[INFO    ] 2017-07-17T10:43:48.393976037Z: Running Test linuxkit.packages.containerd in /tmp/build/test/cases/040_packages/003_containerd
[INFO    ] 2017-07-17T10:43:48.394066044Z: Running command: [/bin/sh -x /tmp/build/test/cases/040_packages/003_containerd/test.sh]
[STDERR  ] 2017-07-17T10:43:48.40875116Z: + set -e
[STDERR  ] 2017-07-17T10:43:48.408765622Z: + . /tmp/build/test/cases/_lib/lib.sh
[STDERR  ] 2017-07-17T10:43:48.40877001Z: + [ -f src/github.com/linuxkit/rtf/lib/lib.sh ]
[STDERR  ] 2017-07-17T10:43:48.408776932Z: + LINUXKIT_TMPDIR=/tmp/build/test/cases/_tmp
[STDERR  ] 2017-07-17T10:43:48.40878568Z: + [ -f /tmp/build/test/cases/_tmp/env.sh ]
[STDERR  ] 2017-07-17T10:43:48.408789093Z: + . /tmp/build/test/cases/_tmp/env.sh
[STDERR  ] 2017-07-17T10:43:48.408814137Z: + export LINUXKIT_EXAMPLES_DIR=/tmp/build/test/cases/../../examples
[STDERR  ] 2017-07-17T10:43:48.408822763Z: + export LINUXKIT_BLUEPRINTS_DIR=/tmp/build/test/cases/../../blueprints
[STDERR  ] 2017-07-17T10:43:48.408841568Z: + RT_CANCEL=253
[STDERR  ] 2017-07-17T10:43:48.408847193Z: + trap clean_up EXIT
[STDERR  ] 2017-07-17T10:43:48.408853076Z: + moby build test-containerd.yml
[STDERR  ] 2017-07-17T10:43:48.420294018Z: Extract kernel image: linuxkit/kernel:4.9.36
[STDERR  ] 2017-07-17T10:43:50.061067992Z: Add init containers:
[STDERR  ] 2017-07-17T10:43:50.061080557Z: Process init image: linuxkit/init:059b2bb4b6efa5c58cf53fed4d0ea863521959fc
[STDERR  ] 2017-07-17T10:43:51.342668049Z: Process init image: linuxkit/runc:4a35484aa6f90a1f06cdf1fb36f7056926a084b9
[STDERR  ] 2017-07-17T10:43:52.575588756Z: Process init image: linuxkit/containerd:b6ffbb669248e3369081a6c4427026aa968a2385
[STDERR  ] 2017-07-17T10:43:54.126484693Z: Process init image: linuxkit/ca-certificates:67acf038c44bb191ebb704ec7bb39a1524052cdf
[STDERR  ] 2017-07-17T10:43:55.360475334Z: Add onboot containers:
[STDERR  ] 2017-07-17T10:43:55.360497116Z:   Create OCI config for linuxkit/sysctl:d1a43c7c91e92374766f962dc8534cf9508756b0
[STDERR  ] 2017-07-17T10:43:56.596602196Z:   Create OCI config for linuxkit/test-containerd:b9b6046f1eb8ed8a15eb70523bc584e7da657baa
[STDERR  ] 2017-07-17T10:43:58.553015528Z: Pull image: docker.io/linuxkit/test-containerd:b9b6046f1eb8ed8a15eb70523bc584e7da657baa@sha256:3d96f286a6b1aaeb483032ef3f298777d07ae3dfa2180b929bc20f8190d082eb
[STDERR  ] 2017-07-17T10:44:16.312601796Z:   Create OCI config for linuxkit/poweroff:bce51402e293da0b653923a43c3c7be6e0effa05
[STDERR  ] 2017-07-17T10:44:17.858457823Z: Create outputs:
[STDERR  ] 2017-07-17T10:44:44.868785074Z:   test-containerd-kernel test-containerd-initrd.img test-containerd-cmdline
[STDERR  ] 2017-07-17T10:44:45.164803055Z: + linuxkit run -mem 2048 test-containerd
[STDERR  ] 2017-07-17T10:44:45.631872443Z: Unable to find qemu-system-x86_64 within the $PATH. Using a container
[STDERR  ] 2017-07-17T10:51:47.443481384Z: + RESULT=[    0.000000] Linux version 4.9.36-linuxkit (root@e1ede117fb1e) (gcc version 6.3.0 (Alpine 6.3.0) ) #1 SMP Wed Jul 12 17:30:01 UTC 2017
[STDERR  ] 2017-07-17T10:51:47.443532886Z: [    0.000000] Command line: console=ttyS0 page_poison=1
[STDERR  ] 2017-07-17T10:51:47.443542784Z: [    0.000000] x86/fpu: Legacy x87 FPU detected.
[STDERR  ] 2017-07-17T10:51:47.443547184Z: [    0.000000] x86/fpu: Using 'eager' FPU context switches.
[STDERR  ] 2017-07-17T10:51:47.44355701Z: [    0.000000] e820: BIOS-provided physical RAM map:
[STDERR  ] 2017-07-17T10:51:47.443577952Z: [    0.000000] BIOS-e820: [mem 0x0000000000000000-0x000000000009fbff] usable
[STDERR  ] 2017-07-17T10:51:47.443583604Z: [    0.000000] BIOS-e820: [mem 0x000000000009fc00-0x000000000009ffff] reserved
[STDERR  ] 2017-07-17T10:51:47.44359636Z: [    0.000000] BIOS-e820: [mem 0x00000000000f0000-0x00000000000fffff] reserved
[STDERR  ] 2017-07-17T10:51:47.44360008Z: [    0.000000] BIOS-e820: [mem 0x0000000000100000-0x000000007ffdefff] usable
[STDERR  ] 2017-07-17T10:51:47.443609887Z: [    0.000000] BIOS-e820: [mem 0x000000007ffdf000-0x000000007fffffff] reserved
[STDERR  ] 2017-07-17T10:51:47.443613345Z: [    0.000000] BIOS-e820: [mem 0x00000000b0000000-0x00000000bfffffff] reserved
[STDERR  ] 2017-07-17T10:51:47.4436349Z: [    0.000000] BIOS-e820: [mem 0x00000000fed1c000-0x00000000fed1ffff] reserved
[STDERR  ] 2017-07-17T10:51:47.443644847Z: [    0.000000] BIOS-e820: [mem 0x00000000fffc0000-0x00000000ffffffff] reserved
[STDERR  ] 2017-07-17T10:51:47.443651674Z: [    0.000000] NX (Execute Disable) protection: active
[STDERR  ] 2017-07-17T10:51:47.443658835Z: [    0.000000] SMBIOS 2.8 present.
[STDERR  ] 2017-07-17T10:51:47.443665532Z: [    0.000000] e820: last_pfn = 0x7ffdf max_arch_pfn = 0x400000000
[STDERR  ] 2017-07-17T10:51:47.4436716Z: [    0.000000] x86/PAT: Configuration [0-7]: WB  WC  UC- UC  WB  WC  UC- WT  
[STDERR  ] 2017-07-17T10:51:47.443684427Z: [    0.000000] found SMP MP-table at [mem 0x000f6aa0-0x000f6aaf] mapped at [ffff8d03400f6aa0]
[STDERR  ] 2017-07-17T10:51:47.451156272Z: [    0.000000] RAMDISK: [mem 0x74ab7000-0x7ffcffff]
[STDERR  ] 2017-07-17T10:51:47.451199783Z: [    0.000000] ACPI: Early table checksum verification disabled
[STDERR  ] 2017-07-17T10:51:47.45120709Z: [    0.000000] ACPI: RSDP 0x00000000000F68C0 000014 (v00 BOCHS )
[STDERR  ] 2017-07-17T10:51:47.451219716Z: [    0.000000] ACPI: RSDT 0x000000007FFE2404 000034 (v01 BOCHS  BXPCRSDT 00000001 BXPC 00000001)
[STDERR  ] 2017-07-17T10:51:47.451225734Z: [    0.000000] ACPI: FACP 0x000000007FFE22A4 000074 (v01 BOCHS  BXPCFACP 00000001 BXPC 00000001)
[STDERR  ] 2017-07-17T10:51:47.451231692Z: [    0.000000] ACPI: DSDT 0x000000007FFE0040 002264 (v01 BOCHS  BXPCDSDT 00000001 BXPC 00000001)
[STDERR  ] 2017-07-17T10:51:47.451235132Z: [    0.000000] ACPI: FACS 0x000000007FFE0000 000040
[STDERR  ] 2017-07-17T10:51:47.451245709Z: [    0.000000] ACPI: APIC 0x000000007FFE2318 000078 (v01 BOCHS  BXPCAPIC 00000001 BXPC 00000001)
[STDERR  ] 2017-07-17T10:51:47.451248846Z: [    0.000000] ACPI: HPET 0x000000007FFE2390 000038 (v01 BOCHS  BXPCHPET 00000001 BXPC 00000001)
[STDERR  ] 2017-07-17T10:51:47.451261439Z: [    0.000000] ACPI: MCFG 0x000000007FFE23C8 00003C (v01 BOCHS  BXPCMCFG 00000001 BXPC 00000001)
[STDERR  ] 2017-07-17T10:51:47.451267722Z: [    0.000000] Zone ranges:
[STDERR  ] 2017-07-17T10:51:47.451274406Z: [    0.000000]   DMA      [mem 0x0000000000001000-0x0000000000ffffff]
[STDERR  ] 2017-07-17T10:51:47.451280932Z: [    0.000000]   DMA32    [mem 0x0000000001000000-0x000000007ffdefff]
[STDERR  ] 2017-07-17T10:51:47.451284193Z: [    0.000000]   Normal   empty
[STDERR  ] 2017-07-17T10:51:47.451293534Z: [    0.000000] Movable zone start for each node
[STDERR  ] 2017-07-17T10:51:47.451299569Z: [    0.000000] Early memory node ranges
[STDERR  ] 2017-07-17T10:51:47.45130245Z: [    0.000000]   node   0: [mem 0x0000000000001000-0x000000000009efff]
[STDERR  ] 2017-07-17T10:51:47.45131101Z: [    0.000000]   node   0: [mem 0x0000000000100000-0x000000007ffdefff]
[STDERR  ] 2017-07-17T10:51:47.451332996Z: [    0.000000] Initmem setup node 0 [mem 0x0000000000001000-0x000000007ffdefff]
[STDERR  ] 2017-07-17T10:51:47.451339193Z: [    0.000000] ACPI: PM-Timer IO Port: 0x608
[STDERR  ] 2017-07-17T10:51:47.451345537Z: [    0.000000] ACPI: LAPIC_NMI (acpi_id[0xff] dfl dfl lint[0x1])
[STDERR  ] 2017-07-17T10:51:47.451351347Z: [    0.000000] IOAPIC[0]: apic_id 0, version 32, address 0xfec00000, GSI 0-23
[STDERR  ] 2017-07-17T10:51:47.451356776Z: [    0.000000] ACPI: INT_SRC_OVR (bus 0 bus_irq 0 global_irq 2 dfl dfl)
[STDERR  ] 2017-07-17T10:51:47.451359793Z: [    0.000000] ACPI: INT_SRC_OVR (bus 0 bus_irq 5 global_irq 5 high level)
[STDERR  ] 2017-07-17T10:51:47.451367986Z: [    0.000000] ACPI: INT_SRC_OVR (bus 0 bus_irq 9 global_irq 9 high level)
[STDERR  ] 2017-07-17T10:51:47.45137854Z: [    0.000000] ACPI: INT_SRC_OVR (bus 0 bus_irq 10 global_irq 10 high level)
[STDERR  ] 2017-07-17T10:51:47.451387207Z: [    0.000000] ACPI: INT_SRC_OVR (bus 0 bus_irq 11 global_irq 11 high level)
[STDERR  ] 2017-07-17T10:51:47.451390169Z: [    0.000000] Using ACPI (MADT) for SMP configuration information
[STDERR  ] 2017-07-17T10:51:47.451396517Z: [    0.000000] ACPI: HPET id: 0x8086a201 base: 0xfed00000
[STDERR  ] 2017-07-17T10:51:47.451405939Z: [    0.000000] smpboot: Allowing 1 CPUs, 0 hotplug CPUs
[STDERR  ] 2017-07-17T10:51:47.451420807Z: [    0.000000] e820: [mem 0xc0000000-0xfed1bfff] available for PCI devices
[STDERR  ] 2017-07-17T10:51:47.451427014Z: [    0.000000] Booting paravirtualized kernel on bare hardware
[STDERR  ] 2017-07-17T10:51:47.451438739Z: [    0.000000] clocksource: refined-jiffies: mask: 0xffffffff max_cycles: 0xffffffff, max_idle_ns: 19112604462750000 ns
[STDERR  ] 2017-07-17T10:51:47.451443962Z: [    0.000000] setup_percpu: NR_CPUS:128 nr_cpumask_bits:128 nr_cpu_ids:1 nr_node_ids:1
[STDERR  ] 2017-07-17T10:51:47.451450423Z: [    0.000000] percpu: Embedded 35 pages/cpu @ffff8d03b4800000 s105176 r8192 d29992 u2097152
[STDERR  ] 2017-07-17T10:51:47.451464252Z: [    0.000000] Built 1 zonelists in Zone order, mobility grouping on.  Total pages: 515944
[STDERR  ] 2017-07-17T10:51:47.451470272Z: [    0.000000] Kernel command line: console=ttyS0 page_poison=1
[STDERR  ] 2017-07-17T10:51:47.451476469Z: [    0.000000] PID hash table entries: 4096 (order: 3, 32768 bytes)
[STDERR  ] 2017-07-17T10:51:47.451479732Z: [    0.000000] Dentry cache hash table entries: 262144 (order: 9, 2097152 bytes)
[STDERR  ] 2017-07-17T10:51:47.451485429Z: [    0.000000] Inode-cache hash table entries: 131072 (order: 8, 1048576 bytes)
[STDERR  ] 2017-07-17T10:51:47.4515063Z: [    0.000000] Memory: 1859384K/2096628K available (8026K kernel code, 1366K rwdata, 2696K rodata, 1380K init, 568K bss, 237244K reserved, 0K cma-reserved)
[STDERR  ] 2017-07-17T10:51:47.451513346Z: [    0.000000] Hierarchical RCU implementation.
[STDERR  ] 2017-07-17T10:51:47.451520447Z: [    0.000000] 	Build-time adjustment of leaf fanout to 64.
[STDERR  ] 2017-07-17T10:51:47.451523564Z: [    0.000000] 	RCU restricting CPUs from NR_CPUS=128 to nr_cpu_ids=1.
[STDERR  ] 2017-07-17T10:51:47.451534594Z: [    0.000000] RCU: Adjusting geometry for rcu_fanout_leaf=64, nr_cpu_ids=1
[STDERR  ] 2017-07-17T10:51:47.45153736Z: [    0.000000] NR_IRQS:8448 nr_irqs:256 16
[STDERR  ] 2017-07-17T10:51:47.451546554Z: [    0.000000] Console: colour VGA+ 80x25
[STDERR  ] 2017-07-17T10:51:47.451549619Z: [    0.000000] console [ttyS0] enabled
[STDERR  ] 2017-07-17T10:51:47.451558037Z: [    0.000000] allocated 4194304 bytes of page_ext
[STDERR  ] 2017-07-17T10:51:47.451560749Z: [    0.000000] clocksource: hpet: mask: 0xffffffff max_cycles: 0xffffffff, max_idle_ns: 19112604467 ns
[STDERR  ] 2017-07-17T10:51:47.45157006Z: [    0.000000] tsc: Fast TSC calibration using PIT
[STDERR  ] 2017-07-17T10:51:47.451576104Z: [    0.000000] tsc: Detected 2600.001 MHz processor
[STDERR  ] 2017-07-17T10:51:47.451583233Z: [    0.021561] Calibrating delay loop (skipped), value calculated using timer frequency.. 5200.00 BogoMIPS (lpj=26000010)
[STDERR  ] 2017-07-17T10:51:47.45158926Z: [    0.022784] pid_max: default: 32768 minimum: 301
[STDERR  ] 2017-07-17T10:51:47.451594786Z: [    0.023943] ACPI: Core revision 20160831
[STDERR  ] 2017-07-17T10:51:47.451597632Z: [    0.066165] ACPI: 1 ACPI AML tables successfully acquired and loaded
[STDERR  ] 2017-07-17T10:51:47.451602969Z: [    0.071285] Security Framework initialized
[STDERR  ] 2017-07-17T10:51:47.451611184Z: [    0.071718] Yama: becoming mindful.
[STDERR  ] 2017-07-17T10:51:47.451614036Z: [    0.073761] Mount-cache hash table entries: 4096 (order: 3, 32768 bytes)
[STDERR  ] 2017-07-17T10:51:47.451623169Z: [    0.074371] Mountpoint-cache hash table entries: 4096 (order: 3, 32768 bytes)
[STDERR  ] 2017-07-17T10:51:47.4516261Z: [    0.093910] Last level iTLB entries: 4KB 0, 2MB 0, 4MB 0
[STDERR  ] 2017-07-17T10:51:47.451636369Z: [    0.094485] Last level dTLB entries: 4KB 0, 2MB 0, 4MB 0, 1GB 0
[STDERR  ] 2017-07-17T10:51:47.451641782Z: [    0.392447] Freeing SMP alternatives memory: 20K (ffffffffb5eb0000 - ffffffffb5eb5000)
[STDERR  ] 2017-07-17T10:51:47.451647287Z: [    0.403069] ftrace: allocating 35489 entries in 139 pages
[STDERR  ] 2017-07-17T10:51:47.451654736Z: [    0.568096] smpboot: Max logical packages: 1
[STDERR  ] 2017-07-17T10:51:47.451660444Z: [    0.575364] ..TIMER: vector=0x30 apic1=0 pin1=2 apic2=-1 pin2=-1
[STDERR  ] 2017-07-17T10:51:47.451670469Z: [    0.680000] smpboot: CPU0: AMD QEMU Virtual CPU version 2.5+ (family: 0x6, model: 0x6, stepping: 0x3)
[STDERR  ] 2017-07-17T10:51:47.451676786Z: [    0.680000] Performance Events: PMU not available due to virtualization, using software events only.
[STDERR  ] 2017-07-17T10:51:47.451682634Z: [    0.689106] NMI watchdog: disabled (cpu0): hardware events not enabled
[STDERR  ] 2017-07-17T10:51:47.451690473Z: [    0.689712] NMI watchdog: Shutting down hard lockup detector on all cpus
[STDERR  ] 2017-07-17T10:51:47.45169594Z: [    0.693534] x86: Booted up 1 node, 1 CPUs
[STDERR  ] 2017-07-17T10:51:47.451704644Z: [    0.694025] smpboot: Total of 1 processors activated (5200.00 BogoMIPS)
[STDERR  ] 2017-07-17T10:51:47.451707467Z: [    0.709532] devtmpfs: initialized
[STDERR  ] 2017-07-17T10:51:47.451720827Z: [    0.716511] x86/mm: Memory block size: 128MB
[STDERR  ] 2017-07-17T10:51:47.45172972Z: [    0.785274] clocksource: jiffies: mask: 0xffffffff max_cycles: 0xffffffff, max_idle_ns: 19112604462750000 ns
[STDERR  ] 2017-07-17T10:51:47.451732545Z: [    0.786282] futex hash table entries: 256 (order: 2, 16384 bytes)
[STDERR  ] 2017-07-17T10:51:47.451741485Z: [    0.796678] NET: Registered protocol family 16
[STDERR  ] 2017-07-17T10:51:47.451744425Z: [    0.806244] cpuidle: using governor ladder
[STDERR  ] 2017-07-17T10:51:47.451753024Z: [    0.806733] cpuidle: using governor menu
[STDERR  ] 2017-07-17T10:51:47.451755751Z: [    0.807970] ACPI: bus type PCI registered
[STDERR  ] 2017-07-17T10:51:47.451764137Z: [    0.812511] PCI: MMCONFIG for domain 0000 [bus 00-ff] at [mem 0xb0000000-0xbfffffff] (base 0xb0000000)
[STDERR  ] 2017-07-17T10:51:47.451767304Z: [    0.813337] PCI: MMCONFIG at [mem 0xb0000000-0xbfffffff] reserved in E820
[STDERR  ] 2017-07-17T10:51:47.451775474Z: [    0.814755] PCI: Using configuration type 1 for base access
[STDERR  ] 2017-07-17T10:51:47.451778227Z: [    0.872532] HugeTLB registered 2 MB page size, pre-allocated 0 pages
[STDERR  ] 2017-07-17T10:51:47.451788221Z: [    0.887232] ACPI: Added _OSI(Module Device)
[STDERR  ] 2017-07-17T10:51:47.451791217Z: [    0.887598] ACPI: Added _OSI(Processor Device)
[STDERR  ] 2017-07-17T10:51:47.451796753Z: [    0.887980] ACPI: Added _OSI(3.0 _SCP Extensions)
[STDERR  ] 2017-07-17T10:51:47.451805226Z: [    0.888259] ACPI: Added _OSI(Processor Aggregator Device)
[STDERR  ] 2017-07-17T10:51:47.451811734Z: [    0.960309] ACPI: Interpreter enabled
[STDERR  ] 2017-07-17T10:51:47.45181471Z: [    0.961340] ACPI: (supports S0 S5)
[STDERR  ] 2017-07-17T10:51:47.451820706Z: [    0.961696] ACPI: Using IOAPIC for interrupt routing
[STDERR  ] 2017-07-17T10:51:47.45183051Z: [    0.964514] PCI: Using host bridge windows from ACPI; if necessary, use "pci=nocrs" and report a bug
[STDERR  ] 2017-07-17T10:51:47.451837966Z: [    1.028468] ACPI: PCI Root Bridge [PCI0] (domain 0000 [bus 00-ff])
[STDERR  ] 2017-07-17T10:51:47.451843771Z: [    1.029652] acpi PNP0A08:00: _OSC: OS supports [ExtendedConfig ASPM ClockPM Segments MSI]
[STDERR  ] 2017-07-17T10:51:47.451849628Z: [    1.036355] acpi PNP0A08:00: _OSC: OS now controls [PCIeHotplug PME PCIeCapability]
[STDERR  ] 2017-07-17T10:51:47.451855141Z: [    1.040826] PCI host bridge to bus 0000:00
[STDERR  ] 2017-07-17T10:51:47.451857883Z: [    1.041292] pci_bus 0000:00: root bus resource [io  0x0000-0x0cf7 window]
[STDERR  ] 2017-07-17T10:51:47.451865993Z: [    1.041801] pci_bus 0000:00: root bus resource [io  0x0d00-0xffff window]
[STDERR  ] 2017-07-17T10:51:47.451871381Z: [    1.042278] pci_bus 0000:00: root bus resource [mem 0x000a0000-0x000bffff window]
[STDERR  ] 2017-07-17T10:51:47.451874117Z: [    1.042803] pci_bus 0000:00: root bus resource [mem 0xc0000000-0xfebfffff window]
[STDERR  ] 2017-07-17T10:51:47.451882558Z: [    1.043478] pci_bus 0000:00: root bus resource [bus 00-ff]
[STDERR  ] 2017-07-17T10:51:47.451888123Z: [    1.134300] pci 0000:00:1f.0: quirk: [io  0x0600-0x067f] claimed by ICH6 ACPI/GPIO/TCO
[STDERR  ] 2017-07-17T10:51:47.451891296Z: [    1.193213] ACPI: PCI Interrupt Link [LNKA] (IRQs 5 *10 11)
[STDERR  ] 2017-07-17T10:51:47.451900373Z: [    1.196245] ACPI: PCI Interrupt Link [LNKB] (IRQs 5 *10 11)
[STDERR  ] 2017-07-17T10:51:47.451909104Z: [    1.198537] ACPI: PCI Interrupt Link [LNKC] (IRQs 5 10 *11)
[STDERR  ] 2017-07-17T10:51:47.451912198Z: [    1.200727] ACPI: PCI Interrupt Link [LNKD] (IRQs 5 10 *11)
[STDERR  ] 2017-07-17T10:51:47.451919166Z: [    1.202652] ACPI: PCI Interrupt Link [LNKE] (IRQs 5 *10 11)
[STDERR  ] 2017-07-17T10:51:47.451928067Z: [    1.204518] ACPI: PCI Interrupt Link [LNKF] (IRQs 5 *10 11)
[STDERR  ] 2017-07-17T10:51:47.451934971Z: [    1.206448] ACPI: PCI Interrupt Link [LNKG] (IRQs 5 10 *11)
[STDERR  ] 2017-07-17T10:51:47.451944867Z: [    1.208308] ACPI: PCI Interrupt Link [LNKH] (IRQs 5 10 *11)
[STDERR  ] 2017-07-17T10:51:47.451947968Z: [    1.209321] ACPI: PCI Interrupt Link [GSIA] (IRQs *16)
[STDERR  ] 2017-07-17T10:51:47.451958166Z: [    1.210579] ACPI: PCI Interrupt Link [GSIB] (IRQs *17)
[STDERR  ] 2017-07-17T10:51:47.451961174Z: [    1.211399] ACPI: PCI Interrupt Link [GSIC] (IRQs *18)
[STDERR  ] 2017-07-17T10:51:47.451969538Z: [    1.212187] ACPI: PCI Interrupt Link [GSID] (IRQs *19)
[STDERR  ] 2017-07-17T10:51:47.451975111Z: [    1.212984] ACPI: PCI Interrupt Link [GSIE] (IRQs *20)
[STDERR  ] 2017-07-17T10:51:47.451980741Z: [    1.213822] ACPI: PCI Interrupt Link [GSIF] (IRQs *21)
[STDERR  ] 2017-07-17T10:51:47.451983783Z: [    1.214567] ACPI: PCI Interrupt Link [GSIG] (IRQs *22)
[STDERR  ] 2017-07-17T10:51:47.451991796Z: [    1.215377] ACPI: PCI Interrupt Link [GSIH] (IRQs *23)
[STDERR  ] 2017-07-17T10:51:47.451994681Z: [    1.219264] ACPI: Enabled 2 GPEs in block 00 to 3F
[STDERR  ] 2017-07-17T10:51:47.452002987Z: [    1.223873] SCSI subsystem initialized
[STDERR  ] 2017-07-17T10:51:47.452011554Z: [    1.225941] ACPI: bus type USB registered
[STDERR  ] 2017-07-17T10:51:47.452017594Z: [    1.227130] usbcore: registered new interface driver usbfs
[STDERR  ] 2017-07-17T10:51:47.452024381Z: [    1.228076] usbcore: registered new interface driver hub
[STDERR  ] 2017-07-17T10:51:47.452030144Z: [    1.228984] usbcore: registered new device driver usb
[STDERR  ] 2017-07-17T10:51:47.452035594Z: [    1.230473] pps_core: LinuxPPS API ver. 1 registered
[STDERR  ] 2017-07-17T10:51:47.452041471Z: [    1.230831] pps_core: Software ver. 5.3.6 - Copyright 2005-2007 Rodolfo Giometti <giometti@linux.it>
[STDERR  ] 2017-07-17T10:51:47.452047426Z: [    1.231563] PTP clock support registered
[STDERR  ] 2017-07-17T10:51:47.452053447Z: [    1.232875] wmi: Mapper loaded
[STDERR  ] 2017-07-17T10:51:47.452059218Z: [    1.234167] PCI: Using ACPI for IRQ routing
[STDERR  ] 2017-07-17T10:51:47.452062336Z: [    1.253438] NetLabel: Initializing
[STDERR  ] 2017-07-17T10:51:47.452070377Z: [    1.253718] NetLabel:  domain hash size = 128
[STDERR  ] 2017-07-17T10:51:47.452075871Z: [    1.254125] NetLabel:  protocols = UNLABELED CIPSOv4
[STDERR  ] 2017-07-17T10:51:47.452081596Z: [    1.256961] NetLabel:  unlabeled traffic allowed by default
[STDERR  ] 2017-07-17T10:51:47.452084428Z: [    1.258278] HPET: 3 timers in total, 0 timers will be used for per-cpu timer
[STDERR  ] 2017-07-17T10:51:47.452094188Z: [    1.259110] hpet0: at MMIO 0xfed00000, IRQs 2, 8, 0
[STDERR  ] 2017-07-17T10:51:47.452102138Z: [    1.259720] hpet0: 3 comparators, 64-bit 100.000000 MHz counter
[STDERR  ] 2017-07-17T10:51:47.452105131Z: [    1.267029] clocksource: Switched to clocksource hpet
[STDERR  ] 2017-07-17T10:51:47.452115161Z: [    1.515307] VFS: Disk quotas dquot_6.6.0
[STDERR  ] 2017-07-17T10:51:47.452122797Z: [    1.516234] VFS: Dquot-cache hash table entries: 512 (order 0, 4096 bytes)
[STDERR  ] 2017-07-17T10:51:47.452125864Z: [    1.520527] FS-Cache: Loaded
[STDERR  ] 2017-07-17T10:51:47.452134783Z: [    1.525649] CacheFiles: Loaded
[STDERR  ] 2017-07-17T10:51:47.452140371Z: [    1.527415] pnp: PnP ACPI init
[STDERR  ] 2017-07-17T10:51:47.452146231Z: [    1.538997] pnp: PnP ACPI: found 5 devices
[STDERR  ] 2017-07-17T10:51:47.452157118Z: [    1.588684] clocksource: acpi_pm: mask: 0xffffff max_cycles: 0xffffff, max_idle_ns: 2085701024 ns
[STDERR  ] 2017-07-17T10:51:47.452166718Z: [    1.592938] NET: Registered protocol family 2
[STDERR  ] 2017-07-17T10:51:47.452172278Z: [    1.600607] TCP established hash table entries: 16384 (order: 5, 131072 bytes)
[STDERR  ] 2017-07-17T10:51:47.452175273Z: [    1.601583] TCP bind hash table entries: 16384 (order: 6, 262144 bytes)
[STDERR  ] 2017-07-17T10:51:47.452182401Z: [    1.602854] TCP: Hash tables configured (established 16384 bind 16384)
[STDERR  ] 2017-07-17T10:51:47.452191184Z: [    1.604362] UDP hash table entries: 1024 (order: 3, 32768 bytes)
[STDERR  ] 2017-07-17T10:51:47.452196903Z: [    1.604995] UDP-Lite hash table entries: 1024 (order: 3, 32768 bytes)
[STDERR  ] 2017-07-17T10:51:47.452208387Z: [    1.607465] NET: Registered protocol family 1
[STDERR  ] 2017-07-17T10:51:47.452214231Z: [    1.608435] pci 0000:00:01.0: Video device with shadowed ROM at [mem 0x000c0000-0x000dffff]
[STDERR  ] 2017-07-17T10:51:47.452220027Z: [    1.615814] Unpacking initramfs...
[STDERR  ] 2017-07-17T10:51:47.452225766Z: [   23.596511] Freeing initrd memory: 185444K (ffff8d03b4ab7000 - ffff8d03bffd0000)
[STDERR  ] 2017-07-17T10:51:47.452231608Z: [   23.621689] PCLMULQDQ-NI instructions are not detected.
[STDERR  ] 2017-07-17T10:51:47.452237581Z: [   23.623278] AVX or AES-NI instructions are not detected.
[STDERR  ] 2017-07-17T10:51:47.452243411Z: [   23.623763] CPU feature 'AVX registers' is not supported.
[STDERR  ] 2017-07-17T10:51:47.452248817Z: [   23.624266] CPU feature 'AVX registers' is not supported.
[STDERR  ] 2017-07-17T10:51:47.452254336Z: [   23.624724] CPU feature 'AVX registers' is not supported.
[STDERR  ] 2017-07-17T10:51:47.452261324Z: [   23.625170] CPU feature 'AVX registers' is not supported.
[STDERR  ] 2017-07-17T10:51:47.452267076Z: [   23.625665] AVX2 or AES-NI instructions are not detected.
[STDERR  ] 2017-07-17T10:51:47.452270916Z: [   23.626149] AVX2 instructions are not detected.
[STDERR  ] 2017-07-17T10:51:47.452276533Z: [   23.636141] audit: initializing netlink subsys (disabled)
[STDERR  ] 2017-07-17T10:51:47.452288688Z: [   23.637860] audit: type=2000 audit(1500288312.630:1): initialized
[STDERR  ] 2017-07-17T10:51:47.452297892Z: [   23.645706] workingset: timestamp_bits=46 max_order=19 bucket_order=0
[STDERR  ] 2017-07-17T10:51:47.452303353Z: [   23.655175] FS-Cache: Netfs 'cifs' registered for caching
[STDERR  ] 2017-07-17T10:51:47.452309144Z: [   23.656265] fuse init (API version 7.26)
[STDERR  ] 2017-07-17T10:51:47.452314886Z: [   23.658806] SGI XFS with ACLs, security attributes, no debug enabled
[STDERR  ] 2017-07-17T10:51:47.452320427Z: [   23.663168] 9p: Installing v9fs 9p2000 file system support
[STDERR  ] 2017-07-17T10:51:47.452325954Z: [   23.663700] FS-Cache: Netfs '9p' registered for caching
[STDERR  ] 2017-07-17T10:51:47.452328951Z: [   23.697097] NET: Registered protocol family 38
[STDERR  ] 2017-07-17T10:51:47.452338077Z: [   23.697743] Key type asymmetric registered
[STDERR  ] 2017-07-17T10:51:47.452343601Z: [   23.698117] Asymmetric key parser 'x509' registered
[STDERR  ] 2017-07-17T10:51:47.452346246Z: [   23.699239] Block layer SCSI generic (bsg) driver version 0.4 loaded (major 251)
[STDERR  ] 2017-07-17T10:51:47.452355028Z: [   23.701882] io scheduler noop registered
[STDERR  ] 2017-07-17T10:51:47.452360501Z: [   23.702271] io scheduler deadline registered (default)
[STDERR  ] 2017-07-17T10:51:47.452365762Z: [   23.703054] io scheduler cfq registered
[STDERR  ] 2017-07-17T10:51:47.452376336Z: [   23.705884] pci_hotplug: PCI Hot Plug PCI Core version: 0.5
[STDERR  ] 2017-07-17T10:51:47.452379398Z: [   23.706533] pciehp: PCI Express Hot Plug Controller Driver version: 0.4
[STDERR  ] 2017-07-17T10:51:47.452384773Z: [   23.707460] shpchp: Standard Hot Plug PCI Controller Driver version: 0.4
[STDERR  ] 2017-07-17T10:51:47.452392752Z: [   23.708246] hv_vmbus: registering driver hyperv_fb
[STDERR  ] 2017-07-17T10:51:47.452398038Z: [   23.713087] input: Power Button as /devices/LNXSYSTM:00/LNXPWRBN:00/input/input0
[STDERR  ] 2017-07-17T10:51:47.452406924Z: [   23.714269] ACPI: Power Button [PWRF]
[STDERR  ] 2017-07-17T10:51:47.452412318Z: [   23.719242] GHES: HEST is not enabled!
[STDERR  ] 2017-07-17T10:51:47.452419217Z: [   23.730022] ACPI: PCI Interrupt Link [GSIH] enabled at IRQ 23
[STDERR  ] 2017-07-17T10:51:47.452424828Z: [   23.737338] xenfs: not registering filesystem on non-xen platform
[STDERR  ] 2017-07-17T10:51:47.452427641Z: [   23.739435] Serial: 8250/16550 driver, 4 ports, IRQ sharing disabled
[STDERR  ] 2017-07-17T10:51:47.452435906Z: [   23.764629] 00:04: ttyS0 at I/O 0x3f8 (irq = 4, base_baud = 115200) is a 16550A
[STDERR  ] 2017-07-17T10:51:47.452441222Z: [   23.777258] Non-volatile memory driver v1.3
[STDERR  ] 2017-07-17T10:51:47.452444072Z: [   23.785558] Hangcheck: starting hangcheck timer 0.9.1 (tick is 180 seconds, margin is 60 seconds).
[STDERR  ] 2017-07-17T10:51:47.452457982Z: [   23.826657] loop: module loaded
[STDERR  ] 2017-07-17T10:51:47.452460797Z: [   23.843494] nbd: registered device at major 43
[STDERR  ] 2017-07-17T10:51:47.452468842Z: [   23.895106] lpc_ich 0000:00:1f.0: I/O space for GPIO uninitialized
[STDERR  ] 2017-07-17T10:51:47.452474217Z: [   23.897530] VMware PVSCSI driver - version 1.0.7.0-k
[STDERR  ] 2017-07-17T10:51:47.452477024Z: [   23.898486] hv_vmbus: registering driver hv_storvsc
[STDERR  ] 2017-07-17T10:51:47.452485254Z: [   23.909126] ACPI: PCI Interrupt Link [GSIA] enabled at IRQ 16
[STDERR  ] 2017-07-17T10:51:47.452490726Z: [   23.915924] ahci 0000:00:1f.2: AHCI 0001.0000 32 slots 6 ports 1.5 Gbps 0x3f impl SATA mode
[STDERR  ] 2017-07-17T10:51:47.452496313Z: [   23.916737] ahci 0000:00:1f.2: flags: 64bit ncq only 
[STDERR  ] 2017-07-17T10:51:47.452502258Z: [   23.937762] scsi host0: ahci
[STDERR  ] 2017-07-17T10:51:47.452507662Z: [   23.943426] scsi host1: ahci
[STDERR  ] 2017-07-17T10:51:47.452516374Z: [   23.947050] scsi host2: ahci
[STDERR  ] 2017-07-17T10:51:47.452521823Z: [   23.949798] scsi host3: ahci
[STDERR  ] 2017-07-17T10:51:47.452524673Z: [   23.952411] scsi host4: ahci
[STDERR  ] 2017-07-17T10:51:47.452532883Z: [   23.954826] scsi host5: ahci
[STDERR  ] 2017-07-17T10:51:47.452538454Z: [   23.956704] ata1: SATA max UDMA/133 abar m4096@0xfebf1000 port 0xfebf1100 irq 24
[STDERR  ] 2017-07-17T10:51:47.452543067Z: [   23.957230] ata2: SATA max UDMA/133 abar m4096@0xfebf1000 port 0xfebf1180 irq 24
[STDERR  ] 2017-07-17T10:51:47.452551456Z: [   23.957737] ata3: SATA max UDMA/133 abar m4096@0xfebf1000 port 0xfebf1200 irq 24
[STDERR  ] 2017-07-17T10:51:47.452557087Z: [   23.958226] ata4: SATA max UDMA/133 abar m4096@0xfebf1000 port 0xfebf1280 irq 24
[STDERR  ] 2017-07-17T10:51:47.452562702Z: [   23.958692] ata5: SATA max UDMA/133 abar m4096@0xfebf1000 port 0xfebf1300 irq 24
[STDERR  ] 2017-07-17T10:51:47.452568201Z: [   23.959120] ata6: SATA max UDMA/133 abar m4096@0xfebf1000 port 0xfebf1380 irq 24
[STDERR  ] 2017-07-17T10:51:47.452574899Z: [   23.975355] tun: Universal TUN/TAP device driver, 1.6
[STDERR  ] 2017-07-17T10:51:47.452580539Z: [   23.975952] tun: (C) 1999-2004 Max Krasnyansky <maxk@qualcomm.com>
[STDERR  ] 2017-07-17T10:51:47.452583353Z: [   23.978531] VMware vmxnet3 virtual NIC driver - version 1.4.a.0-k-NAPI
[STDERR  ] 2017-07-17T10:51:47.452591904Z: [   23.979563] hv_vmbus: registering driver hv_netvsc
[STDERR  ] 2017-07-17T10:51:47.452600287Z: [   23.979954] Fusion MPT base driver 3.04.20
[STDERR  ] 2017-07-17T10:51:47.452605854Z: [   23.980674] Copyright (c) 1999-2008 LSI Corporation
[STDERR  ] 2017-07-17T10:51:47.452611437Z: [   23.981490] Fusion MPT SPI Host driver 3.04.20
[STDERR  ] 2017-07-17T10:51:47.452617071Z: [   23.983639] i8042: PNP: PS/2 Controller [PNP0303:KBD,PNP0f13:MOU] at 0x60,0x64 irq 1,12
[STDERR  ] 2017-07-17T10:51:47.452622889Z: [   23.987619] serio: i8042 KBD port at 0x60,0x64 irq 1
[STDERR  ] 2017-07-17T10:51:47.452625791Z: [   23.988344] serio: i8042 AUX port at 0x60,0x64 irq 12
[STDERR  ] 2017-07-17T10:51:47.452633462Z: [   23.991904] hv_vmbus: registering driver hyperv_keyboard
[STDERR  ] 2017-07-17T10:51:47.452641511Z: [   23.994130] mousedev: PS/2 mouse device common for all mice
[STDERR  ] 2017-07-17T10:51:47.452652422Z: [   23.998903] input: AT Translated Set 2 keyboard as /devices/platform/i8042/serio0/input/input1
[STDERR  ] 2017-07-17T10:51:47.452658111Z: [   24.001764] input: PC Speaker as /devices/platform/pcspkr/input/input2
[STDERR  ] 2017-07-17T10:51:47.452665102Z: [   24.006461] rtc_cmos 00:00: RTC can wake from S4
[STDERR  ] 2017-07-17T10:51:47.452670647Z: [   24.011027] rtc_cmos 00:00: rtc core: registered rtc_cmos as rtc0
[STDERR  ] 2017-07-17T10:51:47.452676096Z: [   24.012309] rtc_cmos 00:00: alarms up to one day, y3k, 114 bytes nvram, hpet irqs
[STDERR  ] 2017-07-17T10:51:47.452679319Z: [   24.013109] i2c /dev entries driver
[STDERR  ] 2017-07-17T10:51:47.452691732Z: [   24.015149] device-mapper: ioctl: 4.35.0-ioctl (2016-06-23) initialised: dm-devel@redhat.com
[STDERR  ] 2017-07-17T10:51:47.452694829Z: [   24.019905] usbcore: registered new interface driver usbhid
[STDERR  ] 2017-07-17T10:51:47.452704612Z: [   24.020811] usbhid: USB HID core driver
[STDERR  ] 2017-07-17T10:51:47.452710172Z: [   24.021662] hv_utils: Registering HyperV Utility Driver
[STDERR  ] 2017-07-17T10:51:47.452716027Z: [   24.022081] hv_vmbus: registering driver hv_util
[STDERR  ] 2017-07-17T10:51:47.452721844Z: [   24.022434] hv_vmbus: registering driver hv_balloon
[STDERR  ] 2017-07-17T10:51:47.452727517Z: [   24.023088] oprofile: using NMI interrupt.
[STDERR  ] 2017-07-17T10:51:47.452734446Z: [   24.024262] GACT probability on
[STDERR  ] 2017-07-17T10:51:47.452740251Z: [   24.024946] Mirror/redirect action on
[STDERR  ] 2017-07-17T10:51:47.452745722Z: [   24.025843] Simple TC action Loaded
[STDERR  ] 2017-07-17T10:51:47.452752532Z: [   24.026421] u32 classifier
[STDERR  ] 2017-07-17T10:51:47.452759196Z: [   24.026701]     Performance counters on
[STDERR  ] 2017-07-17T10:51:47.452765116Z: [   24.027003]     input device check on
[STDERR  ] 2017-07-17T10:51:47.452770596Z: [   24.027273]     Actions configured
[STDERR  ] 2017-07-17T10:51:47.452775982Z: [   24.028111] Netfilter messages via NETLINK v0.30.
[STDERR  ] 2017-07-17T10:51:47.452781344Z: [   24.028737] nfnl_acct: registering with nfnetlink.
[STDERR  ] 2017-07-17T10:51:47.452786684Z: [   24.030641] nf_conntrack version 0.5.0 (16384 buckets, 65536 max)
[STDERR  ] 2017-07-17T10:51:47.452792224Z: [   24.033593] ctnetlink v0.93: registering with nfnetlink.
[STDERR  ] 2017-07-17T10:51:47.452797662Z: [   24.036667] nf_tables: (c) 2007-2009 Patrick McHardy <kaber@trash.net>
[STDERR  ] 2017-07-17T10:51:47.452800514Z: [   24.037523] nf_tables_compat: (c) 2012 Pablo Neira Ayuso <pablo@netfilter.org>
[STDERR  ] 2017-07-17T10:51:47.452808604Z: [   24.039946] xt_time: kernel timezone is -0000
[STDERR  ] 2017-07-17T10:51:47.452811394Z: [   24.041099] ip_set: protocol 6
[STDERR  ] 2017-07-17T10:51:47.452819652Z: [   24.041786] IPVS: Registered protocols (TCP, UDP, SCTP, AH, ESP)
[STDERR  ] 2017-07-17T10:51:47.452825016Z: [   24.042424] IPVS: Connection hash table configured (size=4096, memory=64Kbytes)
[STDERR  ] 2017-07-17T10:51:47.452827894Z: [   24.044333] IPVS: Creating netns size=2104 id=0
[STDERR  ] 2017-07-17T10:51:47.452833221Z: [   24.046993] IPVS: ipvs loaded.
[STDERR  ] 2017-07-17T10:51:47.452841369Z: [   24.047373] IPVS: [rr] scheduler registered.
[STDERR  ] 2017-07-17T10:51:47.452844221Z: [   24.047740] IPVS: [wrr] scheduler registered.
[STDERR  ] 2017-07-17T10:51:47.452852244Z: [   24.048052] IPVS: [lc] scheduler registered.
[STDERR  ] 2017-07-17T10:51:47.452857592Z: [   24.048332] IPVS: [wlc] scheduler registered.
[STDERR  ] 2017-07-17T10:51:47.452864304Z: [   24.048628] IPVS: [fo] scheduler registered.
[STDERR  ] 2017-07-17T10:51:47.452869754Z: [   24.048912] IPVS: [ovf] scheduler registered.
[STDERR  ] 2017-07-17T10:51:47.452875121Z: [   24.049430] IPVS: [lblc] scheduler registered.
[STDERR  ] 2017-07-17T10:51:47.452881379Z: [   24.049900] IPVS: [lblcr] scheduler registered.
[STDERR  ] 2017-07-17T10:51:47.452884014Z: [   24.050982] IPVS: [dh] scheduler registered.
[STDERR  ] 2017-07-17T10:51:47.452895541Z: [   24.051270] IPVS: [sh] scheduler registered.
[STDERR  ] 2017-07-17T10:51:47.452900882Z: [   24.051571] IPVS: [sed] scheduler registered.
[STDERR  ] 2017-07-17T10:51:47.452906281Z: [   24.051877] IPVS: [nq] scheduler registered.
[STDERR  ] 2017-07-17T10:51:47.452911562Z: [   24.052610] IPVS: ftp: loaded support on port[0] = 21
[STDERR  ] 2017-07-17T10:51:47.452914361Z: [   24.053503] ipip: IPv4 and MPLS over IPv4 tunneling driver
[STDERR  ] 2017-07-17T10:51:47.452922129Z: [   24.058048] gre: GRE over IPv4 demultiplexor driver
[STDERR  ] 2017-07-17T10:51:47.452927389Z: [   24.061359] ip_tables: (C) 2000-2006 Netfilter Core Team
[STDERR  ] 2017-07-17T10:51:47.452930184Z: [   24.064511] ipt_CLUSTERIP: ClusterIP Version 0.8 loaded successfully
[STDERR  ] 2017-07-17T10:51:47.452941449Z: [   24.065271] arp_tables: arp_tables: (C) 2002 David S. Miller
[STDERR  ] 2017-07-17T10:51:47.452946999Z: [   24.067635] NET: Registered protocol family 10
[STDERR  ] 2017-07-17T10:51:47.452954044Z: [   24.076764] ip6_tables: (C) 2000-2006 Netfilter Core Team
[STDERR  ] 2017-07-17T10:51:47.452959454Z: [   24.085503] NET: Registered protocol family 17
[STDERR  ] 2017-07-17T10:51:47.452964809Z: [   24.086737] Bridge firewalling registered
[STDERR  ] 2017-07-17T10:51:47.452970327Z: [   24.087263] Ebtables v2.0 registered
[STDERR  ] 2017-07-17T10:51:47.452975867Z: [   24.089241] 8021q: 802.1Q VLAN Support v1.8
[STDERR  ] 2017-07-17T10:51:47.452982567Z: [   24.091110] 9pnet: Installing 9P2000 support
[STDERR  ] 2017-07-17T10:51:47.452987914Z: [   24.092695] Key type dns_resolver registered
[STDERR  ] 2017-07-17T10:51:47.452990887Z: [   24.093564] microcode: AMD CPU family 0x6 not supported
[STDERR  ] 2017-07-17T10:51:47.452998897Z: [   24.097295] registered taskstats version 1
[STDERR  ] 2017-07-17T10:51:47.453007951Z: [   24.292740] ata2: SATA link down (SStatus 0 SControl 300)
[STDERR  ] 2017-07-17T10:51:47.453010892Z: [   24.295703] ata1: SATA link down (SStatus 0 SControl 300)
[STDERR  ] 2017-07-17T10:51:47.453019094Z: [   24.302895] ata6: SATA link down (SStatus 0 SControl 300)
[STDERR  ] 2017-07-17T10:51:47.453024386Z: [   24.303558] ata5: SATA link down (SStatus 0 SControl 300)
[STDERR  ] 2017-07-17T10:51:47.453031231Z: [   24.304109] ata4: SATA link down (SStatus 0 SControl 300)
[STDERR  ] 2017-07-17T10:51:47.453036771Z: [   24.304934] ata3: SATA link up 1.5 Gbps (SStatus 113 SControl 300)
[STDERR  ] 2017-07-17T10:51:47.453042437Z: [   24.308431] ata3.00: ATAPI: QEMU DVD-ROM, 2.5+, max UDMA/100
[STDERR  ] 2017-07-17T10:51:47.453047954Z: [   24.309001] ata3.00: applying bridge limits
[STDERR  ] 2017-07-17T10:51:47.453050851Z: [   24.321410] ata3.00: configured for UDMA/100
[STDERR  ] 2017-07-17T10:51:47.453056144Z: [   24.341790] scsi 2:0:0:0: CD-ROM            QEMU     QEMU DVD-ROM     2.5+ PQ: 0 ANSI: 5
[STDERR  ] 2017-07-17T10:51:47.453064552Z: [   24.350706] Key type big_key registered
[STDERR  ] 2017-07-17T10:51:47.453070861Z: [   24.363770] sr 2:0:0:0: [sr0] scsi3-mmc drive: 4x/4x cd/rw xa/form2 tray
[STDERR  ] 2017-07-17T10:51:47.453076324Z: [   24.364499] cdrom: Uniform CD-ROM driver Revision: 3.20
[STDERR  ] 2017-07-17T10:51:47.453081695Z: [   24.380894] sr 2:0:0:0: Attached scsi generic sg0 type 5
[STDERR  ] 2017-07-17T10:51:47.453087157Z: [   24.423598] Key type encrypted registered
[STDERR  ] 2017-07-17T10:51:47.453092815Z: [   24.429613] rtc_cmos 00:00: setting system clock to 2017-07-17 10:45:14 UTC (1500288314)
[STDERR  ] 2017-07-17T10:51:47.453098372Z: [   24.578457] Freeing unused kernel memory: 1380K (ffffffffb5d57000 - ffffffffb5eb0000)
[STDERR  ] 2017-07-17T10:51:47.453104115Z: [   24.578840] Write protecting the kernel read-only data: 12288k
[STDERR  ] 2017-07-17T10:51:47.453127095Z: [   24.586771] Freeing unused kernel memory: 152K (ffff8d03677da000 - ffff8d0367800000)
[STDERR  ] 2017-07-17T10:51:47.453132843Z: [   24.708292] Freeing unused kernel memory: 1400K (ffff8d0367aa2000 - ffff8d0367c00000)
[STDERR  ] 2017-07-17T10:51:47.453138386Z: [   24.709532] tsc: Refined TSC clocksource calibration: 2600.005 MHz
[STDERR  ] 2017-07-17T10:51:47.453148163Z: [   24.710655] clocksource: tsc: mask: 0xffffffffffffffff max_cycles: 0x257a40ff313, max_idle_ns: 440795330741 ns
[STDERR  ] 2017-07-17T10:51:47.45315409Z: [   25.731075] clocksource: Switched to clocksource tsc
[STDERR  ] 2017-07-17T10:51:47.453159627Z: [   46.577738] e1000: Intel(R) PRO/1000 Network Driver - version 7.3.21-k8-NAPI
[STDERR  ] 2017-07-17T10:51:47.453165195Z: [   46.578275] e1000: Copyright (c) 1999-2006 Intel Corporation.
[STDERR  ] 2017-07-17T10:51:47.453170748Z: [   46.597139] ACPI: PCI Interrupt Link [GSIG] enabled at IRQ 22
[STDERR  ] 2017-07-17T10:51:47.453173683Z: [   46.967528] e1000 0000:00:02.0 eth0: (PCI:33MHz:32-bit) 52:54:00:12:34:56
[STDERR  ] 2017-07-17T10:51:47.453179032Z: [   46.968531] e1000 0000:00:02.0 eth0: Intel(R) PRO/1000 Network Connection
[STDERR  ] 2017-07-17T10:51:47.453190428Z: 
[STDERR  ] 2017-07-17T10:51:47.453193383Z: Welcome to LinuxKit
[STDERR  ] 2017-07-17T10:51:47.453202957Z: 
[STDERR  ] 2017-07-17T10:51:47.453208477Z:                         ##         .
[STDERR  ] 2017-07-17T10:51:47.45321407Z:                   ## ## ##        ==
[STDERR  ] 2017-07-17T10:51:47.453220005Z:                ## ## ## ## ##    ===[   47.451892] random: fast init done
[STDERR  ] 2017-07-17T10:51:47.453222677Z: 
[STDERR  ] 2017-07-17T10:51:47.453230878Z:            /"""""""""""""""""\___/ ===
[STDERR  ] 2017-07-17T10:51:47.453236276Z:           {                       /  ===-
[STDERR  ] 2017-07-17T10:51:47.453241797Z:            \______ O           __/
[STDERR  ] 2017-07-17T10:51:47.453247125Z:              \    \         __/
[STDERR  ] 2017-07-17T10:51:47.453252525Z:               \____\_______/
[STDERR  ] 2017-07-17T10:51:47.453257857Z: 
[STDERR  ] 2017-07-17T10:51:47.453263327Z:  - 000-sysctl
[STDERR  ] 2017-07-17T10:51:47.453271397Z: üê≥ root-test
[STDERR  ] 2017-07-17T10:51:47.4532767Z: ?   	github.com/containerd/containerd/snapshot	[no test files]
[STDERR  ] 2017-07-17T10:51:47.453282087Z: [  302.560913] raid6: sse2x1   gen()   331 MB/s
[STDERR  ] 2017-07-17T10:51:47.453287372Z: [  302.730483] raid6: sse2x1   xor()   164 MB/s
[STDERR  ] 2017-07-17T10:51:47.453292662Z: [  302.900409] raid6: sse2x2   gen()   257 MB/s
[STDERR  ] 2017-07-17T10:51:47.45329792Z: [  303.070331] raid6: sse2x2   xor()   178 MB/s
[STDERR  ] 2017-07-17T10:51:47.45330071Z: [  303.240434] raid6: sse2x4   gen()   325 MB/s
[STDERR  ] 2017-07-17T10:51:47.453305925Z: [  303.410392] raid6: sse2x4   xor()   186 MB/s
[STDERR  ] 2017-07-17T10:51:47.453313907Z: [  303.410847] raid6: using algorithm sse2x1 gen() 331 MB/s
[STDERR  ] 2017-07-17T10:51:47.453319333Z: [  303.411290] raid6: .... xor() 164 MB/s, rmw enabled
[STDERR  ] 2017-07-17T10:51:47.453324977Z: [  303.411862] raid6: using intx1 recovery algorithm
[STDERR  ] 2017-07-17T10:51:47.45333043Z: [  303.434430] xor: measuring software checksum speed
[STDERR  ] 2017-07-17T10:51:47.453336057Z: [  303.530394]    prefetch64-sse:   664.800 MB/sec
[STDERR  ] 2017-07-17T10:51:47.453343366Z: [  303.630318]    generic_sse:   647.200 MB/sec
[STDERR  ] 2017-07-17T10:51:47.45334937Z: [  303.630801] xor: using function: prefetch64-sse (664.800 MB/sec)
[STDERR  ] 2017-07-17T10:51:47.453355206Z: [  303.805652] Btrfs loaded, crc32c=crc32c-generic
[STDERR  ] 2017-07-17T10:51:47.453362165Z: [  303.824650] BTRFS: device fsid 8c7bf7f1-f00b-4dd5-b801-edcf28dd483f devid 1 transid 5 /dev/loop0
[STDERR  ] 2017-07-17T10:51:47.453367757Z: [  303.854094] BTRFS info (device loop0): disk space caching is enabled
[STDERR  ] 2017-07-17T10:51:47.453378766Z: [  303.854782] BTRFS info (device loop0): has skinny extents
[STDERR  ] 2017-07-17T10:51:47.453384558Z: [  303.855269] BTRFS info (device loop0): flagging fs with big metadata feature
[STDERR  ] 2017-07-17T10:51:47.453390478Z: [  303.907636] BTRFS info (device loop0): creating UUID tree
[STDERR  ] 2017-07-17T10:51:47.453403408Z: [  305.803557] BTRFS: device fsid 2bc02f03-6e1d-4207-a999-a23fb5678358 devid 1 transid 5 /dev/loop0
[STDERR  ] 2017-07-17T10:51:47.453406436Z: [  305.974748] BTRFS info (device loop0): disk space caching is enabled
[STDERR  ] 2017-07-17T10:51:47.453421932Z: [  305.975235] BTRFS info (device loop0): has skinny extents
[STDERR  ] 2017-07-17T10:51:47.453424876Z: [  305.975648] BTRFS info (device loop0): flagging fs with big metadata feature
[STDERR  ] 2017-07-17T10:51:47.45343355Z: [  306.014699] BTRFS info (device loop0): creating UUID tree
[STDERR  ] 2017-07-17T10:51:47.453439047Z: [  307.153013] BTRFS: device fsid 4e7de5ff-9f1d-4b94-a9e3-b16c6467d744 devid 1 transid 5 /dev/loop0
[STDERR  ] 2017-07-17T10:51:47.453444558Z: [  307.323791] BTRFS info (device loop0): disk space caching is enabled
[STDERR  ] 2017-07-17T10:51:47.453450233Z: [  307.324329] BTRFS info (device loop0): has skinny extents
[STDERR  ] 2017-07-17T10:51:47.453458088Z: [  307.324714] BTRFS info (device loop0): flagging fs with big metadata feature
[STDERR  ] 2017-07-17T10:51:47.453472012Z: [  307.359722] BTRFS info (device loop0): creating UUID tree
[STDERR  ] 2017-07-17T10:51:47.453474893Z: [  308.618004] BTRFS: device fsid 736b122c-2a1b-4d30-81de-a3c10e127381 devid 1 transid 5 /dev/loop0
[STDERR  ] 2017-07-17T10:51:47.453487312Z: [  308.814077] BTRFS info (device loop0): disk space caching is enabled
[STDERR  ] 2017-07-17T10:51:47.453492795Z: [  308.814686] BTRFS info (device loop0): has skinny extents
[STDERR  ] 2017-07-17T10:51:47.453499088Z: [  308.815114] BTRFS info (device loop0): flagging fs with big metadata feature
[STDERR  ] 2017-07-17T10:51:47.453504706Z: [  308.852410] BTRFS info (device loop0): creating UUID tree
[STDERR  ] 2017-07-17T10:51:47.453510392Z: [  310.329692] BTRFS: device fsid b9eb3e30-7ed0-4031-8481-2793365b6fee devid 1 transid 5 /dev/loop0
[STDERR  ] 2017-07-17T10:51:47.453515938Z: [  310.524501] BTRFS info (device loop0): disk space caching is enabled
[STDERR  ] 2017-07-17T10:51:47.45352153Z: [  310.524994] BTRFS info (device loop0): has skinny extents
[STDERR  ] 2017-07-17T10:51:47.45352698Z: [  310.525192] BTRFS info (device loop0): flagging fs with big metadata feature
[STDERR  ] 2017-07-17T10:51:47.453532545Z: [  310.563025] BTRFS info (device loop0): creating UUID tree
[STDERR  ] 2017-07-17T10:51:47.453537995Z: [  312.060128] BTRFS: device fsid 83c7dbd0-8b1e-4f99-9e54-6f56aa3a92ef devid 1 transid 5 /dev/loop0
[STDERR  ] 2017-07-17T10:51:47.453543508Z: [  312.256083] BTRFS info (device loop0): disk space caching is enabled
[STDERR  ] 2017-07-17T10:51:47.45354891Z: [  312.256655] BTRFS info (device loop0): has skinny extents
[STDERR  ] 2017-07-17T10:51:47.453554368Z: [  312.256917] BTRFS info (device loop0): flagging fs with big metadata feature
[STDERR  ] 2017-07-17T10:51:47.453559725Z: [  312.295085] BTRFS info (device loop0): creating UUID tree
[STDERR  ] 2017-07-17T10:51:47.453562502Z: ok  	github.com/containerd/containerd/snapshot/btrfs	12.004s
[STDERR  ] 2017-07-17T10:51:47.453567926Z: ok  	github.com/containerd/containerd/snapshot/naive	0.549s
[STDERR  ] 2017-07-17T10:51:47.453575822Z: [  342.649595] random: crng init done
[STDERR  ] 2017-07-17T10:51:47.453578668Z: ok  	github.com/containerd/containerd/snapshot/overlay	0.810s
[STDERR  ] 2017-07-17T10:51:47.453583858Z: ok  	github.com/containerd/containerd/snapshot/storage	0.645s
[STDERR  ] 2017-07-17T10:51:47.453591933Z: ?   	github.com/containerd/containerd/snapshot/storage/proto	[no test files]
[STDERR  ] 2017-07-17T10:51:47.453594712Z: ?   	github.com/containerd/containerd/snapshot/testsuite	[no test files]
[STDERR  ] 2017-07-17T10:51:47.453602535Z: containerd test suite PASSED
[STDERR  ] 2017-07-17T10:51:47.453605393Z:  - 001-test
[STDERR  ] 2017-07-17T10:51:47.453613498Z: [  416.852309] ACPI: Preparing to enter system sleep state S5
[STDERR  ] 2017-07-17T10:51:47.453616512Z: [  416.854978] reboot: Power down
[STDERR  ] 2017-07-17T10:51:47.453624862Z: + echo [    0.000000] Linux version 4.9.36-linuxkit (root@e1ede117fb1e) (gcc version 6.3.0 (Alpine 6.3.0) ) #1 SMP Wed Jul 12 17:30:01 UTC 2017
[STDERR  ] 2017-07-17T10:51:47.453627592Z: [    0.000000] Command line: console=ttyS0 page_poison=1
[STDERR  ] 2017-07-17T10:51:47.453638922Z: [    0.000000] x86/fpu: Legacy x87 FPU detected.
[STDERR  ] 2017-07-17T10:51:47.45364434Z: [    0.000000] x86/fpu: Using 'eager' FPU context switches.
[STDERR  ] 2017-07-17T10:51:47.45365419Z: [    0.000000] e820: BIOS-provided physical RAM map:
[STDERR  ] 2017-07-17T10:51:47.453659726Z: [    0.000000] BIOS-e820: [mem 0x0000000000000000-0x000000000009fbff] usable
[STDERR  ] 2017-07-17T10:51:47.453665545Z: [    0.000000] BIOS-e820: [mem 0x000000000009fc00-0x000000000009ffff] reserved
[STDERR  ] 2017-07-17T10:51:47.453671056Z: [    0.000000] BIOS-e820: [mem 0x00000000000f0000-0x00000000000fffff] reserved
[STDERR  ] 2017-07-17T10:51:47.45367669Z: [    0.000000] BIOS-e820: [mem 0x0000000000100000-0x000000007ffdefff] usable
[STDERR  ] 2017-07-17T10:51:47.453690512Z: [    0.000000] BIOS-e820: [mem 0x000000007ffdf000-0x000000007fffffff] reserved
[STDERR  ] 2017-07-17T10:51:47.453696328Z: [    0.000000] BIOS-e820: [mem 0x00000000b0000000-0x00000000bfffffff] reserved
[STDERR  ] 2017-07-17T10:51:47.453701688Z: [    0.000000] BIOS-e820: [mem 0x00000000fed1c000-0x00000000fed1ffff] reserved
[STDERR  ] 2017-07-17T10:51:47.453707195Z: [    0.000000] BIOS-e820: [mem 0x00000000fffc0000-0x00000000ffffffff] reserved
[STDERR  ] 2017-07-17T10:51:47.453712678Z: [    0.000000] NX (Execute Disable) protection: active
[STDERR  ] 2017-07-17T10:51:47.453718666Z: [    0.000000] SMBIOS 2.8 present.
[STDERR  ] 2017-07-17T10:51:47.453724195Z: [    0.000000] e820: last_pfn = 0x7ffdf max_arch_pfn = 0x400000000
[STDERR  ] 2017-07-17T10:51:47.453727158Z: [    0.000000] x86/PAT: Configuration [0-7]: WB  WC  UC- UC  WB  WC  UC- WT  
[STDERR  ] 2017-07-17T10:51:47.45373265Z: [    0.000000] found SMP MP-table at [mem 0x000f6aa0-0x000f6aaf] mapped at [ffff8d03400f6aa0]
[STDERR  ] 2017-07-17T10:51:47.453740752Z: [    0.000000] RAMDISK: [mem 0x74ab7000-0x7ffcffff]
[STDERR  ] 2017-07-17T10:51:47.453743528Z: [    0.000000] ACPI: Early table checksum verification disabled
[STDERR  ] 2017-07-17T10:51:47.45375142Z: [    0.000000] ACPI: RSDP 0x00000000000F68C0 000014 (v00 BOCHS )
[STDERR  ] 2017-07-17T10:51:47.453754138Z: [    0.000000] ACPI: RSDT 0x000000007FFE2404 000034 (v01 BOCHS  BXPCRSDT 00000001 BXPC 00000001)
[STDERR  ] 2017-07-17T10:51:47.453764158Z: [    0.000000] ACPI: FACP 0x000000007FFE22A4 000074 (v01 BOCHS  BXPCFACP 00000001 BXPC 00000001)
[STDERR  ] 2017-07-17T10:51:47.453769482Z: [    0.000000] ACPI: DSDT 0x000000007FFE0040 002264 (v01 BOCHS  BXPCDSDT 00000001 BXPC 00000001)
[STDERR  ] 2017-07-17T10:51:47.453774882Z: [    0.000000] ACPI: FACS 0x000000007FFE0000 000040
[STDERR  ] 2017-07-17T10:51:47.453780262Z: [    0.000000] ACPI: APIC 0x000000007FFE2318 000078 (v01 BOCHS  BXPCAPIC 00000001 BXPC 00000001)
[STDERR  ] 2017-07-17T10:51:47.45378559Z: [    0.000000] ACPI: HPET 0x000000007FFE2390 000038 (v01 BOCHS  BXPCHPET 00000001 BXPC 00000001)
[STDERR  ] 2017-07-17T10:51:47.453790865Z: [    0.000000] ACPI: MCFG 0x000000007FFE23C8 00003C (v01 BOCHS  BXPCMCFG 00000001 BXPC 00000001)
[STDERR  ] 2017-07-17T10:51:47.453799788Z: [    0.000000] Zone ranges:
[STDERR  ] 2017-07-17T10:51:47.453805058Z: [    0.000000]   DMA      [mem 0x0000000000001000-0x0000000000ffffff]
[STDERR  ] 2017-07-17T10:51:47.453810338Z: [    0.000000]   DMA32    [mem 0x0000000001000000-0x000000007ffdefff]
[STDERR  ] 2017-07-17T10:51:47.453815658Z: [    0.000000]   Normal   empty
[STDERR  ] 2017-07-17T10:51:47.453821936Z: [    0.000000] Movable zone start for each node
[STDERR  ] 2017-07-17T10:51:47.453827226Z: [    0.000000] Early memory node ranges
[STDERR  ] 2017-07-17T10:51:47.45383715Z: [    0.000000]   node   0: [mem 0x0000000000001000-0x000000000009efff]
[STDERR  ] 2017-07-17T10:51:47.453842486Z: [    0.000000]   node   0: [mem 0x0000000000100000-0x000000007ffdefff]
[STDERR  ] 2017-07-17T10:51:47.453847742Z: [    0.000000] Initmem setup node 0 [mem 0x0000000000001000-0x000000007ffdefff]
[STDERR  ] 2017-07-17T10:51:47.453852988Z: [    0.000000] ACPI: PM-Timer IO Port: 0x608
[STDERR  ] 2017-07-17T10:51:47.453858258Z: [    0.000000] ACPI: LAPIC_NMI (acpi_id[0xff] dfl dfl lint[0x1])
[STDERR  ] 2017-07-17T10:51:47.453866966Z: [    0.000000] IOAPIC[0]: apic_id 0, version 32, address 0xfec00000, GSI 0-23
[STDERR  ] 2017-07-17T10:51:47.453872369Z: [    0.000000] ACPI: INT_SRC_OVR (bus 0 bus_irq 0 global_irq 2 dfl dfl)
[STDERR  ] 2017-07-17T10:51:47.453875248Z: [    0.000000] ACPI: INT_SRC_OVR (bus 0 bus_irq 5 global_irq 5 high level)
[STDERR  ] 2017-07-17T10:51:47.453883073Z: [    0.000000] ACPI: INT_SRC_OVR (bus 0 bus_irq 9 global_irq 9 high level)
[STDERR  ] 2017-07-17T10:51:47.453888523Z: [    0.000000] ACPI: INT_SRC_OVR (bus 0 bus_irq 10 global_irq 10 high level)
[STDERR  ] 2017-07-17T10:51:47.45389389Z: [    0.000000] ACPI: INT_SRC_OVR (bus 0 bus_irq 11 global_irq 11 high level)
[STDERR  ] 2017-07-17T10:51:47.45390296Z: [    0.000000] Using ACPI (MADT) for SMP configuration information
[STDERR  ] 2017-07-17T10:51:47.4539059Z: [    0.000000] ACPI: HPET id: 0x8086a201 base: 0xfed00000
[STDERR  ] 2017-07-17T10:51:47.453914189Z: [    0.000000] smpboot: Allowing 1 CPUs, 0 hotplug CPUs
[STDERR  ] 2017-07-17T10:51:47.453917306Z: [    0.000000] e820: [mem 0xc0000000-0xfed1bfff] available for PCI devices
[STDERR  ] 2017-07-17T10:51:47.453925959Z: [    0.000000] Booting paravirtualized kernel on bare hardware
[STDERR  ] 2017-07-17T10:51:47.453934438Z: [    0.000000] clocksource: refined-jiffies: mask: 0xffffffff max_cycles: 0xffffffff, max_idle_ns: 19112604462750000 ns
[STDERR  ] 2017-07-17T10:51:47.453940222Z: [    0.000000] setup_percpu: NR_CPUS:128 nr_cpumask_bits:128 nr_cpu_ids:1 nr_node_ids:1
[STDERR  ] 2017-07-17T10:51:47.453945585Z: [    0.000000] percpu: Embedded 35 pages/cpu @ffff8d03b4800000 s105176 r8192 d29992 u2097152
[STDERR  ] 2017-07-17T10:51:47.453950966Z: [    0.000000] Built 1 zonelists in Zone order, mobility grouping on.  Total pages: 515944
[STDERR  ] 2017-07-17T10:51:47.453956446Z: [    0.000000] Kernel command line: console=ttyS0 page_poison=1
[STDERR  ] 2017-07-17T10:51:47.453959363Z: [    0.000000] PID hash table entries: 4096 (order: 3, 32768 bytes)
[STDERR  ] 2017-07-17T10:51:47.453964765Z: [    0.000000] Dentry cache hash table entries: 262144 (order: 9, 2097152 bytes)
[STDERR  ] 2017-07-17T10:51:47.453972892Z: [    0.000000] Inode-cache hash table entries: 131072 (order: 8, 1048576 bytes)
[STDERR  ] 2017-07-17T10:51:47.453978646Z: [    0.000000] Memory: 1859384K/2096628K available (8026K kernel code, 1366K rwdata, 2696K rodata, 1380K init, 568K bss, 237244K reserved, 0K cma-reserved)
[STDERR  ] 2017-07-17T10:51:47.453985196Z: [    0.000000] Hierarchical RCU implementation.
[STDERR  ] 2017-07-17T10:51:47.453990729Z: [    0.000000] 	Build-time adjustment of leaf fanout to 64.
[STDERR  ] 2017-07-17T10:51:47.45399606Z: [    0.000000] 	RCU restricting CPUs from NR_CPUS=128 to nr_cpu_ids=1.
[STDERR  ] 2017-07-17T10:51:47.454001394Z: [    0.000000] RCU: Adjusting geometry for rcu_fanout_leaf=64, nr_cpu_ids=1
[STDERR  ] 2017-07-17T10:51:47.454004129Z: [    0.000000] NR_IRQS:8448 nr_irqs:256 16
[STDERR  ] 2017-07-17T10:51:47.454011874Z: [    0.000000] Console: colour VGA+ 80x25
[STDERR  ] 2017-07-17T10:51:47.454017059Z: [    0.000000] console [ttyS0] enabled
[STDERR  ] 2017-07-17T10:51:47.4540223Z: [    0.000000] allocated 4194304 bytes of page_ext
[STDERR  ] 2017-07-17T10:51:47.454024919Z: [    0.000000] clocksource: hpet: mask: 0xffffffff max_cycles: 0xffffffff, max_idle_ns: 19112604467 ns
[STDERR  ] 2017-07-17T10:51:47.454032826Z: [    0.000000] tsc: Fast TSC calibration using PIT
[STDERR  ] 2017-07-17T10:51:47.45403557Z: [    0.000000] tsc: Detected 2600.001 MHz processor
[STDERR  ] 2017-07-17T10:51:47.454040689Z: [    0.021561] Calibrating delay loop (skipped), value calculated using timer frequency.. 5200.00 BogoMIPS (lpj=26000010)
[STDERR  ] 2017-07-17T10:51:47.4540487Z: [    0.022784] pid_max: default: 32768 minimum: 301
[STDERR  ] 2017-07-17T10:51:47.454054088Z: [    0.023943] ACPI: Core revision 20160831
[STDERR  ] 2017-07-17T10:51:47.454056839Z: [    0.066165] ACPI: 1 ACPI AML tables successfully acquired and loaded
[STDERR  ] 2017-07-17T10:51:47.454064646Z: [    0.071285] Security Framework initialized
[STDERR  ] 2017-07-17T10:51:47.454070622Z: [    0.071718] Yama: becoming mindful.
[STDERR  ] 2017-07-17T10:51:47.454078806Z: [    0.073761] Mount-cache hash table entries: 4096 (order: 3, 32768 bytes)
[STDERR  ] 2017-07-17T10:51:47.454081652Z: [    0.074371] Mountpoint-cache hash table entries: 4096 (order: 3, 32768 bytes)
[STDERR  ] 2017-07-17T10:51:47.454086795Z: [    0.093910] Last level iTLB entries: 4KB 0, 2MB 0, 4MB 0
[STDERR  ] 2017-07-17T10:51:47.45410024Z: [    0.094485] Last level dTLB entries: 4KB 0, 2MB 0, 4MB 0, 1GB 0
[STDERR  ] 2017-07-17T10:51:47.454105735Z: [    0.392447] Freeing SMP alternatives memory: 20K (ffffffffb5eb0000 - ffffffffb5eb5000)
[STDERR  ] 2017-07-17T10:51:47.454118218Z: [    0.403069] ftrace: allocating 35489 entries in 139 pages
[STDERR  ] 2017-07-17T10:51:47.45412385Z: [    0.568096] smpboot: Max logical packages: 1
[STDERR  ] 2017-07-17T10:51:47.454129485Z: [    0.575364] ..TIMER: vector=0x30 apic1=0 pin1=2 apic2=-1 pin2=-1
[STDERR  ] 2017-07-17T10:51:47.454132284Z: [    0.680000] smpboot: CPU0: AMD QEMU Virtual CPU version 2.5+ (family: 0x6, model: 0x6, stepping: 0x3)
[STDERR  ] 2017-07-17T10:51:47.45413762Z: [    0.680000] Performance Events: PMU not available due to virtualization, using software events only.
[STDERR  ] 2017-07-17T10:51:47.454145952Z: [    0.689106] NMI watchdog: disabled (cpu0): hardware events not enabled
[STDERR  ] 2017-07-17T10:51:47.454148806Z: [    0.689712] NMI watchdog: Shutting down hard lockup detector on all cpus
[STDERR  ] 2017-07-17T10:51:47.454156559Z: [    0.693534] x86: Booted up 1 node, 1 CPUs
[STDERR  ] 2017-07-17T10:51:47.454159295Z: [    0.694025] smpboot: Total of 1 processors activated (5200.00 BogoMIPS)
[STDERR  ] 2017-07-17T10:51:47.454167364Z: [    0.709532] devtmpfs: initialized
[STDERR  ] 2017-07-17T10:51:47.454172698Z: [    0.716511] x86/mm: Memory block size: 128MB
[STDERR  ] 2017-07-17T10:51:47.454179828Z: [    0.785274] clocksource: jiffies: mask: 0xffffffff max_cycles: 0xffffffff, max_idle_ns: 19112604462750000 ns
[STDERR  ] 2017-07-17T10:51:47.45418265Z: [    0.786282] futex hash table entries: 256 (order: 2, 16384 bytes)
[STDERR  ] 2017-07-17T10:51:47.454191475Z: [    0.796678] NET: Registered protocol family 16
[STDERR  ] 2017-07-17T10:51:47.45419967Z: [    0.806244] cpuidle: using governor ladder
[STDERR  ] 2017-07-17T10:51:47.454202474Z: [    0.806733] cpuidle: using governor menu
[STDERR  ] 2017-07-17T10:51:47.454207762Z: [    0.807970] ACPI: bus type PCI registered
[STDERR  ] 2017-07-17T10:51:47.454217049Z: [    0.812511] PCI: MMCONFIG for domain 0000 [bus 00-ff] at [mem 0xb0000000-0xbfffffff] (base 0xb0000000)
[STDERR  ] 2017-07-17T10:51:47.454222815Z: [    0.813337] PCI: MMCONFIG at [mem 0xb0000000-0xbfffffff] reserved in E820
[STDERR  ] 2017-07-17T10:51:47.454225666Z: [    0.814755] PCI: Using configuration type 1 for base access
[STDERR  ] 2017-07-17T10:51:47.454230959Z: [    0.872532] HugeTLB registered 2 MB page size, pre-allocated 0 pages
[STDERR  ] 2017-07-17T10:51:47.454238906Z: [    0.887232] ACPI: Added _OSI(Module Device)
[STDERR  ] 2017-07-17T10:51:47.454247475Z: [    0.887598] ACPI: Added _OSI(Processor Device)
[STDERR  ] 2017-07-17T10:51:47.454252974Z: [    0.887980] ACPI: Added _OSI(3.0 _SCP Extensions)
[STDERR  ] 2017-07-17T10:51:47.454258245Z: [    0.888259] ACPI: Added _OSI(Processor Aggregator Device)
[STDERR  ] 2017-07-17T10:51:47.454263675Z: [    0.960309] ACPI: Interpreter enabled
[STDERR  ] 2017-07-17T10:51:47.454269049Z: [    0.961340] ACPI: (supports S0 S5)
[STDERR  ] 2017-07-17T10:51:47.454274546Z: [    0.961696] ACPI: Using IOAPIC for interrupt routing
[STDERR  ] 2017-07-17T10:51:47.454280166Z: [    0.964514] PCI: Using host bridge windows from ACPI; if necessary, use "pci=nocrs" and report a bug
[STDERR  ] 2017-07-17T10:51:47.454285924Z: [    1.028468] ACPI: PCI Root Bridge [PCI0] (domain 0000 [bus 00-ff])
[STDERR  ] 2017-07-17T10:51:47.454291362Z: [    1.029652] acpi PNP0A08:00: _OSC: OS supports [ExtendedConfig ASPM ClockPM Segments MSI]
[STDERR  ] 2017-07-17T10:51:47.454300012Z: [    1.036355] acpi PNP0A08:00: _OSC: OS now controls [PCIeHotplug PME PCIeCapability]
[STDERR  ] 2017-07-17T10:51:47.454305442Z: [    1.040826] PCI host bridge to bus 0000:00
[STDERR  ] 2017-07-17T10:51:47.454310768Z: [    1.041292] pci_bus 0000:00: root bus resource [io  0x0000-0x0cf7 window]
[STDERR  ] 2017-07-17T10:51:47.454316211Z: [    1.041801] pci_bus 0000:00: root bus resource [io  0x0d00-0xffff window]
[STDERR  ] 2017-07-17T10:51:47.454319118Z: [    1.042278] pci_bus 0000:00: root bus resource [mem 0x000a0000-0x000bffff window]
[STDERR  ] 2017-07-17T10:51:47.454330828Z: [    1.042803] pci_bus 0000:00: root bus resource [mem 0xc0000000-0xfebfffff window]
[STDERR  ] 2017-07-17T10:51:47.454339562Z: [    1.043478] pci_bus 0000:00: root bus resource [bus 00-ff]
[STDERR  ] 2017-07-17T10:51:47.454342558Z: [    1.134300] pci 0000:00:1f.0: quirk: [io  0x0600-0x067f] claimed by ICH6 ACPI/GPIO/TCO
[STDERR  ] 2017-07-17T10:51:47.454351699Z: [    1.193213] ACPI: PCI Interrupt Link [LNKA] (IRQs 5 *10 11)
[STDERR  ] 2017-07-17T10:51:47.454357119Z: [    1.196245] ACPI: PCI Interrupt Link [LNKB] (IRQs 5 *10 11)
[STDERR  ] 2017-07-17T10:51:47.454360052Z: [    1.198537] ACPI: PCI Interrupt Link [LNKC] (IRQs 5 10 *11)
[STDERR  ] 2017-07-17T10:51:47.454365598Z: [    1.200727] ACPI: PCI Interrupt Link [LNKD] (IRQs 5 10 *11)
[STDERR  ] 2017-07-17T10:51:47.454378656Z: [    1.202652] ACPI: PCI Interrupt Link [LNKE] (IRQs 5 *10 11)
[STDERR  ] 2017-07-17T10:51:47.454381689Z: [    1.204518] ACPI: PCI Interrupt Link [LNKF] (IRQs 5 *10 11)
[STDERR  ] 2017-07-17T10:51:47.454387044Z: [    1.206448] ACPI: PCI Interrupt Link [LNKG] (IRQs 5 10 *11)
[STDERR  ] 2017-07-17T10:51:47.454395002Z: [    1.208308] ACPI: PCI Interrupt Link [LNKH] (IRQs 5 10 *11)
[STDERR  ] 2017-07-17T10:51:47.454400468Z: [    1.209321] ACPI: PCI Interrupt Link [GSIA] (IRQs *16)
[STDERR  ] 2017-07-17T10:51:47.454406074Z: [    1.210579] ACPI: PCI Interrupt Link [GSIB] (IRQs *17)
[STDERR  ] 2017-07-17T10:51:47.454415678Z: [    1.211399] ACPI: PCI Interrupt Link [GSIC] (IRQs *18)
[STDERR  ] 2017-07-17T10:51:47.454421284Z: [    1.212187] ACPI: PCI Interrupt Link [GSID] (IRQs *19)
[STDERR  ] 2017-07-17T10:51:47.454426864Z: [    1.212984] ACPI: PCI Interrupt Link [GSIE] (IRQs *20)
[STDERR  ] 2017-07-17T10:51:47.454429736Z: [    1.213822] ACPI: PCI Interrupt Link [GSIF] (IRQs *21)
[STDERR  ] 2017-07-17T10:51:47.454441274Z: [    1.214567] ACPI: PCI Interrupt Link [GSIG] (IRQs *22)
[STDERR  ] 2017-07-17T10:51:47.454444019Z: [    1.215377] ACPI: PCI Interrupt Link [GSIH] (IRQs *23)
[STDERR  ] 2017-07-17T10:51:47.454452134Z: [    1.219264] ACPI: Enabled 2 GPEs in block 00 to 3F
[STDERR  ] 2017-07-17T10:51:47.454457546Z: [    1.223873] SCSI subsystem initialized
[STDERR  ] 2017-07-17T10:51:47.454463042Z: [    1.225941] ACPI: bus type USB registered
[STDERR  ] 2017-07-17T10:51:47.454468302Z: [    1.227130] usbcore: registered new interface driver usbfs
[STDERR  ] 2017-07-17T10:51:47.454475552Z: [    1.228076] usbcore: registered new interface driver hub
[STDERR  ] 2017-07-17T10:51:47.454480839Z: [    1.228984] usbcore: registered new device driver usb
[STDERR  ] 2017-07-17T10:51:47.454486056Z: [    1.230473] pps_core: LinuxPPS API ver. 1 registered
[STDERR  ] 2017-07-17T10:51:47.454491586Z: [    1.230831] pps_core: Software ver. 5.3.6 - Copyright 2005-2007 Rodolfo Giometti <giometti@linux.it>
[STDERR  ] 2017-07-17T10:51:47.454496926Z: [    1.231563] PTP clock support registered
[STDERR  ] 2017-07-17T10:51:47.454502584Z: [    1.232875] wmi: Mapper loaded
[STDERR  ] 2017-07-17T10:51:47.454508062Z: [    1.234167] PCI: Using ACPI for IRQ routing
[STDERR  ] 2017-07-17T10:51:47.454514712Z: [    1.253438] NetLabel: Initializing
[STDERR  ] 2017-07-17T10:51:47.454520107Z: [    1.253718] NetLabel:  domain hash size = 128
[STDERR  ] 2017-07-17T10:51:47.454525497Z: [    1.254125] NetLabel:  protocols = UNLABELED CIPSOv4
[STDERR  ] 2017-07-17T10:51:47.454528395Z: [    1.256961] NetLabel:  unlabeled traffic allowed by default
[STDERR  ] 2017-07-17T10:51:47.454533882Z: [    1.258278] HPET: 3 timers in total, 0 timers will be used for per-cpu timer
[STDERR  ] 2017-07-17T10:51:47.454545565Z: [    1.259110] hpet0: at MMIO 0xfed00000, IRQs 2, 8, 0
[STDERR  ] 2017-07-17T10:51:47.45455204Z: [    1.259720] hpet0: 3 comparators, 64-bit 100.000000 MHz counter
[STDERR  ] 2017-07-17T10:51:47.454557577Z: [    1.267029] clocksource: Switched to clocksource hpet
[STDERR  ] 2017-07-17T10:51:47.454562967Z: [    1.515307] VFS: Disk quotas dquot_6.6.0
[STDERR  ] 2017-07-17T10:51:47.454565832Z: [    1.516234] VFS: Dquot-cache hash table entries: 512 (order 0, 4096 bytes)
[STDERR  ] 2017-07-17T10:51:47.454571333Z: [    1.520527] FS-Cache: Loaded
[STDERR  ] 2017-07-17T10:51:47.454579946Z: [    1.525649] CacheFiles: Loaded
[STDERR  ] 2017-07-17T10:51:47.454590353Z: [    1.527415] pnp: PnP ACPI init
[STDERR  ] 2017-07-17T10:51:47.454595949Z: [    1.538997] pnp: PnP ACPI: found 5 devices
[STDERR  ] 2017-07-17T10:51:47.454601512Z: [    1.588684] clocksource: acpi_pm: mask: 0xffffff max_cycles: 0xffffff, max_idle_ns: 2085701024 ns
[STDERR  ] 2017-07-17T10:51:47.45460709Z: [    1.592938] NET: Registered protocol family 2
[STDERR  ] 2017-07-17T10:51:47.454612446Z: [    1.600607] TCP established hash table entries: 16384 (order: 5, 131072 bytes)
[STDERR  ] 2017-07-17T10:51:47.454617829Z: [    1.601583] TCP bind hash table entries: 16384 (order: 6, 262144 bytes)
[STDERR  ] 2017-07-17T10:51:47.454623215Z: [    1.602854] TCP: Hash tables configured (established 16384 bind 16384)
[STDERR  ] 2017-07-17T10:51:47.454628547Z: [    1.604362] UDP hash table entries: 1024 (order: 3, 32768 bytes)
[STDERR  ] 2017-07-17T10:51:47.454633893Z: [    1.604995] UDP-Lite hash table entries: 1024 (order: 3, 32768 bytes)
[STDERR  ] 2017-07-17T10:51:47.454639249Z: [    1.607465] NET: Registered protocol family 1
[STDERR  ] 2017-07-17T10:51:47.454644663Z: [    1.608435] pci 0000:00:01.0: Video device with shadowed ROM at [mem 0x000c0000-0x000dffff]
[STDERR  ] 2017-07-17T10:51:47.454649983Z: [    1.615814] Unpacking initramfs...
[STDERR  ] 2017-07-17T10:51:47.454655247Z: [   23.596511] Freeing initrd memory: 185444K (ffff8d03b4ab7000 - ffff8d03bffd0000)
[STDERR  ] 2017-07-17T10:51:47.454660573Z: [   23.621689] PCLMULQDQ-NI instructions are not detected.
[STDERR  ] 2017-07-17T10:51:47.454665982Z: [   23.623278] AVX or AES-NI instructions are not detected.
[STDERR  ] 2017-07-17T10:51:47.454671365Z: [   23.623763] CPU feature 'AVX registers' is not supported.
[STDERR  ] 2017-07-17T10:51:47.45467437Z: [   23.624266] CPU feature 'AVX registers' is not supported.
[STDERR  ] 2017-07-17T10:51:47.45468322Z: [   23.624724] CPU feature 'AVX registers' is not supported.
[STDERR  ] 2017-07-17T10:51:47.454691346Z: [   23.625170] CPU feature 'AVX registers' is not supported.
[STDERR  ] 2017-07-17T10:51:47.454694105Z: [   23.625665] AVX2 or AES-NI instructions are not detected.
[STDERR  ] 2017-07-17T10:51:47.454699289Z: [   23.626149] AVX2 instructions are not detected.
[STDERR  ] 2017-07-17T10:51:47.454707257Z: [   23.636141] audit: initializing netlink subsys (disabled)
[STDERR  ] 2017-07-17T10:51:47.454716373Z: [   23.637860] audit: type=2000 audit(1500288312.630:1): initialized
[STDERR  ] 2017-07-17T10:51:47.454719437Z: [   23.645706] workingset: timestamp_bits=46 max_order=19 bucket_order=0
[STDERR  ] 2017-07-17T10:51:47.454727279Z: [   23.655175] FS-Cache: Netfs 'cifs' registered for caching
[STDERR  ] 2017-07-17T10:51:47.454732673Z: [   23.656265] fuse init (API version 7.26)
[STDERR  ] 2017-07-17T10:51:47.454737963Z: [   23.658806] SGI XFS with ACLs, security attributes, no debug enabled
[STDERR  ] 2017-07-17T10:51:47.454743386Z: [   23.663168] 9p: Installing v9fs 9p2000 file system support
[STDERR  ] 2017-07-17T10:51:47.454748708Z: [   23.663700] FS-Cache: Netfs '9p' registered for caching
[STDERR  ] 2017-07-17T10:51:47.454751465Z: [   23.697097] NET: Registered protocol family 38
[STDERR  ] 2017-07-17T10:51:47.454759683Z: [   23.697743] Key type asymmetric registered
[STDERR  ] 2017-07-17T10:51:47.454768372Z: [   23.698117] Asymmetric key parser 'x509' registered
[STDERR  ] 2017-07-17T10:51:47.454776779Z: [   23.699239] Block layer SCSI generic (bsg) driver version 0.4 loaded (major 251)
[STDERR  ] 2017-07-17T10:51:47.454782162Z: [   23.701882] io scheduler noop registered
[STDERR  ] 2017-07-17T10:51:47.454787528Z: [   23.702271] io scheduler deadline registered (default)
[STDERR  ] 2017-07-17T10:51:47.454792982Z: [   23.703054] io scheduler cfq registered
[STDERR  ] 2017-07-17T10:51:47.454798429Z: [   23.705884] pci_hotplug: PCI Hot Plug PCI Core version: 0.5
[STDERR  ] 2017-07-17T10:51:47.454803775Z: [   23.706533] pciehp: PCI Express Hot Plug Controller Driver version: 0.4
[STDERR  ] 2017-07-17T10:51:47.454809326Z: [   23.707460] shpchp: Standard Hot Plug PCI Controller Driver version: 0.4
[STDERR  ] 2017-07-17T10:51:47.454817569Z: [   23.708246] hv_vmbus: registering driver hyperv_fb
[STDERR  ] 2017-07-17T10:51:47.454823226Z: [   23.713087] input: Power Button as /devices/LNXSYSTM:00/LNXPWRBN:00/input/input0
[STDERR  ] 2017-07-17T10:51:47.454826125Z: [   23.714269] ACPI: Power Button [PWRF]
[STDERR  ] 2017-07-17T10:51:47.45483414Z: [   23.719242] GHES: HEST is not enabled!
[STDERR  ] 2017-07-17T10:51:47.454836916Z: [   23.730022] ACPI: PCI Interrupt Link [GSIH] enabled at IRQ 23
[STDERR  ] 2017-07-17T10:51:47.454845179Z: [   23.737338] xenfs: not registering filesystem on non-xen platform
[STDERR  ] 2017-07-17T10:51:47.454848108Z: [   23.739435] Serial: 8250/16550 driver, 4 ports, IRQ sharing disabled
[STDERR  ] 2017-07-17T10:51:47.454853382Z: [   23.764629] 00:04: ttyS0 at I/O 0x3f8 (irq = 4, base_baud = 115200) is a 16550A
[STDERR  ] 2017-07-17T10:51:47.454866733Z: [   23.777258] Non-volatile memory driver v1.3
[STDERR  ] 2017-07-17T10:51:47.454872253Z: [   23.785558] Hangcheck: starting hangcheck timer 0.9.1 (tick is 180 seconds, margin is 60 seconds).
[STDERR  ] 2017-07-17T10:51:47.454877933Z: [   23.826657] loop: module loaded
[STDERR  ] 2017-07-17T10:51:47.454881003Z: [   23.843494] nbd: registered device at major 43
[STDERR  ] 2017-07-17T10:51:47.454888989Z: [   23.895106] lpc_ich 0000:00:1f.0: I/O space for GPIO uninitialized
[STDERR  ] 2017-07-17T10:51:47.454891822Z: [   23.897530] VMware PVSCSI driver - version 1.0.7.0-k
[STDERR  ] 2017-07-17T10:51:47.454901572Z: [   23.898486] hv_vmbus: registering driver hv_storvsc
[STDERR  ] 2017-07-17T10:51:47.454907066Z: [   23.909126] ACPI: PCI Interrupt Link [GSIA] enabled at IRQ 16
[STDERR  ] 2017-07-17T10:51:47.454912573Z: [   23.915924] ahci 0000:00:1f.2: AHCI 0001.0000 32 slots 6 ports 1.5 Gbps 0x3f impl SATA mode
[STDERR  ] 2017-07-17T10:51:47.454917983Z: [   23.916737] ahci 0000:00:1f.2: flags: 64bit ncq only 
[STDERR  ] 2017-07-17T10:51:47.454958822Z: [   23.937762] scsi host0: ahci
[STDERR  ] 2017-07-17T10:51:47.454964496Z: [   23.943426] scsi host1: ahci
[STDERR  ] 2017-07-17T10:51:47.454970319Z: [   23.947050] scsi host2: ahci
[STDERR  ] 2017-07-17T10:51:47.454975646Z: [   23.949798] scsi host3: ahci
[STDERR  ] 2017-07-17T10:51:47.454981202Z: [   23.952411] scsi host4: ahci
[STDERR  ] 2017-07-17T10:51:47.454987945Z: [   23.954826] scsi host5: ahci
[STDERR  ] 2017-07-17T10:51:47.454993669Z: [   23.956704] ata1: SATA max UDMA/133 abar m4096@0xfebf1000 port 0xfebf1100 irq 24
[STDERR  ] 2017-07-17T10:51:47.45499919Z: [   23.957230] ata2: SATA max UDMA/133 abar m4096@0xfebf1000 port 0xfebf1180 irq 24
[STDERR  ] 2017-07-17T10:51:47.455004449Z: [   23.957737] ata3: SATA max UDMA/133 abar m4096@0xfebf1000 port 0xfebf1200 irq 24
[STDERR  ] 2017-07-17T10:51:47.455009693Z: [   23.958226] ata4: SATA max UDMA/133 abar m4096@0xfebf1000 port 0xfebf1280 irq 24
[STDERR  ] 2017-07-17T10:51:47.455015015Z: [   23.958692] ata5: SATA max UDMA/133 abar m4096@0xfebf1000 port 0xfebf1300 irq 24
[STDERR  ] 2017-07-17T10:51:47.455020229Z: [   23.959120] ata6: SATA max UDMA/133 abar m4096@0xfebf1000 port 0xfebf1380 irq 24
[STDERR  ] 2017-07-17T10:51:47.455025686Z: [   23.975355] tun: Universal TUN/TAP device driver, 1.6
[STDERR  ] 2017-07-17T10:51:47.455031083Z: [   23.975952] tun: (C) 1999-2004 Max Krasnyansky <maxk@qualcomm.com>
[STDERR  ] 2017-07-17T10:51:47.45504032Z: [   23.978531] VMware vmxnet3 virtual NIC driver - version 1.4.a.0-k-NAPI
[STDERR  ] 2017-07-17T10:51:47.455045625Z: [   23.979563] hv_vmbus: registering driver hv_netvsc
[STDERR  ] 2017-07-17T10:51:47.455054482Z: [   23.979954] Fusion MPT base driver 3.04.20
[STDERR  ] 2017-07-17T10:51:47.455059973Z: [   23.980674] Copyright (c) 1999-2008 LSI Corporation
[STDERR  ] 2017-07-17T10:51:47.45506533Z: [   23.981490] Fusion MPT SPI Host driver 3.04.20
[STDERR  ] 2017-07-17T10:51:47.455070765Z: [   23.983639] i8042: PNP: PS/2 Controller [PNP0303:KBD,PNP0f13:MOU] at 0x60,0x64 irq 1,12
[STDERR  ] 2017-07-17T10:51:47.45507621Z: [   23.987619] serio: i8042 KBD port at 0x60,0x64 irq 1
[STDERR  ] 2017-07-17T10:51:47.45507901Z: [   23.988344] serio: i8042 AUX port at 0x60,0x64 irq 12
[STDERR  ] 2017-07-17T10:51:47.45509038Z: [   23.991904] hv_vmbus: registering driver hyperv_keyboard
[STDERR  ] 2017-07-17T10:51:47.455093368Z: [   23.994130] mousedev: PS/2 mouse device common for all mice
[STDERR  ] 2017-07-17T10:51:47.455101452Z: [   23.998903] input: AT Translated Set 2 keyboard as /devices/platform/i8042/serio0/input/input1
[STDERR  ] 2017-07-17T10:51:47.45510689Z: [   24.001764] input: PC Speaker as /devices/platform/pcspkr/input/input2
[STDERR  ] 2017-07-17T10:51:47.455109733Z: [   24.006461] rtc_cmos 00:00: RTC can wake from S4
[STDERR  ] 2017-07-17T10:51:47.455117786Z: [   24.011027] rtc_cmos 00:00: rtc core: registered rtc_cmos as rtc0
[STDERR  ] 2017-07-17T10:51:47.45512043Z: [   24.012309] rtc_cmos 00:00: alarms up to one day, y3k, 114 bytes nvram, hpet irqs
[STDERR  ] 2017-07-17T10:51:47.455128636Z: [   24.013109] i2c /dev entries driver
[STDERR  ] 2017-07-17T10:51:47.45513408Z: [   24.015149] device-mapper: ioctl: 4.35.0-ioctl (2016-06-23) initialised: dm-devel@redhat.com
[STDERR  ] 2017-07-17T10:51:47.455139599Z: [   24.019905] usbcore: registered new interface driver usbhid
[STDERR  ] 2017-07-17T10:51:47.45514253Z: [   24.020811] usbhid: USB HID core driver
[STDERR  ] 2017-07-17T10:51:47.455149072Z: [   24.021662] hv_utils: Registering HyperV Utility Driver
[STDERR  ] 2017-07-17T10:51:47.455157299Z: [   24.022081] hv_vmbus: registering driver hv_util
[STDERR  ] 2017-07-17T10:51:47.455162676Z: [   24.022434] hv_vmbus: registering driver hv_balloon
[STDERR  ] 2017-07-17T10:51:47.455165468Z: [   24.023088] oprofile: using NMI interrupt.
[STDERR  ] 2017-07-17T10:51:47.45517071Z: [   24.024262] GACT probability on
[STDERR  ] 2017-07-17T10:51:47.455178893Z: [   24.024946] Mirror/redirect action on
[STDERR  ] 2017-07-17T10:51:47.455184182Z: [   24.025843] Simple TC action Loaded
[STDERR  ] 2017-07-17T10:51:47.455189672Z: [   24.026421] u32 classifier
[STDERR  ] 2017-07-17T10:51:47.455192718Z: [   24.026701]     Performance counters on
[STDERR  ] 2017-07-17T10:51:47.45520083Z: [   24.027003]     input device check on
[STDERR  ] 2017-07-17T10:51:47.455203586Z: [   24.027273]     Actions configured
[STDERR  ] 2017-07-17T10:51:47.455215636Z: [   24.028111] Netfilter messages via NETLINK v0.30.
[STDERR  ] 2017-07-17T10:51:47.455218418Z: [   24.028737] nfnl_acct: registering with nfnetlink.
[STDERR  ] 2017-07-17T10:51:47.455226379Z: [   24.030641] nf_conntrack version 0.5.0 (16384 buckets, 65536 max)
[STDERR  ] 2017-07-17T10:51:47.455229245Z: [   24.033593] ctnetlink v0.93: registering with nfnetlink.
[STDERR  ] 2017-07-17T10:51:47.45523726Z: [   24.036667] nf_tables: (c) 2007-2009 Patrick McHardy <kaber@trash.net>
[STDERR  ] 2017-07-17T10:51:47.455240123Z: [   24.037523] nf_tables_compat: (c) 2012 Pablo Neira Ayuso <pablo@netfilter.org>
[STDERR  ] 2017-07-17T10:51:47.455245476Z: [   24.039946] xt_time: kernel timezone is -0000
[STDERR  ] 2017-07-17T10:51:47.455254628Z: [   24.041099] ip_set: protocol 6
[STDERR  ] 2017-07-17T10:51:47.455260118Z: [   24.041786] IPVS: Registered protocols (TCP, UDP, SCTP, AH, ESP)
[STDERR  ] 2017-07-17T10:51:47.455265445Z: [   24.042424] IPVS: Connection hash table configured (size=4096, memory=64Kbytes)
[STDERR  ] 2017-07-17T10:51:47.45527083Z: [   24.044333] IPVS: Creating netns size=2104 id=0
[STDERR  ] 2017-07-17T10:51:47.455279693Z: [   24.046993] IPVS: ipvs loaded.
[STDERR  ] 2017-07-17T10:51:47.455285043Z: [   24.047373] IPVS: [rr] scheduler registered.
[STDERR  ] 2017-07-17T10:51:47.455290406Z: [   24.047740] IPVS: [wrr] scheduler registered.
[STDERR  ] 2017-07-17T10:51:47.455295699Z: [   24.048052] IPVS: [lc] scheduler registered.
[STDERR  ] 2017-07-17T10:51:47.455303308Z: [   24.048332] IPVS: [wlc] scheduler registered.
[STDERR  ] 2017-07-17T10:51:47.455308568Z: [   24.048628] IPVS: [fo] scheduler registered.
[STDERR  ] 2017-07-17T10:51:47.455314008Z: [   24.048912] IPVS: [ovf] scheduler registered.
[STDERR  ] 2017-07-17T10:51:47.455319246Z: [   24.049430] IPVS: [lblc] scheduler registered.
[STDERR  ] 2017-07-17T10:51:47.455327454Z: [   24.049900] IPVS: [lblcr] scheduler registered.
[STDERR  ] 2017-07-17T10:51:47.455332868Z: [   24.050982] IPVS: [dh] scheduler registered.
[STDERR  ] 2017-07-17T10:51:47.455335796Z: [   24.051270] IPVS: [sh] scheduler registered.
[STDERR  ] 2017-07-17T10:51:47.455343698Z: [   24.051571] IPVS: [sed] scheduler registered.
[STDERR  ] 2017-07-17T10:51:47.455349174Z: [   24.051877] IPVS: [nq] scheduler registered.
[STDERR  ] 2017-07-17T10:51:47.455358494Z: [   24.052610] IPVS: ftp: loaded support on port[0] = 21
[STDERR  ] 2017-07-17T10:51:47.455361334Z: [   24.053503] ipip: IPv4 and MPLS over IPv4 tunneling driver
[STDERR  ] 2017-07-17T10:51:47.455375872Z: [   24.058048] gre: GRE over IPv4 demultiplexor driver
[STDERR  ] 2017-07-17T10:51:47.455381778Z: [   24.061359] ip_tables: (C) 2000-2006 Netfilter Core Team
[STDERR  ] 2017-07-17T10:51:47.455390674Z: [   24.064511] ipt_CLUSTERIP: ClusterIP Version 0.8 loaded successfully
[STDERR  ] 2017-07-17T10:51:47.455396124Z: [   24.065271] arp_tables: arp_tables: (C) 2002 David S. Miller
[STDERR  ] 2017-07-17T10:51:47.455401555Z: [   24.067635] NET: Registered protocol family 10
[STDERR  ] 2017-07-17T10:51:47.455406969Z: [   24.076764] ip6_tables: (C) 2000-2006 Netfilter Core Team
[STDERR  ] 2017-07-17T10:51:47.455412338Z: [   24.085503] NET: Registered protocol family 17
[STDERR  ] 2017-07-17T10:51:47.455415105Z: [   24.086737] Bridge firewalling registered
[STDERR  ] 2017-07-17T10:51:47.455420502Z: [   24.087263] Ebtables v2.0 registered
[STDERR  ] 2017-07-17T10:51:47.455430694Z: [   24.089241] 8021q: 802.1Q VLAN Support v1.8
[STDERR  ] 2017-07-17T10:51:47.455436115Z: [   24.091110] 9pnet: Installing 9P2000 support
[STDERR  ] 2017-07-17T10:51:47.455441509Z: [   24.092695] Key type dns_resolver registered
[STDERR  ] 2017-07-17T10:51:47.455444342Z: [   24.093564] microcode: AMD CPU family 0x6 not supported
[STDERR  ] 2017-07-17T10:51:47.455452409Z: [   24.097295] registered taskstats version 1
[STDERR  ] 2017-07-17T10:51:47.45545782Z: [   24.292740] ata2: SATA link down (SStatus 0 SControl 300)
[STDERR  ] 2017-07-17T10:51:47.455463228Z: [   24.295703] ata1: SATA link down (SStatus 0 SControl 300)
[STDERR  ] 2017-07-17T10:51:47.455468599Z: [   24.302895] ata6: SATA link down (SStatus 0 SControl 300)
[STDERR  ] 2017-07-17T10:51:47.455476965Z: [   24.303558] ata5: SATA link down (SStatus 0 SControl 300)
[STDERR  ] 2017-07-17T10:51:47.455479775Z: [   24.304109] ata4: SATA link down (SStatus 0 SControl 300)
[STDERR  ] 2017-07-17T10:51:47.455489765Z: [   24.304934] ata3: SATA link up 1.5 Gbps (SStatus 113 SControl 300)
[STDERR  ] 2017-07-17T10:51:47.4554953Z: [   24.308431] ata3.00: ATAPI: QEMU DVD-ROM, 2.5+, max UDMA/100
[STDERR  ] 2017-07-17T10:51:47.455500835Z: [   24.309001] ata3.00: applying bridge limits
[STDERR  ] 2017-07-17T10:51:47.45550623Z: [   24.321410] ata3.00: configured for UDMA/100
[STDERR  ] 2017-07-17T10:51:47.455511799Z: [   24.341790] scsi 2:0:0:0: CD-ROM            QEMU     QEMU DVD-ROM     2.5+ PQ: 0 ANSI: 5
[STDERR  ] 2017-07-17T10:51:47.455517214Z: [   24.350706] Key type big_key registered
[STDERR  ] 2017-07-17T10:51:47.455522552Z: [   24.363770] sr 2:0:0:0: [sr0] scsi3-mmc drive: 4x/4x cd/rw xa/form2 tray
[STDERR  ] 2017-07-17T10:51:47.455527982Z: [   24.364499] cdrom: Uniform CD-ROM driver Revision: 3.20
[STDERR  ] 2017-07-17T10:51:47.455537034Z: [   24.380894] sr 2:0:0:0: Attached scsi generic sg0 type 5
[STDERR  ] 2017-07-17T10:51:47.455542416Z: [   24.423598] Key type encrypted registered
[STDERR  ] 2017-07-17T10:51:47.455547864Z: [   24.429613] rtc_cmos 00:00: setting system clock to 2017-07-17 10:45:14 UTC (1500288314)
[STDERR  ] 2017-07-17T10:51:47.455553474Z: [   24.578457] Freeing unused kernel memory: 1380K (ffffffffb5d57000 - ffffffffb5eb0000)
[STDERR  ] 2017-07-17T10:51:47.455556521Z: [   24.578840] Write protecting the kernel read-only data: 12288k
[STDERR  ] 2017-07-17T10:51:47.455561862Z: [   24.586771] Freeing unused kernel memory: 152K (ffff8d03677da000 - ffff8d0367800000)
[STDERR  ] 2017-07-17T10:51:47.455573406Z: [   24.708292] Freeing unused kernel memory: 1400K (ffff8d0367aa2000 - ffff8d0367c00000)
[STDERR  ] 2017-07-17T10:51:47.455582698Z: [   24.709532] tsc: Refined TSC clocksource calibration: 2600.005 MHz
[STDERR  ] 2017-07-17T10:51:47.455588406Z: [   24.710655] clocksource: tsc: mask: 0xffffffffffffffff max_cycles: 0x257a40ff313, max_idle_ns: 440795330741 ns
[STDERR  ] 2017-07-17T10:51:47.455594171Z: [   25.731075] clocksource: Switched to clocksource tsc
[STDERR  ] 2017-07-17T10:51:47.455599666Z: [   46.577738] e1000: Intel(R) PRO/1000 Network Driver - version 7.3.21-k8-NAPI
[STDERR  ] 2017-07-17T10:51:47.455602628Z: [   46.578275] e1000: Copyright (c) 1999-2006 Intel Corporation.
[STDERR  ] 2017-07-17T10:51:47.455608145Z: [   46.597139] ACPI: PCI Interrupt Link [GSIG] enabled at IRQ 22
[STDERR  ] 2017-07-17T10:51:47.455616329Z: [   46.967528] e1000 0000:00:02.0 eth0: (PCI:33MHz:32-bit) 52:54:00:12:34:56
[STDERR  ] 2017-07-17T10:51:47.455621746Z: [   46.968531] e1000 0000:00:02.0 eth0: Intel(R) PRO/1000 Network Connection
[STDERR  ] 2017-07-17T10:51:47.455629516Z: 
[STDERR  ] 2017-07-17T10:51:47.455635171Z: Welcome to LinuxKit
[STDERR  ] 2017-07-17T10:51:47.455640692Z: 
[STDERR  ] 2017-07-17T10:51:47.455646118Z:                         ##         .
[STDERR  ] 2017-07-17T10:51:47.455651706Z:                   ## ## ##        ==
[STDERR  ] 2017-07-17T10:51:47.455658375Z:                ## ## ## ## ##    ===[   47.451892] random: fast init done
[STDERR  ] 2017-07-17T10:51:47.455663624Z: 
[STDERR  ] 2017-07-17T10:51:47.455672798Z:            /"""""""""""""""""\___/ ===
[STDERR  ] 2017-07-17T10:51:47.455678072Z:           {                       /  ===-
[STDERR  ] 2017-07-17T10:51:47.455684146Z:            \______ O           __/
[STDERR  ] 2017-07-17T10:51:47.455689411Z:              \    \         __/
[STDERR  ] 2017-07-17T10:51:47.455695001Z:               \____\_______/
[STDERR  ] 2017-07-17T10:51:47.455697918Z: 
[STDERR  ] 2017-07-17T10:51:47.455705958Z:  - 000-sysctl
[STDERR  ] 2017-07-17T10:51:47.455711331Z: üê≥ root-test
[STDERR  ] 2017-07-17T10:51:47.455716698Z: ?   	github.com/containerd/containerd/snapshot	[no test files]
[STDERR  ] 2017-07-17T10:51:47.455719822Z: [  302.560913] raid6: sse2x1   gen()   331 MB/s
[STDERR  ] 2017-07-17T10:51:47.455727742Z: [  302.730483] raid6: sse2x1   xor()   164 MB/s
[STDERR  ] 2017-07-17T10:51:47.455733044Z: [  302.900409] raid6: sse2x2   gen()   257 MB/s
[STDERR  ] 2017-07-17T10:51:47.455738359Z: [  303.070331] raid6: sse2x2   xor()   178 MB/s
[STDERR  ] 2017-07-17T10:51:47.455743806Z: [  303.240434] raid6: sse2x4   gen()   325 MB/s
[STDERR  ] 2017-07-17T10:51:47.455749162Z: [  303.410392] raid6: sse2x4   xor()   186 MB/s
[STDERR  ] 2017-07-17T10:51:47.455756376Z: [  303.410847] raid6: using algorithm sse2x1 gen() 331 MB/s
[STDERR  ] 2017-07-17T10:51:47.455761759Z: [  303.411290] raid6: .... xor() 164 MB/s, rmw enabled
[STDERR  ] 2017-07-17T10:51:47.455766966Z: [  303.411862] raid6: using intx1 recovery algorithm
[STDERR  ] 2017-07-17T10:51:47.4557757Z: [  303.434430] xor: measuring software checksum speed
[STDERR  ] 2017-07-17T10:51:47.455781233Z: [  303.530394]    prefetch64-sse:   664.800 MB/sec
[STDERR  ] 2017-07-17T10:51:47.455786603Z: [  303.630318]    generic_sse:   647.200 MB/sec
[STDERR  ] 2017-07-17T10:51:47.455791919Z: [  303.630801] xor: using function: prefetch64-sse (664.800 MB/sec)
[STDERR  ] 2017-07-17T10:51:47.45580052Z: [  303.805652] Btrfs loaded, crc32c=crc32c-generic
[STDERR  ] 2017-07-17T10:51:47.455809667Z: [  303.824650] BTRFS: device fsid 8c7bf7f1-f00b-4dd5-b801-edcf28dd483f devid 1 transid 5 /dev/loop0
[STDERR  ] 2017-07-17T10:51:47.455816212Z: [  303.854094] BTRFS info (device loop0): disk space caching is enabled
[STDERR  ] 2017-07-17T10:51:47.455821679Z: [  303.854782] BTRFS info (device loop0): has skinny extents
[STDERR  ] 2017-07-17T10:51:47.45582709Z: [  303.855269] BTRFS info (device loop0): flagging fs with big metadata feature
[STDERR  ] 2017-07-17T10:51:47.455832569Z: [  303.907636] BTRFS info (device loop0): creating UUID tree
[STDERR  ] 2017-07-17T10:51:47.455835353Z: [  305.803557] BTRFS: device fsid 2bc02f03-6e1d-4207-a999-a23fb5678358 devid 1 transid 5 /dev/loop0
[STDERR  ] 2017-07-17T10:51:47.455847147Z: [  305.974748] BTRFS info (device loop0): disk space caching is enabled
[STDERR  ] 2017-07-17T10:51:47.455852592Z: [  305.975235] BTRFS info (device loop0): has skinny extents
[STDERR  ] 2017-07-17T10:51:47.455855347Z: [  305.975648] BTRFS info (device loop0): flagging fs with big metadata feature
[STDERR  ] 2017-07-17T10:51:47.455863532Z: [  306.014699] BTRFS info (device loop0): creating UUID tree
[STDERR  ] 2017-07-17T10:51:47.455868905Z: [  307.153013] BTRFS: device fsid 4e7de5ff-9f1d-4b94-a9e3-b16c6467d744 devid 1 transid 5 /dev/loop0
[STDERR  ] 2017-07-17T10:51:47.455874343Z: [  307.323791] BTRFS info (device loop0): disk space caching is enabled
[STDERR  ] 2017-07-17T10:51:47.455877303Z: [  307.324329] BTRFS info (device loop0): has skinny extents
[STDERR  ] 2017-07-17T10:51:47.455882693Z: [  307.324714] BTRFS info (device loop0): flagging fs with big metadata feature
[STDERR  ] 2017-07-17T10:51:47.455890692Z: [  307.359722] BTRFS info (device loop0): creating UUID tree
[STDERR  ] 2017-07-17T10:51:47.45589612Z: [  308.618004] BTRFS: device fsid 736b122c-2a1b-4d30-81de-a3c10e127381 devid 1 transid 5 /dev/loop0
[STDERR  ] 2017-07-17T10:51:47.455901827Z: [  308.814077] BTRFS info (device loop0): disk space caching is enabled
[STDERR  ] 2017-07-17T10:51:47.455904752Z: [  308.814686] BTRFS info (device loop0): has skinny extents
[STDERR  ] 2017-07-17T10:51:47.455912642Z: [  308.815114] BTRFS info (device loop0): flagging fs with big metadata feature
[STDERR  ] 2017-07-17T10:51:47.455923392Z: [  308.852410] BTRFS info (device loop0): creating UUID tree
[STDERR  ] 2017-07-17T10:51:47.455926075Z: [  310.329692] BTRFS: device fsid b9eb3e30-7ed0-4031-8481-2793365b6fee devid 1 transid 5 /dev/loop0
[STDERR  ] 2017-07-17T10:51:47.455934299Z: [  310.524501] BTRFS info (device loop0): disk space caching is enabled
[STDERR  ] 2017-07-17T10:51:47.455943289Z: [  310.524994] BTRFS info (device loop0): has skinny extents
[STDERR  ] 2017-07-17T10:51:47.455948847Z: [  310.525192] BTRFS info (device loop0): flagging fs with big metadata feature
[STDERR  ] 2017-07-17T10:51:47.455954314Z: [  310.563025] BTRFS info (device loop0): creating UUID tree
[STDERR  ] 2017-07-17T10:51:47.455959745Z: [  312.060128] BTRFS: device fsid 83c7dbd0-8b1e-4f99-9e54-6f56aa3a92ef devid 1 transid 5 /dev/loop0
[STDERR  ] 2017-07-17T10:51:47.455962677Z: [  312.256083] BTRFS info (device loop0): disk space caching is enabled
[STDERR  ] 2017-07-17T10:51:47.455968107Z: [  312.256655] BTRFS info (device loop0): has skinny extents
[STDERR  ] 2017-07-17T10:51:47.455979969Z: [  312.256917] BTRFS info (device loop0): flagging fs with big metadata feature
[STDERR  ] 2017-07-17T10:51:47.455986255Z: [  312.295085] BTRFS info (device loop0): creating UUID tree
[STDERR  ] 2017-07-17T10:51:47.455991635Z: ok  	github.com/containerd/containerd/snapshot/btrfs	12.004s
[STDERR  ] 2017-07-17T10:51:47.455997017Z: ok  	github.com/containerd/containerd/snapshot/naive	0.549s
[STDERR  ] 2017-07-17T10:51:47.456002664Z: [  342.649595] random: crng init done
[STDERR  ] 2017-07-17T10:51:47.456008055Z: ok  	github.com/containerd/containerd/snapshot/overlay	0.810s
[STDERR  ] 2017-07-17T10:51:47.456020247Z: ok  	github.com/containerd/containerd/snapshot/storage	0.645s
[STDERR  ] 2017-07-17T10:51:47.45602344Z: ?   	github.com/containerd/containerd/snapshot/storage/proto	[no test files]
[STDERR  ] 2017-07-17T10:51:47.456028907Z: ?   	github.com/containerd/containerd/snapshot/testsuite	[no test files]
[STDERR  ] 2017-07-17T10:51:47.456037154Z: containerd test suite PASSED
[STDERR  ] 2017-07-17T10:51:47.456042645Z:  - 001-test
[STDERR  ] 2017-07-17T10:51:47.456048152Z: [  416.852309] ACPI: Preparing to enter system sleep state S5
[STDERR  ] 2017-07-17T10:51:47.456053677Z: [  416.854978] reboot: Power down
[STDERR  ] 2017-07-17T10:51:47.456059118Z: + grep -q suite PASSED
[STDERR  ] 2017-07-17T10:51:47.752191793Z: + exit 0
[STDERR  ] 2017-07-17T10:51:47.752224153Z: + clean_up
[STDERR  ] 2017-07-17T10:51:47.752255322Z: + find . -iname test-containerd* -not -iname *.yml -exec rm -rf {} ;
[PASS    ] linuxkit.packages.containerd 479.41s
