[INFO    ] 2017-05-31T17:43:30.536872778Z: Running Test linuxkit.packages.mkimage in /tmp/with_clone1e457d48/test/cases/040_packages/013_mkimage
[INFO    ] 2017-05-31T17:43:30.536961184Z: Running command: [/bin/sh -x /tmp/with_clone1e457d48/test/cases/040_packages/013_mkimage/test.sh]
[STDERR  ] 2017-05-31T17:43:30.552758888Z: + set -e
[STDERR  ] 2017-05-31T17:43:30.552785584Z: + . /tmp/with_clone1e457d48/test/cases/_lib/lib.sh
[STDERR  ] 2017-05-31T17:43:30.552792804Z: + [ -f src/github.com/linuxkit/rtf/lib/lib.sh ]
[STDERR  ] 2017-05-31T17:43:30.552814662Z: + LINUXKIT_TMPDIR=/tmp/with_clone1e457d48/test/cases/_tmp
[STDERR  ] 2017-05-31T17:43:30.552821938Z: + [ -f /tmp/with_clone1e457d48/test/cases/_tmp/env.sh ]
[STDERR  ] 2017-05-31T17:43:30.552840341Z: + . /tmp/with_clone1e457d48/test/cases/_tmp/env.sh
[STDERR  ] 2017-05-31T17:43:30.552849087Z: + export LINUXKIT_EXAMPLES_DIR=/tmp/with_clone1e457d48/test/cases/../../examples
[STDERR  ] 2017-05-31T17:43:30.552873015Z: + RT_CANCEL=253
[STDERR  ] 2017-05-31T17:43:30.552885448Z: + trap clean_up EXIT
[STDERR  ] 2017-05-31T17:43:30.552898156Z: + moby build -output kernel+initrd run.yml
[STDERR  ] 2017-05-31T17:43:30.552910874Z: Pull kernel image: linuxkit/kernel:4.9.x
[STDERR  ] 2017-05-31T17:43:33.785066959Z: Extract kernel image: linuxkit/kernel:4.9.x
[STDERR  ] 2017-05-31T17:43:33.785104288Z: Pull image: linuxkit/kernel:4.9.x
[STDERR  ] 2017-05-31T17:43:41.448389479Z: Add init containers:
[STDERR  ] 2017-05-31T17:43:41.448427859Z: Process init image: linuxkit/init:1b8a7e394d2ec2f1fdb4d67645829d1b5bdca037
[STDERR  ] 2017-05-31T17:43:41.44844495Z: Pull image: linuxkit/init:1b8a7e394d2ec2f1fdb4d67645829d1b5bdca037
[STDERR  ] 2017-05-31T17:43:44.531566403Z: Process init image: linuxkit/runc:3a4e6cbf15470f62501b019b55e1caac5ee7689f
[STDERR  ] 2017-05-31T17:43:44.531585198Z: Pull image: linuxkit/runc:3a4e6cbf15470f62501b019b55e1caac5ee7689f
[STDERR  ] 2017-05-31T17:43:48.239036788Z: Process init image: linuxkit/containerd:deaf5bf838bf7f131c2287ecff3ed9835b0497e2
[STDERR  ] 2017-05-31T17:43:48.239119107Z: Pull image: linuxkit/containerd:deaf5bf838bf7f131c2287ecff3ed9835b0497e2
[STDERR  ] 2017-05-31T17:43:55.960559456Z: Add onboot containers:
[STDERR  ] 2017-05-31T17:43:55.960609403Z:   Create OCI config for linuxkit/poweroff:7404cf2295df89ccfa2dda41997a28307a90cf28
[STDERR  ] 2017-05-31T17:43:55.998628372Z: Pull image: linuxkit/poweroff:7404cf2295df89ccfa2dda41997a28307a90cf28
[STDERR  ] 2017-05-31T17:43:59.008381999Z: Create outputs:
[STDERR  ] 2017-05-31T17:44:04.950103397Z:   run-kernel run-initrd.img run-cmdline
[STDERR  ] 2017-05-31T17:44:05.205537125Z: + moby build -output kernel+initrd mkimage.yml
[STDERR  ] 2017-05-31T17:44:05.215742933Z: Pull kernel image: linuxkit/kernel:4.9.x
[STDERR  ] 2017-05-31T17:44:08.313297591Z: Extract kernel image: linuxkit/kernel:4.9.x
[STDERR  ] 2017-05-31T17:44:08.313371609Z: Pull image: linuxkit/kernel:4.9.x
[STDERR  ] 2017-05-31T17:44:16.340700735Z: Add init containers:
[STDERR  ] 2017-05-31T17:44:16.340772433Z: Process init image: linuxkit/init:1b8a7e394d2ec2f1fdb4d67645829d1b5bdca037
[STDERR  ] 2017-05-31T17:44:16.340825311Z: Pull image: linuxkit/init:1b8a7e394d2ec2f1fdb4d67645829d1b5bdca037
[STDERR  ] 2017-05-31T17:44:19.626313687Z: Process init image: linuxkit/runc:3a4e6cbf15470f62501b019b55e1caac5ee7689f
[STDERR  ] 2017-05-31T17:44:19.626359406Z: Pull image: linuxkit/runc:3a4e6cbf15470f62501b019b55e1caac5ee7689f
[STDERR  ] 2017-05-31T17:44:23.269148839Z: Process init image: linuxkit/containerd:deaf5bf838bf7f131c2287ecff3ed9835b0497e2
[STDERR  ] 2017-05-31T17:44:23.269186231Z: Pull image: linuxkit/containerd:deaf5bf838bf7f131c2287ecff3ed9835b0497e2
[STDERR  ] 2017-05-31T17:44:30.184727652Z: Add onboot containers:
[STDERR  ] 2017-05-31T17:44:30.18480314Z:   Create OCI config for linuxkit/mkimage:a3fd615543b84733ac8ba6f7e1927727665ef404
[STDERR  ] 2017-05-31T17:44:30.220940108Z: Pull image: linuxkit/mkimage:a3fd615543b84733ac8ba6f7e1927727665ef404
[STDERR  ] 2017-05-31T17:44:33.849128324Z:   Create OCI config for linuxkit/poweroff:7404cf2295df89ccfa2dda41997a28307a90cf28
[STDERR  ] 2017-05-31T17:44:33.883976355Z: Pull image: linuxkit/poweroff:7404cf2295df89ccfa2dda41997a28307a90cf28
[STDERR  ] 2017-05-31T17:44:37.260407911Z: Add files:
[STDERR  ] 2017-05-31T17:44:37.260446126Z:   data/kernel
[STDERR  ] 2017-05-31T17:44:37.266771982Z:   data/initrd.img
[STDERR  ] 2017-05-31T17:44:37.299506137Z:   data/cmdline
[STDERR  ] 2017-05-31T17:44:37.346155088Z: Create outputs:
[STDERR  ] 2017-05-31T17:44:44.808135228Z:   mkimage-kernel mkimage-initrd.img mkimage-cmdline
[STDERR  ] 2017-05-31T17:44:45.130663212Z: + linuxkit run qemu -disk-size 200 -disk-format qcow2 -disk disk.qcow2 -kernel mkimage
[STDOUT  ] 2017-05-31T17:44:46.834076965Z: [    0.000000] Linux version 4.9.30-linuxkit (root@84baa8e89c00) (gcc version 6.2.1 20160822 (Alpine 6.2.1) ) #1 SMP Tue May 30 11:40:28 UTC 2017
[STDOUT  ] 2017-05-31T17:44:46.834510727Z: [    0.000000] Command line: console=ttyS0
[STDOUT  ] 2017-05-31T17:44:46.834857267Z: [    0.000000] x86/fpu: Legacy x87 FPU detected.
[STDOUT  ] 2017-05-31T17:44:46.835284469Z: [    0.000000] x86/fpu: Using 'eager' FPU context switches.
[STDOUT  ] 2017-05-31T17:44:46.835669041Z: [    0.000000] e820: BIOS-provided physical RAM map:
[STDOUT  ] 2017-05-31T17:44:46.836187023Z: [    0.000000] BIOS-e820: [mem 0x0000000000000000-0x000000000009fbff] usable
[STDOUT  ] 2017-05-31T17:44:46.836734651Z: [    0.000000] BIOS-e820: [mem 0x000000000009fc00-0x000000000009ffff] reserved
[STDOUT  ] 2017-05-31T17:44:46.837280972Z: [    0.000000] BIOS-e820: [mem 0x00000000000f0000-0x00000000000fffff] reserved
[STDOUT  ] 2017-05-31T17:44:46.837862714Z: [    0.000000] BIOS-e820: [mem 0x0000000000100000-0x000000003ffdefff] usable
[STDOUT  ] 2017-05-31T17:44:46.838400259Z: [    0.000000] BIOS-e820: [mem 0x000000003ffdf000-0x000000003fffffff] reserved
[STDOUT  ] 2017-05-31T17:44:46.838944909Z: [    0.000000] BIOS-e820: [mem 0x00000000b0000000-0x00000000bfffffff] reserved
[STDOUT  ] 2017-05-31T17:44:46.839491182Z: [    0.000000] BIOS-e820: [mem 0x00000000fed1c000-0x00000000fed1ffff] reserved
[STDOUT  ] 2017-05-31T17:44:46.840024875Z: [    0.000000] BIOS-e820: [mem 0x00000000fffc0000-0x00000000ffffffff] reserved
[STDOUT  ] 2017-05-31T17:44:46.840426341Z: [    0.000000] NX (Execute Disable) protection: active
[STDOUT  ] 2017-05-31T17:44:46.840687397Z: [    0.000000] SMBIOS 2.8 present.
[STDOUT  ] 2017-05-31T17:44:46.841148185Z: [    0.000000] e820: last_pfn = 0x3ffdf max_arch_pfn = 0x400000000
[STDOUT  ] 2017-05-31T17:44:46.841686805Z: [    0.000000] x86/PAT: Configuration [0-7]: WB  WC  UC- UC  WB  WC  UC- WT  
[STDOUT  ] 2017-05-31T17:44:46.842330783Z: [    0.000000] found SMP MP-table at [mem 0x000f6aa0-0x000f6aaf] mapped at [ffff90a5400f6aa0]
[STDOUT  ] 2017-05-31T17:44:46.842671393Z: [    0.000000] RAMDISK: [mem 0x3bac8000-0x3ffcffff]
[STDOUT  ] 2017-05-31T17:44:46.84311344Z: [    0.000000] ACPI: Early table checksum verification disabled
[STDOUT  ] 2017-05-31T17:44:46.84354163Z: [    0.000000] ACPI: RSDP 0x00000000000F68C0 000014 (v00 BOCHS )
[STDOUT  ] 2017-05-31T17:44:46.844145938Z: [    0.000000] ACPI: RSDT 0x000000003FFE2404 000034 (v01 BOCHS  BXPCRSDT 00000001 BXPC 00000001)
[STDOUT  ] 2017-05-31T17:44:46.844762937Z: [    0.000000] ACPI: FACP 0x000000003FFE22A4 000074 (v01 BOCHS  BXPCFACP 00000001 BXPC 00000001)
[STDOUT  ] 2017-05-31T17:44:46.84536705Z: [    0.000000] ACPI: DSDT 0x000000003FFE0040 002264 (v01 BOCHS  BXPCDSDT 00000001 BXPC 00000001)
[STDOUT  ] 2017-05-31T17:44:46.845707381Z: [    0.000000] ACPI: FACS 0x000000003FFE0000 000040
[STDOUT  ] 2017-05-31T17:44:46.846306939Z: [    0.000000] ACPI: APIC 0x000000003FFE2318 000078 (v01 BOCHS  BXPCAPIC 00000001 BXPC 00000001)
[STDOUT  ] 2017-05-31T17:44:46.846926152Z: [    0.000000] ACPI: HPET 0x000000003FFE2390 000038 (v01 BOCHS  BXPCHPET 00000001 BXPC 00000001)
[STDOUT  ] 2017-05-31T17:44:46.847572349Z: [    0.000000] ACPI: MCFG 0x000000003FFE23C8 00003C (v01 BOCHS  BXPCMCFG 00000001 BXPC 00000001)
[STDOUT  ] 2017-05-31T17:44:46.847776387Z: [    0.000000] Zone ranges:
[STDOUT  ] 2017-05-31T17:44:46.84822408Z: [    0.000000]   DMA      [mem 0x0000000000001000-0x0000000000ffffff]
[STDOUT  ] 2017-05-31T17:44:46.848673221Z: [    0.000000]   DMA32    [mem 0x0000000001000000-0x000000003ffdefff]
[STDOUT  ] 2017-05-31T17:44:46.848896822Z: [    0.000000]   Normal   empty
[STDOUT  ] 2017-05-31T17:44:46.849220076Z: [    0.000000] Movable zone start for each node
[STDOUT  ] 2017-05-31T17:44:46.849503975Z: [    0.000000] Early memory node ranges
[STDOUT  ] 2017-05-31T17:44:46.849953915Z: [    0.000000]   node   0: [mem 0x0000000000001000-0x000000000009efff]
[STDOUT  ] 2017-05-31T17:44:46.850404094Z: [    0.000000]   node   0: [mem 0x0000000000100000-0x000000003ffdefff]
[STDOUT  ] 2017-05-31T17:44:46.850905647Z: [    0.000000] Initmem setup node 0 [mem 0x0000000000001000-0x000000003ffdefff]
[STDOUT  ] 2017-05-31T17:44:46.851206721Z: [    0.000000] ACPI: PM-Timer IO Port: 0x608
[STDOUT  ] 2017-05-31T17:44:46.851630182Z: [    0.000000] ACPI: LAPIC_NMI (acpi_id[0xff] dfl dfl lint[0x1])
[STDOUT  ] 2017-05-31T17:44:46.852137149Z: [    0.000000] IOAPIC[0]: apic_id 0, version 32, address 0xfec00000, GSI 0-23
[STDOUT  ] 2017-05-31T17:44:46.852592297Z: [    0.000000] ACPI: INT_SRC_OVR (bus 0 bus_irq 0 global_irq 2 dfl dfl)
[STDOUT  ] 2017-05-31T17:44:46.853072929Z: [    0.000000] ACPI: INT_SRC_OVR (bus 0 bus_irq 5 global_irq 5 high level)
[STDOUT  ] 2017-05-31T17:44:46.853551919Z: [    0.000000] ACPI: INT_SRC_OVR (bus 0 bus_irq 9 global_irq 9 high level)
[STDOUT  ] 2017-05-31T17:44:46.854029082Z: [    0.000000] ACPI: INT_SRC_OVR (bus 0 bus_irq 10 global_irq 10 high level)
[STDOUT  ] 2017-05-31T17:44:46.854515004Z: [    0.000000] ACPI: INT_SRC_OVR (bus 0 bus_irq 11 global_irq 11 high level)
[STDOUT  ] 2017-05-31T17:44:46.854951471Z: [    0.000000] Using ACPI (MADT) for SMP configuration information
[STDOUT  ] 2017-05-31T17:44:46.855325013Z: [    0.000000] ACPI: HPET id: 0x8086a201 base: 0xfed00000
[STDOUT  ] 2017-05-31T17:44:46.855686647Z: [    0.000000] smpboot: Allowing 1 CPUs, 0 hotplug CPUs
[STDOUT  ] 2017-05-31T17:44:46.856159648Z: [    0.000000] e820: [mem 0x40000000-0xafffffff] available for PCI devices
[STDOUT  ] 2017-05-31T17:44:46.856562173Z: [    0.000000] Booting paravirtualized kernel on bare hardware
[STDOUT  ] 2017-05-31T17:44:46.857298866Z: [    0.000000] clocksource: refined-jiffies: mask: 0xffffffff max_cycles: 0xffffffff, max_idle_ns: 19112604462750000 ns
[STDOUT  ] 2017-05-31T17:44:46.857878311Z: [    0.000000] setup_percpu: NR_CPUS:128 nr_cpumask_bits:128 nr_cpu_ids:1 nr_node_ids:1
[STDOUT  ] 2017-05-31T17:44:46.858460639Z: [    0.000000] percpu: Embedded 35 pages/cpu @ffff90a57b800000 s105240 r8192 d29928 u2097152
[STDOUT  ] 2017-05-31T17:44:46.859029393Z: [    0.000000] Built 1 zonelists in Zone order, mobility grouping on.  Total pages: 257896
[STDOUT  ] 2017-05-31T17:44:46.859357452Z: [    0.000000] Kernel command line: console=ttyS0
[STDOUT  ] 2017-05-31T17:44:46.859789283Z: [    0.000000] PID hash table entries: 4096 (order: 3, 32768 bytes)
[STDOUT  ] 2017-05-31T17:44:46.860298534Z: [    0.000000] Dentry cache hash table entries: 131072 (order: 8, 1048576 bytes)
[STDOUT  ] 2017-05-31T17:44:46.860790975Z: [    0.000000] Inode-cache hash table entries: 65536 (order: 7, 524288 bytes)
[STDOUT  ] 2017-05-31T17:44:46.861725262Z: [    0.000000] Memory: 941092K/1048052K available (9409K kernel code, 1593K rwdata, 3084K rodata, 1456K init, 604K bss, 106960K reserved, 0K cma-reserved)
[STDOUT  ] 2017-05-31T17:44:46.862053194Z: [    0.000000] Hierarchical RCU implementation.
[STDOUT  ] 2017-05-31T17:44:46.862445323Z: [    0.000000] 	Build-time adjustment of leaf fanout to 64.
[STDOUT  ] 2017-05-31T17:44:46.862905243Z: [    0.000000] 	RCU restricting CPUs from NR_CPUS=128 to nr_cpu_ids=1.
[STDOUT  ] 2017-05-31T17:44:46.863383169Z: [    0.000000] RCU: Adjusting geometry for rcu_fanout_leaf=64, nr_cpu_ids=1
[STDOUT  ] 2017-05-31T17:44:46.863662597Z: [    0.000000] NR_IRQS:8448 nr_irqs:256 16
[STDOUT  ] 2017-05-31T17:44:46.863943314Z: [    0.000000] Console: colour VGA+ 80x25
[STDOUT  ] 2017-05-31T17:44:46.864303358Z: [    0.000000] console [ttyS0] enabled
[STDOUT  ] 2017-05-31T17:44:46.867939365Z: [    0.000000] clocksource: hpet: mask: 0xffffffff max_cycles: 0xffffffff, max_idle_ns: 19112604467 ns
[STDOUT  ] 2017-05-31T17:44:46.912420201Z: [    0.000000] tsc: Fast TSC calibration using PIT
[STDOUT  ] 2017-05-31T17:44:46.913082951Z: [    0.000000] tsc: Detected 2295.815 MHz processor
[STDOUT  ] 2017-05-31T17:44:46.915772609Z: [    0.021521] Calibrating delay loop (skipped), value calculated using timer frequency.. 4591.63 BogoMIPS (lpj=22958150)
[STDOUT  ] 2017-05-31T17:44:46.916345066Z: [    0.022716] pid_max: default: 32768 minimum: 301
[STDOUT  ] 2017-05-31T17:44:46.917902447Z: [    0.024332] ACPI: Core revision 20160831
[STDOUT  ] 2017-05-31T17:44:46.962657142Z: [    0.072827] ACPI: 1 ACPI AML tables successfully acquired and loaded
[STDOUT  ] 2017-05-31T17:44:46.966231586Z: [    0.076666] Security Framework initialized
[STDOUT  ] 2017-05-31T17:44:46.966626585Z: [    0.077123] Yama: becoming mindful.
[STDOUT  ] 2017-05-31T17:44:46.969195582Z: [    0.079384] Mount-cache hash table entries: 2048 (order: 2, 16384 bytes)
[STDOUT  ] 2017-05-31T17:44:46.969935408Z: [    0.080111] Mountpoint-cache hash table entries: 2048 (order: 2, 16384 bytes)
[STDOUT  ] 2017-05-31T17:44:46.98922572Z: [    0.099459] Last level iTLB entries: 4KB 0, 2MB 0, 4MB 0
[STDOUT  ] 2017-05-31T17:44:46.989868523Z: [    0.100070] Last level dTLB entries: 4KB 0, 2MB 0, 4MB 0, 1GB 0
[STDOUT  ] 2017-05-31T17:44:47.359162183Z: [    0.469170] Freeing SMP alternatives memory: 24K (ffffffff8c0fc000 - ffffffff8c102000)
[STDOUT  ] 2017-05-31T17:44:47.3684386Z: [    0.478651] ftrace: allocating 41532 entries in 163 pages
[STDOUT  ] 2017-05-31T17:44:47.73657014Z: [    0.676770] smpboot: Max logical packages: 1
[STDOUT  ] 2017-05-31T17:44:47.743977974Z: [    0.684178] ..TIMER: vector=0x30 apic1=0 pin1=2 apic2=-1 pin2=-1
[STDOUT  ] 2017-05-31T17:44:47.96166142Z: [    0.790000] smpboot: CPU0: AMD QEMU Virtual CPU version 2.5+ (family: 0x6, model: 0x6, stepping: 0x3)
[STDOUT  ] 2017-05-31T17:44:47.96308606Z: [    0.790000] Performance Events: PMU not available due to virtualization, using software events only.
[STDOUT  ] 2017-05-31T17:44:47.979687435Z: [    0.798367] NMI watchdog: disabled (cpu0): hardware events not enabled
[STDOUT  ] 2017-05-31T17:44:47.98023402Z: [    0.798926] NMI watchdog: Shutting down hard lockup detector on all cpus
[STDOUT  ] 2017-05-31T17:44:47.983259481Z: [    0.802128] x86: Booted up 1 node, 1 CPUs
[STDOUT  ] 2017-05-31T17:44:47.983842141Z: [    0.802549] smpboot: Total of 1 processors activated (4591.63 BogoMIPS)
[STDOUT  ] 2017-05-31T17:44:47.998035249Z: [    0.816597] devtmpfs: initialized
[STDOUT  ] 2017-05-31T17:44:48.0029073Z: [    0.821706] x86/mm: Memory block size: 128MB
[STDOUT  ] 2017-05-31T17:44:48.068870235Z: [    0.886798] clocksource: jiffies: mask: 0xffffffff max_cycles: 0xffffffff, max_idle_ns: 19112604462750000 ns
[STDOUT  ] 2017-05-31T17:44:48.069572594Z: [    0.887819] futex hash table entries: 256 (order: 2, 16384 bytes)
[STDOUT  ] 2017-05-31T17:44:48.078280525Z: [    0.896572] NET: Registered protocol family 16
[STDOUT  ] 2017-05-31T17:44:48.087720956Z: [    0.905975] cpuidle: using governor ladder
[STDOUT  ] 2017-05-31T17:44:48.088150433Z: [    0.906436] cpuidle: using governor menu
[STDOUT  ] 2017-05-31T17:44:48.08925344Z: [    0.907537] ACPI: bus type PCI registered
[STDOUT  ] 2017-05-31T17:44:48.092515519Z: [    0.910363] PCI: MMCONFIG for domain 0000 [bus 00-ff] at [mem 0xb0000000-0xbfffffff] (base 0xb0000000)
[STDOUT  ] 2017-05-31T17:44:48.093132184Z: [    0.911165] PCI: MMCONFIG at [mem 0xb0000000-0xbfffffff] reserved in E820
[STDOUT  ] 2017-05-31T17:44:48.0944085Z: [    0.912495] PCI: Using configuration type 1 for base access
[STDOUT  ] 2017-05-31T17:44:48.205250541Z: [    1.022120] HugeTLB registered 2 MB page size, pre-allocated 0 pages
[STDOUT  ] 2017-05-31T17:44:48.216652152Z: [    1.033965] ACPI: Added _OSI(Module Device)
[STDOUT  ] 2017-05-31T17:44:48.217074262Z: [    1.034367] ACPI: Added _OSI(Processor Device)
[STDOUT  ] 2017-05-31T17:44:48.217470647Z: [    1.034731] ACPI: Added _OSI(3.0 _SCP Extensions)
[STDOUT  ] 2017-05-31T17:44:48.217905343Z: [    1.035170] ACPI: Added _OSI(Processor Aggregator Device)
[STDOUT  ] 2017-05-31T17:44:48.29541356Z: [    1.112182] ACPI: Interpreter enabled
[STDOUT  ] 2017-05-31T17:44:48.296265713Z: [    1.113113] ACPI: (supports S0 S5)
[STDOUT  ] 2017-05-31T17:44:48.296723689Z: [    1.113464] ACPI: Using IOAPIC for interrupt routing
[STDOUT  ] 2017-05-31T17:44:48.299095688Z: [    1.115557] PCI: Using host bridge windows from ACPI; if necessary, use "pci=nocrs" and report a bug
[STDOUT  ] 2017-05-31T17:44:48.364433733Z: [    1.180581] ACPI: PCI Root Bridge [PCI0] (domain 0000 [bus 00-ff])
[STDOUT  ] 2017-05-31T17:44:48.365584708Z: [    1.181653] acpi PNP0A08:00: _OSC: OS supports [ExtendedConfig ASPM ClockPM Segments MSI]
[STDOUT  ] 2017-05-31T17:44:48.372174897Z: [    1.188247] acpi PNP0A08:00: _OSC: OS now controls [PCIeHotplug PME PCIeCapability]
[STDOUT  ] 2017-05-31T17:44:48.375845546Z: [    1.192102] PCI host bridge to bus 0000:00
[STDOUT  ] 2017-05-31T17:44:48.376438204Z: [    1.192554] pci_bus 0000:00: root bus resource [io  0x0000-0x0cf7 window]
[STDOUT  ] 2017-05-31T17:44:48.376928306Z: [    1.193048] pci_bus 0000:00: root bus resource [io  0x0d00-0xffff window]
[STDOUT  ] 2017-05-31T17:44:48.377478259Z: [    1.193523] pci_bus 0000:00: root bus resource [mem 0x000a0000-0x000bffff window]
[STDOUT  ] 2017-05-31T17:44:48.377989415Z: [    1.194074] pci_bus 0000:00: root bus resource [mem 0xc0000000-0xfebfffff window]
[STDOUT  ] 2017-05-31T17:44:48.378520032Z: [    1.194719] pci_bus 0000:00: root bus resource [bus 00-ff]
[STDOUT  ] 2017-05-31T17:44:48.467826981Z: [    1.282179] pci 0000:00:1f.0: quirk: [io  0x0600-0x067f] claimed by ICH6 ACPI/GPIO/TCO
[STDOUT  ] 2017-05-31T17:44:48.522569616Z: [    1.337029] ACPI: PCI Interrupt Link [LNKA] (IRQs 5 *10 11)
[STDOUT  ] 2017-05-31T17:44:48.524997604Z: [    1.339484] ACPI: PCI Interrupt Link [LNKB] (IRQs 5 *10 11)
[STDOUT  ] 2017-05-31T17:44:48.527101379Z: [    1.342131] ACPI: PCI Interrupt Link [LNKC] (IRQs 5 10 *11)
[STDOUT  ] 2017-05-31T17:44:48.529196257Z: [    1.344254] ACPI: PCI Interrupt Link [LNKD] (IRQs 5 10 *11)
[STDOUT  ] 2017-05-31T17:44:48.531223429Z: [    1.346281] ACPI: PCI Interrupt Link [LNKE] (IRQs 5 *10 11)
[STDOUT  ] 2017-05-31T17:44:48.533032093Z: [    1.348123] ACPI: PCI Interrupt Link [LNKF] (IRQs 5 *10 11)
[STDOUT  ] 2017-05-31T17:44:48.534973854Z: [    1.349929] ACPI: PCI Interrupt Link [LNKG] (IRQs 5 10 *11)
[STDOUT  ] 2017-05-31T17:44:48.536812199Z: [    1.351562] ACPI: PCI Interrupt Link [LNKH] (IRQs 5 10 *11)
[STDOUT  ] 2017-05-31T17:44:48.537781265Z: [    1.352562] ACPI: PCI Interrupt Link [GSIA] (IRQs *16)
[STDOUT  ] 2017-05-31T17:44:48.538431473Z: [    1.353271] ACPI: PCI Interrupt Link [GSIB] (IRQs *17)
[STDOUT  ] 2017-05-31T17:44:48.539080736Z: [    1.353922] ACPI: PCI Interrupt Link [GSIC] (IRQs *18)
[STDOUT  ] 2017-05-31T17:44:48.539747343Z: [    1.354571] ACPI: PCI Interrupt Link [GSID] (IRQs *19)
[STDOUT  ] 2017-05-31T17:44:48.540397412Z: [    1.355228] ACPI: PCI Interrupt Link [GSIE] (IRQs *20)
[STDOUT  ] 2017-05-31T17:44:48.541042969Z: [    1.355876] ACPI: PCI Interrupt Link [GSIF] (IRQs *21)
[STDOUT  ] 2017-05-31T17:44:48.541704478Z: [    1.356549] ACPI: PCI Interrupt Link [GSIG] (IRQs *22)
[STDOUT  ] 2017-05-31T17:44:48.542362088Z: [    1.357197] ACPI: PCI Interrupt Link [GSIH] (IRQs *23)
[STDOUT  ] 2017-05-31T17:44:48.54602493Z: [    1.361048] ACPI: Enabled 2 GPEs in block 00 to 3F
[STDOUT  ] 2017-05-31T17:44:48.550166005Z: [    1.365310] SCSI subsystem initialized
[STDOUT  ] 2017-05-31T17:44:48.55269341Z: [    1.367760] pps_core: LinuxPPS API ver. 1 registered
[STDOUT  ] 2017-05-31T17:44:48.553296387Z: [    1.368142] pps_core: Software ver. 5.3.6 - Copyright 2005-2007 Rodolfo Giometti <giometti@linux.it>
[STDOUT  ] 2017-05-31T17:44:48.553728176Z: [    1.368882] PTP clock support registered
[STDOUT  ] 2017-05-31T17:44:48.554970026Z: [    1.370063] wmi: Mapper loaded
[STDOUT  ] 2017-05-31T17:44:48.556126003Z: [    1.371157] PCI: Using ACPI for IRQ routing
[STDOUT  ] 2017-05-31T17:44:48.575099487Z: [    1.390000] NetLabel: Initializing
[STDOUT  ] 2017-05-31T17:44:48.575494137Z: [    1.390353] NetLabel:  domain hash size = 128
[STDOUT  ] 2017-05-31T17:44:48.575887427Z: [    1.390736] NetLabel:  protocols = UNLABELED CIPSOv4
[STDOUT  ] 2017-05-31T17:44:48.578053802Z: [    1.392864] NetLabel:  unlabeled traffic allowed by default
[STDOUT  ] 2017-05-31T17:44:48.579282159Z: [    1.393975] HPET: 3 timers in total, 0 timers will be used for per-cpu timer
[STDOUT  ] 2017-05-31T17:44:48.58010621Z: [    1.394812] hpet0: at MMIO 0xfed00000, IRQs 2, 8, 0
[STDOUT  ] 2017-05-31T17:44:48.580575612Z: [    1.395359] hpet0: 3 comparators, 64-bit 100.000000 MHz counter
[STDOUT  ] 2017-05-31T17:44:48.58729931Z: [    1.402024] clocksource: Switched to clocksource hpet
[STDOUT  ] 2017-05-31T17:44:48.854089506Z: [    1.666983] VFS: Disk quotas dquot_6.6.0
[STDOUT  ] 2017-05-31T17:44:48.855009734Z: [    1.667800] VFS: Dquot-cache hash table entries: 512 (order 0, 4096 bytes)
[STDOUT  ] 2017-05-31T17:44:48.858026932Z: [    1.671050] FS-Cache: Loaded
[STDOUT  ] 2017-05-31T17:44:48.86343786Z: [    1.676495] CacheFiles: Loaded
[STDOUT  ] 2017-05-31T17:44:48.865068656Z: [    1.678110] pnp: PnP ACPI init
[STDOUT  ] 2017-05-31T17:44:48.877012221Z: [    1.689949] pnp: PnP ACPI: found 5 devices
[STDOUT  ] 2017-05-31T17:44:48.924532971Z: [    1.737152] clocksource: acpi_pm: mask: 0xffffff max_cycles: 0xffffff, max_idle_ns: 2085701024 ns
[STDOUT  ] 2017-05-31T17:44:48.92792848Z: [    1.740879] NET: Registered protocol family 2
[STDOUT  ] 2017-05-31T17:44:48.936116337Z: [    1.748924] TCP established hash table entries: 8192 (order: 4, 65536 bytes)
[STDOUT  ] 2017-05-31T17:44:48.936842569Z: [    1.749710] TCP bind hash table entries: 8192 (order: 5, 131072 bytes)
[STDOUT  ] 2017-05-31T17:44:48.93825319Z: [    1.751083] TCP: Hash tables configured (established 8192 bind 8192)
[STDOUT  ] 2017-05-31T17:44:48.939698502Z: [    1.752573] UDP hash table entries: 512 (order: 2, 16384 bytes)
[STDOUT  ] 2017-05-31T17:44:48.940288487Z: [    1.753145] UDP-Lite hash table entries: 512 (order: 2, 16384 bytes)
[STDOUT  ] 2017-05-31T17:44:48.942423226Z: [    1.755392] NET: Registered protocol family 1
[STDOUT  ] 2017-05-31T17:44:48.945926047Z: [    1.758815] RPC: Registered named UNIX socket transport module.
[STDOUT  ] 2017-05-31T17:44:48.946319166Z: [    1.759299] RPC: Registered udp transport module.
[STDOUT  ] 2017-05-31T17:44:48.946678139Z: [    1.759656] RPC: Registered tcp transport module.
[STDOUT  ] 2017-05-31T17:44:48.947220853Z: [    1.759990] RPC: Registered tcp NFSv4.1 backchannel transport module.
[STDOUT  ] 2017-05-31T17:44:48.948365278Z: [    1.761089] pci 0000:00:01.0: Video device with shadowed ROM at [mem 0x000c0000-0x000dffff]
[STDOUT  ] 2017-05-31T17:44:48.95524416Z: [    1.768277] Unpacking initramfs...
[STDOUT  ] 2017-05-31T17:44:54.474580335Z: [    7.287256] Freeing initrd memory: 70688K (ffff90a57bac8000 - ffff90a57ffd0000)
[STDOUT  ] 2017-05-31T17:44:54.498845244Z: [    7.311699] PCLMULQDQ-NI instructions are not detected.
[STDOUT  ] 2017-05-31T17:44:54.500118733Z: [    7.313006] AVX or AES-NI instructions are not detected.
[STDOUT  ] 2017-05-31T17:44:54.500629108Z: [    7.313520] CPU feature 'AVX registers' is not supported.
[STDOUT  ] 2017-05-31T17:44:54.501100471Z: [    7.313986] CPU feature 'AVX registers' is not supported.
[STDOUT  ] 2017-05-31T17:44:54.501560675Z: [    7.314443] CPU feature 'AVX registers' is not supported.
[STDOUT  ] 2017-05-31T17:44:54.502036106Z: [    7.314904] CPU feature 'AVX registers' is not supported.
[STDOUT  ] 2017-05-31T17:44:54.502470447Z: [    7.315383] AVX2 or AES-NI instructions are not detected.
[STDOUT  ] 2017-05-31T17:44:54.50287629Z: [    7.315834] AVX2 instructions are not detected.
[STDOUT  ] 2017-05-31T17:44:54.509824615Z: [    7.322721] audit: initializing netlink subsys (disabled)
[STDOUT  ] 2017-05-31T17:44:54.51375149Z: [    7.326622] audit: type=2000 audit(1496252693.320:1): initialized
[STDOUT  ] 2017-05-31T17:44:54.521422523Z: [    7.334256] workingset: timestamp_bits=46 max_order=18 bucket_order=0
[STDOUT  ] 2017-05-31T17:44:54.526262304Z: [    7.339174] FS-Cache: Netfs 'nfs' registered for caching
[STDOUT  ] 2017-05-31T17:44:54.52909287Z: [    7.341966] NFS: Registering the id_resolver key type
[STDOUT  ] 2017-05-31T17:44:54.530266771Z: [    7.343243] Key type id_resolver registered
[STDOUT  ] 2017-05-31T17:44:54.530600456Z: [    7.343599] Key type id_legacy registered
[STDOUT  ] 2017-05-31T17:44:54.531176358Z: [    7.344020] nfs4filelayout_init: NFSv4 File Layout Driver Registering...
[STDOUT  ] 2017-05-31T17:44:54.531910612Z: [    7.344765] Installing knfsd (copyright (C) 1996 okir@monad.swb.de).
[STDOUT  ] 2017-05-31T17:44:54.535215104Z: [    7.348124] FS-Cache: Netfs 'cifs' registered for caching
[STDOUT  ] 2017-05-31T17:44:54.536057617Z: [    7.349036] ntfs: driver 2.1.32 [Flags: R/O].
[STDOUT  ] 2017-05-31T17:44:54.536570972Z: [    7.349589] fuse init (API version 7.26)
[STDOUT  ] 2017-05-31T17:44:54.539392095Z: [    7.352226] SGI XFS with ACLs, security attributes, no debug enabled
[STDOUT  ] 2017-05-31T17:44:54.54309479Z: [    7.355993] 9p: Installing v9fs 9p2000 file system support
[STDOUT  ] 2017-05-31T17:44:54.543603047Z: [    7.356517] FS-Cache: Netfs '9p' registered for caching
[STDOUT  ] 2017-05-31T17:44:54.575900127Z: [    7.388833] NET: Registered protocol family 38
[STDOUT  ] 2017-05-31T17:44:54.576440601Z: [    7.389420] Key type asymmetric registered
[STDOUT  ] 2017-05-31T17:44:54.576855084Z: [    7.389795] Asymmetric key parser 'x509' registered
[STDOUT  ] 2017-05-31T17:44:54.578863534Z: [    7.391601] Block layer SCSI generic (bsg) driver version 0.4 loaded (major 251)
[STDOUT  ] 2017-05-31T17:44:54.580071732Z: [    7.393045] io scheduler noop registered
[STDOUT  ] 2017-05-31T17:44:54.580509232Z: [    7.393414] io scheduler deadline registered (default)
[STDOUT  ] 2017-05-31T17:44:54.581075509Z: [    7.394062] io scheduler cfq registered
[STDOUT  ] 2017-05-31T17:44:54.584133475Z: [    7.396946] pci_hotplug: PCI Hot Plug PCI Core version: 0.5
[STDOUT  ] 2017-05-31T17:44:54.584848895Z: [    7.397684] pciehp: PCI Express Hot Plug Controller Driver version: 0.4
[STDOUT  ] 2017-05-31T17:44:54.585770138Z: [    7.398578] shpchp: Standard Hot Plug PCI Controller Driver version: 0.4
[STDOUT  ] 2017-05-31T17:44:54.586455558Z: [    7.399423] hv_vmbus: registering driver hyperv_fb
[STDOUT  ] 2017-05-31T17:44:54.590449225Z: [    7.403242] input: Power Button as /devices/LNXSYSTM:00/LNXPWRBN:00/input/input0
[STDOUT  ] 2017-05-31T17:44:54.591292433Z: [    7.404310] ACPI: Power Button [PWRF]
[STDOUT  ] 2017-05-31T17:44:54.596313984Z: [    7.409318] GHES: HEST is not enabled!
[STDOUT  ] 2017-05-31T17:44:54.607175606Z: [    7.419996] ACPI: PCI Interrupt Link [GSIH] enabled at IRQ 23
[STDOUT  ] 2017-05-31T17:44:54.613607251Z: [    7.426459] xenfs: not registering filesystem on non-xen platform
[STDOUT  ] 2017-05-31T17:44:54.615484888Z: [    7.428306] Serial: 8250/16550 driver, 4 ports, IRQ sharing disabled
[STDOUT  ] 2017-05-31T17:44:54.641965752Z: [    7.454719] 00:04: ttyS0 at I/O 0x3f8 (irq = 4, base_baud = 115200) is a 16550A
[STDOUT  ] 2017-05-31T17:44:54.64942945Z: [    7.462374] Initializing Nozomi driver 2.1d
[STDOUT  ] 2017-05-31T17:44:54.653581945Z: [    7.466539] Non-volatile memory driver v1.3
[STDOUT  ] 2017-05-31T17:44:54.659911466Z: [    7.472593] Hangcheck: starting hangcheck timer 0.9.1 (tick is 180 seconds, margin is 60 seconds).
[STDOUT  ] 2017-05-31T17:44:54.664687133Z: [    7.477712] random: fast init done
[STDOUT  ] 2017-05-31T17:44:54.665870183Z: [    7.478919] random: crng init done
[STDOUT  ] 2017-05-31T17:44:54.700302987Z: [    7.513308] loop: module loaded
[STDOUT  ] 2017-05-31T17:44:54.715472175Z: [    7.528390] nbd: registered device at major 43
[STDOUT  ] 2017-05-31T17:44:54.757032255Z: [    7.569770] lpc_ich 0000:00:1f.0: I/O space for GPIO uninitialized
[STDOUT  ] 2017-05-31T17:44:54.75895994Z: [    7.571853] VMware PVSCSI driver - version 1.0.7.0-k
[STDOUT  ] 2017-05-31T17:44:54.759724338Z: [    7.572634] hv_vmbus: registering driver hv_storvsc
[STDOUT  ] 2017-05-31T17:44:54.770721702Z: [    7.583582] ACPI: PCI Interrupt Link [GSIA] enabled at IRQ 16
[STDOUT  ] 2017-05-31T17:44:54.77687972Z: [    7.589585] ahci 0000:00:1f.2: AHCI 0001.0000 32 slots 6 ports 1.5 Gbps 0x3f impl SATA mode
[STDOUT  ] 2017-05-31T17:44:54.777598084Z: [    7.590502] ahci 0000:00:1f.2: flags: ncq only 
[STDOUT  ] 2017-05-31T17:44:54.797064836Z: [    7.610022] scsi host0: ahci
[STDOUT  ] 2017-05-31T17:44:54.801129485Z: [    7.614156] scsi host1: ahci
[STDOUT  ] 2017-05-31T17:44:54.803490705Z: [    7.616547] scsi host2: ahci
[STDOUT  ] 2017-05-31T17:44:54.805878519Z: [    7.618928] scsi host3: ahci
[STDOUT  ] 2017-05-31T17:44:54.808330809Z: [    7.621376] scsi host4: ahci
[STDOUT  ] 2017-05-31T17:44:54.810484423Z: [    7.623538] scsi host5: ahci
[STDOUT  ] 2017-05-31T17:44:54.812481042Z: [    7.625280] ata1: SATA max UDMA/133 abar m4096@0xfebf1000 port 0xfebf1100 irq 24
[STDOUT  ] 2017-05-31T17:44:54.813052837Z: [    7.625857] ata2: SATA max UDMA/133 abar m4096@0xfebf1000 port 0xfebf1180 irq 24
[STDOUT  ] 2017-05-31T17:44:54.813555138Z: [    7.626365] ata3: SATA max UDMA/133 abar m4096@0xfebf1000 port 0xfebf1200 irq 24
[STDOUT  ] 2017-05-31T17:44:54.814050872Z: [    7.626866] ata4: SATA max UDMA/133 abar m4096@0xfebf1000 port 0xfebf1280 irq 24
[STDOUT  ] 2017-05-31T17:44:54.814549153Z: [    7.627363] ata5: SATA max UDMA/133 abar m4096@0xfebf1000 port 0xfebf1300 irq 24
[STDOUT  ] 2017-05-31T17:44:54.815036337Z: [    7.627862] ata6: SATA max UDMA/133 abar m4096@0xfebf1000 port 0xfebf1380 irq 24
[STDOUT  ] 2017-05-31T17:44:54.824340748Z: [    7.637197] Ethernet Channel Bonding Driver: v3.7.1 (April 27, 2011)
[STDOUT  ] 2017-05-31T17:44:54.84300414Z: [    7.655862] tun: Universal TUN/TAP device driver, 1.6
[STDOUT  ] 2017-05-31T17:44:54.843488496Z: [    7.656331] tun: (C) 1999-2004 Max Krasnyansky <maxk@qualcomm.com>
[STDOUT  ] 2017-05-31T17:44:54.845156413Z: [    7.658056] ena: Elastic Network Adapter (ENA) v1.0.2
[STDOUT  ] 2017-05-31T17:44:54.846618203Z: [    7.659394] e1000: Intel(R) PRO/1000 Network Driver - version 7.3.21-k8-NAPI
[STDOUT  ] 2017-05-31T17:44:54.847123195Z: [    7.659949] e1000: Copyright (c) 1999-2006 Intel Corporation.
[STDOUT  ] 2017-05-31T17:44:54.855457112Z: [    7.668356] ACPI: PCI Interrupt Link [GSIG] enabled at IRQ 22
[STDOUT  ] 2017-05-31T17:44:55.151584911Z: [    7.964358] ata2: SATA link down (SStatus 0 SControl 300)
[STDOUT  ] 2017-05-31T17:44:55.153989022Z: [    7.966814] ata1: SATA link up 1.5 Gbps (SStatus 113 SControl 300)
[STDOUT  ] 2017-05-31T17:44:55.158213746Z: [    7.971029] ata1.00: ATA-7: QEMU HARDDISK, 2.5+, max UDMA/100
[STDOUT  ] 2017-05-31T17:44:55.158792374Z: [    7.971523] ata1.00: 409600 sectors, multi 16: LBA48 NCQ (depth 31/32)
[STDOUT  ] 2017-05-31T17:44:55.159397532Z: [    7.972318] ata1.00: applying bridge limits
[STDOUT  ] 2017-05-31T17:44:55.160764037Z: [    7.973634] ata5: SATA link down (SStatus 0 SControl 300)
[STDOUT  ] 2017-05-31T17:44:55.161561783Z: [    7.974439] ata4: SATA link down (SStatus 0 SControl 300)
[STDOUT  ] 2017-05-31T17:44:55.162148503Z: [    7.974959] ata3: SATA link up 1.5 Gbps (SStatus 113 SControl 300)
[STDOUT  ] 2017-05-31T17:44:55.162909703Z: [    7.975775] ata3.00: ATAPI: QEMU DVD-ROM, 2.5+, max UDMA/100
[STDOUT  ] 2017-05-31T17:44:55.163264201Z: [    7.976226] ata3.00: applying bridge limits
[STDOUT  ] 2017-05-31T17:44:55.164276639Z: [    7.977226] ata3.00: configured for UDMA/100
[STDOUT  ] 2017-05-31T17:44:55.166539892Z: [    7.979436] ata6: SATA link down (SStatus 0 SControl 300)
[STDOUT  ] 2017-05-31T17:44:55.167749372Z: [    7.980686] ata1.00: configured for UDMA/100
[STDOUT  ] 2017-05-31T17:44:55.178987076Z: [    7.991710] scsi 0:0:0:0: Direct-Access     ATA      QEMU HARDDISK    2.5+ PQ: 0 ANSI: 5
[STDOUT  ] 2017-05-31T17:44:55.18579037Z: [    7.998702] sd 0:0:0:0: Attached scsi generic sg0 type 0
[STDOUT  ] 2017-05-31T17:44:55.18936533Z: [    8.002149] sd 0:0:0:0: [sda] 409600 512-byte logical blocks: (210 MB/200 MiB)
[STDOUT  ] 2017-05-31T17:44:55.195093851Z: [    8.007842] scsi 2:0:0:0: CD-ROM            QEMU     QEMU DVD-ROM     2.5+ PQ: 0 ANSI: 5
[STDOUT  ] 2017-05-31T17:44:55.197830447Z: [    8.010773] sd 0:0:0:0: [sda] Write Protect is off
[STDOUT  ] 2017-05-31T17:44:55.200641733Z: [    8.013333] sd 0:0:0:0: [sda] Write cache: enabled, read cache: enabled, doesn't support DPO or FUA
[STDOUT  ] 2017-05-31T17:44:55.219887566Z: [    8.032639] sr 2:0:0:0: [sr0] scsi3-mmc drive: 4x/4x cd/rw xa/form2 tray
[STDOUT  ] 2017-05-31T17:44:55.220465611Z: [    8.033370] cdrom: Uniform CD-ROM driver Revision: 3.20
[STDOUT  ] 2017-05-31T17:44:55.242464163Z: [    8.055357] sd 0:0:0:0: [sda] Attached SCSI disk
[STDOUT  ] 2017-05-31T17:44:55.243170531Z: [    8.056048] sr 2:0:0:0: Attached scsi generic sg1 type 5
[STDOUT  ] 2017-05-31T17:44:55.247820149Z: [    8.060564] e1000 0000:00:02.0 eth0: (PCI:33MHz:32-bit) 52:54:00:12:34:56
[STDOUT  ] 2017-05-31T17:44:55.248436483Z: [    8.061234] e1000 0000:00:02.0 eth0: Intel(R) PRO/1000 Network Connection
[STDOUT  ] 2017-05-31T17:44:55.249385988Z: [    8.062232] e1000e: Intel(R) PRO/1000 Network Driver - 3.2.6-k
[STDOUT  ] 2017-05-31T17:44:55.249835672Z: [    8.062691] e1000e: Copyright(c) 1999 - 2015 Intel Corporation.
[STDOUT  ] 2017-05-31T17:44:55.250771336Z: [    8.063548] igb: Intel(R) Gigabit Ethernet Network Driver - version 5.4.0-k
[STDOUT  ] 2017-05-31T17:44:55.251189376Z: [    8.064080] igb: Copyright (c) 2007-2014 Intel Corporation.
[STDOUT  ] 2017-05-31T17:44:55.25208587Z: [    8.064836] igbvf: Intel(R) Gigabit Virtual Function Network Driver - version 2.4.0-k
[STDOUT  ] 2017-05-31T17:44:55.252505708Z: [    8.065400] igbvf: Copyright (c) 2009 - 2012 Intel Corporation.
[STDOUT  ] 2017-05-31T17:44:55.253361853Z: [    8.066141] ixgbe: Intel(R) 10 Gigabit PCI Express Network Driver - version 4.4.0-k
[STDOUT  ] 2017-05-31T17:44:55.253763103Z: [    8.066674] ixgbe: Copyright (c) 1999-2016 Intel Corporation.
[STDOUT  ] 2017-05-31T17:44:55.255381541Z: [    8.068056] ixgbevf: Intel(R) 10 Gigabit PCI Express Virtual Function Network Driver - version 3.2.2-k
[STDOUT  ] 2017-05-31T17:44:55.255813503Z: [    8.068701] ixgbevf: Copyright (c) 2009 - 2015 Intel Corporation.
[STDOUT  ] 2017-05-31T17:44:55.257272649Z: [    8.069989] ixgb: Intel(R) PRO/10GbE Network Driver - version 1.0.135-k2-NAPI
[STDOUT  ] 2017-05-31T17:44:55.257867018Z: [    8.070758] ixgb: Copyright (c) 1999-2008 Intel Corporation.
[STDOUT  ] 2017-05-31T17:44:55.258804353Z: [    8.071777] PPP generic driver version 2.4.2
[STDOUT  ] 2017-05-31T17:44:55.260218385Z: [    8.073159] PPP BSD Compression module registered
[STDOUT  ] 2017-05-31T17:44:55.260617426Z: [    8.073569] PPP Deflate Compression module registered
[STDOUT  ] 2017-05-31T17:44:55.261163288Z: [    8.074117] PPP MPPE Compression module registered
[STDOUT  ] 2017-05-31T17:44:55.261513524Z: [    8.074506] NET: Registered protocol family 24
[STDOUT  ] 2017-05-31T17:44:55.262057933Z: [    8.075071] PPTP driver version 0.8.5
[STDOUT  ] 2017-05-31T17:44:55.263430763Z: [    8.076273] VMware vmxnet3 virtual NIC driver - version 1.4.a.0-k-NAPI
[STDOUT  ] 2017-05-31T17:44:55.264216697Z: [    8.077117] hv_vmbus: registering driver hv_netvsc
[STDOUT  ] 2017-05-31T17:44:55.264564426Z: [    8.077566] Fusion MPT base driver 3.04.20
[STDOUT  ] 2017-05-31T17:44:55.264910975Z: [    8.077877] Copyright (c) 1999-2008 LSI Corporation
[STDOUT  ] 2017-05-31T17:44:55.265439315Z: [    8.078435] Fusion MPT SPI Host driver 3.04.20
[STDOUT  ] 2017-05-31T17:44:55.27092463Z: [    8.083923] aoe: AoE v85 initialised.
[STDOUT  ] 2017-05-31T17:44:55.273024994Z: [    8.085790] i8042: PNP: PS/2 Controller [PNP0303:KBD,PNP0f13:MOU] at 0x60,0x64 irq 1,12
[STDOUT  ] 2017-05-31T17:44:55.276743393Z: [    8.089683] serio: i8042 KBD port at 0x60,0x64 irq 1
[STDOUT  ] 2017-05-31T17:44:55.277632847Z: [    8.090520] serio: i8042 AUX port at 0x60,0x64 irq 12
[STDOUT  ] 2017-05-31T17:44:55.28125513Z: [    8.094158] hv_vmbus: registering driver hyperv_keyboard
[STDOUT  ] 2017-05-31T17:44:55.28331646Z: [    8.096211] mousedev: PS/2 mouse device common for all mice
[STDOUT  ] 2017-05-31T17:44:55.288555319Z: [    8.101253] input: AT Translated Set 2 keyboard as /devices/platform/i8042/serio0/input/input1
[STDOUT  ] 2017-05-31T17:44:55.291192552Z: [    8.104022] input: PC Speaker as /devices/platform/pcspkr/input/input2
[STDOUT  ] 2017-05-31T17:44:55.294471874Z: [    8.107423] rtc_cmos 00:00: RTC can wake from S4
[STDOUT  ] 2017-05-31T17:44:55.297958118Z: [    8.110823] rtc_cmos 00:00: rtc core: registered rtc_cmos as rtc0
[STDOUT  ] 2017-05-31T17:44:55.299298701Z: [    8.112090] rtc_cmos 00:00: alarms up to one day, y3k, 114 bytes nvram, hpet irqs
[STDOUT  ] 2017-05-31T17:44:55.29978482Z: [    8.112811] i2c /dev entries driver
[STDOUT  ] 2017-05-31T17:44:55.301876225Z: [    8.114596] device-mapper: ioctl: 4.35.0-ioctl (2016-06-23) initialised: dm-devel@redhat.com
[STDOUT  ] 2017-05-31T17:44:55.305998709Z: [    8.118919] hv_utils: Registering HyperV Utility Driver
[STDOUT  ] 2017-05-31T17:44:55.306340602Z: [    8.119324] hv_vmbus: registering driver hv_util
[STDOUT  ] 2017-05-31T17:44:55.306696865Z: [    8.119660] hv_vmbus: registering driver hv_balloon
[STDOUT  ] 2017-05-31T17:44:55.307423216Z: [    8.120348] oprofile: using NMI interrupt.
[STDOUT  ] 2017-05-31T17:44:55.308473368Z: [    8.121505] GACT probability on
[STDOUT  ] 2017-05-31T17:44:55.308932242Z: [    8.121959] Mirror/redirect action on
[STDOUT  ] 2017-05-31T17:44:55.309829039Z: [    8.122854] Simple TC action Loaded
[STDOUT  ] 2017-05-31T17:44:55.312760461Z: [    8.125820] netem: version 1.3
[STDOUT  ] 2017-05-31T17:44:55.313062207Z: [    8.126146] u32 classifier
[STDOUT  ] 2017-05-31T17:44:55.313344575Z: [    8.126371]     Performance counters on
[STDOUT  ] 2017-05-31T17:44:55.313614078Z: [    8.126652]     input device check on
[STDOUT  ] 2017-05-31T17:44:55.313867806Z: [    8.126922]     Actions configured
[STDOUT  ] 2017-05-31T17:44:55.314576596Z: [    8.127471] Netfilter messages via NETLINK v0.30.
[STDOUT  ] 2017-05-31T17:44:55.315268908Z: [    8.128236] nfnl_acct: registering with nfnetlink.
[STDOUT  ] 2017-05-31T17:44:55.316587316Z: [    8.129483] nf_conntrack version 0.5.0 (8192 buckets, 32768 max)
[STDOUT  ] 2017-05-31T17:44:55.320043713Z: [    8.132941] ctnetlink v0.93: registering with nfnetlink.
[STDOUT  ] 2017-05-31T17:44:55.32365629Z: [    8.136508] nf_tables: (c) 2007-2009 Patrick McHardy <kaber@trash.net>
[STDOUT  ] 2017-05-31T17:44:55.324522849Z: [    8.137344] nf_tables_compat: (c) 2012 Pablo Neira Ayuso <pablo@netfilter.org>
[STDOUT  ] 2017-05-31T17:44:55.326632476Z: [    8.139611] xt_time: kernel timezone is -0000
[STDOUT  ] 2017-05-31T17:44:55.327198762Z: [    8.140158] ip_set: protocol 6
[STDOUT  ] 2017-05-31T17:44:55.328253076Z: [    8.141130] IPVS: Registered protocols (TCP, UDP, SCTP, AH, ESP)
[STDOUT  ] 2017-05-31T17:44:55.328929557Z: [    8.141729] IPVS: Connection hash table configured (size=4096, memory=64Kbytes)
[STDOUT  ] 2017-05-31T17:44:55.330487821Z: [    8.143461] IPVS: Creating netns size=2104 id=0
[STDOUT  ] 2017-05-31T17:44:55.333018288Z: [    8.146058] IPVS: ipvs loaded.
[STDOUT  ] 2017-05-31T17:44:55.333438469Z: [    8.146439] IPVS: [rr] scheduler registered.
[STDOUT  ] 2017-05-31T17:44:55.333789838Z: [    8.146792] IPVS: [wrr] scheduler registered.
[STDOUT  ] 2017-05-31T17:44:55.334113945Z: [    8.147114] IPVS: [lc] scheduler registered.
[STDOUT  ] 2017-05-31T17:44:55.334429461Z: [    8.147427] IPVS: [wlc] scheduler registered.
[STDOUT  ] 2017-05-31T17:44:55.334742569Z: [    8.147744] IPVS: [fo] scheduler registered.
[STDOUT  ] 2017-05-31T17:44:55.335050638Z: [    8.148057] IPVS: [ovf] scheduler registered.
[STDOUT  ] 2017-05-31T17:44:55.335490875Z: [    8.148475] IPVS: [lblc] scheduler registered.
[STDOUT  ] 2017-05-31T17:44:55.335922455Z: [    8.148899] IPVS: [lblcr] scheduler registered.
[STDOUT  ] 2017-05-31T17:44:55.336242414Z: [    8.149252] IPVS: [dh] scheduler registered.
[STDOUT  ] 2017-05-31T17:44:55.336566535Z: [    8.149572] IPVS: [sh] scheduler registered.
[STDOUT  ] 2017-05-31T17:44:55.336901629Z: [    8.149886] IPVS: [sed] scheduler registered.
[STDOUT  ] 2017-05-31T17:44:55.337647995Z: [    8.150582] IPVS: [nq] scheduler registered.
[STDOUT  ] 2017-05-31T17:44:55.338394328Z: [    8.151324] IPVS: ftp: loaded support on port[0] = 21
[STDOUT  ] 2017-05-31T17:44:55.339204201Z: [    8.152120] ipip: IPv4 and MPLS over IPv4 tunneling driver
[STDOUT  ] 2017-05-31T17:44:55.34308632Z: [    8.156034] gre: GRE over IPv4 demultiplexor driver
[STDOUT  ] 2017-05-31T17:44:55.343499795Z: [    8.156434] ip_gre: GRE over IPv4 tunneling driver
[STDOUT  ] 2017-05-31T17:44:55.349037524Z: [    8.161996] IPv4 over IPsec tunneling driver
[STDOUT  ] 2017-05-31T17:44:55.354376061Z: [    8.167279] ip_tables: (C) 2000-2006 Netfilter Core Team
[STDOUT  ] 2017-05-31T17:44:55.357954765Z: [    8.170785] ipt_CLUSTERIP: ClusterIP Version 0.8 loaded successfully
[STDOUT  ] 2017-05-31T17:44:55.358634025Z: [    8.171536] arp_tables: arp_tables: (C) 2002 David S. Miller
[STDOUT  ] 2017-05-31T17:44:55.360359809Z: [    8.173322] Initializing XFRM netlink socket
[STDOUT  ] 2017-05-31T17:44:55.361383884Z: [    8.174364] NET: Registered protocol family 10
[STDOUT  ] 2017-05-31T17:44:55.372754178Z: [    8.185797] mip6: Mobile IPv6
[STDOUT  ] 2017-05-31T17:44:55.373836476Z: [    8.186722] ip6_tables: (C) 2000-2006 Netfilter Core Team
[STDOUT  ] 2017-05-31T17:44:55.381502335Z: [    8.194361] sit: IPv6, IPv4 and MPLS over IPv4 tunneling driver
[STDOUT  ] 2017-05-31T17:44:55.388360008Z: [    8.201272] ip6_gre: GRE over IPv6 tunneling driver
[STDOUT  ] 2017-05-31T17:44:55.391836039Z: [    8.204806] NET: Registered protocol family 17
[STDOUT  ] 2017-05-31T17:44:55.392451177Z: [    8.205413] NET: Registered protocol family 15
[STDOUT  ] 2017-05-31T17:44:55.393435547Z: [    8.206427] Bridge firewalling registered
[STDOUT  ] 2017-05-31T17:44:55.393933558Z: [    8.206954] Ebtables v2.0 registered
[STDOUT  ] 2017-05-31T17:44:55.396809274Z: [    8.209777] l2tp_core: L2TP core driver, V2.0
[STDOUT  ] 2017-05-31T17:44:55.39767087Z: [    8.210566] l2tp_ppp: PPPoL2TP kernel driver, V2.0
[STDOUT  ] 2017-05-31T17:44:55.398018225Z: [    8.211010] 8021q: 802.1Q VLAN Support v1.8
[STDOUT  ] 2017-05-31T17:44:55.399424679Z: [    8.212408] 9pnet: Installing 9P2000 support
[STDOUT  ] 2017-05-31T17:44:55.400194302Z: [    8.213171] Key type dns_resolver registered
[STDOUT  ] 2017-05-31T17:44:55.400623752Z: [    8.213544] openvswitch: Open vSwitch switching datapath
[STDOUT  ] 2017-05-31T17:44:55.402357508Z: [    8.215362] mpls_gso: MPLS GSO support
[STDOUT  ] 2017-05-31T17:44:55.402937518Z: [    8.215874] microcode: AMD CPU family 0x6 not supported
[STDOUT  ] 2017-05-31T17:44:55.406321302Z: [    8.219308] registered taskstats version 1
[STDOUT  ] 2017-05-31T17:44:55.508746555Z: [    8.321487] tsc: Refined TSC clocksource calibration: 2300.145 MHz
[STDOUT  ] 2017-05-31T17:44:55.50956106Z: [    8.322143] clocksource: tsc: mask: 0xffffffffffffffff max_cycles: 0x2127bdff426, max_idle_ns: 440795204573 ns
[STDOUT  ] 2017-05-31T17:44:55.540111938Z: [    8.353031] Key type big_key registered
[STDOUT  ] 2017-05-31T17:44:55.579777485Z: [    8.392712] Key type encrypted registered
[STDOUT  ] 2017-05-31T17:44:55.584627588Z: [    8.397349] rtc_cmos 00:00: setting system clock to 2017-05-31 17:44:55 UTC (1496252695)
[STDOUT  ] 2017-05-31T17:44:55.73363633Z: [    8.546284] Freeing unused kernel memory: 1456K (ffffffff8bf90000 - ffffffff8c0fc000)
[STDOUT  ] 2017-05-31T17:44:55.73415354Z: [    8.547000] Write protecting the kernel read-only data: 14336k
[STDOUT  ] 2017-05-31T17:44:55.744590251Z: [    8.557359] Freeing unused kernel memory: 816K (ffff90a563934000 - ffff90a563a00000)
[STDOUT  ] 2017-05-31T17:44:55.810444195Z: [    8.623136] Freeing unused kernel memory: 1012K (ffff90a563d03000 - ffff90a563e00000)
[STDOUT  ] 2017-05-31T17:44:56.528214409Z: [    9.341020] clocksource: Switched to clocksource tsc
[STDOUT  ] 2017-05-31T17:45:01.903833649Z: 
[STDOUT  ] 2017-05-31T17:45:01.904428183Z: Welcome to LinuxKit
[STDOUT  ] 2017-05-31T17:45:01.904521641Z: 
[STDOUT  ] 2017-05-31T17:45:01.904959761Z:                         ##         .
[STDOUT  ] 2017-05-31T17:45:01.921869906Z:                   ## ## ##        ==
[STDOUT  ] 2017-05-31T17:45:01.922294782Z:                ## ## ## ## ##    ===
[STDOUT  ] 2017-05-31T17:45:01.922681957Z:            /"""""""""""""""""\___/ ===
[STDOUT  ] 2017-05-31T17:45:01.923091368Z:       ~~~ {~~ ~~~~ ~~~ ~~~~ ~~~ ~ /  ===- ~~~
[STDOUT  ] 2017-05-31T17:45:01.923430126Z:            \______ o           __/
[STDOUT  ] 2017-05-31T17:45:01.923775975Z:              \    \         __/
[STDOUT  ] 2017-05-31T17:45:01.9240682Z:               \____\_______/
[STDOUT  ] 2017-05-31T17:45:01.924162283Z: 
[STDOUT  ] 2017-05-31T17:45:01.936286225Z: 
[STDOUT  ] 2017-05-31T17:45:01.948433444Z: 
[STDOUT  ] 2017-05-31T17:45:01.948998804Z: Starting containerd
[STDOUT  ] 2017-05-31T17:45:02.664132836Z: / # [6n[34mINFO[0m[0000] starting containerd boot...                   [34mmodule[0m=containerd
[STDOUT  ] 2017-05-31T17:45:02.674490334Z: [34mINFO[0m[0000] starting debug API...                         [34mdebug[0m="/run/containerd/debug.sock" [34mmodule[0m=containerd
[STDOUT  ] 2017-05-31T17:45:02.675809074Z: [34mINFO[0m[0000] loading monitor plugin "cgroups"...           [34mmodule[0m=containerd
[STDOUT  ] 2017-05-31T17:45:02.742209257Z: [34mINFO[0m[0000] loading runtime plugin "linux"...             [34mmodule[0m=containerd
[STDOUT  ] 2017-05-31T17:45:02.796559075Z: [34mINFO[0m[0000] loading snapshot plugin "snapshot-overlay"...  [34mmodule[0m=containerd
[STDOUT  ] 2017-05-31T17:45:02.802609879Z: [34mINFO[0m[0000] loading grpc service plugin "healthcheck-grpc"...  [34mmodule[0m=containerd
[STDOUT  ] 2017-05-31T17:45:02.80393096Z: [34mINFO[0m[0000] loading grpc service plugin "images-grpc"...  [34mmodule[0m=containerd
[STDOUT  ] 2017-05-31T17:45:02.805314379Z: [34mINFO[0m[0000] loading grpc service plugin "metrics-grpc"...  [34mmodule[0m=containerd
[STDOUT  ] 2017-05-31T17:45:02.806421913Z: [34mINFO[0m[0000] loading grpc service plugin "snapshots-grpc"...  [34mmodule[0m=containerd
[STDOUT  ] 2017-05-31T17:45:02.807539539Z: [34mINFO[0m[0000] loading grpc service plugin "containers-grpc"...  [34mmodule[0m=containerd
[STDOUT  ] 2017-05-31T17:45:02.808831824Z: [34mINFO[0m[0000] loading grpc service plugin "diff-grpc"...    [34mmodule[0m=containerd
[STDOUT  ] 2017-05-31T17:45:02.809807694Z: [34mINFO[0m[0000] loading grpc service plugin "version-grpc"...  [34mmodule[0m=containerd
[STDOUT  ] 2017-05-31T17:45:02.813955713Z: [34mINFO[0m[0000] loading grpc service plugin "content-grpc"...  [34mmodule[0m=containerd
[STDOUT  ] 2017-05-31T17:45:02.815449019Z: [34mINFO[0m[0000] loading grpc service plugin "tasks-grpc"...   [34mmodule[0m=containerd
[STDOUT  ] 2017-05-31T17:45:02.850653131Z: [34mINFO[0m[0000] starting GRPC API server...                   [34mmodule[0m=containerd
[STDOUT  ] 2017-05-31T17:45:02.852790103Z: [34mINFO[0m[0000] starting metrics API...                       [34mmetrics[0m=":13337" [34mmodule[0m=containerd
[STDOUT  ] 2017-05-31T17:45:02.865467599Z: [34mINFO[0m[0000] containerd successfully booted in 0.201817s   [34mmodule[0m=containerd
[STDERR  ] 2017-05-31T17:45:04.813151164Z: main-loop: WARNING: I/O thread spun for 1000 iterations
[STDOUT  ] 2017-05-31T17:45:05.821295969Z: [   18.636561]  sda:
[STDOUT  ] 2017-05-31T17:45:05.873250769Z: [   18.688522]  sda:
[STDOUT  ] 2017-05-31T17:45:05.899443509Z: [   18.714738]  sda: sda1
[STDOUT  ] 2017-05-31T17:45:05.979035927Z: [   18.794217]  sda: sda1
[STDOUT  ] 2017-05-31T17:45:28.452836838Z: [   41.269156] EXT4-fs (sda1): couldn't mount as ext3 due to feature incompatibilities
[STDOUT  ] 2017-05-31T17:45:28.459712185Z: [   41.276055] EXT4-fs (sda1): couldn't mount as ext2 due to feature incompatibilities
[STDOUT  ] 2017-05-31T17:45:28.482445079Z: [   41.298796] EXT4-fs (sda1): mounted filesystem with ordered data mode. Opts: (null)
[STDOUT  ] 2017-05-31T17:45:29.821582726Z: /mnt is device /dev/sda1
[STDOUT  ] 2017-05-31T17:45:29.859161316Z: [   42.675725] extlinux: sending ioctl 4c05 to a partition!
[STDOUT  ] 2017-05-31T17:45:29.859671065Z: [   42.676289] extlinux: sending ioctl 4c03 to a partition!
[STDOUT  ] 2017-05-31T17:45:30.740348956Z: [   43.556304] umount: sending ioctl 4c01 to a partition!
[STDOUT  ] 2017-05-31T17:45:30.758963244Z: 1+0 records in
[STDOUT  ] 2017-05-31T17:45:30.759201307Z: 1+0 records out
[STDOUT  ] 2017-05-31T17:45:30.790736762Z: The bootable flag on partition 1 is enabled now.
[STDOUT  ] 2017-05-31T17:45:30.799539259Z: [   43.616373]  sda: sda1
[STDOUT  ] 2017-05-31T17:45:30.821780421Z: 
[STDOUT  ] 2017-05-31T17:45:30.822176358Z: The partition table has been altered.
[STDOUT  ] 2017-05-31T17:45:30.822582062Z: Calling ioctl() to re-read partition table.
[STDOUT  ] 2017-05-31T17:45:30.822783701Z: Syncing disks.
[STDOUT  ] 2017-05-31T17:45:30.897489842Z:  - 000-mkimage
[STDOUT  ] 2017-05-31T17:46:02.18076904Z: [   74.992744] sd 0:0:0:0: [sda] Synchronizing SCSI cache
[STDOUT  ] 2017-05-31T17:46:02.181665162Z: [   74.993796] sd 0:0:0:0: [sda] Stopping disk
[STDOUT  ] 2017-05-31T17:46:02.196201817Z: [   75.008243] ACPI: Preparing to enter system sleep state S5
[STDOUT  ] 2017-05-31T17:46:02.197274875Z: [   75.009492] reboot: Power down
[STDERR  ] 2017-05-31T17:46:02.381643653Z: + linuxkit run qemu disk.qcow2
[STDERR  ] 2017-05-31T17:46:02.396617321Z: Using existing disk [disk.qcow2] format qcow2
[STDOUT  ] 2017-05-31T17:46:08.178071352Z: [    0.000000] Linux version 4.9.30-linuxkit (root@84baa8e89c00) (gcc version 6.2.1 20160822 (Alpine 6.2.1) ) #1 SMP Tue May 30 11:40:28 UTC 2017
[STDOUT  ] 2017-05-31T17:46:08.178754388Z: [    0.000000] Command line: BOOT_IMAGE=/kernel console=ttyS0 initrd=/initrd.img
[STDOUT  ] 2017-05-31T17:46:08.179154022Z: [    0.000000] x86/fpu: Legacy x87 FPU detected.
[STDOUT  ] 2017-05-31T17:46:08.179576042Z: [    0.000000] x86/fpu: Using 'eager' FPU context switches.
[STDOUT  ] 2017-05-31T17:46:08.17997145Z: [    0.000000] e820: BIOS-provided physical RAM map:
[STDOUT  ] 2017-05-31T17:46:08.180503264Z: [    0.000000] BIOS-e820: [mem 0x0000000000000000-0x000000000009fbff] usable
[STDOUT  ] 2017-05-31T17:46:08.181061092Z: [    0.000000] BIOS-e820: [mem 0x000000000009fc00-0x000000000009ffff] reserved
[STDOUT  ] 2017-05-31T17:46:08.181595784Z: [    0.000000] BIOS-e820: [mem 0x00000000000f0000-0x00000000000fffff] reserved
[STDOUT  ] 2017-05-31T17:46:08.182153363Z: [    0.000000] BIOS-e820: [mem 0x0000000000100000-0x000000003ffdefff] usable
[STDOUT  ] 2017-05-31T17:46:08.182696573Z: [    0.000000] BIOS-e820: [mem 0x000000003ffdf000-0x000000003fffffff] reserved
[STDOUT  ] 2017-05-31T17:46:08.183249698Z: [    0.000000] BIOS-e820: [mem 0x00000000b0000000-0x00000000bfffffff] reserved
[STDOUT  ] 2017-05-31T17:46:08.183782652Z: [    0.000000] BIOS-e820: [mem 0x00000000fed1c000-0x00000000fed1ffff] reserved
[STDOUT  ] 2017-05-31T17:46:08.184433435Z: [    0.000000] BIOS-e820: [mem 0x00000000fffc0000-0x00000000ffffffff] reserved
[STDOUT  ] 2017-05-31T17:46:08.184867256Z: [    0.000000] NX (Execute Disable) protection: active
[STDOUT  ] 2017-05-31T17:46:08.185150518Z: [    0.000000] SMBIOS 2.8 present.
[STDOUT  ] 2017-05-31T17:46:08.18565608Z: [    0.000000] e820: last_pfn = 0x3ffdf max_arch_pfn = 0x400000000
[STDOUT  ] 2017-05-31T17:46:08.186217943Z: [    0.000000] x86/PAT: Configuration [0-7]: WB  WC  UC- UC  WB  WC  UC- WT  
[STDOUT  ] 2017-05-31T17:46:08.18685861Z: [    0.000000] found SMP MP-table at [mem 0x000f6aa0-0x000f6aaf] mapped at [ffff92cd400f6aa0]
[STDOUT  ] 2017-05-31T17:46:08.187224509Z: [    0.000000] RAMDISK: [mem 0x3e385000-0x3ffdefff]
[STDOUT  ] 2017-05-31T17:46:08.187701211Z: [    0.000000] ACPI: Early table checksum verification disabled
[STDOUT  ] 2017-05-31T17:46:08.188126064Z: [    0.000000] ACPI: RSDP 0x00000000000F68C0 000014 (v00 BOCHS )
[STDOUT  ] 2017-05-31T17:46:08.188756636Z: [    0.000000] ACPI: RSDT 0x000000003FFE2404 000034 (v01 BOCHS  BXPCRSDT 00000001 BXPC 00000001)
[STDOUT  ] 2017-05-31T17:46:08.189375261Z: [    0.000000] ACPI: FACP 0x000000003FFE22A4 000074 (v01 BOCHS  BXPCFACP 00000001 BXPC 00000001)
[STDOUT  ] 2017-05-31T17:46:08.189991441Z: [    0.000000] ACPI: DSDT 0x000000003FFE0040 002264 (v01 BOCHS  BXPCDSDT 00000001 BXPC 00000001)
[STDOUT  ] 2017-05-31T17:46:08.190344093Z: [    0.000000] ACPI: FACS 0x000000003FFE0000 000040
[STDOUT  ] 2017-05-31T17:46:08.190971246Z: [    0.000000] ACPI: APIC 0x000000003FFE2318 000078 (v01 BOCHS  BXPCAPIC 00000001 BXPC 00000001)
[STDOUT  ] 2017-05-31T17:46:08.191602926Z: [    0.000000] ACPI: HPET 0x000000003FFE2390 000038 (v01 BOCHS  BXPCHPET 00000001 BXPC 00000001)
[STDOUT  ] 2017-05-31T17:46:08.192218158Z: [    0.000000] ACPI: MCFG 0x000000003FFE23C8 00003C (v01 BOCHS  BXPCMCFG 00000001 BXPC 00000001)
[STDOUT  ] 2017-05-31T17:46:08.192414878Z: [    0.000000] Zone ranges:
[STDOUT  ] 2017-05-31T17:46:08.192955906Z: [    0.000000]   DMA      [mem 0x0000000000001000-0x0000000000ffffff]
[STDOUT  ] 2017-05-31T17:46:08.193398669Z: [    0.000000]   DMA32    [mem 0x0000000001000000-0x000000003ffdefff]
[STDOUT  ] 2017-05-31T17:46:08.193609977Z: [    0.000000]   Normal   empty
[STDOUT  ] 2017-05-31T17:46:08.193919352Z: [    0.000000] Movable zone start for each node
[STDOUT  ] 2017-05-31T17:46:08.194133806Z: [    0.000000] Early memory node ranges
[STDOUT  ] 2017-05-31T17:46:08.194602059Z: [    0.000000]   node   0: [mem 0x0000000000001000-0x000000000009efff]
[STDOUT  ] 2017-05-31T17:46:08.195094546Z: [    0.000000]   node   0: [mem 0x0000000000100000-0x000000003ffdefff]
[STDOUT  ] 2017-05-31T17:46:08.195613767Z: [    0.000000] Initmem setup node 0 [mem 0x0000000000001000-0x000000003ffdefff]
[STDOUT  ] 2017-05-31T17:46:08.195946633Z: [    0.000000] ACPI: PM-Timer IO Port: 0x608
[STDOUT  ] 2017-05-31T17:46:08.196403546Z: [    0.000000] ACPI: LAPIC_NMI (acpi_id[0xff] dfl dfl lint[0x1])
[STDOUT  ] 2017-05-31T17:46:08.196898109Z: [    0.000000] IOAPIC[0]: apic_id 0, version 32, address 0xfec00000, GSI 0-23
[STDOUT  ] 2017-05-31T17:46:08.197386438Z: [    0.000000] ACPI: INT_SRC_OVR (bus 0 bus_irq 0 global_irq 2 dfl dfl)
[STDOUT  ] 2017-05-31T17:46:08.197887998Z: [    0.000000] ACPI: INT_SRC_OVR (bus 0 bus_irq 5 global_irq 5 high level)
[STDOUT  ] 2017-05-31T17:46:08.198398139Z: [    0.000000] ACPI: INT_SRC_OVR (bus 0 bus_irq 9 global_irq 9 high level)
[STDOUT  ] 2017-05-31T17:46:08.198910138Z: [    0.000000] ACPI: INT_SRC_OVR (bus 0 bus_irq 10 global_irq 10 high level)
[STDOUT  ] 2017-05-31T17:46:08.199411041Z: [    0.000000] ACPI: INT_SRC_OVR (bus 0 bus_irq 11 global_irq 11 high level)
[STDOUT  ] 2017-05-31T17:46:08.199894161Z: [    0.000000] Using ACPI (MADT) for SMP configuration information
[STDOUT  ] 2017-05-31T17:46:08.200289367Z: [    0.000000] ACPI: HPET id: 0x8086a201 base: 0xfed00000
[STDOUT  ] 2017-05-31T17:46:08.200670413Z: [    0.000000] smpboot: Allowing 1 CPUs, 0 hotplug CPUs
[STDOUT  ] 2017-05-31T17:46:08.201183414Z: [    0.000000] e820: [mem 0x40000000-0xafffffff] available for PCI devices
[STDOUT  ] 2017-05-31T17:46:08.201589159Z: [    0.000000] Booting paravirtualized kernel on bare hardware
[STDOUT  ] 2017-05-31T17:46:08.202368353Z: [    0.000000] clocksource: refined-jiffies: mask: 0xffffffff max_cycles: 0xffffffff, max_idle_ns: 19112604462750000 ns
[STDOUT  ] 2017-05-31T17:46:08.202868607Z: [    0.000000] setup_percpu: NR_CPUS:128 nr_cpumask_bits:128 nr_cpu_ids:1 nr_node_ids:1
[STDOUT  ] 2017-05-31T17:46:08.203452457Z: [    0.000000] percpu: Embedded 35 pages/cpu @ffff92cd7e000000 s105240 r8192 d29928 u2097152
[STDOUT  ] 2017-05-31T17:46:08.204041582Z: [    0.000000] Built 1 zonelists in Zone order, mobility grouping on.  Total pages: 257896
[STDOUT  ] 2017-05-31T17:46:08.20459735Z: [    0.000000] Kernel command line: BOOT_IMAGE=/kernel console=ttyS0 initrd=/initrd.img
[STDOUT  ] 2017-05-31T17:46:08.205054238Z: [    0.000000] PID hash table entries: 4096 (order: 3, 32768 bytes)
[STDOUT  ] 2017-05-31T17:46:08.205580598Z: [    0.000000] Dentry cache hash table entries: 131072 (order: 8, 1048576 bytes)
[STDOUT  ] 2017-05-31T17:46:08.206086454Z: [    0.000000] Inode-cache hash table entries: 65536 (order: 7, 524288 bytes)
[STDOUT  ] 2017-05-31T17:46:08.20706687Z: [    0.000000] Memory: 982748K/1048052K available (9409K kernel code, 1593K rwdata, 3084K rodata, 1456K init, 604K bss, 65304K reserved, 0K cma-reserved)
[STDOUT  ] 2017-05-31T17:46:08.207423211Z: [    0.000000] Hierarchical RCU implementation.
[STDOUT  ] 2017-05-31T17:46:08.207810761Z: [    0.000000] 	Build-time adjustment of leaf fanout to 64.
[STDOUT  ] 2017-05-31T17:46:08.208260619Z: [    0.000000] 	RCU restricting CPUs from NR_CPUS=128 to nr_cpu_ids=1.
[STDOUT  ] 2017-05-31T17:46:08.208747074Z: [    0.000000] RCU: Adjusting geometry for rcu_fanout_leaf=64, nr_cpu_ids=1
[STDOUT  ] 2017-05-31T17:46:08.209016476Z: [    0.000000] NR_IRQS:8448 nr_irqs:256 16
[STDOUT  ] 2017-05-31T17:46:08.20929794Z: [    0.000000] Console: colour VGA+ 80x25
[STDOUT  ] 2017-05-31T17:46:08.2096459Z: [    0.000000] console [ttyS0] enabled
[STDOUT  ] 2017-05-31T17:46:08.213312402Z: [    0.000000] clocksource: hpet: mask: 0xffffffff max_cycles: 0xffffffff, max_idle_ns: 19112604467 ns
[STDOUT  ] 2017-05-31T17:46:08.258166728Z: [    0.000000] tsc: Fast TSC calibration using PIT
[STDOUT  ] 2017-05-31T17:46:08.258772647Z: [    0.000000] tsc: Detected 2300.360 MHz processor
[STDOUT  ] 2017-05-31T17:46:08.261404738Z: [    0.021542] Calibrating delay loop (skipped), value calculated using timer frequency.. 4600.72 BogoMIPS (lpj=23003600)
[STDOUT  ] 2017-05-31T17:46:08.261819594Z: [    0.022588] pid_max: default: 32768 minimum: 301
[STDOUT  ] 2017-05-31T17:46:08.262787793Z: [    0.023568] ACPI: Core revision 20160831
[STDOUT  ] 2017-05-31T17:46:08.307687726Z: [    0.072606] ACPI: 1 ACPI AML tables successfully acquired and loaded
[STDOUT  ] 2017-05-31T17:46:08.31110243Z: [    0.076178] Security Framework initialized
[STDOUT  ] 2017-05-31T17:46:08.311389887Z: [    0.076579] Yama: becoming mindful.
[STDOUT  ] 2017-05-31T17:46:08.313786999Z: [    0.078767] Mount-cache hash table entries: 2048 (order: 2, 16384 bytes)
[STDOUT  ] 2017-05-31T17:46:08.314365516Z: [    0.079306] Mountpoint-cache hash table entries: 2048 (order: 2, 16384 bytes)
[STDOUT  ] 2017-05-31T17:46:08.334121695Z: [    0.098773] Last level iTLB entries: 4KB 0, 2MB 0, 4MB 0
[STDOUT  ] 2017-05-31T17:46:08.33461681Z: [    0.099215] Last level dTLB entries: 4KB 0, 2MB 0, 4MB 0, 1GB 0
[STDOUT  ] 2017-05-31T17:46:08.71361472Z: [    0.478412] Freeing SMP alternatives memory: 24K (ffffffff940fc000 - ffffffff94102000)
[STDOUT  ] 2017-05-31T17:46:08.722890907Z: [    0.487853] ftrace: allocating 41532 entries in 163 pages
[STDOUT  ] 2017-05-31T17:46:09.077631606Z: [    0.692187] smpboot: Max logical packages: 1
[STDOUT  ] 2017-05-31T17:46:09.083183006Z: [    0.697986] ..TIMER: vector=0x30 apic1=0 pin1=2 apic2=-1 pin2=-1
[STDOUT  ] 2017-05-31T17:46:09.296154423Z: [    0.800000] smpboot: CPU0: AMD QEMU Virtual CPU version 2.5+ (family: 0x6, model: 0x6, stepping: 0x3)
[STDOUT  ] 2017-05-31T17:46:09.297368023Z: [    0.800000] Performance Events: PMU not available due to virtualization, using software events only.
[STDOUT  ] 2017-05-31T17:46:09.31486457Z: [    0.809075] NMI watchdog: disabled (cpu0): hardware events not enabled
[STDOUT  ] 2017-05-31T17:46:09.315317702Z: [    0.809483] NMI watchdog: Shutting down hard lockup detector on all cpus
[STDOUT  ] 2017-05-31T17:46:09.318026963Z: [    0.812413] x86: Booted up 1 node, 1 CPUs
[STDOUT  ] 2017-05-31T17:46:09.318478522Z: [    0.812753] smpboot: Total of 1 processors activated (4600.72 BogoMIPS)
[STDOUT  ] 2017-05-31T17:46:09.332936242Z: [    0.827098] devtmpfs: initialized
[STDOUT  ] 2017-05-31T17:46:09.338270637Z: [    0.832771] x86/mm: Memory block size: 128MB
[STDOUT  ] 2017-05-31T17:46:09.406525025Z: [    0.900704] clocksource: jiffies: mask: 0xffffffff max_cycles: 0xffffffff, max_idle_ns: 19112604462750000 ns
[STDOUT  ] 2017-05-31T17:46:09.407078953Z: [    0.901504] futex hash table entries: 256 (order: 2, 16384 bytes)
[STDOUT  ] 2017-05-31T17:46:09.41542365Z: [    0.909816] NET: Registered protocol family 16
[STDOUT  ] 2017-05-31T17:46:09.424865404Z: [    0.919094] cpuidle: using governor ladder
[STDOUT  ] 2017-05-31T17:46:09.425576596Z: [    0.919564] cpuidle: using governor menu
[STDOUT  ] 2017-05-31T17:46:09.426706253Z: [    0.921140] ACPI: bus type PCI registered
[STDOUT  ] 2017-05-31T17:46:09.429762248Z: [    0.923911] PCI: MMCONFIG for domain 0000 [bus 00-ff] at [mem 0xb0000000-0xbfffffff] (base 0xb0000000)
[STDOUT  ] 2017-05-31T17:46:09.430325424Z: [    0.924610] PCI: MMCONFIG at [mem 0xb0000000-0xbfffffff] reserved in E820
[STDOUT  ] 2017-05-31T17:46:09.431506107Z: [    0.925881] PCI: Using configuration type 1 for base access
[STDOUT  ] 2017-05-31T17:46:09.500588504Z: [    0.994929] HugeTLB registered 2 MB page size, pre-allocated 0 pages
[STDOUT  ] 2017-05-31T17:46:09.511631983Z: [    1.005988] ACPI: Added _OSI(Module Device)
[STDOUT  ] 2017-05-31T17:46:09.511910412Z: [    1.006274] ACPI: Added _OSI(Processor Device)
[STDOUT  ] 2017-05-31T17:46:09.512203517Z: [    1.006539] ACPI: Added _OSI(3.0 _SCP Extensions)
[STDOUT  ] 2017-05-31T17:46:09.512520182Z: [    1.006829] ACPI: Added _OSI(Processor Aggregator Device)
[STDOUT  ] 2017-05-31T17:46:09.591405594Z: [    1.085875] ACPI: Interpreter enabled
[STDOUT  ] 2017-05-31T17:46:09.592134035Z: [    1.086693] ACPI: (supports S0 S5)
[STDOUT  ] 2017-05-31T17:46:09.592549768Z: [    1.086973] ACPI: Using IOAPIC for interrupt routing
[STDOUT  ] 2017-05-31T17:46:09.594635563Z: [    1.088863] PCI: Using host bridge windows from ACPI; if necessary, use "pci=nocrs" and report a bug
[STDOUT  ] 2017-05-31T17:46:09.662064773Z: [    1.156477] ACPI: PCI Root Bridge [PCI0] (domain 0000 [bus 00-ff])
[STDOUT  ] 2017-05-31T17:46:09.663044166Z: [    1.157393] acpi PNP0A08:00: _OSC: OS supports [ExtendedConfig ASPM ClockPM Segments MSI]
[STDOUT  ] 2017-05-31T17:46:09.669339772Z: [    1.163702] acpi PNP0A08:00: _OSC: OS now controls [PCIeHotplug PME PCIeCapability]
[STDOUT  ] 2017-05-31T17:46:09.672879834Z: [    1.167429] PCI host bridge to bus 0000:00
[STDOUT  ] 2017-05-31T17:46:09.673417367Z: [    1.167836] pci_bus 0000:00: root bus resource [io  0x0000-0x0cf7 window]
[STDOUT  ] 2017-05-31T17:46:09.673816574Z: [    1.168248] pci_bus 0000:00: root bus resource [io  0x0d00-0xffff window]
[STDOUT  ] 2017-05-31T17:46:09.674243569Z: [    1.168636] pci_bus 0000:00: root bus resource [mem 0x000a0000-0x000bffff window]
[STDOUT  ] 2017-05-31T17:46:09.674679277Z: [    1.169062] pci_bus 0000:00: root bus resource [mem 0xc0000000-0xfebfffff window]
[STDOUT  ] 2017-05-31T17:46:09.675127407Z: [    1.169606] pci_bus 0000:00: root bus resource [bus 00-ff]
[STDOUT  ] 2017-05-31T17:46:09.762346657Z: [    1.255925] pci 0000:00:1f.0: quirk: [io  0x0600-0x067f] claimed by ICH6 ACPI/GPIO/TCO
[STDOUT  ] 2017-05-31T17:46:09.817723168Z: [    1.311938] ACPI: PCI Interrupt Link [LNKA] (IRQs 5 *10 11)
[STDOUT  ] 2017-05-31T17:46:09.819784444Z: [    1.314158] ACPI: PCI Interrupt Link [LNKB] (IRQs 5 *10 11)
[STDOUT  ] 2017-05-31T17:46:09.821731802Z: [    1.316083] ACPI: PCI Interrupt Link [LNKC] (IRQs 5 10 *11)
[STDOUT  ] 2017-05-31T17:46:09.823636367Z: [    1.318003] ACPI: PCI Interrupt Link [LNKD] (IRQs 5 10 *11)
[STDOUT  ] 2017-05-31T17:46:09.825641431Z: [    1.319959] ACPI: PCI Interrupt Link [LNKE] (IRQs 5 *10 11)
[STDOUT  ] 2017-05-31T17:46:09.827557035Z: [    1.321908] ACPI: PCI Interrupt Link [LNKF] (IRQs 5 *10 11)
[STDOUT  ] 2017-05-31T17:46:09.829319467Z: [    1.323723] ACPI: PCI Interrupt Link [LNKG] (IRQs 5 10 *11)
[STDOUT  ] 2017-05-31T17:46:09.831111009Z: [    1.325486] ACPI: PCI Interrupt Link [LNKH] (IRQs 5 10 *11)
[STDOUT  ] 2017-05-31T17:46:09.831934396Z: [    1.326362] ACPI: PCI Interrupt Link [GSIA] (IRQs *16)
[STDOUT  ] 2017-05-31T17:46:09.832538081Z: [    1.326992] ACPI: PCI Interrupt Link [GSIB] (IRQs *17)
[STDOUT  ] 2017-05-31T17:46:09.833173388Z: [    1.327606] ACPI: PCI Interrupt Link [GSIC] (IRQs *18)
[STDOUT  ] 2017-05-31T17:46:09.833783091Z: [    1.328227] ACPI: PCI Interrupt Link [GSID] (IRQs *19)
[STDOUT  ] 2017-05-31T17:46:09.834409564Z: [    1.328848] ACPI: PCI Interrupt Link [GSIE] (IRQs *20)
[STDOUT  ] 2017-05-31T17:46:09.835024044Z: [    1.329463] ACPI: PCI Interrupt Link [GSIF] (IRQs *21)
[STDOUT  ] 2017-05-31T17:46:09.835759724Z: [    1.330223] ACPI: PCI Interrupt Link [GSIG] (IRQs *22)
[STDOUT  ] 2017-05-31T17:46:09.836416218Z: [    1.330856] ACPI: PCI Interrupt Link [GSIH] (IRQs *23)
[STDOUT  ] 2017-05-31T17:46:09.840072652Z: [    1.334543] ACPI: Enabled 2 GPEs in block 00 to 3F
[STDOUT  ] 2017-05-31T17:46:09.844161614Z: [    1.338715] SCSI subsystem initialized
[STDOUT  ] 2017-05-31T17:46:09.846775442Z: [    1.341238] pps_core: LinuxPPS API ver. 1 registered
[STDOUT  ] 2017-05-31T17:46:09.847295364Z: [    1.341559] pps_core: Software ver. 5.3.6 - Copyright 2005-2007 Rodolfo Giometti <giometti@linux.it>
[STDOUT  ] 2017-05-31T17:46:09.847688497Z: [    1.342250] PTP clock support registered
[STDOUT  ] 2017-05-31T17:46:09.84878024Z: [    1.343359] wmi: Mapper loaded
[STDOUT  ] 2017-05-31T17:46:09.849860174Z: [    1.344379] PCI: Using ACPI for IRQ routing
[STDOUT  ] 2017-05-31T17:46:09.869662755Z: [    1.364222] NetLabel: Initializing
[STDOUT  ] 2017-05-31T17:46:09.869919834Z: [    1.364465] NetLabel:  domain hash size = 128
[STDOUT  ] 2017-05-31T17:46:09.870204541Z: [    1.364741] NetLabel:  protocols = UNLABELED CIPSOv4
[STDOUT  ] 2017-05-31T17:46:09.872196952Z: [    1.366699] NetLabel:  unlabeled traffic allowed by default
[STDOUT  ] 2017-05-31T17:46:09.873394987Z: [    1.367822] HPET: 3 timers in total, 0 timers will be used for per-cpu timer
[STDOUT  ] 2017-05-31T17:46:09.874144502Z: [    1.368531] hpet0: at MMIO 0xfed00000, IRQs 2, 8, 0
[STDOUT  ] 2017-05-31T17:46:09.874498431Z: [    1.368986] hpet0: 3 comparators, 64-bit 100.000000 MHz counter
[STDOUT  ] 2017-05-31T17:46:09.879794876Z: [    1.373727] clocksource: Switched to clocksource hpet
[STDOUT  ] 2017-05-31T17:46:10.157112881Z: [    1.647481] VFS: Disk quotas dquot_6.6.0
[STDOUT  ] 2017-05-31T17:46:10.158102575Z: [    1.648346] VFS: Dquot-cache hash table entries: 512 (order 0, 4096 bytes)
[STDOUT  ] 2017-05-31T17:46:10.161189129Z: [    1.651673] FS-Cache: Loaded
[STDOUT  ] 2017-05-31T17:46:10.166569449Z: [    1.657068] CacheFiles: Loaded
[STDOUT  ] 2017-05-31T17:46:10.168286511Z: [    1.658751] pnp: PnP ACPI init
[STDOUT  ] 2017-05-31T17:46:10.180682883Z: [    1.671151] pnp: PnP ACPI: found 5 devices
[STDOUT  ] 2017-05-31T17:46:10.228443872Z: [    1.718528] clocksource: acpi_pm: mask: 0xffffff max_cycles: 0xffffff, max_idle_ns: 2085701024 ns
[STDOUT  ] 2017-05-31T17:46:10.235092517Z: [    1.723156] NET: Registered protocol family 2
[STDOUT  ] 2017-05-31T17:46:10.244037131Z: [    1.734386] TCP established hash table entries: 8192 (order: 4, 65536 bytes)
[STDOUT  ] 2017-05-31T17:46:10.244745667Z: [    1.735128] TCP bind hash table entries: 8192 (order: 5, 131072 bytes)
[STDOUT  ] 2017-05-31T17:46:10.245800642Z: [    1.736190] TCP: Hash tables configured (established 8192 bind 8192)
[STDOUT  ] 2017-05-31T17:46:10.247203755Z: [    1.737600] UDP hash table entries: 512 (order: 2, 16384 bytes)
[STDOUT  ] 2017-05-31T17:46:10.24778091Z: [    1.738153] UDP-Lite hash table entries: 512 (order: 2, 16384 bytes)
[STDOUT  ] 2017-05-31T17:46:10.250157983Z: [    1.740646] NET: Registered protocol family 1
[STDOUT  ] 2017-05-31T17:46:10.25356454Z: [    1.743970] RPC: Registered named UNIX socket transport module.
[STDOUT  ] 2017-05-31T17:46:10.253897122Z: [    1.744384] RPC: Registered udp transport module.
[STDOUT  ] 2017-05-31T17:46:10.254181002Z: [    1.744670] RPC: Registered tcp transport module.
[STDOUT  ] 2017-05-31T17:46:10.25456166Z: [    1.744958] RPC: Registered tcp NFSv4.1 backchannel transport module.
[STDOUT  ] 2017-05-31T17:46:10.255388581Z: [    1.745685] pci 0000:00:01.0: Video device with shadowed ROM at [mem 0x000c0000-0x000dffff]
[STDOUT  ] 2017-05-31T17:46:10.263851677Z: [    1.754364] Unpacking initramfs...
[STDOUT  ] 2017-05-31T17:46:13.979273113Z: [    5.469417] Freeing initrd memory: 29032K (ffff92cd7e385000 - ffff92cd7ffdf000)
[STDOUT  ] 2017-05-31T17:46:14.006568126Z: [    5.496857] PCLMULQDQ-NI instructions are not detected.
[STDOUT  ] 2017-05-31T17:46:14.007994613Z: [    5.498335] AVX or AES-NI instructions are not detected.
[STDOUT  ] 2017-05-31T17:46:14.008501446Z: [    5.498869] CPU feature 'AVX registers' is not supported.
[STDOUT  ] 2017-05-31T17:46:14.008984811Z: [    5.499344] CPU feature 'AVX registers' is not supported.
[STDOUT  ] 2017-05-31T17:46:14.009507413Z: [    5.499827] CPU feature 'AVX registers' is not supported.
[STDOUT  ] 2017-05-31T17:46:14.010183747Z: [    5.500551] CPU feature 'AVX registers' is not supported.
[STDOUT  ] 2017-05-31T17:46:14.010673068Z: [    5.501035] AVX2 or AES-NI instructions are not detected.
[STDOUT  ] 2017-05-31T17:46:14.011106186Z: [    5.501512] AVX2 instructions are not detected.
[STDOUT  ] 2017-05-31T17:46:14.017071468Z: [    5.507441] audit: initializing netlink subsys (disabled)
[STDOUT  ] 2017-05-31T17:46:14.018515654Z: [    5.508835] audit: type=2000 audit(1496252772.500:1): initialized
[STDOUT  ] 2017-05-31T17:46:14.027170707Z: [    5.517468] workingset: timestamp_bits=46 max_order=18 bucket_order=0
[STDOUT  ] 2017-05-31T17:46:14.03304879Z: [    5.523419] FS-Cache: Netfs 'nfs' registered for caching
[STDOUT  ] 2017-05-31T17:46:14.034966514Z: [    5.525360] NFS: Registering the id_resolver key type
[STDOUT  ] 2017-05-31T17:46:14.036150947Z: [    5.526605] Key type id_resolver registered
[STDOUT  ] 2017-05-31T17:46:14.036513424Z: [    5.526968] Key type id_legacy registered
[STDOUT  ] 2017-05-31T17:46:14.037120188Z: [    5.527425] nfs4filelayout_init: NFSv4 File Layout Driver Registering...
[STDOUT  ] 2017-05-31T17:46:14.037903223Z: [    5.528226] Installing knfsd (copyright (C) 1996 okir@monad.swb.de).
[STDOUT  ] 2017-05-31T17:46:14.041677397Z: [    5.532046] FS-Cache: Netfs 'cifs' registered for caching
[STDOUT  ] 2017-05-31T17:46:14.042532807Z: [    5.532977] ntfs: driver 2.1.32 [Flags: R/O].
[STDOUT  ] 2017-05-31T17:46:14.043058566Z: [    5.533537] fuse init (API version 7.26)
[STDOUT  ] 2017-05-31T17:46:14.046337255Z: [    5.536642] SGI XFS with ACLs, security attributes, no debug enabled
[STDOUT  ] 2017-05-31T17:46:14.051497211Z: [    5.541874] 9p: Installing v9fs 9p2000 file system support
[STDOUT  ] 2017-05-31T17:46:14.052003726Z: [    5.542411] FS-Cache: Netfs '9p' registered for caching
[STDOUT  ] 2017-05-31T17:46:14.085246995Z: [    5.575623] NET: Registered protocol family 38
[STDOUT  ] 2017-05-31T17:46:14.085781918Z: [    5.576231] Key type asymmetric registered
[STDOUT  ] 2017-05-31T17:46:14.086222751Z: [    5.576628] Asymmetric key parser 'x509' registered
[STDOUT  ] 2017-05-31T17:46:14.087264474Z: [    5.577495] Block layer SCSI generic (bsg) driver version 0.4 loaded (major 251)
[STDOUT  ] 2017-05-31T17:46:14.08854276Z: [    5.578984] io scheduler noop registered
[STDOUT  ] 2017-05-31T17:46:14.089001514Z: [    5.579385] io scheduler deadline registered (default)
[STDOUT  ] 2017-05-31T17:46:14.089891289Z: [    5.580093] io scheduler cfq registered
[STDOUT  ] 2017-05-31T17:46:14.093492141Z: [    5.583831] pci_hotplug: PCI Hot Plug PCI Core version: 0.5
[STDOUT  ] 2017-05-31T17:46:14.094228669Z: [    5.584511] pciehp: PCI Express Hot Plug Controller Driver version: 0.4
[STDOUT  ] 2017-05-31T17:46:14.09516295Z: [    5.585459] shpchp: Standard Hot Plug PCI Controller Driver version: 0.4
[STDOUT  ] 2017-05-31T17:46:14.095892237Z: [    5.586322] hv_vmbus: registering driver hyperv_fb
[STDOUT  ] 2017-05-31T17:46:14.099184806Z: [    5.589422] input: Power Button as /devices/LNXSYSTM:00/LNXPWRBN:00/input/input0
[STDOUT  ] 2017-05-31T17:46:14.100634286Z: [    5.591132] ACPI: Power Button [PWRF]
[STDOUT  ] 2017-05-31T17:46:14.105205133Z: [    5.595673] GHES: HEST is not enabled!
[STDOUT  ] 2017-05-31T17:46:14.117119885Z: [    5.607481] ACPI: PCI Interrupt Link [GSIH] enabled at IRQ 23
[STDOUT  ] 2017-05-31T17:46:14.123240862Z: [    5.613556] xenfs: not registering filesystem on non-xen platform
[STDOUT  ] 2017-05-31T17:46:14.12531414Z: [    5.615618] Serial: 8250/16550 driver, 4 ports, IRQ sharing disabled
[STDOUT  ] 2017-05-31T17:46:14.150636323Z: [    5.640861] 00:04: ttyS0 at I/O 0x3f8 (irq = 4, base_baud = 115200) is a 16550A
[STDOUT  ] 2017-05-31T17:46:14.158037681Z: [    5.648451] Initializing Nozomi driver 2.1d
[STDOUT  ] 2017-05-31T17:46:14.162197763Z: [    5.652607] Non-volatile memory driver v1.3
[STDOUT  ] 2017-05-31T17:46:14.168418594Z: [    5.658545] Hangcheck: starting hangcheck timer 0.9.1 (tick is 180 seconds, margin is 60 seconds).
[STDOUT  ] 2017-05-31T17:46:14.173527676Z: [    5.664038] random: fast init done
[STDOUT  ] 2017-05-31T17:46:14.174796879Z: [    5.665297] random: crng init done
[STDOUT  ] 2017-05-31T17:46:14.2095541Z: [    5.699985] loop: module loaded
[STDOUT  ] 2017-05-31T17:46:14.225471204Z: [    5.715875] nbd: registered device at major 43
[STDOUT  ] 2017-05-31T17:46:14.26747813Z: [    5.757690] lpc_ich 0000:00:1f.0: I/O space for GPIO uninitialized
[STDOUT  ] 2017-05-31T17:46:14.269223071Z: [    5.759611] VMware PVSCSI driver - version 1.0.7.0-k
[STDOUT  ] 2017-05-31T17:46:14.270204998Z: [    5.760603] hv_vmbus: registering driver hv_storvsc
[STDOUT  ] 2017-05-31T17:46:14.282142953Z: [    5.772458] ACPI: PCI Interrupt Link [GSIA] enabled at IRQ 16
[STDOUT  ] 2017-05-31T17:46:14.28899795Z: [    5.779132] ahci 0000:00:1f.2: AHCI 0001.0000 32 slots 6 ports 1.5 Gbps 0x3f impl SATA mode
[STDOUT  ] 2017-05-31T17:46:14.289557972Z: [    5.779913] ahci 0000:00:1f.2: flags: ncq only 
[STDOUT  ] 2017-05-31T17:46:14.309547889Z: [    5.799979] scsi host0: ahci
[STDOUT  ] 2017-05-31T17:46:14.31360064Z: [    5.804109] scsi host1: ahci
[STDOUT  ] 2017-05-31T17:46:14.316141113Z: [    5.806659] scsi host2: ahci
[STDOUT  ] 2017-05-31T17:46:14.318535505Z: [    5.809059] scsi host3: ahci
[STDOUT  ] 2017-05-31T17:46:14.321146928Z: [    5.811671] scsi host4: ahci
[STDOUT  ] 2017-05-31T17:46:14.323329167Z: [    5.813861] scsi host5: ahci
[STDOUT  ] 2017-05-31T17:46:14.325500344Z: [    5.815748] ata1: SATA max UDMA/133 abar m4096@0xfebf1000 port 0xfebf1100 irq 24
[STDOUT  ] 2017-05-31T17:46:14.32606632Z: [    5.816342] ata2: SATA max UDMA/133 abar m4096@0xfebf1000 port 0xfebf1180 irq 24
[STDOUT  ] 2017-05-31T17:46:14.326595996Z: [    5.816869] ata3: SATA max UDMA/133 abar m4096@0xfebf1000 port 0xfebf1200 irq 24
[STDOUT  ] 2017-05-31T17:46:14.327114348Z: [    5.817386] ata4: SATA max UDMA/133 abar m4096@0xfebf1000 port 0xfebf1280 irq 24
[STDOUT  ] 2017-05-31T17:46:14.327671699Z: [    5.817904] ata5: SATA max UDMA/133 abar m4096@0xfebf1000 port 0xfebf1300 irq 24
[STDOUT  ] 2017-05-31T17:46:14.328183713Z: [    5.818465] ata6: SATA max UDMA/133 abar m4096@0xfebf1000 port 0xfebf1380 irq 24
[STDOUT  ] 2017-05-31T17:46:14.337422967Z: [    5.827693] Ethernet Channel Bonding Driver: v3.7.1 (April 27, 2011)
[STDOUT  ] 2017-05-31T17:46:14.356426753Z: [    5.846753] tun: Universal TUN/TAP device driver, 1.6
[STDOUT  ] 2017-05-31T17:46:14.356924394Z: [    5.847230] tun: (C) 1999-2004 Max Krasnyansky <maxk@qualcomm.com>
[STDOUT  ] 2017-05-31T17:46:14.358574517Z: [    5.848938] ena: Elastic Network Adapter (ENA) v1.0.2
[STDOUT  ] 2017-05-31T17:46:14.360381815Z: [    5.850620] e1000: Intel(R) PRO/1000 Network Driver - version 7.3.21-k8-NAPI
[STDOUT  ] 2017-05-31T17:46:14.36084577Z: [    5.851187] e1000: Copyright (c) 1999-2006 Intel Corporation.
[STDOUT  ] 2017-05-31T17:46:14.369183904Z: [    5.859530] ACPI: PCI Interrupt Link [GSIG] enabled at IRQ 22
[STDOUT  ] 2017-05-31T17:46:14.664663995Z: [    6.154859] ata2: SATA link down (SStatus 0 SControl 300)
[STDOUT  ] 2017-05-31T17:46:14.667074523Z: [    6.157368] ata1: SATA link up 1.5 Gbps (SStatus 113 SControl 300)
[STDOUT  ] 2017-05-31T17:46:14.671261865Z: [    6.161582] ata1.00: ATA-7: QEMU HARDDISK, 2.5+, max UDMA/100
[STDOUT  ] 2017-05-31T17:46:14.671873349Z: [    6.162091] ata1.00: 409600 sectors, multi 16: LBA48 NCQ (depth 31/32)
[STDOUT  ] 2017-05-31T17:46:14.672482239Z: [    6.162918] ata1.00: applying bridge limits
[STDOUT  ] 2017-05-31T17:46:14.673873212Z: [    6.164242] ata5: SATA link down (SStatus 0 SControl 300)
[STDOUT  ] 2017-05-31T17:46:14.67467297Z: [    6.165030] ata4: SATA link down (SStatus 0 SControl 300)
[STDOUT  ] 2017-05-31T17:46:14.675239493Z: [    6.165578] ata3: SATA link up 1.5 Gbps (SStatus 113 SControl 300)
[STDOUT  ] 2017-05-31T17:46:14.675998668Z: [    6.166365] ata3.00: ATAPI: QEMU DVD-ROM, 2.5+, max UDMA/100
[STDOUT  ] 2017-05-31T17:46:14.67637445Z: [    6.166844] ata3.00: applying bridge limits
[STDOUT  ] 2017-05-31T17:46:14.677424403Z: [    6.167836] ata3.00: configured for UDMA/100
[STDOUT  ] 2017-05-31T17:46:14.679255692Z: [    6.169630] ata6: SATA link down (SStatus 0 SControl 300)
[STDOUT  ] 2017-05-31T17:46:14.680449399Z: [    6.170889] ata1.00: configured for UDMA/100
[STDOUT  ] 2017-05-31T17:46:14.691772613Z: [    6.181958] scsi 0:0:0:0: Direct-Access     ATA      QEMU HARDDISK    2.5+ PQ: 0 ANSI: 5
[STDOUT  ] 2017-05-31T17:46:14.698841381Z: [    6.189070] sd 0:0:0:0: Attached scsi generic sg0 type 0
[STDOUT  ] 2017-05-31T17:46:14.70366287Z: [    6.193915] sd 0:0:0:0: [sda] 409600 512-byte logical blocks: (210 MB/200 MiB)
[STDOUT  ] 2017-05-31T17:46:14.70946393Z: [    6.199573] scsi 2:0:0:0: CD-ROM            QEMU     QEMU DVD-ROM     2.5+ PQ: 0 ANSI: 5
[STDOUT  ] 2017-05-31T17:46:14.713534428Z: [    6.203941] sd 0:0:0:0: [sda] Write Protect is off
[STDOUT  ] 2017-05-31T17:46:14.715017029Z: [    6.205167] sd 0:0:0:0: [sda] Write cache: enabled, read cache: enabled, doesn't support DPO or FUA
[STDOUT  ] 2017-05-31T17:46:14.72917417Z: [    6.219728]  sda: sda1
[STDOUT  ] 2017-05-31T17:46:14.732064241Z: [    6.222355] sr 2:0:0:0: [sr0] scsi3-mmc drive: 4x/4x cd/rw xa/form2 tray
[STDOUT  ] 2017-05-31T17:46:14.732612405Z: [    6.223010] cdrom: Uniform CD-ROM driver Revision: 3.20
[STDOUT  ] 2017-05-31T17:46:14.75203059Z: [    6.242343] sr 2:0:0:0: Attached scsi generic sg1 type 5
[STDOUT  ] 2017-05-31T17:46:14.759334588Z: [    6.249741] sd 0:0:0:0: [sda] Attached SCSI disk
[STDOUT  ] 2017-05-31T17:46:14.763097601Z: [    6.253381] e1000 0000:00:02.0 eth0: (PCI:33MHz:32-bit) 52:54:00:12:34:56
[STDOUT  ] 2017-05-31T17:46:14.763648468Z: [    6.253963] e1000 0000:00:02.0 eth0: Intel(R) PRO/1000 Network Connection
[STDOUT  ] 2017-05-31T17:46:14.764507245Z: [    6.254856] e1000e: Intel(R) PRO/1000 Network Driver - 3.2.6-k
[STDOUT  ] 2017-05-31T17:46:14.764936284Z: [    6.255300] e1000e: Copyright(c) 1999 - 2015 Intel Corporation.
[STDOUT  ] 2017-05-31T17:46:14.76578577Z: [    6.256071] igb: Intel(R) Gigabit Ethernet Network Driver - version 5.4.0-k
[STDOUT  ] 2017-05-31T17:46:14.766191332Z: [    6.256577] igb: Copyright (c) 2007-2014 Intel Corporation.
[STDOUT  ] 2017-05-31T17:46:14.767114044Z: [    6.257342] igbvf: Intel(R) Gigabit Virtual Function Network Driver - version 2.4.0-k
[STDOUT  ] 2017-05-31T17:46:14.767584834Z: [    6.257906] igbvf: Copyright (c) 2009 - 2012 Intel Corporation.
[STDOUT  ] 2017-05-31T17:46:14.768446921Z: [    6.258688] ixgbe: Intel(R) 10 Gigabit PCI Express Network Driver - version 4.4.0-k
[STDOUT  ] 2017-05-31T17:46:14.768855423Z: [    6.259239] ixgbe: Copyright (c) 1999-2016 Intel Corporation.
[STDOUT  ] 2017-05-31T17:46:14.770818154Z: [    6.260954] ixgbevf: Intel(R) 10 Gigabit PCI Express Virtual Function Network Driver - version 3.2.2-k
[STDOUT  ] 2017-05-31T17:46:14.771279857Z: [    6.261631] ixgbevf: Copyright (c) 2009 - 2015 Intel Corporation.
[STDOUT  ] 2017-05-31T17:46:14.772633498Z: [    6.262912] ixgb: Intel(R) PRO/10GbE Network Driver - version 1.0.135-k2-NAPI
[STDOUT  ] 2017-05-31T17:46:14.773053741Z: [    6.263443] ixgb: Copyright (c) 1999-2008 Intel Corporation.
[STDOUT  ] 2017-05-31T17:46:14.774027574Z: [    6.264480] PPP generic driver version 2.4.2
[STDOUT  ] 2017-05-31T17:46:14.775350151Z: [    6.265767] PPP BSD Compression module registered
[STDOUT  ] 2017-05-31T17:46:14.775800853Z: [    6.266214] PPP Deflate Compression module registered
[STDOUT  ] 2017-05-31T17:46:14.776353006Z: [    6.266781] PPP MPPE Compression module registered
[STDOUT  ] 2017-05-31T17:46:14.776723021Z: [    6.267179] NET: Registered protocol family 24
[STDOUT  ] 2017-05-31T17:46:14.777258694Z: [    6.267753] PPTP driver version 0.8.5
[STDOUT  ] 2017-05-31T17:46:14.778696826Z: [    6.269004] VMware vmxnet3 virtual NIC driver - version 1.4.a.0-k-NAPI
[STDOUT  ] 2017-05-31T17:46:14.779540024Z: [    6.269887] hv_vmbus: registering driver hv_netvsc
[STDOUT  ] 2017-05-31T17:46:14.780086263Z: [    6.270552] Fusion MPT base driver 3.04.20
[STDOUT  ] 2017-05-31T17:46:14.780513651Z: [    6.270901] Copyright (c) 1999-2008 LSI Corporation
[STDOUT  ] 2017-05-31T17:46:14.781157157Z: [    6.271601] Fusion MPT SPI Host driver 3.04.20
[STDOUT  ] 2017-05-31T17:46:14.786269802Z: [    6.276748] aoe: AoE v85 initialised.
[STDOUT  ] 2017-05-31T17:46:14.788350064Z: [    6.278557] i8042: PNP: PS/2 Controller [PNP0303:KBD,PNP0f13:MOU] at 0x60,0x64 irq 1,12
[STDOUT  ] 2017-05-31T17:46:14.793076146Z: [    6.283464] serio: i8042 KBD port at 0x60,0x64 irq 1
[STDOUT  ] 2017-05-31T17:46:14.793692891Z: [    6.284099] serio: i8042 AUX port at 0x60,0x64 irq 12
[STDOUT  ] 2017-05-31T17:46:14.796667143Z: [    6.287057] hv_vmbus: registering driver hyperv_keyboard
[STDOUT  ] 2017-05-31T17:46:14.798745791Z: [    6.289102] mousedev: PS/2 mouse device common for all mice
[STDOUT  ] 2017-05-31T17:46:14.803906042Z: [    6.294088] input: AT Translated Set 2 keyboard as /devices/platform/i8042/serio0/input/input1
[STDOUT  ] 2017-05-31T17:46:14.80654976Z: [    6.296849] input: PC Speaker as /devices/platform/pcspkr/input/input2
[STDOUT  ] 2017-05-31T17:46:14.810197344Z: [    6.300615] rtc_cmos 00:00: RTC can wake from S4
[STDOUT  ] 2017-05-31T17:46:14.81347827Z: [    6.303802] rtc_cmos 00:00: rtc core: registered rtc_cmos as rtc0
[STDOUT  ] 2017-05-31T17:46:14.81491776Z: [    6.305164] rtc_cmos 00:00: alarms up to one day, y3k, 114 bytes nvram, hpet irqs
[STDOUT  ] 2017-05-31T17:46:14.815406773Z: [    6.305922] i2c /dev entries driver
[STDOUT  ] 2017-05-31T17:46:14.817469674Z: [    6.307621] device-mapper: ioctl: 4.35.0-ioctl (2016-06-23) initialised: dm-devel@redhat.com
[STDOUT  ] 2017-05-31T17:46:14.821918969Z: [    6.312297] hv_utils: Registering HyperV Utility Driver
[STDOUT  ] 2017-05-31T17:46:14.822270211Z: [    6.312713] hv_vmbus: registering driver hv_util
[STDOUT  ] 2017-05-31T17:46:14.82265476Z: [    6.313071] hv_vmbus: registering driver hv_balloon
[STDOUT  ] 2017-05-31T17:46:14.823123408Z: [    6.313605] oprofile: using NMI interrupt.
[STDOUT  ] 2017-05-31T17:46:14.824101803Z: [    6.314615] GACT probability on
[STDOUT  ] 2017-05-31T17:46:14.824585946Z: [    6.315080] Mirror/redirect action on
[STDOUT  ] 2017-05-31T17:46:14.825514055Z: [    6.315959] Simple TC action Loaded
[STDOUT  ] 2017-05-31T17:46:14.828669105Z: [    6.319184] netem: version 1.3
[STDOUT  ] 2017-05-31T17:46:14.828935137Z: [    6.319495] u32 classifier
[STDOUT  ] 2017-05-31T17:46:14.829227531Z: [    6.319722]     Performance counters on
[STDOUT  ] 2017-05-31T17:46:14.829568848Z: [    6.320013]     input device check on
[STDOUT  ] 2017-05-31T17:46:14.830194853Z: [    6.320546]     Actions configured
[STDOUT  ] 2017-05-31T17:46:14.830909086Z: [    6.321345] Netfilter messages via NETLINK v0.30.
[STDOUT  ] 2017-05-31T17:46:14.831489582Z: [    6.321909] nfnl_acct: registering with nfnetlink.
[STDOUT  ] 2017-05-31T17:46:14.832831245Z: [    6.323157] nf_conntrack version 0.5.0 (8192 buckets, 32768 max)
[STDOUT  ] 2017-05-31T17:46:14.835941525Z: [    6.326319] ctnetlink v0.93: registering with nfnetlink.
[STDOUT  ] 2017-05-31T17:46:14.839114264Z: [    6.329430] nf_tables: (c) 2007-2009 Patrick McHardy <kaber@trash.net>
[STDOUT  ] 2017-05-31T17:46:14.84030409Z: [    6.330577] nf_tables_compat: (c) 2012 Pablo Neira Ayuso <pablo@netfilter.org>
[STDOUT  ] 2017-05-31T17:46:14.842467024Z: [    6.332906] xt_time: kernel timezone is -0000
[STDOUT  ] 2017-05-31T17:46:14.842941083Z: [    6.333484] ip_set: protocol 6
[STDOUT  ] 2017-05-31T17:46:14.843770388Z: [    6.334119] IPVS: Registered protocols (TCP, UDP, SCTP, AH, ESP)
[STDOUT  ] 2017-05-31T17:46:14.844431964Z: [    6.334711] IPVS: Connection hash table configured (size=4096, memory=64Kbytes)
[STDOUT  ] 2017-05-31T17:46:14.846022863Z: [    6.336453] IPVS: Creating netns size=2104 id=0
[STDOUT  ] 2017-05-31T17:46:14.848543454Z: [    6.339055] IPVS: ipvs loaded.
[STDOUT  ] 2017-05-31T17:46:14.848955889Z: [    6.339427] IPVS: [rr] scheduler registered.
[STDOUT  ] 2017-05-31T17:46:14.849342082Z: [    6.339787] IPVS: [wrr] scheduler registered.
[STDOUT  ] 2017-05-31T17:46:14.850013965Z: [    6.340480] IPVS: [lc] scheduler registered.
[STDOUT  ] 2017-05-31T17:46:14.850372124Z: [    6.340833] IPVS: [wlc] scheduler registered.
[STDOUT  ] 2017-05-31T17:46:14.850697242Z: [    6.341166] IPVS: [fo] scheduler registered.
[STDOUT  ] 2017-05-31T17:46:14.851035678Z: [    6.341488] IPVS: [ovf] scheduler registered.
[STDOUT  ] 2017-05-31T17:46:14.851513611Z: [    6.341936] IPVS: [lblc] scheduler registered.
[STDOUT  ] 2017-05-31T17:46:14.851992221Z: [    6.342428] IPVS: [lblcr] scheduler registered.
[STDOUT  ] 2017-05-31T17:46:14.852331057Z: [    6.342798] IPVS: [dh] scheduler registered.
[STDOUT  ] 2017-05-31T17:46:14.852647179Z: [    6.343124] IPVS: [sh] scheduler registered.
[STDOUT  ] 2017-05-31T17:46:14.85300647Z: [    6.343453] IPVS: [sed] scheduler registered.
[STDOUT  ] 2017-05-31T17:46:14.853330919Z: [    6.343800] IPVS: [nq] scheduler registered.
[STDOUT  ] 2017-05-31T17:46:14.8540548Z: [    6.344476] IPVS: ftp: loaded support on port[0] = 21
[STDOUT  ] 2017-05-31T17:46:14.854895686Z: [    6.345286] ipip: IPv4 and MPLS over IPv4 tunneling driver
[STDOUT  ] 2017-05-31T17:46:14.858698398Z: [    6.349098] gre: GRE over IPv4 demultiplexor driver
[STDOUT  ] 2017-05-31T17:46:14.859079728Z: [    6.349512] ip_gre: GRE over IPv4 tunneling driver
[STDOUT  ] 2017-05-31T17:46:14.864617257Z: [    6.355054] IPv4 over IPsec tunneling driver
[STDOUT  ] 2017-05-31T17:46:14.870327369Z: [    6.360712] ip_tables: (C) 2000-2006 Netfilter Core Team
[STDOUT  ] 2017-05-31T17:46:14.873563337Z: [    6.363866] ipt_CLUSTERIP: ClusterIP Version 0.8 loaded successfully
[STDOUT  ] 2017-05-31T17:46:14.874231875Z: [    6.364600] arp_tables: arp_tables: (C) 2002 David S. Miller
[STDOUT  ] 2017-05-31T17:46:14.875953388Z: [    6.366392] Initializing XFRM netlink socket
[STDOUT  ] 2017-05-31T17:46:14.876948948Z: [    6.367388] NET: Registered protocol family 10
[STDOUT  ] 2017-05-31T17:46:14.888543324Z: [    6.379059] mip6: Mobile IPv6
[STDOUT  ] 2017-05-31T17:46:14.889682809Z: [    6.379992] ip6_tables: (C) 2000-2006 Netfilter Core Team
[STDOUT  ] 2017-05-31T17:46:14.897250265Z: [    6.387575] sit: IPv6, IPv4 and MPLS over IPv4 tunneling driver
[STDOUT  ] 2017-05-31T17:46:14.904283976Z: [    6.394697] ip6_gre: GRE over IPv6 tunneling driver
[STDOUT  ] 2017-05-31T17:46:14.907843819Z: [    6.398271] NET: Registered protocol family 17
[STDOUT  ] 2017-05-31T17:46:14.908431402Z: [    6.398887] NET: Registered protocol family 15
[STDOUT  ] 2017-05-31T17:46:14.910134339Z: [    6.400594] Bridge firewalling registered
[STDOUT  ] 2017-05-31T17:46:14.910624881Z: [    6.401138] Ebtables v2.0 registered
[STDOUT  ] 2017-05-31T17:46:14.913557697Z: [    6.403983] l2tp_core: L2TP core driver, V2.0
[STDOUT  ] 2017-05-31T17:46:14.914061968Z: [    6.404487] l2tp_ppp: PPPoL2TP kernel driver, V2.0
[STDOUT  ] 2017-05-31T17:46:14.9144106Z: [    6.404881] 8021q: 802.1Q VLAN Support v1.8
[STDOUT  ] 2017-05-31T17:46:14.915838425Z: [    6.406287] 9pnet: Installing 9P2000 support
[STDOUT  ] 2017-05-31T17:46:14.916609689Z: [    6.407061] Key type dns_resolver registered
[STDOUT  ] 2017-05-31T17:46:14.917042579Z: [    6.407442] openvswitch: Open vSwitch switching datapath
[STDOUT  ] 2017-05-31T17:46:14.918814714Z: [    6.409304] mpls_gso: MPLS GSO support
[STDOUT  ] 2017-05-31T17:46:14.919629429Z: [    6.409952] microcode: AMD CPU family 0x6 not supported
[STDOUT  ] 2017-05-31T17:46:14.923330058Z: [    6.413780] registered taskstats version 1
[STDOUT  ] 2017-05-31T17:46:14.991351255Z: [    6.481594] tsc: Refined TSC clocksource calibration: 2300.298 MHz
[STDOUT  ] 2017-05-31T17:46:14.992232454Z: [    6.482275] clocksource: tsc: mask: 0xffffffffffffffff max_cycles: 0x21284ea9632, max_idle_ns: 440795284103 ns
[STDOUT  ] 2017-05-31T17:46:15.056051115Z: [    6.546410] Key type big_key registered
[STDOUT  ] 2017-05-31T17:46:15.096397596Z: [    6.586806] Key type encrypted registered
[STDOUT  ] 2017-05-31T17:46:15.101737243Z: [    6.591890] rtc_cmos 00:00: setting system clock to 2017-05-31 17:46:14 UTC (1496252774)
[STDOUT  ] 2017-05-31T17:46:15.250871106Z: [    6.740960] Freeing unused kernel memory: 1456K (ffffffff93f90000 - ffffffff940fc000)
[STDOUT  ] 2017-05-31T17:46:15.251411677Z: [    6.741748] Write protecting the kernel read-only data: 14336k
[STDOUT  ] 2017-05-31T17:46:15.261721754Z: [    6.751936] Freeing unused kernel memory: 816K (ffff92cd79934000 - ffff92cd79a00000)
[STDOUT  ] 2017-05-31T17:46:15.329123299Z: [    6.819260] Freeing unused kernel memory: 1012K (ffff92cd79d03000 - ffff92cd79e00000)
[STDOUT  ] 2017-05-31T17:46:16.010490114Z: [    7.500804] clocksource: Switched to clocksource tsc
[STDOUT  ] 2017-05-31T17:46:20.228247583Z: 
[STDOUT  ] 2017-05-31T17:46:20.22879393Z: Welcome to LinuxKit
[STDOUT  ] 2017-05-31T17:46:20.228896709Z: 
[STDOUT  ] 2017-05-31T17:46:20.229272469Z:                         ##         .
[STDOUT  ] 2017-05-31T17:46:20.244992657Z:                   ## ## ##        ==
[STDOUT  ] 2017-05-31T17:46:20.245390789Z:                ## ## ## ## ##    ===
[STDOUT  ] 2017-05-31T17:46:20.245764315Z:            /"""""""""""""""""\___/ ===
[STDOUT  ] 2017-05-31T17:46:20.246193359Z:       ~~~ {~~ ~~~~ ~~~ ~~~~ ~~~ ~ /  ===- ~~~
[STDOUT  ] 2017-05-31T17:46:20.246534088Z:            \______ o           __/
[STDOUT  ] 2017-05-31T17:46:20.246866612Z:              \    \         __/
[STDOUT  ] 2017-05-31T17:46:20.247173235Z:               \____\_______/
[STDOUT  ] 2017-05-31T17:46:20.24726305Z: 
[STDOUT  ] 2017-05-31T17:46:20.260680075Z: 
[STDOUT  ] 2017-05-31T17:46:20.270256809Z: 
[STDOUT  ] 2017-05-31T17:46:20.270828077Z: Starting containerd
[STDOUT  ] 2017-05-31T17:46:20.707722907Z: / # [6n[34mINFO[0m[0000] starting containerd boot...                   [34mmodule[0m=containerd
[STDOUT  ] 2017-05-31T17:46:20.722170994Z: [34mINFO[0m[0000] starting debug API...                         [34mdebug[0m="/run/containerd/debug.sock" [34mmodule[0m=containerd
[STDOUT  ] 2017-05-31T17:46:20.723590625Z: [34mINFO[0m[0000] loading monitor plugin "cgroups"...           [34mmodule[0m=containerd
[STDOUT  ] 2017-05-31T17:46:20.774390075Z: [34mINFO[0m[0000] loading runtime plugin "linux"...             [34mmodule[0m=containerd
[STDOUT  ] 2017-05-31T17:46:20.817338683Z: [34mINFO[0m[0000] loading snapshot plugin "snapshot-overlay"...  [34mmodule[0m=containerd
[STDOUT  ] 2017-05-31T17:46:20.823741616Z: [34mINFO[0m[0000] loading grpc service plugin "diff-grpc"...    [34mmodule[0m=containerd
[STDOUT  ] 2017-05-31T17:46:20.825221512Z: [34mINFO[0m[0000] loading grpc service plugin "images-grpc"...  [34mmodule[0m=containerd
[STDOUT  ] 2017-05-31T17:46:20.826354924Z: [34mINFO[0m[0000] loading grpc service plugin "metrics-grpc"...  [34mmodule[0m=containerd
[STDOUT  ] 2017-05-31T17:46:20.827619508Z: [34mINFO[0m[0000] loading grpc service plugin "snapshots-grpc"...  [34mmodule[0m=containerd
[STDOUT  ] 2017-05-31T17:46:20.828713637Z: [34mINFO[0m[0000] loading grpc service plugin "version-grpc"...  [34mmodule[0m=containerd
[STDOUT  ] 2017-05-31T17:46:20.830242038Z: [34mINFO[0m[0000] loading grpc service plugin "containers-grpc"...  [34mmodule[0m=containerd
[STDOUT  ] 2017-05-31T17:46:20.831374118Z: [34mINFO[0m[0000] loading grpc service plugin "content-grpc"...  [34mmodule[0m=containerd
[STDOUT  ] 2017-05-31T17:46:20.832414275Z: [34mINFO[0m[0000] loading grpc service plugin "tasks-grpc"...   [34mmodule[0m=containerd
[STDOUT  ] 2017-05-31T17:46:20.834506639Z: [34mINFO[0m[0000] loading grpc service plugin "healthcheck-grpc"...  [34mmodule[0m=containerd
[STDOUT  ] 2017-05-31T17:46:20.852695823Z: [34mINFO[0m[0000] starting GRPC API server...                   [34mmodule[0m=containerd
[STDOUT  ] 2017-05-31T17:46:20.861400413Z: [34mINFO[0m[0000] starting metrics API...                       [34mmetrics[0m=":13337" [34mmodule[0m=containerd
[STDOUT  ] 2017-05-31T17:46:20.885030995Z: [34mINFO[0m[0000] containerd successfully booted in 0.183750s   [34mmodule[0m=containerd
[STDOUT  ] 2017-05-31T17:46:52.557555113Z: [   44.040588] sd 0:0:0:0: [sda] Synchronizing SCSI cache
[STDOUT  ] 2017-05-31T17:46:52.55847746Z: [   44.041654] sd 0:0:0:0: [sda] Stopping disk
[STDOUT  ] 2017-05-31T17:46:52.572501909Z: [   44.055599] ACPI: Preparing to enter system sleep state S5
[STDOUT  ] 2017-05-31T17:46:52.573529654Z: [   44.056761] reboot: Power down
[STDERR  ] 2017-05-31T17:46:52.690733796Z: + exit 0
[STDERR  ] 2017-05-31T17:46:52.690753915Z: + clean_up
[STDERR  ] 2017-05-31T17:46:52.690766518Z: + find . -iname run* -not -iname *.yml -exec rm -rf {} ;
[STDERR  ] 2017-05-31T17:46:52.708815498Z: + find . -iname mkimage* -not -iname *.yml -exec rm -rf {} ;
[STDERR  ] 2017-05-31T17:46:52.744559597Z: + rm -f disk.qcow2
[PASS    ] linuxkit.packages.mkimage 202.23s
