[INFO    ] 2018-01-16T19:21:18.877122654Z: Running Test linuxkit.kernel.kmod_4.4.x in /tmp/build/test/cases/020_kernel/010_kmod_4.4.x
[INFO    ] 2018-01-16T19:21:18.877233746Z: Running command: [/bin/sh -x /tmp/build/test/cases/020_kernel/010_kmod_4.4.x/test.sh]
[STDERR  ] 2018-01-16T19:21:18.877848872Z: + set -e
[STDERR  ] 2018-01-16T19:21:18.877921678Z: + . /tmp/build/test/cases/_lib/lib.sh
[STDERR  ] 2018-01-16T19:21:18.877933672Z: + [ -f src/github.com/linuxkit/rtf/lib/lib.sh ]
[STDERR  ] 2018-01-16T19:21:18.877945111Z: + LINUXKIT_TMPDIR=/tmp/build/test/cases/_tmp
[STDERR  ] 2018-01-16T19:21:18.877956272Z: + [ -f /tmp/build/test/cases/_tmp/env.sh ]
[STDERR  ] 2018-01-16T19:21:18.877967241Z: + . /tmp/build/test/cases/_tmp/env.sh
[STDERR  ] 2018-01-16T19:21:18.87798147Z: + export LINUXKIT_EXAMPLES_DIR=/tmp/build/test/cases/../../examples
[STDERR  ] 2018-01-16T19:21:18.877998703Z: + export LINUXKIT_BLUEPRINTS_DIR=/tmp/build/test/cases/../../blueprints
[STDERR  ] 2018-01-16T19:21:18.878010324Z: + RT_CANCEL=253
[STDERR  ] 2018-01-16T19:21:18.878020965Z: + NAME=kmod
[STDERR  ] 2018-01-16T19:21:18.878032994Z: + IMAGE_NAME=kmod-test
[STDERR  ] 2018-01-16T19:21:18.878043205Z: + trap clean_up EXIT
[STDERR  ] 2018-01-16T19:21:18.878055178Z: + docker pull linuxkit/kernel:4.9.76
[STDOUT  ] 2018-01-16T19:21:20.005655462Z: 4.9.76: Pulling from linuxkit/kernel
[STDOUT  ] 2018-01-16T19:21:20.36979362Z: Digest: sha256:98dfce5443fba043b080e6bc799047011a6695fe63f1de5fd513f4302ab09cee
[STDOUT  ] 2018-01-16T19:21:20.369859145Z: Status: Image is up to date for linuxkit/kernel:4.9.76
[STDERR  ] 2018-01-16T19:21:20.370735283Z: + docker build -t kmod-test .
[STDOUT  ] 2018-01-16T19:21:20.4394317Z: Sending build context to Docker daemon  8.704kB
[STDOUT  ] 2018-01-16T19:21:20.520300052Z: Step 1/12 : FROM linuxkit/kernel:4.4.111 AS ksrc
[STDOUT  ] 2018-01-16T19:21:21.632859985Z: 4.4.111: Pulling from linuxkit/kernel
[STDOUT  ] 2018-01-16T19:21:22.00971684Z: Digest: sha256:30b4da57da182e023e5437678a81e7cdf8023184690779c685515bcc0fd46e0c
[STDOUT  ] 2018-01-16T19:21:22.013484984Z: Status: Downloaded newer image for linuxkit/kernel:4.4.111
[STDOUT  ] 2018-01-16T19:21:22.01404055Z:  ---> 0603efcbf3ee
[STDOUT  ] 2018-01-16T19:21:22.014063844Z: Step 2/12 : FROM linuxkit/alpine:d307c8a386fa3f32cddda9409b9687e191cdd6f1 AS build
[STDOUT  ] 2018-01-16T19:21:23.211675355Z: d307c8a386fa3f32cddda9409b9687e191cdd6f1: Pulling from linuxkit/alpine
[STDOUT  ] 2018-01-16T19:21:23.633171196Z: 2fdfe1cd78c2: Already exists
[STDOUT  ] 2018-01-16T19:21:23.639781132Z: 826a7b0d9a3c: Pulling fs layer
[STDOUT  ] 2018-01-16T19:21:23.639828883Z: 564629b993f1: Pulling fs layer
[STDOUT  ] 2018-01-16T19:21:23.639840734Z: 649b4c2935f2: Pulling fs layer
[STDOUT  ] 2018-01-16T19:21:23.639853801Z: 895423fcce3e: Pulling fs layer
[STDOUT  ] 2018-01-16T19:21:23.640360862Z: 4dc165278b76: Pulling fs layer
[STDOUT  ] 2018-01-16T19:21:23.640454791Z: 9ba1d45a1f12: Pulling fs layer
[STDOUT  ] 2018-01-16T19:21:23.64047494Z: 6a7e3200ed7e: Pulling fs layer
[STDOUT  ] 2018-01-16T19:21:23.640560618Z: 086d93d2737b: Pulling fs layer
[STDOUT  ] 2018-01-16T19:21:23.640581932Z: 895423fcce3e: Waiting
[STDOUT  ] 2018-01-16T19:21:23.640594747Z: 9ba1d45a1f12: Waiting
[STDOUT  ] 2018-01-16T19:21:23.640695022Z: 6a7e3200ed7e: Waiting
[STDOUT  ] 2018-01-16T19:21:23.640715481Z: 086d93d2737b: Waiting
[STDOUT  ] 2018-01-16T19:21:23.640884404Z: 4dc165278b76: Waiting
[STDOUT  ] 2018-01-16T19:21:24.03711881Z: 826a7b0d9a3c: Download complete
[STDOUT  ] 2018-01-16T19:21:24.039918336Z: 649b4c2935f2: Verifying Checksum
[STDOUT  ] 2018-01-16T19:21:24.039974746Z: 649b4c2935f2: Download complete
[STDOUT  ] 2018-01-16T19:21:24.040626648Z: 564629b993f1: Verifying Checksum
[STDOUT  ] 2018-01-16T19:21:24.042077728Z: 564629b993f1: Download complete
[STDOUT  ] 2018-01-16T19:21:24.132105804Z: 826a7b0d9a3c: Pull complete
[STDOUT  ] 2018-01-16T19:21:24.23183729Z: 564629b993f1: Pull complete
[STDOUT  ] 2018-01-16T19:21:24.323628885Z: 649b4c2935f2: Pull complete
[STDOUT  ] 2018-01-16T19:21:24.460080573Z: 9ba1d45a1f12: Download complete
[STDOUT  ] 2018-01-16T19:21:24.859975091Z: 4dc165278b76: Verifying Checksum
[STDOUT  ] 2018-01-16T19:21:24.860107977Z: 4dc165278b76: Download complete
[STDOUT  ] 2018-01-16T19:21:25.250012366Z: 086d93d2737b: Verifying Checksum
[STDOUT  ] 2018-01-16T19:21:25.250057649Z: 086d93d2737b: Download complete
[STDOUT  ] 2018-01-16T19:21:26.713113359Z: 6a7e3200ed7e: Verifying Checksum
[STDOUT  ] 2018-01-16T19:21:26.713163082Z: 6a7e3200ed7e: Download complete
[STDOUT  ] 2018-01-16T19:21:31.368792676Z: 895423fcce3e: Verifying Checksum
[STDOUT  ] 2018-01-16T19:21:31.368839521Z: 895423fcce3e: Download complete
[STDOUT  ] 2018-01-16T19:21:35.21012584Z: 895423fcce3e: Pull complete
[STDOUT  ] 2018-01-16T19:21:35.643425891Z: 4dc165278b76: Pull complete
[STDOUT  ] 2018-01-16T19:21:35.778825745Z: 9ba1d45a1f12: Pull complete
[STDOUT  ] 2018-01-16T19:21:37.852062018Z: 6a7e3200ed7e: Pull complete
[STDOUT  ] 2018-01-16T19:21:37.987122822Z: 086d93d2737b: Pull complete
[STDOUT  ] 2018-01-16T19:21:37.993455559Z: Digest: sha256:23ff38309514359a1436f7ce80333da7ee097fcd50ef66300f1483edb2d8a8ed
[STDOUT  ] 2018-01-16T19:21:37.99840528Z: Status: Downloaded newer image for linuxkit/alpine:d307c8a386fa3f32cddda9409b9687e191cdd6f1
[STDOUT  ] 2018-01-16T19:21:37.999022914Z:  ---> 4d01d9a77113
[STDOUT  ] 2018-01-16T19:21:37.999048668Z: Step 3/12 : RUN apk add build-base libelf-dev
[STDOUT  ] 2018-01-16T19:21:38.076213392Z:  ---> Running in 1b61514a2358
[STDOUT  ] 2018-01-16T19:21:38.718289571Z: (1/20) Installing binutils-libs (2.28-r3)
[STDOUT  ] 2018-01-16T19:21:38.735535682Z: (2/20) Installing binutils (2.28-r3)
[STDOUT  ] 2018-01-16T19:21:38.789215489Z: (3/20) Installing gmp (6.1.2-r1)
[STDOUT  ] 2018-01-16T19:21:38.794742597Z: (4/20) Installing isl (0.18-r0)
[STDOUT  ] 2018-01-16T19:21:38.807922265Z: (5/20) Installing libgomp (6.4.0-r5)
[STDOUT  ] 2018-01-16T19:21:38.809538877Z: (6/20) Installing libatomic (6.4.0-r5)
[STDOUT  ] 2018-01-16T19:21:38.810076532Z: (7/20) Installing pkgconf (1.3.10-r0)
[STDOUT  ] 2018-01-16T19:21:38.811705023Z: (8/20) Installing libgcc (6.4.0-r5)
[STDOUT  ] 2018-01-16T19:21:38.812707248Z: (9/20) Installing mpfr3 (3.1.5-r1)
[STDOUT  ] 2018-01-16T19:21:38.816352872Z: (10/20) Installing mpc1 (1.0.3-r1)
[STDOUT  ] 2018-01-16T19:21:38.817534246Z: (11/20) Installing libstdc++ (6.4.0-r5)
[STDOUT  ] 2018-01-16T19:21:38.827336079Z: (12/20) Installing gcc (6.4.0-r5)
[STDOUT  ] 2018-01-16T19:21:39.500728163Z: (13/20) Installing musl-dev (1.1.18-r2)
[STDOUT  ] 2018-01-16T19:21:39.576799366Z: (14/20) Installing libc-dev (0.7.1-r0)
[STDOUT  ] 2018-01-16T19:21:39.576955153Z: (15/20) Installing g++ (6.4.0-r5)
[STDOUT  ] 2018-01-16T19:21:40.198506414Z: (16/20) Installing make (4.2.1-r0)
[STDOUT  ] 2018-01-16T19:21:40.201894845Z: (17/20) Installing fortify-headers (0.9-r0)
[STDOUT  ] 2018-01-16T19:21:40.203166234Z: (18/20) Installing build-base (0.5-r0)
[STDOUT  ] 2018-01-16T19:21:40.203438363Z: (19/20) Installing libelf (0.8.13-r3)
[STDOUT  ] 2018-01-16T19:21:40.204551234Z: (20/20) Installing libelf-dev (0.8.13-r3)
[STDOUT  ] 2018-01-16T19:21:40.208324263Z: Executing busybox-1.27.2-r6.trigger
[STDOUT  ] 2018-01-16T19:21:40.216229154Z: OK: 159 MiB in 31 packages
[STDOUT  ] 2018-01-16T19:21:42.745191469Z:  ---> 02bc118b71bc
[STDOUT  ] 2018-01-16T19:21:42.849535064Z: Removing intermediate container 1b61514a2358
[STDOUT  ] 2018-01-16T19:21:42.849584085Z: Step 4/12 : COPY --from=ksrc /kernel-dev.tar /
[STDOUT  ] 2018-01-16T19:21:44.151540157Z:  ---> 55f4caaff87b
[STDOUT  ] 2018-01-16T19:21:44.169527654Z: Removing intermediate container 4af58132af5f
[STDOUT  ] 2018-01-16T19:21:44.169579534Z: Step 5/12 : RUN tar xf kernel-dev.tar
[STDOUT  ] 2018-01-16T19:21:44.243356582Z:  ---> Running in 754f30b02080
[STDOUT  ] 2018-01-16T19:21:50.097549434Z:  ---> 1cd971e2f304
[STDOUT  ] 2018-01-16T19:21:50.462519032Z: Removing intermediate container 754f30b02080
[STDOUT  ] 2018-01-16T19:21:50.462573138Z: Step 6/12 : WORKDIR /kmod
[STDOUT  ] 2018-01-16T19:21:50.733472646Z:  ---> 81ede26903ba
[STDOUT  ] 2018-01-16T19:21:50.74011793Z: Removing intermediate container 0ca0222eaab1
[STDOUT  ] 2018-01-16T19:21:50.740186325Z: Step 7/12 : COPY ./src/* ./
[STDOUT  ] 2018-01-16T19:21:51.225569594Z:  ---> 6bbefaec22c5
[STDOUT  ] 2018-01-16T19:21:51.230883517Z: Removing intermediate container 70513fda3c9d
[STDOUT  ] 2018-01-16T19:21:51.23091923Z: Step 8/12 : RUN make all
[STDOUT  ] 2018-01-16T19:21:51.307050822Z:  ---> Running in da5cf3ddb973
[STDOUT  ] 2018-01-16T19:21:51.615220482Z: make -C /usr/src/linux-headers-4.4.111-linuxkit M=/kmod modules
[STDOUT  ] 2018-01-16T19:21:51.61595384Z: make[1]: Entering directory '/usr/src/linux-headers-4.4.111-linuxkit'
[STDOUT  ] 2018-01-16T19:21:52.246841226Z:   CC [M]  /kmod/hello_world.o
[STDOUT  ] 2018-01-16T19:21:52.435458695Z:   Building modules, stage 2.
[STDOUT  ] 2018-01-16T19:21:52.457651735Z:   MODPOST 1 modules
[STDOUT  ] 2018-01-16T19:21:52.471483213Z:   CC      /kmod/hello_world.mod.o
[STDOUT  ] 2018-01-16T19:21:52.651043074Z:   LD [M]  /kmod/hello_world.ko
[STDOUT  ] 2018-01-16T19:21:52.654041519Z: make[1]: Leaving directory '/usr/src/linux-headers-4.4.111-linuxkit'
[STDOUT  ] 2018-01-16T19:21:53.025055463Z:  ---> 65485050d506
[STDOUT  ] 2018-01-16T19:21:53.032352954Z: Removing intermediate container da5cf3ddb973
[STDOUT  ] 2018-01-16T19:21:53.032401406Z: Step 9/12 : FROM alpine:3.7
[STDOUT  ] 2018-01-16T19:21:53.032778228Z:  ---> 3fd9065eaf02
[STDOUT  ] 2018-01-16T19:21:53.032862204Z: Step 10/12 : COPY --from=build /kmod/hello_world.ko /
[STDOUT  ] 2018-01-16T19:21:53.425760709Z:  ---> 150298aeb9bf
[STDOUT  ] 2018-01-16T19:21:53.432298661Z: Removing intermediate container c8fba2369260
[STDOUT  ] 2018-01-16T19:21:53.432343569Z: Step 11/12 : COPY check.sh /check.sh
[STDOUT  ] 2018-01-16T19:21:53.801938428Z:  ---> bd896e311089
[STDOUT  ] 2018-01-16T19:21:53.808524055Z: Removing intermediate container cb47bb6ea23e
[STDOUT  ] 2018-01-16T19:21:53.808575439Z: Step 12/12 : ENTRYPOINT /bin/sh /check.sh
[STDOUT  ] 2018-01-16T19:21:53.879348643Z:  ---> Running in dc66020d2a77
[STDOUT  ] 2018-01-16T19:21:54.026487182Z:  ---> 01bb6e1baa44
[STDOUT  ] 2018-01-16T19:21:54.03263998Z: Removing intermediate container dc66020d2a77
[STDOUT  ] 2018-01-16T19:21:54.0326823Z: Successfully built 01bb6e1baa44
[STDOUT  ] 2018-01-16T19:21:54.036813343Z: Successfully tagged kmod-test:latest
[STDERR  ] 2018-01-16T19:21:54.071614366Z: + linuxkit build -format kernel+initrd -name kmod test.yml
[STDERR  ] 2018-01-16T19:21:54.098666334Z: Extract kernel image: linuxkit/kernel:4.4.111
[STDERR  ] 2018-01-16T19:21:55.241934904Z: time="2018-01-16T19:21:55Z" level=warning msg="certificate with CN Justin Cormack is near expiry"
[STDERR  ] 2018-01-16T19:21:55.241990199Z: time="2018-01-16T19:21:55Z" level=warning msg="certificate with CN  is near expiry"
[STDERR  ] 2018-01-16T19:21:55.242054311Z: time="2018-01-16T19:21:55Z" level=warning msg="certificate with CN  is near expiry"
[STDERR  ] 2018-01-16T19:21:55.292025792Z: time="2018-01-16T19:21:55Z" level=warning msg="certificate with CN Justin Cormack is near expiry"
[STDERR  ] 2018-01-16T19:21:55.631951285Z: Add init containers:
[STDERR  ] 2018-01-16T19:21:55.631998399Z: Process init image: linuxkit/init:f7a3d03face99e933626533a3381ae4476fbc8de
[STDERR  ] 2018-01-16T19:21:56.662851376Z: time="2018-01-16T19:21:56Z" level=warning msg="certificate with CN  is near expiry"
[STDERR  ] 2018-01-16T19:21:56.662934242Z: time="2018-01-16T19:21:56Z" level=warning msg="certificate with CN  is near expiry"
[STDERR  ] 2018-01-16T19:21:56.663233582Z: time="2018-01-16T19:21:56Z" level=warning msg="certificate with CN Justin Cormack is near expiry"
[STDERR  ] 2018-01-16T19:21:56.667393403Z: time="2018-01-16T19:21:56Z" level=warning msg="certificate with CN Justin Cormack is near expiry"
[STDERR  ] 2018-01-16T19:21:56.669227276Z: time="2018-01-16T19:21:56Z" level=warning msg="certificate with CN  is near expiry"
[STDERR  ] 2018-01-16T19:21:56.843770785Z: Process init image: linuxkit/runc:7b15b00b4e3507d62e3ed8d44dfe650561cd35ff
[STDERR  ] 2018-01-16T19:21:57.866661982Z: time="2018-01-16T19:21:57Z" level=warning msg="certificate with CN Justin Cormack is near expiry"
[STDERR  ] 2018-01-16T19:21:57.866810979Z: time="2018-01-16T19:21:57Z" level=warning msg="certificate with CN  is near expiry"
[STDERR  ] 2018-01-16T19:21:57.866951613Z: time="2018-01-16T19:21:57Z" level=warning msg="certificate with CN  is near expiry"
[STDERR  ] 2018-01-16T19:21:57.8691626Z: time="2018-01-16T19:21:57Z" level=warning msg="certificate with CN Justin Cormack is near expiry"
[STDERR  ] 2018-01-16T19:21:57.870407475Z: time="2018-01-16T19:21:57Z" level=warning msg="certificate with CN  is near expiry"
[STDERR  ] 2018-01-16T19:21:58.017533634Z: Add onboot containers:
[STDERR  ] 2018-01-16T19:21:58.017596566Z:   Create OCI config for kmod-test
[STDERR  ] 2018-01-16T19:21:58.165164395Z:   Create OCI config for linuxkit/poweroff:bccfe1cb04fc7bb9f03613d2314f38abd2620f29
[STDERR  ] 2018-01-16T19:21:59.202222919Z: time="2018-01-16T19:21:59Z" level=warning msg="certificate with CN Rolf Neugebauer is near expiry"
[STDERR  ] 2018-01-16T19:21:59.202282562Z: time="2018-01-16T19:21:59Z" level=warning msg="certificate with CN  is near expiry"
[STDERR  ] 2018-01-16T19:21:59.202419469Z: time="2018-01-16T19:21:59Z" level=warning msg="certificate with CN  is near expiry"
[STDERR  ] 2018-01-16T19:21:59.202719501Z: time="2018-01-16T19:21:59Z" level=warning msg="certificate with CN Justin Cormack is near expiry"
[STDERR  ] 2018-01-16T19:21:59.20444779Z: time="2018-01-16T19:21:59Z" level=warning msg="certificate with CN Rolf Neugebauer is near expiry"
[STDERR  ] 2018-01-16T19:21:59.205199038Z: time="2018-01-16T19:21:59Z" level=warning msg="certificate with CN  is near expiry"
[STDERR  ] 2018-01-16T19:21:59.373131243Z: Create outputs:
[STDERR  ] 2018-01-16T19:22:03.767502293Z:   kmod-kernel kmod-initrd.img kmod-cmdline
[STDERR  ] 2018-01-16T19:22:03.813854359Z: + linuxkit run kmod
[STDERR  ] 2018-01-16T19:22:03.83793605Z: Unable to find qemu-system-x86_64 within the $PATH. Using a container
[STDERR  ] 2018-01-16T19:22:21.433152815Z: + RESULT=[    0.000000] Initializing cgroup subsys cpuset
[STDERR  ] 2018-01-16T19:22:21.433208026Z: [    0.000000] Initializing cgroup subsys cpu
[STDERR  ] 2018-01-16T19:22:21.433220697Z: [    0.000000] Initializing cgroup subsys cpuacct
[STDERR  ] 2018-01-16T19:22:21.433232874Z: [    0.000000] Linux version 4.4.111-linuxkit (root@4e13462b9a26) (gcc version 6.4.0 (Alpine 6.4.0) ) #1 SMP Mon Jan 15 17:08:39 UTC 2018
[STDERR  ] 2018-01-16T19:22:21.433246095Z: [    0.000000] Command line: console=ttyS0 console=ttyAMA0
[STDERR  ] 2018-01-16T19:22:21.433262054Z: [    0.000000] x86/fpu: Legacy x87 FPU detected.
[STDERR  ] 2018-01-16T19:22:21.433282104Z: [    0.000000] x86/fpu: Using 'lazy' FPU context switches.
[STDERR  ] 2018-01-16T19:22:21.433293518Z: [    0.000000] e820: BIOS-provided physical RAM map:
[STDERR  ] 2018-01-16T19:22:21.433305074Z: [    0.000000] BIOS-e820: [mem 0x0000000000000000-0x000000000009fbff] usable
[STDERR  ] 2018-01-16T19:22:21.433317308Z: [    0.000000] BIOS-e820: [mem 0x000000000009fc00-0x000000000009ffff] reserved
[STDERR  ] 2018-01-16T19:22:21.433328849Z: [    0.000000] BIOS-e820: [mem 0x00000000000f0000-0x00000000000fffff] reserved
[STDERR  ] 2018-01-16T19:22:21.433342035Z: [    0.000000] BIOS-e820: [mem 0x0000000000100000-0x000000003ffdefff] usable
[STDERR  ] 2018-01-16T19:22:21.433354274Z: [    0.000000] BIOS-e820: [mem 0x000000003ffdf000-0x000000003fffffff] reserved
[STDERR  ] 2018-01-16T19:22:21.433365609Z: [    0.000000] BIOS-e820: [mem 0x00000000b0000000-0x00000000bfffffff] reserved
[STDERR  ] 2018-01-16T19:22:21.433413768Z: [    0.000000] BIOS-e820: [mem 0x00000000fed1c000-0x00000000fed1ffff] reserved
[STDERR  ] 2018-01-16T19:22:21.433425045Z: [    0.000000] BIOS-e820: [mem 0x00000000fffc0000-0x00000000ffffffff] reserved
[STDERR  ] 2018-01-16T19:22:21.433435557Z: [    0.000000] NX (Execute Disable) protection: active
[STDERR  ] 2018-01-16T19:22:21.433446586Z: [    0.000000] SMBIOS 2.8 present.
[STDERR  ] 2018-01-16T19:22:21.433457341Z: [    0.000000] Kernel/User page tables isolation: disabled
[STDERR  ] 2018-01-16T19:22:21.433468192Z: [    0.000000] e820: last_pfn = 0x3ffdf max_arch_pfn = 0x400000000
[STDERR  ] 2018-01-16T19:22:21.433484172Z: [    0.000000] x86/PAT: Configuration [0-7]: WB  WC  UC- UC  WB  WC  UC- WT  
[STDERR  ] 2018-01-16T19:22:21.433495757Z: [    0.000000] found SMP MP-table at [mem 0x000f6aa0-0x000f6aaf] mapped at [ffff8800000f6aa0]
[STDERR  ] 2018-01-16T19:22:21.433506637Z: [    0.000000] RAMDISK: [mem 0x3ea3b000-0x3ffcffff]
[STDERR  ] 2018-01-16T19:22:21.433516404Z: [    0.000000] ACPI: Early table checksum verification disabled
[STDERR  ] 2018-01-16T19:22:21.433526783Z: [    0.000000] ACPI: RSDP 0x00000000000F68B0 000014 (v00 BOCHS )
[STDERR  ] 2018-01-16T19:22:21.433536752Z: [    0.000000] ACPI: RSDT 0x000000003FFE20A8 000034 (v01 BOCHS  BXPCRSDT 00000001 BXPC 00000001)
[STDERR  ] 2018-01-16T19:22:21.433547452Z: [    0.000000] ACPI: FACP 0x000000003FFE1EC8 0000F4 (v03 BOCHS  BXPCFACP 00000001 BXPC 00000001)
[STDERR  ] 2018-01-16T19:22:21.433557646Z: [    0.000000] ACPI: DSDT 0x000000003FFE0040 001E88 (v01 BOCHS  BXPCDSDT 00000001 BXPC 00000001)
[STDERR  ] 2018-01-16T19:22:21.433567665Z: [    0.000000] ACPI: FACS 0x000000003FFE0000 000040
[STDERR  ] 2018-01-16T19:22:21.433577434Z: [    0.000000] ACPI: APIC 0x000000003FFE1FBC 000078 (v01 BOCHS  BXPCAPIC 00000001 BXPC 00000001)
[STDERR  ] 2018-01-16T19:22:21.433587495Z: [    0.000000] ACPI: HPET 0x000000003FFE2034 000038 (v01 BOCHS  BXPCHPET 00000001 BXPC 00000001)
[STDERR  ] 2018-01-16T19:22:21.433597978Z: [    0.000000] ACPI: MCFG 0x000000003FFE206C 00003C (v01 BOCHS  BXPCMCFG 00000001 BXPC 00000001)
[STDERR  ] 2018-01-16T19:22:21.433607989Z: [    0.000000] Zone ranges:
[STDERR  ] 2018-01-16T19:22:21.433618188Z: [    0.000000]   DMA      [mem 0x0000000000001000-0x0000000000ffffff]
[STDERR  ] 2018-01-16T19:22:21.433628835Z: [    0.000000]   DMA32    [mem 0x0000000001000000-0x000000003ffdefff]
[STDERR  ] 2018-01-16T19:22:21.433639315Z: [    0.000000]   Normal   empty
[STDERR  ] 2018-01-16T19:22:21.433649941Z: [    0.000000] Movable zone start for each node
[STDERR  ] 2018-01-16T19:22:21.433662829Z: [    0.000000] Early memory node ranges
[STDERR  ] 2018-01-16T19:22:21.433672719Z: [    0.000000]   node   0: [mem 0x0000000000001000-0x000000000009efff]
[STDERR  ] 2018-01-16T19:22:21.433682819Z: [    0.000000]   node   0: [mem 0x0000000000100000-0x000000003ffdefff]
[STDERR  ] 2018-01-16T19:22:21.433693546Z: [    0.000000] Initmem setup node 0 [mem 0x0000000000001000-0x000000003ffdefff]
[STDERR  ] 2018-01-16T19:22:21.433703143Z: [    0.000000] ACPI: PM-Timer IO Port: 0x608
[STDERR  ] 2018-01-16T19:22:21.433713152Z: [    0.000000] ACPI: LAPIC_NMI (acpi_id[0xff] dfl dfl lint[0x1])
[STDERR  ] 2018-01-16T19:22:21.433723012Z: [    0.000000] IOAPIC[0]: apic_id 0, version 32, address 0xfec00000, GSI 0-23
[STDERR  ] 2018-01-16T19:22:21.433732926Z: [    0.000000] ACPI: INT_SRC_OVR (bus 0 bus_irq 0 global_irq 2 dfl dfl)
[STDERR  ] 2018-01-16T19:22:21.433742619Z: [    0.000000] ACPI: INT_SRC_OVR (bus 0 bus_irq 5 global_irq 5 high level)
[STDERR  ] 2018-01-16T19:22:21.433753343Z: [    0.000000] ACPI: INT_SRC_OVR (bus 0 bus_irq 9 global_irq 9 high level)
[STDERR  ] 2018-01-16T19:22:21.433768454Z: [    0.000000] ACPI: INT_SRC_OVR (bus 0 bus_irq 10 global_irq 10 high level)
[STDERR  ] 2018-01-16T19:22:21.433779663Z: [    0.000000] ACPI: INT_SRC_OVR (bus 0 bus_irq 11 global_irq 11 high level)
[STDERR  ] 2018-01-16T19:22:21.433790259Z: [    0.000000] Using ACPI (MADT) for SMP configuration information
[STDERR  ] 2018-01-16T19:22:21.433806386Z: [    0.000000] ACPI: HPET id: 0x8086a201 base: 0xfed00000
[STDERR  ] 2018-01-16T19:22:21.433816768Z: [    0.000000] smpboot: Allowing 1 CPUs, 0 hotplug CPUs
[STDERR  ] 2018-01-16T19:22:21.433827092Z: [    0.000000] e820: [mem 0x40000000-0xafffffff] available for PCI devices
[STDERR  ] 2018-01-16T19:22:21.433837774Z: [    0.000000] Booting paravirtualized kernel on bare hardware
[STDERR  ] 2018-01-16T19:22:21.433848097Z: [    0.000000] clocksource: refined-jiffies: mask: 0xffffffff max_cycles: 0xffffffff, max_idle_ns: 19112604462750000 ns
[STDERR  ] 2018-01-16T19:22:21.433859138Z: [    0.000000] setup_percpu: NR_CPUS:128 nr_cpumask_bits:128 nr_cpu_ids:1 nr_node_ids:1
[STDERR  ] 2018-01-16T19:22:21.433873114Z: [    0.000000] PERCPU: Embedded 33 pages/cpu @ffff88003e800000 s97048 r8192 d29928 u2097152
[STDERR  ] 2018-01-16T19:22:21.433883152Z: [    0.000000] Built 1 zonelists in Zone order, mobility grouping on.  Total pages: 257896
[STDERR  ] 2018-01-16T19:22:21.433894055Z: [    0.000000] Kernel command line: console=ttyS0 console=ttyAMA0
[STDERR  ] 2018-01-16T19:22:21.433904472Z: [    0.000000] PID hash table entries: 4096 (order: 3, 32768 bytes)
[STDERR  ] 2018-01-16T19:22:21.433914905Z: [    0.000000] Dentry cache hash table entries: 131072 (order: 8, 1048576 bytes)
[STDERR  ] 2018-01-16T19:22:21.433925545Z: [    0.000000] Inode-cache hash table entries: 65536 (order: 7, 524288 bytes)
[STDERR  ] 2018-01-16T19:22:21.433936129Z: [    0.000000] Memory: 991948K/1048052K available (7635K kernel code, 1278K rwdata, 2700K rodata, 1312K init, 688K bss, 56104K reserved, 0K cma-reserved)
[STDERR  ] 2018-01-16T19:22:21.433947172Z: [    0.000000] Hierarchical RCU implementation.
[STDERR  ] 2018-01-16T19:22:21.433957112Z: [    0.000000] 	Build-time adjustment of leaf fanout to 64.
[STDERR  ] 2018-01-16T19:22:21.433971203Z: [    0.000000] 	RCU restricting CPUs from NR_CPUS=128 to nr_cpu_ids=1.
[STDERR  ] 2018-01-16T19:22:21.433981697Z: [    0.000000] RCU: Adjusting geometry for rcu_fanout_leaf=64, nr_cpu_ids=1
[STDERR  ] 2018-01-16T19:22:21.433992166Z: [    0.000000] NR_IRQS:8448 nr_irqs:256 16
[STDERR  ] 2018-01-16T19:22:21.434002163Z: [    0.000000] Console: colour VGA+ 80x25
[STDERR  ] 2018-01-16T19:22:21.434011946Z: [    0.000000] console [ttyS0] enabled
[STDERR  ] 2018-01-16T19:22:21.434021826Z: [    0.000000] clocksource: hpet: mask: 0xffffffff max_cycles: 0xffffffff, max_idle_ns: 19112604467 ns
[STDERR  ] 2018-01-16T19:22:21.434032519Z: [    0.000000] tsc: Fast TSC calibration failed
[STDERR  ] 2018-01-16T19:22:21.434042124Z: [    0.000000] tsc: Unable to calibrate against PIT
[STDERR  ] 2018-01-16T19:22:21.434051912Z: [    0.000000] tsc: using HPET reference calibration
[STDERR  ] 2018-01-16T19:22:21.434062061Z: [    0.000000] tsc: Detected 2300.024 MHz processor
[STDERR  ] 2018-01-16T19:22:21.434087198Z: [    0.053187] Calibrating delay loop (skipped), value calculated using timer frequency.. 4600.04 BogoMIPS (lpj=23000240)
[STDERR  ] 2018-01-16T19:22:21.434098001Z: [    0.061617] pid_max: default: 32768 minimum: 301
[STDERR  ] 2018-01-16T19:22:21.434107638Z: [    0.062444] ACPI: Core revision 20150930
[STDERR  ] 2018-01-16T19:22:21.434117452Z: [    0.086152] ACPI: 1 ACPI AML tables successfully acquired and loaded
[STDERR  ] 2018-01-16T19:22:21.434128019Z: [    0.088093] Security Framework initialized
[STDERR  ] 2018-01-16T19:22:21.434137354Z: [    0.088495] Yama: becoming mindful.
[STDERR  ] 2018-01-16T19:22:21.434147028Z: [    0.093359] Mount-cache hash table entries: 2048 (order: 2, 16384 bytes)
[STDERR  ] 2018-01-16T19:22:21.434157628Z: [    0.093905] Mountpoint-cache hash table entries: 2048 (order: 2, 16384 bytes)
[STDERR  ] 2018-01-16T19:22:21.434167663Z: [    0.107027] Initializing cgroup subsys io
[STDERR  ] 2018-01-16T19:22:21.434179959Z: [    0.107824] Initializing cgroup subsys memory
[STDERR  ] 2018-01-16T19:22:21.434189872Z: [    0.108521] Initializing cgroup subsys devices
[STDERR  ] 2018-01-16T19:22:21.434199694Z: [    0.108834] Initializing cgroup subsys freezer
[STDERR  ] 2018-01-16T19:22:21.434215125Z: [    0.109148] Initializing cgroup subsys net_cls
[STDERR  ] 2018-01-16T19:22:21.434224866Z: [    0.109432] Initializing cgroup subsys perf_event
[STDERR  ] 2018-01-16T19:22:21.434234446Z: [    0.109732] Initializing cgroup subsys net_prio
[STDERR  ] 2018-01-16T19:22:21.434250286Z: [    0.110163] Initializing cgroup subsys hugetlb
[STDERR  ] 2018-01-16T19:22:21.434260404Z: [    0.110791] Initializing cgroup subsys pids
[STDERR  ] 2018-01-16T19:22:21.434270365Z: [    0.113230] Last level iTLB entries: 4KB 0, 2MB 0, 4MB 0
[STDERR  ] 2018-01-16T19:22:21.434280069Z: [    0.113636] Last level dTLB entries: 4KB 0, 2MB 0, 4MB 0, 1GB 0
[STDERR  ] 2018-01-16T19:22:21.434294386Z: [    0.383880] Freeing SMP alternatives memory: 20K
[STDERR  ] 2018-01-16T19:22:21.434304103Z: [    0.392246] ftrace: allocating 33444 entries in 131 pages
[STDERR  ] 2018-01-16T19:22:21.434313834Z: [    0.473339] ..TIMER: vector=0x30 apic1=0 pin1=2 apic2=-1 pin2=-1
[STDERR  ] 2018-01-16T19:22:21.434323509Z: [    0.580000] smpboot: CPU0: AMD QEMU Virtual CPU version 2.5+ (family: 0x6, model: 0x6, stepping: 0x3)
[STDERR  ] 2018-01-16T19:22:21.434334057Z: [    0.580000] Performance Events: Broken PMU hardware detected, using software events only.
[STDERR  ] 2018-01-16T19:22:21.434344408Z: [    0.580000] Failed to access perfctr msr (MSR c0010007 is 0)
[STDERR  ] 2018-01-16T19:22:21.434354265Z: [    0.585011] x86: Booted up 1 node, 1 CPUs
[STDERR  ] 2018-01-16T19:22:21.434367494Z: [    0.585402] smpboot: Total of 1 processors activated (4600.04 BogoMIPS)
[STDERR  ] 2018-01-16T19:22:21.434377752Z: [    0.591965] NMI watchdog: disabled (cpu0): hardware events not enabled
[STDERR  ] 2018-01-16T19:22:21.434394389Z: [    0.592448] NMI watchdog: Shutting down hard lockup detector on all cpus
[STDERR  ] 2018-01-16T19:22:21.434405689Z: [    0.602130] devtmpfs: initialized
[STDERR  ] 2018-01-16T19:22:21.434415444Z: [    0.640653] clocksource: jiffies: mask: 0xffffffff max_cycles: 0xffffffff, max_idle_ns: 19112604462750000 ns
[STDERR  ] 2018-01-16T19:22:21.434425959Z: [    0.641659] futex hash table entries: 256 (order: 2, 16384 bytes)
[STDERR  ] 2018-01-16T19:22:21.434438038Z: [    0.656608] NET: Registered protocol family 16
[STDERR  ] 2018-01-16T19:22:21.434448018Z: [    0.664855] cpuidle: using governor ladder
[STDERR  ] 2018-01-16T19:22:21.434457732Z: [    0.665363] cpuidle: using governor menu
[STDERR  ] 2018-01-16T19:22:21.434467525Z: [    0.666603] ACPI: bus type PCI registered
[STDERR  ] 2018-01-16T19:22:21.434483566Z: [    0.669736] PCI: MMCONFIG for domain 0000 [bus 00-ff] at [mem 0xb0000000-0xbfffffff] (base 0xb0000000)
[STDERR  ] 2018-01-16T19:22:21.434497661Z: [    0.670372] PCI: MMCONFIG at [mem 0xb0000000-0xbfffffff] reserved in E820
[STDERR  ] 2018-01-16T19:22:21.434507729Z: [    0.671320] PCI: Using configuration type 1 for base access
[STDERR  ] 2018-01-16T19:22:21.434517664Z: [    0.713404] ACPI: Added _OSI(Module Device)
[STDERR  ] 2018-01-16T19:22:21.434527689Z: [    0.713674] ACPI: Added _OSI(Processor Device)
[STDERR  ] 2018-01-16T19:22:21.434537692Z: [    0.714087] ACPI: Added _OSI(3.0 _SCP Extensions)
[STDERR  ] 2018-01-16T19:22:21.434547372Z: [    0.714340] ACPI: Added _OSI(Processor Aggregator Device)
[STDERR  ] 2018-01-16T19:22:21.434556457Z: [    0.763863] ACPI: Interpreter enabled
[STDERR  ] 2018-01-16T19:22:21.434562697Z: [    0.764708] ACPI: (supports S0 S5)
[STDERR  ] 2018-01-16T19:22:21.434568681Z: [    0.765032] ACPI: Using IOAPIC for interrupt routing
[STDERR  ] 2018-01-16T19:22:21.434574706Z: [    0.767509] PCI: Using host bridge windows from ACPI; if necessary, use "pci=nocrs" and report a bug
[STDERR  ] 2018-01-16T19:22:21.434581357Z: [    0.810921] ACPI: PCI Root Bridge [PCI0] (domain 0000 [bus 00-ff])
[STDERR  ] 2018-01-16T19:22:21.434587832Z: [    0.811876] acpi PNP0A08:00: _OSC: OS supports [ExtendedConfig ASPM ClockPM Segments MSI]
[STDERR  ] 2018-01-16T19:22:21.434596455Z: [    0.817081] acpi PNP0A08:00: _OSC: OS now controls [PCIeHotplug PME PCIeCapability]
[STDERR  ] 2018-01-16T19:22:21.434602668Z: [    0.820711] PCI host bridge to bus 0000:00
[STDERR  ] 2018-01-16T19:22:21.434616128Z: [    0.821160] pci_bus 0000:00: root bus resource [io  0x0000-0x0cf7 window]
[STDERR  ] 2018-01-16T19:22:21.434622992Z: [    0.821650] pci_bus 0000:00: root bus resource [io  0x0d00-0xffff window]
[STDERR  ] 2018-01-16T19:22:21.434629226Z: [    0.822067] pci_bus 0000:00: root bus resource [mem 0x000a0000-0x000bffff window]
[STDERR  ] 2018-01-16T19:22:21.434635265Z: [    0.822540] pci_bus 0000:00: root bus resource [mem 0xc0000000-0xfebfffff window]
[STDERR  ] 2018-01-16T19:22:21.434641369Z: [    0.823135] pci_bus 0000:00: root bus resource [bus 00-ff]
[STDERR  ] 2018-01-16T19:22:21.434650398Z: [    0.945410] pci 0000:00:1f.0: quirk: [io  0x0600-0x067f] claimed by ICH6 ACPI/GPIO/TCO
[STDERR  ] 2018-01-16T19:22:21.434656854Z: [    1.017168] ACPI: PCI Interrupt Link [LNKA] (IRQs 5 *10 11)
[STDERR  ] 2018-01-16T19:22:21.434662935Z: [    1.020142] ACPI: PCI Interrupt Link [LNKB] (IRQs 5 *10 11)
[STDERR  ] 2018-01-16T19:22:21.434668972Z: [    1.022080] ACPI: PCI Interrupt Link [LNKC] (IRQs 5 10 *11)
[STDERR  ] 2018-01-16T19:22:21.434674974Z: [    1.023512] ACPI: PCI Interrupt Link [LNKD] (IRQs 5 10 *11)
[STDERR  ] 2018-01-16T19:22:21.434680992Z: [    1.024990] ACPI: PCI Interrupt Link [LNKE] (IRQs 5 *10 11)
[STDERR  ] 2018-01-16T19:22:21.434687012Z: [    1.026332] ACPI: PCI Interrupt Link [LNKF] (IRQs 5 *10 11)
[STDERR  ] 2018-01-16T19:22:21.434692999Z: [    1.028085] ACPI: PCI Interrupt Link [LNKG] (IRQs 5 10 *11)
[STDERR  ] 2018-01-16T19:22:21.434701294Z: [    1.030097] ACPI: PCI Interrupt Link [LNKH] (IRQs 5 10 *11)
[STDERR  ] 2018-01-16T19:22:21.434707394Z: [    1.030883] ACPI: PCI Interrupt Link [GSIA] (IRQs *16)
[STDERR  ] 2018-01-16T19:22:21.434713483Z: [    1.031478] ACPI: PCI Interrupt Link [GSIB] (IRQs *17)
[STDERR  ] 2018-01-16T19:22:21.434719581Z: [    1.032115] ACPI: PCI Interrupt Link [GSIC] (IRQs *18)
[STDERR  ] 2018-01-16T19:22:21.434725584Z: [    1.032734] ACPI: PCI Interrupt Link [GSID] (IRQs *19)
[STDERR  ] 2018-01-16T19:22:21.434731714Z: [    1.033308] ACPI: PCI Interrupt Link [GSIE] (IRQs *20)
[STDERR  ] 2018-01-16T19:22:21.434737844Z: [    1.034000] ACPI: PCI Interrupt Link [GSIF] (IRQs *21)
[STDERR  ] 2018-01-16T19:22:21.434743977Z: [    1.034683] ACPI: PCI Interrupt Link [GSIG] (IRQs *22)
[STDERR  ] 2018-01-16T19:22:21.434750112Z: [    1.035311] ACPI: PCI Interrupt Link [GSIH] (IRQs *23)
[STDERR  ] 2018-01-16T19:22:21.434756326Z: [    1.038589] ACPI: Enabled 1 GPEs in block 00 to 3F
[STDERR  ] 2018-01-16T19:22:21.434762308Z: [    1.043571] SCSI subsystem initialized
[STDERR  ] 2018-01-16T19:22:21.434768435Z: [    1.045316] ACPI: bus type USB registered
[STDERR  ] 2018-01-16T19:22:21.434774643Z: [    1.046297] usbcore: registered new interface driver usbfs
[STDERR  ] 2018-01-16T19:22:21.434780617Z: [    1.047075] usbcore: registered new interface driver hub
[STDERR  ] 2018-01-16T19:22:21.434786635Z: [    1.047860] usbcore: registered new device driver usb
[STDERR  ] 2018-01-16T19:22:21.434792585Z: [    1.048872] pps_core: LinuxPPS API ver. 1 registered
[STDERR  ] 2018-01-16T19:22:21.434798492Z: [    1.049127] pps_core: Software ver. 5.3.6 - Copyright 2005-2007 Rodolfo Giometti <giometti@linux.it>
[STDERR  ] 2018-01-16T19:22:21.434805057Z: [    1.049826] PTP clock support registered
[STDERR  ] 2018-01-16T19:22:21.434811117Z: [    1.050844] wmi: Mapper loaded
[STDERR  ] 2018-01-16T19:22:21.434819703Z: [    1.051849] PCI: Using ACPI for IRQ routing
[STDERR  ] 2018-01-16T19:22:21.434825837Z: [    1.065344] NetLabel: Initializing
[STDERR  ] 2018-01-16T19:22:21.434831972Z: [    1.065645] NetLabel:  domain hash size = 128
[STDERR  ] 2018-01-16T19:22:21.434838072Z: [    1.065913] NetLabel:  protocols = UNLABELED CIPSOv4
[STDERR  ] 2018-01-16T19:22:21.434844114Z: [    1.068238] NetLabel:  unlabeled traffic allowed by default
[STDERR  ] 2018-01-16T19:22:21.434850088Z: [    1.069482] HPET: 3 timers in total, 0 timers will be used for per-cpu timer
[STDERR  ] 2018-01-16T19:22:21.434856538Z: [    1.070376] hpet0: at MMIO 0xfed00000, IRQs 2, 8, 0
[STDERR  ] 2018-01-16T19:22:21.434868948Z: [    1.070803] hpet0: 3 comparators, 64-bit 100.000000 MHz counter
[STDERR  ] 2018-01-16T19:22:21.434877566Z: [    1.076321] amd_nb: Cannot enumerate AMD northbridges
[STDERR  ] 2018-01-16T19:22:21.434883508Z: [    1.077328] clocksource: Switched to clocksource hpet
[STDERR  ] 2018-01-16T19:22:21.434889364Z: [    1.211687] FS-Cache: Loaded
[STDERR  ] 2018-01-16T19:22:21.434895363Z: [    1.216769] CacheFiles: Loaded
[STDERR  ] 2018-01-16T19:22:21.434901361Z: [    1.218692] pnp: PnP ACPI init
[STDERR  ] 2018-01-16T19:22:21.434907438Z: [    1.228503] pnp: PnP ACPI: found 5 devices
[STDERR  ] 2018-01-16T19:22:21.434917974Z: [    1.268005] clocksource: acpi_pm: mask: 0xffffff max_cycles: 0xffffff, max_idle_ns: 2085701024 ns
[STDERR  ] 2018-01-16T19:22:21.434925912Z: [    1.271213] NET: Registered protocol family 2
[STDERR  ] 2018-01-16T19:22:21.434932229Z: [    1.278126] TCP established hash table entries: 8192 (order: 4, 65536 bytes)
[STDERR  ] 2018-01-16T19:22:21.434938361Z: [    1.278813] TCP bind hash table entries: 8192 (order: 5, 131072 bytes)
[STDERR  ] 2018-01-16T19:22:21.434944549Z: [    1.279647] TCP: Hash tables configured (established 8192 bind 8192)
[STDERR  ] 2018-01-16T19:22:21.434950432Z: [    1.281257] UDP hash table entries: 512 (order: 2, 16384 bytes)
[STDERR  ] 2018-01-16T19:22:21.434956403Z: [    1.281825] UDP-Lite hash table entries: 512 (order: 2, 16384 bytes)
[STDERR  ] 2018-01-16T19:22:21.434962899Z: [    1.284078] NET: Registered protocol family 1
[STDERR  ] 2018-01-16T19:22:21.434969279Z: [    1.292726] Unpacking initramfs...
[STDERR  ] 2018-01-16T19:22:21.434975332Z: [    3.831528] Freeing initrd memory: 22100K
[STDERR  ] 2018-01-16T19:22:21.434981394Z: [    3.855081] PCLMULQDQ-NI instructions are not detected.
[STDERR  ] 2018-01-16T19:22:21.434987488Z: [    3.856489] AVX or AES-NI instructions are not detected.
[STDERR  ] 2018-01-16T19:22:21.434993503Z: [    3.856990] CPU feature 'AVX registers' is not supported.
[STDERR  ] 2018-01-16T19:22:21.434999525Z: [    3.857425] CPU feature 'AVX registers' is not supported.
[STDERR  ] 2018-01-16T19:22:21.435005599Z: [    3.857889] CPU feature 'AVX registers' is not supported.
[STDERR  ] 2018-01-16T19:22:21.435011818Z: [    3.858250] CPU feature 'AVX registers' is not supported.
[STDERR  ] 2018-01-16T19:22:21.435018043Z: [    3.858615] AVX2 or AES-NI instructions are not detected.
[STDERR  ] 2018-01-16T19:22:21.435024095Z: [    3.859054] AVX2 instructions are not detected.
[STDERR  ] 2018-01-16T19:22:21.435030269Z: [    3.865572] audit: initializing netlink subsys (disabled)
[STDERR  ] 2018-01-16T19:22:21.435036288Z: [    3.866962] audit: type=2000 audit(1516130527.860:1): initialized
[STDERR  ] 2018-01-16T19:22:21.435042412Z: [    3.873904] HugeTLB registered 2 MB page size, pre-allocated 0 pages
[STDERR  ] 2018-01-16T19:22:21.435048446Z: [    3.876426] VFS: Disk quotas dquot_6.6.0
[STDERR  ] 2018-01-16T19:22:21.435054574Z: [    3.877021] VFS: Dquot-cache hash table entries: 512 (order 0, 4096 bytes)
[STDERR  ] 2018-01-16T19:22:21.435060657Z: [    3.880006] squashfs: version 4.0 (2009/01/31) Phillip Lougher
[STDERR  ] 2018-01-16T19:22:21.435066854Z: [    3.883347] FS-Cache: Netfs 'cifs' registered for caching
[STDERR  ] 2018-01-16T19:22:21.435072925Z: [    3.884185] fuse init (API version 7.23)
[STDERR  ] 2018-01-16T19:22:21.435079114Z: [    3.886301] SGI XFS with ACLs, security attributes, no debug enabled
[STDERR  ] 2018-01-16T19:22:21.435085123Z: [    3.888546] 9p: Installing v9fs 9p2000 file system support
[STDERR  ] 2018-01-16T19:22:21.435091243Z: [    3.888957] FS-Cache: Netfs '9p' registered for caching
[STDERR  ] 2018-01-16T19:22:21.435097323Z: [    3.891235] Key type big_key registered
[STDERR  ] 2018-01-16T19:22:21.435105308Z: [    3.918175] NET: Registered protocol family 38
[STDERR  ] 2018-01-16T19:22:21.435111681Z: [    3.918744] Key type asymmetric registered
[STDERR  ] 2018-01-16T19:22:21.435117759Z: [    3.919101] Asymmetric key parser 'x509' registered
[STDERR  ] 2018-01-16T19:22:21.435123895Z: [    3.921497] Block layer SCSI generic (bsg) driver version 0.4 loaded (major 251)
[STDERR  ] 2018-01-16T19:22:21.435133961Z: [    3.923156] io scheduler noop registered
[STDERR  ] 2018-01-16T19:22:21.435140192Z: [    3.923520] io scheduler deadline registered (default)
[STDERR  ] 2018-01-16T19:22:21.435148634Z: [    3.924224] io scheduler cfq registered
[STDERR  ] 2018-01-16T19:22:21.435154664Z: [    3.926492] pci_hotplug: PCI Hot Plug PCI Core version: 0.5
[STDERR  ] 2018-01-16T19:22:21.435160658Z: [    3.927081] pciehp: PCI Express Hot Plug Controller Driver version: 0.4
[STDERR  ] 2018-01-16T19:22:21.435166546Z: [    3.927799] shpchp: Standard Hot Plug PCI Controller Driver version: 0.4
[STDERR  ] 2018-01-16T19:22:21.435175623Z: [    3.928520] hv_vmbus: registering driver hyperv_fb
[STDERR  ] 2018-01-16T19:22:21.435181634Z: [    3.931933] input: Power Button as /devices/LNXSYSTM:00/LNXPWRBN:00/input/input0
[STDERR  ] 2018-01-16T19:22:21.435188035Z: [    3.932848] ACPI: Power Button [PWRF]
[STDERR  ] 2018-01-16T19:22:21.435196395Z: [    3.939898] GHES: HEST is not enabled!
[STDERR  ] 2018-01-16T19:22:21.435225644Z: [    3.946469] ACPI: PCI Interrupt Link [GSIG] enabled at IRQ 22
[STDERR  ] 2018-01-16T19:22:21.435240689Z: [    3.955631] ACPI: PCI Interrupt Link [GSIH] enabled at IRQ 23
[STDERR  ] 2018-01-16T19:22:21.435250034Z: [    3.959395] xenfs: not registering filesystem on non-xen platform
[STDERR  ] 2018-01-16T19:22:21.435256078Z: [    3.962291] Serial: 8250/16550 driver, 4 ports, IRQ sharing disabled
[STDERR  ] 2018-01-16T19:22:21.435262761Z: [    3.985942] 00:04: ttyS0 at I/O 0x3f8 (irq = 4, base_baud = 115200) is a 16550A
[STDERR  ] 2018-01-16T19:22:21.435268935Z: [    3.996482] Non-volatile memory driver v1.3
[STDERR  ] 2018-01-16T19:22:21.435274963Z: [    4.002265] Hangcheck: starting hangcheck timer 0.9.1 (tick is 180 seconds, margin is 60 seconds).
[STDERR  ] 2018-01-16T19:22:21.435283526Z: [    4.006769] random: nonblocking pool is initialized
[STDERR  ] 2018-01-16T19:22:21.435289588Z: [    4.034483] loop: module loaded
[STDERR  ] 2018-01-16T19:22:21.435295483Z: [    4.045864] nbd: registered device at major 43
[STDERR  ] 2018-01-16T19:22:21.435301509Z: [    4.074897] lpc_ich 0000:00:1f.0: I/O space for GPIO uninitialized
[STDERR  ] 2018-01-16T19:22:21.435307472Z: [    4.076886] VMware PVSCSI driver - version 1.0.5.0-k
[STDERR  ] 2018-01-16T19:22:21.435314029Z: [    4.077651] hv_vmbus: registering driver hv_storvsc
[STDERR  ] 2018-01-16T19:22:21.435322483Z: [    4.084258] ACPI: PCI Interrupt Link [GSIA] enabled at IRQ 16
[STDERR  ] 2018-01-16T19:22:21.435328563Z: [    4.089673] ahci 0000:00:1f.2: AHCI 0001.0000 32 slots 6 ports 1.5 Gbps 0x3f impl SATA mode
[STDERR  ] 2018-01-16T19:22:21.435334755Z: [    4.090796] ahci 0000:00:1f.2: flags: 64bit ncq only 
[STDERR  ] 2018-01-16T19:22:21.435340745Z: [    4.106458] scsi host0: ahci
[STDERR  ] 2018-01-16T19:22:21.435346786Z: [    4.108910] scsi host1: ahci
[STDERR  ] 2018-01-16T19:22:21.435352725Z: [    4.110780] scsi host2: ahci
[STDERR  ] 2018-01-16T19:22:21.435358775Z: [    4.112612] scsi host3: ahci
[STDERR  ] 2018-01-16T19:22:21.435364786Z: [    4.114234] scsi host4: ahci
[STDERR  ] 2018-01-16T19:22:21.435370923Z: [    4.115801] scsi host5: ahci
[STDERR  ] 2018-01-16T19:22:21.435376935Z: [    4.117184] ata1: SATA max UDMA/133 abar m4096@0xfebd2000 port 0xfebd2100 irq 24
[STDERR  ] 2018-01-16T19:22:21.435388737Z: [    4.117669] ata2: SATA max UDMA/133 abar m4096@0xfebd2000 port 0xfebd2180 irq 24
[STDERR  ] 2018-01-16T19:22:21.435398072Z: [    4.118066] ata3: SATA max UDMA/133 abar m4096@0xfebd2000 port 0xfebd2200 irq 24
[STDERR  ] 2018-01-16T19:22:21.435404861Z: [    4.118479] ata4: SATA max UDMA/133 abar m4096@0xfebd2000 port 0xfebd2280 irq 24
[STDERR  ] 2018-01-16T19:22:21.435411165Z: [    4.118806] ata5: SATA max UDMA/133 abar m4096@0xfebd2000 port 0xfebd2300 irq 24
[STDERR  ] 2018-01-16T19:22:21.435417219Z: [    4.119279] ata6: SATA max UDMA/133 abar m4096@0xfebd2000 port 0xfebd2380 irq 24
[STDERR  ] 2018-01-16T19:22:21.435423412Z: [    4.128964] tun: Universal TUN/TAP device driver, 1.6
[STDERR  ] 2018-01-16T19:22:21.435434312Z: [    4.129353] tun: (C) 1999-2004 Max Krasnyansky <maxk@qualcomm.com>
[STDERR  ] 2018-01-16T19:22:21.435440628Z: [    4.139146] VMware vmxnet3 virtual NIC driver - version 1.4.5.0-k-NAPI
[STDERR  ] 2018-01-16T19:22:21.435446692Z: [    4.140026] hv_vmbus: registering driver hv_netvsc
[STDERR  ] 2018-01-16T19:22:21.435452779Z: [    4.140988] Fusion MPT base driver 3.04.20
[STDERR  ] 2018-01-16T19:22:21.435458908Z: [    4.141221] Copyright (c) 1999-2008 LSI Corporation
[STDERR  ] 2018-01-16T19:22:21.435464934Z: [    4.141863] Fusion MPT SPI Host driver 3.04.20
[STDERR  ] 2018-01-16T19:22:21.435473975Z: [    4.143715] i8042: PNP: PS/2 Controller [PNP0303:KBD,PNP0f13:MOU] at 0x60,0x64 irq 1,12
[STDERR  ] 2018-01-16T19:22:21.435480484Z: [    4.147505] serio: i8042 KBD port at 0x60,0x64 irq 1
[STDERR  ] 2018-01-16T19:22:21.435486641Z: [    4.148117] serio: i8042 AUX port at 0x60,0x64 irq 12
[STDERR  ] 2018-01-16T19:22:21.435492797Z: [    4.151008] hv_vmbus: registering driver hyperv_keyboard
[STDERR  ] 2018-01-16T19:22:21.435498835Z: [    4.152861] mousedev: PS/2 mouse device common for all mice
[STDERR  ] 2018-01-16T19:22:21.435506801Z: [    4.157428] input: AT Translated Set 2 keyboard as /devices/platform/i8042/serio0/input/input1
[STDERR  ] 2018-01-16T19:22:21.435513465Z: [    4.161562] input: PC Speaker as /devices/platform/pcspkr/input/input2
[STDERR  ] 2018-01-16T19:22:21.435520779Z: [    4.166056] rtc_cmos 00:00: RTC can wake from S4
[STDERR  ] 2018-01-16T19:22:21.435527009Z: [    4.170735] rtc_cmos 00:00: rtc core: registered rtc_cmos as rtc0
[STDERR  ] 2018-01-16T19:22:21.435533192Z: [    4.172546] rtc_cmos 00:00: alarms up to one day, y3k, 114 bytes nvram, hpet irqs
[STDERR  ] 2018-01-16T19:22:21.435539458Z: [    4.173430] i2c /dev entries driver
[STDERR  ] 2018-01-16T19:22:21.435545512Z: [    4.175735] device-mapper: ioctl: 4.34.0-ioctl (2015-10-28) initialised: dm-devel@redhat.com
[STDERR  ] 2018-01-16T19:22:21.435551854Z: [    4.182736] usbcore: registered new interface driver usbhid
[STDERR  ] 2018-01-16T19:22:21.435557899Z: [    4.183155] usbhid: USB HID core driver
[STDERR  ] 2018-01-16T19:22:21.435564124Z: [    4.183932] hv_utils: Registering HyperV Utility Driver
[STDERR  ] 2018-01-16T19:22:21.435570395Z: [    4.184497] hv_vmbus: registering driver hv_util
[STDERR  ] 2018-01-16T19:22:21.435576564Z: [    4.184771] hv_vmbus: registering driver hv_balloon
[STDERR  ] 2018-01-16T19:22:21.435582692Z: [    4.185313] oprofile: using NMI interrupt.
[STDERR  ] 2018-01-16T19:22:21.435588785Z: [    4.186991] GACT probability on
[STDERR  ] 2018-01-16T19:22:21.435594879Z: [    4.187373] Mirror/redirect action on
[STDERR  ] 2018-01-16T19:22:21.435600884Z: [    4.187834] Simple TC action Loaded
[STDERR  ] 2018-01-16T19:22:21.435606932Z: [    4.188501] u32 classifier
[STDERR  ] 2018-01-16T19:22:21.435612932Z: [    4.188847]     Performance counters on
[STDERR  ] 2018-01-16T19:22:21.435618972Z: [    4.189280]     input device check on
[STDERR  ] 2018-01-16T19:22:21.435634272Z: [    4.189738]     Actions configured
[STDERR  ] 2018-01-16T19:22:21.435644034Z: [    4.191317] Netfilter messages via NETLINK v0.30.
[STDERR  ] 2018-01-16T19:22:21.435653903Z: [    4.192229] nfnl_acct: registering with nfnetlink.
[STDERR  ] 2018-01-16T19:22:21.435662774Z: [    4.193771] nf_conntrack version 0.5.0 (7922 buckets, 31688 max)
[STDERR  ] 2018-01-16T19:22:21.435671998Z: [    4.198584] ctnetlink v0.93: registering with nfnetlink.
[STDERR  ] 2018-01-16T19:22:21.435681557Z: [    4.203640] nf_tables: (c) 2007-2009 Patrick McHardy <kaber@trash.net>
[STDERR  ] 2018-01-16T19:22:21.435690183Z: [    4.205110] nf_tables_compat: (c) 2012 Pablo Neira Ayuso <pablo@netfilter.org>
[STDERR  ] 2018-01-16T19:22:21.435700088Z: [    4.209080] xt_time: kernel timezone is -0000
[STDERR  ] 2018-01-16T19:22:21.435709409Z: [    4.209723] ip_set: protocol 6
[STDERR  ] 2018-01-16T19:22:21.435719059Z: [    4.211270] IPVS: Registered protocols (TCP, UDP, SCTP, AH, ESP)
[STDERR  ] 2018-01-16T19:22:21.435730812Z: [    4.211942] IPVS: Connection hash table configured (size=4096, memory=64Kbytes)
[STDERR  ] 2018-01-16T19:22:21.435737883Z: [    4.214405] IPVS: Creating netns size=2096 id=0
[STDERR  ] 2018-01-16T19:22:21.435746429Z: [    4.218101] IPVS: ipvs loaded.
[STDERR  ] 2018-01-16T19:22:21.435752588Z: [    4.218591] IPVS: [rr] scheduler registered.
[STDERR  ] 2018-01-16T19:22:21.435758524Z: [    4.218998] IPVS: [wrr] scheduler registered.
[STDERR  ] 2018-01-16T19:22:21.435775583Z: [    4.219508] IPVS: [lc] scheduler registered.
[STDERR  ] 2018-01-16T19:22:21.435784852Z: [    4.220372] IPVS: [wlc] scheduler registered.
[STDERR  ] 2018-01-16T19:22:21.435799657Z: [    4.220964] IPVS: [fo] scheduler registered.
[STDERR  ] 2018-01-16T19:22:21.435815186Z: [    4.221513] IPVS: [ovf] scheduler registered.
[STDERR  ] 2018-01-16T19:22:21.435825203Z: [    4.222283] IPVS: [lblc] scheduler registered.
[STDERR  ] 2018-01-16T19:22:21.435833494Z: [    4.223041] IPVS: [lblcr] scheduler registered.
[STDERR  ] 2018-01-16T19:22:21.435839523Z: [    4.223824] IPVS: [dh] scheduler registered.
[STDERR  ] 2018-01-16T19:22:21.435845579Z: [    4.224682] IPVS: [sh] scheduler registered.
[STDERR  ] 2018-01-16T19:22:21.435851554Z: [    4.225567] IPVS: [sed] scheduler registered.
[STDERR  ] 2018-01-16T19:22:21.435857466Z: [    4.226502] IPVS: [nq] scheduler registered.
[STDERR  ] 2018-01-16T19:22:21.435863652Z: [    4.227891] IPVS: ftp: loaded support on port[0] = 21
[STDERR  ] 2018-01-16T19:22:21.435869972Z: [    4.229475] ipip: IPv4 over IPv4 tunneling driver
[STDERR  ] 2018-01-16T19:22:21.435876019Z: [    4.234616] gre: GRE over IPv4 demultiplexor driver
[STDERR  ] 2018-01-16T19:22:21.435882112Z: [    4.238257] ip_tables: (C) 2000-2006 Netfilter Core Team
[STDERR  ] 2018-01-16T19:22:21.435888177Z: [    4.241958] ipt_CLUSTERIP: ClusterIP Version 0.8 loaded successfully
[STDERR  ] 2018-01-16T19:22:21.435894745Z: [    4.242887] arp_tables: (C) 2002 David S. Miller
[STDERR  ] 2018-01-16T19:22:21.435900788Z: [    4.245955] NET: Registered protocol family 10
[STDERR  ] 2018-01-16T19:22:21.435906844Z: [    4.254681] ip6_tables: (C) 2000-2006 Netfilter Core Team
[STDERR  ] 2018-01-16T19:22:21.435912869Z: [    4.263608] NET: Registered protocol family 17
[STDERR  ] 2018-01-16T19:22:21.435921488Z: [    4.265295] bridge: automatic filtering via arp/ip/ip6tables has been deprecated. Update your scripts to load br_netfilter if you need this.
[STDERR  ] 2018-01-16T19:22:21.435928688Z: [    4.266763] Bridge firewalling registered
[STDERR  ] 2018-01-16T19:22:21.435934672Z: [    4.267412] Ebtables v2.0 registered
[STDERR  ] 2018-01-16T19:22:21.435940709Z: [    4.270528] 8021q: 802.1Q VLAN Support v1.8
[STDERR  ] 2018-01-16T19:22:21.435946638Z: [    4.272363] 9pnet: Installing 9P2000 support
[STDERR  ] 2018-01-16T19:22:21.435952601Z: [    4.274510] Key type dns_resolver registered
[STDERR  ] 2018-01-16T19:22:21.435961052Z: [    4.275075] microcode: AMD CPU family 0x6 not supported
[STDERR  ] 2018-01-16T19:22:21.435967345Z: [    4.279210] registered taskstats version 1
[STDERR  ] 2018-01-16T19:22:21.435973446Z: [    4.471818] ata1: SATA link down (SStatus 0 SControl 300)
[STDERR  ] 2018-01-16T19:22:21.435979465Z: [    4.475050] ata2: SATA link down (SStatus 0 SControl 300)
[STDERR  ] 2018-01-16T19:22:21.435985532Z: [    4.476259] ata3: SATA link up 1.5 Gbps (SStatus 113 SControl 300)
[STDERR  ] 2018-01-16T19:22:21.435992358Z: [    4.481578] ata3.00: ATAPI: QEMU DVD-ROM, 2.5+, max UDMA/100
[STDERR  ] 2018-01-16T19:22:21.435998303Z: [    4.482223] ata3.00: applying bridge limits
[STDERR  ] 2018-01-16T19:22:21.436004215Z: [    4.484155] ata4: SATA link down (SStatus 0 SControl 300)
[STDERR  ] 2018-01-16T19:22:21.436010349Z: [    4.484824] ata5: SATA link down (SStatus 0 SControl 300)
[STDERR  ] 2018-01-16T19:22:21.436016414Z: [    4.485545] ata6: SATA link down (SStatus 0 SControl 300)
[STDERR  ] 2018-01-16T19:22:21.436024568Z: [    4.491864] ata3.00: configured for UDMA/100
[STDERR  ] 2018-01-16T19:22:21.436030648Z: [    4.512696] Key type encrypted registered
[STDERR  ] 2018-01-16T19:22:21.436042275Z: [    4.519739] rtc_cmos 00:00: setting system clock to 2018-01-16 19:22:09 UTC (1516130529)
[STDERR  ] 2018-01-16T19:22:21.436048684Z: [    4.522941] scsi 2:0:0:0: CD-ROM            QEMU     QEMU DVD-ROM     2.5+ PQ: 0 ANSI: 5
[STDERR  ] 2018-01-16T19:22:21.436054897Z: [    4.542543] sr 2:0:0:0: [sr0] scsi3-mmc drive: 4x/4x cd/rw xa/form2 tray
[STDERR  ] 2018-01-16T19:22:21.436061474Z: [    4.543587] cdrom: Uniform CD-ROM driver Revision: 3.20
[STDERR  ] 2018-01-16T19:22:21.436067578Z: [    4.553531] sr 2:0:0:0: Attached scsi generic sg0 type 5
[STDERR  ] 2018-01-16T19:22:21.436076419Z: [    4.712187] Freeing unused kernel memory: 1312K
[STDERR  ] 2018-01-16T19:22:21.436082423Z: [    4.712565] Write protecting the kernel read-only data: 12288k
[STDERR  ] 2018-01-16T19:22:21.436088528Z: [    4.720071] Freeing unused kernel memory: 544K
[STDERR  ] 2018-01-16T19:22:21.436094518Z: [    4.808144] Freeing unused kernel memory: 1396K
[STDERR  ] 2018-01-16T19:22:21.436100439Z: [    4.833781] tsc: Refined TSC clocksource calibration: 2299.999 MHz
[STDERR  ] 2018-01-16T19:22:21.436107066Z: [    4.834294] clocksource: tsc: mask: 0xffffffffffffffff max_cycles: 0x2127345424d, max_idle_ns: 440795318347 ns
[STDERR  ] 2018-01-16T19:22:21.436113209Z: [    5.841087] clocksource: Switched to clocksource tsc
[STDERR  ] 2018-01-16T19:22:21.436119188Z: 
[STDERR  ] 2018-01-16T19:22:21.436125332Z: Welcome to LinuxKit
[STDERR  ] 2018-01-16T19:22:21.436131621Z: 
[STDERR  ] 2018-01-16T19:22:21.436137706Z:                         ##         .
[STDERR  ] 2018-01-16T19:22:21.436143703Z:                   ## ## ##        ==
[STDERR  ] 2018-01-16T19:22:21.436149714Z:                ## ## ## ## ##    ===
[STDERR  ] 2018-01-16T19:22:21.436155665Z:            /"""""""""""""""""\___/ ===
[STDERR  ] 2018-01-16T19:22:21.436161645Z:           {                       /  ===-
[STDERR  ] 2018-01-16T19:22:21.436167528Z:            \______ O           __/
[STDERR  ] 2018-01-16T19:22:21.436175764Z:              \    \         __/
[STDERR  ] 2018-01-16T19:22:21.436181992Z:               \____\_______/
[STDERR  ] 2018-01-16T19:22:21.436188037Z: 
[STDERR  ] 2018-01-16T19:22:21.436194168Z: Linux linuxkit-5a9d8a2321fe 4.4.111-linuxkit #1 SMP Mon Jan 15 17:08:39 UTC 2018 x86_64 Linux
[STDERR  ] 2018-01-16T19:22:21.436200289Z: filename:       hello_world.ko
[STDERR  ] 2018-01-16T19:22:21.436206369Z: author:         Rolf Neugebauer <rolf.neugebauer@docker.com>
[STDERR  ] 2018-01-16T19:22:21.436212439Z: description:    A simple Hello World kernel module for testing
[STDERR  ] 2018-01-16T19:22:21.436218514Z: license:        GPL
[STDERR  ] 2018-01-16T19:22:21.436224812Z: depends:        
[STDERR  ] 2018-01-16T19:22:21.436233018Z: vermagic:       4.4.111-linuxkit SMP mod_unload 
[STDERR  ] 2018-01-16T19:22:21.436239172Z: [   10.907984] hello_world: loading out-of-tree module taints kernel.
[STDERR  ] 2018-01-16T19:22:21.436245775Z: [   10.910847] Hello LinuxKit
[STDERR  ] 2018-01-16T19:22:21.436251725Z: [   10.985284] Goodbye LinuxKit.
[STDERR  ] 2018-01-16T19:22:21.436257708Z: Kernel module test suite PASSED
[STDERR  ] 2018-01-16T19:22:21.436263794Z: [   15.217511] ACPI: Preparing to enter system sleep state S5
[STDERR  ] 2018-01-16T19:22:21.436269872Z: [   15.219062] reboot: Power down
[STDERR  ] 2018-01-16T19:22:21.436923905Z: + echo [    0.000000] Initializing cgroup subsys cpuset
[STDERR  ] 2018-01-16T19:22:21.436949099Z: [    0.000000] Initializing cgroup subsys cpu
[STDERR  ] 2018-01-16T19:22:21.436960515Z: [    0.000000] Initializing cgroup subsys cpuacct
[STDERR  ] 2018-01-16T19:22:21.436975532Z: [    0.000000] Linux version 4.4.111-linuxkit (root@4e13462b9a26) (gcc version 6.4.0 (Alpine 6.4.0) ) #1 SMP Mon Jan 15 17:08:39 UTC 2018
[STDERR  ] 2018-01-16T19:22:21.436986285Z: [    0.000000] Command line: console=ttyS0 console=ttyAMA0
[STDERR  ] 2018-01-16T19:22:21.437013903Z: [    0.000000] x86/fpu: Legacy x87 FPU detected.
[STDERR  ] 2018-01-16T19:22:21.437023318Z: [    0.000000] x86/fpu: Using 'lazy' FPU context switches.
[STDERR  ] 2018-01-16T19:22:21.437042354Z: [    0.000000] e820: BIOS-provided physical RAM map:
[STDERR  ] 2018-01-16T19:22:21.437051364Z: [    0.000000] BIOS-e820: [mem 0x0000000000000000-0x000000000009fbff] usable
[STDERR  ] 2018-01-16T19:22:21.437060865Z: [    0.000000] BIOS-e820: [mem 0x000000000009fc00-0x000000000009ffff] reserved
[STDERR  ] 2018-01-16T19:22:21.437085849Z: [    0.000000] BIOS-e820: [mem 0x00000000000f0000-0x00000000000fffff] reserved
[STDERR  ] 2018-01-16T19:22:21.437098495Z: [    0.000000] BIOS-e820: [mem 0x0000000000100000-0x000000003ffdefff] usable
[STDERR  ] 2018-01-16T19:22:21.437113634Z: [    0.000000] BIOS-e820: [mem 0x000000003ffdf000-0x000000003fffffff] reserved
[STDERR  ] 2018-01-16T19:22:21.437120585Z: [    0.000000] BIOS-e820: [mem 0x00000000b0000000-0x00000000bfffffff] reserved
[STDERR  ] 2018-01-16T19:22:21.437128274Z: [    0.000000] BIOS-e820: [mem 0x00000000fed1c000-0x00000000fed1ffff] reserved
[STDERR  ] 2018-01-16T19:22:21.437134579Z: [    0.000000] BIOS-e820: [mem 0x00000000fffc0000-0x00000000ffffffff] reserved
[STDERR  ] 2018-01-16T19:22:21.437140954Z: [    0.000000] NX (Execute Disable) protection: active
[STDERR  ] 2018-01-16T19:22:21.437147112Z: [    0.000000] SMBIOS 2.8 present.
[STDERR  ] 2018-01-16T19:22:21.437164863Z: [    0.000000] Kernel/User page tables isolation: disabled
[STDERR  ] 2018-01-16T19:22:21.437176474Z: [    0.000000] e820: last_pfn = 0x3ffdf max_arch_pfn = 0x400000000
[STDERR  ] 2018-01-16T19:22:21.437186719Z: [    0.000000] x86/PAT: Configuration [0-7]: WB  WC  UC- UC  WB  WC  UC- WT  
[STDERR  ] 2018-01-16T19:22:21.437196889Z: [    0.000000] found SMP MP-table at [mem 0x000f6aa0-0x000f6aaf] mapped at [ffff8800000f6aa0]
[STDERR  ] 2018-01-16T19:22:21.437205889Z: [    0.000000] RAMDISK: [mem 0x3ea3b000-0x3ffcffff]
[STDERR  ] 2018-01-16T19:22:21.437212152Z: [    0.000000] ACPI: Early table checksum verification disabled
[STDERR  ] 2018-01-16T19:22:21.437218352Z: [    0.000000] ACPI: RSDP 0x00000000000F68B0 000014 (v00 BOCHS )
[STDERR  ] 2018-01-16T19:22:21.437224525Z: [    0.000000] ACPI: RSDT 0x000000003FFE20A8 000034 (v01 BOCHS  BXPCRSDT 00000001 BXPC 00000001)
[STDERR  ] 2018-01-16T19:22:21.437230972Z: [    0.000000] ACPI: FACP 0x000000003FFE1EC8 0000F4 (v03 BOCHS  BXPCFACP 00000001 BXPC 00000001)
[STDERR  ] 2018-01-16T19:22:21.437236954Z: [    0.000000] ACPI: DSDT 0x000000003FFE0040 001E88 (v01 BOCHS  BXPCDSDT 00000001 BXPC 00000001)
[STDERR  ] 2018-01-16T19:22:21.437245725Z: [    0.000000] ACPI: FACS 0x000000003FFE0000 000040
[STDERR  ] 2018-01-16T19:22:21.437252365Z: [    0.000000] ACPI: APIC 0x000000003FFE1FBC 000078 (v01 BOCHS  BXPCAPIC 00000001 BXPC 00000001)
[STDERR  ] 2018-01-16T19:22:21.437262977Z: [    0.000000] ACPI: HPET 0x000000003FFE2034 000038 (v01 BOCHS  BXPCHPET 00000001 BXPC 00000001)
[STDERR  ] 2018-01-16T19:22:21.437273289Z: [    0.000000] ACPI: MCFG 0x000000003FFE206C 00003C (v01 BOCHS  BXPCMCFG 00000001 BXPC 00000001)
[STDERR  ] 2018-01-16T19:22:21.437283455Z: [    0.000000] Zone ranges:
[STDERR  ] 2018-01-16T19:22:21.437293461Z: [    0.000000]   DMA      [mem 0x0000000000001000-0x0000000000ffffff]
[STDERR  ] 2018-01-16T19:22:21.437303668Z: [    0.000000]   DMA32    [mem 0x0000000001000000-0x000000003ffdefff]
[STDERR  ] 2018-01-16T19:22:21.437313977Z: [    0.000000]   Normal   empty
[STDERR  ] 2018-01-16T19:22:21.437323726Z: [    0.000000] Movable zone start for each node
[STDERR  ] 2018-01-16T19:22:21.437333409Z: [    0.000000] Early memory node ranges
[STDERR  ] 2018-01-16T19:22:21.437342954Z: [    0.000000]   node   0: [mem 0x0000000000001000-0x000000000009efff]
[STDERR  ] 2018-01-16T19:22:21.437353638Z: [    0.000000]   node   0: [mem 0x0000000000100000-0x000000003ffdefff]
[STDERR  ] 2018-01-16T19:22:21.437364638Z: [    0.000000] Initmem setup node 0 [mem 0x0000000000001000-0x000000003ffdefff]
[STDERR  ] 2018-01-16T19:22:21.437375783Z: [    0.000000] ACPI: PM-Timer IO Port: 0x608
[STDERR  ] 2018-01-16T19:22:21.437389964Z: [    0.000000] ACPI: LAPIC_NMI (acpi_id[0xff] dfl dfl lint[0x1])
[STDERR  ] 2018-01-16T19:22:21.437407604Z: [    0.000000] IOAPIC[0]: apic_id 0, version 32, address 0xfec00000, GSI 0-23
[STDERR  ] 2018-01-16T19:22:21.437418655Z: [    0.000000] ACPI: INT_SRC_OVR (bus 0 bus_irq 0 global_irq 2 dfl dfl)
[STDERR  ] 2018-01-16T19:22:21.437428649Z: [    0.000000] ACPI: INT_SRC_OVR (bus 0 bus_irq 5 global_irq 5 high level)
[STDERR  ] 2018-01-16T19:22:21.437435454Z: [    0.000000] ACPI: INT_SRC_OVR (bus 0 bus_irq 9 global_irq 9 high level)
[STDERR  ] 2018-01-16T19:22:21.437444534Z: [    0.000000] ACPI: INT_SRC_OVR (bus 0 bus_irq 10 global_irq 10 high level)
[STDERR  ] 2018-01-16T19:22:21.437456817Z: [    0.000000] ACPI: INT_SRC_OVR (bus 0 bus_irq 11 global_irq 11 high level)
[STDERR  ] 2018-01-16T19:22:21.437473612Z: [    0.000000] Using ACPI (MADT) for SMP configuration information
[STDERR  ] 2018-01-16T19:22:21.437483549Z: [    0.000000] ACPI: HPET id: 0x8086a201 base: 0xfed00000
[STDERR  ] 2018-01-16T19:22:21.437496365Z: [    0.000000] smpboot: Allowing 1 CPUs, 0 hotplug CPUs
[STDERR  ] 2018-01-16T19:22:21.437506255Z: [    0.000000] e820: [mem 0x40000000-0xafffffff] available for PCI devices
[STDERR  ] 2018-01-16T19:22:21.437516678Z: [    0.000000] Booting paravirtualized kernel on bare hardware
[STDERR  ] 2018-01-16T19:22:21.437526555Z: [    0.000000] clocksource: refined-jiffies: mask: 0xffffffff max_cycles: 0xffffffff, max_idle_ns: 19112604462750000 ns
[STDERR  ] 2018-01-16T19:22:21.437537178Z: [    0.000000] setup_percpu: NR_CPUS:128 nr_cpumask_bits:128 nr_cpu_ids:1 nr_node_ids:1
[STDERR  ] 2018-01-16T19:22:21.437547739Z: [    0.000000] PERCPU: Embedded 33 pages/cpu @ffff88003e800000 s97048 r8192 d29928 u2097152
[STDERR  ] 2018-01-16T19:22:21.437563601Z: [    0.000000] Built 1 zonelists in Zone order, mobility grouping on.  Total pages: 257896
[STDERR  ] 2018-01-16T19:22:21.437573824Z: [    0.000000] Kernel command line: console=ttyS0 console=ttyAMA0
[STDERR  ] 2018-01-16T19:22:21.437583654Z: [    0.000000] PID hash table entries: 4096 (order: 3, 32768 bytes)
[STDERR  ] 2018-01-16T19:22:21.437593445Z: [    0.000000] Dentry cache hash table entries: 131072 (order: 8, 1048576 bytes)
[STDERR  ] 2018-01-16T19:22:21.437603825Z: [    0.000000] Inode-cache hash table entries: 65536 (order: 7, 524288 bytes)
[STDERR  ] 2018-01-16T19:22:21.437613886Z: [    0.000000] Memory: 991948K/1048052K available (7635K kernel code, 1278K rwdata, 2700K rodata, 1312K init, 688K bss, 56104K reserved, 0K cma-reserved)
[STDERR  ] 2018-01-16T19:22:21.437625781Z: [    0.000000] Hierarchical RCU implementation.
[STDERR  ] 2018-01-16T19:22:21.437635537Z: [    0.000000] 	Build-time adjustment of leaf fanout to 64.
[STDERR  ] 2018-01-16T19:22:21.437644915Z: [    0.000000] 	RCU restricting CPUs from NR_CPUS=128 to nr_cpu_ids=1.
[STDERR  ] 2018-01-16T19:22:21.437655218Z: [    0.000000] RCU: Adjusting geometry for rcu_fanout_leaf=64, nr_cpu_ids=1
[STDERR  ] 2018-01-16T19:22:21.437666177Z: [    0.000000] NR_IRQS:8448 nr_irqs:256 16
[STDERR  ] 2018-01-16T19:22:21.437676241Z: [    0.000000] Console: colour VGA+ 80x25
[STDERR  ] 2018-01-16T19:22:21.437686301Z: [    0.000000] console [ttyS0] enabled
[STDERR  ] 2018-01-16T19:22:21.437696232Z: [    0.000000] clocksource: hpet: mask: 0xffffffff max_cycles: 0xffffffff, max_idle_ns: 19112604467 ns
[STDERR  ] 2018-01-16T19:22:21.437706621Z: [    0.000000] tsc: Fast TSC calibration failed
[STDERR  ] 2018-01-16T19:22:21.437716221Z: [    0.000000] tsc: Unable to calibrate against PIT
[STDERR  ] 2018-01-16T19:22:21.437725928Z: [    0.000000] tsc: using HPET reference calibration
[STDERR  ] 2018-01-16T19:22:21.437735709Z: [    0.000000] tsc: Detected 2300.024 MHz processor
[STDERR  ] 2018-01-16T19:22:21.437745579Z: [    0.053187] Calibrating delay loop (skipped), value calculated using timer frequency.. 4600.04 BogoMIPS (lpj=23000240)
[STDERR  ] 2018-01-16T19:22:21.437756305Z: [    0.061617] pid_max: default: 32768 minimum: 301
[STDERR  ] 2018-01-16T19:22:21.437766044Z: [    0.062444] ACPI: Core revision 20150930
[STDERR  ] 2018-01-16T19:22:21.437776155Z: [    0.086152] ACPI: 1 ACPI AML tables successfully acquired and loaded
[STDERR  ] 2018-01-16T19:22:21.437793268Z: [    0.088093] Security Framework initialized
[STDERR  ] 2018-01-16T19:22:21.437803108Z: [    0.088495] Yama: becoming mindful.
[STDERR  ] 2018-01-16T19:22:21.437812672Z: [    0.093359] Mount-cache hash table entries: 2048 (order: 2, 16384 bytes)
[STDERR  ] 2018-01-16T19:22:21.437823035Z: [    0.093905] Mountpoint-cache hash table entries: 2048 (order: 2, 16384 bytes)
[STDERR  ] 2018-01-16T19:22:21.437832948Z: [    0.107027] Initializing cgroup subsys io
[STDERR  ] 2018-01-16T19:22:21.437842792Z: [    0.107824] Initializing cgroup subsys memory
[STDERR  ] 2018-01-16T19:22:21.437857066Z: [    0.108521] Initializing cgroup subsys devices
[STDERR  ] 2018-01-16T19:22:21.437870977Z: [    0.108834] Initializing cgroup subsys freezer
[STDERR  ] 2018-01-16T19:22:21.437880832Z: [    0.109148] Initializing cgroup subsys net_cls
[STDERR  ] 2018-01-16T19:22:21.437899555Z: [    0.109432] Initializing cgroup subsys perf_event
[STDERR  ] 2018-01-16T19:22:21.437909514Z: [    0.109732] Initializing cgroup subsys net_prio
[STDERR  ] 2018-01-16T19:22:21.437919346Z: [    0.110163] Initializing cgroup subsys hugetlb
[STDERR  ] 2018-01-16T19:22:21.437929323Z: [    0.110791] Initializing cgroup subsys pids
[STDERR  ] 2018-01-16T19:22:21.437943352Z: [    0.113230] Last level iTLB entries: 4KB 0, 2MB 0, 4MB 0
[STDERR  ] 2018-01-16T19:22:21.437953581Z: [    0.113636] Last level dTLB entries: 4KB 0, 2MB 0, 4MB 0, 1GB 0
[STDERR  ] 2018-01-16T19:22:21.437963264Z: [    0.383880] Freeing SMP alternatives memory: 20K
[STDERR  ] 2018-01-16T19:22:21.437972981Z: [    0.392246] ftrace: allocating 33444 entries in 131 pages
[STDERR  ] 2018-01-16T19:22:21.437982665Z: [    0.473339] ..TIMER: vector=0x30 apic1=0 pin1=2 apic2=-1 pin2=-1
[STDERR  ] 2018-01-16T19:22:21.437992619Z: [    0.580000] smpboot: CPU0: AMD QEMU Virtual CPU version 2.5+ (family: 0x6, model: 0x6, stepping: 0x3)
[STDERR  ] 2018-01-16T19:22:21.438002957Z: [    0.580000] Performance Events: Broken PMU hardware detected, using software events only.
[STDERR  ] 2018-01-16T19:22:21.438013063Z: [    0.580000] Failed to access perfctr msr (MSR c0010007 is 0)
[STDERR  ] 2018-01-16T19:22:21.438023429Z: [    0.585011] x86: Booted up 1 node, 1 CPUs
[STDERR  ] 2018-01-16T19:22:21.438033523Z: [    0.585402] smpboot: Total of 1 processors activated (4600.04 BogoMIPS)
[STDERR  ] 2018-01-16T19:22:21.438056259Z: [    0.591965] NMI watchdog: disabled (cpu0): hardware events not enabled
[STDERR  ] 2018-01-16T19:22:21.438066404Z: [    0.592448] NMI watchdog: Shutting down hard lockup detector on all cpus
[STDERR  ] 2018-01-16T19:22:21.438077081Z: [    0.602130] devtmpfs: initialized
[STDERR  ] 2018-01-16T19:22:21.438086858Z: [    0.640653] clocksource: jiffies: mask: 0xffffffff max_cycles: 0xffffffff, max_idle_ns: 19112604462750000 ns
[STDERR  ] 2018-01-16T19:22:21.438096925Z: [    0.641659] futex hash table entries: 256 (order: 2, 16384 bytes)
[STDERR  ] 2018-01-16T19:22:21.438107501Z: [    0.656608] NET: Registered protocol family 16
[STDERR  ] 2018-01-16T19:22:21.438117426Z: [    0.664855] cpuidle: using governor ladder
[STDERR  ] 2018-01-16T19:22:21.438126975Z: [    0.665363] cpuidle: using governor menu
[STDERR  ] 2018-01-16T19:22:21.438136808Z: [    0.666603] ACPI: bus type PCI registered
[STDERR  ] 2018-01-16T19:22:21.438146581Z: [    0.669736] PCI: MMCONFIG for domain 0000 [bus 00-ff] at [mem 0xb0000000-0xbfffffff] (base 0xb0000000)
[STDERR  ] 2018-01-16T19:22:21.438156674Z: [    0.670372] PCI: MMCONFIG at [mem 0xb0000000-0xbfffffff] reserved in E820
[STDERR  ] 2018-01-16T19:22:21.438167188Z: [    0.671320] PCI: Using configuration type 1 for base access
[STDERR  ] 2018-01-16T19:22:21.438176945Z: [    0.713404] ACPI: Added _OSI(Module Device)
[STDERR  ] 2018-01-16T19:22:21.438187348Z: [    0.713674] ACPI: Added _OSI(Processor Device)
[STDERR  ] 2018-01-16T19:22:21.438197605Z: [    0.714087] ACPI: Added _OSI(3.0 _SCP Extensions)
[STDERR  ] 2018-01-16T19:22:21.438207468Z: [    0.714340] ACPI: Added _OSI(Processor Aggregator Device)
[STDERR  ] 2018-01-16T19:22:21.438222601Z: [    0.763863] ACPI: Interpreter enabled
[STDERR  ] 2018-01-16T19:22:21.438232395Z: [    0.764708] ACPI: (supports S0 S5)
[STDERR  ] 2018-01-16T19:22:21.438245046Z: [    0.765032] ACPI: Using IOAPIC for interrupt routing
[STDERR  ] 2018-01-16T19:22:21.438258372Z: [    0.767509] PCI: Using host bridge windows from ACPI; if necessary, use "pci=nocrs" and report a bug
[STDERR  ] 2018-01-16T19:22:21.438269508Z: [    0.810921] ACPI: PCI Root Bridge [PCI0] (domain 0000 [bus 00-ff])
[STDERR  ] 2018-01-16T19:22:21.438280232Z: [    0.811876] acpi PNP0A08:00: _OSC: OS supports [ExtendedConfig ASPM ClockPM Segments MSI]
[STDERR  ] 2018-01-16T19:22:21.438294445Z: [    0.817081] acpi PNP0A08:00: _OSC: OS now controls [PCIeHotplug PME PCIeCapability]
[STDERR  ] 2018-01-16T19:22:21.438304579Z: [    0.820711] PCI host bridge to bus 0000:00
[STDERR  ] 2018-01-16T19:22:21.438314289Z: [    0.821160] pci_bus 0000:00: root bus resource [io  0x0000-0x0cf7 window]
[STDERR  ] 2018-01-16T19:22:21.438325725Z: [    0.821650] pci_bus 0000:00: root bus resource [io  0x0d00-0xffff window]
[STDERR  ] 2018-01-16T19:22:21.438335738Z: [    0.822067] pci_bus 0000:00: root bus resource [mem 0x000a0000-0x000bffff window]
[STDERR  ] 2018-01-16T19:22:21.438345754Z: [    0.822540] pci_bus 0000:00: root bus resource [mem 0xc0000000-0xfebfffff window]
[STDERR  ] 2018-01-16T19:22:21.438356363Z: [    0.823135] pci_bus 0000:00: root bus resource [bus 00-ff]
[STDERR  ] 2018-01-16T19:22:21.438366324Z: [    0.945410] pci 0000:00:1f.0: quirk: [io  0x0600-0x067f] claimed by ICH6 ACPI/GPIO/TCO
[STDERR  ] 2018-01-16T19:22:21.438376434Z: [    1.017168] ACPI: PCI Interrupt Link [LNKA] (IRQs 5 *10 11)
[STDERR  ] 2018-01-16T19:22:21.438386206Z: [    1.020142] ACPI: PCI Interrupt Link [LNKB] (IRQs 5 *10 11)
[STDERR  ] 2018-01-16T19:22:21.438399505Z: [    1.022080] ACPI: PCI Interrupt Link [LNKC] (IRQs 5 10 *11)
[STDERR  ] 2018-01-16T19:22:21.438409352Z: [    1.023512] ACPI: PCI Interrupt Link [LNKD] (IRQs 5 10 *11)
[STDERR  ] 2018-01-16T19:22:21.438419081Z: [    1.024990] ACPI: PCI Interrupt Link [LNKE] (IRQs 5 *10 11)
[STDERR  ] 2018-01-16T19:22:21.438429515Z: [    1.026332] ACPI: PCI Interrupt Link [LNKF] (IRQs 5 *10 11)
[STDERR  ] 2018-01-16T19:22:21.438439921Z: [    1.028085] ACPI: PCI Interrupt Link [LNKG] (IRQs 5 10 *11)
[STDERR  ] 2018-01-16T19:22:21.438449825Z: [    1.030097] ACPI: PCI Interrupt Link [LNKH] (IRQs 5 10 *11)
[STDERR  ] 2018-01-16T19:22:21.438462648Z: [    1.030883] ACPI: PCI Interrupt Link [GSIA] (IRQs *16)
[STDERR  ] 2018-01-16T19:22:21.438473032Z: [    1.031478] ACPI: PCI Interrupt Link [GSIB] (IRQs *17)
[STDERR  ] 2018-01-16T19:22:21.438482724Z: [    1.032115] ACPI: PCI Interrupt Link [GSIC] (IRQs *18)
[STDERR  ] 2018-01-16T19:22:21.438492749Z: [    1.032734] ACPI: PCI Interrupt Link [GSID] (IRQs *19)
[STDERR  ] 2018-01-16T19:22:21.438502501Z: [    1.033308] ACPI: PCI Interrupt Link [GSIE] (IRQs *20)
[STDERR  ] 2018-01-16T19:22:21.438512834Z: [    1.034000] ACPI: PCI Interrupt Link [GSIF] (IRQs *21)
[STDERR  ] 2018-01-16T19:22:21.438523192Z: [    1.034683] ACPI: PCI Interrupt Link [GSIG] (IRQs *22)
[STDERR  ] 2018-01-16T19:22:21.438532937Z: [    1.035311] ACPI: PCI Interrupt Link [GSIH] (IRQs *23)
[STDERR  ] 2018-01-16T19:22:21.438542632Z: [    1.038589] ACPI: Enabled 1 GPEs in block 00 to 3F
[STDERR  ] 2018-01-16T19:22:21.438552359Z: [    1.043571] SCSI subsystem initialized
[STDERR  ] 2018-01-16T19:22:21.438561921Z: [    1.045316] ACPI: bus type USB registered
[STDERR  ] 2018-01-16T19:22:21.438571708Z: [    1.046297] usbcore: registered new interface driver usbfs
[STDERR  ] 2018-01-16T19:22:21.438581603Z: [    1.047075] usbcore: registered new interface driver hub
[STDERR  ] 2018-01-16T19:22:21.438592132Z: [    1.047860] usbcore: registered new device driver usb
[STDERR  ] 2018-01-16T19:22:21.438605263Z: [    1.048872] pps_core: LinuxPPS API ver. 1 registered
[STDERR  ] 2018-01-16T19:22:21.438615208Z: [    1.049127] pps_core: Software ver. 5.3.6 - Copyright 2005-2007 Rodolfo Giometti <giometti@linux.it>
[STDERR  ] 2018-01-16T19:22:21.438630317Z: [    1.049826] PTP clock support registered
[STDERR  ] 2018-01-16T19:22:21.438640183Z: [    1.050844] wmi: Mapper loaded
[STDERR  ] 2018-01-16T19:22:21.438649904Z: [    1.051849] PCI: Using ACPI for IRQ routing
[STDERR  ] 2018-01-16T19:22:21.438659632Z: [    1.065344] NetLabel: Initializing
[STDERR  ] 2018-01-16T19:22:21.438669374Z: [    1.065645] NetLabel:  domain hash size = 128
[STDERR  ] 2018-01-16T19:22:21.438679845Z: [    1.065913] NetLabel:  protocols = UNLABELED CIPSOv4
[STDERR  ] 2018-01-16T19:22:21.438690108Z: [    1.068238] NetLabel:  unlabeled traffic allowed by default
[STDERR  ] 2018-01-16T19:22:21.438703624Z: [    1.069482] HPET: 3 timers in total, 0 timers will be used for per-cpu timer
[STDERR  ] 2018-01-16T19:22:21.438712483Z: [    1.070376] hpet0: at MMIO 0xfed00000, IRQs 2, 8, 0
[STDERR  ] 2018-01-16T19:22:21.438718492Z: [    1.070803] hpet0: 3 comparators, 64-bit 100.000000 MHz counter
[STDERR  ] 2018-01-16T19:22:21.438724595Z: [    1.076321] amd_nb: Cannot enumerate AMD northbridges
[STDERR  ] 2018-01-16T19:22:21.438730488Z: [    1.077328] clocksource: Switched to clocksource hpet
[STDERR  ] 2018-01-16T19:22:21.438736458Z: [    1.211687] FS-Cache: Loaded
[STDERR  ] 2018-01-16T19:22:21.438742458Z: [    1.216769] CacheFiles: Loaded
[STDERR  ] 2018-01-16T19:22:21.438748877Z: [    1.218692] pnp: PnP ACPI init
[STDERR  ] 2018-01-16T19:22:21.438763329Z: [    1.228503] pnp: PnP ACPI: found 5 devices
[STDERR  ] 2018-01-16T19:22:21.438776458Z: [    1.268005] clocksource: acpi_pm: mask: 0xffffff max_cycles: 0xffffff, max_idle_ns: 2085701024 ns
[STDERR  ] 2018-01-16T19:22:21.438787275Z: [    1.271213] NET: Registered protocol family 2
[STDERR  ] 2018-01-16T19:22:21.438797023Z: [    1.278126] TCP established hash table entries: 8192 (order: 4, 65536 bytes)
[STDERR  ] 2018-01-16T19:22:21.438807252Z: [    1.278813] TCP bind hash table entries: 8192 (order: 5, 131072 bytes)
[STDERR  ] 2018-01-16T19:22:21.438817239Z: [    1.279647] TCP: Hash tables configured (established 8192 bind 8192)
[STDERR  ] 2018-01-16T19:22:21.438827684Z: [    1.281257] UDP hash table entries: 512 (order: 2, 16384 bytes)
[STDERR  ] 2018-01-16T19:22:21.438837483Z: [    1.281825] UDP-Lite hash table entries: 512 (order: 2, 16384 bytes)
[STDERR  ] 2018-01-16T19:22:21.438847423Z: [    1.284078] NET: Registered protocol family 1
[STDERR  ] 2018-01-16T19:22:21.438857524Z: [    1.292726] Unpacking initramfs...
[STDERR  ] 2018-01-16T19:22:21.438867708Z: [    3.831528] Freeing initrd memory: 22100K
[STDERR  ] 2018-01-16T19:22:21.438877563Z: [    3.855081] PCLMULQDQ-NI instructions are not detected.
[STDERR  ] 2018-01-16T19:22:21.438916654Z: [    3.856489] AVX or AES-NI instructions are not detected.
[STDERR  ] 2018-01-16T19:22:21.438927049Z: [    3.856990] CPU feature 'AVX registers' is not supported.
[STDERR  ] 2018-01-16T19:22:21.438942632Z: [    3.857425] CPU feature 'AVX registers' is not supported.
[STDERR  ] 2018-01-16T19:22:21.438953526Z: [    3.857889] CPU feature 'AVX registers' is not supported.
[STDERR  ] 2018-01-16T19:22:21.438963523Z: [    3.858250] CPU feature 'AVX registers' is not supported.
[STDERR  ] 2018-01-16T19:22:21.438975472Z: [    3.858615] AVX2 or AES-NI instructions are not detected.
[STDERR  ] 2018-01-16T19:22:21.438985612Z: [    3.859054] AVX2 instructions are not detected.
[STDERR  ] 2018-01-16T19:22:21.438995426Z: [    3.865572] audit: initializing netlink subsys (disabled)
[STDERR  ] 2018-01-16T19:22:21.439005212Z: [    3.866962] audit: type=2000 audit(1516130527.860:1): initialized
[STDERR  ] 2018-01-16T19:22:21.439015055Z: [    3.873904] HugeTLB registered 2 MB page size, pre-allocated 0 pages
[STDERR  ] 2018-01-16T19:22:21.439026103Z: [    3.876426] VFS: Disk quotas dquot_6.6.0
[STDERR  ] 2018-01-16T19:22:21.439036478Z: [    3.877021] VFS: Dquot-cache hash table entries: 512 (order 0, 4096 bytes)
[STDERR  ] 2018-01-16T19:22:21.439046935Z: [    3.880006] squashfs: version 4.0 (2009/01/31) Phillip Lougher
[STDERR  ] 2018-01-16T19:22:21.439059521Z: [    3.883347] FS-Cache: Netfs 'cifs' registered for caching
[STDERR  ] 2018-01-16T19:22:21.439075384Z: [    3.884185] fuse init (API version 7.23)
[STDERR  ] 2018-01-16T19:22:21.439085257Z: [    3.886301] SGI XFS with ACLs, security attributes, no debug enabled
[STDERR  ] 2018-01-16T19:22:21.439095539Z: [    3.888546] 9p: Installing v9fs 9p2000 file system support
[STDERR  ] 2018-01-16T19:22:21.439105919Z: [    3.888957] FS-Cache: Netfs '9p' registered for caching
[STDERR  ] 2018-01-16T19:22:21.439116326Z: [    3.891235] Key type big_key registered
[STDERR  ] 2018-01-16T19:22:21.439126232Z: [    3.918175] NET: Registered protocol family 38
[STDERR  ] 2018-01-16T19:22:21.439140144Z: [    3.918744] Key type asymmetric registered
[STDERR  ] 2018-01-16T19:22:21.439150052Z: [    3.919101] Asymmetric key parser 'x509' registered
[STDERR  ] 2018-01-16T19:22:21.439159849Z: [    3.921497] Block layer SCSI generic (bsg) driver version 0.4 loaded (major 251)
[STDERR  ] 2018-01-16T19:22:21.439170141Z: [    3.923156] io scheduler noop registered
[STDERR  ] 2018-01-16T19:22:21.439179869Z: [    3.923520] io scheduler deadline registered (default)
[STDERR  ] 2018-01-16T19:22:21.439190069Z: [    3.924224] io scheduler cfq registered
[STDERR  ] 2018-01-16T19:22:21.439200325Z: [    3.926492] pci_hotplug: PCI Hot Plug PCI Core version: 0.5
[STDERR  ] 2018-01-16T19:22:21.439252492Z: [    3.927081] pciehp: PCI Express Hot Plug Controller Driver version: 0.4
[STDERR  ] 2018-01-16T19:22:21.439263572Z: [    3.927799] shpchp: Standard Hot Plug PCI Controller Driver version: 0.4
[STDERR  ] 2018-01-16T19:22:21.439276063Z: [    3.928520] hv_vmbus: registering driver hyperv_fb
[STDERR  ] 2018-01-16T19:22:21.439288923Z: [    3.931933] input: Power Button as /devices/LNXSYSTM:00/LNXPWRBN:00/input/input0
[STDERR  ] 2018-01-16T19:22:21.439299659Z: [    3.932848] ACPI: Power Button [PWRF]
[STDERR  ] 2018-01-16T19:22:21.439309452Z: [    3.939898] GHES: HEST is not enabled!
[STDERR  ] 2018-01-16T19:22:21.439319078Z: [    3.946469] ACPI: PCI Interrupt Link [GSIG] enabled at IRQ 22
[STDERR  ] 2018-01-16T19:22:21.439328823Z: [    3.955631] ACPI: PCI Interrupt Link [GSIH] enabled at IRQ 23
[STDERR  ] 2018-01-16T19:22:21.439338494Z: [    3.959395] xenfs: not registering filesystem on non-xen platform
[STDERR  ] 2018-01-16T19:22:21.439348861Z: [    3.962291] Serial: 8250/16550 driver, 4 ports, IRQ sharing disabled
[STDERR  ] 2018-01-16T19:22:21.439359399Z: [    3.985942] 00:04: ttyS0 at I/O 0x3f8 (irq = 4, base_baud = 115200) is a 16550A
[STDERR  ] 2018-01-16T19:22:21.439369464Z: [    3.996482] Non-volatile memory driver v1.3
[STDERR  ] 2018-01-16T19:22:21.439379172Z: [    4.002265] Hangcheck: starting hangcheck timer 0.9.1 (tick is 180 seconds, margin is 60 seconds).
[STDERR  ] 2018-01-16T19:22:21.439389212Z: [    4.006769] random: nonblocking pool is initialized
[STDERR  ] 2018-01-16T19:22:21.439399649Z: [    4.034483] loop: module loaded
[STDERR  ] 2018-01-16T19:22:21.439409835Z: [    4.045864] nbd: registered device at major 43
[STDERR  ] 2018-01-16T19:22:21.439419432Z: [    4.074897] lpc_ich 0000:00:1f.0: I/O space for GPIO uninitialized
[STDERR  ] 2018-01-16T19:22:21.439429939Z: [    4.076886] VMware PVSCSI driver - version 1.0.5.0-k
[STDERR  ] 2018-01-16T19:22:21.439439923Z: [    4.077651] hv_vmbus: registering driver hv_storvsc
[STDERR  ] 2018-01-16T19:22:21.439449795Z: [    4.084258] ACPI: PCI Interrupt Link [GSIA] enabled at IRQ 16
[STDERR  ] 2018-01-16T19:22:21.439459643Z: [    4.089673] ahci 0000:00:1f.2: AHCI 0001.0000 32 slots 6 ports 1.5 Gbps 0x3f impl SATA mode
[STDERR  ] 2018-01-16T19:22:21.439469546Z: [    4.090796] ahci 0000:00:1f.2: flags: 64bit ncq only 
[STDERR  ] 2018-01-16T19:22:21.439479332Z: [    4.106458] scsi host0: ahci
[STDERR  ] 2018-01-16T19:22:21.439489206Z: [    4.108910] scsi host1: ahci
[STDERR  ] 2018-01-16T19:22:21.439498732Z: [    4.110780] scsi host2: ahci
[STDERR  ] 2018-01-16T19:22:21.439509172Z: [    4.112612] scsi host3: ahci
[STDERR  ] 2018-01-16T19:22:21.439518968Z: [    4.114234] scsi host4: ahci
[STDERR  ] 2018-01-16T19:22:21.439528661Z: [    4.115801] scsi host5: ahci
[STDERR  ] 2018-01-16T19:22:21.439544597Z: [    4.117184] ata1: SATA max UDMA/133 abar m4096@0xfebd2000 port 0xfebd2100 irq 24
[STDERR  ] 2018-01-16T19:22:21.439555065Z: [    4.117669] ata2: SATA max UDMA/133 abar m4096@0xfebd2000 port 0xfebd2180 irq 24
[STDERR  ] 2018-01-16T19:22:21.439565184Z: [    4.118066] ata3: SATA max UDMA/133 abar m4096@0xfebd2000 port 0xfebd2200 irq 24
[STDERR  ] 2018-01-16T19:22:21.439575579Z: [    4.118479] ata4: SATA max UDMA/133 abar m4096@0xfebd2000 port 0xfebd2280 irq 24
[STDERR  ] 2018-01-16T19:22:21.439586526Z: [    4.118806] ata5: SATA max UDMA/133 abar m4096@0xfebd2000 port 0xfebd2300 irq 24
[STDERR  ] 2018-01-16T19:22:21.439601477Z: [    4.119279] ata6: SATA max UDMA/133 abar m4096@0xfebd2000 port 0xfebd2380 irq 24
[STDERR  ] 2018-01-16T19:22:21.439611875Z: [    4.128964] tun: Universal TUN/TAP device driver, 1.6
[STDERR  ] 2018-01-16T19:22:21.439621685Z: [    4.129353] tun: (C) 1999-2004 Max Krasnyansky <maxk@qualcomm.com>
[STDERR  ] 2018-01-16T19:22:21.439631798Z: [    4.139146] VMware vmxnet3 virtual NIC driver - version 1.4.5.0-k-NAPI
[STDERR  ] 2018-01-16T19:22:21.439641545Z: [    4.140026] hv_vmbus: registering driver hv_netvsc
[STDERR  ] 2018-01-16T19:22:21.439651401Z: [    4.140988] Fusion MPT base driver 3.04.20
[STDERR  ] 2018-01-16T19:22:21.439664677Z: [    4.141221] Copyright (c) 1999-2008 LSI Corporation
[STDERR  ] 2018-01-16T19:22:21.439676959Z: [    4.141863] Fusion MPT SPI Host driver 3.04.20
[STDERR  ] 2018-01-16T19:22:21.439689772Z: [    4.143715] i8042: PNP: PS/2 Controller [PNP0303:KBD,PNP0f13:MOU] at 0x60,0x64 irq 1,12
[STDERR  ] 2018-01-16T19:22:21.439699892Z: [    4.147505] serio: i8042 KBD port at 0x60,0x64 irq 1
[STDERR  ] 2018-01-16T19:22:21.439709559Z: [    4.148117] serio: i8042 AUX port at 0x60,0x64 irq 12
[STDERR  ] 2018-01-16T19:22:21.439719239Z: [    4.151008] hv_vmbus: registering driver hyperv_keyboard
[STDERR  ] 2018-01-16T19:22:21.439728923Z: [    4.152861] mousedev: PS/2 mouse device common for all mice
[STDERR  ] 2018-01-16T19:22:21.439738272Z: [    4.157428] input: AT Translated Set 2 keyboard as /devices/platform/i8042/serio0/input/input1
[STDERR  ] 2018-01-16T19:22:21.439752168Z: [    4.161562] input: PC Speaker as /devices/platform/pcspkr/input/input2
[STDERR  ] 2018-01-16T19:22:21.439762144Z: [    4.166056] rtc_cmos 00:00: RTC can wake from S4
[STDERR  ] 2018-01-16T19:22:21.439776703Z: [    4.170735] rtc_cmos 00:00: rtc core: registered rtc_cmos as rtc0
[STDERR  ] 2018-01-16T19:22:21.439786464Z: [    4.172546] rtc_cmos 00:00: alarms up to one day, y3k, 114 bytes nvram, hpet irqs
[STDERR  ] 2018-01-16T19:22:21.439796929Z: [    4.173430] i2c /dev entries driver
[STDERR  ] 2018-01-16T19:22:21.439806706Z: [    4.175735] device-mapper: ioctl: 4.34.0-ioctl (2015-10-28) initialised: dm-devel@redhat.com
[STDERR  ] 2018-01-16T19:22:21.439816355Z: [    4.182736] usbcore: registered new interface driver usbhid
[STDERR  ] 2018-01-16T19:22:21.439826445Z: [    4.183155] usbhid: USB HID core driver
[STDERR  ] 2018-01-16T19:22:21.439836838Z: [    4.183932] hv_utils: Registering HyperV Utility Driver
[STDERR  ] 2018-01-16T19:22:21.439846709Z: [    4.184497] hv_vmbus: registering driver hv_util
[STDERR  ] 2018-01-16T19:22:21.439856423Z: [    4.184771] hv_vmbus: registering driver hv_balloon
[STDERR  ] 2018-01-16T19:22:21.439866308Z: [    4.185313] oprofile: using NMI interrupt.
[STDERR  ] 2018-01-16T19:22:21.439876212Z: [    4.186991] GACT probability on
[STDERR  ] 2018-01-16T19:22:21.439893505Z: [    4.187373] Mirror/redirect action on
[STDERR  ] 2018-01-16T19:22:21.439903952Z: [    4.187834] Simple TC action Loaded
[STDERR  ] 2018-01-16T19:22:21.439914238Z: [    4.188501] u32 classifier
[STDERR  ] 2018-01-16T19:22:21.439924174Z: [    4.188847]     Performance counters on
[STDERR  ] 2018-01-16T19:22:21.439933957Z: [    4.189280]     input device check on
[STDERR  ] 2018-01-16T19:22:21.439943614Z: [    4.189738]     Actions configured
[STDERR  ] 2018-01-16T19:22:21.439953284Z: [    4.191317] Netfilter messages via NETLINK v0.30.
[STDERR  ] 2018-01-16T19:22:21.439969937Z: [    4.192229] nfnl_acct: registering with nfnetlink.
[STDERR  ] 2018-01-16T19:22:21.439979892Z: [    4.193771] nf_conntrack version 0.5.0 (7922 buckets, 31688 max)
[STDERR  ] 2018-01-16T19:22:21.439990449Z: [    4.198584] ctnetlink v0.93: registering with nfnetlink.
[STDERR  ] 2018-01-16T19:22:21.440000198Z: [    4.203640] nf_tables: (c) 2007-2009 Patrick McHardy <kaber@trash.net>
[STDERR  ] 2018-01-16T19:22:21.440010552Z: [    4.205110] nf_tables_compat: (c) 2012 Pablo Neira Ayuso <pablo@netfilter.org>
[STDERR  ] 2018-01-16T19:22:21.440020672Z: [    4.209080] xt_time: kernel timezone is -0000
[STDERR  ] 2018-01-16T19:22:21.440034557Z: [    4.209723] ip_set: protocol 6
[STDERR  ] 2018-01-16T19:22:21.440044428Z: [    4.211270] IPVS: Registered protocols (TCP, UDP, SCTP, AH, ESP)
[STDERR  ] 2018-01-16T19:22:21.440054278Z: [    4.211942] IPVS: Connection hash table configured (size=4096, memory=64Kbytes)
[STDERR  ] 2018-01-16T19:22:21.440064509Z: [    4.214405] IPVS: Creating netns size=2096 id=0
[STDERR  ] 2018-01-16T19:22:21.440074714Z: [    4.218101] IPVS: ipvs loaded.
[STDERR  ] 2018-01-16T19:22:21.440084512Z: [    4.218591] IPVS: [rr] scheduler registered.
[STDERR  ] 2018-01-16T19:22:21.440094312Z: [    4.218998] IPVS: [wrr] scheduler registered.
[STDERR  ] 2018-01-16T19:22:21.440103866Z: [    4.219508] IPVS: [lc] scheduler registered.
[STDERR  ] 2018-01-16T19:22:21.440113726Z: [    4.220372] IPVS: [wlc] scheduler registered.
[STDERR  ] 2018-01-16T19:22:21.440123505Z: [    4.220964] IPVS: [fo] scheduler registered.
[STDERR  ] 2018-01-16T19:22:21.440133178Z: [    4.221513] IPVS: [ovf] scheduler registered.
[STDERR  ] 2018-01-16T19:22:21.440143568Z: [    4.222283] IPVS: [lblc] scheduler registered.
[STDERR  ] 2018-01-16T19:22:21.440153483Z: [    4.223041] IPVS: [lblcr] scheduler registered.
[STDERR  ] 2018-01-16T19:22:21.440165632Z: [    4.223824] IPVS: [dh] scheduler registered.
[STDERR  ] 2018-01-16T19:22:21.440175624Z: [    4.224682] IPVS: [sh] scheduler registered.
[STDERR  ] 2018-01-16T19:22:21.440185444Z: [    4.225567] IPVS: [sed] scheduler registered.
[STDERR  ] 2018-01-16T19:22:21.440195155Z: [    4.226502] IPVS: [nq] scheduler registered.
[STDERR  ] 2018-01-16T19:22:21.440204872Z: [    4.227891] IPVS: ftp: loaded support on port[0] = 21
[STDERR  ] 2018-01-16T19:22:21.440214829Z: [    4.229475] ipip: IPv4 over IPv4 tunneling driver
[STDERR  ] 2018-01-16T19:22:21.440225295Z: [    4.234616] gre: GRE over IPv4 demultiplexor driver
[STDERR  ] 2018-01-16T19:22:21.440235032Z: [    4.238257] ip_tables: (C) 2000-2006 Netfilter Core Team
[STDERR  ] 2018-01-16T19:22:21.440244921Z: [    4.241958] ipt_CLUSTERIP: ClusterIP Version 0.8 loaded successfully
[STDERR  ] 2018-01-16T19:22:21.440255179Z: [    4.242887] arp_tables: (C) 2002 David S. Miller
[STDERR  ] 2018-01-16T19:22:21.440264854Z: [    4.245955] NET: Registered protocol family 10
[STDERR  ] 2018-01-16T19:22:21.440274397Z: [    4.254681] ip6_tables: (C) 2000-2006 Netfilter Core Team
[STDERR  ] 2018-01-16T19:22:21.440284046Z: [    4.263608] NET: Registered protocol family 17
[STDERR  ] 2018-01-16T19:22:21.440293935Z: [    4.265295] bridge: automatic filtering via arp/ip/ip6tables has been deprecated. Update your scripts to load br_netfilter if you need this.
[STDERR  ] 2018-01-16T19:22:21.440305844Z: [    4.266763] Bridge firewalling registered
[STDERR  ] 2018-01-16T19:22:21.440315814Z: [    4.267412] Ebtables v2.0 registered
[STDERR  ] 2018-01-16T19:22:21.440325566Z: [    4.270528] 8021q: 802.1Q VLAN Support v1.8
[STDERR  ] 2018-01-16T19:22:21.440338169Z: [    4.272363] 9pnet: Installing 9P2000 support
[STDERR  ] 2018-01-16T19:22:21.440347995Z: [    4.274510] Key type dns_resolver registered
[STDERR  ] 2018-01-16T19:22:21.440357599Z: [    4.275075] microcode: AMD CPU family 0x6 not supported
[STDERR  ] 2018-01-16T19:22:21.440367266Z: [    4.279210] registered taskstats version 1
[STDERR  ] 2018-01-16T19:22:21.440377585Z: [    4.471818] ata1: SATA link down (SStatus 0 SControl 300)
[STDERR  ] 2018-01-16T19:22:21.440390275Z: [    4.475050] ata2: SATA link down (SStatus 0 SControl 300)
[STDERR  ] 2018-01-16T19:22:21.440405649Z: [    4.476259] ata3: SATA link up 1.5 Gbps (SStatus 113 SControl 300)
[STDERR  ] 2018-01-16T19:22:21.440416074Z: [    4.481578] ata3.00: ATAPI: QEMU DVD-ROM, 2.5+, max UDMA/100
[STDERR  ] 2018-01-16T19:22:21.440425826Z: [    4.482223] ata3.00: applying bridge limits
[STDERR  ] 2018-01-16T19:22:21.440438228Z: [    4.484155] ata4: SATA link down (SStatus 0 SControl 300)
[STDERR  ] 2018-01-16T19:22:21.440448341Z: [    4.484824] ata5: SATA link down (SStatus 0 SControl 300)
[STDERR  ] 2018-01-16T19:22:21.440458846Z: [    4.485545] ata6: SATA link down (SStatus 0 SControl 300)
[STDERR  ] 2018-01-16T19:22:21.440473192Z: [    4.491864] ata3.00: configured for UDMA/100
[STDERR  ] 2018-01-16T19:22:21.440483458Z: [    4.512696] Key type encrypted registered
[STDERR  ] 2018-01-16T19:22:21.440493312Z: [    4.519739] rtc_cmos 00:00: setting system clock to 2018-01-16 19:22:09 UTC (1516130529)
[STDERR  ] 2018-01-16T19:22:21.440503254Z: [    4.522941] scsi 2:0:0:0: CD-ROM            QEMU     QEMU DVD-ROM     2.5+ PQ: 0 ANSI: 5
[STDERR  ] 2018-01-16T19:22:21.440513292Z: [    4.542543] sr 2:0:0:0: [sr0] scsi3-mmc drive: 4x/4x cd/rw xa/form2 tray
[STDERR  ] 2018-01-16T19:22:21.440523472Z: [    4.543587] cdrom: Uniform CD-ROM driver Revision: 3.20
[STDERR  ] 2018-01-16T19:22:21.440533878Z: [    4.553531] sr 2:0:0:0: Attached scsi generic sg0 type 5
[STDERR  ] 2018-01-16T19:22:21.440543943Z: [    4.712187] Freeing unused kernel memory: 1312K
[STDERR  ] 2018-01-16T19:22:21.440553685Z: [    4.712565] Write protecting the kernel read-only data: 12288k
[STDERR  ] 2018-01-16T19:22:21.440563468Z: [    4.720071] Freeing unused kernel memory: 544K
[STDERR  ] 2018-01-16T19:22:21.440573283Z: [    4.808144] Freeing unused kernel memory: 1396K
[STDERR  ] 2018-01-16T19:22:21.440582903Z: [    4.833781] tsc: Refined TSC clocksource calibration: 2299.999 MHz
[STDERR  ] 2018-01-16T19:22:21.440593766Z: [    4.834294] clocksource: tsc: mask: 0xffffffffffffffff max_cycles: 0x2127345424d, max_idle_ns: 440795318347 ns
[STDERR  ] 2018-01-16T19:22:21.440607494Z: [    5.841087] clocksource: Switched to clocksource tsc
[STDERR  ] 2018-01-16T19:22:21.440618012Z: 
[STDERR  ] 2018-01-16T19:22:21.440628003Z: Welcome to LinuxKit
[STDERR  ] 2018-01-16T19:22:21.440637698Z: 
[STDERR  ] 2018-01-16T19:22:21.440647589Z:                         ##         .
[STDERR  ] 2018-01-16T19:22:21.440657345Z:                   ## ## ##        ==
[STDERR  ] 2018-01-16T19:22:21.440667046Z:                ## ## ## ## ##    ===
[STDERR  ] 2018-01-16T19:22:21.440676768Z:            /"""""""""""""""""\___/ ===
[STDERR  ] 2018-01-16T19:22:21.440690572Z:           {                       /  ===-
[STDERR  ] 2018-01-16T19:22:21.440700921Z:            \______ O           __/
[STDERR  ] 2018-01-16T19:22:21.440710626Z:              \    \         __/
[STDERR  ] 2018-01-16T19:22:21.440720403Z:               \____\_______/
[STDERR  ] 2018-01-16T19:22:21.440729992Z: 
[STDERR  ] 2018-01-16T19:22:21.440739675Z: Linux linuxkit-5a9d8a2321fe 4.4.111-linuxkit #1 SMP Mon Jan 15 17:08:39 UTC 2018 x86_64 Linux
[STDERR  ] 2018-01-16T19:22:21.440749621Z: filename:       hello_world.ko
[STDERR  ] 2018-01-16T19:22:21.440762035Z: author:         Rolf Neugebauer <rolf.neugebauer@docker.com>
[STDERR  ] 2018-01-16T19:22:21.440772812Z: description:    A simple Hello World kernel module for testing
[STDERR  ] 2018-01-16T19:22:21.440782789Z: license:        GPL
[STDERR  ] 2018-01-16T19:22:21.440792581Z: depends:        
[STDERR  ] 2018-01-16T19:22:21.440802295Z: vermagic:       4.4.111-linuxkit SMP mod_unload 
[STDERR  ] 2018-01-16T19:22:21.440812008Z: [   10.907984] hello_world: loading out-of-tree module taints kernel.
[STDERR  ] 2018-01-16T19:22:21.440822158Z: [   10.910847] Hello LinuxKit
[STDERR  ] 2018-01-16T19:22:21.440832029Z: [   10.985284] Goodbye LinuxKit.
[STDERR  ] 2018-01-16T19:22:21.440841941Z: Kernel module test suite PASSED
[STDERR  ] 2018-01-16T19:22:21.440852632Z: [   15.217511] ACPI: Preparing to enter system sleep state S5
[STDERR  ] 2018-01-16T19:22:21.440867424Z: [   15.219062] reboot: Power down
[STDERR  ] 2018-01-16T19:22:21.445127212Z: + grep -q Hello LinuxKit
[STDERR  ] 2018-01-16T19:22:21.446248008Z: + exit 0
[STDERR  ] 2018-01-16T19:22:21.446273414Z: + clean_up
[STDERR  ] 2018-01-16T19:22:21.446286092Z: + docker rmi kmod-test
[STDOUT  ] 2018-01-16T19:22:21.467876324Z: Untagged: kmod-test:latest
[STDOUT  ] 2018-01-16T19:22:21.467924412Z: Deleted: sha256:01bb6e1baa44557eae45a40c99c150d7a830fc161b3d8717f6623184d2fc8bae
[STDOUT  ] 2018-01-16T19:22:21.467937938Z: Deleted: sha256:bd896e311089a44229e6d09fa737143b372a789fefa43634fe23a731ca3ff73a
[STDOUT  ] 2018-01-16T19:22:21.467958444Z: Deleted: sha256:461afd7e5a8a256dbc76db8b93b9881374a9c83246360b937312d79ed6d770a3
[STDOUT  ] 2018-01-16T19:22:21.467970592Z: Deleted: sha256:150298aeb9bf1020fe31786df6c1b78fedf4da81cb9369bb71926e9e8b793e8b
[STDOUT  ] 2018-01-16T19:22:21.467981338Z: Deleted: sha256:1cdccabbfb6a3d410aa2a1efed57bcaa695cb7ae62da70cc5ac8c2925f147a6f
[STDERR  ] 2018-01-16T19:22:21.468673964Z: + rm -rf kmod-cmdline kmod-initrd.img kmod-kernel kmod-state
[PASS    ] linuxkit.kernel.kmod_4.4.x 62.60s
