[INFO    ] 2017-06-06T18:50:54.63310795Z: Running Test linuxkit.packages.mkimage in /tmp/with_clone379128b3/test/cases/040_packages/013_mkimage
[INFO    ] 2017-06-06T18:50:54.633177468Z: Running command: [/bin/sh -x /tmp/with_clone379128b3/test/cases/040_packages/013_mkimage/test.sh]
[STDERR  ] 2017-06-06T18:50:54.651345133Z: + set -e
[STDERR  ] 2017-06-06T18:50:54.651363755Z: + . /tmp/with_clone379128b3/test/cases/_lib/lib.sh
[STDERR  ] 2017-06-06T18:50:54.651396617Z: + [ -f src/github.com/linuxkit/rtf/lib/lib.sh ]
[STDERR  ] 2017-06-06T18:50:54.651403236Z: + LINUXKIT_TMPDIR=/tmp/with_clone379128b3/test/cases/_tmp
[STDERR  ] 2017-06-06T18:50:54.651444141Z: + [ -f /tmp/with_clone379128b3/test/cases/_tmp/env.sh ]
[STDERR  ] 2017-06-06T18:50:54.65145741Z: + . /tmp/with_clone379128b3/test/cases/_tmp/env.sh
[STDERR  ] 2017-06-06T18:50:54.651464732Z: + export LINUXKIT_EXAMPLES_DIR=/tmp/with_clone379128b3/test/cases/../../examples
[STDERR  ] 2017-06-06T18:50:54.651487181Z: + RT_CANCEL=253
[STDERR  ] 2017-06-06T18:50:54.651494312Z: + trap clean_up EXIT
[STDERR  ] 2017-06-06T18:50:54.651501591Z: + moby build -output kernel+initrd run.yml
[STDERR  ] 2017-06-06T18:50:54.651513468Z: Extract kernel image: linuxkit/kernel:4.9.x
[STDERR  ] 2017-06-06T18:51:01.436142828Z: Add init containers:
[STDERR  ] 2017-06-06T18:51:01.436217075Z: Process init image: linuxkit/init:1b8a7e394d2ec2f1fdb4d67645829d1b5bdca037
[STDERR  ] 2017-06-06T18:51:02.959863326Z: Process init image: linuxkit/runc:3a4e6cbf15470f62501b019b55e1caac5ee7689f
[STDERR  ] 2017-06-06T18:51:04.913777262Z: Process init image: linuxkit/containerd:deaf5bf838bf7f131c2287ecff3ed9835b0497e2
[STDERR  ] 2017-06-06T18:51:11.079222846Z: Add onboot containers:
[STDERR  ] 2017-06-06T18:51:11.079245275Z:   Create OCI config for linuxkit/poweroff:7404cf2295df89ccfa2dda41997a28307a90cf28
[STDERR  ] 2017-06-06T18:51:12.686407632Z: Create outputs:
[STDERR  ] 2017-06-06T18:51:18.380465527Z:   run-kernel run-initrd.img run-cmdline
[STDERR  ] 2017-06-06T18:51:18.652626438Z: + moby build -output kernel+initrd mkimage.yml
[STDERR  ] 2017-06-06T18:51:18.662643547Z: Extract kernel image: linuxkit/kernel:4.9.x
[STDERR  ] 2017-06-06T18:51:24.060287677Z: Add init containers:
[STDERR  ] 2017-06-06T18:51:24.060337317Z: Process init image: linuxkit/init:1b8a7e394d2ec2f1fdb4d67645829d1b5bdca037
[STDERR  ] 2017-06-06T18:51:25.47184605Z: Process init image: linuxkit/runc:3a4e6cbf15470f62501b019b55e1caac5ee7689f
[STDERR  ] 2017-06-06T18:51:27.314661275Z: Process init image: linuxkit/containerd:deaf5bf838bf7f131c2287ecff3ed9835b0497e2
[STDERR  ] 2017-06-06T18:51:33.672916063Z: Add onboot containers:
[STDERR  ] 2017-06-06T18:51:33.673003596Z:   Create OCI config for linuxkit/mkimage:f4bf0c24261f7d120c8674892805ab3054eb8ac3
[STDERR  ] 2017-06-06T18:51:35.705078821Z:   Create OCI config for linuxkit/poweroff:7404cf2295df89ccfa2dda41997a28307a90cf28
[STDERR  ] 2017-06-06T18:51:37.195962422Z: Create outputs:
[STDERR  ] 2017-06-06T18:51:44.039046998Z:   mkimage-kernel mkimage-initrd.img mkimage-cmdline
[STDERR  ] 2017-06-06T18:51:44.312116757Z: + tar cf tarball.img run-kernel run-initrd.img run-cmdline
[STDERR  ] 2017-06-06T18:51:44.352988798Z: + linuxkit run qemu -disk disk.qcow2,size=200M,format=qcow2 -disk tarball.img,format=raw -kernel mkimage
[STDERR  ] 2017-06-06T18:51:44.396497464Z: Using existing disk [tarball.img] format raw
[STDOUT  ] 2017-06-06T18:51:46.009452305Z: [    0.000000] Linux version 4.9.30-linuxkit (root@84baa8e89c00) (gcc version 6.2.1 20160822 (Alpine 6.2.1) ) #1 SMP Tue May 30 11:40:28 UTC 2017
[STDOUT  ] 2017-06-06T18:51:46.009797092Z: [    0.000000] Command line: console=ttyS0
[STDOUT  ] 2017-06-06T18:51:46.010113993Z: [    0.000000] x86/fpu: Legacy x87 FPU detected.
[STDOUT  ] 2017-06-06T18:51:46.010478754Z: [    0.000000] x86/fpu: Using 'eager' FPU context switches.
[STDOUT  ] 2017-06-06T18:51:46.010838981Z: [    0.000000] e820: BIOS-provided physical RAM map:
[STDOUT  ] 2017-06-06T18:51:46.011303702Z: [    0.000000] BIOS-e820: [mem 0x0000000000000000-0x000000000009fbff] usable
[STDOUT  ] 2017-06-06T18:51:46.011808333Z: [    0.000000] BIOS-e820: [mem 0x000000000009fc00-0x000000000009ffff] reserved
[STDOUT  ] 2017-06-06T18:51:46.012307842Z: [    0.000000] BIOS-e820: [mem 0x00000000000f0000-0x00000000000fffff] reserved
[STDOUT  ] 2017-06-06T18:51:46.012782206Z: [    0.000000] BIOS-e820: [mem 0x0000000000100000-0x000000003ffddfff] usable
[STDOUT  ] 2017-06-06T18:51:46.013279071Z: [    0.000000] BIOS-e820: [mem 0x000000003ffde000-0x000000003fffffff] reserved
[STDOUT  ] 2017-06-06T18:51:46.013785218Z: [    0.000000] BIOS-e820: [mem 0x00000000b0000000-0x00000000bfffffff] reserved
[STDOUT  ] 2017-06-06T18:51:46.014280461Z: [    0.000000] BIOS-e820: [mem 0x00000000fed1c000-0x00000000fed1ffff] reserved
[STDOUT  ] 2017-06-06T18:51:46.014757724Z: [    0.000000] BIOS-e820: [mem 0x00000000fffc0000-0x00000000ffffffff] reserved
[STDOUT  ] 2017-06-06T18:51:46.015116526Z: [    0.000000] NX (Execute Disable) protection: active
[STDOUT  ] 2017-06-06T18:51:46.015348159Z: [    0.000000] SMBIOS 2.8 present.
[STDOUT  ] 2017-06-06T18:51:46.015802638Z: [    0.000000] e820: last_pfn = 0x3ffde max_arch_pfn = 0x400000000
[STDOUT  ] 2017-06-06T18:51:46.016317416Z: [    0.000000] x86/PAT: Configuration [0-7]: WB  WC  UC- UC  WB  WC  UC- WT  
[STDOUT  ] 2017-06-06T18:51:46.016932378Z: [    0.000000] found SMP MP-table at [mem 0x000f6aa0-0x000f6aaf] mapped at [ffff8b33c00f6aa0]
[STDOUT  ] 2017-06-06T18:51:46.017233053Z: [    0.000000] RAMDISK: [mem 0x3ddc1000-0x3ffcffff]
[STDOUT  ] 2017-06-06T18:51:46.017652275Z: [    0.000000] ACPI: Early table checksum verification disabled
[STDOUT  ] 2017-06-06T18:51:46.018075144Z: [    0.000000] ACPI: RSDP 0x00000000000F68C0 000014 (v00 BOCHS )
[STDOUT  ] 2017-06-06T18:51:46.018685252Z: [    0.000000] ACPI: RSDT 0x000000003FFE2404 000034 (v01 BOCHS  BXPCRSDT 00000001 BXPC 00000001)
[STDOUT  ] 2017-06-06T18:51:46.01930112Z: [    0.000000] ACPI: FACP 0x000000003FFE22A4 000074 (v01 BOCHS  BXPCFACP 00000001 BXPC 00000001)
[STDOUT  ] 2017-06-06T18:51:46.019920124Z: [    0.000000] ACPI: DSDT 0x000000003FFE0040 002264 (v01 BOCHS  BXPCDSDT 00000001 BXPC 00000001)
[STDOUT  ] 2017-06-06T18:51:46.02025377Z: [    0.000000] ACPI: FACS 0x000000003FFE0000 000040
[STDOUT  ] 2017-06-06T18:51:46.020860075Z: [    0.000000] ACPI: APIC 0x000000003FFE2318 000078 (v01 BOCHS  BXPCAPIC 00000001 BXPC 00000001)
[STDOUT  ] 2017-06-06T18:51:46.021467687Z: [    0.000000] ACPI: HPET 0x000000003FFE2390 000038 (v01 BOCHS  BXPCHPET 00000001 BXPC 00000001)
[STDOUT  ] 2017-06-06T18:51:46.022113168Z: [    0.000000] ACPI: MCFG 0x000000003FFE23C8 00003C (v01 BOCHS  BXPCMCFG 00000001 BXPC 00000001)
[STDOUT  ] 2017-06-06T18:51:46.022325149Z: [    0.000000] Zone ranges:
[STDOUT  ] 2017-06-06T18:51:46.022764187Z: [    0.000000]   DMA      [mem 0x0000000000001000-0x0000000000ffffff]
[STDOUT  ] 2017-06-06T18:51:46.023288945Z: [    0.000000]   DMA32    [mem 0x0000000001000000-0x000000003ffddfff]
[STDOUT  ] 2017-06-06T18:51:46.023535013Z: [    0.000000]   Normal   empty
[STDOUT  ] 2017-06-06T18:51:46.023804128Z: [    0.000000] Movable zone start for each node
[STDOUT  ] 2017-06-06T18:51:46.024105475Z: [    0.000000] Early memory node ranges
[STDOUT  ] 2017-06-06T18:51:46.024593378Z: [    0.000000]   node   0: [mem 0x0000000000001000-0x000000000009efff]
[STDOUT  ] 2017-06-06T18:51:46.025066538Z: [    0.000000]   node   0: [mem 0x0000000000100000-0x000000003ffddfff]
[STDOUT  ] 2017-06-06T18:51:46.025580276Z: [    0.000000] Initmem setup node 0 [mem 0x0000000000001000-0x000000003ffddfff]
[STDOUT  ] 2017-06-06T18:51:46.025902336Z: [    0.000000] ACPI: PM-Timer IO Port: 0x608
[STDOUT  ] 2017-06-06T18:51:46.026316183Z: [    0.000000] ACPI: LAPIC_NMI (acpi_id[0xff] dfl dfl lint[0x1])
[STDOUT  ] 2017-06-06T18:51:46.02680849Z: [    0.000000] IOAPIC[0]: apic_id 0, version 32, address 0xfec00000, GSI 0-23
[STDOUT  ] 2017-06-06T18:51:46.027277038Z: [    0.000000] ACPI: INT_SRC_OVR (bus 0 bus_irq 0 global_irq 2 dfl dfl)
[STDOUT  ] 2017-06-06T18:51:46.027711585Z: [    0.000000] ACPI: INT_SRC_OVR (bus 0 bus_irq 5 global_irq 5 high level)
[STDOUT  ] 2017-06-06T18:51:46.028212719Z: [    0.000000] ACPI: INT_SRC_OVR (bus 0 bus_irq 9 global_irq 9 high level)
[STDOUT  ] 2017-06-06T18:51:46.028722141Z: [    0.000000] ACPI: INT_SRC_OVR (bus 0 bus_irq 10 global_irq 10 high level)
[STDOUT  ] 2017-06-06T18:51:46.029203015Z: [    0.000000] ACPI: INT_SRC_OVR (bus 0 bus_irq 11 global_irq 11 high level)
[STDOUT  ] 2017-06-06T18:51:46.029654231Z: [    0.000000] Using ACPI (MADT) for SMP configuration information
[STDOUT  ] 2017-06-06T18:51:46.030050344Z: [    0.000000] ACPI: HPET id: 0x8086a201 base: 0xfed00000
[STDOUT  ] 2017-06-06T18:51:46.030400855Z: [    0.000000] smpboot: Allowing 1 CPUs, 0 hotplug CPUs
[STDOUT  ] 2017-06-06T18:51:46.030873597Z: [    0.000000] e820: [mem 0x40000000-0xafffffff] available for PCI devices
[STDOUT  ] 2017-06-06T18:51:46.031299807Z: [    0.000000] Booting paravirtualized kernel on bare hardware
[STDOUT  ] 2017-06-06T18:51:46.032053931Z: [    0.000000] clocksource: refined-jiffies: mask: 0xffffffff max_cycles: 0xffffffff, max_idle_ns: 19112604462750000 ns
[STDOUT  ] 2017-06-06T18:51:46.032621682Z: [    0.000000] setup_percpu: NR_CPUS:128 nr_cpumask_bits:128 nr_cpu_ids:1 nr_node_ids:1
[STDOUT  ] 2017-06-06T18:51:46.033238369Z: [    0.000000] percpu: Embedded 35 pages/cpu @ffff8b33fda00000 s105240 r8192 d29928 u2097152
[STDOUT  ] 2017-06-06T18:51:46.03384715Z: [    0.000000] Built 1 zonelists in Zone order, mobility grouping on.  Total pages: 257895
[STDOUT  ] 2017-06-06T18:51:46.034193751Z: [    0.000000] Kernel command line: console=ttyS0
[STDOUT  ] 2017-06-06T18:51:46.034672092Z: [    0.000000] PID hash table entries: 4096 (order: 3, 32768 bytes)
[STDOUT  ] 2017-06-06T18:51:46.035256224Z: [    0.000000] Dentry cache hash table entries: 131072 (order: 8, 1048576 bytes)
[STDOUT  ] 2017-06-06T18:51:46.035740931Z: [    0.000000] Inode-cache hash table entries: 65536 (order: 7, 524288 bytes)
[STDOUT  ] 2017-06-06T18:51:46.03666582Z: [    0.000000] Memory: 976900K/1048048K available (9409K kernel code, 1593K rwdata, 3084K rodata, 1456K init, 604K bss, 71148K reserved, 0K cma-reserved)
[STDOUT  ] 2017-06-06T18:51:46.036983616Z: [    0.000000] Hierarchical RCU implementation.
[STDOUT  ] 2017-06-06T18:51:46.037400279Z: [    0.000000] 	Build-time adjustment of leaf fanout to 64.
[STDOUT  ] 2017-06-06T18:51:46.037858112Z: [    0.000000] 	RCU restricting CPUs from NR_CPUS=128 to nr_cpu_ids=1.
[STDOUT  ] 2017-06-06T18:51:46.038344926Z: [    0.000000] RCU: Adjusting geometry for rcu_fanout_leaf=64, nr_cpu_ids=1
[STDOUT  ] 2017-06-06T18:51:46.038623874Z: [    0.000000] NR_IRQS:8448 nr_irqs:256 16
[STDOUT  ] 2017-06-06T18:51:46.038911191Z: [    0.000000] Console: colour VGA+ 80x25
[STDOUT  ] 2017-06-06T18:51:46.039283722Z: [    0.000000] console [ttyS0] enabled
[STDOUT  ] 2017-06-06T18:51:46.042961146Z: [    0.000000] clocksource: hpet: mask: 0xffffffff max_cycles: 0xffffffff, max_idle_ns: 19112604467 ns
[STDOUT  ] 2017-06-06T18:51:46.088103848Z: [    0.000000] tsc: Fast TSC calibration using PIT
[STDOUT  ] 2017-06-06T18:51:46.088701243Z: [    0.000000] tsc: Detected 2300.147 MHz processor
[STDOUT  ] 2017-06-06T18:51:46.091763004Z: [    0.021992] Calibrating delay loop (skipped), value calculated using timer frequency.. 4600.29 BogoMIPS (lpj=23001470)
[STDOUT  ] 2017-06-06T18:51:46.092229896Z: [    0.023049] pid_max: default: 32768 minimum: 301
[STDOUT  ] 2017-06-06T18:51:46.093203629Z: [    0.024060] ACPI: Core revision 20160831
[STDOUT  ] 2017-06-06T18:51:46.137679666Z: [    0.072944] ACPI: 1 ACPI AML tables successfully acquired and loaded
[STDOUT  ] 2017-06-06T18:51:46.141004535Z: [    0.076452] Security Framework initialized
[STDOUT  ] 2017-06-06T18:51:46.141326404Z: [    0.076868] Yama: becoming mindful.
[STDOUT  ] 2017-06-06T18:51:46.143645515Z: [    0.078974] Mount-cache hash table entries: 2048 (order: 2, 16384 bytes)
[STDOUT  ] 2017-06-06T18:51:46.144303474Z: [    0.079503] Mountpoint-cache hash table entries: 2048 (order: 2, 16384 bytes)
[STDOUT  ] 2017-06-06T18:51:46.16360767Z: [    0.098938] Last level iTLB entries: 4KB 0, 2MB 0, 4MB 0
[STDOUT  ] 2017-06-06T18:51:46.164118036Z: [    0.099378] Last level dTLB entries: 4KB 0, 2MB 0, 4MB 0, 1GB 0
[STDOUT  ] 2017-06-06T18:51:46.54585327Z: [    0.480883] Freeing SMP alternatives memory: 24K (ffffffffbe0fc000 - ffffffffbe102000)
[STDOUT  ] 2017-06-06T18:51:46.55548342Z: [    0.490617] ftrace: allocating 41532 entries in 163 pages
[STDOUT  ] 2017-06-06T18:51:46.902452442Z: [    0.687634] smpboot: Max logical packages: 1
[STDOUT  ] 2017-06-06T18:51:46.910041518Z: [    0.695251] ..TIMER: vector=0x30 apic1=0 pin1=2 apic2=-1 pin2=-1
[STDOUT  ] 2017-06-06T18:51:47.130964574Z: [    0.800000] smpboot: CPU0: AMD QEMU Virtual CPU version 2.5+ (family: 0x6, model: 0x6, stepping: 0x3)
[STDOUT  ] 2017-06-06T18:51:47.131000366Z: [    0.800000] Performance Events: PMU not available due to virtualization, using software events only.
[STDOUT  ] 2017-06-06T18:51:47.14855465Z: [    0.812073] NMI watchdog: disabled (cpu0): hardware events not enabled
[STDOUT  ] 2017-06-06T18:51:47.148948792Z: [    0.812492] NMI watchdog: Shutting down hard lockup detector on all cpus
[STDOUT  ] 2017-06-06T18:51:47.151512682Z: [    0.815184] x86: Booted up 1 node, 1 CPUs
[STDOUT  ] 2017-06-06T18:51:47.151970907Z: [    0.815529] smpboot: Total of 1 processors activated (4600.29 BogoMIPS)
[STDOUT  ] 2017-06-06T18:51:47.166297029Z: [    0.830364] devtmpfs: initialized
[STDOUT  ] 2017-06-06T18:51:47.171437857Z: [    0.835449] x86/mm: Memory block size: 128MB
[STDOUT  ] 2017-06-06T18:51:47.235389143Z: [    0.899146] clocksource: jiffies: mask: 0xffffffff max_cycles: 0xffffffff, max_idle_ns: 19112604462750000 ns
[STDOUT  ] 2017-06-06T18:51:47.236057612Z: [    0.899929] futex hash table entries: 256 (order: 2, 16384 bytes)
[STDOUT  ] 2017-06-06T18:51:47.245822747Z: [    0.909362] NET: Registered protocol family 16
[STDOUT  ] 2017-06-06T18:51:47.254988813Z: [    0.918849] cpuidle: using governor ladder
[STDOUT  ] 2017-06-06T18:51:47.255377724Z: [    0.919272] cpuidle: using governor menu
[STDOUT  ] 2017-06-06T18:51:47.256666177Z: [    0.920682] ACPI: bus type PCI registered
[STDOUT  ] 2017-06-06T18:51:47.259738346Z: [    0.923435] PCI: MMCONFIG for domain 0000 [bus 00-ff] at [mem 0xb0000000-0xbfffffff] (base 0xb0000000)
[STDOUT  ] 2017-06-06T18:51:47.260286154Z: [    0.924139] PCI: MMCONFIG at [mem 0xb0000000-0xbfffffff] reserved in E820
[STDOUT  ] 2017-06-06T18:51:47.261566089Z: [    0.925464] PCI: Using configuration type 1 for base access
[STDOUT  ] 2017-06-06T18:51:47.329775465Z: [    0.993601] HugeTLB registered 2 MB page size, pre-allocated 0 pages
[STDOUT  ] 2017-06-06T18:51:47.341213381Z: [    1.004997] ACPI: Added _OSI(Module Device)
[STDOUT  ] 2017-06-06T18:51:47.341513923Z: [    1.005283] ACPI: Added _OSI(Processor Device)
[STDOUT  ] 2017-06-06T18:51:47.341779868Z: [    1.005545] ACPI: Added _OSI(3.0 _SCP Extensions)
[STDOUT  ] 2017-06-06T18:51:47.342097758Z: [    1.005824] ACPI: Added _OSI(Processor Aggregator Device)
[STDOUT  ] 2017-06-06T18:51:47.418974598Z: [    1.082816] ACPI: Interpreter enabled
[STDOUT  ] 2017-06-06T18:51:47.419757289Z: [    1.083635] ACPI: (supports S0 S5)
[STDOUT  ] 2017-06-06T18:51:47.420081645Z: [    1.083917] ACPI: Using IOAPIC for interrupt routing
[STDOUT  ] 2017-06-06T18:51:47.422189026Z: [    1.085778] PCI: Using host bridge windows from ACPI; if necessary, use "pci=nocrs" and report a bug
[STDOUT  ] 2017-06-06T18:51:47.488667967Z: [    1.152228] ACPI: PCI Root Bridge [PCI0] (domain 0000 [bus 00-ff])
[STDOUT  ] 2017-06-06T18:51:47.489832839Z: [    1.153304] acpi PNP0A08:00: _OSC: OS supports [ExtendedConfig ASPM ClockPM Segments MSI]
[STDOUT  ] 2017-06-06T18:51:47.496512861Z: [    1.159880] acpi PNP0A08:00: _OSC: OS now controls [PCIeHotplug PME PCIeCapability]
[STDOUT  ] 2017-06-06T18:51:47.500116835Z: [    1.163244] PCI host bridge to bus 0000:00
[STDOUT  ] 2017-06-06T18:51:47.500717115Z: [    1.163716] pci_bus 0000:00: root bus resource [io  0x0000-0x0cf7 window]
[STDOUT  ] 2017-06-06T18:51:47.501200719Z: [    1.164207] pci_bus 0000:00: root bus resource [io  0x0d00-0xffff window]
[STDOUT  ] 2017-06-06T18:51:47.501705735Z: [    1.164675] pci_bus 0000:00: root bus resource [mem 0x000a0000-0x000bffff window]
[STDOUT  ] 2017-06-06T18:51:47.502235636Z: [    1.165186] pci_bus 0000:00: root bus resource [mem 0xc0000000-0xfebfffff window]
[STDOUT  ] 2017-06-06T18:51:47.502742029Z: [    1.165822] pci_bus 0000:00: root bus resource [bus 00-ff]
[STDOUT  ] 2017-06-06T18:51:47.620340992Z: [    1.283374] pci 0000:00:1f.0: quirk: [io  0x0600-0x067f] claimed by ICH6 ACPI/GPIO/TCO
[STDOUT  ] 2017-06-06T18:51:47.717450118Z: [    1.370610] ACPI: PCI Interrupt Link [LNKA] (IRQs 5 *10 11)
[STDOUT  ] 2017-06-06T18:51:47.719727471Z: [    1.373118] ACPI: PCI Interrupt Link [LNKB] (IRQs 5 *10 11)
[STDOUT  ] 2017-06-06T18:51:47.721797872Z: [    1.375205] ACPI: PCI Interrupt Link [LNKC] (IRQs 5 10 *11)
[STDOUT  ] 2017-06-06T18:51:47.723941685Z: [    1.377280] ACPI: PCI Interrupt Link [LNKD] (IRQs 5 10 *11)
[STDOUT  ] 2017-06-06T18:51:47.725968739Z: [    1.379392] ACPI: PCI Interrupt Link [LNKE] (IRQs 5 *10 11)
[STDOUT  ] 2017-06-06T18:51:47.727945748Z: [    1.381384] ACPI: PCI Interrupt Link [LNKF] (IRQs 5 *10 11)
[STDOUT  ] 2017-06-06T18:51:47.729742471Z: [    1.383194] ACPI: PCI Interrupt Link [LNKG] (IRQs 5 10 *11)
[STDOUT  ] 2017-06-06T18:51:47.731569023Z: [    1.385010] ACPI: PCI Interrupt Link [LNKH] (IRQs 5 10 *11)
[STDOUT  ] 2017-06-06T18:51:47.732427459Z: [    1.385922] ACPI: PCI Interrupt Link [GSIA] (IRQs *16)
[STDOUT  ] 2017-06-06T18:51:47.733087473Z: [    1.386589] ACPI: PCI Interrupt Link [GSIB] (IRQs *17)
[STDOUT  ] 2017-06-06T18:51:47.733737886Z: [    1.387244] ACPI: PCI Interrupt Link [GSIC] (IRQs *18)
[STDOUT  ] 2017-06-06T18:51:47.734386855Z: [    1.387893] ACPI: PCI Interrupt Link [GSID] (IRQs *19)
[STDOUT  ] 2017-06-06T18:51:47.735032722Z: [    1.388539] ACPI: PCI Interrupt Link [GSIE] (IRQs *20)
[STDOUT  ] 2017-06-06T18:51:47.73568338Z: [    1.389189] ACPI: PCI Interrupt Link [GSIF] (IRQs *21)
[STDOUT  ] 2017-06-06T18:51:47.73645813Z: [    1.389836] ACPI: PCI Interrupt Link [GSIG] (IRQs *22)
[STDOUT  ] 2017-06-06T18:51:47.737125142Z: [    1.390407] ACPI: PCI Interrupt Link [GSIH] (IRQs *23)
[STDOUT  ] 2017-06-06T18:51:47.747926137Z: [    1.400000] ACPI: Enabled 2 GPEs in block 00 to 3F
[STDOUT  ] 2017-06-06T18:51:47.754621522Z: [    1.406532] SCSI subsystem initialized
[STDOUT  ] 2017-06-06T18:51:47.758928993Z: [    1.412415] pps_core: LinuxPPS API ver. 1 registered
[STDOUT  ] 2017-06-06T18:51:47.75942884Z: [    1.412771] pps_core: Software ver. 5.3.6 - Copyright 2005-2007 Rodolfo Giometti <giometti@linux.it>
[STDOUT  ] 2017-06-06T18:51:47.759920381Z: [    1.413480] PTP clock support registered
[STDOUT  ] 2017-06-06T18:51:47.761594219Z: [    1.415193] wmi: Mapper loaded
[STDOUT  ] 2017-06-06T18:51:47.763236611Z: [    1.416786] PCI: Using ACPI for IRQ routing
[STDOUT  ] 2017-06-06T18:51:47.800283185Z: [    1.453785] NetLabel: Initializing
[STDOUT  ] 2017-06-06T18:51:47.80055923Z: [    1.454071] NetLabel:  domain hash size = 128
[STDOUT  ] 2017-06-06T18:51:47.800865374Z: [    1.454328] NetLabel:  protocols = UNLABELED CIPSOv4
[STDOUT  ] 2017-06-06T18:51:47.803821977Z: [    1.457248] NetLabel:  unlabeled traffic allowed by default
[STDOUT  ] 2017-06-06T18:51:47.805309673Z: [    1.458639] HPET: 3 timers in total, 0 timers will be used for per-cpu timer
[STDOUT  ] 2017-06-06T18:51:47.806448473Z: [    1.459535] hpet0: at MMIO 0xfed00000, IRQs 2, 8, 0
[STDOUT  ] 2017-06-06T18:51:47.806857957Z: [    1.460283] hpet0: 3 comparators, 64-bit 100.000000 MHz counter
[STDOUT  ] 2017-06-06T18:51:47.814768248Z: [    1.468229] clocksource: Switched to clocksource hpet
[STDOUT  ] 2017-06-06T18:51:48.329327915Z: [    1.974944] VFS: Disk quotas dquot_6.6.0
[STDOUT  ] 2017-06-06T18:51:48.330086842Z: [    1.975614] VFS: Dquot-cache hash table entries: 512 (order 0, 4096 bytes)
[STDOUT  ] 2017-06-06T18:51:48.332691965Z: [    1.978438] FS-Cache: Loaded
[STDOUT  ] 2017-06-06T18:51:48.338224233Z: [    1.983946] CacheFiles: Loaded
[STDOUT  ] 2017-06-06T18:51:48.339807985Z: [    1.985542] pnp: PnP ACPI init
[STDOUT  ] 2017-06-06T18:51:48.352239066Z: [    1.997908] pnp: PnP ACPI: found 5 devices
[STDOUT  ] 2017-06-06T18:51:48.399779697Z: [    2.045209] clocksource: acpi_pm: mask: 0xffffff max_cycles: 0xffffff, max_idle_ns: 2085701024 ns
[STDOUT  ] 2017-06-06T18:51:48.402338532Z: [    2.048029] NET: Registered protocol family 2
[STDOUT  ] 2017-06-06T18:51:48.410665321Z: [    2.056094] TCP established hash table entries: 8192 (order: 4, 65536 bytes)
[STDOUT  ] 2017-06-06T18:51:48.411206877Z: [    2.056776] TCP bind hash table entries: 8192 (order: 5, 131072 bytes)
[STDOUT  ] 2017-06-06T18:51:48.412437207Z: [    2.058026] TCP: Hash tables configured (established 8192 bind 8192)
[STDOUT  ] 2017-06-06T18:51:48.413833561Z: [    2.059442] UDP hash table entries: 512 (order: 2, 16384 bytes)
[STDOUT  ] 2017-06-06T18:51:48.414405404Z: [    2.059956] UDP-Lite hash table entries: 512 (order: 2, 16384 bytes)
[STDOUT  ] 2017-06-06T18:51:48.416624824Z: [    2.062331] NET: Registered protocol family 1
[STDOUT  ] 2017-06-06T18:51:48.420224312Z: [    2.065810] RPC: Registered named UNIX socket transport module.
[STDOUT  ] 2017-06-06T18:51:48.420542831Z: [    2.066224] RPC: Registered udp transport module.
[STDOUT  ] 2017-06-06T18:51:48.420830443Z: [    2.066511] RPC: Registered tcp transport module.
[STDOUT  ] 2017-06-06T18:51:48.421217329Z: [    2.066798] RPC: Registered tcp NFSv4.1 backchannel transport module.
[STDOUT  ] 2017-06-06T18:51:48.422021368Z: [    2.067513] pci 0000:00:01.0: Video device with shadowed ROM at [mem 0x000c0000-0x000dffff]
[STDOUT  ] 2017-06-06T18:51:48.42970229Z: [    2.075402] Unpacking initramfs...
[STDOUT  ] 2017-06-06T18:51:54.922508959Z: [    8.567844] Freeing initrd memory: 34876K (ffff8b33fddc1000 - ffff8b33fffd0000)
[STDOUT  ] 2017-06-06T18:51:54.946785866Z: [    8.592263] PCLMULQDQ-NI instructions are not detected.
[STDOUT  ] 2017-06-06T18:51:54.94810845Z: [    8.593674] AVX or AES-NI instructions are not detected.
[STDOUT  ] 2017-06-06T18:51:54.948627387Z: [    8.594187] CPU feature 'AVX registers' is not supported.
[STDOUT  ] 2017-06-06T18:51:54.949089563Z: [    8.594652] CPU feature 'AVX registers' is not supported.
[STDOUT  ] 2017-06-06T18:51:54.952367738Z: [    8.597917] CPU feature 'AVX registers' is not supported.
[STDOUT  ] 2017-06-06T18:51:54.952809947Z: [    8.598375] CPU feature 'AVX registers' is not supported.
[STDOUT  ] 2017-06-06T18:51:54.95326736Z: [    8.598830] AVX2 or AES-NI instructions are not detected.
[STDOUT  ] 2017-06-06T18:51:54.953662891Z: [    8.599288] AVX2 instructions are not detected.
[STDOUT  ] 2017-06-06T18:51:54.960042758Z: [    8.605623] audit: initializing netlink subsys (disabled)
[STDOUT  ] 2017-06-06T18:51:54.961451594Z: [    8.606984] audit: type=2000 audit(1496775113.600:1): initialized
[STDOUT  ] 2017-06-06T18:51:54.968844119Z: [    8.614343] workingset: timestamp_bits=46 max_order=18 bucket_order=0
[STDOUT  ] 2017-06-06T18:51:54.973773823Z: [    8.619344] FS-Cache: Netfs 'nfs' registered for caching
[STDOUT  ] 2017-06-06T18:51:54.976550682Z: [    8.622141] NFS: Registering the id_resolver key type
[STDOUT  ] 2017-06-06T18:51:54.977783322Z: [    8.623430] Key type id_resolver registered
[STDOUT  ] 2017-06-06T18:51:54.978111389Z: [    8.623781] Key type id_legacy registered
[STDOUT  ] 2017-06-06T18:51:54.978675742Z: [    8.624195] nfs4filelayout_init: NFSv4 File Layout Driver Registering...
[STDOUT  ] 2017-06-06T18:51:54.979498348Z: [    8.624945] Installing knfsd (copyright (C) 1996 okir@monad.swb.de).
[STDOUT  ] 2017-06-06T18:51:54.982968692Z: [    8.628553] FS-Cache: Netfs 'cifs' registered for caching
[STDOUT  ] 2017-06-06T18:51:54.983819984Z: [    8.629457] ntfs: driver 2.1.32 [Flags: R/O].
[STDOUT  ] 2017-06-06T18:51:54.984375332Z: [    8.629996] fuse init (API version 7.26)
[STDOUT  ] 2017-06-06T18:51:54.98702905Z: [    8.632552] SGI XFS with ACLs, security attributes, no debug enabled
[STDOUT  ] 2017-06-06T18:51:54.990821086Z: [    8.636378] 9p: Installing v9fs 9p2000 file system support
[STDOUT  ] 2017-06-06T18:51:54.991300869Z: [    8.636894] FS-Cache: Netfs '9p' registered for caching
[STDOUT  ] 2017-06-06T18:51:55.024262856Z: [    8.669764] NET: Registered protocol family 38
[STDOUT  ] 2017-06-06T18:51:55.025302661Z: [    8.670940] Key type asymmetric registered
[STDOUT  ] 2017-06-06T18:51:55.025748282Z: [    8.671323] Asymmetric key parser 'x509' registered
[STDOUT  ] 2017-06-06T18:51:55.026828932Z: [    8.672217] Block layer SCSI generic (bsg) driver version 0.4 loaded (major 251)
[STDOUT  ] 2017-06-06T18:51:55.028157294Z: [    8.673789] io scheduler noop registered
[STDOUT  ] 2017-06-06T18:51:55.028669926Z: [    8.674196] io scheduler deadline registered (default)
[STDOUT  ] 2017-06-06T18:51:55.029287897Z: [    8.674919] io scheduler cfq registered
[STDOUT  ] 2017-06-06T18:51:55.032363792Z: [    8.677859] pci_hotplug: PCI Hot Plug PCI Core version: 0.5
[STDOUT  ] 2017-06-06T18:51:55.033034764Z: [    8.678518] pciehp: PCI Express Hot Plug Controller Driver version: 0.4
[STDOUT  ] 2017-06-06T18:51:55.033965143Z: [    8.679431] shpchp: Standard Hot Plug PCI Controller Driver version: 0.4
[STDOUT  ] 2017-06-06T18:51:55.035685367Z: [    8.681295] hv_vmbus: registering driver hyperv_fb
[STDOUT  ] 2017-06-06T18:51:55.039039264Z: [    8.684445] input: Power Button as /devices/LNXSYSTM:00/LNXPWRBN:00/input/input0
[STDOUT  ] 2017-06-06T18:51:55.039965727Z: [    8.685645] ACPI: Power Button [PWRF]
[STDOUT  ] 2017-06-06T18:51:55.045350505Z: [    8.691016] GHES: HEST is not enabled!
[STDOUT  ] 2017-06-06T18:51:55.056805169Z: [    8.702343] ACPI: PCI Interrupt Link [GSIH] enabled at IRQ 23
[STDOUT  ] 2017-06-06T18:51:55.062626072Z: [    8.708157] xenfs: not registering filesystem on non-xen platform
[STDOUT  ] 2017-06-06T18:51:55.064877707Z: [    8.710364] Serial: 8250/16550 driver, 4 ports, IRQ sharing disabled
[STDOUT  ] 2017-06-06T18:51:55.094833042Z: [    8.740205] 00:04: ttyS0 at I/O 0x3f8 (irq = 4, base_baud = 115200) is a 16550A
[STDOUT  ] 2017-06-06T18:51:55.102634622Z: [    8.748262] Initializing Nozomi driver 2.1d
[STDOUT  ] 2017-06-06T18:51:55.1069969Z: [    8.752633] Non-volatile memory driver v1.3
[STDOUT  ] 2017-06-06T18:51:55.113296099Z: [    8.758653] Hangcheck: starting hangcheck timer 0.9.1 (tick is 180 seconds, margin is 60 seconds).
[STDOUT  ] 2017-06-06T18:51:55.118216697Z: [    8.763917] random: fast init done
[STDOUT  ] 2017-06-06T18:51:55.119347831Z: [    8.765056] random: crng init done
[STDOUT  ] 2017-06-06T18:51:55.152971994Z: [    8.798634] loop: module loaded
[STDOUT  ] 2017-06-06T18:51:55.170752057Z: [    8.816358] nbd: registered device at major 43
[STDOUT  ] 2017-06-06T18:51:55.213747963Z: [    8.859212] lpc_ich 0000:00:1f.0: I/O space for GPIO uninitialized
[STDOUT  ] 2017-06-06T18:51:55.215786314Z: [    8.861348] VMware PVSCSI driver - version 1.0.7.0-k
[STDOUT  ] 2017-06-06T18:51:55.216584507Z: [    8.862139] hv_vmbus: registering driver hv_storvsc
[STDOUT  ] 2017-06-06T18:51:55.227764526Z: [    8.873228] ACPI: PCI Interrupt Link [GSIA] enabled at IRQ 16
[STDOUT  ] 2017-06-06T18:51:55.24004605Z: [    8.885548] ahci 0000:00:1f.2: AHCI 0001.0000 32 slots 6 ports 1.5 Gbps 0x3f impl SATA mode
[STDOUT  ] 2017-06-06T18:51:55.240457609Z: [    8.886147] ahci 0000:00:1f.2: flags: ncq only 
[STDOUT  ] 2017-06-06T18:51:55.261092809Z: [    8.906782] scsi host0: ahci
[STDOUT  ] 2017-06-06T18:51:55.265107394Z: [    8.910843] scsi host1: ahci
[STDOUT  ] 2017-06-06T18:51:55.267382546Z: [    8.913143] scsi host2: ahci
[STDOUT  ] 2017-06-06T18:51:55.269725017Z: [    8.915468] scsi host3: ahci
[STDOUT  ] 2017-06-06T18:51:55.271934107Z: [    8.917676] scsi host4: ahci
[STDOUT  ] 2017-06-06T18:51:55.274099481Z: [    8.919854] scsi host5: ahci
[STDOUT  ] 2017-06-06T18:51:55.276318658Z: [    8.921723] ata1: SATA max UDMA/133 abar m4096@0xfebf1000 port 0xfebf1100 irq 24
[STDOUT  ] 2017-06-06T18:51:55.276710541Z: [    8.922233] ata2: SATA max UDMA/133 abar m4096@0xfebf1000 port 0xfebf1180 irq 24
[STDOUT  ] 2017-06-06T18:51:55.277142321Z: [    8.922653] ata3: SATA max UDMA/133 abar m4096@0xfebf1000 port 0xfebf1200 irq 24
[STDOUT  ] 2017-06-06T18:51:55.27759873Z: [    8.923098] ata4: SATA max UDMA/133 abar m4096@0xfebf1000 port 0xfebf1280 irq 24
[STDOUT  ] 2017-06-06T18:51:55.278012085Z: [    8.923551] ata5: SATA max UDMA/133 abar m4096@0xfebf1000 port 0xfebf1300 irq 24
[STDOUT  ] 2017-06-06T18:51:55.278456482Z: [    8.923979] ata6: SATA max UDMA/133 abar m4096@0xfebf1000 port 0xfebf1380 irq 24
[STDOUT  ] 2017-06-06T18:51:55.287646382Z: [    8.933135] Ethernet Channel Bonding Driver: v3.7.1 (April 27, 2011)
[STDOUT  ] 2017-06-06T18:51:55.306372115Z: [    8.951987] tun: Universal TUN/TAP device driver, 1.6
[STDOUT  ] 2017-06-06T18:51:55.306725733Z: [    8.952318] tun: (C) 1999-2004 Max Krasnyansky <maxk@qualcomm.com>
[STDOUT  ] 2017-06-06T18:51:55.308398693Z: [    8.954042] ena: Elastic Network Adapter (ENA) v1.0.2
[STDOUT  ] 2017-06-06T18:51:55.309746522Z: [    8.955297] e1000: Intel(R) PRO/1000 Network Driver - version 7.3.21-k8-NAPI
[STDOUT  ] 2017-06-06T18:51:55.31007893Z: [    8.955696] e1000: Copyright (c) 1999-2006 Intel Corporation.
[STDOUT  ] 2017-06-06T18:51:55.31854402Z: [    8.964154] ACPI: PCI Interrupt Link [GSIG] enabled at IRQ 22
[STDOUT  ] 2017-06-06T18:51:55.611376625Z: [    9.256821] ata2: SATA link up 1.5 Gbps (SStatus 113 SControl 300)
[STDOUT  ] 2017-06-06T18:51:55.6145479Z: [    9.260035] ata1: SATA link up 1.5 Gbps (SStatus 113 SControl 300)
[STDOUT  ] 2017-06-06T18:51:55.616724516Z: [    9.262349] ata1.00: ATA-7: QEMU HARDDISK, 2.5+, max UDMA/100
[STDOUT  ] 2017-06-06T18:51:55.617144272Z: [    9.262727] ata1.00: 409600 sectors, multi 16: LBA48 NCQ (depth 31/32)
[STDOUT  ] 2017-06-06T18:51:55.617557552Z: [    9.263238] ata1.00: applying bridge limits
[STDOUT  ] 2017-06-06T18:51:55.61943359Z: [    9.265054] ata1.00: configured for UDMA/100
[STDOUT  ] 2017-06-06T18:51:55.620693015Z: [    9.266318] ata5: SATA link down (SStatus 0 SControl 300)
[STDOUT  ] 2017-06-06T18:51:55.621368865Z: [    9.266816] ata4: SATA link down (SStatus 0 SControl 300)
[STDOUT  ] 2017-06-06T18:51:55.622594942Z: [    9.268167] ata3: SATA link up 1.5 Gbps (SStatus 113 SControl 300)
[STDOUT  ] 2017-06-06T18:51:55.623261419Z: [    9.268878] ata3.00: ATAPI: QEMU DVD-ROM, 2.5+, max UDMA/100
[STDOUT  ] 2017-06-06T18:51:55.623563266Z: [    9.269272] ata3.00: applying bridge limits
[STDOUT  ] 2017-06-06T18:51:55.624105339Z: [    9.269786] ata3.00: configured for UDMA/100
[STDOUT  ] 2017-06-06T18:51:55.627344386Z: [    9.272958] ata6: SATA link down (SStatus 0 SControl 300)
[STDOUT  ] 2017-06-06T18:51:55.629049743Z: [    9.274632] ata2.00: ATA-7: QEMU HARDDISK, 2.5+, max UDMA/100
[STDOUT  ] 2017-06-06T18:51:55.629417838Z: [    9.274984] ata2.00: 72820 sectors, multi 16: LBA48 NCQ (depth 31/32)
[STDOUT  ] 2017-06-06T18:51:55.629680534Z: [    9.275382] ata2.00: applying bridge limits
[STDOUT  ] 2017-06-06T18:51:55.630290834Z: [    9.275896] ata2.00: configured for UDMA/100
[STDOUT  ] 2017-06-06T18:51:55.63996551Z: [    9.285435] scsi 0:0:0:0: Direct-Access     ATA      QEMU HARDDISK    2.5+ PQ: 0 ANSI: 5
[STDOUT  ] 2017-06-06T18:51:55.646846579Z: [    9.292516] sd 0:0:0:0: Attached scsi generic sg0 type 0
[STDOUT  ] 2017-06-06T18:51:55.650113356Z: [    9.295650] sd 0:0:0:0: [sda] 409600 512-byte logical blocks: (210 MB/200 MiB)
[STDOUT  ] 2017-06-06T18:51:55.65434102Z: [    9.299929] sd 0:0:0:0: [sda] Write Protect is off
[STDOUT  ] 2017-06-06T18:51:55.656319944Z: [    9.301791] scsi 1:0:0:0: Direct-Access     ATA      QEMU HARDDISK    2.5+ PQ: 0 ANSI: 5
[STDOUT  ] 2017-06-06T18:51:55.659670129Z: [    9.305210] sd 1:0:0:0: [sdb] 72820 512-byte logical blocks: (37.3 MB/35.6 MiB)
[STDOUT  ] 2017-06-06T18:51:55.662043292Z: [    9.307467] sd 0:0:0:0: [sda] Write cache: enabled, read cache: enabled, doesn't support DPO or FUA
[STDOUT  ] 2017-06-06T18:51:55.662713791Z: [    9.308372] sd 1:0:0:0: [sdb] Write Protect is off
[STDOUT  ] 2017-06-06T18:51:55.664663539Z: [    9.310072] sd 1:0:0:0: [sdb] Write cache: enabled, read cache: enabled, doesn't support DPO or FUA
[STDOUT  ] 2017-06-06T18:51:55.665600607Z: [    9.311275] sd 1:0:0:0: Attached scsi generic sg1 type 0
[STDOUT  ] 2017-06-06T18:51:55.674856252Z: [    9.320144] scsi 2:0:0:0: CD-ROM            QEMU     QEMU DVD-ROM     2.5+ PQ: 0 ANSI: 5
[STDOUT  ] 2017-06-06T18:51:55.697561197Z: [    9.343059] sr 2:0:0:0: [sr0] scsi3-mmc drive: 4x/4x cd/rw xa/form2 tray
[STDOUT  ] 2017-06-06T18:51:55.698018394Z: [    9.343675] cdrom: Uniform CD-ROM driver Revision: 3.20
[STDOUT  ] 2017-06-06T18:51:55.721789544Z: [    9.367346] e1000 0000:00:02.0 eth0: (PCI:33MHz:32-bit) 52:54:00:12:34:56
[STDOUT  ] 2017-06-06T18:51:55.722296045Z: [    9.367854] e1000 0000:00:02.0 eth0: Intel(R) PRO/1000 Network Connection
[STDOUT  ] 2017-06-06T18:51:55.723069201Z: [    9.368685] e1000e: Intel(R) PRO/1000 Network Driver - 3.2.6-k
[STDOUT  ] 2017-06-06T18:51:55.723402337Z: [    9.369018] e1000e: Copyright(c) 1999 - 2015 Intel Corporation.
[STDOUT  ] 2017-06-06T18:51:55.72424646Z: [    9.369737] igb: Intel(R) Gigabit Ethernet Network Driver - version 5.4.0-k
[STDOUT  ] 2017-06-06T18:51:55.724760046Z: [    9.370142] igb: Copyright (c) 2007-2014 Intel Corporation.
[STDOUT  ] 2017-06-06T18:51:55.727250338Z: [    9.372868] sr 2:0:0:0: Attached scsi generic sg2 type 5
[STDOUT  ] 2017-06-06T18:51:55.729471641Z: [    9.375097] sd 1:0:0:0: [sdb] Attached SCSI disk
[STDOUT  ] 2017-06-06T18:51:55.730796544Z: [    9.376440] sd 0:0:0:0: [sda] Attached SCSI disk
[STDOUT  ] 2017-06-06T18:51:55.732148137Z: [    9.377666] igbvf: Intel(R) Gigabit Virtual Function Network Driver - version 2.4.0-k
[STDOUT  ] 2017-06-06T18:51:55.732514959Z: [    9.378112] igbvf: Copyright (c) 2009 - 2012 Intel Corporation.
[STDOUT  ] 2017-06-06T18:51:55.733262324Z: [    9.378783] ixgbe: Intel(R) 10 Gigabit PCI Express Network Driver - version 4.4.0-k
[STDOUT  ] 2017-06-06T18:51:55.733606511Z: [    9.379227] ixgbe: Copyright (c) 1999-2016 Intel Corporation.
[STDOUT  ] 2017-06-06T18:51:55.735411699Z: [    9.380855] ixgbevf: Intel(R) 10 Gigabit PCI Express Virtual Function Network Driver - version 3.2.2-k
[STDOUT  ] 2017-06-06T18:51:55.73577959Z: [    9.381384] ixgbevf: Copyright (c) 2009 - 2015 Intel Corporation.
[STDOUT  ] 2017-06-06T18:51:55.737053947Z: [    9.382575] ixgb: Intel(R) PRO/10GbE Network Driver - version 1.0.135-k2-NAPI
[STDOUT  ] 2017-06-06T18:51:55.737393402Z: [    9.383006] ixgb: Copyright (c) 1999-2008 Intel Corporation.
[STDOUT  ] 2017-06-06T18:51:55.738273611Z: [    9.383952] PPP generic driver version 2.4.2
[STDOUT  ] 2017-06-06T18:51:55.739594191Z: [    9.385242] PPP BSD Compression module registered
[STDOUT  ] 2017-06-06T18:51:55.739946119Z: [    9.385595] PPP Deflate Compression module registered
[STDOUT  ] 2017-06-06T18:51:55.740436873Z: [    9.386098] PPP MPPE Compression module registered
[STDOUT  ] 2017-06-06T18:51:55.740749883Z: [    9.386428] NET: Registered protocol family 24
[STDOUT  ] 2017-06-06T18:51:55.741239587Z: [    9.386946] PPTP driver version 0.8.5
[STDOUT  ] 2017-06-06T18:51:55.742539566Z: [    9.388093] VMware vmxnet3 virtual NIC driver - version 1.4.a.0-k-NAPI
[STDOUT  ] 2017-06-06T18:51:55.743300566Z: [    9.388860] hv_vmbus: registering driver hv_netvsc
[STDOUT  ] 2017-06-06T18:51:55.743427925Z: [    9.389165] Fusion MPT base driver 3.04.20
[STDOUT  ] 2017-06-06T18:51:55.743717706Z: [    9.389380] Copyright (c) 1999-2008 LSI Corporation
[STDOUT  ] 2017-06-06T18:51:55.744331111Z: [    9.389964] Fusion MPT SPI Host driver 3.04.20
[STDOUT  ] 2017-06-06T18:51:55.750265302Z: [    9.395936] aoe: AoE v85 initialised.
[STDOUT  ] 2017-06-06T18:51:55.752261177Z: [    9.397759] i8042: PNP: PS/2 Controller [PNP0303:KBD,PNP0f13:MOU] at 0x60,0x64 irq 1,12
[STDOUT  ] 2017-06-06T18:51:55.756875386Z: [    9.402497] serio: i8042 KBD port at 0x60,0x64 irq 1
[STDOUT  ] 2017-06-06T18:51:55.757482592Z: [    9.403054] serio: i8042 AUX port at 0x60,0x64 irq 12
[STDOUT  ] 2017-06-06T18:51:55.760373829Z: [    9.405966] hv_vmbus: registering driver hyperv_keyboard
[STDOUT  ] 2017-06-06T18:51:55.762296658Z: [    9.407920] mousedev: PS/2 mouse device common for all mice
[STDOUT  ] 2017-06-06T18:51:55.767294835Z: [    9.412833] input: AT Translated Set 2 keyboard as /devices/platform/i8042/serio0/input/input1
[STDOUT  ] 2017-06-06T18:51:55.769848904Z: [    9.415398] input: PC Speaker as /devices/platform/pcspkr/input/input2
[STDOUT  ] 2017-06-06T18:51:55.773072655Z: [    9.418721] rtc_cmos 00:00: RTC can wake from S4
[STDOUT  ] 2017-06-06T18:51:55.776627844Z: [    9.422195] rtc_cmos 00:00: rtc core: registered rtc_cmos as rtc0
[STDOUT  ] 2017-06-06T18:51:55.777947677Z: [    9.423446] rtc_cmos 00:00: alarms up to one day, y3k, 114 bytes nvram, hpet irqs
[STDOUT  ] 2017-06-06T18:51:55.778376166Z: [    9.424090] i2c /dev entries driver
[STDOUT  ] 2017-06-06T18:51:55.78026411Z: [    9.425719] device-mapper: ioctl: 4.35.0-ioctl (2016-06-23) initialised: dm-devel@redhat.com
[STDOUT  ] 2017-06-06T18:51:55.784472436Z: [    9.429998] hv_utils: Registering HyperV Utility Driver
[STDOUT  ] 2017-06-06T18:51:55.784896207Z: [    9.430566] hv_vmbus: registering driver hv_util
[STDOUT  ] 2017-06-06T18:51:55.785191513Z: [    9.430860] hv_vmbus: registering driver hv_balloon
[STDOUT  ] 2017-06-06T18:51:55.785732626Z: [    9.431426] oprofile: using NMI interrupt.
[STDOUT  ] 2017-06-06T18:51:55.786635727Z: [    9.432367] GACT probability on
[STDOUT  ] 2017-06-06T18:51:55.7870397Z: [    9.432769] Mirror/redirect action on
[STDOUT  ] 2017-06-06T18:51:55.787970836Z: [    9.433680] Simple TC action Loaded
[STDOUT  ] 2017-06-06T18:51:55.790916757Z: [    9.436651] netem: version 1.3
[STDOUT  ] 2017-06-06T18:51:55.791126326Z: [    9.436901] u32 classifier
[STDOUT  ] 2017-06-06T18:51:55.791364518Z: [    9.437086]     Performance counters on
[STDOUT  ] 2017-06-06T18:51:55.791598464Z: [    9.437324]     input device check on
[STDOUT  ] 2017-06-06T18:51:55.791830915Z: [    9.437551]     Actions configured
[STDOUT  ] 2017-06-06T18:51:55.79257595Z: [    9.438090] Netfilter messages via NETLINK v0.30.
[STDOUT  ] 2017-06-06T18:51:55.793063528Z: [    9.438638] nfnl_acct: registering with nfnetlink.
[STDOUT  ] 2017-06-06T18:51:55.794591032Z: [    9.440074] nf_conntrack version 0.5.0 (8192 buckets, 32768 max)
[STDOUT  ] 2017-06-06T18:51:55.797841459Z: [    9.443452] ctnetlink v0.93: registering with nfnetlink.
[STDOUT  ] 2017-06-06T18:51:55.804027902Z: [    9.449557] nf_tables: (c) 2007-2009 Patrick McHardy <kaber@trash.net>
[STDOUT  ] 2017-06-06T18:51:55.805284245Z: [    9.450793] nf_tables_compat: (c) 2012 Pablo Neira Ayuso <pablo@netfilter.org>
[STDOUT  ] 2017-06-06T18:51:55.807337971Z: [    9.452998] xt_time: kernel timezone is -0000
[STDOUT  ] 2017-06-06T18:51:55.807813306Z: [    9.453544] ip_set: protocol 6
[STDOUT  ] 2017-06-06T18:51:55.808581875Z: [    9.454137] IPVS: Registered protocols (TCP, UDP, SCTP, AH, ESP)
[STDOUT  ] 2017-06-06T18:51:55.809215815Z: [    9.454736] IPVS: Connection hash table configured (size=4096, memory=64Kbytes)
[STDOUT  ] 2017-06-06T18:51:55.81065899Z: [    9.456320] IPVS: Creating netns size=2104 id=0
[STDOUT  ] 2017-06-06T18:51:55.813113843Z: [    9.458840] IPVS: ipvs loaded.
[STDOUT  ] 2017-06-06T18:51:55.813472027Z: [    9.459155] IPVS: [rr] scheduler registered.
[STDOUT  ] 2017-06-06T18:51:55.813786364Z: [    9.459464] IPVS: [wrr] scheduler registered.
[STDOUT  ] 2017-06-06T18:51:55.814057136Z: [    9.459741] IPVS: [lc] scheduler registered.
[STDOUT  ] 2017-06-06T18:51:55.814378623Z: [    9.460010] IPVS: [wlc] scheduler registered.
[STDOUT  ] 2017-06-06T18:51:55.814983526Z: [    9.460663] IPVS: [fo] scheduler registered.
[STDOUT  ] 2017-06-06T18:51:55.815254235Z: [    9.460940] IPVS: [ovf] scheduler registered.
[STDOUT  ] 2017-06-06T18:51:55.815633763Z: [    9.461316] IPVS: [lblc] scheduler registered.
[STDOUT  ] 2017-06-06T18:51:55.816011886Z: [    9.461687] IPVS: [lblcr] scheduler registered.
[STDOUT  ] 2017-06-06T18:51:55.81629041Z: [    9.461980] IPVS: [dh] scheduler registered.
[STDOUT  ] 2017-06-06T18:51:55.816568164Z: [    9.462247] IPVS: [sh] scheduler registered.
[STDOUT  ] 2017-06-06T18:51:55.816835327Z: [    9.462511] IPVS: [sed] scheduler registered.
[STDOUT  ] 2017-06-06T18:51:55.817091982Z: [    9.462790] IPVS: [nq] scheduler registered.
[STDOUT  ] 2017-06-06T18:51:55.817826672Z: [    9.463459] IPVS: ftp: loaded support on port[0] = 21
[STDOUT  ] 2017-06-06T18:51:55.818558114Z: [    9.464194] ipip: IPv4 and MPLS over IPv4 tunneling driver
[STDOUT  ] 2017-06-06T18:51:55.822251611Z: [    9.467887] gre: GRE over IPv4 demultiplexor driver
[STDOUT  ] 2017-06-06T18:51:55.822555762Z: [    9.468221] ip_gre: GRE over IPv4 tunneling driver
[STDOUT  ] 2017-06-06T18:51:55.82794894Z: [    9.473613] IPv4 over IPsec tunneling driver
[STDOUT  ] 2017-06-06T18:51:55.833414217Z: [    9.479035] ip_tables: (C) 2000-2006 Netfilter Core Team
[STDOUT  ] 2017-06-06T18:51:55.837543241Z: [    9.483097] ipt_CLUSTERIP: ClusterIP Version 0.8 loaded successfully
[STDOUT  ] 2017-06-06T18:51:55.838142332Z: [    9.483742] arp_tables: arp_tables: (C) 2002 David S. Miller
[STDOUT  ] 2017-06-06T18:51:55.839806718Z: [    9.485472] Initializing XFRM netlink socket
[STDOUT  ] 2017-06-06T18:51:55.840693605Z: [    9.486389] NET: Registered protocol family 10
[STDOUT  ] 2017-06-06T18:51:55.852148504Z: [    9.497867] mip6: Mobile IPv6
[STDOUT  ] 2017-06-06T18:51:55.853226326Z: [    9.498797] ip6_tables: (C) 2000-2006 Netfilter Core Team
[STDOUT  ] 2017-06-06T18:51:55.860860418Z: [    9.506371] sit: IPv6, IPv4 and MPLS over IPv4 tunneling driver
[STDOUT  ] 2017-06-06T18:51:55.868090419Z: [    9.513672] ip6_gre: GRE over IPv6 tunneling driver
[STDOUT  ] 2017-06-06T18:51:55.871682018Z: [    9.517301] NET: Registered protocol family 17
[STDOUT  ] 2017-06-06T18:51:55.872278894Z: [    9.517926] NET: Registered protocol family 15
[STDOUT  ] 2017-06-06T18:51:55.87318445Z: [    9.518820] Bridge firewalling registered
[STDOUT  ] 2017-06-06T18:51:55.873759995Z: [    9.519460] Ebtables v2.0 registered
[STDOUT  ] 2017-06-06T18:51:55.877072309Z: [    9.522695] l2tp_core: L2TP core driver, V2.0
[STDOUT  ] 2017-06-06T18:51:55.877689365Z: [    9.523162] l2tp_ppp: PPPoL2TP kernel driver, V2.0
[STDOUT  ] 2017-06-06T18:51:55.87802896Z: [    9.523688] 8021q: 802.1Q VLAN Support v1.8
[STDOUT  ] 2017-06-06T18:51:55.879427113Z: [    9.525079] 9pnet: Installing 9P2000 support
[STDOUT  ] 2017-06-06T18:51:55.880185591Z: [    9.525838] Key type dns_resolver registered
[STDOUT  ] 2017-06-06T18:51:55.880623686Z: [    9.526212] openvswitch: Open vSwitch switching datapath
[STDOUT  ] 2017-06-06T18:51:55.882474926Z: [    9.528142] mpls_gso: MPLS GSO support
[STDOUT  ] 2017-06-06T18:51:55.883060922Z: [    9.528654] microcode: AMD CPU family 0x6 not supported
[STDOUT  ] 2017-06-06T18:51:55.886862059Z: [    9.532505] registered taskstats version 1
[STDOUT  ] 2017-06-06T18:51:55.960267593Z: [    9.605330] tsc: Refined TSC clocksource calibration: 2300.042 MHz
[STDOUT  ] 2017-06-06T18:51:55.961647232Z: [    9.606414] clocksource: tsc: mask: 0xffffffffffffffff max_cycles: 0x21275cd9627, max_idle_ns: 440795323243 ns
[STDOUT  ] 2017-06-06T18:51:56.108765413Z: [    9.754312] Key type big_key registered
[STDOUT  ] 2017-06-06T18:51:56.153115899Z: [    9.798436] Key type encrypted registered
[STDOUT  ] 2017-06-06T18:51:56.161840855Z: [    9.806851] rtc_cmos 00:00: setting system clock to 2017-06-06 18:51:55 UTC (1496775115)
[STDOUT  ] 2017-06-06T18:51:56.317761117Z: [    9.963012] Freeing unused kernel memory: 1456K (ffffffffbdf90000 - ffffffffbe0fc000)
[STDOUT  ] 2017-06-06T18:51:56.318287508Z: [    9.963812] Write protecting the kernel read-only data: 14336k
[STDOUT  ] 2017-06-06T18:51:56.328791186Z: [    9.974195] Freeing unused kernel memory: 816K (ffff8b33de934000 - ffff8b33dea00000)
[STDOUT  ] 2017-06-06T18:51:56.394508186Z: [   10.039801] Freeing unused kernel memory: 1012K (ffff8b33ded03000 - ffff8b33dee00000)
[STDOUT  ] 2017-06-06T18:51:56.975231613Z: [   10.620715] clocksource: Switched to clocksource tsc
[STDOUT  ] 2017-06-06T18:52:03.007577506Z: 
[STDOUT  ] 2017-06-06T18:52:03.008140759Z: Welcome to LinuxKit
[STDOUT  ] 2017-06-06T18:52:03.008232189Z: 
[STDOUT  ] 2017-06-06T18:52:03.008582557Z:                         ##         .
[STDOUT  ] 2017-06-06T18:52:03.008954643Z:                   ## ## ##        ==
[STDOUT  ] 2017-06-06T18:52:03.009314294Z:                ## ## ## ## ##    ===
[STDOUT  ] 2017-06-06T18:52:03.009671725Z:            /"""""""""""""""""\___/ ===
[STDOUT  ] 2017-06-06T18:52:03.010088149Z:       ~~~ {~~ ~~~~ ~~~ ~~~~ ~~~ ~ /  ===- ~~~
[STDOUT  ] 2017-06-06T18:52:03.010435192Z:            \______ o           __/
[STDOUT  ] 2017-06-06T18:52:03.010745591Z:              \    \         __/
[STDOUT  ] 2017-06-06T18:52:03.011039416Z:               \____\_______/
[STDOUT  ] 2017-06-06T18:52:03.011114369Z: 
[STDOUT  ] 2017-06-06T18:52:03.016012309Z: 
[STDOUT  ] 2017-06-06T18:52:03.02878875Z: 
[STDOUT  ] 2017-06-06T18:52:03.029383947Z: Starting containerd
[STDOUT  ] 2017-06-06T18:52:03.531694533Z: / # [6n[34mINFO[0m[0000] starting containerd boot...                   [34mmodule[0m=containerd
[STDOUT  ] 2017-06-06T18:52:03.542796086Z: [34mINFO[0m[0000] starting debug API...                         [34mdebug[0m="/run/containerd/debug.sock" [34mmodule[0m=containerd
[STDOUT  ] 2017-06-06T18:52:03.543920329Z: [34mINFO[0m[0000] loading monitor plugin "cgroups"...           [34mmodule[0m=containerd
[STDOUT  ] 2017-06-06T18:52:03.561139106Z: [34mINFO[0m[0000] loading runtime plugin "linux"...             [34mmodule[0m=containerd
[STDOUT  ] 2017-06-06T18:52:03.620985823Z: [34mINFO[0m[0000] loading snapshot plugin "snapshot-overlay"...  [34mmodule[0m=containerd
[STDOUT  ] 2017-06-06T18:52:03.627327456Z: [34mINFO[0m[0000] loading grpc service plugin "containers-grpc"...  [34mmodule[0m=containerd
[STDOUT  ] 2017-06-06T18:52:03.628980984Z: [34mINFO[0m[0000] loading grpc service plugin "content-grpc"...  [34mmodule[0m=containerd
[STDOUT  ] 2017-06-06T18:52:03.630047735Z: [34mINFO[0m[0000] loading grpc service plugin "metrics-grpc"...  [34mmodule[0m=containerd
[STDOUT  ] 2017-06-06T18:52:03.631082696Z: [34mINFO[0m[0000] loading grpc service plugin "snapshots-grpc"...  [34mmodule[0m=containerd
[STDOUT  ] 2017-06-06T18:52:03.632233274Z: [34mINFO[0m[0000] loading grpc service plugin "version-grpc"...  [34mmodule[0m=containerd
[STDOUT  ] 2017-06-06T18:52:03.633313459Z: [34mINFO[0m[0000] loading grpc service plugin "diff-grpc"...    [34mmodule[0m=containerd
[STDOUT  ] 2017-06-06T18:52:03.634697854Z: [34mINFO[0m[0000] loading grpc service plugin "tasks-grpc"...   [34mmodule[0m=containerd
[STDOUT  ] 2017-06-06T18:52:03.636577709Z: [34mINFO[0m[0000] loading grpc service plugin "healthcheck-grpc"...  [34mmodule[0m=containerd
[STDOUT  ] 2017-06-06T18:52:03.637671616Z: [34mINFO[0m[0000] loading grpc service plugin "images-grpc"...  [34mmodule[0m=containerd
[STDOUT  ] 2017-06-06T18:52:03.657308021Z: [34mINFO[0m[0000] starting GRPC API server...                   [34mmodule[0m=containerd
[STDOUT  ] 2017-06-06T18:52:03.659823484Z: [34mINFO[0m[0000] starting metrics API...                       [34mmetrics[0m=":13337" [34mmodule[0m=containerd
[STDOUT  ] 2017-06-06T18:52:03.672100286Z: [34mINFO[0m[0000] containerd successfully booted in 0.142246s   [34mmodule[0m=containerd
[STDOUT  ] 2017-06-06T18:52:06.361956829Z: [   20.007668]  sda:
[STDOUT  ] 2017-06-06T18:52:06.416018845Z: [   20.061690]  sda:
[STDOUT  ] 2017-06-06T18:52:06.445250422Z: [   20.090918]  sda: sda1
[STDOUT  ] 2017-06-06T18:52:06.502944184Z: [   20.148544]  sda: sda1
[STDERR  ] 2017-06-06T18:52:30.412593671Z: main-loop: WARNING: I/O thread spun for 1000 iterations
[STDOUT  ] 2017-06-06T18:52:30.550577765Z: [   44.195914] EXT4-fs (sda1): couldn't mount as ext3 due to feature incompatibilities
[STDOUT  ] 2017-06-06T18:52:30.557161564Z: [   44.202549] EXT4-fs (sda1): couldn't mount as ext2 due to feature incompatibilities
[STDOUT  ] 2017-06-06T18:52:30.578980966Z: [   44.224392] EXT4-fs (sda1): mounted filesystem with ordered data mode. Opts: (null)
[STDOUT  ] 2017-06-06T18:52:32.413321765Z: /mnt is device /dev/sda1
[STDOUT  ] 2017-06-06T18:52:32.462387118Z: [   46.107832] extlinux: sending ioctl 4c05 to a partition!
[STDOUT  ] 2017-06-06T18:52:32.462873853Z: [   46.108385] extlinux: sending ioctl 4c03 to a partition!
[STDOUT  ] 2017-06-06T18:52:33.5970081Z: [   47.242384] umount: sending ioctl 4c01 to a partition!
[STDOUT  ] 2017-06-06T18:52:33.618379366Z: 1+0 records in
[STDOUT  ] 2017-06-06T18:52:33.61878214Z: 1+0 records out
[STDOUT  ] 2017-06-06T18:52:33.691118048Z: The bootable flag on partition 1 is enabled now.
[STDOUT  ] 2017-06-06T18:52:33.705402477Z: [   47.350943]  sda: sda1
[STDOUT  ] 2017-06-06T18:52:33.716739705Z: 
[STDOUT  ] 2017-06-06T18:52:33.717350372Z: The partition table has been altered.
[STDOUT  ] 2017-06-06T18:52:33.718042378Z: Calling ioctl() to re-read partition table.
[STDOUT  ] 2017-06-06T18:52:33.718336967Z: Syncing disks.
[STDOUT  ] 2017-06-06T18:52:33.832284499Z:  - 000-mkimage
[STDOUT  ] 2017-06-06T18:53:05.446111046Z: [   79.091564] sd 1:0:0:0: [sdb] Synchronizing SCSI cache
[STDOUT  ] 2017-06-06T18:53:05.446929391Z: [   79.092457] sd 1:0:0:0: [sdb] Stopping disk
[STDOUT  ] 2017-06-06T18:53:05.44764199Z: [   79.093146] sd 0:0:0:0: [sda] Synchronizing SCSI cache
[STDOUT  ] 2017-06-06T18:53:05.448129015Z: [   79.093664] sd 0:0:0:0: [sda] Stopping disk
[STDOUT  ] 2017-06-06T18:53:05.461601444Z: [   79.107057] ACPI: Preparing to enter system sleep state S5
[STDOUT  ] 2017-06-06T18:53:05.462597127Z: [   79.108210] reboot: Power down
[STDERR  ] 2017-06-06T18:53:05.62071144Z: + linuxkit run qemu disk.qcow2
[STDERR  ] 2017-06-06T18:53:05.640283311Z: Using existing disk [disk.qcow2] format 
[STDOUT  ] 2017-06-06T18:53:12.365433595Z: [    0.000000] Linux version 4.9.30-linuxkit (root@84baa8e89c00) (gcc version 6.2.1 20160822 (Alpine 6.2.1) ) #1 SMP Tue May 30 11:40:28 UTC 2017
[STDOUT  ] 2017-06-06T18:53:12.366054538Z: [    0.000000] Command line: BOOT_IMAGE=/kernel console=ttyS0 initrd=/initrd.img
[STDOUT  ] 2017-06-06T18:53:12.366360026Z: [    0.000000] x86/fpu: Legacy x87 FPU detected.
[STDOUT  ] 2017-06-06T18:53:12.366784804Z: [    0.000000] x86/fpu: Using 'eager' FPU context switches.
[STDOUT  ] 2017-06-06T18:53:12.367162146Z: [    0.000000] e820: BIOS-provided physical RAM map:
[STDOUT  ] 2017-06-06T18:53:12.36774576Z: [    0.000000] BIOS-e820: [mem 0x0000000000000000-0x000000000009fbff] usable
[STDOUT  ] 2017-06-06T18:53:12.368280422Z: [    0.000000] BIOS-e820: [mem 0x000000000009fc00-0x000000000009ffff] reserved
[STDOUT  ] 2017-06-06T18:53:12.368832041Z: [    0.000000] BIOS-e820: [mem 0x00000000000f0000-0x00000000000fffff] reserved
[STDOUT  ] 2017-06-06T18:53:12.369370338Z: [    0.000000] BIOS-e820: [mem 0x0000000000100000-0x000000003ffdefff] usable
[STDOUT  ] 2017-06-06T18:53:12.369903661Z: [    0.000000] BIOS-e820: [mem 0x000000003ffdf000-0x000000003fffffff] reserved
[STDOUT  ] 2017-06-06T18:53:12.370458251Z: [    0.000000] BIOS-e820: [mem 0x00000000b0000000-0x00000000bfffffff] reserved
[STDOUT  ] 2017-06-06T18:53:12.3710069Z: [    0.000000] BIOS-e820: [mem 0x00000000fed1c000-0x00000000fed1ffff] reserved
[STDOUT  ] 2017-06-06T18:53:12.371577823Z: [    0.000000] BIOS-e820: [mem 0x00000000fffc0000-0x00000000ffffffff] reserved
[STDOUT  ] 2017-06-06T18:53:12.371964727Z: [    0.000000] NX (Execute Disable) protection: active
[STDOUT  ] 2017-06-06T18:53:12.372232284Z: [    0.000000] SMBIOS 2.8 present.
[STDOUT  ] 2017-06-06T18:53:12.372697559Z: [    0.000000] e820: last_pfn = 0x3ffdf max_arch_pfn = 0x400000000
[STDOUT  ] 2017-06-06T18:53:12.37324462Z: [    0.000000] x86/PAT: Configuration [0-7]: WB  WC  UC- UC  WB  WC  UC- WT  
[STDOUT  ] 2017-06-06T18:53:12.373880081Z: [    0.000000] found SMP MP-table at [mem 0x000f6aa0-0x000f6aaf] mapped at [ffff91e7800f6aa0]
[STDOUT  ] 2017-06-06T18:53:12.374246461Z: [    0.000000] RAMDISK: [mem 0x3e385000-0x3ffdefff]
[STDOUT  ] 2017-06-06T18:53:12.374676384Z: [    0.000000] ACPI: Early table checksum verification disabled
[STDOUT  ] 2017-06-06T18:53:12.375095502Z: [    0.000000] ACPI: RSDP 0x00000000000F68C0 000014 (v00 BOCHS )
[STDOUT  ] 2017-06-06T18:53:12.375716514Z: [    0.000000] ACPI: RSDT 0x000000003FFE2404 000034 (v01 BOCHS  BXPCRSDT 00000001 BXPC 00000001)
[STDOUT  ] 2017-06-06T18:53:12.376343383Z: [    0.000000] ACPI: FACP 0x000000003FFE22A4 000074 (v01 BOCHS  BXPCFACP 00000001 BXPC 00000001)
[STDOUT  ] 2017-06-06T18:53:12.376954313Z: [    0.000000] ACPI: DSDT 0x000000003FFE0040 002264 (v01 BOCHS  BXPCDSDT 00000001 BXPC 00000001)
[STDOUT  ] 2017-06-06T18:53:12.377307151Z: [    0.000000] ACPI: FACS 0x000000003FFE0000 000040
[STDOUT  ] 2017-06-06T18:53:12.377958574Z: [    0.000000] ACPI: APIC 0x000000003FFE2318 000078 (v01 BOCHS  BXPCAPIC 00000001 BXPC 00000001)
[STDOUT  ] 2017-06-06T18:53:12.378566546Z: [    0.000000] ACPI: HPET 0x000000003FFE2390 000038 (v01 BOCHS  BXPCHPET 00000001 BXPC 00000001)
[STDOUT  ] 2017-06-06T18:53:12.379189127Z: [    0.000000] ACPI: MCFG 0x000000003FFE23C8 00003C (v01 BOCHS  BXPCMCFG 00000001 BXPC 00000001)
[STDOUT  ] 2017-06-06T18:53:12.379402862Z: [    0.000000] Zone ranges:
[STDOUT  ] 2017-06-06T18:53:12.379849009Z: [    0.000000]   DMA      [mem 0x0000000000001000-0x0000000000ffffff]
[STDOUT  ] 2017-06-06T18:53:12.380294683Z: [    0.000000]   DMA32    [mem 0x0000000001000000-0x000000003ffdefff]
[STDOUT  ] 2017-06-06T18:53:12.380517665Z: [    0.000000]   Normal   empty
[STDOUT  ] 2017-06-06T18:53:12.380833931Z: [    0.000000] Movable zone start for each node
[STDOUT  ] 2017-06-06T18:53:12.381104223Z: [    0.000000] Early memory node ranges
[STDOUT  ] 2017-06-06T18:53:12.381549916Z: [    0.000000]   node   0: [mem 0x0000000000001000-0x000000000009efff]
[STDOUT  ] 2017-06-06T18:53:12.382008424Z: [    0.000000]   node   0: [mem 0x0000000000100000-0x000000003ffdefff]
[STDOUT  ] 2017-06-06T18:53:12.382511684Z: [    0.000000] Initmem setup node 0 [mem 0x0000000000001000-0x000000003ffdefff]
[STDOUT  ] 2017-06-06T18:53:12.382808189Z: [    0.000000] ACPI: PM-Timer IO Port: 0x608
[STDOUT  ] 2017-06-06T18:53:12.383232753Z: [    0.000000] ACPI: LAPIC_NMI (acpi_id[0xff] dfl dfl lint[0x1])
[STDOUT  ] 2017-06-06T18:53:12.383719952Z: [    0.000000] IOAPIC[0]: apic_id 0, version 32, address 0xfec00000, GSI 0-23
[STDOUT  ] 2017-06-06T18:53:12.3841789Z: [    0.000000] ACPI: INT_SRC_OVR (bus 0 bus_irq 0 global_irq 2 dfl dfl)
[STDOUT  ] 2017-06-06T18:53:12.384680977Z: [    0.000000] ACPI: INT_SRC_OVR (bus 0 bus_irq 5 global_irq 5 high level)
[STDOUT  ] 2017-06-06T18:53:12.385156892Z: [    0.000000] ACPI: INT_SRC_OVR (bus 0 bus_irq 9 global_irq 9 high level)
[STDOUT  ] 2017-06-06T18:53:12.385642984Z: [    0.000000] ACPI: INT_SRC_OVR (bus 0 bus_irq 10 global_irq 10 high level)
[STDOUT  ] 2017-06-06T18:53:12.386217625Z: [    0.000000] ACPI: INT_SRC_OVR (bus 0 bus_irq 11 global_irq 11 high level)
[STDOUT  ] 2017-06-06T18:53:12.386656976Z: [    0.000000] Using ACPI (MADT) for SMP configuration information
[STDOUT  ] 2017-06-06T18:53:12.387035278Z: [    0.000000] ACPI: HPET id: 0x8086a201 base: 0xfed00000
[STDOUT  ] 2017-06-06T18:53:12.387425946Z: [    0.000000] smpboot: Allowing 1 CPUs, 0 hotplug CPUs
[STDOUT  ] 2017-06-06T18:53:12.387913336Z: [    0.000000] e820: [mem 0x40000000-0xafffffff] available for PCI devices
[STDOUT  ] 2017-06-06T18:53:12.388318836Z: [    0.000000] Booting paravirtualized kernel on bare hardware
[STDOUT  ] 2017-06-06T18:53:12.389051405Z: [    0.000000] clocksource: refined-jiffies: mask: 0xffffffff max_cycles: 0xffffffff, max_idle_ns: 19112604462750000 ns
[STDOUT  ] 2017-06-06T18:53:12.389608847Z: [    0.000000] setup_percpu: NR_CPUS:128 nr_cpumask_bits:128 nr_cpu_ids:1 nr_node_ids:1
[STDOUT  ] 2017-06-06T18:53:12.390192692Z: [    0.000000] percpu: Embedded 35 pages/cpu @ffff91e7be000000 s105240 r8192 d29928 u2097152
[STDOUT  ] 2017-06-06T18:53:12.390765511Z: [    0.000000] Built 1 zonelists in Zone order, mobility grouping on.  Total pages: 257896
[STDOUT  ] 2017-06-06T18:53:12.391317454Z: [    0.000000] Kernel command line: BOOT_IMAGE=/kernel console=ttyS0 initrd=/initrd.img
[STDOUT  ] 2017-06-06T18:53:12.391744876Z: [    0.000000] PID hash table entries: 4096 (order: 3, 32768 bytes)
[STDOUT  ] 2017-06-06T18:53:12.392253443Z: [    0.000000] Dentry cache hash table entries: 131072 (order: 8, 1048576 bytes)
[STDOUT  ] 2017-06-06T18:53:12.392887001Z: [    0.000000] Inode-cache hash table entries: 65536 (order: 7, 524288 bytes)
[STDOUT  ] 2017-06-06T18:53:12.393821557Z: [    0.000000] Memory: 982748K/1048052K available (9409K kernel code, 1593K rwdata, 3084K rodata, 1456K init, 604K bss, 65304K reserved, 0K cma-reserved)
[STDOUT  ] 2017-06-06T18:53:12.394164257Z: [    0.000000] Hierarchical RCU implementation.
[STDOUT  ] 2017-06-06T18:53:12.39455854Z: [    0.000000] 	Build-time adjustment of leaf fanout to 64.
[STDOUT  ] 2017-06-06T18:53:12.395027235Z: [    0.000000] 	RCU restricting CPUs from NR_CPUS=128 to nr_cpu_ids=1.
[STDOUT  ] 2017-06-06T18:53:12.395507197Z: [    0.000000] RCU: Adjusting geometry for rcu_fanout_leaf=64, nr_cpu_ids=1
[STDOUT  ] 2017-06-06T18:53:12.395794343Z: [    0.000000] NR_IRQS:8448 nr_irqs:256 16
[STDOUT  ] 2017-06-06T18:53:12.396075331Z: [    0.000000] Console: colour VGA+ 80x25
[STDOUT  ] 2017-06-06T18:53:12.396447324Z: [    0.000000] console [ttyS0] enabled
[STDOUT  ] 2017-06-06T18:53:12.400123732Z: [    0.000000] clocksource: hpet: mask: 0xffffffff max_cycles: 0xffffffff, max_idle_ns: 19112604467 ns
[STDOUT  ] 2017-06-06T18:53:12.428239279Z: [    0.000000] tsc: Fast TSC calibration failed
[STDOUT  ] 2017-06-06T18:53:12.499501735Z: [    0.000000] tsc: Unable to calibrate against PIT
[STDOUT  ] 2017-06-06T18:53:12.499957993Z: [    0.000000] tsc: using HPET reference calibration
[STDOUT  ] 2017-06-06T18:53:12.500485375Z: [    0.000000] tsc: Detected 2300.137 MHz processor
[STDOUT  ] 2017-06-06T18:53:12.503909011Z: [    0.062190] Calibrating delay loop (skipped), value calculated using timer frequency.. 4600.27 BogoMIPS (lpj=23001370)
[STDOUT  ] 2017-06-06T18:53:12.504423331Z: [    0.063374] pid_max: default: 32768 minimum: 301
[STDOUT  ] 2017-06-06T18:53:12.505420647Z: [    0.064422] ACPI: Core revision 20160831
[STDOUT  ] 2017-06-06T18:53:12.550207794Z: [    0.108087] ACPI: 1 ACPI AML tables successfully acquired and loaded
[STDOUT  ] 2017-06-06T18:53:12.553733624Z: [    0.111855] Security Framework initialized
[STDOUT  ] 2017-06-06T18:53:12.554122476Z: [    0.112308] Yama: becoming mindful.
[STDOUT  ] 2017-06-06T18:53:12.556502107Z: [    0.114441] Mount-cache hash table entries: 2048 (order: 2, 16384 bytes)
[STDOUT  ] 2017-06-06T18:53:12.557139633Z: [    0.115052] Mountpoint-cache hash table entries: 2048 (order: 2, 16384 bytes)
[STDOUT  ] 2017-06-06T18:53:12.576408779Z: [    0.134417] Last level iTLB entries: 4KB 0, 2MB 0, 4MB 0
[STDOUT  ] 2017-06-06T18:53:12.576944651Z: [    0.134948] Last level dTLB entries: 4KB 0, 2MB 0, 4MB 0, 1GB 0
[STDOUT  ] 2017-06-06T18:53:12.962791965Z: [    0.520549] Freeing SMP alternatives memory: 24K (ffffffffba0fc000 - ffffffffba102000)
[STDOUT  ] 2017-06-06T18:53:12.972174578Z: [    0.529906] ftrace: allocating 41532 entries in 163 pages
[STDOUT  ] 2017-06-06T18:53:13.33108801Z: [    0.728996] smpboot: Max logical packages: 1
[STDOUT  ] 2017-06-06T18:53:13.337717366Z: [    0.735570] ..TIMER: vector=0x30 apic1=0 pin1=2 apic2=-1 pin2=-1
[STDOUT  ] 2017-06-06T18:53:13.553297726Z: [    0.840000] smpboot: CPU0: AMD QEMU Virtual CPU version 2.5+ (family: 0x6, model: 0x6, stepping: 0x3)
[STDOUT  ] 2017-06-06T18:53:13.554716158Z: [    0.840000] Performance Events: PMU not available due to virtualization, using software events only.
[STDOUT  ] 2017-06-06T18:53:13.572423463Z: [    0.849447] NMI watchdog: disabled (cpu0): hardware events not enabled
[STDOUT  ] 2017-06-06T18:53:13.573037652Z: [    0.850055] NMI watchdog: Shutting down hard lockup detector on all cpus
[STDOUT  ] 2017-06-06T18:53:13.575709909Z: [    0.852890] x86: Booted up 1 node, 1 CPUs
[STDOUT  ] 2017-06-06T18:53:13.576300671Z: [    0.853340] smpboot: Total of 1 processors activated (4600.27 BogoMIPS)
[STDOUT  ] 2017-06-06T18:53:13.590399748Z: [    0.867465] devtmpfs: initialized
[STDOUT  ] 2017-06-06T18:53:13.597122609Z: [    0.874635] x86/mm: Memory block size: 128MB
[STDOUT  ] 2017-06-06T18:53:13.666430038Z: [    0.943463] clocksource: jiffies: mask: 0xffffffff max_cycles: 0xffffffff, max_idle_ns: 19112604462750000 ns
[STDOUT  ] 2017-06-06T18:53:13.667146831Z: [    0.944497] futex hash table entries: 256 (order: 2, 16384 bytes)
[STDOUT  ] 2017-06-06T18:53:13.675682611Z: [    0.953039] NET: Registered protocol family 16
[STDOUT  ] 2017-06-06T18:53:13.685190918Z: [    0.962664] cpuidle: using governor ladder
[STDOUT  ] 2017-06-06T18:53:13.685628222Z: [    0.963135] cpuidle: using governor menu
[STDOUT  ] 2017-06-06T18:53:13.686906673Z: [    0.964393] ACPI: bus type PCI registered
[STDOUT  ] 2017-06-06T18:53:13.690057649Z: [    0.967218] PCI: MMCONFIG for domain 0000 [bus 00-ff] at [mem 0xb0000000-0xbfffffff] (base 0xb0000000)
[STDOUT  ] 2017-06-06T18:53:13.690695133Z: [    0.968026] PCI: MMCONFIG at [mem 0xb0000000-0xbfffffff] reserved in E820
[STDOUT  ] 2017-06-06T18:53:13.691949309Z: [    0.969359] PCI: Using configuration type 1 for base access
[STDOUT  ] 2017-06-06T18:53:13.760275873Z: [    1.037582] HugeTLB registered 2 MB page size, pre-allocated 0 pages
[STDOUT  ] 2017-06-06T18:53:13.771951966Z: [    1.049310] ACPI: Added _OSI(Module Device)
[STDOUT  ] 2017-06-06T18:53:13.772393193Z: [    1.049728] ACPI: Added _OSI(Processor Device)
[STDOUT  ] 2017-06-06T18:53:13.772833973Z: [    1.050044] ACPI: Added _OSI(3.0 _SCP Extensions)
[STDOUT  ] 2017-06-06T18:53:13.773256287Z: [    1.050414] ACPI: Added _OSI(Processor Aggregator Device)
[STDOUT  ] 2017-06-06T18:53:13.85081406Z: [    1.128228] ACPI: Interpreter enabled
[STDOUT  ] 2017-06-06T18:53:13.851661215Z: [    1.129166] ACPI: (supports S0 S5)
[STDOUT  ] 2017-06-06T18:53:13.852106913Z: [    1.129523] ACPI: Using IOAPIC for interrupt routing
[STDOUT  ] 2017-06-06T18:53:13.854593513Z: [    1.131631] PCI: Using host bridge windows from ACPI; if necessary, use "pci=nocrs" and report a bug
[STDOUT  ] 2017-06-06T18:53:13.92043144Z: [    1.197736] ACPI: PCI Root Bridge [PCI0] (domain 0000 [bus 00-ff])
[STDOUT  ] 2017-06-06T18:53:13.921595052Z: [    1.198859] acpi PNP0A08:00: _OSC: OS supports [ExtendedConfig ASPM ClockPM Segments MSI]
[STDOUT  ] 2017-06-06T18:53:13.928297743Z: [    1.205591] acpi PNP0A08:00: _OSC: OS now controls [PCIeHotplug PME PCIeCapability]
[STDOUT  ] 2017-06-06T18:53:13.931872883Z: [    1.209400] PCI host bridge to bus 0000:00
[STDOUT  ] 2017-06-06T18:53:13.932548582Z: [    1.209855] pci_bus 0000:00: root bus resource [io  0x0000-0x0cf7 window]
[STDOUT  ] 2017-06-06T18:53:13.93313125Z: [    1.210070] pci_bus 0000:00: root bus resource [io  0x0d00-0xffff window]
[STDOUT  ] 2017-06-06T18:53:13.933655115Z: [    1.210580] pci_bus 0000:00: root bus resource [mem 0x000a0000-0x000bffff window]
[STDOUT  ] 2017-06-06T18:53:13.934168884Z: [    1.211094] pci_bus 0000:00: root bus resource [mem 0xc0000000-0xfebfffff window]
[STDOUT  ] 2017-06-06T18:53:13.934691019Z: [    1.211724] pci_bus 0000:00: root bus resource [bus 00-ff]
[STDOUT  ] 2017-06-06T18:53:14.022922583Z: [    1.300080] pci 0000:00:1f.0: quirk: [io  0x0600-0x067f] claimed by ICH6 ACPI/GPIO/TCO
[STDOUT  ] 2017-06-06T18:53:14.077961686Z: [    1.355065] ACPI: PCI Interrupt Link [LNKA] (IRQs 5 *10 11)
[STDOUT  ] 2017-06-06T18:53:14.080162115Z: [    1.357517] ACPI: PCI Interrupt Link [LNKB] (IRQs 5 *10 11)
[STDOUT  ] 2017-06-06T18:53:14.082444537Z: [    1.359527] ACPI: PCI Interrupt Link [LNKC] (IRQs 5 10 *11)
[STDOUT  ] 2017-06-06T18:53:14.084489045Z: [    1.361734] ACPI: PCI Interrupt Link [LNKD] (IRQs 5 10 *11)
[STDOUT  ] 2017-06-06T18:53:14.08646847Z: [    1.363712] ACPI: PCI Interrupt Link [LNKE] (IRQs 5 *10 11)
[STDOUT  ] 2017-06-06T18:53:14.088413803Z: [    1.365683] ACPI: PCI Interrupt Link [LNKF] (IRQs 5 *10 11)
[STDOUT  ] 2017-06-06T18:53:14.090242464Z: [    1.367533] ACPI: PCI Interrupt Link [LNKG] (IRQs 5 10 *11)
[STDOUT  ] 2017-06-06T18:53:14.092060582Z: [    1.369341] ACPI: PCI Interrupt Link [LNKH] (IRQs 5 10 *11)
[STDOUT  ] 2017-06-06T18:53:14.093073428Z: [    1.370509] ACPI: PCI Interrupt Link [GSIA] (IRQs *16)
[STDOUT  ] 2017-06-06T18:53:14.093757038Z: [    1.371186] ACPI: PCI Interrupt Link [GSIB] (IRQs *17)
[STDOUT  ] 2017-06-06T18:53:14.09440292Z: [    1.371848] ACPI: PCI Interrupt Link [GSIC] (IRQs *18)
[STDOUT  ] 2017-06-06T18:53:14.095087228Z: [    1.372518] ACPI: PCI Interrupt Link [GSID] (IRQs *19)
[STDOUT  ] 2017-06-06T18:53:14.095743838Z: [    1.373176] ACPI: PCI Interrupt Link [GSIE] (IRQs *20)
[STDOUT  ] 2017-06-06T18:53:14.096396687Z: [    1.373832] ACPI: PCI Interrupt Link [GSIF] (IRQs *21)
[STDOUT  ] 2017-06-06T18:53:14.097056254Z: [    1.374490] ACPI: PCI Interrupt Link [GSIG] (IRQs *22)
[STDOUT  ] 2017-06-06T18:53:14.097766236Z: [    1.375146] ACPI: PCI Interrupt Link [GSIH] (IRQs *23)
[STDOUT  ] 2017-06-06T18:53:14.101339756Z: [    1.378774] ACPI: Enabled 2 GPEs in block 00 to 3F
[STDOUT  ] 2017-06-06T18:53:14.105629328Z: [    1.383195] SCSI subsystem initialized
[STDOUT  ] 2017-06-06T18:53:14.108186809Z: [    1.385673] pps_core: LinuxPPS API ver. 1 registered
[STDOUT  ] 2017-06-06T18:53:14.108801799Z: [    1.386071] pps_core: Software ver. 5.3.6 - Copyright 2005-2007 Rodolfo Giometti <giometti@linux.it>
[STDOUT  ] 2017-06-06T18:53:14.109234917Z: [    1.386810] PTP clock support registered
[STDOUT  ] 2017-06-06T18:53:14.110305804Z: [    1.387928] wmi: Mapper loaded
[STDOUT  ] 2017-06-06T18:53:14.111445949Z: [    1.388994] PCI: Using ACPI for IRQ routing
[STDOUT  ] 2017-06-06T18:53:14.130733831Z: [    1.408292] NetLabel: Initializing
[STDOUT  ] 2017-06-06T18:53:14.131085301Z: [    1.408639] NetLabel:  domain hash size = 128
[STDOUT  ] 2017-06-06T18:53:14.131482815Z: [    1.408993] NetLabel:  protocols = UNLABELED CIPSOv4
[STDOUT  ] 2017-06-06T18:53:14.133732714Z: [    1.411153] NetLabel:  unlabeled traffic allowed by default
[STDOUT  ] 2017-06-06T18:53:14.135087858Z: [    1.412395] HPET: 3 timers in total, 0 timers will be used for per-cpu timer
[STDOUT  ] 2017-06-06T18:53:14.13637962Z: [    1.413692] hpet0: at MMIO 0xfed00000, IRQs 2, 8, 0
[STDOUT  ] 2017-06-06T18:53:14.136854494Z: [    1.414260] hpet0: 3 comparators, 64-bit 100.000000 MHz counter
[STDOUT  ] 2017-06-06T18:53:14.144111875Z: [    1.421556] clocksource: Switched to clocksource hpet
[STDOUT  ] 2017-06-06T18:53:14.422385598Z: [    1.698453] VFS: Disk quotas dquot_6.6.0
[STDOUT  ] 2017-06-06T18:53:14.42331144Z: [    1.699273] VFS: Dquot-cache hash table entries: 512 (order 0, 4096 bytes)
[STDOUT  ] 2017-06-06T18:53:14.426391011Z: [    1.702614] FS-Cache: Loaded
[STDOUT  ] 2017-06-06T18:53:14.432100745Z: [    1.708322] CacheFiles: Loaded
[STDOUT  ] 2017-06-06T18:53:14.433846536Z: [    1.710009] pnp: PnP ACPI init
[STDOUT  ] 2017-06-06T18:53:14.446124587Z: [    1.722289] pnp: PnP ACPI: found 5 devices
[STDOUT  ] 2017-06-06T18:53:14.493512995Z: [    1.769298] clocksource: acpi_pm: mask: 0xffffff max_cycles: 0xffffff, max_idle_ns: 2085701024 ns
[STDOUT  ] 2017-06-06T18:53:14.496459592Z: [    1.772582] NET: Registered protocol family 2
[STDOUT  ] 2017-06-06T18:53:14.504792116Z: [    1.780749] TCP established hash table entries: 8192 (order: 4, 65536 bytes)
[STDOUT  ] 2017-06-06T18:53:14.505563027Z: [    1.781606] TCP bind hash table entries: 8192 (order: 5, 131072 bytes)
[STDOUT  ] 2017-06-06T18:53:14.506707405Z: [    1.782747] TCP: Hash tables configured (established 8192 bind 8192)
[STDOUT  ] 2017-06-06T18:53:14.508248229Z: [    1.784321] UDP hash table entries: 512 (order: 2, 16384 bytes)
[STDOUT  ] 2017-06-06T18:53:14.50884285Z: [    1.784901] UDP-Lite hash table entries: 512 (order: 2, 16384 bytes)
[STDOUT  ] 2017-06-06T18:53:14.5109812Z: [    1.787136] NET: Registered protocol family 1
[STDOUT  ] 2017-06-06T18:53:14.514816596Z: [    1.790871] RPC: Registered named UNIX socket transport module.
[STDOUT  ] 2017-06-06T18:53:14.515198324Z: [    1.791359] RPC: Registered udp transport module.
[STDOUT  ] 2017-06-06T18:53:14.515536607Z: [    1.791703] RPC: Registered tcp transport module.
[STDOUT  ] 2017-06-06T18:53:14.515983464Z: [    1.792038] RPC: Registered tcp NFSv4.1 backchannel transport module.
[STDOUT  ] 2017-06-06T18:53:14.516895873Z: [    1.792819] pci 0000:00:01.0: Video device with shadowed ROM at [mem 0x000c0000-0x000dffff]
[STDOUT  ] 2017-06-06T18:53:14.523479671Z: [    1.799699] Unpacking initramfs...
[STDOUT  ] 2017-06-06T18:53:18.20446104Z: [    5.479971] Freeing initrd memory: 29032K (ffff91e7be385000 - ffff91e7bffdf000)
[STDOUT  ] 2017-06-06T18:53:18.235246537Z: [    5.511230] PCLMULQDQ-NI instructions are not detected.
[STDOUT  ] 2017-06-06T18:53:18.236508384Z: [    5.512572] AVX or AES-NI instructions are not detected.
[STDOUT  ] 2017-06-06T18:53:18.237029661Z: [    5.513099] CPU feature 'AVX registers' is not supported.
[STDOUT  ] 2017-06-06T18:53:18.237497247Z: [    5.513568] CPU feature 'AVX registers' is not supported.
[STDOUT  ] 2017-06-06T18:53:18.237971946Z: [    5.514058] CPU feature 'AVX registers' is not supported.
[STDOUT  ] 2017-06-06T18:53:18.238418657Z: [    5.514502] CPU feature 'AVX registers' is not supported.
[STDOUT  ] 2017-06-06T18:53:18.238866818Z: [    5.514951] AVX2 or AES-NI instructions are not detected.
[STDOUT  ] 2017-06-06T18:53:18.23926114Z: [    5.515405] AVX2 instructions are not detected.
[STDOUT  ] 2017-06-06T18:53:18.24606122Z: [    5.522145] audit: initializing netlink subsys (disabled)
[STDOUT  ] 2017-06-06T18:53:18.247480706Z: [    5.523491] audit: type=2000 audit(1496775196.520:1): initialized
[STDOUT  ] 2017-06-06T18:53:18.254073489Z: [    5.530034] workingset: timestamp_bits=46 max_order=18 bucket_order=0
[STDOUT  ] 2017-06-06T18:53:18.259859468Z: [    5.535945] FS-Cache: Netfs 'nfs' registered for caching
[STDOUT  ] 2017-06-06T18:53:18.261795999Z: [    5.537902] NFS: Registering the id_resolver key type
[STDOUT  ] 2017-06-06T18:53:18.262964558Z: [    5.539133] Key type id_resolver registered
[STDOUT  ] 2017-06-06T18:53:18.263289334Z: [    5.539487] Key type id_legacy registered
[STDOUT  ] 2017-06-06T18:53:18.263923417Z: [    5.539898] nfs4filelayout_init: NFSv4 File Layout Driver Registering...
[STDOUT  ] 2017-06-06T18:53:18.265057623Z: [    5.541069] Installing knfsd (copyright (C) 1996 okir@monad.swb.de).
[STDOUT  ] 2017-06-06T18:53:18.268457549Z: [    5.544544] FS-Cache: Netfs 'cifs' registered for caching
[STDOUT  ] 2017-06-06T18:53:18.269323789Z: [    5.545479] ntfs: driver 2.1.32 [Flags: R/O].
[STDOUT  ] 2017-06-06T18:53:18.269846293Z: [    5.546039] fuse init (API version 7.26)
[STDOUT  ] 2017-06-06T18:53:18.272182958Z: [    5.548205] SGI XFS with ACLs, security attributes, no debug enabled
[STDOUT  ] 2017-06-06T18:53:18.277274798Z: [    5.553351] 9p: Installing v9fs 9p2000 file system support
[STDOUT  ] 2017-06-06T18:53:18.277833799Z: [    5.553940] FS-Cache: Netfs '9p' registered for caching
[STDOUT  ] 2017-06-06T18:53:18.311603641Z: [    5.587668] NET: Registered protocol family 38
[STDOUT  ] 2017-06-06T18:53:18.312138252Z: [    5.588290] Key type asymmetric registered
[STDOUT  ] 2017-06-06T18:53:18.312572548Z: [    5.588687] Asymmetric key parser 'x509' registered
[STDOUT  ] 2017-06-06T18:53:18.3135622Z: [    5.589502] Block layer SCSI generic (bsg) driver version 0.4 loaded (major 251)
[STDOUT  ] 2017-06-06T18:53:18.315511969Z: [    5.591667] io scheduler noop registered
[STDOUT  ] 2017-06-06T18:53:18.315966802Z: [    5.592062] io scheduler deadline registered (default)
[STDOUT  ] 2017-06-06T18:53:18.316528281Z: [    5.592713] io scheduler cfq registered
[STDOUT  ] 2017-06-06T18:53:18.319570015Z: [    5.595614] pci_hotplug: PCI Hot Plug PCI Core version: 0.5
[STDOUT  ] 2017-06-06T18:53:18.320269639Z: [    5.596279] pciehp: PCI Express Hot Plug Controller Driver version: 0.4
[STDOUT  ] 2017-06-06T18:53:18.321232479Z: [    5.597231] shpchp: Standard Hot Plug PCI Controller Driver version: 0.4
[STDOUT  ] 2017-06-06T18:53:18.321948549Z: [    5.598060] hv_vmbus: registering driver hyperv_fb
[STDOUT  ] 2017-06-06T18:53:18.325885163Z: [    5.601847] input: Power Button as /devices/LNXSYSTM:00/LNXPWRBN:00/input/input0
[STDOUT  ] 2017-06-06T18:53:18.326753643Z: [    5.602967] ACPI: Power Button [PWRF]
[STDOUT  ] 2017-06-06T18:53:18.331764173Z: [    5.607944] GHES: HEST is not enabled!
[STDOUT  ] 2017-06-06T18:53:18.343429841Z: [    5.619505] ACPI: PCI Interrupt Link [GSIH] enabled at IRQ 23
[STDOUT  ] 2017-06-06T18:53:18.350055428Z: [    5.626074] xenfs: not registering filesystem on non-xen platform
[STDOUT  ] 2017-06-06T18:53:18.352072691Z: [    5.628099] Serial: 8250/16550 driver, 4 ports, IRQ sharing disabled
[STDOUT  ] 2017-06-06T18:53:18.382885201Z: [    5.658224] 00:04: ttyS0 at I/O 0x3f8 (irq = 4, base_baud = 115200) is a 16550A
[STDOUT  ] 2017-06-06T18:53:18.390439436Z: [    5.666642] Initializing Nozomi driver 2.1d
[STDOUT  ] 2017-06-06T18:53:18.395003667Z: [    5.671179] Non-volatile memory driver v1.3
[STDOUT  ] 2017-06-06T18:53:18.401289841Z: [    5.677199] Hangcheck: starting hangcheck timer 0.9.1 (tick is 180 seconds, margin is 60 seconds).
[STDOUT  ] 2017-06-06T18:53:18.40441301Z: [    5.680631] random: fast init done
[STDOUT  ] 2017-06-06T18:53:18.405502776Z: [    5.681735] random: crng init done
[STDOUT  ] 2017-06-06T18:53:18.441920331Z: [    5.718102] loop: module loaded
[STDOUT  ] 2017-06-06T18:53:18.458131629Z: [    5.734240] nbd: registered device at major 43
[STDOUT  ] 2017-06-06T18:53:18.50051104Z: [    5.776450] lpc_ich 0000:00:1f.0: I/O space for GPIO uninitialized
[STDOUT  ] 2017-06-06T18:53:18.502306071Z: [    5.778357] VMware PVSCSI driver - version 1.0.7.0-k
[STDOUT  ] 2017-06-06T18:53:18.503086763Z: [    5.779147] hv_vmbus: registering driver hv_storvsc
[STDOUT  ] 2017-06-06T18:53:18.514584919Z: [    5.790635] ACPI: PCI Interrupt Link [GSIA] enabled at IRQ 16
[STDOUT  ] 2017-06-06T18:53:18.520843039Z: [    5.796743] ahci 0000:00:1f.2: AHCI 0001.0000 32 slots 6 ports 1.5 Gbps 0x3f impl SATA mode
[STDOUT  ] 2017-06-06T18:53:18.521283766Z: [    5.797452] ahci 0000:00:1f.2: flags: ncq only 
[STDOUT  ] 2017-06-06T18:53:18.541267111Z: [    5.817458] scsi host0: ahci
[STDOUT  ] 2017-06-06T18:53:18.545386175Z: [    5.821626] scsi host1: ahci
[STDOUT  ] 2017-06-06T18:53:18.54789675Z: [    5.824127] scsi host2: ahci
[STDOUT  ] 2017-06-06T18:53:18.550278617Z: [    5.826502] scsi host3: ahci
[STDOUT  ] 2017-06-06T18:53:18.552537689Z: [    5.828779] scsi host4: ahci
[STDOUT  ] 2017-06-06T18:53:18.554883818Z: [    5.831140] scsi host5: ahci
[STDOUT  ] 2017-06-06T18:53:18.556927503Z: [    5.832904] ata1: SATA max UDMA/133 abar m4096@0xfebf1000 port 0xfebf1100 irq 24
[STDOUT  ] 2017-06-06T18:53:18.557546745Z: [    5.833489] ata2: SATA max UDMA/133 abar m4096@0xfebf1000 port 0xfebf1180 irq 24
[STDOUT  ] 2017-06-06T18:53:18.558056791Z: [    5.834047] ata3: SATA max UDMA/133 abar m4096@0xfebf1000 port 0xfebf1200 irq 24
[STDOUT  ] 2017-06-06T18:53:18.558559836Z: [    5.834552] ata4: SATA max UDMA/133 abar m4096@0xfebf1000 port 0xfebf1280 irq 24
[STDOUT  ] 2017-06-06T18:53:18.559063832Z: [    5.835055] ata5: SATA max UDMA/133 abar m4096@0xfebf1000 port 0xfebf1300 irq 24
[STDOUT  ] 2017-06-06T18:53:18.559566362Z: [    5.835558] ata6: SATA max UDMA/133 abar m4096@0xfebf1000 port 0xfebf1380 irq 24
[STDOUT  ] 2017-06-06T18:53:18.568672579Z: [    5.844696] Ethernet Channel Bonding Driver: v3.7.1 (April 27, 2011)
[STDOUT  ] 2017-06-06T18:53:18.587894773Z: [    5.863941] tun: Universal TUN/TAP device driver, 1.6
[STDOUT  ] 2017-06-06T18:53:18.588378599Z: [    5.864404] tun: (C) 1999-2004 Max Krasnyansky <maxk@qualcomm.com>
[STDOUT  ] 2017-06-06T18:53:18.589968884Z: [    5.866056] ena: Elastic Network Adapter (ENA) v1.0.2
[STDOUT  ] 2017-06-06T18:53:18.59146764Z: [    5.867429] e1000: Intel(R) PRO/1000 Network Driver - version 7.3.21-k8-NAPI
[STDOUT  ] 2017-06-06T18:53:18.5919341Z: [    5.867985] e1000: Copyright (c) 1999-2006 Intel Corporation.
[STDOUT  ] 2017-06-06T18:53:18.600670646Z: [    5.876730] ACPI: PCI Interrupt Link [GSIG] enabled at IRQ 22
[STDOUT  ] 2017-06-06T18:53:18.900008569Z: [    6.175962] ata4: SATA link down (SStatus 0 SControl 300)
[STDOUT  ] 2017-06-06T18:53:18.902408516Z: [    6.178418] ata3: SATA link up 1.5 Gbps (SStatus 113 SControl 300)
[STDOUT  ] 2017-06-06T18:53:18.90504818Z: [    6.181130] ata2: SATA link down (SStatus 0 SControl 300)
[STDOUT  ] 2017-06-06T18:53:18.905652291Z: [    6.181673] ata1: SATA link up 1.5 Gbps (SStatus 113 SControl 300)
[STDOUT  ] 2017-06-06T18:53:18.907984719Z: [    6.184004] ata1.00: ATA-7: QEMU HARDDISK, 2.5+, max UDMA/100
[STDOUT  ] 2017-06-06T18:53:18.908523674Z: [    6.184524] ata1.00: 409600 sectors, multi 16: LBA48 NCQ (depth 31/32)
[STDOUT  ] 2017-06-06T18:53:18.908993362Z: [    6.185158] ata1.00: applying bridge limits
[STDOUT  ] 2017-06-06T18:53:18.910330534Z: [    6.186397] ata6: SATA link down (SStatus 0 SControl 300)
[STDOUT  ] 2017-06-06T18:53:18.911100507Z: [    6.187202] ata5: SATA link down (SStatus 0 SControl 300)
[STDOUT  ] 2017-06-06T18:53:18.912674412Z: [    6.188800] ata1.00: configured for UDMA/100
[STDOUT  ] 2017-06-06T18:53:18.915259505Z: [    6.191331] ata3.00: ATAPI: QEMU DVD-ROM, 2.5+, max UDMA/100
[STDOUT  ] 2017-06-06T18:53:18.915614329Z: [    6.191798] ata3.00: applying bridge limits
[STDOUT  ] 2017-06-06T18:53:18.916189562Z: [    6.192360] ata3.00: configured for UDMA/100
[STDOUT  ] 2017-06-06T18:53:18.927594846Z: [    6.203475] scsi 0:0:0:0: Direct-Access     ATA      QEMU HARDDISK    2.5+ PQ: 0 ANSI: 5
[STDOUT  ] 2017-06-06T18:53:18.934672345Z: [    6.210737] sd 0:0:0:0: Attached scsi generic sg0 type 0
[STDOUT  ] 2017-06-06T18:53:18.938206589Z: [    6.214176] sd 0:0:0:0: [sda] 409600 512-byte logical blocks: (210 MB/200 MiB)
[STDOUT  ] 2017-06-06T18:53:18.942503828Z: [    6.218623] sd 0:0:0:0: [sda] Write Protect is off
[STDOUT  ] 2017-06-06T18:53:18.945346656Z: [    6.221264] scsi 2:0:0:0: CD-ROM            QEMU     QEMU DVD-ROM     2.5+ PQ: 0 ANSI: 5
[STDOUT  ] 2017-06-06T18:53:18.94933782Z: [    6.225216] sd 0:0:0:0: [sda] Write cache: enabled, read cache: enabled, doesn't support DPO or FUA
[STDOUT  ] 2017-06-06T18:53:18.962888865Z: [    6.239145]  sda: sda1
[STDOUT  ] 2017-06-06T18:53:18.966712104Z: [    6.242674] sr 2:0:0:0: [sr0] scsi3-mmc drive: 4x/4x cd/rw xa/form2 tray
[STDOUT  ] 2017-06-06T18:53:18.967298853Z: [    6.243379] cdrom: Uniform CD-ROM driver Revision: 3.20
[STDOUT  ] 2017-06-06T18:53:18.989581406Z: [    6.265595] sr 2:0:0:0: Attached scsi generic sg1 type 5
[STDOUT  ] 2017-06-06T18:53:18.994500072Z: [    6.270608] sd 0:0:0:0: [sda] Attached SCSI disk
[STDOUT  ] 2017-06-06T18:53:18.998160308Z: [    6.274120] e1000 0000:00:02.0 eth0: (PCI:33MHz:32-bit) 52:54:00:12:34:56
[STDOUT  ] 2017-06-06T18:53:18.998740508Z: [    6.274738] e1000 0000:00:02.0 eth0: Intel(R) PRO/1000 Network Connection
[STDOUT  ] 2017-06-06T18:53:18.999576268Z: [    6.275642] e1000e: Intel(R) PRO/1000 Network Driver - 3.2.6-k
[STDOUT  ] 2017-06-06T18:53:19.000011773Z: [    6.276087] e1000e: Copyright(c) 1999 - 2015 Intel Corporation.
[STDOUT  ] 2017-06-06T18:53:19.000855474Z: [    6.276862] igb: Intel(R) Gigabit Ethernet Network Driver - version 5.4.0-k
[STDOUT  ] 2017-06-06T18:53:19.001249293Z: [    6.277351] igb: Copyright (c) 2007-2014 Intel Corporation.
[STDOUT  ] 2017-06-06T18:53:19.002152141Z: [    6.278098] igbvf: Intel(R) Gigabit Virtual Function Network Driver - version 2.4.0-k
[STDOUT  ] 2017-06-06T18:53:19.00256849Z: [    6.278648] igbvf: Copyright (c) 2009 - 2012 Intel Corporation.
[STDOUT  ] 2017-06-06T18:53:19.003394367Z: [    6.279369] ixgbe: Intel(R) 10 Gigabit PCI Express Network Driver - version 4.4.0-k
[STDOUT  ] 2017-06-06T18:53:19.003893809Z: [    6.279901] ixgbe: Copyright (c) 1999-2016 Intel Corporation.
[STDOUT  ] 2017-06-06T18:53:19.005822895Z: [    6.281685] ixgbevf: Intel(R) 10 Gigabit PCI Express Virtual Function Network Driver - version 3.2.2-k
[STDOUT  ] 2017-06-06T18:53:19.006269867Z: [    6.282339] ixgbevf: Copyright (c) 2009 - 2015 Intel Corporation.
[STDOUT  ] 2017-06-06T18:53:19.007650782Z: [    6.283581] ixgb: Intel(R) PRO/10GbE Network Driver - version 1.0.135-k2-NAPI
[STDOUT  ] 2017-06-06T18:53:19.008049797Z: [    6.284153] ixgb: Copyright (c) 1999-2008 Intel Corporation.
[STDOUT  ] 2017-06-06T18:53:19.008999509Z: [    6.285178] PPP generic driver version 2.4.2
[STDOUT  ] 2017-06-06T18:53:19.010372782Z: [    6.286501] PPP BSD Compression module registered
[STDOUT  ] 2017-06-06T18:53:19.010818025Z: [    6.286945] PPP Deflate Compression module registered
[STDOUT  ] 2017-06-06T18:53:19.011360554Z: [    6.287500] PPP MPPE Compression module registered
[STDOUT  ] 2017-06-06T18:53:19.011712625Z: [    6.287892] NET: Registered protocol family 24
[STDOUT  ] 2017-06-06T18:53:19.012251777Z: [    6.288469] PPTP driver version 0.8.5
[STDOUT  ] 2017-06-06T18:53:19.013766926Z: [    6.289720] VMware vmxnet3 virtual NIC driver - version 1.4.a.0-k-NAPI
[STDOUT  ] 2017-06-06T18:53:19.014824067Z: [    6.290962] hv_vmbus: registering driver hv_netvsc
[STDOUT  ] 2017-06-06T18:53:19.015166493Z: [    6.291366] Fusion MPT base driver 3.04.20
[STDOUT  ] 2017-06-06T18:53:19.015521011Z: [    6.291669] Copyright (c) 1999-2008 LSI Corporation
[STDOUT  ] 2017-06-06T18:53:19.016050177Z: [    6.292223] Fusion MPT SPI Host driver 3.04.20
[STDOUT  ] 2017-06-06T18:53:19.021450189Z: [    6.297635] aoe: AoE v85 initialised.
[STDOUT  ] 2017-06-06T18:53:19.023486447Z: [    6.299417] i8042: PNP: PS/2 Controller [PNP0303:KBD,PNP0f13:MOU] at 0x60,0x64 irq 1,12
[STDOUT  ] 2017-06-06T18:53:19.028233654Z: [    6.304341] serio: i8042 KBD port at 0x60,0x64 irq 1
[STDOUT  ] 2017-06-06T18:53:19.028850509Z: [    6.304970] serio: i8042 AUX port at 0x60,0x64 irq 12
[STDOUT  ] 2017-06-06T18:53:19.031837764Z: [    6.307942] hv_vmbus: registering driver hyperv_keyboard
[STDOUT  ] 2017-06-06T18:53:19.033956948Z: [    6.309942] mousedev: PS/2 mouse device common for all mice
[STDOUT  ] 2017-06-06T18:53:19.039184794Z: [    6.315069] input: AT Translated Set 2 keyboard as /devices/platform/i8042/serio0/input/input1
[STDOUT  ] 2017-06-06T18:53:19.041837591Z: [    6.317852] input: PC Speaker as /devices/platform/pcspkr/input/input2
[STDOUT  ] 2017-06-06T18:53:19.04541015Z: [    6.321539] rtc_cmos 00:00: RTC can wake from S4
[STDOUT  ] 2017-06-06T18:53:19.048677449Z: [    6.324720] rtc_cmos 00:00: rtc core: registered rtc_cmos as rtc0
[STDOUT  ] 2017-06-06T18:53:19.05006966Z: [    6.326019] rtc_cmos 00:00: alarms up to one day, y3k, 114 bytes nvram, hpet irqs
[STDOUT  ] 2017-06-06T18:53:19.050567284Z: [    6.326780] i2c /dev entries driver
[STDOUT  ] 2017-06-06T18:53:19.052630382Z: [    6.328530] device-mapper: ioctl: 4.35.0-ioctl (2016-06-23) initialised: dm-devel@redhat.com
[STDOUT  ] 2017-06-06T18:53:19.057057246Z: [    6.333165] hv_utils: Registering HyperV Utility Driver
[STDOUT  ] 2017-06-06T18:53:19.057471853Z: [    6.333573] hv_vmbus: registering driver hv_util
[STDOUT  ] 2017-06-06T18:53:19.057829396Z: [    6.333972] hv_vmbus: registering driver hv_balloon
[STDOUT  ] 2017-06-06T18:53:19.058288829Z: [    6.334484] oprofile: using NMI interrupt.
[STDOUT  ] 2017-06-06T18:53:19.059282782Z: [    6.335507] GACT probability on
[STDOUT  ] 2017-06-06T18:53:19.059753195Z: [    6.335960] Mirror/redirect action on
[STDOUT  ] 2017-06-06T18:53:19.06065063Z: [    6.336859] Simple TC action Loaded
[STDOUT  ] 2017-06-06T18:53:19.063806139Z: [    6.339962] netem: version 1.3
[STDOUT  ] 2017-06-06T18:53:19.064216276Z: [    6.340480] u32 classifier
[STDOUT  ] 2017-06-06T18:53:19.064492551Z: [    6.340711]     Performance counters on
[STDOUT  ] 2017-06-06T18:53:19.06477126Z: [    6.340993]     input device check on
[STDOUT  ] 2017-06-06T18:53:19.065097364Z: [    6.341263]     Actions configured
[STDOUT  ] 2017-06-06T18:53:19.065972625Z: [    6.342124] Netfilter messages via NETLINK v0.30.
[STDOUT  ] 2017-06-06T18:53:19.066546259Z: [    6.342682] nfnl_acct: registering with nfnetlink.
[STDOUT  ] 2017-06-06T18:53:19.067919295Z: [    6.343976] nf_conntrack version 0.5.0 (8192 buckets, 32768 max)
[STDOUT  ] 2017-06-06T18:53:19.071017993Z: [    6.347123] ctnetlink v0.93: registering with nfnetlink.
[STDOUT  ] 2017-06-06T18:53:19.074969601Z: [    6.350984] nf_tables: (c) 2007-2009 Patrick McHardy <kaber@trash.net>
[STDOUT  ] 2017-06-06T18:53:19.075826244Z: [    6.351827] nf_tables_compat: (c) 2012 Pablo Neira Ayuso <pablo@netfilter.org>
[STDOUT  ] 2017-06-06T18:53:19.078007685Z: [    6.354158] xt_time: kernel timezone is -0000
[STDOUT  ] 2017-06-06T18:53:19.078447855Z: [    6.354704] ip_set: protocol 6
[STDOUT  ] 2017-06-06T18:53:19.079243797Z: [    6.355320] IPVS: Registered protocols (TCP, UDP, SCTP, AH, ESP)
[STDOUT  ] 2017-06-06T18:53:19.079936424Z: [    6.355910] IPVS: Connection hash table configured (size=4096, memory=64Kbytes)
[STDOUT  ] 2017-06-06T18:53:19.081500125Z: [    6.357648] IPVS: Creating netns size=2104 id=0
[STDOUT  ] 2017-06-06T18:53:19.084428767Z: [    6.360650] IPVS: ipvs loaded.
[STDOUT  ] 2017-06-06T18:53:19.084842891Z: [    6.361016] IPVS: [rr] scheduler registered.
[STDOUT  ] 2017-06-06T18:53:19.085205871Z: [    6.361378] IPVS: [wrr] scheduler registered.
[STDOUT  ] 2017-06-06T18:53:19.085521195Z: [    6.361702] IPVS: [lc] scheduler registered.
[STDOUT  ] 2017-06-06T18:53:19.085838861Z: [    6.362016] IPVS: [wlc] scheduler registered.
[STDOUT  ] 2017-06-06T18:53:19.086145001Z: [    6.362335] IPVS: [fo] scheduler registered.
[STDOUT  ] 2017-06-06T18:53:19.086463673Z: [    6.362649] IPVS: [ovf] scheduler registered.
[STDOUT  ] 2017-06-06T18:53:19.086907456Z: [    6.363070] IPVS: [lblc] scheduler registered.
[STDOUT  ] 2017-06-06T18:53:19.087415116Z: [    6.363494] IPVS: [lblcr] scheduler registered.
[STDOUT  ] 2017-06-06T18:53:19.087748001Z: [    6.363927] IPVS: [dh] scheduler registered.
[STDOUT  ] 2017-06-06T18:53:19.08806353Z: [    6.364245] IPVS: [sh] scheduler registered.
[STDOUT  ] 2017-06-06T18:53:19.088387422Z: [    6.364564] IPVS: [sed] scheduler registered.
[STDOUT  ] 2017-06-06T18:53:19.088700963Z: [    6.364883] IPVS: [nq] scheduler registered.
[STDOUT  ] 2017-06-06T18:53:19.089408563Z: [    6.365543] IPVS: ftp: loaded support on port[0] = 21
[STDOUT  ] 2017-06-06T18:53:19.090225808Z: [    6.366332] ipip: IPv4 and MPLS over IPv4 tunneling driver
[STDOUT  ] 2017-06-06T18:53:19.094291102Z: [    6.370407] gre: GRE over IPv4 demultiplexor driver
[STDOUT  ] 2017-06-06T18:53:19.094661925Z: [    6.370809] ip_gre: GRE over IPv4 tunneling driver
[STDOUT  ] 2017-06-06T18:53:19.09994924Z: [    6.376097] IPv4 over IPsec tunneling driver
[STDOUT  ] 2017-06-06T18:53:19.106115257Z: [    6.382194] ip_tables: (C) 2000-2006 Netfilter Core Team
[STDOUT  ] 2017-06-06T18:53:19.109329986Z: [    6.385349] ipt_CLUSTERIP: ClusterIP Version 0.8 loaded successfully
[STDOUT  ] 2017-06-06T18:53:19.109978395Z: [    6.386074] arp_tables: arp_tables: (C) 2002 David S. Miller
[STDOUT  ] 2017-06-06T18:53:19.111743434Z: [    6.387894] Initializing XFRM netlink socket
[STDOUT  ] 2017-06-06T18:53:19.112751633Z: [    6.388904] NET: Registered protocol family 10
[STDOUT  ] 2017-06-06T18:53:19.124595509Z: [    6.400839] mip6: Mobile IPv6
[STDOUT  ] 2017-06-06T18:53:19.125667989Z: [    6.401757] ip6_tables: (C) 2000-2006 Netfilter Core Team
[STDOUT  ] 2017-06-06T18:53:19.133050104Z: [    6.409094] sit: IPv6, IPv4 and MPLS over IPv4 tunneling driver
[STDOUT  ] 2017-06-06T18:53:19.140160286Z: [    6.416269] ip6_gre: GRE over IPv6 tunneling driver
[STDOUT  ] 2017-06-06T18:53:19.143721026Z: [    6.419801] NET: Registered protocol family 17
[STDOUT  ] 2017-06-06T18:53:19.144567522Z: [    6.420728] NET: Registered protocol family 15
[STDOUT  ] 2017-06-06T18:53:19.145474421Z: [    6.421663] Bridge firewalling registered
[STDOUT  ] 2017-06-06T18:53:19.145975725Z: [    6.422191] Ebtables v2.0 registered
[STDOUT  ] 2017-06-06T18:53:19.148968033Z: [    6.425109] l2tp_core: L2TP core driver, V2.0
[STDOUT  ] 2017-06-06T18:53:19.149440743Z: [    6.425582] l2tp_ppp: PPPoL2TP kernel driver, V2.0
[STDOUT  ] 2017-06-06T18:53:19.149766448Z: [    6.425952] 8021q: 802.1Q VLAN Support v1.8
[STDOUT  ] 2017-06-06T18:53:19.151179159Z: [    6.427354] 9pnet: Installing 9P2000 support
[STDOUT  ] 2017-06-06T18:53:19.151968373Z: [    6.428131] Key type dns_resolver registered
[STDOUT  ] 2017-06-06T18:53:19.152395259Z: [    6.428509] openvswitch: Open vSwitch switching datapath
[STDOUT  ] 2017-06-06T18:53:19.154456932Z: [    6.430661] mpls_gso: MPLS GSO support
[STDOUT  ] 2017-06-06T18:53:19.15519553Z: [    6.431309] microcode: AMD CPU family 0x6 not supported
[STDOUT  ] 2017-06-06T18:53:19.158720097Z: [    6.434897] registered taskstats version 1
[STDOUT  ] 2017-06-06T18:53:19.285254496Z: [    6.561175] tsc: Refined TSC clocksource calibration: 2300.040 MHz
[STDOUT  ] 2017-06-06T18:53:19.286065046Z: [    6.561849] clocksource: tsc: mask: 0xffffffffffffffff max_cycles: 0x21275af87f5, max_idle_ns: 440795281647 ns
[STDOUT  ] 2017-06-06T18:53:19.295115579Z: [    6.571274] Key type big_key registered
[STDOUT  ] 2017-06-06T18:53:19.333313502Z: [    6.609408] Key type encrypted registered
[STDOUT  ] 2017-06-06T18:53:19.338539078Z: [    6.614396] rtc_cmos 00:00: setting system clock to 2017-06-06 18:53:18 UTC (1496775198)
[STDOUT  ] 2017-06-06T18:53:19.489940189Z: [    6.765754] Freeing unused kernel memory: 1456K (ffffffffb9f90000 - ffffffffba0fc000)
[STDOUT  ] 2017-06-06T18:53:19.490460319Z: [    6.766496] Write protecting the kernel read-only data: 14336k
[STDOUT  ] 2017-06-06T18:53:19.501006963Z: [    6.776938] Freeing unused kernel memory: 816K (ffff91e79d934000 - ffff91e79da00000)
[STDOUT  ] 2017-06-06T18:53:19.568252706Z: [    6.844127] Freeing unused kernel memory: 1012K (ffff91e79dd03000 - ffff91e79de00000)
[STDOUT  ] 2017-06-06T18:53:20.304698572Z: [    7.580689] clocksource: Switched to clocksource tsc
[STDOUT  ] 2017-06-06T18:53:24.312810155Z: 
[STDOUT  ] 2017-06-06T18:53:24.313549358Z: Welcome to LinuxKit
[STDOUT  ] 2017-06-06T18:53:24.31356649Z: 
[STDOUT  ] 2017-06-06T18:53:24.33104024Z:                         ##         .
[STDOUT  ] 2017-06-06T18:53:24.331428051Z:                   ## ## ##        ==
[STDOUT  ] 2017-06-06T18:53:24.331805465Z:                ## ## ## ## ##    ===
[STDOUT  ] 2017-06-06T18:53:24.332162317Z:            /"""""""""""""""""\___/ ===
[STDOUT  ] 2017-06-06T18:53:24.332592953Z:       ~~~ {~~ ~~~~ ~~~ ~~~~ ~~~ ~ /  ===- ~~~
[STDOUT  ] 2017-06-06T18:53:24.332934875Z:            \______ o           __/
[STDOUT  ] 2017-06-06T18:53:24.333238643Z:              \    \         __/
[STDOUT  ] 2017-06-06T18:53:24.333538696Z:               \____\_______/
[STDOUT  ] 2017-06-06T18:53:24.333669765Z: 
[STDOUT  ] 2017-06-06T18:53:24.345015572Z: 
[STDOUT  ] 2017-06-06T18:53:24.357237987Z: 
[STDOUT  ] 2017-06-06T18:53:24.357821348Z: Starting containerd
[STDOUT  ] 2017-06-06T18:53:24.789592735Z: / # [6n[34mINFO[0m[0000] starting containerd boot...                   [34mmodule[0m=containerd
[STDOUT  ] 2017-06-06T18:53:24.803462342Z: [34mINFO[0m[0000] starting debug API...                         [34mdebug[0m="/run/containerd/debug.sock" [34mmodule[0m=containerd
[STDOUT  ] 2017-06-06T18:53:24.805313706Z: [34mINFO[0m[0000] loading monitor plugin "cgroups"...           [34mmodule[0m=containerd
[STDOUT  ] 2017-06-06T18:53:24.825917587Z: [34mINFO[0m[0000] loading runtime plugin "linux"...             [34mmodule[0m=containerd
[STDOUT  ] 2017-06-06T18:53:24.869266283Z: [34mINFO[0m[0000] loading snapshot plugin "snapshot-overlay"...  [34mmodule[0m=containerd
[STDOUT  ] 2017-06-06T18:53:24.892051641Z: [34mINFO[0m[0000] loading grpc service plugin "version-grpc"...  [34mmodule[0m=containerd
[STDOUT  ] 2017-06-06T18:53:24.901930528Z: [34mINFO[0m[0000] loading grpc service plugin "containers-grpc"...  [34mmodule[0m=containerd
[STDOUT  ] 2017-06-06T18:53:24.914108342Z: [34mINFO[0m[0000] loading grpc service plugin "diff-grpc"...    [34mmodule[0m=containerd
[STDOUT  ] 2017-06-06T18:53:24.916838767Z: [34mINFO[0m[0000] loading grpc service plugin "snapshots-grpc"...  [34mmodule[0m=containerd
[STDOUT  ] 2017-06-06T18:53:24.919570744Z: [34mINFO[0m[0000] loading grpc service plugin "images-grpc"...  [34mmodule[0m=containerd
[STDOUT  ] 2017-06-06T18:53:24.922442632Z: [34mINFO[0m[0000] loading grpc service plugin "metrics-grpc"...  [34mmodule[0m=containerd
[STDOUT  ] 2017-06-06T18:53:24.925180534Z: [34mINFO[0m[0000] loading grpc service plugin "content-grpc"...  [34mmodule[0m=containerd
[STDOUT  ] 2017-06-06T18:53:24.928006404Z: [34mINFO[0m[0000] loading grpc service plugin "tasks-grpc"...   [34mmodule[0m=containerd
[STDOUT  ] 2017-06-06T18:53:24.936393018Z: [34mINFO[0m[0000] loading grpc service plugin "healthcheck-grpc"...  [34mmodule[0m=containerd
[STDOUT  ] 2017-06-06T18:53:24.980199493Z: [34mINFO[0m[0000] starting GRPC API server...                   [34mmodule[0m=containerd
[STDOUT  ] 2017-06-06T18:53:24.982662235Z: [34mINFO[0m[0000] starting metrics API...                       [34mmetrics[0m=":13337" [34mmodule[0m=containerd
[STDOUT  ] 2017-06-06T18:53:25.000436827Z: [34mINFO[0m[0000] containerd successfully booted in 0.219226s   [34mmodule[0m=containerd
[STDOUT  ] 2017-06-06T18:53:56.518931027Z: [   43.794813] sd 0:0:0:0: [sda] Synchronizing SCSI cache
[STDOUT  ] 2017-06-06T18:53:56.51998484Z: [   43.796061] sd 0:0:0:0: [sda] Stopping disk
[STDOUT  ] 2017-06-06T18:53:56.534112961Z: [   43.809994] ACPI: Preparing to enter system sleep state S5
[STDOUT  ] 2017-06-06T18:53:56.535456005Z: [   43.811593] reboot: Power down
[STDERR  ] 2017-06-06T18:53:56.655122063Z: + exit 0
[STDERR  ] 2017-06-06T18:53:56.65519029Z: + clean_up
[STDERR  ] 2017-06-06T18:53:56.655194559Z: + find . -iname run* -not -iname *.yml -exec rm -rf {} ;
[STDERR  ] 2017-06-06T18:53:56.673331595Z: + find . -iname mkimage* -not -iname *.yml -exec rm -rf {} ;
[STDERR  ] 2017-06-06T18:53:56.693759839Z: + rm -f disk.qcow2 tarball.img
[PASS    ] linuxkit.packages.mkimage 182.10s
