[INFO    ] 2018-03-02T13:58:13.769206401Z: Running Test linuxkit.packages.wireguard in /tmp/build/test/cases/040_packages/023_wireguard
[STDERR  ] 2018-03-02T13:58:13.769285694Z: [    1.428748] TCP established hash table entries: 8192 (order: 4, 65536 bytes)
[STDERR  ] 2018-03-02T13:58:13.769312543Z: [    1.436460] TCP bind hash table entries: 8192 (order: 5, 131072 bytes)
[STDERR  ] 2018-03-02T13:58:13.769328117Z: [    1.443761] TCP: Hash tables configured (established 8192 bind 8192)
[STDERR  ] 2018-03-02T13:58:13.769342710Z: [    1.450763] UDP hash table entries: 512 (order: 2, 16384 bytes)
[INFO    ] 2018-03-02T13:58:13.769350681Z: Running command: [/bin/sh -x /tmp/build/test/cases/040_packages/023_wireguard/test.sh]
[STDERR  ] 2018-03-02T13:58:13.769357483Z: [    1.457097] UDP-Lite hash table entries: 512 (order: 2, 16384 bytes)
[STDERR  ] 2018-03-02T13:58:13.769371465Z: [    1.464094] NET: Registered protocol family 1
[STDERR  ] 2018-03-02T13:58:13.769389142Z: [    1.469008] pci 0000:00:01.0: Video device with shadowed ROM at [mem 0x000c0000-0x000dffff]
[STDERR  ] 2018-03-02T13:58:13.769414562Z: [    1.478724] Unpacking initramfs...
[STDERR  ] 2018-03-02T13:58:13.769428316Z: [    1.882154] Freeing initrd memory: 25024K
[STDERR  ] 2018-03-02T13:58:13.769442225Z: [    1.887988] PCLMULQDQ-NI instructions are not detected.
[STDERR  ] 2018-03-02T13:58:13.769459812Z: [    1.894089] AVX or AES-NI instructions are not detected.
[STDERR  ] 2018-03-02T13:58:13.769597621Z: [    1.900257] CPU feature 'AVX registers' is not supported.
[STDERR  ] 2018-03-02T13:58:13.769606730Z: [    1.906736] CPU feature 'AVX registers' is not supported.
[STDERR  ] 2018-03-02T13:58:13.769628001Z: [    1.913340] CPU feature 'AVX registers' is not supported.
[STDERR  ] 2018-03-02T13:58:13.769637002Z: [    1.919762] CPU feature 'AVX registers' is not supported.
[STDERR  ] 2018-03-02T13:58:13.769645617Z: [    1.926193] AVX2 or AES-NI instructions are not detected.
[STDERR  ] 2018-03-02T13:58:13.769654456Z: [    1.932337] AVX2 instructions are not detected.
[STDERR  ] 2018-03-02T13:58:13.769665935Z: [    1.937647] audit: initializing netlink subsys (disabled)
[STDERR  ] 2018-03-02T13:58:13.769674562Z: [    1.943854] audit: type=2000 audit(1519999080.699:1): initialized
[STDERR  ] 2018-03-02T13:58:13.769683163Z: [    1.951144] workingset: timestamp_bits=46 max_order=18 bucket_order=0
[STDERR  ] 2018-03-02T13:58:13.769692950Z: [    1.959172] squashfs: version 4.0 (2009/01/31) Phillip Lougher
[STDERR  ] 2018-03-02T13:58:13.769701201Z: [    1.965849] FS-Cache: Netfs 'cifs' registered for caching
[STDERR  ] 2018-03-02T13:58:13.769710021Z: [    1.972107] fuse init (API version 7.26)
[STDERR  ] 2018-03-02T13:58:13.769736090Z: [    1.976974] SGI XFS with ACLs, security attributes, no debug enabled
[STDERR  ] 2018-03-02T13:58:13.769745709Z: [    1.984476] 9p: Installing v9fs 9p2000 file system support
[STDERR  ] 2018-03-02T13:58:13.769754250Z: [    1.990669] FS-Cache: Netfs '9p' registered for caching
[STDERR  ] 2018-03-02T13:58:13.769768145Z: [    1.997871] NET: Registered protocol family 38
[STDERR  ] 2018-03-02T13:58:13.769776541Z: [    2.002905] Key type asymmetric registered
[STDERR  ] 2018-03-02T13:58:13.769794023Z: [    2.007483] Asymmetric key parser 'x509' registered
[STDERR  ] 2018-03-02T13:58:13.769804368Z: [    2.013011] Block layer SCSI generic (bsg) driver version 0.4 loaded (major 251)
[STDERR  ] 2018-03-02T13:58:13.769813708Z: [    2.021656] io scheduler noop registered
[STDERR  ] 2018-03-02T13:58:13.769842599Z: [    2.025992] io scheduler deadline registered (default)
[STDERR  ] 2018-03-02T13:58:13.769854092Z: [    2.031866] io scheduler cfq registered
[STDERR  ] 2018-03-02T13:58:13.769862492Z: [    2.036253] pci_hotplug: PCI Hot Plug PCI Core version: 0.5
[STDERR  ] 2018-03-02T13:58:13.769871294Z: [    2.042583] pciehp: PCI Express Hot Plug Controller Driver version: 0.4
[STDERR  ] 2018-03-02T13:58:13.769881749Z: [    2.050003] shpchp: Standard Hot Plug PCI Controller Driver version: 0.4
[STDERR  ] 2018-03-02T13:58:13.769890843Z: [    2.057525] hv_vmbus: registering driver hyperv_fb
[STDERR  ] 2018-03-02T13:58:13.769906294Z: [    2.063104] input: Power Button as /devices/LNXSYSTM:00/LNXPWRBN:00/input/input0
[STDERR  ] 2018-03-02T13:58:13.769916122Z: [    2.071365] ACPI: Power Button [PWRF]
[STDERR  ] 2018-03-02T13:58:13.769924410Z: [    2.075680] GHES: HEST is not enabled!
[STDERR  ] 2018-03-02T13:58:13.769933459Z: [    2.080297] ACPI: PCI Interrupt Link [GSIG] enabled at IRQ 22
[STDERR  ] 2018-03-02T13:58:13.769941805Z: [    2.093247] ACPI: PCI Interrupt Link [GSIH] enabled at IRQ 23
[STDERR  ] 2018-03-02T13:58:13.769953466Z: [    2.105791] xenfs: not registering filesystem on non-xen platform
[STDERR  ] 2018-03-02T13:58:13.769962050Z: [    2.112884] Serial: 8250/16550 driver, 4 ports, IRQ sharing disabled
[STDERR  ] 2018-03-02T13:58:13.769971208Z: [    2.154529] 00:04: ttyS0 at I/O 0x3f8 (irq = 4, base_baud = 115200) is a 16550A
[STDERR  ] 2018-03-02T13:58:13.769980210Z: [    2.164077] Non-volatile memory driver v1.3
[STDERR  ] 2018-03-02T13:58:13.769988552Z: [    2.170918] Hangcheck: starting hangcheck timer 0.9.1 (tick is 180 seconds, margin is 60 seconds).
[STDERR  ] 2018-03-02T13:58:13.770004610Z: [    2.181122] random: fast init done
[STDERR  ] 2018-03-02T13:58:13.770013268Z: [    2.185493] random: crng init done
[STDERR  ] 2018-03-02T13:58:13.770031094Z: [    2.191926] loop: module load
[STDERR  ] 2018-03-02T13:58:13.833820030Z: + set -e
[STDERR  ] 2018-03-02T13:58:13.834136031Z: + . /tmp/build/test/cases/_lib/lib.sh
[STDERR  ] 2018-03-02T13:58:13.834227361Z: + [ -f src/github.com/linuxkit/rtf/lib/lib.sh ]
[STDERR  ] 2018-03-02T13:58:13.834252414Z: + LINUXKIT_TMPDIR=/tmp/build/test/cases/_tmp
[STDERR  ] 2018-03-02T13:58:13.834267527Z: + [ -f /tmp/build/test/cases/_tmp/env.sh ]
[STDERR  ] 2018-03-02T13:58:13.834283745Z: + . /tmp/build/test/cases/_tmp/env.sh
[STDERR  ] 2018-03-02T13:58:13.834298565Z: + export LINUXKIT_EXAMPLES_DIR=/tmp/build/test/cases/../../examples
[STDERR  ] 2018-03-02T13:58:13.834312472Z: + RT_CANCEL=253
[STDERR  ] 2018-03-02T13:58:13.834325474Z: + NAME=wireguard
[STDERR  ] 2018-03-02T13:58:13.834339298Z: + trap clean_up EXIT
[STDERR  ] 2018-03-02T13:58:13.834353768Z: + linuxkit build -format kernel+initrd -name wireguard test.yml
[STDERR  ] 2018-03-02T13:58:13.865311883Z: Extract kernel image: linuxkit/kernel:4.9.81
[STDERR  ] 2018-03-02T13:58:15.029529320Z: time="2018-03-02T13:58:15Z" level=warning msg="certificate with CN Justin Cormack is near expiry"
[STDERR  ] 2018-03-02T13:58:15.029599795Z: time="2018-03-02T13:58:15Z" level=warning msg="certificate with CN  is near expiry"
[STDERR  ] 2018-03-02T13:58:15.029618705Z: time="2018-03-02T13:58:15Z" level=warning msg="certificate with CN  is near expiry"
[STDERR  ] 2018-03-02T13:58:15.029785129Z: time="2018-03-02T13:58:15Z" level=warning msg="certificate with CN avi@atomicinc.com is near expiry"
[STDERR  ] 2018-03-02T13:58:15.029802463Z: time="2018-03-02T13:58:15Z" level=warning msg="certificate with CN Ian Campbell is near expiry"
[STDERR  ] 2018-03-02T13:58:15.084697423Z: time="2018-03-02T13:58:15Z" level=warning msg="certificate with CN Justin Cormack is near expiry"
[STDERR  ] 2018-03-02T13:58:15.490432318Z: Add init containers:
[STDERR  ] 2018-03-02T13:58:15.490499779Z: Process init image: linuxkit/init:d899eee3560a40aa3b4bdd67b3bb82703714b2b9
[STDERR  ] 2018-03-02T13:58:16.518953534Z: time="2018-03-02T13:58:16Z" level=warning msg="certificate with CN Ian Campbell is near expiry"
[STDERR  ] 2018-03-02T13:58:16.519147153Z: time="2018-03-02T13:58:16Z" level=warning msg="certificate with CN Justin Cormack is near expiry"
[STDERR  ] 2018-03-02T13:58:16.519165879Z: time="2018-03-02T13:58:16Z" level=warning msg="certificate with CN  is near expiry"
[STDERR  ] 2018-03-02T13:58:16.519232086Z: time="2018-03-02T13:58:16Z" level=warning msg="certificate with CN  is near expiry"
[STDERR  ] 2018-03-02T13:58:16.519265410Z: time="2018-03-02T13:58:16Z" level=warning msg="certificate with CN avi@atomicinc.com is near expiry"
[STDERR  ] 2018-03-02T13:58:16.523758406Z: time="2018-03-02T13:58:16Z" level=warning msg="certificate with CN Justin Cormack is near expiry"
[STDERR  ] 2018-03-02T13:58:16.525245109Z: time="2018-03-02T13:58:16Z" level=warning msg="certificate with CN  is near expiry"
[STDERR  ] 2018-03-02T13:58:16.525326605Z: time="2018-03-02T13:58:16Z" level=warning msg="certificate with CN Ian Campbell is near expiry"
[STDERR  ] 2018-03-02T13:58:16.526965028Z: time="2018-03-02T13:58:16Z" level=warning msg="certificate with CN  is near expiry"
[STDERR  ] 2018-03-02T13:58:16.527012535Z: time="2018-03-02T13:58:16Z" level=warning msg="certificate with CN avi@atomicinc.com is near expiry"
[STDERR  ] 2018-03-02T13:58:16.715608197Z: Process init image: linuxkit/runc:7c39a68490a12cde830e1922f171c451fb08e731
[STDERR  ] 2018-03-02T13:58:17.753053611Z: time="2018-03-02T13:58:17Z" level=warning msg="certificate with CN avi@atomicinc.com is near expiry"
[STDERR  ] 2018-03-02T13:58:17.753206447Z: time="2018-03-02T13:58:17Z" level=warning msg="certificate with CN Ian Campbell is near expiry"
[STDERR  ] 2018-03-02T13:58:17.753323391Z: time="2018-03-02T13:58:17Z" level=warning msg="certificate with CN Justin Cormack is near expiry"
[STDERR  ] 2018-03-02T13:58:17.753449273Z: time="2018-03-02T13:58:17Z" level=warning msg="certificate with CN  is near expiry"
[STDERR  ] 2018-03-02T13:58:17.753504757Z: time="2018-03-02T13:58:17Z" level=warning msg="certificate with CN  is near expiry"
[STDERR  ] 2018-03-02T13:58:17.757975070Z: time="2018-03-02T13:58:17Z" level=warning msg="certificate with CN Justin Cormack is near expiry"
[STDERR  ] 2018-03-02T13:58:17.759415295Z: time="2018-03-02T13:58:17Z" level=warning msg="certificate with CN  is near expiry"
[STDERR  ] 2018-03-02T13:58:17.759558322Z: time="2018-03-02T13:58:17Z" level=warning msg="certificate with CN Ian Campbell is near expiry"
[STDERR  ] 2018-03-02T13:58:17.918401048Z: Process init image: linuxkit/containerd:37e397ebfc6bd5d8e18695b121166ffd0cbfd9f0
[STDERR  ] 2018-03-02T13:58:18.946019716Z: time="2018-03-02T13:58:18Z" level=warning msg="certificate with CN  is near expiry"
[STDERR  ] 2018-03-02T13:58:18.946094234Z: time="2018-03-02T13:58:18Z" level=warning msg="certificate with CN  is near expiry"
[STDERR  ] 2018-03-02T13:58:18.946411687Z: time="2018-03-02T13:58:18Z" level=warning msg="certificate with CN  is near expiry"
[STDERR  ] 2018-03-02T13:58:18.946530822Z: time="2018-03-02T13:58:18Z" level=warning msg="certificate with CN avi@atomicinc.com is near expiry"
[STDERR  ] 2018-03-02T13:58:18.946797913Z: time="2018-03-02T13:58:18Z" level=warning msg="certificate with CN Ian Campbell is near expiry"
[STDERR  ] 2018-03-02T13:58:18.947099715Z: time="2018-03-02T13:58:18Z" level=warning msg="certificate with CN Justin Cormack is near expiry"
[STDERR  ] 2018-03-02T13:58:18.952046788Z: time="2018-03-02T13:58:18Z" level=warning msg="certificate with CN Justin Cormack is near expiry"
[STDERR  ] 2018-03-02T13:58:18.953505789Z: time="2018-03-02T13:58:18Z" level=warning msg="certificate with CN  is near expiry"
[STDERR  ] 2018-03-02T13:58:18.953586055Z: time="2018-03-02T13:58:18Z" level=warning msg="certificate with CN Ian Campbell is near expiry"
[STDERR  ] 2018-03-02T13:58:19.132462407Z: Process init image: linuxkit/ca-certificates:v0.2
[STDERR  ] 2018-03-02T13:58:20.159441552Z: time="2018-03-02T13:58:20Z" level=warning msg="certificate with CN Justin Cormack is near expiry"
[STDERR  ] 2018-03-02T13:58:20.159507220Z: time="2018-03-02T13:58:20Z" level=warning msg="certificate with CN  is near expiry"
[STDERR  ] 2018-03-02T13:58:20.159645983Z: time="2018-03-02T13:58:20Z" level=warning msg="certificate with CN Ian Campbell is near expiry"
[STDERR  ] 2018-03-02T13:58:20.160747033Z: time="2018-03-02T13:58:20Z" level=warning msg="certificate with CN Justin Cormack is near expiry"
[STDERR  ] 2018-03-02T13:58:20.161838649Z: time="2018-03-02T13:58:20Z" level=warning msg="certificate with CN Ian Campbell is near expiry"
[STDERR  ] 2018-03-02T13:58:20.161904329Z: time="2018-03-02T13:58:20Z" level=warning msg="certificate with CN  is near expiry"
[STDERR  ] 2018-03-02T13:58:20.294745028Z: Add onboot containers:
[STDERR  ] 2018-03-02T13:58:20.294816422Z:   Create OCI config for linuxkit/dhcpcd:v0.2
[STDERR  ] 2018-03-02T13:58:21.321593121Z: time="2018-03-02T13:58:21Z" level=warning msg="certificate with CN Justin Cormack is near expiry"
[STDERR  ] 2018-03-02T13:58:21.321778408Z: time="2018-03-02T13:58:21Z" level=warning msg="certificate with CN  is near expiry"
[STDERR  ] 2018-03-02T13:58:21.321798538Z: time="2018-03-02T13:58:21Z" level=warning msg="certificate with CN  is near expiry"
[STDERR  ] 2018-03-02T13:58:21.321886731Z: time="2018-03-02T13:58:21Z" level=warning msg="certificate with CN avi@atomicinc.com is near expiry"
[STDERR  ] 2018-03-02T13:58:21.321960242Z: time="2018-03-02T13:58:21Z" level=warning msg="certificate with CN Ian Campbell is near expiry"
[STDERR  ] 2018-03-02T13:58:21.323328396Z: time="2018-03-02T13:58:21Z" level=warning msg="certificate with CN Justin Cormack is near expiry"
[STDERR  ] 2018-03-02T13:58:21.323889342Z: time="2018-03-02T13:58:21Z" level=warning msg="certificate with CN  is near expiry"
[STDERR  ] 2018-03-02T13:58:21.323944164Z: time="2018-03-02T13:58:21Z" level=warning msg="certificate with CN Ian Campbell is near expiry"
[STDERR  ] 2018-03-02T13:58:21.483587818Z:   Create OCI config for linuxkit/ip:v0.2
[STDERR  ] 2018-03-02T13:58:22.573428155Z: time="2018-03-02T13:58:22Z" level=warning msg="certificate with CN  is near expiry"
[STDERR  ] 2018-03-02T13:58:22.573492205Z: time="2018-03-02T13:58:22Z" level=warning msg="certificate with CN Justin Cormack is near expiry"
[STDERR  ] 2018-03-02T13:58:22.573643849Z: time="2018-03-02T13:58:22Z" level=warning msg="certificate with CN avi@atomicinc.com is near expiry"
[STDERR  ] 2018-03-02T13:58:22.573667743Z: time="2018-03-02T13:58:22Z" level=warning msg="certificate with CN  is near expiry"
[STDERR  ] 2018-03-02T13:58:22.573746055Z: time="2018-03-02T13:58:22Z" level=warning msg="certificate with CN Ian Campbell is near expiry"
[STDERR  ] 2018-03-02T13:58:22.576462797Z: time="2018-03-02T13:58:22Z" level=warning msg="certificate with CN  is near expiry"
[STDERR  ] 2018-03-02T13:58:22.576706008Z: time="2018-03-02T13:58:22Z" level=warning msg="certificate with CN Ian Campbell is near expiry"
[STDERR  ] 2018-03-02T13:58:22.578008759Z: time="2018-03-02T13:58:22Z" level=warning msg="certificate with CN Justin Cormack is near expiry"
[STDERR  ] 2018-03-02T13:58:22.578959446Z: time="2018-03-02T13:58:22Z" level=warning msg="certificate with CN avi@atomicinc.com is near expiry"
[STDERR  ] 2018-03-02T13:58:22.579012882Z: time="2018-03-02T13:58:22Z" level=warning msg="certificate with CN  is near expiry"
[STDERR  ] 2018-03-02T13:58:23.083851640Z:   Create OCI config for linuxkit/ip:v0.2
[STDERR  ] 2018-03-02T13:58:24.112299627Z: time="2018-03-02T13:58:24Z" level=warning msg="certificate with CN avi@atomicinc.com is near expiry"
[STDERR  ] 2018-03-02T13:58:24.112389621Z: time="2018-03-02T13:58:24Z" level=warning msg="certificate with CN  is near expiry"
[STDERR  ] 2018-03-02T13:58:24.112598965Z: time="2018-03-02T13:58:24Z" level=warning msg="certificate with CN Ian Campbell is near expiry"
[STDERR  ] 2018-03-02T13:58:24.112641525Z: time="2018-03-02T13:58:24Z" level=warning msg="certificate with CN  is near expiry"
[STDERR  ] 2018-03-02T13:58:24.112725559Z: time="2018-03-02T13:58:24Z" level=warning msg="certificate with CN Justin Cormack is near expiry"
[STDERR  ] 2018-03-02T13:58:24.114377377Z: time="2018-03-02T13:58:24Z" level=warning msg="certificate with CN Ian Campbell is near expiry"
[STDERR  ] 2018-03-02T13:58:24.114418029Z: time="2018-03-02T13:58:24Z" level=warning msg="certificate with CN  is near expiry"
[STDERR  ] 2018-03-02T13:58:24.115100062Z: time="2018-03-02T13:58:24Z" level=warning msg="certificate with CN Justin Cormack is near expiry"
[STDERR  ] 2018-03-02T13:58:24.115739905Z: time="2018-03-02T13:58:24Z" level=warning msg="certificate with CN avi@atomicinc.com is near expiry"
[STDERR  ] 2018-03-02T13:58:24.115772691Z: time="2018-03-02T13:58:24Z" level=warning msg="certificate with CN  is near expiry"
[STDERR  ] 2018-03-02T13:58:24.497928955Z: Add onshutdown containers:
[STDERR  ] 2018-03-02T13:58:24.497987741Z:   Create OCI config for alpine:3.7
[STDERR  ] 2018-03-02T13:58:25.699310909Z: Add service containers:
[STDERR  ] 2018-03-02T13:58:25.699369880Z:   Create OCI config for nginx:1.13.7
[STDERR  ] 2018-03-02T13:58:26.761703306Z: Pull image: docker.io/library/nginx:1.13.7@sha256:edc8182581fdaa985a39b3021836aa09a69f9b966d1a0ff2f338be6f2fbfe238
[STDERR  ] 2018-03-02T13:58:33.475041530Z:   Create OCI config for alpine:3.7
[STDERR  ] 2018-03-02T13:58:34.715147115Z: Add files:
[STDERR  ] 2018-03-02T13:58:34.715217962Z:   etc/wireguard/wg0.conf
[STDERR  ] 2018-03-02T13:58:34.715237790Z:   etc/wireguard/wg1.conf
[STDERR  ] 2018-03-02T13:58:34.715253857Z:   check.sh
[STDERR  ] 2018-03-02T13:58:34.730718474Z: Create outputs:
[STDERR  ] 2018-03-02T13:58:47.835461675Z:   wireguard-kernel wireguard-initrd.img wireguard-cmdline
[STDERR  ] 2018-03-02T13:58:47.948507240Z: + linuxkit run wireguard
[STDERR  ] 2018-03-02T13:58:47.972846703Z: Unable to find qemu-system-x86_64 within the $PATH. Using a container
[STDERR  ] 2018-03-02T13:59:01.970008991Z: + RESULT=[    0.000000] Linux version 4.9.81-linuxkit (root@131493a180c4) (gcc version 6.4.0 (Alpine 6.4.0) ) #1 SMP Tue Feb 13 18:31:25 UTC 2018
[STDERR  ] 2018-03-02T13:59:01.970089505Z: [    0.000000] Command line: console=ttyS0 console=ttyAMA0
[STDERR  ] 2018-03-02T13:59:01.970106772Z: [    0.000000] x86/fpu: Legacy x87 FPU detected.
[STDERR  ] 2018-03-02T13:59:01.970129866Z: [    0.000000] x86/fpu: Using 'eager' FPU context switches.
[STDERR  ] 2018-03-02T13:59:01.970145326Z: [    0.000000] e820: BIOS-provided physical RAM map:
[STDERR  ] 2018-03-02T13:59:01.970160169Z: [    0.000000] BIOS-e820: [mem 0x0000000000000000-0x000000000009fbff] usable
[STDERR  ] 2018-03-02T13:59:01.970176460Z: [    0.000000] BIOS-e820: [mem 0x000000000009fc00-0x000000000009ffff] reserved
[STDERR  ] 2018-03-02T13:59:01.970191338Z: [    0.000000] BIOS-e820: [mem 0x00000000000f0000-0x00000000000fffff] reserved
[STDERR  ] 2018-03-02T13:59:01.970205171Z: [    0.000000] BIOS-e820: [mem 0x0000000000100000-0x000000003ffdefff] usable
[STDERR  ] 2018-03-02T13:59:01.970219142Z: [    0.000000] BIOS-e820: [mem 0x000000003ffdf000-0x000000003fffffff] reserved
[STDERR  ] 2018-03-02T13:59:01.970236249Z: [    0.000000] BIOS-e820: [mem 0x00000000b0000000-0x00000000bfffffff] reserved
[STDERR  ] 2018-03-02T13:59:01.970258512Z: [    0.000000] BIOS-e820: [mem 0x00000000fed1c000-0x00000000fed1ffff] reserved
[STDERR  ] 2018-03-02T13:59:01.970274306Z: [    0.000000] BIOS-e820: [mem 0x00000000feffc000-0x00000000feffffff] reserved
[STDERR  ] 2018-03-02T13:59:01.970290219Z: [    0.000000] BIOS-e820: [mem 0x00000000fffc0000-0x00000000ffffffff] reserved
[STDERR  ] 2018-03-02T13:59:01.970303903Z: [    0.000000] NX (Execute Disable) protection: active
[STDERR  ] 2018-03-02T13:59:01.970320227Z: [    0.000000] SMBIOS 2.8 present.
[STDERR  ] 2018-03-02T13:59:01.970334216Z: [    0.000000] Hypervisor detected: KVM
[STDERR  ] 2018-03-02T13:59:01.970350418Z: [    0.000000] e820: last_pfn = 0x3ffdf max_arch_pfn = 0x400000000
[STDERR  ] 2018-03-02T13:59:01.970364492Z: [    0.000000] x86/PAT: PAT not supported by CPU.
[STDERR  ] 2018-03-02T13:59:01.970378045Z: [    0.000000] x86/PAT: Configuration [0-7]: WB  WT  UC- UC  WB  WT  UC- UC  
[STDERR  ] 2018-03-02T13:59:01.970392552Z: [    0.000000] found SMP MP-table at [mem 0x000f6aa0-0x000f6aaf] mapped at [ffff9ed3800f6aa0]
[STDERR  ] 2018-03-02T13:59:01.970410679Z: [    0.000000] RAMDISK: [mem 0x3aa5c000-0x3ffcffff]
[STDERR  ] 2018-03-02T13:59:01.970425378Z: [    0.000000] ACPI: Early table checksum verification disabled
[STDERR  ] 2018-03-02T13:59:01.970439986Z: [    0.000000] ACPI: RSDP 0x00000000000F68B0 000014 (v00 BOCHS )
[STDERR  ] 2018-03-02T13:59:01.970462153Z: [    0.000000] ACPI: RSDT 0x000000003FFE20A8 000034 (v01 BOCHS  BXPCRSDT 00000001 BXPC 00000001)
[STDERR  ] 2018-03-02T13:59:01.970484886Z: [    0.000000] ACPI: FACP 0x000000003FFE1EC8 0000F4 (v03 BOCHS  BXPCFACP 00000001 BXPC 00000001)
[STDERR  ] 2018-03-02T13:59:01.970504811Z: [    0.000000] ACPI: DSDT 0x000000003FFE0040 001E88 (v01 BOCHS  BXPCDSDT 00000001 BXPC 00000001)
[STDERR  ] 2018-03-02T13:59:01.970614976Z: [    0.000000] ACPI: FACS 0x000000003FFE0000 000040
[STDERR  ] 2018-03-02T13:59:01.970629780Z: [    0.000000] ACPI: APIC 0x000000003FFE1FBC 000078 (v01 BOCHS  BXPCAPIC 00000001 BXPC 00000001)
[STDERR  ] 2018-03-02T13:59:01.970663549Z: [    0.000000] ACPI: HPET 0x000000003FFE2034 000038 (v01 BOCHS  BXPCHPET 00000001 BXPC 00000001)
[STDERR  ] 2018-03-02T13:59:01.970677795Z: [    0.000000] ACPI: MCFG 0x000000003FFE206C 00003C (v01 BOCHS  BXPCMCFG 00000001 BXPC 00000001)
[STDERR  ] 2018-03-02T13:59:01.970707438Z: [    0.000000] kvm-clock: Using msrs 4b564d01 and 4b564d00
[STDERR  ] 2018-03-02T13:59:01.970734389Z: [    0.000000] kvm-clock: cpu 0, msr 0:3ffdd001, primary cpu clock
[STDERR  ] 2018-03-02T13:59:01.970749012Z: [    0.000000] clocksource: kvm-clock: mask: 0xffffffffffffffff max_cycles: 0x1cd42e4dffb, max_idle_ns: 881590591483 ns
[STDERR  ] 2018-03-02T13:59:01.970773440Z: [    0.000000] Zone ranges:
[STDERR  ] 2018-03-02T13:59:01.970798876Z: [    0.000000]   DMA      [mem 0x0000000000001000-0x0000000000ffffff]
[STDERR  ] 2018-03-02T13:59:01.970824240Z: [    0.000000]   DMA32    [mem 0x0000000001000000-0x000000003ffdefff]
[STDERR  ] 2018-03-02T13:59:01.970846116Z: [    0.000000]   Normal   empty
[STDERR  ] 2018-03-02T13:59:01.970859620Z: [    0.000000] Movable zone start for each node
[STDERR  ] 2018-03-02T13:59:01.970872595Z: [    0.000000] Early memory node ranges
[STDERR  ] 2018-03-02T13:59:01.970893082Z: [    0.000000]   node   0: [mem 0x0000000000001000-0x000000000009efff]
[STDERR  ] 2018-03-02T13:59:01.970909652Z: [    0.000000]   node   0: [mem 0x0000000000100000-0x000000003ffdefff]
[STDERR  ] 2018-03-02T13:59:01.970959389Z: [    0.000000] Initmem setup node 0 [mem 0x0000000000001000-0x000000003ffdefff]
[STDERR  ] 2018-03-02T13:59:01.970975271Z: [    0.000000] ACPI: PM-Timer IO Port: 0x608
[STDERR  ] 2018-03-02T13:59:01.970988135Z: [    0.000000] ACPI: LAPIC_NMI (acpi_id[0xff] dfl dfl lint[0x1])
[STDERR  ] 2018-03-02T13:59:01.971009951Z: [    0.000000] IOAPIC[0]: apic_id 0, version 17, address 0xfec00000, GSI 0-23
[STDERR  ] 2018-03-02T13:59:01.971037107Z: [    0.000000] ACPI: INT_SRC_OVR (bus 0 bus_irq 0 global_irq 2 dfl dfl)
[STDERR  ] 2018-03-02T13:59:01.971063875Z: [    0.000000] ACPI: INT_SRC_OVR (bus 0 bus_irq 5 global_irq 5 high level)
[STDERR  ] 2018-03-02T13:59:01.971089920Z: [    0.000000] ACPI: INT_SRC_OVR (bus 0 bus_irq 9 global_irq 9 high level)
[STDERR  ] 2018-03-02T13:59:01.971108471Z: [    0.000000] ACPI: INT_SRC_OVR (bus 0 bus_irq 10 global_irq 10 high level)
[STDERR  ] 2018-03-02T13:59:01.971124260Z: [    0.000000] ACPI: INT_SRC_OVR (bus 0 bus_irq 11 global_irq 11 high level)
[STDERR  ] 2018-03-02T13:59:01.971136652Z: [    0.000000] Using ACPI (MADT) for SMP configuration information
[STDERR  ] 2018-03-02T13:59:01.971154298Z: [    0.000000] ACPI: HPET id: 0x8086a201 base: 0xfed00000
[STDERR  ] 2018-03-02T13:59:01.971167445Z: [    0.000000] smpboot: Allowing 1 CPUs, 0 hotplug CPUs
[STDERR  ] 2018-03-02T13:59:01.971179613Z: [    0.000000] e820: [mem 0x40000000-0xafffffff] available for PCI devices
[STDERR  ] 2018-03-02T13:59:01.971194923Z: [    0.000000] Booting paravirtualized kernel on KVM
[STDERR  ] 2018-03-02T13:59:01.971206682Z: [    0.000000] clocksource: refined-jiffies: mask: 0xffffffff max_cycles: 0xffffffff, max_idle_ns: 19112604462750000 ns
[STDERR  ] 2018-03-02T13:59:01.971219771Z: [    0.000000] setup_percpu: NR_CPUS:128 nr_cpumask_bits:128 nr_cpu_ids:1 nr_node_ids:1
[STDERR  ] 2018-03-02T13:59:01.971232485Z: [    0.000000] percpu: Embedded 36 pages/cpu @ffff9ed3ba800000 s106904 r8192 d32360 u2097152
[STDERR  ] 2018-03-02T13:59:01.971246227Z: [    0.000000] KVM setup async PF for cpu 0
[STDERR  ] 2018-03-02T13:59:01.971263388Z: [    0.000000] kvm-stealtime: cpu 0, msr 3a80fd80
[STDERR  ] 2018-03-02T13:59:01.971275837Z: [    0.000000] Built 1 zonelists in Zone order, mobility grouping on.  Total pages: 257896
[STDERR  ] 2018-03-02T13:59:01.971292787Z: [    0.000000] Kernel command line: console=ttyS0 console=ttyAMA0
[STDERR  ] 2018-03-02T13:59:01.971316499Z: [    0.000000] PID hash table entries: 4096 (order: 3, 32768 bytes)
[STDERR  ] 2018-03-02T13:59:01.971332823Z: [    0.000000] Dentry cache hash table entries: 131072 (order: 8, 1048576 bytes)
[STDERR  ] 2018-03-02T13:59:01.971353103Z: [    0.000000] Inode-cache hash table entries: 65536 (order: 7, 524288 bytes)
[STDERR  ] 2018-03-02T13:59:01.971372600Z: [    0.000000] Memory: 926612K/1048052K available (8054K kernel code, 1391K rwdata, 2700K rodata, 1404K init, 564K bss, 121440K reserved, 0K cma-reserved)
[STDERR  ] 2018-03-02T13:59:01.971388417Z: [    0.000000] Kernel/User page tables isolation: enabled
[STDERR  ] 2018-03-02T13:59:01.971404533Z: [    0.000000] Hierarchical RCU implementation.
[STDERR  ] 2018-03-02T13:59:01.971417357Z: [    0.000000] 	Build-time adjustment of leaf fanout to 64.
[STDERR  ] 2018-03-02T13:59:01.971429401Z: [    0.000000] 	RCU restricting CPUs from NR_CPUS=128 to nr_cpu_ids=1.
[STDERR  ] 2018-03-02T13:59:01.971449252Z: [    0.000000] RCU: Adjusting geometry for rcu_fanout_leaf=64, nr_cpu_ids=1
[STDERR  ] 2018-03-02T13:59:01.971462948Z: [    0.000000] NR_IRQS:8448 nr_irqs:256 16
[STDERR  ] 2018-03-02T13:59:01.971479296Z: [    0.000000] Console: colour VGA+ 80x25
[STDERR  ] 2018-03-02T13:59:01.971495803Z: [    0.000000] console [ttyS0] enabled
[STDERR  ] 2018-03-02T13:59:01.971509067Z: [    0.000000] clocksource: hpet: mask: 0xffffffff max_cycles: 0xffffffff, max_idle_ns: 19112604467 ns
[STDERR  ] 2018-03-02T13:59:01.971538853Z: [    0.000000] tsc: Detected 2300.000 MHz processor
[STDERR  ] 2018-03-02T13:59:01.971552770Z: [    0.020000] Calibrating delay loop (skipped) preset value.. 4600.00 BogoMIPS (lpj=23000000)
[STDERR  ] 2018-03-02T13:59:01.971584188Z: [    0.023745] pid_max: default: 32768 minimum: 301
[STDERR  ] 2018-03-02T13:59:01.971598141Z: [    0.030049] ACPI: Core revision 20160831
[STDERR  ] 2018-03-02T13:59:01.971612534Z: [    0.040368] ACPI: 1 ACPI AML tables successfully acquired and loaded
[STDERR  ] 2018-03-02T13:59:01.971633274Z: [    0.049059] Security Framework initialized
[STDERR  ] 2018-03-02T13:59:01.971647940Z: [    0.050035] Yama: becoming mindful.
[STDERR  ] 2018-03-02T13:59:01.971663632Z: [    0.054567] Mount-cache hash table entries: 2048 (order: 2, 16384 bytes)
[STDERR  ] 2018-03-02T13:59:01.971677057Z: [    0.060037] Mountpoint-cache hash table entries: 2048 (order: 2, 16384 bytes)
[STDERR  ] 2018-03-02T13:59:01.971693624Z: [    0.080704] CPU: Physical Processor ID: 0
[STDERR  ] 2018-03-02T13:59:01.971710417Z: [    0.086578] Last level iTLB entries: 4KB 0, 2MB 0, 4MB 0
[STDERR  ] 2018-03-02T13:59:01.971722984Z: [    0.090027] Last level dTLB entries: 4KB 0, 2MB 0, 4MB 0, 1GB 0
[STDERR  ] 2018-03-02T13:59:01.971739354Z: [    0.100024] Spectre V2 : Vulnerable: Minimal generic ASM retpoline
[STDERR  ] 2018-03-02T13:59:01.971752612Z: [    0.230489] Freeing SMP alternatives memory: 20K
[STDERR  ] 2018-03-02T13:59:01.971770017Z: [    0.268738] ftrace: allocating 35563 entries in 139 pages
[STDERR  ] 2018-03-02T13:59:01.971786886Z: [    0.290132] smpboot: Max logical packages: 1
[STDERR  ] 2018-03-02T13:59:01.971811030Z: [    0.303079] x2apic enabled
[STDERR  ] 2018-03-02T13:59:01.971827388Z: [    0.310039] Switched APIC routing to physical x2apic.
[STDERR  ] 2018-03-02T13:59:01.971849724Z: [    0.329051] ..TIMER: vector=0x30 apic1=0 pin1=2 apic2=-1 pin2=-1
[STDERR  ] 2018-03-02T13:59:01.971880883Z: [    0.330000] smpboot: CPU0: Intel QEMU Virtual CPU version 2.5+ (family: 0x6, model: 0x6, stepping: 0x3)
[STDERR  ] 2018-03-02T13:59:01.971908150Z: [    0.332235] Performance Events: PMU not available due to virtualization, using software events only.
[STDERR  ] 2018-03-02T13:59:01.971928457Z: [    0.350611] x86: Booted up 1 node, 1 CPUs
[STDERR  ] 2018-03-02T13:59:01.971941914Z: [    0.355934] smpboot: Total of 1 processors activated (4600.00 BogoMIPS)
[STDERR  ] 2018-03-02T13:59:01.971954319Z: [    0.363025] devtmpfs: initialized
[STDERR  ] 2018-03-02T13:59:01.971981880Z: [    0.370089] x86/mm: Memory block size: 128MB
[STDERR  ] 2018-03-02T13:59:01.972000783Z: [    0.382128] clocksource: jiffies: mask: 0xffffffff max_cycles: 0xffffffff, max_idle_ns: 19112604462750000 ns
[STDERR  ] 2018-03-02T13:59:01.972034340Z: [    0.390021] futex hash table entries: 256 (order: 2, 16384 bytes)
[STDERR  ] 2018-03-02T13:59:01.972055860Z: [    0.400234] NET: Registered protocol family 16
[STDERR  ] 2018-03-02T13:59:01.972079447Z: [    0.406483] cpuidle: using governor ladder
[STDERR  ] 2018-03-02T13:59:01.972102347Z: [    0.410007] cpuidle: using governor menu
[STDERR  ] 2018-03-02T13:59:01.972118967Z: [    0.420379] ACPI: bus type PCI registered
[STDERR  ] 2018-03-02T13:59:01.972131472Z: [    0.426474] PCI: MMCONFIG for domain 0000 [bus 00-ff] at [mem 0xb0000000-0xbfffffff] (base 0xb0000000)
[STDERR  ] 2018-03-02T13:59:01.972144397Z: [    0.430011] PCI: MMCONFIG at [mem 0xb0000000-0xbfffffff] reserved in E820
[STDERR  ] 2018-03-02T13:59:01.972159468Z: [    0.440027] PCI: Using configuration type 1 for base access
[STDERR  ] 2018-03-02T13:59:01.972180910Z: [    0.452461] HugeTLB registered 2 MB page size, pre-allocated 0 pages
[STDERR  ] 2018-03-02T13:59:01.972209917Z: [    0.460259] ACPI: Added _OSI(Module Device)
[STDERR  ] 2018-03-02T13:59:01.972227210Z: [    0.470005] ACPI: Added _OSI(Processor Device)
[STDERR  ] 2018-03-02T13:59:01.972247904Z: [    0.475847] ACPI: Added _OSI(3.0 _SCP Extensions)
[STDERR  ] 2018-03-02T13:59:01.972266546Z: [    0.480007] ACPI: Added _OSI(Processor Aggregator Device)
[STDERR  ] 2018-03-02T13:59:01.972279326Z: [    0.495098] ACPI: Interpreter enabled
[STDERR  ] 2018-03-02T13:59:01.972292023Z: [    0.500018] ACPI: (supports S0 S5)
[STDERR  ] 2018-03-02T13:59:01.972305021Z: [    0.505078] ACPI: Using IOAPIC for interrupt routing
[STDERR  ] 2018-03-02T13:59:01.972317832Z: [    0.510081] PCI: Using host bridge windows from ACPI; if necessary, use "pci=nocrs" and report a bug
[STDERR  ] 2018-03-02T13:59:01.972330666Z: [    0.531027] ACPI: PCI Root Bridge [PCI0] (domain 0000 [bus 00-ff])
[STDERR  ] 2018-03-02T13:59:01.972339019Z: [    0.540018] acpi PNP0A08:00: _OSC: OS supports [ExtendedConfig ASPM ClockPM Segments MSI]
[STDERR  ] 2018-03-02T13:59:01.972347156Z: [    0.550180] acpi PNP0A08:00: _OSC: OS now controls [PCIeHotplug PME PCIeCapability]
[STDERR  ] 2018-03-02T13:59:01.972355096Z: [    0.560093] PCI host bridge to bus 0000:00
[STDERR  ] 2018-03-02T13:59:01.972363199Z: [    0.565763] pci_bus 0000:00: root bus resource [io  0x0000-0x0cf7 window]
[STDERR  ] 2018-03-02T13:59:01.972378639Z: [    0.570015] pci_bus 0000:00: root bus resource [io  0x0d00-0xffff window]
[STDERR  ] 2018-03-02T13:59:01.972386488Z: [    0.580012] pci_bus 0000:00: root bus resource [mem 0x000a0000-0x000bffff window]
[STDERR  ] 2018-03-02T13:59:01.972394503Z: [    0.590013] pci_bus 0000:00: root bus resource [mem 0xc0000000-0xfebfffff window]
[STDERR  ] 2018-03-02T13:59:01.972402486Z: [    0.600015] pci_bus 0000:00: root bus resource [bus 00-ff]
[STDERR  ] 2018-03-02T13:59:01.972413317Z: [    0.737465] pci 0000:00:1f.0: quirk: [io  0x0600-0x067f] claimed by ICH6 ACPI/GPIO/TCO
[STDERR  ] 2018-03-02T13:59:01.972447740Z: [    0.803755] ACPI: PCI Interrupt Link [LNKA] (IRQs 5 *10 11)
[STDERR  ] 2018-03-02T13:59:01.972459128Z: [    0.812578] ACPI: PCI Interrupt Link [LNKB] (IRQs 5 *10 11)
[STDERR  ] 2018-03-02T13:59:01.972467062Z: [    0.822648] ACPI: PCI Interrupt Link [LNKC] (IRQs 5 10 *11)
[STDERR  ] 2018-03-02T13:59:01.972475217Z: [    0.831133] ACPI: PCI Interrupt Link [LNKD] (IRQs 5 10 *11)
[STDERR  ] 2018-03-02T13:59:01.972488140Z: [    0.840208] ACPI: PCI Interrupt Link [LNKE] (IRQs 5 *10 11)
[STDERR  ] 2018-03-02T13:59:01.972496398Z: [    0.848863] ACPI: PCI Interrupt Link [LNKF] (IRQs 5 *10 11)
[STDERR  ] 2018-03-02T13:59:01.972504382Z: [    0.852535] ACPI: PCI Interrupt Link [LNKG] (IRQs 5 10 *11)
[STDERR  ] 2018-03-02T13:59:01.972521649Z: [    0.862458] ACPI: PCI Interrupt Link [LNKH] (IRQs 5 10 *11)
[STDERR  ] 2018-03-02T13:59:01.972530225Z: [    0.872470] ACPI: PCI Interrupt Link [GSIA] (IRQs *16)
[STDERR  ] 2018-03-02T13:59:01.972543842Z: [    0.881180] ACPI: PCI Interrupt Link [GSIB] (IRQs *17)
[STDERR  ] 2018-03-02T13:59:01.972552911Z: [    0.890450] ACPI: PCI Interrupt Link [GSIC] (IRQs *18)
[STDERR  ] 2018-03-02T13:59:01.972560905Z: [    0.898696] ACPI: PCI Interrupt Link [GSID] (IRQs *19)
[STDERR  ] 2018-03-02T13:59:01.972574634Z: [    0.901196] ACPI: PCI Interrupt Link [GSIE] (IRQs *20)
[STDERR  ] 2018-03-02T13:59:01.972583101Z: [    0.911187] ACPI: PCI Interrupt Link [GSIF] (IRQs *21)
[STDERR  ] 2018-03-02T13:59:01.972591028Z: [    0.921307] ACPI: PCI Interrupt Link [GSIG] (IRQs *22)
[STDERR  ] 2018-03-02T13:59:01.972598937Z: [    0.930016] ACPI: PCI Interrupt Link [GSIH] (IRQs *23)
[STDERR  ] 2018-03-02T13:59:01.972606874Z: [    0.937920] ACPI: Enabled 1 GPEs in block 00 to 3F
[STDERR  ] 2018-03-02T13:59:01.972617529Z: [    0.940504] SCSI subsystem initialized
[STDERR  ] 2018-03-02T13:59:01.972625445Z: [    0.950081] ACPI: bus type USB registered
[STDERR  ] 2018-03-02T13:59:01.972638831Z: [    0.955829] usbcore: registered new interface driver usbfs
[STDERR  ] 2018-03-02T13:59:01.972647088Z: [    0.960052] usbcore: registered new interface driver hub
[STDERR  ] 2018-03-02T13:59:01.972655304Z: [    0.970043] usbcore: registered new device driver usb
[STDERR  ] 2018-03-02T13:59:01.972663207Z: [    0.977208] pps_core: LinuxPPS API ver. 1 registered
[STDERR  ] 2018-03-02T13:59:01.972671067Z: [    0.980008] pps_core: Software ver. 5.3.6 - Copyright 2005-2007 Rodolfo Giometti <giometti@linux.it>
[STDERR  ] 2018-03-02T13:59:01.972679464Z: [    0.990033] PTP clock support registered
[STDERR  ] 2018-03-02T13:59:01.972687407Z: [    1.000144] PCI: Using ACPI for IRQ routing
[STDERR  ] 2018-03-02T13:59:01.972695297Z: [    1.417359] NetLabel: Initializing
[STDERR  ] 2018-03-02T13:59:01.972703111Z: [    1.420009] NetLabel:  domain hash size = 128
[STDERR  ] 2018-03-02T13:59:01.972711240Z: [    1.425711] NetLabel:  protocols = UNLABELED CIPSOv4
[STDERR  ] 2018-03-02T13:59:01.972719133Z: [    1.430040] NetLabel:  unlabeled traffic allowed by default
[STDERR  ] 2018-03-02T13:59:01.972727287Z: [    1.440049] wmi: Mapper loaded
[STDERR  ] 2018-03-02T13:59:01.972738514Z: [    1.444332] HPET: 3 timers in total, 0 timers will be used for per-cpu timer
[STDERR  ] 2018-03-02T13:59:01.972747087Z: [    1.450145] hpet0: at MMIO 0xfed00000, IRQs 2, 8, 0
[STDERR  ] 2018-03-02T13:59:01.972757473Z: [    1.461761] hpet0: 3 comparators, 64-bit 100.000000 MHz counter
[STDERR  ] 2018-03-02T13:59:01.972765348Z: [    1.475979] clocksource: Switched to clocksource kvm-clock
[STDERR  ] 2018-03-02T13:59:01.972773421Z: [    1.489586] VFS: Disk quotas dquot_6.6.0
[STDERR  ] 2018-03-02T13:59:01.972783015Z: [    1.494986] VFS: Dquot-cache hash table entries: 512 (order 0, 4096 bytes)
[STDERR  ] 2018-03-02T13:59:01.972791020Z: [    1.504321] FS-Cache: Loaded
[STDERR  ] 2018-03-02T13:59:01.972799037Z: [    1.508334] CacheFiles: Loaded
[STDERR  ] 2018-03-02T13:59:01.972806918Z: [    1.512749] pnp: PnP ACPI init
[STDERR  ] 2018-03-02T13:59:01.972814867Z: [    1.517801] pnp: PnP ACPI: found 5 devices
[STDERR  ] 2018-03-02T13:59:01.972822844Z: [    1.529612] clocksource: acpi_pm: mask: 0xffffff max_cycles: 0xffffff, max_idle_ns: 2085701024 ns
[STDERR  ] 2018-03-02T13:59:01.972830928Z: [    1.541778] NET: Registered protocol family 2
[STDERR  ] 2018-03-02T13:59:01.972838694Z: [    1.547630] TCP established hash table entries: 8192 (order: 4, 65536 bytes)
[STDERR  ] 2018-03-02T13:59:01.972846560Z: [    1.557013] TCP bind hash table entries: 8192 (order: 5, 131072 bytes)
[STDERR  ] 2018-03-02T13:59:01.972854384Z: [    1.566096] TCP: Hash tables configured (established 8192 bind 8192)
[STDERR  ] 2018-03-02T13:59:01.972864551Z: [    1.575167] UDP hash table entries: 512 (order: 2, 16384 bytes)
[STDERR  ] 2018-03-02T13:59:01.972872533Z: [    1.583460] UDP-Lite hash table entries: 512 (order: 2, 16384 bytes)
[STDERR  ] 2018-03-02T13:59:01.972880287Z: [    1.592266] NET: Registered protocol family 1
[STDERR  ] 2018-03-02T13:59:01.972888117Z: [    1.598332] pci 0000:00:01.0: Video device with shadowed ROM at [mem 0x000c0000-0x000dffff]
[STDERR  ] 2018-03-02T13:59:01.972900127Z: [    1.610388] Unpacking initramfs...
[STDERR  ] 2018-03-02T13:59:01.972910417Z: [    2.975779] Freeing initrd memory: 87504K
[STDERR  ] 2018-03-02T13:59:01.972918661Z: [    2.982197] PCLMULQDQ-NI instructions are not detected.
[STDERR  ] 2018-03-02T13:59:01.972928653Z: [    2.989570] AVX or AES-NI instructions are not detected.
[STDERR  ] 2018-03-02T13:59:01.972936760Z: [    2.996633] CPU feature 'AVX registers' is not supported.
[STDERR  ] 2018-03-02T13:59:01.972944909Z: [    3.003861] CPU feature 'AVX registers' is not supported.
[STDERR  ] 2018-03-02T13:59:01.972952844Z: [    3.011077] CPU feature 'AVX registers' is not supported.
[STDERR  ] 2018-03-02T13:59:01.972960708Z: [    3.018340] CPU feature 'AVX registers' is not supported.
[STDERR  ] 2018-03-02T13:59:01.972968571Z: [    3.026108] AVX2 or AES-NI instructions are not detected.
[STDERR  ] 2018-03-02T13:59:01.972980909Z: [    3.033430] AVX2 instructions are not detected.
[STDERR  ] 2018-03-02T13:59:01.972988888Z: [    3.039551] audit: initializing netlink subsys (disabled)
[STDERR  ] 2018-03-02T13:59:01.972996858Z: [    3.046763] audit: type=2000 audit(1519999132.282:1): initialized
[STDERR  ] 2018-03-02T13:59:01.973006774Z: [    3.055548] workingset: timestamp_bits=46 max_order=18 bucket_order=0
[STDERR  ] 2018-03-02T13:59:01.973014848Z: [    3.064453] squashfs: version 4.0 (2009/01/31) Phillip Lougher
[STDERR  ] 2018-03-02T13:59:01.973022781Z: [    3.072129] FS-Cache: Netfs 'cifs' registered for caching
[STDERR  ] 2018-03-02T13:59:01.973030745Z: [    3.079371] fuse init (API version 7.26)
[STDERR  ] 2018-03-02T13:59:01.973038685Z: [    3.084982] SGI XFS with ACLs, security attributes, no debug enabled
[STDERR  ] 2018-03-02T13:59:01.973046682Z: [    3.094216] 9p: Installing v9fs 9p2000 file system support
[STDERR  ] 2018-03-02T13:59:01.973054567Z: [    3.101691] FS-Cache: Netfs '9p' registered for caching
[STDERR  ] 2018-03-02T13:59:01.973062517Z: [    3.109855] NET: Registered protocol family 38
[STDERR  ] 2018-03-02T13:59:01.973070473Z: [    3.115843] Key type asymmetric registered
[STDERR  ] 2018-03-02T13:59:01.973078205Z: [    3.121198] Asymmetric key parser 'x509' registered
[STDERR  ] 2018-03-02T13:59:01.973086124Z: [    3.127751] Block layer SCSI generic (bsg) driver version 0.4 loaded (major 251)
[STDERR  ] 2018-03-02T13:59:01.973094024Z: [    3.137826] io scheduler noop registered
[STDERR  ] 2018-03-02T13:59:01.973101884Z: [    3.142901] io scheduler deadline registered (default)
[STDERR  ] 2018-03-02T13:59:01.973109677Z: [    3.149744] io scheduler cfq registered
[STDERR  ] 2018-03-02T13:59:01.973117431Z: [    3.158188] pci_hotplug: PCI Hot Plug PCI Core version: 0.5
[STDERR  ] 2018-03-02T13:59:01.973125301Z: [    3.166104] pciehp: PCI Express Hot Plug Controller Driver version: 0.4
[STDERR  ] 2018-03-02T13:59:01.973133193Z: [    3.174950] shpchp: Standard Hot Plug PCI Controller Driver version: 0.4
[STDERR  ] 2018-03-02T13:59:01.973141182Z: [    3.184534] hv_vmbus: registering driver hyperv_fb
[STDERR  ] 2018-03-02T13:59:01.973149022Z: [    3.191124] input: Power Button as /devices/LNXSYSTM:00/LNXPWRBN:00/input/input0
[STDERR  ] 2018-03-02T13:59:01.973156975Z: [    3.200997] ACPI: Power Button [PWRF]
[STDERR  ] 2018-03-02T13:59:01.973164868Z: [    3.206071] GHES: HEST is not enabled!
[STDERR  ] 2018-03-02T13:59:01.973174695Z: [    3.211652] ACPI: PCI Interrupt Link [GSIG] enabled at IRQ 22
[STDERR  ] 2018-03-02T13:59:01.973182757Z: [    3.225352] ACPI: PCI Interrupt Link [GSIH] enabled at IRQ 23
[STDERR  ] 2018-03-02T13:59:01.973192891Z: [    3.239568] xenfs: not registering filesystem on non-xen platform
[STDERR  ] 2018-03-02T13:59:01.973200917Z: [    3.246711] Serial: 8250/16550 driver, 4 ports, IRQ sharing disabled
[STDERR  ] 2018-03-02T13:59:01.973208808Z: [    3.288513] 00:04: ttyS0 at I/O 0x3f8 (irq = 4, base_baud = 115200) is a 16550A
[STDERR  ] 2018-03-02T13:59:01.973216728Z: [    3.297940] Non-volatile memory driver v1.3
[STDERR  ] 2018-03-02T13:59:01.973228717Z: [    3.304415] Hangcheck: starting hangcheck timer 0.9.1 (tick is 180 seconds, margin is 60 seconds).
[STDERR  ] 2018-03-02T13:59:01.973239137Z: [    3.315385] random: fast init done
[STDERR  ] 2018-03-02T13:59:01.973247128Z: [    3.319953] random: crng init done
[STDERR  ] 2018-03-02T13:59:01.973254934Z: [    3.326009] loop: module loaded
[STDERR  ] 2018-03-02T13:59:01.973262791Z: [    3.330594] nbd: registered device at major 43
[STDERR  ] 2018-03-02T13:59:01.973270905Z: [    3.337556] lpc_ich 0000:00:1f.0: I/O space for GPIO uninitialized
[STDERR  ] 2018-03-02T13:59:01.973278795Z: [    3.344995] VMware PVSCSI driver - version 1.0.7.0-k
[STDERR  ] 2018-03-02T13:59:01.973288268Z: [    3.350895] hv_vmbus: registering driver hv_storvsc
[STDERR  ] 2018-03-02T13:59:01.973297962Z: [    3.357240] ACPI: PCI Interrupt Link [GSIA] enabled at IRQ 16
[STDERR  ] 2018-03-02T13:59:01.973306480Z: [    3.367298] ahci 0000:00:1f.2: AHCI 0001.0000 32 slots 6 ports 1.5 Gbps 0x3f impl SATA mode
[STDERR  ] 2018-03-02T13:59:01.973318153Z: [    3.377250] ahci 0000:00:1f.2: flags: 64bit ncq only 
[STDERR  ] 2018-03-02T13:59:01.973326344Z: [    3.386737] scsi host0: ahci
[STDERR  ] 2018-03-02T13:59:01.973334462Z: [    3.390425] scsi host1: ahci
[STDERR  ] 2018-03-02T13:59:01.973342622Z: [    3.394043] scsi host2: ahci
[STDERR  ] 2018-03-02T13:59:01.973352761Z: [    3.397580] scsi host3: ahci
[STDERR  ] 2018-03-02T13:59:01.973360751Z: [    3.401172] scsi host4: ahci
[STDERR  ] 2018-03-02T13:59:01.973368558Z: [    3.404674] scsi host5: ahci
[STDERR  ] 2018-03-02T13:59:01.973376331Z: [    3.408324] ata1: SATA max UDMA/133 abar m4096@0xfebd2000 port 0xfebd2100 irq 24
[STDERR  ] 2018-03-02T13:59:01.973386102Z: [    3.416741] ata2: SATA max UDMA/133 abar m4096@0xfebd2000 port 0xfebd2180 irq 24
[STDERR  ] 2018-03-02T13:59:01.973394122Z: [    3.424659] ata3: SATA max UDMA/133 abar m4096@0xfebd2000 port 0xfebd2200 irq 24
[STDERR  ] 2018-03-02T13:59:01.973402127Z: [    3.432644] ata4: SATA max UDMA/133 abar m4096@0xfebd2000 port 0xfebd2280 irq 24
[STDERR  ] 2018-03-02T13:59:01.973410144Z: [    3.439936] ata5: SATA max UDMA/133 abar m4096@0xfebd2000 port 0xfebd2300 irq 24
[STDERR  ] 2018-03-02T13:59:01.973418667Z: [    3.447571] ata6: SATA max UDMA/133 abar m4096@0xfebd2000 port 0xfebd2380 irq 24
[STDERR  ] 2018-03-02T13:59:01.973430938Z: [    3.457813] tun: Universal TUN/TAP device driver, 1.6
[STDERR  ] 2018-03-02T13:59:01.973443318Z: [    3.463382] tun: (C) 1999-2004 Max Krasnyansky <maxk@qualcomm.com>
[STDERR  ] 2018-03-02T13:59:01.973456220Z: [    3.474514] VMware vmxnet3 virtual NIC driver - version 1.4.a.0-k-NAPI
[STDERR  ] 2018-03-02T13:59:01.973470074Z: [    3.482341] hv_vmbus: registering driver hv_netvsc
[STDERR  ] 2018-03-02T13:59:01.973483349Z: [    3.487884] Fusion MPT base driver 3.04.20
[STDERR  ] 2018-03-02T13:59:01.973496700Z: [    3.493019] Copyright (c) 1999-2008 LSI Corporation
[STDERR  ] 2018-03-02T13:59:01.973509191Z: [    3.498435] Fusion MPT SPI Host driver 3.04.20
[STDERR  ] 2018-03-02T13:59:01.973525954Z: [    3.503412] i8042: PNP: PS/2 Controller [PNP0303:KBD,PNP0f13:MOU] at 0x60,0x64 irq 1,12
[STDERR  ] 2018-03-02T13:59:01.973534178Z: [    3.515515] serio: i8042 KBD port at 0x60,0x64 irq 1
[STDERR  ] 2018-03-02T13:59:01.973542218Z: [    3.520955] serio: i8042 AUX port at 0x60,0x64 irq 12
[STDERR  ] 2018-03-02T13:59:01.973550231Z: [    3.526485] hv_vmbus: registering driver hyperv_keyboard
[STDERR  ] 2018-03-02T13:59:01.973558224Z: [    3.532462] mousedev: PS/2 mouse device common for all mice
[STDERR  ] 2018-03-02T13:59:01.973566064Z: [    3.539767] input: AT Translated Set 2 keyboard as /devices/platform/i8042/serio0/input/input1
[STDERR  ] 2018-03-02T13:59:01.973574254Z: [    3.549162] input: PC Speaker as /devices/platform/pcspkr/input/input2
[STDERR  ] 2018-03-02T13:59:01.973584655Z: [    3.556498] rtc_cmos 00:00: RTC can wake from S4
[STDERR  ] 2018-03-02T13:59:01.973592677Z: [    3.564083] rtc_cmos 00:00: rtc core: registered rtc_cmos as rtc0
[STDERR  ] 2018-03-02T13:59:01.973605040Z: [    3.571987] rtc_cmos 00:00: alarms up to one day, y3k, 114 bytes nvram, hpet irqs
[STDERR  ] 2018-03-02T13:59:01.973613554Z: [    3.579947] i2c /dev entries driver
[STDERR  ] 2018-03-02T13:59:01.973621561Z: [    3.583934] device-mapper: ioctl: 4.35.0-ioctl (2016-06-23) initialised: dm-devel@redhat.com
[STDERR  ] 2018-03-02T13:59:01.973631708Z: [    3.594510] usbcore: registered new interface driver usbhid
[STDERR  ] 2018-03-02T13:59:01.973641898Z: [    3.601209] usbhid: USB HID core driver
[STDERR  ] 2018-03-02T13:59:01.973650159Z: [    3.606048] hv_utils: Registering HyperV Utility Driver
[STDERR  ] 2018-03-02T13:59:01.973658088Z: [    3.613057] hv_vmbus: registering driver hv_util
[STDERR  ] 2018-03-02T13:59:01.973667936Z: [    3.618981] hv_vmbus: registering driver hv_balloon
[STDERR  ] 2018-03-02T13:59:01.973676623Z: [    3.625304] oprofile: using NMI interrupt.
[STDERR  ] 2018-03-02T13:59:01.973684592Z: [    3.629898] GACT probability on
[STDERR  ] 2018-03-02T13:59:01.973692721Z: [    3.633517] Mirror/redirect action on
[STDERR  ] 2018-03-02T13:59:01.973706658Z: [    3.637530] Simple TC action Loaded
[STDERR  ] 2018-03-02T13:59:01.973716655Z: [    3.641485] u32 classifier
[STDERR  ] 2018-03-02T13:59:01.973724808Z: [    3.644566]     Performance counters on
[STDERR  ] 2018-03-02T13:59:01.973732682Z: [    3.648931]     input device check on
[STDERR  ] 2018-03-02T13:59:01.973740648Z: [    3.653337]     Actions configured
[STDERR  ] 2018-03-02T13:59:01.973748598Z: [    3.657169] Netfilter messages via NETLINK v0.30.
[STDERR  ] 2018-03-02T13:59:01.973756752Z: [    3.662446] nfnl_acct: registering with nfnetlink.
[STDERR  ] 2018-03-02T13:59:01.973764802Z: [    3.667637] nf_conntrack version 0.5.0 (8192 buckets, 32768 max)
[STDERR  ] 2018-03-02T13:59:01.973772881Z: [    3.674686] ctnetlink v0.93: registering with nfnetlink.
[STDERR  ] 2018-03-02T13:59:01.973780750Z: [    3.680598] nf_tables: (c) 2007-2009 Patrick McHardy <kaber@trash.net>
[STDERR  ] 2018-03-02T13:59:01.973788865Z: [    3.687847] nf_tables_compat: (c) 2012 Pablo Neira Ayuso <pablo@netfilter.org>
[STDERR  ] 2018-03-02T13:59:01.973798639Z: [    3.696042] xt_time: kernel timezone is -0000
[STDERR  ] 2018-03-02T13:59:01.973806579Z: [    3.700808] ip_set: protocol 6
[STDERR  ] 2018-03-02T13:59:01.973814376Z: [    3.704452] IPVS: Registered protocols (TCP, UDP, SCTP, AH, ESP)
[STDERR  ] 2018-03-02T13:59:01.973822188Z: [    3.711262] IPVS: Connection hash table configured (size=4096, memory=64Kbytes)
[STDERR  ] 2018-03-02T13:59:01.973830075Z: [    3.719353] IPVS: Creating netns size=2104 id=0
[STDERR  ] 2018-03-02T13:59:01.973837828Z: [    3.725582] IPVS: ipvs loaded.
[STDERR  ] 2018-03-02T13:59:01.973845626Z: [    3.728927] IPVS: [rr] scheduler registered.
[STDERR  ] 2018-03-02T13:59:01.973853434Z: [    3.733973] IPVS: [wrr] scheduler registered.
[STDERR  ] 2018-03-02T13:59:01.973861194Z: [    3.738717] IPVS: [lc] scheduler registered.
[STDERR  ] 2018-03-02T13:59:01.973868945Z: [    3.743688] IPVS: [wlc] scheduler registered.
[STDERR  ] 2018-03-02T13:59:01.973876735Z: [    3.748396] IPVS: [fo] scheduler registered.
[STDERR  ] 2018-03-02T13:59:01.973884516Z: [    3.753370] IPVS: [ovf] scheduler registered.
[STDERR  ] 2018-03-02T13:59:01.973892349Z: [    3.758023] IPVS: [lblc] scheduler registered.
[STDERR  ] 2018-03-02T13:59:01.973902372Z: [    3.763193] IPVS: [lblcr] scheduler registered.
[STDERR  ] 2018-03-02T13:59:01.973912330Z: [    3.768562] IPVS: [dh] scheduler registered.
[STDERR  ] 2018-03-02T13:59:01.973920215Z: [    3.773232] IPVS: [sh] scheduler registered.
[STDERR  ] 2018-03-02T13:59:01.973927962Z: [    3.778523] IPVS: [sed] scheduler registered.
[STDERR  ] 2018-03-02T13:59:01.973938042Z: [    3.783260] IPVS: [nq] scheduler registered.
[STDERR  ] 2018-03-02T13:59:01.973946199Z: [    3.788540] ata4: SATA link down (SStatus 0 SControl 300)
[STDERR  ] 2018-03-02T13:59:01.973954168Z: [    3.795337] ata3: SATA link up 1.5 Gbps (SStatus 113 SControl 300)
[STDERR  ] 2018-03-02T13:59:01.973962261Z: [    3.803168] ata2: SATA link down (SStatus 0 SControl 300)
[STDERR  ] 2018-03-02T13:59:01.973973786Z: [    3.809940] ata1: SATA link down (SStatus 0 SControl 300)
[STDERR  ] 2018-03-02T13:59:01.973982298Z: [    3.816870] ata6: SATA link down (SStatus 0 SControl 300)
[STDERR  ] 2018-03-02T13:59:01.973990363Z: [    3.823683] ata5: SATA link down (SStatus 0 SControl 300)
[STDERR  ] 2018-03-02T13:59:01.973998352Z: [    3.829815] IPVS: ftp: loaded support on port[0] = 21
[STDERR  ] 2018-03-02T13:59:01.974008254Z: [    3.835350] ata3.00: ATAPI: QEMU DVD-ROM, 2.5+, max UDMA/100
[STDERR  ] 2018-03-02T13:59:01.974016542Z: [    3.841583] ata3.00: applying bridge limits
[STDERR  ] 2018-03-02T13:59:01.974024596Z: [    3.846497] ipip: IPv4 and MPLS over IPv4 tunneling driver
[STDERR  ] 2018-03-02T13:59:01.974032729Z: [    3.852833] gre: GRE over IPv4 demultiplexor driver
[STDERR  ] 2018-03-02T13:59:01.974040662Z: [    3.858538] ip_tables: (C) 2000-2006 Netfilter Core Team
[STDERR  ] 2018-03-02T13:59:01.974048525Z: [    3.864754] ata3.00: configured for UDMA/100
[STDERR  ] 2018-03-02T13:59:01.974060423Z: [    3.870967] ipt_CLUSTERIP: ClusterIP Version 0.8 loaded successfully
[STDERR  ] 2018-03-02T13:59:01.974068488Z: [    3.878372] arp_tables: arp_tables: (C) 2002 David S. Miller
[STDERR  ] 2018-03-02T13:59:01.974076343Z: [    3.885480] scsi 2:0:0:0: CD-ROM            QEMU     QEMU DVD-ROM     2.5+ PQ: 0 ANSI: 5
[STDERR  ] 2018-03-02T13:59:01.974084456Z: [    3.896715] NET: Registered protocol family 10
[STDERR  ] 2018-03-02T13:59:01.974092415Z: [    3.902227] ip6_tables: (C) 2000-2006 Netfilter Core Team
[STDERR  ] 2018-03-02T13:59:01.974100408Z: [    3.909105] NET: Registered protocol family 17
[STDERR  ] 2018-03-02T13:59:01.974108235Z: [    3.915232] sr 2:0:0:0: [sr0] scsi3-mmc drive: 4x/4x cd/rw xa/form2 tray
[STDERR  ] 2018-03-02T13:59:01.974116172Z: [    3.923136] cdrom: Uniform CD-ROM driver Revision: 3.20
[STDERR  ] 2018-03-02T13:59:01.974124119Z: [    3.929786] sr 2:0:0:0: Attached scsi generic sg0 type 5
[STDERR  ] 2018-03-02T13:59:01.974132042Z: [    3.936181] Bridge firewalling registered
[STDERR  ] 2018-03-02T13:59:01.974139994Z: [    3.940894] Ebtables v2.0 registered
[STDERR  ] 2018-03-02T13:59:01.974147855Z: [    3.945346] 8021q: 802.1Q VLAN Support v1.8
[STDERR  ] 2018-03-02T13:59:01.974155802Z: [    3.950260] 9pnet: Installing 9P2000 support
[STDERR  ] 2018-03-02T13:59:01.974163674Z: [    3.955167] Key type dns_resolver registered
[STDERR  ] 2018-03-02T13:59:01.974171602Z: [    3.960469] registered taskstats version 1
[STDERR  ] 2018-03-02T13:59:01.974181338Z: [    3.970822] Key type big_key registered
[STDERR  ] 2018-03-02T13:59:01.974189216Z: [    3.980795] Key type encrypted registered
[STDERR  ] 2018-03-02T13:59:01.974197099Z: [    3.987080] rtc_cmos 00:00: setting system clock to 2018-03-02 13:58:54 UTC (1519999134)
[STDERR  ] 2018-03-02T13:59:01.974205214Z: [    3.999017] Freeing unused kernel memory: 1404K
[STDERR  ] 2018-03-02T13:59:01.974215679Z: [    4.004306] Write protecting the kernel read-only data: 12288k
[STDERR  ] 2018-03-02T13:59:01.974223748Z: [    4.011245] Freeing unused kernel memory: 124K
[STDERR  ] 2018-03-02T13:59:01.974231608Z: [    4.020091] Freeing unused kernel memory: 1396K
[STDERR  ] 2018-03-02T13:59:01.974239555Z: 
[STDERR  ] 2018-03-02T13:59:01.974247686Z: Welcome to LinuxKit
[STDERR  ] 2018-03-02T13:59:01.974256086Z: 
[STDERR  ] 2018-03-02T13:59:01.974264685Z:                         ##         .
[STDERR  ] 2018-03-02T13:59:01.974272568Z:                   ## ## ##        ==
[STDERR  ] 2018-03-02T13:59:01.974280548Z:                ## ## ## ## ##    ===
[STDERR  ] 2018-03-02T13:59:01.974288512Z:            /"""""""""""""""""\___/ ===
[STDERR  ] 2018-03-02T13:59:01.974296398Z:           {                       /  ===-
[STDERR  ] 2018-03-02T13:59:01.974304310Z:            \______ O           __/
[STDERR  ] 2018-03-02T13:59:01.974312090Z:              \    \         __/
[STDERR  ] 2018-03-02T13:59:01.974322202Z:               \____\_______/
[STDERR  ] 2018-03-02T13:59:01.974330159Z: 
[STDERR  ] 2018-03-02T13:59:01.974341886Z: [    4.995304] 8021q: adding VLAN 0 to HW filter on device eth0
[STDERR  ] 2018-03-02T13:59:01.974350303Z: eth0: waiting for carrier
[STDERR  ] 2018-03-02T13:59:01.974358066Z: eth0: carrier acquired
[STDERR  ] 2018-03-02T13:59:01.974368806Z: DUID 00:01:00:01:22:2c:15:1f:92:46:ce:2a:43:3e
[STDERR  ] 2018-03-02T13:59:01.974376821Z: eth0: IAID ce:2a:43:3e
[STDERR  ] 2018-03-02T13:59:01.974386746Z: eth0: adding address fe80::ef07:d19f:be23:3422
[STDERR  ] 2018-03-02T13:59:01.974394603Z: eth0: soliciting an IPv6 router
[STDERR  ] 2018-03-02T13:59:01.974402334Z: eth0: soliciting a DHCP lease
[STDERR  ] 2018-03-02T13:59:01.974410183Z: eth0: offered 10.0.2.15 from 10.0.2.2
[STDERR  ] 2018-03-02T13:59:01.974418849Z: eth0: leased 10.0.2.15 for 86400 seconds
[STDERR  ] 2018-03-02T13:59:01.974426710Z: eth0: adding route to 10.0.2.0/24
[STDERR  ] 2018-03-02T13:59:01.974434661Z: eth0: adding default route via 10.0.2.2
[STDERR  ] 2018-03-02T13:59:01.974442535Z: exiting due to oneshot
[STDERR  ] 2018-03-02T13:59:01.974454425Z: dhcpcd exited
[STDERR  ] 2018-03-02T13:59:01.974462665Z: [    5.087531] IPVS: Creating netns size=2104 id=1
[STDERR  ] 2018-03-02T13:59:01.974470641Z: [    5.093098] IPVS: ftp: loaded support on port[0] = 21
[STDERR  ] 2018-03-02T13:59:01.974478572Z: [    5.120928] wireguard: loading out-of-tree module taints kernel.
[STDERR  ] 2018-03-02T13:59:01.974489943Z: [    5.132958] wireguard: WireGuard 0.0.20180202 loaded. See www.wireguard.com for information.
[STDERR  ] 2018-03-02T13:59:01.974500341Z: [    5.142756] wireguard: Copyright (C) 2015-2018 Jason A. Donenfeld <Jason@zx2c4.com>. All Rights Reserved.
[STDERR  ] 2018-03-02T13:59:01.974508728Z: Created interface wg0 type wireguard
[STDERR  ] 2018-03-02T13:59:01.974525058Z: Moved interface wg0 to pid 337
[STDERR  ] 2018-03-02T13:59:01.974533148Z: [#] wg setconf wg0 /dev/fd/63
[STDERR  ] 2018-03-02T13:59:01.974543322Z: [#] ip address add 192.168.2.1/24 dev wg0
[STDERR  ] 2018-03-02T13:59:01.974551325Z: [#] ip link set mtu 65456 dev wg0
[STDERR  ] 2018-03-02T13:59:01.974559162Z: [#] ip link set wg0 up
[STDERR  ] 2018-03-02T13:59:01.974575456Z: [#] ip route add 0.0.0.0/0 dev wg0
[STDERR  ] 2018-03-02T13:59:01.974583852Z: [    5.241037] IPVS: Creating netns size=2104 id=2
[STDERR  ] 2018-03-02T13:59:01.974591621Z: [    5.246011] IPVS: ftp: loaded support on port[0] = 21
[STDERR  ] 2018-03-02T13:59:01.974599629Z: Created interface wg1 type wireguard
[STDERR  ] 2018-03-02T13:59:01.974607496Z: Moved interface wg1 to pid 394
[STDERR  ] 2018-03-02T13:59:01.974615776Z: [#] wg setconf wg1 /dev/fd/63
[STDERR  ] 2018-03-02T13:59:01.974623629Z: [#] ip address add 192.168.2.2/24 dev wg1
[STDERR  ] 2018-03-02T13:59:01.974631490Z: [#] ip link set mtu 65456 dev wg1
[STDERR  ] 2018-03-02T13:59:01.974639330Z: [#] ip link set wg1 up
[STDERR  ] 2018-03-02T13:59:01.974647168Z: [#] ip route add 0.0.0.0/0 dev wg1
[STDERR  ] 2018-03-02T13:59:01.974657476Z: [34mINFO[0m[0000] starting containerd                           [34mmodule[0m=containerd [34mrevision[0m=cfd04396dc68220d1cecbe686a6cc3aa5ce3667c [34mversion[0m=v1.0.2
[STDERR  ] 2018-03-02T13:59:01.974669648Z: [34mINFO[0m[0000] loading plugin "io.containerd.content.v1.content"...  [34mmodule[0m=containerd [34mtype[0m=io.containerd.content.v1
[STDERR  ] 2018-03-02T13:59:01.974679132Z: [34mINFO[0m[0000] loading plugin "io.containerd.snapshotter.v1.btrfs"...  [34mmodule[0m=containerd [34mtype[0m=io.containerd.snapshotter.v1
[STDERR  ] 2018-03-02T13:59:01.974688129Z: [33mWARN[0m[0000] failed to load plugin io.containerd.snapshotter.v1.btrfs  [33merror[0m="path /var/lib/containerd/io.containerd.snapshotter.v1.btrfs must be a btrfs filesystem to be used with the btrfs snapshotter" [33mmodule[0m=containerd
[STDERR  ] 2018-03-02T13:59:01.974699323Z: [34mINFO[0m[0000] loading plugin "io.containerd.snapshotter.v1.overlayfs"...  [34mmodule[0m=containerd [34mtype[0m=io.containerd.snapshotter.v1
[STDERR  ] 2018-03-02T13:59:01.974708615Z: [34mINFO[0m[0000] loading plugin "io.containerd.metadata.v1.bolt"...  [34mmodule[0m=containerd [34mtype[0m=io.containerd.metadata.v1
[STDERR  ] 2018-03-02T13:59:01.974723122Z: [33mWARN[0m[0000] could not use snapshotter btrfs in metadata plugin  [33merror[0m="path /var/lib/containerd/io.containerd.snapshotter.v1.btrfs must be a btrfs filesystem to be used with the btrfs snapshotter" [33mmodule[0m="containerd/io.containerd.metadata.v1.bolt"
[STDERR  ] 2018-03-02T13:59:01.974732402Z: [34mINFO[0m[0000] loading plugin "io.containerd.differ.v1.walking"...  [34mmodule[0m=containerd [34mtype[0m=io.containerd.differ.v1
[STDERR  ] 2018-03-02T13:59:01.974742956Z: [34mINFO[0m[0000] loading plugin "io.containerd.gc.v1.scheduler"...  [34mmodule[0m=containerd [34mtype[0m=io.containerd.gc.v1
[STDERR  ] 2018-03-02T13:59:01.974754201Z: [34mINFO[0m[0000] loading plugin "io.containerd.grpc.v1.containers"...  [34mmodule[0m=containerd [34mtype[0m=io.containerd.grpc.v1
[STDERR  ] 2018-03-02T13:59:01.974762262Z: [34mINFO[0m[0000] loading plugin "io.containerd.grpc.v1.content"...  [34mmodule[0m=containerd [34mtype[0m=io.containerd.grpc.v1
[STDERR  ] 2018-03-02T13:59:01.974774242Z: [34mINFO[0m[0000] loading plugin "io.containerd.grpc.v1.diff"...  [34mmodule[0m=containerd [34mtype[0m=io.containerd.grpc.v1
[STDERR  ] 2018-03-02T13:59:01.974782323Z: [34mINFO[0m[0000] loading plugin "io.containerd.grpc.v1.events"...  [34mmodule[0m=containerd [34mtype[0m=io.containerd.grpc.v1
[STDERR  ] 2018-03-02T13:59:01.974790270Z: [34mINFO[0m[0000] loading plugin "io.containerd.grpc.v1.healthcheck"...  [34mmodule[0m=containerd [34mtype[0m=io.containerd.grpc.v1
[STDERR  ] 2018-03-02T13:59:01.974798356Z: [34mINFO[0m[0000] loading plugin "io.containerd.grpc.v1.images"...  [34mmodule[0m=containerd [34mtype[0m=io.containerd.grpc.v1
[STDERR  ] 2018-03-02T13:59:01.974806399Z: [34mINFO[0m[0000] loading plugin "io.containerd.grpc.v1.leases"...  [34mmodule[0m=containerd [34mtype[0m=io.containerd.grpc.v1
[STDERR  ] 2018-03-02T13:59:01.974814434Z: [34mINFO[0m[0000] loading plugin "io.containerd.grpc.v1.namespaces"...  [34mmodule[0m=containerd [34mtype[0m=io.containerd.grpc.v1
[STDERR  ] 2018-03-02T13:59:01.974822389Z: [34mINFO[0m[0000] loading plugin "io.containerd.grpc.v1.snapshots"...  [34mmodule[0m=containerd [34mtype[0m=io.containerd.grpc.v1
[STDERR  ] 2018-03-02T13:59:01.974830275Z: [34mINFO[0m[0000] loading plugin "io.containerd.monitor.v1.cgroups"...  [34mmodule[0m=containerd [34mtype[0m=io.containerd.monitor.v1
[STDERR  ] 2018-03-02T13:59:01.974838086Z: [34mINFO[0m[0000] loading plugin "io.containerd.runtime.v1.linux"...  [34mmodule[0m=containerd [34mtype[0m=io.containerd.runtime.v1
[STDERR  ] 2018-03-02T13:59:01.974848235Z: [34mINFO[0m[0000] loading plugin "io.containerd.grpc.v1.tasks"...  [34mmodule[0m=containerd [34mtype[0m=io.containerd.grpc.v1
[STDERR  ] 2018-03-02T13:59:01.974856133Z: [34mINFO[0m[0000] loading plugin "io.containerd.grpc.v1.version"...  [34mmodule[0m=containerd [34mtype[0m=io.containerd.grpc.v1
[STDERR  ] 2018-03-02T13:59:01.974863955Z: [34mINFO[0m[0000] loading plugin "io.containerd.grpc.v1.introspection"...  [34mmodule[0m=containerd [34mtype[0m=io.containerd.grpc.v1
[STDERR  ] 2018-03-02T13:59:01.974874044Z: [34mINFO[0m[0000] serving...                                    [34maddress[0m="/run/containerd/debug.sock" [34mmodule[0m="containerd/debug"
[STDERR  ] 2018-03-02T13:59:01.974882086Z: [34mINFO[0m[0000] serving...                                    [34maddress[0m="/run/containerd/containerd.sock" [34mmodule[0m="containerd/grpc"
[STDERR  ] 2018-03-02T13:59:01.974890090Z: [34mINFO[0m[0000] containerd successfully booted in 0.258102s   [34mmodule[0m=containerd
[STDERR  ] 2018-03-02T13:59:01.974898076Z: [34mINFO[0m[0000] shim containerd-shim started                  [34maddress[0m="/containerd-shim/services.linuxkit/nginx/shim.sock" [34mdebug[0m=false [34mmodule[0m="containerd/tasks" [34mpid[0m=446
[STDERR  ] 2018-03-02T13:59:01.974908615Z: [34mINFO[0m[0000] shim containerd-shim started                  [34maddress[0m="/containerd-shim/services.linuxkit/test/shim.sock" [34mdebug[0m=false [34mmodule[0m="containerd/tasks" [34mpid[0m=482
[STDERR  ] 2018-03-02T13:59:01.975470830Z: wireguard test suite PASSED
[STDERR  ] 2018-03-02T13:59:01.975533273Z: [   10.930397] ACPI: Preparing to enter system sleep state S5
[STDERR  ] 2018-03-02T13:59:01.975567967Z: [   10.939582] reboot: Power down
[STDERR  ] 2018-03-02T13:59:01.975612704Z: + echo [    0.000000] Linux version 4.9.81-linuxkit (root@131493a180c4) (gcc version 6.4.0 (Alpine 6.4.0) ) #1 SMP Tue Feb 13 18:31:25 UTC 2018
[STDERR  ] 2018-03-02T13:59:01.975650602Z: [    0.000000] Command line: console=ttyS0 console=ttyAMA0
[STDERR  ] 2018-03-02T13:59:01.975693544Z: [    0.000000] x86/fpu: Legacy x87 FPU detected.
[STDERR  ] 2018-03-02T13:59:01.975726727Z: [    0.000000] x86/fpu: Using 'eager' FPU context switches.
[STDERR  ] 2018-03-02T13:59:01.975754640Z: [    0.000000] e820: BIOS-provided physical RAM map:
[STDERR  ] 2018-03-02T13:59:01.975808575Z: [    0.000000] BIOS-e820: [mem 0x0000000000000000-0x000000000009fbff] usable
[STDERR  ] 2018-03-02T13:59:01.975837729Z: [    0.000000] BIOS-e820: [mem 0x000000000009fc00-0x000000000009ffff] reserved
[STDERR  ] 2018-03-02T13:59:01.975886851Z: [    0.000000] BIOS-e820: [mem 0x00000000000f0000-0x00000000000fffff] reserved
[STDERR  ] 2018-03-02T13:59:01.975916713Z: [    0.000000] BIOS-e820: [mem 0x0000000000100000-0x000000003ffdefff] usable
[STDERR  ] 2018-03-02T13:59:01.975969071Z: [    0.000000] BIOS-e820: [mem 0x000000003ffdf000-0x000000003fffffff] reserved
[STDERR  ] 2018-03-02T13:59:01.975999562Z: [    0.000000] BIOS-e820: [mem 0x00000000b0000000-0x00000000bfffffff] reserved
[STDERR  ] 2018-03-02T13:59:01.976052584Z: [    0.000000] BIOS-e820: [mem 0x00000000fed1c000-0x00000000fed1ffff] reserved
[STDERR  ] 2018-03-02T13:59:01.976080609Z: [    0.000000] BIOS-e820: [mem 0x00000000feffc000-0x00000000feffffff] reserved
[STDERR  ] 2018-03-02T13:59:01.976129887Z: [    0.000000] BIOS-e820: [mem 0x00000000fffc0000-0x00000000ffffffff] reserved
[STDERR  ] 2018-03-02T13:59:01.976165171Z: [    0.000000] NX (Execute Disable) protection: active
[STDERR  ] 2018-03-02T13:59:01.976214502Z: [    0.000000] SMBIOS 2.8 present.
[STDERR  ] 2018-03-02T13:59:01.976244950Z: [    0.000000] Hypervisor detected: KVM
[STDERR  ] 2018-03-02T13:59:01.976291738Z: [    0.000000] e820: last_pfn = 0x3ffdf max_arch_pfn = 0x400000000
[STDERR  ] 2018-03-02T13:59:01.976323703Z: [    0.000000] x86/PAT: PAT not supported by CPU.
[STDERR  ] 2018-03-02T13:59:01.976380872Z: [    0.000000] x86/PAT: Configuration [0-7]: WB  WT  UC- UC  WB  WT  UC- UC  
[STDERR  ] 2018-03-02T13:59:01.976428652Z: [    0.000000] found SMP MP-table at [mem 0x000f6aa0-0x000f6aaf] mapped at [ffff9ed3800f6aa0]
[STDERR  ] 2018-03-02T13:59:01.976466848Z: [    0.000000] RAMDISK: [mem 0x3aa5c000-0x3ffcffff]
[STDERR  ] 2018-03-02T13:59:01.976523007Z: [    0.000000] ACPI: Early table checksum verification disabled
[STDERR  ] 2018-03-02T13:59:01.976559718Z: [    0.000000] ACPI: RSDP 0x00000000000F68B0 000014 (v00 BOCHS )
[STDERR  ] 2018-03-02T13:59:01.976608534Z: [    0.000000] ACPI: RSDT 0x000000003FFE20A8 000034 (v01 BOCHS  BXPCRSDT 00000001 BXPC 00000001)
[STDERR  ] 2018-03-02T13:59:01.976647352Z: [    0.000000] ACPI: FACP 0x000000003FFE1EC8 0000F4 (v03 BOCHS  BXPCFACP 00000001 BXPC 00000001)
[STDERR  ] 2018-03-02T13:59:01.976698432Z: [    0.000000] ACPI: DSDT 0x000000003FFE0040 001E88 (v01 BOCHS  BXPCDSDT 00000001 BXPC 00000001)
[STDERR  ] 2018-03-02T13:59:01.976733571Z: [    0.000000] ACPI: FACS 0x000000003FFE0000 000040
[STDERR  ] 2018-03-02T13:59:01.976778025Z: [    0.000000] ACPI: APIC 0x000000003FFE1FBC 000078 (v01 BOCHS  BXPCAPIC 00000001 BXPC 00000001)
[STDERR  ] 2018-03-02T13:59:01.976818903Z: [    0.000000] ACPI: HPET 0x000000003FFE2034 000038 (v01 BOCHS  BXPCHPET 00000001 BXPC 00000001)
[STDERR  ] 2018-03-02T13:59:01.976865351Z: [    0.000000] ACPI: MCFG 0x000000003FFE206C 00003C (v01 BOCHS  BXPCMCFG 00000001 BXPC 00000001)
[STDERR  ] 2018-03-02T13:59:01.976898912Z: [    0.000000] kvm-clock: Using msrs 4b564d01 and 4b564d00
[STDERR  ] 2018-03-02T13:59:01.976952592Z: [    0.000000] kvm-clock: cpu 0, msr 0:3ffdd001, primary cpu clock
[STDERR  ] 2018-03-02T13:59:01.976988454Z: [    0.000000] clocksource: kvm-clock: mask: 0xffffffffffffffff max_cycles: 0x1cd42e4dffb, max_idle_ns: 881590591483 ns
[STDERR  ] 2018-03-02T13:59:01.977036697Z: [    0.000000] Zone ranges:
[STDERR  ] 2018-03-02T13:59:01.977064541Z: [    0.000000]   DMA      [mem 0x0000000000001000-0x0000000000ffffff]
[STDERR  ] 2018-03-02T13:59:01.977106683Z: [    0.000000]   DMA32    [mem 0x0000000001000000-0x000000003ffdefff]
[STDERR  ] 2018-03-02T13:59:01.977136385Z: [    0.000000]   Normal   empty
[STDERR  ] 2018-03-02T13:59:01.977161748Z: [    0.000000] Movable zone start for each node
[STDERR  ] 2018-03-02T13:59:01.977205608Z: [    0.000000] Early memory node ranges
[STDERR  ] 2018-03-02T13:59:01.977233928Z: [    0.000000]   node   0: [mem 0x0000000000001000-0x000000000009efff]
[STDERR  ] 2018-03-02T13:59:01.977284967Z: [    0.000000]   node   0: [mem 0x0000000000100000-0x000000003ffdefff]
[STDERR  ] 2018-03-02T13:59:01.977313871Z: [    0.000000] Initmem setup node 0 [mem 0x0000000000001000-0x000000003ffdefff]
[STDERR  ] 2018-03-02T13:59:01.977339832Z: [    0.000000] ACPI: PM-Timer IO Port: 0x608
[STDERR  ] 2018-03-02T13:59:01.977384584Z: [    0.000000] ACPI: LAPIC_NMI (acpi_id[0xff] dfl dfl lint[0x1])
[STDERR  ] 2018-03-02T13:59:01.977411792Z: [    0.000000] IOAPIC[0]: apic_id 0, version 17, address 0xfec00000, GSI 0-23
[STDERR  ] 2018-03-02T13:59:01.977452364Z: [    0.000000] ACPI: INT_SRC_OVR (bus 0 bus_irq 0 global_irq 2 dfl dfl)
[STDERR  ] 2018-03-02T13:59:01.977486165Z: [    0.000000] ACPI: INT_SRC_OVR (bus 0 bus_irq 5 global_irq 5 high level)
[STDERR  ] 2018-03-02T13:59:01.977535074Z: [    0.000000] ACPI: INT_SRC_OVR (bus 0 bus_irq 9 global_irq 9 high level)
[STDERR  ] 2018-03-02T13:59:01.977568740Z: [    0.000000] ACPI: INT_SRC_OVR (bus 0 bus_irq 10 global_irq 10 high level)
[STDERR  ] 2018-03-02T13:59:01.977596098Z: [    0.000000] ACPI: INT_SRC_OVR (bus 0 bus_irq 11 global_irq 11 high level)
[STDERR  ] 2018-03-02T13:59:01.977638255Z: [    0.000000] Using ACPI (MADT) for SMP configuration information
[STDERR  ] 2018-03-02T13:59:01.977678899Z: [    0.000000] ACPI: HPET id: 0x8086a201 base: 0xfed00000
[STDERR  ] 2018-03-02T13:59:01.977727009Z: [    0.000000] smpboot: Allowing 1 CPUs, 0 hotplug CPUs
[STDERR  ] 2018-03-02T13:59:01.977753518Z: [    0.000000] e820: [mem 0x40000000-0xafffffff] available for PCI devices
[STDERR  ] 2018-03-02T13:59:01.977794838Z: [    0.000000] Booting paravirtualized kernel on KVM
[STDERR  ] 2018-03-02T13:59:01.977825675Z: [    0.000000] clocksource: refined-jiffies: mask: 0xffffffff max_cycles: 0xffffffff, max_idle_ns: 19112604462750000 ns
[STDERR  ] 2018-03-02T13:59:01.977876425Z: [    0.000000] setup_percpu: NR_CPUS:128 nr_cpumask_bits:128 nr_cpu_ids:1 nr_node_ids:1
[STDERR  ] 2018-03-02T13:59:01.977909532Z: [    0.000000] percpu: Embedded 36 pages/cpu @ffff9ed3ba800000 s106904 r8192 d32360 u2097152
[STDERR  ] 2018-03-02T13:59:01.977951115Z: [    0.000000] KVM setup async PF for cpu 0
[STDERR  ] 2018-03-02T13:59:01.977984632Z: [    0.000000] kvm-stealtime: cpu 0, msr 3a80fd80
[STDERR  ] 2018-03-02T13:59:01.978024617Z: [    0.000000] Built 1 zonelists in Zone order, mobility grouping on.  Total pages: 257896
[STDERR  ] 2018-03-02T13:59:01.978055333Z: [    0.000000] Kernel command line: console=ttyS0 console=ttyAMA0
[STDERR  ] 2018-03-02T13:59:01.978083832Z: [    0.000000] PID hash table entries: 4096 (order: 3, 32768 bytes)
[STDERR  ] 2018-03-02T13:59:01.978125505Z: [    0.000000] Dentry cache hash table entries: 131072 (order: 8, 1048576 bytes)
[STDERR  ] 2018-03-02T13:59:01.978153775Z: [    0.000000] Inode-cache hash table entries: 65536 (order: 7, 524288 bytes)
[STDERR  ] 2018-03-02T13:59:01.978199381Z: [    0.000000] Memory: 926612K/1048052K available (8054K kernel code, 1391K rwdata, 2700K rodata, 1404K init, 564K bss, 121440K reserved, 0K cma-reserved)
[STDERR  ] 2018-03-02T13:59:01.978241622Z: [    0.000000] Kernel/User page tables isolation: enabled
[STDERR  ] 2018-03-02T13:59:01.978290681Z: [    0.000000] Hierarchical RCU implementation.
[STDERR  ] 2018-03-02T13:59:01.978320048Z: [    0.000000] 	Build-time adjustment of leaf fanout to 64.
[STDERR  ] 2018-03-02T13:59:01.978347799Z: [    0.000000] 	RCU restricting CPUs from NR_CPUS=128 to nr_cpu_ids=1.
[STDERR  ] 2018-03-02T13:59:01.978390121Z: [    0.000000] RCU: Adjusting geometry for rcu_fanout_leaf=64, nr_cpu_ids=1
[STDERR  ] 2018-03-02T13:59:01.978419638Z: [    0.000000] NR_IRQS:8448 nr_irqs:256 16
[STDERR  ] 2018-03-02T13:59:01.978460546Z: [    0.000000] Console: colour VGA+ 80x25
[STDERR  ] 2018-03-02T13:59:01.978487162Z: [    0.000000] console [ttyS0] enabled
[STDERR  ] 2018-03-02T13:59:01.978534572Z: [    0.000000] clocksource: hpet: mask: 0xffffffff max_cycles: 0xffffffff, max_idle_ns: 19112604467 ns
[STDERR  ] 2018-03-02T13:59:01.978567084Z: [    0.000000] tsc: Detected 2300.000 MHz processor
[STDERR  ] 2018-03-02T13:59:01.978615578Z: [    0.020000] Calibrating delay loop (skipped) preset value.. 4600.00 BogoMIPS (lpj=23000000)
[STDERR  ] 2018-03-02T13:59:01.978651698Z: [    0.023745] pid_max: default: 32768 minimum: 301
[STDERR  ] 2018-03-02T13:59:01.978696353Z: [    0.030049] ACPI: Core revision 20160831
[STDERR  ] 2018-03-02T13:59:01.978725522Z: [    0.040368] ACPI: 1 ACPI AML tables successfully acquired and loaded
[STDERR  ] 2018-03-02T13:59:01.978770468Z: [    0.049059] Security Framework initialized
[STDERR  ] 2018-03-02T13:59:01.978802626Z: [    0.050035] Yama: becoming mindful.
[STDERR  ] 2018-03-02T13:59:01.978830664Z: [    0.054567] Mount-cache hash table entries: 2048 (order: 2, 16384 bytes)
[STDERR  ] 2018-03-02T13:59:01.978872401Z: [    0.060037] Mountpoint-cache hash table entries: 2048 (order: 2, 16384 bytes)
[STDERR  ] 2018-03-02T13:59:01.978901082Z: [    0.080704] CPU: Physical Processor ID: 0
[STDERR  ] 2018-03-02T13:59:01.978952924Z: [    0.086578] Last level iTLB entries: 4KB 0, 2MB 0, 4MB 0
[STDERR  ] 2018-03-02T13:59:01.978983705Z: [    0.090027] Last level dTLB entries: 4KB 0, 2MB 0, 4MB 0, 1GB 0
[STDERR  ] 2018-03-02T13:59:01.979026009Z: [    0.100024] Spectre V2 : Vulnerable: Minimal generic ASM retpoline
[STDERR  ] 2018-03-02T13:59:01.979057860Z: [    0.230489] Freeing SMP alternatives memory: 20K
[STDERR  ] 2018-03-02T13:59:01.979085790Z: [    0.268738] ftrace: allocating 35563 entries in 139 pages
[STDERR  ] 2018-03-02T13:59:01.979129976Z: [    0.290132] smpboot: Max logical packages: 1
[STDERR  ] 2018-03-02T13:59:01.979162903Z: [    0.303079] x2apic enabled
[STDERR  ] 2018-03-02T13:59:01.979206518Z: [    0.310039] Switched APIC routing to physical x2apic.
[STDERR  ] 2018-03-02T13:59:01.979234816Z: [    0.329051] ..TIMER: vector=0x30 apic1=0 pin1=2 apic2=-1 pin2=-1
[STDERR  ] 2018-03-02T13:59:01.979280712Z: [    0.330000] smpboot: CPU0: Intel QEMU Virtual CPU version 2.5+ (family: 0x6, model: 0x6, stepping: 0x3)
[STDERR  ] 2018-03-02T13:59:01.979315426Z: [    0.332235] Performance Events: PMU not available due to virtualization, using software events only.
[STDERR  ] 2018-03-02T13:59:01.979358746Z: [    0.350611] x86: Booted up 1 node, 1 CPUs
[STDERR  ] 2018-03-02T13:59:01.979388079Z: [    0.355934] smpboot: Total of 1 processors activated (4600.00 BogoMIPS)
[STDERR  ] 2018-03-02T13:59:01.979415833Z: [    0.363025] devtmpfs: initialized
[STDERR  ] 2018-03-02T13:59:01.979458914Z: [    0.370089] x86/mm: Memory block size: 128MB
[STDERR  ] 2018-03-02T13:59:01.979486546Z: [    0.382128] clocksource: jiffies: mask: 0xffffffff max_cycles: 0xffffffff, max_idle_ns: 19112604462750000 ns
[STDERR  ] 2018-03-02T13:59:01.979542376Z: [    0.390021] futex hash table entries: 256 (order: 2, 16384 bytes)
[STDERR  ] 2018-03-02T13:59:01.979579685Z: [    0.400234] NET: Registered protocol family 16
[STDERR  ] 2018-03-02T13:59:01.979623332Z: [    0.406483] cpuidle: using governor ladder
[STDERR  ] 2018-03-02T13:59:01.979651089Z: [    0.410007] cpuidle: using governor menu
[STDERR  ] 2018-03-02T13:59:01.979679826Z: [    0.420379] ACPI: bus type PCI registered
[STDERR  ] 2018-03-02T13:59:01.979729902Z: [    0.426474] PCI: MMCONFIG for domain 0000 [bus 00-ff] at [mem 0xb0000000-0xbfffffff] (base 0xb0000000)
[STDERR  ] 2018-03-02T13:59:01.979759986Z: [    0.430011] PCI: MMCONFIG at [mem 0xb0000000-0xbfffffff] reserved in E820
[STDERR  ] 2018-03-02T13:59:01.979790065Z: [    0.440027] PCI: Using configuration type 1 for base access
[STDERR  ] 2018-03-02T13:59:01.979818033Z: [    0.452461] HugeTLB registered 2 MB page size, pre-allocated 0 pages
[STDERR  ] 2018-03-02T13:59:01.979860716Z: [    0.460259] ACPI: Added _OSI(Module Device)
[STDERR  ] 2018-03-02T13:59:01.979890099Z: [    0.470005] ACPI: Added _OSI(Processor Device)
[STDERR  ] 2018-03-02T13:59:01.979923005Z: [    0.475847] ACPI: Added _OSI(3.0 _SCP Extensions)
[STDERR  ] 2018-03-02T13:59:01.979951505Z: [    0.480007] ACPI: Added _OSI(Processor Aggregator Device)
[STDERR  ] 2018-03-02T13:59:01.979979416Z: [    0.495098] ACPI: Interpreter enabled
[STDERR  ] 2018-03-02T13:59:01.980016260Z: [    0.500018] ACPI: (supports S0 S5)
[STDERR  ] 2018-03-02T13:59:01.980049885Z: [    0.505078] ACPI: Using IOAPIC for interrupt routing
[STDERR  ] 2018-03-02T13:59:01.980164852Z: [    0.510081] PCI: Using host bridge windows from ACPI; if necessary, use "pci=nocrs" and report a bug
[STDERR  ] 2018-03-02T13:59:01.980198892Z: [    0.531027] ACPI: PCI Root Bridge [PCI0] (domain 0000 [bus 00-ff])
[STDERR  ] 2018-03-02T13:59:01.980231093Z: [    0.540018] acpi PNP0A08:00: _OSC: OS supports [ExtendedConfig ASPM ClockPM Segments MSI]
[STDERR  ] 2018-03-02T13:59:01.980262678Z: [    0.550180] acpi PNP0A08:00: _OSC: OS now controls [PCIeHotplug PME PCIeCapability]
[STDOUT  ] 2018-03-02T13:59:01.980095487Z: [    0.000000] Linux version 4.9.81-linuxkit (root@131493a180c4) (gcc version 6.4.0 (Alpine 6.4.0) ) #1 SMP Tue Feb 13 18:31:25 UTC 2018
[STDOUT  ] 2018-03-02T13:59:01.980302876Z: [    0.000000] Command line: console=ttyS0 console=ttyAMA0
[STDERR  ] 2018-03-02T13:59:01.980291062Z: [    0.560093] PCI host bridge to bus 0000:00
[STDOUT  ] 2018-03-02T13:59:01.980317063Z: [    0.000000] x86/fpu: Legacy x87 FPU detected.
[STDERR  ] 2018-03-02T13:59:01.980320847Z: [    0.565763] pci_bus 0000:00: root bus resource [io  0x0000-0x0cf7 window]
[STDERR  ] 2018-03-02T13:59:01.980350586Z: [    0.570015] pci_bus 0000:00: root bus resource [io  0x0d00-0xffff window]
[STDERR  ] 2018-03-02T13:59:01.980390872Z: [    0.580012] pci_bus 0000:00: root bus resource [mem 0x000a0000-0x000bffff window]
[STDOUT  ] 2018-03-02T13:59:01.980348614Z: [    0.000000] x86/fpu: Using 'eager' FPU context switches.
[STDERR  ] 2018-03-02T13:59:01.980420098Z: [    0.590013] pci_bus 0000:00: root bus resource [mem 0xc0000000-0xfebfffff window]
[STDERR  ] 2018-03-02T13:59:01.980473937Z: [    0.600015] pci_bus 0000:00: root bus resource [bus 00-ff]
[STDOUT  ] 2018-03-02T13:59:01.980443437Z: [    0.000000] e820: BIOS-provided physical RAM map:
[STDERR  ] 2018-03-02T13:59:01.980507057Z: [    0.737465] pci 0000:00:1f.0: quirk: [io  0x0600-0x067f] claimed by ICH6 ACPI/GPIO/TCO
[STDOUT  ] 2018-03-02T13:59:01.980543700Z: [    0.000000] BIOS-e820: [mem 0x0000000000000000-0x000000000009fbff] usable
[STDOUT  ] 2018-03-02T13:59:01.980558547Z: [    0.000000] BIOS-e820: [mem 0x000000000009fc00-0x000000000009ffff] reserved
[STDOUT  ] 2018-03-02T13:59:01.980569031Z: [    0.000000] BIOS-e820: [mem 0x00000000000f0000-0x00000000000fffff] reserved
[STDOUT  ] 2018-03-02T13:59:01.980578861Z: [    0.000000] BIOS-e820: [mem 0x0000000000100000-0x000000003ffdefff] usable
[STDOUT  ] 2018-03-02T13:59:01.980588661Z: [    0.000000] BIOS-e820: [mem 0x000000003ffdf000-0x000000003fffffff] reserved
[STDOUT  ] 2018-03-02T13:59:01.980598350Z: [    0.000000] BIOS-e820: [mem 0x00000000b0000000-0x00000000bfffffff] reserved
[STDOUT  ] 2018-03-02T13:59:01.980608068Z: [    0.000000] BIOS-e820: [mem 0x00000000fed1c000-0x00000000fed1ffff] reserved
[STDOUT  ] 2018-03-02T13:59:01.980622571Z: [    0.000000] BIOS-e820: [mem 0x00000000feffc000-0x00000000feffffff] reserved
[STDOUT  ] 2018-03-02T13:59:01.980638290Z: [    0.000000] BIOS-e820: [mem 0x00000000fffc0000-0x00000000ffffffff] reserved
[STDOUT  ] 2018-03-02T13:59:01.980648171Z: [    0.000000] NX (Execute Disable) protection: active
[STDOUT  ] 2018-03-02T13:59:01.980657868Z: [    0.000000] SMBIOS 2.8 present.
[STDOUT  ] 2018-03-02T13:59:01.980667875Z: [    0.000000] Hypervisor detected: KVM
[STDOUT  ] 2018-03-02T13:59:01.980678184Z: [    0.000000] e820: last_pfn = 0x3ffdf max_arch_pfn = 0x400000000
[STDOUT  ] 2018-03-02T13:59:01.980688304Z: [    0.000000] x86/PAT: PAT not supported by CPU.
[STDOUT  ] 2018-03-02T13:59:01.980698043Z: [    0.000000] x86/PAT: Configuration [0-7]: WB  WT  UC- UC  WB  WT  UC- UC  
[STDOUT  ] 2018-03-02T13:59:01.980707326Z: [    0.000000] found SMP MP-table at [mem 0x000f6aa0-0x000f6aaf] mapped at [ffff9ed3800f6aa0]
[STDOUT  ] 2018-03-02T13:59:01.980717608Z: [    0.000000] RAMDISK: [mem 0x3aa5c000-0x3ffcffff]
[STDOUT  ] 2018-03-02T13:59:01.980729997Z: [    0.000000] ACPI: Early table checksum verification disabled
[STDOUT  ] 2018-03-02T13:59:01.980747571Z: [    0.000000] ACPI: RSDP 0x00000000000F68B0 000014 (v00 BOCHS )
[STDOUT  ] 2018-03-02T13:59:01.980757657Z: [    0.000000] ACPI: RSDT 0x000000003FFE20A8 000034 (v01 BOCHS  BXPCRSDT 00000001 BXPC 00000001)
[STDOUT  ] 2018-03-02T13:59:01.980767893Z: [    0.000000] ACPI: FACP 0x000000003FFE1EC8 0000F4 (v03 BOCHS  BXPCFACP 00000001 BXPC 00000001)
[STDOUT  ] 2018-03-02T13:59:01.980777774Z: [    0.000000] ACPI: DSDT 0x000000003FFE0040 001E88 (v01 BOCHS  BXPCDSDT 00000001 BXPC 00000001)
[STDOUT  ] 2018-03-02T13:59:01.980787311Z: [    0.000000] ACPI: FACS 0x000000003FFE0000 000040
[STDOUT  ] 2018-03-02T13:59:01.980796691Z: [    0.000000] ACPI: APIC 0x000000003FFE1FBC 000078 (v01 BOCHS  BXPCAPIC 00000001 BXPC 00000001)
[STDOUT  ] 2018-03-02T13:59:01.980808995Z: [    0.000000] ACPI: HPET 0x000000003FFE2034 000038 (v01 BOCHS  BXPCHPET 00000001 BXPC 00000001)
[STDOUT  ] 2018-03-02T13:59:01.980818527Z: [    0.000000] ACPI: MCFG 0x000000003FFE206C 00003C (v01 BOCHS  BXPCMCFG 00000001 BXPC 00000001)
[STDOUT  ] 2018-03-02T13:59:01.980828077Z: [    0.000000] kvm-clock: Using msrs 4b564d01 and 4b564d00
[STDOUT  ] 2018-03-02T13:59:01.980840306Z: [    0.000000] kvm-clock: cpu 0, msr 0:3ffdd001, primary cpu clock
[STDOUT  ] 2018-03-02T13:59:01.980849966Z: [    0.000000] clocksource: kvm-clock: mask: 0xffffffffffffffff max_cycles: 0x1cd42e4dffb, max_idle_ns: 881590591483 ns
[STDOUT  ] 2018-03-02T13:59:01.980862301Z: [    0.000000] Zone ranges:
[STDOUT  ] 2018-03-02T13:59:01.980871950Z: [    0.000000]   DMA      [mem 0x0000000000001000-0x0000000000ffffff]
[STDOUT  ] 2018-03-02T13:59:01.980881373Z: [    0.000000]   DMA32    [mem 0x0000000001000000-0x000000003ffdefff]
[STDOUT  ] 2018-03-02T13:59:01.980890670Z: [    0.000000]   Normal   empty
[STDOUT  ] 2018-03-02T13:59:01.980900053Z: [    0.000000] Movable zone start for each node
[STDOUT  ] 2018-03-02T13:59:01.980909466Z: [    0.000000] Early memory node ranges
[STDOUT  ] 2018-03-02T13:59:01.980918795Z: [    0.000000]   node   0: [mem 0x0000000000001000-0x000000000009efff]
[STDOUT  ] 2018-03-02T13:59:01.980928090Z: [    0.000000]   node   0: [mem 0x0000000000100000-0x000000003ffdefff]
[STDOUT  ] 2018-03-02T13:59:01.980937386Z: [    0.000000] Initmem setup node 0 [mem 0x0000000000001000-0x000000003ffdefff]
[STDOUT  ] 2018-03-02T13:59:01.980946771Z: [    0.000000] ACPI: PM-Timer IO Port: 0x608
[STDOUT  ] 2018-03-02T13:59:01.980956130Z: [    0.000000] ACPI: LAPIC_NMI (acpi_id[0xff] dfl dfl lint[0x1])
[STDOUT  ] 2018-03-02T13:59:01.980965427Z: [    0.000000] IOAPIC[0]: apic_id 0, version 17, address 0xfec00000, GSI 0-23
[STDOUT  ] 2018-03-02T13:59:01.980974557Z: [    0.000000] ACPI: INT_SRC_OVR (bus 0 bus_irq 0 global_irq 2 dfl dfl)
[STDOUT  ] 2018-03-02T13:59:01.980983561Z: [    0.000000] ACPI: INT_SRC_OVR (bus 0 bus_irq 5 global_irq 5 high level)
[STDOUT  ] 2018-03-02T13:59:01.980992820Z: [    0.000000] ACPI: INT_SRC_OVR (bus 0 bus_irq 9 global_irq 9 high level)
[STDOUT  ] 2018-03-02T13:59:01.981004335Z: [    0.000000] ACPI: INT_SRC_OVR (bus 0 bus_irq 10 global_irq 10 high level)
[STDOUT  ] 2018-03-02T13:59:01.981029561Z: [    0.000000] ACPI: INT_SRC_OVR (bus 0 bus_irq 11 global_irq 11 high level)
[STDOUT  ] 2018-03-02T13:59:01.981039744Z: [    0.000000] Using ACPI (MADT) for SMP configuration information
[STDOUT  ] 2018-03-02T13:59:01.981049095Z: [    0.000000] ACPI: HPET id: 0x8086a201 base: 0xfed00000
[STDOUT  ] 2018-03-02T13:59:01.981058454Z: [    0.000000] smpboot: Allowing 1 CPUs, 0 hotplug CPUs
[STDOUT  ] 2018-03-02T13:59:01.981067621Z: [    0.000000] e820: [mem 0x40000000-0xafffffff] available for PCI devices
[STDOUT  ] 2018-03-02T13:59:01.981079808Z: [    0.000000] Booting paravirtualized kernel on KVM
[STDOUT  ] 2018-03-02T13:59:01.981092754Z: [    0.000000] clocksource: refined-jiffies: mask: 0xffffffff max_cycles: 0xffffffff, max_idle_ns: 19112604462750000 ns
[STDOUT  ] 2018-03-02T13:59:01.981102679Z: [    0.000000] setup_percpu: NR_CPUS:128 nr_cpumask_bits:128 nr_cpu_ids:1 nr_node_ids:1
[STDOUT  ] 2018-03-02T13:59:01.981112034Z: [    0.000000] percpu: Embedded 36 pages/cpu @ffff9ed3ba800000 s106904 r8192 d32360 u2097152
[STDOUT  ] 2018-03-02T13:59:01.981126447Z: [    0.000000] KVM setup async PF for cpu 0
[STDOUT  ] 2018-03-02T13:59:01.981135808Z: [    0.000000] kvm-stealtime: cpu 0, msr 3a80fd80
[STDOUT  ] 2018-03-02T13:59:01.981145235Z: [    0.000000] Built 1 zonelists in Zone order, mobility grouping on.  Total pages: 257896
[STDOUT  ] 2018-03-02T13:59:01.981154606Z: [    0.000000] Kernel command line: console=ttyS0 console=ttyAMA0
[STDOUT  ] 2018-03-02T13:59:01.981164314Z: [    0.000000] PID hash table entries: 4096 (order: 3, 32768 bytes)
[STDOUT  ] 2018-03-02T13:59:01.981173859Z: [    0.000000] Dentry cache hash table entries: 131072 (order: 8, 1048576 bytes)
[STDOUT  ] 2018-03-02T13:59:01.981183210Z: [    0.000000] Inode-cache hash table entries: 65536 (order: 7, 524288 bytes)
[STDOUT  ] 2018-03-02T13:59:01.981192994Z: [    0.000000] Memory: 926612K/1048052K available (8054K kernel code, 1391K rwdata, 2700K rodata, 1404K init, 564K bss, 121440K reserved, 0K cma-reserved)
[STDOUT  ] 2018-03-02T13:59:01.981207481Z: [    0.000000] Kernel/User page tables isolation: enabled
[STDOUT  ] 2018-03-02T13:59:01.981216895Z: [    0.000000] Hierarchical RCU implementation.
[STDOUT  ] 2018-03-02T13:59:01.981226650Z: [    0.000000] 	Build-time adjustment of leaf fanout to 64.
[STDOUT  ] 2018-03-02T13:59:01.981235981Z: [    0.000000] 	RCU restricting CPUs from NR_CPUS=128 to nr_cpu_ids=1.
[STDOUT  ] 2018-03-02T13:59:01.981245211Z: [    0.000000] RCU: Adjusting geometry for rcu_fanout_leaf=64, nr_cpu_ids=1
[STDOUT  ] 2018-03-02T13:59:01.981254523Z: [    0.000000] NR_IRQS:8448 nr_irqs:256 16
[STDOUT  ] 2018-03-02T13:59:01.981263710Z: [    0.000000] Console: colour VGA+ 80x25
[STDOUT  ] 2018-03-02T13:59:01.981272966Z: [    0.000000] console [ttyS0] enabled
[STDOUT  ] 2018-03-02T13:59:01.981282124Z: [    0.000000] clocksource: hpet: mask: 0xffffffff max_cycles: 0xffffffff, max_idle_ns: 19112604467 ns
[STDOUT  ] 2018-03-02T13:59:01.981292330Z: [    0.000000] tsc: Detected 2300.000 MHz processor
[STDOUT  ] 2018-03-02T13:59:01.981301706Z: [    0.020000] Calibrating delay loop (skipped) preset value.. 4600.00 BogoMIPS (lpj=23000000)
[STDOUT  ] 2018-03-02T13:59:01.981311095Z: [    0.023745] pid_max: default: 32768 minimum: 301
[STDOUT  ] 2018-03-02T13:59:01.981320641Z: [    0.030049] ACPI: Core revision 20160831
[STDOUT  ] 2018-03-02T13:59:01.981329827Z: [    0.040368] ACPI: 1 ACPI AML tables successfully acquired and loaded
[STDOUT  ] 2018-03-02T13:59:01.981339291Z: [    0.049059] Security Framework initialized
[STDOUT  ] 2018-03-02T13:59:01.981349248Z: [    0.050035] Yama: becoming mindful.
[STDOUT  ] 2018-03-02T13:59:01.981358491Z: [    0.054567] Mount-cache hash table entries: 2048 (order: 2, 16384 bytes)
[STDOUT  ] 2018-03-02T13:59:01.981367700Z: [    0.060037] Mountpoint-cache hash table entries: 2048 (order: 2, 16384 bytes)
[STDOUT  ] 2018-03-02T13:59:01.981377237Z: [    0.080704] CPU: Physical Processor ID: 0
[STDOUT  ] 2018-03-02T13:59:01.981386439Z: [    0.086578] Last level iTLB entries: 4KB 0, 2MB 0, 4MB 0
[STDOUT  ] 2018-03-02T13:59:01.981400664Z: [    0.090027] Last level dTLB entries: 4KB 0, 2MB 0, 4MB 0, 1GB 0
[STDOUT  ] 2018-03-02T13:59:01.981410106Z: [    0.100024] Spectre V2 : Vulnerable: Minimal generic ASM retpoline
[STDOUT  ] 2018-03-02T13:59:01.981419404Z: [    0.230489] Freeing SMP alternatives memory: 20K
[STDOUT  ] 2018-03-02T13:59:01.981434207Z: [    0.268738] ftrace: allocating 35563 entries in 139 pages
[STDOUT  ] 2018-03-02T13:59:01.981443593Z: [    0.290132] smpboot: Max logical packages: 1
[STDOUT  ] 2018-03-02T13:59:01.981452697Z: [    0.303079] x2apic enabled
[STDOUT  ] 2018-03-02T13:59:01.981462026Z: [    0.310039] Switched APIC routing to physical x2apic.
[STDOUT  ] 2018-03-02T13:59:01.981471203Z: [    0.329051] ..TIMER: vector=0x30 apic1=0 pin1=2 apic2=-1 pin2=-1
[STDOUT  ] 2018-03-02T13:59:01.981480439Z: [    0.330000] smpboot: CPU0: Intel QEMU Virtual CPU version 2.5+ (family: 0x6, model: 0x6, stepping: 0x3)
[STDOUT  ] 2018-03-02T13:59:01.981490200Z: [    0.332235] Performance Events: PMU not available due to virtualization, using software events only.
[STDOUT  ] 2018-03-02T13:59:01.981504100Z: [    0.350611] x86: Booted up 1 node, 1 CPUs
[STDOUT  ] 2018-03-02T13:59:01.981513580Z: [    0.355934] smpboot: Total of 1 processors activated (4600.00 BogoMIPS)
[STDOUT  ] 2018-03-02T13:59:01.981526900Z: [    0.363025] devtmpfs: initialized
[STDOUT  ] 2018-03-02T13:59:01.981536626Z: [    0.370089] x86/mm: Memory block size: 128MB
[STDOUT  ] 2018-03-02T13:59:01.981546304Z: [    0.382128] clocksource: jiffies: mask: 0xffffffff max_cycles: 0xffffffff, max_idle_ns: 19112604462750000 ns
[STDOUT  ] 2018-03-02T13:59:01.981556220Z: [    0.390021] futex hash table entries: 256 (order: 2, 16384 bytes)
[STDOUT  ] 2018-03-02T13:59:01.981565560Z: [    0.400234] NET: Registered protocol family 16
[STDOUT  ] 2018-03-02T13:59:01.981574760Z: [    0.406483] cpuidle: using governor ladder
[STDOUT  ] 2018-03-02T13:59:01.981583827Z: [    0.410007] cpuidle: using governor menu
[STDOUT  ] 2018-03-02T13:59:01.981592915Z: [    0.420379] ACPI: bus type PCI registered
[STDOUT  ] 2018-03-02T13:59:01.981602077Z: [    0.426474] PCI: MMCONFIG for domain 0000 [bus 00-ff] at [mem 0xb0000000-0xbfffffff] (base 0xb0000000)
[STDOUT  ] 2018-03-02T13:59:01.981611853Z: [    0.430011] PCI: MMCONFIG at [mem 0xb0000000-0xbfffffff] reserved in E820
[STDOUT  ] 2018-03-02T13:59:01.981621033Z: [    0.440027] PCI: Using configuration type 1 for base access
[STDOUT  ] 2018-03-02T13:59:01.981630237Z: [    0.452461] HugeTLB registered 2 MB page size, pre-allocated 0 pages
[STDOUT  ] 2018-03-02T13:59:01.981639448Z: [    0.460259] ACPI: Added _OSI(Module Device)
[STDOUT  ] 2018-03-02T13:59:01.981648503Z: [    0.470005] ACPI: Added _OSI(Processor Device)
[STDOUT  ] 2018-03-02T13:59:01.981657655Z: [    0.475847] ACPI: Added _OSI(3.0 _SCP Extensions)
[STDOUT  ] 2018-03-02T13:59:01.981669783Z: [    0.480007] ACPI: Added _OSI(Processor Aggregator Device)
[STDOUT  ] 2018-03-02T13:59:01.981681200Z: [    0.495098] ACPI: Interpreter enabled
[STDOUT  ] 2018-03-02T13:59:01.981690430Z: [    0.500018] ACPI: (supports S0 S5)
[STDOUT  ] 2018-03-02T13:59:01.981705306Z: [    0.505078] ACPI: Using IOAPIC for interrupt routing
[STDOUT  ] 2018-03-02T13:59:01.981715117Z: [    0.510081] PCI: Using host bridge windows from ACPI; if necessary, use "pci=nocrs" and report a bug
[STDOUT  ] 2018-03-02T13:59:01.981725017Z: [    0.531027] ACPI: PCI Root Bridge [PCI0] (domain 0000 [bus 00-ff])
[STDOUT  ] 2018-03-02T13:59:01.981734128Z: [    0.540018] acpi PNP0A08:00: _OSC: OS supports [ExtendedConfig ASPM ClockPM Segments MSI]
[STDOUT  ] 2018-03-02T13:59:01.981743566Z: [    0.550180] acpi PNP0A08:00: _OSC: OS now controls [PCIeHotplug PME PCIeCapability]
[STDOUT  ] 2018-03-02T13:59:01.981752870Z: [    0.560093] PCI host bridge to bus 0000:00
[STDOUT  ] 2018-03-02T13:59:01.981762021Z: [    0.565763] pci_bus 0000:00: root bus resource [io  0x0000-0x0cf7 window]
[STDOUT  ] 2018-03-02T13:59:01.981771200Z: [    0.570015] pci_bus 0000:00: root bus resource [io  0x0d00-0xffff window]
[STDOUT  ] 2018-03-02T13:59:01.981785064Z: [    0.580012] pci_bus 0000:00: root bus resource [mem 0x000a0000-0x000bffff window]
[STDOUT  ] 2018-03-02T13:59:01.981794675Z: [    0.590013] pci_bus 0000:00: root bus resource [mem 0xc0000000-0xfebfffff window]
[STDOUT  ] 2018-03-02T13:59:01.981806946Z: [    0.600015] pci_bus 0000:00: root bus resource [bus 00-ff]
[STDOUT  ] 2018-03-02T13:59:01.981816211Z: [    0.737465] pci 0000:00:1f.0: quirk: [io  0x0600-0x067f] claimed by ICH6 ACPI/GPIO/TCO
[STDOUT  ] 2018-03-02T13:59:01.981825701Z: [    0.803755] ACPI: PCI Interrupt Link [LNKA] (IRQs 5 *10 11)
[STDOUT  ] 2018-03-02T13:59:01.981835301Z: [    0.812578] ACPI: PCI Interrupt Link [LNKB] (IRQs 5 *10 11)
[STDOUT  ] 2018-03-02T13:59:01.981844460Z: [    0.822648] ACPI: PCI Interrupt Link [LNKC] (IRQs 5 10 *11)
[STDOUT  ] 2018-03-02T13:59:01.981853432Z: [    0.831133] ACPI: PCI Interrupt Link [LNKD] (IRQs 5 10 *11)
[STDOUT  ] 2018-03-02T13:59:01.981862842Z: [    0.840208] ACPI: PCI Interrupt Link [LNKE] (IRQs 5 *10 11)
[STDOUT  ] 2018-03-02T13:59:01.981876968Z: [    0.848863] ACPI: PCI Interrupt Link [LNKF] (IRQs 5 *10 11)
[STDOUT  ] 2018-03-02T13:59:01.981886368Z: [    0.852535] ACPI: PCI Interrupt Link [LNKG] (IRQs 5 10 *11)
[STDOUT  ] 2018-03-02T13:59:01.981895540Z: [    0.862458] ACPI: PCI Interrupt Link [LNKH] (IRQs 5 10 *11)
[STDOUT  ] 2018-03-02T13:59:01.981904689Z: [    0.872470] ACPI: PCI Interrupt Link [GSIA] (IRQs *16)
[STDOUT  ] 2018-03-02T13:59:01.981914058Z: [    0.881180] ACPI: PCI Interrupt Link [GSIB] (IRQs *17)
[STDOUT  ] 2018-03-02T13:59:01.981923400Z: [    0.890450] ACPI: PCI Interrupt Link [GSIC] (IRQs *18)
[STDOUT  ] 2018-03-02T13:59:01.981932540Z: [    0.898696] ACPI: PCI Interrupt Link [GSID] (IRQs *19)
[STDOUT  ] 2018-03-02T13:59:01.981941622Z: [    0.901196] ACPI: PCI Interrupt Link [GSIE] (IRQs *20)
[STDOUT  ] 2018-03-02T13:59:01.981950738Z: [    0.911187] ACPI: PCI Interrupt Link [GSIF] (IRQs *21)
[STDOUT  ] 2018-03-02T13:59:01.981959978Z: [    0.921307] ACPI: PCI Interrupt Link [GSIG] (IRQs *22)
[STDOUT  ] 2018-03-02T13:59:01.981969189Z: [    0.930016] ACPI: PCI Interrupt Link [GSIH] (IRQs *23)
[STDOUT  ] 2018-03-02T13:59:01.981981234Z: [    0.937920] ACPI: Enabled 1 GPEs in block 00 to 3F
[STDOUT  ] 2018-03-02T13:59:01.981990405Z: [    0.940504] SCSI subsystem initialized
[STDOUT  ] 2018-03-02T13:59:01.981999465Z: [    0.950081] ACPI: bus type USB registered
[STDOUT  ] 2018-03-02T13:59:01.982008672Z: [    0.955829] usbcore: registered new interface driver usbfs
[STDOUT  ] 2018-03-02T13:59:01.982025841Z: [    0.960052] usbcore: registered new interface driver hub
[STDOUT  ] 2018-03-02T13:59:01.982034871Z: [    0.970043] usbcore: registered new device driver usb
[STDOUT  ] 2018-03-02T13:59:01.982043945Z: [    0.977208] pps_core: LinuxPPS API ver. 1 registered
[STDOUT  ] 2018-03-02T13:59:01.982053127Z: [    0.980008] pps_core: Software ver. 5.3.6 - Copyright 2005-2007 Rodolfo Giometti <giometti@linux.it>
[STDOUT  ] 2018-03-02T13:59:01.982063140Z: [    0.990033] PTP clock support registered
[STDOUT  ] 2018-03-02T13:59:01.982072347Z: [    1.000144] PCI: Using ACPI for IRQ routing
[STDOUT  ] 2018-03-02T13:59:01.982081478Z: [    1.417359] NetLabel: Initializing
[STDOUT  ] 2018-03-02T13:59:01.982090551Z: [    1.420009] NetLabel:  domain hash size = 128
[STDOUT  ] 2018-03-02T13:59:01.982099704Z: [    1.425711] NetLabel:  protocols = UNLABELED CIPSOv4
[STDOUT  ] 2018-03-02T13:59:01.982108831Z: [    1.430040] NetLabel:  unlabeled traffic allowed by default
[STDOUT  ] 2018-03-02T13:59:01.982118084Z: [    1.440049] wmi: Mapper loaded
[STDOUT  ] 2018-03-02T13:59:01.982127549Z: [    1.444332] HPET: 3 timers in total, 0 timers will be used for per-cpu timer
[STDOUT  ] 2018-03-02T13:59:01.982137036Z: [    1.450145] hpet0: at MMIO 0xfed00000, IRQs 2, 8, 0
[STDOUT  ] 2018-03-02T13:59:01.982146280Z: [    1.461761] hpet0: 3 comparators, 64-bit 100.000000 MHz counter
[STDOUT  ] 2018-03-02T13:59:01.982155540Z: [    1.475979] clocksource: Switched to clocksource kvm-clock
[STDOUT  ] 2018-03-02T13:59:01.982168947Z: [    1.489586] VFS: Disk quotas dquot_6.6.0
[STDOUT  ] 2018-03-02T13:59:01.982181524Z: [    1.494986] VFS: Dquot-cache hash table entries: 512 (order 0, 4096 bytes)
[STDOUT  ] 2018-03-02T13:59:01.982191005Z: [    1.504321] FS-Cache: Loaded
[STDOUT  ] 2018-03-02T13:59:01.982199864Z: [    1.508334] CacheFiles: Loaded
[STDOUT  ] 2018-03-02T13:59:01.982209195Z: [    1.512749] pnp: PnP ACPI init
[STDOUT  ] 2018-03-02T13:59:01.982218436Z: [    1.517801] pnp: PnP ACPI: found 5 devices
[STDOUT  ] 2018-03-02T13:59:01.982227611Z: [    1.529612] clocksource: acpi_pm: mask: 0xffffff max_cycles: 0xffffff, max_idle_ns: 2085701024 ns
[STDOUT  ] 2018-03-02T13:59:01.982236961Z: [    1.541778] NET: Registered protocol family 2
[STDOUT  ] 2018-03-02T13:59:01.982245916Z: [    1.547630] TCP established hash table entries: 8192 (order: 4, 65536 bytes)
[STDOUT  ] 2018-03-02T13:59:01.982255078Z: [    1.557013] TCP bind hash table entries: 8192 (order: 5, 131072 bytes)
[STDOUT  ] 2018-03-02T13:59:01.982264201Z: [    1.566096] TCP: Hash tables configured (established 8192 bind 8192)
[STDOUT  ] 2018-03-02T13:59:01.982278002Z: [    1.575167] UDP hash table entries: 512 (order: 2, 16384 bytes)
[STDOUT  ] 2018-03-02T13:59:01.982287707Z: [    1.583460] UDP-Lite hash table entries: 512 (order: 2, 16384 bytes)
[STDOUT  ] 2018-03-02T13:59:01.982297008Z: [    1.592266] NET: Registered protocol family 1
[STDOUT  ] 2018-03-02T13:59:01.982308704Z: [    1.598332] pci 0000:00:01.0: Video device with shadowed ROM at [mem 0x000c0000-0x000dffff]
[STDOUT  ] 2018-03-02T13:59:01.982318142Z: [    1.610388] Unpacking initramfs...
[STDOUT  ] 2018-03-02T13:59:01.982327340Z: [    2.975779] Freeing initrd memory: 87504K
[STDOUT  ] 2018-03-02T13:59:01.982339371Z: [    2.982197] PCLMULQDQ-NI instructions are not detected.
[STDOUT  ] 2018-03-02T13:59:01.982348808Z: [    2.989570] AVX or AES-NI instructions are not detected.
[STDOUT  ] 2018-03-02T13:59:01.982358054Z: [    2.996633] CPU feature 'AVX registers' is not supported.
[STDOUT  ] 2018-03-02T13:59:01.982367309Z: [    3.003861] CPU feature 'AVX registers' is not supported.
[STDOUT  ] 2018-03-02T13:59:01.982376360Z: [    3.011077] CPU feature 'AVX registers' is not supported.
[STDOUT  ] 2018-03-02T13:59:01.982385768Z: [    3.018340] CPU feature 'AVX registers' is not supported.
[STDOUT  ] 2018-03-02T13:59:01.982394974Z: [    3.026108] AVX2 or AES-NI instructions are not detected.
[STDOUT  ] 2018-03-02T13:59:01.982406776Z: [    3.033430] AVX2 instructions are not detected.
[STDOUT  ] 2018-03-02T13:59:01.982416148Z: [    3.039551] audit: initializing netlink subsys (disabled)
[STDOUT  ] 2018-03-02T13:59:01.982425269Z: [    3.046763] audit: type=2000 audit(1519999132.282:1): initialized
[STDOUT  ] 2018-03-02T13:59:01.982434449Z: [    3.055548] workingset: timestamp_bits=46 max_order=18 bucket_order=0
[STDOUT  ] 2018-03-02T13:59:01.982443614Z: [    3.064453] squashfs: version 4.0 (2009/01/31) Phillip Lougher
[STDOUT  ] 2018-03-02T13:59:01.982452621Z: [    3.072129] FS-Cache: Netfs 'cifs' registered for caching
[STDOUT  ] 2018-03-02T13:59:01.982461771Z: [    3.079371] fuse init (API version 7.26)
[STDOUT  ] 2018-03-02T13:59:01.982470816Z: [    3.084982] SGI XFS with ACLs, security attributes, no debug enabled
[STDOUT  ] 2018-03-02T13:59:01.982479929Z: [    3.094216] 9p: Installing v9fs 9p2000 file system support
[STDOUT  ] 2018-03-02T13:59:01.982489098Z: [    3.101691] FS-Cache: Netfs '9p' registered for caching
[STDOUT  ] 2018-03-02T13:59:01.982498349Z: [    3.109855] NET: Registered protocol family 38
[STDOUT  ] 2018-03-02T13:59:01.982507501Z: [    3.115843] Key type asymmetric registered
[STDOUT  ] 2018-03-02T13:59:01.982517298Z: [    3.121198] Asymmetric key parser 'x509' registered
[STDOUT  ] 2018-03-02T13:59:01.982526655Z: [    3.127751] Block layer SCSI generic (bsg) driver version 0.4 loaded (major 251)
[STDOUT  ] 2018-03-02T13:59:01.982535949Z: [    3.137826] io scheduler noop registered
[STDOUT  ] 2018-03-02T13:59:01.982547289Z: [    3.142901] io scheduler deadline registered (default)
[STDOUT  ] 2018-03-02T13:59:01.982561015Z: [    3.149744] io scheduler cfq registered
[STDOUT  ] 2018-03-02T13:59:01.982570549Z: [    3.158188] pci_hotplug: PCI Hot Plug PCI Core version: 0.5
[STDOUT  ] 2018-03-02T13:59:01.982579784Z: [    3.166104] pciehp: PCI Express Hot Plug Controller Driver version: 0.4
[STDOUT  ] 2018-03-02T13:59:01.982589088Z: [    3.174950] shpchp: Standard Hot Plug PCI Controller Driver version: 0.4
[STDOUT  ] 2018-03-02T13:59:01.982598500Z: [    3.184534] hv_vmbus: registering driver hyperv_fb
[STDOUT  ] 2018-03-02T13:59:01.982607441Z: [    3.191124] input: Power Button as /devices/LNXSYSTM:00/LNXPWRBN:00/input/input0
[STDOUT  ] 2018-03-02T13:59:01.982616958Z: [    3.200997] ACPI: Power Button [PWRF]
[STDERR  ] 2018-03-02T13:59:01.980546966Z: [    0.803755] ACPI: PCI Interrupt Link [LNKA] (IRQs 5 *10 11)
[STDERR  ] 2018-03-02T13:59:01.982628274Z: [    0.812578] ACPI: PCI Interrupt Link [LNKB] (IRQs 5 *10 11)
[STDOUT  ] 2018-03-02T13:59:01.982626602Z: [    3.206071] GHES: HEST is not enabled!
[STDERR  ] 2018-03-02T13:59:01.982674155Z: [    0.822648] ACPI: PCI Interrupt Link [LNKC] (IRQs 5 10 *11)
[STDOUT  ] 2018-03-02T13:59:01.982636040Z: [    3.211652] ACPI: PCI Interrupt Link [GSIG] enabled at IRQ 22
[STDOUT  ] 2018-03-02T13:59:01.982733552Z: [    3.225352] ACPI: PCI Interrupt Link [GSIH] enabled at IRQ 23
[STDOUT  ] 2018-03-02T13:59:01.982743654Z: [    3.239568] xenfs: not registering filesystem on non-xen platform
[STDOUT  ] 2018-03-02T13:59:01.982753302Z: [    3.246711] Serial: 8250/16550 driver, 4 ports, IRQ sharing disabled
