[INFO    ] 2017-07-27T11:52:38.961529705Z: Running Test linuxkit.packages.ca-certificates in /tmp/build/test/cases/040_packages/003_ca-certificates
[INFO    ] 2017-07-27T11:52:38.961650308Z: Running command: [/bin/sh -x /tmp/build/test/cases/040_packages/003_ca-certificates/test.sh]
[STDERR  ] 2017-07-27T11:52:38.967729037Z: + set -e
[STDERR  ] 2017-07-27T11:52:38.967832022Z: + . /tmp/build/test/cases/_lib/lib.sh
[STDERR  ] 2017-07-27T11:52:38.967843124Z: + [ -f src/github.com/linuxkit/rtf/lib/lib.sh ]
[STDERR  ] 2017-07-27T11:52:38.967853378Z: + LINUXKIT_TMPDIR=/tmp/build/test/cases/_tmp
[STDERR  ] 2017-07-27T11:52:38.967869269Z: + [ -f /tmp/build/test/cases/_tmp/env.sh ]
[STDERR  ] 2017-07-27T11:52:38.967878329Z: + . /tmp/build/test/cases/_tmp/env.sh
[STDERR  ] 2017-07-27T11:52:38.967903469Z: + export LINUXKIT_EXAMPLES_DIR=/tmp/build/test/cases/../../examples
[STDERR  ] 2017-07-27T11:52:38.967917937Z: + export LINUXKIT_BLUEPRINTS_DIR=/tmp/build/test/cases/../../blueprints
[STDERR  ] 2017-07-27T11:52:38.967929532Z: + RT_CANCEL=253
[STDERR  ] 2017-07-27T11:52:38.967939009Z: + trap clean_up EXIT
[STDERR  ] 2017-07-27T11:52:38.967948119Z: + moby build -output kernel+initrd test-ca-certificates.yml
[STDERR  ] 2017-07-27T11:52:39.002949006Z: Extract kernel image: linuxkit/kernel:4.9.39
[STDERR  ] 2017-07-27T11:52:40.759259074Z: Add init containers:
[STDERR  ] 2017-07-27T11:52:40.759319859Z: Process init image: linuxkit/init:4dcee04c04c900a5796dc719f8d16fea7e771059
[STDERR  ] 2017-07-27T11:52:42.035940653Z: Process init image: linuxkit/runc:f5960b83a8766ae083efc744fa63dbf877450e4f
[STDERR  ] 2017-07-27T11:52:43.455459524Z: Process init image: linuxkit/ca-certificates:67acf038c44bb191ebb704ec7bb39a1524052cdf
[STDERR  ] 2017-07-27T11:52:44.825097106Z: Add onboot containers:
[STDERR  ] 2017-07-27T11:52:44.825157894Z:   Create OCI config for alpine:3.6
[STDERR  ] 2017-07-27T11:52:46.099577562Z:   Create OCI config for linuxkit/poweroff:3845c4d64d47a1ea367806be5547e44594b0fa91
[STDERR  ] 2017-07-27T11:52:47.494029328Z: Add files:
[STDERR  ] 2017-07-27T11:52:47.494087355Z:   check.sh
[STDERR  ] 2017-07-27T11:52:47.513353254Z: Create outputs:
[STDERR  ] 2017-07-27T11:52:50.632392205Z:   test-ca-certificates-kernel test-ca-certificates-initrd.img test-ca-certificates-cmdline
[STDERR  ] 2017-07-27T11:52:50.670581939Z: + linuxkit run test-ca-certificates
[STDERR  ] 2017-07-27T11:52:50.688800077Z: Unable to find qemu-system-x86_64 within the $PATH. Using a container
[STDERR  ] 2017-07-27T11:53:17.558919773Z: + RESULT=[    0.000000] Linux version 4.9.39-linuxkit (root@e1ede117fb1e) (gcc version 6.3.0 (Alpine 6.3.0) ) #1 SMP Wed Jul 26 10:03:32 UTC 2017
[STDERR  ] 2017-07-27T11:53:17.558999253Z: [    0.000000] Command line: console=ttyS0 page_poison=1
[STDERR  ] 2017-07-27T11:53:17.559012244Z: [    0.000000] x86/fpu: Legacy x87 FPU detected.
[STDERR  ] 2017-07-27T11:53:17.559022441Z: [    0.000000] x86/fpu: Using 'eager' FPU context switches.
[STDERR  ] 2017-07-27T11:53:17.559031849Z: [    0.000000] e820: BIOS-provided physical RAM map:
[STDERR  ] 2017-07-27T11:53:17.559041669Z: [    0.000000] BIOS-e820: [mem 0x0000000000000000-0x000000000009fbff] usable
[STDERR  ] 2017-07-27T11:53:17.559052136Z: [    0.000000] BIOS-e820: [mem 0x000000000009fc00-0x000000000009ffff] reserved
[STDERR  ] 2017-07-27T11:53:17.559061787Z: [    0.000000] BIOS-e820: [mem 0x00000000000f0000-0x00000000000fffff] reserved
[STDERR  ] 2017-07-27T11:53:17.559070946Z: [    0.000000] BIOS-e820: [mem 0x0000000000100000-0x000000003ffdefff] usable
[STDERR  ] 2017-07-27T11:53:17.559079952Z: [    0.000000] BIOS-e820: [mem 0x000000003ffdf000-0x000000003fffffff] reserved
[STDERR  ] 2017-07-27T11:53:17.559089493Z: [    0.000000] BIOS-e820: [mem 0x00000000b0000000-0x00000000bfffffff] reserved
[STDERR  ] 2017-07-27T11:53:17.559114231Z: [    0.000000] BIOS-e820: [mem 0x00000000fed1c000-0x00000000fed1ffff] reserved
[STDERR  ] 2017-07-27T11:53:17.559122772Z: [    0.000000] BIOS-e820: [mem 0x00000000fffc0000-0x00000000ffffffff] reserved
[STDERR  ] 2017-07-27T11:53:17.559140312Z: [    0.000000] NX (Execute Disable) protection: active
[STDERR  ] 2017-07-27T11:53:17.55916263Z: [    0.000000] SMBIOS 2.8 present.
[STDERR  ] 2017-07-27T11:53:17.559171216Z: [    0.000000] e820: last_pfn = 0x3ffdf max_arch_pfn = 0x400000000
[STDERR  ] 2017-07-27T11:53:17.559180229Z: [    0.000000] x86/PAT: Configuration [0-7]: WB  WC  UC- UC  WB  WC  UC- WT  
[STDERR  ] 2017-07-27T11:53:17.559194693Z: [    0.000000] found SMP MP-table at [mem 0x000f6aa0-0x000f6aaf] mapped at [ffff8b59c00f6aa0]
[STDERR  ] 2017-07-27T11:53:17.559204503Z: [    0.000000] RAMDISK: [mem 0x3ed52000-0x3ffcffff]
[STDERR  ] 2017-07-27T11:53:17.559213383Z: [    0.000000] ACPI: Early table checksum verification disabled
[STDERR  ] 2017-07-27T11:53:17.559233738Z: [    0.000000] ACPI: RSDP 0x00000000000F68C0 000014 (v00 BOCHS )
[STDERR  ] 2017-07-27T11:53:17.559257131Z: [    0.000000] ACPI: RSDT 0x000000003FFE2404 000034 (v01 BOCHS  BXPCRSDT 00000001 BXPC 00000001)
[STDERR  ] 2017-07-27T11:53:17.559266066Z: [    0.000000] ACPI: FACP 0x000000003FFE22A4 000074 (v01 BOCHS  BXPCFACP 00000001 BXPC 00000001)
[STDERR  ] 2017-07-27T11:53:17.559275293Z: [    0.000000] ACPI: DSDT 0x000000003FFE0040 002264 (v01 BOCHS  BXPCDSDT 00000001 BXPC 00000001)
[STDERR  ] 2017-07-27T11:53:17.559284028Z: [    0.000000] ACPI: FACS 0x000000003FFE0000 000040
[STDERR  ] 2017-07-27T11:53:17.559292905Z: [    0.000000] ACPI: APIC 0x000000003FFE2318 000078 (v01 BOCHS  BXPCAPIC 00000001 BXPC 00000001)
[STDERR  ] 2017-07-27T11:53:17.559302992Z: [    0.000000] ACPI: HPET 0x000000003FFE2390 000038 (v01 BOCHS  BXPCHPET 00000001 BXPC 00000001)
[STDERR  ] 2017-07-27T11:53:17.559317774Z: [    0.000000] ACPI: MCFG 0x000000003FFE23C8 00003C (v01 BOCHS  BXPCMCFG 00000001 BXPC 00000001)
[STDERR  ] 2017-07-27T11:53:17.559326222Z: [    0.000000] Zone ranges:
[STDERR  ] 2017-07-27T11:53:17.559339664Z: [    0.000000]   DMA      [mem 0x0000000000001000-0x0000000000ffffff]
[STDERR  ] 2017-07-27T11:53:17.559348099Z: [    0.000000]   DMA32    [mem 0x0000000001000000-0x000000003ffdefff]
[STDERR  ] 2017-07-27T11:53:17.559356317Z: [    0.000000]   Normal   empty
[STDERR  ] 2017-07-27T11:53:17.559365135Z: [    0.000000] Movable zone start for each node
[STDERR  ] 2017-07-27T11:53:17.559374379Z: [    0.000000] Early memory node ranges
[STDERR  ] 2017-07-27T11:53:17.559383292Z: [    0.000000]   node   0: [mem 0x0000000000001000-0x000000000009efff]
[STDERR  ] 2017-07-27T11:53:17.559391554Z: [    0.000000]   node   0: [mem 0x0000000000100000-0x000000003ffdefff]
[STDERR  ] 2017-07-27T11:53:17.55939981Z: [    0.000000] Initmem setup node 0 [mem 0x0000000000001000-0x000000003ffdefff]
[STDERR  ] 2017-07-27T11:53:17.559408099Z: [    0.000000] ACPI: PM-Timer IO Port: 0x608
[STDERR  ] 2017-07-27T11:53:17.559417008Z: [    0.000000] ACPI: LAPIC_NMI (acpi_id[0xff] dfl dfl lint[0x1])
[STDERR  ] 2017-07-27T11:53:17.559426008Z: [    0.000000] IOAPIC[0]: apic_id 0, version 32, address 0xfec00000, GSI 0-23
[STDERR  ] 2017-07-27T11:53:17.559434338Z: [    0.000000] ACPI: INT_SRC_OVR (bus 0 bus_irq 0 global_irq 2 dfl dfl)
[STDERR  ] 2017-07-27T11:53:17.559445137Z: [    0.000000] ACPI: INT_SRC_OVR (bus 0 bus_irq 5 global_irq 5 high level)
[STDERR  ] 2017-07-27T11:53:17.559453333Z: [    0.000000] ACPI: INT_SRC_OVR (bus 0 bus_irq 9 global_irq 9 high level)
[STDERR  ] 2017-07-27T11:53:17.559461334Z: [    0.000000] ACPI: INT_SRC_OVR (bus 0 bus_irq 10 global_irq 10 high level)
[STDERR  ] 2017-07-27T11:53:17.559469567Z: [    0.000000] ACPI: INT_SRC_OVR (bus 0 bus_irq 11 global_irq 11 high level)
[STDERR  ] 2017-07-27T11:53:17.559477699Z: [    0.000000] Using ACPI (MADT) for SMP configuration information
[STDERR  ] 2017-07-27T11:53:17.559486238Z: [    0.000000] ACPI: HPET id: 0x8086a201 base: 0xfed00000
[STDERR  ] 2017-07-27T11:53:17.559494436Z: [    0.000000] smpboot: Allowing 1 CPUs, 0 hotplug CPUs
[STDERR  ] 2017-07-27T11:53:17.559502652Z: [    0.000000] e820: [mem 0x40000000-0xafffffff] available for PCI devices
[STDERR  ] 2017-07-27T11:53:17.55951097Z: [    0.000000] Booting paravirtualized kernel on bare hardware
[STDERR  ] 2017-07-27T11:53:17.559519258Z: [    0.000000] clocksource: refined-jiffies: mask: 0xffffffff max_cycles: 0xffffffff, max_idle_ns: 19112604462750000 ns
[STDERR  ] 2017-07-27T11:53:17.5595389Z: [    0.000000] setup_percpu: NR_CPUS:128 nr_cpumask_bits:128 nr_cpu_ids:1 nr_node_ids:1
[STDERR  ] 2017-07-27T11:53:17.559547472Z: [    0.000000] percpu: Embedded 35 pages/cpu @ffff8b59fea00000 s105240 r8192 d29928 u2097152
[STDERR  ] 2017-07-27T11:53:17.559555534Z: [    0.000000] Built 1 zonelists in Zone order, mobility grouping on.  Total pages: 257896
[STDERR  ] 2017-07-27T11:53:17.559563908Z: [    0.000000] Kernel command line: console=ttyS0 page_poison=1
[STDERR  ] 2017-07-27T11:53:17.559572709Z: [    0.000000] PID hash table entries: 4096 (order: 3, 32768 bytes)
[STDERR  ] 2017-07-27T11:53:17.559598613Z: [    0.000000] Dentry cache hash table entries: 131072 (order: 8, 1048576 bytes)
[STDERR  ] 2017-07-27T11:53:17.55961266Z: [    0.000000] Inode-cache hash table entries: 65536 (order: 7, 524288 bytes)
[STDERR  ] 2017-07-27T11:53:17.559621269Z: [    0.000000] Memory: 995240K/1048052K available (8027K kernel code, 1366K rwdata, 2696K rodata, 1376K init, 568K bss, 52812K reserved, 0K cma-reserved)
[STDERR  ] 2017-07-27T11:53:17.559653313Z: [    0.000000] Hierarchical RCU implementation.
[STDERR  ] 2017-07-27T11:53:17.559661345Z: [    0.000000] 	Build-time adjustment of leaf fanout to 64.
[STDERR  ] 2017-07-27T11:53:17.559669458Z: [    0.000000] 	RCU restricting CPUs from NR_CPUS=128 to nr_cpu_ids=1.
[STDERR  ] 2017-07-27T11:53:17.559677177Z: [    0.000000] RCU: Adjusting geometry for rcu_fanout_leaf=64, nr_cpu_ids=1
[STDERR  ] 2017-07-27T11:53:17.559684733Z: [    0.000000] NR_IRQS:8448 nr_irqs:256 16
[STDERR  ] 2017-07-27T11:53:17.559692686Z: [    0.000000] Console: colour VGA+ 80x25
[STDERR  ] 2017-07-27T11:53:17.559700922Z: [    0.000000] console [ttyS0] enabled
[STDERR  ] 2017-07-27T11:53:17.559709026Z: [    0.000000] allocated 2097152 bytes of page_ext
[STDERR  ] 2017-07-27T11:53:17.559718296Z: [    0.000000] clocksource: hpet: mask: 0xffffffff max_cycles: 0xffffffff, max_idle_ns: 19112604467 ns
[STDERR  ] 2017-07-27T11:53:17.559733501Z: [    0.000000] tsc: Fast TSC calibration using PIT
[STDERR  ] 2017-07-27T11:53:17.559742371Z: [    0.000000] tsc: Detected 2599.948 MHz processor
[STDERR  ] 2017-07-27T11:53:17.559750414Z: [    0.032202] Calibrating delay loop (skipped), value calculated using timer frequency.. 5199.89 BogoMIPS (lpj=25999480)
[STDERR  ] 2017-07-27T11:53:17.559758336Z: [    0.033032] pid_max: default: 32768 minimum: 301
[STDERR  ] 2017-07-27T11:53:17.559771173Z: [    0.033998] ACPI: Core revision 20160831
[STDOUT  ] 2017-07-27T11:53:17.559735025Z: [    0.000000] Linux version 4.9.39-linuxkit (root@e1ede117fb1e) (gcc version 6.3.0 (Alpine 6.3.0) ) #1 SMP Wed Jul 26 10:03:32 UTC 2017
[STDERR  ] 2017-07-27T11:53:17.559778539Z: [    0.079270] ACPI: 1 ACPI AML tables successfully acquired and loaded
[STDERR  ] 2017-07-27T11:53:17.559786863Z: [    0.083822] Security Framework initialized
[STDERR  ] 2017-07-27T11:53:17.559795167Z: [    0.084121] Yama: becoming mindful.
[STDOUT  ] 2017-07-27T11:53:17.559794291Z: [    0.000000] Command line: console=ttyS0 page_poison=1
[STDERR  ] 2017-07-27T11:53:17.55980394Z: [    0.086090] Mount-cache hash table entries: 2048 (order: 2, 16384 bytes)
[STDERR  ] 2017-07-27T11:53:17.559812394Z: [    0.086424] Mountpoint-cache hash table entries: 2048 (order: 2, 16384 bytes)
[STDERR  ] 2017-07-27T11:53:17.559831611Z: [    0.107628] Last level iTLB entries: 4KB 0, 2MB 0, 4MB 0
[STDERR  ] 2017-07-27T11:53:17.559839471Z: [    0.108215] Last level dTLB entries: 4KB 0, 2MB 0, 4MB 0, 1GB 0
[STDERR  ] 2017-07-27T11:53:17.559847238Z: [    0.394003] Freeing SMP alternatives memory: 20K (ffffffffa5eaf000 - ffffffffa5eb4000)
[STDERR  ] 2017-07-27T11:53:17.559856085Z: [    0.404597] ftrace: allocating 35482 entries in 139 pages
[STDERR  ] 2017-07-27T11:53:17.559865075Z: [    0.571025] smpboot: Max logical packages: 1
[STDERR  ] 2017-07-27T11:53:17.55987355Z: [    0.577849] ..TIMER: vector=0x30 apic1=0 pin1=2 apic2=-1 pin2=-1
[STDOUT  ] 2017-07-27T11:53:17.559807877Z: [    0.000000] x86/fpu: Legacy x87 FPU detected.
[STDERR  ] 2017-07-27T11:53:17.559886351Z: [    0.680000] smpboot: CPU0: AMD QEMU Virtual CPU version 2.5+ (family: 0x6, model: 0x6, stepping: 0x3)
[STDOUT  ] 2017-07-27T11:53:17.559888199Z: [    0.000000] x86/fpu: Using 'eager' FPU context switches.
[STDERR  ] 2017-07-27T11:53:17.559895046Z: [    0.680000] Performance Events: PMU not available due to virtualization, using software events only.
[STDERR  ] 2017-07-27T11:53:17.559904252Z: [    0.690277] NMI watchdog: disabled (cpu0): hardware events not enabled
[STDOUT  ] 2017-07-27T11:53:17.559897376Z: [    0.000000] e820: BIOS-provided physical RAM map:
[STDERR  ] 2017-07-27T11:53:17.559916858Z: [    0.690825] NMI watchdog: Shutting down hard lockup detector on all cpus
[STDOUT  ] 2017-07-27T11:53:17.55991314Z: [    0.000000] BIOS-e820: [mem 0x0000000000000000-0x000000000009fbff] usable
[STDERR  ] 2017-07-27T11:53:17.559925556Z: [    0.694363] x86: Booted up 1 node, 1 CPUs
[STDOUT  ] 2017-07-27T11:53:17.559924968Z: [    0.000000] BIOS-e820: [mem 0x000000000009fc00-0x000000000009ffff] reserved
[STDERR  ] 2017-07-27T11:53:17.559935059Z: [    0.694772] smpboot: Total of 1 processors activated (5199.89 BogoMIPS)
[STDOUT  ] 2017-07-27T11:53:17.559936737Z: [    0.000000] BIOS-e820: [mem 0x00000000000f0000-0x00000000000fffff] reserved
[STDERR  ] 2017-07-27T11:53:17.559943891Z: [    0.710208] devtmpfs: initialized
[STDOUT  ] 2017-07-27T11:53:17.559945657Z: [    0.000000] BIOS-e820: [mem 0x0000000000100000-0x000000003ffdefff] usable
[STDERR  ] 2017-07-27T11:53:17.559953007Z: [    0.716624] x86/mm: Memory block size: 128MB
[STDOUT  ] 2017-07-27T11:53:17.559955054Z: [    0.000000] BIOS-e820: [mem 0x000000003ffdf000-0x000000003fffffff] reserved
[STDERR  ] 2017-07-27T11:53:17.559961518Z: [    0.779718] clocksource: jiffies: mask: 0xffffffff max_cycles: 0xffffffff, max_idle_ns: 19112604462750000 ns
[STDOUT  ] 2017-07-27T11:53:17.559964071Z: [    0.000000] BIOS-e820: [mem 0x00000000b0000000-0x00000000bfffffff] reserved
[STDOUT  ] 2017-07-27T11:53:17.559973474Z: [    0.000000] BIOS-e820: [mem 0x00000000fed1c000-0x00000000fed1ffff] reserved
[STDERR  ] 2017-07-27T11:53:17.559970178Z: [    0.780394] futex hash table entries: 256 (order: 2, 16384 bytes)
[STDOUT  ] 2017-07-27T11:53:17.559982242Z: [    0.000000] BIOS-e820: [mem 0x00000000fffc0000-0x00000000ffffffff] reserved
[STDERR  ] 2017-07-27T11:53:17.559979501Z: [    0.790128] NET: Registered protocol family 16
[STDERR  ] 2017-07-27T11:53:17.559988314Z: [    0.799809] cpuidle: using governor ladder
[STDOUT  ] 2017-07-27T11:53:17.559990931Z: [    0.000000] NX (Execute Disable) protection: active
[STDERR  ] 2017-07-27T11:53:17.559997272Z: [    0.800281] cpuidle: using governor menu
[STDOUT  ] 2017-07-27T11:53:17.560000517Z: [    0.000000] SMBIOS 2.8 present.
[STDERR  ] 2017-07-27T11:53:17.560005361Z: [    0.801531] ACPI: bus type PCI registered
[STDOUT  ] 2017-07-27T11:53:17.560012675Z: [    0.000000] e820: last_pfn = 0x3ffdf max_arch_pfn = 0x400000000
[STDERR  ] 2017-07-27T11:53:17.560016235Z: [    0.804588] PCI: MMCONFIG for domain 0000 [bus 00-ff] at [mem 0xb0000000-0xbfffffff] (base 0xb0000000)
[STDOUT  ] 2017-07-27T11:53:17.560021632Z: [    0.000000] x86/PAT: Configuration [0-7]: WB  WC  UC- UC  WB  WC  UC- WT  
[STDERR  ] 2017-07-27T11:53:17.560025176Z: [    0.805413] PCI: MMCONFIG at [mem 0xb0000000-0xbfffffff] reserved in E820
[STDOUT  ] 2017-07-27T11:53:17.560030869Z: [    0.000000] found SMP MP-table at [mem 0x000f6aa0-0x000f6aaf] mapped at [ffff8b59c00f6aa0]
[STDERR  ] 2017-07-27T11:53:17.560033927Z: [    0.806829] PCI: Using configuration type 1 for base access
[STDOUT  ] 2017-07-27T11:53:17.560040542Z: [    0.000000] RAMDISK: [mem 0x3ed52000-0x3ffcffff]
[STDERR  ] 2017-07-27T11:53:17.56004235Z: [    0.860821] HugeTLB registered 2 MB page size, pre-allocated 0 pages
[STDOUT  ] 2017-07-27T11:53:17.560049447Z: [    0.000000] ACPI: Early table checksum verification disabled
[STDERR  ] 2017-07-27T11:53:17.560051036Z: [    0.875810] ACPI: Added _OSI(Module Device)
[STDOUT  ] 2017-07-27T11:53:17.560059369Z: [    0.000000] ACPI: RSDP 0x00000000000F68C0 000014 (v00 BOCHS )
[STDERR  ] 2017-07-27T11:53:17.560065123Z: [    0.876168] ACPI: Added _OSI(Processor Device)
[STDOUT  ] 2017-07-27T11:53:17.560071383Z: [    0.000000] ACPI: RSDT 0x000000003FFE2404 000034 (v01 BOCHS  BXPCRSDT 00000001 BXPC 00000001)
[STDERR  ] 2017-07-27T11:53:17.560074075Z: [    0.876491] ACPI: Added _OSI(3.0 _SCP Extensions)
[STDOUT  ] 2017-07-27T11:53:17.560080351Z: [    0.000000] ACPI: FACP 0x000000003FFE22A4 000074 (v01 BOCHS  BXPCFACP 00000001 BXPC 00000001)
[STDERR  ] 2017-07-27T11:53:17.560082773Z: [    0.876787] ACPI: Added _OSI(Processor Aggregator Device)
[STDOUT  ] 2017-07-27T11:53:17.56008955Z: [    0.000000] ACPI: DSDT 0x000000003FFE0040 002264 (v01 BOCHS  BXPCDSDT 00000001 BXPC 00000001)
[STDOUT  ] 2017-07-27T11:53:17.560104552Z: [    0.000000] ACPI: FACS 0x000000003FFE0000 000040
[STDERR  ] 2017-07-27T11:53:17.560094857Z: [    0.954405] ACPI: Interpreter enabled
[STDOUT  ] 2017-07-27T11:53:17.560113092Z: [    0.000000] ACPI: APIC 0x000000003FFE2318 000078 (v01 BOCHS  BXPCAPIC 00000001 BXPC 00000001)
[STDERR  ] 2017-07-27T11:53:17.560111093Z: [    0.955386] ACPI: (supports S0 S5)
[STDERR  ] 2017-07-27T11:53:17.560122134Z: [    0.955707] ACPI: Using IOAPIC for interrupt routing
[STDOUT  ] 2017-07-27T11:53:17.560125265Z: [    0.000000] ACPI: HPET 0x000000003FFE2390 000038 (v01 BOCHS  BXPCHPET 00000001 BXPC 00000001)
[STDERR  ] 2017-07-27T11:53:17.560130909Z: [    0.958310] PCI: Using host bridge windows from ACPI; if necessary, use "pci=nocrs" and report a bug
[STDERR  ] 2017-07-27T11:53:17.560139537Z: [    1.026623] ACPI: PCI Root Bridge [PCI0] (domain 0000 [bus 00-ff])
[STDOUT  ] 2017-07-27T11:53:17.560136205Z: [    0.000000] ACPI: MCFG 0x000000003FFE23C8 00003C (v01 BOCHS  BXPCMCFG 00000001 BXPC 00000001)
[STDOUT  ] 2017-07-27T11:53:17.560146035Z: [    0.000000] Zone ranges:
[STDOUT  ] 2017-07-27T11:53:17.560155648Z: [    0.000000]   DMA      [mem 0x0000000000001000-0x0000000000ffffff]
[STDERR  ] 2017-07-27T11:53:17.560148563Z: [    1.027802] acpi PNP0A08:00: _OSC: OS supports [ExtendedConfig ASPM ClockPM Segments MSI]
[STDERR  ] 2017-07-27T11:53:17.560168766Z: [    1.034651] acpi PNP0A08:00: _OSC: OS now controls [PCIeHotplug PME PCIeCapability]
[STDERR  ] 2017-07-27T11:53:17.560176951Z: [    1.038581] PCI host bridge to bus 0000:00
[STDOUT  ] 2017-07-27T11:53:17.560178605Z: [    0.000000]   DMA32    [mem 0x0000000001000000-0x000000003ffdefff]
[STDERR  ] 2017-07-27T11:53:17.560185631Z: [    1.039170] pci_bus 0000:00: root bus resource [io  0x0000-0x0cf7 window]
[STDOUT  ] 2017-07-27T11:53:17.560187738Z: [    0.000000]   Normal   empty
[STDERR  ] 2017-07-27T11:53:17.560194163Z: [    1.039548] pci_bus 0000:00: root bus resource [io  0x0d00-0xffff window]
[STDOUT  ] 2017-07-27T11:53:17.560197512Z: [    0.000000] Movable zone start for each node
[STDERR  ] 2017-07-27T11:53:17.560202777Z: [    1.040112] pci_bus 0000:00: root bus resource [mem 0x000a0000-0x000bffff window]
[STDOUT  ] 2017-07-27T11:53:17.560206587Z: [    0.000000] Early memory node ranges
[STDOUT  ] 2017-07-27T11:53:17.560215954Z: [    0.000000]   node   0: [mem 0x0000000000001000-0x000000000009efff]
[STDERR  ] 2017-07-27T11:53:17.560211488Z: [    1.040557] pci_bus 0000:00: root bus resource [mem 0xc0000000-0xfebfffff window]
[STDERR  ] 2017-07-27T11:53:17.560225778Z: [    1.041200] pci_bus 0000:00: root bus resource [bus 00-ff]
[STDOUT  ] 2017-07-27T11:53:17.560233348Z: [    0.000000]   node   0: [mem 0x0000000000100000-0x000000003ffdefff]
[STDERR  ] 2017-07-27T11:53:17.560234648Z: [    1.185446] pci 0000:00:1f.0: quirk: [io  0x0600-0x067f] claimed by ICH6 ACPI/GPIO/TCO
[STDOUT  ] 2017-07-27T11:53:17.560242387Z: [    0.000000] Initmem setup node 0 [mem 0x0000000000001000-0x000000003ffdefff]
[STDERR  ] 2017-07-27T11:53:17.560243813Z: [    1.265250] ACPI: PCI Interrupt Link [LNKA] (IRQs 5 *10 11)
[STDOUT  ] 2017-07-27T11:53:17.560251431Z: [    0.000000] ACPI: PM-Timer IO Port: 0x608
[STDERR  ] 2017-07-27T11:53:17.560252795Z: [    1.268181] ACPI: PCI Interrupt Link [LNKB] (IRQs 5 *10 11)
[STDOUT  ] 2017-07-27T11:53:17.560260326Z: [    0.000000] ACPI: LAPIC_NMI (acpi_id[0xff] dfl dfl lint[0x1])
[STDERR  ] 2017-07-27T11:53:17.560265287Z: [    1.271337] ACPI: PCI Interrupt Link [LNKC] (IRQs 5 10 *11)
[STDOUT  ] 2017-07-27T11:53:17.560271231Z: [    0.000000] IOAPIC[0]: apic_id 0, version 32, address 0xfec00000, GSI 0-23
[STDERR  ] 2017-07-27T11:53:17.560274135Z: [    1.273088] ACPI: PCI Interrupt Link [LNKD] (IRQs 5 10 *11)
[STDOUT  ] 2017-07-27T11:53:17.560280295Z: [    0.000000] ACPI: INT_SRC_OVR (bus 0 bus_irq 0 global_irq 2 dfl dfl)
[STDERR  ] 2017-07-27T11:53:17.560282904Z: [    1.274930] ACPI: PCI Interrupt Link [LNKE] (IRQs 5 *10 11)
[STDOUT  ] 2017-07-27T11:53:17.560288975Z: [    0.000000] ACPI: INT_SRC_OVR (bus 0 bus_irq 5 global_irq 5 high level)
[STDERR  ] 2017-07-27T11:53:17.560295626Z: [    1.276866] ACPI: PCI Interrupt Link [LNKF] (IRQs 5 *10 11)
[STDOUT  ] 2017-07-27T11:53:17.560298261Z: [    0.000000] ACPI: INT_SRC_OVR (bus 0 bus_irq 9 global_irq 9 high level)
[STDOUT  ] 2017-07-27T11:53:17.560307023Z: [    0.000000] ACPI: INT_SRC_OVR (bus 0 bus_irq 10 global_irq 10 high level)
[STDERR  ] 2017-07-27T11:53:17.560309439Z: [    1.278709] ACPI: PCI Interrupt Link [LNKG] (IRQs 5 10 *11)
[STDOUT  ] 2017-07-27T11:53:17.560315982Z: [    0.000000] ACPI: INT_SRC_OVR (bus 0 bus_irq 11 global_irq 11 high level)
[STDERR  ] 2017-07-27T11:53:17.560318227Z: [    1.280723] ACPI: PCI Interrupt Link [LNKH] (IRQs 5 10 *11)
[STDOUT  ] 2017-07-27T11:53:17.560324936Z: [    0.000000] Using ACPI (MADT) for SMP configuration information
[STDERR  ] 2017-07-27T11:53:17.560326873Z: [    1.281658] ACPI: PCI Interrupt Link [GSIA] (IRQs *16)
[STDOUT  ] 2017-07-27T11:53:17.560334524Z: [    0.000000] ACPI: HPET id: 0x8086a201 base: 0xfed00000
[STDOUT  ] 2017-07-27T11:53:17.56034401Z: [    0.000000] smpboot: Allowing 1 CPUs, 0 hotplug CPUs
[STDERR  ] 2017-07-27T11:53:17.560342003Z: [    1.282307] ACPI: PCI Interrupt Link [GSIB] (IRQs *17)
[STDOUT  ] 2017-07-27T11:53:17.56035289Z: [    0.000000] e820: [mem 0x40000000-0xafffffff] available for PCI devices
[STDERR  ] 2017-07-27T11:53:17.560350507Z: [    1.282893] ACPI: PCI Interrupt Link [GSIC] (IRQs *18)
[STDERR  ] 2017-07-27T11:53:17.560359112Z: [    1.283574] ACPI: PCI Interrupt Link [GSID] (IRQs *19)
[STDOUT  ] 2017-07-27T11:53:17.560361886Z: [    0.000000] Booting paravirtualized kernel on bare hardware
[STDERR  ] 2017-07-27T11:53:17.560367668Z: [    1.284258] ACPI: PCI Interrupt Link [GSIE] (IRQs *20)
[STDERR  ] 2017-07-27T11:53:17.560375841Z: [    1.284937] ACPI: PCI Interrupt Link [GSIF] (IRQs *21)
[STDOUT  ] 2017-07-27T11:53:17.560370806Z: [    0.000000] clocksource: refined-jiffies: mask: 0xffffffff max_cycles: 0xffffffff, max_idle_ns: 19112604462750000 ns
[STDOUT  ] 2017-07-27T11:53:17.560385454Z: [    0.000000] setup_percpu: NR_CPUS:128 nr_cpumask_bits:128 nr_cpu_ids:1 nr_node_ids:1
[STDERR  ] 2017-07-27T11:53:17.560383862Z: [    1.285634] ACPI: PCI Interrupt Link [GSIG] (IRQs *22)
[STDOUT  ] 2017-07-27T11:53:17.560394314Z: [    0.000000] percpu: Embedded 35 pages/cpu @ffff8b59fea00000 s105240 r8192 d29928 u2097152
[STDERR  ] 2017-07-27T11:53:17.560392536Z: [    1.286334] ACPI: PCI Interrupt Link [GSIH] (IRQs *23)
[STDERR  ] 2017-07-27T11:53:17.560401058Z: [    1.290456] ACPI: Enabled 2 GPEs in block 00 to 3F
[STDOUT  ] 2017-07-27T11:53:17.560403281Z: [    0.000000] Built 1 zonelists in Zone order, mobility grouping on.  Total pages: 257896
[STDERR  ] 2017-07-27T11:53:17.56040936Z: [    1.294992] SCSI subsystem initialized
[STDERR  ] 2017-07-27T11:53:17.560418684Z: [    1.296989] ACPI: bus type USB registered
[STDOUT  ] 2017-07-27T11:53:17.560413179Z: [    0.000000] Kernel command line: console=ttyS0 page_poison=1
[STDOUT  ] 2017-07-27T11:53:17.560430026Z: [    0.000000] PID hash table entries: 4096 (order: 3, 32768 bytes)
[STDOUT  ] 2017-07-27T11:53:17.560438821Z: [    0.000000] Dentry cache hash table entries: 131072 (order: 8, 1048576 bytes)
[STDERR  ] 2017-07-27T11:53:17.560427256Z: [    1.298254] usbcore: registered new interface driver usbfs
[STDOUT  ] 2017-07-27T11:53:17.5604481Z: [    0.000000] Inode-cache hash table entries: 65536 (order: 7, 524288 bytes)
[STDERR  ] 2017-07-27T11:53:17.560449615Z: [    1.299250] usbcore: registered new interface driver hub
[STDERR  ] 2017-07-27T11:53:17.560458403Z: [    1.300395] usbcore: registered new device driver usb
[STDOUT  ] 2017-07-27T11:53:17.560459214Z: [    0.000000] Memory: 995240K/1048052K available (8027K kernel code, 1366K rwdata, 2696K rodata, 1376K init, 568K bss, 52812K reserved, 0K cma-reserved)
[STDERR  ] 2017-07-27T11:53:17.560466771Z: [    1.301599] pps_core: LinuxPPS API ver. 1 registered
[STDOUT  ] 2017-07-27T11:53:17.560470335Z: [    0.000000] Hierarchical RCU implementation.
[STDERR  ] 2017-07-27T11:53:17.560480256Z: [    1.301936] pps_core: Software ver. 5.3.6 - Copyright 2005-2007 Rodolfo Giometti <giometti@linux.it>
[STDOUT  ] 2017-07-27T11:53:17.560479104Z: [    0.000000] 	Build-time adjustment of leaf fanout to 64.
[STDOUT  ] 2017-07-27T11:53:17.560493764Z: [    0.000000] 	RCU restricting CPUs from NR_CPUS=128 to nr_cpu_ids=1.
[STDERR  ] 2017-07-27T11:53:17.560489201Z: [    1.302665] PTP clock support registered
[STDOUT  ] 2017-07-27T11:53:17.560503675Z: [    0.000000] RCU: Adjusting geometry for rcu_fanout_leaf=64, nr_cpu_ids=1
[STDERR  ] 2017-07-27T11:53:17.56050456Z: [    1.303897] wmi: Mapper loaded
[STDOUT  ] 2017-07-27T11:53:17.560512735Z: [    0.000000] NR_IRQS:8448 nr_irqs:256 16
[STDERR  ] 2017-07-27T11:53:17.560515109Z: [    1.305116] PCI: Using ACPI for IRQ routing
[STDOUT  ] 2017-07-27T11:53:17.56052137Z: [    0.000000] Console: colour VGA+ 80x25
[STDERR  ] 2017-07-27T11:53:17.560523951Z: [    1.325394] NetLabel: Initializing
[STDOUT  ] 2017-07-27T11:53:17.560530825Z: [    0.000000] console [ttyS0] enabled
[STDERR  ] 2017-07-27T11:53:17.560532442Z: [    1.325642] NetLabel:  domain hash size = 128
[STDOUT  ] 2017-07-27T11:53:17.560540082Z: [    0.000000] allocated 2097152 bytes of page_ext
[STDERR  ] 2017-07-27T11:53:17.56054101Z: [    1.326068] NetLabel:  protocols = UNLABELED CIPSOv4
[STDERR  ] 2017-07-27T11:53:17.560549753Z: [    1.328633] NetLabel:  unlabeled traffic allowed by default
[STDOUT  ] 2017-07-27T11:53:17.560549093Z: [    0.000000] clocksource: hpet: mask: 0xffffffff max_cycles: 0xffffffff, max_idle_ns: 19112604467 ns
[STDOUT  ] 2017-07-27T11:53:17.560564312Z: [    0.000000] tsc: Fast TSC calibration using PIT
[STDERR  ] 2017-07-27T11:53:17.5605608Z: [    1.330310] HPET: 3 timers in total, 0 timers will be used for per-cpu timer
[STDOUT  ] 2017-07-27T11:53:17.560573451Z: [    0.000000] tsc: Detected 2599.948 MHz processor
[STDERR  ] 2017-07-27T11:53:17.560570592Z: [    1.331150] hpet0: at MMIO 0xfed00000, IRQs 2, 8, 0
[STDOUT  ] 2017-07-27T11:53:17.560582125Z: [    0.032202] Calibrating delay loop (skipped), value calculated using timer frequency.. 5199.89 BogoMIPS (lpj=25999480)
[STDERR  ] 2017-07-27T11:53:17.560585252Z: [    1.331663] hpet0: 3 comparators, 64-bit 100.000000 MHz counter
[STDOUT  ] 2017-07-27T11:53:17.560591381Z: [    0.033032] pid_max: default: 32768 minimum: 301
[STDERR  ] 2017-07-27T11:53:17.560593941Z: [    1.337989] clocksource: Switched to clocksource hpet
[STDOUT  ] 2017-07-27T11:53:17.560600536Z: [    0.033998] ACPI: Core revision 20160831
[STDERR  ] 2017-07-27T11:53:17.560602635Z: [    1.586506] VFS: Disk quotas dquot_6.6.0
[STDERR  ] 2017-07-27T11:53:17.560611239Z: [    1.587236] VFS: Dquot-cache hash table entries: 512 (order 0, 4096 bytes)
[STDOUT  ] 2017-07-27T11:53:17.560609113Z: [    0.079270] ACPI: 1 ACPI AML tables successfully acquired and loaded
[STDERR  ] 2017-07-27T11:53:17.560620488Z: [    1.591310] FS-Cache: Loaded
[STDOUT  ] 2017-07-27T11:53:17.560624227Z: [    0.083822] Security Framework initialized
[STDERR  ] 2017-07-27T11:53:17.560629338Z: [    1.596716] CacheFiles: Loaded
[STDOUT  ] 2017-07-27T11:53:17.5606366Z: [    0.084121] Yama: becoming mindful.
[STDERR  ] 2017-07-27T11:53:17.560637884Z: [    1.598496] pnp: PnP ACPI init
[STDERR  ] 2017-07-27T11:53:17.560646567Z: [    1.610115] pnp: PnP ACPI: found 5 devices
[STDOUT  ] 2017-07-27T11:53:17.560646011Z: [    0.086090] Mount-cache hash table entries: 2048 (order: 2, 16384 bytes)
[STDERR  ] 2017-07-27T11:53:17.560661421Z: [    1.658022] clocksource: acpi_pm: mask: 0xffffff max_cycles: 0xffffff, max_idle_ns: 2085701024 ns
[STDOUT  ] 2017-07-27T11:53:17.56066294Z: [    0.086424] Mountpoint-cache hash table entries: 2048 (order: 2, 16384 bytes)
[STDERR  ] 2017-07-27T11:53:17.560670268Z: [    1.662186] NET: Registered protocol family 2
[STDOUT  ] 2017-07-27T11:53:17.560683288Z: [    0.107628] Last level iTLB entries: 4KB 0, 2MB 0, 4MB 0
[STDERR  ] 2017-07-27T11:53:17.560686979Z: [    1.669676] TCP established hash table entries: 8192 (order: 4, 65536 bytes)
[STDOUT  ] 2017-07-27T11:53:17.560692087Z: [    0.108215] Last level dTLB entries: 4KB 0, 2MB 0, 4MB 0, 1GB 0
[STDOUT  ] 2017-07-27T11:53:17.560701183Z: [    0.394003] Freeing SMP alternatives memory: 20K (ffffffffa5eaf000 - ffffffffa5eb4000)
[STDERR  ] 2017-07-27T11:53:17.560699609Z: [    1.670801] TCP bind hash table entries: 8192 (order: 5, 131072 bytes)
[STDERR  ] 2017-07-27T11:53:17.560708371Z: [    1.671419] TCP: Hash tables configured (established 8192 bind 8192)
[STDERR  ] 2017-07-27T11:53:17.560716662Z: [    1.673461] UDP hash table entries: 512 (order: 2, 16384 bytes)
[STDOUT  ] 2017-07-27T11:53:17.560710798Z: [    0.404597] ftrace: allocating 35482 entries in 139 pages
[STDOUT  ] 2017-07-27T11:53:17.560724299Z: [    0.571025] smpboot: Max logical packages: 1
[STDERR  ] 2017-07-27T11:53:17.560725302Z: [    1.674045] UDP-Lite hash table entries: 512 (order: 2, 16384 bytes)
[STDERR  ] 2017-07-27T11:53:17.560734089Z: [    1.676480] NET: Registered protocol family 1
[STDOUT  ] 2017-07-27T11:53:17.560733332Z: [    0.577849] ..TIMER: vector=0x30 apic1=0 pin1=2 apic2=-1 pin2=-1
[STDOUT  ] 2017-07-27T11:53:17.56074222Z: [    0.680000] smpboot: CPU0: AMD QEMU Virtual CPU version 2.5+ (family: 0x6, model: 0x6, stepping: 0x3)
[STDERR  ] 2017-07-27T11:53:17.560742766Z: [    1.677561] pci 0000:00:01.0: Video device with shadowed ROM at [mem 0x000c0000-0x000dffff]
[STDOUT  ] 2017-07-27T11:53:17.560751095Z: [    0.680000] Performance Events: PMU not available due to virtualization, using software events only.
[STDERR  ] 2017-07-27T11:53:17.560752719Z: [    1.685283] Unpacking initramfs...
[STDOUT  ] 2017-07-27T11:53:17.560759879Z: [    0.690277] NMI watchdog: disabled (cpu0): hardware events not enabled
[STDERR  ] 2017-07-27T11:53:17.560761436Z: [    4.094137] Freeing initrd memory: 18936K (ffff8b59fed52000 - ffff8b59fffd0000)
[STDERR  ] 2017-07-27T11:53:17.560770188Z: [    4.117700] PCLMULQDQ-NI instructions are not detected.
[STDOUT  ] 2017-07-27T11:53:17.560768651Z: [    0.690825] NMI watchdog: Shutting down hard lockup detector on all cpus
[STDERR  ] 2017-07-27T11:53:17.560778835Z: [    4.119082] AVX or AES-NI instructions are not detected.
[STDOUT  ] 2017-07-27T11:53:17.560777361Z: [    0.694363] x86: Booted up 1 node, 1 CPUs
[STDERR  ] 2017-07-27T11:53:17.560786524Z: [    4.119575] CPU feature 'AVX registers' is not supported.
[STDOUT  ] 2017-07-27T11:53:17.560796147Z: [    0.694772] smpboot: Total of 1 processors activated (5199.89 BogoMIPS)
[STDERR  ] 2017-07-27T11:53:17.560795518Z: [    4.119969] CPU feature 'AVX registers' is not supported.
[STDERR  ] 2017-07-27T11:53:17.560804237Z: [    4.120774] CPU feature 'AVX registers' is not supported.
[STDOUT  ] 2017-07-27T11:53:17.560805051Z: [    0.710208] devtmpfs: initialized
[STDERR  ] 2017-07-27T11:53:17.560812624Z: [    4.121158] CPU feature 'AVX registers' is not supported.
[STDERR  ] 2017-07-27T11:53:17.560820998Z: [    4.121560] AVX2 or AES-NI instructions are not detected.
[STDOUT  ] 2017-07-27T11:53:17.560819492Z: [    0.716624] x86/mm: Memory block size: 128MB
[STDERR  ] 2017-07-27T11:53:17.560830023Z: [    4.121940] AVX2 instructions are not detected.
[STDOUT  ] 2017-07-27T11:53:17.560835204Z: [    0.779718] clocksource: jiffies: mask: 0xffffffff max_cycles: 0xffffffff, max_idle_ns: 19112604462750000 ns
[STDERR  ] 2017-07-27T11:53:17.560838594Z: [    4.127696] audit: initializing netlink subsys (disabled)
[STDOUT  ] 2017-07-27T11:53:17.560843916Z: [    0.780394] futex hash table entries: 256 (order: 2, 16384 bytes)
[STDERR  ] 2017-07-27T11:53:17.560855925Z: [    4.129536] audit: type=2000 audit(1501156376.120:1): initialized
[STDOUT  ] 2017-07-27T11:53:17.560857398Z: [    0.790128] NET: Registered protocol family 16
[STDOUT  ] 2017-07-27T11:53:17.560866588Z: [    0.799809] cpuidle: using governor ladder
[STDERR  ] 2017-07-27T11:53:17.560864865Z: [    4.139086] workingset: timestamp_bits=46 max_order=18 bucket_order=0
[STDERR  ] 2017-07-27T11:53:17.5608736Z: [    4.146008] FS-Cache: Netfs 'cifs' registered for caching
[STDOUT  ] 2017-07-27T11:53:17.56087552Z: [    0.800281] cpuidle: using governor menu
[STDERR  ] 2017-07-27T11:53:17.560885889Z: [    4.147036] fuse init (API version 7.26)
[STDOUT  ] 2017-07-27T11:53:17.560887381Z: [    0.801531] ACPI: bus type PCI registered
[STDERR  ] 2017-07-27T11:53:17.560894634Z: [    4.149283] SGI XFS with ACLs, security attributes, no debug enabled
[STDOUT  ] 2017-07-27T11:53:17.560896201Z: [    0.804588] PCI: MMCONFIG for domain 0000 [bus 00-ff] at [mem 0xb0000000-0xbfffffff] (base 0xb0000000)
[STDERR  ] 2017-07-27T11:53:17.560903447Z: [    4.156238] 9p: Installing v9fs 9p2000 file system support
[STDOUT  ] 2017-07-27T11:53:17.560905045Z: [    0.805413] PCI: MMCONFIG at [mem 0xb0000000-0xbfffffff] reserved in E820
[STDERR  ] 2017-07-27T11:53:17.560912357Z: [    4.156811] FS-Cache: Netfs '9p' registered for caching
[STDOUT  ] 2017-07-27T11:53:17.560913865Z: [    0.806829] PCI: Using configuration type 1 for base access
[STDOUT  ] 2017-07-27T11:53:17.560922674Z: [    0.860821] HugeTLB registered 2 MB page size, pre-allocated 0 pages
[STDERR  ] 2017-07-27T11:53:17.56092115Z: [    4.187163] NET: Registered protocol family 38
[STDERR  ] 2017-07-27T11:53:17.560929976Z: [    4.187795] Key type asymmetric registered
[STDOUT  ] 2017-07-27T11:53:17.560932588Z: [    0.875810] ACPI: Added _OSI(Module Device)
[STDERR  ] 2017-07-27T11:53:17.560938481Z: [    4.188160] Asymmetric key parser 'x509' registered
[STDOUT  ] 2017-07-27T11:53:17.560941464Z: [    0.876168] ACPI: Added _OSI(Processor Device)
[STDERR  ] 2017-07-27T11:53:17.560947632Z: [    4.189217] Block layer SCSI generic (bsg) driver version 0.4 loaded (major 251)
[STDOUT  ] 2017-07-27T11:53:17.560950185Z: [    0.876491] ACPI: Added _OSI(3.0 _SCP Extensions)
[STDERR  ] 2017-07-27T11:53:17.560956387Z: [    4.191595] io scheduler noop registered
[STDERR  ] 2017-07-27T11:53:17.560964857Z: [    4.191948] io scheduler deadline registered (default)
[STDOUT  ] 2017-07-27T11:53:17.560958871Z: [    0.876787] ACPI: Added _OSI(Processor Aggregator Device)
[STDERR  ] 2017-07-27T11:53:17.560973655Z: [    4.192576] io scheduler cfq registered
[STDOUT  ] 2017-07-27T11:53:17.560975349Z: [    0.954405] ACPI: Interpreter enabled
[STDOUT  ] 2017-07-27T11:53:17.560984044Z: [    0.955386] ACPI: (supports S0 S5)
[STDERR  ] 2017-07-27T11:53:17.560982136Z: [    4.195304] pci_hotplug: PCI Hot Plug PCI Core version: 0.5
[STDOUT  ] 2017-07-27T11:53:17.560992575Z: [    0.955707] ACPI: Using IOAPIC for interrupt routing
[STDERR  ] 2017-07-27T11:53:17.560995996Z: [    4.195997] pciehp: PCI Express Hot Plug Controller Driver version: 0.4
[STDOUT  ] 2017-07-27T11:53:17.561001071Z: [    0.958310] PCI: Using host bridge windows from ACPI; if necessary, use "pci=nocrs" and report a bug
[STDERR  ] 2017-07-27T11:53:17.561004904Z: [    4.196859] shpchp: Standard Hot Plug PCI Controller Driver version: 0.4
[STDOUT  ] 2017-07-27T11:53:17.561009908Z: [    1.026623] ACPI: PCI Root Bridge [PCI0] (domain 0000 [bus 00-ff])
[STDERR  ] 2017-07-27T11:53:17.56101368Z: [    4.197794] hv_vmbus: registering driver hyperv_fb
[STDOUT  ] 2017-07-27T11:53:17.561018715Z: [    1.027802] acpi PNP0A08:00: _OSC: OS supports [ExtendedConfig ASPM ClockPM Segments MSI]
[STDERR  ] 2017-07-27T11:53:17.561022558Z: [    4.202336] input: Power Button as /devices/LNXSYSTM:00/LNXPWRBN:00/input/input0
[STDERR  ] 2017-07-27T11:53:17.561031279Z: [    4.203515] ACPI: Power Button [PWRF]
[STDOUT  ] 2017-07-27T11:53:17.561028798Z: [    1.034651] acpi PNP0A08:00: _OSC: OS now controls [PCIeHotplug PME PCIeCapability]
[STDERR  ] 2017-07-27T11:53:17.561043817Z: [    4.208499] GHES: HEST is not enabled!
[STDOUT  ] 2017-07-27T11:53:17.561044566Z: [    1.038581] PCI host bridge to bus 0000:00
[STDERR  ] 2017-07-27T11:53:17.561052505Z: [    4.221864] ACPI: PCI Interrupt Link [GSIG] enabled at IRQ 22
[STDOUT  ] 2017-07-27T11:53:17.561054134Z: [    1.039170] pci_bus 0000:00: root bus resource [io  0x0000-0x0cf7 window]
[STDERR  ] 2017-07-27T11:53:17.561061297Z: [    4.235968] ACPI: PCI Interrupt Link [GSIH] enabled at IRQ 23
[STDOUT  ] 2017-07-27T11:53:17.561065106Z: [    1.039548] pci_bus 0000:00: root bus resource [io  0x0d00-0xffff window]
[STDERR  ] 2017-07-27T11:53:17.5610737Z: [    4.242547] xenfs: not registering filesystem on non-xen platform
[STDOUT  ] 2017-07-27T11:53:17.561075304Z: [    1.040112] pci_bus 0000:00: root bus resource [mem 0x000a0000-0x000bffff window]
[STDERR  ] 2017-07-27T11:53:17.561082647Z: [    4.244738] Serial: 8250/16550 driver, 4 ports, IRQ sharing disabled
[STDOUT  ] 2017-07-27T11:53:17.561084261Z: [    1.040557] pci_bus 0000:00: root bus resource [mem 0xc0000000-0xfebfffff window]
[STDERR  ] 2017-07-27T11:53:17.5610916Z: [    4.269394] 00:04: ttyS0 at I/O 0x3f8 (irq = 4, base_baud = 115200) is a 16550A
[STDOUT  ] 2017-07-27T11:53:17.561093139Z: [    1.041200] pci_bus 0000:00: root bus resource [bus 00-ff]
[STDOUT  ] 2017-07-27T11:53:17.561101945Z: [    1.185446] pci 0000:00:1f.0: quirk: [io  0x0600-0x067f] claimed by ICH6 ACPI/GPIO/TCO
[STDERR  ] 2017-07-27T11:53:17.561100447Z: [    4.281778] Non-volatile memory driver v1.3
[STDOUT  ] 2017-07-27T11:53:17.561110591Z: [    1.265250] ACPI: PCI Interrupt Link [LNKA] (IRQs 5 *10 11)
[STDERR  ] 2017-07-27T11:53:17.561113626Z: [    4.289603] Hangcheck: starting hangcheck timer 0.9.1 (tick is 180 seconds, margin is 60 seconds).
[STDOUT  ] 2017-07-27T11:53:17.561119101Z: [    1.268181] ACPI: PCI Interrupt Link [LNKB] (IRQs 5 *10 11)
[STDERR  ] 2017-07-27T11:53:17.561123108Z: [    4.329027] loop: module loaded
[STDOUT  ] 2017-07-27T11:53:17.56112797Z: [    1.271337] ACPI: PCI Interrupt Link [LNKC] (IRQs 5 10 *11)
[STDERR  ] 2017-07-27T11:53:17.561132059Z: [    4.344377] nbd: registered device at major 43
[STDOUT  ] 2017-07-27T11:53:17.561136824Z: [    1.273088] ACPI: PCI Interrupt Link [LNKD] (IRQs 5 10 *11)
[STDERR  ] 2017-07-27T11:53:17.56114079Z: [    4.388379] lpc_ich 0000:00:1f.0: I/O space for GPIO uninitialized
[STDERR  ] 2017-07-27T11:53:17.561149537Z: [    4.390978] VMware PVSCSI driver - version 1.0.7.0-k
[STDOUT  ] 2017-07-27T11:53:17.561146958Z: [    1.274930] ACPI: PCI Interrupt Link [LNKE] (IRQs 5 *10 11)
[STDERR  ] 2017-07-27T11:53:17.561157959Z: [    4.391893] hv_vmbus: registering driver hv_storvsc
[STDOUT  ] 2017-07-27T11:53:17.561159578Z: [    1.276866] ACPI: PCI Interrupt Link [LNKF] (IRQs 5 *10 11)
[STDERR  ] 2017-07-27T11:53:17.561166701Z: [    4.403229] ACPI: PCI Interrupt Link [GSIA] enabled at IRQ 16
[STDOUT  ] 2017-07-27T11:53:17.561168379Z: [    1.278709] ACPI: PCI Interrupt Link [LNKG] (IRQs 5 10 *11)
[STDERR  ] 2017-07-27T11:53:17.561175366Z: [    4.411774] ahci 0000:00:1f.2: AHCI 0001.0000 32 slots 6 ports 1.5 Gbps 0x3f impl SATA mode
[STDOUT  ] 2017-07-27T11:53:17.561177109Z: [    1.280723] ACPI: PCI Interrupt Link [LNKH] (IRQs 5 10 *11)
[STDERR  ] 2017-07-27T11:53:17.561185783Z: [    4.412351] ahci 0000:00:1f.2: flags: 64bit ncq only 
[STDOUT  ] 2017-07-27T11:53:17.561191257Z: [    1.281658] ACPI: PCI Interrupt Link [GSIA] (IRQs *16)
[STDERR  ] 2017-07-27T11:53:17.561194743Z: [    4.432871] scsi host0: ahci
[STDOUT  ] 2017-07-27T11:53:17.561199918Z: [    1.282307] ACPI: PCI Interrupt Link [GSIB] (IRQs *17)
[STDOUT  ] 2017-07-27T11:53:17.561209772Z: [    1.282893] ACPI: PCI Interrupt Link [GSIC] (IRQs *18)
[STDERR  ] 2017-07-27T11:53:17.56120368Z: [    4.437999] scsi host1: ahci
[STDOUT  ] 2017-07-27T11:53:17.561218167Z: [    1.283574] ACPI: PCI Interrupt Link [GSID] (IRQs *19)
[STDERR  ] 2017-07-27T11:53:17.561218703Z: [    4.440648] scsi host2: ahci
[STDOUT  ] 2017-07-27T11:53:17.561232019Z: [    1.284258] ACPI: PCI Interrupt Link [GSIE] (IRQs *20)
[STDERR  ] 2017-07-27T11:53:17.561233537Z: [    4.443000] scsi host3: ahci
[STDOUT  ] 2017-07-27T11:53:17.561240838Z: [    1.284937] ACPI: PCI Interrupt Link [GSIF] (IRQs *21)
[STDERR  ] 2017-07-27T11:53:17.561242443Z: [    4.445322] scsi host4: ahci
[STDOUT  ] 2017-07-27T11:53:17.561249855Z: [    1.285634] ACPI: PCI Interrupt Link [GSIG] (IRQs *22)
[STDERR  ] 2017-07-27T11:53:17.561251285Z: [    4.448278] scsi host5: ahci
[STDOUT  ] 2017-07-27T11:53:17.561258877Z: [    1.286334] ACPI: PCI Interrupt Link [GSIH] (IRQs *23)
[STDERR  ] 2017-07-27T11:53:17.561260512Z: [    4.450795] ata1: SATA max UDMA/133 abar m4096@0xfebd2000 port 0xfebd2100 irq 24
[STDERR  ] 2017-07-27T11:53:17.561279666Z: [    4.451301] ata2: SATA max UDMA/133 abar m4096@0xfebd2000 port 0xfebd2180 irq 24
[STDOUT  ] 2017-07-27T11:53:17.561273894Z: [    1.290456] ACPI: Enabled 2 GPEs in block 00 to 3F
[STDERR  ] 2017-07-27T11:53:17.561293719Z: [    4.451730] ata3: SATA max UDMA/133 abar m4096@0xfebd2000 port 0xfebd2200 irq 24
[STDOUT  ] 2017-07-27T11:53:17.561294065Z: [    1.294992] SCSI subsystem initialized
[STDOUT  ] 2017-07-27T11:53:17.56130413Z: [    1.296989] ACPI: bus type USB registered
[STDERR  ] 2017-07-27T11:53:17.56130251Z: [    4.452137] ata4: SATA max UDMA/133 abar m4096@0xfebd2000 port 0xfebd2280 irq 24
[STDERR  ] 2017-07-27T11:53:17.561311264Z: [    4.452512] ata5: SATA max UDMA/133 abar m4096@0xfebd2000 port 0xfebd2300 irq 24
[STDOUT  ] 2017-07-27T11:53:17.561312865Z: [    1.298254] usbcore: registered new interface driver usbfs
[STDOUT  ] 2017-07-27T11:53:17.561321476Z: [    1.299250] usbcore: registered new interface driver hub
[STDERR  ] 2017-07-27T11:53:17.561322833Z: [    4.452906] ata6: SATA max UDMA/133 abar m4096@0xfebd2000 port 0xfebd2380 irq 24
[STDERR  ] 2017-07-27T11:53:17.561331847Z: [    4.466240] tun: Universal TUN/TAP device driver, 1.6
[STDOUT  ] 2017-07-27T11:53:17.5613303Z: [    1.300395] usbcore: registered new device driver usb
[STDOUT  ] 2017-07-27T11:53:17.561338988Z: [    1.301599] pps_core: LinuxPPS API ver. 1 registered
[STDERR  ] 2017-07-27T11:53:17.561340563Z: [    4.466690] tun: (C) 1999-2004 Max Krasnyansky <maxk@qualcomm.com>
[STDOUT  ] 2017-07-27T11:53:17.561347676Z: [    1.301936] pps_core: Software ver. 5.3.6 - Copyright 2005-2007 Rodolfo Giometti <giometti@linux.it>
[STDERR  ] 2017-07-27T11:53:17.561349196Z: [    4.477573] VMware vmxnet3 virtual NIC driver - version 1.4.a.0-k-NAPI
[STDOUT  ] 2017-07-27T11:53:17.561357301Z: [    1.302665] PTP clock support registered
[STDERR  ] 2017-07-27T11:53:17.561363082Z: [    4.478521] hv_vmbus: registering driver hv_netvsc
[STDOUT  ] 2017-07-27T11:53:17.561366048Z: [    1.303897] wmi: Mapper loaded
[STDERR  ] 2017-07-27T11:53:17.561372521Z: [    4.478924] Fusion MPT base driver 3.04.20
[STDOUT  ] 2017-07-27T11:53:17.561380267Z: [    1.305116] PCI: Using ACPI for IRQ routing
[STDERR  ] 2017-07-27T11:53:17.561381634Z: [    4.479177] Copyright (c) 1999-2008 LSI Corporation
[STDOUT  ] 2017-07-27T11:53:17.561389117Z: [    1.325394] NetLabel: Initializing
[STDERR  ] 2017-07-27T11:53:17.561390654Z: [    4.479799] Fusion MPT SPI Host driver 3.04.20
[STDOUT  ] 2017-07-27T11:53:17.561398043Z: [    1.325642] NetLabel:  domain hash size = 128
[STDERR  ] 2017-07-27T11:53:17.561399568Z: [    4.482312] i8042: PNP: PS/2 Controller [PNP0303:KBD,PNP0f13:MOU] at 0x60,0x64 irq 1,12
[STDOUT  ] 2017-07-27T11:53:17.561406782Z: [    1.326068] NetLabel:  protocols = UNLABELED CIPSOv4
[STDERR  ] 2017-07-27T11:53:17.561408348Z: [    4.486439] serio: i8042 KBD port at 0x60,0x64 irq 1
[STDOUT  ] 2017-07-27T11:53:17.561415472Z: [    1.328633] NetLabel:  unlabeled traffic allowed by default
[STDERR  ] 2017-07-27T11:53:17.561417169Z: [    4.487203] serio: i8042 AUX port at 0x60,0x64 irq 12
[STDERR  ] 2017-07-27T11:53:17.561425995Z: [    4.490813] hv_vmbus: registering driver hyperv_keyboard
[STDOUT  ] 2017-07-27T11:53:17.561424338Z: [    1.330310] HPET: 3 timers in total, 0 timers will be used for per-cpu timer
[STDOUT  ] 2017-07-27T11:53:17.561435472Z: [    1.331150] hpet0: at MMIO 0xfed00000, IRQs 2, 8, 0
[STDERR  ] 2017-07-27T11:53:17.561438223Z: [    4.493055] mousedev: PS/2 mouse device common for all mice
[STDOUT  ] 2017-07-27T11:53:17.561444189Z: [    1.331663] hpet0: 3 comparators, 64-bit 100.000000 MHz counter
[STDERR  ] 2017-07-27T11:53:17.561447065Z: [    4.497920] input: AT Translated Set 2 keyboard as /devices/platform/i8042/serio0/input/input1
[STDERR  ] 2017-07-27T11:53:17.561455996Z: [    4.501218] input: PC Speaker as /devices/platform/pcspkr/input/input2
[STDOUT  ] 2017-07-27T11:53:17.561453256Z: [    1.337989] clocksource: Switched to clocksource hpet
[STDOUT  ] 2017-07-27T11:53:17.561467648Z: [    1.586506] VFS: Disk quotas dquot_6.6.0
[STDERR  ] 2017-07-27T11:53:17.561468943Z: [    4.504935] rtc_cmos 00:00: RTC can wake from S4
[STDERR  ] 2017-07-27T11:53:17.561478123Z: [    4.508443] rtc_cmos 00:00: rtc core: registered rtc_cmos as rtc0
[STDOUT  ] 2017-07-27T11:53:17.561476542Z: [    1.587236] VFS: Dquot-cache hash table entries: 512 (order 0, 4096 bytes)
[STDERR  ] 2017-07-27T11:53:17.561487205Z: [    4.509765] rtc_cmos 00:00: alarms up to one day, y3k, 114 bytes nvram, hpet irqs
[STDOUT  ] 2017-07-27T11:53:17.56149221Z: [    1.591310] FS-Cache: Loaded
[STDERR  ] 2017-07-27T11:53:17.561496054Z: [    4.510861] i2c /dev entries driver
[STDOUT  ] 2017-07-27T11:53:17.561501016Z: [    1.596716] CacheFiles: Loaded
[STDERR  ] 2017-07-27T11:53:17.561504923Z: [    4.512791] device-mapper: ioctl: 4.35.0-ioctl (2016-06-23) initialised: dm-devel@redhat.com
[STDOUT  ] 2017-07-27T11:53:17.561509705Z: [    1.598496] pnp: PnP ACPI init
[STDERR  ] 2017-07-27T11:53:17.561513858Z: [    4.517380] usbcore: registered new interface driver usbhid
[STDOUT  ] 2017-07-27T11:53:17.56151864Z: [    1.610115] pnp: PnP ACPI: found 5 devices
[STDERR  ] 2017-07-27T11:53:17.561522898Z: [    4.517821] usbhid: USB HID core driver
[STDOUT  ] 2017-07-27T11:53:17.561527384Z: [    1.658022] clocksource: acpi_pm: mask: 0xffffff max_cycles: 0xffffff, max_idle_ns: 2085701024 ns
[STDOUT  ] 2017-07-27T11:53:17.56153614Z: [    1.662186] NET: Registered protocol family 2
[STDERR  ] 2017-07-27T11:53:17.561533592Z: [    4.518512] hv_utils: Registering HyperV Utility Driver
[STDOUT  ] 2017-07-27T11:53:17.561544693Z: [    1.669676] TCP established hash table entries: 8192 (order: 4, 65536 bytes)
[STDERR  ] 2017-07-27T11:53:17.561547839Z: [    4.518827] hv_vmbus: registering driver hv_util
[STDERR  ] 2017-07-27T11:53:17.561556732Z: [    4.519132] hv_vmbus: registering driver hv_balloon
[STDOUT  ] 2017-07-27T11:53:17.561553448Z: [    1.670801] TCP bind hash table entries: 8192 (order: 5, 131072 bytes)
[STDERR  ] 2017-07-27T11:53:17.561565466Z: [    4.519644] oprofile: using NMI interrupt.
[STDOUT  ] 2017-07-27T11:53:17.561567023Z: [    1.671419] TCP: Hash tables configured (established 8192 bind 8192)
[STDERR  ] 2017-07-27T11:53:17.561574193Z: [    4.521129] GACT probability on
[STDOUT  ] 2017-07-27T11:53:17.561575811Z: [    1.673461] UDP hash table entries: 512 (order: 2, 16384 bytes)
[STDERR  ] 2017-07-27T11:53:17.561582889Z: [    4.521686] Mirror/redirect action on
[STDOUT  ] 2017-07-27T11:53:17.561584586Z: [    1.674045] UDP-Lite hash table entries: 512 (order: 2, 16384 bytes)
[STDOUT  ] 2017-07-27T11:53:17.561593242Z: [    1.676480] NET: Registered protocol family 1
[STDERR  ] 2017-07-27T11:53:17.561591614Z: [    4.522596] Simple TC action Loaded
[STDERR  ] 2017-07-27T11:53:17.561600311Z: [    4.523135] u32 classifier
[STDOUT  ] 2017-07-27T11:53:17.561607952Z: [    1.677561] pci 0000:00:01.0: Video device with shadowed ROM at [mem 0x000c0000-0x000dffff]
[STDERR  ] 2017-07-27T11:53:17.561608656Z: [    4.523322]     Performance counters on
[STDOUT  ] 2017-07-27T11:53:17.561617008Z: [    1.685283] Unpacking initramfs...
[STDERR  ] 2017-07-27T11:53:17.561617609Z: [    4.523557]     input device check on
[STDERR  ] 2017-07-27T11:53:17.561627259Z: [    4.523798]     Actions configured
[STDOUT  ] 2017-07-27T11:53:17.56162574Z: [    4.094137] Freeing initrd memory: 18936K (ffff8b59fed52000 - ffff8b59fffd0000)
[STDERR  ] 2017-07-27T11:53:17.561640131Z: [    4.524352] Netfilter messages via NETLINK v0.30.
[STDOUT  ] 2017-07-27T11:53:17.561643934Z: [    4.117700] PCLMULQDQ-NI instructions are not detected.
[STDERR  ] 2017-07-27T11:53:17.561648906Z: [    4.524945] nfnl_acct: registering with nfnetlink.
[STDOUT  ] 2017-07-27T11:53:17.561653042Z: [    4.119082] AVX or AES-NI instructions are not detected.
[STDERR  ] 2017-07-27T11:53:17.561657717Z: [    4.526506] nf_conntrack version 0.5.0 (8192 buckets, 32768 max)
[STDOUT  ] 2017-07-27T11:53:17.56166203Z: [    4.119575] CPU feature 'AVX registers' is not supported.
[STDOUT  ] 2017-07-27T11:53:17.561676411Z: [    4.119969] CPU feature 'AVX registers' is not supported.
[STDERR  ] 2017-07-27T11:53:17.561674811Z: [    4.529521] ctnetlink v0.93: registering with nfnetlink.
[STDOUT  ] 2017-07-27T11:53:17.561685314Z: [    4.120774] CPU feature 'AVX registers' is not supported.
[STDERR  ] 2017-07-27T11:53:17.561683738Z: [    4.533155] nf_tables: (c) 2007-2009 Patrick McHardy <kaber@trash.net>
[STDERR  ] 2017-07-27T11:53:17.561692534Z: [    4.534060] nf_tables_compat: (c) 2012 Pablo Neira Ayuso <pablo@netfilter.org>
[STDOUT  ] 2017-07-27T11:53:17.561694137Z: [    4.121158] CPU feature 'AVX registers' is not supported.
[STDERR  ] 2017-07-27T11:53:17.561701313Z: [    4.536491] xt_time: kernel timezone is -0000
[STDOUT  ] 2017-07-27T11:53:17.561702804Z: [    4.121560] AVX2 or AES-NI instructions are not detected.
[STDERR  ] 2017-07-27T11:53:17.561710186Z: [    4.537050] ip_set: protocol 6
[STDOUT  ] 2017-07-27T11:53:17.561711655Z: [    4.121940] AVX2 instructions are not detected.
[STDERR  ] 2017-07-27T11:53:17.561718909Z: [    4.537864] IPVS: Registered protocols (TCP, UDP, SCTP, AH, ESP)
[STDOUT  ] 2017-07-27T11:53:17.561720426Z: [    4.127696] audit: initializing netlink subsys (disabled)
[STDERR  ] 2017-07-27T11:53:17.561727815Z: [    4.538439] IPVS: Connection hash table configured (size=4096, memory=64Kbytes)
[STDOUT  ] 2017-07-27T11:53:17.561730985Z: [    4.129536] audit: type=2000 audit(1501156376.120:1): initialized
[STDERR  ] 2017-07-27T11:53:17.561736453Z: [    4.540637] IPVS: Creating netns size=2104 id=0
[STDOUT  ] 2017-07-27T11:53:17.561739909Z: [    4.139086] workingset: timestamp_bits=46 max_order=18 bucket_order=0
[STDERR  ] 2017-07-27T11:53:17.561745201Z: [    4.543326] IPVS: ipvs loaded.
[STDERR  ] 2017-07-27T11:53:17.561753784Z: [    4.543721] IPVS: [rr] scheduler registered.
[STDOUT  ] 2017-07-27T11:53:17.561755456Z: [    4.146008] FS-Cache: Netfs 'cifs' registered for caching
[STDERR  ] 2017-07-27T11:53:17.561762124Z: [    4.544061] IPVS: [wrr] scheduler registered.
[STDOUT  ] 2017-07-27T11:53:17.561770335Z: [    4.147036] fuse init (API version 7.26)
[STDERR  ] 2017-07-27T11:53:17.561771786Z: [    4.544360] IPVS: [lc] scheduler registered.
[STDOUT  ] 2017-07-27T11:53:17.561779226Z: [    4.149283] SGI XFS with ACLs, security attributes, no debug enabled
[STDERR  ] 2017-07-27T11:53:17.561780656Z: [    4.544619] IPVS: [wlc] scheduler registered.
[STDOUT  ] 2017-07-27T11:53:17.561787969Z: [    4.156238] 9p: Installing v9fs 9p2000 file system support
[STDERR  ] 2017-07-27T11:53:17.561789296Z: [    4.544876] IPVS: [fo] scheduler registered.
[STDOUT  ] 2017-07-27T11:53:17.561796773Z: [    4.156811] FS-Cache: Netfs '9p' registered for caching
[STDOUT  ] 2017-07-27T11:53:17.561805473Z: [    4.187163] NET: Registered protocol family 38
[STDERR  ] 2017-07-27T11:53:17.561802681Z: [    4.545140] IPVS: [ovf] scheduler registered.
[STDERR  ] 2017-07-27T11:53:17.561815831Z: [    4.545601] IPVS: [lblc] scheduler registered.
[STDOUT  ] 2017-07-27T11:53:17.561818674Z: [    4.187795] Key type asymmetric registered
[STDERR  ] 2017-07-27T11:53:17.561824384Z: [    4.546031] IPVS: [lblcr] scheduler registered.
[STDOUT  ] 2017-07-27T11:53:17.561827445Z: [    4.188160] Asymmetric key parser 'x509' registered
[STDOUT  ] 2017-07-27T11:53:17.561836238Z: [    4.189217] Block layer SCSI generic (bsg) driver version 0.4 loaded (major 251)
[STDERR  ] 2017-07-27T11:53:17.561833012Z: [    4.546311] IPVS: [dh] scheduler registered.
[STDOUT  ] 2017-07-27T11:53:17.56184969Z: [    4.191595] io scheduler noop registered
[STDERR  ] 2017-07-27T11:53:17.561847073Z: [    4.546578] IPVS: [sh] scheduler registered.
[STDOUT  ] 2017-07-27T11:53:17.561857898Z: [    4.191948] io scheduler deadline registered (default)
[STDERR  ] 2017-07-27T11:53:17.561863296Z: [    4.546842] IPVS: [sed] scheduler registered.
[STDOUT  ] 2017-07-27T11:53:17.561867405Z: [    4.192576] io scheduler cfq registered
[STDERR  ] 2017-07-27T11:53:17.561871952Z: [    4.547108] IPVS: [nq] scheduler registered.
[STDERR  ] 2017-07-27T11:53:17.561884428Z: [    4.547828] IPVS: ftp: loaded support on port[0] = 21
[STDOUT  ] 2017-07-27T11:53:17.561877722Z: [    4.195304] pci_hotplug: PCI Hot Plug PCI Core version: 0.5
[STDOUT  ] 2017-07-27T11:53:17.561890746Z: [    4.195997] pciehp: PCI Express Hot Plug Controller Driver version: 0.4
[STDERR  ] 2017-07-27T11:53:17.561893334Z: [    4.548719] ipip: IPv4 and MPLS over IPv4 tunneling driver
[STDOUT  ] 2017-07-27T11:53:17.561899576Z: [    4.196859] shpchp: Standard Hot Plug PCI Controller Driver version: 0.4
[STDERR  ] 2017-07-27T11:53:17.561902092Z: [    4.553567] gre: GRE over IPv4 demultiplexor driver
[STDOUT  ] 2017-07-27T11:53:17.561908312Z: [    4.197794] hv_vmbus: registering driver hyperv_fb
[STDERR  ] 2017-07-27T11:53:17.561910755Z: [    4.556419] ip_tables: (C) 2000-2006 Netfilter Core Team
[STDOUT  ] 2017-07-27T11:53:17.561917012Z: [    4.202336] input: Power Button as /devices/LNXSYSTM:00/LNXPWRBN:00/input/input0
[STDERR  ] 2017-07-27T11:53:17.561919376Z: [    4.559771] ipt_CLUSTERIP: ClusterIP Version 0.8 loaded successfully
[STDOUT  ] 2017-07-27T11:53:17.561925781Z: [    4.203515] ACPI: Power Button [PWRF]
[STDERR  ] 2017-07-27T11:53:17.561928067Z: [    4.561171] arp_tables: arp_tables: (C) 2002 David S. Miller
[STDERR  ] 2017-07-27T11:53:17.56193666Z: [    4.563634] NET: Registered protocol family 10
[STDOUT  ] 2017-07-27T11:53:17.561934516Z: [    4.208499] GHES: HEST is not enabled!
[STDERR  ] 2017-07-27T11:53:17.561945184Z: [    4.573820] ip6_tables: (C) 2000-2006 Netfilter Core Team
[STDOUT  ] 2017-07-27T11:53:17.561946845Z: [    4.221864] ACPI: PCI Interrupt Link [GSIG] enabled at IRQ 22
[STDERR  ] 2017-07-27T11:53:17.561953943Z: [    4.582937] NET: Registered protocol family 17
[STDOUT  ] 2017-07-27T11:53:17.561960739Z: [    4.235968] ACPI: PCI Interrupt Link [GSIH] enabled at IRQ 23
[STDERR  ] 2017-07-27T11:53:17.561962383Z: [    4.584083] Bridge firewalling registered
[STDERR  ] 2017-07-27T11:53:17.561974976Z: [    4.584718] Ebtables v2.0 registered
[STDOUT  ] 2017-07-27T11:53:17.561969271Z: [    4.242547] xenfs: not registering filesystem on non-xen platform
[STDERR  ] 2017-07-27T11:53:17.56198336Z: [    4.586696] 8021q: 802.1Q VLAN Support v1.8
[STDOUT  ] 2017-07-27T11:53:17.561984574Z: [    4.244738] Serial: 8250/16550 driver, 4 ports, IRQ sharing disabled
[STDOUT  ] 2017-07-27T11:53:17.561993302Z: [    4.269394] 00:04: ttyS0 at I/O 0x3f8 (irq = 4, base_baud = 115200) is a 16550A
[STDERR  ] 2017-07-27T11:53:17.561992257Z: [    4.588288] 9pnet: Installing 9P2000 support
[STDERR  ] 2017-07-27T11:53:17.56200093Z: [    4.589884] Key type dns_resolver registered
[STDOUT  ] 2017-07-27T11:53:17.56200213Z: [    4.281778] Non-volatile memory driver v1.3
[STDERR  ] 2017-07-27T11:53:17.562011582Z: [    4.591368] microcode: AMD CPU family 0x6 not supported
[STDOUT  ] 2017-07-27T11:53:17.562016796Z: [    4.289603] Hangcheck: starting hangcheck timer 0.9.1 (tick is 180 seconds, margin is 60 seconds).
[STDERR  ] 2017-07-27T11:53:17.562020553Z: [    4.595048] registered taskstats version 1
[STDOUT  ] 2017-07-27T11:53:17.562025917Z: [    4.329027] loop: module loaded
[STDERR  ] 2017-07-27T11:53:17.562029392Z: [    4.781926] ata1: SATA link down (SStatus 0 SControl 300)
[STDOUT  ] 2017-07-27T11:53:17.562039638Z: [    4.344377] nbd: registered device at major 43
[STDERR  ] 2017-07-27T11:53:17.562040902Z: [    4.784790] ata2: SATA link down (SStatus 0 SControl 300)
[STDOUT  ] 2017-07-27T11:53:17.562052982Z: [    4.388379] lpc_ich 0000:00:1f.0: I/O space for GPIO uninitialized
[STDERR  ] 2017-07-27T11:53:17.562054465Z: [    4.792024] ata6: SATA link down (SStatus 0 SControl 300)
[STDOUT  ] 2017-07-27T11:53:17.562061941Z: [    4.390978] VMware PVSCSI driver - version 1.0.7.0-k
[STDERR  ] 2017-07-27T11:53:17.562063553Z: [    4.792621] ata5: SATA link down (SStatus 0 SControl 300)
[STDOUT  ] 2017-07-27T11:53:17.56207065Z: [    4.391893] hv_vmbus: registering driver hv_storvsc
[STDERR  ] 2017-07-27T11:53:17.562072443Z: [    4.793081] ata4: SATA link down (SStatus 0 SControl 300)
[STDERR  ] 2017-07-27T11:53:17.562081183Z: [    4.793865] ata3: SATA link up 1.5 Gbps (SStatus 113 SControl 300)
[STDOUT  ] 2017-07-27T11:53:17.562083478Z: [    4.403229] ACPI: PCI Interrupt Link [GSIA] enabled at IRQ 16
[STDOUT  ] 2017-07-27T11:53:17.562092558Z: [    4.411774] ahci 0000:00:1f.2: AHCI 0001.0000 32 slots 6 ports 1.5 Gbps 0x3f impl SATA mode
[STDOUT  ] 2017-07-27T11:53:17.562104869Z: [    4.412351] ahci 0000:00:1f.2: flags: 64bit ncq only 
[STDOUT  ] 2017-07-27T11:53:17.562113192Z: [    4.432871] scsi host0: ahci
[STDOUT  ] 2017-07-27T11:53:17.562121064Z: [    4.437999] scsi host1: ahci
[STDOUT  ] 2017-07-27T11:53:17.562129077Z: [    4.440648] scsi host2: ahci
[STDOUT  ] 2017-07-27T11:53:17.562136835Z: [    4.443000] scsi host3: ahci
[STDOUT  ] 2017-07-27T11:53:17.562144458Z: [    4.445322] scsi host4: ahci
[STDOUT  ] 2017-07-27T11:53:17.562152434Z: [    4.448278] scsi host5: ahci
[STDOUT  ] 2017-07-27T11:53:17.562160475Z: [    4.450795] ata1: SATA max UDMA/133 abar m4096@0xfebd2000 port 0xfebd2100 irq 24
[STDERR  ] 2017-07-27T11:53:17.562090203Z: [    4.797534] ata3.00: ATAPI: QEMU DVD-ROM, 2.5+, max UDMA/100
[STDOUT  ] 2017-07-27T11:53:17.562168142Z: [    4.451301] ata2: SATA max UDMA/133 abar m4096@0xfebd2000 port 0xfebd2180 irq 24
[STDERR  ] 2017-07-27T11:53:17.562171419Z: [    4.798036] ata3.00: applying bridge limits
[STDOUT  ] 2017-07-27T11:53:17.56218253Z: [    4.451730] ata3: SATA max UDMA/133 abar m4096@0xfebd2000 port 0xfebd2200 irq 24
[STDERR  ] 2017-07-27T11:53:17.562184328Z: [    4.799859] ata3.00: configured for UDMA/100
[STDERR  ] 2017-07-27T11:53:17.562192952Z: [    4.831943] scsi 2:0:0:0: CD-ROM            QEMU     QEMU DVD-ROM     2.5+ PQ: 0 ANSI: 5
[STDOUT  ] 2017-07-27T11:53:17.562191369Z: [    4.452137] ata4: SATA max UDMA/133 abar m4096@0xfebd2000 port 0xfebd2280 irq 24
[STDERR  ] 2017-07-27T11:53:17.562203551Z: [    4.847060] Key type big_key registered
[STDOUT  ] 2017-07-27T11:53:17.562206165Z: [    4.452512] ata5: SATA max UDMA/133 abar m4096@0xfebd2000 port 0xfebd2300 irq 24
[STDERR  ] 2017-07-27T11:53:17.562212288Z: [    4.853827] sr 2:0:0:0: [sr0] scsi3-mmc drive: 4x/4x cd/rw xa/form2 tray
[STDOUT  ] 2017-07-27T11:53:17.562214882Z: [    4.452906] ata6: SATA max UDMA/133 abar m4096@0xfebd2000 port 0xfebd2380 irq 24
[STDERR  ] 2017-07-27T11:53:17.562221044Z: [    4.854533] cdrom: Uniform CD-ROM driver Revision: 3.20
[STDOUT  ] 2017-07-27T11:53:17.562223627Z: [    4.466240] tun: Universal TUN/TAP device driver, 1.6
[STDOUT  ] 2017-07-27T11:53:17.562232386Z: [    4.466690] tun: (C) 1999-2004 Max Krasnyansky <maxk@qualcomm.com>
[STDERR  ] 2017-07-27T11:53:17.562229661Z: [    4.871120] sr 2:0:0:0: Attached scsi generic sg0 type 5
[STDERR  ] 2017-07-27T11:53:17.562238758Z: [    4.917051] Key type encrypted registered
[STDOUT  ] 2017-07-27T11:53:17.562241079Z: [    4.477573] VMware vmxnet3 virtual NIC driver - version 1.4.a.0-k-NAPI
[STDERR  ] 2017-07-27T11:53:17.562247378Z: [    4.922985] rtc_cmos 00:00: setting system clock to 2017-07-27 11:52:57 UTC (1501156377)
[STDOUT  ] 2017-07-27T11:53:17.56224981Z: [    4.478521] hv_vmbus: registering driver hv_netvsc
[STDERR  ] 2017-07-27T11:53:17.562256066Z: [    5.071718] Freeing unused kernel memory: 1376K (ffffffffa5d57000 - ffffffffa5eaf000)
[STDOUT  ] 2017-07-27T11:53:17.562258663Z: [    4.478924] Fusion MPT base driver 3.04.20
[STDERR  ] 2017-07-27T11:53:17.562264897Z: [    5.072427] Write protecting the kernel read-only data: 12288k
[STDOUT  ] 2017-07-27T11:53:17.562272424Z: [    4.479177] Copyright (c) 1999-2008 LSI Corporation
[STDERR  ] 2017-07-27T11:53:17.562275129Z: [    5.079809] Freeing unused kernel memory: 152K (ffff8b59c47da000 - ffff8b59c4800000)
[STDOUT  ] 2017-07-27T11:53:17.562281175Z: [    4.479799] Fusion MPT SPI Host driver 3.04.20
[STDERR  ] 2017-07-27T11:53:17.562284066Z: [    5.202725] Freeing unused kernel memory: 1400K (ffff8b59c4aa2000 - ffff8b59c4c00000)
[STDOUT  ] 2017-07-27T11:53:17.562289893Z: [    4.482312] i8042: PNP: PS/2 Controller [PNP0303:KBD,PNP0f13:MOU] at 0x60,0x64 irq 1,12
[STDERR  ] 2017-07-27T11:53:17.562293085Z: [    5.203883] tsc: Refined TSC clocksource calibration: 2599.940 MHz
[STDOUT  ] 2017-07-27T11:53:17.562302675Z: [    4.486439] serio: i8042 KBD port at 0x60,0x64 irq 1
[STDERR  ] 2017-07-27T11:53:17.562307566Z: [    5.204450] clocksource: tsc: mask: 0xffffffffffffffff max_cycles: 0x257a039dfda, max_idle_ns: 440795290633 ns
[STDOUT  ] 2017-07-27T11:53:17.562311639Z: [    4.487203] serio: i8042 AUX port at 0x60,0x64 irq 12
[STDERR  ] 2017-07-27T11:53:17.562316652Z: [    6.221165] clocksource: Switched to clocksource tsc
[STDOUT  ] 2017-07-27T11:53:17.562320589Z: [    4.490813] hv_vmbus: registering driver hyperv_keyboard
[STDERR  ] 2017-07-27T11:53:17.562326659Z: 
[STDOUT  ] 2017-07-27T11:53:17.562329431Z: [    4.493055] mousedev: PS/2 mouse device common for all mice
[STDERR  ] 2017-07-27T11:53:17.562335836Z: Welcome to LinuxKit
[STDOUT  ] 2017-07-27T11:53:17.562338088Z: [    4.497920] input: AT Translated Set 2 keyboard as /devices/platform/i8042/serio0/input/input1
[STDERR  ] 2017-07-27T11:53:17.562345079Z: 
[STDOUT  ] 2017-07-27T11:53:17.562346649Z: [    4.501218] input: PC Speaker as /devices/platform/pcspkr/input/input2
[STDERR  ] 2017-07-27T11:53:17.562354024Z:                         ##         .
[STDOUT  ] 2017-07-27T11:53:17.562355527Z: [    4.504935] rtc_cmos 00:00: RTC can wake from S4
[STDERR  ] 2017-07-27T11:53:17.562363189Z:                   ## ## ##        ==
[STDOUT  ] 2017-07-27T11:53:17.562364803Z: [    4.508443] rtc_cmos 00:00: rtc core: registered rtc_cmos as rtc0
[STDERR  ] 2017-07-27T11:53:17.5623722Z:                ## ## ## ## ##    ===
[STDOUT  ] 2017-07-27T11:53:17.562375191Z: [    4.509765] rtc_cmos 00:00: alarms up to one day, y3k, 114 bytes nvram, hpet irqs
[STDERR  ] 2017-07-27T11:53:17.56238094Z:            /"""""""""""""""""\___/ ===
[STDOUT  ] 2017-07-27T11:53:17.562387605Z: [    4.510861] i2c /dev entries driver
[STDERR  ] 2017-07-27T11:53:17.56239648Z:           {                       /  ===-
[STDERR  ] 2017-07-27T11:53:17.562405168Z:            \______ O           __/
[STDERR  ] 2017-07-27T11:53:17.562414388Z:              \    \         __/
[STDOUT  ] 2017-07-27T11:53:17.562397804Z: [    4.512791] device-mapper: ioctl: 4.35.0-ioctl (2016-06-23) initialised: dm-devel@redhat.com
[STDERR  ] 2017-07-27T11:53:17.562428181Z:               \____\_______/
[STDERR  ] 2017-07-27T11:53:17.562443319Z: 
[STDOUT  ] 2017-07-27T11:53:17.56243927Z: [    4.517380] usbcore: registered new interface driver usbhid
[STDOUT  ] 2017-07-27T11:53:17.562449784Z: [    4.517821] usbhid: USB HID core driver
[STDERR  ] 2017-07-27T11:53:17.562451968Z: ca-certificates test suite PASSED
[STDERR  ] 2017-07-27T11:53:17.562460698Z: [   24.069619] ACPI: Preparing to enter system sleep state S5
[STDOUT  ] 2017-07-27T11:53:17.56245854Z: [    4.518512] hv_utils: Registering HyperV Utility Driver
[STDERR  ] 2017-07-27T11:53:17.562469312Z: [   24.072023] reboot: Power down
[STDOUT  ] 2017-07-27T11:53:17.562467358Z: [    4.518827] hv_vmbus: registering driver hv_util
[STDOUT  ] 2017-07-27T11:53:17.562482263Z: [    4.519132] hv_vmbus: registering driver hv_balloon
[STDERR  ] 2017-07-27T11:53:17.562477524Z: + echo [    0.000000] Linux version 4.9.39-linuxkit (root@e1ede117fb1e) (gcc version 6.3.0 (Alpine 6.3.0) ) #1 SMP Wed Jul 26 10:03:32 UTC 2017
[STDERR  ] 2017-07-27T11:53:17.562489309Z: [    0.000000] Command line: console=ttyS0 page_poison=1
[STDOUT  ] 2017-07-27T11:53:17.562490909Z: [    4.519644] oprofile: using NMI interrupt.
[STDOUT  ] 2017-07-27T11:53:17.562503193Z: [    4.521129] GACT probability on
[STDERR  ] 2017-07-27T11:53:17.562501567Z: [    0.000000] x86/fpu: Legacy x87 FPU detected.
[STDERR  ] 2017-07-27T11:53:17.562510494Z: [    0.000000] x86/fpu: Using 'eager' FPU context switches.
[STDOUT  ] 2017-07-27T11:53:17.562512217Z: [    4.521686] Mirror/redirect action on
[STDERR  ] 2017-07-27T11:53:17.562519382Z: [    0.000000] e820: BIOS-provided physical RAM map:
[STDOUT  ] 2017-07-27T11:53:17.5625208Z: [    4.522596] Simple TC action Loaded
[STDERR  ] 2017-07-27T11:53:17.56252816Z: [    0.000000] BIOS-e820: [mem 0x0000000000000000-0x000000000009fbff] usable
[STDOUT  ] 2017-07-27T11:53:17.562529678Z: [    4.523135] u32 classifier
[STDERR  ] 2017-07-27T11:53:17.562541729Z: [    0.000000] BIOS-e820: [mem 0x000000000009fc00-0x000000000009ffff] reserved
[STDERR  ] 2017-07-27T11:53:17.562550298Z: [    0.000000] BIOS-e820: [mem 0x00000000000f0000-0x00000000000fffff] reserved
[STDOUT  ] 2017-07-27T11:53:17.562546347Z: [    4.523322]     Performance counters on
[STDERR  ] 2017-07-27T11:53:17.562559254Z: [    0.000000] BIOS-e820: [mem 0x0000000000100000-0x000000003ffdefff] usable
[STDOUT  ] 2017-07-27T11:53:17.562560838Z: [    4.523557]     input device check on
[STDERR  ] 2017-07-27T11:53:17.562568573Z: [    0.000000] BIOS-e820: [mem 0x000000003ffdf000-0x000000003fffffff] reserved
[STDOUT  ] 2017-07-27T11:53:17.562570122Z: [    4.523798]     Actions configured
[STDERR  ] 2017-07-27T11:53:17.562580276Z: [    0.000000] BIOS-e820: [mem 0x00000000b0000000-0x00000000bfffffff] reserved
[STDOUT  ] 2017-07-27T11:53:17.562581728Z: [    4.524352] Netfilter messages via NETLINK v0.30.
[STDERR  ] 2017-07-27T11:53:17.56258898Z: [    0.000000] BIOS-e820: [mem 0x00000000fed1c000-0x00000000fed1ffff] reserved
[STDOUT  ] 2017-07-27T11:53:17.562590507Z: [    4.524945] nfnl_acct: registering with nfnetlink.
[STDERR  ] 2017-07-27T11:53:17.562597704Z: [    0.000000] BIOS-e820: [mem 0x00000000fffc0000-0x00000000ffffffff] reserved
[STDERR  ] 2017-07-27T11:53:17.562606303Z: [    0.000000] NX (Execute Disable) protection: active
[STDOUT  ] 2017-07-27T11:53:17.562599252Z: [    4.526506] nf_conntrack version 0.5.0 (8192 buckets, 32768 max)
[STDOUT  ] 2017-07-27T11:53:17.562613176Z: [    4.529521] ctnetlink v0.93: registering with nfnetlink.
[STDERR  ] 2017-07-27T11:53:17.562614958Z: [    0.000000] SMBIOS 2.8 present.
[STDOUT  ] 2017-07-27T11:53:17.562621964Z: [    4.533155] nf_tables: (c) 2007-2009 Patrick McHardy <kaber@trash.net>
[STDERR  ] 2017-07-27T11:53:17.56262355Z: [    0.000000] e820: last_pfn = 0x3ffdf max_arch_pfn = 0x400000000
[STDERR  ] 2017-07-27T11:53:17.56263253Z: [    0.000000] x86/PAT: Configuration [0-7]: WB  WC  UC- UC  WB  WC  UC- WT  
[STDOUT  ] 2017-07-27T11:53:17.562630993Z: [    4.534060] nf_tables_compat: (c) 2012 Pablo Neira Ayuso <pablo@netfilter.org>
[STDOUT  ] 2017-07-27T11:53:17.562639912Z: [    4.536491] xt_time: kernel timezone is -0000
[STDERR  ] 2017-07-27T11:53:17.562641261Z: [    0.000000] found SMP MP-table at [mem 0x000f6aa0-0x000f6aaf] mapped at [ffff8b59c00f6aa0]
[STDOUT  ] 2017-07-27T11:53:17.562648993Z: [    4.537050] ip_set: protocol 6
[STDERR  ] 2017-07-27T11:53:17.562655941Z: [    0.000000] RAMDISK: [mem 0x3ed52000-0x3ffcffff]
[STDOUT  ] 2017-07-27T11:53:17.56265763Z: [    4.537864] IPVS: Registered protocols (TCP, UDP, SCTP, AH, ESP)
[STDERR  ] 2017-07-27T11:53:17.562664876Z: [    0.000000] ACPI: Early table checksum verification disabled
[STDOUT  ] 2017-07-27T11:53:17.562666519Z: [    4.538439] IPVS: Connection hash table configured (size=4096, memory=64Kbytes)
[STDERR  ] 2017-07-27T11:53:17.562673753Z: [    0.000000] ACPI: RSDP 0x00000000000F68C0 000014 (v00 BOCHS )
[STDOUT  ] 2017-07-27T11:53:17.562675366Z: [    4.540637] IPVS: Creating netns size=2104 id=0
[STDERR  ] 2017-07-27T11:53:17.562682537Z: [    0.000000] ACPI: RSDT 0x000000003FFE2404 000034 (v01 BOCHS  BXPCRSDT 00000001 BXPC 00000001)
[STDOUT  ] 2017-07-27T11:53:17.562684083Z: [    4.543326] IPVS: ipvs loaded.
[STDERR  ] 2017-07-27T11:53:17.562694918Z: [    0.000000] ACPI: FACP 0x000000003FFE22A4 000074 (v01 BOCHS  BXPCFACP 00000001 BXPC 00000001)
[STDOUT  ] 2017-07-27T11:53:17.562696623Z: [    4.543721] IPVS: [rr] scheduler registered.
[STDERR  ] 2017-07-27T11:53:17.562703755Z: [    0.000000] ACPI: DSDT 0x000000003FFE0040 002264 (v01 BOCHS  BXPCDSDT 00000001 BXPC 00000001)
[STDOUT  ] 2017-07-27T11:53:17.562705465Z: [    4.544061] IPVS: [wrr] scheduler registered.
[STDERR  ] 2017-07-27T11:53:17.562712769Z: [    0.000000] ACPI: FACS 0x000000003FFE0000 000040
[STDOUT  ] 2017-07-27T11:53:17.562714116Z: [    4.544360] IPVS: [lc] scheduler registered.
[STDERR  ] 2017-07-27T11:53:17.562724299Z: [    0.000000] ACPI: APIC 0x000000003FFE2318 000078 (v01 BOCHS  BXPCAPIC 00000001 BXPC 00000001)
[STDOUT  ] 2017-07-27T11:53:17.56272723Z: [    4.544619] IPVS: [wlc] scheduler registered.
[STDERR  ] 2017-07-27T11:53:17.56273327Z: [    0.000000] ACPI: HPET 0x000000003FFE2390 000038 (v01 BOCHS  BXPCHPET 00000001 BXPC 00000001)
[STDOUT  ] 2017-07-27T11:53:17.562736233Z: [    4.544876] IPVS: [fo] scheduler registered.
[STDOUT  ] 2017-07-27T11:53:17.562745098Z: [    4.545140] IPVS: [ovf] scheduler registered.
[STDERR  ] 2017-07-27T11:53:17.562742111Z: [    0.000000] ACPI: MCFG 0x000000003FFE23C8 00003C (v01 BOCHS  BXPCMCFG 00000001 BXPC 00000001)
[STDERR  ] 2017-07-27T11:53:17.562751336Z: [    0.000000] Zone ranges:
[STDOUT  ] 2017-07-27T11:53:17.562753923Z: [    4.545601] IPVS: [lblc] scheduler registered.
[STDERR  ] 2017-07-27T11:53:17.562760122Z: [    0.000000]   DMA      [mem 0x0000000000001000-0x0000000000ffffff]
[STDOUT  ] 2017-07-27T11:53:17.562762729Z: [    4.546031] IPVS: [lblcr] scheduler registered.
[STDOUT  ] 2017-07-27T11:53:17.562771675Z: [    4.546311] IPVS: [dh] scheduler registered.
[STDERR  ] 2017-07-27T11:53:17.562768898Z: [    0.000000]   DMA32    [mem 0x0000000001000000-0x000000003ffdefff]
[STDERR  ] 2017-07-27T11:53:17.562777802Z: [    0.000000]   Normal   empty
[STDOUT  ] 2017-07-27T11:53:17.562780565Z: [    4.546578] IPVS: [sh] scheduler registered.
[STDOUT  ] 2017-07-27T11:53:17.562789624Z: [    4.546842] IPVS: [sed] scheduler registered.
[STDERR  ] 2017-07-27T11:53:17.562793284Z: [    0.000000] Movable zone start for each node
[STDOUT  ] 2017-07-27T11:53:17.562798833Z: [    4.547108] IPVS: [nq] scheduler registered.
[STDERR  ] 2017-07-27T11:53:17.562802029Z: [    0.000000] Early memory node ranges
[STDERR  ] 2017-07-27T11:53:17.562810651Z: [    0.000000]   node   0: [mem 0x0000000000001000-0x000000000009efff]
[STDOUT  ] 2017-07-27T11:53:17.56280755Z: [    4.547828] IPVS: ftp: loaded support on port[0] = 21
[STDERR  ] 2017-07-27T11:53:17.562819008Z: [    0.000000]   node   0: [mem 0x0000000000100000-0x000000003ffdefff]
[STDOUT  ] 2017-07-27T11:53:17.56282103Z: [    4.548719] ipip: IPv4 and MPLS over IPv4 tunneling driver
[STDERR  ] 2017-07-27T11:53:17.562827715Z: [    0.000000] Initmem setup node 0 [mem 0x0000000000001000-0x000000003ffdefff]
[STDOUT  ] 2017-07-27T11:53:17.562829723Z: [    4.553567] gre: GRE over IPv4 demultiplexor driver
[STDERR  ] 2017-07-27T11:53:17.562836361Z: [    0.000000] ACPI: PM-Timer IO Port: 0x608
[STDOUT  ] 2017-07-27T11:53:17.562838292Z: [    4.556419] ip_tables: (C) 2000-2006 Netfilter Core Team
[STDERR  ] 2017-07-27T11:53:17.562844671Z: [    0.000000] ACPI: LAPIC_NMI (acpi_id[0xff] dfl dfl lint[0x1])
[STDOUT  ] 2017-07-27T11:53:17.562850068Z: [    4.559771] ipt_CLUSTERIP: ClusterIP Version 0.8 loaded successfully
[STDERR  ] 2017-07-27T11:53:17.562853459Z: [    0.000000] IOAPIC[0]: apic_id 0, version 32, address 0xfec00000, GSI 0-23
[STDOUT  ] 2017-07-27T11:53:17.56285885Z: [    4.561171] arp_tables: arp_tables: (C) 2002 David S. Miller
[STDERR  ] 2017-07-27T11:53:17.562862356Z: [    0.000000] ACPI: INT_SRC_OVR (bus 0 bus_irq 0 global_irq 2 dfl dfl)
[STDOUT  ] 2017-07-27T11:53:17.562868Z: [    4.563634] NET: Registered protocol family 10
[STDERR  ] 2017-07-27T11:53:17.562880354Z: [    0.000000] ACPI: INT_SRC_OVR (bus 0 bus_irq 5 global_irq 5 high level)
[STDOUT  ] 2017-07-27T11:53:17.562883241Z: [    4.573820] ip6_tables: (C) 2000-2006 Netfilter Core Team
[STDERR  ] 2017-07-27T11:53:17.562892913Z: [    0.000000] ACPI: INT_SRC_OVR (bus 0 bus_irq 9 global_irq 9 high level)
[STDOUT  ] 2017-07-27T11:53:17.562891917Z: [    4.582937] NET: Registered protocol family 17
[STDOUT  ] 2017-07-27T11:53:17.562900826Z: [    4.584083] Bridge firewalling registered
[STDERR  ] 2017-07-27T11:53:17.562901496Z: [    0.000000] ACPI: INT_SRC_OVR (bus 0 bus_irq 10 global_irq 10 high level)
[STDOUT  ] 2017-07-27T11:53:17.562909829Z: [    4.584718] Ebtables v2.0 registered
[STDERR  ] 2017-07-27T11:53:17.562911063Z: [    0.000000] ACPI: INT_SRC_OVR (bus 0 bus_irq 11 global_irq 11 high level)
[STDOUT  ] 2017-07-27T11:53:17.562922714Z: [    4.586696] 8021q: 802.1Q VLAN Support v1.8
[STDERR  ] 2017-07-27T11:53:17.562919783Z: [    0.000000] Using ACPI (MADT) for SMP configuration information
[STDOUT  ] 2017-07-27T11:53:17.562931315Z: [    4.588288] 9pnet: Installing 9P2000 support
[STDERR  ] 2017-07-27T11:53:17.562934689Z: [    0.000000] ACPI: HPET id: 0x8086a201 base: 0xfed00000
[STDOUT  ] 2017-07-27T11:53:17.562940283Z: [    4.589884] Key type dns_resolver registered
[STDERR  ] 2017-07-27T11:53:17.562943444Z: [    0.000000] smpboot: Allowing 1 CPUs, 0 hotplug CPUs
[STDERR  ] 2017-07-27T11:53:17.562952179Z: [    0.000000] e820: [mem 0x40000000-0xafffffff] available for PCI devices
[STDOUT  ] 2017-07-27T11:53:17.562949633Z: [    4.591368] microcode: AMD CPU family 0x6 not supported
[STDOUT  ] 2017-07-27T11:53:17.562958348Z: [    4.595048] registered taskstats version 1
[STDERR  ] 2017-07-27T11:53:17.562960848Z: [    0.000000] Booting paravirtualized kernel on bare hardware
[STDOUT  ] 2017-07-27T11:53:17.562967011Z: [    4.781926] ata1: SATA link down (SStatus 0 SControl 300)
[STDOUT  ] 2017-07-27T11:53:17.562975315Z: [    4.784790] ata2: SATA link down (SStatus 0 SControl 300)
[STDERR  ] 2017-07-27T11:53:17.562969661Z: [    0.000000] clocksource: refined-jiffies: mask: 0xffffffff max_cycles: 0xffffffff, max_idle_ns: 19112604462750000 ns
[STDERR  ] 2017-07-27T11:53:17.562985691Z: [    0.000000] setup_percpu: NR_CPUS:128 nr_cpumask_bits:128 nr_cpu_ids:1 nr_node_ids:1
[STDOUT  ] 2017-07-27T11:53:17.562984004Z: [    4.792024] ata6: SATA link down (SStatus 0 SControl 300)
[STDERR  ] 2017-07-27T11:53:17.562994072Z: [    0.000000] percpu: Embedded 35 pages/cpu @ffff8b59fea00000 s105240 r8192 d29928 u2097152
[STDOUT  ] 2017-07-27T11:53:17.562996065Z: [    4.792621] ata5: SATA link down (SStatus 0 SControl 300)
[STDOUT  ] 2017-07-27T11:53:17.563004732Z: [    4.793081] ata4: SATA link down (SStatus 0 SControl 300)
[STDERR  ] 2017-07-27T11:53:17.563003Z: [    0.000000] Built 1 zonelists in Zone order, mobility grouping on.  Total pages: 257896
[STDERR  ] 2017-07-27T11:53:17.563011767Z: [    0.000000] Kernel command line: console=ttyS0 page_poison=1
[STDOUT  ] 2017-07-27T11:53:17.563013458Z: [    4.793865] ata3: SATA link up 1.5 Gbps (SStatus 113 SControl 300)
[STDERR  ] 2017-07-27T11:53:17.563020429Z: [    0.000000] PID hash table entries: 4096 (order: 3, 32768 bytes)
[STDOUT  ] 2017-07-27T11:53:17.563022377Z: [    4.797534] ata3.00: ATAPI: QEMU DVD-ROM, 2.5+, max UDMA/100
[STDOUT  ] 2017-07-27T11:53:17.56303289Z: [    4.798036] ata3.00: applying bridge limits
[STDERR  ] 2017-07-27T11:53:17.563031363Z: [    0.000000] Dentry cache hash table entries: 131072 (order: 8, 1048576 bytes)
[STDERR  ] 2017-07-27T11:53:17.56304011Z: [    0.000000] Inode-cache hash table entries: 65536 (order: 7, 524288 bytes)
[STDOUT  ] 2017-07-27T11:53:17.563041666Z: [    4.799859] ata3.00: configured for UDMA/100
[STDERR  ] 2017-07-27T11:53:17.563049013Z: [    0.000000] Memory: 995240K/1048052K available (8027K kernel code, 1366K rwdata, 2696K rodata, 1376K init, 568K bss, 52812K reserved, 0K cma-reserved)
[STDOUT  ] 2017-07-27T11:53:17.563050422Z: [    4.831943] scsi 2:0:0:0: CD-ROM            QEMU     QEMU DVD-ROM     2.5+ PQ: 0 ANSI: 5
[STDERR  ] 2017-07-27T11:53:17.56305861Z: [    0.000000] Hierarchical RCU implementation.
[STDOUT  ] 2017-07-27T11:53:17.56306449Z: [    4.847060] Key type big_key registered
[STDERR  ] 2017-07-27T11:53:17.563071643Z: [    0.000000] 	Build-time adjustment of leaf fanout to 64.
[STDOUT  ] 2017-07-27T11:53:17.563073256Z: [    4.853827] sr 2:0:0:0: [sr0] scsi3-mmc drive: 4x/4x cd/rw xa/form2 tray
[STDOUT  ] 2017-07-27T11:53:17.563083049Z: [    4.854533] cdrom: Uniform CD-ROM driver Revision: 3.20
[STDERR  ] 2017-07-27T11:53:17.563085663Z: [    0.000000] 	RCU restricting CPUs from NR_CPUS=128 to nr_cpu_ids=1.
[STDERR  ] 2017-07-27T11:53:17.563094391Z: [    0.000000] RCU: Adjusting geometry for rcu_fanout_leaf=64, nr_cpu_ids=1
[STDOUT  ] 2017-07-27T11:53:17.563091818Z: [    4.871120] sr 2:0:0:0: Attached scsi generic sg0 type 5
[STDOUT  ] 2017-07-27T11:53:17.563100608Z: [    4.917051] Key type encrypted registered
[STDERR  ] 2017-07-27T11:53:17.563109926Z: [    0.000000] NR_IRQS:8448 nr_irqs:256 16
[STDOUT  ] 2017-07-27T11:53:17.563112729Z: [    4.922985] rtc_cmos 00:00: setting system clock to 2017-07-27 11:52:57 UTC (1501156377)
[STDERR  ] 2017-07-27T11:53:17.563119192Z: [    0.000000] Console: colour VGA+ 80x25
[STDOUT  ] 2017-07-27T11:53:17.563123529Z: [    5.071718] Freeing unused kernel memory: 1376K (ffffffffa5d57000 - ffffffffa5eaf000)
[STDERR  ] 2017-07-27T11:53:17.563127953Z: [    0.000000] console [ttyS0] enabled
[STDERR  ] 2017-07-27T11:53:17.563136731Z: [    0.000000] allocated 2097152 bytes of page_ext
[STDOUT  ] 2017-07-27T11:53:17.563134169Z: [    5.072427] Write protecting the kernel read-only data: 12288k
[STDERR  ] 2017-07-27T11:53:17.563145602Z: [    0.000000] clocksource: hpet: mask: 0xffffffff max_cycles: 0xffffffff, max_idle_ns: 19112604467 ns
[STDOUT  ] 2017-07-27T11:53:17.563149289Z: [    5.079809] Freeing unused kernel memory: 152K (ffff8b59c47da000 - ffff8b59c4800000)
[STDOUT  ] 2017-07-27T11:53:17.563158957Z: [    5.202725] Freeing unused kernel memory: 1400K (ffff8b59c4aa2000 - ffff8b59c4c00000)
[STDERR  ] 2017-07-27T11:53:17.563154984Z: [    0.000000] tsc: Fast TSC calibration using PIT
[STDERR  ] 2017-07-27T11:53:17.563164979Z: [    0.000000] tsc: Detected 2599.948 MHz processor
[STDOUT  ] 2017-07-27T11:53:17.563167689Z: [    5.203883] tsc: Refined TSC clocksource calibration: 2599.940 MHz
[STDERR  ] 2017-07-27T11:53:17.563173713Z: [    0.032202] Calibrating delay loop (skipped), value calculated using timer frequency.. 5199.89 BogoMIPS (lpj=25999480)
[STDOUT  ] 2017-07-27T11:53:17.563176609Z: [    5.204450] clocksource: tsc: mask: 0xffffffffffffffff max_cycles: 0x257a039dfda, max_idle_ns: 440795290633 ns
[STDERR  ] 2017-07-27T11:53:17.563182606Z: [    0.033032] pid_max: default: 32768 minimum: 301
[STDOUT  ] 2017-07-27T11:53:17.563185815Z: [    6.221165] clocksource: Switched to clocksource tsc
[STDERR  ] 2017-07-27T11:53:17.563191499Z: [    0.033998] ACPI: Core revision 20160831
[STDOUT  ] 2017-07-27T11:53:17.563194846Z: 
[STDERR  ] 2017-07-27T11:53:17.563200266Z: [    0.079270] ACPI: 1 ACPI AML tables successfully acquired and loaded
[STDOUT  ] 2017-07-27T11:53:17.563205995Z: Welcome to LinuxKit
[STDOUT  ] 2017-07-27T11:53:17.563214775Z: 
[STDERR  ] 2017-07-27T11:53:17.563209824Z: [    0.083822] Security Framework initialized
[STDOUT  ] 2017-07-27T11:53:17.563234968Z:                         ##         .
[STDERR  ] 2017-07-27T11:53:17.563236509Z: [    0.084121] Yama: becoming mindful.
[STDERR  ] 2017-07-27T11:53:17.563246169Z: [    0.086090] Mount-cache hash table entries: 2048 (order: 2, 16384 bytes)
[STDOUT  ] 2017-07-27T11:53:17.56324472Z:                   ## ## ##        ==
[STDERR  ] 2017-07-27T11:53:17.563254991Z: [    0.086424] Mountpoint-cache hash table entries: 2048 (order: 2, 16384 bytes)
[STDOUT  ] 2017-07-27T11:53:17.563259Z:                ## ## ## ## ##    ===
[STDERR  ] 2017-07-27T11:53:17.563265537Z: [    0.107628] Last level iTLB entries: 4KB 0, 2MB 0, 4MB 0
[STDOUT  ] 2017-07-27T11:53:17.563273741Z:            /"""""""""""""""""\___/ ===
[STDERR  ] 2017-07-27T11:53:17.563275165Z: [    0.108215] Last level dTLB entries: 4KB 0, 2MB 0, 4MB 0, 1GB 0
[STDOUT  ] 2017-07-27T11:53:17.563282587Z:           {                       /  ===-
[STDERR  ] 2017-07-27T11:53:17.563288116Z: [    0.394003] Freeing SMP alternatives memory: 20K (ffffffffa5eaf000 - ffffffffa5eb4000)
[STDOUT  ] 2017-07-27T11:53:17.563294222Z:            \______ O           __/
[STDERR  ] 2017-07-27T11:53:17.563297059Z: [    0.404597] ftrace: allocating 35482 entries in 139 pages
[STDOUT  ] 2017-07-27T11:53:17.563303064Z:              \    \         __/
[STDERR  ] 2017-07-27T11:53:17.563305921Z: [    0.571025] smpboot: Max logical packages: 1
[STDOUT  ] 2017-07-27T11:53:17.563312065Z:               \____\_______/
[STDERR  ] 2017-07-27T11:53:17.563317144Z: [    0.577849] ..TIMER: vector=0x30 apic1=0 pin1=2 apic2=-1 pin2=-1
[STDOUT  ] 2017-07-27T11:53:17.563320765Z: 
[STDOUT  ] 2017-07-27T11:53:17.563332065Z: ca-certificates test suite PASSED
[STDERR  ] 2017-07-27T11:53:17.563330406Z: [    0.680000] smpboot: CPU0: AMD QEMU Virtual CPU version 2.5+ (family: 0x6, model: 0x6, stepping: 0x3)
[STDOUT  ] 2017-07-27T11:53:17.563340467Z: [   24.069619] ACPI: Preparing to enter system sleep state S5
[STDERR  ] 2017-07-27T11:53:17.563340109Z: [    0.680000] Performance Events: PMU not available due to virtualization, using software events only.
[STDERR  ] 2017-07-27T11:53:17.563349446Z: [    0.690277] NMI watchdog: disabled (cpu0): hardware events not enabled
[STDERR  ] 2017-07-27T11:53:17.563357903Z: [    0.690825] NMI watchdog: Shutting down hard lockup detector on all cpus
[STDERR  ] 2017-07-27T11:53:17.563365669Z: [    0.694363] x86: Booted up 1 node, 1 CPUs
[STDERR  ] 2017-07-27T11:53:17.563372753Z: [    0.694772] smpboot: Total of 1 processors activated (5199.89 BogoMIPS)
[STDERR  ] 2017-07-27T11:53:17.563386121Z: [    0.710208] devtmpfs: initialized
[STDERR  ] 2017-07-27T11:53:17.563393923Z: [    0.716624] x86/mm: Memory block size: 128MB
[STDERR  ] 2017-07-27T11:53:17.563400978Z: [    0.779718] clocksource: jiffies: mask: 0xffffffff max_cycles: 0xffffffff, max_idle_ns: 19112604462750000 ns
[STDERR  ] 2017-07-27T11:53:17.563408778Z: [    0.780394] futex hash table entries: 256 (order: 2, 16384 bytes)
[STDERR  ] 2017-07-27T11:53:17.563416631Z: [    0.790128] NET: Registered protocol family 16
[STDERR  ] 2017-07-27T11:53:17.563424572Z: [    0.799809] cpuidle: using governor ladder
[STDERR  ] 2017-07-27T11:53:17.563431923Z: [    0.800281] cpuidle: using governor menu
[STDERR  ] 2017-07-27T11:53:17.563439619Z: [    0.801531] ACPI: bus type PCI registered
[STDERR  ] 2017-07-27T11:53:17.563453135Z: [    0.804588] PCI: MMCONFIG for domain 0000 [bus 00-ff] at [mem 0xb0000000-0xbfffffff] (base 0xb0000000)
[STDERR  ] 2017-07-27T11:53:17.563468688Z: [    0.805413] PCI: MMCONFIG at [mem 0xb0000000-0xbfffffff] reserved in E820
[STDERR  ] 2017-07-27T11:53:17.563478264Z: [    0.806829] PCI: Using configuration type 1 for base access
[STDERR  ] 2017-07-27T11:53:17.563486347Z: [    0.860821] HugeTLB registered 2 MB page size, pre-allocated 0 pages
[STDERR  ] 2017-07-27T11:53:17.563495229Z: [    0.875810] ACPI: Added _OSI(Module Device)
[STDERR  ] 2017-07-27T11:53:17.563503197Z: [    0.876168] ACPI: Added _OSI(Processor Device)
[STDERR  ] 2017-07-27T11:53:17.563511848Z: [    0.876491] ACPI: Added _OSI(3.0 _SCP Extensions)
[STDERR  ] 2017-07-27T11:53:17.563518842Z: [    0.876787] ACPI: Added _OSI(Processor Aggregator Device)
[STDERR  ] 2017-07-27T11:53:17.563526449Z: [    0.954405] ACPI: Interpreter enabled
[STDERR  ] 2017-07-27T11:53:17.563534111Z: [    0.955386] ACPI: (supports S0 S5)
[STDERR  ] 2017-07-27T11:53:17.563542014Z: [    0.955707] ACPI: Using IOAPIC for interrupt routing
[STDERR  ] 2017-07-27T11:53:17.563551304Z: [    0.958310] PCI: Using host bridge windows from ACPI; if necessary, use "pci=nocrs" and report a bug
[STDERR  ] 2017-07-27T11:53:17.563560566Z: [    1.026623] ACPI: PCI Root Bridge [PCI0] (domain 0000 [bus 00-ff])
[STDERR  ] 2017-07-27T11:53:17.563568911Z: [    1.027802] acpi PNP0A08:00: _OSC: OS supports [ExtendedConfig ASPM ClockPM Segments MSI]
[STDERR  ] 2017-07-27T11:53:17.563577272Z: [    1.034651] acpi PNP0A08:00: _OSC: OS now controls [PCIeHotplug PME PCIeCapability]
[STDERR  ] 2017-07-27T11:53:17.563591221Z: [    1.038581] PCI host bridge to bus 0000:00
[STDERR  ] 2017-07-27T11:53:17.563600009Z: [    1.039170] pci_bus 0000:00: root bus resource [io  0x0000-0x0cf7 window]
[STDERR  ] 2017-07-27T11:53:17.563608386Z: [    1.039548] pci_bus 0000:00: root bus resource [io  0x0d00-0xffff window]
[STDOUT  ] 2017-07-27T11:53:17.563608606Z: [   24.072023] reboot: Power down
[STDERR  ] 2017-07-27T11:53:17.563616396Z: [    1.040112] pci_bus 0000:00: root bus resource [mem 0x000a0000-0x000bffff window]
[STDERR  ] 2017-07-27T11:53:17.563624325Z: [    1.040557] pci_bus 0000:00: root bus resource [mem 0xc0000000-0xfebfffff window]
[STDERR  ] 2017-07-27T11:53:17.56363648Z: [    1.041200] pci_bus 0000:00: root bus resource [bus 00-ff]
[STDERR  ] 2017-07-27T11:53:17.5636441Z: [    1.185446] pci 0000:00:1f.0: quirk: [io  0x0600-0x067f] claimed by ICH6 ACPI/GPIO/TCO
[STDERR  ] 2017-07-27T11:53:17.563652447Z: [    1.265250] ACPI: PCI Interrupt Link [LNKA] (IRQs 5 *10 11)
[STDERR  ] 2017-07-27T11:53:17.563664777Z: [    1.268181] ACPI: PCI Interrupt Link [LNKB] (IRQs 5 *10 11)
[STDERR  ] 2017-07-27T11:53:17.56367258Z: [    1.271337] ACPI: PCI Interrupt Link [LNKC] (IRQs 5 10 *11)
[STDERR  ] 2017-07-27T11:53:17.56368031Z: [    1.273088] ACPI: PCI Interrupt Link [LNKD] (IRQs 5 10 *11)
[STDERR  ] 2017-07-27T11:53:17.563687713Z: [    1.274930] ACPI: PCI Interrupt Link [LNKE] (IRQs 5 *10 11)
[STDERR  ] 2017-07-27T11:53:17.563694977Z: [    1.276866] ACPI: PCI Interrupt Link [LNKF] (IRQs 5 *10 11)
[STDERR  ] 2017-07-27T11:53:17.563702553Z: [    1.278709] ACPI: PCI Interrupt Link [LNKG] (IRQs 5 10 *11)
[STDERR  ] 2017-07-27T11:53:17.563715976Z: [    1.280723] ACPI: PCI Interrupt Link [LNKH] (IRQs 5 10 *11)
[STDERR  ] 2017-07-27T11:53:17.56372369Z: [    1.281658] ACPI: PCI Interrupt Link [GSIA] (IRQs *16)
[STDERR  ] 2017-07-27T11:53:17.563731776Z: [    1.282307] ACPI: PCI Interrupt Link [GSIB] (IRQs *17)
[STDERR  ] 2017-07-27T11:53:17.563738976Z: [    1.282893] ACPI: PCI Interrupt Link [GSIC] (IRQs *18)
[STDERR  ] 2017-07-27T11:53:17.563746855Z: [    1.283574] ACPI: PCI Interrupt Link [GSID] (IRQs *19)
[STDERR  ] 2017-07-27T11:53:17.563754882Z: [    1.284258] ACPI: PCI Interrupt Link [GSIE] (IRQs *20)
[STDERR  ] 2017-07-27T11:53:17.563763127Z: [    1.284937] ACPI: PCI Interrupt Link [GSIF] (IRQs *21)
[STDERR  ] 2017-07-27T11:53:17.563770419Z: [    1.285634] ACPI: PCI Interrupt Link [GSIG] (IRQs *22)
[STDERR  ] 2017-07-27T11:53:17.563778009Z: [    1.286334] ACPI: PCI Interrupt Link [GSIH] (IRQs *23)
[STDERR  ] 2017-07-27T11:53:17.563786031Z: [    1.290456] ACPI: Enabled 2 GPEs in block 00 to 3F
[STDERR  ] 2017-07-27T11:53:17.563794408Z: [    1.294992] SCSI subsystem initialized
[STDERR  ] 2017-07-27T11:53:17.563802894Z: [    1.296989] ACPI: bus type USB registered
[STDERR  ] 2017-07-27T11:53:17.563810778Z: [    1.298254] usbcore: registered new interface driver usbfs
[STDERR  ] 2017-07-27T11:53:17.563818246Z: [    1.299250] usbcore: registered new interface driver hub
[STDERR  ] 2017-07-27T11:53:17.563825807Z: [    1.300395] usbcore: registered new device driver usb
[STDERR  ] 2017-07-27T11:53:17.563834134Z: [    1.301599] pps_core: LinuxPPS API ver. 1 registered
[STDERR  ] 2017-07-27T11:53:17.563842408Z: [    1.301936] pps_core: Software ver. 5.3.6 - Copyright 2005-2007 Rodolfo Giometti <giometti@linux.it>
[STDERR  ] 2017-07-27T11:53:17.563850799Z: [    1.302665] PTP clock support registered
[STDERR  ] 2017-07-27T11:53:17.563861379Z: [    1.303897] wmi: Mapper loaded
[STDERR  ] 2017-07-27T11:53:17.563868957Z: [    1.305116] PCI: Using ACPI for IRQ routing
[STDERR  ] 2017-07-27T11:53:17.563876616Z: [    1.325394] NetLabel: Initializing
[STDERR  ] 2017-07-27T11:53:17.563884158Z: [    1.325642] NetLabel:  domain hash size = 128
[STDERR  ] 2017-07-27T11:53:17.563903572Z: [    1.326068] NetLabel:  protocols = UNLABELED CIPSOv4
[STDERR  ] 2017-07-27T11:53:17.563911095Z: [    1.328633] NetLabel:  unlabeled traffic allowed by default
[STDERR  ] 2017-07-27T11:53:17.563923286Z: [    1.330310] HPET: 3 timers in total, 0 timers will be used for per-cpu timer
[STDERR  ] 2017-07-27T11:53:17.563932283Z: [    1.331150] hpet0: at MMIO 0xfed00000, IRQs 2, 8, 0
[STDERR  ] 2017-07-27T11:53:17.563941041Z: [    1.331663] hpet0: 3 comparators, 64-bit 100.000000 MHz counter
[STDERR  ] 2017-07-27T11:53:17.563955501Z: [    1.337989] clocksource: Switched to clocksource hpet
[STDERR  ] 2017-07-27T11:53:17.563963706Z: [    1.586506] VFS: Disk quotas dquot_6.6.0
[STDERR  ] 2017-07-27T11:53:17.563972225Z: [    1.587236] VFS: Dquot-cache hash table entries: 512 (order 0, 4096 bytes)
[STDERR  ] 2017-07-27T11:53:17.563980935Z: [    1.591310] FS-Cache: Loaded
[STDERR  ] 2017-07-27T11:53:17.563993946Z: [    1.596716] CacheFiles: Loaded
[STDERR  ] 2017-07-27T11:53:17.564002756Z: [    1.598496] pnp: PnP ACPI init
[STDERR  ] 2017-07-27T11:53:17.564019389Z: [    1.610115] pnp: PnP ACPI: found 5 devices
[STDERR  ] 2017-07-27T11:53:17.564027585Z: [    1.658022] clocksource: acpi_pm: mask: 0xffffff max_cycles: 0xffffff, max_idle_ns: 2085701024 ns
[STDERR  ] 2017-07-27T11:53:17.564043013Z: [    1.662186] NET: Registered protocol family 2
[STDERR  ] 2017-07-27T11:53:17.564052206Z: [    1.669676] TCP established hash table entries: 8192 (order: 4, 65536 bytes)
[STDERR  ] 2017-07-27T11:53:17.564060828Z: [    1.670801] TCP bind hash table entries: 8192 (order: 5, 131072 bytes)
[STDERR  ] 2017-07-27T11:53:17.564068457Z: [    1.671419] TCP: Hash tables configured (established 8192 bind 8192)
[STDERR  ] 2017-07-27T11:53:17.564076514Z: [    1.673461] UDP hash table entries: 512 (order: 2, 16384 bytes)
[STDERR  ] 2017-07-27T11:53:17.564084857Z: [    1.674045] UDP-Lite hash table entries: 512 (order: 2, 16384 bytes)
[STDERR  ] 2017-07-27T11:53:17.564094104Z: [    1.676480] NET: Registered protocol family 1
[STDERR  ] 2017-07-27T11:53:17.564108536Z: [    1.677561] pci 0000:00:01.0: Video device with shadowed ROM at [mem 0x000c0000-0x000dffff]
[STDERR  ] 2017-07-27T11:53:17.564117155Z: [    1.685283] Unpacking initramfs...
[STDERR  ] 2017-07-27T11:53:17.564124992Z: [    4.094137] Freeing initrd memory: 18936K (ffff8b59fed52000 - ffff8b59fffd0000)
[STDERR  ] 2017-07-27T11:53:17.564132757Z: [    4.117700] PCLMULQDQ-NI instructions are not detected.
[STDERR  ] 2017-07-27T11:53:17.564140221Z: [    4.119082] AVX or AES-NI instructions are not detected.
[STDERR  ] 2017-07-27T11:53:17.56414826Z: [    4.119575] CPU feature 'AVX registers' is not supported.
[STDERR  ] 2017-07-27T11:53:17.564156191Z: [    4.119969] CPU feature 'AVX registers' is not supported.
[STDERR  ] 2017-07-27T11:53:17.564163731Z: [    4.120774] CPU feature 'AVX registers' is not supported.
[STDERR  ] 2017-07-27T11:53:17.564171666Z: [    4.121158] CPU feature 'AVX registers' is not supported.
[STDERR  ] 2017-07-27T11:53:17.564184983Z: [    4.121560] AVX2 or AES-NI instructions are not detected.
[STDERR  ] 2017-07-27T11:53:17.564193297Z: [    4.121940] AVX2 instructions are not detected.
[STDERR  ] 2017-07-27T11:53:17.564201877Z: [    4.127696] audit: initializing netlink subsys (disabled)
[STDERR  ] 2017-07-27T11:53:17.564210389Z: [    4.129536] audit: type=2000 audit(1501156376.120:1): initialized
[STDERR  ] 2017-07-27T11:53:17.564218516Z: [    4.139086] workingset: timestamp_bits=46 max_order=18 bucket_order=0
[STDERR  ] 2017-07-27T11:53:17.564226755Z: [    4.146008] FS-Cache: Netfs 'cifs' registered for caching
[STDERR  ] 2017-07-27T11:53:17.564235163Z: [    4.147036] fuse init (API version 7.26)
[STDERR  ] 2017-07-27T11:53:17.564243467Z: [    4.149283] SGI XFS with ACLs, security attributes, no debug enabled
[STDERR  ] 2017-07-27T11:53:17.564257516Z: [    4.156238] 9p: Installing v9fs 9p2000 file system support
[STDERR  ] 2017-07-27T11:53:17.564265939Z: [    4.156811] FS-Cache: Netfs '9p' registered for caching
[STDERR  ] 2017-07-27T11:53:17.564274269Z: [    4.187163] NET: Registered protocol family 38
[STDERR  ] 2017-07-27T11:53:17.564282744Z: [    4.187795] Key type asymmetric registered
[STDERR  ] 2017-07-27T11:53:17.564291183Z: [    4.188160] Asymmetric key parser 'x509' registered
[STDERR  ] 2017-07-27T11:53:17.564303722Z: [    4.189217] Block layer SCSI generic (bsg) driver version 0.4 loaded (major 251)
[STDERR  ] 2017-07-27T11:53:17.564312141Z: [    4.191595] io scheduler noop registered
[STDERR  ] 2017-07-27T11:53:17.564320273Z: [    4.191948] io scheduler deadline registered (default)
[STDERR  ] 2017-07-27T11:53:17.564328361Z: [    4.192576] io scheduler cfq registered
[STDERR  ] 2017-07-27T11:53:17.564336065Z: [    4.195304] pci_hotplug: PCI Hot Plug PCI Core version: 0.5
[STDERR  ] 2017-07-27T11:53:17.564343908Z: [    4.195997] pciehp: PCI Express Hot Plug Controller Driver version: 0.4
[STDERR  ] 2017-07-27T11:53:17.564351193Z: [    4.196859] shpchp: Standard Hot Plug PCI Controller Driver version: 0.4
[STDERR  ] 2017-07-27T11:53:17.564362704Z: [    4.197794] hv_vmbus: registering driver hyperv_fb
[STDERR  ] 2017-07-27T11:53:17.564380051Z: [    4.202336] input: Power Button as /devices/LNXSYSTM:00/LNXPWRBN:00/input/input0
[STDERR  ] 2017-07-27T11:53:17.564393667Z: [    4.203515] ACPI: Power Button [PWRF]
[STDERR  ] 2017-07-27T11:53:17.564401728Z: [    4.208499] GHES: HEST is not enabled!
[STDERR  ] 2017-07-27T11:53:17.564409599Z: [    4.221864] ACPI: PCI Interrupt Link [GSIG] enabled at IRQ 22
[STDERR  ] 2017-07-27T11:53:17.56441725Z: [    4.235968] ACPI: PCI Interrupt Link [GSIH] enabled at IRQ 23
[STDERR  ] 2017-07-27T11:53:17.564425388Z: [    4.242547] xenfs: not registering filesystem on non-xen platform
[STDERR  ] 2017-07-27T11:53:17.564433012Z: [    4.244738] Serial: 8250/16550 driver, 4 ports, IRQ sharing disabled
[STDERR  ] 2017-07-27T11:53:17.564440513Z: [    4.269394] 00:04: ttyS0 at I/O 0x3f8 (irq = 4, base_baud = 115200) is a 16550A
[STDERR  ] 2017-07-27T11:53:17.564447742Z: [    4.281778] Non-volatile memory driver v1.3
[STDERR  ] 2017-07-27T11:53:17.564455959Z: [    4.289603] Hangcheck: starting hangcheck timer 0.9.1 (tick is 180 seconds, margin is 60 seconds).
[STDERR  ] 2017-07-27T11:53:17.564464561Z: [    4.329027] loop: module loaded
[STDERR  ] 2017-07-27T11:53:17.564472406Z: [    4.344377] nbd: registered device at major 43
[STDERR  ] 2017-07-27T11:53:17.564483467Z: [    4.388379] lpc_ich 0000:00:1f.0: I/O space for GPIO uninitialized
[STDERR  ] 2017-07-27T11:53:17.564491556Z: [    4.390978] VMware PVSCSI driver - version 1.0.7.0-k
[STDERR  ] 2017-07-27T11:53:17.564499845Z: [    4.391893] hv_vmbus: registering driver hv_storvsc
[STDERR  ] 2017-07-27T11:53:17.564507237Z: [    4.403229] ACPI: PCI Interrupt Link [GSIA] enabled at IRQ 16
[STDERR  ] 2017-07-27T11:53:17.564515494Z: [    4.411774] ahci 0000:00:1f.2: AHCI 0001.0000 32 slots 6 ports 1.5 Gbps 0x3f impl SATA mode
[STDERR  ] 2017-07-27T11:53:17.56452363Z: [    4.412351] ahci 0000:00:1f.2: flags: 64bit ncq only 
[STDERR  ] 2017-07-27T11:53:17.564531865Z: [    4.432871] scsi host0: ahci
[STDERR  ] 2017-07-27T11:53:17.564539566Z: [    4.437999] scsi host1: ahci
[STDERR  ] 2017-07-27T11:53:17.564548579Z: [    4.440648] scsi host2: ahci
[STDERR  ] 2017-07-27T11:53:17.564557134Z: [    4.443000] scsi host3: ahci
[STDERR  ] 2017-07-27T11:53:17.564564802Z: [    4.445322] scsi host4: ahci
[STDERR  ] 2017-07-27T11:53:17.564572899Z: [    4.448278] scsi host5: ahci
[STDERR  ] 2017-07-27T11:53:17.564580313Z: [    4.450795] ata1: SATA max UDMA/133 abar m4096@0xfebd2000 port 0xfebd2100 irq 24
[STDERR  ] 2017-07-27T11:53:17.564587967Z: [    4.451301] ata2: SATA max UDMA/133 abar m4096@0xfebd2000 port 0xfebd2180 irq 24
[STDERR  ] 2017-07-27T11:53:17.564595933Z: [    4.451730] ata3: SATA max UDMA/133 abar m4096@0xfebd2000 port 0xfebd2200 irq 24
[STDERR  ] 2017-07-27T11:53:17.564604039Z: [    4.452137] ata4: SATA max UDMA/133 abar m4096@0xfebd2000 port 0xfebd2280 irq 24
[STDERR  ] 2017-07-27T11:53:17.564612468Z: [    4.452512] ata5: SATA max UDMA/133 abar m4096@0xfebd2000 port 0xfebd2300 irq 24
[STDERR  ] 2017-07-27T11:53:17.564620683Z: [    4.452906] ata6: SATA max UDMA/133 abar m4096@0xfebd2000 port 0xfebd2380 irq 24
[STDERR  ] 2017-07-27T11:53:17.56462883Z: [    4.466240] tun: Universal TUN/TAP device driver, 1.6
[STDERR  ] 2017-07-27T11:53:17.564641819Z: [    4.466690] tun: (C) 1999-2004 Max Krasnyansky <maxk@qualcomm.com>
[STDERR  ] 2017-07-27T11:53:17.564650298Z: [    4.477573] VMware vmxnet3 virtual NIC driver - version 1.4.a.0-k-NAPI
[STDERR  ] 2017-07-27T11:53:17.564658711Z: [    4.478521] hv_vmbus: registering driver hv_netvsc
[STDERR  ] 2017-07-27T11:53:17.564666522Z: [    4.478924] Fusion MPT base driver 3.04.20
[STDERR  ] 2017-07-27T11:53:17.564674412Z: [    4.479177] Copyright (c) 1999-2008 LSI Corporation
[STDERR  ] 2017-07-27T11:53:17.564682664Z: [    4.479799] Fusion MPT SPI Host driver 3.04.20
[STDERR  ] 2017-07-27T11:53:17.564690478Z: [    4.482312] i8042: PNP: PS/2 Controller [PNP0303:KBD,PNP0f13:MOU] at 0x60,0x64 irq 1,12
[STDERR  ] 2017-07-27T11:53:17.564704642Z: [    4.486439] serio: i8042 KBD port at 0x60,0x64 irq 1
[STDERR  ] 2017-07-27T11:53:17.564712712Z: [    4.487203] serio: i8042 AUX port at 0x60,0x64 irq 12
[STDERR  ] 2017-07-27T11:53:17.564720835Z: [    4.490813] hv_vmbus: registering driver hyperv_keyboard
[STDERR  ] 2017-07-27T11:53:17.564728888Z: [    4.493055] mousedev: PS/2 mouse device common for all mice
[STDERR  ] 2017-07-27T11:53:17.564736803Z: [    4.497920] input: AT Translated Set 2 keyboard as /devices/platform/i8042/serio0/input/input1
[STDERR  ] 2017-07-27T11:53:17.564745327Z: [    4.501218] input: PC Speaker as /devices/platform/pcspkr/input/input2
[STDERR  ] 2017-07-27T11:53:17.564760704Z: [    4.504935] rtc_cmos 00:00: RTC can wake from S4
[STDERR  ] 2017-07-27T11:53:17.564773457Z: [    4.508443] rtc_cmos 00:00: rtc core: registered rtc_cmos as rtc0
