[INFO    ] 2017-08-04T13:06:40.570452427Z: Running Test linuxkit.security.ports in /tmp/build/test/cases/030_security/010_ports
[INFO    ] 2017-08-04T13:06:40.570555312Z: Running command: [/bin/sh -x /tmp/build/test/cases/030_security/010_ports/test.sh]
[STDERR  ] 2017-08-04T13:06:40.584526526Z: + set -e
[STDERR  ] 2017-08-04T13:06:40.584632636Z: + . /tmp/build/test/cases/_lib/lib.sh
[STDERR  ] 2017-08-04T13:06:40.584645849Z: + [ -f src/github.com/linuxkit/rtf/lib/lib.sh ]
[STDERR  ] 2017-08-04T13:06:40.584656102Z: + LINUXKIT_TMPDIR=/tmp/build/test/cases/_tmp
[STDERR  ] 2017-08-04T13:06:40.584665321Z: + [ -f /tmp/build/test/cases/_tmp/env.sh ]
[STDERR  ] 2017-08-04T13:06:40.584674566Z: + . /tmp/build/test/cases/_tmp/env.sh
[STDERR  ] 2017-08-04T13:06:40.584686591Z: + export LINUXKIT_EXAMPLES_DIR=/tmp/build/test/cases/../../examples
[STDERR  ] 2017-08-04T13:06:40.584699693Z: + export LINUXKIT_BLUEPRINTS_DIR=/tmp/build/test/cases/../../blueprints
[STDERR  ] 2017-08-04T13:06:40.584708733Z: + RT_CANCEL=253
[STDERR  ] 2017-08-04T13:06:40.584718136Z: + NAME=lsof
[STDERR  ] 2017-08-04T13:06:40.58475446Z: + trap clean_up EXIT
[STDERR  ] 2017-08-04T13:06:40.58476438Z: + moby build -output kernel+initrd -name lsof test.yml
[STDERR  ] 2017-08-04T13:06:40.592570379Z: Extract kernel image: linuxkit/kernel:4.9.40
[STDERR  ] 2017-08-04T13:06:42.367458955Z: Add init containers:
[STDERR  ] 2017-08-04T13:06:42.36752443Z: Process init image: linuxkit/init:906e174b3f2e07f97d6fd693a2e8518e98dafa58
[STDERR  ] 2017-08-04T13:06:43.595397783Z: Process init image: linuxkit/runc:90e45f13e1d0a0983f36ef854621e3eac91cf541
[STDERR  ] 2017-08-04T13:06:44.864408063Z: Add onboot containers:
[STDERR  ] 2017-08-04T13:06:44.864481589Z:   Create OCI config for alpine:3.6
[STDERR  ] 2017-08-04T13:06:45.005391343Z:   Create OCI config for linuxkit/poweroff:1e9876c682c74d0602b7647c628bb0875fb13998
[STDERR  ] 2017-08-04T13:06:46.226659108Z: Add files:
[STDERR  ] 2017-08-04T13:06:46.226718346Z:   check.sh
[STDERR  ] 2017-08-04T13:06:46.257738137Z: Create outputs:
[STDERR  ] 2017-08-04T13:06:49.686901312Z:   lsof-kernel lsof-initrd.img lsof-cmdline
[STDERR  ] 2017-08-04T13:06:49.728158499Z: + linuxkit run qemu -kernel lsof
[STDERR  ] 2017-08-04T13:06:49.746884688Z: Unable to find qemu-system-x86_64 within the $PATH. Using a container
[STDOUT  ] 2017-08-04T13:06:51.710411017Z: [    0.000000] Linux version 4.9.40-linuxkit (root@e1ede117fb1e) (gcc version 6.3.0 (Alpine 6.3.0) ) #1 SMP Wed Aug 2 16:32:58 UTC 2017
[STDOUT  ] 2017-08-04T13:06:51.710639759Z: [    0.000000] Command line: console=ttyS0 page_poison=1
[STDOUT  ] 2017-08-04T13:06:51.710661429Z: [    0.000000] x86/fpu: Legacy x87 FPU detected.
[STDOUT  ] 2017-08-04T13:06:51.711038583Z: [    0.000000] x86/fpu: Using 'eager' FPU context switches.
[STDOUT  ] 2017-08-04T13:06:51.711159857Z: [    0.000000] e820: BIOS-provided physical RAM map:
[STDOUT  ] 2017-08-04T13:06:51.711331129Z: [    0.000000] BIOS-e820: [mem 0x0000000000000000-0x000000000009fbff] usable
[STDOUT  ] 2017-08-04T13:06:51.711671729Z: [    0.000000] BIOS-e820: [mem 0x000000000009fc00-0x000000000009ffff] reserved
[STDOUT  ] 2017-08-04T13:06:51.712021127Z: [    0.000000] BIOS-e820: [mem 0x00000000000f0000-0x00000000000fffff] reserved
[STDOUT  ] 2017-08-04T13:06:51.712246004Z: [    0.000000] BIOS-e820: [mem 0x0000000000100000-0x000000003ffdefff] usable
[STDOUT  ] 2017-08-04T13:06:51.712592344Z: [    0.000000] BIOS-e820: [mem 0x000000003ffdf000-0x000000003fffffff] reserved
[STDOUT  ] 2017-08-04T13:06:51.712761004Z: [    0.000000] BIOS-e820: [mem 0x00000000b0000000-0x00000000bfffffff] reserved
[STDOUT  ] 2017-08-04T13:06:51.713105055Z: [    0.000000] BIOS-e820: [mem 0x00000000fed1c000-0x00000000fed1ffff] reserved
[STDOUT  ] 2017-08-04T13:06:51.713452632Z: [    0.000000] BIOS-e820: [mem 0x00000000fffc0000-0x00000000ffffffff] reserved
[STDOUT  ] 2017-08-04T13:06:51.713623496Z: [    0.000000] NX (Execute Disable) protection: active
[STDOUT  ] 2017-08-04T13:06:51.713798769Z: [    0.000000] SMBIOS 2.8 present.
[STDOUT  ] 2017-08-04T13:06:51.713970641Z: [    0.000000] e820: last_pfn = 0x3ffdf max_arch_pfn = 0x400000000
[STDOUT  ] 2017-08-04T13:06:51.714223286Z: [    0.000000] x86/PAT: Configuration [0-7]: WB  WC  UC- UC  WB  WC  UC- WT  
[STDOUT  ] 2017-08-04T13:06:51.714565562Z: [    0.000000] found SMP MP-table at [mem 0x000f6aa0-0x000f6aaf] mapped at [ffff8c84c00f6aa0]
[STDOUT  ] 2017-08-04T13:06:51.714726889Z: [    0.000000] RAMDISK: [mem 0x3ed78000-0x3ffcffff]
[STDOUT  ] 2017-08-04T13:06:51.714963317Z: [    0.000000] ACPI: Early table checksum verification disabled
[STDOUT  ] 2017-08-04T13:06:51.715179272Z: [    0.000000] ACPI: RSDP 0x00000000000F68C0 000014 (v00 BOCHS )
[STDOUT  ] 2017-08-04T13:06:51.715646469Z: [    0.000000] ACPI: RSDT 0x000000003FFE2404 000034 (v01 BOCHS  BXPCRSDT 00000001 BXPC 00000001)
[STDOUT  ] 2017-08-04T13:06:51.715964477Z: [    0.000000] ACPI: FACP 0x000000003FFE22A4 000074 (v01 BOCHS  BXPCFACP 00000001 BXPC 00000001)
[STDOUT  ] 2017-08-04T13:06:51.71626579Z: [    0.000000] ACPI: DSDT 0x000000003FFE0040 002264 (v01 BOCHS  BXPCDSDT 00000001 BXPC 00000001)
[STDOUT  ] 2017-08-04T13:06:51.716527944Z: [    0.000000] ACPI: FACS 0x000000003FFE0000 000040
[STDOUT  ] 2017-08-04T13:06:51.716844865Z: [    0.000000] ACPI: APIC 0x000000003FFE2318 000078 (v01 BOCHS  BXPCAPIC 00000001 BXPC 00000001)
[STDOUT  ] 2017-08-04T13:06:51.717160055Z: [    0.000000] ACPI: HPET 0x000000003FFE2390 000038 (v01 BOCHS  BXPCHPET 00000001 BXPC 00000001)
[STDOUT  ] 2017-08-04T13:06:51.717462499Z: [    0.000000] ACPI: MCFG 0x000000003FFE23C8 00003C (v01 BOCHS  BXPCMCFG 00000001 BXPC 00000001)
[STDOUT  ] 2017-08-04T13:06:51.717627924Z: [    0.000000] Zone ranges:
[STDOUT  ] 2017-08-04T13:06:51.717793233Z: [    0.000000]   DMA      [mem 0x0000000000001000-0x0000000000ffffff]
[STDOUT  ] 2017-08-04T13:06:51.718108236Z: [    0.000000]   DMA32    [mem 0x0000000001000000-0x000000003ffdefff]
[STDOUT  ] 2017-08-04T13:06:51.718266065Z: [    0.000000]   Normal   empty
[STDOUT  ] 2017-08-04T13:06:51.718496172Z: [    0.000000] Movable zone start for each node
[STDOUT  ] 2017-08-04T13:06:51.718652916Z: [    0.000000] Early memory node ranges
[STDOUT  ] 2017-08-04T13:06:51.718816009Z: [    0.000000]   node   0: [mem 0x0000000000001000-0x000000000009efff]
[STDOUT  ] 2017-08-04T13:06:51.719139959Z: [    0.000000]   node   0: [mem 0x0000000000100000-0x000000003ffdefff]
[STDOUT  ] 2017-08-04T13:06:51.719460871Z: [    0.000000] Initmem setup node 0 [mem 0x0000000000001000-0x000000003ffdefff]
[STDOUT  ] 2017-08-04T13:06:51.719613116Z: [    0.000000] ACPI: PM-Timer IO Port: 0x608
[STDOUT  ] 2017-08-04T13:06:51.719777732Z: [    0.000000] ACPI: LAPIC_NMI (acpi_id[0xff] dfl dfl lint[0x1])
[STDOUT  ] 2017-08-04T13:06:51.720152859Z: [    0.000000] IOAPIC[0]: apic_id 0, version 32, address 0xfec00000, GSI 0-23
[STDOUT  ] 2017-08-04T13:06:51.720308902Z: [    0.000000] ACPI: INT_SRC_OVR (bus 0 bus_irq 0 global_irq 2 dfl dfl)
[STDOUT  ] 2017-08-04T13:06:51.720624077Z: [    0.000000] ACPI: INT_SRC_OVR (bus 0 bus_irq 5 global_irq 5 high level)
[STDOUT  ] 2017-08-04T13:06:51.720928655Z: [    0.000000] ACPI: INT_SRC_OVR (bus 0 bus_irq 9 global_irq 9 high level)
[STDOUT  ] 2017-08-04T13:06:51.721234728Z: [    0.000000] ACPI: INT_SRC_OVR (bus 0 bus_irq 10 global_irq 10 high level)
[STDOUT  ] 2017-08-04T13:06:51.721394591Z: [    0.000000] ACPI: INT_SRC_OVR (bus 0 bus_irq 11 global_irq 11 high level)
[STDOUT  ] 2017-08-04T13:06:51.721701702Z: [    0.000000] Using ACPI (MADT) for SMP configuration information
[STDOUT  ] 2017-08-04T13:06:51.722019609Z: [    0.000000] ACPI: HPET id: 0x8086a201 base: 0xfed00000
[STDOUT  ] 2017-08-04T13:06:51.722167864Z: [    0.000000] smpboot: Allowing 1 CPUs, 0 hotplug CPUs
[STDOUT  ] 2017-08-04T13:06:51.722486881Z: [    0.000000] e820: [mem 0x40000000-0xafffffff] available for PCI devices
[STDOUT  ] 2017-08-04T13:06:51.722638297Z: [    0.000000] Booting paravirtualized kernel on bare hardware
[STDOUT  ] 2017-08-04T13:06:51.723108051Z: [    0.000000] clocksource: refined-jiffies: mask: 0xffffffff max_cycles: 0xffffffff, max_idle_ns: 19112604462750000 ns
[STDOUT  ] 2017-08-04T13:06:51.723330578Z: [    0.000000] setup_percpu: NR_CPUS:128 nr_cpumask_bits:128 nr_cpu_ids:1 nr_node_ids:1
[STDOUT  ] 2017-08-04T13:06:51.723721273Z: [    0.000000] percpu: Embedded 35 pages/cpu @ffff8c84fea00000 s105240 r8192 d29928 u2097152
[STDOUT  ] 2017-08-04T13:06:51.724029114Z: [    0.000000] Built 1 zonelists in Zone order, mobility grouping on.  Total pages: 257896
[STDOUT  ] 2017-08-04T13:06:51.724181973Z: [    0.000000] Kernel command line: console=ttyS0 page_poison=1
[STDOUT  ] 2017-08-04T13:06:51.724491117Z: [    0.000000] PID hash table entries: 4096 (order: 3, 32768 bytes)
[STDOUT  ] 2017-08-04T13:06:51.724819238Z: [    0.000000] Dentry cache hash table entries: 131072 (order: 8, 1048576 bytes)
[STDOUT  ] 2017-08-04T13:06:51.725050906Z: [    0.000000] Inode-cache hash table entries: 65536 (order: 7, 524288 bytes)
[STDOUT  ] 2017-08-04T13:06:51.725951233Z: [    0.000000] Memory: 995396K/1048052K available (8027K kernel code, 1366K rwdata, 2696K rodata, 1380K init, 568K bss, 52656K reserved, 0K cma-reserved)
[STDOUT  ] 2017-08-04T13:06:51.726195327Z: [    0.000000] Hierarchical RCU implementation.
[STDOUT  ] 2017-08-04T13:06:51.726704765Z: [    0.000000] 	Build-time adjustment of leaf fanout to 64.
[STDOUT  ] 2017-08-04T13:06:51.726944416Z: [    0.000000] 	RCU restricting CPUs from NR_CPUS=128 to nr_cpu_ids=1.
[STDOUT  ] 2017-08-04T13:06:51.727120325Z: [    0.000000] RCU: Adjusting geometry for rcu_fanout_leaf=64, nr_cpu_ids=1
[STDOUT  ] 2017-08-04T13:06:51.727690525Z: [    0.000000] NR_IRQS:8448 nr_irqs:256 16
[STDOUT  ] 2017-08-04T13:06:51.72772303Z: [    0.000000] Console: colour VGA+ 80x25
[STDOUT  ] 2017-08-04T13:06:51.727801593Z: [    0.000000] console [ttyS0] enabled
[STDOUT  ] 2017-08-04T13:06:51.730722499Z: [    0.000000] allocated 2097152 bytes of page_ext
[STDOUT  ] 2017-08-04T13:06:51.734800204Z: [    0.000000] clocksource: hpet: mask: 0xffffffff max_cycles: 0xffffffff, max_idle_ns: 19112604467 ns
[STDOUT  ] 2017-08-04T13:06:51.771485007Z: [    0.000000] tsc: Fast TSC calibration using PIT
[STDOUT  ] 2017-08-04T13:06:51.772440973Z: [    0.000000] tsc: Detected 2600.032 MHz processor
[STDOUT  ] 2017-08-04T13:06:51.776052526Z: [    0.022274] Calibrating delay loop (skipped), value calculated using timer frequency.. 5200.06 BogoMIPS (lpj=26000320)
[STDOUT  ] 2017-08-04T13:06:51.776992709Z: [    0.030210] pid_max: default: 32768 minimum: 301
[STDOUT  ] 2017-08-04T13:06:51.778072894Z: [    0.031456] ACPI: Core revision 20160831
[STDOUT  ] 2017-08-04T13:06:51.822712129Z: [    0.075755] ACPI: 1 ACPI AML tables successfully acquired and loaded
[STDOUT  ] 2017-08-04T13:06:51.82812319Z: [    0.081363] Security Framework initialized
[STDOUT  ] 2017-08-04T13:06:51.828580316Z: [    0.081945] Yama: becoming mindful.
[STDOUT  ] 2017-08-04T13:06:51.83086829Z: [    0.084115] Mount-cache hash table entries: 2048 (order: 2, 16384 bytes)
[STDOUT  ] 2017-08-04T13:06:51.831579295Z: [    0.084815] Mountpoint-cache hash table entries: 2048 (order: 2, 16384 bytes)
[STDOUT  ] 2017-08-04T13:06:51.851589138Z: [    0.104567] Last level iTLB entries: 4KB 0, 2MB 0, 4MB 0
[STDOUT  ] 2017-08-04T13:06:51.852077193Z: [    0.105203] Last level dTLB entries: 4KB 0, 2MB 0, 4MB 0, 1GB 0
[STDOUT  ] 2017-08-04T13:06:52.163576713Z: [    0.416428] Freeing SMP alternatives memory: 20K (ffffffff87eb0000 - ffffffff87eb5000)
[STDOUT  ] 2017-08-04T13:06:52.174135398Z: [    0.427339] ftrace: allocating 35481 entries in 139 pages
[STDOUT  ] 2017-08-04T13:06:52.48675173Z: [    0.589810] smpboot: Max logical packages: 1
[STDOUT  ] 2017-08-04T13:06:52.494325104Z: [    0.596856] ..TIMER: vector=0x30 apic1=0 pin1=2 apic2=-1 pin2=-1
[STDOUT  ] 2017-08-04T13:06:52.707869768Z: [    0.700000] smpboot: CPU0: AMD QEMU Virtual CPU version 2.5+ (family: 0x6, model: 0x6, stepping: 0x3)
[STDOUT  ] 2017-08-04T13:06:52.709663897Z: [    0.700000] Performance Events: PMU not available due to virtualization, using software events only.
[STDOUT  ] 2017-08-04T13:06:52.72784279Z: [    0.710350] NMI watchdog: disabled (cpu0): hardware events not enabled
[STDOUT  ] 2017-08-04T13:06:52.728289227Z: [    0.710885] NMI watchdog: Shutting down hard lockup detector on all cpus
[STDOUT  ] 2017-08-04T13:06:52.732133748Z: [    0.714837] x86: Booted up 1 node, 1 CPUs
[STDOUT  ] 2017-08-04T13:06:52.732723861Z: [    0.715318] smpboot: Total of 1 processors activated (5200.06 BogoMIPS)
[STDOUT  ] 2017-08-04T13:06:52.747257641Z: [    0.730078] devtmpfs: initialized
[STDOUT  ] 2017-08-04T13:06:52.754036225Z: [    0.736682] x86/mm: Memory block size: 128MB
[STDOUT  ] 2017-08-04T13:06:52.818771115Z: [    0.801110] clocksource: jiffies: mask: 0xffffffff max_cycles: 0xffffffff, max_idle_ns: 19112604462750000 ns
[STDOUT  ] 2017-08-04T13:06:52.819588594Z: [    0.802213] futex hash table entries: 256 (order: 2, 16384 bytes)
[STDOUT  ] 2017-08-04T13:06:52.830503275Z: [    0.813067] NET: Registered protocol family 16
[STDOUT  ] 2017-08-04T13:06:52.840718779Z: [    0.823495] cpuidle: using governor ladder
[STDOUT  ] 2017-08-04T13:06:52.841128415Z: [    0.823987] cpuidle: using governor menu
[STDOUT  ] 2017-08-04T13:06:52.84299329Z: [    0.825698] ACPI: bus type PCI registered
[STDOUT  ] 2017-08-04T13:06:52.846347474Z: [    0.828810] PCI: MMCONFIG for domain 0000 [bus 00-ff] at [mem 0xb0000000-0xbfffffff] (base 0xb0000000)
[STDOUT  ] 2017-08-04T13:06:52.847163476Z: [    0.829726] PCI: MMCONFIG at [mem 0xb0000000-0xbfffffff] reserved in E820
[STDOUT  ] 2017-08-04T13:06:52.848725841Z: [    0.831006] PCI: Using configuration type 1 for base access
[STDOUT  ] 2017-08-04T13:06:52.903689651Z: [    0.886437] HugeTLB registered 2 MB page size, pre-allocated 0 pages
[STDOUT  ] 2017-08-04T13:06:52.919051845Z: [    0.901601] ACPI: Added _OSI(Module Device)
[STDOUT  ] 2017-08-04T13:06:52.919344804Z: [    0.902029] ACPI: Added _OSI(Processor Device)
[STDOUT  ] 2017-08-04T13:06:52.919729827Z: [    0.902385] ACPI: Added _OSI(3.0 _SCP Extensions)
[STDOUT  ] 2017-08-04T13:06:52.920101446Z: [    0.902760] ACPI: Added _OSI(Processor Aggregator Device)
[STDOUT  ] 2017-08-04T13:06:52.993758537Z: [    0.976473] ACPI: Interpreter enabled
[STDOUT  ] 2017-08-04T13:06:52.994617474Z: [    0.977511] ACPI: (supports S0 S5)
[STDOUT  ] 2017-08-04T13:06:52.995218314Z: [    0.977843] ACPI: Using IOAPIC for interrupt routing
[STDOUT  ] 2017-08-04T13:06:52.998836137Z: [    0.981040] PCI: Using host bridge windows from ACPI; if necessary, use "pci=nocrs" and report a bug
[STDOUT  ] 2017-08-04T13:06:53.069444751Z: [    1.052136] ACPI: PCI Root Bridge [PCI0] (domain 0000 [bus 00-ff])
[STDOUT  ] 2017-08-04T13:06:53.071228494Z: [    1.053325] acpi PNP0A08:00: _OSC: OS supports [ExtendedConfig ASPM ClockPM Segments MSI]
[STDOUT  ] 2017-08-04T13:06:53.078769003Z: [    1.061173] acpi PNP0A08:00: _OSC: OS now controls [PCIeHotplug PME PCIeCapability]
[STDOUT  ] 2017-08-04T13:06:53.082445449Z: [    1.065125] PCI host bridge to bus 0000:00
[STDOUT  ] 2017-08-04T13:06:53.083089991Z: [    1.065750] pci_bus 0000:00: root bus resource [io  0x0000-0x0cf7 window]
[STDOUT  ] 2017-08-04T13:06:53.083561567Z: [    1.066264] pci_bus 0000:00: root bus resource [io  0x0d00-0xffff window]
[STDOUT  ] 2017-08-04T13:06:53.084234314Z: [    1.066762] pci_bus 0000:00: root bus resource [mem 0x000a0000-0x000bffff window]
[STDOUT  ] 2017-08-04T13:06:53.084719751Z: [    1.067347] pci_bus 0000:00: root bus resource [mem 0xc0000000-0xfebfffff window]
[STDOUT  ] 2017-08-04T13:06:53.085282167Z: [    1.068116] pci_bus 0000:00: root bus resource [bus 00-ff]
[STDOUT  ] 2017-08-04T13:06:53.198720821Z: [    1.180261] pci 0000:00:1f.0: quirk: [io  0x0600-0x067f] claimed by ICH6 ACPI/GPIO/TCO
[STDOUT  ] 2017-08-04T13:06:53.262708157Z: [    1.245008] ACPI: PCI Interrupt Link [LNKA] (IRQs 5 *10 11)
[STDOUT  ] 2017-08-04T13:06:53.265440248Z: [    1.247954] ACPI: PCI Interrupt Link [LNKB] (IRQs 5 *10 11)
[STDOUT  ] 2017-08-04T13:06:53.268672205Z: [    1.250711] ACPI: PCI Interrupt Link [LNKC] (IRQs 5 10 *11)
[STDOUT  ] 2017-08-04T13:06:53.270729405Z: [    1.252876] ACPI: PCI Interrupt Link [LNKD] (IRQs 5 10 *11)
[STDOUT  ] 2017-08-04T13:06:53.272642332Z: [    1.254861] ACPI: PCI Interrupt Link [LNKE] (IRQs 5 *10 11)
[STDOUT  ] 2017-08-04T13:06:53.274631395Z: [    1.256807] ACPI: PCI Interrupt Link [LNKF] (IRQs 5 *10 11)
[STDOUT  ] 2017-08-04T13:06:53.276625116Z: [    1.258771] ACPI: PCI Interrupt Link [LNKG] (IRQs 5 10 *11)
[STDOUT  ] 2017-08-04T13:06:53.278914646Z: [    1.261302] ACPI: PCI Interrupt Link [LNKH] (IRQs 5 10 *11)
[STDOUT  ] 2017-08-04T13:06:53.279744565Z: [    1.262438] ACPI: PCI Interrupt Link [GSIA] (IRQs *16)
[STDOUT  ] 2017-08-04T13:06:53.280607382Z: [    1.263229] ACPI: PCI Interrupt Link [GSIB] (IRQs *17)
[STDOUT  ] 2017-08-04T13:06:53.281390592Z: [    1.264010] ACPI: PCI Interrupt Link [GSIC] (IRQs *18)
[STDOUT  ] 2017-08-04T13:06:53.282240763Z: [    1.264803] ACPI: PCI Interrupt Link [GSID] (IRQs *19)
[STDOUT  ] 2017-08-04T13:06:53.28299618Z: [    1.265615] ACPI: PCI Interrupt Link [GSIE] (IRQs *20)
[STDOUT  ] 2017-08-04T13:06:53.283751793Z: [    1.266373] ACPI: PCI Interrupt Link [GSIF] (IRQs *21)
[STDOUT  ] 2017-08-04T13:06:53.284545168Z: [    1.267157] ACPI: PCI Interrupt Link [GSIG] (IRQs *22)
[STDOUT  ] 2017-08-04T13:06:53.285342021Z: [    1.267955] ACPI: PCI Interrupt Link [GSIH] (IRQs *23)
[STDOUT  ] 2017-08-04T13:06:53.289671769Z: [    1.272210] ACPI: Enabled 2 GPEs in block 00 to 3F
[STDOUT  ] 2017-08-04T13:06:53.29417888Z: [    1.277115] SCSI subsystem initialized
[STDOUT  ] 2017-08-04T13:06:53.297478229Z: [    1.280253] ACPI: bus type USB registered
[STDOUT  ] 2017-08-04T13:06:53.298924516Z: [    1.281633] usbcore: registered new interface driver usbfs
[STDOUT  ] 2017-08-04T13:06:53.299896699Z: [    1.282664] usbcore: registered new interface driver hub
[STDOUT  ] 2017-08-04T13:06:53.300879425Z: [    1.283672] usbcore: registered new device driver usb
[STDOUT  ] 2017-08-04T13:06:53.302252468Z: [    1.284950] pps_core: LinuxPPS API ver. 1 registered
[STDOUT  ] 2017-08-04T13:06:53.302723615Z: [    1.285311] pps_core: Software ver. 5.3.6 - Copyright 2005-2007 Rodolfo Giometti <giometti@linux.it>
[STDOUT  ] 2017-08-04T13:06:53.303366791Z: [    1.286177] PTP clock support registered
[STDOUT  ] 2017-08-04T13:06:53.304556225Z: [    1.287460] wmi: Mapper loaded
[STDOUT  ] 2017-08-04T13:06:53.306088021Z: [    1.288803] PCI: Using ACPI for IRQ routing
[STDOUT  ] 2017-08-04T13:06:53.324417351Z: [    1.307175] NetLabel: Initializing
[STDOUT  ] 2017-08-04T13:06:53.324742841Z: [    1.307419] NetLabel:  domain hash size = 128
[STDOUT  ] 2017-08-04T13:06:53.325105732Z: [    1.307828] NetLabel:  protocols = UNLABELED CIPSOv4
[STDOUT  ] 2017-08-04T13:06:53.328251861Z: [    1.311004] NetLabel:  unlabeled traffic allowed by default
[STDOUT  ] 2017-08-04T13:06:53.329751375Z: [    1.312361] HPET: 3 timers in total, 0 timers will be used for per-cpu timer
[STDOUT  ] 2017-08-04T13:06:53.330729778Z: [    1.313231] hpet0: at MMIO 0xfed00000, IRQs 2, 8, 0
[STDOUT  ] 2017-08-04T13:06:53.331044099Z: [    1.313859] hpet0: 3 comparators, 64-bit 100.000000 MHz counter
[STDOUT  ] 2017-08-04T13:06:53.338788089Z: [    1.321450] clocksource: Switched to clocksource hpet
[STDOUT  ] 2017-08-04T13:06:53.6015983Z: [    1.583104] VFS: Disk quotas dquot_6.6.0
[STDOUT  ] 2017-08-04T13:06:53.602592352Z: [    1.583934] VFS: Dquot-cache hash table entries: 512 (order 0, 4096 bytes)
[STDOUT  ] 2017-08-04T13:06:53.606479973Z: [    1.588109] FS-Cache: Loaded
[STDOUT  ] 2017-08-04T13:06:53.611963757Z: [    1.593603] CacheFiles: Loaded
[STDOUT  ] 2017-08-04T13:06:53.6143436Z: [    1.596047] pnp: PnP ACPI init
[STDOUT  ] 2017-08-04T13:06:53.627224618Z: [    1.608477] pnp: PnP ACPI: found 5 devices
[STDOUT  ] 2017-08-04T13:06:53.679331055Z: [    1.660469] clocksource: acpi_pm: mask: 0xffffff max_cycles: 0xffffff, max_idle_ns: 2085701024 ns
[STDOUT  ] 2017-08-04T13:06:53.683404615Z: [    1.664954] NET: Registered protocol family 2
[STDOUT  ] 2017-08-04T13:06:53.691310407Z: [    1.672569] TCP established hash table entries: 8192 (order: 4, 65536 bytes)
[STDOUT  ] 2017-08-04T13:06:53.692131568Z: [    1.673568] TCP bind hash table entries: 8192 (order: 5, 131072 bytes)
[STDOUT  ] 2017-08-04T13:06:53.692914109Z: [    1.674353] TCP: Hash tables configured (established 8192 bind 8192)
[STDOUT  ] 2017-08-04T13:06:53.694843884Z: [    1.676356] UDP hash table entries: 512 (order: 2, 16384 bytes)
[STDOUT  ] 2017-08-04T13:06:53.695630007Z: [    1.677021] UDP-Lite hash table entries: 512 (order: 2, 16384 bytes)
[STDOUT  ] 2017-08-04T13:06:53.697894983Z: [    1.679530] NET: Registered protocol family 1
[STDOUT  ] 2017-08-04T13:06:53.699580454Z: [    1.680835] pci 0000:00:01.0: Video device with shadowed ROM at [mem 0x000c0000-0x000dffff]
[STDOUT  ] 2017-08-04T13:06:53.706383078Z: [    1.687955] Unpacking initramfs...
[STDOUT  ] 2017-08-04T13:06:56.431798215Z: [    4.413025] Freeing initrd memory: 18784K (ffff8c84fed78000 - ffff8c84fffd0000)
[STDOUT  ] 2017-08-04T13:06:56.462629004Z: [    4.444116] PCLMULQDQ-NI instructions are not detected.
[STDOUT  ] 2017-08-04T13:06:56.464286937Z: [    4.445755] AVX or AES-NI instructions are not detected.
[STDOUT  ] 2017-08-04T13:06:56.464812854Z: [    4.446318] CPU feature 'AVX registers' is not supported.
[STDOUT  ] 2017-08-04T13:06:56.465355885Z: [    4.446792] CPU feature 'AVX registers' is not supported.
[STDOUT  ] 2017-08-04T13:06:56.465831254Z: [    4.447284] CPU feature 'AVX registers' is not supported.
[STDOUT  ] 2017-08-04T13:06:56.466310773Z: [    4.447727] CPU feature 'AVX registers' is not supported.
[STDOUT  ] 2017-08-04T13:06:56.466714177Z: [    4.448174] AVX2 or AES-NI instructions are not detected.
[STDOUT  ] 2017-08-04T13:06:56.467137583Z: [    4.448704] AVX2 instructions are not detected.
[STDOUT  ] 2017-08-04T13:06:56.47579552Z: [    4.457039] audit: initializing netlink subsys (disabled)
[STDOUT  ] 2017-08-04T13:06:56.4775331Z: [    4.458918] audit: type=2000 audit(1501852015.450:1): initialized
[STDOUT  ] 2017-08-04T13:06:56.486804126Z: [    4.467996] workingset: timestamp_bits=46 max_order=18 bucket_order=0
[STDOUT  ] 2017-08-04T13:06:56.4947143Z: [    4.476156] FS-Cache: Netfs 'cifs' registered for caching
[STDOUT  ] 2017-08-04T13:06:56.495908751Z: [    4.477338] fuse init (API version 7.26)
[STDOUT  ] 2017-08-04T13:06:56.498933609Z: [    4.480467] SGI XFS with ACLs, security attributes, no debug enabled
[STDOUT  ] 2017-08-04T13:06:56.506522576Z: [    4.487970] 9p: Installing v9fs 9p2000 file system support
[STDOUT  ] 2017-08-04T13:06:56.506968716Z: [    4.488568] FS-Cache: Netfs '9p' registered for caching
[STDOUT  ] 2017-08-04T13:06:56.543308802Z: [    4.524851] NET: Registered protocol family 38
[STDOUT  ] 2017-08-04T13:06:56.543970787Z: [    4.525501] Key type asymmetric registered
[STDOUT  ] 2017-08-04T13:06:56.54437498Z: [    4.525942] Asymmetric key parser 'x509' registered
[STDOUT  ] 2017-08-04T13:06:56.545667571Z: [    4.527056] Block layer SCSI generic (bsg) driver version 0.4 loaded (major 251)
[STDOUT  ] 2017-08-04T13:06:56.547284497Z: [    4.528903] io scheduler noop registered
[STDOUT  ] 2017-08-04T13:06:56.547796649Z: [    4.529295] io scheduler deadline registered (default)
[STDOUT  ] 2017-08-04T13:06:56.548674639Z: [    4.530034] io scheduler cfq registered
[STDOUT  ] 2017-08-04T13:06:56.552599113Z: [    4.534010] pci_hotplug: PCI Hot Plug PCI Core version: 0.5
[STDOUT  ] 2017-08-04T13:06:56.553349521Z: [    4.534786] pciehp: PCI Express Hot Plug Controller Driver version: 0.4
[STDOUT  ] 2017-08-04T13:06:56.554312006Z: [    4.535716] shpchp: Standard Hot Plug PCI Controller Driver version: 0.4
[STDOUT  ] 2017-08-04T13:06:56.555126599Z: [    4.536614] hv_vmbus: registering driver hyperv_fb
[STDOUT  ] 2017-08-04T13:06:56.559944944Z: [    4.540080] input: Power Button as /devices/LNXSYSTM:00/LNXPWRBN:00/input/input0
[STDOUT  ] 2017-08-04T13:06:56.561433067Z: [    4.542897] ACPI: Power Button [PWRF]
[STDOUT  ] 2017-08-04T13:06:56.566420045Z: [    4.547999] GHES: HEST is not enabled!
[STDOUT  ] 2017-08-04T13:06:56.580756527Z: [    4.562151] ACPI: PCI Interrupt Link [GSIG] enabled at IRQ 22
[STDOUT  ] 2017-08-04T13:06:56.595696029Z: [    4.577010] ACPI: PCI Interrupt Link [GSIH] enabled at IRQ 23
[STDOUT  ] 2017-08-04T13:06:56.600352824Z: [    4.581748] xenfs: not registering filesystem on non-xen platform
[STDOUT  ] 2017-08-04T13:06:56.602719604Z: [    4.583988] Serial: 8250/16550 driver, 4 ports, IRQ sharing disabled
[STDOUT  ] 2017-08-04T13:06:56.628350773Z: [    4.609507] 00:04: ttyS0 at I/O 0x3f8 (irq = 4, base_baud = 115200) is a 16550A
[STDOUT  ] 2017-08-04T13:06:56.641568407Z: [    4.623158] Non-volatile memory driver v1.3
[STDOUT  ] 2017-08-04T13:06:56.650626483Z: [    4.631876] Hangcheck: starting hangcheck timer 0.9.1 (tick is 180 seconds, margin is 60 seconds).
[STDOUT  ] 2017-08-04T13:06:56.691003601Z: [    4.672452] loop: module loaded
[STDOUT  ] 2017-08-04T13:06:56.708086978Z: [    4.689528] nbd: registered device at major 43
[STDOUT  ] 2017-08-04T13:06:56.753352292Z: [    4.734848] lpc_ich 0000:00:1f.0: I/O space for GPIO uninitialized
[STDOUT  ] 2017-08-04T13:06:56.755705Z: [    4.737242] VMware PVSCSI driver - version 1.0.7.0-k
[STDOUT  ] 2017-08-04T13:06:56.756714235Z: [    4.738197] hv_vmbus: registering driver hv_storvsc
[STDOUT  ] 2017-08-04T13:06:56.767770894Z: [    4.749127] ACPI: PCI Interrupt Link [GSIA] enabled at IRQ 16
[STDOUT  ] 2017-08-04T13:06:56.774951008Z: [    4.756156] ahci 0000:00:1f.2: AHCI 0001.0000 32 slots 6 ports 1.5 Gbps 0x3f impl SATA mode
[STDOUT  ] 2017-08-04T13:06:56.775683089Z: [    4.757014] ahci 0000:00:1f.2: flags: 64bit ncq only 
[STDOUT  ] 2017-08-04T13:06:56.79658899Z: [    4.778128] scsi host0: ahci
[STDOUT  ] 2017-08-04T13:06:56.802389259Z: [    4.783975] scsi host1: ahci
[STDOUT  ] 2017-08-04T13:06:56.804925259Z: [    4.786576] scsi host2: ahci
[STDOUT  ] 2017-08-04T13:06:56.807275508Z: [    4.788976] scsi host3: ahci
[STDOUT  ] 2017-08-04T13:06:56.810001827Z: [    4.791636] scsi host4: ahci
[STDOUT  ] 2017-08-04T13:06:56.812366814Z: [    4.794047] scsi host5: ahci
[STDOUT  ] 2017-08-04T13:06:56.814667811Z: [    4.795958] ata1: SATA max UDMA/133 abar m4096@0xfebd2000 port 0xfebd2100 irq 24
[STDOUT  ] 2017-08-04T13:06:56.815327272Z: [    4.796538] ata2: SATA max UDMA/133 abar m4096@0xfebd2000 port 0xfebd2180 irq 24
[STDOUT  ] 2017-08-04T13:06:56.815642867Z: [    4.797103] ata3: SATA max UDMA/133 abar m4096@0xfebd2000 port 0xfebd2200 irq 24
[STDOUT  ] 2017-08-04T13:06:56.816231311Z: [    4.797615] ata4: SATA max UDMA/133 abar m4096@0xfebd2000 port 0xfebd2280 irq 24
[STDOUT  ] 2017-08-04T13:06:56.816706698Z: [    4.798152] ata5: SATA max UDMA/133 abar m4096@0xfebd2000 port 0xfebd2300 irq 24
[STDOUT  ] 2017-08-04T13:06:56.817318688Z: [    4.798684] ata6: SATA max UDMA/133 abar m4096@0xfebd2000 port 0xfebd2380 irq 24
[STDOUT  ] 2017-08-04T13:06:56.831710228Z: [    4.813142] tun: Universal TUN/TAP device driver, 1.6
[STDOUT  ] 2017-08-04T13:06:56.832313864Z: [    4.813687] tun: (C) 1999-2004 Max Krasnyansky <maxk@qualcomm.com>
[STDOUT  ] 2017-08-04T13:06:56.843615599Z: [    4.825089] VMware vmxnet3 virtual NIC driver - version 1.4.a.0-k-NAPI
[STDOUT  ] 2017-08-04T13:06:56.844675048Z: [    4.826185] hv_vmbus: registering driver hv_netvsc
[STDOUT  ] 2017-08-04T13:06:56.844999281Z: [    4.826602] Fusion MPT base driver 3.04.20
[STDOUT  ] 2017-08-04T13:06:56.845320418Z: [    4.826938] Copyright (c) 1999-2008 LSI Corporation
[STDOUT  ] 2017-08-04T13:06:56.84611318Z: [    4.827617] Fusion MPT SPI Host driver 3.04.20
[STDOUT  ] 2017-08-04T13:06:56.848788996Z: [    4.829831] i8042: PNP: PS/2 Controller [PNP0303:KBD,PNP0f13:MOU] at 0x60,0x64 irq 1,12
[STDOUT  ] 2017-08-04T13:06:56.853313656Z: [    4.834691] serio: i8042 KBD port at 0x60,0x64 irq 1
[STDOUT  ] 2017-08-04T13:06:56.853882021Z: [    4.835430] serio: i8042 AUX port at 0x60,0x64 irq 12
[STDOUT  ] 2017-08-04T13:06:56.857257231Z: [    4.838644] hv_vmbus: registering driver hyperv_keyboard
[STDOUT  ] 2017-08-04T13:06:56.86005129Z: [    4.841521] mousedev: PS/2 mouse device common for all mice
[STDOUT  ] 2017-08-04T13:06:56.865521192Z: [    4.846524] input: AT Translated Set 2 keyboard as /devices/platform/i8042/serio0/input/input1
[STDOUT  ] 2017-08-04T13:06:56.868711359Z: [    4.849892] input: PC Speaker as /devices/platform/pcspkr/input/input2
[STDOUT  ] 2017-08-04T13:06:56.872546221Z: [    4.853863] rtc_cmos 00:00: RTC can wake from S4
[STDOUT  ] 2017-08-04T13:06:56.876107858Z: [    4.857374] rtc_cmos 00:00: rtc core: registered rtc_cmos as rtc0
[STDOUT  ] 2017-08-04T13:06:56.877519378Z: [    4.858839] rtc_cmos 00:00: alarms up to one day, y3k, 114 bytes nvram, hpet irqs
[STDOUT  ] 2017-08-04T13:06:56.87797174Z: [    4.859683] i2c /dev entries driver
[STDOUT  ] 2017-08-04T13:06:56.881950496Z: [    4.863304] device-mapper: ioctl: 4.35.0-ioctl (2016-06-23) initialised: dm-devel@redhat.com
[STDOUT  ] 2017-08-04T13:06:56.886827692Z: [    4.868308] usbcore: registered new interface driver usbhid
[STDOUT  ] 2017-08-04T13:06:56.887236396Z: [    4.868820] usbhid: USB HID core driver
[STDOUT  ] 2017-08-04T13:06:56.888014169Z: [    4.869488] hv_utils: Registering HyperV Utility Driver
[STDOUT  ] 2017-08-04T13:06:56.888315754Z: [    4.869879] hv_vmbus: registering driver hv_util
[STDOUT  ] 2017-08-04T13:06:56.889109242Z: [    4.870573] hv_vmbus: registering driver hv_balloon
[STDOUT  ] 2017-08-04T13:06:56.889690451Z: [    4.871365] oprofile: using NMI interrupt.
[STDOUT  ] 2017-08-04T13:06:56.890816398Z: [    4.872468] GACT probability on
[STDOUT  ] 2017-08-04T13:06:56.891594664Z: [    4.873071] Mirror/redirect action on
[STDOUT  ] 2017-08-04T13:06:56.892564542Z: [    4.874055] Simple TC action Loaded
[STDOUT  ] 2017-08-04T13:06:56.893349219Z: [    4.875054] u32 classifier
[STDOUT  ] 2017-08-04T13:06:56.893729529Z: [    4.875298]     Performance counters on
[STDOUT  ] 2017-08-04T13:06:56.894046231Z: [    4.875589]     input device check on
[STDOUT  ] 2017-08-04T13:06:56.894197403Z: [    4.875912]     Actions configured
[STDOUT  ] 2017-08-04T13:06:56.89501822Z: [    4.876515] Netfilter messages via NETLINK v0.30.
[STDOUT  ] 2017-08-04T13:06:56.895643693Z: [    4.877228] nfnl_acct: registering with nfnetlink.
[STDOUT  ] 2017-08-04T13:06:56.897189731Z: [    4.878646] nf_conntrack version 0.5.0 (8192 buckets, 32768 max)
[STDOUT  ] 2017-08-04T13:06:56.90069755Z: [    4.882122] ctnetlink v0.93: registering with nfnetlink.
[STDOUT  ] 2017-08-04T13:06:56.904274846Z: [    4.885522] nf_tables: (c) 2007-2009 Patrick McHardy <kaber@trash.net>
[STDOUT  ] 2017-08-04T13:06:56.905205418Z: [    4.886565] nf_tables_compat: (c) 2012 Pablo Neira Ayuso <pablo@netfilter.org>
[STDOUT  ] 2017-08-04T13:06:56.907984318Z: [    4.889489] xt_time: kernel timezone is -0000
[STDOUT  ] 2017-08-04T13:06:56.909004994Z: [    4.890669] ip_set: protocol 6
[STDOUT  ] 2017-08-04T13:06:56.90990377Z: [    4.891370] IPVS: Registered protocols (TCP, UDP, SCTP, AH, ESP)
[STDOUT  ] 2017-08-04T13:06:56.910765714Z: [    4.892086] IPVS: Connection hash table configured (size=4096, memory=64Kbytes)
[STDOUT  ] 2017-08-04T13:06:56.912447638Z: [    4.893943] IPVS: Creating netns size=2104 id=0
[STDOUT  ] 2017-08-04T13:06:56.915062244Z: [    4.896703] IPVS: ipvs loaded.
[STDOUT  ] 2017-08-04T13:06:56.915636745Z: [    4.897156] IPVS: [rr] scheduler registered.
[STDOUT  ] 2017-08-04T13:06:56.91582173Z: [    4.897514] IPVS: [wrr] scheduler registered.
[STDOUT  ] 2017-08-04T13:06:56.916136151Z: [    4.897786] IPVS: [lc] scheduler registered.
[STDOUT  ] 2017-08-04T13:06:56.916445313Z: [    4.898087] IPVS: [wlc] scheduler registered.
[STDOUT  ] 2017-08-04T13:06:56.916754713Z: [    4.898417] IPVS: [fo] scheduler registered.
[STDOUT  ] 2017-08-04T13:06:56.917054406Z: [    4.898717] IPVS: [ovf] scheduler registered.
[STDOUT  ] 2017-08-04T13:06:56.917638812Z: [    4.899207] IPVS: [lblc] scheduler registered.
[STDOUT  ] 2017-08-04T13:06:56.918084282Z: [    4.899661] IPVS: [lblcr] scheduler registered.
[STDOUT  ] 2017-08-04T13:06:56.918610083Z: [    4.900049] IPVS: [dh] scheduler registered.
[STDOUT  ] 2017-08-04T13:06:56.919765319Z: [    4.901189] IPVS: [sh] scheduler registered.
[STDOUT  ] 2017-08-04T13:06:56.919952115Z: [    4.901522] IPVS: [sed] scheduler registered.
[STDOUT  ] 2017-08-04T13:06:56.920315136Z: [    4.901832] IPVS: [nq] scheduler registered.
[STDOUT  ] 2017-08-04T13:06:56.921145235Z: [    4.902656] IPVS: ftp: loaded support on port[0] = 21
[STDOUT  ] 2017-08-04T13:06:56.922171976Z: [    4.903651] ipip: IPv4 and MPLS over IPv4 tunneling driver
[STDOUT  ] 2017-08-04T13:06:56.926725032Z: [    4.908072] gre: GRE over IPv4 demultiplexor driver
[STDOUT  ] 2017-08-04T13:06:56.929881504Z: [    4.911381] ip_tables: (C) 2000-2006 Netfilter Core Team
[STDOUT  ] 2017-08-04T13:06:56.933273318Z: [    4.914741] ipt_CLUSTERIP: ClusterIP Version 0.8 loaded successfully
[STDOUT  ] 2017-08-04T13:06:56.934256169Z: [    4.915609] arp_tables: arp_tables: (C) 2002 David S. Miller
[STDOUT  ] 2017-08-04T13:06:56.936682818Z: [    4.918146] NET: Registered protocol family 10
[STDOUT  ] 2017-08-04T13:06:56.946813151Z: [    4.928186] ip6_tables: (C) 2000-2006 Netfilter Core Team
[STDOUT  ] 2017-08-04T13:06:56.955730654Z: [    4.937314] NET: Registered protocol family 17
[STDOUT  ] 2017-08-04T13:06:56.956978216Z: [    4.938472] Bridge firewalling registered
[STDOUT  ] 2017-08-04T13:06:56.957545042Z: [    4.939118] Ebtables v2.0 registered
[STDOUT  ] 2017-08-04T13:06:56.960059154Z: [    4.941636] 8021q: 802.1Q VLAN Support v1.8
[STDOUT  ] 2017-08-04T13:06:56.961538397Z: [    4.943057] 9pnet: Installing 9P2000 support
[STDOUT  ] 2017-08-04T13:06:56.962951893Z: [    4.944553] Key type dns_resolver registered
[STDOUT  ] 2017-08-04T13:06:56.964096493Z: [    4.945594] microcode: AMD CPU family 0x6 not supported
[STDOUT  ] 2017-08-04T13:06:56.967796097Z: [    4.949346] registered taskstats version 1
[STDOUT  ] 2017-08-04T13:06:57.150894838Z: [    5.132114] ata1: SATA link down (SStatus 0 SControl 300)
[STDOUT  ] 2017-08-04T13:06:57.153972938Z: [    5.135487] ata2: SATA link down (SStatus 0 SControl 300)
[STDOUT  ] 2017-08-04T13:06:57.160958509Z: [    5.142282] ata6: SATA link down (SStatus 0 SControl 300)
[STDOUT  ] 2017-08-04T13:06:57.161383417Z: [    5.142925] ata5: SATA link down (SStatus 0 SControl 300)
[STDOUT  ] 2017-08-04T13:06:57.161920809Z: [    5.143493] ata4: SATA link down (SStatus 0 SControl 300)
[STDOUT  ] 2017-08-04T13:06:57.162873402Z: [    5.144367] ata3: SATA link up 1.5 Gbps (SStatus 113 SControl 300)
[STDOUT  ] 2017-08-04T13:06:57.166513724Z: [    5.147960] ata3.00: ATAPI: QEMU DVD-ROM, 2.5+, max UDMA/100
[STDOUT  ] 2017-08-04T13:06:57.167045991Z: [    5.148626] ata3.00: applying bridge limits
[STDOUT  ] 2017-08-04T13:06:57.174582639Z: [    5.155991] ata3.00: configured for UDMA/100
[STDOUT  ] 2017-08-04T13:06:57.198364295Z: [    5.179494] scsi 2:0:0:0: CD-ROM            QEMU     QEMU DVD-ROM     2.5+ PQ: 0 ANSI: 5
[STDOUT  ] 2017-08-04T13:06:57.221857087Z: [    5.203266] sr 2:0:0:0: [sr0] scsi3-mmc drive: 4x/4x cd/rw xa/form2 tray
[STDOUT  ] 2017-08-04T13:06:57.222693091Z: [    5.204132] cdrom: Uniform CD-ROM driver Revision: 3.20
[STDOUT  ] 2017-08-04T13:06:57.23401796Z: [    5.215589] Key type big_key registered
[STDOUT  ] 2017-08-04T13:06:57.235563219Z: [    5.217074] sr 2:0:0:0: Attached scsi generic sg0 type 5
[STDOUT  ] 2017-08-04T13:06:57.292221694Z: [    5.273798] Key type encrypted registered
[STDOUT  ] 2017-08-04T13:06:57.298797232Z: [    5.279866] rtc_cmos 00:00: setting system clock to 2017-08-04 13:06:57 UTC (1501852017)
[STDOUT  ] 2017-08-04T13:06:57.453197496Z: [    5.434485] Freeing unused kernel memory: 1380K (ffffffff87d57000 - ffffffff87eb0000)
[STDOUT  ] 2017-08-04T13:06:57.453800411Z: [    5.435223] Write protecting the kernel read-only data: 12288k
[STDOUT  ] 2017-08-04T13:06:57.461074704Z: [    5.442405] tsc: Refined TSC clocksource calibration: 2600.019 MHz
[STDOUT  ] 2017-08-04T13:06:57.461846731Z: [    5.443052] clocksource: tsc: mask: 0xffffffffffffffff max_cycles: 0x257a4e070e8, max_idle_ns: 440795213189 ns
[STDOUT  ] 2017-08-04T13:06:57.464178188Z: [    5.445482] Freeing unused kernel memory: 148K (ffff8c84f97db000 - ffff8c84f9800000)
[STDOUT  ] 2017-08-04T13:06:57.59368797Z: [    5.574990] Freeing unused kernel memory: 1400K (ffff8c84f9aa2000 - ffff8c84f9c00000)
[STDOUT  ] 2017-08-04T13:06:58.473668008Z: [    6.455133] clocksource: Switched to clocksource tsc
[STDOUT  ] 2017-08-04T13:07:06.36804043Z: 
[STDOUT  ] 2017-08-04T13:07:06.369391433Z: Welcome to LinuxKit
[STDOUT  ] 2017-08-04T13:07:06.369479126Z: 
[STDOUT  ] 2017-08-04T13:07:06.369845823Z:                         ##         .
[STDOUT  ] 2017-08-04T13:07:06.370190156Z:                   ## ## ##        ==
[STDOUT  ] 2017-08-04T13:07:06.370707229Z:                ## ## ## ## ##    ===
[STDOUT  ] 2017-08-04T13:07:06.37113949Z:            /"""""""""""""""""\___/ ===
[STDOUT  ] 2017-08-04T13:07:06.371503268Z:           {                       /  ===-
[STDOUT  ] 2017-08-04T13:07:06.371849679Z:            \______ O           __/
[STDOUT  ] 2017-08-04T13:07:06.372203692Z:              \    \         __/
[STDOUT  ] 2017-08-04T13:07:06.37253639Z:               \____\_______/
[STDOUT  ] 2017-08-04T13:07:06.372562127Z: 
[STDOUT  ] 2017-08-04T13:07:07.503877464Z: container_linux.go:265: starting container process caused "process_linux.go:348: container init caused \"rootfs_linux.go:57: mounting \\\"/check.sh\\\" to rootfs \\\"/containers/onboot/000-test/rootfs\\\" at \\\"/containers/onboot/000-test/rootfs/check.sh\\\" caused \\\"open /containers/onboot/000-test/rootfs/check.sh: read-only file system\\\"\""
[STDOUT  ] 2017-08-04T13:07:07.536051505Z: 2017/08/04 13:07:06 Error running 000-test: exit status 1
[STDOUT  ] 2017-08-04T13:07:18.816959074Z: [   26.798408] ACPI: Preparing to enter system sleep state S5
[STDOUT  ] 2017-08-04T13:07:18.819566182Z: [   26.801081] reboot: Power down
[STDERR  ] 2017-08-04T13:07:19.116825994Z: + exit 0
[STDERR  ] 2017-08-04T13:07:19.116888405Z: + clean_up
[STDERR  ] 2017-08-04T13:07:19.116899838Z: + rm -rf lsof-cmdline lsof-initrd.img lsof-kernel lsof-state
[PASS    ] linuxkit.security.ports 38.55s
