[INFO    ] 2017-06-15T11:28:36.048129534Z: Running Test linuxkit.packages.binfmt in /tmp/build/test/cases/040_packages/002_binfmt
[INFO    ] 2017-06-15T11:28:36.048210035Z: Running command: [/bin/sh -x /tmp/build/test/cases/040_packages/002_binfmt/test.sh]
[STDERR  ] 2017-06-15T11:28:36.074634009Z: + set -e
[STDERR  ] 2017-06-15T11:28:36.074751166Z: + . /tmp/build/test/cases/_lib/lib.sh
[STDERR  ] 2017-06-15T11:28:36.074818607Z: + [ -f src/github.com/linuxkit/rtf/lib/lib.sh ]
[STDERR  ] 2017-06-15T11:28:36.074852023Z: + LINUXKIT_TMPDIR=/tmp/build/test/cases/_tmp
[STDERR  ] 2017-06-15T11:28:36.074889646Z: + [ -f /tmp/build/test/cases/_tmp/env.sh ]
[STDERR  ] 2017-06-15T11:28:36.074918369Z: + . /tmp/build/test/cases/_tmp/env.sh
[STDERR  ] 2017-06-15T11:28:36.074960236Z: + export LINUXKIT_EXAMPLES_DIR=/tmp/build/test/cases/../../examples
[STDERR  ] 2017-06-15T11:28:36.074999286Z: + RT_CANCEL=253
[STDERR  ] 2017-06-15T11:28:36.075030461Z: + trap clean_up EXIT
[STDERR  ] 2017-06-15T11:28:36.075071179Z: + moby build -output kernel+initrd test-binfmt.yml
[STDERR  ] 2017-06-15T11:28:36.12612647Z: Extract kernel image: linuxkit/kernel:4.9.x
[STDERR  ] 2017-06-15T11:28:37.942818031Z: Add init containers:
[STDERR  ] 2017-06-15T11:28:37.942910245Z: Process init image: linuxkit/init:e9e65f0bc22a37b74a569a4d48a25a7df186cd96
[STDERR  ] 2017-06-15T11:28:39.210716055Z: Process init image: linuxkit/runc:3a4e6cbf15470f62501b019b55e1caac5ee7689f
[STDERR  ] 2017-06-15T11:28:40.544553192Z: Process init image: linuxkit/containerd:395c3d44f6419b1769ef7939f2bf34a4586bd7d3
[STDERR  ] 2017-06-15T11:28:42.162860045Z: Add onboot containers:
[STDERR  ] 2017-06-15T11:28:42.162907009Z:   Create OCI config for linuxkit/binfmt:8ac5535f57f0c6f5fe88317b9d22a7677093c765
[STDERR  ] 2017-06-15T11:28:43.489729232Z:   Create OCI config for alpine:3.6
[STDERR  ] 2017-06-15T11:28:45.006143266Z:   Create OCI config for linuxkit/poweroff:7404cf2295df89ccfa2dda41997a28307a90cf28
[STDERR  ] 2017-06-15T11:28:46.233479832Z: Add files:
[STDERR  ] 2017-06-15T11:28:46.233535104Z:   check.sh
[STDERR  ] 2017-06-15T11:28:46.254090781Z: Create outputs:
[STDERR  ] 2017-06-15T11:28:53.932758497Z:   test-binfmt-kernel test-binfmt-initrd.img test-binfmt-cmdline
[STDERR  ] 2017-06-15T11:28:53.983065838Z: + linuxkit run test-binfmt
[STDERR  ] 2017-06-15T11:28:53.999962916Z: Unable to find qemu-system-x86_64 within the $PATH. Using a container
[STDERR  ] 2017-06-15T11:29:29.424947587Z: + RESULT=[    0.000000] Linux version 4.9.31-linuxkit (root@84baa8e89c00) (gcc version 6.2.1 20160822 (Alpine 6.2.1) ) #1 SMP Wed Jun 7 21:45:43 UTC 2017
[STDERR  ] 2017-06-15T11:29:29.424959729Z: [    0.000000] Command line: console=ttyS0 page_poison=1
[STDERR  ] 2017-06-15T11:29:29.424966641Z: [    0.000000] x86/fpu: Legacy x87 FPU detected.
[STDERR  ] 2017-06-15T11:29:29.424973916Z: [    0.000000] x86/fpu: Using 'eager' FPU context switches.
[STDERR  ] 2017-06-15T11:29:29.424980332Z: [    0.000000] e820: BIOS-provided physical RAM map:
[STDERR  ] 2017-06-15T11:29:29.424986986Z: [    0.000000] BIOS-e820: [mem 0x0000000000000000-0x000000000009fbff] usable
[STDERR  ] 2017-06-15T11:29:29.42499045Z: [    0.000000] BIOS-e820: [mem 0x000000000009fc00-0x000000000009ffff] reserved
[STDERR  ] 2017-06-15T11:29:29.424996865Z: [    0.000000] BIOS-e820: [mem 0x00000000000f0000-0x00000000000fffff] reserved
[STDERR  ] 2017-06-15T11:29:29.425005655Z: [    0.000000] BIOS-e820: [mem 0x0000000000100000-0x000000003ffdefff] usable
[STDERR  ] 2017-06-15T11:29:29.425008678Z: [    0.000000] BIOS-e820: [mem 0x000000003ffdf000-0x000000003fffffff] reserved
[STDERR  ] 2017-06-15T11:29:29.425016855Z: [    0.000000] BIOS-e820: [mem 0x00000000b0000000-0x00000000bfffffff] reserved
[STDERR  ] 2017-06-15T11:29:29.4250197Z: [    0.000000] BIOS-e820: [mem 0x00000000fed1c000-0x00000000fed1ffff] reserved
[STDERR  ] 2017-06-15T11:29:29.425044255Z: [    0.000000] BIOS-e820: [mem 0x00000000fffc0000-0x00000000ffffffff] reserved
[STDERR  ] 2017-06-15T11:29:29.425047638Z: [    0.000000] NX (Execute Disable) protection: active
[STDERR  ] 2017-06-15T11:29:29.42505364Z: [    0.000000] SMBIOS 2.8 present.
[STDERR  ] 2017-06-15T11:29:29.425070878Z: [    0.000000] e820: last_pfn = 0x3ffdf max_arch_pfn = 0x400000000
[STDERR  ] 2017-06-15T11:29:29.425080451Z: [    0.000000] x86/PAT: Configuration [0-7]: WB  WC  UC- UC  WB  WC  UC- WT  
[STDERR  ] 2017-06-15T11:29:29.425094987Z: [    0.000000] found SMP MP-table at [mem 0x000f6aa0-0x000f6aaf] mapped at [ffff8849400f6aa0]
[STDERR  ] 2017-06-15T11:29:29.425103879Z: [    0.000000] RAMDISK: [mem 0x3d9fa000-0x3ffcffff]
[STDERR  ] 2017-06-15T11:29:29.425110097Z: [    0.000000] ACPI: Early table checksum verification disabled
[STDERR  ] 2017-06-15T11:29:29.42511771Z: [    0.000000] ACPI: RSDP 0x00000000000F68C0 000014 (v00 BOCHS )
[STDERR  ] 2017-06-15T11:29:29.425127307Z: [    0.000000] ACPI: RSDT 0x000000003FFE2404 000034 (v01 BOCHS  BXPCRSDT 00000001 BXPC 00000001)
[STDERR  ] 2017-06-15T11:29:29.425137972Z: [    0.000000] ACPI: FACP 0x000000003FFE22A4 000074 (v01 BOCHS  BXPCFACP 00000001 BXPC 00000001)
[STDERR  ] 2017-06-15T11:29:29.425146017Z: [    0.000000] ACPI: DSDT 0x000000003FFE0040 002264 (v01 BOCHS  BXPCDSDT 00000001 BXPC 00000001)
[STDERR  ] 2017-06-15T11:29:29.425151847Z: [    0.000000] ACPI: FACS 0x000000003FFE0000 000040
[STDERR  ] 2017-06-15T11:29:29.425157144Z: [    0.000000] ACPI: APIC 0x000000003FFE2318 000078 (v01 BOCHS  BXPCAPIC 00000001 BXPC 00000001)
[STDERR  ] 2017-06-15T11:29:29.425160009Z: [    0.000000] ACPI: HPET 0x000000003FFE2390 000038 (v01 BOCHS  BXPCHPET 00000001 BXPC 00000001)
[STDERR  ] 2017-06-15T11:29:29.42516501Z: [    0.000000] ACPI: MCFG 0x000000003FFE23C8 00003C (v01 BOCHS  BXPCMCFG 00000001 BXPC 00000001)
[STDERR  ] 2017-06-15T11:29:29.425172937Z: [    0.000000] Zone ranges:
[STDERR  ] 2017-06-15T11:29:29.425178222Z: [    0.000000]   DMA      [mem 0x0000000000001000-0x0000000000ffffff]
[STDERR  ] 2017-06-15T11:29:29.425183525Z: [    0.000000]   DMA32    [mem 0x0000000001000000-0x000000003ffdefff]
[STDERR  ] 2017-06-15T11:29:29.425188827Z: [    0.000000]   Normal   empty
[STDERR  ] 2017-06-15T11:29:29.425194005Z: [    0.000000] Movable zone start for each node
[STDERR  ] 2017-06-15T11:29:29.425198959Z: [    0.000000] Early memory node ranges
[STDERR  ] 2017-06-15T11:29:29.425203926Z: [    0.000000]   node   0: [mem 0x0000000000001000-0x000000000009efff]
[STDERR  ] 2017-06-15T11:29:29.425208778Z: [    0.000000]   node   0: [mem 0x0000000000100000-0x000000003ffdefff]
[STDERR  ] 2017-06-15T11:29:29.425213869Z: [    0.000000] Initmem setup node 0 [mem 0x0000000000001000-0x000000003ffdefff]
[STDERR  ] 2017-06-15T11:29:29.425224499Z: [    0.000000] ACPI: PM-Timer IO Port: 0x608
[STDERR  ] 2017-06-15T11:29:29.425229973Z: [    0.000000] ACPI: LAPIC_NMI (acpi_id[0xff] dfl dfl lint[0x1])
[STDERR  ] 2017-06-15T11:29:29.425235203Z: [    0.000000] IOAPIC[0]: apic_id 0, version 32, address 0xfec00000, GSI 0-23
[STDERR  ] 2017-06-15T11:29:29.425240194Z: [    0.000000] ACPI: INT_SRC_OVR (bus 0 bus_irq 0 global_irq 2 dfl dfl)
[STDERR  ] 2017-06-15T11:29:29.425245273Z: [    0.000000] ACPI: INT_SRC_OVR (bus 0 bus_irq 5 global_irq 5 high level)
[STDERR  ] 2017-06-15T11:29:29.425250204Z: [    0.000000] ACPI: INT_SRC_OVR (bus 0 bus_irq 9 global_irq 9 high level)
[STDERR  ] 2017-06-15T11:29:29.425258739Z: [    0.000000] ACPI: INT_SRC_OVR (bus 0 bus_irq 10 global_irq 10 high level)
[STDERR  ] 2017-06-15T11:29:29.425265618Z: [    0.000000] ACPI: INT_SRC_OVR (bus 0 bus_irq 11 global_irq 11 high level)
[STDERR  ] 2017-06-15T11:29:29.425271016Z: [    0.000000] Using ACPI (MADT) for SMP configuration information
[STDERR  ] 2017-06-15T11:29:29.425276681Z: [    0.000000] ACPI: HPET id: 0x8086a201 base: 0xfed00000
[STDERR  ] 2017-06-15T11:29:29.425286686Z: [    0.000000] smpboot: Allowing 1 CPUs, 0 hotplug CPUs
[STDERR  ] 2017-06-15T11:29:29.425289753Z: [    0.000000] e820: [mem 0x40000000-0xafffffff] available for PCI devices
[STDERR  ] 2017-06-15T11:29:29.425294951Z: [    0.000000] Booting paravirtualized kernel on bare hardware
[STDERR  ] 2017-06-15T11:29:29.42530792Z: [    0.000000] clocksource: refined-jiffies: mask: 0xffffffff max_cycles: 0xffffffff, max_idle_ns: 19112604462750000 ns
[STDERR  ] 2017-06-15T11:29:29.425314077Z: [    0.000000] setup_percpu: NR_CPUS:128 nr_cpumask_bits:128 nr_cpu_ids:1 nr_node_ids:1
[STDERR  ] 2017-06-15T11:29:29.42531974Z: [    0.000000] percpu: Embedded 35 pages/cpu @ffff88497d600000 s105240 r8192 d29928 u2097152
[STDERR  ] 2017-06-15T11:29:29.42533193Z: [    0.000000] Built 1 zonelists in Zone order, mobility grouping on.  Total pages: 257896
[STDERR  ] 2017-06-15T11:29:29.425334685Z: [    0.000000] Kernel command line: console=ttyS0 page_poison=1
[STDERR  ] 2017-06-15T11:29:29.425340143Z: [    0.000000] PID hash table entries: 4096 (order: 3, 32768 bytes)
[STDERR  ] 2017-06-15T11:29:29.425348212Z: [    0.000000] Dentry cache hash table entries: 131072 (order: 8, 1048576 bytes)
[STDERR  ] 2017-06-15T11:29:29.425353423Z: [    0.000000] Inode-cache hash table entries: 65536 (order: 7, 524288 bytes)
[STDERR  ] 2017-06-15T11:29:29.425366295Z: [    0.000000] Memory: 973036K/1048052K available (9526K kernel code, 1595K rwdata, 3120K rodata, 1456K init, 604K bss, 75016K reserved, 0K cma-reserved)
[STDERR  ] 2017-06-15T11:29:29.425372887Z: [    0.000000] Hierarchical RCU implementation.
[STDERR  ] 2017-06-15T11:29:29.425378435Z: [    0.000000] 	Build-time adjustment of leaf fanout to 64.
[STDERR  ] 2017-06-15T11:29:29.42538613Z: [    0.000000] 	RCU restricting CPUs from NR_CPUS=128 to nr_cpu_ids=1.
[STDERR  ] 2017-06-15T11:29:29.42538897Z: [    0.000000] RCU: Adjusting geometry for rcu_fanout_leaf=64, nr_cpu_ids=1
[STDERR  ] 2017-06-15T11:29:29.425396473Z: [    0.000000] NR_IRQS:8448 nr_irqs:256 16
[STDERR  ] 2017-06-15T11:29:29.425399367Z: [    0.000000] Console: colour VGA+ 80x25
[STDERR  ] 2017-06-15T11:29:29.425407173Z: [    0.000000] console [ttyS0] enabled
[STDERR  ] 2017-06-15T11:29:29.425412304Z: [    0.000000] allocated 2097152 bytes of page_ext
[STDERR  ] 2017-06-15T11:29:29.425418972Z: [    0.000000] clocksource: hpet: mask: 0xffffffff max_cycles: 0xffffffff, max_idle_ns: 19112604467 ns
[STDERR  ] 2017-06-15T11:29:29.425426856Z: [    0.000000] tsc: Fast TSC calibration failed
[STDERR  ] 2017-06-15T11:29:29.425432154Z: [    0.000000] tsc: Unable to calibrate against PIT
[STDERR  ] 2017-06-15T11:29:29.425437069Z: [    0.000000] tsc: using HPET reference calibration
[STDERR  ] 2017-06-15T11:29:29.425439674Z: [    0.000000] tsc: Detected 2600.078 MHz processor
[STDERR  ] 2017-06-15T11:29:29.425448112Z: [    0.051365] Calibrating delay loop (skipped), value calculated using timer frequency.. 5200.15 BogoMIPS (lpj=26000780)
[STDERR  ] 2017-06-15T11:29:29.425450654Z: [    0.052806] pid_max: default: 32768 minimum: 301
[STDERR  ] 2017-06-15T11:29:29.425458169Z: [    0.060677] ACPI: Core revision 20160831
[STDERR  ] 2017-06-15T11:29:29.425460831Z: [    0.106195] ACPI: 1 ACPI AML tables successfully acquired and loaded
[STDERR  ] 2017-06-15T11:29:29.425468317Z: [    0.110386] Security Framework initialized
[STDERR  ] 2017-06-15T11:29:29.425470982Z: [    0.110967] Yama: becoming mindful.
[STDERR  ] 2017-06-15T11:29:29.425478477Z: [    0.113124] Mount-cache hash table entries: 2048 (order: 2, 16384 bytes)
[STDERR  ] 2017-06-15T11:29:29.425491094Z: [    0.113895] Mountpoint-cache hash table entries: 2048 (order: 2, 16384 bytes)
[STDERR  ] 2017-06-15T11:29:29.425496641Z: [    0.134180] Last level iTLB entries: 4KB 0, 2MB 0, 4MB 0
[STDERR  ] 2017-06-15T11:29:29.425502451Z: [    0.134933] Last level dTLB entries: 4KB 0, 2MB 0, 4MB 0, 1GB 0
[STDERR  ] 2017-06-15T11:29:29.425508904Z: [    0.506640] Freeing SMP alternatives memory: 24K (ffffffff9b0fc000 - ffffffff9b102000)
[STDERR  ] 2017-06-15T11:29:29.425511624Z: [    0.516642] ftrace: allocating 41866 entries in 164 pages
[STDERR  ] 2017-06-15T11:29:29.425523183Z: [    0.709981] smpboot: Max logical packages: 1
[STDERR  ] 2017-06-15T11:29:29.425529626Z: [    0.716353] ..TIMER: vector=0x30 apic1=0 pin1=2 apic2=-1 pin2=-1
[STDERR  ] 2017-06-15T11:29:29.42553555Z: [    0.820000] smpboot: CPU0: AMD QEMU Virtual CPU version 2.5+ (family: 0x6, model: 0x6, stepping: 0x3)
[STDERR  ] 2017-06-15T11:29:29.425541243Z: [    0.820000] Performance Events: PMU not available due to virtualization, using software events only.
[STDERR  ] 2017-06-15T11:29:29.425549353Z: [    0.831155] NMI watchdog: disabled (cpu0): hardware events not enabled
[STDERR  ] 2017-06-15T11:29:29.425554691Z: [    0.831999] NMI watchdog: Shutting down hard lockup detector on all cpus
[STDERR  ] 2017-06-15T11:29:29.425557453Z: [    0.835000] x86: Booted up 1 node, 1 CPUs
[STDERR  ] 2017-06-15T11:29:29.425562613Z: [    0.835639] smpboot: Total of 1 processors activated (5200.15 BogoMIPS)
[STDERR  ] 2017-06-15T11:29:29.425570988Z: [    0.850788] devtmpfs: initialized
[STDERR  ] 2017-06-15T11:29:29.425577383Z: [    0.856287] x86/mm: Memory block size: 128MB
[STDERR  ] 2017-06-15T11:29:29.425584593Z: [    0.920823] clocksource: jiffies: mask: 0xffffffff max_cycles: 0xffffffff, max_idle_ns: 19112604462750000 ns
[STDERR  ] 2017-06-15T11:29:29.42559046Z: [    0.922361] futex hash table entries: 256 (order: 2, 16384 bytes)
[STDERR  ] 2017-06-15T11:29:29.425595906Z: [    0.932346] NET: Registered protocol family 16
[STDERR  ] 2017-06-15T11:29:29.425599095Z: [    0.943192] cpuidle: using governor ladder
[STDERR  ] 2017-06-15T11:29:29.425606963Z: [    0.944085] cpuidle: using governor menu
[STDERR  ] 2017-06-15T11:29:29.425610833Z: [    0.945641] ACPI: bus type PCI registered
[STDERR  ] 2017-06-15T11:29:29.425621215Z: [    0.948807] PCI: MMCONFIG for domain 0000 [bus 00-ff] at [mem 0xb0000000-0xbfffffff] (base 0xb0000000)
[STDERR  ] 2017-06-15T11:29:29.425626814Z: [    0.950167] PCI: MMCONFIG at [mem 0xb0000000-0xbfffffff] reserved in E820
[STDERR  ] 2017-06-15T11:29:29.425632207Z: [    0.951801] PCI: Using configuration type 1 for base access
[STDERR  ] 2017-06-15T11:29:29.425637512Z: [    1.021046] HugeTLB registered 2 MB page size, pre-allocated 0 pages
[STDERR  ] 2017-06-15T11:29:29.425642772Z: [    1.031714] ACPI: Added _OSI(Module Device)
[STDERR  ] 2017-06-15T11:29:29.425648599Z: [    1.032266] ACPI: Added _OSI(Processor Device)
[STDERR  ] 2017-06-15T11:29:29.425653752Z: [    1.032726] ACPI: Added _OSI(3.0 _SCP Extensions)
[STDERR  ] 2017-06-15T11:29:29.42565913Z: [    1.033166] ACPI: Added _OSI(Processor Aggregator Device)
[STDERR  ] 2017-06-15T11:29:29.425664207Z: [    1.112596] ACPI: Interpreter enabled
[STDERR  ] 2017-06-15T11:29:29.42566922Z: [    1.113783] ACPI: (supports S0 S5)
[STDERR  ] 2017-06-15T11:29:29.425674599Z: [    1.114270] ACPI: Using IOAPIC for interrupt routing
[STDERR  ] 2017-06-15T11:29:29.425680134Z: [    1.116441] PCI: Using host bridge windows from ACPI; if necessary, use "pci=nocrs" and report a bug
[STDERR  ] 2017-06-15T11:29:29.425685122Z: [    1.183519] ACPI: PCI Root Bridge [PCI0] (domain 0000 [bus 00-ff])
[STDERR  ] 2017-06-15T11:29:29.425690202Z: [    1.184936] acpi PNP0A08:00: _OSC: OS supports [ExtendedConfig ASPM ClockPM Segments MSI]
[STDERR  ] 2017-06-15T11:29:29.425692932Z: [    1.191197] acpi PNP0A08:00: _OSC: OS now controls [PCIeHotplug PME PCIeCapability]
[STDERR  ] 2017-06-15T11:29:29.425698052Z: [    1.195289] PCI host bridge to bus 0000:00
[STDERR  ] 2017-06-15T11:29:29.425705684Z: [    1.195971] pci_bus 0000:00: root bus resource [io  0x0000-0x0cf7 window]
[STDERR  ] 2017-06-15T11:29:29.425710512Z: [    1.196640] pci_bus 0000:00: root bus resource [io  0x0d00-0xffff window]
[STDERR  ] 2017-06-15T11:29:29.425717554Z: [    1.197261] pci_bus 0000:00: root bus resource [mem 0x000a0000-0x000bffff window]
[STDERR  ] 2017-06-15T11:29:29.425722492Z: [    1.197938] pci_bus 0000:00: root bus resource [mem 0xc0000000-0xfebfffff window]
[STDERR  ] 2017-06-15T11:29:29.425730398Z: [    1.198850] pci_bus 0000:00: root bus resource [bus 00-ff]
[STDERR  ] 2017-06-15T11:29:29.425735874Z: [    1.298323] pci 0000:00:1f.0: quirk: [io  0x0600-0x067f] claimed by ICH6 ACPI/GPIO/TCO
[STDERR  ] 2017-06-15T11:29:29.425745553Z: [    1.357351] ACPI: PCI Interrupt Link [LNKA] (IRQs 5 *10 11)
[STDERR  ] 2017-06-15T11:29:29.425754974Z: [    1.361145] ACPI: PCI Interrupt Link [LNKB] (IRQs 5 *10 11)
[STDERR  ] 2017-06-15T11:29:29.425757788Z: [    1.363255] ACPI: PCI Interrupt Link [LNKC] (IRQs 5 10 *11)
[STDERR  ] 2017-06-15T11:29:29.425766339Z: [    1.365366] ACPI: PCI Interrupt Link [LNKD] (IRQs 5 10 *11)
[STDERR  ] 2017-06-15T11:29:29.425774534Z: [    1.368118] ACPI: PCI Interrupt Link [LNKE] (IRQs 5 *10 11)
[STDERR  ] 2017-06-15T11:29:29.425777373Z: [    1.372073] ACPI: PCI Interrupt Link [LNKF] (IRQs 5 *10 11)
[STDERR  ] 2017-06-15T11:29:29.425785003Z: [    1.374527] ACPI: PCI Interrupt Link [LNKG] (IRQs 5 10 *11)
[STDERR  ] 2017-06-15T11:29:29.425787594Z: [    1.376969] ACPI: PCI Interrupt Link [LNKH] (IRQs 5 10 *11)
[STDERR  ] 2017-06-15T11:29:29.425795331Z: [    1.378800] ACPI: PCI Interrupt Link [GSIA] (IRQs *16)
[STDERR  ] 2017-06-15T11:29:29.425799401Z: [    1.379773] ACPI: PCI Interrupt Link [GSIB] (IRQs *17)
[STDERR  ] 2017-06-15T11:29:29.425805364Z: [    1.380692] ACPI: PCI Interrupt Link [GSIC] (IRQs *18)
[STDERR  ] 2017-06-15T11:29:29.425813958Z: [    1.381693] ACPI: PCI Interrupt Link [GSID] (IRQs *19)
[STDERR  ] 2017-06-15T11:29:29.425816551Z: [    1.382738] ACPI: PCI Interrupt Link [GSIE] (IRQs *20)
[STDERR  ] 2017-06-15T11:29:29.425824041Z: [    1.383683] ACPI: PCI Interrupt Link [GSIF] (IRQs *21)
[STDERR  ] 2017-06-15T11:29:29.425826551Z: [    1.384631] ACPI: PCI Interrupt Link [GSIG] (IRQs *22)
[STDERR  ] 2017-06-15T11:29:29.4258342Z: [    1.385728] ACPI: PCI Interrupt Link [GSIH] (IRQs *23)
[STDERR  ] 2017-06-15T11:29:29.425839427Z: [    1.390621] ACPI: Enabled 2 GPEs in block 00 to 3F
[STDERR  ] 2017-06-15T11:29:29.425844482Z: [    1.395668] SCSI subsystem initialized
[STDERR  ] 2017-06-15T11:29:29.425847045Z: [    1.399440] pps_core: LinuxPPS API ver. 1 registered
[STDERR  ] 2017-06-15T11:29:29.425854398Z: [    1.400112] pps_core: Software ver. 5.3.6 - Copyright 2005-2007 Rodolfo Giometti <giometti@linux.it>
[STDERR  ] 2017-06-15T11:29:29.425859495Z: [    1.401464] PTP clock support registered
[STDERR  ] 2017-06-15T11:29:29.425867533Z: [    1.403077] wmi: Mapper loaded
[STDERR  ] 2017-06-15T11:29:29.425870938Z: [    1.404526] PCI: Using ACPI for IRQ routing
[STDERR  ] 2017-06-15T11:29:29.425879312Z: [    1.425077] NetLabel: Initializing
[STDERR  ] 2017-06-15T11:29:29.425884522Z: [    1.425624] NetLabel:  domain hash size = 128
[STDERR  ] 2017-06-15T11:29:29.425889402Z: [    1.426079] NetLabel:  protocols = UNLABELED CIPSOv4
[STDERR  ] 2017-06-15T11:29:29.425898333Z: [    1.428574] NetLabel:  unlabeled traffic allowed by default
[STDERR  ] 2017-06-15T11:29:29.425903297Z: [    1.430336] HPET: 3 timers in total, 0 timers will be used for per-cpu timer
[STDERR  ] 2017-06-15T11:29:29.425911842Z: [    1.431476] hpet0: at MMIO 0xfed00000, IRQs 2, 8, 0
[STDERR  ] 2017-06-15T11:29:29.425914423Z: [    1.432203] hpet0: 3 comparators, 64-bit 100.000000 MHz counter
[STDERR  ] 2017-06-15T11:29:29.425922887Z: [    1.439156] clocksource: Switched to clocksource hpet
[STDERR  ] 2017-06-15T11:29:29.425930663Z: [    1.728324] VFS: Disk quotas dquot_6.6.0
[STDERR  ] 2017-06-15T11:29:29.425935883Z: [    1.729442] VFS: Dquot-cache hash table entries: 512 (order 0, 4096 bytes)
[STDERR  ] 2017-06-15T11:29:29.425940844Z: [    1.732738] FS-Cache: Loaded
[STDERR  ] 2017-06-15T11:29:29.425943897Z: [    1.738101] CacheFiles: Loaded
[STDERR  ] 2017-06-15T11:29:29.425949077Z: [    1.740353] pnp: PnP ACPI init
[STDERR  ] 2017-06-15T11:29:29.425956544Z: [    1.753443] pnp: PnP ACPI: found 5 devices
[STDERR  ] 2017-06-15T11:29:29.425961666Z: [    1.805331] clocksource: acpi_pm: mask: 0xffffff max_cycles: 0xffffff, max_idle_ns: 2085701024 ns
[STDERR  ] 2017-06-15T11:29:29.425966919Z: [    1.809096] NET: Registered protocol family 2
[STDERR  ] 2017-06-15T11:29:29.425976436Z: [    1.816920] TCP established hash table entries: 8192 (order: 4, 65536 bytes)
[STDERR  ] 2017-06-15T11:29:29.425982062Z: [    1.818167] TCP bind hash table entries: 8192 (order: 5, 131072 bytes)
[STDERR  ] 2017-06-15T11:29:29.425988359Z: [    1.819533] TCP: Hash tables configured (established 8192 bind 8192)
[STDERR  ] 2017-06-15T11:29:29.425991096Z: [    1.821575] UDP hash table entries: 512 (order: 2, 16384 bytes)
[STDERR  ] 2017-06-15T11:29:29.426001327Z: [    1.822473] UDP-Lite hash table entries: 512 (order: 2, 16384 bytes)
[STDERR  ] 2017-06-15T11:29:29.426003906Z: [    1.825169] NET: Registered protocol family 1
[STDERR  ] 2017-06-15T11:29:29.426011641Z: [    1.829177] RPC: Registered named UNIX socket transport module.
[STDERR  ] 2017-06-15T11:29:29.426016664Z: [    1.829989] RPC: Registered udp transport module.
[STDERR  ] 2017-06-15T11:29:29.426021982Z: [    1.831080] RPC: Registered tcp transport module.
[STDERR  ] 2017-06-15T11:29:29.426026244Z: [    1.831561] RPC: Registered tcp NFSv4.1 backchannel transport module.
[STDERR  ] 2017-06-15T11:29:29.426033756Z: [    1.832727] pci 0000:00:01.0: Video device with shadowed ROM at [mem 0x000c0000-0x000dffff]
[STDERR  ] 2017-06-15T11:29:29.426039469Z: [    1.843814] Unpacking initramfs...
[STDERR  ] 2017-06-15T11:29:29.426044469Z: [    9.833790] Freeing initrd memory: 38744K (ffff88497d9fa000 - ffff88497ffd0000)
[STDERR  ] 2017-06-15T11:29:29.426046995Z: [    9.859425] PCLMULQDQ-NI instructions are not detected.
[STDERR  ] 2017-06-15T11:29:29.42605445Z: [    9.861712] AVX or AES-NI instructions are not detected.
[STDERR  ] 2017-06-15T11:29:29.426059443Z: [    9.862708] CPU feature 'AVX registers' is not supported.
[STDERR  ] 2017-06-15T11:29:29.426064485Z: [    9.863376] CPU feature 'AVX registers' is not supported.
[STDERR  ] 2017-06-15T11:29:29.426067411Z: [    9.864069] CPU feature 'AVX registers' is not supported.
[STDERR  ] 2017-06-15T11:29:29.426072335Z: [    9.864706] CPU feature 'AVX registers' is not supported.
[STDERR  ] 2017-06-15T11:29:29.42607978Z: [    9.865386] AVX2 or AES-NI instructions are not detected.
[STDERR  ] 2017-06-15T11:29:29.426085001Z: [    9.865970] AVX2 instructions are not detected.
[STDERR  ] 2017-06-15T11:29:29.426089095Z: [    9.874085] audit: initializing netlink subsys (disabled)
[STDERR  ] 2017-06-15T11:29:29.426096461Z: [    9.875920] audit: type=2000 audit(1497526144.870:1): initialized
[STDERR  ] 2017-06-15T11:29:29.42609906Z: [    9.887261] workingset: timestamp_bits=46 max_order=18 bucket_order=0
[STDERR  ] 2017-06-15T11:29:29.426106606Z: [    9.895799] FS-Cache: Netfs 'nfs' registered for caching
[STDERR  ] 2017-06-15T11:29:29.426109306Z: [    9.900466] NFS: Registering the id_resolver key type
[STDERR  ] 2017-06-15T11:29:29.426114385Z: [    9.903456] Key type id_resolver registered
[STDERR  ] 2017-06-15T11:29:29.426122218Z: [    9.904490] Key type id_legacy registered
[STDERR  ] 2017-06-15T11:29:29.426127253Z: [    9.905620] nfs4filelayout_init: NFSv4 File Layout Driver Registering...
[STDERR  ] 2017-06-15T11:29:29.426132318Z: [    9.907300] Installing knfsd (copyright (C) 1996 okir@monad.swb.de).
[STDERR  ] 2017-06-15T11:29:29.426135018Z: [    9.914354] FS-Cache: Netfs 'cifs' registered for caching
[STDERR  ] 2017-06-15T11:29:29.426146556Z: [    9.915761] ntfs: driver 2.1.32 [Flags: R/O].
[STDERR  ] 2017-06-15T11:29:29.426154522Z: [    9.916523] fuse init (API version 7.26)
[STDERR  ] 2017-06-15T11:29:29.426159599Z: [    9.919113] SGI XFS with ACLs, security attributes, no debug enabled
[STDERR  ] 2017-06-15T11:29:29.42616317Z: [    9.923781] 9p: Installing v9fs 9p2000 file system support
[STDERR  ] 2017-06-15T11:29:29.426167957Z: [    9.924613] FS-Cache: Netfs '9p' registered for caching
[STDERR  ] 2017-06-15T11:29:29.426175637Z: [    9.959659] NET: Registered protocol family 38
[STDERR  ] 2017-06-15T11:29:29.426180967Z: [    9.961635] Key type asymmetric registered
[STDERR  ] 2017-06-15T11:29:29.426185892Z: [    9.962129] Asymmetric key parser 'x509' registered
[STDERR  ] 2017-06-15T11:29:29.426194354Z: [    9.963305] Block layer SCSI generic (bsg) driver version 0.4 loaded (major 251)
[STDERR  ] 2017-06-15T11:29:29.42619995Z: [    9.964999] io scheduler noop registered
[STDERR  ] 2017-06-15T11:29:29.426206134Z: [    9.965462] io scheduler deadline registered (default)
[STDERR  ] 2017-06-15T11:29:29.426211299Z: [    9.966301] io scheduler cfq registered
[STDERR  ] 2017-06-15T11:29:29.426216482Z: [    9.969106] pci_hotplug: PCI Hot Plug PCI Core version: 0.5
[STDERR  ] 2017-06-15T11:29:29.426222394Z: [    9.969974] pciehp: PCI Express Hot Plug Controller Driver version: 0.4
[STDERR  ] 2017-06-15T11:29:29.426230129Z: [    9.972281] shpchp: Standard Hot Plug PCI Controller Driver version: 0.4
[STDERR  ] 2017-06-15T11:29:29.42623573Z: [    9.973459] hv_vmbus: registering driver hyperv_fb
[STDERR  ] 2017-06-15T11:29:29.426238335Z: [    9.976761] input: Power Button as /devices/LNXSYSTM:00/LNXPWRBN:00/input/input0
[STDERR  ] 2017-06-15T11:29:29.426246507Z: [    9.978143] ACPI: Power Button [PWRF]
[STDERR  ] 2017-06-15T11:29:29.426252775Z: [    9.983617] GHES: HEST is not enabled!
[STDERR  ] 2017-06-15T11:29:29.426258124Z: [   10.000629] ACPI: PCI Interrupt Link [GSIH] enabled at IRQ 23
[STDERR  ] 2017-06-15T11:29:29.426260751Z: [   10.007620] xenfs: not registering filesystem on non-xen platform
[STDERR  ] 2017-06-15T11:29:29.426265741Z: [   10.010612] Serial: 8250/16550 driver, 4 ports, IRQ sharing disabled
[STDERR  ] 2017-06-15T11:29:29.426280403Z: [   10.038461] 00:04: ttyS0 at I/O 0x3f8 (irq = 4, base_baud = 115200) is a 16550A
[STDERR  ] 2017-06-15T11:29:29.426286136Z: [   10.052921] Initializing Nozomi driver 2.1d
[STDERR  ] 2017-06-15T11:29:29.426291636Z: [   10.060001] Non-volatile memory driver v1.3
[STDERR  ] 2017-06-15T11:29:29.426296888Z: [   10.067750] Hangcheck: starting hangcheck timer 0.9.1 (tick is 180 seconds, margin is 60 seconds).
[STDERR  ] 2017-06-15T11:29:29.426299736Z: [   10.109703] loop: module loaded
[STDERR  ] 2017-06-15T11:29:29.426307466Z: [   10.125439] nbd: registered device at major 43
[STDERR  ] 2017-06-15T11:29:29.426316974Z: [   10.170444] lpc_ich 0000:00:1f.0: I/O space for GPIO uninitialized
[STDERR  ] 2017-06-15T11:29:29.426319669Z: [   10.172606] VMware PVSCSI driver - version 1.0.7.0-k
[STDERR  ] 2017-06-15T11:29:29.426327263Z: [   10.173586] hv_vmbus: registering driver hv_storvsc
[STDERR  ] 2017-06-15T11:29:29.426332266Z: [   10.184982] ACPI: PCI Interrupt Link [GSIA] enabled at IRQ 16
[STDERR  ] 2017-06-15T11:29:29.426337396Z: [   10.192143] ahci 0000:00:1f.2: AHCI 0001.0000 32 slots 6 ports 1.5 Gbps 0x3f impl SATA mode
[STDERR  ] 2017-06-15T11:29:29.426342376Z: [   10.193481] ahci 0000:00:1f.2: flags: 64bit ncq only 
[STDERR  ] 2017-06-15T11:29:29.426347709Z: [   10.218154] scsi host0: ahci
[STDERR  ] 2017-06-15T11:29:29.426353148Z: [   10.222590] scsi host1: ahci
[STDERR  ] 2017-06-15T11:29:29.426358624Z: [   10.225315] scsi host2: ahci
[STDERR  ] 2017-06-15T11:29:29.426363663Z: [   10.227824] scsi host3: ahci
[STDERR  ] 2017-06-15T11:29:29.42636787Z: [   10.230578] scsi host4: ahci
[STDERR  ] 2017-06-15T11:29:29.42637533Z: [   10.233035] scsi host5: ahci
[STDERR  ] 2017-06-15T11:29:29.426379468Z: [   10.235081] ata1: SATA max UDMA/133 abar m4096@0xfebf1000 port 0xfebf1100 irq 24
[STDERR  ] 2017-06-15T11:29:29.426387065Z: [   10.235899] ata2: SATA max UDMA/133 abar m4096@0xfebf1000 port 0xfebf1180 irq 24
[STDERR  ] 2017-06-15T11:29:29.426392067Z: [   10.236701] ata3: SATA max UDMA/133 abar m4096@0xfebf1000 port 0xfebf1200 irq 24
[STDERR  ] 2017-06-15T11:29:29.426397015Z: [   10.237395] ata4: SATA max UDMA/133 abar m4096@0xfebf1000 port 0xfebf1280 irq 24
[STDERR  ] 2017-06-15T11:29:29.426399637Z: [   10.238088] ata5: SATA max UDMA/133 abar m4096@0xfebf1000 port 0xfebf1300 irq 24
[STDERR  ] 2017-06-15T11:29:29.426406953Z: [   10.238753] ata6: SATA max UDMA/133 abar m4096@0xfebf1000 port 0xfebf1380 irq 24
[STDERR  ] 2017-06-15T11:29:29.426411895Z: [   10.250816] Ethernet Channel Bonding Driver: v3.7.1 (April 27, 2011)
[STDERR  ] 2017-06-15T11:29:29.426414463Z: [   10.273931] tun: Universal TUN/TAP device driver, 1.6
[STDERR  ] 2017-06-15T11:29:29.426426682Z: [   10.274647] tun: (C) 1999-2004 Max Krasnyansky <maxk@qualcomm.com>
[STDERR  ] 2017-06-15T11:29:29.426431808Z: [   10.276998] ena: Elastic Network Adapter (ENA) v1.0.2
[STDERR  ] 2017-06-15T11:29:29.426436858Z: [   10.279205] e1000: Intel(R) PRO/1000 Network Driver - version 7.3.21-k8-NAPI
[STDERR  ] 2017-06-15T11:29:29.426441975Z: [   10.279948] e1000: Copyright (c) 1999-2006 Intel Corporation.
[STDERR  ] 2017-06-15T11:29:29.426449795Z: [   10.288874] ACPI: PCI Interrupt Link [GSIG] enabled at IRQ 22
[STDERR  ] 2017-06-15T11:29:29.426454805Z: [   10.571314] ata4: SATA link down (SStatus 0 SControl 300)
[STDERR  ] 2017-06-15T11:29:29.426459877Z: [   10.574130] ata3: SATA link up 1.5 Gbps (SStatus 113 SControl 300)
[STDERR  ] 2017-06-15T11:29:29.426462545Z: [   10.578047] ata3.00: ATAPI: QEMU DVD-ROM, 2.5+, max UDMA/100
[STDERR  ] 2017-06-15T11:29:29.426472454Z: [   10.579121] ata3.00: applying bridge limits
[STDERR  ] 2017-06-15T11:29:29.426487877Z: [   10.580891] ata6: SATA link down (SStatus 0 SControl 300)
[STDERR  ] 2017-06-15T11:29:29.426491227Z: [   10.582110] ata2: SATA link down (SStatus 0 SControl 300)
[STDERR  ] 2017-06-15T11:29:29.426498817Z: [   10.582938] ata1: SATA link down (SStatus 0 SControl 300)
[STDERR  ] 2017-06-15T11:29:29.426503921Z: [   10.583739] ata5: SATA link down (SStatus 0 SControl 300)
[STDERR  ] 2017-06-15T11:29:29.426509052Z: [   10.592562] ata3.00: configured for UDMA/100
[STDERR  ] 2017-06-15T11:29:29.426514379Z: [   10.613526] scsi 2:0:0:0: CD-ROM            QEMU     QEMU DVD-ROM     2.5+ PQ: 0 ANSI: 5
[STDERR  ] 2017-06-15T11:29:29.426519546Z: [   10.633344] sr 2:0:0:0: [sr0] scsi3-mmc drive: 4x/4x cd/rw xa/form2 tray
[STDERR  ] 2017-06-15T11:29:29.426524634Z: [   10.634553] cdrom: Uniform CD-ROM driver Revision: 3.20
[STDERR  ] 2017-06-15T11:29:29.426529902Z: [   10.642745] sr 2:0:0:0: Attached scsi generic sg0 type 5
[STDERR  ] 2017-06-15T11:29:29.426535034Z: [   10.694414] e1000 0000:00:02.0 eth0: (PCI:33MHz:32-bit) 52:54:00:12:34:56
[STDERR  ] 2017-06-15T11:29:29.426540421Z: [   10.695530] e1000 0000:00:02.0 eth0: Intel(R) PRO/1000 Network Connection
[STDERR  ] 2017-06-15T11:29:29.426545089Z: [   10.696757] e1000e: Intel(R) PRO/1000 Network Driver - 3.2.6-k
[STDERR  ] 2017-06-15T11:29:29.426550036Z: [   10.697335] e1000e: Copyright(c) 1999 - 2015 Intel Corporation.
[STDERR  ] 2017-06-15T11:29:29.426557652Z: [   10.698610] igb: Intel(R) Gigabit Ethernet Network Driver - version 5.4.0-k
[STDERR  ] 2017-06-15T11:29:29.426566464Z: [   10.699292] igb: Copyright (c) 2007-2014 Intel Corporation.
[STDERR  ] 2017-06-15T11:29:29.426571641Z: [   10.700627] igbvf: Intel(R) Gigabit Virtual Function Network Driver - version 2.4.0-k
[STDERR  ] 2017-06-15T11:29:29.426576871Z: [   10.701391] igbvf: Copyright (c) 2009 - 2012 Intel Corporation.
[STDERR  ] 2017-06-15T11:29:29.426582045Z: [   10.702503] ixgbe: Intel(R) 10 Gigabit PCI Express Network Driver - version 4.4.0-k
[STDERR  ] 2017-06-15T11:29:29.426587075Z: [   10.703257] ixgbe: Copyright (c) 1999-2016 Intel Corporation.
[STDERR  ] 2017-06-15T11:29:29.426592385Z: [   10.705321] ixgbevf: Intel(R) 10 Gigabit PCI Express Virtual Function Network Driver - version 3.2.2-k
[STDERR  ] 2017-06-15T11:29:29.426598053Z: [   10.706236] ixgbevf: Copyright (c) 2009 - 2015 Intel Corporation.
[STDERR  ] 2017-06-15T11:29:29.426603043Z: [   10.708103] ixgb: Intel(R) PRO/10GbE Network Driver - version 1.0.135-k2-NAPI
[STDERR  ] 2017-06-15T11:29:29.426611313Z: [   10.708820] ixgb: Copyright (c) 1999-2008 Intel Corporation.
[STDERR  ] 2017-06-15T11:29:29.426615026Z: [   10.710455] PPP generic driver version 2.4.2
[STDERR  ] 2017-06-15T11:29:29.426623401Z: [   10.712341] PPP BSD Compression module registered
[STDERR  ] 2017-06-15T11:29:29.426630138Z: [   10.712901] PPP Deflate Compression module registered
[STDERR  ] 2017-06-15T11:29:29.42663776Z: [   10.714223] PPP MPPE Compression module registered
[STDERR  ] 2017-06-15T11:29:29.42664045Z: [   10.714753] NET: Registered protocol family 24
[STDERR  ] 2017-06-15T11:29:29.426645248Z: [   10.715605] PPTP driver version 0.8.5
[STDERR  ] 2017-06-15T11:29:29.42665652Z: [   10.716856] VMware vmxnet3 virtual NIC driver - version 1.4.a.0-k-NAPI
[STDERR  ] 2017-06-15T11:29:29.426665283Z: [   10.718097] hv_vmbus: registering driver hv_netvsc
[STDERR  ] 2017-06-15T11:29:29.426670553Z: [   10.718632] Fusion MPT base driver 3.04.20
[STDERR  ] 2017-06-15T11:29:29.426678536Z: [   10.719046] Copyright (c) 1999-2008 LSI Corporation
[STDERR  ] 2017-06-15T11:29:29.426683672Z: [   10.719860] Fusion MPT SPI Host driver 3.04.20
[STDERR  ] 2017-06-15T11:29:29.426688712Z: [   10.726386] aoe: AoE v85 initialised.
[STDERR  ] 2017-06-15T11:29:29.426693765Z: [   10.729479] i8042: PNP: PS/2 Controller [PNP0303:KBD,PNP0f13:MOU] at 0x60,0x64 irq 1,12
[STDERR  ] 2017-06-15T11:29:29.426696574Z: [   10.734797] serio: i8042 KBD port at 0x60,0x64 irq 1
[STDERR  ] 2017-06-15T11:29:29.426701554Z: [   10.736002] serio: i8042 AUX port at 0x60,0x64 irq 12
[STDERR  ] 2017-06-15T11:29:29.426712967Z: [   10.739842] hv_vmbus: registering driver hyperv_keyboard
[STDERR  ] 2017-06-15T11:29:29.426715814Z: [   10.743137] mousedev: PS/2 mouse device common for all mice
[STDERR  ] 2017-06-15T11:29:29.426723192Z: [   10.748924] input: AT Translated Set 2 keyboard as /devices/platform/i8042/serio0/input/input1
[STDERR  ] 2017-06-15T11:29:29.426725942Z: [   10.752560] input: PC Speaker as /devices/platform/pcspkr/input/input2
[STDERR  ] 2017-06-15T11:29:29.426734902Z: [   10.758279] rtc_cmos 00:00: RTC can wake from S4
[STDERR  ] 2017-06-15T11:29:29.426739959Z: [   10.762797] rtc_cmos 00:00: rtc core: registered rtc_cmos as rtc0
[STDERR  ] 2017-06-15T11:29:29.426744805Z: [   10.764850] rtc_cmos 00:00: alarms up to one day, y3k, 114 bytes nvram, hpet irqs
[STDERR  ] 2017-06-15T11:29:29.426749932Z: [   10.766531] i2c /dev entries driver
[STDERR  ] 2017-06-15T11:29:29.426755039Z: [   10.769984] device-mapper: ioctl: 4.35.0-ioctl (2016-06-23) initialised: dm-devel@redhat.com
[STDERR  ] 2017-06-15T11:29:29.426759969Z: [   10.778777] hv_utils: Registering HyperV Utility Driver
[STDERR  ] 2017-06-15T11:29:29.426765029Z: [   10.779584] hv_vmbus: registering driver hv_util
[STDERR  ] 2017-06-15T11:29:29.42677003Z: [   10.780769] hv_vmbus: registering driver hv_balloon
[STDERR  ] 2017-06-15T11:29:29.426775037Z: [   10.781739] oprofile: using NMI interrupt.
[STDERR  ] 2017-06-15T11:29:29.426780352Z: [   10.783181] GACT probability on
[STDERR  ] 2017-06-15T11:29:29.426783232Z: [   10.783821] Mirror/redirect action on
[STDERR  ] 2017-06-15T11:29:29.426788215Z: [   10.784874] Simple TC action Loaded
[STDERR  ] 2017-06-15T11:29:29.426795978Z: [   10.788332] netem: version 1.3
[STDERR  ] 2017-06-15T11:29:29.426800918Z: [   10.788844] u32 classifier
[STDERR  ] 2017-06-15T11:29:29.426805911Z: [   10.789122]     Performance counters on
[STDERR  ] 2017-06-15T11:29:29.426810819Z: [   10.789507]     input device check on
[STDERR  ] 2017-06-15T11:29:29.426815621Z: [   10.789861]     Actions configured
[STDERR  ] 2017-06-15T11:29:29.426820554Z: [   10.791102] Netfilter messages via NETLINK v0.30.
[STDERR  ] 2017-06-15T11:29:29.426825419Z: [   10.791920] nfnl_acct: registering with nfnetlink.
[STDERR  ] 2017-06-15T11:29:29.426827974Z: [   10.793436] nf_conntrack version 0.5.0 (8192 buckets, 32768 max)
[STDERR  ] 2017-06-15T11:29:29.426832789Z: [   10.796649] ctnetlink v0.93: registering with nfnetlink.
[STDERR  ] 2017-06-15T11:29:29.426840026Z: [   10.800060] nf_tables: (c) 2007-2009 Patrick McHardy <kaber@trash.net>
[STDERR  ] 2017-06-15T11:29:29.426844914Z: [   10.801586] nf_tables_compat: (c) 2012 Pablo Neira Ayuso <pablo@netfilter.org>
[STDERR  ] 2017-06-15T11:29:29.426849931Z: [   10.804284] xt_time: kernel timezone is -0000
[STDERR  ] 2017-06-15T11:29:29.426854839Z: [   10.805016] ip_set: protocol 6
[STDERR  ] 2017-06-15T11:29:29.426859739Z: [   10.805811] IPVS: Registered protocols (TCP, UDP, SCTP, AH, ESP)
[STDERR  ] 2017-06-15T11:29:29.426862343Z: [   10.806679] IPVS: Connection hash table configured (size=4096, memory=64Kbytes)
[STDERR  ] 2017-06-15T11:29:29.426867181Z: [   10.808750] IPVS: Creating netns size=2104 id=0
[STDERR  ] 2017-06-15T11:29:29.426878721Z: [   10.812035] IPVS: ipvs loaded.
[STDERR  ] 2017-06-15T11:29:29.426883819Z: [   10.812599] IPVS: [rr] scheduler registered.
[STDERR  ] 2017-06-15T11:29:29.426888788Z: [   10.813072] IPVS: [wrr] scheduler registered.
[STDERR  ] 2017-06-15T11:29:29.426897467Z: [   10.813512] IPVS: [lc] scheduler registered.
[STDERR  ] 2017-06-15T11:29:29.426909892Z: [   10.813925] IPVS: [wlc] scheduler registered.
[STDERR  ] 2017-06-15T11:29:29.426914895Z: [   10.814352] IPVS: [fo] scheduler registered.
[STDERR  ] 2017-06-15T11:29:29.426919805Z: [   10.814762] IPVS: [ovf] scheduler registered.
[STDERR  ] 2017-06-15T11:29:29.42692482Z: [   10.815480] IPVS: [lblc] scheduler registered.
[STDERR  ] 2017-06-15T11:29:29.42692985Z: [   10.816104] IPVS: [lblcr] scheduler registered.
[STDERR  ] 2017-06-15T11:29:29.4269349Z: [   10.816556] IPVS: [dh] scheduler registered.
[STDERR  ] 2017-06-15T11:29:29.426937548Z: [   10.816975] IPVS: [sh] scheduler registered.
[STDERR  ] 2017-06-15T11:29:29.426945105Z: [   10.817401] IPVS: [sed] scheduler registered.
[STDERR  ] 2017-06-15T11:29:29.42694767Z: [   10.817833] IPVS: [nq] scheduler registered.
[STDERR  ] 2017-06-15T11:29:29.42695528Z: [   10.818753] IPVS: ftp: loaded support on port[0] = 21
[STDERR  ] 2017-06-15T11:29:29.426960345Z: [   10.819886] ipip: IPv4 and MPLS over IPv4 tunneling driver
[STDERR  ] 2017-06-15T11:29:29.42696536Z: [   10.824943] gre: GRE over IPv4 demultiplexor driver
[STDERR  ] 2017-06-15T11:29:29.426970388Z: [   10.825538] ip_gre: GRE over IPv4 tunneling driver
[STDERR  ] 2017-06-15T11:29:29.426975378Z: [   10.832172] IPv4 over IPsec tunneling driver
[STDERR  ] 2017-06-15T11:29:29.426980323Z: [   10.839700] ip_tables: (C) 2000-2006 Netfilter Core Team
[STDERR  ] 2017-06-15T11:29:29.426985258Z: [   10.844309] ipt_CLUSTERIP: ClusterIP Version 0.8 loaded successfully
[STDERR  ] 2017-06-15T11:29:29.426990337Z: [   10.845518] arp_tables: arp_tables: (C) 2002 David S. Miller
[STDERR  ] 2017-06-15T11:29:29.426992925Z: [   10.847857] Initializing XFRM netlink socket
[STDERR  ] 2017-06-15T11:29:29.426997808Z: [   10.849422] NET: Registered protocol family 10
[STDERR  ] 2017-06-15T11:29:29.427006194Z: [   10.863927] mip6: Mobile IPv6
[STDERR  ] 2017-06-15T11:29:29.427008922Z: [   10.865387] ip6_tables: (C) 2000-2006 Netfilter Core Team
[STDERR  ] 2017-06-15T11:29:29.427013767Z: [   10.876415] sit: IPv6, IPv4 and MPLS over IPv4 tunneling driver
[STDERR  ] 2017-06-15T11:29:29.427021219Z: [   10.880655] tsc: Refined TSC clocksource calibration: 2600.026 MHz
[STDERR  ] 2017-06-15T11:29:29.427027501Z: [   10.881616] clocksource: tsc: mask: 0xffffffffffffffff max_cycles: 0x257a548b009, max_idle_ns: 440795231168 ns
[STDERR  ] 2017-06-15T11:29:29.427030324Z: [   10.887675] ip6_gre: GRE over IPv6 tunneling driver
[STDERR  ] 2017-06-15T11:29:29.427038532Z: [   10.893055] NET: Registered protocol family 17
[STDERR  ] 2017-06-15T11:29:29.427046232Z: [   10.894259] NET: Registered protocol family 15
[STDERR  ] 2017-06-15T11:29:29.427048881Z: [   10.895488] Bridge firewalling registered
[STDERR  ] 2017-06-15T11:29:29.427056484Z: [   10.896221] Ebtables v2.0 registered
[STDERR  ] 2017-06-15T11:29:29.427061476Z: [   10.899623] l2tp_core: L2TP core driver, V2.0
[STDERR  ] 2017-06-15T11:29:29.427063912Z: [   10.900997] l2tp_ppp: PPPoL2TP kernel driver, V2.0
[STDERR  ] 2017-06-15T11:29:29.427071279Z: [   10.901515] 8021q: 802.1Q VLAN Support v1.8
[STDERR  ] 2017-06-15T11:29:29.427076254Z: [   10.903283] 9pnet: Installing 9P2000 support
[STDERR  ] 2017-06-15T11:29:29.427081299Z: [   10.904585] Key type dns_resolver registered
[STDERR  ] 2017-06-15T11:29:29.427086149Z: [   10.905078] openvswitch: Open vSwitch switching datapath
[STDERR  ] 2017-06-15T11:29:29.427099074Z: [   10.907553] mpls_gso: MPLS GSO support
[STDERR  ] 2017-06-15T11:29:29.427104117Z: [   10.908427] microcode: AMD CPU family 0x6 not supported
[STDERR  ] 2017-06-15T11:29:29.427112105Z: [   10.913082] registered taskstats version 1
[STDERR  ] 2017-06-15T11:29:29.42711772Z: [   11.109245] Key type big_key registered
[STDERR  ] 2017-06-15T11:29:29.427122748Z: [   11.156664] Key type encrypted registered
[STDERR  ] 2017-06-15T11:29:29.427131728Z: [   11.164280] rtc_cmos 00:00: setting system clock to 2017-06-15 11:29:07 UTC (1497526147)
[STDERR  ] 2017-06-15T11:29:29.42713806Z: [   11.320560] Freeing unused kernel memory: 1456K (ffffffff9af90000 - ffffffff9b0fc000)
[STDERR  ] 2017-06-15T11:29:29.427146195Z: [   11.321614] Write protecting the kernel read-only data: 14336k
[STDERR  ] 2017-06-15T11:29:29.427148923Z: [   11.331993] Freeing unused kernel memory: 700K (ffff88495c951000 - ffff88495ca00000)
[STDERR  ] 2017-06-15T11:29:29.427153911Z: [   11.396097] Freeing unused kernel memory: 976K (ffff88495cd0c000 - ffff88495ce00000)
[STDERR  ] 2017-06-15T11:29:29.427161746Z: [   11.900981] clocksource: Switched to clocksource tsc
[STDERR  ] 2017-06-15T11:29:29.4271669Z: 
[STDERR  ] 2017-06-15T11:29:29.427172191Z: Starting containerd
[STDERR  ] 2017-06-15T11:29:29.427177168Z: 
[STDERR  ] 2017-06-15T11:29:29.427182108Z: Welcome to LinuxKit
[STDERR  ] 2017-06-15T11:29:29.427187031Z: 
[STDERR  ] 2017-06-15T11:29:29.427195106Z:                         ##         .
[STDERR  ] 2017-06-15T11:29:29.427202715Z:                   ## ## ##        ==
[STDERR  ] 2017-06-15T11:29:29.427205345Z:                ## ## ## ## ##    ===
[STDERR  ] 2017-06-15T11:29:29.427212845Z:            /"""""""""""""""""\___/ ===
[STDERR  ] 2017-06-15T11:29:29.427215529Z:       ~~~ {~~ ~~~~ ~~~ ~~~~ ~~~ ~ /  ===- ~~~
[STDERR  ] 2017-06-15T11:29:29.427222827Z:            \______ o           __/
[STDERR  ] 2017-06-15T11:29:29.427225445Z:              \    \         __/
[STDERR  ] 2017-06-15T11:29:29.427235292Z:               \____\_______/
[STDERR  ] 2017-06-15T11:29:29.427240317Z: 
[STDERR  ] 2017-06-15T11:29:29.427245324Z: [34mINFO[0m[0000] starting containerd boot...                   [34mmodule[0m=containerd
[STDERR  ] 2017-06-15T11:29:29.427250997Z: [34mINFO[0m[0000] starting debug API...                         [34mdebug[0m="/run/containerd/debug.sock" [34mmodule[0m=containerd
[STDERR  ] 2017-06-15T11:29:29.427256475Z: [34mINFO[0m[0000] loading monitor plugin "cgroups"...           [34mmodule[0m=containerd
[STDERR  ] 2017-06-15T11:29:29.427259125Z: [34mINFO[0m[0000] loading runtime plugin "linux"...             [34mmodule[0m=containerd
[STDERR  ] 2017-06-15T11:29:29.427266517Z: [34mINFO[0m[0000] loading snapshot plugin "snapshot-overlay"...  [34mmodule[0m=containerd
[STDERR  ] 2017-06-15T11:29:29.427271477Z: [34mINFO[0m[0000] loading differ plugin "diff-base"...          [34mmodule[0m=containerd
[STDERR  ] 2017-06-15T11:29:29.427274022Z: [34mINFO[0m[0000] loading grpc service plugin "content-grpc"...  [34mmodule[0m=containerd
[STDOUT  ] 2017-06-15T11:29:29.427441465Z: [    0.000000] Linux version 4.9.31-linuxkit (root@84baa8e89c00) (gcc version 6.2.1 20160822 (Alpine 6.2.1) ) #1 SMP Wed Jun 7 21:45:43 UTC 2017
[STDOUT  ] 2017-06-15T11:29:29.427451948Z: [    0.000000] Command line: console=ttyS0 page_poison=1
[STDOUT  ] 2017-06-15T11:29:29.427457218Z: [    0.000000] x86/fpu: Legacy x87 FPU detected.
[STDOUT  ] 2017-06-15T11:29:29.427462147Z: [    0.000000] x86/fpu: Using 'eager' FPU context switches.
[STDOUT  ] 2017-06-15T11:29:29.427464815Z: [    0.000000] e820: BIOS-provided physical RAM map:
[STDOUT  ] 2017-06-15T11:29:29.427469742Z: [    0.000000] BIOS-e820: [mem 0x0000000000000000-0x000000000009fbff] usable
[STDOUT  ] 2017-06-15T11:29:29.427477435Z: [    0.000000] BIOS-e820: [mem 0x000000000009fc00-0x000000000009ffff] reserved
[STDOUT  ] 2017-06-15T11:29:29.427489555Z: [    0.000000] BIOS-e820: [mem 0x00000000000f0000-0x00000000000fffff] reserved
[STDOUT  ] 2017-06-15T11:29:29.427500332Z: [    0.000000] BIOS-e820: [mem 0x0000000000100000-0x000000003ffdefff] usable
[STDOUT  ] 2017-06-15T11:29:29.427511272Z: [    0.000000] BIOS-e820: [mem 0x000000003ffdf000-0x000000003fffffff] reserved
[STDOUT  ] 2017-06-15T11:29:29.427516922Z: [    0.000000] BIOS-e820: [mem 0x00000000b0000000-0x00000000bfffffff] reserved
[STDOUT  ] 2017-06-15T11:29:29.427526872Z: [    0.000000] BIOS-e820: [mem 0x00000000fed1c000-0x00000000fed1ffff] reserved
[STDOUT  ] 2017-06-15T11:29:29.427531995Z: [    0.000000] BIOS-e820: [mem 0x00000000fffc0000-0x00000000ffffffff] reserved
[STDOUT  ] 2017-06-15T11:29:29.427534593Z: [    0.000000] NX (Execute Disable) protection: active
[STDOUT  ] 2017-06-15T11:29:29.427545494Z: [    0.000000] SMBIOS 2.8 present.
[STDOUT  ] 2017-06-15T11:29:29.427549821Z: [    0.000000] e820: last_pfn = 0x3ffdf max_arch_pfn = 0x400000000
[STDOUT  ] 2017-06-15T11:29:29.427557626Z: [    0.000000] x86/PAT: Configuration [0-7]: WB  WC  UC- UC  WB  WC  UC- WT  
[STDOUT  ] 2017-06-15T11:29:29.427560241Z: [    0.000000] found SMP MP-table at [mem 0x000f6aa0-0x000f6aaf] mapped at [ffff8849400f6aa0]
[STDOUT  ] 2017-06-15T11:29:29.427565371Z: [    0.000000] RAMDISK: [mem 0x3d9fa000-0x3ffcffff]
[STDOUT  ] 2017-06-15T11:29:29.427573082Z: [    0.000000] ACPI: Early table checksum verification disabled
[STDOUT  ] 2017-06-15T11:29:29.427578117Z: [    0.000000] ACPI: RSDP 0x00000000000F68C0 000014 (v00 BOCHS )
[STDOUT  ] 2017-06-15T11:29:29.427583411Z: [    0.000000] ACPI: RSDT 0x000000003FFE2404 000034 (v01 BOCHS  BXPCRSDT 00000001 BXPC 00000001)
[STDOUT  ] 2017-06-15T11:29:29.427588559Z: [    0.000000] ACPI: FACP 0x000000003FFE22A4 000074 (v01 BOCHS  BXPCFACP 00000001 BXPC 00000001)
[STDOUT  ] 2017-06-15T11:29:29.427597972Z: [    0.000000] ACPI: DSDT 0x000000003FFE0040 002264 (v01 BOCHS  BXPCDSDT 00000001 BXPC 00000001)
[STDOUT  ] 2017-06-15T11:29:29.427603181Z: [    0.000000] ACPI: FACS 0x000000003FFE0000 000040
[STDOUT  ] 2017-06-15T11:29:29.427608149Z: [    0.000000] ACPI: APIC 0x000000003FFE2318 000078 (v01 BOCHS  BXPCAPIC 00000001 BXPC 00000001)
[STDOUT  ] 2017-06-15T11:29:29.427613074Z: [    0.000000] ACPI: HPET 0x000000003FFE2390 000038 (v01 BOCHS  BXPCHPET 00000001 BXPC 00000001)
[STDOUT  ] 2017-06-15T11:29:29.427617997Z: [    0.000000] ACPI: MCFG 0x000000003FFE23C8 00003C (v01 BOCHS  BXPCMCFG 00000001 BXPC 00000001)
[STDOUT  ] 2017-06-15T11:29:29.427623366Z: [    0.000000] Zone ranges:
[STDOUT  ] 2017-06-15T11:29:29.427628519Z: [    0.000000]   DMA      [mem 0x0000000000001000-0x0000000000ffffff]
[STDOUT  ] 2017-06-15T11:29:29.427633624Z: [    0.000000]   DMA32    [mem 0x0000000001000000-0x000000003ffdefff]
[STDOUT  ] 2017-06-15T11:29:29.427636262Z: [    0.000000]   Normal   empty
[STDOUT  ] 2017-06-15T11:29:29.427643906Z: [    0.000000] Movable zone start for each node
[STDOUT  ] 2017-06-15T11:29:29.4276465Z: [    0.000000] Early memory node ranges
[STDOUT  ] 2017-06-15T11:29:29.427658118Z: [    0.000000]   node   0: [mem 0x0000000000001000-0x000000000009efff]
[STDOUT  ] 2017-06-15T11:29:29.427663086Z: [    0.000000]   node   0: [mem 0x0000000000100000-0x000000003ffdefff]
[STDOUT  ] 2017-06-15T11:29:29.427665736Z: [    0.000000] Initmem setup node 0 [mem 0x0000000000001000-0x000000003ffdefff]
[STDOUT  ] 2017-06-15T11:29:29.427673071Z: [    0.000000] ACPI: PM-Timer IO Port: 0x608
[STDOUT  ] 2017-06-15T11:29:29.427678041Z: [    0.000000] ACPI: LAPIC_NMI (acpi_id[0xff] dfl dfl lint[0x1])
[STDOUT  ] 2017-06-15T11:29:29.427682901Z: [    0.000000] IOAPIC[0]: apic_id 0, version 32, address 0xfec00000, GSI 0-23
[STDOUT  ] 2017-06-15T11:29:29.42768776Z: [    0.000000] ACPI: INT_SRC_OVR (bus 0 bus_irq 0 global_irq 2 dfl dfl)
[STDOUT  ] 2017-06-15T11:29:29.42769262Z: [    0.000000] ACPI: INT_SRC_OVR (bus 0 bus_irq 5 global_irq 5 high level)
[STDOUT  ] 2017-06-15T11:29:29.427697611Z: [    0.000000] ACPI: INT_SRC_OVR (bus 0 bus_irq 9 global_irq 9 high level)
[STDOUT  ] 2017-06-15T11:29:29.427700063Z: [    0.000000] ACPI: INT_SRC_OVR (bus 0 bus_irq 10 global_irq 10 high level)
[STDOUT  ] 2017-06-15T11:29:29.427707586Z: [    0.000000] ACPI: INT_SRC_OVR (bus 0 bus_irq 11 global_irq 11 high level)
[STDOUT  ] 2017-06-15T11:29:29.427715883Z: [    0.000000] Using ACPI (MADT) for SMP configuration information
[STDOUT  ] 2017-06-15T11:29:29.427721403Z: [    0.000000] ACPI: HPET id: 0x8086a201 base: 0xfed00000
[STDOUT  ] 2017-06-15T11:29:29.427726626Z: [    0.000000] smpboot: Allowing 1 CPUs, 0 hotplug CPUs
[STDOUT  ] 2017-06-15T11:29:29.427729488Z: [    0.000000] e820: [mem 0x40000000-0xafffffff] available for PCI devices
[STDOUT  ] 2017-06-15T11:29:29.42773443Z: [    0.000000] Booting paravirtualized kernel on bare hardware
[STDOUT  ] 2017-06-15T11:29:29.427742573Z: [    0.000000] clocksource: refined-jiffies: mask: 0xffffffff max_cycles: 0xffffffff, max_idle_ns: 19112604462750000 ns
[STDOUT  ] 2017-06-15T11:29:29.42774903Z: [    0.000000] setup_percpu: NR_CPUS:128 nr_cpumask_bits:128 nr_cpu_ids:1 nr_node_ids:1
[STDOUT  ] 2017-06-15T11:29:29.427758179Z: [    0.000000] percpu: Embedded 35 pages/cpu @ffff88497d600000 s105240 r8192 d29928 u2097152
[STDOUT  ] 2017-06-15T11:29:29.42776323Z: [    0.000000] Built 1 zonelists in Zone order, mobility grouping on.  Total pages: 257896
[STDOUT  ] 2017-06-15T11:29:29.427765752Z: [    0.000000] Kernel command line: console=ttyS0 page_poison=1
[STDOUT  ] 2017-06-15T11:29:29.427775549Z: [    0.000000] PID hash table entries: 4096 (order: 3, 32768 bytes)
[STDOUT  ] 2017-06-15T11:29:29.427780839Z: [    0.000000] Dentry cache hash table entries: 131072 (order: 8, 1048576 bytes)
[STDOUT  ] 2017-06-15T11:29:29.427783464Z: [    0.000000] Inode-cache hash table entries: 65536 (order: 7, 524288 bytes)
[STDOUT  ] 2017-06-15T11:29:29.427792439Z: [    0.000000] Memory: 973036K/1048052K available (9526K kernel code, 1595K rwdata, 3120K rodata, 1456K init, 604K bss, 75016K reserved, 0K cma-reserved)
[STDOUT  ] 2017-06-15T11:29:29.427800335Z: [    0.000000] Hierarchical RCU implementation.
[STDOUT  ] 2017-06-15T11:29:29.427809669Z: [    0.000000] 	Build-time adjustment of leaf fanout to 64.
[STDOUT  ] 2017-06-15T11:29:29.427814945Z: [    0.000000] 	RCU restricting CPUs from NR_CPUS=128 to nr_cpu_ids=1.
[STDOUT  ] 2017-06-15T11:29:29.42781763Z: [    0.000000] RCU: Adjusting geometry for rcu_fanout_leaf=64, nr_cpu_ids=1
[STDOUT  ] 2017-06-15T11:29:29.427822652Z: [    0.000000] NR_IRQS:8448 nr_irqs:256 16
[STDOUT  ] 2017-06-15T11:29:29.427830392Z: [    0.000000] Console: colour VGA+ 80x25
[STDOUT  ] 2017-06-15T11:29:29.427840067Z: [    0.000000] console [ttyS0] enabled
[STDOUT  ] 2017-06-15T11:29:29.427845272Z: [    0.000000] allocated 2097152 bytes of page_ext
[STDOUT  ] 2017-06-15T11:29:29.427850472Z: [    0.000000] clocksource: hpet: mask: 0xffffffff max_cycles: 0xffffffff, max_idle_ns: 19112604467 ns
[STDOUT  ] 2017-06-15T11:29:29.427855595Z: [    0.000000] tsc: Fast TSC calibration failed
[STDOUT  ] 2017-06-15T11:29:29.427860736Z: [    0.000000] tsc: Unable to calibrate against PIT
[STDOUT  ] 2017-06-15T11:29:29.427867771Z: [    0.000000] tsc: using HPET reference calibration
[STDOUT  ] 2017-06-15T11:29:29.427872754Z: [    0.000000] tsc: Detected 2600.078 MHz processor
[STDOUT  ] 2017-06-15T11:29:29.427878343Z: [    0.051365] Calibrating delay loop (skipped), value calculated using timer frequency.. 5200.15 BogoMIPS (lpj=26000780)
[STDOUT  ] 2017-06-15T11:29:29.427881153Z: [    0.052806] pid_max: default: 32768 minimum: 301
[STDOUT  ] 2017-06-15T11:29:29.427887348Z: [    0.060677] ACPI: Core revision 20160831
[STDOUT  ] 2017-06-15T11:29:29.427895059Z: [    0.106195] ACPI: 1 ACPI AML tables successfully acquired and loaded
[STDOUT  ] 2017-06-15T11:29:29.427897654Z: [    0.110386] Security Framework initialized
[STDOUT  ] 2017-06-15T11:29:29.427904909Z: [    0.110967] Yama: becoming mindful.
[STDOUT  ] 2017-06-15T11:29:29.427907334Z: [    0.113124] Mount-cache hash table entries: 2048 (order: 2, 16384 bytes)
[STDOUT  ] 2017-06-15T11:29:29.427918811Z: [    0.113895] Mountpoint-cache hash table entries: 2048 (order: 2, 16384 bytes)
[STDOUT  ] 2017-06-15T11:29:29.427923971Z: [    0.134180] Last level iTLB entries: 4KB 0, 2MB 0, 4MB 0
[STDOUT  ] 2017-06-15T11:29:29.427929061Z: [    0.134933] Last level dTLB entries: 4KB 0, 2MB 0, 4MB 0, 1GB 0
[STDOUT  ] 2017-06-15T11:29:29.427937446Z: [    0.506640] Freeing SMP alternatives memory: 24K (ffffffff9b0fc000 - ffffffff9b102000)
[STDOUT  ] 2017-06-15T11:29:29.427942994Z: [    0.516642] ftrace: allocating 41866 entries in 164 pages
[STDOUT  ] 2017-06-15T11:29:29.427948173Z: [    0.709981] smpboot: Max logical packages: 1
[STDOUT  ] 2017-06-15T11:29:29.427953301Z: [    0.716353] ..TIMER: vector=0x30 apic1=0 pin1=2 apic2=-1 pin2=-1
[STDOUT  ] 2017-06-15T11:29:29.427963101Z: [    0.820000] smpboot: CPU0: AMD QEMU Virtual CPU version 2.5+ (family: 0x6, model: 0x6, stepping: 0x3)
[STDOUT  ] 2017-06-15T11:29:29.427969282Z: [    0.820000] Performance Events: PMU not available due to virtualization, using software events only.
[STDOUT  ] 2017-06-15T11:29:29.427975005Z: [    0.831155] NMI watchdog: disabled (cpu0): hardware events not enabled
[STDOUT  ] 2017-06-15T11:29:29.42798291Z: [    0.831999] NMI watchdog: Shutting down hard lockup detector on all cpus
[STDOUT  ] 2017-06-15T11:29:29.427985473Z: [    0.835000] x86: Booted up 1 node, 1 CPUs
[STDOUT  ] 2017-06-15T11:29:29.427993093Z: [    0.835639] smpboot: Total of 1 processors activated (5200.15 BogoMIPS)
[STDOUT  ] 2017-06-15T11:29:29.427998312Z: [    0.850788] devtmpfs: initialized
[STDOUT  ] 2017-06-15T11:29:29.428000865Z: [    0.856287] x86/mm: Memory block size: 128MB
[STDOUT  ] 2017-06-15T11:29:29.428008585Z: [    0.920823] clocksource: jiffies: mask: 0xffffffff max_cycles: 0xffffffff, max_idle_ns: 19112604462750000 ns
[STDOUT  ] 2017-06-15T11:29:29.428011133Z: [    0.922361] futex hash table entries: 256 (order: 2, 16384 bytes)
[STDOUT  ] 2017-06-15T11:29:29.42801872Z: [    0.932346] NET: Registered protocol family 16
[STDOUT  ] 2017-06-15T11:29:29.428023723Z: [    0.943192] cpuidle: using governor ladder
[STDOUT  ] 2017-06-15T11:29:29.428028715Z: [    0.944085] cpuidle: using governor menu
[STDOUT  ] 2017-06-15T11:29:29.428031292Z: [    0.945641] ACPI: bus type PCI registered
[STDOUT  ] 2017-06-15T11:29:29.428038658Z: [    0.948807] PCI: MMCONFIG for domain 0000 [bus 00-ff] at [mem 0xb0000000-0xbfffffff] (base 0xb0000000)
[STDOUT  ] 2017-06-15T11:29:29.428044303Z: [    0.950167] PCI: MMCONFIG at [mem 0xb0000000-0xbfffffff] reserved in E820
[STDOUT  ] 2017-06-15T11:29:29.42804931Z: [    0.951801] PCI: Using configuration type 1 for base access
[STDOUT  ] 2017-06-15T11:29:29.428054145Z: [    1.021046] HugeTLB registered 2 MB page size, pre-allocated 0 pages
[STDOUT  ] 2017-06-15T11:29:29.42805903Z: [    1.031714] ACPI: Added _OSI(Module Device)
[STDOUT  ] 2017-06-15T11:29:29.42806195Z: [    1.032266] ACPI: Added _OSI(Processor Device)
[STDOUT  ] 2017-06-15T11:29:29.42806693Z: [    1.032726] ACPI: Added _OSI(3.0 _SCP Extensions)
[STDOUT  ] 2017-06-15T11:29:29.428074372Z: [    1.033166] ACPI: Added _OSI(Processor Aggregator Device)
[STDOUT  ] 2017-06-15T11:29:29.428079282Z: [    1.112596] ACPI: Interpreter enabled
[STDOUT  ] 2017-06-15T11:29:29.428089692Z: [    1.113783] ACPI: (supports S0 S5)
[STDOUT  ] 2017-06-15T11:29:29.428095047Z: [    1.114270] ACPI: Using IOAPIC for interrupt routing
[STDOUT  ] 2017-06-15T11:29:29.428100602Z: [    1.116441] PCI: Using host bridge windows from ACPI; if necessary, use "pci=nocrs" and report a bug
[STDOUT  ] 2017-06-15T11:29:29.428109854Z: [    1.183519] ACPI: PCI Root Bridge [PCI0] (domain 0000 [bus 00-ff])
[STDOUT  ] 2017-06-15T11:29:29.428114819Z: [    1.184936] acpi PNP0A08:00: _OSC: OS supports [ExtendedConfig ASPM ClockPM Segments MSI]
[STDOUT  ] 2017-06-15T11:29:29.428119687Z: [    1.191197] acpi PNP0A08:00: _OSC: OS now controls [PCIeHotplug PME PCIeCapability]
[STDOUT  ] 2017-06-15T11:29:29.428126144Z: [    1.195289] PCI host bridge to bus 0000:00
[STDOUT  ] 2017-06-15T11:29:29.428132669Z: [    1.195971] pci_bus 0000:00: root bus resource [io  0x0000-0x0cf7 window]
[STDOUT  ] 2017-06-15T11:29:29.428137659Z: [    1.196640] pci_bus 0000:00: root bus resource [io  0x0d00-0xffff window]
[STDOUT  ] 2017-06-15T11:29:29.428140276Z: [    1.197261] pci_bus 0000:00: root bus resource [mem 0x000a0000-0x000bffff window]
[STDOUT  ] 2017-06-15T11:29:29.428150984Z: [    1.197938] pci_bus 0000:00: root bus resource [mem 0xc0000000-0xfebfffff window]
[STDOUT  ] 2017-06-15T11:29:29.428158569Z: [    1.198850] pci_bus 0000:00: root bus resource [bus 00-ff]
[STDOUT  ] 2017-06-15T11:29:29.428166382Z: [    1.298323] pci 0000:00:1f.0: quirk: [io  0x0600-0x067f] claimed by ICH6 ACPI/GPIO/TCO
[STDOUT  ] 2017-06-15T11:29:29.428169147Z: [    1.357351] ACPI: PCI Interrupt Link [LNKA] (IRQs 5 *10 11)
[STDOUT  ] 2017-06-15T11:29:29.428174156Z: [    1.361145] ACPI: PCI Interrupt Link [LNKB] (IRQs 5 *10 11)
[STDOUT  ] 2017-06-15T11:29:29.428184718Z: [    1.363255] ACPI: PCI Interrupt Link [LNKC] (IRQs 5 10 *11)
[STDOUT  ] 2017-06-15T11:29:29.428189793Z: [    1.365366] ACPI: PCI Interrupt Link [LNKD] (IRQs 5 10 *11)
[STDOUT  ] 2017-06-15T11:29:29.428195018Z: [    1.368118] ACPI: PCI Interrupt Link [LNKE] (IRQs 5 *10 11)
[STDOUT  ] 2017-06-15T11:29:29.428200075Z: [    1.372073] ACPI: PCI Interrupt Link [LNKF] (IRQs 5 *10 11)
[STDOUT  ] 2017-06-15T11:29:29.428202863Z: [    1.374527] ACPI: PCI Interrupt Link [LNKG] (IRQs 5 10 *11)
[STDOUT  ] 2017-06-15T11:29:29.42821116Z: [    1.376969] ACPI: PCI Interrupt Link [LNKH] (IRQs 5 10 *11)
[STDOUT  ] 2017-06-15T11:29:29.428218678Z: [    1.378800] ACPI: PCI Interrupt Link [GSIA] (IRQs *16)
[STDOUT  ] 2017-06-15T11:29:29.428223496Z: [    1.379773] ACPI: PCI Interrupt Link [GSIB] (IRQs *17)
[STDOUT  ] 2017-06-15T11:29:29.428228466Z: [    1.380692] ACPI: PCI Interrupt Link [GSIC] (IRQs *18)
[STDOUT  ] 2017-06-15T11:29:29.42823344Z: [    1.381693] ACPI: PCI Interrupt Link [GSID] (IRQs *19)
[STDOUT  ] 2017-06-15T11:29:29.428236218Z: [    1.382738] ACPI: PCI Interrupt Link [GSIE] (IRQs *20)
[STDOUT  ] 2017-06-15T11:29:29.428243535Z: [    1.383683] ACPI: PCI Interrupt Link [GSIF] (IRQs *21)
[STDOUT  ] 2017-06-15T11:29:29.428248611Z: [    1.384631] ACPI: PCI Interrupt Link [GSIG] (IRQs *22)
[STDOUT  ] 2017-06-15T11:29:29.428254775Z: [    1.385728] ACPI: PCI Interrupt Link [GSIH] (IRQs *23)
[STDOUT  ] 2017-06-15T11:29:29.428262558Z: [    1.390621] ACPI: Enabled 2 GPEs in block 00 to 3F
[STDOUT  ] 2017-06-15T11:29:29.428267473Z: [    1.395668] SCSI subsystem initialized
[STDOUT  ] 2017-06-15T11:29:29.428275718Z: [    1.399440] pps_core: LinuxPPS API ver. 1 registered
[STDOUT  ] 2017-06-15T11:29:29.428280756Z: [    1.400112] pps_core: Software ver. 5.3.6 - Copyright 2005-2007 Rodolfo Giometti <giometti@linux.it>
[STDOUT  ] 2017-06-15T11:29:29.428285626Z: [    1.401464] PTP clock support registered
[STDOUT  ] 2017-06-15T11:29:29.428288186Z: [    1.403077] wmi: Mapper loaded
[STDOUT  ] 2017-06-15T11:29:29.428293865Z: [    1.404526] PCI: Using ACPI for IRQ routing
[STDOUT  ] 2017-06-15T11:29:29.428301514Z: [    1.425077] NetLabel: Initializing
[STDOUT  ] 2017-06-15T11:29:29.428306424Z: [    1.425624] NetLabel:  domain hash size = 128
[STDOUT  ] 2017-06-15T11:29:29.42831139Z: [    1.426079] NetLabel:  protocols = UNLABELED CIPSOv4
[STDOUT  ] 2017-06-15T11:29:29.428316309Z: [    1.428574] NetLabel:  unlabeled traffic allowed by default
[STDOUT  ] 2017-06-15T11:29:29.428318945Z: [    1.430336] HPET: 3 timers in total, 0 timers will be used for per-cpu timer
[STDOUT  ] 2017-06-15T11:29:29.42832416Z: [    1.431476] hpet0: at MMIO 0xfed00000, IRQs 2, 8, 0
[STDOUT  ] 2017-06-15T11:29:29.428331697Z: [    1.432203] hpet0: 3 comparators, 64-bit 100.000000 MHz counter
[STDOUT  ] 2017-06-15T11:29:29.428336787Z: [    1.439156] clocksource: Switched to clocksource hpet
[STDOUT  ] 2017-06-15T11:29:29.428341779Z: [    1.728324] VFS: Disk quotas dquot_6.6.0
[STDOUT  ] 2017-06-15T11:29:29.42834673Z: [    1.729442] VFS: Dquot-cache hash table entries: 512 (order 0, 4096 bytes)
[STDOUT  ] 2017-06-15T11:29:29.428351937Z: [    1.732738] FS-Cache: Loaded
[STDOUT  ] 2017-06-15T11:29:29.428357105Z: [    1.738101] CacheFiles: Loaded
[STDOUT  ] 2017-06-15T11:29:29.428362355Z: [    1.740353] pnp: PnP ACPI init
[STDOUT  ] 2017-06-15T11:29:29.428367259Z: [    1.753443] pnp: PnP ACPI: found 5 devices
[STDOUT  ] 2017-06-15T11:29:29.428369779Z: [    1.805331] clocksource: acpi_pm: mask: 0xffffff max_cycles: 0xffffff, max_idle_ns: 2085701024 ns
[STDOUT  ] 2017-06-15T11:29:29.428377777Z: [    1.809096] NET: Registered protocol family 2
[STDOUT  ] 2017-06-15T11:29:29.428385522Z: [    1.816920] TCP established hash table entries: 8192 (order: 4, 65536 bytes)
[STDOUT  ] 2017-06-15T11:29:29.428390477Z: [    1.818167] TCP bind hash table entries: 8192 (order: 5, 131072 bytes)
[STDOUT  ] 2017-06-15T11:29:29.428395467Z: [    1.819533] TCP: Hash tables configured (established 8192 bind 8192)
[STDOUT  ] 2017-06-15T11:29:29.428403249Z: [    1.821575] UDP hash table entries: 512 (order: 2, 16384 bytes)
[STDOUT  ] 2017-06-15T11:29:29.428405886Z: [    1.822473] UDP-Lite hash table entries: 512 (order: 2, 16384 bytes)
[STDOUT  ] 2017-06-15T11:29:29.428413231Z: [    1.825169] NET: Registered protocol family 1
[STDOUT  ] 2017-06-15T11:29:29.428418116Z: [    1.829177] RPC: Registered named UNIX socket transport module.
[STDOUT  ] 2017-06-15T11:29:29.428426611Z: [    1.829989] RPC: Registered udp transport module.
[STDOUT  ] 2017-06-15T11:29:29.428429274Z: [    1.831080] RPC: Registered tcp transport module.
[STDOUT  ] 2017-06-15T11:29:29.428436641Z: [    1.831561] RPC: Registered tcp NFSv4.1 backchannel transport module.
[STDOUT  ] 2017-06-15T11:29:29.428439198Z: [    1.832727] pci 0000:00:01.0: Video device with shadowed ROM at [mem 0x000c0000-0x000dffff]
[STDOUT  ] 2017-06-15T11:29:29.428444279Z: [    1.843814] Unpacking initramfs...
[STDOUT  ] 2017-06-15T11:29:29.428451686Z: [    9.833790] Freeing initrd memory: 38744K (ffff88497d9fa000 - ffff88497ffd0000)
[STDOUT  ] 2017-06-15T11:29:29.428454406Z: [    9.859425] PCLMULQDQ-NI instructions are not detected.
[STDOUT  ] 2017-06-15T11:29:29.428459361Z: [    9.861712] AVX or AES-NI instructions are not detected.
[STDOUT  ] 2017-06-15T11:29:29.428468016Z: [    9.862708] CPU feature 'AVX registers' is not supported.
[STDOUT  ] 2017-06-15T11:29:29.428473109Z: [    9.863376] CPU feature 'AVX registers' is not supported.
[STDOUT  ] 2017-06-15T11:29:29.428478194Z: [    9.864069] CPU feature 'AVX registers' is not supported.
[STDOUT  ] 2017-06-15T11:29:29.428485129Z: [    9.864706] CPU feature 'AVX registers' is not supported.
[STDOUT  ] 2017-06-15T11:29:29.428495318Z: [    9.865386] AVX2 or AES-NI instructions are not detected.
[STDOUT  ] 2017-06-15T11:29:29.428497968Z: [    9.865970] AVX2 instructions are not detected.
[STDOUT  ] 2017-06-15T11:29:29.428505845Z: [    9.874085] audit: initializing netlink subsys (disabled)
[STDOUT  ] 2017-06-15T11:29:29.428510875Z: [    9.875920] audit: type=2000 audit(1497526144.870:1): initialized
[STDOUT  ] 2017-06-15T11:29:29.42851601Z: [    9.887261] workingset: timestamp_bits=46 max_order=18 bucket_order=0
[STDOUT  ] 2017-06-15T11:29:29.428521027Z: [    9.895799] FS-Cache: Netfs 'nfs' registered for caching
[STDOUT  ] 2017-06-15T11:29:29.428526173Z: [    9.900466] NFS: Registering the id_resolver key type
[STDOUT  ] 2017-06-15T11:29:29.428528807Z: [    9.903456] Key type id_resolver registered
[STDOUT  ] 2017-06-15T11:29:29.428539722Z: [    9.904490] Key type id_legacy registered
[STDOUT  ] 2017-06-15T11:29:29.428542317Z: [    9.905620] nfs4filelayout_init: NFSv4 File Layout Driver Registering...
[STDOUT  ] 2017-06-15T11:29:29.428549858Z: [    9.907300] Installing knfsd (copyright (C) 1996 okir@monad.swb.de).
[STDOUT  ] 2017-06-15T11:29:29.428554867Z: [    9.914354] FS-Cache: Netfs 'cifs' registered for caching
[STDOUT  ] 2017-06-15T11:29:29.428559902Z: [    9.915761] ntfs: driver 2.1.32 [Flags: R/O].
[STDOUT  ] 2017-06-15T11:29:29.42856519Z: [    9.916523] fuse init (API version 7.26)
[STDOUT  ] 2017-06-15T11:29:29.428570272Z: [    9.919113] SGI XFS with ACLs, security attributes, no debug enabled
[STDOUT  ] 2017-06-15T11:29:29.428575425Z: [    9.923781] 9p: Installing v9fs 9p2000 file system support
[STDOUT  ] 2017-06-15T11:29:29.42858072Z: [    9.924613] FS-Cache: Netfs '9p' registered for caching
[STDOUT  ] 2017-06-15T11:29:29.428585867Z: [    9.959659] NET: Registered protocol family 38
[STDOUT  ] 2017-06-15T11:29:29.428599168Z: [    9.961635] Key type asymmetric registered
[STDOUT  ] 2017-06-15T11:29:29.428604682Z: [    9.962129] Asymmetric key parser 'x509' registered
[STDOUT  ] 2017-06-15T11:29:29.428609728Z: [    9.963305] Block layer SCSI generic (bsg) driver version 0.4 loaded (major 251)
[STDOUT  ] 2017-06-15T11:29:29.428614937Z: [    9.964999] io scheduler noop registered
[STDOUT  ] 2017-06-15T11:29:29.428620211Z: [    9.965462] io scheduler deadline registered (default)
[STDOUT  ] 2017-06-15T11:29:29.428622854Z: [    9.966301] io scheduler cfq registered
[STDOUT  ] 2017-06-15T11:29:29.428633447Z: [    9.969106] pci_hotplug: PCI Hot Plug PCI Core version: 0.5
[STDOUT  ] 2017-06-15T11:29:29.428635911Z: [    9.969974] pciehp: PCI Express Hot Plug Controller Driver version: 0.4
[STDOUT  ] 2017-06-15T11:29:29.428643846Z: [    9.972281] shpchp: Standard Hot Plug PCI Controller Driver version: 0.4
[STDOUT  ] 2017-06-15T11:29:29.428646511Z: [    9.973459] hv_vmbus: registering driver hyperv_fb
[STDOUT  ] 2017-06-15T11:29:29.428655716Z: [    9.976761] input: Power Button as /devices/LNXSYSTM:00/LNXPWRBN:00/input/input0
[STDOUT  ] 2017-06-15T11:29:29.428667494Z: [    9.978143] ACPI: Power Button [PWRF]
[STDOUT  ] 2017-06-15T11:29:29.428672544Z: [    9.983617] GHES: HEST is not enabled!
[STDOUT  ] 2017-06-15T11:29:29.428675151Z: [   10.000629] ACPI: PCI Interrupt Link [GSIH] enabled at IRQ 23
[STDOUT  ] 2017-06-15T11:29:29.428682662Z: [   10.007620] xenfs: not registering filesystem on non-xen platform
[STDOUT  ] 2017-06-15T11:29:29.428685196Z: [   10.010612] Serial: 8250/16550 driver, 4 ports, IRQ sharing disabled
[STDOUT  ] 2017-06-15T11:29:29.428692796Z: [   10.038461] 00:04: ttyS0 at I/O 0x3f8 (irq = 4, base_baud = 115200) is a 16550A
[STDOUT  ] 2017-06-15T11:29:29.428697806Z: [   10.052921] Initializing Nozomi driver 2.1d
[STDOUT  ] 2017-06-15T11:29:29.428702804Z: [   10.060001] Non-volatile memory driver v1.3
[STDOUT  ] 2017-06-15T11:29:29.428705334Z: [   10.067750] Hangcheck: starting hangcheck timer 0.9.1 (tick is 180 seconds, margin is 60 seconds).
[STDOUT  ] 2017-06-15T11:29:29.428713269Z: [   10.109703] loop: module loaded
[STDOUT  ] 2017-06-15T11:29:29.428715934Z: [   10.125439] nbd: registered device at major 43
[STDOUT  ] 2017-06-15T11:29:29.428723673Z: [   10.170444] lpc_ich 0000:00:1f.0: I/O space for GPIO uninitialized
[STDOUT  ] 2017-06-15T11:29:29.428726345Z: [   10.172606] VMware PVSCSI driver - version 1.0.7.0-k
[STDOUT  ] 2017-06-15T11:29:29.428731336Z: [   10.173586] hv_vmbus: registering driver hv_storvsc
[STDOUT  ] 2017-06-15T11:29:29.428738936Z: [   10.184982] ACPI: PCI Interrupt Link [GSIA] enabled at IRQ 16
[STDOUT  ] 2017-06-15T11:29:29.42874149Z: [   10.192143] ahci 0000:00:1f.2: AHCI 0001.0000 32 slots 6 ports 1.5 Gbps 0x3f impl SATA mode
[STDOUT  ] 2017-06-15T11:29:29.428746633Z: [   10.193481] ahci 0000:00:1f.2: flags: 64bit ncq only 
[STDOUT  ] 2017-06-15T11:29:29.428754165Z: [   10.218154] scsi host0: ahci
[STDOUT  ] 2017-06-15T11:29:29.428756751Z: [   10.222590] scsi host1: ahci
[STDOUT  ] 2017-06-15T11:29:29.428761581Z: [   10.225315] scsi host2: ahci
[STDOUT  ] 2017-06-15T11:29:29.428768863Z: [   10.227824] scsi host3: ahci
[STDOUT  ] 2017-06-15T11:29:29.428775295Z: [   10.230578] scsi host4: ahci
[STDOUT  ] 2017-06-15T11:29:29.428780123Z: [   10.233035] scsi host5: ahci
[STDOUT  ] 2017-06-15T11:29:29.428787408Z: [   10.235081] ata1: SATA max UDMA/133 abar m4096@0xfebf1000 port 0xfebf1100 irq 24
[STDOUT  ] 2017-06-15T11:29:29.428790033Z: [   10.235899] ata2: SATA max UDMA/133 abar m4096@0xfebf1000 port 0xfebf1180 irq 24
[STDOUT  ] 2017-06-15T11:29:29.428797273Z: [   10.236701] ata3: SATA max UDMA/133 abar m4096@0xfebf1000 port 0xfebf1200 irq 24
[STDOUT  ] 2017-06-15T11:29:29.428799756Z: [   10.237395] ata4: SATA max UDMA/133 abar m4096@0xfebf1000 port 0xfebf1280 irq 24
[STDOUT  ] 2017-06-15T11:29:29.42880708Z: [   10.238088] ata5: SATA max UDMA/133 abar m4096@0xfebf1000 port 0xfebf1300 irq 24
[STDOUT  ] 2017-06-15T11:29:29.42881335Z: [   10.238753] ata6: SATA max UDMA/133 abar m4096@0xfebf1000 port 0xfebf1380 irq 24
[STDOUT  ] 2017-06-15T11:29:29.428821453Z: [   10.250816] Ethernet Channel Bonding Driver: v3.7.1 (April 27, 2011)
[STDOUT  ] 2017-06-15T11:29:29.428830874Z: [   10.273931] tun: Universal TUN/TAP device driver, 1.6
[STDOUT  ] 2017-06-15T11:29:29.428833532Z: [   10.274647] tun: (C) 1999-2004 Max Krasnyansky <maxk@qualcomm.com>
[STDOUT  ] 2017-06-15T11:29:29.42883953Z: [   10.276998] ena: Elastic Network Adapter (ENA) v1.0.2
[STDOUT  ] 2017-06-15T11:29:29.428847174Z: [   10.279205] e1000: Intel(R) PRO/1000 Network Driver - version 7.3.21-k8-NAPI
[STDOUT  ] 2017-06-15T11:29:29.428855005Z: [   10.279948] e1000: Copyright (c) 1999-2006 Intel Corporation.
[STDOUT  ] 2017-06-15T11:29:29.428860204Z: [   10.288874] ACPI: PCI Interrupt Link [GSIG] enabled at IRQ 22
[STDOUT  ] 2017-06-15T11:29:29.428865429Z: [   10.571314] ata4: SATA link down (SStatus 0 SControl 300)
[STDOUT  ] 2017-06-15T11:29:29.42887192Z: [   10.574130] ata3: SATA link up 1.5 Gbps (SStatus 113 SControl 300)
[STDOUT  ] 2017-06-15T11:29:29.428877355Z: [   10.578047] ata3.00: ATAPI: QEMU DVD-ROM, 2.5+, max UDMA/100
[STDOUT  ] 2017-06-15T11:29:29.428882319Z: [   10.579121] ata3.00: applying bridge limits
[STDOUT  ] 2017-06-15T11:29:29.42888497Z: [   10.580891] ata6: SATA link down (SStatus 0 SControl 300)
[STDOUT  ] 2017-06-15T11:29:29.428889934Z: [   10.582110] ata2: SATA link down (SStatus 0 SControl 300)
[STDOUT  ] 2017-06-15T11:29:29.428897642Z: [   10.582938] ata1: SATA link down (SStatus 0 SControl 300)
[STDOUT  ] 2017-06-15T11:29:29.428902832Z: [   10.583739] ata5: SATA link down (SStatus 0 SControl 300)
[STDOUT  ] 2017-06-15T11:29:29.428907767Z: [   10.592562] ata3.00: configured for UDMA/100
[STDOUT  ] 2017-06-15T11:29:29.42891653Z: [   10.613526] scsi 2:0:0:0: CD-ROM            QEMU     QEMU DVD-ROM     2.5+ PQ: 0 ANSI: 5
[STDOUT  ] 2017-06-15T11:29:29.428921699Z: [   10.633344] sr 2:0:0:0: [sr0] scsi3-mmc drive: 4x/4x cd/rw xa/form2 tray
[STDOUT  ] 2017-06-15T11:29:29.428926765Z: [   10.634553] cdrom: Uniform CD-ROM driver Revision: 3.20
[STDOUT  ] 2017-06-15T11:29:29.428935251Z: [   10.642745] sr 2:0:0:0: Attached scsi generic sg0 type 5
[STDOUT  ] 2017-06-15T11:29:29.428937883Z: [   10.694414] e1000 0000:00:02.0 eth0: (PCI:33MHz:32-bit) 52:54:00:12:34:56
[STDOUT  ] 2017-06-15T11:29:29.428942889Z: [   10.695530] e1000 0000:00:02.0 eth0: Intel(R) PRO/1000 Network Connection
[STDOUT  ] 2017-06-15T11:29:29.428950436Z: [   10.696757] e1000e: Intel(R) PRO/1000 Network Driver - 3.2.6-k
[STDOUT  ] 2017-06-15T11:29:29.428955431Z: [   10.697335] e1000e: Copyright(c) 1999 - 2015 Intel Corporation.
[STDOUT  ] 2017-06-15T11:29:29.428964479Z: [   10.698610] igb: Intel(R) Gigabit Ethernet Network Driver - version 5.4.0-k
[STDOUT  ] 2017-06-15T11:29:29.428969759Z: [   10.699292] igb: Copyright (c) 2007-2014 Intel Corporation.
[STDOUT  ] 2017-06-15T11:29:29.428974823Z: [   10.700627] igbvf: Intel(R) Gigabit Virtual Function Network Driver - version 2.4.0-k
[STDOUT  ] 2017-06-15T11:29:29.428979834Z: [   10.701391] igbvf: Copyright (c) 2009 - 2012 Intel Corporation.
[STDOUT  ] 2017-06-15T11:29:29.428984826Z: [   10.702503] ixgbe: Intel(R) 10 Gigabit PCI Express Network Driver - version 4.4.0-k
[STDOUT  ] 2017-06-15T11:29:29.428987679Z: [   10.703257] ixgbe: Copyright (c) 1999-2016 Intel Corporation.
[STDOUT  ] 2017-06-15T11:29:29.428995128Z: [   10.705321] ixgbevf: Intel(R) 10 Gigabit PCI Express Virtual Function Network Driver - version 3.2.2-k
[STDOUT  ] 2017-06-15T11:29:29.429000204Z: [   10.706236] ixgbevf: Copyright (c) 2009 - 2015 Intel Corporation.
[STDOUT  ] 2017-06-15T11:29:29.429002781Z: [   10.708103] ixgb: Intel(R) PRO/10GbE Network Driver - version 1.0.135-k2-NAPI
[STDOUT  ] 2017-06-15T11:29:29.429010331Z: [   10.708820] ixgb: Copyright (c) 1999-2008 Intel Corporation.
[STDOUT  ] 2017-06-15T11:29:29.429015371Z: [   10.710455] PPP generic driver version 2.4.2
[STDOUT  ] 2017-06-15T11:29:29.429020411Z: [   10.712341] PPP BSD Compression module registered
[STDOUT  ] 2017-06-15T11:29:29.429025339Z: [   10.712901] PPP Deflate Compression module registered
[STDOUT  ] 2017-06-15T11:29:29.429033471Z: [   10.714223] PPP MPPE Compression module registered
[STDOUT  ] 2017-06-15T11:29:29.429038829Z: [   10.714753] NET: Registered protocol family 24
[STDOUT  ] 2017-06-15T11:29:29.429043688Z: [   10.715605] PPTP driver version 0.8.5
[STDOUT  ] 2017-06-15T11:29:29.429046233Z: [   10.716856] VMware vmxnet3 virtual NIC driver - version 1.4.a.0-k-NAPI
[STDOUT  ] 2017-06-15T11:29:29.429053577Z: [   10.718097] hv_vmbus: registering driver hv_netvsc
[STDOUT  ] 2017-06-15T11:29:29.429058522Z: [   10.718632] Fusion MPT base driver 3.04.20
[STDOUT  ] 2017-06-15T11:29:29.42906366Z: [   10.719046] Copyright (c) 1999-2008 LSI Corporation
[STDOUT  ] 2017-06-15T11:29:29.429071283Z: [   10.719860] Fusion MPT SPI Host driver 3.04.20
[STDOUT  ] 2017-06-15T11:29:29.429076203Z: [   10.726386] aoe: AoE v85 initialised.
[STDOUT  ] 2017-06-15T11:29:29.429081297Z: [   10.729479] i8042: PNP: PS/2 Controller [PNP0303:KBD,PNP0f13:MOU] at 0x60,0x64 irq 1,12
[STDOUT  ] 2017-06-15T11:29:29.429086408Z: [   10.734797] serio: i8042 KBD port at 0x60,0x64 irq 1
[STDOUT  ] 2017-06-15T11:29:29.42908917Z: [   10.736002] serio: i8042 AUX port at 0x60,0x64 irq 12
[STDOUT  ] 2017-06-15T11:29:29.429096602Z: [   10.739842] hv_vmbus: registering driver hyperv_keyboard
[STDOUT  ] 2017-06-15T11:29:29.429099225Z: [   10.743137] mousedev: PS/2 mouse device common for all mice
[STDOUT  ] 2017-06-15T11:29:29.429106697Z: [   10.748924] input: AT Translated Set 2 keyboard as /devices/platform/i8042/serio0/input/input1
[STDOUT  ] 2017-06-15T11:29:29.429115257Z: [   10.752560] input: PC Speaker as /devices/platform/pcspkr/input/input2
[STDOUT  ] 2017-06-15T11:29:29.429120458Z: [   10.758279] rtc_cmos 00:00: RTC can wake from S4
[STDOUT  ] 2017-06-15T11:29:29.429128907Z: [   10.762797] rtc_cmos 00:00: rtc core: registered rtc_cmos as rtc0
[STDOUT  ] 2017-06-15T11:29:29.429133828Z: [   10.764850] rtc_cmos 00:00: alarms up to one day, y3k, 114 bytes nvram, hpet irqs
[STDOUT  ] 2017-06-15T11:29:29.429138883Z: [   10.766531] i2c /dev entries driver
[STDOUT  ] 2017-06-15T11:29:29.429141565Z: [   10.769984] device-mapper: ioctl: 4.35.0-ioctl (2016-06-23) initialised: dm-devel@redhat.com
[STDOUT  ] 2017-06-15T11:29:29.429146682Z: [   10.778777] hv_utils: Registering HyperV Utility Driver
[STDOUT  ] 2017-06-15T11:29:29.429154242Z: [   10.779584] hv_vmbus: registering driver hv_util
[STDOUT  ] 2017-06-15T11:29:29.429162591Z: [   10.780769] hv_vmbus: registering driver hv_balloon
[STDOUT  ] 2017-06-15T11:29:29.429167804Z: [   10.781739] oprofile: using NMI interrupt.
[STDOUT  ] 2017-06-15T11:29:29.429172852Z: [   10.783181] GACT probability on
[STDOUT  ] 2017-06-15T11:29:29.429178709Z: [   10.783821] Mirror/redirect action on
[STDOUT  ] 2017-06-15T11:29:29.429183509Z: [   10.784874] Simple TC action Loaded
[STDOUT  ] 2017-06-15T11:29:29.429188399Z: [   10.788332] netem: version 1.3
[STDOUT  ] 2017-06-15T11:29:29.429190949Z: [   10.788844] u32 classifier
[STDOUT  ] 2017-06-15T11:29:29.429195701Z: [   10.789122]     Performance counters on
[STDOUT  ] 2017-06-15T11:29:29.429203059Z: [   10.789507]     input device check on
[STDOUT  ] 2017-06-15T11:29:29.429207869Z: [   10.789861]     Actions configured
[STDOUT  ] 2017-06-15T11:29:29.429212721Z: [   10.791102] Netfilter messages via NETLINK v0.30.
[STDOUT  ] 2017-06-15T11:29:29.429217649Z: [   10.791920] nfnl_acct: registering with nfnetlink.
[STDOUT  ] 2017-06-15T11:29:29.429222534Z: [   10.793436] nf_conntrack version 0.5.0 (8192 buckets, 32768 max)
[STDOUT  ] 2017-06-15T11:29:29.429225231Z: [   10.796649] ctnetlink v0.93: registering with nfnetlink.
[STDOUT  ] 2017-06-15T11:29:29.429233807Z: [   10.800060] nf_tables: (c) 2007-2009 Patrick McHardy <kaber@trash.net>
[STDOUT  ] 2017-06-15T11:29:29.429236331Z: [   10.801586] nf_tables_compat: (c) 2012 Pablo Neira Ayuso <pablo@netfilter.org>
[STDOUT  ] 2017-06-15T11:29:29.429243707Z: [   10.804284] xt_time: kernel timezone is -0000
[STDOUT  ] 2017-06-15T11:29:29.429246287Z: [   10.805016] ip_set: protocol 6
[STDOUT  ] 2017-06-15T11:29:29.429251071Z: [   10.805811] IPVS: Registered protocols (TCP, UDP, SCTP, AH, ESP)
[STDOUT  ] 2017-06-15T11:29:29.429261768Z: [   10.806679] IPVS: Connection hash table configured (size=4096, memory=64Kbytes)
[STDOUT  ] 2017-06-15T11:29:29.429267081Z: [   10.808750] IPVS: Creating netns size=2104 id=0
[STDOUT  ] 2017-06-15T11:29:29.429272131Z: [   10.812035] IPVS: ipvs loaded.
[STDOUT  ] 2017-06-15T11:29:29.429277208Z: [   10.812599] IPVS: [rr] scheduler registered.
[STDOUT  ] 2017-06-15T11:29:29.42928227Z: [   10.813072] IPVS: [wrr] scheduler registered.
[STDOUT  ] 2017-06-15T11:29:29.42928801Z: [   10.813512] IPVS: [lc] scheduler registered.
[STDOUT  ] 2017-06-15T11:29:29.429293148Z: [   10.813925] IPVS: [wlc] scheduler registered.
[STDOUT  ] 2017-06-15T11:29:29.429300606Z: [   10.814352] IPVS: [fo] scheduler registered.
[STDOUT  ] 2017-06-15T11:29:29.429305573Z: [   10.814762] IPVS: [ovf] scheduler registered.
[STDOUT  ] 2017-06-15T11:29:29.429310646Z: [   10.815480] IPVS: [lblc] scheduler registered.
[STDOUT  ] 2017-06-15T11:29:29.429315685Z: [   10.816104] IPVS: [lblcr] scheduler registered.
[STDOUT  ] 2017-06-15T11:29:29.429320796Z: [   10.816556] IPVS: [dh] scheduler registered.
[STDOUT  ] 2017-06-15T11:29:29.429329158Z: [   10.816975] IPVS: [sh] scheduler registered.
[STDOUT  ] 2017-06-15T11:29:29.429334191Z: [   10.817401] IPVS: [sed] scheduler registered.
[STDOUT  ] 2017-06-15T11:29:29.429339251Z: [   10.817833] IPVS: [nq] scheduler registered.
[STDOUT  ] 2017-06-15T11:29:29.429344335Z: [   10.818753] IPVS: ftp: loaded support on port[0] = 21
[STDOUT  ] 2017-06-15T11:29:29.429349343Z: [   10.819886] ipip: IPv4 and MPLS over IPv4 tunneling driver
[STDOUT  ] 2017-06-15T11:29:29.429354418Z: [   10.824943] gre: GRE over IPv4 demultiplexor driver
[STDOUT  ] 2017-06-15T11:29:29.429359841Z: [   10.825538] ip_gre: GRE over IPv4 tunneling driver
[STDOUT  ] 2017-06-15T11:29:29.429364917Z: [   10.832172] IPv4 over IPsec tunneling driver
[STDOUT  ] 2017-06-15T11:29:29.429369967Z: [   10.839700] ip_tables: (C) 2000-2006 Netfilter Core Team
[STDOUT  ] 2017-06-15T11:29:29.429375044Z: [   10.844309] ipt_CLUSTERIP: ClusterIP Version 0.8 loaded successfully
[STDOUT  ] 2017-06-15T11:29:29.429377755Z: [   10.845518] arp_tables: arp_tables: (C) 2002 David S. Miller
[STDOUT  ] 2017-06-15T11:29:29.429382737Z: [   10.847857] Initializing XFRM netlink socket
[STDOUT  ] 2017-06-15T11:29:29.4293903Z: [   10.849422] NET: Registered protocol family 10
[STDOUT  ] 2017-06-15T11:29:29.429398837Z: [   10.863927] mip6: Mobile IPv6
[STDOUT  ] 2017-06-15T11:29:29.429401527Z: [   10.865387] ip6_tables: (C) 2000-2006 Netfilter Core Team
[STDOUT  ] 2017-06-15T11:29:29.429409945Z: [   10.876415] sit: IPv6, IPv4 and MPLS over IPv4 tunneling driver
[STDOUT  ] 2017-06-15T11:29:29.429418739Z: [   10.880655] tsc: Refined TSC clocksource calibration: 2600.026 MHz
[STDOUT  ] 2017-06-15T11:29:29.429421337Z: [   10.881616] clocksource: tsc: mask: 0xffffffffffffffff max_cycles: 0x257a548b009, max_idle_ns: 440795231168 ns
[STDOUT  ] 2017-06-15T11:29:29.429428744Z: [   10.887675] ip6_gre: GRE over IPv6 tunneling driver
[STDOUT  ] 2017-06-15T11:29:29.429433872Z: [   10.893055] NET: Registered protocol family 17
[STDOUT  ] 2017-06-15T11:29:29.429436554Z: [   10.894259] NET: Registered protocol family 15
[STDOUT  ] 2017-06-15T11:29:29.429444125Z: [   10.895488] Bridge firewalling registered
[STDOUT  ] 2017-06-15T11:29:29.429450065Z: [   10.896221] Ebtables v2.0 registered
[STDOUT  ] 2017-06-15T11:29:29.429455304Z: [   10.899623] l2tp_core: L2TP core driver, V2.0
[STDOUT  ] 2017-06-15T11:29:29.429460362Z: [   10.900997] l2tp_ppp: PPPoL2TP kernel driver, V2.0
[STDOUT  ] 2017-06-15T11:29:29.429465417Z: [   10.901515] 8021q: 802.1Q VLAN Support v1.8
[STDOUT  ] 2017-06-15T11:29:29.429468092Z: [   10.903283] 9pnet: Installing 9P2000 support
[STDOUT  ] 2017-06-15T11:29:29.429473056Z: [   10.904585] Key type dns_resolver registered
[STDOUT  ] 2017-06-15T11:29:29.429480426Z: [   10.905078] openvswitch: Open vSwitch switching datapath
[STDOUT  ] 2017-06-15T11:29:29.429494141Z: [   10.907553] mpls_gso: MPLS GSO support
[STDOUT  ] 2017-06-15T11:29:29.429499581Z: [   10.908427] microcode: AMD CPU family 0x6 not supported
[STDOUT  ] 2017-06-15T11:29:29.429504578Z: [   10.913082] registered taskstats version 1
[STDOUT  ] 2017-06-15T11:29:29.429509523Z: [   11.109245] Key type big_key registered
[STDOUT  ] 2017-06-15T11:29:29.429514419Z: [   11.156664] Key type encrypted registered
[STDOUT  ] 2017-06-15T11:29:29.429519468Z: [   11.164280] rtc_cmos 00:00: setting system clock to 2017-06-15 11:29:07 UTC (1497526147)
[STDOUT  ] 2017-06-15T11:29:29.429528943Z: [   11.320560] Freeing unused kernel memory: 1456K (ffffffff9af90000 - ffffffff9b0fc000)
[STDOUT  ] 2017-06-15T11:29:29.429534034Z: [   11.321614] Write protecting the kernel read-only data: 14336k
[STDOUT  ] 2017-06-15T11:29:29.429539006Z: [   11.331993] Freeing unused kernel memory: 700K (ffff88495c951000 - ffff88495ca00000)
[STDOUT  ] 2017-06-15T11:29:29.429544013Z: [   11.396097] Freeing unused kernel memory: 976K (ffff88495cd0c000 - ffff88495ce00000)
[STDOUT  ] 2017-06-15T11:29:29.429548998Z: [   11.900981] clocksource: Switched to clocksource tsc
[STDOUT  ] 2017-06-15T11:29:29.429561096Z: 
[STDOUT  ] 2017-06-15T11:29:29.429566533Z: Starting containerd
[STDOUT  ] 2017-06-15T11:29:29.429571644Z: 
[STDOUT  ] 2017-06-15T11:29:29.429574313Z: Welcome to LinuxKit
[STDOUT  ] 2017-06-15T11:29:29.429581557Z: 
[STDOUT  ] 2017-06-15T11:29:29.429586642Z:                         ##         .
[STDOUT  ] 2017-06-15T11:29:29.429591583Z:                   ## ## ##        ==
[STDOUT  ] 2017-06-15T11:29:29.429596555Z:                ## ## ## ## ##    ===
[STDOUT  ] 2017-06-15T11:29:29.42960148Z:            /"""""""""""""""""\___/ ===
[STDOUT  ] 2017-06-15T11:29:29.429606415Z:       ~~~ {~~ ~~~~ ~~~ ~~~~ ~~~ ~ /  ===- ~~~
[STDOUT  ] 2017-06-15T11:29:29.429615595Z:            \______ o           __/
[STDOUT  ] 2017-06-15T11:29:29.429620677Z:              \    \         __/
[STDOUT  ] 2017-06-15T11:29:29.429625692Z:               \____\_______/
[STDOUT  ] 2017-06-15T11:29:29.429628253Z: 
[STDOUT  ] 2017-06-15T11:29:29.429635723Z: [34mINFO[0m[0000] starting containerd boot...                   [34mmodule[0m=containerd
[STDOUT  ] 2017-06-15T11:29:29.42964135Z: [34mINFO[0m[0000] starting debug API...                         [34mdebug[0m="/run/containerd/debug.sock" [34mmodule[0m=containerd
[STDOUT  ] 2017-06-15T11:29:29.42964679Z: [34mINFO[0m[0000] loading monitor plugin "cgroups"...           [34mmodule[0m=containerd
[STDOUT  ] 2017-06-15T11:29:29.4296518Z: [34mINFO[0m[0000] loading runtime plugin "linux"...             [34mmodule[0m=containerd
[STDOUT  ] 2017-06-15T11:29:29.429658215Z: [34mINFO[0m[0000] loading snapshot plugin "snapshot-overlay"...  [34mmodule[0m=containerd
[STDOUT  ] 2017-06-15T11:29:29.429666565Z: [34mINFO[0m[0000] loading differ plugin "diff-base"...          [34mmodule[0m=containerd
[STDOUT  ] 2017-06-15T11:29:29.429671458Z: [34mINFO[0m[0000] loading grpc service plugin "content-grpc"...  [34mmodule[0m=containerd
[STDOUT  ] 2017-06-15T11:29:29.429676472Z: [34mINFO[0m[0000] loading grpc service plugin "diff-grpc"...    [34mmodule[0m=containerd
[STDOUT  ] 2017-06-15T11:29:29.429681517Z: [34mINFO[0m[0000] loading grpc service plugin "images-grpc"...  [34mmodule[0m=containerd
[STDOUT  ] 2017-06-15T11:29:29.429686537Z: [34mINFO[0m[0000] loading grpc service plugin "snapshots-grpc"...  [34mmodule[0m=containerd
[STDOUT  ] 2017-06-15T11:29:29.429694996Z: [34mINFO[0m[0000] loading grpc service plugin "version-grpc"...  [34mmodule[0m=containerd
[STDOUT  ] 2017-06-15T11:29:29.429699917Z: [34mINFO[0m[0000] loading grpc service plugin "containers-grpc"...  [34mmodule[0m=containerd
[STDOUT  ] 2017-06-15T11:29:29.429704969Z: [34mINFO[0m[0000] loading grpc service plugin "namespaces-grpc"...  [34mmodule[0m=containerd
[STDOUT  ] 2017-06-15T11:29:29.429709934Z: [34mINFO[0m[0000] loading grpc service plugin "metrics-grpc"...  [34mmodule[0m=containerd
[STDOUT  ] 2017-06-15T11:29:29.429717896Z: [34mINFO[0m[0000] loading grpc service plugin "tasks-grpc"...   [34mmodule[0m=containerd
[STDOUT  ] 2017-06-15T11:29:29.429723301Z: [34mINFO[0m[0000] loading grpc service plugin "healthcheck-grpc"...  [34mmodule[0m=containerd[   18.144886] random: fast init done
[STDOUT  ] 2017-06-15T11:29:29.429728859Z: 
[STDOUT  ] 2017-06-15T11:29:29.429733842Z: [34mINFO[0m[0000] starting GRPC API server...                   [34mmodule[0m=containerd
[STDOUT  ] 2017-06-15T11:29:29.429738757Z: [34mINFO[0m[0000] containerd successfully booted in 0.191966s   [34mmodule[0m=containerd
[STDOUT  ] 2017-06-15T11:29:29.429746474Z: [   18.734424] IPVS: Creating netns size=2104 id=1
[STDOUT  ] 2017-06-15T11:29:29.429751691Z: [   18.735379] IPVS: ftp: loaded support on port[0] = 21
[STDOUT  ] 2017-06-15T11:29:29.429756696Z:  - 000-binfmt
[STDOUT  ] 2017-06-15T11:29:29.429761851Z: binfmt test suite PASSED
[STDOUT  ] 2017-06-15T11:29:29.429768051Z:  - 001-test
[STDOUT  ] 2017-06-15T11:29:29.429773024Z: [   32.798022] ACPI: Preparing to enter system sleep state S5
[STDOUT  ] 2017-06-15T11:29:29.429778037Z: [   32.799669] reboot: Power down
[STDERR  ] 2017-06-15T11:29:29.429787041Z: [34mINFO[0m[0000] loading grpc service plugin "diff-grpc"...    [34mmodule[0m=containerd
[STDERR  ] 2017-06-15T11:29:29.429793082Z: [34mINFO[0m[0000] loading grpc service plugin "images-grpc"...  [34mmodule[0m=containerd
[STDERR  ] 2017-06-15T11:29:29.429795815Z: [34mINFO[0m[0000] loading grpc service plugin "snapshots-grpc"...  [34mmodule[0m=containerd
[STDERR  ] 2017-06-15T11:29:29.42980665Z: [34mINFO[0m[0000] loading grpc service plugin "version-grpc"...  [34mmodule[0m=containerd
[STDERR  ] 2017-06-15T11:29:29.429811673Z: [34mINFO[0m[0000] loading grpc service plugin "containers-grpc"...  [34mmodule[0m=containerd
[STDERR  ] 2017-06-15T11:29:29.429814218Z: [34mINFO[0m[0000] loading grpc service plugin "namespaces-grpc"...  [34mmodule[0m=containerd
[STDERR  ] 2017-06-15T11:29:29.429821573Z: [34mINFO[0m[0000] loading grpc service plugin "metrics-grpc"...  [34mmodule[0m=containerd
[STDERR  ] 2017-06-15T11:29:29.429824248Z: [34mINFO[0m[0000] loading grpc service plugin "tasks-grpc"...   [34mmodule[0m=containerd
[STDERR  ] 2017-06-15T11:29:29.429831945Z: [34mINFO[0m[0000] loading grpc service plugin "healthcheck-grpc"...  [34mmodule[0m=containerd[   18.144886] random: fast init done
[STDERR  ] 2017-06-15T11:29:29.429838655Z: 
[STDERR  ] 2017-06-15T11:29:29.429843716Z: [34mINFO[0m[0000] starting GRPC API server...                   [34mmodule[0m=containerd
[STDERR  ] 2017-06-15T11:29:29.429848638Z: [34mINFO[0m[0000] containerd successfully booted in 0.191966s   [34mmodule[0m=containerd
[STDERR  ] 2017-06-15T11:29:29.42985354Z: [   18.734424] IPVS: Creating netns size=2104 id=1
[STDERR  ] 2017-06-15T11:29:29.429953475Z: [   18.735379] IPVS: ftp: loaded support on port[0] = 21
[STDERR  ] 2017-06-15T11:29:29.429958742Z:  - 000-binfmt
[STDERR  ] 2017-06-15T11:29:29.429961475Z: binfmt test suite PASSED
[STDERR  ] 2017-06-15T11:29:29.429970592Z:  - 001-test
[STDERR  ] 2017-06-15T11:29:29.429975654Z: [   32.798022] ACPI: Preparing to enter system sleep state S5
[STDERR  ] 2017-06-15T11:29:29.429980762Z: [   32.799669] reboot: Power down
[STDERR  ] 2017-06-15T11:29:29.429986074Z: + echo [    0.000000] Linux version 4.9.31-linuxkit (root@84baa8e89c00) (gcc version 6.2.1 20160822 (Alpine 6.2.1) ) #1 SMP Wed Jun 7 21:45:43 UTC 2017
[STDERR  ] 2017-06-15T11:29:29.429991112Z: [    0.000000] Command line: console=ttyS0 page_poison=1
[STDERR  ] 2017-06-15T11:29:29.429993777Z: [    0.000000] x86/fpu: Legacy x87 FPU detected.
[STDERR  ] 2017-06-15T11:29:29.429998735Z: [    0.000000] x86/fpu: Using 'eager' FPU context switches.
[STDERR  ] 2017-06-15T11:29:29.430006277Z: [    0.000000] e820: BIOS-provided physical RAM map:
[STDERR  ] 2017-06-15T11:29:29.430048909Z: [    0.000000] BIOS-e820: [mem 0x0000000000000000-0x000000000009fbff] usable
[STDERR  ] 2017-06-15T11:29:29.430054571Z: [    0.000000] BIOS-e820: [mem 0x000000000009fc00-0x000000000009ffff] reserved
[STDERR  ] 2017-06-15T11:29:29.430059681Z: [    0.000000] BIOS-e820: [mem 0x00000000000f0000-0x00000000000fffff] reserved
[STDERR  ] 2017-06-15T11:29:29.430069389Z: [    0.000000] BIOS-e820: [mem 0x0000000000100000-0x000000003ffdefff] usable
[STDERR  ] 2017-06-15T11:29:29.430072261Z: [    0.000000] BIOS-e820: [mem 0x000000003ffdf000-0x000000003fffffff] reserved
[STDERR  ] 2017-06-15T11:29:29.430081623Z: [    0.000000] BIOS-e820: [mem 0x00000000b0000000-0x00000000bfffffff] reserved
[STDERR  ] 2017-06-15T11:29:29.430109209Z: [    0.000000] BIOS-e820: [mem 0x00000000fed1c000-0x00000000fed1ffff] reserved
[STDERR  ] 2017-06-15T11:29:29.430118113Z: [    0.000000] BIOS-e820: [mem 0x00000000fffc0000-0x00000000ffffffff] reserved
[STDERR  ] 2017-06-15T11:29:29.430120882Z: [    0.000000] NX (Execute Disable) protection: active
[STDERR  ] 2017-06-15T11:29:29.430128517Z: [    0.000000] SMBIOS 2.8 present.
[STDERR  ] 2017-06-15T11:29:29.43013355Z: [    0.000000] e820: last_pfn = 0x3ffdf max_arch_pfn = 0x400000000
[STDERR  ] 2017-06-15T11:29:29.430136018Z: [    0.000000] x86/PAT: Configuration [0-7]: WB  WC  UC- UC  WB  WC  UC- WT  
[STDERR  ] 2017-06-15T11:29:29.430149905Z: [    0.000000] found SMP MP-table at [mem 0x000f6aa0-0x000f6aaf] mapped at [ffff8849400f6aa0]
[STDERR  ] 2017-06-15T11:29:29.430155032Z: [    0.000000] RAMDISK: [mem 0x3d9fa000-0x3ffcffff]
[STDERR  ] 2017-06-15T11:29:29.430160137Z: [    0.000000] ACPI: Early table checksum verification disabled
[STDERR  ] 2017-06-15T11:29:29.43016289Z: [    0.000000] ACPI: RSDP 0x00000000000F68C0 000014 (v00 BOCHS )
[STDERR  ] 2017-06-15T11:29:29.43017698Z: [    0.000000] ACPI: RSDT 0x000000003FFE2404 000034 (v01 BOCHS  BXPCRSDT 00000001 BXPC 00000001)
[STDERR  ] 2017-06-15T11:29:29.430184703Z: [    0.000000] ACPI: FACP 0x000000003FFE22A4 000074 (v01 BOCHS  BXPCFACP 00000001 BXPC 00000001)
[STDERR  ] 2017-06-15T11:29:29.43018976Z: [    0.000000] ACPI: DSDT 0x000000003FFE0040 002264 (v01 BOCHS  BXPCDSDT 00000001 BXPC 00000001)
[STDERR  ] 2017-06-15T11:29:29.430194933Z: [    0.000000] ACPI: FACS 0x000000003FFE0000 000040
[STDERR  ] 2017-06-15T11:29:29.430199963Z: [    0.000000] ACPI: APIC 0x000000003FFE2318 000078 (v01 BOCHS  BXPCAPIC 00000001 BXPC 00000001)
[STDERR  ] 2017-06-15T11:29:29.430204878Z: [    0.000000] ACPI: HPET 0x000000003FFE2390 000038 (v01 BOCHS  BXPCHPET 00000001 BXPC 00000001)
[STDERR  ] 2017-06-15T11:29:29.430213747Z: [    0.000000] ACPI: MCFG 0x000000003FFE23C8 00003C (v01 BOCHS  BXPCMCFG 00000001 BXPC 00000001)
[STDERR  ] 2017-06-15T11:29:29.43021658Z: [    0.000000] Zone ranges:
[STDERR  ] 2017-06-15T11:29:29.430221552Z: [    0.000000]   DMA      [mem 0x0000000000001000-0x0000000000ffffff]
[STDERR  ] 2017-06-15T11:29:29.430229042Z: [    0.000000]   DMA32    [mem 0x0000000001000000-0x000000003ffdefff]
[STDERR  ] 2017-06-15T11:29:29.430234137Z: [    0.000000]   Normal   empty
[STDERR  ] 2017-06-15T11:29:29.430239126Z: [    0.000000] Movable zone start for each node
[STDERR  ] 2017-06-15T11:29:29.430251954Z: [    0.000000] Early memory node ranges
[STDERR  ] 2017-06-15T11:29:29.430256889Z: [    0.000000]   node   0: [mem 0x0000000000001000-0x000000000009efff]
[STDERR  ] 2017-06-15T11:29:29.430261909Z: [    0.000000]   node   0: [mem 0x0000000000100000-0x000000003ffdefff]
[STDERR  ] 2017-06-15T11:29:29.430266871Z: [    0.000000] Initmem setup node 0 [mem 0x0000000000001000-0x000000003ffdefff]
[STDERR  ] 2017-06-15T11:29:29.430269557Z: [    0.000000] ACPI: PM-Timer IO Port: 0x608
[STDERR  ] 2017-06-15T11:29:29.430274602Z: [    0.000000] ACPI: LAPIC_NMI (acpi_id[0xff] dfl dfl lint[0x1])
[STDERR  ] 2017-06-15T11:29:29.430281996Z: [    0.000000] IOAPIC[0]: apic_id 0, version 32, address 0xfec00000, GSI 0-23
[STDERR  ] 2017-06-15T11:29:29.430286917Z: [    0.000000] ACPI: INT_SRC_OVR (bus 0 bus_irq 0 global_irq 2 dfl dfl)
[STDERR  ] 2017-06-15T11:29:29.430291752Z: [    0.000000] ACPI: INT_SRC_OVR (bus 0 bus_irq 5 global_irq 5 high level)
[STDERR  ] 2017-06-15T11:29:29.430296614Z: [    0.000000] ACPI: INT_SRC_OVR (bus 0 bus_irq 9 global_irq 9 high level)
[STDERR  ] 2017-06-15T11:29:29.430299214Z: [    0.000000] ACPI: INT_SRC_OVR (bus 0 bus_irq 10 global_irq 10 high level)
[STDERR  ] 2017-06-15T11:29:29.430303974Z: [    0.000000] ACPI: INT_SRC_OVR (bus 0 bus_irq 11 global_irq 11 high level)
[STDERR  ] 2017-06-15T11:29:29.430322916Z: [    0.000000] Using ACPI (MADT) for SMP configuration information
[STDERR  ] 2017-06-15T11:29:29.430328692Z: [    0.000000] ACPI: HPET id: 0x8086a201 base: 0xfed00000
[STDERR  ] 2017-06-15T11:29:29.430331397Z: [    0.000000] smpboot: Allowing 1 CPUs, 0 hotplug CPUs
[STDERR  ] 2017-06-15T11:29:29.430342021Z: [    0.000000] e820: [mem 0x40000000-0xafffffff] available for PCI devices
[STDERR  ] 2017-06-15T11:29:29.43034714Z: [    0.000000] Booting paravirtualized kernel on bare hardware
[STDERR  ] 2017-06-15T11:29:29.430349665Z: [    0.000000] clocksource: refined-jiffies: mask: 0xffffffff max_cycles: 0xffffffff, max_idle_ns: 19112604462750000 ns
[STDERR  ] 2017-06-15T11:29:29.43035798Z: [    0.000000] setup_percpu: NR_CPUS:128 nr_cpumask_bits:128 nr_cpu_ids:1 nr_node_ids:1
[STDERR  ] 2017-06-15T11:29:29.430360568Z: [    0.000000] percpu: Embedded 35 pages/cpu @ffff88497d600000 s105240 r8192 d29928 u2097152
[STDERR  ] 2017-06-15T11:29:29.430365518Z: [    0.000000] Built 1 zonelists in Zone order, mobility grouping on.  Total pages: 257896
[STDERR  ] 2017-06-15T11:29:29.430373325Z: [    0.000000] Kernel command line: console=ttyS0 page_poison=1
[STDERR  ] 2017-06-15T11:29:29.43037839Z: [    0.000000] PID hash table entries: 4096 (order: 3, 32768 bytes)
[STDERR  ] 2017-06-15T11:29:29.430383416Z: [    0.000000] Dentry cache hash table entries: 131072 (order: 8, 1048576 bytes)
[STDERR  ] 2017-06-15T11:29:29.430400755Z: [    0.000000] Inode-cache hash table entries: 65536 (order: 7, 524288 bytes)
[STDERR  ] 2017-06-15T11:29:29.430403915Z: [    0.000000] Memory: 973036K/1048052K available (9526K kernel code, 1595K rwdata, 3120K rodata, 1456K init, 604K bss, 75016K reserved, 0K cma-reserved)
[STDERR  ] 2017-06-15T11:29:29.430409163Z: [    0.000000] Hierarchical RCU implementation.
[STDERR  ] 2017-06-15T11:29:29.430420358Z: [    0.000000] 	Build-time adjustment of leaf fanout to 64.
[STDERR  ] 2017-06-15T11:29:29.430425406Z: [    0.000000] 	RCU restricting CPUs from NR_CPUS=128 to nr_cpu_ids=1.
[STDERR  ] 2017-06-15T11:29:29.430430395Z: [    0.000000] RCU: Adjusting geometry for rcu_fanout_leaf=64, nr_cpu_ids=1
[STDERR  ] 2017-06-15T11:29:29.430435308Z: [    0.000000] NR_IRQS:8448 nr_irqs:256 16
[STDERR  ] 2017-06-15T11:29:29.430440324Z: [    0.000000] Console: colour VGA+ 80x25
[STDERR  ] 2017-06-15T11:29:29.430448815Z: [    0.000000] console [ttyS0] enabled
[STDERR  ] 2017-06-15T11:29:29.430454024Z: [    0.000000] allocated 2097152 bytes of page_ext
[STDERR  ] 2017-06-15T11:29:29.430466165Z: [    0.000000] clocksource: hpet: mask: 0xffffffff max_cycles: 0xffffffff, max_idle_ns: 19112604467 ns
[STDERR  ] 2017-06-15T11:29:29.430479002Z: [    0.000000] tsc: Fast TSC calibration failed
[STDERR  ] 2017-06-15T11:29:29.430489657Z: [    0.000000] tsc: Unable to calibrate against PIT
[STDERR  ] 2017-06-15T11:29:29.430494809Z: [    0.000000] tsc: using HPET reference calibration
[STDERR  ] 2017-06-15T11:29:29.43049972Z: [    0.000000] tsc: Detected 2600.078 MHz processor
[STDERR  ] 2017-06-15T11:29:29.430504994Z: [    0.051365] Calibrating delay loop (skipped), value calculated using timer frequency.. 5200.15 BogoMIPS (lpj=26000780)
[STDERR  ] 2017-06-15T11:29:29.430512077Z: [    0.052806] pid_max: default: 32768 minimum: 301
[STDERR  ] 2017-06-15T11:29:29.430517032Z: [    0.060677] ACPI: Core revision 20160831
[STDERR  ] 2017-06-15T11:29:29.430521969Z: [    0.106195] ACPI: 1 ACPI AML tables successfully acquired and loaded
[STDERR  ] 2017-06-15T11:29:29.430524697Z: [    0.110386] Security Framework initialized
[STDERR  ] 2017-06-15T11:29:29.430531885Z: [    0.110967] Yama: becoming mindful.
[STDERR  ] 2017-06-15T11:29:29.430534374Z: [    0.113124] Mount-cache hash table entries: 2048 (order: 2, 16384 bytes)
[STDERR  ] 2017-06-15T11:29:29.430555418Z: [    0.113895] Mountpoint-cache hash table entries: 2048 (order: 2, 16384 bytes)
[STDERR  ] 2017-06-15T11:29:29.430558148Z: [    0.134180] Last level iTLB entries: 4KB 0, 2MB 0, 4MB 0
[STDERR  ] 2017-06-15T11:29:29.430567248Z: [    0.134933] Last level dTLB entries: 4KB 0, 2MB 0, 4MB 0, 1GB 0
[STDERR  ] 2017-06-15T11:29:29.430575091Z: [    0.506640] Freeing SMP alternatives memory: 24K (ffffffff9b0fc000 - ffffffff9b102000)
[STDERR  ] 2017-06-15T11:29:29.430577703Z: [    0.516642] ftrace: allocating 41866 entries in 164 pages
[STDERR  ] 2017-06-15T11:29:29.430585126Z: [    0.709981] smpboot: Max logical packages: 1
[STDERR  ] 2017-06-15T11:29:29.430592988Z: [    0.716353] ..TIMER: vector=0x30 apic1=0 pin1=2 apic2=-1 pin2=-1
[STDERR  ] 2017-06-15T11:29:29.430595568Z: [    0.820000] smpboot: CPU0: AMD QEMU Virtual CPU version 2.5+ (family: 0x6, model: 0x6, stepping: 0x3)
[STDERR  ] 2017-06-15T11:29:29.430603269Z: [    0.820000] Performance Events: PMU not available due to virtualization, using software events only.
[STDERR  ] 2017-06-15T11:29:29.430608194Z: [    0.831155] NMI watchdog: disabled (cpu0): hardware events not enabled
[STDERR  ] 2017-06-15T11:29:29.430613123Z: [    0.831999] NMI watchdog: Shutting down hard lockup detector on all cpus
[STDERR  ] 2017-06-15T11:29:29.430618116Z: [    0.835000] x86: Booted up 1 node, 1 CPUs
[STDERR  ] 2017-06-15T11:29:29.430631253Z: [    0.835639] smpboot: Total of 1 processors activated (5200.15 BogoMIPS)
[STDERR  ] 2017-06-15T11:29:29.430636231Z: [    0.850788] devtmpfs: initialized
[STDERR  ] 2017-06-15T11:29:29.430641279Z: [    0.856287] x86/mm: Memory block size: 128MB
[STDERR  ] 2017-06-15T11:29:29.430646238Z: [    0.920823] clocksource: jiffies: mask: 0xffffffff max_cycles: 0xffffffff, max_idle_ns: 19112604462750000 ns
[STDERR  ] 2017-06-15T11:29:29.430651173Z: [    0.922361] futex hash table entries: 256 (order: 2, 16384 bytes)
[STDERR  ] 2017-06-15T11:29:29.430653826Z: [    0.932346] NET: Registered protocol family 16
[STDERR  ] 2017-06-15T11:29:29.430661142Z: [    0.943192] cpuidle: using governor ladder
[STDERR  ] 2017-06-15T11:29:29.430666015Z: [    0.944085] cpuidle: using governor menu
