[INFO    ] 2017-10-15T23:37:01.507317825Z: Running Test linuxkit.packages.format_mount.by_device_force in /tmp/build/test/cases/040_packages/006_format_mount/005_by_device_force
[INFO    ] 2017-10-15T23:37:01.507423497Z: Running command: [/bin/sh -x /tmp/build/test/cases/040_packages/006_format_mount/005_by_device_force/test.sh]
[STDERR  ] 2017-10-15T23:37:01.557467991Z: + set -e
[STDERR  ] 2017-10-15T23:37:01.557548672Z: + . /tmp/build/test/cases/_lib/lib.sh
[STDERR  ] 2017-10-15T23:37:01.557559837Z: + [ -f src/github.com/linuxkit/rtf/lib/lib.sh ]
[STDERR  ] 2017-10-15T23:37:01.5575669Z: + LINUXKIT_TMPDIR=/tmp/build/test/cases/_tmp
[STDERR  ] 2017-10-15T23:37:01.557573128Z: + [ -f /tmp/build/test/cases/_tmp/env.sh ]
[STDERR  ] 2017-10-15T23:37:01.557579737Z: + . /tmp/build/test/cases/_tmp/env.sh
[STDERR  ] 2017-10-15T23:37:01.557586186Z: + export LINUXKIT_EXAMPLES_DIR=/tmp/build/test/cases/../../examples
[STDERR  ] 2017-10-15T23:37:01.557593762Z: + export LINUXKIT_BLUEPRINTS_DIR=/tmp/build/test/cases/../../blueprints
[STDERR  ] 2017-10-15T23:37:01.557608772Z: + RT_CANCEL=253
[STDERR  ] 2017-10-15T23:37:01.557615425Z: + NAME=test-format
[STDERR  ] 2017-10-15T23:37:01.55762178Z: + DISK1=disk1.img
[STDERR  ] 2017-10-15T23:37:01.557628422Z: + DISK2=disk2.img
[STDERR  ] 2017-10-15T23:37:01.557634592Z: + trap clean_up EXIT
[STDERR  ] 2017-10-15T23:37:01.557640632Z: + moby build -format kernel+initrd -name test-format test.yml
[STDERR  ] 2017-10-15T23:37:01.569948173Z: Extract kernel image: linuxkit/kernel:4.9.51
[STDERR  ] 2017-10-15T23:37:02.761192469Z: time="2017-10-15T23:37:02Z" level=warning msg="certificate with CN Rolf Neugebauer is near expiry" 
[STDERR  ] 2017-10-15T23:37:02.784781946Z: time="2017-10-15T23:37:02Z" level=warning msg="certificate with CN Rolf Neugebauer is near expiry" 
[STDERR  ] 2017-10-15T23:37:02.834115862Z: Pull image: docker.io/linuxkit/kernel:4.9.51@sha256:ccb086aa7796a25e96d0f059be97ece643c58d5d2dd04cbfc57e05b88b2446ec
[STDERR  ] 2017-10-15T23:37:13.604659534Z: Add init containers:
[STDERR  ] 2017-10-15T23:37:14.705108876Z: time="2017-10-15T23:37:14Z" level=warning msg="certificate with CN Rolf Neugebauer is near expiry" 
[STDERR  ] 2017-10-15T23:37:14.709522502Z: time="2017-10-15T23:37:14Z" level=warning msg="certificate with CN Rolf Neugebauer is near expiry" 
[STDERR  ] 2017-10-15T23:37:16.044316697Z: time="2017-10-15T23:37:16Z" level=warning msg="certificate with CN Rolf Neugebauer is near expiry" 
[STDERR  ] 2017-10-15T23:37:16.047685409Z: time="2017-10-15T23:37:16Z" level=warning msg="certificate with CN Rolf Neugebauer is near expiry" 
[STDERR  ] 2017-10-15T23:37:16.206669356Z: Add onboot containers:
[STDERR  ] 2017-10-15T23:37:16.206723841Z:   Create OCI config for linuxkit/format:be811ded880af37a916f23bc9ddb274026ccc514
[STDERR  ] 2017-10-15T23:37:17.270674562Z: time="2017-10-15T23:37:17Z" level=warning msg="certificate with CN Rolf Neugebauer is near expiry" 
[STDERR  ] 2017-10-15T23:37:17.273050887Z: time="2017-10-15T23:37:17Z" level=warning msg="certificate with CN Rolf Neugebauer is near expiry" 
[STDERR  ] 2017-10-15T23:37:17.568288777Z:   Create OCI config for linuxkit/format:be811ded880af37a916f23bc9ddb274026ccc514
[STDERR  ] 2017-10-15T23:37:18.660369886Z: time="2017-10-15T23:37:18Z" level=warning msg="certificate with CN Rolf Neugebauer is near expiry" 
[STDERR  ] 2017-10-15T23:37:18.662727463Z: time="2017-10-15T23:37:18Z" level=warning msg="certificate with CN Rolf Neugebauer is near expiry" 
[STDERR  ] 2017-10-15T23:37:18.980284174Z:   Create OCI config for linuxkit/format:be811ded880af37a916f23bc9ddb274026ccc514
[STDERR  ] 2017-10-15T23:37:20.067589917Z: time="2017-10-15T23:37:20Z" level=warning msg="certificate with CN Rolf Neugebauer is near expiry" 
[STDERR  ] 2017-10-15T23:37:20.069865527Z: time="2017-10-15T23:37:20Z" level=warning msg="certificate with CN Rolf Neugebauer is near expiry" 
[STDERR  ] 2017-10-15T23:37:20.373245238Z:   Create OCI config for linuxkit/format:be811ded880af37a916f23bc9ddb274026ccc514
[STDERR  ] 2017-10-15T23:37:21.428241067Z: time="2017-10-15T23:37:21Z" level=warning msg="certificate with CN Rolf Neugebauer is near expiry" 
[STDERR  ] 2017-10-15T23:37:21.430654449Z: time="2017-10-15T23:37:21Z" level=warning msg="certificate with CN Rolf Neugebauer is near expiry" 
[STDERR  ] 2017-10-15T23:37:21.740109638Z:   Create OCI config for linuxkit/format:be811ded880af37a916f23bc9ddb274026ccc514
[STDERR  ] 2017-10-15T23:37:22.829375502Z: time="2017-10-15T23:37:22Z" level=warning msg="certificate with CN Rolf Neugebauer is near expiry" 
[STDERR  ] 2017-10-15T23:37:22.831618205Z: time="2017-10-15T23:37:22Z" level=warning msg="certificate with CN Rolf Neugebauer is near expiry" 
[STDERR  ] 2017-10-15T23:37:23.247861849Z:   Create OCI config for linuxkit/poweroff:ffd3f539a6f4e67d4cd4ff36503636de35edd7b2
[STDERR  ] 2017-10-15T23:37:24.379329978Z: time="2017-10-15T23:37:24Z" level=warning msg="certificate with CN Rolf Neugebauer is near expiry" 
[STDERR  ] 2017-10-15T23:37:24.381056019Z: time="2017-10-15T23:37:24Z" level=warning msg="certificate with CN Rolf Neugebauer is near expiry" 
[STDERR  ] 2017-10-15T23:37:24.532760619Z: Add files:
[STDERR  ] 2017-10-15T23:37:24.532806083Z:   check.sh
[STDERR  ] 2017-10-15T23:37:24.554248372Z: Create outputs:
[STDERR  ] 2017-10-15T23:37:32.917612123Z:   test-format-kernel test-format-initrd.img test-format-cmdline
[STDERR  ] 2017-10-15T23:37:32.994376143Z: + linuxkit run -disk file=disk1.img,size=512M -disk file=disk2.img,size=512M test-format
[STDERR  ] 2017-10-15T23:37:33.013779688Z: Unable to find qemu-system-x86_64 within the $PATH. Using a container
[STDERR  ] 2017-10-15T23:38:37.878229611Z: + RESULT=[    0.000000] Linux version 4.9.51-linuxkit (root@3253c0754a54) (gcc version 6.3.0 (Alpine 6.3.0) ) #1 SMP Wed Sep 20 11:32:07 UTC 2017
[STDERR  ] 2017-10-15T23:38:37.878305217Z: [    0.000000] Command line: console=ttyS0
[STDERR  ] 2017-10-15T23:38:37.878318019Z: [    0.000000] x86/fpu: Legacy x87 FPU detected.
[STDERR  ] 2017-10-15T23:38:37.878328401Z: [    0.000000] x86/fpu: Using 'eager' FPU context switches.
[STDERR  ] 2017-10-15T23:38:37.878339952Z: [    0.000000] e820: BIOS-provided physical RAM map:
[STDERR  ] 2017-10-15T23:38:37.878350376Z: [    0.000000] BIOS-e820: [mem 0x0000000000000000-0x000000000009fbff] usable
[STDERR  ] 2017-10-15T23:38:37.878369154Z: [    0.000000] BIOS-e820: [mem 0x000000000009fc00-0x000000000009ffff] reserved
[STDERR  ] 2017-10-15T23:38:37.878378951Z: [    0.000000] BIOS-e820: [mem 0x00000000000f0000-0x00000000000fffff] reserved
[STDERR  ] 2017-10-15T23:38:37.878389029Z: [    0.000000] BIOS-e820: [mem 0x0000000000100000-0x000000003ffddfff] usable
[STDERR  ] 2017-10-15T23:38:37.878398797Z: [    0.000000] BIOS-e820: [mem 0x000000003ffde000-0x000000003fffffff] reserved
[STDERR  ] 2017-10-15T23:38:37.878408505Z: [    0.000000] BIOS-e820: [mem 0x00000000b0000000-0x00000000bfffffff] reserved
[STDERR  ] 2017-10-15T23:38:37.878418046Z: [    0.000000] BIOS-e820: [mem 0x00000000fed1c000-0x00000000fed1ffff] reserved
[STDERR  ] 2017-10-15T23:38:37.878440151Z: [    0.000000] BIOS-e820: [mem 0x00000000fffc0000-0x00000000ffffffff] reserved
[STDERR  ] 2017-10-15T23:38:37.878449522Z: [    0.000000] NX (Execute Disable) protection: active
[STDERR  ] 2017-10-15T23:38:37.878459198Z: [    0.000000] SMBIOS 2.8 present.
[STDERR  ] 2017-10-15T23:38:37.878469069Z: [    0.000000] e820: last_pfn = 0x3ffde max_arch_pfn = 0x400000000
[STDERR  ] 2017-10-15T23:38:37.878478943Z: [    0.000000] x86/PAT: Configuration [0-7]: WB  WC  UC- UC  WB  WC  UC- WT  
[STDERR  ] 2017-10-15T23:38:37.878488279Z: [    0.000000] found SMP MP-table at [mem 0x000f6aa0-0x000f6aaf] mapped at [ffff911cc00f6aa0]
[STDERR  ] 2017-10-15T23:38:37.878498712Z: [    0.000000] RAMDISK: [mem 0x3d0b9000-0x3ffcffff]
[STDERR  ] 2017-10-15T23:38:37.878507694Z: [    0.000000] ACPI: Early table checksum verification disabled
[STDERR  ] 2017-10-15T23:38:37.878515869Z: [    0.000000] ACPI: RSDP 0x00000000000F68C0 000014 (v00 BOCHS )
[STDERR  ] 2017-10-15T23:38:37.878524031Z: [    0.000000] ACPI: RSDT 0x000000003FFE2404 000034 (v01 BOCHS  BXPCRSDT 00000001 BXPC 00000001)
[STDERR  ] 2017-10-15T23:38:37.878537981Z: [    0.000000] ACPI: FACP 0x000000003FFE22A4 000074 (v01 BOCHS  BXPCFACP 00000001 BXPC 00000001)
[STDERR  ] 2017-10-15T23:38:37.878546058Z: [    0.000000] ACPI: DSDT 0x000000003FFE0040 002264 (v01 BOCHS  BXPCDSDT 00000001 BXPC 00000001)
[STDERR  ] 2017-10-15T23:38:37.878554522Z: [    0.000000] ACPI: FACS 0x000000003FFE0000 000040
[STDERR  ] 2017-10-15T23:38:37.878562321Z: [    0.000000] ACPI: APIC 0x000000003FFE2318 000078 (v01 BOCHS  BXPCAPIC 00000001 BXPC 00000001)
[STDERR  ] 2017-10-15T23:38:37.878570158Z: [    0.000000] ACPI: HPET 0x000000003FFE2390 000038 (v01 BOCHS  BXPCHPET 00000001 BXPC 00000001)
[STDERR  ] 2017-10-15T23:38:37.8785784Z: [    0.000000] ACPI: MCFG 0x000000003FFE23C8 00003C (v01 BOCHS  BXPCMCFG 00000001 BXPC 00000001)
[STDERR  ] 2017-10-15T23:38:37.878586344Z: [    0.000000] Zone ranges:
[STDERR  ] 2017-10-15T23:38:37.878595294Z: [    0.000000]   DMA      [mem 0x0000000000001000-0x0000000000ffffff]
[STDERR  ] 2017-10-15T23:38:37.878603259Z: [    0.000000]   DMA32    [mem 0x0000000001000000-0x000000003ffddfff]
[STDERR  ] 2017-10-15T23:38:37.878611578Z: [    0.000000]   Normal   empty
[STDERR  ] 2017-10-15T23:38:37.878620279Z: [    0.000000] Movable zone start for each node
[STDERR  ] 2017-10-15T23:38:37.878628542Z: [    0.000000] Early memory node ranges
[STDERR  ] 2017-10-15T23:38:37.878637156Z: [    0.000000]   node   0: [mem 0x0000000000001000-0x000000000009efff]
[STDERR  ] 2017-10-15T23:38:37.878645853Z: [    0.000000]   node   0: [mem 0x0000000000100000-0x000000003ffddfff]
[STDERR  ] 2017-10-15T23:38:37.878654011Z: [    0.000000] Initmem setup node 0 [mem 0x0000000000001000-0x000000003ffddfff]
[STDERR  ] 2017-10-15T23:38:37.878662055Z: [    0.000000] ACPI: PM-Timer IO Port: 0x608
[STDERR  ] 2017-10-15T23:38:37.878670186Z: [    0.000000] ACPI: LAPIC_NMI (acpi_id[0xff] dfl dfl lint[0x1])
[STDERR  ] 2017-10-15T23:38:37.878678381Z: [    0.000000] IOAPIC[0]: apic_id 0, version 32, address 0xfec00000, GSI 0-23
[STDERR  ] 2017-10-15T23:38:37.878689953Z: [    0.000000] ACPI: INT_SRC_OVR (bus 0 bus_irq 0 global_irq 2 dfl dfl)
[STDERR  ] 2017-10-15T23:38:37.878699485Z: [    0.000000] ACPI: INT_SRC_OVR (bus 0 bus_irq 5 global_irq 5 high level)
[STDERR  ] 2017-10-15T23:38:37.878708053Z: [    0.000000] ACPI: INT_SRC_OVR (bus 0 bus_irq 9 global_irq 9 high level)
[STDERR  ] 2017-10-15T23:38:37.878715661Z: [    0.000000] ACPI: INT_SRC_OVR (bus 0 bus_irq 10 global_irq 10 high level)
[STDERR  ] 2017-10-15T23:38:37.878723433Z: [    0.000000] ACPI: INT_SRC_OVR (bus 0 bus_irq 11 global_irq 11 high level)
[STDERR  ] 2017-10-15T23:38:37.878731411Z: [    0.000000] Using ACPI (MADT) for SMP configuration information
[STDERR  ] 2017-10-15T23:38:37.878739857Z: [    0.000000] ACPI: HPET id: 0x8086a201 base: 0xfed00000
[STDERR  ] 2017-10-15T23:38:37.87874849Z: [    0.000000] smpboot: Allowing 1 CPUs, 0 hotplug CPUs
[STDERR  ] 2017-10-15T23:38:37.87876148Z: [    0.000000] e820: [mem 0x40000000-0xafffffff] available for PCI devices
[STDERR  ] 2017-10-15T23:38:37.878770171Z: [    0.000000] Booting paravirtualized kernel on bare hardware
[STDERR  ] 2017-10-15T23:38:37.878779157Z: [    0.000000] clocksource: refined-jiffies: mask: 0xffffffff max_cycles: 0xffffffff, max_idle_ns: 19112604462750000 ns
[STDERR  ] 2017-10-15T23:38:37.878790453Z: [    0.000000] setup_percpu: NR_CPUS:128 nr_cpumask_bits:128 nr_cpu_ids:1 nr_node_ids:1
[STDERR  ] 2017-10-15T23:38:37.878799255Z: [    0.000000] percpu: Embedded 35 pages/cpu @ffff911cfce00000 s105240 r8192 d29928 u2097152
[STDERR  ] 2017-10-15T23:38:37.878811153Z: [    0.000000] Built 1 zonelists in Zone order, mobility grouping on.  Total pages: 257895
[STDERR  ] 2017-10-15T23:38:37.878820311Z: [    0.000000] Kernel command line: console=ttyS0
[STDERR  ] 2017-10-15T23:38:37.87882939Z: [    0.000000] PID hash table entries: 4096 (order: 3, 32768 bytes)
[STDERR  ] 2017-10-15T23:38:37.878839973Z: [    0.000000] Dentry cache hash table entries: 131072 (order: 8, 1048576 bytes)
[STDERR  ] 2017-10-15T23:38:37.878850274Z: [    0.000000] Inode-cache hash table entries: 65536 (order: 7, 524288 bytes)
[STDERR  ] 2017-10-15T23:38:37.87886491Z: [    0.000000] Memory: 965948K/1048048K available (8036K kernel code, 1367K rwdata, 2696K rodata, 1380K init, 568K bss, 82100K reserved, 0K cma-reserved)
[STDERR  ] 2017-10-15T23:38:37.878878557Z: [    0.000000] Hierarchical RCU implementation.
[STDERR  ] 2017-10-15T23:38:37.878887371Z: [    0.000000] 	Build-time adjustment of leaf fanout to 64.
[STDERR  ] 2017-10-15T23:38:37.878896239Z: [    0.000000] 	RCU restricting CPUs from NR_CPUS=128 to nr_cpu_ids=1.
[STDERR  ] 2017-10-15T23:38:37.87890506Z: [    0.000000] RCU: Adjusting geometry for rcu_fanout_leaf=64, nr_cpu_ids=1
[STDERR  ] 2017-10-15T23:38:37.878914362Z: [    0.000000] NR_IRQS:8448 nr_irqs:256 16
[STDERR  ] 2017-10-15T23:38:37.87892468Z: [    0.000000] Console: colour VGA+ 80x25
[STDERR  ] 2017-10-15T23:38:37.87893349Z: [    0.000000] console [ttyS0] enabled
[STDERR  ] 2017-10-15T23:38:37.878942192Z: [    0.000000] clocksource: hpet: mask: 0xffffffff max_cycles: 0xffffffff, max_idle_ns: 19112604467 ns
[STDERR  ] 2017-10-15T23:38:37.878951037Z: [    0.000000] tsc: Fast TSC calibration using PIT
[STDERR  ] 2017-10-15T23:38:37.878959665Z: [    0.000000] tsc: Detected 2599.885 MHz processor
[STDERR  ] 2017-10-15T23:38:37.878968213Z: [    0.021422] Calibrating delay loop (skipped), value calculated using timer frequency.. 5199.77 BogoMIPS (lpj=25998850)
[STDERR  ] 2017-10-15T23:38:37.878976852Z: [    0.022192] pid_max: default: 32768 minimum: 301
[STDERR  ] 2017-10-15T23:38:37.878985433Z: [    0.022935] ACPI: Core revision 20160831
[STDERR  ] 2017-10-15T23:38:37.878994353Z: [    0.084957] ACPI: 1 ACPI AML tables successfully acquired and loaded
[STDERR  ] 2017-10-15T23:38:37.87900359Z: [    0.089602] Security Framework initialized
[STDERR  ] 2017-10-15T23:38:37.87901257Z: [    0.090175] Yama: becoming mindful.
[STDERR  ] 2017-10-15T23:38:37.879022491Z: [    0.093206] Mount-cache hash table entries: 2048 (order: 2, 16384 bytes)
[STDERR  ] 2017-10-15T23:38:37.879031352Z: [    0.093731] Mountpoint-cache hash table entries: 2048 (order: 2, 16384 bytes)
[STDERR  ] 2017-10-15T23:38:37.879039955Z: [    0.120222] Last level iTLB entries: 4KB 0, 2MB 0, 4MB 0
[STDERR  ] 2017-10-15T23:38:37.879048439Z: [    0.120687] Last level dTLB entries: 4KB 0, 2MB 0, 4MB 0, 1GB 0
[STDERR  ] 2017-10-15T23:38:37.879057163Z: [    0.500977] Freeing SMP alternatives memory: 20K
[STDERR  ] 2017-10-15T23:38:37.879065695Z: [    0.511441] ftrace: allocating 35528 entries in 139 pages
[STDERR  ] 2017-10-15T23:38:37.879074154Z: [    0.730572] smpboot: Max logical packages: 1
[STDERR  ] 2017-10-15T23:38:37.879082671Z: [    0.737821] ..TIMER: vector=0x30 apic1=0 pin1=2 apic2=-1 pin2=-1
[STDERR  ] 2017-10-15T23:38:37.879091308Z: [    0.840000] APIC calibration not consistent with PM-Timer: 101ms instead of 100ms
[STDERR  ] 2017-10-15T23:38:37.879101047Z: [    0.840000] APIC delta adjusted to PM-Timer: 6249989 (6317543)
[STDERR  ] 2017-10-15T23:38:37.879144196Z: [    0.840000] smpboot: CPU0: AMD QEMU Virtual CPU version 2.5+ (family: 0x6, model: 0x6, stepping: 0x3)
[STDERR  ] 2017-10-15T23:38:37.879153447Z: [    0.840000] Performance Events: PMU not available due to virtualization, using software events only.
[STDERR  ] 2017-10-15T23:38:37.879162685Z: [    0.849247] NMI watchdog: disabled (cpu0): hardware events not enabled
[STDERR  ] 2017-10-15T23:38:37.879172048Z: [    0.850094] NMI watchdog: Shutting down hard lockup detector on all cpus
[STDERR  ] 2017-10-15T23:38:37.879180473Z: [    0.853721] x86: Booted up 1 node, 1 CPUs
[STDERR  ] 2017-10-15T23:38:37.879189007Z: [    0.854253] smpboot: Total of 1 processors activated (5199.77 BogoMIPS)
[STDERR  ] 2017-10-15T23:38:37.879197465Z: [    0.870511] devtmpfs: initialized
[STDERR  ] 2017-10-15T23:38:37.879206607Z: [    0.875325] x86/mm: Memory block size: 128MB
[STDERR  ] 2017-10-15T23:38:37.879215152Z: [    0.943227] clocksource: jiffies: mask: 0xffffffff max_cycles: 0xffffffff, max_idle_ns: 19112604462750000 ns
[STDERR  ] 2017-10-15T23:38:37.87922397Z: [    0.944227] futex hash table entries: 256 (order: 2, 16384 bytes)
[STDERR  ] 2017-10-15T23:38:37.87923756Z: [    0.954860] NET: Registered protocol family 16
[STDERR  ] 2017-10-15T23:38:37.879246337Z: [    0.964316] cpuidle: using governor ladder
[STDERR  ] 2017-10-15T23:38:37.879254898Z: [    0.964807] cpuidle: using governor menu
[STDERR  ] 2017-10-15T23:38:37.879265987Z: [    0.966071] ACPI: bus type PCI registered
[STDERR  ] 2017-10-15T23:38:37.879274696Z: [    0.969087] PCI: MMCONFIG for domain 0000 [bus 00-ff] at [mem 0xb0000000-0xbfffffff] (base 0xb0000000)
[STDERR  ] 2017-10-15T23:38:37.879283409Z: [    0.969891] PCI: MMCONFIG at [mem 0xb0000000-0xbfffffff] reserved in E820
[STDERR  ] 2017-10-15T23:38:37.879291864Z: [    0.971406] PCI: Using configuration type 1 for base access
[STDERR  ] 2017-10-15T23:38:37.879300576Z: [    1.027131] HugeTLB registered 2 MB page size, pre-allocated 0 pages
[STDERR  ] 2017-10-15T23:38:37.879309527Z: [    1.039176] ACPI: Added _OSI(Module Device)
[STDERR  ] 2017-10-15T23:38:37.879318234Z: [    1.039371] ACPI: Added _OSI(Processor Device)
[STDERR  ] 2017-10-15T23:38:37.879327704Z: [    1.039520] ACPI: Added _OSI(3.0 _SCP Extensions)
[STDERR  ] 2017-10-15T23:38:37.879336364Z: [    1.039818] ACPI: Added _OSI(Processor Aggregator Device)
[STDERR  ] 2017-10-15T23:38:37.879344874Z: [    1.123108] ACPI: Interpreter enabled
[STDERR  ] 2017-10-15T23:38:37.879353356Z: [    1.124018] ACPI: (supports S0 S5)
[STDERR  ] 2017-10-15T23:38:37.879361955Z: [    1.124388] ACPI: Using IOAPIC for interrupt routing
[STDERR  ] 2017-10-15T23:38:37.879370519Z: [    1.126947] PCI: Using host bridge windows from ACPI; if necessary, use "pci=nocrs" and report a bug
[STDERR  ] 2017-10-15T23:38:37.879379247Z: [    1.196578] ACPI: PCI Root Bridge [PCI0] (domain 0000 [bus 00-ff])
[STDERR  ] 2017-10-15T23:38:37.879387829Z: [    1.197728] acpi PNP0A08:00: _OSC: OS supports [ExtendedConfig ASPM ClockPM Segments MSI]
[STDERR  ] 2017-10-15T23:38:37.879396458Z: [    1.204240] acpi PNP0A08:00: _OSC: OS now controls [PCIeHotplug PME PCIeCapability]
[STDERR  ] 2017-10-15T23:38:37.879405156Z: [    1.208075] PCI host bridge to bus 0000:00
[STDERR  ] 2017-10-15T23:38:37.87941381Z: [    1.208567] pci_bus 0000:00: root bus resource [io  0x0000-0x0cf7 window]
[STDERR  ] 2017-10-15T23:38:37.879422474Z: [    1.208982] pci_bus 0000:00: root bus resource [io  0x0d00-0xffff window]
[STDERR  ] 2017-10-15T23:38:37.879431511Z: [    1.209390] pci_bus 0000:00: root bus resource [mem 0x000a0000-0x000bffff window]
[STDERR  ] 2017-10-15T23:38:37.879440348Z: [    1.209808] pci_bus 0000:00: root bus resource [mem 0xc0000000-0xfebfffff window]
[STDERR  ] 2017-10-15T23:38:37.879449576Z: [    1.210261] pci_bus 0000:00: root bus resource [bus 00-ff]
[STDERR  ] 2017-10-15T23:38:37.879459153Z: [    1.356676] pci 0000:00:1f.0: quirk: [io  0x0600-0x067f] claimed by ICH6 ACPI/GPIO/TCO
[STDERR  ] 2017-10-15T23:38:37.879471962Z: [    1.437450] ACPI: PCI Interrupt Link [LNKA] (IRQs 5 *10 11)
[STDERR  ] 2017-10-15T23:38:37.87948153Z: [    1.440592] ACPI: PCI Interrupt Link [LNKB] (IRQs 5 *10 11)
[STDERR  ] 2017-10-15T23:38:37.879490706Z: [    1.442589] ACPI: PCI Interrupt Link [LNKC] (IRQs 5 10 *11)
[STDERR  ] 2017-10-15T23:38:37.879499708Z: [    1.444402] ACPI: PCI Interrupt Link [LNKD] (IRQs 5 10 *11)
[STDERR  ] 2017-10-15T23:38:37.879510843Z: [    1.446596] ACPI: PCI Interrupt Link [LNKE] (IRQs 5 *10 11)
[STDERR  ] 2017-10-15T23:38:37.879519121Z: [    1.448354] ACPI: PCI Interrupt Link [LNKF] (IRQs 5 *10 11)
[STDERR  ] 2017-10-15T23:38:37.879528059Z: [    1.451090] ACPI: PCI Interrupt Link [LNKG] (IRQs 5 10 *11)
[STDERR  ] 2017-10-15T23:38:37.87955328Z: [    1.453230] ACPI: PCI Interrupt Link [LNKH] (IRQs 5 10 *11)
[STDERR  ] 2017-10-15T23:38:37.879562627Z: [    1.454135] ACPI: PCI Interrupt Link [GSIA] (IRQs *16)
[STDERR  ] 2017-10-15T23:38:37.879571049Z: [    1.454813] ACPI: PCI Interrupt Link [GSIB] (IRQs *17)
[STDERR  ] 2017-10-15T23:38:37.879580949Z: [    1.455427] ACPI: PCI Interrupt Link [GSIC] (IRQs *18)
[STDERR  ] 2017-10-15T23:38:37.879590482Z: [    1.456082] ACPI: PCI Interrupt Link [GSID] (IRQs *19)
[STDERR  ] 2017-10-15T23:38:37.879604931Z: [    1.456692] ACPI: PCI Interrupt Link [GSIE] (IRQs *20)
[STDERR  ] 2017-10-15T23:38:37.879614463Z: [    1.457352] ACPI: PCI Interrupt Link [GSIF] (IRQs *21)
[STDERR  ] 2017-10-15T23:38:37.879623869Z: [    1.458007] ACPI: PCI Interrupt Link [GSIG] (IRQs *22)
[STDERR  ] 2017-10-15T23:38:37.879632408Z: [    1.458674] ACPI: PCI Interrupt Link [GSIH] (IRQs *23)
[STDERR  ] 2017-10-15T23:38:37.879641223Z: [    1.462587] ACPI: Enabled 2 GPEs in block 00 to 3F
[STDERR  ] 2017-10-15T23:38:37.879650706Z: [    1.467027] SCSI subsystem initialized
[STDERR  ] 2017-10-15T23:38:37.879660746Z: [    1.468978] ACPI: bus type USB registered
[STDERR  ] 2017-10-15T23:38:37.879670246Z: [    1.470311] usbcore: registered new interface driver usbfs
[STDERR  ] 2017-10-15T23:38:37.879679138Z: [    1.471231] usbcore: registered new interface driver hub
[STDERR  ] 2017-10-15T23:38:37.879690741Z: [    1.472067] usbcore: registered new device driver usb
[STDERR  ] 2017-10-15T23:38:37.879699709Z: [    1.473209] pps_core: LinuxPPS API ver. 1 registered
[STDERR  ] 2017-10-15T23:38:37.879709332Z: [    1.473506] pps_core: Software ver. 5.3.6 - Copyright 2005-2007 Rodolfo Giometti <giometti@linux.it>
[STDERR  ] 2017-10-15T23:38:37.879719329Z: [    1.474164] PTP clock support registered
[STDERR  ] 2017-10-15T23:38:37.879728941Z: [    1.475331] wmi: Mapper loaded
[STDERR  ] 2017-10-15T23:38:37.879739162Z: [    1.476524] PCI: Using ACPI for IRQ routing
[STDERR  ] 2017-10-15T23:38:37.879749053Z: [    1.496444] NetLabel: Initializing
[STDERR  ] 2017-10-15T23:38:37.879760355Z: [    1.496706] NetLabel:  domain hash size = 128
[STDERR  ] 2017-10-15T23:38:37.879772146Z: [    1.497037] NetLabel:  protocols = UNLABELED CIPSOv4
[STDERR  ] 2017-10-15T23:38:37.879782424Z: [    1.499577] NetLabel:  unlabeled traffic allowed by default
[STDERR  ] 2017-10-15T23:38:37.879792079Z: [    1.500891] HPET: 3 timers in total, 0 timers will be used for per-cpu timer
[STDERR  ] 2017-10-15T23:38:37.879802949Z: [    1.501715] hpet0: at MMIO 0xfed00000, IRQs 2, 8, 0
[STDERR  ] 2017-10-15T23:38:37.879811723Z: [    1.502190] hpet0: 3 comparators, 64-bit 100.000000 MHz counter
[STDERR  ] 2017-10-15T23:38:37.879821482Z: [    1.508461] clocksource: Switched to clocksource hpet
[STDERR  ] 2017-10-15T23:38:37.879829438Z: [    1.757830] VFS: Disk quotas dquot_6.6.0
[STDERR  ] 2017-10-15T23:38:37.879837967Z: [    1.758700] VFS: Dquot-cache hash table entries: 512 (order 0, 4096 bytes)
[STDERR  ] 2017-10-15T23:38:37.879846197Z: [    1.762632] FS-Cache: Loaded
[STDERR  ] 2017-10-15T23:38:37.87985481Z: [    1.767951] CacheFiles: Loaded
[STDERR  ] 2017-10-15T23:38:37.879862747Z: [    1.770587] pnp: PnP ACPI init
[STDERR  ] 2017-10-15T23:38:37.879872505Z: [    1.781740] pnp: PnP ACPI: found 5 devices
[STDERR  ] 2017-10-15T23:38:37.879881202Z: [    1.828813] clocksource: acpi_pm: mask: 0xffffff max_cycles: 0xffffff, max_idle_ns: 2085701024 ns
[STDERR  ] 2017-10-15T23:38:37.879898426Z: [    1.833073] NET: Registered protocol family 2
[STDERR  ] 2017-10-15T23:38:37.879906866Z: [    1.841301] TCP established hash table entries: 8192 (order: 4, 65536 bytes)
[STDERR  ] 2017-10-15T23:38:37.879916011Z: [    1.842179] TCP bind hash table entries: 8192 (order: 5, 131072 bytes)
[STDERR  ] 2017-10-15T23:38:37.879925116Z: [    1.842952] TCP: Hash tables configured (established 8192 bind 8192)
[STDERR  ] 2017-10-15T23:38:37.879940139Z: [    1.844948] UDP hash table entries: 512 (order: 2, 16384 bytes)
[STDERR  ] 2017-10-15T23:38:37.879949307Z: [    1.845551] UDP-Lite hash table entries: 512 (order: 2, 16384 bytes)
[STDERR  ] 2017-10-15T23:38:37.879959077Z: [    1.847964] NET: Registered protocol family 1
[STDERR  ] 2017-10-15T23:38:37.879969364Z: [    1.849039] pci 0000:00:01.0: Video device with shadowed ROM at [mem 0x000c0000-0x000dffff]
[STDERR  ] 2017-10-15T23:38:37.879978246Z: [    1.856416] Unpacking initramfs...
[STDERR  ] 2017-10-15T23:38:37.879986291Z: [   10.999331] Freeing initrd memory: 48220K
[STDERR  ] 2017-10-15T23:38:37.879995822Z: [   11.023629] PCLMULQDQ-NI instructions are not detected.
[STDERR  ] 2017-10-15T23:38:37.880009745Z: [   11.025156] AVX or AES-NI instructions are not detected.
[STDERR  ] 2017-10-15T23:38:37.8800189Z: [   11.025662] CPU feature 'AVX registers' is not supported.
[STDERR  ] 2017-10-15T23:38:37.880027556Z: [   11.026069] CPU feature 'AVX registers' is not supported.
[STDERR  ] 2017-10-15T23:38:37.880036144Z: [   11.026460] CPU feature 'AVX registers' is not supported.
[STDERR  ] 2017-10-15T23:38:37.880044366Z: [   11.026803] CPU feature 'AVX registers' is not supported.
[STDERR  ] 2017-10-15T23:38:37.880053011Z: [   11.027182] AVX2 or AES-NI instructions are not detected.
[STDERR  ] 2017-10-15T23:38:37.880061752Z: [   11.027546] AVX2 instructions are not detected.
[STDERR  ] 2017-10-15T23:38:37.88007041Z: [   11.034301] audit: initializing netlink subsys (disabled)
[STDERR  ] 2017-10-15T23:38:37.880079628Z: [   11.036024] audit: type=2000 audit(1508110666.030:1): initialized
[STDERR  ] 2017-10-15T23:38:37.880088752Z: [   11.043957] workingset: timestamp_bits=46 max_order=18 bucket_order=0
[STDERR  ] 2017-10-15T23:38:37.880098369Z: [   11.050521] FS-Cache: Netfs 'cifs' registered for caching
[STDERR  ] 2017-10-15T23:38:37.880106856Z: [   11.051606] fuse init (API version 7.26)
[STDERR  ] 2017-10-15T23:38:37.88012435Z: [   11.054075] SGI XFS with ACLs, security attributes, no debug enabled
[STDERR  ] 2017-10-15T23:38:37.880133697Z: [   11.061191] 9p: Installing v9fs 9p2000 file system support
[STDERR  ] 2017-10-15T23:38:37.880142748Z: [   11.061730] FS-Cache: Netfs '9p' registered for caching
[STDERR  ] 2017-10-15T23:38:37.880152235Z: [   11.092220] NET: Registered protocol family 38
[STDERR  ] 2017-10-15T23:38:37.880161493Z: [   11.092809] Key type asymmetric registered
[STDERR  ] 2017-10-15T23:38:37.880169831Z: [   11.093153] Asymmetric key parser 'x509' registered
[STDERR  ] 2017-10-15T23:38:37.880178412Z: [   11.094138] Block layer SCSI generic (bsg) driver version 0.4 loaded (major 251)
[STDERR  ] 2017-10-15T23:38:37.880187624Z: [   11.095674] io scheduler noop registered
[STDERR  ] 2017-10-15T23:38:37.88019693Z: [   11.096017] io scheduler deadline registered (default)
[STDERR  ] 2017-10-15T23:38:37.880205547Z: [   11.097004] io scheduler cfq registered
[STDERR  ] 2017-10-15T23:38:37.880215257Z: [   11.099601] pci_hotplug: PCI Hot Plug PCI Core version: 0.5
[STDERR  ] 2017-10-15T23:38:37.880224991Z: [   11.101162] pciehp: PCI Express Hot Plug Controller Driver version: 0.4
[STDERR  ] 2017-10-15T23:38:37.880235136Z: [   11.102080] shpchp: Standard Hot Plug PCI Controller Driver version: 0.4
[STDERR  ] 2017-10-15T23:38:37.880243508Z: [   11.102944] hv_vmbus: registering driver hyperv_fb
[STDERR  ] 2017-10-15T23:38:37.880251874Z: [   11.106128] input: Power Button as /devices/LNXSYSTM:00/LNXPWRBN:00/input/input0
[STDERR  ] 2017-10-15T23:38:37.88026634Z: [   11.107280] ACPI: Power Button [PWRF]
[STDERR  ] 2017-10-15T23:38:37.880275392Z: [   11.112492] GHES: HEST is not enabled!
[STDERR  ] 2017-10-15T23:38:37.880284587Z: [   11.124948] ACPI: PCI Interrupt Link [GSIG] enabled at IRQ 22
[STDERR  ] 2017-10-15T23:38:37.880292764Z: [   11.138558] ACPI: PCI Interrupt Link [GSIH] enabled at IRQ 23
[STDERR  ] 2017-10-15T23:38:37.880300902Z: [   11.144733] xenfs: not registering filesystem on non-xen platform
[STDERR  ] 2017-10-15T23:38:37.88030974Z: [   11.146960] Serial: 8250/16550 driver, 4 ports, IRQ sharing disabled
[STDERR  ] 2017-10-15T23:38:37.880318984Z: [   11.170866] 00:04: ttyS0 at I/O 0x3f8 (irq = 4, base_baud = 115200) is a 16550A
[STDERR  ] 2017-10-15T23:38:37.880327911Z: [   11.183023] Non-volatile memory driver v1.3
[STDERR  ] 2017-10-15T23:38:37.880336754Z: [   11.190973] Hangcheck: starting hangcheck timer 0.9.1 (tick is 180 seconds, margin is 60 seconds).
[STDERR  ] 2017-10-15T23:38:37.880346225Z: [   11.230031] loop: module loaded
[STDERR  ] 2017-10-15T23:38:37.880355207Z: [   11.245761] nbd: registered device at major 43
[STDERR  ] 2017-10-15T23:38:37.880364731Z: [   11.288383] lpc_ich 0000:00:1f.0: I/O space for GPIO uninitialized
[STDERR  ] 2017-10-15T23:38:37.880377985Z: [   11.290864] VMware PVSCSI driver - version 1.0.7.0-k
[STDERR  ] 2017-10-15T23:38:37.880388917Z: [   11.291835] hv_vmbus: registering driver hv_storvsc
[STDERR  ] 2017-10-15T23:38:37.880398461Z: [   11.302622] ACPI: PCI Interrupt Link [GSIA] enabled at IRQ 16
[STDERR  ] 2017-10-15T23:38:37.88040713Z: [   11.309723] ahci 0000:00:1f.2: AHCI 0001.0000 32 slots 6 ports 1.5 Gbps 0x3f impl SATA mode
[STDERR  ] 2017-10-15T23:38:37.880416761Z: [   11.310849] ahci 0000:00:1f.2: flags: 64bit ncq only 
[STDERR  ] 2017-10-15T23:38:37.880426715Z: [   11.331312] scsi host0: ahci
[STDERR  ] 2017-10-15T23:38:37.880434773Z: [   11.336573] scsi host1: ahci
[STDERR  ] 2017-10-15T23:38:37.880443615Z: [   11.339767] scsi host2: ahci
[STDERR  ] 2017-10-15T23:38:37.88045174Z: [   11.342461] scsi host3: ahci
[STDERR  ] 2017-10-15T23:38:37.880459891Z: [   11.344739] scsi host4: ahci
[STDERR  ] 2017-10-15T23:38:37.880468075Z: [   11.346998] scsi host5: ahci
[STDERR  ] 2017-10-15T23:38:37.880476465Z: [   11.349038] ata1: SATA max UDMA/133 abar m4096@0xfebd2000 port 0xfebd2100 irq 24
[STDERR  ] 2017-10-15T23:38:37.880485889Z: [   11.349599] ata2: SATA max UDMA/133 abar m4096@0xfebd2000 port 0xfebd2180 irq 24
[STDERR  ] 2017-10-15T23:38:37.880494517Z: [   11.350033] ata3: SATA max UDMA/133 abar m4096@0xfebd2000 port 0xfebd2200 irq 24
[STDERR  ] 2017-10-15T23:38:37.880502724Z: [   11.350810] ata4: SATA max UDMA/133 abar m4096@0xfebd2000 port 0xfebd2280 irq 24
[STDERR  ] 2017-10-15T23:38:37.880512429Z: [   11.351246] ata5: SATA max UDMA/133 abar m4096@0xfebd2000 port 0xfebd2300 irq 24
[STDERR  ] 2017-10-15T23:38:37.880524471Z: [   11.351684] ata6: SATA max UDMA/133 abar m4096@0xfebd2000 port 0xfebd2380 irq 24
[STDERR  ] 2017-10-15T23:38:37.880532858Z: [   11.365129] tun: Universal TUN/TAP device driver, 1.6
[STDERR  ] 2017-10-15T23:38:37.88054448Z: [   11.365551] tun: (C) 1999-2004 Max Krasnyansky <maxk@qualcomm.com>
[STDERR  ] 2017-10-15T23:38:37.880553565Z: [   11.376567] VMware vmxnet3 virtual NIC driver - version 1.4.a.0-k-NAPI
[STDERR  ] 2017-10-15T23:38:37.880562134Z: [   11.377607] hv_vmbus: registering driver hv_netvsc
[STDERR  ] 2017-10-15T23:38:37.880570168Z: [   11.377987] Fusion MPT base driver 3.04.20
[STDERR  ] 2017-10-15T23:38:37.880578973Z: [   11.378245] Copyright (c) 1999-2008 LSI Corporation
[STDERR  ] 2017-10-15T23:38:37.88058784Z: [   11.378834] Fusion MPT SPI Host driver 3.04.20
[STDERR  ] 2017-10-15T23:38:37.880596424Z: [   11.381795] i8042: PNP: PS/2 Controller [PNP0303:KBD,PNP0f13:MOU] at 0x60,0x64 irq 1,12
[STDERR  ] 2017-10-15T23:38:37.880605153Z: [   11.385908] serio: i8042 KBD port at 0x60,0x64 irq 1
[STDERR  ] 2017-10-15T23:38:37.880614042Z: [   11.386580] serio: i8042 AUX port at 0x60,0x64 irq 12
[STDERR  ] 2017-10-15T23:38:37.880623036Z: [   11.389592] hv_vmbus: registering driver hyperv_keyboard
[STDERR  ] 2017-10-15T23:38:37.880637149Z: [   11.392055] mousedev: PS/2 mouse device common for all mice
[STDERR  ] 2017-10-15T23:38:37.880646493Z: [   11.396928] input: AT Translated Set 2 keyboard as /devices/platform/i8042/serio0/input/input1
[STDERR  ] 2017-10-15T23:38:37.88065592Z: [   11.399824] input: PC Speaker as /devices/platform/pcspkr/input/input2
[STDERR  ] 2017-10-15T23:38:37.880665906Z: [   11.403458] rtc_cmos 00:00: RTC can wake from S4
[STDERR  ] 2017-10-15T23:38:37.880674435Z: [   11.406770] rtc_cmos 00:00: rtc core: registered rtc_cmos as rtc0
[STDERR  ] 2017-10-15T23:38:37.880683792Z: [   11.408037] rtc_cmos 00:00: alarms up to one day, y3k, 114 bytes nvram, hpet irqs
[STDERR  ] 2017-10-15T23:38:37.88069388Z: [   11.408727] i2c /dev entries driver
[STDERR  ] 2017-10-15T23:38:37.880703375Z: [   11.410952] device-mapper: ioctl: 4.35.0-ioctl (2016-06-23) initialised: dm-devel@redhat.com
[STDERR  ] 2017-10-15T23:38:37.880712152Z: [   11.415483] usbcore: registered new interface driver usbhid
[STDERR  ] 2017-10-15T23:38:37.880721052Z: [   11.415841] usbhid: USB HID core driver
[STDERR  ] 2017-10-15T23:38:37.880733343Z: [   11.416497] hv_utils: Registering HyperV Utility Driver
[STDERR  ] 2017-10-15T23:38:37.880746643Z: [   11.416851] hv_vmbus: registering driver hv_util
[STDERR  ] 2017-10-15T23:38:37.880754794Z: [   11.417120] hv_vmbus: registering driver hv_balloon
[STDERR  ] 2017-10-15T23:38:37.880764637Z: [   11.417630] oprofile: using NMI interrupt.
[STDERR  ] 2017-10-15T23:38:37.880773206Z: [   11.418780] GACT probability on
[STDERR  ] 2017-10-15T23:38:37.880782644Z: [   11.419299] Mirror/redirect action on
[STDERR  ] 2017-10-15T23:38:37.880791059Z: [   11.420770] Simple TC action Loaded
[STDERR  ] 2017-10-15T23:38:37.88079934Z: [   11.421449] u32 classifier
[STDERR  ] 2017-10-15T23:38:37.880808301Z: [   11.421645]     Performance counters on
[STDERR  ] 2017-10-15T23:38:37.880816743Z: [   11.421916]     input device check on
[STDERR  ] 2017-10-15T23:38:37.880824869Z: [   11.422129]     Actions configured
[STDERR  ] 2017-10-15T23:38:37.880833172Z: [   11.422721] Netfilter messages via NETLINK v0.30.
[STDERR  ] 2017-10-15T23:38:37.880841513Z: [   11.423579] nfnl_acct: registering with nfnetlink.
[STDERR  ] 2017-10-15T23:38:37.880849741Z: [   11.424929] nf_conntrack version 0.5.0 (8192 buckets, 32768 max)
[STDERR  ] 2017-10-15T23:38:37.880855547Z: [   11.428010] ctnetlink v0.93: registering with nfnetlink.
[STDERR  ] 2017-10-15T23:38:37.880861325Z: [   11.432787] nf_tables: (c) 2007-2009 Patrick McHardy <kaber@trash.net>
[STDERR  ] 2017-10-15T23:38:37.880867628Z: [   11.433680] nf_tables_compat: (c) 2012 Pablo Neira Ayuso <pablo@netfilter.org>
[STDERR  ] 2017-10-15T23:38:37.880873386Z: [   11.436102] xt_time: kernel timezone is -0000
[STDERR  ] 2017-10-15T23:38:37.880879034Z: [   11.436639] ip_set: protocol 6
[STDERR  ] 2017-10-15T23:38:37.880885904Z: [   11.437274] IPVS: Registered protocols (TCP, UDP, SCTP, AH, ESP)
[STDERR  ] 2017-10-15T23:38:37.880894648Z: [   11.437925] IPVS: Connection hash table configured (size=4096, memory=64Kbytes)
[STDERR  ] 2017-10-15T23:38:37.880902948Z: [   11.439710] IPVS: Creating netns size=2104 id=0
[STDERR  ] 2017-10-15T23:38:37.880911073Z: [   11.442862] IPVS: ipvs loaded.
[STDERR  ] 2017-10-15T23:38:37.880920003Z: [   11.443221] IPVS: [rr] scheduler registered.
[STDERR  ] 2017-10-15T23:38:37.880928251Z: [   11.443550] IPVS: [wrr] scheduler registered.
[STDERR  ] 2017-10-15T23:38:37.880936375Z: [   11.443829] IPVS: [lc] scheduler registered.
[STDERR  ] 2017-10-15T23:38:37.880943781Z: [   11.444100] IPVS: [wlc] scheduler registered.
[STDERR  ] 2017-10-15T23:38:37.880951959Z: [   11.444349] IPVS: [fo] scheduler registered.
[STDERR  ] 2017-10-15T23:38:37.880960163Z: [   11.444603] IPVS: [ovf] scheduler registered.
[STDERR  ] 2017-10-15T23:38:37.880968927Z: [   11.445053] IPVS: [lblc] scheduler registered.
[STDERR  ] 2017-10-15T23:38:37.880977916Z: [   11.445489] IPVS: [lblcr] scheduler registered.
[STDERR  ] 2017-10-15T23:38:37.88098934Z: [   11.445768] IPVS: [dh] scheduler registered.
[STDERR  ] 2017-10-15T23:38:37.880995238Z: [   11.446031] IPVS: [sh] scheduler registered.
[STDERR  ] 2017-10-15T23:38:37.88100101Z: [   11.446396] IPVS: [sed] scheduler registered.
[STDERR  ] 2017-10-15T23:38:37.881009484Z: [   11.446661] IPVS: [nq] scheduler registered.
[STDERR  ] 2017-10-15T23:38:37.881015428Z: [   11.447426] IPVS: ftp: loaded support on port[0] = 21
[STDERR  ] 2017-10-15T23:38:37.88102157Z: [   11.448368] ipip: IPv4 and MPLS over IPv4 tunneling driver
[STDERR  ] 2017-10-15T23:38:37.881028589Z: [   11.453719] gre: GRE over IPv4 demultiplexor driver
[STDERR  ] 2017-10-15T23:38:37.881034362Z: [   11.456522] ip_tables: (C) 2000-2006 Netfilter Core Team
[STDERR  ] 2017-10-15T23:38:37.881040763Z: [   11.459828] ipt_CLUSTERIP: ClusterIP Version 0.8 loaded successfully
[STDERR  ] 2017-10-15T23:38:37.881046983Z: [   11.461137] arp_tables: arp_tables: (C) 2002 David S. Miller
[STDERR  ] 2017-10-15T23:38:37.88105281Z: [   11.463552] NET: Registered protocol family 10
[STDERR  ] 2017-10-15T23:38:37.881058324Z: [   11.473389] ip6_tables: (C) 2000-2006 Netfilter Core Team
[STDERR  ] 2017-10-15T23:38:37.88106548Z: [   11.482002] NET: Registered protocol family 17
[STDERR  ] 2017-10-15T23:38:37.881080041Z: [   11.483099] Bridge firewalling registered
[STDERR  ] 2017-10-15T23:38:37.881088766Z: [   11.483689] Ebtables v2.0 registered
[STDERR  ] 2017-10-15T23:38:37.881097437Z: [   11.485638] 8021q: 802.1Q VLAN Support v1.8
[STDERR  ] 2017-10-15T23:38:37.881105234Z: [   11.487099] 9pnet: Installing 9P2000 support
[STDERR  ] 2017-10-15T23:38:37.881119312Z: [   11.488620] Key type dns_resolver registered
[STDERR  ] 2017-10-15T23:38:37.881128422Z: [   11.489539] microcode: AMD CPU family 0x6 not supported
[STDERR  ] 2017-10-15T23:38:37.88113432Z: [   11.493616] registered taskstats version 1
[STDERR  ] 2017-10-15T23:38:37.881140967Z: [   11.681661] ata2: SATA link up 1.5 Gbps (SStatus 113 SControl 300)
[STDERR  ] 2017-10-15T23:38:37.881147388Z: [   11.689271] ata2.00: ATA-7: QEMU HARDDISK, 2.5+, max UDMA/100
[STDERR  ] 2017-10-15T23:38:37.881153296Z: [   11.689746] ata2.00: 1048576 sectors, multi 16: LBA48 NCQ (depth 31/32)
[STDERR  ] 2017-10-15T23:38:37.881159298Z: [   11.690619] ata2.00: applying bridge limits
[STDERR  ] 2017-10-15T23:38:37.881165185Z: [   11.692437] ata1: SATA link up 1.5 Gbps (SStatus 113 SControl 300)
[STDERR  ] 2017-10-15T23:38:37.881171649Z: [   11.693140] ata1.00: ATA-7: QEMU HARDDISK, 2.5+, max UDMA/100
[STDERR  ] 2017-10-15T23:38:37.881177648Z: [   11.693492] ata1.00: 1048576 sectors, multi 16: LBA48 NCQ (depth 31/32)
[STDERR  ] 2017-10-15T23:38:37.881183252Z: [   11.693900] ata1.00: applying bridge limits
[STDERR  ] 2017-10-15T23:38:37.881188965Z: [   11.694897] ata1.00: configured for UDMA/100
[STDERR  ] 2017-10-15T23:38:37.881194612Z: [   11.697706] ata4: SATA link down (SStatus 0 SControl 300)
[STDERR  ] 2017-10-15T23:38:37.881200158Z: [   11.698387] ata3: SATA link up 1.5 Gbps (SStatus 113 SControl 300)
[STDERR  ] 2017-10-15T23:38:37.881205764Z: [   11.699140] ata3.00: ATAPI: QEMU DVD-ROM, 2.5+, max UDMA/100
[STDERR  ] 2017-10-15T23:38:37.881211743Z: [   11.699558] ata3.00: applying bridge limits
[STDERR  ] 2017-10-15T23:38:37.881217259Z: [   11.700380] ata3.00: configured for UDMA/100
[STDERR  ] 2017-10-15T23:38:37.881222837Z: [   11.701449] ata5: SATA link down (SStatus 0 SControl 300)
[STDERR  ] 2017-10-15T23:38:37.88122844Z: [   11.703359] ata6: SATA link down (SStatus 0 SControl 300)
[STDERR  ] 2017-10-15T23:38:37.88123395Z: [   11.719248] ata2.00: configured for UDMA/100
[STDERR  ] 2017-10-15T23:38:37.881239561Z: [   11.722515] scsi 0:0:0:0: Direct-Access     ATA      QEMU HARDDISK    2.5+ PQ: 0 ANSI: 5
[STDERR  ] 2017-10-15T23:38:37.881245627Z: [   11.744285] sd 0:0:0:0: [sda] 1048576 512-byte logical blocks: (537 MB/512 MiB)
[STDERR  ] 2017-10-15T23:38:37.881252207Z: [   11.746027] sd 0:0:0:0: Attached scsi generic sg0 type 0
[STDERR  ] 2017-10-15T23:38:37.881257954Z: [   11.752504] sd 0:0:0:0: [sda] Write Protect is off
[STDERR  ] 2017-10-15T23:38:37.881268327Z: [   11.754625] scsi 1:0:0:0: Direct-Access     ATA      QEMU HARDDISK    2.5+ PQ: 0 ANSI: 5
[STDERR  ] 2017-10-15T23:38:37.881274108Z: [   11.758209] sd 1:0:0:0: [sdb] 1048576 512-byte logical blocks: (537 MB/512 MiB)
[STDERR  ] 2017-10-15T23:38:37.881280024Z: [   11.759711] sd 0:0:0:0: [sda] Write cache: enabled, read cache: enabled, doesn't support DPO or FUA
[STDERR  ] 2017-10-15T23:38:37.881285967Z: [   11.761328] sd 1:0:0:0: [sdb] Write Protect is off
[STDERR  ] 2017-10-15T23:38:37.881291565Z: [   11.772502] sd 1:0:0:0: [sdb] Write cache: enabled, read cache: enabled, doesn't support DPO or FUA
[STDERR  ] 2017-10-15T23:38:37.881297138Z: [   11.776475] sd 1:0:0:0: Attached scsi generic sg1 type 0
[STDERR  ] 2017-10-15T23:38:37.881302617Z: [   11.785929] scsi 2:0:0:0: CD-ROM            QEMU     QEMU DVD-ROM     2.5+ PQ: 0 ANSI: 5
[STDERR  ] 2017-10-15T23:38:37.881308103Z: [   11.810532] sr 2:0:0:0: [sr0] scsi3-mmc drive: 4x/4x cd/rw xa/form2 tray
[STDERR  ] 2017-10-15T23:38:37.88131354Z: [   11.811312] cdrom: Uniform CD-ROM driver Revision: 3.20
[STDERR  ] 2017-10-15T23:38:37.881318972Z: [   11.822996] sd 1:0:0:0: [sdb] Attached SCSI disk
[STDERR  ] 2017-10-15T23:38:37.881327668Z: [   11.824428] Key type big_key registered
[STDERR  ] 2017-10-15T23:38:37.881333302Z: [   11.827163] sr 2:0:0:0: Attached scsi generic sg2 type 5
[STDERR  ] 2017-10-15T23:38:37.881341309Z: [   11.833708] sd 0:0:0:0: [sda] Attached SCSI disk
[STDERR  ] 2017-10-15T23:38:37.881346995Z: [   11.885827] Key type encrypted registered
[STDERR  ] 2017-10-15T23:38:37.881352439Z: [   11.891806] rtc_cmos 00:00: setting system clock to 2017-10-15 23:37:48 UTC (1508110668)
[STDERR  ] 2017-10-15T23:38:37.881359539Z: [   12.041503] Freeing unused kernel memory: 1380K
[STDERR  ] 2017-10-15T23:38:37.881366592Z: [   12.041940] Write protecting the kernel read-only data: 12288k
[STDERR  ] 2017-10-15T23:38:37.881372169Z: [   12.049366] Freeing unused kernel memory: 140K
[STDERR  ] 2017-10-15T23:38:37.881377553Z: [   12.173327] Freeing unused kernel memory: 1400K
[STDERR  ] 2017-10-15T23:38:37.881382983Z: [   12.174316] tsc: Refined TSC clocksource calibration: 2599.890 MHz
[STDERR  ] 2017-10-15T23:38:37.88138857Z: [   12.174798] clocksource: tsc: mask: 0xffffffffffffffff max_cycles: 0x2579d44c704, max_idle_ns: 440795240847 ns
[STDERR  ] 2017-10-15T23:38:37.881394167Z: [   13.191048] clocksource: Switched to clocksource tsc
[STDERR  ] 2017-10-15T23:38:37.881399682Z: 
[STDERR  ] 2017-10-15T23:38:37.88140551Z: Welcome to LinuxKit
[STDERR  ] 2017-10-15T23:38:37.881411119Z: 
[STDERR  ] 2017-10-15T23:38:37.881416593Z:                         ##         .
[STDERR  ] 2017-10-15T23:38:37.881422276Z:                   ## ## ##        ==
[STDERR  ] 2017-10-15T23:38:37.881427743Z:                ## ## ## ## ##    ===
[STDERR  ] 2017-10-15T23:38:37.881447916Z:            /"""""""""""""""""\___/ ===
[STDERR  ] 2017-10-15T23:38:37.88145614Z:           {                       /  ===-
[STDERR  ] 2017-10-15T23:38:37.881463547Z:            \______ O           __/
[STDERR  ] 2017-10-15T23:38:37.881472099Z:              \    \         __/
[STDERR  ] 2017-10-15T23:38:37.881479648Z:               \____\_______/
[STDERR  ] 2017-10-15T23:38:37.881485534Z: 
[STDERR  ] 2017-10-15T23:38:37.881490949Z: [   33.474221] IPVS: Creating netns size=2104 id=1
[STDERR  ] 2017-10-15T23:38:37.88149648Z: [   33.474819] IPVS: ftp: loaded support on port[0] = 21
[STDERR  ] 2017-10-15T23:38:37.881504504Z: 2017/10/15 23:38:09 Considering auto format for device /dev/sda
[STDERR  ] 2017-10-15T23:38:37.881510525Z: 2017/10/15 23:38:09 Checking if /dev/sda is empty
[STDERR  ] 2017-10-15T23:38:37.881516082Z: [   34.460992] random: fast init done
[STDERR  ] 2017-10-15T23:38:37.881521632Z: 2017/10/15 23:38:10 blkid did not find any existing content on /dev/sda.
[STDERR  ] 2017-10-15T23:38:37.881527538Z: 2017/10/15 23:38:10 Creating partition on /dev/sda
[STDERR  ] 2017-10-15T23:38:37.881533191Z: [   34.718727]  sda:
[STDERR  ] 2017-10-15T23:38:37.881538899Z: [   34.792301]  sda:
[STDERR  ] 2017-10-15T23:38:37.881548737Z: [   34.824827]  sda: sda1
[STDERR  ] 2017-10-15T23:38:37.881554311Z: [   34.911596]  sda: sda1
[STDERR  ] 2017-10-15T23:38:37.881560116Z: 2017/10/15 23:38:12 Partition /dev/sda1 successfully created!
[STDERR  ] 2017-10-15T23:38:37.881565887Z: [   37.643294] IPVS: Creating netns size=2104 id=2
[STDERR  ] 2017-10-15T23:38:37.881571289Z: [   37.643998] IPVS: ftp: loaded support on port[0] = 21
[STDERR  ] 2017-10-15T23:38:37.881576789Z: 2017/10/15 23:38:14 Considering auto format for device /dev/sdb
[STDERR  ] 2017-10-15T23:38:37.881582314Z: 2017/10/15 23:38:14 Checking if /dev/sdb is empty
[STDERR  ] 2017-10-15T23:38:37.881589898Z: 2017/10/15 23:38:14 blkid did not find any existing content on /dev/sdb.
[STDERR  ] 2017-10-15T23:38:37.881595585Z: 2017/10/15 23:38:14 Creating partition on /dev/sdb
[STDERR  ] 2017-10-15T23:38:37.881601264Z: [   38.891130]  sdb:
[STDERR  ] 2017-10-15T23:38:37.881606716Z: [   38.961745]  sdb:
[STDERR  ] 2017-10-15T23:38:37.881612109Z: [   38.992452]  sdb: sdb1
[STDERR  ] 2017-10-15T23:38:37.88161764Z: [   39.060896]  sdb: sdb1
[STDERR  ] 2017-10-15T23:38:37.881623051Z: 2017/10/15 23:38:16 Partition /dev/sdb1 successfully created!
[STDERR  ] 2017-10-15T23:38:37.881631817Z: [   41.672437] IPVS: Creating netns size=2104 id=3
[STDERR  ] 2017-10-15T23:38:37.881637631Z: [   41.672744] IPVS: ftp: loaded support on port[0] = 21
[STDERR  ] 2017-10-15T23:38:37.881643114Z: 2017/10/15 23:38:18 Considering auto format for device /dev/sda
[STDERR  ] 2017-10-15T23:38:37.881648973Z: 2017/10/15 23:38:18 Checking if /dev/sda is empty
[STDERR  ] 2017-10-15T23:38:37.881654394Z: 2017/10/15 23:38:18 /dev/sda has content. blkid returned: /dev/sda: PTUUID="ff37491b" PTTYPE="dos"
[STDERR  ] 2017-10-15T23:38:37.881660016Z: 2017/10/15 23:38:18 No eligible disks found
[STDERR  ] 2017-10-15T23:38:37.881665509Z: [   43.378615] IPVS: Creating netns size=2104 id=4
[STDERR  ] 2017-10-15T23:38:37.881671385Z: [   43.379113] IPVS: ftp: loaded support on port[0] = 21
[STDERR  ] 2017-10-15T23:38:37.881676857Z: 2017/10/15 23:38:19 Clearing partitions on /dev/sdb because forced format was requested
[STDERR  ] 2017-10-15T23:38:37.881682342Z: [   44.410692]  sdb:
[STDERR  ] 2017-10-15T23:38:37.88168778Z: 2017/10/15 23:38:20 Creating partition on /dev/sdb
[STDERR  ] 2017-10-15T23:38:37.881693274Z: [   44.513345]  sdb:
[STDERR  ] 2017-10-15T23:38:37.881698721Z: [   44.581523]  sdb:
[STDERR  ] 2017-10-15T23:38:37.881704086Z: [   44.613442]  sdb: sdb1
[STDERR  ] 2017-10-15T23:38:37.881709591Z: [   44.680768]  sdb: sdb1
[STDERR  ] 2017-10-15T23:38:37.881715015Z: [   46.201570] random: crng init done
[STDERR  ] 2017-10-15T23:38:37.881720436Z: [   46.305915] mkfs.xfs: sending ioctl 1261 to a partition!
[STDERR  ] 2017-10-15T23:38:37.881726379Z: 2017/10/15 23:38:21 Partition /dev/sdb1 successfully created!
[STDERR  ] 2017-10-15T23:38:37.881731864Z: [   46.983791] IPVS: Creating netns size=2104 id=5
[STDERR  ] 2017-10-15T23:38:37.881737381Z: [   46.984081] IPVS: ftp: loaded support on port[0] = 21
[STDERR  ] 2017-10-15T23:38:37.881742835Z: === forcing device discovery (attempt 1) ===
[STDERR  ] 2017-10-15T23:38:37.881748318Z: === /dev list (attempt 1) ===
[STDERR  ] 2017-10-15T23:38:37.881754133Z: total 0
[STDERR  ] 2017-10-15T23:38:37.881759696Z: drwxr-xr-x    8 root     root          2840 Oct 15 23:38 [1;34m.[0m
[STDERR  ] 2017-10-15T23:38:37.881765213Z: drwxr-xr-x    1 root     root            60 Oct 15 23:38 [1;34m..[0m
[STDERR  ] 2017-10-15T23:38:37.881770806Z: drwxr-xr-x    2 root     root           100 Oct 15 23:38 [1;34mbsg[0m
[STDERR  ] 2017-10-15T23:38:37.881776233Z: crw-rw----    1 root     root       10,  63 Oct 15 23:38 [1;35mcachefiles[0m
[STDERR  ] 2017-10-15T23:38:37.881781753Z: crw-rw----    1 root     root        5,   1 Oct 15 23:38 [1;35mconsole[0m
[STDERR  ] 2017-10-15T23:38:37.881787222Z: lrwxrwxrwx    1 root     root            11 Oct 15 23:38 [1;36mcore[0m -> [0;0m/proc/kcore[0m
[STDERR  ] 2017-10-15T23:38:37.881792707Z: drwxr-xr-x    3 root     root            60 Oct 15 23:38 [1;34mcpu[0m
[STDERR  ] 2017-10-15T23:38:37.881801244Z: crw-rw----    1 root     root       10,  62 Oct 15 23:38 [1;35mcpu_dma_latency[0m
[STDERR  ] 2017-10-15T23:38:37.881806793Z: crw-rw----    1 root     root       10, 203 Oct 15 23:38 [1;35mcuse[0m
[STDERR  ] 2017-10-15T23:38:37.881812451Z: lrwxrwxrwx    1 root     root            13 Oct 15 23:38 [1;36mfd[0m -> [1;34m/proc/self/fd[0m
[STDERR  ] 2017-10-15T23:38:37.881817996Z: crw-rw----    1 root     root        1,   7 Oct 15 23:38 [1;35mfull[0m
[STDERR  ] 2017-10-15T23:38:37.881824074Z: crw-rw----    1 root     root       10, 229 Oct 15 23:38 [1;35mfuse[0m
[STDERR  ] 2017-10-15T23:38:37.881829635Z: crw-rw----    1 root     root       10, 228 Oct 15 23:38 [1;35mhpet[0m
[STDERR  ] 2017-10-15T23:38:37.881835059Z: crw-rw----    1 root     root       10, 183 Oct 15 23:38 [1;35mhwrng[0m
[STDERR  ] 2017-10-15T23:38:37.881840471Z: drwxr-xr-x    2 root     root           120 Oct 15 23:38 [1;34minput[0m
[STDERR  ] 2017-10-15T23:38:37.881845925Z: crw-rw----    1 root     root        1,  11 Oct 15 23:38 [1;35mkmsg[0m
[STDERR  ] 2017-10-15T23:38:37.881851412Z: crw-rw----    1 root     root       10, 237 Oct 15 23:38 [1;35mloop-control[0m
[STDERR  ] 2017-10-15T23:38:37.8818597Z: brw-rw----    1 root     root        7,   0 Oct 15 23:38 [1;35mloop0[0m
[STDERR  ] 2017-10-15T23:38:37.881865442Z: brw-rw----    1 root     root        7,   1 Oct 15 23:38 [1;35mloop1[0m
[STDERR  ] 2017-10-15T23:38:37.881871029Z: brw-rw----    1 root     root        7,   2 Oct 15 23:38 [1;35mloop2[0m
[STDERR  ] 2017-10-15T23:38:37.881970024Z: brw-rw----    1 root     root        7,   3 Oct 15 23:38 [1;35mloop3[0m
[STDERR  ] 2017-10-15T23:38:37.881980032Z: brw-rw----    1 root     root        7,   4 Oct 15 23:38 [1;35mloop4[0m
[STDERR  ] 2017-10-15T23:38:37.881985662Z: brw-rw----    1 root     root        7,   5 Oct 15 23:38 [1;35mloop5[0m
[STDERR  ] 2017-10-15T23:38:37.881991288Z: brw-rw----    1 root     root        7,   6 Oct 15 23:38 [1;35mloop6[0m
[STDERR  ] 2017-10-15T23:38:37.881997063Z: brw-rw----    1 root     root        7,   7 Oct 15 23:38 [1;35mloop7[0m
[STDERR  ] 2017-10-15T23:38:37.882004083Z: drwxr-xr-x    2 root     root            60 Oct 15 23:38 [1;34mmapper[0m
[STDERR  ] 2017-10-15T23:38:37.882009928Z: crw-rw----    1 root     root        1,   1 Oct 15 23:38 [1;35mmem[0m
[STDERR  ] 2017-10-15T23:38:37.88201538Z: crw-rw----    1 root     root       10,  59 Oct 15 23:38 [1;35mmemory_bandwidth[0m
[STDERR  ] 2017-10-15T23:38:37.88202113Z: brw-rw----    1 root     root       43,   0 Oct 15 23:38 [1;35mnbd0[0m
[STDERR  ] 2017-10-15T23:38:37.882026801Z: brw-rw----    1 root     root       43,   1 Oct 15 23:38 [1;35mnbd1[0m
[STDERR  ] 2017-10-15T23:38:37.882033097Z: brw-rw----    1 root     root       43,  10 Oct 15 23:38 [1;35mnbd10[0m
[STDERR  ] 2017-10-15T23:38:37.882047844Z: brw-rw----    1 root     root       43,  11 Oct 15 23:38 [1;35mnbd11[0m
[STDERR  ] 2017-10-15T23:38:37.882056558Z: brw-rw----    1 root     root       43,  12 Oct 15 23:38 [1;35mnbd12[0m
[STDERR  ] 2017-10-15T23:38:37.882065012Z: brw-rw----    1 root     root       43,  13 Oct 15 23:38 [1;35mnbd13[0m
[STDERR  ] 2017-10-15T23:38:37.882073275Z: brw-rw----    1 root     root       43,  14 Oct 15 23:38 [1;35mnbd14[0m
[STDERR  ] 2017-10-15T23:38:37.882083229Z: brw-rw----    1 root     root       43,  15 Oct 15 23:38 [1;35mnbd15[0m
[STDERR  ] 2017-10-15T23:38:37.882088992Z: brw-rw----    1 root     root       43,   2 Oct 15 23:38 [1;35mnbd2[0m
[STDERR  ] 2017-10-15T23:38:37.882094504Z: brw-rw----    1 root     root       43,   3 Oct 15 23:38 [1;35mnbd3[0m
[STDERR  ] 2017-10-15T23:38:37.882099923Z: brw-rw----    1 root     root       43,   4 Oct 15 23:38 [1;35mnbd4[0m
[STDERR  ] 2017-10-15T23:38:37.882105481Z: brw-rw----    1 root     root       43,   5 Oct 15 23:38 [1;35mnbd5[0m
[STDERR  ] 2017-10-15T23:38:37.882116528Z: brw-rw----    1 root     root       43,   6 Oct 15 23:38 [1;35mnbd6[0m
[STDERR  ] 2017-10-15T23:38:37.882124279Z: brw-rw----    1 root     root       43,   7 Oct 15 23:38 [1;35mnbd7[0m
[STDERR  ] 2017-10-15T23:38:37.882137552Z: brw-rw----    1 root     root       43,   8 Oct 15 23:38 [1;35mnbd8[0m
[STDERR  ] 2017-10-15T23:38:37.882146773Z: brw-rw----    1 root     root       43,   9 Oct 15 23:38 [1;35mnbd9[0m
[STDERR  ] 2017-10-15T23:38:37.882155045Z: drwxr-xr-x    2 root     root            60 Oct 15 23:38 [1;34mnet[0m
[STDERR  ] 2017-10-15T23:38:37.88216312Z: crw-rw----    1 root     root       10,  61 Oct 15 23:38 [1;35mnetwork_latency[0m
[STDERR  ] 2017-10-15T23:38:37.882171353Z: crw-rw----    1 root     root       10,  60 Oct 15 23:38 [1;35mnetwork_throughput[0m
[STDERR  ] 2017-10-15T23:38:37.882180033Z: crw-rw----    1 root     root        1,   3 Oct 15 23:38 [1;35mnull[0m
[STDERR  ] 2017-10-15T23:38:37.882186441Z: crw-rw----    1 root     root       10, 144 Oct 15 23:38 [1;35mnvram[0m
[STDERR  ] 2017-10-15T23:38:37.882193074Z: crw-rw----    1 root     root        1,   4 Oct 15 23:38 [1;35mport[0m
[STDERR  ] 2017-10-15T23:38:37.882198839Z: crw-rw----    1 root     root       10,   1 Oct 15 23:38 [1;35mpsaux[0m
[STDERR  ] 2017-10-15T23:38:37.882209432Z: lrwxrwxrwx    1 root     root             8 Oct 15 23:38 [1;36mptmx[0m -> [1;35mpts/ptmx[0m
[STDERR  ] 2017-10-15T23:38:37.8822225Z: drwxr-xr-x    2 root     root             0 Oct 15 23:38 [1;34mpts[0m
[STDERR  ] 2017-10-15T23:38:37.882230815Z: crw-rw----    1 root     root        1,   8 Oct 15 23:38 [1;35mrandom[0m
[STDERR  ] 2017-10-15T23:38:37.882238803Z: crw-rw----    1 root     root      254,   0 Oct 15 23:38 [1;35mrtc0[0m
[STDERR  ] 2017-10-15T23:38:37.882246996Z: brw-rw----    1 root     root        8,   0 Oct 15 23:38 [1;35msda[0m
[STDERR  ] 2017-10-15T23:38:37.882255174Z: brw-rw----    1 root     root        8,   1 Oct 15 23:38 [1;35msda1[0m
[STDERR  ] 2017-10-15T23:38:37.882263887Z: brw-rw----    1 root     root        8,  16 Oct 15 23:38 [1;35msdb[0m
[STDERR  ] 2017-10-15T23:38:37.882271951Z: brw-rw----    1 root     root        8,  17 Oct 15 23:38 [1;35msdb1[0m
[STDERR  ] 2017-10-15T23:38:37.882279902Z: crw-rw----    1 root     root       21,   0 Oct 15 23:38 [1;35msg0[0m
[STDERR  ] 2017-10-15T23:38:37.882288148Z: crw-rw----    1 root     root       21,   1 Oct 15 23:38 [1;35msg1[0m
[STDERR  ] 2017-10-15T23:38:37.882296765Z: crw-rw----    1 root     root       21,   2 Oct 15 23:38 [1;35msg2[0m
[STDERR  ] 2017-10-15T23:38:37.882304835Z: brw-rw----    1 root     root       11,   0 Oct 15 23:38 [1;35msr0[0m
[STDERR  ] 2017-10-15T23:38:37.882312992Z: lrwxrwxrwx    1 root     root            15 Oct 15 23:38 [1;36mstderr[0m -> [1;35m/proc/self/fd/2[0m
[STDERR  ] 2017-10-15T23:38:37.882321217Z: lrwxrwxrwx    1 root     root            15 Oct 15 23:38 [1;36mstdin[0m -> [1;35m/proc/self/fd/0[0m
[STDERR  ] 2017-10-15T23:38:37.882331283Z: lrwxrwxrwx    1 root     root            15 Oct 15 23:38 [1;36mstdout[0m -> [1;35m/proc/self/fd/1[0m
[STDERR  ] 2017-10-15T23:38:37.882339239Z: crw-rw----    1 root     root        5,   0 Oct 15 23:38 [1;35mtty[0m
[STDERR  ] 2017-10-15T23:38:37.882347217Z: crw-rw----    1 root     root        4,   0 Oct 15 23:38 [1;35mtty0[0m
[STDERR  ] 2017-10-15T23:38:37.882355323Z: crw-rw----    1 root     root        4,   1 Oct 15 23:38 [1;35mtty1[0m
[STDERR  ] 2017-10-15T23:38:37.882363292Z: crw-rw----    1 root     root        4,  10 Oct 15 23:38 [1;35mtty10[0m
[STDERR  ] 2017-10-15T23:38:37.882371861Z: crw-rw----    1 root     root        4,  11 Oct 15 23:38 [1;35mtty11[0m
[STDERR  ] 2017-10-15T23:38:37.882380015Z: crw-rw----    1 root     root        4,  12 Oct 15 23:38 [1;35mtty12[0m
[STDERR  ] 2017-10-15T23:38:37.882387907Z: crw-rw----    1 root     root        4,  13 Oct 15 23:38 [1;35mtty13[0m
[STDERR  ] 2017-10-15T23:38:37.882395826Z: crw-rw----    1 root     root        4,  14 Oct 15 23:38 [1;35mtty14[0m
[STDERR  ] 2017-10-15T23:38:37.882404845Z: crw-rw----    1 root     root        4,  15 Oct 15 23:38 [1;35mtty15[0m
[STDERR  ] 2017-10-15T23:38:37.88241305Z: crw-rw----    1 root     root        4,  16 Oct 15 23:38 [1;35mtty16[0m
[STDERR  ] 2017-10-15T23:38:37.882425036Z: crw-rw----    1 root     root        4,  17 Oct 15 23:38 [1;35mtty17[0m
[STDERR  ] 2017-10-15T23:38:37.882433237Z: crw-rw----    1 root     root        4,  18 Oct 15 23:38 [1;35mtty18[0m
[STDERR  ] 2017-10-15T23:38:37.882441322Z: crw-rw----    1 root     root        4,  19 Oct 15 23:38 [1;35mtty19[0m
[STDERR  ] 2017-10-15T23:38:37.882449846Z: crw-rw----    1 root     root        4,   2 Oct 15 23:38 [1;35mtty2[0m
[STDERR  ] 2017-10-15T23:38:37.882457884Z: crw-rw----    1 root     root        4,  20 Oct 15 23:38 [1;35mtty20[0m
[STDERR  ] 2017-10-15T23:38:37.882465852Z: crw-rw----    1 root     root        4,  21 Oct 15 23:38 [1;35mtty21[0m
[STDERR  ] 2017-10-15T23:38:37.882474618Z: crw-rw----    1 root     root        4,  22 Oct 15 23:38 [1;35mtty22[0m
[STDERR  ] 2017-10-15T23:38:37.88248271Z: crw-rw----    1 root     root        4,  23 Oct 15 23:38 [1;35mtty23[0m
[STDERR  ] 2017-10-15T23:38:37.882492682Z: crw-rw----    1 root     root        4,  24 Oct 15 23:38 [1;35mtty24[0m
[STDERR  ] 2017-10-15T23:38:37.882500664Z: crw-rw----    1 root     root        4,  25 Oct 15 23:38 [1;35mtty25[0m
[STDERR  ] 2017-10-15T23:38:37.882512239Z: crw-rw----    1 root     root        4,  26 Oct 15 23:38 [1;35mtty26[0m
[STDERR  ] 2017-10-15T23:38:37.882520633Z: crw-rw----    1 root     root        4,  27 Oct 15 23:38 [1;35mtty27[0m
[STDERR  ] 2017-10-15T23:38:37.882532215Z: crw-rw----    1 root     root        4,  28 Oct 15 23:38 [1;35mtty28[0m
[STDERR  ] 2017-10-15T23:38:37.882540358Z: crw-rw----    1 root     root        4,  29 Oct 15 23:38 [1;35mtty29[0m
[STDERR  ] 2017-10-15T23:38:37.882548268Z: crw-rw----    1 root     root        4,   3 Oct 15 23:38 [1;35mtty3[0m
[STDERR  ] 2017-10-15T23:38:37.882556203Z: crw-rw----    1 root     root        4,  30 Oct 15 23:38 [1;35mtty30[0m
[STDERR  ] 2017-10-15T23:38:37.882564473Z: crw-rw----    1 root     root        4,  31 Oct 15 23:38 [1;35mtty31[0m
[STDERR  ] 2017-10-15T23:38:37.882572493Z: crw-rw----    1 root     root        4,  32 Oct 15 23:38 [1;35mtty32[0m
[STDERR  ] 2017-10-15T23:38:37.882580897Z: crw-rw----    1 root     root        4,  33 Oct 15 23:38 [1;35mtty33[0m
[STDERR  ] 2017-10-15T23:38:37.882588938Z: crw-rw----    1 root     root        4,  34 Oct 15 23:38 [1;35mtty34[0m
[STDERR  ] 2017-10-15T23:38:37.882597383Z: crw-rw----    1 root     root        4,  35 Oct 15 23:38 [1;35mtty35[0m
[STDERR  ] 2017-10-15T23:38:37.882605888Z: crw-rw----    1 root     root        4,  36 Oct 15 23:38 [1;35mtty36[0m
[STDERR  ] 2017-10-15T23:38:37.882613899Z: crw-rw----    1 root     root        4,  37 Oct 15 23:38 [1;35mtty37[0m
[STDERR  ] 2017-10-15T23:38:37.882621822Z: crw-rw----    1 root     root        4,  38 Oct 15 23:38 [1;35mtty38[0m
[STDERR  ] 2017-10-15T23:38:37.882630039Z: crw-rw----    1 root     root        4,  39 Oct 15 23:38 [1;35mtty39[0m
[STDERR  ] 2017-10-15T23:38:37.882638092Z: crw-rw----    1 root     root        4,   4 Oct 15 23:38 [1;35mtty4[0m
[STDERR  ] 2017-10-15T23:38:37.882646078Z: crw-rw----    1 root     root        4,  40 Oct 15 23:38 [1;35mtty40[0m
[STDERR  ] 2017-10-15T23:38:37.882654617Z: crw-rw----    1 root     root        4,  41 Oct 15 23:38 [1;35mtty41[0m
[STDERR  ] 2017-10-15T23:38:37.882662662Z: crw-rw----    1 root     root        4,  42 Oct 15 23:38 [1;35mtty42[0m
[STDERR  ] 2017-10-15T23:38:37.882670621Z: crw-rw----    1 root     root        4,  43 Oct 15 23:38 [1;35mtty43[0m
[STDERR  ] 2017-10-15T23:38:37.882679764Z: crw-rw----    1 root     root        4,  44 Oct 15 23:38 [1;35mtty44[0m
[STDERR  ] 2017-10-15T23:38:37.882687977Z: crw-rw----    1 root     root        4,  45 Oct 15 23:38 [1;35mtty45[0m
[STDERR  ] 2017-10-15T23:38:37.882695938Z: crw-rw----    1 root     root        4,  46 Oct 15 23:38 [1;35mtty46[0m
[STDERR  ] 2017-10-15T23:38:37.882704055Z: crw-rw----    1 root     root        4,  47 Oct 15 23:38 [1;35mtty47[0m
[STDERR  ] 2017-10-15T23:38:37.882712017Z: crw-rw----    1 root     root        4,  48 Oct 15 23:38 [1;35mtty48[0m
[STDERR  ] 2017-10-15T23:38:37.882723655Z: crw-rw----    1 root     root        4,  49 Oct 15 23:38 [1;35mtty49[0m
[STDERR  ] 2017-10-15T23:38:37.882731706Z: crw-rw----    1 root     root        4,   5 Oct 15 23:38 [1;35mtty5[0m
[STDERR  ] 2017-10-15T23:38:37.882739926Z: crw-rw----    1 root     root        4,  50 Oct 15 23:38 [1;35mtty50[0m
[STDERR  ] 2017-10-15T23:38:37.88274798Z: crw-rw----    1 root     root        4,  51 Oct 15 23:38 [1;35mtty51[0m
[STDERR  ] 2017-10-15T23:38:37.882756747Z: crw-rw----    1 root     root        4,  52 Oct 15 23:38 [1;35mtty52[0m
[STDERR  ] 2017-10-15T23:38:37.882764849Z: crw-rw----    1 root     root        4,  53 Oct 15 23:38 [1;35mtty53[0m
[STDERR  ] 2017-10-15T23:38:37.882773233Z: crw-rw----    1 root     root        4,  54 Oct 15 23:38 [1;35mtty54[0m
[STDERR  ] 2017-10-15T23:38:37.882782415Z: crw-rw----    1 root     root        4,  55 Oct 15 23:38 [1;35mtty55[0m
[STDERR  ] 2017-10-15T23:38:37.882790423Z: crw-rw----    1 root     root        4,  56 Oct 15 23:38 [1;35mtty56[0m
[STDERR  ] 2017-10-15T23:38:37.882798318Z: crw-rw----    1 root     root        4,  57 Oct 15 23:38 [1;35mtty57[0m
[STDERR  ] 2017-10-15T23:38:37.882809603Z: crw-rw----    1 root     root        4,  58 Oct 15 23:38 [1;35mtty58[0m
[STDERR  ] 2017-10-15T23:38:37.88281788Z: crw-rw----    1 root     root        4,  59 Oct 15 23:38 [1;35mtty59[0m
[STDERR  ] 2017-10-15T23:38:37.882826269Z: crw-rw----    1 root     root        4,   6 Oct 15 23:38 [1;35mtty6[0m
[STDERR  ] 2017-10-15T23:38:37.88283485Z: crw-rw----    1 root     root        4,  60 Oct 15 23:38 [1;35mtty60[0m
[STDERR  ] 2017-10-15T23:38:37.882842869Z: crw-rw----    1 root     root        4,  61 Oct 15 23:38 [1;35mtty61[0m
[STDERR  ] 2017-10-15T23:38:37.882850919Z: crw-rw----    1 root     root        4,  62 Oct 15 23:38 [1;35mtty62[0m
[STDERR  ] 2017-10-15T23:38:37.882858863Z: crw-rw----    1 root     root        4,  63 Oct 15 23:38 [1;35mtty63[0m
[STDERR  ] 2017-10-15T23:38:37.882866885Z: crw-rw----    1 root     root        4,   7 Oct 15 23:38 [1;35mtty7[0m
[STDERR  ] 2017-10-15T23:38:37.882874936Z: crw-rw----    1 root     root        4,   8 Oct 15 23:38 [1;35mtty8[0m
[STDERR  ] 2017-10-15T23:38:37.882882882Z: crw-rw----    1 root     root        4,   9 Oct 15 23:38 [1;35mtty9[0m
[STDERR  ] 2017-10-15T23:38:37.882890839Z: crw-rw----    1 root     root        4,  64 Oct 15 23:38 [1;35mttyS0[0m
[STDERR  ] 2017-10-15T23:38:37.882898807Z: crw-rw----    1 root     root        4,  65 Oct 15 23:38 [1;35mttyS1[0m
[STDERR  ] 2017-10-15T23:38:37.882908381Z: crw-rw----    1 root     root        4,  66 Oct 15 23:38 [1;35mttyS2[0m
[STDERR  ] 2017-10-15T23:38:37.882916656Z: crw-rw----    1 root     root        4,  67 Oct 15 23:38 [1;35mttyS3[0m
[STDERR  ] 2017-10-15T23:38:37.882924684Z: crw-rw----    1 root     root       10, 223 Oct 15 23:38 [1;35muinput[0m
[STDERR  ] 2017-10-15T23:38:37.882932688Z: crw-rw----    1 root     root        1,   9 Oct 15 23:38 [1;35murandom[0m
[STDERR  ] 2017-10-15T23:38:37.88294065Z: crw-rw----    1 root     root        7,   0 Oct 15 23:38 [1;35mvcs[0m
[STDERR  ] 2017-10-15T23:38:37.882948562Z: crw-rw----    1 root     root        7,   1 Oct 15 23:38 [1;35mvcs1[0m
[STDERR  ] 2017-10-15T23:38:37.882956516Z: crw-rw----    1 root     root        7, 128 Oct 15 23:38 [1;35mvcsa[0m
[STDERR  ] 2017-10-15T23:38:37.88296467Z: crw-rw----    1 root     root        7, 129 Oct 15 23:38 [1;35mvcsa1[0m
[STDERR  ] 2017-10-15T23:38:37.882972664Z: crw-rw----    1 root     root        1,   5 Oct 15 23:38 [1;35mzero[0m
[STDERR  ] 2017-10-15T23:38:37.882980993Z: Found /dev/sda1 and /dev/sdb1 block devices
[STDERR  ] 2017-10-15T23:38:37.882991464Z: === /dev/sda1 ===
[STDERR  ] 2017-10-15T23:38:37.882999869Z: DEVNAME=/dev/sda1
[STDERR  ] 2017-10-15T23:38:37.883007868Z: UUID=d3db3d9c-d006-4fe8-8645-185dc35dd3ce
[STDERR  ] 2017-10-15T23:38:37.883016034Z: TYPE=ext4
[STDERR  ] 2017-10-15T23:38:37.883024071Z: PARTUUID=ff37491b-01
[STDERR  ] 2017-10-15T23:38:37.883039629Z: === /dev/sdb1 ===
[STDERR  ] 2017-10-15T23:38:37.883047715Z: DEVNAME=/dev/sdb1
[STDERR  ] 2017-10-15T23:38:37.883055871Z: UUID=cd0f84b3-531e-4d5b-9857-1192a0c457fd
[STDERR  ] 2017-10-15T23:38:37.883064528Z: TYPE=xfs
[STDERR  ] 2017-10-15T23:38:37.883072524Z: PARTUUID=29329384-01
[STDERR  ] 2017-10-15T23:38:37.883080561Z: === /dev/sda1 test ===
[STDERR  ] 2017-10-15T23:38:37.883088645Z: === /dev/sdb1 test ===
[STDERR  ] 2017-10-15T23:38:37.883096721Z: format_force test suite PASSED
[STDERR  ] 2017-10-15T23:38:37.883104905Z: [   60.406898] sd 1:0:0:0: [sdb] Synchronizing SCSI cache
[STDERR  ] 2017-10-15T23:38:37.88311706Z: [   60.418184] sd 1:0:0:0: [sdb] Stopping disk
[STDERR  ] 2017-10-15T23:38:37.883125303Z: [   60.419117] sd 0:0:0:0: [sda] Synchronizing SCSI cache
[STDERR  ] 2017-10-15T23:38:37.883133511Z: [   60.420084] sd 0:0:0:0: [sda] Stopping disk
[STDERR  ] 2017-10-15T23:38:37.883142119Z: [   60.424883] ACPI: Preparing to enter system sleep state S5
[STDERR  ] 2017-10-15T23:38:37.883150397Z: [   60.428100] reboot: Power down
[STDERR  ] 2017-10-15T23:38:37.883158614Z: + echo [    0.000000] Linux version 4.9.51-linuxkit (root@3253c0754a54) (gcc version 6.3.0 (Alpine 6.3.0) ) #1 SMP Wed Sep 20 11:32:07 UTC 2017
[STDERR  ] 2017-10-15T23:38:37.883170535Z: [    0.000000] Command line: console=ttyS0
[STDERR  ] 2017-10-15T23:38:37.883178986Z: [    0.000000] x86/fpu: Legacy x87 FPU detected.
[STDERR  ] 2017-10-15T23:38:37.883187105Z: [    0.000000] x86/fpu: Using 'eager' FPU context switches.
[STDERR  ] 2017-10-15T23:38:37.883195098Z: [    0.000000] e820: BIOS-provided physical RAM map:
[STDERR  ] 2017-10-15T23:38:37.88320315Z: [    0.000000] BIOS-e820: [mem 0x0000000000000000-0x000000000009fbff] usable
[STDERR  ] 2017-10-15T23:38:37.883211882Z: [    0.000000] BIOS-e820: [mem 0x000000000009fc00-0x000000000009ffff] reserved
[STDERR  ] 2017-10-15T23:38:37.883220294Z: [    0.000000] BIOS-e820: [mem 0x00000000000f0000-0x00000000000fffff] reserved
[STDERR  ] 2017-10-15T23:38:37.883228466Z: [    0.000000] BIOS-e820: [mem 0x0000000000100000-0x000000003ffddfff] usable
[STDERR  ] 2017-10-15T23:38:37.883236621Z: [    0.000000] BIOS-e820: [mem 0x000000003ffde000-0x000000003fffffff] reserved
[STDERR  ] 2017-10-15T23:38:37.883244731Z: [    0.000000] BIOS-e820: [mem 0x00000000b0000000-0x00000000bfffffff] reserved
[STDERR  ] 2017-10-15T23:38:37.883253575Z: [    0.000000] BIOS-e820: [mem 0x00000000fed1c000-0x00000000fed1ffff] reserved
[STDERR  ] 2017-10-15T23:38:37.883261589Z: [    0.000000] BIOS-e820: [mem 0x00000000fffc0000-0x00000000ffffffff] reserved
[STDERR  ] 2017-10-15T23:38:37.883271926Z: [    0.000000] NX (Execute Disable) protection: active
[STDERR  ] 2017-10-15T23:38:37.883279907Z: [    0.000000] SMBIOS 2.8 present.
[STDERR  ] 2017-10-15T23:38:37.883288559Z: [    0.000000] e820: last_pfn = 0x3ffde max_arch_pfn = 0x400000000
[STDERR  ] 2017-10-15T23:38:37.883297163Z: [    0.000000] x86/PAT: Configuration [0-7]: WB  WC  UC- UC  WB  WC  UC- WT  
[STDERR  ] 2017-10-15T23:38:37.883305389Z: [    0.000000] found SMP MP-table at [mem 0x000f6aa0-0x000f6aaf] mapped at [ffff911cc00f6aa0]
[STDERR  ] 2017-10-15T23:38:37.883313655Z: [    0.000000] RAMDISK: [mem 0x3d0b9000-0x3ffcffff]
[STDERR  ] 2017-10-15T23:38:37.883321867Z: [    0.000000] ACPI: Early table checksum verification disabled
[STDERR  ] 2017-10-15T23:38:37.883330388Z: [    0.000000] ACPI: RSDP 0x00000000000F68C0 000014 (v00 BOCHS )
[STDERR  ] 2017-10-15T23:38:37.88333848Z: [    0.000000] ACPI: RSDT 0x000000003FFE2404 000034 (v01 BOCHS  BXPCRSDT 00000001 BXPC 00000001)
[STDERR  ] 2017-10-15T23:38:37.883346707Z: [    0.000000] ACPI: FACP 0x000000003FFE22A4 000074 (v01 BOCHS  BXPCFACP 00000001 BXPC 00000001)
[STDERR  ] 2017-10-15T23:38:37.883354863Z: [    0.000000] ACPI: DSDT 0x000000003FFE0040 002264 (v01 BOCHS  BXPCDSDT 00000001 BXPC 00000001)
[STDERR  ] 2017-10-15T23:38:37.883363116Z: [    0.000000] ACPI: FACS 0x000000003FFE0000 000040
[STDERR  ] 2017-10-15T23:38:37.88337184Z: [    0.000000] ACPI: APIC 0x000000003FFE2318 000078 (v01 BOCHS  BXPCAPIC 00000001 BXPC 00000001)
[STDERR  ] 2017-10-15T23:38:37.883383684Z: [    0.000000] ACPI: HPET 0x000000003FFE2390 000038 (v01 BOCHS  BXPCHPET 00000001 BXPC 00000001)
[STDERR  ] 2017-10-15T23:38:37.883391908Z: [    0.000000] ACPI: MCFG 0x000000003FFE23C8 00003C (v01 BOCHS  BXPCMCFG 00000001 BXPC 00000001)
[STDERR  ] 2017-10-15T23:38:37.883399941Z: [    0.000000] Zone ranges:
[STDERR  ] 2017-10-15T23:38:37.883408356Z: [    0.000000]   DMA      [mem 0x0000000000001000-0x0000000000ffffff]
[STDERR  ] 2017-10-15T23:38:37.883416337Z: [    0.000000]   DMA32    [mem 0x0000000001000000-0x000000003ffddfff]
[STDERR  ] 2017-10-15T23:38:37.883424442Z: [    0.000000]   Normal   empty
[STDERR  ] 2017-10-15T23:38:37.88343282Z: [    0.000000] Movable zone start for each node
[STDERR  ] 2017-10-15T23:38:37.883441479Z: [    0.000000] Early memory node ranges
[STDERR  ] 2017-10-15T23:38:37.88344991Z: [    0.000000]   node   0: [mem 0x0000000000001000-0x000000000009efff]
[STDERR  ] 2017-10-15T23:38:37.883457846Z: [    0.000000]   node   0: [mem 0x0000000000100000-0x000000003ffddfff]
[STDERR  ] 2017-10-15T23:38:37.883466044Z: [    0.000000] Initmem setup node 0 [mem 0x0000000000001000-0x000000003ffddfff]
[STDERR  ] 2017-10-15T23:38:37.883477605Z: [    0.000000] ACPI: PM-Timer IO Port: 0x608
[STDERR  ] 2017-10-15T23:38:37.883486638Z: [    0.000000] ACPI: LAPIC_NMI (acpi_id[0xff] dfl dfl lint[0x1])
[STDERR  ] 2017-10-15T23:38:37.883494791Z: [    0.000000] IOAPIC[0]: apic_id 0, version 32, address 0xfec00000, GSI 0-23
[STDERR  ] 2017-10-15T23:38:37.883502966Z: [    0.000000] ACPI: INT_SRC_OVR (bus 0 bus_irq 0 global_irq 2 dfl dfl)
[STDERR  ] 2017-10-15T23:38:37.883510933Z: [    0.000000] ACPI: INT_SRC_OVR (bus 0 bus_irq 5 global_irq 5 high level)
[STDERR  ] 2017-10-15T23:38:37.883519327Z: [    0.000000] ACPI: INT_SRC_OVR (bus 0 bus_irq 9 global_irq 9 high level)
[STDERR  ] 2017-10-15T23:38:37.883527651Z: [    0.000000] ACPI: INT_SRC_OVR (bus 0 bus_irq 10 global_irq 10 high level)
[STDERR  ] 2017-10-15T23:38:37.883535643Z: [    0.000000] ACPI: INT_SRC_OVR (bus 0 bus_irq 11 global_irq 11 high level)
[STDERR  ] 2017-10-15T23:38:37.8835438Z: [    0.000000] Using ACPI (MADT) for SMP configuration information
[STDERR  ] 2017-10-15T23:38:37.883551879Z: [    0.000000] ACPI: HPET id: 0x8086a201 base: 0xfed00000
[STDERR  ] 2017-10-15T23:38:37.883560254Z: [    0.000000] smpboot: Allowing 1 CPUs, 0 hotplug CPUs
[STDERR  ] 2017-10-15T23:38:37.883570848Z: [    0.000000] e820: [mem 0x40000000-0xafffffff] available for PCI devices
[STDERR  ] 2017-10-15T23:38:37.883579486Z: [    0.000000] Booting paravirtualized kernel on bare hardware
[STDERR  ] 2017-10-15T23:38:37.883590211Z: [    0.000000] clocksource: refined-jiffies: mask: 0xffffffff max_cycles: 0xffffffff, max_idle_ns: 19112604462750000 ns
[STDERR  ] 2017-10-15T23:38:37.883599628Z: [    0.000000] setup_percpu: NR_CPUS:128 nr_cpumask_bits:128 nr_cpu_ids:1 nr_node_ids:1
[STDERR  ] 2017-10-15T23:38:37.883609548Z: [    0.000000] percpu: Embedded 35 pages/cpu @ffff911cfce00000 s105240 r8192 d29928 u2097152
[STDERR  ] 2017-10-15T23:38:37.883617996Z: [    0.000000] Built 1 zonelists in Zone order, mobility grouping on.  Total pages: 257895
[STDERR  ] 2017-10-15T23:38:37.88362653Z: [    0.000000] Kernel command line: console=ttyS0
[STDERR  ] 2017-10-15T23:38:37.883635135Z: [    0.000000] PID hash table entries: 4096 (order: 3, 32768 bytes)
[STDERR  ] 2017-10-15T23:38:37.883645795Z: [    0.000000] Dentry cache hash table entries: 131072 (order: 8, 1048576 bytes)
[STDERR  ] 2017-10-15T23:38:37.883654066Z: [    0.000000] Inode-cache hash table entries: 65536 (order: 7, 524288 bytes)
[STDERR  ] 2017-10-15T23:38:37.883662198Z: [    0.000000] Memory: 965948K/1048048K available (8036K kernel code, 1367K rwdata, 2696K rodata, 1380K init, 568K bss, 82100K reserved, 0K cma-reserved)
[STDERR  ] 2017-10-15T23:38:37.883671207Z: [    0.000000] Hierarchical RCU implementation.
[STDERR  ] 2017-10-15T23:38:37.88367949Z: [    0.000000] 	Build-time adjustment of leaf fanout to 64.
[STDERR  ] 2017-10-15T23:38:37.883687493Z: [    0.000000] 	RCU restricting CPUs from NR_CPUS=128 to nr_cpu_ids=1.
[STDERR  ] 2017-10-15T23:38:37.883699302Z: [    0.000000] RCU: Adjusting geometry for rcu_fanout_leaf=64, nr_cpu_ids=1
[STDERR  ] 2017-10-15T23:38:37.883707447Z: [    0.000000] NR_IRQS:8448 nr_irqs:256 16
[STDERR  ] 2017-10-15T23:38:37.883715504Z: [    0.000000] Console: colour VGA+ 80x25
[STDERR  ] 2017-10-15T23:38:37.8837235Z: [    0.000000] console [ttyS0] enabled
[STDERR  ] 2017-10-15T23:38:37.883731647Z: [    0.000000] clocksource: hpet: mask: 0xffffffff max_cycles: 0xffffffff, max_idle_ns: 19112604467 ns
[STDERR  ] 2017-10-15T23:38:37.883739877Z: [    0.000000] tsc: Fast TSC calibration using PIT
[STDERR  ] 2017-10-15T23:38:37.883748382Z: [    0.000000] tsc: Detected 2599.885 MHz processor
[STDERR  ] 2017-10-15T23:38:37.883758505Z: [    0.021422] Calibrating delay loop (skipped), value calculated using timer frequency.. 5199.77 BogoMIPS (lpj=25998850)
[STDERR  ] 2017-10-15T23:38:37.88376697Z: [    0.022192] pid_max: default: 32768 minimum: 301
[STDERR  ] 2017-10-15T23:38:37.883774947Z: [    0.022935] ACPI: Core revision 20160831
[STDERR  ] 2017-10-15T23:38:37.883783062Z: [    0.084957] ACPI: 1 ACPI AML tables successfully acquired and loaded
[STDERR  ] 2017-10-15T23:38:37.883794386Z: [    0.089602] Security Framework initialized
[STDERR  ] 2017-10-15T23:38:37.883802764Z: [    0.090175] Yama: becoming mindful.
[STDERR  ] 2017-10-15T23:38:37.883810862Z: [    0.093206] Mount-cache hash table entries: 2048 (order: 2, 16384 bytes)
[STDERR  ] 2017-10-15T23:38:37.883818838Z: [    0.093731] Mountpoint-cache hash table entries: 2048 (order: 2, 16384 bytes)
[STDERR  ] 2017-10-15T23:38:37.883827561Z: [    0.120222] Last level iTLB entries: 4KB 0, 2MB 0, 4MB 0
[STDERR  ] 2017-10-15T23:38:37.883835742Z: [    0.120687] Last level dTLB entries: 4KB 0, 2MB 0, 4MB 0, 1GB 0
[STDERR  ] 2017-10-15T23:38:37.883843766Z: [    0.500977] Freeing SMP alternatives memory: 20K
[STDERR  ] 2017-10-15T23:38:37.883851828Z: [    0.511441] ftrace: allocating 35528 entries in 139 pages
[STDERR  ] 2017-10-15T23:38:37.883859871Z: [    0.730572] smpboot: Max logical packages: 1
[STDERR  ] 2017-10-15T23:38:37.883867957Z: [    0.737821] ..TIMER: vector=0x30 apic1=0 pin1=2 apic2=-1 pin2=-1
[STDERR  ] 2017-10-15T23:38:37.88387622Z: [    0.840000] APIC calibration not consistent with PM-Timer: 101ms instead of 100ms
[STDERR  ] 2017-10-15T23:38:37.883884232Z: [    0.840000] APIC delta adjusted to PM-Timer: 6249989 (6317543)
[STDERR  ] 2017-10-15T23:38:37.8838924Z: [    0.840000] smpboot: CPU0: AMD QEMU Virtual CPU version 2.5+ (family: 0x6, model: 0x6, stepping: 0x3)
[STDERR  ] 2017-10-15T23:38:37.883900902Z: [    0.840000] Performance Events: PMU not available due to virtualization, using software events only.
[STDERR  ] 2017-10-15T23:38:37.883909201Z: [    0.849247] NMI watchdog: disabled (cpu0): hardware events not enabled
[STDERR  ] 2017-10-15T23:38:37.883917246Z: [    0.850094] NMI watchdog: Shutting down hard lockup detector on all cpus
[STDERR  ] 2017-10-15T23:38:37.883925182Z: [    0.853721] x86: Booted up 1 node, 1 CPUs
[STDERR  ] 2017-10-15T23:38:37.883933269Z: [    0.854253] smpboot: Total of 1 processors activated (5199.77 BogoMIPS)
[STDERR  ] 2017-10-15T23:38:37.883941354Z: [    0.870511] devtmpfs: initialized
[STDERR  ] 2017-10-15T23:38:37.883949427Z: [    0.875325] x86/mm: Memory block size: 128MB
[STDERR  ] 2017-10-15T23:38:37.883957537Z: [    0.943227] clocksource: jiffies: mask: 0xffffffff max_cycles: 0xffffffff, max_idle_ns: 19112604462750000 ns
[STDERR  ] 2017-10-15T23:38:37.883965647Z: [    0.944227] futex hash table entries: 256 (order: 2, 16384 bytes)
[STDERR  ] 2017-10-15T23:38:37.883973905Z: [    0.954860] NET: Registered protocol family 16
[STDERR  ] 2017-10-15T23:38:37.883982526Z: [    0.964316] cpuidle: using governor ladder
[STDERR  ] 2017-10-15T23:38:37.883990613Z: [    0.964807] cpuidle: using governor menu
[STDERR  ] 2017-10-15T23:38:37.883998711Z: [    0.966071] ACPI: bus type PCI registered
[STDERR  ] 2017-10-15T23:38:37.884006781Z: [    0.969087] PCI: MMCONFIG for domain 0000 [bus 00-ff] at [mem 0xb0000000-0xbfffffff] (base 0xb0000000)
[STDERR  ] 2017-10-15T23:38:37.884019023Z: [    0.969891] PCI: MMCONFIG at [mem 0xb0000000-0xbfffffff] reserved in E820
[STDERR  ] 2017-10-15T23:38:37.88402735Z: [    0.971406] PCI: Using configuration type 1 for base access
[STDERR  ] 2017-10-15T23:38:37.884035476Z: [    1.027131] HugeTLB registered 2 MB page size, pre-allocated 0 pages
[STDERR  ] 2017-10-15T23:38:37.88404419Z: [    1.039176] ACPI: Added _OSI(Module Device)
[STDERR  ] 2017-10-15T23:38:37.884052522Z: [    1.039371] ACPI: Added _OSI(Processor Device)
[STDERR  ] 2017-10-15T23:38:37.884060899Z: [    1.039520] ACPI: Added _OSI(3.0 _SCP Extensions)
[STDERR  ] 2017-10-15T23:38:37.884070784Z: [    1.039818] ACPI: Added _OSI(Processor Aggregator Device)
[STDERR  ] 2017-10-15T23:38:37.884078965Z: [    1.123108] ACPI: Interpreter enabled
[STDERR  ] 2017-10-15T23:38:37.884087096Z: [    1.124018] ACPI: (supports S0 S5)
[STDERR  ] 2017-10-15T23:38:37.884095084Z: [    1.124388] ACPI: Using IOAPIC for interrupt routing
[STDERR  ] 2017-10-15T23:38:37.884103168Z: [    1.126947] PCI: Using host bridge windows from ACPI; if necessary, use "pci=nocrs" and report a bug
[STDERR  ] 2017-10-15T23:38:37.884118887Z: [    1.196578] ACPI: PCI Root Bridge [PCI0] (domain 0000 [bus 00-ff])
[STDERR  ] 2017-10-15T23:38:37.884127459Z: [    1.197728] acpi PNP0A08:00: _OSC: OS supports [ExtendedConfig ASPM ClockPM Segments MSI]
[STDERR  ] 2017-10-15T23:38:37.884136256Z: [    1.204240] acpi PNP0A08:00: _OSC: OS now controls [PCIeHotplug PME PCIeCapability]
[STDERR  ] 2017-10-15T23:38:37.884147269Z: [    1.208075] PCI host bridge to bus 0000:00
[STDERR  ] 2017-10-15T23:38:37.884155408Z: [    1.208567] pci_bus 0000:00: root bus resource [io  0x0000-0x0cf7 window]
[STDERR  ] 2017-10-15T23:38:37.884163776Z: [    1.208982] pci_bus 0000:00: root bus resource [io  0x0d00-0xffff window]
[STDERR  ] 2017-10-15T23:38:37.884171837Z: [    1.209390] pci_bus 0000:00: root bus resource [mem 0x000a0000-0x000bffff window]
[STDERR  ] 2017-10-15T23:38:37.8841798Z: [    1.209808] pci_bus 0000:00: root bus resource [mem 0xc0000000-0xfebfffff window]
[STDERR  ] 2017-10-15T23:38:37.884187893Z: [    1.210261] pci_bus 0000:00: root bus resource [bus 00-ff]
[STDERR  ] 2017-10-15T23:38:37.884196018Z: [    1.356676] pci 0000:00:1f.0: quirk: [io  0x0600-0x067f] claimed by ICH6 ACPI/GPIO/TCO
[STDERR  ] 2017-10-15T23:38:37.884204187Z: [    1.437450] ACPI: PCI Interrupt Link [LNKA] (IRQs 5 *10 11)
[STDERR  ] 2017-10-15T23:38:37.884212942Z: [    1.440592] ACPI: PCI Interrupt Link [LNKB] (IRQs 5 *10 11)
[STDERR  ] 2017-10-15T23:38:37.884221057Z: [    1.442589] ACPI: PCI Interrupt Link [LNKC] (IRQs 5 10 *11)
[STDERR  ] 2017-10-15T23:38:37.884229139Z: [    1.444402] ACPI: PCI Interrupt Link [LNKD] (IRQs 5 10 *11)
[STDERR  ] 2017-10-15T23:38:37.884237369Z: [    1.446596] ACPI: PCI Interrupt Link [LNKE] (IRQs 5 *10 11)
[STDERR  ] 2017-10-15T23:38:37.884245429Z: [    1.448354] ACPI: PCI Interrupt Link [LNKF] (IRQs 5 *10 11)
[STDERR  ] 2017-10-15T23:38:37.884256037Z: [    1.451090] ACPI: PCI Interrupt Link [LNKG] (IRQs 5 10 *11)
[STDERR  ] 2017-10-15T23:38:37.884264166Z: [    1.453230] ACPI: PCI Interrupt Link [LNKH] (IRQs 5 10 *11)
[STDERR  ] 2017-10-15T23:38:37.884272543Z: [    1.454135] ACPI: PCI Interrupt Link [GSIA] (IRQs *16)
[STDERR  ] 2017-10-15T23:38:37.88428087Z: [    1.454813] ACPI: PCI Interrupt Link [GSIB] (IRQs *17)
[STDERR  ] 2017-10-15T23:38:37.884289822Z: [    1.455427] ACPI: PCI Interrupt Link [GSIC] (IRQs *18)
[STDERR  ] 2017-10-15T23:38:37.884297983Z: [    1.456082] ACPI: PCI Interrupt Link [GSID] (IRQs *19)
[STDERR  ] 2017-10-15T23:38:37.884305982Z: [    1.456692] ACPI: PCI Interrupt Link [GSIE] (IRQs *20)
[STDERR  ] 2017-10-15T23:38:37.884314113Z: [    1.457352] ACPI: PCI Interrupt Link [GSIF] (IRQs *21)
[STDERR  ] 2017-10-15T23:38:37.884322394Z: [    1.458007] ACPI: PCI Interrupt Link [GSIG] (IRQs *22)
[STDERR  ] 2017-10-15T23:38:37.884330405Z: [    1.458674] ACPI: PCI Interrupt Link [GSIH] (IRQs *23)
[STDERR  ] 2017-10-15T23:38:37.884338322Z: [    1.462587] ACPI: Enabled 2 GPEs in block 00 to 3F
[STDERR  ] 2017-10-15T23:38:37.884352165Z: [    1.467027] SCSI subsystem initialized
[STDERR  ] 2017-10-15T23:38:37.884360741Z: [    1.468978] ACPI: bus type USB registered
[STDERR  ] 2017-10-15T23:38:37.884375444Z: [    1.470311] usbcore: registered new interface driver usbfs
[STDERR  ] 2017-10-15T23:38:37.884383596Z: [    1.471231] usbcore: registered new interface driver hub
[STDERR  ] 2017-10-15T23:38:37.884391498Z: [    1.472067] usbcore: registered new device driver usb
[STDERR  ] 2017-10-15T23:38:37.884399558Z: [    1.473209] pps_core: LinuxPPS API ver. 1 registered
[STDERR  ] 2017-10-15T23:38:37.884407525Z: [    1.473506] pps_core: Software ver. 5.3.6 - Copyright 2005-2007 Rodolfo Giometti <giometti@linux.it>
[STDERR  ] 2017-10-15T23:38:37.884416178Z: [    1.474164] PTP clock support registered
[STDERR  ] 2017-10-15T23:38:37.88442414Z: [    1.475331] wmi: Mapper loaded
[STDERR  ] 2017-10-15T23:38:37.884432706Z: [    1.476524] PCI: Using ACPI for IRQ routing
[STDERR  ] 2017-10-15T23:38:37.884441272Z: [    1.496444] NetLabel: Initializing
[STDERR  ] 2017-10-15T23:38:37.884449228Z: [    1.496706] NetLabel:  domain hash size = 128
[STDERR  ] 2017-10-15T23:38:37.884460962Z: [    1.497037] NetLabel:  protocols = UNLABELED CIPSOv4
[STDERR  ] 2017-10-15T23:38:37.884469263Z: [    1.499577] NetLabel:  unlabeled traffic allowed by default
[STDERR  ] 2017-10-15T23:38:37.884477473Z: [    1.500891] HPET: 3 timers in total, 0 timers will be used for per-cpu timer
[STDERR  ] 2017-10-15T23:38:37.884485513Z: [    1.501715] hpet0: at MMIO 0xfed00000, IRQs 2, 8, 0
[STDERR  ] 2017-10-15T23:38:37.884495633Z: [    1.502190] hpet0: 3 comparators, 64-bit 100.000000 MHz counter
[STDERR  ] 2017-10-15T23:38:37.884503759Z: [    1.508461] clocksource: Switched to clocksource hpet
[STDERR  ] 2017-10-15T23:38:37.884512048Z: [    1.757830] VFS: Disk quotas dquot_6.6.0
[STDERR  ] 2017-10-15T23:38:37.884520495Z: [    1.758700] VFS: Dquot-cache hash table entries: 512 (order 0, 4096 bytes)
[STDERR  ] 2017-10-15T23:38:37.884528692Z: [    1.762632] FS-Cache: Loaded
[STDERR  ] 2017-10-15T23:38:37.884536726Z: [    1.767951] CacheFiles: Loaded
[STDERR  ] 2017-10-15T23:38:37.884544799Z: [    1.770587] pnp: PnP ACPI init
[STDERR  ] 2017-10-15T23:38:37.884552752Z: [    1.781740] pnp: PnP ACPI: found 5 devices
[STDERR  ] 2017-10-15T23:38:37.884560923Z: [    1.828813] clocksource: acpi_pm: mask: 0xffffff max_cycles: 0xffffff, max_idle_ns: 2085701024 ns
[STDERR  ] 2017-10-15T23:38:37.884569162Z: [    1.833073] NET: Registered protocol family 2
[STDERR  ] 2017-10-15T23:38:37.884577241Z: [    1.841301] TCP established hash table entries: 8192 (order: 4, 65536 bytes)
[STDERR  ] 2017-10-15T23:38:37.884585844Z: [    1.842179] TCP bind hash table entries: 8192 (order: 5, 131072 bytes)
[STDERR  ] 2017-10-15T23:38:37.884594529Z: [    1.842952] TCP: Hash tables configured (established 8192 bind 8192)
[STDERR  ] 2017-10-15T23:38:37.884602485Z: [    1.844948] UDP hash table entries: 512 (order: 2, 16384 bytes)
[STDERR  ] 2017-10-15T23:38:37.884610505Z: [    1.845551] UDP-Lite hash table entries: 512 (order: 2, 16384 bytes)
[STDERR  ] 2017-10-15T23:38:37.884618909Z: [    1.847964] NET: Registered protocol family 1
[STDERR  ] 2017-10-15T23:38:37.884629206Z: [    1.849039] pci 0000:00:01.0: Video device with shadowed ROM at [mem 0x000c0000-0x000dffff]
[STDERR  ] 2017-10-15T23:38:37.884637929Z: [    1.856416] Unpacking initramfs...
[STDERR  ] 2017-10-15T23:38:37.884645873Z: [   10.999331] Freeing initrd memory: 48220K
[STDERR  ] 2017-10-15T23:38:37.884653921Z: [   11.023629] PCLMULQDQ-NI instructions are not detected.
[STDERR  ] 2017-10-15T23:38:37.884661976Z: [   11.025156] AVX or AES-NI instructions are not detected.
[STDERR  ] 2017-10-15T23:38:37.884670557Z: [   11.025662] CPU feature 'AVX registers' is not supported.
[STDERR  ] 2017-10-15T23:38:37.884678909Z: [   11.026069] CPU feature 'AVX registers' is not supported.
[STDERR  ] 2017-10-15T23:38:37.884686863Z: [   11.026460] CPU feature 'AVX registers' is not supported.
[STDERR  ] 2017-10-15T23:38:37.884700092Z: [   11.026803] CPU feature 'AVX registers' is not supported.
[STDERR  ] 2017-10-15T23:38:37.884708379Z: [   11.027182] AVX2 or AES-NI instructions are not detected.
[STDERR  ] 2017-10-15T23:38:37.884716377Z: [   11.027546] AVX2 instructions are not detected.
[STDERR  ] 2017-10-15T23:38:37.884724533Z: [   11.034301] audit: initializing netlink subsys (disabled)
[STDERR  ] 2017-10-15T23:38:37.884732581Z: [   11.036024] audit: type=2000 audit(1508110666.030:1): initialized
[STDERR  ] 2017-10-15T23:38:37.884740925Z: [   11.043957] workingset: timestamp_bits=46 max_order=18 bucket_order=0
[STDERR  ] 2017-10-15T23:38:37.884749571Z: [   11.050521] FS-Cache: Netfs 'cifs' registered for caching
[STDERR  ] 2017-10-15T23:38:37.884757687Z: [   11.051606] fuse init (API version 7.26)
[STDERR  ] 2017-10-15T23:38:37.884765785Z: [   11.054075] SGI XFS with ACLs, security attributes, no debug enabled
[STDERR  ] 2017-10-15T23:38:37.884773845Z: [   11.061191] 9p: Installing v9fs 9p2000 file system support
[STDERR  ] 2017-10-15T23:38:37.884781829Z: [   11.061730] FS-Cache: Netfs '9p' registered for caching
[STDERR  ] 2017-10-15T23:38:37.884789889Z: [   11.092220] NET: Registered protocol family 38
[STDERR  ] 2017-10-15T23:38:37.884801745Z: [   11.092809] Key type asymmetric registered
[STDERR  ] 2017-10-15T23:38:37.884810073Z: [   11.093153] Asymmetric key parser 'x509' registered
[STDERR  ] 2017-10-15T23:38:37.884818689Z: [   11.094138] Block layer SCSI generic (bsg) driver version 0.4 loaded (major 251)
[STDERR  ] 2017-10-15T23:38:37.884827207Z: [   11.095674] io scheduler noop registered
[STDERR  ] 2017-10-15T23:38:37.884835394Z: [   11.096017] io scheduler deadline registered (default)
[STDERR  ] 2017-10-15T23:38:37.884843442Z: [   11.097004] io scheduler cfq registered
[STDERR  ] 2017-10-15T23:38:37.884851592Z: [   11.099601] pci_hotplug: PCI Hot Plug PCI Core version: 0.5
[STDERR  ] 2017-10-15T23:38:37.884861341Z: [   11.101162] pciehp: PCI Express Hot Plug Controller Driver version: 0.4
[STDERR  ] 2017-10-15T23:38:37.88486949Z: [   11.102080] shpchp: Standard Hot Plug PCI Controller Driver version: 0.4
[STDERR  ] 2017-10-15T23:38:37.884878646Z: [   11.102944] hv_vmbus: registering driver hyperv_fb
[STDERR  ] 2017-10-15T23:38:37.884886718Z: [   11.106128] input: Power Button as /devices/LNXSYSTM:00/LNXPWRBN:00/input/input0
[STDERR  ] 2017-10-15T23:38:37.884895047Z: [   11.107280] ACPI: Power Button [PWRF]
[STDERR  ] 2017-10-15T23:38:37.884903838Z: [   11.112492] GHES: HEST is not enabled!
[STDERR  ] 2017-10-15T23:38:37.88491196Z: [   11.124948] ACPI: PCI Interrupt Link [GSIG] enabled at IRQ 22
[STDERR  ] 2017-10-15T23:38:37.884920101Z: [   11.138558] ACPI: PCI Interrupt Link [GSIH] enabled at IRQ 23
[STDERR  ] 2017-10-15T23:38:37.884928154Z: [   11.144733] xenfs: not registering filesystem on non-xen platform
[STDERR  ] 2017-10-15T23:38:37.88493623Z: [   11.146960] Serial: 8250/16550 driver, 4 ports, IRQ sharing disabled
[STDERR  ] 2017-10-15T23:38:37.884944246Z: [   11.170866] 00:04: ttyS0 at I/O 0x3f8 (irq = 4, base_baud = 115200) is a 16550A
[STDERR  ] 2017-10-15T23:38:37.884952392Z: [   11.183023] Non-volatile memory driver v1.3
[STDERR  ] 2017-10-15T23:38:37.884960518Z: [   11.190973] Hangcheck: starting hangcheck timer 0.9.1 (tick is 180 seconds, margin is 60 seconds).
[STDERR  ] 2017-10-15T23:38:37.88496827Z: [   11.230031] loop: module loaded
[STDERR  ] 2017-10-15T23:38:37.884976291Z: [   11.245761] nbd: registered device at major 43
[STDERR  ] 2017-10-15T23:38:37.884987048Z: [   11.288383] lpc_ich 0000:00:1f.0: I/O space for GPIO uninitialized
[STDERR  ] 2017-10-15T23:38:37.884994836Z: [   11.290864] VMware PVSCSI driver - version 1.0.7.0-k
[STDERR  ] 2017-10-15T23:38:37.885002842Z: [   11.291835] hv_vmbus: registering driver hv_storvsc
[STDERR  ] 2017-10-15T23:38:37.885011241Z: [   11.302622] ACPI: PCI Interrupt Link [GSIA] enabled at IRQ 16
[STDERR  ] 2017-10-15T23:38:37.885019436Z: [   11.309723] ahci 0000:00:1f.2: AHCI 0001.0000 32 slots 6 ports 1.5 Gbps 0x3f impl SATA mode
[STDERR  ] 2017-10-15T23:38:37.885032686Z: [   11.310849] ahci 0000:00:1f.2: flags: 64bit ncq only 
[STDERR  ] 2017-10-15T23:38:37.885040922Z: [   11.331312] scsi host0: ahci
[STDERR  ] 2017-10-15T23:38:37.885047613Z: [   11.336573] scsi host1: ahci
[STDERR  ] 2017-10-15T23:38:37.885055682Z: [   11.339767] scsi host2: ahci
[STDERR  ] 2017-10-15T23:38:37.885064992Z: [   11.342461] scsi host3: ahci
[STDERR  ] 2017-10-15T23:38:37.885073405Z: [   11.344739] scsi host4: ahci
[STDERR  ] 2017-10-15T23:38:37.885081506Z: [   11.346998] scsi host5: ahci
[STDERR  ] 2017-10-15T23:38:37.885089623Z: [   11.349038] ata1: SATA max UDMA/133 abar m4096@0xfebd2000 port 0xfebd2100 irq 24
[STDERR  ] 2017-10-15T23:38:37.885097748Z: [   11.349599] ata2: SATA max UDMA/133 abar m4096@0xfebd2000 port 0xfebd2180 irq 24
[STDERR  ] 2017-10-15T23:38:37.885106163Z: [   11.350033] ata3: SATA max UDMA/133 abar m4096@0xfebd2000 port 0xfebd2200 irq 24
[STDERR  ] 2017-10-15T23:38:37.885168845Z: [   11.350810] ata4: SATA max UDMA/133 abar m4096@0xfebd2000 port 0xfebd2280 irq 24
[STDERR  ] 2017-10-15T23:38:37.885177311Z: [   11.351246] ata5: SATA max UDMA/133 abar m4096@0xfebd2000 port 0xfebd2300 irq 24
[STDERR  ] 2017-10-15T23:38:37.885185592Z: [   11.351684] ata6: SATA max UDMA/133 abar m4096@0xfebd2000 port 0xfebd2380 irq 24
[STDERR  ] 2017-10-15T23:38:37.885198582Z: [   11.365129] tun: Universal TUN/TAP device driver, 1.6
[STDERR  ] 2017-10-15T23:38:37.885206933Z: [   11.365551] tun: (C) 1999-2004 Max Krasnyansky <maxk@qualcomm.com>
[STDERR  ] 2017-10-15T23:38:37.885215279Z: [   11.376567] VMware vmxnet3 virtual NIC driver - version 1.4.a.0-k-NAPI
[STDERR  ] 2017-10-15T23:38:37.885223894Z: [   11.377607] hv_vmbus: registering driver hv_netvsc
[STDERR  ] 2017-10-15T23:38:37.885232256Z: [   11.377987] Fusion MPT base driver 3.04.20
[STDERR  ] 2017-10-15T23:38:37.885240401Z: [   11.378245] Copyright (c) 1999-2008 LSI Corporation
[STDERR  ] 2017-10-15T23:38:37.885251116Z: [   11.378834] Fusion MPT SPI Host driver 3.04.20
[STDERR  ] 2017-10-15T23:38:37.885259366Z: [   11.381795] i8042: PNP: PS/2 Controller [PNP0303:KBD,PNP0f13:MOU] at 0x60,0x64 irq 1,12
[STDERR  ] 2017-10-15T23:38:37.885267908Z: [   11.385908] serio: i8042 KBD port at 0x60,0x64 irq 1
[STDERR  ] 2017-10-15T23:38:37.885275893Z: [   11.386580] serio: i8042 AUX port at 0x60,0x64 irq 12
[STDERR  ] 2017-10-15T23:38:37.885284265Z: [   11.389592] hv_vmbus: registering driver hyperv_keyboard
[STDERR  ] 2017-10-15T23:38:37.885292305Z: [   11.392055] mousedev: PS/2 mouse device common for all mice
[STDERR  ] 2017-10-15T23:38:37.885303726Z: [   11.396928] input: AT Translated Set 2 keyboard as /devices/platform/i8042/serio0/input/input1
[STDERR  ] 2017-10-15T23:38:37.885311964Z: [   11.399824] input: PC Speaker as /devices/platform/pcspkr/input/input2
[STDERR  ] 2017-10-15T23:38:37.885320039Z: [   11.403458] rtc_cmos 00:00: RTC can wake from S4
[STDERR  ] 2017-10-15T23:38:37.885327992Z: [   11.406770] rtc_cmos 00:00: rtc core: registered rtc_cmos as rtc0
[STDERR  ] 2017-10-15T23:38:37.885336003Z: [   11.408037] rtc_cmos 00:00: alarms up to one day, y3k, 114 bytes nvram, hpet irqs
[STDERR  ] 2017-10-15T23:38:37.885345039Z: [   11.408727] i2c /dev entries driver
[STDERR  ] 2017-10-15T23:38:37.885353479Z: [   11.410952] device-mapper: ioctl: 4.35.0-ioctl (2016-06-23) initialised: dm-devel@redhat.com
[STDERR  ] 2017-10-15T23:38:37.885361568Z: [   11.415483] usbcore: registered new interface driver usbhid
[STDERR  ] 2017-10-15T23:38:37.885369748Z: [   11.415841] usbhid: USB HID core driver
[STDERR  ] 2017-10-15T23:38:37.885378268Z: [   11.416497] hv_utils: Registering HyperV Utility Driver
[STDERR  ] 2017-10-15T23:38:37.885388779Z: [   11.416851] hv_vmbus: registering driver hv_util
[STDERR  ] 2017-10-15T23:38:37.885396809Z: [   11.417120] hv_vmbus: registering driver hv_balloon
[STDERR  ] 2017-10-15T23:38:37.885404928Z: [   11.417630] oprofile: using NMI interrupt.
[STDERR  ] 2017-10-15T23:38:37.885413089Z: [   11.418780] GACT probability on
[STDERR  ] 2017-10-15T23:38:37.885421272Z: [   11.419299] Mirror/redirect action on
[STDERR  ] 2017-10-15T23:38:37.885434662Z: [   11.420770] Simple TC action Loaded
[STDERR  ] 2017-10-15T23:38:37.885442795Z: [   11.421449] u32 classifier
[STDERR  ] 2017-10-15T23:38:37.885453478Z: [   11.421645]     Performance counters on
[STDERR  ] 2017-10-15T23:38:37.88546042Z: [   11.421916]     input device check on
[STDERR  ] 2017-10-15T23:38:37.885467684Z: [   11.422129]     Actions configured
[STDERR  ] 2017-10-15T23:38:37.88547543Z: [   11.422721] Netfilter messages via NETLINK v0.30.
[STDERR  ] 2017-10-15T23:38:37.885483965Z: [   11.423579] nfnl_acct: registering with nfnetlink.
[STDERR  ] 2017-10-15T23:38:37.88549478Z: [   11.424929] nf_conntrack version 0.5.0 (8192 buckets, 32768 max)
[STDERR  ] 2017-10-15T23:38:37.885502985Z: [   11.428010] ctnetlink v0.93: registering with nfnetlink.
[STDERR  ] 2017-10-15T23:38:37.885511326Z: [   11.432787] nf_tables: (c) 2007-2009 Patrick McHardy <kaber@trash.net>
[STDERR  ] 2017-10-15T23:38:37.885519721Z: [   11.433680] nf_tables_compat: (c) 2012 Pablo Neira Ayuso <pablo@netfilter.org>
[STDERR  ] 2017-10-15T23:38:37.885528Z: [   11.436102] xt_time: kernel timezone is -0000
[STDERR  ] 2017-10-15T23:38:37.885536533Z: [   11.436639] ip_set: protocol 6
[STDERR  ] 2017-10-15T23:38:37.88554957Z: [   11.437274] IPVS: Registered protocols (TCP, UDP, SCTP, AH, ESP)
[STDERR  ] 2017-10-15T23:38:37.885557722Z: [   11.437925] IPVS: Connection hash table configured (size=4096, memory=64Kbytes)
[STDERR  ] 2017-10-15T23:38:37.885566864Z: [   11.439710] IPVS: Creating netns size=2104 id=0
[STDERR  ] 2017-10-15T23:38:37.88557504Z: [   11.442862] IPVS: ipvs loaded.
[STDERR  ] 2017-10-15T23:38:37.885583236Z: [   11.443221] IPVS: [rr] scheduler registered.
[STDERR  ] 2017-10-15T23:38:37.885591336Z: [   11.443550] IPVS: [wrr] scheduler registered.
[STDERR  ] 2017-10-15T23:38:37.885599086Z: [   11.443829] IPVS: [lc] scheduler registered.
[STDERR  ] 2017-10-15T23:38:37.885608736Z: [   11.444100] IPVS: [wlc] scheduler registered.
[STDERR  ] 2017-10-15T23:38:37.885616947Z: [   11.444349] IPVS: [fo] scheduler registered.
[STDERR  ] 2017-10-15T23:38:37.885625444Z: [   11.444603] IPVS: [ovf] scheduler registered.
[STDERR  ] 2017-10-15T23:38:37.885633688Z: [   11.445053] IPVS: [lblc] scheduler registered.
[STDERR  ] 2017-10-15T23:38:37.885641754Z: [   11.445489] IPVS: [lblcr] scheduler registered.
[STDERR  ] 2017-10-15T23:38:37.88565042Z: [   11.445768] IPVS: [dh] scheduler registered.
[STDERR  ] 2017-10-15T23:38:37.885658716Z: [   11.446031] IPVS: [sh] scheduler registered.
[STDERR  ] 2017-10-15T23:38:37.885666752Z: [   11.446396] IPVS: [sed] scheduler registered.
[STDERR  ] 2017-10-15T23:38:37.885675016Z: [   11.446661] IPVS: [nq] scheduler registered.
[STDERR  ] 2017-10-15T23:38:37.885683093Z: [   11.447426] IPVS: ftp: loaded support on port[0] = 21
[STDERR  ] 2017-10-15T23:38:37.885691535Z: [   11.448368] ipip: IPv4 and MPLS over IPv4 tunneling driver
[STDERR  ] 2017-10-15T23:38:37.8856996Z: [   11.453719] gre: GRE over IPv4 demultiplexor driver
[STDERR  ] 2017-10-15T23:38:37.885707828Z: [   11.456522] ip_tables: (C) 2000-2006 Netfilter Core Team
[STDERR  ] 2017-10-15T23:38:37.885715844Z: [   11.459828] ipt_CLUSTERIP: ClusterIP Version 0.8 loaded successfully
[STDERR  ] 2017-10-15T23:38:37.885724299Z: [   11.461137] arp_tables: arp_tables: (C) 2002 David S. Miller
[STDERR  ] 2017-10-15T23:38:37.88573272Z: [   11.463552] NET: Registered protocol family 10
[STDERR  ] 2017-10-15T23:38:37.885740796Z: [   11.473389] ip6_tables: (C) 2000-2006 Netfilter Core Team
[STDERR  ] 2017-10-15T23:38:37.885748825Z: [   11.482002] NET: Registered protocol family 17
[STDERR  ] 2017-10-15T23:38:37.885756963Z: [   11.483099] Bridge firewalling registered
[STDERR  ] 2017-10-15T23:38:37.885765073Z: [   11.483689] Ebtables v2.0 registered
[STDERR  ] 2017-10-15T23:38:37.885773174Z: [   11.485638] 8021q: 802.1Q VLAN Support v1.8
[STDERR  ] 2017-10-15T23:38:37.885781413Z: [   11.487099] 9pnet: Installing 9P2000 support
[STDERR  ] 2017-10-15T23:38:37.885789531Z: [   11.488620] Key type dns_resolver registered
[STDERR  ] 2017-10-15T23:38:37.88580198Z: [   11.489539] microcode: AMD CPU family 0x6 not supported
[STDERR  ] 2017-10-15T23:38:37.88581062Z: [   11.493616] registered taskstats version 1
[STDERR  ] 2017-10-15T23:38:37.885818768Z: [   11.681661] ata2: SATA link up 1.5 Gbps (SStatus 113 SControl 300)
[STDERR  ] 2017-10-15T23:38:37.885826912Z: [   11.689271] ata2.00: ATA-7: QEMU HARDDISK, 2.5+, max UDMA/100
[STDERR  ] 2017-10-15T23:38:37.885835486Z: [   11.689746] ata2.00: 1048576 sectors, multi 16: LBA48 NCQ (depth 31/32)
[STDERR  ] 2017-10-15T23:38:37.885844266Z: [   11.690619] ata2.00: applying bridge limits
[STDERR  ] 2017-10-15T23:38:37.885854827Z: [   11.692437] ata1: SATA link up 1.5 Gbps (SStatus 113 SControl 300)
[STDERR  ] 2017-10-15T23:38:37.88586552Z: [   11.693140] ata1.00: ATA-7: QEMU HARDDISK, 2.5+, max UDMA/100
[STDERR  ] 2017-10-15T23:38:37.885873823Z: [   11.693492] ata1.00: 1048576 sectors, multi 16: LBA48 NCQ (depth 31/32)
[STDERR  ] 2017-10-15T23:38:37.885893139Z: [   11.693900] ata1.00: applying bridge limits
[STDERR  ] 2017-10-15T23:38:37.885901955Z: [   11.694897] ata1.00: configured for UDMA/100
[STDERR  ] 2017-10-15T23:38:37.885909729Z: [   11.697706] ata4: SATA link down (SStatus 0 SControl 300)
[STDERR  ] 2017-10-15T23:38:37.885921527Z: [   11.698387] ata3: SATA link up 1.5 Gbps (SStatus 113 SControl 300)
[STDERR  ] 2017-10-15T23:38:37.885930641Z: [   11.699140] ata3.00: ATAPI: QEMU DVD-ROM, 2.5+, max UDMA/100
[STDERR  ] 2017-10-15T23:38:37.885939351Z: [   11.699558] ata3.00: applying bridge limits
[STDERR  ] 2017-10-15T23:38:37.885949566Z: [   11.700380] ata3.00: configured for UDMA/100
[STDERR  ] 2017-10-15T23:38:37.885957848Z: [   11.701449] ata5: SATA link down (SStatus 0 SControl 300)
[STDERR  ] 2017-10-15T23:38:37.885965915Z: [   11.703359] ata6: SATA link down (SStatus 0 SControl 300)
[STDERR  ] 2017-10-15T23:38:37.885974239Z: [   11.719248] ata2.00: configured for UDMA/100
[STDERR  ] 2017-10-15T23:38:37.885982375Z: [   11.722515] scsi 0:0:0:0: Direct-Access     ATA      QEMU HARDDISK    2.5+ PQ: 0 ANSI: 5
[STDERR  ] 2017-10-15T23:38:37.885991168Z: [   11.744285] sd 0:0:0:0: [sda] 1048576 512-byte logical blocks: (537 MB/512 MiB)
[STDERR  ] 2017-10-15T23:38:37.885999753Z: [   11.746027] sd 0:0:0:0: Attached scsi generic sg0 type 0
[STDERR  ] 2017-10-15T23:38:37.886010478Z: [   11.752504] sd 0:0:0:0: [sda] Write Protect is off
[STDERR  ] 2017-10-15T23:38:37.88601865Z: [   11.754625] scsi 1:0:0:0: Direct-Access     ATA      QEMU HARDDISK    2.5+ PQ: 0 ANSI: 5
[STDERR  ] 2017-10-15T23:38:37.886026917Z: [   11.758209] sd 1:0:0:0: [sdb] 1048576 512-byte logical blocks: (537 MB/512 MiB)
[STDERR  ] 2017-10-15T23:38:37.886035198Z: [   11.759711] sd 0:0:0:0: [sda] Write cache: enabled, read cache: enabled, doesn't support DPO or FUA
