[INFO    ] 2017-08-21T22:01:51.104081088Z: Running Test linuxkit.packages.extend.ext4 in /tmp/with_clone28406912/test/cases/040_packages/005_extend/000_ext4
[INFO    ] 2017-08-21T22:01:51.104191653Z: Running command: [/bin/sh -x /tmp/with_clone28406912/test/cases/040_packages/005_extend/000_ext4/test.sh]
[STDERR  ] 2017-08-21T22:01:51.10521233Z: + set -ex
[STDERR  ] 2017-08-21T22:01:51.1052734Z: + . /tmp/with_clone28406912/test/cases/_lib/lib.sh
[STDERR  ] 2017-08-21T22:01:51.105300748Z: + [ -f src/github.com/linuxkit/rtf/lib/lib.sh ]
[STDERR  ] 2017-08-21T22:01:51.105314937Z: + LINUXKIT_TMPDIR=/tmp/with_clone28406912/test/cases/_tmp
[STDERR  ] 2017-08-21T22:01:51.105328978Z: + [ -f /tmp/with_clone28406912/test/cases/_tmp/env.sh ]
[STDERR  ] 2017-08-21T22:01:51.10534144Z: + . /tmp/with_clone28406912/test/cases/_tmp/env.sh
[STDERR  ] 2017-08-21T22:01:51.105357491Z: + export LINUXKIT_EXAMPLES_DIR=/tmp/with_clone28406912/test/cases/../../examples
[STDERR  ] 2017-08-21T22:01:51.10537283Z: + export LINUXKIT_BLUEPRINTS_DIR=/tmp/with_clone28406912/test/cases/../../blueprints
[STDERR  ] 2017-08-21T22:01:51.105394232Z: + RT_CANCEL=253
[STDERR  ] 2017-08-21T22:01:51.105406002Z: + NAME=test-extend-ext4
[STDERR  ] 2017-08-21T22:01:51.105417438Z: + DISK=disk0.img
[STDERR  ] 2017-08-21T22:01:51.1054313Z: + trap clean_up EXIT
[STDERR  ] 2017-08-21T22:01:51.1054434Z: + moby build --name create -output kernel+initrd test-create.yml
[STDERR  ] 2017-08-21T22:01:51.116629076Z: Extract kernel image: linuxkit/kernel:4.9.44
[STDERR  ] 2017-08-21T22:01:58.218804509Z: Add init containers:
[STDERR  ] 2017-08-21T22:01:58.218895494Z: Process init image: linuxkit/init:2122f8b7202b383c1be0a91a02122b0c078ca6ac
[STDERR  ] 2017-08-21T22:02:00.887229326Z: Process init image: linuxkit/runc:a1b564248a0d0b118c11e61db9f84ecf41dd2d2a
[STDERR  ] 2017-08-21T22:02:02.869811369Z: Add onboot containers:
[STDERR  ] 2017-08-21T22:02:02.869930087Z:   Create OCI config for linuxkit/format:158d992b7bf7ab984100c697d7e72161ea7d7382
[STDERR  ] 2017-08-21T22:02:05.331402228Z:   Create OCI config for linuxkit/mount:4fe245efb01384e42622c36302e13e386bbaeb08
[STDERR  ] 2017-08-21T22:02:07.079044898Z:   Create OCI config for alpine:3.6
[STDERR  ] 2017-08-21T22:02:08.808861738Z:   Create OCI config for linuxkit/poweroff:1e9876c682c74d0602b7647c628bb0875fb13998
[STDERR  ] 2017-08-21T22:02:10.424508594Z: Create outputs:
[STDERR  ] 2017-08-21T22:02:15.363388541Z:   create-kernel create-initrd.img create-cmdline
[STDERR  ] 2017-08-21T22:02:15.567787341Z: + linuxkit run -disk file=disk0.img,format=raw,size=256M create
[STDOUT  ] 2017-08-21T22:02:17.182202146Z: [    0.000000] Linux version 4.9.44-linuxkit (root@e1ede117fb1e) (gcc version 6.3.0 (Alpine 6.3.0) ) #1 SMP Fri Aug 18 17:11:43 UTC 2017
[STDOUT  ] 2017-08-21T22:02:17.182690423Z: [    0.000000] Command line: console=ttyS0
[STDOUT  ] 2017-08-21T22:02:17.183036698Z: [    0.000000] x86/fpu: Legacy x87 FPU detected.
[STDOUT  ] 2017-08-21T22:02:17.183446486Z: [    0.000000] x86/fpu: Using 'eager' FPU context switches.
[STDOUT  ] 2017-08-21T22:02:17.183819987Z: [    0.000000] e820: BIOS-provided physical RAM map:
[STDOUT  ] 2017-08-21T22:02:17.184330637Z: [    0.000000] BIOS-e820: [mem 0x0000000000000000-0x000000000009fbff] usable
[STDOUT  ] 2017-08-21T22:02:17.184850362Z: [    0.000000] BIOS-e820: [mem 0x000000000009fc00-0x000000000009ffff] reserved
[STDOUT  ] 2017-08-21T22:02:17.185384387Z: [    0.000000] BIOS-e820: [mem 0x00000000000f0000-0x00000000000fffff] reserved
[STDOUT  ] 2017-08-21T22:02:17.185911387Z: [    0.000000] BIOS-e820: [mem 0x0000000000100000-0x000000003ffdefff] usable
[STDOUT  ] 2017-08-21T22:02:17.186435023Z: [    0.000000] BIOS-e820: [mem 0x000000003ffdf000-0x000000003fffffff] reserved
[STDOUT  ] 2017-08-21T22:02:17.186955783Z: [    0.000000] BIOS-e820: [mem 0x00000000b0000000-0x00000000bfffffff] reserved
[STDOUT  ] 2017-08-21T22:02:17.187521935Z: [    0.000000] BIOS-e820: [mem 0x00000000fed1c000-0x00000000fed1ffff] reserved
[STDOUT  ] 2017-08-21T22:02:17.188133973Z: [    0.000000] BIOS-e820: [mem 0x00000000fffc0000-0x00000000ffffffff] reserved
[STDOUT  ] 2017-08-21T22:02:17.188528521Z: [    0.000000] NX (Execute Disable) protection: active
[STDOUT  ] 2017-08-21T22:02:17.188779938Z: [    0.000000] SMBIOS 2.8 present.
[STDOUT  ] 2017-08-21T22:02:17.189244541Z: [    0.000000] e820: last_pfn = 0x3ffdf max_arch_pfn = 0x400000000
[STDOUT  ] 2017-08-21T22:02:17.189773114Z: [    0.000000] x86/PAT: Configuration [0-7]: WB  WC  UC- UC  WB  WC  UC- WT  
[STDOUT  ] 2017-08-21T22:02:17.190398076Z: [    0.000000] found SMP MP-table at [mem 0x000f6aa0-0x000f6aaf] mapped at [ffff96dc800f6aa0]
[STDOUT  ] 2017-08-21T22:02:17.190745575Z: [    0.000000] RAMDISK: [mem 0x3e2d3000-0x3ffcffff]
[STDOUT  ] 2017-08-21T22:02:17.191159209Z: [    0.000000] ACPI: Early table checksum verification disabled
[STDOUT  ] 2017-08-21T22:02:17.191563099Z: [    0.000000] ACPI: RSDP 0x00000000000F68C0 000014 (v00 BOCHS )
[STDOUT  ] 2017-08-21T22:02:17.192154999Z: [    0.000000] ACPI: RSDT 0x000000003FFE2404 000034 (v01 BOCHS  BXPCRSDT 00000001 BXPC 00000001)
[STDOUT  ] 2017-08-21T22:02:17.192899206Z: [    0.000000] ACPI: FACP 0x000000003FFE22A4 000074 (v01 BOCHS  BXPCFACP 00000001 BXPC 00000001)
[STDOUT  ] 2017-08-21T22:02:17.193731946Z: [    0.000000] ACPI: DSDT 0x000000003FFE0040 002264 (v01 BOCHS  BXPCDSDT 00000001 BXPC 00000001)
[STDOUT  ] 2017-08-21T22:02:17.194207337Z: [    0.000000] ACPI: FACS 0x000000003FFE0000 000040
[STDOUT  ] 2017-08-21T22:02:17.194807672Z: [    0.000000] ACPI: APIC 0x000000003FFE2318 000078 (v01 BOCHS  BXPCAPIC 00000001 BXPC 00000001)
[STDOUT  ] 2017-08-21T22:02:17.195392388Z: [    0.000000] ACPI: HPET 0x000000003FFE2390 000038 (v01 BOCHS  BXPCHPET 00000001 BXPC 00000001)
[STDOUT  ] 2017-08-21T22:02:17.195971236Z: [    0.000000] ACPI: MCFG 0x000000003FFE23C8 00003C (v01 BOCHS  BXPCMCFG 00000001 BXPC 00000001)
[STDOUT  ] 2017-08-21T22:02:17.196168269Z: [    0.000000] Zone ranges:
[STDOUT  ] 2017-08-21T22:02:17.196594816Z: [    0.000000]   DMA      [mem 0x0000000000001000-0x0000000000ffffff]
[STDOUT  ] 2017-08-21T22:02:17.197040401Z: [    0.000000]   DMA32    [mem 0x0000000001000000-0x000000003ffdefff]
[STDOUT  ] 2017-08-21T22:02:17.197269403Z: [    0.000000]   Normal   empty
[STDOUT  ] 2017-08-21T22:02:17.197618411Z: [    0.000000] Movable zone start for each node
[STDOUT  ] 2017-08-21T22:02:17.197884761Z: [    0.000000] Early memory node ranges
[STDOUT  ] 2017-08-21T22:02:17.198318575Z: [    0.000000]   node   0: [mem 0x0000000000001000-0x000000000009efff]
[STDOUT  ] 2017-08-21T22:02:17.198751517Z: [    0.000000]   node   0: [mem 0x0000000000100000-0x000000003ffdefff]
[STDOUT  ] 2017-08-21T22:02:17.199234458Z: [    0.000000] Initmem setup node 0 [mem 0x0000000000001000-0x000000003ffdefff]
[STDOUT  ] 2017-08-21T22:02:17.199523985Z: [    0.000000] ACPI: PM-Timer IO Port: 0x608
[STDOUT  ] 2017-08-21T22:02:17.199922817Z: [    0.000000] ACPI: LAPIC_NMI (acpi_id[0xff] dfl dfl lint[0x1])
[STDOUT  ] 2017-08-21T22:02:17.200395775Z: [    0.000000] IOAPIC[0]: apic_id 0, version 32, address 0xfec00000, GSI 0-23
[STDOUT  ] 2017-08-21T22:02:17.200833345Z: [    0.000000] ACPI: INT_SRC_OVR (bus 0 bus_irq 0 global_irq 2 dfl dfl)
[STDOUT  ] 2017-08-21T22:02:17.201287575Z: [    0.000000] ACPI: INT_SRC_OVR (bus 0 bus_irq 5 global_irq 5 high level)
[STDOUT  ] 2017-08-21T22:02:17.201742289Z: [    0.000000] ACPI: INT_SRC_OVR (bus 0 bus_irq 9 global_irq 9 high level)
[STDOUT  ] 2017-08-21T22:02:17.20222727Z: [    0.000000] ACPI: INT_SRC_OVR (bus 0 bus_irq 10 global_irq 10 high level)
[STDOUT  ] 2017-08-21T22:02:17.2026985Z: [    0.000000] ACPI: INT_SRC_OVR (bus 0 bus_irq 11 global_irq 11 high level)
[STDOUT  ] 2017-08-21T22:02:17.203112443Z: [    0.000000] Using ACPI (MADT) for SMP configuration information
[STDOUT  ] 2017-08-21T22:02:17.203473013Z: [    0.000000] ACPI: HPET id: 0x8086a201 base: 0xfed00000
[STDOUT  ] 2017-08-21T22:02:17.203821608Z: [    0.000000] smpboot: Allowing 1 CPUs, 0 hotplug CPUs
[STDOUT  ] 2017-08-21T22:02:17.204276341Z: [    0.000000] e820: [mem 0x40000000-0xafffffff] available for PCI devices
[STDOUT  ] 2017-08-21T22:02:17.204663765Z: [    0.000000] Booting paravirtualized kernel on bare hardware
[STDOUT  ] 2017-08-21T22:02:17.205383515Z: [    0.000000] clocksource: refined-jiffies: mask: 0xffffffff max_cycles: 0xffffffff, max_idle_ns: 19112604462750000 ns
[STDOUT  ] 2017-08-21T22:02:17.205918604Z: [    0.000000] setup_percpu: NR_CPUS:128 nr_cpumask_bits:128 nr_cpu_ids:1 nr_node_ids:1
[STDOUT  ] 2017-08-21T22:02:17.206478769Z: [    0.000000] percpu: Embedded 35 pages/cpu @ffff96dcbe000000 s105240 r8192 d29928 u2097152
[STDOUT  ] 2017-08-21T22:02:17.207032451Z: [    0.000000] Built 1 zonelists in Zone order, mobility grouping on.  Total pages: 257896
[STDOUT  ] 2017-08-21T22:02:17.207348719Z: [    0.000000] Kernel command line: console=ttyS0
[STDOUT  ] 2017-08-21T22:02:17.207804216Z: [    0.000000] PID hash table entries: 4096 (order: 3, 32768 bytes)
[STDOUT  ] 2017-08-21T22:02:17.208299476Z: [    0.000000] Dentry cache hash table entries: 131072 (order: 8, 1048576 bytes)
[STDOUT  ] 2017-08-21T22:02:17.208771417Z: [    0.000000] Inode-cache hash table entries: 65536 (order: 7, 524288 bytes)
[STDOUT  ] 2017-08-21T22:02:17.209669873Z: [    0.000000] Memory: 984488K/1048052K available (8028K kernel code, 1366K rwdata, 2696K rodata, 1380K init, 568K bss, 63564K reserved, 0K cma-reserved)
[STDOUT  ] 2017-08-21T22:02:17.209975653Z: [    0.000000] Hierarchical RCU implementation.
[STDOUT  ] 2017-08-21T22:02:17.210345622Z: [    0.000000] 	Build-time adjustment of leaf fanout to 64.
[STDOUT  ] 2017-08-21T22:02:17.210777594Z: [    0.000000] 	RCU restricting CPUs from NR_CPUS=128 to nr_cpu_ids=1.
[STDOUT  ] 2017-08-21T22:02:17.21123666Z: [    0.000000] RCU: Adjusting geometry for rcu_fanout_leaf=64, nr_cpu_ids=1
[STDOUT  ] 2017-08-21T22:02:17.211522032Z: [    0.000000] NR_IRQS:8448 nr_irqs:256 16
[STDOUT  ] 2017-08-21T22:02:17.211791669Z: [    0.000000] Console: colour VGA+ 80x25
[STDOUT  ] 2017-08-21T22:02:17.212157501Z: [    0.000000] console [ttyS0] enabled
[STDOUT  ] 2017-08-21T22:02:17.215789993Z: [    0.000000] clocksource: hpet: mask: 0xffffffff max_cycles: 0xffffffff, max_idle_ns: 19112604467 ns
[STDOUT  ] 2017-08-21T22:02:17.259640918Z: [    0.000000] tsc: Fast TSC calibration using PIT
[STDOUT  ] 2017-08-21T22:02:17.260370429Z: [    0.000000] tsc: Detected 2300.107 MHz processor
[STDOUT  ] 2017-08-21T22:02:17.263075278Z: [    0.021553] Calibrating delay loop (skipped), value calculated using timer frequency.. 4600.21 BogoMIPS (lpj=23001070)
[STDOUT  ] 2017-08-21T22:02:17.263590699Z: [    0.022706] pid_max: default: 32768 minimum: 301
[STDOUT  ] 2017-08-21T22:02:17.26455369Z: [    0.023714] ACPI: Core revision 20160831
[STDOUT  ] 2017-08-21T22:02:17.309630123Z: [    0.071975] ACPI: 1 ACPI AML tables successfully acquired and loaded
[STDOUT  ] 2017-08-21T22:02:17.313074827Z: [    0.075670] Security Framework initialized
[STDOUT  ] 2017-08-21T22:02:17.313455372Z: [    0.076116] Yama: becoming mindful.
[STDOUT  ] 2017-08-21T22:02:17.315839955Z: [    0.078255] Mount-cache hash table entries: 2048 (order: 2, 16384 bytes)
[STDOUT  ] 2017-08-21T22:02:17.31645593Z: [    0.078846] Mountpoint-cache hash table entries: 2048 (order: 2, 16384 bytes)
[STDOUT  ] 2017-08-21T22:02:17.335925076Z: [    0.098356] Last level iTLB entries: 4KB 0, 2MB 0, 4MB 0
[STDOUT  ] 2017-08-21T22:02:17.336453927Z: [    0.098881] Last level dTLB entries: 4KB 0, 2MB 0, 4MB 0, 1GB 0
[STDOUT  ] 2017-08-21T22:02:17.655036824Z: [    0.417298] Freeing SMP alternatives memory: 20K
[STDOUT  ] 2017-08-21T22:02:17.664868369Z: [    0.427301] ftrace: allocating 35486 entries in 139 pages
[STDOUT  ] 2017-08-21T22:02:17.991934844Z: [    0.613494] smpboot: Max logical packages: 1
[STDOUT  ] 2017-08-21T22:02:17.997733748Z: [    0.619408] ..TIMER: vector=0x30 apic1=0 pin1=2 apic2=-1 pin2=-1
[STDOUT  ] 2017-08-21T22:02:18.228883837Z: [    0.720000] smpboot: CPU0: AMD QEMU Virtual CPU version 2.5+ (family: 0x6, model: 0x6, stepping: 0x3)
[STDOUT  ] 2017-08-21T22:02:18.230282765Z: [    0.720000] Performance Events: PMU not available due to virtualization, using software events only.
[STDOUT  ] 2017-08-21T22:02:18.24915127Z: [    0.730737] NMI watchdog: disabled (cpu0): hardware events not enabled
[STDOUT  ] 2017-08-21T22:02:18.24967967Z: [    0.731299] NMI watchdog: Shutting down hard lockup detector on all cpus
[STDOUT  ] 2017-08-21T22:02:18.252269786Z: [    0.734055] x86: Booted up 1 node, 1 CPUs
[STDOUT  ] 2017-08-21T22:02:18.252848936Z: [    0.734497] smpboot: Total of 1 processors activated (4600.21 BogoMIPS)
[STDOUT  ] 2017-08-21T22:02:18.266943845Z: [    0.748338] devtmpfs: initialized
[STDOUT  ] 2017-08-21T22:02:18.272392513Z: [    0.754178] x86/mm: Memory block size: 128MB
[STDOUT  ] 2017-08-21T22:02:18.338010079Z: [    0.819355] clocksource: jiffies: mask: 0xffffffff max_cycles: 0xffffffff, max_idle_ns: 19112604462750000 ns
[STDOUT  ] 2017-08-21T22:02:18.338818148Z: [    0.820280] futex hash table entries: 256 (order: 2, 16384 bytes)
[STDOUT  ] 2017-08-21T22:02:18.349060183Z: [    0.830000] NET: Registered protocol family 16
[STDOUT  ] 2017-08-21T22:02:18.358353583Z: [    0.840175] cpuidle: using governor ladder
[STDOUT  ] 2017-08-21T22:02:18.358778727Z: [    0.840642] cpuidle: using governor menu
[STDOUT  ] 2017-08-21T22:02:18.359854306Z: [    0.841702] ACPI: bus type PCI registered
[STDOUT  ] 2017-08-21T22:02:18.3628753Z: [    0.844417] PCI: MMCONFIG for domain 0000 [bus 00-ff] at [mem 0xb0000000-0xbfffffff] (base 0xb0000000)
[STDOUT  ] 2017-08-21T22:02:18.3634816Z: [    0.845181] PCI: MMCONFIG at [mem 0xb0000000-0xbfffffff] reserved in E820
[STDOUT  ] 2017-08-21T22:02:18.364762445Z: [    0.846483] PCI: Using configuration type 1 for base access
[STDOUT  ] 2017-08-21T22:02:18.4198012Z: [    0.901432] HugeTLB registered 2 MB page size, pre-allocated 0 pages
[STDOUT  ] 2017-08-21T22:02:18.430923696Z: [    0.912692] ACPI: Added _OSI(Module Device)
[STDOUT  ] 2017-08-21T22:02:18.431296349Z: [    0.913084] ACPI: Added _OSI(Processor Device)
[STDOUT  ] 2017-08-21T22:02:18.431643415Z: [    0.913419] ACPI: Added _OSI(3.0 _SCP Extensions)
[STDOUT  ] 2017-08-21T22:02:18.432025762Z: [    0.913763] ACPI: Added _OSI(Processor Aggregator Device)
[STDOUT  ] 2017-08-21T22:02:18.512023254Z: [    0.993825] ACPI: Interpreter enabled
[STDOUT  ] 2017-08-21T22:02:18.51289768Z: [    0.994782] ACPI: (supports S0 S5)
[STDOUT  ] 2017-08-21T22:02:18.513319363Z: [    0.995129] ACPI: Using IOAPIC for interrupt routing
[STDOUT  ] 2017-08-21T22:02:18.515532966Z: [    0.997068] PCI: Using host bridge windows from ACPI; if necessary, use "pci=nocrs" and report a bug
[STDOUT  ] 2017-08-21T22:02:18.578803651Z: [    1.060467] ACPI: PCI Root Bridge [PCI0] (domain 0000 [bus 00-ff])
[STDOUT  ] 2017-08-21T22:02:18.579977338Z: [    1.061578] acpi PNP0A08:00: _OSC: OS supports [ExtendedConfig ASPM ClockPM Segments MSI]
[STDOUT  ] 2017-08-21T22:02:18.586090391Z: [    1.067723] acpi PNP0A08:00: _OSC: OS now controls [PCIeHotplug PME PCIeCapability]
[STDOUT  ] 2017-08-21T22:02:18.58990892Z: [    1.071739] PCI host bridge to bus 0000:00
[STDOUT  ] 2017-08-21T22:02:18.590501089Z: [    1.072191] pci_bus 0000:00: root bus resource [io  0x0000-0x0cf7 window]
[STDOUT  ] 2017-08-21T22:02:18.591007225Z: [    1.072685] pci_bus 0000:00: root bus resource [io  0x0d00-0xffff window]
[STDOUT  ] 2017-08-21T22:02:18.591499882Z: [    1.073160] pci_bus 0000:00: root bus resource [mem 0x000a0000-0x000bffff window]
[STDOUT  ] 2017-08-21T22:02:18.591986555Z: [    1.073647] pci_bus 0000:00: root bus resource [mem 0xc0000000-0xfebfffff window]
[STDOUT  ] 2017-08-21T22:02:18.592511149Z: [    1.074250] pci_bus 0000:00: root bus resource [bus 00-ff]
[STDOUT  ] 2017-08-21T22:02:18.698895398Z: [    1.180366] pci 0000:00:1f.0: quirk: [io  0x0600-0x067f] claimed by ICH6 ACPI/GPIO/TCO
[STDOUT  ] 2017-08-21T22:02:18.75962657Z: [    1.241176] ACPI: PCI Interrupt Link [LNKA] (IRQs 5 *10 11)
[STDOUT  ] 2017-08-21T22:02:18.761687737Z: [    1.243441] ACPI: PCI Interrupt Link [LNKB] (IRQs 5 *10 11)
[STDOUT  ] 2017-08-21T22:02:18.763557732Z: [    1.245299] ACPI: PCI Interrupt Link [LNKC] (IRQs 5 10 *11)
[STDOUT  ] 2017-08-21T22:02:18.76541877Z: [    1.247163] ACPI: PCI Interrupt Link [LNKD] (IRQs 5 10 *11)
[STDOUT  ] 2017-08-21T22:02:18.767313008Z: [    1.249047] ACPI: PCI Interrupt Link [LNKE] (IRQs 5 *10 11)
[STDOUT  ] 2017-08-21T22:02:18.769310953Z: [    1.251162] ACPI: PCI Interrupt Link [LNKF] (IRQs 5 *10 11)
[STDOUT  ] 2017-08-21T22:02:18.771028567Z: [    1.252906] ACPI: PCI Interrupt Link [LNKG] (IRQs 5 10 *11)
[STDOUT  ] 2017-08-21T22:02:18.772801427Z: [    1.254671] ACPI: PCI Interrupt Link [LNKH] (IRQs 5 10 *11)
[STDOUT  ] 2017-08-21T22:02:18.773579388Z: [    1.255505] ACPI: PCI Interrupt Link [GSIA] (IRQs *16)
[STDOUT  ] 2017-08-21T22:02:18.774218542Z: [    1.256126] ACPI: PCI Interrupt Link [GSIB] (IRQs *17)
[STDOUT  ] 2017-08-21T22:02:18.774828236Z: [    1.256762] ACPI: PCI Interrupt Link [GSIC] (IRQs *18)
[STDOUT  ] 2017-08-21T22:02:18.775435255Z: [    1.257369] ACPI: PCI Interrupt Link [GSID] (IRQs *19)
[STDOUT  ] 2017-08-21T22:02:18.776040262Z: [    1.257975] ACPI: PCI Interrupt Link [GSIE] (IRQs *20)
[STDOUT  ] 2017-08-21T22:02:18.776652538Z: [    1.258585] ACPI: PCI Interrupt Link [GSIF] (IRQs *21)
[STDOUT  ] 2017-08-21T22:02:18.777256844Z: [    1.259192] ACPI: PCI Interrupt Link [GSIG] (IRQs *22)
[STDOUT  ] 2017-08-21T22:02:18.778040911Z: [    1.259838] ACPI: PCI Interrupt Link [GSIH] (IRQs *23)
[STDOUT  ] 2017-08-21T22:02:18.781637605Z: [    1.263351] ACPI: Enabled 2 GPEs in block 00 to 3F
[STDOUT  ] 2017-08-21T22:02:18.785732421Z: [    1.267542] SCSI subsystem initialized
[STDOUT  ] 2017-08-21T22:02:18.787574259Z: [    1.269328] ACPI: bus type USB registered
[STDOUT  ] 2017-08-21T22:02:18.788987771Z: [    1.270837] usbcore: registered new interface driver usbfs
[STDOUT  ] 2017-08-21T22:02:18.789923474Z: [    1.271786] usbcore: registered new interface driver hub
[STDOUT  ] 2017-08-21T22:02:18.790709578Z: [    1.272590] usbcore: registered new device driver usb
[STDOUT  ] 2017-08-21T22:02:18.791837267Z: [    1.273722] pps_core: LinuxPPS API ver. 1 registered
[STDOUT  ] 2017-08-21T22:02:18.792425248Z: [    1.274083] pps_core: Software ver. 5.3.6 - Copyright 2005-2007 Rodolfo Giometti <giometti@linux.it>
[STDOUT  ] 2017-08-21T22:02:18.792936704Z: [    1.274885] PTP clock support registered
[STDOUT  ] 2017-08-21T22:02:18.794034299Z: [    1.276030] wmi: Mapper loaded
[STDOUT  ] 2017-08-21T22:02:18.795133069Z: [    1.277063] PCI: Using ACPI for IRQ routing
[STDOUT  ] 2017-08-21T22:02:18.814218924Z: [    1.296149] NetLabel: Initializing
[STDOUT  ] 2017-08-21T22:02:18.814578874Z: [    1.296486] NetLabel:  domain hash size = 128
[STDOUT  ] 2017-08-21T22:02:18.814950837Z: [    1.296831] NetLabel:  protocols = UNLABELED CIPSOv4
[STDOUT  ] 2017-08-21T22:02:18.81701899Z: [    1.298856] NetLabel:  unlabeled traffic allowed by default
[STDOUT  ] 2017-08-21T22:02:18.818216271Z: [    1.299880] HPET: 3 timers in total, 0 timers will be used for per-cpu timer
[STDOUT  ] 2017-08-21T22:02:18.819129685Z: [    1.300369] hpet0: at MMIO 0xfed00000, IRQs 2, 8, 0
[STDOUT  ] 2017-08-21T22:02:18.819595904Z: [    1.300916] hpet0: 3 comparators, 64-bit 100.000000 MHz counter
[STDOUT  ] 2017-08-21T22:02:18.82798754Z: [    1.309286] clocksource: Switched to clocksource hpet
[STDOUT  ] 2017-08-21T22:02:19.085554784Z: [    1.557925] VFS: Disk quotas dquot_6.6.0
[STDOUT  ] 2017-08-21T22:02:19.086475002Z: [    1.558730] VFS: Dquot-cache hash table entries: 512 (order 0, 4096 bytes)
[STDOUT  ] 2017-08-21T22:02:19.089440408Z: [    1.561944] FS-Cache: Loaded
[STDOUT  ] 2017-08-21T22:02:19.094743814Z: [    1.567244] CacheFiles: Loaded
[STDOUT  ] 2017-08-21T22:02:19.09635548Z: [    1.568868] pnp: PnP ACPI init
[STDOUT  ] 2017-08-21T22:02:19.108028977Z: [    1.580482] pnp: PnP ACPI: found 5 devices
[STDOUT  ] 2017-08-21T22:02:19.156787288Z: [    1.628859] clocksource: acpi_pm: mask: 0xffffff max_cycles: 0xffffff, max_idle_ns: 2085701024 ns
[STDOUT  ] 2017-08-21T22:02:19.159931087Z: [    1.632344] NET: Registered protocol family 2
[STDOUT  ] 2017-08-21T22:02:19.168018621Z: [    1.640165] TCP established hash table entries: 8192 (order: 4, 65536 bytes)
[STDOUT  ] 2017-08-21T22:02:19.168742945Z: [    1.641049] TCP bind hash table entries: 8192 (order: 5, 131072 bytes)
[STDOUT  ] 2017-08-21T22:02:19.169435811Z: [    1.641775] TCP: Hash tables configured (established 8192 bind 8192)
[STDOUT  ] 2017-08-21T22:02:19.17136797Z: [    1.643699] UDP hash table entries: 512 (order: 2, 16384 bytes)
[STDOUT  ] 2017-08-21T22:02:19.171939363Z: [    1.644277] UDP-Lite hash table entries: 512 (order: 2, 16384 bytes)
[STDOUT  ] 2017-08-21T22:02:19.174185612Z: [    1.646625] NET: Registered protocol family 1
[STDOUT  ] 2017-08-21T22:02:19.175358644Z: [    1.647571] pci 0000:00:01.0: Video device with shadowed ROM at [mem 0x000c0000-0x000dffff]
[STDOUT  ] 2017-08-21T22:02:19.182194976Z: [    1.654684] Unpacking initramfs...
[STDOUT  ] 2017-08-21T22:02:23.891582239Z: [    6.363078] Freeing initrd memory: 29684K
[STDOUT  ] 2017-08-21T22:02:23.914584854Z: [    6.387003] PCLMULQDQ-NI instructions are not detected.
[STDOUT  ] 2017-08-21T22:02:23.915741874Z: [    6.388160] AVX or AES-NI instructions are not detected.
[STDOUT  ] 2017-08-21T22:02:23.916116607Z: [    6.388562] CPU feature 'AVX registers' is not supported.
[STDOUT  ] 2017-08-21T22:02:23.916451242Z: [    6.388913] CPU feature 'AVX registers' is not supported.
[STDOUT  ] 2017-08-21T22:02:23.916798196Z: [    6.389241] CPU feature 'AVX registers' is not supported.
[STDOUT  ] 2017-08-21T22:02:23.917145935Z: [    6.389588] CPU feature 'AVX registers' is not supported.
[STDOUT  ] 2017-08-21T22:02:23.917489302Z: [    6.389931] AVX2 or AES-NI instructions are not detected.
[STDOUT  ] 2017-08-21T22:02:23.91800729Z: [    6.390497] AVX2 instructions are not detected.
[STDOUT  ] 2017-08-21T22:02:23.923695371Z: [    6.396131] audit: initializing netlink subsys (disabled)
[STDOUT  ] 2017-08-21T22:02:23.925599077Z: [    6.397634] audit: type=2000 audit(1503352942.390:1): initialized
[STDOUT  ] 2017-08-21T22:02:23.933200329Z: [    6.405552] workingset: timestamp_bits=46 max_order=18 bucket_order=0
[STDOUT  ] 2017-08-21T22:02:23.942197687Z: [    6.414615] FS-Cache: Netfs 'cifs' registered for caching
[STDOUT  ] 2017-08-21T22:02:23.942969211Z: [    6.415474] fuse init (API version 7.26)
[STDOUT  ] 2017-08-21T22:02:23.945215402Z: [    6.417556] SGI XFS with ACLs, security attributes, no debug enabled
[STDOUT  ] 2017-08-21T22:02:23.949204972Z: [    6.421620] 9p: Installing v9fs 9p2000 file system support
[STDOUT  ] 2017-08-21T22:02:23.949636169Z: [    6.422061] FS-Cache: Netfs '9p' registered for caching
[STDOUT  ] 2017-08-21T22:02:23.985424465Z: [    6.457730] NET: Registered protocol family 38
[STDOUT  ] 2017-08-21T22:02:23.985790743Z: [    6.458285] Key type asymmetric registered
[STDOUT  ] 2017-08-21T22:02:23.986110822Z: [    6.458596] Asymmetric key parser 'x509' registered
[STDOUT  ] 2017-08-21T22:02:23.986962443Z: [    6.459305] Block layer SCSI generic (bsg) driver version 0.4 loaded (major 251)
[STDOUT  ] 2017-08-21T22:02:23.988561747Z: [    6.461066] io scheduler noop registered
[STDOUT  ] 2017-08-21T22:02:23.988922757Z: [    6.461362] io scheduler deadline registered (default)
[STDOUT  ] 2017-08-21T22:02:23.989401777Z: [    6.461915] io scheduler cfq registered
[STDOUT  ] 2017-08-21T22:02:23.992181599Z: [    6.464600] pci_hotplug: PCI Hot Plug PCI Core version: 0.5
[STDOUT  ] 2017-08-21T22:02:23.992683181Z: [    6.465140] pciehp: PCI Express Hot Plug Controller Driver version: 0.4
[STDOUT  ] 2017-08-21T22:02:23.993416214Z: [    6.465805] shpchp: Standard Hot Plug PCI Controller Driver version: 0.4
[STDOUT  ] 2017-08-21T22:02:23.99407801Z: [    6.466548] hv_vmbus: registering driver hyperv_fb
[STDOUT  ] 2017-08-21T22:02:23.997280872Z: [    6.469613] input: Power Button as /devices/LNXSYSTM:00/LNXPWRBN:00/input/input0
[STDOUT  ] 2017-08-21T22:02:23.99975781Z: [    6.472259] ACPI: Power Button [PWRF]
[STDOUT  ] 2017-08-21T22:02:24.00470029Z: [    6.477176] GHES: HEST is not enabled!
[STDOUT  ] 2017-08-21T22:02:24.015763185Z: [    6.488177] ACPI: PCI Interrupt Link [GSIG] enabled at IRQ 22
[STDOUT  ] 2017-08-21T22:02:24.029220007Z: [    6.501658] ACPI: PCI Interrupt Link [GSIH] enabled at IRQ 23
[STDOUT  ] 2017-08-21T22:02:24.033351566Z: [    6.505750] xenfs: not registering filesystem on non-xen platform
[STDOUT  ] 2017-08-21T22:02:24.03532723Z: [    6.507743] Serial: 8250/16550 driver, 4 ports, IRQ sharing disabled
[STDOUT  ] 2017-08-21T22:02:24.061973634Z: [    6.534331] 00:04: ttyS0 at I/O 0x3f8 (irq = 4, base_baud = 115200) is a 16550A
[STDOUT  ] 2017-08-21T22:02:24.07319199Z: [    6.545697] Non-volatile memory driver v1.3
[STDOUT  ] 2017-08-21T22:02:24.080162596Z: [    6.552481] Hangcheck: starting hangcheck timer 0.9.1 (tick is 180 seconds, margin is 60 seconds).
[STDOUT  ] 2017-08-21T22:02:24.084987891Z: [    6.557520] random: fast init done
[STDOUT  ] 2017-08-21T22:02:24.086708377Z: [    6.559234] random: crng init done
[STDOUT  ] 2017-08-21T22:02:24.12046943Z: [    6.593001] loop: module loaded
[STDOUT  ] 2017-08-21T22:02:24.135165011Z: [    6.607641] nbd: registered device at major 43
[STDOUT  ] 2017-08-21T22:02:24.176405713Z: [    6.648807] lpc_ich 0000:00:1f.0: I/O space for GPIO uninitialized
[STDOUT  ] 2017-08-21T22:02:24.178339977Z: [    6.650795] VMware PVSCSI driver - version 1.0.7.0-k
[STDOUT  ] 2017-08-21T22:02:24.178994784Z: [    6.651474] hv_vmbus: registering driver hv_storvsc
[STDOUT  ] 2017-08-21T22:02:24.189579359Z: [    6.661983] ACPI: PCI Interrupt Link [GSIA] enabled at IRQ 16
[STDOUT  ] 2017-08-21T22:02:24.195766033Z: [    6.668037] ahci 0000:00:1f.2: AHCI 0001.0000 32 slots 6 ports 1.5 Gbps 0x3f impl SATA mode
[STDOUT  ] 2017-08-21T22:02:24.196203934Z: [    6.668647] ahci 0000:00:1f.2: flags: 64bit ncq only 
[STDOUT  ] 2017-08-21T22:02:24.215964109Z: [    6.688497] scsi host0: ahci
[STDOUT  ] 2017-08-21T22:02:24.219732404Z: [    6.692266] scsi host1: ahci
[STDOUT  ] 2017-08-21T22:02:24.221809786Z: [    6.694353] scsi host2: ahci
[STDOUT  ] 2017-08-21T22:02:24.223846051Z: [    6.696392] scsi host3: ahci
[STDOUT  ] 2017-08-21T22:02:24.225965057Z: [    6.698514] scsi host4: ahci
[STDOUT  ] 2017-08-21T22:02:24.228254991Z: [    6.700801] scsi host5: ahci
[STDOUT  ] 2017-08-21T22:02:24.230143759Z: [    6.702486] ata1: SATA max UDMA/133 abar m4096@0xfebd2000 port 0xfebd2100 irq 24
[STDOUT  ] 2017-08-21T22:02:24.230603272Z: [    6.702947] ata2: SATA max UDMA/133 abar m4096@0xfebd2000 port 0xfebd2180 irq 24
[STDOUT  ] 2017-08-21T22:02:24.231002338Z: [    6.703354] ata3: SATA max UDMA/133 abar m4096@0xfebd2000 port 0xfebd2200 irq 24
[STDOUT  ] 2017-08-21T22:02:24.231407964Z: [    6.703756] ata4: SATA max UDMA/133 abar m4096@0xfebd2000 port 0xfebd2280 irq 24
[STDOUT  ] 2017-08-21T22:02:24.231815152Z: [    6.704160] ata5: SATA max UDMA/133 abar m4096@0xfebd2000 port 0xfebd2300 irq 24
[STDOUT  ] 2017-08-21T22:02:24.232207718Z: [    6.704563] ata6: SATA max UDMA/133 abar m4096@0xfebd2000 port 0xfebd2380 irq 24
[STDOUT  ] 2017-08-21T22:02:24.245078759Z: [    6.717537] tun: Universal TUN/TAP device driver, 1.6
[STDOUT  ] 2017-08-21T22:02:24.245450626Z: [    6.717826] tun: (C) 1999-2004 Max Krasnyansky <maxk@qualcomm.com>
[STDOUT  ] 2017-08-21T22:02:24.255954641Z: [    6.728330] VMware vmxnet3 virtual NIC driver - version 1.4.a.0-k-NAPI
[STDOUT  ] 2017-08-21T22:02:24.256609295Z: [    6.729073] hv_vmbus: registering driver hv_netvsc
[STDOUT  ] 2017-08-21T22:02:24.256874338Z: [    6.729382] Fusion MPT base driver 3.04.20
[STDOUT  ] 2017-08-21T22:02:24.257151867Z: [    6.729615] Copyright (c) 1999-2008 LSI Corporation
[STDOUT  ] 2017-08-21T22:02:24.257896612Z: [    6.730380] Fusion MPT SPI Host driver 3.04.20
[STDOUT  ] 2017-08-21T22:02:24.260059506Z: [    6.732361] i8042: PNP: PS/2 Controller [PNP0303:KBD,PNP0f13:MOU] at 0x60,0x64 irq 1,12
[STDOUT  ] 2017-08-21T22:02:24.263707833Z: [    6.736153] serio: i8042 KBD port at 0x60,0x64 irq 1
[STDOUT  ] 2017-08-21T22:02:24.264232033Z: [    6.736692] serio: i8042 AUX port at 0x60,0x64 irq 12
[STDOUT  ] 2017-08-21T22:02:24.267079489Z: [    6.739505] hv_vmbus: registering driver hyperv_keyboard
[STDOUT  ] 2017-08-21T22:02:24.269454006Z: [    6.741858] mousedev: PS/2 mouse device common for all mice
[STDOUT  ] 2017-08-21T22:02:24.274122323Z: [    6.746383] input: AT Translated Set 2 keyboard as /devices/platform/i8042/serio0/input/input1
[STDOUT  ] 2017-08-21T22:02:24.276708894Z: [    6.749077] input: PC Speaker as /devices/platform/pcspkr/input/input2
[STDOUT  ] 2017-08-21T22:02:24.280337059Z: [    6.752789] rtc_cmos 00:00: RTC can wake from S4
[STDOUT  ] 2017-08-21T22:02:24.283477782Z: [    6.755863] rtc_cmos 00:00: rtc core: registered rtc_cmos as rtc0
[STDOUT  ] 2017-08-21T22:02:24.284650587Z: [    6.756969] rtc_cmos 00:00: alarms up to one day, y3k, 114 bytes nvram, hpet irqs
[STDOUT  ] 2017-08-21T22:02:24.28505228Z: [    6.757582] i2c /dev entries driver
[STDOUT  ] 2017-08-21T22:02:24.287117215Z: [    6.759394] device-mapper: ioctl: 4.35.0-ioctl (2016-06-23) initialised: dm-devel@redhat.com
[STDOUT  ] 2017-08-21T22:02:24.291698858Z: [    6.764098] usbcore: registered new interface driver usbhid
[STDOUT  ] 2017-08-21T22:02:24.29195104Z: [    6.764461] usbhid: USB HID core driver
[STDOUT  ] 2017-08-21T22:02:24.292514514Z: [    6.764964] hv_utils: Registering HyperV Utility Driver
[STDOUT  ] 2017-08-21T22:02:24.292795001Z: [    6.765266] hv_vmbus: registering driver hv_util
[STDOUT  ] 2017-08-21T22:02:24.293074249Z: [    6.765544] hv_vmbus: registering driver hv_balloon
[STDOUT  ] 2017-08-21T22:02:24.293487218Z: [    6.765983] oprofile: using NMI interrupt.
[STDOUT  ] 2017-08-21T22:02:24.294414285Z: [    6.766945] GACT probability on
[STDOUT  ] 2017-08-21T22:02:24.294857063Z: [    6.767369] Mirror/redirect action on
[STDOUT  ] 2017-08-21T22:02:24.295615946Z: [    6.768144] Simple TC action Loaded
[STDOUT  ] 2017-08-21T22:02:24.296080153Z: [    6.768636] u32 classifier
[STDOUT  ] 2017-08-21T22:02:24.296307231Z: [    6.768821]     Performance counters on
[STDOUT  ] 2017-08-21T22:02:24.296527188Z: [    6.769054]     input device check on
[STDOUT  ] 2017-08-21T22:02:24.296733392Z: [    6.769274]     Actions configured
[STDOUT  ] 2017-08-21T22:02:24.297302185Z: [    6.769770] Netfilter messages via NETLINK v0.30.
[STDOUT  ] 2017-08-21T22:02:24.298052614Z: [    6.770514] nfnl_acct: registering with nfnetlink.
[STDOUT  ] 2017-08-21T22:02:24.299386066Z: [    6.771781] nf_conntrack version 0.5.0 (8192 buckets, 32768 max)
[STDOUT  ] 2017-08-21T22:02:24.30247009Z: [    6.774889] ctnetlink v0.93: registering with nfnetlink.
[STDOUT  ] 2017-08-21T22:02:24.305529924Z: [    6.777908] nf_tables: (c) 2007-2009 Patrick McHardy <kaber@trash.net>
[STDOUT  ] 2017-08-21T22:02:24.306303369Z: [    6.778649] nf_tables_compat: (c) 2012 Pablo Neira Ayuso <pablo@netfilter.org>
[STDOUT  ] 2017-08-21T22:02:24.308656528Z: [    6.781134] xt_time: kernel timezone is -0000
[STDOUT  ] 2017-08-21T22:02:24.309076083Z: [    6.781620] ip_set: protocol 6
[STDOUT  ] 2017-08-21T22:02:24.309795627Z: [    6.782196] IPVS: Registered protocols (TCP, UDP, SCTP, AH, ESP)
[STDOUT  ] 2017-08-21T22:02:24.310357363Z: [    6.782704] IPVS: Connection hash table configured (size=4096, memory=64Kbytes)
[STDOUT  ] 2017-08-21T22:02:24.311792569Z: [    6.784269] IPVS: Creating netns size=2104 id=0
[STDOUT  ] 2017-08-21T22:02:24.314292181Z: [    6.786799] IPVS: ipvs loaded.
[STDOUT  ] 2017-08-21T22:02:24.314648428Z: [    6.787139] IPVS: [rr] scheduler registered.
[STDOUT  ] 2017-08-21T22:02:24.314941835Z: [    6.787430] IPVS: [wrr] scheduler registered.
[STDOUT  ] 2017-08-21T22:02:24.315185732Z: [    6.787692] IPVS: [lc] scheduler registered.
[STDOUT  ] 2017-08-21T22:02:24.315473329Z: [    6.787933] IPVS: [wlc] scheduler registered.
[STDOUT  ] 2017-08-21T22:02:24.315725713Z: [    6.788227] IPVS: [fo] scheduler registered.
[STDOUT  ] 2017-08-21T22:02:24.315982406Z: [    6.788473] IPVS: [ovf] scheduler registered.
[STDOUT  ] 2017-08-21T22:02:24.316352814Z: [    6.788841] IPVS: [lblc] scheduler registered.
[STDOUT  ] 2017-08-21T22:02:24.316708099Z: [    6.789201] IPVS: [lblcr] scheduler registered.
[STDOUT  ] 2017-08-21T22:02:24.316983767Z: [    6.789475] IPVS: [dh] scheduler registered.
[STDOUT  ] 2017-08-21T22:02:24.317231002Z: [    6.789732] IPVS: [sh] scheduler registered.
[STDOUT  ] 2017-08-21T22:02:24.317553422Z: [    6.789983] IPVS: [sed] scheduler registered.
[STDOUT  ] 2017-08-21T22:02:24.318120198Z: [    6.790613] IPVS: [nq] scheduler registered.
[STDOUT  ] 2017-08-21T22:02:24.31879061Z: [    6.791243] IPVS: ftp: loaded support on port[0] = 21
[STDOUT  ] 2017-08-21T22:02:24.319599166Z: [    6.792040] ipip: IPv4 and MPLS over IPv4 tunneling driver
[STDOUT  ] 2017-08-21T22:02:24.323525866Z: [    6.795980] gre: GRE over IPv4 demultiplexor driver
[STDOUT  ] 2017-08-21T22:02:24.326094662Z: [    6.798524] ip_tables: (C) 2000-2006 Netfilter Core Team
[STDOUT  ] 2017-08-21T22:02:24.32962567Z: [    6.802012] ipt_CLUSTERIP: ClusterIP Version 0.8 loaded successfully
[STDOUT  ] 2017-08-21T22:02:24.330198259Z: [    6.802634] arp_tables: arp_tables: (C) 2002 David S. Miller
[STDOUT  ] 2017-08-21T22:02:24.332321482Z: [    6.804804] NET: Registered protocol family 10
[STDOUT  ] 2017-08-21T22:02:24.342240242Z: [    6.814662] ip6_tables: (C) 2000-2006 Netfilter Core Team
[STDOUT  ] 2017-08-21T22:02:24.350344403Z: [    6.822825] NET: Registered protocol family 17
[STDOUT  ] 2017-08-21T22:02:24.351215517Z: [    6.823741] Bridge firewalling registered
[STDOUT  ] 2017-08-21T22:02:24.351625853Z: [    6.824174] Ebtables v2.0 registered
[STDOUT  ] 2017-08-21T22:02:24.353407075Z: [    6.825902] 8021q: 802.1Q VLAN Support v1.8
[STDOUT  ] 2017-08-21T22:02:24.354706467Z: [    6.827221] 9pnet: Installing 9P2000 support
[STDOUT  ] 2017-08-21T22:02:24.356030122Z: [    6.828533] Key type dns_resolver registered
[STDOUT  ] 2017-08-21T22:02:24.356834762Z: [    6.829296] microcode: AMD CPU family 0x6 not supported
[STDOUT  ] 2017-08-21T22:02:24.360539326Z: [    6.833044] registered taskstats version 1
[STDOUT  ] 2017-08-21T22:02:24.523494644Z: [    6.995942] Key type big_key registered
[STDOUT  ] 2017-08-21T22:02:24.563402399Z: [    7.035779] ata1: SATA link up 1.5 Gbps (SStatus 113 SControl 300)
[STDOUT  ] 2017-08-21T22:02:24.568526629Z: [    7.040926] ata1.00: ATA-7: QEMU HARDDISK, 2.5+, max UDMA/100
[STDOUT  ] 2017-08-21T22:02:24.568932607Z: [    7.041328] ata1.00: 524288 sectors, multi 16: LBA48 NCQ (depth 31/32)
[STDOUT  ] 2017-08-21T22:02:24.569321646Z: [    7.041832] ata1.00: applying bridge limits
[STDOUT  ] 2017-08-21T22:02:24.570669015Z: [    7.043114] ata5: SATA link down (SStatus 0 SControl 300)
[STDOUT  ] 2017-08-21T22:02:24.572196266Z: [    7.044624] ata4: SATA link down (SStatus 0 SControl 300)
[STDOUT  ] 2017-08-21T22:02:24.572639028Z: [    7.045055] ata3: SATA link up 1.5 Gbps (SStatus 113 SControl 300)
[STDOUT  ] 2017-08-21T22:02:24.573321531Z: [    7.045743] ata3.00: ATAPI: QEMU DVD-ROM, 2.5+, max UDMA/100
[STDOUT  ] 2017-08-21T22:02:24.573624909Z: [    7.046119] ata3.00: applying bridge limits
[STDOUT  ] 2017-08-21T22:02:24.574550353Z: [    7.047043] ata3.00: configured for UDMA/100
[STDOUT  ] 2017-08-21T22:02:24.576230671Z: [    7.048663] ata2: SATA link down (SStatus 0 SControl 300)
[STDOUT  ] 2017-08-21T22:02:24.582098094Z: [    7.054537] ata6: SATA link down (SStatus 0 SControl 300)
[STDOUT  ] 2017-08-21T22:02:24.582710159Z: [    7.055203] ata1.00: configured for UDMA/100
[STDOUT  ] 2017-08-21T22:02:24.599557488Z: [    7.071875] scsi 0:0:0:0: Direct-Access     ATA      QEMU HARDDISK    2.5+ PQ: 0 ANSI: 5
[STDOUT  ] 2017-08-21T22:02:24.610362939Z: [    7.082698] sd 0:0:0:0: [sda] 524288 512-byte logical blocks: (268 MB/256 MiB)
[STDOUT  ] 2017-08-21T22:02:24.618233224Z: [    7.090688] sd 0:0:0:0: [sda] Write Protect is off
[STDOUT  ] 2017-08-21T22:02:24.619121238Z: [    7.091564] sd 0:0:0:0: Attached scsi generic sg0 type 0
[STDOUT  ] 2017-08-21T22:02:24.620990399Z: [    7.093239] sd 0:0:0:0: [sda] Write cache: enabled, read cache: enabled, doesn't support DPO or FUA
[STDOUT  ] 2017-08-21T22:02:24.629955003Z: [    7.102261] scsi 2:0:0:0: CD-ROM            QEMU     QEMU DVD-ROM     2.5+ PQ: 0 ANSI: 5
[STDOUT  ] 2017-08-21T22:02:24.637330277Z: [    7.109830] Key type encrypted registered
[STDOUT  ] 2017-08-21T22:02:24.64329871Z: [    7.115619] rtc_cmos 00:00: setting system clock to 2017-08-21 22:02:23 UTC (1503352943)
[STDOUT  ] 2017-08-21T22:02:24.650179211Z: [    7.122550] sr 2:0:0:0: [sr0] scsi3-mmc drive: 4x/4x cd/rw xa/form2 tray
[STDOUT  ] 2017-08-21T22:02:24.650630572Z: [    7.123091] cdrom: Uniform CD-ROM driver Revision: 3.20
[STDOUT  ] 2017-08-21T22:02:24.66284875Z: [    7.135260] sr 2:0:0:0: Attached scsi generic sg1 type 5
[STDOUT  ] 2017-08-21T22:02:24.67482583Z: [    7.147272] sd 0:0:0:0: [sda] Attached SCSI disk
[STDOUT  ] 2017-08-21T22:02:24.817091487Z: [    7.289533] Freeing unused kernel memory: 1380K
[STDOUT  ] 2017-08-21T22:02:24.817538743Z: [    7.289896] Write protecting the kernel read-only data: 12288k
[STDOUT  ] 2017-08-21T22:02:24.824009169Z: [    7.296481] Freeing unused kernel memory: 148K
[STDOUT  ] 2017-08-21T22:02:24.945448008Z: [    7.417897] Freeing unused kernel memory: 1400K
[STDOUT  ] 2017-08-21T22:02:24.968536158Z: [    7.440918] tsc: Refined TSC clocksource calibration: 2300.039 MHz
[STDOUT  ] 2017-08-21T22:02:24.969130452Z: [    7.441383] clocksource: tsc: mask: 0xffffffffffffffff max_cycles: 0x21275a2a673, max_idle_ns: 440795322019 ns
[STDOUT  ] 2017-08-21T22:02:25.987424045Z: [    8.459834] clocksource: Switched to clocksource tsc
[STDOUT  ] 2017-08-21T22:02:33.938387753Z: 
[STDOUT  ] 2017-08-21T22:02:33.938896296Z: Welcome to LinuxKit
[STDOUT  ] 2017-08-21T22:02:33.938981252Z: 
[STDOUT  ] 2017-08-21T22:02:33.939266025Z:                         ##         .
[STDOUT  ] 2017-08-21T22:02:33.939562508Z:                   ## ## ##        ==
[STDOUT  ] 2017-08-21T22:02:33.939854483Z:                ## ## ## ## ##    ===
[STDOUT  ] 2017-08-21T22:02:33.940178806Z:            /"""""""""""""""""\___/ ===
[STDOUT  ] 2017-08-21T22:02:33.940502193Z:           {                       /  ===-
[STDOUT  ] 2017-08-21T22:02:33.940794408Z:            \______ O           __/
[STDOUT  ] 2017-08-21T22:02:33.941060122Z:              \    \         __/
[STDOUT  ] 2017-08-21T22:02:33.941320819Z:               \____\_______/
[STDOUT  ] 2017-08-21T22:02:33.941405537Z: 
[STDOUT  ] 2017-08-21T22:02:34.558320024Z: [   17.030654] IPVS: Creating netns size=2104 id=1
[STDOUT  ] 2017-08-21T22:02:34.55892591Z: [   17.031250] IPVS: ftp: loaded support on port[0] = 21
[STDOUT  ] 2017-08-21T22:02:36.2089451Z: 2017/08/21 22:02:35 Creating partition on /dev/sda
[STDOUT  ] 2017-08-21T22:02:36.327804286Z: [   18.800090]  sda:
[STDOUT  ] 2017-08-21T22:02:36.393415544Z: [   18.865874]  sda:
[STDOUT  ] 2017-08-21T22:02:36.422157277Z: [   18.894594]  sda: sda1
[STDOUT  ] 2017-08-21T22:02:36.489825509Z: [   18.962263]  sda: sda1
[STDERR  ] 2017-08-21T22:02:38.272872734Z: main-loop: WARNING: I/O thread spun for 1000 iterations
[STDOUT  ] 2017-08-21T22:02:38.395359253Z: 2017/08/21 22:02:37 Partition /dev/sda1 successfully created!
[STDOUT  ] 2017-08-21T22:02:42.617588741Z: [   25.089775] IPVS: Creating netns size=2104 id=2
[STDOUT  ] 2017-08-21T22:02:42.618449712Z: [   25.090759] IPVS: ftp: loaded support on port[0] = 21
[STDOUT  ] 2017-08-21T22:02:44.331840061Z: [   26.803906] EXT4-fs (sda1): couldn't mount as ext3 due to feature incompatibilities
[STDOUT  ] 2017-08-21T22:02:44.338803231Z: [   26.810955] EXT4-fs (sda1): couldn't mount as ext2 due to feature incompatibilities
[STDOUT  ] 2017-08-21T22:02:44.362165654Z: [   26.834278] EXT4-fs (sda1): mounted filesystem with ordered data mode. Opts: (null)
[STDOUT  ] 2017-08-21T22:02:59.368604358Z: [   41.840755] sd 0:0:0:0: [sda] Synchronizing SCSI cache
[STDOUT  ] 2017-08-21T22:02:59.369480129Z: [   41.841808] sd 0:0:0:0: [sda] Stopping disk
[STDOUT  ] 2017-08-21T22:02:59.372558227Z: [   41.844765] ACPI: Preparing to enter system sleep state S5
[STDOUT  ] 2017-08-21T22:02:59.37369051Z: [   41.846067] reboot: Power down
[STDERR  ] 2017-08-21T22:02:59.511124849Z: + [ -f disk0.img ]
[STDERR  ] 2017-08-21T22:02:59.511190715Z: + dd if=/dev/zero bs=1048576 count=256
[STDERR  ] 2017-08-21T22:02:59.710744752Z: 256+0 records in
[STDERR  ] 2017-08-21T22:02:59.710782826Z: 256+0 records out
[STDERR  ] 2017-08-21T22:02:59.711222856Z: + moby build -name test-extend-ext4 -output kernel+initrd test.yml
[STDERR  ] 2017-08-21T22:02:59.722201265Z: Extract kernel image: linuxkit/kernel:4.9.44
[STDERR  ] 2017-08-21T22:03:07.724486272Z: Add init containers:
[STDERR  ] 2017-08-21T22:03:07.724574515Z: Process init image: linuxkit/init:2122f8b7202b383c1be0a91a02122b0c078ca6ac
[STDERR  ] 2017-08-21T22:03:10.209874213Z: Process init image: linuxkit/runc:a1b564248a0d0b118c11e61db9f84ecf41dd2d2a
[STDERR  ] 2017-08-21T22:03:12.276060109Z: Add onboot containers:
[STDERR  ] 2017-08-21T22:03:12.276178526Z:   Create OCI config for linuxkit/extend:468cc677e35503a265235767d5f488253f51cfd6
[STDERR  ] 2017-08-21T22:03:14.836827006Z:   Create OCI config for linuxkit/mount:4fe245efb01384e42622c36302e13e386bbaeb08
[STDERR  ] 2017-08-21T22:03:16.519680471Z:   Create OCI config for alpine:3.6
[STDERR  ] 2017-08-21T22:03:18.162258277Z:   Create OCI config for linuxkit/poweroff:1e9876c682c74d0602b7647c628bb0875fb13998
[STDERR  ] 2017-08-21T22:03:19.669206145Z: Add files:
[STDERR  ] 2017-08-21T22:03:19.669264957Z:   check.sh
[STDERR  ] 2017-08-21T22:03:19.669279555Z: Create outputs:
[STDERR  ] 2017-08-21T22:03:25.158903924Z:   test-extend-ext4-kernel test-extend-ext4-initrd.img test-extend-ext4-cmdline
[STDERR  ] 2017-08-21T22:03:25.349561169Z: + linuxkit run -disk file=disk0.img test-extend-ext4
[STDERR  ] 2017-08-21T22:03:25.370016316Z: Using existing disk [disk0.img] format 
[STDERR  ] 2017-08-21T22:03:25.391431346Z: WARNING: Image format was not specified for 'disk0.img' and probing guessed raw.
[STDERR  ] 2017-08-21T22:03:25.391480567Z:          Automatically detecting the format is dangerous for raw images, write operations on block 0 will be restricted.
[STDERR  ] 2017-08-21T22:03:25.39149182Z:          Specify the 'raw' format explicitly to remove the restrictions.
[STDERR  ] 2017-08-21T22:04:02.91977908Z: main-loop: WARNING: I/O thread spun for 1000 iterations
[STDERR  ] 2017-08-21T22:04:10.906021867Z: + RESULT=[    0.000000] Linux version 4.9.44-linuxkit (root@e1ede117fb1e) (gcc version 6.3.0 (Alpine 6.3.0) ) #1 SMP Fri Aug 18 17:11:43 UTC 2017
[STDERR  ] 2017-08-21T22:04:10.906092747Z: [    0.000000] Command line: console=ttyS0
[STDERR  ] 2017-08-21T22:04:10.906106534Z: [    0.000000] x86/fpu: Legacy x87 FPU detected.
[STDERR  ] 2017-08-21T22:04:10.906119405Z: [    0.000000] x86/fpu: Using 'eager' FPU context switches.
[STDERR  ] 2017-08-21T22:04:10.906132532Z: [    0.000000] e820: BIOS-provided physical RAM map:
[STDERR  ] 2017-08-21T22:04:10.906144969Z: [    0.000000] BIOS-e820: [mem 0x0000000000000000-0x000000000009fbff] usable
[STDERR  ] 2017-08-21T22:04:10.906159173Z: [    0.000000] BIOS-e820: [mem 0x000000000009fc00-0x000000000009ffff] reserved
[STDERR  ] 2017-08-21T22:04:10.906174826Z: [    0.000000] BIOS-e820: [mem 0x00000000000f0000-0x00000000000fffff] reserved
[STDERR  ] 2017-08-21T22:04:10.906187183Z: [    0.000000] BIOS-e820: [mem 0x0000000000100000-0x000000003ffdefff] usable
[STDERR  ] 2017-08-21T22:04:10.906199409Z: [    0.000000] BIOS-e820: [mem 0x000000003ffdf000-0x000000003fffffff] reserved
[STDERR  ] 2017-08-21T22:04:10.906214728Z: [    0.000000] BIOS-e820: [mem 0x00000000b0000000-0x00000000bfffffff] reserved
[STDERR  ] 2017-08-21T22:04:10.906227816Z: [    0.000000] BIOS-e820: [mem 0x00000000fed1c000-0x00000000fed1ffff] reserved
[STDERR  ] 2017-08-21T22:04:10.90624009Z: [    0.000000] BIOS-e820: [mem 0x00000000fffc0000-0x00000000ffffffff] reserved
[STDERR  ] 2017-08-21T22:04:10.906252649Z: [    0.000000] NX (Execute Disable) protection: active
[STDERR  ] 2017-08-21T22:04:10.906266503Z: [    0.000000] SMBIOS 2.8 present.
[STDERR  ] 2017-08-21T22:04:10.906278967Z: [    0.000000] e820: last_pfn = 0x3ffdf max_arch_pfn = 0x400000000
[STDERR  ] 2017-08-21T22:04:10.906292039Z: [    0.000000] x86/PAT: Configuration [0-7]: WB  WC  UC- UC  WB  WC  UC- WT  
[STDERR  ] 2017-08-21T22:04:10.906304524Z: [    0.000000] found SMP MP-table at [mem 0x000f6aa0-0x000f6aaf] mapped at [ffff92d9c00f6aa0]
[STDERR  ] 2017-08-21T22:04:10.906318Z: [    0.000000] RAMDISK: [mem 0x3e1b6000-0x3ffcffff]
[STDERR  ] 2017-08-21T22:04:10.906339746Z: [    0.000000] ACPI: Early table checksum verification disabled
[STDERR  ] 2017-08-21T22:04:10.906352569Z: [    0.000000] ACPI: RSDP 0x00000000000F68C0 000014 (v00 BOCHS )
[STDERR  ] 2017-08-21T22:04:10.906376251Z: [    0.000000] ACPI: RSDT 0x000000003FFE2404 000034 (v01 BOCHS  BXPCRSDT 00000001 BXPC 00000001)
[STDERR  ] 2017-08-21T22:04:10.906389142Z: [    0.000000] ACPI: FACP 0x000000003FFE22A4 000074 (v01 BOCHS  BXPCFACP 00000001 BXPC 00000001)
[STDERR  ] 2017-08-21T22:04:10.906406139Z: [    0.000000] ACPI: DSDT 0x000000003FFE0040 002264 (v01 BOCHS  BXPCDSDT 00000001 BXPC 00000001)
[STDERR  ] 2017-08-21T22:04:10.906421246Z: [    0.000000] ACPI: FACS 0x000000003FFE0000 000040
[STDERR  ] 2017-08-21T22:04:10.906432236Z: [    0.000000] ACPI: APIC 0x000000003FFE2318 000078 (v01 BOCHS  BXPCAPIC 00000001 BXPC 00000001)
[STDERR  ] 2017-08-21T22:04:10.906443681Z: [    0.000000] ACPI: HPET 0x000000003FFE2390 000038 (v01 BOCHS  BXPCHPET 00000001 BXPC 00000001)
[STDERR  ] 2017-08-21T22:04:10.906454726Z: [    0.000000] ACPI: MCFG 0x000000003FFE23C8 00003C (v01 BOCHS  BXPCMCFG 00000001 BXPC 00000001)
[STDERR  ] 2017-08-21T22:04:10.906465689Z: [    0.000000] Zone ranges:
[STDERR  ] 2017-08-21T22:04:10.906477446Z: [    0.000000]   DMA      [mem 0x0000000000001000-0x0000000000ffffff]
[STDERR  ] 2017-08-21T22:04:10.906488341Z: [    0.000000]   DMA32    [mem 0x0000000001000000-0x000000003ffdefff]
[STDERR  ] 2017-08-21T22:04:10.906499393Z: [    0.000000]   Normal   empty
[STDERR  ] 2017-08-21T22:04:10.906513002Z: [    0.000000] Movable zone start for each node
[STDERR  ] 2017-08-21T22:04:10.906524195Z: [    0.000000] Early memory node ranges
[STDERR  ] 2017-08-21T22:04:10.906535171Z: [    0.000000]   node   0: [mem 0x0000000000001000-0x000000000009efff]
[STDERR  ] 2017-08-21T22:04:10.906546228Z: [    0.000000]   node   0: [mem 0x0000000000100000-0x000000003ffdefff]
[STDERR  ] 2017-08-21T22:04:10.906559296Z: [    0.000000] Initmem setup node 0 [mem 0x0000000000001000-0x000000003ffdefff]
[STDERR  ] 2017-08-21T22:04:10.906570743Z: [    0.000000] ACPI: PM-Timer IO Port: 0x608
[STDERR  ] 2017-08-21T22:04:10.906581703Z: [    0.000000] ACPI: LAPIC_NMI (acpi_id[0xff] dfl dfl lint[0x1])
[STDERR  ] 2017-08-21T22:04:10.906593158Z: [    0.000000] IOAPIC[0]: apic_id 0, version 32, address 0xfec00000, GSI 0-23
[STDERR  ] 2017-08-21T22:04:10.906604851Z: [    0.000000] ACPI: INT_SRC_OVR (bus 0 bus_irq 0 global_irq 2 dfl dfl)
[STDERR  ] 2017-08-21T22:04:10.90661621Z: [    0.000000] ACPI: INT_SRC_OVR (bus 0 bus_irq 5 global_irq 5 high level)
[STDERR  ] 2017-08-21T22:04:10.906627368Z: [    0.000000] ACPI: INT_SRC_OVR (bus 0 bus_irq 9 global_irq 9 high level)
[STDERR  ] 2017-08-21T22:04:10.906639891Z: [    0.000000] ACPI: INT_SRC_OVR (bus 0 bus_irq 10 global_irq 10 high level)
[STDERR  ] 2017-08-21T22:04:10.90665104Z: [    0.000000] ACPI: INT_SRC_OVR (bus 0 bus_irq 11 global_irq 11 high level)
[STDERR  ] 2017-08-21T22:04:10.906662218Z: [    0.000000] Using ACPI (MADT) for SMP configuration information
[STDERR  ] 2017-08-21T22:04:10.906674978Z: [    0.000000] ACPI: HPET id: 0x8086a201 base: 0xfed00000
[STDERR  ] 2017-08-21T22:04:10.906688198Z: [    0.000000] smpboot: Allowing 1 CPUs, 0 hotplug CPUs
[STDERR  ] 2017-08-21T22:04:10.906699157Z: [    0.000000] e820: [mem 0x40000000-0xafffffff] available for PCI devices
[STDERR  ] 2017-08-21T22:04:10.906712363Z: [    0.000000] Booting paravirtualized kernel on bare hardware
[STDERR  ] 2017-08-21T22:04:10.906727869Z: [    0.000000] clocksource: refined-jiffies: mask: 0xffffffff max_cycles: 0xffffffff, max_idle_ns: 19112604462750000 ns
[STDERR  ] 2017-08-21T22:04:10.906740821Z: [    0.000000] setup_percpu: NR_CPUS:128 nr_cpumask_bits:128 nr_cpu_ids:1 nr_node_ids:1
[STDERR  ] 2017-08-21T22:04:10.906752227Z: [    0.000000] percpu: Embedded 35 pages/cpu @ffff92d9fde00000 s105240 r8192 d29928 u2097152
[STDERR  ] 2017-08-21T22:04:10.90676323Z: [    0.000000] Built 1 zonelists in Zone order, mobility grouping on.  Total pages: 257896
[STDERR  ] 2017-08-21T22:04:10.906774303Z: [    0.000000] Kernel command line: console=ttyS0
[STDERR  ] 2017-08-21T22:04:10.906784484Z: [    0.000000] PID hash table entries: 4096 (order: 3, 32768 bytes)
[STDERR  ] 2017-08-21T22:04:10.906798631Z: [    0.000000] Dentry cache hash table entries: 131072 (order: 8, 1048576 bytes)
[STDERR  ] 2017-08-21T22:04:10.90680983Z: [    0.000000] Inode-cache hash table entries: 65536 (order: 7, 524288 bytes)
[STDERR  ] 2017-08-21T22:04:10.906821436Z: [    0.000000] Memory: 983348K/1048052K available (8028K kernel code, 1366K rwdata, 2696K rodata, 1380K init, 568K bss, 64704K reserved, 0K cma-reserved)
[STDERR  ] 2017-08-21T22:04:10.90684361Z: [    0.000000] Hierarchical RCU implementation.
[STDERR  ] 2017-08-21T22:04:10.906853828Z: [    0.000000] 	Build-time adjustment of leaf fanout to 64.
[STDERR  ] 2017-08-21T22:04:10.906864385Z: [    0.000000] 	RCU restricting CPUs from NR_CPUS=128 to nr_cpu_ids=1.
[STDERR  ] 2017-08-21T22:04:10.906875562Z: [    0.000000] RCU: Adjusting geometry for rcu_fanout_leaf=64, nr_cpu_ids=1
[STDERR  ] 2017-08-21T22:04:10.906886346Z: [    0.000000] NR_IRQS:8448 nr_irqs:256 16
[STDERR  ] 2017-08-21T22:04:10.906896896Z: [    0.000000] Console: colour VGA+ 80x25
[STDERR  ] 2017-08-21T22:04:10.906907498Z: [    0.000000] console [ttyS0] enabled
[STDERR  ] 2017-08-21T22:04:10.906918115Z: [    0.000000] clocksource: hpet: mask: 0xffffffff max_cycles: 0xffffffff, max_idle_ns: 19112604467 ns
[STDERR  ] 2017-08-21T22:04:10.906931006Z: [    0.000000] tsc: Fast TSC calibration using PIT
[STDERR  ] 2017-08-21T22:04:10.906941565Z: [    0.000000] tsc: Detected 2300.116 MHz processor
[STDERR  ] 2017-08-21T22:04:10.906952341Z: [    0.021337] Calibrating delay loop (skipped), value calculated using timer frequency.. 4600.23 BogoMIPS (lpj=23001160)
[STDERR  ] 2017-08-21T22:04:10.906963729Z: [    0.022334] pid_max: default: 32768 minimum: 301
[STDERR  ] 2017-08-21T22:04:10.906973905Z: [    0.023219] ACPI: Core revision 20160831
[STDERR  ] 2017-08-21T22:04:10.906984317Z: [    0.070462] ACPI: 1 ACPI AML tables successfully acquired and loaded
[STDERR  ] 2017-08-21T22:04:10.906995642Z: [    0.073652] Security Framework initialized
[STDERR  ] 2017-08-21T22:04:10.907005887Z: [    0.074029] Yama: becoming mindful.
[STDERR  ] 2017-08-21T22:04:10.907016001Z: [    0.075920] Mount-cache hash table entries: 2048 (order: 2, 16384 bytes)
[STDERR  ] 2017-08-21T22:04:10.907026632Z: [    0.076449] Mountpoint-cache hash table entries: 2048 (order: 2, 16384 bytes)
[STDERR  ] 2017-08-21T22:04:10.907040699Z: [    0.095981] Last level iTLB entries: 4KB 0, 2MB 0, 4MB 0
[STDERR  ] 2017-08-21T22:04:10.907052334Z: [    0.096405] Last level dTLB entries: 4KB 0, 2MB 0, 4MB 0, 1GB 0
[STDERR  ] 2017-08-21T22:04:10.907064079Z: [    0.417829] Freeing SMP alternatives memory: 20K
[STDERR  ] 2017-08-21T22:04:10.907074655Z: [    0.426434] ftrace: allocating 35486 entries in 139 pages
[STDERR  ] 2017-08-21T22:04:10.90708622Z: [    0.589385] smpboot: Max logical packages: 1
[STDERR  ] 2017-08-21T22:04:10.907097291Z: [    0.594875] ..TIMER: vector=0x30 apic1=0 pin1=2 apic2=-1 pin2=-1
[STDERR  ] 2017-08-21T22:04:10.907111163Z: [    0.700000] smpboot: CPU0: AMD QEMU Virtual CPU version 2.5+ (family: 0x6, model: 0x6, stepping: 0x3)
[STDERR  ] 2017-08-21T22:04:10.907122855Z: [    0.700000] Performance Events: PMU not available due to virtualization, using software events only.
[STDERR  ] 2017-08-21T22:04:10.907134835Z: [    0.707430] NMI watchdog: disabled (cpu0): hardware events not enabled
[STDERR  ] 2017-08-21T22:04:10.907147744Z: [    0.707881] NMI watchdog: Shutting down hard lockup detector on all cpus
[STDERR  ] 2017-08-21T22:04:10.907159448Z: [    0.710260] x86: Booted up 1 node, 1 CPUs
[STDERR  ] 2017-08-21T22:04:10.907170158Z: [    0.710613] smpboot: Total of 1 processors activated (4600.23 BogoMIPS)
[STDERR  ] 2017-08-21T22:04:10.907182319Z: [    0.723852] devtmpfs: initialized
[STDERR  ] 2017-08-21T22:04:10.907193368Z: [    0.728828] x86/mm: Memory block size: 128MB
[STDERR  ] 2017-08-21T22:04:10.907209768Z: [    0.791973] clocksource: jiffies: mask: 0xffffffff max_cycles: 0xffffffff, max_idle_ns: 19112604462750000 ns
[STDERR  ] 2017-08-21T22:04:10.907221275Z: [    0.792816] futex hash table entries: 256 (order: 2, 16384 bytes)
[STDERR  ] 2017-08-21T22:04:10.907236625Z: [    0.801910] NET: Registered protocol family 16
[STDERR  ] 2017-08-21T22:04:10.907248006Z: [    0.810951] cpuidle: using governor ladder
[STDERR  ] 2017-08-21T22:04:10.907259272Z: [    0.811363] cpuidle: using governor menu
[STDERR  ] 2017-08-21T22:04:10.907269838Z: [    0.812379] ACPI: bus type PCI registered
[STDERR  ] 2017-08-21T22:04:10.907284938Z: [    0.815034] PCI: MMCONFIG for domain 0000 [bus 00-ff] at [mem 0xb0000000-0xbfffffff] (base 0xb0000000)
[STDERR  ] 2017-08-21T22:04:10.907296367Z: [    0.815791] PCI: MMCONFIG at [mem 0xb0000000-0xbfffffff] reserved in E820
[STDERR  ] 2017-08-21T22:04:10.907307962Z: [    0.817041] PCI: Using configuration type 1 for base access
[STDOUT  ] 2017-08-21T22:04:10.907291839Z: [    0.000000] Linux version 4.9.44-linuxkit (root@e1ede117fb1e) (gcc version 6.3.0 (Alpine 6.3.0) ) #1 SMP Fri Aug 18 17:11:43 UTC 2017
[STDERR  ] 2017-08-21T22:04:10.907318834Z: [    0.870913] HugeTLB registered 2 MB page size, pre-allocated 0 pages
[STDERR  ] 2017-08-21T22:04:10.907330292Z: [    0.881168] ACPI: Added _OSI(Module Device)
[STDOUT  ] 2017-08-21T22:04:10.90732785Z: [    0.000000] Command line: console=ttyS0
[STDERR  ] 2017-08-21T22:04:10.907343453Z: [    0.881485] ACPI: Added _OSI(Processor Device)
[STDOUT  ] 2017-08-21T22:04:10.907345212Z: [    0.000000] x86/fpu: Legacy x87 FPU detected.
[STDERR  ] 2017-08-21T22:04:10.907354411Z: [    0.881772] ACPI: Added _OSI(3.0 _SCP Extensions)
[STDOUT  ] 2017-08-21T22:04:10.907356854Z: [    0.000000] x86/fpu: Using 'eager' FPU context switches.
[STDOUT  ] 2017-08-21T22:04:10.907448071Z: [    0.000000] e820: BIOS-provided physical RAM map:
[STDERR  ] 2017-08-21T22:04:10.907448047Z: [    0.882069] ACPI: Added _OSI(Processor Aggregator Device)
[STDERR  ] 2017-08-21T22:04:10.907461836Z: [    0.953424] ACPI: Interpreter enabled
[STDOUT  ] 2017-08-21T22:04:10.907463935Z: [    0.000000] BIOS-e820: [mem 0x0000000000000000-0x000000000009fbff] usable
[STDERR  ] 2017-08-21T22:04:10.907472812Z: [    0.954198] ACPI: (supports S0 S5)
[STDOUT  ] 2017-08-21T22:04:10.907478355Z: [    0.000000] BIOS-e820: [mem 0x000000000009fc00-0x000000000009ffff] reserved
[STDOUT  ] 2017-08-21T22:04:10.907489919Z: [    0.000000] BIOS-e820: [mem 0x00000000000f0000-0x00000000000fffff] reserved
[STDERR  ] 2017-08-21T22:04:10.907484525Z: [    0.954483] ACPI: Using IOAPIC for interrupt routing
[STDOUT  ] 2017-08-21T22:04:10.907501857Z: [    0.000000] BIOS-e820: [mem 0x0000000000100000-0x000000003ffdefff] usable
[STDERR  ] 2017-08-21T22:04:10.907503684Z: [    0.956197] PCI: Using host bridge windows from ACPI; if necessary, use "pci=nocrs" and report a bug
[STDOUT  ] 2017-08-21T22:04:10.907513688Z: [    0.000000] BIOS-e820: [mem 0x000000003ffdf000-0x000000003fffffff] reserved
[STDERR  ] 2017-08-21T22:04:10.90752227Z: [    1.023047] ACPI: PCI Root Bridge [PCI0] (domain 0000 [bus 00-ff])
[STDOUT  ] 2017-08-21T22:04:10.9075256Z: [    0.000000] BIOS-e820: [mem 0x00000000b0000000-0x00000000bfffffff] reserved
[STDOUT  ] 2017-08-21T22:04:10.907538552Z: [    0.000000] BIOS-e820: [mem 0x00000000fed1c000-0x00000000fed1ffff] reserved
[STDERR  ] 2017-08-21T22:04:10.907534035Z: [    1.023949] acpi PNP0A08:00: _OSC: OS supports [ExtendedConfig ASPM ClockPM Segments MSI]
[STDOUT  ] 2017-08-21T22:04:10.90755038Z: [    0.000000] BIOS-e820: [mem 0x00000000fffc0000-0x00000000ffffffff] reserved
[STDERR  ] 2017-08-21T22:04:10.907546819Z: [    1.029870] acpi PNP0A08:00: _OSC: OS now controls [PCIeHotplug PME PCIeCapability]
[STDERR  ] 2017-08-21T22:04:10.907558469Z: [    1.032990] PCI host bridge to bus 0000:00
[STDOUT  ] 2017-08-21T22:04:10.907562326Z: [    0.000000] NX (Execute Disable) protection: active
[STDERR  ] 2017-08-21T22:04:10.907569387Z: [    1.033403] pci_bus 0000:00: root bus resource [io  0x0000-0x0cf7 window]
[STDOUT  ] 2017-08-21T22:04:10.907584195Z: [    0.000000] SMBIOS 2.8 present.
[STDERR  ] 2017-08-21T22:04:10.907580737Z: [    1.033857] pci_bus 0000:00: root bus resource [io  0x0d00-0xffff window]
[STDERR  ] 2017-08-21T22:04:10.9075987Z: [    1.034308] pci_bus 0000:00: root bus resource [mem 0x000a0000-0x000bffff window]
[STDOUT  ] 2017-08-21T22:04:10.907596184Z: [    0.000000] e820: last_pfn = 0x3ffdf max_arch_pfn = 0x400000000
[STDOUT  ] 2017-08-21T22:04:10.907607339Z: [    0.000000] x86/PAT: Configuration [0-7]: WB  WC  UC- UC  WB  WC  UC- WT  
[STDERR  ] 2017-08-21T22:04:10.90761219Z: [    1.034775] pci_bus 0000:00: root bus resource [mem 0xc0000000-0xfebfffff window]
[STDOUT  ] 2017-08-21T22:04:10.907618649Z: [    0.000000] found SMP MP-table at [mem 0x000f6aa0-0x000f6aaf] mapped at [ffff92d9c00f6aa0]
[STDERR  ] 2017-08-21T22:04:10.907629332Z: [    1.035359] pci_bus 0000:00: root bus resource [bus 00-ff]
[STDOUT  ] 2017-08-21T22:04:10.907630835Z: [    0.000000] RAMDISK: [mem 0x3e1b6000-0x3ffcffff]
[STDERR  ] 2017-08-21T22:04:10.907640883Z: [    1.142290] pci 0000:00:1f.0: quirk: [io  0x0600-0x067f] claimed by ICH6 ACPI/GPIO/TCO
[STDOUT  ] 2017-08-21T22:04:10.907642688Z: [    0.000000] ACPI: Early table checksum verification disabled
[STDERR  ] 2017-08-21T22:04:10.907651853Z: [    1.204233] ACPI: PCI Interrupt Link [LNKA] (IRQs 5 *10 11)
[STDOUT  ] 2017-08-21T22:04:10.907654557Z: [    0.000000] ACPI: RSDP 0x00000000000F68C0 000014 (v00 BOCHS )
[STDERR  ] 2017-08-21T22:04:10.907664227Z: [    1.206157] ACPI: PCI Interrupt Link [LNKB] (IRQs 5 *10 11)
[STDOUT  ] 2017-08-21T22:04:10.907665928Z: [    0.000000] ACPI: RSDT 0x000000003FFE2404 000034 (v01 BOCHS  BXPCRSDT 00000001 BXPC 00000001)
[STDERR  ] 2017-08-21T22:04:10.907676017Z: [    1.207799] ACPI: PCI Interrupt Link [LNKC] (IRQs 5 10 *11)
[STDOUT  ] 2017-08-21T22:04:10.907677798Z: [    0.000000] ACPI: FACP 0x000000003FFE22A4 000074 (v01 BOCHS  BXPCFACP 00000001 BXPC 00000001)
[STDERR  ] 2017-08-21T22:04:10.907687432Z: [    1.209462] ACPI: PCI Interrupt Link [LNKD] (IRQs 5 10 *11)
[STDOUT  ] 2017-08-21T22:04:10.907688696Z: [    0.000000] ACPI: DSDT 0x000000003FFE0040 002264 (v01 BOCHS  BXPCDSDT 00000001 BXPC 00000001)
[STDERR  ] 2017-08-21T22:04:10.907698617Z: [    1.211388] ACPI: PCI Interrupt Link [LNKE] (IRQs 5 *10 11)
[STDOUT  ] 2017-08-21T22:04:10.907700137Z: [    0.000000] ACPI: FACS 0x000000003FFE0000 000040
[STDOUT  ] 2017-08-21T22:04:10.907711315Z: [    0.000000] ACPI: APIC 0x000000003FFE2318 000078 (v01 BOCHS  BXPCAPIC 00000001 BXPC 00000001)
[STDERR  ] 2017-08-21T22:04:10.907709552Z: [    1.213031] ACPI: PCI Interrupt Link [LNKF] (IRQs 5 *10 11)
[STDERR  ] 2017-08-21T22:04:10.907720779Z: [    1.214662] ACPI: PCI Interrupt Link [LNKG] (IRQs 5 10 *11)
[STDOUT  ] 2017-08-21T22:04:10.907724099Z: [    0.000000] ACPI: HPET 0x000000003FFE2390 000038 (v01 BOCHS  BXPCHPET 00000001 BXPC 00000001)
[STDOUT  ] 2017-08-21T22:04:10.907735116Z: [    0.000000] ACPI: MCFG 0x000000003FFE23C8 00003C (v01 BOCHS  BXPCMCFG 00000001 BXPC 00000001)
[STDERR  ] 2017-08-21T22:04:10.907731731Z: [    1.216298] ACPI: PCI Interrupt Link [LNKH] (IRQs 5 10 *11)
[STDERR  ] 2017-08-21T22:04:10.907743221Z: [    1.217080] ACPI: PCI Interrupt Link [GSIA] (IRQs *16)
[STDOUT  ] 2017-08-21T22:04:10.907747955Z: [    0.000000] Zone ranges:
[STDERR  ] 2017-08-21T22:04:10.907754712Z: [    1.217668] ACPI: PCI Interrupt Link [GSIB] (IRQs *17)
[STDOUT  ] 2017-08-21T22:04:10.907759309Z: [    0.000000]   DMA      [mem 0x0000000000001000-0x0000000000ffffff]
[STDERR  ] 2017-08-21T22:04:10.907765416Z: [    1.218249] ACPI: PCI Interrupt Link [GSIC] (IRQs *18)
[STDOUT  ] 2017-08-21T22:04:10.907773962Z: [    0.000000]   DMA32    [mem 0x0000000001000000-0x000000003ffdefff]
[STDERR  ] 2017-08-21T22:04:10.90778149Z: [    1.218885] ACPI: PCI Interrupt Link [GSID] (IRQs *19)
[STDOUT  ] 2017-08-21T22:04:10.907789357Z: [    0.000000]   Normal   empty
[STDERR  ] 2017-08-21T22:04:10.90779201Z: [    1.219465] ACPI: PCI Interrupt Link [GSIE] (IRQs *20)
[STDERR  ] 2017-08-21T22:04:10.907802859Z: [    1.220368] ACPI: PCI Interrupt Link [GSIF] (IRQs *21)
[STDOUT  ] 2017-08-21T22:04:10.907801352Z: [    0.000000] Movable zone start for each node
[STDOUT  ] 2017-08-21T22:04:10.907812402Z: [    0.000000] Early memory node ranges
[STDERR  ] 2017-08-21T22:04:10.907813969Z: [    1.220953] ACPI: PCI Interrupt Link [GSIG] (IRQs *22)
[STDOUT  ] 2017-08-21T22:04:10.907831008Z: [    0.000000]   node   0: [mem 0x0000000000001000-0x000000000009efff]
[STDERR  ] 2017-08-21T22:04:10.907832351Z: [    1.221537] ACPI: PCI Interrupt Link [GSIH] (IRQs *23)
[STDOUT  ] 2017-08-21T22:04:10.90784267Z: [    0.000000]   node   0: [mem 0x0000000000100000-0x000000003ffdefff]
[STDERR  ] 2017-08-21T22:04:10.907844402Z: [    1.224981] ACPI: Enabled 2 GPEs in block 00 to 3F
[STDERR  ] 2017-08-21T22:04:10.907859251Z: [    1.229119] SCSI subsystem initialized
[STDOUT  ] 2017-08-21T22:04:10.907855985Z: [    0.000000] Initmem setup node 0 [mem 0x0000000000001000-0x000000003ffdefff]
[STDERR  ] 2017-08-21T22:04:10.907870201Z: [    1.230974] ACPI: bus type USB registered
[STDOUT  ] 2017-08-21T22:04:10.907868059Z: [    0.000000] ACPI: PM-Timer IO Port: 0x608
[STDOUT  ] 2017-08-21T22:04:10.907879153Z: [    0.000000] ACPI: LAPIC_NMI (acpi_id[0xff] dfl dfl lint[0x1])
[STDERR  ] 2017-08-21T22:04:10.907881365Z: [    1.232012] usbcore: registered new interface driver usbfs
[STDERR  ] 2017-08-21T22:04:10.907892178Z: [    1.232883] usbcore: registered new interface driver hub
[STDOUT  ] 2017-08-21T22:04:10.907890751Z: [    0.000000] IOAPIC[0]: apic_id 0, version 32, address 0xfec00000, GSI 0-23
[STDERR  ] 2017-08-21T22:04:10.907902711Z: [    1.233648] usbcore: registered new device driver usb
[STDOUT  ] 2017-08-21T22:04:10.907902235Z: [    0.000000] ACPI: INT_SRC_OVR (bus 0 bus_irq 0 global_irq 2 dfl dfl)
[STDERR  ] 2017-08-21T22:04:10.907913184Z: [    1.234733] pps_core: LinuxPPS API ver. 1 registered
[STDOUT  ] 2017-08-21T22:04:10.907914032Z: [    0.000000] ACPI: INT_SRC_OVR (bus 0 bus_irq 5 global_irq 5 high level)
[STDOUT  ] 2017-08-21T22:04:10.907926725Z: [    0.000000] ACPI: INT_SRC_OVR (bus 0 bus_irq 9 global_irq 9 high level)
[STDERR  ] 2017-08-21T22:04:10.9079239Z: [    1.235066] pps_core: Software ver. 5.3.6 - Copyright 2005-2007 Rodolfo Giometti <giometti@linux.it>
[STDERR  ] 2017-08-21T22:04:10.907935178Z: [    1.235747] PTP clock support registered
[STDOUT  ] 2017-08-21T22:04:10.907938212Z: [    0.000000] ACPI: INT_SRC_OVR (bus 0 bus_irq 10 global_irq 10 high level)
[STDOUT  ] 2017-08-21T22:04:10.907949529Z: [    0.000000] ACPI: INT_SRC_OVR (bus 0 bus_irq 11 global_irq 11 high level)
[STDERR  ] 2017-08-21T22:04:10.907946057Z: [    1.236835] wmi: Mapper loaded
[STDERR  ] 2017-08-21T22:04:10.907958694Z: [    1.237855] PCI: Using ACPI for IRQ routing
[STDOUT  ] 2017-08-21T22:04:10.907960602Z: [    0.000000] Using ACPI (MADT) for SMP configuration information
[STDOUT  ] 2017-08-21T22:04:10.907972147Z: [    0.000000] ACPI: HPET id: 0x8086a201 base: 0xfed00000
[STDERR  ] 2017-08-21T22:04:10.907969806Z: [    1.256438] NetLabel: Initializing
[STDERR  ] 2017-08-21T22:04:10.907980464Z: [    1.256699] NetLabel:  domain hash size = 128
[STDOUT  ] 2017-08-21T22:04:10.907983904Z: [    0.000000] smpboot: Allowing 1 CPUs, 0 hotplug CPUs
[STDERR  ] 2017-08-21T22:04:10.907991287Z: [    1.256981] NetLabel:  protocols = UNLABELED CIPSOv4
[STDOUT  ] 2017-08-21T22:04:10.907996668Z: [    0.000000] e820: [mem 0x40000000-0xafffffff] available for PCI devices
[STDERR  ] 2017-08-21T22:04:10.908001687Z: [    1.258797] NetLabel:  unlabeled traffic allowed by default
[STDOUT  ] 2017-08-21T22:04:10.908007959Z: [    0.000000] Booting paravirtualized kernel on bare hardware
[STDERR  ] 2017-08-21T22:04:10.908012778Z: [    1.259670] HPET: 3 timers in total, 0 timers will be used for per-cpu timer
[STDERR  ] 2017-08-21T22:04:10.908024394Z: [    1.260319] hpet0: at MMIO 0xfed00000, IRQs 2, 8, 0
[STDOUT  ] 2017-08-21T22:04:10.908020758Z: [    0.000000] clocksource: refined-jiffies: mask: 0xffffffff max_cycles: 0xffffffff, max_idle_ns: 19112604462750000 ns
[STDERR  ] 2017-08-21T22:04:10.908035648Z: [    1.260767] hpet0: 3 comparators, 64-bit 100.000000 MHz counter
[STDOUT  ] 2017-08-21T22:04:10.908043004Z: [    0.000000] setup_percpu: NR_CPUS:128 nr_cpumask_bits:128 nr_cpu_ids:1 nr_node_ids:1
[STDERR  ] 2017-08-21T22:04:10.908046567Z: [    1.265943] clocksource: Switched to clocksource hpet
[STDOUT  ] 2017-08-21T22:04:10.908054977Z: [    0.000000] percpu: Embedded 35 pages/cpu @ffff92d9fde00000 s105240 r8192 d29928 u2097152
[STDERR  ] 2017-08-21T22:04:10.908061193Z: [    1.518598] VFS: Disk quotas dquot_6.6.0
[STDOUT  ] 2017-08-21T22:04:10.90806747Z: [    0.000000] Built 1 zonelists in Zone order, mobility grouping on.  Total pages: 257896
[STDERR  ] 2017-08-21T22:04:10.908072176Z: [    1.519248] VFS: Dquot-cache hash table entries: 512 (order 0, 4096 bytes)
[STDOUT  ] 2017-08-21T22:04:10.908083649Z: [    0.000000] Kernel command line: console=ttyS0
[STDERR  ] 2017-08-21T22:04:10.908087376Z: [    1.522073] FS-Cache: Loaded
[STDERR  ] 2017-08-21T22:04:10.90809876Z: [    1.526803] CacheFiles: Loaded
[STDOUT  ] 2017-08-21T22:04:10.908094578Z: [    0.000000] PID hash table entries: 4096 (order: 3, 32768 bytes)
[STDOUT  ] 2017-08-21T22:04:10.908106554Z: [    0.000000] Dentry cache hash table entries: 131072 (order: 8, 1048576 bytes)
[STDERR  ] 2017-08-21T22:04:10.90811049Z: [    1.528411] pnp: PnP ACPI init
[STDOUT  ] 2017-08-21T22:04:10.908120154Z: [    0.000000] Inode-cache hash table entries: 65536 (order: 7, 524288 bytes)
[STDERR  ] 2017-08-21T22:04:10.908121807Z: [    1.539468] pnp: PnP ACPI: found 5 devices
[STDERR  ] 2017-08-21T22:04:10.908137563Z: [    1.587394] clocksource: acpi_pm: mask: 0xffffff max_cycles: 0xffffff, max_idle_ns: 2085701024 ns
[STDOUT  ] 2017-08-21T22:04:10.908135155Z: [    0.000000] Memory: 983348K/1048052K available (8028K kernel code, 1366K rwdata, 2696K rodata, 1380K init, 568K bss, 64704K reserved, 0K cma-reserved)
[STDERR  ] 2017-08-21T22:04:10.908149651Z: [    1.590365] NET: Registered protocol family 2
[STDOUT  ] 2017-08-21T22:04:10.908153646Z: [    0.000000] Hierarchical RCU implementation.
[STDERR  ] 2017-08-21T22:04:10.908160405Z: [    1.597479] TCP established hash table entries: 8192 (order: 4, 65536 bytes)
[STDOUT  ] 2017-08-21T22:04:10.908164474Z: [    0.000000] 	Build-time adjustment of leaf fanout to 64.
[STDERR  ] 2017-08-21T22:04:10.908171616Z: [    1.598185] TCP bind hash table entries: 8192 (order: 5, 131072 bytes)
[STDOUT  ] 2017-08-21T22:04:10.908175921Z: [    0.000000] 	RCU restricting CPUs from NR_CPUS=128 to nr_cpu_ids=1.
[STDERR  ] 2017-08-21T22:04:10.908182564Z: [    1.598842] TCP: Hash tables configured (established 8192 bind 8192)
[STDOUT  ] 2017-08-21T22:04:10.908187289Z: [    0.000000] RCU: Adjusting geometry for rcu_fanout_leaf=64, nr_cpu_ids=1
[STDERR  ] 2017-08-21T22:04:10.908193689Z: [    1.600932] UDP hash table entries: 512 (order: 2, 16384 bytes)
[STDOUT  ] 2017-08-21T22:04:10.908199734Z: [    0.000000] NR_IRQS:8448 nr_irqs:256 16
[STDERR  ] 2017-08-21T22:04:10.908204681Z: [    1.601464] UDP-Lite hash table entries: 512 (order: 2, 16384 bytes)
[STDOUT  ] 2017-08-21T22:04:10.908210555Z: [    0.000000] Console: colour VGA+ 80x25
[STDOUT  ] 2017-08-21T22:04:10.908221511Z: [    0.000000] console [ttyS0] enabled
[STDERR  ] 2017-08-21T22:04:10.908218008Z: [    1.603751] NET: Registered protocol family 1
[STDOUT  ] 2017-08-21T22:04:10.908232729Z: [    0.000000] clocksource: hpet: mask: 0xffffffff max_cycles: 0xffffffff, max_idle_ns: 19112604467 ns
[STDERR  ] 2017-08-21T22:04:10.908233531Z: [    1.604661] pci 0000:00:01.0: Video device with shadowed ROM at [mem 0x000c0000-0x000dffff]
[STDOUT  ] 2017-08-21T22:04:10.908244472Z: [    0.000000] tsc: Fast TSC calibration using PIT
[STDERR  ] 2017-08-21T22:04:10.908246Z: [    1.612868] Unpacking initramfs...
[STDOUT  ] 2017-08-21T22:04:10.908255645Z: [    0.000000] tsc: Detected 2300.116 MHz processor
[STDERR  ] 2017-08-21T22:04:10.908257686Z: [    6.511268] Freeing initrd memory: 30824K
[STDOUT  ] 2017-08-21T22:04:10.90826658Z: [    0.021337] Calibrating delay loop (skipped), value calculated using timer frequency.. 4600.23 BogoMIPS (lpj=23001160)
[STDERR  ] 2017-08-21T22:04:10.908268431Z: [    6.535139] PCLMULQDQ-NI instructions are not detected.
[STDOUT  ] 2017-08-21T22:04:10.908277722Z: [    0.022334] pid_max: default: 32768 minimum: 301
[STDERR  ] 2017-08-21T22:04:10.908284309Z: [    6.536269] AVX or AES-NI instructions are not detected.
[STDOUT  ] 2017-08-21T22:04:10.90829435Z: [    0.023219] ACPI: Core revision 20160831
[STDERR  ] 2017-08-21T22:04:10.908295747Z: [    6.536688] CPU feature 'AVX registers' is not supported.
[STDOUT  ] 2017-08-21T22:04:10.908305307Z: [    0.070462] ACPI: 1 ACPI AML tables successfully acquired and loaded
[STDERR  ] 2017-08-21T22:04:10.908309887Z: [    6.537072] CPU feature 'AVX registers' is not supported.
[STDOUT  ] 2017-08-21T22:04:10.908324409Z: [    0.073652] Security Framework initialized
[STDERR  ] 2017-08-21T22:04:10.908326769Z: [    6.537451] CPU feature 'AVX registers' is not supported.
[STDERR  ] 2017-08-21T22:04:10.908337799Z: [    6.537822] CPU feature 'AVX registers' is not supported.
[STDOUT  ] 2017-08-21T22:04:10.908335666Z: [    0.074029] Yama: becoming mindful.
[STDOUT  ] 2017-08-21T22:04:10.908349484Z: [    0.075920] Mount-cache hash table entries: 2048 (order: 2, 16384 bytes)
[STDERR  ] 2017-08-21T22:04:10.908348604Z: [    6.538193] AVX2 or AES-NI instructions are not detected.
[STDERR  ] 2017-08-21T22:04:10.908359235Z: [    6.538565] AVX2 instructions are not detected.
[STDOUT  ] 2017-08-21T22:04:10.908364087Z: [    0.076449] Mountpoint-cache hash table entries: 2048 (order: 2, 16384 bytes)
[STDERR  ] 2017-08-21T22:04:10.908369816Z: [    6.544086] audit: initializing netlink subsys (disabled)
[STDOUT  ] 2017-08-21T22:04:10.908376543Z: [    0.095981] Last level iTLB entries: 4KB 0, 2MB 0, 4MB 0
[STDERR  ] 2017-08-21T22:04:10.908380675Z: [    6.545592] audit: type=2000 audit(1503353012.540:1): initialized
[STDOUT  ] 2017-08-21T22:04:10.908388276Z: [    0.096405] Last level dTLB entries: 4KB 0, 2MB 0, 4MB 0, 1GB 0
[STDERR  ] 2017-08-21T22:04:10.908391445Z: [    6.553424] workingset: timestamp_bits=46 max_order=18 bucket_order=0
[STDERR  ] 2017-08-21T22:04:10.908402993Z: [    6.559395] FS-Cache: Netfs 'cifs' registered for caching
[STDOUT  ] 2017-08-21T22:04:10.908399483Z: [    0.417829] Freeing SMP alternatives memory: 20K
[STDOUT  ] 2017-08-21T22:04:10.908410756Z: [    0.426434] ftrace: allocating 35486 entries in 139 pages
[STDERR  ] 2017-08-21T22:04:10.908414146Z: [    6.560820] fuse init (API version 7.26)
[STDERR  ] 2017-08-21T22:04:10.908425146Z: [    6.562914] SGI XFS with ACLs, security attributes, no debug enabled
[STDOUT  ] 2017-08-21T22:04:10.90842157Z: [    0.589385] smpboot: Max logical packages: 1
[STDERR  ] 2017-08-21T22:04:10.908436498Z: [    6.566626] 9p: Installing v9fs 9p2000 file system support
[STDOUT  ] 2017-08-21T22:04:10.908433154Z: [    0.594875] ..TIMER: vector=0x30 apic1=0 pin1=2 apic2=-1 pin2=-1
[STDOUT  ] 2017-08-21T22:04:10.908444908Z: [    0.700000] smpboot: CPU0: AMD QEMU Virtual CPU version 2.5+ (family: 0x6, model: 0x6, stepping: 0x3)
[STDERR  ] 2017-08-21T22:04:10.908447322Z: [    6.567098] FS-Cache: Netfs '9p' registered for caching
[STDOUT  ] 2017-08-21T22:04:10.908456718Z: [    0.700000] Performance Events: PMU not available due to virtualization, using software events only.
[STDERR  ] 2017-08-21T22:04:10.908458068Z: [    6.602990] NET: Registered protocol family 38
[STDOUT  ] 2017-08-21T22:04:10.908467811Z: [    0.707430] NMI watchdog: disabled (cpu0): hardware events not enabled
[STDERR  ] 2017-08-21T22:04:10.908469383Z: [    6.603530] Key type asymmetric registered
[STDERR  ] 2017-08-21T22:04:10.908480434Z: [    6.603857] Asymmetric key parser 'x509' registered
[STDOUT  ] 2017-08-21T22:04:10.908478623Z: [    0.707881] NMI watchdog: Shutting down hard lockup detector on all cpus
[STDOUT  ] 2017-08-21T22:04:10.908489669Z: [    0.710260] x86: Booted up 1 node, 1 CPUs
[STDERR  ] 2017-08-21T22:04:10.908491178Z: [    6.604650] Block layer SCSI generic (bsg) driver version 0.4 loaded (major 251)
[STDERR  ] 2017-08-21T22:04:10.908502643Z: [    6.605842] io scheduler noop registered
[STDOUT  ] 2017-08-21T22:04:10.908503638Z: [    0.710613] smpboot: Total of 1 processors activated (4600.23 BogoMIPS)
[STDOUT  ] 2017-08-21T22:04:10.908515787Z: [    0.723852] devtmpfs: initialized
[STDERR  ] 2017-08-21T22:04:10.908513785Z: [    6.606151] io scheduler deadline registered (default)
[STDERR  ] 2017-08-21T22:04:10.908530059Z: [    6.606704] io scheduler cfq registered
[STDOUT  ] 2017-08-21T22:04:10.90853404Z: [    0.728828] x86/mm: Memory block size: 128MB
[STDERR  ] 2017-08-21T22:04:10.908540899Z: [    6.609175] pci_hotplug: PCI Hot Plug PCI Core version: 0.5
[STDOUT  ] 2017-08-21T22:04:10.908545264Z: [    0.791973] clocksource: jiffies: mask: 0xffffffff max_cycles: 0xffffffff, max_idle_ns: 19112604462750000 ns
[STDERR  ] 2017-08-21T22:04:10.908555662Z: [    6.609721] pciehp: PCI Express Hot Plug Controller Driver version: 0.4
[STDOUT  ] 2017-08-21T22:04:10.908557084Z: [    0.792816] futex hash table entries: 256 (order: 2, 16384 bytes)
[STDERR  ] 2017-08-21T22:04:10.908566873Z: [    6.611418] shpchp: Standard Hot Plug PCI Controller Driver version: 0.4
[STDOUT  ] 2017-08-21T22:04:10.908574675Z: [    0.801910] NET: Registered protocol family 16
[STDERR  ] 2017-08-21T22:04:10.908578878Z: [    6.612217] hv_vmbus: registering driver hyperv_fb
[STDOUT  ] 2017-08-21T22:04:10.908585735Z: [    0.810951] cpuidle: using governor ladder
[STDERR  ] 2017-08-21T22:04:10.908589757Z: [    6.615210] input: Power Button as /devices/LNXSYSTM:00/LNXPWRBN:00/input/input0
[STDOUT  ] 2017-08-21T22:04:10.908597617Z: [    0.811363] cpuidle: using governor menu
[STDERR  ] 2017-08-21T22:04:10.908601225Z: [    6.616227] ACPI: Power Button [PWRF]
[STDOUT  ] 2017-08-21T22:04:10.908608561Z: [    0.812379] ACPI: bus type PCI registered
[STDERR  ] 2017-08-21T22:04:10.908612007Z: [    6.621295] GHES: HEST is not enabled!
[STDOUT  ] 2017-08-21T22:04:10.90861977Z: [    0.815034] PCI: MMCONFIG for domain 0000 [bus 00-ff] at [mem 0xb0000000-0xbfffffff] (base 0xb0000000)
[STDERR  ] 2017-08-21T22:04:10.908622947Z: [    6.631839] ACPI: PCI Interrupt Link [GSIG] enabled at IRQ 22
[STDOUT  ] 2017-08-21T22:04:10.908631872Z: [    0.815791] PCI: MMCONFIG at [mem 0xb0000000-0xbfffffff] reserved in E820
[STDERR  ] 2017-08-21T22:04:10.908633909Z: [    6.644319] ACPI: PCI Interrupt Link [GSIH] enabled at IRQ 23
[STDOUT  ] 2017-08-21T22:04:10.908643174Z: [    0.817041] PCI: Using configuration type 1 for base access
[STDERR  ] 2017-08-21T22:04:10.908644822Z: [    6.648002] xenfs: not registering filesystem on non-xen platform
[STDOUT  ] 2017-08-21T22:04:10.908654067Z: [    0.870913] HugeTLB registered 2 MB page size, pre-allocated 0 pages
[STDERR  ] 2017-08-21T22:04:10.908655874Z: [    6.649893] Serial: 8250/16550 driver, 4 ports, IRQ sharing disabled
[STDERR  ] 2017-08-21T22:04:10.908668622Z: [    6.680379] 00:04: ttyS0 at I/O 0x3f8 (irq = 4, base_baud = 115200) is a 16550A
[STDOUT  ] 2017-08-21T22:04:10.908666886Z: [    0.881168] ACPI: Added _OSI(Module Device)
[STDOUT  ] 2017-08-21T22:04:10.908682662Z: [    0.881485] ACPI: Added _OSI(Processor Device)
[STDERR  ] 2017-08-21T22:04:10.90868086Z: [    6.690760] Non-volatile memory driver v1.3
[STDOUT  ] 2017-08-21T22:04:10.908693366Z: [    0.881772] ACPI: Added _OSI(3.0 _SCP Extensions)
[STDERR  ] 2017-08-21T22:04:10.908696704Z: [    6.696597] Hangcheck: starting hangcheck timer 0.9.1 (tick is 180 seconds, margin is 60 seconds).
[STDOUT  ] 2017-08-21T22:04:10.908704757Z: [    0.882069] ACPI: Added _OSI(Processor Aggregator Device)
[STDOUT  ] 2017-08-21T22:04:10.908715912Z: [    0.953424] ACPI: Interpreter enabled
[STDERR  ] 2017-08-21T22:04:10.908712389Z: [    6.700607] random: fast init done
[STDOUT  ] 2017-08-21T22:04:10.908727055Z: [    0.954198] ACPI: (supports S0 S5)
[STDERR  ] 2017-08-21T22:04:10.908723624Z: [    6.701681] random: crng init done
[STDOUT  ] 2017-08-21T22:04:10.908737886Z: [    0.954483] ACPI: Using IOAPIC for interrupt routing
[STDERR  ] 2017-08-21T22:04:10.908734857Z: [    6.736200] loop: module loaded
[STDERR  ] 2017-08-21T22:04:10.90875112Z: [    6.750044] nbd: registered device at major 43
[STDOUT  ] 2017-08-21T22:04:10.908749394Z: [    0.956197] PCI: Using host bridge windows from ACPI; if necessary, use "pci=nocrs" and report a bug
[STDOUT  ] 2017-08-21T22:04:10.908763739Z: [    1.023047] ACPI: PCI Root Bridge [PCI0] (domain 0000 [bus 00-ff])
[STDERR  ] 2017-08-21T22:04:10.908762043Z: [    6.789996] lpc_ich 0000:00:1f.0: I/O space for GPIO uninitialized
[STDERR  ] 2017-08-21T22:04:10.908778851Z: [    6.791788] VMware PVSCSI driver - version 1.0.7.0-k
[STDOUT  ] 2017-08-21T22:04:10.908782705Z: [    1.023949] acpi PNP0A08:00: _OSC: OS supports [ExtendedConfig ASPM ClockPM Segments MSI]
[STDERR  ] 2017-08-21T22:04:10.908790523Z: [    6.792485] hv_vmbus: registering driver hv_storvsc
[STDOUT  ] 2017-08-21T22:04:10.908799262Z: [    1.029870] acpi PNP0A08:00: _OSC: OS now controls [PCIeHotplug PME PCIeCapability]
[STDERR  ] 2017-08-21T22:04:10.908801924Z: [    6.802125] ACPI: PCI Interrupt Link [GSIA] enabled at IRQ 16
[STDERR  ] 2017-08-21T22:04:10.908812478Z: [    6.808240] ahci 0000:00:1f.2: AHCI 0001.0000 32 slots 6 ports 1.5 Gbps 0x3f impl SATA mode
[STDOUT  ] 2017-08-21T22:04:10.908811133Z: [    1.032990] PCI host bridge to bus 0000:00
[STDOUT  ] 2017-08-21T22:04:10.908821922Z: [    1.033403] pci_bus 0000:00: root bus resource [io  0x0000-0x0cf7 window]
[STDERR  ] 2017-08-21T22:04:10.908824197Z: [    6.808874] ahci 0000:00:1f.2: flags: 64bit ncq only 
[STDOUT  ] 2017-08-21T22:04:10.908833328Z: [    1.033857] pci_bus 0000:00: root bus resource [io  0x0d00-0xffff window]
[STDERR  ] 2017-08-21T22:04:10.908835123Z: [    6.828706] scsi host0: ahci
[STDOUT  ] 2017-08-21T22:04:10.908844333Z: [    1.034308] pci_bus 0000:00: root bus resource [mem 0x000a0000-0x000bffff window]
[STDERR  ] 2017-08-21T22:04:10.908846299Z: [    6.832407] scsi host1: ahci
[STDERR  ] 2017-08-21T22:04:10.908857464Z: [    6.834543] scsi host2: ahci
[STDOUT  ] 2017-08-21T22:04:10.908855405Z: [    1.034775] pci_bus 0000:00: root bus resource [mem 0xc0000000-0xfebfffff window]
[STDOUT  ] 2017-08-21T22:04:10.908867122Z: [    1.035359] pci_bus 0000:00: root bus resource [bus 00-ff]
[STDERR  ] 2017-08-21T22:04:10.908870733Z: [    6.836617] scsi host3: ahci
[STDOUT  ] 2017-08-21T22:04:10.908877668Z: [    1.142290] pci 0000:00:1f.0: quirk: [io  0x0600-0x067f] claimed by ICH6 ACPI/GPIO/TCO
[STDERR  ] 2017-08-21T22:04:10.908881978Z: [    6.838757] scsi host4: ahci
[STDOUT  ] 2017-08-21T22:04:10.908888204Z: [    1.204233] ACPI: PCI Interrupt Link [LNKA] (IRQs 5 *10 11)
[STDERR  ] 2017-08-21T22:04:10.908894725Z: [    6.840973] scsi host5: ahci
[STDOUT  ] 2017-08-21T22:04:10.908898926Z: [    1.206157] ACPI: PCI Interrupt Link [LNKB] (IRQs 5 *10 11)
[STDOUT  ] 2017-08-21T22:04:10.908909963Z: [    1.207799] ACPI: PCI Interrupt Link [LNKC] (IRQs 5 10 *11)
[STDERR  ] 2017-08-21T22:04:10.908905564Z: [    6.842675] ata1: SATA max UDMA/133 abar m4096@0xfebd2000 port 0xfebd2100 irq 24
[STDERR  ] 2017-08-21T22:04:10.908917554Z: [    6.843197] ata2: SATA max UDMA/133 abar m4096@0xfebd2000 port 0xfebd2180 irq 24
[STDOUT  ] 2017-08-21T22:04:10.908920736Z: [    1.209462] ACPI: PCI Interrupt Link [LNKD] (IRQs 5 10 *11)
[STDERR  ] 2017-08-21T22:04:10.90893115Z: [    6.843658] ata3: SATA max UDMA/133 abar m4096@0xfebd2000 port 0xfebd2200 irq 24
[STDOUT  ] 2017-08-21T22:04:10.908932885Z: [    1.211388] ACPI: PCI Interrupt Link [LNKE] (IRQs 5 *10 11)
[STDERR  ] 2017-08-21T22:04:10.908942694Z: [    6.844112] ata4: SATA max UDMA/133 abar m4096@0xfebd2000 port 0xfebd2280 irq 24
[STDOUT  ] 2017-08-21T22:04:10.908943369Z: [    1.213031] ACPI: PCI Interrupt Link [LNKF] (IRQs 5 *10 11)
[STDOUT  ] 2017-08-21T22:04:10.90895377Z: [    1.214662] ACPI: PCI Interrupt Link [LNKG] (IRQs 5 10 *11)
[STDERR  ] 2017-08-21T22:04:10.908953652Z: [    6.844566] ata5: SATA max UDMA/133 abar m4096@0xfebd2000 port 0xfebd2300 irq 24
[STDERR  ] 2017-08-21T22:04:10.908965011Z: [    6.845019] ata6: SATA max UDMA/133 abar m4096@0xfebd2000 port 0xfebd2380 irq 24
[STDOUT  ] 2017-08-21T22:04:10.908966217Z: [    1.216298] ACPI: PCI Interrupt Link [LNKH] (IRQs 5 10 *11)
[STDOUT  ] 2017-08-21T22:04:10.908977505Z: [    1.217080] ACPI: PCI Interrupt Link [GSIA] (IRQs *16)
[STDERR  ] 2017-08-21T22:04:10.908979165Z: [    6.858204] tun: Universal TUN/TAP device driver, 1.6
[STDOUT  ] 2017-08-21T22:04:10.908988733Z: [    1.217668] ACPI: PCI Interrupt Link [GSIB] (IRQs *17)
[STDERR  ] 2017-08-21T22:04:10.9089944Z: [    6.858692] tun: (C) 1999-2004 Max Krasnyansky <maxk@qualcomm.com>
[STDOUT  ] 2017-08-21T22:04:10.908999565Z: [    1.218249] ACPI: PCI Interrupt Link [GSIC] (IRQs *18)
[STDERR  ] 2017-08-21T22:04:10.909005331Z: [    6.868791] VMware vmxnet3 virtual NIC driver - version 1.4.a.0-k-NAPI
[STDOUT  ] 2017-08-21T22:04:10.90901026Z: [    1.218885] ACPI: PCI Interrupt Link [GSID] (IRQs *19)
[STDERR  ] 2017-08-21T22:04:10.90902011Z: [    6.869581] hv_vmbus: registering driver hv_netvsc
[STDOUT  ] 2017-08-21T22:04:10.9090217Z: [    1.219465] ACPI: PCI Interrupt Link [GSIE] (IRQs *20)
[STDERR  ] 2017-08-21T22:04:10.909031119Z: [    6.869917] Fusion MPT base driver 3.04.20
[STDOUT  ] 2017-08-21T22:04:10.909032943Z: [    1.220368] ACPI: PCI Interrupt Link [GSIF] (IRQs *21)
[STDERR  ] 2017-08-21T22:04:10.909042005Z: [    6.870379] Copyright (c) 1999-2008 LSI Corporation
[STDOUT  ] 2017-08-21T22:04:10.909048374Z: [    1.220953] ACPI: PCI Interrupt Link [GSIG] (IRQs *22)
[STDERR  ] 2017-08-21T22:04:10.909054806Z: [    6.870990] Fusion MPT SPI Host driver 3.04.20
[STDOUT  ] 2017-08-21T22:04:10.909059398Z: [    1.221537] ACPI: PCI Interrupt Link [GSIH] (IRQs *23)
[STDERR  ] 2017-08-21T22:04:10.909065463Z: [    6.872940] i8042: PNP: PS/2 Controller [PNP0303:KBD,PNP0f13:MOU] at 0x60,0x64 irq 1,12
[STDOUT  ] 2017-08-21T22:04:10.909071654Z: [    1.224981] ACPI: Enabled 2 GPEs in block 00 to 3F
[STDERR  ] 2017-08-21T22:04:10.909079205Z: [    6.876735] serio: i8042 KBD port at 0x60,0x64 irq 1
[STDOUT  ] 2017-08-21T22:04:10.909082333Z: [    1.229119] SCSI subsystem initialized
[STDERR  ] 2017-08-21T22:04:10.909090189Z: [    6.877294] serio: i8042 AUX port at 0x60,0x64 irq 12
[STDOUT  ] 2017-08-21T22:04:10.909093607Z: [    1.230974] ACPI: bus type USB registered
[STDERR  ] 2017-08-21T22:04:10.909104065Z: [    6.880402] hv_vmbus: registering driver hyperv_keyboard
[STDOUT  ] 2017-08-21T22:04:10.909104535Z: [    1.232012] usbcore: registered new interface driver usbfs
[STDOUT  ] 2017-08-21T22:04:10.909117121Z: [    1.232883] usbcore: registered new interface driver hub
[STDERR  ] 2017-08-21T22:04:10.909115454Z: [    6.882489] mousedev: PS/2 mouse device common for all mice
[STDERR  ] 2017-08-21T22:04:10.909126302Z: [    6.887054] input: AT Translated Set 2 keyboard as /devices/platform/i8042/serio0/input/input1
[STDOUT  ] 2017-08-21T22:04:10.909127961Z: [    1.233648] usbcore: registered new device driver usb
[STDERR  ] 2017-08-21T22:04:10.909137845Z: [    6.889703] input: PC Speaker as /devices/platform/pcspkr/input/input2
[STDOUT  ] 2017-08-21T22:04:10.909139681Z: [    1.234733] pps_core: LinuxPPS API ver. 1 registered
[STDOUT  ] 2017-08-21T22:04:10.909151007Z: [    1.235066] pps_core: Software ver. 5.3.6 - Copyright 2005-2007 Rodolfo Giometti <giometti@linux.it>
[STDERR  ] 2017-08-21T22:04:10.909149352Z: [    6.892885] rtc_cmos 00:00: RTC can wake from S4
[STDERR  ] 2017-08-21T22:04:10.909159824Z: [    6.895988] rtc_cmos 00:00: rtc core: registered rtc_cmos as rtc0
[STDOUT  ] 2017-08-21T22:04:10.909163313Z: [    1.235747] PTP clock support registered
[STDOUT  ] 2017-08-21T22:04:10.909174494Z: [    1.236835] wmi: Mapper loaded
[STDERR  ] 2017-08-21T22:04:10.90917074Z: [    6.897101] rtc_cmos 00:00: alarms up to one day, y3k, 114 bytes nvram, hpet irqs
[STDOUT  ] 2017-08-21T22:04:10.909185504Z: [    1.237855] PCI: Using ACPI for IRQ routing
[STDERR  ] 2017-08-21T22:04:10.909182275Z: [    6.897746] i2c /dev entries driver
[STDERR  ] 2017-08-21T22:04:10.90919832Z: [    6.899465] device-mapper: ioctl: 4.35.0-ioctl (2016-06-23) initialised: dm-devel@redhat.com
[STDOUT  ] 2017-08-21T22:04:10.909196782Z: [    1.256438] NetLabel: Initializing
[STDOUT  ] 2017-08-21T22:04:10.909207765Z: [    1.256699] NetLabel:  domain hash size = 128
[STDERR  ] 2017-08-21T22:04:10.909210461Z: [    6.904098] usbcore: registered new interface driver usbhid
[STDERR  ] 2017-08-21T22:04:10.909221247Z: [    6.904485] usbhid: USB HID core driver
[STDOUT  ] 2017-08-21T22:04:10.909222806Z: [    1.256981] NetLabel:  protocols = UNLABELED CIPSOv4
[STDERR  ] 2017-08-21T22:04:10.909239503Z: [    6.905057] hv_utils: Registering HyperV Utility Driver
[STDOUT  ] 2017-08-21T22:04:10.909241369Z: [    1.258797] NetLabel:  unlabeled traffic allowed by default
[STDOUT  ] 2017-08-21T22:04:10.909252686Z: [    1.259670] HPET: 3 timers in total, 0 timers will be used for per-cpu timer
[STDERR  ] 2017-08-21T22:04:10.909250816Z: [    6.905398] hv_vmbus: registering driver hv_util
[STDERR  ] 2017-08-21T22:04:10.909265021Z: [    6.905693] hv_vmbus: registering driver hv_balloon
[STDOUT  ] 2017-08-21T22:04:10.909263709Z: [    1.260319] hpet0: at MMIO 0xfed00000, IRQs 2, 8, 0
[STDERR  ] 2017-08-21T22:04:10.909275859Z: [    6.906161] oprofile: using NMI interrupt.
[STDOUT  ] 2017-08-21T22:04:10.909277148Z: [    1.260767] hpet0: 3 comparators, 64-bit 100.000000 MHz counter
[STDERR  ] 2017-08-21T22:04:10.909287097Z: [    6.907138] GACT probability on
[STDOUT  ] 2017-08-21T22:04:10.909293798Z: [    1.265943] clocksource: Switched to clocksource hpet
[STDERR  ] 2017-08-21T22:04:10.909298812Z: [    6.907569] Mirror/redirect action on
[STDOUT  ] 2017-08-21T22:04:10.909304407Z: [    1.518598] VFS: Disk quotas dquot_6.6.0
[STDERR  ] 2017-08-21T22:04:10.909311997Z: [    6.908412] Simple TC action Loaded
[STDOUT  ] 2017-08-21T22:04:10.909315405Z: [    1.519248] VFS: Dquot-cache hash table entries: 512 (order 0, 4096 bytes)
[STDERR  ] 2017-08-21T22:04:10.909322988Z: [    6.908920] u32 classifier
[STDOUT  ] 2017-08-21T22:04:10.909326437Z: [    1.522073] FS-Cache: Loaded
[STDERR  ] 2017-08-21T22:04:10.909334183Z: [    6.909111]     Performance counters on
[STDOUT  ] 2017-08-21T22:04:10.909337881Z: [    1.526803] CacheFiles: Loaded
[STDERR  ] 2017-08-21T22:04:10.909344857Z: [    6.909358]     input device check on
[STDOUT  ] 2017-08-21T22:04:10.909349075Z: [    1.528411] pnp: PnP ACPI init
[STDERR  ] 2017-08-21T22:04:10.909355413Z: [    6.909593]     Actions configured
[STDOUT  ] 2017-08-21T22:04:10.909360599Z: [    1.539468] pnp: PnP ACPI: found 5 devices
[STDERR  ] 2017-08-21T22:04:10.909370986Z: [    6.910259] Netfilter messages via NETLINK v0.30.
[STDOUT  ] 2017-08-21T22:04:10.909372747Z: [    1.587394] clocksource: acpi_pm: mask: 0xffffff max_cycles: 0xffffff, max_idle_ns: 2085701024 ns
[STDERR  ] 2017-08-21T22:04:10.909381613Z: [    6.910829] nfnl_acct: registering with nfnetlink.
[STDOUT  ] 2017-08-21T22:04:10.909385436Z: [    1.590365] NET: Registered protocol family 2
[STDERR  ] 2017-08-21T22:04:10.909392306Z: [    6.912069] nf_conntrack version 0.5.0 (8192 buckets, 32768 max)
[STDOUT  ] 2017-08-21T22:04:10.90939654Z: [    1.597479] TCP established hash table entries: 8192 (order: 4, 65536 bytes)
[STDERR  ] 2017-08-21T22:04:10.909403029Z: [    6.915235] ctnetlink v0.93: registering with nfnetlink.
[STDOUT  ] 2017-08-21T22:04:10.909410491Z: [    1.598185] TCP bind hash table entries: 8192 (order: 5, 131072 bytes)
[STDERR  ] 2017-08-21T22:04:10.909418146Z: [    6.918207] nf_tables: (c) 2007-2009 Patrick McHardy <kaber@trash.net>
[STDOUT  ] 2017-08-21T22:04:10.909422536Z: [    1.598842] TCP: Hash tables configured (established 8192 bind 8192)
[STDERR  ] 2017-08-21T22:04:10.909429194Z: [    6.919042] nf_tables_compat: (c) 2012 Pablo Neira Ayuso <pablo@netfilter.org>
[STDOUT  ] 2017-08-21T22:04:10.909433972Z: [    1.600932] UDP hash table entries: 512 (order: 2, 16384 bytes)
[STDERR  ] 2017-08-21T22:04:10.909441791Z: [    6.921507] xt_time: kernel timezone is -0000
[STDOUT  ] 2017-08-21T22:04:10.909447132Z: [    1.601464] UDP-Lite hash table entries: 512 (order: 2, 16384 bytes)
[STDERR  ] 2017-08-21T22:04:10.909452463Z: [    6.922004] ip_set: protocol 6
[STDOUT  ] 2017-08-21T22:04:10.909458449Z: [    1.603751] NET: Registered protocol family 1
[STDERR  ] 2017-08-21T22:04:10.909463382Z: [    6.922617] IPVS: Registered protocols (TCP, UDP, SCTP, AH, ESP)
[STDOUT  ] 2017-08-21T22:04:10.909469571Z: [    1.604661] pci 0000:00:01.0: Video device with shadowed ROM at [mem 0x000c0000-0x000dffff]
[STDERR  ] 2017-08-21T22:04:10.909474326Z: [    6.923166] IPVS: Connection hash table configured (size=4096, memory=64Kbytes)
[STDERR  ] 2017-08-21T22:04:10.909485339Z: [    6.924778] IPVS: Creating netns size=2104 id=0
[STDOUT  ] 2017-08-21T22:04:10.909485546Z: [    1.612868] Unpacking initramfs...
[STDOUT  ] 2017-08-21T22:04:10.909497946Z: [    6.511268] Freeing initrd memory: 30824K
[STDERR  ] 2017-08-21T22:04:10.909496226Z: [    6.927306] IPVS: ipvs loaded.
[STDOUT  ] 2017-08-21T22:04:10.90950898Z: [    6.535139] PCLMULQDQ-NI instructions are not detected.
[STDERR  ] 2017-08-21T22:04:10.909512511Z: [    6.927678] IPVS: [rr] scheduler registered.
[STDOUT  ] 2017-08-21T22:04:10.90952007Z: [    6.536269] AVX or AES-NI instructions are not detected.
[STDERR  ] 2017-08-21T22:04:10.909523443Z: [    6.928027] IPVS: [wrr] scheduler registered.
[STDERR  ] 2017-08-21T22:04:10.909534319Z: [    6.928352] IPVS: [lc] scheduler registered.
[STDOUT  ] 2017-08-21T22:04:10.90953126Z: [    6.536688] CPU feature 'AVX registers' is not supported.
[STDOUT  ] 2017-08-21T22:04:10.909542383Z: [    6.537072] CPU feature 'AVX registers' is not supported.
[STDERR  ] 2017-08-21T22:04:10.909545261Z: [    6.928628] IPVS: [wlc] scheduler registered.
[STDERR  ] 2017-08-21T22:04:10.909556253Z: [    6.928907] IPVS: [fo] scheduler registered.
[STDOUT  ] 2017-08-21T22:04:10.909553663Z: [    6.537451] CPU feature 'AVX registers' is not supported.
[STDERR  ] 2017-08-21T22:04:10.909567695Z: [    6.929180] IPVS: [ovf] scheduler registered.
[STDOUT  ] 2017-08-21T22:04:10.909569356Z: [    6.537822] CPU feature 'AVX registers' is not supported.
[STDERR  ] 2017-08-21T22:04:10.909578507Z: [    6.929563] IPVS: [lblc] scheduler registered.
[STDOUT  ] 2017-08-21T22:04:10.909580887Z: [    6.538193] AVX2 or AES-NI instructions are not detected.
[STDERR  ] 2017-08-21T22:04:10.909589163Z: [    6.929953] IPVS: [lblcr] scheduler registered.
[STDOUT  ] 2017-08-21T22:04:10.909591953Z: [    6.538565] AVX2 instructions are not detected.
[STDERR  ] 2017-08-21T22:04:10.909600039Z: [    6.930568] IPVS: [dh] scheduler registered.
[STDOUT  ] 2017-08-21T22:04:10.90960311Z: [    6.544086] audit: initializing netlink subsys (disabled)
[STDOUT  ] 2017-08-21T22:04:10.909614442Z: [    6.545592] audit: type=2000 audit(1503353012.540:1): initialized
[STDERR  ] 2017-08-21T22:04:10.909615818Z: [    6.930860] IPVS: [sh] scheduler registered.
[STDERR  ] 2017-08-21T22:04:10.909626582Z: [    6.931137] IPVS: [sed] scheduler registered.
[STDOUT  ] 2017-08-21T22:04:10.909625702Z: [    6.553424] workingset: timestamp_bits=46 max_order=18 bucket_order=0
[STDERR  ] 2017-08-21T22:04:10.909636919Z: [    6.931417] IPVS: [nq] scheduler registered.
[STDOUT  ] 2017-08-21T22:04:10.909639034Z: [    6.559395] FS-Cache: Netfs 'cifs' registered for caching
[STDERR  ] 2017-08-21T22:04:10.909647653Z: [    6.932050] IPVS: ftp: loaded support on port[0] = 21
[STDOUT  ] 2017-08-21T22:04:10.909650348Z: [    6.560820] fuse init (API version 7.26)
[STDOUT  ] 2017-08-21T22:04:10.909661347Z: [    6.562914] SGI XFS with ACLs, security attributes, no debug enabled
[STDERR  ] 2017-08-21T22:04:10.909658254Z: [    6.932915] ipip: IPv4 and MPLS over IPv4 tunneling driver
[STDOUT  ] 2017-08-21T22:04:10.909673279Z: [    6.566626] 9p: Installing v9fs 9p2000 file system support
[STDERR  ] 2017-08-21T22:04:10.909670398Z: [    6.936809] gre: GRE over IPv4 demultiplexor driver
[STDERR  ] 2017-08-21T22:04:10.909681396Z: [    6.939376] ip_tables: (C) 2000-2006 Netfilter Core Team
[STDOUT  ] 2017-08-21T22:04:10.90968454Z: [    6.567098] FS-Cache: Netfs '9p' registered for caching
[STDERR  ] 2017-08-21T22:04:10.909692182Z: [    6.942915] ipt_CLUSTERIP: ClusterIP Version 0.8 loaded successfully
[STDOUT  ] 2017-08-21T22:04:10.909695638Z: [    6.602990] NET: Registered protocol family 38
[STDOUT  ] 2017-08-21T22:04:10.909706776Z: [    6.603530] Key type asymmetric registered
[STDERR  ] 2017-08-21T22:04:10.909703463Z: [    6.943579] arp_tables: arp_tables: (C) 2002 David S. Miller
[STDERR  ] 2017-08-21T22:04:10.909714687Z: [    6.945776] NET: Registered protocol family 10
[STDOUT  ] 2017-08-21T22:04:10.909718059Z: [    6.603857] Asymmetric key parser 'x509' registered
[STDERR  ] 2017-08-21T22:04:10.909728494Z: [    6.955094] ip6_tables: (C) 2000-2006 Netfilter Core Team
[STDOUT  ] 2017-08-21T22:04:10.909736419Z: [    6.604650] Block layer SCSI generic (bsg) driver version 0.4 loaded (major 251)
[STDERR  ] 2017-08-21T22:04:10.909739559Z: [    6.963231] NET: Registered protocol family 17
[STDOUT  ] 2017-08-21T22:04:10.909752886Z: [    6.605842] io scheduler noop registered
[STDERR  ] 2017-08-21T22:04:10.909754573Z: [    6.964192] Bridge firewalling registered
[STDERR  ] 2017-08-21T22:04:10.909767855Z: [    6.964670] Ebtables v2.0 registered
[STDOUT  ] 2017-08-21T22:04:10.909763927Z: [    6.606151] io scheduler deadline registered (default)
[STDOUT  ] 2017-08-21T22:04:10.909775622Z: [    6.606704] io scheduler cfq registered
[STDERR  ] 2017-08-21T22:04:10.909778806Z: [    6.966832] 8021q: 802.1Q VLAN Support v1.8
[STDOUT  ] 2017-08-21T22:04:10.909786643Z: [    6.609175] pci_hotplug: PCI Hot Plug PCI Core version: 0.5
[STDERR  ] 2017-08-21T22:04:10.909789613Z: [    6.969163] 9pnet: Installing 9P2000 support
[STDERR  ] 2017-08-21T22:04:10.909800459Z: [    6.971928] Key type dns_resolver registered
[STDOUT  ] 2017-08-21T22:04:10.909797689Z: [    6.609721] pciehp: PCI Express Hot Plug Controller Driver version: 0.4
[STDERR  ] 2017-08-21T22:04:10.909811526Z: [    6.973286] microcode: AMD CPU family 0x6 not supported
[STDOUT  ] 2017-08-21T22:04:10.9098138Z: [    6.611418] shpchp: Standard Hot Plug PCI Controller Driver version: 0.4
[STDERR  ] 2017-08-21T22:04:10.909822515Z: [    6.977645] registered taskstats version 1
[STDOUT  ] 2017-08-21T22:04:10.909825175Z: [    6.612217] hv_vmbus: registering driver hyperv_fb
[STDERR  ] 2017-08-21T22:04:10.909833366Z: [    7.135253] Key type big_key registered
[STDOUT  ] 2017-08-21T22:04:10.909836366Z: [    6.615210] input: Power Button as /devices/LNXSYSTM:00/LNXPWRBN:00/input/input0
[STDERR  ] 2017-08-21T22:04:10.909844485Z: [    7.172666] ata1: SATA link up 1.5 Gbps (SStatus 113 SControl 300)
[STDOUT  ] 2017-08-21T22:04:10.9098474Z: [    6.616227] ACPI: Power Button [PWRF]
[STDOUT  ] 2017-08-21T22:04:10.909858206Z: [    6.621295] GHES: HEST is not enabled!
[STDERR  ] 2017-08-21T22:04:10.909856625Z: [    7.177375] ata1.00: ATA-7: QEMU HARDDISK, 2.5+, max UDMA/100
[STDERR  ] 2017-08-21T22:04:10.909867704Z: [    7.177785] ata1.00: 1048576 sectors, multi 16: LBA48 NCQ (depth 31/32)
[STDOUT  ] 2017-08-21T22:04:10.909869435Z: [    6.631839] ACPI: PCI Interrupt Link [GSIG] enabled at IRQ 22
[STDERR  ] 2017-08-21T22:04:10.909878675Z: [    7.178313] ata1.00: applying bridge limits
[STDOUT  ] 2017-08-21T22:04:10.909880284Z: [    6.644319] ACPI: PCI Interrupt Link [GSIH] enabled at IRQ 23
[STDERR  ] 2017-08-21T22:04:10.90988969Z: [    7.184871] ata5: SATA link down (SStatus 0 SControl 300)
[STDOUT  ] 2017-08-21T22:04:10.909891298Z: [    6.648002] xenfs: not registering filesystem on non-xen platform
[STDERR  ] 2017-08-21T22:04:10.909900928Z: [    7.186344] ata3: SATA link up 1.5 Gbps (SStatus 113 SControl 300)
[STDERR  ] 2017-08-21T22:04:10.909912141Z: [    7.187076] ata3.00: ATAPI: QEMU DVD-ROM, 2.5+, max UDMA/100
[STDOUT  ] 2017-08-21T22:04:10.909902436Z: [    6.649893] Serial: 8250/16550 driver, 4 ports, IRQ sharing disabled
[STDOUT  ] 2017-08-21T22:04:10.909919786Z: [    6.680379] 00:04: ttyS0 at I/O 0x3f8 (irq = 4, base_baud = 115200) is a 16550A
[STDERR  ] 2017-08-21T22:04:10.909923037Z: [    7.187485] ata3.00: applying bridge limits
[STDOUT  ] 2017-08-21T22:04:10.909930812Z: [    6.690760] Non-volatile memory driver v1.3
[STDERR  ] 2017-08-21T22:04:10.909933852Z: [    7.188378] ata3.00: configured for UDMA/100
[STDOUT  ] 2017-08-21T22:04:10.909942109Z: [    6.696597] Hangcheck: starting hangcheck timer 0.9.1 (tick is 180 seconds, margin is 60 seconds).
[STDERR  ] 2017-08-21T22:04:10.909947534Z: [    7.189974] ata2: SATA link down (SStatus 0 SControl 300)
[STDOUT  ] 2017-08-21T22:04:10.909953996Z: [    6.700607] random: fast init done
[STDERR  ] 2017-08-21T22:04:10.909963408Z: [    7.190659] ata4: SATA link down (SStatus 0 SControl 300)
[STDOUT  ] 2017-08-21T22:04:10.909969647Z: [    6.701681] random: crng init done
[STDERR  ] 2017-08-21T22:04:10.909975954Z: [    7.191363] ata1.00: configured for UDMA/100
[STDOUT  ] 2017-08-21T22:04:10.909980573Z: [    6.736200] loop: module loaded
[STDERR  ] 2017-08-21T22:04:10.909987154Z: [    7.191872] ata6: SATA link down (SStatus 0 SControl 300)
[STDOUT  ] 2017-08-21T22:04:10.909999602Z: [    6.750044] nbd: registered device at major 43
[STDERR  ] 2017-08-21T22:04:10.910001625Z: [    7.211875] scsi 0:0:0:0: Direct-Access     ATA      QEMU HARDDISK    2.5+ PQ: 0 ANSI: 5
[STDOUT  ] 2017-08-21T22:04:10.910010484Z: [    6.789996] lpc_ich 0000:00:1f.0: I/O space for GPIO uninitialized
[STDERR  ] 2017-08-21T22:04:10.910013657Z: [    7.218804] sd 0:0:0:0: [sda] 1048576 512-byte logical blocks: (537 MB/512 MiB)
[STDOUT  ] 2017-08-21T22:04:10.910021491Z: [    6.791788] VMware PVSCSI driver - version 1.0.7.0-k
[STDERR  ] 2017-08-21T22:04:10.910024869Z: [    7.227022] sd 0:0:0:0: Attached scsi generic sg0 type 0
[STDOUT  ] 2017-08-21T22:04:10.910032602Z: [    6.792485] hv_vmbus: registering driver hv_storvsc
[STDERR  ] 2017-08-21T22:04:10.910035696Z: [    7.228499] sd 0:0:0:0: [sda] Write Protect is off
[STDERR  ] 2017-08-21T22:04:10.910046954Z: [    7.231229] sd 0:0:0:0: [sda] Write cache: enabled, read cache: enabled, doesn't support DPO or FUA
[STDOUT  ] 2017-08-21T22:04:10.910043596Z: [    6.802125] ACPI: PCI Interrupt Link [GSIA] enabled at IRQ 16
