[INFO    ] 2017-10-12T16:44:41.71726448Z: Running Test linuxkit.packages.extend.xfs in /tmp/build/test/cases/040_packages/005_extend/002_xfs
[INFO    ] 2017-10-12T16:44:41.717358564Z: Running command: [/bin/sh -x /tmp/build/test/cases/040_packages/005_extend/002_xfs/test.sh]
[STDERR  ] 2017-10-12T16:44:41.736996326Z: + set -ex
[STDERR  ] 2017-10-12T16:44:41.737082847Z: + . /tmp/build/test/cases/_lib/lib.sh
[STDERR  ] 2017-10-12T16:44:41.737092921Z: + [ -f src/github.com/linuxkit/rtf/lib/lib.sh ]
[STDERR  ] 2017-10-12T16:44:41.737101724Z: + LINUXKIT_TMPDIR=/tmp/build/test/cases/_tmp
[STDERR  ] 2017-10-12T16:44:41.737110269Z: + [ -f /tmp/build/test/cases/_tmp/env.sh ]
[STDERR  ] 2017-10-12T16:44:41.737120307Z: + . /tmp/build/test/cases/_tmp/env.sh
[STDERR  ] 2017-10-12T16:44:41.737134182Z: + export LINUXKIT_EXAMPLES_DIR=/tmp/build/test/cases/../../examples
[STDERR  ] 2017-10-12T16:44:41.737144398Z: + export LINUXKIT_BLUEPRINTS_DIR=/tmp/build/test/cases/../../blueprints
[STDERR  ] 2017-10-12T16:44:41.73715623Z: + RT_CANCEL=253
[STDERR  ] 2017-10-12T16:44:41.737165013Z: + NAME_CREATE=extend-xfs
[STDERR  ] 2017-10-12T16:44:41.737172686Z: + NAME_EXTEND=extend-xfs
[STDERR  ] 2017-10-12T16:44:41.737181032Z: + DISK=disk.img
[STDERR  ] 2017-10-12T16:44:41.737190466Z: + trap clean_up EXIT
[STDERR  ] 2017-10-12T16:44:41.737197988Z: + moby build -name extend-xfs -format kernel+initrd test-create.yml
[STDERR  ] 2017-10-12T16:44:41.749028271Z: Extract kernel image: linuxkit/kernel:4.9.53
[STDERR  ] 2017-10-12T16:44:43.032872447Z: time="2017-10-12T16:44:43Z" level=warning msg="certificate with CN Rolf Neugebauer is near expiry" 
[STDERR  ] 2017-10-12T16:44:43.033190272Z: time="2017-10-12T16:44:43Z" level=warning msg="certificate with CN Moby CI is near expiry" 
[STDERR  ] 2017-10-12T16:44:43.054339713Z: time="2017-10-12T16:44:43Z" level=warning msg="certificate with CN Rolf Neugebauer is near expiry" 
[STDERR  ] 2017-10-12T16:44:43.788599268Z: Add init containers:
[STDERR  ] 2017-10-12T16:44:44.94408266Z: time="2017-10-12T16:44:44Z" level=warning msg="certificate with CN Rolf Neugebauer is near expiry" 
[STDERR  ] 2017-10-12T16:44:44.944293061Z: time="2017-10-12T16:44:44Z" level=warning msg="certificate with CN Moby CI is near expiry" 
[STDERR  ] 2017-10-12T16:44:44.948287099Z: time="2017-10-12T16:44:44Z" level=warning msg="certificate with CN Rolf Neugebauer is near expiry" 
[STDERR  ] 2017-10-12T16:44:46.322291998Z: time="2017-10-12T16:44:46Z" level=warning msg="certificate with CN Moby CI is near expiry" 
[STDERR  ] 2017-10-12T16:44:46.322464505Z: time="2017-10-12T16:44:46Z" level=warning msg="certificate with CN Rolf Neugebauer is near expiry" 
[STDERR  ] 2017-10-12T16:44:46.325896412Z: time="2017-10-12T16:44:46Z" level=warning msg="certificate with CN Rolf Neugebauer is near expiry" 
[STDERR  ] 2017-10-12T16:44:46.533166719Z: Add onboot containers:
[STDERR  ] 2017-10-12T16:44:46.533229263Z:   Create OCI config for linuxkit/format:e7f06bd9bb96b663f8aab7d648a5dfc3ed7785fc
[STDERR  ] 2017-10-12T16:44:47.6214622Z: time="2017-10-12T16:44:47Z" level=warning msg="certificate with CN Rolf Neugebauer is near expiry" 
[STDERR  ] 2017-10-12T16:44:47.621682116Z: time="2017-10-12T16:44:47Z" level=warning msg="certificate with CN Moby CI is near expiry" 
[STDERR  ] 2017-10-12T16:44:47.623845437Z: time="2017-10-12T16:44:47Z" level=warning msg="certificate with CN Rolf Neugebauer is near expiry" 
[STDERR  ] 2017-10-12T16:44:47.95354626Z:   Create OCI config for linuxkit/mount:80c6aeef04260eaa7c74a93594ea7c5a4ab2808e
[STDERR  ] 2017-10-12T16:44:49.044046084Z: time="2017-10-12T16:44:49Z" level=warning msg="certificate with CN Moby CI is near expiry" 
[STDERR  ] 2017-10-12T16:44:49.044254213Z: time="2017-10-12T16:44:49Z" level=warning msg="certificate with CN Rolf Neugebauer is near expiry" 
[STDERR  ] 2017-10-12T16:44:49.046138461Z: time="2017-10-12T16:44:49Z" level=warning msg="certificate with CN Rolf Neugebauer is near expiry" 
[STDERR  ] 2017-10-12T16:44:49.208152882Z:   Create OCI config for alpine:3.6
[STDERR  ] 2017-10-12T16:44:50.511332203Z:   Create OCI config for linuxkit/poweroff:ffd3f539a6f4e67d4cd4ff36503636de35edd7b2
[STDERR  ] 2017-10-12T16:44:51.632973406Z: time="2017-10-12T16:44:51Z" level=warning msg="certificate with CN Moby CI is near expiry" 
[STDERR  ] 2017-10-12T16:44:51.633185666Z: time="2017-10-12T16:44:51Z" level=warning msg="certificate with CN Rolf Neugebauer is near expiry" 
[STDERR  ] 2017-10-12T16:44:51.634456368Z: time="2017-10-12T16:44:51Z" level=warning msg="certificate with CN Rolf Neugebauer is near expiry" 
[STDERR  ] 2017-10-12T16:44:51.77817884Z: Create outputs:
[STDERR  ] 2017-10-12T16:44:57.156208056Z:   extend-xfs-kernel extend-xfs-initrd.img extend-xfs-cmdline
[STDERR  ] 2017-10-12T16:44:57.236514046Z: + linuxkit run -disk file=disk.img,format=raw,size=256M extend-xfs
[STDERR  ] 2017-10-12T16:44:57.259015638Z: Unable to find qemu-system-x86_64 within the $PATH. Using a container
[STDOUT  ] 2017-10-12T16:45:00.010891634Z: [    0.000000] Linux version 4.9.53-linuxkit (root@78cdab8b710d) (gcc version 6.3.0 (Alpine 6.3.0) ) #1 SMP Thu Oct 5 11:28:51 UTC 2017
[STDOUT  ] 2017-10-12T16:45:00.011602362Z: [    0.000000] Command line: console=ttyS0
[STDOUT  ] 2017-10-12T16:45:00.011637581Z: [    0.000000] x86/fpu: Legacy x87 FPU detected.
[STDOUT  ] 2017-10-12T16:45:00.011776658Z: [    0.000000] x86/fpu: Using 'eager' FPU context switches.
[STDOUT  ] 2017-10-12T16:45:00.011922125Z: [    0.000000] e820: BIOS-provided physical RAM map:
[STDOUT  ] 2017-10-12T16:45:00.012166676Z: [    0.000000] BIOS-e820: [mem 0x0000000000000000-0x000000000009fbff] usable
[STDOUT  ] 2017-10-12T16:45:00.012482609Z: [    0.000000] BIOS-e820: [mem 0x000000000009fc00-0x000000000009ffff] reserved
[STDOUT  ] 2017-10-12T16:45:00.012628969Z: [    0.000000] BIOS-e820: [mem 0x00000000000f0000-0x00000000000fffff] reserved
[STDOUT  ] 2017-10-12T16:45:00.012995432Z: [    0.000000] BIOS-e820: [mem 0x0000000000100000-0x000000003ffdefff] usable
[STDOUT  ] 2017-10-12T16:45:00.013153488Z: [    0.000000] BIOS-e820: [mem 0x000000003ffdf000-0x000000003fffffff] reserved
[STDOUT  ] 2017-10-12T16:45:00.013463391Z: [    0.000000] BIOS-e820: [mem 0x00000000b0000000-0x00000000bfffffff] reserved
[STDOUT  ] 2017-10-12T16:45:00.013642443Z: [    0.000000] BIOS-e820: [mem 0x00000000fed1c000-0x00000000fed1ffff] reserved
[STDOUT  ] 2017-10-12T16:45:00.013963819Z: [    0.000000] BIOS-e820: [mem 0x00000000fffc0000-0x00000000ffffffff] reserved
[STDOUT  ] 2017-10-12T16:45:00.014112807Z: [    0.000000] NX (Execute Disable) protection: active
[STDOUT  ] 2017-10-12T16:45:00.014273641Z: [    0.000000] SMBIOS 2.8 present.
[STDOUT  ] 2017-10-12T16:45:00.014458203Z: [    0.000000] e820: last_pfn = 0x3ffdf max_arch_pfn = 0x400000000
[STDOUT  ] 2017-10-12T16:45:00.014774006Z: [    0.000000] x86/PAT: Configuration [0-7]: WB  WC  UC- UC  WB  WC  UC- WT  
[STDOUT  ] 2017-10-12T16:45:00.014992469Z: [    0.000000] found SMP MP-table at [mem 0x000f6aa0-0x000f6aaf] mapped at [ffff89e2800f6aa0]
[STDOUT  ] 2017-10-12T16:45:00.0151463Z: [    0.000000] RAMDISK: [mem 0x3e12e000-0x3ffcffff]
[STDOUT  ] 2017-10-12T16:45:00.015436666Z: [    0.000000] ACPI: Early table checksum verification disabled
[STDOUT  ] 2017-10-12T16:45:00.015580787Z: [    0.000000] ACPI: RSDP 0x00000000000F68C0 000014 (v00 BOCHS )
[STDOUT  ] 2017-10-12T16:45:00.015883743Z: [    0.000000] ACPI: RSDT 0x000000003FFE2404 000034 (v01 BOCHS  BXPCRSDT 00000001 BXPC 00000001)
[STDOUT  ] 2017-10-12T16:45:00.016322546Z: [    0.000000] ACPI: FACP 0x000000003FFE22A4 000074 (v01 BOCHS  BXPCFACP 00000001 BXPC 00000001)
[STDOUT  ] 2017-10-12T16:45:00.01662107Z: [    0.000000] ACPI: DSDT 0x000000003FFE0040 002264 (v01 BOCHS  BXPCDSDT 00000001 BXPC 00000001)
[STDOUT  ] 2017-10-12T16:45:00.016769879Z: [    0.000000] ACPI: FACS 0x000000003FFE0000 000040
[STDOUT  ] 2017-10-12T16:45:00.017051427Z: [    0.000000] ACPI: APIC 0x000000003FFE2318 000078 (v01 BOCHS  BXPCAPIC 00000001 BXPC 00000001)
[STDOUT  ] 2017-10-12T16:45:00.017342329Z: [    0.000000] ACPI: HPET 0x000000003FFE2390 000038 (v01 BOCHS  BXPCHPET 00000001 BXPC 00000001)
[STDOUT  ] 2017-10-12T16:45:00.01763677Z: [    0.000000] ACPI: MCFG 0x000000003FFE23C8 00003C (v01 BOCHS  BXPCMCFG 00000001 BXPC 00000001)
[STDOUT  ] 2017-10-12T16:45:00.017796904Z: [    0.000000] Zone ranges:
[STDOUT  ] 2017-10-12T16:45:00.017941293Z: [    0.000000]   DMA      [mem 0x0000000000001000-0x0000000000ffffff]
[STDOUT  ] 2017-10-12T16:45:00.018232954Z: [    0.000000]   DMA32    [mem 0x0000000001000000-0x000000003ffdefff]
[STDOUT  ] 2017-10-12T16:45:00.018377454Z: [    0.000000]   Normal   empty
[STDOUT  ] 2017-10-12T16:45:00.018526818Z: [    0.000000] Movable zone start for each node
[STDOUT  ] 2017-10-12T16:45:00.018671417Z: [    0.000000] Early memory node ranges
[STDOUT  ] 2017-10-12T16:45:00.018945017Z: [    0.000000]   node   0: [mem 0x0000000000001000-0x000000000009efff]
[STDOUT  ] 2017-10-12T16:45:00.019080611Z: [    0.000000]   node   0: [mem 0x0000000000100000-0x000000003ffdefff]
[STDOUT  ] 2017-10-12T16:45:00.019352022Z: [    0.000000] Initmem setup node 0 [mem 0x0000000000001000-0x000000003ffdefff]
[STDOUT  ] 2017-10-12T16:45:00.019492694Z: [    0.000000] ACPI: PM-Timer IO Port: 0x608
[STDOUT  ] 2017-10-12T16:45:00.019766295Z: [    0.000000] ACPI: LAPIC_NMI (acpi_id[0xff] dfl dfl lint[0x1])
[STDOUT  ] 2017-10-12T16:45:00.019964135Z: [    0.000000] IOAPIC[0]: apic_id 0, version 32, address 0xfec00000, GSI 0-23
[STDOUT  ] 2017-10-12T16:45:00.020247288Z: [    0.000000] ACPI: INT_SRC_OVR (bus 0 bus_irq 0 global_irq 2 dfl dfl)
[STDOUT  ] 2017-10-12T16:45:00.020514489Z: [    0.000000] ACPI: INT_SRC_OVR (bus 0 bus_irq 5 global_irq 5 high level)
[STDOUT  ] 2017-10-12T16:45:00.020774515Z: [    0.000000] ACPI: INT_SRC_OVR (bus 0 bus_irq 9 global_irq 9 high level)
[STDOUT  ] 2017-10-12T16:45:00.020902691Z: [    0.000000] ACPI: INT_SRC_OVR (bus 0 bus_irq 10 global_irq 10 high level)
[STDOUT  ] 2017-10-12T16:45:00.021167419Z: [    0.000000] ACPI: INT_SRC_OVR (bus 0 bus_irq 11 global_irq 11 high level)
[STDOUT  ] 2017-10-12T16:45:00.021443759Z: [    0.000000] Using ACPI (MADT) for SMP configuration information
[STDOUT  ] 2017-10-12T16:45:00.021573655Z: [    0.000000] ACPI: HPET id: 0x8086a201 base: 0xfed00000
[STDOUT  ] 2017-10-12T16:45:00.021840352Z: [    0.000000] smpboot: Allowing 1 CPUs, 0 hotplug CPUs
[STDOUT  ] 2017-10-12T16:45:00.022106741Z: [    0.000000] e820: [mem 0x40000000-0xafffffff] available for PCI devices
[STDOUT  ] 2017-10-12T16:45:00.022238668Z: [    0.000000] Booting paravirtualized kernel on bare hardware
[STDOUT  ] 2017-10-12T16:45:00.022644801Z: [    0.000000] clocksource: refined-jiffies: mask: 0xffffffff max_cycles: 0xffffffff, max_idle_ns: 19112604462750000 ns
[STDOUT  ] 2017-10-12T16:45:00.022902515Z: [    0.000000] setup_percpu: NR_CPUS:128 nr_cpumask_bits:128 nr_cpu_ids:1 nr_node_ids:1
[STDOUT  ] 2017-10-12T16:45:00.023168451Z: [    0.000000] percpu: Embedded 35 pages/cpu @ffff89e2bde00000 s105240 r8192 d29928 u2097152
[STDOUT  ] 2017-10-12T16:45:00.023422962Z: [    0.000000] Built 1 zonelists in Zone order, mobility grouping on.  Total pages: 257896
[STDOUT  ] 2017-10-12T16:45:00.023694813Z: [    0.000000] Kernel command line: console=ttyS0
[STDOUT  ] 2017-10-12T16:45:00.023817476Z: [    0.000000] PID hash table entries: 4096 (order: 3, 32768 bytes)
[STDOUT  ] 2017-10-12T16:45:00.024081938Z: [    0.000000] Dentry cache hash table entries: 131072 (order: 8, 1048576 bytes)
[STDOUT  ] 2017-10-12T16:45:00.024345555Z: [    0.000000] Inode-cache hash table entries: 65536 (order: 7, 524288 bytes)
[STDOUT  ] 2017-10-12T16:45:00.024869138Z: [    0.000000] Memory: 982804K/1048052K available (8052K kernel code, 1367K rwdata, 2704K rodata, 1380K init, 568K bss, 65248K reserved, 0K cma-reserved)
[STDOUT  ] 2017-10-12T16:45:00.025011749Z: [    0.000000] Hierarchical RCU implementation.
[STDOUT  ] 2017-10-12T16:45:00.025281079Z: [    0.000000] 	Build-time adjustment of leaf fanout to 64.
[STDOUT  ] 2017-10-12T16:45:00.025409052Z: [    0.000000] 	RCU restricting CPUs from NR_CPUS=128 to nr_cpu_ids=1.
[STDOUT  ] 2017-10-12T16:45:00.025674068Z: [    0.000000] RCU: Adjusting geometry for rcu_fanout_leaf=64, nr_cpu_ids=1
[STDOUT  ] 2017-10-12T16:45:00.025813706Z: [    0.000000] NR_IRQS:8448 nr_irqs:256 16
[STDOUT  ] 2017-10-12T16:45:00.025951744Z: [    0.000000] Console: colour VGA+ 80x25
[STDOUT  ] 2017-10-12T16:45:00.026263313Z: [    0.000000] console [ttyS0] enabled
[STDOUT  ] 2017-10-12T16:45:00.029801463Z: [    0.000000] clocksource: hpet: mask: 0xffffffff max_cycles: 0xffffffff, max_idle_ns: 19112604467 ns
[STDOUT  ] 2017-10-12T16:45:00.06680542Z: [    0.000000] tsc: Fast TSC calibration using PIT
[STDOUT  ] 2017-10-12T16:45:00.072146298Z: [    0.000000] tsc: Detected 2599.718 MHz processor
[STDOUT  ] 2017-10-12T16:45:00.075113693Z: [    0.021977] Calibrating delay loop (skipped), value calculated using timer frequency.. 5199.43 BogoMIPS (lpj=25997180)
[STDOUT  ] 2017-10-12T16:45:00.075595047Z: [    0.023011] pid_max: default: 32768 minimum: 301
[STDOUT  ] 2017-10-12T16:45:00.076835857Z: [    0.024187] ACPI: Core revision 20160831
[STDOUT  ] 2017-10-12T16:45:00.119532679Z: [    0.067698] ACPI: 1 ACPI AML tables successfully acquired and loaded
[STDOUT  ] 2017-10-12T16:45:00.124017758Z: [    0.072533] Security Framework initialized
[STDOUT  ] 2017-10-12T16:45:00.124400138Z: [    0.072986] Yama: becoming mindful.
[STDOUT  ] 2017-10-12T16:45:00.126814988Z: [    0.075164] Mount-cache hash table entries: 2048 (order: 2, 16384 bytes)
[STDOUT  ] 2017-10-12T16:45:00.127333427Z: [    0.075686] Mountpoint-cache hash table entries: 2048 (order: 2, 16384 bytes)
[STDOUT  ] 2017-10-12T16:45:00.147435793Z: [    0.095708] Last level iTLB entries: 4KB 0, 2MB 0, 4MB 0
[STDOUT  ] 2017-10-12T16:45:00.148018214Z: [    0.096207] Last level dTLB entries: 4KB 0, 2MB 0, 4MB 0, 1GB 0
[STDOUT  ] 2017-10-12T16:45:00.426791212Z: [    0.375149] Freeing SMP alternatives memory: 20K
[STDOUT  ] 2017-10-12T16:45:00.43714165Z: [    0.385393] ftrace: allocating 35582 entries in 139 pages
[STDOUT  ] 2017-10-12T16:45:00.732079404Z: [    0.549928] smpboot: Max logical packages: 1
[STDOUT  ] 2017-10-12T16:45:00.738726007Z: [    0.557049] ..TIMER: vector=0x30 apic1=0 pin1=2 apic2=-1 pin2=-1
[STDOUT  ] 2017-10-12T16:45:00.952740364Z: [    0.660000] smpboot: CPU0: AMD QEMU Virtual CPU version 2.5+ (family: 0x6, model: 0x6, stepping: 0x3)
[STDOUT  ] 2017-10-12T16:45:00.954260758Z: [    0.660000] Performance Events: PMU not available due to virtualization, using software events only.
[STDOUT  ] 2017-10-12T16:45:00.971239065Z: [    0.668955] NMI watchdog: disabled (cpu0): hardware events not enabled
[STDOUT  ] 2017-10-12T16:45:00.971889279Z: [    0.669357] NMI watchdog: Shutting down hard lockup detector on all cpus
[STDOUT  ] 2017-10-12T16:45:00.975609839Z: [    0.673358] x86: Booted up 1 node, 1 CPUs
[STDOUT  ] 2017-10-12T16:45:00.976220397Z: [    0.673801] smpboot: Total of 1 processors activated (5199.43 BogoMIPS)
[STDOUT  ] 2017-10-12T16:45:00.990785194Z: [    0.688320] devtmpfs: initialized
[STDOUT  ] 2017-10-12T16:45:00.99700727Z: [    0.694883] x86/mm: Memory block size: 128MB
[STDOUT  ] 2017-10-12T16:45:01.058369395Z: [    0.756024] clocksource: jiffies: mask: 0xffffffff max_cycles: 0xffffffff, max_idle_ns: 19112604462750000 ns
[STDOUT  ] 2017-10-12T16:45:01.059096003Z: [    0.756979] futex hash table entries: 256 (order: 2, 16384 bytes)
[STDOUT  ] 2017-10-12T16:45:01.069694674Z: [    0.767004] NET: Registered protocol family 16
[STDOUT  ] 2017-10-12T16:45:01.079040822Z: [    0.776900] cpuidle: using governor ladder
[STDOUT  ] 2017-10-12T16:45:01.079373393Z: [    0.777385] cpuidle: using governor menu
[STDOUT  ] 2017-10-12T16:45:01.080526631Z: [    0.778507] ACPI: bus type PCI registered
[STDOUT  ] 2017-10-12T16:45:01.083809221Z: [    0.781526] PCI: MMCONFIG for domain 0000 [bus 00-ff] at [mem 0xb0000000-0xbfffffff] (base 0xb0000000)
[STDOUT  ] 2017-10-12T16:45:01.087671176Z: [    0.782261] PCI: MMCONFIG at [mem 0xb0000000-0xbfffffff] reserved in E820
[STDOUT  ] 2017-10-12T16:45:01.087709913Z: [    0.783673] PCI: Using configuration type 1 for base access
[STDOUT  ] 2017-10-12T16:45:01.136320315Z: [    0.834117] HugeTLB registered 2 MB page size, pre-allocated 0 pages
[STDOUT  ] 2017-10-12T16:45:01.147487591Z: [    0.845419] ACPI: Added _OSI(Module Device)
[STDOUT  ] 2017-10-12T16:45:01.148066954Z: [    0.845767] ACPI: Added _OSI(Processor Device)
[STDOUT  ] 2017-10-12T16:45:01.148353004Z: [    0.846177] ACPI: Added _OSI(3.0 _SCP Extensions)
[STDOUT  ] 2017-10-12T16:45:01.148650047Z: [    0.846452] ACPI: Added _OSI(Processor Aggregator Device)
[STDOUT  ] 2017-10-12T16:45:01.218651313Z: [    0.916482] ACPI: Interpreter enabled
[STDOUT  ] 2017-10-12T16:45:01.219634949Z: [    0.917456] ACPI: (supports S0 S5)
[STDOUT  ] 2017-10-12T16:45:01.220041826Z: [    0.917804] ACPI: Using IOAPIC for interrupt routing
[STDOUT  ] 2017-10-12T16:45:01.223371311Z: [    0.920668] PCI: Using host bridge windows from ACPI; if necessary, use "pci=nocrs" and report a bug
[STDOUT  ] 2017-10-12T16:45:01.286652693Z: [    0.984173] ACPI: PCI Root Bridge [PCI0] (domain 0000 [bus 00-ff])
[STDOUT  ] 2017-10-12T16:45:01.287642365Z: [    0.985288] acpi PNP0A08:00: _OSC: OS supports [ExtendedConfig ASPM ClockPM Segments MSI]
[STDOUT  ] 2017-10-12T16:45:01.293895724Z: [    0.991688] acpi PNP0A08:00: _OSC: OS now controls [PCIeHotplug PME PCIeCapability]
[STDOUT  ] 2017-10-12T16:45:01.297452297Z: [    0.995380] PCI host bridge to bus 0000:00
[STDOUT  ] 2017-10-12T16:45:01.298041892Z: [    0.995872] pci_bus 0000:00: root bus resource [io  0x0000-0x0cf7 window]
[STDOUT  ] 2017-10-12T16:45:01.298564462Z: [    0.996338] pci_bus 0000:00: root bus resource [io  0x0d00-0xffff window]
[STDOUT  ] 2017-10-12T16:45:01.29901097Z: [    0.996755] pci_bus 0000:00: root bus resource [mem 0x000a0000-0x000bffff window]
[STDOUT  ] 2017-10-12T16:45:01.299446836Z: [    0.997192] pci_bus 0000:00: root bus resource [mem 0xc0000000-0xfebfffff window]
[STDOUT  ] 2017-10-12T16:45:01.29990172Z: [    0.997821] pci_bus 0000:00: root bus resource [bus 00-ff]
[STDOUT  ] 2017-10-12T16:45:01.442874268Z: [    1.140304] pci 0000:00:1f.0: quirk: [io  0x0600-0x067f] claimed by ICH6 ACPI/GPIO/TCO
[STDOUT  ] 2017-10-12T16:45:01.520051567Z: [    1.217602] ACPI: PCI Interrupt Link [LNKA] (IRQs 5 *10 11)
[STDOUT  ] 2017-10-12T16:45:01.52333474Z: [    1.220441] ACPI: PCI Interrupt Link [LNKB] (IRQs 5 *10 11)
[STDOUT  ] 2017-10-12T16:45:01.525477626Z: [    1.222596] ACPI: PCI Interrupt Link [LNKC] (IRQs 5 10 *11)
[STDOUT  ] 2017-10-12T16:45:01.527013347Z: [    1.224326] ACPI: PCI Interrupt Link [LNKD] (IRQs 5 10 *11)
[STDOUT  ] 2017-10-12T16:45:01.529069124Z: [    1.226302] ACPI: PCI Interrupt Link [LNKE] (IRQs 5 *10 11)
[STDOUT  ] 2017-10-12T16:45:01.530810986Z: [    1.227953] ACPI: PCI Interrupt Link [LNKF] (IRQs 5 *10 11)
[STDOUT  ] 2017-10-12T16:45:01.532556419Z: [    1.230305] ACPI: PCI Interrupt Link [LNKG] (IRQs 5 10 *11)
[STDOUT  ] 2017-10-12T16:45:01.534094319Z: [    1.231945] ACPI: PCI Interrupt Link [LNKH] (IRQs 5 10 *11)
[STDOUT  ] 2017-10-12T16:45:01.535021606Z: [    1.232765] ACPI: PCI Interrupt Link [GSIA] (IRQs *16)
[STDOUT  ] 2017-10-12T16:45:01.535671868Z: [    1.233446] ACPI: PCI Interrupt Link [GSIB] (IRQs *17)
[STDOUT  ] 2017-10-12T16:45:01.53634456Z: [    1.234126] ACPI: PCI Interrupt Link [GSIC] (IRQs *18)
[STDOUT  ] 2017-10-12T16:45:01.537011495Z: [    1.234783] ACPI: PCI Interrupt Link [GSID] (IRQs *19)
[STDOUT  ] 2017-10-12T16:45:01.537655372Z: [    1.235441] ACPI: PCI Interrupt Link [GSIE] (IRQs *20)
[STDOUT  ] 2017-10-12T16:45:01.538307977Z: [    1.236109] ACPI: PCI Interrupt Link [GSIF] (IRQs *21)
[STDOUT  ] 2017-10-12T16:45:01.539011972Z: [    1.236785] ACPI: PCI Interrupt Link [GSIG] (IRQs *22)
[STDOUT  ] 2017-10-12T16:45:01.539674028Z: [    1.237455] ACPI: PCI Interrupt Link [GSIH] (IRQs *23)
[STDOUT  ] 2017-10-12T16:45:01.543385668Z: [    1.241224] ACPI: Enabled 2 GPEs in block 00 to 3F
[STDOUT  ] 2017-10-12T16:45:01.547759904Z: [    1.245471] SCSI subsystem initialized
[STDOUT  ] 2017-10-12T16:45:01.549754348Z: [    1.247658] ACPI: bus type USB registered
[STDOUT  ] 2017-10-12T16:45:01.550965432Z: [    1.248805] usbcore: registered new interface driver usbfs
[STDOUT  ] 2017-10-12T16:45:01.551974005Z: [    1.249754] usbcore: registered new interface driver hub
[STDOUT  ] 2017-10-12T16:45:01.553079943Z: [    1.250560] usbcore: registered new device driver usb
[STDOUT  ] 2017-10-12T16:45:01.554154359Z: [    1.251760] pps_core: LinuxPPS API ver. 1 registered
[STDOUT  ] 2017-10-12T16:45:01.554811715Z: [    1.252060] pps_core: Software ver. 5.3.6 - Copyright 2005-2007 Rodolfo Giometti <giometti@linux.it>
[STDOUT  ] 2017-10-12T16:45:01.555129848Z: [    1.252779] PTP clock support registered
[STDOUT  ] 2017-10-12T16:45:01.556265796Z: [    1.254018] wmi: Mapper loaded
[STDOUT  ] 2017-10-12T16:45:01.557574935Z: [    1.255121] PCI: Using ACPI for IRQ routing
[STDOUT  ] 2017-10-12T16:45:01.576445081Z: [    1.274195] NetLabel: Initializing
[STDOUT  ] 2017-10-12T16:45:01.576858073Z: [    1.274511] NetLabel:  domain hash size = 128
[STDOUT  ] 2017-10-12T16:45:01.577207558Z: [    1.274975] NetLabel:  protocols = UNLABELED CIPSOv4
[STDOUT  ] 2017-10-12T16:45:01.579681083Z: [    1.277495] NetLabel:  unlabeled traffic allowed by default
[STDOUT  ] 2017-10-12T16:45:01.581029198Z: [    1.278725] HPET: 3 timers in total, 0 timers will be used for per-cpu timer
[STDOUT  ] 2017-10-12T16:45:01.582072913Z: [    1.279562] hpet0: at MMIO 0xfed00000, IRQs 2, 8, 0
[STDOUT  ] 2017-10-12T16:45:01.58250895Z: [    1.280289] hpet0: 3 comparators, 64-bit 100.000000 MHz counter
[STDOUT  ] 2017-10-12T16:45:01.588899679Z: [    1.286646] clocksource: Switched to clocksource hpet
[STDOUT  ] 2017-10-12T16:45:01.849534982Z: [    1.540905] VFS: Disk quotas dquot_6.6.0
[STDOUT  ] 2017-10-12T16:45:01.850358426Z: [    1.541705] VFS: Dquot-cache hash table entries: 512 (order 0, 4096 bytes)
[STDOUT  ] 2017-10-12T16:45:01.853831924Z: [    1.545348] FS-Cache: Loaded
[STDOUT  ] 2017-10-12T16:45:01.8594684Z: [    1.550950] CacheFiles: Loaded
[STDOUT  ] 2017-10-12T16:45:01.861637299Z: [    1.553224] pnp: PnP ACPI init
[STDOUT  ] 2017-10-12T16:45:01.873201669Z: [    1.564718] pnp: PnP ACPI: found 5 devices
[STDOUT  ] 2017-10-12T16:45:01.919991594Z: [    1.610772] clocksource: acpi_pm: mask: 0xffffff max_cycles: 0xffffff, max_idle_ns: 2085701024 ns
[STDOUT  ] 2017-10-12T16:45:01.923684413Z: [    1.615033] NET: Registered protocol family 2
[STDOUT  ] 2017-10-12T16:45:01.931511502Z: [    1.623008] TCP established hash table entries: 8192 (order: 4, 65536 bytes)
[STDOUT  ] 2017-10-12T16:45:01.932325929Z: [    1.623584] TCP bind hash table entries: 8192 (order: 5, 131072 bytes)
[STDOUT  ] 2017-10-12T16:45:01.933008768Z: [    1.624438] TCP: Hash tables configured (established 8192 bind 8192)
[STDOUT  ] 2017-10-12T16:45:01.934935116Z: [    1.626386] UDP hash table entries: 512 (order: 2, 16384 bytes)
[STDOUT  ] 2017-10-12T16:45:01.935692451Z: [    1.626964] UDP-Lite hash table entries: 512 (order: 2, 16384 bytes)
[STDOUT  ] 2017-10-12T16:45:01.937938964Z: [    1.629349] NET: Registered protocol family 1
[STDOUT  ] 2017-10-12T16:45:01.939389547Z: [    1.630702] pci 0000:00:01.0: Video device with shadowed ROM at [mem 0x000c0000-0x000dffff]
[STDOUT  ] 2017-10-12T16:45:01.946337237Z: [    1.637808] Unpacking initramfs...
[STDOUT  ] 2017-10-12T16:45:06.353241528Z: [    6.044718] Freeing initrd memory: 31368K
[STDOUT  ] 2017-10-12T16:45:06.376496887Z: [    6.067838] PCLMULQDQ-NI instructions are not detected.
[STDOUT  ] 2017-10-12T16:45:06.377860705Z: [    6.069277] AVX or AES-NI instructions are not detected.
[STDOUT  ] 2017-10-12T16:45:06.378495973Z: [    6.069770] CPU feature 'AVX registers' is not supported.
[STDOUT  ] 2017-10-12T16:45:06.379292659Z: [    6.070600] CPU feature 'AVX registers' is not supported.
[STDOUT  ] 2017-10-12T16:45:06.37961956Z: [    6.071065] CPU feature 'AVX registers' is not supported.
[STDOUT  ] 2017-10-12T16:45:06.380064865Z: [    6.071465] CPU feature 'AVX registers' is not supported.
[STDOUT  ] 2017-10-12T16:45:06.380547368Z: [    6.071850] AVX2 or AES-NI instructions are not detected.
[STDOUT  ] 2017-10-12T16:45:06.380823567Z: [    6.072303] AVX2 instructions are not detected.
[STDOUT  ] 2017-10-12T16:45:06.386212045Z: [    6.077566] audit: initializing netlink subsys (disabled)
[STDOUT  ] 2017-10-12T16:45:06.38774692Z: [    6.079192] audit: type=2000 audit(1507826705.070:1): initialized
[STDOUT  ] 2017-10-12T16:45:06.395564359Z: [    6.086972] workingset: timestamp_bits=46 max_order=18 bucket_order=0
[STDOUT  ] 2017-10-12T16:45:06.400790976Z: [    6.092143] squashfs: version 4.0 (2009/01/31) Phillip Lougher
[STDOUT  ] 2017-10-12T16:45:06.403073634Z: [    6.094478] FS-Cache: Netfs 'cifs' registered for caching
[STDOUT  ] 2017-10-12T16:45:06.403901299Z: [    6.095339] fuse init (API version 7.26)
[STDOUT  ] 2017-10-12T16:45:06.406047185Z: [    6.097484] SGI XFS with ACLs, security attributes, no debug enabled
[STDOUT  ] 2017-10-12T16:45:06.413076191Z: [    6.104425] 9p: Installing v9fs 9p2000 file system support
[STDOUT  ] 2017-10-12T16:45:06.413454237Z: [    6.104966] FS-Cache: Netfs '9p' registered for caching
[STDOUT  ] 2017-10-12T16:45:06.442620861Z: [    6.134017] NET: Registered protocol family 38
[STDOUT  ] 2017-10-12T16:45:06.443308625Z: [    6.134666] Key type asymmetric registered
[STDOUT  ] 2017-10-12T16:45:06.443623319Z: [    6.135048] Asymmetric key parser 'x509' registered
[STDOUT  ] 2017-10-12T16:45:06.44475249Z: [    6.136024] Block layer SCSI generic (bsg) driver version 0.4 loaded (major 251)
[STDOUT  ] 2017-10-12T16:45:06.446268754Z: [    6.137735] io scheduler noop registered
[STDOUT  ] 2017-10-12T16:45:06.446730117Z: [    6.138144] io scheduler deadline registered (default)
[STDOUT  ] 2017-10-12T16:45:06.447490295Z: [    6.138953] io scheduler cfq registered
[STDOUT  ] 2017-10-12T16:45:06.45119661Z: [    6.142640] pci_hotplug: PCI Hot Plug PCI Core version: 0.5
[STDOUT  ] 2017-10-12T16:45:06.451989501Z: [    6.143276] pciehp: PCI Express Hot Plug Controller Driver version: 0.4
[STDOUT  ] 2017-10-12T16:45:06.452817194Z: [    6.144143] shpchp: Standard Hot Plug PCI Controller Driver version: 0.4
[STDOUT  ] 2017-10-12T16:45:06.453586228Z: [    6.145044] hv_vmbus: registering driver hyperv_fb
[STDOUT  ] 2017-10-12T16:45:06.458276369Z: [    6.148102] input: Power Button as /devices/LNXSYSTM:00/LNXPWRBN:00/input/input0
[STDOUT  ] 2017-10-12T16:45:06.460518955Z: [    6.151962] ACPI: Power Button [PWRF]
[STDOUT  ] 2017-10-12T16:45:06.466009774Z: [    6.157563] GHES: HEST is not enabled!
[STDOUT  ] 2017-10-12T16:45:06.477929323Z: [    6.169377] ACPI: PCI Interrupt Link [GSIG] enabled at IRQ 22
[STDOUT  ] 2017-10-12T16:45:06.491238482Z: [    6.182472] ACPI: PCI Interrupt Link [GSIH] enabled at IRQ 23
[STDOUT  ] 2017-10-12T16:45:06.497110855Z: [    6.188441] xenfs: not registering filesystem on non-xen platform
[STDOUT  ] 2017-10-12T16:45:06.499467012Z: [    6.190915] Serial: 8250/16550 driver, 4 ports, IRQ sharing disabled
[STDOUT  ] 2017-10-12T16:45:06.524192713Z: [    6.215339] 00:04: ttyS0 at I/O 0x3f8 (irq = 4, base_baud = 115200) is a 16550A
[STDOUT  ] 2017-10-12T16:45:06.535830172Z: [    6.227192] Non-volatile memory driver v1.3
[STDOUT  ] 2017-10-12T16:45:06.542425789Z: [    6.233665] Hangcheck: starting hangcheck timer 0.9.1 (tick is 180 seconds, margin is 60 seconds).
[STDOUT  ] 2017-10-12T16:45:06.577980095Z: [    6.269477] loop: module loaded
[STDOUT  ] 2017-10-12T16:45:06.591835746Z: [    6.283318] nbd: registered device at major 43
[STDOUT  ] 2017-10-12T16:45:06.631174199Z: [    6.322392] lpc_ich 0000:00:1f.0: I/O space for GPIO uninitialized
[STDOUT  ] 2017-10-12T16:45:06.633128618Z: [    6.324555] VMware PVSCSI driver - version 1.0.7.0-k
[STDOUT  ] 2017-10-12T16:45:06.633944818Z: [    6.325430] hv_vmbus: registering driver hv_storvsc
[STDOUT  ] 2017-10-12T16:45:06.644281209Z: [    6.335605] ACPI: PCI Interrupt Link [GSIA] enabled at IRQ 16
[STDOUT  ] 2017-10-12T16:45:06.652270883Z: [    6.343515] ahci 0000:00:1f.2: AHCI 0001.0000 32 slots 6 ports 1.5 Gbps 0x3f impl SATA mode
[STDOUT  ] 2017-10-12T16:45:06.65273698Z: [    6.344240] ahci 0000:00:1f.2: flags: 64bit ncq only 
[STDOUT  ] 2017-10-12T16:45:06.67233689Z: [    6.363777] scsi host0: ahci
[STDOUT  ] 2017-10-12T16:45:06.677012631Z: [    6.368554] scsi host1: ahci
[STDOUT  ] 2017-10-12T16:45:06.679432474Z: [    6.371010] scsi host2: ahci
[STDOUT  ] 2017-10-12T16:45:06.68159646Z: [    6.373078] scsi host3: ahci
[STDOUT  ] 2017-10-12T16:45:06.683724254Z: [    6.375281] scsi host4: ahci
[STDOUT  ] 2017-10-12T16:45:06.685786909Z: [    6.377312] scsi host5: ahci
[STDOUT  ] 2017-10-12T16:45:06.687824275Z: [    6.379120] ata1: SATA max UDMA/133 abar m4096@0xfebd2000 port 0xfebd2100 irq 24
[STDOUT  ] 2017-10-12T16:45:06.688342032Z: [    6.379657] ata2: SATA max UDMA/133 abar m4096@0xfebd2000 port 0xfebd2180 irq 24
[STDOUT  ] 2017-10-12T16:45:06.68909148Z: [    6.380375] ata3: SATA max UDMA/133 abar m4096@0xfebd2000 port 0xfebd2200 irq 24
[STDOUT  ] 2017-10-12T16:45:06.689499852Z: [    6.380818] ata4: SATA max UDMA/133 abar m4096@0xfebd2000 port 0xfebd2280 irq 24
[STDOUT  ] 2017-10-12T16:45:06.689923308Z: [    6.381272] ata5: SATA max UDMA/133 abar m4096@0xfebd2000 port 0xfebd2300 irq 24
[STDOUT  ] 2017-10-12T16:45:06.690333639Z: [    6.381682] ata6: SATA max UDMA/133 abar m4096@0xfebd2000 port 0xfebd2380 irq 24
[STDOUT  ] 2017-10-12T16:45:06.70292582Z: [    6.394292] tun: Universal TUN/TAP device driver, 1.6
[STDOUT  ] 2017-10-12T16:45:06.70351249Z: [    6.394840] tun: (C) 1999-2004 Max Krasnyansky <maxk@qualcomm.com>
[STDOUT  ] 2017-10-12T16:45:06.714141427Z: [    6.405263] VMware vmxnet3 virtual NIC driver - version 1.4.a.0-k-NAPI
[STDOUT  ] 2017-10-12T16:45:06.714758271Z: [    6.406231] hv_vmbus: registering driver hv_netvsc
[STDOUT  ] 2017-10-12T16:45:06.715083976Z: [    6.406558] Fusion MPT base driver 3.04.20
[STDOUT  ] 2017-10-12T16:45:06.715426333Z: [    6.406830] Copyright (c) 1999-2008 LSI Corporation
[STDOUT  ] 2017-10-12T16:45:06.715970644Z: [    6.407474] Fusion MPT SPI Host driver 3.04.20
[STDOUT  ] 2017-10-12T16:45:06.718186851Z: [    6.409522] i8042: PNP: PS/2 Controller [PNP0303:KBD,PNP0f13:MOU] at 0x60,0x64 irq 1,12
[STDOUT  ] 2017-10-12T16:45:06.722844977Z: [    6.414238] serio: i8042 KBD port at 0x60,0x64 irq 1
[STDOUT  ] 2017-10-12T16:45:06.723385545Z: [    6.414889] serio: i8042 AUX port at 0x60,0x64 irq 12
[STDOUT  ] 2017-10-12T16:45:06.72630995Z: [    6.417811] hv_vmbus: registering driver hyperv_keyboard
[STDOUT  ] 2017-10-12T16:45:06.728712111Z: [    6.419898] mousedev: PS/2 mouse device common for all mice
[STDOUT  ] 2017-10-12T16:45:06.733585342Z: [    6.424892] input: AT Translated Set 2 keyboard as /devices/platform/i8042/serio0/input/input1
[STDOUT  ] 2017-10-12T16:45:06.736211998Z: [    6.427534] input: PC Speaker as /devices/platform/pcspkr/input/input2
[STDOUT  ] 2017-10-12T16:45:06.739825408Z: [    6.431242] rtc_cmos 00:00: RTC can wake from S4
[STDOUT  ] 2017-10-12T16:45:06.74309556Z: [    6.434469] rtc_cmos 00:00: rtc core: registered rtc_cmos as rtc0
[STDOUT  ] 2017-10-12T16:45:06.744375262Z: [    6.435713] rtc_cmos 00:00: alarms up to one day, y3k, 114 bytes nvram, hpet irqs
[STDOUT  ] 2017-10-12T16:45:06.744947322Z: [    6.436441] i2c /dev entries driver
[STDOUT  ] 2017-10-12T16:45:06.746922153Z: [    6.438220] device-mapper: ioctl: 4.35.0-ioctl (2016-06-23) initialised: dm-devel@redhat.com
[STDOUT  ] 2017-10-12T16:45:06.751480955Z: [    6.442860] usbcore: registered new interface driver usbhid
[STDOUT  ] 2017-10-12T16:45:06.751775807Z: [    6.443263] usbhid: USB HID core driver
[STDOUT  ] 2017-10-12T16:45:06.752406865Z: [    6.443852] hv_utils: Registering HyperV Utility Driver
[STDOUT  ] 2017-10-12T16:45:06.752680668Z: [    6.444112] hv_vmbus: registering driver hv_util
[STDOUT  ] 2017-10-12T16:45:06.752943472Z: [    6.444432] hv_vmbus: registering driver hv_balloon
[STDOUT  ] 2017-10-12T16:45:06.753473647Z: [    6.444970] oprofile: using NMI interrupt.
[STDOUT  ] 2017-10-12T16:45:06.754512669Z: [    6.446075] GACT probability on
[STDOUT  ] 2017-10-12T16:45:06.75508664Z: [    6.446541] Mirror/redirect action on
[STDOUT  ] 2017-10-12T16:45:06.755894435Z: [    6.447412] Simple TC action Loaded
[STDOUT  ] 2017-10-12T16:45:06.756371814Z: [    6.448004] u32 classifier
[STDOUT  ] 2017-10-12T16:45:06.756657021Z: [    6.448178]     Performance counters on
[STDOUT  ] 2017-10-12T16:45:06.756936241Z: [    6.448429]     input device check on
[STDOUT  ] 2017-10-12T16:45:06.757072846Z: [    6.448669]     Actions configured
[STDOUT  ] 2017-10-12T16:45:06.757780464Z: [    6.449251] Netfilter messages via NETLINK v0.30.
[STDOUT  ] 2017-10-12T16:45:06.758211145Z: [    6.449799] nfnl_acct: registering with nfnetlink.
[STDOUT  ] 2017-10-12T16:45:06.760302825Z: [    6.451530] nf_conntrack version 0.5.0 (8192 buckets, 32768 max)
[STDOUT  ] 2017-10-12T16:45:06.763179848Z: [    6.454582] ctnetlink v0.93: registering with nfnetlink.
[STDOUT  ] 2017-10-12T16:45:06.766242759Z: [    6.457670] nf_tables: (c) 2007-2009 Patrick McHardy <kaber@trash.net>
[STDOUT  ] 2017-10-12T16:45:06.767172267Z: [    6.458502] nf_tables_compat: (c) 2012 Pablo Neira Ayuso <pablo@netfilter.org>
[STDOUT  ] 2017-10-12T16:45:06.769751068Z: [    6.461185] xt_time: kernel timezone is -0000
[STDOUT  ] 2017-10-12T16:45:06.770264929Z: [    6.461744] ip_set: protocol 6
[STDOUT  ] 2017-10-12T16:45:06.770935678Z: [    6.462423] IPVS: Registered protocols (TCP, UDP, SCTP, AH, ESP)
[STDOUT  ] 2017-10-12T16:45:06.771670259Z: [    6.463000] IPVS: Connection hash table configured (size=4096, memory=64Kbytes)
[STDOUT  ] 2017-10-12T16:45:06.773191535Z: [    6.464657] IPVS: Creating netns size=2104 id=0
[STDOUT  ] 2017-10-12T16:45:06.775652207Z: [    6.467245] IPVS: ipvs loaded.
[STDOUT  ] 2017-10-12T16:45:06.776126524Z: [    6.467587] IPVS: [rr] scheduler registered.
[STDOUT  ] 2017-10-12T16:45:06.776437246Z: [    6.467900] IPVS: [wrr] scheduler registered.
[STDOUT  ] 2017-10-12T16:45:06.776715961Z: [    6.468179] IPVS: [lc] scheduler registered.
[STDOUT  ] 2017-10-12T16:45:06.776996385Z: [    6.468436] IPVS: [wlc] scheduler registered.
[STDOUT  ] 2017-10-12T16:45:06.77713896Z: [    6.468703] IPVS: [fo] scheduler registered.
[STDOUT  ] 2017-10-12T16:45:06.777404142Z: [    6.468953] IPVS: [ovf] scheduler registered.
[STDOUT  ] 2017-10-12T16:45:06.777914742Z: [    6.469389] IPVS: [lblc] scheduler registered.
[STDOUT  ] 2017-10-12T16:45:06.778341326Z: [    6.469788] IPVS: [lblcr] scheduler registered.
[STDOUT  ] 2017-10-12T16:45:06.779178437Z: [    6.470641] IPVS: [dh] scheduler registered.
[STDOUT  ] 2017-10-12T16:45:06.779453228Z: [    6.470916] IPVS: [sh] scheduler registered.
[STDOUT  ] 2017-10-12T16:45:06.779729335Z: [    6.471212] IPVS: [sed] scheduler registered.
[STDOUT  ] 2017-10-12T16:45:06.779954658Z: [    6.471483] IPVS: [nq] scheduler registered.
[STDOUT  ] 2017-10-12T16:45:06.780694213Z: [    6.472188] IPVS: ftp: loaded support on port[0] = 21
[STDOUT  ] 2017-10-12T16:45:06.781536955Z: [    6.473036] ipip: IPv4 and MPLS over IPv4 tunneling driver
[STDOUT  ] 2017-10-12T16:45:06.785697891Z: [    6.477065] gre: GRE over IPv4 demultiplexor driver
[STDOUT  ] 2017-10-12T16:45:06.78844089Z: [    6.479842] ip_tables: (C) 2000-2006 Netfilter Core Team
[STDOUT  ] 2017-10-12T16:45:06.792275523Z: [    6.483590] ipt_CLUSTERIP: ClusterIP Version 0.8 loaded successfully
[STDOUT  ] 2017-10-12T16:45:06.792940451Z: [    6.484395] arp_tables: arp_tables: (C) 2002 David S. Miller
[STDOUT  ] 2017-10-12T16:45:06.795276959Z: [    6.486664] NET: Registered protocol family 10
[STDOUT  ] 2017-10-12T16:45:06.804571623Z: [    6.496047] ip6_tables: (C) 2000-2006 Netfilter Core Team
[STDOUT  ] 2017-10-12T16:45:06.812786916Z: [    6.504247] NET: Registered protocol family 17
[STDOUT  ] 2017-10-12T16:45:06.813712662Z: [    6.505306] Bridge firewalling registered
[STDOUT  ] 2017-10-12T16:45:06.814205804Z: [    6.505786] Ebtables v2.0 registered
[STDOUT  ] 2017-10-12T16:45:06.816198444Z: [    6.507621] 8021q: 802.1Q VLAN Support v1.8
[STDOUT  ] 2017-10-12T16:45:06.817664805Z: [    6.509090] 9pnet: Installing 9P2000 support
[STDOUT  ] 2017-10-12T16:45:06.819711369Z: [    6.511103] Key type dns_resolver registered
[STDOUT  ] 2017-10-12T16:45:06.820596911Z: [    6.512079] microcode: AMD CPU family 0x6 not supported
[STDOUT  ] 2017-10-12T16:45:06.824089846Z: [    6.515563] registered taskstats version 1
[STDOUT  ] 2017-10-12T16:45:06.997396994Z: [    6.688663] Key type big_key registered
[STDOUT  ] 2017-10-12T16:45:07.02018366Z: [    6.711576] ata2: SATA link down (SStatus 0 SControl 300)
[STDOUT  ] 2017-10-12T16:45:07.023193344Z: [    6.714584] ata1: SATA link up 1.5 Gbps (SStatus 113 SControl 300)
[STDOUT  ] 2017-10-12T16:45:07.027711728Z: [    6.718889] ata1.00: ATA-7: QEMU HARDDISK, 2.5+, max UDMA/100
[STDOUT  ] 2017-10-12T16:45:07.028176163Z: [    6.719552] ata1.00: 524288 sectors, multi 16: LBA48 NCQ (depth 31/32)
[STDOUT  ] 2017-10-12T16:45:07.02904114Z: [    6.720469] ata1.00: applying bridge limits
[STDOUT  ] 2017-10-12T16:45:07.030422327Z: [    6.721894] ata6: SATA link down (SStatus 0 SControl 300)
[STDOUT  ] 2017-10-12T16:45:07.031206361Z: [    6.722656] ata5: SATA link down (SStatus 0 SControl 300)
[STDOUT  ] 2017-10-12T16:45:07.031640287Z: [    6.723135] ata4: SATA link down (SStatus 0 SControl 300)
[STDOUT  ] 2017-10-12T16:45:07.032117914Z: [    6.723617] ata3: SATA link up 1.5 Gbps (SStatus 113 SControl 300)
[STDOUT  ] 2017-10-12T16:45:07.032871406Z: [    6.724371] ata3.00: ATAPI: QEMU DVD-ROM, 2.5+, max UDMA/100
[STDOUT  ] 2017-10-12T16:45:07.033273521Z: [    6.724770] ata3.00: applying bridge limits
[STDOUT  ] 2017-10-12T16:45:07.03422275Z: [    6.725749] ata3.00: configured for UDMA/100
[STDOUT  ] 2017-10-12T16:45:07.045829955Z: [    6.737141] ata1.00: configured for UDMA/100
[STDOUT  ] 2017-10-12T16:45:07.071156359Z: [    6.762213] scsi 0:0:0:0: Direct-Access     ATA      QEMU HARDDISK    2.5+ PQ: 0 ANSI: 5
[STDOUT  ] 2017-10-12T16:45:07.089946714Z: [    6.781246] sd 0:0:0:0: Attached scsi generic sg0 type 0
[STDOUT  ] 2017-10-12T16:45:07.094762964Z: [    6.786039] sd 0:0:0:0: [sda] 524288 512-byte logical blocks: (268 MB/256 MiB)
[STDOUT  ] 2017-10-12T16:45:07.101282678Z: [    6.792434] scsi 2:0:0:0: CD-ROM            QEMU     QEMU DVD-ROM     2.5+ PQ: 0 ANSI: 5
[STDOUT  ] 2017-10-12T16:45:07.105043067Z: [    6.796492] sd 0:0:0:0: [sda] Write Protect is off
[STDOUT  ] 2017-10-12T16:45:07.106413222Z: [    6.797660] sd 0:0:0:0: [sda] Write cache: enabled, read cache: enabled, doesn't support DPO or FUA
[STDOUT  ] 2017-10-12T16:45:07.121161852Z: [    6.812619] sr 2:0:0:0: [sr0] scsi3-mmc drive: 4x/4x cd/rw xa/form2 tray
[STDOUT  ] 2017-10-12T16:45:07.121733974Z: [    6.813054] cdrom: Uniform CD-ROM driver Revision: 3.20
[STDOUT  ] 2017-10-12T16:45:07.132808322Z: [    6.824204] sr 2:0:0:0: Attached scsi generic sg1 type 5
[STDOUT  ] 2017-10-12T16:45:07.154407013Z: [    6.845733] sd 0:0:0:0: [sda] Attached SCSI disk
[STDOUT  ] 2017-10-12T16:45:07.196912489Z: [    6.888379] Key type encrypted registered
[STDOUT  ] 2017-10-12T16:45:07.2032972Z: [    6.894425] rtc_cmos 00:00: setting system clock to 2017-10-12 16:45:06 UTC (1507826706)
[STDOUT  ] 2017-10-12T16:45:07.346468932Z: [    7.037901] Freeing unused kernel memory: 1380K
[STDOUT  ] 2017-10-12T16:45:07.34697124Z: [    7.038325] Write protecting the kernel read-only data: 12288k
[STDOUT  ] 2017-10-12T16:45:07.35404976Z: [    7.045463] Freeing unused kernel memory: 124K
[STDOUT  ] 2017-10-12T16:45:07.442196944Z: [    7.133474] Freeing unused kernel memory: 1392K
[STDOUT  ] 2017-10-12T16:45:07.443038453Z: [    7.134319] tsc: Refined TSC clocksource calibration: 2599.721 MHz
[STDOUT  ] 2017-10-12T16:45:07.443826257Z: [    7.134873] clocksource: tsc: mask: 0xffffffffffffffff max_cycles: 0x25793486b45, max_idle_ns: 440795268500 ns
[STDOUT  ] 2017-10-12T16:45:08.459501308Z: [    8.150947] clocksource: Switched to clocksource tsc
[STDOUT  ] 2017-10-12T16:45:16.253657644Z: 
[STDOUT  ] 2017-10-12T16:45:16.254308435Z: Welcome to LinuxKit
[STDOUT  ] 2017-10-12T16:45:16.254356104Z: 
[STDOUT  ] 2017-10-12T16:45:16.254638175Z:                         ##         .
[STDOUT  ] 2017-10-12T16:45:16.254957873Z:                   ## ## ##        ==
[STDOUT  ] 2017-10-12T16:45:16.255276772Z:                ## ## ## ## ##    ===
[STDOUT  ] 2017-10-12T16:45:16.255600143Z:            /"""""""""""""""""\___/ ===
[STDOUT  ] 2017-10-12T16:45:16.256071557Z:           {                       /  ===-
[STDOUT  ] 2017-10-12T16:45:16.256404799Z:            \______ O           __/
[STDOUT  ] 2017-10-12T16:45:16.256556314Z:              \    \         __/
[STDOUT  ] 2017-10-12T16:45:16.256866429Z:               \____\_______/
[STDOUT  ] 2017-10-12T16:45:16.257053883Z: 
[STDOUT  ] 2017-10-12T16:45:16.844941531Z: [   16.536279] IPVS: Creating netns size=2104 id=1
[STDOUT  ] 2017-10-12T16:45:16.845505443Z: [   16.536899] IPVS: ftp: loaded support on port[0] = 21
[STDOUT  ] 2017-10-12T16:45:18.222080203Z: 2017/10/12 16:45:17 Creating partition on /dev/sda
[STDOUT  ] 2017-10-12T16:45:18.268429095Z: [   17.959765] random: fast init done
[STDOUT  ] 2017-10-12T16:45:18.314836455Z: [   18.006348]  sda:
[STDOUT  ] 2017-10-12T16:45:18.381354813Z: [   18.072702]  sda:
[STDOUT  ] 2017-10-12T16:45:18.411440312Z: [   18.102789]  sda: sda1
[STDOUT  ] 2017-10-12T16:45:18.47971028Z: [   18.171135]  sda: sda1
[STDOUT  ] 2017-10-12T16:45:20.040679081Z: [   19.732107] mkfs.xfs: sending ioctl 1261 to a partition!
[STDOUT  ] 2017-10-12T16:45:20.049877019Z: 2017/10/12 16:45:18 Partition /dev/sda1 successfully created!
[STDOUT  ] 2017-10-12T16:45:20.567518544Z: [   20.258942] IPVS: Creating netns size=2104 id=2
[STDOUT  ] 2017-10-12T16:45:20.567717267Z: [   20.259271] IPVS: ftp: loaded support on port[0] = 21
[STDOUT  ] 2017-10-12T16:45:22.284561389Z: [   21.975907] FAT-fs (sda1): utf8 is not a recommended IO charset for FAT filesystems, filesystem will be case sensitive!
[STDOUT  ] 2017-10-12T16:45:22.290204363Z: [   21.981672] FAT-fs (sda1): utf8 is not a recommended IO charset for FAT filesystems, filesystem will be case sensitive!
[STDOUT  ] 2017-10-12T16:45:22.295397131Z: [   21.986428] mount: sending ioctl 5310 to a partition!
[STDOUT  ] 2017-10-12T16:45:22.32949226Z: [   22.020960] mount: sending ioctl 5310 to a partition!
[STDOUT  ] 2017-10-12T16:45:22.331204804Z: [   22.022638] UDF-fs: warning (device sda1): udf_fill_super: No partition found (2)
[STDOUT  ] 2017-10-12T16:45:22.34708627Z: [   22.038628] XFS (sda1): Mounting V5 Filesystem
[STDOUT  ] 2017-10-12T16:45:22.374727363Z: [   22.066188] XFS (sda1): Ending clean mount
[STDOUT  ] 2017-10-12T16:45:35.872353591Z: [   35.563766] sd 0:0:0:0: [sda] Synchronizing SCSI cache
[STDOUT  ] 2017-10-12T16:45:35.873428626Z: [   35.564858] sd 0:0:0:0: [sda] Stopping disk
[STDOUT  ] 2017-10-12T16:45:35.877055474Z: [   35.568508] ACPI: Preparing to enter system sleep state S5
[STDOUT  ] 2017-10-12T16:45:35.878133803Z: [   35.569738] reboot: Power down
[STDERR  ] 2017-10-12T16:45:36.250874395Z: + [ -f disk.img ]
[STDERR  ] 2017-10-12T16:45:36.250929303Z: + dd if=/dev/zero bs=1048576 count=256
[STDERR  ] 2017-10-12T16:45:36.450499863Z: 256+0 records in
[STDERR  ] 2017-10-12T16:45:36.450549176Z: 256+0 records out
[STDERR  ] 2017-10-12T16:45:36.450560306Z: 268435456 bytes (268 MB) copied, 0.198764 s, 1.4 GB/s
[STDERR  ] 2017-10-12T16:45:36.45084518Z: + moby build -format kernel+initrd -name extend-xfs test.yml
[STDERR  ] 2017-10-12T16:45:36.480417073Z: Extract kernel image: linuxkit/kernel:4.9.53
[STDERR  ] 2017-10-12T16:45:37.673912045Z: time="2017-10-12T16:45:37Z" level=warning msg="certificate with CN Moby CI is near expiry" 
[STDERR  ] 2017-10-12T16:45:37.674024953Z: time="2017-10-12T16:45:37Z" level=warning msg="certificate with CN Rolf Neugebauer is near expiry" 
[STDERR  ] 2017-10-12T16:45:37.695196575Z: time="2017-10-12T16:45:37Z" level=warning msg="certificate with CN Rolf Neugebauer is near expiry" 
[STDERR  ] 2017-10-12T16:45:38.386832461Z: Add init containers:
[STDERR  ] 2017-10-12T16:45:39.451179571Z: time="2017-10-12T16:45:39Z" level=warning msg="certificate with CN Moby CI is near expiry" 
[STDERR  ] 2017-10-12T16:45:39.451361787Z: time="2017-10-12T16:45:39Z" level=warning msg="certificate with CN Rolf Neugebauer is near expiry" 
[STDERR  ] 2017-10-12T16:45:39.45538921Z: time="2017-10-12T16:45:39Z" level=warning msg="certificate with CN Rolf Neugebauer is near expiry" 
[STDERR  ] 2017-10-12T16:45:40.703556615Z: time="2017-10-12T16:45:40Z" level=warning msg="certificate with CN Moby CI is near expiry" 
[STDERR  ] 2017-10-12T16:45:40.703736929Z: time="2017-10-12T16:45:40Z" level=warning msg="certificate with CN Rolf Neugebauer is near expiry" 
[STDERR  ] 2017-10-12T16:45:40.706879399Z: time="2017-10-12T16:45:40Z" level=warning msg="certificate with CN Rolf Neugebauer is near expiry" 
[STDERR  ] 2017-10-12T16:45:40.910336679Z: Add onboot containers:
[STDERR  ] 2017-10-12T16:45:40.910391663Z:   Create OCI config for linuxkit/extend:84839cd2c713b7479ce8c7b076b748336c5a94dd
[STDERR  ] 2017-10-12T16:45:42.06517759Z: time="2017-10-12T16:45:42Z" level=warning msg="certificate with CN Rolf Neugebauer is near expiry" 
[STDERR  ] 2017-10-12T16:45:42.065321238Z: time="2017-10-12T16:45:42Z" level=warning msg="certificate with CN Moby CI is near expiry" 
[STDERR  ] 2017-10-12T16:45:42.067079937Z: time="2017-10-12T16:45:42Z" level=warning msg="certificate with CN Rolf Neugebauer is near expiry" 
[STDERR  ] 2017-10-12T16:45:42.379105047Z:   Create OCI config for linuxkit/mount:80c6aeef04260eaa7c74a93594ea7c5a4ab2808e
[STDERR  ] 2017-10-12T16:45:43.504192433Z: time="2017-10-12T16:45:43Z" level=warning msg="certificate with CN Moby CI is near expiry" 
[STDERR  ] 2017-10-12T16:45:43.504404795Z: time="2017-10-12T16:45:43Z" level=warning msg="certificate with CN Rolf Neugebauer is near expiry" 
[STDERR  ] 2017-10-12T16:45:43.506367014Z: time="2017-10-12T16:45:43Z" level=warning msg="certificate with CN Rolf Neugebauer is near expiry" 
[STDERR  ] 2017-10-12T16:45:43.691144898Z:   Create OCI config for alpine:3.6
[STDERR  ] 2017-10-12T16:45:44.980728477Z:   Create OCI config for linuxkit/poweroff:ffd3f539a6f4e67d4cd4ff36503636de35edd7b2
[STDERR  ] 2017-10-12T16:45:46.165612907Z: time="2017-10-12T16:45:46Z" level=warning msg="certificate with CN Moby CI is near expiry" 
[STDERR  ] 2017-10-12T16:45:46.165830443Z: time="2017-10-12T16:45:46Z" level=warning msg="certificate with CN Rolf Neugebauer is near expiry" 
[STDERR  ] 2017-10-12T16:45:46.167212028Z: time="2017-10-12T16:45:46Z" level=warning msg="certificate with CN Rolf Neugebauer is near expiry" 
[STDERR  ] 2017-10-12T16:45:46.33120154Z: Add files:
[STDERR  ] 2017-10-12T16:45:46.331249759Z:   check.sh
[STDERR  ] 2017-10-12T16:45:46.34089897Z: Create outputs:
[STDERR  ] 2017-10-12T16:45:51.908078016Z:   extend-xfs-kernel extend-xfs-initrd.img extend-xfs-cmdline
[STDERR  ] 2017-10-12T16:45:51.995969424Z: + linuxkit run -disk file=disk.img extend-xfs
[STDERR  ] 2017-10-12T16:45:52.018471295Z: Unable to find qemu-system-x86_64 within the $PATH. Using a container
[STDERR  ] 2017-10-12T16:45:52.018523557Z: Using existing disk [disk.img] format 
[STDERR  ] 2017-10-12T16:45:52.585215217Z: WARNING: Image format was not specified for 'disk.img' and probing guessed raw.
[STDERR  ] 2017-10-12T16:45:52.585265268Z:          Automatically detecting the format is dangerous for raw images, write operations on block 0 will be restricted.
[STDERR  ] 2017-10-12T16:45:52.58529172Z:          Specify the 'raw' format explicitly to remove the restrictions.
[STDERR  ] 2017-10-12T16:46:02.938004564Z: main-loop: WARNING: I/O thread spun for 1000 iterations
[STDERR  ] 2017-10-12T16:46:35.586346306Z: + RESULT=[    0.000000] Linux version 4.9.53-linuxkit (root@78cdab8b710d) (gcc version 6.3.0 (Alpine 6.3.0) ) #1 SMP Thu Oct 5 11:28:51 UTC 2017
[STDERR  ] 2017-10-12T16:46:35.586404441Z: [    0.000000] Command line: console=ttyS0
[STDERR  ] 2017-10-12T16:46:35.586425993Z: [    0.000000] x86/fpu: Legacy x87 FPU detected.
[STDERR  ] 2017-10-12T16:46:35.586436277Z: [    0.000000] x86/fpu: Using 'eager' FPU context switches.
[STDERR  ] 2017-10-12T16:46:35.586452408Z: [    0.000000] e820: BIOS-provided physical RAM map:
[STDERR  ] 2017-10-12T16:46:35.586462649Z: [    0.000000] BIOS-e820: [mem 0x0000000000000000-0x000000000009fbff] usable
[STDERR  ] 2017-10-12T16:46:35.586472956Z: [    0.000000] BIOS-e820: [mem 0x000000000009fc00-0x000000000009ffff] reserved
[STDERR  ] 2017-10-12T16:46:35.586481796Z: [    0.000000] BIOS-e820: [mem 0x00000000000f0000-0x00000000000fffff] reserved
[STDERR  ] 2017-10-12T16:46:35.586490663Z: [    0.000000] BIOS-e820: [mem 0x0000000000100000-0x000000003ffdefff] usable
[STDERR  ] 2017-10-12T16:46:35.586499523Z: [    0.000000] BIOS-e820: [mem 0x000000003ffdf000-0x000000003fffffff] reserved
[STDERR  ] 2017-10-12T16:46:35.586518991Z: [    0.000000] BIOS-e820: [mem 0x00000000b0000000-0x00000000bfffffff] reserved
[STDERR  ] 2017-10-12T16:46:35.586527625Z: [    0.000000] BIOS-e820: [mem 0x00000000fed1c000-0x00000000fed1ffff] reserved
[STDERR  ] 2017-10-12T16:46:35.586536095Z: [    0.000000] BIOS-e820: [mem 0x00000000fffc0000-0x00000000ffffffff] reserved
[STDERR  ] 2017-10-12T16:46:35.586545378Z: [    0.000000] NX (Execute Disable) protection: active
[STDERR  ] 2017-10-12T16:46:35.586554638Z: [    0.000000] SMBIOS 2.8 present.
[STDERR  ] 2017-10-12T16:46:35.586563887Z: [    0.000000] e820: last_pfn = 0x3ffdf max_arch_pfn = 0x400000000
[STDERR  ] 2017-10-12T16:46:35.586572637Z: [    0.000000] x86/PAT: Configuration [0-7]: WB  WC  UC- UC  WB  WC  UC- WT  
[STDERR  ] 2017-10-12T16:46:35.586587078Z: [    0.000000] found SMP MP-table at [mem 0x000f6aa0-0x000f6aaf] mapped at [ffff930a800f6aa0]
[STDERR  ] 2017-10-12T16:46:35.586595678Z: [    0.000000] RAMDISK: [mem 0x3e01a000-0x3ffcffff]
[STDERR  ] 2017-10-12T16:46:35.586603737Z: [    0.000000] ACPI: Early table checksum verification disabled
[STDERR  ] 2017-10-12T16:46:35.586611576Z: [    0.000000] ACPI: RSDP 0x00000000000F68C0 000014 (v00 BOCHS )
[STDERR  ] 2017-10-12T16:46:35.586619263Z: [    0.000000] ACPI: RSDT 0x000000003FFE2404 000034 (v01 BOCHS  BXPCRSDT 00000001 BXPC 00000001)
[STDERR  ] 2017-10-12T16:46:35.586627368Z: [    0.000000] ACPI: FACP 0x000000003FFE22A4 000074 (v01 BOCHS  BXPCFACP 00000001 BXPC 00000001)
[STDERR  ] 2017-10-12T16:46:35.586635171Z: [    0.000000] ACPI: DSDT 0x000000003FFE0040 002264 (v01 BOCHS  BXPCDSDT 00000001 BXPC 00000001)
[STDERR  ] 2017-10-12T16:46:35.586643323Z: [    0.000000] ACPI: FACS 0x000000003FFE0000 000040
[STDERR  ] 2017-10-12T16:46:35.586656788Z: [    0.000000] ACPI: APIC 0x000000003FFE2318 000078 (v01 BOCHS  BXPCAPIC 00000001 BXPC 00000001)
[STDERR  ] 2017-10-12T16:46:35.586664941Z: [    0.000000] ACPI: HPET 0x000000003FFE2390 000038 (v01 BOCHS  BXPCHPET 00000001 BXPC 00000001)
[STDERR  ] 2017-10-12T16:46:35.586672996Z: [    0.000000] ACPI: MCFG 0x000000003FFE23C8 00003C (v01 BOCHS  BXPCMCFG 00000001 BXPC 00000001)
[STDERR  ] 2017-10-12T16:46:35.58668102Z: [    0.000000] Zone ranges:
[STDERR  ] 2017-10-12T16:46:35.586689288Z: [    0.000000]   DMA      [mem 0x0000000000001000-0x0000000000ffffff]
[STDERR  ] 2017-10-12T16:46:35.586697772Z: [    0.000000]   DMA32    [mem 0x0000000001000000-0x000000003ffdefff]
[STDERR  ] 2017-10-12T16:46:35.586705877Z: [    0.000000]   Normal   empty
[STDERR  ] 2017-10-12T16:46:35.586722514Z: [    0.000000] Movable zone start for each node
[STDERR  ] 2017-10-12T16:46:35.586731343Z: [    0.000000] Early memory node ranges
[STDERR  ] 2017-10-12T16:46:35.586748758Z: [    0.000000]   node   0: [mem 0x0000000000001000-0x000000000009efff]
[STDERR  ] 2017-10-12T16:46:35.586759989Z: [    0.000000]   node   0: [mem 0x0000000000100000-0x000000003ffdefff]
[STDERR  ] 2017-10-12T16:46:35.586768366Z: [    0.000000] Initmem setup node 0 [mem 0x0000000000001000-0x000000003ffdefff]
[STDERR  ] 2017-10-12T16:46:35.58677653Z: [    0.000000] ACPI: PM-Timer IO Port: 0x608
[STDERR  ] 2017-10-12T16:46:35.586785026Z: [    0.000000] ACPI: LAPIC_NMI (acpi_id[0xff] dfl dfl lint[0x1])
[STDERR  ] 2017-10-12T16:46:35.586793179Z: [    0.000000] IOAPIC[0]: apic_id 0, version 32, address 0xfec00000, GSI 0-23
[STDERR  ] 2017-10-12T16:46:35.586801389Z: [    0.000000] ACPI: INT_SRC_OVR (bus 0 bus_irq 0 global_irq 2 dfl dfl)
[STDERR  ] 2017-10-12T16:46:35.58680962Z: [    0.000000] ACPI: INT_SRC_OVR (bus 0 bus_irq 5 global_irq 5 high level)
[STDERR  ] 2017-10-12T16:46:35.586817787Z: [    0.000000] ACPI: INT_SRC_OVR (bus 0 bus_irq 9 global_irq 9 high level)
[STDERR  ] 2017-10-12T16:46:35.586825962Z: [    0.000000] ACPI: INT_SRC_OVR (bus 0 bus_irq 10 global_irq 10 high level)
[STDERR  ] 2017-10-12T16:46:35.586834263Z: [    0.000000] ACPI: INT_SRC_OVR (bus 0 bus_irq 11 global_irq 11 high level)
[STDERR  ] 2017-10-12T16:46:35.586842647Z: [    0.000000] Using ACPI (MADT) for SMP configuration information
[STDERR  ] 2017-10-12T16:46:35.58685547Z: [    0.000000] ACPI: HPET id: 0x8086a201 base: 0xfed00000
[STDERR  ] 2017-10-12T16:46:35.586863921Z: [    0.000000] smpboot: Allowing 1 CPUs, 0 hotplug CPUs
[STDERR  ] 2017-10-12T16:46:35.586872074Z: [    0.000000] e820: [mem 0x40000000-0xafffffff] available for PCI devices
[STDERR  ] 2017-10-12T16:46:35.5868805Z: [    0.000000] Booting paravirtualized kernel on bare hardware
[STDERR  ] 2017-10-12T16:46:35.586888828Z: [    0.000000] clocksource: refined-jiffies: mask: 0xffffffff max_cycles: 0xffffffff, max_idle_ns: 19112604462750000 ns
[STDERR  ] 2017-10-12T16:46:35.586904387Z: [    0.000000] setup_percpu: NR_CPUS:128 nr_cpumask_bits:128 nr_cpu_ids:1 nr_node_ids:1
[STDERR  ] 2017-10-12T16:46:35.586918028Z: [    0.000000] percpu: Embedded 35 pages/cpu @ffff930abde00000 s105240 r8192 d29928 u2097152
[STDERR  ] 2017-10-12T16:46:35.586926188Z: [    0.000000] Built 1 zonelists in Zone order, mobility grouping on.  Total pages: 257896
[STDERR  ] 2017-10-12T16:46:35.58693467Z: [    0.000000] Kernel command line: console=ttyS0
[STDERR  ] 2017-10-12T16:46:35.586942936Z: [    0.000000] PID hash table entries: 4096 (order: 3, 32768 bytes)
[STDERR  ] 2017-10-12T16:46:35.586951044Z: [    0.000000] Dentry cache hash table entries: 131072 (order: 8, 1048576 bytes)
[STDERR  ] 2017-10-12T16:46:35.586959188Z: [    0.000000] Inode-cache hash table entries: 65536 (order: 7, 524288 bytes)
[STDERR  ] 2017-10-12T16:46:35.58696828Z: [    0.000000] Memory: 981708K/1048052K available (8052K kernel code, 1367K rwdata, 2704K rodata, 1380K init, 568K bss, 66344K reserved, 0K cma-reserved)
[STDERR  ] 2017-10-12T16:46:35.586977605Z: [    0.000000] Hierarchical RCU implementation.
[STDERR  ] 2017-10-12T16:46:35.586986121Z: [    0.000000] 	Build-time adjustment of leaf fanout to 64.
[STDERR  ] 2017-10-12T16:46:35.586994265Z: [    0.000000] 	RCU restricting CPUs from NR_CPUS=128 to nr_cpu_ids=1.
[STDERR  ] 2017-10-12T16:46:35.587007719Z: [    0.000000] RCU: Adjusting geometry for rcu_fanout_leaf=64, nr_cpu_ids=1
[STDERR  ] 2017-10-12T16:46:35.587016039Z: [    0.000000] NR_IRQS:8448 nr_irqs:256 16
[STDERR  ] 2017-10-12T16:46:35.587024173Z: [    0.000000] Console: colour VGA+ 80x25
[STDERR  ] 2017-10-12T16:46:35.587061529Z: [    0.000000] console [ttyS0] enabled
[STDERR  ] 2017-10-12T16:46:35.58706968Z: [    0.000000] clocksource: hpet: mask: 0xffffffff max_cycles: 0xffffffff, max_idle_ns: 19112604467 ns
[STDERR  ] 2017-10-12T16:46:35.587078433Z: [    0.000000] tsc: Fast TSC calibration using PIT
[STDERR  ] 2017-10-12T16:46:35.58708676Z: [    0.000000] tsc: Detected 2599.702 MHz processor
[STDERR  ] 2017-10-12T16:46:35.587095014Z: [    0.021446] Calibrating delay loop (skipped), value calculated using timer frequency.. 5199.40 BogoMIPS (lpj=25997020)
[STDERR  ] 2017-10-12T16:46:35.587108249Z: [    0.022177] pid_max: default: 32768 minimum: 301
[STDERR  ] 2017-10-12T16:46:35.587116543Z: [    0.022846] ACPI: Core revision 20160831
[STDERR  ] 2017-10-12T16:46:35.587124714Z: [    0.077342] ACPI: 1 ACPI AML tables successfully acquired and loaded
[STDERR  ] 2017-10-12T16:46:35.587136423Z: [    0.082341] Security Framework initialized
[STDERR  ] 2017-10-12T16:46:35.58714516Z: [    0.082870] Yama: becoming mindful.
[STDERR  ] 2017-10-12T16:46:35.587153441Z: [    0.085189] Mount-cache hash table entries: 2048 (order: 2, 16384 bytes)
[STDERR  ] 2017-10-12T16:46:35.587161942Z: [    0.085738] Mountpoint-cache hash table entries: 2048 (order: 2, 16384 bytes)
[STDERR  ] 2017-10-12T16:46:35.587172159Z: [    0.107986] Last level iTLB entries: 4KB 0, 2MB 0, 4MB 0
[STDERR  ] 2017-10-12T16:46:35.587179932Z: [    0.108507] Last level dTLB entries: 4KB 0, 2MB 0, 4MB 0, 1GB 0
[STDERR  ] 2017-10-12T16:46:35.587187769Z: [    0.412520] Freeing SMP alternatives memory: 20K
[STDERR  ] 2017-10-12T16:46:35.587195569Z: [    0.422539] ftrace: allocating 35582 entries in 139 pages
[STDERR  ] 2017-10-12T16:46:35.587203273Z: [    0.604556] smpboot: Max logical packages: 1
[STDERR  ] 2017-10-12T16:46:35.587215401Z: [    0.612060] ..TIMER: vector=0x30 apic1=0 pin1=2 apic2=-1 pin2=-1
[STDERR  ] 2017-10-12T16:46:35.587223138Z: [    0.720000] smpboot: CPU0: AMD QEMU Virtual CPU version 2.5+ (family: 0x6, model: 0x6, stepping: 0x3)
[STDERR  ] 2017-10-12T16:46:35.587231153Z: [    0.720000] Performance Events: PMU not available due to virtualization, using software events only.
[STDERR  ] 2017-10-12T16:46:35.587242149Z: [    0.728281] NMI watchdog: disabled (cpu0): hardware events not enabled
[STDERR  ] 2017-10-12T16:46:35.587250621Z: [    0.728796] NMI watchdog: Shutting down hard lockup detector on all cpus
[STDERR  ] 2017-10-12T16:46:35.587258242Z: [    0.733280] x86: Booted up 1 node, 1 CPUs
[STDERR  ] 2017-10-12T16:46:35.587265718Z: [    0.733722] smpboot: Total of 1 processors activated (5199.40 BogoMIPS)
[STDERR  ] 2017-10-12T16:46:35.587273579Z: [    0.748477] devtmpfs: initialized
[STDERR  ] 2017-10-12T16:46:35.587280688Z: [    0.755037] x86/mm: Memory block size: 128MB
[STDERR  ] 2017-10-12T16:46:35.587288711Z: [    0.820165] clocksource: jiffies: mask: 0xffffffff max_cycles: 0xffffffff, max_idle_ns: 19112604462750000 ns
[STDERR  ] 2017-10-12T16:46:35.587300253Z: [    0.821120] futex hash table entries: 256 (order: 2, 16384 bytes)
[STDERR  ] 2017-10-12T16:46:35.587308174Z: [    0.831860] NET: Registered protocol family 16
[STDERR  ] 2017-10-12T16:46:35.587322622Z: [    0.841827] cpuidle: using governor ladder
[STDERR  ] 2017-10-12T16:46:35.587330721Z: [    0.842312] cpuidle: using governor menu
[STDERR  ] 2017-10-12T16:46:35.587339084Z: [    0.843816] ACPI: bus type PCI registered
[STDERR  ] 2017-10-12T16:46:35.587347165Z: [    0.846837] PCI: MMCONFIG for domain 0000 [bus 00-ff] at [mem 0xb0000000-0xbfffffff] (base 0xb0000000)
[STDERR  ] 2017-10-12T16:46:35.587356187Z: [    0.847589] PCI: MMCONFIG at [mem 0xb0000000-0xbfffffff] reserved in E820
[STDERR  ] 2017-10-12T16:46:35.587365196Z: [    0.848967] PCI: Using configuration type 1 for base access
[STDERR  ] 2017-10-12T16:46:35.587377915Z: [    0.899167] HugeTLB registered 2 MB page size, pre-allocated 0 pages
[STDERR  ] 2017-10-12T16:46:35.5873865Z: [    0.910631] ACPI: Added _OSI(Module Device)
[STDERR  ] 2017-10-12T16:46:35.587402202Z: [    0.910961] ACPI: Added _OSI(Processor Device)
[STDERR  ] 2017-10-12T16:46:35.587413111Z: [    0.911273] ACPI: Added _OSI(3.0 _SCP Extensions)
[STDERR  ] 2017-10-12T16:46:35.58742171Z: [    0.911550] ACPI: Added _OSI(Processor Aggregator Device)
[STDERR  ] 2017-10-12T16:46:35.587429236Z: [    0.992240] ACPI: Interpreter enabled
[STDERR  ] 2017-10-12T16:46:35.587439217Z: [    0.993238] ACPI: (supports S0 S5)
[STDERR  ] 2017-10-12T16:46:35.587447661Z: [    0.993611] ACPI: Using IOAPIC for interrupt routing
[STDERR  ] 2017-10-12T16:46:35.587461413Z: [    0.996096] PCI: Using host bridge windows from ACPI; if necessary, use "pci=nocrs" and report a bug
[STDERR  ] 2017-10-12T16:46:35.587478345Z: [    1.066499] ACPI: PCI Root Bridge [PCI0] (domain 0000 [bus 00-ff])
[STDOUT  ] 2017-10-12T16:46:35.58747955Z: [    0.000000] Linux version 4.9.53-linuxkit (root@78cdab8b710d) (gcc version 6.3.0 (Alpine 6.3.0) ) #1 SMP Thu Oct 5 11:28:51 UTC 2017
[STDOUT  ] 2017-10-12T16:46:35.58750005Z: [    0.000000] Command line: console=ttyS0
[STDERR  ] 2017-10-12T16:46:35.587498796Z: [    1.067557] acpi PNP0A08:00: _OSC: OS supports [ExtendedConfig ASPM ClockPM Segments MSI]
[STDOUT  ] 2017-10-12T16:46:35.58750836Z: [    0.000000] x86/fpu: Legacy x87 FPU detected.
[STDERR  ] 2017-10-12T16:46:35.587510221Z: [    1.073928] acpi PNP0A08:00: _OSC: OS now controls [PCIeHotplug PME PCIeCapability]
[STDOUT  ] 2017-10-12T16:46:35.587516828Z: [    0.000000] x86/fpu: Using 'eager' FPU context switches.
[STDERR  ] 2017-10-12T16:46:35.587521557Z: [    1.077617] PCI host bridge to bus 0000:00
[STDOUT  ] 2017-10-12T16:46:35.587525315Z: [    0.000000] e820: BIOS-provided physical RAM map:
[STDERR  ] 2017-10-12T16:46:35.587530824Z: [    1.078047] pci_bus 0000:00: root bus resource [io  0x0000-0x0cf7 window]
[STDOUT  ] 2017-10-12T16:46:35.587541087Z: [    0.000000] BIOS-e820: [mem 0x0000000000000000-0x000000000009fbff] usable
[STDERR  ] 2017-10-12T16:46:35.587542604Z: [    1.078488] pci_bus 0000:00: root bus resource [io  0x0d00-0xffff window]
[STDERR  ] 2017-10-12T16:46:35.587558118Z: [    1.078847] pci_bus 0000:00: root bus resource [mem 0x000a0000-0x000bffff window]
[STDOUT  ] 2017-10-12T16:46:35.587556376Z: [    0.000000] BIOS-e820: [mem 0x000000000009fc00-0x000000000009ffff] reserved
[STDERR  ] 2017-10-12T16:46:35.587567005Z: [    1.079295] pci_bus 0000:00: root bus resource [mem 0xc0000000-0xfebfffff window]
[STDOUT  ] 2017-10-12T16:46:35.58756509Z: [    0.000000] BIOS-e820: [mem 0x00000000000f0000-0x00000000000fffff] reserved
[STDOUT  ] 2017-10-12T16:46:35.587573698Z: [    0.000000] BIOS-e820: [mem 0x0000000000100000-0x000000003ffdefff] usable
[STDOUT  ] 2017-10-12T16:46:35.587582083Z: [    0.000000] BIOS-e820: [mem 0x000000003ffdf000-0x000000003fffffff] reserved
[STDERR  ] 2017-10-12T16:46:35.587577532Z: [    1.079865] pci_bus 0000:00: root bus resource [bus 00-ff]
[STDOUT  ] 2017-10-12T16:46:35.587590513Z: [    0.000000] BIOS-e820: [mem 0x00000000b0000000-0x00000000bfffffff] reserved
[STDERR  ] 2017-10-12T16:46:35.587593344Z: [    1.230487] pci 0000:00:1f.0: quirk: [io  0x0600-0x067f] claimed by ICH6 ACPI/GPIO/TCO
[STDERR  ] 2017-10-12T16:46:35.587602176Z: [    1.306694] ACPI: PCI Interrupt Link [LNKA] (IRQs 5 *10 11)
[STDOUT  ] 2017-10-12T16:46:35.587599726Z: [    0.000000] BIOS-e820: [mem 0x00000000fed1c000-0x00000000fed1ffff] reserved
[STDERR  ] 2017-10-12T16:46:35.587611028Z: [    1.309075] ACPI: PCI Interrupt Link [LNKB] (IRQs 5 *10 11)
[STDOUT  ] 2017-10-12T16:46:35.587615114Z: [    0.000000] BIOS-e820: [mem 0x00000000fffc0000-0x00000000ffffffff] reserved
[STDERR  ] 2017-10-12T16:46:35.587620088Z: [    1.311327] ACPI: PCI Interrupt Link [LNKC] (IRQs 5 10 *11)
[STDOUT  ] 2017-10-12T16:46:35.58762401Z: [    0.000000] NX (Execute Disable) protection: active
[STDERR  ] 2017-10-12T16:46:35.587628835Z: [    1.313002] ACPI: PCI Interrupt Link [LNKD] (IRQs 5 10 *11)
[STDOUT  ] 2017-10-12T16:46:35.587633074Z: [    0.000000] SMBIOS 2.8 present.
[STDERR  ] 2017-10-12T16:46:35.587637487Z: [    1.314597] ACPI: PCI Interrupt Link [LNKE] (IRQs 5 *10 11)
[STDOUT  ] 2017-10-12T16:46:35.587641771Z: [    0.000000] e820: last_pfn = 0x3ffdf max_arch_pfn = 0x400000000
[STDOUT  ] 2017-10-12T16:46:35.587650494Z: [    0.000000] x86/PAT: Configuration [0-7]: WB  WC  UC- UC  WB  WC  UC- WT  
[STDERR  ] 2017-10-12T16:46:35.587646448Z: [    1.316210] ACPI: PCI Interrupt Link [LNKF] (IRQs 5 *10 11)
[STDERR  ] 2017-10-12T16:46:35.587660486Z: [    1.317865] ACPI: PCI Interrupt Link [LNKG] (IRQs 5 10 *11)
[STDOUT  ] 2017-10-12T16:46:35.587658376Z: [    0.000000] found SMP MP-table at [mem 0x000f6aa0-0x000f6aaf] mapped at [ffff930a800f6aa0]
[STDERR  ] 2017-10-12T16:46:35.587669642Z: [    1.320095] ACPI: PCI Interrupt Link [LNKH] (IRQs 5 10 *11)
[STDOUT  ] 2017-10-12T16:46:35.587678054Z: [    0.000000] RAMDISK: [mem 0x3e01a000-0x3ffcffff]
[STDERR  ] 2017-10-12T16:46:35.587679495Z: [    1.320988] ACPI: PCI Interrupt Link [GSIA] (IRQs *16)
[STDERR  ] 2017-10-12T16:46:35.587688314Z: [    1.321626] ACPI: PCI Interrupt Link [GSIB] (IRQs *17)
[STDOUT  ] 2017-10-12T16:46:35.587686877Z: [    0.000000] ACPI: Early table checksum verification disabled
[STDERR  ] 2017-10-12T16:46:35.587697434Z: [    1.322255] ACPI: PCI Interrupt Link [GSIC] (IRQs *18)
[STDOUT  ] 2017-10-12T16:46:35.587701314Z: [    0.000000] ACPI: RSDP 0x00000000000F68C0 000014 (v00 BOCHS )
[STDERR  ] 2017-10-12T16:46:35.587706283Z: [    1.322909] ACPI: PCI Interrupt Link [GSID] (IRQs *19)
[STDOUT  ] 2017-10-12T16:46:35.587710192Z: [    0.000000] ACPI: RSDT 0x000000003FFE2404 000034 (v01 BOCHS  BXPCRSDT 00000001 BXPC 00000001)
[STDERR  ] 2017-10-12T16:46:35.5877151Z: [    1.323566] ACPI: PCI Interrupt Link [GSIE] (IRQs *20)
[STDOUT  ] 2017-10-12T16:46:35.587719012Z: [    0.000000] ACPI: FACP 0x000000003FFE22A4 000074 (v01 BOCHS  BXPCFACP 00000001 BXPC 00000001)
[STDOUT  ] 2017-10-12T16:46:35.587727626Z: [    0.000000] ACPI: DSDT 0x000000003FFE0040 002264 (v01 BOCHS  BXPCDSDT 00000001 BXPC 00000001)
[STDERR  ] 2017-10-12T16:46:35.587725194Z: [    1.324228] ACPI: PCI Interrupt Link [GSIF] (IRQs *21)
[STDOUT  ] 2017-10-12T16:46:35.587739983Z: [    0.000000] ACPI: FACS 0x000000003FFE0000 000040
[STDERR  ] 2017-10-12T16:46:35.587741386Z: [    1.324866] ACPI: PCI Interrupt Link [GSIG] (IRQs *22)
[STDOUT  ] 2017-10-12T16:46:35.587748809Z: [    0.000000] ACPI: APIC 0x000000003FFE2318 000078 (v01 BOCHS  BXPCAPIC 00000001 BXPC 00000001)
[STDERR  ] 2017-10-12T16:46:35.58775042Z: [    1.325547] ACPI: PCI Interrupt Link [GSIH] (IRQs *23)
[STDOUT  ] 2017-10-12T16:46:35.58775761Z: [    0.000000] ACPI: HPET 0x000000003FFE2390 000038 (v01 BOCHS  BXPCHPET 00000001 BXPC 00000001)
[STDERR  ] 2017-10-12T16:46:35.587759223Z: [    1.330452] ACPI: Enabled 2 GPEs in block 00 to 3F
[STDOUT  ] 2017-10-12T16:46:35.587766358Z: [    0.000000] ACPI: MCFG 0x000000003FFE23C8 00003C (v01 BOCHS  BXPCMCFG 00000001 BXPC 00000001)
[STDERR  ] 2017-10-12T16:46:35.587768178Z: [    1.334574] SCSI subsystem initialized
[STDOUT  ] 2017-10-12T16:46:35.587774813Z: [    0.000000] Zone ranges:
[STDERR  ] 2017-10-12T16:46:35.587777238Z: [    1.336460] ACPI: bus type USB registered
[STDOUT  ] 2017-10-12T16:46:35.587783406Z: [    0.000000]   DMA      [mem 0x0000000000001000-0x0000000000ffffff]
[STDERR  ] 2017-10-12T16:46:35.587800831Z: [    1.337550] usbcore: registered new interface driver usbfs
[STDOUT  ] 2017-10-12T16:46:35.587805732Z: [    0.000000]   DMA32    [mem 0x0000000001000000-0x000000003ffdefff]
[STDOUT  ] 2017-10-12T16:46:35.587814442Z: [    0.000000]   Normal   empty
[STDERR  ] 2017-10-12T16:46:35.587810141Z: [    1.338526] usbcore: registered new interface driver hub
[STDOUT  ] 2017-10-12T16:46:35.587823636Z: [    0.000000] Movable zone start for each node
[STDERR  ] 2017-10-12T16:46:35.587825399Z: [    1.339278] usbcore: registered new device driver usb
[STDOUT  ] 2017-10-12T16:46:35.587832172Z: [    0.000000] Early memory node ranges
[STDERR  ] 2017-10-12T16:46:35.587833934Z: [    1.340631] pps_core: LinuxPPS API ver. 1 registered
[STDOUT  ] 2017-10-12T16:46:35.587840679Z: [    0.000000]   node   0: [mem 0x0000000000001000-0x000000000009efff]
[STDERR  ] 2017-10-12T16:46:35.587842489Z: [    1.341001] pps_core: Software ver. 5.3.6 - Copyright 2005-2007 Rodolfo Giometti <giometti@linux.it>
[STDOUT  ] 2017-10-12T16:46:35.587848692Z: [    0.000000]   node   0: [mem 0x0000000000100000-0x000000003ffdefff]
[STDOUT  ] 2017-10-12T16:46:35.587857322Z: [    0.000000] Initmem setup node 0 [mem 0x0000000000001000-0x000000003ffdefff]
[STDERR  ] 2017-10-12T16:46:35.58785345Z: [    1.341716] PTP clock support registered
[STDOUT  ] 2017-10-12T16:46:35.587865792Z: [    0.000000] ACPI: PM-Timer IO Port: 0x608
[STDERR  ] 2017-10-12T16:46:35.58786342Z: [    1.342868] wmi: Mapper loaded
[STDERR  ] 2017-10-12T16:46:35.587877057Z: [    1.343984] PCI: Using ACPI for IRQ routing
[STDOUT  ] 2017-10-12T16:46:35.587874916Z: [    0.000000] ACPI: LAPIC_NMI (acpi_id[0xff] dfl dfl lint[0x1])
[STDOUT  ] 2017-10-12T16:46:35.587883468Z: [    0.000000] IOAPIC[0]: apic_id 0, version 32, address 0xfec00000, GSI 0-23
[STDERR  ] 2017-10-12T16:46:35.587885874Z: [    1.364156] NetLabel: Initializing
[STDOUT  ] 2017-10-12T16:46:35.587891525Z: [    0.000000] ACPI: INT_SRC_OVR (bus 0 bus_irq 0 global_irq 2 dfl dfl)
[STDERR  ] 2017-10-12T16:46:35.587897288Z: [    1.364343] NetLabel:  domain hash size = 128
[STDOUT  ] 2017-10-12T16:46:35.5879001Z: [    0.000000] ACPI: INT_SRC_OVR (bus 0 bus_irq 5 global_irq 5 high level)
[STDOUT  ] 2017-10-12T16:46:35.587908765Z: [    0.000000] ACPI: INT_SRC_OVR (bus 0 bus_irq 9 global_irq 9 high level)
[STDERR  ] 2017-10-12T16:46:35.587906038Z: [    1.364682] NetLabel:  protocols = UNLABELED CIPSOv4
[STDERR  ] 2017-10-12T16:46:35.587914911Z: [    1.367182] NetLabel:  unlabeled traffic allowed by default
[STDOUT  ] 2017-10-12T16:46:35.587917367Z: [    0.000000] ACPI: INT_SRC_OVR (bus 0 bus_irq 10 global_irq 10 high level)
[STDERR  ] 2017-10-12T16:46:35.587923564Z: [    1.368378] HPET: 3 timers in total, 0 timers will be used for per-cpu timer
[STDOUT  ] 2017-10-12T16:46:35.587930074Z: [    0.000000] ACPI: INT_SRC_OVR (bus 0 bus_irq 11 global_irq 11 high level)
[STDERR  ] 2017-10-12T16:46:35.587936218Z: [    1.369194] hpet0: at MMIO 0xfed00000, IRQs 2, 8, 0
[STDOUT  ] 2017-10-12T16:46:35.587938645Z: [    0.000000] Using ACPI (MADT) for SMP configuration information
[STDERR  ] 2017-10-12T16:46:35.587945218Z: [    1.369665] hpet0: 3 comparators, 64-bit 100.000000 MHz counter
[STDOUT  ] 2017-10-12T16:46:35.587947349Z: [    0.000000] ACPI: HPET id: 0x8086a201 base: 0xfed00000
[STDERR  ] 2017-10-12T16:46:35.587953747Z: [    1.375961] clocksource: Switched to clocksource hpet
[STDOUT  ] 2017-10-12T16:46:35.587955998Z: [    0.000000] smpboot: Allowing 1 CPUs, 0 hotplug CPUs
[STDOUT  ] 2017-10-12T16:46:35.587964431Z: [    0.000000] e820: [mem 0x40000000-0xafffffff] available for PCI devices
[STDERR  ] 2017-10-12T16:46:35.587962434Z: [    1.727412] VFS: Disk quotas dquot_6.6.0
[STDOUT  ] 2017-10-12T16:46:35.587972941Z: [    0.000000] Booting paravirtualized kernel on bare hardware
[STDERR  ] 2017-10-12T16:46:35.587971109Z: [    1.728210] VFS: Dquot-cache hash table entries: 512 (order 0, 4096 bytes)
[STDERR  ] 2017-10-12T16:46:35.587979834Z: [    1.732057] FS-Cache: Loaded
[STDOUT  ] 2017-10-12T16:46:35.587981558Z: [    0.000000] clocksource: refined-jiffies: mask: 0xffffffff max_cycles: 0xffffffff, max_idle_ns: 19112604462750000 ns
[STDERR  ] 2017-10-12T16:46:35.587988661Z: [    1.737241] CacheFiles: Loaded
[STDOUT  ] 2017-10-12T16:46:35.587990554Z: [    0.000000] setup_percpu: NR_CPUS:128 nr_cpumask_bits:128 nr_cpu_ids:1 nr_node_ids:1
[STDOUT  ] 2017-10-12T16:46:35.587999141Z: [    0.000000] percpu: Embedded 35 pages/cpu @ffff930abde00000 s105240 r8192 d29928 u2097152
[STDERR  ] 2017-10-12T16:46:35.588000273Z: [    1.739011] pnp: PnP ACPI init
[STDOUT  ] 2017-10-12T16:46:35.588007739Z: [    0.000000] Built 1 zonelists in Zone order, mobility grouping on.  Total pages: 257896
[STDERR  ] 2017-10-12T16:46:35.588009382Z: [    1.751352] pnp: PnP ACPI: found 5 devices
[STDOUT  ] 2017-10-12T16:46:35.588016356Z: [    0.000000] Kernel command line: console=ttyS0
[STDERR  ] 2017-10-12T16:46:35.588018046Z: [    1.809035] clocksource: acpi_pm: mask: 0xffffff max_cycles: 0xffffff, max_idle_ns: 2085701024 ns
[STDOUT  ] 2017-10-12T16:46:35.588024986Z: [    0.000000] PID hash table entries: 4096 (order: 3, 32768 bytes)
[STDERR  ] 2017-10-12T16:46:35.588027024Z: [    1.812810] NET: Registered protocol family 2
[STDOUT  ] 2017-10-12T16:46:35.588034722Z: [    0.000000] Dentry cache hash table entries: 131072 (order: 8, 1048576 bytes)
[STDERR  ] 2017-10-12T16:46:35.588041141Z: [    1.823257] TCP established hash table entries: 8192 (order: 4, 65536 bytes)
[STDOUT  ] 2017-10-12T16:46:35.588043341Z: [    0.000000] Inode-cache hash table entries: 65536 (order: 7, 524288 bytes)
[STDERR  ] 2017-10-12T16:46:35.588053634Z: [    1.824001] TCP bind hash table entries: 8192 (order: 5, 131072 bytes)
[STDOUT  ] 2017-10-12T16:46:35.588057282Z: [    0.000000] Memory: 981708K/1048052K available (8052K kernel code, 1367K rwdata, 2704K rodata, 1380K init, 568K bss, 66344K reserved, 0K cma-reserved)
[STDERR  ] 2017-10-12T16:46:35.588062512Z: [    1.824719] TCP: Hash tables configured (established 8192 bind 8192)
[STDOUT  ] 2017-10-12T16:46:35.588067144Z: [    0.000000] Hierarchical RCU implementation.
[STDERR  ] 2017-10-12T16:46:35.588071385Z: [    1.826677] UDP hash table entries: 512 (order: 2, 16384 bytes)
[STDOUT  ] 2017-10-12T16:46:35.588075799Z: [    0.000000] 	Build-time adjustment of leaf fanout to 64.
[STDERR  ] 2017-10-12T16:46:35.588081429Z: [    1.827216] UDP-Lite hash table entries: 512 (order: 2, 16384 bytes)
[STDOUT  ] 2017-10-12T16:46:35.588084536Z: [    0.000000] 	RCU restricting CPUs from NR_CPUS=128 to nr_cpu_ids=1.
[STDERR  ] 2017-10-12T16:46:35.58809021Z: [    1.829632] NET: Registered protocol family 1
[STDOUT  ] 2017-10-12T16:46:35.588093139Z: [    0.000000] RCU: Adjusting geometry for rcu_fanout_leaf=64, nr_cpu_ids=1
[STDERR  ] 2017-10-12T16:46:35.588100577Z: [    1.830820] pci 0000:00:01.0: Video device with shadowed ROM at [mem 0x000c0000-0x000dffff]
[STDERR  ] 2017-10-12T16:46:35.588111039Z: [    1.839163] Unpacking initramfs...
[STDOUT  ] 2017-10-12T16:46:35.588105836Z: [    0.000000] NR_IRQS:8448 nr_irqs:256 16
[STDERR  ] 2017-10-12T16:46:35.588119771Z: [    7.631230] Freeing initrd memory: 32472K
[STDOUT  ] 2017-10-12T16:46:35.588120083Z: [    0.000000] Console: colour VGA+ 80x25
[STDOUT  ] 2017-10-12T16:46:35.5881288Z: [    0.000000] console [ttyS0] enabled
[STDERR  ] 2017-10-12T16:46:35.588128727Z: [    7.663461] PCLMULQDQ-NI instructions are not detected.
[STDOUT  ] 2017-10-12T16:46:35.588137659Z: [    0.000000] clocksource: hpet: mask: 0xffffffff max_cycles: 0xffffffff, max_idle_ns: 19112604467 ns
[STDERR  ] 2017-10-12T16:46:35.58813782Z: [    7.664616] AVX or AES-NI instructions are not detected.
[STDERR  ] 2017-10-12T16:46:35.588147763Z: [    7.665125] CPU feature 'AVX registers' is not supported.
[STDOUT  ] 2017-10-12T16:46:35.5881463Z: [    0.000000] tsc: Fast TSC calibration using PIT
[STDOUT  ] 2017-10-12T16:46:35.588154943Z: [    0.000000] tsc: Detected 2599.702 MHz processor
[STDERR  ] 2017-10-12T16:46:35.588156548Z: [    7.665504] CPU feature 'AVX registers' is not supported.
[STDOUT  ] 2017-10-12T16:46:35.588163592Z: [    0.021446] Calibrating delay loop (skipped), value calculated using timer frequency.. 5199.40 BogoMIPS (lpj=25997020)
[STDERR  ] 2017-10-12T16:46:35.588165287Z: [    7.665867] CPU feature 'AVX registers' is not supported.
[STDOUT  ] 2017-10-12T16:46:35.588172267Z: [    0.022177] pid_max: default: 32768 minimum: 301
[STDERR  ] 2017-10-12T16:46:35.58817392Z: [    7.666270] CPU feature 'AVX registers' is not supported.
[STDERR  ] 2017-10-12T16:46:35.5881829Z: [    7.666638] AVX2 or AES-NI instructions are not detected.
[STDOUT  ] 2017-10-12T16:46:35.588180812Z: [    0.022846] ACPI: Core revision 20160831
[STDOUT  ] 2017-10-12T16:46:35.588189336Z: [    0.077342] ACPI: 1 ACPI AML tables successfully acquired and loaded
[STDERR  ] 2017-10-12T16:46:35.588191752Z: [    7.666994] AVX2 instructions are not detected.
[STDOUT  ] 2017-10-12T16:46:35.588197799Z: [    0.082341] Security Framework initialized
[STDERR  ] 2017-10-12T16:46:35.588200544Z: [    7.674609] audit: initializing netlink subsys (disabled)
[STDOUT  ] 2017-10-12T16:46:35.58820647Z: [    0.082870] Yama: becoming mindful.
[STDOUT  ] 2017-10-12T16:46:35.588215083Z: [    0.085189] Mount-cache hash table entries: 2048 (order: 2, 16384 bytes)
[STDERR  ] 2017-10-12T16:46:35.58820928Z: [    7.676358] audit: type=2000 audit(1507826760.670:1): initialized
[STDERR  ] 2017-10-12T16:46:35.588224495Z: [    7.686475] workingset: timestamp_bits=46 max_order=18 bucket_order=0
[STDOUT  ] 2017-10-12T16:46:35.588222864Z: [    0.085738] Mountpoint-cache hash table entries: 2048 (order: 2, 16384 bytes)
[STDERR  ] 2017-10-12T16:46:35.588233448Z: [    7.691223] squashfs: version 4.0 (2009/01/31) Phillip Lougher
[STDOUT  ] 2017-10-12T16:46:35.588235092Z: [    0.107986] Last level iTLB entries: 4KB 0, 2MB 0, 4MB 0
[STDOUT  ] 2017-10-12T16:46:35.588243697Z: [    0.108507] Last level dTLB entries: 4KB 0, 2MB 0, 4MB 0, 1GB 0
[STDERR  ] 2017-10-12T16:46:35.588242161Z: [    7.694298] FS-Cache: Netfs 'cifs' registered for caching
[STDOUT  ] 2017-10-12T16:46:35.588252485Z: [    0.412520] Freeing SMP alternatives memory: 20K
[STDERR  ] 2017-10-12T16:46:35.588255269Z: [    7.695392] fuse init (API version 7.26)
[STDOUT  ] 2017-10-12T16:46:35.588261111Z: [    0.422539] ftrace: allocating 35582 entries in 139 pages
[STDERR  ] 2017-10-12T16:46:35.588264241Z: [    7.697674] SGI XFS with ACLs, security attributes, no debug enabled
[STDOUT  ] 2017-10-12T16:46:35.588269681Z: [    0.604556] smpboot: Max logical packages: 1
[STDERR  ] 2017-10-12T16:46:35.588273022Z: [    7.701682] 9p: Installing v9fs 9p2000 file system support
[STDOUT  ] 2017-10-12T16:46:35.588278238Z: [    0.612060] ..TIMER: vector=0x30 apic1=0 pin1=2 apic2=-1 pin2=-1
[STDERR  ] 2017-10-12T16:46:35.588281707Z: [    7.702168] FS-Cache: Netfs '9p' registered for caching
[STDERR  ] 2017-10-12T16:46:35.588294031Z: [    7.732708] NET: Registered protocol family 38
[STDOUT  ] 2017-10-12T16:46:35.58829144Z: [    0.720000] smpboot: CPU0: AMD QEMU Virtual CPU version 2.5+ (family: 0x6, model: 0x6, stepping: 0x3)
[STDOUT  ] 2017-10-12T16:46:35.588300413Z: [    0.720000] Performance Events: PMU not available due to virtualization, using software events only.
[STDOUT  ] 2017-10-12T16:46:35.588309101Z: [    0.728281] NMI watchdog: disabled (cpu0): hardware events not enabled
[STDERR  ] 2017-10-12T16:46:35.588307074Z: [    7.733300] Key type asymmetric registered
[STDERR  ] 2017-10-12T16:46:35.588315787Z: [    7.733676] Asymmetric key parser 'x509' registered
[STDOUT  ] 2017-10-12T16:46:35.588317693Z: [    0.728796] NMI watchdog: Shutting down hard lockup detector on all cpus
[STDERR  ] 2017-10-12T16:46:35.588324387Z: [    7.734661] Block layer SCSI generic (bsg) driver version 0.4 loaded (major 251)
[STDOUT  ] 2017-10-12T16:46:35.588326198Z: [    0.733280] x86: Booted up 1 node, 1 CPUs
[STDERR  ] 2017-10-12T16:46:35.588333019Z: [    7.736269] io scheduler noop registered
[STDOUT  ] 2017-10-12T16:46:35.588334661Z: [    0.733722] smpboot: Total of 1 processors activated (5199.40 BogoMIPS)
[STDERR  ] 2017-10-12T16:46:35.588341633Z: [    7.736613] io scheduler deadline registered (default)
[STDOUT  ] 2017-10-12T16:46:35.588343283Z: [    0.748477] devtmpfs: initialized
[STDOUT  ] 2017-10-12T16:46:35.588351804Z: [    0.755037] x86/mm: Memory block size: 128MB
[STDERR  ] 2017-10-12T16:46:35.588350198Z: [    7.737374] io scheduler cfq registered
[STDERR  ] 2017-10-12T16:46:35.588358893Z: [    7.742669] pci_hotplug: PCI Hot Plug PCI Core version: 0.5
[STDOUT  ] 2017-10-12T16:46:35.588360424Z: [    0.820165] clocksource: jiffies: mask: 0xffffffff max_cycles: 0xffffffff, max_idle_ns: 19112604462750000 ns
[STDOUT  ] 2017-10-12T16:46:35.588368989Z: [    0.821120] futex hash table entries: 256 (order: 2, 16384 bytes)
[STDERR  ] 2017-10-12T16:46:35.58836761Z: [    7.743305] pciehp: PCI Express Hot Plug Controller Driver version: 0.4
[STDERR  ] 2017-10-12T16:46:35.588376517Z: [    7.744110] shpchp: Standard Hot Plug PCI Controller Driver version: 0.4
[STDOUT  ] 2017-10-12T16:46:35.588377535Z: [    0.831860] NET: Registered protocol family 16
[STDERR  ] 2017-10-12T16:46:35.58838517Z: [    7.744919] hv_vmbus: registering driver hyperv_fb
[STDOUT  ] 2017-10-12T16:46:35.588386617Z: [    0.841827] cpuidle: using governor ladder
[STDERR  ] 2017-10-12T16:46:35.588393871Z: [    7.748170] input: Power Button as /devices/LNXSYSTM:00/LNXPWRBN:00/input/input0
[STDERR  ] 2017-10-12T16:46:35.588402565Z: [    7.749405] ACPI: Power Button [PWRF]
[STDOUT  ] 2017-10-12T16:46:35.588395314Z: [    0.842312] cpuidle: using governor menu
[STDERR  ] 2017-10-12T16:46:35.588411423Z: [    7.754512] GHES: HEST is not enabled!
[STDOUT  ] 2017-10-12T16:46:35.588411206Z: [    0.843816] ACPI: bus type PCI registered
[STDOUT  ] 2017-10-12T16:46:35.588420049Z: [    0.846837] PCI: MMCONFIG for domain 0000 [bus 00-ff] at [mem 0xb0000000-0xbfffffff] (base 0xb0000000)
[STDERR  ] 2017-10-12T16:46:35.588420221Z: [    7.765411] ACPI: PCI Interrupt Link [GSIG] enabled at IRQ 22
[STDERR  ] 2017-10-12T16:46:35.588429065Z: [    7.778663] ACPI: PCI Interrupt Link [GSIH] enabled at IRQ 23
[STDOUT  ] 2017-10-12T16:46:35.588428948Z: [    0.847589] PCI: MMCONFIG at [mem 0xb0000000-0xbfffffff] reserved in E820
[STDERR  ] 2017-10-12T16:46:35.588437866Z: [    7.784998] xenfs: not registering filesystem on non-xen platform
[STDOUT  ] 2017-10-12T16:46:35.588437668Z: [    0.848967] PCI: Using configuration type 1 for base access
[STDOUT  ] 2017-10-12T16:46:35.588446364Z: [    0.899167] HugeTLB registered 2 MB page size, pre-allocated 0 pages
[STDERR  ] 2017-10-12T16:46:35.588446564Z: [    7.786879] Serial: 8250/16550 driver, 4 ports, IRQ sharing disabled
[STDOUT  ] 2017-10-12T16:46:35.588454898Z: [    0.910631] ACPI: Added _OSI(Module Device)
[STDERR  ] 2017-10-12T16:46:35.588456395Z: [    7.811079] 00:04: ttyS0 at I/O 0x3f8 (irq = 4, base_baud = 115200) is a 16550A
[STDOUT  ] 2017-10-12T16:46:35.588463624Z: [    0.910961] ACPI: Added _OSI(Processor Device)
[STDOUT  ] 2017-10-12T16:46:35.588472555Z: [    0.911273] ACPI: Added _OSI(3.0 _SCP Extensions)
[STDERR  ] 2017-10-12T16:46:35.588473765Z: [    7.822549] Non-volatile memory driver v1.3
[STDOUT  ] 2017-10-12T16:46:35.588481151Z: [    0.911550] ACPI: Added _OSI(Processor Aggregator Device)
[STDOUT  ] 2017-10-12T16:46:35.58848983Z: [    0.992240] ACPI: Interpreter enabled
[STDERR  ] 2017-10-12T16:46:35.588482562Z: [    7.828640] Hangcheck: starting hangcheck timer 0.9.1 (tick is 180 seconds, margin is 60 seconds).
[STDERR  ] 2017-10-12T16:46:35.588496418Z: [    7.866574] loop: module loaded
[STDOUT  ] 2017-10-12T16:46:35.588498268Z: [    0.993238] ACPI: (supports S0 S5)
[STDOUT  ] 2017-10-12T16:46:35.58850636Z: [    0.993611] ACPI: Using IOAPIC for interrupt routing
[STDERR  ] 2017-10-12T16:46:35.588506488Z: [    7.880717] nbd: registered device at major 43
[STDOUT  ] 2017-10-12T16:46:35.588515212Z: [    0.996096] PCI: Using host bridge windows from ACPI; if necessary, use "pci=nocrs" and report a bug
[STDERR  ] 2017-10-12T16:46:35.588515284Z: [    7.923149] lpc_ich 0000:00:1f.0: I/O space for GPIO uninitialized
[STDERR  ] 2017-10-12T16:46:35.588524167Z: [    7.925243] VMware PVSCSI driver - version 1.0.7.0-k
[STDERR  ] 2017-10-12T16:46:35.588532965Z: [    7.926078] hv_vmbus: registering driver hv_storvsc
[STDOUT  ] 2017-10-12T16:46:35.588524268Z: [    1.066499] ACPI: PCI Root Bridge [PCI0] (domain 0000 [bus 00-ff])
[STDOUT  ] 2017-10-12T16:46:35.588538844Z: [    1.067557] acpi PNP0A08:00: _OSC: OS supports [ExtendedConfig ASPM ClockPM Segments MSI]
[STDERR  ] 2017-10-12T16:46:35.588541532Z: [    7.936173] ACPI: PCI Interrupt Link [GSIA] enabled at IRQ 16
[STDOUT  ] 2017-10-12T16:46:35.588547672Z: [    1.073928] acpi PNP0A08:00: _OSC: OS now controls [PCIeHotplug PME PCIeCapability]
[STDERR  ] 2017-10-12T16:46:35.588550277Z: [    7.943505] ahci 0000:00:1f.2: AHCI 0001.0000 32 slots 6 ports 1.5 Gbps 0x3f impl SATA mode
[STDERR  ] 2017-10-12T16:46:35.588559274Z: [    7.944111] ahci 0000:00:1f.2: flags: 64bit ncq only 
[STDOUT  ] 2017-10-12T16:46:35.588556185Z: [    1.077617] PCI host bridge to bus 0000:00
[STDERR  ] 2017-10-12T16:46:35.588567763Z: [    7.965440] scsi host0: ahci
[STDOUT  ] 2017-10-12T16:46:35.588570654Z: [    1.078047] pci_bus 0000:00: root bus resource [io  0x0000-0x0cf7 window]
[STDERR  ] 2017-10-12T16:46:35.588576803Z: [    7.970497] scsi host1: ahci
[STDOUT  ] 2017-10-12T16:46:35.588579376Z: [    1.078488] pci_bus 0000:00: root bus resource [io  0x0d00-0xffff window]
[STDERR  ] 2017-10-12T16:46:35.588585406Z: [    7.973452] scsi host2: ahci
[STDOUT  ] 2017-10-12T16:46:35.588588201Z: [    1.078847] pci_bus 0000:00: root bus resource [mem 0x000a0000-0x000bffff window]
[STDERR  ] 2017-10-12T16:46:35.588597442Z: [    7.976017] scsi host3: ahci
[STDOUT  ] 2017-10-12T16:46:35.588602038Z: [    1.079295] pci_bus 0000:00: root bus resource [mem 0xc0000000-0xfebfffff window]
[STDERR  ] 2017-10-12T16:46:35.588606018Z: [    7.978110] scsi host4: ahci
[STDOUT  ] 2017-10-12T16:46:35.588611634Z: [    1.079865] pci_bus 0000:00: root bus resource [bus 00-ff]
[STDERR  ] 2017-10-12T16:46:35.588614691Z: [    7.980366] scsi host5: ahci
[STDOUT  ] 2017-10-12T16:46:35.588620267Z: [    1.230487] pci 0000:00:1f.0: quirk: [io  0x0600-0x067f] claimed by ICH6 ACPI/GPIO/TCO
[STDERR  ] 2017-10-12T16:46:35.588623287Z: [    7.982077] ata1: SATA max UDMA/133 abar m4096@0xfebd2000 port 0xfebd2100 irq 24
[STDOUT  ] 2017-10-12T16:46:35.588629058Z: [    1.306694] ACPI: PCI Interrupt Link [LNKA] (IRQs 5 *10 11)
[STDERR  ] 2017-10-12T16:46:35.588631881Z: [    7.982607] ata2: SATA max UDMA/133 abar m4096@0xfebd2000 port 0xfebd2180 irq 24
[STDOUT  ] 2017-10-12T16:46:35.588637919Z: [    1.309075] ACPI: PCI Interrupt Link [LNKB] (IRQs 5 *10 11)
[STDERR  ] 2017-10-12T16:46:35.588642072Z: [    7.983031] ata3: SATA max UDMA/133 abar m4096@0xfebd2000 port 0xfebd2200 irq 24
[STDOUT  ] 2017-10-12T16:46:35.588646833Z: [    1.311327] ACPI: PCI Interrupt Link [LNKC] (IRQs 5 10 *11)
[STDERR  ] 2017-10-12T16:46:35.588650763Z: [    7.983429] ata4: SATA max UDMA/133 abar m4096@0xfebd2000 port 0xfebd2280 irq 24
[STDERR  ] 2017-10-12T16:46:35.588660325Z: [    7.983833] ata5: SATA max UDMA/133 abar m4096@0xfebd2000 port 0xfebd2300 irq 24
[STDOUT  ] 2017-10-12T16:46:35.588658878Z: [    1.313002] ACPI: PCI Interrupt Link [LNKD] (IRQs 5 10 *11)
[STDERR  ] 2017-10-12T16:46:35.588668985Z: [    7.984239] ata6: SATA max UDMA/133 abar m4096@0xfebd2000 port 0xfebd2380 irq 24
[STDOUT  ] 2017-10-12T16:46:35.588667806Z: [    1.314597] ACPI: PCI Interrupt Link [LNKE] (IRQs 5 *10 11)
[STDOUT  ] 2017-10-12T16:46:35.588676768Z: [    1.316210] ACPI: PCI Interrupt Link [LNKF] (IRQs 5 *10 11)
[STDOUT  ] 2017-10-12T16:46:35.588685209Z: [    1.317865] ACPI: PCI Interrupt Link [LNKG] (IRQs 5 10 *11)
[STDERR  ] 2017-10-12T16:46:35.588684161Z: [    7.996283] tun: Universal TUN/TAP device driver, 1.6
[STDERR  ] 2017-10-12T16:46:35.588692852Z: [    7.996688] tun: (C) 1999-2004 Max Krasnyansky <maxk@qualcomm.com>
[STDOUT  ] 2017-10-12T16:46:35.588693795Z: [    1.320095] ACPI: PCI Interrupt Link [LNKH] (IRQs 5 10 *11)
[STDERR  ] 2017-10-12T16:46:35.588701493Z: [    8.007834] VMware vmxnet3 virtual NIC driver - version 1.4.a.0-k-NAPI
[STDOUT  ] 2017-10-12T16:46:35.588705244Z: [    1.320988] ACPI: PCI Interrupt Link [GSIA] (IRQs *16)
[STDERR  ] 2017-10-12T16:46:35.588712425Z: [    8.008655] hv_vmbus: registering driver hv_netvsc
[STDOUT  ] 2017-10-12T16:46:35.58871393Z: [    1.321626] ACPI: PCI Interrupt Link [GSIB] (IRQs *17)
[STDERR  ] 2017-10-12T16:46:35.588721187Z: [    8.008980] Fusion MPT base driver 3.04.20
[STDOUT  ] 2017-10-12T16:46:35.588722531Z: [    1.322255] ACPI: PCI Interrupt Link [GSIC] (IRQs *18)
[STDOUT  ] 2017-10-12T16:46:35.588731136Z: [    1.322909] ACPI: PCI Interrupt Link [GSID] (IRQs *19)
[STDERR  ] 2017-10-12T16:46:35.588729823Z: [    8.009230] Copyright (c) 1999-2008 LSI Corporation
[STDERR  ] 2017-10-12T16:46:35.588743615Z: [    8.009813] Fusion MPT SPI Host driver 3.04.20
[STDOUT  ] 2017-10-12T16:46:35.588744543Z: [    1.323566] ACPI: PCI Interrupt Link [GSIE] (IRQs *20)
[STDERR  ] 2017-10-12T16:46:35.588752233Z: [    8.012150] i8042: PNP: PS/2 Controller [PNP0303:KBD,PNP0f13:MOU] at 0x60,0x64 irq 1,12
[STDOUT  ] 2017-10-12T16:46:35.58875362Z: [    1.324228] ACPI: PCI Interrupt Link [GSIF] (IRQs *21)
[STDOUT  ] 2017-10-12T16:46:35.588762056Z: [    1.324866] ACPI: PCI Interrupt Link [GSIG] (IRQs *22)
[STDERR  ] 2017-10-12T16:46:35.588762385Z: [    8.016100] serio: i8042 KBD port at 0x60,0x64 irq 1
[STDOUT  ] 2017-10-12T16:46:35.588770519Z: [    1.325547] ACPI: PCI Interrupt Link [GSIH] (IRQs *23)
[STDERR  ] 2017-10-12T16:46:35.58877789Z: [    8.016714] serio: i8042 AUX port at 0x60,0x64 irq 12
[STDOUT  ] 2017-10-12T16:46:35.588779305Z: [    1.330452] ACPI: Enabled 2 GPEs in block 00 to 3F
[STDERR  ] 2017-10-12T16:46:35.588790179Z: [    8.019598] hv_vmbus: registering driver hyperv_keyboard
[STDOUT  ] 2017-10-12T16:46:35.588791663Z: [    1.334574] SCSI subsystem initialized
[STDERR  ] 2017-10-12T16:46:35.588798754Z: [    8.022028] mousedev: PS/2 mouse device common for all mice
[STDERR  ] 2017-10-12T16:46:35.588806654Z: [    8.028620] input: AT Translated Set 2 keyboard as /devices/platform/i8042/serio0/input/input1
[STDOUT  ] 2017-10-12T16:46:35.588800343Z: [    1.336460] ACPI: bus type USB registered
[STDERR  ] 2017-10-12T16:46:35.58881503Z: [    8.031768] input: PC Speaker as /devices/platform/pcspkr/input/input2
[STDOUT  ] 2017-10-12T16:46:35.588816665Z: [    1.337550] usbcore: registered new interface driver usbfs
[STDERR  ] 2017-10-12T16:46:35.588823738Z: [    8.034470] rtc_cmos 00:00: RTC can wake from S4
[STDOUT  ] 2017-10-12T16:46:35.588825198Z: [    1.338526] usbcore: registered new interface driver hub
[STDOUT  ] 2017-10-12T16:46:35.588833898Z: [    1.339278] usbcore: registered new device driver usb
[STDERR  ] 2017-10-12T16:46:35.588832335Z: [    8.038466] rtc_cmos 00:00: rtc core: registered rtc_cmos as rtc0
[STDERR  ] 2017-10-12T16:46:35.588841072Z: [    8.039709] rtc_cmos 00:00: alarms up to one day, y3k, 114 bytes nvram, hpet irqs
[STDOUT  ] 2017-10-12T16:46:35.588842603Z: [    1.340631] pps_core: LinuxPPS API ver. 1 registered
[STDERR  ] 2017-10-12T16:46:35.588852961Z: [    8.040668] i2c /dev entries driver
[STDOUT  ] 2017-10-12T16:46:35.588854445Z: [    1.341001] pps_core: Software ver. 5.3.6 - Copyright 2005-2007 Rodolfo Giometti <giometti@linux.it>
[STDOUT  ] 2017-10-12T16:46:35.588863412Z: [    1.341716] PTP clock support registered
[STDERR  ] 2017-10-12T16:46:35.588861727Z: [    8.042577] device-mapper: ioctl: 4.35.0-ioctl (2016-06-23) initialised: dm-devel@redhat.com
[STDERR  ] 2017-10-12T16:46:35.588870542Z: [    8.046925] usbcore: registered new interface driver usbhid
[STDOUT  ] 2017-10-12T16:46:35.588872053Z: [    1.342868] wmi: Mapper loaded
[STDERR  ] 2017-10-12T16:46:35.588879196Z: [    8.047281] usbhid: USB HID core driver
[STDOUT  ] 2017-10-12T16:46:35.588880722Z: [    1.343984] PCI: Using ACPI for IRQ routing
[STDERR  ] 2017-10-12T16:46:35.588887975Z: [    8.047899] hv_utils: Registering HyperV Utility Driver
[STDOUT  ] 2017-10-12T16:46:35.588889435Z: [    1.364156] NetLabel: Initializing
[STDERR  ] 2017-10-12T16:46:35.588903941Z: [    8.048234] hv_vmbus: registering driver hv_util
[STDOUT  ] 2017-10-12T16:46:35.588908873Z: [    1.364343] NetLabel:  domain hash size = 128
[STDERR  ] 2017-10-12T16:46:35.588912548Z: [    8.048508] hv_vmbus: registering driver hv_balloon
[STDOUT  ] 2017-10-12T16:46:35.588917647Z: [    1.364682] NetLabel:  protocols = UNLABELED CIPSOv4
[STDERR  ] 2017-10-12T16:46:35.588921256Z: [    8.049046] oprofile: using NMI interrupt.
[STDOUT  ] 2017-10-12T16:46:35.588926158Z: [    1.367182] NetLabel:  unlabeled traffic allowed by default
[STDERR  ] 2017-10-12T16:46:35.588930118Z: [    8.050510] GACT probability on
[STDERR  ] 2017-10-12T16:46:35.588939282Z: [    8.050998] Mirror/redirect action on
[STDOUT  ] 2017-10-12T16:46:35.588934837Z: [    1.368378] HPET: 3 timers in total, 0 timers will be used for per-cpu timer
[STDERR  ] 2017-10-12T16:46:35.588947663Z: [    8.051879] Simple TC action Loaded
[STDOUT  ] 2017-10-12T16:46:35.588949273Z: [    1.369194] hpet0: at MMIO 0xfed00000, IRQs 2, 8, 0
[STDERR  ] 2017-10-12T16:46:35.588956351Z: [    8.052405] u32 classifier
[STDOUT  ] 2017-10-12T16:46:35.588962913Z: [    1.369665] hpet0: 3 comparators, 64-bit 100.000000 MHz counter
[STDERR  ] 2017-10-12T16:46:35.588965166Z: [    8.052578]     Performance counters on
[STDOUT  ] 2017-10-12T16:46:35.588977747Z: [    1.375961] clocksource: Switched to clocksource hpet
[STDERR  ] 2017-10-12T16:46:35.588981923Z: [    8.052808]     input device check on
[STDOUT  ] 2017-10-12T16:46:35.588988154Z: [    1.727412] VFS: Disk quotas dquot_6.6.0
[STDERR  ] 2017-10-12T16:46:35.588990718Z: [    8.053014]     Actions configured
[STDOUT  ] 2017-10-12T16:46:35.58900006Z: [    1.728210] VFS: Dquot-cache hash table entries: 512 (order 0, 4096 bytes)
[STDERR  ] 2017-10-12T16:46:35.589002568Z: [    8.053628] Netfilter messages via NETLINK v0.30.
[STDOUT  ] 2017-10-12T16:46:35.58900879Z: [    1.732057] FS-Cache: Loaded
[STDERR  ] 2017-10-12T16:46:35.589011139Z: [    8.054239] nfnl_acct: registering with nfnetlink.
[STDOUT  ] 2017-10-12T16:46:35.58901788Z: [    1.737241] CacheFiles: Loaded
[STDERR  ] 2017-10-12T16:46:35.589019625Z: [    8.055803] nf_conntrack version 0.5.0 (8192 buckets, 32768 max)
[STDOUT  ] 2017-10-12T16:46:35.589026557Z: [    1.739011] pnp: PnP ACPI init
[STDERR  ] 2017-10-12T16:46:35.589028231Z: [    8.060044] ctnetlink v0.93: registering with nfnetlink.
[STDOUT  ] 2017-10-12T16:46:35.589034869Z: [    1.751352] pnp: PnP ACPI: found 5 devices
[STDERR  ] 2017-10-12T16:46:35.589041553Z: [    8.063786] nf_tables: (c) 2007-2009 Patrick McHardy <kaber@trash.net>
[STDOUT  ] 2017-10-12T16:46:35.589043548Z: [    1.809035] clocksource: acpi_pm: mask: 0xffffff max_cycles: 0xffffff, max_idle_ns: 2085701024 ns
[STDERR  ] 2017-10-12T16:46:35.589049987Z: [    8.064714] nf_tables_compat: (c) 2012 Pablo Neira Ayuso <pablo@netfilter.org>
[STDOUT  ] 2017-10-12T16:46:35.589052721Z: [    1.812810] NET: Registered protocol family 2
[STDERR  ] 2017-10-12T16:46:35.589062904Z: [    8.067022] xt_time: kernel timezone is -0000
[STDOUT  ] 2017-10-12T16:46:35.589064349Z: [    1.823257] TCP established hash table entries: 8192 (order: 4, 65536 bytes)
[STDOUT  ] 2017-10-12T16:46:35.589073411Z: [    1.824001] TCP bind hash table entries: 8192 (order: 5, 131072 bytes)
[STDERR  ] 2017-10-12T16:46:35.589071918Z: [    8.067603] ip_set: protocol 6
[STDERR  ] 2017-10-12T16:46:35.58908109Z: [    8.068269] IPVS: Registered protocols (TCP, UDP, SCTP, AH, ESP)
[STDOUT  ] 2017-10-12T16:46:35.58908187Z: [    1.824719] TCP: Hash tables configured (established 8192 bind 8192)
[STDERR  ] 2017-10-12T16:46:35.589089818Z: [    8.068898] IPVS: Connection hash table configured (size=4096, memory=64Kbytes)
[STDOUT  ] 2017-10-12T16:46:35.589091287Z: [    1.826677] UDP hash table entries: 512 (order: 2, 16384 bytes)
[STDERR  ] 2017-10-12T16:46:35.589098455Z: [    8.071040] IPVS: Creating netns size=2104 id=0
[STDOUT  ] 2017-10-12T16:46:35.589100134Z: [    1.827216] UDP-Lite hash table entries: 512 (order: 2, 16384 bytes)
[STDOUT  ] 2017-10-12T16:46:35.589108749Z: [    1.829632] NET: Registered protocol family 1
[STDERR  ] 2017-10-12T16:46:35.589107096Z: [    8.074852] IPVS: ipvs loaded.
[STDERR  ] 2017-10-12T16:46:35.589122041Z: [    8.075242] IPVS: [rr] scheduler registered.
[STDOUT  ] 2017-10-12T16:46:35.589118161Z: [    1.830820] pci 0000:00:01.0: Video device with shadowed ROM at [mem 0x000c0000-0x000dffff]
[STDOUT  ] 2017-10-12T16:46:35.589132775Z: [    1.839163] Unpacking initramfs...
[STDERR  ] 2017-10-12T16:46:35.589130958Z: [    8.075560] IPVS: [wrr] scheduler registered.
[STDOUT  ] 2017-10-12T16:46:35.58914131Z: [    7.631230] Freeing initrd memory: 32472K
[STDERR  ] 2017-10-12T16:46:35.589139513Z: [    8.075848] IPVS: [lc] scheduler registered.
[STDERR  ] 2017-10-12T16:46:35.589148093Z: [    8.076101] IPVS: [wlc] scheduler registered.
[STDOUT  ] 2017-10-12T16:46:35.589149946Z: [    7.663461] PCLMULQDQ-NI instructions are not detected.
[STDERR  ] 2017-10-12T16:46:35.589156677Z: [    8.076351] IPVS: [fo] scheduler registered.
[STDOUT  ] 2017-10-12T16:46:35.589158444Z: [    7.664616] AVX or AES-NI instructions are not detected.
[STDERR  ] 2017-10-12T16:46:35.589165285Z: [    8.076624] IPVS: [ovf] scheduler registered.
[STDOUT  ] 2017-10-12T16:46:35.589167015Z: [    7.665125] CPU feature 'AVX registers' is not supported.
[STDERR  ] 2017-10-12T16:46:35.589173928Z: [    8.077044] IPVS: [lblc] scheduler registered.
[STDOUT  ] 2017-10-12T16:46:35.589180839Z: [    7.665504] CPU feature 'AVX registers' is not supported.
[STDERR  ] 2017-10-12T16:46:35.589182511Z: [    8.077483] IPVS: [lblcr] scheduler registered.
[STDERR  ] 2017-10-12T16:46:35.589190878Z: [    8.077780] IPVS: [dh] scheduler registered.
[STDOUT  ] 2017-10-12T16:46:35.589194305Z: [    7.665867] CPU feature 'AVX registers' is not supported.
[STDOUT  ] 2017-10-12T16:46:35.589203251Z: [    7.666270] CPU feature 'AVX registers' is not supported.
[STDERR  ] 2017-10-12T16:46:35.589199782Z: [    8.078049] IPVS: [sh] scheduler registered.
[STDOUT  ] 2017-10-12T16:46:35.589211811Z: [    7.666638] AVX2 or AES-NI instructions are not detected.
[STDERR  ] 2017-10-12T16:46:35.589209196Z: [    8.078329] IPVS: [sed] scheduler registered.
[STDERR  ] 2017-10-12T16:46:35.589217806Z: [    8.078602] IPVS: [nq] scheduler registered.
[STDOUT  ] 2017-10-12T16:46:35.589220445Z: [    7.666994] AVX2 instructions are not detected.
[STDOUT  ] 2017-10-12T16:46:35.589229037Z: [    7.674609] audit: initializing netlink subsys (disabled)
[STDERR  ] 2017-10-12T16:46:35.589226526Z: [    8.079287] IPVS: ftp: loaded support on port[0] = 21
[STDOUT  ] 2017-10-12T16:46:35.589237271Z: [    7.676358] audit: type=2000 audit(1507826760.670:1): initialized
[STDERR  ] 2017-10-12T16:46:35.589241838Z: [    8.080652] ipip: IPv4 and MPLS over IPv4 tunneling driver
[STDOUT  ] 2017-10-12T16:46:35.589245863Z: [    7.686475] workingset: timestamp_bits=46 max_order=18 bucket_order=0
[STDERR  ] 2017-10-12T16:46:35.589250384Z: [    8.085913] gre: GRE over IPv4 demultiplexor driver
[STDERR  ] 2017-10-12T16:46:35.589259402Z: [    8.089663] ip_tables: (C) 2000-2006 Netfilter Core Team
[STDOUT  ] 2017-10-12T16:46:35.589259783Z: [    7.691223] squashfs: version 4.0 (2009/01/31) Phillip Lougher
[STDERR  ] 2017-10-12T16:46:35.589267947Z: [    8.093782] ipt_CLUSTERIP: ClusterIP Version 0.8 loaded successfully
[STDOUT  ] 2017-10-12T16:46:35.589270997Z: [    7.694298] FS-Cache: Netfs 'cifs' registered for caching
[STDOUT  ] 2017-10-12T16:46:35.589279664Z: [    7.695392] fuse init (API version 7.26)
[STDERR  ] 2017-10-12T16:46:35.58927668Z: [    8.094527] arp_tables: arp_tables: (C) 2002 David S. Miller
[STDERR  ] 2017-10-12T16:46:35.589285717Z: [    8.096805] NET: Registered protocol family 10
[STDOUT  ] 2017-10-12T16:46:35.589288303Z: [    7.697674] SGI XFS with ACLs, security attributes, no debug enabled
[STDERR  ] 2017-10-12T16:46:35.589294412Z: [    8.106168] ip6_tables: (C) 2000-2006 Netfilter Core Team
[STDOUT  ] 2017-10-12T16:46:35.589301472Z: [    7.701682] 9p: Installing v9fs 9p2000 file system support
[STDERR  ] 2017-10-12T16:46:35.589303006Z: [    8.114372] NET: Registered protocol family 17
[STDOUT  ] 2017-10-12T16:46:35.589310227Z: [    7.702168] FS-Cache: Netfs '9p' registered for caching
[STDERR  ] 2017-10-12T16:46:35.589313514Z: [    8.115420] Bridge firewalling registered
[STDOUT  ] 2017-10-12T16:46:35.589319534Z: [    7.732708] NET: Registered protocol family 38
[STDERR  ] 2017-10-12T16:46:35.589324091Z: [    8.115930] Ebtables v2.0 registered
