[INFO    ] 2017-08-17T10:34:40.219384296Z: Running Test linuxkit.packages.containerd in /tmp/build/test/cases/040_packages/003_containerd
[INFO    ] 2017-08-17T10:34:40.219496121Z: Running command: [/bin/sh -x /tmp/build/test/cases/040_packages/003_containerd/test.sh]
[STDERR  ] 2017-08-17T10:34:40.22057303Z: + set -e
[STDERR  ] 2017-08-17T10:34:40.220648723Z: + . /tmp/build/test/cases/_lib/lib.sh
[STDERR  ] 2017-08-17T10:34:40.220659306Z: + [ -f src/github.com/linuxkit/rtf/lib/lib.sh ]
[STDERR  ] 2017-08-17T10:34:40.220669836Z: + LINUXKIT_TMPDIR=/tmp/build/test/cases/_tmp
[STDERR  ] 2017-08-17T10:34:40.220678667Z: + [ -f /tmp/build/test/cases/_tmp/env.sh ]
[STDERR  ] 2017-08-17T10:34:40.220702432Z: + . /tmp/build/test/cases/_tmp/env.sh
[STDERR  ] 2017-08-17T10:34:40.220727569Z: + export LINUXKIT_EXAMPLES_DIR=/tmp/build/test/cases/../../examples
[STDERR  ] 2017-08-17T10:34:40.220739929Z: + export LINUXKIT_BLUEPRINTS_DIR=/tmp/build/test/cases/../../blueprints
[STDERR  ] 2017-08-17T10:34:40.220750095Z: + RT_CANCEL=253
[STDERR  ] 2017-08-17T10:34:40.220759775Z: + trap clean_up EXIT
[STDERR  ] 2017-08-17T10:34:40.220774293Z: + moby build test-containerd.yml
[STDERR  ] 2017-08-17T10:34:40.251761168Z: Extract kernel image: linuxkit/kernel:4.9.43
[STDERR  ] 2017-08-17T10:34:42.187748324Z: Add init containers:
[STDERR  ] 2017-08-17T10:34:42.187847046Z: Process init image: linuxkit/init:c7d651da1a5e308c757bc61ce6a41804ea843426
[STDERR  ] 2017-08-17T10:34:43.48710066Z: Process init image: linuxkit/runc:838259153885c0c40460379d6cdb7baebaf3fa36
[STDERR  ] 2017-08-17T10:34:44.72333066Z: Process init image: linuxkit/containerd:09a21d6606a4011efebacff62a88b956ecac01be
[STDERR  ] 2017-08-17T10:34:46.427287754Z: Process init image: linuxkit/ca-certificates:e44b0a66df5a102c0e220f0066b0d904710dcb10
[STDERR  ] 2017-08-17T10:34:47.651364137Z: Add onboot containers:
[STDERR  ] 2017-08-17T10:34:47.651432493Z:   Create OCI config for linuxkit/dhcpcd:f3f5413abb78fae9020e35bd4788fa93df4530b7
[STDERR  ] 2017-08-17T10:34:48.932612949Z:   Create OCI config for linuxkit/sysctl:154913b72c6f1f33eb408609fca9963628e8c051
[STDERR  ] 2017-08-17T10:34:50.163771276Z:   Create OCI config for linuxkit/format:158d992b7bf7ab984100c697d7e72161ea7d7382
[STDERR  ] 2017-08-17T10:34:51.617323324Z:   Create OCI config for linuxkit/mount:4fe245efb01384e42622c36302e13e386bbaeb08
[STDERR  ] 2017-08-17T10:34:52.876205514Z:   Create OCI config for linuxkit/test-containerd:1918b152cbfc10d73004797ac38beb14d6239187
[STDERR  ] 2017-08-17T10:34:55.067089882Z: Pull image: docker.io/linuxkit/test-containerd:1918b152cbfc10d73004797ac38beb14d6239187@sha256:6f10762f1c9ccf941f06aa0c6da111728320634eaa07caff9b9dd0056c3b5abc
[STDERR  ] 2017-08-17T10:35:16.720927368Z:   Create OCI config for linuxkit/poweroff:1e9876c682c74d0602b7647c628bb0875fb13998
[STDERR  ] 2017-08-17T10:35:18.353053107Z: Create outputs:
[STDERR  ] 2017-08-17T10:35:49.682622473Z:   test-containerd-kernel test-containerd-initrd.img test-containerd-cmdline
[STDERR  ] 2017-08-17T10:35:50.043860588Z: + linuxkit run -mem 2048 -disk size=2G test-containerd
[STDERR  ] 2017-08-17T10:35:50.094653907Z: Unable to find qemu-system-x86_64 within the $PATH. Using a container
[STDERR  ] 2017-08-17T10:48:24.759521566Z: + RESULT=[    0.000000] Linux version 4.9.43-linuxkit (root@e1ede117fb1e) (gcc version 6.3.0 (Alpine 6.3.0) ) #1 SMP Mon Aug 14 11:26:59 UTC 2017
[STDERR  ] 2017-08-17T10:48:24.759618298Z: [    0.000000] Command line: console=ttyS0 page_poison=1
[STDERR  ] 2017-08-17T10:48:24.759633478Z: [    0.000000] x86/fpu: Legacy x87 FPU detected.
[STDERR  ] 2017-08-17T10:48:24.759646996Z: [    0.000000] x86/fpu: Using 'eager' FPU context switches.
[STDERR  ] 2017-08-17T10:48:24.759657825Z: [    0.000000] e820: BIOS-provided physical RAM map:
[STDERR  ] 2017-08-17T10:48:24.759671393Z: [    0.000000] BIOS-e820: [mem 0x0000000000000000-0x000000000009fbff] usable
[STDERR  ] 2017-08-17T10:48:24.759685344Z: [    0.000000] BIOS-e820: [mem 0x000000000009fc00-0x000000000009ffff] reserved
[STDERR  ] 2017-08-17T10:48:24.759696258Z: [    0.000000] BIOS-e820: [mem 0x00000000000f0000-0x00000000000fffff] reserved
[STDERR  ] 2017-08-17T10:48:24.759721493Z: [    0.000000] BIOS-e820: [mem 0x0000000000100000-0x000000007ffdefff] usable
[STDERR  ] 2017-08-17T10:48:24.759733046Z: [    0.000000] BIOS-e820: [mem 0x000000007ffdf000-0x000000007fffffff] reserved
[STDERR  ] 2017-08-17T10:48:24.759743497Z: [    0.000000] BIOS-e820: [mem 0x00000000b0000000-0x00000000bfffffff] reserved
[STDERR  ] 2017-08-17T10:48:24.759753594Z: [    0.000000] BIOS-e820: [mem 0x00000000fed1c000-0x00000000fed1ffff] reserved
[STDERR  ] 2017-08-17T10:48:24.759764278Z: [    0.000000] BIOS-e820: [mem 0x00000000fffc0000-0x00000000ffffffff] reserved
[STDERR  ] 2017-08-17T10:48:24.759775834Z: [    0.000000] NX (Execute Disable) protection: active
[STDERR  ] 2017-08-17T10:48:24.759786476Z: [    0.000000] SMBIOS 2.8 present.
[STDERR  ] 2017-08-17T10:48:24.75979777Z: [    0.000000] e820: last_pfn = 0x7ffdf max_arch_pfn = 0x400000000
[STDERR  ] 2017-08-17T10:48:24.759808896Z: [    0.000000] x86/PAT: Configuration [0-7]: WB  WC  UC- UC  WB  WC  UC- WT  
[STDERR  ] 2017-08-17T10:48:24.759818858Z: [    0.000000] found SMP MP-table at [mem 0x000f6aa0-0x000f6aaf] mapped at [ffff96af800f6aa0]
[STDERR  ] 2017-08-17T10:48:24.759831461Z: [    0.000000] RAMDISK: [mem 0x74344000-0x7ffcffff]
[STDERR  ] 2017-08-17T10:48:24.759842377Z: [    0.000000] ACPI: Early table checksum verification disabled
[STDERR  ] 2017-08-17T10:48:24.759853839Z: [    0.000000] ACPI: RSDP 0x00000000000F68C0 000014 (v00 BOCHS )
[STDERR  ] 2017-08-17T10:48:24.759863757Z: [    0.000000] ACPI: RSDT 0x000000007FFE2404 000034 (v01 BOCHS  BXPCRSDT 00000001 BXPC 00000001)
[STDERR  ] 2017-08-17T10:48:24.759873645Z: [    0.000000] ACPI: FACP 0x000000007FFE22A4 000074 (v01 BOCHS  BXPCFACP 00000001 BXPC 00000001)
[STDERR  ] 2017-08-17T10:48:24.759883401Z: [    0.000000] ACPI: DSDT 0x000000007FFE0040 002264 (v01 BOCHS  BXPCDSDT 00000001 BXPC 00000001)
[STDERR  ] 2017-08-17T10:48:24.759893439Z: [    0.000000] ACPI: FACS 0x000000007FFE0000 000040
[STDERR  ] 2017-08-17T10:48:24.759904639Z: [    0.000000] ACPI: APIC 0x000000007FFE2318 000078 (v01 BOCHS  BXPCAPIC 00000001 BXPC 00000001)
[STDERR  ] 2017-08-17T10:48:24.759915512Z: [    0.000000] ACPI: HPET 0x000000007FFE2390 000038 (v01 BOCHS  BXPCHPET 00000001 BXPC 00000001)
[STDERR  ] 2017-08-17T10:48:24.759925495Z: [    0.000000] ACPI: MCFG 0x000000007FFE23C8 00003C (v01 BOCHS  BXPCMCFG 00000001 BXPC 00000001)
[STDERR  ] 2017-08-17T10:48:24.759936263Z: [    0.000000] Zone ranges:
[STDERR  ] 2017-08-17T10:48:24.759946899Z: [    0.000000]   DMA      [mem 0x0000000000001000-0x0000000000ffffff]
[STDERR  ] 2017-08-17T10:48:24.759956932Z: [    0.000000]   DMA32    [mem 0x0000000001000000-0x000000007ffdefff]
[STDERR  ] 2017-08-17T10:48:24.759967733Z: [    0.000000]   Normal   empty
[STDERR  ] 2017-08-17T10:48:24.759980917Z: [    0.000000] Movable zone start for each node
[STDERR  ] 2017-08-17T10:48:24.759991171Z: [    0.000000] Early memory node ranges
[STDERR  ] 2017-08-17T10:48:24.760001454Z: [    0.000000]   node   0: [mem 0x0000000000001000-0x000000000009efff]
[STDERR  ] 2017-08-17T10:48:24.760020495Z: [    0.000000]   node   0: [mem 0x0000000000100000-0x000000007ffdefff]
[STDERR  ] 2017-08-17T10:48:24.760030839Z: [    0.000000] Initmem setup node 0 [mem 0x0000000000001000-0x000000007ffdefff]
[STDERR  ] 2017-08-17T10:48:24.7600403Z: [    0.000000] ACPI: PM-Timer IO Port: 0x608
[STDERR  ] 2017-08-17T10:48:24.760050175Z: [    0.000000] ACPI: LAPIC_NMI (acpi_id[0xff] dfl dfl lint[0x1])
[STDERR  ] 2017-08-17T10:48:24.760059889Z: [    0.000000] IOAPIC[0]: apic_id 0, version 32, address 0xfec00000, GSI 0-23
[STDERR  ] 2017-08-17T10:48:24.760072146Z: [    0.000000] ACPI: INT_SRC_OVR (bus 0 bus_irq 0 global_irq 2 dfl dfl)
[STDERR  ] 2017-08-17T10:48:24.760082206Z: [    0.000000] ACPI: INT_SRC_OVR (bus 0 bus_irq 5 global_irq 5 high level)
[STDERR  ] 2017-08-17T10:48:24.760091898Z: [    0.000000] ACPI: INT_SRC_OVR (bus 0 bus_irq 9 global_irq 9 high level)
[STDERR  ] 2017-08-17T10:48:24.760101576Z: [    0.000000] ACPI: INT_SRC_OVR (bus 0 bus_irq 10 global_irq 10 high level)
[STDERR  ] 2017-08-17T10:48:24.760115908Z: [    0.000000] ACPI: INT_SRC_OVR (bus 0 bus_irq 11 global_irq 11 high level)
[STDERR  ] 2017-08-17T10:48:24.760125339Z: [    0.000000] Using ACPI (MADT) for SMP configuration information
[STDERR  ] 2017-08-17T10:48:24.760135026Z: [    0.000000] ACPI: HPET id: 0x8086a201 base: 0xfed00000
[STDERR  ] 2017-08-17T10:48:24.760144455Z: [    0.000000] smpboot: Allowing 1 CPUs, 0 hotplug CPUs
[STDERR  ] 2017-08-17T10:48:24.760153947Z: [    0.000000] e820: [mem 0xc0000000-0xfed1bfff] available for PCI devices
[STDERR  ] 2017-08-17T10:48:24.76016386Z: [    0.000000] Booting paravirtualized kernel on bare hardware
[STDERR  ] 2017-08-17T10:48:24.760173198Z: [    0.000000] clocksource: refined-jiffies: mask: 0xffffffff max_cycles: 0xffffffff, max_idle_ns: 19112604462750000 ns
[STDERR  ] 2017-08-17T10:48:24.760187824Z: [    0.000000] setup_percpu: NR_CPUS:128 nr_cpumask_bits:128 nr_cpu_ids:1 nr_node_ids:1
[STDERR  ] 2017-08-17T10:48:24.760197126Z: [    0.000000] percpu: Embedded 35 pages/cpu @ffff96aff4000000 s105240 r8192 d29928 u2097152
[STDERR  ] 2017-08-17T10:48:24.760206807Z: [    0.000000] Built 1 zonelists in Zone order, mobility grouping on.  Total pages: 515944
[STDERR  ] 2017-08-17T10:48:24.760215973Z: [    0.000000] Kernel command line: console=ttyS0 page_poison=1
[STDERR  ] 2017-08-17T10:48:24.760225246Z: [    0.000000] PID hash table entries: 4096 (order: 3, 32768 bytes)
[STDERR  ] 2017-08-17T10:48:24.760238247Z: [    0.000000] Dentry cache hash table entries: 262144 (order: 9, 2097152 bytes)
[STDERR  ] 2017-08-17T10:48:24.760250419Z: [    0.000000] Inode-cache hash table entries: 131072 (order: 8, 1048576 bytes)
[STDERR  ] 2017-08-17T10:48:24.760260352Z: [    0.000000] Memory: 1851756K/2096628K available (8028K kernel code, 1366K rwdata, 2696K rodata, 1380K init, 568K bss, 244872K reserved, 0K cma-reserved)
[STDERR  ] 2017-08-17T10:48:24.760284421Z: [    0.000000] Hierarchical RCU implementation.
[STDERR  ] 2017-08-17T10:48:24.760293926Z: [    0.000000] 	Build-time adjustment of leaf fanout to 64.
[STDERR  ] 2017-08-17T10:48:24.760303411Z: [    0.000000] 	RCU restricting CPUs from NR_CPUS=128 to nr_cpu_ids=1.
[STDERR  ] 2017-08-17T10:48:24.760313353Z: [    0.000000] RCU: Adjusting geometry for rcu_fanout_leaf=64, nr_cpu_ids=1
[STDERR  ] 2017-08-17T10:48:24.760323533Z: [    0.000000] NR_IRQS:8448 nr_irqs:256 16
[STDERR  ] 2017-08-17T10:48:24.760335687Z: [    0.000000] Console: colour VGA+ 80x25
[STDERR  ] 2017-08-17T10:48:24.760347765Z: [    0.000000] console [ttyS0] enabled
[STDERR  ] 2017-08-17T10:48:24.760357411Z: [    0.000000] allocated 4194304 bytes of page_ext
[STDERR  ] 2017-08-17T10:48:24.760367282Z: [    0.000000] clocksource: hpet: mask: 0xffffffff max_cycles: 0xffffffff, max_idle_ns: 19112604467 ns
[STDERR  ] 2017-08-17T10:48:24.760377873Z: [    0.000000] tsc: Fast TSC calibration using PIT
[STDERR  ] 2017-08-17T10:48:24.760387162Z: [    0.000000] tsc: Detected 2599.926 MHz processor
[STDERR  ] 2017-08-17T10:48:24.760396872Z: [    0.022325] Calibrating delay loop (skipped), value calculated using timer frequency.. 5199.85 BogoMIPS (lpj=25999260)
[STDERR  ] 2017-08-17T10:48:24.760411857Z: [    0.023234] pid_max: default: 32768 minimum: 301
[STDERR  ] 2017-08-17T10:48:24.760424056Z: [    0.024353] ACPI: Core revision 20160831
[STDERR  ] 2017-08-17T10:48:24.760433727Z: [    0.075343] ACPI: 1 ACPI AML tables successfully acquired and loaded
[STDERR  ] 2017-08-17T10:48:24.760443755Z: [    0.080289] Security Framework initialized
[STDERR  ] 2017-08-17T10:48:24.760454647Z: [    0.080585] Yama: becoming mindful.
[STDERR  ] 2017-08-17T10:48:24.76046573Z: [    0.082611] Mount-cache hash table entries: 4096 (order: 3, 32768 bytes)
[STDERR  ] 2017-08-17T10:48:24.760475446Z: [    0.082936] Mountpoint-cache hash table entries: 4096 (order: 3, 32768 bytes)
[STDERR  ] 2017-08-17T10:48:24.760507237Z: [    0.103726] Last level iTLB entries: 4KB 0, 2MB 0, 4MB 0
[STDERR  ] 2017-08-17T10:48:24.760517439Z: [    0.104020] Last level dTLB entries: 4KB 0, 2MB 0, 4MB 0, 1GB 0
[STDERR  ] 2017-08-17T10:48:24.760531232Z: [    0.425947] Freeing SMP alternatives memory: 20K
[STDERR  ] 2017-08-17T10:48:24.760541565Z: [    0.437722] ftrace: allocating 35486 entries in 139 pages
[STDERR  ] 2017-08-17T10:48:24.760550887Z: [    0.644533] smpboot: Max logical packages: 1
[STDERR  ] 2017-08-17T10:48:24.760560314Z: [    0.652892] ..TIMER: vector=0x30 apic1=0 pin1=2 apic2=-1 pin2=-1
[STDERR  ] 2017-08-17T10:48:24.760569723Z: [    0.760000] smpboot: CPU0: AMD QEMU Virtual CPU version 2.5+ (family: 0x6, model: 0x6, stepping: 0x3)
[STDERR  ] 2017-08-17T10:48:24.760579727Z: [    0.760000] Performance Events: PMU not available due to virtualization, using software events only.
[STDERR  ] 2017-08-17T10:48:24.760589466Z: [    0.771972] NMI watchdog: disabled (cpu0): hardware events not enabled
[STDERR  ] 2017-08-17T10:48:24.760601652Z: [    0.772639] NMI watchdog: Shutting down hard lockup detector on all cpus
[STDERR  ] 2017-08-17T10:48:24.760611128Z: [    0.776710] x86: Booted up 1 node, 1 CPUs
[STDERR  ] 2017-08-17T10:48:24.760621096Z: [    0.777188] smpboot: Total of 1 processors activated (5199.85 BogoMIPS)
[STDERR  ] 2017-08-17T10:48:24.760633569Z: [    0.795124] devtmpfs: initialized
[STDERR  ] 2017-08-17T10:48:24.760643363Z: [    0.802755] x86/mm: Memory block size: 128MB
[STDERR  ] 2017-08-17T10:48:24.760652616Z: [    0.877854] clocksource: jiffies: mask: 0xffffffff max_cycles: 0xffffffff, max_idle_ns: 19112604462750000 ns
[STDERR  ] 2017-08-17T10:48:24.760662167Z: [    0.878904] futex hash table entries: 256 (order: 2, 16384 bytes)
[STDERR  ] 2017-08-17T10:48:24.760671791Z: [    0.890271] NET: Registered protocol family 16
[STDERR  ] 2017-08-17T10:48:24.760682937Z: [    0.900926] cpuidle: using governor ladder
[STDERR  ] 2017-08-17T10:48:24.760692222Z: [    0.901341] cpuidle: using governor menu
[STDERR  ] 2017-08-17T10:48:24.760701515Z: [    0.902664] ACPI: bus type PCI registered
[STDERR  ] 2017-08-17T10:48:24.760710629Z: [    0.906184] PCI: MMCONFIG for domain 0000 [bus 00-ff] at [mem 0xb0000000-0xbfffffff] (base 0xb0000000)
[STDERR  ] 2017-08-17T10:48:24.760723407Z: [    0.907059] PCI: MMCONFIG at [mem 0xb0000000-0xbfffffff] reserved in E820
[STDERR  ] 2017-08-17T10:48:24.760733187Z: [    0.908519] PCI: Using configuration type 1 for base access
[STDERR  ] 2017-08-17T10:48:24.760744343Z: [    0.974406] HugeTLB registered 2 MB page size, pre-allocated 0 pages
[STDERR  ] 2017-08-17T10:48:24.760756085Z: [    0.992182] ACPI: Added _OSI(Module Device)
[STDERR  ] 2017-08-17T10:48:24.760766051Z: [    0.992561] ACPI: Added _OSI(Processor Device)
[STDERR  ] 2017-08-17T10:48:24.760775534Z: [    0.992982] ACPI: Added _OSI(3.0 _SCP Extensions)
[STDERR  ] 2017-08-17T10:48:24.760785435Z: [    0.993293] ACPI: Added _OSI(Processor Aggregator Device)
[STDERR  ] 2017-08-17T10:48:24.760795145Z: [    1.076990] ACPI: Interpreter enabled
[STDERR  ] 2017-08-17T10:48:24.760804571Z: [    1.078100] ACPI: (supports S0 S5)
[STDERR  ] 2017-08-17T10:48:24.760813823Z: [    1.078475] ACPI: Using IOAPIC for interrupt routing
[STDERR  ] 2017-08-17T10:48:24.760827962Z: [    1.081767] PCI: Using host bridge windows from ACPI; if necessary, use "pci=nocrs" and report a bug
[STDERR  ] 2017-08-17T10:48:24.760837474Z: [    1.154585] ACPI: PCI Root Bridge [PCI0] (domain 0000 [bus 00-ff])
[STDERR  ] 2017-08-17T10:48:24.760847529Z: [    1.155822] acpi PNP0A08:00: _OSC: OS supports [ExtendedConfig ASPM ClockPM Segments MSI]
[STDERR  ] 2017-08-17T10:48:24.760857469Z: [    1.162942] acpi PNP0A08:00: _OSC: OS now controls [PCIeHotplug PME PCIeCapability]
[STDERR  ] 2017-08-17T10:48:24.760866939Z: [    1.167328] PCI host bridge to bus 0000:00
[STDERR  ] 2017-08-17T10:48:24.760876335Z: [    1.167969] pci_bus 0000:00: root bus resource [io  0x0000-0x0cf7 window]
[STDERR  ] 2017-08-17T10:48:24.760887411Z: [    1.168475] pci_bus 0000:00: root bus resource [io  0x0d00-0xffff window]
[STDERR  ] 2017-08-17T10:48:24.760896751Z: [    1.168931] pci_bus 0000:00: root bus resource [mem 0x000a0000-0x000bffff window]
[STDERR  ] 2017-08-17T10:48:24.760906086Z: [    1.169389] pci_bus 0000:00: root bus resource [mem 0xc0000000-0xfebfffff window]
[STDERR  ] 2017-08-17T10:48:24.760919688Z: [    1.170210] pci_bus 0000:00: root bus resource [bus 00-ff]
[STDERR  ] 2017-08-17T10:48:24.760929218Z: [    1.333115] pci 0000:00:1f.0: quirk: [io  0x0600-0x067f] claimed by ICH6 ACPI/GPIO/TCO
[STDERR  ] 2017-08-17T10:48:24.760938661Z: [    1.424325] ACPI: PCI Interrupt Link [LNKA] (IRQs 5 *10 11)
[STDERR  ] 2017-08-17T10:48:24.760948158Z: [    1.427090] ACPI: PCI Interrupt Link [LNKB] (IRQs 5 *10 11)
[STDERR  ] 2017-08-17T10:48:24.760960819Z: [    1.430150] ACPI: PCI Interrupt Link [LNKC] (IRQs 5 10 *11)
[STDERR  ] 2017-08-17T10:48:24.760970436Z: [    1.432151] ACPI: PCI Interrupt Link [LNKD] (IRQs 5 10 *11)
[STDERR  ] 2017-08-17T10:48:24.760980597Z: [    1.434126] ACPI: PCI Interrupt Link [LNKE] (IRQs 5 *10 11)
[STDERR  ] 2017-08-17T10:48:24.760992674Z: [    1.436086] ACPI: PCI Interrupt Link [LNKF] (IRQs 5 *10 11)
[STDERR  ] 2017-08-17T10:48:24.761002554Z: [    1.438019] ACPI: PCI Interrupt Link [LNKG] (IRQs 5 10 *11)
[STDERR  ] 2017-08-17T10:48:24.761013525Z: [    1.440205] ACPI: PCI Interrupt Link [LNKH] (IRQs 5 10 *11)
[STDERR  ] 2017-08-17T10:48:24.761023825Z: [    1.441154] ACPI: PCI Interrupt Link [GSIA] (IRQs *16)
[STDERR  ] 2017-08-17T10:48:24.761033683Z: [    1.441848] ACPI: PCI Interrupt Link [GSIB] (IRQs *17)
[STDERR  ] 2017-08-17T10:48:24.761043055Z: [    1.442476] ACPI: PCI Interrupt Link [GSIC] (IRQs *18)
[STDERR  ] 2017-08-17T10:48:24.761052281Z: [    1.443169] ACPI: PCI Interrupt Link [GSID] (IRQs *19)
[STDERR  ] 2017-08-17T10:48:24.761061868Z: [    1.443854] ACPI: PCI Interrupt Link [GSIE] (IRQs *20)
[STDERR  ] 2017-08-17T10:48:24.761071306Z: [    1.444561] ACPI: PCI Interrupt Link [GSIF] (IRQs *21)
[STDERR  ] 2017-08-17T10:48:24.761082777Z: [    1.445234] ACPI: PCI Interrupt Link [GSIG] (IRQs *22)
[STDERR  ] 2017-08-17T10:48:24.761092389Z: [    1.445924] ACPI: PCI Interrupt Link [GSIH] (IRQs *23)
[STDERR  ] 2017-08-17T10:48:24.761101788Z: [    1.450000] ACPI: Enabled 2 GPEs in block 00 to 3F
[STDERR  ] 2017-08-17T10:48:24.761110931Z: [    1.454394] SCSI subsystem initialized
[STDERR  ] 2017-08-17T10:48:24.761122777Z: [    1.456551] ACPI: bus type USB registered
[STDERR  ] 2017-08-17T10:48:24.761132091Z: [    1.457888] usbcore: registered new interface driver usbfs
[STDERR  ] 2017-08-17T10:48:24.761141463Z: [    1.458868] usbcore: registered new interface driver hub
[STDERR  ] 2017-08-17T10:48:24.761150533Z: [    1.460657] usbcore: registered new device driver usb
[STDERR  ] 2017-08-17T10:48:24.761159725Z: [    1.461891] pps_core: LinuxPPS API ver. 1 registered
[STDERR  ] 2017-08-17T10:48:24.761169254Z: [    1.462176] pps_core: Software ver. 5.3.6 - Copyright 2005-2007 Rodolfo Giometti <giometti@linux.it>
[STDERR  ] 2017-08-17T10:48:24.761181256Z: [    1.462914] PTP clock support registered
[STDERR  ] 2017-08-17T10:48:24.761190898Z: [    1.464050] wmi: Mapper loaded
[STDERR  ] 2017-08-17T10:48:24.76120046Z: [    1.465382] PCI: Using ACPI for IRQ routing
[STDERR  ] 2017-08-17T10:48:24.761214201Z: [    1.485748] NetLabel: Initializing
[STDERR  ] 2017-08-17T10:48:24.761223593Z: [    1.485999] NetLabel:  domain hash size = 128
[STDERR  ] 2017-08-17T10:48:24.761232984Z: [    1.486416] NetLabel:  protocols = UNLABELED CIPSOv4
[STDERR  ] 2017-08-17T10:48:24.761242315Z: [    1.489005] NetLabel:  unlabeled traffic allowed by default
[STDERR  ] 2017-08-17T10:48:24.76125461Z: [    1.490908] HPET: 3 timers in total, 0 timers will be used for per-cpu timer
[STDERR  ] 2017-08-17T10:48:24.761266593Z: [    1.491765] hpet0: at MMIO 0xfed00000, IRQs 2, 8, 0
[STDERR  ] 2017-08-17T10:48:24.761277489Z: [    1.492225] hpet0: 3 comparators, 64-bit 100.000000 MHz counter
[STDERR  ] 2017-08-17T10:48:24.761286663Z: [    1.498911] clocksource: Switched to clocksource hpet
[STDERR  ] 2017-08-17T10:48:24.76129872Z: [    1.794058] VFS: Disk quotas dquot_6.6.0
[STDERR  ] 2017-08-17T10:48:24.761309591Z: [    1.794901] VFS: Dquot-cache hash table entries: 512 (order 0, 4096 bytes)
[STDERR  ] 2017-08-17T10:48:24.761323956Z: [    1.798833] FS-Cache: Loaded
[STDERR  ] 2017-08-17T10:48:24.761333333Z: [    1.805274] CacheFiles: Loaded
[STDERR  ] 2017-08-17T10:48:24.761343121Z: [    1.807342] pnp: PnP ACPI init
[STDERR  ] 2017-08-17T10:48:24.761354027Z: [    1.820375] pnp: PnP ACPI: found 5 devices
[STDERR  ] 2017-08-17T10:48:24.761363342Z: [    1.878180] clocksource: acpi_pm: mask: 0xffffff max_cycles: 0xffffff, max_idle_ns: 2085701024 ns
[STDERR  ] 2017-08-17T10:48:24.761375772Z: [    1.882805] NET: Registered protocol family 2
[STDERR  ] 2017-08-17T10:48:24.761385523Z: [    1.892256] TCP established hash table entries: 16384 (order: 5, 131072 bytes)
[STDERR  ] 2017-08-17T10:48:24.761394741Z: [    1.893332] TCP bind hash table entries: 16384 (order: 6, 262144 bytes)
[STDERR  ] 2017-08-17T10:48:24.761404502Z: [    1.894734] TCP: Hash tables configured (established 16384 bind 16384)
[STDERR  ] 2017-08-17T10:48:24.761417924Z: [    1.896340] UDP hash table entries: 1024 (order: 3, 32768 bytes)
[STDERR  ] 2017-08-17T10:48:24.761427216Z: [    1.897029] UDP-Lite hash table entries: 1024 (order: 3, 32768 bytes)
[STDERR  ] 2017-08-17T10:48:24.761436683Z: [    1.899658] NET: Registered protocol family 1
[STDERR  ] 2017-08-17T10:48:24.76144596Z: [    1.901100] pci 0000:00:01.0: Video device with shadowed ROM at [mem 0x000c0000-0x000dffff]
[STDERR  ] 2017-08-17T10:48:24.761455356Z: [    1.909170] Unpacking initramfs...
[STDERR  ] 2017-08-17T10:48:24.761464924Z: [   26.443559] Freeing initrd memory: 193072K
[STDERR  ] 2017-08-17T10:48:24.761474147Z: [   26.471114] PCLMULQDQ-NI instructions are not detected.
[STDERR  ] 2017-08-17T10:48:24.761488977Z: [   26.472646] AVX or AES-NI instructions are not detected.
[STDERR  ] 2017-08-17T10:48:24.761501339Z: [   26.473179] CPU feature 'AVX registers' is not supported.
[STDERR  ] 2017-08-17T10:48:24.761511957Z: [   26.473644] CPU feature 'AVX registers' is not supported.
[STDERR  ] 2017-08-17T10:48:24.76152191Z: [   26.474013] CPU feature 'AVX registers' is not supported.
[STDERR  ] 2017-08-17T10:48:24.761531145Z: [   26.474380] CPU feature 'AVX registers' is not supported.
[STDERR  ] 2017-08-17T10:48:24.761540376Z: [   26.474735] AVX2 or AES-NI instructions are not detected.
[STDERR  ] 2017-08-17T10:48:24.76154952Z: [   26.475181] AVX2 instructions are not detected.
[STDERR  ] 2017-08-17T10:48:24.761559182Z: [   26.482960] audit: initializing netlink subsys (disabled)
[STDERR  ] 2017-08-17T10:48:24.761569757Z: [   26.484866] audit: type=2000 audit(1502966180.480:1): initialized
[STDERR  ] 2017-08-17T10:48:24.761579353Z: [   26.493926] workingset: timestamp_bits=46 max_order=19 bucket_order=0
[STDERR  ] 2017-08-17T10:48:24.761588754Z: [   26.505543] FS-Cache: Netfs 'cifs' registered for caching
[STDERR  ] 2017-08-17T10:48:24.761598584Z: [   26.506701] fuse init (API version 7.26)
[STDERR  ] 2017-08-17T10:48:24.761608344Z: [   26.509562] SGI XFS with ACLs, security attributes, no debug enabled
[STDERR  ] 2017-08-17T10:48:24.761617919Z: [   26.513867] 9p: Installing v9fs 9p2000 file system support
[STDERR  ] 2017-08-17T10:48:24.761636335Z: [   26.514422] FS-Cache: Netfs '9p' registered for caching
[STDERR  ] 2017-08-17T10:48:24.761646568Z: [   26.549219] NET: Registered protocol family 38
[STDERR  ] 2017-08-17T10:48:24.76165597Z: [   26.549926] Key type asymmetric registered
[STDERR  ] 2017-08-17T10:48:24.761665217Z: [   26.552834] Asymmetric key parser 'x509' registered
[STDERR  ] 2017-08-17T10:48:24.761674985Z: [   26.553955] Block layer SCSI generic (bsg) driver version 0.4 loaded (major 251)
[STDERR  ] 2017-08-17T10:48:24.761684376Z: [   26.555619] io scheduler noop registered
[STDERR  ] 2017-08-17T10:48:24.761693509Z: [   26.556076] io scheduler deadline registered (default)
[STDERR  ] 2017-08-17T10:48:24.761703219Z: [   26.556767] io scheduler cfq registered
[STDERR  ] 2017-08-17T10:48:24.761713004Z: [   26.559803] pci_hotplug: PCI Hot Plug PCI Core version: 0.5
[STDERR  ] 2017-08-17T10:48:24.761722325Z: [   26.561705] pciehp: PCI Express Hot Plug Controller Driver version: 0.4
[STDERR  ] 2017-08-17T10:48:24.761735311Z: [   26.562833] shpchp: Standard Hot Plug PCI Controller Driver version: 0.4
[STDERR  ] 2017-08-17T10:48:24.761744848Z: [   26.563752] hv_vmbus: registering driver hyperv_fb
[STDERR  ] 2017-08-17T10:48:24.761755411Z: [   26.567319] input: Power Button as /devices/LNXSYSTM:00/LNXPWRBN:00/input/input0
[STDERR  ] 2017-08-17T10:48:24.761780103Z: [   26.568564] ACPI: Power Button [PWRF]
[STDERR  ] 2017-08-17T10:48:24.761789604Z: [   26.574557] GHES: HEST is not enabled!
[STDERR  ] 2017-08-17T10:48:24.761798658Z: [   26.587428] ACPI: PCI Interrupt Link [GSIG] enabled at IRQ 22
[STDERR  ] 2017-08-17T10:48:24.761807537Z: [   26.602749] ACPI: PCI Interrupt Link [GSIH] enabled at IRQ 23
[STDERR  ] 2017-08-17T10:48:24.761816594Z: [   26.607972] xenfs: not registering filesystem on non-xen platform
[STDERR  ] 2017-08-17T10:48:24.761828442Z: [   26.611290] Serial: 8250/16550 driver, 4 ports, IRQ sharing disabled
[STDERR  ] 2017-08-17T10:48:24.761839625Z: [   26.638600] 00:04: ttyS0 at I/O 0x3f8 (irq = 4, base_baud = 115200) is a 16550A
[STDERR  ] 2017-08-17T10:48:24.761848751Z: [   26.651370] Non-volatile memory driver v1.3
[STDERR  ] 2017-08-17T10:48:24.761857724Z: [   26.658983] Hangcheck: starting hangcheck timer 0.9.1 (tick is 180 seconds, margin is 60 seconds).
[STDERR  ] 2017-08-17T10:48:24.761867084Z: [   26.704396] loop: module loaded
[STDERR  ] 2017-08-17T10:48:24.761876012Z: [   26.723145] nbd: registered device at major 43
[STDERR  ] 2017-08-17T10:48:24.761885486Z: [   26.769691] lpc_ich 0000:00:1f.0: I/O space for GPIO uninitialized
[STDERR  ] 2017-08-17T10:48:24.761894849Z: [   26.772564] VMware PVSCSI driver - version 1.0.7.0-k
[STDERR  ] 2017-08-17T10:48:24.761903621Z: [   26.773537] hv_vmbus: registering driver hv_storvsc
[STDERR  ] 2017-08-17T10:48:24.761912523Z: [   26.787631] ACPI: PCI Interrupt Link [GSIA] enabled at IRQ 16
[STDERR  ] 2017-08-17T10:48:24.761921308Z: [   26.796986] ahci 0000:00:1f.2: AHCI 0001.0000 32 slots 6 ports 1.5 Gbps 0x3f impl SATA mode
[STDERR  ] 2017-08-17T10:48:24.761930347Z: [   26.797747] ahci 0000:00:1f.2: flags: 64bit ncq only 
[STDERR  ] 2017-08-17T10:48:24.761939353Z: [   26.821304] scsi host0: ahci
[STDERR  ] 2017-08-17T10:48:24.761948271Z: [   26.826985] scsi host1: ahci
[STDERR  ] 2017-08-17T10:48:24.761957012Z: [   26.831001] scsi host2: ahci
[STDERR  ] 2017-08-17T10:48:24.761965698Z: [   26.833680] scsi host3: ahci
[STDERR  ] 2017-08-17T10:48:24.761974598Z: [   26.836298] scsi host4: ahci
[STDERR  ] 2017-08-17T10:48:24.761983145Z: [   26.838811] scsi host5: ahci
[STDERR  ] 2017-08-17T10:48:24.76199516Z: [   26.841174] ata1: SATA max UDMA/133 abar m4096@0xfebd2000 port 0xfebd2100 irq 24
[STDERR  ] 2017-08-17T10:48:24.762004336Z: [   26.841747] ata2: SATA max UDMA/133 abar m4096@0xfebd2000 port 0xfebd2180 irq 24
[STDERR  ] 2017-08-17T10:48:24.762015372Z: [   26.842253] ata3: SATA max UDMA/133 abar m4096@0xfebd2000 port 0xfebd2200 irq 24
[STDERR  ] 2017-08-17T10:48:24.762024488Z: [   26.842716] ata4: SATA max UDMA/133 abar m4096@0xfebd2000 port 0xfebd2280 irq 24
[STDERR  ] 2017-08-17T10:48:24.76203881Z: [   26.843193] ata5: SATA max UDMA/133 abar m4096@0xfebd2000 port 0xfebd2300 irq 24
[STDERR  ] 2017-08-17T10:48:24.762049923Z: [   26.843647] ata6: SATA max UDMA/133 abar m4096@0xfebd2000 port 0xfebd2380 irq 24
[STDERR  ] 2017-08-17T10:48:24.762058863Z: [   26.858822] tun: Universal TUN/TAP device driver, 1.6
[STDERR  ] 2017-08-17T10:48:24.762067949Z: [   26.859358] tun: (C) 1999-2004 Max Krasnyansky <maxk@qualcomm.com>
[STDERR  ] 2017-08-17T10:48:24.76207691Z: [   26.872851] VMware vmxnet3 virtual NIC driver - version 1.4.a.0-k-NAPI
[STDERR  ] 2017-08-17T10:48:24.762085955Z: [   26.873962] hv_vmbus: registering driver hv_netvsc
[STDERR  ] 2017-08-17T10:48:24.76209469Z: [   26.874308] Fusion MPT base driver 3.04.20
[STDERR  ] 2017-08-17T10:48:24.762103764Z: [   26.874592] Copyright (c) 1999-2008 LSI Corporation
[STDERR  ] 2017-08-17T10:48:24.762112766Z: [   26.875308] Fusion MPT SPI Host driver 3.04.20
[STDERR  ] 2017-08-17T10:48:24.762121569Z: [   26.877594] i8042: PNP: PS/2 Controller [PNP0303:KBD,PNP0f13:MOU] at 0x60,0x64 irq 1,12
[STDERR  ] 2017-08-17T10:48:24.76213658Z: [   26.882930] serio: i8042 KBD port at 0x60,0x64 irq 1
[STDERR  ] 2017-08-17T10:48:24.7621486Z: [   26.883593] serio: i8042 AUX port at 0x60,0x64 irq 12
[STDERR  ] 2017-08-17T10:48:24.762159826Z: [   26.887094] hv_vmbus: registering driver hyperv_keyboard
[STDERR  ] 2017-08-17T10:48:24.762169356Z: [   26.889639] mousedev: PS/2 mouse device common for all mice
[STDERR  ] 2017-08-17T10:48:24.762178152Z: [   26.895127] input: AT Translated Set 2 keyboard as /devices/platform/i8042/serio0/input/input1
[STDERR  ] 2017-08-17T10:48:24.762187679Z: [   26.898531] input: PC Speaker as /devices/platform/pcspkr/input/input2
[STDERR  ] 2017-08-17T10:48:24.762197143Z: [   26.903555] rtc_cmos 00:00: RTC can wake from S4
[STDERR  ] 2017-08-17T10:48:24.762206108Z: [   26.907395] rtc_cmos 00:00: rtc core: registered rtc_cmos as rtc0
[STDERR  ] 2017-08-17T10:48:24.762215306Z: [   26.908718] rtc_cmos 00:00: alarms up to one day, y3k, 114 bytes nvram, hpet irqs
[STDERR  ] 2017-08-17T10:48:24.762224262Z: [   26.909569] i2c /dev entries driver
[STDERR  ] 2017-08-17T10:48:24.762234039Z: [   26.912034] device-mapper: ioctl: 4.35.0-ioctl (2016-06-23) initialised: dm-devel@redhat.com
[STDERR  ] 2017-08-17T10:48:24.762243158Z: [   26.917165] usbcore: registered new interface driver usbhid
[STDERR  ] 2017-08-17T10:48:24.762254058Z: [   26.917583] usbhid: USB HID core driver
[STDERR  ] 2017-08-17T10:48:24.762263699Z: [   26.918250] hv_utils: Registering HyperV Utility Driver
[STDERR  ] 2017-08-17T10:48:24.762272868Z: [   26.918601] hv_vmbus: registering driver hv_util
[STDERR  ] 2017-08-17T10:48:24.762283319Z: [   26.918932] hv_vmbus: registering driver hv_balloon
[STDERR  ] 2017-08-17T10:48:24.762292691Z: [   26.919550] oprofile: using NMI interrupt.
[STDERR  ] 2017-08-17T10:48:24.762302105Z: [   26.921223] GACT probability on
[STDERR  ] 2017-08-17T10:48:24.762311819Z: [   26.921764] Mirror/redirect action on
[STDERR  ] 2017-08-17T10:48:24.762320742Z: [   26.922760] Simple TC action Loaded
[STDERR  ] 2017-08-17T10:48:24.762329792Z: [   26.923420] u32 classifier
[STDERR  ] 2017-08-17T10:48:24.762339021Z: [   26.923629]     Performance counters on
[STDERR  ] 2017-08-17T10:48:24.762347922Z: [   26.923906]     input device check on
[STDERR  ] 2017-08-17T10:48:24.762357003Z: [   26.924488]     Actions configured
[STDERR  ] 2017-08-17T10:48:24.762366209Z: [   26.925105] Netfilter messages via NETLINK v0.30.
[STDERR  ] 2017-08-17T10:48:24.762375742Z: [   26.925731] nfnl_acct: registering with nfnetlink.
[STDERR  ] 2017-08-17T10:48:24.762385004Z: [   26.927250] nf_conntrack version 0.5.0 (16384 buckets, 65536 max)
[STDERR  ] 2017-08-17T10:48:24.762393824Z: [   26.930919] ctnetlink v0.93: registering with nfnetlink.
[STDERR  ] 2017-08-17T10:48:24.762402739Z: [   26.934215] nf_tables: (c) 2007-2009 Patrick McHardy <kaber@trash.net>
[STDERR  ] 2017-08-17T10:48:24.762411604Z: [   26.935142] nf_tables_compat: (c) 2012 Pablo Neira Ayuso <pablo@netfilter.org>
[STDERR  ] 2017-08-17T10:48:24.762427836Z: [   26.937847] xt_time: kernel timezone is -0000
[STDERR  ] 2017-08-17T10:48:24.762436697Z: [   26.938508] ip_set: protocol 6
[STDERR  ] 2017-08-17T10:48:24.762445886Z: [   26.939204] IPVS: Registered protocols (TCP, UDP, SCTP, AH, ESP)
[STDERR  ] 2017-08-17T10:48:24.762456696Z: [   26.939990] IPVS: Connection hash table configured (size=4096, memory=64Kbytes)
[STDERR  ] 2017-08-17T10:48:24.762465545Z: [   26.942294] IPVS: Creating netns size=2104 id=0
[STDERR  ] 2017-08-17T10:48:24.762474271Z: [   26.945080] IPVS: ipvs loaded.
[STDERR  ] 2017-08-17T10:48:24.762487795Z: [   26.945471] IPVS: [rr] scheduler registered.
[STDERR  ] 2017-08-17T10:48:24.762504262Z: [   26.945798] IPVS: [wrr] scheduler registered.
[STDERR  ] 2017-08-17T10:48:24.762520158Z: [   26.946099] IPVS: [lc] scheduler registered.
[STDERR  ] 2017-08-17T10:48:24.762529051Z: [   26.946315] IPVS: [wlc] scheduler registered.
[STDERR  ] 2017-08-17T10:48:24.762538235Z: [   26.946580] IPVS: [fo] scheduler registered.
[STDERR  ] 2017-08-17T10:48:24.7625515Z: [   26.946839] IPVS: [ovf] scheduler registered.
[STDERR  ] 2017-08-17T10:48:24.762560365Z: [   26.947287] IPVS: [lblc] scheduler registered.
[STDERR  ] 2017-08-17T10:48:24.762569111Z: [   26.947724] IPVS: [lblcr] scheduler registered.
[STDERR  ] 2017-08-17T10:48:24.762577984Z: [   26.948034] IPVS: [dh] scheduler registered.
[STDERR  ] 2017-08-17T10:48:24.762586884Z: [   26.948285] IPVS: [sh] scheduler registered.
[STDERR  ] 2017-08-17T10:48:24.762595921Z: [   26.948515] IPVS: [sed] scheduler registered.
[STDERR  ] 2017-08-17T10:48:24.762604825Z: [   26.948781] IPVS: [nq] scheduler registered.
[STDERR  ] 2017-08-17T10:48:24.762613484Z: [   26.949541] IPVS: ftp: loaded support on port[0] = 21
[STDERR  ] 2017-08-17T10:48:24.762622806Z: [   26.951084] ipip: IPv4 and MPLS over IPv4 tunneling driver
[STDERR  ] 2017-08-17T10:48:24.762632624Z: [   26.955767] gre: GRE over IPv4 demultiplexor driver
[STDERR  ] 2017-08-17T10:48:24.762642592Z: [   26.959136] ip_tables: (C) 2000-2006 Netfilter Core Team
[STDERR  ] 2017-08-17T10:48:24.762651546Z: [   26.963077] ipt_CLUSTERIP: ClusterIP Version 0.8 loaded successfully
[STDERR  ] 2017-08-17T10:48:24.762660665Z: [   26.963831] arp_tables: arp_tables: (C) 2002 David S. Miller
[STDERR  ] 2017-08-17T10:48:24.762672182Z: [   26.966314] NET: Registered protocol family 10
[STDERR  ] 2017-08-17T10:48:24.762681354Z: [   26.977130] ip6_tables: (C) 2000-2006 Netfilter Core Team
[STDERR  ] 2017-08-17T10:48:24.762690612Z: [   26.987006] NET: Registered protocol family 17
[STDERR  ] 2017-08-17T10:48:24.762699593Z: [   26.988192] Bridge firewalling registered
[STDERR  ] 2017-08-17T10:48:24.762708433Z: [   26.988740] Ebtables v2.0 registered
[STDERR  ] 2017-08-17T10:48:24.762717165Z: [   26.991296] 8021q: 802.1Q VLAN Support v1.8
[STDERR  ] 2017-08-17T10:48:24.762727934Z: [   26.992851] 9pnet: Installing 9P2000 support
[STDERR  ] 2017-08-17T10:48:24.762736671Z: [   26.994478] Key type dns_resolver registered
[STDERR  ] 2017-08-17T10:48:24.762745453Z: [   26.995699] microcode: AMD CPU family 0x6 not supported
[STDERR  ] 2017-08-17T10:48:24.762756271Z: [   26.999633] registered taskstats version 1
[STDERR  ] 2017-08-17T10:48:24.762765295Z: [   27.181381] ata1: SATA link up 1.5 Gbps (SStatus 113 SControl 300)
[STDERR  ] 2017-08-17T10:48:24.762774479Z: [   27.187531] ata1.00: ATA-7: QEMU HARDDISK, 2.5+, max UDMA/100
[STDERR  ] 2017-08-17T10:48:24.762783379Z: [   27.188080] ata1.00: 4194304 sectors, multi 16: LBA48 NCQ (depth 31/32)
[STDERR  ] 2017-08-17T10:48:24.762792643Z: [   27.188718] ata1.00: applying bridge limits
[STDERR  ] 2017-08-17T10:48:24.762829288Z: [   27.190433] ata6: SATA link down (SStatus 0 SControl 300)
[STDERR  ] 2017-08-17T10:48:24.762840423Z: [   27.191909] ata5: SATA link down (SStatus 0 SControl 300)
[STDERR  ] 2017-08-17T10:48:24.762849475Z: [   27.192511] ata4: SATA link down (SStatus 0 SControl 300)
[STDERR  ] 2017-08-17T10:48:24.762861076Z: [   27.193215] ata3: SATA link up 1.5 Gbps (SStatus 113 SControl 300)
[STDERR  ] 2017-08-17T10:48:24.762874473Z: [   27.194087] ata3.00: ATAPI: QEMU DVD-ROM, 2.5+, max UDMA/100
[STDERR  ] 2017-08-17T10:48:24.762883869Z: [   27.194533] ata3.00: applying bridge limits
[STDERR  ] 2017-08-17T10:48:24.762892786Z: [   27.195603] ata3.00: configured for UDMA/100
[STDERR  ] 2017-08-17T10:48:24.762906605Z: [   27.197532] ata2: SATA link down (SStatus 0 SControl 300)
[STDERR  ] 2017-08-17T10:48:24.76291605Z: [   27.198678] ata1.00: configured for UDMA/100
[STDERR  ] 2017-08-17T10:48:24.762924964Z: [   27.211681] scsi 0:0:0:0: Direct-Access     ATA      QEMU HARDDISK    2.5+ PQ: 0 ANSI: 5
[STDERR  ] 2017-08-17T10:48:24.762935827Z: [   27.219770] sd 0:0:0:0: [sda] 4194304 512-byte logical blocks: (2.15 GB/2.00 GiB)
[STDERR  ] 2017-08-17T10:48:24.76294475Z: [   27.225525] sd 0:0:0:0: Attached scsi generic sg0 type 0
[STDERR  ] 2017-08-17T10:48:24.762953639Z: [   27.227410] sd 0:0:0:0: [sda] Write Protect is off
[STDERR  ] 2017-08-17T10:48:24.762963647Z: [   27.230382] sd 0:0:0:0: [sda] Write cache: enabled, read cache: enabled, doesn't support DPO or FUA
[STDERR  ] 2017-08-17T10:48:24.762976097Z: [   27.233789] scsi 2:0:0:0: CD-ROM            QEMU     QEMU DVD-ROM     2.5+ PQ: 0 ANSI: 5
[STDERR  ] 2017-08-17T10:48:24.76298531Z: [   27.258486] sr 2:0:0:0: [sr0] scsi3-mmc drive: 4x/4x cd/rw xa/form2 tray
[STDERR  ] 2017-08-17T10:48:24.762994158Z: [   27.259308] cdrom: Uniform CD-ROM driver Revision: 3.20
[STDERR  ] 2017-08-17T10:48:24.763004038Z: [   27.272689] sr 2:0:0:0: Attached scsi generic sg1 type 5
[STDERR  ] 2017-08-17T10:48:24.763015276Z: [   27.284604] sd 0:0:0:0: [sda] Attached SCSI disk
[STDERR  ] 2017-08-17T10:48:24.763024164Z: [   27.338641] Key type big_key registered
[STDERR  ] 2017-08-17T10:48:24.763032816Z: [   27.396735] Key type encrypted registered
[STDERR  ] 2017-08-17T10:48:24.763042316Z: [   27.403058] rtc_cmos 00:00: setting system clock to 2017-08-17 10:36:22 UTC (1502966182)
[STDERR  ] 2017-08-17T10:48:24.763056724Z: [   27.556580] Freeing unused kernel memory: 1380K
[STDERR  ] 2017-08-17T10:48:24.763065413Z: [   27.557031] Write protecting the kernel read-only data: 12288k
[STDERR  ] 2017-08-17T10:48:24.763074218Z: [   27.559550] tsc: Refined TSC clocksource calibration: 2599.941 MHz
[STDERR  ] 2017-08-17T10:48:24.76308463Z: [   27.560560] clocksource: tsc: mask: 0xffffffffffffffff max_cycles: 0x257a044d8d9, max_idle_ns: 440795260209 ns
[STDERR  ] 2017-08-17T10:48:24.763094532Z: [   27.566220] Freeing unused kernel memory: 148K
[STDERR  ] 2017-08-17T10:48:24.763103552Z: [   27.697681] Freeing unused kernel memory: 1400K
[STDERR  ] 2017-08-17T10:48:24.763112359Z: [   28.575280] clocksource: Switched to clocksource tsc
[STDERR  ] 2017-08-17T10:48:24.763120993Z: 
[STDERR  ] 2017-08-17T10:48:24.763129863Z: Welcome to LinuxKit
[STDERR  ] 2017-08-17T10:48:24.763138777Z: [   84.392555] random: fast init done
[STDERR  ] 2017-08-17T10:48:24.763147437Z: 
[STDERR  ] 2017-08-17T10:48:24.763156209Z:                         ##         .
[STDERR  ] 2017-08-17T10:48:24.763165145Z:                   ## ## ##        ==
[STDERR  ] 2017-08-17T10:48:24.763174424Z:                ## ## ## ## ##    ===
[STDERR  ] 2017-08-17T10:48:24.763183286Z:            /"""""""""""""""""\___/ ===
[STDERR  ] 2017-08-17T10:48:24.763191921Z:           {                       /  ===-
[STDERR  ] 2017-08-17T10:48:24.763200753Z:            \______ O           __/
[STDERR  ] 2017-08-17T10:48:24.763211692Z:              \    \         __/
[STDERR  ] 2017-08-17T10:48:24.763220666Z:               \____\_______/
[STDERR  ] 2017-08-17T10:48:24.763229439Z: 
[STDERR  ] 2017-08-17T10:48:24.763238329Z: [   86.317558] 8021q: adding VLAN 0 to HW filter on device eth0
[STDERR  ] 2017-08-17T10:48:24.763247286Z: eth0: waiting for carrier
[STDERR  ] 2017-08-17T10:48:24.763256021Z: eth0: carrier acquired
[STDERR  ] 2017-08-17T10:48:24.76326483Z: DUID 00:01:00:01:21:28:2e:61:fa:4e:1a:69:6c:78
[STDERR  ] 2017-08-17T10:48:24.763273626Z: eth0: IAID 1a:69:6c:78
[STDERR  ] 2017-08-17T10:48:24.763282375Z: eth0: adding address fe80::1548:41e7:eee2:1885
[STDERR  ] 2017-08-17T10:48:24.763296004Z: eth0: soliciting an IPv6 router
[STDERR  ] 2017-08-17T10:48:24.763306989Z: eth0: soliciting a DHCP lease
[STDERR  ] 2017-08-17T10:48:24.763315835Z: eth0: offered 10.0.2.15 from 10.0.2.2
[STDERR  ] 2017-08-17T10:48:24.763324902Z: eth0: leased 10.0.2.15 for 86400 seconds
[STDERR  ] 2017-08-17T10:48:24.763333684Z: eth0: adding route to 10.0.2.0/24
[STDERR  ] 2017-08-17T10:48:24.763342645Z: eth0: adding default route via 10.0.2.2
[STDERR  ] 2017-08-17T10:48:24.76335143Z: exiting due to oneshot
[STDERR  ] 2017-08-17T10:48:24.763361842Z: dhcpcd exited
[STDERR  ] 2017-08-17T10:48:24.763370769Z: [   89.651821] IPVS: Creating netns size=2104 id=1
[STDERR  ] 2017-08-17T10:48:24.763379502Z: [   89.652394] IPVS: ftp: loaded support on port[0] = 21
[STDERR  ] 2017-08-17T10:48:24.763388393Z: 2017/08/17 10:37:25 Creating partition on /dev/sda
[STDERR  ] 2017-08-17T10:48:24.763397183Z: [   91.049812]  sda:
[STDERR  ] 2017-08-17T10:48:24.763406011Z: [   91.152722]  sda:
[STDERR  ] 2017-08-17T10:48:24.763419206Z: [   91.194720]  sda: sda1
[STDERR  ] 2017-08-17T10:48:24.763428286Z: [   91.292770]  sda: sda1
[STDERR  ] 2017-08-17T10:48:24.763436989Z: 2017/08/17 10:37:29 Partition /dev/sda1 successfully created!
[STDERR  ] 2017-08-17T10:48:24.763445752Z: [  100.372794] IPVS: Creating netns size=2104 id=2
[STDERR  ] 2017-08-17T10:48:24.763454974Z: [  100.373335] IPVS: ftp: loaded support on port[0] = 21
[STDERR  ] 2017-08-17T10:48:24.763463764Z: [  101.732078] EXT4-fs (sda1): couldn't mount as ext3 due to feature incompatibilities
[STDERR  ] 2017-08-17T10:48:24.763476189Z: [  101.743618] EXT4-fs (sda1): couldn't mount as ext2 due to feature incompatibilities
[STDERR  ] 2017-08-17T10:48:24.763489865Z: [  101.773917] EXT4-fs (sda1): mounted filesystem with ordered data mode. Opts: (null)
[STDERR  ] 2017-08-17T10:48:24.76350534Z: v1.0.0-alpha4
[STDERR  ] 2017-08-17T10:48:24.763514438Z: 56d499e114cd0289a68338d32d997346f3bb1dcd
[STDERR  ] 2017-08-17T10:48:24.763528443Z: [  109.207499] random: crng init done
[STDERR  ] 2017-08-17T10:48:24.763543665Z: ðŸ‡© root-test
[STDERR  ] 2017-08-17T10:48:24.763552583Z: [  240.396874] XFS (loop0): Mounting V4 Filesystem
[STDERR  ] 2017-08-17T10:48:24.763561327Z: [  240.449160] XFS (loop0): Ending clean mount
[STDERR  ] 2017-08-17T10:48:24.763570111Z: [  240.516593] XFS (loop0): Unmounting Filesystem
[STDERR  ] 2017-08-17T10:48:24.763579075Z: [  241.278033] XFS (loop0): Mounting V4 Filesystem
[STDERR  ] 2017-08-17T10:48:24.763587744Z: [  241.321378] XFS (loop0): Ending clean mount
[STDERR  ] 2017-08-17T10:48:24.763596401Z: [  241.355494] XFS (loop0): Unmounting Filesystem
[STDERR  ] 2017-08-17T10:48:24.763605359Z: ok  	github.com/containerd/containerd/fs	2.638s
[STDERR  ] 2017-08-17T10:48:24.763614133Z: ok  	github.com/containerd/containerd/metadata	5.221s
[STDERR  ] 2017-08-17T10:48:24.763624841Z: [  543.539045] XFS (loop2): Mounting V5 Filesystem
[STDERR  ] 2017-08-17T10:48:24.763633649Z: [  543.594382] XFS (loop2): Ending clean mount
[STDERR  ] 2017-08-17T10:48:24.763642642Z: [  543.647635] XFS (loop2): Unmounting Filesystem
[STDERR  ] 2017-08-17T10:48:24.763651354Z: ok  	github.com/containerd/containerd/mount/lookup_test	1.396s
[STDERR  ] 2017-08-17T10:48:24.763660435Z: [  598.431129] raid6: sse2x1   gen()   266 MB/s
[STDERR  ] 2017-08-17T10:48:24.763669333Z: [  598.600738] raid6: sse2x1   xor()   138 MB/s
[STDERR  ] 2017-08-17T10:48:24.763680712Z: [  598.770499] raid6: sse2x2   gen()   216 MB/s
[STDERR  ] 2017-08-17T10:48:24.763689572Z: [  598.940573] raid6: sse2x2   xor()   155 MB/s
[STDERR  ] 2017-08-17T10:48:24.763698375Z: [  599.110429] raid6: sse2x4   gen()   272 MB/s
[STDERR  ] 2017-08-17T10:48:24.763707228Z: [  599.280596] raid6: sse2x4   xor()   164 MB/s
[STDERR  ] 2017-08-17T10:48:24.763715922Z: [  599.281048] raid6: using algorithm sse2x4 gen() 272 MB/s
[STDERR  ] 2017-08-17T10:48:24.763724791Z: [  599.281383] raid6: .... xor() 164 MB/s, rmw enabled
[STDERR  ] 2017-08-17T10:48:24.76373593Z: [  599.281906] raid6: using intx1 recovery algorithm
[STDERR  ] 2017-08-17T10:48:24.763748947Z: [  599.309176] xor: measuring software checksum speed
[STDERR  ] 2017-08-17T10:48:24.763757811Z: [  599.400346]    prefetch64-sse:   567.600 MB/sec
[STDERR  ] 2017-08-17T10:48:24.763766628Z: [  599.500342]    generic_sse:   562.000 MB/sec
[STDERR  ] 2017-08-17T10:48:24.763775308Z: [  599.500808] xor: using function: prefetch64-sse (567.600 MB/sec)
[STDERR  ] 2017-08-17T10:48:24.763784225Z: [  599.713501] Btrfs loaded, crc32c=crc32c-generic
[STDERR  ] 2017-08-17T10:48:24.763798347Z: [  599.734618] BTRFS: device fsid a492cad6-3da9-4e61-84fd-3bea71b77399 devid 1 transid 5 /dev/loop2
[STDERR  ] 2017-08-17T10:48:24.76380747Z: [  599.783221] BTRFS info (device loop2): disk space caching is enabled
[STDERR  ] 2017-08-17T10:48:24.763816233Z: [  599.783930] BTRFS info (device loop2): has skinny extents
[STDERR  ] 2017-08-17T10:48:24.763825253Z: [  599.784320] BTRFS info (device loop2): flagging fs with big metadata feature
[STDERR  ] 2017-08-17T10:48:24.763834102Z: [  599.838986] BTRFS info (device loop2): creating UUID tree
[STDERR  ] 2017-08-17T10:48:24.763848474Z: [  602.044389] BTRFS: device fsid 82f6471a-b94f-41cd-941c-0843ed4b3b78 devid 1 transid 5 /dev/loop2
[STDERR  ] 2017-08-17T10:48:24.763859037Z: [  602.275523] BTRFS info (device loop2): disk space caching is enabled
[STDERR  ] 2017-08-17T10:48:24.763868094Z: [  602.276086] BTRFS info (device loop2): has skinny extents
[STDERR  ] 2017-08-17T10:48:24.763877321Z: [  602.276470] BTRFS info (device loop2): flagging fs with big metadata feature
[STDERR  ] 2017-08-17T10:48:24.763886244Z: [  602.322223] BTRFS info (device loop2): creating UUID tree
[STDERR  ] 2017-08-17T10:48:24.763895198Z: [  603.578025] BTRFS: device fsid d7c5e5b3-0ee9-4df3-8fc7-54cae204cc23 devid 1 transid 5 /dev/loop2
[STDERR  ] 2017-08-17T10:48:24.763904065Z: [  603.805440] BTRFS info (device loop2): disk space caching is enabled
[STDERR  ] 2017-08-17T10:48:24.763912806Z: [  603.805917] BTRFS info (device loop2): has skinny extents
[STDERR  ] 2017-08-17T10:48:24.763921784Z: [  603.806298] BTRFS info (device loop2): flagging fs with big metadata feature
[STDERR  ] 2017-08-17T10:48:24.763930573Z: [  603.845770] BTRFS info (device loop2): creating UUID tree
[STDERR  ] 2017-08-17T10:48:24.763939357Z: [  605.112023] BTRFS: device fsid 25aeaacb-1704-4463-823e-0394d848c7d1 devid 1 transid 5 /dev/loop2
[STDERR  ] 2017-08-17T10:48:24.763948147Z: [  605.334466] BTRFS info (device loop2): disk space caching is enabled
[STDERR  ] 2017-08-17T10:48:24.763959287Z: [  605.335049] BTRFS info (device loop2): has skinny extents
[STDERR  ] 2017-08-17T10:48:24.763968155Z: [  605.335443] BTRFS info (device loop2): flagging fs with big metadata feature
[STDERR  ] 2017-08-17T10:48:24.76397725Z: [  605.375452] BTRFS info (device loop2): creating UUID tree
[STDERR  ] 2017-08-17T10:48:24.763985864Z: [  606.874043] BTRFS: device fsid 6d4bb101-5708-44df-9a66-a8b2a45c3cf8 devid 1 transid 5 /dev/loop2
[STDERR  ] 2017-08-17T10:48:24.763994974Z: [  607.095936] BTRFS info (device loop2): disk space caching is enabled
[STDERR  ] 2017-08-17T10:48:24.76400417Z: [  607.096598] BTRFS info (device loop2): has skinny extents
[STDERR  ] 2017-08-17T10:48:24.764016525Z: [  607.097003] BTRFS info (device loop2): flagging fs with big metadata feature
[STDERR  ] 2017-08-17T10:48:24.764043729Z: [  607.133817] BTRFS info (device loop2): creating UUID tree
[STDERR  ] 2017-08-17T10:48:24.764058189Z: [  608.651526] BTRFS: device fsid 78e4612f-230b-45ae-9ba0-0ea1f2f6322c devid 1 transid 5 /dev/loop2
[STDERR  ] 2017-08-17T10:48:24.764066734Z: [  608.875592] BTRFS info (device loop2): disk space caching is enabled
[STDERR  ] 2017-08-17T10:48:24.764075309Z: [  608.876172] BTRFS info (device loop2): has skinny extents
[STDERR  ] 2017-08-17T10:48:24.76408495Z: [  608.876598] BTRFS info (device loop2): flagging fs with big metadata feature
[STDERR  ] 2017-08-17T10:48:24.764093376Z: [  608.919538] BTRFS info (device loop2): creating UUID tree
[STDERR  ] 2017-08-17T10:48:24.764102303Z: [  611.027015] BTRFS: device fsid 3cd0bf4b-4827-4b5e-995d-0e12bbc8cf0f devid 1 transid 5 /dev/loop2
[STDERR  ] 2017-08-17T10:48:24.764116821Z: [  611.234651] BTRFS info (device loop2): disk space caching is enabled
[STDERR  ] 2017-08-17T10:48:24.764125536Z: [  611.235261] BTRFS info (device loop2): has skinny extents
[STDERR  ] 2017-08-17T10:48:24.764134475Z: [  611.235686] BTRFS info (device loop2): flagging fs with big metadata feature
[STDERR  ] 2017-08-17T10:48:24.764142901Z: [  611.272875] BTRFS info (device loop2): creating UUID tree
[STDERR  ] 2017-08-17T10:48:24.764151746Z: [  612.979846] BTRFS: device fsid d0d43e14-dada-41ab-99cb-f046c8b81c46 devid 1 transid 5 /dev/loop2
[STDERR  ] 2017-08-17T10:48:24.764160457Z: [  613.195267] BTRFS info (device loop2): disk space caching is enabled
[STDERR  ] 2017-08-17T10:48:24.764171419Z: [  613.195766] BTRFS info (device loop2): has skinny extents
[STDERR  ] 2017-08-17T10:48:24.76417983Z: [  613.196174] BTRFS info (device loop2): flagging fs with big metadata feature
[STDERR  ] 2017-08-17T10:48:24.764193132Z: [  613.237661] BTRFS info (device loop2): creating UUID tree
[STDERR  ] 2017-08-17T10:48:24.764201874Z: [  621.274447] BTRFS: device fsid a1b0a1ae-118c-490d-9637-a8ba7caac0eb devid 1 transid 5 /dev/loop2
[STDERR  ] 2017-08-17T10:48:24.764210392Z: [  621.495827] BTRFS info (device loop2): disk space caching is enabled
[STDERR  ] 2017-08-17T10:48:24.764219065Z: [  621.496314] BTRFS info (device loop2): has skinny extents
[STDERR  ] 2017-08-17T10:48:24.764227719Z: [  621.496723] BTRFS info (device loop2): flagging fs with big metadata feature
[STDERR  ] 2017-08-17T10:48:24.764236285Z: [  621.535687] BTRFS info (device loop2): creating UUID tree
[STDERR  ] 2017-08-17T10:48:24.764246377Z: [  623.802403] BTRFS: device fsid 30a9584c-f102-494f-a5a8-ffc3c8856901 devid 1 transid 5 /dev/loop2
[STDERR  ] 2017-08-17T10:48:24.764255163Z: [  624.024957] BTRFS info (device loop2): disk space caching is enabled
[STDERR  ] 2017-08-17T10:48:24.764263587Z: [  624.025480] BTRFS info (device loop2): has skinny extents
[STDERR  ] 2017-08-17T10:48:24.764273185Z: [  624.025888] BTRFS info (device loop2): flagging fs with big metadata feature
[STDERR  ] 2017-08-17T10:48:24.764281818Z: [  624.066666] BTRFS info (device loop2): creating UUID tree
[STDERR  ] 2017-08-17T10:48:24.764290699Z: [  626.085358] BTRFS: device fsid d73c2663-09f1-42bc-a0ac-0d86cc796107 devid 1 transid 5 /dev/loop2
[STDERR  ] 2017-08-17T10:48:24.764299599Z: [  626.315568] BTRFS info (device loop2): disk space caching is enabled
[STDERR  ] 2017-08-17T10:48:24.764308537Z: [  626.316182] BTRFS info (device loop2): has skinny extents
[STDERR  ] 2017-08-17T10:48:24.76431723Z: [  626.316667] BTRFS info (device loop2): flagging fs with big metadata feature
[STDERR  ] 2017-08-17T10:48:24.764327814Z: [  626.358048] BTRFS info (device loop2): creating UUID tree
[STDERR  ] 2017-08-17T10:48:24.764336264Z: [  628.913494] BTRFS: device fsid f9193250-893e-4c30-9598-a5113909e5fe devid 1 transid 5 /dev/loop2
[STDERR  ] 2017-08-17T10:48:24.764345147Z: [  629.134946] BTRFS info (device loop2): disk space caching is enabled
[STDERR  ] 2017-08-17T10:48:24.764353577Z: [  629.135576] BTRFS info (device loop2): has skinny extents
[STDERR  ] 2017-08-17T10:48:24.764362559Z: [  629.135961] BTRFS info (device loop2): flagging fs with big metadata feature
[STDERR  ] 2017-08-17T10:48:24.76437128Z: [  629.177985] BTRFS info (device loop2): creating UUID tree
[STDERR  ] 2017-08-17T10:48:24.76437971Z: ok  	github.com/containerd/containerd/snapshot/btrfs	33.081s
[STDERR  ] 2017-08-17T10:48:24.764388146Z: ok  	github.com/containerd/containerd/snapshot/naive	5.304s
[STDERR  ] 2017-08-17T10:48:24.76439649Z: ok  	github.com/containerd/containerd/snapshot/overlay	4.878s
[STDERR  ] 2017-08-17T10:48:24.764405177Z: containerd test suite PASSED
[STDERR  ] 2017-08-17T10:48:24.764413547Z: [  748.006903] sd 0:0:0:0: [sda] Synchronizing SCSI cache
[STDERR  ] 2017-08-17T10:48:24.764422071Z: [  748.009769] sd 0:0:0:0: [sda] Stopping disk
[STDERR  ] 2017-08-17T10:48:24.764430781Z: [  748.017407] ACPI: Preparing to enter system sleep state S5
[STDERR  ] 2017-08-17T10:48:24.76444432Z: [  748.022555] reboot: Power down
[STDERR  ] 2017-08-17T10:48:24.764452819Z: + grep -q suite PASSED
[STDERR  ] 2017-08-17T10:48:24.764464343Z: + echo [    0.000000] Linux version 4.9.43-linuxkit (root@e1ede117fb1e) (gcc version 6.3.0 (Alpine 6.3.0) ) #1 SMP Mon Aug 14 11:26:59 UTC 2017
[STDERR  ] 2017-08-17T10:48:24.764473233Z: [    0.000000] Command line: console=ttyS0 page_poison=1
[STDERR  ] 2017-08-17T10:48:24.764485782Z: [    0.000000] x86/fpu: Legacy x87 FPU detected.
[STDERR  ] 2017-08-17T10:48:24.764494364Z: [    0.000000] x86/fpu: Using 'eager' FPU context switches.
[STDERR  ] 2017-08-17T10:48:24.764502907Z: [    0.000000] e820: BIOS-provided physical RAM map:
[STDERR  ] 2017-08-17T10:48:24.764511389Z: [    0.000000] BIOS-e820: [mem 0x0000000000000000-0x000000000009fbff] usable
[STDERR  ] 2017-08-17T10:48:24.76452007Z: [    0.000000] BIOS-e820: [mem 0x000000000009fc00-0x000000000009ffff] reserved
[STDERR  ] 2017-08-17T10:48:24.764539317Z: [    0.000000] BIOS-e820: [mem 0x00000000000f0000-0x00000000000fffff] reserved
[STDERR  ] 2017-08-17T10:48:24.764547944Z: [    0.000000] BIOS-e820: [mem 0x0000000000100000-0x000000007ffdefff] usable
[STDERR  ] 2017-08-17T10:48:24.764556626Z: [    0.000000] BIOS-e820: [mem 0x000000007ffdf000-0x000000007fffffff] reserved
[STDERR  ] 2017-08-17T10:48:24.764565103Z: [    0.000000] BIOS-e820: [mem 0x00000000b0000000-0x00000000bfffffff] reserved
[STDERR  ] 2017-08-17T10:48:24.764576015Z: [    0.000000] BIOS-e820: [mem 0x00000000fed1c000-0x00000000fed1ffff] reserved
[STDERR  ] 2017-08-17T10:48:24.764584552Z: [    0.000000] BIOS-e820: [mem 0x00000000fffc0000-0x00000000ffffffff] reserved
[STDERR  ] 2017-08-17T10:48:24.764592921Z: [    0.000000] NX (Execute Disable) protection: active
[STDERR  ] 2017-08-17T10:48:24.764601294Z: [    0.000000] SMBIOS 2.8 present.
[STDERR  ] 2017-08-17T10:48:24.764609776Z: [    0.000000] e820: last_pfn = 0x7ffdf max_arch_pfn = 0x400000000
[STDERR  ] 2017-08-17T10:48:24.764618412Z: [    0.000000] x86/PAT: Configuration [0-7]: WB  WC  UC- UC  WB  WC  UC- WT  
[STDERR  ] 2017-08-17T10:48:24.764626904Z: [    0.000000] found SMP MP-table at [mem 0x000f6aa0-0x000f6aaf] mapped at [ffff96af800f6aa0]
[STDERR  ] 2017-08-17T10:48:24.764635303Z: [    0.000000] RAMDISK: [mem 0x74344000-0x7ffcffff]
[STDERR  ] 2017-08-17T10:48:24.76464402Z: [    0.000000] ACPI: Early table checksum verification disabled
[STDERR  ] 2017-08-17T10:48:24.764655761Z: [    0.000000] ACPI: RSDP 0x00000000000F68C0 000014 (v00 BOCHS )
[STDERR  ] 2017-08-17T10:48:24.76466513Z: [    0.000000] ACPI: RSDT 0x000000007FFE2404 000034 (v01 BOCHS  BXPCRSDT 00000001 BXPC 00000001)
[STDERR  ] 2017-08-17T10:48:24.764679701Z: [    0.000000] ACPI: FACP 0x000000007FFE22A4 000074 (v01 BOCHS  BXPCFACP 00000001 BXPC 00000001)
[STDERR  ] 2017-08-17T10:48:24.764688211Z: [    0.000000] ACPI: DSDT 0x000000007FFE0040 002264 (v01 BOCHS  BXPCDSDT 00000001 BXPC 00000001)
[STDERR  ] 2017-08-17T10:48:24.764696742Z: [    0.000000] ACPI: FACS 0x000000007FFE0000 000040
[STDERR  ] 2017-08-17T10:48:24.764705306Z: [    0.000000] ACPI: APIC 0x000000007FFE2318 000078 (v01 BOCHS  BXPCAPIC 00000001 BXPC 00000001)
[STDERR  ] 2017-08-17T10:48:24.764713763Z: [    0.000000] ACPI: HPET 0x000000007FFE2390 000038 (v01 BOCHS  BXPCHPET 00000001 BXPC 00000001)
[STDERR  ] 2017-08-17T10:48:24.764722476Z: [    0.000000] ACPI: MCFG 0x000000007FFE23C8 00003C (v01 BOCHS  BXPCMCFG 00000001 BXPC 00000001)
[STDERR  ] 2017-08-17T10:48:24.76473104Z: [    0.000000] Zone ranges:
[STDERR  ] 2017-08-17T10:48:24.764739621Z: [    0.000000]   DMA      [mem 0x0000000000001000-0x0000000000ffffff]
[STDERR  ] 2017-08-17T10:48:24.764748029Z: [    0.000000]   DMA32    [mem 0x0000000001000000-0x000000007ffdefff]
[STDERR  ] 2017-08-17T10:48:24.764756636Z: [    0.000000]   Normal   empty
[STDERR  ] 2017-08-17T10:48:24.764765847Z: [    0.000000] Movable zone start for each node
[STDERR  ] 2017-08-17T10:48:24.764774258Z: [    0.000000] Early memory node ranges
[STDERR  ] 2017-08-17T10:48:24.764782652Z: [    0.000000]   node   0: [mem 0x0000000000001000-0x000000000009efff]
[STDERR  ] 2017-08-17T10:48:24.764795919Z: [    0.000000]   node   0: [mem 0x0000000000100000-0x000000007ffdefff]
[STDERR  ] 2017-08-17T10:48:24.764805979Z: [    0.000000] Initmem setup node 0 [mem 0x0000000000001000-0x000000007ffdefff]
[STDERR  ] 2017-08-17T10:48:24.764815083Z: [    0.000000] ACPI: PM-Timer IO Port: 0x608
[STDERR  ] 2017-08-17T10:48:24.764823789Z: [    0.000000] ACPI: LAPIC_NMI (acpi_id[0xff] dfl dfl lint[0x1])
[STDERR  ] 2017-08-17T10:48:24.76483839Z: [    0.000000] IOAPIC[0]: apic_id 0, version 32, address 0xfec00000, GSI 0-23
[STDERR  ] 2017-08-17T10:48:24.764846765Z: [    0.000000] ACPI: INT_SRC_OVR (bus 0 bus_irq 0 global_irq 2 dfl dfl)
[STDERR  ] 2017-08-17T10:48:24.764855359Z: [    0.000000] ACPI: INT_SRC_OVR (bus 0 bus_irq 5 global_irq 5 high level)
[STDERR  ] 2017-08-17T10:48:24.764865047Z: [    0.000000] ACPI: INT_SRC_OVR (bus 0 bus_irq 9 global_irq 9 high level)
[STDERR  ] 2017-08-17T10:48:24.764873639Z: [    0.000000] ACPI: INT_SRC_OVR (bus 0 bus_irq 10 global_irq 10 high level)
[STDERR  ] 2017-08-17T10:48:24.764885594Z: [    0.000000] ACPI: INT_SRC_OVR (bus 0 bus_irq 11 global_irq 11 high level)
[STDERR  ] 2017-08-17T10:48:24.764894527Z: [    0.000000] Using ACPI (MADT) for SMP configuration information
[STDERR  ] 2017-08-17T10:48:24.76490301Z: [    0.000000] ACPI: HPET id: 0x8086a201 base: 0xfed00000
[STDERR  ] 2017-08-17T10:48:24.764911475Z: [    0.000000] smpboot: Allowing 1 CPUs, 0 hotplug CPUs
[STDERR  ] 2017-08-17T10:48:24.764920178Z: [    0.000000] e820: [mem 0xc0000000-0xfed1bfff] available for PCI devices
[STDERR  ] 2017-08-17T10:48:24.764930488Z: [    0.000000] Booting paravirtualized kernel on bare hardware
[STDERR  ] 2017-08-17T10:48:24.764938927Z: [    0.000000] clocksource: refined-jiffies: mask: 0xffffffff max_cycles: 0xffffffff, max_idle_ns: 19112604462750000 ns
[STDERR  ] 2017-08-17T10:48:24.764950056Z: [    0.000000] setup_percpu: NR_CPUS:128 nr_cpumask_bits:128 nr_cpu_ids:1 nr_node_ids:1
[STDERR  ] 2017-08-17T10:48:24.764958628Z: [    0.000000] percpu: Embedded 35 pages/cpu @ffff96aff4000000 s105240 r8192 d29928 u2097152
[STDERR  ] 2017-08-17T10:48:24.764967166Z: [    0.000000] Built 1 zonelists in Zone order, mobility grouping on.  Total pages: 515944
[STDERR  ] 2017-08-17T10:48:24.76497584Z: [    0.000000] Kernel command line: console=ttyS0 page_poison=1
[STDERR  ] 2017-08-17T10:48:24.764984787Z: [    0.000000] PID hash table entries: 4096 (order: 3, 32768 bytes)
[STDERR  ] 2017-08-17T10:48:24.764994778Z: [    0.000000] Dentry cache hash table entries: 262144 (order: 9, 2097152 bytes)
[STDERR  ] 2017-08-17T10:48:24.765003494Z: [    0.000000] Inode-cache hash table entries: 131072 (order: 8, 1048576 bytes)
[STDERR  ] 2017-08-17T10:48:24.765017805Z: [    0.000000] Memory: 1851756K/2096628K available (8028K kernel code, 1366K rwdata, 2696K rodata, 1380K init, 568K bss, 244872K reserved, 0K cma-reserved)
[STDERR  ] 2017-08-17T10:48:24.765028843Z: [    0.000000] Hierarchical RCU implementation.
[STDERR  ] 2017-08-17T10:48:24.765037422Z: [    0.000000] 	Build-time adjustment of leaf fanout to 64.
[STDERR  ] 2017-08-17T10:48:24.765045885Z: [    0.000000] 	RCU restricting CPUs from NR_CPUS=128 to nr_cpu_ids=1.
[STDERR  ] 2017-08-17T10:48:24.765054544Z: [    0.000000] RCU: Adjusting geometry for rcu_fanout_leaf=64, nr_cpu_ids=1
[STDERR  ] 2017-08-17T10:48:24.765063041Z: [    0.000000] NR_IRQS:8448 nr_irqs:256 16
[STDERR  ] 2017-08-17T10:48:24.765071686Z: [    0.000000] Console: colour VGA+ 80x25
[STDERR  ] 2017-08-17T10:48:24.76508028Z: [    0.000000] console [ttyS0] enabled
[STDERR  ] 2017-08-17T10:48:24.765088657Z: [    0.000000] allocated 4194304 bytes of page_ext
[STDERR  ] 2017-08-17T10:48:24.765097019Z: [    0.000000] clocksource: hpet: mask: 0xffffffff max_cycles: 0xffffffff, max_idle_ns: 19112604467 ns
[STDERR  ] 2017-08-17T10:48:24.765108586Z: [    0.000000] tsc: Fast TSC calibration using PIT
[STDERR  ] 2017-08-17T10:48:24.765117219Z: [    0.000000] tsc: Detected 2599.926 MHz processor
[STDERR  ] 2017-08-17T10:48:24.765130605Z: [    0.022325] Calibrating delay loop (skipped), value calculated using timer frequency.. 5199.85 BogoMIPS (lpj=25999260)
[STDERR  ] 2017-08-17T10:48:24.76513936Z: [    0.023234] pid_max: default: 32768 minimum: 301
[STDERR  ] 2017-08-17T10:48:24.765147975Z: [    0.024353] ACPI: Core revision 20160831
[STDERR  ] 2017-08-17T10:48:24.76515638Z: [    0.075343] ACPI: 1 ACPI AML tables successfully acquired and loaded
[STDERR  ] 2017-08-17T10:48:24.765165069Z: [    0.080289] Security Framework initialized
[STDERR  ] 2017-08-17T10:48:24.765173459Z: [    0.080585] Yama: becoming mindful.
[STDERR  ] 2017-08-17T10:48:24.765189598Z: [    0.082611] Mount-cache hash table entries: 4096 (order: 3, 32768 bytes)
[STDERR  ] 2017-08-17T10:48:24.765201059Z: [    0.082936] Mountpoint-cache hash table entries: 4096 (order: 3, 32768 bytes)
[STDERR  ] 2017-08-17T10:48:24.765212251Z: [    0.103726] Last level iTLB entries: 4KB 0, 2MB 0, 4MB 0
[STDERR  ] 2017-08-17T10:48:24.76522103Z: [    0.104020] Last level dTLB entries: 4KB 0, 2MB 0, 4MB 0, 1GB 0
[STDERR  ] 2017-08-17T10:48:24.765234222Z: [    0.425947] Freeing SMP alternatives memory: 20K
[STDERR  ] 2017-08-17T10:48:24.765242814Z: [    0.437722] ftrace: allocating 35486 entries in 139 pages
[STDERR  ] 2017-08-17T10:48:24.7652515Z: [    0.644533] smpboot: Max logical packages: 1
[STDERR  ] 2017-08-17T10:48:24.765259892Z: [    0.652892] ..TIMER: vector=0x30 apic1=0 pin1=2 apic2=-1 pin2=-1
[STDERR  ] 2017-08-17T10:48:24.765268494Z: [    0.760000] smpboot: CPU0: AMD QEMU Virtual CPU version 2.5+ (family: 0x6, model: 0x6, stepping: 0x3)
[STDERR  ] 2017-08-17T10:48:24.765277104Z: [    0.760000] Performance Events: PMU not available due to virtualization, using software events only.
[STDERR  ] 2017-08-17T10:48:24.765286976Z: [    0.771972] NMI watchdog: disabled (cpu0): hardware events not enabled
[STDERR  ] 2017-08-17T10:48:24.765295884Z: [    0.772639] NMI watchdog: Shutting down hard lockup detector on all cpus
[STDERR  ] 2017-08-17T10:48:24.765304325Z: [    0.776710] x86: Booted up 1 node, 1 CPUs
[STDERR  ] 2017-08-17T10:48:24.76531302Z: [    0.777188] smpboot: Total of 1 processors activated (5199.85 BogoMIPS)
[STDERR  ] 2017-08-17T10:48:24.765320987Z: [    0.795124] devtmpfs: initialized
[STDERR  ] 2017-08-17T10:48:24.765329324Z: [    0.802755] x86/mm: Memory block size: 128MB
[STDERR  ] 2017-08-17T10:48:24.765337934Z: [    0.877854] clocksource: jiffies: mask: 0xffffffff max_cycles: 0xffffffff, max_idle_ns: 19112604462750000 ns
[STDERR  ] 2017-08-17T10:48:24.765346808Z: [    0.878904] futex hash table entries: 256 (order: 2, 16384 bytes)
[STDERR  ] 2017-08-17T10:48:24.765355508Z: [    0.890271] NET: Registered protocol family 16
[STDERR  ] 2017-08-17T10:48:24.765364085Z: [    0.900926] cpuidle: using governor ladder
[STDERR  ] 2017-08-17T10:48:24.765372659Z: [    0.901341] cpuidle: using governor menu
[STDERR  ] 2017-08-17T10:48:24.765381402Z: [    0.902664] ACPI: bus type PCI registered
[STDERR  ] 2017-08-17T10:48:24.765390276Z: [    0.906184] PCI: MMCONFIG for domain 0000 [bus 00-ff] at [mem 0xb0000000-0xbfffffff] (base 0xb0000000)
[STDERR  ] 2017-08-17T10:48:24.765399173Z: [    0.907059] PCI: MMCONFIG at [mem 0xb0000000-0xbfffffff] reserved in E820
[STDERR  ] 2017-08-17T10:48:24.765407853Z: [    0.908519] PCI: Using configuration type 1 for base access
[STDERR  ] 2017-08-17T10:48:24.765416393Z: [    0.974406] HugeTLB registered 2 MB page size, pre-allocated 0 pages
[STDERR  ] 2017-08-17T10:48:24.765425394Z: [    0.992182] ACPI: Added _OSI(Module Device)
[STDERR  ] 2017-08-17T10:48:24.76543411Z: [    0.992561] ACPI: Added _OSI(Processor Device)
[STDERR  ] 2017-08-17T10:48:24.765456022Z: [    0.992982] ACPI: Added _OSI(3.0 _SCP Extensions)
[STDERR  ] 2017-08-17T10:48:24.765464464Z: [    0.993293] ACPI: Added _OSI(Processor Aggregator Device)
[STDERR  ] 2017-08-17T10:48:24.765472988Z: [    1.076990] ACPI: Interpreter enabled
[STDERR  ] 2017-08-17T10:48:24.76548603Z: [    1.078100] ACPI: (supports S0 S5)
[STDERR  ] 2017-08-17T10:48:24.765497675Z: [    1.078475] ACPI: Using IOAPIC for interrupt routing
[STDERR  ] 2017-08-17T10:48:24.765515813Z: [    1.081767] PCI: Using host bridge windows from ACPI; if necessary, use "pci=nocrs" and report a bug
[STDERR  ] 2017-08-17T10:48:24.765524481Z: [    1.154585] ACPI: PCI Root Bridge [PCI0] (domain 0000 [bus 00-ff])
[STDERR  ] 2017-08-17T10:48:24.765533596Z: [    1.155822] acpi PNP0A08:00: _OSC: OS supports [ExtendedConfig ASPM ClockPM Segments MSI]
[STDERR  ] 2017-08-17T10:48:24.765542359Z: [    1.162942] acpi PNP0A08:00: _OSC: OS now controls [PCIeHotplug PME PCIeCapability]
[STDERR  ] 2017-08-17T10:48:24.76555153Z: [    1.167328] PCI host bridge to bus 0000:00
[STDERR  ] 2017-08-17T10:48:24.765560259Z: [    1.167969] pci_bus 0000:00: root bus resource [io  0x0000-0x0cf7 window]
[STDERR  ] 2017-08-17T10:48:24.765571566Z: [    1.168475] pci_bus 0000:00: root bus resource [io  0x0d00-0xffff window]
[STDERR  ] 2017-08-17T10:48:24.765582496Z: [    1.168931] pci_bus 0000:00: root bus resource [mem 0x000a0000-0x000bffff window]
[STDERR  ] 2017-08-17T10:48:24.765595114Z: [    1.169389] pci_bus 0000:00: root bus resource [mem 0xc0000000-0xfebfffff window]
[STDERR  ] 2017-08-17T10:48:24.765603891Z: [    1.170210] pci_bus 0000:00: root bus resource [bus 00-ff]
[STDERR  ] 2017-08-17T10:48:24.765612713Z: [    1.333115] pci 0000:00:1f.0: quirk: [io  0x0600-0x067f] claimed by ICH6 ACPI/GPIO/TCO
[STDERR  ] 2017-08-17T10:48:24.765621386Z: [    1.424325] ACPI: PCI Interrupt Link [LNKA] (IRQs 5 *10 11)
[STDERR  ] 2017-08-17T10:48:24.765636685Z: [    1.427090] ACPI: PCI Interrupt Link [LNKB] (IRQs 5 *10 11)
[STDERR  ] 2017-08-17T10:48:24.765645299Z: [    1.430150] ACPI: PCI Interrupt Link [LNKC] (IRQs 5 10 *11)
[STDERR  ] 2017-08-17T10:48:24.765654009Z: [    1.432151] ACPI: PCI Interrupt Link [LNKD] (IRQs 5 10 *11)
[STDERR  ] 2017-08-17T10:48:24.765662602Z: [    1.434126] ACPI: PCI Interrupt Link [LNKE] (IRQs 5 *10 11)
[STDERR  ] 2017-08-17T10:48:24.765671192Z: [    1.436086] ACPI: PCI Interrupt Link [LNKF] (IRQs 5 *10 11)
[STDERR  ] 2017-08-17T10:48:24.765679737Z: [    1.438019] ACPI: PCI Interrupt Link [LNKG] (IRQs 5 10 *11)
[STDERR  ] 2017-08-17T10:48:24.765688724Z: [    1.440205] ACPI: PCI Interrupt Link [LNKH] (IRQs 5 10 *11)
[STDERR  ] 2017-08-17T10:48:24.7656973Z: [    1.441154] ACPI: PCI Interrupt Link [GSIA] (IRQs *16)
[STDERR  ] 2017-08-17T10:48:24.76570598Z: [    1.441848] ACPI: PCI Interrupt Link [GSIB] (IRQs *17)
[STDERR  ] 2017-08-17T10:48:24.765714451Z: [    1.442476] ACPI: PCI Interrupt Link [GSIC] (IRQs *18)
[STDERR  ] 2017-08-17T10:48:24.765722935Z: [    1.443169] ACPI: PCI Interrupt Link [GSID] (IRQs *19)
[STDERR  ] 2017-08-17T10:48:24.765731435Z: [    1.443854] ACPI: PCI Interrupt Link [GSIE] (IRQs *20)
[STDERR  ] 2017-08-17T10:48:24.765739722Z: [    1.444561] ACPI: PCI Interrupt Link [GSIF] (IRQs *21)
[STDERR  ] 2017-08-17T10:48:24.765748253Z: [    1.445234] ACPI: PCI Interrupt Link [GSIG] (IRQs *22)
[STDERR  ] 2017-08-17T10:48:24.765756723Z: [    1.445924] ACPI: PCI Interrupt Link [GSIH] (IRQs *23)
[STDERR  ] 2017-08-17T10:48:24.765765158Z: [    1.450000] ACPI: Enabled 2 GPEs in block 00 to 3F
[STDERR  ] 2017-08-17T10:48:24.765773776Z: [    1.454394] SCSI subsystem initialized
[STDERR  ] 2017-08-17T10:48:24.765782495Z: [    1.456551] ACPI: bus type USB registered
[STDERR  ] 2017-08-17T10:48:24.765794457Z: [    1.457888] usbcore: registered new interface driver usbfs
[STDERR  ] 2017-08-17T10:48:24.765802859Z: [    1.458868] usbcore: registered new interface driver hub
[STDERR  ] 2017-08-17T10:48:24.76581671Z: [    1.460657] usbcore: registered new device driver usb
[STDERR  ] 2017-08-17T10:48:24.765825114Z: [    1.461891] pps_core: LinuxPPS API ver. 1 registered
[STDERR  ] 2017-08-17T10:48:24.765833515Z: [    1.462176] pps_core: Software ver. 5.3.6 - Copyright 2005-2007 Rodolfo Giometti <giometti@linux.it>
[STDERR  ] 2017-08-17T10:48:24.765843616Z: [    1.462914] PTP clock support registered
[STDERR  ] 2017-08-17T10:48:24.765852089Z: [    1.464050] wmi: Mapper loaded
[STDERR  ] 2017-08-17T10:48:24.765860539Z: [    1.465382] PCI: Using ACPI for IRQ routing
[STDERR  ] 2017-08-17T10:48:24.765872459Z: [    1.485748] NetLabel: Initializing
[STDERR  ] 2017-08-17T10:48:24.765880888Z: [    1.485999] NetLabel:  domain hash size = 128
[STDERR  ] 2017-08-17T10:48:24.765890854Z: [    1.486416] NetLabel:  protocols = UNLABELED CIPSOv4
[STDERR  ] 2017-08-17T10:48:24.765899517Z: [    1.489005] NetLabel:  unlabeled traffic allowed by default
[STDERR  ] 2017-08-17T10:48:24.765907934Z: [    1.490908] HPET: 3 timers in total, 0 timers will be used for per-cpu timer
[STDERR  ] 2017-08-17T10:48:24.765916622Z: [    1.491765] hpet0: at MMIO 0xfed00000, IRQs 2, 8, 0
[STDERR  ] 2017-08-17T10:48:24.765925044Z: [    1.492225] hpet0: 3 comparators, 64-bit 100.000000 MHz counter
[STDERR  ] 2017-08-17T10:48:24.765933896Z: [    1.498911] clocksource: Switched to clocksource hpet
[STDERR  ] 2017-08-17T10:48:24.765943011Z: [    1.794058] VFS: Disk quotas dquot_6.6.0
[STDERR  ] 2017-08-17T10:48:24.765957117Z: [    1.794901] VFS: Dquot-cache hash table entries: 512 (order 0, 4096 bytes)
[STDERR  ] 2017-08-17T10:48:24.76596988Z: [    1.798833] FS-Cache: Loaded
[STDERR  ] 2017-08-17T10:48:24.765979028Z: [    1.805274] CacheFiles: Loaded
[STDERR  ] 2017-08-17T10:48:24.765987369Z: [    1.807342] pnp: PnP ACPI init
[STDERR  ] 2017-08-17T10:48:24.766001485Z: [    1.820375] pnp: PnP ACPI: found 5 devices
[STDERR  ] 2017-08-17T10:48:24.766009877Z: [    1.878180] clocksource: acpi_pm: mask: 0xffffff max_cycles: 0xffffff, max_idle_ns: 2085701024 ns
[STDERR  ] 2017-08-17T10:48:24.76601849Z: [    1.882805] NET: Registered protocol family 2
[STDERR  ] 2017-08-17T10:48:24.766027198Z: [    1.892256] TCP established hash table entries: 16384 (order: 5, 131072 bytes)
[STDERR  ] 2017-08-17T10:48:24.766035635Z: [    1.893332] TCP bind hash table entries: 16384 (order: 6, 262144 bytes)
[STDERR  ] 2017-08-17T10:48:24.766044064Z: [    1.894734] TCP: Hash tables configured (established 16384 bind 16384)
[STDERR  ] 2017-08-17T10:48:24.766054339Z: [    1.896340] UDP hash table entries: 1024 (order: 3, 32768 bytes)
[STDERR  ] 2017-08-17T10:48:24.766062927Z: [    1.897029] UDP-Lite hash table entries: 1024 (order: 3, 32768 bytes)
[STDERR  ] 2017-08-17T10:48:24.766071256Z: [    1.899658] NET: Registered protocol family 1
[STDERR  ] 2017-08-17T10:48:24.766079791Z: [    1.901100] pci 0000:00:01.0: Video device with shadowed ROM at [mem 0x000c0000-0x000dffff]
[STDERR  ] 2017-08-17T10:48:24.766089136Z: [    1.909170] Unpacking initramfs...
[STDERR  ] 2017-08-17T10:48:24.766097496Z: [   26.443559] Freeing initrd memory: 193072K
[STDERR  ] 2017-08-17T10:48:24.766105877Z: [   26.471114] PCLMULQDQ-NI instructions are not detected.
[STDERR  ] 2017-08-17T10:48:24.766114492Z: [   26.472646] AVX or AES-NI instructions are not detected.
[STDERR  ] 2017-08-17T10:48:24.766123017Z: [   26.473179] CPU feature 'AVX registers' is not supported.
[STDERR  ] 2017-08-17T10:48:24.766131408Z: [   26.473644] CPU feature 'AVX registers' is not supported.
[STDERR  ] 2017-08-17T10:48:24.766139824Z: [   26.474013] CPU feature 'AVX registers' is not supported.
[STDERR  ] 2017-08-17T10:48:24.766148401Z: [   26.474380] CPU feature 'AVX registers' is not supported.
[STDERR  ] 2017-08-17T10:48:24.766156769Z: [   26.474735] AVX2 or AES-NI instructions are not detected.
[STDERR  ] 2017-08-17T10:48:24.766165304Z: [   26.475181] AVX2 instructions are not detected.
[STDERR  ] 2017-08-17T10:48:24.766174132Z: [   26.482960] audit: initializing netlink subsys (disabled)
[STDERR  ] 2017-08-17T10:48:24.766183258Z: [   26.484866] audit: type=2000 audit(1502966180.480:1): initialized
[STDERR  ] 2017-08-17T10:48:24.766191741Z: [   26.493926] workingset: timestamp_bits=46 max_order=19 bucket_order=0
[STDERR  ] 2017-08-17T10:48:24.766200196Z: [   26.505543] FS-Cache: Netfs 'cifs' registered for caching
[STDERR  ] 2017-08-17T10:48:24.766215439Z: [   26.506701] fuse init (API version 7.26)
[STDERR  ] 2017-08-17T10:48:24.766223972Z: [   26.509562] SGI XFS with ACLs, security attributes, no debug enabled
[STDERR  ] 2017-08-17T10:48:24.76623252Z: [   26.513867] 9p: Installing v9fs 9p2000 file system support
[STDERR  ] 2017-08-17T10:48:24.766246192Z: [   26.514422] FS-Cache: Netfs '9p' registered for caching
[STDERR  ] 2017-08-17T10:48:24.766254738Z: [   26.549219] NET: Registered protocol family 38
[STDERR  ] 2017-08-17T10:48:24.766263278Z: [   26.549926] Key type asymmetric registered
[STDERR  ] 2017-08-17T10:48:24.766271924Z: [   26.552834] Asymmetric key parser 'x509' registered
[STDERR  ] 2017-08-17T10:48:24.76628034Z: [   26.553955] Block layer SCSI generic (bsg) driver version 0.4 loaded (major 251)
[STDERR  ] 2017-08-17T10:48:24.766289066Z: [   26.555619] io scheduler noop registered
[STDERR  ] 2017-08-17T10:48:24.766297728Z: [   26.556076] io scheduler deadline registered (default)
[STDERR  ] 2017-08-17T10:48:24.766306256Z: [   26.556767] io scheduler cfq registered
[STDERR  ] 2017-08-17T10:48:24.766314876Z: [   26.559803] pci_hotplug: PCI Hot Plug PCI Core version: 0.5
[STDERR  ] 2017-08-17T10:48:24.766323232Z: [   26.561705] pciehp: PCI Express Hot Plug Controller Driver version: 0.4
[STDERR  ] 2017-08-17T10:48:24.766354443Z: [   26.562833] shpchp: Standard Hot Plug PCI Controller Driver version: 0.4
[STDERR  ] 2017-08-17T10:48:24.766363384Z: [   26.563752] hv_vmbus: registering driver hyperv_fb
[STDERR  ] 2017-08-17T10:48:24.766372201Z: [   26.567319] input: Power Button as /devices/LNXSYSTM:00/LNXPWRBN:00/input/input0
[STDERR  ] 2017-08-17T10:48:24.766383649Z: [   26.568564] ACPI: Power Button [PWRF]
[STDERR  ] 2017-08-17T10:48:24.766392435Z: [   26.574557] GHES: HEST is not enabled!
[STDERR  ] 2017-08-17T10:48:24.766401179Z: [   26.587428] ACPI: PCI Interrupt Link [GSIG] enabled at IRQ 22
[STDERR  ] 2017-08-17T10:48:24.766410209Z: [   26.602749] ACPI: PCI Interrupt Link [GSIH] enabled at IRQ 23
[STDERR  ] 2017-08-17T10:48:24.766419335Z: [   26.607972] xenfs: not registering filesystem on non-xen platform
[STDERR  ] 2017-08-17T10:48:24.766428718Z: [   26.611290] Serial: 8250/16550 driver, 4 ports, IRQ sharing disabled
[STDERR  ] 2017-08-17T10:48:24.766439651Z: [   26.638600] 00:04: ttyS0 at I/O 0x3f8 (irq = 4, base_baud = 115200) is a 16550A
[STDERR  ] 2017-08-17T10:48:24.766448548Z: [   26.651370] Non-volatile memory driver v1.3
[STDERR  ] 2017-08-17T10:48:24.766457673Z: [   26.658983] Hangcheck: starting hangcheck timer 0.9.1 (tick is 180 seconds, margin is 60 seconds).
[STDERR  ] 2017-08-17T10:48:24.766466456Z: [   26.704396] loop: module loaded
[STDERR  ] 2017-08-17T10:48:24.766482814Z: [   26.723145] nbd: registered device at major 43
[STDERR  ] 2017-08-17T10:48:24.766491965Z: [   26.769691] lpc_ich 0000:00:1f.0: I/O space for GPIO uninitialized
[STDERR  ] 2017-08-17T10:48:24.76650602Z: [   26.772564] VMware PVSCSI driver - version 1.0.7.0-k
[STDERR  ] 2017-08-17T10:48:24.766517166Z: [   26.773537] hv_vmbus: registering driver hv_storvsc
[STDERR  ] 2017-08-17T10:48:24.766526017Z: [   26.787631] ACPI: PCI Interrupt Link [GSIA] enabled at IRQ 16
[STDERR  ] 2017-08-17T10:48:24.766535064Z: [   26.796986] ahci 0000:00:1f.2: AHCI 0001.0000 32 slots 6 ports 1.5 Gbps 0x3f impl SATA mode
[STDERR  ] 2017-08-17T10:48:24.766549794Z: [   26.797747] ahci 0000:00:1f.2: flags: 64bit ncq only 
[STDERR  ] 2017-08-17T10:48:24.766559733Z: [   26.821304] scsi host0: ahci
[STDERR  ] 2017-08-17T10:48:24.766568884Z: [   26.826985] scsi host1: ahci
[STDERR  ] 2017-08-17T10:48:24.7665781Z: [   26.831001] scsi host2: ahci
[STDERR  ] 2017-08-17T10:48:24.766587055Z: [   26.833680] scsi host3: ahci
[STDERR  ] 2017-08-17T10:48:24.766596278Z: [   26.836298] scsi host4: ahci
[STDERR  ] 2017-08-17T10:48:24.766604968Z: [   26.838811] scsi host5: ahci
[STDERR  ] 2017-08-17T10:48:24.766613931Z: [   26.841174] ata1: SATA max UDMA/133 abar m4096@0xfebd2000 port 0xfebd2100 irq 24
[STDERR  ] 2017-08-17T10:48:24.766622841Z: [   26.841747] ata2: SATA max UDMA/133 abar m4096@0xfebd2000 port 0xfebd2180 irq 24
[STDERR  ] 2017-08-17T10:48:24.766631939Z: [   26.842253] ata3: SATA max UDMA/133 abar m4096@0xfebd2000 port 0xfebd2200 irq 24
[STDERR  ] 2017-08-17T10:48:24.766640776Z: [   26.842716] ata4: SATA max UDMA/133 abar m4096@0xfebd2000 port 0xfebd2280 irq 24
[STDERR  ] 2017-08-17T10:48:24.766655161Z: [   26.843193] ata5: SATA max UDMA/133 abar m4096@0xfebd2000 port 0xfebd2300 irq 24
[STDERR  ] 2017-08-17T10:48:24.766666322Z: [   26.843647] ata6: SATA max UDMA/133 abar m4096@0xfebd2000 port 0xfebd2380 irq 24
[STDERR  ] 2017-08-17T10:48:24.766675474Z: [   26.858822] tun: Universal TUN/TAP device driver, 1.6
[STDERR  ] 2017-08-17T10:48:24.766684195Z: [   26.859358] tun: (C) 1999-2004 Max Krasnyansky <maxk@qualcomm.com>
[STDERR  ] 2017-08-17T10:48:24.766693323Z: [   26.872851] VMware vmxnet3 virtual NIC driver - version 1.4.a.0-k-NAPI
[STDERR  ] 2017-08-17T10:48:24.766702085Z: [   26.873962] hv_vmbus: registering driver hv_netvsc
[STDERR  ] 2017-08-17T10:48:24.766711073Z: [   26.874308] Fusion MPT base driver 3.04.20
[STDERR  ] 2017-08-17T10:48:24.766719929Z: [   26.874592] Copyright (c) 1999-2008 LSI Corporation
[STDERR  ] 2017-08-17T10:48:24.766728708Z: [   26.875308] Fusion MPT SPI Host driver 3.04.20
[STDERR  ] 2017-08-17T10:48:24.766741441Z: [   26.877594] i8042: PNP: PS/2 Controller [PNP0303:KBD,PNP0f13:MOU] at 0x60,0x64 irq 1,12
[STDERR  ] 2017-08-17T10:48:24.766750606Z: [   26.882930] serio: i8042 KBD port at 0x60,0x64 irq 1
[STDERR  ] 2017-08-17T10:48:24.766760186Z: [   26.883593] serio: i8042 AUX port at 0x60,0x64 irq 12
[STDERR  ] 2017-08-17T10:48:24.766775674Z: [   26.887094] hv_vmbus: registering driver hyperv_keyboard
[STDERR  ] 2017-08-17T10:48:24.766784606Z: [   26.889639] mousedev: PS/2 mouse device common for all mice
[STDERR  ] 2017-08-17T10:48:24.76679338Z: [   26.895127] input: AT Translated Set 2 keyboard as /devices/platform/i8042/serio0/input/input1
[STDERR  ] 2017-08-17T10:48:24.766816557Z: [   26.898531] input: PC Speaker as /devices/platform/pcspkr/input/input2
[STDERR  ] 2017-08-17T10:48:24.766826327Z: [   26.903555] rtc_cmos 00:00: RTC can wake from S4
[STDERR  ] 2017-08-17T10:48:24.766840641Z: [   26.907395] rtc_cmos 00:00: rtc core: registered rtc_cmos as rtc0
[STDERR  ] 2017-08-17T10:48:24.766849892Z: [   26.908718] rtc_cmos 00:00: alarms up to one day, y3k, 114 bytes nvram, hpet irqs
[STDERR  ] 2017-08-17T10:48:24.766858745Z: [   26.909569] i2c /dev entries driver
[STDERR  ] 2017-08-17T10:48:24.766867534Z: [   26.912034] device-mapper: ioctl: 4.35.0-ioctl (2016-06-23) initialised: dm-devel@redhat.com
[STDERR  ] 2017-08-17T10:48:24.766876579Z: [   26.917165] usbcore: registered new interface driver usbhid
[STDERR  ] 2017-08-17T10:48:24.766885742Z: [   26.917583] usbhid: USB HID core driver
[STDERR  ] 2017-08-17T10:48:24.766894737Z: [   26.918250] hv_utils: Registering HyperV Utility Driver
[STDERR  ] 2017-08-17T10:48:24.7669035Z: [   26.918601] hv_vmbus: registering driver hv_util
[STDERR  ] 2017-08-17T10:48:24.76691268Z: [   26.918932] hv_vmbus: registering driver hv_balloon
[STDERR  ] 2017-08-17T10:48:24.766921387Z: [   26.919550] oprofile: using NMI interrupt.
[STDERR  ] 2017-08-17T10:48:24.766930197Z: [   26.921223] GACT probability on
[STDERR  ] 2017-08-17T10:48:24.766939486Z: [   26.921764] Mirror/redirect action on
[STDERR  ] 2017-08-17T10:48:24.766948545Z: [   26.922760] Simple TC action Loaded
[STDERR  ] 2017-08-17T10:48:24.766957255Z: [   26.923420] u32 classifier
[STDERR  ] 2017-08-17T10:48:24.766968207Z: [   26.923629]     Performance counters on
[STDERR  ] 2017-08-17T10:48:24.766977265Z: [   26.923906]     input device check on
[STDERR  ] 2017-08-17T10:48:24.766986387Z: [   26.924488]     Actions configured
[STDERR  ] 2017-08-17T10:48:24.766995274Z: [   26.925105] Netfilter messages via NETLINK v0.30.
[STDERR  ] 2017-08-17T10:48:24.767004142Z: [   26.925731] nfnl_acct: registering with nfnetlink.
[STDERR  ] 2017-08-17T10:48:24.767017937Z: [   26.927250] nf_conntrack version 0.5.0 (16384 buckets, 65536 max)
[STDERR  ] 2017-08-17T10:48:24.76702661Z: [   26.930919] ctnetlink v0.93: registering with nfnetlink.
[STDERR  ] 2017-08-17T10:48:24.767035627Z: [   26.934215] nf_tables: (c) 2007-2009 Patrick McHardy <kaber@trash.net>
[STDERR  ] 2017-08-17T10:48:24.767044551Z: [   26.935142] nf_tables_compat: (c) 2012 Pablo Neira Ayuso <pablo@netfilter.org>
[STDERR  ] 2017-08-17T10:48:24.767058591Z: [   26.937847] xt_time: kernel timezone is -0000
[STDERR  ] 2017-08-17T10:48:24.767068564Z: [   26.938508] ip_set: protocol 6
[STDERR  ] 2017-08-17T10:48:24.767077484Z: [   26.939204] IPVS: Registered protocols (TCP, UDP, SCTP, AH, ESP)
[STDERR  ] 2017-08-17T10:48:24.767086404Z: [   26.939990] IPVS: Connection hash table configured (size=4096, memory=64Kbytes)
[STDERR  ] 2017-08-17T10:48:24.767095231Z: [   26.942294] IPVS: Creating netns size=2104 id=0
[STDERR  ] 2017-08-17T10:48:24.767104278Z: [   26.945080] IPVS: ipvs loaded.
[STDERR  ] 2017-08-17T10:48:24.767112965Z: [   26.945471] IPVS: [rr] scheduler registered.
[STDERR  ] 2017-08-17T10:48:24.767126616Z: [   26.945798] IPVS: [wrr] scheduler registered.
[STDERR  ] 2017-08-17T10:48:24.76713562Z: [   26.946099] IPVS: [lc] scheduler registered.
[STDERR  ] 2017-08-17T10:48:24.767144794Z: [   26.946315] IPVS: [wlc] scheduler registered.
[STDERR  ] 2017-08-17T10:48:24.767157294Z: [   26.946580] IPVS: [fo] scheduler registered.
[STDERR  ] 2017-08-17T10:48:24.767166342Z: [   26.946839] IPVS: [ovf] scheduler registered.
[STDERR  ] 2017-08-17T10:48:24.767175093Z: [   26.947287] IPVS: [lblc] scheduler registered.
[STDERR  ] 2017-08-17T10:48:24.767183777Z: [   26.947724] IPVS: [lblcr] scheduler registered.
[STDERR  ] 2017-08-17T10:48:24.767198239Z: [   26.948034] IPVS: [dh] scheduler registered.
[STDERR  ] 2017-08-17T10:48:24.767207135Z: [   26.948285] IPVS: [sh] scheduler registered.
[STDERR  ] 2017-08-17T10:48:24.767216212Z: [   26.948515] IPVS: [sed] scheduler registered.
[STDERR  ] 2017-08-17T10:48:24.767225119Z: [   26.948781] IPVS: [nq] scheduler registered.
[STDERR  ] 2017-08-17T10:48:24.767233983Z: [   26.949541] IPVS: ftp: loaded support on port[0] = 21
[STDERR  ] 2017-08-17T10:48:24.767243139Z: [   26.951084] ipip: IPv4 and MPLS over IPv4 tunneling driver
[STDERR  ] 2017-08-17T10:48:24.767252006Z: [   26.955767] gre: GRE over IPv4 demultiplexor driver
[STDERR  ] 2017-08-17T10:48:24.767260927Z: [   26.959136] ip_tables: (C) 2000-2006 Netfilter Core Team
[STDERR  ] 2017-08-17T10:48:24.767272288Z: [   26.963077] ipt_CLUSTERIP: ClusterIP Version 0.8 loaded successfully
[STDERR  ] 2017-08-17T10:48:24.767281177Z: [   26.963831] arp_tables: arp_tables: (C) 2002 David S. Miller
[STDERR  ] 2017-08-17T10:48:24.767290111Z: [   26.966314] NET: Registered protocol family 10
[STDERR  ] 2017-08-17T10:48:24.767298746Z: [   26.977130] ip6_tables: (C) 2000-2006 Netfilter Core Team
[STDERR  ] 2017-08-17T10:48:24.767307708Z: [   26.987006] NET: Registered protocol family 17
[STDERR  ] 2017-08-17T10:48:24.767316422Z: [   26.988192] Bridge firewalling registered
[STDERR  ] 2017-08-17T10:48:24.767325397Z: [   26.988740] Ebtables v2.0 registered
[STDERR  ] 2017-08-17T10:48:24.7673345Z: [   26.991296] 8021q: 802.1Q VLAN Support v1.8
[STDERR  ] 2017-08-17T10:48:24.767343296Z: [   26.992851] 9pnet: Installing 9P2000 support
[STDERR  ] 2017-08-17T10:48:24.767351977Z: [   26.994478] Key type dns_resolver registered
[STDERR  ] 2017-08-17T10:48:24.767361036Z: [   26.995699] microcode: AMD CPU family 0x6 not supported
[STDERR  ] 2017-08-17T10:48:24.767369753Z: [   26.999633] registered taskstats version 1
[STDERR  ] 2017-08-17T10:48:24.767378636Z: [   27.181381] ata1: SATA link up 1.5 Gbps (SStatus 113 SControl 300)
[STDERR  ] 2017-08-17T10:48:24.767387756Z: [   27.187531] ata1.00: ATA-7: QEMU HARDDISK, 2.5+, max UDMA/100
[STDERR  ] 2017-08-17T10:48:24.767401901Z: [   27.188080] ata1.00: 4194304 sectors, multi 16: LBA48 NCQ (depth 31/32)
[STDERR  ] 2017-08-17T10:48:24.767410675Z: [   27.188718] ata1.00: applying bridge limits
[STDERR  ] 2017-08-17T10:48:24.767419733Z: [   27.190433] ata6: SATA link down (SStatus 0 SControl 300)
[STDERR  ] 2017-08-17T10:48:24.767428516Z: [   27.191909] ata5: SATA link down (SStatus 0 SControl 300)
[STDERR  ] 2017-08-17T10:48:24.767437244Z: [   27.192511] ata4: SATA link down (SStatus 0 SControl 300)
[STDERR  ] 2017-08-17T10:48:24.767446072Z: [   27.193215] ata3: SATA link up 1.5 Gbps (SStatus 113 SControl 300)
[STDERR  ] 2017-08-17T10:48:24.767458599Z: [   27.194087] ata3.00: ATAPI: QEMU DVD-ROM, 2.5+, max UDMA/100
[STDERR  ] 2017-08-17T10:48:24.767467436Z: [   27.194533] ata3.00: applying bridge limits
[STDERR  ] 2017-08-17T10:48:24.767476174Z: [   27.195603] ata3.00: configured for UDMA/100
[STDERR  ] 2017-08-17T10:48:24.767491847Z: [   27.197532] ata2: SATA link down (SStatus 0 SControl 300)
[STDERR  ] 2017-08-17T10:48:24.767500555Z: [   27.198678] ata1.00: configured for UDMA/100
[STDERR  ] 2017-08-17T10:48:24.767516699Z: [   27.211681] scsi 0:0:0:0: Direct-Access     ATA      QEMU HARDDISK    2.5+ PQ: 0 ANSI: 5
[STDERR  ] 2017-08-17T10:48:24.767525718Z: [   27.219770] sd 0:0:0:0: [sda] 4194304 512-byte logical blocks: (2.15 GB/2.00 GiB)
[STDERR  ] 2017-08-17T10:48:24.767534562Z: [   27.225525] sd 0:0:0:0: Attached scsi generic sg0 type 0
[STDERR  ] 2017-08-17T10:48:24.767543611Z: [   27.227410] sd 0:0:0:0: [sda] Write Protect is off
[STDERR  ] 2017-08-17T10:48:24.767557346Z: [   27.230382] sd 0:0:0:0: [sda] Write cache: enabled, read cache: enabled, doesn't support DPO or FUA
[STDERR  ] 2017-08-17T10:48:24.767566516Z: [   27.233789] scsi 2:0:0:0: CD-ROM            QEMU     QEMU DVD-ROM     2.5+ PQ: 0 ANSI: 5
[STDERR  ] 2017-08-17T10:48:24.767575491Z: [   27.258486] sr 2:0:0:0: [sr0] scsi3-mmc drive: 4x/4x cd/rw xa/form2 tray
[STDERR  ] 2017-08-17T10:48:24.767584213Z: [   27.259308] cdrom: Uniform CD-ROM driver Revision: 3.20
[STDERR  ] 2017-08-17T10:48:24.767593514Z: [   27.272689] sr 2:0:0:0: Attached scsi generic sg1 type 5
[STDERR  ] 2017-08-17T10:48:24.767602325Z: [   27.284604] sd 0:0:0:0: [sda] Attached SCSI disk
[STDERR  ] 2017-08-17T10:48:24.767611542Z: [   27.338641] Key type big_key registered
[STDERR  ] 2017-08-17T10:48:24.767620777Z: [   27.396735] Key type encrypted registered
[STDERR  ] 2017-08-17T10:48:24.767629611Z: [   27.403058] rtc_cmos 00:00: setting system clock to 2017-08-17 10:36:22 UTC (1502966182)
[STDERR  ] 2017-08-17T10:48:24.767639482Z: [   27.556580] Freeing unused kernel memory: 1380K
[STDERR  ] 2017-08-17T10:48:24.767648298Z: [   27.557031] Write protecting the kernel read-only data: 12288k
[STDERR  ] 2017-08-17T10:48:24.767656946Z: [   27.559550] tsc: Refined TSC clocksource calibration: 2599.941 MHz
[STDERR  ] 2017-08-17T10:48:24.767667676Z: [   27.560560] clocksource: tsc: mask: 0xffffffffffffffff max_cycles: 0x257a044d8d9, max_idle_ns: 440795260209 ns
[STDERR  ] 2017-08-17T10:48:24.767677062Z: [   27.566220] Freeing unused kernel memory: 148K
[STDERR  ] 2017-08-17T10:48:24.767691274Z: [   27.697681] Freeing unused kernel memory: 1400K
[STDERR  ] 2017-08-17T10:48:24.767700349Z: [   28.575280] clocksource: Switched to clocksource tsc
[STDERR  ] 2017-08-17T10:48:24.767709045Z: 
[STDERR  ] 2017-08-17T10:48:24.76771775Z: Welcome to LinuxKit
[STDERR  ] 2017-08-17T10:48:24.767727125Z: [   84.392555] random: fast init done
[STDERR  ] 2017-08-17T10:48:24.767741898Z: 
[STDERR  ] 2017-08-17T10:48:24.767750925Z:                         ##         .
[STDERR  ] 2017-08-17T10:48:24.767759816Z:                   ## ## ##        ==
[STDERR  ] 2017-08-17T10:48:24.767768817Z:                ## ## ## ## ##    ===
[STDERR  ] 2017-08-17T10:48:24.767778728Z:            /"""""""""""""""""\___/ ===
[STDERR  ] 2017-08-17T10:48:24.767787464Z:           {                       /  ===-
[STDERR  ] 2017-08-17T10:48:24.767796358Z:            \______ O           __/
[STDERR  ] 2017-08-17T10:48:24.76780533Z:              \    \         __/
[STDERR  ] 2017-08-17T10:48:24.767814077Z:               \____\_______/
[STDERR  ] 2017-08-17T10:48:24.767822812Z: 
[STDERR  ] 2017-08-17T10:48:24.767831841Z: [   86.317558] 8021q: adding VLAN 0 to HW filter on device eth0
[STDERR  ] 2017-08-17T10:48:24.767840487Z: eth0: waiting for carrier
[STDERR  ] 2017-08-17T10:48:24.767849263Z: eth0: carrier acquired
[STDERR  ] 2017-08-17T10:48:24.76786Z: DUID 00:01:00:01:21:28:2e:61:fa:4e:1a:69:6c:78
[STDERR  ] 2017-08-17T10:48:24.767868937Z: eth0: IAID 1a:69:6c:78
[STDERR  ] 2017-08-17T10:48:24.767877708Z: eth0: adding address fe80::1548:41e7:eee2:1885
[STDERR  ] 2017-08-17T10:48:24.767890973Z: eth0: soliciting an IPv6 router
[STDERR  ] 2017-08-17T10:48:24.767900166Z: eth0: soliciting a DHCP lease
[STDERR  ] 2017-08-17T10:48:24.767908798Z: eth0: offered 10.0.2.15 from 10.0.2.2
[STDERR  ] 2017-08-17T10:48:24.767918097Z: eth0: leased 10.0.2.15 for 86400 seconds
[STDERR  ] 2017-08-17T10:48:24.767927243Z: eth0: adding route to 10.0.2.0/24
[STDERR  ] 2017-08-17T10:48:24.76793769Z: eth0: adding default route via 10.0.2.2
[STDERR  ] 2017-08-17T10:48:24.767946485Z: exiting due to oneshot
[STDERR  ] 2017-08-17T10:48:24.767955402Z: dhcpcd exited
[STDERR  ] 2017-08-17T10:48:24.767964243Z: [   89.651821] IPVS: Creating netns size=2104 id=1
[STDERR  ] 2017-08-17T10:48:24.767972969Z: [   89.652394] IPVS: ftp: loaded support on port[0] = 21
[STDERR  ] 2017-08-17T10:48:24.767981637Z: 2017/08/17 10:37:25 Creating partition on /dev/sda
[STDERR  ] 2017-08-17T10:48:24.767990631Z: [   91.049812]  sda:
[STDERR  ] 2017-08-17T10:48:24.768009171Z: [   91.152722]  sda:
[STDERR  ] 2017-08-17T10:48:24.768020662Z: [   91.194720]  sda: sda1
[STDERR  ] 2017-08-17T10:48:24.768029683Z: [   91.292770]  sda: sda1
[STDERR  ] 2017-08-17T10:48:24.768038915Z: 2017/08/17 10:37:29 Partition /dev/sda1 successfully created!
[STDERR  ] 2017-08-17T10:48:24.768047813Z: [  100.372794] IPVS: Creating netns size=2104 id=2
[STDERR  ] 2017-08-17T10:48:24.768056838Z: [  100.373335] IPVS: ftp: loaded support on port[0] = 21
[STDERR  ] 2017-08-17T10:48:24.768065901Z: [  101.732078] EXT4-fs (sda1): couldn't mount as ext3 due to feature incompatibilities
[STDERR  ] 2017-08-17T10:48:24.768075144Z: [  101.743618] EXT4-fs (sda1): couldn't mount as ext2 due to feature incompatibilities
[STDERR  ] 2017-08-17T10:48:24.768084273Z: [  101.773917] EXT4-fs (sda1): mounted filesystem with ordered data mode. Opts: (null)
[STDERR  ] 2017-08-17T10:48:24.768093895Z: v1.0.0-alpha4
[STDERR  ] 2017-08-17T10:48:24.768103641Z: 56d499e114cd0289a68338d32d997346f3bb1dcd
[STDERR  ] 2017-08-17T10:48:24.768112339Z: [  109.207499] random: crng init done
[STDERR  ] 2017-08-17T10:48:24.768121163Z: ðŸ‡© root-test
[STDERR  ] 2017-08-17T10:48:24.768130216Z: [  240.396874] XFS (loop0): Mounting V4 Filesystem
[STDERR  ] 2017-08-17T10:48:24.768139072Z: [  240.449160] XFS (loop0): Ending clean mount
[STDERR  ] 2017-08-17T10:48:24.768147723Z: [  240.516593] XFS (loop0): Unmounting Filesystem
[STDERR  ] 2017-08-17T10:48:24.768156415Z: [  241.278033] XFS (loop0): Mounting V4 Filesystem
[STDERR  ] 2017-08-17T10:48:24.768165244Z: [  241.321378] XFS (loop0): Ending clean mount
[STDERR  ] 2017-08-17T10:48:24.768174027Z: [  241.355494] XFS (loop0): Unmounting Filesystem
[STDERR  ] 2017-08-17T10:48:24.768188492Z: ok  	github.com/containerd/containerd/fs	2.638s
[STDERR  ] 2017-08-17T10:48:24.768198098Z: ok  	github.com/containerd/containerd/metadata	5.221s
[STDERR  ] 2017-08-17T10:48:24.768206822Z: [  543.539045] XFS (loop2): Mounting V5 Filesystem
[STDERR  ] 2017-08-17T10:48:24.76821563Z: [  543.594382] XFS (loop2): Ending clean mount
[STDERR  ] 2017-08-17T10:48:24.768224455Z: [  543.647635] XFS (loop2): Unmounting Filesystem
[STDERR  ] 2017-08-17T10:48:24.768233268Z: ok  	github.com/containerd/containerd/mount/lookup_test	1.396s
[STDERR  ] 2017-08-17T10:48:24.768242122Z: [  598.431129] raid6: sse2x1   gen()   266 MB/s
[STDERR  ] 2017-08-17T10:48:24.768250948Z: [  598.600738] raid6: sse2x1   xor()   138 MB/s
[STDERR  ] 2017-08-17T10:48:24.768259849Z: [  598.770499] raid6: sse2x2   gen()   216 MB/s
[STDERR  ] 2017-08-17T10:48:24.768268506Z: [  598.940573] raid6: sse2x2   xor()   155 MB/s
[STDERR  ] 2017-08-17T10:48:24.76827723Z: [  599.110429] raid6: sse2x4   gen()   272 MB/s
[STDERR  ] 2017-08-17T10:48:24.768286046Z: [  599.280596] raid6: sse2x4   xor()   164 MB/s
[STDERR  ] 2017-08-17T10:48:24.768294965Z: [  599.281048] raid6: using algorithm sse2x4 gen() 272 MB/s
[STDERR  ] 2017-08-17T10:48:24.768309198Z: [  599.281383] raid6: .... xor() 164 MB/s, rmw enabled
[STDERR  ] 2017-08-17T10:48:24.76831786Z: [  599.281906] raid6: using intx1 recovery algorithm
[STDERR  ] 2017-08-17T10:48:24.768330992Z: [  599.309176] xor: measuring software checksum speed
[STDERR  ] 2017-08-17T10:48:24.768339748Z: [  599.400346]    prefetch64-sse:   567.600 MB/sec
[STDERR  ] 2017-08-17T10:48:24.768348453Z: [  599.500342]    generic_sse:   562.000 MB/sec
[STDERR  ] 2017-08-17T10:48:24.768357445Z: [  599.500808] xor: using function: prefetch64-sse (567.600 MB/sec)
[STDERR  ] 2017-08-17T10:48:24.7683663Z: [  599.713501] Btrfs loaded, crc32c=crc32c-generic
[STDERR  ] 2017-08-17T10:48:24.768375098Z: [  599.734618] BTRFS: device fsid a492cad6-3da9-4e61-84fd-3bea71b77399 devid 1 transid 5 /dev/loop2
[STDERR  ] 2017-08-17T10:48:24.768384495Z: [  599.783221] BTRFS info (device loop2): disk space caching is enabled
[STDERR  ] 2017-08-17T10:48:24.76839321Z: [  599.783930] BTRFS info (device loop2): has skinny extents
[STDERR  ] 2017-08-17T10:48:24.768401983Z: [  599.784320] BTRFS info (device loop2): flagging fs with big metadata feature
[STDERR  ] 2017-08-17T10:48:24.768415706Z: [  599.838986] BTRFS info (device loop2): creating UUID tree
[STDERR  ] 2017-08-17T10:48:24.768424535Z: [  602.044389] BTRFS: device fsid 82f6471a-b94f-41cd-941c-0843ed4b3b78 devid 1 transid 5 /dev/loop2
[STDERR  ] 2017-08-17T10:48:24.768434088Z: [  602.275523] BTRFS info (device loop2): disk space caching is enabled
[STDERR  ] 2017-08-17T10:48:24.768442866Z: [  602.276086] BTRFS info (device loop2): has skinny extents
[STDERR  ] 2017-08-17T10:48:24.768451837Z: [  602.276470] BTRFS info (device loop2): flagging fs with big metadata feature
[STDERR  ] 2017-08-17T10:48:24.768460555Z: [  602.322223] BTRFS info (device loop2): creating UUID tree
[STDERR  ] 2017-08-17T10:48:24.768469293Z: [  603.578025] BTRFS: device fsid d7c5e5b3-0ee9-4df3-8fc7-54cae204cc23 devid 1 transid 5 /dev/loop2
[STDERR  ] 2017-08-17T10:48:24.768478427Z: [  603.805440] BTRFS info (device loop2): disk space caching is enabled
[STDERR  ] 2017-08-17T10:48:24.768498948Z: [  603.805917] BTRFS info (device loop2): has skinny extents
[STDERR  ] 2017-08-17T10:48:24.768508011Z: [  603.806298] BTRFS info (device loop2): flagging fs with big metadata feature
[STDERR  ] 2017-08-17T10:48:24.768517393Z: [  603.845770] BTRFS info (device loop2): creating UUID tree
[STDERR  ] 2017-08-17T10:48:24.768526188Z: [  605.112023] BTRFS: device fsid 25aeaacb-1704-4463-823e-0394d848c7d1 devid 1 transid 5 /dev/loop2
[STDERR  ] 2017-08-17T10:48:24.768535158Z: [  605.334466] BTRFS info (device loop2): disk space caching is enabled
[STDERR  ] 2017-08-17T10:48:24.768546171Z: [  605.335049] BTRFS info (device loop2): has skinny extents
[STDERR  ] 2017-08-17T10:48:24.768555077Z: [  605.335443] BTRFS info (device loop2): flagging fs with big metadata feature
[STDERR  ] 2017-08-17T10:48:24.768563912Z: [  605.375452] BTRFS info (device loop2): creating UUID tree
[STDERR  ] 2017-08-17T10:48:24.768575424Z: [  606.874043] BTRFS: device fsid 6d4bb101-5708-44df-9a66-a8b2a45c3cf8 devid 1 transid 5 /dev/loop2
[STDERR  ] 2017-08-17T10:48:24.768589872Z: [  607.095936] BTRFS info (device loop2): disk space caching is enabled
[STDERR  ] 2017-08-17T10:48:24.768598656Z: [  607.096598] BTRFS info (device loop2): has skinny extents
[STDERR  ] 2017-08-17T10:48:24.768607626Z: [  607.097003] BTRFS info (device loop2): flagging fs with big metadata feature
[STDERR  ] 2017-08-17T10:48:24.768616361Z: [  607.133817] BTRFS info (device loop2): creating UUID tree
[STDERR  ] 2017-08-17T10:48:24.76862513Z: [  608.651526] BTRFS: device fsid 78e4612f-230b-45ae-9ba0-0ea1f2f6322c devid 1 transid 5 /dev/loop2
[STDERR  ] 2017-08-17T10:48:24.768634263Z: [  608.875592] BTRFS info (device loop2): disk space caching is enabled
[STDERR  ] 2017-08-17T10:48:24.768643088Z: [  608.876172] BTRFS info (device loop2): has skinny extents
[STDERR  ] 2017-08-17T10:48:24.768652169Z: [  608.876598] BTRFS info (device loop2): flagging fs with big metadata feature
[STDERR  ] 2017-08-17T10:48:24.768661066Z: [  608.919538] BTRFS info (device loop2): creating UUID tree
[STDERR  ] 2017-08-17T10:48:24.768670115Z: [  611.027015] BTRFS: device fsid 3cd0bf4b-4827-4b5e-995d-0e12bbc8cf0f devid 1 transid 5 /dev/loop2
[STDERR  ] 2017-08-17T10:48:24.76868369Z: [  611.234651] BTRFS info (device loop2): disk space caching is enabled
[STDERR  ] 2017-08-17T10:48:24.768692631Z: [  611.235261] BTRFS info (device loop2): has skinny extents
[STDERR  ] 2017-08-17T10:48:24.768707216Z: [  611.235686] BTRFS info (device loop2): flagging fs with big metadata feature
[STDERR  ] 2017-08-17T10:48:24.768716023Z: [  611.272875] BTRFS info (device loop2): creating UUID tree
[STDERR  ] 2017-08-17T10:48:24.768724863Z: [  612.979846] BTRFS: device fsid d0d43e14-dada-41ab-99cb-f046c8b81c46 devid 1 transid 5 /dev/loop2
[STDERR  ] 2017-08-17T10:48:24.768734404Z: [  613.195267] BTRFS info (device loop2): disk space caching is enabled
[STDERR  ] 2017-08-17T10:48:24.768744524Z: [  613.195766] BTRFS info (device loop2): has skinny extents
[STDERR  ] 2017-08-17T10:48:24.768753257Z: [  613.196174] BTRFS info (device loop2): flagging fs with big metadata feature
[STDERR  ] 2017-08-17T10:48:24.768766628Z: [  613.237661] BTRFS info (device loop2): creating UUID tree
[STDERR  ] 2017-08-17T10:48:24.768775468Z: [  621.274447] BTRFS: device fsid a1b0a1ae-118c-490d-9637-a8ba7caac0eb devid 1 transid 5 /dev/loop2
[STDERR  ] 2017-08-17T10:48:24.768785868Z: [  621.495827] BTRFS info (device loop2): disk space caching is enabled
[STDERR  ] 2017-08-17T10:48:24.768795435Z: [  621.496314] BTRFS info (device loop2): has skinny extents
[STDERR  ] 2017-08-17T10:48:24.768804429Z: [  621.496723] BTRFS info (device loop2): flagging fs with big metadata feature
[STDERR  ] 2017-08-17T10:48:24.768813459Z: [  621.535687] BTRFS info (device loop2): creating UUID tree
[STDERR  ] 2017-08-17T10:48:24.768822379Z: [  623.802403] BTRFS: device fsid 30a9584c-f102-494f-a5a8-ffc3c8856901 devid 1 transid 5 /dev/loop2
[STDERR  ] 2017-08-17T10:48:24.768838365Z: [  624.024957] BTRFS info (device loop2): disk space caching is enabled
[STDERR  ] 2017-08-17T10:48:24.768847243Z: [  624.025480] BTRFS info (device loop2): has skinny extents
[STDERR  ] 2017-08-17T10:48:24.768856264Z: [  624.025888] BTRFS info (device loop2): flagging fs with big metadata feature
[STDERR  ] 2017-08-17T10:48:24.768865061Z: [  624.066666] BTRFS info (device loop2): creating UUID tree
[STDERR  ] 2017-08-17T10:48:24.768873804Z: [  626.085358] BTRFS: device fsid d73c2663-09f1-42bc-a0ac-0d86cc796107 devid 1 transid 5 /dev/loop2
[STDERR  ] 2017-08-17T10:48:24.768882881Z: [  626.315568] BTRFS info (device loop2): disk space caching is enabled
