[INFO    ] 2017-12-01T16:13:02.291187152Z: Running Test linuxkit.packages.extend.xfs in /tmp/with_clone3af773b5/test/cases/040_packages/005_extend/002_xfs
[INFO    ] 2017-12-01T16:13:02.291324333Z: Running command: [/bin/sh -x /tmp/with_clone3af773b5/test/cases/040_packages/005_extend/002_xfs/test.sh]
[STDERR  ] 2017-12-01T16:13:02.292017601Z: + set -ex
[STDERR  ] 2017-12-01T16:13:02.292155343Z: + . /tmp/with_clone3af773b5/test/cases/_lib/lib.sh
[STDERR  ] 2017-12-01T16:13:02.292293308Z: + [ -f src/github.com/linuxkit/rtf/lib/lib.sh ]
[STDERR  ] 2017-12-01T16:13:02.292381437Z: + LINUXKIT_TMPDIR=/tmp/with_clone3af773b5/test/cases/_tmp
[STDERR  ] 2017-12-01T16:13:02.292504572Z: + [ -f /tmp/with_clone3af773b5/test/cases/_tmp/env.sh ]
[STDERR  ] 2017-12-01T16:13:02.292609674Z: + . /tmp/with_clone3af773b5/test/cases/_tmp/env.sh
[STDERR  ] 2017-12-01T16:13:02.292697998Z: + export LINUXKIT_EXAMPLES_DIR=/tmp/with_clone3af773b5/test/cases/../../examples
[STDERR  ] 2017-12-01T16:13:02.292798536Z: + export LINUXKIT_BLUEPRINTS_DIR=/tmp/with_clone3af773b5/test/cases/../../blueprints
[STDERR  ] 2017-12-01T16:13:02.292864127Z: + RT_CANCEL=253
[STDERR  ] 2017-12-01T16:13:02.292945735Z: + NAME_CREATE=extend-xfs
[STDERR  ] 2017-12-01T16:13:02.293007876Z: + NAME_EXTEND=extend-xfs
[STDERR  ] 2017-12-01T16:13:02.293066408Z: + DISK=disk.img
[STDERR  ] 2017-12-01T16:13:02.293174955Z: + trap clean_up EXIT
[STDERR  ] 2017-12-01T16:13:02.293326216Z: + linuxkit build -name extend-xfs -format kernel+initrd test-create.yml
[STDERR  ] 2017-12-01T16:13:02.337262167Z: Extract kernel image: linuxkit/kernel:4.9.65
[STDERR  ] 2017-12-01T16:13:03.521767873Z: time="2017-12-01T16:13:03Z" level=warning msg="certificate with CN Justin Cormack is near expiry" 
[STDERR  ] 2017-12-01T16:13:03.52218665Z: time="2017-12-01T16:13:03Z" level=warning msg="certificate with CN  is near expiry" 
[STDERR  ] 2017-12-01T16:13:03.592095181Z: time="2017-12-01T16:13:03Z" level=warning msg="certificate with CN Justin Cormack is near expiry" 
[STDERR  ] 2017-12-01T16:13:11.67666977Z: Add init containers:
[STDERR  ] 2017-12-01T16:13:11.676801827Z: Process init image: linuxkit/init:7357177a8be310e40fef7424305a72c198e857c4
[STDERR  ] 2017-12-01T16:13:12.637047077Z: time="2017-12-01T16:13:12Z" level=warning msg="certificate with CN Justin Cormack is near expiry" 
[STDERR  ] 2017-12-01T16:13:12.637251955Z: time="2017-12-01T16:13:12Z" level=warning msg="certificate with CN  is near expiry" 
[STDERR  ] 2017-12-01T16:13:12.644075357Z: time="2017-12-01T16:13:12Z" level=warning msg="certificate with CN Justin Cormack is near expiry" 
[STDERR  ] 2017-12-01T16:13:12.646652094Z: time="2017-12-01T16:13:12Z" level=warning msg="certificate with CN  is near expiry" 
[STDERR  ] 2017-12-01T16:13:14.30114327Z: Process init image: linuxkit/runc:1b0741d07949c0acc444cd6a04ee7f833443579d
[STDERR  ] 2017-12-01T16:13:15.254201905Z: time="2017-12-01T16:13:15Z" level=warning msg="certificate with CN  is near expiry" 
[STDERR  ] 2017-12-01T16:13:15.254912198Z: time="2017-12-01T16:13:15Z" level=warning msg="certificate with CN Justin Cormack is near expiry" 
[STDERR  ] 2017-12-01T16:13:15.258500229Z: time="2017-12-01T16:13:15Z" level=warning msg="certificate with CN Justin Cormack is near expiry" 
[STDERR  ] 2017-12-01T16:13:15.260812746Z: time="2017-12-01T16:13:15Z" level=warning msg="certificate with CN  is near expiry" 
[STDERR  ] 2017-12-01T16:13:16.186309984Z: Add onboot containers:
[STDERR  ] 2017-12-01T16:13:16.186423464Z:   Create OCI config for linuxkit/format:6b46d0450082f397177da36be6b4d74d93eacd1e
[STDERR  ] 2017-12-01T16:13:17.23019017Z: time="2017-12-01T16:13:17Z" level=warning msg="certificate with CN Justin Cormack is near expiry" 
[STDERR  ] 2017-12-01T16:13:17.23059349Z: time="2017-12-01T16:13:17Z" level=warning msg="certificate with CN Rolf Neugebauer is near expiry" 
[STDERR  ] 2017-12-01T16:13:17.230786884Z: time="2017-12-01T16:13:17Z" level=warning msg="certificate with CN  is near expiry" 
[STDERR  ] 2017-12-01T16:13:17.233365089Z: time="2017-12-01T16:13:17Z" level=warning msg="certificate with CN Justin Cormack is near expiry" 
[STDERR  ] 2017-12-01T16:13:17.23545556Z: time="2017-12-01T16:13:17Z" level=warning msg="certificate with CN Rolf Neugebauer is near expiry" 
[STDERR  ] 2017-12-01T16:13:17.236973222Z: time="2017-12-01T16:13:17Z" level=warning msg="certificate with CN  is near expiry" 
[STDERR  ] 2017-12-01T16:13:18.437730788Z:   Create OCI config for linuxkit/mount:41685ecc8039643948e5dff46e17584753469a7a
[STDERR  ] 2017-12-01T16:13:19.423903701Z: time="2017-12-01T16:13:19Z" level=warning msg="certificate with CN  is near expiry" 
[STDERR  ] 2017-12-01T16:13:19.424269309Z: time="2017-12-01T16:13:19Z" level=warning msg="certificate with CN Justin Cormack is near expiry" 
[STDERR  ] 2017-12-01T16:13:19.424483924Z: time="2017-12-01T16:13:19Z" level=warning msg="certificate with CN Rolf Neugebauer is near expiry" 
[STDERR  ] 2017-12-01T16:13:19.426207989Z: time="2017-12-01T16:13:19Z" level=warning msg="certificate with CN Justin Cormack is near expiry" 
[STDERR  ] 2017-12-01T16:13:19.427421431Z: time="2017-12-01T16:13:19Z" level=warning msg="certificate with CN Rolf Neugebauer is near expiry" 
[STDERR  ] 2017-12-01T16:13:19.428193739Z: time="2017-12-01T16:13:19Z" level=warning msg="certificate with CN  is near expiry" 
[STDERR  ] 2017-12-01T16:13:20.16360965Z:   Create OCI config for alpine:3.6
[STDERR  ] 2017-12-01T16:13:21.923417208Z:   Create OCI config for linuxkit/poweroff:280bd01daa8776fbe1f4d912977f1886b8374834
[STDERR  ] 2017-12-01T16:13:22.983208527Z: time="2017-12-01T16:13:22Z" level=warning msg="certificate with CN Rolf Neugebauer is near expiry" 
[STDERR  ] 2017-12-01T16:13:22.983352799Z: time="2017-12-01T16:13:22Z" level=warning msg="certificate with CN  is near expiry" 
[STDERR  ] 2017-12-01T16:13:22.983688866Z: time="2017-12-01T16:13:22Z" level=warning msg="certificate with CN Justin Cormack is near expiry" 
[STDERR  ] 2017-12-01T16:13:22.985320031Z: time="2017-12-01T16:13:22Z" level=warning msg="certificate with CN Rolf Neugebauer is near expiry" 
[STDERR  ] 2017-12-01T16:13:22.986158458Z: time="2017-12-01T16:13:22Z" level=warning msg="certificate with CN  is near expiry" 
[STDERR  ] 2017-12-01T16:13:23.612812637Z: Create outputs:
[STDERR  ] 2017-12-01T16:13:28.949219714Z:   extend-xfs-kernel extend-xfs-initrd.img extend-xfs-cmdline
[STDERR  ] 2017-12-01T16:13:29.209270963Z: + linuxkit run -disk file=disk.img,format=raw,size=256M extend-xfs
[STDOUT  ] 2017-12-01T16:13:31.227006529Z: [    0.000000] Linux version 4.9.65-linuxkit (root@c78110dc0cc9) (gcc version 6.3.0 (Alpine 6.3.0) ) #1 SMP Fri Nov 24 15:20:57 UTC 2017
[STDOUT  ] 2017-12-01T16:13:31.22789315Z: [    0.000000] Command line: console=ttyS0
[STDOUT  ] 2017-12-01T16:13:31.228186053Z: [    0.000000] x86/fpu: Legacy x87 FPU detected.
[STDOUT  ] 2017-12-01T16:13:31.228527776Z: [    0.000000] x86/fpu: Using 'eager' FPU context switches.
[STDOUT  ] 2017-12-01T16:13:31.228841993Z: [    0.000000] e820: BIOS-provided physical RAM map:
[STDOUT  ] 2017-12-01T16:13:31.229246228Z: [    0.000000] BIOS-e820: [mem 0x0000000000000000-0x000000000009fbff] usable
[STDOUT  ] 2017-12-01T16:13:31.229565493Z: [    0.000000] BIOS-e820: [mem 0x000000000009fc00-0x000000000009ffff] reserved
[STDOUT  ] 2017-12-01T16:13:31.243885663Z: [    0.000000] BIOS-e820: [mem 0x00000000000f0000-0x00000000000fffff] reserved
[STDOUT  ] 2017-12-01T16:13:31.243925503Z: [    0.000000] BIOS-e820: [mem 0x0000000000100000-0x000000003ffdefff] usable
[STDOUT  ] 2017-12-01T16:13:31.24396451Z: [    0.000000] BIOS-e820: [mem 0x000000003ffdf000-0x000000003fffffff] reserved
[STDOUT  ] 2017-12-01T16:13:31.243979387Z: [    0.000000] BIOS-e820: [mem 0x00000000b0000000-0x00000000bfffffff] reserved
[STDOUT  ] 2017-12-01T16:13:31.243992552Z: [    0.000000] BIOS-e820: [mem 0x00000000fed1c000-0x00000000fed1ffff] reserved
[STDOUT  ] 2017-12-01T16:13:31.244042189Z: [    0.000000] BIOS-e820: [mem 0x00000000fffc0000-0x00000000ffffffff] reserved
[STDOUT  ] 2017-12-01T16:13:31.244055578Z: [    0.000000] NX (Execute Disable) protection: active
[STDOUT  ] 2017-12-01T16:13:31.24406911Z: [    0.000000] SMBIOS 2.8 present.
[STDOUT  ] 2017-12-01T16:13:31.244088272Z: [    0.000000] e820: last_pfn = 0x3ffdf max_arch_pfn = 0x400000000
[STDOUT  ] 2017-12-01T16:13:31.244101788Z: [    0.000000] x86/PAT: Configuration [0-7]: WB  WC  UC- UC  WB  WC  UC- WT  
[STDOUT  ] 2017-12-01T16:13:31.244123667Z: [    0.000000] found SMP MP-table at [mem 0x000f6aa0-0x000f6aaf] mapped at [ffff8df0000f6aa0]
[STDOUT  ] 2017-12-01T16:13:31.244138035Z: [    0.000000] RAMDISK: [mem 0x3e117000-0x3ffcffff]
[STDOUT  ] 2017-12-01T16:13:31.244151175Z: [    0.000000] ACPI: Early table checksum verification disabled
[STDOUT  ] 2017-12-01T16:13:31.244164007Z: [    0.000000] ACPI: RSDP 0x00000000000F68C0 000014 (v00 BOCHS )
[STDOUT  ] 2017-12-01T16:13:31.244198128Z: [    0.000000] ACPI: RSDT 0x000000003FFE2404 000034 (v01 BOCHS  BXPCRSDT 00000001 BXPC 00000001)
[STDOUT  ] 2017-12-01T16:13:31.244211155Z: [    0.000000] ACPI: FACP 0x000000003FFE22A4 000074 (v01 BOCHS  BXPCFACP 00000001 BXPC 00000001)
[STDOUT  ] 2017-12-01T16:13:31.244224281Z: [    0.000000] ACPI: DSDT 0x000000003FFE0040 002264 (v01 BOCHS  BXPCDSDT 00000001 BXPC 00000001)
[STDOUT  ] 2017-12-01T16:13:31.244236945Z: [    0.000000] ACPI: FACS 0x000000003FFE0000 000040
[STDOUT  ] 2017-12-01T16:13:31.244249683Z: [    0.000000] ACPI: APIC 0x000000003FFE2318 000078 (v01 BOCHS  BXPCAPIC 00000001 BXPC 00000001)
[STDOUT  ] 2017-12-01T16:13:31.244262181Z: [    0.000000] ACPI: HPET 0x000000003FFE2390 000038 (v01 BOCHS  BXPCHPET 00000001 BXPC 00000001)
[STDOUT  ] 2017-12-01T16:13:31.244274449Z: [    0.000000] ACPI: MCFG 0x000000003FFE23C8 00003C (v01 BOCHS  BXPCMCFG 00000001 BXPC 00000001)
[STDOUT  ] 2017-12-01T16:13:31.244286782Z: [    0.000000] Zone ranges:
[STDOUT  ] 2017-12-01T16:13:31.244299653Z: [    0.000000]   DMA      [mem 0x0000000000001000-0x0000000000ffffff]
[STDOUT  ] 2017-12-01T16:13:31.244312123Z: [    0.000000]   DMA32    [mem 0x0000000001000000-0x000000003ffdefff]
[STDOUT  ] 2017-12-01T16:13:31.24432442Z: [    0.000000]   Normal   empty
[STDOUT  ] 2017-12-01T16:13:31.244355382Z: [    0.000000] Movable zone start for each node
[STDOUT  ] 2017-12-01T16:13:31.244369666Z: [    0.000000] Early memory node ranges
[STDOUT  ] 2017-12-01T16:13:31.244382413Z: [    0.000000]   node   0: [mem 0x0000000000001000-0x000000000009efff]
[STDOUT  ] 2017-12-01T16:13:31.2443945Z: [    0.000000]   node   0: [mem 0x0000000000100000-0x000000003ffdefff]
[STDOUT  ] 2017-12-01T16:13:31.244406902Z: [    0.000000] Initmem setup node 0 [mem 0x0000000000001000-0x000000003ffdefff]
[STDOUT  ] 2017-12-01T16:13:31.244418995Z: [    0.000000] ACPI: PM-Timer IO Port: 0x608
[STDOUT  ] 2017-12-01T16:13:31.244431696Z: [    0.000000] ACPI: LAPIC_NMI (acpi_id[0xff] dfl dfl lint[0x1])
[STDOUT  ] 2017-12-01T16:13:31.244444365Z: [    0.000000] IOAPIC[0]: apic_id 0, version 32, address 0xfec00000, GSI 0-23
[STDOUT  ] 2017-12-01T16:13:31.2444563Z: [    0.000000] ACPI: INT_SRC_OVR (bus 0 bus_irq 0 global_irq 2 dfl dfl)
[STDOUT  ] 2017-12-01T16:13:31.2444688Z: [    0.000000] ACPI: INT_SRC_OVR (bus 0 bus_irq 5 global_irq 5 high level)
[STDOUT  ] 2017-12-01T16:13:31.244480637Z: [    0.000000] ACPI: INT_SRC_OVR (bus 0 bus_irq 9 global_irq 9 high level)
[STDOUT  ] 2017-12-01T16:13:31.24449294Z: [    0.000000] ACPI: INT_SRC_OVR (bus 0 bus_irq 10 global_irq 10 high level)
[STDOUT  ] 2017-12-01T16:13:31.244524552Z: [    0.000000] ACPI: INT_SRC_OVR (bus 0 bus_irq 11 global_irq 11 high level)
[STDOUT  ] 2017-12-01T16:13:31.244546948Z: [    0.000000] Using ACPI (MADT) for SMP configuration information
[STDOUT  ] 2017-12-01T16:13:31.244559762Z: [    0.000000] ACPI: HPET id: 0x8086a201 base: 0xfed00000
[STDOUT  ] 2017-12-01T16:13:31.244572511Z: [    0.000000] smpboot: Allowing 1 CPUs, 0 hotplug CPUs
[STDOUT  ] 2017-12-01T16:13:31.244829839Z: [    0.000000] e820: [mem 0x40000000-0xafffffff] available for PCI devices
[STDOUT  ] 2017-12-01T16:13:31.245300949Z: [    0.000000] Booting paravirtualized kernel on bare hardware
[STDOUT  ] 2017-12-01T16:13:31.245809498Z: [    0.000000] clocksource: refined-jiffies: mask: 0xffffffff max_cycles: 0xffffffff, max_idle_ns: 19112604462750000 ns
[STDOUT  ] 2017-12-01T16:13:31.247342043Z: [    0.000000] setup_percpu: NR_CPUS:128 nr_cpumask_bits:128 nr_cpu_ids:1 nr_node_ids:1
[STDOUT  ] 2017-12-01T16:13:31.247402545Z: [    0.000000] percpu: Embedded 35 pages/cpu @ffff8df03de00000 s105112 r8192 d30056 u2097152
[STDOUT  ] 2017-12-01T16:13:31.247660825Z: [    0.000000] Built 1 zonelists in Zone order, mobility grouping on.  Total pages: 257896
[STDOUT  ] 2017-12-01T16:13:31.247763071Z: [    0.000000] Kernel command line: console=ttyS0
[STDOUT  ] 2017-12-01T16:13:31.247814612Z: [    0.000000] PID hash table entries: 4096 (order: 3, 32768 bytes)
[STDOUT  ] 2017-12-01T16:13:31.249185776Z: [    0.000000] Dentry cache hash table entries: 131072 (order: 8, 1048576 bytes)
[STDOUT  ] 2017-12-01T16:13:31.249216099Z: [    0.000000] Inode-cache hash table entries: 65536 (order: 7, 524288 bytes)
[STDOUT  ] 2017-12-01T16:13:31.24922915Z: [    0.000000] Memory: 982720K/1048052K available (8048K kernel code, 1367K rwdata, 2700K rodata, 1380K init, 568K bss, 65332K reserved, 0K cma-reserved)
[STDOUT  ] 2017-12-01T16:13:31.249244582Z: [    0.000000] Hierarchical RCU implementation.
[STDOUT  ] 2017-12-01T16:13:31.249936345Z: [    0.000000] 	Build-time adjustment of leaf fanout to 64.
[STDOUT  ] 2017-12-01T16:13:31.249961197Z: [    0.000000] 	RCU restricting CPUs from NR_CPUS=128 to nr_cpu_ids=1.
[STDOUT  ] 2017-12-01T16:13:31.250272275Z: [    0.000000] RCU: Adjusting geometry for rcu_fanout_leaf=64, nr_cpu_ids=1
[STDOUT  ] 2017-12-01T16:13:31.250534127Z: [    0.000000] NR_IRQS:8448 nr_irqs:256 16
[STDOUT  ] 2017-12-01T16:13:31.250779507Z: [    0.000000] Console: colour VGA+ 80x25
[STDOUT  ] 2017-12-01T16:13:31.251134501Z: [    0.000000] console [ttyS0] enabled
[STDOUT  ] 2017-12-01T16:13:31.256490035Z: [    0.000000] clocksource: hpet: mask: 0xffffffff max_cycles: 0xffffffff, max_idle_ns: 19112604467 ns
[STDOUT  ] 2017-12-01T16:13:31.298556186Z: [    0.000000] tsc: Fast TSC calibration using PIT
[STDOUT  ] 2017-12-01T16:13:31.303287481Z: [    0.000000] tsc: Detected 2300.142 MHz processor
[STDOUT  ] 2017-12-01T16:13:31.306862691Z: [    0.012362] Calibrating delay loop (skipped), value calculated using timer frequency.. 4600.28 BogoMIPS (lpj=23001420)
[STDOUT  ] 2017-12-01T16:13:31.307314665Z: [    0.013539] pid_max: default: 32768 minimum: 301
[STDOUT  ] 2017-12-01T16:13:31.308419581Z: [    0.020557] ACPI: Core revision 20160831
[STDOUT  ] 2017-12-01T16:13:31.369052493Z: [    0.080997] ACPI: 1 ACPI AML tables successfully acquired and loaded
[STDOUT  ] 2017-12-01T16:13:31.373355835Z: [    0.085523] Security Framework initialized
[STDOUT  ] 2017-12-01T16:13:31.373697295Z: [    0.085906] Yama: becoming mindful.
[STDOUT  ] 2017-12-01T16:13:31.376184877Z: [    0.088082] Mount-cache hash table entries: 2048 (order: 2, 16384 bytes)
[STDOUT  ] 2017-12-01T16:13:31.37653782Z: [    0.088517] Mountpoint-cache hash table entries: 2048 (order: 2, 16384 bytes)
[STDOUT  ] 2017-12-01T16:13:31.402372367Z: [    0.114496] Last level iTLB entries: 4KB 0, 2MB 0, 4MB 0
[STDOUT  ] 2017-12-01T16:13:31.402848866Z: [    0.114894] Last level dTLB entries: 4KB 0, 2MB 0, 4MB 0, 1GB 0
[STDOUT  ] 2017-12-01T16:13:31.840733182Z: [    0.552704] Freeing SMP alternatives memory: 20K
[STDOUT  ] 2017-12-01T16:13:31.851171746Z: [    0.562795] ftrace: allocating 35540 entries in 139 pages
[STDOUT  ] 2017-12-01T16:13:32.310467962Z: [    0.790385] smpboot: Max logical packages: 1
[STDOUT  ] 2017-12-01T16:13:32.318278131Z: [    0.800000] ..TIMER: vector=0x30 apic1=0 pin1=2 apic2=-1 pin2=-1
[STDOUT  ] 2017-12-01T16:13:32.549022137Z: [    0.910000] smpboot: CPU0: AMD QEMU Virtual CPU version 2.5+ (family: 0x6, model: 0x6, stepping: 0x3)
[STDOUT  ] 2017-12-01T16:13:32.550162903Z: [    0.910000] Performance Events: PMU not available due to virtualization, using software events only.
[STDOUT  ] 2017-12-01T16:13:32.57067854Z: [    0.922115] NMI watchdog: disabled (cpu0): hardware events not enabled
[STDOUT  ] 2017-12-01T16:13:32.571016844Z: [    0.922470] NMI watchdog: Shutting down hard lockup detector on all cpus
[STDOUT  ] 2017-12-01T16:13:32.573323948Z: [    0.924893] x86: Booted up 1 node, 1 CPUs
[STDOUT  ] 2017-12-01T16:13:32.575786407Z: [    0.925295] smpboot: Total of 1 processors activated (4600.28 BogoMIPS)
[STDOUT  ] 2017-12-01T16:13:32.596132779Z: [    0.947745] devtmpfs: initialized
[STDOUT  ] 2017-12-01T16:13:32.600946886Z: [    0.952531] x86/mm: Memory block size: 128MB
[STDOUT  ] 2017-12-01T16:13:32.740883136Z: [    1.070000] clocksource: jiffies: mask: 0xffffffff max_cycles: 0xffffffff, max_idle_ns: 19112604462750000 ns
[STDOUT  ] 2017-12-01T16:13:32.740936757Z: [    1.070000] futex hash table entries: 256 (order: 2, 16384 bytes)
[STDOUT  ] 2017-12-01T16:13:32.749743432Z: [    1.081633] NET: Registered protocol family 16
[STDOUT  ] 2017-12-01T16:13:32.762354973Z: [    1.094303] cpuidle: using governor ladder
[STDOUT  ] 2017-12-01T16:13:32.7627313Z: [    1.094689] cpuidle: using governor menu
[STDOUT  ] 2017-12-01T16:13:32.764244776Z: [    1.096193] ACPI: bus type PCI registered
[STDOUT  ] 2017-12-01T16:13:32.767127613Z: [    1.098839] PCI: MMCONFIG for domain 0000 [bus 00-ff] at [mem 0xb0000000-0xbfffffff] (base 0xb0000000)
[STDOUT  ] 2017-12-01T16:13:32.768133007Z: [    1.099582] PCI: MMCONFIG at [mem 0xb0000000-0xbfffffff] reserved in E820
[STDOUT  ] 2017-12-01T16:13:32.770046821Z: [    1.101368] PCI: Using configuration type 1 for base access
[STDOUT  ] 2017-12-01T16:13:32.85219498Z: [    1.179916] HugeTLB registered 2 MB page size, pre-allocated 0 pages
[STDOUT  ] 2017-12-01T16:13:32.863288788Z: [    1.194909] ACPI: Added _OSI(Module Device)
[STDOUT  ] 2017-12-01T16:13:32.863900682Z: [    1.195527] ACPI: Added _OSI(Processor Device)
[STDOUT  ] 2017-12-01T16:13:32.868382678Z: [    1.196104] ACPI: Added _OSI(3.0 _SCP Extensions)
[STDOUT  ] 2017-12-01T16:13:32.869378828Z: [    1.200061] ACPI: Added _OSI(Processor Aggregator Device)
[STDOUT  ] 2017-12-01T16:13:32.971444148Z: [    1.303439] ACPI: Interpreter enabled
[STDOUT  ] 2017-12-01T16:13:32.972457476Z: [    1.304546] ACPI: (supports S0 S5)
[STDOUT  ] 2017-12-01T16:13:32.973159038Z: [    1.305078] ACPI: Using IOAPIC for interrupt routing
[STDOUT  ] 2017-12-01T16:13:32.975759853Z: [    1.307187] PCI: Using host bridge windows from ACPI; if necessary, use "pci=nocrs" and report a bug
[STDOUT  ] 2017-12-01T16:13:33.060141444Z: [    1.392205] ACPI: PCI Root Bridge [PCI0] (domain 0000 [bus 00-ff])
[STDOUT  ] 2017-12-01T16:13:33.061826748Z: [    1.393724] acpi PNP0A08:00: _OSC: OS supports [ExtendedConfig ASPM ClockPM Segments MSI]
[STDOUT  ] 2017-12-01T16:13:33.072372624Z: [    1.403915] acpi PNP0A08:00: _OSC: OS now controls [PCIeHotplug PME PCIeCapability]
[STDOUT  ] 2017-12-01T16:13:33.076028895Z: [    1.408000] PCI host bridge to bus 0000:00
[STDOUT  ] 2017-12-01T16:13:33.077019991Z: [    1.408706] pci_bus 0000:00: root bus resource [io  0x0000-0x0cf7 window]
[STDOUT  ] 2017-12-01T16:13:33.079549505Z: [    1.409625] pci_bus 0000:00: root bus resource [io  0x0d00-0xffff window]
[STDOUT  ] 2017-12-01T16:13:33.080830852Z: [    1.412463] pci_bus 0000:00: root bus resource [mem 0x000a0000-0x000bffff window]
[STDOUT  ] 2017-12-01T16:13:33.08176757Z: [    1.413711] pci_bus 0000:00: root bus resource [mem 0xc0000000-0xfebfffff window]
[STDOUT  ] 2017-12-01T16:13:33.082614187Z: [    1.414782] pci_bus 0000:00: root bus resource [bus 00-ff]
[STDOUT  ] 2017-12-01T16:13:33.286868836Z: [    1.618209] pci 0000:00:1f.0: quirk: [io  0x0600-0x067f] claimed by ICH6 ACPI/GPIO/TCO
[STDOUT  ] 2017-12-01T16:13:33.361513547Z: [    1.694069] ACPI: PCI Interrupt Link [LNKA] (IRQs 5 *10 11)
[STDOUT  ] 2017-12-01T16:13:33.364414136Z: [    1.697159] ACPI: PCI Interrupt Link [LNKB] (IRQs 5 *10 11)
[STDOUT  ] 2017-12-01T16:13:33.367201184Z: [    1.700362] ACPI: PCI Interrupt Link [LNKC] (IRQs 5 10 *11)
[STDOUT  ] 2017-12-01T16:13:33.368904579Z: [    1.702119] ACPI: PCI Interrupt Link [LNKD] (IRQs 5 10 *11)
[STDOUT  ] 2017-12-01T16:13:33.370549723Z: [    1.703769] ACPI: PCI Interrupt Link [LNKE] (IRQs 5 *10 11)
[STDOUT  ] 2017-12-01T16:13:33.372216901Z: [    1.705432] ACPI: PCI Interrupt Link [LNKF] (IRQs 5 *10 11)
[STDOUT  ] 2017-12-01T16:13:33.373887657Z: [    1.707092] ACPI: PCI Interrupt Link [LNKG] (IRQs 5 10 *11)
[STDOUT  ] 2017-12-01T16:13:33.3770499Z: [    1.709401] ACPI: PCI Interrupt Link [LNKH] (IRQs 5 10 *11)
[STDOUT  ] 2017-12-01T16:13:33.377329322Z: [    1.710578] ACPI: PCI Interrupt Link [GSIA] (IRQs *16)
[STDOUT  ] 2017-12-01T16:13:33.378086818Z: [    1.711325] ACPI: PCI Interrupt Link [GSIB] (IRQs *17)
[STDOUT  ] 2017-12-01T16:13:33.378941768Z: [    1.712029] ACPI: PCI Interrupt Link [GSIC] (IRQs *18)
[STDOUT  ] 2017-12-01T16:13:33.379656389Z: [    1.712808] ACPI: PCI Interrupt Link [GSID] (IRQs *19)
[STDOUT  ] 2017-12-01T16:13:33.380582775Z: [    1.713675] ACPI: PCI Interrupt Link [GSIE] (IRQs *20)
[STDOUT  ] 2017-12-01T16:13:33.381363815Z: [    1.714475] ACPI: PCI Interrupt Link [GSIF] (IRQs *21)
[STDOUT  ] 2017-12-01T16:13:33.382168234Z: [    1.715283] ACPI: PCI Interrupt Link [GSIG] (IRQs *22)
[STDOUT  ] 2017-12-01T16:13:33.382954981Z: [    1.716078] ACPI: PCI Interrupt Link [GSIH] (IRQs *23)
[STDOUT  ] 2017-12-01T16:13:33.387224086Z: [    1.720518] ACPI: Enabled 2 GPEs in block 00 to 3F
[STDOUT  ] 2017-12-01T16:13:33.393221426Z: [    1.724786] SCSI subsystem initialized
[STDOUT  ] 2017-12-01T16:13:33.39486622Z: [    1.727769] ACPI: bus type USB registered
[STDOUT  ] 2017-12-01T16:13:33.396103736Z: [    1.729388] usbcore: registered new interface driver usbfs
[STDOUT  ] 2017-12-01T16:13:33.397578361Z: [    1.730839] usbcore: registered new interface driver hub
[STDOUT  ] 2017-12-01T16:13:33.399048396Z: [    1.732301] usbcore: registered new device driver usb
[STDOUT  ] 2017-12-01T16:13:33.400430386Z: [    1.733724] pps_core: LinuxPPS API ver. 1 registered
[STDOUT  ] 2017-12-01T16:13:33.400859952Z: [    1.733991] pps_core: Software ver. 5.3.6 - Copyright 2005-2007 Rodolfo Giometti <giometti@linux.it>
[STDOUT  ] 2017-12-01T16:13:33.401212094Z: [    1.734568] PTP clock support registered
[STDOUT  ] 2017-12-01T16:13:33.402256782Z: [    1.735634] wmi: Mapper loaded
[STDOUT  ] 2017-12-01T16:13:33.403300249Z: [    1.736636] PCI: Using ACPI for IRQ routing
[STDOUT  ] 2017-12-01T16:13:33.426599158Z: [    1.758681] NetLabel: Initializing
[STDOUT  ] 2017-12-01T16:13:33.427158559Z: [    1.758914] NetLabel:  domain hash size = 128
[STDOUT  ] 2017-12-01T16:13:33.427173883Z: [    1.759131] NetLabel:  protocols = UNLABELED CIPSOv4
[STDOUT  ] 2017-12-01T16:13:33.429351513Z: [    1.762503] NetLabel:  unlabeled traffic allowed by default
[STDOUT  ] 2017-12-01T16:13:33.430790736Z: [    1.763912] HPET: 3 timers in total, 0 timers will be used for per-cpu timer
[STDOUT  ] 2017-12-01T16:13:33.431846792Z: [    1.764830] hpet0: at MMIO 0xfed00000, IRQs 2, 8, 0
[STDOUT  ] 2017-12-01T16:13:33.432193511Z: [    1.765383] hpet0: 3 comparators, 64-bit 100.000000 MHz counter
[STDOUT  ] 2017-12-01T16:13:33.438465709Z: [    1.771587] clocksource: Switched to clocksource hpet
[STDOUT  ] 2017-12-01T16:13:33.787220508Z: [    2.118955] VFS: Disk quotas dquot_6.6.0
[STDOUT  ] 2017-12-01T16:13:33.788300742Z: [    2.119920] VFS: Dquot-cache hash table entries: 512 (order 0, 4096 bytes)
[STDOUT  ] 2017-12-01T16:13:33.791945895Z: [    2.123804] FS-Cache: Loaded
[STDOUT  ] 2017-12-01T16:13:33.79686748Z: [    2.128703] CacheFiles: Loaded
[STDOUT  ] 2017-12-01T16:13:33.799742367Z: [    2.131550] pnp: PnP ACPI init
[STDOUT  ] 2017-12-01T16:13:33.814220872Z: [    2.146003] pnp: PnP ACPI: found 5 devices
[STDOUT  ] 2017-12-01T16:13:33.879982975Z: [    2.211582] clocksource: acpi_pm: mask: 0xffffff max_cycles: 0xffffff, max_idle_ns: 2085701024 ns
[STDOUT  ] 2017-12-01T16:13:33.883532065Z: [    2.215270] NET: Registered protocol family 2
[STDOUT  ] 2017-12-01T16:13:33.893482242Z: [    2.225148] TCP established hash table entries: 8192 (order: 4, 65536 bytes)
[STDOUT  ] 2017-12-01T16:13:33.894088344Z: [    2.225789] TCP bind hash table entries: 8192 (order: 5, 131072 bytes)
[STDOUT  ] 2017-12-01T16:13:33.894639691Z: [    2.226359] TCP: Hash tables configured (established 8192 bind 8192)
[STDOUT  ] 2017-12-01T16:13:33.896408125Z: [    2.228135] UDP hash table entries: 512 (order: 2, 16384 bytes)
[STDOUT  ] 2017-12-01T16:13:33.896878396Z: [    2.228604] UDP-Lite hash table entries: 512 (order: 2, 16384 bytes)
[STDOUT  ] 2017-12-01T16:13:33.900880903Z: [    2.232574] NET: Registered protocol family 1
[STDOUT  ] 2017-12-01T16:13:33.902414541Z: [    2.233997] pci 0000:00:01.0: Video device with shadowed ROM at [mem 0x000c0000-0x000dffff]
[STDOUT  ] 2017-12-01T16:13:33.911660443Z: [    2.243474] Unpacking initramfs...
[STDOUT  ] 2017-12-01T16:13:39.633710097Z: [    7.965296] Freeing initrd memory: 31460K
[STDOUT  ] 2017-12-01T16:13:39.656553249Z: [    7.988292] PCLMULQDQ-NI instructions are not detected.
[STDOUT  ] 2017-12-01T16:13:39.657647912Z: [    7.989355] AVX or AES-NI instructions are not detected.
[STDOUT  ] 2017-12-01T16:13:39.657994539Z: [    7.989763] CPU feature 'AVX registers' is not supported.
[STDOUT  ] 2017-12-01T16:13:39.65852408Z: [    7.990287] CPU feature 'AVX registers' is not supported.
[STDOUT  ] 2017-12-01T16:13:39.658849282Z: [    7.990618] CPU feature 'AVX registers' is not supported.
[STDOUT  ] 2017-12-01T16:13:39.659148309Z: [    7.990925] CPU feature 'AVX registers' is not supported.
[STDOUT  ] 2017-12-01T16:13:39.659442816Z: [    7.991219] AVX2 or AES-NI instructions are not detected.
[STDOUT  ] 2017-12-01T16:13:39.659715868Z: [    7.991525] AVX2 instructions are not detected.
[STDOUT  ] 2017-12-01T16:13:39.664758966Z: [    7.996504] audit: initializing netlink subsys (disabled)
[STDOUT  ] 2017-12-01T16:13:39.666219544Z: [    7.997945] audit: type=2000 audit(1512144817.990:1): initialized
[STDOUT  ] 2017-12-01T16:13:39.673446625Z: [    8.005160] workingset: timestamp_bits=46 max_order=18 bucket_order=0
[STDOUT  ] 2017-12-01T16:13:39.677635796Z: [    8.009352] squashfs: version 4.0 (2009/01/31) Phillip Lougher
[STDOUT  ] 2017-12-01T16:13:39.681068214Z: [    8.012809] FS-Cache: Netfs 'cifs' registered for caching
[STDOUT  ] 2017-12-01T16:13:39.684331354Z: [    8.016070] fuse init (API version 7.26)
[STDOUT  ] 2017-12-01T16:13:39.686488953Z: [    8.018200] SGI XFS with ACLs, security attributes, no debug enabled
[STDOUT  ] 2017-12-01T16:13:39.690727214Z: [    8.022462] 9p: Installing v9fs 9p2000 file system support
[STDOUT  ] 2017-12-01T16:13:39.691129837Z: [    8.022884] FS-Cache: Netfs '9p' registered for caching
[STDOUT  ] 2017-12-01T16:13:39.722521564Z: [    8.054303] NET: Registered protocol family 38
[STDOUT  ] 2017-12-01T16:13:39.723012945Z: [    8.054795] Key type asymmetric registered
[STDOUT  ] 2017-12-01T16:13:39.723300175Z: [    8.055098] Asymmetric key parser 'x509' registered
[STDOUT  ] 2017-12-01T16:13:39.724025672Z: [    8.055730] Block layer SCSI generic (bsg) driver version 0.4 loaded (major 251)
[STDOUT  ] 2017-12-01T16:13:39.725021636Z: [    8.056841] io scheduler noop registered
[STDOUT  ] 2017-12-01T16:13:39.725319822Z: [    8.057107] io scheduler deadline registered (default)
[STDOUT  ] 2017-12-01T16:13:39.725958119Z: [    8.057777] io scheduler cfq registered
[STDOUT  ] 2017-12-01T16:13:39.729487048Z: [    8.061223] pci_hotplug: PCI Hot Plug PCI Core version: 0.5
[STDOUT  ] 2017-12-01T16:13:39.730028247Z: [    8.061739] pciehp: PCI Express Hot Plug Controller Driver version: 0.4
[STDOUT  ] 2017-12-01T16:13:39.730712213Z: [    8.062416] shpchp: Standard Hot Plug PCI Controller Driver version: 0.4
[STDOUT  ] 2017-12-01T16:13:39.731331633Z: [    8.063093] hv_vmbus: registering driver hyperv_fb
[STDOUT  ] 2017-12-01T16:13:39.734845232Z: [    8.066516] input: Power Button as /devices/LNXSYSTM:00/LNXPWRBN:00/input/input0
[STDOUT  ] 2017-12-01T16:13:39.735785803Z: [    8.067437] ACPI: Power Button [PWRF]
[STDOUT  ] 2017-12-01T16:13:39.741415902Z: [    8.073222] GHES: HEST is not enabled!
[STDOUT  ] 2017-12-01T16:13:39.752371429Z: [    8.084093] ACPI: PCI Interrupt Link [GSIG] enabled at IRQ 22
[STDOUT  ] 2017-12-01T16:13:39.764469297Z: [    8.096196] ACPI: PCI Interrupt Link [GSIH] enabled at IRQ 23
[STDOUT  ] 2017-12-01T16:13:39.768275513Z: [    8.099933] xenfs: not registering filesystem on non-xen platform
[STDOUT  ] 2017-12-01T16:13:39.770183015Z: [    8.101891] Serial: 8250/16550 driver, 4 ports, IRQ sharing disabled
[STDOUT  ] 2017-12-01T16:13:39.799168905Z: [    8.130834] 00:04: ttyS0 at I/O 0x3f8 (irq = 4, base_baud = 115200) is a 16550A
[STDOUT  ] 2017-12-01T16:13:39.80957176Z: [    8.141365] Non-volatile memory driver v1.3
[STDOUT  ] 2017-12-01T16:13:39.815450367Z: [    8.147016] Hangcheck: starting hangcheck timer 0.9.1 (tick is 180 seconds, margin is 60 seconds).
[STDOUT  ] 2017-12-01T16:13:39.818767037Z: [    8.150593] random: fast init done
[STDOUT  ] 2017-12-01T16:13:39.81983627Z: [    8.151669] random: crng init done
[STDOUT  ] 2017-12-01T16:13:39.854229416Z: [    8.186058] loop: module loaded
[STDOUT  ] 2017-12-01T16:13:39.868104956Z: [    8.199830] nbd: registered device at major 43
[STDOUT  ] 2017-12-01T16:13:39.909870726Z: [    8.241571] lpc_ich 0000:00:1f.0: I/O space for GPIO uninitialized
[STDOUT  ] 2017-12-01T16:13:39.911404704Z: [    8.243150] VMware PVSCSI driver - version 1.0.7.0-k
[STDOUT  ] 2017-12-01T16:13:39.912057465Z: [    8.243804] hv_vmbus: registering driver hv_storvsc
[STDOUT  ] 2017-12-01T16:13:39.921893887Z: [    8.253627] ACPI: PCI Interrupt Link [GSIA] enabled at IRQ 16
[STDOUT  ] 2017-12-01T16:13:39.928374512Z: [    8.259926] ahci 0000:00:1f.2: AHCI 0001.0000 32 slots 6 ports 1.5 Gbps 0x3f impl SATA mode
[STDOUT  ] 2017-12-01T16:13:39.928910773Z: [    8.260683] ahci 0000:00:1f.2: flags: 64bit ncq only 
[STDOUT  ] 2017-12-01T16:13:39.94897521Z: [    8.280815] scsi host0: ahci
[STDOUT  ] 2017-12-01T16:13:39.952385069Z: [    8.284219] scsi host1: ahci
[STDOUT  ] 2017-12-01T16:13:39.954532288Z: [    8.286366] scsi host2: ahci
[STDOUT  ] 2017-12-01T16:13:39.956752972Z: [    8.288621] scsi host3: ahci
[STDOUT  ] 2017-12-01T16:13:39.959197347Z: [    8.291046] scsi host4: ahci
[STDOUT  ] 2017-12-01T16:13:39.96130555Z: [    8.293159] scsi host5: ahci
[STDOUT  ] 2017-12-01T16:13:39.963183913Z: [    8.294875] ata1: SATA max UDMA/133 abar m4096@0xfebd2000 port 0xfebd2100 irq 24
[STDOUT  ] 2017-12-01T16:13:39.963615404Z: [    8.295286] ata2: SATA max UDMA/133 abar m4096@0xfebd2000 port 0xfebd2180 irq 24
[STDOUT  ] 2017-12-01T16:13:39.963962898Z: [    8.295656] ata3: SATA max UDMA/133 abar m4096@0xfebd2000 port 0xfebd2200 irq 24
[STDOUT  ] 2017-12-01T16:13:39.96429761Z: [    8.296001] ata4: SATA max UDMA/133 abar m4096@0xfebd2000 port 0xfebd2280 irq 24
[STDOUT  ] 2017-12-01T16:13:39.964640591Z: [    8.296334] ata5: SATA max UDMA/133 abar m4096@0xfebd2000 port 0xfebd2300 irq 24
[STDOUT  ] 2017-12-01T16:13:39.96497844Z: [    8.296677] ata6: SATA max UDMA/133 abar m4096@0xfebd2000 port 0xfebd2380 irq 24
[STDOUT  ] 2017-12-01T16:13:39.976853964Z: [    8.308597] tun: Universal TUN/TAP device driver, 1.6
[STDOUT  ] 2017-12-01T16:13:39.977140661Z: [    8.308876] tun: (C) 1999-2004 Max Krasnyansky <maxk@qualcomm.com>
[STDOUT  ] 2017-12-01T16:13:39.987980866Z: [    8.319653] VMware vmxnet3 virtual NIC driver - version 1.4.a.0-k-NAPI
[STDOUT  ] 2017-12-01T16:13:39.989060148Z: [    8.320830] hv_vmbus: registering driver hv_netvsc
[STDOUT  ] 2017-12-01T16:13:39.98929577Z: [    8.321117] Fusion MPT base driver 3.04.20
[STDOUT  ] 2017-12-01T16:13:39.989580795Z: [    8.321328] Copyright (c) 1999-2008 LSI Corporation
[STDOUT  ] 2017-12-01T16:13:39.990069118Z: [    8.321835] Fusion MPT SPI Host driver 3.04.20
[STDOUT  ] 2017-12-01T16:13:39.992087161Z: [    8.323732] i8042: PNP: PS/2 Controller [PNP0303:KBD,PNP0f13:MOU] at 0x60,0x64 irq 1,12
[STDOUT  ] 2017-12-01T16:13:39.995787843Z: [    8.327554] serio: i8042 KBD port at 0x60,0x64 irq 1
[STDOUT  ] 2017-12-01T16:13:39.996311257Z: [    8.328071] serio: i8042 AUX port at 0x60,0x64 irq 12
[STDOUT  ] 2017-12-01T16:13:39.999540858Z: [    8.331226] hv_vmbus: registering driver hyperv_keyboard
[STDOUT  ] 2017-12-01T16:13:40.001416037Z: [    8.333160] mousedev: PS/2 mouse device common for all mice
[STDOUT  ] 2017-12-01T16:13:40.006144291Z: [    8.337727] input: AT Translated Set 2 keyboard as /devices/platform/i8042/serio0/input/input1
[STDOUT  ] 2017-12-01T16:13:40.008943053Z: [    8.340647] input: PC Speaker as /devices/platform/pcspkr/input/input2
[STDOUT  ] 2017-12-01T16:13:40.012197893Z: [    8.343945] rtc_cmos 00:00: RTC can wake from S4
[STDOUT  ] 2017-12-01T16:13:40.015315686Z: [    8.347029] rtc_cmos 00:00: rtc core: registered rtc_cmos as rtc0
[STDOUT  ] 2017-12-01T16:13:40.016399992Z: [    8.348065] rtc_cmos 00:00: alarms up to one day, y3k, 114 bytes nvram, hpet irqs
[STDOUT  ] 2017-12-01T16:13:40.016805484Z: [    8.348635] i2c /dev entries driver
[STDOUT  ] 2017-12-01T16:13:40.01901192Z: [    8.350651] device-mapper: ioctl: 4.35.0-ioctl (2016-06-23) initialised: dm-devel@redhat.com
[STDOUT  ] 2017-12-01T16:13:40.024114328Z: [    8.355819] usbcore: registered new interface driver usbhid
[STDOUT  ] 2017-12-01T16:13:40.024338347Z: [    8.356167] usbhid: USB HID core driver
[STDOUT  ] 2017-12-01T16:13:40.024877217Z: [    8.356661] hv_utils: Registering HyperV Utility Driver
[STDOUT  ] 2017-12-01T16:13:40.025145102Z: [    8.356916] hv_vmbus: registering driver hv_util
[STDOUT  ] 2017-12-01T16:13:40.025380639Z: [    8.357160] hv_vmbus: registering driver hv_balloon
[STDOUT  ] 2017-12-01T16:13:40.025773329Z: [    8.357595] oprofile: using NMI interrupt.
[STDOUT  ] 2017-12-01T16:13:40.026705224Z: [    8.358563] GACT probability on
[STDOUT  ] 2017-12-01T16:13:40.027124267Z: [    8.358951] Mirror/redirect action on
[STDOUT  ] 2017-12-01T16:13:40.028024167Z: [    8.359852] Simple TC action Loaded
[STDOUT  ] 2017-12-01T16:13:40.028788482Z: [    8.360659] u32 classifier
[STDOUT  ] 2017-12-01T16:13:40.028997921Z: [    8.360819]     Performance counters on
[STDOUT  ] 2017-12-01T16:13:40.029190104Z: [    8.361030]     input device check on
[STDOUT  ] 2017-12-01T16:13:40.02937911Z: [    8.361223]     Actions configured
[STDOUT  ] 2017-12-01T16:13:40.029957238Z: [    8.361720] Netfilter messages via NETLINK v0.30.
[STDOUT  ] 2017-12-01T16:13:40.030428948Z: [    8.362207] nfnl_acct: registering with nfnetlink.
[STDOUT  ] 2017-12-01T16:13:40.031937418Z: [    8.363510] nf_conntrack version 0.5.0 (8192 buckets, 32768 max)
[STDOUT  ] 2017-12-01T16:13:40.0348055Z: [    8.366561] ctnetlink v0.93: registering with nfnetlink.
[STDOUT  ] 2017-12-01T16:13:40.037770001Z: [    8.369427] nf_tables: (c) 2007-2009 Patrick McHardy <kaber@trash.net>
[STDOUT  ] 2017-12-01T16:13:40.038826574Z: [    8.370503] nf_tables_compat: (c) 2012 Pablo Neira Ayuso <pablo@netfilter.org>
[STDOUT  ] 2017-12-01T16:13:40.041073373Z: [    8.372868] xt_time: kernel timezone is -0000
[STDOUT  ] 2017-12-01T16:13:40.041527825Z: [    8.373382] ip_set: protocol 6
[STDOUT  ] 2017-12-01T16:13:40.042212724Z: [    8.373954] IPVS: Registered protocols (TCP, UDP, SCTP, AH, ESP)
[STDOUT  ] 2017-12-01T16:13:40.042761198Z: [    8.374441] IPVS: Connection hash table configured (size=4096, memory=64Kbytes)
[STDOUT  ] 2017-12-01T16:13:40.044212621Z: [    8.376007] IPVS: Creating netns size=2104 id=0
[STDOUT  ] 2017-12-01T16:13:40.046803549Z: [    8.378643] IPVS: ipvs loaded.
[STDOUT  ] 2017-12-01T16:13:40.047179728Z: [    8.378948] IPVS: [rr] scheduler registered.
[STDOUT  ] 2017-12-01T16:13:40.047469914Z: [    8.379253] IPVS: [wrr] scheduler registered.
[STDOUT  ] 2017-12-01T16:13:40.047712629Z: [    8.379504] IPVS: [lc] scheduler registered.
[STDOUT  ] 2017-12-01T16:13:40.047940636Z: [    8.379753] IPVS: [wlc] scheduler registered.
[STDOUT  ] 2017-12-01T16:13:40.048218003Z: [    8.379977] IPVS: [fo] scheduler registered.
[STDOUT  ] 2017-12-01T16:13:40.048779089Z: [    8.380588] IPVS: [ovf] scheduler registered.
[STDOUT  ] 2017-12-01T16:13:40.049187568Z: [    8.380944] IPVS: [lblc] scheduler registered.
[STDOUT  ] 2017-12-01T16:13:40.049551876Z: [    8.381309] IPVS: [lblcr] scheduler registered.
[STDOUT  ] 2017-12-01T16:13:40.049932003Z: [    8.381575] IPVS: [dh] scheduler registered.
[STDOUT  ] 2017-12-01T16:13:40.049963181Z: [    8.381802] IPVS: [sh] scheduler registered.
[STDOUT  ] 2017-12-01T16:13:40.050191285Z: [    8.382003] IPVS: [sed] scheduler registered.
[STDOUT  ] 2017-12-01T16:13:40.050411779Z: [    8.382224] IPVS: [nq] scheduler registered.
[STDOUT  ] 2017-12-01T16:13:40.051086114Z: [    8.382850] IPVS: ftp: loaded support on port[0] = 21
[STDOUT  ] 2017-12-01T16:13:40.05187269Z: [    8.383632] ipip: IPv4 and MPLS over IPv4 tunneling driver
[STDOUT  ] 2017-12-01T16:13:40.055865436Z: [    8.387600] gre: GRE over IPv4 demultiplexor driver
[STDOUT  ] 2017-12-01T16:13:40.058969665Z: [    8.390697] ip_tables: (C) 2000-2006 Netfilter Core Team
[STDOUT  ] 2017-12-01T16:13:40.062050542Z: [    8.393758] ipt_CLUSTERIP: ClusterIP Version 0.8 loaded successfully
[STDOUT  ] 2017-12-01T16:13:40.062607791Z: [    8.394362] arp_tables: arp_tables: (C) 2002 David S. Miller
[STDOUT  ] 2017-12-01T16:13:40.064724509Z: [    8.396517] NET: Registered protocol family 10
[STDOUT  ] 2017-12-01T16:13:40.074491204Z: [    8.406236] ip6_tables: (C) 2000-2006 Netfilter Core Team
[STDOUT  ] 2017-12-01T16:13:40.082636657Z: [    8.414372] NET: Registered protocol family 17
[STDOUT  ] 2017-12-01T16:13:40.083517919Z: [    8.415334] Bridge firewalling registered
[STDOUT  ] 2017-12-01T16:13:40.083951762Z: [    8.415791] Ebtables v2.0 registered
[STDOUT  ] 2017-12-01T16:13:40.085872455Z: [    8.417632] 8021q: 802.1Q VLAN Support v1.8
[STDOUT  ] 2017-12-01T16:13:40.087211254Z: [    8.419009] 9pnet: Installing 9P2000 support
[STDOUT  ] 2017-12-01T16:13:40.089611332Z: [    8.421409] Key type dns_resolver registered
[STDOUT  ] 2017-12-01T16:13:40.090424414Z: [    8.422185] microcode: AMD CPU family 0x6 not supported
[STDOUT  ] 2017-12-01T16:13:40.093921858Z: [    8.425712] registered taskstats version 1
[STDOUT  ] 2017-12-01T16:13:40.299750631Z: [    8.631463] ata4: SATA link down (SStatus 0 SControl 300)
[STDOUT  ] 2017-12-01T16:13:40.301958702Z: [    8.633674] ata3: SATA link up 1.5 Gbps (SStatus 113 SControl 300)
[STDOUT  ] 2017-12-01T16:13:40.307712842Z: [    8.639434] ata3.00: ATAPI: QEMU DVD-ROM, 2.5+, max UDMA/100
[STDOUT  ] 2017-12-01T16:13:40.308106427Z: [    8.639911] ata3.00: applying bridge limits
[STDOUT  ] 2017-12-01T16:13:40.310487515Z: [    8.642238] ata2: SATA link down (SStatus 0 SControl 300)
[STDOUT  ] 2017-12-01T16:13:40.310963155Z: [    8.642684] ata1: SATA link up 1.5 Gbps (SStatus 113 SControl 300)
[STDOUT  ] 2017-12-01T16:13:40.312108357Z: [    8.643845] ata1.00: ATA-7: QEMU HARDDISK, 2.5+, max UDMA/100
[STDOUT  ] 2017-12-01T16:13:40.312480873Z: [    8.644170] ata1.00: 524288 sectors, multi 16: LBA48 NCQ (depth 31/32)
[STDOUT  ] 2017-12-01T16:13:40.312841401Z: [    8.644651] ata1.00: applying bridge limits
[STDOUT  ] 2017-12-01T16:13:40.314110263Z: [    8.645910] ata1.00: configured for UDMA/100
[STDOUT  ] 2017-12-01T16:13:40.316713979Z: [    8.648473] ata5: SATA link down (SStatus 0 SControl 300)
[STDOUT  ] 2017-12-01T16:13:40.329322124Z: [    8.661065] ata6: SATA link down (SStatus 0 SControl 300)
[STDOUT  ] 2017-12-01T16:13:40.339232477Z: [    8.671017] ata3.00: configured for UDMA/100
[STDOUT  ] 2017-12-01T16:13:40.349778874Z: [    8.681398] scsi 0:0:0:0: Direct-Access     ATA      QEMU HARDDISK    2.5+ PQ: 0 ANSI: 5
[STDOUT  ] 2017-12-01T16:13:40.362218554Z: [    8.693909] Key type big_key registered
[STDOUT  ] 2017-12-01T16:13:40.373563389Z: [    8.705201] sd 0:0:0:0: [sda] 524288 512-byte logical blocks: (268 MB/256 MiB)
[STDOUT  ] 2017-12-01T16:13:40.378676938Z: [    8.710432] sd 0:0:0:0: Attached scsi generic sg0 type 0
[STDOUT  ] 2017-12-01T16:13:40.382270821Z: [    8.714042] sd 0:0:0:0: [sda] Write Protect is off
[STDOUT  ] 2017-12-01T16:13:40.383481441Z: [    8.715097] sd 0:0:0:0: [sda] Write cache: enabled, read cache: enabled, doesn't support DPO or FUA
[STDOUT  ] 2017-12-01T16:13:40.388653645Z: [    8.718549] scsi 2:0:0:0: CD-ROM            QEMU     QEMU DVD-ROM     2.5+ PQ: 0 ANSI: 5
[STDOUT  ] 2017-12-01T16:13:40.424114807Z: [    8.755450] sr 2:0:0:0: [sr0] scsi3-mmc drive: 4x/4x cd/rw xa/form2 tray
[STDOUT  ] 2017-12-01T16:13:40.424303346Z: [    8.756063] cdrom: Uniform CD-ROM driver Revision: 3.20
[STDOUT  ] 2017-12-01T16:13:40.447863829Z: [    8.779582] sr 2:0:0:0: Attached scsi generic sg1 type 5
[STDOUT  ] 2017-12-01T16:13:40.456421787Z: [    8.788199] sd 0:0:0:0: [sda] Attached SCSI disk
[STDOUT  ] 2017-12-01T16:13:40.543990257Z: [    8.875755] Key type encrypted registered
[STDOUT  ] 2017-12-01T16:13:40.548043207Z: [    8.879670] rtc_cmos 00:00: setting system clock to 2017-12-01 16:13:40 UTC (1512144820)
[STDOUT  ] 2017-12-01T16:13:40.691450809Z: [    9.022750] Freeing unused kernel memory: 1380K
[STDOUT  ] 2017-12-01T16:13:40.692359429Z: [    9.023599] Write protecting the kernel read-only data: 12288k
[STDOUT  ] 2017-12-01T16:13:40.697743343Z: [    9.029124] Freeing unused kernel memory: 128K
[STDOUT  ] 2017-12-01T16:13:40.802304114Z: [    9.134063] Freeing unused kernel memory: 1396K
[STDOUT  ] 2017-12-01T16:13:40.802913113Z: [    9.134642] tsc: Refined TSC clocksource calibration: 2300.166 MHz
[STDOUT  ] 2017-12-01T16:13:40.803465878Z: [    9.135031] clocksource: tsc: mask: 0xffffffffffffffff max_cycles: 0x2127d22022c, max_idle_ns: 440795281651 ns
[STDOUT  ] 2017-12-01T16:13:41.818759488Z: [   10.150476] clocksource: Switched to clocksource tsc
[STDOUT  ] 2017-12-01T16:13:53.038188359Z: 
[STDOUT  ] 2017-12-01T16:13:53.0393166Z: Welcome to LinuxKit
[STDOUT  ] 2017-12-01T16:13:53.039514639Z: 
[STDOUT  ] 2017-12-01T16:13:53.040542169Z:                         ##         .
[STDOUT  ] 2017-12-01T16:13:53.041599491Z:                   ## ## ##        ==
[STDOUT  ] 2017-12-01T16:13:53.042624804Z:                ## ## ## ## ##    ===
[STDOUT  ] 2017-12-01T16:13:53.043694143Z:            /"""""""""""""""""\___/ ===
[STDOUT  ] 2017-12-01T16:13:53.044855395Z:           {                       /  ===-
[STDOUT  ] 2017-12-01T16:13:53.045906726Z:            \______ O           __/
[STDOUT  ] 2017-12-01T16:13:53.049136612Z:              \    \         __/
[STDOUT  ] 2017-12-01T16:13:53.050020502Z:               \____\_______/
[STDOUT  ] 2017-12-01T16:13:53.050207184Z: 
[STDOUT  ] 2017-12-01T16:13:55.073434477Z: [   23.404794] IPVS: Creating netns size=2104 id=1
[STDOUT  ] 2017-12-01T16:13:55.073936441Z: [   23.405310] IPVS: ftp: loaded support on port[0] = 21
[STDOUT  ] 2017-12-01T16:13:57.136095722Z: 2017/12/01 16:13:56 Creating partition on /dev/sda
[STDOUT  ] 2017-12-01T16:13:57.297457042Z: [   25.628443]  sda:
[STDOUT  ] 2017-12-01T16:13:57.399059201Z: [   25.730017]  sda:
[STDOUT  ] 2017-12-01T16:13:57.445758879Z: [   25.776709]  sda: sda1
[STDOUT  ] 2017-12-01T16:13:57.552851863Z: [   25.883764]  sda: sda1
[STDOUT  ] 2017-12-01T16:13:59.55580325Z: [   27.886926] mkfs.xfs: sending ioctl 1261 to a partition!
[STDOUT  ] 2017-12-01T16:13:59.565400835Z: 2017/12/01 16:13:58 Partition /dev/sda1 successfully created!
[STDOUT  ] 2017-12-01T16:14:01.494915917Z: [   29.826016] IPVS: Creating netns size=2104 id=2
[STDOUT  ] 2017-12-01T16:14:01.495289994Z: [   29.826419] IPVS: ftp: loaded support on port[0] = 21
[STDOUT  ] 2017-12-01T16:14:03.712111758Z: [   32.041253] FAT-fs (sda1): utf8 is not a recommended IO charset for FAT filesystems, filesystem will be case sensitive!
[STDOUT  ] 2017-12-01T16:14:03.719260358Z: [   32.048371] FAT-fs (sda1): utf8 is not a recommended IO charset for FAT filesystems, filesystem will be case sensitive!
[STDOUT  ] 2017-12-01T16:14:03.726259108Z: [   32.056496] mount: sending ioctl 5310 to a partition!
[STDOUT  ] 2017-12-01T16:14:03.772078966Z: [   32.102353] mount: sending ioctl 5310 to a partition!
[STDOUT  ] 2017-12-01T16:14:03.77489817Z: [   32.104745] UDF-fs: warning (device sda1): udf_fill_super: No partition found (2)
[STDOUT  ] 2017-12-01T16:14:03.801047726Z: [   32.131424] XFS (sda1): Mounting V5 Filesystem
[STDOUT  ] 2017-12-01T16:14:03.842832243Z: [   32.173290] XFS (sda1): Ending clean mount
[STDOUT  ] 2017-12-01T16:14:20.573598797Z: [   48.903364] sd 0:0:0:0: [sda] Synchronizing SCSI cache
[STDOUT  ] 2017-12-01T16:14:20.574416594Z: [   48.904295] sd 0:0:0:0: [sda] Stopping disk
[STDOUT  ] 2017-12-01T16:14:20.578379045Z: [   48.908195] ACPI: Preparing to enter system sleep state S5
[STDOUT  ] 2017-12-01T16:14:20.57980167Z: [   48.909730] reboot: Power down
[STDERR  ] 2017-12-01T16:14:20.744788554Z: + [ -f disk.img ]
[STDERR  ] 2017-12-01T16:14:20.744883693Z: + dd if=/dev/zero bs=1048576 count=256
[STDERR  ] 2017-12-01T16:14:21.042076073Z: 256+0 records in
[STDERR  ] 2017-12-01T16:14:21.04212642Z: 256+0 records out
[STDERR  ] 2017-12-01T16:14:21.042488912Z: + linuxkit build -format kernel+initrd -name extend-xfs test.yml
[STDERR  ] 2017-12-01T16:14:21.084612236Z: Extract kernel image: linuxkit/kernel:4.9.65
[STDERR  ] 2017-12-01T16:14:22.332119009Z: time="2017-12-01T16:14:22Z" level=warning msg="certificate with CN Justin Cormack is near expiry" 
[STDERR  ] 2017-12-01T16:14:22.332196081Z: time="2017-12-01T16:14:22Z" level=warning msg="certificate with CN  is near expiry" 
[STDERR  ] 2017-12-01T16:14:22.407289019Z: time="2017-12-01T16:14:22Z" level=warning msg="certificate with CN Justin Cormack is near expiry" 
[STDERR  ] 2017-12-01T16:14:26.930755652Z: Add init containers:
[STDERR  ] 2017-12-01T16:14:26.930821489Z: Process init image: linuxkit/init:7357177a8be310e40fef7424305a72c198e857c4
[STDERR  ] 2017-12-01T16:14:27.914198451Z: time="2017-12-01T16:14:27Z" level=warning msg="certificate with CN  is near expiry" 
[STDERR  ] 2017-12-01T16:14:27.914627187Z: time="2017-12-01T16:14:27Z" level=warning msg="certificate with CN Justin Cormack is near expiry" 
[STDERR  ] 2017-12-01T16:14:27.918077751Z: time="2017-12-01T16:14:27Z" level=warning msg="certificate with CN Justin Cormack is near expiry" 
[STDERR  ] 2017-12-01T16:14:27.91963717Z: time="2017-12-01T16:14:27Z" level=warning msg="certificate with CN  is near expiry" 
[STDERR  ] 2017-12-01T16:14:29.202898892Z: Process init image: linuxkit/runc:1b0741d07949c0acc444cd6a04ee7f833443579d
[STDERR  ] 2017-12-01T16:14:30.183269975Z: time="2017-12-01T16:14:30Z" level=warning msg="certificate with CN Justin Cormack is near expiry" 
[STDERR  ] 2017-12-01T16:14:30.183445877Z: time="2017-12-01T16:14:30Z" level=warning msg="certificate with CN  is near expiry" 
[STDERR  ] 2017-12-01T16:14:30.18563924Z: time="2017-12-01T16:14:30Z" level=warning msg="certificate with CN Justin Cormack is near expiry" 
[STDERR  ] 2017-12-01T16:14:30.18713361Z: time="2017-12-01T16:14:30Z" level=warning msg="certificate with CN  is near expiry" 
[STDERR  ] 2017-12-01T16:14:31.004567117Z: Add onboot containers:
[STDERR  ] 2017-12-01T16:14:31.004631286Z:   Create OCI config for linuxkit/extend:8b6db5bf68330cc4e91c74532732a7e227ae12fd
[STDERR  ] 2017-12-01T16:14:31.986485579Z: time="2017-12-01T16:14:31Z" level=warning msg="certificate with CN Moby CI is near expiry" 
[STDERR  ] 2017-12-01T16:14:31.986542366Z: time="2017-12-01T16:14:31Z" level=warning msg="certificate with CN  is near expiry" 
[STDERR  ] 2017-12-01T16:14:31.986660803Z: time="2017-12-01T16:14:31Z" level=warning msg="certificate with CN Justin Cormack is near expiry" 
[STDERR  ] 2017-12-01T16:14:31.986862725Z: time="2017-12-01T16:14:31Z" level=warning msg="certificate with CN Rolf Neugebauer is near expiry" 
[STDERR  ] 2017-12-01T16:14:31.988051573Z: time="2017-12-01T16:14:31Z" level=warning msg="certificate with CN  is near expiry" 
[STDERR  ] 2017-12-01T16:14:31.989344741Z: time="2017-12-01T16:14:31Z" level=warning msg="certificate with CN Rolf Neugebauer is near expiry" 
[STDERR  ] 2017-12-01T16:14:33.382323915Z:   Create OCI config for linuxkit/mount:41685ecc8039643948e5dff46e17584753469a7a
[STDERR  ] 2017-12-01T16:14:34.377797214Z: time="2017-12-01T16:14:34Z" level=warning msg="certificate with CN Rolf Neugebauer is near expiry" 
[STDERR  ] 2017-12-01T16:14:34.377874372Z: time="2017-12-01T16:14:34Z" level=warning msg="certificate with CN  is near expiry" 
[STDERR  ] 2017-12-01T16:14:34.37788797Z: time="2017-12-01T16:14:34Z" level=warning msg="certificate with CN Justin Cormack is near expiry" 
[STDERR  ] 2017-12-01T16:14:34.379657931Z: time="2017-12-01T16:14:34Z" level=warning msg="certificate with CN Justin Cormack is near expiry" 
[STDERR  ] 2017-12-01T16:14:34.380877329Z: time="2017-12-01T16:14:34Z" level=warning msg="certificate with CN Rolf Neugebauer is near expiry" 
[STDERR  ] 2017-12-01T16:14:34.38263312Z: time="2017-12-01T16:14:34Z" level=warning msg="certificate with CN  is near expiry" 
[STDERR  ] 2017-12-01T16:14:35.843873116Z:   Create OCI config for alpine:3.6
[STDERR  ] 2017-12-01T16:14:38.474995235Z:   Create OCI config for linuxkit/poweroff:280bd01daa8776fbe1f4d912977f1886b8374834
[STDERR  ] 2017-12-01T16:14:39.621124175Z: time="2017-12-01T16:14:39Z" level=warning msg="certificate with CN Rolf Neugebauer is near expiry" 
[STDERR  ] 2017-12-01T16:14:39.621259481Z: time="2017-12-01T16:14:39Z" level=warning msg="certificate with CN  is near expiry" 
[STDERR  ] 2017-12-01T16:14:39.621572863Z: time="2017-12-01T16:14:39Z" level=warning msg="certificate with CN Justin Cormack is near expiry" 
[STDERR  ] 2017-12-01T16:14:39.62308096Z: time="2017-12-01T16:14:39Z" level=warning msg="certificate with CN Rolf Neugebauer is near expiry" 
[STDERR  ] 2017-12-01T16:14:39.623869971Z: time="2017-12-01T16:14:39Z" level=warning msg="certificate with CN  is near expiry" 
[STDERR  ] 2017-12-01T16:14:40.719971808Z: Add files:
[STDERR  ] 2017-12-01T16:14:40.720026202Z:   check.sh
[STDERR  ] 2017-12-01T16:14:40.720041794Z: Create outputs:
[STDERR  ] 2017-12-01T16:14:46.613275768Z:   extend-xfs-kernel extend-xfs-initrd.img extend-xfs-cmdline
[STDERR  ] 2017-12-01T16:14:47.362198982Z: + linuxkit run -disk file=disk.img extend-xfs
[STDERR  ] 2017-12-01T16:14:47.400113109Z: Using existing disk [disk.img] format 
[STDERR  ] 2017-12-01T16:14:47.419774461Z: WARNING: Image format was not specified for 'disk.img' and probing guessed raw.
[STDERR  ] 2017-12-01T16:14:47.419811847Z:          Automatically detecting the format is dangerous for raw images, write operations on block 0 will be restricted.
[STDERR  ] 2017-12-01T16:14:47.419820476Z:          Specify the 'raw' format explicitly to remove the restrictions.
[STDERR  ] 2017-12-01T16:15:23.73140466Z: main-loop: WARNING: I/O thread spun for 1000 iterations
[STDERR  ] 2017-12-01T16:15:45.224788704Z: + RESULT=[    0.000000] Linux version 4.9.65-linuxkit (root@c78110dc0cc9) (gcc version 6.3.0 (Alpine 6.3.0) ) #1 SMP Fri Nov 24 15:20:57 UTC 2017
[STDERR  ] 2017-12-01T16:15:45.224872554Z: [    0.000000] Command line: console=ttyS0
[STDERR  ] 2017-12-01T16:15:45.224888301Z: [    0.000000] x86/fpu: Legacy x87 FPU detected.
[STDERR  ] 2017-12-01T16:15:45.224902299Z: [    0.000000] x86/fpu: Using 'eager' FPU context switches.
[STDERR  ] 2017-12-01T16:15:45.224916136Z: [    0.000000] e820: BIOS-provided physical RAM map:
[STDERR  ] 2017-12-01T16:15:45.224929284Z: [    0.000000] BIOS-e820: [mem 0x0000000000000000-0x000000000009fbff] usable
[STDERR  ] 2017-12-01T16:15:45.224944008Z: [    0.000000] BIOS-e820: [mem 0x000000000009fc00-0x000000000009ffff] reserved
[STDERR  ] 2017-12-01T16:15:45.224957173Z: [    0.000000] BIOS-e820: [mem 0x00000000000f0000-0x00000000000fffff] reserved
[STDERR  ] 2017-12-01T16:15:45.224970137Z: [    0.000000] BIOS-e820: [mem 0x0000000000100000-0x000000003ffdefff] usable
[STDERR  ] 2017-12-01T16:15:45.22498322Z: [    0.000000] BIOS-e820: [mem 0x000000003ffdf000-0x000000003fffffff] reserved
[STDERR  ] 2017-12-01T16:15:45.224996283Z: [    0.000000] BIOS-e820: [mem 0x00000000b0000000-0x00000000bfffffff] reserved
[STDERR  ] 2017-12-01T16:15:45.225009619Z: [    0.000000] BIOS-e820: [mem 0x00000000fed1c000-0x00000000fed1ffff] reserved
[STDERR  ] 2017-12-01T16:15:45.225022552Z: [    0.000000] BIOS-e820: [mem 0x00000000fffc0000-0x00000000ffffffff] reserved
[STDERR  ] 2017-12-01T16:15:45.225046606Z: [    0.000000] NX (Execute Disable) protection: active
[STDERR  ] 2017-12-01T16:15:45.225059488Z: [    0.000000] SMBIOS 2.8 present.
[STDERR  ] 2017-12-01T16:15:45.225071683Z: [    0.000000] e820: last_pfn = 0x3ffdf max_arch_pfn = 0x400000000
[STDERR  ] 2017-12-01T16:15:45.22508432Z: [    0.000000] x86/PAT: Configuration [0-7]: WB  WC  UC- UC  WB  WC  UC- WT  
[STDERR  ] 2017-12-01T16:15:45.225096926Z: [    0.000000] found SMP MP-table at [mem 0x000f6aa0-0x000f6aaf] mapped at [ffff97fa000f6aa0]
[STDERR  ] 2017-12-01T16:15:45.22511059Z: [    0.000000] RAMDISK: [mem 0x3e003000-0x3ffcffff]
[STDERR  ] 2017-12-01T16:15:45.225123506Z: [    0.000000] ACPI: Early table checksum verification disabled
[STDERR  ] 2017-12-01T16:15:45.225140304Z: [    0.000000] ACPI: RSDP 0x00000000000F68C0 000014 (v00 BOCHS )
[STDERR  ] 2017-12-01T16:15:45.225152969Z: [    0.000000] ACPI: RSDT 0x000000003FFE2404 000034 (v01 BOCHS  BXPCRSDT 00000001 BXPC 00000001)
[STDERR  ] 2017-12-01T16:15:45.225165579Z: [    0.000000] ACPI: FACP 0x000000003FFE22A4 000074 (v01 BOCHS  BXPCFACP 00000001 BXPC 00000001)
[STDERR  ] 2017-12-01T16:15:45.225177582Z: [    0.000000] ACPI: DSDT 0x000000003FFE0040 002264 (v01 BOCHS  BXPCDSDT 00000001 BXPC 00000001)
[STDERR  ] 2017-12-01T16:15:45.225189353Z: [    0.000000] ACPI: FACS 0x000000003FFE0000 000040
[STDERR  ] 2017-12-01T16:15:45.225201433Z: [    0.000000] ACPI: APIC 0x000000003FFE2318 000078 (v01 BOCHS  BXPCAPIC 00000001 BXPC 00000001)
[STDERR  ] 2017-12-01T16:15:45.225213246Z: [    0.000000] ACPI: HPET 0x000000003FFE2390 000038 (v01 BOCHS  BXPCHPET 00000001 BXPC 00000001)
[STDERR  ] 2017-12-01T16:15:45.22522498Z: [    0.000000] ACPI: MCFG 0x000000003FFE23C8 00003C (v01 BOCHS  BXPCMCFG 00000001 BXPC 00000001)
[STDERR  ] 2017-12-01T16:15:45.225237302Z: [    0.000000] Zone ranges:
[STDERR  ] 2017-12-01T16:15:45.225249156Z: [    0.000000]   DMA      [mem 0x0000000000001000-0x0000000000ffffff]
[STDERR  ] 2017-12-01T16:15:45.22526155Z: [    0.000000]   DMA32    [mem 0x0000000001000000-0x000000003ffdefff]
[STDERR  ] 2017-12-01T16:15:45.225273601Z: [    0.000000]   Normal   empty
[STDERR  ] 2017-12-01T16:15:45.225285587Z: [    0.000000] Movable zone start for each node
[STDERR  ] 2017-12-01T16:15:45.225297084Z: [    0.000000] Early memory node ranges
[STDERR  ] 2017-12-01T16:15:45.225308708Z: [    0.000000]   node   0: [mem 0x0000000000001000-0x000000000009efff]
[STDERR  ] 2017-12-01T16:15:45.225320224Z: [    0.000000]   node   0: [mem 0x0000000000100000-0x000000003ffdefff]
[STDERR  ] 2017-12-01T16:15:45.225332541Z: [    0.000000] Initmem setup node 0 [mem 0x0000000000001000-0x000000003ffdefff]
[STDERR  ] 2017-12-01T16:15:45.225348951Z: [    0.000000] ACPI: PM-Timer IO Port: 0x608
[STDERR  ] 2017-12-01T16:15:45.22536108Z: [    0.000000] ACPI: LAPIC_NMI (acpi_id[0xff] dfl dfl lint[0x1])
[STDERR  ] 2017-12-01T16:15:45.225374117Z: [    0.000000] IOAPIC[0]: apic_id 0, version 32, address 0xfec00000, GSI 0-23
[STDERR  ] 2017-12-01T16:15:45.225386009Z: [    0.000000] ACPI: INT_SRC_OVR (bus 0 bus_irq 0 global_irq 2 dfl dfl)
[STDERR  ] 2017-12-01T16:15:45.225398144Z: [    0.000000] ACPI: INT_SRC_OVR (bus 0 bus_irq 5 global_irq 5 high level)
[STDERR  ] 2017-12-01T16:15:45.225409855Z: [    0.000000] ACPI: INT_SRC_OVR (bus 0 bus_irq 9 global_irq 9 high level)
[STDERR  ] 2017-12-01T16:15:45.225421521Z: [    0.000000] ACPI: INT_SRC_OVR (bus 0 bus_irq 10 global_irq 10 high level)
[STDERR  ] 2017-12-01T16:15:45.225433252Z: [    0.000000] ACPI: INT_SRC_OVR (bus 0 bus_irq 11 global_irq 11 high level)
[STDERR  ] 2017-12-01T16:15:45.225445731Z: [    0.000000] Using ACPI (MADT) for SMP configuration information
[STDERR  ] 2017-12-01T16:15:45.225458189Z: [    0.000000] ACPI: HPET id: 0x8086a201 base: 0xfed00000
[STDERR  ] 2017-12-01T16:15:45.225470251Z: [    0.000000] smpboot: Allowing 1 CPUs, 0 hotplug CPUs
[STDERR  ] 2017-12-01T16:15:45.225482405Z: [    0.000000] e820: [mem 0x40000000-0xafffffff] available for PCI devices
[STDERR  ] 2017-12-01T16:15:45.225494057Z: [    0.000000] Booting paravirtualized kernel on bare hardware
[STDERR  ] 2017-12-01T16:15:45.225509971Z: [    0.000000] clocksource: refined-jiffies: mask: 0xffffffff max_cycles: 0xffffffff, max_idle_ns: 19112604462750000 ns
[STDERR  ] 2017-12-01T16:15:45.225524336Z: [    0.000000] setup_percpu: NR_CPUS:128 nr_cpumask_bits:128 nr_cpu_ids:1 nr_node_ids:1
[STDERR  ] 2017-12-01T16:15:45.225536765Z: [    0.000000] percpu: Embedded 35 pages/cpu @ffff97fa3de00000 s105112 r8192 d30056 u2097152
[STDERR  ] 2017-12-01T16:15:45.225548591Z: [    0.000000] Built 1 zonelists in Zone order, mobility grouping on.  Total pages: 257896
[STDERR  ] 2017-12-01T16:15:45.225560409Z: [    0.000000] Kernel command line: console=ttyS0
[STDERR  ] 2017-12-01T16:15:45.225575842Z: [    0.000000] PID hash table entries: 4096 (order: 3, 32768 bytes)
[STDERR  ] 2017-12-01T16:15:45.22558792Z: [    0.000000] Dentry cache hash table entries: 131072 (order: 8, 1048576 bytes)
[STDERR  ] 2017-12-01T16:15:45.225599852Z: [    0.000000] Inode-cache hash table entries: 65536 (order: 7, 524288 bytes)
[STDERR  ] 2017-12-01T16:15:45.225612264Z: [    0.000000] Memory: 981608K/1048052K available (8048K kernel code, 1367K rwdata, 2700K rodata, 1380K init, 568K bss, 66444K reserved, 0K cma-reserved)
[STDERR  ] 2017-12-01T16:15:45.225628943Z: [    0.000000] Hierarchical RCU implementation.
[STDERR  ] 2017-12-01T16:15:45.225641254Z: [    0.000000] 	Build-time adjustment of leaf fanout to 64.
[STDERR  ] 2017-12-01T16:15:45.225653412Z: [    0.000000] 	RCU restricting CPUs from NR_CPUS=128 to nr_cpu_ids=1.
[STDERR  ] 2017-12-01T16:15:45.225665084Z: [    0.000000] RCU: Adjusting geometry for rcu_fanout_leaf=64, nr_cpu_ids=1
[STDERR  ] 2017-12-01T16:15:45.225676909Z: [    0.000000] NR_IRQS:8448 nr_irqs:256 16
[STDERR  ] 2017-12-01T16:15:45.225687736Z: [    0.000000] Console: colour VGA+ 80x25
[STDERR  ] 2017-12-01T16:15:45.225699236Z: [    0.000000] console [ttyS0] enabled
[STDERR  ] 2017-12-01T16:15:45.225710492Z: [    0.000000] clocksource: hpet: mask: 0xffffffff max_cycles: 0xffffffff, max_idle_ns: 19112604467 ns
[STDERR  ] 2017-12-01T16:15:45.225721358Z: [    0.000000] tsc: Fast TSC calibration using PIT
[STDERR  ] 2017-12-01T16:15:45.225732001Z: [    0.000000] tsc: Detected 2298.197 MHz processor
[STDERR  ] 2017-12-01T16:15:45.225742546Z: [    0.021338] Calibrating delay loop (skipped), value calculated using timer frequency.. 4596.39 BogoMIPS (lpj=22981970)
[STDERR  ] 2017-12-01T16:15:45.225753398Z: [    0.022388] pid_max: default: 32768 minimum: 301
[STDERR  ] 2017-12-01T16:15:45.225764044Z: [    0.023302] ACPI: Core revision 20160831
[STDERR  ] 2017-12-01T16:15:45.225775151Z: [    0.071679] ACPI: 1 ACPI AML tables successfully acquired and loaded
[STDERR  ] 2017-12-01T16:15:45.22578764Z: [    0.074794] Security Framework initialized
[STDERR  ] 2017-12-01T16:15:45.225799143Z: [    0.075181] Yama: becoming mindful.
[STDERR  ] 2017-12-01T16:15:45.225810834Z: [    0.077119] Mount-cache hash table entries: 2048 (order: 2, 16384 bytes)
[STDERR  ] 2017-12-01T16:15:45.225822396Z: [    0.077668] Mountpoint-cache hash table entries: 2048 (order: 2, 16384 bytes)
[STDERR  ] 2017-12-01T16:15:45.225833315Z: [    0.100318] Last level iTLB entries: 4KB 0, 2MB 0, 4MB 0
[STDERR  ] 2017-12-01T16:15:45.225844178Z: [    0.100761] Last level dTLB entries: 4KB 0, 2MB 0, 4MB 0, 1GB 0
[STDERR  ] 2017-12-01T16:15:45.225855352Z: [    0.435535] Freeing SMP alternatives memory: 20K
[STDERR  ] 2017-12-01T16:15:45.225866722Z: [    0.444206] ftrace: allocating 35540 entries in 139 pages
[STDERR  ] 2017-12-01T16:15:45.225877293Z: [    0.607919] smpboot: Max logical packages: 1
[STDERR  ] 2017-12-01T16:15:45.225887853Z: [    0.615319] ..TIMER: vector=0x30 apic1=0 pin1=2 apic2=-1 pin2=-1
[STDERR  ] 2017-12-01T16:15:45.225898496Z: [    0.720000] smpboot: CPU0: AMD QEMU Virtual CPU version 2.5+ (family: 0x6, model: 0x6, stepping: 0x3)
[STDERR  ] 2017-12-01T16:15:45.225909477Z: [    0.720000] Performance Events: PMU not available due to virtualization, using software events only.
[STDERR  ] 2017-12-01T16:15:45.225924837Z: [    0.726752] NMI watchdog: disabled (cpu0): hardware events not enabled
[STDERR  ] 2017-12-01T16:15:45.225936153Z: [    0.727234] NMI watchdog: Shutting down hard lockup detector on all cpus
[STDERR  ] 2017-12-01T16:15:45.225947425Z: [    0.730249] x86: Booted up 1 node, 1 CPUs
[STDERR  ] 2017-12-01T16:15:45.22595816Z: [    0.730690] smpboot: Total of 1 processors activated (4596.39 BogoMIPS)
[STDERR  ] 2017-12-01T16:15:45.225969565Z: [    0.743865] devtmpfs: initialized
[STDERR  ] 2017-12-01T16:15:45.225980789Z: [    0.748413] x86/mm: Memory block size: 128MB
[STDERR  ] 2017-12-01T16:15:45.225992002Z: [    0.810595] clocksource: jiffies: mask: 0xffffffff max_cycles: 0xffffffff, max_idle_ns: 19112604462750000 ns
[STDERR  ] 2017-12-01T16:15:45.226009148Z: [    0.811475] futex hash table entries: 256 (order: 2, 16384 bytes)
[STDERR  ] 2017-12-01T16:15:45.226022834Z: [    0.820440] NET: Registered protocol family 16
[STDERR  ] 2017-12-01T16:15:45.226034609Z: [    0.829509] cpuidle: using governor ladder
[STDERR  ] 2017-12-01T16:15:45.226048818Z: [    0.830096] cpuidle: using governor menu
[STDERR  ] 2017-12-01T16:15:45.226060267Z: [    0.831152] ACPI: bus type PCI registered
[STDERR  ] 2017-12-01T16:15:45.226071745Z: [    0.833858] PCI: MMCONFIG for domain 0000 [bus 00-ff] at [mem 0xb0000000-0xbfffffff] (base 0xb0000000)
[STDERR  ] 2017-12-01T16:15:45.226083485Z: [    0.834642] PCI: MMCONFIG at [mem 0xb0000000-0xbfffffff] reserved in E820
[STDERR  ] 2017-12-01T16:15:45.226094529Z: [    0.835983] PCI: Using configuration type 1 for base access
[STDERR  ] 2017-12-01T16:15:45.226105428Z: [    0.890557] HugeTLB registered 2 MB page size, pre-allocated 0 pages
[STDERR  ] 2017-12-01T16:15:45.226116323Z: [    0.900881] ACPI: Added _OSI(Module Device)
[STDERR  ] 2017-12-01T16:15:45.226128461Z: [    0.901220] ACPI: Added _OSI(Processor Device)
[STDERR  ] 2017-12-01T16:15:45.226141572Z: [    0.901530] ACPI: Added _OSI(3.0 _SCP Extensions)
[STDERR  ] 2017-12-01T16:15:45.226153707Z: [    0.901851] ACPI: Added _OSI(Processor Aggregator Device)
[STDERR  ] 2017-12-01T16:15:45.226165158Z: [    0.979490] ACPI: Interpreter enabled
[STDERR  ] 2017-12-01T16:15:45.226176932Z: [    0.980419] ACPI: (supports S0 S5)
[STDERR  ] 2017-12-01T16:15:45.226188352Z: [    0.980812] ACPI: Using IOAPIC for interrupt routing
[STDERR  ] 2017-12-01T16:15:45.226200871Z: [    0.982572] PCI: Using host bridge windows from ACPI; if necessary, use "pci=nocrs" and report a bug
[STDERR  ] 2017-12-01T16:15:45.22621209Z: [    1.057196] ACPI: PCI Root Bridge [PCI0] (domain 0000 [bus 00-ff])
[STDERR  ] 2017-12-01T16:15:45.2262246Z: [    1.058126] acpi PNP0A08:00: _OSC: OS supports [ExtendedConfig ASPM ClockPM Segments MSI]
[STDERR  ] 2017-12-01T16:15:45.226236453Z: [    1.067053] acpi PNP0A08:00: _OSC: OS now controls [PCIeHotplug PME PCIeCapability]
[STDERR  ] 2017-12-01T16:15:45.226248299Z: [    1.071764] PCI host bridge to bus 0000:00
[STDERR  ] 2017-12-01T16:15:45.226260183Z: [    1.072206] pci_bus 0000:00: root bus resource [io  0x0000-0x0cf7 window]
[STDERR  ] 2017-12-01T16:15:45.226272947Z: [    1.072693] pci_bus 0000:00: root bus resource [io  0x0d00-0xffff window]
[STDERR  ] 2017-12-01T16:15:45.226285134Z: [    1.073177] pci_bus 0000:00: root bus resource [mem 0x000a0000-0x000bffff window]
[STDERR  ] 2017-12-01T16:15:45.226298501Z: [    1.073755] pci_bus 0000:00: root bus resource [mem 0xc0000000-0xfebfffff window]
[STDERR  ] 2017-12-01T16:15:45.226309887Z: [    1.074382] pci_bus 0000:00: root bus resource [bus 00-ff]
[STDERR  ] 2017-12-01T16:15:45.226322356Z: [    1.223311] pci 0000:00:1f.0: quirk: [io  0x0600-0x067f] claimed by ICH6 ACPI/GPIO/TCO
[STDERR  ] 2017-12-01T16:15:45.226334035Z: [    1.320537] ACPI: PCI Interrupt Link [LNKA] (IRQs 5 *10 11)
[STDERR  ] 2017-12-01T16:15:45.226345294Z: [    1.323414] ACPI: PCI Interrupt Link [LNKB] (IRQs 5 *10 11)
[STDERR  ] 2017-12-01T16:15:45.226356741Z: [    1.325935] ACPI: PCI Interrupt Link [LNKC] (IRQs 5 10 *11)
[STDERR  ] 2017-12-01T16:15:45.226369528Z: [    1.328409] ACPI: PCI Interrupt Link [LNKD] (IRQs 5 10 *11)
[STDERR  ] 2017-12-01T16:15:45.226387593Z: [    1.331141] ACPI: PCI Interrupt Link [LNKE] (IRQs 5 *10 11)
[STDERR  ] 2017-12-01T16:15:45.226400261Z: [    1.333619] ACPI: PCI Interrupt Link [LNKF] (IRQs 5 *10 11)
[STDERR  ] 2017-12-01T16:15:45.22641236Z: [    1.336208] ACPI: PCI Interrupt Link [LNKG] (IRQs 5 10 *11)
[STDERR  ] 2017-12-01T16:15:45.226424743Z: [    1.338637] ACPI: PCI Interrupt Link [LNKH] (IRQs 5 10 *11)
[STDERR  ] 2017-12-01T16:15:45.22643669Z: [    1.339727] ACPI: PCI Interrupt Link [GSIA] (IRQs *16)
[STDERR  ] 2017-12-01T16:15:45.226449095Z: [    1.340537] ACPI: PCI Interrupt Link [GSIB] (IRQs *17)
[STDERR  ] 2017-12-01T16:15:45.226460139Z: [    1.341302] ACPI: PCI Interrupt Link [GSIC] (IRQs *18)
[STDERR  ] 2017-12-01T16:15:45.226478688Z: [    1.342053] ACPI: PCI Interrupt Link [GSID] (IRQs *19)
[STDERR  ] 2017-12-01T16:15:45.22649153Z: [    1.342814] ACPI: PCI Interrupt Link [GSIE] (IRQs *20)
[STDERR  ] 2017-12-01T16:15:45.226503326Z: [    1.343569] ACPI: PCI Interrupt Link [GSIF] (IRQs *21)
[STDERR  ] 2017-12-01T16:15:45.226514937Z: [    1.344344] ACPI: PCI Interrupt Link [GSIG] (IRQs *22)
[STDERR  ] 2017-12-01T16:15:45.226526666Z: [    1.345100] ACPI: PCI Interrupt Link [GSIH] (IRQs *23)
[STDERR  ] 2017-12-01T16:15:45.226538657Z: [    1.351026] ACPI: Enabled 2 GPEs in block 00 to 3F
[STDERR  ] 2017-12-01T16:15:45.22655014Z: [    1.357375] SCSI subsystem initialized
[STDERR  ] 2017-12-01T16:15:45.226561526Z: [    1.360403] ACPI: bus type USB registered
[STDERR  ] 2017-12-01T16:15:45.226574211Z: [    1.361942] usbcore: registered new interface driver usbfs
[STDERR  ] 2017-12-01T16:15:45.226585921Z: [    1.363064] usbcore: registered new interface driver hub
[STDERR  ] 2017-12-01T16:15:45.226597969Z: [    1.364073] usbcore: registered new device driver usb
[STDERR  ] 2017-12-01T16:15:45.226610417Z: [    1.365670] pps_core: LinuxPPS API ver. 1 registered
[STDERR  ] 2017-12-01T16:15:45.22662247Z: [    1.366022] pps_core: Software ver. 5.3.6 - Copyright 2005-2007 Rodolfo Giometti <giometti@linux.it>
[STDERR  ] 2017-12-01T16:15:45.226634061Z: [    1.366790] PTP clock support registered
[STDERR  ] 2017-12-01T16:15:45.226646536Z: [    1.368406] wmi: Mapper loaded
[STDERR  ] 2017-12-01T16:15:45.226658871Z: [    1.369943] PCI: Using ACPI for IRQ routing
[STDERR  ] 2017-12-01T16:15:45.226670692Z: [    1.400456] NetLabel: Initializing
[STDERR  ] 2017-12-01T16:15:45.226682632Z: [    1.400729] NetLabel:  domain hash size = 128
[STDERR  ] 2017-12-01T16:15:45.226694387Z: [    1.401012] NetLabel:  protocols = UNLABELED CIPSOv4
[STDERR  ] 2017-12-01T16:15:45.226707127Z: [    1.403792] NetLabel:  unlabeled traffic allowed by default
[STDERR  ] 2017-12-01T16:15:45.226719638Z: [    1.404977] HPET: 3 timers in total, 0 timers will be used for per-cpu timer
[STDERR  ] 2017-12-01T16:15:45.226731765Z: [    1.405880] hpet0: at MMIO 0xfed00000, IRQs 2, 8, 0
[STDERR  ] 2017-12-01T16:15:45.226743469Z: [    1.406407] hpet0: 3 comparators, 64-bit 100.000000 MHz counter
[STDERR  ] 2017-12-01T16:15:45.226755136Z: [    1.412501] clocksource: Switched to clocksource hpet
[STDERR  ] 2017-12-01T16:15:45.226766704Z: [    1.853036] VFS: Disk quotas dquot_6.6.0
[STDERR  ] 2017-12-01T16:15:45.226778291Z: [    1.853951] VFS: Dquot-cache hash table entries: 512 (order 0, 4096 bytes)
[STDERR  ] 2017-12-01T16:15:45.226790077Z: [    1.857968] FS-Cache: Loaded
[STDERR  ] 2017-12-01T16:15:45.22680296Z: [    1.866293] CacheFiles: Loaded
[STDERR  ] 2017-12-01T16:15:45.226816127Z: [    1.868745] pnp: PnP ACPI init
[STDERR  ] 2017-12-01T16:15:45.226828204Z: [    1.887342] pnp: PnP ACPI: found 5 devices
[STDERR  ] 2017-12-01T16:15:45.226844933Z: [    1.966934] clocksource: acpi_pm: mask: 0xffffff max_cycles: 0xffffff, max_idle_ns: 2085701024 ns
[STDERR  ] 2017-12-01T16:15:45.226858222Z: [    1.971353] NET: Registered protocol family 2
[STDERR  ] 2017-12-01T16:15:45.226870181Z: [    1.985839] TCP established hash table entries: 8192 (order: 4, 65536 bytes)
[STDERR  ] 2017-12-01T16:15:45.226881921Z: [    1.986882] TCP bind hash table entries: 8192 (order: 5, 131072 bytes)
[STDERR  ] 2017-12-01T16:15:45.22690054Z: [    1.988057] TCP: Hash tables configured (established 8192 bind 8192)
[STDERR  ] 2017-12-01T16:15:45.226912428Z: [    1.991286] UDP hash table entries: 512 (order: 2, 16384 bytes)
[STDERR  ] 2017-12-01T16:15:45.226924129Z: [    1.992020] UDP-Lite hash table entries: 512 (order: 2, 16384 bytes)
[STDERR  ] 2017-12-01T16:15:45.226939538Z: [    1.995784] NET: Registered protocol family 1
[STDERR  ] 2017-12-01T16:15:45.226951912Z: [    1.997100] pci 0000:00:01.0: Video device with shadowed ROM at [mem 0x000c0000-0x000dffff]
[STDERR  ] 2017-12-01T16:15:45.226964082Z: [    2.009200] Unpacking initramfs...
[STDERR  ] 2017-12-01T16:15:45.226976786Z: [   11.019926] Freeing initrd memory: 32564K
[STDERR  ] 2017-12-01T16:15:45.226992934Z: [   11.059325] PCLMULQDQ-NI instructions are not detected.
[STDERR  ] 2017-12-01T16:15:45.227004598Z: [   11.062310] AVX or AES-NI instructions are not detected.
[STDERR  ] 2017-12-01T16:15:45.227016462Z: [   11.062795] CPU feature 'AVX registers' is not supported.
[STDERR  ] 2017-12-01T16:15:45.227028075Z: [   11.063254] CPU feature 'AVX registers' is not supported.
[STDERR  ] 2017-12-01T16:15:45.227039975Z: [   11.063668] CPU feature 'AVX registers' is not supported.
[STDERR  ] 2017-12-01T16:15:45.227051473Z: [   11.064094] CPU feature 'AVX registers' is not supported.
[STDERR  ] 2017-12-01T16:15:45.227063062Z: [   11.064501] AVX2 or AES-NI instructions are not detected.
[STDERR  ] 2017-12-01T16:15:45.227074504Z: [   11.064921] AVX2 instructions are not detected.
[STDERR  ] 2017-12-01T16:15:45.227086179Z: [   11.075040] audit: initializing netlink subsys (disabled)
[STDERR  ] 2017-12-01T16:15:45.227097719Z: [   11.077398] audit: type=2000 audit(1512144899.070:1): initialized
[STDERR  ] 2017-12-01T16:15:45.227109567Z: [   11.089190] workingset: timestamp_bits=46 max_order=18 bucket_order=0
[STDERR  ] 2017-12-01T16:15:45.227121542Z: [   11.102449] squashfs: version 4.0 (2009/01/31) Phillip Lougher
[STDERR  ] 2017-12-01T16:15:45.227134872Z: [   11.116423] FS-Cache: Netfs 'cifs' registered for caching
[STDERR  ] 2017-12-01T16:15:45.22714717Z: [   11.117796] fuse init (API version 7.26)
[STDERR  ] 2017-12-01T16:15:45.227159221Z: [   11.121493] SGI XFS with ACLs, security attributes, no debug enabled
[STDERR  ] 2017-12-01T16:15:45.22717111Z: [   11.127326] 9p: Installing v9fs 9p2000 file system support
[STDERR  ] 2017-12-01T16:15:45.227182831Z: [   11.127754] FS-Cache: Netfs '9p' registered for caching
[STDERR  ] 2017-12-01T16:15:45.227194341Z: [   11.194119] NET: Registered protocol family 38
[STDERR  ] 2017-12-01T16:15:45.227206163Z: [   11.194719] Key type asymmetric registered
[STDERR  ] 2017-12-01T16:15:45.227217447Z: [   11.195008] Asymmetric key parser 'x509' registered
[STDERR  ] 2017-12-01T16:15:45.227229106Z: [   11.195915] Block layer SCSI generic (bsg) driver version 0.4 loaded (major 251)
[STDERR  ] 2017-12-01T16:15:45.227241045Z: [   11.197410] io scheduler noop registered
[STDERR  ] 2017-12-01T16:15:45.227252593Z: [   11.197671] io scheduler deadline registered (default)
[STDERR  ] 2017-12-01T16:15:45.227264031Z: [   11.198586] io scheduler cfq registered
[STDERR  ] 2017-12-01T16:15:45.227276164Z: [   11.203266] pci_hotplug: PCI Hot Plug PCI Core version: 0.5
[STDERR  ] 2017-12-01T16:15:45.227288419Z: [   11.203841] pciehp: PCI Express Hot Plug Controller Driver version: 0.4
[STDERR  ] 2017-12-01T16:15:45.227301146Z: [   11.204713] shpchp: Standard Hot Plug PCI Controller Driver version: 0.4
[STDERR  ] 2017-12-01T16:15:45.227313143Z: [   11.205558] hv_vmbus: registering driver hyperv_fb
[STDERR  ] 2017-12-01T16:15:45.227325077Z: [   11.210888] input: Power Button as /devices/LNXSYSTM:00/LNXPWRBN:00/input/input0
[STDERR  ] 2017-12-01T16:15:45.227336721Z: [   11.212170] ACPI: Power Button [PWRF]
[STDERR  ] 2017-12-01T16:15:45.227349321Z: [   11.219576] GHES: HEST is not enabled!
[STDERR  ] 2017-12-01T16:15:45.227389899Z: [   11.239443] ACPI: PCI Interrupt Link [GSIG] enabled at IRQ 22
[STDERR  ] 2017-12-01T16:15:45.227408576Z: [   11.277980] ACPI: PCI Interrupt Link [GSIH] enabled at IRQ 23
[STDERR  ] 2017-12-01T16:15:45.227420679Z: [   11.295026] xenfs: not registering filesystem on non-xen platform
[STDERR  ] 2017-12-01T16:15:45.227432542Z: [   11.299202] Serial: 8250/16550 driver, 4 ports, IRQ sharing disabled
[STDERR  ] 2017-12-01T16:15:45.227445967Z: [   11.337490] 00:04: ttyS0 at I/O 0x3f8 (irq = 4, base_baud = 115200) is a 16550A
[STDERR  ] 2017-12-01T16:15:45.22745875Z: [   11.356880] Non-volatile memory driver v1.3
[STDERR  ] 2017-12-01T16:15:45.227468862Z: [   11.366873] Hangcheck: starting hangcheck timer 0.9.1 (tick is 180 seconds, margin is 60 seconds).
[STDERR  ] 2017-12-01T16:15:45.227479943Z: [   11.370839] random: fast init done
[STDERR  ] 2017-12-01T16:15:45.227507673Z: [   11.372379] random: crng init done
[STDERR  ] 2017-12-01T16:15:45.227521067Z: [   11.432109] loop: module loaded
[STDERR  ] 2017-12-01T16:15:45.227533408Z: [   11.463856] nbd: registered device at major 43
[STDERR  ] 2017-12-01T16:15:45.227545357Z: [   11.544566] lpc_ich 0000:00:1f.0: I/O space for GPIO uninitialized
[STDERR  ] 2017-12-01T16:15:45.227557293Z: [   11.547164] VMware PVSCSI driver - version 1.0.7.0-k
[STDERR  ] 2017-12-01T16:15:45.227569493Z: [   11.548238] hv_vmbus: registering driver hv_storvsc
[STDERR  ] 2017-12-01T16:15:45.227580762Z: [   11.564312] ACPI: PCI Interrupt Link [GSIA] enabled at IRQ 16
[STDERR  ] 2017-12-01T16:15:45.22759183Z: [   11.574478] ahci 0000:00:1f.2: AHCI 0001.0000 32 slots 6 ports 1.5 Gbps 0x3f impl SATA mode
[STDERR  ] 2017-12-01T16:15:45.227603487Z: [   11.575577] ahci 0000:00:1f.2: flags: 64bit ncq only 
[STDERR  ] 2017-12-01T16:15:45.227614853Z: [   11.608006] scsi host0: ahci
[STDERR  ] 2017-12-01T16:15:45.227626328Z: [   11.613928] scsi host1: ahci
[STDERR  ] 2017-12-01T16:15:45.227637226Z: [   11.617344] scsi host2: ahci
[STDERR  ] 2017-12-01T16:15:45.227648703Z: [   11.621212] scsi host3: ahci
[STDERR  ] 2017-12-01T16:15:45.227659509Z: [   11.625041] scsi host4: ahci
[STDERR  ] 2017-12-01T16:15:45.227670788Z: [   11.628390] scsi host5: ahci
[STDERR  ] 2017-12-01T16:15:45.227683093Z: [   11.631375] ata1: SATA max UDMA/133 abar m4096@0xfebd2000 port 0xfebd2100 irq 24
[STDERR  ] 2017-12-01T16:15:45.227694954Z: [   11.632315] ata2: SATA max UDMA/133 abar m4096@0xfebd2000 port 0xfebd2180 irq 24
[STDERR  ] 2017-12-01T16:15:45.227710445Z: [   11.633064] ata3: SATA max UDMA/133 abar m4096@0xfebd2000 port 0xfebd2200 irq 24
[STDERR  ] 2017-12-01T16:15:45.227721997Z: [   11.633848] ata4: SATA max UDMA/133 abar m4096@0xfebd2000 port 0xfebd2280 irq 24
[STDERR  ] 2017-12-01T16:15:45.227733489Z: [   11.634597] ata5: SATA max UDMA/133 abar m4096@0xfebd2000 port 0xfebd2300 irq 24
[STDERR  ] 2017-12-01T16:15:45.227744587Z: [   11.635339] ata6: SATA max UDMA/133 abar m4096@0xfebd2000 port 0xfebd2380 irq 24
[STDERR  ] 2017-12-01T16:15:45.227758751Z: [   11.656635] tun: Universal TUN/TAP device driver, 1.6
[STDERR  ] 2017-12-01T16:15:45.227770103Z: [   11.657220] tun: (C) 1999-2004 Max Krasnyansky <maxk@qualcomm.com>
[STDERR  ] 2017-12-01T16:15:45.227781095Z: [   11.673190] VMware vmxnet3 virtual NIC driver - version 1.4.a.0-k-NAPI
[STDERR  ] 2017-12-01T16:15:45.227791961Z: [   11.674505] hv_vmbus: registering driver hv_netvsc
[STDERR  ] 2017-12-01T16:15:45.227802361Z: [   11.675053] Fusion MPT base driver 3.04.20
[STDERR  ] 2017-12-01T16:15:45.227813192Z: [   11.675485] Copyright (c) 1999-2008 LSI Corporation
[STDERR  ] 2017-12-01T16:15:45.227823913Z: [   11.676323] Fusion MPT SPI Host driver 3.04.20
[STDERR  ] 2017-12-01T16:15:45.227834879Z: [   11.679474] i8042: PNP: PS/2 Controller [PNP0303:KBD,PNP0f13:MOU] at 0x60,0x64 irq 1,12
[STDERR  ] 2017-12-01T16:15:45.227847694Z: [   11.686126] serio: i8042 KBD port at 0x60,0x64 irq 1
[STDERR  ] 2017-12-01T16:15:45.22786016Z: [   11.687046] serio: i8042 AUX port at 0x60,0x64 irq 12
[STDERR  ] 2017-12-01T16:15:45.227871388Z: [   11.690774] hv_vmbus: registering driver hyperv_keyboard
[STDERR  ] 2017-12-01T16:15:45.227882708Z: [   11.695165] mousedev: PS/2 mouse device common for all mice
[STDERR  ] 2017-12-01T16:15:45.22789898Z: [   11.702997] input: AT Translated Set 2 keyboard as /devices/platform/i8042/serio0/input/input1
[STDERR  ] 2017-12-01T16:15:45.227915553Z: [   11.707639] input: PC Speaker as /devices/platform/pcspkr/input/input2
[STDERR  ] 2017-12-01T16:15:45.227927557Z: [   11.713411] rtc_cmos 00:00: RTC can wake from S4
[STDERR  ] 2017-12-01T16:15:45.227939385Z: [   11.719651] rtc_cmos 00:00: rtc core: registered rtc_cmos as rtc0
[STDERR  ] 2017-12-01T16:15:45.227950327Z: [   11.721853] rtc_cmos 00:00: alarms up to one day, y3k, 114 bytes nvram, hpet irqs
[STDERR  ] 2017-12-01T16:15:45.227962424Z: [   11.722946] i2c /dev entries driver
[STDERR  ] 2017-12-01T16:15:45.227974359Z: [   11.726027] device-mapper: ioctl: 4.35.0-ioctl (2016-06-23) initialised: dm-devel@redhat.com
[STDERR  ] 2017-12-01T16:15:45.227994173Z: [   11.734251] usbcore: registered new interface driver usbhid
[STDERR  ] 2017-12-01T16:15:45.228007262Z: [   11.734919] usbhid: USB HID core driver
[STDERR  ] 2017-12-01T16:15:45.228019782Z: [   11.735801] hv_utils: Registering HyperV Utility Driver
[STDERR  ] 2017-12-01T16:15:45.228031643Z: [   11.736391] hv_vmbus: registering driver hv_util
[STDERR  ] 2017-12-01T16:15:45.228045263Z: [   11.736918] hv_vmbus: registering driver hv_balloon
[STDERR  ] 2017-12-01T16:15:45.228057138Z: [   11.738066] oprofile: using NMI interrupt.
[STDERR  ] 2017-12-01T16:15:45.228068793Z: [   11.739660] GACT probability on
[STDERR  ] 2017-12-01T16:15:45.228080766Z: [   11.740720] Mirror/redirect action on
[STDERR  ] 2017-12-01T16:15:45.228092667Z: [   11.742098] Simple TC action Loaded
[STDERR  ] 2017-12-01T16:15:45.228104145Z: [   11.743010] u32 classifier
[STDERR  ] 2017-12-01T16:15:45.228116125Z: [   11.744862]     Performance counters on
[STDERR  ] 2017-12-01T16:15:45.228128133Z: [   11.745139]     input device check on
[STDERR  ] 2017-12-01T16:15:45.228139391Z: [   11.745424]     Actions configured
[STDERR  ] 2017-12-01T16:15:45.228151428Z: [   11.745964] Netfilter messages via NETLINK v0.30.
[STDERR  ] 2017-12-01T16:15:45.228166018Z: [   11.746534] nfnl_acct: registering with nfnetlink.
[STDERR  ] 2017-12-01T16:15:45.228178604Z: [   11.748510] nf_conntrack version 0.5.0 (8192 buckets, 32768 max)
[STDERR  ] 2017-12-01T16:15:45.228191221Z: [   11.754856] ctnetlink v0.93: registering with nfnetlink.
[STDERR  ] 2017-12-01T16:15:45.228202919Z: [   11.759981] nf_tables: (c) 2007-2009 Patrick McHardy <kaber@trash.net>
[STDERR  ] 2017-12-01T16:15:45.228214285Z: [   11.761827] nf_tables_compat: (c) 2012 Pablo Neira Ayuso <pablo@netfilter.org>
[STDERR  ] 2017-12-01T16:15:45.228225667Z: [   11.765749] xt_time: kernel timezone is -0000
[STDERR  ] 2017-12-01T16:15:45.228236641Z: [   11.766636] ip_set: protocol 6
[STDERR  ] 2017-12-01T16:15:45.228248899Z: [   11.767670] IPVS: Registered protocols (TCP, UDP, SCTP, AH, ESP)
[STDERR  ] 2017-12-01T16:15:45.228261009Z: [   11.768606] IPVS: Connection hash table configured (size=4096, memory=64Kbytes)
[STDERR  ] 2017-12-01T16:15:45.228274373Z: [   11.771885] IPVS: Creating netns size=2104 id=0
[STDERR  ] 2017-12-01T16:15:45.228285131Z: [   11.776828] IPVS: ipvs loaded.
[STDERR  ] 2017-12-01T16:15:45.228296441Z: [   11.777393] IPVS: [rr] scheduler registered.
[STDERR  ] 2017-12-01T16:15:45.228307958Z: [   11.778203] IPVS: [wrr] scheduler registered.
[STDERR  ] 2017-12-01T16:15:45.228319314Z: [   11.778782] IPVS: [lc] scheduler registered.
[STDERR  ] 2017-12-01T16:15:45.228330649Z: [   11.779260] IPVS: [wlc] scheduler registered.
[STDERR  ] 2017-12-01T16:15:45.228341494Z: [   11.779744] IPVS: [fo] scheduler registered.
[STDERR  ] 2017-12-01T16:15:45.228353161Z: [   11.780718] IPVS: [ovf] scheduler registered.
[STDERR  ] 2017-12-01T16:15:45.228364707Z: [   11.781406] IPVS: [lblc] scheduler registered.
[STDERR  ] 2017-12-01T16:15:45.228376477Z: [   11.782068] IPVS: [lblcr] scheduler registered.
[STDERR  ] 2017-12-01T16:15:45.228387379Z: [   11.782611] IPVS: [dh] scheduler registered.
[STDERR  ] 2017-12-01T16:15:45.228397934Z: [   11.783093] IPVS: [sh] scheduler registered.
[STDERR  ] 2017-12-01T16:15:45.228416251Z: [   11.783618] IPVS: [sed] scheduler registered.
[STDERR  ] 2017-12-01T16:15:45.228427776Z: [   11.784100] IPVS: [nq] scheduler registered.
[STDERR  ] 2017-12-01T16:15:45.228439176Z: [   11.785683] IPVS: ftp: loaded support on port[0] = 21
[STDERR  ] 2017-12-01T16:15:45.22845096Z: [   11.787237] ipip: IPv4 and MPLS over IPv4 tunneling driver
[STDERR  ] 2017-12-01T16:15:45.22846335Z: [   11.794326] gre: GRE over IPv4 demultiplexor driver
[STDERR  ] 2017-12-01T16:15:45.228474344Z: [   11.798826] ip_tables: (C) 2000-2006 Netfilter Core Team
[STDERR  ] 2017-12-01T16:15:45.228485365Z: [   11.804627] ipt_CLUSTERIP: ClusterIP Version 0.8 loaded successfully
[STDERR  ] 2017-12-01T16:15:45.228502186Z: [   11.805746] arp_tables: arp_tables: (C) 2002 David S. Miller
[STDERR  ] 2017-12-01T16:15:45.22851443Z: [   11.809457] NET: Registered protocol family 10
[STDERR  ] 2017-12-01T16:15:45.228526251Z: [   11.833052] ip6_tables: (C) 2000-2006 Netfilter Core Team
[STDERR  ] 2017-12-01T16:15:45.228544409Z: [   11.846905] NET: Registered protocol family 17
[STDERR  ] 2017-12-01T16:15:45.228559572Z: [   11.848526] Bridge firewalling registered
[STDERR  ] 2017-12-01T16:15:45.228570823Z: [   11.849337] Ebtables v2.0 registered
[STDERR  ] 2017-12-01T16:15:45.228581807Z: [   11.852831] 8021q: 802.1Q VLAN Support v1.8
[STDERR  ] 2017-12-01T16:15:45.228593111Z: [   11.855269] 9pnet: Installing 9P2000 support
[STDERR  ] 2017-12-01T16:15:45.228606139Z: [   11.857574] Key type dns_resolver registered
[STDERR  ] 2017-12-01T16:15:45.228617304Z: [   11.858942] microcode: AMD CPU family 0x6 not supported
[STDERR  ] 2017-12-01T16:15:45.228628354Z: [   11.865815] registered taskstats version 1
[STDERR  ] 2017-12-01T16:15:45.22863919Z: [   11.974706] ata3: SATA link up 1.5 Gbps (SStatus 113 SControl 300)
[STDERR  ] 2017-12-01T16:15:45.228650784Z: [   11.982151] ata3.00: ATAPI: QEMU DVD-ROM, 2.5+, max UDMA/100
[STDERR  ] 2017-12-01T16:15:45.228662559Z: [   11.982933] ata3.00: applying bridge limits
[STDERR  ] 2017-12-01T16:15:45.228674555Z: [   11.985008] ata4: SATA link down (SStatus 0 SControl 300)
[STDERR  ] 2017-12-01T16:15:45.228685635Z: [   11.987221] ata2: SATA link down (SStatus 0 SControl 300)
[STDERR  ] 2017-12-01T16:15:45.228697637Z: [   11.987961] ata1: SATA link up 1.5 Gbps (SStatus 113 SControl 300)
[STDERR  ] 2017-12-01T16:15:45.228710229Z: [   11.989448] ata1.00: ATA-7: QEMU HARDDISK, 2.5+, max UDMA/100
[STDERR  ] 2017-12-01T16:15:45.228722098Z: [   11.990127] ata1.00: 1048576 sectors, multi 16: LBA48 NCQ (depth 31/32)
[STDERR  ] 2017-12-01T16:15:45.228734399Z: [   11.991201] ata1.00: applying bridge limits
[STDERR  ] 2017-12-01T16:15:45.22874603Z: [   11.991914] ata6: SATA link down (SStatus 0 SControl 300)
[STDERR  ] 2017-12-01T16:15:45.228757664Z: [   11.992650] ata5: SATA link down (SStatus 0 SControl 300)
[STDERR  ] 2017-12-01T16:15:45.228769434Z: [   12.002972] ata1.00: configured for UDMA/100
[STDERR  ] 2017-12-01T16:15:45.228780834Z: [   12.011767] ata3.00: configured for UDMA/100
[STDERR  ] 2017-12-01T16:15:45.228792615Z: [   12.038147] scsi 0:0:0:0: Direct-Access     ATA      QEMU HARDDISK    2.5+ PQ: 0 ANSI: 5
[STDERR  ] 2017-12-01T16:15:45.228805181Z: [   12.064062] sd 0:0:0:0: [sda] 1048576 512-byte logical blocks: (537 MB/512 MiB)
[STDERR  ] 2017-12-01T16:15:45.228818377Z: [   12.066475] sd 0:0:0:0: Attached scsi generic sg0 type 0
[STDERR  ] 2017-12-01T16:15:45.228830118Z: [   12.081963] tsc: Refined TSC clocksource calibration: 2300.038 MHz
[STDERR  ] 2017-12-01T16:15:45.228841727Z: [   12.082787] clocksource: tsc: mask: 0xffffffffffffffff max_cycles: 0x212759179c6, max_idle_ns: 440795240051 ns
[STDERR  ] 2017-12-01T16:15:45.228853296Z: [   12.089182] scsi 2:0:0:0: CD-ROM            QEMU     QEMU DVD-ROM     2.5+ PQ: 0 ANSI: 5
[STDERR  ] 2017-12-01T16:15:45.228866291Z: [   12.091000] sd 0:0:0:0: [sda] Write Protect is off
[STDERR  ] 2017-12-01T16:15:45.228878424Z: [   12.098081] sd 0:0:0:0: [sda] Write cache: enabled, read cache: enabled, doesn't support DPO or FUA
[STDERR  ] 2017-12-01T16:15:45.228896195Z: [   12.115087] sr 2:0:0:0: [sr0] scsi3-mmc drive: 4x/4x cd/rw xa/form2 tray
[STDERR  ] 2017-12-01T16:15:45.228907779Z: [   12.116118] cdrom: Uniform CD-ROM driver Revision: 3.20
[STDERR  ] 2017-12-01T16:15:45.228919843Z: [   12.152858]  sda: sda1
[STDERR  ] 2017-12-01T16:15:45.228931962Z: [   12.153999] sr 2:0:0:0: Attached scsi generic sg1 type 5
[STDERR  ] 2017-12-01T16:15:45.228943669Z: [   12.195831] sd 0:0:0:0: [sda] Attached SCSI disk
[STDERR  ] 2017-12-01T16:15:45.228955242Z: [   12.311362] Key type big_key registered
[STDERR  ] 2017-12-01T16:15:45.22896992Z: [   12.489046] Key type encrypted registered
[STDERR  ] 2017-12-01T16:15:45.228981659Z: [   12.496172] rtc_cmos 00:00: setting system clock to 2017-12-01 16:15:01 UTC (1512144901)
[STDERR  ] 2017-12-01T16:15:45.228997708Z: [   12.762700] Freeing unused kernel memory: 1380K
[STDERR  ] 2017-12-01T16:15:45.229009386Z: [   12.763397] Write protecting the kernel read-only data: 12288k
[STDERR  ] 2017-12-01T16:15:45.229021222Z: [   12.773492] Freeing unused kernel memory: 128K
[STDERR  ] 2017-12-01T16:15:45.229033638Z: [   12.958890] Freeing unused kernel memory: 1396K
[STDERR  ] 2017-12-01T16:15:45.229045378Z: [   13.095021] clocksource: Switched to clocksource tsc
[STDERR  ] 2017-12-01T16:15:45.229056928Z: 
[STDERR  ] 2017-12-01T16:15:45.22906857Z: Welcome to LinuxKit
[STDERR  ] 2017-12-01T16:15:45.229080481Z: 
[STDERR  ] 2017-12-01T16:15:45.229092048Z:                         ##         .
[STDERR  ] 2017-12-01T16:15:45.229103568Z:                   ## ## ##        ==
[STDERR  ] 2017-12-01T16:15:45.22911522Z:                ## ## ## ## ##    ===
[STDERR  ] 2017-12-01T16:15:45.229126857Z:            /"""""""""""""""""\___/ ===
[STDERR  ] 2017-12-01T16:15:45.22913847Z:           {                       /  ===-
[STDERR  ] 2017-12-01T16:15:45.22914995Z:            \______ O           __/
[STDERR  ] 2017-12-01T16:15:45.229161493Z:              \    \         __/
[STDERR  ] 2017-12-01T16:15:45.229172991Z:               \____\_______/
[STDERR  ] 2017-12-01T16:15:45.22918474Z: 
[STDERR  ] 2017-12-01T16:15:45.229197031Z: [   32.516498] IPVS: Creating netns size=2104 id=1
[STDERR  ] 2017-12-01T16:15:45.229208731Z: [   32.517310] IPVS: ftp: loaded support on port[0] = 21
[STDERR  ] 2017-12-01T16:15:45.229220388Z: [   34.552576]  sda:
[STDERR  ] 2017-12-01T16:15:45.229232287Z: [   34.695782]  sda:
[STDERR  ] 2017-12-01T16:15:45.229244206Z: [   34.743036]  sda: sda1
[STDERR  ] 2017-12-01T16:15:45.229256038Z: [   34.882967]  sda: sda1
[STDERR  ] 2017-12-01T16:15:45.22926748Z: [   35.003009]  sda: sda1
[STDERR  ] 2017-12-01T16:15:45.229278967Z: [   36.971780] XFS (sda1): Mounting V5 Filesystem
[STDERR  ] 2017-12-01T16:15:45.229290556Z: [   37.017927] XFS (sda1): Starting recovery (logdev: internal)
[STDERR  ] 2017-12-01T16:15:45.229302433Z: [   37.051141] XFS (sda1): Ending recovery (logdev: internal)
[STDERR  ] 2017-12-01T16:15:45.22931647Z: [   37.265400] XFS (sda1): Unmounting Filesystem
[STDERR  ] 2017-12-01T16:15:45.229328226Z: 2017/12/01 16:15:25 Successfully resized /dev/sda
[STDERR  ] 2017-12-01T16:15:45.229339639Z: [   39.036923] IPVS: Creating netns size=2104 id=2
[STDERR  ] 2017-12-01T16:15:45.229351622Z: [   39.037614] IPVS: ftp: loaded support on port[0] = 21
[STDERR  ] 2017-12-01T16:15:45.229366763Z: [   41.132992] FAT-fs (sda1): utf8 is not a recommended IO charset for FAT filesystems, filesystem will be case sensitive!
[STDERR  ] 2017-12-01T16:15:45.22937885Z: [   41.139071] FAT-fs (sda1): utf8 is not a recommended IO charset for FAT filesystems, filesystem will be case sensitive!
[STDERR  ] 2017-12-01T16:15:45.229390544Z: [   41.146150] mount: sending ioctl 5310 to a partition!
[STDERR  ] 2017-12-01T16:15:45.229402079Z: [   41.194098] mount: sending ioctl 5310 to a partition!
[STDERR  ] 2017-12-01T16:15:45.229413704Z: [   41.196007] UDF-fs: warning (device sda1): udf_fill_super: No partition found (2)
[STDERR  ] 2017-12-01T16:15:45.229426122Z: [   41.208932] XFS (sda1): Mounting V5 Filesystem
[STDERR  ] 2017-12-01T16:15:45.229445241Z: [   41.239721] XFS (sda1): Ending clean mount
[STDERR  ] 2017-12-01T16:15:45.229456855Z: + [ -f /var/lib/docker/bar ]
[STDERR  ] 2017-12-01T16:15:45.229473565Z: + touch /var/lib/docker/foo
[STDERR  ] 2017-12-01T16:15:45.229485663Z: + grep -qE [4-5][0-9]{2}\.[0-9]{1,}M
[STDERR  ] 2017-12-01T16:15:45.229497242Z: + df -h
[STDERR  ] 2017-12-01T16:15:45.229509949Z: + printf extend test suite PASSED\n
[STDERR  ] 2017-12-01T16:15:45.229522465Z: extend test suite PASSED
[STDERR  ] 2017-12-01T16:15:45.229534223Z: [   55.634890] sd 0:0:0:0: [sda] Synchronizing SCSI cache
[STDERR  ] 2017-12-01T16:15:45.229545681Z: [   55.635658] sd 0:0:0:0: [sda] Stopping disk
[STDERR  ] 2017-12-01T16:15:45.229557396Z: [   55.638568] ACPI: Preparing to enter system sleep state S5
[STDERR  ] 2017-12-01T16:15:45.229573711Z: [   55.639643] reboot: Power down
[STDERR  ] 2017-12-01T16:15:45.229586041Z: + echo [    0.000000] Linux version 4.9.65-linuxkit (root@c78110dc0cc9) (gcc version 6.3.0 (Alpine 6.3.0) ) #1 SMP Fri Nov 24 15:20:57 UTC 2017
[STDERR  ] 2017-12-01T16:15:45.229598033Z: [    0.000000] Command line: console=ttyS0
[STDERR  ] 2017-12-01T16:15:45.229609586Z: [    0.000000] x86/fpu: Legacy x87 FPU detected.
[STDERR  ] 2017-12-01T16:15:45.229621294Z: [    0.000000] x86/fpu: Using 'eager' FPU context switches.
[STDERR  ] 2017-12-01T16:15:45.229632958Z: [    0.000000] e820: BIOS-provided physical RAM map:
[STDERR  ] 2017-12-01T16:15:45.229644555Z: [    0.000000] BIOS-e820: [mem 0x0000000000000000-0x000000000009fbff] usable
[STDERR  ] 2017-12-01T16:15:45.229656381Z: [    0.000000] BIOS-e820: [mem 0x000000000009fc00-0x000000000009ffff] reserved
[STDERR  ] 2017-12-01T16:15:45.229668355Z: [    0.000000] BIOS-e820: [mem 0x00000000000f0000-0x00000000000fffff] reserved
[STDERR  ] 2017-12-01T16:15:45.229681612Z: [    0.000000] BIOS-e820: [mem 0x0000000000100000-0x000000003ffdefff] usable
[STDERR  ] 2017-12-01T16:15:45.229694092Z: [    0.000000] BIOS-e820: [mem 0x000000003ffdf000-0x000000003fffffff] reserved
[STDERR  ] 2017-12-01T16:15:45.229705979Z: [    0.000000] BIOS-e820: [mem 0x00000000b0000000-0x00000000bfffffff] reserved
[STDERR  ] 2017-12-01T16:15:45.229717769Z: [    0.000000] BIOS-e820: [mem 0x00000000fed1c000-0x00000000fed1ffff] reserved
[STDERR  ] 2017-12-01T16:15:45.229730302Z: [    0.000000] BIOS-e820: [mem 0x00000000fffc0000-0x00000000ffffffff] reserved
[STDERR  ] 2017-12-01T16:15:45.229742302Z: [    0.000000] NX (Execute Disable) protection: active
[STDERR  ] 2017-12-01T16:15:45.229753854Z: [    0.000000] SMBIOS 2.8 present.
[STDERR  ] 2017-12-01T16:15:45.229765616Z: [    0.000000] e820: last_pfn = 0x3ffdf max_arch_pfn = 0x400000000
[STDERR  ] 2017-12-01T16:15:45.229777272Z: [    0.000000] x86/PAT: Configuration [0-7]: WB  WC  UC- UC  WB  WC  UC- WT  
[STDERR  ] 2017-12-01T16:15:45.229789545Z: [    0.000000] found SMP MP-table at [mem 0x000f6aa0-0x000f6aaf] mapped at [ffff97fa000f6aa0]
[STDERR  ] 2017-12-01T16:15:45.229801812Z: [    0.000000] RAMDISK: [mem 0x3e003000-0x3ffcffff]
[STDERR  ] 2017-12-01T16:15:45.229813381Z: [    0.000000] ACPI: Early table checksum verification disabled
[STDERR  ] 2017-12-01T16:15:45.229825122Z: [    0.000000] ACPI: RSDP 0x00000000000F68C0 000014 (v00 BOCHS )
[STDERR  ] 2017-12-01T16:15:45.229837325Z: [    0.000000] ACPI: RSDT 0x000000003FFE2404 000034 (v01 BOCHS  BXPCRSDT 00000001 BXPC 00000001)
[STDERR  ] 2017-12-01T16:15:45.229849983Z: [    0.000000] ACPI: FACP 0x000000003FFE22A4 000074 (v01 BOCHS  BXPCFACP 00000001 BXPC 00000001)
[STDERR  ] 2017-12-01T16:15:45.22986204Z: [    0.000000] ACPI: DSDT 0x000000003FFE0040 002264 (v01 BOCHS  BXPCDSDT 00000001 BXPC 00000001)
[STDERR  ] 2017-12-01T16:15:45.229874619Z: [    0.000000] ACPI: FACS 0x000000003FFE0000 000040
[STDERR  ] 2017-12-01T16:15:45.229886198Z: [    0.000000] ACPI: APIC 0x000000003FFE2318 000078 (v01 BOCHS  BXPCAPIC 00000001 BXPC 00000001)
[STDERR  ] 2017-12-01T16:15:45.229898045Z: [    0.000000] ACPI: HPET 0x000000003FFE2390 000038 (v01 BOCHS  BXPCHPET 00000001 BXPC 00000001)
[STDERR  ] 2017-12-01T16:15:45.22990928Z: [    0.000000] ACPI: MCFG 0x000000003FFE23C8 00003C (v01 BOCHS  BXPCMCFG 00000001 BXPC 00000001)
[STDERR  ] 2017-12-01T16:15:45.229926301Z: [    0.000000] Zone ranges:
[STDERR  ] 2017-12-01T16:15:45.229938024Z: [    0.000000]   DMA      [mem 0x0000000000001000-0x0000000000ffffff]
[STDERR  ] 2017-12-01T16:15:45.229949895Z: [    0.000000]   DMA32    [mem 0x0000000001000000-0x000000003ffdefff]
[STDERR  ] 2017-12-01T16:15:45.229961152Z: [    0.000000]   Normal   empty
[STDERR  ] 2017-12-01T16:15:45.229973007Z: [    0.000000] Movable zone start for each node
[STDERR  ] 2017-12-01T16:15:45.2299843Z: [    0.000000] Early memory node ranges
[STDERR  ] 2017-12-01T16:15:45.229996084Z: [    0.000000]   node   0: [mem 0x0000000000001000-0x000000000009efff]
[STDERR  ] 2017-12-01T16:15:45.230013474Z: [    0.000000]   node   0: [mem 0x0000000000100000-0x000000003ffdefff]
[STDERR  ] 2017-12-01T16:15:45.230026038Z: [    0.000000] Initmem setup node 0 [mem 0x0000000000001000-0x000000003ffdefff]
[STDERR  ] 2017-12-01T16:15:45.230037536Z: [    0.000000] ACPI: PM-Timer IO Port: 0x608
[STDERR  ] 2017-12-01T16:15:45.230048474Z: [    0.000000] ACPI: LAPIC_NMI (acpi_id[0xff] dfl dfl lint[0x1])
[STDERR  ] 2017-12-01T16:15:45.230059284Z: [    0.000000] IOAPIC[0]: apic_id 0, version 32, address 0xfec00000, GSI 0-23
[STDERR  ] 2017-12-01T16:15:45.230070727Z: [    0.000000] ACPI: INT_SRC_OVR (bus 0 bus_irq 0 global_irq 2 dfl dfl)
[STDERR  ] 2017-12-01T16:15:45.230082928Z: [    0.000000] ACPI: INT_SRC_OVR (bus 0 bus_irq 5 global_irq 5 high level)
[STDERR  ] 2017-12-01T16:15:45.230095053Z: [    0.000000] ACPI: INT_SRC_OVR (bus 0 bus_irq 9 global_irq 9 high level)
[STDERR  ] 2017-12-01T16:15:45.230110346Z: [    0.000000] ACPI: INT_SRC_OVR (bus 0 bus_irq 10 global_irq 10 high level)
[STDERR  ] 2017-12-01T16:15:45.230122614Z: [    0.000000] ACPI: INT_SRC_OVR (bus 0 bus_irq 11 global_irq 11 high level)
[STDERR  ] 2017-12-01T16:15:45.230134948Z: [    0.000000] Using ACPI (MADT) for SMP configuration information
[STDERR  ] 2017-12-01T16:15:45.230146654Z: [    0.000000] ACPI: HPET id: 0x8086a201 base: 0xfed00000
[STDERR  ] 2017-12-01T16:15:45.230158455Z: [    0.000000] smpboot: Allowing 1 CPUs, 0 hotplug CPUs
[STDERR  ] 2017-12-01T16:15:45.230169765Z: [    0.000000] e820: [mem 0x40000000-0xafffffff] available for PCI devices
[STDERR  ] 2017-12-01T16:15:45.230181548Z: [    0.000000] Booting paravirtualized kernel on bare hardware
[STDERR  ] 2017-12-01T16:15:45.230193084Z: [    0.000000] clocksource: refined-jiffies: mask: 0xffffffff max_cycles: 0xffffffff, max_idle_ns: 19112604462750000 ns
[STDERR  ] 2017-12-01T16:15:45.230209437Z: [    0.000000] setup_percpu: NR_CPUS:128 nr_cpumask_bits:128 nr_cpu_ids:1 nr_node_ids:1
[STDERR  ] 2017-12-01T16:15:45.230222477Z: [    0.000000] percpu: Embedded 35 pages/cpu @ffff97fa3de00000 s105112 r8192 d30056 u2097152
[STDERR  ] 2017-12-01T16:15:45.230234151Z: [    0.000000] Built 1 zonelists in Zone order, mobility grouping on.  Total pages: 257896
[STDERR  ] 2017-12-01T16:15:45.230245911Z: [    0.000000] Kernel command line: console=ttyS0
[STDERR  ] 2017-12-01T16:15:45.23025694Z: [    0.000000] PID hash table entries: 4096 (order: 3, 32768 bytes)
[STDERR  ] 2017-12-01T16:15:45.230268479Z: [    0.000000] Dentry cache hash table entries: 131072 (order: 8, 1048576 bytes)
[STDERR  ] 2017-12-01T16:15:45.230279802Z: [    0.000000] Inode-cache hash table entries: 65536 (order: 7, 524288 bytes)
[STDERR  ] 2017-12-01T16:15:45.230291754Z: [    0.000000] Memory: 981608K/1048052K available (8048K kernel code, 1367K rwdata, 2700K rodata, 1380K init, 568K bss, 66444K reserved, 0K cma-reserved)
[STDERR  ] 2017-12-01T16:15:45.230303553Z: [    0.000000] Hierarchical RCU implementation.
[STDERR  ] 2017-12-01T16:15:45.230315073Z: [    0.000000] 	Build-time adjustment of leaf fanout to 64.
[STDERR  ] 2017-12-01T16:15:45.230326859Z: [    0.000000] 	RCU restricting CPUs from NR_CPUS=128 to nr_cpu_ids=1.
[STDERR  ] 2017-12-01T16:15:45.2303391Z: [    0.000000] RCU: Adjusting geometry for rcu_fanout_leaf=64, nr_cpu_ids=1
[STDERR  ] 2017-12-01T16:15:45.230357999Z: [    0.000000] NR_IRQS:8448 nr_irqs:256 16
[STDERR  ] 2017-12-01T16:15:45.230369374Z: [    0.000000] Console: colour VGA+ 80x25
[STDERR  ] 2017-12-01T16:15:45.230380221Z: [    0.000000] console [ttyS0] enabled
[STDERR  ] 2017-12-01T16:15:45.230390876Z: [    0.000000] clocksource: hpet: mask: 0xffffffff max_cycles: 0xffffffff, max_idle_ns: 19112604467 ns
[STDERR  ] 2017-12-01T16:15:45.23040181Z: [    0.000000] tsc: Fast TSC calibration using PIT
[STDERR  ] 2017-12-01T16:15:45.230412493Z: [    0.000000] tsc: Detected 2298.197 MHz processor
[STDERR  ] 2017-12-01T16:15:45.230423305Z: [    0.021338] Calibrating delay loop (skipped), value calculated using timer frequency.. 4596.39 BogoMIPS (lpj=22981970)
[STDERR  ] 2017-12-01T16:15:45.230441264Z: [    0.022388] pid_max: default: 32768 minimum: 301
[STDERR  ] 2017-12-01T16:15:45.2304539Z: [    0.023302] ACPI: Core revision 20160831
[STDERR  ] 2017-12-01T16:15:45.230472502Z: [    0.071679] ACPI: 1 ACPI AML tables successfully acquired and loaded
[STDERR  ] 2017-12-01T16:15:45.230485576Z: [    0.074794] Security Framework initialized
[STDERR  ] 2017-12-01T16:15:45.230498145Z: [    0.075181] Yama: becoming mindful.
[STDERR  ] 2017-12-01T16:15:45.230509656Z: [    0.077119] Mount-cache hash table entries: 2048 (order: 2, 16384 bytes)
[STDERR  ] 2017-12-01T16:15:45.230521333Z: [    0.077668] Mountpoint-cache hash table entries: 2048 (order: 2, 16384 bytes)
[STDERR  ] 2017-12-01T16:15:45.230534687Z: [    0.100318] Last level iTLB entries: 4KB 0, 2MB 0, 4MB 0
[STDERR  ] 2017-12-01T16:15:45.230547246Z: [    0.100761] Last level dTLB entries: 4KB 0, 2MB 0, 4MB 0, 1GB 0
[STDERR  ] 2017-12-01T16:15:45.230563788Z: [    0.435535] Freeing SMP alternatives memory: 20K
[STDERR  ] 2017-12-01T16:15:45.23057587Z: [    0.444206] ftrace: allocating 35540 entries in 139 pages
[STDERR  ] 2017-12-01T16:15:45.230587182Z: [    0.607919] smpboot: Max logical packages: 1
[STDERR  ] 2017-12-01T16:15:45.230600896Z: [    0.615319] ..TIMER: vector=0x30 apic1=0 pin1=2 apic2=-1 pin2=-1
[STDERR  ] 2017-12-01T16:15:45.230613096Z: [    0.720000] smpboot: CPU0: AMD QEMU Virtual CPU version 2.5+ (family: 0x6, model: 0x6, stepping: 0x3)
[STDERR  ] 2017-12-01T16:15:45.230624842Z: [    0.720000] Performance Events: PMU not available due to virtualization, using software events only.
