[INFO    ] 2017-10-30T12:40:34.42272737Z: Running Test linuxkit.packages.containerd in /tmp/build/test/cases/040_packages/003_containerd
[INFO    ] 2017-10-30T12:40:34.422824483Z: Running command: [/bin/sh -x /tmp/build/test/cases/040_packages/003_containerd/test.sh]
[STDERR  ] 2017-10-30T12:40:34.468316306Z: + set -e
[STDERR  ] 2017-10-30T12:40:34.468389796Z: + . /tmp/build/test/cases/_lib/lib.sh
[STDERR  ] 2017-10-30T12:40:34.468403408Z: + [ -f src/github.com/linuxkit/rtf/lib/lib.sh ]
[STDERR  ] 2017-10-30T12:40:34.468412543Z: + LINUXKIT_TMPDIR=/tmp/build/test/cases/_tmp
[STDERR  ] 2017-10-30T12:40:34.468422232Z: + [ -f /tmp/build/test/cases/_tmp/env.sh ]
[STDERR  ] 2017-10-30T12:40:34.468431471Z: + . /tmp/build/test/cases/_tmp/env.sh
[STDERR  ] 2017-10-30T12:40:34.468441547Z: + export LINUXKIT_EXAMPLES_DIR=/tmp/build/test/cases/../../examples
[STDERR  ] 2017-10-30T12:40:34.468451432Z: + export LINUXKIT_BLUEPRINTS_DIR=/tmp/build/test/cases/../../blueprints
[STDERR  ] 2017-10-30T12:40:34.468461196Z: + RT_CANCEL=253
[STDERR  ] 2017-10-30T12:40:34.468470653Z: + NAME=containerd
[STDERR  ] 2017-10-30T12:40:34.468480181Z: + trap clean_up EXIT
[STDERR  ] 2017-10-30T12:40:34.468489279Z: + moby build -format kernel+initrd -name containerd test.yml
[STDERR  ] 2017-10-30T12:40:34.494824836Z: Extract kernel image: linuxkit/kernel:4.9.59
[STDERR  ] 2017-10-30T12:40:36.350048014Z: Add init containers:
[STDERR  ] 2017-10-30T12:40:36.350100934Z: Process init image: linuxkit/init:42a92119e1ca10380e0d33e26c0cbcf85b9b3558
[STDERR  ] 2017-10-30T12:40:37.668291198Z: Process init image: linuxkit/runc:817fdc592eac6cb7804fa1721a43a7f6e23fb50f
[STDERR  ] 2017-10-30T12:40:38.874383735Z: Process init image: linuxkit/containerd:82be2bbb7cf83bab161ffe2a64624ba1107725ff
[STDERR  ] 2017-10-30T12:40:40.53170892Z: Process init image: linuxkit/ca-certificates:af4880e78edc28743f7c5e262678c67c6add4c26
[STDERR  ] 2017-10-30T12:40:41.784199944Z: Add onboot containers:
[STDERR  ] 2017-10-30T12:40:41.784311189Z:   Create OCI config for linuxkit/dhcpcd:48831507404049660b960e4055f544917d90378e
[STDERR  ] 2017-10-30T12:40:43.005025427Z:   Create OCI config for linuxkit/sysctl:a9ad57ed738a31ea9380cd73236866c312b35489
[STDERR  ] 2017-10-30T12:40:44.266334149Z:   Create OCI config for linuxkit/format:10e75e78e1f134d310c62e9a0352df1c67b0dd81
[STDERR  ] 2017-10-30T12:40:45.366608116Z: time="2017-10-30T12:40:45Z" level=warning msg="certificate with CN Rolf Neugebauer is near expiry" 
[STDERR  ] 2017-10-30T12:40:45.369210471Z: time="2017-10-30T12:40:45Z" level=warning msg="certificate with CN Rolf Neugebauer is near expiry" 
[STDERR  ] 2017-10-30T12:40:45.715781085Z:   Create OCI config for linuxkit/mount:41685ecc8039643948e5dff46e17584753469a7a
[STDERR  ] 2017-10-30T12:40:46.75136209Z: time="2017-10-30T12:40:46Z" level=warning msg="certificate with CN Rolf Neugebauer is near expiry" 
[STDERR  ] 2017-10-30T12:40:46.753550493Z: time="2017-10-30T12:40:46Z" level=warning msg="certificate with CN Rolf Neugebauer is near expiry" 
[STDERR  ] 2017-10-30T12:40:46.913084404Z:   Create OCI config for linuxkit/test-containerd:9fdfba5efad713b869389f10ee860a11757f9bf2
[STDERR  ] 2017-10-30T12:40:48.705506157Z: time="2017-10-30T12:40:48Z" level=warning msg="certificate with CN Rolf Neugebauer is near expiry" 
[STDERR  ] 2017-10-30T12:40:49.083008181Z: time="2017-10-30T12:40:49Z" level=warning msg="certificate with CN Rolf Neugebauer is near expiry" 
[STDERR  ] 2017-10-30T12:40:49.097785767Z: Pull image: docker.io/linuxkit/test-containerd:9fdfba5efad713b869389f10ee860a11757f9bf2@sha256:99fc9563c4e07d5ea5864789945b4799419033375b520aa7150f81a176fa68f2
[STDERR  ] 2017-10-30T12:41:10.80196002Z:   Create OCI config for linuxkit/poweroff:280bd01daa8776fbe1f4d912977f1886b8374834
[STDERR  ] 2017-10-30T12:41:12.158202343Z: time="2017-10-30T12:41:12Z" level=warning msg="certificate with CN Rolf Neugebauer is near expiry" 
[STDERR  ] 2017-10-30T12:41:12.159959577Z: time="2017-10-30T12:41:12Z" level=warning msg="certificate with CN Rolf Neugebauer is near expiry" 
[STDERR  ] 2017-10-30T12:41:13.849762397Z: Create outputs:
[STDERR  ] 2017-10-30T12:41:47.698687723Z:   containerd-kernel containerd-initrd.img containerd-cmdline
[STDERR  ] 2017-10-30T12:41:48.115751349Z: + linuxkit run -mem 2048 -disk size=2G containerd
[STDERR  ] 2017-10-30T12:41:49.298466937Z: Unable to find qemu-system-x86_64 within the $PATH. Using a container
[STDERR  ] 2017-10-30T12:53:03.402376904Z: + RESULT=[    0.000000] Linux version 4.9.59-linuxkit (root@01324b49428a) (gcc version 6.3.0 (Alpine 6.3.0) ) #1 SMP Sat Oct 28 17:03:21 UTC 2017
[STDERR  ] 2017-10-30T12:53:03.402455106Z: [    0.000000] Command line: console=ttyS0 page_poison=1
[STDERR  ] 2017-10-30T12:53:03.402463933Z: [    0.000000] x86/fpu: Legacy x87 FPU detected.
[STDERR  ] 2017-10-30T12:53:03.40247254Z: [    0.000000] x86/fpu: Using 'eager' FPU context switches.
[STDERR  ] 2017-10-30T12:53:03.402479626Z: [    0.000000] e820: BIOS-provided physical RAM map:
[STDERR  ] 2017-10-30T12:53:03.402487414Z: [    0.000000] BIOS-e820: [mem 0x0000000000000000-0x000000000009fbff] usable
[STDERR  ] 2017-10-30T12:53:03.402495489Z: [    0.000000] BIOS-e820: [mem 0x000000000009fc00-0x000000000009ffff] reserved
[STDERR  ] 2017-10-30T12:53:03.402502406Z: [    0.000000] BIOS-e820: [mem 0x00000000000f0000-0x00000000000fffff] reserved
[STDERR  ] 2017-10-30T12:53:03.40250924Z: [    0.000000] BIOS-e820: [mem 0x0000000000100000-0x000000007ffdefff] usable
[STDERR  ] 2017-10-30T12:53:03.402515768Z: [    0.000000] BIOS-e820: [mem 0x000000007ffdf000-0x000000007fffffff] reserved
[STDERR  ] 2017-10-30T12:53:03.402522205Z: [    0.000000] BIOS-e820: [mem 0x00000000b0000000-0x00000000bfffffff] reserved
[STDERR  ] 2017-10-30T12:53:03.402528529Z: [    0.000000] BIOS-e820: [mem 0x00000000fed1c000-0x00000000fed1ffff] reserved
[STDERR  ] 2017-10-30T12:53:03.402534994Z: [    0.000000] BIOS-e820: [mem 0x00000000fffc0000-0x00000000ffffffff] reserved
[STDERR  ] 2017-10-30T12:53:03.402541704Z: [    0.000000] NX (Execute Disable) protection: active
[STDERR  ] 2017-10-30T12:53:03.402548195Z: [    0.000000] SMBIOS 2.8 present.
[STDERR  ] 2017-10-30T12:53:03.402554548Z: [    0.000000] e820: last_pfn = 0x7ffdf max_arch_pfn = 0x400000000
[STDERR  ] 2017-10-30T12:53:03.40256106Z: [    0.000000] x86/PAT: Configuration [0-7]: WB  WC  UC- UC  WB  WC  UC- WT  
[STDERR  ] 2017-10-30T12:53:03.402567588Z: [    0.000000] found SMP MP-table at [mem 0x000f6aa0-0x000f6aaf] mapped at [ffffa0c2800f6aa0]
[STDERR  ] 2017-10-30T12:53:03.402575159Z: [    0.000000] RAMDISK: [mem 0x71afa000-0x7ffcffff]
[STDERR  ] 2017-10-30T12:53:03.402581621Z: [    0.000000] ACPI: Early table checksum verification disabled
[STDERR  ] 2017-10-30T12:53:03.402588139Z: [    0.000000] ACPI: RSDP 0x00000000000F68C0 000014 (v00 BOCHS )
[STDERR  ] 2017-10-30T12:53:03.402595223Z: [    0.000000] ACPI: RSDT 0x000000007FFE2404 000034 (v01 BOCHS  BXPCRSDT 00000001 BXPC 00000001)
[STDERR  ] 2017-10-30T12:53:03.402602117Z: [    0.000000] ACPI: FACP 0x000000007FFE22A4 000074 (v01 BOCHS  BXPCFACP 00000001 BXPC 00000001)
[STDERR  ] 2017-10-30T12:53:03.40260876Z: [    0.000000] ACPI: DSDT 0x000000007FFE0040 002264 (v01 BOCHS  BXPCDSDT 00000001 BXPC 00000001)
[STDERR  ] 2017-10-30T12:53:03.402615215Z: [    0.000000] ACPI: FACS 0x000000007FFE0000 000040
[STDERR  ] 2017-10-30T12:53:03.402621541Z: [    0.000000] ACPI: APIC 0x000000007FFE2318 000078 (v01 BOCHS  BXPCAPIC 00000001 BXPC 00000001)
[STDERR  ] 2017-10-30T12:53:03.402628006Z: [    0.000000] ACPI: HPET 0x000000007FFE2390 000038 (v01 BOCHS  BXPCHPET 00000001 BXPC 00000001)
[STDERR  ] 2017-10-30T12:53:03.402634429Z: [    0.000000] ACPI: MCFG 0x000000007FFE23C8 00003C (v01 BOCHS  BXPCMCFG 00000001 BXPC 00000001)
[STDERR  ] 2017-10-30T12:53:03.40264068Z: [    0.000000] Zone ranges:
[STDERR  ] 2017-10-30T12:53:03.402646932Z: [    0.000000]   DMA      [mem 0x0000000000001000-0x0000000000ffffff]
[STDERR  ] 2017-10-30T12:53:03.402653344Z: [    0.000000]   DMA32    [mem 0x0000000001000000-0x000000007ffdefff]
[STDERR  ] 2017-10-30T12:53:03.402659627Z: [    0.000000]   Normal   empty
[STDERR  ] 2017-10-30T12:53:03.402678905Z: [    0.000000] Movable zone start for each node
[STDERR  ] 2017-10-30T12:53:03.402689379Z: [    0.000000] Early memory node ranges
[STDERR  ] 2017-10-30T12:53:03.402695443Z: [    0.000000]   node   0: [mem 0x0000000000001000-0x000000000009efff]
[STDERR  ] 2017-10-30T12:53:03.402701254Z: [    0.000000]   node   0: [mem 0x0000000000100000-0x000000007ffdefff]
[STDERR  ] 2017-10-30T12:53:03.402706911Z: [    0.000000] Initmem setup node 0 [mem 0x0000000000001000-0x000000007ffdefff]
[STDERR  ] 2017-10-30T12:53:03.402712728Z: [    0.000000] ACPI: PM-Timer IO Port: 0x608
[STDERR  ] 2017-10-30T12:53:03.402718521Z: [    0.000000] ACPI: LAPIC_NMI (acpi_id[0xff] dfl dfl lint[0x1])
[STDERR  ] 2017-10-30T12:53:03.402724214Z: [    0.000000] IOAPIC[0]: apic_id 0, version 32, address 0xfec00000, GSI 0-23
[STDERR  ] 2017-10-30T12:53:03.402729894Z: [    0.000000] ACPI: INT_SRC_OVR (bus 0 bus_irq 0 global_irq 2 dfl dfl)
[STDERR  ] 2017-10-30T12:53:03.402736357Z: [    0.000000] ACPI: INT_SRC_OVR (bus 0 bus_irq 5 global_irq 5 high level)
[STDERR  ] 2017-10-30T12:53:03.402742636Z: [    0.000000] ACPI: INT_SRC_OVR (bus 0 bus_irq 9 global_irq 9 high level)
[STDERR  ] 2017-10-30T12:53:03.40274829Z: [    0.000000] ACPI: INT_SRC_OVR (bus 0 bus_irq 10 global_irq 10 high level)
[STDERR  ] 2017-10-30T12:53:03.402753851Z: [    0.000000] ACPI: INT_SRC_OVR (bus 0 bus_irq 11 global_irq 11 high level)
[STDERR  ] 2017-10-30T12:53:03.40275939Z: [    0.000000] Using ACPI (MADT) for SMP configuration information
[STDERR  ] 2017-10-30T12:53:03.402765394Z: [    0.000000] ACPI: HPET id: 0x8086a201 base: 0xfed00000
[STDERR  ] 2017-10-30T12:53:03.402771268Z: [    0.000000] smpboot: Allowing 1 CPUs, 0 hotplug CPUs
[STDERR  ] 2017-10-30T12:53:03.402777205Z: [    0.000000] e820: [mem 0xc0000000-0xfed1bfff] available for PCI devices
[STDERR  ] 2017-10-30T12:53:03.402782884Z: [    0.000000] Booting paravirtualized kernel on bare hardware
[STDERR  ] 2017-10-30T12:53:03.402791149Z: [    0.000000] clocksource: refined-jiffies: mask: 0xffffffff max_cycles: 0xffffffff, max_idle_ns: 19112604462750000 ns
[STDERR  ] 2017-10-30T12:53:03.402801561Z: [    0.000000] setup_percpu: NR_CPUS:128 nr_cpumask_bits:128 nr_cpu_ids:1 nr_node_ids:1
[STDERR  ] 2017-10-30T12:53:03.402807393Z: [    0.000000] percpu: Embedded 35 pages/cpu @ffffa0c2f1800000 s105240 r8192 d29928 u2097152
[STDERR  ] 2017-10-30T12:53:03.402817472Z: [    0.000000] Built 1 zonelists in Zone order, mobility grouping on.  Total pages: 515944
[STDERR  ] 2017-10-30T12:53:03.40282382Z: [    0.000000] Kernel command line: console=ttyS0 page_poison=1
[STDERR  ] 2017-10-30T12:53:03.402829948Z: [    0.000000] PID hash table entries: 4096 (order: 3, 32768 bytes)
[STDERR  ] 2017-10-30T12:53:03.402862331Z: [    0.000000] Dentry cache hash table entries: 262144 (order: 9, 2097152 bytes)
[STDERR  ] 2017-10-30T12:53:03.402868424Z: [    0.000000] Inode-cache hash table entries: 131072 (order: 8, 1048576 bytes)
[STDERR  ] 2017-10-30T12:53:03.402874254Z: [    0.000000] Memory: 1810500K/2096628K available (8053K kernel code, 1367K rwdata, 2704K rodata, 1380K init, 568K bss, 286128K reserved, 0K cma-reserved)
[STDERR  ] 2017-10-30T12:53:03.402890049Z: [    0.000000] Hierarchical RCU implementation.
[STDERR  ] 2017-10-30T12:53:03.402896274Z: [    0.000000] 	Build-time adjustment of leaf fanout to 64.
[STDERR  ] 2017-10-30T12:53:03.402902957Z: [    0.000000] 	RCU restricting CPUs from NR_CPUS=128 to nr_cpu_ids=1.
[STDERR  ] 2017-10-30T12:53:03.402909292Z: [    0.000000] RCU: Adjusting geometry for rcu_fanout_leaf=64, nr_cpu_ids=1
[STDERR  ] 2017-10-30T12:53:03.402915332Z: [    0.000000] NR_IRQS:8448 nr_irqs:256 16
[STDERR  ] 2017-10-30T12:53:03.40292357Z: [    0.000000] Console: colour VGA+ 80x25
[STDERR  ] 2017-10-30T12:53:03.402929766Z: [    0.000000] console [ttyS0] enabled
[STDERR  ] 2017-10-30T12:53:03.402935589Z: [    0.000000] allocated 4194304 bytes of page_ext
[STDERR  ] 2017-10-30T12:53:03.402941272Z: [    0.000000] clocksource: hpet: mask: 0xffffffff max_cycles: 0xffffffff, max_idle_ns: 19112604467 ns
[STDERR  ] 2017-10-30T12:53:03.402950863Z: [    0.000000] tsc: Fast TSC calibration using PIT
[STDERR  ] 2017-10-30T12:53:03.402959828Z: [    0.000000] tsc: Detected 2599.921 MHz processor
[STDERR  ] 2017-10-30T12:53:03.402965813Z: [    0.031744] Calibrating delay loop (skipped), value calculated using timer frequency.. 5199.84 BogoMIPS (lpj=25999210)
[STDERR  ] 2017-10-30T12:53:03.40297191Z: [    0.032754] pid_max: default: 32768 minimum: 301
[STDERR  ] 2017-10-30T12:53:03.402977946Z: [    0.033686] ACPI: Core revision 20160831
[STDERR  ] 2017-10-30T12:53:03.402983703Z: [    0.078133] ACPI: 1 ACPI AML tables successfully acquired and loaded
[STDERR  ] 2017-10-30T12:53:03.402989458Z: [    0.081941] Security Framework initialized
[STDERR  ] 2017-10-30T12:53:03.402995364Z: [    0.082300] Yama: becoming mindful.
[STDERR  ] 2017-10-30T12:53:03.403001074Z: [    0.084163] Mount-cache hash table entries: 4096 (order: 3, 32768 bytes)
[STDERR  ] 2017-10-30T12:53:03.403006736Z: [    0.084640] Mountpoint-cache hash table entries: 4096 (order: 3, 32768 bytes)
[STDERR  ] 2017-10-30T12:53:03.403012488Z: [    0.106155] Last level iTLB entries: 4KB 0, 2MB 0, 4MB 0
[STDERR  ] 2017-10-30T12:53:03.403018605Z: [    0.106517] Last level dTLB entries: 4KB 0, 2MB 0, 4MB 0, 1GB 0
[STDERR  ] 2017-10-30T12:53:03.403024285Z: [    0.394450] Freeing SMP alternatives memory: 20K
[STDERR  ] 2017-10-30T12:53:03.403031288Z: [    0.403120] ftrace: allocating 35584 entries in 140 pages
[STDERR  ] 2017-10-30T12:53:03.403037031Z: [    0.570525] smpboot: Max logical packages: 1
[STDERR  ] 2017-10-30T12:53:03.403042791Z: [    0.575905] ..TIMER: vector=0x30 apic1=0 pin1=2 apic2=-1 pin2=-1
[STDERR  ] 2017-10-30T12:53:03.403048591Z: [    0.680000] smpboot: CPU0: AMD QEMU Virtual CPU version 2.5+ (family: 0x6, model: 0x6, stepping: 0x3)
[STDERR  ] 2017-10-30T12:53:03.403054449Z: [    0.680000] Performance Events: PMU not available due to virtualization, using software events only.
[STDERR  ] 2017-10-30T12:53:03.403060143Z: [    0.686834] NMI watchdog: disabled (cpu0): hardware events not enabled
[STDERR  ] 2017-10-30T12:53:03.403066393Z: [    0.687185] NMI watchdog: Shutting down hard lockup detector on all cpus
[STDERR  ] 2017-10-30T12:53:03.403072879Z: [    0.690484] x86: Booted up 1 node, 1 CPUs
[STDERR  ] 2017-10-30T12:53:03.403078699Z: [    0.690766] smpboot: Total of 1 processors activated (5199.84 BogoMIPS)
[STDERR  ] 2017-10-30T12:53:03.403084313Z: [    0.705999] devtmpfs: initialized
[STDERR  ] 2017-10-30T12:53:03.403089976Z: [    0.710668] x86/mm: Memory block size: 128MB
[STDERR  ] 2017-10-30T12:53:03.403096243Z: [    0.775604] clocksource: jiffies: mask: 0xffffffff max_cycles: 0xffffffff, max_idle_ns: 19112604462750000 ns
[STDERR  ] 2017-10-30T12:53:03.40310197Z: [    0.776120] futex hash table entries: 256 (order: 2, 16384 bytes)
[STDERR  ] 2017-10-30T12:53:03.403107829Z: [    0.783854] NET: Registered protocol family 16
[STDERR  ] 2017-10-30T12:53:03.403113463Z: [    0.793041] cpuidle: using governor ladder
[STDERR  ] 2017-10-30T12:53:03.403119078Z: [    0.793438] cpuidle: using governor menu
[STDERR  ] 2017-10-30T12:53:03.403124652Z: [    0.794421] ACPI: bus type PCI registered
[STDERR  ] 2017-10-30T12:53:03.403130217Z: [    0.797181] PCI: MMCONFIG for domain 0000 [bus 00-ff] at [mem 0xb0000000-0xbfffffff] (base 0xb0000000)
[STDERR  ] 2017-10-30T12:53:03.403135889Z: [    0.797711] PCI: MMCONFIG at [mem 0xb0000000-0xbfffffff] reserved in E820
[STDERR  ] 2017-10-30T12:53:03.403141431Z: [    0.798817] PCI: Using configuration type 1 for base access
[STDERR  ] 2017-10-30T12:53:03.403146995Z: [    0.849160] HugeTLB registered 2 MB page size, pre-allocated 0 pages
[STDERR  ] 2017-10-30T12:53:03.403152599Z: [    0.861552] ACPI: Added _OSI(Module Device)
[STDERR  ] 2017-10-30T12:53:03.403158832Z: [    0.861813] ACPI: Added _OSI(Processor Device)
[STDERR  ] 2017-10-30T12:53:03.403164424Z: [    0.862000] ACPI: Added _OSI(3.0 _SCP Extensions)
[STDERR  ] 2017-10-30T12:53:03.403170721Z: [    0.862245] ACPI: Added _OSI(Processor Aggregator Device)
[STDERR  ] 2017-10-30T12:53:03.403179839Z: [    0.933606] ACPI: Interpreter enabled
[STDERR  ] 2017-10-30T12:53:03.403188719Z: [    0.934265] ACPI: (supports S0 S5)
[STDERR  ] 2017-10-30T12:53:03.403194503Z: [    0.934512] ACPI: Using IOAPIC for interrupt routing
[STDERR  ] 2017-10-30T12:53:03.403202064Z: [    0.936200] PCI: Using host bridge windows from ACPI; if necessary, use "pci=nocrs" and report a bug
[STDERR  ] 2017-10-30T12:53:03.403207853Z: [    0.996614] ACPI: PCI Root Bridge [PCI0] (domain 0000 [bus 00-ff])
[STDERR  ] 2017-10-30T12:53:03.403213466Z: [    0.997410] acpi PNP0A08:00: _OSC: OS supports [ExtendedConfig ASPM ClockPM Segments MSI]
[STDERR  ] 2017-10-30T12:53:03.40321919Z: [    1.002639] acpi PNP0A08:00: _OSC: OS now controls [PCIeHotplug PME PCIeCapability]
[STDERR  ] 2017-10-30T12:53:03.403224754Z: [    1.006305] PCI host bridge to bus 0000:00
[STDERR  ] 2017-10-30T12:53:03.403230356Z: [    1.006658] pci_bus 0000:00: root bus resource [io  0x0000-0x0cf7 window]
[STDERR  ] 2017-10-30T12:53:03.403235915Z: [    1.006953] pci_bus 0000:00: root bus resource [io  0x0d00-0xffff window]
[STDERR  ] 2017-10-30T12:53:03.403241499Z: [    1.007193] pci_bus 0000:00: root bus resource [mem 0x000a0000-0x000bffff window]
[STDERR  ] 2017-10-30T12:53:03.403247578Z: [    1.007470] pci_bus 0000:00: root bus resource [mem 0xc0000000-0xfebfffff window]
[STDERR  ] 2017-10-30T12:53:03.403253112Z: [    1.007848] pci_bus 0000:00: root bus resource [bus 00-ff]
[STDERR  ] 2017-10-30T12:53:03.403259701Z: [    1.146546] pci 0000:00:1f.0: quirk: [io  0x0600-0x067f] claimed by ICH6 ACPI/GPIO/TCO
[STDERR  ] 2017-10-30T12:53:03.403265418Z: [    1.225798] ACPI: PCI Interrupt Link [LNKA] (IRQs 5 *10 11)
[STDERR  ] 2017-10-30T12:53:03.403271221Z: [    1.227886] ACPI: PCI Interrupt Link [LNKB] (IRQs 5 *10 11)
[STDERR  ] 2017-10-30T12:53:03.403277016Z: [    1.229554] ACPI: PCI Interrupt Link [LNKC] (IRQs 5 10 *11)
[STDERR  ] 2017-10-30T12:53:03.40328267Z: [    1.231465] ACPI: PCI Interrupt Link [LNKD] (IRQs 5 10 *11)
[STDERR  ] 2017-10-30T12:53:03.403288883Z: [    1.233160] ACPI: PCI Interrupt Link [LNKE] (IRQs 5 *10 11)
[STDERR  ] 2017-10-30T12:53:03.403295123Z: [    1.234762] ACPI: PCI Interrupt Link [LNKF] (IRQs 5 *10 11)
[STDERR  ] 2017-10-30T12:53:03.403300927Z: [    1.236374] ACPI: PCI Interrupt Link [LNKG] (IRQs 5 10 *11)
[STDERR  ] 2017-10-30T12:53:03.403306757Z: [    1.237960] ACPI: PCI Interrupt Link [LNKH] (IRQs 5 10 *11)
[STDERR  ] 2017-10-30T12:53:03.403312603Z: [    1.238588] ACPI: PCI Interrupt Link [GSIA] (IRQs *16)
[STDERR  ] 2017-10-30T12:53:03.403318281Z: [    1.239003] ACPI: PCI Interrupt Link [GSIB] (IRQs *17)
[STDERR  ] 2017-10-30T12:53:03.403324268Z: [    1.239435] ACPI: PCI Interrupt Link [GSIC] (IRQs *18)
[STDERR  ] 2017-10-30T12:53:03.403330093Z: [    1.240278] ACPI: PCI Interrupt Link [GSID] (IRQs *19)
[STDERR  ] 2017-10-30T12:53:03.403337877Z: [    1.240767] ACPI: PCI Interrupt Link [GSIE] (IRQs *20)
[STDERR  ] 2017-10-30T12:53:03.4033469Z: [    1.241206] ACPI: PCI Interrupt Link [GSIF] (IRQs *21)
[STDERR  ] 2017-10-30T12:53:03.403356235Z: [    1.241614] ACPI: PCI Interrupt Link [GSIG] (IRQs *22)
[STDERR  ] 2017-10-30T12:53:03.403364945Z: [    1.242049] ACPI: PCI Interrupt Link [GSIH] (IRQs *23)
[STDERR  ] 2017-10-30T12:53:03.403373496Z: [    1.245616] ACPI: Enabled 2 GPEs in block 00 to 3F
[STDERR  ] 2017-10-30T12:53:03.403379954Z: [    1.250074] SCSI subsystem initialized
[STDERR  ] 2017-10-30T12:53:03.403385643Z: [    1.251874] ACPI: bus type USB registered
[STDERR  ] 2017-10-30T12:53:03.403392406Z: [    1.252882] usbcore: registered new interface driver usbfs
[STDERR  ] 2017-10-30T12:53:03.403398496Z: [    1.253572] usbcore: registered new interface driver hub
[STDERR  ] 2017-10-30T12:53:03.40340423Z: [    1.254219] usbcore: registered new device driver usb
[STDERR  ] 2017-10-30T12:53:03.403410224Z: [    1.255194] pps_core: LinuxPPS API ver. 1 registered
[STDERR  ] 2017-10-30T12:53:03.403416816Z: [    1.255429] pps_core: Software ver. 5.3.6 - Copyright 2005-2007 Rodolfo Giometti <giometti@linux.it>
[STDERR  ] 2017-10-30T12:53:03.403427296Z: [    1.255947] PTP clock support registered
[STDERR  ] 2017-10-30T12:53:03.40343617Z: [    1.256908] wmi: Mapper loaded
[STDERR  ] 2017-10-30T12:53:03.403442385Z: [    1.257845] PCI: Using ACPI for IRQ routing
[STDERR  ] 2017-10-30T12:53:03.403448276Z: [    1.276347] NetLabel: Initializing
[STDERR  ] 2017-10-30T12:53:03.403454534Z: [    1.276472] NetLabel:  domain hash size = 128
[STDERR  ] 2017-10-30T12:53:03.403460334Z: [    1.276755] NetLabel:  protocols = UNLABELED CIPSOv4
[STDERR  ] 2017-10-30T12:53:03.403465969Z: [    1.278480] NetLabel:  unlabeled traffic allowed by default
[STDERR  ] 2017-10-30T12:53:03.403471618Z: [    1.279214] HPET: 3 timers in total, 0 timers will be used for per-cpu timer
[STDERR  ] 2017-10-30T12:53:03.403477353Z: [    1.279636] hpet0: at MMIO 0xfed00000, IRQs 2, 8, 0
[STDERR  ] 2017-10-30T12:53:03.403482956Z: [    1.279911] hpet0: 3 comparators, 64-bit 100.000000 MHz counter
[STDERR  ] 2017-10-30T12:53:03.403489222Z: [    1.284854] clocksource: Switched to clocksource hpet
[STDERR  ] 2017-10-30T12:53:03.403495001Z: [    1.529255] VFS: Disk quotas dquot_6.6.0
[STDERR  ] 2017-10-30T12:53:03.40350069Z: [    1.530353] VFS: Dquot-cache hash table entries: 512 (order 0, 4096 bytes)
[STDERR  ] 2017-10-30T12:53:03.403506385Z: [    1.533974] FS-Cache: Loaded
[STDERR  ] 2017-10-30T12:53:03.403512412Z: [    1.539315] CacheFiles: Loaded
[STDERR  ] 2017-10-30T12:53:03.403518061Z: [    1.541207] pnp: PnP ACPI init
[STDERR  ] 2017-10-30T12:53:03.403523804Z: [    1.552119] pnp: PnP ACPI: found 5 devices
[STDERR  ] 2017-10-30T12:53:03.403529334Z: [    1.597482] clocksource: acpi_pm: mask: 0xffffff max_cycles: 0xffffff, max_idle_ns: 2085701024 ns
[STDERR  ] 2017-10-30T12:53:03.403535267Z: [    1.601526] NET: Registered protocol family 2
[STDERR  ] 2017-10-30T12:53:03.403540875Z: [    1.608883] TCP established hash table entries: 16384 (order: 5, 131072 bytes)
[STDERR  ] 2017-10-30T12:53:03.403546894Z: [    1.609727] TCP bind hash table entries: 16384 (order: 6, 262144 bytes)
[STDERR  ] 2017-10-30T12:53:03.40355268Z: [    1.611325] TCP: Hash tables configured (established 16384 bind 16384)
[STDERR  ] 2017-10-30T12:53:03.403558431Z: [    1.612837] UDP hash table entries: 1024 (order: 3, 32768 bytes)
[STDERR  ] 2017-10-30T12:53:03.40356947Z: [    1.613431] UDP-Lite hash table entries: 1024 (order: 3, 32768 bytes)
[STDERR  ] 2017-10-30T12:53:03.4035752Z: [    1.615678] NET: Registered protocol family 1
[STDERR  ] 2017-10-30T12:53:03.40358121Z: [    1.616611] pci 0000:00:01.0: Video device with shadowed ROM at [mem 0x000c0000-0x000dffff]
[STDERR  ] 2017-10-30T12:53:03.403587006Z: [    1.623885] Unpacking initramfs...
[STDERR  ] 2017-10-30T12:53:03.40359303Z: [   30.155730] Freeing initrd memory: 234328K
[STDERR  ] 2017-10-30T12:53:03.403598673Z: [   30.180545] PCLMULQDQ-NI instructions are not detected.
[STDERR  ] 2017-10-30T12:53:03.403606857Z: [   30.182200] AVX or AES-NI instructions are not detected.
[STDERR  ] 2017-10-30T12:53:03.403612677Z: [   30.182726] CPU feature 'AVX registers' is not supported.
[STDERR  ] 2017-10-30T12:53:03.403618311Z: [   30.183154] CPU feature 'AVX registers' is not supported.
[STDERR  ] 2017-10-30T12:53:03.403623827Z: [   30.183540] CPU feature 'AVX registers' is not supported.
[STDERR  ] 2017-10-30T12:53:03.403629269Z: [   30.183929] CPU feature 'AVX registers' is not supported.
[STDERR  ] 2017-10-30T12:53:03.403634778Z: [   30.184281] AVX2 or AES-NI instructions are not detected.
[STDERR  ] 2017-10-30T12:53:03.403640322Z: [   30.184675] AVX2 instructions are not detected.
[STDERR  ] 2017-10-30T12:53:03.40364591Z: [   30.191380] audit: initializing netlink subsys (disabled)
[STDERR  ] 2017-10-30T12:53:03.403651418Z: [   30.193450] audit: type=2000 audit(1509367348.190:1): initialized
[STDERR  ] 2017-10-30T12:53:03.403657552Z: [   30.201488] workingset: timestamp_bits=46 max_order=19 bucket_order=0
[STDERR  ] 2017-10-30T12:53:03.403663226Z: [   30.205970] squashfs: version 4.0 (2009/01/31) Phillip Lougher
[STDERR  ] 2017-10-30T12:53:03.403668921Z: [   30.209084] FS-Cache: Netfs 'cifs' registered for caching
[STDERR  ] 2017-10-30T12:53:03.403680405Z: [   30.210689] fuse init (API version 7.26)
[STDERR  ] 2017-10-30T12:53:03.403686165Z: [   30.212830] SGI XFS with ACLs, security attributes, no debug enabled
[STDERR  ] 2017-10-30T12:53:03.403693252Z: [   30.216391] 9p: Installing v9fs 9p2000 file system support
[STDERR  ] 2017-10-30T12:53:03.403698869Z: [   30.219554] FS-Cache: Netfs '9p' registered for caching
[STDERR  ] 2017-10-30T12:53:03.403704495Z: [   30.248085] NET: Registered protocol family 38
[STDERR  ] 2017-10-30T12:53:03.403709978Z: [   30.248742] Key type asymmetric registered
[STDERR  ] 2017-10-30T12:53:03.403715512Z: [   30.249106] Asymmetric key parser 'x509' registered
[STDERR  ] 2017-10-30T12:53:03.403721326Z: [   30.250011] Block layer SCSI generic (bsg) driver version 0.4 loaded (major 251)
[STDERR  ] 2017-10-30T12:53:03.403726975Z: [   30.252936] io scheduler noop registered
[STDERR  ] 2017-10-30T12:53:03.403732415Z: [   30.253244] io scheduler deadline registered (default)
[STDERR  ] 2017-10-30T12:53:03.403738023Z: [   30.253977] io scheduler cfq registered
[STDERR  ] 2017-10-30T12:53:03.40374366Z: [   30.256559] pci_hotplug: PCI Hot Plug PCI Core version: 0.5
[STDERR  ] 2017-10-30T12:53:03.40374919Z: [   30.257123] pciehp: PCI Express Hot Plug Controller Driver version: 0.4
[STDERR  ] 2017-10-30T12:53:03.403772227Z: [   30.257930] shpchp: Standard Hot Plug PCI Controller Driver version: 0.4
[STDERR  ] 2017-10-30T12:53:03.403780089Z: [   30.258764] hv_vmbus: registering driver hyperv_fb
[STDERR  ] 2017-10-30T12:53:03.403785873Z: [   30.263008] input: Power Button as /devices/LNXSYSTM:00/LNXPWRBN:00/input/input0
[STDERR  ] 2017-10-30T12:53:03.403791523Z: [   30.264098] ACPI: Power Button [PWRF]
[STDERR  ] 2017-10-30T12:53:03.403797001Z: [   30.268766] GHES: HEST is not enabled!
[STDERR  ] 2017-10-30T12:53:03.403802501Z: [   30.280044] ACPI: PCI Interrupt Link [GSIG] enabled at IRQ 22
[STDERR  ] 2017-10-30T12:53:03.403808887Z: [   30.294094] ACPI: PCI Interrupt Link [GSIH] enabled at IRQ 23
[STDERR  ] 2017-10-30T12:53:03.403814501Z: [   30.299768] xenfs: not registering filesystem on non-xen platform
[STDERR  ] 2017-10-30T12:53:03.403819995Z: [   30.302276] Serial: 8250/16550 driver, 4 ports, IRQ sharing disabled
[STDERR  ] 2017-10-30T12:53:03.403825649Z: [   30.326926] 00:04: ttyS0 at I/O 0x3f8 (irq = 4, base_baud = 115200) is a 16550A
[STDERR  ] 2017-10-30T12:53:03.403831172Z: [   30.338750] Non-volatile memory driver v1.3
[STDERR  ] 2017-10-30T12:53:03.403841435Z: [   30.345376] Hangcheck: starting hangcheck timer 0.9.1 (tick is 180 seconds, margin is 60 seconds).
[STDERR  ] 2017-10-30T12:53:03.403847342Z: [   30.350799] random: fast init done
[STDERR  ] 2017-10-30T12:53:03.403853344Z: [   30.386060] loop: module loaded
[STDERR  ] 2017-10-30T12:53:03.403858933Z: [   30.402773] nbd: registered device at major 43
[STDERR  ] 2017-10-30T12:53:03.403864567Z: [   30.444438] lpc_ich 0000:00:1f.0: I/O space for GPIO uninitialized
[STDERR  ] 2017-10-30T12:53:03.403870899Z: [   30.446363] VMware PVSCSI driver - version 1.0.7.0-k
[STDERR  ] 2017-10-30T12:53:03.403877233Z: [   30.447222] hv_vmbus: registering driver hv_storvsc
[STDERR  ] 2017-10-30T12:53:03.40388356Z: [   30.460148] ACPI: PCI Interrupt Link [GSIA] enabled at IRQ 16
[STDERR  ] 2017-10-30T12:53:03.403889389Z: [   30.471785] ahci 0000:00:1f.2: AHCI 0001.0000 32 slots 6 ports 1.5 Gbps 0x3f impl SATA mode
[STDERR  ] 2017-10-30T12:53:03.403895213Z: [   30.472447] ahci 0000:00:1f.2: flags: 64bit ncq only 
[STDERR  ] 2017-10-30T12:53:03.403905166Z: [   30.504645] scsi host0: ahci
[STDERR  ] 2017-10-30T12:53:03.403911154Z: [   30.509562] scsi host1: ahci
[STDERR  ] 2017-10-30T12:53:03.403917711Z: [   30.512789] scsi host2: ahci
[STDERR  ] 2017-10-30T12:53:03.403923596Z: [   30.515446] scsi host3: ahci
[STDERR  ] 2017-10-30T12:53:03.403929165Z: [   30.518564] scsi host4: ahci
[STDERR  ] 2017-10-30T12:53:03.403934895Z: [   30.521488] scsi host5: ahci
[STDERR  ] 2017-10-30T12:53:03.403940471Z: [   30.523751] ata1: SATA max UDMA/133 abar m4096@0xfebd2000 port 0xfebd2100 irq 24
[STDERR  ] 2017-10-30T12:53:03.403952391Z: [   30.524192] ata2: SATA max UDMA/133 abar m4096@0xfebd2000 port 0xfebd2180 irq 24
[STDERR  ] 2017-10-30T12:53:03.403958559Z: [   30.524638] ata3: SATA max UDMA/133 abar m4096@0xfebd2000 port 0xfebd2200 irq 24
[STDERR  ] 2017-10-30T12:53:03.403964411Z: [   30.525044] ata4: SATA max UDMA/133 abar m4096@0xfebd2000 port 0xfebd2280 irq 24
[STDERR  ] 2017-10-30T12:53:03.403970101Z: [   30.525439] ata5: SATA max UDMA/133 abar m4096@0xfebd2000 port 0xfebd2300 irq 24
[STDERR  ] 2017-10-30T12:53:03.403975635Z: [   30.525809] ata6: SATA max UDMA/133 abar m4096@0xfebd2000 port 0xfebd2380 irq 24
[STDERR  ] 2017-10-30T12:53:03.403986742Z: [   30.539648] tun: Universal TUN/TAP device driver, 1.6
[STDERR  ] 2017-10-30T12:53:03.403992734Z: [   30.540057] tun: (C) 1999-2004 Max Krasnyansky <maxk@qualcomm.com>
[STDERR  ] 2017-10-30T12:53:03.403999925Z: [   30.552787] VMware vmxnet3 virtual NIC driver - version 1.4.a.0-k-NAPI
[STDERR  ] 2017-10-30T12:53:03.404005876Z: [   30.553590] hv_vmbus: registering driver hv_netvsc
[STDERR  ] 2017-10-30T12:53:03.40401167Z: [   30.553953] Fusion MPT base driver 3.04.20
[STDERR  ] 2017-10-30T12:53:03.404017436Z: [   30.554209] Copyright (c) 1999-2008 LSI Corporation
[STDERR  ] 2017-10-30T12:53:03.404023152Z: [   30.554766] Fusion MPT SPI Host driver 3.04.20
[STDERR  ] 2017-10-30T12:53:03.404028985Z: [   30.556717] i8042: PNP: PS/2 Controller [PNP0303:KBD,PNP0f13:MOU] at 0x60,0x64 irq 1,12
[STDERR  ] 2017-10-30T12:53:03.404037156Z: [   30.561262] serio: i8042 KBD port at 0x60,0x64 irq 1
[STDERR  ] 2017-10-30T12:53:03.40404287Z: [   30.561923] serio: i8042 AUX port at 0x60,0x64 irq 12
[STDERR  ] 2017-10-30T12:53:03.404048491Z: [   30.564816] hv_vmbus: registering driver hyperv_keyboard
[STDERR  ] 2017-10-30T12:53:03.40405534Z: [   30.566925] mousedev: PS/2 mouse device common for all mice
[STDERR  ] 2017-10-30T12:53:03.404061361Z: [   30.573240] input: AT Translated Set 2 keyboard as /devices/platform/i8042/serio0/input/input1
[STDERR  ] 2017-10-30T12:53:03.404067039Z: [   30.576406] input: PC Speaker as /devices/platform/pcspkr/input/input2
[STDERR  ] 2017-10-30T12:53:03.404072626Z: [   30.578969] rtc_cmos 00:00: RTC can wake from S4
[STDERR  ] 2017-10-30T12:53:03.40407833Z: [   30.583364] rtc_cmos 00:00: rtc core: registered rtc_cmos as rtc0
[STDERR  ] 2017-10-30T12:53:03.404084057Z: [   30.584605] rtc_cmos 00:00: alarms up to one day, y3k, 114 bytes nvram, hpet irqs
[STDERR  ] 2017-10-30T12:53:03.404089827Z: [   30.585364] i2c /dev entries driver
[STDERR  ] 2017-10-30T12:53:03.404095358Z: [   30.587165] device-mapper: ioctl: 4.35.0-ioctl (2016-06-23) initialised: dm-devel@redhat.com
[STDERR  ] 2017-10-30T12:53:03.404101Z: [   30.591971] usbcore: registered new interface driver usbhid
[STDERR  ] 2017-10-30T12:53:03.404106873Z: [   30.592300] usbhid: USB HID core driver
[STDERR  ] 2017-10-30T12:53:03.404116796Z: [   30.592847] hv_utils: Registering HyperV Utility Driver
[STDERR  ] 2017-10-30T12:53:03.404122533Z: [   30.593134] hv_vmbus: registering driver hv_util
[STDERR  ] 2017-10-30T12:53:03.404127958Z: [   30.593440] hv_vmbus: registering driver hv_balloon
[STDERR  ] 2017-10-30T12:53:03.404134123Z: [   30.593946] oprofile: using NMI interrupt.
[STDERR  ] 2017-10-30T12:53:03.40413965Z: [   30.595040] GACT probability on
[STDERR  ] 2017-10-30T12:53:03.404145206Z: [   30.595557] Mirror/redirect action on
[STDERR  ] 2017-10-30T12:53:03.404150715Z: [   30.596460] Simple TC action Loaded
[STDERR  ] 2017-10-30T12:53:03.404156173Z: [   30.597023] u32 classifier
[STDERR  ] 2017-10-30T12:53:03.404161855Z: [   30.597228]     Performance counters on
[STDERR  ] 2017-10-30T12:53:03.404167299Z: [   30.597429]     input device check on
[STDERR  ] 2017-10-30T12:53:03.404173089Z: [   30.597652]     Actions configured
[STDERR  ] 2017-10-30T12:53:03.404178577Z: [   30.598304] Netfilter messages via NETLINK v0.30.
[STDERR  ] 2017-10-30T12:53:03.404184182Z: [   30.598773] nfnl_acct: registering with nfnetlink.
[STDERR  ] 2017-10-30T12:53:03.404192566Z: [   30.600734] nf_conntrack version 0.5.0 (16384 buckets, 65536 max)
[STDERR  ] 2017-10-30T12:53:03.40420126Z: [   30.603686] ctnetlink v0.93: registering with nfnetlink.
[STDERR  ] 2017-10-30T12:53:03.404207214Z: [   30.606860] nf_tables: (c) 2007-2009 Patrick McHardy <kaber@trash.net>
[STDERR  ] 2017-10-30T12:53:03.404212814Z: [   30.607660] nf_tables_compat: (c) 2012 Pablo Neira Ayuso <pablo@netfilter.org>
[STDERR  ] 2017-10-30T12:53:03.404218405Z: [   30.609987] xt_time: kernel timezone is -0000
[STDERR  ] 2017-10-30T12:53:03.404224002Z: [   30.610910] ip_set: protocol 6
[STDERR  ] 2017-10-30T12:53:03.404229627Z: [   30.611546] IPVS: Registered protocols (TCP, UDP, SCTP, AH, ESP)
[STDERR  ] 2017-10-30T12:53:03.40423532Z: [   30.612131] IPVS: Connection hash table configured (size=4096, memory=64Kbytes)
[STDERR  ] 2017-10-30T12:53:03.404241086Z: [   30.613830] IPVS: Creating netns size=2104 id=0
[STDERR  ] 2017-10-30T12:53:03.404246754Z: [   30.616457] IPVS: ipvs loaded.
[STDERR  ] 2017-10-30T12:53:03.404252233Z: [   30.616810] IPVS: [rr] scheduler registered.
[STDERR  ] 2017-10-30T12:53:03.404257757Z: [   30.617112] IPVS: [wrr] scheduler registered.
[STDERR  ] 2017-10-30T12:53:03.404265266Z: [   30.617351] IPVS: [lc] scheduler registered.
[STDERR  ] 2017-10-30T12:53:03.40427271Z: [   30.617614] IPVS: [wlc] scheduler registered.
[STDERR  ] 2017-10-30T12:53:03.404280781Z: [   30.617862] IPVS: [fo] scheduler registered.
[STDERR  ] 2017-10-30T12:53:03.404287202Z: [   30.618111] IPVS: [ovf] scheduler registered.
[STDERR  ] 2017-10-30T12:53:03.404292755Z: [   30.618534] IPVS: [lblc] scheduler registered.
[STDERR  ] 2017-10-30T12:53:03.404298186Z: [   30.618946] IPVS: [lblcr] scheduler registered.
[STDERR  ] 2017-10-30T12:53:03.40430369Z: [   30.619228] IPVS: [dh] scheduler registered.
[STDERR  ] 2017-10-30T12:53:03.404309301Z: [   30.619415] IPVS: [sh] scheduler registered.
[STDERR  ] 2017-10-30T12:53:03.404314975Z: [   30.619646] IPVS: [sed] scheduler registered.
[STDERR  ] 2017-10-30T12:53:03.404325456Z: [   30.619908] IPVS: [nq] scheduler registered.
[STDERR  ] 2017-10-30T12:53:03.404331189Z: [   30.621097] IPVS: ftp: loaded support on port[0] = 21
[STDERR  ] 2017-10-30T12:53:03.4043391Z: [   30.621990] ipip: IPv4 and MPLS over IPv4 tunneling driver
[STDERR  ] 2017-10-30T12:53:03.40434824Z: [   30.626132] gre: GRE over IPv4 demultiplexor driver
[STDERR  ] 2017-10-30T12:53:03.404357818Z: [   30.628828] ip_tables: (C) 2000-2006 Netfilter Core Team
[STDERR  ] 2017-10-30T12:53:03.404365276Z: [   30.632556] ipt_CLUSTERIP: ClusterIP Version 0.8 loaded successfully
[STDERR  ] 2017-10-30T12:53:03.404371113Z: [   30.633303] arp_tables: arp_tables: (C) 2002 David S. Miller
[STDERR  ] 2017-10-30T12:53:03.404376788Z: [   30.635580] NET: Registered protocol family 10
[STDERR  ] 2017-10-30T12:53:03.404382429Z: [   30.645404] ip6_tables: (C) 2000-2006 Netfilter Core Team
[STDERR  ] 2017-10-30T12:53:03.404392832Z: [   30.654146] NET: Registered protocol family 17
[STDERR  ] 2017-10-30T12:53:03.404398613Z: [   30.655272] Bridge firewalling registered
[STDERR  ] 2017-10-30T12:53:03.4044043Z: [   30.655753] Ebtables v2.0 registered
[STDERR  ] 2017-10-30T12:53:03.404410048Z: [   30.657716] 8021q: 802.1Q VLAN Support v1.8
[STDERR  ] 2017-10-30T12:53:03.404415639Z: [   30.659209] 9pnet: Installing 9P2000 support
[STDERR  ] 2017-10-30T12:53:03.404421324Z: [   30.661264] Key type dns_resolver registered
[STDERR  ] 2017-10-30T12:53:03.404426941Z: [   30.662285] microcode: AMD CPU family 0x6 not supported
[STDERR  ] 2017-10-30T12:53:03.404432728Z: [   30.665730] registered taskstats version 1
[STDERR  ] 2017-10-30T12:53:03.404447588Z: [   30.835577] Key type big_key registered
[STDERR  ] 2017-10-30T12:53:03.404453521Z: [   30.864075] ata4: SATA link down (SStatus 0 SControl 300)
[STDERR  ] 2017-10-30T12:53:03.404462302Z: [   30.867075] ata3: SATA link up 1.5 Gbps (SStatus 113 SControl 300)
[STDERR  ] 2017-10-30T12:53:03.404468509Z: [   30.870317] ata2: SATA link down (SStatus 0 SControl 300)
[STDERR  ] 2017-10-30T12:53:03.404477799Z: [   30.870853] ata1: SATA link up 1.5 Gbps (SStatus 113 SControl 300)
[STDERR  ] 2017-10-30T12:53:03.404486662Z: [   30.872926] ata1.00: ATA-7: QEMU HARDDISK, 2.5+, max UDMA/100
[STDERR  ] 2017-10-30T12:53:03.404492908Z: [   30.873415] ata1.00: 4194304 sectors, multi 16: LBA48 NCQ (depth 31/32)
[STDERR  ] 2017-10-30T12:53:03.404498581Z: [   30.873985] ata1.00: applying bridge limits
[STDERR  ] 2017-10-30T12:53:03.404506118Z: [   30.875540] ata5: SATA link down (SStatus 0 SControl 300)
[STDERR  ] 2017-10-30T12:53:03.404512092Z: [   30.876211] ata6: SATA link down (SStatus 0 SControl 300)
[STDERR  ] 2017-10-30T12:53:03.40451787Z: [   30.876942] ata3.00: ATAPI: QEMU DVD-ROM, 2.5+, max UDMA/100
[STDERR  ] 2017-10-30T12:53:03.404524667Z: [   30.877346] ata3.00: applying bridge limits
[STDERR  ] 2017-10-30T12:53:03.404530442Z: [   30.878442] ata3.00: configured for UDMA/100
[STDERR  ] 2017-10-30T12:53:03.404535993Z: [   30.884542] ata1.00: configured for UDMA/100
[STDERR  ] 2017-10-30T12:53:03.404541777Z: [   30.912488] scsi 0:0:0:0: Direct-Access     ATA      QEMU HARDDISK    2.5+ PQ: 0 ANSI: 5
[STDERR  ] 2017-10-30T12:53:03.404547415Z: [   30.921645] sd 0:0:0:0: [sda] 4194304 512-byte logical blocks: (2.15 GB/2.00 GiB)
[STDERR  ] 2017-10-30T12:53:03.404553419Z: [   30.932729] sd 0:0:0:0: [sda] Write Protect is off
[STDERR  ] 2017-10-30T12:53:03.404559043Z: [   30.935204] sd 0:0:0:0: [sda] Write cache: enabled, read cache: enabled, doesn't support DPO or FUA
[STDERR  ] 2017-10-30T12:53:03.404565256Z: [   30.936442] sd 0:0:0:0: Attached scsi generic sg0 type 0
[STDERR  ] 2017-10-30T12:53:03.404570764Z: [   30.945394] scsi 2:0:0:0: CD-ROM            QEMU     QEMU DVD-ROM     2.5+ PQ: 0 ANSI: 5
[STDERR  ] 2017-10-30T12:53:03.404576343Z: [   30.962711] sr 2:0:0:0: [sr0] scsi3-mmc drive: 4x/4x cd/rw xa/form2 tray
[STDERR  ] 2017-10-30T12:53:03.40458214Z: [   30.963439] cdrom: Uniform CD-ROM driver Revision: 3.20
[STDERR  ] 2017-10-30T12:53:03.404587786Z: [   30.986589] sr 2:0:0:0: Attached scsi generic sg1 type 5
[STDERR  ] 2017-10-30T12:53:03.404593408Z: [   31.002587] sd 0:0:0:0: [sda] Attached SCSI disk
[STDERR  ] 2017-10-30T12:53:03.404599024Z: [   31.047631] Key type encrypted registered
[STDERR  ] 2017-10-30T12:53:03.404606346Z: [   31.053745] rtc_cmos 00:00: setting system clock to 2017-10-30 12:42:30 UTC (1509367350)
[STDERR  ] 2017-10-30T12:53:03.404613951Z: [   31.204666] Freeing unused kernel memory: 1380K
[STDERR  ] 2017-10-30T12:53:03.404621135Z: [   31.205021] Write protecting the kernel read-only data: 12288k
[STDERR  ] 2017-10-30T12:53:03.404626892Z: [   31.207983] tsc: Refined TSC clocksource calibration: 2599.921 MHz
[STDERR  ] 2017-10-30T12:53:03.404632662Z: [   31.208557] clocksource: tsc: mask: 0xffffffffffffffff max_cycles: 0x2579f1c968b, max_idle_ns: 440795314142 ns
[STDERR  ] 2017-10-30T12:53:03.404638504Z: [   31.214223] Freeing unused kernel memory: 124K
[STDERR  ] 2017-10-30T12:53:03.404644101Z: [   31.304678] Freeing unused kernel memory: 1392K
[STDERR  ] 2017-10-30T12:53:03.404655505Z: [   32.221212] clocksource: Switched to clocksource tsc
[STDERR  ] 2017-10-30T12:53:03.40466264Z: 
[STDERR  ] 2017-10-30T12:53:03.404670165Z: Welcome to LinuxKit
[STDERR  ] 2017-10-30T12:53:03.404676106Z: 
[STDERR  ] 2017-10-30T12:53:03.404681907Z:                         ##         .
[STDERR  ] 2017-10-30T12:53:03.404687664Z:                   ## ## ##        ==
[STDERR  ] 2017-10-30T12:53:03.404693841Z:                ## ## ## ## ##    ===
[STDERR  ] 2017-10-30T12:53:03.404699326Z:            /"""""""""""""""""\___/ ===
[STDERR  ] 2017-10-30T12:53:03.404710691Z:           {                       /  ===-
[STDERR  ] 2017-10-30T12:53:03.404716401Z:            \______ O           __/
[STDERR  ] 2017-10-30T12:53:03.404722048Z:              \    \         __/
[STDERR  ] 2017-10-30T12:53:03.404727642Z:               \____\_______/
[STDERR  ] 2017-10-30T12:53:03.404734373Z: 
[STDERR  ] 2017-10-30T12:53:03.404739897Z: [  109.725317] 8021q: adding VLAN 0 to HW filter on device eth0
[STDERR  ] 2017-10-30T12:53:03.404748866Z: eth0: waiting for carrier
[STDERR  ] 2017-10-30T12:53:03.404757471Z: eth0: carrier acquired
[STDERR  ] 2017-10-30T12:53:03.404763418Z: DUID 00:01:00:01:21:89:db:04:2a:ec:16:c7:f6:9f
[STDERR  ] 2017-10-30T12:53:03.404769045Z: eth0: IAID 16:c7:f6:9f
[STDERR  ] 2017-10-30T12:53:03.404774663Z: eth0: adding address fe80::4e8e:ce78:e481:4b5d
[STDERR  ] 2017-10-30T12:53:03.404780218Z: eth0: soliciting an IPv6 router
[STDERR  ] 2017-10-30T12:53:03.404785734Z: eth0: soliciting a DHCP lease
[STDERR  ] 2017-10-30T12:53:03.404791428Z: eth0: offered 10.0.2.15 from 10.0.2.2
[STDERR  ] 2017-10-30T12:53:03.404797088Z: eth0: leased 10.0.2.15 for 86400 seconds
[STDERR  ] 2017-10-30T12:53:03.404802709Z: eth0: adding route to 10.0.2.0/24
[STDERR  ] 2017-10-30T12:53:03.404813756Z: eth0: adding default route via 10.0.2.2
[STDERR  ] 2017-10-30T12:53:03.404819406Z: exiting due to oneshot
[STDERR  ] 2017-10-30T12:53:03.404824905Z: dhcpcd exited
[STDERR  ] 2017-10-30T12:53:03.404830783Z: [  112.197047] IPVS: Creating netns size=2104 id=1
[STDERR  ] 2017-10-30T12:53:03.404840448Z: [  112.197562] IPVS: ftp: loaded support on port[0] = 21
[STDERR  ] 2017-10-30T12:53:03.404846397Z: 2017/10/30 12:43:52 Creating partition on /dev/sda
[STDERR  ] 2017-10-30T12:53:03.404851929Z: [  113.523566]  sda:
[STDERR  ] 2017-10-30T12:53:03.404857744Z: [  113.594779]  sda:
[STDERR  ] 2017-10-30T12:53:03.404863294Z: [  113.626394]  sda: sda1
[STDERR  ] 2017-10-30T12:53:03.404869373Z: [  113.700655]  sda: sda1
[STDERR  ] 2017-10-30T12:53:03.40487543Z: [  116.005395] random: crng init done
[STDERR  ] 2017-10-30T12:53:03.404881059Z: 2017/10/30 12:43:55 Partition /dev/sda1 successfully created!
[STDERR  ] 2017-10-30T12:53:03.404887191Z: [  117.472157] IPVS: Creating netns size=2104 id=2
[STDERR  ] 2017-10-30T12:53:03.40489279Z: [  117.472431] IPVS: ftp: loaded support on port[0] = 21
[STDERR  ] 2017-10-30T12:53:03.404898378Z: [  118.637199] EXT4-fs (sda1): couldn't mount as ext3 due to feature incompatibilities
[STDERR  ] 2017-10-30T12:53:03.404908435Z: [  118.646304] EXT4-fs (sda1): couldn't mount as ext2 due to feature incompatibilities
[STDERR  ] 2017-10-30T12:53:03.404914198Z: [  118.673036] EXT4-fs (sda1): mounted filesystem with ordered data mode. Opts: (null)
[STDERR  ] 2017-10-30T12:53:03.404919848Z: v1.0.0-beta.2
[STDERR  ] 2017-10-30T12:53:03.404925481Z: a543c937eb0a05e1636714ee2be70819d745b960
[STDERR  ] 2017-10-30T12:53:03.404931175Z: ðŸ‡© root-test
[STDERR  ] 2017-10-30T12:53:03.404936678Z: [  227.800810] XFS (loop0): Mounting V4 Filesystem
[STDERR  ] 2017-10-30T12:53:03.404942419Z: [  227.845997] XFS (loop0): Ending clean mount
[STDERR  ] 2017-10-30T12:53:03.404948089Z: [  227.915987] XFS (loop0): Unmounting Filesystem
[STDERR  ] 2017-10-30T12:53:03.404953854Z: [  228.574002] XFS (loop0): Mounting V4 Filesystem
[STDERR  ] 2017-10-30T12:53:03.404959517Z: [  228.614881] XFS (loop0): Ending clean mount
[STDERR  ] 2017-10-30T12:53:03.404965352Z: [  228.640929] XFS (loop0): Unmounting Filesystem
[STDERR  ] 2017-10-30T12:53:03.404971156Z: ok  	github.com/containerd/containerd/fs	2.277s
[STDERR  ] 2017-10-30T12:53:03.404976873Z: ok  	github.com/containerd/containerd/metadata	5.663s
[STDERR  ] 2017-10-30T12:53:03.404982457Z: [  482.312866] XFS (loop2): Mounting V5 Filesystem
[STDERR  ] 2017-10-30T12:53:03.404988139Z: [  482.359112] XFS (loop2): Ending clean mount
[STDERR  ] 2017-10-30T12:53:03.404993813Z: [  482.515695] XFS (loop2): Unmounting Filesystem
[STDERR  ] 2017-10-30T12:53:03.40500375Z: ok  	github.com/containerd/containerd/mount/lookup_test	1.516s
[STDERR  ] 2017-10-30T12:53:03.405009648Z: [  533.910317] raid6: sse2x1   gen()   332 MB/s
[STDERR  ] 2017-10-30T12:53:03.405015396Z: [  534.080387] raid6: sse2x1   xor()   164 MB/s
[STDERR  ] 2017-10-30T12:53:03.40502113Z: [  534.250397] raid6: sse2x2   gen()   248 MB/s
[STDERR  ] 2017-10-30T12:53:03.405028847Z: [  534.420225] raid6: sse2x2   xor()   177 MB/s
[STDERR  ] 2017-10-30T12:53:03.405034534Z: [  534.590287] raid6: sse2x4   gen()   300 MB/s
[STDERR  ] 2017-10-30T12:53:03.405043428Z: [  534.760349] raid6: sse2x4   xor()   168 MB/s
[STDERR  ] 2017-10-30T12:53:03.405052094Z: [  534.760793] raid6: using algorithm sse2x1 gen() 332 MB/s
[STDERR  ] 2017-10-30T12:53:03.405057889Z: [  534.761181] raid6: .... xor() 164 MB/s, rmw enabled
[STDERR  ] 2017-10-30T12:53:03.405063451Z: [  534.761661] raid6: using intx1 recovery algorithm
[STDERR  ] 2017-10-30T12:53:03.405068898Z: [  534.785806] xor: measuring software checksum speed
[STDERR  ] 2017-10-30T12:53:03.405074666Z: [  534.880260]    prefetch64-sse:   649.600 MB/sec
[STDERR  ] 2017-10-30T12:53:03.405080207Z: [  534.980224]    generic_sse:   640.800 MB/sec
[STDERR  ] 2017-10-30T12:53:03.405085822Z: [  534.980725] xor: using function: prefetch64-sse (649.600 MB/sec)
[STDERR  ] 2017-10-30T12:53:03.405091362Z: [  535.152698] Btrfs loaded, crc32c=crc32c-generic
[STDERR  ] 2017-10-30T12:53:03.405096946Z: [  535.161360] BTRFS: device fsid 65e1fe73-1118-4642-9f03-624858a6a711 devid 1 transid 5 /dev/loop2
[STDERR  ] 2017-10-30T12:53:03.405102534Z: [  535.201585] BTRFS info (device loop2): disk space caching is enabled
[STDERR  ] 2017-10-30T12:53:03.405108639Z: [  535.202194] BTRFS info (device loop2): has skinny extents
[STDERR  ] 2017-10-30T12:53:03.405118772Z: [  535.202536] BTRFS info (device loop2): flagging fs with big metadata feature
[STDERR  ] 2017-10-30T12:53:03.405125069Z: [  535.247267] BTRFS info (device loop2): creating UUID tree
[STDERR  ] 2017-10-30T12:53:03.405130632Z: [  537.148212] BTRFS: device fsid 92a9326f-ba93-4e59-8df4-520cc18d883e devid 1 transid 5 /dev/loop2
[STDERR  ] 2017-10-30T12:53:03.405136286Z: [  537.313932] BTRFS info (device loop2): disk space caching is enabled
[STDERR  ] 2017-10-30T12:53:03.405141986Z: [  537.314376] BTRFS info (device loop2): has skinny extents
[STDERR  ] 2017-10-30T12:53:03.405147527Z: [  537.314698] BTRFS info (device loop2): flagging fs with big metadata feature
[STDERR  ] 2017-10-30T12:53:03.405153049Z: [  537.348876] BTRFS info (device loop2): creating UUID tree
[STDERR  ] 2017-10-30T12:53:03.405158732Z: [  538.548184] BTRFS: device fsid 6fc04aa7-b0cc-4dc6-910a-8874efc307a4 devid 1 transid 5 /dev/loop2
[STDERR  ] 2017-10-30T12:53:03.40516446Z: [  538.713767] BTRFS info (device loop2): disk space caching is enabled
[STDERR  ] 2017-10-30T12:53:03.405169989Z: [  538.714222] BTRFS info (device loop2): has skinny extents
[STDERR  ] 2017-10-30T12:53:03.405175578Z: [  538.714663] BTRFS info (device loop2): flagging fs with big metadata feature
[STDERR  ] 2017-10-30T12:53:03.405181429Z: [  538.750618] BTRFS info (device loop2): creating UUID tree
[STDERR  ] 2017-10-30T12:53:03.40518695Z: [  540.403257] BTRFS: device fsid 9470a14e-7f29-4f88-8783-cbee9afa68ac devid 1 transid 5 /dev/loop2
[STDERR  ] 2017-10-30T12:53:03.405192654Z: [  540.563713] BTRFS info (device loop2): disk space caching is enabled
[STDERR  ] 2017-10-30T12:53:03.405198304Z: [  540.564229] BTRFS info (device loop2): has skinny extents
[STDERR  ] 2017-10-30T12:53:03.405208767Z: [  540.564607] BTRFS info (device loop2): flagging fs with big metadata feature
[STDERR  ] 2017-10-30T12:53:03.405214559Z: [  540.599292] BTRFS info (device loop2): creating UUID tree
[STDERR  ] 2017-10-30T12:53:03.405220234Z: [  542.533065] BTRFS: device fsid 8f719161-8b17-43e2-818e-74e609b2f992 devid 1 transid 5 /dev/loop2
[STDERR  ] 2017-10-30T12:53:03.405225941Z: [  542.693874] BTRFS info (device loop2): disk space caching is enabled
[STDERR  ] 2017-10-30T12:53:03.405231633Z: [  542.694417] BTRFS info (device loop2): has skinny extents
[STDERR  ] 2017-10-30T12:53:03.405237202Z: [  542.694764] BTRFS info (device loop2): flagging fs with big metadata feature
[STDERR  ] 2017-10-30T12:53:03.405242814Z: [  542.730975] BTRFS info (device loop2): creating UUID tree
[STDERR  ] 2017-10-30T12:53:03.405248494Z: [  544.036484] BTRFS: device fsid e23d4afd-a362-4f39-b93a-a7bed53d4965 devid 1 transid 5 /dev/loop2
[STDERR  ] 2017-10-30T12:53:03.405254221Z: [  544.203894] BTRFS info (device loop2): disk space caching is enabled
[STDERR  ] 2017-10-30T12:53:03.405259698Z: [  544.204514] BTRFS info (device loop2): has skinny extents
[STDERR  ] 2017-10-30T12:53:03.405271168Z: [  544.204726] BTRFS info (device loop2): flagging fs with big metadata feature
[STDERR  ] 2017-10-30T12:53:03.405277099Z: [  544.238287] BTRFS info (device loop2): creating UUID tree
[STDERR  ] 2017-10-30T12:53:03.40528268Z: [  546.503003] BTRFS: device fsid 15dc2b8b-7ae9-4967-9a27-68e54b2d2e31 devid 1 transid 5 /dev/loop2
[STDERR  ] 2017-10-30T12:53:03.405288256Z: [  546.663885] BTRFS info (device loop2): disk space caching is enabled
[STDERR  ] 2017-10-30T12:53:03.405293785Z: [  546.664412] BTRFS info (device loop2): has skinny extents
[STDERR  ] 2017-10-30T12:53:03.405299342Z: [  546.664802] BTRFS info (device loop2): flagging fs with big metadata feature
[STDERR  ] 2017-10-30T12:53:03.405304993Z: [  546.700687] BTRFS info (device loop2): creating UUID tree
[STDERR  ] 2017-10-30T12:53:03.405310572Z: [  548.444852] BTRFS: device fsid 3b066733-eb56-4433-9987-d3b42b8c2b8b devid 1 transid 5 /dev/loop2
[STDERR  ] 2017-10-30T12:53:03.405316168Z: [  548.623864] BTRFS info (device loop2): disk space caching is enabled
[STDERR  ] 2017-10-30T12:53:03.405321635Z: [  548.624312] BTRFS info (device loop2): has skinny extents
[STDERR  ] 2017-10-30T12:53:03.405327261Z: [  548.624672] BTRFS info (device loop2): flagging fs with big metadata feature
[STDERR  ] 2017-10-30T12:53:03.405333212Z: [  548.659974] BTRFS info (device loop2): creating UUID tree
[STDERR  ] 2017-10-30T12:53:03.405340767Z: [  550.652829] BTRFS: device fsid 7e8f3fe3-d75e-4058-aa7b-4c2b850aeae7 devid 1 transid 5 /dev/loop2
[STDERR  ] 2017-10-30T12:53:03.405346384Z: [  550.823900] BTRFS info (device loop2): disk space caching is enabled
[STDERR  ] 2017-10-30T12:53:03.405351921Z: [  550.824379] BTRFS info (device loop2): has skinny extents
[STDERR  ] 2017-10-30T12:53:03.405362318Z: [  550.824745] BTRFS info (device loop2): flagging fs with big metadata feature
[STDERR  ] 2017-10-30T12:53:03.405367945Z: [  550.860036] BTRFS info (device loop2): creating UUID tree
[STDERR  ] 2017-10-30T12:53:03.405375066Z: [  556.874647] BTRFS: device fsid 897210d8-fb3a-407a-80d9-e9a9f327a41a devid 1 transid 5 /dev/loop2
[STDERR  ] 2017-10-30T12:53:03.405380742Z: [  557.045343] BTRFS info (device loop2): disk space caching is enabled
[STDERR  ] 2017-10-30T12:53:03.405386289Z: [  557.045805] BTRFS info (device loop2): has skinny extents
[STDERR  ] 2017-10-30T12:53:03.405391811Z: [  557.046149] BTRFS info (device loop2): flagging fs with big metadata feature
[STDERR  ] 2017-10-30T12:53:03.405397348Z: [  557.082086] BTRFS info (device loop2): creating UUID tree
[STDERR  ] 2017-10-30T12:53:03.405402949Z: [  558.638225] BTRFS: device fsid 34207590-ff40-45ef-b6cd-b99729cb0588 devid 1 transid 5 /dev/loop2
[STDERR  ] 2017-10-30T12:53:03.405412817Z: [  558.803797] BTRFS info (device loop2): disk space caching is enabled
[STDERR  ] 2017-10-30T12:53:03.405418541Z: [  558.804283] BTRFS info (device loop2): has skinny extents
[STDERR  ] 2017-10-30T12:53:03.405424155Z: [  558.804640] BTRFS info (device loop2): flagging fs with big metadata feature
[STDERR  ] 2017-10-30T12:53:03.405430136Z: [  558.839909] BTRFS info (device loop2): creating UUID tree
[STDERR  ] 2017-10-30T12:53:03.405435732Z: [  560.983765] BTRFS: device fsid 83fe308a-12e0-4616-b570-47c132ab1e05 devid 1 transid 5 /dev/loop2
[STDERR  ] 2017-10-30T12:53:03.405445902Z: [  561.153905] BTRFS info (device loop2): disk space caching is enabled
[STDERR  ] 2017-10-30T12:53:03.405451595Z: [  561.154368] BTRFS info (device loop2): has skinny extents
[STDERR  ] 2017-10-30T12:53:03.405457227Z: [  561.154750] BTRFS info (device loop2): flagging fs with big metadata feature
[STDERR  ] 2017-10-30T12:53:03.40546276Z: [  561.189494] BTRFS info (device loop2): creating UUID tree
[STDERR  ] 2017-10-30T12:53:03.405468324Z: [  562.489515] BTRFS: device fsid 354cc0a8-3a90-4b54-b4f1-59e721912701 devid 1 transid 5 /dev/loop2
[STDERR  ] 2017-10-30T12:53:03.40547408Z: [  562.654087] BTRFS info (device loop2): disk space caching is enabled
[STDERR  ] 2017-10-30T12:53:03.40548302Z: [  562.654622] BTRFS info (device loop2): has skinny extents
[STDERR  ] 2017-10-30T12:53:03.40549129Z: [  562.654992] BTRFS info (device loop2): flagging fs with big metadata feature
[STDERR  ] 2017-10-30T12:53:03.405497159Z: [  562.691028] BTRFS info (device loop2): creating UUID tree
[STDERR  ] 2017-10-30T12:53:03.405503012Z: [  563.979092] BTRFS: device fsid 8a6c7949-b050-4ca3-b95b-28140d1e63d5 devid 1 transid 5 /dev/loop2
[STDERR  ] 2017-10-30T12:53:03.405508668Z: [  564.144344] BTRFS info (device loop2): disk space caching is enabled
[STDERR  ] 2017-10-30T12:53:03.405514211Z: [  564.145087] BTRFS info (device loop2): has skinny extents
[STDERR  ] 2017-10-30T12:53:03.405519781Z: [  564.145478] BTRFS info (device loop2): flagging fs with big metadata feature
[STDERR  ] 2017-10-30T12:53:03.405525344Z: [  564.180659] BTRFS info (device loop2): creating UUID tree
[STDERR  ] 2017-10-30T12:53:03.405530884Z: [  565.317351] BTRFS: device fsid 9cf9477a-1716-44e5-af28-d91adf5bab8c devid 1 transid 5 /dev/loop2
[STDERR  ] 2017-10-30T12:53:03.405536564Z: [  565.494104] BTRFS info (device loop2): disk space caching is enabled
[STDERR  ] 2017-10-30T12:53:03.405542134Z: [  565.494621] BTRFS info (device loop2): has skinny extents
[STDERR  ] 2017-10-30T12:53:03.405547689Z: [  565.494957] BTRFS info (device loop2): flagging fs with big metadata feature
[STDERR  ] 2017-10-30T12:53:03.405553603Z: [  565.531071] BTRFS info (device loop2): creating UUID tree
[STDERR  ] 2017-10-30T12:53:03.405559161Z: [  566.530771] BTRFS: device fsid e87fb1d9-b2bf-46ba-8314-6e5b3d9ec369 devid 1 transid 5 /dev/loop2
[STDERR  ] 2017-10-30T12:53:03.405564732Z: [  566.694640] BTRFS info (device loop2): disk space caching is enabled
[STDERR  ] 2017-10-30T12:53:03.405570381Z: [  566.695109] BTRFS info (device loop2): has skinny extents
[STDERR  ] 2017-10-30T12:53:03.405576077Z: [  566.695423] BTRFS info (device loop2): flagging fs with big metadata feature
[STDERR  ] 2017-10-30T12:53:03.405581706Z: [  566.732411] BTRFS info (device loop2): creating UUID tree
[STDERR  ] 2017-10-30T12:53:03.405587282Z: ok  	github.com/containerd/containerd/snapshot/btrfs	34.887s
[STDERR  ] 2017-10-30T12:53:03.405593009Z: ok  	github.com/containerd/containerd/snapshot/naive	4.542s
[STDERR  ] 2017-10-30T12:53:03.405608152Z: ok  	github.com/containerd/containerd/snapshot/overlay	5.507s
[STDERR  ] 2017-10-30T12:53:03.405613849Z: containerd test suite PASSED
[STDERR  ] 2017-10-30T12:53:03.405619382Z: [  663.917905] sd 0:0:0:0: [sda] Synchronizing SCSI cache
[STDERR  ] 2017-10-30T12:53:03.405624975Z: [  663.919809] sd 0:0:0:0: [sda] Stopping disk
[STDERR  ] 2017-10-30T12:53:03.405630517Z: [  663.926145] ACPI: Preparing to enter system sleep state S5
[STDERR  ] 2017-10-30T12:53:03.405636046Z: [  663.929295] reboot: Power down
[STDERR  ] 2017-10-30T12:53:03.405641771Z: + echo [    0.000000] Linux version 4.9.59-linuxkit (root@01324b49428a) (gcc version 6.3.0 (Alpine 6.3.0) ) #1 SMP Sat Oct 28 17:03:21 UTC 2017
[STDERR  ] 2017-10-30T12:53:03.405648207Z: [    0.000000] Command line: console=ttyS0 page_poison=1
[STDERR  ] 2017-10-30T12:53:03.405653804Z: [    0.000000] x86/fpu: Legacy x87 FPU detected.
[STDERR  ] 2017-10-30T12:53:03.405659422Z: [    0.000000] x86/fpu: Using 'eager' FPU context switches.
[STDERR  ] 2017-10-30T12:53:03.405665217Z: [    0.000000] e820: BIOS-provided physical RAM map:
[STDERR  ] 2017-10-30T12:53:03.405670742Z: [    0.000000] BIOS-e820: [mem 0x0000000000000000-0x000000000009fbff] usable
[STDERR  ] 2017-10-30T12:53:03.405676514Z: [    0.000000] BIOS-e820: [mem 0x000000000009fc00-0x000000000009ffff] reserved
[STDERR  ] 2017-10-30T12:53:03.405682067Z: [    0.000000] BIOS-e820: [mem 0x00000000000f0000-0x00000000000fffff] reserved
[STDERR  ] 2017-10-30T12:53:03.405687768Z: [    0.000000] BIOS-e820: [mem 0x0000000000100000-0x000000007ffdefff] usable
[STDERR  ] 2017-10-30T12:53:03.405693274Z: [    0.000000] BIOS-e820: [mem 0x000000007ffdf000-0x000000007fffffff] reserved
[STDERR  ] 2017-10-30T12:53:03.405698886Z: [    0.000000] BIOS-e820: [mem 0x00000000b0000000-0x00000000bfffffff] reserved
[STDERR  ] 2017-10-30T12:53:03.405707542Z: [    0.000000] BIOS-e820: [mem 0x00000000fed1c000-0x00000000fed1ffff] reserved
[STDERR  ] 2017-10-30T12:53:03.405718268Z: [    0.000000] BIOS-e820: [mem 0x00000000fffc0000-0x00000000ffffffff] reserved
[STDERR  ] 2017-10-30T12:53:03.405726716Z: [    0.000000] NX (Execute Disable) protection: active
[STDERR  ] 2017-10-30T12:53:03.405732653Z: [    0.000000] SMBIOS 2.8 present.
[STDERR  ] 2017-10-30T12:53:03.405738819Z: [    0.000000] e820: last_pfn = 0x7ffdf max_arch_pfn = 0x400000000
[STDERR  ] 2017-10-30T12:53:03.405744443Z: [    0.000000] x86/PAT: Configuration [0-7]: WB  WC  UC- UC  WB  WC  UC- WT  
[STDERR  ] 2017-10-30T12:53:03.405750456Z: [    0.000000] found SMP MP-table at [mem 0x000f6aa0-0x000f6aaf] mapped at [ffffa0c2800f6aa0]
[STDERR  ] 2017-10-30T12:53:03.405756364Z: [    0.000000] RAMDISK: [mem 0x71afa000-0x7ffcffff]
[STDERR  ] 2017-10-30T12:53:03.405762639Z: [    0.000000] ACPI: Early table checksum verification disabled
[STDERR  ] 2017-10-30T12:53:03.40576836Z: [    0.000000] ACPI: RSDP 0x00000000000F68C0 000014 (v00 BOCHS )
[STDERR  ] 2017-10-30T12:53:03.405774399Z: [    0.000000] ACPI: RSDT 0x000000007FFE2404 000034 (v01 BOCHS  BXPCRSDT 00000001 BXPC 00000001)
[STDERR  ] 2017-10-30T12:53:03.405781626Z: [    0.000000] ACPI: FACP 0x000000007FFE22A4 000074 (v01 BOCHS  BXPCFACP 00000001 BXPC 00000001)
[STDERR  ] 2017-10-30T12:53:03.405787328Z: [    0.000000] ACPI: DSDT 0x000000007FFE0040 002264 (v01 BOCHS  BXPCDSDT 00000001 BXPC 00000001)
[STDERR  ] 2017-10-30T12:53:03.405792994Z: [    0.000000] ACPI: FACS 0x000000007FFE0000 000040
[STDERR  ] 2017-10-30T12:53:03.405798596Z: [    0.000000] ACPI: APIC 0x000000007FFE2318 000078 (v01 BOCHS  BXPCAPIC 00000001 BXPC 00000001)
[STDERR  ] 2017-10-30T12:53:03.405804327Z: [    0.000000] ACPI: HPET 0x000000007FFE2390 000038 (v01 BOCHS  BXPCHPET 00000001 BXPC 00000001)
[STDERR  ] 2017-10-30T12:53:03.405809935Z: [    0.000000] ACPI: MCFG 0x000000007FFE23C8 00003C (v01 BOCHS  BXPCMCFG 00000001 BXPC 00000001)
[STDERR  ] 2017-10-30T12:53:03.405815466Z: [    0.000000] Zone ranges:
[STDERR  ] 2017-10-30T12:53:03.405821409Z: [    0.000000]   DMA      [mem 0x0000000000001000-0x0000000000ffffff]
[STDERR  ] 2017-10-30T12:53:03.405826938Z: [    0.000000]   DMA32    [mem 0x0000000001000000-0x000000007ffdefff]
[STDERR  ] 2017-10-30T12:53:03.405832989Z: [    0.000000]   Normal   empty
[STDERR  ] 2017-10-30T12:53:03.405843498Z: [    0.000000] Movable zone start for each node
[STDERR  ] 2017-10-30T12:53:03.405849308Z: [    0.000000] Early memory node ranges
[STDERR  ] 2017-10-30T12:53:03.405855229Z: [    0.000000]   node   0: [mem 0x0000000000001000-0x000000000009efff]
[STDERR  ] 2017-10-30T12:53:03.405861495Z: [    0.000000]   node   0: [mem 0x0000000000100000-0x000000007ffdefff]
[STDERR  ] 2017-10-30T12:53:03.405867545Z: [    0.000000] Initmem setup node 0 [mem 0x0000000000001000-0x000000007ffdefff]
[STDERR  ] 2017-10-30T12:53:03.405873179Z: [    0.000000] ACPI: PM-Timer IO Port: 0x608
[STDERR  ] 2017-10-30T12:53:03.405878955Z: [    0.000000] ACPI: LAPIC_NMI (acpi_id[0xff] dfl dfl lint[0x1])
[STDERR  ] 2017-10-30T12:53:03.405884798Z: [    0.000000] IOAPIC[0]: apic_id 0, version 32, address 0xfec00000, GSI 0-23
[STDERR  ] 2017-10-30T12:53:03.405890596Z: [    0.000000] ACPI: INT_SRC_OVR (bus 0 bus_irq 0 global_irq 2 dfl dfl)
[STDERR  ] 2017-10-30T12:53:03.405896203Z: [    0.000000] ACPI: INT_SRC_OVR (bus 0 bus_irq 5 global_irq 5 high level)
[STDERR  ] 2017-10-30T12:53:03.405901962Z: [    0.000000] ACPI: INT_SRC_OVR (bus 0 bus_irq 9 global_irq 9 high level)
[STDERR  ] 2017-10-30T12:53:03.405907979Z: [    0.000000] ACPI: INT_SRC_OVR (bus 0 bus_irq 10 global_irq 10 high level)
[STDERR  ] 2017-10-30T12:53:03.405914073Z: [    0.000000] ACPI: INT_SRC_OVR (bus 0 bus_irq 11 global_irq 11 high level)
[STDERR  ] 2017-10-30T12:53:03.40592019Z: [    0.000000] Using ACPI (MADT) for SMP configuration information
[STDERR  ] 2017-10-30T12:53:03.405925921Z: [    0.000000] ACPI: HPET id: 0x8086a201 base: 0xfed00000
[STDERR  ] 2017-10-30T12:53:03.405934939Z: [    0.000000] smpboot: Allowing 1 CPUs, 0 hotplug CPUs
[STDERR  ] 2017-10-30T12:53:03.405943421Z: [    0.000000] e820: [mem 0xc0000000-0xfed1bfff] available for PCI devices
[STDERR  ] 2017-10-30T12:53:03.40594919Z: [    0.000000] Booting paravirtualized kernel on bare hardware
[STDERR  ] 2017-10-30T12:53:03.405955796Z: [    0.000000] clocksource: refined-jiffies: mask: 0xffffffff max_cycles: 0xffffffff, max_idle_ns: 19112604462750000 ns
[STDERR  ] 2017-10-30T12:53:03.405963382Z: [    0.000000] setup_percpu: NR_CPUS:128 nr_cpumask_bits:128 nr_cpu_ids:1 nr_node_ids:1
[STDERR  ] 2017-10-30T12:53:03.405971482Z: [    0.000000] percpu: Embedded 35 pages/cpu @ffffa0c2f1800000 s105240 r8192 d29928 u2097152
[STDERR  ] 2017-10-30T12:53:03.405980106Z: [    0.000000] Built 1 zonelists in Zone order, mobility grouping on.  Total pages: 515944
[STDERR  ] 2017-10-30T12:53:03.405994211Z: [    0.000000] Kernel command line: console=ttyS0 page_poison=1
[STDERR  ] 2017-10-30T12:53:03.406002331Z: [    0.000000] PID hash table entries: 4096 (order: 3, 32768 bytes)
[STDERR  ] 2017-10-30T12:53:03.406010317Z: [    0.000000] Dentry cache hash table entries: 262144 (order: 9, 2097152 bytes)
[STDERR  ] 2017-10-30T12:53:03.40601625Z: [    0.000000] Inode-cache hash table entries: 131072 (order: 8, 1048576 bytes)
[STDERR  ] 2017-10-30T12:53:03.406051992Z: [    0.000000] Memory: 1810500K/2096628K available (8053K kernel code, 1367K rwdata, 2704K rodata, 1380K init, 568K bss, 286128K reserved, 0K cma-reserved)
[STDERR  ] 2017-10-30T12:53:03.406059025Z: [    0.000000] Hierarchical RCU implementation.
[STDERR  ] 2017-10-30T12:53:03.406070152Z: [    0.000000] 	Build-time adjustment of leaf fanout to 64.
[STDERR  ] 2017-10-30T12:53:03.40608064Z: [    0.000000] 	RCU restricting CPUs from NR_CPUS=128 to nr_cpu_ids=1.
[STDERR  ] 2017-10-30T12:53:03.406086791Z: [    0.000000] RCU: Adjusting geometry for rcu_fanout_leaf=64, nr_cpu_ids=1
[STDERR  ] 2017-10-30T12:53:03.406092582Z: [    0.000000] NR_IRQS:8448 nr_irqs:256 16
[STDERR  ] 2017-10-30T12:53:03.406098265Z: [    0.000000] Console: colour VGA+ 80x25
[STDERR  ] 2017-10-30T12:53:03.406104258Z: [    0.000000] console [ttyS0] enabled
[STDERR  ] 2017-10-30T12:53:03.406110013Z: [    0.000000] allocated 4194304 bytes of page_ext
[STDERR  ] 2017-10-30T12:53:03.406115744Z: [    0.000000] clocksource: hpet: mask: 0xffffffff max_cycles: 0xffffffff, max_idle_ns: 19112604467 ns
[STDERR  ] 2017-10-30T12:53:03.406121816Z: [    0.000000] tsc: Fast TSC calibration using PIT
[STDERR  ] 2017-10-30T12:53:03.406127478Z: [    0.000000] tsc: Detected 2599.921 MHz processor
[STDERR  ] 2017-10-30T12:53:03.406135459Z: [    0.031744] Calibrating delay loop (skipped), value calculated using timer frequency.. 5199.84 BogoMIPS (lpj=25999210)
[STDERR  ] 2017-10-30T12:53:03.406141947Z: [    0.032754] pid_max: default: 32768 minimum: 301
[STDERR  ] 2017-10-30T12:53:03.406147464Z: [    0.033686] ACPI: Core revision 20160831
[STDERR  ] 2017-10-30T12:53:03.406153187Z: [    0.078133] ACPI: 1 ACPI AML tables successfully acquired and loaded
[STDERR  ] 2017-10-30T12:53:03.406159592Z: [    0.081941] Security Framework initialized
[STDERR  ] 2017-10-30T12:53:03.406165317Z: [    0.082300] Yama: becoming mindful.
[STDERR  ] 2017-10-30T12:53:03.406170958Z: [    0.084163] Mount-cache hash table entries: 4096 (order: 3, 32768 bytes)
[STDERR  ] 2017-10-30T12:53:03.406176945Z: [    0.084640] Mountpoint-cache hash table entries: 4096 (order: 3, 32768 bytes)
[STDERR  ] 2017-10-30T12:53:03.406182622Z: [    0.106155] Last level iTLB entries: 4KB 0, 2MB 0, 4MB 0
[STDERR  ] 2017-10-30T12:53:03.406193424Z: [    0.106517] Last level dTLB entries: 4KB 0, 2MB 0, 4MB 0, 1GB 0
[STDERR  ] 2017-10-30T12:53:03.406199109Z: [    0.394450] Freeing SMP alternatives memory: 20K
[STDERR  ] 2017-10-30T12:53:03.406204746Z: [    0.403120] ftrace: allocating 35584 entries in 140 pages
[STDERR  ] 2017-10-30T12:53:03.406210486Z: [    0.570525] smpboot: Max logical packages: 1
[STDERR  ] 2017-10-30T12:53:03.406216011Z: [    0.575905] ..TIMER: vector=0x30 apic1=0 pin1=2 apic2=-1 pin2=-1
[STDERR  ] 2017-10-30T12:53:03.406225688Z: [    0.680000] smpboot: CPU0: AMD QEMU Virtual CPU version 2.5+ (family: 0x6, model: 0x6, stepping: 0x3)
[STDERR  ] 2017-10-30T12:53:03.406234785Z: [    0.680000] Performance Events: PMU not available due to virtualization, using software events only.
[STDERR  ] 2017-10-30T12:53:03.40624462Z: [    0.686834] NMI watchdog: disabled (cpu0): hardware events not enabled
[STDERR  ] 2017-10-30T12:53:03.406250813Z: [    0.687185] NMI watchdog: Shutting down hard lockup detector on all cpus
[STDERR  ] 2017-10-30T12:53:03.406256473Z: [    0.690484] x86: Booted up 1 node, 1 CPUs
[STDERR  ] 2017-10-30T12:53:03.406262487Z: [    0.690766] smpboot: Total of 1 processors activated (5199.84 BogoMIPS)
[STDERR  ] 2017-10-30T12:53:03.406273807Z: [    0.705999] devtmpfs: initialized
[STDERR  ] 2017-10-30T12:53:03.406279903Z: [    0.710668] x86/mm: Memory block size: 128MB
[STDERR  ] 2017-10-30T12:53:03.406285567Z: [    0.775604] clocksource: jiffies: mask: 0xffffffff max_cycles: 0xffffffff, max_idle_ns: 19112604462750000 ns
[STDERR  ] 2017-10-30T12:53:03.406291344Z: [    0.776120] futex hash table entries: 256 (order: 2, 16384 bytes)
[STDERR  ] 2017-10-30T12:53:03.406296953Z: [    0.783854] NET: Registered protocol family 16
[STDERR  ] 2017-10-30T12:53:03.406302696Z: [    0.793041] cpuidle: using governor ladder
[STDERR  ] 2017-10-30T12:53:03.406308368Z: [    0.793438] cpuidle: using governor menu
[STDERR  ] 2017-10-30T12:53:03.406314068Z: [    0.794421] ACPI: bus type PCI registered
[STDERR  ] 2017-10-30T12:53:03.406319676Z: [    0.797181] PCI: MMCONFIG for domain 0000 [bus 00-ff] at [mem 0xb0000000-0xbfffffff] (base 0xb0000000)
[STDERR  ] 2017-10-30T12:53:03.406325412Z: [    0.797711] PCI: MMCONFIG at [mem 0xb0000000-0xbfffffff] reserved in E820
[STDERR  ] 2017-10-30T12:53:03.406331541Z: [    0.798817] PCI: Using configuration type 1 for base access
[STDERR  ] 2017-10-30T12:53:03.406338771Z: [    0.849160] HugeTLB registered 2 MB page size, pre-allocated 0 pages
[STDERR  ] 2017-10-30T12:53:03.406347536Z: [    0.861552] ACPI: Added _OSI(Module Device)
[STDERR  ] 2017-10-30T12:53:03.40635655Z: [    0.861813] ACPI: Added _OSI(Processor Device)
[STDERR  ] 2017-10-30T12:53:03.406364529Z: [    0.862000] ACPI: Added _OSI(3.0 _SCP Extensions)
[STDERR  ] 2017-10-30T12:53:03.406375501Z: [    0.862245] ACPI: Added _OSI(Processor Aggregator Device)
[STDERR  ] 2017-10-30T12:53:03.406381232Z: [    0.933606] ACPI: Interpreter enabled
[STDERR  ] 2017-10-30T12:53:03.406386845Z: [    0.934265] ACPI: (supports S0 S5)
[STDERR  ] 2017-10-30T12:53:03.406392527Z: [    0.934512] ACPI: Using IOAPIC for interrupt routing
[STDERR  ] 2017-10-30T12:53:03.406398176Z: [    0.936200] PCI: Using host bridge windows from ACPI; if necessary, use "pci=nocrs" and report a bug
[STDERR  ] 2017-10-30T12:53:03.406403952Z: [    0.996614] ACPI: PCI Root Bridge [PCI0] (domain 0000 [bus 00-ff])
[STDERR  ] 2017-10-30T12:53:03.406410004Z: [    0.997410] acpi PNP0A08:00: _OSC: OS supports [ExtendedConfig ASPM ClockPM Segments MSI]
[STDERR  ] 2017-10-30T12:53:03.406415744Z: [    1.002639] acpi PNP0A08:00: _OSC: OS now controls [PCIeHotplug PME PCIeCapability]
[STDERR  ] 2017-10-30T12:53:03.406421469Z: [    1.006305] PCI host bridge to bus 0000:00
[STDERR  ] 2017-10-30T12:53:03.40642716Z: [    1.006658] pci_bus 0000:00: root bus resource [io  0x0000-0x0cf7 window]
[STDERR  ] 2017-10-30T12:53:03.4064328Z: [    1.006953] pci_bus 0000:00: root bus resource [io  0x0d00-0xffff window]
[STDERR  ] 2017-10-30T12:53:03.406438487Z: [    1.007193] pci_bus 0000:00: root bus resource [mem 0x000a0000-0x000bffff window]
[STDERR  ] 2017-10-30T12:53:03.406444038Z: [    1.007470] pci_bus 0000:00: root bus resource [mem 0xc0000000-0xfebfffff window]
[STDERR  ] 2017-10-30T12:53:03.406449741Z: [    1.007848] pci_bus 0000:00: root bus resource [bus 00-ff]
[STDERR  ] 2017-10-30T12:53:03.406455368Z: [    1.146546] pci 0000:00:1f.0: quirk: [io  0x0600-0x067f] claimed by ICH6 ACPI/GPIO/TCO
[STDERR  ] 2017-10-30T12:53:03.406465111Z: [    1.225798] ACPI: PCI Interrupt Link [LNKA] (IRQs 5 *10 11)
[STDERR  ] 2017-10-30T12:53:03.406474377Z: [    1.227886] ACPI: PCI Interrupt Link [LNKB] (IRQs 5 *10 11)
[STDERR  ] 2017-10-30T12:53:03.406485251Z: [    1.229554] ACPI: PCI Interrupt Link [LNKC] (IRQs 5 10 *11)
[STDERR  ] 2017-10-30T12:53:03.406490974Z: [    1.231465] ACPI: PCI Interrupt Link [LNKD] (IRQs 5 10 *11)
[STDERR  ] 2017-10-30T12:53:03.40649673Z: [    1.233160] ACPI: PCI Interrupt Link [LNKE] (IRQs 5 *10 11)
[STDERR  ] 2017-10-30T12:53:03.406502383Z: [    1.234762] ACPI: PCI Interrupt Link [LNKF] (IRQs 5 *10 11)
[STDERR  ] 2017-10-30T12:53:03.406508077Z: [    1.236374] ACPI: PCI Interrupt Link [LNKG] (IRQs 5 10 *11)
[STDERR  ] 2017-10-30T12:53:03.406513759Z: [    1.237960] ACPI: PCI Interrupt Link [LNKH] (IRQs 5 10 *11)
[STDERR  ] 2017-10-30T12:53:03.406519285Z: [    1.238588] ACPI: PCI Interrupt Link [GSIA] (IRQs *16)
[STDERR  ] 2017-10-30T12:53:03.406530891Z: [    1.239003] ACPI: PCI Interrupt Link [GSIB] (IRQs *17)
[STDERR  ] 2017-10-30T12:53:03.406538545Z: [    1.239435] ACPI: PCI Interrupt Link [GSIC] (IRQs *18)
[STDERR  ] 2017-10-30T12:53:03.406544191Z: [    1.240278] ACPI: PCI Interrupt Link [GSID] (IRQs *19)
[STDERR  ] 2017-10-30T12:53:03.406549751Z: [    1.240767] ACPI: PCI Interrupt Link [GSIE] (IRQs *20)
[STDERR  ] 2017-10-30T12:53:03.406555387Z: [    1.241206] ACPI: PCI Interrupt Link [GSIF] (IRQs *21)
[STDERR  ] 2017-10-30T12:53:03.406560996Z: [    1.241614] ACPI: PCI Interrupt Link [GSIG] (IRQs *22)
[STDERR  ] 2017-10-30T12:53:03.406566645Z: [    1.242049] ACPI: PCI Interrupt Link [GSIH] (IRQs *23)
[STDERR  ] 2017-10-30T12:53:03.406572314Z: [    1.245616] ACPI: Enabled 2 GPEs in block 00 to 3F
[STDERR  ] 2017-10-30T12:53:03.406578275Z: [    1.250074] SCSI subsystem initialized
[STDERR  ] 2017-10-30T12:53:03.406583876Z: [    1.251874] ACPI: bus type USB registered
[STDERR  ] 2017-10-30T12:53:03.406589469Z: [    1.252882] usbcore: registered new interface driver usbfs
[STDERR  ] 2017-10-30T12:53:03.406594986Z: [    1.253572] usbcore: registered new interface driver hub
[STDERR  ] 2017-10-30T12:53:03.406600582Z: [    1.254219] usbcore: registered new device driver usb
[STDERR  ] 2017-10-30T12:53:03.406606271Z: [    1.255194] pps_core: LinuxPPS API ver. 1 registered
[STDERR  ] 2017-10-30T12:53:03.406611756Z: [    1.255429] pps_core: Software ver. 5.3.6 - Copyright 2005-2007 Rodolfo Giometti <giometti@linux.it>
[STDERR  ] 2017-10-30T12:53:03.406617616Z: [    1.255947] PTP clock support registered
[STDERR  ] 2017-10-30T12:53:03.406640598Z: [    1.256908] wmi: Mapper loaded
[STDERR  ] 2017-10-30T12:53:03.406646383Z: [    1.257845] PCI: Using ACPI for IRQ routing
[STDERR  ] 2017-10-30T12:53:03.406652112Z: [    1.276347] NetLabel: Initializing
[STDERR  ] 2017-10-30T12:53:03.406657778Z: [    1.276472] NetLabel:  domain hash size = 128
[STDERR  ] 2017-10-30T12:53:03.406663347Z: [    1.276755] NetLabel:  protocols = UNLABELED CIPSOv4
[STDERR  ] 2017-10-30T12:53:03.40666912Z: [    1.278480] NetLabel:  unlabeled traffic allowed by default
[STDERR  ] 2017-10-30T12:53:03.406674708Z: [    1.279214] HPET: 3 timers in total, 0 timers will be used for per-cpu timer
[STDERR  ] 2017-10-30T12:53:03.406680538Z: [    1.279636] hpet0: at MMIO 0xfed00000, IRQs 2, 8, 0
[STDERR  ] 2017-10-30T12:53:03.406686333Z: [    1.279911] hpet0: 3 comparators, 64-bit 100.000000 MHz counter
[STDERR  ] 2017-10-30T12:53:03.406692053Z: [    1.284854] clocksource: Switched to clocksource hpet
[STDERR  ] 2017-10-30T12:53:03.406697576Z: [    1.529255] VFS: Disk quotas dquot_6.6.0
[STDERR  ] 2017-10-30T12:53:03.406703312Z: [    1.530353] VFS: Dquot-cache hash table entries: 512 (order 0, 4096 bytes)
[STDERR  ] 2017-10-30T12:53:03.406708883Z: [    1.533974] FS-Cache: Loaded
[STDERR  ] 2017-10-30T12:53:03.406715109Z: [    1.539315] CacheFiles: Loaded
[STDERR  ] 2017-10-30T12:53:03.406720684Z: [    1.541207] pnp: PnP ACPI init
[STDERR  ] 2017-10-30T12:53:03.406726354Z: [    1.552119] pnp: PnP ACPI: found 5 devices
[STDERR  ] 2017-10-30T12:53:03.40673188Z: [    1.597482] clocksource: acpi_pm: mask: 0xffffff max_cycles: 0xffffff, max_idle_ns: 2085701024 ns
[STDERR  ] 2017-10-30T12:53:03.406744757Z: [    1.601526] NET: Registered protocol family 2
[STDERR  ] 2017-10-30T12:53:03.40675048Z: [    1.608883] TCP established hash table entries: 16384 (order: 5, 131072 bytes)
[STDERR  ] 2017-10-30T12:53:03.406757099Z: [    1.609727] TCP bind hash table entries: 16384 (order: 6, 262144 bytes)
[STDERR  ] 2017-10-30T12:53:03.406762717Z: [    1.611325] TCP: Hash tables configured (established 16384 bind 16384)
[STDERR  ] 2017-10-30T12:53:03.406768371Z: [    1.612837] UDP hash table entries: 1024 (order: 3, 32768 bytes)
[STDERR  ] 2017-10-30T12:53:03.406778728Z: [    1.613431] UDP-Lite hash table entries: 1024 (order: 3, 32768 bytes)
[STDERR  ] 2017-10-30T12:53:03.406784376Z: [    1.615678] NET: Registered protocol family 1
[STDERR  ] 2017-10-30T12:53:03.406789875Z: [    1.616611] pci 0000:00:01.0: Video device with shadowed ROM at [mem 0x000c0000-0x000dffff]
[STDERR  ] 2017-10-30T12:53:03.40679573Z: [    1.623885] Unpacking initramfs...
[STDERR  ] 2017-10-30T12:53:03.406801508Z: [   30.155730] Freeing initrd memory: 234328K
[STDERR  ] 2017-10-30T12:53:03.406807172Z: [   30.180545] PCLMULQDQ-NI instructions are not detected.
[STDERR  ] 2017-10-30T12:53:03.406812816Z: [   30.182200] AVX or AES-NI instructions are not detected.
[STDERR  ] 2017-10-30T12:53:03.406818276Z: [   30.182726] CPU feature 'AVX registers' is not supported.
[STDERR  ] 2017-10-30T12:53:03.406823759Z: [   30.183154] CPU feature 'AVX registers' is not supported.
[STDERR  ] 2017-10-30T12:53:03.406829276Z: [   30.183540] CPU feature 'AVX registers' is not supported.
[STDERR  ] 2017-10-30T12:53:03.406838301Z: [   30.183929] CPU feature 'AVX registers' is not supported.
[STDERR  ] 2017-10-30T12:53:03.406844084Z: [   30.184281] AVX2 or AES-NI instructions are not detected.
[STDERR  ] 2017-10-30T12:53:03.406849561Z: [   30.184675] AVX2 instructions are not detected.
[STDERR  ] 2017-10-30T12:53:03.4068553Z: [   30.191380] audit: initializing netlink subsys (disabled)
[STDERR  ] 2017-10-30T12:53:03.406860871Z: [   30.193450] audit: type=2000 audit(1509367348.190:1): initialized
[STDERR  ] 2017-10-30T12:53:03.406866625Z: [   30.201488] workingset: timestamp_bits=46 max_order=19 bucket_order=0
[STDERR  ] 2017-10-30T12:53:03.406872137Z: [   30.205970] squashfs: version 4.0 (2009/01/31) Phillip Lougher
[STDERR  ] 2017-10-30T12:53:03.406877763Z: [   30.209084] FS-Cache: Netfs 'cifs' registered for caching
[STDERR  ] 2017-10-30T12:53:03.40688337Z: [   30.210689] fuse init (API version 7.26)
[STDERR  ] 2017-10-30T12:53:03.406893314Z: [   30.212830] SGI XFS with ACLs, security attributes, no debug enabled
[STDERR  ] 2017-10-30T12:53:03.406899016Z: [   30.216391] 9p: Installing v9fs 9p2000 file system support
[STDERR  ] 2017-10-30T12:53:03.406904823Z: [   30.219554] FS-Cache: Netfs '9p' registered for caching
[STDERR  ] 2017-10-30T12:53:03.406910397Z: [   30.248085] NET: Registered protocol family 38
[STDERR  ] 2017-10-30T12:53:03.406916011Z: [   30.248742] Key type asymmetric registered
[STDERR  ] 2017-10-30T12:53:03.406921538Z: [   30.249106] Asymmetric key parser 'x509' registered
[STDERR  ] 2017-10-30T12:53:03.406927031Z: [   30.250011] Block layer SCSI generic (bsg) driver version 0.4 loaded (major 251)
[STDERR  ] 2017-10-30T12:53:03.406932627Z: [   30.252936] io scheduler noop registered
[STDERR  ] 2017-10-30T12:53:03.406938154Z: [   30.253244] io scheduler deadline registered (default)
[STDERR  ] 2017-10-30T12:53:03.406943708Z: [   30.253977] io scheduler cfq registered
[STDERR  ] 2017-10-30T12:53:03.406953756Z: [   30.256559] pci_hotplug: PCI Hot Plug PCI Core version: 0.5
[STDERR  ] 2017-10-30T12:53:03.406959403Z: [   30.257123] pciehp: PCI Express Hot Plug Controller Driver version: 0.4
[STDERR  ] 2017-10-30T12:53:03.406966868Z: [   30.257930] shpchp: Standard Hot Plug PCI Controller Driver version: 0.4
[STDERR  ] 2017-10-30T12:53:03.406972512Z: [   30.258764] hv_vmbus: registering driver hyperv_fb
[STDERR  ] 2017-10-30T12:53:03.40697807Z: [   30.263008] input: Power Button as /devices/LNXSYSTM:00/LNXPWRBN:00/input/input0
[STDERR  ] 2017-10-30T12:53:03.406989885Z: [   30.264098] ACPI: Power Button [PWRF]
[STDERR  ] 2017-10-30T12:53:03.406995904Z: [   30.268766] GHES: HEST is not enabled!
[STDERR  ] 2017-10-30T12:53:03.407001464Z: [   30.280044] ACPI: PCI Interrupt Link [GSIG] enabled at IRQ 22
[STDERR  ] 2017-10-30T12:53:03.40701099Z: [   30.294094] ACPI: PCI Interrupt Link [GSIH] enabled at IRQ 23
[STDERR  ] 2017-10-30T12:53:03.407016736Z: [   30.299768] xenfs: not registering filesystem on non-xen platform
[STDERR  ] 2017-10-30T12:53:03.407028426Z: [   30.302276] Serial: 8250/16550 driver, 4 ports, IRQ sharing disabled
[STDERR  ] 2017-10-30T12:53:03.407034063Z: [   30.326926] 00:04: ttyS0 at I/O 0x3f8 (irq = 4, base_baud = 115200) is a 16550A
[STDERR  ] 2017-10-30T12:53:03.407039878Z: [   30.338750] Non-volatile memory driver v1.3
[STDERR  ] 2017-10-30T12:53:03.407045383Z: [   30.345376] Hangcheck: starting hangcheck timer 0.9.1 (tick is 180 seconds, margin is 60 seconds).
[STDERR  ] 2017-10-30T12:53:03.407051281Z: [   30.350799] random: fast init done
[STDERR  ] 2017-10-30T12:53:03.407056748Z: [   30.386060] loop: module loaded
[STDERR  ] 2017-10-30T12:53:03.407062425Z: [   30.402773] nbd: registered device at major 43
[STDERR  ] 2017-10-30T12:53:03.407067891Z: [   30.444438] lpc_ich 0000:00:1f.0: I/O space for GPIO uninitialized
[STDERR  ] 2017-10-30T12:53:03.40707356Z: [   30.446363] VMware PVSCSI driver - version 1.0.7.0-k
[STDERR  ] 2017-10-30T12:53:03.407079154Z: [   30.447222] hv_vmbus: registering driver hv_storvsc
[STDERR  ] 2017-10-30T12:53:03.407084794Z: [   30.460148] ACPI: PCI Interrupt Link [GSIA] enabled at IRQ 16
[STDERR  ] 2017-10-30T12:53:03.407095667Z: [   30.471785] ahci 0000:00:1f.2: AHCI 0001.0000 32 slots 6 ports 1.5 Gbps 0x3f impl SATA mode
[STDERR  ] 2017-10-30T12:53:03.4071015Z: [   30.472447] ahci 0000:00:1f.2: flags: 64bit ncq only 
[STDERR  ] 2017-10-30T12:53:03.407107015Z: [   30.504645] scsi host0: ahci
[STDERR  ] 2017-10-30T12:53:03.407112598Z: [   30.509562] scsi host1: ahci
[STDERR  ] 2017-10-30T12:53:03.407118119Z: [   30.512789] scsi host2: ahci
[STDERR  ] 2017-10-30T12:53:03.407125475Z: [   30.515446] scsi host3: ahci
[STDERR  ] 2017-10-30T12:53:03.407131031Z: [   30.518564] scsi host4: ahci
[STDERR  ] 2017-10-30T12:53:03.407136955Z: [   30.521488] scsi host5: ahci
[STDERR  ] 2017-10-30T12:53:03.407142469Z: [   30.523751] ata1: SATA max UDMA/133 abar m4096@0xfebd2000 port 0xfebd2100 irq 24
[STDERR  ] 2017-10-30T12:53:03.407148697Z: [   30.524192] ata2: SATA max UDMA/133 abar m4096@0xfebd2000 port 0xfebd2180 irq 24
[STDERR  ] 2017-10-30T12:53:03.407155176Z: [   30.524638] ata3: SATA max UDMA/133 abar m4096@0xfebd2000 port 0xfebd2200 irq 24
[STDERR  ] 2017-10-30T12:53:03.407161139Z: [   30.525044] ata4: SATA max UDMA/133 abar m4096@0xfebd2000 port 0xfebd2280 irq 24
[STDERR  ] 2017-10-30T12:53:03.407166676Z: [   30.525439] ata5: SATA max UDMA/133 abar m4096@0xfebd2000 port 0xfebd2300 irq 24
[STDERR  ] 2017-10-30T12:53:03.407172387Z: [   30.525809] ata6: SATA max UDMA/133 abar m4096@0xfebd2000 port 0xfebd2380 irq 24
[STDERR  ] 2017-10-30T12:53:03.407177954Z: [   30.539648] tun: Universal TUN/TAP device driver, 1.6
[STDERR  ] 2017-10-30T12:53:03.40718359Z: [   30.540057] tun: (C) 1999-2004 Max Krasnyansky <maxk@qualcomm.com>
[STDERR  ] 2017-10-30T12:53:03.40718917Z: [   30.552787] VMware vmxnet3 virtual NIC driver - version 1.4.a.0-k-NAPI
[STDERR  ] 2017-10-30T12:53:03.407195097Z: [   30.553590] hv_vmbus: registering driver hv_netvsc
[STDERR  ] 2017-10-30T12:53:03.407200691Z: [   30.553953] Fusion MPT base driver 3.04.20
[STDERR  ] 2017-10-30T12:53:03.407206336Z: [   30.554209] Copyright (c) 1999-2008 LSI Corporation
[STDERR  ] 2017-10-30T12:53:03.40721251Z: [   30.554766] Fusion MPT SPI Host driver 3.04.20
[STDERR  ] 2017-10-30T12:53:03.407218125Z: [   30.556717] i8042: PNP: PS/2 Controller [PNP0303:KBD,PNP0f13:MOU] at 0x60,0x64 irq 1,12
[STDERR  ] 2017-10-30T12:53:03.40722427Z: [   30.561262] serio: i8042 KBD port at 0x60,0x64 irq 1
[STDERR  ] 2017-10-30T12:53:03.40723348Z: [   30.561923] serio: i8042 AUX port at 0x60,0x64 irq 12
[STDERR  ] 2017-10-30T12:53:03.407242072Z: [   30.564816] hv_vmbus: registering driver hyperv_keyboard
[STDERR  ] 2017-10-30T12:53:03.407247817Z: [   30.566925] mousedev: PS/2 mouse device common for all mice
[STDERR  ] 2017-10-30T12:53:03.407253451Z: [   30.573240] input: AT Translated Set 2 keyboard as /devices/platform/i8042/serio0/input/input1
[STDERR  ] 2017-10-30T12:53:03.407259602Z: [   30.576406] input: PC Speaker as /devices/platform/pcspkr/input/input2
[STDERR  ] 2017-10-30T12:53:03.407265177Z: [   30.578969] rtc_cmos 00:00: RTC can wake from S4
[STDERR  ] 2017-10-30T12:53:03.407271118Z: [   30.583364] rtc_cmos 00:00: rtc core: registered rtc_cmos as rtc0
[STDERR  ] 2017-10-30T12:53:03.407276723Z: [   30.584605] rtc_cmos 00:00: alarms up to one day, y3k, 114 bytes nvram, hpet irqs
[STDERR  ] 2017-10-30T12:53:03.407282698Z: [   30.585364] i2c /dev entries driver
[STDERR  ] 2017-10-30T12:53:03.407288357Z: [   30.587165] device-mapper: ioctl: 4.35.0-ioctl (2016-06-23) initialised: dm-devel@redhat.com
[STDERR  ] 2017-10-30T12:53:03.407298624Z: [   30.591971] usbcore: registered new interface driver usbhid
[STDERR  ] 2017-10-30T12:53:03.4073044Z: [   30.592300] usbhid: USB HID core driver
[STDERR  ] 2017-10-30T12:53:03.407310028Z: [   30.592847] hv_utils: Registering HyperV Utility Driver
[STDERR  ] 2017-10-30T12:53:03.407315915Z: [   30.593134] hv_vmbus: registering driver hv_util
[STDERR  ] 2017-10-30T12:53:03.407321397Z: [   30.593440] hv_vmbus: registering driver hv_balloon
[STDERR  ] 2017-10-30T12:53:03.407331325Z: [   30.593946] oprofile: using NMI interrupt.
[STDERR  ] 2017-10-30T12:53:03.407338649Z: [   30.595040] GACT probability on
[STDERR  ] 2017-10-30T12:53:03.407344777Z: [   30.595557] Mirror/redirect action on
[STDERR  ] 2017-10-30T12:53:03.407350351Z: [   30.596460] Simple TC action Loaded
[STDERR  ] 2017-10-30T12:53:03.407355942Z: [   30.597023] u32 classifier
[STDERR  ] 2017-10-30T12:53:03.407361762Z: [   30.597228]     Performance counters on
[STDERR  ] 2017-10-30T12:53:03.407367356Z: [   30.597429]     input device check on
[STDERR  ] 2017-10-30T12:53:03.407372976Z: [   30.597652]     Actions configured
[STDERR  ] 2017-10-30T12:53:03.407378495Z: [   30.598304] Netfilter messages via NETLINK v0.30.
[STDERR  ] 2017-10-30T12:53:03.407388782Z: [   30.598773] nfnl_acct: registering with nfnetlink.
[STDERR  ] 2017-10-30T12:53:03.407395174Z: [   30.600734] nf_conntrack version 0.5.0 (16384 buckets, 65536 max)
[STDERR  ] 2017-10-30T12:53:03.407402742Z: [   30.603686] ctnetlink v0.93: registering with nfnetlink.
[STDERR  ] 2017-10-30T12:53:03.407408779Z: [   30.606860] nf_tables: (c) 2007-2009 Patrick McHardy <kaber@trash.net>
[STDERR  ] 2017-10-30T12:53:03.4074149Z: [   30.607660] nf_tables_compat: (c) 2012 Pablo Neira Ayuso <pablo@netfilter.org>
[STDERR  ] 2017-10-30T12:53:03.407420664Z: [   30.609987] xt_time: kernel timezone is -0000
[STDERR  ] 2017-10-30T12:53:03.407427043Z: [   30.610910] ip_set: protocol 6
[STDERR  ] 2017-10-30T12:53:03.407433382Z: [   30.611546] IPVS: Registered protocols (TCP, UDP, SCTP, AH, ESP)
[STDERR  ] 2017-10-30T12:53:03.407439064Z: [   30.612131] IPVS: Connection hash table configured (size=4096, memory=64Kbytes)
[STDERR  ] 2017-10-30T12:53:03.407444928Z: [   30.613830] IPVS: Creating netns size=2104 id=0
[STDERR  ] 2017-10-30T12:53:03.407450651Z: [   30.616457] IPVS: ipvs loaded.
[STDERR  ] 2017-10-30T12:53:03.407456585Z: [   30.616810] IPVS: [rr] scheduler registered.
[STDERR  ] 2017-10-30T12:53:03.407486017Z: [   30.617112] IPVS: [wrr] scheduler registered.
[STDERR  ] 2017-10-30T12:53:03.40749229Z: [   30.617351] IPVS: [lc] scheduler registered.
[STDERR  ] 2017-10-30T12:53:03.407498275Z: [   30.617614] IPVS: [wlc] scheduler registered.
[STDERR  ] 2017-10-30T12:53:03.407503966Z: [   30.617862] IPVS: [fo] scheduler registered.
[STDERR  ] 2017-10-30T12:53:03.407509599Z: [   30.618111] IPVS: [ovf] scheduler registered.
[STDERR  ] 2017-10-30T12:53:03.407515236Z: [   30.618534] IPVS: [lblc] scheduler registered.
[STDERR  ] 2017-10-30T12:53:03.407525239Z: [   30.618946] IPVS: [lblcr] scheduler registered.
[STDERR  ] 2017-10-30T12:53:03.407540417Z: [   30.619228] IPVS: [dh] scheduler registered.
[STDERR  ] 2017-10-30T12:53:03.407546776Z: [   30.619415] IPVS: [sh] scheduler registered.
[STDERR  ] 2017-10-30T12:53:03.407552744Z: [   30.619646] IPVS: [sed] scheduler registered.
[STDERR  ] 2017-10-30T12:53:03.407558713Z: [   30.619908] IPVS: [nq] scheduler registered.
[STDERR  ] 2017-10-30T12:53:03.40756446Z: [   30.621097] IPVS: ftp: loaded support on port[0] = 21
[STDERR  ] 2017-10-30T12:53:03.407570328Z: [   30.621990] ipip: IPv4 and MPLS over IPv4 tunneling driver
[STDERR  ] 2017-10-30T12:53:03.407576069Z: [   30.626132] gre: GRE over IPv4 demultiplexor driver
[STDERR  ] 2017-10-30T12:53:03.407581919Z: [   30.628828] ip_tables: (C) 2000-2006 Netfilter Core Team
[STDERR  ] 2017-10-30T12:53:03.407588444Z: [   30.632556] ipt_CLUSTERIP: ClusterIP Version 0.8 loaded successfully
[STDERR  ] 2017-10-30T12:53:03.407594717Z: [   30.633303] arp_tables: arp_tables: (C) 2002 David S. Miller
[STDERR  ] 2017-10-30T12:53:03.407600545Z: [   30.635580] NET: Registered protocol family 10
[STDERR  ] 2017-10-30T12:53:03.40760662Z: [   30.645404] ip6_tables: (C) 2000-2006 Netfilter Core Team
[STDERR  ] 2017-10-30T12:53:03.407612273Z: [   30.654146] NET: Registered protocol family 17
[STDERR  ] 2017-10-30T12:53:03.407618072Z: [   30.655272] Bridge firewalling registered
[STDERR  ] 2017-10-30T12:53:03.407623802Z: [   30.655753] Ebtables v2.0 registered
[STDERR  ] 2017-10-30T12:53:03.407629412Z: [   30.657716] 8021q: 802.1Q VLAN Support v1.8
[STDERR  ] 2017-10-30T12:53:03.407635153Z: [   30.659209] 9pnet: Installing 9P2000 support
[STDERR  ] 2017-10-30T12:53:03.40764085Z: [   30.661264] Key type dns_resolver registered
[STDERR  ] 2017-10-30T12:53:03.407651573Z: [   30.662285] microcode: AMD CPU family 0x6 not supported
[STDERR  ] 2017-10-30T12:53:03.407657192Z: [   30.665730] registered taskstats version 1
[STDERR  ] 2017-10-30T12:53:03.407662957Z: [   30.835577] Key type big_key registered
[STDERR  ] 2017-10-30T12:53:03.407669055Z: [   30.864075] ata4: SATA link down (SStatus 0 SControl 300)
[STDERR  ] 2017-10-30T12:53:03.407674736Z: [   30.867075] ata3: SATA link up 1.5 Gbps (SStatus 113 SControl 300)
[STDERR  ] 2017-10-30T12:53:03.407680457Z: [   30.870317] ata2: SATA link down (SStatus 0 SControl 300)
[STDERR  ] 2017-10-30T12:53:03.407686443Z: [   30.870853] ata1: SATA link up 1.5 Gbps (SStatus 113 SControl 300)
[STDERR  ] 2017-10-30T12:53:03.407692946Z: [   30.872926] ata1.00: ATA-7: QEMU HARDDISK, 2.5+, max UDMA/100
[STDERR  ] 2017-10-30T12:53:03.407698626Z: [   30.873415] ata1.00: 4194304 sectors, multi 16: LBA48 NCQ (depth 31/32)
[STDERR  ] 2017-10-30T12:53:03.407705086Z: [   30.873985] ata1.00: applying bridge limits
[STDERR  ] 2017-10-30T12:53:03.407710985Z: [   30.875540] ata5: SATA link down (SStatus 0 SControl 300)
[STDERR  ] 2017-10-30T12:53:03.407716809Z: [   30.876211] ata6: SATA link down (SStatus 0 SControl 300)
[STDERR  ] 2017-10-30T12:53:03.407722451Z: [   30.876942] ata3.00: ATAPI: QEMU DVD-ROM, 2.5+, max UDMA/100
[STDERR  ] 2017-10-30T12:53:03.40773293Z: [   30.877346] ata3.00: applying bridge limits
[STDERR  ] 2017-10-30T12:53:03.40773862Z: [   30.878442] ata3.00: configured for UDMA/100
[STDERR  ] 2017-10-30T12:53:03.407744125Z: [   30.884542] ata1.00: configured for UDMA/100
[STDERR  ] 2017-10-30T12:53:03.407749708Z: [   30.912488] scsi 0:0:0:0: Direct-Access     ATA      QEMU HARDDISK    2.5+ PQ: 0 ANSI: 5
[STDERR  ] 2017-10-30T12:53:03.407767446Z: [   30.921645] sd 0:0:0:0: [sda] 4194304 512-byte logical blocks: (2.15 GB/2.00 GiB)
[STDERR  ] 2017-10-30T12:53:03.40777429Z: [   30.932729] sd 0:0:0:0: [sda] Write Protect is off
[STDERR  ] 2017-10-30T12:53:03.407779892Z: [   30.935204] sd 0:0:0:0: [sda] Write cache: enabled, read cache: enabled, doesn't support DPO or FUA
[STDERR  ] 2017-10-30T12:53:03.407785605Z: [   30.936442] sd 0:0:0:0: Attached scsi generic sg0 type 0
[STDERR  ] 2017-10-30T12:53:03.407799113Z: [   30.945394] scsi 2:0:0:0: CD-ROM            QEMU     QEMU DVD-ROM     2.5+ PQ: 0 ANSI: 5
[STDERR  ] 2017-10-30T12:53:03.407807599Z: [   30.962711] sr 2:0:0:0: [sr0] scsi3-mmc drive: 4x/4x cd/rw xa/form2 tray
[STDERR  ] 2017-10-30T12:53:03.407813533Z: [   30.963439] cdrom: Uniform CD-ROM driver Revision: 3.20
[STDERR  ] 2017-10-30T12:53:03.407819267Z: [   30.986589] sr 2:0:0:0: Attached scsi generic sg1 type 5
[STDERR  ] 2017-10-30T12:53:03.407824869Z: [   31.002587] sd 0:0:0:0: [sda] Attached SCSI disk
[STDERR  ] 2017-10-30T12:53:03.40783044Z: [   31.047631] Key type encrypted registered
[STDERR  ] 2017-10-30T12:53:03.407840878Z: [   31.053745] rtc_cmos 00:00: setting system clock to 2017-10-30 12:42:30 UTC (1509367350)
[STDERR  ] 2017-10-30T12:53:03.407846784Z: [   31.204666] Freeing unused kernel memory: 1380K
[STDERR  ] 2017-10-30T12:53:03.407852421Z: [   31.205021] Write protecting the kernel read-only data: 12288k
[STDERR  ] 2017-10-30T12:53:03.407857951Z: [   31.207983] tsc: Refined TSC clocksource calibration: 2599.921 MHz
[STDERR  ] 2017-10-30T12:53:03.407863551Z: [   31.208557] clocksource: tsc: mask: 0xffffffffffffffff max_cycles: 0x2579f1c968b, max_idle_ns: 440795314142 ns
[STDERR  ] 2017-10-30T12:53:03.407869311Z: [   31.214223] Freeing unused kernel memory: 124K
[STDERR  ] 2017-10-30T12:53:03.407878173Z: [   31.304678] Freeing unused kernel memory: 1392K
[STDERR  ] 2017-10-30T12:53:03.407883825Z: [   32.221212] clocksource: Switched to clocksource tsc
[STDERR  ] 2017-10-30T12:53:03.407889308Z: 
[STDERR  ] 2017-10-30T12:53:03.407895092Z: Welcome to LinuxKit
[STDERR  ] 2017-10-30T12:53:03.407901146Z: 
[STDERR  ] 2017-10-30T12:53:03.407906772Z:                         ##         .
[STDERR  ] 2017-10-30T12:53:03.407912463Z:                   ## ## ##        ==
[STDERR  ] 2017-10-30T12:53:03.407922519Z:                ## ## ## ## ##    ===
[STDERR  ] 2017-10-30T12:53:03.407928213Z:            /"""""""""""""""""\___/ ===
[STDERR  ] 2017-10-30T12:53:03.40793374Z:           {                       /  ===-
[STDERR  ] 2017-10-30T12:53:03.40793987Z:            \______ O           __/
[STDERR  ] 2017-10-30T12:53:03.407945416Z:              \    \         __/
[STDERR  ] 2017-10-30T12:53:03.407951094Z:               \____\_______/
[STDERR  ] 2017-10-30T12:53:03.407956597Z: 
[STDERR  ] 2017-10-30T12:53:03.407962306Z: [  109.725317] 8021q: adding VLAN 0 to HW filter on device eth0
[STDERR  ] 2017-10-30T12:53:03.407967813Z: eth0: waiting for carrier
[STDERR  ] 2017-10-30T12:53:03.407973478Z: eth0: carrier acquired
[STDERR  ] 2017-10-30T12:53:03.407979018Z: DUID 00:01:00:01:21:89:db:04:2a:ec:16:c7:f6:9f
[STDERR  ] 2017-10-30T12:53:03.407984748Z: eth0: IAID 16:c7:f6:9f
[STDERR  ] 2017-10-30T12:53:03.407991434Z: eth0: adding address fe80::4e8e:ce78:e481:4b5d
[STDERR  ] 2017-10-30T12:53:03.407997034Z: eth0: soliciting an IPv6 router
[STDERR  ] 2017-10-30T12:53:03.408002831Z: eth0: soliciting a DHCP lease
[STDERR  ] 2017-10-30T12:53:03.408008618Z: eth0: offered 10.0.2.15 from 10.0.2.2
[STDERR  ] 2017-10-30T12:53:03.408014094Z: eth0: leased 10.0.2.15 for 86400 seconds
[STDERR  ] 2017-10-30T12:53:03.408019579Z: eth0: adding route to 10.0.2.0/24
[STDERR  ] 2017-10-30T12:53:03.40802524Z: eth0: adding default route via 10.0.2.2
[STDERR  ] 2017-10-30T12:53:03.408030844Z: exiting due to oneshot
[STDERR  ] 2017-10-30T12:53:03.408036318Z: dhcpcd exited
[STDERR  ] 2017-10-30T12:53:03.408041922Z: [  112.197047] IPVS: Creating netns size=2104 id=1
[STDERR  ] 2017-10-30T12:53:03.408052725Z: [  112.197562] IPVS: ftp: loaded support on port[0] = 21
[STDERR  ] 2017-10-30T12:53:03.408058422Z: 2017/10/30 12:43:52 Creating partition on /dev/sda
[STDERR  ] 2017-10-30T12:53:03.408063995Z: [  113.523566]  sda:
[STDERR  ] 2017-10-30T12:53:03.408069868Z: [  113.594779]  sda:
[STDERR  ] 2017-10-30T12:53:03.40807545Z: [  113.626394]  sda: sda1
[STDERR  ] 2017-10-30T12:53:03.408080912Z: [  113.700655]  sda: sda1
[STDERR  ] 2017-10-30T12:53:03.408086463Z: [  116.005395] random: crng init done
[STDERR  ] 2017-10-30T12:53:03.408091966Z: 2017/10/30 12:43:55 Partition /dev/sda1 successfully created!
[STDERR  ] 2017-10-30T12:53:03.408103775Z: [  117.472157] IPVS: Creating netns size=2104 id=2
[STDERR  ] 2017-10-30T12:53:03.408109479Z: [  117.472431] IPVS: ftp: loaded support on port[0] = 21
[STDERR  ] 2017-10-30T12:53:03.408114997Z: [  118.637199] EXT4-fs (sda1): couldn't mount as ext3 due to feature incompatibilities
[STDERR  ] 2017-10-30T12:53:03.408120823Z: [  118.646304] EXT4-fs (sda1): couldn't mount as ext2 due to feature incompatibilities
[STDERR  ] 2017-10-30T12:53:03.408130385Z: [  118.673036] EXT4-fs (sda1): mounted filesystem with ordered data mode. Opts: (null)
[STDERR  ] 2017-10-30T12:53:03.40813604Z: v1.0.0-beta.2
[STDERR  ] 2017-10-30T12:53:03.408141666Z: a543c937eb0a05e1636714ee2be70819d745b960
[STDERR  ] 2017-10-30T12:53:03.408147142Z: ðŸ‡© root-test
[STDERR  ] 2017-10-30T12:53:03.408157897Z: [  227.800810] XFS (loop0): Mounting V4 Filesystem
[STDERR  ] 2017-10-30T12:53:03.40816414Z: [  227.845997] XFS (loop0): Ending clean mount
[STDERR  ] 2017-10-30T12:53:03.408169633Z: [  227.915987] XFS (loop0): Unmounting Filesystem
[STDERR  ] 2017-10-30T12:53:03.408175102Z: [  228.574002] XFS (loop0): Mounting V4 Filesystem
[STDERR  ] 2017-10-30T12:53:03.408180586Z: [  228.614881] XFS (loop0): Ending clean mount
[STDERR  ] 2017-10-30T12:53:03.408186036Z: [  228.640929] XFS (loop0): Unmounting Filesystem
[STDERR  ] 2017-10-30T12:53:03.408191454Z: ok  	github.com/containerd/containerd/fs	2.277s
[STDERR  ] 2017-10-30T12:53:03.408197054Z: ok  	github.com/containerd/containerd/metadata	5.663s
[STDERR  ] 2017-10-30T12:53:03.408202892Z: [  482.312866] XFS (loop2): Mounting V5 Filesystem
[STDERR  ] 2017-10-30T12:53:03.408208406Z: [  482.359112] XFS (loop2): Ending clean mount
[STDERR  ] 2017-10-30T12:53:03.408213793Z: [  482.515695] XFS (loop2): Unmounting Filesystem
[STDERR  ] 2017-10-30T12:53:03.408219251Z: ok  	github.com/containerd/containerd/mount/lookup_test	1.516s
[STDERR  ] 2017-10-30T12:53:03.408224699Z: [  533.910317] raid6: sse2x1   gen()   332 MB/s
[STDERR  ] 2017-10-30T12:53:03.408230197Z: [  534.080387] raid6: sse2x1   xor()   164 MB/s
[STDERR  ] 2017-10-30T12:53:03.40823561Z: [  534.250397] raid6: sse2x2   gen()   248 MB/s
[STDERR  ] 2017-10-30T12:53:03.408241124Z: [  534.420225] raid6: sse2x2   xor()   177 MB/s
[STDERR  ] 2017-10-30T12:53:03.408246641Z: [  534.590287] raid6: sse2x4   gen()   300 MB/s
[STDERR  ] 2017-10-30T12:53:03.408252066Z: [  534.760349] raid6: sse2x4   xor()   168 MB/s
[STDERR  ] 2017-10-30T12:53:03.408261839Z: [  534.760793] raid6: using algorithm sse2x1 gen() 332 MB/s
[STDERR  ] 2017-10-30T12:53:03.408267481Z: [  534.761181] raid6: .... xor() 164 MB/s, rmw enabled
[STDERR  ] 2017-10-30T12:53:03.408272999Z: [  534.761661] raid6: using intx1 recovery algorithm
[STDERR  ] 2017-10-30T12:53:03.408278687Z: [  534.785806] xor: measuring software checksum speed
[STDERR  ] 2017-10-30T12:53:03.408284263Z: [  534.880260]    prefetch64-sse:   649.600 MB/sec
[STDERR  ] 2017-10-30T12:53:03.408289942Z: [  534.980224]    generic_sse:   640.800 MB/sec
[STDERR  ] 2017-10-30T12:53:03.408295497Z: [  534.980725] xor: using function: prefetch64-sse (649.600 MB/sec)
[STDERR  ] 2017-10-30T12:53:03.408301249Z: [  535.152698] Btrfs loaded, crc32c=crc32c-generic
[STDERR  ] 2017-10-30T12:53:03.408306736Z: [  535.161360] BTRFS: device fsid 65e1fe73-1118-4642-9f03-624858a6a711 devid 1 transid 5 /dev/loop2
[STDERR  ] 2017-10-30T12:53:03.40831249Z: [  535.201585] BTRFS info (device loop2): disk space caching is enabled
[STDERR  ] 2017-10-30T12:53:03.408318481Z: [  535.202194] BTRFS info (device loop2): has skinny extents
[STDERR  ] 2017-10-30T12:53:03.408324162Z: [  535.202536] BTRFS info (device loop2): flagging fs with big metadata feature
[STDERR  ] 2017-10-30T12:53:03.408329984Z: [  535.247267] BTRFS info (device loop2): creating UUID tree
[STDERR  ] 2017-10-30T12:53:03.408336521Z: [  537.148212] BTRFS: device fsid 92a9326f-ba93-4e59-8df4-520cc18d883e devid 1 transid 5 /dev/loop2
[STDERR  ] 2017-10-30T12:53:03.408345491Z: [  537.313932] BTRFS info (device loop2): disk space caching is enabled
[STDERR  ] 2017-10-30T12:53:03.408358557Z: [  537.314376] BTRFS info (device loop2): has skinny extents
[STDERR  ] 2017-10-30T12:53:03.40837326Z: [  537.314698] BTRFS info (device loop2): flagging fs with big metadata feature
[STDERR  ] 2017-10-30T12:53:03.408379725Z: [  537.348876] BTRFS info (device loop2): creating UUID tree
[STDERR  ] 2017-10-30T12:53:03.408385383Z: [  538.548184] BTRFS: device fsid 6fc04aa7-b0cc-4dc6-910a-8874efc307a4 devid 1 transid 5 /dev/loop2
[STDERR  ] 2017-10-30T12:53:03.408391297Z: [  538.713767] BTRFS info (device loop2): disk space caching is enabled
[STDERR  ] 2017-10-30T12:53:03.408397308Z: [  538.714222] BTRFS info (device loop2): has skinny extents
[STDERR  ] 2017-10-30T12:53:03.408404686Z: [  538.714663] BTRFS info (device loop2): flagging fs with big metadata feature
[STDERR  ] 2017-10-30T12:53:03.40841067Z: [  538.750618] BTRFS info (device loop2): creating UUID tree
[STDERR  ] 2017-10-30T12:53:03.408416359Z: [  540.403257] BTRFS: device fsid 9470a14e-7f29-4f88-8783-cbee9afa68ac devid 1 transid 5 /dev/loop2
[STDERR  ] 2017-10-30T12:53:03.408422343Z: [  540.563713] BTRFS info (device loop2): disk space caching is enabled
[STDERR  ] 2017-10-30T12:53:03.408428493Z: [  540.564229] BTRFS info (device loop2): has skinny extents
[STDERR  ] 2017-10-30T12:53:03.408434036Z: [  540.564607] BTRFS info (device loop2): flagging fs with big metadata feature
[STDERR  ] 2017-10-30T12:53:03.40843977Z: [  540.599292] BTRFS info (device loop2): creating UUID tree
[STDERR  ] 2017-10-30T12:53:03.408445363Z: [  542.533065] BTRFS: device fsid 8f719161-8b17-43e2-818e-74e609b2f992 devid 1 transid 5 /dev/loop2
