[INFO    ] 2019-03-22T17:04:08.734797123Z: Running Test linuxkit.packages.format_mount.by_name in /tmp/build/test/cases/040_packages/006_format_mount/002_by_name
[INFO    ] 2019-03-22T17:04:08.734977525Z: Running command: [/bin/sh -x /tmp/build/test/cases/040_packages/006_format_mount/002_by_name/test.sh]
[STDERR  ] 2019-03-22T17:04:08.775490393Z: + set -e
[STDERR  ] 2019-03-22T17:04:08.775629133Z: + . /tmp/build/test/cases/_lib/lib.sh
[STDERR  ] 2019-03-22T17:04:08.775648749Z: + [ -f src/github.com/linuxkit/rtf/lib/lib.sh ]
[STDERR  ] 2019-03-22T17:04:08.775662548Z: + LINUXKIT_TMPDIR=/tmp/build/test/cases/_tmp
[STDERR  ] 2019-03-22T17:04:08.775687849Z: + [ -f /tmp/build/test/cases/_tmp/env.sh ]
[STDERR  ] 2019-03-22T17:04:08.775699427Z: + . /tmp/build/test/cases/_tmp/env.sh
[STDERR  ] 2019-03-22T17:04:08.775712700Z: + export LINUXKIT_EXAMPLES_DIR=/tmp/build/test/cases/../../examples
[STDERR  ] 2019-03-22T17:04:08.775726837Z: + RT_CANCEL=253
[STDERR  ] 2019-03-22T17:04:08.775739551Z: + NAME=test-format
[STDERR  ] 2019-03-22T17:04:08.775751231Z: + DISK=disk.img
[STDERR  ] 2019-03-22T17:04:08.775786340Z: + trap clean_up EXIT
[STDERR  ] 2019-03-22T17:04:08.775802008Z: + [ linux = osx ]
[STDERR  ] 2019-03-22T17:04:08.775821242Z: + DEVICE=/dev/sda
[STDERR  ] 2019-03-22T17:04:08.775834425Z: + sed -e s,@DEVICE@,/dev/sda,g test.yml.in
[STDERR  ] 2019-03-22T17:04:08.837525463Z: + linuxkit build -format kernel+initrd -name test-format test.yml
[STDERR  ] 2019-03-22T17:04:08.874455862Z: Extract kernel image: linuxkit/kernel:4.19.28
[STDERR  ] 2019-03-22T17:04:10.951444535Z: Add init containers:
[STDERR  ] 2019-03-22T17:04:10.951530387Z: Process init image: linuxkit/init:629fdad56e62ae72bf8becf0c8a668241480d3ff
[STDERR  ] 2019-03-22T17:04:12.170765901Z: Process init image: linuxkit/runc:606971451ea29b4238029804ca638f9f85caf5af
[STDERR  ] 2019-03-22T17:04:13.378821787Z: Add onboot containers:
[STDERR  ] 2019-03-22T17:04:13.378900493Z:   Create OCI config for linuxkit/format:ada5fd97592c33399140f5f93f517c02f55edb14
[STDERR  ] 2019-03-22T17:04:14.775458576Z:   Create OCI config for linuxkit/mount:019bc551972cf2d136b443d70b4bf94c54d0d1fe
[STDERR  ] 2019-03-22T17:04:16.180684511Z:   Create OCI config for alpine:3.9
[STDERR  ] 2019-03-22T17:04:17.384068008Z:   Create OCI config for linuxkit/poweroff:9f4e04f09bbb4a028f0a1f57d430e1ad3095ace1
[STDERR  ] 2019-03-22T17:04:18.563328554Z: Add files:
[STDERR  ] 2019-03-22T17:04:18.563399116Z:   check.sh
[STDERR  ] 2019-03-22T17:04:18.564198509Z: Create outputs:
[STDERR  ] 2019-03-22T17:04:26.093600304Z:   test-format-kernel test-format-initrd.img test-format-cmdline
[STDERR  ] 2019-03-22T17:04:26.169986989Z: + linuxkit run -disk file=disk.img,size=512M test-format
[STDERR  ] 2019-03-22T17:04:43.588545682Z: + RESULT=[    0.000000] Linux version 4.19.28-linuxkit (root@9341f087bbd6) (gcc version 8.2.0 (Alpine 8.2.0)) #1 SMP Sun Mar 10 20:02:02 UTC 2019
[STDERR  ] 2019-03-22T17:04:43.588655573Z: [    0.000000] Command line: console=ttyS0 console=ttyAMA0
[STDERR  ] 2019-03-22T17:04:43.588672869Z: [    0.000000] x86/fpu: x87 FPU will use FXSAVE
[STDERR  ] 2019-03-22T17:04:43.588688817Z: [    0.000000] BIOS-provided physical RAM map:
[STDERR  ] 2019-03-22T17:04:43.588702919Z: [    0.000000] BIOS-e820: [mem 0x0000000000000000-0x000000000009fbff] usable
[STDERR  ] 2019-03-22T17:04:43.588717855Z: [    0.000000] BIOS-e820: [mem 0x000000000009fc00-0x000000000009ffff] reserved
[STDERR  ] 2019-03-22T17:04:43.588730612Z: [    0.000000] BIOS-e820: [mem 0x00000000000f0000-0x00000000000fffff] reserved
[STDERR  ] 2019-03-22T17:04:43.588743885Z: [    0.000000] BIOS-e820: [mem 0x0000000000100000-0x000000003ffdefff] usable
[STDERR  ] 2019-03-22T17:04:43.588756626Z: [    0.000000] BIOS-e820: [mem 0x000000003ffdf000-0x000000003fffffff] reserved
[STDERR  ] 2019-03-22T17:04:43.588769926Z: [    0.000000] BIOS-e820: [mem 0x00000000b0000000-0x00000000bfffffff] reserved
[STDERR  ] 2019-03-22T17:04:43.588782893Z: [    0.000000] BIOS-e820: [mem 0x00000000fed1c000-0x00000000fed1ffff] reserved
[STDERR  ] 2019-03-22T17:04:43.588795109Z: [    0.000000] BIOS-e820: [mem 0x00000000feffc000-0x00000000feffffff] reserved
[STDERR  ] 2019-03-22T17:04:43.588822694Z: [    0.000000] BIOS-e820: [mem 0x00000000fffc0000-0x00000000ffffffff] reserved
[STDERR  ] 2019-03-22T17:04:43.588834296Z: [    0.000000] NX (Execute Disable) protection: active
[STDERR  ] 2019-03-22T17:04:43.588846426Z: [    0.000000] SMBIOS 2.8 present.
[STDERR  ] 2019-03-22T17:04:43.588858460Z: [    0.000000] DMI: QEMU Standard PC (Q35 + ICH9, 2009), BIOS 1.10.2-1 04/01/2014
[STDERR  ] 2019-03-22T17:04:43.588870326Z: [    0.000000] Hypervisor detected: KVM
[STDERR  ] 2019-03-22T17:04:43.588883557Z: [    0.000000] kvm-clock: Using msrs 4b564d01 and 4b564d00
[STDERR  ] 2019-03-22T17:04:43.588896015Z: [    0.561548] kvm-clock: cpu 0, msr 2d81a001, primary cpu clock
[STDERR  ] 2019-03-22T17:04:43.588911585Z: [    0.561548] clocksource: kvm-clock: mask: 0xffffffffffffffff max_cycles: 0x1cd42e4dffb, max_idle_ns: 881590591483 ns
[STDERR  ] 2019-03-22T17:04:43.588925612Z: [    0.561560] tsc: Detected 2299.914 MHz processor
[STDERR  ] 2019-03-22T17:04:43.588938978Z: [    0.564809] last_pfn = 0x3ffdf max_arch_pfn = 0x400000000
[STDERR  ] 2019-03-22T17:04:43.588952565Z: [    0.565408] x86/PAT: PAT not supported by CPU.
[STDERR  ] 2019-03-22T17:04:43.588965941Z: [    0.565462] x86/PAT: Configuration [0-7]: WB  WT  UC- UC  WB  WT  UC- UC  
[STDERR  ] 2019-03-22T17:04:43.588979065Z: [    0.577197] found SMP MP-table at [mem 0x000f6a90-0x000f6a9f] mapped at [(____ptrval____)]
[STDERR  ] 2019-03-22T17:04:43.589004516Z: [    0.577718] RAMDISK: [mem 0x3d6b5000-0x3ffcffff]
[STDERR  ] 2019-03-22T17:04:43.589017838Z: [    0.577949] ACPI: Early table checksum verification disabled
[STDERR  ] 2019-03-22T17:04:43.589030567Z: [    0.578086] ACPI: RSDP 0x00000000000F68D0 000014 (v00 BOCHS )
[STDERR  ] 2019-03-22T17:04:43.589046016Z: [    0.578096] ACPI: RSDT 0x000000003FFE2404 000034 (v01 BOCHS  BXPCRSDT 00000001 BXPC 00000001)
[STDERR  ] 2019-03-22T17:04:43.589058641Z: [    0.578116] ACPI: FACP 0x000000003FFE22A4 000074 (v01 BOCHS  BXPCFACP 00000001 BXPC 00000001)
[STDERR  ] 2019-03-22T17:04:43.589077338Z: [    0.578122] ACPI: DSDT 0x000000003FFE0040 002264 (v01 BOCHS  BXPCDSDT 00000001 BXPC 00000001)
[STDERR  ] 2019-03-22T17:04:43.589093242Z: [    0.578127] ACPI: FACS 0x000000003FFE0000 000040
[STDERR  ] 2019-03-22T17:04:43.589105372Z: [    0.578131] ACPI: APIC 0x000000003FFE2318 000078 (v01 BOCHS  BXPCAPIC 00000001 BXPC 00000001)
[STDERR  ] 2019-03-22T17:04:43.589117239Z: [    0.578135] ACPI: HPET 0x000000003FFE2390 000038 (v01 BOCHS  BXPCHPET 00000001 BXPC 00000001)
[STDERR  ] 2019-03-22T17:04:43.589129275Z: [    0.578139] ACPI: MCFG 0x000000003FFE23C8 00003C (v01 BOCHS  BXPCMCFG 00000001 BXPC 00000001)
[STDERR  ] 2019-03-22T17:04:43.589142112Z: [    0.579042] Zone ranges:
[STDERR  ] 2019-03-22T17:04:43.589154144Z: [    0.579044]   DMA      [mem 0x0000000000001000-0x0000000000ffffff]
[STDERR  ] 2019-03-22T17:04:43.589168667Z: [    0.579046]   DMA32    [mem 0x0000000001000000-0x000000003ffdefff]
[STDERR  ] 2019-03-22T17:04:43.589180647Z: [    0.579048]   Normal   empty
[STDERR  ] 2019-03-22T17:04:43.589192552Z: [    0.579049]   Device   empty
[STDERR  ] 2019-03-22T17:04:43.589207800Z: [    0.579051] Movable zone start for each node
[STDERR  ] 2019-03-22T17:04:43.589220465Z: [    0.579051] Early memory node ranges
[STDERR  ] 2019-03-22T17:04:43.589236619Z: [    0.579053]   node   0: [mem 0x0000000000001000-0x000000000009efff]
[STDERR  ] 2019-03-22T17:04:43.589249541Z: [    0.579054]   node   0: [mem 0x0000000000100000-0x000000003ffdefff]
[STDERR  ] 2019-03-22T17:04:43.589263788Z: [    0.579757] Reserved but unavailable: 98 pages
[STDERR  ] 2019-03-22T17:04:43.589275538Z: [    0.579759] Initmem setup node 0 [mem 0x0000000000001000-0x000000003ffdefff]
[STDERR  ] 2019-03-22T17:04:43.589286502Z: [    0.592332] ACPI: PM-Timer IO Port: 0x608
[STDERR  ] 2019-03-22T17:04:43.589298311Z: [    0.592384] ACPI: LAPIC_NMI (acpi_id[0xff] dfl dfl lint[0x1])
[STDERR  ] 2019-03-22T17:04:43.589310363Z: [    0.592644] IOAPIC[0]: apic_id 0, version 17, address 0xfec00000, GSI 0-23
[STDERR  ] 2019-03-22T17:04:43.589328636Z: [    0.592648] ACPI: INT_SRC_OVR (bus 0 bus_irq 0 global_irq 2 dfl dfl)
[STDERR  ] 2019-03-22T17:04:43.589342697Z: [    0.592650] ACPI: INT_SRC_OVR (bus 0 bus_irq 5 global_irq 5 high level)
[STDERR  ] 2019-03-22T17:04:43.589367804Z: [    0.592652] ACPI: INT_SRC_OVR (bus 0 bus_irq 9 global_irq 9 high level)
[STDERR  ] 2019-03-22T17:04:43.589381256Z: [    0.592658] ACPI: INT_SRC_OVR (bus 0 bus_irq 10 global_irq 10 high level)
[STDERR  ] 2019-03-22T17:04:43.589408611Z: [    0.592659] ACPI: INT_SRC_OVR (bus 0 bus_irq 11 global_irq 11 high level)
[STDERR  ] 2019-03-22T17:04:43.589420082Z: [    0.592667] Using ACPI (MADT) for SMP configuration information
[STDERR  ] 2019-03-22T17:04:43.589431879Z: [    0.592669] ACPI: HPET id: 0x8086a201 base: 0xfed00000
[STDERR  ] 2019-03-22T17:04:43.589444729Z: [    0.592704] smpboot: Allowing 1 CPUs, 0 hotplug CPUs
[STDERR  ] 2019-03-22T17:04:43.589456567Z: [    0.592815] [mem 0x40000000-0xafffffff] available for PCI devices
[STDERR  ] 2019-03-22T17:04:43.589468427Z: [    0.592817] Booting paravirtualized kernel on KVM
[STDERR  ] 2019-03-22T17:04:43.589480289Z: [    0.592820] clocksource: refined-jiffies: mask: 0xffffffff max_cycles: 0xffffffff, max_idle_ns: 1910969940391419 ns
[STDERR  ] 2019-03-22T17:04:43.589494194Z: [    0.697754] random: get_random_bytes called from start_kernel+0x91/0x517 with crng_init=0
[STDERR  ] 2019-03-22T17:04:43.589507185Z: [    0.697782] setup_percpu: NR_CPUS:128 nr_cpumask_bits:128 nr_cpu_ids:1 nr_node_ids:1
[STDERR  ] 2019-03-22T17:04:43.589527138Z: [    0.698886] percpu: Embedded 45 pages/cpu @(____ptrval____) s145112 r8192 d31016 u2097152
[STDERR  ] 2019-03-22T17:04:43.589541330Z: [    0.699004] KVM setup async PF for cpu 0
[STDERR  ] 2019-03-22T17:04:43.589555104Z: [    0.699055] kvm-stealtime: cpu 0, msr 3c215e80
[STDERR  ] 2019-03-22T17:04:43.589567741Z: [    0.699091] Built 1 zonelists, mobility grouping on.  Total pages: 257896
[STDERR  ] 2019-03-22T17:04:43.589581984Z: [    0.699095] Kernel command line: console=ttyS0 console=ttyAMA0
[STDERR  ] 2019-03-22T17:04:43.589600654Z: [    0.699316] Dentry cache hash table entries: 131072 (order: 8, 1048576 bytes)
[STDERR  ] 2019-03-22T17:04:43.589614137Z: [    0.699409] Inode-cache hash table entries: 65536 (order: 7, 524288 bytes)
[STDERR  ] 2019-03-22T17:04:43.589626104Z: [    0.703496] Memory: 959708K/1048052K available (12300K kernel code, 1573K rwdata, 3056K rodata, 1584K init, 2036K bss, 88344K reserved, 0K cma-reserved)
[STDERR  ] 2019-03-22T17:04:43.589639426Z: [    0.704416] Kernel/User page tables isolation: enabled
[STDERR  ] 2019-03-22T17:04:43.589650890Z: [    0.704517] ftrace: allocating 43042 entries in 169 pages
[STDERR  ] 2019-03-22T17:04:43.589664341Z: [    0.727789] rcu: Hierarchical RCU implementation.
[STDERR  ] 2019-03-22T17:04:43.589678000Z: [    0.727794] rcu: 	RCU restricting CPUs from NR_CPUS=128 to nr_cpu_ids=1.
[STDERR  ] 2019-03-22T17:04:43.589690740Z: [    0.727796] rcu: Adjusting geometry for rcu_fanout_leaf=16, nr_cpu_ids=1
[STDERR  ] 2019-03-22T17:04:43.589702936Z: [    0.730830] NR_IRQS: 8448, nr_irqs: 256, preallocated irqs: 16
[STDERR  ] 2019-03-22T17:04:43.589713935Z: [    0.757273] Console: colour VGA+ 80x25
[STDERR  ] 2019-03-22T17:04:43.589725691Z: [    1.194090] console [ttyS0] enabled
[STDERR  ] 2019-03-22T17:04:43.589736661Z: [    1.197310] ACPI: Core revision 20180810
[STDERR  ] 2019-03-22T17:04:43.589747525Z: [    1.201603] clocksource: hpet: mask: 0xffffffff max_cycles: 0xffffffff, max_idle_ns: 19112604467 ns
[STDERR  ] 2019-03-22T17:04:43.589760297Z: [    1.210228] APIC: Switch to symmetric I/O mode setup
[STDERR  ] 2019-03-22T17:04:43.589771606Z: [    1.217005] x2apic enabled
[STDERR  ] 2019-03-22T17:04:43.589785120Z: [    1.221784] Switched APIC routing to physical x2apic.
[STDERR  ] 2019-03-22T17:04:43.589797823Z: [    1.236009] ..TIMER: vector=0x30 apic1=0 pin1=2 apic2=-1 pin2=-1
[STDERR  ] 2019-03-22T17:04:43.589814552Z: [    1.241488] clocksource: tsc-early: mask: 0xffffffffffffffff max_cycles: 0x2126e418e51, max_idle_ns: 440795268186 ns
[STDERR  ] 2019-03-22T17:04:43.589833361Z: [    1.250897] Calibrating delay loop (skipped) preset value.. 4599.82 BogoMIPS (lpj=2299914)
[STDERR  ] 2019-03-22T17:04:43.589848785Z: [    1.251871] pid_max: default: 32768 minimum: 301
[STDERR  ] 2019-03-22T17:04:43.589862049Z: [    1.252980] Security Framework initialized
[STDERR  ] 2019-03-22T17:04:43.589874973Z: [    1.253871] Yama: becoming mindful.
[STDERR  ] 2019-03-22T17:04:43.589888022Z: [    1.254920] Mount-cache hash table entries: 2048 (order: 2, 16384 bytes)
[STDERR  ] 2019-03-22T17:04:43.589900702Z: [    1.255876] Mountpoint-cache hash table entries: 2048 (order: 2, 16384 bytes)
[STDERR  ] 2019-03-22T17:04:43.589912412Z: [    1.258939] Last level iTLB entries: 4KB 0, 2MB 0, 4MB 0
[STDERR  ] 2019-03-22T17:04:43.589924847Z: [    1.259873] Last level dTLB entries: 4KB 0, 2MB 0, 4MB 0, 1GB 0
[STDERR  ] 2019-03-22T17:04:43.589960320Z: [    1.260873] Spectre V2 : Mitigation: Full generic retpoline
[STDERR  ] 2019-03-22T17:04:43.589972992Z: [    1.261869] Spectre V2 : Spectre v2 / SpectreRSB mitigation: Filling RSB on context switch
[STDERR  ] 2019-03-22T17:04:43.589985463Z: [    1.262870] Speculative Store Bypass: Vulnerable
[STDERR  ] 2019-03-22T17:04:43.590010277Z: [    1.274374] Freeing SMP alternatives memory: 20K
[STDERR  ] 2019-03-22T17:04:43.590022324Z: [    1.276862] smpboot: CPU0: Intel QEMU Virtual CPU version 2.5+ (family: 0x6, model: 0x6, stepping: 0x3)
[STDERR  ] 2019-03-22T17:04:43.590051084Z: [    1.277053] Performance Events: PMU not available due to virtualization, using software events only.
[STDERR  ] 2019-03-22T17:04:43.590065468Z: [    1.280100] rcu: Hierarchical SRCU implementation.
[STDERR  ] 2019-03-22T17:04:43.590078753Z: [    1.281008] NMI watchdog: Perf NMI watchdog permanently disabled
[STDERR  ] 2019-03-22T17:04:43.590091646Z: [    1.282955] smp: Bringing up secondary CPUs ...
[STDERR  ] 2019-03-22T17:04:43.590105429Z: [    1.283869] smp: Brought up 1 node, 1 CPU
[STDERR  ] 2019-03-22T17:04:43.590123439Z: [    1.284866] smpboot: Max logical packages: 1
[STDERR  ] 2019-03-22T17:04:43.590142250Z: [    1.285866] smpboot: Total of 1 processors activated (4599.82 BogoMIPS)
[STDERR  ] 2019-03-22T17:04:43.590155054Z: [    1.287872] devtmpfs: initialized
[STDERR  ] 2019-03-22T17:04:43.590175609Z: [    1.288942] x86/mm: Memory block size: 128MB
[STDERR  ] 2019-03-22T17:04:43.590187779Z: [    1.290287] clocksource: jiffies: mask: 0xffffffff max_cycles: 0xffffffff, max_idle_ns: 1911260446275000 ns
[STDERR  ] 2019-03-22T17:04:43.590200915Z: [    1.290879] futex hash table entries: 256 (order: 2, 16384 bytes)
[STDERR  ] 2019-03-22T17:04:43.590213697Z: [    1.292934] NET: Registered protocol family 16
[STDERR  ] 2019-03-22T17:04:43.590226570Z: [    1.294072] audit: initializing netlink subsys (disabled)
[STDERR  ] 2019-03-22T17:04:43.590243006Z: [    1.294952] audit: type=2000 audit(1553274267.098:1): state=initialized audit_enabled=0 res=1
[STDERR  ] 2019-03-22T17:04:43.590255278Z: [    1.295966] cpuidle: using governor ladder
[STDERR  ] 2019-03-22T17:04:43.590267609Z: [    1.296868] cpuidle: using governor menu
[STDERR  ] 2019-03-22T17:04:43.590279795Z: [    1.298007] ACPI: bus type PCI registered
[STDERR  ] 2019-03-22T17:04:43.590300665Z: [    1.300136] PCI: MMCONFIG for domain 0000 [bus 00-ff] at [mem 0xb0000000-0xbfffffff] (base 0xb0000000)
[STDERR  ] 2019-03-22T17:04:43.590313001Z: [    1.301870] PCI: MMCONFIG at [mem 0xb0000000-0xbfffffff] reserved in E820
[STDERR  ] 2019-03-22T17:04:43.590331429Z: [    1.302879] PCI: Using configuration type 1 for base access
[STDERR  ] 2019-03-22T17:04:43.590354427Z: [    1.306213] HugeTLB registered 2.00 MiB page size, pre-allocated 0 pages
[STDERR  ] 2019-03-22T17:04:43.590366935Z: [    1.308021] cryptd: max_cpu_qlen set to 1000
[STDERR  ] 2019-03-22T17:04:43.590379203Z: [    1.309131] ACPI: Added _OSI(Module Device)
[STDERR  ] 2019-03-22T17:04:43.590430689Z: [    1.309874] ACPI: Added _OSI(Processor Device)
[STDERR  ] 2019-03-22T17:04:43.590443707Z: [    1.310867] ACPI: Added _OSI(3.0 _SCP Extensions)
[STDERR  ] 2019-03-22T17:04:43.590462599Z: [    1.311867] ACPI: Added _OSI(Processor Aggregator Device)
[STDERR  ] 2019-03-22T17:04:43.590479454Z: [    1.312887] ACPI: Added _OSI(Linux-Dell-Video)
[STDERR  ] 2019-03-22T17:04:43.590494442Z: [    1.313871] ACPI: Added _OSI(Linux-Lenovo-NV-HDMI-Audio)
[STDERR  ] 2019-03-22T17:04:43.590506430Z: [    1.317163] ACPI: 1 ACPI AML tables successfully acquired and loaded
[STDERR  ] 2019-03-22T17:04:43.590519069Z: [    1.321052] ACPI: Interpreter enabled
[STDERR  ] 2019-03-22T17:04:43.590531292Z: [    1.321883] ACPI: (supports S0 S5)
[STDERR  ] 2019-03-22T17:04:43.590543501Z: [    1.322871] ACPI: Using IOAPIC for interrupt routing
[STDERR  ] 2019-03-22T17:04:43.590564468Z: [    1.324904] PCI: Using host bridge windows from ACPI; if necessary, use "pci=nocrs" and report a bug
[STDERR  ] 2019-03-22T17:04:43.590577476Z: [    1.326088] ACPI: Enabled 2 GPEs in block 00 to 3F
[STDERR  ] 2019-03-22T17:04:43.590589633Z: [    1.331114] ACPI: PCI Root Bridge [PCI0] (domain 0000 [bus 00-ff])
[STDERR  ] 2019-03-22T17:04:43.590605736Z: [    1.331880] acpi PNP0A08:00: _OSC: OS supports [ExtendedConfig ASPM ClockPM Segments MSI]
[STDERR  ] 2019-03-22T17:04:43.590618033Z: [    1.332979] acpi PNP0A08:00: _OSC: platform does not support [SHPCHotplug LTR]
[STDERR  ] 2019-03-22T17:04:43.590634441Z: [    1.333958] acpi PNP0A08:00: _OSC: OS now controls [PCIeHotplug PME PCIeCapability]
[STDERR  ] 2019-03-22T17:04:43.590646861Z: [    1.334961] PCI host bridge to bus 0000:00
[STDERR  ] 2019-03-22T17:04:43.590659264Z: [    1.335872] pci_bus 0000:00: root bus resource [io  0x0000-0x0cf7 window]
[STDERR  ] 2019-03-22T17:04:43.590673264Z: [    1.336870] pci_bus 0000:00: root bus resource [io  0x0d00-0xffff window]
[STDERR  ] 2019-03-22T17:04:43.590685129Z: [    1.337870] pci_bus 0000:00: root bus resource [mem 0x000a0000-0x000bffff window]
[STDERR  ] 2019-03-22T17:04:43.590697238Z: [    1.338870] pci_bus 0000:00: root bus resource [mem 0xc0000000-0xfebfffff window]
[STDERR  ] 2019-03-22T17:04:43.590720421Z: [    1.339870] pci_bus 0000:00: root bus resource [bus 00-ff]
[STDERR  ] 2019-03-22T17:04:43.590732365Z: [    1.411193] pci 0000:00:1f.0: quirk: [io  0x0600-0x067f] claimed by ICH6 ACPI/GPIO/TCO
[STDERR  ] 2019-03-22T17:04:43.590744369Z: [    1.439966] ACPI: PCI Interrupt Link [LNKA] (IRQs 5 *10 11)
[STDERR  ] 2019-03-22T17:04:43.590756726Z: [    1.441885] ACPI: PCI Interrupt Link [LNKB] (IRQs 5 *10 11)
[STDERR  ] 2019-03-22T17:04:43.590768978Z: [    1.444089] ACPI: PCI Interrupt Link [LNKC] (IRQs 5 10 *11)
[STDERR  ] 2019-03-22T17:04:43.590781112Z: [    1.446038] ACPI: PCI Interrupt Link [LNKD] (IRQs 5 10 *11)
[STDERR  ] 2019-03-22T17:04:43.590794702Z: [    1.447184] ACPI: PCI Interrupt Link [LNKE] (IRQs 5 *10 11)
[STDERR  ] 2019-03-22T17:04:43.590808597Z: [    1.448162] ACPI: PCI Interrupt Link [LNKF] (IRQs 5 *10 11)
[STDERR  ] 2019-03-22T17:04:43.590820674Z: [    1.449961] ACPI: PCI Interrupt Link [LNKG] (IRQs 5 10 *11)
[STDERR  ] 2019-03-22T17:04:43.590832782Z: [    1.451168] ACPI: PCI Interrupt Link [LNKH] (IRQs 5 10 *11)
[STDERR  ] 2019-03-22T17:04:43.590845028Z: [    1.452031] ACPI: PCI Interrupt Link [GSIA] (IRQs *16)
[STDERR  ] 2019-03-22T17:04:43.590857215Z: [    1.452889] ACPI: PCI Interrupt Link [GSIB] (IRQs *17)
[STDERR  ] 2019-03-22T17:04:43.590873000Z: [    1.453882] ACPI: PCI Interrupt Link [GSIC] (IRQs *18)
[STDERR  ] 2019-03-22T17:04:43.590885088Z: [    1.454885] ACPI: PCI Interrupt Link [GSID] (IRQs *19)
[STDERR  ] 2019-03-22T17:04:43.590897228Z: [    1.455881] ACPI: PCI Interrupt Link [GSIE] (IRQs *20)
[STDERR  ] 2019-03-22T17:04:43.590909417Z: [    1.456880] ACPI: PCI Interrupt Link [GSIF] (IRQs *21)
[STDERR  ] 2019-03-22T17:04:43.590921707Z: [    1.457887] ACPI: PCI Interrupt Link [GSIG] (IRQs *22)
[STDERR  ] 2019-03-22T17:04:43.590935272Z: [    1.458885] ACPI: PCI Interrupt Link [GSIH] (IRQs *23)
[STDERR  ] 2019-03-22T17:04:43.590947399Z: [    1.460312] SCSI subsystem initialized
[STDERR  ] 2019-03-22T17:04:43.590959369Z: [    1.460995] ACPI: bus type USB registered
[STDERR  ] 2019-03-22T17:04:43.590981379Z: [    1.462899] usbcore: registered new interface driver usbfs
[STDERR  ] 2019-03-22T17:04:43.590997988Z: [    1.464899] usbcore: registered new interface driver hub
[STDERR  ] 2019-03-22T17:04:43.591010127Z: [    1.465905] usbcore: registered new device driver usb
[STDERR  ] 2019-03-22T17:04:43.591022640Z: [    1.466917] pps_core: LinuxPPS API ver. 1 registered
[STDERR  ] 2019-03-22T17:04:43.591036981Z: [    1.467867] pps_core: Software ver. 5.3.6 - Copyright 2005-2007 Rodolfo Giometti <giometti@linux.it>
[STDERR  ] 2019-03-22T17:04:43.591049445Z: [    1.468897] PTP clock support registered
[STDERR  ] 2019-03-22T17:04:43.591061563Z: [    1.469984] PCI: Using ACPI for IRQ routing
[STDERR  ] 2019-03-22T17:04:43.591079889Z: [    1.918676] NetLabel: Initializing
[STDERR  ] 2019-03-22T17:04:43.591091662Z: [    1.918869] NetLabel:  domain hash size = 128
[STDERR  ] 2019-03-22T17:04:43.591103980Z: [    1.919867] NetLabel:  protocols = UNLABELED CIPSOv4 CALIPSO
[STDERR  ] 2019-03-22T17:04:43.591119197Z: [    1.920924] NetLabel:  unlabeled traffic allowed by default
[STDERR  ] 2019-03-22T17:04:43.591133655Z: [    1.922051] HPET: 3 timers in total, 0 timers will be used for per-cpu timer
[STDERR  ] 2019-03-22T17:04:43.591147224Z: [    1.922992] hpet0: at MMIO 0xfed00000, IRQs 2, 8, 0
[STDERR  ] 2019-03-22T17:04:43.591159221Z: [    1.923873] hpet0: 3 comparators, 64-bit 100.000000 MHz counter
[STDERR  ] 2019-03-22T17:04:43.591171392Z: [    1.927913] clocksource: Switched to clocksource kvm-clock
[STDERR  ] 2019-03-22T17:04:43.591189164Z: [    1.958944] VFS: Disk quotas dquot_6.6.0
[STDERR  ] 2019-03-22T17:04:43.591201604Z: [    1.962779] VFS: Dquot-cache hash table entries: 512 (order 0, 4096 bytes)
[STDERR  ] 2019-03-22T17:04:43.591213881Z: [    1.968597] FS-Cache: Loaded
[STDERR  ] 2019-03-22T17:04:43.591226005Z: [    1.971169] CacheFiles: Loaded
[STDERR  ] 2019-03-22T17:04:43.591238827Z: [    1.973969] pnp: PnP ACPI init
[STDERR  ] 2019-03-22T17:04:43.591252591Z: [    1.977756] pnp: PnP ACPI: found 5 devices
[STDERR  ] 2019-03-22T17:04:43.591273861Z: [    1.987792] clocksource: acpi_pm: mask: 0xffffff max_cycles: 0xffffff, max_idle_ns: 2085701024 ns
[STDERR  ] 2019-03-22T17:04:43.591285795Z: [    1.995988] NET: Registered protocol family 2
[STDERR  ] 2019-03-22T17:04:43.591297997Z: [    2.001136] tcp_listen_portaddr_hash hash table entries: 512 (order: 1, 8192 bytes)
[STDERR  ] 2019-03-22T17:04:43.591310553Z: [    2.008180] TCP established hash table entries: 8192 (order: 4, 65536 bytes)
[STDERR  ] 2019-03-22T17:04:43.591329980Z: [    2.014517] TCP bind hash table entries: 8192 (order: 5, 131072 bytes)
[STDERR  ] 2019-03-22T17:04:43.591342084Z: [    2.020405] TCP: Hash tables configured (established 8192 bind 8192)
[STDERR  ] 2019-03-22T17:04:43.591362309Z: [    2.026199] UDP hash table entries: 512 (order: 2, 16384 bytes)
[STDERR  ] 2019-03-22T17:04:43.591379479Z: [    2.031552] UDP-Lite hash table entries: 512 (order: 2, 16384 bytes)
[STDERR  ] 2019-03-22T17:04:43.591402756Z: [    2.037355] NET: Registered protocol family 1
[STDERR  ] 2019-03-22T17:04:43.591422499Z: [    2.041345] NET: Registered protocol family 44
[STDERR  ] 2019-03-22T17:04:43.591434203Z: [    2.045673] pci 0000:00:01.0: Video device with shadowed ROM at [mem 0x000c0000-0x000dffff]
[STDERR  ] 2019-03-22T17:04:43.591446299Z: [    2.053504] Trying to unpack rootfs image as initramfs...
[STDERR  ] 2019-03-22T17:04:43.591458750Z: [    2.894260] Freeing initrd memory: 42092K
[STDERR  ] 2019-03-22T17:04:43.591470918Z: [    2.898090] clocksource: tsc: mask: 0xffffffffffffffff max_cycles: 0x2126e418e51, max_idle_ns: 440795268186 ns
[STDERR  ] 2019-03-22T17:04:43.591489029Z: [    2.907551] PCLMULQDQ-NI instructions are not detected.
[STDERR  ] 2019-03-22T17:04:43.591501078Z: [    2.912315] AVX or AES-NI instructions are not detected.
[STDERR  ] 2019-03-22T17:04:43.591513134Z: [    2.917084] CPU feature 'AVX registers' is not supported.
[STDERR  ] 2019-03-22T17:04:43.591525391Z: [    2.921928] CPU feature 'AVX registers' is not supported.
[STDERR  ] 2019-03-22T17:04:43.591550817Z: [    2.926726] CPU feature 'AVX registers' is not supported.
[STDERR  ] 2019-03-22T17:04:43.591563029Z: [    2.931540] CPU feature 'AVX registers' is not supported.
[STDERR  ] 2019-03-22T17:04:43.591575279Z: [    2.936331] AVX2 or AES-NI instructions are not detected.
[STDERR  ] 2019-03-22T17:04:43.591591171Z: [    2.941124] AVX2 instructions are not detected.
[STDERR  ] 2019-03-22T17:04:43.591604829Z: [    2.945729] workingset: timestamp_bits=46 max_order=18 bucket_order=0
[STDERR  ] 2019-03-22T17:04:43.591616877Z: [    2.951998] squashfs: version 4.0 (2009/01/31) Phillip Lougher
[STDERR  ] 2019-03-22T17:04:43.591629158Z: [    2.957460] FS-Cache: Netfs 'cifs' registered for caching
[STDERR  ] 2019-03-22T17:04:43.591641448Z: [    2.962408] fuse init (API version 7.27)
[STDERR  ] 2019-03-22T17:04:43.591660453Z: [    2.966182] SGI XFS with ACLs, security attributes, no debug enabled
[STDERR  ] 2019-03-22T17:04:43.591672437Z: [    2.972126] 9p: Installing v9fs 9p2000 file system support
[STDERR  ] 2019-03-22T17:04:43.591684815Z: [    2.977130] FS-Cache: Netfs '9p' registered for caching
[STDERR  ] 2019-03-22T17:04:43.591697058Z: [    2.981842] pstore: using deflate compression
[STDERR  ] 2019-03-22T17:04:43.591709821Z: [    2.987472] NET: Registered protocol family 38
[STDERR  ] 2019-03-22T17:04:43.591726577Z: [    2.991570] Key type asymmetric registered
[STDERR  ] 2019-03-22T17:04:43.591738705Z: [    2.995434] Asymmetric key parser 'x509' registered
[STDERR  ] 2019-03-22T17:04:43.591750838Z: [    2.999991] Block layer SCSI generic (bsg) driver version 0.4 loaded (major 247)
[STDERR  ] 2019-03-22T17:04:43.591761964Z: [    3.006669] io scheduler noop registered
[STDERR  ] 2019-03-22T17:04:43.591773012Z: [    3.010255] io scheduler deadline registered (default)
[STDERR  ] 2019-03-22T17:04:43.591784073Z: [    3.014939] io scheduler cfq registered
[STDERR  ] 2019-03-22T17:04:43.591795491Z: [    3.018484] io scheduler mq-deadline registered (default)
[STDERR  ] 2019-03-22T17:04:43.591814627Z: [    3.023311] io scheduler kyber registered
[STDERR  ] 2019-03-22T17:04:43.591826801Z: [    3.027092] shpchp: Standard Hot Plug PCI Controller Driver version: 0.4
[STDERR  ] 2019-03-22T17:04:43.591839051Z: [    3.033229] hv_vmbus: registering driver hyperv_fb
[STDERR  ] 2019-03-22T17:04:43.591851612Z: [    3.037677] input: Power Button as /devices/LNXSYSTM:00/LNXPWRBN:00/input/input0
[STDERR  ] 2019-03-22T17:04:43.591864352Z: [    3.044386] ACPI: Power Button [PWRF]
[STDERR  ] 2019-03-22T17:04:43.591876543Z: [    3.048566] PCI Interrupt Link [GSIG] enabled at IRQ 22
[STDERR  ] 2019-03-22T17:04:43.591891425Z: [    3.059205] PCI Interrupt Link [GSIH] enabled at IRQ 23
[STDERR  ] 2019-03-22T17:04:43.591907708Z: [    3.069660] Serial: 8250/16550 driver, 4 ports, IRQ sharing disabled
[STDERR  ] 2019-03-22T17:04:43.591926587Z: [    3.109153] 00:04: ttyS0 at I/O 0x3f8 (irq = 4, base_baud = 115200) is a 16550A
[STDERR  ] 2019-03-22T17:04:43.591938535Z: [    3.116693] Non-volatile memory driver v1.3
[STDERR  ] 2019-03-22T17:04:43.591951068Z: [    3.122224] Hangcheck: starting hangcheck timer 0.9.1 (tick is 180 seconds, margin is 60 seconds).
[STDERR  ] 2019-03-22T17:04:43.591963241Z: [    3.130477] random: fast init done
[STDERR  ] 2019-03-22T17:04:43.591978995Z: [    3.134629] random: crng init done
[STDERR  ] 2019-03-22T17:04:43.591991619Z: [    3.139184] brd: module loaded
[STDERR  ] 2019-03-22T17:04:43.592004271Z: [    3.144580] loop: module loaded
[STDERR  ] 2019-03-22T17:04:43.592017546Z: [    3.151561] lpc_ich 0000:00:1f.0: I/O space for GPIO uninitialized
[STDERR  ] 2019-03-22T17:04:43.592033576Z: [    3.157308] VMware PVSCSI driver - version 1.0.7.0-k
[STDERR  ] 2019-03-22T17:04:43.592046216Z: [    3.161937] hv_vmbus: registering driver hv_storvsc
[STDERR  ] 2019-03-22T17:04:43.592062012Z: [    3.167006] PCI Interrupt Link [GSIA] enabled at IRQ 16
[STDERR  ] 2019-03-22T17:04:43.592074843Z: [    3.175259] ahci 0000:00:1f.2: AHCI 0001.0000 32 slots 6 ports 1.5 Gbps 0x3f impl SATA mode
[STDERR  ] 2019-03-22T17:04:43.592098162Z: [    3.182654] ahci 0000:00:1f.2: flags: 64bit ncq only 
[STDERR  ] 2019-03-22T17:04:43.592110199Z: [    3.190972] scsi host0: ahci
[STDERR  ] 2019-03-22T17:04:43.592122657Z: [    3.193786] scsi host1: ahci
[STDERR  ] 2019-03-22T17:04:43.592134934Z: [    3.196586] scsi host2: ahci
[STDERR  ] 2019-03-22T17:04:43.592148093Z: [    3.199320] scsi host3: ahci
[STDERR  ] 2019-03-22T17:04:43.592168628Z: [    3.202084] scsi host4: ahci
[STDERR  ] 2019-03-22T17:04:43.592182297Z: [    3.204862] scsi host5: ahci
[STDERR  ] 2019-03-22T17:04:43.592194543Z: [    3.207587] ata1: SATA max UDMA/133 abar m4096@0xfebd2000 port 0xfebd2100 irq 24
[STDERR  ] 2019-03-22T17:04:43.592206796Z: [    3.214449] ata2: SATA max UDMA/133 abar m4096@0xfebd2000 port 0xfebd2180 irq 24
[STDERR  ] 2019-03-22T17:04:43.592218899Z: [    3.221175] ata3: SATA max UDMA/133 abar m4096@0xfebd2000 port 0xfebd2200 irq 24
[STDERR  ] 2019-03-22T17:04:43.592231062Z: [    3.227733] ata4: SATA max UDMA/133 abar m4096@0xfebd2000 port 0xfebd2280 irq 24
[STDERR  ] 2019-03-22T17:04:43.592243297Z: [    3.234312] ata5: SATA max UDMA/133 abar m4096@0xfebd2000 port 0xfebd2300 irq 24
[STDERR  ] 2019-03-22T17:04:43.592255459Z: [    3.240939] ata6: SATA max UDMA/133 abar m4096@0xfebd2000 port 0xfebd2380 irq 24
[STDERR  ] 2019-03-22T17:04:43.592270810Z: [    3.249806] tun: Universal TUN/TAP device driver, 1.6
[STDERR  ] 2019-03-22T17:04:43.592282852Z: [    3.259175] VMware vmxnet3 virtual NIC driver - version 1.4.16.0-k-NAPI
[STDERR  ] 2019-03-22T17:04:43.592294966Z: [    3.265167] hv_vmbus: registering driver hv_netvsc
[STDERR  ] 2019-03-22T17:04:43.592306540Z: [    3.269435] Fusion MPT base driver 3.04.20
[STDERR  ] 2019-03-22T17:04:43.592318529Z: [    3.273214] Copyright (c) 1999-2008 LSI Corporation
[STDERR  ] 2019-03-22T17:04:43.592331689Z: [    3.277566] Fusion MPT SPI Host driver 3.04.20
[STDERR  ] 2019-03-22T17:04:43.592343636Z: [    3.281619] i8042: PNP: PS/2 Controller [PNP0303:KBD,PNP0f13:MOU] at 0x60,0x64 irq 1,12
[STDERR  ] 2019-03-22T17:04:43.592372860Z: [    3.292504] serio: i8042 KBD port at 0x60,0x64 irq 1
[STDERR  ] 2019-03-22T17:04:43.592396034Z: [    3.296951] serio: i8042 AUX port at 0x60,0x64 irq 12
[STDERR  ] 2019-03-22T17:04:43.592408502Z: [    3.301605] hv_vmbus: registering driver hyperv_keyboard
[STDERR  ] 2019-03-22T17:04:43.592420922Z: [    3.306425] mousedev: PS/2 mouse device common for all mice
[STDERR  ] 2019-03-22T17:04:43.592432979Z: [    3.312701] input: AT Translated Set 2 keyboard as /devices/platform/i8042/serio0/input/input1
[STDERR  ] 2019-03-22T17:04:43.592445712Z: [    3.320434] input: PC Speaker as /devices/platform/pcspkr/input/input2
[STDERR  ] 2019-03-22T17:04:43.592458196Z: [    3.327339] rtc_cmos 00:00: RTC can wake from S4
[STDERR  ] 2019-03-22T17:04:43.592470876Z: [    3.334083] rtc_cmos 00:00: registered as rtc0
[STDERR  ] 2019-03-22T17:04:43.592482543Z: [    3.338141] rtc_cmos 00:00: alarms up to one day, y3k, 114 bytes nvram, hpet irqs
[STDERR  ] 2019-03-22T17:04:43.592494636Z: [    3.344829] i2c /dev entries driver
[STDERR  ] 2019-03-22T17:04:43.592506925Z: [    3.348340] device-mapper: ioctl: 4.39.0-ioctl (2018-04-03) initialised: dm-devel@redhat.com
[STDERR  ] 2019-03-22T17:04:43.592519659Z: [    3.356566] usbcore: registered new interface driver usbhid
[STDERR  ] 2019-03-22T17:04:43.592532276Z: [    3.361676] usbhid: USB HID core driver
[STDERR  ] 2019-03-22T17:04:43.592544561Z: [    3.365328] hv_utils: Registering HyperV Utility Driver
[STDERR  ] 2019-03-22T17:04:43.592557011Z: [    3.370086] hv_vmbus: registering driver hv_util
[STDERR  ] 2019-03-22T17:04:43.592569262Z: [    3.374284] hv_vmbus: registering driver hv_balloon
[STDERR  ] 2019-03-22T17:04:43.592585539Z: [    3.378805] oprofile: using NMI interrupt.
[STDERR  ] 2019-03-22T17:04:43.592598221Z: [    3.382591] GACT probability on
[STDERR  ] 2019-03-22T17:04:43.592610221Z: [    3.385528] Mirror/redirect action on
[STDERR  ] 2019-03-22T17:04:43.592622002Z: [    3.388869] Simple TC action Loaded
[STDERR  ] 2019-03-22T17:04:43.592638926Z: [    3.392047] u32 classifier
[STDERR  ] 2019-03-22T17:04:43.592655392Z: [    3.394620]     Performance counters on
[STDERR  ] 2019-03-22T17:04:43.592667515Z: [    3.398106]     input device check on
[STDERR  ] 2019-03-22T17:04:43.592689816Z: [    3.401424]     Actions configured
[STDERR  ] 2019-03-22T17:04:43.592701474Z: [    3.404780] xt_time: kernel timezone is -0000
[STDERR  ] 2019-03-22T17:04:43.592713292Z: [    3.408752] IPVS: Registered protocols (TCP, UDP, SCTP, AH, ESP)
[STDERR  ] 2019-03-22T17:04:43.592725048Z: [    3.414224] IPVS: Connection hash table configured (size=4096, memory=64Kbytes)
[STDERR  ] 2019-03-22T17:04:43.592740283Z: [    3.420837] IPVS: ipvs loaded.
[STDERR  ] 2019-03-22T17:04:43.592752974Z: [    3.423655] IPVS: [rr] scheduler registered.
[STDERR  ] 2019-03-22T17:04:43.592764774Z: [    3.427519] IPVS: [wrr] scheduler registered.
[STDERR  ] 2019-03-22T17:04:43.592776380Z: [    3.431467] IPVS: [lc] scheduler registered.
[STDERR  ] 2019-03-22T17:04:43.592788096Z: [    3.435328] IPVS: [wlc] scheduler registered.
[STDERR  ] 2019-03-22T17:04:43.592799968Z: [    3.439268] IPVS: [fo] scheduler registered.
[STDERR  ] 2019-03-22T17:04:43.592812148Z: [    3.443190] IPVS: [ovf] scheduler registered.
[STDERR  ] 2019-03-22T17:04:43.592824606Z: [    3.447155] IPVS: [lblc] scheduler registered.
[STDERR  ] 2019-03-22T17:04:43.592837283Z: [    3.451465] IPVS: [lblcr] scheduler registered.
[STDERR  ] 2019-03-22T17:04:43.592849522Z: [    3.455515] IPVS: [dh] scheduler registered.
[STDERR  ] 2019-03-22T17:04:43.592861291Z: [    3.459632] IPVS: [sh] scheduler registered.
[STDERR  ] 2019-03-22T17:04:43.592877175Z: [    3.463427] IPVS: [mh] scheduler registered.
[STDERR  ] 2019-03-22T17:04:43.592889134Z: [    3.467430] IPVS: [sed] scheduler registered.
[STDERR  ] 2019-03-22T17:04:43.592905793Z: [    3.471386] IPVS: [nq] scheduler registered.
[STDERR  ] 2019-03-22T17:04:43.592918297Z: [    3.475459] IPVS: ftp: loaded support on port[0] = 21
[STDERR  ] 2019-03-22T17:04:43.592930998Z: [    3.480292] ipip: IPv4 and MPLS over IPv4 tunneling driver
[STDERR  ] 2019-03-22T17:04:43.592949019Z: [    3.485555] gre: GRE over IPv4 demultiplexor driver
[STDERR  ] 2019-03-22T17:04:43.592961293Z: [    3.489994] ipt_CLUSTERIP: ClusterIP Version 0.8 loaded successfully
[STDERR  ] 2019-03-22T17:04:43.592972701Z: [    3.496051] NET: Registered protocol family 10
[STDERR  ] 2019-03-22T17:04:43.592985129Z: [    3.500513] Segment Routing with IPv6
[STDERR  ] 2019-03-22T17:04:43.592997047Z: [    3.504456] NET: Registered protocol family 17
[STDERR  ] 2019-03-22T17:04:43.593008686Z: [    3.508600] Bridge firewalling registered
[STDERR  ] 2019-03-22T17:04:43.593021070Z: [    3.512621] 8021q: 802.1Q VLAN Support v1.8
[STDERR  ] 2019-03-22T17:04:43.593056161Z: [    3.516404] 9pnet: Installing 9P2000 support
[STDERR  ] 2019-03-22T17:04:43.593068592Z: [    3.520496] Key type dns_resolver registered
[STDERR  ] 2019-03-22T17:04:43.593080597Z: [    3.524557] registered taskstats version 1
[STDERR  ] 2019-03-22T17:04:43.593093434Z: [    3.536960] Key type big_key registered
[STDERR  ] 2019-03-22T17:04:43.593106019Z: [    3.544630] Key type trusted registered
[STDERR  ] 2019-03-22T17:04:43.593118621Z: [    3.552331] Key type encrypted registered
[STDERR  ] 2019-03-22T17:04:43.593130786Z: [    3.556757] ata4: SATA link down (SStatus 0 SControl 300)
[STDERR  ] 2019-03-22T17:04:43.593142434Z: [    3.562490] ata3: SATA link up 1.5 Gbps (SStatus 113 SControl 300)
[STDERR  ] 2019-03-22T17:04:43.593157627Z: [    3.568971] ata2: SATA link down (SStatus 0 SControl 300)
[STDERR  ] 2019-03-22T17:04:43.593169547Z: [    3.574610] ata1: SATA link up 1.5 Gbps (SStatus 113 SControl 300)
[STDERR  ] 2019-03-22T17:04:43.593181374Z: [    3.581014] ata6: SATA link down (SStatus 0 SControl 300)
[STDERR  ] 2019-03-22T17:04:43.593193401Z: [    3.586583] ata5: SATA link down (SStatus 0 SControl 300)
[STDERR  ] 2019-03-22T17:04:43.593205764Z: [    3.591645] ima: No TPM chip found, activating TPM-bypass!
[STDERR  ] 2019-03-22T17:04:43.593217707Z: [    3.596683] ata1.00: ATA-7: QEMU HARDDISK, 2.5+, max UDMA/100
[STDERR  ] 2019-03-22T17:04:43.593234982Z: [    3.601843] ata1.00: 1048576 sectors, multi 16: LBA48 NCQ (depth 32)
[STDERR  ] 2019-03-22T17:04:43.593247590Z: [    3.607630] ata1.00: applying bridge limits
[STDERR  ] 2019-03-22T17:04:43.593260060Z: [    3.611659] ata3.00: ATAPI: QEMU DVD-ROM, 2.5+, max UDMA/100
[STDERR  ] 2019-03-22T17:04:43.593272662Z: [    3.616746] ata3.00: applying bridge limits
[STDERR  ] 2019-03-22T17:04:43.593287449Z: [    3.620851] ima: Allocated hash algorithm: sha256
[STDERR  ] 2019-03-22T17:04:43.593299737Z: [    3.625169] evm: Initialising EVM extended attributes:
[STDERR  ] 2019-03-22T17:04:43.593313952Z: [    3.629780] evm: security.ima
[STDERR  ] 2019-03-22T17:04:43.593326430Z: [    3.632480] evm: security.capability
[STDERR  ] 2019-03-22T17:04:43.593338786Z: [    3.635684] evm: HMAC attrs: 0x1
[STDERR  ] 2019-03-22T17:04:43.593370927Z: [    3.639010] ata3.00: configured for UDMA/100
[STDERR  ] 2019-03-22T17:04:43.593393770Z: [    3.643863] ata1.00: configured for UDMA/100
[STDERR  ] 2019-03-22T17:04:43.593405995Z: [    3.647863] scsi 0:0:0:0: Direct-Access     ATA      QEMU HARDDISK    2.5+ PQ: 0 ANSI: 5
[STDERR  ] 2019-03-22T17:04:43.593418967Z: [    3.655823] rtc_cmos 00:00: setting system clock to 2019-03-22 17:04:30 UTC (1553274270)
[STDERR  ] 2019-03-22T17:04:43.593431523Z: [    3.663182] sd 0:0:0:0: [sda] 1048576 512-byte logical blocks: (537 MB/512 MiB)
[STDERR  ] 2019-03-22T17:04:43.593444069Z: [    3.669969] sd 0:0:0:0: Attached scsi generic sg0 type 0
[STDERR  ] 2019-03-22T17:04:43.593456630Z: [    3.674763] sd 0:0:0:0: [sda] Write Protect is off
[STDERR  ] 2019-03-22T17:04:43.593468899Z: [    3.679165] Unstable clock detected, switching default tracing clock to "global"
[STDERR  ] 2019-03-22T17:04:43.593481283Z: [    3.679165] If you want to keep using the local clock, then add:
[STDERR  ] 2019-03-22T17:04:43.593493712Z: [    3.679165]   "trace_clock=local"
[STDERR  ] 2019-03-22T17:04:43.593505685Z: [    3.679165] on the kernel command line
[STDERR  ] 2019-03-22T17:04:43.593523917Z: [    3.697732] scsi 2:0:0:0: CD-ROM            QEMU     QEMU DVD-ROM     2.5+ PQ: 0 ANSI: 5
[STDERR  ] 2019-03-22T17:04:43.593536901Z: [    3.704863] sd 0:0:0:0: [sda] Write cache: enabled, read cache: enabled, doesn't support DPO or FUA
[STDERR  ] 2019-03-22T17:04:43.593550418Z: [    3.715108] sd 0:0:0:0: [sda] Attached SCSI disk
[STDERR  ] 2019-03-22T17:04:43.593562985Z: [    3.728961] sr 2:0:0:0: [sr0] scsi3-mmc drive: 4x/4x cd/rw xa/form2 tray
[STDERR  ] 2019-03-22T17:04:43.593575183Z: [    3.734978] cdrom: Uniform CD-ROM driver Revision: 3.20
[STDERR  ] 2019-03-22T17:04:43.593587754Z: [    3.740220] sr 2:0:0:0: Attached scsi generic sg1 type 5
[STDERR  ] 2019-03-22T17:04:43.593599412Z: [    3.747861] Freeing unused kernel image memory: 1584K
[STDERR  ] 2019-03-22T17:04:43.593611285Z: [    3.755073] Write protecting the kernel read-only data: 18432k
[STDERR  ] 2019-03-22T17:04:43.593623883Z: [    3.762870] Freeing unused kernel image memory: 2028K
[STDERR  ] 2019-03-22T17:04:43.593636179Z: [    3.767758] Freeing unused kernel image memory: 1040K
[STDERR  ] 2019-03-22T17:04:43.593652590Z: [    3.772332] Run /init as init process
[STDERR  ] 2019-03-22T17:04:43.593665014Z: 
[STDERR  ] 2019-03-22T17:04:43.593677487Z: Welcome to LinuxKit
[STDERR  ] 2019-03-22T17:04:43.593689470Z: 
[STDERR  ] 2019-03-22T17:04:43.593701062Z:                         ##         .
[STDERR  ] 2019-03-22T17:04:43.593713567Z:                   ## ## ##        ==
[STDERR  ] 2019-03-22T17:04:43.593725842Z:                ## ## ## ## ##    ===
[STDERR  ] 2019-03-22T17:04:43.593738378Z:            /"""""""""""""""""\___/ ===
[STDERR  ] 2019-03-22T17:04:43.593751267Z:           {                       /  ===-
[STDERR  ] 2019-03-22T17:04:43.593762963Z:            \______ O           __/
[STDERR  ] 2019-03-22T17:04:43.593774994Z:              \    \         __/
[STDERR  ] 2019-03-22T17:04:43.593786983Z:               \____\_______/
[STDERR  ] 2019-03-22T17:04:43.593799548Z: 
[STDERR  ] 2019-03-22T17:04:43.593819894Z: [    4.563437] IPVS: ftp: loaded support on port[0] = 21
[STDERR  ] 2019-03-22T17:04:43.593835794Z: [    4.716044]  sda:
[STDERR  ] 2019-03-22T17:04:43.593848042Z: [    4.727732]  sda:
[STDERR  ] 2019-03-22T17:04:43.593859396Z: [    4.998833]  sda: sda1
[STDERR  ] 2019-03-22T17:04:43.593871346Z: [    5.004979]  sda: sda1
[STDERR  ] 2019-03-22T17:04:43.593883177Z: 2019/03/22 17:04:30 Creating partition on /dev/sda
[STDERR  ] 2019-03-22T17:04:43.593895677Z: 2019/03/22 17:04:31 Partition /dev/sda1 successfully created!
[STDERR  ] 2019-03-22T17:04:43.593907582Z: [    6.267629] IPVS: ftp: loaded support on port[0] = 21
[STDERR  ] 2019-03-22T17:04:43.593924129Z: [    6.338421] EXT4-fs (sda1): mounted filesystem with ordered data mode. Opts: (null)
[STDERR  ] 2019-03-22T17:04:43.593941947Z: format_mount test suite PASSED
[STDERR  ] 2019-03-22T17:04:43.593954102Z: [   16.766556] sd 0:0:0:0: [sda] Synchronizing SCSI cache
[STDERR  ] 2019-03-22T17:04:43.593966454Z: [   16.773268] sd 0:0:0:0: [sda] Stopping disk
[STDERR  ] 2019-03-22T17:04:43.593978668Z: [   16.778601] ACPI: Preparing to enter system sleep state S5
[STDERR  ] 2019-03-22T17:04:43.593990616Z: [   16.784014] reboot: Power down
[STDERR  ] 2019-03-22T17:04:43.594003084Z: + echo [    0.000000] Linux version 4.19.28-linuxkit (root@9341f087bbd6) (gcc version 8.2.0 (Alpine 8.2.0)) #1 SMP Sun Mar 10 20:02:02 UTC 2019
[STDERR  ] 2019-03-22T17:04:43.594016245Z: [    0.000000] Command line: console=ttyS0 console=ttyAMA0
[STDERR  ] 2019-03-22T17:04:43.594028508Z: [    0.000000] x86/fpu: x87 FPU will use FXSAVE
[STDERR  ] 2019-03-22T17:04:43.594040107Z: [    0.000000] BIOS-provided physical RAM map:
[STDERR  ] 2019-03-22T17:04:43.594054812Z: [    0.000000] BIOS-e820: [mem 0x0000000000000000-0x000000000009fbff] usable
[STDERR  ] 2019-03-22T17:04:43.594067439Z: [    0.000000] BIOS-e820: [mem 0x000000000009fc00-0x000000000009ffff] reserved
[STDERR  ] 2019-03-22T17:04:43.594079400Z: [    0.000000] BIOS-e820: [mem 0x00000000000f0000-0x00000000000fffff] reserved
[STDERR  ] 2019-03-22T17:04:43.594097486Z: [    0.000000] BIOS-e820: [mem 0x0000000000100000-0x000000003ffdefff] usable
[STDERR  ] 2019-03-22T17:04:43.594112820Z: [    0.000000] BIOS-e820: [mem 0x000000003ffdf000-0x000000003fffffff] reserved
[STDERR  ] 2019-03-22T17:04:43.594124535Z: [    0.000000] BIOS-e820: [mem 0x00000000b0000000-0x00000000bfffffff] reserved
[STDERR  ] 2019-03-22T17:04:43.594136016Z: [    0.000000] BIOS-e820: [mem 0x00000000fed1c000-0x00000000fed1ffff] reserved
[STDERR  ] 2019-03-22T17:04:43.594150774Z: [    0.000000] BIOS-e820: [mem 0x00000000feffc000-0x00000000feffffff] reserved
[STDERR  ] 2019-03-22T17:04:43.594162803Z: [    0.000000] BIOS-e820: [mem 0x00000000fffc0000-0x00000000ffffffff] reserved
[STDERR  ] 2019-03-22T17:04:43.594174958Z: [    0.000000] NX (Execute Disable) protection: active
[STDERR  ] 2019-03-22T17:04:43.594186959Z: [    0.000000] SMBIOS 2.8 present.
[STDERR  ] 2019-03-22T17:04:43.594198992Z: [    0.000000] DMI: QEMU Standard PC (Q35 + ICH9, 2009), BIOS 1.10.2-1 04/01/2014
[STDERR  ] 2019-03-22T17:04:43.594211189Z: [    0.000000] Hypervisor detected: KVM
[STDERR  ] 2019-03-22T17:04:43.594223050Z: [    0.000000] kvm-clock: Using msrs 4b564d01 and 4b564d00
[STDERR  ] 2019-03-22T17:04:43.594234980Z: [    0.561548] kvm-clock: cpu 0, msr 2d81a001, primary cpu clock
[STDERR  ] 2019-03-22T17:04:43.594246745Z: [    0.561548] clocksource: kvm-clock: mask: 0xffffffffffffffff max_cycles: 0x1cd42e4dffb, max_idle_ns: 881590591483 ns
[STDERR  ] 2019-03-22T17:04:43.594259746Z: [    0.561560] tsc: Detected 2299.914 MHz processor
[STDERR  ] 2019-03-22T17:04:43.594271932Z: [    0.564809] last_pfn = 0x3ffdf max_arch_pfn = 0x400000000
[STDERR  ] 2019-03-22T17:04:43.594284268Z: [    0.565408] x86/PAT: PAT not supported by CPU.
[STDERR  ] 2019-03-22T17:04:43.594296360Z: [    0.565462] x86/PAT: Configuration [0-7]: WB  WT  UC- UC  WB  WT  UC- UC  
[STDERR  ] 2019-03-22T17:04:43.594308395Z: [    0.577197] found SMP MP-table at [mem 0x000f6a90-0x000f6a9f] mapped at [(____ptrval____)]
[STDERR  ] 2019-03-22T17:04:43.594325561Z: [    0.577718] RAMDISK: [mem 0x3d6b5000-0x3ffcffff]
[STDERR  ] 2019-03-22T17:04:43.594338053Z: [    0.577949] ACPI: Early table checksum verification disabled
[STDERR  ] 2019-03-22T17:04:43.594358636Z: [    0.578086] ACPI: RSDP 0x00000000000F68D0 000014 (v00 BOCHS )
[STDERR  ] 2019-03-22T17:04:43.594371077Z: [    0.578096] ACPI: RSDT 0x000000003FFE2404 000034 (v01 BOCHS  BXPCRSDT 00000001 BXPC 00000001)
[STDERR  ] 2019-03-22T17:04:43.594417335Z: [    0.578116] ACPI: FACP 0x000000003FFE22A4 000074 (v01 BOCHS  BXPCFACP 00000001 BXPC 00000001)
[STDERR  ] 2019-03-22T17:04:43.594431228Z: [    0.578122] ACPI: DSDT 0x000000003FFE0040 002264 (v01 BOCHS  BXPCDSDT 00000001 BXPC 00000001)
[STDERR  ] 2019-03-22T17:04:43.594443417Z: [    0.578127] ACPI: FACS 0x000000003FFE0000 000040
[STDERR  ] 2019-03-22T17:04:43.594455918Z: [    0.578131] ACPI: APIC 0x000000003FFE2318 000078 (v01 BOCHS  BXPCAPIC 00000001 BXPC 00000001)
[STDERR  ] 2019-03-22T17:04:43.594468578Z: [    0.578135] ACPI: HPET 0x000000003FFE2390 000038 (v01 BOCHS  BXPCHPET 00000001 BXPC 00000001)
[STDERR  ] 2019-03-22T17:04:43.594480682Z: [    0.578139] ACPI: MCFG 0x000000003FFE23C8 00003C (v01 BOCHS  BXPCMCFG 00000001 BXPC 00000001)
[STDERR  ] 2019-03-22T17:04:43.594492925Z: [    0.579042] Zone ranges:
[STDERR  ] 2019-03-22T17:04:43.594504941Z: [    0.579044]   DMA      [mem 0x0000000000001000-0x0000000000ffffff]
[STDERR  ] 2019-03-22T17:04:43.594516720Z: [    0.579046]   DMA32    [mem 0x0000000001000000-0x000000003ffdefff]
[STDERR  ] 2019-03-22T17:04:43.594528778Z: [    0.579048]   Normal   empty
[STDERR  ] 2019-03-22T17:04:43.594540668Z: [    0.579049]   Device   empty
[STDERR  ] 2019-03-22T17:04:43.594556801Z: [    0.579051] Movable zone start for each node
[STDERR  ] 2019-03-22T17:04:43.594568960Z: [    0.579051] Early memory node ranges
[STDERR  ] 2019-03-22T17:04:43.594581218Z: [    0.579053]   node   0: [mem 0x0000000000001000-0x000000000009efff]
[STDERR  ] 2019-03-22T17:04:43.594596021Z: [    0.579054]   node   0: [mem 0x0000000000100000-0x000000003ffdefff]
[STDERR  ] 2019-03-22T17:04:43.594614513Z: [    0.579757] Reserved but unavailable: 98 pages
[STDERR  ] 2019-03-22T17:04:43.594627333Z: [    0.579759] Initmem setup node 0 [mem 0x0000000000001000-0x000000003ffdefff]
[STDERR  ] 2019-03-22T17:04:43.594639335Z: [    0.592332] ACPI: PM-Timer IO Port: 0x608
[STDERR  ] 2019-03-22T17:04:43.594654917Z: [    0.592384] ACPI: LAPIC_NMI (acpi_id[0xff] dfl dfl lint[0x1])
[STDERR  ] 2019-03-22T17:04:43.594668137Z: [    0.592644] IOAPIC[0]: apic_id 0, version 17, address 0xfec00000, GSI 0-23
[STDERR  ] 2019-03-22T17:04:43.594680729Z: [    0.592648] ACPI: INT_SRC_OVR (bus 0 bus_irq 0 global_irq 2 dfl dfl)
[STDERR  ] 2019-03-22T17:04:43.594692403Z: [    0.592650] ACPI: INT_SRC_OVR (bus 0 bus_irq 5 global_irq 5 high level)
[STDERR  ] 2019-03-22T17:04:43.594704906Z: [    0.592652] ACPI: INT_SRC_OVR (bus 0 bus_irq 9 global_irq 9 high level)
[STDERR  ] 2019-03-22T17:04:43.594717143Z: [    0.592658] ACPI: INT_SRC_OVR (bus 0 bus_irq 10 global_irq 10 high level)
[STDERR  ] 2019-03-22T17:04:43.594729246Z: [    0.592659] ACPI: INT_SRC_OVR (bus 0 bus_irq 11 global_irq 11 high level)
[STDERR  ] 2019-03-22T17:04:43.594746583Z: [    0.592667] Using ACPI (MADT) for SMP configuration information
[STDERR  ] 2019-03-22T17:04:43.594759535Z: [    0.592669] ACPI: HPET id: 0x8086a201 base: 0xfed00000
[STDERR  ] 2019-03-22T17:04:43.594771719Z: [    0.592704] smpboot: Allowing 1 CPUs, 0 hotplug CPUs
[STDERR  ] 2019-03-22T17:04:43.594786694Z: [    0.592815] [mem 0x40000000-0xafffffff] available for PCI devices
[STDERR  ] 2019-03-22T17:04:43.594798958Z: [    0.592817] Booting paravirtualized kernel on KVM
[STDERR  ] 2019-03-22T17:04:43.594810813Z: [    0.592820] clocksource: refined-jiffies: mask: 0xffffffff max_cycles: 0xffffffff, max_idle_ns: 1910969940391419 ns
[STDERR  ] 2019-03-22T17:04:43.594824122Z: [    0.697754] random: get_random_bytes called from start_kernel+0x91/0x517 with crng_init=0
[STDERR  ] 2019-03-22T17:04:43.594836750Z: [    0.697782] setup_percpu: NR_CPUS:128 nr_cpumask_bits:128 nr_cpu_ids:1 nr_node_ids:1
[STDERR  ] 2019-03-22T17:04:43.594854702Z: [    0.698886] percpu: Embedded 45 pages/cpu @(____ptrval____) s145112 r8192 d31016 u2097152
[STDERR  ] 2019-03-22T17:04:43.594866558Z: [    0.699004] KVM setup async PF for cpu 0
[STDERR  ] 2019-03-22T17:04:43.594878222Z: [    0.699055] kvm-stealtime: cpu 0, msr 3c215e80
[STDERR  ] 2019-03-22T17:04:43.594890604Z: [    0.699091] Built 1 zonelists, mobility grouping on.  Total pages: 257896
[STDERR  ] 2019-03-22T17:04:43.594902981Z: [    0.699095] Kernel command line: console=ttyS0 console=ttyAMA0
[STDERR  ] 2019-03-22T17:04:43.594915377Z: [    0.699316] Dentry cache hash table entries: 131072 (order: 8, 1048576 bytes)
[STDERR  ] 2019-03-22T17:04:43.594930998Z: [    0.699409] Inode-cache hash table entries: 65536 (order: 7, 524288 bytes)
[STDERR  ] 2019-03-22T17:04:43.594946750Z: [    0.703496] Memory: 959708K/1048052K available (12300K kernel code, 1573K rwdata, 3056K rodata, 1584K init, 2036K bss, 88344K reserved, 0K cma-reserved)
[STDERR  ] 2019-03-22T17:04:43.594959970Z: [    0.704416] Kernel/User page tables isolation: enabled
[STDERR  ] 2019-03-22T17:04:43.594972135Z: [    0.704517] ftrace: allocating 43042 entries in 169 pages
[STDERR  ] 2019-03-22T17:04:43.594984292Z: [    0.727789] rcu: Hierarchical RCU implementation.
[STDERR  ] 2019-03-22T17:04:43.594999609Z: [    0.727794] rcu: 	RCU restricting CPUs from NR_CPUS=128 to nr_cpu_ids=1.
[STDERR  ] 2019-03-22T17:04:43.595023147Z: [    0.727796] rcu: Adjusting geometry for rcu_fanout_leaf=16, nr_cpu_ids=1
[STDERR  ] 2019-03-22T17:04:43.595035052Z: [    0.730830] NR_IRQS: 8448, nr_irqs: 256, preallocated irqs: 16
[STDERR  ] 2019-03-22T17:04:43.595046372Z: [    0.757273] Console: colour VGA+ 80x25
[STDERR  ] 2019-03-22T17:04:43.595059898Z: [    1.194090] console [ttyS0] enabled
[STDERR  ] 2019-03-22T17:04:43.595071829Z: [    1.197310] ACPI: Core revision 20180810
[STDERR  ] 2019-03-22T17:04:43.595083846Z: [    1.201603] clocksource: hpet: mask: 0xffffffff max_cycles: 0xffffffff, max_idle_ns: 19112604467 ns
[STDERR  ] 2019-03-22T17:04:43.595103697Z: [    1.210228] APIC: Switch to symmetric I/O mode setup
[STDERR  ] 2019-03-22T17:04:43.595115738Z: [    1.217005] x2apic enabled
[STDERR  ] 2019-03-22T17:04:43.595127804Z: [    1.221784] Switched APIC routing to physical x2apic.
[STDERR  ] 2019-03-22T17:04:43.595140541Z: [    1.236009] ..TIMER: vector=0x30 apic1=0 pin1=2 apic2=-1 pin2=-1
[STDERR  ] 2019-03-22T17:04:43.595156099Z: [    1.241488] clocksource: tsc-early: mask: 0xffffffffffffffff max_cycles: 0x2126e418e51, max_idle_ns: 440795268186 ns
[STDERR  ] 2019-03-22T17:04:43.595171821Z: [    1.250897] Calibrating delay loop (skipped) preset value.. 4599.82 BogoMIPS (lpj=2299914)
[STDERR  ] 2019-03-22T17:04:43.595184849Z: [    1.251871] pid_max: default: 32768 minimum: 301
[STDERR  ] 2019-03-22T17:04:43.595197763Z: [    1.252980] Security Framework initialized
[STDERR  ] 2019-03-22T17:04:43.595209459Z: [    1.253871] Yama: becoming mindful.
[STDERR  ] 2019-03-22T17:04:43.595221687Z: [    1.254920] Mount-cache hash table entries: 2048 (order: 2, 16384 bytes)
[STDERR  ] 2019-03-22T17:04:43.595234413Z: [    1.255876] Mountpoint-cache hash table entries: 2048 (order: 2, 16384 bytes)
[STDERR  ] 2019-03-22T17:04:43.595246782Z: [    1.258939] Last level iTLB entries: 4KB 0, 2MB 0, 4MB 0
[STDERR  ] 2019-03-22T17:04:43.595258683Z: [    1.259873] Last level dTLB entries: 4KB 0, 2MB 0, 4MB 0, 1GB 0
[STDERR  ] 2019-03-22T17:04:43.595271064Z: [    1.260873] Spectre V2 : Mitigation: Full generic retpoline
[STDERR  ] 2019-03-22T17:04:43.595283195Z: [    1.261869] Spectre V2 : Spectre v2 / SpectreRSB mitigation: Filling RSB on context switch
[STDERR  ] 2019-03-22T17:04:43.595298109Z: [    1.262870] Speculative Store Bypass: Vulnerable
[STDERR  ] 2019-03-22T17:04:43.595309978Z: [    1.274374] Freeing SMP alternatives memory: 20K
[STDERR  ] 2019-03-22T17:04:43.595325292Z: [    1.276862] smpboot: CPU0: Intel QEMU Virtual CPU version 2.5+ (family: 0x6, model: 0x6, stepping: 0x3)
[STDERR  ] 2019-03-22T17:04:43.595342478Z: [    1.277053] Performance Events: PMU not available due to virtualization, using software events only.
[STDERR  ] 2019-03-22T17:04:43.595363184Z: [    1.280100] rcu: Hierarchical SRCU implementation.
[STDERR  ] 2019-03-22T17:04:43.595375374Z: [    1.281008] NMI watchdog: Perf NMI watchdog permanently disabled
[STDERR  ] 2019-03-22T17:04:43.595398193Z: [    1.282955] smp: Bringing up secondary CPUs ...
[STDERR  ] 2019-03-22T17:04:43.595410580Z: [    1.283869] smp: Brought up 1 node, 1 CPU
[STDERR  ] 2019-03-22T17:04:43.595423241Z: [    1.284866] smpboot: Max logical packages: 1
[STDERR  ] 2019-03-22T17:04:43.595435233Z: [    1.285866] smpboot: Total of 1 processors activated (4599.82 BogoMIPS)
[STDERR  ] 2019-03-22T17:04:43.595448347Z: [    1.287872] devtmpfs: initialized
[STDERR  ] 2019-03-22T17:04:43.595460154Z: [    1.288942] x86/mm: Memory block size: 128MB
[STDERR  ] 2019-03-22T17:04:43.595471910Z: [    1.290287] clocksource: jiffies: mask: 0xffffffff max_cycles: 0xffffffff, max_idle_ns: 1911260446275000 ns
[STDERR  ] 2019-03-22T17:04:43.595484061Z: [    1.290879] futex hash table entries: 256 (order: 2, 16384 bytes)
[STDERR  ] 2019-03-22T17:04:43.595495840Z: [    1.292934] NET: Registered protocol family 16
[STDERR  ] 2019-03-22T17:04:43.595511753Z: [    1.294072] audit: initializing netlink subsys (disabled)
[STDERR  ] 2019-03-22T17:04:43.595524240Z: [    1.294952] audit: type=2000 audit(1553274267.098:1): state=initialized audit_enabled=0 res=1
[STDERR  ] 2019-03-22T17:04:43.595541138Z: [    1.295966] cpuidle: using governor ladder
[STDERR  ] 2019-03-22T17:04:43.595554033Z: [    1.296868] cpuidle: using governor menu
[STDERR  ] 2019-03-22T17:04:43.595566356Z: [    1.298007] ACPI: bus type PCI registered
[STDERR  ] 2019-03-22T17:04:43.595582066Z: [    1.300136] PCI: MMCONFIG for domain 0000 [bus 00-ff] at [mem 0xb0000000-0xbfffffff] (base 0xb0000000)
[STDERR  ] 2019-03-22T17:04:43.595595116Z: [    1.301870] PCI: MMCONFIG at [mem 0xb0000000-0xbfffffff] reserved in E820
[STDERR  ] 2019-03-22T17:04:43.595613799Z: [    1.302879] PCI: Using configuration type 1 for base access
[STDERR  ] 2019-03-22T17:04:43.595626120Z: [    1.306213] HugeTLB registered 2.00 MiB page size, pre-allocated 0 pages
[STDERR  ] 2019-03-22T17:04:43.595638527Z: [    1.308021] cryptd: max_cpu_qlen set to 1000
[STDERR  ] 2019-03-22T17:04:43.595653493Z: [    1.309131] ACPI: Added _OSI(Module Device)
[STDERR  ] 2019-03-22T17:04:43.595666007Z: [    1.309874] ACPI: Added _OSI(Processor Device)
[STDERR  ] 2019-03-22T17:04:43.595677915Z: [    1.310867] ACPI: Added _OSI(3.0 _SCP Extensions)
[STDERR  ] 2019-03-22T17:04:43.595689792Z: [    1.311867] ACPI: Added _OSI(Processor Aggregator Device)
[STDERR  ] 2019-03-22T17:04:43.595702474Z: [    1.312887] ACPI: Added _OSI(Linux-Dell-Video)
[STDERR  ] 2019-03-22T17:04:43.595715152Z: [    1.313871] ACPI: Added _OSI(Linux-Lenovo-NV-HDMI-Audio)
[STDERR  ] 2019-03-22T17:04:43.595727538Z: [    1.317163] ACPI: 1 ACPI AML tables successfully acquired and loaded
[STDERR  ] 2019-03-22T17:04:43.595739388Z: [    1.321052] ACPI: Interpreter enabled
[STDERR  ] 2019-03-22T17:04:43.595750887Z: [    1.321883] ACPI: (supports S0 S5)
[STDERR  ] 2019-03-22T17:04:43.595762795Z: [    1.322871] ACPI: Using IOAPIC for interrupt routing
[STDERR  ] 2019-03-22T17:04:43.595774836Z: [    1.324904] PCI: Using host bridge windows from ACPI; if necessary, use "pci=nocrs" and report a bug
[STDERR  ] 2019-03-22T17:04:43.595791200Z: [    1.326088] ACPI: Enabled 2 GPEs in block 00 to 3F
[STDERR  ] 2019-03-22T17:04:43.595803743Z: [    1.331114] ACPI: PCI Root Bridge [PCI0] (domain 0000 [bus 00-ff])
[STDERR  ] 2019-03-22T17:04:43.595815947Z: [    1.331880] acpi PNP0A08:00: _OSC: OS supports [ExtendedConfig ASPM ClockPM Segments MSI]
[STDERR  ] 2019-03-22T17:04:43.595828648Z: [    1.332979] acpi PNP0A08:00: _OSC: platform does not support [SHPCHotplug LTR]
[STDERR  ] 2019-03-22T17:04:43.595844826Z: [    1.333958] acpi PNP0A08:00: _OSC: OS now controls [PCIeHotplug PME PCIeCapability]
[STDERR  ] 2019-03-22T17:04:43.595862006Z: [    1.334961] PCI host bridge to bus 0000:00
[STDERR  ] 2019-03-22T17:04:43.595874496Z: [    1.335872] pci_bus 0000:00: root bus resource [io  0x0000-0x0cf7 window]
[STDERR  ] 2019-03-22T17:04:43.595886506Z: [    1.336870] pci_bus 0000:00: root bus resource [io  0x0d00-0xffff window]
[STDERR  ] 2019-03-22T17:04:43.595898747Z: [    1.337870] pci_bus 0000:00: root bus resource [mem 0x000a0000-0x000bffff window]
[STDERR  ] 2019-03-22T17:04:43.595910722Z: [    1.338870] pci_bus 0000:00: root bus resource [mem 0xc0000000-0xfebfffff window]
[STDERR  ] 2019-03-22T17:04:43.595922980Z: [    1.339870] pci_bus 0000:00: root bus resource [bus 00-ff]
[STDERR  ] 2019-03-22T17:04:43.595935323Z: [    1.411193] pci 0000:00:1f.0: quirk: [io  0x0600-0x067f] claimed by ICH6 ACPI/GPIO/TCO
[STDERR  ] 2019-03-22T17:04:43.595947736Z: [    1.439966] ACPI: PCI Interrupt Link [LNKA] (IRQs 5 *10 11)
[STDERR  ] 2019-03-22T17:04:43.595961153Z: [    1.441885] ACPI: PCI Interrupt Link [LNKB] (IRQs 5 *10 11)
[STDERR  ] 2019-03-22T17:04:43.595976268Z: [    1.444089] ACPI: PCI Interrupt Link [LNKC] (IRQs 5 10 *11)
[STDERR  ] 2019-03-22T17:04:43.595988028Z: [    1.446038] ACPI: PCI Interrupt Link [LNKD] (IRQs 5 10 *11)
[STDERR  ] 2019-03-22T17:04:43.596000344Z: [    1.447184] ACPI: PCI Interrupt Link [LNKE] (IRQs 5 *10 11)
[STDERR  ] 2019-03-22T17:04:43.596012805Z: [    1.448162] ACPI: PCI Interrupt Link [LNKF] (IRQs 5 *10 11)
[STDERR  ] 2019-03-22T17:04:43.596025151Z: [    1.449961] ACPI: PCI Interrupt Link [LNKG] (IRQs 5 10 *11)
[STDERR  ] 2019-03-22T17:04:43.596037319Z: [    1.451168] ACPI: PCI Interrupt Link [LNKH] (IRQs 5 10 *11)
[STDERR  ] 2019-03-22T17:04:43.596049725Z: [    1.452031] ACPI: PCI Interrupt Link [GSIA] (IRQs *16)
[STDERR  ] 2019-03-22T17:04:43.596061509Z: [    1.452889] ACPI: PCI Interrupt Link [GSIB] (IRQs *17)
[STDERR  ] 2019-03-22T17:04:43.596076576Z: [    1.453882] ACPI: PCI Interrupt Link [GSIC] (IRQs *18)
[STDERR  ] 2019-03-22T17:04:43.596088874Z: [    1.454885] ACPI: PCI Interrupt Link [GSID] (IRQs *19)
[STDERR  ] 2019-03-22T17:04:43.596109473Z: [    1.455881] ACPI: PCI Interrupt Link [GSIE] (IRQs *20)
[STDERR  ] 2019-03-22T17:04:43.596121615Z: [    1.456880] ACPI: PCI Interrupt Link [GSIF] (IRQs *21)
[STDERR  ] 2019-03-22T17:04:43.596139667Z: [    1.457887] ACPI: PCI Interrupt Link [GSIG] (IRQs *22)
[STDERR  ] 2019-03-22T17:04:43.596152037Z: [    1.458885] ACPI: PCI Interrupt Link [GSIH] (IRQs *23)
[STDERR  ] 2019-03-22T17:04:43.596164127Z: [    1.460312] SCSI subsystem initialized
[STDERR  ] 2019-03-22T17:04:43.596176499Z: [    1.460995] ACPI: bus type USB registered
[STDERR  ] 2019-03-22T17:04:43.596192422Z: [    1.462899] usbcore: registered new interface driver usbfs
[STDERR  ] 2019-03-22T17:04:43.596204806Z: [    1.464899] usbcore: registered new interface driver hub
[STDERR  ] 2019-03-22T17:04:43.596217284Z: [    1.465905] usbcore: registered new device driver usb
[STDERR  ] 2019-03-22T17:04:43.596229943Z: [    1.466917] pps_core: LinuxPPS API ver. 1 registered
[STDERR  ] 2019-03-22T17:04:43.596242242Z: [    1.467867] pps_core: Software ver. 5.3.6 - Copyright 2005-2007 Rodolfo Giometti <giometti@linux.it>
[STDERR  ] 2019-03-22T17:04:43.596254737Z: [    1.468897] PTP clock support registered
[STDERR  ] 2019-03-22T17:04:43.596267164Z: [    1.469984] PCI: Using ACPI for IRQ routing
[STDERR  ] 2019-03-22T17:04:43.596279597Z: [    1.918676] NetLabel: Initializing
[STDERR  ] 2019-03-22T17:04:43.596291566Z: [    1.918869] NetLabel:  domain hash size = 128
[STDERR  ] 2019-03-22T17:04:43.596303588Z: [    1.919867] NetLabel:  protocols = UNLABELED CIPSOv4 CALIPSO
[STDERR  ] 2019-03-22T17:04:43.596315839Z: [    1.920924] NetLabel:  unlabeled traffic allowed by default
[STDERR  ] 2019-03-22T17:04:43.596328087Z: [    1.922051] HPET: 3 timers in total, 0 timers will be used for per-cpu timer
[STDERR  ] 2019-03-22T17:04:43.596340123Z: [    1.922992] hpet0: at MMIO 0xfed00000, IRQs 2, 8, 0
[STDERR  ] 2019-03-22T17:04:43.596358682Z: [    1.923873] hpet0: 3 comparators, 64-bit 100.000000 MHz counter
[STDERR  ] 2019-03-22T17:04:43.596374996Z: [    1.927913] clocksource: Switched to clocksource kvm-clock
[STDERR  ] 2019-03-22T17:04:43.596403737Z: [    1.958944] VFS: Disk quotas dquot_6.6.0
[STDERR  ] 2019-03-22T17:04:43.596416467Z: [    1.962779] VFS: Dquot-cache hash table entries: 512 (order 0, 4096 bytes)
[STDERR  ] 2019-03-22T17:04:43.596428538Z: [    1.968597] FS-Cache: Loaded
[STDERR  ] 2019-03-22T17:04:43.596441143Z: [    1.971169] CacheFiles: Loaded
[STDERR  ] 2019-03-22T17:04:43.596453564Z: [    1.973969] pnp: PnP ACPI init
[STDERR  ] 2019-03-22T17:04:43.596466049Z: [    1.977756] pnp: PnP ACPI: found 5 devices
[STDERR  ] 2019-03-22T17:04:43.596478152Z: [    1.987792] clocksource: acpi_pm: mask: 0xffffff max_cycles: 0xffffff, max_idle_ns: 2085701024 ns
[STDERR  ] 2019-03-22T17:04:43.596490494Z: [    1.995988] NET: Registered protocol family 2
[STDERR  ] 2019-03-22T17:04:43.596502876Z: [    2.001136] tcp_listen_portaddr_hash hash table entries: 512 (order: 1, 8192 bytes)
[STDERR  ] 2019-03-22T17:04:43.596515209Z: [    2.008180] TCP established hash table entries: 8192 (order: 4, 65536 bytes)
[STDERR  ] 2019-03-22T17:04:43.596527460Z: [    2.014517] TCP bind hash table entries: 8192 (order: 5, 131072 bytes)
[STDERR  ] 2019-03-22T17:04:43.596539607Z: [    2.020405] TCP: Hash tables configured (established 8192 bind 8192)
[STDERR  ] 2019-03-22T17:04:43.596551304Z: [    2.026199] UDP hash table entries: 512 (order: 2, 16384 bytes)
[STDERR  ] 2019-03-22T17:04:43.596567073Z: [    2.031552] UDP-Lite hash table entries: 512 (order: 2, 16384 bytes)
[STDERR  ] 2019-03-22T17:04:43.596579097Z: [    2.037355] NET: Registered protocol family 1
[STDERR  ] 2019-03-22T17:04:43.596591515Z: [    2.041345] NET: Registered protocol family 44
[STDERR  ] 2019-03-22T17:04:43.596603967Z: [    2.045673] pci 0000:00:01.0: Video device with shadowed ROM at [mem 0x000c0000-0x000dffff]
[STDERR  ] 2019-03-22T17:04:43.596619310Z: [    2.053504] Trying to unpack rootfs image as initramfs...
[STDERR  ] 2019-03-22T17:04:43.596631722Z: [    2.894260] Freeing initrd memory: 42092K
[STDERR  ] 2019-03-22T17:04:43.596649180Z: [    2.898090] clocksource: tsc: mask: 0xffffffffffffffff max_cycles: 0x2126e418e51, max_idle_ns: 440795268186 ns
[STDERR  ] 2019-03-22T17:04:43.596662022Z: [    2.907551] PCLMULQDQ-NI instructions are not detected.
[STDERR  ] 2019-03-22T17:04:43.596674044Z: [    2.912315] AVX or AES-NI instructions are not detected.
[STDERR  ] 2019-03-22T17:04:43.596686055Z: [    2.917084] CPU feature 'AVX registers' is not supported.
[STDERR  ] 2019-03-22T17:04:43.596698309Z: [    2.921928] CPU feature 'AVX registers' is not supported.
[STDERR  ] 2019-03-22T17:04:43.596710088Z: [    2.926726] CPU feature 'AVX registers' is not supported.
[STDERR  ] 2019-03-22T17:04:43.596722420Z: [    2.931540] CPU feature 'AVX registers' is not supported.
[STDERR  ] 2019-03-22T17:04:43.596734917Z: [    2.936331] AVX2 or AES-NI instructions are not detected.
[STDERR  ] 2019-03-22T17:04:43.596747143Z: [    2.941124] AVX2 instructions are not detected.
[STDERR  ] 2019-03-22T17:04:43.596759560Z: [    2.945729] workingset: timestamp_bits=46 max_order=18 bucket_order=0
[STDERR  ] 2019-03-22T17:04:43.596775654Z: [    2.951998] squashfs: version 4.0 (2009/01/31) Phillip Lougher
[STDERR  ] 2019-03-22T17:04:43.596787851Z: [    2.957460] FS-Cache: Netfs 'cifs' registered for caching
[STDERR  ] 2019-03-22T17:04:43.596800236Z: [    2.962408] fuse init (API version 7.27)
[STDERR  ] 2019-03-22T17:04:43.596812475Z: [    2.966182] SGI XFS with ACLs, security attributes, no debug enabled
[STDERR  ] 2019-03-22T17:04:43.596824114Z: [    2.972126] 9p: Installing v9fs 9p2000 file system support
[STDERR  ] 2019-03-22T17:04:43.596836419Z: [    2.977130] FS-Cache: Netfs '9p' registered for caching
[STDERR  ] 2019-03-22T17:04:43.596852169Z: [    2.981842] pstore: using deflate compression
[STDERR  ] 2019-03-22T17:04:43.596864679Z: [    2.987472] NET: Registered protocol family 38
[STDERR  ] 2019-03-22T17:04:43.596879601Z: [    2.991570] Key type asymmetric registered
[STDERR  ] 2019-03-22T17:04:43.596896523Z: [    2.995434] Asymmetric key parser 'x509' registered
[STDERR  ] 2019-03-22T17:04:43.596909225Z: [    2.999991] Block layer SCSI generic (bsg) driver version 0.4 loaded (major 247)
[STDERR  ] 2019-03-22T17:04:43.596921569Z: [    3.006669] io scheduler noop registered
[STDERR  ] 2019-03-22T17:04:43.596934173Z: [    3.010255] io scheduler deadline registered (default)
[STDERR  ] 2019-03-22T17:04:43.596945961Z: [    3.014939] io scheduler cfq registered
[STDERR  ] 2019-03-22T17:04:43.596957558Z: [    3.018484] io scheduler mq-deadline registered (default)
[STDERR  ] 2019-03-22T17:04:43.596970039Z: [    3.023311] io scheduler kyber registered
[STDERR  ] 2019-03-22T17:04:43.596982367Z: [    3.027092] shpchp: Standard Hot Plug PCI Controller Driver version: 0.4
[STDERR  ] 2019-03-22T17:04:43.596994562Z: [    3.033229] hv_vmbus: registering driver hyperv_fb
[STDERR  ] 2019-03-22T17:04:43.597006876Z: [    3.037677] input: Power Button as /devices/LNXSYSTM:00/LNXPWRBN:00/input/input0
[STDERR  ] 2019-03-22T17:04:43.597019264Z: [    3.044386] ACPI: Power Button [PWRF]
[STDERR  ] 2019-03-22T17:04:43.597031566Z: [    3.048566] PCI Interrupt Link [GSIG] enabled at IRQ 22
[STDERR  ] 2019-03-22T17:04:43.597043809Z: [    3.059205] PCI Interrupt Link [GSIH] enabled at IRQ 23
[STDERR  ] 2019-03-22T17:04:43.597055525Z: [    3.069660] Serial: 8250/16550 driver, 4 ports, IRQ sharing disabled
[STDERR  ] 2019-03-22T17:04:43.597067203Z: [    3.109153] 00:04: ttyS0 at I/O 0x3f8 (irq = 4, base_baud = 115200) is a 16550A
[STDERR  ] 2019-03-22T17:04:43.597078826Z: [    3.116693] Non-volatile memory driver v1.3
[STDERR  ] 2019-03-22T17:04:43.597093769Z: [    3.122224] Hangcheck: starting hangcheck timer 0.9.1 (tick is 180 seconds, margin is 60 seconds).
[STDERR  ] 2019-03-22T17:04:43.597105698Z: [    3.130477] random: fast init done
[STDERR  ] 2019-03-22T17:04:43.597117343Z: [    3.134629] random: crng init done
[STDERR  ] 2019-03-22T17:04:43.597130073Z: [    3.139184] brd: module loaded
[STDERR  ] 2019-03-22T17:04:43.597148342Z: [    3.144580] loop: module loaded
[STDERR  ] 2019-03-22T17:04:43.597159528Z: [    3.151561] lpc_ich 0000:00:1f.0: I/O space for GPIO uninitialized
[STDERR  ] 2019-03-22T17:04:43.597169992Z: [    3.157308] VMware PVSCSI driver - version 1.0.7.0-k
[STDERR  ] 2019-03-22T17:04:43.597181325Z: [    3.161937] hv_vmbus: registering driver hv_storvsc
[STDERR  ] 2019-03-22T17:04:43.597196803Z: [    3.167006] PCI Interrupt Link [GSIA] enabled at IRQ 16
[STDERR  ] 2019-03-22T17:04:43.597208721Z: [    3.175259] ahci 0000:00:1f.2: AHCI 0001.0000 32 slots 6 ports 1.5 Gbps 0x3f impl SATA mode
[STDERR  ] 2019-03-22T17:04:43.597221829Z: [    3.182654] ahci 0000:00:1f.2: flags: 64bit ncq only 
[STDERR  ] 2019-03-22T17:04:43.597234308Z: [    3.190972] scsi host0: ahci
[STDERR  ] 2019-03-22T17:04:43.597246625Z: [    3.193786] scsi host1: ahci
[STDERR  ] 2019-03-22T17:04:43.597270347Z: [    3.196586] scsi host2: ahci
[STDERR  ] 2019-03-22T17:04:43.597282326Z: [    3.199320] scsi host3: ahci
[STDERR  ] 2019-03-22T17:04:43.597294461Z: [    3.202084] scsi host4: ahci
[STDERR  ] 2019-03-22T17:04:43.597306367Z: [    3.204862] scsi host5: ahci
[STDERR  ] 2019-03-22T17:04:43.597318690Z: [    3.207587] ata1: SATA max UDMA/133 abar m4096@0xfebd2000 port 0xfebd2100 irq 24
[STDERR  ] 2019-03-22T17:04:43.597330525Z: [    3.214449] ata2: SATA max UDMA/133 abar m4096@0xfebd2000 port 0xfebd2180 irq 24
[STDERR  ] 2019-03-22T17:04:43.597342812Z: [    3.221175] ata3: SATA max UDMA/133 abar m4096@0xfebd2000 port 0xfebd2200 irq 24
[STDERR  ] 2019-03-22T17:04:43.597365590Z: [    3.227733] ata4: SATA max UDMA/133 abar m4096@0xfebd2000 port 0xfebd2280 irq 24
[STDERR  ] 2019-03-22T17:04:43.597381767Z: [    3.234312] ata5: SATA max UDMA/133 abar m4096@0xfebd2000 port 0xfebd2300 irq 24
[STDERR  ] 2019-03-22T17:04:43.597405567Z: [    3.240939] ata6: SATA max UDMA/133 abar m4096@0xfebd2000 port 0xfebd2380 irq 24
[STDERR  ] 2019-03-22T17:04:43.597417561Z: [    3.249806] tun: Universal TUN/TAP device driver, 1.6
[STDERR  ] 2019-03-22T17:04:43.597429976Z: [    3.259175] VMware vmxnet3 virtual NIC driver - version 1.4.16.0-k-NAPI
[STDERR  ] 2019-03-22T17:04:43.597446354Z: [    3.265167] hv_vmbus: registering driver hv_netvsc
[STDERR  ] 2019-03-22T17:04:43.597462434Z: [    3.269435] Fusion MPT base driver 3.04.20
[STDERR  ] 2019-03-22T17:04:43.597475461Z: [    3.273214] Copyright (c) 1999-2008 LSI Corporation
[STDERR  ] 2019-03-22T17:04:43.597487529Z: [    3.277566] Fusion MPT SPI Host driver 3.04.20
[STDERR  ] 2019-03-22T17:04:43.597500050Z: [    3.281619] i8042: PNP: PS/2 Controller [PNP0303:KBD,PNP0f13:MOU] at 0x60,0x64 irq 1,12
[STDERR  ] 2019-03-22T17:04:43.597516800Z: [    3.292504] serio: i8042 KBD port at 0x60,0x64 irq 1
[STDERR  ] 2019-03-22T17:04:43.597529051Z: [    3.296951] serio: i8042 AUX port at 0x60,0x64 irq 12
[STDERR  ] 2019-03-22T17:04:43.597541722Z: [    3.301605] hv_vmbus: registering driver hyperv_keyboard
[STDERR  ] 2019-03-22T17:04:43.597554037Z: [    3.306425] mousedev: PS/2 mouse device common for all mice
[STDERR  ] 2019-03-22T17:04:43.597565867Z: [    3.312701] input: AT Translated Set 2 keyboard as /devices/platform/i8042/serio0/input/input1
[STDERR  ] 2019-03-22T17:04:43.597578142Z: [    3.320434] input: PC Speaker as /devices/platform/pcspkr/input/input2
[STDERR  ] 2019-03-22T17:04:43.597590070Z: [    3.327339] rtc_cmos 00:00: RTC can wake from S4
[STDERR  ] 2019-03-22T17:04:43.597605353Z: [    3.334083] rtc_cmos 00:00: registered as rtc0
[STDERR  ] 2019-03-22T17:04:43.597620634Z: [    3.338141] rtc_cmos 00:00: alarms up to one day, y3k, 114 bytes nvram, hpet irqs
[STDERR  ] 2019-03-22T17:04:43.597633474Z: [    3.344829] i2c /dev entries driver
[STDERR  ] 2019-03-22T17:04:43.597645640Z: [    3.348340] device-mapper: ioctl: 4.39.0-ioctl (2018-04-03) initialised: dm-devel@redhat.com
[STDERR  ] 2019-03-22T17:04:43.597658148Z: [    3.356566] usbcore: registered new interface driver usbhid
[STDERR  ] 2019-03-22T17:04:43.597670382Z: [    3.361676] usbhid: USB HID core driver
[STDERR  ] 2019-03-22T17:04:43.597682661Z: [    3.365328] hv_utils: Registering HyperV Utility Driver
[STDERR  ] 2019-03-22T17:04:43.597699936Z: [    3.370086] hv_vmbus: registering driver hv_util
[STDERR  ] 2019-03-22T17:04:43.597734933Z: [    3.374284] hv_vmbus: registering driver hv_balloon
[STDERR  ] 2019-03-22T17:04:43.597747266Z: [    3.378805] oprofile: using NMI interrupt.
[STDERR  ] 2019-03-22T17:04:43.597759143Z: [    3.382591] GACT probability on
[STDERR  ] 2019-03-22T17:04:43.597771871Z: [    3.385528] Mirror/redirect action on
[STDERR  ] 2019-03-22T17:04:43.597782858Z: [    3.388869] Simple TC action Loaded
[STDERR  ] 2019-03-22T17:04:43.597794978Z: [    3.392047] u32 classifier
[STDERR  ] 2019-03-22T17:04:43.597806535Z: [    3.394620]     Performance counters on
[STDERR  ] 2019-03-22T17:04:43.597817219Z: [    3.398106]     input device check on
[STDERR  ] 2019-03-22T17:04:43.597828200Z: [    3.401424]     Actions configured
[STDERR  ] 2019-03-22T17:04:43.597839517Z: [    3.404780] xt_time: kernel timezone is -0000
[STDERR  ] 2019-03-22T17:04:43.597851312Z: [    3.408752] IPVS: Registered protocols (TCP, UDP, SCTP, AH, ESP)
[STDERR  ] 2019-03-22T17:04:43.597863284Z: [    3.414224] IPVS: Connection hash table configured (size=4096, memory=64Kbytes)
[STDERR  ] 2019-03-22T17:04:43.597875026Z: [    3.420837] IPVS: ipvs loaded.
[STDERR  ] 2019-03-22T17:04:43.597886789Z: [    3.423655] IPVS: [rr] scheduler registered.
[STDERR  ] 2019-03-22T17:04:43.597897870Z: [    3.427519] IPVS: [wrr] scheduler registered.
[STDERR  ] 2019-03-22T17:04:43.597909459Z: [    3.431467] IPVS: [lc] scheduler registered.
[STDERR  ] 2019-03-22T17:04:43.597920758Z: [    3.435328] IPVS: [wlc] scheduler registered.
[STDERR  ] 2019-03-22T17:04:43.597936919Z: [    3.439268] IPVS: [fo] scheduler registered.
[STDERR  ] 2019-03-22T17:04:43.597950765Z: [    3.443190] IPVS: [ovf] scheduler registered.
[STDERR  ] 2019-03-22T17:04:43.597965408Z: [    3.447155] IPVS: [lblc] scheduler registered.
[STDERR  ] 2019-03-22T17:04:43.597978122Z: [    3.451465] IPVS: [lblcr] scheduler registered.
[STDERR  ] 2019-03-22T17:04:43.597997234Z: [    3.455515] IPVS: [dh] scheduler registered.
[STDERR  ] 2019-03-22T17:04:43.598010360Z: [    3.459632] IPVS: [sh] scheduler registered.
[STDERR  ] 2019-03-22T17:04:43.598022493Z: [    3.463427] IPVS: [mh] scheduler registered.
[STDERR  ] 2019-03-22T17:04:43.598035067Z: [    3.467430] IPVS: [sed] scheduler registered.
[STDERR  ] 2019-03-22T17:04:43.598048309Z: [    3.471386] IPVS: [nq] scheduler registered.
[STDERR  ] 2019-03-22T17:04:43.598061627Z: [    3.475459] IPVS: ftp: loaded support on port[0] = 21
[STDERR  ] 2019-03-22T17:04:43.598073946Z: [    3.480292] ipip: IPv4 and MPLS over IPv4 tunneling driver
[STDERR  ] 2019-03-22T17:04:43.598089386Z: [    3.485555] gre: GRE over IPv4 demultiplexor driver
[STDERR  ] 2019-03-22T17:04:43.598105305Z: [    3.489994] ipt_CLUSTERIP: ClusterIP Version 0.8 loaded successfully
[STDERR  ] 2019-03-22T17:04:43.598118492Z: [    3.496051] NET: Registered protocol family 10
[STDERR  ] 2019-03-22T17:04:43.598131414Z: [    3.500513] Segment Routing with IPv6
[STDERR  ] 2019-03-22T17:04:43.598144732Z: [    3.504456] NET: Registered protocol family 17
[STDERR  ] 2019-03-22T17:04:43.598156297Z: [    3.508600] Bridge firewalling registered
[STDERR  ] 2019-03-22T17:04:43.598168666Z: [    3.512621] 8021q: 802.1Q VLAN Support v1.8
[STDERR  ] 2019-03-22T17:04:43.598185073Z: [    3.516404] 9pnet: Installing 9P2000 support
[STDERR  ] 2019-03-22T17:04:43.598197771Z: [    3.520496] Key type dns_resolver registered
[STDERR  ] 2019-03-22T17:04:43.598210551Z: [    3.524557] registered taskstats version 1
[STDERR  ] 2019-03-22T17:04:43.598223076Z: [    3.536960] Key type big_key registered
[STDERR  ] 2019-03-22T17:04:43.598236844Z: [    3.544630] Key type trusted registered
[STDERR  ] 2019-03-22T17:04:43.598249861Z: [    3.552331] Key type encrypted registered
[STDERR  ] 2019-03-22T17:04:43.598267469Z: [    3.556757] ata4: SATA link down (SStatus 0 SControl 300)
[STDERR  ] 2019-03-22T17:04:43.598280588Z: [    3.562490] ata3: SATA link up 1.5 Gbps (SStatus 113 SControl 300)
[STDERR  ] 2019-03-22T17:04:43.598299480Z: [    3.568971] ata2: SATA link down (SStatus 0 SControl 300)
[STDERR  ] 2019-03-22T17:04:43.598312299Z: [    3.574610] ata1: SATA link up 1.5 Gbps (SStatus 113 SControl 300)
[STDERR  ] 2019-03-22T17:04:43.598326796Z: [    3.581014] ata6: SATA link down (SStatus 0 SControl 300)
[STDERR  ] 2019-03-22T17:04:43.598344715Z: [    3.586583] ata5: SATA link down (SStatus 0 SControl 300)
[STDERR  ] 2019-03-22T17:04:43.598364303Z: [    3.591645] ima: No TPM chip found, activating TPM-bypass!
[STDERR  ] 2019-03-22T17:04:43.598375926Z: [    3.596683] ata1.00: ATA-7: QEMU HARDDISK, 2.5+, max UDMA/100
[STDERR  ] 2019-03-22T17:04:43.598623466Z: [    3.601843] ata1.00: 1048576 sectors, multi 16: LBA48 NCQ (depth 32)
[STDERR  ] 2019-03-22T17:04:43.598648197Z: [    3.607630] ata1.00: applying bridge limits
[STDERR  ] 2019-03-22T17:04:43.598662051Z: [    3.611659] ata3.00: ATAPI: QEMU DVD-ROM, 2.5+, max UDMA/100
[STDERR  ] 2019-03-22T17:04:43.598674807Z: [    3.616746] ata3.00: applying bridge limits
[STDERR  ] 2019-03-22T17:04:43.598687579Z: [    3.620851] ima: Allocated hash algorithm: sha256
[STDERR  ] 2019-03-22T17:04:43.598699706Z: [    3.625169] evm: Initialising EVM extended attributes:
[STDERR  ] 2019-03-22T17:04:43.598711813Z: [    3.629780] evm: security.ima
[STDERR  ] 2019-03-22T17:04:43.598725293Z: [    3.632480] evm: security.capability
[STDERR  ] 2019-03-22T17:04:43.598737356Z: [    3.635684] evm: HMAC attrs: 0x1
[STDERR  ] 2019-03-22T17:04:43.598749706Z: [    3.639010] ata3.00: configured for UDMA/100
[STDERR  ] 2019-03-22T17:04:43.598762989Z: [    3.643863] ata1.00: configured for UDMA/100
[STDERR  ] 2019-03-22T17:04:43.598775860Z: [    3.647863] scsi 0:0:0:0: Direct-Access     ATA      QEMU HARDDISK    2.5+ PQ: 0 ANSI: 5
[STDERR  ] 2019-03-22T17:04:43.598789080Z: [    3.655823] rtc_cmos 00:00: setting system clock to 2019-03-22 17:04:30 UTC (1553274270)
[STDERR  ] 2019-03-22T17:04:43.598801334Z: [    3.663182] sd 0:0:0:0: [sda] 1048576 512-byte logical blocks: (537 MB/512 MiB)
[STDERR  ] 2019-03-22T17:04:43.598821019Z: [    3.669969] sd 0:0:0:0: Attached scsi generic sg0 type 0
[STDERR  ] 2019-03-22T17:04:43.598833754Z: [    3.674763] sd 0:0:0:0: [sda] Write Protect is off
[STDERR  ] 2019-03-22T17:04:43.598849100Z: [    3.679165] Unstable clock detected, switching default tracing clock to "global"
[STDERR  ] 2019-03-22T17:04:43.598860830Z: [    3.679165] If you want to keep using the local clock, then add:
[STDERR  ] 2019-03-22T17:04:43.598873375Z: [    3.679165]   "trace_clock=local"
[STDERR  ] 2019-03-22T17:04:43.598885295Z: [    3.679165] on the kernel command line
[STDERR  ] 2019-03-22T17:04:43.598898000Z: [    3.697732] scsi 2:0:0:0: CD-ROM            QEMU     QEMU DVD-ROM     2.5+ PQ: 0 ANSI: 5
[STDERR  ] 2019-03-22T17:04:43.598911234Z: [    3.704863] sd 0:0:0:0: [sda] Write cache: enabled, read cache: enabled, doesn't support DPO or FUA
[STDERR  ] 2019-03-22T17:04:43.598924510Z: [    3.715108] sd 0:0:0:0: [sda] Attached SCSI disk
[STDERR  ] 2019-03-22T17:04:43.598940284Z: [    3.728961] sr 2:0:0:0: [sr0] scsi3-mmc drive: 4x/4x cd/rw xa/form2 tray
[STDERR  ] 2019-03-22T17:04:43.598951951Z: [    3.734978] cdrom: Uniform CD-ROM driver Revision: 3.20
[STDERR  ] 2019-03-22T17:04:43.598967390Z: [    3.740220] sr 2:0:0:0: Attached scsi generic sg1 type 5
[STDERR  ] 2019-03-22T17:04:43.598981955Z: [    3.747861] Freeing unused kernel image memory: 1584K
[STDERR  ] 2019-03-22T17:04:43.598993741Z: [    3.755073] Write protecting the kernel read-only data: 18432k
[STDERR  ] 2019-03-22T17:04:43.599005264Z: [    3.762870] Freeing unused kernel image memory: 2028K
[STDERR  ] 2019-03-22T17:04:43.599018226Z: [    3.767758] Freeing unused kernel image memory: 1040K
[STDERR  ] 2019-03-22T17:04:43.599033286Z: [    3.772332] Run /init as init process
[STDERR  ] 2019-03-22T17:04:43.599045524Z: 
[STDERR  ] 2019-03-22T17:04:43.599059892Z: Welcome to LinuxKit
[STDERR  ] 2019-03-22T17:04:43.599072077Z: 
[STDERR  ] 2019-03-22T17:04:43.599085430Z:                         ##         .
[STDERR  ] 2019-03-22T17:04:43.599106606Z:                   ## ## ##        ==
[STDERR  ] 2019-03-22T17:04:43.599119863Z:                ## ## ## ## ##    ===
[STDERR  ] 2019-03-22T17:04:43.599133136Z:            /"""""""""""""""""\___/ ===
[STDERR  ] 2019-03-22T17:04:43.599146686Z:           {                       /  ===-
[STDERR  ] 2019-03-22T17:04:43.599160316Z:            \______ O           __/
[STDERR  ] 2019-03-22T17:04:43.599172962Z:              \    \         __/
[STDERR  ] 2019-03-22T17:04:43.599185406Z:               \____\_______/
[STDERR  ] 2019-03-22T17:04:43.599201527Z: 
[STDERR  ] 2019-03-22T17:04:43.599214203Z: [    4.563437] IPVS: ftp: loaded support on port[0] = 21
[STDERR  ] 2019-03-22T17:04:43.599226879Z: [    4.716044]  sda:
[STDERR  ] 2019-03-22T17:04:43.599239905Z: [    4.727732]  sda:
[STDERR  ] 2019-03-22T17:04:43.599252679Z: [    4.998833]  sda: sda1
[STDERR  ] 2019-03-22T17:04:43.599269357Z: [    5.004979]  sda: sda1
[STDERR  ] 2019-03-22T17:04:43.599281735Z: 2019/03/22 17:04:30 Creating partition on /dev/sda
[STDERR  ] 2019-03-22T17:04:43.599294275Z: 2019/03/22 17:04:31 Partition /dev/sda1 successfully created!
[STDERR  ] 2019-03-22T17:04:43.599306283Z: [    6.267629] IPVS: ftp: loaded support on port[0] = 21
[STDERR  ] 2019-03-22T17:04:43.599318254Z: [    6.338421] EXT4-fs (sda1): mounted filesystem with ordered data mode. Opts: (null)
[STDERR  ] 2019-03-22T17:04:43.599331128Z: format_mount test suite PASSED
[STDERR  ] 2019-03-22T17:04:43.599345719Z: [   16.766556] sd 0:0:0:0: [sda] Synchronizing SCSI cache
[STDERR  ] 2019-03-22T17:04:43.599368778Z: [   16.773268] sd 0:0:0:0: [sda] Stopping disk
[STDERR  ] 2019-03-22T17:04:43.599380640Z: [   16.778601] ACPI: Preparing to enter system sleep state S5
[STDERR  ] 2019-03-22T17:04:43.599404073Z: [   16.784014] reboot: Power down
[STDERR  ] 2019-03-22T17:04:43.599415710Z: + grep -q suite PASSED
[STDOUT  ] 2019-03-22T17:04:43.599443879Z: [    0.000000] Linux version 4.19.28-linuxkit (root@9341f087bbd6) (gcc version 8.2.0 (Alpine 8.2.0)) #1 SMP Sun Mar 10 20:02:02 UTC 2019
[STDOUT  ] 2019-03-22T17:04:43.599481082Z: [    0.000000] Command line: console=ttyS0 console=ttyAMA0
[STDOUT  ] 2019-03-22T17:04:43.599489516Z: [    0.000000] x86/fpu: x87 FPU will use FXSAVE
[STDOUT  ] 2019-03-22T17:04:43.599497832Z: [    0.000000] BIOS-provided physical RAM map:
[STDOUT  ] 2019-03-22T17:04:43.599506366Z: [    0.000000] BIOS-e820: [mem 0x0000000000000000-0x000000000009fbff] usable
[STDOUT  ] 2019-03-22T17:04:43.599515046Z: [    0.000000] BIOS-e820: [mem 0x000000000009fc00-0x000000000009ffff] reserved
[STDOUT  ] 2019-03-22T17:04:43.599523971Z: [    0.000000] BIOS-e820: [mem 0x00000000000f0000-0x00000000000fffff] reserved
[STDOUT  ] 2019-03-22T17:04:43.599533804Z: [    0.000000] BIOS-e820: [mem 0x0000000000100000-0x000000003ffdefff] usable
[STDOUT  ] 2019-03-22T17:04:43.599542737Z: [    0.000000] BIOS-e820: [mem 0x000000003ffdf000-0x000000003fffffff] reserved
[STDOUT  ] 2019-03-22T17:04:43.599551997Z: [    0.000000] BIOS-e820: [mem 0x00000000b0000000-0x00000000bfffffff] reserved
[STDOUT  ] 2019-03-22T17:04:43.599560872Z: [    0.000000] BIOS-e820: [mem 0x00000000fed1c000-0x00000000fed1ffff] reserved
[STDOUT  ] 2019-03-22T17:04:43.599569571Z: [    0.000000] BIOS-e820: [mem 0x00000000feffc000-0x00000000feffffff] reserved
[STDOUT  ] 2019-03-22T17:04:43.599578166Z: [    0.000000] BIOS-e820: [mem 0x00000000fffc0000-0x00000000ffffffff] reserved
[STDOUT  ] 2019-03-22T17:04:43.599587062Z: [    0.000000] NX (Execute Disable) protection: active
[STDOUT  ] 2019-03-22T17:04:43.599596977Z: [    0.000000] SMBIOS 2.8 present.
[STDOUT  ] 2019-03-22T17:04:43.599606380Z: [    0.000000] DMI: QEMU Standard PC (Q35 + ICH9, 2009), BIOS 1.10.2-1 04/01/2014
[STDOUT  ] 2019-03-22T17:04:43.599616375Z: [    0.000000] Hypervisor detected: KVM
[STDOUT  ] 2019-03-22T17:04:43.599624717Z: [    0.000000] kvm-clock: Using msrs 4b564d01 and 4b564d00
[STDOUT  ] 2019-03-22T17:04:43.599636868Z: [    0.561548] kvm-clock: cpu 0, msr 2d81a001, primary cpu clock
[STDOUT  ] 2019-03-22T17:04:43.599645589Z: [    0.561548] clocksource: kvm-clock: mask: 0xffffffffffffffff max_cycles: 0x1cd42e4dffb, max_idle_ns: 881590591483 ns
[STDOUT  ] 2019-03-22T17:04:43.599659887Z: [    0.561560] tsc: Detected 2299.914 MHz processor
[STDOUT  ] 2019-03-22T17:04:43.599668775Z: [    0.564809] last_pfn = 0x3ffdf max_arch_pfn = 0x400000000
[STDOUT  ] 2019-03-22T17:04:43.599678188Z: [    0.565408] x86/PAT: PAT not supported by CPU.
[STDOUT  ] 2019-03-22T17:04:43.599687210Z: [    0.565462] x86/PAT: Configuration [0-7]: WB  WT  UC- UC  WB  WT  UC- UC  
[STDOUT  ] 2019-03-22T17:04:43.599698614Z: [    0.577197] found SMP MP-table at [mem 0x000f6a90-0x000f6a9f] mapped at [(____ptrval____)]
[STDOUT  ] 2019-03-22T17:04:43.599707933Z: [    0.577718] RAMDISK: [mem 0x3d6b5000-0x3ffcffff]
[STDOUT  ] 2019-03-22T17:04:43.599716611Z: [    0.577949] ACPI: Early table checksum verification disabled
[STDOUT  ] 2019-03-22T17:04:43.599725205Z: [    0.578086] ACPI: RSDP 0x00000000000F68D0 000014 (v00 BOCHS )
[STDOUT  ] 2019-03-22T17:04:43.599733901Z: [    0.578096] ACPI: RSDT 0x000000003FFE2404 000034 (v01 BOCHS  BXPCRSDT 00000001 BXPC 00000001)
[STDOUT  ] 2019-03-22T17:04:43.599742864Z: [    0.578116] ACPI: FACP 0x000000003FFE22A4 000074 (v01 BOCHS  BXPCFACP 00000001 BXPC 00000001)
[STDOUT  ] 2019-03-22T17:04:43.599751457Z: [    0.578122] ACPI: DSDT 0x000000003FFE0040 002264 (v01 BOCHS  BXPCDSDT 00000001 BXPC 00000001)
[STDOUT  ] 2019-03-22T17:04:43.599763003Z: [    0.578127] ACPI: FACS 0x000000003FFE0000 000040
[STDOUT  ] 2019-03-22T17:04:43.599774071Z: [    0.578131] ACPI: APIC 0x000000003FFE2318 000078 (v01 BOCHS  BXPCAPIC 00000001 BXPC 00000001)
[STDOUT  ] 2019-03-22T17:04:43.599782614Z: [    0.578135] ACPI: HPET 0x000000003FFE2390 000038 (v01 BOCHS  BXPCHPET 00000001 BXPC 00000001)
[STDOUT  ] 2019-03-22T17:04:43.599791132Z: [    0.578139] ACPI: MCFG 0x000000003FFE23C8 00003C (v01 BOCHS  BXPCMCFG 00000001 BXPC 00000001)
[STDOUT  ] 2019-03-22T17:04:43.599800876Z: [    0.579042] Zone ranges:
[STDOUT  ] 2019-03-22T17:04:43.599812399Z: [    0.579044]   DMA      [mem 0x0000000000001000-0x0000000000ffffff]
[STDOUT  ] 2019-03-22T17:04:43.599824270Z: [    0.579046]   DMA32    [mem 0x0000000001000000-0x000000003ffdefff]
[STDOUT  ] 2019-03-22T17:04:43.599832882Z: [    0.579048]   Normal   empty
[STDOUT  ] 2019-03-22T17:04:43.599841357Z: [    0.579049]   Device   empty
[STDOUT  ] 2019-03-22T17:04:43.599850057Z: [    0.579051] Movable zone start for each node
[STDOUT  ] 2019-03-22T17:04:43.599859038Z: [    0.579051] Early memory node ranges
[STDOUT  ] 2019-03-22T17:04:43.599867457Z: [    0.579053]   node   0: [mem 0x0000000000001000-0x000000000009efff]
[STDOUT  ] 2019-03-22T17:04:43.599875681Z: [    0.579054]   node   0: [mem 0x0000000000100000-0x000000003ffdefff]
[STDOUT  ] 2019-03-22T17:04:43.599884348Z: [    0.579757] Reserved but unavailable: 98 pages
[STDOUT  ] 2019-03-22T17:04:43.599893499Z: [    0.579759] Initmem setup node 0 [mem 0x0000000000001000-0x000000003ffdefff]
[STDOUT  ] 2019-03-22T17:04:43.599904190Z: [    0.592332] ACPI: PM-Timer IO Port: 0x608
[STDOUT  ] 2019-03-22T17:04:43.599916388Z: [    0.592384] ACPI: LAPIC_NMI (acpi_id[0xff] dfl dfl lint[0x1])
[STDOUT  ] 2019-03-22T17:04:43.599924676Z: [    0.592644] IOAPIC[0]: apic_id 0, version 17, address 0xfec00000, GSI 0-23
[STDOUT  ] 2019-03-22T17:04:43.599933010Z: [    0.592648] ACPI: INT_SRC_OVR (bus 0 bus_irq 0 global_irq 2 dfl dfl)
[STDOUT  ] 2019-03-22T17:04:43.599941598Z: [    0.592650] ACPI: INT_SRC_OVR (bus 0 bus_irq 5 global_irq 5 high level)
[STDOUT  ] 2019-03-22T17:04:43.599949810Z: [    0.592652] ACPI: INT_SRC_OVR (bus 0 bus_irq 9 global_irq 9 high level)
[STDOUT  ] 2019-03-22T17:04:43.599957524Z: [    0.592658] ACPI: INT_SRC_OVR (bus 0 bus_irq 10 global_irq 10 high level)
[STDOUT  ] 2019-03-22T17:04:43.599965713Z: [    0.592659] ACPI: INT_SRC_OVR (bus 0 bus_irq 11 global_irq 11 high level)
[STDOUT  ] 2019-03-22T17:04:43.599974284Z: [    0.592667] Using ACPI (MADT) for SMP configuration information
[STDOUT  ] 2019-03-22T17:04:43.599985891Z: [    0.592669] ACPI: HPET id: 0x8086a201 base: 0xfed00000
[STDOUT  ] 2019-03-22T17:04:43.600001025Z: [    0.592704] smpboot: Allowing 1 CPUs, 0 hotplug CPUs
[STDOUT  ] 2019-03-22T17:04:43.600009226Z: [    0.592815] [mem 0x40000000-0xafffffff] available for PCI devices
[STDOUT  ] 2019-03-22T17:04:43.600020933Z: [    0.592817] Booting paravirtualized kernel on KVM
[STDOUT  ] 2019-03-22T17:04:43.600029879Z: [    0.592820] clocksource: refined-jiffies: mask: 0xffffffff max_cycles: 0xffffffff, max_idle_ns: 1910969940391419 ns
[STDOUT  ] 2019-03-22T17:04:43.600038106Z: [    0.697754] random: get_random_bytes called from start_kernel+0x91/0x517 with crng_init=0
[STDOUT  ] 2019-03-22T17:04:43.600047283Z: [    0.697782] setup_percpu: NR_CPUS:128 nr_cpumask_bits:128 nr_cpu_ids:1 nr_node_ids:1
[STDOUT  ] 2019-03-22T17:04:43.600056767Z: [    0.698886] percpu: Embedded 45 pages/cpu @(____ptrval____) s145112 r8192 d31016 u2097152
[STDOUT  ] 2019-03-22T17:04:43.600065369Z: [    0.699004] KVM setup async PF for cpu 0
[STDOUT  ] 2019-03-22T17:04:43.600073860Z: [    0.699055] kvm-stealtime: cpu 0, msr 3c215e80
[STDOUT  ] 2019-03-22T17:04:43.600081926Z: [    0.699091] Built 1 zonelists, mobility grouping on.  Total pages: 257896
[STDOUT  ] 2019-03-22T17:04:43.600090264Z: [    0.699095] Kernel command line: console=ttyS0 console=ttyAMA0
[STDOUT  ] 2019-03-22T17:04:43.600099522Z: [    0.699316] Dentry cache hash table entries: 131072 (order: 8, 1048576 bytes)
[STDOUT  ] 2019-03-22T17:04:43.600108329Z: [    0.699409] Inode-cache hash table entries: 65536 (order: 7, 524288 bytes)
[STDOUT  ] 2019-03-22T17:04:43.600117285Z: [    0.703496] Memory: 959708K/1048052K available (12300K kernel code, 1573K rwdata, 3056K rodata, 1584K init, 2036K bss, 88344K reserved, 0K cma-reserved)
[STDOUT  ] 2019-03-22T17:04:43.600127484Z: [    0.704416] Kernel/User page tables isolation: enabled
[STDOUT  ] 2019-03-22T17:04:43.600136108Z: [    0.704517] ftrace: allocating 43042 entries in 169 pages
[STDOUT  ] 2019-03-22T17:04:43.600144358Z: [    0.727789] rcu: Hierarchical RCU implementation.
[STDOUT  ] 2019-03-22T17:04:43.600157029Z: [    0.727794] rcu: 	RCU restricting CPUs from NR_CPUS=128 to nr_cpu_ids=1.
[STDOUT  ] 2019-03-22T17:04:43.600165269Z: [    0.727796] rcu: Adjusting geometry for rcu_fanout_leaf=16, nr_cpu_ids=1
[STDOUT  ] 2019-03-22T17:04:43.600176973Z: [    0.730830] NR_IRQS: 8448, nr_irqs: 256, preallocated irqs: 16
[STDOUT  ] 2019-03-22T17:04:43.600186091Z: [    0.757273] Console: colour VGA+ 80x25
[STDOUT  ] 2019-03-22T17:04:43.600194377Z: [    1.194090] console [ttyS0] enabled
[STDOUT  ] 2019-03-22T17:04:43.600202499Z: [    1.197310] ACPI: Core revision 20180810
[STDOUT  ] 2019-03-22T17:04:43.600210894Z: [    1.201603] clocksource: hpet: mask: 0xffffffff max_cycles: 0xffffffff, max_idle_ns: 19112604467 ns
[STDOUT  ] 2019-03-22T17:04:43.600220496Z: [    1.210228] APIC: Switch to symmetric I/O mode setup
[STDOUT  ] 2019-03-22T17:04:43.600228822Z: [    1.217005] x2apic enabled
[STDOUT  ] 2019-03-22T17:04:43.600237351Z: [    1.221784] Switched APIC routing to physical x2apic.
[STDOUT  ] 2019-03-22T17:04:43.600245338Z: [    1.236009] ..TIMER: vector=0x30 apic1=0 pin1=2 apic2=-1 pin2=-1
[STDOUT  ] 2019-03-22T17:04:43.600254748Z: [    1.241488] clocksource: tsc-early: mask: 0xffffffffffffffff max_cycles: 0x2126e418e51, max_idle_ns: 440795268186 ns
[STDOUT  ] 2019-03-22T17:04:43.600263810Z: [    1.250897] Calibrating delay loop (skipped) preset value.. 4599.82 BogoMIPS (lpj=2299914)
[STDOUT  ] 2019-03-22T17:04:43.600273266Z: [    1.251871] pid_max: default: 32768 minimum: 301
[STDOUT  ] 2019-03-22T17:04:43.600281627Z: [    1.252980] Security Framework initialized
[STDOUT  ] 2019-03-22T17:04:43.600289718Z: [    1.253871] Yama: becoming mindful.
[STDOUT  ] 2019-03-22T17:04:43.600298652Z: [    1.254920] Mount-cache hash table entries: 2048 (order: 2, 16384 bytes)
[STDOUT  ] 2019-03-22T17:04:43.600307068Z: [    1.255876] Mountpoint-cache hash table entries: 2048 (order: 2, 16384 bytes)
[STDOUT  ] 2019-03-22T17:04:43.600316324Z: [    1.258939] Last level iTLB entries: 4KB 0, 2MB 0, 4MB 0
[STDOUT  ] 2019-03-22T17:04:43.600329971Z: [    1.259873] Last level dTLB entries: 4KB 0, 2MB 0, 4MB 0, 1GB 0
[STDOUT  ] 2019-03-22T17:04:43.600342475Z: [    1.260873] Spectre V2 : Mitigation: Full generic retpoline
[STDOUT  ] 2019-03-22T17:04:43.600360407Z: [    1.261869] Spectre V2 : Spectre v2 / SpectreRSB mitigation: Filling RSB on context switch
[STDOUT  ] 2019-03-22T17:04:43.600369494Z: [    1.262870] Speculative Store Bypass: Vulnerable
[STDOUT  ] 2019-03-22T17:04:43.600378023Z: [    1.274374] Freeing SMP alternatives memory: 20K
[STDOUT  ] 2019-03-22T17:04:43.600399543Z: [    1.276862] smpboot: CPU0: Intel QEMU Virtual CPU version 2.5+ (family: 0x6, model: 0x6, stepping: 0x3)
[STDOUT  ] 2019-03-22T17:04:43.600407989Z: [    1.277053] Performance Events: PMU not available due to virtualization, using software events only.
[STDOUT  ] 2019-03-22T17:04:43.600417341Z: [    1.280100] rcu: Hierarchical SRCU implementation.
[STDOUT  ] 2019-03-22T17:04:43.600425984Z: [    1.281008] NMI watchdog: Perf NMI watchdog permanently disabled
[STDOUT  ] 2019-03-22T17:04:43.600435024Z: [    1.282955] smp: Bringing up secondary CPUs ...
[STDOUT  ] 2019-03-22T17:04:43.600444554Z: [    1.283869] smp: Brought up 1 node, 1 CPU
[STDOUT  ] 2019-03-22T17:04:43.600454112Z: [    1.284866] smpboot: Max logical packages: 1
[STDOUT  ] 2019-03-22T17:04:43.600462900Z: [    1.285866] smpboot: Total of 1 processors activated (4599.82 BogoMIPS)
[STDOUT  ] 2019-03-22T17:04:43.600472310Z: [    1.287872] devtmpfs: initialized
[STDOUT  ] 2019-03-22T17:04:43.600482632Z: [    1.288942] x86/mm: Memory block size: 128MB
[STDOUT  ] 2019-03-22T17:04:43.600492448Z: [    1.290287] clocksource: jiffies: mask: 0xffffffff max_cycles: 0xffffffff, max_idle_ns: 1911260446275000 ns
[STDOUT  ] 2019-03-22T17:04:43.600502137Z: [    1.290879] futex hash table entries: 256 (order: 2, 16384 bytes)
[STDOUT  ] 2019-03-22T17:04:43.600511653Z: [    1.292934] NET: Registered protocol family 16
[STDOUT  ] 2019-03-22T17:04:43.600521907Z: [    1.294072] audit: initializing netlink subsys (disabled)
[STDOUT  ] 2019-03-22T17:04:43.600537427Z: [    1.294952] audit: type=2000 audit(1553274267.098:1): state=initialized audit_enabled=0 res=1
[STDOUT  ] 2019-03-22T17:04:43.600546956Z: [    1.295966] cpuidle: using governor ladder
[STDOUT  ] 2019-03-22T17:04:43.600556773Z: [    1.296868] cpuidle: using governor menu
[STDOUT  ] 2019-03-22T17:04:43.600565309Z: [    1.298007] ACPI: bus type PCI registered
[STDOUT  ] 2019-03-22T17:04:43.600578380Z: [    1.300136] PCI: MMCONFIG for domain 0000 [bus 00-ff] at [mem 0xb0000000-0xbfffffff] (base 0xb0000000)
[STDOUT  ] 2019-03-22T17:04:43.600593297Z: [    1.301870] PCI: MMCONFIG at [mem 0xb0000000-0xbfffffff] reserved in E820
[STDOUT  ] 2019-03-22T17:04:43.600603450Z: [    1.302879] PCI: Using configuration type 1 for base access
[STDOUT  ] 2019-03-22T17:04:43.600611718Z: [    1.306213] HugeTLB registered 2.00 MiB page size, pre-allocated 0 pages
[STDOUT  ] 2019-03-22T17:04:43.600622933Z: [    1.308021] cryptd: max_cpu_qlen set to 1000
[STDOUT  ] 2019-03-22T17:04:43.600631776Z: [    1.309131] ACPI: Added _OSI(Module Device)
[STDOUT  ] 2019-03-22T17:04:43.600640760Z: [    1.309874] ACPI: Added _OSI(Processor Device)
[STDOUT  ] 2019-03-22T17:04:43.600649285Z: [    1.310867] ACPI: Added _OSI(3.0 _SCP Extensions)
[STDOUT  ] 2019-03-22T17:04:43.600657231Z: [    1.311867] ACPI: Added _OSI(Processor Aggregator Device)
[STDOUT  ] 2019-03-22T17:04:43.600665702Z: [    1.312887] ACPI: Added _OSI(Linux-Dell-Video)
[STDOUT  ] 2019-03-22T17:04:43.600674691Z: [    1.313871] ACPI: Added _OSI(Linux-Lenovo-NV-HDMI-Audio)
[STDOUT  ] 2019-03-22T17:04:43.600683687Z: [    1.317163] ACPI: 1 ACPI AML tables successfully acquired and loaded
[STDOUT  ] 2019-03-22T17:04:43.600694599Z: [    1.321052] ACPI: Interpreter enabled
[STDOUT  ] 2019-03-22T17:04:43.600704228Z: [    1.321883] ACPI: (supports S0 S5)
[STDOUT  ] 2019-03-22T17:04:43.600712871Z: [    1.322871] ACPI: Using IOAPIC for interrupt routing
[STDOUT  ] 2019-03-22T17:04:43.600721940Z: [    1.324904] PCI: Using host bridge windows from ACPI; if necessary, use "pci=nocrs" and report a bug
[STDOUT  ] 2019-03-22T17:04:43.600740978Z: [    1.326088] ACPI: Enabled 2 GPEs in block 00 to 3F
[STDOUT  ] 2019-03-22T17:04:43.600750133Z: [    1.331114] ACPI: PCI Root Bridge [PCI0] (domain 0000 [bus 00-ff])
[STDOUT  ] 2019-03-22T17:04:43.600758581Z: [    1.331880] acpi PNP0A08:00: _OSC: OS supports [ExtendedConfig ASPM ClockPM Segments MSI]
[STDOUT  ] 2019-03-22T17:04:43.600767275Z: [    1.332979] acpi PNP0A08:00: _OSC: platform does not support [SHPCHotplug LTR]
[STDOUT  ] 2019-03-22T17:04:43.600776215Z: [    1.333958] acpi PNP0A08:00: _OSC: OS now controls [PCIeHotplug PME PCIeCapability]
[STDOUT  ] 2019-03-22T17:04:43.600785619Z: [    1.334961] PCI host bridge to bus 0000:00
[STDOUT  ] 2019-03-22T17:04:43.600794643Z: [    1.335872] pci_bus 0000:00: root bus resource [io  0x0000-0x0cf7 window]
[STDOUT  ] 2019-03-22T17:04:43.600808325Z: [    1.336870] pci_bus 0000:00: root bus resource [io  0x0d00-0xffff window]
[STDOUT  ] 2019-03-22T17:04:43.600817938Z: [    1.337870] pci_bus 0000:00: root bus resource [mem 0x000a0000-0x000bffff window]
[STDOUT  ] 2019-03-22T17:04:43.600826435Z: [    1.338870] pci_bus 0000:00: root bus resource [mem 0xc0000000-0xfebfffff window]
[STDOUT  ] 2019-03-22T17:04:43.600835813Z: [    1.339870] pci_bus 0000:00: root bus resource [bus 00-ff]
[STDOUT  ] 2019-03-22T17:04:43.600845217Z: [    1.411193] pci 0000:00:1f.0: quirk: [io  0x0600-0x067f] claimed by ICH6 ACPI/GPIO/TCO
[STDOUT  ] 2019-03-22T17:04:43.600854280Z: [    1.439966] ACPI: PCI Interrupt Link [LNKA] (IRQs 5 *10 11)
[STDOUT  ] 2019-03-22T17:04:43.600863896Z: [    1.441885] ACPI: PCI Interrupt Link [LNKB] (IRQs 5 *10 11)
[STDOUT  ] 2019-03-22T17:04:43.600872301Z: [    1.444089] ACPI: PCI Interrupt Link [LNKC] (IRQs 5 10 *11)
[STDOUT  ] 2019-03-22T17:04:43.600880841Z: [    1.446038] ACPI: PCI Interrupt Link [LNKD] (IRQs 5 10 *11)
[STDOUT  ] 2019-03-22T17:04:43.600889840Z: [    1.447184] ACPI: PCI Interrupt Link [LNKE] (IRQs 5 *10 11)
[STDOUT  ] 2019-03-22T17:04:43.600899277Z: [    1.448162] ACPI: PCI Interrupt Link [LNKF] (IRQs 5 *10 11)
[STDOUT  ] 2019-03-22T17:04:43.600914959Z: [    1.449961] ACPI: PCI Interrupt Link [LNKG] (IRQs 5 10 *11)
[STDOUT  ] 2019-03-22T17:04:43.600924358Z: [    1.451168] ACPI: PCI Interrupt Link [LNKH] (IRQs 5 10 *11)
[STDOUT  ] 2019-03-22T17:04:43.600932523Z: [    1.452031] ACPI: PCI Interrupt Link [GSIA] (IRQs *16)
[STDOUT  ] 2019-03-22T17:04:43.600941579Z: [    1.452889] ACPI: PCI Interrupt Link [GSIB] (IRQs *17)
[STDOUT  ] 2019-03-22T17:04:43.600950693Z: [    1.453882] ACPI: PCI Interrupt Link [GSIC] (IRQs *18)
[STDOUT  ] 2019-03-22T17:04:43.600959528Z: [    1.454885] ACPI: PCI Interrupt Link [GSID] (IRQs *19)
[STDOUT  ] 2019-03-22T17:04:43.600968166Z: [    1.455881] ACPI: PCI Interrupt Link [GSIE] (IRQs *20)
[STDOUT  ] 2019-03-22T17:04:43.600976768Z: [    1.456880] ACPI: PCI Interrupt Link [GSIF] (IRQs *21)
[STDOUT  ] 2019-03-22T17:04:43.600986409Z: [    1.457887] ACPI: PCI Interrupt Link [GSIG] (IRQs *22)
[STDOUT  ] 2019-03-22T17:04:43.600998965Z: [    1.458885] ACPI: PCI Interrupt Link [GSIH] (IRQs *23)
[STDOUT  ] 2019-03-22T17:04:43.601007554Z: [    1.460312] SCSI subsystem initialized
[STDOUT  ] 2019-03-22T17:04:43.601016626Z: [    1.460995] ACPI: bus type USB registered
[STDOUT  ] 2019-03-22T17:04:43.601025262Z: [    1.462899] usbcore: registered new interface driver usbfs
[STDOUT  ] 2019-03-22T17:04:43.601033791Z: [    1.464899] usbcore: registered new interface driver hub
[STDOUT  ] 2019-03-22T17:04:43.601042673Z: [    1.465905] usbcore: registered new device driver usb
[STDOUT  ] 2019-03-22T17:04:43.601051414Z: [    1.466917] pps_core: LinuxPPS API ver. 1 registered
