[INFO    ] 2017-10-09T11:01:13.293201176Z: Running Test linuxkit.kernel.kmod_4.9.x in /tmp/build/test/cases/020_kernel/010_kmod_4.9.x
[INFO    ] 2017-10-09T11:01:13.293288534Z: Running command: [/bin/sh -x /tmp/build/test/cases/020_kernel/010_kmod_4.9.x/test.sh]
[STDERR  ] 2017-10-09T11:01:13.308516033Z: + set -e
[STDERR  ] 2017-10-09T11:01:13.308621355Z: + . /tmp/build/test/cases/_lib/lib.sh
[STDERR  ] 2017-10-09T11:01:13.30863294Z: + [ -f src/github.com/linuxkit/rtf/lib/lib.sh ]
[STDERR  ] 2017-10-09T11:01:13.308642238Z: + LINUXKIT_TMPDIR=/tmp/build/test/cases/_tmp
[STDERR  ] 2017-10-09T11:01:13.308659255Z: + [ -f /tmp/build/test/cases/_tmp/env.sh ]
[STDERR  ] 2017-10-09T11:01:13.30867033Z: + . /tmp/build/test/cases/_tmp/env.sh
[STDERR  ] 2017-10-09T11:01:13.308681974Z: + export LINUXKIT_EXAMPLES_DIR=/tmp/build/test/cases/../../examples
[STDERR  ] 2017-10-09T11:01:13.308693425Z: + export LINUXKIT_BLUEPRINTS_DIR=/tmp/build/test/cases/../../blueprints
[STDERR  ] 2017-10-09T11:01:13.308708648Z: + RT_CANCEL=253
[STDERR  ] 2017-10-09T11:01:13.308717693Z: + NAME=kmod
[STDERR  ] 2017-10-09T11:01:13.3087232Z: + IMAGE_NAME=kmod-test
[STDERR  ] 2017-10-09T11:01:13.308729097Z: + trap clean_up EXIT
[STDERR  ] 2017-10-09T11:01:13.30873585Z: + docker pull linuxkit/kernel:4.9.52
[STDOUT  ] 2017-10-09T11:01:14.496772406Z: 4.9.52: Pulling from linuxkit/kernel
[STDOUT  ] 2017-10-09T11:01:14.91492358Z: Digest: sha256:1676865d221349c5b37d81aef90f2cf7875313b4efbf899100999b6245d2c413
[STDOUT  ] 2017-10-09T11:01:14.914984178Z: Status: Image is up to date for linuxkit/kernel:4.9.52
[STDERR  ] 2017-10-09T11:01:14.915880466Z: + docker build -t kmod-test .
[STDOUT  ] 2017-10-09T11:01:15.049428655Z: Sending build context to Docker daemon  8.704kB
[STDOUT  ] 2017-10-09T11:01:15.142110153Z: Step 1/12 : FROM linuxkit/kernel:4.9.52 AS ksrc
[STDOUT  ] 2017-10-09T11:01:15.188205856Z:  ---> a8785be1b754
[STDOUT  ] 2017-10-09T11:01:15.188300779Z: Step 2/12 : FROM linuxkit/alpine:f4f5b333fa1a8433334fcae996d1637173144a72 AS build
[STDOUT  ] 2017-10-09T11:01:16.358568482Z: f4f5b333fa1a8433334fcae996d1637173144a72: Pulling from linuxkit/alpine
[STDOUT  ] 2017-10-09T11:01:16.748264454Z: 88286f41530e: Already exists
[STDOUT  ] 2017-10-09T11:01:16.753526031Z: d6741435ea3e: Pulling fs layer
[STDOUT  ] 2017-10-09T11:01:16.753595807Z: f23fc2298e04: Pulling fs layer
[STDOUT  ] 2017-10-09T11:01:16.753670315Z: 3ee238104091: Pulling fs layer
[STDOUT  ] 2017-10-09T11:01:16.7537453Z: a9c6c814d848: Pulling fs layer
[STDOUT  ] 2017-10-09T11:01:16.753807942Z: 2a0f28fbda1b: Pulling fs layer
[STDOUT  ] 2017-10-09T11:01:16.753867383Z: bf16ab44b983: Pulling fs layer
[STDOUT  ] 2017-10-09T11:01:16.753934868Z: 06cce1f08e61: Pulling fs layer
[STDOUT  ] 2017-10-09T11:01:16.754011417Z: 7d8ca769972b: Pulling fs layer
[STDOUT  ] 2017-10-09T11:01:16.754157095Z: a9c6c814d848: Waiting
[STDOUT  ] 2017-10-09T11:01:16.754250804Z: 2a0f28fbda1b: Waiting
[STDOUT  ] 2017-10-09T11:01:16.75435052Z: bf16ab44b983: Waiting
[STDOUT  ] 2017-10-09T11:01:16.754444801Z: 06cce1f08e61: Waiting
[STDOUT  ] 2017-10-09T11:01:16.754543057Z: 7d8ca769972b: Waiting
[STDOUT  ] 2017-10-09T11:01:17.617205931Z: 3ee238104091: Verifying Checksum
[STDOUT  ] 2017-10-09T11:01:17.617255864Z: 3ee238104091: Download complete
[STDOUT  ] 2017-10-09T11:01:17.667892526Z: f23fc2298e04: Download complete
[STDOUT  ] 2017-10-09T11:01:17.668999337Z: d6741435ea3e: Verifying Checksum
[STDOUT  ] 2017-10-09T11:01:17.669040192Z: d6741435ea3e: Download complete
[STDOUT  ] 2017-10-09T11:01:17.759424824Z: d6741435ea3e: Pull complete
[STDOUT  ] 2017-10-09T11:01:17.879744048Z: f23fc2298e04: Pull complete
[STDOUT  ] 2017-10-09T11:01:17.984344093Z: 3ee238104091: Pull complete
[STDOUT  ] 2017-10-09T11:01:18.566585795Z: bf16ab44b983: Verifying Checksum
[STDOUT  ] 2017-10-09T11:01:18.566769976Z: bf16ab44b983: Download complete
[STDOUT  ] 2017-10-09T11:01:21.476511072Z: 2a0f28fbda1b: Verifying Checksum
[STDOUT  ] 2017-10-09T11:01:21.476548576Z: 2a0f28fbda1b: Download complete
[STDOUT  ] 2017-10-09T11:01:24.530694232Z: 7d8ca769972b: Verifying Checksum
[STDOUT  ] 2017-10-09T11:01:24.530738895Z: 7d8ca769972b: Download complete
[STDOUT  ] 2017-10-09T11:01:26.850974802Z: a9c6c814d848: Verifying Checksum
[STDOUT  ] 2017-10-09T11:01:26.851020794Z: a9c6c814d848: Download complete
[STDOUT  ] 2017-10-09T11:01:27.992568905Z: 06cce1f08e61: Verifying Checksum
[STDOUT  ] 2017-10-09T11:01:27.992615472Z: 06cce1f08e61: Download complete
[STDOUT  ] 2017-10-09T11:01:32.612361917Z: a9c6c814d848: Pull complete
[STDOUT  ] 2017-10-09T11:01:33.107579818Z: 2a0f28fbda1b: Pull complete
[STDOUT  ] 2017-10-09T11:01:33.220725116Z: bf16ab44b983: Pull complete
[STDOUT  ] 2017-10-09T11:01:34.388547405Z: 06cce1f08e61: Pull complete
[STDOUT  ] 2017-10-09T11:01:34.605012021Z: 7d8ca769972b: Pull complete
[STDOUT  ] 2017-10-09T11:01:34.615515985Z: Digest: sha256:3adb328a946fbe9cc055d9c71c68d4c157e6903287f71a942039c25f9e151302
[STDOUT  ] 2017-10-09T11:01:34.6243864Z: Status: Downloaded newer image for linuxkit/alpine:f4f5b333fa1a8433334fcae996d1637173144a72
[STDOUT  ] 2017-10-09T11:01:34.625045867Z:  ---> 184945765e5a
[STDOUT  ] 2017-10-09T11:01:34.625071914Z: Step 3/12 : RUN apk add build-base
[STDOUT  ] 2017-10-09T11:01:34.696082309Z:  ---> Running in bf819ea23f4d
[STDOUT  ] 2017-10-09T11:01:34.967435332Z: (1/18) Installing binutils-libs (2.28-r2)
[STDOUT  ] 2017-10-09T11:01:34.986825408Z: (2/18) Installing binutils (2.28-r2)
[STDOUT  ] 2017-10-09T11:01:35.037917271Z: (3/18) Installing gmp (6.1.2-r0)
[STDOUT  ] 2017-10-09T11:01:35.043470902Z: (4/18) Installing isl (0.17.1-r0)
[STDOUT  ] 2017-10-09T11:01:35.055988281Z: (5/18) Installing libgomp (6.3.0-r4)
[STDOUT  ] 2017-10-09T11:01:35.057602036Z: (6/18) Installing libatomic (6.3.0-r4)
[STDOUT  ] 2017-10-09T11:01:35.058187772Z: (7/18) Installing pkgconf (1.3.7-r0)
[STDOUT  ] 2017-10-09T11:01:35.059604535Z: (8/18) Installing libgcc (6.3.0-r4)
[STDOUT  ] 2017-10-09T11:01:35.060877296Z: (9/18) Installing mpfr3 (3.1.5-r0)
[STDOUT  ] 2017-10-09T11:01:35.064126828Z: (10/18) Installing mpc1 (1.0.3-r0)
[STDOUT  ] 2017-10-09T11:01:35.065233308Z: (11/18) Installing libstdc++ (6.3.0-r4)
[STDOUT  ] 2017-10-09T11:01:35.074413422Z: (12/18) Installing gcc (6.3.0-r4)
[STDOUT  ] 2017-10-09T11:01:35.652483774Z: (13/18) Installing musl-dev (1.1.16-r13)
[STDOUT  ] 2017-10-09T11:01:35.728210387Z: (14/18) Installing libc-dev (0.7.1-r0)
[STDOUT  ] 2017-10-09T11:01:35.728364435Z: (15/18) Installing g++ (6.3.0-r4)
[STDOUT  ] 2017-10-09T11:01:36.327787715Z: (16/18) Installing make (4.2.1-r0)
[STDOUT  ] 2017-10-09T11:01:36.331148498Z: (17/18) Installing fortify-headers (0.8-r0)
[STDOUT  ] 2017-10-09T11:01:36.332511185Z: (18/18) Installing build-base (0.5-r0)
[STDOUT  ] 2017-10-09T11:01:36.334589228Z: Executing busybox-1.26.2-r6.trigger
[STDOUT  ] 2017-10-09T11:01:36.341833498Z: OK: 159 MiB in 29 packages
[STDOUT  ] 2017-10-09T11:01:39.355572741Z:  ---> fba6a4f065ae
[STDOUT  ] 2017-10-09T11:01:39.454827873Z: Removing intermediate container bf819ea23f4d
[STDOUT  ] 2017-10-09T11:01:39.454890246Z: Step 4/12 : COPY --from=ksrc /kernel-dev.tar /
[STDOUT  ] 2017-10-09T11:01:41.142810582Z:  ---> 6d57f2be3177
[STDOUT  ] 2017-10-09T11:01:41.15884303Z: Removing intermediate container cca4c006f7aa
[STDOUT  ] 2017-10-09T11:01:41.158885947Z: Step 5/12 : RUN tar xf kernel-dev.tar
[STDOUT  ] 2017-10-09T11:01:41.227663353Z:  ---> Running in 7259be1d2d79
[STDOUT  ] 2017-10-09T11:01:47.867249032Z:  ---> dd58ea3e85bb
[STDOUT  ] 2017-10-09T11:01:48.227677958Z: Removing intermediate container 7259be1d2d79
[STDOUT  ] 2017-10-09T11:01:48.227740643Z: Step 6/12 : WORKDIR /kmod
[STDOUT  ] 2017-10-09T11:01:48.499168727Z:  ---> 8e61ee40f2a5
[STDOUT  ] 2017-10-09T11:01:48.504536622Z: Removing intermediate container 6e14dbd1290c
[STDOUT  ] 2017-10-09T11:01:48.504571143Z: Step 7/12 : COPY ./src/* ./
[STDOUT  ] 2017-10-09T11:01:48.967219349Z:  ---> c017cd88310d
[STDOUT  ] 2017-10-09T11:01:48.972412459Z: Removing intermediate container 78a0dfa93562
[STDOUT  ] 2017-10-09T11:01:48.972458602Z: Step 8/12 : RUN make all
[STDOUT  ] 2017-10-09T11:01:49.045378651Z:  ---> Running in 96bebf9db1ee
[STDOUT  ] 2017-10-09T11:01:49.33362399Z: make -C /usr/src/linux-headers-4.9.52-linuxkit M=/kmod modules
[STDOUT  ] 2017-10-09T11:01:49.33478074Z: make[1]: Entering directory '/usr/src/linux-headers-4.9.52-linuxkit'
[STDOUT  ] 2017-10-09T11:01:50.128294816Z:   CC [M]  /kmod/hello_world.o
[STDOUT  ] 2017-10-09T11:01:50.311758874Z:   Building modules, stage 2.
[STDOUT  ] 2017-10-09T11:01:50.319602202Z:   MODPOST 1 modules
[STDOUT  ] 2017-10-09T11:01:50.333372843Z:   CC      /kmod/hello_world.mod.o
[STDOUT  ] 2017-10-09T11:01:50.499043176Z:   LD [M]  /kmod/hello_world.ko
[STDOUT  ] 2017-10-09T11:01:50.502136316Z: make[1]: Leaving directory '/usr/src/linux-headers-4.9.52-linuxkit'
[STDOUT  ] 2017-10-09T11:01:50.967152025Z:  ---> 2910e4e276f4
[STDOUT  ] 2017-10-09T11:01:50.973673601Z: Removing intermediate container 96bebf9db1ee
[STDOUT  ] 2017-10-09T11:01:50.973722138Z: Step 9/12 : FROM alpine:3.5
[STDOUT  ] 2017-10-09T11:01:52.092533791Z: 3.5: Pulling from library/alpine
[STDOUT  ] 2017-10-09T11:01:52.509061373Z: 019300c8a437: Pulling fs layer
[STDOUT  ] 2017-10-09T11:01:53.02476102Z: 019300c8a437: Verifying Checksum
[STDOUT  ] 2017-10-09T11:01:53.024809507Z: 019300c8a437: Download complete
[STDOUT  ] 2017-10-09T11:01:53.270709978Z: 019300c8a437: Pull complete
[STDOUT  ] 2017-10-09T11:01:53.276945008Z: Digest: sha256:129a7f8c0fae8c3251a8df9370577d9d6b96ca6f1bea33ada677bc153d7b1867
[STDOUT  ] 2017-10-09T11:01:53.281543142Z: Status: Downloaded newer image for alpine:3.5
[STDOUT  ] 2017-10-09T11:01:53.281982693Z:  ---> 37c7be7a096b
[STDOUT  ] 2017-10-09T11:01:53.282042681Z: Step 10/12 : COPY --from=build /kmod/hello_world.ko /
[STDOUT  ] 2017-10-09T11:01:53.650841032Z:  ---> 69d518dff1c4
[STDOUT  ] 2017-10-09T11:01:53.655878288Z: Removing intermediate container 1cc3264e71d0
[STDOUT  ] 2017-10-09T11:01:53.655921968Z: Step 11/12 : COPY check.sh /check.sh
[STDOUT  ] 2017-10-09T11:01:54.013854281Z:  ---> 575fdd0f2e92
[STDOUT  ] 2017-10-09T11:01:54.019322057Z: Removing intermediate container 189584af3669
[STDOUT  ] 2017-10-09T11:01:54.019375482Z: Step 12/12 : ENTRYPOINT /bin/sh /check.sh
[STDOUT  ] 2017-10-09T11:01:54.088442945Z:  ---> Running in 936de731f32f
[STDOUT  ] 2017-10-09T11:01:54.231706309Z:  ---> a37e4d555715
[STDOUT  ] 2017-10-09T11:01:54.237207745Z: Removing intermediate container 936de731f32f
[STDOUT  ] 2017-10-09T11:01:54.237250389Z: Successfully built a37e4d555715
[STDOUT  ] 2017-10-09T11:01:54.240928267Z: Successfully tagged kmod-test:latest
[STDERR  ] 2017-10-09T11:01:54.273228564Z: + moby build -format kernel+initrd -name kmod test.yml
[STDERR  ] 2017-10-09T11:01:54.284061288Z: Extract kernel image: linuxkit/kernel:4.9.52
[STDERR  ] 2017-10-09T11:01:55.41993861Z: time="2017-10-09T11:01:55Z" level=warning msg="certificate with CN Rolf Neugebauer is near expiry" 
[STDERR  ] 2017-10-09T11:01:55.420404168Z: time="2017-10-09T11:01:55Z" level=warning msg="certificate with CN Moby CI is near expiry" 
[STDERR  ] 2017-10-09T11:01:55.444417364Z: time="2017-10-09T11:01:55Z" level=warning msg="certificate with CN Rolf Neugebauer is near expiry" 
[STDERR  ] 2017-10-09T11:01:56.16130151Z: Add init containers:
[STDERR  ] 2017-10-09T11:01:56.161367069Z: Process init image: linuxkit/init:7804129bd06218b72c298139a25698a748d253c6
[STDERR  ] 2017-10-09T11:01:57.43981786Z: time="2017-10-09T11:01:57Z" level=warning msg="certificate with CN Moby CI is near expiry" 
[STDERR  ] 2017-10-09T11:01:57.440095927Z: time="2017-10-09T11:01:57Z" level=warning msg="certificate with CN Rolf Neugebauer is near expiry" 
[STDERR  ] 2017-10-09T11:01:57.446108072Z: time="2017-10-09T11:01:57Z" level=warning msg="certificate with CN Rolf Neugebauer is near expiry" 
[STDERR  ] 2017-10-09T11:01:57.63805905Z: Process init image: linuxkit/runc:a1b564248a0d0b118c11e61db9f84ecf41dd2d2a
[STDERR  ] 2017-10-09T11:01:58.676262066Z: time="2017-10-09T11:01:58Z" level=warning msg="certificate with CN Moby CI is near expiry" 
[STDERR  ] 2017-10-09T11:01:58.676500419Z: time="2017-10-09T11:01:58Z" level=warning msg="certificate with CN Rolf Neugebauer is near expiry" 
[STDERR  ] 2017-10-09T11:01:58.680859589Z: time="2017-10-09T11:01:58Z" level=warning msg="certificate with CN Rolf Neugebauer is near expiry" 
[STDERR  ] 2017-10-09T11:01:58.880354363Z: Add onboot containers:
[STDERR  ] 2017-10-09T11:01:58.880420129Z:   Create OCI config for kmod-test
[STDERR  ] 2017-10-09T11:01:59.022511553Z:   Create OCI config for linuxkit/poweroff:1e9876c682c74d0602b7647c628bb0875fb13998
[STDERR  ] 2017-10-09T11:02:00.149665408Z: time="2017-10-09T11:02:00Z" level=warning msg="certificate with CN Rolf Neugebauer is near expiry" 
[STDERR  ] 2017-10-09T11:02:00.150040838Z: time="2017-10-09T11:02:00Z" level=warning msg="certificate with CN Moby CI is near expiry" 
[STDERR  ] 2017-10-09T11:02:00.152106034Z: time="2017-10-09T11:02:00Z" level=warning msg="certificate with CN Rolf Neugebauer is near expiry" 
[STDERR  ] 2017-10-09T11:02:00.322408684Z: Create outputs:
[STDERR  ] 2017-10-09T11:02:04.555677441Z:   kmod-kernel kmod-initrd.img kmod-cmdline
[STDERR  ] 2017-10-09T11:02:04.607308632Z: + linuxkit run kmod
[STDERR  ] 2017-10-09T11:02:04.625640948Z: Unable to find qemu-system-x86_64 within the $PATH. Using a container
[STDERR  ] 2017-10-09T11:02:25.245557351Z: + RESULT=[    0.000000] Linux version 4.9.52-linuxkit (root@8c8ea8e3851f) (gcc version 6.3.0 (Alpine 6.3.0) ) #1 SMP Mon Oct 2 14:33:48 UTC 2017
[STDERR  ] 2017-10-09T11:02:25.245706338Z: [    0.000000] Command line: console=ttyS0
[STDERR  ] 2017-10-09T11:02:25.245719259Z: [    0.000000] x86/fpu: Legacy x87 FPU detected.
[STDERR  ] 2017-10-09T11:02:25.245730189Z: [    0.000000] x86/fpu: Using 'eager' FPU context switches.
[STDERR  ] 2017-10-09T11:02:25.245768561Z: [    0.000000] e820: BIOS-provided physical RAM map:
[STDERR  ] 2017-10-09T11:02:25.245779671Z: [    0.000000] BIOS-e820: [mem 0x0000000000000000-0x000000000009fbff] usable
[STDERR  ] 2017-10-09T11:02:25.245791604Z: [    0.000000] BIOS-e820: [mem 0x000000000009fc00-0x000000000009ffff] reserved
[STDERR  ] 2017-10-09T11:02:25.245814654Z: [    0.000000] BIOS-e820: [mem 0x00000000000f0000-0x00000000000fffff] reserved
[STDERR  ] 2017-10-09T11:02:25.245824479Z: [    0.000000] BIOS-e820: [mem 0x0000000000100000-0x000000003ffdefff] usable
[STDERR  ] 2017-10-09T11:02:25.245834591Z: [    0.000000] BIOS-e820: [mem 0x000000003ffdf000-0x000000003fffffff] reserved
[STDERR  ] 2017-10-09T11:02:25.245843958Z: [    0.000000] BIOS-e820: [mem 0x00000000b0000000-0x00000000bfffffff] reserved
[STDERR  ] 2017-10-09T11:02:25.245853424Z: [    0.000000] BIOS-e820: [mem 0x00000000fed1c000-0x00000000fed1ffff] reserved
[STDERR  ] 2017-10-09T11:02:25.245863016Z: [    0.000000] BIOS-e820: [mem 0x00000000fffc0000-0x00000000ffffffff] reserved
[STDERR  ] 2017-10-09T11:02:25.245872934Z: [    0.000000] NX (Execute Disable) protection: active
[STDERR  ] 2017-10-09T11:02:25.245883584Z: [    0.000000] SMBIOS 2.8 present.
[STDERR  ] 2017-10-09T11:02:25.245892815Z: [    0.000000] e820: last_pfn = 0x3ffdf max_arch_pfn = 0x400000000
[STDERR  ] 2017-10-09T11:02:25.245902271Z: [    0.000000] x86/PAT: Configuration [0-7]: WB  WC  UC- UC  WB  WC  UC- WT  
[STDERR  ] 2017-10-09T11:02:25.245911774Z: [    0.000000] found SMP MP-table at [mem 0x000f6aa0-0x000f6aaf] mapped at [ffff981bc00f6aa0]
[STDERR  ] 2017-10-09T11:02:25.245922511Z: [    0.000000] RAMDISK: [mem 0x3e819000-0x3ffcffff]
[STDERR  ] 2017-10-09T11:02:25.245931608Z: [    0.000000] ACPI: Early table checksum verification disabled
[STDERR  ] 2017-10-09T11:02:25.245941111Z: [    0.000000] ACPI: RSDP 0x00000000000F68C0 000014 (v00 BOCHS )
[STDERR  ] 2017-10-09T11:02:25.245950541Z: [    0.000000] ACPI: RSDT 0x000000003FFE2404 000034 (v01 BOCHS  BXPCRSDT 00000001 BXPC 00000001)
[STDERR  ] 2017-10-09T11:02:25.245959881Z: [    0.000000] ACPI: FACP 0x000000003FFE22A4 000074 (v01 BOCHS  BXPCFACP 00000001 BXPC 00000001)
[STDERR  ] 2017-10-09T11:02:25.245968971Z: [    0.000000] ACPI: DSDT 0x000000003FFE0040 002264 (v01 BOCHS  BXPCDSDT 00000001 BXPC 00000001)
[STDERR  ] 2017-10-09T11:02:25.245978038Z: [    0.000000] ACPI: FACS 0x000000003FFE0000 000040
[STDERR  ] 2017-10-09T11:02:25.245987605Z: [    0.000000] ACPI: APIC 0x000000003FFE2318 000078 (v01 BOCHS  BXPCAPIC 00000001 BXPC 00000001)
[STDERR  ] 2017-10-09T11:02:25.246003531Z: [    0.000000] ACPI: HPET 0x000000003FFE2390 000038 (v01 BOCHS  BXPCHPET 00000001 BXPC 00000001)
[STDERR  ] 2017-10-09T11:02:25.246013101Z: [    0.000000] ACPI: MCFG 0x000000003FFE23C8 00003C (v01 BOCHS  BXPCMCFG 00000001 BXPC 00000001)
[STDERR  ] 2017-10-09T11:02:25.246022711Z: [    0.000000] Zone ranges:
[STDERR  ] 2017-10-09T11:02:25.246032448Z: [    0.000000]   DMA      [mem 0x0000000000001000-0x0000000000ffffff]
[STDERR  ] 2017-10-09T11:02:25.246042951Z: [    0.000000]   DMA32    [mem 0x0000000001000000-0x000000003ffdefff]
[STDERR  ] 2017-10-09T11:02:25.246053124Z: [    0.000000]   Normal   empty
[STDERR  ] 2017-10-09T11:02:25.246062546Z: [    0.000000] Movable zone start for each node
[STDERR  ] 2017-10-09T11:02:25.246071907Z: [    0.000000] Early memory node ranges
[STDERR  ] 2017-10-09T11:02:25.24608161Z: [    0.000000]   node   0: [mem 0x0000000000001000-0x000000000009efff]
[STDERR  ] 2017-10-09T11:02:25.24609149Z: [    0.000000]   node   0: [mem 0x0000000000100000-0x000000003ffdefff]
[STDERR  ] 2017-10-09T11:02:25.246101279Z: [    0.000000] Initmem setup node 0 [mem 0x0000000000001000-0x000000003ffdefff]
[STDERR  ] 2017-10-09T11:02:25.246110422Z: [    0.000000] ACPI: PM-Timer IO Port: 0x608
[STDERR  ] 2017-10-09T11:02:25.246120055Z: [    0.000000] ACPI: LAPIC_NMI (acpi_id[0xff] dfl dfl lint[0x1])
[STDERR  ] 2017-10-09T11:02:25.246129935Z: [    0.000000] IOAPIC[0]: apic_id 0, version 32, address 0xfec00000, GSI 0-23
[STDERR  ] 2017-10-09T11:02:25.246146612Z: [    0.000000] ACPI: INT_SRC_OVR (bus 0 bus_irq 0 global_irq 2 dfl dfl)
[STDERR  ] 2017-10-09T11:02:25.246156686Z: [    0.000000] ACPI: INT_SRC_OVR (bus 0 bus_irq 5 global_irq 5 high level)
[STDERR  ] 2017-10-09T11:02:25.246165867Z: [    0.000000] ACPI: INT_SRC_OVR (bus 0 bus_irq 9 global_irq 9 high level)
[STDERR  ] 2017-10-09T11:02:25.246181282Z: [    0.000000] ACPI: INT_SRC_OVR (bus 0 bus_irq 10 global_irq 10 high level)
[STDERR  ] 2017-10-09T11:02:25.246190787Z: [    0.000000] ACPI: INT_SRC_OVR (bus 0 bus_irq 11 global_irq 11 high level)
[STDERR  ] 2017-10-09T11:02:25.246200492Z: [    0.000000] Using ACPI (MADT) for SMP configuration information
[STDERR  ] 2017-10-09T11:02:25.246210125Z: [    0.000000] ACPI: HPET id: 0x8086a201 base: 0xfed00000
[STDERR  ] 2017-10-09T11:02:25.24621974Z: [    0.000000] smpboot: Allowing 1 CPUs, 0 hotplug CPUs
[STDERR  ] 2017-10-09T11:02:25.246229542Z: [    0.000000] e820: [mem 0x40000000-0xafffffff] available for PCI devices
[STDERR  ] 2017-10-09T11:02:25.246239159Z: [    0.000000] Booting paravirtualized kernel on bare hardware
[STDERR  ] 2017-10-09T11:02:25.246249322Z: [    0.000000] clocksource: refined-jiffies: mask: 0xffffffff max_cycles: 0xffffffff, max_idle_ns: 19112604462750000 ns
[STDERR  ] 2017-10-09T11:02:25.246262639Z: [    0.000000] setup_percpu: NR_CPUS:128 nr_cpumask_bits:128 nr_cpu_ids:1 nr_node_ids:1
[STDERR  ] 2017-10-09T11:02:25.246275997Z: [    0.000000] percpu: Embedded 35 pages/cpu @ffff981bfe600000 s105240 r8192 d29928 u2097152
[STDERR  ] 2017-10-09T11:02:25.246292167Z: [    0.000000] Built 1 zonelists in Zone order, mobility grouping on.  Total pages: 257896
[STDERR  ] 2017-10-09T11:02:25.246302382Z: [    0.000000] Kernel command line: console=ttyS0
[STDERR  ] 2017-10-09T11:02:25.246311605Z: [    0.000000] PID hash table entries: 4096 (order: 3, 32768 bytes)
[STDERR  ] 2017-10-09T11:02:25.246320799Z: [    0.000000] Dentry cache hash table entries: 131072 (order: 8, 1048576 bytes)
[STDERR  ] 2017-10-09T11:02:25.246331546Z: [    0.000000] Inode-cache hash table entries: 65536 (order: 7, 524288 bytes)
[STDERR  ] 2017-10-09T11:02:25.24634345Z: [    0.000000] Memory: 989888K/1048052K available (8035K kernel code, 1367K rwdata, 2696K rodata, 1380K init, 568K bss, 58164K reserved, 0K cma-reserved)
[STDERR  ] 2017-10-09T11:02:25.246366369Z: [    0.000000] Hierarchical RCU implementation.
[STDERR  ] 2017-10-09T11:02:25.246375712Z: [    0.000000] 	Build-time adjustment of leaf fanout to 64.
[STDERR  ] 2017-10-09T11:02:25.246390062Z: [    0.000000] 	RCU restricting CPUs from NR_CPUS=128 to nr_cpu_ids=1.
[STDERR  ] 2017-10-09T11:02:25.246400492Z: [    0.000000] RCU: Adjusting geometry for rcu_fanout_leaf=64, nr_cpu_ids=1
[STDERR  ] 2017-10-09T11:02:25.246410772Z: [    0.000000] NR_IRQS:8448 nr_irqs:256 16
[STDERR  ] 2017-10-09T11:02:25.246420747Z: [    0.000000] Console: colour VGA+ 80x25
[STDERR  ] 2017-10-09T11:02:25.246430472Z: [    0.000000] console [ttyS0] enabled
[STDERR  ] 2017-10-09T11:02:25.246440307Z: [    0.000000] clocksource: hpet: mask: 0xffffffff max_cycles: 0xffffffff, max_idle_ns: 19112604467 ns
[STDERR  ] 2017-10-09T11:02:25.246451117Z: [    0.000000] tsc: Fast TSC calibration using PIT
[STDERR  ] 2017-10-09T11:02:25.246460685Z: [    0.000000] tsc: Detected 2599.999 MHz processor
[STDERR  ] 2017-10-09T11:02:25.246799622Z: [    0.022451] Calibrating delay loop (skipped), value calculated using timer frequency.. 5199.99 BogoMIPS (lpj=25999990)
[STDERR  ] 2017-10-09T11:02:25.246821965Z: [    0.023711] pid_max: default: 32768 minimum: 301
[STDERR  ] 2017-10-09T11:02:25.246832089Z: [    0.024757] ACPI: Core revision 20160831
[STDERR  ] 2017-10-09T11:02:25.246842072Z: [    0.066397] ACPI: 1 ACPI AML tables successfully acquired and loaded
[STDERR  ] 2017-10-09T11:02:25.246851837Z: [    0.071452] Security Framework initialized
[STDERR  ] 2017-10-09T11:02:25.246861322Z: [    0.071881] Yama: becoming mindful.
[STDERR  ] 2017-10-09T11:02:25.24688501Z: [    0.073979] Mount-cache hash table entries: 2048 (order: 2, 16384 bytes)
[STDERR  ] 2017-10-09T11:02:25.246895707Z: [    0.074602] Mountpoint-cache hash table entries: 2048 (order: 2, 16384 bytes)
[STDERR  ] 2017-10-09T11:02:25.246906765Z: [    0.093755] Last level iTLB entries: 4KB 0, 2MB 0, 4MB 0
[STDERR  ] 2017-10-09T11:02:25.246916676Z: [    0.094264] Last level dTLB entries: 4KB 0, 2MB 0, 4MB 0, 1GB 0
[STDERR  ] 2017-10-09T11:02:25.246933576Z: [    0.391538] Freeing SMP alternatives memory: 20K
[STDERR  ] 2017-10-09T11:02:25.246943236Z: [    0.402091] ftrace: allocating 35516 entries in 139 pages
[STDERR  ] 2017-10-09T11:02:25.246952562Z: [    0.560444] smpboot: Max logical packages: 1
[STDERR  ] 2017-10-09T11:02:25.246962992Z: [    0.567626] ..TIMER: vector=0x30 apic1=0 pin1=2 apic2=-1 pin2=-1
[STDERR  ] 2017-10-09T11:02:25.246972765Z: [    0.670000] smpboot: CPU0: AMD QEMU Virtual CPU version 2.5+ (family: 0x6, model: 0x6, stepping: 0x3)
[STDERR  ] 2017-10-09T11:02:25.246983015Z: [    0.670000] Performance Events: PMU not available due to virtualization, using software events only.
[STDERR  ] 2017-10-09T11:02:25.246992542Z: [    0.679244] NMI watchdog: disabled (cpu0): hardware events not enabled
[STDERR  ] 2017-10-09T11:02:25.247004142Z: [    0.680092] NMI watchdog: Shutting down hard lockup detector on all cpus
[STDERR  ] 2017-10-09T11:02:25.24701354Z: [    0.683861] x86: Booted up 1 node, 1 CPUs
[STDERR  ] 2017-10-09T11:02:25.247023666Z: [    0.684278] smpboot: Total of 1 processors activated (5199.99 BogoMIPS)
[STDERR  ] 2017-10-09T11:02:25.247032995Z: [    0.697672] devtmpfs: initialized
[STDERR  ] 2017-10-09T11:02:25.247043612Z: [    0.702941] x86/mm: Memory block size: 128MB
[STDERR  ] 2017-10-09T11:02:25.247053239Z: [    0.767730] clocksource: jiffies: mask: 0xffffffff max_cycles: 0xffffffff, max_idle_ns: 19112604462750000 ns
[STDERR  ] 2017-10-09T11:02:25.247062862Z: [    0.768689] futex hash table entries: 256 (order: 2, 16384 bytes)
[STDERR  ] 2017-10-09T11:02:25.247072242Z: [    0.777789] NET: Registered protocol family 16
[STDERR  ] 2017-10-09T11:02:25.247081752Z: [    0.787023] cpuidle: using governor ladder
[STDERR  ] 2017-10-09T11:02:25.247091256Z: [    0.787548] cpuidle: using governor menu
[STDERR  ] 2017-10-09T11:02:25.247100486Z: [    0.788702] ACPI: bus type PCI registered
[STDERR  ] 2017-10-09T11:02:25.247112482Z: [    0.793200] PCI: MMCONFIG for domain 0000 [bus 00-ff] at [mem 0xb0000000-0xbfffffff] (base 0xb0000000)
[STDERR  ] 2017-10-09T11:02:25.247123086Z: [    0.793983] PCI: MMCONFIG at [mem 0xb0000000-0xbfffffff] reserved in E820
[STDERR  ] 2017-10-09T11:02:25.247137467Z: [    0.795449] PCI: Using configuration type 1 for base access
[STDERR  ] 2017-10-09T11:02:25.247147606Z: [    0.850676] HugeTLB registered 2 MB page size, pre-allocated 0 pages
[STDERR  ] 2017-10-09T11:02:25.247157362Z: [    0.862969] ACPI: Added _OSI(Module Device)
[STDERR  ] 2017-10-09T11:02:25.247166569Z: [    0.863366] ACPI: Added _OSI(Processor Device)
[STDERR  ] 2017-10-09T11:02:25.247178317Z: [    0.863701] ACPI: Added _OSI(3.0 _SCP Extensions)
[STDERR  ] 2017-10-09T11:02:25.247189025Z: [    0.864007] ACPI: Added _OSI(Processor Aggregator Device)
[STDERR  ] 2017-10-09T11:02:25.247199712Z: [    0.936367] ACPI: Interpreter enabled
[STDERR  ] 2017-10-09T11:02:25.247209435Z: [    0.937437] ACPI: (supports S0 S5)
[STDERR  ] 2017-10-09T11:02:25.24721867Z: [    0.937849] ACPI: Using IOAPIC for interrupt routing
[STDERR  ] 2017-10-09T11:02:25.247225502Z: [    0.940854] PCI: Using host bridge windows from ACPI; if necessary, use "pci=nocrs" and report a bug
[STDERR  ] 2017-10-09T11:02:25.247232709Z: [    1.002801] ACPI: PCI Root Bridge [PCI0] (domain 0000 [bus 00-ff])
[STDERR  ] 2017-10-09T11:02:25.247238995Z: [    1.004047] acpi PNP0A08:00: _OSC: OS supports [ExtendedConfig ASPM ClockPM Segments MSI]
[STDERR  ] 2017-10-09T11:02:25.24724499Z: [    1.011226] acpi PNP0A08:00: _OSC: OS now controls [PCIeHotplug PME PCIeCapability]
[STDERR  ] 2017-10-09T11:02:25.247250962Z: [    1.015055] PCI host bridge to bus 0000:00
[STDERR  ] 2017-10-09T11:02:25.247259077Z: [    1.015542] pci_bus 0000:00: root bus resource [io  0x0000-0x0cf7 window]
[STDERR  ] 2017-10-09T11:02:25.247266209Z: [    1.016061] pci_bus 0000:00: root bus resource [io  0x0d00-0xffff window]
[STDERR  ] 2017-10-09T11:02:25.247277729Z: [    1.016491] pci_bus 0000:00: root bus resource [mem 0x000a0000-0x000bffff window]
[STDERR  ] 2017-10-09T11:02:25.247287862Z: [    1.016992] pci_bus 0000:00: root bus resource [mem 0xc0000000-0xfebfffff window]
[STDERR  ] 2017-10-09T11:02:25.24730609Z: [    1.017678] pci_bus 0000:00: root bus resource [bus 00-ff]
[STDERR  ] 2017-10-09T11:02:25.24731632Z: [    1.125567] pci 0000:00:1f.0: quirk: [io  0x0600-0x067f] claimed by ICH6 ACPI/GPIO/TCO
[STDERR  ] 2017-10-09T11:02:25.247325839Z: [    1.189572] ACPI: PCI Interrupt Link [LNKA] (IRQs 5 *10 11)
[STDERR  ] 2017-10-09T11:02:25.247336885Z: [    1.192791] ACPI: PCI Interrupt Link [LNKB] (IRQs 5 *10 11)
[STDERR  ] 2017-10-09T11:02:25.247346346Z: [    1.194764] ACPI: PCI Interrupt Link [LNKC] (IRQs 5 10 *11)
[STDERR  ] 2017-10-09T11:02:25.247355842Z: [    1.196610] ACPI: PCI Interrupt Link [LNKD] (IRQs 5 10 *11)
[STDERR  ] 2017-10-09T11:02:25.247365569Z: [    1.198422] ACPI: PCI Interrupt Link [LNKE] (IRQs 5 *10 11)
[STDERR  ] 2017-10-09T11:02:25.247375257Z: [    1.201282] ACPI: PCI Interrupt Link [LNKF] (IRQs 5 *10 11)
[STDERR  ] 2017-10-09T11:02:25.247384845Z: [    1.203173] ACPI: PCI Interrupt Link [LNKG] (IRQs 5 10 *11)
[STDERR  ] 2017-10-09T11:02:25.247394219Z: [    1.205609] ACPI: PCI Interrupt Link [LNKH] (IRQs 5 10 *11)
[STDERR  ] 2017-10-09T11:02:25.247405362Z: [    1.206617] ACPI: PCI Interrupt Link [GSIA] (IRQs *16)
[STDERR  ] 2017-10-09T11:02:25.247416535Z: [    1.207433] ACPI: PCI Interrupt Link [GSIB] (IRQs *17)
[STDERR  ] 2017-10-09T11:02:25.247425956Z: [    1.208226] ACPI: PCI Interrupt Link [GSIC] (IRQs *18)
[STDERR  ] 2017-10-09T11:02:25.247435275Z: [    1.209055] ACPI: PCI Interrupt Link [GSID] (IRQs *19)
[STDERR  ] 2017-10-09T11:02:25.247444866Z: [    1.210107] ACPI: PCI Interrupt Link [GSIE] (IRQs *20)
[STDERR  ] 2017-10-09T11:02:25.247454586Z: [    1.210913] ACPI: PCI Interrupt Link [GSIF] (IRQs *21)
[STDERR  ] 2017-10-09T11:02:25.247464206Z: [    1.211723] ACPI: PCI Interrupt Link [GSIG] (IRQs *22)
[STDERR  ] 2017-10-09T11:02:25.247473747Z: [    1.212497] ACPI: PCI Interrupt Link [GSIH] (IRQs *23)
[STDERR  ] 2017-10-09T11:02:25.247483079Z: [    1.216324] ACPI: Enabled 2 GPEs in block 00 to 3F
[STDERR  ] 2017-10-09T11:02:25.247493702Z: [    1.220749] SCSI subsystem initialized
[STDERR  ] 2017-10-09T11:02:25.247503252Z: [    1.222679] ACPI: bus type USB registered
[STDERR  ] 2017-10-09T11:02:25.247516605Z: [    1.223845] usbcore: registered new interface driver usbfs
[STDERR  ] 2017-10-09T11:02:25.247526742Z: [    1.224847] usbcore: registered new interface driver hub
[STDERR  ] 2017-10-09T11:02:25.247536966Z: [    1.225715] usbcore: registered new device driver usb
[STDERR  ] 2017-10-09T11:02:25.247546585Z: [    1.226960] pps_core: LinuxPPS API ver. 1 registered
[STDERR  ] 2017-10-09T11:02:25.24755751Z: [    1.227322] pps_core: Software ver. 5.3.6 - Copyright 2005-2007 Rodolfo Giometti <giometti@linux.it>
[STDERR  ] 2017-10-09T11:02:25.247568227Z: [    1.228068] PTP clock support registered
[STDERR  ] 2017-10-09T11:02:25.247577572Z: [    1.229394] wmi: Mapper loaded
[STDERR  ] 2017-10-09T11:02:25.247587186Z: [    1.230795] PCI: Using ACPI for IRQ routing
[STDERR  ] 2017-10-09T11:02:25.247596372Z: [    1.248391] NetLabel: Initializing
[STDERR  ] 2017-10-09T11:02:25.247606762Z: [    1.248575] NetLabel:  domain hash size = 128
[STDERR  ] 2017-10-09T11:02:25.247618569Z: [    1.248967] NetLabel:  protocols = UNLABELED CIPSOv4
[STDERR  ] 2017-10-09T11:02:25.247628452Z: [    1.251950] NetLabel:  unlabeled traffic allowed by default
[STDERR  ] 2017-10-09T11:02:25.247637715Z: [    1.253233] HPET: 3 timers in total, 0 timers will be used for per-cpu timer
[STDERR  ] 2017-10-09T11:02:25.247647772Z: [    1.254175] hpet0: at MMIO 0xfed00000, IRQs 2, 8, 0
[STDERR  ] 2017-10-09T11:02:25.247657039Z: [    1.254787] hpet0: 3 comparators, 64-bit 100.000000 MHz counter
[STDERR  ] 2017-10-09T11:02:25.247666565Z: [    1.261618] clocksource: Switched to clocksource hpet
[STDERR  ] 2017-10-09T11:02:25.247678812Z: [    1.525541] VFS: Disk quotas dquot_6.6.0
[STDERR  ] 2017-10-09T11:02:25.247688616Z: [    1.526445] VFS: Dquot-cache hash table entries: 512 (order 0, 4096 bytes)
[STDERR  ] 2017-10-09T11:02:25.247703312Z: [    1.530665] FS-Cache: Loaded
[STDERR  ] 2017-10-09T11:02:25.247712686Z: [    1.535692] CacheFiles: Loaded
[STDERR  ] 2017-10-09T11:02:25.247722382Z: [    1.537333] pnp: PnP ACPI init
[STDERR  ] 2017-10-09T11:02:25.247731657Z: [    1.548680] pnp: PnP ACPI: found 5 devices
[STDERR  ] 2017-10-09T11:02:25.247748062Z: [    1.598405] clocksource: acpi_pm: mask: 0xffffff max_cycles: 0xffffff, max_idle_ns: 2085701024 ns
[STDERR  ] 2017-10-09T11:02:25.247760907Z: [    1.602855] NET: Registered protocol family 2
[STDERR  ] 2017-10-09T11:02:25.247770737Z: [    1.610429] TCP established hash table entries: 8192 (order: 4, 65536 bytes)
[STDERR  ] 2017-10-09T11:02:25.247780506Z: [    1.611323] TCP bind hash table entries: 8192 (order: 5, 131072 bytes)
[STDERR  ] 2017-10-09T11:02:25.247790322Z: [    1.612093] TCP: Hash tables configured (established 8192 bind 8192)
[STDERR  ] 2017-10-09T11:02:25.247801897Z: [    1.613990] UDP hash table entries: 512 (order: 2, 16384 bytes)
[STDERR  ] 2017-10-09T11:02:25.247811392Z: [    1.614563] UDP-Lite hash table entries: 512 (order: 2, 16384 bytes)
[STDERR  ] 2017-10-09T11:02:25.24782086Z: [    1.617026] NET: Registered protocol family 1
[STDERR  ] 2017-10-09T11:02:25.247832227Z: [    1.618041] pci 0000:00:01.0: Video device with shadowed ROM at [mem 0x000c0000-0x000dffff]
[STDERR  ] 2017-10-09T11:02:25.247842572Z: [    1.625231] Unpacking initramfs...
[STDERR  ] 2017-10-09T11:02:25.247852677Z: [    4.776032] Freeing initrd memory: 24284K
[STDERR  ] 2017-10-09T11:02:25.247862372Z: [    4.801911] PCLMULQDQ-NI instructions are not detected.
[STDERR  ] 2017-10-09T11:02:25.247871849Z: [    4.803498] AVX or AES-NI instructions are not detected.
[STDERR  ] 2017-10-09T11:02:25.247882462Z: [    4.803981] CPU feature 'AVX registers' is not supported.
[STDERR  ] 2017-10-09T11:02:25.247891662Z: [    4.804405] CPU feature 'AVX registers' is not supported.
[STDERR  ] 2017-10-09T11:02:25.247900712Z: [    4.804880] CPU feature 'AVX registers' is not supported.
[STDERR  ] 2017-10-09T11:02:25.247910106Z: [    4.805300] CPU feature 'AVX registers' is not supported.
[STDERR  ] 2017-10-09T11:02:25.247919582Z: [    4.805756] AVX2 or AES-NI instructions are not detected.
[STDERR  ] 2017-10-09T11:02:25.247933582Z: [    4.806201] AVX2 instructions are not detected.
[STDERR  ] 2017-10-09T11:02:25.247947482Z: [    4.812951] audit: initializing netlink subsys (disabled)
[STDERR  ] 2017-10-09T11:02:25.247957562Z: [    4.815121] audit: type=2000 audit(1507546930.810:1): initialized
[STDERR  ] 2017-10-09T11:02:25.24796691Z: [    4.822955] workingset: timestamp_bits=46 max_order=18 bucket_order=0
[STDERR  ] 2017-10-09T11:02:25.247976345Z: [    4.832236] FS-Cache: Netfs 'cifs' registered for caching
[STDERR  ] 2017-10-09T11:02:25.247985445Z: [    4.833256] fuse init (API version 7.26)
[STDERR  ] 2017-10-09T11:02:25.247997162Z: [    4.835616] SGI XFS with ACLs, security attributes, no debug enabled
[STDERR  ] 2017-10-09T11:02:25.2480071Z: [    4.840720] 9p: Installing v9fs 9p2000 file system support
[STDERR  ] 2017-10-09T11:02:25.248020402Z: [    4.841312] FS-Cache: Netfs '9p' registered for caching
[STDERR  ] 2017-10-09T11:02:25.248029887Z: [    4.874536] NET: Registered protocol family 38
[STDERR  ] 2017-10-09T11:02:25.248039512Z: [    4.875142] Key type asymmetric registered
[STDERR  ] 2017-10-09T11:02:25.248049142Z: [    4.875521] Asymmetric key parser 'x509' registered
[STDERR  ] 2017-10-09T11:02:25.24805837Z: [    4.876604] Block layer SCSI generic (bsg) driver version 0.4 loaded (major 251)
[STDERR  ] 2017-10-09T11:02:25.248068496Z: [    4.878341] io scheduler noop registered
[STDERR  ] 2017-10-09T11:02:25.24807935Z: [    4.878650] io scheduler deadline registered (default)
[STDERR  ] 2017-10-09T11:02:25.248088912Z: [    4.879641] io scheduler cfq registered
[STDERR  ] 2017-10-09T11:02:25.248098322Z: [    4.884115] pci_hotplug: PCI Hot Plug PCI Core version: 0.5
[STDERR  ] 2017-10-09T11:02:25.248109496Z: [    4.884919] pciehp: PCI Express Hot Plug Controller Driver version: 0.4
[STDERR  ] 2017-10-09T11:02:25.248124082Z: [    4.885754] shpchp: Standard Hot Plug PCI Controller Driver version: 0.4
[STDERR  ] 2017-10-09T11:02:25.248133952Z: [    4.886643] hv_vmbus: registering driver hyperv_fb
[STDERR  ] 2017-10-09T11:02:25.248144397Z: [    4.889728] input: Power Button as /devices/LNXSYSTM:00/LNXPWRBN:00/input/input0
[STDERR  ] 2017-10-09T11:02:25.248155453Z: [    4.891680] ACPI: Power Button [PWRF]
[STDERR  ] 2017-10-09T11:02:25.248165108Z: [    4.896358] GHES: HEST is not enabled!
[STDERR  ] 2017-10-09T11:02:25.248176011Z: [    4.908377] ACPI: PCI Interrupt Link [GSIG] enabled at IRQ 22
[STDERR  ] 2017-10-09T11:02:25.248186073Z: [    4.920857] ACPI: PCI Interrupt Link [GSIH] enabled at IRQ 23
[STDERR  ] 2017-10-09T11:02:25.248195487Z: [    4.926538] xenfs: not registering filesystem on non-xen platform
[STDERR  ] 2017-10-09T11:02:25.248204673Z: [    4.928799] Serial: 8250/16550 driver, 4 ports, IRQ sharing disabled
[STDERR  ] 2017-10-09T11:02:25.248216637Z: [    4.954358] 00:04: ttyS0 at I/O 0x3f8 (irq = 4, base_baud = 115200) is a 16550A
[STDERR  ] 2017-10-09T11:02:25.248227036Z: [    4.966420] Non-volatile memory driver v1.3
[STDERR  ] 2017-10-09T11:02:25.248239801Z: [    4.972672] Hangcheck: starting hangcheck timer 0.9.1 (tick is 180 seconds, margin is 60 seconds).
[STDERR  ] 2017-10-09T11:02:25.248250116Z: [    4.977811] random: fast init done
[STDERR  ] 2017-10-09T11:02:25.24825928Z: [    5.010769] loop: module loaded
[STDERR  ] 2017-10-09T11:02:25.248268356Z: [    5.026930] nbd: registered device at major 43
[STDERR  ] 2017-10-09T11:02:25.24827782Z: [    5.069573] lpc_ich 0000:00:1f.0: I/O space for GPIO uninitialized
[STDERR  ] 2017-10-09T11:02:25.248287058Z: [    5.072395] VMware PVSCSI driver - version 1.0.7.0-k
[STDERR  ] 2017-10-09T11:02:25.248296556Z: [    5.073402] hv_vmbus: registering driver hv_storvsc
[STDERR  ] 2017-10-09T11:02:25.248306066Z: [    5.083409] ACPI: PCI Interrupt Link [GSIA] enabled at IRQ 16
[STDERR  ] 2017-10-09T11:02:25.24831647Z: [    5.089967] ahci 0000:00:1f.2: AHCI 0001.0000 32 slots 6 ports 1.5 Gbps 0x3f impl SATA mode
[STDERR  ] 2017-10-09T11:02:25.248327806Z: [    5.091114] ahci 0000:00:1f.2: flags: 64bit ncq only 
[STDERR  ] 2017-10-09T11:02:25.248342818Z: [    5.111351] scsi host0: ahci
[STDERR  ] 2017-10-09T11:02:25.248352386Z: [    5.116712] scsi host1: ahci
[STDERR  ] 2017-10-09T11:02:25.248361793Z: [    5.119083] scsi host2: ahci
[STDERR  ] 2017-10-09T11:02:25.248372727Z: [    5.121561] scsi host3: ahci
[STDERR  ] 2017-10-09T11:02:25.248382206Z: [    5.123713] scsi host4: ahci
[STDERR  ] 2017-10-09T11:02:25.248391973Z: [    5.125944] scsi host5: ahci
[STDERR  ] 2017-10-09T11:02:25.248401503Z: [    5.127849] ata1: SATA max UDMA/133 abar m4096@0xfebd2000 port 0xfebd2100 irq 24
[STDERR  ] 2017-10-09T11:02:25.248411491Z: [    5.128426] ata2: SATA max UDMA/133 abar m4096@0xfebd2000 port 0xfebd2180 irq 24
[STDERR  ] 2017-10-09T11:02:25.248421291Z: [    5.128950] ata3: SATA max UDMA/133 abar m4096@0xfebd2000 port 0xfebd2200 irq 24
[STDERR  ] 2017-10-09T11:02:25.248430486Z: [    5.129405] ata4: SATA max UDMA/133 abar m4096@0xfebd2000 port 0xfebd2280 irq 24
[STDERR  ] 2017-10-09T11:02:25.248439696Z: [    5.129892] ata5: SATA max UDMA/133 abar m4096@0xfebd2000 port 0xfebd2300 irq 24
[STDERR  ] 2017-10-09T11:02:25.248448751Z: [    5.130712] ata6: SATA max UDMA/133 abar m4096@0xfebd2000 port 0xfebd2380 irq 24
[STDERR  ] 2017-10-09T11:02:25.248459767Z: [    5.144276] tun: Universal TUN/TAP device driver, 1.6
[STDERR  ] 2017-10-09T11:02:25.248472021Z: [    5.144704] tun: (C) 1999-2004 Max Krasnyansky <maxk@qualcomm.com>
[STDERR  ] 2017-10-09T11:02:25.24848152Z: [    5.155523] VMware vmxnet3 virtual NIC driver - version 1.4.a.0-k-NAPI
[STDERR  ] 2017-10-09T11:02:25.248490883Z: [    5.156511] hv_vmbus: registering driver hv_netvsc
[STDERR  ] 2017-10-09T11:02:25.248500418Z: [    5.156910] Fusion MPT base driver 3.04.20
[STDERR  ] 2017-10-09T11:02:25.248509923Z: [    5.157204] Copyright (c) 1999-2008 LSI Corporation
[STDERR  ] 2017-10-09T11:02:25.248519336Z: [    5.157799] Fusion MPT SPI Host driver 3.04.20
[STDERR  ] 2017-10-09T11:02:25.248533351Z: [    5.159823] i8042: PNP: PS/2 Controller [PNP0303:KBD,PNP0f13:MOU] at 0x60,0x64 irq 1,12
[STDERR  ] 2017-10-09T11:02:25.248543973Z: [    5.164551] serio: i8042 KBD port at 0x60,0x64 irq 1
[STDERR  ] 2017-10-09T11:02:25.248553657Z: [    5.165344] serio: i8042 AUX port at 0x60,0x64 irq 12
[STDERR  ] 2017-10-09T11:02:25.248563236Z: [    5.168467] hv_vmbus: registering driver hyperv_keyboard
[STDERR  ] 2017-10-09T11:02:25.248572728Z: [    5.171076] mousedev: PS/2 mouse device common for all mice
[STDERR  ] 2017-10-09T11:02:25.24858345Z: [    5.175756] input: AT Translated Set 2 keyboard as /devices/platform/i8042/serio0/input/input1
[STDERR  ] 2017-10-09T11:02:25.2485933Z: [    5.178730] input: PC Speaker as /devices/platform/pcspkr/input/input2
[STDERR  ] 2017-10-09T11:02:25.248602597Z: [    5.182811] rtc_cmos 00:00: RTC can wake from S4
[STDERR  ] 2017-10-09T11:02:25.248614883Z: [    5.186101] rtc_cmos 00:00: rtc core: registered rtc_cmos as rtc0
[STDERR  ] 2017-10-09T11:02:25.248625441Z: [    5.187598] rtc_cmos 00:00: alarms up to one day, y3k, 114 bytes nvram, hpet irqs
[STDERR  ] 2017-10-09T11:02:25.248635098Z: [    5.188364] i2c /dev entries driver
[STDERR  ] 2017-10-09T11:02:25.248647396Z: [    5.190662] device-mapper: ioctl: 4.35.0-ioctl (2016-06-23) initialised: dm-devel@redhat.com
[STDERR  ] 2017-10-09T11:02:25.248657357Z: [    5.195098] usbcore: registered new interface driver usbhid
[STDERR  ] 2017-10-09T11:02:25.248667071Z: [    5.195536] usbhid: USB HID core driver
[STDERR  ] 2017-10-09T11:02:25.248676583Z: [    5.196195] hv_utils: Registering HyperV Utility Driver
[STDERR  ] 2017-10-09T11:02:25.248686073Z: [    5.196547] hv_vmbus: registering driver hv_util
[STDERR  ] 2017-10-09T11:02:25.248695408Z: [    5.196870] hv_vmbus: registering driver hv_balloon
[STDERR  ] 2017-10-09T11:02:25.248705148Z: [    5.197442] oprofile: using NMI interrupt.
[STDERR  ] 2017-10-09T11:02:25.248714448Z: [    5.198639] GACT probability on
[STDERR  ] 2017-10-09T11:02:25.248723987Z: [    5.199131] Mirror/redirect action on
[STDERR  ] 2017-10-09T11:02:25.248740963Z: [    5.199959] Simple TC action Loaded
[STDERR  ] 2017-10-09T11:02:25.248755851Z: [    5.200927] u32 classifier
[STDERR  ] 2017-10-09T11:02:25.248765456Z: [    5.201147]     Performance counters on
[STDERR  ] 2017-10-09T11:02:25.24877671Z: [    5.201427]     input device check on
[STDERR  ] 2017-10-09T11:02:25.24878666Z: [    5.201665]     Actions configured
[STDERR  ] 2017-10-09T11:02:25.248796243Z: [    5.202333] Netfilter messages via NETLINK v0.30.
[STDERR  ] 2017-10-09T11:02:25.248805758Z: [    5.203192] nfnl_acct: registering with nfnetlink.
[STDERR  ] 2017-10-09T11:02:25.248816613Z: [    5.204550] nf_conntrack version 0.5.0 (8192 buckets, 32768 max)
[STDERR  ] 2017-10-09T11:02:25.248826241Z: [    5.207616] ctnetlink v0.93: registering with nfnetlink.
[STDERR  ] 2017-10-09T11:02:25.24883566Z: [    5.211077] nf_tables: (c) 2007-2009 Patrick McHardy <kaber@trash.net>
[STDERR  ] 2017-10-09T11:02:25.248845507Z: [    5.211959] nf_tables_compat: (c) 2012 Pablo Neira Ayuso <pablo@netfilter.org>
[STDERR  ] 2017-10-09T11:02:25.248854946Z: [    5.214382] xt_time: kernel timezone is -0000
[STDERR  ] 2017-10-09T11:02:25.248866133Z: [    5.215011] ip_set: protocol 6
[STDERR  ] 2017-10-09T11:02:25.248875978Z: [    5.215707] IPVS: Registered protocols (TCP, UDP, SCTP, AH, ESP)
[STDERR  ] 2017-10-09T11:02:25.248885191Z: [    5.216340] IPVS: Connection hash table configured (size=4096, memory=64Kbytes)
[STDERR  ] 2017-10-09T11:02:25.248895923Z: [    5.218232] IPVS: Creating netns size=2104 id=0
[STDERR  ] 2017-10-09T11:02:25.248916256Z: [    5.221551] IPVS: ipvs loaded.
[STDERR  ] 2017-10-09T11:02:25.248929563Z: [    5.221987] IPVS: [rr] scheduler registered.
[STDERR  ] 2017-10-09T11:02:25.248939403Z: [    5.222346] IPVS: [wrr] scheduler registered.
[STDERR  ] 2017-10-09T11:02:25.248948523Z: [    5.222601] IPVS: [lc] scheduler registered.
[STDERR  ] 2017-10-09T11:02:25.248958447Z: [    5.222895] IPVS: [wlc] scheduler registered.
[STDERR  ] 2017-10-09T11:02:25.248976748Z: [    5.223203] IPVS: [fo] scheduler registered.
[STDERR  ] 2017-10-09T11:02:25.248986483Z: [    5.223505] IPVS: [ovf] scheduler registered.
[STDERR  ] 2017-10-09T11:02:25.248996027Z: [    5.224003] IPVS: [lblc] scheduler registered.
[STDERR  ] 2017-10-09T11:02:25.249005626Z: [    5.224447] IPVS: [lblcr] scheduler registered.
[STDERR  ] 2017-10-09T11:02:25.249026761Z: [    5.224780] IPVS: [dh] scheduler registered.
[STDERR  ] 2017-10-09T11:02:25.249039908Z: [    5.225074] IPVS: [sh] scheduler registered.
[STDERR  ] 2017-10-09T11:02:25.249049401Z: [    5.225353] IPVS: [sed] scheduler registered.
[STDERR  ] 2017-10-09T11:02:25.249058803Z: [    5.225677] IPVS: [nq] scheduler registered.
[STDERR  ] 2017-10-09T11:02:25.249067757Z: [    5.226504] IPVS: ftp: loaded support on port[0] = 21
[STDERR  ] 2017-10-09T11:02:25.249077241Z: [    5.227518] ipip: IPv4 and MPLS over IPv4 tunneling driver
[STDERR  ] 2017-10-09T11:02:25.24908674Z: [    5.232186] gre: GRE over IPv4 demultiplexor driver
[STDERR  ] 2017-10-09T11:02:25.24909868Z: [    5.235095] ip_tables: (C) 2000-2006 Netfilter Core Team
[STDERR  ] 2017-10-09T11:02:25.2491086Z: [    5.238446] ipt_CLUSTERIP: ClusterIP Version 0.8 loaded successfully
[STDERR  ] 2017-10-09T11:02:25.249118898Z: [    5.239229] arp_tables: arp_tables: (C) 2002 David S. Miller
[STDERR  ] 2017-10-09T11:02:25.249128686Z: [    5.242041] NET: Registered protocol family 10
[STDERR  ] 2017-10-09T11:02:25.249138033Z: [    5.251587] ip6_tables: (C) 2000-2006 Netfilter Core Team
[STDERR  ] 2017-10-09T11:02:25.249147246Z: [    5.259519] NET: Registered protocol family 17
[STDERR  ] 2017-10-09T11:02:25.249156981Z: [    5.261148] Bridge firewalling registered
[STDERR  ] 2017-10-09T11:02:25.249166388Z: [    5.261733] Ebtables v2.0 registered
[STDERR  ] 2017-10-09T11:02:25.249176283Z: [    5.263870] 8021q: 802.1Q VLAN Support v1.8
[STDERR  ] 2017-10-09T11:02:25.249186463Z: [    5.265575] 9pnet: Installing 9P2000 support
[STDERR  ] 2017-10-09T11:02:25.249196406Z: [    5.267089] Key type dns_resolver registered
[STDERR  ] 2017-10-09T11:02:25.249207038Z: [    5.268215] microcode: AMD CPU family 0x6 not supported
[STDERR  ] 2017-10-09T11:02:25.249222557Z: [    5.272486] registered taskstats version 1
[STDERR  ] 2017-10-09T11:02:25.249233973Z: [    5.436512] Key type big_key registered
[STDERR  ] 2017-10-09T11:02:25.249244708Z: [    5.462774] ata2: SATA link down (SStatus 0 SControl 300)
[STDERR  ] 2017-10-09T11:02:25.249254563Z: [    5.465649] ata1: SATA link down (SStatus 0 SControl 300)
[STDERR  ] 2017-10-09T11:02:25.24926423Z: [    5.472012] ata6: SATA link down (SStatus 0 SControl 300)
[STDERR  ] 2017-10-09T11:02:25.249274101Z: [    5.472855] ata5: SATA link down (SStatus 0 SControl 300)
[STDERR  ] 2017-10-09T11:02:25.249284566Z: [    5.473354] ata4: SATA link down (SStatus 0 SControl 300)
[STDERR  ] 2017-10-09T11:02:25.249295766Z: [    5.474232] ata3: SATA link up 1.5 Gbps (SStatus 113 SControl 300)
[STDERR  ] 2017-10-09T11:02:25.249305721Z: [    5.477680] ata3.00: ATAPI: QEMU DVD-ROM, 2.5+, max UDMA/100
[STDERR  ] 2017-10-09T11:02:25.249315657Z: [    5.478219] ata3.00: applying bridge limits
[STDERR  ] 2017-10-09T11:02:25.249325921Z: [    5.483087] ata3.00: configured for UDMA/100
[STDERR  ] 2017-10-09T11:02:25.249335317Z: [    5.499395] scsi 2:0:0:0: CD-ROM            QEMU     QEMU DVD-ROM     2.5+ PQ: 0 ANSI: 5
[STDERR  ] 2017-10-09T11:02:25.24934546Z: [    5.533063] sr 2:0:0:0: [sr0] scsi3-mmc drive: 4x/4x cd/rw xa/form2 tray
[STDERR  ] 2017-10-09T11:02:25.249355927Z: [    5.533781] cdrom: Uniform CD-ROM driver Revision: 3.20
[STDERR  ] 2017-10-09T11:02:25.249365556Z: [    5.537458] Key type encrypted registered
[STDERR  ] 2017-10-09T11:02:25.249375708Z: [    5.543301] rtc_cmos 00:00: setting system clock to 2017-10-09 11:02:12 UTC (1507546932)
[STDERR  ] 2017-10-09T11:02:25.249388521Z: [    5.554538] sr 2:0:0:0: Attached scsi generic sg0 type 5
[STDERR  ] 2017-10-09T11:02:25.249398716Z: [    5.697483] Freeing unused kernel memory: 1380K
[STDERR  ] 2017-10-09T11:02:25.249414458Z: [    5.697764] Write protecting the kernel read-only data: 12288k
[STDERR  ] 2017-10-09T11:02:25.249427907Z: [    5.705817] Freeing unused kernel memory: 140K
[STDERR  ] 2017-10-09T11:02:25.249437427Z: [    5.821450] Freeing unused kernel memory: 1400K
[STDERR  ] 2017-10-09T11:02:25.249446363Z: [    5.840988] tsc: Refined TSC clocksource calibration: 2600.000 MHz
[STDERR  ] 2017-10-09T11:02:25.249456167Z: [    5.841570] clocksource: tsc: mask: 0xffffffffffffffff max_cycles: 0x257a3c3232d, max_idle_ns: 440795236700 ns
[STDERR  ] 2017-10-09T11:02:25.249466218Z: [    6.860469] clocksource: Switched to clocksource tsc
[STDERR  ] 2017-10-09T11:02:25.249475631Z: 
[STDERR  ] 2017-10-09T11:02:25.249485241Z: Welcome to LinuxKit
[STDERR  ] 2017-10-09T11:02:25.249494501Z: 
[STDERR  ] 2017-10-09T11:02:25.249504228Z:                         ##         .
[STDERR  ] 2017-10-09T11:02:25.249517Z:                   ## ## ##        ==
[STDERR  ] 2017-10-09T11:02:25.249525727Z:                ## ## ## ## ##    ===
[STDERR  ] 2017-10-09T11:02:25.249534586Z:            /"""""""""""""""""\___/ ===
[STDERR  ] 2017-10-09T11:02:25.249543927Z:           {                       /  ===-
[STDERR  ] 2017-10-09T11:02:25.249552913Z:            \______ O           __/
[STDERR  ] 2017-10-09T11:02:25.249561563Z:              \    \         __/
[STDERR  ] 2017-10-09T11:02:25.249578883Z:               \____\_______/
[STDERR  ] 2017-10-09T11:02:25.249590523Z: 
[STDERR  ] 2017-10-09T11:02:25.24962799Z: Linux linuxkit-2e5d496e9ee9 4.9.52-linuxkit #1 SMP Mon Oct 2 14:33:48 UTC 2017 x86_64 Linux
[STDERR  ] 2017-10-09T11:02:25.249655206Z: filename:       hello_world.ko
[STDERR  ] 2017-10-09T11:02:25.249665423Z: author:         Rolf Neugebauer <rolf.neugebauer@docker.com>
[STDERR  ] 2017-10-09T11:02:25.249674936Z: description:    A simple Hello World kernel module for testing
[STDERR  ] 2017-10-09T11:02:25.249684457Z: license:        GPL
[STDERR  ] 2017-10-09T11:02:25.249693808Z: depends:        
[STDERR  ] 2017-10-09T11:02:25.249704731Z: vermagic:       4.9.52-linuxkit SMP mod_unload 
[STDERR  ] 2017-10-09T11:02:25.24971431Z: [   13.406105] hello_world: loading out-of-tree module taints kernel.
[STDERR  ] 2017-10-09T11:02:25.249728667Z: [   13.409845] Hello LinuxKit
[STDERR  ] 2017-10-09T11:02:25.249747123Z: [   13.508028] Goodbye LinuxKit.
[STDERR  ] 2017-10-09T11:02:25.249757048Z: Kernel module test suite PASSED
[STDERR  ] 2017-10-09T11:02:25.249766581Z: [   18.092275] ACPI: Preparing to enter system sleep state S5
[STDERR  ] 2017-10-09T11:02:25.24977543Z: [   18.094096] reboot: Power down
[STDERR  ] 2017-10-09T11:02:25.249787416Z: + grep -q Hello LinuxKit
[STDERR  ] 2017-10-09T11:02:25.24979703Z: + echo [    0.000000] Linux version 4.9.52-linuxkit (root@8c8ea8e3851f) (gcc version 6.3.0 (Alpine 6.3.0) ) #1 SMP Mon Oct 2 14:33:48 UTC 2017
[STDERR  ] 2017-10-09T11:02:25.249806891Z: [    0.000000] Command line: console=ttyS0
[STDERR  ] 2017-10-09T11:02:25.249816371Z: [    0.000000] x86/fpu: Legacy x87 FPU detected.
[STDERR  ] 2017-10-09T11:02:25.249827383Z: [    0.000000] x86/fpu: Using 'eager' FPU context switches.
[STDERR  ] 2017-10-09T11:02:25.249837026Z: [    0.000000] e820: BIOS-provided physical RAM map:
[STDERR  ] 2017-10-09T11:02:25.249845876Z: [    0.000000] BIOS-e820: [mem 0x0000000000000000-0x000000000009fbff] usable
[STDERR  ] 2017-10-09T11:02:25.249855653Z: [    0.000000] BIOS-e820: [mem 0x000000000009fc00-0x000000000009ffff] reserved
[STDERR  ] 2017-10-09T11:02:25.249865598Z: [    0.000000] BIOS-e820: [mem 0x00000000000f0000-0x00000000000fffff] reserved
[STDERR  ] 2017-10-09T11:02:25.249876596Z: [    0.000000] BIOS-e820: [mem 0x0000000000100000-0x000000003ffdefff] usable
[STDERR  ] 2017-10-09T11:02:25.249885753Z: [    0.000000] BIOS-e820: [mem 0x000000003ffdf000-0x000000003fffffff] reserved
[STDERR  ] 2017-10-09T11:02:25.249895921Z: [    0.000000] BIOS-e820: [mem 0x00000000b0000000-0x00000000bfffffff] reserved
[STDERR  ] 2017-10-09T11:02:25.249906543Z: [    0.000000] BIOS-e820: [mem 0x00000000fed1c000-0x00000000fed1ffff] reserved
[STDERR  ] 2017-10-09T11:02:25.249921916Z: [    0.000000] BIOS-e820: [mem 0x00000000fffc0000-0x00000000ffffffff] reserved
[STDERR  ] 2017-10-09T11:02:25.249933466Z: [    0.000000] NX (Execute Disable) protection: active
[STDERR  ] 2017-10-09T11:02:25.249944093Z: [    0.000000] SMBIOS 2.8 present.
[STDERR  ] 2017-10-09T11:02:25.249957903Z: [    0.000000] e820: last_pfn = 0x3ffdf max_arch_pfn = 0x400000000
[STDERR  ] 2017-10-09T11:02:25.249968871Z: [    0.000000] x86/PAT: Configuration [0-7]: WB  WC  UC- UC  WB  WC  UC- WT  
[STDERR  ] 2017-10-09T11:02:25.249982334Z: [    0.000000] found SMP MP-table at [mem 0x000f6aa0-0x000f6aaf] mapped at [ffff981bc00f6aa0]
[STDERR  ] 2017-10-09T11:02:25.250000039Z: [    0.000000] RAMDISK: [mem 0x3e819000-0x3ffcffff]
[STDERR  ] 2017-10-09T11:02:25.250013401Z: [    0.000000] ACPI: Early table checksum verification disabled
[STDERR  ] 2017-10-09T11:02:25.250024087Z: [    0.000000] ACPI: RSDP 0x00000000000F68C0 000014 (v00 BOCHS )
[STDERR  ] 2017-10-09T11:02:25.250033934Z: [    0.000000] ACPI: RSDT 0x000000003FFE2404 000034 (v01 BOCHS  BXPCRSDT 00000001 BXPC 00000001)
[STDERR  ] 2017-10-09T11:02:25.250043312Z: [    0.000000] ACPI: FACP 0x000000003FFE22A4 000074 (v01 BOCHS  BXPCFACP 00000001 BXPC 00000001)
[STDERR  ] 2017-10-09T11:02:25.250052568Z: [    0.000000] ACPI: DSDT 0x000000003FFE0040 002264 (v01 BOCHS  BXPCDSDT 00000001 BXPC 00000001)
[STDERR  ] 2017-10-09T11:02:25.250061888Z: [    0.000000] ACPI: FACS 0x000000003FFE0000 000040
[STDERR  ] 2017-10-09T11:02:25.250071939Z: [    0.000000] ACPI: APIC 0x000000003FFE2318 000078 (v01 BOCHS  BXPCAPIC 00000001 BXPC 00000001)
[STDERR  ] 2017-10-09T11:02:25.250082257Z: [    0.000000] ACPI: HPET 0x000000003FFE2390 000038 (v01 BOCHS  BXPCHPET 00000001 BXPC 00000001)
[STDERR  ] 2017-10-09T11:02:25.250097074Z: [    0.000000] ACPI: MCFG 0x000000003FFE23C8 00003C (v01 BOCHS  BXPCMCFG 00000001 BXPC 00000001)
[STDERR  ] 2017-10-09T11:02:25.250114304Z: [    0.000000] Zone ranges:
[STDERR  ] 2017-10-09T11:02:25.250125974Z: [    0.000000]   DMA      [mem 0x0000000000001000-0x0000000000ffffff]
[STDERR  ] 2017-10-09T11:02:25.250137289Z: [    0.000000]   DMA32    [mem 0x0000000001000000-0x000000003ffdefff]
[STDERR  ] 2017-10-09T11:02:25.250152492Z: [    0.000000]   Normal   empty
[STDERR  ] 2017-10-09T11:02:25.250165569Z: [    0.000000] Movable zone start for each node
[STDERR  ] 2017-10-09T11:02:25.250174951Z: [    0.000000] Early memory node ranges
[STDERR  ] 2017-10-09T11:02:25.250185507Z: [    0.000000]   node   0: [mem 0x0000000000001000-0x000000000009efff]
[STDERR  ] 2017-10-09T11:02:25.250203368Z: [    0.000000]   node   0: [mem 0x0000000000100000-0x000000003ffdefff]
[STDERR  ] 2017-10-09T11:02:25.250217194Z: [    0.000000] Initmem setup node 0 [mem 0x0000000000001000-0x000000003ffdefff]
[STDERR  ] 2017-10-09T11:02:25.250227324Z: [    0.000000] ACPI: PM-Timer IO Port: 0x608
[STDERR  ] 2017-10-09T11:02:25.250239441Z: [    0.000000] ACPI: LAPIC_NMI (acpi_id[0xff] dfl dfl lint[0x1])
[STDERR  ] 2017-10-09T11:02:25.250249339Z: [    0.000000] IOAPIC[0]: apic_id 0, version 32, address 0xfec00000, GSI 0-23
[STDERR  ] 2017-10-09T11:02:25.250259144Z: [    0.000000] ACPI: INT_SRC_OVR (bus 0 bus_irq 0 global_irq 2 dfl dfl)
[STDERR  ] 2017-10-09T11:02:25.250270604Z: [    0.000000] ACPI: INT_SRC_OVR (bus 0 bus_irq 5 global_irq 5 high level)
[STDERR  ] 2017-10-09T11:02:25.250285492Z: [    0.000000] ACPI: INT_SRC_OVR (bus 0 bus_irq 9 global_irq 9 high level)
[STDERR  ] 2017-10-09T11:02:25.250299372Z: [    0.000000] ACPI: INT_SRC_OVR (bus 0 bus_irq 10 global_irq 10 high level)
[STDERR  ] 2017-10-09T11:02:25.250309831Z: [    0.000000] ACPI: INT_SRC_OVR (bus 0 bus_irq 11 global_irq 11 high level)
[STDERR  ] 2017-10-09T11:02:25.250338009Z: [    0.000000] Using ACPI (MADT) for SMP configuration information
[STDERR  ] 2017-10-09T11:02:25.250351449Z: [    0.000000] ACPI: HPET id: 0x8086a201 base: 0xfed00000
[STDERR  ] 2017-10-09T11:02:25.250363208Z: [    0.000000] smpboot: Allowing 1 CPUs, 0 hotplug CPUs
[STDERR  ] 2017-10-09T11:02:25.250377972Z: [    0.000000] e820: [mem 0x40000000-0xafffffff] available for PCI devices
[STDERR  ] 2017-10-09T11:02:25.250395048Z: [    0.000000] Booting paravirtualized kernel on bare hardware
[STDERR  ] 2017-10-09T11:02:25.250406589Z: [    0.000000] clocksource: refined-jiffies: mask: 0xffffffff max_cycles: 0xffffffff, max_idle_ns: 19112604462750000 ns
[STDERR  ] 2017-10-09T11:02:25.250418379Z: [    0.000000] setup_percpu: NR_CPUS:128 nr_cpumask_bits:128 nr_cpu_ids:1 nr_node_ids:1
[STDERR  ] 2017-10-09T11:02:25.250434938Z: [    0.000000] percpu: Embedded 35 pages/cpu @ffff981bfe600000 s105240 r8192 d29928 u2097152
[STDERR  ] 2017-10-09T11:02:25.250446182Z: [    0.000000] Built 1 zonelists in Zone order, mobility grouping on.  Total pages: 257896
[STDERR  ] 2017-10-09T11:02:25.250458384Z: [    0.000000] Kernel command line: console=ttyS0
[STDERR  ] 2017-10-09T11:02:25.250468382Z: [    0.000000] PID hash table entries: 4096 (order: 3, 32768 bytes)
[STDERR  ] 2017-10-09T11:02:25.250483214Z: [    0.000000] Dentry cache hash table entries: 131072 (order: 8, 1048576 bytes)
[STDERR  ] 2017-10-09T11:02:25.250493304Z: [    0.000000] Inode-cache hash table entries: 65536 (order: 7, 524288 bytes)
[STDERR  ] 2017-10-09T11:02:25.250504371Z: [    0.000000] Memory: 989888K/1048052K available (8035K kernel code, 1367K rwdata, 2696K rodata, 1380K init, 568K bss, 58164K reserved, 0K cma-reserved)
[STDERR  ] 2017-10-09T11:02:25.250515494Z: [    0.000000] Hierarchical RCU implementation.
[STDERR  ] 2017-10-09T11:02:25.250526461Z: [    0.000000] 	Build-time adjustment of leaf fanout to 64.
[STDERR  ] 2017-10-09T11:02:25.250539489Z: [    0.000000] 	RCU restricting CPUs from NR_CPUS=128 to nr_cpu_ids=1.
[STDERR  ] 2017-10-09T11:02:25.250551472Z: [    0.000000] RCU: Adjusting geometry for rcu_fanout_leaf=64, nr_cpu_ids=1
[STDERR  ] 2017-10-09T11:02:25.250563072Z: [    0.000000] NR_IRQS:8448 nr_irqs:256 16
[STDERR  ] 2017-10-09T11:02:25.250574292Z: [    0.000000] Console: colour VGA+ 80x25
[STDERR  ] 2017-10-09T11:02:25.250584574Z: [    0.000000] console [ttyS0] enabled
[STDERR  ] 2017-10-09T11:02:25.250597934Z: [    0.000000] clocksource: hpet: mask: 0xffffffff max_cycles: 0xffffffff, max_idle_ns: 19112604467 ns
[STDERR  ] 2017-10-09T11:02:25.250614941Z: [    0.000000] tsc: Fast TSC calibration using PIT
[STDERR  ] 2017-10-09T11:02:25.250629234Z: [    0.000000] tsc: Detected 2599.999 MHz processor
[STDERR  ] 2017-10-09T11:02:25.250642167Z: [    0.022451] Calibrating delay loop (skipped), value calculated using timer frequency.. 5199.99 BogoMIPS (lpj=25999990)
[STDERR  ] 2017-10-09T11:02:25.250655304Z: [    0.023711] pid_max: default: 32768 minimum: 301
[STDERR  ] 2017-10-09T11:02:25.250665669Z: [    0.024757] ACPI: Core revision 20160831
[STDERR  ] 2017-10-09T11:02:25.250677928Z: [    0.066397] ACPI: 1 ACPI AML tables successfully acquired and loaded
[STDERR  ] 2017-10-09T11:02:25.250690278Z: [    0.071452] Security Framework initialized
[STDERR  ] 2017-10-09T11:02:25.250706227Z: [    0.071881] Yama: becoming mindful.
[STDERR  ] 2017-10-09T11:02:25.250715998Z: [    0.073979] Mount-cache hash table entries: 2048 (order: 2, 16384 bytes)
[STDERR  ] 2017-10-09T11:02:25.250726491Z: [    0.074602] Mountpoint-cache hash table entries: 2048 (order: 2, 16384 bytes)
[STDERR  ] 2017-10-09T11:02:25.250745081Z: [    0.093755] Last level iTLB entries: 4KB 0, 2MB 0, 4MB 0
[STDERR  ] 2017-10-09T11:02:25.250756964Z: [    0.094264] Last level dTLB entries: 4KB 0, 2MB 0, 4MB 0, 1GB 0
[STDERR  ] 2017-10-09T11:02:25.250768824Z: [    0.391538] Freeing SMP alternatives memory: 20K
[STDERR  ] 2017-10-09T11:02:25.250778568Z: [    0.402091] ftrace: allocating 35516 entries in 139 pages
[STDERR  ] 2017-10-09T11:02:25.250788557Z: [    0.560444] smpboot: Max logical packages: 1
[STDERR  ] 2017-10-09T11:02:25.250800359Z: [    0.567626] ..TIMER: vector=0x30 apic1=0 pin1=2 apic2=-1 pin2=-1
[STDERR  ] 2017-10-09T11:02:25.250811232Z: [    0.670000] smpboot: CPU0: AMD QEMU Virtual CPU version 2.5+ (family: 0x6, model: 0x6, stepping: 0x3)
[STDERR  ] 2017-10-09T11:02:25.250824107Z: [    0.670000] Performance Events: PMU not available due to virtualization, using software events only.
[STDERR  ] 2017-10-09T11:02:25.250841934Z: [    0.679244] NMI watchdog: disabled (cpu0): hardware events not enabled
[STDERR  ] 2017-10-09T11:02:25.250853597Z: [    0.680092] NMI watchdog: Shutting down hard lockup detector on all cpus
[STDERR  ] 2017-10-09T11:02:25.250867858Z: [    0.683861] x86: Booted up 1 node, 1 CPUs
[STDERR  ] 2017-10-09T11:02:25.250878354Z: [    0.684278] smpboot: Total of 1 processors activated (5199.99 BogoMIPS)
[STDERR  ] 2017-10-09T11:02:25.250890664Z: [    0.697672] devtmpfs: initialized
[STDERR  ] 2017-10-09T11:02:25.250904121Z: [    0.702941] x86/mm: Memory block size: 128MB
[STDERR  ] 2017-10-09T11:02:25.250914404Z: [    0.767730] clocksource: jiffies: mask: 0xffffffff max_cycles: 0xffffffff, max_idle_ns: 19112604462750000 ns
[STDERR  ] 2017-10-09T11:02:25.250926822Z: [    0.768689] futex hash table entries: 256 (order: 2, 16384 bytes)
[STDERR  ] 2017-10-09T11:02:25.250944202Z: [    0.777789] NET: Registered protocol family 16
[STDERR  ] 2017-10-09T11:02:25.250958589Z: [    0.787023] cpuidle: using governor ladder
[STDERR  ] 2017-10-09T11:02:25.250970614Z: [    0.787548] cpuidle: using governor menu
[STDERR  ] 2017-10-09T11:02:25.250982537Z: [    0.788702] ACPI: bus type PCI registered
[STDERR  ] 2017-10-09T11:02:25.250993118Z: [    0.793200] PCI: MMCONFIG for domain 0000 [bus 00-ff] at [mem 0xb0000000-0xbfffffff] (base 0xb0000000)
[STDERR  ] 2017-10-09T11:02:25.251006807Z: [    0.793983] PCI: MMCONFIG at [mem 0xb0000000-0xbfffffff] reserved in E820
[STDERR  ] 2017-10-09T11:02:25.251017159Z: [    0.795449] PCI: Using configuration type 1 for base access
[STDERR  ] 2017-10-09T11:02:25.251026961Z: [    0.850676] HugeTLB registered 2 MB page size, pre-allocated 0 pages
[STDERR  ] 2017-10-09T11:02:25.251040814Z: [    0.862969] ACPI: Added _OSI(Module Device)
[STDERR  ] 2017-10-09T11:02:25.251051434Z: [    0.863366] ACPI: Added _OSI(Processor Device)
[STDERR  ] 2017-10-09T11:02:25.251060969Z: [    0.863701] ACPI: Added _OSI(3.0 _SCP Extensions)
[STDERR  ] 2017-10-09T11:02:25.251071164Z: [    0.864007] ACPI: Added _OSI(Processor Aggregator Device)
[STDERR  ] 2017-10-09T11:02:25.251081244Z: [    0.936367] ACPI: Interpreter enabled
[STDERR  ] 2017-10-09T11:02:25.251095481Z: [    0.937437] ACPI: (supports S0 S5)
[STDERR  ] 2017-10-09T11:02:25.251104861Z: [    0.937849] ACPI: Using IOAPIC for interrupt routing
[STDERR  ] 2017-10-09T11:02:25.251116104Z: [    0.940854] PCI: Using host bridge windows from ACPI; if necessary, use "pci=nocrs" and report a bug
[STDERR  ] 2017-10-09T11:02:25.251127399Z: [    1.002801] ACPI: PCI Root Bridge [PCI0] (domain 0000 [bus 00-ff])
[STDERR  ] 2017-10-09T11:02:25.251137084Z: [    1.004047] acpi PNP0A08:00: _OSC: OS supports [ExtendedConfig ASPM ClockPM Segments MSI]
[STDERR  ] 2017-10-09T11:02:25.251146021Z: [    1.011226] acpi PNP0A08:00: _OSC: OS now controls [PCIeHotplug PME PCIeCapability]
[STDERR  ] 2017-10-09T11:02:25.251155897Z: [    1.015055] PCI host bridge to bus 0000:00
[STDERR  ] 2017-10-09T11:02:25.251166064Z: [    1.015542] pci_bus 0000:00: root bus resource [io  0x0000-0x0cf7 window]
[STDERR  ] 2017-10-09T11:02:25.251176401Z: [    1.016061] pci_bus 0000:00: root bus resource [io  0x0d00-0xffff window]
[STDERR  ] 2017-10-09T11:02:25.251185452Z: [    1.016491] pci_bus 0000:00: root bus resource [mem 0x000a0000-0x000bffff window]
[STDERR  ] 2017-10-09T11:02:25.251194254Z: [    1.016992] pci_bus 0000:00: root bus resource [mem 0xc0000000-0xfebfffff window]
[STDERR  ] 2017-10-09T11:02:25.251204237Z: [    1.017678] pci_bus 0000:00: root bus resource [bus 00-ff]
[STDERR  ] 2017-10-09T11:02:25.251214504Z: [    1.125567] pci 0000:00:1f.0: quirk: [io  0x0600-0x067f] claimed by ICH6 ACPI/GPIO/TCO
[STDERR  ] 2017-10-09T11:02:25.251223492Z: [    1.189572] ACPI: PCI Interrupt Link [LNKA] (IRQs 5 *10 11)
[STDERR  ] 2017-10-09T11:02:25.251232508Z: [    1.192791] ACPI: PCI Interrupt Link [LNKB] (IRQs 5 *10 11)
[STDERR  ] 2017-10-09T11:02:25.251241614Z: [    1.194764] ACPI: PCI Interrupt Link [LNKC] (IRQs 5 10 *11)
[STDERR  ] 2017-10-09T11:02:25.251257128Z: [    1.196610] ACPI: PCI Interrupt Link [LNKD] (IRQs 5 10 *11)
[STDERR  ] 2017-10-09T11:02:25.251268951Z: [    1.198422] ACPI: PCI Interrupt Link [LNKE] (IRQs 5 *10 11)
[STDERR  ] 2017-10-09T11:02:25.251278397Z: [    1.201282] ACPI: PCI Interrupt Link [LNKF] (IRQs 5 *10 11)
[STDERR  ] 2017-10-09T11:02:25.251288754Z: [    1.203173] ACPI: PCI Interrupt Link [LNKG] (IRQs 5 10 *11)
[STDERR  ] 2017-10-09T11:02:25.251298667Z: [    1.205609] ACPI: PCI Interrupt Link [LNKH] (IRQs 5 10 *11)
[STDERR  ] 2017-10-09T11:02:25.251309162Z: [    1.206617] ACPI: PCI Interrupt Link [GSIA] (IRQs *16)
[STDERR  ] 2017-10-09T11:02:25.251319142Z: [    1.207433] ACPI: PCI Interrupt Link [GSIB] (IRQs *17)
[STDERR  ] 2017-10-09T11:02:25.251328904Z: [    1.208226] ACPI: PCI Interrupt Link [GSIC] (IRQs *18)
[STDERR  ] 2017-10-09T11:02:25.251345314Z: [    1.209055] ACPI: PCI Interrupt Link [GSID] (IRQs *19)
[STDERR  ] 2017-10-09T11:02:25.251357122Z: [    1.210107] ACPI: PCI Interrupt Link [GSIE] (IRQs *20)
[STDERR  ] 2017-10-09T11:02:25.251367008Z: [    1.210913] ACPI: PCI Interrupt Link [GSIF] (IRQs *21)
[STDERR  ] 2017-10-09T11:02:25.251376414Z: [    1.211723] ACPI: PCI Interrupt Link [GSIG] (IRQs *22)
[STDERR  ] 2017-10-09T11:02:25.251385499Z: [    1.212497] ACPI: PCI Interrupt Link [GSIH] (IRQs *23)
[STDERR  ] 2017-10-09T11:02:25.251394548Z: [    1.216324] ACPI: Enabled 2 GPEs in block 00 to 3F
[STDERR  ] 2017-10-09T11:02:25.251403721Z: [    1.220749] SCSI subsystem initialized
[STDERR  ] 2017-10-09T11:02:25.251412651Z: [    1.222679] ACPI: bus type USB registered
[STDERR  ] 2017-10-09T11:02:25.251422007Z: [    1.223845] usbcore: registered new interface driver usbfs
[STDERR  ] 2017-10-09T11:02:25.251431444Z: [    1.224847] usbcore: registered new interface driver hub
[STDERR  ] 2017-10-09T11:02:25.251440984Z: [    1.225715] usbcore: registered new device driver usb
[STDERR  ] 2017-10-09T11:02:25.251449651Z: [    1.226960] pps_core: LinuxPPS API ver. 1 registered
[STDERR  ] 2017-10-09T11:02:25.251459858Z: [    1.227322] pps_core: Software ver. 5.3.6 - Copyright 2005-2007 Rodolfo Giometti <giometti@linux.it>
[STDERR  ] 2017-10-09T11:02:25.251469358Z: [    1.228068] PTP clock support registered
[STDERR  ] 2017-10-09T11:02:25.251483977Z: [    1.229394] wmi: Mapper loaded
[STDERR  ] 2017-10-09T11:02:25.251496829Z: [    1.230795] PCI: Using ACPI for IRQ routing
[STDERR  ] 2017-10-09T11:02:25.251505698Z: [    1.248391] NetLabel: Initializing
[STDERR  ] 2017-10-09T11:02:25.251519039Z: [    1.248575] NetLabel:  domain hash size = 128
[STDERR  ] 2017-10-09T11:02:25.251528119Z: [    1.248967] NetLabel:  protocols = UNLABELED CIPSOv4
[STDERR  ] 2017-10-09T11:02:25.251538562Z: [    1.251950] NetLabel:  unlabeled traffic allowed by default
[STDERR  ] 2017-10-09T11:02:25.251548084Z: [    1.253233] HPET: 3 timers in total, 0 timers will be used for per-cpu timer
[STDERR  ] 2017-10-09T11:02:25.251559581Z: [    1.254175] hpet0: at MMIO 0xfed00000, IRQs 2, 8, 0
[STDERR  ] 2017-10-09T11:02:25.251569379Z: [    1.254787] hpet0: 3 comparators, 64-bit 100.000000 MHz counter
[STDERR  ] 2017-10-09T11:02:25.251578961Z: [    1.261618] clocksource: Switched to clocksource hpet
[STDERR  ] 2017-10-09T11:02:25.251588431Z: [    1.525541] VFS: Disk quotas dquot_6.6.0
[STDERR  ] 2017-10-09T11:02:25.251597477Z: [    1.526445] VFS: Dquot-cache hash table entries: 512 (order 0, 4096 bytes)
[STDERR  ] 2017-10-09T11:02:25.251607139Z: [    1.530665] FS-Cache: Loaded
[STDERR  ] 2017-10-09T11:02:25.251617017Z: [    1.535692] CacheFiles: Loaded
[STDERR  ] 2017-10-09T11:02:25.251625584Z: [    1.537333] pnp: PnP ACPI init
[STDERR  ] 2017-10-09T11:02:25.251637207Z: [    1.548680] pnp: PnP ACPI: found 5 devices
[STDERR  ] 2017-10-09T11:02:25.251646669Z: [    1.598405] clocksource: acpi_pm: mask: 0xffffff max_cycles: 0xffffff, max_idle_ns: 2085701024 ns
[STDERR  ] 2017-10-09T11:02:25.251656021Z: [    1.602855] NET: Registered protocol family 2
[STDERR  ] 2017-10-09T11:02:25.251664862Z: [    1.610429] TCP established hash table entries: 8192 (order: 4, 65536 bytes)
[STDERR  ] 2017-10-09T11:02:25.251681439Z: [    1.611323] TCP bind hash table entries: 8192 (order: 5, 131072 bytes)
[STDERR  ] 2017-10-09T11:02:25.251691412Z: [    1.612093] TCP: Hash tables configured (established 8192 bind 8192)
[STDERR  ] 2017-10-09T11:02:25.251700778Z: [    1.613990] UDP hash table entries: 512 (order: 2, 16384 bytes)
[STDERR  ] 2017-10-09T11:02:25.251710188Z: [    1.614563] UDP-Lite hash table entries: 512 (order: 2, 16384 bytes)
[STDERR  ] 2017-10-09T11:02:25.251719965Z: [    1.617026] NET: Registered protocol family 1
[STDERR  ] 2017-10-09T11:02:25.251729105Z: [    1.618041] pci 0000:00:01.0: Video device with shadowed ROM at [mem 0x000c0000-0x000dffff]
[STDERR  ] 2017-10-09T11:02:25.25175277Z: [    1.625231] Unpacking initramfs...
[STDERR  ] 2017-10-09T11:02:25.251763018Z: [    4.776032] Freeing initrd memory: 24284K
[STDERR  ] 2017-10-09T11:02:25.2517716Z: [    4.801911] PCLMULQDQ-NI instructions are not detected.
[STDERR  ] 2017-10-09T11:02:25.251785559Z: [    4.803498] AVX or AES-NI instructions are not detected.
[STDERR  ] 2017-10-09T11:02:25.251796293Z: [    4.803981] CPU feature 'AVX registers' is not supported.
[STDERR  ] 2017-10-09T11:02:25.251806005Z: [    4.804405] CPU feature 'AVX registers' is not supported.
[STDERR  ] 2017-10-09T11:02:25.251814625Z: [    4.804880] CPU feature 'AVX registers' is not supported.
[STDERR  ] 2017-10-09T11:02:25.251822443Z: [    4.805300] CPU feature 'AVX registers' is not supported.
[STDERR  ] 2017-10-09T11:02:25.251830932Z: [    4.805756] AVX2 or AES-NI instructions are not detected.
[STDERR  ] 2017-10-09T11:02:25.251839512Z: [    4.806201] AVX2 instructions are not detected.
[STDERR  ] 2017-10-09T11:02:25.251848375Z: [    4.812951] audit: initializing netlink subsys (disabled)
[STDERR  ] 2017-10-09T11:02:25.251856902Z: [    4.815121] audit: type=2000 audit(1507546930.810:1): initialized
[STDERR  ] 2017-10-09T11:02:25.251870465Z: [    4.822955] workingset: timestamp_bits=46 max_order=18 bucket_order=0
[STDERR  ] 2017-10-09T11:02:25.251880725Z: [    4.832236] FS-Cache: Netfs 'cifs' registered for caching
[STDERR  ] 2017-10-09T11:02:25.251889865Z: [    4.833256] fuse init (API version 7.26)
[STDERR  ] 2017-10-09T11:02:25.25190386Z: [    4.835616] SGI XFS with ACLs, security attributes, no debug enabled
[STDERR  ] 2017-10-09T11:02:25.251913048Z: [    4.840720] 9p: Installing v9fs 9p2000 file system support
[STDERR  ] 2017-10-09T11:02:25.251922345Z: [    4.841312] FS-Cache: Netfs '9p' registered for caching
[STDERR  ] 2017-10-09T11:02:25.251930785Z: [    4.874536] NET: Registered protocol family 38
[STDERR  ] 2017-10-09T11:02:25.251939488Z: [    4.875142] Key type asymmetric registered
[STDERR  ] 2017-10-09T11:02:25.251948318Z: [    4.875521] Asymmetric key parser 'x509' registered
[STDERR  ] 2017-10-09T11:02:25.251957028Z: [    4.876604] Block layer SCSI generic (bsg) driver version 0.4 loaded (major 251)
[STDERR  ] 2017-10-09T11:02:25.251966265Z: [    4.878341] io scheduler noop registered
[STDERR  ] 2017-10-09T11:02:25.251976159Z: [    4.878650] io scheduler deadline registered (default)
[STDERR  ] 2017-10-09T11:02:25.25198541Z: [    4.879641] io scheduler cfq registered
[STDERR  ] 2017-10-09T11:02:25.251994923Z: [    4.884115] pci_hotplug: PCI Hot Plug PCI Core version: 0.5
[STDERR  ] 2017-10-09T11:02:25.252004155Z: [    4.884919] pciehp: PCI Express Hot Plug Controller Driver version: 0.4
[STDERR  ] 2017-10-09T11:02:25.252014255Z: [    4.885754] shpchp: Standard Hot Plug PCI Controller Driver version: 0.4
[STDERR  ] 2017-10-09T11:02:25.252023735Z: [    4.886643] hv_vmbus: registering driver hyperv_fb
[STDERR  ] 2017-10-09T11:02:25.252032468Z: [    4.889728] input: Power Button as /devices/LNXSYSTM:00/LNXPWRBN:00/input/input0
[STDERR  ] 2017-10-09T11:02:25.252041075Z: [    4.891680] ACPI: Power Button [PWRF]
[STDERR  ] 2017-10-09T11:02:25.252071303Z: [    4.896358] GHES: HEST is not enabled!
[STDERR  ] 2017-10-09T11:02:25.252081992Z: [    4.908377] ACPI: PCI Interrupt Link [GSIG] enabled at IRQ 22
[STDERR  ] 2017-10-09T11:02:25.252097485Z: [    4.920857] ACPI: PCI Interrupt Link [GSIH] enabled at IRQ 23
[STDERR  ] 2017-10-09T11:02:25.252106999Z: [    4.926538] xenfs: not registering filesystem on non-xen platform
[STDERR  ] 2017-10-09T11:02:25.252116165Z: [    4.928799] Serial: 8250/16550 driver, 4 ports, IRQ sharing disabled
[STDERR  ] 2017-10-09T11:02:25.25212728Z: [    4.954358] 00:04: ttyS0 at I/O 0x3f8 (irq = 4, base_baud = 115200) is a 16550A
[STDERR  ] 2017-10-09T11:02:25.252136742Z: [    4.966420] Non-volatile memory driver v1.3
[STDERR  ] 2017-10-09T11:02:25.25215137Z: [    4.972672] Hangcheck: starting hangcheck timer 0.9.1 (tick is 180 seconds, margin is 60 seconds).
[STDERR  ] 2017-10-09T11:02:25.252161395Z: [    4.977811] random: fast init done
[STDERR  ] 2017-10-09T11:02:25.252169715Z: [    5.010769] loop: module loaded
[STDERR  ] 2017-10-09T11:02:25.25217892Z: [    5.026930] nbd: registered device at major 43
[STDERR  ] 2017-10-09T11:02:25.252187718Z: [    5.069573] lpc_ich 0000:00:1f.0: I/O space for GPIO uninitialized
[STDERR  ] 2017-10-09T11:02:25.252198072Z: [    5.072395] VMware PVSCSI driver - version 1.0.7.0-k
[STDERR  ] 2017-10-09T11:02:25.252207475Z: [    5.073402] hv_vmbus: registering driver hv_storvsc
[STDERR  ] 2017-10-09T11:02:25.252216905Z: [    5.083409] ACPI: PCI Interrupt Link [GSIA] enabled at IRQ 16
[STDERR  ] 2017-10-09T11:02:25.252226343Z: [    5.089967] ahci 0000:00:1f.2: AHCI 0001.0000 32 slots 6 ports 1.5 Gbps 0x3f impl SATA mode
[STDERR  ] 2017-10-09T11:02:25.252235443Z: [    5.091114] ahci 0000:00:1f.2: flags: 64bit ncq only 
[STDERR  ] 2017-10-09T11:02:25.252244352Z: [    5.111351] scsi host0: ahci
[STDERR  ] 2017-10-09T11:02:25.252253879Z: [    5.116712] scsi host1: ahci
[STDERR  ] 2017-10-09T11:02:25.252263183Z: [    5.119083] scsi host2: ahci
[STDERR  ] 2017-10-09T11:02:25.252272469Z: [    5.121561] scsi host3: ahci
[STDERR  ] 2017-10-09T11:02:25.252285435Z: [    5.123713] scsi host4: ahci
[STDERR  ] 2017-10-09T11:02:25.252294842Z: [    5.125944] scsi host5: ahci
[STDERR  ] 2017-10-09T11:02:25.25230363Z: [    5.127849] ata1: SATA max UDMA/133 abar m4096@0xfebd2000 port 0xfebd2100 irq 24
[STDERR  ] 2017-10-09T11:02:25.252312973Z: [    5.128426] ata2: SATA max UDMA/133 abar m4096@0xfebd2000 port 0xfebd2180 irq 24
[STDERR  ] 2017-10-09T11:02:25.252330293Z: [    5.128950] ata3: SATA max UDMA/133 abar m4096@0xfebd2000 port 0xfebd2200 irq 24
[STDERR  ] 2017-10-09T11:02:25.252341555Z: [    5.129405] ata4: SATA max UDMA/133 abar m4096@0xfebd2000 port 0xfebd2280 irq 24
[STDERR  ] 2017-10-09T11:02:25.252351848Z: [    5.129892] ata5: SATA max UDMA/133 abar m4096@0xfebd2000 port 0xfebd2300 irq 24
[STDERR  ] 2017-10-09T11:02:25.252361849Z: [    5.130712] ata6: SATA max UDMA/133 abar m4096@0xfebd2000 port 0xfebd2380 irq 24
[STDERR  ] 2017-10-09T11:02:25.252371619Z: [    5.144276] tun: Universal TUN/TAP device driver, 1.6
[STDERR  ] 2017-10-09T11:02:25.252381268Z: [    5.144704] tun: (C) 1999-2004 Max Krasnyansky <maxk@qualcomm.com>
[STDERR  ] 2017-10-09T11:02:25.252393262Z: [    5.155523] VMware vmxnet3 virtual NIC driver - version 1.4.a.0-k-NAPI
[STDERR  ] 2017-10-09T11:02:25.252408149Z: [    5.156511] hv_vmbus: registering driver hv_netvsc
[STDERR  ] 2017-10-09T11:02:25.25241781Z: [    5.156910] Fusion MPT base driver 3.04.20
[STDERR  ] 2017-10-09T11:02:25.252431795Z: [    5.157204] Copyright (c) 1999-2008 LSI Corporation
[STDERR  ] 2017-10-09T11:02:25.252441629Z: [    5.157799] Fusion MPT SPI Host driver 3.04.20
[STDERR  ] 2017-10-09T11:02:25.252450973Z: [    5.159823] i8042: PNP: PS/2 Controller [PNP0303:KBD,PNP0f13:MOU] at 0x60,0x64 irq 1,12
[STDERR  ] 2017-10-09T11:02:25.252461088Z: [    5.164551] serio: i8042 KBD port at 0x60,0x64 irq 1
[STDERR  ] 2017-10-09T11:02:25.252470633Z: [    5.165344] serio: i8042 AUX port at 0x60,0x64 irq 12
[STDERR  ] 2017-10-09T11:02:25.25248014Z: [    5.168467] hv_vmbus: registering driver hyperv_keyboard
[STDERR  ] 2017-10-09T11:02:25.252489592Z: [    5.171076] mousedev: PS/2 mouse device common for all mice
[STDERR  ] 2017-10-09T11:02:25.25249875Z: [    5.175756] input: AT Translated Set 2 keyboard as /devices/platform/i8042/serio0/input/input1
[STDERR  ] 2017-10-09T11:02:25.252513882Z: [    5.178730] input: PC Speaker as /devices/platform/pcspkr/input/input2
[STDERR  ] 2017-10-09T11:02:25.252524283Z: [    5.182811] rtc_cmos 00:00: RTC can wake from S4
[STDERR  ] 2017-10-09T11:02:25.252533715Z: [    5.186101] rtc_cmos 00:00: rtc core: registered rtc_cmos as rtc0
[STDERR  ] 2017-10-09T11:02:25.252543232Z: [    5.187598] rtc_cmos 00:00: alarms up to one day, y3k, 114 bytes nvram, hpet irqs
[STDERR  ] 2017-10-09T11:02:25.252553032Z: [    5.188364] i2c /dev entries driver
[STDERR  ] 2017-10-09T11:02:25.252562365Z: [    5.190662] device-mapper: ioctl: 4.35.0-ioctl (2016-06-23) initialised: dm-devel@redhat.com
[STDERR  ] 2017-10-09T11:02:25.25257222Z: [    5.195098] usbcore: registered new interface driver usbhid
[STDERR  ] 2017-10-09T11:02:25.25258181Z: [    5.195536] usbhid: USB HID core driver
[STDERR  ] 2017-10-09T11:02:25.252591275Z: [    5.196195] hv_utils: Registering HyperV Utility Driver
[STDERR  ] 2017-10-09T11:02:25.252600813Z: [    5.196547] hv_vmbus: registering driver hv_util
[STDERR  ] 2017-10-09T11:02:25.252610542Z: [    5.196870] hv_vmbus: registering driver hv_balloon
[STDERR  ] 2017-10-09T11:02:25.252619869Z: [    5.197442] oprofile: using NMI interrupt.
[STDERR  ] 2017-10-09T11:02:25.252629285Z: [    5.198639] GACT probability on
[STDERR  ] 2017-10-09T11:02:25.252638535Z: [    5.199131] Mirror/redirect action on
[STDERR  ] 2017-10-09T11:02:25.252647843Z: [    5.199959] Simple TC action Loaded
[STDERR  ] 2017-10-09T11:02:25.252656515Z: [    5.200927] u32 classifier
[STDERR  ] 2017-10-09T11:02:25.252666599Z: [    5.201147]     Performance counters on
[STDERR  ] 2017-10-09T11:02:25.252675972Z: [    5.201427]     input device check on
[STDERR  ] 2017-10-09T11:02:25.252685173Z: [    5.201665]     Actions configured
[STDERR  ] 2017-10-09T11:02:25.252694438Z: [    5.202333] Netfilter messages via NETLINK v0.30.
[STDERR  ] 2017-10-09T11:02:25.252703713Z: [    5.203192] nfnl_acct: registering with nfnetlink.
[STDERR  ] 2017-10-09T11:02:25.252713209Z: [    5.204550] nf_conntrack version 0.5.0 (8192 buckets, 32768 max)
[STDERR  ] 2017-10-09T11:02:25.252726832Z: [    5.207616] ctnetlink v0.93: registering with nfnetlink.
[STDERR  ] 2017-10-09T11:02:25.252749639Z: [    5.211077] nf_tables: (c) 2007-2009 Patrick McHardy <kaber@trash.net>
[STDERR  ] 2017-10-09T11:02:25.252762065Z: [    5.211959] nf_tables_compat: (c) 2012 Pablo Neira Ayuso <pablo@netfilter.org>
[STDERR  ] 2017-10-09T11:02:25.252771118Z: [    5.214382] xt_time: kernel timezone is -0000
[STDERR  ] 2017-10-09T11:02:25.252780063Z: [    5.215011] ip_set: protocol 6
[STDERR  ] 2017-10-09T11:02:25.252790893Z: [    5.215707] IPVS: Registered protocols (TCP, UDP, SCTP, AH, ESP)
[STDERR  ] 2017-10-09T11:02:25.252800335Z: [    5.216340] IPVS: Connection hash table configured (size=4096, memory=64Kbytes)
[STDERR  ] 2017-10-09T11:02:25.2528097Z: [    5.218232] IPVS: Creating netns size=2104 id=0
[STDERR  ] 2017-10-09T11:02:25.2528192Z: [    5.221551] IPVS: ipvs loaded.
[STDERR  ] 2017-10-09T11:02:25.25283057Z: [    5.221987] IPVS: [rr] scheduler registered.
[STDERR  ] 2017-10-09T11:02:25.252840765Z: [    5.222346] IPVS: [wrr] scheduler registered.
[STDERR  ] 2017-10-09T11:02:25.252850399Z: [    5.222601] IPVS: [lc] scheduler registered.
[STDERR  ] 2017-10-09T11:02:25.252859443Z: [    5.222895] IPVS: [wlc] scheduler registered.
[STDERR  ] 2017-10-09T11:02:25.252868333Z: [    5.223203] IPVS: [fo] scheduler registered.
[STDERR  ] 2017-10-09T11:02:25.25287768Z: [    5.223505] IPVS: [ovf] scheduler registered.
[STDERR  ] 2017-10-09T11:02:25.25289188Z: [    5.224003] IPVS: [lblc] scheduler registered.
[STDERR  ] 2017-10-09T11:02:25.25290203Z: [    5.224447] IPVS: [lblcr] scheduler registered.
[STDERR  ] 2017-10-09T11:02:25.252928Z: [    5.224780] IPVS: [dh] scheduler registered.
[STDERR  ] 2017-10-09T11:02:25.25293605Z: [    5.225074] IPVS: [sh] scheduler registered.
[STDERR  ] 2017-10-09T11:02:25.252944102Z: [    5.225353] IPVS: [sed] scheduler registered.
[STDERR  ] 2017-10-09T11:02:25.25296423Z: [    5.225677] IPVS: [nq] scheduler registered.
[STDERR  ] 2017-10-09T11:02:25.252973632Z: [    5.226504] IPVS: ftp: loaded support on port[0] = 21
[STDERR  ] 2017-10-09T11:02:25.252983175Z: [    5.227518] ipip: IPv4 and MPLS over IPv4 tunneling driver
[STDERR  ] 2017-10-09T11:02:25.25299248Z: [    5.232186] gre: GRE over IPv4 demultiplexor driver
[STDERR  ] 2017-10-09T11:02:25.253001802Z: [    5.235095] ip_tables: (C) 2000-2006 Netfilter Core Team
[STDERR  ] 2017-10-09T11:02:25.253011433Z: [    5.238446] ipt_CLUSTERIP: ClusterIP Version 0.8 loaded successfully
[STDERR  ] 2017-10-09T11:02:25.253022145Z: [    5.239229] arp_tables: arp_tables: (C) 2002 David S. Miller
[STDERR  ] 2017-10-09T11:02:25.253031195Z: [    5.242041] NET: Registered protocol family 10
[STDERR  ] 2017-10-09T11:02:25.25303949Z: [    5.251587] ip6_tables: (C) 2000-2006 Netfilter Core Team
[STDERR  ] 2017-10-09T11:02:25.253048173Z: [    5.259519] NET: Registered protocol family 17
[STDERR  ] 2017-10-09T11:02:25.253060548Z: [    5.261148] Bridge firewalling registered
[STDERR  ] 2017-10-09T11:02:25.253069719Z: [    5.261733] Ebtables v2.0 registered
[STDERR  ] 2017-10-09T11:02:25.253078305Z: [    5.263870] 8021q: 802.1Q VLAN Support v1.8
[STDERR  ] 2017-10-09T11:02:25.253086899Z: [    5.265575] 9pnet: Installing 9P2000 support
[STDERR  ] 2017-10-09T11:02:25.253095595Z: [    5.267089] Key type dns_resolver registered
[STDERR  ] 2017-10-09T11:02:25.253103785Z: [    5.268215] microcode: AMD CPU family 0x6 not supported
[STDERR  ] 2017-10-09T11:02:25.253113358Z: [    5.272486] registered taskstats version 1
[STDERR  ] 2017-10-09T11:02:25.253122929Z: [    5.436512] Key type big_key registered
[STDERR  ] 2017-10-09T11:02:25.253132029Z: [    5.462774] ata2: SATA link down (SStatus 0 SControl 300)
[STDERR  ] 2017-10-09T11:02:25.253140998Z: [    5.465649] ata1: SATA link down (SStatus 0 SControl 300)
[STDERR  ] 2017-10-09T11:02:25.253149809Z: [    5.472012] ata6: SATA link down (SStatus 0 SControl 300)
[STDERR  ] 2017-10-09T11:02:25.253159235Z: [    5.472855] ata5: SATA link down (SStatus 0 SControl 300)
[STDERR  ] 2017-10-09T11:02:25.253168913Z: [    5.473354] ata4: SATA link down (SStatus 0 SControl 300)
[STDERR  ] 2017-10-09T11:02:25.25318532Z: [    5.474232] ata3: SATA link up 1.5 Gbps (SStatus 113 SControl 300)
[STDERR  ] 2017-10-09T11:02:25.25319392Z: [    5.477680] ata3.00: ATAPI: QEMU DVD-ROM, 2.5+, max UDMA/100
[STDERR  ] 2017-10-09T11:02:25.253202559Z: [    5.478219] ata3.00: applying bridge limits
[STDERR  ] 2017-10-09T11:02:25.253212058Z: [    5.483087] ata3.00: configured for UDMA/100
[STDERR  ] 2017-10-09T11:02:25.253221058Z: [    5.499395] scsi 2:0:0:0: CD-ROM            QEMU     QEMU DVD-ROM     2.5+ PQ: 0 ANSI: 5
[STDERR  ] 2017-10-09T11:02:25.253230715Z: [    5.533063] sr 2:0:0:0: [sr0] scsi3-mmc drive: 4x/4x cd/rw xa/form2 tray
[STDERR  ] 2017-10-09T11:02:25.253240748Z: [    5.533781] cdrom: Uniform CD-ROM driver Revision: 3.20
[STDERR  ] 2017-10-09T11:02:25.25324939Z: [    5.537458] Key type encrypted registered
[STDERR  ] 2017-10-09T11:02:25.253257818Z: [    5.543301] rtc_cmos 00:00: setting system clock to 2017-10-09 11:02:12 UTC (1507546932)
[STDERR  ] 2017-10-09T11:02:25.253269568Z: [    5.554538] sr 2:0:0:0: Attached scsi generic sg0 type 5
[STDERR  ] 2017-10-09T11:02:25.253279115Z: [    5.697483] Freeing unused kernel memory: 1380K
[STDERR  ] 2017-10-09T11:02:25.253287535Z: [    5.697764] Write protecting the kernel read-only data: 12288k
[STDERR  ] 2017-10-09T11:02:25.253296055Z: [    5.705817] Freeing unused kernel memory: 140K
[STDERR  ] 2017-10-09T11:02:25.253304663Z: [    5.821450] Freeing unused kernel memory: 1400K
[STDERR  ] 2017-10-09T11:02:25.253319452Z: [    5.840988] tsc: Refined TSC clocksource calibration: 2600.000 MHz
[STDERR  ] 2017-10-09T11:02:25.25332908Z: [    5.841570] clocksource: tsc: mask: 0xffffffffffffffff max_cycles: 0x257a3c3232d, max_idle_ns: 440795236700 ns
[STDERR  ] 2017-10-09T11:02:25.25333895Z: [    6.860469] clocksource: Switched to clocksource tsc
[STDERR  ] 2017-10-09T11:02:25.253359803Z: 
[STDERR  ] 2017-10-09T11:02:25.253369171Z: Welcome to LinuxKit
[STDERR  ] 2017-10-09T11:02:25.253379364Z: 
[STDERR  ] 2017-10-09T11:02:25.253390534Z:                         ##         .
[STDERR  ] 2017-10-09T11:02:25.253401123Z:                   ## ## ##        ==
[STDERR  ] 2017-10-09T11:02:25.253411109Z:                ## ## ## ## ##    ===
[STDERR  ] 2017-10-09T11:02:25.253421279Z:            /"""""""""""""""""\___/ ===
[STDERR  ] 2017-10-09T11:02:25.253431334Z:           {                       /  ===-
[STDERR  ] 2017-10-09T11:02:25.25344067Z:            \______ O           __/
[STDERR  ] 2017-10-09T11:02:25.253453356Z:              \    \         __/
[STDERR  ] 2017-10-09T11:02:25.25346395Z:               \____\_______/
[STDERR  ] 2017-10-09T11:02:25.253478466Z: 
[STDERR  ] 2017-10-09T11:02:25.253487996Z: Linux linuxkit-2e5d496e9ee9 4.9.52-linuxkit #1 SMP Mon Oct 2 14:33:48 UTC 2017 x86_64 Linux
[STDERR  ] 2017-10-09T11:02:25.253497976Z: filename:       hello_world.ko
[STDERR  ] 2017-10-09T11:02:25.253508246Z: author:         Rolf Neugebauer <rolf.neugebauer@docker.com>
[STDERR  ] 2017-10-09T11:02:25.253517859Z: description:    A simple Hello World kernel module for testing
[STDERR  ] 2017-10-09T11:02:25.253527596Z: license:        GPL
[STDERR  ] 2017-10-09T11:02:25.253536996Z: depends:        
[STDERR  ] 2017-10-09T11:02:25.253546916Z: vermagic:       4.9.52-linuxkit SMP mod_unload 
[STDERR  ] 2017-10-09T11:02:25.253556969Z: [   13.406105] hello_world: loading out-of-tree module taints kernel.
[STDERR  ] 2017-10-09T11:02:25.25356743Z: [   13.409845] Hello LinuxKit
[STDERR  ] 2017-10-09T11:02:25.253577993Z: [   13.508028] Goodbye LinuxKit.
[STDERR  ] 2017-10-09T11:02:25.253588163Z: Kernel module test suite PASSED
[STDERR  ] 2017-10-09T11:02:25.253600044Z: [   18.092275] ACPI: Preparing to enter system sleep state S5
[STDERR  ] 2017-10-09T11:02:25.253610023Z: [   18.094096] reboot: Power down
[STDERR  ] 2017-10-09T11:02:25.253620606Z: + exit 0
[STDERR  ] 2017-10-09T11:02:25.253630746Z: + clean_up
[STDERR  ] 2017-10-09T11:02:25.253641531Z: + docker rmi kmod-test
[STDOUT  ] 2017-10-09T11:02:25.270050119Z: Untagged: kmod-test:latest
[STDOUT  ] 2017-10-09T11:02:25.270112409Z: Deleted: sha256:a37e4d55571540586b2e6e98512c8f98ac12a3d0d4a2117b4ca1af134b9bde39
[STDOUT  ] 2017-10-09T11:02:25.270120819Z: Deleted: sha256:575fdd0f2e92b9dedf93e9a57d4e15eaab8ff54192b0f69a57b4adeb38fe9d1d
[STDOUT  ] 2017-10-09T11:02:25.270127465Z: Deleted: sha256:69201d3a36ef50b74d151a93518d8da678de7eaa90c7599204f0c7ffc9a1ee45
[STDOUT  ] 2017-10-09T11:02:25.270133215Z: Deleted: sha256:69d518dff1c4fc2f09362f1c7ce4b0ad9cf429ad53b61e10ccd72a85c8982792
[STDOUT  ] 2017-10-09T11:02:25.270142815Z: Deleted: sha256:f76fe2106fe3717dd0af48cce87d2138caa9b5dd7befe52f9f8a934fed25460c
[STDERR  ] 2017-10-09T11:02:25.270983604Z: + rm -rf kmod-cmdline kmod-initrd.img kmod-kernel kmod-state
[PASS    ] linuxkit.kernel.kmod_4.9.x 71.98s
