[INFO    ] 2018-08-22T13:03:45.369041265Z: Running Test linuxkit.packages.format_mount.multiple in /tmp/build/test/cases/040_packages/006_format_mount/010_multiple
[STDERR  ] 2018-08-22T13:03:45.369107978Z: [    0.000000] ACPI: PM-Timer IO Port: 0x608
[STDERR  ] 2018-08-22T13:03:45.369131458Z: [    0.000000] ACPI: LAPIC_NMI (acpi_id[0xff] dfl dfl lint[0x1])
[STDERR  ] 2018-08-22T13:03:45.369150607Z: [    0.000000] IOAPIC[0]: apic_id 0, version 32, address 0xfec00000, GSI 0-23
[STDERR  ] 2018-08-22T13:03:45.369169199Z: [    0.000000] ACPI: INT_SRC_OVR (bus 0 bus_irq 0 global_irq 2 dfl dfl)
[STDERR  ] 2018-08-22T13:03:45.369187280Z: [    0.000000] ACPI: INT_SRC_OVR (bus 0 bus_irq 5 global_irq 5 high level)
[STDERR  ] 2018-08-22T13:03:45.369204816Z: [    0.000000] ACPI: INT_SRC_OVR (bus 0 bus_irq 9 global_irq 9 high level)
[INFO    ] 2018-08-22T13:03:45.369222004Z: Running command: [/bin/sh -x /tmp/build/test/cases/040_packages/006_format_mount/010_multiple/test.sh]
[STDERR  ] 2018-08-22T13:03:45.369221815Z: [    0.000000] ACPI: INT_SRC_OVR (bus 0 bus_irq 10 global_irq 10 high level)
[STDERR  ] 2018-08-22T13:03:45.369241357Z: [    0.000000] ACPI: INT_SRC_OVR (bus 0 bus_irq 11 global_irq 11 high level)
[STDERR  ] 2018-08-22T13:03:45.369258802Z: [    0.000000] Using ACPI (MADT) for SMP configuration information
[STDERR  ] 2018-08-22T13:03:45.369277281Z: [    0.000000] ACPI: HPET id: 0x8086a201 base: 0xfed00000
[STDERR  ] 2018-08-22T13:03:45.369295605Z: [    0.000000] smpboot: Allowing 1 CPUs, 0 hotplug CPUs
[STDERR  ] 2018-08-22T13:03:45.369313615Z: [    0.000000] e820: [mem 0x40000000-0xafffffff] available for PCI devices
[STDERR  ] 2018-08-22T13:03:45.369332774Z: [    0.000000] Booting paravirtualized kernel on bare hardware
[STDERR  ] 2018-08-22T13:03:45.369351135Z: [    0.000000] clocksource: refined-jiffies: mask: 0xffffffff max_cycles: 0xffffffff, max_idle_ns: 19112604462750000 ns
[STDERR  ] 2018-08-22T13:03:45.369371450Z: [    0.000000] random: get_random_bytes called from start_kernel+0x92/0x4cb with crng_init=0
[STDERR  ] 2018-08-22T13:03:45.369397937Z: [    0.000000] setup_percpu: NR_CPUS:128 nr_cpumask_bits:128 nr_cpu_ids:1 nr_node_ids:1
[STDERR  ] 2018-08-22T13:03:45.369417974Z: [    0.000000] percpu: Embedded 44 pages/cpu @ffff92f7fc800000 s143256 r8192 d28776 u2097152
[STDERR  ] 2018-08-22T13:03:45.369437340Z: [    0.000000] Built 1 zonelists, mobility grouping on.  Total pages: 257895
[STDERR  ] 2018-08-22T13:03:45.369456622Z: [    0.000000] Kernel command line: console=ttyS0 console=ttyAMA0
[STDERR  ] 2018-08-22T13:03:45.369476655Z: [    0.000000] PID hash table entries: 4096 (order: 3, 32768 bytes)
[STDERR  ] 2018-08-22T13:03:45.369495872Z: [    0.000000] Dentry cache hash table entries: 131072 (order: 8, 1048576 bytes)
[STDERR  ] 2018-08-22T13:03:45.369516173Z: [    0.000000] Inode-cac
[STDERR  ] 2018-08-22T13:03:45.384438448Z: + set -e
[STDERR  ] 2018-08-22T13:03:45.384539450Z: + . /tmp/build/test/cases/_lib/lib.sh
[STDERR  ] 2018-08-22T13:03:45.384564774Z: + [ -f src/github.com/linuxkit/rtf/lib/lib.sh ]
[STDERR  ] 2018-08-22T13:03:45.384584554Z: + LINUXKIT_TMPDIR=/tmp/build/test/cases/_tmp
[STDERR  ] 2018-08-22T13:03:45.384604929Z: + [ -f /tmp/build/test/cases/_tmp/env.sh ]
[STDERR  ] 2018-08-22T13:03:45.384623611Z: + . /tmp/build/test/cases/_tmp/env.sh
[STDERR  ] 2018-08-22T13:03:45.384646152Z: + export LINUXKIT_EXAMPLES_DIR=/tmp/build/test/cases/../../examples
[STDERR  ] 2018-08-22T13:03:45.384666129Z: + RT_CANCEL=253
[STDERR  ] 2018-08-22T13:03:45.384684155Z: + NAME=test-format
[STDERR  ] 2018-08-22T13:03:45.384703716Z: + DISK1=disk1.img
[STDERR  ] 2018-08-22T13:03:45.384722750Z: + DISK2=disk2.img
[STDERR  ] 2018-08-22T13:03:45.384741034Z: + trap clean_up EXIT
[STDERR  ] 2018-08-22T13:03:45.384762326Z: + linuxkit build -format kernel+initrd -name test-format test.yml
[STDERR  ] 2018-08-22T13:03:45.422712348Z: Extract kernel image: linuxkit/kernel:4.14.63
[STDERR  ] 2018-08-22T13:03:47.280830970Z: Add init containers:
[STDERR  ] 2018-08-22T13:03:47.281075021Z: Process init image: linuxkit/init:v0.6
[STDERR  ] 2018-08-22T13:03:48.483282166Z: Process init image: linuxkit/runc:v0.6
[STDERR  ] 2018-08-22T13:03:49.645227560Z: Add onboot containers:
[STDERR  ] 2018-08-22T13:03:49.645295126Z:   Create OCI config for linuxkit/format:v0.6
[STDERR  ] 2018-08-22T13:03:51.039593209Z:   Create OCI config for linuxkit/format:v0.6
[STDERR  ] 2018-08-22T13:03:52.547618880Z:   Create OCI config for linuxkit/mount:v0.6
[STDERR  ] 2018-08-22T13:03:53.979142320Z:   Create OCI config for linuxkit/mount:v0.6
[STDERR  ] 2018-08-22T13:03:55.408063780Z:   Create OCI config for alpine:3.8
[STDERR  ] 2018-08-22T13:03:56.588714283Z:   Create OCI config for linuxkit/poweroff:afe8f7dd0d47a7991c54519b0f09124cb8c4e300
[STDERR  ] 2018-08-22T13:03:57.805534371Z: Add files:
[STDERR  ] 2018-08-22T13:03:57.805592911Z:   check.sh
[STDERR  ] 2018-08-22T13:03:57.818300297Z: Create outputs:
[STDERR  ] 2018-08-22T13:04:05.322424844Z:   test-format-kernel test-format-initrd.img test-format-cmdline
[STDERR  ] 2018-08-22T13:04:05.402430370Z: + linuxkit run -disk file=disk1.img,size=512M -disk file=disk2.img,size=512M test-format
[STDERR  ] 2018-08-22T13:04:59.732323714Z: + RESULT=[    0.000000] Linux version 4.14.63-linuxkit (root@rlin01) (gcc version 6.4.0 (Alpine 6.4.0)) #1 SMP Fri Aug 17 17:27:47 UTC 2018
[STDERR  ] 2018-08-22T13:04:59.732401058Z: [    0.000000] Command line: console=ttyS0 console=ttyAMA0
[STDERR  ] 2018-08-22T13:04:59.732421830Z: [    0.000000] x86/fpu: x87 FPU will use FXSAVE
[STDERR  ] 2018-08-22T13:04:59.732441666Z: [    0.000000] e820: BIOS-provided physical RAM map:
[STDERR  ] 2018-08-22T13:04:59.732466706Z: [    0.000000] BIOS-e820: [mem 0x0000000000000000-0x000000000009fbff] usable
[STDERR  ] 2018-08-22T13:04:59.732485119Z: [    0.000000] BIOS-e820: [mem 0x000000000009fc00-0x000000000009ffff] reserved
[STDERR  ] 2018-08-22T13:04:59.732503062Z: [    0.000000] BIOS-e820: [mem 0x00000000000f0000-0x00000000000fffff] reserved
[STDERR  ] 2018-08-22T13:04:59.732520543Z: [    0.000000] BIOS-e820: [mem 0x0000000000100000-0x000000003ffddfff] usable
[STDERR  ] 2018-08-22T13:04:59.732551864Z: [    0.000000] BIOS-e820: [mem 0x000000003ffde000-0x000000003fffffff] reserved
[STDERR  ] 2018-08-22T13:04:59.732570772Z: [    0.000000] BIOS-e820: [mem 0x00000000b0000000-0x00000000bfffffff] reserved
[STDERR  ] 2018-08-22T13:04:59.732587038Z: [    0.000000] BIOS-e820: [mem 0x00000000fed1c000-0x00000000fed1ffff] reserved
[STDERR  ] 2018-08-22T13:04:59.732603113Z: [    0.000000] BIOS-e820: [mem 0x00000000fffc0000-0x00000000ffffffff] reserved
[STDERR  ] 2018-08-22T13:04:59.732619402Z: [    0.000000] NX (Execute Disable) protection: active
[STDERR  ] 2018-08-22T13:04:59.732636455Z: [    0.000000] SMBIOS 2.8 present.
[STDERR  ] 2018-08-22T13:04:59.732653367Z: [    0.000000] DMI: QEMU Standard PC (Q35 + ICH9, 2009), BIOS 1.10.2-1 04/01/2014
[STDERR  ] 2018-08-22T13:04:59.732672351Z: [    0.000000] tsc: Fast TSC calibration using PIT
[STDERR  ] 2018-08-22T13:04:59.732690655Z: [    0.000000] e820: last_pfn = 0x3ffde max_arch_pfn = 0x400000000
[STDERR  ] 2018-08-22T13:04:59.732711575Z: [    0.000000] x86/PAT: Configuration [0-7]: WB  WC  UC- UC  WB  WP  UC- WT  
[STDERR  ] 2018-08-22T13:04:59.732731396Z: [    0.000000] found SMP MP-table at [mem 0x000f6a90-0x000f6a9f] mapped at [ffffffffff200a90]
[STDERR  ] 2018-08-22T13:04:59.732751952Z: [    0.000000] RAMDISK: [mem 0x3d474000-0x3ffcffff]
[STDERR  ] 2018-08-22T13:04:59.732769587Z: [    0.000000] ACPI: Early table checksum verification disabled
[STDERR  ] 2018-08-22T13:04:59.732786524Z: [    0.000000] ACPI: RSDP 0x00000000000F68D0 000014 (v00 BOCHS )
[STDERR  ] 2018-08-22T13:04:59.732803635Z: [    0.000000] ACPI: RSDT 0x000000003FFE2404 000034 (v01 BOCHS  BXPCRSDT 00000001 BXPC 00000001)
[STDERR  ] 2018-08-22T13:04:59.732825002Z: [    0.000000] ACPI: FACP 0x000000003FFE22A4 000074 (v01 BOCHS  BXPCFACP 00000001 BXPC 00000001)
[STDERR  ] 2018-08-22T13:04:59.732842026Z: [    0.000000] ACPI: DSDT 0x000000003FFE0040 002264 (v01 BOCHS  BXPCDSDT 00000001 BXPC 00000001)
[STDERR  ] 2018-08-22T13:04:59.732859046Z: [    0.000000] ACPI: FACS 0x000000003FFE0000 000040
[STDERR  ] 2018-08-22T13:04:59.732881414Z: [    0.000000] ACPI: APIC 0x000000003FFE2318 000078 (v01 BOCHS  BXPCAPIC 00000001 BXPC 00000001)
[STDERR  ] 2018-08-22T13:04:59.732898611Z: [    0.000000] ACPI: HPET 0x000000003FFE2390 000038 (v01 BOCHS  BXPCHPET 00000001 BXPC 00000001)
[STDERR  ] 2018-08-22T13:04:59.732916173Z: [    0.000000] ACPI: MCFG 0x000000003FFE23C8 00003C (v01 BOCHS  BXPCMCFG 00000001 BXPC 00000001)
[STDERR  ] 2018-08-22T13:04:59.732935542Z: [    0.000000] Zone ranges:
[STDERR  ] 2018-08-22T13:04:59.732953601Z: [    0.000000]   DMA      [mem 0x0000000000001000-0x0000000000ffffff]
[STDERR  ] 2018-08-22T13:04:59.732974117Z: [    0.000000]   DMA32    [mem 0x0000000001000000-0x000000003ffddfff]
[STDERR  ] 2018-08-22T13:04:59.732993413Z: [    0.000000]   Normal   empty
[STDERR  ] 2018-08-22T13:04:59.733011921Z: [    0.000000]   Device   empty
[STDERR  ] 2018-08-22T13:04:59.733029019Z: [    0.000000] Movable zone start for each node
[STDERR  ] 2018-08-22T13:04:59.733046698Z: [    0.000000] Early memory node ranges
[STDERR  ] 2018-08-22T13:04:59.733064436Z: [    0.000000]   node   0: [mem 0x0000000000001000-0x000000000009efff]
[STDERR  ] 2018-08-22T13:04:59.733082790Z: [    0.000000]   node   0: [mem 0x0000000000100000-0x000000003ffddfff]
[STDERR  ] 2018-08-22T13:04:59.733291043Z: [    0.000000] Initmem setup node 0 [mem 0x0000000000001000-0x000000003ffddfff]
[STDERR  ] 2018-08-22T13:04:59.733328866Z: [    0.000000] ACPI: PM-Timer IO Port: 0x608
[STDERR  ] 2018-08-22T13:04:59.733349143Z: [    0.000000] ACPI: LAPIC_NMI (acpi_id[0xff] dfl dfl lint[0x1])
[STDERR  ] 2018-08-22T13:04:59.733372892Z: [    0.000000] IOAPIC[0]: apic_id 0, version 32, address 0xfec00000, GSI 0-23
[STDERR  ] 2018-08-22T13:04:59.733397897Z: [    0.000000] ACPI: INT_SRC_OVR (bus 0 bus_irq 0 global_irq 2 dfl dfl)
[STDERR  ] 2018-08-22T13:04:59.733417322Z: [    0.000000] ACPI: INT_SRC_OVR (bus 0 bus_irq 5 global_irq 5 high level)
[STDERR  ] 2018-08-22T13:04:59.733437346Z: [    0.000000] ACPI: INT_SRC_OVR (bus 0 bus_irq 9 global_irq 9 high level)
[STDERR  ] 2018-08-22T13:04:59.733464577Z: [    0.000000] ACPI: INT_SRC_OVR (bus 0 bus_irq 10 global_irq 10 high level)
[STDERR  ] 2018-08-22T13:04:59.733484417Z: [    0.000000] ACPI: INT_SRC_OVR (bus 0 bus_irq 11 global_irq 11 high level)
[STDERR  ] 2018-08-22T13:04:59.733506680Z: [    0.000000] Using ACPI (MADT) for SMP configuration information
[STDERR  ] 2018-08-22T13:04:59.733525975Z: [    0.000000] ACPI: HPET id: 0x8086a201 base: 0xfed00000
[STDERR  ] 2018-08-22T13:04:59.733545661Z: [    0.000000] smpboot: Allowing 1 CPUs, 0 hotplug CPUs
[STDERR  ] 2018-08-22T13:04:59.733565708Z: [    0.000000] e820: [mem 0x40000000-0xafffffff] available for PCI devices
[STDERR  ] 2018-08-22T13:04:59.733584893Z: [    0.000000] Booting paravirtualized kernel on bare hardware
[STDERR  ] 2018-08-22T13:04:59.733604244Z: [    0.000000] clocksource: refined-jiffies: mask: 0xffffffff max_cycles: 0xffffffff, max_idle_ns: 19112604462750000 ns
[STDERR  ] 2018-08-22T13:04:59.733626301Z: [    0.000000] random: get_random_bytes called from start_kernel+0x92/0x4cb with crng_init=0
[STDERR  ] 2018-08-22T13:04:59.733645594Z: [    0.000000] setup_percpu: NR_CPUS:128 nr_cpumask_bits:128 nr_cpu_ids:1 nr_node_ids:1
[STDERR  ] 2018-08-22T13:04:59.733664943Z: [    0.000000] percpu: Embedded 44 pages/cpu @ffff98bebd200000 s143256 r8192 d28776 u2097152
[STDERR  ] 2018-08-22T13:04:59.733684199Z: [    0.000000] Built 1 zonelists, mobility grouping on.  Total pages: 257895
[STDERR  ] 2018-08-22T13:04:59.733703908Z: [    0.000000] Kernel command line: console=ttyS0 console=ttyAMA0
[STDERR  ] 2018-08-22T13:04:59.733723417Z: [    0.000000] PID hash table entries: 4096 (order: 3, 32768 bytes)
[STDERR  ] 2018-08-22T13:04:59.733742954Z: [    0.000000] Dentry cache hash table entries: 131072 (order: 8, 1048576 bytes)
[STDERR  ] 2018-08-22T13:04:59.733761625Z: [    0.000000] Inode-cache hash table entries: 65536 (order: 7, 524288 bytes)
[STDERR  ] 2018-08-22T13:04:59.733781097Z: [    0.000000] Memory: 960384K/1048048K available (12300K kernel code, 1465K rwdata, 2996K rodata, 1516K init, 632K bss, 87664K reserved, 0K cma-reserved)
[STDERR  ] 2018-08-22T13:04:59.733805208Z: [    0.000000] ftrace: allocating 41077 entries in 161 pages
[STDERR  ] 2018-08-22T13:04:59.733825086Z: [    0.000000] Hierarchical RCU implementation.
[STDERR  ] 2018-08-22T13:04:59.733844359Z: [    0.000000] 	RCU restricting CPUs from NR_CPUS=128 to nr_cpu_ids=1.
[STDERR  ] 2018-08-22T13:04:59.733863612Z: [    0.000000] RCU: Adjusting geometry for rcu_fanout_leaf=16, nr_cpu_ids=1
[STDERR  ] 2018-08-22T13:04:59.733882946Z: [    0.000000] NR_IRQS: 8448, nr_irqs: 256, preallocated irqs: 16
[STDERR  ] 2018-08-22T13:04:59.733902007Z: [    0.000000] Console: colour VGA+ 80x25
[STDERR  ] 2018-08-22T13:04:59.733921726Z: [    0.000000] console [ttyS0] enabled
[STDERR  ] 2018-08-22T13:04:59.733941421Z: [    0.000000] clocksource: hpet: mask: 0xffffffff max_cycles: 0xffffffff, max_idle_ns: 19112604467 ns
[STDERR  ] 2018-08-22T13:04:59.733961213Z: [    0.010000] tsc: Fast TSC calibration using PIT
[STDERR  ] 2018-08-22T13:04:59.733980284Z: [    0.010000] tsc: Detected 2600.120 MHz processor
[STDERR  ] 2018-08-22T13:04:59.733999745Z: [    0.010000] Calibrating delay loop (skipped), value calculated using timer frequency.. 5200.24 BogoMIPS (lpj=26001200)
[STDERR  ] 2018-08-22T13:04:59.734019752Z: [    0.010000] pid_max: default: 32768 minimum: 301
[STDERR  ] 2018-08-22T13:04:59.734076483Z: [    0.010000] ACPI: Core revision 20170728
[STDERR  ] 2018-08-22T13:04:59.734095361Z: [    0.048261] ACPI: 1 ACPI AML tables successfully acquired and loaded
[STDERR  ] 2018-08-22T13:04:59.734114455Z: [    0.050062] Security Framework initialized
[STDERR  ] 2018-08-22T13:04:59.734137369Z: [    0.050440] Yama: becoming mindful.
[STDERR  ] 2018-08-22T13:04:59.734156377Z: [    0.052209] Mount-cache hash table entries: 2048 (order: 2, 16384 bytes)
[STDERR  ] 2018-08-22T13:04:59.734175473Z: [    0.052651] Mountpoint-cache hash table entries: 2048 (order: 2, 16384 bytes)
[STDERR  ] 2018-08-22T13:04:59.734194383Z: [    0.066379] Last level iTLB entries: 4KB 0, 2MB 0, 4MB 0
[STDERR  ] 2018-08-22T13:04:59.734224446Z: [    0.066862] Last level dTLB entries: 4KB 0, 2MB 0, 4MB 0, 1GB 0
[STDERR  ] 2018-08-22T13:04:59.734243999Z: [    0.067421] Spectre V2 : Spectre mitigation: LFENCE not serializing, switching to generic retpoline
[STDERR  ] 2018-08-22T13:04:59.734273156Z: [    0.068145] Spectre V2 : Mitigation: Full generic retpoline
[STDERR  ] 2018-08-22T13:04:59.734292182Z: [    0.068600] Spectre V2 : Spectre v2 / SpectreRSB mitigation: Filling RSB on context switch
[STDERR  ] 2018-08-22T13:04:59.734323827Z: [    0.069285] Speculative Store Bypass: Vulnerable
[STDERR  ] 2018-08-22T13:04:59.734343056Z: [    0.291866] Freeing SMP alternatives memory: 20K
[STDERR  ] 2018-08-22T13:04:59.734362053Z: [    0.307806] smpboot: Max logical packages: 1
[STDERR  ] 2018-08-22T13:04:59.734384907Z: [    0.312413] ..TIMER: vector=0x30 apic1=0 pin1=2 apic2=-1 pin2=-1
[STDERR  ] 2018-08-22T13:04:59.734404399Z: [    0.420000] smpboot: CPU0: AMD QEMU Virtual CPU version 2.5+ (family: 0x6, model: 0x6, stepping: 0x3)
[STDERR  ] 2018-08-22T13:04:59.734423848Z: [    0.420000] Performance Events: PMU not available due to virtualization, using software events only.
[STDERR  ] 2018-08-22T13:04:59.734443578Z: [    0.420000] Hierarchical SRCU implementation.
[STDERR  ] 2018-08-22T13:04:59.734464814Z: [    0.423400] NMI watchdog: Perf event create on CPU 0 failed with -2
[STDERR  ] 2018-08-22T13:04:59.734484928Z: [    0.423802] NMI watchdog: Perf NMI watchdog permanently disabled
[STDERR  ] 2018-08-22T13:04:59.734503663Z: [    0.426743] smp: Bringing up secondary CPUs ...
[STDERR  ] 2018-08-22T13:04:59.734525543Z: [    0.427096] smp: Brought up 1 node, 1 CPU
[STDERR  ] 2018-08-22T13:04:59.734544864Z: [    0.427417] smpboot: Total of 1 processors activated (5200.24 BogoMIPS)
[STDERR  ] 2018-08-22T13:04:59.734567647Z: [    0.440628] devtmpfs: initialized
[STDERR  ] 2018-08-22T13:04:59.734586756Z: [    0.444088] x86/mm: Memory block size: 128MB
[STDERR  ] 2018-08-22T13:04:59.734616573Z: [    0.448688] evm: security.ima
[STDERR  ] 2018-08-22T13:04:59.734640378Z: [    0.448952] evm: security.capability
[STDERR  ] 2018-08-22T13:04:59.734659597Z: [    0.451805] clocksource: jiffies: mask: 0xffffffff max_cycles: 0xffffffff, max_idle_ns: 19112604462750000 ns
[STDERR  ] 2018-08-22T13:04:59.734681955Z: [    0.452514] futex hash table entries: 256 (order: 2, 16384 bytes)
[STDERR  ] 2018-08-22T13:04:59.734701409Z: [    0.460969] NET: Registered protocol family 16
[STDERR  ] 2018-08-22T13:04:59.734720270Z: [    0.466688] cpuidle: using governor ladder
[STDERR  ] 2018-08-22T13:04:59.734739882Z: [    0.467128] cpuidle: using governor menu
[STDERR  ] 2018-08-22T13:04:59.734759286Z: [    0.468445] ACPI: bus type PCI registered
[STDERR  ] 2018-08-22T13:04:59.734777935Z: [    0.470911] PCI: MMCONFIG for domain 0000 [bus 00-ff] at [mem 0xb0000000-0xbfffffff] (base 0xb0000000)
[STDERR  ] 2018-08-22T13:04:59.734797161Z: [    0.471616] PCI: MMCONFIG at [mem 0xb0000000-0xbfffffff] reserved in E820
[STDERR  ] 2018-08-22T13:04:59.734816510Z: [    0.472483] PCI: Using configuration type 1 for base access
[STDERR  ] 2018-08-22T13:04:59.734835237Z: [    0.517396] HugeTLB registered 2.00 MiB page size, pre-allocated 0 pages
[STDERR  ] 2018-08-22T13:04:59.734854939Z: [    0.526109] ACPI: Added _OSI(Module Device)
[STDERR  ] 2018-08-22T13:04:59.734873979Z: [    0.526507] ACPI: Added _OSI(Processor Device)
[STDERR  ] 2018-08-22T13:04:59.734895527Z: [    0.526831] ACPI: Added _OSI(3.0 _SCP Extensions)
[STDERR  ] 2018-08-22T13:04:59.734921173Z: [    0.527198] ACPI: Added _OSI(Processor Aggregator Device)
[STDERR  ] 2018-08-22T13:04:59.734939939Z: [    0.578431] ACPI: Interpreter enabled
[STDERR  ] 2018-08-22T13:04:59.734959042Z: [    0.579147] ACPI: (supports S0 S5)
[STDERR  ] 2018-08-22T13:04:59.734977825Z: [    0.579461] ACPI: Using IOAPIC for interrupt routing
[STDERR  ] 2018-08-22T13:04:59.734997064Z: [    0.581268] PCI: Using host bridge windows from ACPI; if necessary, use "pci=nocrs" and report a bug
[STDERR  ] 2018-08-22T13:04:59.735021167Z: [    0.583860] ACPI: Enabled 2 GPEs in block 00 to 3F
[STDERR  ] 2018-08-22T13:04:59.735040673Z: [    0.633016] ACPI: PCI Root Bridge [PCI0] (domain 0000 [bus 00-ff])
[STDERR  ] 2018-08-22T13:04:59.735059843Z: [    0.633830] acpi PNP0A08:00: _OSC: OS supports [ExtendedConfig ASPM ClockPM Segments MSI]
[STDERR  ] 2018-08-22T13:04:59.735079779Z: [    0.637284] acpi PNP0A08:00: _OSC: OS now controls [PCIeHotplug PME PCIeCapability]
[STDERR  ] 2018-08-22T13:04:59.735098559Z: [    0.640427] PCI host bridge to bus 0000:00
[STDERR  ] 2018-08-22T13:04:59.735117618Z: [    0.640840] pci_bus 0000:00: root bus resource [io  0x0000-0x0cf7 window]
[STDERR  ] 2018-08-22T13:04:59.735136515Z: [    0.641255] pci_bus 0000:00: root bus resource [io  0x0d00-0xffff window]
[STDERR  ] 2018-08-22T13:04:59.735155545Z: [    0.641656] pci_bus 0000:00: root bus resource [mem 0x000a0000-0x000bffff window]
[STDERR  ] 2018-08-22T13:04:59.735174429Z: [    0.642061] pci_bus 0000:00: root bus resource [mem 0xc0000000-0xfebfffff window]
[STDERR  ] 2018-08-22T13:04:59.735198881Z: [    0.642573] pci_bus 0000:00: root bus resource [bus 00-ff]
[STDERR  ] 2018-08-22T13:04:59.735220540Z: [    0.684831] pci 0000:00:1f.0: quirk: [io  0x0600-0x067f] claimed by ICH6 ACPI/GPIO/TCO
[STDERR  ] 2018-08-22T13:04:59.735240265Z: [    0.712950] ACPI: PCI Interrupt Link [LNKA] (IRQs 5 *10 11)
[STDERR  ] 2018-08-22T13:04:59.735259310Z: [    0.714488] ACPI: PCI Interrupt Link [LNKB] (IRQs 5 *10 11)
[STDERR  ] 2018-08-22T13:04:59.735286905Z: [    0.715725] ACPI: PCI Interrupt Link [LNKC] (IRQs 5 10 *11)
[STDERR  ] 2018-08-22T13:04:59.735303039Z: [    0.716943] ACPI: PCI Interrupt Link [LNKD] (IRQs 5 10 *11)
[STDERR  ] 2018-08-22T13:04:59.735330351Z: [    0.718223] ACPI: PCI Interrupt Link [LNKE] (IRQs 5 *10 11)
[STDERR  ] 2018-08-22T13:04:59.735349531Z: [    0.719540] ACPI: PCI Interrupt Link [LNKF] (IRQs 5 *10 11)
[STDERR  ] 2018-08-22T13:04:59.735369397Z: [    0.720964] ACPI: PCI Interrupt Link [LNKG] (IRQs 5 10 *11)
[STDERR  ] 2018-08-22T13:04:59.735392275Z: [    0.722216] ACPI: PCI Interrupt Link [LNKH] (IRQs 5 10 *11)
[STDERR  ] 2018-08-22T13:04:59.735412298Z: [    0.722873] ACPI: PCI Interrupt Link [GSIA] (IRQs *16)
[STDERR  ] 2018-08-22T13:04:59.735431519Z: [    0.723348] ACPI: PCI Interrupt Link [GSIB] (IRQs *17)
[STDERR  ] 2018-08-22T13:04:59.735450605Z: [    0.723830] ACPI: PCI Interrupt Link [GSIC] (IRQs *18)
[STDERR  ] 2018-08-22T13:04:59.735469544Z: [    0.724288] ACPI: PCI Interrupt Link [GSID] (IRQs *19)
[STDERR  ] 2018-08-22T13:04:59.735488387Z: [    0.724763] ACPI: PCI Interrupt Link [GSIE] (IRQs *20)
[STDERR  ] 2018-08-22T13:04:59.735507683Z: [    0.725245] ACPI: PCI Interrupt Link [GSIF] (IRQs *21)
[STDERR  ] 2018-08-22T13:04:59.735529817Z: [    0.725716] ACPI: PCI Interrupt Link [GSIG] (IRQs *22)
[STDERR  ] 2018-08-22T13:04:59.735548455Z: [    0.726210] ACPI: PCI Interrupt Link [GSIH] (IRQs *23)
[STDERR  ] 2018-08-22T13:04:59.735566552Z: [    0.733190] SCSI subsystem initialized
[STDERR  ] 2018-08-22T13:04:59.735585107Z: [    0.735270] ACPI: bus type USB registered
[STDERR  ] 2018-08-22T13:04:59.735603811Z: [    0.736014] usbcore: registered new interface driver usbfs
[STDERR  ] 2018-08-22T13:04:59.735622656Z: [    0.736678] usbcore: registered new interface driver hub
[STDERR  ] 2018-08-22T13:04:59.735644414Z: [    0.737357] usbcore: registered new device driver usb
[STDERR  ] 2018-08-22T13:04:59.735663213Z: [    0.738162] pps_core: LinuxPPS API ver. 1 registered
[STDERR  ] 2018-08-22T13:04:59.735681933Z: [    0.738566] pps_core: Software ver. 5.3.6 - Copyright 2005-2007 Rodolfo Giometti <giometti@linux.it>
[STDERR  ] 2018-08-22T13:04:59.735701247Z: [    0.739344] PTP clock support registered
[STDERR  ] 2018-08-22T13:04:59.735719827Z: [    0.741368] PCI: Using ACPI for IRQ routing
[STDERR  ] 2018-08-22T13:04:59.735738708Z: [    0.753892] NetLabel: Initializing
[STDERR  ] 2018-08-22T13:04:59.735758236Z: [    0.754142] NetLabel:  domain hash size = 128
[STDERR  ] 2018-08-22T13:04:59.735777710Z: [    0.754413] NetLabel:  protocols = UNLABELED CIPSOv4 CALIPSO
[STDERR  ] 2018-08-22T13:04:59.735801854Z: [    0.756087] NetLabel:  unlabeled traffic allowed by default
[STDERR  ] 2018-08-22T13:04:59.735827647Z: [    0.757383] HPET: 3 timers in total, 0 timers will be used for per-cpu timer
[STDERR  ] 2018-08-22T13:04:59.735847390Z: [    0.758069] hpet0: at MMIO 0xfed00000, IRQs 2, 8, 0
[STDERR  ] 2018-08-22T13:04:59.735866555Z: [    0.758520] hpet0: 3 comparators, 64-bit 100.000000 MHz counter
[STDERR  ] 2018-08-22T13:04:59.735886243Z: [    0.763326] clocksource: Switched to clocksource hpet
[STDERR  ] 2018-08-22T13:04:59.735911066Z: [    0.985968] VFS: Disk quotas dquot_6.6.0
[STDERR  ] 2018-08-22T13:04:59.735937510Z: [    0.986610] VFS: Dquot-cache hash table entries: 512 (order 0, 4096 bytes)
[STDERR  ] 2018-08-22T13:04:59.735960486Z: [    0.988856] FS-Cache: Loaded
[STDERR  ] 2018-08-22T13:04:59.735979531Z: [    0.993251] CacheFiles: Loaded
[STDERR  ] 2018-08-22T13:04:59.735998929Z: [    0.994074] pnp: PnP ACPI init
[STDERR  ] 2018-08-22T13:04:59.736018012Z: [    1.002433] pnp: PnP ACPI: found 5 devices
[STDERR  ] 2018-08-22T13:04:59.736038031Z: [    1.036186] clocksource: acpi_pm: mask: 0xffffff max_cycles: 0xffffff, max_idle_ns: 2085701024 ns
[STDERR  ] 2018-08-22T13:04:59.736057843Z: [    1.038328] NET: Registered protocol family 2
[STDERR  ] 2018-08-22T13:04:59.736076961Z: [    1.044295] TCP established hash table entries: 8192 (order: 4, 65536 bytes)
[STDERR  ] 2018-08-22T13:04:59.736098367Z: [    1.044957] TCP bind hash table entries: 8192 (order: 5, 131072 bytes)
[STDERR  ] 2018-08-22T13:04:59.736118119Z: [    1.045962] TCP: Hash tables configured (established 8192 bind 8192)
[STDERR  ] 2018-08-22T13:04:59.736136773Z: [    1.047623] UDP hash table entries: 512 (order: 2, 16384 bytes)
[STDERR  ] 2018-08-22T13:04:59.736161703Z: [    1.048248] UDP-Lite hash table entries: 512 (order: 2, 16384 bytes)
[STDERR  ] 2018-08-22T13:04:59.736180819Z: [    1.050507] NET: Registered protocol family 1
[STDERR  ] 2018-08-22T13:04:59.736209280Z: [    1.051285] pci 0000:00:01.0: Video device with shadowed ROM at [mem 0x000c0000-0x000dffff]
[STDERR  ] 2018-08-22T13:04:59.736229412Z: [    1.055729] Trying to unpack rootfs image as initramfs...
[STDERR  ] 2018-08-22T13:04:59.736248580Z: [    8.358935] Freeing initrd memory: 44400K
[STDERR  ] 2018-08-22T13:04:59.736281394Z: [    8.377844] PCLMULQDQ-NI instructions are not detected.
[STDERR  ] 2018-08-22T13:04:59.736300718Z: [    8.378874] AVX or AES-NI instructions are not detected.
[STDERR  ] 2018-08-22T13:04:59.736326541Z: [    8.379343] CPU feature 'AVX registers' is not supported.
[STDERR  ] 2018-08-22T13:04:59.736344880Z: [    8.379782] CPU feature 'AVX registers' is not supported.
[STDERR  ] 2018-08-22T13:04:59.736362942Z: [    8.380506] CPU feature 'AVX registers' is not supported.
[STDERR  ] 2018-08-22T13:04:59.736381926Z: [    8.380864] CPU feature 'AVX registers' is not supported.
[STDERR  ] 2018-08-22T13:04:59.736400172Z: [    8.381190] AVX2 or AES-NI instructions are not detected.
[STDERR  ] 2018-08-22T13:04:59.736421865Z: [    8.381515] AVX2 instructions are not detected.
[STDERR  ] 2018-08-22T13:04:59.736440261Z: [    8.385549] audit: initializing netlink subsys (disabled)
[STDERR  ] 2018-08-22T13:04:59.736459565Z: [    8.387800] audit: type=2000 audit(1534943056.380:1): state=initialized audit_enabled=0 res=1
[STDERR  ] 2018-08-22T13:04:59.736480798Z: [    8.393332] workingset: timestamp_bits=46 max_order=18 bucket_order=0
[STDERR  ] 2018-08-22T13:04:59.736500307Z: [    8.397776] squashfs: version 4.0 (2009/01/31) Phillip Lougher
[STDERR  ] 2018-08-22T13:04:59.736519881Z: [    8.399648] FS-Cache: Netfs 'cifs' registered for caching
[STDERR  ] 2018-08-22T13:04:59.736538847Z: [    8.400954] fuse init (API version 7.26)
[STDERR  ] 2018-08-22T13:04:59.736558028Z: [    8.402892] SGI XFS with ACLs, security attributes, no debug enabled
[STDERR  ] 2018-08-22T13:04:59.736579986Z: [    8.405803] 9p: Installing v9fs 9p2000 file system support
[STDERR  ] 2018-08-22T13:04:59.736600452Z: [    8.406244] FS-Cache: Netfs '9p' registered for caching
[STDERR  ] 2018-08-22T13:04:59.736623646Z: [    8.436421] NET: Registered protocol family 38
[STDERR  ] 2018-08-22T13:04:59.736645637Z: [    8.436974] Key type asymmetric registered
[STDERR  ] 2018-08-22T13:04:59.736664721Z: [    8.437274] Asymmetric key parser 'x509' registered
[STDERR  ] 2018-08-22T13:04:59.736683488Z: [    8.437875] Block layer SCSI generic (bsg) driver version 0.4 loaded (major 247)
[STDERR  ] 2018-08-22T13:04:59.736702372Z: [    8.439143] io scheduler noop registered
[STDERR  ] 2018-08-22T13:04:59.736720779Z: [    8.439483] io scheduler deadline registered (default)
[STDERR  ] 2018-08-22T13:04:59.736740136Z: [    8.441313] io scheduler cfq registered
[STDERR  ] 2018-08-22T13:04:59.736758490Z: [    8.441574] io scheduler mq-deadline registered
[STDERR  ] 2018-08-22T13:04:59.736777449Z: [    8.441846] io scheduler kyber registered
[STDERR  ] 2018-08-22T13:04:59.736796991Z: [    8.444182] shpchp: Standard Hot Plug PCI Controller Driver version: 0.4
[STDERR  ] 2018-08-22T13:04:59.736815901Z: [    8.444840] hv_vmbus: registering driver hyperv_fb
[STDERR  ] 2018-08-22T13:04:59.736835077Z: [    8.447352] input: Power Button as /devices/LNXSYSTM:00/LNXPWRBN:00/input/input0
[STDERR  ] 2018-08-22T13:04:59.736854322Z: [    8.449716] ACPI: Power Button [PWRF]
[STDERR  ] 2018-08-22T13:04:59.736873135Z: [    8.463584] ACPI: PCI Interrupt Link [GSIG] enabled at IRQ 22
[STDERR  ] 2018-08-22T13:04:59.736892201Z: [    8.471992] ACPI: PCI Interrupt Link [GSIH] enabled at IRQ 23
[STDERR  ] 2018-08-22T13:04:59.736911807Z: [    8.475374] Serial: 8250/16550 driver, 4 ports, IRQ sharing disabled
[STDERR  ] 2018-08-22T13:04:59.736931537Z: [    8.501664] 00:04: ttyS0 at I/O 0x3f8 (irq = 4, base_baud = 115200) is a 16550A
[STDERR  ] 2018-08-22T13:04:59.736951033Z: [    8.509336] Non-volatile memory driver v1.3
[STDERR  ] 2018-08-22T13:04:59.736970410Z: [    8.514582] Hangcheck: starting hangcheck timer 0.9.1 (tick is 180 seconds, margin is 60 seconds).
[STDERR  ] 2018-08-22T13:04:59.736993550Z: [    8.527349] random: fast init done
[STDERR  ] 2018-08-22T13:04:59.737013130Z: [    8.528460] random: crng init done
[STDERR  ] 2018-08-22T13:04:59.737031728Z: [    8.567422] brd: module loaded
[STDERR  ] 2018-08-22T13:04:59.737055700Z: [    8.591987] loop: module loaded
[STDERR  ] 2018-08-22T13:04:59.737078749Z: [    8.635933] lpc_ich 0000:00:1f.0: I/O space for GPIO uninitialized
[STDERR  ] 2018-08-22T13:04:59.737138237Z: [    8.637531] VMware PVSCSI driver - version 1.0.7.0-k
[STDERR  ] 2018-08-22T13:04:59.737158034Z: [    8.638075] hv_vmbus: registering driver hv_storvsc
[STDERR  ] 2018-08-22T13:04:59.737197295Z: [    8.645416] ACPI: PCI Interrupt Link [GSIA] enabled at IRQ 16
[STDERR  ] 2018-08-22T13:04:59.737219944Z: [    8.651182] ahci 0000:00:1f.2: AHCI 0001.0000 32 slots 6 ports 1.5 Gbps 0x3f impl SATA mode
[STDERR  ] 2018-08-22T13:04:59.737238953Z: [    8.651742] ahci 0000:00:1f.2: flags: 64bit ncq only 
[STDERR  ] 2018-08-22T13:04:59.737258119Z: [    8.667722] scsi host0: ahci
[STDERR  ] 2018-08-22T13:04:59.737317566Z: [    8.670542] scsi host1: ahci
[STDERR  ] 2018-08-22T13:04:59.737340323Z: [    8.672048] scsi host2: ahci
[STDERR  ] 2018-08-22T13:04:59.737378826Z: [    8.673422] scsi host3: ahci
[STDERR  ] 2018-08-22T13:04:59.737398015Z: [    8.674880] scsi host4: ahci
[STDERR  ] 2018-08-22T13:04:59.737416749Z: [    8.676261] scsi host5: ahci
[STDERR  ] 2018-08-22T13:04:59.737456785Z: [    8.677349] ata1: SATA max UDMA/133 abar m4096@0xfebd2000 port 0xfebd2100 irq 24
[STDERR  ] 2018-08-22T13:04:59.737484377Z: [    8.677817] ata2: SATA max UDMA/133 abar m4096@0xfebd2000 port 0xfebd2180 irq 24
[STDERR  ] 2018-08-22T13:04:59.737503234Z: [    8.678238] ata3: SATA max UDMA/133 abar m4096@0xfebd2000 port 0xfebd2200 irq 24
[STDERR  ] 2018-08-22T13:04:59.737539545Z: [    8.678758] ata4: SATA max UDMA/133 abar m4096@0xfebd2000 port 0xfebd2280 irq 24
[STDERR  ] 2018-08-22T13:04:59.737561053Z: [    8.679303] ata5: SATA max UDMA/133 abar m4096@0xfebd2000 port 0xfebd2300 irq 24
[STDERR  ] 2018-08-22T13:04:59.737589294Z: [    8.679836] ata6: SATA max UDMA/133 abar m4096@0xfebd2000 port 0xfebd2380 irq 24
[STDERR  ] 2018-08-22T13:04:59.737628278Z: [    8.689929] tun: Universal TUN/TAP device driver, 1.6
[STDERR  ] 2018-08-22T13:04:59.737647633Z: [    8.699326] VMware vmxnet3 virtual NIC driver - version 1.4.a.0-k-NAPI
[STDERR  ] 2018-08-22T13:04:59.737666329Z: [    8.700645] hv_vmbus: registering driver hv_netvsc
[STDERR  ] 2018-08-22T13:04:59.737710786Z: [    8.700969] Fusion MPT base driver 3.04.20
[STDERR  ] 2018-08-22T13:04:59.737730304Z: [    8.701202] Copyright (c) 1999-2008 LSI Corporation
[STDERR  ] 2018-08-22T13:04:59.737749420Z: [    8.701625] Fusion MPT SPI Host driver 3.04.20
[STDERR  ] 2018-08-22T13:04:59.737783989Z: [    8.703199] i8042: PNP: PS/2 Controller [PNP0303:KBD,PNP0f13:MOU] at 0x60,0x64 irq 1,12
[STDERR  ] 2018-08-22T13:04:59.737804798Z: [    8.706675] serio: i8042 KBD port at 0x60,0x64 irq 1
[STDERR  ] 2018-08-22T13:04:59.737824344Z: [    8.707301] serio: i8042 AUX port at 0x60,0x64 irq 12
[STDERR  ] 2018-08-22T13:04:59.737864560Z: [    8.709303] hv_vmbus: registering driver hyperv_keyboard
[STDERR  ] 2018-08-22T13:04:59.737883625Z: [    8.711335] mousedev: PS/2 mouse device common for all mice
[STDERR  ] 2018-08-22T13:04:59.737902521Z: [    8.714742] input: AT Translated Set 2 keyboard as /devices/platform/i8042/serio0/input/input1
[STDERR  ] 2018-08-22T13:04:59.737940970Z: [    8.716699] input: PC Speaker as /devices/platform/pcspkr/input/input2
[STDERR  ] 2018-08-22T13:04:59.737961831Z: [    8.719571] rtc_cmos 00:00: RTC can wake from S4
[STDERR  ] 2018-08-22T13:04:59.737981980Z: [    8.722432] rtc_cmos 00:00: rtc core: registered rtc_cmos as rtc0
[STDERR  ] 2018-08-22T13:04:59.738003676Z: [    8.723411] rtc_cmos 00:00: alarms up to one day, y3k, 114 bytes nvram, hpet irqs
[STDERR  ] 2018-08-22T13:04:59.738044907Z: [    8.724025] i2c /dev entries driver
[STDERR  ] 2018-08-22T13:04:59.738064127Z: [    8.725553] device-mapper: ioctl: 4.37.0-ioctl (2017-09-20) initialised: dm-devel@redhat.com
[STDERR  ] 2018-08-22T13:04:59.738106181Z: [    8.728963] usbcore: registered new interface driver usbhid
[STDERR  ] 2018-08-22T13:04:59.738130256Z: [    8.729409] usbhid: USB HID core driver
[STDERR  ] 2018-08-22T13:04:59.738148997Z: [    8.730308] hv_utils: Registering HyperV Utility Driver
[STDERR  ] 2018-08-22T13:04:59.738168831Z: [    8.730637] hv_vmbus: registering driver hv_util
[STDERR  ] 2018-08-22T13:04:59.738211862Z: [    8.730919] hv_vmbus: registering driver hv_balloon
[STDERR  ] 2018-08-22T13:04:59.738231094Z: [    8.731457] oprofile: using NMI interrupt.
[STDERR  ] 2018-08-22T13:04:59.738249946Z: [    8.732333] GACT probability on
[STDERR  ] 2018-08-22T13:04:59.738295844Z: [    8.732651] Mirror/redirect action on
[STDERR  ] 2018-08-22T13:04:59.738322074Z: [    8.733098] Simple TC action Loaded
[STDERR  ] 2018-08-22T13:04:59.738340981Z: [    8.733483] u32 classifier
[STDERR  ] 2018-08-22T13:04:59.738381924Z: [    8.733649]     Performance counters on
[STDERR  ] 2018-08-22T13:04:59.738400861Z: [    8.733884]     input device check on
[STDERR  ] 2018-08-22T13:04:59.738420540Z: [    8.734094]     Actions configured
[STDERR  ] 2018-08-22T13:04:59.738456597Z: [    8.734635] Netfilter messages via NETLINK v0.30.
[STDERR  ] 2018-08-22T13:04:59.738476096Z: [    8.735064] nfnl_acct: registering with nfnetlink.
[STDERR  ] 2018-08-22T13:04:59.738495212Z: [    8.736208] nf_conntrack version 0.5.0 (8192 buckets, 32768 max)
[STDERR  ] 2018-08-22T13:04:59.738531697Z: [    8.737913] ctnetlink v0.93: registering with nfnetlink.
[STDERR  ] 2018-08-22T13:04:59.738557483Z: [    8.740936] nf_tables: (c) 2007-2009 Patrick McHardy <kaber@trash.net>
[STDERR  ] 2018-08-22T13:04:59.738576439Z: [    8.741609] nf_tables_compat: (c) 2012 Pablo Neira Ayuso <pablo@netfilter.org>
[STDERR  ] 2018-08-22T13:04:59.738616384Z: [    8.743570] xt_time: kernel timezone is -0000
[STDERR  ] 2018-08-22T13:04:59.738635374Z: [    8.744011] ip_set: protocol 6
[STDERR  ] 2018-08-22T13:04:59.738654876Z: [    8.744541] IPVS: Registered protocols (TCP, UDP, SCTP, AH, ESP)
[STDERR  ] 2018-08-22T13:04:59.738697707Z: [    8.745066] IPVS: Connection hash table configured (size=4096, memory=64Kbytes)
[STDERR  ] 2018-08-22T13:04:59.738716803Z: [    8.748147] IPVS: ipvs loaded.
[STDERR  ] 2018-08-22T13:04:59.738736465Z: [    8.748490] IPVS: [rr] scheduler registered.
[STDERR  ] 2018-08-22T13:04:59.738772678Z: [    8.748856] IPVS: [wrr] scheduler registered.
[STDERR  ] 2018-08-22T13:04:59.738796456Z: [    8.749178] IPVS: [lc] scheduler registered.
[STDERR  ] 2018-08-22T13:04:59.738818689Z: [    8.749504] IPVS: [wlc] scheduler registered.
[STDERR  ] 2018-08-22T13:04:59.738837561Z: [    8.749856] IPVS: [fo] scheduler registered.
[STDERR  ] 2018-08-22T13:04:59.738874175Z: [    8.750583] IPVS: [ovf] scheduler registered.
[STDERR  ] 2018-08-22T13:04:59.738893452Z: [    8.750966] IPVS: [lblc] scheduler registered.
[STDERR  ] 2018-08-22T13:04:59.738912362Z: [    8.751296] IPVS: [lblcr] scheduler registered.
[STDERR  ] 2018-08-22T13:04:59.738950683Z: [    8.751568] IPVS: [dh] scheduler registered.
[STDERR  ] 2018-08-22T13:04:59.738970167Z: [    8.751822] IPVS: [sh] scheduler registered.
[STDERR  ] 2018-08-22T13:04:59.738989269Z: [    8.752078] IPVS: [sed] scheduler registered.
[STDERR  ] 2018-08-22T13:04:59.739025658Z: [    8.752333] IPVS: [nq] scheduler registered.
[STDERR  ] 2018-08-22T13:04:59.739048841Z: [    8.752912] IPVS: ftp: loaded support on port[0] = 21
[STDERR  ] 2018-08-22T13:04:59.739067858Z: [    8.753584] ipip: IPv4 and MPLS over IPv4 tunneling driver
[STDERR  ] 2018-08-22T13:04:59.739104483Z: [    8.756603] gre: GRE over IPv4 demultiplexor driver
[STDERR  ] 2018-08-22T13:04:59.739124441Z: [    8.758651] ip_tables: (C) 2000-2006 Netfilter Core Team
[STDERR  ] 2018-08-22T13:04:59.739143884Z: [    8.762115] ipt_CLUSTERIP: ClusterIP Version 0.8 loaded successfully
[STDERR  ] 2018-08-22T13:04:59.739165376Z: [    8.762648] arp_tables: arp_tables: (C) 2002 David S. Miller
[STDERR  ] 2018-08-22T13:04:59.739202387Z: [    8.764404] NET: Registered protocol family 10
[STDERR  ] 2018-08-22T13:04:59.739225898Z: [    8.772234] Segment Routing with IPv6
[STDERR  ] 2018-08-22T13:04:59.739275315Z: [    8.772970] ip6_tables: (C) 2000-2006 Netfilter Core Team
[STDERR  ] 2018-08-22T13:04:59.739296318Z: [    8.778785] NET: Registered protocol family 17
[STDERR  ] 2018-08-22T13:04:59.739325950Z: [    8.779669] Bridge firewalling registered
[STDERR  ] 2018-08-22T13:04:59.739362190Z: [    8.780630] Ebtables v2.0 registered
[STDERR  ] 2018-08-22T13:04:59.739384338Z: [    8.782664] 8021q: 802.1Q VLAN Support v1.8
[STDERR  ] 2018-08-22T13:04:59.739404257Z: [    8.783780] 9pnet: Installing 9P2000 support
[STDERR  ] 2018-08-22T13:04:59.739442357Z: [    8.784978] Key type dns_resolver registered
[STDERR  ] 2018-08-22T13:04:59.739461716Z: [    8.786076] sched_clock: Marking stable (8780188690, 0)->(8886886722, -106698032)
[STDERR  ] 2018-08-22T13:04:59.739480965Z: [    8.789030] registered taskstats version 1
[STDERR  ] 2018-08-22T13:04:59.739518041Z: [    8.966942] Key type big_key registered
[STDERR  ] 2018-08-22T13:04:59.739541332Z: [    9.012838] ata2: SATA link up 1.5 Gbps (SStatus 113 SControl 300)
[STDERR  ] 2018-08-22T13:04:59.739560326Z: [    9.016592] ata2.00: ATA-7: QEMU HARDDISK, 2.5+, max UDMA/100
[STDERR  ] 2018-08-22T13:04:59.739595704Z: [    9.017185] ata2.00: 1048576 sectors, multi 16: LBA48 NCQ (depth 31/32)
[STDERR  ] 2018-08-22T13:04:59.739617689Z: [    9.017683] ata2.00: applying bridge limits
[STDERR  ] 2018-08-22T13:04:59.739637070Z: [    9.018889] ata1: SATA link up 1.5 Gbps (SStatus 113 SControl 300)
[STDERR  ] 2018-08-22T13:04:59.739656058Z: [    9.019520] ata1.00: ATA-7: QEMU HARDDISK, 2.5+, max UDMA/100
[STDERR  ] 2018-08-22T13:04:59.739693185Z: [    9.019973] ata1.00: 1048576 sectors, multi 16: LBA48 NCQ (depth 31/32)
[STDERR  ] 2018-08-22T13:04:59.739712474Z: [    9.020658] ata1.00: applying bridge limits
[STDERR  ] 2018-08-22T13:04:59.739732007Z: [    9.021152] ata5: SATA link down (SStatus 0 SControl 300)
[STDERR  ] 2018-08-22T13:04:59.739778556Z: [    9.022380] ata4: SATA link down (SStatus 0 SControl 300)
[STDERR  ] 2018-08-22T13:04:59.739797257Z: [    9.022906] ata3: SATA link up 1.5 Gbps (SStatus 113 SControl 300)
[STDERR  ] 2018-08-22T13:04:59.739816702Z: [    9.023672] ata3.00: ATAPI: QEMU DVD-ROM, 2.5+, max UDMA/100
[STDERR  ] 2018-08-22T13:04:59.739859695Z: [    9.024239] ata3.00: applying bridge limits
[STDERR  ] 2018-08-22T13:04:59.739879315Z: [    9.025148] ata3.00: configured for UDMA/100
[STDERR  ] 2018-08-22T13:04:59.739898894Z: [    9.026953] ata1.00: configured for UDMA/100
[STDERR  ] 2018-08-22T13:04:59.739933919Z: [    9.034859] ata6: SATA link down (SStatus 0 SControl 300)
[STDERR  ] 2018-08-22T13:04:59.739957582Z: [    9.040812] ata2.00: configured for UDMA/100
[STDERR  ] 2018-08-22T13:04:59.739976581Z: [    9.042540] scsi 0:0:0:0: Direct-Access     ATA      QEMU HARDDISK    2.5+ PQ: 0 ANSI: 5
[STDERR  ] 2018-08-22T13:04:59.740013737Z: [    9.055534] sd 0:0:0:0: [sda] 1048576 512-byte logical blocks: (537 MB/512 MiB)
[STDERR  ] 2018-08-22T13:04:59.740032710Z: [    9.057873] sd 0:0:0:0: [sda] Write Protect is off
[STDERR  ] 2018-08-22T13:04:59.740052008Z: [    9.058798] sd 0:0:0:0: Attached scsi generic sg0 type 0
[STDERR  ] 2018-08-22T13:04:59.740071494Z: [    9.060645] sd 0:0:0:0: [sda] Write cache: enabled, read cache: enabled, doesn't support DPO or FUA
[STDERR  ] 2018-08-22T13:04:59.740111829Z: [    9.063103] scsi 1:0:0:0: Direct-Access     ATA      QEMU HARDDISK    2.5+ PQ: 0 ANSI: 5
[STDERR  ] 2018-08-22T13:04:59.740133878Z: [    9.067034] sd 1:0:0:0: Attached scsi generic sg1 type 0
[STDERR  ] 2018-08-22T13:04:59.740153412Z: [    9.070493] sd 1:0:0:0: [sdb] 1048576 512-byte logical blocks: (537 MB/512 MiB)
[STDERR  ] 2018-08-22T13:04:59.740200444Z: [    9.073128] scsi 2:0:0:0: CD-ROM            QEMU     QEMU DVD-ROM     2.5+ PQ: 0 ANSI: 5
[STDERR  ] 2018-08-22T13:04:59.740220150Z: [    9.080603] sd 1:0:0:0: [sdb] Write Protect is off
[STDERR  ] 2018-08-22T13:04:59.740239091Z: [    9.082237] sd 1:0:0:0: [sdb] Write cache: enabled, read cache: enabled, doesn't support DPO or FUA
[STDERR  ] 2018-08-22T13:04:59.740292670Z: [    9.104066] sd 0:0:0:0: [sda] Attached SCSI disk
[STDERR  ] 2018-08-22T13:04:59.740318437Z: [    9.104538] sd 1:0:0:0: [sdb] Attached SCSI disk
[STDERR  ] 2018-08-22T13:04:59.740358733Z: [    9.112262] sr 2:0:0:0: [sr0] scsi3-mmc drive: 4x/4x cd/rw xa/form2 tray
[STDERR  ] 2018-08-22T13:04:59.740377536Z: [    9.112794] cdrom: Uniform CD-ROM driver Revision: 3.20
[STDERR  ] 2018-08-22T13:04:59.740397014Z: [    9.116717] sr 2:0:0:0: Attached scsi generic sg2 type 5
[STDERR  ] 2018-08-22T13:04:59.740435115Z: [    9.118587] Key type trusted registered
[STDERR  ] 2018-08-22T13:04:59.740454571Z: [    9.179329] Key type encrypted registered
[STDERR  ] 2018-08-22T13:04:59.740476276Z: [    9.179995] ima: No TPM chip found, activating TPM-bypass! (rc=-19)
[STDERR  ] 2018-08-22T13:04:59.740512160Z: [    9.181049] ima: Allocated hash algorithm: sha256
[STDERR  ] 2018-08-22T13:04:59.740531445Z: [    9.183124] evm: HMAC attrs: 0x1
[STDERR  ] 2018-08-22T13:04:59.740550314Z: [    9.186627] rtc_cmos 00:00: setting system clock to 2018-08-22 13:04:17 UTC (1534943057)
[STDERR  ] 2018-08-22T13:04:59.740586273Z: [    9.326100] Freeing unused kernel memory: 1516K
[STDERR  ] 2018-08-22T13:04:59.740607974Z: [    9.340602] Write protecting the kernel read-only data: 18432k
[STDERR  ] 2018-08-22T13:04:59.740627920Z: [    9.353240] Freeing unused kernel memory: 2024K
[STDERR  ] 2018-08-22T13:04:59.740647128Z: [    9.404955] Freeing unused kernel memory: 1100K
[STDERR  ] 2018-08-22T13:04:59.740683918Z: [    9.441054] tsc: Refined TSC clocksource calibration: 2599.926 MHz
[STDERR  ] 2018-08-22T13:04:59.740704940Z: [    9.441566] clocksource: tsc: mask: 0xffffffffffffffff max_cycles: 0x2579f63e8c6, max_idle_ns: 440795269889 ns
[STDERR  ] 2018-08-22T13:04:59.740724040Z: [   10.459468] clocksource: Switched to clocksource tsc
[STDERR  ] 2018-08-22T13:04:59.740759710Z: 
[STDERR  ] 2018-08-22T13:04:59.740779557Z: Welcome to LinuxKit
[STDERR  ] 2018-08-22T13:04:59.740803236Z: 
[STDERR  ] 2018-08-22T13:04:59.740840568Z:                         ##         .
[STDERR  ] 2018-08-22T13:04:59.740866574Z:                   ## ## ##        ==
[STDERR  ] 2018-08-22T13:04:59.740886322Z:                ## ## ## ## ##    ===
[STDERR  ] 2018-08-22T13:04:59.740923716Z:            /"""""""""""""""""\___/ ===
[STDERR  ] 2018-08-22T13:04:59.740946412Z:           {                       /  ===-
[STDERR  ] 2018-08-22T13:04:59.740965920Z:            \______ O           __/
[STDERR  ] 2018-08-22T13:04:59.741002189Z:              \    \         __/
[STDERR  ] 2018-08-22T13:04:59.741021925Z:               \____\_______/
[STDERR  ] 2018-08-22T13:04:59.741040288Z: 
[STDERR  ] 2018-08-22T13:04:59.741059391Z: [   25.029704] IPVS: ftp: loaded support on port[0] = 21
[STDERR  ] 2018-08-22T13:04:59.741123338Z: [   26.185830]  sda:
[STDERR  ] 2018-08-22T13:04:59.741145649Z: [   26.256302]  sda:
[STDERR  ] 2018-08-22T13:04:59.741187136Z: [   26.568325]  sda: sda1
[STDERR  ] 2018-08-22T13:04:59.741205737Z: [   26.640956]  sda: sda1
[STDERR  ] 2018-08-22T13:04:59.741224641Z: 2018/08/22 13:04:33 Creating partition on /dev/sda
[STDERR  ] 2018-08-22T13:04:59.741249759Z: 2018/08/22 13:04:36 Partition /dev/sda1 successfully created!
[STDERR  ] 2018-08-22T13:04:59.741299825Z: [   28.986742] IPVS: ftp: loaded support on port[0] = 21
[STDERR  ] 2018-08-22T13:04:59.741328103Z: [   30.192744]  sdb:
[STDERR  ] 2018-08-22T13:04:59.741346930Z: [   30.258371]  sdb:
[STDERR  ] 2018-08-22T13:04:59.741366495Z: [   30.570704]  sdb: sdb1
[STDERR  ] 2018-08-22T13:04:59.741385188Z: [   30.641030]  sdb: sdb1
[STDERR  ] 2018-08-22T13:04:59.741421020Z: 2018/08/22 13:04:37 /dev/sda has content. blkid returned: /dev/sda: PTUUID="bfaecd1b" PTTYPE="dos"
[STDERR  ] 2018-08-22T13:04:59.741446000Z: 2018/08/22 13:04:37 Creating partition on /dev/sdb
[STDERR  ] 2018-08-22T13:04:59.741464944Z: 2018/08/22 13:04:40 Partition /dev/sdb1 successfully created!
[STDERR  ] 2018-08-22T13:04:59.741483568Z: [   33.008952] IPVS: ftp: loaded support on port[0] = 21
[STDERR  ] 2018-08-22T13:04:59.741507985Z: [   34.167381] EXT4-fs (sda1): mounted filesystem with ordered data mode. Opts: (null)
[STDERR  ] 2018-08-22T13:04:59.741527774Z: [   36.134958] IPVS: ftp: loaded support on port[0] = 21
[STDERR  ] 2018-08-22T13:04:59.741546693Z: [   37.259215] EXT4-fs (sdb1): mounted filesystem with ordered data mode. Opts: (null)
[STDERR  ] 2018-08-22T13:04:59.741566844Z: 2018/08/22 13:04:45 Failed to create "/dev/disk/by-uuid/9e4caaeb-ec77-4033-9d9a-bdb7c5437015": symlink ../../sda1 /dev/disk/by-uuid/9e4caaeb-ec77-4033-9d9a-bdb7c5437015: file exists
[STDERR  ] 2018-08-22T13:04:59.741588789Z: 2018/08/22 13:04:46 Failed to create "/dev/disk/by-uuid/92fb9d01-6a6f-44b6-8996-859095f10f36": symlink ../../sdb1 /dev/disk/by-uuid/92fb9d01-6a6f-44b6-8996-859095f10f36: file exists
[STDERR  ] 2018-08-22T13:04:59.741607849Z: format_mount test suite PASSED
[STDERR  ] 2018-08-22T13:04:59.741645355Z: [   50.978495] sd 1:0:0:0: [sdb] Synchronizing SCSI cache
[STDERR  ] 2018-08-22T13:04:59.741664951Z: [   50.981041] sd 1:0:0:0: [sdb] Stopping disk
[STDERR  ] 2018-08-22T13:04:59.741682953Z: [   50.981688] sd 0:0:0:0: [sda] Synchronizing SCSI cache
[STDERR  ] 2018-08-22T13:04:59.741702548Z: [   50.982195] sd 0:0:0:0: [sda] Stopping disk
[STDERR  ] 2018-08-22T13:04:59.741722449Z: [   50.985133] ACPI: Preparing to enter system sleep state S5
[STDERR  ] 2018-08-22T13:04:59.741741528Z: [   50.987700] reboot: Power down
[STDERR  ] 2018-08-22T13:04:59.741759964Z: + echo [    0.000000] Linux version 4.14.63-linuxkit (root@rlin01) (gcc version 6.4.0 (Alpine 6.4.0)) #1 SMP Fri Aug 17 17:27:47 UTC 2018
[STDERR  ] 2018-08-22T13:04:59.741779410Z: [    0.000000] Command line: console=ttyS0 console=ttyAMA0
[STDERR  ] 2018-08-22T13:04:59.741798783Z: [    0.000000] x86/fpu: x87 FPU will use FXSAVE
[STDERR  ] 2018-08-22T13:04:59.741817577Z: [    0.000000] e820: BIOS-provided physical RAM map:
[STDERR  ] 2018-08-22T13:04:59.741839344Z: [    0.000000] BIOS-e820: [mem 0x0000000000000000-0x000000000009fbff] usable
[STDERR  ] 2018-08-22T13:04:59.741863745Z: [    0.000000] BIOS-e820: [mem 0x000000000009fc00-0x000000000009ffff] reserved
[STDERR  ] 2018-08-22T13:04:59.741883192Z: [    0.000000] BIOS-e820: [mem 0x00000000000f0000-0x00000000000fffff] reserved
[STDERR  ] 2018-08-22T13:04:59.741902920Z: [    0.000000] BIOS-e820: [mem 0x0000000000100000-0x000000003ffddfff] usable
[STDERR  ] 2018-08-22T13:04:59.741921364Z: [    0.000000] BIOS-e820: [mem 0x000000003ffde000-0x000000003fffffff] reserved
[STDERR  ] 2018-08-22T13:04:59.741940587Z: [    0.000000] BIOS-e820: [mem 0x00000000b0000000-0x00000000bfffffff] reserved
[STDERR  ] 2018-08-22T13:04:59.741959408Z: [    0.000000] BIOS-e820: [mem 0x00000000fed1c000-0x00000000fed1ffff] reserved
[STDERR  ] 2018-08-22T13:04:59.741980401Z: [    0.000000] BIOS-e820: [mem 0x00000000fffc0000-0x00000000ffffffff] reserved
[STDERR  ] 2018-08-22T13:04:59.742001503Z: [    0.000000] NX (Execute Disable) protection: active
[STDERR  ] 2018-08-22T13:04:59.742039495Z: [    0.000000] SMBIOS 2.8 present.
[STDERR  ] 2018-08-22T13:04:59.742058771Z: [    0.000000] DMI: QEMU Standard PC (Q35 + ICH9, 2009), BIOS 1.10.2-1 04/01/2014
[STDERR  ] 2018-08-22T13:04:59.742078273Z: [    0.000000] tsc: Fast TSC calibration using PIT
[STDERR  ] 2018-08-22T13:04:59.742097045Z: [    0.000000] e820: last_pfn = 0x3ffde max_arch_pfn = 0x400000000
[STDERR  ] 2018-08-22T13:04:59.742115486Z: [    0.000000] x86/PAT: Configuration [0-7]: WB  WC  UC- UC  WB  WP  UC- WT  
[STDERR  ] 2018-08-22T13:04:59.742134893Z: [    0.000000] found SMP MP-table at [mem 0x000f6a90-0x000f6a9f] mapped at [ffffffffff200a90]
[STDERR  ] 2018-08-22T13:04:59.742156133Z: [    0.000000] RAMDISK: [mem 0x3d474000-0x3ffcffff]
[STDERR  ] 2018-08-22T13:04:59.742174846Z: [    0.000000] ACPI: Early table checksum verification disabled
[STDERR  ] 2018-08-22T13:04:59.742194175Z: [    0.000000] ACPI: RSDP 0x00000000000F68D0 000014 (v00 BOCHS )
[STDERR  ] 2018-08-22T13:04:59.742213888Z: [    0.000000] ACPI: RSDT 0x000000003FFE2404 000034 (v01 BOCHS  BXPCRSDT 00000001 BXPC 00000001)
[STDERR  ] 2018-08-22T13:04:59.742238009Z: [    0.000000] ACPI: FACP 0x000000003FFE22A4 000074 (v01 BOCHS  BXPCFACP 00000001 BXPC 00000001)
[STDERR  ] 2018-08-22T13:04:59.742256913Z: [    0.000000] ACPI: DSDT 0x000000003FFE0040 002264 (v01 BOCHS  BXPCDSDT 00000001 BXPC 00000001)
[STDERR  ] 2018-08-22T13:04:59.742286330Z: [    0.000000] ACPI: FACS 0x000000003FFE0000 000040
[STDERR  ] 2018-08-22T13:04:59.742311113Z: [    0.000000] ACPI: APIC 0x000000003FFE2318 000078 (v01 BOCHS  BXPCAPIC 00000001 BXPC 00000001)
[STDERR  ] 2018-08-22T13:04:59.742330098Z: [    0.000000] ACPI: HPET 0x000000003FFE2390 000038 (v01 BOCHS  BXPCHPET 00000001 BXPC 00000001)
[STDERR  ] 2018-08-22T13:04:59.742348957Z: [    0.000000] ACPI: MCFG 0x000000003FFE23C8 00003C (v01 BOCHS  BXPCMCFG 00000001 BXPC 00000001)
[STDERR  ] 2018-08-22T13:04:59.742367780Z: [    0.000000] Zone ranges:
[STDERR  ] 2018-08-22T13:04:59.742390263Z: [    0.000000]   DMA      [mem 0x0000000000001000-0x0000000000ffffff]
[STDERR  ] 2018-08-22T13:04:59.742409821Z: [    0.000000]   DMA32    [mem 0x0000000001000000-0x000000003ffddfff]
[STDERR  ] 2018-08-22T13:04:59.742429670Z: [    0.000000]   Normal   empty
[STDERR  ] 2018-08-22T13:04:59.742448279Z: [    0.000000]   Device   empty
[STDERR  ] 2018-08-22T13:04:59.742470217Z: [    0.000000] Movable zone start for each node
[STDERR  ] 2018-08-22T13:04:59.742489326Z: [    0.000000] Early memory node ranges
[STDERR  ] 2018-08-22T13:04:59.742507698Z: [    0.000000]   node   0: [mem 0x0000000000001000-0x000000000009efff]
[STDERR  ] 2018-08-22T13:04:59.742532306Z: [    0.000000]   node   0: [mem 0x0000000000100000-0x000000003ffddfff]
[STDERR  ] 2018-08-22T13:04:59.742552114Z: [    0.000000] Initmem setup node 0 [mem 0x0000000000001000-0x000000003ffddfff]
[STDERR  ] 2018-08-22T13:04:59.742571575Z: [    0.000000] ACPI: PM-Timer IO Port: 0x608
[STDERR  ] 2018-08-22T13:04:59.742591392Z: [    0.000000] ACPI: LAPIC_NMI (acpi_id[0xff] dfl dfl lint[0x1])
[STDERR  ] 2018-08-22T13:04:59.742613170Z: [    0.000000] IOAPIC[0]: apic_id 0, version 32, address 0xfec00000, GSI 0-23
[STDERR  ] 2018-08-22T13:04:59.742635033Z: [    0.000000] ACPI: INT_SRC_OVR (bus 0 bus_irq 0 global_irq 2 dfl dfl)
[STDERR  ] 2018-08-22T13:04:59.742654143Z: [    0.000000] ACPI: INT_SRC_OVR (bus 0 bus_irq 5 global_irq 5 high level)
[STDERR  ] 2018-08-22T13:04:59.742672546Z: [    0.000000] ACPI: INT_SRC_OVR (bus 0 bus_irq 9 global_irq 9 high level)
[STDERR  ] 2018-08-22T13:04:59.742693547Z: [    0.000000] ACPI: INT_SRC_OVR (bus 0 bus_irq 10 global_irq 10 high level)
[STDERR  ] 2018-08-22T13:04:59.742805745Z: [    0.000000] ACPI: INT_SRC_OVR (bus 0 bus_irq 11 global_irq 11 high level)
[STDERR  ] 2018-08-22T13:04:59.742829942Z: [    0.000000] Using ACPI (MADT) for SMP configuration information
[STDERR  ] 2018-08-22T13:04:59.742851189Z: [    0.000000] ACPI: HPET id: 0x8086a201 base: 0xfed00000
[STDERR  ] 2018-08-22T13:04:59.742869572Z: [    0.000000] smpboot: Allowing 1 CPUs, 0 hotplug CPUs
[STDOUT  ] 2018-08-22T13:04:59.742752427Z: [    0.000000] Linux version 4.14.63-linuxkit (root@rlin01) (gcc version 6.4.0 (Alpine 6.4.0)) #1 SMP Fri Aug 17 17:27:47 UTC 2018
[STDOUT  ] 2018-08-22T13:04:59.742916918Z: [    0.000000] Command line: console=ttyS0 console=ttyAMA0
[STDOUT  ] 2018-08-22T13:04:59.742935034Z: [    0.000000] x86/fpu: x87 FPU will use FXSAVE
[STDOUT  ] 2018-08-22T13:04:59.742948409Z: [    0.000000] e820: BIOS-provided physical RAM map:
[STDERR  ] 2018-08-22T13:04:59.742888238Z: [    0.000000] e820: [mem 0x40000000-0xafffffff] available for PCI devices
[STDERR  ] 2018-08-22T13:04:59.742987666Z: [    0.000000] Booting paravirtualized kernel on bare hardware
[STDERR  ] 2018-08-22T13:04:59.743007037Z: [    0.000000] clocksource: refined-jiffies: mask: 0xffffffff max_cycles: 0xffffffff, max_idle_ns: 19112604462750000 ns
[STDERR  ] 2018-08-22T13:04:59.743027371Z: [    0.000000] random: get_random_bytes called from start_kernel+0x92/0x4cb with crng_init=0
[STDERR  ] 2018-08-22T13:04:59.743047506Z: [    0.000000] setup_percpu: NR_CPUS:128 nr_cpumask_bits:128 nr_cpu_ids:1 nr_node_ids:1
[STDOUT  ] 2018-08-22T13:04:59.742965164Z: [    0.000000] BIOS-e820: [mem 0x0000000000000000-0x000000000009fbff] usable
[STDOUT  ] 2018-08-22T13:04:59.743069868Z: [    0.000000] BIOS-e820: [mem 0x000000000009fc00-0x000000000009ffff] reserved
[STDOUT  ] 2018-08-22T13:04:59.743089907Z: [    0.000000] BIOS-e820: [mem 0x00000000000f0000-0x00000000000fffff] reserved
[STDOUT  ] 2018-08-22T13:04:59.743103834Z: [    0.000000] BIOS-e820: [mem 0x0000000000100000-0x000000003ffddfff] usable
[STDOUT  ] 2018-08-22T13:04:59.743125523Z: [    0.000000] BIOS-e820: [mem 0x000000003ffde000-0x000000003fffffff] reserved
[STDOUT  ] 2018-08-22T13:04:59.743138765Z: [    0.000000] BIOS-e820: [mem 0x00000000b0000000-0x00000000bfffffff] reserved
[STDOUT  ] 2018-08-22T13:04:59.743151614Z: [    0.000000] BIOS-e820: [mem 0x00000000fed1c000-0x00000000fed1ffff] reserved
[STDOUT  ] 2018-08-22T13:04:59.743164900Z: [    0.000000] BIOS-e820: [mem 0x00000000fffc0000-0x00000000ffffffff] reserved
[STDOUT  ] 2018-08-22T13:04:59.743178874Z: [    0.000000] NX (Execute Disable) protection: active
[STDOUT  ] 2018-08-22T13:04:59.743192339Z: [    0.000000] SMBIOS 2.8 present.
[STDOUT  ] 2018-08-22T13:04:59.743206115Z: [    0.000000] DMI: QEMU Standard PC (Q35 + ICH9, 2009), BIOS 1.10.2-1 04/01/2014
[STDOUT  ] 2018-08-22T13:04:59.743219418Z: [    0.000000] tsc: Fast TSC calibration using PIT
[STDOUT  ] 2018-08-22T13:04:59.743233758Z: [    0.000000] e820: last_pfn = 0x3ffde max_arch_pfn = 0x400000000
[STDOUT  ] 2018-08-22T13:04:59.743248338Z: [    0.000000] x86/PAT: Configuration [0-7]: WB  WC  UC- UC  WB  WP  UC- WT  
[STDOUT  ] 2018-08-22T13:04:59.743274609Z: [    0.000000] found SMP MP-table at [mem 0x000f6a90-0x000f6a9f] mapped at [ffffffffff200a90]
[STDOUT  ] 2018-08-22T13:04:59.743290372Z: [    0.000000] RAMDISK: [mem 0x3d474000-0x3ffcffff]
[STDOUT  ] 2018-08-22T13:04:59.743302836Z: [    0.000000] ACPI: Early table checksum verification disabled
[STDOUT  ] 2018-08-22T13:04:59.743320041Z: [    0.000000] ACPI: RSDP 0x00000000000F68D0 000014 (v00 BOCHS )
[STDOUT  ] 2018-08-22T13:04:59.743348860Z: [    0.000000] ACPI: RSDT 0x000000003FFE2404 000034 (v01 BOCHS  BXPCRSDT 00000001 BXPC 00000001)
[STDOUT  ] 2018-08-22T13:04:59.743361755Z: [    0.000000] ACPI: FACP 0x000000003FFE22A4 000074 (v01 BOCHS  BXPCFACP 00000001 BXPC 00000001)
[STDOUT  ] 2018-08-22T13:04:59.743375171Z: [    0.000000] ACPI: DSDT 0x000000003FFE0040 002264 (v01 BOCHS  BXPCDSDT 00000001 BXPC 00000001)
[STDOUT  ] 2018-08-22T13:04:59.743387755Z: [    0.000000] ACPI: FACS 0x000000003FFE0000 000040
[STDOUT  ] 2018-08-22T13:04:59.743401050Z: [    0.000000] ACPI: APIC 0x000000003FFE2318 000078 (v01 BOCHS  BXPCAPIC 00000001 BXPC 00000001)
[STDOUT  ] 2018-08-22T13:04:59.743414045Z: [    0.000000] ACPI: HPET 0x000000003FFE2390 000038 (v01 BOCHS  BXPCHPET 00000001 BXPC 00000001)
[STDOUT  ] 2018-08-22T13:04:59.743427121Z: [    0.000000] ACPI: MCFG 0x000000003FFE23C8 00003C (v01 BOCHS  BXPCMCFG 00000001 BXPC 00000001)
[STDOUT  ] 2018-08-22T13:04:59.743441459Z: [    0.000000] Zone ranges:
[STDOUT  ] 2018-08-22T13:04:59.743454306Z: [    0.000000]   DMA      [mem 0x0000000000001000-0x0000000000ffffff]
[STDOUT  ] 2018-08-22T13:04:59.743466654Z: [    0.000000]   DMA32    [mem 0x0000000001000000-0x000000003ffddfff]
[STDOUT  ] 2018-08-22T13:04:59.743478724Z: [    0.000000]   Normal   empty
[STDOUT  ] 2018-08-22T13:04:59.743490980Z: [    0.000000]   Device   empty
[STDOUT  ] 2018-08-22T13:04:59.743502985Z: [    0.000000] Movable zone start for each node
[STDOUT  ] 2018-08-22T13:04:59.743516381Z: [    0.000000] Early memory node ranges
[STDOUT  ] 2018-08-22T13:04:59.743527919Z: [    0.000000]   node   0: [mem 0x0000000000001000-0x000000000009efff]
[STDOUT  ] 2018-08-22T13:04:59.743539209Z: [    0.000000]   node   0: [mem 0x0000000000100000-0x000000003ffddfff]
[STDOUT  ] 2018-08-22T13:04:59.743550653Z: [    0.000000] Initmem setup node 0 [mem 0x0000000000001000-0x000000003ffddfff]
[STDOUT  ] 2018-08-22T13:04:59.743562096Z: [    0.000000] ACPI: PM-Timer IO Port: 0x608
[STDOUT  ] 2018-08-22T13:04:59.743577053Z: [    0.000000] ACPI: LAPIC_NMI (acpi_id[0xff] dfl dfl lint[0x1])
[STDOUT  ] 2018-08-22T13:04:59.743588441Z: [    0.000000] IOAPIC[0]: apic_id 0, version 32, address 0xfec00000, GSI 0-23
[STDOUT  ] 2018-08-22T13:04:59.743600147Z: [    0.000000] ACPI: INT_SRC_OVR (bus 0 bus_irq 0 global_irq 2 dfl dfl)
[STDOUT  ] 2018-08-22T13:04:59.743616127Z: [    0.000000] ACPI: INT_SRC_OVR (bus 0 bus_irq 5 global_irq 5 high level)
[STDOUT  ] 2018-08-22T13:04:59.743627384Z: [    0.000000] ACPI: INT_SRC_OVR (bus 0 bus_irq 9 global_irq 9 high level)
[STDOUT  ] 2018-08-22T13:04:59.743640093Z: [    0.000000] ACPI: INT_SRC_OVR (bus 0 bus_irq 10 global_irq 10 high level)
[STDOUT  ] 2018-08-22T13:04:59.743652584Z: [    0.000000] ACPI: INT_SRC_OVR (bus 0 bus_irq 11 global_irq 11 high level)
[STDOUT  ] 2018-08-22T13:04:59.743665442Z: [    0.000000] Using ACPI (MADT) for SMP configuration information
[STDOUT  ] 2018-08-22T13:04:59.743677615Z: [    0.000000] ACPI: HPET id: 0x8086a201 base: 0xfed00000
[STDOUT  ] 2018-08-22T13:04:59.743690137Z: [    0.000000] smpboot: Allowing 1 CPUs, 0 hotplug CPUs
[STDOUT  ] 2018-08-22T13:04:59.743702482Z: [    0.000000] e820: [mem 0x40000000-0xafffffff] available for PCI devices
[STDOUT  ] 2018-08-22T13:04:59.743716418Z: [    0.000000] Booting paravirtualized kernel on bare hardware
[STDOUT  ] 2018-08-22T13:04:59.743730125Z: [    0.000000] clocksource: refined-jiffies: mask: 0xffffffff max_cycles: 0xffffffff, max_idle_ns: 19112604462750000 ns
[STDOUT  ] 2018-08-22T13:04:59.743743722Z: [    0.000000] random: get_random_bytes called from start_kernel+0x92/0x4cb with crng_init=0
[STDOUT  ] 2018-08-22T13:04:59.743756834Z: [    0.000000] setup_percpu: NR_CPUS:128 nr_cpumask_bits:128 nr_cpu_ids:1 nr_node_ids:1
[STDOUT  ] 2018-08-22T13:04:59.743769789Z: [    0.000000] percpu: Embedded 44 pages/cpu @ffff98bebd200000 s143256 r8192 d28776 u2097152
[STDOUT  ] 2018-08-22T13:04:59.743787903Z: [    0.000000] Built 1 zonelists, mobility grouping on.  Total pages: 257895
[STDOUT  ] 2018-08-22T13:04:59.743815366Z: [    0.000000] Kernel command line: console=ttyS0 console=ttyAMA0
[STDOUT  ] 2018-08-22T13:04:59.743829774Z: [    0.000000] PID hash table entries: 4096 (order: 3, 32768 bytes)
[STDOUT  ] 2018-08-22T13:04:59.743843278Z: [    0.000000] Dentry cache hash table entries: 131072 (order: 8, 1048576 bytes)
[STDOUT  ] 2018-08-22T13:04:59.743857039Z: [    0.000000] Inode-cache hash table entries: 65536 (order: 7, 524288 bytes)
[STDOUT  ] 2018-08-22T13:04:59.743871596Z: [    0.000000] Memory: 960384K/1048048K available (12300K kernel code, 1465K rwdata, 2996K rodata, 1516K init, 632K bss, 87664K reserved, 0K cma-reserved)
[STDOUT  ] 2018-08-22T13:04:59.743884843Z: [    0.000000] ftrace: allocating 41077 entries in 161 pages
[STDOUT  ] 2018-08-22T13:04:59.743897028Z: [    0.000000] Hierarchical RCU implementation.
[STDOUT  ] 2018-08-22T13:04:59.743910477Z: [    0.000000] 	RCU restricting CPUs from NR_CPUS=128 to nr_cpu_ids=1.
[STDOUT  ] 2018-08-22T13:04:59.743923605Z: [    0.000000] RCU: Adjusting geometry for rcu_fanout_leaf=16, nr_cpu_ids=1
[STDOUT  ] 2018-08-22T13:04:59.743936004Z: [    0.000000] NR_IRQS: 8448, nr_irqs: 256, preallocated irqs: 16
[STDOUT  ] 2018-08-22T13:04:59.743948699Z: [    0.000000] Console: colour VGA+ 80x25
[STDOUT  ] 2018-08-22T13:04:59.743961325Z: [    0.000000] console [ttyS0] enabled
[STDOUT  ] 2018-08-22T13:04:59.743973648Z: [    0.000000] clocksource: hpet: mask: 0xffffffff max_cycles: 0xffffffff, max_idle_ns: 19112604467 ns
[STDOUT  ] 2018-08-22T13:04:59.743987112Z: [    0.010000] tsc: Fast TSC calibration using PIT
[STDOUT  ] 2018-08-22T13:04:59.743999419Z: [    0.010000] tsc: Detected 2600.120 MHz processor
[STDOUT  ] 2018-08-22T13:04:59.744016772Z: [    0.010000] Calibrating delay loop (skipped), value calculated using timer frequency.. 5200.24 BogoMIPS (lpj=26001200)
[STDOUT  ] 2018-08-22T13:04:59.744031207Z: [    0.010000] pid_max: default: 32768 minimum: 301
[STDOUT  ] 2018-08-22T13:04:59.744044583Z: [    0.010000] ACPI: Core revision 20170728
[STDOUT  ] 2018-08-22T13:04:59.744062764Z: [    0.048261] ACPI: 1 ACPI AML tables successfully acquired and loaded
[STDOUT  ] 2018-08-22T13:04:59.744076468Z: [    0.050062] Security Framework initialized
[STDOUT  ] 2018-08-22T13:04:59.744090262Z: [    0.050440] Yama: becoming mindful.
[STDOUT  ] 2018-08-22T13:04:59.744103204Z: [    0.052209] Mount-cache hash table entries: 2048 (order: 2, 16384 bytes)
[STDOUT  ] 2018-08-22T13:04:59.744116178Z: [    0.052651] Mountpoint-cache hash table entries: 2048 (order: 2, 16384 bytes)
[STDOUT  ] 2018-08-22T13:04:59.744129226Z: [    0.066379] Last level iTLB entries: 4KB 0, 2MB 0, 4MB 0
[STDOUT  ] 2018-08-22T13:04:59.744141935Z: [    0.066862] Last level dTLB entries: 4KB 0, 2MB 0, 4MB 0, 1GB 0
[STDOUT  ] 2018-08-22T13:04:59.744155516Z: [    0.067421] Spectre V2 : Spectre mitigation: LFENCE not serializing, switching to generic retpoline
[STDOUT  ] 2018-08-22T13:04:59.744169048Z: [    0.068145] Spectre V2 : Mitigation: Full generic retpoline
[STDOUT  ] 2018-08-22T13:04:59.744183413Z: [    0.068600] Spectre V2 : Spectre v2 / SpectreRSB mitigation: Filling RSB on context switch
[STDOUT  ] 2018-08-22T13:04:59.744196660Z: [    0.069285] Speculative Store Bypass: Vulnerable
[STDOUT  ] 2018-08-22T13:04:59.744210177Z: [    0.291866] Freeing SMP alternatives memory: 20K
[STDOUT  ] 2018-08-22T13:04:59.744223779Z: [    0.307806] smpboot: Max logical packages: 1
[STDOUT  ] 2018-08-22T13:04:59.744240398Z: [    0.312413] ..TIMER: vector=0x30 apic1=0 pin1=2 apic2=-1 pin2=-1
[STDOUT  ] 2018-08-22T13:04:59.744254515Z: [    0.420000] smpboot: CPU0: AMD QEMU Virtual CPU version 2.5+ (family: 0x6, model: 0x6, stepping: 0x3)
[STDOUT  ] 2018-08-22T13:04:59.744281758Z: [    0.420000] Performance Events: PMU not available due to virtualization, using software events only.
[STDOUT  ] 2018-08-22T13:04:59.744295730Z: [    0.420000] Hierarchical SRCU implementation.
[STDOUT  ] 2018-08-22T13:04:59.744313138Z: [    0.423400] NMI watchdog: Perf event create on CPU 0 failed with -2
[STDOUT  ] 2018-08-22T13:04:59.744331683Z: [    0.423802] NMI watchdog: Perf NMI watchdog permanently disabled
[STDOUT  ] 2018-08-22T13:04:59.744345887Z: [    0.426743] smp: Bringing up secondary CPUs ...
[STDOUT  ] 2018-08-22T13:04:59.744358579Z: [    0.427096] smp: Brought up 1 node, 1 CPU
[STDOUT  ] 2018-08-22T13:04:59.744372770Z: [    0.427417] smpboot: Total of 1 processors activated (5200.24 BogoMIPS)
[STDOUT  ] 2018-08-22T13:04:59.744396775Z: [    0.440628] devtmpfs: initialized
[STDOUT  ] 2018-08-22T13:04:59.744409181Z: [    0.444088] x86/mm: Memory block size: 128MB
[STDOUT  ] 2018-08-22T13:04:59.744421167Z: [    0.448688] evm: security.ima
[STDOUT  ] 2018-08-22T13:04:59.744434601Z: [    0.448952] evm: security.capability
[STDOUT  ] 2018-08-22T13:04:59.744447554Z: [    0.451805] clocksource: jiffies: mask: 0xffffffff max_cycles: 0xffffffff, max_idle_ns: 19112604462750000 ns
[STDOUT  ] 2018-08-22T13:04:59.744478031Z: [    0.452514] futex hash table entries: 256 (order: 2, 16384 bytes)
[STDOUT  ] 2018-08-22T13:04:59.744491330Z: [    0.460969] NET: Registered protocol family 16
[STDOUT  ] 2018-08-22T13:04:59.744503977Z: [    0.466688] cpuidle: using governor ladder
[STDOUT  ] 2018-08-22T13:04:59.744516044Z: [    0.467128] cpuidle: using governor menu
[STDOUT  ] 2018-08-22T13:04:59.744528474Z: [    0.468445] ACPI: bus type PCI registered
[STDOUT  ] 2018-08-22T13:04:59.744558112Z: [    0.470911] PCI: MMCONFIG for domain 0000 [bus 00-ff] at [mem 0xb0000000-0xbfffffff] (base 0xb0000000)
[STDOUT  ] 2018-08-22T13:04:59.744572652Z: [    0.471616] PCI: MMCONFIG at [mem 0xb0000000-0xbfffffff] reserved in E820
[STDOUT  ] 2018-08-22T13:04:59.744586619Z: [    0.472483] PCI: Using configuration type 1 for base access
[STDOUT  ] 2018-08-22T13:04:59.744599718Z: [    0.517396] HugeTLB registered 2.00 MiB page size, pre-allocated 0 pages
[STDOUT  ] 2018-08-22T13:04:59.744611839Z: [    0.526109] ACPI: Added _OSI(Module Device)
[STDOUT  ] 2018-08-22T13:04:59.744624082Z: [    0.526507] ACPI: Added _OSI(Processor Device)
[STDOUT  ] 2018-08-22T13:04:59.744636728Z: [    0.526831] ACPI: Added _OSI(3.0 _SCP Extensions)
[STDOUT  ] 2018-08-22T13:04:59.744654030Z: [    0.527198] ACPI: Added _OSI(Processor Aggregator Device)
[STDOUT  ] 2018-08-22T13:04:59.744666538Z: [    0.578431] ACPI: Interpreter enabled
[STDOUT  ] 2018-08-22T13:04:59.744678788Z: [    0.579147] ACPI: (supports S0 S5)
[STDOUT  ] 2018-08-22T13:04:59.744691090Z: [    0.579461] ACPI: Using IOAPIC for interrupt routing
[STDOUT  ] 2018-08-22T13:04:59.744715828Z: [    0.581268] PCI: Using host bridge windows from ACPI; if necessary, use "pci=nocrs" and report a bug
[STDOUT  ] 2018-08-22T13:04:59.744737377Z: [    0.583860] ACPI: Enabled 2 GPEs in block 00 to 3F
[STDOUT  ] 2018-08-22T13:04:59.744749917Z: [    0.633016] ACPI: PCI Root Bridge [PCI0] (domain 0000 [bus 00-ff])
[STDOUT  ] 2018-08-22T13:04:59.744763231Z: [    0.633830] acpi PNP0A08:00: _OSC: OS supports [ExtendedConfig ASPM ClockPM Segments MSI]
[STDOUT  ] 2018-08-22T13:04:59.744776824Z: [    0.637284] acpi PNP0A08:00: _OSC: OS now controls [PCIeHotplug PME PCIeCapability]
[STDOUT  ] 2018-08-22T13:04:59.744788995Z: [    0.640427] PCI host bridge to bus 0000:00
[STDOUT  ] 2018-08-22T13:04:59.744801229Z: [    0.640840] pci_bus 0000:00: root bus resource [io  0x0000-0x0cf7 window]
[STDOUT  ] 2018-08-22T13:04:59.744840064Z: [    0.641255] pci_bus 0000:00: root bus resource [io  0x0d00-0xffff window]
[STDOUT  ] 2018-08-22T13:04:59.744852716Z: [    0.641656] pci_bus 0000:00: root bus resource [mem 0x000a0000-0x000bffff window]
[STDOUT  ] 2018-08-22T13:04:59.744866396Z: [    0.642061] pci_bus 0000:00: root bus resource [mem 0xc0000000-0xfebfffff window]
[STDOUT  ] 2018-08-22T13:04:59.744879804Z: [    0.642573] pci_bus 0000:00: root bus resource [bus 00-ff]
[STDOUT  ] 2018-08-22T13:04:59.744893401Z: [    0.684831] pci 0000:00:1f.0: quirk: [io  0x0600-0x067f] claimed by ICH6 ACPI/GPIO/TCO
[STDOUT  ] 2018-08-22T13:04:59.744906928Z: [    0.712950] ACPI: PCI Interrupt Link [LNKA] (IRQs 5 *10 11)
[STDOUT  ] 2018-08-22T13:04:59.744919720Z: [    0.714488] ACPI: PCI Interrupt Link [LNKB] (IRQs 5 *10 11)
[STDOUT  ] 2018-08-22T13:04:59.744936786Z: [    0.715725] ACPI: PCI Interrupt Link [LNKC] (IRQs 5 10 *11)
[STDOUT  ] 2018-08-22T13:04:59.744948628Z: [    0.716943] ACPI: PCI Interrupt Link [LNKD] (IRQs 5 10 *11)
[STDOUT  ] 2018-08-22T13:04:59.744960465Z: [    0.718223] ACPI: PCI Interrupt Link [LNKE] (IRQs 5 *10 11)
[STDOUT  ] 2018-08-22T13:04:59.744972240Z: [    0.719540] ACPI: PCI Interrupt Link [LNKF] (IRQs 5 *10 11)
[STDOUT  ] 2018-08-22T13:04:59.744984065Z: [    0.720964] ACPI: PCI Interrupt Link [LNKG] (IRQs 5 10 *11)
[STDOUT  ] 2018-08-22T13:04:59.744995820Z: [    0.722216] ACPI: PCI Interrupt Link [LNKH] (IRQs 5 10 *11)
[STDOUT  ] 2018-08-22T13:04:59.745007677Z: [    0.722873] ACPI: PCI Interrupt Link [GSIA] (IRQs *16)
[STDOUT  ] 2018-08-22T13:04:59.745019391Z: [    0.723348] ACPI: PCI Interrupt Link [GSIB] (IRQs *17)
[STDOUT  ] 2018-08-22T13:04:59.745031227Z: [    0.723830] ACPI: PCI Interrupt Link [GSIC] (IRQs *18)
[STDOUT  ] 2018-08-22T13:04:59.745042781Z: [    0.724288] ACPI: PCI Interrupt Link [GSID] (IRQs *19)
[STDOUT  ] 2018-08-22T13:04:59.745054392Z: [    0.724763] ACPI: PCI Interrupt Link [GSIE] (IRQs *20)
[STDOUT  ] 2018-08-22T13:04:59.745079107Z: [    0.725245] ACPI: PCI Interrupt Link [GSIF] (IRQs *21)
[STDOUT  ] 2018-08-22T13:04:59.745113128Z: [    0.725716] ACPI: PCI Interrupt Link [GSIG] (IRQs *22)
[STDOUT  ] 2018-08-22T13:04:59.745125647Z: [    0.726210] ACPI: PCI Interrupt Link [GSIH] (IRQs *23)
[STDOUT  ] 2018-08-22T13:04:59.745138424Z: [    0.733190] SCSI subsystem initialized
[STDOUT  ] 2018-08-22T13:04:59.745151316Z: [    0.735270] ACPI: bus type USB registered
[STDOUT  ] 2018-08-22T13:04:59.745163580Z: [    0.736014] usbcore: registered new interface driver usbfs
[STDOUT  ] 2018-08-22T13:04:59.745176050Z: [    0.736678] usbcore: registered new interface driver hub
[STDOUT  ] 2018-08-22T13:04:59.745199532Z: [    0.737357] usbcore: registered new device driver usb
[STDOUT  ] 2018-08-22T13:04:59.745211303Z: [    0.738162] pps_core: LinuxPPS API ver. 1 registered
[STDOUT  ] 2018-08-22T13:04:59.745228122Z: [    0.738566] pps_core: Software ver. 5.3.6 - Copyright 2005-2007 Rodolfo Giometti <giometti@linux.it>
[STDOUT  ] 2018-08-22T13:04:59.745240936Z: [    0.739344] PTP clock support registered
[STDOUT  ] 2018-08-22T13:04:59.745333465Z: [    0.741368] PCI: Using ACPI for IRQ routing
[STDOUT  ] 2018-08-22T13:04:59.745346640Z: [    0.753892] NetLabel: Initializing
[STDOUT  ] 2018-08-22T13:04:59.745368074Z: [    0.754142] NetLabel:  domain hash size = 128
[STDOUT  ] 2018-08-22T13:04:59.745380441Z: [    0.754413] NetLabel:  protocols = UNLABELED CIPSOv4 CALIPSO
[STDOUT  ] 2018-08-22T13:04:59.745392516Z: [    0.756087] NetLabel:  unlabeled traffic allowed by default
[STDOUT  ] 2018-08-22T13:04:59.745404779Z: [    0.757383] HPET: 3 timers in total, 0 timers will be used for per-cpu timer
[STDOUT  ] 2018-08-22T13:04:59.745417650Z: [    0.758069] hpet0: at MMIO 0xfed00000, IRQs 2, 8, 0
[STDOUT  ] 2018-08-22T13:04:59.745430246Z: [    0.758520] hpet0: 3 comparators, 64-bit 100.000000 MHz counter
[STDOUT  ] 2018-08-22T13:04:59.745442440Z: [    0.763326] clocksource: Switched to clocksource hpet
[STDOUT  ] 2018-08-22T13:04:59.745455469Z: [    0.985968] VFS: Disk quotas dquot_6.6.0
[STDOUT  ] 2018-08-22T13:04:59.745476813Z: [    0.986610] VFS: Dquot-cache hash table entries: 512 (order 0, 4096 bytes)
[STDOUT  ] 2018-08-22T13:04:59.745511113Z: [    0.988856] FS-Cache: Loaded
[STDOUT  ] 2018-08-22T13:04:59.745537049Z: [    0.993251] CacheFiles: Loaded
[STDOUT  ] 2018-08-22T13:04:59.745549143Z: [    0.994074] pnp: PnP ACPI init
[STDOUT  ] 2018-08-22T13:04:59.745561434Z: [    1.002433] pnp: PnP ACPI: found 5 devices
[STDOUT  ] 2018-08-22T13:04:59.745574034Z: [    1.036186] clocksource: acpi_pm: mask: 0xffffff max_cycles: 0xffffff, max_idle_ns: 2085701024 ns
[STDOUT  ] 2018-08-22T13:04:59.745618071Z: [    1.038328] NET: Registered protocol family 2
[STDOUT  ] 2018-08-22T13:04:59.745653427Z: [    1.044295] TCP established hash table entries: 8192 (order: 4, 65536 bytes)
[STDOUT  ] 2018-08-22T13:04:59.745672453Z: [    1.044957] TCP bind hash table entries: 8192 (order: 5, 131072 bytes)
[STDOUT  ] 2018-08-22T13:04:59.745685654Z: [    1.045962] TCP: Hash tables configured (established 8192 bind 8192)
[STDOUT  ] 2018-08-22T13:04:59.745698097Z: [    1.047623] UDP hash table entries: 512 (order: 2, 16384 bytes)
[STDOUT  ] 2018-08-22T13:04:59.745710995Z: [    1.048248] UDP-Lite hash table entries: 512 (order: 2, 16384 bytes)
[STDOUT  ] 2018-08-22T13:04:59.745724725Z: [    1.050507] NET: Registered protocol family 1
[STDOUT  ] 2018-08-22T13:04:59.745738188Z: [    1.051285] pci 0000:00:01.0: Video device with shadowed ROM at [mem 0x000c0000-0x000dffff]
[STDOUT  ] 2018-08-22T13:04:59.745751940Z: [    1.055729] Trying to unpack rootfs image as initramfs...
[STDOUT  ] 2018-08-22T13:04:59.745765157Z: [    8.358935] Freeing initrd memory: 44400K
[STDOUT  ] 2018-08-22T13:04:59.745778712Z: [    8.377844] PCLMULQDQ-NI instructions are not detected.
[STDOUT  ] 2018-08-22T13:04:59.745803834Z: [    8.378874] AVX or AES-NI instructions are not detected.
[STDOUT  ] 2018-08-22T13:04:59.745827374Z: [    8.379343] CPU feature 'AVX registers' is not supported.
[STDOUT  ] 2018-08-22T13:04:59.745839947Z: [    8.379782] CPU feature 'AVX registers' is not supported.
[STDOUT  ] 2018-08-22T13:04:59.745862507Z: [    8.380506] CPU feature 'AVX registers' is not supported.
[STDOUT  ] 2018-08-22T13:04:59.745876120Z: [    8.380864] CPU feature 'AVX registers' is not supported.
[STDOUT  ] 2018-08-22T13:04:59.745888967Z: [    8.381190] AVX2 or AES-NI instructions are not detected.
[STDOUT  ] 2018-08-22T13:04:59.745902521Z: [    8.381515] AVX2 instructions are not detected.
[STDOUT  ] 2018-08-22T13:04:59.745915578Z: [    8.385549] audit: initializing netlink subsys (disabled)
[STDOUT  ] 2018-08-22T13:04:59.745929176Z: [    8.387800] audit: type=2000 audit(1534943056.380:1): state=initialized audit_enabled=0 res=1
[STDOUT  ] 2018-08-22T13:04:59.745942552Z: [    8.393332] workingset: timestamp_bits=46 max_order=18 bucket_order=0
[STDOUT  ] 2018-08-22T13:04:59.745963964Z: [    8.397776] squashfs: version 4.0 (2009/01/31) Phillip Lougher
[STDOUT  ] 2018-08-22T13:04:59.745977467Z: [    8.399648] FS-Cache: Netfs 'cifs' registered for caching
[STDOUT  ] 2018-08-22T13:04:59.745991167Z: [    8.400954] fuse init (API version 7.26)
[STDOUT  ] 2018-08-22T13:04:59.746004503Z: [    8.402892] SGI XFS with ACLs, security attributes, no debug enabled
[STDOUT  ] 2018-08-22T13:04:59.746018792Z: [    8.405803] 9p: Installing v9fs 9p2000 file system support
[STDOUT  ] 2018-08-22T13:04:59.746032725Z: [    8.406244] FS-Cache: Netfs '9p' registered for caching
[STDOUT  ] 2018-08-22T13:04:59.746045457Z: [    8.436421] NET: Registered protocol family 38
[STDOUT  ] 2018-08-22T13:04:59.746058250Z: [    8.436974] Key type asymmetric registered
[STDOUT  ] 2018-08-22T13:04:59.746091871Z: [    8.437274] Asymmetric key parser 'x509' registered
[STDOUT  ] 2018-08-22T13:04:59.746105673Z: [    8.437875] Block layer SCSI generic (bsg) driver version 0.4 loaded (major 247)
[STDOUT  ] 2018-08-22T13:04:59.746126005Z: [    8.439143] io scheduler noop registered
[STDOUT  ] 2018-08-22T13:04:59.746138277Z: [    8.439483] io scheduler deadline registered (default)
[STDOUT  ] 2018-08-22T13:04:59.746151811Z: [    8.441313] io scheduler cfq registered
[STDOUT  ] 2018-08-22T13:04:59.746164937Z: [    8.441574] io scheduler mq-deadline registered
[STDOUT  ] 2018-08-22T13:04:59.746177073Z: [    8.441846] io scheduler kyber registered
[STDOUT  ] 2018-08-22T13:04:59.746189418Z: [    8.444182] shpchp: Standard Hot Plug PCI Controller Driver version: 0.4
[STDOUT  ] 2018-08-22T13:04:59.746202330Z: [    8.444840] hv_vmbus: registering driver hyperv_fb
[STDOUT  ] 2018-08-22T13:04:59.746215959Z: [    8.447352] input: Power Button as /devices/LNXSYSTM:00/LNXPWRBN:00/input/input0
[STDOUT  ] 2018-08-22T13:04:59.746229606Z: [    8.449716] ACPI: Power Button [PWRF]
[STDOUT  ] 2018-08-22T13:04:59.746242849Z: [    8.463584] ACPI: PCI Interrupt Link [GSIG] enabled at IRQ 22
[STDOUT  ] 2018-08-22T13:04:59.746272860Z: [    8.471992] ACPI: PCI Interrupt Link [GSIH] enabled at IRQ 23
[STDOUT  ] 2018-08-22T13:04:59.746285697Z: [    8.475374] Serial: 8250/16550 driver, 4 ports, IRQ sharing disabled
[STDOUT  ] 2018-08-22T13:04:59.746297744Z: [    8.501664] 00:04: ttyS0 at I/O 0x3f8 (irq = 4, base_baud = 115200) is a 16550A
[STDOUT  ] 2018-08-22T13:04:59.746310374Z: [    8.509336] Non-volatile memory driver v1.3
[STDOUT  ] 2018-08-22T13:04:59.746323001Z: [    8.514582] Hangcheck: starting hangcheck timer 0.9.1 (tick is 180 seconds, margin is 60 seconds).
[STDOUT  ] 2018-08-22T13:04:59.746335972Z: [    8.527349] random: fast init done
[STDOUT  ] 2018-08-22T13:04:59.746348638Z: [    8.528460] random: crng init done
[STDOUT  ] 2018-08-22T13:04:59.746361160Z: [    8.567422] brd: module loaded
[STDOUT  ] 2018-08-22T13:04:59.746373783Z: [    8.591987] loop: module loaded
[STDOUT  ] 2018-08-22T13:04:59.746386135Z: [    8.635933] lpc_ich 0000:00:1f.0: I/O space for GPIO uninitialized
[STDOUT  ] 2018-08-22T13:04:59.746398132Z: [    8.637531] VMware PVSCSI driver - version 1.0.7.0-k
[STDOUT  ] 2018-08-22T13:04:59.746410634Z: [    8.638075] hv_vmbus: registering driver hv_storvsc
[STDOUT  ] 2018-08-22T13:04:59.746422435Z: [    8.645416] ACPI: PCI Interrupt Link [GSIA] enabled at IRQ 16
[STDOUT  ] 2018-08-22T13:04:59.746434950Z: [    8.651182] ahci 0000:00:1f.2: AHCI 0001.0000 32 slots 6 ports 1.5 Gbps 0x3f impl SATA mode
[STDOUT  ] 2018-08-22T13:04:59.746447252Z: [    8.651742] ahci 0000:00:1f.2: flags: 64bit ncq only 
[STDOUT  ] 2018-08-22T13:04:59.746459662Z: [    8.667722] scsi host0: ahci
[STDOUT  ] 2018-08-22T13:04:59.746471936Z: [    8.670542] scsi host1: ahci
[STDOUT  ] 2018-08-22T13:04:59.746484238Z: [    8.672048] scsi host2: ahci
[STDOUT  ] 2018-08-22T13:04:59.746496847Z: [    8.673422] scsi host3: ahci
[STDOUT  ] 2018-08-22T13:04:59.746509516Z: [    8.674880] scsi host4: ahci
[STDOUT  ] 2018-08-22T13:04:59.746521981Z: [    8.676261] scsi host5: ahci
[STDOUT  ] 2018-08-22T13:04:59.746534462Z: [    8.677349] ata1: SATA max UDMA/133 abar m4096@0xfebd2000 port 0xfebd2100 irq 24
[STDOUT  ] 2018-08-22T13:04:59.746551348Z: [    8.677817] ata2: SATA max UDMA/133 abar m4096@0xfebd2000 port 0xfebd2180 irq 24
[STDOUT  ] 2018-08-22T13:04:59.746563913Z: [    8.678238] ata3: SATA max UDMA/133 abar m4096@0xfebd2000 port 0xfebd2200 irq 24
[STDOUT  ] 2018-08-22T13:04:59.746585487Z: [    8.678758] ata4: SATA max UDMA/133 abar m4096@0xfebd2000 port 0xfebd2280 irq 24
[STDOUT  ] 2018-08-22T13:04:59.746598306Z: [    8.679303] ata5: SATA max UDMA/133 abar m4096@0xfebd2000 port 0xfebd2300 irq 24
[STDOUT  ] 2018-08-22T13:04:59.746618179Z: [    8.679836] ata6: SATA max UDMA/133 abar m4096@0xfebd2000 port 0xfebd2380 irq 24
[STDOUT  ] 2018-08-22T13:04:59.746631034Z: [    8.689929] tun: Universal TUN/TAP device driver, 1.6
[STDOUT  ] 2018-08-22T13:04:59.746653340Z: [    8.699326] VMware vmxnet3 virtual NIC driver - version 1.4.a.0-k-NAPI
[STDOUT  ] 2018-08-22T13:04:59.746665728Z: [    8.700645] hv_vmbus: registering driver hv_netvsc
[STDOUT  ] 2018-08-22T13:04:59.746678254Z: [    8.700969] Fusion MPT base driver 3.04.20
[STDOUT  ] 2018-08-22T13:04:59.746690682Z: [    8.701202] Copyright (c) 1999-2008 LSI Corporation
[STDOUT  ] 2018-08-22T13:04:59.746703314Z: [    8.701625] Fusion MPT SPI Host driver 3.04.20
[STDOUT  ] 2018-08-22T13:04:59.746716463Z: [    8.703199] i8042: PNP: PS/2 Controller [PNP0303:KBD,PNP0f13:MOU] at 0x60,0x64 irq 1,12
[STDOUT  ] 2018-08-22T13:04:59.746729515Z: [    8.706675] serio: i8042 KBD port at 0x60,0x64 irq 1
[STDOUT  ] 2018-08-22T13:04:59.746742084Z: [    8.707301] serio: i8042 AUX port at 0x60,0x64 irq 12
[STDOUT  ] 2018-08-22T13:04:59.746754297Z: [    8.709303] hv_vmbus: registering driver hyperv_keyboard
[STDOUT  ] 2018-08-22T13:04:59.746781917Z: [    8.711335] mousedev: PS/2 mouse device common for all mice
[STDOUT  ] 2018-08-22T13:04:59.746794597Z: [    8.714742] input: AT Translated Set 2 keyboard as /devices/platform/i8042/serio0/input/input1
[STDOUT  ] 2018-08-22T13:04:59.746815184Z: [    8.716699] input: PC Speaker as /devices/platform/pcspkr/input/input2
[STDOUT  ] 2018-08-22T13:04:59.746832596Z: [    8.719571] rtc_cmos 00:00: RTC can wake from S4
[STDOUT  ] 2018-08-22T13:04:59.746845318Z: [    8.722432] rtc_cmos 00:00: rtc core: registered rtc_cmos as rtc0
[STDOUT  ] 2018-08-22T13:04:59.746858036Z: [    8.723411] rtc_cmos 00:00: alarms up to one day, y3k, 114 bytes nvram, hpet irqs
[STDOUT  ] 2018-08-22T13:04:59.746870872Z: [    8.724025] i2c /dev entries driver
[STDOUT  ] 2018-08-22T13:04:59.746883351Z: [    8.725553] device-mapper: ioctl: 4.37.0-ioctl (2017-09-20) initialised: dm-devel@redhat.com
[STDOUT  ] 2018-08-22T13:04:59.746904021Z: [    8.728963] usbcore: registered new interface driver usbhid
[STDOUT  ] 2018-08-22T13:04:59.746916549Z: [    8.729409] usbhid: USB HID core driver
[STDOUT  ] 2018-08-22T13:04:59.746928935Z: [    8.730308] hv_utils: Registering HyperV Utility Driver
[STDOUT  ] 2018-08-22T13:04:59.746941492Z: [    8.730637] hv_vmbus: registering driver hv_util
[STDOUT  ] 2018-08-22T13:04:59.746953788Z: [    8.730919] hv_vmbus: registering driver hv_balloon
[STDOUT  ] 2018-08-22T13:04:59.746966322Z: [    8.731457] oprofile: using NMI interrupt.
[STDOUT  ] 2018-08-22T13:04:59.746978792Z: [    8.732333] GACT probability on
[STDOUT  ] 2018-08-22T13:04:59.746991207Z: [    8.732651] Mirror/redirect action on
[STDOUT  ] 2018-08-22T13:04:59.747003571Z: [    8.733098] Simple TC action Loaded
[STDOUT  ] 2018-08-22T13:04:59.747015962Z: [    8.733483] u32 classifier
[STDOUT  ] 2018-08-22T13:04:59.747028706Z: [    8.733649]     Performance counters on
[STDOUT  ] 2018-08-22T13:04:59.747041163Z: [    8.733884]     input device check on
[STDOUT  ] 2018-08-22T13:04:59.747053567Z: [    8.734094]     Actions configured
[STDOUT  ] 2018-08-22T13:04:59.747066101Z: [    8.734635] Netfilter messages via NETLINK v0.30.
[STDOUT  ] 2018-08-22T13:04:59.747078567Z: [    8.735064] nfnl_acct: registering with nfnetlink.
[STDOUT  ] 2018-08-22T13:04:59.747091164Z: [    8.736208] nf_conntrack version 0.5.0 (8192 buckets, 32768 max)
[STDOUT  ] 2018-08-22T13:04:59.747107204Z: [    8.737913] ctnetlink v0.93: registering with nfnetlink.
[STDOUT  ] 2018-08-22T13:04:59.747119861Z: [    8.740936] nf_tables: (c) 2007-2009 Patrick McHardy <kaber@trash.net>
[STDOUT  ] 2018-08-22T13:04:59.747132379Z: [    8.741609] nf_tables_compat: (c) 2012 Pablo Neira Ayuso <pablo@netfilter.org>
[STDOUT  ] 2018-08-22T13:04:59.747152756Z: [    8.743570] xt_time: kernel timezone is -0000
[STDOUT  ] 2018-08-22T13:04:59.747165310Z: [    8.744011] ip_set: protocol 6
[STDOUT  ] 2018-08-22T13:04:59.747177958Z: [    8.744541] IPVS: Registered protocols (TCP, UDP, SCTP, AH, ESP)
[STDOUT  ] 2018-08-22T13:04:59.747190539Z: [    8.745066] IPVS: Connection hash table configured (size=4096, memory=64Kbytes)
[STDOUT  ] 2018-08-22T13:04:59.747203274Z: [    8.748147] IPVS: ipvs loaded.
[STDOUT  ] 2018-08-22T13:04:59.747216207Z: [    8.748490] IPVS: [rr] scheduler registered.
[STDOUT  ] 2018-08-22T13:04:59.747229062Z: [    8.748856] IPVS: [wrr] scheduler registered.
[STDOUT  ] 2018-08-22T13:04:59.747241651Z: [    8.749178] IPVS: [lc] scheduler registered.
[STDOUT  ] 2018-08-22T13:04:59.747254190Z: [    8.749504] IPVS: [wlc] scheduler registered.
[STDOUT  ] 2018-08-22T13:04:59.747279205Z: [    8.749856] IPVS: [fo] scheduler registered.
[STDOUT  ] 2018-08-22T13:04:59.747291848Z: [    8.750583] IPVS: [ovf] scheduler registered.
[STDOUT  ] 2018-08-22T13:04:59.747313221Z: [    8.750966] IPVS: [lblc] scheduler registered.
[STDOUT  ] 2018-08-22T13:04:59.747325647Z: [    8.751296] IPVS: [lblcr] scheduler registered.
[STDOUT  ] 2018-08-22T13:04:59.747338093Z: [    8.751568] IPVS: [dh] scheduler registered.
[STDOUT  ] 2018-08-22T13:04:59.747350769Z: [    8.751822] IPVS: [sh] scheduler registered.
[STDOUT  ] 2018-08-22T13:04:59.747363166Z: [    8.752078] IPVS: [sed] scheduler registered.
[STDOUT  ] 2018-08-22T13:04:59.747375434Z: [    8.752333] IPVS: [nq] scheduler registered.
[STDOUT  ] 2018-08-22T13:04:59.747387872Z: [    8.752912] IPVS: ftp: loaded support on port[0] = 21
[STDOUT  ] 2018-08-22T13:04:59.747404085Z: [    8.753584] ipip: IPv4 and MPLS over IPv4 tunneling driver
[STDOUT  ] 2018-08-22T13:04:59.747416556Z: [    8.756603] gre: GRE over IPv4 demultiplexor driver
[STDOUT  ] 2018-08-22T13:04:59.747429056Z: [    8.758651] ip_tables: (C) 2000-2006 Netfilter Core Team
[STDOUT  ] 2018-08-22T13:04:59.747449662Z: [    8.762115] ipt_CLUSTERIP: ClusterIP Version 0.8 loaded successfully
[STDOUT  ] 2018-08-22T13:04:59.747462300Z: [    8.762648] arp_tables: arp_tables: (C) 2002 David S. Miller
[STDOUT  ] 2018-08-22T13:04:59.747474865Z: [    8.764404] NET: Registered protocol family 10
[STDOUT  ] 2018-08-22T13:04:59.747495719Z: [    8.772234] Segment Routing with IPv6
[STDOUT  ] 2018-08-22T13:04:59.747508400Z: [    8.772970] ip6_tables: (C) 2000-2006 Netfilter Core Team
[STDOUT  ] 2018-08-22T13:04:59.747520845Z: [    8.778785] NET: Registered protocol family 17
[STDOUT  ] 2018-08-22T13:04:59.747533403Z: [    8.779669] Bridge firewalling registered
[STDOUT  ] 2018-08-22T13:04:59.747545623Z: [    8.780630] Ebtables v2.0 registered
[STDOUT  ] 2018-08-22T13:04:59.747558287Z: [    8.782664] 8021q: 802.1Q VLAN Support v1.8
[STDOUT  ] 2018-08-22T13:04:59.747570600Z: [    8.783780] 9pnet: Installing 9P2000 support
[STDOUT  ] 2018-08-22T13:04:59.747582861Z: [    8.784978] Key type dns_resolver registered
[STDOUT  ] 2018-08-22T13:04:59.747595314Z: [    8.786076] sched_clock: Marking stable (8780188690, 0)->(8886886722, -106698032)
[STDOUT  ] 2018-08-22T13:04:59.747607505Z: [    8.789030] registered taskstats version 1
[STDOUT  ] 2018-08-22T13:04:59.747620091Z: [    8.966942] Key type big_key registered
[STDOUT  ] 2018-08-22T13:04:59.747632696Z: [    9.012838] ata2: SATA link up 1.5 Gbps (SStatus 113 SControl 300)
[STDOUT  ] 2018-08-22T13:04:59.747645004Z: [    9.016592] ata2.00: ATA-7: QEMU HARDDISK, 2.5+, max UDMA/100
[STDOUT  ] 2018-08-22T13:04:59.747657226Z: [    9.017185] ata2.00: 1048576 sectors, multi 16: LBA48 NCQ (depth 31/32)
[STDOUT  ] 2018-08-22T13:04:59.747670014Z: [    9.017683] ata2.00: applying bridge limits
[STDOUT  ] 2018-08-22T13:04:59.747687731Z: [    9.018889] ata1: SATA link up 1.5 Gbps (SStatus 113 SControl 300)
[STDOUT  ] 2018-08-22T13:04:59.747711817Z: [    9.019520] ata1.00: ATA-7: QEMU HARDDISK, 2.5+, max UDMA/100
[STDOUT  ] 2018-08-22T13:04:59.747724122Z: [    9.019973] ata1.00: 1048576 sectors, multi 16: LBA48 NCQ (depth 31/32)
[STDOUT  ] 2018-08-22T13:04:59.747736554Z: [    9.020658] ata1.00: applying bridge limits
[STDOUT  ] 2018-08-22T13:04:59.747749072Z: [    9.021152] ata5: SATA link down (SStatus 0 SControl 300)
[STDOUT  ] 2018-08-22T13:04:59.747761690Z: [    9.022380] ata4: SATA link down (SStatus 0 SControl 300)
[STDERR  ] 2018-08-22T13:04:59.743071453Z: [    0.000000] percpu: Embedded 44 pages/cpu @ffff98bebd200000 s143256 r8192 d28776 u2097152
[STDERR  ] 2018-08-22T13:04:59.747819594Z: [    0.000000] Built 1 zonelists, mobility grouping on.  Total pages: 257895
[STDERR  ] 2018-08-22T13:04:59.747838719Z: [    0.000000] Kernel command line: console=ttyS0 console=ttyAMA0
[STDERR  ] 2018-08-22T13:04:59.747857868Z: [    0.000000] PID hash table entries: 4096 (order: 3, 32768 bytes)
[STDERR  ] 2018-08-22T13:04:59.747876581Z: [    0.000000] Dentry cache hash table entries: 131072 (order: 8, 1048576 bytes)
[STDERR  ] 2018-08-22T13:04:59.747894368Z: [    0.000000] Inode-cache hash table entries: 65536 (order: 7, 524288 bytes)
[STDERR  ] 2018-08-22T13:04:59.747912904Z: [    0.000000] Memory: 960384K/1048048K available (12300K kernel code, 1465K rwdata, 2996K rodata, 1516K init, 632K bss, 87664K reserved, 0K cma-reserved)
[STDERR  ] 2018-08-22T13:04:59.747930955Z: [    0.000000] ftrace: allocating 41077 entries in 161 pages
[STDERR  ] 2018-08-22T13:04:59.747948610Z: [    0.000000] Hierarchical RCU implementation.
[STDERR  ] 2018-08-22T13:04:59.747966681Z: [    0.000000] 	RCU restricting CPUs from NR_CPUS=128 to nr_cpu_ids=1.
[STDERR  ] 2018-08-22T13:04:59.747984451Z: [    0.000000] RCU: Adjusting geometry for rcu_fanout_leaf=16, nr_cpu_ids=1
[STDERR  ] 2018-08-22T13:04:59.748001827Z: [    0.000000] NR_IRQS: 8448, nr_irqs: 256, preallocated irqs: 16
[STDERR  ] 2018-08-22T13:04:59.748023254Z: [    0.000000] Console: colour VGA+ 80x25
[STDERR  ] 2018-08-22T13:04:59.748040627Z: [    0.000000] console [ttyS0] enabled
[STDERR  ] 2018-08-22T13:04:59.748058562Z: [    0.000000] clocksource: hpet: mask: 0xffffffff max_cycles: 0xffffffff, max_idle_ns: 19112604467 ns
[STDERR  ] 2018-08-22T13:04:59.748085675Z: [    0.010000] tsc: Fast TSC calibration using PIT
[STDERR  ] 2018-08-22T13:04:59.748103427Z: [    0.010000] tsc: Detected 2600.120 MHz processor
[STDERR  ] 2018-08-22T13:04:59.748122044Z: [    0.010000] Calibrating delay loop (skipped), value calculated using timer frequency.. 5200.24 BogoMIPS (lpj=26001200)
[STDERR  ] 2018-08-22T13:04:59.748140573Z: [    0.010000] pid_max: default: 32768 minimum: 301
[STDERR  ] 2018-08-22T13:04:59.748166054Z: [    0.010000] ACPI: Core revision 20170728
[STDERR  ] 2018-08-22T13:04:59.748184024Z: [    0.048261] ACPI: 1 ACPI AML tables successfully acquired and loaded
[STDERR  ] 2018-08-22T13:04:59.748201765Z: [    0.050062] Security Framework initialized
[STDERR  ] 2018-08-22T13:04:59.748219903Z: [    0.050440] Yama: becoming mindful.
[STDERR  ] 2018-08-22T13:04:59.748237529Z: [    0.052209] Mount-cache hash table entries: 2048 (order: 2, 16384 bytes)
[STDERR  ] 2018-08-22T13:04:59.748276343Z: [    0.052651] Mountpoint-cache hash table entries: 2048 (order: 2, 16384 bytes)
[STDERR  ] 2018-08-22T13:04:59.748294371Z: [    0.066379] Last level iTLB entries: 4KB 0, 2MB 0, 4MB 0
[STDERR  ] 2018-08-22T13:04:59.748313289Z: [    0.066862] Last level dTLB entries: 4KB 0, 2MB 0, 4MB 0, 1GB 0
[STDERR  ] 2018-08-22T13:04:59.748331490Z: [    0.067421] Spectre V2 : Spectre mitigation: LFENCE not serializing, switching to generic retpoline
[STDERR  ] 2018-08-22T13:04:59.748350089Z: [    0.068145] Spectre V2 : Mitigation: Full generic retpoline
[STDERR  ] 2018-08-22T13:04:59.748375393Z: [    0.068600] Spectre V2 : Spectre v2 / SpectreRSB mitigation: Filling RSB on context switch
[STDERR  ] 2018-08-22T13:04:59.748403077Z: [    0.069285] Speculative Store Bypass: Vulnerable
[STDERR  ] 2018-08-22T13:04:59.748421787Z: [    0.291866] Freeing SMP alternatives memory: 20K
[STDERR  ] 2018-08-22T13:04:59.748439288Z: [    0.307806] smpboot: Max logical packages: 1
[STDERR  ] 2018-08-22T13:04:59.748456843Z: [    0.312413] ..TIMER: vector=0x30 apic1=0 pin1=2 apic2=-1 pin2=-1
[STDERR  ] 2018-08-22T13:04:59.748484221Z: [    0.420000] smpboot: CPU0: AMD QEMU Virtual CPU version 2.5+ (family: 0x6, model: 0x6, stepping: 0x3)
[STDERR  ] 2018-08-22T13:04:59.748502514Z: [    0.420000] Performance Events: PMU not available due to virtualization, using software events only.
[STDERR  ] 2018-08-22T13:04:59.748520080Z: [    0.420000] Hierarchical SRCU implementation.
[STDERR  ] 2018-08-22T13:04:59.748537514Z: [    0.423400] NMI watchdog: Perf event create on CPU 0 failed with -2
[STDOUT  ] 2018-08-22T13:04:59.748567790Z: [    9.022906] ata3: SATA link up 1.5 Gbps (SStatus 113 SControl 300)
[STDOUT  ] 2018-08-22T13:04:59.748581542Z: [    9.023672] ata3.00: ATAPI: QEMU DVD-ROM, 2.5+, max UDMA/100
[STDOUT  ] 2018-08-22T13:04:59.748594295Z: [    9.024239] ata3.00: applying bridge limits
[STDOUT  ] 2018-08-22T13:04:59.748614109Z: [    9.025148] ata3.00: configured for UDMA/100
[STDOUT  ] 2018-08-22T13:04:59.748626677Z: [    9.026953] ata1.00: configured for UDMA/100
[STDOUT  ] 2018-08-22T13:04:59.748646159Z: [    9.034859] ata6: SATA link down (SStatus 0 SControl 300)
[STDOUT  ] 2018-08-22T13:04:59.748658833Z: [    9.040812] ata2.00: configured for UDMA/100
[STDOUT  ] 2018-08-22T13:04:59.748671281Z: [    9.042540] scsi 0:0:0:0: Direct-Access     ATA      QEMU HARDDISK    2.5+ PQ: 0 ANSI: 5
[STDOUT  ] 2018-08-22T13:04:59.748684012Z: [    9.055534] sd 0:0:0:0: [sda] 1048576 512-byte logical blocks: (537 MB/512 MiB)
[STDOUT  ] 2018-08-22T13:04:59.748696499Z: [    9.057873] sd 0:0:0:0: [sda] Write Protect is off
[STDOUT  ] 2018-08-22T13:04:59.748708972Z: [    9.058798] sd 0:0:0:0: Attached scsi generic sg0 type 0
[STDOUT  ] 2018-08-22T13:04:59.748724890Z: [    9.060645] sd 0:0:0:0: [sda] Write cache: enabled, read cache: enabled, doesn't support DPO or FUA
[STDOUT  ] 2018-08-22T13:04:59.748737573Z: [    9.063103] scsi 1:0:0:0: Direct-Access     ATA      QEMU HARDDISK    2.5+ PQ: 0 ANSI: 5
[STDOUT  ] 2018-08-22T13:04:59.748749854Z: [    9.067034] sd 1:0:0:0: Attached scsi generic sg1 type 0
[STDOUT  ] 2018-08-22T13:04:59.748762529Z: [    9.070493] sd 1:0:0:0: [sdb] 1048576 512-byte logical blocks: (537 MB/512 MiB)
[STDOUT  ] 2018-08-22T13:04:59.748775120Z: [    9.073128] scsi 2:0:0:0: CD-ROM            QEMU     QEMU DVD-ROM     2.5+ PQ: 0 ANSI: 5
[STDOUT  ] 2018-08-22T13:04:59.748787060Z: [    9.080603] sd 1:0:0:0: [sdb] Write Protect is off
[STDOUT  ] 2018-08-22T13:04:59.748799528Z: [    9.082237] sd 1:0:0:0: [sdb] Write cache: enabled, read cache: enabled, doesn't support DPO or FUA
[STDOUT  ] 2018-08-22T13:04:59.748819169Z: [    9.104066] sd 0:0:0:0: [sda] Attached SCSI disk
[STDOUT  ] 2018-08-22T13:04:59.748831743Z: [    9.104538] sd 1:0:0:0: [sdb] Attached SCSI disk
[STDOUT  ] 2018-08-22T13:04:59.748844433Z: [    9.112262] sr 2:0:0:0: [sr0] scsi3-mmc drive: 4x/4x cd/rw xa/form2 tray
[STDOUT  ] 2018-08-22T13:04:59.748856795Z: [    9.112794] cdrom: Uniform CD-ROM driver Revision: 3.20
[STDOUT  ] 2018-08-22T13:04:59.748869239Z: [    9.116717] sr 2:0:0:0: Attached scsi generic sg2 type 5
[STDOUT  ] 2018-08-22T13:04:59.748881730Z: [    9.118587] Key type trusted registered
[STDOUT  ] 2018-08-22T13:04:59.748894816Z: [    9.179329] Key type encrypted registered
[STDOUT  ] 2018-08-22T13:04:59.748907153Z: [    9.179995] ima: No TPM chip found, activating TPM-bypass! (rc=-19)
[STDOUT  ] 2018-08-22T13:04:59.748920314Z: [    9.181049] ima: Allocated hash algorithm: sha256
[STDOUT  ] 2018-08-22T13:04:59.748933188Z: [    9.183124] evm: HMAC attrs: 0x1
[STDOUT  ] 2018-08-22T13:04:59.748946209Z: [    9.186627] rtc_cmos 00:00: setting system clock to 2018-08-22 13:04:17 UTC (1534943057)
[STDOUT  ] 2018-08-22T13:04:59.748958848Z: [    9.326100] Freeing unused kernel memory: 1516K
[STDOUT  ] 2018-08-22T13:04:59.748974932Z: [    9.340602] Write protecting the kernel read-only data: 18432k
[STDOUT  ] 2018-08-22T13:04:59.748987653Z: [    9.353240] Freeing unused kernel memory: 2024K
[STDOUT  ] 2018-08-22T13:04:59.749000703Z: [    9.404955] Freeing unused kernel memory: 1100K
[STDOUT  ] 2018-08-22T13:04:59.749013012Z: [    9.441054] tsc: Refined TSC clocksource calibration: 2599.926 MHz
[STDOUT  ] 2018-08-22T13:04:59.749025722Z: [    9.441566] clocksource: tsc: mask: 0xffffffffffffffff max_cycles: 0x2579f63e8c6, max_idle_ns: 440795269889 ns
[STDOUT  ] 2018-08-22T13:04:59.749038741Z: [   10.459468] clocksource: Switched to clocksource tsc
[STDOUT  ] 2018-08-22T13:04:59.749051173Z: 
[STDOUT  ] 2018-08-22T13:04:59.749063803Z: Welcome to LinuxKit
[STDOUT  ] 2018-08-22T13:04:59.749076332Z: 
[STDOUT  ] 2018-08-22T13:04:59.749180875Z:                         ##         .
[STDOUT  ] 2018-08-22T13:04:59.749193739Z:                   ## ## ##        ==
[STDOUT  ] 2018-08-22T13:04:59.749206051Z:                ## ## ## ## ##    ===
[STDOUT  ] 2018-08-22T13:04:59.749225958Z:            /"""""""""""""""""\___/ ===
[STDOUT  ] 2018-08-22T13:04:59.749238701Z:           {                       /  ===-
[STDOUT  ] 2018-08-22T13:04:59.749258786Z:            \______ O           __/
[STDOUT  ] 2018-08-22T13:04:59.749282066Z:              \    \         __/
[STDOUT  ] 2018-08-22T13:04:59.749294509Z:               \____\_______/
[STDOUT  ] 2018-08-22T13:04:59.749307449Z: 
[STDOUT  ] 2018-08-22T13:04:59.749320500Z: [   25.029704] IPVS: ftp: loaded support on port[0] = 21
[STDOUT  ] 2018-08-22T13:04:59.749333000Z: [   26.185830]  sda:
[STDOUT  ] 2018-08-22T13:04:59.749345678Z: [   26.256302]  sda:
[STDOUT  ] 2018-08-22T13:04:59.749358045Z: [   26.568325]  sda: sda1
[STDOUT  ] 2018-08-22T13:04:59.749386389Z: [   26.640956]  sda: sda1
[STDOUT  ] 2018-08-22T13:04:59.749399092Z: 2018/08/22 13:04:33 Creating partition on /dev/sda
[STDOUT  ] 2018-08-22T13:04:59.749416220Z: 2018/08/22 13:04:36 Partition /dev/sda1 successfully created!
[STDOUT  ] 2018-08-22T13:04:59.749436592Z: [   28.986742] IPVS: ftp: loaded support on port[0] = 21
[STDOUT  ] 2018-08-22T13:04:59.749449108Z: [   30.192744]  sdb:
[STDOUT  ] 2018-08-22T13:04:59.749461620Z: [   30.258371]  sdb:
[STDOUT  ] 2018-08-22T13:04:59.749473901Z: [   30.570704]  sdb: sdb1
[STDOUT  ] 2018-08-22T13:04:59.749486387Z: [   30.641030]  sdb: sdb1
[STDOUT  ] 2018-08-22T13:04:59.749499122Z: 2018/08/22 13:04:37 /dev/sda has content. blkid returned: /dev/sda: PTUUID="bfaecd1b" PTTYPE="dos"
[STDOUT  ] 2018-08-22T13:04:59.749511782Z: 2018/08/22 13:04:37 Creating partition on /dev/sdb
[STDOUT  ] 2018-08-22T13:04:59.749524466Z: 2018/08/22 13:04:40 Partition /dev/sdb1 successfully created!
[STDOUT  ] 2018-08-22T13:04:59.749536700Z: [   33.008952] IPVS: ftp: loaded support on port[0] = 21
[STDOUT  ] 2018-08-22T13:04:59.749548902Z: [   34.167381] EXT4-fs (sda1): mounted filesystem with ordered data mode. Opts: (null)
[STDOUT  ] 2018-08-22T13:04:59.749561473Z: [   36.134958] IPVS: ftp: loaded support on port[0] = 21
[STDOUT  ] 2018-08-22T13:04:59.749574013Z: [   37.259215] EXT4-fs (sdb1): mounted filesystem with ordered data mode. Opts: (null)
[STDOUT  ] 2018-08-22T13:04:59.749586811Z: 2018/08/22 13:04:45 Failed to create "/dev/disk/by-uuid/9e4caaeb-ec77-4033-9d9a-bdb7c5437015": symlink ../../sda1 /dev/disk/by-uuid/9e4caaeb-ec77-4033-9d9a-bdb7c5437015: file exists
[STDOUT  ] 2018-08-22T13:04:59.749608965Z: 2018/08/22 13:04:46 Failed to create "/dev/disk/by-uuid/92fb9d01-6a6f-44b6-8996-859095f10f36": symlink ../../sdb1 /dev/disk/by-uuid/92fb9d01-6a6f-44b6-8996-859095f10f36: file exists
[STDOUT  ] 2018-08-22T13:04:59.749621577Z: format_mount test suite PASSED
[STDERR  ] 2018-08-22T13:04:59.749146374Z: [    0.423802] NMI watchdog: Perf NMI watchdog permanently disabled
[STDERR  ] 2018-08-22T13:04:59.749649236Z: [    0.426743] smp: Bringing up secondary CPUs ...
[STDERR  ] 2018-08-22T13:04:59.749668505Z: [    0.427096] smp: Brought up 1 node, 1 CPU
[STDERR  ] 2018-08-22T13:04:59.749690363Z: [    0.427417] smpboot: Total of 1 processors activated (5200.24 BogoMIPS)
[STDERR  ] 2018-08-22T13:04:59.749709124Z: [    0.440628] devtmpfs: initialized
[STDERR  ] 2018-08-22T13:04:59.749727351Z: [    0.444088] x86/mm: Memory block size: 128MB
[STDERR  ] 2018-08-22T13:04:59.749744958Z: [    0.448688] evm: security.ima
[STDERR  ] 2018-08-22T13:04:59.749763208Z: [    0.448952] evm: security.capability
[STDERR  ] 2018-08-22T13:04:59.749788034Z: [    0.451805] clocksource: jiffies: mask: 0xffffffff max_cycles: 0xffffffff, max_idle_ns: 19112604462750000 ns
[STDERR  ] 2018-08-22T13:04:59.749813494Z: [    0.452514] futex hash table entries: 256 (order: 2, 16384 bytes)
[STDERR  ] 2018-08-22T13:04:59.749832045Z: [    0.460969] NET: Registered protocol family 16
[STDERR  ] 2018-08-22T13:04:59.749849915Z: [    0.466688] cpuidle: using governor ladder
[STDERR  ] 2018-08-22T13:04:59.749867840Z: [    0.467128] cpuidle: using governor menu
[STDERR  ] 2018-08-22T13:04:59.749892689Z: [    0.468445] ACPI: bus type PCI registered
[STDERR  ] 2018-08-22T13:04:59.749910554Z: [    0.470911] PCI: MMCONFIG for domain 0000 [bus 00-ff] at [mem 0xb0000000-0xbfffffff] (base 0xb0000000)
[STDERR  ] 2018-08-22T13:04:59.749929009Z: [    0.471616] PCI: MMCONFIG at [mem 0xb0000000-0xbfffffff] reserved in E820
[STDERR  ] 2018-08-22T13:04:59.749946949Z: [    0.472483] PCI: Using configuration type 1 for base access
[STDERR  ] 2018-08-22T13:04:59.749964574Z: [    0.517396] HugeTLB registered 2.00 MiB page size, pre-allocated 0 pages
[STDERR  ] 2018-08-22T13:04:59.749982251Z: [    0.526109] ACPI: Added _OSI(Module Device)
