[INFO    ] 2017-06-14T15:45:07.314650521Z: Running Test linuxkit.kernel.config_4.4.x in /tmp/build/test/cases/020_kernel/000_config_4.4.x
[INFO    ] 2017-06-14T15:45:07.314725567Z: Running command: [/bin/sh -x /tmp/build/test/cases/020_kernel/000_config_4.4.x/test.sh]
[STDERR  ] 2017-06-14T15:45:07.340399509Z: + set -e
[STDERR  ] 2017-06-14T15:45:07.340485865Z: + . /tmp/build/test/cases/_lib/lib.sh
[STDERR  ] 2017-06-14T15:45:07.340497561Z: + [ -f src/github.com/linuxkit/rtf/lib/lib.sh ]
[STDERR  ] 2017-06-14T15:45:07.340510243Z: + LINUXKIT_TMPDIR=/tmp/build/test/cases/_tmp
[STDERR  ] 2017-06-14T15:45:07.340516598Z: + [ -f /tmp/build/test/cases/_tmp/env.sh ]
[STDERR  ] 2017-06-14T15:45:07.340523003Z: + . /tmp/build/test/cases/_tmp/env.sh
[STDERR  ] 2017-06-14T15:45:07.340527849Z: + export LINUXKIT_EXAMPLES_DIR=/tmp/build/test/cases/../../examples
[STDERR  ] 2017-06-14T15:45:07.340535518Z: + RT_CANCEL=253
[STDERR  ] 2017-06-14T15:45:07.340545256Z: + trap clean_up EXIT
[STDERR  ] 2017-06-14T15:45:07.340552071Z: + moby build -output kernel+initrd test-kernel-config.yml
[STDERR  ] 2017-06-14T15:45:07.389155966Z: Extract kernel image: linuxkit/kernel:4.4.x
[STDERR  ] 2017-06-14T15:45:09.801531118Z: Pull image: docker.io/linuxkit/kernel:4.4.x@sha256:2002fdca31f8493c09952a17ea256f534e89555c0ab282e6662895ee7ab58d6d
[STDERR  ] 2017-06-14T15:45:19.033389982Z: Add init containers:
[STDERR  ] 2017-06-14T15:45:19.033471264Z: Process init image: linuxkit/init:2599bcd5013ce5962aa155ee8929c26160de13bd
[STDERR  ] 2017-06-14T15:45:20.399367152Z: Process init image: linuxkit/runc:3a4e6cbf15470f62501b019b55e1caac5ee7689f
[STDERR  ] 2017-06-14T15:45:21.688498807Z: Process init image: linuxkit/containerd:b50181bc6e0084e5fcd6b6ad3cf433c4f66cae5a
[STDERR  ] 2017-06-14T15:45:23.365814727Z: Add onboot containers:
[STDERR  ] 2017-06-14T15:45:23.365861703Z:   Create OCI config for linuxkit/test-kernel-config:2acaa564c1801dd2ae1546c70c472dc58ac030a1
[STDERR  ] 2017-06-14T15:45:28.122467065Z:   Create OCI config for linuxkit/poweroff:7404cf2295df89ccfa2dda41997a28307a90cf28
[STDERR  ] 2017-06-14T15:45:29.330079914Z: Create outputs:
[STDERR  ] 2017-06-14T15:45:35.692514977Z:   test-kernel-config-kernel test-kernel-config-initrd.img test-kernel-config-cmdline
[STDERR  ] 2017-06-14T15:45:35.74582277Z: + linuxkit run test-kernel-config
[STDERR  ] 2017-06-14T15:45:35.761999237Z: Unable to find qemu-system-x86_64 within the $PATH. Using a container
[STDERR  ] 2017-06-14T15:46:18.45159915Z: + RESULT=[    0.000000] Initializing cgroup subsys cpuset
[STDERR  ] 2017-06-14T15:46:18.45161508Z: [    0.000000] Initializing cgroup subsys cpu
[STDERR  ] 2017-06-14T15:46:18.451618592Z: [    0.000000] Initializing cgroup subsys cpuacct
[STDERR  ] 2017-06-14T15:46:18.451632703Z: [    0.000000] Linux version 4.4.71-linuxkit (root@84baa8e89c00) (gcc version 6.2.1 20160822 (Alpine 6.2.1) ) #1 SMP Wed Jun 7 21:53:02 UTC 2017
[STDERR  ] 2017-06-14T15:46:18.451639566Z: [    0.000000] Command line: console=ttyS0
[STDERR  ] 2017-06-14T15:46:18.451643388Z: [    0.000000] x86/fpu: Legacy x87 FPU detected.
[STDERR  ] 2017-06-14T15:46:18.451652968Z: [    0.000000] x86/fpu: Using 'lazy' FPU context switches.
[STDERR  ] 2017-06-14T15:46:18.451656338Z: [    0.000000] e820: BIOS-provided physical RAM map:
[STDERR  ] 2017-06-14T15:46:18.45166611Z: [    0.000000] BIOS-e820: [mem 0x0000000000000000-0x000000000009fbff] usable
[STDERR  ] 2017-06-14T15:46:18.451671166Z: [    0.000000] BIOS-e820: [mem 0x000000000009fc00-0x000000000009ffff] reserved
[STDERR  ] 2017-06-14T15:46:18.451680248Z: [    0.000000] BIOS-e820: [mem 0x00000000000f0000-0x00000000000fffff] reserved
[STDERR  ] 2017-06-14T15:46:18.451683496Z: [    0.000000] BIOS-e820: [mem 0x0000000000100000-0x000000003ffdefff] usable
[STDERR  ] 2017-06-14T15:46:18.451689503Z: [    0.000000] BIOS-e820: [mem 0x000000003ffdf000-0x000000003fffffff] reserved
[STDERR  ] 2017-06-14T15:46:18.451698562Z: [    0.000000] BIOS-e820: [mem 0x00000000b0000000-0x00000000bfffffff] reserved
[STDERR  ] 2017-06-14T15:46:18.451704685Z: [    0.000000] BIOS-e820: [mem 0x00000000fed1c000-0x00000000fed1ffff] reserved
[STDERR  ] 2017-06-14T15:46:18.451716203Z: [    0.000000] BIOS-e820: [mem 0x00000000fffc0000-0x00000000ffffffff] reserved
[STDERR  ] 2017-06-14T15:46:18.451722215Z: [    0.000000] NX (Execute Disable) protection: active
[STDERR  ] 2017-06-14T15:46:18.451728568Z: [    0.000000] SMBIOS 2.8 present.
[STDERR  ] 2017-06-14T15:46:18.451736838Z: [    0.000000] e820: last_pfn = 0x3ffdf max_arch_pfn = 0x400000000
[STDERR  ] 2017-06-14T15:46:18.451739928Z: [    0.000000] x86/PAT: Configuration [0-7]: WB  WC  UC- UC  WB  WC  UC- WT  
[STDERR  ] 2017-06-14T15:46:18.451757778Z: [    0.000000] found SMP MP-table at [mem 0x000f6aa0-0x000f6aaf] mapped at [ffff8800000f6aa0]
[STDERR  ] 2017-06-14T15:46:18.451763883Z: [    0.000000] RAMDISK: [mem 0x3df5c000-0x3ffcffff]
[STDERR  ] 2017-06-14T15:46:18.451769522Z: [    0.000000] ACPI: Early table checksum verification disabled
[STDERR  ] 2017-06-14T15:46:18.451772395Z: [    0.000000] ACPI: RSDP 0x00000000000F68C0 000014 (v00 BOCHS )
[STDERR  ] 2017-06-14T15:46:18.451783766Z: [    0.000000] ACPI: RSDT 0x000000003FFE2404 000034 (v01 BOCHS  BXPCRSDT 00000001 BXPC 00000001)
[STDERR  ] 2017-06-14T15:46:18.451787058Z: [    0.000000] ACPI: FACP 0x000000003FFE22A4 000074 (v01 BOCHS  BXPCFACP 00000001 BXPC 00000001)
[STDERR  ] 2017-06-14T15:46:18.451795628Z: [    0.000000] ACPI: DSDT 0x000000003FFE0040 002264 (v01 BOCHS  BXPCDSDT 00000001 BXPC 00000001)
[STDERR  ] 2017-06-14T15:46:18.451801303Z: [    0.000000] ACPI: FACS 0x000000003FFE0000 000040
[STDERR  ] 2017-06-14T15:46:18.451806816Z: [    0.000000] ACPI: APIC 0x000000003FFE2318 000078 (v01 BOCHS  BXPCAPIC 00000001 BXPC 00000001)
[STDERR  ] 2017-06-14T15:46:18.451812352Z: [    0.000000] ACPI: HPET 0x000000003FFE2390 000038 (v01 BOCHS  BXPCHPET 00000001 BXPC 00000001)
[STDERR  ] 2017-06-14T15:46:18.451817958Z: [    0.000000] ACPI: MCFG 0x000000003FFE23C8 00003C (v01 BOCHS  BXPCMCFG 00000001 BXPC 00000001)
[STDERR  ] 2017-06-14T15:46:18.451821008Z: [    0.000000] Zone ranges:
[STDERR  ] 2017-06-14T15:46:18.451830012Z: [    0.000000]   DMA      [mem 0x0000000000001000-0x0000000000ffffff]
[STDERR  ] 2017-06-14T15:46:18.451835743Z: [    0.000000]   DMA32    [mem 0x0000000001000000-0x000000003ffdefff]
[STDERR  ] 2017-06-14T15:46:18.451838738Z: [    0.000000]   Normal   empty
[STDERR  ] 2017-06-14T15:46:18.451844672Z: [    0.000000] Movable zone start for each node
[STDERR  ] 2017-06-14T15:46:18.451857315Z: [    0.000000] Early memory node ranges
[STDERR  ] 2017-06-14T15:46:18.451860386Z: [    0.000000]   node   0: [mem 0x0000000000001000-0x000000000009efff]
[STDERR  ] 2017-06-14T15:46:18.451869848Z: [    0.000000]   node   0: [mem 0x0000000000100000-0x000000003ffdefff]
[STDERR  ] 2017-06-14T15:46:18.451878928Z: [    0.000000] Initmem setup node 0 [mem 0x0000000000001000-0x000000003ffdefff]
[STDERR  ] 2017-06-14T15:46:18.451881802Z: [    0.000000] ACPI: PM-Timer IO Port: 0x608
[STDERR  ] 2017-06-14T15:46:18.451889723Z: [    0.000000] ACPI: LAPIC_NMI (acpi_id[0xff] dfl dfl lint[0x1])
[STDERR  ] 2017-06-14T15:46:18.451898292Z: [    0.000000] IOAPIC[0]: apic_id 0, version 32, address 0xfec00000, GSI 0-23
[STDERR  ] 2017-06-14T15:46:18.451903616Z: [    0.000000] ACPI: INT_SRC_OVR (bus 0 bus_irq 0 global_irq 2 dfl dfl)
[STDERR  ] 2017-06-14T15:46:18.45190951Z: [    0.000000] ACPI: INT_SRC_OVR (bus 0 bus_irq 5 global_irq 5 high level)
[STDERR  ] 2017-06-14T15:46:18.451919653Z: [    0.000000] ACPI: INT_SRC_OVR (bus 0 bus_irq 9 global_irq 9 high level)
[STDERR  ] 2017-06-14T15:46:18.451922412Z: [    0.000000] ACPI: INT_SRC_OVR (bus 0 bus_irq 10 global_irq 10 high level)
[STDERR  ] 2017-06-14T15:46:18.451930585Z: [    0.000000] ACPI: INT_SRC_OVR (bus 0 bus_irq 11 global_irq 11 high level)
[STDERR  ] 2017-06-14T15:46:18.451936786Z: [    0.000000] Using ACPI (MADT) for SMP configuration information
[STDERR  ] 2017-06-14T15:46:18.451942945Z: [    0.000000] ACPI: HPET id: 0x8086a201 base: 0xfed00000
[STDERR  ] 2017-06-14T15:46:18.451951372Z: [    0.000000] smpboot: Allowing 1 CPUs, 0 hotplug CPUs
[STDERR  ] 2017-06-14T15:46:18.451957088Z: [    0.000000] e820: [mem 0x40000000-0xafffffff] available for PCI devices
[STDERR  ] 2017-06-14T15:46:18.451969245Z: [    0.000000] Booting paravirtualized kernel on bare hardware
[STDERR  ] 2017-06-14T15:46:18.451978582Z: [    0.000000] clocksource: refined-jiffies: mask: 0xffffffff max_cycles: 0xffffffff, max_idle_ns: 19112604462750000 ns
[STDERR  ] 2017-06-14T15:46:18.451984483Z: [    0.000000] setup_percpu: NR_CPUS:128 nr_cpumask_bits:128 nr_cpu_ids:1 nr_node_ids:1
[STDERR  ] 2017-06-14T15:46:18.451987258Z: [    0.000000] PERCPU: Embedded 33 pages/cpu @ffff88003dc00000 s95960 r8192 d31016 u2097152
[STDERR  ] 2017-06-14T15:46:18.451997532Z: [    0.000000] Built 1 zonelists in Zone order, mobility grouping on.  Total pages: 257896
[STDERR  ] 2017-06-14T15:46:18.452000638Z: [    0.000000] Kernel command line: console=ttyS0
[STDERR  ] 2017-06-14T15:46:18.452006048Z: [    0.000000] PID hash table entries: 4096 (order: 3, 32768 bytes)
[STDERR  ] 2017-06-14T15:46:18.45201452Z: [    0.000000] Dentry cache hash table entries: 131072 (order: 8, 1048576 bytes)
[STDERR  ] 2017-06-14T15:46:18.452027936Z: [    0.000000] Inode-cache hash table entries: 65536 (order: 7, 524288 bytes)
[STDERR  ] 2017-06-14T15:46:18.452037316Z: [    0.000000] Memory: 978472K/1048052K available (9057K kernel code, 1470K rwdata, 3124K rodata, 1372K init, 728K bss, 69580K reserved, 0K cma-reserved)
[STDERR  ] 2017-06-14T15:46:18.452040548Z: [    0.000000] Hierarchical RCU implementation.
[STDERR  ] 2017-06-14T15:46:18.452049076Z: [    0.000000] 	Build-time adjustment of leaf fanout to 64.
[STDERR  ] 2017-06-14T15:46:18.452051818Z: [    0.000000] 	RCU restricting CPUs from NR_CPUS=128 to nr_cpu_ids=1.
[STDERR  ] 2017-06-14T15:46:18.452062718Z: [    0.000000] RCU: Adjusting geometry for rcu_fanout_leaf=64, nr_cpu_ids=1
[STDERR  ] 2017-06-14T15:46:18.452068692Z: [    0.000000] NR_IRQS:8448 nr_irqs:256 16
[STDERR  ] 2017-06-14T15:46:18.452074238Z: [    0.000000] Console: colour VGA+ 80x25
[STDERR  ] 2017-06-14T15:46:18.452079823Z: [    0.000000] console [ttyS0] enabled
[STDERR  ] 2017-06-14T15:46:18.452082692Z: [    0.000000] clocksource: hpet: mask: 0xffffffff max_cycles: 0xffffffff, max_idle_ns: 19112604467 ns
[STDERR  ] 2017-06-14T15:46:18.452092046Z: [    0.000000] tsc: Fast TSC calibration failed
[STDERR  ] 2017-06-14T15:46:18.452100538Z: [    0.000000] tsc: Unable to calibrate against PIT
[STDERR  ] 2017-06-14T15:46:18.452103376Z: [    0.000000] tsc: using HPET reference calibration
[STDERR  ] 2017-06-14T15:46:18.452111833Z: [    0.000000] tsc: Detected 2600.038 MHz processor
[STDERR  ] 2017-06-14T15:46:18.452123995Z: [    0.051936] Calibrating delay loop (skipped), value calculated using timer frequency.. 5200.07 BogoMIPS (lpj=26000380)
[STDERR  ] 2017-06-14T15:46:18.452126952Z: [    0.060854] pid_max: default: 32768 minimum: 301
[STDERR  ] 2017-06-14T15:46:18.452132532Z: [    0.061851] ACPI: Core revision 20150930
[STDERR  ] 2017-06-14T15:46:18.452140813Z: [    0.106772] ACPI: 1 ACPI AML tables successfully acquired and loaded
[STDERR  ] 2017-06-14T15:46:18.4521462Z: [    0.108972] Security Framework initialized
[STDERR  ] 2017-06-14T15:46:18.452151848Z: [    0.109479] Yama: becoming mindful.
[STDERR  ] 2017-06-14T15:46:18.452154748Z: [    0.113290] Mount-cache hash table entries: 2048 (order: 2, 16384 bytes)
[STDERR  ] 2017-06-14T15:46:18.452162996Z: [    0.114099] Mountpoint-cache hash table entries: 2048 (order: 2, 16384 bytes)
[STDERR  ] 2017-06-14T15:46:18.4521688Z: [    0.128670] Initializing cgroup subsys io
[STDERR  ] 2017-06-14T15:46:18.45217157Z: [    0.129861] Initializing cgroup subsys memory
[STDERR  ] 2017-06-14T15:46:18.452179968Z: [    0.131150] Initializing cgroup subsys devices
[STDERR  ] 2017-06-14T15:46:18.452185428Z: [    0.131837] Initializing cgroup subsys freezer
[STDERR  ] 2017-06-14T15:46:18.452190943Z: [    0.132516] Initializing cgroup subsys net_cls
[STDERR  ] 2017-06-14T15:46:18.452195686Z: [    0.133079] Initializing cgroup subsys perf_event
[STDERR  ] 2017-06-14T15:46:18.452201272Z: [    0.133825] Initializing cgroup subsys net_prio
[STDERR  ] 2017-06-14T15:46:18.452212688Z: [    0.134502] Initializing cgroup subsys hugetlb
[STDERR  ] 2017-06-14T15:46:18.452218175Z: [    0.135056] Initializing cgroup subsys pids
[STDERR  ] 2017-06-14T15:46:18.452223673Z: [    0.137687] Last level iTLB entries: 4KB 0, 2MB 0, 4MB 0
[STDERR  ] 2017-06-14T15:46:18.452226576Z: [    0.138255] Last level dTLB entries: 4KB 0, 2MB 0, 4MB 0, 1GB 0
[STDERR  ] 2017-06-14T15:46:18.452232145Z: [    0.439360] Freeing SMP alternatives memory: 24K (ffffffff9b0c8000 - ffffffff9b0ce000)
[STDERR  ] 2017-06-14T15:46:18.452240553Z: [    0.452635] ftrace: allocating 39586 entries in 155 pages
[STDERR  ] 2017-06-14T15:46:18.452249118Z: [    0.636327] ..TIMER: vector=0x30 apic1=0 pin1=2 apic2=-1 pin2=-1
[STDERR  ] 2017-06-14T15:46:18.452254686Z: [    0.740000] smpboot: CPU0: AMD QEMU Virtual CPU version 2.5+ (family: 0x6, model: 0x6, stepping: 0x3)
[STDERR  ] 2017-06-14T15:46:18.452260308Z: [    0.740000] Performance Events: Broken PMU hardware detected, using software events only.
[STDERR  ] 2017-06-14T15:46:18.452265808Z: [    0.740000] Failed to access perfctr msr (MSR c0010007 is 0)
[STDERR  ] 2017-06-14T15:46:18.452271485Z: [    0.746027] x86: Booted up 1 node, 1 CPUs
[STDERR  ] 2017-06-14T15:46:18.452281673Z: [    0.746656] smpboot: Total of 1 processors activated (5200.07 BogoMIPS)
[STDERR  ] 2017-06-14T15:46:18.452287435Z: [    0.753460] NMI watchdog: disabled (cpu0): hardware events not enabled
[STDERR  ] 2017-06-14T15:46:18.452292888Z: [    0.754176] NMI watchdog: Shutting down hard lockup detector on all cpus
[STDERR  ] 2017-06-14T15:46:18.452298503Z: [    0.764616] devtmpfs: initialized
[STDERR  ] 2017-06-14T15:46:18.452304148Z: [    0.832408] clocksource: jiffies: mask: 0xffffffff max_cycles: 0xffffffff, max_idle_ns: 19112604462750000 ns
[STDERR  ] 2017-06-14T15:46:18.452311276Z: [    0.833839] futex hash table entries: 256 (order: 2, 16384 bytes)
[STDERR  ] 2017-06-14T15:46:18.452317098Z: [    0.845968] NET: Registered protocol family 16
[STDERR  ] 2017-06-14T15:46:18.45232269Z: [    0.853268] cpuidle: using governor ladder
[STDERR  ] 2017-06-14T15:46:18.452328153Z: [    0.854001] cpuidle: using governor menu
[STDERR  ] 2017-06-14T15:46:18.452333695Z: [    0.855622] ACPI: bus type PCI registered
[STDERR  ] 2017-06-14T15:46:18.452339198Z: [    0.858797] PCI: MMCONFIG for domain 0000 [bus 00-ff] at [mem 0xb0000000-0xbfffffff] (base 0xb0000000)
[STDERR  ] 2017-06-14T15:46:18.452348198Z: [    0.860203] PCI: MMCONFIG at [mem 0xb0000000-0xbfffffff] reserved in E820
[STDERR  ] 2017-06-14T15:46:18.4523545Z: [    0.861794] PCI: Using configuration type 1 for base access
[STDERR  ] 2017-06-14T15:46:18.452360243Z: [    0.930585] ACPI: Added _OSI(Module Device)
[STDERR  ] 2017-06-14T15:46:18.452368346Z: [    0.931168] ACPI: Added _OSI(Processor Device)
[STDERR  ] 2017-06-14T15:46:18.452371492Z: [    0.931626] ACPI: Added _OSI(3.0 _SCP Extensions)
[STDERR  ] 2017-06-14T15:46:18.452376978Z: [    0.932050] ACPI: Added _OSI(Processor Aggregator Device)
[STDERR  ] 2017-06-14T15:46:18.452385478Z: [    1.010753] ACPI: Interpreter enabled
[STDERR  ] 2017-06-14T15:46:18.452390832Z: [    1.012289] ACPI: (supports S0 S5)
[STDERR  ] 2017-06-14T15:46:18.452396316Z: [    1.013158] ACPI: Using IOAPIC for interrupt routing
[STDERR  ] 2017-06-14T15:46:18.452401953Z: [    1.015440] PCI: Using host bridge windows from ACPI; if necessary, use "pci=nocrs" and report a bug
[STDERR  ] 2017-06-14T15:46:18.452409553Z: [    1.077445] ACPI: PCI Root Bridge [PCI0] (domain 0000 [bus 00-ff])
[STDERR  ] 2017-06-14T15:46:18.452417118Z: [    1.078828] acpi PNP0A08:00: _OSC: OS supports [ExtendedConfig ASPM ClockPM Segments MSI]
[STDERR  ] 2017-06-14T15:46:18.452422648Z: [    1.084812] acpi PNP0A08:00: _OSC: OS now controls [PCIeHotplug PME PCIeCapability]
[STDERR  ] 2017-06-14T15:46:18.452425666Z: [    1.088697] PCI host bridge to bus 0000:00
[STDERR  ] 2017-06-14T15:46:18.45243107Z: [    1.089387] pci_bus 0000:00: root bus resource [io  0x0000-0x0cf7 window]
[STDERR  ] 2017-06-14T15:46:18.452439552Z: [    1.090185] pci_bus 0000:00: root bus resource [io  0x0d00-0xffff window]
[STDERR  ] 2017-06-14T15:46:18.452448643Z: [    1.090843] pci_bus 0000:00: root bus resource [mem 0x000a0000-0x000bffff window]
[STDERR  ] 2017-06-14T15:46:18.452454428Z: [    1.091554] pci_bus 0000:00: root bus resource [mem 0xc0000000-0xfebfffff window]
[STDERR  ] 2017-06-14T15:46:18.452463643Z: [    1.092470] pci_bus 0000:00: root bus resource [bus 00-ff]
[STDERR  ] 2017-06-14T15:46:18.452470073Z: [    1.182295] pci 0000:00:1f.0: quirk: [io  0x0600-0x067f] claimed by ICH6 ACPI/GPIO/TCO
[STDERR  ] 2017-06-14T15:46:18.452473042Z: [    1.240580] ACPI: PCI Interrupt Link [LNKA] (IRQs 5 *10 11)
[STDERR  ] 2017-06-14T15:46:18.45247868Z: [    1.243100] ACPI: PCI Interrupt Link [LNKB] (IRQs 5 *10 11)
[STDERR  ] 2017-06-14T15:46:18.452487205Z: [    1.245049] ACPI: PCI Interrupt Link [LNKC] (IRQs 5 10 *11)
[STDERR  ] 2017-06-14T15:46:18.452490048Z: [    1.247041] ACPI: PCI Interrupt Link [LNKD] (IRQs 5 10 *11)
[STDERR  ] 2017-06-14T15:46:18.452500942Z: [    1.249017] ACPI: PCI Interrupt Link [LNKE] (IRQs 5 *10 11)
[STDERR  ] 2017-06-14T15:46:18.452509716Z: [    1.251767] ACPI: PCI Interrupt Link [LNKF] (IRQs 5 *10 11)
[STDERR  ] 2017-06-14T15:46:18.452515088Z: [    1.253740] ACPI: PCI Interrupt Link [LNKG] (IRQs 5 10 *11)
[STDERR  ] 2017-06-14T15:46:18.452517888Z: [    1.255712] ACPI: PCI Interrupt Link [LNKH] (IRQs 5 10 *11)
[STDERR  ] 2017-06-14T15:46:18.452525868Z: [    1.256879] ACPI: PCI Interrupt Link [GSIA] (IRQs *16)
[STDERR  ] 2017-06-14T15:46:18.452528643Z: [    1.257819] ACPI: PCI Interrupt Link [GSIB] (IRQs *17)
[STDERR  ] 2017-06-14T15:46:18.45253677Z: [    1.258678] ACPI: PCI Interrupt Link [GSIC] (IRQs *18)
[STDERR  ] 2017-06-14T15:46:18.452539596Z: [    1.259550] ACPI: PCI Interrupt Link [GSID] (IRQs *19)
[STDERR  ] 2017-06-14T15:46:18.45254922Z: [    1.260613] ACPI: PCI Interrupt Link [GSIE] (IRQs *20)
[STDERR  ] 2017-06-14T15:46:18.45255223Z: [    1.261491] ACPI: PCI Interrupt Link [GSIF] (IRQs *21)
[STDERR  ] 2017-06-14T15:46:18.452560665Z: [    1.262389] ACPI: PCI Interrupt Link [GSIG] (IRQs *22)
[STDERR  ] 2017-06-14T15:46:18.452563473Z: [    1.263398] ACPI: PCI Interrupt Link [GSIH] (IRQs *23)
[STDERR  ] 2017-06-14T15:46:18.452574976Z: [    1.267930] ACPI: Enabled 2 GPEs in block 00 to 3F
[STDERR  ] 2017-06-14T15:46:18.452580592Z: [    1.272781] SCSI subsystem initialized
[STDERR  ] 2017-06-14T15:46:18.452583318Z: [    1.276288] pps_core: LinuxPPS API ver. 1 registered
[STDERR  ] 2017-06-14T15:46:18.452594888Z: [    1.276803] pps_core: Software ver. 5.3.6 - Copyright 2005-2007 Rodolfo Giometti <giometti@linux.it>
[STDERR  ] 2017-06-14T15:46:18.452598318Z: [    1.277954] PTP clock support registered
[STDERR  ] 2017-06-14T15:46:18.45260378Z: [    1.279466] wmi: Mapper loaded
[STDERR  ] 2017-06-14T15:46:18.452612285Z: [    1.280903] PCI: Using ACPI for IRQ routing
[STDERR  ] 2017-06-14T15:46:18.452617893Z: [    1.299224] NetLabel: Initializing
[STDERR  ] 2017-06-14T15:46:18.452625093Z: [    1.299679] NetLabel:  domain hash size = 128
[STDERR  ] 2017-06-14T15:46:18.452630927Z: [    1.300246] NetLabel:  protocols = UNLABELED CIPSOv4
[STDERR  ] 2017-06-14T15:46:18.452633825Z: [    1.302194] NetLabel:  unlabeled traffic allowed by default
[STDERR  ] 2017-06-14T15:46:18.452639202Z: [    1.303481] HPET: 3 timers in total, 0 timers will be used for per-cpu timer
[STDERR  ] 2017-06-14T15:46:18.452647722Z: [    1.304516] hpet0: at MMIO 0xfed00000, IRQs 2, 8, 0
[STDERR  ] 2017-06-14T15:46:18.452657819Z: [    1.305160] hpet0: 3 comparators, 64-bit 100.000000 MHz counter
[STDERR  ] 2017-06-14T15:46:18.452661134Z: [    1.310341] amd_nb: Cannot enumerate AMD northbridges
[STDERR  ] 2017-06-14T15:46:18.452669325Z: [    1.311650] clocksource: Switched to clocksource hpet
[STDERR  ] 2017-06-14T15:46:18.452672047Z: [    1.552617] FS-Cache: Loaded
[STDERR  ] 2017-06-14T15:46:18.452683661Z: [    1.556619] CacheFiles: Loaded
[STDERR  ] 2017-06-14T15:46:18.452686632Z: [    1.558957] pnp: PnP ACPI init
[STDERR  ] 2017-06-14T15:46:18.452692231Z: [    1.570878] pnp: PnP ACPI: found 5 devices
[STDERR  ] 2017-06-14T15:46:18.452704007Z: [    1.617970] clocksource: acpi_pm: mask: 0xffffff max_cycles: 0xffffff, max_idle_ns: 2085701024 ns
[STDERR  ] 2017-06-14T15:46:18.452712497Z: [    1.621025] NET: Registered protocol family 2
[STDERR  ] 2017-06-14T15:46:18.452715435Z: [    1.628207] TCP established hash table entries: 8192 (order: 4, 65536 bytes)
[STDERR  ] 2017-06-14T15:46:18.452720835Z: [    1.629440] TCP bind hash table entries: 8192 (order: 5, 131072 bytes)
[STDERR  ] 2017-06-14T15:46:18.452731695Z: [    1.630639] TCP: Hash tables configured (established 8192 bind 8192)
[STDERR  ] 2017-06-14T15:46:18.452739281Z: [    1.632381] UDP hash table entries: 512 (order: 2, 16384 bytes)
[STDERR  ] 2017-06-14T15:46:18.452744805Z: [    1.633197] UDP-Lite hash table entries: 512 (order: 2, 16384 bytes)
[STDERR  ] 2017-06-14T15:46:18.452747619Z: [    1.635822] NET: Registered protocol family 1
[STDERR  ] 2017-06-14T15:46:18.452752987Z: [    1.639801] RPC: Registered named UNIX socket transport module.
[STDERR  ] 2017-06-14T15:46:18.452761399Z: [    1.640864] RPC: Registered udp transport module.
[STDERR  ] 2017-06-14T15:46:18.452766831Z: [    1.641322] RPC: Registered tcp transport module.
[STDERR  ] 2017-06-14T15:46:18.452772471Z: [    1.641769] RPC: Registered tcp NFSv4.1 backchannel transport module.
[STDERR  ] 2017-06-14T15:46:18.452777941Z: [    1.648621] Unpacking initramfs...
[STDERR  ] 2017-06-14T15:46:18.452783492Z: [    6.307783] Freeing initrd memory: 33232K (ffff88003df5c000 - ffff88003ffd0000)
[STDERR  ] 2017-06-14T15:46:18.452788999Z: [    6.330306] PCLMULQDQ-NI instructions are not detected.
[STDERR  ] 2017-06-14T15:46:18.452794554Z: [    6.332029] AVX or AES-NI instructions are not detected.
[STDERR  ] 2017-06-14T15:46:18.452800032Z: [    6.332751] CPU feature 'AVX registers' is not supported.
[STDERR  ] 2017-06-14T15:46:18.452805501Z: [    6.333326] CPU feature 'AVX registers' is not supported.
[STDERR  ] 2017-06-14T15:46:18.452812652Z: [    6.333997] CPU feature 'AVX registers' is not supported.
[STDERR  ] 2017-06-14T15:46:18.452818397Z: [    6.334571] CPU feature 'AVX registers' is not supported.
[STDERR  ] 2017-06-14T15:46:18.452823864Z: [    6.335211] AVX2 or AES-NI instructions are not detected.
[STDERR  ] 2017-06-14T15:46:18.452826735Z: [    6.335845] AVX2 instructions are not detected.
[STDERR  ] 2017-06-14T15:46:18.452834817Z: [    6.343268] audit: initializing netlink subsys (disabled)
[STDERR  ] 2017-06-14T15:46:18.452837627Z: [    6.344947] audit: type=2000 audit(1497455143.340:1): initialized
[STDERR  ] 2017-06-14T15:46:18.452849905Z: [    6.352653] HugeTLB registered 2 MB page size, pre-allocated 0 pages
[STDERR  ] 2017-06-14T15:46:18.452855637Z: [    6.356672] VFS: Disk quotas dquot_6.6.0
[STDERR  ] 2017-06-14T15:46:18.452860007Z: [    6.357572] VFS: Dquot-cache hash table entries: 512 (order 0, 4096 bytes)
[STDERR  ] 2017-06-14T15:46:18.452865704Z: [    6.363929] FS-Cache: Netfs 'nfs' registered for caching
[STDERR  ] 2017-06-14T15:46:18.452873997Z: [    6.366067] NFS: Registering the id_resolver key type
[STDERR  ] 2017-06-14T15:46:18.452879534Z: [    6.367571] Key type id_resolver registered
[STDERR  ] 2017-06-14T15:46:18.452882312Z: [    6.368023] Key type id_legacy registered
[STDERR  ] 2017-06-14T15:46:18.452895867Z: [    6.368639] nfs4filelayout_init: NFSv4 File Layout Driver Registering...
[STDERR  ] 2017-06-14T15:46:18.452898642Z: [    6.370517] Installing knfsd (copyright (C) 1996 okir@monad.swb.de).
[STDERR  ] 2017-06-14T15:46:18.452906842Z: [    6.373917] FS-Cache: Netfs 'cifs' registered for caching
[STDERR  ] 2017-06-14T15:46:18.452912165Z: [    6.375064] ntfs: driver 2.1.32 [Flags: R/O].
[STDERR  ] 2017-06-14T15:46:18.452915082Z: [    6.375794] fuse init (API version 7.23)
[STDERR  ] 2017-06-14T15:46:18.452924744Z: [    6.381143] SGI XFS with ACLs, security attributes, no debug enabled
[STDERR  ] 2017-06-14T15:46:18.452930651Z: [    6.384103] 9p: Installing v9fs 9p2000 file system support
[STDERR  ] 2017-06-14T15:46:18.452938291Z: [    6.384824] FS-Cache: Netfs '9p' registered for caching
[STDERR  ] 2017-06-14T15:46:18.452944427Z: [    6.386755] Key type big_key registered
[STDERR  ] 2017-06-14T15:46:18.452953017Z: [    6.417780] NET: Registered protocol family 38
[STDERR  ] 2017-06-14T15:46:18.452958397Z: [    6.418792] Key type asymmetric registered
[STDERR  ] 2017-06-14T15:46:18.452963949Z: [    6.419264] Asymmetric key parser 'x509' registered
[STDERR  ] 2017-06-14T15:46:18.452969541Z: [    6.421627] Block layer SCSI generic (bsg) driver version 0.4 loaded (major 251)
[STDERR  ] 2017-06-14T15:46:18.452975237Z: [    6.423306] io scheduler noop registered
[STDERR  ] 2017-06-14T15:46:18.452978152Z: [    6.423785] io scheduler deadline registered (default)
[STDERR  ] 2017-06-14T15:46:18.452986562Z: [    6.424700] io scheduler cfq registered
[STDERR  ] 2017-06-14T15:46:18.452992034Z: [    6.427511] pci_hotplug: PCI Hot Plug PCI Core version: 0.5
[STDERR  ] 2017-06-14T15:46:18.452997564Z: [    6.428316] pciehp: PCI Express Hot Plug Controller Driver version: 0.4
[STDERR  ] 2017-06-14T15:46:18.453000287Z: [    6.429470] shpchp: Standard Hot Plug PCI Controller Driver version: 0.4
[STDERR  ] 2017-06-14T15:46:18.453008661Z: [    6.432246] hv_vmbus: registering driver hyperv_fb
[STDERR  ] 2017-06-14T15:46:18.453014021Z: [    6.435653] input: Power Button as /devices/LNXSYSTM:00/LNXPWRBN:00/input/input0
[STDERR  ] 2017-06-14T15:46:18.453152812Z: [    6.437018] ACPI: Power Button [PWRF]
[STDERR  ] 2017-06-14T15:46:18.453160157Z: [    6.442326] GHES: HEST is not enabled!
[STDERR  ] 2017-06-14T15:46:18.453165661Z: [    6.453390] ACPI: PCI Interrupt Link [GSIH] enabled at IRQ 23
[STDERR  ] 2017-06-14T15:46:18.453171149Z: [    6.459623] xenfs: not registering filesystem on non-xen platform
[STDERR  ] 2017-06-14T15:46:18.453179057Z: [    6.462633] Serial: 8250/16550 driver, 4 ports, IRQ sharing disabled
[STDERR  ] 2017-06-14T15:46:18.453181987Z: [    6.489230] 00:04: ttyS0 at I/O 0x3f8 (irq = 4, base_baud = 115200) is a 16550A
[STDERR  ] 2017-06-14T15:46:18.453187421Z: [    6.497216] Initializing Nozomi driver 2.1d
[STDERR  ] 2017-06-14T15:46:18.453197877Z: [    6.502628] Non-volatile memory driver v1.3
[STDERR  ] 2017-06-14T15:46:18.453203605Z: [    6.509732] Hangcheck: starting hangcheck timer 0.9.1 (tick is 180 seconds, margin is 60 seconds).
[STDERR  ] 2017-06-14T15:46:18.453225169Z: [    6.555533] loop: module loaded
[STDERR  ] 2017-06-14T15:46:18.453228062Z: [    6.567928] nbd: registered device at major 43
[STDERR  ] 2017-06-14T15:46:18.453243085Z: [    6.611465] lpc_ich 0000:00:1f.0: I/O space for GPIO uninitialized
[STDERR  ] 2017-06-14T15:46:18.453249572Z: [    6.613603] VMware PVSCSI driver - version 1.0.5.0-k
[STDERR  ] 2017-06-14T15:46:18.453252331Z: [    6.614617] hv_vmbus: registering driver hv_storvsc
[STDERR  ] 2017-06-14T15:46:18.453262534Z: [    6.624609] ACPI: PCI Interrupt Link [GSIA] enabled at IRQ 16
[STDERR  ] 2017-06-14T15:46:18.453265751Z: [    6.630961] ahci 0000:00:1f.2: AHCI 0001.0000 32 slots 6 ports 1.5 Gbps 0x3f impl SATA mode
[STDERR  ] 2017-06-14T15:46:18.453271579Z: [    6.632071] ahci 0000:00:1f.2: flags: 64bit ncq only 
[STDERR  ] 2017-06-14T15:46:18.453280107Z: [    6.655949] scsi host0: ahci
[STDERR  ] 2017-06-14T15:46:18.453282989Z: [    6.659203] scsi host1: ahci
[STDERR  ] 2017-06-14T15:46:18.453300872Z: [    6.661600] scsi host2: ahci
[STDERR  ] 2017-06-14T15:46:18.453303607Z: [    6.663892] scsi host3: ahci
[STDERR  ] 2017-06-14T15:46:18.453312037Z: [    6.666140] scsi host4: ahci
[STDERR  ] 2017-06-14T15:46:18.453317427Z: [    6.668416] scsi host5: ahci
[STDERR  ] 2017-06-14T15:46:18.453325842Z: [    6.670556] ata1: SATA max UDMA/133 abar m4096@0xfebf1000 port 0xfebf1100 irq 24
[STDERR  ] 2017-06-14T15:46:18.453331942Z: [    6.671352] ata2: SATA max UDMA/133 abar m4096@0xfebf1000 port 0xfebf1180 irq 24
[STDERR  ] 2017-06-14T15:46:18.453337551Z: [    6.672055] ata3: SATA max UDMA/133 abar m4096@0xfebf1000 port 0xfebf1200 irq 24
[STDERR  ] 2017-06-14T15:46:18.453343085Z: [    6.672717] ata4: SATA max UDMA/133 abar m4096@0xfebf1000 port 0xfebf1280 irq 24
[STDERR  ] 2017-06-14T15:46:18.453352561Z: [    6.673377] ata5: SATA max UDMA/133 abar m4096@0xfebf1000 port 0xfebf1300 irq 24
[STDERR  ] 2017-06-14T15:46:18.453358315Z: [    6.674049] ata6: SATA max UDMA/133 abar m4096@0xfebf1000 port 0xfebf1380 irq 24
[STDERR  ] 2017-06-14T15:46:18.453373001Z: [    6.683785] Ethernet Channel Bonding Driver: v3.7.1 (April 27, 2011)
[STDERR  ] 2017-06-14T15:46:18.453381024Z: [    6.703203] tun: Universal TUN/TAP device driver, 1.6
[STDERR  ] 2017-06-14T15:46:18.453389374Z: [    6.703832] tun: (C) 1999-2004 Max Krasnyansky <maxk@qualcomm.com>
[STDERR  ] 2017-06-14T15:46:18.453392177Z: [    6.706196] e1000: Intel(R) PRO/1000 Network Driver - version 7.3.21-k8-NAPI
[STDERR  ] 2017-06-14T15:46:18.453402527Z: [    6.706879] e1000: Copyright (c) 1999-2006 Intel Corporation.
[STDERR  ] 2017-06-14T15:46:18.453407915Z: [    6.714646] ACPI: PCI Interrupt Link [GSIG] enabled at IRQ 22
[STDERR  ] 2017-06-14T15:46:18.453413471Z: [    7.035213] e1000 0000:00:02.0 eth0: (PCI:33MHz:32-bit) 52:54:00:12:34:56
[STDERR  ] 2017-06-14T15:46:18.453416429Z: [    7.036491] e1000 0000:00:02.0 eth0: Intel(R) PRO/1000 Network Connection
[STDERR  ] 2017-06-14T15:46:18.453421804Z: [    7.037924] e1000e: Intel(R) PRO/1000 Network Driver - 3.2.6-k
[STDERR  ] 2017-06-14T15:46:18.453430097Z: [    7.038546] e1000e: Copyright(c) 1999 - 2015 Intel Corporation.
[STDERR  ] 2017-06-14T15:46:18.453435497Z: [    7.039639] igb: Intel(R) Gigabit Ethernet Network Driver - version 5.3.0-k
[STDERR  ] 2017-06-14T15:46:18.453449821Z: [    7.040902] igb: Copyright (c) 2007-2014 Intel Corporation.
[STDERR  ] 2017-06-14T15:46:18.453455487Z: [    7.042219] igbvf: Intel(R) Gigabit Virtual Function Network Driver - version 2.0.2-k
[STDERR  ] 2017-06-14T15:46:18.453461131Z: [    7.042952] igbvf: Copyright (c) 2009 - 2012 Intel Corporation.
[STDERR  ] 2017-06-14T15:46:18.453466677Z: [    7.044019] ixgbe: Intel(R) 10 Gigabit PCI Express Network Driver - version 4.2.1-k
[STDERR  ] 2017-06-14T15:46:18.453474825Z: [    7.044711] ixgbe: Copyright (c) 1999-2015 Intel Corporation.
[STDERR  ] 2017-06-14T15:46:18.453480799Z: [    7.045931] ixgbevf: Intel(R) 10 Gigabit PCI Express Virtual Function Network Driver - version 2.12.1-k
[STDERR  ] 2017-06-14T15:46:18.453483655Z: [    7.046777] ixgbevf: Copyright (c) 2009 - 2012 Intel Corporation.
[STDERR  ] 2017-06-14T15:46:18.453491785Z: [    7.047818] ixgb: Intel(R) PRO/10GbE Network Driver - version 1.0.135-k2-NAPI
[STDERR  ] 2017-06-14T15:46:18.453501025Z: [    7.048484] ixgb: Copyright (c) 1999-2008 Intel Corporation.
[STDERR  ] 2017-06-14T15:46:18.453504299Z: [    7.049806] PPP generic driver version 2.4.2
[STDERR  ] 2017-06-14T15:46:18.453520571Z: [    7.051798] PPP BSD Compression module registered
[STDERR  ] 2017-06-14T15:46:18.453524507Z: [    7.052358] PPP Deflate Compression module registered
[STDERR  ] 2017-06-14T15:46:18.453530187Z: [    7.053197] PPP MPPE Compression module registered
[STDERR  ] 2017-06-14T15:46:18.453538432Z: [    7.053756] NET: Registered protocol family 24
[STDERR  ] 2017-06-14T15:46:18.453543825Z: [    7.054704] PPTP driver version 0.8.5
[STDERR  ] 2017-06-14T15:46:18.453546657Z: [    7.056196] VMware vmxnet3 virtual NIC driver - version 1.4.5.0-k-NAPI
[STDERR  ] 2017-06-14T15:46:18.453557677Z: [    7.057409] hv_vmbus: registering driver hv_netvsc
[STDERR  ] 2017-06-14T15:46:18.453563177Z: [    7.057927] Fusion MPT base driver 3.04.20
[STDERR  ] 2017-06-14T15:46:18.453565929Z: [    7.058427] Copyright (c) 1999-2008 LSI Corporation
[STDERR  ] 2017-06-14T15:46:18.453573987Z: [    7.059274] Fusion MPT SPI Host driver 3.04.20
[STDERR  ] 2017-06-14T15:46:18.453581982Z: [    7.066068] aoe: AoE v85 initialised.
[STDERR  ] 2017-06-14T15:46:18.453587949Z: [    7.069200] i8042: PNP: PS/2 Controller [PNP0303:KBD,PNP0f13:MOU] at 0x60,0x64 irq 1,12
[STDERR  ] 2017-06-14T15:46:18.453602181Z: [    7.074304] serio: i8042 KBD port at 0x60,0x64 irq 1
[STDERR  ] 2017-06-14T15:46:18.453607792Z: [    7.075433] serio: i8042 AUX port at 0x60,0x64 irq 12
[STDERR  ] 2017-06-14T15:46:18.453619102Z: [    7.079109] hv_vmbus: registering driver hyperv_keyboard
[STDERR  ] 2017-06-14T15:46:18.453625081Z: [    7.082395] mousedev: PS/2 mouse device common for all mice
[STDERR  ] 2017-06-14T15:46:18.453630562Z: [    7.088397] input: AT Translated Set 2 keyboard as /devices/platform/i8042/serio0/input/input1
[STDERR  ] 2017-06-14T15:46:18.453636035Z: [    7.095496] input: PC Speaker as /devices/platform/pcspkr/input/input2
[STDERR  ] 2017-06-14T15:46:18.453639039Z: [    7.102364] ata1: SATA link down (SStatus 0 SControl 300)
[STDERR  ] 2017-06-14T15:46:18.453648917Z: [    7.107772] ata2: SATA link down (SStatus 0 SControl 300)
[STDERR  ] 2017-06-14T15:46:18.453653457Z: [    7.111398] ata3: SATA link up 1.5 Gbps (SStatus 113 SControl 300)
[STDERR  ] 2017-06-14T15:46:18.453661985Z: [    7.118349] ata3.00: ATAPI: QEMU DVD-ROM, 2.5+, max UDMA/100
[STDERR  ] 2017-06-14T15:46:18.453676577Z: [    7.119609] ata3.00: applying bridge limits
[STDERR  ] 2017-06-14T15:46:18.453683784Z: [    7.121770] ata4: SATA link down (SStatus 0 SControl 300)
[STDERR  ] 2017-06-14T15:46:18.453689371Z: [    7.122725] ata5: SATA link down (SStatus 0 SControl 300)
[STDERR  ] 2017-06-14T15:46:18.453694902Z: [    7.123432] ata6: SATA link down (SStatus 0 SControl 300)
[STDERR  ] 2017-06-14T15:46:18.453697735Z: [    7.127959] rtc_cmos 00:00: RTC can wake from S4
[STDERR  ] 2017-06-14T15:46:18.453708817Z: [    7.132661] rtc_cmos 00:00: rtc core: registered rtc_cmos as rtc0
[STDERR  ] 2017-06-14T15:46:18.453711725Z: [    7.134234] rtc_cmos 00:00: alarms up to one day, y3k, 114 bytes nvram, hpet irqs
[STDERR  ] 2017-06-14T15:46:18.453722737Z: [    7.135308] i2c /dev entries driver
[STDERR  ] 2017-06-14T15:46:18.453728112Z: [    7.136938] ata3.00: configured for UDMA/100
[STDERR  ] 2017-06-14T15:46:18.453736321Z: [    7.141388] device-mapper: ioctl: 4.34.0-ioctl (2015-10-28) initialised: dm-devel@redhat.com
[STDERR  ] 2017-06-14T15:46:18.453750185Z: [    7.151026] scsi 2:0:0:0: CD-ROM            QEMU     QEMU DVD-ROM     2.5+ PQ: 0 ANSI: 5
[STDERR  ] 2017-06-14T15:46:18.453762522Z: [    7.156379] hv_utils: Registering HyperV Utility Driver
[STDERR  ] 2017-06-14T15:46:18.453768471Z: [    7.156918] hv_vmbus: registering driver hv_util
[STDERR  ] 2017-06-14T15:46:18.453773949Z: [    7.157429] hv_vmbus: registering driver hv_balloon
[STDERR  ] 2017-06-14T15:46:18.453779469Z: [    7.158233] oprofile: using NMI interrupt.
[STDERR  ] 2017-06-14T15:46:18.453788617Z: [    7.165110] GACT probability on
[STDERR  ] 2017-06-14T15:46:18.453792087Z: [    7.166031] Mirror/redirect action on
[STDERR  ] 2017-06-14T15:46:18.453797642Z: [    7.166716] Simple TC action Loaded
[STDERR  ] 2017-06-14T15:46:18.453805792Z: [    7.173179] sr 2:0:0:0: [sr0] scsi3-mmc drive: 4x/4x cd/rw xa/form2 tray
[STDERR  ] 2017-06-14T15:46:18.453808569Z: [    7.174280] cdrom: Uniform CD-ROM driver Revision: 3.20
[STDERR  ] 2017-06-14T15:46:18.453813841Z: [    7.177413] netem: version 1.3
[STDERR  ] 2017-06-14T15:46:18.453831467Z: [    7.177999] u32 classifier
[STDERR  ] 2017-06-14T15:46:18.453834437Z: [    7.178299]     Performance counters on
[STDERR  ] 2017-06-14T15:46:18.453841854Z: [    7.178667]     input device check on
[STDERR  ] 2017-06-14T15:46:18.453850637Z: [    7.179006]     Actions configured
[STDERR  ] 2017-06-14T15:46:18.453855947Z: [    7.180004] Netfilter messages via NETLINK v0.30.
[STDERR  ] 2017-06-14T15:46:18.453861357Z: [    7.186381] nfnl_acct: registering with nfnetlink.
[STDERR  ] 2017-06-14T15:46:18.453866777Z: [    7.188094] nf_conntrack version 0.5.0 (7904 buckets, 31616 max)
[STDERR  ] 2017-06-14T15:46:18.453872257Z: [    7.190604] sr 2:0:0:0: Attached scsi generic sg0 type 5
[STDERR  ] 2017-06-14T15:46:18.453877792Z: [    7.195433] ctnetlink v0.93: registering with nfnetlink.
[STDERR  ] 2017-06-14T15:46:18.453883204Z: [    7.198981] nf_tables: (c) 2007-2009 Patrick McHardy <kaber@trash.net>
[STDERR  ] 2017-06-14T15:46:18.453888837Z: [    7.200596] nf_tables_compat: (c) 2012 Pablo Neira Ayuso <pablo@netfilter.org>
[STDERR  ] 2017-06-14T15:46:18.453902277Z: [    7.204275] xt_time: kernel timezone is -0000
[STDERR  ] 2017-06-14T15:46:18.453912882Z: [    7.205107] ip_set: protocol 6
[STDERR  ] 2017-06-14T15:46:18.453915719Z: [    7.206528] IPVS: Registered protocols (TCP, UDP, SCTP, AH, ESP)
[STDERR  ] 2017-06-14T15:46:18.453926167Z: [    7.207439] IPVS: Connection hash table configured (size=4096, memory=64Kbytes)
[STDERR  ] 2017-06-14T15:46:18.453931744Z: [    7.209410] IPVS: Creating netns size=2096 id=0
[STDERR  ] 2017-06-14T15:46:18.453937214Z: [    7.212481] IPVS: ipvs loaded.
[STDERR  ] 2017-06-14T15:46:18.453942672Z: [    7.213113] IPVS: [rr] scheduler registered.
[STDERR  ] 2017-06-14T15:46:18.453945395Z: [    7.213597] IPVS: [wrr] scheduler registered.
[STDERR  ] 2017-06-14T15:46:18.453953702Z: [    7.214125] IPVS: [lc] scheduler registered.
[STDERR  ] 2017-06-14T15:46:18.453959112Z: [    7.214602] IPVS: [wlc] scheduler registered.
[STDERR  ] 2017-06-14T15:46:18.453964569Z: [    7.215298] IPVS: [fo] scheduler registered.
[STDERR  ] 2017-06-14T15:46:18.453978344Z: [    7.215950] IPVS: [ovf] scheduler registered.
[STDERR  ] 2017-06-14T15:46:18.453984739Z: [    7.216889] IPVS: [lblc] scheduler registered.
[STDERR  ] 2017-06-14T15:46:18.453992885Z: [    7.218008] IPVS: [lblcr] scheduler registered.
[STDERR  ] 2017-06-14T15:46:18.453995645Z: [    7.218967] IPVS: [dh] scheduler registered.
[STDERR  ] 2017-06-14T15:46:18.454003827Z: [    7.219845] IPVS: [sh] scheduler registered.
[STDERR  ] 2017-06-14T15:46:18.454006531Z: [    7.221603] IPVS: [sed] scheduler registered.
[STDERR  ] 2017-06-14T15:46:18.454014787Z: [    7.222446] IPVS: [nq] scheduler registered.
[STDERR  ] 2017-06-14T15:46:18.454025592Z: [    7.224048] IPVS: ftp: loaded support on port[0] = 21
[STDERR  ] 2017-06-14T15:46:18.454031365Z: [    7.225867] ipip: IPv4 over IPv4 tunneling driver
[STDERR  ] 2017-06-14T15:46:18.454038822Z: [    7.231031] gre: GRE over IPv4 demultiplexor driver
[STDERR  ] 2017-06-14T15:46:18.454052312Z: [    7.231634] ip_gre: GRE over IPv4 tunneling driver
[STDERR  ] 2017-06-14T15:46:18.454059042Z: [    7.237221] IPv4 over IPsec tunneling driver
[STDERR  ] 2017-06-14T15:46:18.454064525Z: [    7.244236] ip_tables: (C) 2000-2006 Netfilter Core Team
[STDERR  ] 2017-06-14T15:46:18.454070061Z: [    7.247749] ipt_CLUSTERIP: ClusterIP Version 0.8 loaded successfully
[STDERR  ] 2017-06-14T15:46:18.454075517Z: [    7.248954] arp_tables: (C) 2002 David S. Miller
[STDERR  ] 2017-06-14T15:46:18.454086177Z: [    7.251716] Initializing XFRM netlink socket
[STDERR  ] 2017-06-14T15:46:18.454089719Z: [    7.253089] NET: Registered protocol family 10
[STDERR  ] 2017-06-14T15:46:18.454098521Z: [    7.265439] mip6: Mobile IPv6
[STDERR  ] 2017-06-14T15:46:18.454109542Z: [    7.266375] ip6_tables: (C) 2000-2006 Netfilter Core Team
[STDERR  ] 2017-06-14T15:46:18.454115097Z: [    7.275112] sit: IPv6 over IPv4 tunneling driver
[STDERR  ] 2017-06-14T15:46:18.454128172Z: [    7.282548] ip6_gre: GRE over IPv6 tunneling driver
[STDERR  ] 2017-06-14T15:46:18.454135029Z: [    7.286329] NET: Registered protocol family 17
[STDERR  ] 2017-06-14T15:46:18.454140429Z: [    7.287275] NET: Registered protocol family 15
[STDERR  ] 2017-06-14T15:46:18.454146277Z: [    7.288291] bridge: automatic filtering via arp/ip/ip6tables has been deprecated. Update your scripts to load br_netfilter if you need this.
[STDERR  ] 2017-06-14T15:46:18.454152177Z: [    7.290640] Bridge firewalling registered
[STDERR  ] 2017-06-14T15:46:18.454157669Z: [    7.291534] Ebtables v2.0 registered
[STDERR  ] 2017-06-14T15:46:18.454163097Z: [    7.295434] l2tp_core: L2TP core driver, V2.0
[STDERR  ] 2017-06-14T15:46:18.454168575Z: [    7.296167] l2tp_ppp: PPPoL2TP kernel driver, V2.0
[STDERR  ] 2017-06-14T15:46:18.454174087Z: [    7.296681] 8021q: 802.1Q VLAN Support v1.8
[STDERR  ] 2017-06-14T15:46:18.454179551Z: [    7.298326] 9pnet: Installing 9P2000 support
[STDERR  ] 2017-06-14T15:46:18.454182447Z: [    7.299380] Key type dns_resolver registered
[STDERR  ] 2017-06-14T15:46:18.454191972Z: [    7.299944] openvswitch: Open vSwitch switching datapath
[STDERR  ] 2017-06-14T15:46:18.454210361Z: [    7.301168] tsc: Refined TSC clocksource calibration: 2600.001 MHz
[STDERR  ] 2017-06-14T15:46:18.454216321Z: [    7.301991] clocksource: tsc: mask: 0xffffffffffffffff max_cycles: 0x257a3ce1c4c, max_idle_ns: 440795206275 ns
[STDERR  ] 2017-06-14T15:46:18.454221875Z: [    7.304629] hv_sock: failed to load: VMBus 4 or later is required
[STDERR  ] 2017-06-14T15:46:18.454230207Z: [    7.305255] mpls_gso: MPLS GSO support
[STDERR  ] 2017-06-14T15:46:18.454233282Z: [    7.305928] microcode: AMD CPU family 0x6 not supported
[STDERR  ] 2017-06-14T15:46:18.454241575Z: [    7.310617] registered taskstats version 1
[STDERR  ] 2017-06-14T15:46:18.454246935Z: [    7.435852] Key type encrypted registered
[STDERR  ] 2017-06-14T15:46:18.454255732Z: [    7.441853] rtc_cmos 00:00: setting system clock to 2017-06-14 15:45:45 UTC (1497455145)
[STDERR  ] 2017-06-14T15:46:18.454259167Z: [    7.581533] Freeing unused kernel memory: 1372K (ffffffff9af71000 - ffffffff9b0c8000)
[STDERR  ] 2017-06-14T15:46:18.454264597Z: [    7.582444] Write protecting the kernel read-only data: 14336k
[STDERR  ] 2017-06-14T15:46:18.454284255Z: [    7.594726] Freeing unused kernel memory: 1172K (ffff88001a8db000 - ffff88001aa00000)
[STDERR  ] 2017-06-14T15:46:18.454292329Z: [    7.673355] Freeing unused kernel memory: 972K (ffff88001ad0d000 - ffff88001ae00000)
[STDERR  ] 2017-06-14T15:46:18.454297791Z: [    8.311404] clocksource: Switched to clocksource tsc
[STDERR  ] 2017-06-14T15:46:18.454300632Z: 
[STDERR  ] 2017-06-14T15:46:18.454308675Z: Starting containerd
[STDERR  ] 2017-06-14T15:46:18.454311334Z: 
[STDERR  ] 2017-06-14T15:46:18.454319527Z: Welcome to LinuxKit
[STDERR  ] 2017-06-14T15:46:18.454324975Z: 
[STDERR  ] 2017-06-14T15:46:18.454330384Z:                         ##         .
[STDERR  ] 2017-06-14T15:46:18.454335742Z:                   ## ## ##        ==
[STDERR  ] 2017-06-14T15:46:18.454341049Z:                ## ## ## ## ##    ===
[STDERR  ] 2017-06-14T15:46:18.454343777Z:            /"""""""""""""""""\___/ ===
[STDERR  ] 2017-06-14T15:46:18.454356147Z:       ~~~ {~~ ~~~~ ~~~ ~~~~ ~~~ ~ /  ===- ~~~
[STDERR  ] 2017-06-14T15:46:18.454366254Z:            \______ o           __/
[STDERR  ] 2017-06-14T15:46:18.454371777Z:              \    \         __/
[STDERR  ] 2017-06-14T15:46:18.454379604Z:               \____\_______/
[STDERR  ] 2017-06-14T15:46:18.454382487Z: 
[STDERR  ] 2017-06-14T15:46:18.454388005Z: [34mINFO[0m[0000] starting containerd boot...                   [34mmodule[0m=containerd
[STDERR  ] 2017-06-14T15:46:18.454400502Z: [34mINFO[0m[0000] starting debug API...                         [34mdebug[0m="/run/containerd/debug.sock" [34mmodule[0m=containerd
[STDERR  ] 2017-06-14T15:46:18.454406637Z: [34mINFO[0m[0000] loading monitor plugin "cgroups"...           [34mmodule[0m=containerd
[STDERR  ] 2017-06-14T15:46:18.454409644Z: [34mINFO[0m[0000] loading runtime plugin "linux"...             [34mmodule[0m=containerd
[STDERR  ] 2017-06-14T15:46:18.454418737Z: [34mINFO[0m[0000] loading snapshot plugin "snapshot-overlay"...  [34mmodule[0m=containerd
[STDERR  ] 2017-06-14T15:46:18.454437072Z: [34mINFO[0m[0000] loading differ plugin "diff-base"...          [34mmodule[0m=containerd
[STDERR  ] 2017-06-14T15:46:18.454443205Z: [34mINFO[0m[0000] loading grpc service plugin "containers-grpc"...  [34mmodule[0m=containerd
[STDERR  ] 2017-06-14T15:46:18.454448729Z: [34mINFO[0m[0000] loading grpc service plugin "diff-grpc"...    [34mmodule[0m=containerd
[STDERR  ] 2017-06-14T15:46:18.454454227Z: [34mINFO[0m[0000] loading grpc service plugin "tasks-grpc"...   [34mmodule[0m=containerd
[STDERR  ] 2017-06-14T15:46:18.454462932Z: [34mINFO[0m[0000] loading grpc service plugin "healthcheck-grpc"...  [34mmodule[0m=containerd
[STDERR  ] 2017-06-14T15:46:18.454470217Z: [34mINFO[0m[0000] loading grpc service plugin "namespaces-grpc"...  [34mmodule[0m=containerd
[STDERR  ] 2017-06-14T15:46:18.454476061Z: [34mINFO[0m[0000] loading grpc service plugin "snapshots-grpc"...  [34mmodule[0m=containerd
[STDERR  ] 2017-06-14T15:46:18.454482307Z: [34mINFO[0m[0000] loading grpc service plugin "version-grpc"...  [34mmodule[0m=containerd
[STDERR  ] 2017-06-14T15:46:18.454488257Z: [34mINFO[0m[0000] loading grpc service plugin "content-grpc"...  [34mmodule[0m=containerd
[STDERR  ] 2017-06-14T15:46:18.454496697Z: [34mINFO[0m[0000] loading grpc service plugin "images-grpc"...  [34mmodule[0m=containerd
[STDERR  ] 2017-06-14T15:46:18.454600012Z: [34mINFO[0m[0000] loading grpc service plugin "metrics-grpc"...  [34mmodule[0m=containerd
[STDERR  ] 2017-06-14T15:46:18.454610715Z: [34mINFO[0m[0000] starting GRPC API server...                   [34mmodule[0m=containerd
[STDERR  ] 2017-06-14T15:46:18.454613592Z: [34mINFO[0m[0000] containerd successfully booted in 0.258084s   [34mmodule[0m=containerd
[STDERR  ] 2017-06-14T15:46:18.454623542Z: starting kernel config sanity test with /proc/config.gz
[STDERR  ] 2017-06-14T15:46:18.454632042Z: kernel config test succeeded!
[STDERR  ] 2017-06-14T15:46:18.454639349Z: [37minfo: reading kernel config from /proc/config.gz ...[m
[STDERR  ] 2017-06-14T15:46:18.454645211Z: 
[STDERR  ] 2017-06-14T15:46:18.454650784Z: Generally Necessary:
[STDERR  ] 2017-06-14T15:46:18.454656292Z: - [37mcgroup hierarchy[m: [32mproperly mounted[m [/sys/fs/cgroup]
[STDERR  ] 2017-06-14T15:46:18.454693101Z: - [37mCONFIG_NAMESPACES[m: [32menabled[m
[STDERR  ] 2017-06-14T15:46:18.454700869Z: - [37mCONFIG_NET_NS[m: [32menabled[m
[STDERR  ] 2017-06-14T15:46:18.454706314Z: - [37mCONFIG_PID_NS[m: [32menabled[m
[STDERR  ] 2017-06-14T15:46:18.454711725Z: - [37mCONFIG_IPC_NS[m: [32menabled[m
[STDERR  ] 2017-06-14T15:46:18.454717222Z: - [37mCONFIG_UTS_NS[m: [32menabled[m
[STDERR  ] 2017-06-14T15:46:18.454722647Z: - [37mCONFIG_CGROUPS[m: [32menabled[m
[STDERR  ] 2017-06-14T15:46:18.454728077Z: - [37mCONFIG_CGROUP_CPUACCT[m: [32menabled[m
[STDERR  ] 2017-06-14T15:46:18.454730977Z: - [37mCONFIG_CGROUP_DEVICE[m: [32menabled[m
[STDERR  ] 2017-06-14T15:46:18.454751444Z: - [37mCONFIG_CGROUP_FREEZER[m: [32menabled[m
[STDERR  ] 2017-06-14T15:46:18.454758137Z: - [37mCONFIG_CGROUP_SCHED[m: [32menabled[m
[STDERR  ] 2017-06-14T15:46:18.454760914Z: - [37mCONFIG_CPUSETS[m: [32menabled[m
[STDERR  ] 2017-06-14T15:46:18.454774387Z: - [37mCONFIG_MEMCG[m: [32menabled[m
[STDERR  ] 2017-06-14T15:46:18.454780371Z: - [37mCONFIG_KEYS[m: [32menabled[m
[STDERR  ] 2017-06-14T15:46:18.454789935Z: - [37mCONFIG_VETH[m: [32menabled[m
[STDERR  ] 2017-06-14T15:46:18.454796394Z: - [37mCONFIG_BRIDGE[m: [32menabled[m
[STDERR  ] 2017-06-14T15:46:18.454799399Z: - [37mCONFIG_BRIDGE_NETFILTER[m: [32menabled[m
[STDERR  ] 2017-06-14T15:46:18.454808519Z: - [37mCONFIG_NF_NAT_IPV4[m: [32menabled[m
[STDERR  ] 2017-06-14T15:46:18.454827085Z: - [37mCONFIG_IP_NF_FILTER[m: [32menabled[m
[STDERR  ] 2017-06-14T15:46:18.454832982Z: - [37mCONFIG_IP_NF_TARGET_MASQUERADE[m: [32menabled[m
[STDERR  ] 2017-06-14T15:46:18.454838467Z: - [37mCONFIG_NETFILTER_XT_MATCH_ADDRTYPE[m: [32menabled[m
[STDERR  ] 2017-06-14T15:46:18.454844047Z: - [37mCONFIG_NETFILTER_XT_MATCH_CONNTRACK[m: [32menabled[m
[STDERR  ] 2017-06-14T15:46:18.454849491Z: - [37mCONFIG_NETFILTER_XT_MATCH_IPVS[m: [32menabled[m
[STDERR  ] 2017-06-14T15:46:18.454852345Z: - [37mCONFIG_IP_NF_NAT[m: [32menabled[m
[STDERR  ] 2017-06-14T15:46:18.454857731Z: - [37mCONFIG_NF_NAT[m: [32menabled[m
[STDERR  ] 2017-06-14T15:46:18.454866037Z: - [37mCONFIG_NF_NAT_NEEDED[m: [32menabled[m
[STDERR  ] 2017-06-14T15:46:18.454871479Z: - [37mCONFIG_POSIX_MQUEUE[m: [32menabled[m
[STDERR  ] 2017-06-14T15:46:18.454879211Z: - [37mCONFIG_DEVPTS_MULTIPLE_INSTANCES[m: [32menabled[m
[STDERR  ] 2017-06-14T15:46:18.454884772Z: 
[STDERR  ] 2017-06-14T15:46:18.454890277Z: Optional Features:
[STDERR  ] 2017-06-14T15:46:18.454904329Z: - [37mCONFIG_USER_NS[m: [32menabled[m
[STDERR  ] 2017-06-14T15:46:18.454907267Z: - [37mCONFIG_SECCOMP[m: [32menabled[m
[STDERR  ] 2017-06-14T15:46:18.454912542Z: - [37mCONFIG_CGROUP_PIDS[m: [32menabled[m
[STDERR  ] 2017-06-14T15:46:18.454924624Z: - [37mCONFIG_MEMCG_SWAP[m: [32menabled[m
[STDERR  ] 2017-06-14T15:46:18.454930147Z: - [37mCONFIG_MEMCG_SWAP_ENABLED[m: [32menabled[m
[STDERR  ] 2017-06-14T15:46:18.454938052Z:     [1;30m(cgroup swap accounting is currently enabled)[m
[STDERR  ] 2017-06-14T15:46:18.454943939Z: - [1mCONFIG_LEGACY_VSYSCALL_NONE[m: [1;31menabled[m
[STDERR  ] 2017-06-14T15:46:18.454952747Z:     [1;30m(containers using eglibc <= 2.13 will not work. Switch to[m
[STDERR  ] 2017-06-14T15:46:18.454955922Z:     [1;30m "CONFIG_VSYSCALL_[NATIVE|EMULATE]" or use "vsyscall=[native|emulate]"[m
[STDERR  ] 2017-06-14T15:46:18.454961387Z:     [1;30m on kernel command line. Note that this will disable ASLR for the,[m
[STDERR  ] 2017-06-14T15:46:18.454978465Z:     [1;30m VDSO which may assist in exploiting security vulnerabilities.)[m
[STDERR  ] 2017-06-14T15:46:18.454984439Z: - [37mCONFIG_MEMCG_KMEM[m: [32menabled[m
[STDERR  ] 2017-06-14T15:46:18.454989914Z: - [37mCONFIG_BLK_CGROUP[m: [32menabled[m
[STDERR  ] 2017-06-14T15:46:18.454995342Z: - [37mCONFIG_BLK_DEV_THROTTLING[m: [32menabled[m
[STDERR  ] 2017-06-14T15:46:18.454998197Z: - [37mCONFIG_IOSCHED_CFQ[m: [32menabled[m
[STDERR  ] 2017-06-14T15:46:18.455006162Z: - [37mCONFIG_CFQ_GROUP_IOSCHED[m: [32menabled[m
[STDERR  ] 2017-06-14T15:46:18.455008812Z: - [37mCONFIG_CGROUP_PERF[m: [32menabled[m
[STDERR  ] 2017-06-14T15:46:18.455025897Z: - [37mCONFIG_CGROUP_HUGETLB[m: [32menabled[m
[STDERR  ] 2017-06-14T15:46:18.455031601Z: - [37mCONFIG_NET_CLS_CGROUP[m: [32menabled[m
[STDERR  ] 2017-06-14T15:46:18.455036955Z: - [37mCONFIG_CGROUP_NET_PRIO[m: [32menabled[m
[STDERR  ] 2017-06-14T15:46:18.455042371Z: - [37mCONFIG_CFS_BANDWIDTH[m: [32menabled[m
[STDERR  ] 2017-06-14T15:46:18.455053647Z: - [37mCONFIG_FAIR_GROUP_SCHED[m: [32menabled[m
[STDERR  ] 2017-06-14T15:46:18.455062464Z: - [37mCONFIG_RT_GROUP_SCHED[m: [32menabled[m
[STDERR  ] 2017-06-14T15:46:18.455067975Z: - [37mCONFIG_IP_VS[m: [32menabled[m
[STDERR  ] 2017-06-14T15:46:18.455070737Z: - [37mCONFIG_IP_VS_NFCT[m: [32menabled[m
[STDERR  ] 2017-06-14T15:46:18.455078945Z: - [37mCONFIG_IP_VS_RR[m: [32menabled[m
[STDERR  ] 2017-06-14T15:46:18.455081749Z: - [37mCONFIG_EXT4_FS[m: [32menabled[m
[STDERR  ] 2017-06-14T15:46:18.455091404Z: - [37mCONFIG_EXT4_FS_POSIX_ACL[m: [32menabled[m
[STDERR  ] 2017-06-14T15:46:18.455103852Z: - [37mCONFIG_EXT4_FS_SECURITY[m: [32menabled[m
[STDERR  ] 2017-06-14T15:46:18.455107275Z: - Network Drivers:
[STDERR  ] 2017-06-14T15:46:18.455115351Z:   - "[34moverlay[m":
[STDERR  ] 2017-06-14T15:46:18.455132759Z:     - [37mCONFIG_VXLAN[m: [32menabled[m
[STDERR  ] 2017-06-14T15:46:18.455138145Z:       Optional (for encrypted networks):
[STDERR  ] 2017-06-14T15:46:18.455142917Z:       - [37mCONFIG_CRYPTO[m: [32menabled[m
[STDERR  ] 2017-06-14T15:46:18.455148547Z:       - [37mCONFIG_CRYPTO_AEAD[m: [32menabled[m
[STDERR  ] 2017-06-14T15:46:18.455156805Z:       - [37mCONFIG_CRYPTO_GCM[m: [32menabled[m
[STDERR  ] 2017-06-14T15:46:18.455159582Z:       - [37mCONFIG_CRYPTO_SEQIV[m: [32menabled[m
[STDERR  ] 2017-06-14T15:46:18.455167587Z:       - [37mCONFIG_CRYPTO_GHASH[m: [32menabled[m
[STDERR  ] 2017-06-14T15:46:18.455173065Z:       - [37mCONFIG_XFRM[m: [32menabled[m
[STDERR  ] 2017-06-14T15:46:18.455175915Z:       - [37mCONFIG_XFRM_USER[m: [32menabled[m
[STDERR  ] 2017-06-14T15:46:18.455187304Z:       - [37mCONFIG_XFRM_ALGO[m: [32menabled[m
[STDERR  ] 2017-06-14T15:46:18.455192654Z:       - [37mCONFIG_INET_ESP[m: [32menabled[m
[STDERR  ] 2017-06-14T15:46:18.455203279Z:       - [37mCONFIG_INET_XFRM_MODE_TRANSPORT[m: [32menabled[m
[STDERR  ] 2017-06-14T15:46:18.455209391Z:   - "[34mipvlan[m":
[STDERR  ] 2017-06-14T15:46:18.455217552Z:     - [37mCONFIG_IPVLAN[m: [32menabled[m
[STDERR  ] 2017-06-14T15:46:18.455222895Z:   - "[34mmacvlan[m":
[STDERR  ] 2017-06-14T15:46:18.455228464Z:     - [37mCONFIG_MACVLAN[m: [32menabled[m
[STDERR  ] 2017-06-14T15:46:18.455235142Z:     - [37mCONFIG_DUMMY[m: [32menabled[m
[STDERR  ] 2017-06-14T15:46:18.455241161Z:   - "[34mftp,tftp client in container[m":
[STDERR  ] 2017-06-14T15:46:18.455249262Z:     - [37mCONFIG_NF_NAT_FTP[m: [32menabled[m
[STDERR  ] 2017-06-14T15:46:18.455254667Z:     - [37mCONFIG_NF_CONNTRACK_FTP[m: [32menabled[m
[STDERR  ] 2017-06-14T15:46:18.455260037Z:     - [37mCONFIG_NF_NAT_TFTP[m: [32menabled[m
[STDERR  ] 2017-06-14T15:46:18.455262827Z:     - [37mCONFIG_NF_CONNTRACK_TFTP[m: [32menabled[m
[STDERR  ] 2017-06-14T15:46:18.455278964Z: - Storage Drivers:
[STDERR  ] 2017-06-14T15:46:18.455282345Z:   - "[34maufs[m":
[STDERR  ] 2017-06-14T15:46:18.455290551Z:     - [1mCONFIG_AUFS_FS[m: [1;31mmissing[m
[STDERR  ] 2017-06-14T15:46:18.455293412Z:   - "[34mbtrfs[m":[   34.802869] random: nonblocking pool is initialized
[STDERR  ] 2017-06-14T15:46:18.455298757Z: 
[STDERR  ] 2017-06-14T15:46:18.455306937Z:     - [37mCONFIG_BTRFS_FS[m: [32menabled (as module)[m
[STDERR  ] 2017-06-14T15:46:18.455312769Z:     - [37mCONFIG_BTRFS_FS_POSIX_ACL[m: [32menabled[m
[STDERR  ] 2017-06-14T15:46:18.455321101Z:   - "[34mdevicemapper[m":
[STDERR  ] 2017-06-14T15:46:18.455326704Z:     - [37mCONFIG_BLK_DEV_DM[m: [32menabled[m
[STDERR  ] 2017-06-14T15:46:18.455332205Z:     - [37mCONFIG_DM_THIN_PROVISIONING[m: [32menabled[m
[STDERR  ] 2017-06-14T15:46:18.455337674Z:   - "[34moverlay[m":
[STDERR  ] 2017-06-14T15:46:18.455340437Z:     - [37mCONFIG_OVERLAY_FS[m: [32menabled[m
[STDERR  ] 2017-06-14T15:46:18.455362459Z:   - "[34mzfs[m":
[STDERR  ] 2017-06-14T15:46:18.455367951Z:     - [1m/dev/zfs[m: [1;31mmissing[m
[STDERR  ] 2017-06-14T15:46:18.455370764Z:     - [1mzfs command[m: [1;31mmissing[m
[STDERR  ] 2017-06-14T15:46:18.455376135Z:     - [1mzpool command[m: [1;31mmissing[m
[STDERR  ] 2017-06-14T15:46:18.455384362Z: 
[STDERR  ] 2017-06-14T15:46:18.455389892Z: Limits:
[STDERR  ] 2017-06-14T15:46:18.455395412Z: [37m- /proc/sys/kernel/keys/root_maxkeys[m: [32m1000000[m
[STDERR  ] 2017-06-14T15:46:18.455400845Z: 
[STDERR  ] 2017-06-14T15:46:18.455406412Z: Kernel config test suite PASSED
[STDERR  ] 2017-06-14T15:46:18.455411827Z:  - 000-check-kernel-config
[STDERR  ] 2017-06-14T15:46:18.455442641Z: [   40.487018] ACPI: Preparing to enter system sleep state S5
[STDERR  ] 2017-06-14T15:46:18.455447041Z: [   40.490599] reboot: Power down
[STDERR  ] 2017-06-14T15:46:18.455595461Z: + grep -q suite PASSED
[STDERR  ] 2017-06-14T15:46:18.457128966Z: + echo [    0.000000] Initializing cgroup subsys cpuset
[STDERR  ] 2017-06-14T15:46:18.457134281Z: [    0.000000] Initializing cgroup subsys cpu
[STDERR  ] 2017-06-14T15:46:18.457140351Z: [    0.000000] Initializing cgroup subsys cpuacct
[STDERR  ] 2017-06-14T15:46:18.457150161Z: [    0.000000] Linux version 4.4.71-linuxkit (root@84baa8e89c00) (gcc version 6.2.1 20160822 (Alpine 6.2.1) ) #1 SMP Wed Jun 7 21:53:02 UTC 2017
[STDERR  ] 2017-06-14T15:46:18.457156368Z: [    0.000000] Command line: console=ttyS0
[STDERR  ] 2017-06-14T15:46:18.457161956Z: [    0.000000] x86/fpu: Legacy x87 FPU detected.
[STDERR  ] 2017-06-14T15:46:18.457170168Z: [    0.000000] x86/fpu: Using 'lazy' FPU context switches.
[STDERR  ] 2017-06-14T15:46:18.457175994Z: [    0.000000] e820: BIOS-provided physical RAM map:
[STDERR  ] 2017-06-14T15:46:18.457197061Z: [    0.000000] BIOS-e820: [mem 0x0000000000000000-0x000000000009fbff] usable
[STDERR  ] 2017-06-14T15:46:18.457203306Z: [    0.000000] BIOS-e820: [mem 0x000000000009fc00-0x000000000009ffff] reserved
[STDERR  ] 2017-06-14T15:46:18.457206468Z: [    0.000000] BIOS-e820: [mem 0x00000000000f0000-0x00000000000fffff] reserved
[STDERR  ] 2017-06-14T15:46:18.457216806Z: [    0.000000] BIOS-e820: [mem 0x0000000000100000-0x000000003ffdefff] usable
[STDERR  ] 2017-06-14T15:46:18.457225931Z: [    0.000000] BIOS-e820: [mem 0x000000003ffdf000-0x000000003fffffff] reserved
[STDERR  ] 2017-06-14T15:46:18.45722887Z: [    0.000000] BIOS-e820: [mem 0x00000000b0000000-0x00000000bfffffff] reserved
[STDERR  ] 2017-06-14T15:46:18.457243371Z: [    0.000000] BIOS-e820: [mem 0x00000000fed1c000-0x00000000fed1ffff] reserved
[STDERR  ] 2017-06-14T15:46:18.457246216Z: [    0.000000] BIOS-e820: [mem 0x00000000fffc0000-0x00000000ffffffff] reserved
[STDERR  ] 2017-06-14T15:46:18.4572547Z: [    0.000000] NX (Execute Disable) protection: active
[STDERR  ] 2017-06-14T15:46:18.457268928Z: [    0.000000] SMBIOS 2.8 present.
[STDERR  ] 2017-06-14T15:46:18.457275226Z: [    0.000000] e820: last_pfn = 0x3ffdf max_arch_pfn = 0x400000000
[STDERR  ] 2017-06-14T15:46:18.457280971Z: [    0.000000] x86/PAT: Configuration [0-7]: WB  WC  UC- UC  WB  WC  UC- WT  
[STDERR  ] 2017-06-14T15:46:18.457286666Z: [    0.000000] found SMP MP-table at [mem 0x000f6aa0-0x000f6aaf] mapped at [ffff8800000f6aa0]
[STDERR  ] 2017-06-14T15:46:18.457292386Z: [    0.000000] RAMDISK: [mem 0x3df5c000-0x3ffcffff]
[STDERR  ] 2017-06-14T15:46:18.457295276Z: [    0.000000] ACPI: Early table checksum verification disabled
[STDERR  ] 2017-06-14T15:46:18.457300903Z: [    0.000000] ACPI: RSDP 0x00000000000F68C0 000014 (v00 BOCHS )
[STDERR  ] 2017-06-14T15:46:18.457312766Z: [    0.000000] ACPI: RSDT 0x000000003FFE2404 000034 (v01 BOCHS  BXPCRSDT 00000001 BXPC 00000001)
[STDERR  ] 2017-06-14T15:46:18.457318736Z: [    0.000000] ACPI: FACP 0x000000003FFE22A4 000074 (v01 BOCHS  BXPCFACP 00000001 BXPC 00000001)
[STDERR  ] 2017-06-14T15:46:18.457324788Z: [    0.000000] ACPI: DSDT 0x000000003FFE0040 002264 (v01 BOCHS  BXPCDSDT 00000001 BXPC 00000001)
[STDERR  ] 2017-06-14T15:46:18.457327751Z: [    0.000000] ACPI: FACS 0x000000003FFE0000 000040
[STDERR  ] 2017-06-14T15:46:18.457333188Z: [    0.000000] ACPI: APIC 0x000000003FFE2318 000078 (v01 BOCHS  BXPCAPIC 00000001 BXPC 00000001)
[STDERR  ] 2017-06-14T15:46:18.45735023Z: [    0.000000] ACPI: HPET 0x000000003FFE2390 000038 (v01 BOCHS  BXPCHPET 00000001 BXPC 00000001)
[STDERR  ] 2017-06-14T15:46:18.457357773Z: [    0.000000] ACPI: MCFG 0x000000003FFE23C8 00003C (v01 BOCHS  BXPCMCFG 00000001 BXPC 00000001)
[STDERR  ] 2017-06-14T15:46:18.457363701Z: [    0.000000] Zone ranges:
[STDERR  ] 2017-06-14T15:46:18.457370066Z: [    0.000000]   DMA      [mem 0x0000000000001000-0x0000000000ffffff]
[STDERR  ] 2017-06-14T15:46:18.457375836Z: [    0.000000]   DMA32    [mem 0x0000000001000000-0x000000003ffdefff]
[STDERR  ] 2017-06-14T15:46:18.457386014Z: [    0.000000]   Normal   empty
[STDERR  ] 2017-06-14T15:46:18.457391676Z: [    0.000000] Movable zone start for each node
[STDERR  ] 2017-06-14T15:46:18.457401423Z: [    0.000000] Early memory node ranges
[STDERR  ] 2017-06-14T15:46:18.457407866Z: [    0.000000]   node   0: [mem 0x0000000000001000-0x000000000009efff]
[STDERR  ] 2017-06-14T15:46:18.45742227Z: [    0.000000]   node   0: [mem 0x0000000000100000-0x000000003ffdefff]
[STDERR  ] 2017-06-14T15:46:18.457428286Z: [    0.000000] Initmem setup node 0 [mem 0x0000000000001000-0x000000003ffdefff]
[STDERR  ] 2017-06-14T15:46:18.45743381Z: [    0.000000] ACPI: PM-Timer IO Port: 0x608
[STDERR  ] 2017-06-14T15:46:18.457439568Z: [    0.000000] ACPI: LAPIC_NMI (acpi_id[0xff] dfl dfl lint[0x1])
[STDERR  ] 2017-06-14T15:46:18.457445091Z: [    0.000000] IOAPIC[0]: apic_id 0, version 32, address 0xfec00000, GSI 0-23
[STDERR  ] 2017-06-14T15:46:18.457448048Z: [    0.000000] ACPI: INT_SRC_OVR (bus 0 bus_irq 0 global_irq 2 dfl dfl)
[STDERR  ] 2017-06-14T15:46:18.457456414Z: [    0.000000] ACPI: INT_SRC_OVR (bus 0 bus_irq 5 global_irq 5 high level)
[STDERR  ] 2017-06-14T15:46:18.457461968Z: [    0.000000] ACPI: INT_SRC_OVR (bus 0 bus_irq 9 global_irq 9 high level)
[STDERR  ] 2017-06-14T15:46:18.457464726Z: [    0.000000] ACPI: INT_SRC_OVR (bus 0 bus_irq 10 global_irq 10 high level)
[STDERR  ] 2017-06-14T15:46:18.457478284Z: [    0.000000] ACPI: INT_SRC_OVR (bus 0 bus_irq 11 global_irq 11 high level)
[STDERR  ] 2017-06-14T15:46:18.45748388Z: [    0.000000] Using ACPI (MADT) for SMP configuration information
[STDERR  ] 2017-06-14T15:46:18.457493953Z: [    0.000000] ACPI: HPET id: 0x8086a201 base: 0xfed00000
[STDERR  ] 2017-06-14T15:46:18.457506344Z: [    0.000000] smpboot: Allowing 1 CPUs, 0 hotplug CPUs
[STDERR  ] 2017-06-14T15:46:18.457516334Z: [    0.000000] e820: [mem 0x40000000-0xafffffff] available for PCI devices
[STDERR  ] 2017-06-14T15:46:18.457519251Z: [    0.000000] Booting paravirtualized kernel on bare hardware
[STDERR  ] 2017-06-14T15:46:18.457528138Z: [    0.000000] clocksource: refined-jiffies: mask: 0xffffffff max_cycles: 0xffffffff, max_idle_ns: 19112604462750000 ns
[STDERR  ] 2017-06-14T15:46:18.45753455Z: [    0.000000] setup_percpu: NR_CPUS:128 nr_cpumask_bits:128 nr_cpu_ids:1 nr_node_ids:1
[STDERR  ] 2017-06-14T15:46:18.457541576Z: [    0.000000] PERCPU: Embedded 33 pages/cpu @ffff88003dc00000 s95960 r8192 d31016 u2097152
[STDERR  ] 2017-06-14T15:46:18.457544556Z: [    0.000000] Built 1 zonelists in Zone order, mobility grouping on.  Total pages: 257896
[STDERR  ] 2017-06-14T15:46:18.457554884Z: [    0.000000] Kernel command line: console=ttyS0
[STDERR  ] 2017-06-14T15:46:18.457557866Z: [    0.000000] PID hash table entries: 4096 (order: 3, 32768 bytes)
[STDERR  ] 2017-06-14T15:46:18.457575088Z: [    0.000000] Dentry cache hash table entries: 131072 (order: 8, 1048576 bytes)
[STDERR  ] 2017-06-14T15:46:18.457580836Z: [    0.000000] Inode-cache hash table entries: 65536 (order: 7, 524288 bytes)
[STDERR  ] 2017-06-14T15:46:18.457587356Z: [    0.000000] Memory: 978472K/1048052K available (9057K kernel code, 1470K rwdata, 3124K rodata, 1372K init, 728K bss, 69580K reserved, 0K cma-reserved)
[STDERR  ] 2017-06-14T15:46:18.457593246Z: [    0.000000] Hierarchical RCU implementation.
[STDERR  ] 2017-06-14T15:46:18.457598794Z: [    0.000000] 	Build-time adjustment of leaf fanout to 64.
[STDERR  ] 2017-06-14T15:46:18.45760449Z: [    0.000000] 	RCU restricting CPUs from NR_CPUS=128 to nr_cpu_ids=1.
[STDERR  ] 2017-06-14T15:46:18.457610026Z: [    0.000000] RCU: Adjusting geometry for rcu_fanout_leaf=64, nr_cpu_ids=1
[STDERR  ] 2017-06-14T15:46:18.457615573Z: [    0.000000] NR_IRQS:8448 nr_irqs:256 16
[STDERR  ] 2017-06-14T15:46:18.45762118Z: [    0.000000] Console: colour VGA+ 80x25
[STDERR  ] 2017-06-14T15:46:18.457628866Z: [    0.000000] console [ttyS0] enabled
[STDERR  ] 2017-06-14T15:46:18.457635166Z: [    0.000000] clocksource: hpet: mask: 0xffffffff max_cycles: 0xffffffff, max_idle_ns: 19112604467 ns
[STDERR  ] 2017-06-14T15:46:18.457649496Z: [    0.000000] tsc: Fast TSC calibration failed
[STDERR  ] 2017-06-14T15:46:18.457655296Z: [    0.000000] tsc: Unable to calibrate against PIT
[STDERR  ] 2017-06-14T15:46:18.457664533Z: [    0.000000] tsc: using HPET reference calibration
[STDERR  ] 2017-06-14T15:46:18.457673814Z: [    0.000000] tsc: Detected 2600.038 MHz processor
[STDERR  ] 2017-06-14T15:46:18.457680194Z: [    0.051936] Calibrating delay loop (skipped), value calculated using timer frequency.. 5200.07 BogoMIPS (lpj=26000380)
[STDERR  ] 2017-06-14T15:46:18.457686371Z: [    0.060854] pid_max: default: 32768 minimum: 301
[STDERR  ] 2017-06-14T15:46:18.457689316Z: [    0.061851] ACPI: Core revision 20150930
[STDERR  ] 2017-06-14T15:46:18.457694886Z: [    0.106772] ACPI: 1 ACPI AML tables successfully acquired and loaded
[STDERR  ] 2017-06-14T15:46:18.45770334Z: [    0.108972] Security Framework initialized
[STDERR  ] 2017-06-14T15:46:18.457708854Z: [    0.109479] Yama: becoming mindful.
[STDERR  ] 2017-06-14T15:46:18.457724326Z: [    0.113290] Mount-cache hash table entries: 2048 (order: 2, 16384 bytes)
[STDERR  ] 2017-06-14T15:46:18.457731146Z: [    0.114099] Mountpoint-cache hash table entries: 2048 (order: 2, 16384 bytes)
[STDERR  ] 2017-06-14T15:46:18.457736683Z: [    0.128670] Initializing cgroup subsys io
[STDERR  ] 2017-06-14T15:46:18.457745571Z: [    0.129861] Initializing cgroup subsys memory
[STDERR  ] 2017-06-14T15:46:18.45775544Z: [    0.131150] Initializing cgroup subsys devices
[STDERR  ] 2017-06-14T15:46:18.457761366Z: [    0.131837] Initializing cgroup subsys freezer
[STDERR  ] 2017-06-14T15:46:18.457766846Z: [    0.132516] Initializing cgroup subsys net_cls
[STDERR  ] 2017-06-14T15:46:18.45777231Z: [    0.133079] Initializing cgroup subsys perf_event
[STDERR  ] 2017-06-14T15:46:18.45778176Z: [    0.133825] Initializing cgroup subsys net_prio
[STDERR  ] 2017-06-14T15:46:18.457787423Z: [    0.134502] Initializing cgroup subsys hugetlb
[STDERR  ] 2017-06-14T15:46:18.457801926Z: [    0.135056] Initializing cgroup subsys pids
[STDERR  ] 2017-06-14T15:46:18.457807664Z: [    0.137687] Last level iTLB entries: 4KB 0, 2MB 0, 4MB 0
[STDERR  ] 2017-06-14T15:46:18.457813198Z: [    0.138255] Last level dTLB entries: 4KB 0, 2MB 0, 4MB 0, 1GB 0
[STDERR  ] 2017-06-14T15:46:18.45781612Z: [    0.439360] Freeing SMP alternatives memory: 24K (ffffffff9b0c8000 - ffffffff9b0ce000)
[STDERR  ] 2017-06-14T15:46:18.45782197Z: [    0.452635] ftrace: allocating 39586 entries in 155 pages
[STDERR  ] 2017-06-14T15:46:18.457830376Z: [    0.636327] ..TIMER: vector=0x30 apic1=0 pin1=2 apic2=-1 pin2=-1
[STDERR  ] 2017-06-14T15:46:18.457835928Z: [    0.740000] smpboot: CPU0: AMD QEMU Virtual CPU version 2.5+ (family: 0x6, model: 0x6, stepping: 0x3)
[STDERR  ] 2017-06-14T15:46:18.45784156Z: [    0.740000] Performance Events: Broken PMU hardware detected, using software events only.
[STDERR  ] 2017-06-14T15:46:18.457849256Z: [    0.740000] Failed to access perfctr msr (MSR c0010007 is 0)
[STDERR  ] 2017-06-14T15:46:18.45785825Z: [    0.746027] x86: Booted up 1 node, 1 CPUs
[STDERR  ] 2017-06-14T15:46:18.457863866Z: [    0.746656] smpboot: Total of 1 processors activated (5200.07 BogoMIPS)
[STDERR  ] 2017-06-14T15:46:18.457877996Z: [    0.753460] NMI watchdog: disabled (cpu0): hardware events not enabled
[STDERR  ] 2017-06-14T15:46:18.457881048Z: [    0.754176] NMI watchdog: Shutting down hard lockup detector on all cpus
[STDERR  ] 2017-06-14T15:46:18.45788936Z: [    0.764616] devtmpfs: initialized
[STDERR  ] 2017-06-14T15:46:18.457897303Z: [    0.832408] clocksource: jiffies: mask: 0xffffffff max_cycles: 0xffffffff, max_idle_ns: 19112604462750000 ns
[STDERR  ] 2017-06-14T15:46:18.457900203Z: [    0.833839] futex hash table entries: 256 (order: 2, 16384 bytes)
[STDERR  ] 2017-06-14T15:46:18.457908638Z: [    0.845968] NET: Registered protocol family 16
[STDERR  ] 2017-06-14T15:46:18.45791423Z: [    0.853268] cpuidle: using governor ladder
[STDERR  ] 2017-06-14T15:46:18.457923446Z: [    0.854001] cpuidle: using governor menu
[STDERR  ] 2017-06-14T15:46:18.457929513Z: [    0.855622] ACPI: bus type PCI registered
[STDERR  ] 2017-06-14T15:46:18.4579665Z: [    0.858797] PCI: MMCONFIG for domain 0000 [bus 00-ff] at [mem 0xb0000000-0xbfffffff] (base 0xb0000000)
[STDERR  ] 2017-06-14T15:46:18.45797729Z: [    0.860203] PCI: MMCONFIG at [mem 0xb0000000-0xbfffffff] reserved in E820
[STDERR  ] 2017-06-14T15:46:18.457984526Z: [    0.861794] PCI: Using configuration type 1 for base access
[STDERR  ] 2017-06-14T15:46:18.457992941Z: [    0.930585] ACPI: Added _OSI(Module Device)
[STDERR  ] 2017-06-14T15:46:18.457998311Z: [    0.931168] ACPI: Added _OSI(Processor Device)
[STDERR  ] 2017-06-14T15:46:18.458003788Z: [    0.931626] ACPI: Added _OSI(3.0 _SCP Extensions)
[STDERR  ] 2017-06-14T15:46:18.458009188Z: [    0.932050] ACPI: Added _OSI(Processor Aggregator Device)
[STDERR  ] 2017-06-14T15:46:18.458016601Z: [    1.010753] ACPI: Interpreter enabled
[STDERR  ] 2017-06-14T15:46:18.458028011Z: [    1.012289] ACPI: (supports S0 S5)
[STDERR  ] 2017-06-14T15:46:18.458043001Z: [    1.013158] ACPI: Using IOAPIC for interrupt routing
[STDERR  ] 2017-06-14T15:46:18.458048723Z: [    1.015440] PCI: Using host bridge windows from ACPI; if necessary, use "pci=nocrs" and report a bug
[STDERR  ] 2017-06-14T15:46:18.458054523Z: [    1.077445] ACPI: PCI Root Bridge [PCI0] (domain 0000 [bus 00-ff])
[STDERR  ] 2017-06-14T15:46:18.458060086Z: [    1.078828] acpi PNP0A08:00: _OSC: OS supports [ExtendedConfig ASPM ClockPM Segments MSI]
[STDERR  ] 2017-06-14T15:46:18.458069388Z: [    1.084812] acpi PNP0A08:00: _OSC: OS now controls [PCIeHotplug PME PCIeCapability]
[STDERR  ] 2017-06-14T15:46:18.458075361Z: [    1.088697] PCI host bridge to bus 0000:00
[STDERR  ] 2017-06-14T15:46:18.458080858Z: [    1.089387] pci_bus 0000:00: root bus resource [io  0x0000-0x0cf7 window]
[STDERR  ] 2017-06-14T15:46:18.458096706Z: [    1.090185] pci_bus 0000:00: root bus resource [io  0x0d00-0xffff window]
[STDERR  ] 2017-06-14T15:46:18.458102668Z: [    1.090843] pci_bus 0000:00: root bus resource [mem 0x000a0000-0x000bffff window]
[STDERR  ] 2017-06-14T15:46:18.458117256Z: [    1.091554] pci_bus 0000:00: root bus resource [mem 0xc0000000-0xfebfffff window]
[STDERR  ] 2017-06-14T15:46:18.458122896Z: [    1.092470] pci_bus 0000:00: root bus resource [bus 00-ff]
[STDERR  ] 2017-06-14T15:46:18.458125781Z: [    1.182295] pci 0000:00:1f.0: quirk: [io  0x0600-0x067f] claimed by ICH6 ACPI/GPIO/TCO
[STDERR  ] 2017-06-14T15:46:18.458134016Z: [    1.240580] ACPI: PCI Interrupt Link [LNKA] (IRQs 5 *10 11)
[STDERR  ] 2017-06-14T15:46:18.45813949Z: [    1.243100] ACPI: PCI Interrupt Link [LNKB] (IRQs 5 *10 11)
[STDERR  ] 2017-06-14T15:46:18.458142221Z: [    1.245049] ACPI: PCI Interrupt Link [LNKC] (IRQs 5 10 *11)
[STDERR  ] 2017-06-14T15:46:18.458155571Z: [    1.247041] ACPI: PCI Interrupt Link [LNKD] (IRQs 5 10 *11)
[STDERR  ] 2017-06-14T15:46:18.458161281Z: [    1.249017] ACPI: PCI Interrupt Link [LNKE] (IRQs 5 *10 11)
[STDERR  ] 2017-06-14T15:46:18.4581667Z: [    1.251767] ACPI: PCI Interrupt Link [LNKF] (IRQs 5 *10 11)
[STDERR  ] 2017-06-14T15:46:18.45817401Z: [    1.253740] ACPI: PCI Interrupt Link [LNKG] (IRQs 5 10 *11)
[STDERR  ] 2017-06-14T15:46:18.458179746Z: [    1.255712] ACPI: PCI Interrupt Link [LNKH] (IRQs 5 10 *11)
[STDERR  ] 2017-06-14T15:46:18.4581935Z: [    1.256879] ACPI: PCI Interrupt Link [GSIA] (IRQs *16)
[STDERR  ] 2017-06-14T15:46:18.458199156Z: [    1.257819] ACPI: PCI Interrupt Link [GSIB] (IRQs *17)
[STDERR  ] 2017-06-14T15:46:18.458204668Z: [    1.258678] ACPI: PCI Interrupt Link [GSIC] (IRQs *18)
[STDERR  ] 2017-06-14T15:46:18.458210018Z: [    1.259550] ACPI: PCI Interrupt Link [GSID] (IRQs *19)
[STDERR  ] 2017-06-14T15:46:18.458218253Z: [    1.260613] ACPI: PCI Interrupt Link [GSIE] (IRQs *20)
[STDERR  ] 2017-06-14T15:46:18.458224114Z: [    1.261491] ACPI: PCI Interrupt Link [GSIF] (IRQs *21)
[STDERR  ] 2017-06-14T15:46:18.458226906Z: [    1.262389] ACPI: PCI Interrupt Link [GSIG] (IRQs *22)
[STDERR  ] 2017-06-14T15:46:18.45823222Z: [    1.263398] ACPI: PCI Interrupt Link [GSIH] (IRQs *23)
[STDERR  ] 2017-06-14T15:46:18.458240374Z: [    1.267930] ACPI: Enabled 2 GPEs in block 00 to 3F
[STDERR  ] 2017-06-14T15:46:18.45824592Z: [    1.272781] SCSI subsystem initialized
[STDERR  ] 2017-06-14T15:46:18.458254894Z: [    1.276288] pps_core: LinuxPPS API ver. 1 registered
[STDERR  ] 2017-06-14T15:46:18.458269926Z: [    1.276803] pps_core: Software ver. 5.3.6 - Copyright 2005-2007 Rodolfo Giometti <giometti@linux.it>
[STDERR  ] 2017-06-14T15:46:18.458275456Z: [    1.277954] PTP clock support registered
[STDERR  ] 2017-06-14T15:46:18.458284223Z: [    1.279466] wmi: Mapper loaded
[STDERR  ] 2017-06-14T15:46:18.458292763Z: [    1.280903] PCI: Using ACPI for IRQ routing
[STDERR  ] 2017-06-14T15:46:18.458298374Z: [    1.299224] NetLabel: Initializing
[STDERR  ] 2017-06-14T15:46:18.458303814Z: [    1.299679] NetLabel:  domain hash size = 128
[STDERR  ] 2017-06-14T15:46:18.45830663Z: [    1.300246] NetLabel:  protocols = UNLABELED CIPSOv4
[STDERR  ] 2017-06-14T15:46:18.458311956Z: [    1.302194] NetLabel:  unlabeled traffic allowed by default
[STDERR  ] 2017-06-14T15:46:18.458320298Z: [    1.303481] HPET: 3 timers in total, 0 timers will be used for per-cpu timer
[STDERR  ] 2017-06-14T15:46:18.45832572Z: [    1.304516] hpet0: at MMIO 0xfed00000, IRQs 2, 8, 0
[STDERR  ] 2017-06-14T15:46:18.458343931Z: [    1.305160] hpet0: 3 comparators, 64-bit 100.000000 MHz counter
[STDERR  ] 2017-06-14T15:46:18.45834989Z: [    1.310341] amd_nb: Cannot enumerate AMD northbridges
[STDERR  ] 2017-06-14T15:46:18.458355408Z: [    1.311650] clocksource: Switched to clocksource hpet
[STDERR  ] 2017-06-14T15:46:18.458358294Z: [    1.552617] FS-Cache: Loaded
[STDERR  ] 2017-06-14T15:46:18.458366726Z: [    1.556619] CacheFiles: Loaded
[STDERR  ] 2017-06-14T15:46:18.458369534Z: [    1.558957] pnp: PnP ACPI init
[STDERR  ] 2017-06-14T15:46:18.458381841Z: [    1.570878] pnp: PnP ACPI: found 5 devices
[STDERR  ] 2017-06-14T15:46:18.458387461Z: [    1.617970] clocksource: acpi_pm: mask: 0xffffff max_cycles: 0xffffff, max_idle_ns: 2085701024 ns
[STDERR  ] 2017-06-14T15:46:18.458393028Z: [    1.621025] NET: Registered protocol family 2
[STDERR  ] 2017-06-14T15:46:18.458398661Z: [    1.628207] TCP established hash table entries: 8192 (order: 4, 65536 bytes)
[STDERR  ] 2017-06-14T15:46:18.458404334Z: [    1.629440] TCP bind hash table entries: 8192 (order: 5, 131072 bytes)
[STDERR  ] 2017-06-14T15:46:18.458578136Z: [    1.630639] TCP: Hash tables configured (established 8192 bind 8192)
[STDERR  ] 2017-06-14T15:46:18.458585881Z: [    1.632381] UDP hash table entries: 512 (order: 2, 16384 bytes)
[STDERR  ] 2017-06-14T15:46:18.458591578Z: [    1.633197] UDP-Lite hash table entries: 512 (order: 2, 16384 bytes)
[STDERR  ] 2017-06-14T15:46:18.458597273Z: [    1.635822] NET: Registered protocol family 1
[STDERR  ] 2017-06-14T15:46:18.458602896Z: [    1.639801] RPC: Registered named UNIX socket transport module.
[STDERR  ] 2017-06-14T15:46:18.458608514Z: [    1.640864] RPC: Registered udp transport module.
[STDERR  ] 2017-06-14T15:46:18.458614044Z: [    1.641322] RPC: Registered tcp transport module.
[STDERR  ] 2017-06-14T15:46:18.458621138Z: [    1.641769] RPC: Registered tcp NFSv4.1 backchannel transport module.
[STDERR  ] 2017-06-14T15:46:18.458627151Z: [    1.648621] Unpacking initramfs...
[STDERR  ] 2017-06-14T15:46:18.458632681Z: [    6.307783] Freeing initrd memory: 33232K (ffff88003df5c000 - ffff88003ffd0000)
[STDERR  ] 2017-06-14T15:46:18.458638246Z: [    6.330306] PCLMULQDQ-NI instructions are not detected.
[STDERR  ] 2017-06-14T15:46:18.458819476Z: [    6.332029] AVX or AES-NI instructions are not detected.
[STDERR  ] 2017-06-14T15:46:18.458825226Z: [    6.332751] CPU feature 'AVX registers' is not supported.
[STDERR  ] 2017-06-14T15:46:18.45883086Z: [    6.333326] CPU feature 'AVX registers' is not supported.
[STDERR  ] 2017-06-14T15:46:18.458848846Z: [    6.333997] CPU feature 'AVX registers' is not supported.
[STDERR  ] 2017-06-14T15:46:18.458854936Z: [    6.334571] CPU feature 'AVX registers' is not supported.
[STDERR  ] 2017-06-14T15:46:18.458860576Z: [    6.335211] AVX2 or AES-NI instructions are not detected.
[STDERR  ] 2017-06-14T15:46:18.45886624Z: [    6.335845] AVX2 instructions are not detected.
[STDERR  ] 2017-06-14T15:46:18.458887924Z: [    6.343268] audit: initializing netlink subsys (disabled)
[STDERR  ] 2017-06-14T15:46:18.458894676Z: [    6.344947] audit: type=2000 audit(1497455143.340:1): initialized
[STDERR  ] 2017-06-14T15:46:18.458900361Z: [    6.352653] HugeTLB registered 2 MB page size, pre-allocated 0 pages
[STDERR  ] 2017-06-14T15:46:18.458906291Z: [    6.356672] VFS: Disk quotas dquot_6.6.0
[STDERR  ] 2017-06-14T15:46:18.458911928Z: [    6.357572] VFS: Dquot-cache hash table entries: 512 (order 0, 4096 bytes)
[STDERR  ] 2017-06-14T15:46:18.458917496Z: [    6.363929] FS-Cache: Netfs 'nfs' registered for caching
[STDERR  ] 2017-06-14T15:46:18.458922971Z: [    6.366067] NFS: Registering the id_resolver key type
[STDERR  ] 2017-06-14T15:46:18.458928474Z: [    6.367571] Key type id_resolver registered
[STDERR  ] 2017-06-14T15:46:18.458933928Z: [    6.368023] Key type id_legacy registered
[STDERR  ] 2017-06-14T15:46:18.458939508Z: [    6.368639] nfs4filelayout_init: NFSv4 File Layout Driver Registering...
[STDERR  ] 2017-06-14T15:46:18.45894518Z: [    6.370517] Installing knfsd (copyright (C) 1996 okir@monad.swb.de).
[STDERR  ] 2017-06-14T15:46:18.458959581Z: [    6.373917] FS-Cache: Netfs 'cifs' registered for caching
[STDERR  ] 2017-06-14T15:46:18.458968306Z: [    6.375064] ntfs: driver 2.1.32 [Flags: R/O].
[STDERR  ] 2017-06-14T15:46:18.458973823Z: [    6.375794] fuse init (API version 7.23)
[STDERR  ] 2017-06-14T15:46:18.458979396Z: [    6.381143] SGI XFS with ACLs, security attributes, no debug enabled
[STDERR  ] 2017-06-14T15:46:18.458984951Z: [    6.384103] 9p: Installing v9fs 9p2000 file system support
[STDERR  ] 2017-06-14T15:46:18.458995996Z: [    6.384824] FS-Cache: Netfs '9p' registered for caching
[STDERR  ] 2017-06-14T15:46:18.458999121Z: [    6.386755] Key type big_key registered
[STDERR  ] 2017-06-14T15:46:18.459004808Z: [    6.417780] NET: Registered protocol family 38
[STDERR  ] 2017-06-14T15:46:18.459013126Z: [    6.418792] Key type asymmetric registered
[STDERR  ] 2017-06-14T15:46:18.45901598Z: [    6.419264] Asymmetric key parser 'x509' registered
[STDERR  ] 2017-06-14T15:46:18.459038973Z: [    6.421627] Block layer SCSI generic (bsg) driver version 0.4 loaded (major 251)
[STDERR  ] 2017-06-14T15:46:18.459043524Z: [    6.423306] io scheduler noop registered
[STDERR  ] 2017-06-14T15:46:18.459052206Z: [    6.423785] io scheduler deadline registered (default)
[STDERR  ] 2017-06-14T15:46:18.459057884Z: [    6.424700] io scheduler cfq registered
[STDERR  ] 2017-06-14T15:46:18.459063438Z: [    6.427511] pci_hotplug: PCI Hot Plug PCI Core version: 0.5
[STDERR  ] 2017-06-14T15:46:18.459071233Z: [    6.428316] pciehp: PCI Express Hot Plug Controller Driver version: 0.4
[STDERR  ] 2017-06-14T15:46:18.45907729Z: [    6.429470] shpchp: Standard Hot Plug PCI Controller Driver version: 0.4
[STDERR  ] 2017-06-14T15:46:18.459083006Z: [    6.432246] hv_vmbus: registering driver hyperv_fb
[STDERR  ] 2017-06-14T15:46:18.459088878Z: [    6.435653] input: Power Button as /devices/LNXSYSTM:00/LNXPWRBN:00/input/input0
[STDERR  ] 2017-06-14T15:46:18.459091778Z: [    6.437018] ACPI: Power Button [PWRF]
[STDERR  ] 2017-06-14T15:46:18.459107021Z: [    6.442326] GHES: HEST is not enabled!
[STDERR  ] 2017-06-14T15:46:18.459116476Z: [    6.453390] ACPI: PCI Interrupt Link [GSIH] enabled at IRQ 23
[STDERR  ] 2017-06-14T15:46:18.459122048Z: [    6.459623] xenfs: not registering filesystem on non-xen platform
[STDERR  ] 2017-06-14T15:46:18.459127726Z: [    6.462633] Serial: 8250/16550 driver, 4 ports, IRQ sharing disabled
[STDERR  ] 2017-06-14T15:46:18.459130698Z: [    6.489230] 00:04: ttyS0 at I/O 0x3f8 (irq = 4, base_baud = 115200) is a 16550A
[STDERR  ] 2017-06-14T15:46:18.459138883Z: [    6.497216] Initializing Nozomi driver 2.1d
[STDERR  ] 2017-06-14T15:46:18.459144561Z: [    6.502628] Non-volatile memory driver v1.3
[STDERR  ] 2017-06-14T15:46:18.45914742Z: [    6.509732] Hangcheck: starting hangcheck timer 0.9.1 (tick is 180 seconds, margin is 60 seconds).
[STDERR  ] 2017-06-14T15:46:18.459156243Z: [    6.555533] loop: module loaded
[STDERR  ] 2017-06-14T15:46:18.459164876Z: [    6.567928] nbd: registered device at major 43
[STDERR  ] 2017-06-14T15:46:18.459171228Z: [    6.611465] lpc_ich 0000:00:1f.0: I/O space for GPIO uninitialized
[STDERR  ] 2017-06-14T15:46:18.459184946Z: [    6.613603] VMware PVSCSI driver - version 1.0.5.0-k
[STDERR  ] 2017-06-14T15:46:18.459188278Z: [    6.614617] hv_vmbus: registering driver hv_storvsc
[STDERR  ] 2017-06-14T15:46:18.45919655Z: [    6.624609] ACPI: PCI Interrupt Link [GSIA] enabled at IRQ 16
[STDERR  ] 2017-06-14T15:46:18.459205056Z: [    6.630961] ahci 0000:00:1f.2: AHCI 0001.0000 32 slots 6 ports 1.5 Gbps 0x3f impl SATA mode
[STDERR  ] 2017-06-14T15:46:18.45921062Z: [    6.632071] ahci 0000:00:1f.2: flags: 64bit ncq only 
[STDERR  ] 2017-06-14T15:46:18.459218104Z: [    6.655949] scsi host0: ahci
[STDERR  ] 2017-06-14T15:46:18.4592259Z: [    6.659203] scsi host1: ahci
[STDERR  ] 2017-06-14T15:46:18.459231968Z: [    6.661600] scsi host2: ahci
[STDERR  ] 2017-06-14T15:46:18.45923748Z: [    6.663892] scsi host3: ahci
[STDERR  ] 2017-06-14T15:46:18.459243056Z: [    6.666140] scsi host4: ahci
[STDERR  ] 2017-06-14T15:46:18.459248566Z: [    6.668416] scsi host5: ahci
[STDERR  ] 2017-06-14T15:46:18.459259051Z: [    6.670556] ata1: SATA max UDMA/133 abar m4096@0xfebf1000 port 0xfebf1100 irq 24
[STDERR  ] 2017-06-14T15:46:18.459268114Z: [    6.671352] ata2: SATA max UDMA/133 abar m4096@0xfebf1000 port 0xfebf1180 irq 24
[STDERR  ] 2017-06-14T15:46:18.459273718Z: [    6.672055] ata3: SATA max UDMA/133 abar m4096@0xfebf1000 port 0xfebf1200 irq 24
[STDERR  ] 2017-06-14T15:46:18.459277826Z: [    6.672717] ata4: SATA max UDMA/133 abar m4096@0xfebf1000 port 0xfebf1280 irq 24
[STDERR  ] 2017-06-14T15:46:18.459289884Z: [    6.673377] ata5: SATA max UDMA/133 abar m4096@0xfebf1000 port 0xfebf1300 irq 24
[STDERR  ] 2017-06-14T15:46:18.459292811Z: [    6.674049] ata6: SATA max UDMA/133 abar m4096@0xfebf1000 port 0xfebf1380 irq 24
[STDERR  ] 2017-06-14T15:46:18.459299588Z: [    6.683785] Ethernet Channel Bonding Driver: v3.7.1 (April 27, 2011)
[STDERR  ] 2017-06-14T15:46:18.459308401Z: [    6.703203] tun: Universal TUN/TAP device driver, 1.6
[STDERR  ] 2017-06-14T15:46:18.459314036Z: [    6.703832] tun: (C) 1999-2004 Max Krasnyansky <maxk@qualcomm.com>
[STDERR  ] 2017-06-14T15:46:18.459319666Z: [    6.706196] e1000: Intel(R) PRO/1000 Network Driver - version 7.3.21-k8-NAPI
[STDERR  ] 2017-06-14T15:46:18.459325276Z: [    6.706879] e1000: Copyright (c) 1999-2006 Intel Corporation.
[STDERR  ] 2017-06-14T15:46:18.459339476Z: [    6.714646] ACPI: PCI Interrupt Link [GSIG] enabled at IRQ 22
[STDERR  ] 2017-06-14T15:46:18.459345178Z: [    7.035213] e1000 0000:00:02.0 eth0: (PCI:33MHz:32-bit) 52:54:00:12:34:56
[STDERR  ] 2017-06-14T15:46:18.459350773Z: [    7.036491] e1000 0000:00:02.0 eth0: Intel(R) PRO/1000 Network Connection
[STDERR  ] 2017-06-14T15:46:18.45935652Z: [    7.037924] e1000e: Intel(R) PRO/1000 Network Driver - 3.2.6-k
[STDERR  ] 2017-06-14T15:46:18.459359374Z: [    7.038546] e1000e: Copyright(c) 1999 - 2015 Intel Corporation.
[STDERR  ] 2017-06-14T15:46:18.459370066Z: [    7.039639] igb: Intel(R) Gigabit Ethernet Network Driver - version 5.3.0-k
[STDERR  ] 2017-06-14T15:46:18.45937619Z: [    7.040902] igb: Copyright (c) 2007-2014 Intel Corporation.
[STDERR  ] 2017-06-14T15:46:18.459380091Z: [    7.042219] igbvf: Intel(R) Gigabit Virtual Function Network Driver - version 2.0.2-k
[STDERR  ] 2017-06-14T15:46:18.45938887Z: [    7.042952] igbvf: Copyright (c) 2009 - 2012 Intel Corporation.
[STDERR  ] 2017-06-14T15:46:18.459397041Z: [    7.044019] ixgbe: Intel(R) 10 Gigabit PCI Express Network Driver - version 4.2.1-k
[STDERR  ] 2017-06-14T15:46:18.459410578Z: [    7.044711] ixgbe: Copyright (c) 1999-2015 Intel Corporation.
[STDERR  ] 2017-06-14T15:46:18.459416931Z: [    7.045931] ixgbevf: Intel(R) 10 Gigabit PCI Express Virtual Function Network Driver - version 2.12.1-k
[STDERR  ] 2017-06-14T15:46:18.459422664Z: [    7.046777] ixgbevf: Copyright (c) 2009 - 2012 Intel Corporation.
[STDERR  ] 2017-06-14T15:46:18.4594315Z: [    7.047818] ixgb: Intel(R) PRO/10GbE Network Driver - version 1.0.135-k2-NAPI
[STDERR  ] 2017-06-14T15:46:18.45943506Z: [    7.048484] ixgb: Copyright (c) 1999-2008 Intel Corporation.
[STDERR  ] 2017-06-14T15:46:18.459443866Z: [    7.049806] PPP generic driver version 2.4.2
[STDERR  ] 2017-06-14T15:46:18.459448976Z: [    7.051798] PPP BSD Compression module registered
[STDERR  ] 2017-06-14T15:46:18.459458108Z: [    7.052358] PPP Deflate Compression module registered
[STDERR  ] 2017-06-14T15:46:18.459461081Z: [    7.053197] PPP MPPE Compression module registered
[STDERR  ] 2017-06-14T15:46:18.45946937Z: [    7.053756] NET: Registered protocol family 24
[STDERR  ] 2017-06-14T15:46:18.459476021Z: [    7.054704] PPTP driver version 0.8.5
[STDERR  ] 2017-06-14T15:46:18.459487376Z: [    7.056196] VMware vmxnet3 virtual NIC driver - version 1.4.5.0-k-NAPI
[STDERR  ] 2017-06-14T15:46:18.459496551Z: [    7.057409] hv_vmbus: registering driver hv_netvsc
[STDERR  ] 2017-06-14T15:46:18.459499506Z: [    7.057927] Fusion MPT base driver 3.04.20
[STDERR  ] 2017-06-14T15:46:18.45950788Z: [    7.058427] Copyright (c) 1999-2008 LSI Corporation
[STDERR  ] 2017-06-14T15:46:18.459510694Z: [    7.059274] Fusion MPT SPI Host driver 3.04.20
[STDERR  ] 2017-06-14T15:46:18.459518976Z: [    7.066068] aoe: AoE v85 initialised.
[STDERR  ] 2017-06-14T15:46:18.459524558Z: [    7.069200] i8042: PNP: PS/2 Controller [PNP0303:KBD,PNP0f13:MOU] at 0x60,0x64 irq 1,12
[STDERR  ] 2017-06-14T15:46:18.459531838Z: [    7.074304] serio: i8042 KBD port at 0x60,0x64 irq 1
[STDERR  ] 2017-06-14T15:46:18.45954003Z: [    7.075433] serio: i8042 AUX port at 0x60,0x64 irq 12
[STDERR  ] 2017-06-14T15:46:18.459549098Z: [    7.079109] hv_vmbus: registering driver hyperv_keyboard
[STDERR  ] 2017-06-14T15:46:18.45956311Z: [    7.082395] mousedev: PS/2 mouse device common for all mice
[STDERR  ] 2017-06-14T15:46:18.459569298Z: [    7.088397] input: AT Translated Set 2 keyboard as /devices/platform/i8042/serio0/input/input1
[STDERR  ] 2017-06-14T15:46:18.459574973Z: [    7.095496] input: PC Speaker as /devices/platform/pcspkr/input/input2
[STDERR  ] 2017-06-14T15:46:18.459580526Z: [    7.102364] ata1: SATA link down (SStatus 0 SControl 300)
[STDERR  ] 2017-06-14T15:46:18.459588904Z: [    7.107772] ata2: SATA link down (SStatus 0 SControl 300)
[STDERR  ] 2017-06-14T15:46:18.459594696Z: [    7.111398] ata3: SATA link up 1.5 Gbps (SStatus 113 SControl 300)
[STDERR  ] 2017-06-14T15:46:18.459600306Z: [    7.118349] ata3.00: ATAPI: QEMU DVD-ROM, 2.5+, max UDMA/100
[STDERR  ] 2017-06-14T15:46:18.459603226Z: [    7.119609] ata3.00: applying bridge limits
[STDERR  ] 2017-06-14T15:46:18.459608736Z: [    7.121770] ata4: SATA link down (SStatus 0 SControl 300)
[STDERR  ] 2017-06-14T15:46:18.459617083Z: [    7.122725] ata5: SATA link down (SStatus 0 SControl 300)
[STDERR  ] 2017-06-14T15:46:18.459622643Z: [    7.123432] ata6: SATA link down (SStatus 0 SControl 300)
[STDERR  ] 2017-06-14T15:46:18.459637593Z: [    7.127959] rtc_cmos 00:00: RTC can wake from S4
[STDERR  ] 2017-06-14T15:46:18.45964376Z: [    7.132661] rtc_cmos 00:00: rtc core: registered rtc_cmos as rtc0
[STDERR  ] 2017-06-14T15:46:18.459649431Z: [    7.134234] rtc_cmos 00:00: alarms up to one day, y3k, 114 bytes nvram, hpet irqs
[STDERR  ] 2017-06-14T15:46:18.459655093Z: [    7.135308] i2c /dev entries driver
[STDERR  ] 2017-06-14T15:46:18.459660756Z: [    7.136938] ata3.00: configured for UDMA/100
[STDERR  ] 2017-06-14T15:46:18.459666426Z: [    7.141388] device-mapper: ioctl: 4.34.0-ioctl (2015-10-28) initialised: dm-devel@redhat.com
[STDERR  ] 2017-06-14T15:46:18.459672141Z: [    7.151026] scsi 2:0:0:0: CD-ROM            QEMU     QEMU DVD-ROM     2.5+ PQ: 0 ANSI: 5
[STDERR  ] 2017-06-14T15:46:18.45967514Z: [    7.156379] hv_utils: Registering HyperV Utility Driver
[STDERR  ] 2017-06-14T15:46:18.459683664Z: [    7.156918] hv_vmbus: registering driver hv_util
[STDERR  ] 2017-06-14T15:46:18.459686503Z: [    7.157429] hv_vmbus: registering driver hv_balloon
[STDERR  ] 2017-06-14T15:46:18.459694941Z: [    7.158233] oprofile: using NMI interrupt.
[STDERR  ] 2017-06-14T15:46:18.459700101Z: [    7.165110] GACT probability on
[STDERR  ] 2017-06-14T15:46:18.459717086Z: [    7.166031] Mirror/redirect action on
[STDERR  ] 2017-06-14T15:46:18.45972647Z: [    7.166716] Simple TC action Loaded
[STDERR  ] 2017-06-14T15:46:18.459731994Z: [    7.173179] sr 2:0:0:0: [sr0] scsi3-mmc drive: 4x/4x cd/rw xa/form2 tray
[STDERR  ] 2017-06-14T15:46:18.459737484Z: [    7.174280] cdrom: Uniform CD-ROM driver Revision: 3.20
[STDERR  ] 2017-06-14T15:46:18.459744561Z: [    7.177413] netem: version 1.3
[STDERR  ] 2017-06-14T15:46:18.459750174Z: [    7.177999] u32 classifier
[STDERR  ] 2017-06-14T15:46:18.459752998Z: [    7.178299]     Performance counters on
[STDERR  ] 2017-06-14T15:46:18.45976355Z: [    7.178667]     input device check on
[STDERR  ] 2017-06-14T15:46:18.459769058Z: [    7.179006]     Actions configured
[STDERR  ] 2017-06-14T15:46:18.459771821Z: [    7.180004] Netfilter messages via NETLINK v0.30.
[STDERR  ] 2017-06-14T15:46:18.459788296Z: [    7.186381] nfnl_acct: registering with nfnetlink.
[STDERR  ] 2017-06-14T15:46:18.459794573Z: [    7.188094] nf_conntrack version 0.5.0 (7904 buckets, 31616 max)
[STDERR  ] 2017-06-14T15:46:18.45980023Z: [    7.190604] sr 2:0:0:0: Attached scsi generic sg0 type 5
[STDERR  ] 2017-06-14T15:46:18.459803126Z: [    7.195433] ctnetlink v0.93: registering with nfnetlink.
[STDERR  ] 2017-06-14T15:46:18.459808584Z: [    7.198981] nf_tables: (c) 2007-2009 Patrick McHardy <kaber@trash.net>
[STDERR  ] 2017-06-14T15:46:18.459818326Z: [    7.200596] nf_tables_compat: (c) 2012 Pablo Neira Ayuso <pablo@netfilter.org>
[STDERR  ] 2017-06-14T15:46:18.459827563Z: [    7.204275] xt_time: kernel timezone is -0000
[STDERR  ] 2017-06-14T15:46:18.45983051Z: [    7.205107] ip_set: protocol 6
[STDERR  ] 2017-06-14T15:46:18.459837321Z: [    7.206528] IPVS: Registered protocols (TCP, UDP, SCTP, AH, ESP)
[STDERR  ] 2017-06-14T15:46:18.45985174Z: [    7.207439] IPVS: Connection hash table configured (size=4096, memory=64Kbytes)
[STDERR  ] 2017-06-14T15:46:18.459862124Z: [    7.209410] IPVS: Creating netns size=2096 id=0
[STDERR  ] 2017-06-14T15:46:18.459871848Z: [    7.212481] IPVS: ipvs loaded.
[STDERR  ] 2017-06-14T15:46:18.459877746Z: [    7.213113] IPVS: [rr] scheduler registered.
[STDERR  ] 2017-06-14T15:46:18.459883361Z: [    7.213597] IPVS: [wrr] scheduler registered.
[STDERR  ] 2017-06-14T15:46:18.45988788Z: [    7.214125] IPVS: [lc] scheduler registered.
[STDERR  ] 2017-06-14T15:46:18.45989663Z: [    7.214602] IPVS: [wlc] scheduler registered.
[STDERR  ] 2017-06-14T15:46:18.459899506Z: [    7.215298] IPVS: [fo] scheduler registered.
[STDERR  ] 2017-06-14T15:46:18.459907766Z: [    7.215950] IPVS: [ovf] scheduler registered.
[STDERR  ] 2017-06-14T15:46:18.459913233Z: [    7.216889] IPVS: [lblc] scheduler registered.
[STDERR  ] 2017-06-14T15:46:18.459915973Z: [    7.218008] IPVS: [lblcr] scheduler registered.
[STDERR  ] 2017-06-14T15:46:18.459924506Z: [    7.218967] IPVS: [dh] scheduler registered.
[STDERR  ] 2017-06-14T15:46:18.459929948Z: [    7.219845] IPVS: [sh] scheduler registered.
[STDERR  ] 2017-06-14T15:46:18.459948143Z: [    7.221603] IPVS: [sed] scheduler registered.
[STDERR  ] 2017-06-14T15:46:18.459951096Z: [    7.222446] IPVS: [nq] scheduler registered.
[STDERR  ] 2017-06-14T15:46:18.459956506Z: [    7.224048] IPVS: ftp: loaded support on port[0] = 21
[STDERR  ] 2017-06-14T15:46:18.459964846Z: [    7.225867] ipip: IPv4 over IPv4 tunneling driver
[STDERR  ] 2017-06-14T15:46:18.459973786Z: [    7.231031] gre: GRE over IPv4 demultiplexor driver
[STDERR  ] 2017-06-14T15:46:18.45997943Z: [    7.231634] ip_gre: GRE over IPv4 tunneling driver
[STDERR  ] 2017-06-14T15:46:18.459984904Z: [    7.237221] IPv4 over IPsec tunneling driver
[STDERR  ] 2017-06-14T15:46:18.459990446Z: [    7.244236] ip_tables: (C) 2000-2006 Netfilter Core Team
[STDERR  ] 2017-06-14T15:46:18.459993304Z: [    7.247749] ipt_CLUSTERIP: ClusterIP Version 0.8 loaded successfully
[STDERR  ] 2017-06-14T15:46:18.459998828Z: [    7.248954] arp_tables: (C) 2002 David S. Miller
[STDERR  ] 2017-06-14T15:46:18.460022518Z: [    7.251716] Initializing XFRM netlink socket
[STDERR  ] 2017-06-14T15:46:18.460027054Z: [    7.253089] NET: Registered protocol family 10
[STDERR  ] 2017-06-14T15:46:18.460035893Z: [    7.265439] mip6: Mobile IPv6
[STDERR  ] 2017-06-14T15:46:18.46003881Z: [    7.266375] ip6_tables: (C) 2000-2006 Netfilter Core Team
[STDERR  ] 2017-06-14T15:46:18.460047126Z: [    7.275112] sit: IPv6 over IPv4 tunneling driver
[STDERR  ] 2017-06-14T15:46:18.460050026Z: [    7.282548] ip6_gre: GRE over IPv6 tunneling driver
[STDERR  ] 2017-06-14T15:46:18.460058173Z: [    7.286329] NET: Registered protocol family 17
[STDERR  ] 2017-06-14T15:46:18.460060921Z: [    7.287275] NET: Registered protocol family 15
[STDERR  ] 2017-06-14T15:46:18.460069948Z: [    7.288291] bridge: automatic filtering via arp/ip/ip6tables has been deprecated. Update your scripts to load br_netfilter if you need this.
[STDERR  ] 2017-06-14T15:46:18.460078723Z: [    7.290640] Bridge firewalling registered
[STDERR  ] 2017-06-14T15:46:18.460089383Z: [    7.291534] Ebtables v2.0 registered
[STDERR  ] 2017-06-14T15:46:18.460098594Z: [    7.295434] l2tp_core: L2TP core driver, V2.0
[STDERR  ] 2017-06-14T15:46:18.46010586Z: [    7.296167] l2tp_ppp: PPPoL2TP kernel driver, V2.0
[STDERR  ] 2017-06-14T15:46:18.460111433Z: [    7.296681] 8021q: 802.1Q VLAN Support v1.8
[STDERR  ] 2017-06-14T15:46:18.460114208Z: [    7.298326] 9pnet: Installing 9P2000 support
[STDERR  ] 2017-06-14T15:46:18.460123791Z: [    7.299380] Key type dns_resolver registered
[STDERR  ] 2017-06-14T15:46:18.460129748Z: [    7.299944] openvswitch: Open vSwitch switching datapath
[STDERR  ] 2017-06-14T15:46:18.460138654Z: [    7.301168] tsc: Refined TSC clocksource calibration: 2600.001 MHz
[STDERR  ] 2017-06-14T15:46:18.46014438Z: [    7.301991] clocksource: tsc: mask: 0xffffffffffffffff max_cycles: 0x257a3ce1c4c, max_idle_ns: 440795206275 ns
[STDERR  ] 2017-06-14T15:46:18.460150031Z: [    7.304629] hv_sock: failed to load: VMBus 4 or later is required
[STDERR  ] 2017-06-14T15:46:18.460155596Z: [    7.305255] mpls_gso: MPLS GSO support
[STDERR  ] 2017-06-14T15:46:18.460169626Z: [    7.305928] microcode: AMD CPU family 0x6 not supported
[STDERR  ] 2017-06-14T15:46:18.460176953Z: [    7.310617] registered taskstats version 1
[STDERR  ] 2017-06-14T15:46:18.460179873Z: [    7.435852] Key type encrypted registered
[STDERR  ] 2017-06-14T15:46:18.460188161Z: [    7.441853] rtc_cmos 00:00: setting system clock to 2017-06-14 15:45:45 UTC (1497455145)
[STDERR  ] 2017-06-14T15:46:18.460193786Z: [    7.581533] Freeing unused kernel memory: 1372K (ffffffff9af71000 - ffffffff9b0c8000)
[STDERR  ] 2017-06-14T15:46:18.460199451Z: [    7.582444] Write protecting the kernel read-only data: 14336k
[STDERR  ] 2017-06-14T15:46:18.460202243Z: [    7.594726] Freeing unused kernel memory: 1172K (ffff88001a8db000 - ffff88001aa00000)
[STDERR  ] 2017-06-14T15:46:18.46021276Z: [    7.673355] Freeing unused kernel memory: 972K (ffff88001ad0d000 - ffff88001ae00000)
[STDERR  ] 2017-06-14T15:46:18.460218816Z: [    8.311404] clocksource: Switched to clocksource tsc
[STDERR  ] 2017-06-14T15:46:18.460224454Z: 
[STDERR  ] 2017-06-14T15:46:18.460227444Z: Starting containerd
[STDERR  ] 2017-06-14T15:46:18.460240028Z: 
[STDERR  ] 2017-06-14T15:46:18.460249504Z: Welcome to LinuxKit
[STDERR  ] 2017-06-14T15:46:18.46025491Z: 
[STDERR  ] 2017-06-14T15:46:18.460257844Z:                         ##         .
[STDERR  ] 2017-06-14T15:46:18.460263398Z:                   ## ## ##        ==
[STDERR  ] 2017-06-14T15:46:18.46027184Z:                ## ## ## ## ##    ===
[STDERR  ] 2017-06-14T15:46:18.46027901Z:            /"""""""""""""""""\___/ ===
[STDERR  ] 2017-06-14T15:46:18.460287046Z:       ~~~ {~~ ~~~~ ~~~ ~~~~ ~~~ ~ /  ===- ~~~
[STDERR  ] 2017-06-14T15:46:18.460292616Z:            \______ o           __/
[STDERR  ] 2017-06-14T15:46:18.460300641Z:              \    \         __/
[STDERR  ] 2017-06-14T15:46:18.46030375Z:               \____\_______/
[STDERR  ] 2017-06-14T15:46:18.460320493Z: 
[STDERR  ] 2017-06-14T15:46:18.460328911Z: [34mINFO[0m[0000] starting containerd boot...                   [34mmodule[0m=containerd
[STDERR  ] 2017-06-14T15:46:18.460332256Z: [34mINFO[0m[0000] starting debug API...                         [34mdebug[0m="/run/containerd/debug.sock" [34mmodule[0m=containerd
[STDERR  ] 2017-06-14T15:46:18.460341073Z: [34mINFO[0m[0000] loading monitor plugin "cgroups"...           [34mmodule[0m=containerd
[STDERR  ] 2017-06-14T15:46:18.46034671Z: [34mINFO[0m[0000] loading runtime plugin "linux"...             [34mmodule[0m=containerd
[STDERR  ] 2017-06-14T15:46:18.460354713Z: [34mINFO[0m[0000] loading snapshot plugin "snapshot-overlay"...  [34mmodule[0m=containerd
[STDERR  ] 2017-06-14T15:46:18.46036038Z: [34mINFO[0m[0000] loading differ plugin "diff-base"...          [34mmodule[0m=containerd
[STDERR  ] 2017-06-14T15:46:18.460363326Z: [34mINFO[0m[0000] loading grpc service plugin "containers-grpc"...  [34mmodule[0m=containerd
[STDERR  ] 2017-06-14T15:46:18.460368726Z: [34mINFO[0m[0000] loading grpc service plugin "diff-grpc"...    [34mmodule[0m=containerd
[STDERR  ] 2017-06-14T15:46:18.460378521Z: [34mINFO[0m[0000] loading grpc service plugin "tasks-grpc"...   [34mmodule[0m=containerd
[STDERR  ] 2017-06-14T15:46:18.460381503Z: [34mINFO[0m[0000] loading grpc service plugin "healthcheck-grpc"...  [34mmodule[0m=containerd
[STDERR  ] 2017-06-14T15:46:18.460485906Z: [34mINFO[0m[0000] loading grpc service plugin "namespaces-grpc"...  [34mmodule[0m=containerd
[STDERR  ] 2017-06-14T15:46:18.460495454Z: [34mINFO[0m[0000] loading grpc service plugin "snapshots-grpc"...  [34mmodule[0m=containerd
[STDERR  ] 2017-06-14T15:46:18.460505433Z: [34mINFO[0m[0000] loading grpc service plugin "version-grpc"...  [34mmodule[0m=containerd
[STDERR  ] 2017-06-14T15:46:18.460511138Z: [34mINFO[0m[0000] loading grpc service plugin "content-grpc"...  [34mmodule[0m=containerd
[STDERR  ] 2017-06-14T15:46:18.460520111Z: [34mINFO[0m[0000] loading grpc service plugin "images-grpc"...  [34mmodule[0m=containerd
[STDERR  ] 2017-06-14T15:46:18.460526264Z: [34mINFO[0m[0000] loading grpc service plugin "metrics-grpc"...  [34mmodule[0m=containerd
[STDERR  ] 2017-06-14T15:46:18.460531866Z: [34mINFO[0m[0000] starting GRPC API server...                   [34mmodule[0m=containerd
[STDERR  ] 2017-06-14T15:46:18.46053746Z: [34mINFO[0m[0000] containerd successfully booted in 0.258084s   [34mmodule[0m=containerd
[STDERR  ] 2017-06-14T15:46:18.460638341Z: starting kernel config sanity test with /proc/config.gz
[STDERR  ] 2017-06-14T15:46:18.460646611Z: kernel config test succeeded!
[STDERR  ] 2017-06-14T15:46:18.460652063Z: [37minfo: reading kernel config from /proc/config.gz ...[m
[STDERR  ] 2017-06-14T15:46:18.460659401Z: 
[STDERR  ] 2017-06-14T15:46:18.460665324Z: Generally Necessary:
[STDERR  ] 2017-06-14T15:46:18.460672511Z: - [37mcgroup hierarchy[m: [32mproperly mounted[m [/sys/fs/cgroup]
[STDERR  ] 2017-06-14T15:46:18.460675511Z: - [37mCONFIG_NAMESPACES[m: [32menabled[m
[STDERR  ] 2017-06-14T15:46:18.46068388Z: - [37mCONFIG_NET_NS[m: [32menabled[m
[STDERR  ] 2017-06-14T15:46:18.460689388Z: - [37mCONFIG_PID_NS[m: [32menabled[m
