[INFO    ] 2018-01-09T12:57:49.391487815Z: Running Test linuxkit.kernel.kmod_4.14.x in /tmp/build/test/cases/020_kernel/016_kmod_4.14.x
[INFO    ] 2018-01-09T12:57:49.391606499Z: Running command: [/bin/sh -x /tmp/build/test/cases/020_kernel/016_kmod_4.14.x/test.sh]
[STDERR  ] 2018-01-09T12:57:49.392229134Z: + set -e
[STDERR  ] 2018-01-09T12:57:49.392294147Z: + . /tmp/build/test/cases/_lib/lib.sh
[STDERR  ] 2018-01-09T12:57:49.392305474Z: + [ -f src/github.com/linuxkit/rtf/lib/lib.sh ]
[STDERR  ] 2018-01-09T12:57:49.392314468Z: + LINUXKIT_TMPDIR=/tmp/build/test/cases/_tmp
[STDERR  ] 2018-01-09T12:57:49.392324398Z: + [ -f /tmp/build/test/cases/_tmp/env.sh ]
[STDERR  ] 2018-01-09T12:57:49.392338407Z: + . /tmp/build/test/cases/_tmp/env.sh
[STDERR  ] 2018-01-09T12:57:49.392349422Z: + export LINUXKIT_EXAMPLES_DIR=/tmp/build/test/cases/../../examples
[STDERR  ] 2018-01-09T12:57:49.392358782Z: + export LINUXKIT_BLUEPRINTS_DIR=/tmp/build/test/cases/../../blueprints
[STDERR  ] 2018-01-09T12:57:49.392368484Z: + RT_CANCEL=253
[STDERR  ] 2018-01-09T12:57:49.392377137Z: + NAME=kmod
[STDERR  ] 2018-01-09T12:57:49.392386135Z: + IMAGE_NAME=kmod-test
[STDERR  ] 2018-01-09T12:57:49.392395528Z: + trap clean_up EXIT
[STDERR  ] 2018-01-09T12:57:49.392404395Z: + docker pull linuxkit/kernel:4.9.75
[STDOUT  ] 2018-01-09T12:57:50.53123636Z: 4.9.75: Pulling from linuxkit/kernel
[STDOUT  ] 2018-01-09T12:57:50.943552394Z: Digest: sha256:49b8e2b4c3c9e50d4fc301ca0fc702bb06b1389308ba8116fbc147bf16bff690
[STDOUT  ] 2018-01-09T12:57:50.943620668Z: Status: Image is up to date for linuxkit/kernel:4.9.75
[STDERR  ] 2018-01-09T12:57:50.94452522Z: + docker build -t kmod-test .
[STDOUT  ] 2018-01-09T12:57:51.006333352Z: Sending build context to Docker daemon  8.704kB
[STDOUT  ] 2018-01-09T12:57:51.10342072Z: Step 1/12 : FROM linuxkit/kernel:4.14.12 AS ksrc
[STDOUT  ] 2018-01-09T12:57:52.175530697Z: 4.14.12: Pulling from linuxkit/kernel
[STDOUT  ] 2018-01-09T12:57:52.566180511Z: Digest: sha256:3776e97540f934f5a8de814766afb32d4e8f06bc7b98d1fd9d6769836f72eed6
[STDOUT  ] 2018-01-09T12:57:52.580653437Z: Status: Downloaded newer image for linuxkit/kernel:4.14.12
[STDOUT  ] 2018-01-09T12:57:52.580964272Z:  ---> 4d75e0cef98e
[STDOUT  ] 2018-01-09T12:57:52.58098534Z: Step 2/12 : FROM linuxkit/alpine:d307c8a386fa3f32cddda9409b9687e191cdd6f1 AS build
[STDOUT  ] 2018-01-09T12:57:52.581449749Z:  ---> 4d01d9a77113
[STDOUT  ] 2018-01-09T12:57:52.581471204Z: Step 3/12 : RUN apk add build-base libelf-dev
[STDOUT  ] 2018-01-09T12:57:52.581776336Z:  ---> Using cache
[STDOUT  ] 2018-01-09T12:57:52.581792072Z:  ---> eedc5f7a4f8e
[STDOUT  ] 2018-01-09T12:57:52.581859975Z: Step 4/12 : COPY --from=ksrc /kernel-dev.tar /
[STDOUT  ] 2018-01-09T12:57:54.564464785Z:  ---> cc61311e48ab
[STDOUT  ] 2018-01-09T12:57:54.584863821Z: Removing intermediate container 950eb35b56a8
[STDOUT  ] 2018-01-09T12:57:54.58492764Z: Step 5/12 : RUN tar xf kernel-dev.tar
[STDOUT  ] 2018-01-09T12:57:54.656840675Z:  ---> Running in fbf06f095354
[STDOUT  ] 2018-01-09T12:58:00.669186259Z:  ---> f80ed2ba447d
[STDOUT  ] 2018-01-09T12:58:01.059607543Z: Removing intermediate container fbf06f095354
[STDOUT  ] 2018-01-09T12:58:01.059661886Z: Step 6/12 : WORKDIR /kmod
[STDOUT  ] 2018-01-09T12:58:01.372978488Z:  ---> 6d5a54e0f38b
[STDOUT  ] 2018-01-09T12:58:01.384254792Z: Removing intermediate container a8ad44909a81
[STDOUT  ] 2018-01-09T12:58:01.384308545Z: Step 7/12 : COPY ./src/* ./
[STDOUT  ] 2018-01-09T12:58:01.864560006Z:  ---> 818b14be0208
[STDOUT  ] 2018-01-09T12:58:01.870238106Z: Removing intermediate container 265f1c69efc7
[STDOUT  ] 2018-01-09T12:58:01.870276973Z: Step 8/12 : RUN make all
[STDOUT  ] 2018-01-09T12:58:01.950066141Z:  ---> Running in 5190c7c99df5
[STDOUT  ] 2018-01-09T12:58:02.214249856Z: make -C /usr/src/linux-headers-4.14.12-linuxkit M=/kmod modules
[STDOUT  ] 2018-01-09T12:58:02.2156684Z: make[1]: Entering directory '/usr/src/linux-headers-4.14.12-linuxkit'
[STDOUT  ] 2018-01-09T12:58:02.217463949Z: [91mgetconf: LFS_CFLAGS: unknown variable
[STDOUT  ] 2018-01-09T12:58:02.217633228Z: [0m[91mgetconf: LFS_LDFLAGS: unknown variable
[STDOUT  ] 2018-01-09T12:58:02.217885361Z: [0m[91mgetconf: LFS_LIBS: unknown variable
[STDOUT  ] 2018-01-09T12:58:03.232497133Z: [0m  CC [M]  /kmod/hello_world.o
[STDOUT  ] 2018-01-09T12:58:03.450457225Z:   Building modules, stage 2.
[STDOUT  ] 2018-01-09T12:58:03.459189398Z:   MODPOST 1 modules
[STDOUT  ] 2018-01-09T12:58:03.47337246Z:   CC      /kmod/hello_world.mod.o
[STDOUT  ] 2018-01-09T12:58:03.658999939Z:   LD [M]  /kmod/hello_world.ko
[STDOUT  ] 2018-01-09T12:58:03.662078494Z: make[1]: Leaving directory '/usr/src/linux-headers-4.14.12-linuxkit'
[STDOUT  ] 2018-01-09T12:58:04.072922443Z:  ---> 4f88f949406b
[STDOUT  ] 2018-01-09T12:58:04.079841155Z: Removing intermediate container 5190c7c99df5
[STDOUT  ] 2018-01-09T12:58:04.079897267Z: Step 9/12 : FROM alpine:3.7
[STDOUT  ] 2018-01-09T12:58:04.080660552Z:  ---> e21c333399e0
[STDOUT  ] 2018-01-09T12:58:04.080689974Z: Step 10/12 : COPY --from=build /kmod/hello_world.ko /
[STDOUT  ] 2018-01-09T12:58:04.472600152Z:  ---> 67fd09183d77
[STDOUT  ] 2018-01-09T12:58:04.478435162Z: Removing intermediate container 4075f08e2af0
[STDOUT  ] 2018-01-09T12:58:04.478489518Z: Step 11/12 : COPY check.sh /check.sh
[STDOUT  ] 2018-01-09T12:58:04.824508203Z:  ---> 7ec0796feb1e
[STDOUT  ] 2018-01-09T12:58:04.829798244Z: Removing intermediate container 879bf78d992d
[STDOUT  ] 2018-01-09T12:58:04.829835923Z: Step 12/12 : ENTRYPOINT /bin/sh /check.sh
[STDOUT  ] 2018-01-09T12:58:04.902126555Z:  ---> Running in 2b88470d3f31
[STDOUT  ] 2018-01-09T12:58:05.057179953Z:  ---> 64444292586d
[STDOUT  ] 2018-01-09T12:58:05.062502602Z: Removing intermediate container 2b88470d3f31
[STDOUT  ] 2018-01-09T12:58:05.062543566Z: Successfully built 64444292586d
[STDOUT  ] 2018-01-09T12:58:05.066331814Z: Successfully tagged kmod-test:latest
[STDERR  ] 2018-01-09T12:58:05.099380928Z: + linuxkit build -format kernel+initrd -name kmod test.yml
[STDERR  ] 2018-01-09T12:58:05.125737145Z: Extract kernel image: linuxkit/kernel:4.14.12
[STDERR  ] 2018-01-09T12:58:06.261222932Z: time="2018-01-09T12:58:06Z" level=warning msg="certificate with CN Justin Cormack is near expiry"
[STDERR  ] 2018-01-09T12:58:06.26129164Z: time="2018-01-09T12:58:06Z" level=warning msg="certificate with CN  is near expiry"
[STDERR  ] 2018-01-09T12:58:06.261325643Z: time="2018-01-09T12:58:06Z" level=warning msg="certificate with CN  is near expiry"
[STDERR  ] 2018-01-09T12:58:06.302895518Z: time="2018-01-09T12:58:06Z" level=warning msg="certificate with CN Justin Cormack is near expiry"
[STDERR  ] 2018-01-09T12:58:06.825781703Z: Add init containers:
[STDERR  ] 2018-01-09T12:58:06.825841009Z: Process init image: linuxkit/init:5a577d070817b4f17821657823082651baafd4ed
[STDERR  ] 2018-01-09T12:58:07.859334331Z: time="2018-01-09T12:58:07Z" level=warning msg="certificate with CN  is near expiry"
[STDERR  ] 2018-01-09T12:58:07.859408437Z: time="2018-01-09T12:58:07Z" level=warning msg="certificate with CN  is near expiry"
[STDERR  ] 2018-01-09T12:58:07.859666375Z: time="2018-01-09T12:58:07Z" level=warning msg="certificate with CN Justin Cormack is near expiry"
[STDERR  ] 2018-01-09T12:58:07.863252584Z: time="2018-01-09T12:58:07Z" level=warning msg="certificate with CN Justin Cormack is near expiry"
[STDERR  ] 2018-01-09T12:58:07.864879277Z: time="2018-01-09T12:58:07Z" level=warning msg="certificate with CN  is near expiry"
[STDERR  ] 2018-01-09T12:58:08.03830508Z: Process init image: linuxkit/runc:abc3f292653e64a2fd488e9675ace19a55ec7023
[STDERR  ] 2018-01-09T12:58:09.087017654Z: time="2018-01-09T12:58:09Z" level=warning msg="certificate with CN Justin Cormack is near expiry"
[STDERR  ] 2018-01-09T12:58:09.087146335Z: time="2018-01-09T12:58:09Z" level=warning msg="certificate with CN  is near expiry"
[STDERR  ] 2018-01-09T12:58:09.087218717Z: time="2018-01-09T12:58:09Z" level=warning msg="certificate with CN  is near expiry"
[STDERR  ] 2018-01-09T12:58:09.089213836Z: time="2018-01-09T12:58:09Z" level=warning msg="certificate with CN Justin Cormack is near expiry"
[STDERR  ] 2018-01-09T12:58:09.09055867Z: time="2018-01-09T12:58:09Z" level=warning msg="certificate with CN  is near expiry"
[STDERR  ] 2018-01-09T12:58:09.273574302Z: Add onboot containers:
[STDERR  ] 2018-01-09T12:58:09.273622179Z:   Create OCI config for kmod-test
[STDERR  ] 2018-01-09T12:58:09.414831755Z:   Create OCI config for linuxkit/poweroff:bccfe1cb04fc7bb9f03613d2314f38abd2620f29
[STDERR  ] 2018-01-09T12:58:10.466445128Z: time="2018-01-09T12:58:10Z" level=warning msg="certificate with CN Justin Cormack is near expiry"
[STDERR  ] 2018-01-09T12:58:10.466613259Z: time="2018-01-09T12:58:10Z" level=warning msg="certificate with CN Rolf Neugebauer is near expiry"
[STDERR  ] 2018-01-09T12:58:10.466684997Z: time="2018-01-09T12:58:10Z" level=warning msg="certificate with CN  is near expiry"
[STDERR  ] 2018-01-09T12:58:10.466769857Z: time="2018-01-09T12:58:10Z" level=warning msg="certificate with CN  is near expiry"
[STDERR  ] 2018-01-09T12:58:10.468333888Z: time="2018-01-09T12:58:10Z" level=warning msg="certificate with CN Rolf Neugebauer is near expiry"
[STDERR  ] 2018-01-09T12:58:10.469070682Z: time="2018-01-09T12:58:10Z" level=warning msg="certificate with CN  is near expiry"
[STDERR  ] 2018-01-09T12:58:10.628670834Z: Create outputs:
[STDERR  ] 2018-01-09T12:58:15.022395495Z:   kmod-kernel kmod-initrd.img kmod-cmdline
[STDERR  ] 2018-01-09T12:58:15.068301542Z: + linuxkit run kmod
[STDERR  ] 2018-01-09T12:58:15.090866988Z: Unable to find qemu-system-x86_64 within the $PATH. Using a container
[STDERR  ] 2018-01-09T12:58:35.906724534Z: + RESULT=[    0.000000] Linux version 4.14.12-linuxkit (root@4ff2815afb3e) (gcc version 6.4.0 (Alpine 6.4.0)) #1 SMP Sat Jan 6 11:40:54 UTC 2018
[STDERR  ] 2018-01-09T12:58:35.906783704Z: [    0.000000] Command line: console=ttyS0 console=ttyAMA0
[STDERR  ] 2018-01-09T12:58:35.906796507Z: [    0.000000] x86/fpu: x87 FPU will use FXSAVE
[STDERR  ] 2018-01-09T12:58:35.906807136Z: [    0.000000] e820: BIOS-provided physical RAM map:
[STDERR  ] 2018-01-09T12:58:35.90681853Z: [    0.000000] BIOS-e820: [mem 0x0000000000000000-0x000000000009fbff] usable
[STDERR  ] 2018-01-09T12:58:35.906829356Z: [    0.000000] BIOS-e820: [mem 0x000000000009fc00-0x000000000009ffff] reserved
[STDERR  ] 2018-01-09T12:58:35.906841619Z: [    0.000000] BIOS-e820: [mem 0x00000000000f0000-0x00000000000fffff] reserved
[STDERR  ] 2018-01-09T12:58:35.906852909Z: [    0.000000] BIOS-e820: [mem 0x0000000000100000-0x000000003ffdefff] usable
[STDERR  ] 2018-01-09T12:58:35.906863852Z: [    0.000000] BIOS-e820: [mem 0x000000003ffdf000-0x000000003fffffff] reserved
[STDERR  ] 2018-01-09T12:58:35.906875315Z: [    0.000000] BIOS-e820: [mem 0x00000000b0000000-0x00000000bfffffff] reserved
[STDERR  ] 2018-01-09T12:58:35.906898272Z: [    0.000000] BIOS-e820: [mem 0x00000000fed1c000-0x00000000fed1ffff] reserved
[STDERR  ] 2018-01-09T12:58:35.906908942Z: [    0.000000] BIOS-e820: [mem 0x00000000fffc0000-0x00000000ffffffff] reserved
[STDERR  ] 2018-01-09T12:58:35.906917978Z: [    0.000000] NX (Execute Disable) protection: active
[STDERR  ] 2018-01-09T12:58:35.90692675Z: [    0.000000] random: fast init done
[STDERR  ] 2018-01-09T12:58:35.906936245Z: [    0.000000] SMBIOS 2.8 present.
[STDERR  ] 2018-01-09T12:58:35.906946029Z: [    0.000000] DMI: QEMU Standard PC (Q35 + ICH9, 2009), BIOS rel-1.10.2-0-g5f4c7b1-prebuilt.qemu-project.org 04/01/2014
[STDERR  ] 2018-01-09T12:58:35.906958401Z: [    0.000000] tsc: Fast TSC calibration using PIT
[STDERR  ] 2018-01-09T12:58:35.906967365Z: [    0.000000] e820: last_pfn = 0x3ffdf max_arch_pfn = 0x400000000
[STDERR  ] 2018-01-09T12:58:35.906977624Z: [    0.000000] x86/PAT: Configuration [0-7]: WB  WC  UC- UC  WB  WP  UC- WT  
[STDERR  ] 2018-01-09T12:58:35.90698745Z: [    0.000000] found SMP MP-table at [mem 0x000f6aa0-0x000f6aaf] mapped at [ffffffffff200aa0]
[STDERR  ] 2018-01-09T12:58:35.90699708Z: [    0.000000] RAMDISK: [mem 0x3e6e5000-0x3ffcffff]
[STDERR  ] 2018-01-09T12:58:35.907006948Z: [    0.000000] ACPI: Early table checksum verification disabled
[STDERR  ] 2018-01-09T12:58:35.907016709Z: [    0.000000] ACPI: RSDP 0x00000000000F68B0 000014 (v00 BOCHS )
[STDERR  ] 2018-01-09T12:58:35.90703078Z: [    0.000000] ACPI: RSDT 0x000000003FFE20A8 000034 (v01 BOCHS  BXPCRSDT 00000001 BXPC 00000001)
[STDERR  ] 2018-01-09T12:58:35.90704602Z: [    0.000000] ACPI: FACP 0x000000003FFE1EC8 0000F4 (v03 BOCHS  BXPCFACP 00000001 BXPC 00000001)
[STDERR  ] 2018-01-09T12:58:35.90705489Z: [    0.000000] ACPI: DSDT 0x000000003FFE0040 001E88 (v01 BOCHS  BXPCDSDT 00000001 BXPC 00000001)
[STDERR  ] 2018-01-09T12:58:35.907064087Z: [    0.000000] ACPI: FACS 0x000000003FFE0000 000040
[STDERR  ] 2018-01-09T12:58:35.907073496Z: [    0.000000] ACPI: APIC 0x000000003FFE1FBC 000078 (v01 BOCHS  BXPCAPIC 00000001 BXPC 00000001)
[STDERR  ] 2018-01-09T12:58:35.9070822Z: [    0.000000] ACPI: HPET 0x000000003FFE2034 000038 (v01 BOCHS  BXPCHPET 00000001 BXPC 00000001)
[STDERR  ] 2018-01-09T12:58:35.907091219Z: [    0.000000] ACPI: MCFG 0x000000003FFE206C 00003C (v01 BOCHS  BXPCMCFG 00000001 BXPC 00000001)
[STDERR  ] 2018-01-09T12:58:35.907100419Z: [    0.000000] Zone ranges:
[STDERR  ] 2018-01-09T12:58:35.907109362Z: [    0.000000]   DMA      [mem 0x0000000000001000-0x0000000000ffffff]
[STDERR  ] 2018-01-09T12:58:35.907118729Z: [    0.000000]   DMA32    [mem 0x0000000001000000-0x000000003ffdefff]
[STDERR  ] 2018-01-09T12:58:35.90712795Z: [    0.000000]   Normal   empty
[STDERR  ] 2018-01-09T12:58:35.907137751Z: [    0.000000]   Device   empty
[STDERR  ] 2018-01-09T12:58:35.907147219Z: [    0.000000] Movable zone start for each node
[STDERR  ] 2018-01-09T12:58:35.907156391Z: [    0.000000] Early memory node ranges
[STDERR  ] 2018-01-09T12:58:35.907165233Z: [    0.000000]   node   0: [mem 0x0000000000001000-0x000000000009efff]
[STDERR  ] 2018-01-09T12:58:35.907174189Z: [    0.000000]   node   0: [mem 0x0000000000100000-0x000000003ffdefff]
[STDERR  ] 2018-01-09T12:58:35.90718274Z: [    0.000000] Initmem setup node 0 [mem 0x0000000000001000-0x000000003ffdefff]
[STDERR  ] 2018-01-09T12:58:35.907192506Z: [    0.000000] ACPI: PM-Timer IO Port: 0x608
[STDERR  ] 2018-01-09T12:58:35.907201801Z: [    0.000000] ACPI: LAPIC_NMI (acpi_id[0xff] dfl dfl lint[0x1])
[STDERR  ] 2018-01-09T12:58:35.907210517Z: [    0.000000] IOAPIC[0]: apic_id 0, version 32, address 0xfec00000, GSI 0-23
[STDERR  ] 2018-01-09T12:58:35.907220018Z: [    0.000000] ACPI: INT_SRC_OVR (bus 0 bus_irq 0 global_irq 2 dfl dfl)
[STDERR  ] 2018-01-09T12:58:35.907230728Z: [    0.000000] ACPI: INT_SRC_OVR (bus 0 bus_irq 5 global_irq 5 high level)
[STDERR  ] 2018-01-09T12:58:35.907239914Z: [    0.000000] ACPI: INT_SRC_OVR (bus 0 bus_irq 9 global_irq 9 high level)
[STDERR  ] 2018-01-09T12:58:35.907251468Z: [    0.000000] ACPI: INT_SRC_OVR (bus 0 bus_irq 10 global_irq 10 high level)
[STDERR  ] 2018-01-09T12:58:35.907267614Z: [    0.000000] ACPI: INT_SRC_OVR (bus 0 bus_irq 11 global_irq 11 high level)
[STDERR  ] 2018-01-09T12:58:35.907277131Z: [    0.000000] Using ACPI (MADT) for SMP configuration information
[STDERR  ] 2018-01-09T12:58:35.907286046Z: [    0.000000] ACPI: HPET id: 0x8086a201 base: 0xfed00000
[STDERR  ] 2018-01-09T12:58:35.907295676Z: [    0.000000] smpboot: Allowing 1 CPUs, 0 hotplug CPUs
[STDERR  ] 2018-01-09T12:58:35.907305864Z: [    0.000000] e820: [mem 0x40000000-0xafffffff] available for PCI devices
[STDERR  ] 2018-01-09T12:58:35.907315537Z: [    0.000000] Booting paravirtualized kernel on bare hardware
[STDERR  ] 2018-01-09T12:58:35.90732508Z: [    0.000000] clocksource: refined-jiffies: mask: 0xffffffff max_cycles: 0xffffffff, max_idle_ns: 19112604462750000 ns
[STDERR  ] 2018-01-09T12:58:35.90733469Z: [    0.000000] setup_percpu: NR_CPUS:128 nr_cpumask_bits:128 nr_cpu_ids:1 nr_node_ids:1
[STDERR  ] 2018-01-09T12:58:35.907344098Z: [    0.000000] percpu: Embedded 44 pages/cpu @ffff92b33e400000 s143064 r8192 d28968 u2097152
[STDERR  ] 2018-01-09T12:58:35.907353855Z: [    0.000000] Built 1 zonelists, mobility grouping on.  Total pages: 257896
[STDERR  ] 2018-01-09T12:58:35.907362594Z: [    0.000000] Kernel command line: console=ttyS0 console=ttyAMA0
[STDERR  ] 2018-01-09T12:58:35.907372217Z: [    0.000000] PID hash table entries: 4096 (order: 3, 32768 bytes)
[STDERR  ] 2018-01-09T12:58:35.907385786Z: [    0.000000] Dentry cache hash table entries: 131072 (order: 8, 1048576 bytes)
[STDERR  ] 2018-01-09T12:58:35.907395381Z: [    0.000000] Inode-cache hash table entries: 65536 (order: 7, 524288 bytes)
[STDERR  ] 2018-01-09T12:58:35.907407815Z: [    0.000000] Memory: 979260K/1048052K available (12300K kernel code, 1445K rwdata, 2952K rodata, 1492K init, 628K bss, 68792K reserved, 0K cma-reserved)
[STDERR  ] 2018-01-09T12:58:35.907420833Z: [    0.000000] ftrace: allocating 40621 entries in 159 pages
[STDERR  ] 2018-01-09T12:58:35.907430237Z: [    0.000000] Hierarchical RCU implementation.
[STDERR  ] 2018-01-09T12:58:35.907440429Z: [    0.000000] 	RCU restricting CPUs from NR_CPUS=128 to nr_cpu_ids=1.
[STDERR  ] 2018-01-09T12:58:35.907449159Z: [    0.000000] RCU: Adjusting geometry for rcu_fanout_leaf=16, nr_cpu_ids=1
[STDERR  ] 2018-01-09T12:58:35.907457709Z: [    0.000000] NR_IRQS: 8448, nr_irqs: 256, preallocated irqs: 16
[STDERR  ] 2018-01-09T12:58:35.90746671Z: [    0.000000] Console: colour VGA+ 80x25
[STDERR  ] 2018-01-09T12:58:35.907475423Z: [    0.000000] console [ttyS0] enabled
[STDERR  ] 2018-01-09T12:58:35.907483908Z: [    0.000000] clocksource: hpet: mask: 0xffffffff max_cycles: 0xffffffff, max_idle_ns: 19112604467 ns
[STDERR  ] 2018-01-09T12:58:35.907492338Z: [    0.000000] tsc: Fast TSC calibration using PIT
[STDERR  ] 2018-01-09T12:58:35.907500984Z: [    0.000000] tsc: Detected 2599.620 MHz processor
[STDERR  ] 2018-01-09T12:58:35.907509123Z: [    0.001740] Calibrating delay loop (skipped), value calculated using timer frequency.. 5199.24 BogoMIPS (lpj=25996200)
[STDERR  ] 2018-01-09T12:58:35.907517402Z: [    0.002206] pid_max: default: 32768 minimum: 301
[STDERR  ] 2018-01-09T12:58:35.907526609Z: [    0.002896] ACPI: Core revision 20170728
[STDERR  ] 2018-01-09T12:58:35.907535615Z: [    0.034742] ACPI: 1 ACPI AML tables successfully acquired and loaded
[STDERR  ] 2018-01-09T12:58:35.907545215Z: [    0.036828] Security Framework initialized
[STDERR  ] 2018-01-09T12:58:35.907555856Z: [    0.037297] Yama: becoming mindful.
[STDERR  ] 2018-01-09T12:58:35.907564544Z: [    0.039728] Mount-cache hash table entries: 2048 (order: 2, 16384 bytes)
[STDERR  ] 2018-01-09T12:58:35.907574867Z: [    0.040138] Mountpoint-cache hash table entries: 2048 (order: 2, 16384 bytes)
[STDERR  ] 2018-01-09T12:58:35.907584172Z: [    0.056839] Last level iTLB entries: 4KB 0, 2MB 0, 4MB 0
[STDERR  ] 2018-01-09T12:58:35.907592834Z: [    0.057203] Last level dTLB entries: 4KB 0, 2MB 0, 4MB 0, 1GB 0
[STDERR  ] 2018-01-09T12:58:35.907616309Z: [    0.339306] Freeing SMP alternatives memory: 20K
[STDERR  ] 2018-01-09T12:58:35.907625938Z: [    0.360584] smpboot: Max logical packages: 1
[STDERR  ] 2018-01-09T12:58:35.907636424Z: [    0.366985] ..TIMER: vector=0x30 apic1=0 pin1=2 apic2=-1 pin2=-1
[STDERR  ] 2018-01-09T12:58:35.907645704Z: [    0.470000] smpboot: CPU0: AMD QEMU Virtual CPU version 2.5+ (family: 0x6, model: 0x6, stepping: 0x3)
[STDERR  ] 2018-01-09T12:58:35.907654288Z: [    0.470000] Performance Events: PMU not available due to virtualization, using software events only.
[STDERR  ] 2018-01-09T12:58:35.907663278Z: [    0.470940] Hierarchical SRCU implementation.
[STDERR  ] 2018-01-09T12:58:35.907672137Z: [    0.476262] NMI watchdog: Perf event create on CPU 0 failed with -2
[STDERR  ] 2018-01-09T12:58:35.907681597Z: [    0.476824] NMI watchdog: Perf NMI watchdog permanently disabled
[STDERR  ] 2018-01-09T12:58:35.90769089Z: [    0.480401] smp: Bringing up secondary CPUs ...
[STDERR  ] 2018-01-09T12:58:35.907700468Z: [    0.480723] smp: Brought up 1 node, 1 CPU
[STDERR  ] 2018-01-09T12:58:35.907709462Z: [    0.481021] smpboot: Total of 1 processors activated (5199.24 BogoMIPS)
[STDERR  ] 2018-01-09T12:58:35.907718925Z: [    0.496716] devtmpfs: initialized
[STDERR  ] 2018-01-09T12:58:35.907727819Z: [    0.502242] x86/mm: Memory block size: 128MB
[STDERR  ] 2018-01-09T12:58:35.90773595Z: [    0.509442] clocksource: jiffies: mask: 0xffffffff max_cycles: 0xffffffff, max_idle_ns: 19112604462750000 ns
[STDERR  ] 2018-01-09T12:58:35.907748321Z: [    0.510254] futex hash table entries: 256 (order: 2, 16384 bytes)
[STDERR  ] 2018-01-09T12:58:35.907758309Z: [    0.518309] NET: Registered protocol family 16
[STDERR  ] 2018-01-09T12:58:35.907767295Z: [    0.524309] cpuidle: using governor ladder
[STDERR  ] 2018-01-09T12:58:35.907777518Z: [    0.524691] cpuidle: using governor menu
[STDERR  ] 2018-01-09T12:58:35.907786299Z: [    0.526009] ACPI: bus type PCI registered
[STDERR  ] 2018-01-09T12:58:35.90779495Z: [    0.528357] PCI: MMCONFIG for domain 0000 [bus 00-ff] at [mem 0xb0000000-0xbfffffff] (base 0xb0000000)
[STDERR  ] 2018-01-09T12:58:35.907803773Z: [    0.528813] PCI: MMCONFIG at [mem 0xb0000000-0xbfffffff] reserved in E820
[STDERR  ] 2018-01-09T12:58:35.907812692Z: [    0.529541] PCI: Using configuration type 1 for base access
[STDERR  ] 2018-01-09T12:58:35.907823953Z: [    0.567219] HugeTLB registered 2.00 MiB page size, pre-allocated 0 pages
[STDERR  ] 2018-01-09T12:58:35.907832493Z: [    0.577600] ACPI: Added _OSI(Module Device)
[STDERR  ] 2018-01-09T12:58:35.90784179Z: [    0.577892] ACPI: Added _OSI(Processor Device)
[STDERR  ] 2018-01-09T12:58:35.907851089Z: [    0.578149] ACPI: Added _OSI(3.0 _SCP Extensions)
[STDERR  ] 2018-01-09T12:58:35.907860146Z: [    0.578374] ACPI: Added _OSI(Processor Aggregator Device)
[STDERR  ] 2018-01-09T12:58:35.907868482Z: [    0.623780] ACPI: Interpreter enabled
[STDERR  ] 2018-01-09T12:58:35.907878264Z: [    0.624652] ACPI: (supports S0 S5)
[STDERR  ] 2018-01-09T12:58:35.907887534Z: [    0.624975] ACPI: Using IOAPIC for interrupt routing
[STDERR  ] 2018-01-09T12:58:35.907896141Z: [    0.627316] PCI: Using host bridge windows from ACPI; if necessary, use "pci=nocrs" and report a bug
[STDERR  ] 2018-01-09T12:58:35.907905461Z: [    0.630000] ACPI: Enabled 1 GPEs in block 00 to 3F
[STDERR  ] 2018-01-09T12:58:35.907914442Z: [    0.676674] ACPI: PCI Root Bridge [PCI0] (domain 0000 [bus 00-ff])
[STDERR  ] 2018-01-09T12:58:35.90792403Z: [    0.677631] acpi PNP0A08:00: _OSC: OS supports [ExtendedConfig ASPM ClockPM Segments MSI]
[STDERR  ] 2018-01-09T12:58:35.907933701Z: [    0.681981] acpi PNP0A08:00: _OSC: OS now controls [PCIeHotplug PME PCIeCapability]
[STDERR  ] 2018-01-09T12:58:35.907942596Z: [    0.685296] PCI host bridge to bus 0000:00
[STDERR  ] 2018-01-09T12:58:35.907952201Z: [    0.685802] pci_bus 0000:00: root bus resource [io  0x0000-0x0cf7 window]
[STDERR  ] 2018-01-09T12:58:35.907961359Z: [    0.686203] pci_bus 0000:00: root bus resource [io  0x0d00-0xffff window]
[STDERR  ] 2018-01-09T12:58:35.907999173Z: [    0.686490] pci_bus 0000:00: root bus resource [mem 0x000a0000-0x000bffff window]
[STDERR  ] 2018-01-09T12:58:35.908009231Z: [    0.686852] pci_bus 0000:00: root bus resource [mem 0xc0000000-0xfebfffff window]
[STDERR  ] 2018-01-09T12:58:35.908018734Z: [    0.687366] pci_bus 0000:00: root bus resource [bus 00-ff]
[STDERR  ] 2018-01-09T12:58:35.908027801Z: [    0.846609] pci 0000:00:1f.0: quirk: [io  0x0600-0x067f] claimed by ICH6 ACPI/GPIO/TCO
[STDERR  ] 2018-01-09T12:58:35.908037218Z: [    0.935321] ACPI: PCI Interrupt Link [LNKA] (IRQs 5 *10 11)
[STDERR  ] 2018-01-09T12:58:35.908046806Z: [    0.937311] ACPI: PCI Interrupt Link [LNKB] (IRQs 5 *10 11)
[STDERR  ] 2018-01-09T12:58:35.908056543Z: [    0.939013] ACPI: PCI Interrupt Link [LNKC] (IRQs 5 10 *11)
[STDERR  ] 2018-01-09T12:58:35.908065278Z: [    0.941647] ACPI: PCI Interrupt Link [LNKD] (IRQs 5 10 *11)
[STDERR  ] 2018-01-09T12:58:35.908073333Z: [    0.942919] ACPI: PCI Interrupt Link [LNKE] (IRQs 5 *10 11)
[STDERR  ] 2018-01-09T12:58:35.908081688Z: [    0.944078] ACPI: PCI Interrupt Link [LNKF] (IRQs 5 *10 11)
[STDERR  ] 2018-01-09T12:58:35.908090885Z: [    0.945276] ACPI: PCI Interrupt Link [LNKG] (IRQs 5 10 *11)
[STDERR  ] 2018-01-09T12:58:35.90809978Z: [    0.946471] ACPI: PCI Interrupt Link [LNKH] (IRQs 5 10 *11)
[STDERR  ] 2018-01-09T12:58:35.908108436Z: [    0.947106] ACPI: PCI Interrupt Link [GSIA] (IRQs *16)
[STDERR  ] 2018-01-09T12:58:35.908116928Z: [    0.947584] ACPI: PCI Interrupt Link [GSIB] (IRQs *17)
[STDERR  ] 2018-01-09T12:58:35.908130901Z: [    0.948108] ACPI: PCI Interrupt Link [GSIC] (IRQs *18)
[STDERR  ] 2018-01-09T12:58:35.908140984Z: [    0.948630] ACPI: PCI Interrupt Link [GSID] (IRQs *19)
[STDERR  ] 2018-01-09T12:58:35.908150407Z: [    0.949140] ACPI: PCI Interrupt Link [GSIE] (IRQs *20)
[STDERR  ] 2018-01-09T12:58:35.908159637Z: [    0.949650] ACPI: PCI Interrupt Link [GSIF] (IRQs *21)
[STDERR  ] 2018-01-09T12:58:35.908168462Z: [    0.950303] ACPI: PCI Interrupt Link [GSIG] (IRQs *22)
[STDERR  ] 2018-01-09T12:58:35.908178314Z: [    0.950833] ACPI: PCI Interrupt Link [GSIH] (IRQs *23)
[STDERR  ] 2018-01-09T12:58:35.90818689Z: [    0.957493] SCSI subsystem initialized
[STDERR  ] 2018-01-09T12:58:35.908193624Z: [    0.959748] ACPI: bus type USB registered
[STDERR  ] 2018-01-09T12:58:35.90819977Z: [    0.960720] usbcore: registered new interface driver usbfs
[STDERR  ] 2018-01-09T12:58:35.908206849Z: [    0.961401] usbcore: registered new interface driver hub
[STDERR  ] 2018-01-09T12:58:35.908213731Z: [    0.962064] usbcore: registered new device driver usb
[STDERR  ] 2018-01-09T12:58:35.908220326Z: [    0.962907] pps_core: LinuxPPS API ver. 1 registered
[STDERR  ] 2018-01-09T12:58:35.908228624Z: [    0.963132] pps_core: Software ver. 5.3.6 - Copyright 2005-2007 Rodolfo Giometti <giometti@linux.it>
[STDERR  ] 2018-01-09T12:58:35.908238318Z: [    0.963746] PTP clock support registered
[STDERR  ] 2018-01-09T12:58:35.908247712Z: [    0.966018] PCI: Using ACPI for IRQ routing
[STDERR  ] 2018-01-09T12:58:35.908257563Z: [    0.980547] NetLabel: Initializing
[STDERR  ] 2018-01-09T12:58:35.908266725Z: [    0.980748] NetLabel:  domain hash size = 128
[STDERR  ] 2018-01-09T12:58:35.908274953Z: [    0.980983] NetLabel:  protocols = UNLABELED CIPSOv4 CALIPSO
[STDERR  ] 2018-01-09T12:58:35.908280812Z: [    0.983038] NetLabel:  unlabeled traffic allowed by default
[STDERR  ] 2018-01-09T12:58:35.908287207Z: [    0.984067] HPET: 3 timers in total, 0 timers will be used for per-cpu timer
[STDERR  ] 2018-01-09T12:58:35.90829391Z: [    0.984783] hpet0: at MMIO 0xfed00000, IRQs 2, 8, 0
[STDERR  ] 2018-01-09T12:58:35.908300257Z: [    0.985167] hpet0: 3 comparators, 64-bit 100.000000 MHz counter
[STDERR  ] 2018-01-09T12:58:35.908306391Z: [    0.991516] clocksource: Switched to clocksource hpet
[STDERR  ] 2018-01-09T12:58:35.908312807Z: [    1.186895] VFS: Disk quotas dquot_6.6.0
[STDERR  ] 2018-01-09T12:58:35.908323289Z: [    1.187541] VFS: Dquot-cache hash table entries: 512 (order 0, 4096 bytes)
[STDERR  ] 2018-01-09T12:58:35.90833291Z: [    1.190981] FS-Cache: Loaded
[STDERR  ] 2018-01-09T12:58:35.90834701Z: [    1.195958] CacheFiles: Loaded
[STDERR  ] 2018-01-09T12:58:35.908355434Z: [    1.197235] pnp: PnP ACPI init
[STDERR  ] 2018-01-09T12:58:35.908364132Z: [    1.205907] pnp: PnP ACPI: found 5 devices
[STDERR  ] 2018-01-09T12:58:35.908372827Z: [    1.237944] clocksource: acpi_pm: mask: 0xffffff max_cycles: 0xffffff, max_idle_ns: 2085701024 ns
[STDERR  ] 2018-01-09T12:58:35.908381826Z: [    1.241731] NET: Registered protocol family 2
[STDERR  ] 2018-01-09T12:58:35.90839058Z: [    1.248367] TCP established hash table entries: 8192 (order: 4, 65536 bytes)
[STDERR  ] 2018-01-09T12:58:35.908397322Z: [    1.249131] TCP bind hash table entries: 8192 (order: 5, 131072 bytes)
[STDERR  ] 2018-01-09T12:58:35.908405804Z: [    1.249736] TCP: Hash tables configured (established 8192 bind 8192)
[STDERR  ] 2018-01-09T12:58:35.90841525Z: [    1.252319] UDP hash table entries: 512 (order: 2, 16384 bytes)
[STDERR  ] 2018-01-09T12:58:35.908428698Z: [    1.252935] UDP-Lite hash table entries: 512 (order: 2, 16384 bytes)
[STDERR  ] 2018-01-09T12:58:35.908437483Z: [    1.255159] NET: Registered protocol family 1
[STDERR  ] 2018-01-09T12:58:35.908446061Z: [    1.256447] pci 0000:00:01.0: Video device with shadowed ROM at [mem 0x000c0000-0x000dffff]
[STDERR  ] 2018-01-09T12:58:35.908454988Z: [    1.262189] Trying to unpack rootfs image as initramfs...
[STDERR  ] 2018-01-09T12:58:35.908463559Z: [    4.472215] Freeing initrd memory: 25516K
[STDERR  ] 2018-01-09T12:58:35.908476517Z: [    4.493885] PCLMULQDQ-NI instructions are not detected.
[STDERR  ] 2018-01-09T12:58:35.908485706Z: [    4.495275] AVX or AES-NI instructions are not detected.
[STDERR  ] 2018-01-09T12:58:35.908495008Z: [    4.495733] CPU feature 'AVX registers' is not supported.
[STDERR  ] 2018-01-09T12:58:35.908504232Z: [    4.496080] CPU feature 'AVX registers' is not supported.
[STDERR  ] 2018-01-09T12:58:35.908513142Z: [    4.496411] CPU feature 'AVX registers' is not supported.
[STDERR  ] 2018-01-09T12:58:35.908522192Z: [    4.496737] CPU feature 'AVX registers' is not supported.
[STDERR  ] 2018-01-09T12:58:35.908533667Z: [    4.497079] AVX2 or AES-NI instructions are not detected.
[STDERR  ] 2018-01-09T12:58:35.908542371Z: [    4.497422] AVX2 instructions are not detected.
[STDERR  ] 2018-01-09T12:58:35.908552135Z: [    4.502082] audit: initializing netlink subsys (disabled)
[STDERR  ] 2018-01-09T12:58:35.90856085Z: [    4.507055] audit: type=2000 audit(1515502702.500:1): state=initialized audit_enabled=0 res=1
[STDERR  ] 2018-01-09T12:58:35.908570812Z: [    4.508099] workingset: timestamp_bits=46 max_order=18 bucket_order=0
[STDERR  ] 2018-01-09T12:58:35.908580185Z: [    4.512984] squashfs: version 4.0 (2009/01/31) Phillip Lougher
[STDERR  ] 2018-01-09T12:58:35.908590134Z: [    4.514988] FS-Cache: Netfs 'cifs' registered for caching
[STDERR  ] 2018-01-09T12:58:35.908600008Z: [    4.516660] fuse init (API version 7.26)
[STDERR  ] 2018-01-09T12:58:35.908654264Z: [    4.518993] SGI XFS with ACLs, security attributes, no debug enabled
[STDERR  ] 2018-01-09T12:58:35.908665115Z: [    4.522830] 9p: Installing v9fs 9p2000 file system support
[STDERR  ] 2018-01-09T12:58:35.908676309Z: [    4.523250] FS-Cache: Netfs '9p' registered for caching
[STDERR  ] 2018-01-09T12:58:35.908685223Z: [    4.551824] NET: Registered protocol family 38
[STDERR  ] 2018-01-09T12:58:35.908694147Z: [    4.552375] Key type asymmetric registered
[STDERR  ] 2018-01-09T12:58:35.908702725Z: [    4.552675] Asymmetric key parser 'x509' registered
[STDERR  ] 2018-01-09T12:58:35.908711782Z: [    4.553448] Block layer SCSI generic (bsg) driver version 0.4 loaded (major 248)
[STDERR  ] 2018-01-09T12:58:35.908720829Z: [    4.555005] io scheduler noop registered
[STDERR  ] 2018-01-09T12:58:35.908730001Z: [    4.555294] io scheduler deadline registered (default)
[STDERR  ] 2018-01-09T12:58:35.908739715Z: [    4.556199] io scheduler cfq registered
[STDERR  ] 2018-01-09T12:58:35.908748854Z: [    4.556441] io scheduler mq-deadline registered
[STDERR  ] 2018-01-09T12:58:35.908761365Z: [    4.556649] io scheduler kyber registered
[STDERR  ] 2018-01-09T12:58:35.908770147Z: [    4.559293] shpchp: Standard Hot Plug PCI Controller Driver version: 0.4
[STDERR  ] 2018-01-09T12:58:35.908779004Z: [    4.559975] hv_vmbus: registering driver hyperv_fb
[STDERR  ] 2018-01-09T12:58:35.908787454Z: [    4.563730] input: Power Button as /devices/LNXSYSTM:00/LNXPWRBN:00/input/input0
[STDERR  ] 2018-01-09T12:58:35.908795996Z: [    4.566399] ACPI: Power Button [PWRF]
[STDERR  ] 2018-01-09T12:58:35.908809717Z: [    4.578097] ACPI: PCI Interrupt Link [GSIG] enabled at IRQ 22
[STDERR  ] 2018-01-09T12:58:35.908818884Z: [    4.589495] ACPI: PCI Interrupt Link [GSIH] enabled at IRQ 23
[STDERR  ] 2018-01-09T12:58:35.908828111Z: [    4.596429] Serial: 8250/16550 driver, 4 ports, IRQ sharing disabled
[STDERR  ] 2018-01-09T12:58:35.908840292Z: [    4.620242] 00:04: ttyS0 at I/O 0x3f8 (irq = 4, base_baud = 115200) is a 16550A
[STDERR  ] 2018-01-09T12:58:35.908849005Z: [    4.629381] Non-volatile memory driver v1.3
[STDERR  ] 2018-01-09T12:58:35.90885844Z: [    4.637132] Hangcheck: starting hangcheck timer 0.9.1 (tick is 180 seconds, margin is 60 seconds).
[STDERR  ] 2018-01-09T12:58:35.908869615Z: [    4.645463] random: crng init done
[STDERR  ] 2018-01-09T12:58:35.908878076Z: [    4.692371] brd: module loaded
[STDERR  ] 2018-01-09T12:58:35.908887373Z: [    4.716621] loop: module loaded
[STDERR  ] 2018-01-09T12:58:35.908896666Z: [    4.757410] lpc_ich 0000:00:1f.0: I/O space for GPIO uninitialized
[STDERR  ] 2018-01-09T12:58:35.908909807Z: [    4.759490] VMware PVSCSI driver - version 1.0.7.0-k
[STDERR  ] 2018-01-09T12:58:35.908919188Z: [    4.760460] hv_vmbus: registering driver hv_storvsc
[STDERR  ] 2018-01-09T12:58:35.908929536Z: [    4.767800] ACPI: PCI Interrupt Link [GSIA] enabled at IRQ 16
[STDERR  ] 2018-01-09T12:58:35.908938653Z: [    4.774014] ahci 0000:00:1f.2: AHCI 0001.0000 32 slots 6 ports 1.5 Gbps 0x3f impl SATA mode
[STDERR  ] 2018-01-09T12:58:35.908947209Z: [    4.774591] ahci 0000:00:1f.2: flags: 64bit ncq only 
[STDERR  ] 2018-01-09T12:58:35.908957579Z: [    4.787162] scsi host0: ahci
[STDERR  ] 2018-01-09T12:58:35.908965945Z: [    4.791100] scsi host1: ahci
[STDERR  ] 2018-01-09T12:58:35.908974337Z: [    4.792812] scsi host2: ahci
[STDERR  ] 2018-01-09T12:58:35.908983241Z: [    4.794253] scsi host3: ahci
[STDERR  ] 2018-01-09T12:58:35.90899163Z: [    4.795595] scsi host4: ahci
[STDERR  ] 2018-01-09T12:58:35.909000213Z: [    4.796950] scsi host5: ahci
[STDERR  ] 2018-01-09T12:58:35.909009676Z: [    4.798029] ata1: SATA max UDMA/133 abar m4096@0xfebd2000 port 0xfebd2100 irq 24
[STDERR  ] 2018-01-09T12:58:35.909018102Z: [    4.798455] ata2: SATA max UDMA/133 abar m4096@0xfebd2000 port 0xfebd2180 irq 24
[STDERR  ] 2018-01-09T12:58:35.909026615Z: [    4.798751] ata3: SATA max UDMA/133 abar m4096@0xfebd2000 port 0xfebd2200 irq 24
[STDERR  ] 2018-01-09T12:58:35.909034996Z: [    4.799085] ata4: SATA max UDMA/133 abar m4096@0xfebd2000 port 0xfebd2280 irq 24
[STDERR  ] 2018-01-09T12:58:35.909043431Z: [    4.799407] ata5: SATA max UDMA/133 abar m4096@0xfebd2000 port 0xfebd2300 irq 24
[STDERR  ] 2018-01-09T12:58:35.909051846Z: [    4.799705] ata6: SATA max UDMA/133 abar m4096@0xfebd2000 port 0xfebd2380 irq 24
[STDERR  ] 2018-01-09T12:58:35.909061883Z: [    4.809209] tun: Universal TUN/TAP device driver, 1.6
[STDERR  ] 2018-01-09T12:58:35.909070693Z: [    4.819224] VMware vmxnet3 virtual NIC driver - version 1.4.a.0-k-NAPI
[STDERR  ] 2018-01-09T12:58:35.909079076Z: [    4.820500] hv_vmbus: registering driver hv_netvsc
[STDERR  ] 2018-01-09T12:58:35.90908751Z: [    4.820759] Fusion MPT base driver 3.04.20
[STDERR  ] 2018-01-09T12:58:35.909097917Z: [    4.820996] Copyright (c) 1999-2008 LSI Corporation
[STDERR  ] 2018-01-09T12:58:35.909106235Z: [    4.821452] Fusion MPT SPI Host driver 3.04.20
[STDERR  ] 2018-01-09T12:58:35.909115207Z: [    4.823203] i8042: PNP: PS/2 Controller [PNP0303:KBD,PNP0f13:MOU] at 0x60,0x64 irq 1,12
[STDERR  ] 2018-01-09T12:58:35.909123345Z: [    4.827144] serio: i8042 KBD port at 0x60,0x64 irq 1
[STDERR  ] 2018-01-09T12:58:35.909135638Z: [    4.827705] serio: i8042 AUX port at 0x60,0x64 irq 12
[STDERR  ] 2018-01-09T12:58:35.909144761Z: [    4.829667] hv_vmbus: registering driver hyperv_keyboard
[STDERR  ] 2018-01-09T12:58:35.909153745Z: [    4.831636] mousedev: PS/2 mouse device common for all mice
[STDERR  ] 2018-01-09T12:58:35.909162041Z: [    4.835404] input: AT Translated Set 2 keyboard as /devices/platform/i8042/serio0/input/input1
[STDERR  ] 2018-01-09T12:58:35.909170467Z: [    4.837432] input: PC Speaker as /devices/platform/pcspkr/input/input2
[STDERR  ] 2018-01-09T12:58:35.909180022Z: [    4.840830] rtc_cmos 00:00: RTC can wake from S4
[STDERR  ] 2018-01-09T12:58:35.909188404Z: [    4.843550] rtc_cmos 00:00: rtc core: registered rtc_cmos as rtc0
[STDERR  ] 2018-01-09T12:58:35.909196921Z: [    4.845076] rtc_cmos 00:00: alarms up to one day, y3k, 114 bytes nvram, hpet irqs
[STDERR  ] 2018-01-09T12:58:35.909205747Z: [    4.845656] i2c /dev entries driver
[STDERR  ] 2018-01-09T12:58:35.909214454Z: [    4.847290] device-mapper: ioctl: 4.37.0-ioctl (2017-09-20) initialised: dm-devel@redhat.com
[STDERR  ] 2018-01-09T12:58:35.909223568Z: [    4.851052] usbcore: registered new interface driver usbhid
[STDERR  ] 2018-01-09T12:58:35.909232483Z: [    4.851332] usbhid: USB HID core driver
[STDERR  ] 2018-01-09T12:58:35.909241192Z: [    4.851901] hv_utils: Registering HyperV Utility Driver
[STDERR  ] 2018-01-09T12:58:35.909249684Z: [    4.852138] hv_vmbus: registering driver hv_util
[STDERR  ] 2018-01-09T12:58:35.909263288Z: [    4.852351] hv_vmbus: registering driver hv_balloon
[STDERR  ] 2018-01-09T12:58:35.909272202Z: [    4.852839] oprofile: using NMI interrupt.
[STDERR  ] 2018-01-09T12:58:35.909280677Z: [    4.853934] GACT probability on
[STDERR  ] 2018-01-09T12:58:35.909289361Z: [    4.854356] Mirror/redirect action on
[STDERR  ] 2018-01-09T12:58:35.909297831Z: [    4.854873] Simple TC action Loaded
[STDERR  ] 2018-01-09T12:58:35.909306734Z: [    4.855324] u32 classifier
[STDERR  ] 2018-01-09T12:58:35.909315408Z: [    4.855463]     Performance counters on
[STDERR  ] 2018-01-09T12:58:35.909323925Z: [    4.855632]     input device check on
[STDERR  ] 2018-01-09T12:58:35.909332371Z: [    4.855811]     Actions configured
[STDERR  ] 2018-01-09T12:58:35.909341268Z: [    4.856402] Netfilter messages via NETLINK v0.30.
[STDERR  ] 2018-01-09T12:58:35.90934987Z: [    4.856834] nfnl_acct: registering with nfnetlink.
[STDERR  ] 2018-01-09T12:58:35.909358236Z: [    4.857991] nf_conntrack version 0.5.0 (8192 buckets, 32768 max)
[STDERR  ] 2018-01-09T12:58:35.909366783Z: [    4.859957] ctnetlink v0.93: registering with nfnetlink.
[STDERR  ] 2018-01-09T12:58:35.909376324Z: [    4.863300] nf_tables: (c) 2007-2009 Patrick McHardy <kaber@trash.net>
[STDERR  ] 2018-01-09T12:58:35.909387768Z: [    4.864039] nf_tables_compat: (c) 2012 Pablo Neira Ayuso <pablo@netfilter.org>
[STDERR  ] 2018-01-09T12:58:35.909396276Z: [    4.866130] xt_time: kernel timezone is -0000
[STDERR  ] 2018-01-09T12:58:35.90940462Z: [    4.866560] ip_set: protocol 6
[STDERR  ] 2018-01-09T12:58:35.909413037Z: [    4.867243] IPVS: Registered protocols (TCP, UDP, SCTP, AH, ESP)
[STDERR  ] 2018-01-09T12:58:35.909423628Z: [    4.867753] IPVS: Connection hash table configured (size=4096, memory=64Kbytes)
[STDERR  ] 2018-01-09T12:58:35.909432291Z: [    4.871836] IPVS: ipvs loaded.
[STDERR  ] 2018-01-09T12:58:35.90944071Z: [    4.872224] IPVS: [rr] scheduler registered.
[STDERR  ] 2018-01-09T12:58:35.909449122Z: [    4.872451] IPVS: [wrr] scheduler registered.
[STDERR  ] 2018-01-09T12:58:35.909457761Z: [    4.872618] IPVS: [lc] scheduler registered.
[STDERR  ] 2018-01-09T12:58:35.909466721Z: [    4.872830] IPVS: [wlc] scheduler registered.
[STDERR  ] 2018-01-09T12:58:35.909475285Z: [    4.873039] IPVS: [fo] scheduler registered.
[STDERR  ] 2018-01-09T12:58:35.909483875Z: [    4.873246] IPVS: [ovf] scheduler registered.
[STDERR  ] 2018-01-09T12:58:35.90949284Z: [    4.873620] IPVS: [lblc] scheduler registered.
[STDERR  ] 2018-01-09T12:58:35.909502258Z: [    4.873958] IPVS: [lblcr] scheduler registered.
[STDERR  ] 2018-01-09T12:58:35.909514368Z: [    4.874197] IPVS: [dh] scheduler registered.
[STDERR  ] 2018-01-09T12:58:35.909522789Z: [    4.874399] IPVS: [sh] scheduler registered.
[STDERR  ] 2018-01-09T12:58:35.909531184Z: [    4.874592] IPVS: [sed] scheduler registered.
[STDERR  ] 2018-01-09T12:58:35.90953956Z: [    4.874796] IPVS: [nq] scheduler registered.
[STDERR  ] 2018-01-09T12:58:35.909548464Z: [    4.875463] IPVS: ftp: loaded support on port[0] = 21
[STDERR  ] 2018-01-09T12:58:35.909557192Z: [    4.876161] ipip: IPv4 and MPLS over IPv4 tunneling driver
[STDERR  ] 2018-01-09T12:58:35.909565561Z: [    4.879096] gre: GRE over IPv4 demultiplexor driver
[STDERR  ] 2018-01-09T12:58:35.909574159Z: [    4.881896] ip_tables: (C) 2000-2006 Netfilter Core Team
[STDERR  ] 2018-01-09T12:58:35.909582775Z: [    4.885170] ipt_CLUSTERIP: ClusterIP Version 0.8 loaded successfully
[STDERR  ] 2018-01-09T12:58:35.909591351Z: [    4.885746] arp_tables: arp_tables: (C) 2002 David S. Miller
[STDERR  ] 2018-01-09T12:58:35.90959982Z: [    4.887765] NET: Registered protocol family 10
[STDERR  ] 2018-01-09T12:58:35.909619904Z: [    4.896477] Segment Routing with IPv6
[STDERR  ] 2018-01-09T12:58:35.909628892Z: [    4.897313] ip6_tables: (C) 2000-2006 Netfilter Core Team
[STDERR  ] 2018-01-09T12:58:35.90963776Z: [    4.904139] NET: Registered protocol family 17
[STDERR  ] 2018-01-09T12:58:35.909646157Z: [    4.905100] Bridge firewalling registered
[STDERR  ] 2018-01-09T12:58:35.909658563Z: [    4.905626] Ebtables v2.0 registered
[STDERR  ] 2018-01-09T12:58:35.909667317Z: [    4.907383] 8021q: 802.1Q VLAN Support v1.8
[STDERR  ] 2018-01-09T12:58:35.909676373Z: [    4.908612] 9pnet: Installing 9P2000 support
[STDERR  ] 2018-01-09T12:58:35.909685015Z: [    4.909960] Key type dns_resolver registered
[STDERR  ] 2018-01-09T12:58:35.9096935Z: [    4.911521] sched_clock: Marking stable (4910359000, 0)->(5028627012, -118268012)
[STDERR  ] 2018-01-09T12:58:35.909702333Z: [    4.914553] registered taskstats version 1
[STDERR  ] 2018-01-09T12:58:35.909711424Z: [    5.096616] Key type big_key registered
[STDERR  ] 2018-01-09T12:58:35.909719999Z: [    5.133504] ata3: SATA link up 1.5 Gbps (SStatus 113 SControl 300)
[STDERR  ] 2018-01-09T12:58:35.90972907Z: [    5.139025] ata3.00: ATAPI: QEMU DVD-ROM, 2.5+, max UDMA/100
[STDERR  ] 2018-01-09T12:58:35.90973785Z: [    5.139303] ata3.00: applying bridge limits
[STDERR  ] 2018-01-09T12:58:35.90974635Z: [    5.140939] ata6: SATA link down (SStatus 0 SControl 300)
[STDERR  ] 2018-01-09T12:58:35.90975989Z: [    5.142379] ata2: SATA link down (SStatus 0 SControl 300)
[STDERR  ] 2018-01-09T12:58:35.909768349Z: [    5.142753] ata1: SATA link down (SStatus 0 SControl 300)
[STDERR  ] 2018-01-09T12:58:35.909776832Z: [    5.143984] ata4: SATA link down (SStatus 0 SControl 300)
[STDERR  ] 2018-01-09T12:58:35.909786014Z: [    5.144449] ata5: SATA link down (SStatus 0 SControl 300)
[STDERR  ] 2018-01-09T12:58:35.909794975Z: [    5.151130] ata3.00: configured for UDMA/100
[STDERR  ] 2018-01-09T12:58:35.909803381Z: [    5.171903] scsi 2:0:0:0: CD-ROM            QEMU     QEMU DVD-ROM     2.5+ PQ: 0 ANSI: 5
[STDERR  ] 2018-01-09T12:58:35.909811767Z: [    5.193436] sr 2:0:0:0: [sr0] scsi3-mmc drive: 4x/4x cd/rw xa/form2 tray
[STDERR  ] 2018-01-09T12:58:35.909820545Z: [    5.194102] cdrom: Uniform CD-ROM driver Revision: 3.20
[STDERR  ] 2018-01-09T12:58:35.909830739Z: [    5.203612] sr 2:0:0:0: Attached scsi generic sg0 type 5
[STDERR  ] 2018-01-09T12:58:35.909841493Z: [    5.207316] Key type encrypted registered
[STDERR  ] 2018-01-09T12:58:35.909849907Z: [    5.213075] rtc_cmos 00:00: setting system clock to 2018-01-09 12:58:24 UTC (1515502704)
[STDERR  ] 2018-01-09T12:58:35.909858814Z: [    5.353485] Freeing unused kernel memory: 1492K
[STDERR  ] 2018-01-09T12:58:35.909867725Z: [    5.353735] Write protecting the kernel read-only data: 18432k
[STDERR  ] 2018-01-09T12:58:35.909877574Z: [    5.368067] Freeing unused kernel memory: 2028K
[STDERR  ] 2018-01-09T12:58:35.909890142Z: [    5.398759] Freeing unused kernel memory: 1144K
[STDERR  ] 2018-01-09T12:58:35.909899239Z: [    5.520568] tsc: Refined TSC clocksource calibration: 2599.794 MHz
[STDERR  ] 2018-01-09T12:58:35.909907798Z: [    5.521177] clocksource: tsc: mask: 0xffffffffffffffff max_cycles: 0x25797970375, max_idle_ns: 440795280948 ns
[STDERR  ] 2018-01-09T12:58:35.909916453Z: [    6.540871] clocksource: Switched to clocksource tsc
[STDERR  ] 2018-01-09T12:58:35.909924881Z: 
[STDERR  ] 2018-01-09T12:58:35.909933497Z: Welcome to LinuxKit
[STDERR  ] 2018-01-09T12:58:35.909941966Z: 
[STDERR  ] 2018-01-09T12:58:35.909950633Z:                         ##         .
[STDERR  ] 2018-01-09T12:58:35.909959467Z:                   ## ## ##        ==
[STDERR  ] 2018-01-09T12:58:35.909967837Z:                ## ## ## ## ##    ===
[STDERR  ] 2018-01-09T12:58:35.909976174Z:            /"""""""""""""""""\___/ ===
[STDERR  ] 2018-01-09T12:58:35.909984567Z:           {                       /  ===-
[STDERR  ] 2018-01-09T12:58:35.909992894Z:            \______ O           __/
[STDERR  ] 2018-01-09T12:58:35.91000139Z:              \    \         __/
[STDERR  ] 2018-01-09T12:58:35.910011848Z:               \____\_______/
[STDERR  ] 2018-01-09T12:58:35.910020281Z: 
[STDERR  ] 2018-01-09T12:58:35.910029192Z: Linux linuxkit-f2bcb1a09fec 4.14.12-linuxkit #1 SMP Sat Jan 6 11:40:54 UTC 2018 x86_64 Linux
[STDERR  ] 2018-01-09T12:58:35.910038007Z: filename:       hello_world.ko
[STDERR  ] 2018-01-09T12:58:35.910046463Z: author:         Rolf Neugebauer <rolf.neugebauer@docker.com>
[STDERR  ] 2018-01-09T12:58:35.910063459Z: description:    A simple Hello World kernel module for testing
[STDERR  ] 2018-01-09T12:58:35.910072119Z: license:        GPL
[STDERR  ] 2018-01-09T12:58:35.910080647Z: depends:        
[STDERR  ] 2018-01-09T12:58:35.910089102Z: vermagic:       4.14.12-linuxkit SMP mod_unload modversions RANDSTRUCT_PLUGIN_0ae9258a1212e05bcd68465e35cf0cfe599bb22be3aa8895a52094990ef5d14a
[STDERR  ] 2018-01-09T12:58:35.910098073Z: [   11.813214] hello_world: loading out-of-tree module taints kernel.
[STDERR  ] 2018-01-09T12:58:35.910107271Z: [   11.822471] Hello LinuxKit
[STDERR  ] 2018-01-09T12:58:35.910116016Z: [   11.908751] Goodbye LinuxKit.
[STDERR  ] 2018-01-09T12:58:35.910124788Z: Kernel module test suite PASSED
[STDERR  ] 2018-01-09T12:58:35.910133205Z: [   15.983491] ACPI: Preparing to enter system sleep state S5
[STDERR  ] 2018-01-09T12:58:35.910141608Z: [   15.984963] reboot: Power down
[STDERR  ] 2018-01-09T12:58:35.910150001Z: + grep -q Hello LinuxKit
[STDERR  ] 2018-01-09T12:58:35.910921855Z: + echo [    0.000000] Linux version 4.14.12-linuxkit (root@4ff2815afb3e) (gcc version 6.4.0 (Alpine 6.4.0)) #1 SMP Sat Jan 6 11:40:54 UTC 2018
[STDERR  ] 2018-01-09T12:58:35.91094758Z: [    0.000000] Command line: console=ttyS0 console=ttyAMA0
[STDERR  ] 2018-01-09T12:58:35.910956986Z: [    0.000000] x86/fpu: x87 FPU will use FXSAVE
[STDERR  ] 2018-01-09T12:58:35.910966601Z: [    0.000000] e820: BIOS-provided physical RAM map:
[STDERR  ] 2018-01-09T12:58:35.910975725Z: [    0.000000] BIOS-e820: [mem 0x0000000000000000-0x000000000009fbff] usable
[STDERR  ] 2018-01-09T12:58:35.910984481Z: [    0.000000] BIOS-e820: [mem 0x000000000009fc00-0x000000000009ffff] reserved
[STDERR  ] 2018-01-09T12:58:35.910993393Z: [    0.000000] BIOS-e820: [mem 0x00000000000f0000-0x00000000000fffff] reserved
[STDERR  ] 2018-01-09T12:58:35.911002063Z: [    0.000000] BIOS-e820: [mem 0x0000000000100000-0x000000003ffdefff] usable
[STDERR  ] 2018-01-09T12:58:35.91101356Z: [    0.000000] BIOS-e820: [mem 0x000000003ffdf000-0x000000003fffffff] reserved
[STDERR  ] 2018-01-09T12:58:35.911022584Z: [    0.000000] BIOS-e820: [mem 0x00000000b0000000-0x00000000bfffffff] reserved
[STDERR  ] 2018-01-09T12:58:35.911031802Z: [    0.000000] BIOS-e820: [mem 0x00000000fed1c000-0x00000000fed1ffff] reserved
[STDERR  ] 2018-01-09T12:58:35.911041432Z: [    0.000000] BIOS-e820: [mem 0x00000000fffc0000-0x00000000ffffffff] reserved
[STDERR  ] 2018-01-09T12:58:35.911049528Z: [    0.000000] NX (Execute Disable) protection: active
[STDERR  ] 2018-01-09T12:58:35.911065682Z: [    0.000000] random: fast init done
[STDERR  ] 2018-01-09T12:58:35.911074081Z: [    0.000000] SMBIOS 2.8 present.
[STDERR  ] 2018-01-09T12:58:35.911082632Z: [    0.000000] DMI: QEMU Standard PC (Q35 + ICH9, 2009), BIOS rel-1.10.2-0-g5f4c7b1-prebuilt.qemu-project.org 04/01/2014
[STDERR  ] 2018-01-09T12:58:35.911092687Z: [    0.000000] tsc: Fast TSC calibration using PIT
[STDERR  ] 2018-01-09T12:58:35.91110124Z: [    0.000000] e820: last_pfn = 0x3ffdf max_arch_pfn = 0x400000000
[STDERR  ] 2018-01-09T12:58:35.911123908Z: [    0.000000] x86/PAT: Configuration [0-7]: WB  WC  UC- UC  WB  WP  UC- WT  
[STDERR  ] 2018-01-09T12:58:35.911132089Z: [    0.000000] found SMP MP-table at [mem 0x000f6aa0-0x000f6aaf] mapped at [ffffffffff200aa0]
[STDERR  ] 2018-01-09T12:58:35.911140586Z: [    0.000000] RAMDISK: [mem 0x3e6e5000-0x3ffcffff]
[STDERR  ] 2018-01-09T12:58:35.91114918Z: [    0.000000] ACPI: Early table checksum verification disabled
[STDERR  ] 2018-01-09T12:58:35.911158135Z: [    0.000000] ACPI: RSDP 0x00000000000F68B0 000014 (v00 BOCHS )
[STDERR  ] 2018-01-09T12:58:35.911166926Z: [    0.000000] ACPI: RSDT 0x000000003FFE20A8 000034 (v01 BOCHS  BXPCRSDT 00000001 BXPC 00000001)
[STDERR  ] 2018-01-09T12:58:35.911175492Z: [    0.000000] ACPI: FACP 0x000000003FFE1EC8 0000F4 (v03 BOCHS  BXPCFACP 00000001 BXPC 00000001)
[STDERR  ] 2018-01-09T12:58:35.911183635Z: [    0.000000] ACPI: DSDT 0x000000003FFE0040 001E88 (v01 BOCHS  BXPCDSDT 00000001 BXPC 00000001)
[STDERR  ] 2018-01-09T12:58:35.911196918Z: [    0.000000] ACPI: FACS 0x000000003FFE0000 000040
[STDERR  ] 2018-01-09T12:58:35.91120616Z: [    0.000000] ACPI: APIC 0x000000003FFE1FBC 000078 (v01 BOCHS  BXPCAPIC 00000001 BXPC 00000001)
[STDERR  ] 2018-01-09T12:58:35.911214868Z: [    0.000000] ACPI: HPET 0x000000003FFE2034 000038 (v01 BOCHS  BXPCHPET 00000001 BXPC 00000001)
[STDERR  ] 2018-01-09T12:58:35.911220923Z: [    0.000000] ACPI: MCFG 0x000000003FFE206C 00003C (v01 BOCHS  BXPCMCFG 00000001 BXPC 00000001)
[STDERR  ] 2018-01-09T12:58:35.911230359Z: [    0.000000] Zone ranges:
[STDERR  ] 2018-01-09T12:58:35.911236803Z: [    0.000000]   DMA      [mem 0x0000000000001000-0x0000000000ffffff]
[STDERR  ] 2018-01-09T12:58:35.911242894Z: [    0.000000]   DMA32    [mem 0x0000000001000000-0x000000003ffdefff]
[STDERR  ] 2018-01-09T12:58:35.911249262Z: [    0.000000]   Normal   empty
[STDERR  ] 2018-01-09T12:58:35.9112554Z: [    0.000000]   Device   empty
[STDERR  ] 2018-01-09T12:58:35.91126136Z: [    0.000000] Movable zone start for each node
[STDERR  ] 2018-01-09T12:58:35.911267749Z: [    0.000000] Early memory node ranges
[STDERR  ] 2018-01-09T12:58:35.911273864Z: [    0.000000]   node   0: [mem 0x0000000000001000-0x000000000009efff]
[STDERR  ] 2018-01-09T12:58:35.911279931Z: [    0.000000]   node   0: [mem 0x0000000000100000-0x000000003ffdefff]
[STDERR  ] 2018-01-09T12:58:35.911285705Z: [    0.000000] Initmem setup node 0 [mem 0x0000000000001000-0x000000003ffdefff]
[STDERR  ] 2018-01-09T12:58:35.911291475Z: [    0.000000] ACPI: PM-Timer IO Port: 0x608
[STDERR  ] 2018-01-09T12:58:35.911297166Z: [    0.000000] ACPI: LAPIC_NMI (acpi_id[0xff] dfl dfl lint[0x1])
[STDERR  ] 2018-01-09T12:58:35.911302797Z: [    0.000000] IOAPIC[0]: apic_id 0, version 32, address 0xfec00000, GSI 0-23
[STDERR  ] 2018-01-09T12:58:35.911308563Z: [    0.000000] ACPI: INT_SRC_OVR (bus 0 bus_irq 0 global_irq 2 dfl dfl)
[STDERR  ] 2018-01-09T12:58:35.911314175Z: [    0.000000] ACPI: INT_SRC_OVR (bus 0 bus_irq 5 global_irq 5 high level)
[STDERR  ] 2018-01-09T12:58:35.91131991Z: [    0.000000] ACPI: INT_SRC_OVR (bus 0 bus_irq 9 global_irq 9 high level)
[STDERR  ] 2018-01-09T12:58:35.911325624Z: [    0.000000] ACPI: INT_SRC_OVR (bus 0 bus_irq 10 global_irq 10 high level)
[STDERR  ] 2018-01-09T12:58:35.91133283Z: [    0.000000] ACPI: INT_SRC_OVR (bus 0 bus_irq 11 global_irq 11 high level)
[STDERR  ] 2018-01-09T12:58:35.911340859Z: [    0.000000] Using ACPI (MADT) for SMP configuration information
[STDERR  ] 2018-01-09T12:58:35.911346662Z: [    0.000000] ACPI: HPET id: 0x8086a201 base: 0xfed00000
[STDERR  ] 2018-01-09T12:58:35.911356033Z: [    0.000000] smpboot: Allowing 1 CPUs, 0 hotplug CPUs
[STDERR  ] 2018-01-09T12:58:35.911361855Z: [    0.000000] e820: [mem 0x40000000-0xafffffff] available for PCI devices
[STDERR  ] 2018-01-09T12:58:35.911367521Z: [    0.000000] Booting paravirtualized kernel on bare hardware
[STDERR  ] 2018-01-09T12:58:35.911373177Z: [    0.000000] clocksource: refined-jiffies: mask: 0xffffffff max_cycles: 0xffffffff, max_idle_ns: 19112604462750000 ns
[STDERR  ] 2018-01-09T12:58:35.911378979Z: [    0.000000] setup_percpu: NR_CPUS:128 nr_cpumask_bits:128 nr_cpu_ids:1 nr_node_ids:1
[STDERR  ] 2018-01-09T12:58:35.911384684Z: [    0.000000] percpu: Embedded 44 pages/cpu @ffff92b33e400000 s143064 r8192 d28968 u2097152
[STDERR  ] 2018-01-09T12:58:35.911392516Z: [    0.000000] Built 1 zonelists, mobility grouping on.  Total pages: 257896
[STDERR  ] 2018-01-09T12:58:35.911398229Z: [    0.000000] Kernel command line: console=ttyS0 console=ttyAMA0
[STDERR  ] 2018-01-09T12:58:35.911404301Z: [    0.000000] PID hash table entries: 4096 (order: 3, 32768 bytes)
[STDERR  ] 2018-01-09T12:58:35.911409945Z: [    0.000000] Dentry cache hash table entries: 131072 (order: 8, 1048576 bytes)
[STDERR  ] 2018-01-09T12:58:35.911415636Z: [    0.000000] Inode-cache hash table entries: 65536 (order: 7, 524288 bytes)
[STDERR  ] 2018-01-09T12:58:35.911422053Z: [    0.000000] Memory: 979260K/1048052K available (12300K kernel code, 1445K rwdata, 2952K rodata, 1492K init, 628K bss, 68792K reserved, 0K cma-reserved)
[STDERR  ] 2018-01-09T12:58:35.911430789Z: [    0.000000] ftrace: allocating 40621 entries in 159 pages
[STDERR  ] 2018-01-09T12:58:35.911437731Z: [    0.000000] Hierarchical RCU implementation.
[STDERR  ] 2018-01-09T12:58:35.911443495Z: [    0.000000] 	RCU restricting CPUs from NR_CPUS=128 to nr_cpu_ids=1.
[STDERR  ] 2018-01-09T12:58:35.911449098Z: [    0.000000] RCU: Adjusting geometry for rcu_fanout_leaf=16, nr_cpu_ids=1
[STDERR  ] 2018-01-09T12:58:35.911455142Z: [    0.000000] NR_IRQS: 8448, nr_irqs: 256, preallocated irqs: 16
[STDERR  ] 2018-01-09T12:58:35.911461185Z: [    0.000000] Console: colour VGA+ 80x25
[STDERR  ] 2018-01-09T12:58:35.911466773Z: [    0.000000] console [ttyS0] enabled
[STDERR  ] 2018-01-09T12:58:35.911473021Z: [    0.000000] clocksource: hpet: mask: 0xffffffff max_cycles: 0xffffffff, max_idle_ns: 19112604467 ns
[STDERR  ] 2018-01-09T12:58:35.911478812Z: [    0.000000] tsc: Fast TSC calibration using PIT
[STDERR  ] 2018-01-09T12:58:35.911484541Z: [    0.000000] tsc: Detected 2599.620 MHz processor
[STDERR  ] 2018-01-09T12:58:35.911490338Z: [    0.001740] Calibrating delay loop (skipped), value calculated using timer frequency.. 5199.24 BogoMIPS (lpj=25996200)
[STDERR  ] 2018-01-09T12:58:35.911496304Z: [    0.002206] pid_max: default: 32768 minimum: 301
[STDERR  ] 2018-01-09T12:58:35.911502006Z: [    0.002896] ACPI: Core revision 20170728
[STDERR  ] 2018-01-09T12:58:35.911510122Z: [    0.034742] ACPI: 1 ACPI AML tables successfully acquired and loaded
[STDERR  ] 2018-01-09T12:58:35.911515955Z: [    0.036828] Security Framework initialized
[STDERR  ] 2018-01-09T12:58:35.911521557Z: [    0.037297] Yama: becoming mindful.
[STDERR  ] 2018-01-09T12:58:35.91152909Z: [    0.039728] Mount-cache hash table entries: 2048 (order: 2, 16384 bytes)
[STDERR  ] 2018-01-09T12:58:35.911535119Z: [    0.040138] Mountpoint-cache hash table entries: 2048 (order: 2, 16384 bytes)
[STDERR  ] 2018-01-09T12:58:35.911540922Z: [    0.056839] Last level iTLB entries: 4KB 0, 2MB 0, 4MB 0
[STDERR  ] 2018-01-09T12:58:35.9115466Z: [    0.057203] Last level dTLB entries: 4KB 0, 2MB 0, 4MB 0, 1GB 0
[STDERR  ] 2018-01-09T12:58:35.911552336Z: [    0.339306] Freeing SMP alternatives memory: 20K
[STDERR  ] 2018-01-09T12:58:35.9115579Z: [    0.360584] smpboot: Max logical packages: 1
[STDERR  ] 2018-01-09T12:58:35.91156369Z: [    0.366985] ..TIMER: vector=0x30 apic1=0 pin1=2 apic2=-1 pin2=-1
[STDERR  ] 2018-01-09T12:58:35.911569337Z: [    0.470000] smpboot: CPU0: AMD QEMU Virtual CPU version 2.5+ (family: 0x6, model: 0x6, stepping: 0x3)
[STDERR  ] 2018-01-09T12:58:35.91157851Z: [    0.470000] Performance Events: PMU not available due to virtualization, using software events only.
[STDERR  ] 2018-01-09T12:58:35.911584853Z: [    0.470940] Hierarchical SRCU implementation.
[STDERR  ] 2018-01-09T12:58:35.911590855Z: [    0.476262] NMI watchdog: Perf event create on CPU 0 failed with -2
[STDERR  ] 2018-01-09T12:58:35.911596556Z: [    0.476824] NMI watchdog: Perf NMI watchdog permanently disabled
[STDERR  ] 2018-01-09T12:58:35.911602291Z: [    0.480401] smp: Bringing up secondary CPUs ...
[STDERR  ] 2018-01-09T12:58:35.911607864Z: [    0.480723] smp: Brought up 1 node, 1 CPU
[STDERR  ] 2018-01-09T12:58:35.91161358Z: [    0.481021] smpboot: Total of 1 processors activated (5199.24 BogoMIPS)
[STDERR  ] 2018-01-09T12:58:35.911619307Z: [    0.496716] devtmpfs: initialized
[STDERR  ] 2018-01-09T12:58:35.911625105Z: [    0.502242] x86/mm: Memory block size: 128MB
[STDERR  ] 2018-01-09T12:58:35.911633352Z: [    0.509442] clocksource: jiffies: mask: 0xffffffff max_cycles: 0xffffffff, max_idle_ns: 19112604462750000 ns
[STDERR  ] 2018-01-09T12:58:35.911641309Z: [    0.510254] futex hash table entries: 256 (order: 2, 16384 bytes)
[STDERR  ] 2018-01-09T12:58:35.911649291Z: [    0.518309] NET: Registered protocol family 16
[STDERR  ] 2018-01-09T12:58:35.91165692Z: [    0.524309] cpuidle: using governor ladder
[STDERR  ] 2018-01-09T12:58:35.911664773Z: [    0.524691] cpuidle: using governor menu
[STDERR  ] 2018-01-09T12:58:35.91167588Z: [    0.526009] ACPI: bus type PCI registered
[STDERR  ] 2018-01-09T12:58:35.911683874Z: [    0.528357] PCI: MMCONFIG for domain 0000 [bus 00-ff] at [mem 0xb0000000-0xbfffffff] (base 0xb0000000)
[STDERR  ] 2018-01-09T12:58:35.911694163Z: [    0.528813] PCI: MMCONFIG at [mem 0xb0000000-0xbfffffff] reserved in E820
[STDERR  ] 2018-01-09T12:58:35.911703408Z: [    0.529541] PCI: Using configuration type 1 for base access
[STDERR  ] 2018-01-09T12:58:35.911709491Z: [    0.567219] HugeTLB registered 2.00 MiB page size, pre-allocated 0 pages
[STDERR  ] 2018-01-09T12:58:35.91171563Z: [    0.577600] ACPI: Added _OSI(Module Device)
[STDERR  ] 2018-01-09T12:58:35.911721385Z: [    0.577892] ACPI: Added _OSI(Processor Device)
[STDERR  ] 2018-01-09T12:58:35.911727243Z: [    0.578149] ACPI: Added _OSI(3.0 _SCP Extensions)
[STDERR  ] 2018-01-09T12:58:35.91173302Z: [    0.578374] ACPI: Added _OSI(Processor Aggregator Device)
[STDERR  ] 2018-01-09T12:58:35.911738845Z: [    0.623780] ACPI: Interpreter enabled
[STDERR  ] 2018-01-09T12:58:35.91174476Z: [    0.624652] ACPI: (supports S0 S5)
[STDERR  ] 2018-01-09T12:58:35.911750464Z: [    0.624975] ACPI: Using IOAPIC for interrupt routing
[STDERR  ] 2018-01-09T12:58:35.911758718Z: [    0.627316] PCI: Using host bridge windows from ACPI; if necessary, use "pci=nocrs" and report a bug
[STDERR  ] 2018-01-09T12:58:35.911764498Z: [    0.630000] ACPI: Enabled 1 GPEs in block 00 to 3F
[STDERR  ] 2018-01-09T12:58:35.911770282Z: [    0.676674] ACPI: PCI Root Bridge [PCI0] (domain 0000 [bus 00-ff])
[STDERR  ] 2018-01-09T12:58:35.911775957Z: [    0.677631] acpi PNP0A08:00: _OSC: OS supports [ExtendedConfig ASPM ClockPM Segments MSI]
[STDERR  ] 2018-01-09T12:58:35.911783337Z: [    0.681981] acpi PNP0A08:00: _OSC: OS now controls [PCIeHotplug PME PCIeCapability]
[STDERR  ] 2018-01-09T12:58:35.911789058Z: [    0.685296] PCI host bridge to bus 0000:00
[STDERR  ] 2018-01-09T12:58:35.911794782Z: [    0.685802] pci_bus 0000:00: root bus resource [io  0x0000-0x0cf7 window]
[STDERR  ] 2018-01-09T12:58:35.911800513Z: [    0.686203] pci_bus 0000:00: root bus resource [io  0x0d00-0xffff window]
[STDERR  ] 2018-01-09T12:58:35.911806395Z: [    0.686490] pci_bus 0000:00: root bus resource [mem 0x000a0000-0x000bffff window]
[STDERR  ] 2018-01-09T12:58:35.911812054Z: [    0.686852] pci_bus 0000:00: root bus resource [mem 0xc0000000-0xfebfffff window]
[STDERR  ] 2018-01-09T12:58:35.911817963Z: [    0.687366] pci_bus 0000:00: root bus resource [bus 00-ff]
[STDERR  ] 2018-01-09T12:58:35.911823657Z: [    0.846609] pci 0000:00:1f.0: quirk: [io  0x0600-0x067f] claimed by ICH6 ACPI/GPIO/TCO
[STDERR  ] 2018-01-09T12:58:35.911832658Z: [    0.935321] ACPI: PCI Interrupt Link [LNKA] (IRQs 5 *10 11)
[STDERR  ] 2018-01-09T12:58:35.911838384Z: [    0.937311] ACPI: PCI Interrupt Link [LNKB] (IRQs 5 *10 11)
[STDERR  ] 2018-01-09T12:58:35.911844155Z: [    0.939013] ACPI: PCI Interrupt Link [LNKC] (IRQs 5 10 *11)
[STDERR  ] 2018-01-09T12:58:35.911849809Z: [    0.941647] ACPI: PCI Interrupt Link [LNKD] (IRQs 5 10 *11)
[STDERR  ] 2018-01-09T12:58:35.911855456Z: [    0.942919] ACPI: PCI Interrupt Link [LNKE] (IRQs 5 *10 11)
[STDERR  ] 2018-01-09T12:58:35.911861346Z: [    0.944078] ACPI: PCI Interrupt Link [LNKF] (IRQs 5 *10 11)
[STDERR  ] 2018-01-09T12:58:35.911870347Z: [    0.945276] ACPI: PCI Interrupt Link [LNKG] (IRQs 5 10 *11)
[STDERR  ] 2018-01-09T12:58:35.911875963Z: [    0.946471] ACPI: PCI Interrupt Link [LNKH] (IRQs 5 10 *11)
[STDERR  ] 2018-01-09T12:58:35.911881528Z: [    0.947106] ACPI: PCI Interrupt Link [GSIA] (IRQs *16)
[STDERR  ] 2018-01-09T12:58:35.911887182Z: [    0.947584] ACPI: PCI Interrupt Link [GSIB] (IRQs *17)
[STDERR  ] 2018-01-09T12:58:35.911892766Z: [    0.948108] ACPI: PCI Interrupt Link [GSIC] (IRQs *18)
[STDERR  ] 2018-01-09T12:58:35.911898355Z: [    0.948630] ACPI: PCI Interrupt Link [GSID] (IRQs *19)
[STDERR  ] 2018-01-09T12:58:35.911903977Z: [    0.949140] ACPI: PCI Interrupt Link [GSIE] (IRQs *20)
[STDERR  ] 2018-01-09T12:58:35.911909527Z: [    0.949650] ACPI: PCI Interrupt Link [GSIF] (IRQs *21)
[STDERR  ] 2018-01-09T12:58:35.911918014Z: [    0.950303] ACPI: PCI Interrupt Link [GSIG] (IRQs *22)
[STDERR  ] 2018-01-09T12:58:35.911923655Z: [    0.950833] ACPI: PCI Interrupt Link [GSIH] (IRQs *23)
[STDERR  ] 2018-01-09T12:58:35.911929204Z: [    0.957493] SCSI subsystem initialized
[STDERR  ] 2018-01-09T12:58:35.911935154Z: [    0.959748] ACPI: bus type USB registered
[STDERR  ] 2018-01-09T12:58:35.911940817Z: [    0.960720] usbcore: registered new interface driver usbfs
[STDERR  ] 2018-01-09T12:58:35.911946559Z: [    0.961401] usbcore: registered new interface driver hub
[STDERR  ] 2018-01-09T12:58:35.911952266Z: [    0.962064] usbcore: registered new device driver usb
[STDERR  ] 2018-01-09T12:58:35.911957809Z: [    0.962907] pps_core: LinuxPPS API ver. 1 registered
[STDERR  ] 2018-01-09T12:58:35.911963428Z: [    0.963132] pps_core: Software ver. 5.3.6 - Copyright 2005-2007 Rodolfo Giometti <giometti@linux.it>
[STDERR  ] 2018-01-09T12:58:35.911969089Z: [    0.963746] PTP clock support registered
[STDERR  ] 2018-01-09T12:58:35.911976909Z: [    0.966018] PCI: Using ACPI for IRQ routing
[STDERR  ] 2018-01-09T12:58:35.911982513Z: [    0.980547] NetLabel: Initializing
[STDERR  ] 2018-01-09T12:58:35.911988029Z: [    0.980748] NetLabel:  domain hash size = 128
[STDERR  ] 2018-01-09T12:58:35.911993567Z: [    0.980983] NetLabel:  protocols = UNLABELED CIPSOv4 CALIPSO
[STDERR  ] 2018-01-09T12:58:35.911999222Z: [    0.983038] NetLabel:  unlabeled traffic allowed by default
[STDERR  ] 2018-01-09T12:58:35.912005052Z: [    0.984067] HPET: 3 timers in total, 0 timers will be used for per-cpu timer
[STDERR  ] 2018-01-09T12:58:35.912010617Z: [    0.984783] hpet0: at MMIO 0xfed00000, IRQs 2, 8, 0
[STDERR  ] 2018-01-09T12:58:35.912016224Z: [    0.985167] hpet0: 3 comparators, 64-bit 100.000000 MHz counter
[STDERR  ] 2018-01-09T12:58:35.912024062Z: [    0.991516] clocksource: Switched to clocksource hpet
[STDERR  ] 2018-01-09T12:58:35.912029624Z: [    1.186895] VFS: Disk quotas dquot_6.6.0
[STDERR  ] 2018-01-09T12:58:35.912035214Z: [    1.187541] VFS: Dquot-cache hash table entries: 512 (order 0, 4096 bytes)
[STDERR  ] 2018-01-09T12:58:35.912041727Z: [    1.190981] FS-Cache: Loaded
[STDERR  ] 2018-01-09T12:58:35.912047475Z: [    1.195958] CacheFiles: Loaded
[STDERR  ] 2018-01-09T12:58:35.912054015Z: [    1.197235] pnp: PnP ACPI init
[STDERR  ] 2018-01-09T12:58:35.912059797Z: [    1.205907] pnp: PnP ACPI: found 5 devices
[STDERR  ] 2018-01-09T12:58:35.912065398Z: [    1.237944] clocksource: acpi_pm: mask: 0xffffff max_cycles: 0xffffff, max_idle_ns: 2085701024 ns
[STDERR  ] 2018-01-09T12:58:35.91207424Z: [    1.241731] NET: Registered protocol family 2
[STDERR  ] 2018-01-09T12:58:35.912079904Z: [    1.248367] TCP established hash table entries: 8192 (order: 4, 65536 bytes)
[STDERR  ] 2018-01-09T12:58:35.91208563Z: [    1.249131] TCP bind hash table entries: 8192 (order: 5, 131072 bytes)
[STDERR  ] 2018-01-09T12:58:35.912091455Z: [    1.249736] TCP: Hash tables configured (established 8192 bind 8192)
[STDERR  ] 2018-01-09T12:58:35.912097079Z: [    1.252319] UDP hash table entries: 512 (order: 2, 16384 bytes)
[STDERR  ] 2018-01-09T12:58:35.912102689Z: [    1.252935] UDP-Lite hash table entries: 512 (order: 2, 16384 bytes)
[STDERR  ] 2018-01-09T12:58:35.912113243Z: [    1.255159] NET: Registered protocol family 1
[STDERR  ] 2018-01-09T12:58:35.912118866Z: [    1.256447] pci 0000:00:01.0: Video device with shadowed ROM at [mem 0x000c0000-0x000dffff]
[STDERR  ] 2018-01-09T12:58:35.912124551Z: [    1.262189] Trying to unpack rootfs image as initramfs...
[STDERR  ] 2018-01-09T12:58:35.912130199Z: [    4.472215] Freeing initrd memory: 25516K
[STDERR  ] 2018-01-09T12:58:35.912135758Z: [    4.493885] PCLMULQDQ-NI instructions are not detected.
[STDERR  ] 2018-01-09T12:58:35.912141349Z: [    4.495275] AVX or AES-NI instructions are not detected.
[STDERR  ] 2018-01-09T12:58:35.912148833Z: [    4.495733] CPU feature 'AVX registers' is not supported.
[STDERR  ] 2018-01-09T12:58:35.91215444Z: [    4.496080] CPU feature 'AVX registers' is not supported.
[STDERR  ] 2018-01-09T12:58:35.912162873Z: [    4.496411] CPU feature 'AVX registers' is not supported.
[STDERR  ] 2018-01-09T12:58:35.912168612Z: [    4.496737] CPU feature 'AVX registers' is not supported.
[STDERR  ] 2018-01-09T12:58:35.912174433Z: [    4.497079] AVX2 or AES-NI instructions are not detected.
[STDERR  ] 2018-01-09T12:58:35.912181445Z: [    4.497422] AVX2 instructions are not detected.
[STDERR  ] 2018-01-09T12:58:35.912187126Z: [    4.502082] audit: initializing netlink subsys (disabled)
[STDERR  ] 2018-01-09T12:58:35.912192756Z: [    4.507055] audit: type=2000 audit(1515502702.500:1): state=initialized audit_enabled=0 res=1
[STDERR  ] 2018-01-09T12:58:35.912198501Z: [    4.508099] workingset: timestamp_bits=46 max_order=18 bucket_order=0
[STDERR  ] 2018-01-09T12:58:35.91220417Z: [    4.512984] squashfs: version 4.0 (2009/01/31) Phillip Lougher
[STDERR  ] 2018-01-09T12:58:35.912209879Z: [    4.514988] FS-Cache: Netfs 'cifs' registered for caching
[STDERR  ] 2018-01-09T12:58:35.912215588Z: [    4.516660] fuse init (API version 7.26)
[STDERR  ] 2018-01-09T12:58:35.912221205Z: [    4.518993] SGI XFS with ACLs, security attributes, no debug enabled
[STDERR  ] 2018-01-09T12:58:35.912226817Z: [    4.522830] 9p: Installing v9fs 9p2000 file system support
[STDERR  ] 2018-01-09T12:58:35.912232545Z: [    4.523250] FS-Cache: Netfs '9p' registered for caching
[STDERR  ] 2018-01-09T12:58:35.912238282Z: [    4.551824] NET: Registered protocol family 38
[STDERR  ] 2018-01-09T12:58:35.91224427Z: [    4.552375] Key type asymmetric registered
[STDERR  ] 2018-01-09T12:58:35.912249974Z: [    4.552675] Asymmetric key parser 'x509' registered
[STDERR  ] 2018-01-09T12:58:35.912255653Z: [    4.553448] Block layer SCSI generic (bsg) driver version 0.4 loaded (major 248)
[STDERR  ] 2018-01-09T12:58:35.912262305Z: [    4.555005] io scheduler noop registered
[STDERR  ] 2018-01-09T12:58:35.912268321Z: [    4.555294] io scheduler deadline registered (default)
[STDERR  ] 2018-01-09T12:58:35.91227399Z: [    4.556199] io scheduler cfq registered
[STDERR  ] 2018-01-09T12:58:35.912280002Z: [    4.556441] io scheduler mq-deadline registered
[STDERR  ] 2018-01-09T12:58:35.912285606Z: [    4.556649] io scheduler kyber registered
[STDERR  ] 2018-01-09T12:58:35.912291213Z: [    4.559293] shpchp: Standard Hot Plug PCI Controller Driver version: 0.4
[STDERR  ] 2018-01-09T12:58:35.912297584Z: [    4.559975] hv_vmbus: registering driver hyperv_fb
[STDERR  ] 2018-01-09T12:58:35.912305164Z: [    4.563730] input: Power Button as /devices/LNXSYSTM:00/LNXPWRBN:00/input/input0
[STDERR  ] 2018-01-09T12:58:35.91231378Z: [    4.566399] ACPI: Power Button [PWRF]
[STDERR  ] 2018-01-09T12:58:35.912319619Z: [    4.578097] ACPI: PCI Interrupt Link [GSIG] enabled at IRQ 22
[STDERR  ] 2018-01-09T12:58:35.912325244Z: [    4.589495] ACPI: PCI Interrupt Link [GSIH] enabled at IRQ 23
[STDERR  ] 2018-01-09T12:58:35.912332316Z: [    4.596429] Serial: 8250/16550 driver, 4 ports, IRQ sharing disabled
[STDERR  ] 2018-01-09T12:58:35.912337925Z: [    4.620242] 00:04: ttyS0 at I/O 0x3f8 (irq = 4, base_baud = 115200) is a 16550A
[STDERR  ] 2018-01-09T12:58:35.912343509Z: [    4.629381] Non-volatile memory driver v1.3
[STDERR  ] 2018-01-09T12:58:35.912349189Z: [    4.637132] Hangcheck: starting hangcheck timer 0.9.1 (tick is 180 seconds, margin is 60 seconds).
[STDERR  ] 2018-01-09T12:58:35.912354899Z: [    4.645463] random: crng init done
[STDERR  ] 2018-01-09T12:58:35.912360455Z: [    4.692371] brd: module loaded
[STDERR  ] 2018-01-09T12:58:35.912366012Z: [    4.716621] loop: module loaded
[STDERR  ] 2018-01-09T12:58:35.912371554Z: [    4.757410] lpc_ich 0000:00:1f.0: I/O space for GPIO uninitialized
[STDERR  ] 2018-01-09T12:58:35.912377244Z: [    4.759490] VMware PVSCSI driver - version 1.0.7.0-k
[STDERR  ] 2018-01-09T12:58:35.912382721Z: [    4.760460] hv_vmbus: registering driver hv_storvsc
[STDERR  ] 2018-01-09T12:58:35.912388212Z: [    4.767800] ACPI: PCI Interrupt Link [GSIA] enabled at IRQ 16
[STDERR  ] 2018-01-09T12:58:35.912393708Z: [    4.774014] ahci 0000:00:1f.2: AHCI 0001.0000 32 slots 6 ports 1.5 Gbps 0x3f impl SATA mode
[STDERR  ] 2018-01-09T12:58:35.912402235Z: [    4.774591] ahci 0000:00:1f.2: flags: 64bit ncq only 
[STDERR  ] 2018-01-09T12:58:35.912407891Z: [    4.787162] scsi host0: ahci
[STDERR  ] 2018-01-09T12:58:35.912413548Z: [    4.791100] scsi host1: ahci
[STDERR  ] 2018-01-09T12:58:35.912419116Z: [    4.792812] scsi host2: ahci
[STDERR  ] 2018-01-09T12:58:35.912424854Z: [    4.794253] scsi host3: ahci
[STDERR  ] 2018-01-09T12:58:35.91243034Z: [    4.795595] scsi host4: ahci
[STDERR  ] 2018-01-09T12:58:35.912435933Z: [    4.796950] scsi host5: ahci
[STDERR  ] 2018-01-09T12:58:35.912442546Z: [    4.798029] ata1: SATA max UDMA/133 abar m4096@0xfebd2000 port 0xfebd2100 irq 24
[STDERR  ] 2018-01-09T12:58:35.912448507Z: [    4.798455] ata2: SATA max UDMA/133 abar m4096@0xfebd2000 port 0xfebd2180 irq 24
[STDERR  ] 2018-01-09T12:58:35.912454123Z: [    4.798751] ata3: SATA max UDMA/133 abar m4096@0xfebd2000 port 0xfebd2200 irq 24
[STDERR  ] 2018-01-09T12:58:35.912459637Z: [    4.799085] ata4: SATA max UDMA/133 abar m4096@0xfebd2000 port 0xfebd2280 irq 24
[STDERR  ] 2018-01-09T12:58:35.91246513Z: [    4.799407] ata5: SATA max UDMA/133 abar m4096@0xfebd2000 port 0xfebd2300 irq 24
[STDERR  ] 2018-01-09T12:58:35.912470637Z: [    4.799705] ata6: SATA max UDMA/133 abar m4096@0xfebd2000 port 0xfebd2380 irq 24
[STDERR  ] 2018-01-09T12:58:35.912476126Z: [    4.809209] tun: Universal TUN/TAP device driver, 1.6
[STDERR  ] 2018-01-09T12:58:35.91248176Z: [    4.819224] VMware vmxnet3 virtual NIC driver - version 1.4.a.0-k-NAPI
[STDERR  ] 2018-01-09T12:58:35.912487336Z: [    4.820500] hv_vmbus: registering driver hv_netvsc
[STDERR  ] 2018-01-09T12:58:35.912492917Z: [    4.820759] Fusion MPT base driver 3.04.20
[STDERR  ] 2018-01-09T12:58:35.912498462Z: [    4.820996] Copyright (c) 1999-2008 LSI Corporation
[STDERR  ] 2018-01-09T12:58:35.912503957Z: [    4.821452] Fusion MPT SPI Host driver 3.04.20
[STDERR  ] 2018-01-09T12:58:35.912509464Z: [    4.823203] i8042: PNP: PS/2 Controller [PNP0303:KBD,PNP0f13:MOU] at 0x60,0x64 irq 1,12
[STDERR  ] 2018-01-09T12:58:35.912515132Z: [    4.827144] serio: i8042 KBD port at 0x60,0x64 irq 1
[STDERR  ] 2018-01-09T12:58:35.912520628Z: [    4.827705] serio: i8042 AUX port at 0x60,0x64 irq 12
[STDERR  ] 2018-01-09T12:58:35.91252802Z: [    4.829667] hv_vmbus: registering driver hyperv_keyboard
[STDERR  ] 2018-01-09T12:58:35.912533554Z: [    4.831636] mousedev: PS/2 mouse device common for all mice
[STDERR  ] 2018-01-09T12:58:35.91253906Z: [    4.835404] input: AT Translated Set 2 keyboard as /devices/platform/i8042/serio0/input/input1
[STDERR  ] 2018-01-09T12:58:35.912548246Z: [    4.837432] input: PC Speaker as /devices/platform/pcspkr/input/input2
[STDERR  ] 2018-01-09T12:58:35.912553838Z: [    4.840830] rtc_cmos 00:00: RTC can wake from S4
[STDERR  ] 2018-01-09T12:58:35.912559385Z: [    4.843550] rtc_cmos 00:00: rtc core: registered rtc_cmos as rtc0
[STDERR  ] 2018-01-09T12:58:35.912566053Z: [    4.845076] rtc_cmos 00:00: alarms up to one day, y3k, 114 bytes nvram, hpet irqs
[STDERR  ] 2018-01-09T12:58:35.912572553Z: [    4.845656] i2c /dev entries driver
[STDERR  ] 2018-01-09T12:58:35.912578129Z: [    4.847290] device-mapper: ioctl: 4.37.0-ioctl (2017-09-20) initialised: dm-devel@redhat.com
[STDERR  ] 2018-01-09T12:58:35.912584008Z: [    4.851052] usbcore: registered new interface driver usbhid
[STDERR  ] 2018-01-09T12:58:35.912589667Z: [    4.851332] usbhid: USB HID core driver
[STDERR  ] 2018-01-09T12:58:35.912595161Z: [    4.851901] hv_utils: Registering HyperV Utility Driver
[STDERR  ] 2018-01-09T12:58:35.9126007Z: [    4.852138] hv_vmbus: registering driver hv_util
[STDERR  ] 2018-01-09T12:58:35.912607329Z: [    4.852351] hv_vmbus: registering driver hv_balloon
[STDERR  ] 2018-01-09T12:58:35.912617376Z: [    4.852839] oprofile: using NMI interrupt.
[STDERR  ] 2018-01-09T12:58:35.912624626Z: [    4.853934] GACT probability on
[STDERR  ] 2018-01-09T12:58:35.912630164Z: [    4.854356] Mirror/redirect action on
[STDERR  ] 2018-01-09T12:58:35.912640172Z: [    4.854873] Simple TC action Loaded
[STDERR  ] 2018-01-09T12:58:35.912645758Z: [    4.855324] u32 classifier
[STDERR  ] 2018-01-09T12:58:35.912651294Z: [    4.855463]     Performance counters on
[STDERR  ] 2018-01-09T12:58:35.912656815Z: [    4.855632]     input device check on
[STDERR  ] 2018-01-09T12:58:35.912662263Z: [    4.855811]     Actions configured
[STDERR  ] 2018-01-09T12:58:35.912667733Z: [    4.856402] Netfilter messages via NETLINK v0.30.
[STDERR  ] 2018-01-09T12:58:35.912673184Z: [    4.856834] nfnl_acct: registering with nfnetlink.
[STDERR  ] 2018-01-09T12:58:35.912678714Z: [    4.857991] nf_conntrack version 0.5.0 (8192 buckets, 32768 max)
[STDERR  ] 2018-01-09T12:58:35.912684264Z: [    4.859957] ctnetlink v0.93: registering with nfnetlink.
[STDERR  ] 2018-01-09T12:58:35.912689761Z: [    4.863300] nf_tables: (c) 2007-2009 Patrick McHardy <kaber@trash.net>
[STDERR  ] 2018-01-09T12:58:35.912695596Z: [    4.864039] nf_tables_compat: (c) 2012 Pablo Neira Ayuso <pablo@netfilter.org>
[STDERR  ] 2018-01-09T12:58:35.912701463Z: [    4.866130] xt_time: kernel timezone is -0000
[STDERR  ] 2018-01-09T12:58:35.912707022Z: [    4.866560] ip_set: protocol 6
[STDERR  ] 2018-01-09T12:58:35.91271255Z: [    4.867243] IPVS: Registered protocols (TCP, UDP, SCTP, AH, ESP)
[STDERR  ] 2018-01-09T12:58:35.912718209Z: [    4.867753] IPVS: Connection hash table configured (size=4096, memory=64Kbytes)
[STDERR  ] 2018-01-09T12:58:35.912723748Z: [    4.871836] IPVS: ipvs loaded.
[STDERR  ] 2018-01-09T12:58:35.912729379Z: [    4.872224] IPVS: [rr] scheduler registered.
[STDERR  ] 2018-01-09T12:58:35.9127349Z: [    4.872451] IPVS: [wrr] scheduler registered.
[STDERR  ] 2018-01-09T12:58:35.912741267Z: [    4.872618] IPVS: [lc] scheduler registered.
[STDERR  ] 2018-01-09T12:58:35.91274684Z: [    4.872830] IPVS: [wlc] scheduler registered.
[STDERR  ] 2018-01-09T12:58:35.912752532Z: [    4.873039] IPVS: [fo] scheduler registered.
[STDERR  ] 2018-01-09T12:58:35.912759881Z: [    4.873246] IPVS: [ovf] scheduler registered.
[STDERR  ] 2018-01-09T12:58:35.912765523Z: [    4.873620] IPVS: [lblc] scheduler registered.
[STDERR  ] 2018-01-09T12:58:35.912771035Z: [    4.873958] IPVS: [lblcr] scheduler registered.
[STDERR  ] 2018-01-09T12:58:35.912776704Z: [    4.874197] IPVS: [dh] scheduler registered.
[STDERR  ] 2018-01-09T12:58:35.912782373Z: [    4.874399] IPVS: [sh] scheduler registered.
[STDERR  ] 2018-01-09T12:58:35.912787964Z: [    4.874592] IPVS: [sed] scheduler registered.
[STDERR  ] 2018-01-09T12:58:35.912793644Z: [    4.874796] IPVS: [nq] scheduler registered.
[STDERR  ] 2018-01-09T12:58:35.912801852Z: [    4.875463] IPVS: ftp: loaded support on port[0] = 21
[STDERR  ] 2018-01-09T12:58:35.912807431Z: [    4.876161] ipip: IPv4 and MPLS over IPv4 tunneling driver
[STDERR  ] 2018-01-09T12:58:35.912813355Z: [    4.879096] gre: GRE over IPv4 demultiplexor driver
[STDERR  ] 2018-01-09T12:58:35.912818916Z: [    4.881896] ip_tables: (C) 2000-2006 Netfilter Core Team
[STDERR  ] 2018-01-09T12:58:35.912824431Z: [    4.885170] ipt_CLUSTERIP: ClusterIP Version 0.8 loaded successfully
[STDERR  ] 2018-01-09T12:58:35.912829972Z: [    4.885746] arp_tables: arp_tables: (C) 2002 David S. Miller
[STDERR  ] 2018-01-09T12:58:35.91283549Z: [    4.887765] NET: Registered protocol family 10
[STDERR  ] 2018-01-09T12:58:35.912840987Z: [    4.896477] Segment Routing with IPv6
[STDERR  ] 2018-01-09T12:58:35.912846584Z: [    4.897313] ip6_tables: (C) 2000-2006 Netfilter Core Team
[STDERR  ] 2018-01-09T12:58:35.912852219Z: [    4.904139] NET: Registered protocol family 17
[STDERR  ] 2018-01-09T12:58:35.912857755Z: [    4.905100] Bridge firewalling registered
[STDERR  ] 2018-01-09T12:58:35.912863267Z: [    4.905626] Ebtables v2.0 registered
[STDERR  ] 2018-01-09T12:58:35.912868761Z: [    4.907383] 8021q: 802.1Q VLAN Support v1.8
[STDERR  ] 2018-01-09T12:58:35.912874306Z: [    4.908612] 9pnet: Installing 9P2000 support
[STDERR  ] 2018-01-09T12:58:35.912879783Z: [    4.909960] Key type dns_resolver registered
[STDERR  ] 2018-01-09T12:58:35.912888137Z: [    4.911521] sched_clock: Marking stable (4910359000, 0)->(5028627012, -118268012)
[STDERR  ] 2018-01-09T12:58:35.912893879Z: [    4.914553] registered taskstats version 1
[STDERR  ] 2018-01-09T12:58:35.912899455Z: [    5.096616] Key type big_key registered
[STDERR  ] 2018-01-09T12:58:35.912905114Z: [    5.133504] ata3: SATA link up 1.5 Gbps (SStatus 113 SControl 300)
[STDERR  ] 2018-01-09T12:58:35.912912649Z: [    5.139025] ata3.00: ATAPI: QEMU DVD-ROM, 2.5+, max UDMA/100
[STDERR  ] 2018-01-09T12:58:35.912918197Z: [    5.139303] ata3.00: applying bridge limits
[STDERR  ] 2018-01-09T12:58:35.912923724Z: [    5.140939] ata6: SATA link down (SStatus 0 SControl 300)
[STDERR  ] 2018-01-09T12:58:35.912929384Z: [    5.142379] ata2: SATA link down (SStatus 0 SControl 300)
[STDERR  ] 2018-01-09T12:58:35.912934914Z: [    5.142753] ata1: SATA link down (SStatus 0 SControl 300)
[STDERR  ] 2018-01-09T12:58:35.912940481Z: [    5.143984] ata4: SATA link down (SStatus 0 SControl 300)
[STDERR  ] 2018-01-09T12:58:35.912946028Z: [    5.144449] ata5: SATA link down (SStatus 0 SControl 300)
[STDERR  ] 2018-01-09T12:58:35.912951569Z: [    5.151130] ata3.00: configured for UDMA/100
[STDERR  ] 2018-01-09T12:58:35.912957183Z: [    5.171903] scsi 2:0:0:0: CD-ROM            QEMU     QEMU DVD-ROM     2.5+ PQ: 0 ANSI: 5
[STDERR  ] 2018-01-09T12:58:35.91296305Z: [    5.193436] sr 2:0:0:0: [sr0] scsi3-mmc drive: 4x/4x cd/rw xa/form2 tray
[STDERR  ] 2018-01-09T12:58:35.912969301Z: [    5.194102] cdrom: Uniform CD-ROM driver Revision: 3.20
[STDERR  ] 2018-01-09T12:58:35.91297499Z: [    5.203612] sr 2:0:0:0: Attached scsi generic sg0 type 5
[STDERR  ] 2018-01-09T12:58:35.912980511Z: [    5.207316] Key type encrypted registered
[STDERR  ] 2018-01-09T12:58:35.912986028Z: [    5.213075] rtc_cmos 00:00: setting system clock to 2018-01-09 12:58:24 UTC (1515502704)
[STDERR  ] 2018-01-09T12:58:35.912994736Z: [    5.353485] Freeing unused kernel memory: 1492K
[STDERR  ] 2018-01-09T12:58:35.913002116Z: [    5.353735] Write protecting the kernel read-only data: 18432k
[STDERR  ] 2018-01-09T12:58:35.913010055Z: [    5.368067] Freeing unused kernel memory: 2028K
[STDERR  ] 2018-01-09T12:58:35.913015627Z: [    5.398759] Freeing unused kernel memory: 1144K
[STDERR  ] 2018-01-09T12:58:35.913021242Z: [    5.520568] tsc: Refined TSC clocksource calibration: 2599.794 MHz
[STDERR  ] 2018-01-09T12:58:35.913026785Z: [    5.521177] clocksource: tsc: mask: 0xffffffffffffffff max_cycles: 0x25797970375, max_idle_ns: 440795280948 ns
[STDERR  ] 2018-01-09T12:58:35.91303239Z: [    6.540871] clocksource: Switched to clocksource tsc
[STDERR  ] 2018-01-09T12:58:35.91304098Z: 
[STDERR  ] 2018-01-09T12:58:35.91304671Z: Welcome to LinuxKit
[STDERR  ] 2018-01-09T12:58:35.913052346Z: 
[STDERR  ] 2018-01-09T12:58:35.913058114Z:                         ##         .
[STDERR  ] 2018-01-09T12:58:35.91306415Z:                   ## ## ##        ==
[STDERR  ] 2018-01-09T12:58:35.91307203Z:                ## ## ## ## ##    ===
[STDERR  ] 2018-01-09T12:58:35.913077684Z:            /"""""""""""""""""\___/ ===
[STDERR  ] 2018-01-09T12:58:35.9130832Z:           {                       /  ===-
[STDERR  ] 2018-01-09T12:58:35.913088807Z:            \______ O           __/
[STDERR  ] 2018-01-09T12:58:35.913094335Z:              \    \         __/
[STDERR  ] 2018-01-09T12:58:35.913099961Z:               \____\_______/
[STDERR  ] 2018-01-09T12:58:35.913110281Z: 
[STDERR  ] 2018-01-09T12:58:35.913115963Z: Linux linuxkit-f2bcb1a09fec 4.14.12-linuxkit #1 SMP Sat Jan 6 11:40:54 UTC 2018 x86_64 Linux
[STDERR  ] 2018-01-09T12:58:35.913121613Z: filename:       hello_world.ko
[STDERR  ] 2018-01-09T12:58:35.91312718Z: author:         Rolf Neugebauer <rolf.neugebauer@docker.com>
[STDERR  ] 2018-01-09T12:58:35.913132808Z: description:    A simple Hello World kernel module for testing
[STDERR  ] 2018-01-09T12:58:35.91313835Z: license:        GPL
[STDERR  ] 2018-01-09T12:58:35.913143937Z: depends:        
[STDERR  ] 2018-01-09T12:58:35.913149605Z: vermagic:       4.14.12-linuxkit SMP mod_unload modversions RANDSTRUCT_PLUGIN_0ae9258a1212e05bcd68465e35cf0cfe599bb22be3aa8895a52094990ef5d14a
[STDERR  ] 2018-01-09T12:58:35.91315823Z: [   11.813214] hello_world: loading out-of-tree module taints kernel.
[STDERR  ] 2018-01-09T12:58:35.913164002Z: [   11.822471] Hello LinuxKit
[STDERR  ] 2018-01-09T12:58:35.913169589Z: [   11.908751] Goodbye LinuxKit.
[STDERR  ] 2018-01-09T12:58:35.913175123Z: Kernel module test suite PASSED
[STDERR  ] 2018-01-09T12:58:35.91318059Z: [   15.983491] ACPI: Preparing to enter system sleep state S5
[STDERR  ] 2018-01-09T12:58:35.913186234Z: [   15.984963] reboot: Power down
[STDERR  ] 2018-01-09T12:58:35.913260106Z: + exit 0
[STDERR  ] 2018-01-09T12:58:35.913274942Z: + clean_up
[STDERR  ] 2018-01-09T12:58:35.913283465Z: + docker rmi kmod-test
[STDOUT  ] 2018-01-09T12:58:35.932642175Z: Untagged: kmod-test:latest
[STDOUT  ] 2018-01-09T12:58:35.932688258Z: Deleted: sha256:64444292586d0cb3b9fe2a8e21d88f61c6c91605e6dfbb52d174131f19d1df7a
[STDOUT  ] 2018-01-09T12:58:35.932701373Z: Deleted: sha256:7ec0796feb1ea96ae41f7c1fedff63a72a3ec969f5f0b02624bd32acccf4dc18
[STDOUT  ] 2018-01-09T12:58:35.93271045Z: Deleted: sha256:4eb5223f193dc3b16f0d5ca3aac03e492188f04b4535c275ee1ce3e78a386801
[STDOUT  ] 2018-01-09T12:58:35.932720504Z: Deleted: sha256:67fd09183d777835cef0ce2964f9bed72b65438dc7f9d106c0e5b2497562e913
[STDOUT  ] 2018-01-09T12:58:35.932729851Z: Deleted: sha256:8c7ee4a5a3cd3f4cb51c1220ecc387106b75743b3d699e9f9b69f62d69f13486
[STDERR  ] 2018-01-09T12:58:35.93351928Z: + rm -rf kmod-cmdline kmod-initrd.img kmod-kernel kmod-state
[PASS    ] linuxkit.kernel.kmod_4.14.x 46.55s
