[INFO    ] 2018-05-01T20:37:02.251010529Z: Running Test linuxkit.packages.format_mount.auto in /tmp/build/test/cases/040_packages/006_format_mount/000_auto
[INFO    ] 2018-05-01T20:37:02.251198755Z: Running command: [/bin/sh -x /tmp/build/test/cases/040_packages/006_format_mount/000_auto/test.sh]
[STDERR  ] 2018-05-01T20:37:02.302512614Z: + set -e
[STDERR  ] 2018-05-01T20:37:02.302645863Z: + . /tmp/build/test/cases/_lib/lib.sh
[STDERR  ] 2018-05-01T20:37:02.302665330Z: + [ -f src/github.com/linuxkit/rtf/lib/lib.sh ]
[STDERR  ] 2018-05-01T20:37:02.302680534Z: + LINUXKIT_TMPDIR=/tmp/build/test/cases/_tmp
[STDERR  ] 2018-05-01T20:37:02.302694704Z: + [ -f /tmp/build/test/cases/_tmp/env.sh ]
[STDERR  ] 2018-05-01T20:37:02.302709067Z: + . /tmp/build/test/cases/_tmp/env.sh
[STDERR  ] 2018-05-01T20:37:02.302732124Z: + export LINUXKIT_EXAMPLES_DIR=/tmp/build/test/cases/../../examples
[STDERR  ] 2018-05-01T20:37:02.302746949Z: + RT_CANCEL=253
[STDERR  ] 2018-05-01T20:37:02.302761364Z: + NAME=test-format
[STDERR  ] 2018-05-01T20:37:02.302777066Z: + DISK=disk.img
[STDERR  ] 2018-05-01T20:37:02.302790376Z: + trap clean_up EXIT
[STDERR  ] 2018-05-01T20:37:02.302806136Z: + linuxkit build -format kernel+initrd -name test-format test.yml
[STDERR  ] 2018-05-01T20:37:02.349273878Z: Extract kernel image: linuxkit/kernel:4.14.35
[STDERR  ] 2018-05-01T20:37:03.973068051Z: Add init containers:
[STDERR  ] 2018-05-01T20:37:03.973121311Z: Process init image: linuxkit/init:d0bf64f4cea42bea71e7d8f8832ba497bb822e89
[STDERR  ] 2018-05-01T20:37:05.194943621Z: Process init image: linuxkit/runc:acba8886e4b1318457c711700f695a02fef9493d
[STDERR  ] 2018-05-01T20:37:06.450223605Z: Add onboot containers:
[STDERR  ] 2018-05-01T20:37:06.450278808Z:   Create OCI config for linuxkit/format:v0.3
[STDERR  ] 2018-05-01T20:37:07.934698070Z:   Create OCI config for linuxkit/mount:v0.3
[STDERR  ] 2018-05-01T20:37:09.293543307Z:   Create OCI config for alpine:3.7
[STDERR  ] 2018-05-01T20:37:10.503884026Z:   Create OCI config for linuxkit/poweroff:5740687bf0a6a0480922c0f59b3a4ca77c866cae
[STDERR  ] 2018-05-01T20:37:11.704411723Z: Add files:
[STDERR  ] 2018-05-01T20:37:11.704461894Z:   check.sh
[STDERR  ] 2018-05-01T20:37:11.705039182Z: Create outputs:
[STDERR  ] 2018-05-01T20:37:17.815414654Z:   test-format-kernel test-format-initrd.img test-format-cmdline
[STDERR  ] 2018-05-01T20:37:17.875905133Z: + linuxkit run -disk file=disk.img,size=512M test-format
[STDERR  ] 2018-05-01T20:37:17.903300654Z: Unable to find qemu-system-x86_64 within the $PATH. Using a container
[STDOUT  ] 2018-05-01T20:37:59.266959536Z: [    0.000000] Linux version 4.14.35-linuxkit (root@95934b70ab05) (gcc version 6.4.0 (Alpine 6.4.0)) #1 SMP Mon Apr 23 11:11:13 UTC 2018
[STDOUT  ] 2018-05-01T20:37:59.267044796Z: [    0.000000] Command line: console=ttyS0 console=ttyAMA0
[STDOUT  ] 2018-05-01T20:37:59.267059710Z: [    0.000000] x86/fpu: x87 FPU will use FXSAVE
[STDOUT  ] 2018-05-01T20:37:59.267072244Z: [    0.000000] e820: BIOS-provided physical RAM map:
[STDOUT  ] 2018-05-01T20:37:59.267084115Z: [    0.000000] BIOS-e820: [mem 0x0000000000000000-0x000000000009fbff] usable
[STDOUT  ] 2018-05-01T20:37:59.267096298Z: [    0.000000] BIOS-e820: [mem 0x000000000009fc00-0x000000000009ffff] reserved
[STDOUT  ] 2018-05-01T20:37:59.267108198Z: [    0.000000] BIOS-e820: [mem 0x00000000000f0000-0x00000000000fffff] reserved
[STDOUT  ] 2018-05-01T20:37:59.267131235Z: [    0.000000] BIOS-e820: [mem 0x0000000000100000-0x000000003ffdefff] usable
[STDOUT  ] 2018-05-01T20:37:59.267142832Z: [    0.000000] BIOS-e820: [mem 0x000000003ffdf000-0x000000003fffffff] reserved
[STDOUT  ] 2018-05-01T20:37:59.267154186Z: [    0.000000] BIOS-e820: [mem 0x00000000b0000000-0x00000000bfffffff] reserved
[STDOUT  ] 2018-05-01T20:37:59.267165824Z: [    0.000000] BIOS-e820: [mem 0x00000000fed1c000-0x00000000fed1ffff] reserved
[STDOUT  ] 2018-05-01T20:37:59.267176964Z: [    0.000000] BIOS-e820: [mem 0x00000000fffc0000-0x00000000ffffffff] reserved
[STDOUT  ] 2018-05-01T20:37:59.267187964Z: [    0.000000] NX (Execute Disable) protection: active
[STDOUT  ] 2018-05-01T20:37:59.267204211Z: [    0.000000] random: fast init done
[STDOUT  ] 2018-05-01T20:37:59.267214725Z: [    0.000000] SMBIOS 2.8 present.
[STDOUT  ] 2018-05-01T20:37:59.267224850Z: [    0.000000] DMI: QEMU Standard PC (Q35 + ICH9, 2009), BIOS rel-1.10.2-0-g5f4c7b1-prebuilt.qemu-project.org 04/01/2014
[STDOUT  ] 2018-05-01T20:37:59.267238641Z: [    0.000000] tsc: Fast TSC calibration using PIT
[STDOUT  ] 2018-05-01T20:37:59.267248940Z: [    0.000000] e820: last_pfn = 0x3ffdf max_arch_pfn = 0x400000000
[STDOUT  ] 2018-05-01T20:37:59.267258780Z: [    0.000000] x86/PAT: Configuration [0-7]: WB  WC  UC- UC  WB  WP  UC- WT  
[STDOUT  ] 2018-05-01T20:37:59.267269321Z: [    0.000000] found SMP MP-table at [mem 0x000f6aa0-0x000f6aaf] mapped at [ffffffffff200aa0]
[STDOUT  ] 2018-05-01T20:37:59.267279831Z: [    0.000000] RAMDISK: [mem 0x3dd7c000-0x3ffcffff]
[STDOUT  ] 2018-05-01T20:37:59.267290538Z: [    0.000000] ACPI: Early table checksum verification disabled
[STDOUT  ] 2018-05-01T20:37:59.267301424Z: [    0.000000] ACPI: RSDP 0x00000000000F68B0 000014 (v00 BOCHS )
[STDOUT  ] 2018-05-01T20:37:59.267312030Z: [    0.000000] ACPI: RSDT 0x000000003FFE20A8 000034 (v01 BOCHS  BXPCRSDT 00000001 BXPC 00000001)
[STDOUT  ] 2018-05-01T20:37:59.267322946Z: [    0.000000] ACPI: FACP 0x000000003FFE1EC8 0000F4 (v03 BOCHS  BXPCFACP 00000001 BXPC 00000001)
[STDOUT  ] 2018-05-01T20:37:59.267333390Z: [    0.000000] ACPI: DSDT 0x000000003FFE0040 001E88 (v01 BOCHS  BXPCDSDT 00000001 BXPC 00000001)
[STDOUT  ] 2018-05-01T20:37:59.267343968Z: [    0.000000] ACPI: FACS 0x000000003FFE0000 000040
[STDOUT  ] 2018-05-01T20:37:59.267354600Z: [    0.000000] ACPI: APIC 0x000000003FFE1FBC 000078 (v01 BOCHS  BXPCAPIC 00000001 BXPC 00000001)
[STDOUT  ] 2018-05-01T20:37:59.267365240Z: [    0.000000] ACPI: HPET 0x000000003FFE2034 000038 (v01 BOCHS  BXPCHPET 00000001 BXPC 00000001)
[STDOUT  ] 2018-05-01T20:37:59.267375555Z: [    0.000000] ACPI: MCFG 0x000000003FFE206C 00003C (v01 BOCHS  BXPCMCFG 00000001 BXPC 00000001)
[STDOUT  ] 2018-05-01T20:37:59.267386787Z: [    0.000000] Zone ranges:
[STDOUT  ] 2018-05-01T20:37:59.267398595Z: [    0.000000]   DMA      [mem 0x0000000000001000-0x0000000000ffffff]
[STDOUT  ] 2018-05-01T20:37:59.267409805Z: [    0.000000]   DMA32    [mem 0x0000000001000000-0x000000003ffdefff]
[STDOUT  ] 2018-05-01T20:37:59.267419901Z: [    0.000000]   Normal   empty
[STDOUT  ] 2018-05-01T20:37:59.267429303Z: [    0.000000]   Device   empty
[STDOUT  ] 2018-05-01T20:37:59.267439285Z: [    0.000000] Movable zone start for each node
[STDOUT  ] 2018-05-01T20:37:59.267450010Z: [    0.000000] Early memory node ranges
[STDOUT  ] 2018-05-01T20:37:59.267459641Z: [    0.000000]   node   0: [mem 0x0000000000001000-0x000000000009efff]
[STDOUT  ] 2018-05-01T20:37:59.267470081Z: [    0.000000]   node   0: [mem 0x0000000000100000-0x000000003ffdefff]
[STDOUT  ] 2018-05-01T20:37:59.267480445Z: [    0.000000] Initmem setup node 0 [mem 0x0000000000001000-0x000000003ffdefff]
[STDOUT  ] 2018-05-01T20:37:59.267490820Z: [    0.000000] ACPI: PM-Timer IO Port: 0x608
[STDOUT  ] 2018-05-01T20:37:59.267501150Z: [    0.000000] ACPI: LAPIC_NMI (acpi_id[0xff] dfl dfl lint[0x1])
[STDOUT  ] 2018-05-01T20:37:59.267511481Z: [    0.000000] IOAPIC[0]: apic_id 0, version 32, address 0xfec00000, GSI 0-23
[STDOUT  ] 2018-05-01T20:37:59.267532055Z: [    0.000000] ACPI: INT_SRC_OVR (bus 0 bus_irq 0 global_irq 2 dfl dfl)
[STDOUT  ] 2018-05-01T20:37:59.267544207Z: [    0.000000] ACPI: INT_SRC_OVR (bus 0 bus_irq 5 global_irq 5 high level)
[STDOUT  ] 2018-05-01T20:37:59.267554450Z: [    0.000000] ACPI: INT_SRC_OVR (bus 0 bus_irq 9 global_irq 9 high level)
[STDOUT  ] 2018-05-01T20:37:59.267564740Z: [    0.000000] ACPI: INT_SRC_OVR (bus 0 bus_irq 10 global_irq 10 high level)
[STDOUT  ] 2018-05-01T20:37:59.267575325Z: [    0.000000] ACPI: INT_SRC_OVR (bus 0 bus_irq 11 global_irq 11 high level)
[STDOUT  ] 2018-05-01T20:37:59.267585900Z: [    0.000000] Using ACPI (MADT) for SMP configuration information
[STDOUT  ] 2018-05-01T20:37:59.267596232Z: [    0.000000] ACPI: HPET id: 0x8086a201 base: 0xfed00000
[STDOUT  ] 2018-05-01T20:37:59.267611752Z: [    0.000000] smpboot: Allowing 1 CPUs, 0 hotplug CPUs
[STDOUT  ] 2018-05-01T20:37:59.267622310Z: [    0.000000] e820: [mem 0x40000000-0xafffffff] available for PCI devices
[STDOUT  ] 2018-05-01T20:37:59.267632583Z: [    0.000000] Booting paravirtualized kernel on bare hardware
[STDOUT  ] 2018-05-01T20:37:59.267642325Z: [    0.000000] clocksource: refined-jiffies: mask: 0xffffffff max_cycles: 0xffffffff, max_idle_ns: 19112604462750000 ns
[STDOUT  ] 2018-05-01T20:37:59.267652653Z: [    0.000000] setup_percpu: NR_CPUS:128 nr_cpumask_bits:128 nr_cpu_ids:1 nr_node_ids:1
[STDOUT  ] 2018-05-01T20:37:59.267662689Z: [    0.000000] percpu: Embedded 44 pages/cpu @ffff8bc37da00000 s143256 r8192 d28776 u2097152
[STDOUT  ] 2018-05-01T20:37:59.267676069Z: [    0.000000] Built 1 zonelists, mobility grouping on.  Total pages: 257896
[STDOUT  ] 2018-05-01T20:37:59.267687000Z: [    0.000000] Kernel command line: console=ttyS0 console=ttyAMA0
[STDOUT  ] 2018-05-01T20:37:59.267697873Z: [    0.000000] PID hash table entries: 4096 (order: 3, 32768 bytes)
[STDOUT  ] 2018-05-01T20:37:59.267708302Z: [    0.000000] Dentry cache hash table entries: 131072 (order: 8, 1048576 bytes)
[STDOUT  ] 2018-05-01T20:37:59.267718079Z: [    0.000000] Inode-cache hash table entries: 65536 (order: 7, 524288 bytes)
[STDOUT  ] 2018-05-01T20:37:59.267729272Z: [    0.000000] Memory: 969656K/1048052K available (12300K kernel code, 1464K rwdata, 2988K rodata, 1508K init, 632K bss, 78396K reserved, 0K cma-reserved)
[STDOUT  ] 2018-05-01T20:37:59.267742865Z: [    0.000000] ftrace: allocating 40962 entries in 161 pages
[STDOUT  ] 2018-05-01T20:37:59.267752607Z: [    0.000000] Hierarchical RCU implementation.
[STDOUT  ] 2018-05-01T20:37:59.267763020Z: [    0.000000] 	RCU restricting CPUs from NR_CPUS=128 to nr_cpu_ids=1.
[STDOUT  ] 2018-05-01T20:37:59.267774505Z: [    0.000000] RCU: Adjusting geometry for rcu_fanout_leaf=16, nr_cpu_ids=1
[STDOUT  ] 2018-05-01T20:37:59.267784713Z: [    0.000000] NR_IRQS: 8448, nr_irqs: 256, preallocated irqs: 16
[STDOUT  ] 2018-05-01T20:37:59.267794529Z: [    0.000000] Console: colour VGA+ 80x25
[STDOUT  ] 2018-05-01T20:37:59.267804203Z: [    0.000000] console [ttyS0] enabled
[STDOUT  ] 2018-05-01T20:37:59.267814936Z: [    0.000000] clocksource: hpet: mask: 0xffffffff max_cycles: 0xffffffff, max_idle_ns: 19112604467 ns
[STDOUT  ] 2018-05-01T20:37:59.267824759Z: [    0.000000] tsc: Fast TSC calibration using PIT
[STDOUT  ] 2018-05-01T20:37:59.267834830Z: [    0.000000] tsc: Detected 2600.122 MHz processor
[STDOUT  ] 2018-05-01T20:37:59.267845400Z: [    0.001654] Calibrating delay loop (skipped), value calculated using timer frequency.. 5200.24 BogoMIPS (lpj=26001220)
[STDOUT  ] 2018-05-01T20:37:59.267855663Z: [    0.002150] pid_max: default: 32768 minimum: 301
[STDOUT  ] 2018-05-01T20:37:59.267864833Z: [    0.002925] ACPI: Core revision 20170728
[STDOUT  ] 2018-05-01T20:37:59.267874381Z: [    0.035311] ACPI: 1 ACPI AML tables successfully acquired and loaded
[STDOUT  ] 2018-05-01T20:37:59.267884659Z: [    0.037613] Security Framework initialized
[STDOUT  ] 2018-05-01T20:37:59.267894972Z: [    0.037943] Yama: becoming mindful.
[STDOUT  ] 2018-05-01T20:37:59.267905238Z: [    0.040790] Mount-cache hash table entries: 2048 (order: 2, 16384 bytes)
[STDOUT  ] 2018-05-01T20:37:59.267922468Z: [    0.041218] Mountpoint-cache hash table entries: 2048 (order: 2, 16384 bytes)
[STDOUT  ] 2018-05-01T20:37:59.267933392Z: [    0.057179] Last level iTLB entries: 4KB 0, 2MB 0, 4MB 0
[STDOUT  ] 2018-05-01T20:37:59.267943439Z: [    0.057626] Last level dTLB entries: 4KB 0, 2MB 0, 4MB 0, 1GB 0
[STDOUT  ] 2018-05-01T20:37:59.267953884Z: [    0.058160] Spectre V2 : Spectre mitigation: LFENCE not serializing, switching to generic retpoline
[STDOUT  ] 2018-05-01T20:37:59.267963976Z: [    0.058770] Spectre V2 : Vulnerable: Minimal generic ASM retpoline
[STDOUT  ] 2018-05-01T20:37:59.267974981Z: [    0.059214] Spectre V2 : Spectre v2 mitigation: Filling RSB on context switch
[STDOUT  ] 2018-05-01T20:37:59.267995045Z: [    0.327777] Freeing SMP alternatives memory: 20K
[STDOUT  ] 2018-05-01T20:37:59.268011504Z: [    0.347261] smpboot: Max logical packages: 1
[STDOUT  ] 2018-05-01T20:37:59.268023148Z: [    0.354443] ..TIMER: vector=0x30 apic1=0 pin1=2 apic2=-1 pin2=-1
[STDOUT  ] 2018-05-01T20:37:59.268033806Z: [    0.460000] smpboot: CPU0: AMD QEMU Virtual CPU version 2.5+ (family: 0x6, model: 0x6, stepping: 0x3)
[STDOUT  ] 2018-05-01T20:37:59.268044439Z: [    0.460000] Performance Events: PMU not available due to virtualization, using software events only.
[STDOUT  ] 2018-05-01T20:37:59.268054752Z: [    0.461145] Hierarchical SRCU implementation.
[STDOUT  ] 2018-05-01T20:37:59.268064755Z: [    0.466326] NMI watchdog: Perf event create on CPU 0 failed with -2
[STDOUT  ] 2018-05-01T20:37:59.268076356Z: [    0.466697] NMI watchdog: Perf NMI watchdog permanently disabled
[STDOUT  ] 2018-05-01T20:37:59.268087512Z: [    0.470347] smp: Bringing up secondary CPUs ...
[STDOUT  ] 2018-05-01T20:37:59.268097964Z: [    0.470703] smp: Brought up 1 node, 1 CPU
[STDOUT  ] 2018-05-01T20:37:59.268107691Z: [    0.471114] smpboot: Total of 1 processors activated (5200.24 BogoMIPS)
[STDOUT  ] 2018-05-01T20:37:59.268117381Z: [    0.484714] devtmpfs: initialized
[STDOUT  ] 2018-05-01T20:37:59.268127994Z: [    0.488486] x86/mm: Memory block size: 128MB
[STDOUT  ] 2018-05-01T20:37:59.268138599Z: [    0.494106] evm: security.ima
[STDOUT  ] 2018-05-01T20:37:59.268149087Z: [    0.494312] evm: security.capability
[STDOUT  ] 2018-05-01T20:37:59.268159504Z: [    0.497152] clocksource: jiffies: mask: 0xffffffff max_cycles: 0xffffffff, max_idle_ns: 19112604462750000 ns
[STDOUT  ] 2018-05-01T20:37:59.268170157Z: [    0.497938] futex hash table entries: 256 (order: 2, 16384 bytes)
[STDOUT  ] 2018-05-01T20:37:59.268181495Z: [    0.507204] NET: Registered protocol family 16
[STDOUT  ] 2018-05-01T20:37:59.268192402Z: [    0.512733] cpuidle: using governor ladder
[STDOUT  ] 2018-05-01T20:37:59.268202594Z: [    0.513174] cpuidle: using governor menu
[STDERR  ] 2018-05-01T20:37:59.268173431Z: + RESULT=[    0.000000] Linux version 4.14.35-linuxkit (root@95934b70ab05) (gcc version 6.4.0 (Alpine 6.4.0)) #1 SMP Mon Apr 23 11:11:13 UTC 2018
[STDERR  ] 2018-05-01T20:37:59.268231817Z: [    0.000000] Command line: console=ttyS0 console=ttyAMA0
[STDERR  ] 2018-05-01T20:37:59.268251578Z: [    0.000000] x86/fpu: x87 FPU will use FXSAVE
[STDERR  ] 2018-05-01T20:37:59.268266367Z: [    0.000000] e820: BIOS-provided physical RAM map:
[STDERR  ] 2018-05-01T20:37:59.268280742Z: [    0.000000] BIOS-e820: [mem 0x0000000000000000-0x000000000009fbff] usable
[STDOUT  ] 2018-05-01T20:37:59.268212835Z: [    0.514723] ACPI: bus type PCI registered
[STDERR  ] 2018-05-01T20:37:59.268296581Z: [    0.000000] BIOS-e820: [mem 0x000000000009fc00-0x000000000009ffff] reserved
[STDOUT  ] 2018-05-01T20:37:59.268311515Z: [    0.517099] PCI: MMCONFIG for domain 0000 [bus 00-ff] at [mem 0xb0000000-0xbfffffff] (base 0xb0000000)
[STDERR  ] 2018-05-01T20:37:59.268311098Z: [    0.000000] BIOS-e820: [mem 0x00000000000f0000-0x00000000000fffff] reserved
[STDOUT  ] 2018-05-01T20:37:59.268322465Z: [    0.517983] PCI: MMCONFIG at [mem 0xb0000000-0xbfffffff] reserved in E820
[STDERR  ] 2018-05-01T20:37:59.268325967Z: [    0.000000] BIOS-e820: [mem 0x0000000000100000-0x000000003ffdefff] usable
[STDERR  ] 2018-05-01T20:37:59.268356957Z: [    0.000000] BIOS-e820: [mem 0x000000003ffdf000-0x000000003fffffff] reserved
[STDERR  ] 2018-05-01T20:37:59.268373847Z: [    0.000000] BIOS-e820: [mem 0x00000000b0000000-0x00000000bfffffff] reserved
[STDERR  ] 2018-05-01T20:37:59.268391129Z: [    0.000000] BIOS-e820: [mem 0x00000000fed1c000-0x00000000fed1ffff] reserved
[STDERR  ] 2018-05-01T20:37:59.268405504Z: [    0.000000] BIOS-e820: [mem 0x00000000fffc0000-0x00000000ffffffff] reserved
[STDOUT  ] 2018-05-01T20:37:59.268332498Z: [    0.518999] PCI: Using configuration type 1 for base access
[STDOUT  ] 2018-05-01T20:37:59.268423064Z: [    0.558779] HugeTLB registered 2.00 MiB page size, pre-allocated 0 pages
[STDERR  ] 2018-05-01T20:37:59.268420207Z: [    0.000000] NX (Execute Disable) protection: active
[STDERR  ] 2018-05-01T20:37:59.268445318Z: [    0.000000] random: fast init done
[STDERR  ] 2018-05-01T20:37:59.268461436Z: [    0.000000] SMBIOS 2.8 present.
[STDERR  ] 2018-05-01T20:37:59.268475426Z: [    0.000000] DMI: QEMU Standard PC (Q35 + ICH9, 2009), BIOS rel-1.10.2-0-g5f4c7b1-prebuilt.qemu-project.org 04/01/2014
[STDOUT  ] 2018-05-01T20:37:59.268433931Z: [    0.569817] ACPI: Added _OSI(Module Device)
[STDOUT  ] 2018-05-01T20:37:59.268522661Z: [    0.570173] ACPI: Added _OSI(Processor Device)
[STDOUT  ] 2018-05-01T20:37:59.268532101Z: [    0.570439] ACPI: Added _OSI(3.0 _SCP Extensions)
[STDOUT  ] 2018-05-01T20:37:59.268540974Z: [    0.570772] ACPI: Added _OSI(Processor Aggregator Device)
[STDOUT  ] 2018-05-01T20:37:59.268550646Z: [    0.616622] ACPI: Interpreter enabled
[STDOUT  ] 2018-05-01T20:37:59.268559954Z: [    0.617563] ACPI: (supports S0 S5)
[STDOUT  ] 2018-05-01T20:37:59.268570446Z: [    0.617889] ACPI: Using IOAPIC for interrupt routing
[STDOUT  ] 2018-05-01T20:37:59.268585313Z: [    0.621495] PCI: Using host bridge windows from ACPI; if necessary, use "pci=nocrs" and report a bug
[STDOUT  ] 2018-05-01T20:37:59.268596398Z: [    0.624251] ACPI: Enabled 1 GPEs in block 00 to 3F
[STDOUT  ] 2018-05-01T20:37:59.268605754Z: [    0.669124] ACPI: PCI Root Bridge [PCI0] (domain 0000 [bus 00-ff])
[STDOUT  ] 2018-05-01T20:37:59.268615713Z: [    0.670410] acpi PNP0A08:00: _OSC: OS supports [ExtendedConfig ASPM ClockPM Segments MSI]
[STDOUT  ] 2018-05-01T20:37:59.268625073Z: [    0.674861] acpi PNP0A08:00: _OSC: OS now controls [PCIeHotplug PME PCIeCapability]
[STDOUT  ] 2018-05-01T20:37:59.268634447Z: [    0.678042] PCI host bridge to bus 0000:00
[STDERR  ] 2018-05-01T20:37:59.268501503Z: [    0.000000] tsc: Fast TSC calibration using PIT
[STDERR  ] 2018-05-01T20:37:59.268655124Z: [    0.000000] e820: last_pfn = 0x3ffdf max_arch_pfn = 0x400000000
[STDERR  ] 2018-05-01T20:37:59.268673588Z: [    0.000000] x86/PAT: Configuration [0-7]: WB  WC  UC- UC  WB  WP  UC- WT  
[STDERR  ] 2018-05-01T20:37:59.268688507Z: [    0.000000] found SMP MP-table at [mem 0x000f6aa0-0x000f6aaf] mapped at [ffffffffff200aa0]
[STDOUT  ] 2018-05-01T20:37:59.268644567Z: [    0.678579] pci_bus 0000:00: root bus resource [io  0x0000-0x0cf7 window]
[STDERR  ] 2018-05-01T20:37:59.268706057Z: [    0.000000] RAMDISK: [mem 0x3dd7c000-0x3ffcffff]
[STDOUT  ] 2018-05-01T20:37:59.268725762Z: [    0.679042] pci_bus 0000:00: root bus resource [io  0x0d00-0xffff window]
[STDOUT  ] 2018-05-01T20:37:59.268739706Z: [    0.679450] pci_bus 0000:00: root bus resource [mem 0x000a0000-0x000bffff window]
[STDOUT  ] 2018-05-01T20:37:59.268751148Z: [    0.679880] pci_bus 0000:00: root bus resource [mem 0xc0000000-0xfebfffff window]
[STDOUT  ] 2018-05-01T20:37:59.268761252Z: [    0.680715] pci_bus 0000:00: root bus resource [bus 00-ff]
[STDOUT  ] 2018-05-01T20:37:59.268772752Z: [    0.811471] pci 0000:00:1f.0: quirk: [io  0x0600-0x067f] claimed by ICH6 ACPI/GPIO/TCO
[STDOUT  ] 2018-05-01T20:37:59.268783538Z: [    0.878403] ACPI: PCI Interrupt Link [LNKA] (IRQs 5 *10 11)
[STDOUT  ] 2018-05-01T20:37:59.268794496Z: [    0.881903] ACPI: PCI Interrupt Link [LNKB] (IRQs 5 *10 11)
[STDOUT  ] 2018-05-01T20:37:59.268805177Z: [    0.883854] ACPI: PCI Interrupt Link [LNKC] (IRQs 5 10 *11)
[STDOUT  ] 2018-05-01T20:37:59.268823577Z: [    0.885353] ACPI: PCI Interrupt Link [LNKD] (IRQs 5 10 *11)
[STDOUT  ] 2018-05-01T20:37:59.268833890Z: [    0.887201] ACPI: PCI Interrupt Link [LNKE] (IRQs 5 *10 11)
[STDOUT  ] 2018-05-01T20:37:59.268844097Z: [    0.888597] ACPI: PCI Interrupt Link [LNKF] (IRQs 5 *10 11)
[STDOUT  ] 2018-05-01T20:37:59.268855409Z: [    0.891097] ACPI: PCI Interrupt Link [LNKG] (IRQs 5 10 *11)
[STDOUT  ] 2018-05-01T20:37:59.268866466Z: [    0.892627] ACPI: PCI Interrupt Link [LNKH] (IRQs 5 10 *11)
[STDOUT  ] 2018-05-01T20:37:59.268876644Z: [    0.893294] ACPI: PCI Interrupt Link [GSIA] (IRQs *16)
[STDOUT  ] 2018-05-01T20:37:59.268884962Z: [    0.893816] ACPI: PCI Interrupt Link [GSIB] (IRQs *17)
[STDOUT  ] 2018-05-01T20:37:59.268895836Z: [    0.894391] ACPI: PCI Interrupt Link [GSIC] (IRQs *18)
[STDOUT  ] 2018-05-01T20:37:59.268903907Z: [    0.894974] ACPI: PCI Interrupt Link [GSID] (IRQs *19)
[STDOUT  ] 2018-05-01T20:37:59.268910837Z: [    0.895820] ACPI: PCI Interrupt Link [GSIE] (IRQs *20)
[STDOUT  ] 2018-05-01T20:37:59.268920819Z: [    0.896495] ACPI: PCI Interrupt Link [GSIF] (IRQs *21)
[STDERR  ] 2018-05-01T20:37:59.268728092Z: [    0.000000] ACPI: Early table checksum verification disabled
[STDERR  ] 2018-05-01T20:37:59.268957496Z: [    0.000000] ACPI: RSDP 0x00000000000F68B0 000014 (v00 BOCHS )
[STDERR  ] 2018-05-01T20:37:59.268976141Z: [    0.000000] ACPI: RSDT 0x000000003FFE20A8 000034 (v01 BOCHS  BXPCRSDT 00000001 BXPC 00000001)
[STDERR  ] 2018-05-01T20:37:59.268991116Z: [    0.000000] ACPI: FACP 0x000000003FFE1EC8 0000F4 (v03 BOCHS  BXPCFACP 00000001 BXPC 00000001)
[STDOUT  ] 2018-05-01T20:37:59.268931295Z: [    0.897118] ACPI: PCI Interrupt Link [GSIG] (IRQs *22)
[STDERR  ] 2018-05-01T20:37:59.269013089Z: [    0.000000] ACPI: DSDT 0x000000003FFE0040 001E88 (v01 BOCHS  BXPCDSDT 00000001 BXPC 00000001)
[STDOUT  ] 2018-05-01T20:37:59.269020378Z: [    0.897703] ACPI: PCI Interrupt Link [GSIH] (IRQs *23)
[STDOUT  ] 2018-05-01T20:37:59.269031093Z: [    0.905984] SCSI subsystem initialized
[STDOUT  ] 2018-05-01T20:37:59.269042893Z: [    0.908804] ACPI: bus type USB registered
[STDOUT  ] 2018-05-01T20:37:59.269053628Z: [    0.909839] usbcore: registered new interface driver usbfs
[STDOUT  ] 2018-05-01T20:37:59.269064645Z: [    0.910908] usbcore: registered new interface driver hub
[STDOUT  ] 2018-05-01T20:37:59.269075409Z: [    0.911729] usbcore: registered new device driver usb
[STDOUT  ] 2018-05-01T20:37:59.269085928Z: [    0.912705] pps_core: LinuxPPS API ver. 1 registered
[STDOUT  ] 2018-05-01T20:37:59.269096522Z: [    0.912972] pps_core: Software ver. 5.3.6 - Copyright 2005-2007 Rodolfo Giometti <giometti@linux.it>
[STDERR  ] 2018-05-01T20:37:59.269027641Z: [    0.000000] ACPI: FACS 0x000000003FFE0000 000040
[STDERR  ] 2018-05-01T20:37:59.269117682Z: [    0.000000] ACPI: APIC 0x000000003FFE1FBC 000078 (v01 BOCHS  BXPCAPIC 00000001 BXPC 00000001)
[STDERR  ] 2018-05-01T20:37:59.269136488Z: [    0.000000] ACPI: HPET 0x000000003FFE2034 000038 (v01 BOCHS  BXPCHPET 00000001 BXPC 00000001)
[STDERR  ] 2018-05-01T20:37:59.269150632Z: [    0.000000] ACPI: MCFG 0x000000003FFE206C 00003C (v01 BOCHS  BXPCMCFG 00000001 BXPC 00000001)
[STDERR  ] 2018-05-01T20:37:59.269164125Z: [    0.000000] Zone ranges:
[STDOUT  ] 2018-05-01T20:37:59.269107241Z: [    0.913697] PTP clock support registered
[STDERR  ] 2018-05-01T20:37:59.269178103Z: [    0.000000]   DMA      [mem 0x0000000000001000-0x0000000000ffffff]
[STDOUT  ] 2018-05-01T20:37:59.269185583Z: [    0.916119] PCI: Using ACPI for IRQ routing
[STDOUT  ] 2018-05-01T20:37:59.269197883Z: [    0.929047] NetLabel: Initializing
[STDERR  ] 2018-05-01T20:37:59.269200616Z: [    0.000000]   DMA32    [mem 0x0000000001000000-0x000000003ffdefff]
[STDOUT  ] 2018-05-01T20:37:59.269208395Z: [    0.929292] NetLabel:  domain hash size = 128
[STDERR  ] 2018-05-01T20:37:59.269217745Z: [    0.000000]   Normal   empty
[STDERR  ] 2018-05-01T20:37:59.269233389Z: [    0.000000]   Device   empty
[STDERR  ] 2018-05-01T20:37:59.269248118Z: [    0.000000] Movable zone start for each node
[STDERR  ] 2018-05-01T20:37:59.269268272Z: [    0.000000] Early memory node ranges
[STDERR  ] 2018-05-01T20:37:59.269281808Z: [    0.000000]   node   0: [mem 0x0000000000001000-0x000000000009efff]
[STDOUT  ] 2018-05-01T20:37:59.269218665Z: [    0.929601] NetLabel:  protocols = UNLABELED CIPSOv4 CALIPSO
[STDERR  ] 2018-05-01T20:37:59.269295463Z: [    0.000000]   node   0: [mem 0x0000000000100000-0x000000003ffdefff]
[STDOUT  ] 2018-05-01T20:37:59.269300983Z: [    0.931797] NetLabel:  unlabeled traffic allowed by default
[STDOUT  ] 2018-05-01T20:37:59.269311572Z: [    0.933332] HPET: 3 timers in total, 0 timers will be used for per-cpu timer
[STDOUT  ] 2018-05-01T20:37:59.269323179Z: [    0.934065] hpet0: at MMIO 0xfed00000, IRQs 2, 8, 0
[STDOUT  ] 2018-05-01T20:37:59.269340292Z: [    0.934444] hpet0: 3 comparators, 64-bit 100.000000 MHz counter
[STDOUT  ] 2018-05-01T20:37:59.269351422Z: [    0.941555] clocksource: Switched to clocksource hpet
[STDOUT  ] 2018-05-01T20:37:59.269361933Z: [    1.178946] VFS: Disk quotas dquot_6.6.0
[STDOUT  ] 2018-05-01T20:37:59.269372463Z: [    1.179704] VFS: Dquot-cache hash table entries: 512 (order 0, 4096 bytes)
[STDOUT  ] 2018-05-01T20:37:59.269382933Z: [    1.183537] FS-Cache: Loaded
[STDERR  ] 2018-05-01T20:37:59.269309165Z: [    0.000000] Initmem setup node 0 [mem 0x0000000000001000-0x000000003ffdefff]
[STDOUT  ] 2018-05-01T20:37:59.269393446Z: [    1.189403] CacheFiles: Loaded
[STDOUT  ] 2018-05-01T20:37:59.269403566Z: [    1.191043] pnp: PnP ACPI init
[STDOUT  ] 2018-05-01T20:37:59.269415129Z: [    1.201434] pnp: PnP ACPI: found 5 devices
[STDOUT  ] 2018-05-01T20:37:59.269426481Z: [    1.239146] clocksource: acpi_pm: mask: 0xffffff max_cycles: 0xffffff, max_idle_ns: 2085701024 ns
[STDOUT  ] 2018-05-01T20:37:59.269437316Z: [    1.242935] NET: Registered protocol family 2
[STDOUT  ] 2018-05-01T20:37:59.269448014Z: [    1.251002] TCP established hash table entries: 8192 (order: 4, 65536 bytes)
[STDOUT  ] 2018-05-01T20:37:59.269458625Z: [    1.251818] TCP bind hash table entries: 8192 (order: 5, 131072 bytes)
[STDERR  ] 2018-05-01T20:37:59.269397925Z: [    0.000000] ACPI: PM-Timer IO Port: 0x608
[STDOUT  ] 2018-05-01T20:37:59.269472525Z: [    1.252835] TCP: Hash tables configured (established 8192 bind 8192)
[STDOUT  ] 2018-05-01T20:37:59.269482573Z: [    1.255260] UDP hash table entries: 512 (order: 2, 16384 bytes)
[STDOUT  ] 2018-05-01T20:37:59.269493360Z: [    1.255929] UDP-Lite hash table entries: 512 (order: 2, 16384 bytes)
[STDOUT  ] 2018-05-01T20:37:59.269503757Z: [    1.258695] NET: Registered protocol family 1
[STDOUT  ] 2018-05-01T20:37:59.269515761Z: [    1.259680] pci 0000:00:01.0: Video device with shadowed ROM at [mem 0x000c0000-0x000dffff]
[STDOUT  ] 2018-05-01T20:37:59.269529258Z: [    1.266262] Trying to unpack rootfs image as initramfs...
[STDOUT  ] 2018-05-01T20:37:59.269539868Z: [    6.719707] Freeing initrd memory: 35152K
[STDOUT  ] 2018-05-01T20:37:59.269549948Z: [    6.743251] PCLMULQDQ-NI instructions are not detected.
[STDERR  ] 2018-05-01T20:37:59.269480577Z: [    0.000000] ACPI: LAPIC_NMI (acpi_id[0xff] dfl dfl lint[0x1])
[STDERR  ] 2018-05-01T20:37:59.269575738Z: [    0.000000] IOAPIC[0]: apic_id 0, version 32, address 0xfec00000, GSI 0-23
[STDERR  ] 2018-05-01T20:37:59.269589278Z: [    0.000000] ACPI: INT_SRC_OVR (bus 0 bus_irq 0 global_irq 2 dfl dfl)
[STDERR  ] 2018-05-01T20:37:59.269601751Z: [    0.000000] ACPI: INT_SRC_OVR (bus 0 bus_irq 5 global_irq 5 high level)
[STDERR  ] 2018-05-01T20:37:59.269613958Z: [    0.000000] ACPI: INT_SRC_OVR (bus 0 bus_irq 9 global_irq 9 high level)
[STDOUT  ] 2018-05-01T20:37:59.269633218Z: [    6.744796] AVX or AES-NI instructions are not detected.
[STDERR  ] 2018-05-01T20:37:59.269635103Z: [    0.000000] ACPI: INT_SRC_OVR (bus 0 bus_irq 10 global_irq 10 high level)
[STDOUT  ] 2018-05-01T20:37:59.269644947Z: [    6.745216] CPU feature 'AVX registers' is not supported.
[STDOUT  ] 2018-05-01T20:37:59.269655437Z: [    6.745644] CPU feature 'AVX registers' is not supported.
[STDERR  ] 2018-05-01T20:37:59.269648675Z: [    0.000000] ACPI: INT_SRC_OVR (bus 0 bus_irq 11 global_irq 11 high level)
[STDOUT  ] 2018-05-01T20:37:59.269665795Z: [    6.746067] CPU feature 'AVX registers' is not supported.
[STDERR  ] 2018-05-01T20:37:59.269668993Z: [    0.000000] Using ACPI (MADT) for SMP configuration information
[STDOUT  ] 2018-05-01T20:37:59.269676483Z: [    6.746514] CPU feature 'AVX registers' is not supported.
[STDOUT  ] 2018-05-01T20:37:59.269686915Z: [    6.746883] AVX2 or AES-NI instructions are not detected.
[STDERR  ] 2018-05-01T20:37:59.269683174Z: [    0.000000] ACPI: HPET id: 0x8086a201 base: 0xfed00000
[STDERR  ] 2018-05-01T20:37:59.269696705Z: [    0.000000] smpboot: Allowing 1 CPUs, 0 hotplug CPUs
[STDERR  ] 2018-05-01T20:37:59.269717985Z: [    0.000000] e820: [mem 0x40000000-0xafffffff] available for PCI devices
[STDERR  ] 2018-05-01T20:37:59.269739721Z: [    0.000000] Booting paravirtualized kernel on bare hardware
[STDERR  ] 2018-05-01T20:37:59.269755220Z: [    0.000000] clocksource: refined-jiffies: mask: 0xffffffff max_cycles: 0xffffffff, max_idle_ns: 19112604462750000 ns
[STDERR  ] 2018-05-01T20:37:59.269769248Z: [    0.000000] setup_percpu: NR_CPUS:128 nr_cpumask_bits:128 nr_cpu_ids:1 nr_node_ids:1
[STDOUT  ] 2018-05-01T20:37:59.269697515Z: [    6.747247] AVX2 instructions are not detected.
[STDOUT  ] 2018-05-01T20:37:59.269785135Z: [    6.752013] audit: initializing netlink subsys (disabled)
[STDERR  ] 2018-05-01T20:37:59.269783990Z: [    0.000000] percpu: Embedded 44 pages/cpu @ffff8bc37da00000 s143256 r8192 d28776 u2097152
[STDERR  ] 2018-05-01T20:37:59.269801640Z: [    0.000000] Built 1 zonelists, mobility grouping on.  Total pages: 257896
[STDERR  ] 2018-05-01T20:37:59.269816195Z: [    0.000000] Kernel command line: console=ttyS0 console=ttyAMA0
[STDERR  ] 2018-05-01T20:37:59.269831408Z: [    0.000000] PID hash table entries: 4096 (order: 3, 32768 bytes)
[STDERR  ] 2018-05-01T20:37:59.269846625Z: [    0.000000] Dentry cache hash table entries: 131072 (order: 8, 1048576 bytes)
[STDERR  ] 2018-05-01T20:37:59.269863600Z: [    0.000000] Inode-cache hash table entries: 65536 (order: 7, 524288 bytes)
[STDERR  ] 2018-05-01T20:37:59.269878590Z: [    0.000000] Memory: 969656K/1048052K available (12300K kernel code, 1464K rwdata, 2988K rodata, 1508K init, 632K bss, 78396K reserved, 0K cma-reserved)
[STDERR  ] 2018-05-01T20:37:59.269898450Z: [    0.000000] ftrace: allocating 40962 entries in 161 pages
[STDERR  ] 2018-05-01T20:37:59.269913051Z: [    0.000000] Hierarchical RCU implementation.
[STDOUT  ] 2018-05-01T20:37:59.269796235Z: [    6.756983] audit: type=2000 audit(1525207047.750:1): state=initialized audit_enabled=0 res=1
[STDERR  ] 2018-05-01T20:37:59.269927031Z: [    0.000000] 	RCU restricting CPUs from NR_CPUS=128 to nr_cpu_ids=1.
[STDOUT  ] 2018-05-01T20:37:59.269943505Z: [    6.758257] workingset: timestamp_bits=46 max_order=18 bucket_order=0
[STDOUT  ] 2018-05-01T20:37:59.269957100Z: [    6.763823] squashfs: version 4.0 (2009/01/31) Phillip Lougher
[STDOUT  ] 2018-05-01T20:37:59.269968757Z: [    6.766010] FS-Cache: Netfs 'cifs' registered for caching
[STDOUT  ] 2018-05-01T20:37:59.269983049Z: [    6.766815] fuse init (API version 7.26)
[STDOUT  ] 2018-05-01T20:37:59.270001897Z: [    6.768740] SGI XFS with ACLs, security attributes, no debug enabled
[STDOUT  ] 2018-05-01T20:37:59.270012040Z: [    6.772687] 9p: Installing v9fs 9p2000 file system support
[STDOUT  ] 2018-05-01T20:37:59.270022460Z: [    6.773218] FS-Cache: Netfs '9p' registered for caching
[STDOUT  ] 2018-05-01T20:37:59.270032310Z: [    6.805806] NET: Registered protocol family 38
[STDERR  ] 2018-05-01T20:37:59.269940648Z: [    0.000000] RCU: Adjusting geometry for rcu_fanout_leaf=16, nr_cpu_ids=1
[STDERR  ] 2018-05-01T20:37:59.270053939Z: [    0.000000] NR_IRQS: 8448, nr_irqs: 256, preallocated irqs: 16
[STDERR  ] 2018-05-01T20:37:59.270072610Z: [    0.000000] Console: colour VGA+ 80x25
[STDERR  ] 2018-05-01T20:37:59.270086974Z: [    0.000000] console [ttyS0] enabled
[STDOUT  ] 2018-05-01T20:37:59.270042622Z: [    6.806587] Key type asymmetric registered
[STDERR  ] 2018-05-01T20:37:59.270100776Z: [    0.000000] clocksource: hpet: mask: 0xffffffff max_cycles: 0xffffffff, max_idle_ns: 19112604467 ns
[STDOUT  ] 2018-05-01T20:37:59.270135022Z: [    6.807009] Asymmetric key parser 'x509' registered
[STDERR  ] 2018-05-01T20:37:59.270140324Z: [    0.000000] tsc: Fast TSC calibration using PIT
[STDERR  ] 2018-05-01T20:37:59.270156226Z: [    0.000000] tsc: Detected 2600.122 MHz processor
[STDERR  ] 2018-05-01T20:37:59.270170680Z: [    0.001654] Calibrating delay loop (skipped), value calculated using timer frequency.. 5200.24 BogoMIPS (lpj=26001220)
[STDERR  ] 2018-05-01T20:37:59.270183282Z: [    0.002150] pid_max: default: 32768 minimum: 301
[STDERR  ] 2018-05-01T20:37:59.270196112Z: [    0.002925] ACPI: Core revision 20170728
[STDERR  ] 2018-05-01T20:37:59.270215419Z: [    0.035311] ACPI: 1 ACPI AML tables successfully acquired and loaded
[STDERR  ] 2018-05-01T20:37:59.270230057Z: [    0.037613] Security Framework initialized
[STDOUT  ] 2018-05-01T20:37:59.270146349Z: [    6.807947] Block layer SCSI generic (bsg) driver version 0.4 loaded (major 247)
[STDERR  ] 2018-05-01T20:37:59.270245275Z: [    0.037943] Yama: becoming mindful.
[STDOUT  ] 2018-05-01T20:37:59.270253127Z: [    6.809701] io scheduler noop registered
[STDERR  ] 2018-05-01T20:37:59.270259902Z: [    0.040790] Mount-cache hash table entries: 2048 (order: 2, 16384 bytes)
[STDOUT  ] 2018-05-01T20:37:59.270264730Z: [    6.810064] io scheduler deadline registered (default)
[STDERR  ] 2018-05-01T20:37:59.270274620Z: [    0.041218] Mountpoint-cache hash table entries: 2048 (order: 2, 16384 bytes)
[STDOUT  ] 2018-05-01T20:37:59.270274666Z: [    6.811970] io scheduler cfq registered
[STDOUT  ] 2018-05-01T20:37:59.270284717Z: [    6.812216] io scheduler mq-deadline registered
[STDERR  ] 2018-05-01T20:37:59.270288512Z: [    0.057179] Last level iTLB entries: 4KB 0, 2MB 0, 4MB 0
[STDOUT  ] 2018-05-01T20:37:59.270295422Z: [    6.812519] io scheduler kyber registered
[STDERR  ] 2018-05-01T20:37:59.270302987Z: [    0.057626] Last level dTLB entries: 4KB 0, 2MB 0, 4MB 0, 1GB 0
[STDOUT  ] 2018-05-01T20:37:59.270305379Z: [    6.815248] shpchp: Standard Hot Plug PCI Controller Driver version: 0.4
[STDERR  ] 2018-05-01T20:37:59.270317185Z: [    0.058160] Spectre V2 : Spectre mitigation: LFENCE not serializing, switching to generic retpoline
[STDOUT  ] 2018-05-01T20:37:59.270315252Z: [    6.815972] hv_vmbus: registering driver hyperv_fb
[STDOUT  ] 2018-05-01T20:37:59.270325682Z: [    6.818727] input: Power Button as /devices/LNXSYSTM:00/LNXPWRBN:00/input/input0
[STDERR  ] 2018-05-01T20:37:59.270330742Z: [    0.058770] Spectre V2 : Vulnerable: Minimal generic ASM retpoline
[STDOUT  ] 2018-05-01T20:37:59.270335900Z: [    6.822123] ACPI: Power Button [PWRF]
[STDOUT  ] 2018-05-01T20:37:59.270346397Z: [    6.833375] ACPI: PCI Interrupt Link [GSIG] enabled at IRQ 22
[STDOUT  ] 2018-05-01T20:37:59.270357072Z: [    6.842289] ACPI: PCI Interrupt Link [GSIH] enabled at IRQ 23
[STDOUT  ] 2018-05-01T20:37:59.270367845Z: [    6.847234] Serial: 8250/16550 driver, 4 ports, IRQ sharing disabled
[STDOUT  ] 2018-05-01T20:37:59.270377820Z: [    6.872669] 00:04: ttyS0 at I/O 0x3f8 (irq = 4, base_baud = 115200) is a 16550A
[STDOUT  ] 2018-05-01T20:37:59.270387660Z: [    6.882227] Non-volatile memory driver v1.3
[STDOUT  ] 2018-05-01T20:37:59.270397620Z: [    6.889808] Hangcheck: starting hangcheck timer 0.9.1 (tick is 180 seconds, margin is 60 seconds).
[STDOUT  ] 2018-05-01T20:37:59.270408480Z: [    6.900965] random: crng init done
[STDERR  ] 2018-05-01T20:37:59.270344427Z: [    0.059214] Spectre V2 : Spectre v2 mitigation: Filling RSB on context switch
[STDOUT  ] 2018-05-01T20:37:59.270418614Z: [    6.942090] brd: module loaded
[STDERR  ] 2018-05-01T20:37:59.270435576Z: [    0.327777] Freeing SMP alternatives memory: 20K
[STDERR  ] 2018-05-01T20:37:59.270452060Z: [    0.347261] smpboot: Max logical packages: 1
[STDERR  ] 2018-05-01T20:37:59.270466146Z: [    0.354443] ..TIMER: vector=0x30 apic1=0 pin1=2 apic2=-1 pin2=-1
[STDERR  ] 2018-05-01T20:37:59.270524131Z: [    0.460000] smpboot: CPU0: AMD QEMU Virtual CPU version 2.5+ (family: 0x6, model: 0x6, stepping: 0x3)
[STDERR  ] 2018-05-01T20:37:59.270538911Z: [    0.460000] Performance Events: PMU not available due to virtualization, using software events only.
[STDERR  ] 2018-05-01T20:37:59.270552751Z: [    0.461145] Hierarchical SRCU implementation.
[STDERR  ] 2018-05-01T20:37:59.270567113Z: [    0.466326] NMI watchdog: Perf event create on CPU 0 failed with -2
[STDOUT  ] 2018-05-01T20:37:59.270429425Z: [    6.968253] loop: module loaded
[STDOUT  ] 2018-05-01T20:37:59.270587486Z: [    7.010383] lpc_ich 0000:00:1f.0: I/O space for GPIO uninitialized
[STDERR  ] 2018-05-01T20:37:59.270584931Z: [    0.466697] NMI watchdog: Perf NMI watchdog permanently disabled
[STDERR  ] 2018-05-01T20:37:59.270609813Z: [    0.470347] smp: Bringing up secondary CPUs ...
[STDERR  ] 2018-05-01T20:37:59.270626251Z: [    0.470703] smp: Brought up 1 node, 1 CPU
[STDERR  ] 2018-05-01T20:37:59.270641466Z: [    0.471114] smpboot: Total of 1 processors activated (5200.24 BogoMIPS)
[STDERR  ] 2018-05-01T20:37:59.270659856Z: [    0.484714] devtmpfs: initialized
[STDERR  ] 2018-05-01T20:37:59.270673624Z: [    0.488486] x86/mm: Memory block size: 128MB
[STDERR  ] 2018-05-01T20:37:59.270686896Z: [    0.494106] evm: security.ima
[STDOUT  ] 2018-05-01T20:37:59.270597614Z: [    7.012776] VMware PVSCSI driver - version 1.0.7.0-k
[STDOUT  ] 2018-05-01T20:37:59.270723909Z: [    7.013509] hv_vmbus: registering driver hv_storvsc
[STDOUT  ] 2018-05-01T20:37:59.270735083Z: [    7.019832] ACPI: PCI Interrupt Link [GSIA] enabled at IRQ 16
[STDOUT  ] 2018-05-01T20:37:59.270745486Z: [    7.025693] ahci 0000:00:1f.2: AHCI 0001.0000 32 slots 6 ports 1.5 Gbps 0x3f impl SATA mode
[STDOUT  ] 2018-05-01T20:37:59.270755641Z: [    7.026460] ahci 0000:00:1f.2: flags: 64bit ncq only 
[STDOUT  ] 2018-05-01T20:37:59.270766466Z: [    7.039252] scsi host0: ahci
[STDOUT  ] 2018-05-01T20:37:59.270777581Z: [    7.042091] scsi host1: ahci
[STDOUT  ] 2018-05-01T20:37:59.270787453Z: [    7.043558] scsi host2: ahci
[STDOUT  ] 2018-05-01T20:37:59.270796780Z: [    7.045006] scsi host3: ahci
[STDOUT  ] 2018-05-01T20:37:59.270808266Z: [    7.046521] scsi host4: ahci
[STDOUT  ] 2018-05-01T20:37:59.270819216Z: [    7.047923] scsi host5: ahci
[STDOUT  ] 2018-05-01T20:37:59.270829363Z: [    7.049050] ata1: SATA max UDMA/133 abar m4096@0xfebd2000 port 0xfebd2100 irq 24
[STDOUT  ] 2018-05-01T20:37:59.270839170Z: [    7.049493] ata2: SATA max UDMA/133 abar m4096@0xfebd2000 port 0xfebd2180 irq 24
[STDOUT  ] 2018-05-01T20:37:59.270849429Z: [    7.049995] ata3: SATA max UDMA/133 abar m4096@0xfebd2000 port 0xfebd2200 irq 24
[STDOUT  ] 2018-05-01T20:37:59.270859293Z: [    7.050803] ata4: SATA max UDMA/133 abar m4096@0xfebd2000 port 0xfebd2280 irq 24
[STDOUT  ] 2018-05-01T20:37:59.270869301Z: [    7.051303] ata5: SATA max UDMA/133 abar m4096@0xfebd2000 port 0xfebd2300 irq 24
[STDERR  ] 2018-05-01T20:37:59.270699669Z: [    0.494312] evm: security.capability
[STDOUT  ] 2018-05-01T20:37:59.270879024Z: [    7.051745] ata6: SATA max UDMA/133 abar m4096@0xfebd2000 port 0xfebd2380 irq 24
[STDOUT  ] 2018-05-01T20:37:59.270893409Z: [    7.061462] tun: Universal TUN/TAP device driver, 1.6
[STDOUT  ] 2018-05-01T20:37:59.270904386Z: [    7.071219] VMware vmxnet3 virtual NIC driver - version 1.4.a.0-k-NAPI
[STDERR  ] 2018-05-01T20:37:59.270899376Z: [    0.497152] clocksource: jiffies: mask: 0xffffffff max_cycles: 0xffffffff, max_idle_ns: 19112604462750000 ns
[STDERR  ] 2018-05-01T20:37:59.270916256Z: [    0.497938] futex hash table entries: 256 (order: 2, 16384 bytes)
[STDOUT  ] 2018-05-01T20:37:59.270914616Z: [    7.072424] hv_vmbus: registering driver hv_netvsc
[STDERR  ] 2018-05-01T20:37:59.270989411Z: [    0.507204] NET: Registered protocol family 16
[STDERR  ] 2018-05-01T20:37:59.271009323Z: [    0.512733] cpuidle: using governor ladder
[STDOUT  ] 2018-05-01T20:37:59.270953107Z: [    7.072769] Fusion MPT base driver 3.04.20
[STDOUT  ] 2018-05-01T20:37:59.271079303Z: [    7.073044] Copyright (c) 1999-2008 LSI Corporation
[STDERR  ] 2018-05-01T20:37:59.271072608Z: [    0.513174] cpuidle: using governor menu
[STDERR  ] 2018-05-01T20:37:59.271142172Z: [    0.514723] ACPI: bus type PCI registered
[STDOUT  ] 2018-05-01T20:37:59.271090203Z: [    7.073609] Fusion MPT SPI Host driver 3.04.20
[STDERR  ] 2018-05-01T20:37:59.271165248Z: [    0.517099] PCI: MMCONFIG for domain 0000 [bus 00-ff] at [mem 0xb0000000-0xbfffffff] (base 0xb0000000)
[STDOUT  ] 2018-05-01T20:37:59.271217949Z: [    7.075508] i8042: PNP: PS/2 Controller [PNP0303:KBD,PNP0f13:MOU] at 0x60,0x64 irq 1,12
[STDERR  ] 2018-05-01T20:37:59.271221866Z: [    0.517983] PCI: MMCONFIG at [mem 0xb0000000-0xbfffffff] reserved in E820
[STDOUT  ] 2018-05-01T20:37:59.271240376Z: [    7.079514] serio: i8042 KBD port at 0x60,0x64 irq 1
[STDERR  ] 2018-05-01T20:37:59.271239688Z: [    0.518999] PCI: Using configuration type 1 for base access
[STDOUT  ] 2018-05-01T20:37:59.271257548Z: [    7.080415] serio: i8042 AUX port at 0x60,0x64 irq 12
[STDOUT  ] 2018-05-01T20:37:59.271268136Z: [    7.082586] hv_vmbus: registering driver hyperv_keyboard
[STDOUT  ] 2018-05-01T20:37:59.271283099Z: [    7.084279] mousedev: PS/2 mouse device common for all mice
[STDOUT  ] 2018-05-01T20:37:59.271295568Z: [    7.089690] input: AT Translated Set 2 keyboard as /devices/platform/i8042/serio0/input/input1
[STDERR  ] 2018-05-01T20:37:59.271255706Z: [    0.558779] HugeTLB registered 2.00 MiB page size, pre-allocated 0 pages
[STDOUT  ] 2018-05-01T20:37:59.271306203Z: [    7.091445] input: PC Speaker as /devices/platform/pcspkr/input/input2
[STDERR  ] 2018-05-01T20:37:59.271312921Z: [    0.569817] ACPI: Added _OSI(Module Device)
[STDERR  ] 2018-05-01T20:37:59.271328035Z: [    0.570173] ACPI: Added _OSI(Processor Device)
[STDOUT  ] 2018-05-01T20:37:59.271332708Z: [    7.093883] rtc_cmos 00:00: RTC can wake from S4
[STDOUT  ] 2018-05-01T20:37:59.271342552Z: [    7.097381] rtc_cmos 00:00: rtc core: registered rtc_cmos as rtc0
[STDOUT  ] 2018-05-01T20:37:59.271352888Z: [    7.098583] rtc_cmos 00:00: alarms up to one day, y3k, 114 bytes nvram, hpet irqs
[STDOUT  ] 2018-05-01T20:37:59.271363055Z: [    7.099340] i2c /dev entries driver
[STDOUT  ] 2018-05-01T20:37:59.271373895Z: [    7.101414] device-mapper: ioctl: 4.37.0-ioctl (2017-09-20) initialised: dm-devel@redhat.com
[STDERR  ] 2018-05-01T20:37:59.271379398Z: [    0.570439] ACPI: Added _OSI(3.0 _SCP Extensions)
[STDOUT  ] 2018-05-01T20:37:59.271383969Z: [    7.104861] usbcore: registered new interface driver usbhid
[STDERR  ] 2018-05-01T20:37:59.271395885Z: [    0.570772] ACPI: Added _OSI(Processor Aggregator Device)
[STDOUT  ] 2018-05-01T20:37:59.271402465Z: [    7.105212] usbhid: USB HID core driver
[STDOUT  ] 2018-05-01T20:37:59.271416272Z: [    7.105946] hv_utils: Registering HyperV Utility Driver
[STDOUT  ] 2018-05-01T20:37:59.271426068Z: [    7.106261] hv_vmbus: registering driver hv_util
[STDOUT  ] 2018-05-01T20:37:59.271436609Z: [    7.106617] hv_vmbus: registering driver hv_balloon
[STDERR  ] 2018-05-01T20:37:59.271411256Z: [    0.616622] ACPI: Interpreter enabled
[STDERR  ] 2018-05-01T20:37:59.271466848Z: [    0.617563] ACPI: (supports S0 S5)
[STDOUT  ] 2018-05-01T20:37:59.271447401Z: [    7.107180] oprofile: using NMI interrupt.
[STDOUT  ] 2018-05-01T20:37:59.271539705Z: [    7.108659] GACT probability on
[STDERR  ] 2018-05-01T20:37:59.271555702Z: [    0.617889] ACPI: Using IOAPIC for interrupt routing
[STDERR  ] 2018-05-01T20:37:59.271576178Z: [    0.621495] PCI: Using host bridge windows from ACPI; if necessary, use "pci=nocrs" and report a bug
[STDOUT  ] 2018-05-01T20:37:59.271553568Z: [    7.109082] Mirror/redirect action on
[STDERR  ] 2018-05-01T20:37:59.271590892Z: [    0.624251] ACPI: Enabled 1 GPEs in block 00 to 3F
[STDOUT  ] 2018-05-01T20:37:59.271636437Z: [    7.109695] Simple TC action Loaded
[STDERR  ] 2018-05-01T20:37:59.271648197Z: [    0.669124] ACPI: PCI Root Bridge [PCI0] (domain 0000 [bus 00-ff])
[STDERR  ] 2018-05-01T20:37:59.271664335Z: [    0.670410] acpi PNP0A08:00: _OSC: OS supports [ExtendedConfig ASPM ClockPM Segments MSI]
[STDERR  ] 2018-05-01T20:37:59.271923964Z: [    0.674861] acpi PNP0A08:00: _OSC: OS now controls [PCIeHotplug PME PCIeCapability]
[STDERR  ] 2018-05-01T20:37:59.271964277Z: [    0.678042] PCI host bridge to bus 0000:00
[STDERR  ] 2018-05-01T20:37:59.271980395Z: [    0.678579] pci_bus 0000:00: root bus resource [io  0x0000-0x0cf7 window]
[STDERR  ] 2018-05-01T20:37:59.271994858Z: [    0.679042] pci_bus 0000:00: root bus resource [io  0x0d00-0xffff window]
[STDERR  ] 2018-05-01T20:37:59.272009740Z: [    0.679450] pci_bus 0000:00: root bus resource [mem 0x000a0000-0x000bffff window]
[STDERR  ] 2018-05-01T20:37:59.272040854Z: [    0.679880] pci_bus 0000:00: root bus resource [mem 0xc0000000-0xfebfffff window]
[STDERR  ] 2018-05-01T20:37:59.272057771Z: [    0.680715] pci_bus 0000:00: root bus resource [bus 00-ff]
[STDERR  ] 2018-05-01T20:37:59.272080113Z: [    0.811471] pci 0000:00:1f.0: quirk: [io  0x0600-0x067f] claimed by ICH6 ACPI/GPIO/TCO
[STDERR  ] 2018-05-01T20:37:59.272113739Z: [    0.878403] ACPI: PCI Interrupt Link [LNKA] (IRQs 5 *10 11)
[STDERR  ] 2018-05-01T20:37:59.272131047Z: [    0.881903] ACPI: PCI Interrupt Link [LNKB] (IRQs 5 *10 11)
[STDOUT  ] 2018-05-01T20:37:59.271649422Z: [    7.110539] u32 classifier
[STDERR  ] 2018-05-01T20:37:59.272146336Z: [    0.883854] ACPI: PCI Interrupt Link [LNKC] (IRQs 5 10 *11)
[STDERR  ] 2018-05-01T20:37:59.272162064Z: [    0.885353] ACPI: PCI Interrupt Link [LNKD] (IRQs 5 10 *11)
[STDERR  ] 2018-05-01T20:37:59.272197282Z: [    0.887201] ACPI: PCI Interrupt Link [LNKE] (IRQs 5 *10 11)
[STDERR  ] 2018-05-01T20:37:59.272213353Z: [    0.888597] ACPI: PCI Interrupt Link [LNKF] (IRQs 5 *10 11)
[STDOUT  ] 2018-05-01T20:37:59.272150049Z: [    7.110707]     Performance counters on
[STDERR  ] 2018-05-01T20:37:59.272230474Z: [    0.891097] ACPI: PCI Interrupt Link [LNKG] (IRQs 5 10 *11)
[STDOUT  ] 2018-05-01T20:37:59.272239056Z: [    7.110944]     input device check on
[STDOUT  ] 2018-05-01T20:37:59.272251439Z: [    7.111180]     Actions configured
[STDOUT  ] 2018-05-01T20:37:59.272261482Z: [    7.111824] Netfilter messages via NETLINK v0.30.
[STDERR  ] 2018-05-01T20:37:59.272245684Z: [    0.892627] ACPI: PCI Interrupt Link [LNKH] (IRQs 5 10 *11)
[STDOUT  ] 2018-05-01T20:37:59.272272549Z: [    7.112280] nfnl_acct: registering with nfnetlink.
[STDOUT  ] 2018-05-01T20:37:59.272302936Z: [    7.113671] nf_conntrack version 0.5.0 (8192 buckets, 32768 max)
[STDOUT  ] 2018-05-01T20:37:59.272313606Z: [    7.115844] ctnetlink v0.93: registering with nfnetlink.
[STDOUT  ] 2018-05-01T20:37:59.272323952Z: [    7.118623] nf_tables: (c) 2007-2009 Patrick McHardy <kaber@trash.net>
[STDOUT  ] 2018-05-01T20:37:59.272344082Z: [    7.119455] nf_tables_compat: (c) 2012 Pablo Neira Ayuso <pablo@netfilter.org>
[STDOUT  ] 2018-05-01T20:37:59.272355230Z: [    7.122048] xt_time: kernel timezone is -0000
[STDOUT  ] 2018-05-01T20:37:59.272365836Z: [    7.122537] ip_set: protocol 6
[STDOUT  ] 2018-05-01T20:37:59.272377596Z: [    7.123243] IPVS: Registered protocols (TCP, UDP, SCTP, AH, ESP)
[STDOUT  ] 2018-05-01T20:37:59.272388477Z: [    7.123833] IPVS: Connection hash table configured (size=4096, memory=64Kbytes)
[STDOUT  ] 2018-05-01T20:37:59.272398786Z: [    7.127576] IPVS: ipvs loaded.
[STDOUT  ] 2018-05-01T20:37:59.272409996Z: [    7.128029] IPVS: [rr] scheduler registered.
[STDOUT  ] 2018-05-01T20:37:59.272431490Z: [    7.128345] IPVS: [wrr] scheduler registered.
[STDERR  ] 2018-05-01T20:37:59.272276086Z: [    0.893294] ACPI: PCI Interrupt Link [GSIA] (IRQs *16)
[STDERR  ] 2018-05-01T20:37:59.272452434Z: [    0.893816] ACPI: PCI Interrupt Link [GSIB] (IRQs *17)
[STDERR  ] 2018-05-01T20:37:59.272474060Z: [    0.894391] ACPI: PCI Interrupt Link [GSIC] (IRQs *18)
[STDERR  ] 2018-05-01T20:37:59.272498589Z: [    0.894974] ACPI: PCI Interrupt Link [GSID] (IRQs *19)
[STDOUT  ] 2018-05-01T20:37:59.272441848Z: [    7.128615] IPVS: [lc] scheduler registered.
[STDERR  ] 2018-05-01T20:37:59.272526929Z: [    0.895820] ACPI: PCI Interrupt Link [GSIE] (IRQs *20)
[STDOUT  ] 2018-05-01T20:37:59.272544650Z: [    7.128860] IPVS: [wlc] scheduler registered.
[STDERR  ] 2018-05-01T20:37:59.272553554Z: [    0.896495] ACPI: PCI Interrupt Link [GSIF] (IRQs *21)
[STDOUT  ] 2018-05-01T20:37:59.272556788Z: [    7.129154] IPVS: [fo] scheduler registered.
[STDOUT  ] 2018-05-01T20:37:59.272567656Z: [    7.129425] IPVS: [ovf] scheduler registered.
[STDOUT  ] 2018-05-01T20:37:59.272578202Z: [    7.130010] IPVS: [lblc] scheduler registered.
[STDOUT  ] 2018-05-01T20:37:59.272588712Z: [    7.131000] IPVS: [lblcr] scheduler registered.
[STDOUT  ] 2018-05-01T20:37:59.272599197Z: [    7.131274] IPVS: [dh] scheduler registered.
[STDOUT  ] 2018-05-01T20:37:59.272609579Z: [    7.131573] IPVS: [sh] scheduler registered.
[STDOUT  ] 2018-05-01T20:37:59.272619849Z: [    7.131803] IPVS: [sed] scheduler registered.
[STDERR  ] 2018-05-01T20:37:59.272622799Z: [    0.897118] ACPI: PCI Interrupt Link [GSIG] (IRQs *22)
[STDOUT  ] 2018-05-01T20:37:59.272635591Z: [    7.132101] IPVS: [nq] scheduler registered.
[STDERR  ] 2018-05-01T20:37:59.272637889Z: [    0.897703] ACPI: PCI Interrupt Link [GSIH] (IRQs *23)
[STDOUT  ] 2018-05-01T20:37:59.272645922Z: [    7.132851] IPVS: ftp: loaded support on port[0] = 21
[STDOUT  ] 2018-05-01T20:37:59.272655921Z: [    7.133585] ipip: IPv4 and MPLS over IPv4 tunneling driver
[STDOUT  ] 2018-05-01T20:37:59.272667305Z: [    7.137155] gre: GRE over IPv4 demultiplexor driver
[STDOUT  ] 2018-05-01T20:37:59.272677894Z: [    7.139597] ip_tables: (C) 2000-2006 Netfilter Core Team
[STDERR  ] 2018-05-01T20:37:59.272652178Z: [    0.905984] SCSI subsystem initialized
[STDERR  ] 2018-05-01T20:37:59.272698284Z: [    0.908804] ACPI: bus type USB registered
[STDERR  ] 2018-05-01T20:37:59.272717801Z: [    0.909839] usbcore: registered new interface driver usbfs
[STDERR  ] 2018-05-01T20:37:59.272733475Z: [    0.910908] usbcore: registered new interface driver hub
[STDERR  ] 2018-05-01T20:37:59.272749012Z: [    0.911729] usbcore: registered new device driver usb
[STDOUT  ] 2018-05-01T20:37:59.272688332Z: [    7.143358] ipt_CLUSTERIP: ClusterIP Version 0.8 loaded successfully
[STDERR  ] 2018-05-01T20:37:59.272776832Z: [    0.912705] pps_core: LinuxPPS API ver. 1 registered
[STDOUT  ] 2018-05-01T20:37:59.272787767Z: [    7.143995] arp_tables: arp_tables: (C) 2002 David S. Miller
[STDERR  ] 2018-05-01T20:37:59.272794784Z: [    0.912972] pps_core: Software ver. 5.3.6 - Copyright 2005-2007 Rodolfo Giometti <giometti@linux.it>
[STDERR  ] 2018-05-01T20:37:59.272809469Z: [    0.913697] PTP clock support registered
[STDERR  ] 2018-05-01T20:37:59.272823655Z: [    0.916119] PCI: Using ACPI for IRQ routing
[STDERR  ] 2018-05-01T20:37:59.272838449Z: [    0.929047] NetLabel: Initializing
[STDOUT  ] 2018-05-01T20:37:59.272800037Z: [    7.146161] NET: Registered protocol family 10
[STDERR  ] 2018-05-01T20:37:59.272873432Z: [    0.929292] NetLabel:  domain hash size = 128
[STDOUT  ] 2018-05-01T20:37:59.272883091Z: [    7.155204] Segment Routing with IPv6
[STDERR  ] 2018-05-01T20:37:59.272887607Z: [    0.929601] NetLabel:  protocols = UNLABELED CIPSOv4 CALIPSO
[STDOUT  ] 2018-05-01T20:37:59.272894699Z: [    7.156098] ip6_tables: (C) 2000-2006 Netfilter Core Team
[STDERR  ] 2018-05-01T20:37:59.272901977Z: [    0.931797] NetLabel:  unlabeled traffic allowed by default
[STDOUT  ] 2018-05-01T20:37:59.272904925Z: [    7.163178] NET: Registered protocol family 17
[STDOUT  ] 2018-05-01T20:37:59.272926471Z: [    7.164232] Bridge firewalling registered
[STDERR  ] 2018-05-01T20:37:59.272919609Z: [    0.933332] HPET: 3 timers in total, 0 timers will be used for per-cpu timer
[STDERR  ] 2018-05-01T20:37:59.272950929Z: [    0.934065] hpet0: at MMIO 0xfed00000, IRQs 2, 8, 0
[STDERR  ] 2018-05-01T20:37:59.272965565Z: [    0.934444] hpet0: 3 comparators, 64-bit 100.000000 MHz counter
[STDERR  ] 2018-05-01T20:37:59.272980629Z: [    0.941555] clocksource: Switched to clocksource hpet
[STDERR  ] 2018-05-01T20:37:59.272995011Z: [    1.178946] VFS: Disk quotas dquot_6.6.0
[STDERR  ] 2018-05-01T20:37:59.273029629Z: [    1.179704] VFS: Dquot-cache hash table entries: 512 (order 0, 4096 bytes)
[STDERR  ] 2018-05-01T20:37:59.273048619Z: [    1.183537] FS-Cache: Loaded
[STDERR  ] 2018-05-01T20:37:59.273075284Z: [    1.189403] CacheFiles: Loaded
[STDERR  ] 2018-05-01T20:37:59.273106355Z: [    1.191043] pnp: PnP ACPI init
[STDERR  ] 2018-05-01T20:37:59.273127294Z: [    1.201434] pnp: PnP ACPI: found 5 devices
[STDERR  ] 2018-05-01T20:37:59.273141298Z: [    1.239146] clocksource: acpi_pm: mask: 0xffffff max_cycles: 0xffffff, max_idle_ns: 2085701024 ns
[STDERR  ] 2018-05-01T20:37:59.273158969Z: [    1.242935] NET: Registered protocol family 2
[STDERR  ] 2018-05-01T20:37:59.273194088Z: [    1.251002] TCP established hash table entries: 8192 (order: 4, 65536 bytes)
[STDERR  ] 2018-05-01T20:37:59.273208491Z: [    1.251818] TCP bind hash table entries: 8192 (order: 5, 131072 bytes)
[STDERR  ] 2018-05-01T20:37:59.273228939Z: [    1.252835] TCP: Hash tables configured (established 8192 bind 8192)
[STDERR  ] 2018-05-01T20:37:59.273259033Z: [    1.255260] UDP hash table entries: 512 (order: 2, 16384 bytes)
[STDERR  ] 2018-05-01T20:37:59.273275990Z: [    1.255929] UDP-Lite hash table entries: 512 (order: 2, 16384 bytes)
[STDOUT  ] 2018-05-01T20:37:59.273290094Z: [    7.164750] Ebtables v2.0 registered
[STDERR  ] 2018-05-01T20:37:59.273291223Z: [    1.258695] NET: Registered protocol family 1
[STDERR  ] 2018-05-01T20:37:59.273304891Z: [    1.259680] pci 0000:00:01.0: Video device with shadowed ROM at [mem 0x000c0000-0x000dffff]
[STDERR  ] 2018-05-01T20:37:59.273320431Z: [    1.266262] Trying to unpack rootfs image as initramfs...
[STDERR  ] 2018-05-01T20:37:59.273353118Z: [    6.719707] Freeing initrd memory: 35152K
[STDERR  ] 2018-05-01T20:37:59.273372118Z: [    6.743251] PCLMULQDQ-NI instructions are not detected.
[STDERR  ] 2018-05-01T20:37:59.273386980Z: [    6.744796] AVX or AES-NI instructions are not detected.
[STDOUT  ] 2018-05-01T20:37:59.273301866Z: [    7.166593] 8021q: 802.1Q VLAN Support v1.8
[STDERR  ] 2018-05-01T20:37:59.273415956Z: [    6.745216] CPU feature 'AVX registers' is not supported.
[STDERR  ] 2018-05-01T20:37:59.273431479Z: [    6.745644] CPU feature 'AVX registers' is not supported.
[STDERR  ] 2018-05-01T20:37:59.273445570Z: [    6.746067] CPU feature 'AVX registers' is not supported.
[STDERR  ] 2018-05-01T20:37:59.273459863Z: [    6.746514] CPU feature 'AVX registers' is not supported.
[STDOUT  ] 2018-05-01T20:37:59.273415971Z: [    7.167885] 9pnet: Installing 9P2000 support
[STDOUT  ] 2018-05-01T20:37:59.273517066Z: [    7.169254] Key type dns_resolver registered
[STDOUT  ] 2018-05-01T20:37:59.273530949Z: [    7.171010] sched_clock: Marking stable (7170183810, 0)->(7287555779, -117371969)
[STDOUT  ] 2018-05-01T20:37:59.273540796Z: [    7.174019] registered taskstats version 1
[STDOUT  ] 2018-05-01T20:37:59.273551094Z: [    7.355762] Key type big_key registered
[STDOUT  ] 2018-05-01T20:37:59.273561334Z: [    7.383640] ata2: SATA link down (SStatus 0 SControl 300)
[STDOUT  ] 2018-05-01T20:37:59.273574988Z: [    7.386851] ata1: SATA link up 1.5 Gbps (SStatus 113 SControl 300)
[STDOUT  ] 2018-05-01T20:37:59.273585609Z: [    7.391655] ata1.00: ATA-7: QEMU HARDDISK, 2.5+, max UDMA/100
[STDOUT  ] 2018-05-01T20:37:59.273596313Z: [    7.392082] ata1.00: 1048576 sectors, multi 16: LBA48 NCQ (depth 31/32)
[STDOUT  ] 2018-05-01T20:37:59.273619724Z: [    7.392683] ata1.00: applying bridge limits
[STDOUT  ] 2018-05-01T20:37:59.273630301Z: [    7.394679] ata1.00: configured for UDMA/100
[STDOUT  ] 2018-05-01T20:37:59.273640330Z: [    7.403834] ata3: SATA link up 1.5 Gbps (SStatus 113 SControl 300)
[STDERR  ] 2018-05-01T20:37:59.273474289Z: [    6.746883] AVX2 or AES-NI instructions are not detected.
[STDERR  ] 2018-05-01T20:37:59.273662498Z: [    6.747247] AVX2 instructions are not detected.
[STDERR  ] 2018-05-01T20:37:59.273679892Z: [    6.752013] audit: initializing netlink subsys (disabled)
[STDERR  ] 2018-05-01T20:37:59.273694410Z: [    6.756983] audit: type=2000 audit(1525207047.750:1): state=initialized audit_enabled=0 res=1
[STDERR  ] 2018-05-01T20:37:59.273724600Z: [    6.758257] workingset: timestamp_bits=46 max_order=18 bucket_order=0
[STDOUT  ] 2018-05-01T20:37:59.273650378Z: [    7.404680] ata3.00: ATAPI: QEMU DVD-ROM, 2.5+, max UDMA/100
[STDOUT  ] 2018-05-01T20:37:59.273746017Z: [    7.405049] ata3.00: applying bridge limits
[STDERR  ] 2018-05-01T20:37:59.273739840Z: [    6.763823] squashfs: version 4.0 (2009/01/31) Phillip Lougher
[STDOUT  ] 2018-05-01T20:37:59.273765675Z: [    7.405616] ata3.00: configured for UDMA/100
[STDOUT  ] 2018-05-01T20:37:59.273780974Z: [    7.407264] ata4: SATA link down (SStatus 0 SControl 300)
[STDOUT  ] 2018-05-01T20:37:59.273791628Z: [    7.407787] ata5: SATA link down (SStatus 0 SControl 300)
[STDOUT  ] 2018-05-01T20:37:59.273805592Z: [    7.408288] ata6: SATA link down (SStatus 0 SControl 300)
[STDOUT  ] 2018-05-01T20:37:59.273833380Z: [    7.431291] scsi 0:0:0:0: Direct-Access     ATA      QEMU HARDDISK    2.5+ PQ: 0 ANSI: 5
[STDOUT  ] 2018-05-01T20:37:59.273844838Z: [    7.438465] sd 0:0:0:0: Attached scsi generic sg0 type 0
[STDOUT  ] 2018-05-01T20:37:59.273854668Z: [    7.443223] sd 0:0:0:0: [sda] 1048576 512-byte logical blocks: (537 MB/512 MiB)
[STDOUT  ] 2018-05-01T20:37:59.273864462Z: [    7.447236] scsi 2:0:0:0: CD-ROM            QEMU     QEMU DVD-ROM     2.5+ PQ: 0 ANSI: 5
[STDOUT  ] 2018-05-01T20:37:59.273875072Z: [    7.450751] sd 0:0:0:0: [sda] Write Protect is off
[STDOUT  ] 2018-05-01T20:37:59.273885337Z: [    7.461228] sd 0:0:0:0: [sda] Write cache: enabled, read cache: enabled, doesn't support DPO or FUA
[STDOUT  ] 2018-05-01T20:37:59.273896392Z: [    7.484941] sd 0:0:0:0: [sda] Attached SCSI disk
[STDERR  ] 2018-05-01T20:37:59.273767690Z: [    6.766010] FS-Cache: Netfs 'cifs' registered for caching
[STDOUT  ] 2018-05-01T20:37:59.273906885Z: [    7.491054] Key type trusted registered
[STDOUT  ] 2018-05-01T20:37:59.273916920Z: [    7.502880] sr 2:0:0:0: [sr0] scsi3-mmc drive: 4x/4x cd/rw xa/form2 tray
[STDOUT  ] 2018-05-01T20:37:59.273928207Z: [    7.503533] cdrom: Uniform CD-ROM driver Revision: 3.20
[STDOUT  ] 2018-05-01T20:37:59.273948292Z: [    7.511601] sr 2:0:0:0: Attached scsi generic sg1 type 5
[STDOUT  ] 2018-05-01T20:37:59.273958365Z: [    7.561346] Key type encrypted registered
[STDOUT  ] 2018-05-01T20:37:59.273968644Z: [    7.562157] ima: No TPM chip found, activating TPM-bypass! (rc=-19)
[STDOUT  ] 2018-05-01T20:37:59.273978491Z: [    7.566068] evm: HMAC attrs: 0x1
[STDOUT  ] 2018-05-01T20:37:59.273999664Z: [    7.572251] rtc_cmos 00:00: setting system clock to 2018-05-01 20:37:28 UTC (1525207048)
[STDOUT  ] 2018-05-01T20:37:59.274010672Z: [    7.741646] Freeing unused kernel memory: 1508K
[STDOUT  ] 2018-05-01T20:37:59.274020785Z: [    7.742114] Write protecting the kernel read-only data: 18432k
[STDOUT  ] 2018-05-01T20:37:59.274030544Z: [    7.755248] Freeing unused kernel memory: 2024K
[STDOUT  ] 2018-05-01T20:37:59.274040091Z: [    7.788106] Freeing unused kernel memory: 1108K
[STDOUT  ] 2018-05-01T20:37:59.274049765Z: [    7.788832] tsc: Refined TSC clocksource calibration: 2600.007 MHz
[STDOUT  ] 2018-05-01T20:37:59.274059465Z: [    7.789442] clocksource: tsc: mask: 0xffffffffffffffff max_cycles: 0x257a42b61ea, max_idle_ns: 440795254678 ns
[STDERR  ] 2018-05-01T20:37:59.273913624Z: [    6.766815] fuse init (API version 7.26)
[STDERR  ] 2018-05-01T20:37:59.274075795Z: [    6.768740] SGI XFS with ACLs, security attributes, no debug enabled
[STDERR  ] 2018-05-01T20:37:59.274094157Z: [    6.772687] 9p: Installing v9fs 9p2000 file system support
[STDERR  ] 2018-05-01T20:37:59.274108492Z: [    6.773218] FS-Cache: Netfs '9p' registered for caching
[STDERR  ] 2018-05-01T20:37:59.274126718Z: [    6.805806] NET: Registered protocol family 38
[STDERR  ] 2018-05-01T20:37:59.274141560Z: [    6.806587] Key type asymmetric registered
[STDERR  ] 2018-05-01T20:37:59.274155624Z: [    6.807009] Asymmetric key parser 'x509' registered
[STDERR  ] 2018-05-01T20:37:59.274170170Z: [    6.807947] Block layer SCSI generic (bsg) driver version 0.4 loaded (major 247)
[STDOUT  ] 2018-05-01T20:37:59.274070212Z: [    8.808032] clocksource: Switched to clocksource tsc
[STDERR  ] 2018-05-01T20:37:59.274185690Z: [    6.809701] io scheduler noop registered
[STDOUT  ] 2018-05-01T20:37:59.274210755Z: 
[STDOUT  ] 2018-05-01T20:37:59.274222030Z: Welcome to LinuxKit
[STDOUT  ] 2018-05-01T20:37:59.274231813Z: 
[STDOUT  ] 2018-05-01T20:37:59.274241635Z:                         ##         .
[STDOUT  ] 2018-05-01T20:37:59.274251626Z:                   ## ## ##        ==
[STDOUT  ] 2018-05-01T20:37:59.274261390Z:                ## ## ## ## ##    ===
[STDOUT  ] 2018-05-01T20:37:59.274274963Z:            /"""""""""""""""""\___/ ===
[STDERR  ] 2018-05-01T20:37:59.274213287Z: [    6.810064] io scheduler deadline registered (default)
[STDERR  ] 2018-05-01T20:37:59.274302860Z: [    6.811970] io scheduler cfq registered
[STDERR  ] 2018-05-01T20:37:59.274323285Z: [    6.812216] io scheduler mq-deadline registered
[STDERR  ] 2018-05-01T20:37:59.274340685Z: [    6.812519] io scheduler kyber registered
[STDERR  ] 2018-05-01T20:37:59.274355075Z: [    6.815248] shpchp: Standard Hot Plug PCI Controller Driver version: 0.4
[STDERR  ] 2018-05-01T20:37:59.274374362Z: [    6.815972] hv_vmbus: registering driver hyperv_fb
[STDERR  ] 2018-05-01T20:37:59.274388570Z: [    6.818727] input: Power Button as /devices/LNXSYSTM:00/LNXPWRBN:00/input/input0
[STDERR  ] 2018-05-01T20:37:59.274403433Z: [    6.822123] ACPI: Power Button [PWRF]
[STDERR  ] 2018-05-01T20:37:59.274418167Z: [    6.833375] ACPI: PCI Interrupt Link [GSIG] enabled at IRQ 22
[STDERR  ] 2018-05-01T20:37:59.274433340Z: [    6.842289] ACPI: PCI Interrupt Link [GSIH] enabled at IRQ 23
[STDERR  ] 2018-05-01T20:37:59.274466267Z: [    6.847234] Serial: 8250/16550 driver, 4 ports, IRQ sharing disabled
[STDERR  ] 2018-05-01T20:37:59.274480850Z: [    6.872669] 00:04: ttyS0 at I/O 0x3f8 (irq = 4, base_baud = 115200) is a 16550A
[STDERR  ] 2018-05-01T20:37:59.274513490Z: [    6.882227] Non-volatile memory driver v1.3
[STDOUT  ] 2018-05-01T20:37:59.274284900Z:           {                       /  ===-
[STDERR  ] 2018-05-01T20:37:59.274528106Z: [    6.889808] Hangcheck: starting hangcheck timer 0.9.1 (tick is 180 seconds, margin is 60 seconds).
[STDERR  ] 2018-05-01T20:37:59.274547192Z: [    6.900965] random: crng init done
[STDOUT  ] 2018-05-01T20:37:59.274542905Z:            \______ O           __/
[STDOUT  ] 2018-05-01T20:37:59.274569667Z:              \    \         __/
[STDOUT  ] 2018-05-01T20:37:59.274581132Z:               \____\_______/
[STDOUT  ] 2018-05-01T20:37:59.274591130Z: 
[STDOUT  ] 2018-05-01T20:37:59.274608240Z: [   18.248915] IPVS: ftp: loaded support on port[0] = 21
[STDOUT  ] 2018-05-01T20:37:59.274618387Z: [   19.490253]  sda:
[STDOUT  ] 2018-05-01T20:37:59.274627702Z: [   19.559683]  sda:
[STDOUT  ] 2018-05-01T20:37:59.274637039Z: [   19.621666]  sda: sda1
[STDERR  ] 2018-05-01T20:37:59.274561412Z: [    6.942090] brd: module loaded
[STDOUT  ] 2018-05-01T20:37:59.274647176Z: [   19.700893]  sda: sda1
[STDOUT  ] 2018-05-01T20:37:59.274666723Z: 2018/05/01 20:37:40 Creating partition on /dev/sda
[STDOUT  ] 2018-05-01T20:37:59.274677565Z: 2018/05/01 20:37:42 Partition /dev/sda1 successfully created!
[STDOUT  ] 2018-05-01T20:37:59.274686681Z: [   22.111002] IPVS: ftp: loaded support on port[0] = 21
[STDOUT  ] 2018-05-01T20:37:59.274695839Z: [   23.217357] EXT4-fs (sda1): couldn't mount as ext3 due to feature incompatibilities
[STDOUT  ] 2018-05-01T20:37:59.274705515Z: [   23.225069] EXT4-fs (sda1): couldn't mount as ext2 due to feature incompatibilities
[STDOUT  ] 2018-05-01T20:37:59.274714981Z: [   23.247371] EXT4-fs (sda1): mounted filesystem with ordered data mode. Opts: (null)
[STDOUT  ] 2018-05-01T20:37:59.274726145Z: format_mount test suite PASSED
[STDOUT  ] 2018-05-01T20:37:59.274744718Z: [   37.556695] sd 0:0:0:0: [sda] Synchronizing SCSI cache
[STDOUT  ] 2018-05-01T20:37:59.274754738Z: [   37.560550] sd 0:0:0:0: [sda] Stopping disk
[STDOUT  ] 2018-05-01T20:37:59.274767259Z: [   37.564523] ACPI: Preparing to enter system sleep state S5
[STDOUT  ] 2018-05-01T20:37:59.274776625Z: [   37.569320] reboot: Power down
[STDERR  ] 2018-05-01T20:37:59.274647243Z: [    6.968253] loop: module loaded
[STDERR  ] 2018-05-01T20:37:59.274805035Z: [    7.010383] lpc_ich 0000:00:1f.0: I/O space for GPIO uninitialized
[STDERR  ] 2018-05-01T20:37:59.274819836Z: [    7.012776] VMware PVSCSI driver - version 1.0.7.0-k
[STDERR  ] 2018-05-01T20:37:59.274833991Z: [    7.013509] hv_vmbus: registering driver hv_storvsc
[STDERR  ] 2018-05-01T20:37:59.274848639Z: [    7.019832] ACPI: PCI Interrupt Link [GSIA] enabled at IRQ 16
[STDERR  ] 2018-05-01T20:37:59.274863491Z: [    7.025693] ahci 0000:00:1f.2: AHCI 0001.0000 32 slots 6 ports 1.5 Gbps 0x3f impl SATA mode
[STDERR  ] 2018-05-01T20:37:59.274878942Z: [    7.026460] ahci 0000:00:1f.2: flags: 64bit ncq only 
[STDERR  ] 2018-05-01T20:37:59.274893552Z: [    7.039252] scsi host0: ahci
[STDERR  ] 2018-05-01T20:37:59.274916188Z: [    7.042091] scsi host1: ahci
[STDERR  ] 2018-05-01T20:37:59.274971545Z: [    7.043558] scsi host2: ahci
[STDERR  ] 2018-05-01T20:37:59.274987562Z: [    7.045006] scsi host3: ahci
[STDERR  ] 2018-05-01T20:37:59.275002134Z: [    7.046521] scsi host4: ahci
[STDERR  ] 2018-05-01T20:37:59.275020832Z: [    7.047923] scsi host5: ahci
[STDERR  ] 2018-05-01T20:37:59.275036692Z: [    7.049050] ata1: SATA max UDMA/133 abar m4096@0xfebd2000 port 0xfebd2100 irq 24
[STDERR  ] 2018-05-01T20:37:59.275056049Z: [    7.049493] ata2: SATA max UDMA/133 abar m4096@0xfebd2000 port 0xfebd2180 irq 24
[STDERR  ] 2018-05-01T20:37:59.275072217Z: [    7.049995] ata3: SATA max UDMA/133 abar m4096@0xfebd2000 port 0xfebd2200 irq 24
[STDERR  ] 2018-05-01T20:37:59.275086837Z: [    7.050803] ata4: SATA max UDMA/133 abar m4096@0xfebd2000 port 0xfebd2280 irq 24
[STDERR  ] 2018-05-01T20:37:59.275101622Z: [    7.051303] ata5: SATA max UDMA/133 abar m4096@0xfebd2000 port 0xfebd2300 irq 24
[STDERR  ] 2018-05-01T20:37:59.275116679Z: [    7.051745] ata6: SATA max UDMA/133 abar m4096@0xfebd2000 port 0xfebd2380 irq 24
[STDERR  ] 2018-05-01T20:37:59.275130851Z: [    7.061462] tun: Universal TUN/TAP device driver, 1.6
[STDERR  ] 2018-05-01T20:37:59.275156937Z: [    7.071219] VMware vmxnet3 virtual NIC driver - version 1.4.a.0-k-NAPI
[STDERR  ] 2018-05-01T20:37:59.275171801Z: [    7.072424] hv_vmbus: registering driver hv_netvsc
[STDERR  ] 2018-05-01T20:37:59.275190369Z: [    7.072769] Fusion MPT base driver 3.04.20
[STDERR  ] 2018-05-01T20:37:59.275206485Z: [    7.073044] Copyright (c) 1999-2008 LSI Corporation
[STDERR  ] 2018-05-01T20:37:59.275230826Z: [    7.073609] Fusion MPT SPI Host driver 3.04.20
[STDERR  ] 2018-05-01T20:37:59.275252738Z: [    7.075508] i8042: PNP: PS/2 Controller [PNP0303:KBD,PNP0f13:MOU] at 0x60,0x64 irq 1,12
[STDERR  ] 2018-05-01T20:37:59.275267976Z: [    7.079514] serio: i8042 KBD port at 0x60,0x64 irq 1
[STDERR  ] 2018-05-01T20:37:59.275283057Z: [    7.080415] serio: i8042 AUX port at 0x60,0x64 irq 12
[STDERR  ] 2018-05-01T20:37:59.275298044Z: [    7.082586] hv_vmbus: registering driver hyperv_keyboard
[STDERR  ] 2018-05-01T20:37:59.275313824Z: [    7.084279] mousedev: PS/2 mouse device common for all mice
[STDERR  ] 2018-05-01T20:37:59.275333234Z: [    7.089690] input: AT Translated Set 2 keyboard as /devices/platform/i8042/serio0/input/input1
[STDERR  ] 2018-05-01T20:37:59.275351783Z: [    7.091445] input: PC Speaker as /devices/platform/pcspkr/input/input2
[STDERR  ] 2018-05-01T20:37:59.275366374Z: [    7.093883] rtc_cmos 00:00: RTC can wake from S4
[STDERR  ] 2018-05-01T20:37:59.275381531Z: [    7.097381] rtc_cmos 00:00: rtc core: registered rtc_cmos as rtc0
[STDERR  ] 2018-05-01T20:37:59.275400562Z: [    7.098583] rtc_cmos 00:00: alarms up to one day, y3k, 114 bytes nvram, hpet irqs
[STDERR  ] 2018-05-01T20:37:59.275415258Z: [    7.099340] i2c /dev entries driver
[STDERR  ] 2018-05-01T20:37:59.275434307Z: [    7.101414] device-mapper: ioctl: 4.37.0-ioctl (2017-09-20) initialised: dm-devel@redhat.com
[STDERR  ] 2018-05-01T20:37:59.275449748Z: [    7.104861] usbcore: registered new interface driver usbhid
[STDERR  ] 2018-05-01T20:37:59.275464623Z: [    7.105212] usbhid: USB HID core driver
[STDERR  ] 2018-05-01T20:37:59.275499864Z: [    7.105946] hv_utils: Registering HyperV Utility Driver
[STDERR  ] 2018-05-01T20:37:59.275518122Z: [    7.106261] hv_vmbus: registering driver hv_util
[STDERR  ] 2018-05-01T20:37:59.275539726Z: [    7.106617] hv_vmbus: registering driver hv_balloon
[STDERR  ] 2018-05-01T20:37:59.275558053Z: [    7.107180] oprofile: using NMI interrupt.
[STDERR  ] 2018-05-01T20:37:59.275576312Z: [    7.108659] GACT probability on
[STDERR  ] 2018-05-01T20:37:59.275591513Z: [    7.109082] Mirror/redirect action on
[STDERR  ] 2018-05-01T20:37:59.275610798Z: [    7.109695] Simple TC action Loaded
[STDERR  ] 2018-05-01T20:37:59.275628797Z: [    7.110539] u32 classifier
[STDERR  ] 2018-05-01T20:37:59.275643392Z: [    7.110707]     Performance counters on
[STDERR  ] 2018-05-01T20:37:59.275675202Z: [    7.110944]     input device check on
[STDERR  ] 2018-05-01T20:37:59.275690983Z: [    7.111180]     Actions configured
[STDERR  ] 2018-05-01T20:37:59.275709263Z: [    7.111824] Netfilter messages via NETLINK v0.30.
[STDERR  ] 2018-05-01T20:37:59.275725094Z: [    7.112280] nfnl_acct: registering with nfnetlink.
[STDERR  ] 2018-05-01T20:37:59.275744315Z: [    7.113671] nf_conntrack version 0.5.0 (8192 buckets, 32768 max)
[STDERR  ] 2018-05-01T20:37:59.275759313Z: [    7.115844] ctnetlink v0.93: registering with nfnetlink.
[STDERR  ] 2018-05-01T20:37:59.275774838Z: [    7.118623] nf_tables: (c) 2007-2009 Patrick McHardy <kaber@trash.net>
[STDERR  ] 2018-05-01T20:37:59.275795185Z: [    7.119455] nf_tables_compat: (c) 2012 Pablo Neira Ayuso <pablo@netfilter.org>
[STDERR  ] 2018-05-01T20:37:59.275809681Z: [    7.122048] xt_time: kernel timezone is -0000
[STDERR  ] 2018-05-01T20:37:59.275824331Z: [    7.122537] ip_set: protocol 6
[STDERR  ] 2018-05-01T20:37:59.275839253Z: [    7.123243] IPVS: Registered protocols (TCP, UDP, SCTP, AH, ESP)
[STDERR  ] 2018-05-01T20:37:59.275862273Z: [    7.123833] IPVS: Connection hash table configured (size=4096, memory=64Kbytes)
[STDERR  ] 2018-05-01T20:37:59.275876506Z: [    7.127576] IPVS: ipvs loaded.
[STDERR  ] 2018-05-01T20:37:59.275891356Z: [    7.128029] IPVS: [rr] scheduler registered.
[STDERR  ] 2018-05-01T20:37:59.275908923Z: [    7.128345] IPVS: [wrr] scheduler registered.
[STDERR  ] 2018-05-01T20:37:59.275923796Z: [    7.128615] IPVS: [lc] scheduler registered.
[STDERR  ] 2018-05-01T20:37:59.275938818Z: [    7.128860] IPVS: [wlc] scheduler registered.
[STDERR  ] 2018-05-01T20:37:59.275957346Z: [    7.129154] IPVS: [fo] scheduler registered.
[STDERR  ] 2018-05-01T20:37:59.275975143Z: [    7.129425] IPVS: [ovf] scheduler registered.
[STDERR  ] 2018-05-01T20:37:59.275993871Z: [    7.130010] IPVS: [lblc] scheduler registered.
[STDERR  ] 2018-05-01T20:37:59.276007881Z: [    7.131000] IPVS: [lblcr] scheduler registered.
[STDERR  ] 2018-05-01T20:37:59.276021533Z: [    7.131274] IPVS: [dh] scheduler registered.
[STDERR  ] 2018-05-01T20:37:59.276036295Z: [    7.131573] IPVS: [sh] scheduler registered.
[STDERR  ] 2018-05-01T20:37:59.276055063Z: [    7.131803] IPVS: [sed] scheduler registered.
[STDERR  ] 2018-05-01T20:37:59.276069739Z: [    7.132101] IPVS: [nq] scheduler registered.
[STDERR  ] 2018-05-01T20:37:59.276083965Z: [    7.132851] IPVS: ftp: loaded support on port[0] = 21
[STDERR  ] 2018-05-01T20:37:59.276103081Z: [    7.133585] ipip: IPv4 and MPLS over IPv4 tunneling driver
[STDERR  ] 2018-05-01T20:37:59.276120829Z: [    7.137155] gre: GRE over IPv4 demultiplexor driver
[STDERR  ] 2018-05-01T20:37:59.276138459Z: [    7.139597] ip_tables: (C) 2000-2006 Netfilter Core Team
[STDERR  ] 2018-05-01T20:37:59.276156965Z: [    7.143358] ipt_CLUSTERIP: ClusterIP Version 0.8 loaded successfully
[STDERR  ] 2018-05-01T20:37:59.276175105Z: [    7.143995] arp_tables: arp_tables: (C) 2002 David S. Miller
[STDERR  ] 2018-05-01T20:37:59.276189335Z: [    7.146161] NET: Registered protocol family 10
[STDERR  ] 2018-05-01T20:37:59.276204339Z: [    7.155204] Segment Routing with IPv6
[STDERR  ] 2018-05-01T20:37:59.276222571Z: [    7.156098] ip6_tables: (C) 2000-2006 Netfilter Core Team
[STDERR  ] 2018-05-01T20:37:59.276244238Z: [    7.163178] NET: Registered protocol family 17
[STDERR  ] 2018-05-01T20:37:59.276269052Z: [    7.164232] Bridge firewalling registered
[STDERR  ] 2018-05-01T20:37:59.276286255Z: [    7.164750] Ebtables v2.0 registered
[STDERR  ] 2018-05-01T20:37:59.276304662Z: [    7.166593] 8021q: 802.1Q VLAN Support v1.8
[STDERR  ] 2018-05-01T20:37:59.276319380Z: [    7.167885] 9pnet: Installing 9P2000 support
[STDERR  ] 2018-05-01T20:37:59.276334355Z: [    7.169254] Key type dns_resolver registered
[STDERR  ] 2018-05-01T20:37:59.276354155Z: [    7.171010] sched_clock: Marking stable (7170183810, 0)->(7287555779, -117371969)
[STDERR  ] 2018-05-01T20:37:59.276373418Z: [    7.174019] registered taskstats version 1
[STDERR  ] 2018-05-01T20:37:59.276388105Z: [    7.355762] Key type big_key registered
[STDERR  ] 2018-05-01T20:37:59.276408552Z: [    7.383640] ata2: SATA link down (SStatus 0 SControl 300)
[STDERR  ] 2018-05-01T20:37:59.276424277Z: [    7.386851] ata1: SATA link up 1.5 Gbps (SStatus 113 SControl 300)
[STDERR  ] 2018-05-01T20:37:59.276442920Z: [    7.391655] ata1.00: ATA-7: QEMU HARDDISK, 2.5+, max UDMA/100
[STDERR  ] 2018-05-01T20:37:59.276457590Z: [    7.392082] ata1.00: 1048576 sectors, multi 16: LBA48 NCQ (depth 31/32)
[STDERR  ] 2018-05-01T20:37:59.276475888Z: [    7.392683] ata1.00: applying bridge limits
[STDERR  ] 2018-05-01T20:37:59.276499207Z: [    7.394679] ata1.00: configured for UDMA/100
[STDERR  ] 2018-05-01T20:37:59.276513752Z: [    7.403834] ata3: SATA link up 1.5 Gbps (SStatus 113 SControl 300)
[STDERR  ] 2018-05-01T20:37:59.276528554Z: [    7.404680] ata3.00: ATAPI: QEMU DVD-ROM, 2.5+, max UDMA/100
[STDERR  ] 2018-05-01T20:37:59.276547617Z: [    7.405049] ata3.00: applying bridge limits
[STDERR  ] 2018-05-01T20:37:59.276562538Z: [    7.405616] ata3.00: configured for UDMA/100
[STDERR  ] 2018-05-01T20:37:59.276577973Z: [    7.407264] ata4: SATA link down (SStatus 0 SControl 300)
[STDERR  ] 2018-05-01T20:37:59.276593022Z: [    7.407787] ata5: SATA link down (SStatus 0 SControl 300)
[STDERR  ] 2018-05-01T20:37:59.276609063Z: [    7.408288] ata6: SATA link down (SStatus 0 SControl 300)
[STDERR  ] 2018-05-01T20:37:59.276626418Z: [    7.431291] scsi 0:0:0:0: Direct-Access     ATA      QEMU HARDDISK    2.5+ PQ: 0 ANSI: 5
[STDERR  ] 2018-05-01T20:37:59.276641203Z: [    7.438465] sd 0:0:0:0: Attached scsi generic sg0 type 0
[STDERR  ] 2018-05-01T20:37:59.276660773Z: [    7.443223] sd 0:0:0:0: [sda] 1048576 512-byte logical blocks: (537 MB/512 MiB)
[STDERR  ] 2018-05-01T20:37:59.276675598Z: [    7.447236] scsi 2:0:0:0: CD-ROM            QEMU     QEMU DVD-ROM     2.5+ PQ: 0 ANSI: 5
[STDERR  ] 2018-05-01T20:37:59.276691975Z: [    7.450751] sd 0:0:0:0: [sda] Write Protect is off
[STDERR  ] 2018-05-01T20:37:59.276710080Z: [    7.461228] sd 0:0:0:0: [sda] Write cache: enabled, read cache: enabled, doesn't support DPO or FUA
[STDERR  ] 2018-05-01T20:37:59.276725985Z: [    7.484941] sd 0:0:0:0: [sda] Attached SCSI disk
[STDERR  ] 2018-05-01T20:37:59.276743602Z: [    7.491054] Key type trusted registered
[STDERR  ] 2018-05-01T20:37:59.276761282Z: [    7.502880] sr 2:0:0:0: [sr0] scsi3-mmc drive: 4x/4x cd/rw xa/form2 tray
[STDERR  ] 2018-05-01T20:37:59.276776235Z: [    7.503533] cdrom: Uniform CD-ROM driver Revision: 3.20
[STDERR  ] 2018-05-01T20:37:59.276793952Z: [    7.511601] sr 2:0:0:0: Attached scsi generic sg1 type 5
[STDERR  ] 2018-05-01T20:37:59.276808864Z: [    7.561346] Key type encrypted registered
[STDERR  ] 2018-05-01T20:37:59.276823119Z: [    7.562157] ima: No TPM chip found, activating TPM-bypass! (rc=-19)
[STDERR  ] 2018-05-01T20:37:59.276841577Z: [    7.566068] evm: HMAC attrs: 0x1
[STDERR  ] 2018-05-01T20:37:59.276856911Z: [    7.572251] rtc_cmos 00:00: setting system clock to 2018-05-01 20:37:28 UTC (1525207048)
[STDERR  ] 2018-05-01T20:37:59.276872516Z: [    7.741646] Freeing unused kernel memory: 1508K
[STDERR  ] 2018-05-01T20:37:59.276890229Z: [    7.742114] Write protecting the kernel read-only data: 18432k
[STDERR  ] 2018-05-01T20:37:59.276905286Z: [    7.755248] Freeing unused kernel memory: 2024K
[STDERR  ] 2018-05-01T20:37:59.276928235Z: [    7.788106] Freeing unused kernel memory: 1108K
[STDERR  ] 2018-05-01T20:37:59.276943285Z: [    7.788832] tsc: Refined TSC clocksource calibration: 2600.007 MHz
[STDERR  ] 2018-05-01T20:37:59.276957764Z: [    7.789442] clocksource: tsc: mask: 0xffffffffffffffff max_cycles: 0x257a42b61ea, max_idle_ns: 440795254678 ns
[STDERR  ] 2018-05-01T20:37:59.276973831Z: [    8.808032] clocksource: Switched to clocksource tsc
[STDERR  ] 2018-05-01T20:37:59.276988344Z: 
[STDERR  ] 2018-05-01T20:37:59.277002902Z: Welcome to LinuxKit
[STDERR  ] 2018-05-01T20:37:59.277030991Z: 
[STDERR  ] 2018-05-01T20:37:59.277048007Z:                         ##         .
[STDERR  ] 2018-05-01T20:37:59.277063044Z:                   ## ## ##        ==
[STDERR  ] 2018-05-01T20:37:59.277083390Z:                ## ## ## ## ##    ===
[STDERR  ] 2018-05-01T20:37:59.277100110Z:            /"""""""""""""""""\___/ ===
[STDERR  ] 2018-05-01T20:37:59.277115492Z:           {                       /  ===-
[STDERR  ] 2018-05-01T20:37:59.277137765Z:            \______ O           __/
[STDERR  ] 2018-05-01T20:37:59.277152905Z:              \    \         __/
[STDERR  ] 2018-05-01T20:37:59.277174162Z:               \____\_______/
[STDERR  ] 2018-05-01T20:37:59.277189257Z: 
[STDERR  ] 2018-05-01T20:37:59.277203980Z: [   18.248915] IPVS: ftp: loaded support on port[0] = 21
[STDERR  ] 2018-05-01T20:37:59.277219746Z: [   19.490253]  sda:
[STDERR  ] 2018-05-01T20:37:59.277234447Z: [   19.559683]  sda:
[STDERR  ] 2018-05-01T20:37:59.277249420Z: [   19.621666]  sda: sda1
[STDERR  ] 2018-05-01T20:37:59.277264997Z: [   19.700893]  sda: sda1
[STDERR  ] 2018-05-01T20:37:59.277280124Z: 2018/05/01 20:37:40 Creating partition on /dev/sda
[STDERR  ] 2018-05-01T20:37:59.277295102Z: 2018/05/01 20:37:42 Partition /dev/sda1 successfully created!
[STDERR  ] 2018-05-01T20:37:59.277310756Z: [   22.111002] IPVS: ftp: loaded support on port[0] = 21
[STDERR  ] 2018-05-01T20:37:59.277325069Z: [   23.217357] EXT4-fs (sda1): couldn't mount as ext3 due to feature incompatibilities
[STDERR  ] 2018-05-01T20:37:59.277340903Z: [   23.225069] EXT4-fs (sda1): couldn't mount as ext2 due to feature incompatibilities
[STDERR  ] 2018-05-01T20:37:59.277355676Z: [   23.247371] EXT4-fs (sda1): mounted filesystem with ordered data mode. Opts: (null)
[STDERR  ] 2018-05-01T20:37:59.277371493Z: format_mount test suite PASSED
[STDERR  ] 2018-05-01T20:37:59.277386603Z: [   37.556695] sd 0:0:0:0: [sda] Synchronizing SCSI cache
[STDERR  ] 2018-05-01T20:37:59.277401941Z: [   37.560550] sd 0:0:0:0: [sda] Stopping disk
[STDERR  ] 2018-05-01T20:37:59.277417356Z: [   37.564523] ACPI: Preparing to enter system sleep state S5
[STDERR  ] 2018-05-01T20:37:59.277432441Z: [   37.569320] reboot: Power down
[STDERR  ] 2018-05-01T20:37:59.277450971Z: + echo [    0.000000] Linux version 4.14.35-linuxkit (root@95934b70ab05) (gcc version 6.4.0 (Alpine 6.4.0)) #1 SMP Mon Apr 23 11:11:13 UTC 2018
[STDERR  ] 2018-05-01T20:37:59.277466864Z: [    0.000000] Command line: console=ttyS0 console=ttyAMA0
[STDERR  ] 2018-05-01T20:37:59.277497854Z: [    0.000000] x86/fpu: x87 FPU will use FXSAVE
[STDERR  ] 2018-05-01T20:37:59.277516331Z: [    0.000000] e820: BIOS-provided physical RAM map:
[STDERR  ] 2018-05-01T20:37:59.277535066Z: [    0.000000] BIOS-e820: [mem 0x0000000000000000-0x000000000009fbff] usable
[STDERR  ] 2018-05-01T20:37:59.277550206Z: [    0.000000] BIOS-e820: [mem 0x000000000009fc00-0x000000000009ffff] reserved
[STDERR  ] 2018-05-01T20:37:59.277564756Z: [    0.000000] BIOS-e820: [mem 0x00000000000f0000-0x00000000000fffff] reserved
[STDERR  ] 2018-05-01T20:37:59.277579369Z: [    0.000000] BIOS-e820: [mem 0x0000000000100000-0x000000003ffdefff] usable
[STDERR  ] 2018-05-01T20:37:59.277594994Z: [    0.000000] BIOS-e820: [mem 0x000000003ffdf000-0x000000003fffffff] reserved
[STDERR  ] 2018-05-01T20:37:59.277611350Z: [    0.000000] BIOS-e820: [mem 0x00000000b0000000-0x00000000bfffffff] reserved
[STDERR  ] 2018-05-01T20:37:59.277626884Z: [    0.000000] BIOS-e820: [mem 0x00000000fed1c000-0x00000000fed1ffff] reserved
[STDERR  ] 2018-05-01T20:37:59.277650520Z: [    0.000000] BIOS-e820: [mem 0x00000000fffc0000-0x00000000ffffffff] reserved
[STDERR  ] 2018-05-01T20:37:59.277668713Z: [    0.000000] NX (Execute Disable) protection: active
[STDERR  ] 2018-05-01T20:37:59.277683340Z: [    0.000000] random: fast init done
[STDERR  ] 2018-05-01T20:37:59.277698149Z: [    0.000000] SMBIOS 2.8 present.
[STDERR  ] 2018-05-01T20:37:59.277713743Z: [    0.000000] DMI: QEMU Standard PC (Q35 + ICH9, 2009), BIOS rel-1.10.2-0-g5f4c7b1-prebuilt.qemu-project.org 04/01/2014
[STDERR  ] 2018-05-01T20:37:59.277730339Z: [    0.000000] tsc: Fast TSC calibration using PIT
[STDERR  ] 2018-05-01T20:37:59.277748259Z: [    0.000000] e820: last_pfn = 0x3ffdf max_arch_pfn = 0x400000000
[STDERR  ] 2018-05-01T20:37:59.277775107Z: [    0.000000] x86/PAT: Configuration [0-7]: WB  WC  UC- UC  WB  WP  UC- WT  
[STDERR  ] 2018-05-01T20:37:59.277791393Z: [    0.000000] found SMP MP-table at [mem 0x000f6aa0-0x000f6aaf] mapped at [ffffffffff200aa0]
[STDERR  ] 2018-05-01T20:37:59.277806590Z: [    0.000000] RAMDISK: [mem 0x3dd7c000-0x3ffcffff]
[STDERR  ] 2018-05-01T20:37:59.277822084Z: [    0.000000] ACPI: Early table checksum verification disabled
[STDERR  ] 2018-05-01T20:37:59.277836430Z: [    0.000000] ACPI: RSDP 0x00000000000F68B0 000014 (v00 BOCHS )
[STDERR  ] 2018-05-01T20:37:59.277854768Z: [    0.000000] ACPI: RSDT 0x000000003FFE20A8 000034 (v01 BOCHS  BXPCRSDT 00000001 BXPC 00000001)
[STDERR  ] 2018-05-01T20:37:59.277874262Z: [    0.000000] ACPI: FACP 0x000000003FFE1EC8 0000F4 (v03 BOCHS  BXPCFACP 00000001 BXPC 00000001)
[STDERR  ] 2018-05-01T20:37:59.277889935Z: [    0.000000] ACPI: DSDT 0x000000003FFE0040 001E88 (v01 BOCHS  BXPCDSDT 00000001 BXPC 00000001)
[STDERR  ] 2018-05-01T20:37:59.277904912Z: [    0.000000] ACPI: FACS 0x000000003FFE0000 000040
[STDERR  ] 2018-05-01T20:37:59.277919946Z: [    0.000000] ACPI: APIC 0x000000003FFE1FBC 000078 (v01 BOCHS  BXPCAPIC 00000001 BXPC 00000001)
[STDERR  ] 2018-05-01T20:37:59.277934952Z: [    0.000000] ACPI: HPET 0x000000003FFE2034 000038 (v01 BOCHS  BXPCHPET 00000001 BXPC 00000001)
[STDERR  ] 2018-05-01T20:37:59.277950625Z: [    0.000000] ACPI: MCFG 0x000000003FFE206C 00003C (v01 BOCHS  BXPCMCFG 00000001 BXPC 00000001)
[STDERR  ] 2018-05-01T20:37:59.277965519Z: [    0.000000] Zone ranges:
[STDERR  ] 2018-05-01T20:37:59.277984911Z: [    0.000000]   DMA      [mem 0x0000000000001000-0x0000000000ffffff]
[STDERR  ] 2018-05-01T20:37:59.278002513Z: [    0.000000]   DMA32    [mem 0x0000000001000000-0x000000003ffdefff]
[STDERR  ] 2018-05-01T20:37:59.278016893Z: [    0.000000]   Normal   empty
[STDERR  ] 2018-05-01T20:37:59.278034992Z: [    0.000000]   Device   empty
[STDERR  ] 2018-05-01T20:37:59.278052856Z: [    0.000000] Movable zone start for each node
[STDERR  ] 2018-05-01T20:37:59.278067689Z: [    0.000000] Early memory node ranges
[STDERR  ] 2018-05-01T20:37:59.278085908Z: [    0.000000]   node   0: [mem 0x0000000000001000-0x000000000009efff]
[STDERR  ] 2018-05-01T20:37:59.278100971Z: [    0.000000]   node   0: [mem 0x0000000000100000-0x000000003ffdefff]
[STDERR  ] 2018-05-01T20:37:59.278116338Z: [    0.000000] Initmem setup node 0 [mem 0x0000000000001000-0x000000003ffdefff]
[STDERR  ] 2018-05-01T20:37:59.278130795Z: [    0.000000] ACPI: PM-Timer IO Port: 0x608
[STDERR  ] 2018-05-01T20:37:59.278148918Z: [    0.000000] ACPI: LAPIC_NMI (acpi_id[0xff] dfl dfl lint[0x1])
[STDERR  ] 2018-05-01T20:37:59.278164218Z: [    0.000000] IOAPIC[0]: apic_id 0, version 32, address 0xfec00000, GSI 0-23
[STDERR  ] 2018-05-01T20:37:59.278181586Z: [    0.000000] ACPI: INT_SRC_OVR (bus 0 bus_irq 0 global_irq 2 dfl dfl)
[STDERR  ] 2018-05-01T20:37:59.278196229Z: [    0.000000] ACPI: INT_SRC_OVR (bus 0 bus_irq 5 global_irq 5 high level)
[STDERR  ] 2018-05-01T20:37:59.278210465Z: [    0.000000] ACPI: INT_SRC_OVR (bus 0 bus_irq 9 global_irq 9 high level)
[STDERR  ] 2018-05-01T20:37:59.278225131Z: [    0.000000] ACPI: INT_SRC_OVR (bus 0 bus_irq 10 global_irq 10 high level)
[STDERR  ] 2018-05-01T20:37:59.278242861Z: [    0.000000] ACPI: INT_SRC_OVR (bus 0 bus_irq 11 global_irq 11 high level)
[STDERR  ] 2018-05-01T20:37:59.278268915Z: [    0.000000] Using ACPI (MADT) for SMP configuration information
[STDERR  ] 2018-05-01T20:37:59.278284648Z: [    0.000000] ACPI: HPET id: 0x8086a201 base: 0xfed00000
[STDERR  ] 2018-05-01T20:37:59.278299355Z: [    0.000000] smpboot: Allowing 1 CPUs, 0 hotplug CPUs
[STDERR  ] 2018-05-01T20:37:59.278317368Z: [    0.000000] e820: [mem 0x40000000-0xafffffff] available for PCI devices
[STDERR  ] 2018-05-01T20:37:59.278331848Z: [    0.000000] Booting paravirtualized kernel on bare hardware
[STDERR  ] 2018-05-01T20:37:59.278346311Z: [    0.000000] clocksource: refined-jiffies: mask: 0xffffffff max_cycles: 0xffffffff, max_idle_ns: 19112604462750000 ns
[STDERR  ] 2018-05-01T20:37:59.278366861Z: [    0.000000] setup_percpu: NR_CPUS:128 nr_cpumask_bits:128 nr_cpu_ids:1 nr_node_ids:1
[STDERR  ] 2018-05-01T20:37:59.278390024Z: [    0.000000] percpu: Embedded 44 pages/cpu @ffff8bc37da00000 s143256 r8192 d28776 u2097152
[STDERR  ] 2018-05-01T20:37:59.278404918Z: [    0.000000] Built 1 zonelists, mobility grouping on.  Total pages: 257896
[STDERR  ] 2018-05-01T20:37:59.278419682Z: [    0.000000] Kernel command line: console=ttyS0 console=ttyAMA0
[STDERR  ] 2018-05-01T20:37:59.278434538Z: [    0.000000] PID hash table entries: 4096 (order: 3, 32768 bytes)
[STDERR  ] 2018-05-01T20:37:59.278457328Z: [    0.000000] Dentry cache hash table entries: 131072 (order: 8, 1048576 bytes)
[STDERR  ] 2018-05-01T20:37:59.278473448Z: [    0.000000] Inode-cache hash table entries: 65536 (order: 7, 524288 bytes)
[STDERR  ] 2018-05-01T20:37:59.278496382Z: [    0.000000] Memory: 969656K/1048052K available (12300K kernel code, 1464K rwdata, 2988K rodata, 1508K init, 632K bss, 78396K reserved, 0K cma-reserved)
[STDERR  ] 2018-05-01T20:37:59.278515078Z: [    0.000000] ftrace: allocating 40962 entries in 161 pages
[STDERR  ] 2018-05-01T20:37:59.278533864Z: [    0.000000] Hierarchical RCU implementation.
[STDERR  ] 2018-05-01T20:37:59.278555004Z: [    0.000000] 	RCU restricting CPUs from NR_CPUS=128 to nr_cpu_ids=1.
[STDERR  ] 2018-05-01T20:37:59.278571038Z: [    0.000000] RCU: Adjusting geometry for rcu_fanout_leaf=16, nr_cpu_ids=1
[STDERR  ] 2018-05-01T20:37:59.278586392Z: [    0.000000] NR_IRQS: 8448, nr_irqs: 256, preallocated irqs: 16
[STDERR  ] 2018-05-01T20:37:59.278603980Z: [    0.000000] Console: colour VGA+ 80x25
[STDERR  ] 2018-05-01T20:37:59.278619355Z: [    0.000000] console [ttyS0] enabled
[STDERR  ] 2018-05-01T20:37:59.278634080Z: [    0.000000] clocksource: hpet: mask: 0xffffffff max_cycles: 0xffffffff, max_idle_ns: 19112604467 ns
[STDERR  ] 2018-05-01T20:37:59.278648970Z: [    0.000000] tsc: Fast TSC calibration using PIT
[STDERR  ] 2018-05-01T20:37:59.278663435Z: [    0.000000] tsc: Detected 2600.122 MHz processor
[STDERR  ] 2018-05-01T20:37:59.278677907Z: [    0.001654] Calibrating delay loop (skipped), value calculated using timer frequency.. 5200.24 BogoMIPS (lpj=26001220)
[STDERR  ] 2018-05-01T20:37:59.278696918Z: [    0.002150] pid_max: default: 32768 minimum: 301
[STDERR  ] 2018-05-01T20:37:59.278711364Z: [    0.002925] ACPI: Core revision 20170728
[STDERR  ] 2018-05-01T20:37:59.278726105Z: [    0.035311] ACPI: 1 ACPI AML tables successfully acquired and loaded
[STDERR  ] 2018-05-01T20:37:59.278741508Z: [    0.037613] Security Framework initialized
[STDERR  ] 2018-05-01T20:37:59.278756157Z: [    0.037943] Yama: becoming mindful.
[STDERR  ] 2018-05-01T20:37:59.278771195Z: [    0.040790] Mount-cache hash table entries: 2048 (order: 2, 16384 bytes)
[STDERR  ] 2018-05-01T20:37:59.278786200Z: [    0.041218] Mountpoint-cache hash table entries: 2048 (order: 2, 16384 bytes)
[STDERR  ] 2018-05-01T20:37:59.278800964Z: [    0.057179] Last level iTLB entries: 4KB 0, 2MB 0, 4MB 0
[STDERR  ] 2018-05-01T20:37:59.278815660Z: [    0.057626] Last level dTLB entries: 4KB 0, 2MB 0, 4MB 0, 1GB 0
[STDERR  ] 2018-05-01T20:37:59.278830528Z: [    0.058160] Spectre V2 : Spectre mitigation: LFENCE not serializing, switching to generic retpoline
[STDERR  ] 2018-05-01T20:37:59.278857348Z: [    0.058770] Spectre V2 : Vulnerable: Minimal generic ASM retpoline
[STDERR  ] 2018-05-01T20:37:59.278873125Z: [    0.059214] Spectre V2 : Spectre v2 mitigation: Filling RSB on context switch
[STDERR  ] 2018-05-01T20:37:59.278894087Z: [    0.327777] Freeing SMP alternatives memory: 20K
[STDERR  ] 2018-05-01T20:37:59.278909304Z: [    0.347261] smpboot: Max logical packages: 1
[STDERR  ] 2018-05-01T20:37:59.278924067Z: [    0.354443] ..TIMER: vector=0x30 apic1=0 pin1=2 apic2=-1 pin2=-1
[STDERR  ] 2018-05-01T20:37:59.286185064Z: [    0.460000] smpboot: CPU0: AMD QEMU Virtual CPU version 2.5+ (family: 0x6, model: 0x6, stepping: 0x3)
[STDERR  ] 2018-05-01T20:37:59.286200037Z: [    0.460000] Performance Events: PMU not available due to virtualization, using software events only.
[STDERR  ] 2018-05-01T20:37:59.286222027Z: [    0.461145] Hierarchical SRCU implementation.
[STDERR  ] 2018-05-01T20:37:59.286242556Z: [    0.466326] NMI watchdog: Perf event create on CPU 0 failed with -2
[STDERR  ] 2018-05-01T20:37:59.286256649Z: [    0.466697] NMI watchdog: Perf NMI watchdog permanently disabled
[STDERR  ] 2018-05-01T20:37:59.286269964Z: [    0.470347] smp: Bringing up secondary CPUs ...
[STDERR  ] 2018-05-01T20:37:59.286283108Z: [    0.470703] smp: Brought up 1 node, 1 CPU
[STDERR  ] 2018-05-01T20:37:59.286296221Z: [    0.471114] smpboot: Total of 1 processors activated (5200.24 BogoMIPS)
[STDERR  ] 2018-05-01T20:37:59.286309976Z: [    0.484714] devtmpfs: initialized
[STDERR  ] 2018-05-01T20:37:59.286323676Z: [    0.488486] x86/mm: Memory block size: 128MB
[STDERR  ] 2018-05-01T20:37:59.286340091Z: [    0.494106] evm: security.ima
[STDERR  ] 2018-05-01T20:37:59.286353637Z: [    0.494312] evm: security.capability
[STDERR  ] 2018-05-01T20:37:59.286367059Z: [    0.497152] clocksource: jiffies: mask: 0xffffffff max_cycles: 0xffffffff, max_idle_ns: 19112604462750000 ns
[STDERR  ] 2018-05-01T20:37:59.286381394Z: [    0.497938] futex hash table entries: 256 (order: 2, 16384 bytes)
[STDERR  ] 2018-05-01T20:37:59.286394347Z: [    0.507204] NET: Registered protocol family 16
[STDERR  ] 2018-05-01T20:37:59.286407526Z: [    0.512733] cpuidle: using governor ladder
[STDERR  ] 2018-05-01T20:37:59.286420359Z: [    0.513174] cpuidle: using governor menu
[STDERR  ] 2018-05-01T20:37:59.286433359Z: [    0.514723] ACPI: bus type PCI registered
[STDERR  ] 2018-05-01T20:37:59.286446447Z: [    0.517099] PCI: MMCONFIG for domain 0000 [bus 00-ff] at [mem 0xb0000000-0xbfffffff] (base 0xb0000000)
[STDERR  ] 2018-05-01T20:37:59.286462626Z: [    0.517983] PCI: MMCONFIG at [mem 0xb0000000-0xbfffffff] reserved in E820
[STDERR  ] 2018-05-01T20:37:59.286476016Z: [    0.518999] PCI: Using configuration type 1 for base access
[STDERR  ] 2018-05-01T20:37:59.286489389Z: [    0.558779] HugeTLB registered 2.00 MiB page size, pre-allocated 0 pages
[STDERR  ] 2018-05-01T20:37:59.286503433Z: [    0.569817] ACPI: Added _OSI(Module Device)
[STDERR  ] 2018-05-01T20:37:59.286516315Z: [    0.570173] ACPI: Added _OSI(Processor Device)
[STDERR  ] 2018-05-01T20:37:59.286529942Z: [    0.570439] ACPI: Added _OSI(3.0 _SCP Extensions)
[STDERR  ] 2018-05-01T20:37:59.286542896Z: [    0.570772] ACPI: Added _OSI(Processor Aggregator Device)
[STDERR  ] 2018-05-01T20:37:59.286556445Z: [    0.616622] ACPI: Interpreter enabled
[STDERR  ] 2018-05-01T20:37:59.286569692Z: [    0.617563] ACPI: (supports S0 S5)
[STDERR  ] 2018-05-01T20:37:59.286583158Z: [    0.617889] ACPI: Using IOAPIC for interrupt routing
[STDERR  ] 2018-05-01T20:37:59.286596076Z: [    0.621495] PCI: Using host bridge windows from ACPI; if necessary, use "pci=nocrs" and report a bug
[STDERR  ] 2018-05-01T20:37:59.286610288Z: [    0.624251] ACPI: Enabled 1 GPEs in block 00 to 3F
[STDERR  ] 2018-05-01T20:37:59.286624180Z: [    0.669124] ACPI: PCI Root Bridge [PCI0] (domain 0000 [bus 00-ff])
[STDERR  ] 2018-05-01T20:37:59.286722715Z: [    0.670410] acpi PNP0A08:00: _OSC: OS supports [ExtendedConfig ASPM ClockPM Segments MSI]
[STDERR  ] 2018-05-01T20:37:59.286744323Z: [    0.674861] acpi PNP0A08:00: _OSC: OS now controls [PCIeHotplug PME PCIeCapability]
[STDERR  ] 2018-05-01T20:37:59.286770453Z: [    0.678042] PCI host bridge to bus 0000:00
[STDERR  ] 2018-05-01T20:37:59.286784105Z: [    0.678579] pci_bus 0000:00: root bus resource [io  0x0000-0x0cf7 window]
[STDERR  ] 2018-05-01T20:37:59.286797943Z: [    0.679042] pci_bus 0000:00: root bus resource [io  0x0d00-0xffff window]
[STDERR  ] 2018-05-01T20:37:59.286811419Z: [    0.679450] pci_bus 0000:00: root bus resource [mem 0x000a0000-0x000bffff window]
[STDERR  ] 2018-05-01T20:37:59.286824306Z: [    0.679880] pci_bus 0000:00: root bus resource [mem 0xc0000000-0xfebfffff window]
[STDERR  ] 2018-05-01T20:37:59.286837105Z: [    0.680715] pci_bus 0000:00: root bus resource [bus 00-ff]
[STDERR  ] 2018-05-01T20:37:59.286856179Z: [    0.811471] pci 0000:00:1f.0: quirk: [io  0x0600-0x067f] claimed by ICH6 ACPI/GPIO/TCO
[STDERR  ] 2018-05-01T20:37:59.286877153Z: [    0.878403] ACPI: PCI Interrupt Link [LNKA] (IRQs 5 *10 11)
[STDERR  ] 2018-05-01T20:37:59.286890575Z: [    0.881903] ACPI: PCI Interrupt Link [LNKB] (IRQs 5 *10 11)
[STDERR  ] 2018-05-01T20:37:59.286903502Z: [    0.883854] ACPI: PCI Interrupt Link [LNKC] (IRQs 5 10 *11)
[STDERR  ] 2018-05-01T20:37:59.286916626Z: [    0.885353] ACPI: PCI Interrupt Link [LNKD] (IRQs 5 10 *11)
[STDERR  ] 2018-05-01T20:37:59.287017659Z: [    0.887201] ACPI: PCI Interrupt Link [LNKE] (IRQs 5 *10 11)
[STDERR  ] 2018-05-01T20:37:59.287036424Z: [    0.888597] ACPI: PCI Interrupt Link [LNKF] (IRQs 5 *10 11)
[STDERR  ] 2018-05-01T20:37:59.287049255Z: [    0.891097] ACPI: PCI Interrupt Link [LNKG] (IRQs 5 10 *11)
[STDERR  ] 2018-05-01T20:37:59.287063482Z: [    0.892627] ACPI: PCI Interrupt Link [LNKH] (IRQs 5 10 *11)
[STDERR  ] 2018-05-01T20:37:59.287076654Z: [    0.893294] ACPI: PCI Interrupt Link [GSIA] (IRQs *16)
[STDERR  ] 2018-05-01T20:37:59.287089847Z: [    0.893816] ACPI: PCI Interrupt Link [GSIB] (IRQs *17)
[STDERR  ] 2018-05-01T20:37:59.287102962Z: [    0.894391] ACPI: PCI Interrupt Link [GSIC] (IRQs *18)
[STDERR  ] 2018-05-01T20:37:59.287116024Z: [    0.894974] ACPI: PCI Interrupt Link [GSID] (IRQs *19)
[STDERR  ] 2018-05-01T20:37:59.287132448Z: [    0.895820] ACPI: PCI Interrupt Link [GSIE] (IRQs *20)
[STDERR  ] 2018-05-01T20:37:59.287145908Z: [    0.896495] ACPI: PCI Interrupt Link [GSIF] (IRQs *21)
[STDERR  ] 2018-05-01T20:37:59.287158981Z: [    0.897118] ACPI: PCI Interrupt Link [GSIG] (IRQs *22)
[STDERR  ] 2018-05-01T20:37:59.287171921Z: [    0.897703] ACPI: PCI Interrupt Link [GSIH] (IRQs *23)
[STDERR  ] 2018-05-01T20:37:59.287184811Z: [    0.905984] SCSI subsystem initialized
[STDERR  ] 2018-05-01T20:37:59.287198022Z: [    0.908804] ACPI: bus type USB registered
[STDERR  ] 2018-05-01T20:37:59.287213955Z: [    0.909839] usbcore: registered new interface driver usbfs
[STDERR  ] 2018-05-01T20:37:59.287244492Z: [    0.910908] usbcore: registered new interface driver hub
[STDERR  ] 2018-05-01T20:37:59.287257882Z: [    0.911729] usbcore: registered new device driver usb
[STDERR  ] 2018-05-01T20:37:59.287270857Z: [    0.912705] pps_core: LinuxPPS API ver. 1 registered
[STDERR  ] 2018-05-01T20:37:59.287283887Z: [    0.912972] pps_core: Software ver. 5.3.6 - Copyright 2005-2007 Rodolfo Giometti <giometti@linux.it>
[STDERR  ] 2018-05-01T20:37:59.287297075Z: [    0.913697] PTP clock support registered
[STDERR  ] 2018-05-01T20:37:59.287310354Z: [    0.916119] PCI: Using ACPI for IRQ routing
[STDERR  ] 2018-05-01T20:37:59.287323255Z: [    0.929047] NetLabel: Initializing
[STDERR  ] 2018-05-01T20:37:59.287336164Z: [    0.929292] NetLabel:  domain hash size = 128
[STDERR  ] 2018-05-01T20:37:59.287349110Z: [    0.929601] NetLabel:  protocols = UNLABELED CIPSOv4 CALIPSO
[STDERR  ] 2018-05-01T20:37:59.287362250Z: [    0.931797] NetLabel:  unlabeled traffic allowed by default
[STDERR  ] 2018-05-01T20:37:59.287375190Z: [    0.933332] HPET: 3 timers in total, 0 timers will be used for per-cpu timer
[STDERR  ] 2018-05-01T20:37:59.287391695Z: [    0.934065] hpet0: at MMIO 0xfed00000, IRQs 2, 8, 0
[STDERR  ] 2018-05-01T20:37:59.287413314Z: [    0.934444] hpet0: 3 comparators, 64-bit 100.000000 MHz counter
[STDERR  ] 2018-05-01T20:37:59.287436284Z: [    0.941555] clocksource: Switched to clocksource hpet
[STDERR  ] 2018-05-01T20:37:59.287449758Z: [    1.178946] VFS: Disk quotas dquot_6.6.0
[STDERR  ] 2018-05-01T20:37:59.287462968Z: [    1.179704] VFS: Dquot-cache hash table entries: 512 (order 0, 4096 bytes)
[STDERR  ] 2018-05-01T20:37:59.287475920Z: [    1.183537] FS-Cache: Loaded
[STDERR  ] 2018-05-01T20:37:59.287492442Z: [    1.189403] CacheFiles: Loaded
[STDERR  ] 2018-05-01T20:37:59.287505840Z: [    1.191043] pnp: PnP ACPI init
[STDERR  ] 2018-05-01T20:37:59.287520142Z: [    1.201434] pnp: PnP ACPI: found 5 devices
[STDERR  ] 2018-05-01T20:37:59.287533088Z: [    1.239146] clocksource: acpi_pm: mask: 0xffffff max_cycles: 0xffffff, max_idle_ns: 2085701024 ns
[STDERR  ] 2018-05-01T20:37:59.287551000Z: [    1.242935] NET: Registered protocol family 2
[STDERR  ] 2018-05-01T20:37:59.287564136Z: [    1.251002] TCP established hash table entries: 8192 (order: 4, 65536 bytes)
[STDERR  ] 2018-05-01T20:37:59.287577431Z: [    1.251818] TCP bind hash table entries: 8192 (order: 5, 131072 bytes)
[STDERR  ] 2018-05-01T20:37:59.287590300Z: [    1.252835] TCP: Hash tables configured (established 8192 bind 8192)
[STDERR  ] 2018-05-01T20:37:59.287603401Z: [    1.255260] UDP hash table entries: 512 (order: 2, 16384 bytes)
[STDERR  ] 2018-05-01T20:37:59.287618150Z: [    1.255929] UDP-Lite hash table entries: 512 (order: 2, 16384 bytes)
[STDERR  ] 2018-05-01T20:37:59.287631899Z: [    1.258695] NET: Registered protocol family 1
[STDERR  ] 2018-05-01T20:37:59.287644621Z: [    1.259680] pci 0000:00:01.0: Video device with shadowed ROM at [mem 0x000c0000-0x000dffff]
[STDERR  ] 2018-05-01T20:37:59.287657953Z: [    1.266262] Trying to unpack rootfs image as initramfs...
[STDERR  ] 2018-05-01T20:37:59.287671070Z: [    6.719707] Freeing initrd memory: 35152K
[STDERR  ] 2018-05-01T20:37:59.287684110Z: [    6.743251] PCLMULQDQ-NI instructions are not detected.
[STDERR  ] 2018-05-01T20:37:59.287696720Z: [    6.744796] AVX or AES-NI instructions are not detected.
[STDERR  ] 2018-05-01T20:37:59.287709683Z: [    6.745216] CPU feature 'AVX registers' is not supported.
[STDERR  ] 2018-05-01T20:37:59.287722907Z: [    6.745644] CPU feature 'AVX registers' is not supported.
[STDERR  ] 2018-05-01T20:37:59.287735826Z: [    6.746067] CPU feature 'AVX registers' is not supported.
