[INFO    ] 2018-07-07T09:56:20.142215306Z: Running Test linuxkit.packages.sysctl in /tmp/build/test/cases/040_packages/019_sysctl
[INFO    ] 2018-07-07T09:56:20.142322645Z: Running command: [/bin/sh -x /tmp/build/test/cases/040_packages/019_sysctl/test.sh]
[STDERR  ] 2018-07-07T09:56:20.207041521Z: + set -e
[STDERR  ] 2018-07-07T09:56:20.207124388Z: + . /tmp/build/test/cases/_lib/lib.sh
[STDERR  ] 2018-07-07T09:56:20.207139318Z: + [ -f src/github.com/linuxkit/rtf/lib/lib.sh ]
[STDERR  ] 2018-07-07T09:56:20.207148449Z: + LINUXKIT_TMPDIR=/tmp/build/test/cases/_tmp
[STDERR  ] 2018-07-07T09:56:20.207156763Z: + [ -f /tmp/build/test/cases/_tmp/env.sh ]
[STDERR  ] 2018-07-07T09:56:20.207165381Z: + . /tmp/build/test/cases/_tmp/env.sh
[STDERR  ] 2018-07-07T09:56:20.207175698Z: + export LINUXKIT_EXAMPLES_DIR=/tmp/build/test/cases/../../examples
[STDERR  ] 2018-07-07T09:56:20.207185850Z: + RT_CANCEL=253
[STDERR  ] 2018-07-07T09:56:20.207194536Z: + NAME=sysctl
[STDERR  ] 2018-07-07T09:56:20.207204129Z: + trap clean_up EXIT
[STDERR  ] 2018-07-07T09:56:20.207218503Z: + linuxkit build -format kernel+initrd -name sysctl test.yml
[STDERR  ] 2018-07-07T09:56:20.237914528Z: Extract kernel image: linuxkit/kernel:4.14.53
[STDERR  ] 2018-07-07T09:56:21.968093475Z: Add init containers:
[STDERR  ] 2018-07-07T09:56:21.968148368Z: Process init image: linuxkit/init:6cc1442112980c889230b6449df09d5b48de6854
[STDERR  ] 2018-07-07T09:56:23.218582090Z: Process init image: linuxkit/runc:v0.4
[STDERR  ] 2018-07-07T09:56:24.397727004Z: Add onboot containers:
[STDERR  ] 2018-07-07T09:56:24.397786631Z:   Create OCI config for linuxkit/sysctl:v0.4
[STDERR  ] 2018-07-07T09:56:26.010025355Z:   Create OCI config for alpine:3.7
[STDERR  ] 2018-07-07T09:56:27.217237377Z:   Create OCI config for linuxkit/poweroff:d75d94d9603bde9ab95b914deed0d069d05d8b20
[STDERR  ] 2018-07-07T09:56:28.425297831Z: Add files:
[STDERR  ] 2018-07-07T09:56:28.425370913Z:   check.sh
[STDERR  ] 2018-07-07T09:56:28.439187946Z: Create outputs:
[STDERR  ] 2018-07-07T09:56:34.078103207Z:   sysctl-kernel sysctl-initrd.img sysctl-cmdline
[STDERR  ] 2018-07-07T09:56:34.134406061Z: + linuxkit run sysctl
[STDERR  ] 2018-07-07T09:56:34.160780471Z: Unable to find qemu-system-x86_64 within the $PATH. Using a container
[STDERR  ] 2018-07-07T09:57:01.357996032Z: + RESULT=[    0.000000] Linux version 4.14.53-linuxkit (root@bd72a9eaf0e9) (gcc version 6.4.0 (Alpine 6.4.0)) #1 SMP Tue Jul 3 13:29:41 UTC 2018
[STDERR  ] 2018-07-07T09:57:01.358095598Z: [    0.000000] Command line: console=ttyS0 console=ttyAMA0
[STDERR  ] 2018-07-07T09:57:01.358132134Z: [    0.000000] x86/fpu: x87 FPU will use FXSAVE
[STDERR  ] 2018-07-07T09:57:01.358158985Z: [    0.000000] e820: BIOS-provided physical RAM map:
[STDERR  ] 2018-07-07T09:57:01.358190139Z: [    0.000000] BIOS-e820: [mem 0x0000000000000000-0x000000000009fbff] usable
[STDERR  ] 2018-07-07T09:57:01.358220567Z: [    0.000000] BIOS-e820: [mem 0x000000000009fc00-0x000000000009ffff] reserved
[STDERR  ] 2018-07-07T09:57:01.358247330Z: [    0.000000] BIOS-e820: [mem 0x00000000000f0000-0x00000000000fffff] reserved
[STDERR  ] 2018-07-07T09:57:01.358275034Z: [    0.000000] BIOS-e820: [mem 0x0000000000100000-0x000000003ffdefff] usable
[STDERR  ] 2018-07-07T09:57:01.358300926Z: [    0.000000] BIOS-e820: [mem 0x000000003ffdf000-0x000000003fffffff] reserved
[STDERR  ] 2018-07-07T09:57:01.358328173Z: [    0.000000] BIOS-e820: [mem 0x00000000b0000000-0x00000000bfffffff] reserved
[STDERR  ] 2018-07-07T09:57:01.358369499Z: [    0.000000] BIOS-e820: [mem 0x00000000fed1c000-0x00000000fed1ffff] reserved
[STDERR  ] 2018-07-07T09:57:01.358403767Z: [    0.000000] BIOS-e820: [mem 0x00000000fffc0000-0x00000000ffffffff] reserved
[STDERR  ] 2018-07-07T09:57:01.358432367Z: [    0.000000] NX (Execute Disable) protection: active
[STDERR  ] 2018-07-07T09:57:01.358461072Z: [    0.000000] SMBIOS 2.8 present.
[STDERR  ] 2018-07-07T09:57:01.358522682Z: [    0.000000] DMI: QEMU Standard PC (Q35 + ICH9, 2009), BIOS rel-1.10.2-0-g5f4c7b1-prebuilt.qemu-project.org 04/01/2014
[STDERR  ] 2018-07-07T09:57:01.358549537Z: [    0.000000] tsc: Fast TSC calibration using PIT
[STDERR  ] 2018-07-07T09:57:01.358581567Z: [    0.000000] e820: last_pfn = 0x3ffdf max_arch_pfn = 0x400000000
[STDERR  ] 2018-07-07T09:57:01.358607471Z: [    0.000000] x86/PAT: Configuration [0-7]: WB  WC  UC- UC  WB  WP  UC- WT  
[STDERR  ] 2018-07-07T09:57:01.358636697Z: [    0.000000] found SMP MP-table at [mem 0x000f6aa0-0x000f6aaf] mapped at [ffffffffff200aa0]
[STDERR  ] 2018-07-07T09:57:01.358664894Z: [    0.000000] RAMDISK: [mem 0x3e44a000-0x3ffcffff]
[STDERR  ] 2018-07-07T09:57:01.358690371Z: [    0.000000] ACPI: Early table checksum verification disabled
[STDERR  ] 2018-07-07T09:57:01.358716033Z: [    0.000000] ACPI: RSDP 0x00000000000F68B0 000014 (v00 BOCHS )
[STDERR  ] 2018-07-07T09:57:01.358741222Z: [    0.000000] ACPI: RSDT 0x000000003FFE20A8 000034 (v01 BOCHS  BXPCRSDT 00000001 BXPC 00000001)
[STDERR  ] 2018-07-07T09:57:01.358766773Z: [    0.000000] ACPI: FACP 0x000000003FFE1EC8 0000F4 (v03 BOCHS  BXPCFACP 00000001 BXPC 00000001)
[STDERR  ] 2018-07-07T09:57:01.358791799Z: [    0.000000] ACPI: DSDT 0x000000003FFE0040 001E88 (v01 BOCHS  BXPCDSDT 00000001 BXPC 00000001)
[STDERR  ] 2018-07-07T09:57:01.358816911Z: [    0.000000] ACPI: FACS 0x000000003FFE0000 000040
[STDERR  ] 2018-07-07T09:57:01.358844939Z: [    0.000000] ACPI: APIC 0x000000003FFE1FBC 000078 (v01 BOCHS  BXPCAPIC 00000001 BXPC 00000001)
[STDERR  ] 2018-07-07T09:57:01.358870187Z: [    0.000000] ACPI: HPET 0x000000003FFE2034 000038 (v01 BOCHS  BXPCHPET 00000001 BXPC 00000001)
[STDERR  ] 2018-07-07T09:57:01.358901995Z: [    0.000000] ACPI: MCFG 0x000000003FFE206C 00003C (v01 BOCHS  BXPCMCFG 00000001 BXPC 00000001)
[STDERR  ] 2018-07-07T09:57:01.358927477Z: [    0.000000] Zone ranges:
[STDERR  ] 2018-07-07T09:57:01.358952876Z: [    0.000000]   DMA      [mem 0x0000000000001000-0x0000000000ffffff]
[STDERR  ] 2018-07-07T09:57:01.358977860Z: [    0.000000]   DMA32    [mem 0x0000000001000000-0x000000003ffdefff]
[STDERR  ] 2018-07-07T09:57:01.359002797Z: [    0.000000]   Normal   empty
[STDERR  ] 2018-07-07T09:57:01.359028117Z: [    0.000000]   Device   empty
[STDERR  ] 2018-07-07T09:57:01.359052793Z: [    0.000000] Movable zone start for each node
[STDERR  ] 2018-07-07T09:57:01.359077861Z: [    0.000000] Early memory node ranges
[STDERR  ] 2018-07-07T09:57:01.359103783Z: [    0.000000]   node   0: [mem 0x0000000000001000-0x000000000009efff]
[STDERR  ] 2018-07-07T09:57:01.359128999Z: [    0.000000]   node   0: [mem 0x0000000000100000-0x000000003ffdefff]
[STDERR  ] 2018-07-07T09:57:01.359156899Z: [    0.000000] Initmem setup node 0 [mem 0x0000000000001000-0x000000003ffdefff]
[STDERR  ] 2018-07-07T09:57:01.359181842Z: [    0.000000] ACPI: PM-Timer IO Port: 0x608
[STDERR  ] 2018-07-07T09:57:01.359206990Z: [    0.000000] ACPI: LAPIC_NMI (acpi_id[0xff] dfl dfl lint[0x1])
[STDERR  ] 2018-07-07T09:57:01.359233579Z: [    0.000000] IOAPIC[0]: apic_id 0, version 32, address 0xfec00000, GSI 0-23
[STDERR  ] 2018-07-07T09:57:01.359258648Z: [    0.000000] ACPI: INT_SRC_OVR (bus 0 bus_irq 0 global_irq 2 dfl dfl)
[STDERR  ] 2018-07-07T09:57:01.359289296Z: [    0.000000] ACPI: INT_SRC_OVR (bus 0 bus_irq 5 global_irq 5 high level)
[STDERR  ] 2018-07-07T09:57:01.359314525Z: [    0.000000] ACPI: INT_SRC_OVR (bus 0 bus_irq 9 global_irq 9 high level)
[STDERR  ] 2018-07-07T09:57:01.359339402Z: [    0.000000] ACPI: INT_SRC_OVR (bus 0 bus_irq 10 global_irq 10 high level)
[STDERR  ] 2018-07-07T09:57:01.359366552Z: [    0.000000] ACPI: INT_SRC_OVR (bus 0 bus_irq 11 global_irq 11 high level)
[STDERR  ] 2018-07-07T09:57:01.359397931Z: [    0.000000] Using ACPI (MADT) for SMP configuration information
[STDERR  ] 2018-07-07T09:57:01.359424043Z: [    0.000000] ACPI: HPET id: 0x8086a201 base: 0xfed00000
[STDERR  ] 2018-07-07T09:57:01.359449087Z: [    0.000000] smpboot: Allowing 1 CPUs, 0 hotplug CPUs
[STDERR  ] 2018-07-07T09:57:01.359474074Z: [    0.000000] e820: [mem 0x40000000-0xafffffff] available for PCI devices
[STDERR  ] 2018-07-07T09:57:01.359501767Z: [    0.000000] Booting paravirtualized kernel on bare hardware
[STDERR  ] 2018-07-07T09:57:01.359527898Z: [    0.000000] clocksource: refined-jiffies: mask: 0xffffffff max_cycles: 0xffffffff, max_idle_ns: 19112604462750000 ns
[STDERR  ] 2018-07-07T09:57:01.359557771Z: [    0.000000] random: get_random_bytes called from start_kernel+0x92/0x4c8 with crng_init=0
[STDERR  ] 2018-07-07T09:57:01.359582920Z: [    0.000000] setup_percpu: NR_CPUS:128 nr_cpumask_bits:128 nr_cpu_ids:1 nr_node_ids:1
[STDERR  ] 2018-07-07T09:57:01.359608069Z: [    0.000000] percpu: Embedded 44 pages/cpu @ffff9dda7e200000 s143256 r8192 d28776 u2097152
[STDERR  ] 2018-07-07T09:57:01.359635349Z: [    0.000000] Built 1 zonelists, mobility grouping on.  Total pages: 257896
[STDERR  ] 2018-07-07T09:57:01.359661651Z: [    0.000000] Kernel command line: console=ttyS0 console=ttyAMA0
[STDERR  ] 2018-07-07T09:57:01.359687183Z: [    0.000000] PID hash table entries: 4096 (order: 3, 32768 bytes)
[STDERR  ] 2018-07-07T09:57:01.359712766Z: [    0.000000] Dentry cache hash table entries: 131072 (order: 8, 1048576 bytes)
[STDERR  ] 2018-07-07T09:57:01.359737991Z: [    0.000000] Inode-cache hash table entries: 65536 (order: 7, 524288 bytes)
[STDERR  ] 2018-07-07T09:57:01.359763251Z: [    0.000000] Memory: 976608K/1048052K available (12300K kernel code, 1465K rwdata, 2992K rodata, 1512K init, 632K bss, 71444K reserved, 0K cma-reserved)
[STDERR  ] 2018-07-07T09:57:01.359805171Z: [    0.000000] ftrace: allocating 41032 entries in 161 pages
[STDERR  ] 2018-07-07T09:57:01.359830716Z: [    0.000000] Hierarchical RCU implementation.
[STDERR  ] 2018-07-07T09:57:01.359855877Z: [    0.000000] 	RCU restricting CPUs from NR_CPUS=128 to nr_cpu_ids=1.
[STDERR  ] 2018-07-07T09:57:01.359880962Z: [    0.000000] RCU: Adjusting geometry for rcu_fanout_leaf=16, nr_cpu_ids=1
[STDERR  ] 2018-07-07T09:57:01.359911519Z: [    0.000000] NR_IRQS: 8448, nr_irqs: 256, preallocated irqs: 16
[STDERR  ] 2018-07-07T09:57:01.359936988Z: [    0.000000] Console: colour VGA+ 80x25
[STDERR  ] 2018-07-07T09:57:01.359962220Z: [    0.000000] console [ttyS0] enabled
[STDERR  ] 2018-07-07T09:57:01.359987377Z: [    0.000000] clocksource: hpet: mask: 0xffffffff max_cycles: 0xffffffff, max_idle_ns: 19112604467 ns
[STDERR  ] 2018-07-07T09:57:01.360015006Z: [    0.000000] tsc: Fast TSC calibration using PIT
[STDERR  ] 2018-07-07T09:57:01.360040693Z: [    0.000000] tsc: Detected 2599.947 MHz processor
[STDERR  ] 2018-07-07T09:57:01.360065678Z: [    0.001726] Calibrating delay loop (skipped), value calculated using timer frequency.. 5199.89 BogoMIPS (lpj=25999470)
[STDERR  ] 2018-07-07T09:57:01.360090611Z: [    0.002193] pid_max: default: 32768 minimum: 301
[STDERR  ] 2018-07-07T09:57:01.360115626Z: [    0.002959] ACPI: Core revision 20170728
[STDERR  ] 2018-07-07T09:57:01.360140865Z: [    0.036614] ACPI: 1 ACPI AML tables successfully acquired and loaded
[STDERR  ] 2018-07-07T09:57:01.360166007Z: [    0.038491] Security Framework initialized
[STDERR  ] 2018-07-07T09:57:01.360190998Z: [    0.038799] Yama: becoming mindful.
[STDERR  ] 2018-07-07T09:57:01.360215914Z: [    0.041671] Mount-cache hash table entries: 2048 (order: 2, 16384 bytes)
[STDERR  ] 2018-07-07T09:57:01.360240919Z: [    0.041894] Mountpoint-cache hash table entries: 2048 (order: 2, 16384 bytes)
[STDERR  ] 2018-07-07T09:57:01.360266153Z: [    0.058228] Last level iTLB entries: 4KB 0, 2MB 0, 4MB 0
[STDERR  ] 2018-07-07T09:57:01.360291245Z: [    0.058421] Last level dTLB entries: 4KB 0, 2MB 0, 4MB 0, 1GB 0
[STDERR  ] 2018-07-07T09:57:01.360321610Z: [    0.058685] Spectre V2 : Spectre mitigation: LFENCE not serializing, switching to generic retpoline
[STDERR  ] 2018-07-07T09:57:01.360346903Z: [    0.058991] Spectre V2 : Vulnerable: Minimal generic ASM retpoline
[STDERR  ] 2018-07-07T09:57:01.360374550Z: [    0.059315] Spectre V2 : Spectre v2 mitigation: Filling RSB on context switch
[STDERR  ] 2018-07-07T09:57:01.360399845Z: [    0.059770] Speculative Store Bypass: Vulnerable
[STDERR  ] 2018-07-07T09:57:01.360427593Z: [    0.342373] Freeing SMP alternatives memory: 20K
[STDERR  ] 2018-07-07T09:57:01.360456146Z: [    0.362945] smpboot: Max logical packages: 1
[STDERR  ] 2018-07-07T09:57:01.360486715Z: [    0.369855] ..TIMER: vector=0x30 apic1=0 pin1=2 apic2=-1 pin2=-1
[STDERR  ] 2018-07-07T09:57:01.360514646Z: [    0.470000] smpboot: CPU0: AMD QEMU Virtual CPU version 2.5+ (family: 0x6, model: 0x6, stepping: 0x3)
[STDERR  ] 2018-07-07T09:57:01.360542271Z: [    0.470000] Performance Events: PMU not available due to virtualization, using software events only.
[STDERR  ] 2018-07-07T09:57:01.360569924Z: [    0.471204] Hierarchical SRCU implementation.
[STDERR  ] 2018-07-07T09:57:01.360596836Z: [    0.476505] NMI watchdog: Perf event create on CPU 0 failed with -2
[STDERR  ] 2018-07-07T09:57:01.360624019Z: [    0.476973] NMI watchdog: Perf NMI watchdog permanently disabled
[STDERR  ] 2018-07-07T09:57:01.360650739Z: [    0.480390] smp: Bringing up secondary CPUs ...
[STDERR  ] 2018-07-07T09:57:01.360677948Z: [    0.480792] smp: Brought up 1 node, 1 CPU
[STDERR  ] 2018-07-07T09:57:01.360703857Z: [    0.481122] smpboot: Total of 1 processors activated (5199.89 BogoMIPS)
[STDERR  ] 2018-07-07T09:57:01.360729350Z: [    0.498712] devtmpfs: initialized
[STDERR  ] 2018-07-07T09:57:01.360755118Z: [    0.504300] x86/mm: Memory block size: 128MB
[STDERR  ] 2018-07-07T09:57:01.360781074Z: [    0.510881] evm: security.ima
[STDERR  ] 2018-07-07T09:57:01.360807379Z: [    0.511085] evm: security.capability
[STDERR  ] 2018-07-07T09:57:01.360838103Z: [    0.513991] clocksource: jiffies: mask: 0xffffffff max_cycles: 0xffffffff, max_idle_ns: 19112604462750000 ns
[STDERR  ] 2018-07-07T09:57:01.360864437Z: [    0.514730] futex hash table entries: 256 (order: 2, 16384 bytes)
[STDERR  ] 2018-07-07T09:57:01.360888952Z: [    0.524655] NET: Registered protocol family 16
[STDERR  ] 2018-07-07T09:57:01.360922725Z: [    0.530845] cpuidle: using governor ladder
[STDERR  ] 2018-07-07T09:57:01.360950406Z: [    0.531290] cpuidle: using governor menu
[STDERR  ] 2018-07-07T09:57:01.360977652Z: [    0.532682] ACPI: bus type PCI registered
[STDERR  ] 2018-07-07T09:57:01.361005100Z: [    0.535163] PCI: MMCONFIG for domain 0000 [bus 00-ff] at [mem 0xb0000000-0xbfffffff] (base 0xb0000000)
[STDERR  ] 2018-07-07T09:57:01.361032874Z: [    0.535853] PCI: MMCONFIG at [mem 0xb0000000-0xbfffffff] reserved in E820
[STDERR  ] 2018-07-07T09:57:01.361061027Z: [    0.536742] PCI: Using configuration type 1 for base access
[STDERR  ] 2018-07-07T09:57:01.361089298Z: [    0.575053] HugeTLB registered 2.00 MiB page size, pre-allocated 0 pages
[STDERR  ] 2018-07-07T09:57:01.361117605Z: [    0.585736] ACPI: Added _OSI(Module Device)
[STDERR  ] 2018-07-07T09:57:01.361145028Z: [    0.586036] ACPI: Added _OSI(Processor Device)
[STDERR  ] 2018-07-07T09:57:01.361172371Z: [    0.586292] ACPI: Added _OSI(3.0 _SCP Extensions)
[STDERR  ] 2018-07-07T09:57:01.361201888Z: [    0.586531] ACPI: Added _OSI(Processor Aggregator Device)
[STDERR  ] 2018-07-07T09:57:01.361229300Z: [    0.634112] ACPI: Interpreter enabled
[STDERR  ] 2018-07-07T09:57:01.361256820Z: [    0.634961] ACPI: (supports S0 S5)
[STDERR  ] 2018-07-07T09:57:01.361283518Z: [    0.635264] ACPI: Using IOAPIC for interrupt routing
[STDERR  ] 2018-07-07T09:57:01.361308860Z: [    0.637572] PCI: Using host bridge windows from ACPI; if necessary, use "pci=nocrs" and report a bug
[STDERR  ] 2018-07-07T09:57:01.361336809Z: [    0.640990] ACPI: Enabled 1 GPEs in block 00 to 3F
[STDERR  ] 2018-07-07T09:57:01.361360664Z: [    0.686335] ACPI: PCI Root Bridge [PCI0] (domain 0000 [bus 00-ff])
[STDERR  ] 2018-07-07T09:57:01.361391316Z: [    0.687148] acpi PNP0A08:00: _OSC: OS supports [ExtendedConfig ASPM ClockPM Segments MSI]
[STDERR  ] 2018-07-07T09:57:01.361416925Z: [    0.691553] acpi PNP0A08:00: _OSC: OS now controls [PCIeHotplug PME PCIeCapability]
[STDERR  ] 2018-07-07T09:57:01.361445966Z: [    0.695021] PCI host bridge to bus 0000:00
[STDERR  ] 2018-07-07T09:57:01.361471214Z: [    0.695565] pci_bus 0000:00: root bus resource [io  0x0000-0x0cf7 window]
[STDERR  ] 2018-07-07T09:57:01.361489536Z: [    0.695961] pci_bus 0000:00: root bus resource [io  0x0d00-0xffff window]
[STDERR  ] 2018-07-07T09:57:01.361510941Z: [    0.696314] pci_bus 0000:00: root bus resource [mem 0x000a0000-0x000bffff window]
[STDERR  ] 2018-07-07T09:57:01.361528447Z: [    0.696669] pci_bus 0000:00: root bus resource [mem 0xc0000000-0xfebfffff window]
[STDERR  ] 2018-07-07T09:57:01.361548086Z: [    0.697177] pci_bus 0000:00: root bus resource [bus 00-ff]
[STDERR  ] 2018-07-07T09:57:01.361565683Z: [    0.866710] pci 0000:00:1f.0: quirk: [io  0x0600-0x067f] claimed by ICH6 ACPI/GPIO/TCO
[STDERR  ] 2018-07-07T09:57:01.361583287Z: [    0.954870] ACPI: PCI Interrupt Link [LNKA] (IRQs 5 *10 11)
[STDERR  ] 2018-07-07T09:57:01.361600718Z: [    0.956628] ACPI: PCI Interrupt Link [LNKB] (IRQs 5 *10 11)
[STDERR  ] 2018-07-07T09:57:01.361617988Z: [    0.958169] ACPI: PCI Interrupt Link [LNKC] (IRQs 5 10 *11)
[STDERR  ] 2018-07-07T09:57:01.361635204Z: [    0.959691] ACPI: PCI Interrupt Link [LNKD] (IRQs 5 10 *11)
[STDERR  ] 2018-07-07T09:57:01.361654456Z: [    0.961651] ACPI: PCI Interrupt Link [LNKE] (IRQs 5 *10 11)
[STDERR  ] 2018-07-07T09:57:01.361671668Z: [    0.962936] ACPI: PCI Interrupt Link [LNKF] (IRQs 5 *10 11)
[STDERR  ] 2018-07-07T09:57:01.361688836Z: [    0.964194] ACPI: PCI Interrupt Link [LNKG] (IRQs 5 10 *11)
[STDERR  ] 2018-07-07T09:57:01.361705860Z: [    0.965453] ACPI: PCI Interrupt Link [LNKH] (IRQs 5 10 *11)
[STDERR  ] 2018-07-07T09:57:01.361723008Z: [    0.966163] ACPI: PCI Interrupt Link [GSIA] (IRQs *16)
[STDERR  ] 2018-07-07T09:57:01.361740357Z: [    0.966696] ACPI: PCI Interrupt Link [GSIB] (IRQs *17)
[STDERR  ] 2018-07-07T09:57:01.361758194Z: [    0.967226] ACPI: PCI Interrupt Link [GSIC] (IRQs *18)
[STDERR  ] 2018-07-07T09:57:01.361775266Z: [    0.967744] ACPI: PCI Interrupt Link [GSID] (IRQs *19)
[STDERR  ] 2018-07-07T09:57:01.361792462Z: [    0.968259] ACPI: PCI Interrupt Link [GSIE] (IRQs *20)
[STDERR  ] 2018-07-07T09:57:01.361809525Z: [    0.968762] ACPI: PCI Interrupt Link [GSIF] (IRQs *21)
[STDERR  ] 2018-07-07T09:57:01.361826990Z: [    0.969280] ACPI: PCI Interrupt Link [GSIG] (IRQs *22)
[STDERR  ] 2018-07-07T09:57:01.361844234Z: [    0.970366] ACPI: PCI Interrupt Link [GSIH] (IRQs *23)
[STDERR  ] 2018-07-07T09:57:01.361863464Z: [    0.976659] SCSI subsystem initialized
[STDERR  ] 2018-07-07T09:57:01.361881840Z: [    0.978867] ACPI: bus type USB registered
[STDERR  ] 2018-07-07T09:57:01.361903615Z: [    0.980157] usbcore: registered new interface driver usbfs
[STDERR  ] 2018-07-07T09:57:01.361920830Z: [    0.980968] usbcore: registered new interface driver hub
[STDERR  ] 2018-07-07T09:57:01.361939708Z: [    0.981686] usbcore: registered new device driver usb
[STDERR  ] 2018-07-07T09:57:01.361964057Z: [    0.982533] pps_core: LinuxPPS API ver. 1 registered
[STDERR  ] 2018-07-07T09:57:01.361987911Z: [    0.982776] pps_core: Software ver. 5.3.6 - Copyright 2005-2007 Rodolfo Giometti <giometti@linux.it>
[STDERR  ] 2018-07-07T09:57:01.362013611Z: [    0.983362] PTP clock support registered
[STDERR  ] 2018-07-07T09:57:01.362032042Z: [    0.985302] PCI: Using ACPI for IRQ routing
[STDERR  ] 2018-07-07T09:57:01.362049740Z: [    0.998743] NetLabel: Initializing
[STDERR  ] 2018-07-07T09:57:01.362067032Z: [    0.998918] NetLabel:  domain hash size = 128
[STDERR  ] 2018-07-07T09:57:01.362084259Z: [    0.999289] NetLabel:  protocols = UNLABELED CIPSOv4 CALIPSO
[STDERR  ] 2018-07-07T09:57:01.362101499Z: [    1.001520] NetLabel:  unlabeled traffic allowed by default
[STDERR  ] 2018-07-07T09:57:01.362123529Z: [    1.003043] HPET: 3 timers in total, 0 timers will be used for per-cpu timer
[STDERR  ] 2018-07-07T09:57:01.362143637Z: [    1.003786] hpet0: at MMIO 0xfed00000, IRQs 2, 8, 0
[STDERR  ] 2018-07-07T09:57:01.362161309Z: [    1.004118] hpet0: 3 comparators, 64-bit 100.000000 MHz counter
[STDERR  ] 2018-07-07T09:57:01.362178607Z: [    1.009123] clocksource: Switched to clocksource hpet
[STDERR  ] 2018-07-07T09:57:01.362195985Z: [    1.189362] VFS: Disk quotas dquot_6.6.0
[STDERR  ] 2018-07-07T09:57:01.362216840Z: [    1.190030] VFS: Dquot-cache hash table entries: 512 (order 0, 4096 bytes)
[STDERR  ] 2018-07-07T09:57:01.362234812Z: [    1.193619] FS-Cache: Loaded
[STDERR  ] 2018-07-07T09:57:01.362255572Z: [    1.198839] CacheFiles: Loaded
[STDERR  ] 2018-07-07T09:57:01.362273567Z: [    1.200352] pnp: PnP ACPI init
[STDERR  ] 2018-07-07T09:57:01.362290692Z: [    1.207839] pnp: PnP ACPI: found 5 devices
[STDERR  ] 2018-07-07T09:57:01.362308111Z: [    1.239269] clocksource: acpi_pm: mask: 0xffffff max_cycles: 0xffffff, max_idle_ns: 2085701024 ns
[STDERR  ] 2018-07-07T09:57:01.362327191Z: [    1.242420] NET: Registered protocol family 2
[STDERR  ] 2018-07-07T09:57:01.362344605Z: [    1.250028] TCP established hash table entries: 8192 (order: 4, 65536 bytes)
[STDERR  ] 2018-07-07T09:57:01.362361820Z: [    1.251062] TCP bind hash table entries: 8192 (order: 5, 131072 bytes)
[STDERR  ] 2018-07-07T09:57:01.362379208Z: [    1.252114] TCP: Hash tables configured (established 8192 bind 8192)
[STDERR  ] 2018-07-07T09:57:01.362396753Z: [    1.254104] UDP hash table entries: 512 (order: 2, 16384 bytes)
[STDERR  ] 2018-07-07T09:57:01.362414238Z: [    1.254758] UDP-Lite hash table entries: 512 (order: 2, 16384 bytes)
[STDERR  ] 2018-07-07T09:57:01.362431424Z: [    1.257007] NET: Registered protocol family 1
[STDERR  ] 2018-07-07T09:57:01.362451264Z: [    1.257905] pci 0000:00:01.0: Video device with shadowed ROM at [mem 0x000c0000-0x000dffff]
[STDERR  ] 2018-07-07T09:57:01.363891047Z: [    1.263409] Trying to unpack rootfs image as initramfs...
[STDERR  ] 2018-07-07T09:57:01.363954495Z: [    4.400121] Freeing initrd memory: 28184K
[STDERR  ] 2018-07-07T09:57:01.363967944Z: [    4.422258] PCLMULQDQ-NI instructions are not detected.
[STDERR  ] 2018-07-07T09:57:01.363980906Z: [    4.423640] AVX or AES-NI instructions are not detected.
[STDERR  ] 2018-07-07T09:57:01.363993717Z: [    4.424141] CPU feature 'AVX registers' is not supported.
[STDERR  ] 2018-07-07T09:57:01.364005799Z: [    4.424533] CPU feature 'AVX registers' is not supported.
[STDERR  ] 2018-07-07T09:57:01.364017807Z: [    4.424757] CPU feature 'AVX registers' is not supported.
[STDOUT  ] 2018-07-07T09:57:01.363998956Z: [    0.000000] Linux version 4.14.53-linuxkit (root@bd72a9eaf0e9) (gcc version 6.4.0 (Alpine 6.4.0)) #1 SMP Tue Jul 3 13:29:41 UTC 2018
[STDERR  ] 2018-07-07T09:57:01.364030308Z: [    4.425152] CPU feature 'AVX registers' is not supported.
[STDOUT  ] 2018-07-07T09:57:01.364047299Z: [    0.000000] Command line: console=ttyS0 console=ttyAMA0
[STDERR  ] 2018-07-07T09:57:01.364044388Z: [    4.425508] AVX2 or AES-NI instructions are not detected.
[STDOUT  ] 2018-07-07T09:57:01.364058808Z: [    0.000000] x86/fpu: x87 FPU will use FXSAVE
[STDOUT  ] 2018-07-07T09:57:01.364070368Z: [    0.000000] e820: BIOS-provided physical RAM map:
[STDOUT  ] 2018-07-07T09:57:01.364079889Z: [    0.000000] BIOS-e820: [mem 0x0000000000000000-0x000000000009fbff] usable
[STDOUT  ] 2018-07-07T09:57:01.364089598Z: [    0.000000] BIOS-e820: [mem 0x000000000009fc00-0x000000000009ffff] reserved
[STDOUT  ] 2018-07-07T09:57:01.364098372Z: [    0.000000] BIOS-e820: [mem 0x00000000000f0000-0x00000000000fffff] reserved
[STDOUT  ] 2018-07-07T09:57:01.364108427Z: [    0.000000] BIOS-e820: [mem 0x0000000000100000-0x000000003ffdefff] usable
[STDOUT  ] 2018-07-07T09:57:01.364117908Z: [    0.000000] BIOS-e820: [mem 0x000000003ffdf000-0x000000003fffffff] reserved
[STDERR  ] 2018-07-07T09:57:01.364057807Z: [    4.425823] AVX2 instructions are not detected.
[STDOUT  ] 2018-07-07T09:57:01.364127324Z: [    0.000000] BIOS-e820: [mem 0x00000000b0000000-0x00000000bfffffff] reserved
[STDERR  ] 2018-07-07T09:57:01.364140542Z: [    4.431147] audit: initializing netlink subsys (disabled)
[STDERR  ] 2018-07-07T09:57:01.364158621Z: [    4.438103] audit: type=2000 audit(1530957400.430:1): state=initialized audit_enabled=0 res=1
[STDERR  ] 2018-07-07T09:57:01.364173120Z: [    4.439822] workingset: timestamp_bits=46 max_order=18 bucket_order=0
[STDERR  ] 2018-07-07T09:57:01.364186590Z: [    4.445260] squashfs: version 4.0 (2009/01/31) Phillip Lougher
[STDERR  ] 2018-07-07T09:57:01.364200342Z: [    4.448212] FS-Cache: Netfs 'cifs' registered for caching
[STDERR  ] 2018-07-07T09:57:01.364218602Z: [    4.449220] fuse init (API version 7.26)
[STDERR  ] 2018-07-07T09:57:01.364231923Z: [    4.451939] SGI XFS with ACLs, security attributes, no debug enabled
[STDERR  ] 2018-07-07T09:57:01.364244651Z: [    4.455156] 9p: Installing v9fs 9p2000 file system support
[STDERR  ] 2018-07-07T09:57:01.364257861Z: [    4.455707] FS-Cache: Netfs '9p' registered for caching
[STDERR  ] 2018-07-07T09:57:01.364270733Z: [    4.483762] NET: Registered protocol family 38
[STDERR  ] 2018-07-07T09:57:01.364283874Z: [    4.484347] Key type asymmetric registered
[STDERR  ] 2018-07-07T09:57:01.364296925Z: [    4.484722] Asymmetric key parser 'x509' registered
[STDERR  ] 2018-07-07T09:57:01.364310291Z: [    4.485587] Block layer SCSI generic (bsg) driver version 0.4 loaded (major 247)
[STDERR  ] 2018-07-07T09:57:01.364323946Z: [    4.487220] io scheduler noop registered
[STDERR  ] 2018-07-07T09:57:01.364336854Z: [    4.487628] io scheduler deadline registered (default)
[STDERR  ] 2018-07-07T09:57:01.364349725Z: [    4.488455] io scheduler cfq registered
[STDERR  ] 2018-07-07T09:57:01.364359212Z: [    4.488739] io scheduler mq-deadline registered
[STDERR  ] 2018-07-07T09:57:01.364368124Z: [    4.488994] io scheduler kyber registered
[STDERR  ] 2018-07-07T09:57:01.364378767Z: [    4.492761] shpchp: Standard Hot Plug PCI Controller Driver version: 0.4
[STDERR  ] 2018-07-07T09:57:01.364391810Z: [    4.493547] hv_vmbus: registering driver hyperv_fb
[STDERR  ] 2018-07-07T09:57:01.364405158Z: [    4.496249] input: Power Button as /devices/LNXSYSTM:00/LNXPWRBN:00/input/input0
[STDERR  ] 2018-07-07T09:57:01.364417902Z: [    4.499552] ACPI: Power Button [PWRF]
[STDERR  ] 2018-07-07T09:57:01.364430730Z: [    4.513914] ACPI: PCI Interrupt Link [GSIG] enabled at IRQ 22
[STDERR  ] 2018-07-07T09:57:01.364442807Z: [    4.524590] ACPI: PCI Interrupt Link [GSIH] enabled at IRQ 23
[STDERR  ] 2018-07-07T09:57:01.364452003Z: [    4.534368] Serial: 8250/16550 driver, 4 ports, IRQ sharing disabled
[STDERR  ] 2018-07-07T09:57:01.364460802Z: [    4.558359] 00:04: ttyS0 at I/O 0x3f8 (irq = 4, base_baud = 115200) is a 16550A
[STDERR  ] 2018-07-07T09:57:01.364477238Z: [    4.567800] Non-volatile memory driver v1.3
[STDERR  ] 2018-07-07T09:57:01.364490459Z: [    4.573981] Hangcheck: starting hangcheck timer 0.9.1 (tick is 180 seconds, margin is 60 seconds).
[STDERR  ] 2018-07-07T09:57:01.364503993Z: [    4.580992] random: fast init done
[STDERR  ] 2018-07-07T09:57:01.364516710Z: [    4.582211] random: crng init done
[STDERR  ] 2018-07-07T09:57:01.364529507Z: [    4.627018] brd: module loaded
[STDERR  ] 2018-07-07T09:57:01.364541372Z: [    4.650956] loop: module loaded
[STDERR  ] 2018-07-07T09:57:01.364554284Z: [    4.690917] lpc_ich 0000:00:1f.0: I/O space for GPIO uninitialized
[STDERR  ] 2018-07-07T09:57:01.364567419Z: [    4.693181] VMware PVSCSI driver - version 1.0.7.0-k
[STDERR  ] 2018-07-07T09:57:01.364579820Z: [    4.693866] hv_vmbus: registering driver hv_storvsc
[STDERR  ] 2018-07-07T09:57:01.364593129Z: [    4.700226] ACPI: PCI Interrupt Link [GSIA] enabled at IRQ 16
[STDERR  ] 2018-07-07T09:57:01.364605377Z: [    4.707197] ahci 0000:00:1f.2: AHCI 0001.0000 32 slots 6 ports 1.5 Gbps 0x3f impl SATA mode
[STDERR  ] 2018-07-07T09:57:01.364618751Z: [    4.707883] ahci 0000:00:1f.2: flags: 64bit ncq only 
[STDERR  ] 2018-07-07T09:57:01.364636928Z: [    4.720285] scsi host0: ahci
[STDERR  ] 2018-07-07T09:57:01.364650148Z: [    4.724155] scsi host1: ahci
[STDERR  ] 2018-07-07T09:57:01.364719709Z: [    4.726095] scsi host2: ahci
[STDERR  ] 2018-07-07T09:57:01.364734387Z: [    4.727438] scsi host3: ahci
[STDERR  ] 2018-07-07T09:57:01.364746611Z: [    4.728950] scsi host4: ahci
[STDERR  ] 2018-07-07T09:57:01.364758811Z: [    4.730684] scsi host5: ahci
[STDERR  ] 2018-07-07T09:57:01.364789604Z: [    4.731825] ata1: SATA max UDMA/133 abar m4096@0xfebd2000 port 0xfebd2100 irq 24
[STDERR  ] 2018-07-07T09:57:01.364803296Z: [    4.732294] ata2: SATA max UDMA/133 abar m4096@0xfebd2000 port 0xfebd2180 irq 24
[STDERR  ] 2018-07-07T09:57:01.364820545Z: [    4.732647] ata3: SATA max UDMA/133 abar m4096@0xfebd2000 port 0xfebd2200 irq 24
[STDERR  ] 2018-07-07T09:57:01.364832989Z: [    4.732986] ata4: SATA max UDMA/133 abar m4096@0xfebd2000 port 0xfebd2280 irq 24
[STDERR  ] 2018-07-07T09:57:01.364845332Z: [    4.733334] ata5: SATA max UDMA/133 abar m4096@0xfebd2000 port 0xfebd2300 irq 24
[STDERR  ] 2018-07-07T09:57:01.364858079Z: [    4.733744] ata6: SATA max UDMA/133 abar m4096@0xfebd2000 port 0xfebd2380 irq 24
[STDERR  ] 2018-07-07T09:57:01.364870773Z: [    4.743441] tun: Universal TUN/TAP device driver, 1.6
[STDERR  ] 2018-07-07T09:57:01.364883734Z: [    4.754141] VMware vmxnet3 virtual NIC driver - version 1.4.a.0-k-NAPI
[STDERR  ] 2018-07-07T09:57:01.364904023Z: [    4.754904] hv_vmbus: registering driver hv_netvsc
[STDERR  ] 2018-07-07T09:57:01.364916714Z: [    4.755213] Fusion MPT base driver 3.04.20
[STDERR  ] 2018-07-07T09:57:01.364929326Z: [    4.755405] Copyright (c) 1999-2008 LSI Corporation
[STDERR  ] 2018-07-07T09:57:01.364942356Z: [    4.755855] Fusion MPT SPI Host driver 3.04.20
[STDERR  ] 2018-07-07T09:57:01.364955194Z: [    4.757676] i8042: PNP: PS/2 Controller [PNP0303:KBD,PNP0f13:MOU] at 0x60,0x64 irq 1,12
[STDERR  ] 2018-07-07T09:57:01.364968296Z: [    4.762058] serio: i8042 KBD port at 0x60,0x64 irq 1
[STDERR  ] 2018-07-07T09:57:01.364980682Z: [    4.762633] serio: i8042 AUX port at 0x60,0x64 irq 12
[STDERR  ] 2018-07-07T09:57:01.364993560Z: [    4.764545] hv_vmbus: registering driver hyperv_keyboard
[STDERR  ] 2018-07-07T09:57:01.365005645Z: [    4.766259] mousedev: PS/2 mouse device common for all mice
[STDERR  ] 2018-07-07T09:57:01.365017934Z: [    4.770403] input: AT Translated Set 2 keyboard as /devices/platform/i8042/serio0/input/input1
[STDERR  ] 2018-07-07T09:57:01.365030210Z: [    4.772455] input: PC Speaker as /devices/platform/pcspkr/input/input2
[STDERR  ] 2018-07-07T09:57:01.365043482Z: [    4.775618] rtc_cmos 00:00: RTC can wake from S4
[STDERR  ] 2018-07-07T09:57:01.365056205Z: [    4.778555] rtc_cmos 00:00: rtc core: registered rtc_cmos as rtc0
[STDERR  ] 2018-07-07T09:57:01.365069283Z: [    4.779819] rtc_cmos 00:00: alarms up to one day, y3k, 114 bytes nvram, hpet irqs
[STDERR  ] 2018-07-07T09:57:01.365081098Z: [    4.780787] i2c /dev entries driver
[STDERR  ] 2018-07-07T09:57:01.365093061Z: [    4.782606] device-mapper: ioctl: 4.37.0-ioctl (2017-09-20) initialised: dm-devel@redhat.com
[STDERR  ] 2018-07-07T09:57:01.365105979Z: [    4.786156] usbcore: registered new interface driver usbhid
[STDERR  ] 2018-07-07T09:57:01.365118486Z: [    4.786476] usbhid: USB HID core driver
[STDERR  ] 2018-07-07T09:57:01.365130382Z: [    4.787175] hv_utils: Registering HyperV Utility Driver
[STDERR  ] 2018-07-07T09:57:01.365142333Z: [    4.787440] hv_vmbus: registering driver hv_util
[STDERR  ] 2018-07-07T09:57:01.365154408Z: [    4.787692] hv_vmbus: registering driver hv_balloon
[STDERR  ] 2018-07-07T09:57:01.365166466Z: [    4.788178] oprofile: using NMI interrupt.
[STDERR  ] 2018-07-07T09:57:01.365179209Z: [    4.789261] GACT probability on
[STDERR  ] 2018-07-07T09:57:01.365191797Z: [    4.789673] Mirror/redirect action on
[STDERR  ] 2018-07-07T09:57:01.365205222Z: [    4.790551] Simple TC action Loaded
[STDERR  ] 2018-07-07T09:57:01.365217789Z: [    4.791103] u32 classifier
[STDERR  ] 2018-07-07T09:57:01.365234145Z: [    4.791255]     Performance counters on
[STDERR  ] 2018-07-07T09:57:01.365246049Z: [    4.791423]     input device check on
[STDERR  ] 2018-07-07T09:57:01.365257967Z: [    4.791515]     Actions configured
[STDERR  ] 2018-07-07T09:57:01.365270924Z: [    4.792233] Netfilter messages via NETLINK v0.30.
[STDERR  ] 2018-07-07T09:57:01.365282895Z: [    4.792737] nfnl_acct: registering with nfnetlink.
[STDERR  ] 2018-07-07T09:57:01.365294719Z: [    4.794099] nf_conntrack version 0.5.0 (8192 buckets, 32768 max)
[STDERR  ] 2018-07-07T09:57:01.365306728Z: [    4.796410] ctnetlink v0.93: registering with nfnetlink.
[STDERR  ] 2018-07-07T09:57:01.365318591Z: [    4.799698] nf_tables: (c) 2007-2009 Patrick McHardy <kaber@trash.net>
[STDERR  ] 2018-07-07T09:57:01.365344419Z: [    4.800936] nf_tables_compat: (c) 2012 Pablo Neira Ayuso <pablo@netfilter.org>
[STDERR  ] 2018-07-07T09:57:01.365356888Z: [    4.803090] xt_time: kernel timezone is -0000
[STDERR  ] 2018-07-07T09:57:01.365369451Z: [    4.803556] ip_set: protocol 6
[STDERR  ] 2018-07-07T09:57:01.365382219Z: [    4.804248] IPVS: Registered protocols (TCP, UDP, SCTP, AH, ESP)
[STDERR  ] 2018-07-07T09:57:01.365393944Z: [    4.804868] IPVS: Connection hash table configured (size=4096, memory=64Kbytes)
[STDERR  ] 2018-07-07T09:57:01.365405398Z: [    4.808586] IPVS: ipvs loaded.
[STDERR  ] 2018-07-07T09:57:01.365416815Z: [    4.808940] IPVS: [rr] scheduler registered.
[STDERR  ] 2018-07-07T09:57:01.365428657Z: [    4.809209] IPVS: [wrr] scheduler registered.
[STDERR  ] 2018-07-07T09:57:01.365442401Z: [    4.809532] IPVS: [lc] scheduler registered.
[STDERR  ] 2018-07-07T09:57:01.365455102Z: [    4.809769] IPVS: [wlc] scheduler registered.
[STDERR  ] 2018-07-07T09:57:01.365467300Z: [    4.809983] IPVS: [fo] scheduler registered.
[STDERR  ] 2018-07-07T09:57:01.365479351Z: [    4.810722] IPVS: [ovf] scheduler registered.
[STDERR  ] 2018-07-07T09:57:01.365491775Z: [    4.811248] IPVS: [lblc] scheduler registered.
[STDERR  ] 2018-07-07T09:57:01.365503935Z: [    4.811602] IPVS: [lblcr] scheduler registered.
[STDERR  ] 2018-07-07T09:57:01.365516776Z: [    4.811825] IPVS: [dh] scheduler registered.
[STDERR  ] 2018-07-07T09:57:01.365529170Z: [    4.812062] IPVS: [sh] scheduler registered.
[STDERR  ] 2018-07-07T09:57:01.365541519Z: [    4.812298] IPVS: [sed] scheduler registered.
[STDERR  ] 2018-07-07T09:57:01.365553545Z: [    4.812493] IPVS: [nq] scheduler registered.
[STDERR  ] 2018-07-07T09:57:01.365565597Z: [    4.813194] IPVS: ftp: loaded support on port[0] = 21
[STDERR  ] 2018-07-07T09:57:01.365580704Z: [    4.813911] ipip: IPv4 and MPLS over IPv4 tunneling driver
[STDERR  ] 2018-07-07T09:57:01.365592829Z: [    4.817074] gre: GRE over IPv4 demultiplexor driver
[STDERR  ] 2018-07-07T09:57:01.365606375Z: [    4.819569] ip_tables: (C) 2000-2006 Netfilter Core Team
[STDERR  ] 2018-07-07T09:57:01.365618222Z: [    4.823349] ipt_CLUSTERIP: ClusterIP Version 0.8 loaded successfully
[STDERR  ] 2018-07-07T09:57:01.365630212Z: [    4.823912] arp_tables: arp_tables: (C) 2002 David S. Miller
[STDERR  ] 2018-07-07T09:57:01.365642016Z: [    4.825969] NET: Registered protocol family 10
[STDERR  ] 2018-07-07T09:57:01.365654472Z: [    4.834649] Segment Routing with IPv6
[STDERR  ] 2018-07-07T09:57:01.365674033Z: [    4.835497] ip6_tables: (C) 2000-2006 Netfilter Core Team
[STDERR  ] 2018-07-07T09:57:01.365686322Z: [    4.842969] NET: Registered protocol family 17
[STDERR  ] 2018-07-07T09:57:01.365698193Z: [    4.843906] Bridge firewalling registered
[STDERR  ] 2018-07-07T09:57:01.365710174Z: [    4.844437] Ebtables v2.0 registered
[STDERR  ] 2018-07-07T09:57:01.365723135Z: [    4.846251] 8021q: 802.1Q VLAN Support v1.8
[STDERR  ] 2018-07-07T09:57:01.365736080Z: [    4.847631] 9pnet: Installing 9P2000 support
[STDERR  ] 2018-07-07T09:57:01.365748743Z: [    4.849031] Key type dns_resolver registered
[STDERR  ] 2018-07-07T09:57:01.365761162Z: [    4.850612] sched_clock: Marking stable (4850170050, 0)->(4984831808, -134661758)
[STDERR  ] 2018-07-07T09:57:01.365773529Z: [    4.853444] registered taskstats version 1
[STDERR  ] 2018-07-07T09:57:01.365790081Z: [    5.053075] Key type big_key registered
[STDERR  ] 2018-07-07T09:57:01.365802341Z: [    5.065674] ata1: SATA link down (SStatus 0 SControl 300)
[STDERR  ] 2018-07-07T09:57:01.365814879Z: [    5.070582] ata4: SATA link down (SStatus 0 SControl 300)
[STDERR  ] 2018-07-07T09:57:01.365826974Z: [    5.071410] ata3: SATA link up 1.5 Gbps (SStatus 113 SControl 300)
[STDERR  ] 2018-07-07T09:57:01.365839211Z: [    5.073745] ata2: SATA link down (SStatus 0 SControl 300)
[STDERR  ] 2018-07-07T09:57:01.365851224Z: [    5.075847] ata3.00: ATAPI: QEMU DVD-ROM, 2.5+, max UDMA/100
[STDERR  ] 2018-07-07T09:57:01.365863183Z: [    5.076269] ata3.00: applying bridge limits
[STDERR  ] 2018-07-07T09:57:01.365878652Z: [    5.078508] ata3.00: configured for UDMA/100
[STDERR  ] 2018-07-07T09:57:01.365890717Z: [    5.085278] ata6: SATA link down (SStatus 0 SControl 300)
[STDERR  ] 2018-07-07T09:57:01.365910114Z: [    5.085861] ata5: SATA link down (SStatus 0 SControl 300)
[STDERR  ] 2018-07-07T09:57:01.365922394Z: [    5.101661] scsi 2:0:0:0: CD-ROM            QEMU     QEMU DVD-ROM     2.5+ PQ: 0 ANSI: 5
[STDERR  ] 2018-07-07T09:57:01.365934958Z: [    5.143342] sr 2:0:0:0: [sr0] scsi3-mmc drive: 4x/4x cd/rw xa/form2 tray
[STDERR  ] 2018-07-07T09:57:01.365946989Z: [    5.143879] cdrom: Uniform CD-ROM driver Revision: 3.20
[STDERR  ] 2018-07-07T09:57:01.365960210Z: [    5.154064] sr 2:0:0:0: Attached scsi generic sg0 type 5
[STDERR  ] 2018-07-07T09:57:01.365972222Z: [    5.164864] Key type trusted registered
[STDERR  ] 2018-07-07T09:57:01.365984266Z: [    5.227816] Key type encrypted registered
[STDERR  ] 2018-07-07T09:57:01.365997933Z: [    5.228500] ima: No TPM chip found, activating TPM-bypass! (rc=-19)
[STDERR  ] 2018-07-07T09:57:01.366010408Z: [    5.228992] ima: Allocated hash algorithm: sha256
[STDERR  ] 2018-07-07T09:57:01.366022202Z: [    5.233026] evm: HMAC attrs: 0x1
[STDERR  ] 2018-07-07T09:57:01.366035605Z: [    5.238593] rtc_cmos 00:00: setting system clock to 2018-07-07 09:56:41 UTC (1530957401)
[STDERR  ] 2018-07-07T09:57:01.366050558Z: [    5.385527] Freeing unused kernel memory: 1512K
[STDERR  ] 2018-07-07T09:57:01.366062518Z: [    5.400814] Write protecting the kernel read-only data: 18432k
[STDERR  ] 2018-07-07T09:57:01.366075447Z: [    5.413833] Freeing unused kernel memory: 2024K
[STDERR  ] 2018-07-07T09:57:01.366087333Z: [    5.467666] Freeing unused kernel memory: 1104K
[STDERR  ] 2018-07-07T09:57:01.366099430Z: [    5.468269] tsc: Refined TSC clocksource calibration: 2599.805 MHz
[STDERR  ] 2018-07-07T09:57:01.366111425Z: [    5.468813] clocksource: tsc: mask: 0xffffffffffffffff max_cycles: 0x25798411226, max_idle_ns: 440795269885 ns
[STDERR  ] 2018-07-07T09:57:01.366124056Z: [    6.474896] clocksource: Switched to clocksource tsc
[STDERR  ] 2018-07-07T09:57:01.366136687Z: 
[STDERR  ] 2018-07-07T09:57:01.366149550Z: Welcome to LinuxKit
[STDERR  ] 2018-07-07T09:57:01.366161944Z: 
[STDERR  ] 2018-07-07T09:57:01.366174286Z:                         ##         .
[STDERR  ] 2018-07-07T09:57:01.366186314Z:                   ## ## ##        ==
[STDERR  ] 2018-07-07T09:57:01.366198103Z:                ## ## ## ## ##    ===
[STDERR  ] 2018-07-07T09:57:01.366209908Z:            /"""""""""""""""""\___/ ===
[STDERR  ] 2018-07-07T09:57:01.366222043Z:           {                       /  ===-
[STDERR  ] 2018-07-07T09:57:01.366234560Z:            \______ O           __/
[STDERR  ] 2018-07-07T09:57:01.366246446Z:              \    \         __/
[STDERR  ] 2018-07-07T09:57:01.366259120Z:               \____\_______/
[STDERR  ] 2018-07-07T09:57:01.366270983Z: 
[STDERR  ] 2018-07-07T09:57:01.366283020Z: sysctl test suite PASSED
[STDERR  ] 2018-07-07T09:57:01.366294849Z: [   24.003454] ACPI: Preparing to enter system sleep state S5
[STDERR  ] 2018-07-07T09:57:01.366307282Z: [   24.005097] reboot: Power down
[STDERR  ] 2018-07-07T09:57:01.366319285Z: + echo [    0.000000] Linux version 4.14.53-linuxkit (root@bd72a9eaf0e9) (gcc version 6.4.0 (Alpine 6.4.0)) #1 SMP Tue Jul 3 13:29:41 UTC 2018
[STDERR  ] 2018-07-07T09:57:01.366337459Z: [    0.000000] Command line: console=ttyS0 console=ttyAMA0
[STDERR  ] 2018-07-07T09:57:01.366349756Z: [    0.000000] x86/fpu: x87 FPU will use FXSAVE
[STDERR  ] 2018-07-07T09:57:01.366361643Z: [    0.000000] e820: BIOS-provided physical RAM map:
[STDERR  ] 2018-07-07T09:57:01.366373374Z: [    0.000000] BIOS-e820: [mem 0x0000000000000000-0x000000000009fbff] usable
[STDERR  ] 2018-07-07T09:57:01.366385632Z: [    0.000000] BIOS-e820: [mem 0x000000000009fc00-0x000000000009ffff] reserved
[STDERR  ] 2018-07-07T09:57:01.366397360Z: [    0.000000] BIOS-e820: [mem 0x00000000000f0000-0x00000000000fffff] reserved
[STDERR  ] 2018-07-07T09:57:01.366412114Z: [    0.000000] BIOS-e820: [mem 0x0000000000100000-0x000000003ffdefff] usable
[STDERR  ] 2018-07-07T09:57:01.366427069Z: [    0.000000] BIOS-e820: [mem 0x000000003ffdf000-0x000000003fffffff] reserved
[STDERR  ] 2018-07-07T09:57:01.366439047Z: [    0.000000] BIOS-e820: [mem 0x00000000b0000000-0x00000000bfffffff] reserved
[STDERR  ] 2018-07-07T09:57:01.366450734Z: [    0.000000] BIOS-e820: [mem 0x00000000fed1c000-0x00000000fed1ffff] reserved
[STDERR  ] 2018-07-07T09:57:01.366484957Z: [    0.000000] BIOS-e820: [mem 0x00000000fffc0000-0x00000000ffffffff] reserved
[STDERR  ] 2018-07-07T09:57:01.366498714Z: [    0.000000] NX (Execute Disable) protection: active
[STDERR  ] 2018-07-07T09:57:01.366513519Z: [    0.000000] SMBIOS 2.8 present.
[STDOUT  ] 2018-07-07T09:57:01.364145766Z: [    0.000000] BIOS-e820: [mem 0x00000000fed1c000-0x00000000fed1ffff] reserved
[STDOUT  ] 2018-07-07T09:57:01.366548408Z: [    0.000000] BIOS-e820: [mem 0x00000000fffc0000-0x00000000ffffffff] reserved
[STDOUT  ] 2018-07-07T09:57:01.366560096Z: [    0.000000] NX (Execute Disable) protection: active
[STDOUT  ] 2018-07-07T09:57:01.366570750Z: [    0.000000] SMBIOS 2.8 present.
[STDOUT  ] 2018-07-07T09:57:01.366580475Z: [    0.000000] DMI: QEMU Standard PC (Q35 + ICH9, 2009), BIOS rel-1.10.2-0-g5f4c7b1-prebuilt.qemu-project.org 04/01/2014
[STDOUT  ] 2018-07-07T09:57:01.366592669Z: [    0.000000] tsc: Fast TSC calibration using PIT
[STDOUT  ] 2018-07-07T09:57:01.366602961Z: [    0.000000] e820: last_pfn = 0x3ffdf max_arch_pfn = 0x400000000
[STDOUT  ] 2018-07-07T09:57:01.366611955Z: [    0.000000] x86/PAT: Configuration [0-7]: WB  WC  UC- UC  WB  WP  UC- WT  
[STDOUT  ] 2018-07-07T09:57:01.366621873Z: [    0.000000] found SMP MP-table at [mem 0x000f6aa0-0x000f6aaf] mapped at [ffffffffff200aa0]
[STDOUT  ] 2018-07-07T09:57:01.366631855Z: [    0.000000] RAMDISK: [mem 0x3e44a000-0x3ffcffff]
[STDOUT  ] 2018-07-07T09:57:01.366641021Z: [    0.000000] ACPI: Early table checksum verification disabled
[STDOUT  ] 2018-07-07T09:57:01.366652873Z: [    0.000000] ACPI: RSDP 0x00000000000F68B0 000014 (v00 BOCHS )
[STDOUT  ] 2018-07-07T09:57:01.366662109Z: [    0.000000] ACPI: RSDT 0x000000003FFE20A8 000034 (v01 BOCHS  BXPCRSDT 00000001 BXPC 00000001)
[STDOUT  ] 2018-07-07T09:57:01.366671804Z: [    0.000000] ACPI: FACP 0x000000003FFE1EC8 0000F4 (v03 BOCHS  BXPCFACP 00000001 BXPC 00000001)
[STDOUT  ] 2018-07-07T09:57:01.366681792Z: [    0.000000] ACPI: DSDT 0x000000003FFE0040 001E88 (v01 BOCHS  BXPCDSDT 00000001 BXPC 00000001)
[STDOUT  ] 2018-07-07T09:57:01.366690978Z: [    0.000000] ACPI: FACS 0x000000003FFE0000 000040
[STDOUT  ] 2018-07-07T09:57:01.366700390Z: [    0.000000] ACPI: APIC 0x000000003FFE1FBC 000078 (v01 BOCHS  BXPCAPIC 00000001 BXPC 00000001)
[STDOUT  ] 2018-07-07T09:57:01.366708932Z: [    0.000000] ACPI: HPET 0x000000003FFE2034 000038 (v01 BOCHS  BXPCHPET 00000001 BXPC 00000001)
[STDOUT  ] 2018-07-07T09:57:01.366718397Z: [    0.000000] ACPI: MCFG 0x000000003FFE206C 00003C (v01 BOCHS  BXPCMCFG 00000001 BXPC 00000001)
[STDOUT  ] 2018-07-07T09:57:01.366727677Z: [    0.000000] Zone ranges:
[STDOUT  ] 2018-07-07T09:57:01.366735925Z: [    0.000000]   DMA      [mem 0x0000000000001000-0x0000000000ffffff]
[STDOUT  ] 2018-07-07T09:57:01.366745133Z: [    0.000000]   DMA32    [mem 0x0000000001000000-0x000000003ffdefff]
[STDOUT  ] 2018-07-07T09:57:01.366760123Z: [    0.000000]   Normal   empty
[STDOUT  ] 2018-07-07T09:57:01.366769885Z: [    0.000000]   Device   empty
[STDOUT  ] 2018-07-07T09:57:01.366780429Z: [    0.000000] Movable zone start for each node
[STDOUT  ] 2018-07-07T09:57:01.366789633Z: [    0.000000] Early memory node ranges
[STDOUT  ] 2018-07-07T09:57:01.366798820Z: [    0.000000]   node   0: [mem 0x0000000000001000-0x000000000009efff]
[STDOUT  ] 2018-07-07T09:57:01.366810181Z: [    0.000000]   node   0: [mem 0x0000000000100000-0x000000003ffdefff]
[STDOUT  ] 2018-07-07T09:57:01.366818988Z: [    0.000000] Initmem setup node 0 [mem 0x0000000000001000-0x000000003ffdefff]
[STDOUT  ] 2018-07-07T09:57:01.366827643Z: [    0.000000] ACPI: PM-Timer IO Port: 0x608
[STDOUT  ] 2018-07-07T09:57:01.366842117Z: [    0.000000] ACPI: LAPIC_NMI (acpi_id[0xff] dfl dfl lint[0x1])
[STDOUT  ] 2018-07-07T09:57:01.366851608Z: [    0.000000] IOAPIC[0]: apic_id 0, version 32, address 0xfec00000, GSI 0-23
[STDOUT  ] 2018-07-07T09:57:01.366860737Z: [    0.000000] ACPI: INT_SRC_OVR (bus 0 bus_irq 0 global_irq 2 dfl dfl)
[STDOUT  ] 2018-07-07T09:57:01.366869312Z: [    0.000000] ACPI: INT_SRC_OVR (bus 0 bus_irq 5 global_irq 5 high level)
[STDOUT  ] 2018-07-07T09:57:01.366877253Z: [    0.000000] ACPI: INT_SRC_OVR (bus 0 bus_irq 9 global_irq 9 high level)
[STDOUT  ] 2018-07-07T09:57:01.366885408Z: [    0.000000] ACPI: INT_SRC_OVR (bus 0 bus_irq 10 global_irq 10 high level)
[STDOUT  ] 2018-07-07T09:57:01.366900818Z: [    0.000000] ACPI: INT_SRC_OVR (bus 0 bus_irq 11 global_irq 11 high level)
[STDOUT  ] 2018-07-07T09:57:01.366909590Z: [    0.000000] Using ACPI (MADT) for SMP configuration information
[STDOUT  ] 2018-07-07T09:57:01.366918378Z: [    0.000000] ACPI: HPET id: 0x8086a201 base: 0xfed00000
[STDOUT  ] 2018-07-07T09:57:01.366928598Z: [    0.000000] smpboot: Allowing 1 CPUs, 0 hotplug CPUs
[STDOUT  ] 2018-07-07T09:57:01.366937456Z: [    0.000000] e820: [mem 0x40000000-0xafffffff] available for PCI devices
[STDOUT  ] 2018-07-07T09:57:01.366945873Z: [    0.000000] Booting paravirtualized kernel on bare hardware
[STDOUT  ] 2018-07-07T09:57:01.366954747Z: [    0.000000] clocksource: refined-jiffies: mask: 0xffffffff max_cycles: 0xffffffff, max_idle_ns: 19112604462750000 ns
[STDOUT  ] 2018-07-07T09:57:01.366963963Z: [    0.000000] random: get_random_bytes called from start_kernel+0x92/0x4c8 with crng_init=0
[STDOUT  ] 2018-07-07T09:57:01.366973267Z: [    0.000000] setup_percpu: NR_CPUS:128 nr_cpumask_bits:128 nr_cpu_ids:1 nr_node_ids:1
[STDOUT  ] 2018-07-07T09:57:01.366986438Z: [    0.000000] percpu: Embedded 44 pages/cpu @ffff9dda7e200000 s143256 r8192 d28776 u2097152
[STDOUT  ] 2018-07-07T09:57:01.366996282Z: [    0.000000] Built 1 zonelists, mobility grouping on.  Total pages: 257896
[STDOUT  ] 2018-07-07T09:57:01.367005445Z: [    0.000000] Kernel command line: console=ttyS0 console=ttyAMA0
[STDOUT  ] 2018-07-07T09:57:01.367016042Z: [    0.000000] PID hash table entries: 4096 (order: 3, 32768 bytes)
[STDOUT  ] 2018-07-07T09:57:01.367024818Z: [    0.000000] Dentry cache hash table entries: 131072 (order: 8, 1048576 bytes)
[STDOUT  ] 2018-07-07T09:57:01.367033797Z: [    0.000000] Inode-cache hash table entries: 65536 (order: 7, 524288 bytes)
[STDOUT  ] 2018-07-07T09:57:01.367043207Z: [    0.000000] Memory: 976608K/1048052K available (12300K kernel code, 1465K rwdata, 2992K rodata, 1512K init, 632K bss, 71444K reserved, 0K cma-reserved)
[STDOUT  ] 2018-07-07T09:57:01.367055129Z: [    0.000000] ftrace: allocating 41032 entries in 161 pages
[STDOUT  ] 2018-07-07T09:57:01.367063967Z: [    0.000000] Hierarchical RCU implementation.
[STDOUT  ] 2018-07-07T09:57:01.367073582Z: [    0.000000] 	RCU restricting CPUs from NR_CPUS=128 to nr_cpu_ids=1.
[STDOUT  ] 2018-07-07T09:57:01.367082521Z: [    0.000000] RCU: Adjusting geometry for rcu_fanout_leaf=16, nr_cpu_ids=1
[STDOUT  ] 2018-07-07T09:57:01.367091407Z: [    0.000000] NR_IRQS: 8448, nr_irqs: 256, preallocated irqs: 16
[STDOUT  ] 2018-07-07T09:57:01.367101292Z: [    0.000000] Console: colour VGA+ 80x25
[STDOUT  ] 2018-07-07T09:57:01.367114781Z: [    0.000000] console [ttyS0] enabled
[STDOUT  ] 2018-07-07T09:57:01.367123299Z: [    0.000000] clocksource: hpet: mask: 0xffffffff max_cycles: 0xffffffff, max_idle_ns: 19112604467 ns
[STDOUT  ] 2018-07-07T09:57:01.367135545Z: [    0.000000] tsc: Fast TSC calibration using PIT
[STDOUT  ] 2018-07-07T09:57:01.367144192Z: [    0.000000] tsc: Detected 2599.947 MHz processor
[STDOUT  ] 2018-07-07T09:57:01.367153051Z: [    0.001726] Calibrating delay loop (skipped), value calculated using timer frequency.. 5199.89 BogoMIPS (lpj=25999470)
[STDOUT  ] 2018-07-07T09:57:01.367162332Z: [    0.002193] pid_max: default: 32768 minimum: 301
[STDOUT  ] 2018-07-07T09:57:01.367171419Z: [    0.002959] ACPI: Core revision 20170728
[STDOUT  ] 2018-07-07T09:57:01.367180555Z: [    0.036614] ACPI: 1 ACPI AML tables successfully acquired and loaded
[STDOUT  ] 2018-07-07T09:57:01.367196396Z: [    0.038491] Security Framework initialized
[STDOUT  ] 2018-07-07T09:57:01.367205538Z: [    0.038799] Yama: becoming mindful.
[STDOUT  ] 2018-07-07T09:57:01.367214497Z: [    0.041671] Mount-cache hash table entries: 2048 (order: 2, 16384 bytes)
[STDOUT  ] 2018-07-07T09:57:01.367223069Z: [    0.041894] Mountpoint-cache hash table entries: 2048 (order: 2, 16384 bytes)
[STDOUT  ] 2018-07-07T09:57:01.367232000Z: [    0.058228] Last level iTLB entries: 4KB 0, 2MB 0, 4MB 0
[STDOUT  ] 2018-07-07T09:57:01.367241089Z: [    0.058421] Last level dTLB entries: 4KB 0, 2MB 0, 4MB 0, 1GB 0
[STDOUT  ] 2018-07-07T09:57:01.367250376Z: [    0.058685] Spectre V2 : Spectre mitigation: LFENCE not serializing, switching to generic retpoline
[STDOUT  ] 2018-07-07T09:57:01.367258992Z: [    0.058991] Spectre V2 : Vulnerable: Minimal generic ASM retpoline
[STDOUT  ] 2018-07-07T09:57:01.367267632Z: [    0.059315] Spectre V2 : Spectre v2 mitigation: Filling RSB on context switch
[STDOUT  ] 2018-07-07T09:57:01.367276098Z: [    0.059770] Speculative Store Bypass: Vulnerable
[STDOUT  ] 2018-07-07T09:57:01.367284746Z: [    0.342373] Freeing SMP alternatives memory: 20K
[STDOUT  ] 2018-07-07T09:57:01.367294541Z: [    0.362945] smpboot: Max logical packages: 1
[STDOUT  ] 2018-07-07T09:57:01.367303585Z: [    0.369855] ..TIMER: vector=0x30 apic1=0 pin1=2 apic2=-1 pin2=-1
[STDOUT  ] 2018-07-07T09:57:01.367312364Z: [    0.470000] smpboot: CPU0: AMD QEMU Virtual CPU version 2.5+ (family: 0x6, model: 0x6, stepping: 0x3)
[STDOUT  ] 2018-07-07T09:57:01.367321317Z: [    0.470000] Performance Events: PMU not available due to virtualization, using software events only.
[STDOUT  ] 2018-07-07T09:57:01.367329924Z: [    0.471204] Hierarchical SRCU implementation.
[STDOUT  ] 2018-07-07T09:57:01.367339547Z: [    0.476505] NMI watchdog: Perf event create on CPU 0 failed with -2
[STDOUT  ] 2018-07-07T09:57:01.367348081Z: [    0.476973] NMI watchdog: Perf NMI watchdog permanently disabled
[STDOUT  ] 2018-07-07T09:57:01.367356715Z: [    0.480390] smp: Bringing up secondary CPUs ...
[STDOUT  ] 2018-07-07T09:57:01.367365466Z: [    0.480792] smp: Brought up 1 node, 1 CPU
[STDOUT  ] 2018-07-07T09:57:01.367395862Z: [    0.481122] smpboot: Total of 1 processors activated (5199.89 BogoMIPS)
[STDOUT  ] 2018-07-07T09:57:01.367404667Z: [    0.498712] devtmpfs: initialized
[STDOUT  ] 2018-07-07T09:57:01.367413807Z: [    0.504300] x86/mm: Memory block size: 128MB
[STDOUT  ] 2018-07-07T09:57:01.367422350Z: [    0.510881] evm: security.ima
[STDOUT  ] 2018-07-07T09:57:01.367432122Z: [    0.511085] evm: security.capability
[STDOUT  ] 2018-07-07T09:57:01.367440983Z: [    0.513991] clocksource: jiffies: mask: 0xffffffff max_cycles: 0xffffffff, max_idle_ns: 19112604462750000 ns
[STDOUT  ] 2018-07-07T09:57:01.367449668Z: [    0.514730] futex hash table entries: 256 (order: 2, 16384 bytes)
[STDOUT  ] 2018-07-07T09:57:01.367458508Z: [    0.524655] NET: Registered protocol family 16
[STDOUT  ] 2018-07-07T09:57:01.367471099Z: [    0.530845] cpuidle: using governor ladder
[STDOUT  ] 2018-07-07T09:57:01.367480093Z: [    0.531290] cpuidle: using governor menu
[STDOUT  ] 2018-07-07T09:57:01.367493450Z: [    0.532682] ACPI: bus type PCI registered
[STDOUT  ] 2018-07-07T09:57:01.367502267Z: [    0.535163] PCI: MMCONFIG for domain 0000 [bus 00-ff] at [mem 0xb0000000-0xbfffffff] (base 0xb0000000)
[STDOUT  ] 2018-07-07T09:57:01.367511253Z: [    0.535853] PCI: MMCONFIG at [mem 0xb0000000-0xbfffffff] reserved in E820
[STDOUT  ] 2018-07-07T09:57:01.367520289Z: [    0.536742] PCI: Using configuration type 1 for base access
[STDOUT  ] 2018-07-07T09:57:01.367529172Z: [    0.575053] HugeTLB registered 2.00 MiB page size, pre-allocated 0 pages
[STDOUT  ] 2018-07-07T09:57:01.367537882Z: [    0.585736] ACPI: Added _OSI(Module Device)
[STDOUT  ] 2018-07-07T09:57:01.367547308Z: [    0.586036] ACPI: Added _OSI(Processor Device)
[STDOUT  ] 2018-07-07T09:57:01.367556244Z: [    0.586292] ACPI: Added _OSI(3.0 _SCP Extensions)
[STDOUT  ] 2018-07-07T09:57:01.367568464Z: [    0.586531] ACPI: Added _OSI(Processor Aggregator Device)
[STDOUT  ] 2018-07-07T09:57:01.367577496Z: [    0.634112] ACPI: Interpreter enabled
[STDOUT  ] 2018-07-07T09:57:01.367605157Z: [    0.634961] ACPI: (supports S0 S5)
[STDOUT  ] 2018-07-07T09:57:01.367614136Z: [    0.635264] ACPI: Using IOAPIC for interrupt routing
[STDOUT  ] 2018-07-07T09:57:01.367624002Z: [    0.637572] PCI: Using host bridge windows from ACPI; if necessary, use "pci=nocrs" and report a bug
[STDOUT  ] 2018-07-07T09:57:01.367632516Z: [    0.640990] ACPI: Enabled 1 GPEs in block 00 to 3F
[STDOUT  ] 2018-07-07T09:57:01.367643955Z: [    0.686335] ACPI: PCI Root Bridge [PCI0] (domain 0000 [bus 00-ff])
[STDOUT  ] 2018-07-07T09:57:01.367652593Z: [    0.687148] acpi PNP0A08:00: _OSC: OS supports [ExtendedConfig ASPM ClockPM Segments MSI]
[STDOUT  ] 2018-07-07T09:57:01.367661818Z: [    0.691553] acpi PNP0A08:00: _OSC: OS now controls [PCIeHotplug PME PCIeCapability]
[STDOUT  ] 2018-07-07T09:57:01.367670611Z: [    0.695021] PCI host bridge to bus 0000:00
[STDOUT  ] 2018-07-07T09:57:01.367679459Z: [    0.695565] pci_bus 0000:00: root bus resource [io  0x0000-0x0cf7 window]
[STDOUT  ] 2018-07-07T09:57:01.367688284Z: [    0.695961] pci_bus 0000:00: root bus resource [io  0x0d00-0xffff window]
[STDOUT  ] 2018-07-07T09:57:01.367696949Z: [    0.696314] pci_bus 0000:00: root bus resource [mem 0x000a0000-0x000bffff window]
[STDOUT  ] 2018-07-07T09:57:01.367705759Z: [    0.696669] pci_bus 0000:00: root bus resource [mem 0xc0000000-0xfebfffff window]
[STDOUT  ] 2018-07-07T09:57:01.367714867Z: [    0.697177] pci_bus 0000:00: root bus resource [bus 00-ff]
[STDOUT  ] 2018-07-07T09:57:01.367723711Z: [    0.866710] pci 0000:00:1f.0: quirk: [io  0x0600-0x067f] claimed by ICH6 ACPI/GPIO/TCO
[STDOUT  ] 2018-07-07T09:57:01.367733563Z: [    0.954870] ACPI: PCI Interrupt Link [LNKA] (IRQs 5 *10 11)
[STDOUT  ] 2018-07-07T09:57:01.367742404Z: [    0.956628] ACPI: PCI Interrupt Link [LNKB] (IRQs 5 *10 11)
[STDOUT  ] 2018-07-07T09:57:01.367751009Z: [    0.958169] ACPI: PCI Interrupt Link [LNKC] (IRQs 5 10 *11)
[STDOUT  ] 2018-07-07T09:57:01.367759594Z: [    0.959691] ACPI: PCI Interrupt Link [LNKD] (IRQs 5 10 *11)
[STDOUT  ] 2018-07-07T09:57:01.367768164Z: [    0.961651] ACPI: PCI Interrupt Link [LNKE] (IRQs 5 *10 11)
[STDOUT  ] 2018-07-07T09:57:01.367776698Z: [    0.962936] ACPI: PCI Interrupt Link [LNKF] (IRQs 5 *10 11)
[STDOUT  ] 2018-07-07T09:57:01.367785486Z: [    0.964194] ACPI: PCI Interrupt Link [LNKG] (IRQs 5 10 *11)
[STDOUT  ] 2018-07-07T09:57:01.367794255Z: [    0.965453] ACPI: PCI Interrupt Link [LNKH] (IRQs 5 10 *11)
[STDOUT  ] 2018-07-07T09:57:01.367802809Z: [    0.966163] ACPI: PCI Interrupt Link [GSIA] (IRQs *16)
[STDOUT  ] 2018-07-07T09:57:01.367811281Z: [    0.966696] ACPI: PCI Interrupt Link [GSIB] (IRQs *17)
[STDOUT  ] 2018-07-07T09:57:01.367819757Z: [    0.967226] ACPI: PCI Interrupt Link [GSIC] (IRQs *18)
[STDOUT  ] 2018-07-07T09:57:01.367828297Z: [    0.967744] ACPI: PCI Interrupt Link [GSID] (IRQs *19)
[STDOUT  ] 2018-07-07T09:57:01.367836828Z: [    0.968259] ACPI: PCI Interrupt Link [GSIE] (IRQs *20)
[STDOUT  ] 2018-07-07T09:57:01.367845320Z: [    0.968762] ACPI: PCI Interrupt Link [GSIF] (IRQs *21)
[STDOUT  ] 2018-07-07T09:57:01.367857974Z: [    0.969280] ACPI: PCI Interrupt Link [GSIG] (IRQs *22)
[STDOUT  ] 2018-07-07T09:57:01.367866943Z: [    0.970366] ACPI: PCI Interrupt Link [GSIH] (IRQs *23)
[STDOUT  ] 2018-07-07T09:57:01.367875500Z: [    0.976659] SCSI subsystem initialized
[STDOUT  ] 2018-07-07T09:57:01.367883978Z: [    0.978867] ACPI: bus type USB registered
[STDOUT  ] 2018-07-07T09:57:01.367892528Z: [    0.980157] usbcore: registered new interface driver usbfs
[STDOUT  ] 2018-07-07T09:57:01.367908044Z: [    0.980968] usbcore: registered new interface driver hub
[STDOUT  ] 2018-07-07T09:57:01.367919569Z: [    0.981686] usbcore: registered new device driver usb
[STDOUT  ] 2018-07-07T09:57:01.367928178Z: [    0.982533] pps_core: LinuxPPS API ver. 1 registered
[STDOUT  ] 2018-07-07T09:57:01.367941964Z: [    0.982776] pps_core: Software ver. 5.3.6 - Copyright 2005-2007 Rodolfo Giometti <giometti@linux.it>
[STDOUT  ] 2018-07-07T09:57:01.367952057Z: [    0.983362] PTP clock support registered
[STDOUT  ] 2018-07-07T09:57:01.367961086Z: [    0.985302] PCI: Using ACPI for IRQ routing
[STDOUT  ] 2018-07-07T09:57:01.367972254Z: [    0.998743] NetLabel: Initializing
[STDOUT  ] 2018-07-07T09:57:01.367980823Z: [    0.998918] NetLabel:  domain hash size = 128
[STDOUT  ] 2018-07-07T09:57:01.367989582Z: [    0.999289] NetLabel:  protocols = UNLABELED CIPSOv4 CALIPSO
[STDOUT  ] 2018-07-07T09:57:01.367998142Z: [    1.001520] NetLabel:  unlabeled traffic allowed by default
[STDOUT  ] 2018-07-07T09:57:01.368007295Z: [    1.003043] HPET: 3 timers in total, 0 timers will be used for per-cpu timer
[STDOUT  ] 2018-07-07T09:57:01.368016225Z: [    1.003786] hpet0: at MMIO 0xfed00000, IRQs 2, 8, 0
[STDOUT  ] 2018-07-07T09:57:01.368025404Z: [    1.004118] hpet0: 3 comparators, 64-bit 100.000000 MHz counter
[STDOUT  ] 2018-07-07T09:57:01.368034948Z: [    1.009123] clocksource: Switched to clocksource hpet
[STDOUT  ] 2018-07-07T09:57:01.368043746Z: [    1.189362] VFS: Disk quotas dquot_6.6.0
[STDOUT  ] 2018-07-07T09:57:01.368052484Z: [    1.190030] VFS: Dquot-cache hash table entries: 512 (order 0, 4096 bytes)
[STDOUT  ] 2018-07-07T09:57:01.368061663Z: [    1.193619] FS-Cache: Loaded
[STDOUT  ] 2018-07-07T09:57:01.368070862Z: [    1.198839] CacheFiles: Loaded
[STDOUT  ] 2018-07-07T09:57:01.368080091Z: [    1.200352] pnp: PnP ACPI init
[STDOUT  ] 2018-07-07T09:57:01.368090872Z: [    1.207839] pnp: PnP ACPI: found 5 devices
[STDOUT  ] 2018-07-07T09:57:01.368099726Z: [    1.239269] clocksource: acpi_pm: mask: 0xffffff max_cycles: 0xffffff, max_idle_ns: 2085701024 ns
[STDOUT  ] 2018-07-07T09:57:01.368108530Z: [    1.242420] NET: Registered protocol family 2
[STDOUT  ] 2018-07-07T09:57:01.368116878Z: [    1.250028] TCP established hash table entries: 8192 (order: 4, 65536 bytes)
[STDOUT  ] 2018-07-07T09:57:01.368127598Z: [    1.251062] TCP bind hash table entries: 8192 (order: 5, 131072 bytes)
[STDOUT  ] 2018-07-07T09:57:01.368136224Z: [    1.252114] TCP: Hash tables configured (established 8192 bind 8192)
[STDOUT  ] 2018-07-07T09:57:01.368144823Z: [    1.254104] UDP hash table entries: 512 (order: 2, 16384 bytes)
[STDOUT  ] 2018-07-07T09:57:01.368153441Z: [    1.254758] UDP-Lite hash table entries: 512 (order: 2, 16384 bytes)
[STDOUT  ] 2018-07-07T09:57:01.368162209Z: [    1.257007] NET: Registered protocol family 1
[STDOUT  ] 2018-07-07T09:57:01.368170901Z: [    1.257905] pci 0000:00:01.0: Video device with shadowed ROM at [mem 0x000c0000-0x000dffff]
[STDOUT  ] 2018-07-07T09:57:01.368179939Z: [    1.263409] Trying to unpack rootfs image as initramfs...
[STDOUT  ] 2018-07-07T09:57:01.368188623Z: [    4.400121] Freeing initrd memory: 28184K
[STDOUT  ] 2018-07-07T09:57:01.368203464Z: [    4.422258] PCLMULQDQ-NI instructions are not detected.
[STDOUT  ] 2018-07-07T09:57:01.368212611Z: [    4.423640] AVX or AES-NI instructions are not detected.
[STDOUT  ] 2018-07-07T09:57:01.368221154Z: [    4.424141] CPU feature 'AVX registers' is not supported.
[STDOUT  ] 2018-07-07T09:57:01.368229884Z: [    4.424533] CPU feature 'AVX registers' is not supported.
[STDOUT  ] 2018-07-07T09:57:01.368242789Z: [    4.424757] CPU feature 'AVX registers' is not supported.
[STDOUT  ] 2018-07-07T09:57:01.368251917Z: [    4.425152] CPU feature 'AVX registers' is not supported.
[STDOUT  ] 2018-07-07T09:57:01.368260872Z: [    4.425508] AVX2 or AES-NI instructions are not detected.
[STDOUT  ] 2018-07-07T09:57:01.368269405Z: [    4.425823] AVX2 instructions are not detected.
[STDOUT  ] 2018-07-07T09:57:01.368277786Z: [    4.431147] audit: initializing netlink subsys (disabled)
[STDOUT  ] 2018-07-07T09:57:01.368288666Z: [    4.438103] audit: type=2000 audit(1530957400.430:1): state=initialized audit_enabled=0 res=1
[STDOUT  ] 2018-07-07T09:57:01.368297270Z: [    4.439822] workingset: timestamp_bits=46 max_order=18 bucket_order=0
[STDOUT  ] 2018-07-07T09:57:01.368309318Z: [    4.445260] squashfs: version 4.0 (2009/01/31) Phillip Lougher
[STDOUT  ] 2018-07-07T09:57:01.368318106Z: [    4.448212] FS-Cache: Netfs 'cifs' registered for caching
[STDOUT  ] 2018-07-07T09:57:01.368326633Z: [    4.449220] fuse init (API version 7.26)
[STDOUT  ] 2018-07-07T09:57:01.368335606Z: [    4.451939] SGI XFS with ACLs, security attributes, no debug enabled
[STDOUT  ] 2018-07-07T09:57:01.368344361Z: [    4.455156] 9p: Installing v9fs 9p2000 file system support
[STDOUT  ] 2018-07-07T09:57:01.368352952Z: [    4.455707] FS-Cache: Netfs '9p' registered for caching
[STDOUT  ] 2018-07-07T09:57:01.368361530Z: [    4.483762] NET: Registered protocol family 38
[STDOUT  ] 2018-07-07T09:57:01.368370075Z: [    4.484347] Key type asymmetric registered
[STDOUT  ] 2018-07-07T09:57:01.368378876Z: [    4.484722] Asymmetric key parser 'x509' registered
[STDOUT  ] 2018-07-07T09:57:01.368387516Z: [    4.485587] Block layer SCSI generic (bsg) driver version 0.4 loaded (major 247)
[STDOUT  ] 2018-07-07T09:57:01.368396135Z: [    4.487220] io scheduler noop registered
[STDOUT  ] 2018-07-07T09:57:01.368404671Z: [    4.487628] io scheduler deadline registered (default)
[STDOUT  ] 2018-07-07T09:57:01.368413654Z: [    4.488455] io scheduler cfq registered
[STDOUT  ] 2018-07-07T09:57:01.368422360Z: [    4.488739] io scheduler mq-deadline registered
[STDOUT  ] 2018-07-07T09:57:01.368432974Z: [    4.488994] io scheduler kyber registered
[STDOUT  ] 2018-07-07T09:57:01.368441533Z: [    4.492761] shpchp: Standard Hot Plug PCI Controller Driver version: 0.4
[STDOUT  ] 2018-07-07T09:57:01.368450022Z: [    4.493547] hv_vmbus: registering driver hyperv_fb
[STDOUT  ] 2018-07-07T09:57:01.368458623Z: [    4.496249] input: Power Button as /devices/LNXSYSTM:00/LNXPWRBN:00/input/input0
[STDOUT  ] 2018-07-07T09:57:01.368467257Z: [    4.499552] ACPI: Power Button [PWRF]
[STDOUT  ] 2018-07-07T09:57:01.368475779Z: [    4.513914] ACPI: PCI Interrupt Link [GSIG] enabled at IRQ 22
[STDOUT  ] 2018-07-07T09:57:01.368484356Z: [    4.524590] ACPI: PCI Interrupt Link [GSIH] enabled at IRQ 23
[STDOUT  ] 2018-07-07T09:57:01.368492965Z: [    4.534368] Serial: 8250/16550 driver, 4 ports, IRQ sharing disabled
[STDOUT  ] 2018-07-07T09:57:01.368501570Z: [    4.558359] 00:04: ttyS0 at I/O 0x3f8 (irq = 4, base_baud = 115200) is a 16550A
[STDOUT  ] 2018-07-07T09:57:01.368510405Z: [    4.567800] Non-volatile memory driver v1.3
[STDOUT  ] 2018-07-07T09:57:01.368519325Z: [    4.573981] Hangcheck: starting hangcheck timer 0.9.1 (tick is 180 seconds, margin is 60 seconds).
[STDOUT  ] 2018-07-07T09:57:01.368528174Z: [    4.580992] random: fast init done
[STDOUT  ] 2018-07-07T09:57:01.368536683Z: [    4.582211] random: crng init done
[STDOUT  ] 2018-07-07T09:57:01.368545407Z: [    4.627018] brd: module loaded
[STDOUT  ] 2018-07-07T09:57:01.368556403Z: [    4.650956] loop: module loaded
[STDOUT  ] 2018-07-07T09:57:01.368565181Z: [    4.690917] lpc_ich 0000:00:1f.0: I/O space for GPIO uninitialized
[STDOUT  ] 2018-07-07T09:57:01.368573847Z: [    4.693181] VMware PVSCSI driver - version 1.0.7.0-k
[STDOUT  ] 2018-07-07T09:57:01.368582331Z: [    4.693866] hv_vmbus: registering driver hv_storvsc
[STDOUT  ] 2018-07-07T09:57:01.368590804Z: [    4.700226] ACPI: PCI Interrupt Link [GSIA] enabled at IRQ 16
[STDOUT  ] 2018-07-07T09:57:01.368603678Z: [    4.707197] ahci 0000:00:1f.2: AHCI 0001.0000 32 slots 6 ports 1.5 Gbps 0x3f impl SATA mode
[STDOUT  ] 2018-07-07T09:57:01.368612316Z: [    4.707883] ahci 0000:00:1f.2: flags: 64bit ncq only 
[STDOUT  ] 2018-07-07T09:57:01.368620888Z: [    4.720285] scsi host0: ahci
[STDOUT  ] 2018-07-07T09:57:01.368629449Z: [    4.724155] scsi host1: ahci
[STDOUT  ] 2018-07-07T09:57:01.368638847Z: [    4.726095] scsi host2: ahci
[STDOUT  ] 2018-07-07T09:57:01.368647571Z: [    4.727438] scsi host3: ahci
[STDOUT  ] 2018-07-07T09:57:01.368656298Z: [    4.728950] scsi host4: ahci
[STDOUT  ] 2018-07-07T09:57:01.368664953Z: [    4.730684] scsi host5: ahci
[STDOUT  ] 2018-07-07T09:57:01.368677477Z: [    4.731825] ata1: SATA max UDMA/133 abar m4096@0xfebd2000 port 0xfebd2100 irq 24
[STDOUT  ] 2018-07-07T09:57:01.368689824Z: [    4.732294] ata2: SATA max UDMA/133 abar m4096@0xfebd2000 port 0xfebd2180 irq 24
[STDOUT  ] 2018-07-07T09:57:01.368698598Z: [    4.732647] ata3: SATA max UDMA/133 abar m4096@0xfebd2000 port 0xfebd2200 irq 24
[STDOUT  ] 2018-07-07T09:57:01.368707187Z: [    4.732986] ata4: SATA max UDMA/133 abar m4096@0xfebd2000 port 0xfebd2280 irq 24
[STDOUT  ] 2018-07-07T09:57:01.368715682Z: [    4.733334] ata5: SATA max UDMA/133 abar m4096@0xfebd2000 port 0xfebd2300 irq 24
[STDOUT  ] 2018-07-07T09:57:01.368725824Z: [    4.733744] ata6: SATA max UDMA/133 abar m4096@0xfebd2000 port 0xfebd2380 irq 24
[STDOUT  ] 2018-07-07T09:57:01.368734459Z: [    4.743441] tun: Universal TUN/TAP device driver, 1.6
[STDOUT  ] 2018-07-07T09:57:01.368743048Z: [    4.754141] VMware vmxnet3 virtual NIC driver - version 1.4.a.0-k-NAPI
[STDOUT  ] 2018-07-07T09:57:01.368751675Z: [    4.754904] hv_vmbus: registering driver hv_netvsc
[STDOUT  ] 2018-07-07T09:57:01.368760251Z: [    4.755213] Fusion MPT base driver 3.04.20
[STDOUT  ] 2018-07-07T09:57:01.368768854Z: [    4.755405] Copyright (c) 1999-2008 LSI Corporation
[STDOUT  ] 2018-07-07T09:57:01.368777506Z: [    4.755855] Fusion MPT SPI Host driver 3.04.20
[STDOUT  ] 2018-07-07T09:57:01.368786063Z: [    4.757676] i8042: PNP: PS/2 Controller [PNP0303:KBD,PNP0f13:MOU] at 0x60,0x64 irq 1,12
[STDOUT  ] 2018-07-07T09:57:01.368795855Z: [    4.762058] serio: i8042 KBD port at 0x60,0x64 irq 1
[STDOUT  ] 2018-07-07T09:57:01.368804606Z: [    4.762633] serio: i8042 AUX port at 0x60,0x64 irq 12
[STDOUT  ] 2018-07-07T09:57:01.368887111Z: [    4.764545] hv_vmbus: registering driver hyperv_keyboard
[STDOUT  ] 2018-07-07T09:57:01.368902631Z: [    4.766259] mousedev: PS/2 mouse device common for all mice
[STDOUT  ] 2018-07-07T09:57:01.368911703Z: [    4.770403] input: AT Translated Set 2 keyboard as /devices/platform/i8042/serio0/input/input1
[STDOUT  ] 2018-07-07T09:57:01.368920704Z: [    4.772455] input: PC Speaker as /devices/platform/pcspkr/input/input2
[STDOUT  ] 2018-07-07T09:57:01.368929363Z: [    4.775618] rtc_cmos 00:00: RTC can wake from S4
[STDOUT  ] 2018-07-07T09:57:01.368938329Z: [    4.778555] rtc_cmos 00:00: rtc core: registered rtc_cmos as rtc0
[STDOUT  ] 2018-07-07T09:57:01.368945601Z: [    4.779819] rtc_cmos 00:00: alarms up to one day, y3k, 114 bytes nvram, hpet irqs
[STDOUT  ] 2018-07-07T09:57:01.368951425Z: [    4.780787] i2c /dev entries driver
[STDOUT  ] 2018-07-07T09:57:01.368957397Z: [    4.782606] device-mapper: ioctl: 4.37.0-ioctl (2017-09-20) initialised: dm-devel@redhat.com
[STDOUT  ] 2018-07-07T09:57:01.368964000Z: [    4.786156] usbcore: registered new interface driver usbhid
[STDOUT  ] 2018-07-07T09:57:01.368969745Z: [    4.786476] usbhid: USB HID core driver
[STDOUT  ] 2018-07-07T09:57:01.368975652Z: [    4.787175] hv_utils: Registering HyperV Utility Driver
[STDOUT  ] 2018-07-07T09:57:01.368981515Z: [    4.787440] hv_vmbus: registering driver hv_util
[STDOUT  ] 2018-07-07T09:57:01.368987424Z: [    4.787692] hv_vmbus: registering driver hv_balloon
[STDOUT  ] 2018-07-07T09:57:01.368993286Z: [    4.788178] oprofile: using NMI interrupt.
[STDOUT  ] 2018-07-07T09:57:01.368999197Z: [    4.789261] GACT probability on
[STDOUT  ] 2018-07-07T09:57:01.369010000Z: [    4.789673] Mirror/redirect action on
[STDOUT  ] 2018-07-07T09:57:01.369015984Z: [    4.790551] Simple TC action Loaded
[STDOUT  ] 2018-07-07T09:57:01.369021748Z: [    4.791103] u32 classifier
[STDOUT  ] 2018-07-07T09:57:01.369028230Z: [    4.791255]     Performance counters on
[STDOUT  ] 2018-07-07T09:57:01.369034357Z: [    4.791423]     input device check on
[STDOUT  ] 2018-07-07T09:57:01.369039978Z: [    4.791515]     Actions configured
[STDOUT  ] 2018-07-07T09:57:01.369045882Z: [    4.792233] Netfilter messages via NETLINK v0.30.
[STDOUT  ] 2018-07-07T09:57:01.369051678Z: [    4.792737] nfnl_acct: registering with nfnetlink.
[STDOUT  ] 2018-07-07T09:57:01.369057311Z: [    4.794099] nf_conntrack version 0.5.0 (8192 buckets, 32768 max)
[STDOUT  ] 2018-07-07T09:57:01.369063143Z: [    4.796410] ctnetlink v0.93: registering with nfnetlink.
[STDOUT  ] 2018-07-07T09:57:01.369072039Z: [    4.799698] nf_tables: (c) 2007-2009 Patrick McHardy <kaber@trash.net>
[STDOUT  ] 2018-07-07T09:57:01.369077911Z: [    4.800936] nf_tables_compat: (c) 2012 Pablo Neira Ayuso <pablo@netfilter.org>
[STDOUT  ] 2018-07-07T09:57:01.369083877Z: [    4.803090] xt_time: kernel timezone is -0000
[STDOUT  ] 2018-07-07T09:57:01.369089813Z: [    4.803556] ip_set: protocol 6
[STDOUT  ] 2018-07-07T09:57:01.369098276Z: [    4.804248] IPVS: Registered protocols (TCP, UDP, SCTP, AH, ESP)
[STDOUT  ] 2018-07-07T09:57:01.369104176Z: [    4.804868] IPVS: Connection hash table configured (size=4096, memory=64Kbytes)
[STDOUT  ] 2018-07-07T09:57:01.369110283Z: [    4.808586] IPVS: ipvs loaded.
[STDOUT  ] 2018-07-07T09:57:01.369116106Z: [    4.808940] IPVS: [rr] scheduler registered.
[STDOUT  ] 2018-07-07T09:57:01.369121861Z: [    4.809209] IPVS: [wrr] scheduler registered.
[STDOUT  ] 2018-07-07T09:57:01.369127564Z: [    4.809532] IPVS: [lc] scheduler registered.
[STDOUT  ] 2018-07-07T09:57:01.369133227Z: [    4.809769] IPVS: [wlc] scheduler registered.
[STDOUT  ] 2018-07-07T09:57:01.369138902Z: [    4.809983] IPVS: [fo] scheduler registered.
[STDOUT  ] 2018-07-07T09:57:01.369146379Z: [    4.810722] IPVS: [ovf] scheduler registered.
[STDOUT  ] 2018-07-07T09:57:01.369152091Z: [    4.811248] IPVS: [lblc] scheduler registered.
[STDOUT  ] 2018-07-07T09:57:01.369157715Z: [    4.811602] IPVS: [lblcr] scheduler registered.
[STDOUT  ] 2018-07-07T09:57:01.369163532Z: [    4.811825] IPVS: [dh] scheduler registered.
[STDOUT  ] 2018-07-07T09:57:01.369169207Z: [    4.812062] IPVS: [sh] scheduler registered.
[STDOUT  ] 2018-07-07T09:57:01.369174870Z: [    4.812298] IPVS: [sed] scheduler registered.
[STDOUT  ] 2018-07-07T09:57:01.369180516Z: [    4.812493] IPVS: [nq] scheduler registered.
[STDOUT  ] 2018-07-07T09:57:01.369186255Z: [    4.813194] IPVS: ftp: loaded support on port[0] = 21
[STDOUT  ] 2018-07-07T09:57:01.369191969Z: [    4.813911] ipip: IPv4 and MPLS over IPv4 tunneling driver
[STDOUT  ] 2018-07-07T09:57:01.369197750Z: [    4.817074] gre: GRE over IPv4 demultiplexor driver
[STDOUT  ] 2018-07-07T09:57:01.369203510Z: [    4.819569] ip_tables: (C) 2000-2006 Netfilter Core Team
[STDOUT  ] 2018-07-07T09:57:01.369211540Z: [    4.823349] ipt_CLUSTERIP: ClusterIP Version 0.8 loaded successfully
[STDOUT  ] 2018-07-07T09:57:01.369217425Z: [    4.823912] arp_tables: arp_tables: (C) 2002 David S. Miller
[STDOUT  ] 2018-07-07T09:57:01.369223259Z: [    4.825969] NET: Registered protocol family 10
[STDOUT  ] 2018-07-07T09:57:01.369228920Z: [    4.834649] Segment Routing with IPv6
[STDOUT  ] 2018-07-07T09:57:01.369234680Z: [    4.835497] ip6_tables: (C) 2000-2006 Netfilter Core Team
[STDOUT  ] 2018-07-07T09:57:01.369240509Z: [    4.842969] NET: Registered protocol family 17
[STDOUT  ] 2018-07-07T09:57:01.369246300Z: [    4.843906] Bridge firewalling registered
[STDOUT  ] 2018-07-07T09:57:01.369252028Z: [    4.844437] Ebtables v2.0 registered
[STDOUT  ] 2018-07-07T09:57:01.369257777Z: [    4.846251] 8021q: 802.1Q VLAN Support v1.8
[STDOUT  ] 2018-07-07T09:57:01.369264053Z: [    4.847631] 9pnet: Installing 9P2000 support
[STDOUT  ] 2018-07-07T09:57:01.369269835Z: [    4.849031] Key type dns_resolver registered
[STDOUT  ] 2018-07-07T09:57:01.369280420Z: [    4.850612] sched_clock: Marking stable (4850170050, 0)->(4984831808, -134661758)
[STDOUT  ] 2018-07-07T09:57:01.369289545Z: [    4.853444] registered taskstats version 1
[STDOUT  ] 2018-07-07T09:57:01.369298449Z: [    5.053075] Key type big_key registered
[STDOUT  ] 2018-07-07T09:57:01.369307395Z: [    5.065674] ata1: SATA link down (SStatus 0 SControl 300)
[STDOUT  ] 2018-07-07T09:57:01.369315938Z: [    5.070582] ata4: SATA link down (SStatus 0 SControl 300)
[STDOUT  ] 2018-07-07T09:57:01.369326663Z: [    5.071410] ata3: SATA link up 1.5 Gbps (SStatus 113 SControl 300)
[STDOUT  ] 2018-07-07T09:57:01.369334190Z: [    5.073745] ata2: SATA link down (SStatus 0 SControl 300)
[STDOUT  ] 2018-07-07T09:57:01.369343343Z: [    5.075847] ata3.00: ATAPI: QEMU DVD-ROM, 2.5+, max UDMA/100
[STDOUT  ] 2018-07-07T09:57:01.369349508Z: [    5.076269] ata3.00: applying bridge limits
[STDOUT  ] 2018-07-07T09:57:01.369355183Z: [    5.078508] ata3.00: configured for UDMA/100
[STDOUT  ] 2018-07-07T09:57:01.369360922Z: [    5.085278] ata6: SATA link down (SStatus 0 SControl 300)
[STDOUT  ] 2018-07-07T09:57:01.369366674Z: [    5.085861] ata5: SATA link down (SStatus 0 SControl 300)
[STDOUT  ] 2018-07-07T09:57:01.369378465Z: [    5.101661] scsi 2:0:0:0: CD-ROM            QEMU     QEMU DVD-ROM     2.5+ PQ: 0 ANSI: 5
[STDOUT  ] 2018-07-07T09:57:01.369388223Z: [    5.143342] sr 2:0:0:0: [sr0] scsi3-mmc drive: 4x/4x cd/rw xa/form2 tray
[STDOUT  ] 2018-07-07T09:57:01.369397045Z: [    5.143879] cdrom: Uniform CD-ROM driver Revision: 3.20
[STDOUT  ] 2018-07-07T09:57:01.369406103Z: [    5.154064] sr 2:0:0:0: Attached scsi generic sg0 type 5
[STDOUT  ] 2018-07-07T09:57:01.369415201Z: [    5.164864] Key type trusted registered
[STDOUT  ] 2018-07-07T09:57:01.369424339Z: [    5.227816] Key type encrypted registered
[STDOUT  ] 2018-07-07T09:57:01.369435197Z: [    5.228500] ima: No TPM chip found, activating TPM-bypass! (rc=-19)
[STDOUT  ] 2018-07-07T09:57:01.369443275Z: [    5.228992] ima: Allocated hash algorithm: sha256
[STDOUT  ] 2018-07-07T09:57:01.369449090Z: [    5.233026] evm: HMAC attrs: 0x1
[STDOUT  ] 2018-07-07T09:57:01.369454889Z: [    5.238593] rtc_cmos 00:00: setting system clock to 2018-07-07 09:56:41 UTC (1530957401)
[STDOUT  ] 2018-07-07T09:57:01.369463718Z: [    5.385527] Freeing unused kernel memory: 1512K
[STDOUT  ] 2018-07-07T09:57:01.369473759Z: [    5.400814] Write protecting the kernel read-only data: 18432k
[STDOUT  ] 2018-07-07T09:57:01.369482088Z: [    5.413833] Freeing unused kernel memory: 2024K
[STDOUT  ] 2018-07-07T09:57:01.369490689Z: [    5.467666] Freeing unused kernel memory: 1104K
[STDOUT  ] 2018-07-07T09:57:01.369499060Z: [    5.468269] tsc: Refined TSC clocksource calibration: 2599.805 MHz
[STDOUT  ] 2018-07-07T09:57:01.369507918Z: [    5.468813] clocksource: tsc: mask: 0xffffffffffffffff max_cycles: 0x25798411226, max_idle_ns: 440795269885 ns
[STDOUT  ] 2018-07-07T09:57:01.369515323Z: [    6.474896] clocksource: Switched to clocksource tsc
[STDOUT  ] 2018-07-07T09:57:01.369521399Z: 
[STDOUT  ] 2018-07-07T09:57:01.369527460Z: Welcome to LinuxKit
[STDOUT  ] 2018-07-07T09:57:01.369533734Z: 
[STDOUT  ] 2018-07-07T09:57:01.369539895Z:                         ##         .
[STDOUT  ] 2018-07-07T09:57:01.369545830Z:                   ## ## ##        ==
[STDOUT  ] 2018-07-07T09:57:01.369551460Z:                ## ## ## ## ##    ===
[STDOUT  ] 2018-07-07T09:57:01.369557299Z:            /"""""""""""""""""\___/ ===
[STDOUT  ] 2018-07-07T09:57:01.369563043Z:           {                       /  ===-
[STDOUT  ] 2018-07-07T09:57:01.369568942Z:            \______ O           __/
[STDOUT  ] 2018-07-07T09:57:01.369574677Z:              \    \         __/
[STDOUT  ] 2018-07-07T09:57:01.369580563Z:               \____\_______/
[STDOUT  ] 2018-07-07T09:57:01.369586252Z: 
[STDOUT  ] 2018-07-07T09:57:01.369592083Z: sysctl test suite PASSED
[STDOUT  ] 2018-07-07T09:57:01.369597824Z: [   24.003454] ACPI: Preparing to enter system sleep state S5
[STDOUT  ] 2018-07-07T09:57:01.369608263Z: [   24.005097] reboot: Power down
[STDERR  ] 2018-07-07T09:57:01.366526830Z: [    0.000000] DMI: QEMU Standard PC (Q35 + ICH9, 2009), BIOS rel-1.10.2-0-g5f4c7b1-prebuilt.qemu-project.org 04/01/2014
[STDERR  ] 2018-07-07T09:57:01.369643064Z: [    0.000000] tsc: Fast TSC calibration using PIT
[STDERR  ] 2018-07-07T09:57:01.369657411Z: [    0.000000] e820: last_pfn = 0x3ffdf max_arch_pfn = 0x400000000
[STDERR  ] 2018-07-07T09:57:01.369670659Z: [    0.000000] x86/PAT: Configuration [0-7]: WB  WC  UC- UC  WB  WP  UC- WT  
[STDERR  ] 2018-07-07T09:57:01.369682592Z: [    0.000000] found SMP MP-table at [mem 0x000f6aa0-0x000f6aaf] mapped at [ffffffffff200aa0]
[STDERR  ] 2018-07-07T09:57:01.369700572Z: [    0.000000] RAMDISK: [mem 0x3e44a000-0x3ffcffff]
[STDERR  ] 2018-07-07T09:57:01.369761786Z: [    0.000000] ACPI: Early table checksum verification disabled
[STDERR  ] 2018-07-07T09:57:01.369775950Z: [    0.000000] ACPI: RSDP 0x00000000000F68B0 000014 (v00 BOCHS )
[STDERR  ] 2018-07-07T09:57:01.369792516Z: [    0.000000] ACPI: RSDT 0x000000003FFE20A8 000034 (v01 BOCHS  BXPCRSDT 00000001 BXPC 00000001)
[STDERR  ] 2018-07-07T09:57:01.369806836Z: [    0.000000] ACPI: FACP 0x000000003FFE1EC8 0000F4 (v03 BOCHS  BXPCFACP 00000001 BXPC 00000001)
[STDERR  ] 2018-07-07T09:57:01.369820204Z: [    0.000000] ACPI: DSDT 0x000000003FFE0040 001E88 (v01 BOCHS  BXPCDSDT 00000001 BXPC 00000001)
[STDERR  ] 2018-07-07T09:57:01.369835445Z: [    0.000000] ACPI: FACS 0x000000003FFE0000 000040
[STDERR  ] 2018-07-07T09:57:01.369848726Z: [    0.000000] ACPI: APIC 0x000000003FFE1FBC 000078 (v01 BOCHS  BXPCAPIC 00000001 BXPC 00000001)
[STDERR  ] 2018-07-07T09:57:01.369861270Z: [    0.000000] ACPI: HPET 0x000000003FFE2034 000038 (v01 BOCHS  BXPCHPET 00000001 BXPC 00000001)
[STDERR  ] 2018-07-07T09:57:01.369874595Z: [    0.000000] ACPI: MCFG 0x000000003FFE206C 00003C (v01 BOCHS  BXPCMCFG 00000001 BXPC 00000001)
[STDERR  ] 2018-07-07T09:57:01.369890495Z: [    0.000000] Zone ranges:
[STDERR  ] 2018-07-07T09:57:01.369914026Z: [    0.000000]   DMA      [mem 0x0000000000001000-0x0000000000ffffff]
[STDERR  ] 2018-07-07T09:57:01.369927392Z: [    0.000000]   DMA32    [mem 0x0000000001000000-0x000000003ffdefff]
[STDERR  ] 2018-07-07T09:57:01.369943253Z: [    0.000000]   Normal   empty
[STDERR  ] 2018-07-07T09:57:01.369956841Z: [    0.000000]   Device   empty
[STDERR  ] 2018-07-07T09:57:01.369970209Z: [    0.000000] Movable zone start for each node
[STDERR  ] 2018-07-07T09:57:01.369985873Z: [    0.000000] Early memory node ranges
[STDERR  ] 2018-07-07T09:57:01.369998585Z: [    0.000000]   node   0: [mem 0x0000000000001000-0x000000000009efff]
[STDERR  ] 2018-07-07T09:57:01.370011696Z: [    0.000000]   node   0: [mem 0x0000000000100000-0x000000003ffdefff]
[STDERR  ] 2018-07-07T09:57:01.370029005Z: [    0.000000] Initmem setup node 0 [mem 0x0000000000001000-0x000000003ffdefff]
[STDERR  ] 2018-07-07T09:57:01.370042381Z: [    0.000000] ACPI: PM-Timer IO Port: 0x608
[STDERR  ] 2018-07-07T09:57:01.370058322Z: [    0.000000] ACPI: LAPIC_NMI (acpi_id[0xff] dfl dfl lint[0x1])
[STDERR  ] 2018-07-07T09:57:01.370077119Z: [    0.000000] IOAPIC[0]: apic_id 0, version 32, address 0xfec00000, GSI 0-23
[STDERR  ] 2018-07-07T09:57:01.370090327Z: [    0.000000] ACPI: INT_SRC_OVR (bus 0 bus_irq 0 global_irq 2 dfl dfl)
[STDERR  ] 2018-07-07T09:57:01.370105271Z: [    0.000000] ACPI: INT_SRC_OVR (bus 0 bus_irq 5 global_irq 5 high level)
[STDERR  ] 2018-07-07T09:57:01.370120120Z: [    0.000000] ACPI: INT_SRC_OVR (bus 0 bus_irq 9 global_irq 9 high level)
[STDERR  ] 2018-07-07T09:57:01.370132767Z: [    0.000000] ACPI: INT_SRC_OVR (bus 0 bus_irq 10 global_irq 10 high level)
[STDERR  ] 2018-07-07T09:57:01.370145421Z: [    0.000000] ACPI: INT_SRC_OVR (bus 0 bus_irq 11 global_irq 11 high level)
[STDERR  ] 2018-07-07T09:57:01.370159797Z: [    0.000000] Using ACPI (MADT) for SMP configuration information
[STDERR  ] 2018-07-07T09:57:01.370172111Z: [    0.000000] ACPI: HPET id: 0x8086a201 base: 0xfed00000
[STDERR  ] 2018-07-07T09:57:01.370187495Z: [    0.000000] smpboot: Allowing 1 CPUs, 0 hotplug CPUs
[STDERR  ] 2018-07-07T09:57:01.370202386Z: [    0.000000] e820: [mem 0x40000000-0xafffffff] available for PCI devices
[STDERR  ] 2018-07-07T09:57:01.370244961Z: [    0.000000] Booting paravirtualized kernel on bare hardware
[STDERR  ] 2018-07-07T09:57:01.370260907Z: [    0.000000] clocksource: refined-jiffies: mask: 0xffffffff max_cycles: 0xffffffff, max_idle_ns: 19112604462750000 ns
[STDERR  ] 2018-07-07T09:57:01.370273983Z: [    0.000000] random: get_random_bytes called from start_kernel+0x92/0x4c8 with crng_init=0
[STDERR  ] 2018-07-07T09:57:01.370286455Z: [    0.000000] setup_percpu: NR_CPUS:128 nr_cpumask_bits:128 nr_cpu_ids:1 nr_node_ids:1
[STDERR  ] 2018-07-07T09:57:01.370298983Z: [    0.000000] percpu: Embedded 44 pages/cpu @ffff9dda7e200000 s143256 r8192 d28776 u2097152
[STDERR  ] 2018-07-07T09:57:01.370317063Z: [    0.000000] Built 1 zonelists, mobility grouping on.  Total pages: 257896
[STDERR  ] 2018-07-07T09:57:01.370329939Z: [    0.000000] Kernel command line: console=ttyS0 console=ttyAMA0
[STDERR  ] 2018-07-07T09:57:01.370354884Z: [    0.000000] PID hash table entries: 4096 (order: 3, 32768 bytes)
[STDERR  ] 2018-07-07T09:57:01.370372289Z: [    0.000000] Dentry cache hash table entries: 131072 (order: 8, 1048576 bytes)
[STDERR  ] 2018-07-07T09:57:01.370387401Z: [    0.000000] Inode-cache hash table entries: 65536 (order: 7, 524288 bytes)
[STDERR  ] 2018-07-07T09:57:01.370402541Z: [    0.000000] Memory: 976608K/1048052K available (12300K kernel code, 1465K rwdata, 2992K rodata, 1512K init, 632K bss, 71444K reserved, 0K cma-reserved)
[STDERR  ] 2018-07-07T09:57:01.370417723Z: [    0.000000] ftrace: allocating 41032 entries in 161 pages
[STDERR  ] 2018-07-07T09:57:01.370429943Z: [    0.000000] Hierarchical RCU implementation.
[STDERR  ] 2018-07-07T09:57:01.370441677Z: [    0.000000] 	RCU restricting CPUs from NR_CPUS=128 to nr_cpu_ids=1.
[STDERR  ] 2018-07-07T09:57:01.370454541Z: [    0.000000] RCU: Adjusting geometry for rcu_fanout_leaf=16, nr_cpu_ids=1
[STDERR  ] 2018-07-07T09:57:01.370513173Z: [    0.000000] NR_IRQS: 8448, nr_irqs: 256, preallocated irqs: 16
[STDERR  ] 2018-07-07T09:57:01.370527543Z: [    0.000000] Console: colour VGA+ 80x25
[STDERR  ] 2018-07-07T09:57:01.370539888Z: [    0.000000] console [ttyS0] enabled
[STDERR  ] 2018-07-07T09:57:01.370552893Z: [    0.000000] clocksource: hpet: mask: 0xffffffff max_cycles: 0xffffffff, max_idle_ns: 19112604467 ns
[STDERR  ] 2018-07-07T09:57:01.370566978Z: [    0.000000] tsc: Fast TSC calibration using PIT
[STDERR  ] 2018-07-07T09:57:01.370588193Z: [    0.000000] tsc: Detected 2599.947 MHz processor
[STDERR  ] 2018-07-07T09:57:01.370606555Z: [    0.001726] Calibrating delay loop (skipped), value calculated using timer frequency.. 5199.89 BogoMIPS (lpj=25999470)
[STDERR  ] 2018-07-07T09:57:01.370620227Z: [    0.002193] pid_max: default: 32768 minimum: 301
[STDERR  ] 2018-07-07T09:57:01.370635676Z: [    0.002959] ACPI: Core revision 20170728
[STDERR  ] 2018-07-07T09:57:01.370656573Z: [    0.036614] ACPI: 1 ACPI AML tables successfully acquired and loaded
[STDERR  ] 2018-07-07T09:57:01.370671501Z: [    0.038491] Security Framework initialized
[STDERR  ] 2018-07-07T09:57:01.370687325Z: [    0.038799] Yama: becoming mindful.
[STDERR  ] 2018-07-07T09:57:01.370702883Z: [    0.041671] Mount-cache hash table entries: 2048 (order: 2, 16384 bytes)
[STDERR  ] 2018-07-07T09:57:01.370729410Z: [    0.041894] Mountpoint-cache hash table entries: 2048 (order: 2, 16384 bytes)
[STDERR  ] 2018-07-07T09:57:01.370742477Z: [    0.058228] Last level iTLB entries: 4KB 0, 2MB 0, 4MB 0
[STDERR  ] 2018-07-07T09:57:01.370756055Z: [    0.058421] Last level dTLB entries: 4KB 0, 2MB 0, 4MB 0, 1GB 0
[STDERR  ] 2018-07-07T09:57:01.370770700Z: [    0.058685] Spectre V2 : Spectre mitigation: LFENCE not serializing, switching to generic retpoline
[STDERR  ] 2018-07-07T09:57:01.370797932Z: [    0.058991] Spectre V2 : Vulnerable: Minimal generic ASM retpoline
[STDERR  ] 2018-07-07T09:57:01.370810935Z: [    0.059315] Spectre V2 : Spectre v2 mitigation: Filling RSB on context switch
[STDERR  ] 2018-07-07T09:57:01.370823696Z: [    0.059770] Speculative Store Bypass: Vulnerable
[STDERR  ] 2018-07-07T09:57:01.370839794Z: [    0.342373] Freeing SMP alternatives memory: 20K
[STDERR  ] 2018-07-07T09:57:01.370862256Z: [    0.362945] smpboot: Max logical packages: 1
[STDERR  ] 2018-07-07T09:57:01.370878355Z: [    0.369855] ..TIMER: vector=0x30 apic1=0 pin1=2 apic2=-1 pin2=-1
[STDERR  ] 2018-07-07T09:57:01.370911505Z: [    0.470000] smpboot: CPU0: AMD QEMU Virtual CPU version 2.5+ (family: 0x6, model: 0x6, stepping: 0x3)
[STDERR  ] 2018-07-07T09:57:01.370927354Z: [    0.470000] Performance Events: PMU not available due to virtualization, using software events only.
[STDERR  ] 2018-07-07T09:57:01.370940120Z: [    0.471204] Hierarchical SRCU implementation.
[STDERR  ] 2018-07-07T09:57:01.370957205Z: [    0.476505] NMI watchdog: Perf event create on CPU 0 failed with -2
[STDERR  ] 2018-07-07T09:57:01.370978502Z: [    0.476973] NMI watchdog: Perf NMI watchdog permanently disabled
[STDERR  ] 2018-07-07T09:57:01.370997323Z: [    0.480390] smp: Bringing up secondary CPUs ...
[STDERR  ] 2018-07-07T09:57:01.371010380Z: [    0.480792] smp: Brought up 1 node, 1 CPU
[STDERR  ] 2018-07-07T09:57:01.371025911Z: [    0.481122] smpboot: Total of 1 processors activated (5199.89 BogoMIPS)
[STDERR  ] 2018-07-07T09:57:01.371039310Z: [    0.498712] devtmpfs: initialized
[STDERR  ] 2018-07-07T09:57:01.371066092Z: [    0.504300] x86/mm: Memory block size: 128MB
[STDERR  ] 2018-07-07T09:57:01.371081358Z: [    0.510881] evm: security.ima
[STDERR  ] 2018-07-07T09:57:01.371094614Z: [    0.511085] evm: security.capability
[STDERR  ] 2018-07-07T09:57:01.371109765Z: [    0.513991] clocksource: jiffies: mask: 0xffffffff max_cycles: 0xffffffff, max_idle_ns: 19112604462750000 ns
[STDERR  ] 2018-07-07T09:57:01.371125256Z: [    0.514730] futex hash table entries: 256 (order: 2, 16384 bytes)
[STDERR  ] 2018-07-07T09:57:01.371138211Z: [    0.524655] NET: Registered protocol family 16
[STDERR  ] 2018-07-07T09:57:01.371153085Z: [    0.530845] cpuidle: using governor ladder
[STDERR  ] 2018-07-07T09:57:01.371168093Z: [    0.531290] cpuidle: using governor menu
[STDERR  ] 2018-07-07T09:57:01.371180835Z: [    0.532682] ACPI: bus type PCI registered
[STDERR  ] 2018-07-07T09:57:01.371193645Z: [    0.535163] PCI: MMCONFIG for domain 0000 [bus 00-ff] at [mem 0xb0000000-0xbfffffff] (base 0xb0000000)
[STDERR  ] 2018-07-07T09:57:01.371217410Z: [    0.535853] PCI: MMCONFIG at [mem 0xb0000000-0xbfffffff] reserved in E820
[STDERR  ] 2018-07-07T09:57:01.371236304Z: [    0.536742] PCI: Using configuration type 1 for base access
[STDERR  ] 2018-07-07T09:57:01.371248862Z: [    0.575053] HugeTLB registered 2.00 MiB page size, pre-allocated 0 pages
[STDERR  ] 2018-07-07T09:57:01.371261704Z: [    0.585736] ACPI: Added _OSI(Module Device)
[STDERR  ] 2018-07-07T09:57:01.371274346Z: [    0.586036] ACPI: Added _OSI(Processor Device)
[STDERR  ] 2018-07-07T09:57:01.371290606Z: [    0.586292] ACPI: Added _OSI(3.0 _SCP Extensions)
[STDERR  ] 2018-07-07T09:57:01.371305713Z: [    0.586531] ACPI: Added _OSI(Processor Aggregator Device)
[STDERR  ] 2018-07-07T09:57:01.371320812Z: [    0.634112] ACPI: Interpreter enabled
[STDERR  ] 2018-07-07T09:57:01.371346345Z: [    0.634961] ACPI: (supports S0 S5)
[STDERR  ] 2018-07-07T09:57:01.371364442Z: [    0.635264] ACPI: Using IOAPIC for interrupt routing
[STDERR  ] 2018-07-07T09:57:01.371376778Z: [    0.637572] PCI: Using host bridge windows from ACPI; if necessary, use "pci=nocrs" and report a bug
[STDERR  ] 2018-07-07T09:57:01.371392843Z: [    0.640990] ACPI: Enabled 1 GPEs in block 00 to 3F
[STDERR  ] 2018-07-07T09:57:01.371405901Z: [    0.686335] ACPI: PCI Root Bridge [PCI0] (domain 0000 [bus 00-ff])
[STDERR  ] 2018-07-07T09:57:01.371428656Z: [    0.687148] acpi PNP0A08:00: _OSC: OS supports [ExtendedConfig ASPM ClockPM Segments MSI]
[STDERR  ] 2018-07-07T09:57:01.371445030Z: [    0.691553] acpi PNP0A08:00: _OSC: OS now controls [PCIeHotplug PME PCIeCapability]
[STDERR  ] 2018-07-07T09:57:01.371461060Z: [    0.695021] PCI host bridge to bus 0000:00
[STDERR  ] 2018-07-07T09:57:01.371473717Z: [    0.695565] pci_bus 0000:00: root bus resource [io  0x0000-0x0cf7 window]
[STDERR  ] 2018-07-07T09:57:01.371497200Z: [    0.695961] pci_bus 0000:00: root bus resource [io  0x0d00-0xffff window]
[STDERR  ] 2018-07-07T09:57:01.371523191Z: [    0.696314] pci_bus 0000:00: root bus resource [mem 0x000a0000-0x000bffff window]
[STDERR  ] 2018-07-07T09:57:01.371535935Z: [    0.696669] pci_bus 0000:00: root bus resource [mem 0xc0000000-0xfebfffff window]
[STDERR  ] 2018-07-07T09:57:01.371548552Z: [    0.697177] pci_bus 0000:00: root bus resource [bus 00-ff]
[STDERR  ] 2018-07-07T09:57:01.371563779Z: [    0.866710] pci 0000:00:1f.0: quirk: [io  0x0600-0x067f] claimed by ICH6 ACPI/GPIO/TCO
[STDERR  ] 2018-07-07T09:57:01.371579138Z: [    0.954870] ACPI: PCI Interrupt Link [LNKA] (IRQs 5 *10 11)
[STDERR  ] 2018-07-07T09:57:01.371598642Z: [    0.956628] ACPI: PCI Interrupt Link [LNKB] (IRQs 5 *10 11)
[STDERR  ] 2018-07-07T09:57:01.371614133Z: [    0.958169] ACPI: PCI Interrupt Link [LNKC] (IRQs 5 10 *11)
[STDERR  ] 2018-07-07T09:57:01.371638615Z: [    0.959691] ACPI: PCI Interrupt Link [LNKD] (IRQs 5 10 *11)
[STDERR  ] 2018-07-07T09:57:01.371651672Z: [    0.961651] ACPI: PCI Interrupt Link [LNKE] (IRQs 5 *10 11)
[STDERR  ] 2018-07-07T09:57:01.371667364Z: [    0.962936] ACPI: PCI Interrupt Link [LNKF] (IRQs 5 *10 11)
[STDERR  ] 2018-07-07T09:57:01.371683894Z: [    0.964194] ACPI: PCI Interrupt Link [LNKG] (IRQs 5 10 *11)
[STDERR  ] 2018-07-07T09:57:01.371697148Z: [    0.965453] ACPI: PCI Interrupt Link [LNKH] (IRQs 5 10 *11)
[STDERR  ] 2018-07-07T09:57:01.371712472Z: [    0.966163] ACPI: PCI Interrupt Link [GSIA] (IRQs *16)
[STDERR  ] 2018-07-07T09:57:01.371727232Z: [    0.966696] ACPI: PCI Interrupt Link [GSIB] (IRQs *17)
[STDERR  ] 2018-07-07T09:57:01.371741876Z: [    0.967226] ACPI: PCI Interrupt Link [GSIC] (IRQs *18)
[STDERR  ] 2018-07-07T09:57:01.371754545Z: [    0.967744] ACPI: PCI Interrupt Link [GSID] (IRQs *19)
[STDERR  ] 2018-07-07T09:57:01.371769625Z: [    0.968259] ACPI: PCI Interrupt Link [GSIE] (IRQs *20)
[STDERR  ] 2018-07-07T09:57:01.371785467Z: [    0.968762] ACPI: PCI Interrupt Link [GSIF] (IRQs *21)
[STDERR  ] 2018-07-07T09:57:01.371808485Z: [    0.969280] ACPI: PCI Interrupt Link [GSIG] (IRQs *22)
[STDERR  ] 2018-07-07T09:57:01.371824881Z: [    0.970366] ACPI: PCI Interrupt Link [GSIH] (IRQs *23)
[STDERR  ] 2018-07-07T09:57:01.371839094Z: [    0.976659] SCSI subsystem initialized
[STDERR  ] 2018-07-07T09:57:01.371859316Z: [    0.978867] ACPI: bus type USB registered
[STDERR  ] 2018-07-07T09:57:01.371875470Z: [    0.980157] usbcore: registered new interface driver usbfs
[STDERR  ] 2018-07-07T09:57:01.371888246Z: [    0.980968] usbcore: registered new interface driver hub
[STDERR  ] 2018-07-07T09:57:01.371911755Z: [    0.981686] usbcore: registered new device driver usb
[STDERR  ] 2018-07-07T09:57:01.371933984Z: [    0.982533] pps_core: LinuxPPS API ver. 1 registered
[STDERR  ] 2018-07-07T09:57:01.371949944Z: [    0.982776] pps_core: Software ver. 5.3.6 - Copyright 2005-2007 Rodolfo Giometti <giometti@linux.it>
[STDERR  ] 2018-07-07T09:57:01.371963101Z: [    0.983362] PTP clock support registered
[STDERR  ] 2018-07-07T09:57:01.371975993Z: [    0.985302] PCI: Using ACPI for IRQ routing
[STDERR  ] 2018-07-07T09:57:01.371988755Z: [    0.998743] NetLabel: Initializing
[STDERR  ] 2018-07-07T09:57:01.372001587Z: [    0.998918] NetLabel:  domain hash size = 128
[STDERR  ] 2018-07-07T09:57:01.372016252Z: [    0.999289] NetLabel:  protocols = UNLABELED CIPSOv4 CALIPSO
[STDERR  ] 2018-07-07T09:57:01.372031035Z: [    1.001520] NetLabel:  unlabeled traffic allowed by default
[STDERR  ] 2018-07-07T09:57:01.372050190Z: [    1.003043] HPET: 3 timers in total, 0 timers will be used for per-cpu timer
[STDERR  ] 2018-07-07T09:57:01.372065967Z: [    1.003786] hpet0: at MMIO 0xfed00000, IRQs 2, 8, 0
[STDERR  ] 2018-07-07T09:57:01.372078625Z: [    1.004118] hpet0: 3 comparators, 64-bit 100.000000 MHz counter
[STDERR  ] 2018-07-07T09:57:01.372096445Z: [    1.009123] clocksource: Switched to clocksource hpet
[STDERR  ] 2018-07-07T09:57:01.372109171Z: [    1.189362] VFS: Disk quotas dquot_6.6.0
[STDERR  ] 2018-07-07T09:57:01.372128319Z: [    1.190030] VFS: Dquot-cache hash table entries: 512 (order 0, 4096 bytes)
[STDERR  ] 2018-07-07T09:57:01.372141327Z: [    1.193619] FS-Cache: Loaded
[STDERR  ] 2018-07-07T09:57:01.372166516Z: [    1.198839] CacheFiles: Loaded
[STDERR  ] 2018-07-07T09:57:01.372179267Z: [    1.200352] pnp: PnP ACPI init
[STDERR  ] 2018-07-07T09:57:01.372192460Z: [    1.207839] pnp: PnP ACPI: found 5 devices
[STDERR  ] 2018-07-07T09:57:01.372216430Z: [    1.239269] clocksource: acpi_pm: mask: 0xffffff max_cycles: 0xffffff, max_idle_ns: 2085701024 ns
[STDERR  ] 2018-07-07T09:57:01.372232047Z: [    1.242420] NET: Registered protocol family 2
[STDERR  ] 2018-07-07T09:57:01.372249280Z: [    1.250028] TCP established hash table entries: 8192 (order: 4, 65536 bytes)
[STDERR  ] 2018-07-07T09:57:01.372264730Z: [    1.251062] TCP bind hash table entries: 8192 (order: 5, 131072 bytes)
[STDERR  ] 2018-07-07T09:57:01.372279855Z: [    1.252114] TCP: Hash tables configured (established 8192 bind 8192)
[STDERR  ] 2018-07-07T09:57:01.372298180Z: [    1.254104] UDP hash table entries: 512 (order: 2, 16384 bytes)
[STDERR  ] 2018-07-07T09:57:01.372323342Z: [    1.254758] UDP-Lite hash table entries: 512 (order: 2, 16384 bytes)
[STDERR  ] 2018-07-07T09:57:01.372336098Z: [    1.257007] NET: Registered protocol family 1
[STDERR  ] 2018-07-07T09:57:01.372349269Z: [    1.257905] pci 0000:00:01.0: Video device with shadowed ROM at [mem 0x000c0000-0x000dffff]
[STDERR  ] 2018-07-07T09:57:01.372364890Z: [    1.263409] Trying to unpack rootfs image as initramfs...
[STDERR  ] 2018-07-07T09:57:01.372380019Z: [    4.400121] Freeing initrd memory: 28184K
[STDERR  ] 2018-07-07T09:57:01.372395256Z: [    4.422258] PCLMULQDQ-NI instructions are not detected.
[STDERR  ] 2018-07-07T09:57:01.372423735Z: [    4.423640] AVX or AES-NI instructions are not detected.
[STDERR  ] 2018-07-07T09:57:01.372439376Z: [    4.424141] CPU feature 'AVX registers' is not supported.
[STDERR  ] 2018-07-07T09:57:01.372452178Z: [    4.424533] CPU feature 'AVX registers' is not supported.
[STDERR  ] 2018-07-07T09:57:01.372465483Z: [    4.424757] CPU feature 'AVX registers' is not supported.
[STDERR  ] 2018-07-07T09:57:01.372480237Z: [    4.425152] CPU feature 'AVX registers' is not supported.
[STDERR  ] 2018-07-07T09:57:01.372493041Z: [    4.425508] AVX2 or AES-NI instructions are not detected.
[STDERR  ] 2018-07-07T09:57:01.372508098Z: [    4.425823] AVX2 instructions are not detected.
[STDERR  ] 2018-07-07T09:57:01.372535990Z: [    4.431147] audit: initializing netlink subsys (disabled)
[STDERR  ] 2018-07-07T09:57:01.372551051Z: [    4.438103] audit: type=2000 audit(1530957400.430:1): state=initialized audit_enabled=0 res=1
[STDERR  ] 2018-07-07T09:57:01.372566302Z: [    4.439822] workingset: timestamp_bits=46 max_order=18 bucket_order=0
[STDERR  ] 2018-07-07T09:57:01.372581509Z: [    4.445260] squashfs: version 4.0 (2009/01/31) Phillip Lougher
[STDERR  ] 2018-07-07T09:57:01.372594628Z: [    4.448212] FS-Cache: Netfs 'cifs' registered for caching
[STDERR  ] 2018-07-07T09:57:01.372609773Z: [    4.449220] fuse init (API version 7.26)
[STDERR  ] 2018-07-07T09:57:01.372634318Z: [    4.451939] SGI XFS with ACLs, security attributes, no debug enabled
[STDERR  ] 2018-07-07T09:57:01.372647026Z: [    4.455156] 9p: Installing v9fs 9p2000 file system support
[STDERR  ] 2018-07-07T09:57:01.372662076Z: [    4.455707] FS-Cache: Netfs '9p' registered for caching
[STDERR  ] 2018-07-07T09:57:01.372675169Z: [    4.483762] NET: Registered protocol family 38
[STDERR  ] 2018-07-07T09:57:01.372694239Z: [    4.484347] Key type asymmetric registered
[STDERR  ] 2018-07-07T09:57:01.372717967Z: [    4.484722] Asymmetric key parser 'x509' registered
[STDERR  ] 2018-07-07T09:57:01.372731685Z: [    4.485587] Block layer SCSI generic (bsg) driver version 0.4 loaded (major 247)
[STDERR  ] 2018-07-07T09:57:01.372747004Z: [    4.487220] io scheduler noop registered
[STDERR  ] 2018-07-07T09:57:01.372759991Z: [    4.487628] io scheduler deadline registered (default)
[STDERR  ] 2018-07-07T09:57:01.372778906Z: [    4.488455] io scheduler cfq registered
[STDERR  ] 2018-07-07T09:57:01.372798453Z: [    4.488739] io scheduler mq-deadline registered
[STDERR  ] 2018-07-07T09:57:01.372813800Z: [    4.488994] io scheduler kyber registered
[STDERR  ] 2018-07-07T09:57:01.372826547Z: [    4.492761] shpchp: Standard Hot Plug PCI Controller Driver version: 0.4
[STDERR  ] 2018-07-07T09:57:01.372841386Z: [    4.493547] hv_vmbus: registering driver hyperv_fb
[STDERR  ] 2018-07-07T09:57:01.372858919Z: [    4.496249] input: Power Button as /devices/LNXSYSTM:00/LNXPWRBN:00/input/input0
[STDERR  ] 2018-07-07T09:57:01.372871672Z: [    4.499552] ACPI: Power Button [PWRF]
[STDERR  ] 2018-07-07T09:57:01.372905346Z: [    4.513914] ACPI: PCI Interrupt Link [GSIG] enabled at IRQ 22
[STDERR  ] 2018-07-07T09:57:01.372921438Z: [    4.524590] ACPI: PCI Interrupt Link [GSIH] enabled at IRQ 23
[STDERR  ] 2018-07-07T09:57:01.372934461Z: [    4.534368] Serial: 8250/16550 driver, 4 ports, IRQ sharing disabled
[STDERR  ] 2018-07-07T09:57:01.372949764Z: [    4.558359] 00:04: ttyS0 at I/O 0x3f8 (irq = 4, base_baud = 115200) is a 16550A
[STDERR  ] 2018-07-07T09:57:01.372971384Z: [    4.567800] Non-volatile memory driver v1.3
[STDERR  ] 2018-07-07T09:57:01.372986492Z: [    4.573981] Hangcheck: starting hangcheck timer 0.9.1 (tick is 180 seconds, margin is 60 seconds).
[STDERR  ] 2018-07-07T09:57:01.372999507Z: [    4.580992] random: fast init done
[STDERR  ] 2018-07-07T09:57:01.373012623Z: [    4.582211] random: crng init done
[STDERR  ] 2018-07-07T09:57:01.373027739Z: [    4.627018] brd: module loaded
[STDERR  ] 2018-07-07T09:57:01.373042700Z: [    4.650956] loop: module loaded
[STDERR  ] 2018-07-07T09:57:01.373058270Z: [    4.690917] lpc_ich 0000:00:1f.0: I/O space for GPIO uninitialized
[STDERR  ] 2018-07-07T09:57:01.373073478Z: [    4.693181] VMware PVSCSI driver - version 1.0.7.0-k
[STDERR  ] 2018-07-07T09:57:01.373088539Z: [    4.693866] hv_vmbus: registering driver hv_storvsc
[STDERR  ] 2018-07-07T09:57:01.373103665Z: [    4.700226] ACPI: PCI Interrupt Link [GSIA] enabled at IRQ 16
[STDERR  ] 2018-07-07T09:57:01.373129131Z: [    4.707197] ahci 0000:00:1f.2: AHCI 0001.0000 32 slots 6 ports 1.5 Gbps 0x3f impl SATA mode
