[INFO    ] 2017-11-16T15:42:40.613555614Z: Running Test linuxkit.packages.format_mount.auto in /tmp/build/test/cases/040_packages/006_format_mount/000_auto
[INFO    ] 2017-11-16T15:42:40.61370608Z: Running command: [/bin/sh -x /tmp/build/test/cases/040_packages/006_format_mount/000_auto/test.sh]
[STDERR  ] 2017-11-16T15:42:40.631005057Z: + set -e
[STDERR  ] 2017-11-16T15:42:40.631091303Z: + . /tmp/build/test/cases/_lib/lib.sh
[STDERR  ] 2017-11-16T15:42:40.631106859Z: + [ -f src/github.com/linuxkit/rtf/lib/lib.sh ]
[STDERR  ] 2017-11-16T15:42:40.631117671Z: + LINUXKIT_TMPDIR=/tmp/build/test/cases/_tmp
[STDERR  ] 2017-11-16T15:42:40.631127719Z: + [ -f /tmp/build/test/cases/_tmp/env.sh ]
[STDERR  ] 2017-11-16T15:42:40.631138235Z: + . /tmp/build/test/cases/_tmp/env.sh
[STDERR  ] 2017-11-16T15:42:40.631150639Z: + export LINUXKIT_EXAMPLES_DIR=/tmp/build/test/cases/../../examples
[STDERR  ] 2017-11-16T15:42:40.631161827Z: + export LINUXKIT_BLUEPRINTS_DIR=/tmp/build/test/cases/../../blueprints
[STDERR  ] 2017-11-16T15:42:40.631173444Z: + RT_CANCEL=253
[STDERR  ] 2017-11-16T15:42:40.631191987Z: + NAME=test-format
[STDERR  ] 2017-11-16T15:42:40.631201934Z: + DISK=disk.img
[STDERR  ] 2017-11-16T15:42:40.631210945Z: + trap clean_up EXIT
[STDERR  ] 2017-11-16T15:42:40.631227197Z: + moby build -format kernel+initrd -name test-format test.yml
[STDERR  ] 2017-11-16T15:42:40.642776868Z: Extract kernel image: linuxkit/kernel:4.9.61
[STDERR  ] 2017-11-16T15:42:42.353325602Z: Add init containers:
[STDERR  ] 2017-11-16T15:42:42.353372742Z: Process init image: linuxkit/init:42a92119e1ca10380e0d33e26c0cbcf85b9b3558
[STDERR  ] 2017-11-16T15:42:43.627552627Z: Process init image: linuxkit/runc:1b0741d07949c0acc444cd6a04ee7f833443579d
[STDERR  ] 2017-11-16T15:42:44.854128275Z: Add onboot containers:
[STDERR  ] 2017-11-16T15:42:44.854183762Z:   Create OCI config for linuxkit/format:10e75e78e1f134d310c62e9a0352df1c67b0dd81
[STDERR  ] 2017-11-16T15:42:45.916874887Z: time="2017-11-16T15:42:45Z" level=warning msg="certificate with CN Rolf Neugebauer is near expiry" 
[STDERR  ] 2017-11-16T15:42:45.919030897Z: time="2017-11-16T15:42:45Z" level=warning msg="certificate with CN Rolf Neugebauer is near expiry" 
[STDERR  ] 2017-11-16T15:42:46.226040845Z:   Create OCI config for linuxkit/mount:41685ecc8039643948e5dff46e17584753469a7a
[STDERR  ] 2017-11-16T15:42:47.264196372Z: time="2017-11-16T15:42:47Z" level=warning msg="certificate with CN Rolf Neugebauer is near expiry" 
[STDERR  ] 2017-11-16T15:42:47.266599415Z: time="2017-11-16T15:42:47Z" level=warning msg="certificate with CN Rolf Neugebauer is near expiry" 
[STDERR  ] 2017-11-16T15:42:47.40594004Z:   Create OCI config for alpine:3.6
[STDERR  ] 2017-11-16T15:42:48.609308968Z:   Create OCI config for linuxkit/poweroff:280bd01daa8776fbe1f4d912977f1886b8374834
[STDERR  ] 2017-11-16T15:42:49.647183248Z: time="2017-11-16T15:42:49Z" level=warning msg="certificate with CN Rolf Neugebauer is near expiry" 
[STDERR  ] 2017-11-16T15:42:49.648643013Z: time="2017-11-16T15:42:49Z" level=warning msg="certificate with CN Rolf Neugebauer is near expiry" 
[STDERR  ] 2017-11-16T15:42:49.819230113Z: Add files:
[STDERR  ] 2017-11-16T15:42:49.819275032Z:   check.sh
[STDERR  ] 2017-11-16T15:42:49.864184907Z: Create outputs:
[STDERR  ] 2017-11-16T15:42:55.516364383Z:   test-format-kernel test-format-initrd.img test-format-cmdline
[STDERR  ] 2017-11-16T15:42:55.573911041Z: + linuxkit run -disk file=disk.img,size=512M test-format
[STDERR  ] 2017-11-16T15:42:55.592498764Z: Unable to find qemu-system-x86_64 within the $PATH. Using a container
[STDERR  ] 2017-11-16T15:43:41.399375314Z: + RESULT=[    0.000000] Linux version 4.9.61-linuxkit (root@f63baf0520f0) (gcc version 6.3.0 (Alpine 6.3.0) ) #1 SMP Fri Nov 10 13:47:55 UTC 2017
[STDERR  ] 2017-11-16T15:43:41.399436239Z: [    0.000000] Command line: console=ttyS0
[STDERR  ] 2017-11-16T15:43:41.399448437Z: [    0.000000] x86/fpu: Legacy x87 FPU detected.
[STDERR  ] 2017-11-16T15:43:41.399459544Z: [    0.000000] x86/fpu: Using 'eager' FPU context switches.
[STDERR  ] 2017-11-16T15:43:41.399470965Z: [    0.000000] e820: BIOS-provided physical RAM map:
[STDERR  ] 2017-11-16T15:43:41.399491492Z: [    0.000000] BIOS-e820: [mem 0x0000000000000000-0x000000000009fbff] usable
[STDERR  ] 2017-11-16T15:43:41.399503377Z: [    0.000000] BIOS-e820: [mem 0x000000000009fc00-0x000000000009ffff] reserved
[STDERR  ] 2017-11-16T15:43:41.399513846Z: [    0.000000] BIOS-e820: [mem 0x00000000000f0000-0x00000000000fffff] reserved
[STDERR  ] 2017-11-16T15:43:41.399524449Z: [    0.000000] BIOS-e820: [mem 0x0000000000100000-0x000000003ffdefff] usable
[STDERR  ] 2017-11-16T15:43:41.399534209Z: [    0.000000] BIOS-e820: [mem 0x000000003ffdf000-0x000000003fffffff] reserved
[STDERR  ] 2017-11-16T15:43:41.399543804Z: [    0.000000] BIOS-e820: [mem 0x00000000b0000000-0x00000000bfffffff] reserved
[STDERR  ] 2017-11-16T15:43:41.39955435Z: [    0.000000] BIOS-e820: [mem 0x00000000fed1c000-0x00000000fed1ffff] reserved
[STDERR  ] 2017-11-16T15:43:41.399564729Z: [    0.000000] BIOS-e820: [mem 0x00000000fffc0000-0x00000000ffffffff] reserved
[STDERR  ] 2017-11-16T15:43:41.399581049Z: [    0.000000] NX (Execute Disable) protection: active
[STDERR  ] 2017-11-16T15:43:41.399591832Z: [    0.000000] SMBIOS 2.8 present.
[STDERR  ] 2017-11-16T15:43:41.399601942Z: [    0.000000] e820: last_pfn = 0x3ffdf max_arch_pfn = 0x400000000
[STDERR  ] 2017-11-16T15:43:41.399611807Z: [    0.000000] x86/PAT: Configuration [0-7]: WB  WC  UC- UC  WB  WC  UC- WT  
[STDERR  ] 2017-11-16T15:43:41.399621706Z: [    0.000000] found SMP MP-table at [mem 0x000f6aa0-0x000f6aaf] mapped at [ffff9b0b400f6aa0]
[STDERR  ] 2017-11-16T15:43:41.399631896Z: [    0.000000] RAMDISK: [mem 0x3e03e000-0x3ffcffff]
[STDERR  ] 2017-11-16T15:43:41.399642082Z: [    0.000000] ACPI: Early table checksum verification disabled
[STDERR  ] 2017-11-16T15:43:41.399651952Z: [    0.000000] ACPI: RSDP 0x00000000000F68C0 000014 (v00 BOCHS )
[STDERR  ] 2017-11-16T15:43:41.399661555Z: [    0.000000] ACPI: RSDT 0x000000003FFE2404 000034 (v01 BOCHS  BXPCRSDT 00000001 BXPC 00000001)
[STDERR  ] 2017-11-16T15:43:41.399677205Z: [    0.000000] ACPI: FACP 0x000000003FFE22A4 000074 (v01 BOCHS  BXPCFACP 00000001 BXPC 00000001)
[STDERR  ] 2017-11-16T15:43:41.399687885Z: [    0.000000] ACPI: DSDT 0x000000003FFE0040 002264 (v01 BOCHS  BXPCDSDT 00000001 BXPC 00000001)
[STDERR  ] 2017-11-16T15:43:41.399698016Z: [    0.000000] ACPI: FACS 0x000000003FFE0000 000040
[STDERR  ] 2017-11-16T15:43:41.399708346Z: [    0.000000] ACPI: APIC 0x000000003FFE2318 000078 (v01 BOCHS  BXPCAPIC 00000001 BXPC 00000001)
[STDERR  ] 2017-11-16T15:43:41.399719445Z: [    0.000000] ACPI: HPET 0x000000003FFE2390 000038 (v01 BOCHS  BXPCHPET 00000001 BXPC 00000001)
[STDERR  ] 2017-11-16T15:43:41.399729867Z: [    0.000000] ACPI: MCFG 0x000000003FFE23C8 00003C (v01 BOCHS  BXPCMCFG 00000001 BXPC 00000001)
[STDERR  ] 2017-11-16T15:43:41.399740676Z: [    0.000000] Zone ranges:
[STDERR  ] 2017-11-16T15:43:41.399761442Z: [    0.000000]   DMA      [mem 0x0000000000001000-0x0000000000ffffff]
[STDERR  ] 2017-11-16T15:43:41.399776297Z: [    0.000000]   DMA32    [mem 0x0000000001000000-0x000000003ffdefff]
[STDERR  ] 2017-11-16T15:43:41.399787042Z: [    0.000000]   Normal   empty
[STDERR  ] 2017-11-16T15:43:41.399797377Z: [    0.000000] Movable zone start for each node
[STDERR  ] 2017-11-16T15:43:41.399807467Z: [    0.000000] Early memory node ranges
[STDERR  ] 2017-11-16T15:43:41.399817304Z: [    0.000000]   node   0: [mem 0x0000000000001000-0x000000000009efff]
[STDERR  ] 2017-11-16T15:43:41.399827135Z: [    0.000000]   node   0: [mem 0x0000000000100000-0x000000003ffdefff]
[STDERR  ] 2017-11-16T15:43:41.3998369Z: [    0.000000] Initmem setup node 0 [mem 0x0000000000001000-0x000000003ffdefff]
[STDERR  ] 2017-11-16T15:43:41.399846564Z: [    0.000000] ACPI: PM-Timer IO Port: 0x608
[STDERR  ] 2017-11-16T15:43:41.399856205Z: [    0.000000] ACPI: LAPIC_NMI (acpi_id[0xff] dfl dfl lint[0x1])
[STDERR  ] 2017-11-16T15:43:41.399865727Z: [    0.000000] IOAPIC[0]: apic_id 0, version 32, address 0xfec00000, GSI 0-23
[STDERR  ] 2017-11-16T15:43:41.399875245Z: [    0.000000] ACPI: INT_SRC_OVR (bus 0 bus_irq 0 global_irq 2 dfl dfl)
[STDERR  ] 2017-11-16T15:43:41.399890119Z: [    0.000000] ACPI: INT_SRC_OVR (bus 0 bus_irq 5 global_irq 5 high level)
[STDERR  ] 2017-11-16T15:43:41.39990133Z: [    0.000000] ACPI: INT_SRC_OVR (bus 0 bus_irq 9 global_irq 9 high level)
[STDERR  ] 2017-11-16T15:43:41.399912275Z: [    0.000000] ACPI: INT_SRC_OVR (bus 0 bus_irq 10 global_irq 10 high level)
[STDERR  ] 2017-11-16T15:43:41.399922869Z: [    0.000000] ACPI: INT_SRC_OVR (bus 0 bus_irq 11 global_irq 11 high level)
[STDERR  ] 2017-11-16T15:43:41.399932735Z: [    0.000000] Using ACPI (MADT) for SMP configuration information
[STDERR  ] 2017-11-16T15:43:41.3999431Z: [    0.000000] ACPI: HPET id: 0x8086a201 base: 0xfed00000
[STDERR  ] 2017-11-16T15:43:41.399952955Z: [    0.000000] smpboot: Allowing 1 CPUs, 0 hotplug CPUs
[STDERR  ] 2017-11-16T15:43:41.399962785Z: [    0.000000] e820: [mem 0x40000000-0xafffffff] available for PCI devices
[STDERR  ] 2017-11-16T15:43:41.399972911Z: [    0.000000] Booting paravirtualized kernel on bare hardware
[STDERR  ] 2017-11-16T15:43:41.399985772Z: [    0.000000] clocksource: refined-jiffies: mask: 0xffffffff max_cycles: 0xffffffff, max_idle_ns: 19112604462750000 ns
[STDERR  ] 2017-11-16T15:43:41.399998572Z: [    0.000000] setup_percpu: NR_CPUS:128 nr_cpumask_bits:128 nr_cpu_ids:1 nr_node_ids:1
[STDERR  ] 2017-11-16T15:43:41.400008084Z: [    0.000000] percpu: Embedded 35 pages/cpu @ffff9b0b7de00000 s105112 r8192 d30056 u2097152
[STDERR  ] 2017-11-16T15:43:41.400017244Z: [    0.000000] Built 1 zonelists in Zone order, mobility grouping on.  Total pages: 257896
[STDERR  ] 2017-11-16T15:43:41.400027425Z: [    0.000000] Kernel command line: console=ttyS0
[STDERR  ] 2017-11-16T15:43:41.400037154Z: [    0.000000] PID hash table entries: 4096 (order: 3, 32768 bytes)
[STDERR  ] 2017-11-16T15:43:41.400047687Z: [    0.000000] Dentry cache hash table entries: 131072 (order: 8, 1048576 bytes)
[STDERR  ] 2017-11-16T15:43:41.400057437Z: [    0.000000] Inode-cache hash table entries: 65536 (order: 7, 524288 bytes)
[STDERR  ] 2017-11-16T15:43:41.400067055Z: [    0.000000] Memory: 981844K/1048052K available (8048K kernel code, 1367K rwdata, 2700K rodata, 1380K init, 568K bss, 66208K reserved, 0K cma-reserved)
[STDERR  ] 2017-11-16T15:43:41.400083205Z: [    0.000000] Hierarchical RCU implementation.
[STDERR  ] 2017-11-16T15:43:41.400093492Z: [    0.000000] 	Build-time adjustment of leaf fanout to 64.
[STDERR  ] 2017-11-16T15:43:41.400103812Z: [    0.000000] 	RCU restricting CPUs from NR_CPUS=128 to nr_cpu_ids=1.
[STDERR  ] 2017-11-16T15:43:41.400115392Z: [    0.000000] RCU: Adjusting geometry for rcu_fanout_leaf=64, nr_cpu_ids=1
[STDERR  ] 2017-11-16T15:43:41.400125482Z: [    0.000000] NR_IRQS:8448 nr_irqs:256 16
[STDERR  ] 2017-11-16T15:43:41.400136125Z: [    0.000000] Console: colour VGA+ 80x25
[STDERR  ] 2017-11-16T15:43:41.400146512Z: [    0.000000] console [ttyS0] enabled
[STDERR  ] 2017-11-16T15:43:41.400163099Z: [    0.000000] clocksource: hpet: mask: 0xffffffff max_cycles: 0xffffffff, max_idle_ns: 19112604467 ns
[STDERR  ] 2017-11-16T15:43:41.400172687Z: [    0.000000] tsc: Fast TSC calibration using PIT
[STDERR  ] 2017-11-16T15:43:41.400183164Z: [    0.000000] tsc: Detected 2600.023 MHz processor
[STDERR  ] 2017-11-16T15:43:41.40019367Z: [    0.022247] Calibrating delay loop (skipped), value calculated using timer frequency.. 5200.04 BogoMIPS (lpj=26000230)
[STDERR  ] 2017-11-16T15:43:41.400204754Z: [    0.030546] pid_max: default: 32768 minimum: 301
[STDERR  ] 2017-11-16T15:43:41.40021519Z: [    0.031784] ACPI: Core revision 20160831
[STDERR  ] 2017-11-16T15:43:41.400225786Z: [    0.074721] ACPI: 1 ACPI AML tables successfully acquired and loaded
[STDERR  ] 2017-11-16T15:43:41.400235848Z: [    0.079617] Security Framework initialized
[STDERR  ] 2017-11-16T15:43:41.400253207Z: [    0.080175] Yama: becoming mindful.
[STDERR  ] 2017-11-16T15:43:41.40026455Z: [    0.082284] Mount-cache hash table entries: 2048 (order: 2, 16384 bytes)
[STDERR  ] 2017-11-16T15:43:41.400274264Z: [    0.082894] Mountpoint-cache hash table entries: 2048 (order: 2, 16384 bytes)
[STDERR  ] 2017-11-16T15:43:41.400288351Z: [    0.102216] Last level iTLB entries: 4KB 0, 2MB 0, 4MB 0
[STDERR  ] 2017-11-16T15:43:41.400299443Z: [    0.102844] Last level dTLB entries: 4KB 0, 2MB 0, 4MB 0, 1GB 0
[STDERR  ] 2017-11-16T15:43:41.400309698Z: [    0.409715] Freeing SMP alternatives memory: 20K
[STDERR  ] 2017-11-16T15:43:41.400319347Z: [    0.420454] ftrace: allocating 35542 entries in 139 pages
[STDERR  ] 2017-11-16T15:43:41.400328424Z: [    0.578268] smpboot: Max logical packages: 1
[STDERR  ] 2017-11-16T15:43:41.400338266Z: [    0.585988] ..TIMER: vector=0x30 apic1=0 pin1=2 apic2=-1 pin2=-1
[STDERR  ] 2017-11-16T15:43:41.4003478Z: [    0.690000] smpboot: CPU0: AMD QEMU Virtual CPU version 2.5+ (family: 0x6, model: 0x6, stepping: 0x3)
[STDERR  ] 2017-11-16T15:43:41.400357802Z: [    0.690000] Performance Events: PMU not available due to virtualization, using software events only.
[STDERR  ] 2017-11-16T15:43:41.400367264Z: [    0.699104] NMI watchdog: disabled (cpu0): hardware events not enabled
[STDERR  ] 2017-11-16T15:43:41.400378754Z: [    0.699611] NMI watchdog: Shutting down hard lockup detector on all cpus
[STDERR  ] 2017-11-16T15:43:41.400398108Z: [    0.703679] x86: Booted up 1 node, 1 CPUs
[STDERR  ] 2017-11-16T15:43:41.400412323Z: [    0.704113] smpboot: Total of 1 processors activated (5200.04 BogoMIPS)
[STDERR  ] 2017-11-16T15:43:41.400442113Z: [    0.717879] devtmpfs: initialized
[STDERR  ] 2017-11-16T15:43:41.400456548Z: [    0.723047] x86/mm: Memory block size: 128MB
[STDERR  ] 2017-11-16T15:43:41.400466398Z: [    0.783219] clocksource: jiffies: mask: 0xffffffff max_cycles: 0xffffffff, max_idle_ns: 19112604462750000 ns
[STDERR  ] 2017-11-16T15:43:41.40048983Z: [    0.784279] futex hash table entries: 256 (order: 2, 16384 bytes)
[STDERR  ] 2017-11-16T15:43:41.400504434Z: [    0.794528] NET: Registered protocol family 16
[STDERR  ] 2017-11-16T15:43:41.400513694Z: [    0.804207] cpuidle: using governor ladder
[STDERR  ] 2017-11-16T15:43:41.40052435Z: [    0.804730] cpuidle: using governor menu
[STDERR  ] 2017-11-16T15:43:41.400533173Z: [    0.805996] ACPI: bus type PCI registered
[STDERR  ] 2017-11-16T15:43:41.400542628Z: [    0.808884] PCI: MMCONFIG for domain 0000 [bus 00-ff] at [mem 0xb0000000-0xbfffffff] (base 0xb0000000)
[STDERR  ] 2017-11-16T15:43:41.400551526Z: [    0.810077] PCI: MMCONFIG at [mem 0xb0000000-0xbfffffff] reserved in E820
[STDERR  ] 2017-11-16T15:43:41.400561196Z: [    0.811537] PCI: Using configuration type 1 for base access
[STDERR  ] 2017-11-16T15:43:41.400570589Z: [    0.867690] HugeTLB registered 2 MB page size, pre-allocated 0 pages
[STDERR  ] 2017-11-16T15:43:41.4005812Z: [    0.880229] ACPI: Added _OSI(Module Device)
[STDERR  ] 2017-11-16T15:43:41.400591754Z: [    0.880595] ACPI: Added _OSI(Processor Device)
[STDERR  ] 2017-11-16T15:43:41.400601582Z: [    0.880959] ACPI: Added _OSI(3.0 _SCP Extensions)
[STDERR  ] 2017-11-16T15:43:41.400620859Z: [    0.881250] ACPI: Added _OSI(Processor Aggregator Device)
[STDERR  ] 2017-11-16T15:43:41.40063126Z: [    0.953751] ACPI: Interpreter enabled
[STDERR  ] 2017-11-16T15:43:41.400641799Z: [    0.954808] ACPI: (supports S0 S5)
[STDERR  ] 2017-11-16T15:43:41.400652643Z: [    0.955146] ACPI: Using IOAPIC for interrupt routing
[STDERR  ] 2017-11-16T15:43:41.400662606Z: [    0.957968] PCI: Using host bridge windows from ACPI; if necessary, use "pci=nocrs" and report a bug
[STDERR  ] 2017-11-16T15:43:41.400672396Z: [    1.023164] ACPI: PCI Root Bridge [PCI0] (domain 0000 [bus 00-ff])
[STDERR  ] 2017-11-16T15:43:41.400683987Z: [    1.024534] acpi PNP0A08:00: _OSC: OS supports [ExtendedConfig ASPM ClockPM Segments MSI]
[STDERR  ] 2017-11-16T15:43:41.40069408Z: [    1.031598] acpi PNP0A08:00: _OSC: OS now controls [PCIeHotplug PME PCIeCapability]
[STDERR  ] 2017-11-16T15:43:41.400703712Z: [    1.035357] PCI host bridge to bus 0000:00
[STDERR  ] 2017-11-16T15:43:41.400713762Z: [    1.035832] pci_bus 0000:00: root bus resource [io  0x0000-0x0cf7 window]
[STDERR  ] 2017-11-16T15:43:41.400724303Z: [    1.036279] pci_bus 0000:00: root bus resource [io  0x0d00-0xffff window]
[STDERR  ] 2017-11-16T15:43:41.400740214Z: [    1.036794] pci_bus 0000:00: root bus resource [mem 0x000a0000-0x000bffff window]
[STDERR  ] 2017-11-16T15:43:41.40075404Z: [    1.037268] pci_bus 0000:00: root bus resource [mem 0xc0000000-0xfebfffff window]
[STDERR  ] 2017-11-16T15:43:41.400766074Z: [    1.037928] pci_bus 0000:00: root bus resource [bus 00-ff]
[STDERR  ] 2017-11-16T15:43:41.400776217Z: [    1.145491] pci 0000:00:1f.0: quirk: [io  0x0600-0x067f] claimed by ICH6 ACPI/GPIO/TCO
[STDERR  ] 2017-11-16T15:43:41.400785264Z: [    1.214269] ACPI: PCI Interrupt Link [LNKA] (IRQs 5 *10 11)
[STDERR  ] 2017-11-16T15:43:41.40079449Z: [    1.217227] ACPI: PCI Interrupt Link [LNKB] (IRQs 5 *10 11)
[STDERR  ] 2017-11-16T15:43:41.400803777Z: [    1.219578] ACPI: PCI Interrupt Link [LNKC] (IRQs 5 10 *11)
[STDERR  ] 2017-11-16T15:43:41.40081355Z: [    1.221805] ACPI: PCI Interrupt Link [LNKD] (IRQs 5 10 *11)
[STDERR  ] 2017-11-16T15:43:41.400829887Z: [    1.223805] ACPI: PCI Interrupt Link [LNKE] (IRQs 5 *10 11)
[STDERR  ] 2017-11-16T15:43:41.400841173Z: [    1.225868] ACPI: PCI Interrupt Link [LNKF] (IRQs 5 *10 11)
[STDERR  ] 2017-11-16T15:43:41.40085097Z: [    1.227720] ACPI: PCI Interrupt Link [LNKG] (IRQs 5 10 *11)
[STDERR  ] 2017-11-16T15:43:41.400860843Z: [    1.230656] ACPI: PCI Interrupt Link [LNKH] (IRQs 5 10 *11)
[STDERR  ] 2017-11-16T15:43:41.40087014Z: [    1.231757] ACPI: PCI Interrupt Link [GSIA] (IRQs *16)
[STDERR  ] 2017-11-16T15:43:41.400880172Z: [    1.232611] ACPI: PCI Interrupt Link [GSIB] (IRQs *17)
[STDERR  ] 2017-11-16T15:43:41.40088994Z: [    1.233336] ACPI: PCI Interrupt Link [GSIC] (IRQs *18)
[STDERR  ] 2017-11-16T15:43:41.400900093Z: [    1.234140] ACPI: PCI Interrupt Link [GSID] (IRQs *19)
[STDERR  ] 2017-11-16T15:43:41.400910023Z: [    1.234908] ACPI: PCI Interrupt Link [GSIE] (IRQs *20)
[STDERR  ] 2017-11-16T15:43:41.400919872Z: [    1.235679] ACPI: PCI Interrupt Link [GSIF] (IRQs *21)
[STDERR  ] 2017-11-16T15:43:41.400929669Z: [    1.236417] ACPI: PCI Interrupt Link [GSIG] (IRQs *22)
[STDERR  ] 2017-11-16T15:43:41.400939342Z: [    1.237172] ACPI: PCI Interrupt Link [GSIH] (IRQs *23)
[STDERR  ] 2017-11-16T15:43:41.400948697Z: [    1.241181] ACPI: Enabled 2 GPEs in block 00 to 3F
[STDERR  ] 2017-11-16T15:43:41.400958886Z: [    1.245539] SCSI subsystem initialized
[STDERR  ] 2017-11-16T15:43:41.400969644Z: [    1.247519] ACPI: bus type USB registered
[STDERR  ] 2017-11-16T15:43:41.400979283Z: [    1.248769] usbcore: registered new interface driver usbfs
[STDERR  ] 2017-11-16T15:43:41.400989089Z: [    1.249778] usbcore: registered new interface driver hub
[STDERR  ] 2017-11-16T15:43:41.400999093Z: [    1.250597] usbcore: registered new device driver usb
[STDERR  ] 2017-11-16T15:43:41.40100927Z: [    1.251846] pps_core: LinuxPPS API ver. 1 registered
[STDERR  ] 2017-11-16T15:43:41.401026177Z: [    1.252187] pps_core: Software ver. 5.3.6 - Copyright 2005-2007 Rodolfo Giometti <giometti@linux.it>
[STDERR  ] 2017-11-16T15:43:41.401036264Z: [    1.252982] PTP clock support registered
[STDERR  ] 2017-11-16T15:43:41.401046372Z: [    1.254291] wmi: Mapper loaded
[STDERR  ] 2017-11-16T15:43:41.401056189Z: [    1.255481] PCI: Using ACPI for IRQ routing
[STDERR  ] 2017-11-16T15:43:41.401066827Z: [    1.274712] NetLabel: Initializing
[STDERR  ] 2017-11-16T15:43:41.401076177Z: [    1.274988] NetLabel:  domain hash size = 128
[STDERR  ] 2017-11-16T15:43:41.401091499Z: [    1.275374] NetLabel:  protocols = UNLABELED CIPSOv4
[STDERR  ] 2017-11-16T15:43:41.40110161Z: [    1.278109] NetLabel:  unlabeled traffic allowed by default
[STDERR  ] 2017-11-16T15:43:41.401115682Z: [    1.279527] HPET: 3 timers in total, 0 timers will be used for per-cpu timer
[STDERR  ] 2017-11-16T15:43:41.401125138Z: [    1.280530] hpet0: at MMIO 0xfed00000, IRQs 2, 8, 0
[STDERR  ] 2017-11-16T15:43:41.401138979Z: [    1.281212] hpet0: 3 comparators, 64-bit 100.000000 MHz counter
[STDERR  ] 2017-11-16T15:43:41.401149575Z: [    1.288607] clocksource: Switched to clocksource hpet
[STDERR  ] 2017-11-16T15:43:41.401164454Z: [    1.557808] VFS: Disk quotas dquot_6.6.0
[STDERR  ] 2017-11-16T15:43:41.401174674Z: [    1.558629] VFS: Dquot-cache hash table entries: 512 (order 0, 4096 bytes)
[STDERR  ] 2017-11-16T15:43:41.401184882Z: [    1.562751] FS-Cache: Loaded
[STDERR  ] 2017-11-16T15:43:41.401194115Z: [    1.567730] CacheFiles: Loaded
[STDERR  ] 2017-11-16T15:43:41.401205046Z: [    1.570375] pnp: PnP ACPI init
[STDERR  ] 2017-11-16T15:43:41.401214855Z: [    1.582875] pnp: PnP ACPI: found 5 devices
[STDERR  ] 2017-11-16T15:43:41.401225001Z: [    1.635176] clocksource: acpi_pm: mask: 0xffffff max_cycles: 0xffffff, max_idle_ns: 2085701024 ns
[STDERR  ] 2017-11-16T15:43:41.401233825Z: [    1.639450] NET: Registered protocol family 2
[STDERR  ] 2017-11-16T15:43:41.401242614Z: [    1.647085] TCP established hash table entries: 8192 (order: 4, 65536 bytes)
[STDERR  ] 2017-11-16T15:43:41.401252062Z: [    1.647975] TCP bind hash table entries: 8192 (order: 5, 131072 bytes)
[STDERR  ] 2017-11-16T15:43:41.401262188Z: [    1.648711] TCP: Hash tables configured (established 8192 bind 8192)
[STDERR  ] 2017-11-16T15:43:41.401272136Z: [    1.651494] UDP hash table entries: 512 (order: 2, 16384 bytes)
[STDERR  ] 2017-11-16T15:43:41.401281851Z: [    1.652126] UDP-Lite hash table entries: 512 (order: 2, 16384 bytes)
[STDERR  ] 2017-11-16T15:43:41.401291469Z: [    1.654670] NET: Registered protocol family 1
[STDERR  ] 2017-11-16T15:43:41.401301036Z: [    1.655976] pci 0000:00:01.0: Video device with shadowed ROM at [mem 0x000c0000-0x000dffff]
[STDERR  ] 2017-11-16T15:43:41.401310262Z: [    1.664824] Unpacking initramfs...
[STDERR  ] 2017-11-16T15:43:41.401320371Z: [    8.254109] Freeing initrd memory: 32328K
[STDERR  ] 2017-11-16T15:43:41.401330169Z: [    8.281972] PCLMULQDQ-NI instructions are not detected.
[STDERR  ] 2017-11-16T15:43:41.401340471Z: [    8.283600] AVX or AES-NI instructions are not detected.
[STDERR  ] 2017-11-16T15:43:41.401356681Z: [    8.284094] CPU feature 'AVX registers' is not supported.
[STDERR  ] 2017-11-16T15:43:41.401366925Z: [    8.284483] CPU feature 'AVX registers' is not supported.
[STDERR  ] 2017-11-16T15:43:41.401376482Z: [    8.284864] CPU feature 'AVX registers' is not supported.
[STDERR  ] 2017-11-16T15:43:41.401383846Z: [    8.285272] CPU feature 'AVX registers' is not supported.
[STDERR  ] 2017-11-16T15:43:41.401395528Z: [    8.285696] AVX2 or AES-NI instructions are not detected.
[STDERR  ] 2017-11-16T15:43:41.401401751Z: [    8.286120] AVX2 instructions are not detected.
[STDERR  ] 2017-11-16T15:43:41.401407489Z: [    8.293157] audit: initializing netlink subsys (disabled)
[STDERR  ] 2017-11-16T15:43:41.401414214Z: [    8.295053] audit: type=2000 audit(1510846985.290:1): initialized
[STDERR  ] 2017-11-16T15:43:41.401420469Z: [    8.304480] workingset: timestamp_bits=46 max_order=18 bucket_order=0
[STDERR  ] 2017-11-16T15:43:41.401432712Z: [    8.311866] squashfs: version 4.0 (2009/01/31) Phillip Lougher
[STDERR  ] 2017-11-16T15:43:41.401439328Z: [    8.314321] FS-Cache: Netfs 'cifs' registered for caching
[STDERR  ] 2017-11-16T15:43:41.401445375Z: [    8.315178] fuse init (API version 7.26)
[STDERR  ] 2017-11-16T15:43:41.401451268Z: [    8.317562] SGI XFS with ACLs, security attributes, no debug enabled
[STDERR  ] 2017-11-16T15:43:41.401457334Z: [    8.321974] 9p: Installing v9fs 9p2000 file system support
[STDERR  ] 2017-11-16T15:43:41.401463031Z: [    8.322497] FS-Cache: Netfs '9p' registered for caching
[STDERR  ] 2017-11-16T15:43:41.401468791Z: [    8.355706] NET: Registered protocol family 38
[STDERR  ] 2017-11-16T15:43:41.401474651Z: [    8.356409] Key type asymmetric registered
[STDERR  ] 2017-11-16T15:43:41.401480424Z: [    8.356828] Asymmetric key parser 'x509' registered
[STDERR  ] 2017-11-16T15:43:41.401486465Z: [    8.357876] Block layer SCSI generic (bsg) driver version 0.4 loaded (major 251)
[STDERR  ] 2017-11-16T15:43:41.401492495Z: [    8.359597] io scheduler noop registered
[STDERR  ] 2017-11-16T15:43:41.401499019Z: [    8.359969] io scheduler deadline registered (default)
[STDERR  ] 2017-11-16T15:43:41.401508599Z: [    8.362988] io scheduler cfq registered
[STDERR  ] 2017-11-16T15:43:41.401514189Z: [    8.365649] pci_hotplug: PCI Hot Plug PCI Core version: 0.5
[STDERR  ] 2017-11-16T15:43:41.401520254Z: [    8.366261] pciehp: PCI Express Hot Plug Controller Driver version: 0.4
[STDERR  ] 2017-11-16T15:43:41.401525995Z: [    8.367229] shpchp: Standard Hot Plug PCI Controller Driver version: 0.4
[STDERR  ] 2017-11-16T15:43:41.401531794Z: [    8.368120] hv_vmbus: registering driver hyperv_fb
[STDERR  ] 2017-11-16T15:43:41.401537788Z: [    8.373559] input: Power Button as /devices/LNXSYSTM:00/LNXPWRBN:00/input/input0
[STDERR  ] 2017-11-16T15:43:41.401543844Z: [    8.374819] ACPI: Power Button [PWRF]
[STDERR  ] 2017-11-16T15:43:41.401549779Z: [    8.379594] GHES: HEST is not enabled!
[STDERR  ] 2017-11-16T15:43:41.401555644Z: [    8.389702] ACPI: PCI Interrupt Link [GSIG] enabled at IRQ 22
[STDERR  ] 2017-11-16T15:43:41.401561649Z: [    8.402730] ACPI: PCI Interrupt Link [GSIH] enabled at IRQ 23
[STDERR  ] 2017-11-16T15:43:41.401568429Z: [    8.408365] xenfs: not registering filesystem on non-xen platform
[STDERR  ] 2017-11-16T15:43:41.401575095Z: [    8.411052] Serial: 8250/16550 driver, 4 ports, IRQ sharing disabled
[STDERR  ] 2017-11-16T15:43:41.401580759Z: [    8.436244] 00:04: ttyS0 at I/O 0x3f8 (irq = 4, base_baud = 115200) is a 16550A
[STDERR  ] 2017-11-16T15:43:41.401587468Z: [    8.448941] Non-volatile memory driver v1.3
[STDERR  ] 2017-11-16T15:43:41.401593204Z: [    8.457305] Hangcheck: starting hangcheck timer 0.9.1 (tick is 180 seconds, margin is 60 seconds).
[STDERR  ] 2017-11-16T15:43:41.401598954Z: [    8.461218] random: fast init done
[STDERR  ] 2017-11-16T15:43:41.401604511Z: [    8.464781] random: crng init done
[STDERR  ] 2017-11-16T15:43:41.401610256Z: [    8.498773] loop: module loaded
[STDERR  ] 2017-11-16T15:43:41.401616268Z: [    8.515109] nbd: registered device at major 43
[STDERR  ] 2017-11-16T15:43:41.401622194Z: [    8.558733] lpc_ich 0000:00:1f.0: I/O space for GPIO uninitialized
[STDERR  ] 2017-11-16T15:43:41.401631411Z: [    8.561553] VMware PVSCSI driver - version 1.0.7.0-k
[STDERR  ] 2017-11-16T15:43:41.401637255Z: [    8.562531] hv_vmbus: registering driver hv_storvsc
[STDERR  ] 2017-11-16T15:43:41.401643272Z: [    8.572831] ACPI: PCI Interrupt Link [GSIA] enabled at IRQ 16
[STDERR  ] 2017-11-16T15:43:41.40164952Z: [    8.579613] ahci 0000:00:1f.2: AHCI 0001.0000 32 slots 6 ports 1.5 Gbps 0x3f impl SATA mode
[STDERR  ] 2017-11-16T15:43:41.40165993Z: [    8.580745] ahci 0000:00:1f.2: flags: 64bit ncq only 
[STDERR  ] 2017-11-16T15:43:41.401666225Z: [    8.602375] scsi host0: ahci
[STDERR  ] 2017-11-16T15:43:41.401672201Z: [    8.607817] scsi host1: ahci
[STDERR  ] 2017-11-16T15:43:41.401678101Z: [    8.611784] scsi host2: ahci
[STDERR  ] 2017-11-16T15:43:41.401687315Z: [    8.614225] scsi host3: ahci
[STDERR  ] 2017-11-16T15:43:41.401693582Z: [    8.617709] scsi host4: ahci
[STDERR  ] 2017-11-16T15:43:41.401699358Z: [    8.620850] scsi host5: ahci
[STDERR  ] 2017-11-16T15:43:41.401705426Z: [    8.622999] ata1: SATA max UDMA/133 abar m4096@0xfebd2000 port 0xfebd2100 irq 24
[STDERR  ] 2017-11-16T15:43:41.401711574Z: [    8.623541] ata2: SATA max UDMA/133 abar m4096@0xfebd2000 port 0xfebd2180 irq 24
[STDERR  ] 2017-11-16T15:43:41.401717456Z: [    8.623977] ata3: SATA max UDMA/133 abar m4096@0xfebd2000 port 0xfebd2200 irq 24
[STDERR  ] 2017-11-16T15:43:41.401723081Z: [    8.624386] ata4: SATA max UDMA/133 abar m4096@0xfebd2000 port 0xfebd2280 irq 24
[STDERR  ] 2017-11-16T15:43:41.401728988Z: [    8.624811] ata5: SATA max UDMA/133 abar m4096@0xfebd2000 port 0xfebd2300 irq 24
[STDERR  ] 2017-11-16T15:43:41.401735002Z: [    8.625285] ata6: SATA max UDMA/133 abar m4096@0xfebd2000 port 0xfebd2380 irq 24
[STDERR  ] 2017-11-16T15:43:41.401741084Z: [    8.638956] tun: Universal TUN/TAP device driver, 1.6
[STDERR  ] 2017-11-16T15:43:41.401747142Z: [    8.639336] tun: (C) 1999-2004 Max Krasnyansky <maxk@qualcomm.com>
[STDERR  ] 2017-11-16T15:43:41.401752882Z: [    8.651781] VMware vmxnet3 virtual NIC driver - version 1.4.a.0-k-NAPI
[STDERR  ] 2017-11-16T15:43:41.40176346Z: [    8.652764] hv_vmbus: registering driver hv_netvsc
[STDERR  ] 2017-11-16T15:43:41.401769934Z: [    8.653067] Fusion MPT base driver 3.04.20
[STDERR  ] 2017-11-16T15:43:41.401775971Z: [    8.653333] Copyright (c) 1999-2008 LSI Corporation
[STDERR  ] 2017-11-16T15:43:41.401783001Z: [    8.653981] Fusion MPT SPI Host driver 3.04.20
[STDERR  ] 2017-11-16T15:43:41.401792631Z: [    8.655933] i8042: PNP: PS/2 Controller [PNP0303:KBD,PNP0f13:MOU] at 0x60,0x64 irq 1,12
[STDERR  ] 2017-11-16T15:43:41.401798474Z: [    8.659866] serio: i8042 KBD port at 0x60,0x64 irq 1
[STDERR  ] 2017-11-16T15:43:41.401804825Z: [    8.660926] serio: i8042 AUX port at 0x60,0x64 irq 12
[STDERR  ] 2017-11-16T15:43:41.401811524Z: [    8.663867] hv_vmbus: registering driver hyperv_keyboard
[STDERR  ] 2017-11-16T15:43:41.401817875Z: [    8.666109] mousedev: PS/2 mouse device common for all mice
[STDERR  ] 2017-11-16T15:43:41.401823631Z: [    8.671135] input: AT Translated Set 2 keyboard as /devices/platform/i8042/serio0/input/input1
[STDERR  ] 2017-11-16T15:43:41.401829535Z: [    8.674056] input: PC Speaker as /devices/platform/pcspkr/input/input2
[STDERR  ] 2017-11-16T15:43:41.401835385Z: [    8.678400] rtc_cmos 00:00: RTC can wake from S4
[STDERR  ] 2017-11-16T15:43:41.401840965Z: [    8.682112] rtc_cmos 00:00: rtc core: registered rtc_cmos as rtc0
[STDERR  ] 2017-11-16T15:43:41.401846755Z: [    8.683378] rtc_cmos 00:00: alarms up to one day, y3k, 114 bytes nvram, hpet irqs
[STDERR  ] 2017-11-16T15:43:41.401852396Z: [    8.684320] i2c /dev entries driver
[STDERR  ] 2017-11-16T15:43:41.401858414Z: [    8.686528] device-mapper: ioctl: 4.35.0-ioctl (2016-06-23) initialised: dm-devel@redhat.com
[STDERR  ] 2017-11-16T15:43:41.40186412Z: [    8.691856] usbcore: registered new interface driver usbhid
[STDERR  ] 2017-11-16T15:43:41.401869914Z: [    8.692285] usbhid: USB HID core driver
[STDERR  ] 2017-11-16T15:43:41.401875798Z: [    8.692971] hv_utils: Registering HyperV Utility Driver
[STDERR  ] 2017-11-16T15:43:41.401881574Z: [    8.693286] hv_vmbus: registering driver hv_util
[STDERR  ] 2017-11-16T15:43:41.401887157Z: [    8.693627] hv_vmbus: registering driver hv_balloon
[STDERR  ] 2017-11-16T15:43:41.401892638Z: [    8.694167] oprofile: using NMI interrupt.
[STDERR  ] 2017-11-16T15:43:41.401898181Z: [    8.695272] GACT probability on
[STDERR  ] 2017-11-16T15:43:41.401904472Z: [    8.695751] Mirror/redirect action on
[STDERR  ] 2017-11-16T15:43:41.40191028Z: [    8.696631] Simple TC action Loaded
[STDERR  ] 2017-11-16T15:43:41.401915737Z: [    8.697241] u32 classifier
[STDERR  ] 2017-11-16T15:43:41.401922198Z: [    8.697411]     Performance counters on
[STDERR  ] 2017-11-16T15:43:41.401930258Z: [    8.697828]     input device check on
[STDERR  ] 2017-11-16T15:43:41.401941132Z: [    8.698102]     Actions configured
[STDERR  ] 2017-11-16T15:43:41.401946994Z: [    8.699095] Netfilter messages via NETLINK v0.30.
[STDERR  ] 2017-11-16T15:43:41.401952611Z: [    8.699739] nfnl_acct: registering with nfnetlink.
[STDERR  ] 2017-11-16T15:43:41.401958338Z: [    8.701692] nf_conntrack version 0.5.0 (8192 buckets, 32768 max)
[STDERR  ] 2017-11-16T15:43:41.401964861Z: [    8.704711] ctnetlink v0.93: registering with nfnetlink.
[STDERR  ] 2017-11-16T15:43:41.401970857Z: [    8.707831] nf_tables: (c) 2007-2009 Patrick McHardy <kaber@trash.net>
[STDERR  ] 2017-11-16T15:43:41.401976751Z: [    8.708561] nf_tables_compat: (c) 2012 Pablo Neira Ayuso <pablo@netfilter.org>
[STDERR  ] 2017-11-16T15:43:41.401982918Z: [    8.711200] xt_time: kernel timezone is -0000
[STDERR  ] 2017-11-16T15:43:41.401988434Z: [    8.711747] ip_set: protocol 6
[STDERR  ] 2017-11-16T15:43:41.401994415Z: [    8.712585] IPVS: Registered protocols (TCP, UDP, SCTP, AH, ESP)
[STDERR  ] 2017-11-16T15:43:41.402000027Z: [    8.713266] IPVS: Connection hash table configured (size=4096, memory=64Kbytes)
[STDERR  ] 2017-11-16T15:43:41.40200662Z: [    8.715409] IPVS: Creating netns size=2104 id=0
[STDERR  ] 2017-11-16T15:43:41.402015187Z: [    8.718134] IPVS: ipvs loaded.
[STDERR  ] 2017-11-16T15:43:41.40202157Z: [    8.718516] IPVS: [rr] scheduler registered.
[STDERR  ] 2017-11-16T15:43:41.402027147Z: [    8.718827] IPVS: [wrr] scheduler registered.
[STDERR  ] 2017-11-16T15:43:41.402032668Z: [    8.719171] IPVS: [lc] scheduler registered.
[STDERR  ] 2017-11-16T15:43:41.402040471Z: [    8.719563] IPVS: [wlc] scheduler registered.
[STDERR  ] 2017-11-16T15:43:41.402046091Z: [    8.719974] IPVS: [fo] scheduler registered.
[STDERR  ] 2017-11-16T15:43:41.402051651Z: [    8.720844] IPVS: [ovf] scheduler registered.
[STDERR  ] 2017-11-16T15:43:41.402057329Z: [    8.721296] IPVS: [lblc] scheduler registered.
[STDERR  ] 2017-11-16T15:43:41.402063103Z: [    8.721771] IPVS: [lblcr] scheduler registered.
[STDERR  ] 2017-11-16T15:43:41.402068711Z: [    8.722101] IPVS: [dh] scheduler registered.
[STDERR  ] 2017-11-16T15:43:41.402074383Z: [    8.722401] IPVS: [sh] scheduler registered.
[STDERR  ] 2017-11-16T15:43:41.402080164Z: [    8.722663] IPVS: [sed] scheduler registered.
[STDERR  ] 2017-11-16T15:43:41.402086101Z: [    8.722948] IPVS: [nq] scheduler registered.
[STDERR  ] 2017-11-16T15:43:41.402091756Z: [    8.723677] IPVS: ftp: loaded support on port[0] = 21
[STDERR  ] 2017-11-16T15:43:41.402097483Z: [    8.724634] ipip: IPv4 and MPLS over IPv4 tunneling driver
[STDERR  ] 2017-11-16T15:43:41.402104683Z: [    8.728741] gre: GRE over IPv4 demultiplexor driver
[STDERR  ] 2017-11-16T15:43:41.402110394Z: [    8.732095] ip_tables: (C) 2000-2006 Netfilter Core Team
[STDERR  ] 2017-11-16T15:43:41.402116076Z: [    8.735287] ipt_CLUSTERIP: ClusterIP Version 0.8 loaded successfully
[STDERR  ] 2017-11-16T15:43:41.402121951Z: [    8.736063] arp_tables: arp_tables: (C) 2002 David S. Miller
[STDERR  ] 2017-11-16T15:43:41.402128091Z: [    8.738348] NET: Registered protocol family 10
[STDERR  ] 2017-11-16T15:43:41.402133773Z: [    8.748322] ip6_tables: (C) 2000-2006 Netfilter Core Team
[STDERR  ] 2017-11-16T15:43:41.402139169Z: [    8.756585] NET: Registered protocol family 17
[STDERR  ] 2017-11-16T15:43:41.402144709Z: [    8.757718] Bridge firewalling registered
[STDERR  ] 2017-11-16T15:43:41.402150086Z: [    8.758287] Ebtables v2.0 registered
[STDERR  ] 2017-11-16T15:43:41.402157919Z: [    8.760650] 8021q: 802.1Q VLAN Support v1.8
[STDERR  ] 2017-11-16T15:43:41.402163507Z: [    8.762071] 9pnet: Installing 9P2000 support
[STDERR  ] 2017-11-16T15:43:41.402169143Z: [    8.763573] Key type dns_resolver registered
[STDERR  ] 2017-11-16T15:43:41.402174811Z: [    8.764531] microcode: AMD CPU family 0x6 not supported
[STDERR  ] 2017-11-16T15:43:41.402180631Z: [    8.768288] registered taskstats version 1
[STDERR  ] 2017-11-16T15:43:41.402186281Z: [    8.928735] Key type big_key registered
[STDERR  ] 2017-11-16T15:43:41.402191891Z: [    8.964896] ata5: SATA link down (SStatus 0 SControl 300)
[STDERR  ] 2017-11-16T15:43:41.402201161Z: [    8.967895] ata4: SATA link down (SStatus 0 SControl 300)
[STDERR  ] 2017-11-16T15:43:41.402206914Z: [    8.968995] ata3: SATA link up 1.5 Gbps (SStatus 113 SControl 300)
[STDERR  ] 2017-11-16T15:43:41.402213067Z: [    8.971868] ata2: SATA link down (SStatus 0 SControl 300)
[STDERR  ] 2017-11-16T15:43:41.402218971Z: [    8.972390] ata1: SATA link up 1.5 Gbps (SStatus 113 SControl 300)
[STDERR  ] 2017-11-16T15:43:41.402225034Z: [    8.974505] ata1.00: ATA-7: QEMU HARDDISK, 2.5+, max UDMA/100
[STDERR  ] 2017-11-16T15:43:41.402230537Z: [    8.974890] ata1.00: 1048576 sectors, multi 16: LBA48 NCQ (depth 31/32)
[STDERR  ] 2017-11-16T15:43:41.402236176Z: [    8.975499] ata1.00: applying bridge limits
[STDERR  ] 2017-11-16T15:43:41.402241896Z: [    8.977244] ata1.00: configured for UDMA/100
[STDERR  ] 2017-11-16T15:43:41.402247437Z: [    8.979260] ata6: SATA link down (SStatus 0 SControl 300)
[STDERR  ] 2017-11-16T15:43:41.402253244Z: [    8.980683] ata3.00: ATAPI: QEMU DVD-ROM, 2.5+, max UDMA/100
[STDERR  ] 2017-11-16T15:43:41.402261491Z: [    8.981087] ata3.00: applying bridge limits
[STDERR  ] 2017-11-16T15:43:41.402267164Z: [    8.981710] ata3.00: configured for UDMA/100
[STDERR  ] 2017-11-16T15:43:41.402275154Z: [    8.999387] scsi 0:0:0:0: Direct-Access     ATA      QEMU HARDDISK    2.5+ PQ: 0 ANSI: 5
[STDERR  ] 2017-11-16T15:43:41.402281354Z: [    9.015141] sd 0:0:0:0: Attached scsi generic sg0 type 0
[STDERR  ] 2017-11-16T15:43:41.402287249Z: [    9.020346] sd 0:0:0:0: [sda] 1048576 512-byte logical blocks: (537 MB/512 MiB)
[STDERR  ] 2017-11-16T15:43:41.402292947Z: [    9.025140] sd 0:0:0:0: [sda] Write Protect is off
[STDERR  ] 2017-11-16T15:43:41.402298807Z: [    9.027360] scsi 2:0:0:0: CD-ROM            QEMU     QEMU DVD-ROM     2.5+ PQ: 0 ANSI: 5
[STDERR  ] 2017-11-16T15:43:41.402304346Z: [    9.030944] sd 0:0:0:0: [sda] Write cache: enabled, read cache: enabled, doesn't support DPO or FUA
[STDERR  ] 2017-11-16T15:43:41.402310063Z: [    9.062815] sr 2:0:0:0: [sr0] scsi3-mmc drive: 4x/4x cd/rw xa/form2 tray
[STDERR  ] 2017-11-16T15:43:41.402315901Z: [    9.063567] cdrom: Uniform CD-ROM driver Revision: 3.20
[STDERR  ] 2017-11-16T15:43:41.402322046Z: [    9.080736] sr 2:0:0:0: Attached scsi generic sg1 type 5
[STDERR  ] 2017-11-16T15:43:41.402328461Z: [    9.093416] sd 0:0:0:0: [sda] Attached SCSI disk
[STDERR  ] 2017-11-16T15:43:41.402334033Z: [    9.131384] Key type encrypted registered
[STDERR  ] 2017-11-16T15:43:41.402339531Z: [    9.137547] rtc_cmos 00:00: setting system clock to 2017-11-16 15:43:07 UTC (1510846987)
[STDERR  ] 2017-11-16T15:43:41.402345109Z: [    9.285354] Freeing unused kernel memory: 1380K
[STDERR  ] 2017-11-16T15:43:41.402350549Z: [    9.285770] Write protecting the kernel read-only data: 12288k
[STDERR  ] 2017-11-16T15:43:41.402356731Z: [    9.288852] tsc: Refined TSC clocksource calibration: 2600.005 MHz
[STDERR  ] 2017-11-16T15:43:41.402362897Z: [    9.289395] clocksource: tsc: mask: 0xffffffffffffffff max_cycles: 0x257a40ff313, max_idle_ns: 440795330741 ns
[STDERR  ] 2017-11-16T15:43:41.402368564Z: [    9.295663] Freeing unused kernel memory: 128K
[STDERR  ] 2017-11-16T15:43:41.402374147Z: [    9.382130] Freeing unused kernel memory: 1396K
[STDERR  ] 2017-11-16T15:43:41.402379647Z: [   10.306093] clocksource: Switched to clocksource tsc
[STDERR  ] 2017-11-16T15:43:41.402385111Z: 
[STDERR  ] 2017-11-16T15:43:41.402395941Z: Welcome to LinuxKit
[STDERR  ] 2017-11-16T15:43:41.402401604Z: 
[STDERR  ] 2017-11-16T15:43:41.402407036Z:                         ##         .
[STDERR  ] 2017-11-16T15:43:41.402412912Z:                   ## ## ##        ==
[STDERR  ] 2017-11-16T15:43:41.402418519Z:                ## ## ## ## ##    ===
[STDERR  ] 2017-11-16T15:43:41.402426713Z:            /"""""""""""""""""\___/ ===
[STDERR  ] 2017-11-16T15:43:41.402432364Z:           {                       /  ===-
[STDERR  ] 2017-11-16T15:43:41.402438043Z:            \______ O           __/
[STDERR  ] 2017-11-16T15:43:41.402444411Z:              \    \         __/
[STDERR  ] 2017-11-16T15:43:41.402454041Z:               \____\_______/
[STDERR  ] 2017-11-16T15:43:41.402459793Z: 
[STDERR  ] 2017-11-16T15:43:41.402465403Z: [   21.880620] IPVS: Creating netns size=2104 id=1
[STDERR  ] 2017-11-16T15:43:41.402470914Z: [   21.881178] IPVS: ftp: loaded support on port[0] = 21
[STDERR  ] 2017-11-16T15:43:41.402476653Z: 2017/11/16 15:43:20 Creating partition on /dev/sda
[STDERR  ] 2017-11-16T15:43:41.402482163Z: [   23.223974]  sda:
[STDERR  ] 2017-11-16T15:43:41.402488017Z: [   23.325374]  sda:
[STDERR  ] 2017-11-16T15:43:41.402493433Z: [   23.356775]  sda: sda1
[STDERR  ] 2017-11-16T15:43:41.402499114Z: [   23.431885]  sda: sda1
[STDERR  ] 2017-11-16T15:43:41.402504633Z: 2017/11/16 15:43:22 Partition /dev/sda1 successfully created!
[STDERR  ] 2017-11-16T15:43:41.402510536Z: [   26.371616] IPVS: Creating netns size=2104 id=2
[STDERR  ] 2017-11-16T15:43:41.402516039Z: [   26.372204] IPVS: ftp: loaded support on port[0] = 21
[STDERR  ] 2017-11-16T15:43:41.402521973Z: [   27.816087] EXT4-fs (sda1): couldn't mount as ext3 due to feature incompatibilities
[STDERR  ] 2017-11-16T15:43:41.402529517Z: [   27.826850] EXT4-fs (sda1): couldn't mount as ext2 due to feature incompatibilities
[STDERR  ] 2017-11-16T15:43:41.402538903Z: [   27.861882] EXT4-fs (sda1): mounted filesystem with ordered data mode. Opts: (null)
[STDERR  ] 2017-11-16T15:43:41.402544657Z: format_mount test suite PASSED
[STDERR  ] 2017-11-16T15:43:41.402550206Z: [   42.189642] sd 0:0:0:0: [sda] Synchronizing SCSI cache
[STDERR  ] 2017-11-16T15:43:41.402557689Z: [   42.191050] sd 0:0:0:0: [sda] Stopping disk
[STDERR  ] 2017-11-16T15:43:41.402563417Z: [   42.194851] ACPI: Preparing to enter system sleep state S5
[STDERR  ] 2017-11-16T15:43:41.402569963Z: [   42.196437] reboot: Power down
[STDERR  ] 2017-11-16T15:43:41.402575831Z: + echo [    0.000000] Linux version 4.9.61-linuxkit (root@f63baf0520f0) (gcc version 6.3.0 (Alpine 6.3.0) ) #1 SMP Fri Nov 10 13:47:55 UTC 2017
[STDERR  ] 2017-11-16T15:43:41.402582264Z: [    0.000000] Command line: console=ttyS0
[STDERR  ] 2017-11-16T15:43:41.402587897Z: [    0.000000] x86/fpu: Legacy x87 FPU detected.
[STDERR  ] 2017-11-16T15:43:41.402593414Z: [    0.000000] x86/fpu: Using 'eager' FPU context switches.
[STDERR  ] 2017-11-16T15:43:41.402599814Z: [    0.000000] e820: BIOS-provided physical RAM map:
[STDERR  ] 2017-11-16T15:43:41.402605327Z: [    0.000000] BIOS-e820: [mem 0x0000000000000000-0x000000000009fbff] usable
[STDERR  ] 2017-11-16T15:43:41.402611314Z: [    0.000000] BIOS-e820: [mem 0x000000000009fc00-0x000000000009ffff] reserved
[STDERR  ] 2017-11-16T15:43:41.402617034Z: [    0.000000] BIOS-e820: [mem 0x00000000000f0000-0x00000000000fffff] reserved
[STDERR  ] 2017-11-16T15:43:41.402622799Z: [    0.000000] BIOS-e820: [mem 0x0000000000100000-0x000000003ffdefff] usable
[STDERR  ] 2017-11-16T15:43:41.402628397Z: [    0.000000] BIOS-e820: [mem 0x000000003ffdf000-0x000000003fffffff] reserved
[STDERR  ] 2017-11-16T15:43:41.402633966Z: [    0.000000] BIOS-e820: [mem 0x00000000b0000000-0x00000000bfffffff] reserved
[STDERR  ] 2017-11-16T15:43:41.402640166Z: [    0.000000] BIOS-e820: [mem 0x00000000fed1c000-0x00000000fed1ffff] reserved
[STDERR  ] 2017-11-16T15:43:41.402646441Z: [    0.000000] BIOS-e820: [mem 0x00000000fffc0000-0x00000000ffffffff] reserved
[STDERR  ] 2017-11-16T15:43:41.402651953Z: [    0.000000] NX (Execute Disable) protection: active
[STDERR  ] 2017-11-16T15:43:41.402657903Z: [    0.000000] SMBIOS 2.8 present.
[STDERR  ] 2017-11-16T15:43:41.402663573Z: [    0.000000] e820: last_pfn = 0x3ffdf max_arch_pfn = 0x400000000
[STDERR  ] 2017-11-16T15:43:41.402669982Z: [    0.000000] x86/PAT: Configuration [0-7]: WB  WC  UC- UC  WB  WC  UC- WT  
[STDERR  ] 2017-11-16T15:43:41.402675461Z: [    0.000000] found SMP MP-table at [mem 0x000f6aa0-0x000f6aaf] mapped at [ffff9b0b400f6aa0]
[STDERR  ] 2017-11-16T15:43:41.402681132Z: [    0.000000] RAMDISK: [mem 0x3e03e000-0x3ffcffff]
[STDERR  ] 2017-11-16T15:43:41.402686586Z: [    0.000000] ACPI: Early table checksum verification disabled
[STDERR  ] 2017-11-16T15:43:41.402695983Z: [    0.000000] ACPI: RSDP 0x00000000000F68C0 000014 (v00 BOCHS )
[STDERR  ] 2017-11-16T15:43:41.402702033Z: [    0.000000] ACPI: RSDT 0x000000003FFE2404 000034 (v01 BOCHS  BXPCRSDT 00000001 BXPC 00000001)
[STDERR  ] 2017-11-16T15:43:41.402707734Z: [    0.000000] ACPI: FACP 0x000000003FFE22A4 000074 (v01 BOCHS  BXPCFACP 00000001 BXPC 00000001)
[STDERR  ] 2017-11-16T15:43:41.402713267Z: [    0.000000] ACPI: DSDT 0x000000003FFE0040 002264 (v01 BOCHS  BXPCDSDT 00000001 BXPC 00000001)
[STDERR  ] 2017-11-16T15:43:41.402721377Z: [    0.000000] ACPI: FACS 0x000000003FFE0000 000040
[STDERR  ] 2017-11-16T15:43:41.402727119Z: [    0.000000] ACPI: APIC 0x000000003FFE2318 000078 (v01 BOCHS  BXPCAPIC 00000001 BXPC 00000001)
[STDERR  ] 2017-11-16T15:43:41.402732711Z: [    0.000000] ACPI: HPET 0x000000003FFE2390 000038 (v01 BOCHS  BXPCHPET 00000001 BXPC 00000001)
[STDERR  ] 2017-11-16T15:43:41.402738207Z: [    0.000000] ACPI: MCFG 0x000000003FFE23C8 00003C (v01 BOCHS  BXPCMCFG 00000001 BXPC 00000001)
[STDERR  ] 2017-11-16T15:43:41.402743652Z: [    0.000000] Zone ranges:
[STDERR  ] 2017-11-16T15:43:41.402749736Z: [    0.000000]   DMA      [mem 0x0000000000001000-0x0000000000ffffff]
[STDERR  ] 2017-11-16T15:43:41.402758529Z: [    0.000000]   DMA32    [mem 0x0000000001000000-0x000000003ffdefff]
[STDERR  ] 2017-11-16T15:43:41.402764439Z: [    0.000000]   Normal   empty
[STDERR  ] 2017-11-16T15:43:41.402770447Z: [    0.000000] Movable zone start for each node
[STDERR  ] 2017-11-16T15:43:41.402776101Z: [    0.000000] Early memory node ranges
[STDERR  ] 2017-11-16T15:43:41.402781681Z: [    0.000000]   node   0: [mem 0x0000000000001000-0x000000000009efff]
[STDERR  ] 2017-11-16T15:43:41.402787289Z: [    0.000000]   node   0: [mem 0x0000000000100000-0x000000003ffdefff]
[STDERR  ] 2017-11-16T15:43:41.402792726Z: [    0.000000] Initmem setup node 0 [mem 0x0000000000001000-0x000000003ffdefff]
[STDERR  ] 2017-11-16T15:43:41.402798537Z: [    0.000000] ACPI: PM-Timer IO Port: 0x608
[STDERR  ] 2017-11-16T15:43:41.402804227Z: [    0.000000] ACPI: LAPIC_NMI (acpi_id[0xff] dfl dfl lint[0x1])
[STDERR  ] 2017-11-16T15:43:41.402810099Z: [    0.000000] IOAPIC[0]: apic_id 0, version 32, address 0xfec00000, GSI 0-23
[STDERR  ] 2017-11-16T15:43:41.402817972Z: [    0.000000] ACPI: INT_SRC_OVR (bus 0 bus_irq 0 global_irq 2 dfl dfl)
[STDERR  ] 2017-11-16T15:43:41.402823716Z: [    0.000000] ACPI: INT_SRC_OVR (bus 0 bus_irq 5 global_irq 5 high level)
[STDERR  ] 2017-11-16T15:43:41.402829371Z: [    0.000000] ACPI: INT_SRC_OVR (bus 0 bus_irq 9 global_irq 9 high level)
[STDERR  ] 2017-11-16T15:43:41.402835134Z: [    0.000000] ACPI: INT_SRC_OVR (bus 0 bus_irq 10 global_irq 10 high level)
[STDERR  ] 2017-11-16T15:43:41.402841087Z: [    0.000000] ACPI: INT_SRC_OVR (bus 0 bus_irq 11 global_irq 11 high level)
[STDERR  ] 2017-11-16T15:43:41.402846687Z: [    0.000000] Using ACPI (MADT) for SMP configuration information
[STDERR  ] 2017-11-16T15:43:41.402852876Z: [    0.000000] ACPI: HPET id: 0x8086a201 base: 0xfed00000
[STDERR  ] 2017-11-16T15:43:41.402858609Z: [    0.000000] smpboot: Allowing 1 CPUs, 0 hotplug CPUs
[STDERR  ] 2017-11-16T15:43:41.402864256Z: [    0.000000] e820: [mem 0x40000000-0xafffffff] available for PCI devices
[STDERR  ] 2017-11-16T15:43:41.402870604Z: [    0.000000] Booting paravirtualized kernel on bare hardware
[STDERR  ] 2017-11-16T15:43:41.402876932Z: [    0.000000] clocksource: refined-jiffies: mask: 0xffffffff max_cycles: 0xffffffff, max_idle_ns: 19112604462750000 ns
[STDERR  ] 2017-11-16T15:43:41.402882684Z: [    0.000000] setup_percpu: NR_CPUS:128 nr_cpumask_bits:128 nr_cpu_ids:1 nr_node_ids:1
[STDERR  ] 2017-11-16T15:43:41.402888241Z: [    0.000000] percpu: Embedded 35 pages/cpu @ffff9b0b7de00000 s105112 r8192 d30056 u2097152
[STDERR  ] 2017-11-16T15:43:41.402895202Z: [    0.000000] Built 1 zonelists in Zone order, mobility grouping on.  Total pages: 257896
[STDERR  ] 2017-11-16T15:43:41.402901027Z: [    0.000000] Kernel command line: console=ttyS0
[STDERR  ] 2017-11-16T15:43:41.402906634Z: [    0.000000] PID hash table entries: 4096 (order: 3, 32768 bytes)
[STDERR  ] 2017-11-16T15:43:41.402916431Z: [    0.000000] Dentry cache hash table entries: 131072 (order: 8, 1048576 bytes)
[STDERR  ] 2017-11-16T15:43:41.402922589Z: [    0.000000] Inode-cache hash table entries: 65536 (order: 7, 524288 bytes)
[STDERR  ] 2017-11-16T15:43:41.402928576Z: [    0.000000] Memory: 981844K/1048052K available (8048K kernel code, 1367K rwdata, 2700K rodata, 1380K init, 568K bss, 66208K reserved, 0K cma-reserved)
[STDERR  ] 2017-11-16T15:43:41.402934351Z: [    0.000000] Hierarchical RCU implementation.
[STDERR  ] 2017-11-16T15:43:41.402939902Z: [    0.000000] 	Build-time adjustment of leaf fanout to 64.
[STDERR  ] 2017-11-16T15:43:41.402945894Z: [    0.000000] 	RCU restricting CPUs from NR_CPUS=128 to nr_cpu_ids=1.
[STDERR  ] 2017-11-16T15:43:41.402951519Z: [    0.000000] RCU: Adjusting geometry for rcu_fanout_leaf=64, nr_cpu_ids=1
[STDERR  ] 2017-11-16T15:43:41.402956942Z: [    0.000000] NR_IRQS:8448 nr_irqs:256 16
[STDERR  ] 2017-11-16T15:43:41.402962576Z: [    0.000000] Console: colour VGA+ 80x25
[STDERR  ] 2017-11-16T15:43:41.402968176Z: [    0.000000] console [ttyS0] enabled
[STDERR  ] 2017-11-16T15:43:41.4029766Z: [    0.000000] clocksource: hpet: mask: 0xffffffff max_cycles: 0xffffffff, max_idle_ns: 19112604467 ns
[STDERR  ] 2017-11-16T15:43:41.40298283Z: [    0.000000] tsc: Fast TSC calibration using PIT
[STDERR  ] 2017-11-16T15:43:41.402988365Z: [    0.000000] tsc: Detected 2600.023 MHz processor
[STDERR  ] 2017-11-16T15:43:41.402993811Z: [    0.022247] Calibrating delay loop (skipped), value calculated using timer frequency.. 5200.04 BogoMIPS (lpj=26000230)
[STDERR  ] 2017-11-16T15:43:41.402999453Z: [    0.030546] pid_max: default: 32768 minimum: 301
[STDERR  ] 2017-11-16T15:43:41.403004903Z: [    0.031784] ACPI: Core revision 20160831
[STDERR  ] 2017-11-16T15:43:41.403012958Z: [    0.074721] ACPI: 1 ACPI AML tables successfully acquired and loaded
[STDERR  ] 2017-11-16T15:43:41.40301856Z: [    0.079617] Security Framework initialized
[STDERR  ] 2017-11-16T15:43:41.403026956Z: [    0.080175] Yama: becoming mindful.
[STDERR  ] 2017-11-16T15:43:41.403032558Z: [    0.082284] Mount-cache hash table entries: 2048 (order: 2, 16384 bytes)
[STDERR  ] 2017-11-16T15:43:41.403038095Z: [    0.082894] Mountpoint-cache hash table entries: 2048 (order: 2, 16384 bytes)
[STDERR  ] 2017-11-16T15:43:41.403043933Z: [    0.102216] Last level iTLB entries: 4KB 0, 2MB 0, 4MB 0
[STDERR  ] 2017-11-16T15:43:41.40304991Z: [    0.102844] Last level dTLB entries: 4KB 0, 2MB 0, 4MB 0, 1GB 0
[STDERR  ] 2017-11-16T15:43:41.403055693Z: [    0.409715] Freeing SMP alternatives memory: 20K
[STDERR  ] 2017-11-16T15:43:41.403061213Z: [    0.420454] ftrace: allocating 35542 entries in 139 pages
[STDERR  ] 2017-11-16T15:43:41.403066746Z: [    0.578268] smpboot: Max logical packages: 1
[STDERR  ] 2017-11-16T15:43:41.403072171Z: [    0.585988] ..TIMER: vector=0x30 apic1=0 pin1=2 apic2=-1 pin2=-1
[STDERR  ] 2017-11-16T15:43:41.40307767Z: [    0.690000] smpboot: CPU0: AMD QEMU Virtual CPU version 2.5+ (family: 0x6, model: 0x6, stepping: 0x3)
[STDERR  ] 2017-11-16T15:43:41.403083255Z: [    0.690000] Performance Events: PMU not available due to virtualization, using software events only.
[STDERR  ] 2017-11-16T15:43:41.40308882Z: [    0.699104] NMI watchdog: disabled (cpu0): hardware events not enabled
[STDERR  ] 2017-11-16T15:43:41.403094708Z: [    0.699611] NMI watchdog: Shutting down hard lockup detector on all cpus
[STDERR  ] 2017-11-16T15:43:41.40310015Z: [    0.703679] x86: Booted up 1 node, 1 CPUs
[STDERR  ] 2017-11-16T15:43:41.403105666Z: [    0.704113] smpboot: Total of 1 processors activated (5200.04 BogoMIPS)
[STDERR  ] 2017-11-16T15:43:41.403111123Z: [    0.717879] devtmpfs: initialized
[STDERR  ] 2017-11-16T15:43:41.403117501Z: [    0.723047] x86/mm: Memory block size: 128MB
[STDERR  ] 2017-11-16T15:43:41.40312299Z: [    0.783219] clocksource: jiffies: mask: 0xffffffff max_cycles: 0xffffffff, max_idle_ns: 19112604462750000 ns
[STDERR  ] 2017-11-16T15:43:41.403134373Z: [    0.784279] futex hash table entries: 256 (order: 2, 16384 bytes)
[STDERR  ] 2017-11-16T15:43:41.403140786Z: [    0.794528] NET: Registered protocol family 16
[STDERR  ] 2017-11-16T15:43:41.403146346Z: [    0.804207] cpuidle: using governor ladder
[STDERR  ] 2017-11-16T15:43:41.403151926Z: [    0.804730] cpuidle: using governor menu
[STDERR  ] 2017-11-16T15:43:41.403157465Z: [    0.805996] ACPI: bus type PCI registered
[STDERR  ] 2017-11-16T15:43:41.403162946Z: [    0.808884] PCI: MMCONFIG for domain 0000 [bus 00-ff] at [mem 0xb0000000-0xbfffffff] (base 0xb0000000)
[STDERR  ] 2017-11-16T15:43:41.403168428Z: [    0.810077] PCI: MMCONFIG at [mem 0xb0000000-0xbfffffff] reserved in E820
[STDERR  ] 2017-11-16T15:43:41.403178246Z: [    0.811537] PCI: Using configuration type 1 for base access
[STDERR  ] 2017-11-16T15:43:41.403184185Z: [    0.867690] HugeTLB registered 2 MB page size, pre-allocated 0 pages
[STDERR  ] 2017-11-16T15:43:41.403189764Z: [    0.880229] ACPI: Added _OSI(Module Device)
[STDERR  ] 2017-11-16T15:43:41.403195303Z: [    0.880595] ACPI: Added _OSI(Processor Device)
[STDERR  ] 2017-11-16T15:43:41.403200904Z: [    0.880959] ACPI: Added _OSI(3.0 _SCP Extensions)
[STDERR  ] 2017-11-16T15:43:41.403211968Z: [    0.881250] ACPI: Added _OSI(Processor Aggregator Device)
[STDERR  ] 2017-11-16T15:43:41.40321853Z: [    0.953751] ACPI: Interpreter enabled
[STDERR  ] 2017-11-16T15:43:41.403224053Z: [    0.954808] ACPI: (supports S0 S5)
[STDERR  ] 2017-11-16T15:43:41.403229563Z: [    0.955146] ACPI: Using IOAPIC for interrupt routing
[STDERR  ] 2017-11-16T15:43:41.403235423Z: [    0.957968] PCI: Using host bridge windows from ACPI; if necessary, use "pci=nocrs" and report a bug
[STDERR  ] 2017-11-16T15:43:41.403241144Z: [    1.023164] ACPI: PCI Root Bridge [PCI0] (domain 0000 [bus 00-ff])
[STDERR  ] 2017-11-16T15:43:41.403246923Z: [    1.024534] acpi PNP0A08:00: _OSC: OS supports [ExtendedConfig ASPM ClockPM Segments MSI]
[STDERR  ] 2017-11-16T15:43:41.403252523Z: [    1.031598] acpi PNP0A08:00: _OSC: OS now controls [PCIeHotplug PME PCIeCapability]
[STDERR  ] 2017-11-16T15:43:41.403258214Z: [    1.035357] PCI host bridge to bus 0000:00
[STDERR  ] 2017-11-16T15:43:41.40326516Z: [    1.035832] pci_bus 0000:00: root bus resource [io  0x0000-0x0cf7 window]
[STDERR  ] 2017-11-16T15:43:41.403271696Z: [    1.036279] pci_bus 0000:00: root bus resource [io  0x0d00-0xffff window]
[STDERR  ] 2017-11-16T15:43:41.403277766Z: [    1.036794] pci_bus 0000:00: root bus resource [mem 0x000a0000-0x000bffff window]
[STDERR  ] 2017-11-16T15:43:41.403283215Z: [    1.037268] pci_bus 0000:00: root bus resource [mem 0xc0000000-0xfebfffff window]
[STDERR  ] 2017-11-16T15:43:41.403288931Z: [    1.037928] pci_bus 0000:00: root bus resource [bus 00-ff]
[STDERR  ] 2017-11-16T15:43:41.403294711Z: [    1.145491] pci 0000:00:1f.0: quirk: [io  0x0600-0x067f] claimed by ICH6 ACPI/GPIO/TCO
[STDERR  ] 2017-11-16T15:43:41.403300446Z: [    1.214269] ACPI: PCI Interrupt Link [LNKA] (IRQs 5 *10 11)
[STDERR  ] 2017-11-16T15:43:41.403306456Z: [    1.217227] ACPI: PCI Interrupt Link [LNKB] (IRQs 5 *10 11)
[STDERR  ] 2017-11-16T15:43:41.403312031Z: [    1.219578] ACPI: PCI Interrupt Link [LNKC] (IRQs 5 10 *11)
[STDERR  ] 2017-11-16T15:43:41.403317488Z: [    1.221805] ACPI: PCI Interrupt Link [LNKD] (IRQs 5 10 *11)
[STDERR  ] 2017-11-16T15:43:41.403323068Z: [    1.223805] ACPI: PCI Interrupt Link [LNKE] (IRQs 5 *10 11)
[STDERR  ] 2017-11-16T15:43:41.403328571Z: [    1.225868] ACPI: PCI Interrupt Link [LNKF] (IRQs 5 *10 11)
[STDERR  ] 2017-11-16T15:43:41.403336649Z: [    1.227720] ACPI: PCI Interrupt Link [LNKG] (IRQs 5 10 *11)
[STDERR  ] 2017-11-16T15:43:41.403342219Z: [    1.230656] ACPI: PCI Interrupt Link [LNKH] (IRQs 5 10 *11)
[STDERR  ] 2017-11-16T15:43:41.403347773Z: [    1.231757] ACPI: PCI Interrupt Link [GSIA] (IRQs *16)
[STDERR  ] 2017-11-16T15:43:41.403353351Z: [    1.232611] ACPI: PCI Interrupt Link [GSIB] (IRQs *17)
[STDERR  ] 2017-11-16T15:43:41.403358979Z: [    1.233336] ACPI: PCI Interrupt Link [GSIC] (IRQs *18)
[STDERR  ] 2017-11-16T15:43:41.403368536Z: [    1.234140] ACPI: PCI Interrupt Link [GSID] (IRQs *19)
[STDERR  ] 2017-11-16T15:43:41.403374346Z: [    1.234908] ACPI: PCI Interrupt Link [GSIE] (IRQs *20)
[STDERR  ] 2017-11-16T15:43:41.403379934Z: [    1.235679] ACPI: PCI Interrupt Link [GSIF] (IRQs *21)
[STDERR  ] 2017-11-16T15:43:41.403385463Z: [    1.236417] ACPI: PCI Interrupt Link [GSIG] (IRQs *22)
[STDERR  ] 2017-11-16T15:43:41.403395359Z: [    1.237172] ACPI: PCI Interrupt Link [GSIH] (IRQs *23)
[STDERR  ] 2017-11-16T15:43:41.403401155Z: [    1.241181] ACPI: Enabled 2 GPEs in block 00 to 3F
[STDERR  ] 2017-11-16T15:43:41.40340679Z: [    1.245539] SCSI subsystem initialized
[STDERR  ] 2017-11-16T15:43:41.403412506Z: [    1.247519] ACPI: bus type USB registered
[STDERR  ] 2017-11-16T15:43:41.403418005Z: [    1.248769] usbcore: registered new interface driver usbfs
[STDERR  ] 2017-11-16T15:43:41.403423623Z: [    1.249778] usbcore: registered new interface driver hub
[STDERR  ] 2017-11-16T15:43:41.403429139Z: [    1.250597] usbcore: registered new device driver usb
[STDERR  ] 2017-11-16T15:43:41.40343463Z: [    1.251846] pps_core: LinuxPPS API ver. 1 registered
[STDERR  ] 2017-11-16T15:43:41.403440199Z: [    1.252187] pps_core: Software ver. 5.3.6 - Copyright 2005-2007 Rodolfo Giometti <giometti@linux.it>
[STDERR  ] 2017-11-16T15:43:41.403449091Z: [    1.252982] PTP clock support registered
[STDERR  ] 2017-11-16T15:43:41.403455119Z: [    1.254291] wmi: Mapper loaded
[STDERR  ] 2017-11-16T15:43:41.403461155Z: [    1.255481] PCI: Using ACPI for IRQ routing
[STDERR  ] 2017-11-16T15:43:41.403466844Z: [    1.274712] NetLabel: Initializing
[STDERR  ] 2017-11-16T15:43:41.403475434Z: [    1.274988] NetLabel:  domain hash size = 128
[STDERR  ] 2017-11-16T15:43:41.403480965Z: [    1.275374] NetLabel:  protocols = UNLABELED CIPSOv4
[STDERR  ] 2017-11-16T15:43:41.403486486Z: [    1.278109] NetLabel:  unlabeled traffic allowed by default
[STDERR  ] 2017-11-16T15:43:41.403491939Z: [    1.279527] HPET: 3 timers in total, 0 timers will be used for per-cpu timer
[STDERR  ] 2017-11-16T15:43:41.403497631Z: [    1.280530] hpet0: at MMIO 0xfed00000, IRQs 2, 8, 0
[STDERR  ] 2017-11-16T15:43:41.403505339Z: [    1.281212] hpet0: 3 comparators, 64-bit 100.000000 MHz counter
[STDERR  ] 2017-11-16T15:43:41.403510894Z: [    1.288607] clocksource: Switched to clocksource hpet
[STDERR  ] 2017-11-16T15:43:41.403516435Z: [    1.557808] VFS: Disk quotas dquot_6.6.0
[STDERR  ] 2017-11-16T15:43:41.40352211Z: [    1.558629] VFS: Dquot-cache hash table entries: 512 (order 0, 4096 bytes)
[STDERR  ] 2017-11-16T15:43:41.403527621Z: [    1.562751] FS-Cache: Loaded
[STDERR  ] 2017-11-16T15:43:41.403533449Z: [    1.567730] CacheFiles: Loaded
[STDERR  ] 2017-11-16T15:43:41.403539086Z: [    1.570375] pnp: PnP ACPI init
[STDERR  ] 2017-11-16T15:43:41.403544673Z: [    1.582875] pnp: PnP ACPI: found 5 devices
[STDERR  ] 2017-11-16T15:43:41.403550169Z: [    1.635176] clocksource: acpi_pm: mask: 0xffffff max_cycles: 0xffffff, max_idle_ns: 2085701024 ns
[STDERR  ] 2017-11-16T15:43:41.403555891Z: [    1.639450] NET: Registered protocol family 2
[STDERR  ] 2017-11-16T15:43:41.403561419Z: [    1.647085] TCP established hash table entries: 8192 (order: 4, 65536 bytes)
[STDERR  ] 2017-11-16T15:43:41.40356695Z: [    1.647975] TCP bind hash table entries: 8192 (order: 5, 131072 bytes)
[STDERR  ] 2017-11-16T15:43:41.40357302Z: [    1.648711] TCP: Hash tables configured (established 8192 bind 8192)
[STDERR  ] 2017-11-16T15:43:41.403578939Z: [    1.651494] UDP hash table entries: 512 (order: 2, 16384 bytes)
[STDERR  ] 2017-11-16T15:43:41.40358439Z: [    1.652126] UDP-Lite hash table entries: 512 (order: 2, 16384 bytes)
[STDERR  ] 2017-11-16T15:43:41.403590296Z: [    1.654670] NET: Registered protocol family 1
[STDERR  ] 2017-11-16T15:43:41.403597821Z: [    1.655976] pci 0000:00:01.0: Video device with shadowed ROM at [mem 0x000c0000-0x000dffff]
[STDERR  ] 2017-11-16T15:43:41.403603591Z: [    1.664824] Unpacking initramfs...
[STDERR  ] 2017-11-16T15:43:41.40360905Z: [    8.254109] Freeing initrd memory: 32328K
[STDERR  ] 2017-11-16T15:43:41.403618919Z: [    8.281972] PCLMULQDQ-NI instructions are not detected.
[STDERR  ] 2017-11-16T15:43:41.403625054Z: [    8.283600] AVX or AES-NI instructions are not detected.
[STDERR  ] 2017-11-16T15:43:41.403630484Z: [    8.284094] CPU feature 'AVX registers' is not supported.
[STDERR  ] 2017-11-16T15:43:41.403635969Z: [    8.284483] CPU feature 'AVX registers' is not supported.
[STDERR  ] 2017-11-16T15:43:41.403641446Z: [    8.284864] CPU feature 'AVX registers' is not supported.
[STDERR  ] 2017-11-16T15:43:41.40364706Z: [    8.285272] CPU feature 'AVX registers' is not supported.
[STDERR  ] 2017-11-16T15:43:41.403652691Z: [    8.285696] AVX2 or AES-NI instructions are not detected.
[STDERR  ] 2017-11-16T15:43:41.403658226Z: [    8.286120] AVX2 instructions are not detected.
[STDERR  ] 2017-11-16T15:43:41.403665256Z: [    8.293157] audit: initializing netlink subsys (disabled)
[STDERR  ] 2017-11-16T15:43:41.403670936Z: [    8.295053] audit: type=2000 audit(1510846985.290:1): initialized
[STDERR  ] 2017-11-16T15:43:41.403676394Z: [    8.304480] workingset: timestamp_bits=46 max_order=18 bucket_order=0
[STDERR  ] 2017-11-16T15:43:41.40368191Z: [    8.311866] squashfs: version 4.0 (2009/01/31) Phillip Lougher
[STDERR  ] 2017-11-16T15:43:41.403690979Z: [    8.314321] FS-Cache: Netfs 'cifs' registered for caching
[STDERR  ] 2017-11-16T15:43:41.40369675Z: [    8.315178] fuse init (API version 7.26)
[STDERR  ] 2017-11-16T15:43:41.403702274Z: [    8.317562] SGI XFS with ACLs, security attributes, no debug enabled
[STDERR  ] 2017-11-16T15:43:41.403707883Z: [    8.321974] 9p: Installing v9fs 9p2000 file system support
[STDERR  ] 2017-11-16T15:43:41.403713361Z: [    8.322497] FS-Cache: Netfs '9p' registered for caching
[STDERR  ] 2017-11-16T15:43:41.403718896Z: [    8.355706] NET: Registered protocol family 38
[STDERR  ] 2017-11-16T15:43:41.403724323Z: [    8.356409] Key type asymmetric registered
[STDERR  ] 2017-11-16T15:43:41.403729846Z: [    8.356828] Asymmetric key parser 'x509' registered
[STDERR  ] 2017-11-16T15:43:41.403735436Z: [    8.357876] Block layer SCSI generic (bsg) driver version 0.4 loaded (major 251)
[STDERR  ] 2017-11-16T15:43:41.403741376Z: [    8.359597] io scheduler noop registered
[STDERR  ] 2017-11-16T15:43:41.40374707Z: [    8.359969] io scheduler deadline registered (default)
[STDERR  ] 2017-11-16T15:43:41.403754926Z: [    8.362988] io scheduler cfq registered
[STDERR  ] 2017-11-16T15:43:41.40376054Z: [    8.365649] pci_hotplug: PCI Hot Plug PCI Core version: 0.5
[STDERR  ] 2017-11-16T15:43:41.403765996Z: [    8.366261] pciehp: PCI Express Hot Plug Controller Driver version: 0.4
[STDERR  ] 2017-11-16T15:43:41.403771601Z: [    8.367229] shpchp: Standard Hot Plug PCI Controller Driver version: 0.4
[STDERR  ] 2017-11-16T15:43:41.403778011Z: [    8.368120] hv_vmbus: registering driver hyperv_fb
[STDERR  ] 2017-11-16T15:43:41.403785796Z: [    8.373559] input: Power Button as /devices/LNXSYSTM:00/LNXPWRBN:00/input/input0
[STDERR  ] 2017-11-16T15:43:41.403791873Z: [    8.374819] ACPI: Power Button [PWRF]
[STDERR  ] 2017-11-16T15:43:41.403797456Z: [    8.379594] GHES: HEST is not enabled!
[STDERR  ] 2017-11-16T15:43:41.403803026Z: [    8.389702] ACPI: PCI Interrupt Link [GSIG] enabled at IRQ 22
[STDERR  ] 2017-11-16T15:43:41.40380866Z: [    8.402730] ACPI: PCI Interrupt Link [GSIH] enabled at IRQ 23
[STDERR  ] 2017-11-16T15:43:41.403814131Z: [    8.408365] xenfs: not registering filesystem on non-xen platform
[STDERR  ] 2017-11-16T15:43:41.403819746Z: [    8.411052] Serial: 8250/16550 driver, 4 ports, IRQ sharing disabled
[STDERR  ] 2017-11-16T15:43:41.403825366Z: [    8.436244] 00:04: ttyS0 at I/O 0x3f8 (irq = 4, base_baud = 115200) is a 16550A
[STDERR  ] 2017-11-16T15:43:41.403831424Z: [    8.448941] Non-volatile memory driver v1.3
[STDERR  ] 2017-11-16T15:43:41.40383696Z: [    8.457305] Hangcheck: starting hangcheck timer 0.9.1 (tick is 180 seconds, margin is 60 seconds).
[STDERR  ] 2017-11-16T15:43:41.403842609Z: [    8.461218] random: fast init done
[STDERR  ] 2017-11-16T15:43:41.403851784Z: [    8.464781] random: crng init done
[STDERR  ] 2017-11-16T15:43:41.403857536Z: [    8.498773] loop: module loaded
[STDERR  ] 2017-11-16T15:43:41.403863126Z: [    8.515109] nbd: registered device at major 43
[STDERR  ] 2017-11-16T15:43:41.403868583Z: [    8.558733] lpc_ich 0000:00:1f.0: I/O space for GPIO uninitialized
[STDERR  ] 2017-11-16T15:43:41.403874386Z: [    8.561553] VMware PVSCSI driver - version 1.0.7.0-k
[STDERR  ] 2017-11-16T15:43:41.40387987Z: [    8.562531] hv_vmbus: registering driver hv_storvsc
[STDERR  ] 2017-11-16T15:43:41.403885441Z: [    8.572831] ACPI: PCI Interrupt Link [GSIA] enabled at IRQ 16
[STDERR  ] 2017-11-16T15:43:41.403891026Z: [    8.579613] ahci 0000:00:1f.2: AHCI 0001.0000 32 slots 6 ports 1.5 Gbps 0x3f impl SATA mode
[STDERR  ] 2017-11-16T15:43:41.403898856Z: [    8.580745] ahci 0000:00:1f.2: flags: 64bit ncq only 
[STDERR  ] 2017-11-16T15:43:41.403904558Z: [    8.602375] scsi host0: ahci
[STDERR  ] 2017-11-16T15:43:41.403910345Z: [    8.607817] scsi host1: ahci
[STDERR  ] 2017-11-16T15:43:41.403915949Z: [    8.611784] scsi host2: ahci
[STDERR  ] 2017-11-16T15:43:41.403921493Z: [    8.614225] scsi host3: ahci
[STDERR  ] 2017-11-16T15:43:41.403930218Z: [    8.617709] scsi host4: ahci
[STDERR  ] 2017-11-16T15:43:41.403935859Z: [    8.620850] scsi host5: ahci
[STDERR  ] 2017-11-16T15:43:41.403941412Z: [    8.622999] ata1: SATA max UDMA/133 abar m4096@0xfebd2000 port 0xfebd2100 irq 24
[STDERR  ] 2017-11-16T15:43:41.40394921Z: [    8.623541] ata2: SATA max UDMA/133 abar m4096@0xfebd2000 port 0xfebd2180 irq 24
[STDERR  ] 2017-11-16T15:43:41.403955402Z: [    8.623977] ata3: SATA max UDMA/133 abar m4096@0xfebd2000 port 0xfebd2200 irq 24
[STDERR  ] 2017-11-16T15:43:41.40396095Z: [    8.624386] ata4: SATA max UDMA/133 abar m4096@0xfebd2000 port 0xfebd2280 irq 24
[STDERR  ] 2017-11-16T15:43:41.403966796Z: [    8.624811] ata5: SATA max UDMA/133 abar m4096@0xfebd2000 port 0xfebd2300 irq 24
[STDERR  ] 2017-11-16T15:43:41.403972743Z: [    8.625285] ata6: SATA max UDMA/133 abar m4096@0xfebd2000 port 0xfebd2380 irq 24
[STDERR  ] 2017-11-16T15:43:41.403978296Z: [    8.638956] tun: Universal TUN/TAP device driver, 1.6
[STDERR  ] 2017-11-16T15:43:41.403986852Z: [    8.639336] tun: (C) 1999-2004 Max Krasnyansky <maxk@qualcomm.com>
[STDERR  ] 2017-11-16T15:43:41.403992426Z: [    8.651781] VMware vmxnet3 virtual NIC driver - version 1.4.a.0-k-NAPI
[STDERR  ] 2017-11-16T15:43:41.403997953Z: [    8.652764] hv_vmbus: registering driver hv_netvsc
[STDERR  ] 2017-11-16T15:43:41.404003426Z: [    8.653067] Fusion MPT base driver 3.04.20
[STDERR  ] 2017-11-16T15:43:41.404009072Z: [    8.653333] Copyright (c) 1999-2008 LSI Corporation
[STDERR  ] 2017-11-16T15:43:41.404014608Z: [    8.653981] Fusion MPT SPI Host driver 3.04.20
[STDERR  ] 2017-11-16T15:43:41.404020176Z: [    8.655933] i8042: PNP: PS/2 Controller [PNP0303:KBD,PNP0f13:MOU] at 0x60,0x64 irq 1,12
[STDERR  ] 2017-11-16T15:43:41.404025738Z: [    8.659866] serio: i8042 KBD port at 0x60,0x64 irq 1
[STDERR  ] 2017-11-16T15:43:41.40403143Z: [    8.660926] serio: i8042 AUX port at 0x60,0x64 irq 12
[STDERR  ] 2017-11-16T15:43:41.404037382Z: [    8.663867] hv_vmbus: registering driver hyperv_keyboard
[STDERR  ] 2017-11-16T15:43:41.404043249Z: [    8.666109] mousedev: PS/2 mouse device common for all mice
[STDERR  ] 2017-11-16T15:43:41.404048778Z: [    8.671135] input: AT Translated Set 2 keyboard as /devices/platform/i8042/serio0/input/input1
[STDERR  ] 2017-11-16T15:43:41.404056003Z: [    8.674056] input: PC Speaker as /devices/platform/pcspkr/input/input2
[STDERR  ] 2017-11-16T15:43:41.404062018Z: [    8.678400] rtc_cmos 00:00: RTC can wake from S4
[STDERR  ] 2017-11-16T15:43:41.404067548Z: [    8.682112] rtc_cmos 00:00: rtc core: registered rtc_cmos as rtc0
[STDERR  ] 2017-11-16T15:43:41.40407477Z: [    8.683378] rtc_cmos 00:00: alarms up to one day, y3k, 114 bytes nvram, hpet irqs
[STDERR  ] 2017-11-16T15:43:41.404081115Z: [    8.684320] i2c /dev entries driver
[STDERR  ] 2017-11-16T15:43:41.404086628Z: [    8.686528] device-mapper: ioctl: 4.35.0-ioctl (2016-06-23) initialised: dm-devel@redhat.com
[STDERR  ] 2017-11-16T15:43:41.404095872Z: [    8.691856] usbcore: registered new interface driver usbhid
[STDERR  ] 2017-11-16T15:43:41.404101986Z: [    8.692285] usbhid: USB HID core driver
[STDERR  ] 2017-11-16T15:43:41.404107549Z: [    8.692971] hv_utils: Registering HyperV Utility Driver
[STDERR  ] 2017-11-16T15:43:41.404113052Z: [    8.693286] hv_vmbus: registering driver hv_util
[STDERR  ] 2017-11-16T15:43:41.404118701Z: [    8.693627] hv_vmbus: registering driver hv_balloon
[STDERR  ] 2017-11-16T15:43:41.404124209Z: [    8.694167] oprofile: using NMI interrupt.
[STDERR  ] 2017-11-16T15:43:41.404129839Z: [    8.695272] GACT probability on
[STDERR  ] 2017-11-16T15:43:41.404135282Z: [    8.695751] Mirror/redirect action on
[STDERR  ] 2017-11-16T15:43:41.404140805Z: [    8.696631] Simple TC action Loaded
[STDERR  ] 2017-11-16T15:43:41.404146361Z: [    8.697241] u32 classifier
[STDERR  ] 2017-11-16T15:43:41.404152013Z: [    8.697411]     Performance counters on
[STDERR  ] 2017-11-16T15:43:41.404157506Z: [    8.697828]     input device check on
[STDERR  ] 2017-11-16T15:43:41.404163033Z: [    8.698102]     Actions configured
[STDERR  ] 2017-11-16T15:43:41.404171516Z: [    8.699095] Netfilter messages via NETLINK v0.30.
[STDERR  ] 2017-11-16T15:43:41.404177589Z: [    8.699739] nfnl_acct: registering with nfnetlink.
[STDERR  ] 2017-11-16T15:43:41.404183032Z: [    8.701692] nf_conntrack version 0.5.0 (8192 buckets, 32768 max)
[STDERR  ] 2017-11-16T15:43:41.404188689Z: [    8.704711] ctnetlink v0.93: registering with nfnetlink.
[STDERR  ] 2017-11-16T15:43:41.404194046Z: [    8.707831] nf_tables: (c) 2007-2009 Patrick McHardy <kaber@trash.net>
[STDERR  ] 2017-11-16T15:43:41.404200143Z: [    8.708561] nf_tables_compat: (c) 2012 Pablo Neira Ayuso <pablo@netfilter.org>
[STDERR  ] 2017-11-16T15:43:41.404206405Z: [    8.711200] xt_time: kernel timezone is -0000
[STDERR  ] 2017-11-16T15:43:41.404212088Z: [    8.711747] ip_set: protocol 6
[STDERR  ] 2017-11-16T15:43:41.404217639Z: [    8.712585] IPVS: Registered protocols (TCP, UDP, SCTP, AH, ESP)
[STDERR  ] 2017-11-16T15:43:41.404223246Z: [    8.713266] IPVS: Connection hash table configured (size=4096, memory=64Kbytes)
[STDERR  ] 2017-11-16T15:43:41.404228845Z: [    8.715409] IPVS: Creating netns size=2104 id=0
[STDERR  ] 2017-11-16T15:43:41.404234816Z: [    8.718134] IPVS: ipvs loaded.
[STDERR  ] 2017-11-16T15:43:41.404240749Z: [    8.718516] IPVS: [rr] scheduler registered.
[STDERR  ] 2017-11-16T15:43:41.404246262Z: [    8.718827] IPVS: [wrr] scheduler registered.
[STDERR  ] 2017-11-16T15:43:41.404251676Z: [    8.719171] IPVS: [lc] scheduler registered.
[STDERR  ] 2017-11-16T15:43:41.404257149Z: [    8.719563] IPVS: [wlc] scheduler registered.
[STDERR  ] 2017-11-16T15:43:41.404264968Z: [    8.719974] IPVS: [fo] scheduler registered.
[STDERR  ] 2017-11-16T15:43:41.404270821Z: [    8.720844] IPVS: [ovf] scheduler registered.
[STDERR  ] 2017-11-16T15:43:41.404276283Z: [    8.721296] IPVS: [lblc] scheduler registered.
[STDERR  ] 2017-11-16T15:43:41.404281841Z: [    8.721771] IPVS: [lblcr] scheduler registered.
[STDERR  ] 2017-11-16T15:43:41.404287329Z: [    8.722101] IPVS: [dh] scheduler registered.
[STDERR  ] 2017-11-16T15:43:41.404292733Z: [    8.722401] IPVS: [sh] scheduler registered.
[STDERR  ] 2017-11-16T15:43:41.404298226Z: [    8.722663] IPVS: [sed] scheduler registered.
[STDERR  ] 2017-11-16T15:43:41.404303793Z: [    8.722948] IPVS: [nq] scheduler registered.
[STDERR  ] 2017-11-16T15:43:41.404309286Z: [    8.723677] IPVS: ftp: loaded support on port[0] = 21
[STDERR  ] 2017-11-16T15:43:41.404315083Z: [    8.724634] ipip: IPv4 and MPLS over IPv4 tunneling driver
[STDERR  ] 2017-11-16T15:43:41.404320638Z: [    8.728741] gre: GRE over IPv4 demultiplexor driver
[STDERR  ] 2017-11-16T15:43:41.404326238Z: [    8.732095] ip_tables: (C) 2000-2006 Netfilter Core Team
[STDERR  ] 2017-11-16T15:43:41.404331756Z: [    8.735287] ipt_CLUSTERIP: ClusterIP Version 0.8 loaded successfully
[STDERR  ] 2017-11-16T15:43:41.404337446Z: [    8.736063] arp_tables: arp_tables: (C) 2002 David S. Miller
[STDERR  ] 2017-11-16T15:43:41.404346181Z: [    8.738348] NET: Registered protocol family 10
[STDERR  ] 2017-11-16T15:43:41.404352305Z: [    8.748322] ip6_tables: (C) 2000-2006 Netfilter Core Team
[STDERR  ] 2017-11-16T15:43:41.404357965Z: [    8.756585] NET: Registered protocol family 17
[STDERR  ] 2017-11-16T15:43:41.404365368Z: [    8.757718] Bridge firewalling registered
[STDERR  ] 2017-11-16T15:43:41.404370956Z: [    8.758287] Ebtables v2.0 registered
[STDERR  ] 2017-11-16T15:43:41.404380295Z: [    8.760650] 8021q: 802.1Q VLAN Support v1.8
[STDERR  ] 2017-11-16T15:43:41.404386243Z: [    8.762071] 9pnet: Installing 9P2000 support
[STDERR  ] 2017-11-16T15:43:41.404396018Z: [    8.763573] Key type dns_resolver registered
[STDERR  ] 2017-11-16T15:43:41.404401512Z: [    8.764531] microcode: AMD CPU family 0x6 not supported
[STDERR  ] 2017-11-16T15:43:41.404407101Z: [    8.768288] registered taskstats version 1
[STDERR  ] 2017-11-16T15:43:41.404412656Z: [    8.928735] Key type big_key registered
[STDERR  ] 2017-11-16T15:43:41.404418403Z: [    8.964896] ata5: SATA link down (SStatus 0 SControl 300)
[STDERR  ] 2017-11-16T15:43:41.404427351Z: [    8.967895] ata4: SATA link down (SStatus 0 SControl 300)
[STDERR  ] 2017-11-16T15:43:41.404433606Z: [    8.968995] ata3: SATA link up 1.5 Gbps (SStatus 113 SControl 300)
[STDERR  ] 2017-11-16T15:43:41.404439399Z: [    8.971868] ata2: SATA link down (SStatus 0 SControl 300)
[STDERR  ] 2017-11-16T15:43:41.404444982Z: [    8.972390] ata1: SATA link up 1.5 Gbps (SStatus 113 SControl 300)
[STDERR  ] 2017-11-16T15:43:41.404450865Z: [    8.974505] ata1.00: ATA-7: QEMU HARDDISK, 2.5+, max UDMA/100
[STDERR  ] 2017-11-16T15:43:41.404456586Z: [    8.974890] ata1.00: 1048576 sectors, multi 16: LBA48 NCQ (depth 31/32)
[STDERR  ] 2017-11-16T15:43:41.404462143Z: [    8.975499] ata1.00: applying bridge limits
[STDERR  ] 2017-11-16T15:43:41.404467799Z: [    8.977244] ata1.00: configured for UDMA/100
[STDERR  ] 2017-11-16T15:43:41.404473272Z: [    8.979260] ata6: SATA link down (SStatus 0 SControl 300)
[STDERR  ] 2017-11-16T15:43:41.404527116Z: [    8.980683] ata3.00: ATAPI: QEMU DVD-ROM, 2.5+, max UDMA/100
[STDERR  ] 2017-11-16T15:43:41.404536829Z: [    8.981087] ata3.00: applying bridge limits
[STDERR  ] 2017-11-16T15:43:41.404547181Z: [    8.981710] ata3.00: configured for UDMA/100
[STDERR  ] 2017-11-16T15:43:41.404561899Z: [    8.999387] scsi 0:0:0:0: Direct-Access     ATA      QEMU HARDDISK    2.5+ PQ: 0 ANSI: 5
[STDERR  ] 2017-11-16T15:43:41.404572389Z: [    9.015141] sd 0:0:0:0: Attached scsi generic sg0 type 0
[STDERR  ] 2017-11-16T15:43:41.404602158Z: [    9.020346] sd 0:0:0:0: [sda] 1048576 512-byte logical blocks: (537 MB/512 MiB)
[STDERR  ] 2017-11-16T15:43:41.404613219Z: [    9.025140] sd 0:0:0:0: [sda] Write Protect is off
[STDERR  ] 2017-11-16T15:43:41.404622469Z: [    9.027360] scsi 2:0:0:0: CD-ROM            QEMU     QEMU DVD-ROM     2.5+ PQ: 0 ANSI: 5
[STDERR  ] 2017-11-16T15:43:41.404632533Z: [    9.030944] sd 0:0:0:0: [sda] Write cache: enabled, read cache: enabled, doesn't support DPO or FUA
[STDERR  ] 2017-11-16T15:43:41.404641718Z: [    9.062815] sr 2:0:0:0: [sr0] scsi3-mmc drive: 4x/4x cd/rw xa/form2 tray
[STDERR  ] 2017-11-16T15:43:41.404654631Z: [    9.063567] cdrom: Uniform CD-ROM driver Revision: 3.20
[STDERR  ] 2017-11-16T15:43:41.404677791Z: [    9.080736] sr 2:0:0:0: Attached scsi generic sg1 type 5
[STDERR  ] 2017-11-16T15:43:41.404687299Z: [    9.093416] sd 0:0:0:0: [sda] Attached SCSI disk
[STDERR  ] 2017-11-16T15:43:41.404696309Z: [    9.131384] Key type encrypted registered
[STDERR  ] 2017-11-16T15:43:41.404706375Z: [    9.137547] rtc_cmos 00:00: setting system clock to 2017-11-16 15:43:07 UTC (1510846987)
[STDERR  ] 2017-11-16T15:43:41.404715403Z: [    9.285354] Freeing unused kernel memory: 1380K
[STDERR  ] 2017-11-16T15:43:41.404725036Z: [    9.285770] Write protecting the kernel read-only data: 12288k
[STDERR  ] 2017-11-16T15:43:41.404734018Z: [    9.288852] tsc: Refined TSC clocksource calibration: 2600.005 MHz
[STDERR  ] 2017-11-16T15:43:41.404762458Z: [    9.289395] clocksource: tsc: mask: 0xffffffffffffffff max_cycles: 0x257a40ff313, max_idle_ns: 440795330741 ns
[STDERR  ] 2017-11-16T15:43:41.404773265Z: [    9.295663] Freeing unused kernel memory: 128K
[STDERR  ] 2017-11-16T15:43:41.404782165Z: [    9.382130] Freeing unused kernel memory: 1396K
[STDERR  ] 2017-11-16T15:43:41.404791032Z: [   10.306093] clocksource: Switched to clocksource tsc
[STDERR  ] 2017-11-16T15:43:41.404800232Z: 
[STDERR  ] 2017-11-16T15:43:41.404809063Z: Welcome to LinuxKit
[STDERR  ] 2017-11-16T15:43:41.404818368Z: 
[STDERR  ] 2017-11-16T15:43:41.404842234Z:                         ##         .
[STDERR  ] 2017-11-16T15:43:41.404852202Z:                   ## ## ##        ==
[STDERR  ] 2017-11-16T15:43:41.404861164Z:                ## ## ## ## ##    ===
[STDERR  ] 2017-11-16T15:43:41.40487051Z:            /"""""""""""""""""\___/ ===
[STDERR  ] 2017-11-16T15:43:41.404879511Z:           {                       /  ===-
[STDERR  ] 2017-11-16T15:43:41.404888593Z:            \______ O           __/
[STDERR  ] 2017-11-16T15:43:41.404897767Z:              \    \         __/
[STDERR  ] 2017-11-16T15:43:41.404918705Z:               \____\_______/
[STDERR  ] 2017-11-16T15:43:41.404933334Z: 
[STDERR  ] 2017-11-16T15:43:41.404943365Z: [   21.880620] IPVS: Creating netns size=2104 id=1
[STDERR  ] 2017-11-16T15:43:41.404952745Z: [   21.881178] IPVS: ftp: loaded support on port[0] = 21
[STDERR  ] 2017-11-16T15:43:41.404962217Z: 2017/11/16 15:43:20 Creating partition on /dev/sda
[STDERR  ] 2017-11-16T15:43:41.404971574Z: [   23.223974]  sda:
[STDERR  ] 2017-11-16T15:43:41.404994777Z: [   23.325374]  sda:
[STDERR  ] 2017-11-16T15:43:41.405005937Z: [   23.356775]  sda: sda1
[STDERR  ] 2017-11-16T15:43:41.405015607Z: [   23.431885]  sda: sda1
[STDERR  ] 2017-11-16T15:43:41.405025125Z: 2017/11/16 15:43:22 Partition /dev/sda1 successfully created!
[STDERR  ] 2017-11-16T15:43:41.405034844Z: [   26.371616] IPVS: Creating netns size=2104 id=2
[STDERR  ] 2017-11-16T15:43:41.405044268Z: [   26.372204] IPVS: ftp: loaded support on port[0] = 21
[STDERR  ] 2017-11-16T15:43:41.405053685Z: [   27.816087] EXT4-fs (sda1): couldn't mount as ext3 due to feature incompatibilities
[STDERR  ] 2017-11-16T15:43:41.405076785Z: [   27.826850] EXT4-fs (sda1): couldn't mount as ext2 due to feature incompatibilities
[STDERR  ] 2017-11-16T15:43:41.405086253Z: [   27.861882] EXT4-fs (sda1): mounted filesystem with ordered data mode. Opts: (null)
[STDERR  ] 2017-11-16T15:43:41.405098555Z: format_mount test suite PASSED
[STDERR  ] 2017-11-16T15:43:41.405108214Z: [   42.189642] sd 0:0:0:0: [sda] Synchronizing SCSI cache
[STDERR  ] 2017-11-16T15:43:41.405117401Z: [   42.191050] sd 0:0:0:0: [sda] Stopping disk
[STDERR  ] 2017-11-16T15:43:41.405126821Z: [   42.194851] ACPI: Preparing to enter system sleep state S5
[STDERR  ] 2017-11-16T15:43:41.405146858Z: [   42.196437] reboot: Power down
[STDERR  ] 2017-11-16T15:43:41.405157641Z: + grep -q suite PASSED
[STDOUT  ] 2017-11-16T15:43:41.405177678Z: [    0.000000] Linux version 4.9.61-linuxkit (root@f63baf0520f0) (gcc version 6.3.0 (Alpine 6.3.0) ) #1 SMP Fri Nov 10 13:47:55 UTC 2017
[STDOUT  ] 2017-11-16T15:43:41.405207564Z: [    0.000000] Command line: console=ttyS0
[STDOUT  ] 2017-11-16T15:43:41.405231158Z: [    0.000000] x86/fpu: Legacy x87 FPU detected.
[STDOUT  ] 2017-11-16T15:43:41.405242798Z: [    0.000000] x86/fpu: Using 'eager' FPU context switches.
[STDOUT  ] 2017-11-16T15:43:41.405252321Z: [    0.000000] e820: BIOS-provided physical RAM map:
[STDOUT  ] 2017-11-16T15:43:41.40526149Z: [    0.000000] BIOS-e820: [mem 0x0000000000000000-0x000000000009fbff] usable
[STDOUT  ] 2017-11-16T15:43:41.405270878Z: [    0.000000] BIOS-e820: [mem 0x000000000009fc00-0x000000000009ffff] reserved
[STDOUT  ] 2017-11-16T15:43:41.405279861Z: [    0.000000] BIOS-e820: [mem 0x00000000000f0000-0x00000000000fffff] reserved
[STDOUT  ] 2017-11-16T15:43:41.405289344Z: [    0.000000] BIOS-e820: [mem 0x0000000000100000-0x000000003ffdefff] usable
[STDOUT  ] 2017-11-16T15:43:41.405321054Z: [    0.000000] BIOS-e820: [mem 0x000000003ffdf000-0x000000003fffffff] reserved
[STDOUT  ] 2017-11-16T15:43:41.405331953Z: [    0.000000] BIOS-e820: [mem 0x00000000b0000000-0x00000000bfffffff] reserved
[STDOUT  ] 2017-11-16T15:43:41.405342731Z: [    0.000000] BIOS-e820: [mem 0x00000000fed1c000-0x00000000fed1ffff] reserved
[STDOUT  ] 2017-11-16T15:43:41.405352308Z: [    0.000000] BIOS-e820: [mem 0x00000000fffc0000-0x00000000ffffffff] reserved
[STDOUT  ] 2017-11-16T15:43:41.405361884Z: [    0.000000] NX (Execute Disable) protection: active
[STDOUT  ] 2017-11-16T15:43:41.405371331Z: [    0.000000] SMBIOS 2.8 present.
[STDOUT  ] 2017-11-16T15:43:41.405404198Z: [    0.000000] e820: last_pfn = 0x3ffdf max_arch_pfn = 0x400000000
[STDOUT  ] 2017-11-16T15:43:41.405414504Z: [    0.000000] x86/PAT: Configuration [0-7]: WB  WC  UC- UC  WB  WC  UC- WT  
[STDOUT  ] 2017-11-16T15:43:41.405423874Z: [    0.000000] found SMP MP-table at [mem 0x000f6aa0-0x000f6aaf] mapped at [ffff9b0b400f6aa0]
[STDOUT  ] 2017-11-16T15:43:41.405433101Z: [    0.000000] RAMDISK: [mem 0x3e03e000-0x3ffcffff]
[STDOUT  ] 2017-11-16T15:43:41.405442258Z: [    0.000000] ACPI: Early table checksum verification disabled
[STDOUT  ] 2017-11-16T15:43:41.405472594Z: [    0.000000] ACPI: RSDP 0x00000000000F68C0 000014 (v00 BOCHS )
[STDOUT  ] 2017-11-16T15:43:41.405484553Z: [    0.000000] ACPI: RSDT 0x000000003FFE2404 000034 (v01 BOCHS  BXPCRSDT 00000001 BXPC 00000001)
[STDOUT  ] 2017-11-16T15:43:41.405494431Z: [    0.000000] ACPI: FACP 0x000000003FFE22A4 000074 (v01 BOCHS  BXPCFACP 00000001 BXPC 00000001)
[STDOUT  ] 2017-11-16T15:43:41.405503673Z: [    0.000000] ACPI: DSDT 0x000000003FFE0040 002264 (v01 BOCHS  BXPCDSDT 00000001 BXPC 00000001)
[STDOUT  ] 2017-11-16T15:43:41.405512871Z: [    0.000000] ACPI: FACS 0x000000003FFE0000 000040
[STDOUT  ] 2017-11-16T15:43:41.405522274Z: [    0.000000] ACPI: APIC 0x000000003FFE2318 000078 (v01 BOCHS  BXPCAPIC 00000001 BXPC 00000001)
[STDOUT  ] 2017-11-16T15:43:41.40555187Z: [    0.000000] ACPI: HPET 0x000000003FFE2390 000038 (v01 BOCHS  BXPCHPET 00000001 BXPC 00000001)
[STDOUT  ] 2017-11-16T15:43:41.405563745Z: [    0.000000] ACPI: MCFG 0x000000003FFE23C8 00003C (v01 BOCHS  BXPCMCFG 00000001 BXPC 00000001)
[STDOUT  ] 2017-11-16T15:43:41.40557349Z: [    0.000000] Zone ranges:
[STDOUT  ] 2017-11-16T15:43:41.40558279Z: [    0.000000]   DMA      [mem 0x0000000000001000-0x0000000000ffffff]
[STDOUT  ] 2017-11-16T15:43:41.405595728Z: [    0.000000]   DMA32    [mem 0x0000000001000000-0x000000003ffdefff]
[STDOUT  ] 2017-11-16T15:43:41.405605844Z: [    0.000000]   Normal   empty
[STDOUT  ] 2017-11-16T15:43:41.40561578Z: [    0.000000] Movable zone start for each node
[STDOUT  ] 2017-11-16T15:43:41.405642388Z: [    0.000000] Early memory node ranges
[STDOUT  ] 2017-11-16T15:43:41.405655414Z: [    0.000000]   node   0: [mem 0x0000000000001000-0x000000000009efff]
[STDOUT  ] 2017-11-16T15:43:41.405665016Z: [    0.000000]   node   0: [mem 0x0000000000100000-0x000000003ffdefff]
[STDOUT  ] 2017-11-16T15:43:41.405674786Z: [    0.000000] Initmem setup node 0 [mem 0x0000000000001000-0x000000003ffdefff]
[STDOUT  ] 2017-11-16T15:43:41.405683993Z: [    0.000000] ACPI: PM-Timer IO Port: 0x608
[STDOUT  ] 2017-11-16T15:43:41.40569366Z: [    0.000000] ACPI: LAPIC_NMI (acpi_id[0xff] dfl dfl lint[0x1])
[STDOUT  ] 2017-11-16T15:43:41.405719848Z: [    0.000000] IOAPIC[0]: apic_id 0, version 32, address 0xfec00000, GSI 0-23
[STDOUT  ] 2017-11-16T15:43:41.405730626Z: [    0.000000] ACPI: INT_SRC_OVR (bus 0 bus_irq 0 global_irq 2 dfl dfl)
[STDOUT  ] 2017-11-16T15:43:41.40574029Z: [    0.000000] ACPI: INT_SRC_OVR (bus 0 bus_irq 5 global_irq 5 high level)
[STDOUT  ] 2017-11-16T15:43:41.405750958Z: [    0.000000] ACPI: INT_SRC_OVR (bus 0 bus_irq 9 global_irq 9 high level)
[STDOUT  ] 2017-11-16T15:43:41.405761644Z: [    0.000000] ACPI: INT_SRC_OVR (bus 0 bus_irq 10 global_irq 10 high level)
[STDOUT  ] 2017-11-16T15:43:41.405771785Z: [    0.000000] ACPI: INT_SRC_OVR (bus 0 bus_irq 11 global_irq 11 high level)
[STDOUT  ] 2017-11-16T15:43:41.405806092Z: [    0.000000] Using ACPI (MADT) for SMP configuration information
[STDOUT  ] 2017-11-16T15:43:41.405816482Z: [    0.000000] ACPI: HPET id: 0x8086a201 base: 0xfed00000
[STDOUT  ] 2017-11-16T15:43:41.405826218Z: [    0.000000] smpboot: Allowing 1 CPUs, 0 hotplug CPUs
[STDOUT  ] 2017-11-16T15:43:41.405835693Z: [    0.000000] e820: [mem 0x40000000-0xafffffff] available for PCI devices
[STDOUT  ] 2017-11-16T15:43:41.405846102Z: [    0.000000] Booting paravirtualized kernel on bare hardware
[STDOUT  ] 2017-11-16T15:43:41.405855692Z: [    0.000000] clocksource: refined-jiffies: mask: 0xffffffff max_cycles: 0xffffffff, max_idle_ns: 19112604462750000 ns
[STDOUT  ] 2017-11-16T15:43:41.405883993Z: [    0.000000] setup_percpu: NR_CPUS:128 nr_cpumask_bits:128 nr_cpu_ids:1 nr_node_ids:1
[STDOUT  ] 2017-11-16T15:43:41.405893563Z: [    0.000000] percpu: Embedded 35 pages/cpu @ffff9b0b7de00000 s105112 r8192 d30056 u2097152
[STDOUT  ] 2017-11-16T15:43:41.405903275Z: [    0.000000] Built 1 zonelists in Zone order, mobility grouping on.  Total pages: 257896
[STDOUT  ] 2017-11-16T15:43:41.405912845Z: [    0.000000] Kernel command line: console=ttyS0
[STDOUT  ] 2017-11-16T15:43:41.405923185Z: [    0.000000] PID hash table entries: 4096 (order: 3, 32768 bytes)
[STDOUT  ] 2017-11-16T15:43:41.40595566Z: [    0.000000] Dentry cache hash table entries: 131072 (order: 8, 1048576 bytes)
[STDOUT  ] 2017-11-16T15:43:41.405971472Z: [    0.000000] Inode-cache hash table entries: 65536 (order: 7, 524288 bytes)
[STDOUT  ] 2017-11-16T15:43:41.405984467Z: [    0.000000] Memory: 981844K/1048052K available (8048K kernel code, 1367K rwdata, 2700K rodata, 1380K init, 568K bss, 66208K reserved, 0K cma-reserved)
[STDOUT  ] 2017-11-16T15:43:41.405994025Z: [    0.000000] Hierarchical RCU implementation.
[STDOUT  ] 2017-11-16T15:43:41.406003248Z: [    0.000000] 	Build-time adjustment of leaf fanout to 64.
[STDOUT  ] 2017-11-16T15:43:41.406012838Z: [    0.000000] 	RCU restricting CPUs from NR_CPUS=128 to nr_cpu_ids=1.
[STDOUT  ] 2017-11-16T15:43:41.406037313Z: [    0.000000] RCU: Adjusting geometry for rcu_fanout_leaf=64, nr_cpu_ids=1
[STDOUT  ] 2017-11-16T15:43:41.406049472Z: [    0.000000] NR_IRQS:8448 nr_irqs:256 16
[STDOUT  ] 2017-11-16T15:43:41.406058987Z: [    0.000000] Console: colour VGA+ 80x25
[STDOUT  ] 2017-11-16T15:43:41.406068258Z: [    0.000000] console [ttyS0] enabled
[STDOUT  ] 2017-11-16T15:43:41.406077723Z: [    0.000000] clocksource: hpet: mask: 0xffffffff max_cycles: 0xffffffff, max_idle_ns: 19112604467 ns
[STDOUT  ] 2017-11-16T15:43:41.4060873Z: [    0.000000] tsc: Fast TSC calibration using PIT
[STDOUT  ] 2017-11-16T15:43:41.406096813Z: [    0.000000] tsc: Detected 2600.023 MHz processor
[STDOUT  ] 2017-11-16T15:43:41.406120433Z: [    0.022247] Calibrating delay loop (skipped), value calculated using timer frequency.. 5200.04 BogoMIPS (lpj=26000230)
[STDOUT  ] 2017-11-16T15:43:41.406130347Z: [    0.030546] pid_max: default: 32768 minimum: 301
[STDOUT  ] 2017-11-16T15:43:41.406139042Z: [    0.031784] ACPI: Core revision 20160831
[STDOUT  ] 2017-11-16T15:43:41.40614776Z: [    0.074721] ACPI: 1 ACPI AML tables successfully acquired and loaded
[STDOUT  ] 2017-11-16T15:43:41.406157548Z: [    0.079617] Security Framework initialized
[STDOUT  ] 2017-11-16T15:43:41.406166557Z: [    0.080175] Yama: becoming mindful.
[STDOUT  ] 2017-11-16T15:43:41.406175552Z: [    0.082284] Mount-cache hash table entries: 2048 (order: 2, 16384 bytes)
[STDOUT  ] 2017-11-16T15:43:41.406197723Z: [    0.082894] Mountpoint-cache hash table entries: 2048 (order: 2, 16384 bytes)
[STDOUT  ] 2017-11-16T15:43:41.406208667Z: [    0.102216] Last level iTLB entries: 4KB 0, 2MB 0, 4MB 0
[STDOUT  ] 2017-11-16T15:43:41.406217455Z: [    0.102844] Last level dTLB entries: 4KB 0, 2MB 0, 4MB 0, 1GB 0
[STDOUT  ] 2017-11-16T15:43:41.406230207Z: [    0.409715] Freeing SMP alternatives memory: 20K
[STDOUT  ] 2017-11-16T15:43:41.406239335Z: [    0.420454] ftrace: allocating 35542 entries in 139 pages
[STDOUT  ] 2017-11-16T15:43:41.406248463Z: [    0.578268] smpboot: Max logical packages: 1
[STDOUT  ] 2017-11-16T15:43:41.40628012Z: [    0.585988] ..TIMER: vector=0x30 apic1=0 pin1=2 apic2=-1 pin2=-1
[STDOUT  ] 2017-11-16T15:43:41.406290345Z: [    0.690000] smpboot: CPU0: AMD QEMU Virtual CPU version 2.5+ (family: 0x6, model: 0x6, stepping: 0x3)
[STDOUT  ] 2017-11-16T15:43:41.406299353Z: [    0.690000] Performance Events: PMU not available due to virtualization, using software events only.
[STDOUT  ] 2017-11-16T15:43:41.406308297Z: [    0.699104] NMI watchdog: disabled (cpu0): hardware events not enabled
[STDOUT  ] 2017-11-16T15:43:41.406317633Z: [    0.699611] NMI watchdog: Shutting down hard lockup detector on all cpus
[STDOUT  ] 2017-11-16T15:43:41.406327547Z: [    0.703679] x86: Booted up 1 node, 1 CPUs
[STDOUT  ] 2017-11-16T15:43:41.406336612Z: [    0.704113] smpboot: Total of 1 processors activated (5200.04 BogoMIPS)
[STDOUT  ] 2017-11-16T15:43:41.406357337Z: [    0.717879] devtmpfs: initialized
[STDOUT  ] 2017-11-16T15:43:41.406367528Z: [    0.723047] x86/mm: Memory block size: 128MB
[STDOUT  ] 2017-11-16T15:43:41.406376528Z: [    0.783219] clocksource: jiffies: mask: 0xffffffff max_cycles: 0xffffffff, max_idle_ns: 19112604462750000 ns
[STDOUT  ] 2017-11-16T15:43:41.406397357Z: [    0.784279] futex hash table entries: 256 (order: 2, 16384 bytes)
[STDOUT  ] 2017-11-16T15:43:41.406407992Z: [    0.794528] NET: Registered protocol family 16
[STDOUT  ] 2017-11-16T15:43:41.406417095Z: [    0.804207] cpuidle: using governor ladder
[STDOUT  ] 2017-11-16T15:43:41.406439002Z: [    0.804730] cpuidle: using governor menu
[STDOUT  ] 2017-11-16T15:43:41.406447842Z: [    0.805996] ACPI: bus type PCI registered
[STDOUT  ] 2017-11-16T15:43:41.40645709Z: [    0.808884] PCI: MMCONFIG for domain 0000 [bus 00-ff] at [mem 0xb0000000-0xbfffffff] (base 0xb0000000)
[STDOUT  ] 2017-11-16T15:43:41.406466398Z: [    0.810077] PCI: MMCONFIG at [mem 0xb0000000-0xbfffffff] reserved in E820
[STDOUT  ] 2017-11-16T15:43:41.406475737Z: [    0.811537] PCI: Using configuration type 1 for base access
[STDOUT  ] 2017-11-16T15:43:41.406485061Z: [    0.867690] HugeTLB registered 2 MB page size, pre-allocated 0 pages
[STDOUT  ] 2017-11-16T15:43:41.40649438Z: [    0.880229] ACPI: Added _OSI(Module Device)
[STDOUT  ] 2017-11-16T15:43:41.406520427Z: [    0.880595] ACPI: Added _OSI(Processor Device)
[STDOUT  ] 2017-11-16T15:43:41.4065297Z: [    0.880959] ACPI: Added _OSI(3.0 _SCP Extensions)
[STDOUT  ] 2017-11-16T15:43:41.406538693Z: [    0.881250] ACPI: Added _OSI(Processor Aggregator Device)
[STDOUT  ] 2017-11-16T15:43:41.406547987Z: [    0.953751] ACPI: Interpreter enabled
[STDOUT  ] 2017-11-16T15:43:41.406556821Z: [    0.954808] ACPI: (supports S0 S5)
[STDOUT  ] 2017-11-16T15:43:41.406565971Z: [    0.955146] ACPI: Using IOAPIC for interrupt routing
[STDOUT  ] 2017-11-16T15:43:41.406574965Z: [    0.957968] PCI: Using host bridge windows from ACPI; if necessary, use "pci=nocrs" and report a bug
[STDOUT  ] 2017-11-16T15:43:41.40659701Z: [    1.023164] ACPI: PCI Root Bridge [PCI0] (domain 0000 [bus 00-ff])
[STDOUT  ] 2017-11-16T15:43:41.406609811Z: [    1.024534] acpi PNP0A08:00: _OSC: OS supports [ExtendedConfig ASPM ClockPM Segments MSI]
[STDOUT  ] 2017-11-16T15:43:41.406619543Z: [    1.031598] acpi PNP0A08:00: _OSC: OS now controls [PCIeHotplug PME PCIeCapability]
[STDOUT  ] 2017-11-16T15:43:41.406628583Z: [    1.035357] PCI host bridge to bus 0000:00
[STDOUT  ] 2017-11-16T15:43:41.406639913Z: [    1.035832] pci_bus 0000:00: root bus resource [io  0x0000-0x0cf7 window]
[STDOUT  ] 2017-11-16T15:43:41.406650043Z: [    1.036279] pci_bus 0000:00: root bus resource [io  0x0d00-0xffff window]
[STDOUT  ] 2017-11-16T15:43:41.406672221Z: [    1.036794] pci_bus 0000:00: root bus resource [mem 0x000a0000-0x000bffff window]
[STDOUT  ] 2017-11-16T15:43:41.406685701Z: [    1.037268] pci_bus 0000:00: root bus resource [mem 0xc0000000-0xfebfffff window]
[STDOUT  ] 2017-11-16T15:43:41.406696645Z: [    1.037928] pci_bus 0000:00: root bus resource [bus 00-ff]
[STDOUT  ] 2017-11-16T15:43:41.406706016Z: [    1.145491] pci 0000:00:1f.0: quirk: [io  0x0600-0x067f] claimed by ICH6 ACPI/GPIO/TCO
[STDOUT  ] 2017-11-16T15:43:41.40672191Z: [    1.214269] ACPI: PCI Interrupt Link [LNKA] (IRQs 5 *10 11)
[STDOUT  ] 2017-11-16T15:43:41.406731106Z: [    1.217227] ACPI: PCI Interrupt Link [LNKB] (IRQs 5 *10 11)
[STDOUT  ] 2017-11-16T15:43:41.406754109Z: [    1.219578] ACPI: PCI Interrupt Link [LNKC] (IRQs 5 10 *11)
[STDOUT  ] 2017-11-16T15:43:41.406766912Z: [    1.221805] ACPI: PCI Interrupt Link [LNKD] (IRQs 5 10 *11)
[STDOUT  ] 2017-11-16T15:43:41.406776157Z: [    1.223805] ACPI: PCI Interrupt Link [LNKE] (IRQs 5 *10 11)
[STDOUT  ] 2017-11-16T15:43:41.406785132Z: [    1.225868] ACPI: PCI Interrupt Link [LNKF] (IRQs 5 *10 11)
[STDOUT  ] 2017-11-16T15:43:41.406794172Z: [    1.227720] ACPI: PCI Interrupt Link [LNKG] (IRQs 5 10 *11)
[STDOUT  ] 2017-11-16T15:43:41.406803342Z: [    1.230656] ACPI: PCI Interrupt Link [LNKH] (IRQs 5 10 *11)
[STDOUT  ] 2017-11-16T15:43:41.406812519Z: [    1.231757] ACPI: PCI Interrupt Link [GSIA] (IRQs *16)
[STDOUT  ] 2017-11-16T15:43:41.406834656Z: [    1.232611] ACPI: PCI Interrupt Link [GSIB] (IRQs *17)
[STDOUT  ] 2017-11-16T15:43:41.406843964Z: [    1.233336] ACPI: PCI Interrupt Link [GSIC] (IRQs *18)
[STDOUT  ] 2017-11-16T15:43:41.406858132Z: [    1.234140] ACPI: PCI Interrupt Link [GSID] (IRQs *19)
[STDOUT  ] 2017-11-16T15:43:41.406868032Z: [    1.234908] ACPI: PCI Interrupt Link [GSIE] (IRQs *20)
[STDOUT  ] 2017-11-16T15:43:41.406876996Z: [    1.235679] ACPI: PCI Interrupt Link [GSIF] (IRQs *21)
[STDOUT  ] 2017-11-16T15:43:41.406886289Z: [    1.236417] ACPI: PCI Interrupt Link [GSIG] (IRQs *22)
[STDOUT  ] 2017-11-16T15:43:41.406907737Z: [    1.237172] ACPI: PCI Interrupt Link [GSIH] (IRQs *23)
[STDOUT  ] 2017-11-16T15:43:41.406918767Z: [    1.241181] ACPI: Enabled 2 GPEs in block 00 to 3F
[STDOUT  ] 2017-11-16T15:43:41.406927772Z: [    1.245539] SCSI subsystem initialized
[STDOUT  ] 2017-11-16T15:43:41.406936727Z: [    1.247519] ACPI: bus type USB registered
[STDOUT  ] 2017-11-16T15:43:41.406946184Z: [    1.248769] usbcore: registered new interface driver usbfs
[STDOUT  ] 2017-11-16T15:43:41.40695891Z: [    1.249778] usbcore: registered new interface driver hub
[STDOUT  ] 2017-11-16T15:43:41.406968329Z: [    1.250597] usbcore: registered new device driver usb
[STDOUT  ] 2017-11-16T15:43:41.406989594Z: [    1.251846] pps_core: LinuxPPS API ver. 1 registered
[STDOUT  ] 2017-11-16T15:43:41.40699922Z: [    1.252187] pps_core: Software ver. 5.3.6 - Copyright 2005-2007 Rodolfo Giometti <giometti@linux.it>
[STDOUT  ] 2017-11-16T15:43:41.407011679Z: [    1.252982] PTP clock support registered
[STDOUT  ] 2017-11-16T15:43:41.407021096Z: [    1.254291] wmi: Mapper loaded
[STDOUT  ] 2017-11-16T15:43:41.407029866Z: [    1.255481] PCI: Using ACPI for IRQ routing
[STDOUT  ] 2017-11-16T15:43:41.407039022Z: [    1.274712] NetLabel: Initializing
[STDOUT  ] 2017-11-16T15:43:41.407048134Z: [    1.274988] NetLabel:  domain hash size = 128
[STDOUT  ] 2017-11-16T15:43:41.407069983Z: [    1.275374] NetLabel:  protocols = UNLABELED CIPSOv4
[STDOUT  ] 2017-11-16T15:43:41.407079166Z: [    1.278109] NetLabel:  unlabeled traffic allowed by default
[STDOUT  ] 2017-11-16T15:43:41.40708837Z: [    1.279527] HPET: 3 timers in total, 0 timers will be used for per-cpu timer
[STDOUT  ] 2017-11-16T15:43:41.407098149Z: [    1.280530] hpet0: at MMIO 0xfed00000, IRQs 2, 8, 0
[STDOUT  ] 2017-11-16T15:43:41.407107346Z: [    1.281212] hpet0: 3 comparators, 64-bit 100.000000 MHz counter
[STDOUT  ] 2017-11-16T15:43:41.407116288Z: [    1.288607] clocksource: Switched to clocksource hpet
[STDOUT  ] 2017-11-16T15:43:41.40712545Z: [    1.557808] VFS: Disk quotas dquot_6.6.0
[STDOUT  ] 2017-11-16T15:43:41.407146419Z: [    1.558629] VFS: Dquot-cache hash table entries: 512 (order 0, 4096 bytes)
[STDOUT  ] 2017-11-16T15:43:41.407156876Z: [    1.562751] FS-Cache: Loaded
[STDOUT  ] 2017-11-16T15:43:41.407165942Z: [    1.567730] CacheFiles: Loaded
[STDOUT  ] 2017-11-16T15:43:41.407175028Z: [    1.570375] pnp: PnP ACPI init
[STDOUT  ] 2017-11-16T15:43:41.407184168Z: [    1.582875] pnp: PnP ACPI: found 5 devices
[STDOUT  ] 2017-11-16T15:43:41.407199006Z: [    1.635176] clocksource: acpi_pm: mask: 0xffffff max_cycles: 0xffffff, max_idle_ns: 2085701024 ns
[STDOUT  ] 2017-11-16T15:43:41.40722117Z: [    1.639450] NET: Registered protocol family 2
[STDOUT  ] 2017-11-16T15:43:41.407232482Z: [    1.647085] TCP established hash table entries: 8192 (order: 4, 65536 bytes)
[STDOUT  ] 2017-11-16T15:43:41.407242003Z: [    1.647975] TCP bind hash table entries: 8192 (order: 5, 131072 bytes)
[STDOUT  ] 2017-11-16T15:43:41.407251773Z: [    1.648711] TCP: Hash tables configured (established 8192 bind 8192)
[STDOUT  ] 2017-11-16T15:43:41.407261369Z: [    1.651494] UDP hash table entries: 512 (order: 2, 16384 bytes)
[STDOUT  ] 2017-11-16T15:43:41.407270259Z: [    1.652126] UDP-Lite hash table entries: 512 (order: 2, 16384 bytes)
[STDOUT  ] 2017-11-16T15:43:41.407279753Z: [    1.654670] NET: Registered protocol family 1
[STDOUT  ] 2017-11-16T15:43:41.4073002Z: [    1.655976] pci 0000:00:01.0: Video device with shadowed ROM at [mem 0x000c0000-0x000dffff]
[STDOUT  ] 2017-11-16T15:43:41.407310924Z: [    1.664824] Unpacking initramfs...
[STDOUT  ] 2017-11-16T15:43:41.407320599Z: [    8.254109] Freeing initrd memory: 32328K
[STDOUT  ] 2017-11-16T15:43:41.40733536Z: [    8.281972] PCLMULQDQ-NI instructions are not detected.
[STDOUT  ] 2017-11-16T15:43:41.40734487Z: [    8.283600] AVX or AES-NI instructions are not detected.
[STDOUT  ] 2017-11-16T15:43:41.407353772Z: [    8.284094] CPU feature 'AVX registers' is not supported.
[STDOUT  ] 2017-11-16T15:43:41.407362772Z: [    8.284483] CPU feature 'AVX registers' is not supported.
[STDOUT  ] 2017-11-16T15:43:41.407384649Z: [    8.284864] CPU feature 'AVX registers' is not supported.
[STDOUT  ] 2017-11-16T15:43:41.407399656Z: [    8.285272] CPU feature 'AVX registers' is not supported.
[STDOUT  ] 2017-11-16T15:43:41.407408892Z: [    8.285696] AVX2 or AES-NI instructions are not detected.
[STDOUT  ] 2017-11-16T15:43:41.407418033Z: [    8.286120] AVX2 instructions are not detected.
[STDOUT  ] 2017-11-16T15:43:41.40742678Z: [    8.293157] audit: initializing netlink subsys (disabled)
[STDOUT  ] 2017-11-16T15:43:41.407438353Z: [    8.295053] audit: type=2000 audit(1510846985.290:1): initialized
[STDOUT  ] 2017-11-16T15:43:41.407459245Z: [    8.304480] workingset: timestamp_bits=46 max_order=18 bucket_order=0
[STDOUT  ] 2017-11-16T15:43:41.407489296Z: [    8.311866] squashfs: version 4.0 (2009/01/31) Phillip Lougher
[STDOUT  ] 2017-11-16T15:43:41.407501715Z: [    8.314321] FS-Cache: Netfs 'cifs' registered for caching
[STDOUT  ] 2017-11-16T15:43:41.407511563Z: [    8.315178] fuse init (API version 7.26)
[STDOUT  ] 2017-11-16T15:43:41.407520986Z: [    8.317562] SGI XFS with ACLs, security attributes, no debug enabled
