[INFO    ] 2017-07-24T10:19:43.563239768Z: Running Test linuxkit.security.ports in /tmp/build/test/cases/030_security/010_ports
[INFO    ] 2017-07-24T10:19:43.563320468Z: Running command: [/bin/sh -x /tmp/build/test/cases/030_security/010_ports/test.sh]
[STDERR  ] 2017-07-24T10:19:43.577876338Z: + set -e
[STDERR  ] 2017-07-24T10:19:43.577970553Z: + . /tmp/build/test/cases/_lib/lib.sh
[STDERR  ] 2017-07-24T10:19:43.577978232Z: + [ -f src/github.com/linuxkit/rtf/lib/lib.sh ]
[STDERR  ] 2017-07-24T10:19:43.577985278Z: + LINUXKIT_TMPDIR=/tmp/build/test/cases/_tmp
[STDERR  ] 2017-07-24T10:19:43.57799168Z: + [ -f /tmp/build/test/cases/_tmp/env.sh ]
[STDERR  ] 2017-07-24T10:19:43.57800009Z: + . /tmp/build/test/cases/_tmp/env.sh
[STDERR  ] 2017-07-24T10:19:43.578011965Z: + export LINUXKIT_EXAMPLES_DIR=/tmp/build/test/cases/../../examples
[STDERR  ] 2017-07-24T10:19:43.578025005Z: + export LINUXKIT_BLUEPRINTS_DIR=/tmp/build/test/cases/../../blueprints
[STDERR  ] 2017-07-24T10:19:43.57803723Z: + RT_CANCEL=253
[STDERR  ] 2017-07-24T10:19:43.578047386Z: + NAME=lsof
[STDERR  ] 2017-07-24T10:19:43.578053893Z: + trap clean_up EXIT
[STDERR  ] 2017-07-24T10:19:43.578060076Z: + moby build -output kernel+initrd -name lsof test.yml
[STDERR  ] 2017-07-24T10:19:43.601927242Z: Extract kernel image: linuxkit/kernel:4.9.38
[STDERR  ] 2017-07-24T10:19:45.336298746Z: Add init containers:
[STDERR  ] 2017-07-24T10:19:45.336385693Z: Process init image: linuxkit/init:d049e7b2074da5cd699a27defb47eb101142455d
[STDERR  ] 2017-07-24T10:19:46.5925462Z: Process init image: linuxkit/runc:d5cbeb95bdafedb82ad2cf11cff1a5da7fcae630
[STDERR  ] 2017-07-24T10:19:47.837360381Z: Add onboot containers:
[STDERR  ] 2017-07-24T10:19:47.837451707Z:   Create OCI config for alpine:3.6
[STDERR  ] 2017-07-24T10:19:48.008604232Z:   Create OCI config for linuxkit/poweroff:bce51402e293da0b653923a43c3c7be6e0effa05
[STDERR  ] 2017-07-24T10:19:49.219135805Z: Add files:
[STDERR  ] 2017-07-24T10:19:49.21921785Z:   check.sh
[STDERR  ] 2017-07-24T10:19:49.219976348Z: Create outputs:
[STDERR  ] 2017-07-24T10:19:52.220420739Z:   lsof-kernel lsof-initrd.img lsof-cmdline
[STDERR  ] 2017-07-24T10:19:52.257307799Z: + linuxkit run qemu -kernel lsof
[STDERR  ] 2017-07-24T10:19:52.275814817Z: Unable to find qemu-system-x86_64 within the $PATH. Using a container
[STDOUT  ] 2017-07-24T10:19:54.545217211Z: [    0.000000] Linux version 4.9.38-linuxkit (root@e1ede117fb1e) (gcc version 6.3.0 (Alpine 6.3.0) ) #1 SMP Thu Jul 20 16:07:02 UTC 2017
[STDOUT  ] 2017-07-24T10:19:54.54544847Z: [    0.000000] Command line: console=ttyS0 page_poison=1
[STDOUT  ] 2017-07-24T10:19:54.545469901Z: [    0.000000] x86/fpu: Legacy x87 FPU detected.
[STDOUT  ] 2017-07-24T10:19:54.545731397Z: [    0.000000] x86/fpu: Using 'eager' FPU context switches.
[STDOUT  ] 2017-07-24T10:19:54.545905333Z: [    0.000000] e820: BIOS-provided physical RAM map:
[STDOUT  ] 2017-07-24T10:19:54.546070425Z: [    0.000000] BIOS-e820: [mem 0x0000000000000000-0x000000000009fbff] usable
[STDOUT  ] 2017-07-24T10:19:54.546415643Z: [    0.000000] BIOS-e820: [mem 0x000000000009fc00-0x000000000009ffff] reserved
[STDOUT  ] 2017-07-24T10:19:54.546580831Z: [    0.000000] BIOS-e820: [mem 0x00000000000f0000-0x00000000000fffff] reserved
[STDOUT  ] 2017-07-24T10:19:54.546911408Z: [    0.000000] BIOS-e820: [mem 0x0000000000100000-0x000000003ffdefff] usable
[STDOUT  ] 2017-07-24T10:19:54.547128896Z: [    0.000000] BIOS-e820: [mem 0x000000003ffdf000-0x000000003fffffff] reserved
[STDOUT  ] 2017-07-24T10:19:54.547449666Z: [    0.000000] BIOS-e820: [mem 0x00000000b0000000-0x00000000bfffffff] reserved
[STDOUT  ] 2017-07-24T10:19:54.547665025Z: [    0.000000] BIOS-e820: [mem 0x00000000fed1c000-0x00000000fed1ffff] reserved
[STDOUT  ] 2017-07-24T10:19:54.547863901Z: [    0.000000] BIOS-e820: [mem 0x00000000fffc0000-0x00000000ffffffff] reserved
[STDOUT  ] 2017-07-24T10:19:54.54816831Z: [    0.000000] NX (Execute Disable) protection: active
[STDOUT  ] 2017-07-24T10:19:54.548637111Z: [    0.000000] SMBIOS 2.8 present.
[STDOUT  ] 2017-07-24T10:19:54.548656934Z: [    0.000000] e820: last_pfn = 0x3ffdf max_arch_pfn = 0x400000000
[STDOUT  ] 2017-07-24T10:19:54.548920096Z: [    0.000000] x86/PAT: Configuration [0-7]: WB  WC  UC- UC  WB  WC  UC- WT  
[STDOUT  ] 2017-07-24T10:19:54.549200985Z: [    0.000000] found SMP MP-table at [mem 0x000f6aa0-0x000f6aaf] mapped at [ffff8efa400f6aa0]
[STDOUT  ] 2017-07-24T10:19:54.549369137Z: [    0.000000] RAMDISK: [mem 0x3ee9a000-0x3ffcffff]
[STDOUT  ] 2017-07-24T10:19:54.549539746Z: [    0.000000] ACPI: Early table checksum verification disabled
[STDOUT  ] 2017-07-24T10:19:54.54984382Z: [    0.000000] ACPI: RSDP 0x00000000000F68C0 000014 (v00 BOCHS )
[STDOUT  ] 2017-07-24T10:19:54.550094609Z: [    0.000000] ACPI: RSDT 0x000000003FFE2404 000034 (v01 BOCHS  BXPCRSDT 00000001 BXPC 00000001)
[STDOUT  ] 2017-07-24T10:19:54.550382481Z: [    0.000000] ACPI: FACP 0x000000003FFE22A4 000074 (v01 BOCHS  BXPCFACP 00000001 BXPC 00000001)
[STDOUT  ] 2017-07-24T10:19:54.5506948Z: [    0.000000] ACPI: DSDT 0x000000003FFE0040 002264 (v01 BOCHS  BXPCDSDT 00000001 BXPC 00000001)
[STDOUT  ] 2017-07-24T10:19:54.550859943Z: [    0.000000] ACPI: FACS 0x000000003FFE0000 000040
[STDOUT  ] 2017-07-24T10:19:54.551169059Z: [    0.000000] ACPI: APIC 0x000000003FFE2318 000078 (v01 BOCHS  BXPCAPIC 00000001 BXPC 00000001)
[STDOUT  ] 2017-07-24T10:19:54.551576253Z: [    0.000000] ACPI: HPET 0x000000003FFE2390 000038 (v01 BOCHS  BXPCHPET 00000001 BXPC 00000001)
[STDOUT  ] 2017-07-24T10:19:54.551911545Z: [    0.000000] ACPI: MCFG 0x000000003FFE23C8 00003C (v01 BOCHS  BXPCMCFG 00000001 BXPC 00000001)
[STDOUT  ] 2017-07-24T10:19:54.551949071Z: [    0.000000] Zone ranges:
[STDOUT  ] 2017-07-24T10:19:54.552114273Z: [    0.000000]   DMA      [mem 0x0000000000001000-0x0000000000ffffff]
[STDOUT  ] 2017-07-24T10:19:54.55242428Z: [    0.000000]   DMA32    [mem 0x0000000001000000-0x000000003ffdefff]
[STDOUT  ] 2017-07-24T10:19:54.552529905Z: [    0.000000]   Normal   empty
[STDOUT  ] 2017-07-24T10:19:54.552627785Z: [    0.000000] Movable zone start for each node
[STDOUT  ] 2017-07-24T10:19:54.55289895Z: [    0.000000] Early memory node ranges
[STDOUT  ] 2017-07-24T10:19:54.553059739Z: [    0.000000]   node   0: [mem 0x0000000000001000-0x000000000009efff]
[STDOUT  ] 2017-07-24T10:19:54.553389317Z: [    0.000000]   node   0: [mem 0x0000000000100000-0x000000003ffdefff]
[STDOUT  ] 2017-07-24T10:19:54.553547371Z: [    0.000000] Initmem setup node 0 [mem 0x0000000000001000-0x000000003ffdefff]
[STDOUT  ] 2017-07-24T10:19:54.553709424Z: [    0.000000] ACPI: PM-Timer IO Port: 0x608
[STDOUT  ] 2017-07-24T10:19:54.55403363Z: [    0.000000] ACPI: LAPIC_NMI (acpi_id[0xff] dfl dfl lint[0x1])
[STDOUT  ] 2017-07-24T10:19:54.554189018Z: [    0.000000] IOAPIC[0]: apic_id 0, version 32, address 0xfec00000, GSI 0-23
[STDOUT  ] 2017-07-24T10:19:54.554423824Z: [    0.000000] ACPI: INT_SRC_OVR (bus 0 bus_irq 0 global_irq 2 dfl dfl)
[STDOUT  ] 2017-07-24T10:19:54.554760969Z: [    0.000000] ACPI: INT_SRC_OVR (bus 0 bus_irq 5 global_irq 5 high level)
[STDOUT  ] 2017-07-24T10:19:54.554935909Z: [    0.000000] ACPI: INT_SRC_OVR (bus 0 bus_irq 9 global_irq 9 high level)
[STDOUT  ] 2017-07-24T10:19:54.555187553Z: [    0.000000] ACPI: INT_SRC_OVR (bus 0 bus_irq 10 global_irq 10 high level)
[STDOUT  ] 2017-07-24T10:19:54.555519029Z: [    0.000000] ACPI: INT_SRC_OVR (bus 0 bus_irq 11 global_irq 11 high level)
[STDOUT  ] 2017-07-24T10:19:54.555673308Z: [    0.000000] Using ACPI (MADT) for SMP configuration information
[STDOUT  ] 2017-07-24T10:19:54.5558413Z: [    0.000000] ACPI: HPET id: 0x8086a201 base: 0xfed00000
[STDOUT  ] 2017-07-24T10:19:54.556007861Z: [    0.000000] smpboot: Allowing 1 CPUs, 0 hotplug CPUs
[STDOUT  ] 2017-07-24T10:19:54.556388599Z: [    0.000000] e820: [mem 0x40000000-0xafffffff] available for PCI devices
[STDOUT  ] 2017-07-24T10:19:54.556544772Z: [    0.000000] Booting paravirtualized kernel on bare hardware
[STDOUT  ] 2017-07-24T10:19:54.556868397Z: [    0.000000] clocksource: refined-jiffies: mask: 0xffffffff max_cycles: 0xffffffff, max_idle_ns: 19112604462750000 ns
[STDOUT  ] 2017-07-24T10:19:54.557171384Z: [    0.000000] setup_percpu: NR_CPUS:128 nr_cpumask_bits:128 nr_cpu_ids:1 nr_node_ids:1
[STDOUT  ] 2017-07-24T10:19:54.557477888Z: [    0.000000] percpu: Embedded 35 pages/cpu @ffff8efa7ec00000 s105176 r8192 d29992 u2097152
[STDOUT  ] 2017-07-24T10:19:54.557785538Z: [    0.000000] Built 1 zonelists in Zone order, mobility grouping on.  Total pages: 257896
[STDOUT  ] 2017-07-24T10:19:54.557945596Z: [    0.000000] Kernel command line: console=ttyS0 page_poison=1
[STDOUT  ] 2017-07-24T10:19:54.558269565Z: [    0.000000] PID hash table entries: 4096 (order: 3, 32768 bytes)
[STDOUT  ] 2017-07-24T10:19:54.558507942Z: [    0.000000] Dentry cache hash table entries: 131072 (order: 8, 1048576 bytes)
[STDOUT  ] 2017-07-24T10:19:54.559350902Z: [    0.000000] Inode-cache hash table entries: 65536 (order: 7, 524288 bytes)
[STDOUT  ] 2017-07-24T10:19:54.560253674Z: [    0.000000] Memory: 996548K/1048052K available (8026K kernel code, 1366K rwdata, 2696K rodata, 1380K init, 568K bss, 51504K reserved, 0K cma-reserved)
[STDOUT  ] 2017-07-24T10:19:54.56056591Z: [    0.000000] Hierarchical RCU implementation.
[STDOUT  ] 2017-07-24T10:19:54.560702086Z: [    0.000000] 	Build-time adjustment of leaf fanout to 64.
[STDOUT  ] 2017-07-24T10:19:54.560996887Z: [    0.000000] 	RCU restricting CPUs from NR_CPUS=128 to nr_cpu_ids=1.
[STDOUT  ] 2017-07-24T10:19:54.561455328Z: [    0.000000] RCU: Adjusting geometry for rcu_fanout_leaf=64, nr_cpu_ids=1
[STDOUT  ] 2017-07-24T10:19:54.56161183Z: [    0.000000] NR_IRQS:8448 nr_irqs:256 16
[STDOUT  ] 2017-07-24T10:19:54.561756626Z: [    0.000000] Console: colour VGA+ 80x25
[STDOUT  ] 2017-07-24T10:19:54.562178069Z: [    0.000000] console [ttyS0] enabled
[STDOUT  ] 2017-07-24T10:19:54.564550721Z: [    0.000000] allocated 2097152 bytes of page_ext
[STDOUT  ] 2017-07-24T10:19:54.56806519Z: [    0.000000] clocksource: hpet: mask: 0xffffffff max_cycles: 0xffffffff, max_idle_ns: 19112604467 ns
[STDOUT  ] 2017-07-24T10:19:54.61314002Z: [    0.000000] tsc: Fast TSC calibration using PIT
[STDOUT  ] 2017-07-24T10:19:54.614036896Z: [    0.000000] tsc: Detected 2599.990 MHz processor
[STDOUT  ] 2017-07-24T10:19:54.617723037Z: [    0.022261] Calibrating delay loop (skipped), value calculated using timer frequency.. 5199.98 BogoMIPS (lpj=25999900)
[STDOUT  ] 2017-07-24T10:19:54.618439844Z: [    0.023773] pid_max: default: 32768 minimum: 301
[STDOUT  ] 2017-07-24T10:19:54.619804412Z: [    0.024990] ACPI: Core revision 20160831
[STDOUT  ] 2017-07-24T10:19:54.664629038Z: [    0.074506] ACPI: 1 ACPI AML tables successfully acquired and loaded
[STDOUT  ] 2017-07-24T10:19:54.669641897Z: [    0.079827] Security Framework initialized
[STDOUT  ] 2017-07-24T10:19:54.670351619Z: [    0.080142] Yama: becoming mindful.
[STDOUT  ] 2017-07-24T10:19:54.67361939Z: [    0.083075] Mount-cache hash table entries: 2048 (order: 2, 16384 bytes)
[STDOUT  ] 2017-07-24T10:19:54.674228785Z: [    0.083720] Mountpoint-cache hash table entries: 2048 (order: 2, 16384 bytes)
[STDOUT  ] 2017-07-24T10:19:54.694646612Z: [    0.104664] Last level iTLB entries: 4KB 0, 2MB 0, 4MB 0
[STDOUT  ] 2017-07-24T10:19:54.695406822Z: [    0.105253] Last level dTLB entries: 4KB 0, 2MB 0, 4MB 0, 1GB 0
[STDOUT  ] 2017-07-24T10:19:54.994845573Z: [    0.404292] Freeing SMP alternatives memory: 20K (ffffffff9aeb0000 - ffffffff9aeb5000)
[STDOUT  ] 2017-07-24T10:19:55.00558105Z: [    0.415659] ftrace: allocating 35489 entries in 139 pages
[STDOUT  ] 2017-07-24T10:19:55.302677132Z: [    0.582291] smpboot: Max logical packages: 1
[STDOUT  ] 2017-07-24T10:19:55.309828376Z: [    0.589625] ..TIMER: vector=0x30 apic1=0 pin1=2 apic2=-1 pin2=-1
[STDOUT  ] 2017-07-24T10:19:55.531532647Z: [    0.690000] smpboot: CPU0: AMD QEMU Virtual CPU version 2.5+ (family: 0x6, model: 0x6, stepping: 0x3)
[STDOUT  ] 2017-07-24T10:19:55.533216741Z: [    0.690000] Performance Events: PMU not available due to virtualization, using software events only.
[STDOUT  ] 2017-07-24T10:19:55.55085928Z: [    0.699381] NMI watchdog: disabled (cpu0): hardware events not enabled
[STDOUT  ] 2017-07-24T10:19:55.551314951Z: [    0.700116] NMI watchdog: Shutting down hard lockup detector on all cpus
[STDOUT  ] 2017-07-24T10:19:55.555198966Z: [    0.704028] x86: Booted up 1 node, 1 CPUs
[STDOUT  ] 2017-07-24T10:19:55.555772476Z: [    0.704492] smpboot: Total of 1 processors activated (5199.98 BogoMIPS)
[STDOUT  ] 2017-07-24T10:19:55.571979225Z: [    0.721101] devtmpfs: initialized
[STDOUT  ] 2017-07-24T10:19:55.578508724Z: [    0.727690] x86/mm: Memory block size: 128MB
[STDOUT  ] 2017-07-24T10:19:55.64677687Z: [    0.795461] clocksource: jiffies: mask: 0xffffffff max_cycles: 0xffffffff, max_idle_ns: 19112604462750000 ns
[STDOUT  ] 2017-07-24T10:19:55.647412255Z: [    0.796498] futex hash table entries: 256 (order: 2, 16384 bytes)
[STDOUT  ] 2017-07-24T10:19:55.658014175Z: [    0.807147] NET: Registered protocol family 16
[STDOUT  ] 2017-07-24T10:19:55.669610456Z: [    0.818598] cpuidle: using governor ladder
[STDOUT  ] 2017-07-24T10:19:55.669990505Z: [    0.819036] cpuidle: using governor menu
[STDOUT  ] 2017-07-24T10:19:55.671474802Z: [    0.820649] ACPI: bus type PCI registered
[STDOUT  ] 2017-07-24T10:19:55.674823698Z: [    0.823710] PCI: MMCONFIG for domain 0000 [bus 00-ff] at [mem 0xb0000000-0xbfffffff] (base 0xb0000000)
[STDOUT  ] 2017-07-24T10:19:55.675673462Z: [    0.824562] PCI: MMCONFIG at [mem 0xb0000000-0xbfffffff] reserved in E820
[STDOUT  ] 2017-07-24T10:19:55.676973221Z: [    0.826012] PCI: Using configuration type 1 for base access
[STDOUT  ] 2017-07-24T10:19:55.737754447Z: [    0.886753] HugeTLB registered 2 MB page size, pre-allocated 0 pages
[STDOUT  ] 2017-07-24T10:19:55.753237355Z: [    0.902154] ACPI: Added _OSI(Module Device)
[STDOUT  ] 2017-07-24T10:19:55.753516564Z: [    0.902652] ACPI: Added _OSI(Processor Device)
[STDOUT  ] 2017-07-24T10:19:55.753865785Z: [    0.902998] ACPI: Added _OSI(3.0 _SCP Extensions)
[STDOUT  ] 2017-07-24T10:19:55.754444537Z: [    0.903361] ACPI: Added _OSI(Processor Aggregator Device)
[STDOUT  ] 2017-07-24T10:19:55.830046473Z: [    0.979044] ACPI: Interpreter enabled
[STDOUT  ] 2017-07-24T10:19:55.83149243Z: [    0.980397] ACPI: (supports S0 S5)
[STDOUT  ] 2017-07-24T10:19:55.832021745Z: [    0.980789] ACPI: Using IOAPIC for interrupt routing
[STDOUT  ] 2017-07-24T10:19:55.835288434Z: [    0.983792] PCI: Using host bridge windows from ACPI; if necessary, use "pci=nocrs" and report a bug
[STDOUT  ] 2017-07-24T10:19:55.90300013Z: [    1.051672] ACPI: PCI Root Bridge [PCI0] (domain 0000 [bus 00-ff])
[STDOUT  ] 2017-07-24T10:19:55.904076158Z: [    1.052908] acpi PNP0A08:00: _OSC: OS supports [ExtendedConfig ASPM ClockPM Segments MSI]
[STDOUT  ] 2017-07-24T10:19:55.911455949Z: [    1.060336] acpi PNP0A08:00: _OSC: OS now controls [PCIeHotplug PME PCIeCapability]
[STDOUT  ] 2017-07-24T10:19:55.915201392Z: [    1.064260] PCI host bridge to bus 0000:00
[STDOUT  ] 2017-07-24T10:19:55.915867221Z: [    1.064782] pci_bus 0000:00: root bus resource [io  0x0000-0x0cf7 window]
[STDOUT  ] 2017-07-24T10:19:55.916422982Z: [    1.065305] pci_bus 0000:00: root bus resource [io  0x0d00-0xffff window]
[STDOUT  ] 2017-07-24T10:19:55.916929963Z: [    1.065834] pci_bus 0000:00: root bus resource [mem 0x000a0000-0x000bffff window]
[STDOUT  ] 2017-07-24T10:19:55.917411238Z: [    1.066364] pci_bus 0000:00: root bus resource [mem 0xc0000000-0xfebfffff window]
[STDOUT  ] 2017-07-24T10:19:55.917896329Z: [    1.067061] pci_bus 0000:00: root bus resource [bus 00-ff]
[STDOUT  ] 2017-07-24T10:19:56.011696258Z: [    1.160365] pci 0000:00:1f.0: quirk: [io  0x0600-0x067f] claimed by ICH6 ACPI/GPIO/TCO
[STDOUT  ] 2017-07-24T10:19:56.0709986Z: [    1.218513] ACPI: PCI Interrupt Link [LNKA] (IRQs 5 *10 11)
[STDOUT  ] 2017-07-24T10:19:56.074072993Z: [    1.222659] ACPI: PCI Interrupt Link [LNKB] (IRQs 5 *10 11)
[STDOUT  ] 2017-07-24T10:19:56.076511155Z: [    1.225082] ACPI: PCI Interrupt Link [LNKC] (IRQs 5 10 *11)
[STDOUT  ] 2017-07-24T10:19:56.078444738Z: [    1.227144] ACPI: PCI Interrupt Link [LNKD] (IRQs 5 10 *11)
[STDOUT  ] 2017-07-24T10:19:56.081263378Z: [    1.230233] ACPI: PCI Interrupt Link [LNKE] (IRQs 5 *10 11)
[STDOUT  ] 2017-07-24T10:19:56.083903662Z: [    1.232619] ACPI: PCI Interrupt Link [LNKF] (IRQs 5 *10 11)
[STDOUT  ] 2017-07-24T10:19:56.085918261Z: [    1.234722] ACPI: PCI Interrupt Link [LNKG] (IRQs 5 10 *11)
[STDOUT  ] 2017-07-24T10:19:56.087775202Z: [    1.236670] ACPI: PCI Interrupt Link [LNKH] (IRQs 5 10 *11)
[STDOUT  ] 2017-07-24T10:19:56.088838948Z: [    1.237764] ACPI: PCI Interrupt Link [GSIA] (IRQs *16)
[STDOUT  ] 2017-07-24T10:19:56.08959596Z: [    1.238604] ACPI: PCI Interrupt Link [GSIB] (IRQs *17)
[STDOUT  ] 2017-07-24T10:19:56.090213576Z: [    1.239374] ACPI: PCI Interrupt Link [GSIC] (IRQs *18)
[STDOUT  ] 2017-07-24T10:19:56.091275194Z: [    1.240229] ACPI: PCI Interrupt Link [GSID] (IRQs *19)
[STDOUT  ] 2017-07-24T10:19:56.091900889Z: [    1.241036] ACPI: PCI Interrupt Link [GSIE] (IRQs *20)
[STDOUT  ] 2017-07-24T10:19:56.092599383Z: [    1.241758] ACPI: PCI Interrupt Link [GSIF] (IRQs *21)
[STDOUT  ] 2017-07-24T10:19:56.093412596Z: [    1.242427] ACPI: PCI Interrupt Link [GSIG] (IRQs *22)
[STDOUT  ] 2017-07-24T10:19:56.094040596Z: [    1.243183] ACPI: PCI Interrupt Link [GSIH] (IRQs *23)
[STDOUT  ] 2017-07-24T10:19:56.098527358Z: [    1.247597] ACPI: Enabled 2 GPEs in block 00 to 3F
[STDOUT  ] 2017-07-24T10:19:56.103288056Z: [    1.252400] SCSI subsystem initialized
[STDOUT  ] 2017-07-24T10:19:56.105111077Z: [    1.254359] ACPI: bus type USB registered
[STDOUT  ] 2017-07-24T10:19:56.106483133Z: [    1.255574] usbcore: registered new interface driver usbfs
[STDOUT  ] 2017-07-24T10:19:56.107464748Z: [    1.256561] usbcore: registered new interface driver hub
[STDOUT  ] 2017-07-24T10:19:56.10839366Z: [    1.257500] usbcore: registered new device driver usb
[STDOUT  ] 2017-07-24T10:19:56.109652969Z: [    1.258722] pps_core: LinuxPPS API ver. 1 registered
[STDOUT  ] 2017-07-24T10:19:56.110166733Z: [    1.259097] pps_core: Software ver. 5.3.6 - Copyright 2005-2007 Rodolfo Giometti <giometti@linux.it>
[STDOUT  ] 2017-07-24T10:19:56.110780311Z: [    1.259847] PTP clock support registered
[STDOUT  ] 2017-07-24T10:19:56.112077892Z: [    1.261042] wmi: Mapper loaded
[STDOUT  ] 2017-07-24T10:19:56.113518005Z: [    1.262247] PCI: Using ACPI for IRQ routing
[STDOUT  ] 2017-07-24T10:19:56.132693134Z: [    1.281669] NetLabel: Initializing
[STDOUT  ] 2017-07-24T10:19:56.132915231Z: [    1.281936] NetLabel:  domain hash size = 128
[STDOUT  ] 2017-07-24T10:19:56.133303243Z: [    1.282353] NetLabel:  protocols = UNLABELED CIPSOv4
[STDOUT  ] 2017-07-24T10:19:56.136156041Z: [    1.285248] NetLabel:  unlabeled traffic allowed by default
[STDOUT  ] 2017-07-24T10:19:56.137676674Z: [    1.286624] HPET: 3 timers in total, 0 timers will be used for per-cpu timer
[STDOUT  ] 2017-07-24T10:19:56.138466826Z: [    1.287481] hpet0: at MMIO 0xfed00000, IRQs 2, 8, 0
[STDOUT  ] 2017-07-24T10:19:56.139053836Z: [    1.288010] hpet0: 3 comparators, 64-bit 100.000000 MHz counter
[STDOUT  ] 2017-07-24T10:19:56.146402473Z: [    1.294666] clocksource: Switched to clocksource hpet
[STDOUT  ] 2017-07-24T10:19:56.408031871Z: [    1.551767] VFS: Disk quotas dquot_6.6.0
[STDOUT  ] 2017-07-24T10:19:56.409010537Z: [    1.552674] VFS: Dquot-cache hash table entries: 512 (order 0, 4096 bytes)
[STDOUT  ] 2017-07-24T10:19:56.413008922Z: [    1.556764] FS-Cache: Loaded
[STDOUT  ] 2017-07-24T10:19:56.4181988Z: [    1.562193] CacheFiles: Loaded
[STDOUT  ] 2017-07-24T10:19:56.420781445Z: [    1.564670] pnp: PnP ACPI init
[STDOUT  ] 2017-07-24T10:19:56.432578918Z: [    1.576462] pnp: PnP ACPI: found 5 devices
[STDOUT  ] 2017-07-24T10:19:56.485498503Z: [    1.628937] clocksource: acpi_pm: mask: 0xffffff max_cycles: 0xffffff, max_idle_ns: 2085701024 ns
[STDOUT  ] 2017-07-24T10:19:56.489958769Z: [    1.633734] NET: Registered protocol family 2
[STDOUT  ] 2017-07-24T10:19:56.497736559Z: [    1.641360] TCP established hash table entries: 8192 (order: 4, 65536 bytes)
[STDOUT  ] 2017-07-24T10:19:56.498611288Z: [    1.642288] TCP bind hash table entries: 8192 (order: 5, 131072 bytes)
[STDOUT  ] 2017-07-24T10:19:56.499444297Z: [    1.643098] TCP: Hash tables configured (established 8192 bind 8192)
[STDOUT  ] 2017-07-24T10:19:56.501259522Z: [    1.645080] UDP hash table entries: 512 (order: 2, 16384 bytes)
[STDOUT  ] 2017-07-24T10:19:56.502050684Z: [    1.645703] UDP-Lite hash table entries: 512 (order: 2, 16384 bytes)
[STDOUT  ] 2017-07-24T10:19:56.504421816Z: [    1.648178] NET: Registered protocol family 1
[STDOUT  ] 2017-07-24T10:19:56.505596144Z: [    1.649256] pci 0000:00:01.0: Video device with shadowed ROM at [mem 0x000c0000-0x000dffff]
[STDOUT  ] 2017-07-24T10:19:56.512819088Z: [    1.656548] Unpacking initramfs...
[STDOUT  ] 2017-07-24T10:19:58.960819055Z: [    4.104231] Freeing initrd memory: 17624K (ffff8efa7ee9a000 - ffff8efa7ffd0000)
[STDOUT  ] 2017-07-24T10:19:58.985661931Z: [    4.129464] PCLMULQDQ-NI instructions are not detected.
[STDOUT  ] 2017-07-24T10:19:58.987798589Z: [    4.131511] AVX or AES-NI instructions are not detected.
[STDOUT  ] 2017-07-24T10:19:58.98831807Z: [    4.132021] CPU feature 'AVX registers' is not supported.
[STDOUT  ] 2017-07-24T10:19:58.988840707Z: [    4.132542] CPU feature 'AVX registers' is not supported.
[STDOUT  ] 2017-07-24T10:19:58.989170918Z: [    4.132980] CPU feature 'AVX registers' is not supported.
[STDOUT  ] 2017-07-24T10:19:58.989668151Z: [    4.133442] CPU feature 'AVX registers' is not supported.
[STDOUT  ] 2017-07-24T10:19:58.990198054Z: [    4.133875] AVX2 or AES-NI instructions are not detected.
[STDOUT  ] 2017-07-24T10:19:58.990482944Z: [    4.134316] AVX2 instructions are not detected.
[STDOUT  ] 2017-07-24T10:19:58.997435581Z: [    4.141021] audit: initializing netlink subsys (disabled)
[STDOUT  ] 2017-07-24T10:19:58.999792867Z: [    4.143522] audit: type=2000 audit(1500891597.140:1): initialized
[STDOUT  ] 2017-07-24T10:19:59.007621301Z: [    4.151105] workingset: timestamp_bits=46 max_order=18 bucket_order=0
[STDOUT  ] 2017-07-24T10:19:59.017456097Z: [    4.161177] FS-Cache: Netfs 'cifs' registered for caching
[STDOUT  ] 2017-07-24T10:19:59.018605105Z: [    4.162333] fuse init (API version 7.26)
[STDOUT  ] 2017-07-24T10:19:59.021201649Z: [    4.164918] SGI XFS with ACLs, security attributes, no debug enabled
[STDOUT  ] 2017-07-24T10:19:59.027189103Z: [    4.170961] 9p: Installing v9fs 9p2000 file system support
[STDOUT  ] 2017-07-24T10:19:59.02780614Z: [    4.171623] FS-Cache: Netfs '9p' registered for caching
[STDOUT  ] 2017-07-24T10:19:59.061807242Z: [    4.205480] NET: Registered protocol family 38
[STDOUT  ] 2017-07-24T10:19:59.06247153Z: [    4.206232] Key type asymmetric registered
[STDOUT  ] 2017-07-24T10:19:59.062902031Z: [    4.206696] Asymmetric key parser 'x509' registered
[STDOUT  ] 2017-07-24T10:19:59.064204979Z: [    4.207864] Block layer SCSI generic (bsg) driver version 0.4 loaded (major 251)
[STDOUT  ] 2017-07-24T10:19:59.065865729Z: [    4.209655] io scheduler noop registered
[STDOUT  ] 2017-07-24T10:19:59.0678262Z: [    4.210042] io scheduler deadline registered (default)
[STDOUT  ] 2017-07-24T10:19:59.069525733Z: [    4.213361] io scheduler cfq registered
[STDOUT  ] 2017-07-24T10:19:59.072445321Z: [    4.216175] pci_hotplug: PCI Hot Plug PCI Core version: 0.5
[STDOUT  ] 2017-07-24T10:19:59.073223285Z: [    4.216887] pciehp: PCI Express Hot Plug Controller Driver version: 0.4
[STDOUT  ] 2017-07-24T10:19:59.074092854Z: [    4.217874] shpchp: Standard Hot Plug PCI Controller Driver version: 0.4
[STDOUT  ] 2017-07-24T10:19:59.074818226Z: [    4.218777] hv_vmbus: registering driver hyperv_fb
[STDOUT  ] 2017-07-24T10:19:59.079063724Z: [    4.222674] input: Power Button as /devices/LNXSYSTM:00/LNXPWRBN:00/input/input0
[STDOUT  ] 2017-07-24T10:19:59.07992582Z: [    4.223869] ACPI: Power Button [PWRF]
[STDOUT  ] 2017-07-24T10:19:59.087038901Z: [    4.230907] GHES: HEST is not enabled!
[STDOUT  ] 2017-07-24T10:19:59.098869836Z: [    4.242352] ACPI: PCI Interrupt Link [GSIH] enabled at IRQ 23
[STDOUT  ] 2017-07-24T10:19:59.105020684Z: [    4.248647] xenfs: not registering filesystem on non-xen platform
[STDOUT  ] 2017-07-24T10:19:59.10760129Z: [    4.251238] Serial: 8250/16550 driver, 4 ports, IRQ sharing disabled
[STDOUT  ] 2017-07-24T10:19:59.132588288Z: [    4.276237] 00:04: ttyS0 at I/O 0x3f8 (irq = 4, base_baud = 115200) is a 16550A
[STDOUT  ] 2017-07-24T10:19:59.145188316Z: [    4.288994] Non-volatile memory driver v1.3
[STDOUT  ] 2017-07-24T10:19:59.15378639Z: [    4.297119] Hangcheck: starting hangcheck timer 0.9.1 (tick is 180 seconds, margin is 60 seconds).
[STDOUT  ] 2017-07-24T10:19:59.193133131Z: [    4.337107] loop: module loaded
[STDOUT  ] 2017-07-24T10:19:59.21058676Z: [    4.354358] nbd: registered device at major 43
[STDOUT  ] 2017-07-24T10:19:59.257100733Z: [    4.400721] lpc_ich 0000:00:1f.0: I/O space for GPIO uninitialized
[STDOUT  ] 2017-07-24T10:19:59.259684098Z: [    4.403397] VMware PVSCSI driver - version 1.0.7.0-k
[STDOUT  ] 2017-07-24T10:19:59.260847528Z: [    4.404510] hv_vmbus: registering driver hv_storvsc
[STDOUT  ] 2017-07-24T10:19:59.272107629Z: [    4.415630] ACPI: PCI Interrupt Link [GSIA] enabled at IRQ 16
[STDOUT  ] 2017-07-24T10:19:59.27909386Z: [    4.422502] ahci 0000:00:1f.2: AHCI 0001.0000 32 slots 6 ports 1.5 Gbps 0x3f impl SATA mode
[STDOUT  ] 2017-07-24T10:19:59.279692428Z: [    4.423377] ahci 0000:00:1f.2: flags: 64bit ncq only 
[STDOUT  ] 2017-07-24T10:19:59.302727624Z: [    4.446562] scsi host0: ahci
[STDOUT  ] 2017-07-24T10:19:59.309005514Z: [    4.452865] scsi host1: ahci
[STDOUT  ] 2017-07-24T10:19:59.312777638Z: [    4.456719] scsi host2: ahci
[STDOUT  ] 2017-07-24T10:19:59.315585743Z: [    4.459545] scsi host3: ahci
[STDOUT  ] 2017-07-24T10:19:59.318701475Z: [    4.462363] scsi host4: ahci
[STDOUT  ] 2017-07-24T10:19:59.321031499Z: [    4.465001] scsi host5: ahci
[STDOUT  ] 2017-07-24T10:19:59.323333727Z: [    4.466976] ata1: SATA max UDMA/133 abar m4096@0xfebf1000 port 0xfebf1100 irq 24
[STDOUT  ] 2017-07-24T10:19:59.323947173Z: [    4.467552] ata2: SATA max UDMA/133 abar m4096@0xfebf1000 port 0xfebf1180 irq 24
[STDOUT  ] 2017-07-24T10:19:59.32437915Z: [    4.468037] ata3: SATA max UDMA/133 abar m4096@0xfebf1000 port 0xfebf1200 irq 24
[STDOUT  ] 2017-07-24T10:19:59.324860998Z: [    4.468602] ata4: SATA max UDMA/133 abar m4096@0xfebf1000 port 0xfebf1280 irq 24
[STDOUT  ] 2017-07-24T10:19:59.325361665Z: [    4.469116] ata5: SATA max UDMA/133 abar m4096@0xfebf1000 port 0xfebf1300 irq 24
[STDOUT  ] 2017-07-24T10:19:59.326011511Z: [    4.469588] ata6: SATA max UDMA/133 abar m4096@0xfebf1000 port 0xfebf1380 irq 24
[STDOUT  ] 2017-07-24T10:19:59.343372814Z: [    4.487033] tun: Universal TUN/TAP device driver, 1.6
[STDOUT  ] 2017-07-24T10:19:59.343771299Z: [    4.487423] tun: (C) 1999-2004 Max Krasnyansky <maxk@qualcomm.com>
[STDOUT  ] 2017-07-24T10:19:59.346586517Z: [    4.490056] VMware vmxnet3 virtual NIC driver - version 1.4.a.0-k-NAPI
[STDOUT  ] 2017-07-24T10:19:59.348318654Z: [    4.491955] hv_vmbus: registering driver hv_netvsc
[STDOUT  ] 2017-07-24T10:19:59.348648784Z: [    4.492450] Fusion MPT base driver 3.04.20
[STDOUT  ] 2017-07-24T10:19:59.348936524Z: [    4.492796] Copyright (c) 1999-2008 LSI Corporation
[STDOUT  ] 2017-07-24T10:19:59.349827674Z: [    4.493590] Fusion MPT SPI Host driver 3.04.20
[STDOUT  ] 2017-07-24T10:19:59.352169701Z: [    4.495778] i8042: PNP: PS/2 Controller [PNP0303:KBD,PNP0f13:MOU] at 0x60,0x64 irq 1,12
[STDOUT  ] 2017-07-24T10:19:59.356660507Z: [    4.500049] serio: i8042 KBD port at 0x60,0x64 irq 1
[STDOUT  ] 2017-07-24T10:19:59.357478733Z: [    4.501286] serio: i8042 AUX port at 0x60,0x64 irq 12
[STDOUT  ] 2017-07-24T10:19:59.360961381Z: [    4.504749] hv_vmbus: registering driver hyperv_keyboard
[STDOUT  ] 2017-07-24T10:19:59.363293801Z: [    4.507039] mousedev: PS/2 mouse device common for all mice
[STDOUT  ] 2017-07-24T10:19:59.369365902Z: [    4.512881] input: AT Translated Set 2 keyboard as /devices/platform/i8042/serio0/input/input1
[STDOUT  ] 2017-07-24T10:19:59.373012961Z: [    4.516562] input: PC Speaker as /devices/platform/pcspkr/input/input2
[STDOUT  ] 2017-07-24T10:19:59.378091306Z: [    4.521940] rtc_cmos 00:00: RTC can wake from S4
[STDOUT  ] 2017-07-24T10:19:59.382058739Z: [    4.525698] rtc_cmos 00:00: rtc core: registered rtc_cmos as rtc0
[STDOUT  ] 2017-07-24T10:19:59.383617785Z: [    4.527231] rtc_cmos 00:00: alarms up to one day, y3k, 114 bytes nvram, hpet irqs
[STDOUT  ] 2017-07-24T10:19:59.384300632Z: [    4.528139] i2c /dev entries driver
[STDOUT  ] 2017-07-24T10:19:59.387110453Z: [    4.530759] device-mapper: ioctl: 4.35.0-ioctl (2016-06-23) initialised: dm-devel@redhat.com
[STDOUT  ] 2017-07-24T10:19:59.391978281Z: [    4.535676] usbcore: registered new interface driver usbhid
[STDOUT  ] 2017-07-24T10:19:59.392319468Z: [    4.536101] usbhid: USB HID core driver
[STDOUT  ] 2017-07-24T10:19:59.39304705Z: [    4.536861] hv_utils: Registering HyperV Utility Driver
[STDOUT  ] 2017-07-24T10:19:59.393335857Z: [    4.537200] hv_vmbus: registering driver hv_util
[STDOUT  ] 2017-07-24T10:19:59.393850905Z: [    4.537559] hv_vmbus: registering driver hv_balloon
[STDOUT  ] 2017-07-24T10:19:59.394390907Z: [    4.538215] oprofile: using NMI interrupt.
[STDOUT  ] 2017-07-24T10:19:59.395547803Z: [    4.539479] GACT probability on
[STDOUT  ] 2017-07-24T10:19:59.396338326Z: [    4.540011] Mirror/redirect action on
[STDOUT  ] 2017-07-24T10:19:59.397574576Z: [    4.541401] Simple TC action Loaded
[STDOUT  ] 2017-07-24T10:19:59.398236334Z: [    4.542164] u32 classifier
[STDOUT  ] 2017-07-24T10:19:59.398540965Z: [    4.542365]     Performance counters on
[STDOUT  ] 2017-07-24T10:19:59.399002898Z: [    4.543005]     input device check on
[STDOUT  ] 2017-07-24T10:19:59.399395099Z: [    4.543257]     Actions configured
[STDOUT  ] 2017-07-24T10:19:59.400043393Z: [    4.543912] Netfilter messages via NETLINK v0.30.
[STDOUT  ] 2017-07-24T10:19:59.400689164Z: [    4.544522] nfnl_acct: registering with nfnetlink.
[STDOUT  ] 2017-07-24T10:19:59.402156631Z: [    4.545908] nf_conntrack version 0.5.0 (8192 buckets, 32768 max)
[STDOUT  ] 2017-07-24T10:19:59.405232205Z: [    4.548962] ctnetlink v0.93: registering with nfnetlink.
[STDOUT  ] 2017-07-24T10:19:59.409560947Z: [    4.553119] nf_tables: (c) 2007-2009 Patrick McHardy <kaber@trash.net>
[STDOUT  ] 2017-07-24T10:19:59.410370931Z: [    4.554214] nf_tables_compat: (c) 2012 Pablo Neira Ayuso <pablo@netfilter.org>
[STDOUT  ] 2017-07-24T10:19:59.41306148Z: [    4.556848] xt_time: kernel timezone is -0000
[STDOUT  ] 2017-07-24T10:19:59.413520677Z: [    4.557531] ip_set: protocol 6
[STDOUT  ] 2017-07-24T10:19:59.414448144Z: [    4.558302] IPVS: Registered protocols (TCP, UDP, SCTP, AH, ESP)
[STDOUT  ] 2017-07-24T10:19:59.415301076Z: [    4.558961] IPVS: Connection hash table configured (size=4096, memory=64Kbytes)
[STDOUT  ] 2017-07-24T10:19:59.417403085Z: [    4.561148] IPVS: Creating netns size=2104 id=0
[STDOUT  ] 2017-07-24T10:19:59.420075889Z: [    4.563994] IPVS: ipvs loaded.
[STDOUT  ] 2017-07-24T10:19:59.420628364Z: [    4.564451] IPVS: [rr] scheduler registered.
[STDOUT  ] 2017-07-24T10:19:59.42099697Z: [    4.564824] IPVS: [wrr] scheduler registered.
[STDOUT  ] 2017-07-24T10:19:59.421343705Z: [    4.565162] IPVS: [lc] scheduler registered.
[STDOUT  ] 2017-07-24T10:19:59.421663818Z: [    4.565504] IPVS: [wlc] scheduler registered.
[STDOUT  ] 2017-07-24T10:19:59.421987507Z: [    4.565829] IPVS: [fo] scheduler registered.
[STDOUT  ] 2017-07-24T10:19:59.422302768Z: [    4.566141] IPVS: [ovf] scheduler registered.
[STDOUT  ] 2017-07-24T10:19:59.422813972Z: [    4.566647] IPVS: [lblc] scheduler registered.
[STDOUT  ] 2017-07-24T10:19:59.423290889Z: [    4.567140] IPVS: [lblcr] scheduler registered.
[STDOUT  ] 2017-07-24T10:19:59.423646263Z: [    4.567497] IPVS: [dh] scheduler registered.
[STDOUT  ] 2017-07-24T10:19:59.423962365Z: [    4.567814] IPVS: [sh] scheduler registered.
[STDOUT  ] 2017-07-24T10:19:59.424390226Z: [    4.568154] IPVS: [sed] scheduler registered.
[STDOUT  ] 2017-07-24T10:19:59.424692058Z: [    4.568504] IPVS: [nq] scheduler registered.
[STDOUT  ] 2017-07-24T10:19:59.425552252Z: [    4.569382] IPVS: ftp: loaded support on port[0] = 21
[STDOUT  ] 2017-07-24T10:19:59.427084413Z: [    4.570850] ipip: IPv4 and MPLS over IPv4 tunneling driver
[STDOUT  ] 2017-07-24T10:19:59.431675383Z: [    4.575393] gre: GRE over IPv4 demultiplexor driver
[STDOUT  ] 2017-07-24T10:19:59.434370182Z: [    4.578185] ip_tables: (C) 2000-2006 Netfilter Core Team
[STDOUT  ] 2017-07-24T10:19:59.438531107Z: [    4.582143] ipt_CLUSTERIP: ClusterIP Version 0.8 loaded successfully
[STDOUT  ] 2017-07-24T10:19:59.439237441Z: [    4.583057] arp_tables: arp_tables: (C) 2002 David S. Miller
[STDOUT  ] 2017-07-24T10:19:59.441573299Z: [    4.585531] NET: Registered protocol family 10
[STDOUT  ] 2017-07-24T10:19:59.450908047Z: [    4.594581] ip6_tables: (C) 2000-2006 Netfilter Core Team
[STDOUT  ] 2017-07-24T10:19:59.459607134Z: [    4.603466] NET: Registered protocol family 17
[STDOUT  ] 2017-07-24T10:19:59.460678301Z: [    4.604655] Bridge firewalling registered
[STDOUT  ] 2017-07-24T10:19:59.461187073Z: [    4.605196] Ebtables v2.0 registered
[STDOUT  ] 2017-07-24T10:19:59.463128459Z: [    4.607097] 8021q: 802.1Q VLAN Support v1.8
[STDOUT  ] 2017-07-24T10:19:59.464544468Z: [    4.608521] 9pnet: Installing 9P2000 support
[STDOUT  ] 2017-07-24T10:19:59.466301497Z: [    4.609956] Key type dns_resolver registered
[STDOUT  ] 2017-07-24T10:19:59.467791446Z: [    4.611432] microcode: AMD CPU family 0x6 not supported
[STDOUT  ] 2017-07-24T10:19:59.471663512Z: [    4.615442] registered taskstats version 1
[STDOUT  ] 2017-07-24T10:19:59.658575161Z: [    4.802396] ata2: SATA link down (SStatus 0 SControl 300)
[STDOUT  ] 2017-07-24T10:19:59.661568946Z: [    4.805297] ata1: SATA link down (SStatus 0 SControl 300)
[STDOUT  ] 2017-07-24T10:19:59.667642545Z: [    4.811322] ata6: SATA link down (SStatus 0 SControl 300)
[STDOUT  ] 2017-07-24T10:19:59.668269883Z: [    4.811970] ata5: SATA link down (SStatus 0 SControl 300)
[STDOUT  ] 2017-07-24T10:19:59.668659048Z: [    4.812509] ata4: SATA link down (SStatus 0 SControl 300)
[STDOUT  ] 2017-07-24T10:19:59.669801096Z: [    4.813443] ata3: SATA link up 1.5 Gbps (SStatus 113 SControl 300)
[STDOUT  ] 2017-07-24T10:19:59.673147493Z: [    4.816927] ata3.00: ATAPI: QEMU DVD-ROM, 2.5+, max UDMA/100
[STDOUT  ] 2017-07-24T10:19:59.673658194Z: [    4.817456] ata3.00: applying bridge limits
[STDOUT  ] 2017-07-24T10:19:59.675491375Z: [    4.819231] ata3.00: configured for UDMA/100
[STDOUT  ] 2017-07-24T10:19:59.708197348Z: [    4.851711] scsi 2:0:0:0: CD-ROM            QEMU     QEMU DVD-ROM     2.5+ PQ: 0 ANSI: 5
[STDOUT  ] 2017-07-24T10:19:59.720453891Z: [    4.864356] Key type big_key registered
[STDOUT  ] 2017-07-24T10:19:59.730070758Z: [    4.873668] sr 2:0:0:0: [sr0] scsi3-mmc drive: 4x/4x cd/rw xa/form2 tray
[STDOUT  ] 2017-07-24T10:19:59.730698166Z: [    4.874557] cdrom: Uniform CD-ROM driver Revision: 3.20
[STDOUT  ] 2017-07-24T10:19:59.748952311Z: [    4.892716] sr 2:0:0:0: Attached scsi generic sg0 type 5
[STDOUT  ] 2017-07-24T10:19:59.789885252Z: [    4.933651] Key type encrypted registered
[STDOUT  ] 2017-07-24T10:19:59.796628613Z: [    4.939965] rtc_cmos 00:00: setting system clock to 2017-07-24 10:19:59 UTC (1500891599)
[STDOUT  ] 2017-07-24T10:19:59.949312166Z: [    5.092778] Freeing unused kernel memory: 1380K (ffffffff9ad57000 - ffffffff9aeb0000)
[STDOUT  ] 2017-07-24T10:19:59.94978628Z: [    5.093456] Write protecting the kernel read-only data: 12288k
[STDOUT  ] 2017-07-24T10:19:59.958337549Z: [    5.101783] Freeing unused kernel memory: 152K (ffff8efa4c7da000 - ffff8efa4c800000)
[STDOUT  ] 2017-07-24T10:20:00.080336416Z: [    5.223676] Freeing unused kernel memory: 1400K (ffff8efa4caa2000 - ffff8efa4cc00000)
[STDOUT  ] 2017-07-24T10:20:00.081243594Z: [    5.224851] tsc: Refined TSC clocksource calibration: 2600.012 MHz
[STDOUT  ] 2017-07-24T10:20:00.082008169Z: [    5.225426] clocksource: tsc: mask: 0xffffffffffffffff max_cycles: 0x257a472b559, max_idle_ns: 440795210424 ns
[STDOUT  ] 2017-07-24T10:20:01.097601821Z: [    6.241071] clocksource: Switched to clocksource tsc
[STDOUT  ] 2017-07-24T10:20:04.887441866Z: [   10.030889] e1000: Intel(R) PRO/1000 Network Driver - version 7.3.21-k8-NAPI
[STDOUT  ] 2017-07-24T10:20:04.887690643Z: [   10.031443] e1000: Copyright (c) 1999-2006 Intel Corporation.
[STDOUT  ] 2017-07-24T10:20:04.907185116Z: [   10.050877] ACPI: PCI Interrupt Link [GSIG] enabled at IRQ 22
[STDOUT  ] 2017-07-24T10:20:05.273163066Z: [   10.416700] e1000 0000:00:02.0 eth0: (PCI:33MHz:32-bit) 52:54:00:12:34:56
[STDOUT  ] 2017-07-24T10:20:05.274166444Z: [   10.417802] e1000 0000:00:02.0 eth0: Intel(R) PRO/1000 Network Connection
[STDOUT  ] 2017-07-24T10:20:05.724571834Z: 
[STDOUT  ] 2017-07-24T10:20:05.72529501Z: Welcome to LinuxKit
[STDOUT  ] 2017-07-24T10:20:05.725319906Z: 
[STDOUT  ] 2017-07-24T10:20:05.725920293Z:                         ##         .
[STDOUT  ] 2017-07-24T10:20:05.72695322Z:                   ## ## ##        ==
[STDOUT  ] 2017-07-24T10:20:05.7275421Z:                ## ## ## ## ##    ===
[STDOUT  ] 2017-07-24T10:20:05.727880006Z:            /"""""""""""""""""\___/ ===
[STDOUT  ] 2017-07-24T10:20:05.728347633Z:           {                       /  ===-
[STDOUT  ] 2017-07-24T10:20:05.728945303Z:            \______ O           __/
[STDOUT  ] 2017-07-24T10:20:05.729208105Z:              \    \         __/
[STDOUT  ] 2017-07-24T10:20:05.729538106Z:               \____\_______/
[STDOUT  ] 2017-07-24T10:20:05.729650523Z: 
[STDOUT  ] 2017-07-24T10:20:07.077943666Z: Ports test case PASSED
[STDOUT  ] 2017-07-24T10:20:07.14880907Z:  - 000-test
[STDOUT  ] 2017-07-24T10:20:18.344895983Z: [   23.488587] ACPI: Preparing to enter system sleep state S5
[STDOUT  ] 2017-07-24T10:20:18.347272822Z: [   23.490971] reboot: Power down
[STDERR  ] 2017-07-24T10:20:18.661837642Z: + exit 0
[STDERR  ] 2017-07-24T10:20:18.661890815Z: + clean_up
[STDERR  ] 2017-07-24T10:20:18.661903765Z: + rm -rf lsof-cmdline lsof-initrd.img lsof-kernel
[PASS    ] linuxkit.security.ports 35.10s
