[INFO    ] 2018-02-14T10:30:14.197763752Z: Running Test linuxkit.packages.extend.xfs in /tmp/build/test/cases/040_packages/005_extend/002_xfs
[INFO    ] 2018-02-14T10:30:14.197848024Z: Running command: [/bin/sh -x /tmp/build/test/cases/040_packages/005_extend/002_xfs/test.sh]
[STDERR  ] 2018-02-14T10:30:14.240523591Z: + set -ex
[STDERR  ] 2018-02-14T10:30:14.240591643Z: + . /tmp/build/test/cases/_lib/lib.sh
[STDERR  ] 2018-02-14T10:30:14.24059991Z: + [ -f src/github.com/linuxkit/rtf/lib/lib.sh ]
[STDERR  ] 2018-02-14T10:30:14.240608247Z: + LINUXKIT_TMPDIR=/tmp/build/test/cases/_tmp
[STDERR  ] 2018-02-14T10:30:14.240614651Z: + [ -f /tmp/build/test/cases/_tmp/env.sh ]
[STDERR  ] 2018-02-14T10:30:14.240622711Z: + . /tmp/build/test/cases/_tmp/env.sh
[STDERR  ] 2018-02-14T10:30:14.240629197Z: + export LINUXKIT_EXAMPLES_DIR=/tmp/build/test/cases/../../examples
[STDERR  ] 2018-02-14T10:30:14.240636218Z: + RT_CANCEL=253
[STDERR  ] 2018-02-14T10:30:14.240648843Z: + NAME_CREATE=extend-xfs
[STDERR  ] 2018-02-14T10:30:14.240654838Z: + NAME_EXTEND=extend-xfs
[STDERR  ] 2018-02-14T10:30:14.240660944Z: + DISK=disk.img
[STDERR  ] 2018-02-14T10:30:14.240667354Z: + trap clean_up EXIT
[STDERR  ] 2018-02-14T10:30:14.24067496Z: + linuxkit build -name extend-xfs -format kernel+initrd test-create.yml
[STDERR  ] 2018-02-14T10:30:14.268545314Z: Extract kernel image: linuxkit/kernel:4.9.81
[STDERR  ] 2018-02-14T10:30:15.401481643Z: time="2018-02-14T10:30:15Z" level=warning msg="certificate with CN Justin Cormack is near expiry"
[STDERR  ] 2018-02-14T10:30:15.401529251Z: time="2018-02-14T10:30:15Z" level=warning msg="certificate with CN  is near expiry"
[STDERR  ] 2018-02-14T10:30:15.40155184Z: time="2018-02-14T10:30:15Z" level=warning msg="certificate with CN  is near expiry"
[STDERR  ] 2018-02-14T10:30:15.401623149Z: time="2018-02-14T10:30:15Z" level=warning msg="certificate with CN avi@atomicinc.com is near expiry"
[STDERR  ] 2018-02-14T10:30:15.40167628Z: time="2018-02-14T10:30:15Z" level=warning msg="certificate with CN Ian Campbell is near expiry"
[STDERR  ] 2018-02-14T10:30:15.448318568Z: time="2018-02-14T10:30:15Z" level=warning msg="certificate with CN Justin Cormack is near expiry"
[STDERR  ] 2018-02-14T10:30:15.799458917Z: Add init containers:
[STDERR  ] 2018-02-14T10:30:15.799505095Z: Process init image: linuxkit/init:6061875ba11fd9c563fda6234b103ed9997ff782
[STDERR  ] 2018-02-14T10:30:16.834922303Z: time="2018-02-14T10:30:16Z" level=warning msg="certificate with CN  is near expiry"
[STDERR  ] 2018-02-14T10:30:16.834980059Z: time="2018-02-14T10:30:16Z" level=warning msg="certificate with CN  is near expiry"
[STDERR  ] 2018-02-14T10:30:16.835016088Z: time="2018-02-14T10:30:16Z" level=warning msg="certificate with CN avi@atomicinc.com is near expiry"
[STDERR  ] 2018-02-14T10:30:16.835160928Z: time="2018-02-14T10:30:16Z" level=warning msg="certificate with CN Ian Campbell is near expiry"
[STDERR  ] 2018-02-14T10:30:16.835279269Z: time="2018-02-14T10:30:16Z" level=warning msg="certificate with CN Justin Cormack is near expiry"
[STDERR  ] 2018-02-14T10:30:16.841250637Z: time="2018-02-14T10:30:16Z" level=warning msg="certificate with CN Justin Cormack is near expiry"
[STDERR  ] 2018-02-14T10:30:16.842857664Z: time="2018-02-14T10:30:16Z" level=warning msg="certificate with CN  is near expiry"
[STDERR  ] 2018-02-14T10:30:16.842889524Z: time="2018-02-14T10:30:16Z" level=warning msg="certificate with CN Ian Campbell is near expiry"
[STDERR  ] 2018-02-14T10:30:17.013351109Z: Process init image: linuxkit/runc:52ecfdef1ae051e7fd5ac5f1d0b7dd859adff015
[STDERR  ] 2018-02-14T10:30:18.069288822Z: time="2018-02-14T10:30:18Z" level=warning msg="certificate with CN Justin Cormack is near expiry"
[STDERR  ] 2018-02-14T10:30:18.069350538Z: time="2018-02-14T10:30:18Z" level=warning msg="certificate with CN  is near expiry"
[STDERR  ] 2018-02-14T10:30:18.06941085Z: time="2018-02-14T10:30:18Z" level=warning msg="certificate with CN  is near expiry"
[STDERR  ] 2018-02-14T10:30:18.069468239Z: time="2018-02-14T10:30:18Z" level=warning msg="certificate with CN avi@atomicinc.com is near expiry"
[STDERR  ] 2018-02-14T10:30:18.069536862Z: time="2018-02-14T10:30:18Z" level=warning msg="certificate with CN Ian Campbell is near expiry"
[STDERR  ] 2018-02-14T10:30:18.071779673Z: time="2018-02-14T10:30:18Z" level=warning msg="certificate with CN Justin Cormack is near expiry"
[STDERR  ] 2018-02-14T10:30:18.073621118Z: time="2018-02-14T10:30:18Z" level=warning msg="certificate with CN  is near expiry"
[STDERR  ] 2018-02-14T10:30:18.073705003Z: time="2018-02-14T10:30:18Z" level=warning msg="certificate with CN Ian Campbell is near expiry"
[STDERR  ] 2018-02-14T10:30:18.215534994Z: Add onboot containers:
[STDERR  ] 2018-02-14T10:30:18.215577431Z:   Create OCI config for linuxkit/format:v0.2
[STDERR  ] 2018-02-14T10:30:19.255350537Z: time="2018-02-14T10:30:19Z" level=warning msg="certificate with CN Ian Campbell is near expiry"
[STDERR  ] 2018-02-14T10:30:19.255419003Z: time="2018-02-14T10:30:19Z" level=warning msg="certificate with CN Justin Cormack is near expiry"
[STDERR  ] 2018-02-14T10:30:19.255642239Z: time="2018-02-14T10:30:19Z" level=warning msg="certificate with CN Rolf Neugebauer is near expiry"
[STDERR  ] 2018-02-14T10:30:19.255675548Z: time="2018-02-14T10:30:19Z" level=warning msg="certificate with CN  is near expiry"
[STDERR  ] 2018-02-14T10:30:19.255700199Z: time="2018-02-14T10:30:19Z" level=warning msg="certificate with CN  is near expiry"
[STDERR  ] 2018-02-14T10:30:19.255757665Z: time="2018-02-14T10:30:19Z" level=warning msg="certificate with CN avi@atomicinc.com is near expiry"
[STDERR  ] 2018-02-14T10:30:19.257643041Z: time="2018-02-14T10:30:19Z" level=warning msg="certificate with CN Justin Cormack is near expiry"
[STDERR  ] 2018-02-14T10:30:19.258699022Z: time="2018-02-14T10:30:19Z" level=warning msg="certificate with CN Rolf Neugebauer is near expiry"
[STDERR  ] 2018-02-14T10:30:19.259799026Z: time="2018-02-14T10:30:19Z" level=warning msg="certificate with CN  is near expiry"
[STDERR  ] 2018-02-14T10:30:19.259863796Z: time="2018-02-14T10:30:19Z" level=warning msg="certificate with CN Ian Campbell is near expiry"
[STDERR  ] 2018-02-14T10:30:19.60455763Z:   Create OCI config for linuxkit/mount:v0.2
[STDERR  ] 2018-02-14T10:30:20.629552044Z: time="2018-02-14T10:30:20Z" level=warning msg="certificate with CN  is near expiry"
[STDERR  ] 2018-02-14T10:30:20.629733005Z: time="2018-02-14T10:30:20Z" level=warning msg="certificate with CN avi@atomicinc.com is near expiry"
[STDERR  ] 2018-02-14T10:30:20.629862264Z: time="2018-02-14T10:30:20Z" level=warning msg="certificate with CN Ian Campbell is near expiry"
[STDERR  ] 2018-02-14T10:30:20.630006925Z: time="2018-02-14T10:30:20Z" level=warning msg="certificate with CN Justin Cormack is near expiry"
[STDERR  ] 2018-02-14T10:30:20.630228657Z: time="2018-02-14T10:30:20Z" level=warning msg="certificate with CN Rolf Neugebauer is near expiry"
[STDERR  ] 2018-02-14T10:30:20.630308267Z: time="2018-02-14T10:30:20Z" level=warning msg="certificate with CN  is near expiry"
[STDERR  ] 2018-02-14T10:30:20.632300749Z: time="2018-02-14T10:30:20Z" level=warning msg="certificate with CN Justin Cormack is near expiry"
[STDERR  ] 2018-02-14T10:30:20.633304202Z: time="2018-02-14T10:30:20Z" level=warning msg="certificate with CN Rolf Neugebauer is near expiry"
[STDERR  ] 2018-02-14T10:30:20.634096847Z: time="2018-02-14T10:30:20Z" level=warning msg="certificate with CN Ian Campbell is near expiry"
[STDERR  ] 2018-02-14T10:30:20.634160212Z: time="2018-02-14T10:30:20Z" level=warning msg="certificate with CN  is near expiry"
[STDERR  ] 2018-02-14T10:30:20.935366609Z:   Create OCI config for alpine:3.7
[STDERR  ] 2018-02-14T10:30:22.115312177Z:   Create OCI config for linuxkit/poweroff:f9a0a5e52fd2a97908bda33db2afffafe4a6a67d
[STDERR  ] 2018-02-14T10:30:23.140836536Z: time="2018-02-14T10:30:23Z" level=warning msg="certificate with CN Rolf Neugebauer is near expiry"
[STDERR  ] 2018-02-14T10:30:23.140891717Z: time="2018-02-14T10:30:23Z" level=warning msg="certificate with CN  is near expiry"
[STDERR  ] 2018-02-14T10:30:23.140913718Z: time="2018-02-14T10:30:23Z" level=warning msg="certificate with CN  is near expiry"
[STDERR  ] 2018-02-14T10:30:23.140988357Z: time="2018-02-14T10:30:23Z" level=warning msg="certificate with CN avi@atomicinc.com is near expiry"
[STDERR  ] 2018-02-14T10:30:23.141122933Z: time="2018-02-14T10:30:23Z" level=warning msg="certificate with CN Ian Campbell is near expiry"
[STDERR  ] 2018-02-14T10:30:23.141170533Z: time="2018-02-14T10:30:23Z" level=warning msg="certificate with CN Justin Cormack is near expiry"
[STDERR  ] 2018-02-14T10:30:23.142723633Z: time="2018-02-14T10:30:23Z" level=warning msg="certificate with CN Rolf Neugebauer is near expiry"
[STDERR  ] 2018-02-14T10:30:23.143790039Z: time="2018-02-14T10:30:23Z" level=warning msg="certificate with CN  is near expiry"
[STDERR  ] 2018-02-14T10:30:23.143883063Z: time="2018-02-14T10:30:23Z" level=warning msg="certificate with CN Ian Campbell is near expiry"
[STDERR  ] 2018-02-14T10:30:23.297861993Z: Create outputs:
[STDERR  ] 2018-02-14T10:30:28.873648934Z:   extend-xfs-kernel extend-xfs-initrd.img extend-xfs-cmdline
[STDERR  ] 2018-02-14T10:30:28.93342745Z: + linuxkit run -disk file=disk.img,format=raw,size=256M extend-xfs
[STDERR  ] 2018-02-14T10:30:28.957771293Z: Unable to find qemu-system-x86_64 within the $PATH. Using a container
[STDOUT  ] 2018-02-14T10:30:30.953917114Z: [    0.000000] Linux version 4.9.81-linuxkit (root@131493a180c4) (gcc version 6.4.0 (Alpine 6.4.0) ) #1 SMP Tue Feb 13 18:31:25 UTC 2018
[STDOUT  ] 2018-02-14T10:30:30.958310431Z: [    0.000000] Command line: console=ttyS0 console=ttyAMA0
[STDOUT  ] 2018-02-14T10:30:30.962103206Z: [    0.000000] x86/fpu: Legacy x87 FPU detected.
[STDOUT  ] 2018-02-14T10:30:30.966812176Z: [    0.000000] x86/fpu: Using 'eager' FPU context switches.
[STDOUT  ] 2018-02-14T10:30:30.970781982Z: [    0.000000] e820: BIOS-provided physical RAM map:
[STDOUT  ] 2018-02-14T10:30:30.976646117Z: [    0.000000] BIOS-e820: [mem 0x0000000000000000-0x000000000009fbff] usable
[STDOUT  ] 2018-02-14T10:30:30.982551664Z: [    0.000000] BIOS-e820: [mem 0x000000000009fc00-0x000000000009ffff] reserved
[STDOUT  ] 2018-02-14T10:30:30.988553679Z: [    0.000000] BIOS-e820: [mem 0x00000000000f0000-0x00000000000fffff] reserved
[STDOUT  ] 2018-02-14T10:30:30.994314576Z: [    0.000000] BIOS-e820: [mem 0x0000000000100000-0x000000003ffdefff] usable
[STDOUT  ] 2018-02-14T10:30:31.000307449Z: [    0.000000] BIOS-e820: [mem 0x000000003ffdf000-0x000000003fffffff] reserved
[STDOUT  ] 2018-02-14T10:30:31.006202248Z: [    0.000000] BIOS-e820: [mem 0x00000000b0000000-0x00000000bfffffff] reserved
[STDOUT  ] 2018-02-14T10:30:31.012027709Z: [    0.000000] BIOS-e820: [mem 0x00000000fed1c000-0x00000000fed1ffff] reserved
[STDOUT  ] 2018-02-14T10:30:31.017903968Z: [    0.000000] BIOS-e820: [mem 0x00000000feffc000-0x00000000feffffff] reserved
[STDOUT  ] 2018-02-14T10:30:31.023862472Z: [    0.000000] BIOS-e820: [mem 0x00000000fffc0000-0x00000000ffffffff] reserved
[STDOUT  ] 2018-02-14T10:30:31.027922015Z: [    0.000000] NX (Execute Disable) protection: active
[STDOUT  ] 2018-02-14T10:30:31.030740084Z: [    0.000000] SMBIOS 2.8 present.
[STDOUT  ] 2018-02-14T10:30:31.033780804Z: [    0.000000] Hypervisor detected: KVM
[STDOUT  ] 2018-02-14T10:30:31.038782426Z: [    0.000000] e820: last_pfn = 0x3ffdf max_arch_pfn = 0x400000000
[STDOUT  ] 2018-02-14T10:30:31.042477967Z: [    0.000000] x86/PAT: PAT not supported by CPU.
[STDOUT  ] 2018-02-14T10:30:31.048296871Z: [    0.000000] x86/PAT: Configuration [0-7]: WB  WT  UC- UC  WB  WT  UC- UC  
[STDOUT  ] 2018-02-14T10:30:31.055347711Z: [    0.000000] found SMP MP-table at [mem 0x000f6aa0-0x000f6aaf] mapped at [ffffa0fc800f6aa0]
[STDOUT  ] 2018-02-14T10:30:31.05929951Z: [    0.000000] RAMDISK: [mem 0x3dff3000-0x3ffcffff]
[STDOUT  ] 2018-02-14T10:30:31.064058526Z: [    0.000000] ACPI: Early table checksum verification disabled
[STDOUT  ] 2018-02-14T10:30:31.068880489Z: [    0.000000] ACPI: RSDP 0x00000000000F68B0 000014 (v00 BOCHS )
[STDOUT  ] 2018-02-14T10:30:31.076091047Z: [    0.000000] ACPI: RSDT 0x000000003FFE20A8 000034 (v01 BOCHS  BXPCRSDT 00000001 BXPC 00000001)
[STDOUT  ] 2018-02-14T10:30:31.0831662Z: [    0.000000] ACPI: FACP 0x000000003FFE1EC8 0000F4 (v03 BOCHS  BXPCFACP 00000001 BXPC 00000001)
[STDOUT  ] 2018-02-14T10:30:31.090247534Z: [    0.000000] ACPI: DSDT 0x000000003FFE0040 001E88 (v01 BOCHS  BXPCDSDT 00000001 BXPC 00000001)
[STDOUT  ] 2018-02-14T10:30:31.094162402Z: [    0.000000] ACPI: FACS 0x000000003FFE0000 000040
[STDOUT  ] 2018-02-14T10:30:31.101304559Z: [    0.000000] ACPI: APIC 0x000000003FFE1FBC 000078 (v01 BOCHS  BXPCAPIC 00000001 BXPC 00000001)
[STDOUT  ] 2018-02-14T10:30:31.108588005Z: [    0.000000] ACPI: HPET 0x000000003FFE2034 000038 (v01 BOCHS  BXPCHPET 00000001 BXPC 00000001)
[STDOUT  ] 2018-02-14T10:30:31.115670986Z: [    0.000000] ACPI: MCFG 0x000000003FFE206C 00003C (v01 BOCHS  BXPCMCFG 00000001 BXPC 00000001)
[STDOUT  ] 2018-02-14T10:30:31.120211896Z: [    0.000000] kvm-clock: Using msrs 4b564d01 and 4b564d00
[STDOUT  ] 2018-02-14T10:30:31.12518145Z: [    0.000000] kvm-clock: cpu 0, msr 0:3ffdd001, primary cpu clock
[STDOUT  ] 2018-02-14T10:30:31.134251695Z: [    0.000000] clocksource: kvm-clock: mask: 0xffffffffffffffff max_cycles: 0x1cd42e4dffb, max_idle_ns: 881590591483 ns
[STDOUT  ] 2018-02-14T10:30:31.136469214Z: [    0.000000] Zone ranges:
[STDOUT  ] 2018-02-14T10:30:31.141645342Z: [    0.000000]   DMA      [mem 0x0000000000001000-0x0000000000ffffff]
[STDOUT  ] 2018-02-14T10:30:31.146980042Z: [    0.000000]   DMA32    [mem 0x0000000001000000-0x000000003ffdefff]
[STDOUT  ] 2018-02-14T10:30:31.149545875Z: [    0.000000]   Normal   empty
[STDOUT  ] 2018-02-14T10:30:31.153154572Z: [    0.000000] Movable zone start for each node
[STDOUT  ] 2018-02-14T10:30:31.156247278Z: [    0.000000] Early memory node ranges
[STDOUT  ] 2018-02-14T10:30:31.161643925Z: [    0.000000]   node   0: [mem 0x0000000000001000-0x000000000009efff]
[STDOUT  ] 2018-02-14T10:30:31.166863445Z: [    0.000000]   node   0: [mem 0x0000000000100000-0x000000003ffdefff]
[STDOUT  ] 2018-02-14T10:30:31.171375648Z: [    0.000000] Initmem setup node 0 [mem 0x0000000000001000-0x000000003ffdefff]
[STDOUT  ] 2018-02-14T10:30:31.174779406Z: [    0.000000] ACPI: PM-Timer IO Port: 0x608
[STDOUT  ] 2018-02-14T10:30:31.17960555Z: [    0.000000] ACPI: LAPIC_NMI (acpi_id[0xff] dfl dfl lint[0x1])
[STDOUT  ] 2018-02-14T10:30:31.185542596Z: [    0.000000] IOAPIC[0]: apic_id 0, version 17, address 0xfec00000, GSI 0-23
[STDOUT  ] 2018-02-14T10:30:31.190887772Z: [    0.000000] ACPI: INT_SRC_OVR (bus 0 bus_irq 0 global_irq 2 dfl dfl)
[STDOUT  ] 2018-02-14T10:30:31.196898003Z: [    0.000000] ACPI: INT_SRC_OVR (bus 0 bus_irq 5 global_irq 5 high level)
[STDOUT  ] 2018-02-14T10:30:31.202582821Z: [    0.000000] ACPI: INT_SRC_OVR (bus 0 bus_irq 9 global_irq 9 high level)
[STDOUT  ] 2018-02-14T10:30:31.208355013Z: [    0.000000] ACPI: INT_SRC_OVR (bus 0 bus_irq 10 global_irq 10 high level)
[STDOUT  ] 2018-02-14T10:30:31.214097922Z: [    0.000000] ACPI: INT_SRC_OVR (bus 0 bus_irq 11 global_irq 11 high level)
[STDOUT  ] 2018-02-14T10:30:31.219130247Z: [    0.000000] Using ACPI (MADT) for SMP configuration information
[STDOUT  ] 2018-02-14T10:30:31.223579196Z: [    0.000000] ACPI: HPET id: 0x8086a201 base: 0xfed00000
[STDOUT  ] 2018-02-14T10:30:31.227818384Z: [    0.000000] smpboot: Allowing 1 CPUs, 0 hotplug CPUs
[STDOUT  ] 2018-02-14T10:30:31.233409329Z: [    0.000000] e820: [mem 0x40000000-0xafffffff] available for PCI devices
[STDOUT  ] 2018-02-14T10:30:31.237456179Z: [    0.000000] Booting paravirtualized kernel on KVM
[STDOUT  ] 2018-02-14T10:30:31.246391287Z: [    0.000000] clocksource: refined-jiffies: mask: 0xffffffff max_cycles: 0xffffffff, max_idle_ns: 19112604462750000 ns
[STDOUT  ] 2018-02-14T10:30:31.252989891Z: [    0.000000] setup_percpu: NR_CPUS:128 nr_cpumask_bits:128 nr_cpu_ids:1 nr_node_ids:1
[STDOUT  ] 2018-02-14T10:30:31.260045176Z: [    0.000000] percpu: Embedded 36 pages/cpu @ffffa0fcbdc00000 s106904 r8192 d32360 u2097152
[STDOUT  ] 2018-02-14T10:30:31.263483153Z: [    0.000000] KVM setup async PF for cpu 0
[STDOUT  ] 2018-02-14T10:30:31.267355856Z: [    0.000000] kvm-stealtime: cpu 0, msr 3dc0fd80
[STDOUT  ] 2018-02-14T10:30:31.274139823Z: [    0.000000] Built 1 zonelists in Zone order, mobility grouping on.  Total pages: 257896
[STDOUT  ] 2018-02-14T10:30:31.279053955Z: [    0.000000] Kernel command line: console=ttyS0 console=ttyAMA0
[STDOUT  ] 2018-02-14T10:30:31.284228271Z: [    0.000000] PID hash table entries: 4096 (order: 3, 32768 bytes)
[STDOUT  ] 2018-02-14T10:30:31.290289354Z: [    0.000000] Dentry cache hash table entries: 131072 (order: 8, 1048576 bytes)
[STDOUT  ] 2018-02-14T10:30:31.296167805Z: [    0.000000] Inode-cache hash table entries: 65536 (order: 7, 524288 bytes)
[STDOUT  ] 2018-02-14T10:30:31.307520119Z: [    0.000000] Memory: 981488K/1048052K available (8054K kernel code, 1391K rwdata, 2700K rodata, 1404K init, 564K bss, 66564K reserved, 0K cma-reserved)
[STDOUT  ] 2018-02-14T10:30:31.311874338Z: [    0.000000] Kernel/User page tables isolation: enabled
[STDOUT  ] 2018-02-14T10:30:31.315500101Z: [    0.000000] Hierarchical RCU implementation.
[STDOUT  ] 2018-02-14T10:30:31.320164287Z: [    0.000000] 	Build-time adjustment of leaf fanout to 64.
[STDOUT  ] 2018-02-14T10:30:31.325370878Z: [    0.000000] 	RCU restricting CPUs from NR_CPUS=128 to nr_cpu_ids=1.
[STDOUT  ] 2018-02-14T10:30:31.33113897Z: [    0.000000] RCU: Adjusting geometry for rcu_fanout_leaf=64, nr_cpu_ids=1
[STDOUT  ] 2018-02-14T10:30:31.334425866Z: [    0.000000] NR_IRQS:8448 nr_irqs:256 16
[STDOUT  ] 2018-02-14T10:30:31.337547514Z: [    0.000000] Console: colour VGA+ 80x25
[STDOUT  ] 2018-02-14T10:30:31.340568122Z: [    0.000000] console [ttyS0] enabled
[STDOUT  ] 2018-02-14T10:30:31.348993932Z: [    0.000000] clocksource: hpet: mask: 0xffffffff max_cycles: 0xffffffff, max_idle_ns: 19112604467 ns
[STDOUT  ] 2018-02-14T10:30:31.353459975Z: [    0.000000] tsc: Detected 2299.910 MHz processor
[STDOUT  ] 2018-02-14T10:30:31.360760214Z: [    0.020000] Calibrating delay loop (skipped) preset value.. 4599.82 BogoMIPS (lpj=22999100)
[STDOUT  ] 2018-02-14T10:30:31.364918795Z: [    0.020032] pid_max: default: 32768 minimum: 301
[STDOUT  ] 2018-02-14T10:30:31.368235637Z: [    0.024002] ACPI: Core revision 20160831
[STDOUT  ] 2018-02-14T10:30:31.374982835Z: [    0.028104] ACPI: 1 ACPI AML tables successfully acquired and loaded
[STDOUT  ] 2018-02-14T10:30:31.378452795Z: [    0.034122] Security Framework initialized
[STDOUT  ] 2018-02-14T10:30:31.381546023Z: [    0.037619] Yama: becoming mindful.
[STDOUT  ] 2018-02-14T10:30:31.387581803Z: [    0.040084] Mount-cache hash table entries: 2048 (order: 2, 16384 bytes)
[STDOUT  ] 2018-02-14T10:30:31.393579526Z: [    0.045903] Mountpoint-cache hash table entries: 2048 (order: 2, 16384 bytes)
[STDOUT  ] 2018-02-14T10:30:31.398130278Z: [    0.050926] CPU: Physical Processor ID: 0
[STDOUT  ] 2018-02-14T10:30:31.402969401Z: [    0.054715] Last level iTLB entries: 4KB 0, 2MB 0, 4MB 0
[STDOUT  ] 2018-02-14T10:30:31.408181014Z: [    0.060032] Last level dTLB entries: 4KB 0, 2MB 0, 4MB 0, 1GB 0
[STDOUT  ] 2018-02-14T10:30:31.413493162Z: [    0.065089] Spectre V2 : Vulnerable: Minimal generic ASM retpoline
[STDOUT  ] 2018-02-14T10:30:31.534555266Z: [    0.190737] Freeing SMP alternatives memory: 20K
[STDOUT  ] 2018-02-14T10:30:31.568926606Z: [    0.224401] ftrace: allocating 35563 entries in 139 pages
[STDOUT  ] 2018-02-14T10:30:32.144507731Z: [    0.240130] smpboot: Max logical packages: 1
[STDOUT  ] 2018-02-14T10:30:32.149196522Z: [    0.246201] x2apic enabled
[STDOUT  ] 2018-02-14T10:30:32.155833786Z: [    0.250026] Switched APIC routing to physical x2apic.
[STDOUT  ] 2018-02-14T10:30:32.171193874Z: [    0.266267] ..TIMER: vector=0x30 apic1=0 pin1=2 apic2=-1 pin2=-1
[STDOUT  ] 2018-02-14T10:30:32.298364743Z: [    0.270000] smpboot: CPU0: Intel QEMU Virtual CPU version 2.5+ (family: 0x6, model: 0x6, stepping: 0x3)
[STDOUT  ] 2018-02-14T10:30:32.313844592Z: [    0.270000] Performance Events: PMU not available due to virtualization, using software events only.
[STDOUT  ] 2018-02-14T10:30:32.318306745Z: [    0.280609] x86: Booted up 1 node, 1 CPUs
[STDOUT  ] 2018-02-14T10:30:32.323871815Z: [    0.284397] smpboot: Total of 1 processors activated (4599.82 BogoMIPS)
[STDOUT  ] 2018-02-14T10:30:32.328932171Z: [    0.292071] devtmpfs: initialized
[STDOUT  ] 2018-02-14T10:30:32.332638303Z: [    0.295019] x86/mm: Memory block size: 128MB
[STDOUT  ] 2018-02-14T10:30:32.343879485Z: [    0.302674] clocksource: jiffies: mask: 0xffffffff max_cycles: 0xffffffff, max_idle_ns: 19112604462750000 ns
[STDOUT  ] 2018-02-14T10:30:32.349221577Z: [    0.310026] futex hash table entries: 256 (order: 2, 16384 bytes)
[STDOUT  ] 2018-02-14T10:30:32.353346201Z: [    0.315469] NET: Registered protocol family 16
[STDOUT  ] 2018-02-14T10:30:32.357239594Z: [    0.320272] cpuidle: using governor ladder
[STDOUT  ] 2018-02-14T10:30:32.360746104Z: [    0.323971] cpuidle: using governor menu
[STDOUT  ] 2018-02-14T10:30:32.364543062Z: [    0.330329] ACPI: bus type PCI registered
[STDOUT  ] 2018-02-14T10:30:32.372872068Z: [    0.334336] PCI: MMCONFIG for domain 0000 [bus 00-ff] at [mem 0xb0000000-0xbfffffff] (base 0xb0000000)
[STDOUT  ] 2018-02-14T10:30:32.378767495Z: [    0.340013] PCI: MMCONFIG at [mem 0xb0000000-0xbfffffff] reserved in E820
[STDOUT  ] 2018-02-14T10:30:32.383396518Z: [    0.345772] PCI: Using configuration type 1 for base access
[STDOUT  ] 2018-02-14T10:30:32.390710185Z: [    0.351796] HugeTLB registered 2 MB page size, pre-allocated 0 pages
[STDOUT  ] 2018-02-14T10:30:32.394618546Z: [    0.360313] ACPI: Added _OSI(Module Device)
[STDOUT  ] 2018-02-14T10:30:32.398299237Z: [    0.363882] ACPI: Added _OSI(Processor Device)
[STDOUT  ] 2018-02-14T10:30:32.402313717Z: [    0.367659] ACPI: Added _OSI(3.0 _SCP Extensions)
[STDOUT  ] 2018-02-14T10:30:32.406911602Z: [    0.370009] ACPI: Added _OSI(Processor Aggregator Device)
[STDOUT  ] 2018-02-14T10:30:32.415884506Z: [    0.380177] ACPI: Interpreter enabled
[STDOUT  ] 2018-02-14T10:30:32.418902864Z: [    0.383381] ACPI: (supports S0 S5)
[STDOUT  ] 2018-02-14T10:30:32.423317575Z: [    0.386303] ACPI: Using IOAPIC for interrupt routing
[STDOUT  ] 2018-02-14T10:30:32.431170136Z: [    0.390063] PCI: Using host bridge windows from ACPI; if necessary, use "pci=nocrs" and report a bug
[STDOUT  ] 2018-02-14T10:30:32.439279999Z: [    0.402889] ACPI: PCI Root Bridge [PCI0] (domain 0000 [bus 00-ff])
[STDOUT  ] 2018-02-14T10:30:32.44621905Z: [    0.408189] acpi PNP0A08:00: _OSC: OS supports [ExtendedConfig ASPM ClockPM Segments MSI]
[STDOUT  ] 2018-02-14T10:30:32.452772842Z: [    0.410173] acpi PNP0A08:00: _OSC: OS now controls [PCIeHotplug PME PCIeCapability]
[STDOUT  ] 2018-02-14T10:30:32.456497183Z: [    0.420092] PCI host bridge to bus 0000:00
[STDOUT  ] 2018-02-14T10:30:32.462123504Z: [    0.423610] pci_bus 0000:00: root bus resource [io  0x0000-0x0cf7 window]
[STDOUT  ] 2018-02-14T10:30:32.467958601Z: [    0.430012] pci_bus 0000:00: root bus resource [io  0x0d00-0xffff window]
[STDOUT  ] 2018-02-14T10:30:32.474300111Z: [    0.435716] pci_bus 0000:00: root bus resource [mem 0x000a0000-0x000bffff window]
[STDOUT  ] 2018-02-14T10:30:32.480637218Z: [    0.440011] pci_bus 0000:00: root bus resource [mem 0xc0000000-0xfebfffff window]
[STDOUT  ] 2018-02-14T10:30:32.485317435Z: [    0.450010] pci_bus 0000:00: root bus resource [bus 00-ff]
[STDOUT  ] 2018-02-14T10:30:32.647060325Z: [    0.610342] pci 0000:00:1f.0: quirk: [io  0x0600-0x067f] claimed by ICH6 ACPI/GPIO/TCO
[STDOUT  ] 2018-02-14T10:30:32.722562964Z: [    0.685813] ACPI: PCI Interrupt Link [LNKA] (IRQs 5 *10 11)
[STDOUT  ] 2018-02-14T10:30:32.728520753Z: [    0.691890] ACPI: PCI Interrupt Link [LNKB] (IRQs 5 *10 11)
[STDOUT  ] 2018-02-14T10:30:32.734472521Z: [    0.697790] ACPI: PCI Interrupt Link [LNKC] (IRQs 5 10 *11)
[STDOUT  ] 2018-02-14T10:30:32.740418179Z: [    0.701866] ACPI: PCI Interrupt Link [LNKD] (IRQs 5 10 *11)
[STDOUT  ] 2018-02-14T10:30:32.746194933Z: [    0.710827] ACPI: PCI Interrupt Link [LNKE] (IRQs 5 *10 11)
[STDOUT  ] 2018-02-14T10:30:32.752069259Z: [    0.716597] ACPI: PCI Interrupt Link [LNKF] (IRQs 5 *10 11)
[STDOUT  ] 2018-02-14T10:30:32.757790898Z: [    0.721870] ACPI: PCI Interrupt Link [LNKG] (IRQs 5 10 *11)
[STDOUT  ] 2018-02-14T10:30:32.763592564Z: [    0.727600] ACPI: PCI Interrupt Link [LNKH] (IRQs 5 10 *11)
[STDOUT  ] 2018-02-14T10:30:32.768600138Z: [    0.731699] ACPI: PCI Interrupt Link [GSIA] (IRQs *16)
[STDOUT  ] 2018-02-14T10:30:32.773400629Z: [    0.736475] ACPI: PCI Interrupt Link [GSIB] (IRQs *17)
[STDOUT  ] 2018-02-14T10:30:32.778226825Z: [    0.740920] ACPI: PCI Interrupt Link [GSIC] (IRQs *18)
[STDOUT  ] 2018-02-14T10:30:32.783103641Z: [    0.745743] ACPI: PCI Interrupt Link [GSID] (IRQs *19)
[STDOUT  ] 2018-02-14T10:30:32.787902172Z: [    0.750921] ACPI: PCI Interrupt Link [GSIE] (IRQs *20)
[STDOUT  ] 2018-02-14T10:30:32.792727709Z: [    0.755712] ACPI: PCI Interrupt Link [GSIF] (IRQs *21)
[STDOUT  ] 2018-02-14T10:30:32.79746397Z: [    0.760917] ACPI: PCI Interrupt Link [GSIG] (IRQs *22)
[STDOUT  ] 2018-02-14T10:30:32.802380098Z: [    0.765650] ACPI: PCI Interrupt Link [GSIH] (IRQs *23)
[STDOUT  ] 2018-02-14T10:30:32.807082668Z: [    0.771213] ACPI: Enabled 1 GPEs in block 00 to 3F
[STDOUT  ] 2018-02-14T10:30:32.810786833Z: [    0.776169] SCSI subsystem initialized
[STDOUT  ] 2018-02-14T10:30:32.814423671Z: [    0.780092] ACPI: bus type USB registered
[STDOUT  ] 2018-02-14T10:30:32.818994632Z: [    0.783557] usbcore: registered new interface driver usbfs
[STDOUT  ] 2018-02-14T10:30:32.823530993Z: [    0.788203] usbcore: registered new interface driver hub
[STDOUT  ] 2018-02-14T10:30:32.82796805Z: [    0.790041] usbcore: registered new device driver usb
[STDOUT  ] 2018-02-14T10:30:32.83225089Z: [    0.794365] pps_core: LinuxPPS API ver. 1 registered
[STDOUT  ] 2018-02-14T10:30:32.839898892Z: [    0.800006] pps_core: Software ver. 5.3.6 - Copyright 2005-2007 Rodolfo Giometti <giometti@linux.it>
[STDOUT  ] 2018-02-14T10:30:32.843285923Z: [    0.810027] PTP clock support registered
[STDOUT  ] 2018-02-14T10:30:32.847002893Z: [    0.813444] PCI: Using ACPI for IRQ routing
[STDOUT  ] 2018-02-14T10:30:33.235185748Z: [    1.202231] NetLabel: Initializing
[STDOUT  ] 2018-02-14T10:30:33.238949154Z: [    1.205330] NetLabel:  domain hash size = 128
[STDOUT  ] 2018-02-14T10:30:33.24322931Z: [    1.209122] NetLabel:  protocols = UNLABELED CIPSOv4
[STDOUT  ] 2018-02-14T10:30:33.248231138Z: [    1.210040] NetLabel:  unlabeled traffic allowed by default
[STDOUT  ] 2018-02-14T10:30:33.251052806Z: [    1.214994] wmi: Mapper loaded
[STDOUT  ] 2018-02-14T10:30:33.257287434Z: [    1.220213] HPET: 3 timers in total, 0 timers will be used for per-cpu timer
[STDOUT  ] 2018-02-14T10:30:33.262300011Z: [    1.226292] hpet0: at MMIO 0xfed00000, IRQs 2, 8, 0
[STDOUT  ] 2018-02-14T10:30:33.26721009Z: [    1.231315] hpet0: 3 comparators, 64-bit 100.000000 MHz counter
[STDOUT  ] 2018-02-14T10:30:33.278998905Z: [    1.243584] clocksource: Switched to clocksource kvm-clock
[STDOUT  ] 2018-02-14T10:30:33.296568612Z: [    1.258703] VFS: Disk quotas dquot_6.6.0
[STDOUT  ] 2018-02-14T10:30:33.302495041Z: [    1.262365] VFS: Dquot-cache hash table entries: 512 (order 0, 4096 bytes)
[STDOUT  ] 2018-02-14T10:30:33.305292779Z: [    1.268307] FS-Cache: Loaded
[STDOUT  ] 2018-02-14T10:30:33.308149761Z: [    1.271106] CacheFiles: Loaded
[STDOUT  ] 2018-02-14T10:30:33.310708856Z: [    1.273852] pnp: PnP ACPI init
[STDOUT  ] 2018-02-14T10:30:33.315364321Z: [    1.277523] pnp: PnP ACPI: found 5 devices
[STDOUT  ] 2018-02-14T10:30:33.329050153Z: [    1.287254] clocksource: acpi_pm: mask: 0xffffff max_cycles: 0xffffff, max_idle_ns: 2085701024 ns
[STDOUT  ] 2018-02-14T10:30:33.33301472Z: [    1.294948] NET: Registered protocol family 2
[STDOUT  ] 2018-02-14T10:30:33.339367138Z: [    1.298917] TCP established hash table entries: 8192 (order: 4, 65536 bytes)
[STDOUT  ] 2018-02-14T10:30:33.344873031Z: [    1.305113] TCP bind hash table entries: 8192 (order: 5, 131072 bytes)
[STDOUT  ] 2018-02-14T10:30:33.350360432Z: [    1.310708] TCP: Hash tables configured (established 8192 bind 8192)
[STDOUT  ] 2018-02-14T10:30:33.355541584Z: [    1.316145] UDP hash table entries: 512 (order: 2, 16384 bytes)
[STDOUT  ] 2018-02-14T10:30:33.360978495Z: [    1.321269] UDP-Lite hash table entries: 512 (order: 2, 16384 bytes)
[STDOUT  ] 2018-02-14T10:30:33.364697851Z: [    1.326717] NET: Registered protocol family 1
[STDOUT  ] 2018-02-14T10:30:33.372003094Z: [    1.330804] pci 0000:00:01.0: Video device with shadowed ROM at [mem 0x000c0000-0x000dffff]
[STDOUT  ] 2018-02-14T10:30:33.375414239Z: [    1.338158] Unpacking initramfs...
[STDOUT  ] 2018-02-14T10:30:33.956741236Z: [    1.918767] Freeing initrd memory: 32628K
[STDOUT  ] 2018-02-14T10:30:33.962433414Z: [    1.923458] PCLMULQDQ-NI instructions are not detected.
[STDOUT  ] 2018-02-14T10:30:33.96697821Z: [    1.928156] AVX or AES-NI instructions are not detected.
[STDOUT  ] 2018-02-14T10:30:33.971624759Z: [    1.932756] CPU feature 'AVX registers' is not supported.
[STDOUT  ] 2018-02-14T10:30:33.976240777Z: [    1.937365] CPU feature 'AVX registers' is not supported.
[STDOUT  ] 2018-02-14T10:30:33.980848815Z: [    1.941963] CPU feature 'AVX registers' is not supported.
[STDOUT  ] 2018-02-14T10:30:33.985327525Z: [    1.946504] CPU feature 'AVX registers' is not supported.
[STDOUT  ] 2018-02-14T10:30:33.99012468Z: [    1.951136] AVX2 or AES-NI instructions are not detected.
[STDOUT  ] 2018-02-14T10:30:33.993870307Z: [    1.955768] AVX2 instructions are not detected.
[STDOUT  ] 2018-02-14T10:30:33.998762427Z: [    1.959821] audit: initializing netlink subsys (disabled)
[STDOUT  ] 2018-02-14T10:30:34.004087698Z: [    1.964614] audit: type=2000 audit(1518604232.793:1): initialized
[STDOUT  ] 2018-02-14T10:30:34.010116022Z: [    1.970255] workingset: timestamp_bits=46 max_order=18 bucket_order=0
[STDOUT  ] 2018-02-14T10:30:34.015165047Z: [    1.975963] squashfs: version 4.0 (2009/01/31) Phillip Lougher
[STDOUT  ] 2018-02-14T10:30:34.0201243Z: [    1.981102] FS-Cache: Netfs 'cifs' registered for caching
[STDOUT  ] 2018-02-14T10:30:34.023444168Z: [    1.985806] fuse init (API version 7.26)
[STDOUT  ] 2018-02-14T10:30:34.028943017Z: [    1.989308] SGI XFS with ACLs, security attributes, no debug enabled
[STDOUT  ] 2018-02-14T10:30:34.033932776Z: [    1.994968] 9p: Installing v9fs 9p2000 file system support
[STDOUT  ] 2018-02-14T10:30:34.038266726Z: [    1.999581] FS-Cache: Netfs '9p' registered for caching
[STDOUT  ] 2018-02-14T10:30:34.043117945Z: [    2.005021] NET: Registered protocol family 38
[STDOUT  ] 2018-02-14T10:30:34.046583422Z: [    2.008752] Key type asymmetric registered
[STDOUT  ] 2018-02-14T10:30:34.050751499Z: [    2.012336] Asymmetric key parser 'x509' registered
[STDOUT  ] 2018-02-14T10:30:34.056969271Z: [    2.016530] Block layer SCSI generic (bsg) driver version 0.4 loaded (major 251)
[STDOUT  ] 2018-02-14T10:30:34.060482754Z: [    2.022842] io scheduler noop registered
[STDOUT  ] 2018-02-14T10:30:34.064929506Z: [    2.026218] io scheduler deadline registered (default)
[STDOUT  ] 2018-02-14T10:30:34.068431852Z: [    2.030788] io scheduler cfq registered
[STDOUT  ] 2018-02-14T10:30:34.073339418Z: [    2.034187] pci_hotplug: PCI Hot Plug PCI Core version: 0.5
[STDOUT  ] 2018-02-14T10:30:34.079020982Z: [    2.039097] pciehp: PCI Express Hot Plug Controller Driver version: 0.4
[STDOUT  ] 2018-02-14T10:30:34.084845484Z: [    2.044802] shpchp: Standard Hot Plug PCI Controller Driver version: 0.4
[STDOUT  ] 2018-02-14T10:30:34.089121266Z: [    2.050722] hv_vmbus: registering driver hyperv_fb
[STDOUT  ] 2018-02-14T10:30:34.095481249Z: [    2.054894] input: Power Button as /devices/LNXSYSTM:00/LNXPWRBN:00/input/input0
[STDOUT  ] 2018-02-14T10:30:34.098522718Z: [    2.061188] ACPI: Power Button [PWRF]
[STDOUT  ] 2018-02-14T10:30:34.102071297Z: [    2.064594] GHES: HEST is not enabled!
[STDOUT  ] 2018-02-14T10:30:34.10737244Z: [    2.068208] ACPI: PCI Interrupt Link [GSIG] enabled at IRQ 22
[STDOUT  ] 2018-02-14T10:30:34.11881926Z: [    2.079419] ACPI: PCI Interrupt Link [GSIH] enabled at IRQ 23
[STDOUT  ] 2018-02-14T10:30:34.130453787Z: [    2.090953] xenfs: not registering filesystem on non-xen platform
[STDOUT  ] 2018-02-14T10:30:34.13614856Z: [    2.096195] Serial: 8250/16550 driver, 4 ports, IRQ sharing disabled
[STDOUT  ] 2018-02-14T10:30:34.175213182Z: [    2.134518] 00:04: ttyS0 at I/O 0x3f8 (irq = 4, base_baud = 115200) is a 16550A
[STDOUT  ] 2018-02-14T10:30:34.179880995Z: [    2.141918] Non-volatile memory driver v1.3
[STDOUT  ] 2018-02-14T10:30:34.188824384Z: [    2.147030] Hangcheck: starting hangcheck timer 0.9.1 (tick is 180 seconds, margin is 60 seconds).
[STDOUT  ] 2018-02-14T10:30:34.192297929Z: [    2.154969] random: fast init done
[STDOUT  ] 2018-02-14T10:30:34.195458302Z: [    2.158275] random: crng init done
[STDOUT  ] 2018-02-14T10:30:34.20031433Z: [    2.163068] loop: module loaded
[STDOUT  ] 2018-02-14T10:30:34.204983917Z: [    2.166676] nbd: registered device at major 43
[STDOUT  ] 2018-02-14T10:30:34.211911403Z: [    2.172324] lpc_ich 0000:00:1f.0: I/O space for GPIO uninitialized
[STDOUT  ] 2018-02-14T10:30:34.216483912Z: [    2.177743] VMware PVSCSI driver - version 1.0.7.0-k
[STDOUT  ] 2018-02-14T10:30:34.220623549Z: [    2.182227] hv_vmbus: registering driver hv_storvsc
[STDOUT  ] 2018-02-14T10:30:34.226320175Z: [    2.186911] ACPI: PCI Interrupt Link [GSIA] enabled at IRQ 16
[STDOUT  ] 2018-02-14T10:30:34.236482379Z: [    2.195055] ahci 0000:00:1f.2: AHCI 0001.0000 32 slots 6 ports 1.5 Gbps 0x3f impl SATA mode
[STDOUT  ] 2018-02-14T10:30:34.240817359Z: [    2.202275] ahci 0000:00:1f.2: flags: 64bit ncq only 
[STDOUT  ] 2018-02-14T10:30:34.246977225Z: [    2.210125] scsi host0: ahci
[STDOUT  ] 2018-02-14T10:30:34.249655579Z: [    2.212870] scsi host1: ahci
[STDOUT  ] 2018-02-14T10:30:34.252472756Z: [    2.215515] scsi host2: ahci
[STDOUT  ] 2018-02-14T10:30:34.255126356Z: [    2.218248] scsi host3: ahci
[STDOUT  ] 2018-02-14T10:30:34.257901194Z: [    2.221081] scsi host4: ahci
[STDOUT  ] 2018-02-14T10:30:34.26073049Z: [    2.223775] scsi host5: ahci
[STDOUT  ] 2018-02-14T10:30:34.266951317Z: [    2.226498] ata1: SATA max UDMA/133 abar m4096@0xfebd2000 port 0xfebd2100 irq 24
[STDOUT  ] 2018-02-14T10:30:34.273255512Z: [    2.232810] ata2: SATA max UDMA/133 abar m4096@0xfebd2000 port 0xfebd2180 irq 24
[STDOUT  ] 2018-02-14T10:30:34.279602767Z: [    2.239036] ata3: SATA max UDMA/133 abar m4096@0xfebd2000 port 0xfebd2200 irq 24
[STDOUT  ] 2018-02-14T10:30:34.285997932Z: [    2.245410] ata4: SATA max UDMA/133 abar m4096@0xfebd2000 port 0xfebd2280 irq 24
[STDOUT  ] 2018-02-14T10:30:34.292468586Z: [    2.251756] ata5: SATA max UDMA/133 abar m4096@0xfebd2000 port 0xfebd2300 irq 24
[STDOUT  ] 2018-02-14T10:30:34.298697817Z: [    2.258099] ata6: SATA max UDMA/133 abar m4096@0xfebd2000 port 0xfebd2380 irq 24
[STDOUT  ] 2018-02-14T10:30:34.305120917Z: [    2.266452] tun: Universal TUN/TAP device driver, 1.6
[STDOUT  ] 2018-02-14T10:30:34.310405987Z: [    2.270929] tun: (C) 1999-2004 Max Krasnyansky <maxk@qualcomm.com>
[STDOUT  ] 2018-02-14T10:30:34.320234537Z: [    2.280263] VMware vmxnet3 virtual NIC driver - version 1.4.a.0-k-NAPI
[STDOUT  ] 2018-02-14T10:30:34.32448379Z: [    2.286004] hv_vmbus: registering driver hv_netvsc
[STDOUT  ] 2018-02-14T10:30:34.328268591Z: [    2.290282] Fusion MPT base driver 3.04.20
[STDOUT  ] 2018-02-14T10:30:34.332341646Z: [    2.293915] Copyright (c) 1999-2008 LSI Corporation
[STDOUT  ] 2018-02-14T10:30:34.336174209Z: [    2.298091] Fusion MPT SPI Host driver 3.04.20
[STDOUT  ] 2018-02-14T10:30:34.34329684Z: [    2.302067] i8042: PNP: PS/2 Controller [PNP0303:KBD,PNP0f13:MOU] at 0x60,0x64 irq 1,12
[STDOUT  ] 2018-02-14T10:30:34.351311248Z: [    2.312700] serio: i8042 KBD port at 0x60,0x64 irq 1
[STDOUT  ] 2018-02-14T10:30:34.355636069Z: [    2.317056] serio: i8042 AUX port at 0x60,0x64 irq 12
[STDOUT  ] 2018-02-14T10:30:34.360456646Z: [    2.321573] hv_vmbus: registering driver hyperv_keyboard
[STDOUT  ] 2018-02-14T10:30:34.365294018Z: [    2.326212] mousedev: PS/2 mouse device common for all mice
[STDOUT  ] 2018-02-14T10:30:34.373896074Z: [    2.332336] input: AT Translated Set 2 keyboard as /devices/platform/i8042/serio0/input/input1
[STDOUT  ] 2018-02-14T10:30:34.379624766Z: [    2.339805] input: PC Speaker as /devices/platform/pcspkr/input/input2
[STDOUT  ] 2018-02-14T10:30:34.384662126Z: [    2.346354] rtc_cmos 00:00: RTC can wake from S4
[STDOUT  ] 2018-02-14T10:30:34.391759603Z: [    2.352091] rtc_cmos 00:00: rtc core: registered rtc_cmos as rtc0
[STDOUT  ] 2018-02-14T10:30:34.398965332Z: [    2.358319] rtc_cmos 00:00: alarms up to one day, y3k, 114 bytes nvram, hpet irqs
[STDOUT  ] 2018-02-14T10:30:34.40199377Z: [    2.364701] i2c /dev entries driver
[STDOUT  ] 2018-02-14T10:30:34.409430859Z: [    2.367851] device-mapper: ioctl: 4.35.0-ioctl (2016-06-23) initialised: dm-devel@redhat.com
[STDOUT  ] 2018-02-14T10:30:34.415231227Z: [    2.376136] usbcore: registered new interface driver usbhid
[STDOUT  ] 2018-02-14T10:30:34.418693886Z: [    2.381057] usbhid: USB HID core driver
[STDOUT  ] 2018-02-14T10:30:34.423135261Z: [    2.384401] hv_utils: Registering HyperV Utility Driver
[STDOUT  ] 2018-02-14T10:30:34.42738908Z: [    2.388875] hv_vmbus: registering driver hv_util
[STDOUT  ] 2018-02-14T10:30:34.431675679Z: [    2.393202] hv_vmbus: registering driver hv_balloon
[STDOUT  ] 2018-02-14T10:30:34.435205039Z: [    2.397338] oprofile: using NMI interrupt.
[STDOUT  ] 2018-02-14T10:30:34.438058987Z: [    2.401023] GACT probability on
[STDOUT  ] 2018-02-14T10:30:34.441119007Z: [    2.403721] Mirror/redirect action on
[STDOUT  ] 2018-02-14T10:30:34.444180476Z: [    2.406869] Simple TC action Loaded
[STDOUT  ] 2018-02-14T10:30:34.446534353Z: [    2.409938] u32 classifier
[STDOUT  ] 2018-02-14T10:30:34.449880499Z: [    2.412344]     Performance counters on
[STDOUT  ] 2018-02-14T10:30:34.453066661Z: [    2.415619]     input device check on
[STDOUT  ] 2018-02-14T10:30:34.455968618Z: [    2.418807]     Actions configured
[STDOUT  ] 2018-02-14T10:30:34.460084657Z: [    2.421787] Netfilter messages via NETLINK v0.30.
[STDOUT  ] 2018-02-14T10:30:34.464082865Z: [    2.425771] nfnl_acct: registering with nfnetlink.
[STDOUT  ] 2018-02-14T10:30:34.469304918Z: [    2.429898] nf_conntrack version 0.5.0 (8192 buckets, 32768 max)
[STDOUT  ] 2018-02-14T10:30:34.473978795Z: [    2.435138] ctnetlink v0.93: registering with nfnetlink.
[STDOUT  ] 2018-02-14T10:30:34.479681463Z: [    2.439777] nf_tables: (c) 2007-2009 Patrick McHardy <kaber@trash.net>
[STDOUT  ] 2018-02-14T10:30:34.485767448Z: [    2.445419] nf_tables_compat: (c) 2012 Pablo Neira Ayuso <pablo@netfilter.org>
[STDOUT  ] 2018-02-14T10:30:34.489644673Z: [    2.451670] xt_time: kernel timezone is -0000
[STDOUT  ] 2018-02-14T10:30:34.492394573Z: [    2.455388] ip_set: protocol 6
[STDOUT  ] 2018-02-14T10:30:34.49746346Z: [    2.458059] IPVS: Registered protocols (TCP, UDP, SCTP, AH, ESP)
[STDOUT  ] 2018-02-14T10:30:34.503669897Z: [    2.463229] IPVS: Connection hash table configured (size=4096, memory=64Kbytes)
[STDOUT  ] 2018-02-14T10:30:34.507621637Z: [    2.469473] IPVS: Creating netns size=2104 id=0
[STDOUT  ] 2018-02-14T10:30:34.511493611Z: [    2.474408] IPVS: ipvs loaded.
[STDOUT  ] 2018-02-14T10:30:34.515212244Z: [    2.477233] IPVS: [rr] scheduler registered.
[STDOUT  ] 2018-02-14T10:30:34.519157055Z: [    2.481226] IPVS: [wrr] scheduler registered.
[STDOUT  ] 2018-02-14T10:30:34.522863306Z: [    2.484895] IPVS: [lc] scheduler registered.
[STDOUT  ] 2018-02-14T10:30:34.526789401Z: [    2.488714] IPVS: [wlc] scheduler registered.
[STDOUT  ] 2018-02-14T10:30:34.530751777Z: [    2.492745] IPVS: [fo] scheduler registered.
[STDOUT  ] 2018-02-14T10:30:34.534550264Z: [    2.496588] IPVS: [ovf] scheduler registered.
[STDOUT  ] 2018-02-14T10:30:34.538597534Z: [    2.500479] IPVS: [lblc] scheduler registered.
[STDOUT  ] 2018-02-14T10:30:34.54272115Z: [    2.504528] IPVS: [lblcr] scheduler registered.
[STDOUT  ] 2018-02-14T10:30:34.546461003Z: [    2.508552] IPVS: [dh] scheduler registered.
[STDOUT  ] 2018-02-14T10:30:34.550316907Z: [    2.512383] IPVS: [sh] scheduler registered.
[STDOUT  ] 2018-02-14T10:30:34.554227822Z: [    2.516219] IPVS: [sed] scheduler registered.
[STDOUT  ] 2018-02-14T10:30:34.558109596Z: [    2.520192] IPVS: [nq] scheduler registered.
[STDOUT  ] 2018-02-14T10:30:34.562615269Z: [    2.524033] IPVS: ftp: loaded support on port[0] = 21
[STDOUT  ] 2018-02-14T10:30:34.567449981Z: [    2.528559] ipip: IPv4 and MPLS over IPv4 tunneling driver
[STDOUT  ] 2018-02-14T10:30:34.572069088Z: [    2.533691] gre: GRE over IPv4 demultiplexor driver
[STDOUT  ] 2018-02-14T10:30:34.577005858Z: [    2.538208] ip_tables: (C) 2000-2006 Netfilter Core Team
[STDOUT  ] 2018-02-14T10:30:34.582800902Z: [    2.543187] ipt_CLUSTERIP: ClusterIP Version 0.8 loaded successfully
[STDOUT  ] 2018-02-14T10:30:34.587915537Z: [    2.548835] arp_tables: arp_tables: (C) 2002 David S. Miller
[STDOUT  ] 2018-02-14T10:30:34.592175274Z: [    2.554152] NET: Registered protocol family 10
[STDOUT  ] 2018-02-14T10:30:34.597068433Z: [    2.558295] ip6_tables: (C) 2000-2006 Netfilter Core Team
[STDOUT  ] 2018-02-14T10:30:34.602045419Z: [    2.563766] NET: Registered protocol family 17
[STDOUT  ] 2018-02-14T10:30:34.605463239Z: [    2.567732] Bridge firewalling registered
[STDOUT  ] 2018-02-14T10:30:34.608853776Z: [    2.571524] Ebtables v2.0 registered
[STDOUT  ] 2018-02-14T10:30:34.612807539Z: [    2.574864] 8021q: 802.1Q VLAN Support v1.8
[STDOUT  ] 2018-02-14T10:30:34.61672457Z: [    2.578766] 9pnet: Installing 9P2000 support
[STDOUT  ] 2018-02-14T10:30:34.620576346Z: [    2.582577] Key type dns_resolver registered
[STDOUT  ] 2018-02-14T10:30:34.624562456Z: [    2.586731] registered taskstats version 1
[STDOUT  ] 2018-02-14T10:30:34.631827221Z: [    2.592215] ata3: SATA link up 1.5 Gbps (SStatus 113 SControl 300)
[STDOUT  ] 2018-02-14T10:30:34.637495138Z: [    2.598581] ata2: SATA link down (SStatus 0 SControl 300)
[STDOUT  ] 2018-02-14T10:30:34.643678389Z: [    2.604049] ata1: SATA link up 1.5 Gbps (SStatus 113 SControl 300)
[STDOUT  ] 2018-02-14T10:30:34.648904324Z: [    2.609763] ata1.00: ATA-7: QEMU HARDDISK, 2.5+, max UDMA/100
[STDOUT  ] 2018-02-14T10:30:34.654572956Z: [    2.614717] ata1.00: 524288 sectors, multi 16: LBA48 NCQ (depth 31/32)
[STDOUT  ] 2018-02-14T10:30:34.658262105Z: [    2.620280] ata1.00: applying bridge limits
[STDOUT  ] 2018-02-14T10:30:34.663599681Z: [    2.624665] ata5: SATA link down (SStatus 0 SControl 300)
[STDOUT  ] 2018-02-14T10:30:34.669241372Z: [    2.630233] ata4: SATA link down (SStatus 0 SControl 300)
[STDOUT  ] 2018-02-14T10:30:34.674600023Z: [    2.635625] ata6: SATA link down (SStatus 0 SControl 300)
[STDOUT  ] 2018-02-14T10:30:34.68046458Z: [    2.641256] ata3.00: ATAPI: QEMU DVD-ROM, 2.5+, max UDMA/100
[STDOUT  ] 2018-02-14T10:30:34.684028544Z: [    2.646107] ata3.00: applying bridge limits
[STDOUT  ] 2018-02-14T10:30:34.692528361Z: [    2.654543] ata3.00: configured for UDMA/100
[STDOUT  ] 2018-02-14T10:30:34.696894873Z: [    2.659014] Key type big_key registered
[STDOUT  ] 2018-02-14T10:30:34.700900637Z: [    2.662960] ata1.00: configured for UDMA/100
[STDOUT  ] 2018-02-14T10:30:34.709601859Z: [    2.668246] scsi 0:0:0:0: Direct-Access     ATA      QEMU HARDDISK    2.5+ PQ: 0 ANSI: 5
[STDOUT  ] 2018-02-14T10:30:34.717601445Z: [    2.677139] sd 0:0:0:0: [sda] 524288 512-byte logical blocks: (268 MB/256 MiB)
[STDOUT  ] 2018-02-14T10:30:34.72219523Z: [    2.683449] sd 0:0:0:0: Attached scsi generic sg0 type 0
[STDOUT  ] 2018-02-14T10:30:34.728079104Z: [    2.689638] sd 0:0:0:0: [sda] Write Protect is off
[STDOUT  ] 2018-02-14T10:30:34.736989785Z: [    2.695747] scsi 2:0:0:0: CD-ROM            QEMU     QEMU DVD-ROM     2.5+ PQ: 0 ANSI: 5
[STDOUT  ] 2018-02-14T10:30:34.744713908Z: [    2.702816] sd 0:0:0:0: [sda] Write cache: enabled, read cache: enabled, doesn't support DPO or FUA
[STDOUT  ] 2018-02-14T10:30:34.748232194Z: [    2.710478] Key type encrypted registered
[STDOUT  ] 2018-02-14T10:30:34.758162424Z: [    2.716873] rtc_cmos 00:00: setting system clock to 2018-02-14 10:30:34 UTC (1518604234)
[STDOUT  ] 2018-02-14T10:30:34.763123277Z: [    2.724782] sd 0:0:0:0: [sda] Attached SCSI disk
[STDOUT  ] 2018-02-14T10:30:34.770938941Z: [    2.730945] sr 2:0:0:0: [sr0] scsi3-mmc drive: 4x/4x cd/rw xa/form2 tray
[STDOUT  ] 2018-02-14T10:30:34.775293713Z: [    2.736575] cdrom: Uniform CD-ROM driver Revision: 3.20
[STDOUT  ] 2018-02-14T10:30:34.780517146Z: [    2.741610] sr 2:0:0:0: Attached scsi generic sg1 type 5
[STDOUT  ] 2018-02-14T10:30:34.786306754Z: [    2.747920] Freeing unused kernel memory: 1404K
[STDOUT  ] 2018-02-14T10:30:34.791216428Z: [    2.752023] Write protecting the kernel read-only data: 12288k
[STDOUT  ] 2018-02-14T10:30:34.795414858Z: [    2.757229] Freeing unused kernel memory: 124K
[STDOUT  ] 2018-02-14T10:30:34.802852954Z: [    2.764629] Freeing unused kernel memory: 1396K
[STDOUT  ] 2018-02-14T10:30:35.310017508Z: 
[STDOUT  ] 2018-02-14T10:30:35.311789894Z: Welcome to LinuxKit
[STDOUT  ] 2018-02-14T10:30:35.31195077Z: 
[STDOUT  ] 2018-02-14T10:30:35.314361533Z:                         ##         .
[STDOUT  ] 2018-02-14T10:30:35.316830258Z:                   ## ## ##        ==
[STDOUT  ] 2018-02-14T10:30:35.319195923Z:                ## ## ## ## ##    ===
[STDOUT  ] 2018-02-14T10:30:35.321513491Z:            /"""""""""""""""""\___/ ===
[STDOUT  ] 2018-02-14T10:30:35.324001556Z:           {                       /  ===-
[STDOUT  ] 2018-02-14T10:30:35.326445264Z:            \______ O           __/
[STDOUT  ] 2018-02-14T10:30:35.328434353Z:              \    \         __/
[STDOUT  ] 2018-02-14T10:30:35.330307693Z:               \____\_______/
[STDOUT  ] 2018-02-14T10:30:35.330830098Z: 
[STDOUT  ] 2018-02-14T10:30:35.367054561Z: [    3.328682] IPVS: Creating netns size=2104 id=1
[STDOUT  ] 2018-02-14T10:30:35.371705087Z: [    3.333005] IPVS: ftp: loaded support on port[0] = 21
[STDOUT  ] 2018-02-14T10:30:35.431848429Z: 2018/02/14 10:30:35 Creating partition on /dev/sda
[STDOUT  ] 2018-02-14T10:30:35.451834439Z: [    3.415796]  sda:
[STDOUT  ] 2018-02-14T10:30:35.459291651Z: [    3.423177]  sda:
[STDOUT  ] 2018-02-14T10:30:35.475526122Z: [    3.439012]  sda: sda1
[STDOUT  ] 2018-02-14T10:30:35.485093738Z: [    3.446734]  sda: sda1
[STDOUT  ] 2018-02-14T10:30:36.547377006Z: [    4.507940] mkfs.xfs: sending ioctl 1261 to a partition!
[STDOUT  ] 2018-02-14T10:30:36.551670431Z: 2018/02/14 10:30:36 Partition /dev/sda1 successfully created!
[STDOUT  ] 2018-02-14T10:30:36.630160936Z: [    4.591161] IPVS: Creating netns size=2104 id=2
[STDOUT  ] 2018-02-14T10:30:36.635360373Z: [    4.595886] IPVS: ftp: loaded support on port[0] = 21
[STDOUT  ] 2018-02-14T10:30:36.681404385Z: [    4.636677] FAT-fs (sda1): utf8 is not a recommended IO charset for FAT filesystems, filesystem will be case sensitive!
[STDOUT  ] 2018-02-14T10:30:36.692454953Z: [    4.647793] FAT-fs (sda1): utf8 is not a recommended IO charset for FAT filesystems, filesystem will be case sensitive!
[STDOUT  ] 2018-02-14T10:30:36.698227811Z: [    4.658972] mount: sending ioctl 5310 to a partition!
[STDOUT  ] 2018-02-14T10:30:36.726511035Z: [    4.687354] mount: sending ioctl 5310 to a partition!
[STDOUT  ] 2018-02-14T10:30:36.733972358Z: [    4.692767] UDF-fs: warning (device sda1): udf_fill_super: No partition found (2)
[STDOUT  ] 2018-02-14T10:30:36.739704757Z: [    4.701092] XFS (sda1): Mounting V5 Filesystem
[STDOUT  ] 2018-02-14T10:30:36.752985668Z: [    4.714761] XFS (sda1): Ending clean mount
[STDOUT  ] 2018-02-14T10:30:47.194836274Z: [   15.155854] sd 0:0:0:0: [sda] Synchronizing SCSI cache
[STDOUT  ] 2018-02-14T10:30:47.198720202Z: [   15.161048] sd 0:0:0:0: [sda] Stopping disk
[STDOUT  ] 2018-02-14T10:30:47.204672717Z: [   15.166069] ACPI: Preparing to enter system sleep state S5
[STDOUT  ] 2018-02-14T10:30:47.207850076Z: [   15.171111] reboot: Power down
[STDERR  ] 2018-02-14T10:30:47.539953889Z: + [ -f disk.img ]
[STDERR  ] 2018-02-14T10:30:47.540010652Z: + dd if=/dev/zero bs=1048576 count=256
[STDERR  ] 2018-02-14T10:30:47.721796006Z: 256+0 records in
[STDERR  ] 2018-02-14T10:30:47.721862587Z: 256+0 records out
[STDERR  ] 2018-02-14T10:30:47.721872856Z: 268435456 bytes (268 MB) copied, 0.181125 s, 1.5 GB/s
[STDERR  ] 2018-02-14T10:30:47.722112965Z: + linuxkit build -format kernel+initrd -name extend-xfs test.yml
[STDERR  ] 2018-02-14T10:30:47.804050717Z: Extract kernel image: linuxkit/kernel:4.9.81
[STDERR  ] 2018-02-14T10:30:48.953689938Z: time="2018-02-14T10:30:48Z" level=warning msg="certificate with CN Justin Cormack is near expiry"
[STDERR  ] 2018-02-14T10:30:48.953861498Z: time="2018-02-14T10:30:48Z" level=warning msg="certificate with CN  is near expiry"
[STDERR  ] 2018-02-14T10:30:48.953994993Z: time="2018-02-14T10:30:48Z" level=warning msg="certificate with CN  is near expiry"
[STDERR  ] 2018-02-14T10:30:48.954038313Z: time="2018-02-14T10:30:48Z" level=warning msg="certificate with CN avi@atomicinc.com is near expiry"
[STDERR  ] 2018-02-14T10:30:48.954208552Z: time="2018-02-14T10:30:48Z" level=warning msg="certificate with CN Ian Campbell is near expiry"
[STDERR  ] 2018-02-14T10:30:49.012732784Z: time="2018-02-14T10:30:49Z" level=warning msg="certificate with CN Justin Cormack is near expiry"
[STDERR  ] 2018-02-14T10:30:49.393857255Z: Add init containers:
[STDERR  ] 2018-02-14T10:30:49.393910542Z: Process init image: linuxkit/init:6061875ba11fd9c563fda6234b103ed9997ff782
[STDERR  ] 2018-02-14T10:30:50.431531477Z: time="2018-02-14T10:30:50Z" level=warning msg="certificate with CN  is near expiry"
[STDERR  ] 2018-02-14T10:30:50.431584724Z: time="2018-02-14T10:30:50Z" level=warning msg="certificate with CN  is near expiry"
[STDERR  ] 2018-02-14T10:30:50.431677561Z: time="2018-02-14T10:30:50Z" level=warning msg="certificate with CN avi@atomicinc.com is near expiry"
[STDERR  ] 2018-02-14T10:30:50.431721898Z: time="2018-02-14T10:30:50Z" level=warning msg="certificate with CN Ian Campbell is near expiry"
[STDERR  ] 2018-02-14T10:30:50.431827724Z: time="2018-02-14T10:30:50Z" level=warning msg="certificate with CN Justin Cormack is near expiry"
[STDERR  ] 2018-02-14T10:30:50.435968995Z: time="2018-02-14T10:30:50Z" level=warning msg="certificate with CN Justin Cormack is near expiry"
[STDERR  ] 2018-02-14T10:30:50.437386261Z: time="2018-02-14T10:30:50Z" level=warning msg="certificate with CN  is near expiry"
[STDERR  ] 2018-02-14T10:30:50.437430071Z: time="2018-02-14T10:30:50Z" level=warning msg="certificate with CN Ian Campbell is near expiry"
[STDERR  ] 2018-02-14T10:30:50.599330225Z: Process init image: linuxkit/runc:52ecfdef1ae051e7fd5ac5f1d0b7dd859adff015
[STDERR  ] 2018-02-14T10:30:51.624136304Z: time="2018-02-14T10:30:51Z" level=warning msg="certificate with CN avi@atomicinc.com is near expiry"
[STDERR  ] 2018-02-14T10:30:51.624195501Z: time="2018-02-14T10:30:51Z" level=warning msg="certificate with CN Ian Campbell is near expiry"
[STDERR  ] 2018-02-14T10:30:51.624311725Z: time="2018-02-14T10:30:51Z" level=warning msg="certificate with CN Justin Cormack is near expiry"
[STDERR  ] 2018-02-14T10:30:51.624398691Z: time="2018-02-14T10:30:51Z" level=warning msg="certificate with CN  is near expiry"
[STDERR  ] 2018-02-14T10:30:51.624447358Z: time="2018-02-14T10:30:51Z" level=warning msg="certificate with CN  is near expiry"
[STDERR  ] 2018-02-14T10:30:51.626496081Z: time="2018-02-14T10:30:51Z" level=warning msg="certificate with CN Justin Cormack is near expiry"
[STDERR  ] 2018-02-14T10:30:51.62759589Z: time="2018-02-14T10:30:51Z" level=warning msg="certificate with CN  is near expiry"
[STDERR  ] 2018-02-14T10:30:51.627678848Z: time="2018-02-14T10:30:51Z" level=warning msg="certificate with CN Ian Campbell is near expiry"
[STDERR  ] 2018-02-14T10:30:51.770580592Z: Add onboot containers:
[STDERR  ] 2018-02-14T10:30:51.77062062Z:   Create OCI config for linuxkit/extend:v0.2
[STDERR  ] 2018-02-14T10:30:52.884581446Z: time="2018-02-14T10:30:52Z" level=warning msg="certificate with CN Rolf Neugebauer is near expiry"
[STDERR  ] 2018-02-14T10:30:52.884630749Z: time="2018-02-14T10:30:52Z" level=warning msg="certificate with CN Ian Campbell is near expiry"
[STDERR  ] 2018-02-14T10:30:52.884700567Z: time="2018-02-14T10:30:52Z" level=warning msg="certificate with CN  is near expiry"
[STDERR  ] 2018-02-14T10:30:52.8847467Z: time="2018-02-14T10:30:52Z" level=warning msg="certificate with CN Moby CI is near expiry"
[STDERR  ] 2018-02-14T10:30:52.884805138Z: time="2018-02-14T10:30:52Z" level=warning msg="certificate with CN  is near expiry"
[STDERR  ] 2018-02-14T10:30:52.885018909Z: time="2018-02-14T10:30:52Z" level=warning msg="certificate with CN Justin Cormack is near expiry"
[STDERR  ] 2018-02-14T10:30:52.885994574Z: time="2018-02-14T10:30:52Z" level=warning msg="certificate with CN  is near expiry"
[STDERR  ] 2018-02-14T10:30:52.886046474Z: time="2018-02-14T10:30:52Z" level=warning msg="certificate with CN Ian Campbell is near expiry"
[STDERR  ] 2018-02-14T10:30:52.887021363Z: time="2018-02-14T10:30:52Z" level=warning msg="certificate with CN Rolf Neugebauer is near expiry"
[STDERR  ] 2018-02-14T10:30:53.227232806Z:   Create OCI config for linuxkit/mount:v0.2
[STDERR  ] 2018-02-14T10:30:54.29799427Z: time="2018-02-14T10:30:54Z" level=warning msg="certificate with CN avi@atomicinc.com is near expiry"
[STDERR  ] 2018-02-14T10:30:54.300034398Z: time="2018-02-14T10:30:54Z" level=warning msg="certificate with CN Ian Campbell is near expiry"
[STDERR  ] 2018-02-14T10:30:54.300120925Z: time="2018-02-14T10:30:54Z" level=warning msg="certificate with CN Justin Cormack is near expiry"
[STDERR  ] 2018-02-14T10:30:54.300255624Z: time="2018-02-14T10:30:54Z" level=warning msg="certificate with CN Rolf Neugebauer is near expiry"
[STDERR  ] 2018-02-14T10:30:54.300297555Z: time="2018-02-14T10:30:54Z" level=warning msg="certificate with CN  is near expiry"
[STDERR  ] 2018-02-14T10:30:54.300504089Z: time="2018-02-14T10:30:54Z" level=warning msg="certificate with CN  is near expiry"
[STDERR  ] 2018-02-14T10:30:54.301932045Z: time="2018-02-14T10:30:54Z" level=warning msg="certificate with CN Justin Cormack is near expiry"
[STDERR  ] 2018-02-14T10:30:54.30293022Z: time="2018-02-14T10:30:54Z" level=warning msg="certificate with CN Rolf Neugebauer is near expiry"
[STDERR  ] 2018-02-14T10:30:54.303731258Z: time="2018-02-14T10:30:54Z" level=warning msg="certificate with CN  is near expiry"
[STDERR  ] 2018-02-14T10:30:54.303794657Z: time="2018-02-14T10:30:54Z" level=warning msg="certificate with CN Ian Campbell is near expiry"
[STDERR  ] 2018-02-14T10:30:54.61108822Z:   Create OCI config for alpine:3.7
[STDERR  ] 2018-02-14T10:30:55.804447583Z:   Create OCI config for linuxkit/poweroff:f9a0a5e52fd2a97908bda33db2afffafe4a6a67d
[STDERR  ] 2018-02-14T10:30:56.852664434Z: time="2018-02-14T10:30:56Z" level=warning msg="certificate with CN  is near expiry"
[STDERR  ] 2018-02-14T10:30:56.85271477Z: time="2018-02-14T10:30:56Z" level=warning msg="certificate with CN  is near expiry"
[STDERR  ] 2018-02-14T10:30:56.852746803Z: time="2018-02-14T10:30:56Z" level=warning msg="certificate with CN avi@atomicinc.com is near expiry"
[STDERR  ] 2018-02-14T10:30:56.852816379Z: time="2018-02-14T10:30:56Z" level=warning msg="certificate with CN Ian Campbell is near expiry"
[STDERR  ] 2018-02-14T10:30:56.852877783Z: time="2018-02-14T10:30:56Z" level=warning msg="certificate with CN Justin Cormack is near expiry"
[STDERR  ] 2018-02-14T10:30:56.853013339Z: time="2018-02-14T10:30:56Z" level=warning msg="certificate with CN Rolf Neugebauer is near expiry"
[STDERR  ] 2018-02-14T10:30:56.854538033Z: time="2018-02-14T10:30:56Z" level=warning msg="certificate with CN Rolf Neugebauer is near expiry"
[STDERR  ] 2018-02-14T10:30:56.855770078Z: time="2018-02-14T10:30:56Z" level=warning msg="certificate with CN  is near expiry"
[STDERR  ] 2018-02-14T10:30:56.855860204Z: time="2018-02-14T10:30:56Z" level=warning msg="certificate with CN Ian Campbell is near expiry"
[STDERR  ] 2018-02-14T10:30:57.021699635Z: Add files:
[STDERR  ] 2018-02-14T10:30:57.021739948Z:   check.sh
[STDERR  ] 2018-02-14T10:30:57.041186608Z: Create outputs:
[STDERR  ] 2018-02-14T10:31:02.43018335Z:   extend-xfs-kernel extend-xfs-initrd.img extend-xfs-cmdline
[STDERR  ] 2018-02-14T10:31:02.522726594Z: + linuxkit run -disk file=disk.img extend-xfs
[STDERR  ] 2018-02-14T10:31:02.546779963Z: Unable to find qemu-system-x86_64 within the $PATH. Using a container
[STDERR  ] 2018-02-14T10:31:02.546836906Z: Using existing disk [disk.img] format 
[STDERR  ] 2018-02-14T10:31:03.068981206Z: WARNING: Image format was not specified for 'disk.img' and probing guessed raw.
[STDERR  ] 2018-02-14T10:31:03.069029738Z:          Automatically detecting the format is dangerous for raw images, write operations on block 0 will be restricted.
[STDERR  ] 2018-02-14T10:31:03.069063141Z:          Specify the 'raw' format explicitly to remove the restrictions.
[STDERR  ] 2018-02-14T10:31:20.916349253Z: + RESULT=[    0.000000] Linux version 4.9.81-linuxkit (root@131493a180c4) (gcc version 6.4.0 (Alpine 6.4.0) ) #1 SMP Tue Feb 13 18:31:25 UTC 2018
[STDERR  ] 2018-02-14T10:31:20.916399615Z: [    0.000000] Command line: console=ttyS0 console=ttyAMA0
[STDERR  ] 2018-02-14T10:31:20.91640874Z: [    0.000000] x86/fpu: Legacy x87 FPU detected.
[STDERR  ] 2018-02-14T10:31:20.916416834Z: [    0.000000] x86/fpu: Using 'eager' FPU context switches.
[STDERR  ] 2018-02-14T10:31:20.916423813Z: [    0.000000] e820: BIOS-provided physical RAM map:
[STDERR  ] 2018-02-14T10:31:20.91643136Z: [    0.000000] BIOS-e820: [mem 0x0000000000000000-0x000000000009fbff] usable
[STDERR  ] 2018-02-14T10:31:20.916438889Z: [    0.000000] BIOS-e820: [mem 0x000000000009fc00-0x000000000009ffff] reserved
[STDERR  ] 2018-02-14T10:31:20.916456705Z: [    0.000000] BIOS-e820: [mem 0x00000000000f0000-0x00000000000fffff] reserved
[STDERR  ] 2018-02-14T10:31:20.916463529Z: [    0.000000] BIOS-e820: [mem 0x0000000000100000-0x000000003ffdefff] usable
[STDERR  ] 2018-02-14T10:31:20.916470812Z: [    0.000000] BIOS-e820: [mem 0x000000003ffdf000-0x000000003fffffff] reserved
[STDERR  ] 2018-02-14T10:31:20.916478232Z: [    0.000000] BIOS-e820: [mem 0x00000000b0000000-0x00000000bfffffff] reserved
[STDERR  ] 2018-02-14T10:31:20.916485983Z: [    0.000000] BIOS-e820: [mem 0x00000000fed1c000-0x00000000fed1ffff] reserved
[STDERR  ] 2018-02-14T10:31:20.916493229Z: [    0.000000] BIOS-e820: [mem 0x00000000feffc000-0x00000000feffffff] reserved
[STDERR  ] 2018-02-14T10:31:20.91650004Z: [    0.000000] BIOS-e820: [mem 0x00000000fffc0000-0x00000000ffffffff] reserved
[STDERR  ] 2018-02-14T10:31:20.916507471Z: [    0.000000] NX (Execute Disable) protection: active
[STDERR  ] 2018-02-14T10:31:20.916514108Z: [    0.000000] SMBIOS 2.8 present.
[STDERR  ] 2018-02-14T10:31:20.916522768Z: [    0.000000] Hypervisor detected: KVM
[STDERR  ] 2018-02-14T10:31:20.91653246Z: [    0.000000] e820: last_pfn = 0x3ffdf max_arch_pfn = 0x400000000
[STDERR  ] 2018-02-14T10:31:20.916542251Z: [    0.000000] x86/PAT: PAT not supported by CPU.
[STDERR  ] 2018-02-14T10:31:20.916552073Z: [    0.000000] x86/PAT: Configuration [0-7]: WB  WT  UC- UC  WB  WT  UC- UC  
[STDERR  ] 2018-02-14T10:31:20.916561442Z: [    0.000000] found SMP MP-table at [mem 0x000f6aa0-0x000f6aaf] mapped at [ffff97f0800f6aa0]
[STDERR  ] 2018-02-14T10:31:20.916569051Z: [    0.000000] RAMDISK: [mem 0x3dea4000-0x3ffcffff]
[STDERR  ] 2018-02-14T10:31:20.916576304Z: [    0.000000] ACPI: Early table checksum verification disabled
[STDERR  ] 2018-02-14T10:31:20.916583377Z: [    0.000000] ACPI: RSDP 0x00000000000F68B0 000014 (v00 BOCHS )
[STDERR  ] 2018-02-14T10:31:20.916590918Z: [    0.000000] ACPI: RSDT 0x000000003FFE20A8 000034 (v01 BOCHS  BXPCRSDT 00000001 BXPC 00000001)
[STDERR  ] 2018-02-14T10:31:20.916598086Z: [    0.000000] ACPI: FACP 0x000000003FFE1EC8 0000F4 (v03 BOCHS  BXPCFACP 00000001 BXPC 00000001)
[STDERR  ] 2018-02-14T10:31:20.916606023Z: [    0.000000] ACPI: DSDT 0x000000003FFE0040 001E88 (v01 BOCHS  BXPCDSDT 00000001 BXPC 00000001)
[STDERR  ] 2018-02-14T10:31:20.916612784Z: [    0.000000] ACPI: FACS 0x000000003FFE0000 000040
[STDERR  ] 2018-02-14T10:31:20.916619219Z: [    0.000000] ACPI: APIC 0x000000003FFE1FBC 000078 (v01 BOCHS  BXPCAPIC 00000001 BXPC 00000001)
[STDERR  ] 2018-02-14T10:31:20.916625515Z: [    0.000000] ACPI: HPET 0x000000003FFE2034 000038 (v01 BOCHS  BXPCHPET 00000001 BXPC 00000001)
[STDERR  ] 2018-02-14T10:31:20.916637202Z: [    0.000000] ACPI: MCFG 0x000000003FFE206C 00003C (v01 BOCHS  BXPCMCFG 00000001 BXPC 00000001)
[STDERR  ] 2018-02-14T10:31:20.91664352Z: [    0.000000] kvm-clock: Using msrs 4b564d01 and 4b564d00
[STDERR  ] 2018-02-14T10:31:20.91664975Z: [    0.000000] kvm-clock: cpu 0, msr 0:3ffdd001, primary cpu clock
[STDERR  ] 2018-02-14T10:31:20.916656467Z: [    0.000000] clocksource: kvm-clock: mask: 0xffffffffffffffff max_cycles: 0x1cd42e4dffb, max_idle_ns: 881590591483 ns
[STDERR  ] 2018-02-14T10:31:20.916680024Z: [    0.000000] Zone ranges:
[STDERR  ] 2018-02-14T10:31:20.91668648Z: [    0.000000]   DMA      [mem 0x0000000000001000-0x0000000000ffffff]
[STDERR  ] 2018-02-14T10:31:20.916698596Z: [    0.000000]   DMA32    [mem 0x0000000001000000-0x000000003ffdefff]
[STDERR  ] 2018-02-14T10:31:20.916704572Z: [    0.000000]   Normal   empty
[STDERR  ] 2018-02-14T10:31:20.916713791Z: [    0.000000] Movable zone start for each node
[STDERR  ] 2018-02-14T10:31:20.916720418Z: [    0.000000] Early memory node ranges
[STDERR  ] 2018-02-14T10:31:20.916728977Z: [    0.000000]   node   0: [mem 0x0000000000001000-0x000000000009efff]
[STDERR  ] 2018-02-14T10:31:20.916736734Z: [    0.000000]   node   0: [mem 0x0000000000100000-0x000000003ffdefff]
[STDERR  ] 2018-02-14T10:31:20.916743331Z: [    0.000000] Initmem setup node 0 [mem 0x0000000000001000-0x000000003ffdefff]
[STDERR  ] 2018-02-14T10:31:20.916749047Z: [    0.000000] ACPI: PM-Timer IO Port: 0x608
[STDERR  ] 2018-02-14T10:31:20.916755165Z: [    0.000000] ACPI: LAPIC_NMI (acpi_id[0xff] dfl dfl lint[0x1])
[STDERR  ] 2018-02-14T10:31:20.91676136Z: [    0.000000] IOAPIC[0]: apic_id 0, version 17, address 0xfec00000, GSI 0-23
[STDERR  ] 2018-02-14T10:31:20.916767097Z: [    0.000000] ACPI: INT_SRC_OVR (bus 0 bus_irq 0 global_irq 2 dfl dfl)
[STDERR  ] 2018-02-14T10:31:20.916772785Z: [    0.000000] ACPI: INT_SRC_OVR (bus 0 bus_irq 5 global_irq 5 high level)
[STDERR  ] 2018-02-14T10:31:20.916778492Z: [    0.000000] ACPI: INT_SRC_OVR (bus 0 bus_irq 9 global_irq 9 high level)
[STDERR  ] 2018-02-14T10:31:20.916784341Z: [    0.000000] ACPI: INT_SRC_OVR (bus 0 bus_irq 10 global_irq 10 high level)
[STDERR  ] 2018-02-14T10:31:20.916789998Z: [    0.000000] ACPI: INT_SRC_OVR (bus 0 bus_irq 11 global_irq 11 high level)
[STDERR  ] 2018-02-14T10:31:20.916796479Z: [    0.000000] Using ACPI (MADT) for SMP configuration information
[STDERR  ] 2018-02-14T10:31:20.916802333Z: [    0.000000] ACPI: HPET id: 0x8086a201 base: 0xfed00000
[STDERR  ] 2018-02-14T10:31:20.916812524Z: [    0.000000] smpboot: Allowing 1 CPUs, 0 hotplug CPUs
[STDERR  ] 2018-02-14T10:31:20.916818268Z: [    0.000000] e820: [mem 0x40000000-0xafffffff] available for PCI devices
[STDERR  ] 2018-02-14T10:31:20.916824047Z: [    0.000000] Booting paravirtualized kernel on KVM
[STDERR  ] 2018-02-14T10:31:20.916830409Z: [    0.000000] clocksource: refined-jiffies: mask: 0xffffffff max_cycles: 0xffffffff, max_idle_ns: 19112604462750000 ns
[STDERR  ] 2018-02-14T10:31:20.916836927Z: [    0.000000] setup_percpu: NR_CPUS:128 nr_cpumask_bits:128 nr_cpu_ids:1 nr_node_ids:1
[STDERR  ] 2018-02-14T10:31:20.916844065Z: [    0.000000] percpu: Embedded 36 pages/cpu @ffff97f0bdc00000 s106904 r8192 d32360 u2097152
[STDERR  ] 2018-02-14T10:31:20.916854153Z: [    0.000000] KVM setup async PF for cpu 0
[STDERR  ] 2018-02-14T10:31:20.916860335Z: [    0.000000] kvm-stealtime: cpu 0, msr 3dc0fd80
[STDERR  ] 2018-02-14T10:31:20.916865918Z: [    0.000000] Built 1 zonelists in Zone order, mobility grouping on.  Total pages: 257896
[STDERR  ] 2018-02-14T10:31:20.916871801Z: [    0.000000] Kernel command line: console=ttyS0 console=ttyAMA0
[STDERR  ] 2018-02-14T10:31:20.916877619Z: [    0.000000] PID hash table entries: 4096 (order: 3, 32768 bytes)
[STDERR  ] 2018-02-14T10:31:20.916884159Z: [    0.000000] Dentry cache hash table entries: 131072 (order: 8, 1048576 bytes)
[STDERR  ] 2018-02-14T10:31:20.916890733Z: [    0.000000] Inode-cache hash table entries: 65536 (order: 7, 524288 bytes)
[STDERR  ] 2018-02-14T10:31:20.916896781Z: [    0.000000] Memory: 980148K/1048052K available (8054K kernel code, 1391K rwdata, 2700K rodata, 1404K init, 564K bss, 67904K reserved, 0K cma-reserved)
[STDERR  ] 2018-02-14T10:31:20.916907672Z: [    0.000000] Kernel/User page tables isolation: enabled
[STDERR  ] 2018-02-14T10:31:20.91691405Z: [    0.000000] Hierarchical RCU implementation.
[STDERR  ] 2018-02-14T10:31:20.916919772Z: [    0.000000] 	Build-time adjustment of leaf fanout to 64.
[STDERR  ] 2018-02-14T10:31:20.916932621Z: [    0.000000] 	RCU restricting CPUs from NR_CPUS=128 to nr_cpu_ids=1.
[STDERR  ] 2018-02-14T10:31:20.916938584Z: [    0.000000] RCU: Adjusting geometry for rcu_fanout_leaf=64, nr_cpu_ids=1
[STDERR  ] 2018-02-14T10:31:20.916944224Z: [    0.000000] NR_IRQS:8448 nr_irqs:256 16
[STDERR  ] 2018-02-14T10:31:20.916953982Z: [    0.000000] Console: colour VGA+ 80x25
[STDERR  ] 2018-02-14T10:31:20.916959947Z: [    0.000000] console [ttyS0] enabled
[STDERR  ] 2018-02-14T10:31:20.916966724Z: [    0.000000] clocksource: hpet: mask: 0xffffffff max_cycles: 0xffffffff, max_idle_ns: 19112604467 ns
[STDERR  ] 2018-02-14T10:31:20.91697257Z: [    0.000000] tsc: Detected 2299.910 MHz processor
[STDERR  ] 2018-02-14T10:31:20.916978633Z: [    0.020000] Calibrating delay loop (skipped) preset value.. 4599.82 BogoMIPS (lpj=22999100)
[STDERR  ] 2018-02-14T10:31:20.916984394Z: [    0.020033] pid_max: default: 32768 minimum: 301
[STDERR  ] 2018-02-14T10:31:20.916989972Z: [    0.023975] ACPI: Core revision 20160831
[STDERR  ] 2018-02-14T10:31:20.916996253Z: [    0.030479] ACPI: 1 ACPI AML tables successfully acquired and loaded
[STDERR  ] 2018-02-14T10:31:20.917002044Z: [    0.036229] Security Framework initialized
[STDERR  ] 2018-02-14T10:31:20.917008353Z: [    0.040039] Yama: becoming mindful.
[STDERR  ] 2018-02-14T10:31:20.917013853Z: [    0.043237] Mount-cache hash table entries: 2048 (order: 2, 16384 bytes)
[STDERR  ] 2018-02-14T10:31:20.917055395Z: [    0.049232] Mountpoint-cache hash table entries: 2048 (order: 2, 16384 bytes)
[STDERR  ] 2018-02-14T10:31:20.917061356Z: [    0.050863] CPU: Physical Processor ID: 0
[STDERR  ] 2018-02-14T10:31:20.91706719Z: [    0.060248] Last level iTLB entries: 4KB 0, 2MB 0, 4MB 0
[STDERR  ] 2018-02-14T10:31:20.917075018Z: [    0.065153] Last level dTLB entries: 4KB 0, 2MB 0, 4MB 0, 1GB 0
[STDERR  ] 2018-02-14T10:31:20.917081103Z: [    0.070025] Spectre V2 : Vulnerable: Minimal generic ASM retpoline
[STDERR  ] 2018-02-14T10:31:20.917087419Z: [    0.202817] Freeing SMP alternatives memory: 20K
[STDERR  ] 2018-02-14T10:31:20.917093132Z: [    0.239103] ftrace: allocating 35563 entries in 139 pages
[STDERR  ] 2018-02-14T10:31:20.917099064Z: [    0.250125] smpboot: Max logical packages: 1
[STDERR  ] 2018-02-14T10:31:20.917104978Z: [    0.256154] x2apic enabled
[STDERR  ] 2018-02-14T10:31:20.917111107Z: [    0.260033] Switched APIC routing to physical x2apic.
[STDERR  ] 2018-02-14T10:31:20.917116724Z: [    0.277742] ..TIMER: vector=0x30 apic1=0 pin1=2 apic2=-1 pin2=-1
[STDERR  ] 2018-02-14T10:31:20.91712241Z: [    0.280000] smpboot: CPU0: Intel QEMU Virtual CPU version 2.5+ (family: 0x6, model: 0x6, stepping: 0x3)
[STDERR  ] 2018-02-14T10:31:20.917127935Z: [    0.280000] Performance Events: PMU not available due to virtualization, using software events only.
[STDERR  ] 2018-02-14T10:31:20.917134756Z: [    0.290537] x86: Booted up 1 node, 1 CPUs
[STDERR  ] 2018-02-14T10:31:20.917142854Z: [    0.294355] smpboot: Total of 1 processors activated (4599.82 BogoMIPS)
[STDERR  ] 2018-02-14T10:31:20.917148579Z: [    0.302141] devtmpfs: initialized
[STDERR  ] 2018-02-14T10:31:20.917154966Z: [    0.305141] x86/mm: Memory block size: 128MB
[STDERR  ] 2018-02-14T10:31:20.917161396Z: [    0.312776] clocksource: jiffies: mask: 0xffffffff max_cycles: 0xffffffff, max_idle_ns: 19112604462750000 ns
[STDERR  ] 2018-02-14T10:31:20.917167045Z: [    0.320023] futex hash table entries: 256 (order: 2, 16384 bytes)
[STDERR  ] 2018-02-14T10:31:20.917172715Z: [    0.325467] NET: Registered protocol family 16
[STDERR  ] 2018-02-14T10:31:20.917178624Z: [    0.330238] cpuidle: using governor ladder
[STDERR  ] 2018-02-14T10:31:20.917184148Z: [    0.333689] cpuidle: using governor menu
[STDERR  ] 2018-02-14T10:31:20.917189727Z: [    0.340325] ACPI: bus type PCI registered
[STDERR  ] 2018-02-14T10:31:20.917195237Z: [    0.344235] PCI: MMCONFIG for domain 0000 [bus 00-ff] at [mem 0xb0000000-0xbfffffff] (base 0xb0000000)
[STDERR  ] 2018-02-14T10:31:20.917201068Z: [    0.350012] PCI: MMCONFIG at [mem 0xb0000000-0xbfffffff] reserved in E820
[STDERR  ] 2018-02-14T10:31:20.917213163Z: [    0.355788] PCI: Using configuration type 1 for base access
[STDERR  ] 2018-02-14T10:31:20.917218822Z: [    0.361740] HugeTLB registered 2 MB page size, pre-allocated 0 pages
[STDERR  ] 2018-02-14T10:31:20.917224382Z: [    0.370270] ACPI: Added _OSI(Module Device)
[STDERR  ] 2018-02-14T10:31:20.917229801Z: [    0.377031] ACPI: Added _OSI(Processor Device)
[STDERR  ] 2018-02-14T10:31:20.91723542Z: [    0.380009] ACPI: Added _OSI(3.0 _SCP Extensions)
[STDERR  ] 2018-02-14T10:31:20.91724219Z: [    0.383970] ACPI: Added _OSI(Processor Aggregator Device)
[STDERR  ] 2018-02-14T10:31:20.91724771Z: [    0.395375] ACPI: Interpreter enabled
[STDERR  ] 2018-02-14T10:31:20.917253826Z: [    0.398492] ACPI: (supports S0 S5)
[STDERR  ] 2018-02-14T10:31:20.91725948Z: [    0.400008] ACPI: Using IOAPIC for interrupt routing
[STDERR  ] 2018-02-14T10:31:20.917265035Z: [    0.404442] PCI: Using host bridge windows from ACPI; if necessary, use "pci=nocrs" and report a bug
[STDERR  ] 2018-02-14T10:31:20.917270598Z: [    0.413023] ACPI: PCI Root Bridge [PCI0] (domain 0000 [bus 00-ff])
[STDERR  ] 2018-02-14T10:31:20.917276173Z: [    0.420019] acpi PNP0A08:00: _OSC: OS supports [ExtendedConfig ASPM ClockPM Segments MSI]
[STDERR  ] 2018-02-14T10:31:20.917281918Z: [    0.426961] acpi PNP0A08:00: _OSC: OS now controls [PCIeHotplug PME PCIeCapability]
[STDERR  ] 2018-02-14T10:31:20.91728742Z: [    0.430087] PCI host bridge to bus 0000:00
[STDERR  ] 2018-02-14T10:31:20.917293022Z: [    0.433556] pci_bus 0000:00: root bus resource [io  0x0000-0x0cf7 window]
[STDERR  ] 2018-02-14T10:31:20.917298807Z: [    0.440010] pci_bus 0000:00: root bus resource [io  0x0d00-0xffff window]
[STDERR  ] 2018-02-14T10:31:20.917304185Z: [    0.450008] pci_bus 0000:00: root bus resource [mem 0x000a0000-0x000bffff window]
[STDERR  ] 2018-02-14T10:31:20.917309965Z: [    0.456324] pci_bus 0000:00: root bus resource [mem 0xc0000000-0xfebfffff window]
[STDERR  ] 2018-02-14T10:31:20.917315503Z: [    0.460011] pci_bus 0000:00: root bus resource [bus 00-ff]
[STDERR  ] 2018-02-14T10:31:20.917320964Z: [    0.620696] pci 0000:00:1f.0: quirk: [io  0x0600-0x067f] claimed by ICH6 ACPI/GPIO/TCO
[STDERR  ] 2018-02-14T10:31:20.917328523Z: [    0.695603] ACPI: PCI Interrupt Link [LNKA] (IRQs 5 *10 11)
[STDERR  ] 2018-02-14T10:31:20.917336606Z: [    0.701877] ACPI: PCI Interrupt Link [LNKB] (IRQs 5 *10 11)
[STDERR  ] 2018-02-14T10:31:20.91734415Z: [    0.707705] ACPI: PCI Interrupt Link [LNKC] (IRQs 5 10 *11)
[STDERR  ] 2018-02-14T10:31:20.917352861Z: [    0.711902] ACPI: PCI Interrupt Link [LNKD] (IRQs 5 10 *11)
[STDERR  ] 2018-02-14T10:31:20.91736174Z: [    0.720693] ACPI: PCI Interrupt Link [LNKE] (IRQs 5 *10 11)
[STDERR  ] 2018-02-14T10:31:20.917370987Z: [    0.726613] ACPI: PCI Interrupt Link [LNKF] (IRQs 5 *10 11)
[STDERR  ] 2018-02-14T10:31:20.917378768Z: [    0.731863] ACPI: PCI Interrupt Link [LNKG] (IRQs 5 10 *11)
[STDERR  ] 2018-02-14T10:31:20.917387635Z: [    0.737641] ACPI: PCI Interrupt Link [LNKH] (IRQs 5 10 *11)
[STDERR  ] 2018-02-14T10:31:20.917397087Z: [    0.741669] ACPI: PCI Interrupt Link [GSIA] (IRQs *16)
[STDERR  ] 2018-02-14T10:31:20.91740334Z: [    0.746419] ACPI: PCI Interrupt Link [GSIB] (IRQs *17)
[STDERR  ] 2018-02-14T10:31:20.917409143Z: [    0.750926] ACPI: PCI Interrupt Link [GSIC] (IRQs *18)
[STDERR  ] 2018-02-14T10:31:20.91741474Z: [    0.755660] ACPI: PCI Interrupt Link [GSID] (IRQs *19)
[STDERR  ] 2018-02-14T10:31:20.917420822Z: [    0.760908] ACPI: PCI Interrupt Link [GSIE] (IRQs *20)
[STDERR  ] 2018-02-14T10:31:20.917427016Z: [    0.765680] ACPI: PCI Interrupt Link [GSIF] (IRQs *21)
[STDERR  ] 2018-02-14T10:31:20.917432712Z: [    0.770914] ACPI: PCI Interrupt Link [GSIG] (IRQs *22)
[STDERR  ] 2018-02-14T10:31:20.917438397Z: [    0.775681] ACPI: PCI Interrupt Link [GSIH] (IRQs *23)
[STDERR  ] 2018-02-14T10:31:20.917444402Z: [    0.781200] ACPI: Enabled 1 GPEs in block 00 to 3F
[STDERR  ] 2018-02-14T10:31:20.917449862Z: [    0.786079] SCSI subsystem initialized
[STDERR  ] 2018-02-14T10:31:20.917462164Z: [    0.790092] ACPI: bus type USB registered
[STDERR  ] 2018-02-14T10:31:20.917468078Z: [    0.793726] usbcore: registered new interface driver usbfs
[STDERR  ] 2018-02-14T10:31:20.917474588Z: [    0.798474] usbcore: registered new interface driver hub
[STDERR  ] 2018-02-14T10:31:20.917480279Z: [    0.800044] usbcore: registered new device driver usb
[STDERR  ] 2018-02-14T10:31:20.917486243Z: [    0.804365] pps_core: LinuxPPS API ver. 1 registered
[STDERR  ] 2018-02-14T10:31:20.91749234Z: [    0.810007] pps_core: Software ver. 5.3.6 - Copyright 2005-2007 Rodolfo Giometti <giometti@linux.it>
[STDERR  ] 2018-02-14T10:31:20.917498522Z: [    0.820022] PTP clock support registered
[STDERR  ] 2018-02-14T10:31:20.917504367Z: [    0.823513] PCI: Using ACPI for IRQ routing
[STDERR  ] 2018-02-14T10:31:20.917510995Z: [    1.212977] NetLabel: Initializing
[STDERR  ] 2018-02-14T10:31:20.917516591Z: [    1.216052] NetLabel:  domain hash size = 128
[STDERR  ] 2018-02-14T10:31:20.917525122Z: [    1.219768] NetLabel:  protocols = UNLABELED CIPSOv4
[STDERR  ] 2018-02-14T10:31:20.917533552Z: [    1.220039] NetLabel:  unlabeled traffic allowed by default
[STDERR  ] 2018-02-14T10:31:20.917541674Z: [    1.224776] wmi: Mapper loaded
[STDERR  ] 2018-02-14T10:31:20.917547208Z: [    1.230189] HPET: 3 timers in total, 0 timers will be used for per-cpu timer
[STDERR  ] 2018-02-14T10:31:20.917555974Z: [    1.236150] hpet0: at MMIO 0xfed00000, IRQs 2, 8, 0
[STDERR  ] 2018-02-14T10:31:20.917564518Z: [    1.241329] hpet0: 3 comparators, 64-bit 100.000000 MHz counter
[STDERR  ] 2018-02-14T10:31:20.917570428Z: [    1.248680] clocksource: Switched to clocksource kvm-clock
[STDERR  ] 2018-02-14T10:31:20.917576562Z: [    1.259091] VFS: Disk quotas dquot_6.6.0
[STDERR  ] 2018-02-14T10:31:20.91758274Z: [    1.262644] VFS: Dquot-cache hash table entries: 512 (order 0, 4096 bytes)
[STDERR  ] 2018-02-14T10:31:20.917589095Z: [    1.268495] FS-Cache: Loaded
[STDERR  ] 2018-02-14T10:31:20.917595074Z: [    1.271224] CacheFiles: Loaded
[STDERR  ] 2018-02-14T10:31:20.917600907Z: [    1.273964] pnp: PnP ACPI init
[STDERR  ] 2018-02-14T10:31:20.917606685Z: [    1.277610] pnp: PnP ACPI: found 5 devices
[STDERR  ] 2018-02-14T10:31:20.917612574Z: [    1.287240] clocksource: acpi_pm: mask: 0xffffff max_cycles: 0xffffff, max_idle_ns: 2085701024 ns
[STDERR  ] 2018-02-14T10:31:20.917618595Z: [    1.294908] NET: Registered protocol family 2
[STDERR  ] 2018-02-14T10:31:20.917623958Z: [    1.298963] TCP established hash table entries: 8192 (order: 4, 65536 bytes)
[STDERR  ] 2018-02-14T10:31:20.91762953Z: [    1.305005] TCP bind hash table entries: 8192 (order: 5, 131072 bytes)
[STDERR  ] 2018-02-14T10:31:20.917635018Z: [    1.310573] TCP: Hash tables configured (established 8192 bind 8192)
[STDERR  ] 2018-02-14T10:31:20.917640623Z: [    1.315886] UDP hash table entries: 512 (order: 2, 16384 bytes)
[STDERR  ] 2018-02-14T10:31:20.917646943Z: [    1.320972] UDP-Lite hash table entries: 512 (order: 2, 16384 bytes)
[STDERR  ] 2018-02-14T10:31:20.917653254Z: [    1.326378] NET: Registered protocol family 1
[STDERR  ] 2018-02-14T10:31:20.917659224Z: [    1.330401] pci 0000:00:01.0: Video device with shadowed ROM at [mem 0x000c0000-0x000dffff]
[STDERR  ] 2018-02-14T10:31:20.917664833Z: [    1.337866] Unpacking initramfs...
[STDERR  ] 2018-02-14T10:31:20.917670511Z: [    1.930563] Freeing initrd memory: 33968K
[STDERR  ] 2018-02-14T10:31:20.917675848Z: [    1.935294] PCLMULQDQ-NI instructions are not detected.
[STDERR  ] 2018-02-14T10:31:20.917681251Z: [    1.939959] AVX or AES-NI instructions are not detected.
[STDERR  ] 2018-02-14T10:31:20.917686691Z: [    1.944570] CPU feature 'AVX registers' is not supported.
[STDERR  ] 2018-02-14T10:31:20.917692167Z: [    1.949131] CPU feature 'AVX registers' is not supported.
[STDERR  ] 2018-02-14T10:31:20.917697707Z: [    1.953780] CPU feature 'AVX registers' is not supported.
[STDERR  ] 2018-02-14T10:31:20.917703097Z: [    1.958333] CPU feature 'AVX registers' is not supported.
[STDERR  ] 2018-02-14T10:31:20.917708598Z: [    1.962995] AVX2 or AES-NI instructions are not detected.
[STDERR  ] 2018-02-14T10:31:20.917720457Z: [    1.967572] AVX2 instructions are not detected.
[STDERR  ] 2018-02-14T10:31:20.9177261Z: [    1.971750] audit: initializing netlink subsys (disabled)
[STDERR  ] 2018-02-14T10:31:20.917731924Z: [    1.976347] audit: type=2000 audit(1518604266.010:1): initialized
[STDERR  ] 2018-02-14T10:31:20.917737358Z: [    1.982061] workingset: timestamp_bits=46 max_order=18 bucket_order=0
[STDERR  ] 2018-02-14T10:31:20.917742762Z: [    1.987814] squashfs: version 4.0 (2009/01/31) Phillip Lougher
[STDERR  ] 2018-02-14T10:31:20.917748502Z: [    1.992965] FS-Cache: Netfs 'cifs' registered for caching
[STDERR  ] 2018-02-14T10:31:20.91775395Z: [    1.997558] fuse init (API version 7.26)
[STDERR  ] 2018-02-14T10:31:20.917759446Z: [    2.001159] SGI XFS with ACLs, security attributes, no debug enabled
[STDERR  ] 2018-02-14T10:31:20.917764851Z: [    2.006642] 9p: Installing v9fs 9p2000 file system support
[STDERR  ] 2018-02-14T10:31:20.917770201Z: [    2.011340] FS-Cache: Netfs '9p' registered for caching
[STDERR  ] 2018-02-14T10:31:20.917775799Z: [    2.016685] NET: Registered protocol family 38
[STDERR  ] 2018-02-14T10:31:20.917781993Z: [    2.020576] Key type asymmetric registered
[STDERR  ] 2018-02-14T10:31:20.917787519Z: [    2.024124] Asymmetric key parser 'x509' registered
[STDERR  ] 2018-02-14T10:31:20.917792961Z: [    2.028283] Block layer SCSI generic (bsg) driver version 0.4 loaded (major 251)
[STDERR  ] 2018-02-14T10:31:20.917798383Z: [    2.034603] io scheduler noop registered
[STDERR  ] 2018-02-14T10:31:20.917803735Z: [    2.037941] io scheduler deadline registered (default)
[STDERR  ] 2018-02-14T10:31:20.917809667Z: [    2.042479] io scheduler cfq registered
[STDERR  ] 2018-02-14T10:31:20.91781502Z: [    2.045874] pci_hotplug: PCI Hot Plug PCI Core version: 0.5
[STDERR  ] 2018-02-14T10:31:20.917820669Z: [    2.050699] pciehp: PCI Express Hot Plug Controller Driver version: 0.4
[STDERR  ] 2018-02-14T10:31:20.917826082Z: [    2.056310] shpchp: Standard Hot Plug PCI Controller Driver version: 0.4
[STDERR  ] 2018-02-14T10:31:20.917831546Z: [    2.062039] hv_vmbus: registering driver hyperv_fb
[STDERR  ] 2018-02-14T10:31:20.917837437Z: [    2.066291] input: Power Button as /devices/LNXSYSTM:00/LNXPWRBN:00/input/input0
[STDERR  ] 2018-02-14T10:31:20.917843285Z: [    2.072643] ACPI: Power Button [PWRF]
[STDERR  ] 2018-02-14T10:31:20.917848855Z: [    2.076084] GHES: HEST is not enabled!
[STDERR  ] 2018-02-14T10:31:20.917854333Z: [    2.079740] ACPI: PCI Interrupt Link [GSIG] enabled at IRQ 22
[STDERR  ] 2018-02-14T10:31:20.917859922Z: [    2.091046] ACPI: PCI Interrupt Link [GSIH] enabled at IRQ 23
[STDERR  ] 2018-02-14T10:31:20.917865411Z: [    2.102424] xenfs: not registering filesystem on non-xen platform
[STDERR  ] 2018-02-14T10:31:20.917872058Z: [    2.107681] Serial: 8250/16550 driver, 4 ports, IRQ sharing disabled
[STDERR  ] 2018-02-14T10:31:20.91787845Z: [    2.145995] 00:04: ttyS0 at I/O 0x3f8 (irq = 4, base_baud = 115200) is a 16550A
[STDERR  ] 2018-02-14T10:31:20.917884037Z: [    2.153374] Non-volatile memory driver v1.3
[STDERR  ] 2018-02-14T10:31:20.917889477Z: [    2.158541] Hangcheck: starting hangcheck timer 0.9.1 (tick is 180 seconds, margin is 60 seconds).
[STDERR  ] 2018-02-14T10:31:20.917894969Z: [    2.166454] random: fast init done
[STDERR  ] 2018-02-14T10:31:20.917900334Z: [    2.169734] random: crng init done
[STDERR  ] 2018-02-14T10:31:20.917906158Z: [    2.174412] loop: module loaded
[STDERR  ] 2018-02-14T10:31:20.917911891Z: [    2.177863] nbd: registered device at major 43
[STDERR  ] 2018-02-14T10:31:20.917917869Z: [    2.183484] lpc_ich 0000:00:1f.0: I/O space for GPIO uninitialized
[STDERR  ] 2018-02-14T10:31:20.917923234Z: [    2.188848] VMware PVSCSI driver - version 1.0.7.0-k
[STDERR  ] 2018-02-14T10:31:20.917930444Z: [    2.193303] hv_vmbus: registering driver hv_storvsc
[STDERR  ] 2018-02-14T10:31:20.917936271Z: [    2.197892] ACPI: PCI Interrupt Link [GSIA] enabled at IRQ 16
[STDERR  ] 2018-02-14T10:31:20.917958388Z: [    2.205239] ahci 0000:00:1f.2: AHCI 0001.0000 32 slots 6 ports 1.5 Gbps 0x3f impl SATA mode
[STDERR  ] 2018-02-14T10:31:20.917970876Z: [    2.212479] ahci 0000:00:1f.2: flags: 64bit ncq only 
[STDERR  ] 2018-02-14T10:31:20.917979485Z: [    2.220230] scsi host0: ahci
[STDERR  ] 2018-02-14T10:31:20.917987758Z: [    2.223046] scsi host1: ahci
[STDERR  ] 2018-02-14T10:31:20.917993541Z: [    2.225737] scsi host2: ahci
[STDERR  ] 2018-02-14T10:31:20.917999198Z: [    2.228458] scsi host3: ahci
[STDERR  ] 2018-02-14T10:31:20.918005044Z: [    2.231207] scsi host4: ahci
[STDERR  ] 2018-02-14T10:31:20.918010962Z: [    2.233949] scsi host5: ahci
[STDERR  ] 2018-02-14T10:31:20.918027232Z: [    2.236666] ata1: SATA max UDMA/133 abar m4096@0xfebd2000 port 0xfebd2100 irq 24
[STDERR  ] 2018-02-14T10:31:20.918033538Z: [    2.243021] ata2: SATA max UDMA/133 abar m4096@0xfebd2000 port 0xfebd2180 irq 24
[STDERR  ] 2018-02-14T10:31:20.918039222Z: [    2.249319] ata3: SATA max UDMA/133 abar m4096@0xfebd2000 port 0xfebd2200 irq 24
[STDERR  ] 2018-02-14T10:31:20.918045218Z: [    2.256142] ata4: SATA max UDMA/133 abar m4096@0xfebd2000 port 0xfebd2280 irq 24
[STDERR  ] 2018-02-14T10:31:20.918051273Z: [    2.262562] ata5: SATA max UDMA/133 abar m4096@0xfebd2000 port 0xfebd2300 irq 24
[STDERR  ] 2018-02-14T10:31:20.918058225Z: [    2.268957] ata6: SATA max UDMA/133 abar m4096@0xfebd2000 port 0xfebd2380 irq 24
[STDERR  ] 2018-02-14T10:31:20.918063925Z: [    2.277481] tun: Universal TUN/TAP device driver, 1.6
[STDERR  ] 2018-02-14T10:31:20.91806986Z: [    2.282047] tun: (C) 1999-2004 Max Krasnyansky <maxk@qualcomm.com>
[STDERR  ] 2018-02-14T10:31:20.918075891Z: [    2.291604] VMware vmxnet3 virtual NIC driver - version 1.4.a.0-k-NAPI
[STDERR  ] 2018-02-14T10:31:20.918081426Z: [    2.297271] hv_vmbus: registering driver hv_netvsc
[STDERR  ] 2018-02-14T10:31:20.918086902Z: [    2.301550] Fusion MPT base driver 3.04.20
[STDERR  ] 2018-02-14T10:31:20.918092454Z: [    2.305067] Copyright (c) 1999-2008 LSI Corporation
[STDERR  ] 2018-02-14T10:31:20.918098534Z: [    2.309215] Fusion MPT SPI Host driver 3.04.20
[STDERR  ] 2018-02-14T10:31:20.918103962Z: [    2.313143] i8042: PNP: PS/2 Controller [PNP0303:KBD,PNP0f13:MOU] at 0x60,0x64 irq 1,12
[STDERR  ] 2018-02-14T10:31:20.918109862Z: [    2.323595] serio: i8042 KBD port at 0x60,0x64 irq 1
[STDERR  ] 2018-02-14T10:31:20.918115219Z: [    2.327859] serio: i8042 AUX port at 0x60,0x64 irq 12
[STDERR  ] 2018-02-14T10:31:20.918120729Z: [    2.332418] hv_vmbus: registering driver hyperv_keyboard
[STDERR  ] 2018-02-14T10:31:20.918126287Z: [    2.337034] mousedev: PS/2 mouse device common for all mice
[STDERR  ] 2018-02-14T10:31:20.918132556Z: [    2.343199] input: AT Translated Set 2 keyboard as /devices/platform/i8042/serio0/input/input1
[STDERR  ] 2018-02-14T10:31:20.918138252Z: [    2.350611] input: PC Speaker as /devices/platform/pcspkr/input/input2
[STDERR  ] 2018-02-14T10:31:20.918143696Z: [    2.357093] rtc_cmos 00:00: RTC can wake from S4
[STDERR  ] 2018-02-14T10:31:20.918149132Z: [    2.362820] rtc_cmos 00:00: rtc core: registered rtc_cmos as rtc0
[STDERR  ] 2018-02-14T10:31:20.918155504Z: [    2.372061] rtc_cmos 00:00: alarms up to one day, y3k, 114 bytes nvram, hpet irqs
[STDERR  ] 2018-02-14T10:31:20.918161305Z: [    2.378395] i2c /dev entries driver
[STDERR  ] 2018-02-14T10:31:20.918166811Z: [    2.381734] device-mapper: ioctl: 4.35.0-ioctl (2016-06-23) initialised: dm-devel@redhat.com
[STDERR  ] 2018-02-14T10:31:20.918172436Z: [    2.389739] usbcore: registered new interface driver usbhid
[STDERR  ] 2018-02-14T10:31:20.918177802Z: [    2.394683] usbhid: USB HID core driver
[STDERR  ] 2018-02-14T10:31:20.918183158Z: [    2.398080] hv_utils: Registering HyperV Utility Driver
[STDERR  ] 2018-02-14T10:31:20.918188561Z: [    2.402703] hv_vmbus: registering driver hv_util
[STDERR  ] 2018-02-14T10:31:20.918194193Z: [    2.406809] hv_vmbus: registering driver hv_balloon
[STDERR  ] 2018-02-14T10:31:20.918199849Z: [    2.411058] oprofile: using NMI interrupt.
[STDERR  ] 2018-02-14T10:31:20.918211351Z: [    2.414791] GACT probability on
[STDERR  ] 2018-02-14T10:31:20.918217388Z: [    2.417539] Mirror/redirect action on
[STDERR  ] 2018-02-14T10:31:20.918223169Z: [    2.420771] Simple TC action Loaded
[STDERR  ] 2018-02-14T10:31:20.91822864Z: [    2.423807] u32 classifier
[STDERR  ] 2018-02-14T10:31:20.918234139Z: [    2.426149]     Performance counters on
[STDERR  ] 2018-02-14T10:31:20.918239638Z: [    2.429626]     input device check on
[STDERR  ] 2018-02-14T10:31:20.918245246Z: [    2.432958]     Actions configured
[STDERR  ] 2018-02-14T10:31:20.918250795Z: [    2.435892] Netfilter messages via NETLINK v0.30.
[STDERR  ] 2018-02-14T10:31:20.918256205Z: [    2.439909] nfnl_acct: registering with nfnetlink.
[STDERR  ] 2018-02-14T10:31:20.918261558Z: [    2.444114] nf_conntrack version 0.5.0 (8192 buckets, 32768 max)
[STDERR  ] 2018-02-14T10:31:20.918266989Z: [    2.449365] ctnetlink v0.93: registering with nfnetlink.
[STDERR  ] 2018-02-14T10:31:20.918272343Z: [    2.453992] nf_tables: (c) 2007-2009 Patrick McHardy <kaber@trash.net>
[STDERR  ] 2018-02-14T10:31:20.918277765Z: [    2.459494] nf_tables_compat: (c) 2012 Pablo Neira Ayuso <pablo@netfilter.org>
[STDERR  ] 2018-02-14T10:31:20.918283261Z: [    2.465743] xt_time: kernel timezone is -0000
[STDERR  ] 2018-02-14T10:31:20.918288616Z: [    2.469462] ip_set: protocol 6
[STDERR  ] 2018-02-14T10:31:20.918294055Z: [    2.472217] IPVS: Registered protocols (TCP, UDP, SCTP, AH, ESP)
[STDERR  ] 2018-02-14T10:31:20.91829943Z: [    2.477319] IPVS: Connection hash table configured (size=4096, memory=64Kbytes)
[STDERR  ] 2018-02-14T10:31:20.918304983Z: [    2.483592] IPVS: Creating netns size=2104 id=0
[STDERR  ] 2018-02-14T10:31:20.918310447Z: [    2.488456] IPVS: ipvs loaded.
[STDERR  ] 2018-02-14T10:31:20.918315861Z: [    2.491450] IPVS: [rr] scheduler registered.
[STDERR  ] 2018-02-14T10:31:20.918321304Z: [    2.495065] IPVS: [wrr] scheduler registered.
[STDERR  ] 2018-02-14T10:31:20.918326864Z: [    2.498986] IPVS: [lc] scheduler registered.
[STDERR  ] 2018-02-14T10:31:20.918333371Z: [    2.502946] IPVS: [wlc] scheduler registered.
[STDERR  ] 2018-02-14T10:31:20.918340717Z: [    2.506830] IPVS: [fo] scheduler registered.
[STDERR  ] 2018-02-14T10:31:20.918346127Z: [    2.510669] IPVS: [ovf] scheduler registered.
[STDERR  ] 2018-02-14T10:31:20.91835146Z: [    2.514651] IPVS: [lblc] scheduler registered.
[STDERR  ] 2018-02-14T10:31:20.918356855Z: [    2.518606] IPVS: [lblcr] scheduler registered.
[STDERR  ] 2018-02-14T10:31:20.918362273Z: [    2.522612] IPVS: [dh] scheduler registered.
[STDERR  ] 2018-02-14T10:31:20.918367645Z: [    2.526465] IPVS: [sh] scheduler registered.
[STDERR  ] 2018-02-14T10:31:20.918373027Z: [    2.530311] IPVS: [sed] scheduler registered.
[STDERR  ] 2018-02-14T10:31:20.918378366Z: [    2.534241] IPVS: [nq] scheduler registered.
[STDERR  ] 2018-02-14T10:31:20.918384062Z: [    2.538068] IPVS: ftp: loaded support on port[0] = 21
[STDERR  ] 2018-02-14T10:31:20.918389446Z: [    2.542631] ipip: IPv4 and MPLS over IPv4 tunneling driver
[STDERR  ] 2018-02-14T10:31:20.918396869Z: [    2.547804] gre: GRE over IPv4 demultiplexor driver
[STDERR  ] 2018-02-14T10:31:20.918402491Z: [    2.552435] ip_tables: (C) 2000-2006 Netfilter Core Team
[STDERR  ] 2018-02-14T10:31:20.918408022Z: [    2.557399] ipt_CLUSTERIP: ClusterIP Version 0.8 loaded successfully
[STDERR  ] 2018-02-14T10:31:20.918413649Z: [    2.563111] arp_tables: arp_tables: (C) 2002 David S. Miller
[STDERR  ] 2018-02-14T10:31:20.918419016Z: [    2.568407] NET: Registered protocol family 10
[STDERR  ] 2018-02-14T10:31:20.918424536Z: [    2.572651] ip6_tables: (C) 2000-2006 Netfilter Core Team
[STDERR  ] 2018-02-14T10:31:20.918436388Z: [    2.578248] NET: Registered protocol family 17
[STDERR  ] 2018-02-14T10:31:20.918441829Z: [    2.582242] Bridge firewalling registered
[STDERR  ] 2018-02-14T10:31:20.918447694Z: [    2.585942] Ebtables v2.0 registered
[STDERR  ] 2018-02-14T10:31:20.91845339Z: [    2.589273] 8021q: 802.1Q VLAN Support v1.8
[STDERR  ] 2018-02-14T10:31:20.918459033Z: [    2.593183] 9pnet: Installing 9P2000 support
[STDERR  ] 2018-02-14T10:31:20.918472028Z: [    2.596844] Key type dns_resolver registered
[STDERR  ] 2018-02-14T10:31:20.918478081Z: [    2.601150] ata3: SATA link up 1.5 Gbps (SStatus 113 SControl 300)
[STDERR  ] 2018-02-14T10:31:20.918483711Z: [    2.606872] ata3.00: ATAPI: QEMU DVD-ROM, 2.5+, max UDMA/100
[STDERR  ] 2018-02-14T10:31:20.91848937Z: [    2.611748] ata3.00: applying bridge limits
[STDERR  ] 2018-02-14T10:31:20.918494948Z: [    2.616093] ata2: SATA link down (SStatus 0 SControl 300)
[STDERR  ] 2018-02-14T10:31:20.918500647Z: [    2.621517] ata1: SATA link up 1.5 Gbps (SStatus 113 SControl 300)
[STDERR  ] 2018-02-14T10:31:20.91850643Z: [    2.627061] ata1.00: ATA-7: QEMU HARDDISK, 2.5+, max UDMA/100
[STDERR  ] 2018-02-14T10:31:20.918511913Z: [    2.631999] ata1.00: 1048576 sectors, multi 16: LBA48 NCQ (depth 31/32)
[STDERR  ] 2018-02-14T10:31:20.918518658Z: [    2.637630] ata1.00: applying bridge limits
[STDERR  ] 2018-02-14T10:31:20.918527735Z: [    2.642095] ata6: SATA link down (SStatus 0 SControl 300)
[STDERR  ] 2018-02-14T10:31:20.918536592Z: [    2.647452] ata5: SATA link down (SStatus 0 SControl 300)
[STDERR  ] 2018-02-14T10:31:20.918542359Z: [    2.652794] ata4: SATA link down (SStatus 0 SControl 300)
[STDERR  ] 2018-02-14T10:31:20.918548088Z: [    2.657862] registered taskstats version 1
[STDERR  ] 2018-02-14T10:31:20.918553573Z: [    2.664675] ata3.00: configured for UDMA/100
[STDERR  ] 2018-02-14T10:31:20.918559005Z: [    2.672076] ata1.00: configured for UDMA/100
[STDERR  ] 2018-02-14T10:31:20.91856937Z: [    2.675951] scsi 0:0:0:0: Direct-Access     ATA      QEMU HARDDISK    2.5+ PQ: 0 ANSI: 5
[STDERR  ] 2018-02-14T10:31:20.918574927Z: [    2.682906] Key type big_key registered
[STDERR  ] 2018-02-14T10:31:20.918580386Z: [    2.689239] sd 0:0:0:0: [sda] 1048576 512-byte logical blocks: (537 MB/512 MiB)
[STDERR  ] 2018-02-14T10:31:20.91858611Z: [    2.695728] sd 0:0:0:0: Attached scsi generic sg0 type 0
[STDERR  ] 2018-02-14T10:31:20.918592245Z: [    2.700500] sd 0:0:0:0: [sda] Write Protect is off
[STDERR  ] 2018-02-14T10:31:20.918598117Z: [    2.706670] scsi 2:0:0:0: CD-ROM            QEMU     QEMU DVD-ROM     2.5+ PQ: 0 ANSI: 5
[STDERR  ] 2018-02-14T10:31:20.918603883Z: [    2.715150] sd 0:0:0:0: [sda] Write cache: enabled, read cache: enabled, doesn't support DPO or FUA
[STDERR  ] 2018-02-14T10:31:20.918609376Z: [    2.724236] Key type encrypted registered
[STDERR  ] 2018-02-14T10:31:20.918614933Z: [    2.729384] rtc_cmos 00:00: setting system clock to 2018-02-14 10:31:07 UTC (1518604267)
[STDERR  ] 2018-02-14T10:31:20.918622333Z: [    2.737060]  sda: sda1
[STDERR  ] 2018-02-14T10:31:20.91862814Z: [    2.739386] sd 0:0:0:0: [sda] Attached SCSI disk
[STDERR  ] 2018-02-14T10:31:20.918633569Z: [    2.744131] sr 2:0:0:0: [sr0] scsi3-mmc drive: 4x/4x cd/rw xa/form2 tray
[STDERR  ] 2018-02-14T10:31:20.918639553Z: [    2.749835] cdrom: Uniform CD-ROM driver Revision: 3.20
[STDERR  ] 2018-02-14T10:31:20.918645202Z: [    2.756201] sr 2:0:0:0: Attached scsi generic sg1 type 5
[STDERR  ] 2018-02-14T10:31:20.918651569Z: [    2.762479] Freeing unused kernel memory: 1404K
[STDERR  ] 2018-02-14T10:31:20.918656994Z: [    2.766488] Write protecting the kernel read-only data: 12288k
[STDERR  ] 2018-02-14T10:31:20.918662366Z: [    2.771880] Freeing unused kernel memory: 124K
[STDERR  ] 2018-02-14T10:31:20.918667776Z: [    2.779382] Freeing unused kernel memory: 1396K
[STDERR  ] 2018-02-14T10:31:20.918673437Z: 
[STDERR  ] 2018-02-14T10:31:20.918679175Z: Welcome to LinuxKit
[STDERR  ] 2018-02-14T10:31:20.918685334Z: 
[STDERR  ] 2018-02-14T10:31:20.918690721Z:                         ##         .
[STDERR  ] 2018-02-14T10:31:20.918696091Z:                   ## ## ##        ==
[STDERR  ] 2018-02-14T10:31:20.918701516Z:                ## ## ## ## ##    ===
[STDERR  ] 2018-02-14T10:31:20.918706966Z:            /"""""""""""""""""\___/ ===
[STDERR  ] 2018-02-14T10:31:20.918712454Z:           {                       /  ===-
[STDERR  ] 2018-02-14T10:31:20.91871783Z:            \______ O           __/
[STDERR  ] 2018-02-14T10:31:20.91873036Z:              \    \         __/
[STDERR  ] 2018-02-14T10:31:20.918737901Z:               \____\_______/
[STDERR  ] 2018-02-14T10:31:20.918743432Z: 
[STDERR  ] 2018-02-14T10:31:20.918748816Z: [    3.346138] IPVS: Creating netns size=2104 id=1
[STDERR  ] 2018-02-14T10:31:20.918754251Z: [    3.350446] IPVS: ftp: loaded support on port[0] = 21
[STDERR  ] 2018-02-14T10:31:20.918759641Z: [    3.389158]  sda:
[STDERR  ] 2018-02-14T10:31:20.918765116Z: [    3.397505]  sda:
[STDERR  ] 2018-02-14T10:31:20.918770472Z: [    3.407261]  sda: sda1
[STDERR  ] 2018-02-14T10:31:20.918775884Z: [    3.415607]  sda: sda1
[STDERR  ] 2018-02-14T10:31:20.91878136Z: [    3.422899]  sda: sda1
[STDERR  ] 2018-02-14T10:31:20.918786777Z: [    4.454160] XFS (sda1): Mounting V5 Filesystem
[STDERR  ] 2018-02-14T10:31:20.918792267Z: [    4.472176] XFS (sda1): Starting recovery (logdev: internal)
[STDERR  ] 2018-02-14T10:31:20.918797783Z: [    4.484247] XFS (sda1): Ending recovery (logdev: internal)
[STDERR  ] 2018-02-14T10:31:20.918803143Z: [    4.529543] XFS (sda1): Unmounting Filesystem
[STDERR  ] 2018-02-14T10:31:20.918808574Z: 2018/02/14 10:31:09 Successfully resized /dev/sda
[STDERR  ] 2018-02-14T10:31:20.918813921Z: [    4.661063] IPVS: Creating netns size=2104 id=2
[STDERR  ] 2018-02-14T10:31:20.918819281Z: [    4.666065] IPVS: ftp: loaded support on port[0] = 21
[STDERR  ] 2018-02-14T10:31:20.91882489Z: [    4.707110] FAT-fs (sda1): utf8 is not a recommended IO charset for FAT filesystems, filesystem will be case sensitive!
[STDERR  ] 2018-02-14T10:31:20.918830596Z: [    4.717721] FAT-fs (sda1): utf8 is not a recommended IO charset for FAT filesystems, filesystem will be case sensitive!
[STDERR  ] 2018-02-14T10:31:20.918836048Z: [    4.727596] mount: sending ioctl 5310 to a partition!
[STDERR  ] 2018-02-14T10:31:20.918841718Z: [    4.755062] mount: sending ioctl 5310 to a partition!
[STDERR  ] 2018-02-14T10:31:20.918847064Z: [    4.762451] UDF-fs: warning (device sda1): udf_fill_super: No partition found (2)
[STDERR  ] 2018-02-14T10:31:20.918854789Z: [    4.770933] XFS (sda1): Mounting V5 Filesystem
[STDERR  ] 2018-02-14T10:31:20.918860195Z: [    4.785395] XFS (sda1): Ending clean mount
[STDERR  ] 2018-02-14T10:31:20.918865696Z: + [ -f /var/lib/docker/bar ]
[STDERR  ] 2018-02-14T10:31:20.918871149Z: + touch /var/lib/docker/foo
[STDERR  ] 2018-02-14T10:31:20.918876651Z: + grep -qE+ df -h
[STDERR  ] 2018-02-14T10:31:20.91888212Z:  [4-5][0-9]{2}\.[0-9]{1,}M
[STDERR  ] 2018-02-14T10:31:20.918887635Z: + printf extend test suite PASSED\n
[STDERR  ] 2018-02-14T10:31:20.918893067Z: extend test suite PASSED
[STDERR  ] 2018-02-14T10:31:20.918898585Z: [   15.264121] sd 0:0:0:0: [sda] Synchronizing SCSI cache
[STDERR  ] 2018-02-14T10:31:20.918904066Z: [   15.268944] sd 0:0:0:0: [sda] Stopping disk
[STDERR  ] 2018-02-14T10:31:20.918909694Z: [   15.274118] ACPI: Preparing to enter system sleep state S5
[STDERR  ] 2018-02-14T10:31:20.918915113Z: [   15.278996] reboot: Power down
[STDERR  ] 2018-02-14T10:31:20.918920599Z: + echo [    0.000000] Linux version 4.9.81-linuxkit (root@131493a180c4) (gcc version 6.4.0 (Alpine 6.4.0) ) #1 SMP Tue Feb 13 18:31:25 UTC 2018
[STDERR  ] 2018-02-14T10:31:20.918926257Z: [    0.000000] Command line: console=ttyS0 console=ttyAMA0
[STDERR  ] 2018-02-14T10:31:20.91893177Z: [    0.000000] x86/fpu: Legacy x87 FPU detected.
[STDERR  ] 2018-02-14T10:31:20.918937347Z: [    0.000000] x86/fpu: Using 'eager' FPU context switches.
[STDERR  ] 2018-02-14T10:31:20.918942711Z: [    0.000000] e820: BIOS-provided physical RAM map:
[STDERR  ] 2018-02-14T10:31:20.918948197Z: [    0.000000] BIOS-e820: [mem 0x0000000000000000-0x000000000009fbff] usable
[STDERR  ] 2018-02-14T10:31:20.918978143Z: [    0.000000] BIOS-e820: [mem 0x000000000009fc00-0x000000000009ffff] reserved
[STDERR  ] 2018-02-14T10:31:20.9189853Z: [    0.000000] BIOS-e820: [mem 0x00000000000f0000-0x00000000000fffff] reserved
[STDERR  ] 2018-02-14T10:31:20.918990796Z: [    0.000000] BIOS-e820: [mem 0x0000000000100000-0x000000003ffdefff] usable
[STDERR  ] 2018-02-14T10:31:20.919002994Z: [    0.000000] BIOS-e820: [mem 0x000000003ffdf000-0x000000003fffffff] reserved
[STDERR  ] 2018-02-14T10:31:20.919008643Z: [    0.000000] BIOS-e820: [mem 0x00000000b0000000-0x00000000bfffffff] reserved
[STDERR  ] 2018-02-14T10:31:20.919014069Z: [    0.000000] BIOS-e820: [mem 0x00000000fed1c000-0x00000000fed1ffff] reserved
[STDERR  ] 2018-02-14T10:31:20.919025506Z: [    0.000000] BIOS-e820: [mem 0x00000000feffc000-0x00000000feffffff] reserved
[STDERR  ] 2018-02-14T10:31:20.919031552Z: [    0.000000] BIOS-e820: [mem 0x00000000fffc0000-0x00000000ffffffff] reserved
[STDERR  ] 2018-02-14T10:31:20.919037226Z: [    0.000000] NX (Execute Disable) protection: active
[STDERR  ] 2018-02-14T10:31:20.919042815Z: [    0.000000] SMBIOS 2.8 present.
[STDERR  ] 2018-02-14T10:31:20.919049444Z: [    0.000000] Hypervisor detected: KVM
[STDERR  ] 2018-02-14T10:31:20.919054908Z: [    0.000000] e820: last_pfn = 0x3ffdf max_arch_pfn = 0x400000000
[STDERR  ] 2018-02-14T10:31:20.91906043Z: [    0.000000] x86/PAT: PAT not supported by CPU.
[STDERR  ] 2018-02-14T10:31:20.919068531Z: [    0.000000] x86/PAT: Configuration [0-7]: WB  WT  UC- UC  WB  WT  UC- UC  
[STDERR  ] 2018-02-14T10:31:20.919074055Z: [    0.000000] found SMP MP-table at [mem 0x000f6aa0-0x000f6aaf] mapped at [ffff97f0800f6aa0]
[STDERR  ] 2018-02-14T10:31:20.919079605Z: [    0.000000] RAMDISK: [mem 0x3dea4000-0x3ffcffff]
[STDERR  ] 2018-02-14T10:31:20.919085121Z: [    0.000000] ACPI: Early table checksum verification disabled
[STDERR  ] 2018-02-14T10:31:20.919090839Z: [    0.000000] ACPI: RSDP 0x00000000000F68B0 000014 (v00 BOCHS )
