[INFO    ] 2018-06-13T13:08:25.940643666Z: Running Test linuxkit.kernel.kmod_4.4.x in /tmp/build/test/cases/020_kernel/010_kmod_4.4.x
[INFO    ] 2018-06-13T13:08:25.940836488Z: Running command: [/bin/sh -x /tmp/build/test/cases/020_kernel/010_kmod_4.4.x/test.sh]
[STDERR  ] 2018-06-13T13:08:25.952797265Z: + set -e
[STDERR  ] 2018-06-13T13:08:25.952906252Z: + . /tmp/build/test/cases/_lib/lib.sh
[STDERR  ] 2018-06-13T13:08:25.952933537Z: + [ -f src/github.com/linuxkit/rtf/lib/lib.sh ]
[STDERR  ] 2018-06-13T13:08:25.952946324Z: + LINUXKIT_TMPDIR=/tmp/build/test/cases/_tmp
[STDERR  ] 2018-06-13T13:08:25.952957575Z: + [ -f /tmp/build/test/cases/_tmp/env.sh ]
[STDERR  ] 2018-06-13T13:08:25.952969352Z: + . /tmp/build/test/cases/_tmp/env.sh
[STDERR  ] 2018-06-13T13:08:25.952982606Z: + export LINUXKIT_EXAMPLES_DIR=/tmp/build/test/cases/../../examples
[STDERR  ] 2018-06-13T13:08:25.953001690Z: + RT_CANCEL=253
[STDERR  ] 2018-06-13T13:08:25.953012816Z: + NAME=kmod
[STDERR  ] 2018-06-13T13:08:25.953025395Z: + IMAGE_NAME=kmod-test
[STDERR  ] 2018-06-13T13:08:25.953038541Z: + trap clean_up EXIT
[STDERR  ] 2018-06-13T13:08:25.953051538Z: + docker pull linuxkit/kernel:4.4.136
[STDOUT  ] 2018-06-13T13:08:27.331719062Z: 4.4.136: Pulling from linuxkit/kernel
[STDOUT  ] 2018-06-13T13:08:27.701369868Z: Digest: sha256:053319778fab92f370afed4d4a7bf37d05070442d8a0edb749fc67636b201b8c
[STDOUT  ] 2018-06-13T13:08:27.706604087Z: Status: Downloaded newer image for linuxkit/kernel:4.4.136
[STDERR  ] 2018-06-13T13:08:27.707967894Z: + docker build -t kmod-test .
[STDOUT  ] 2018-06-13T13:08:27.765075614Z: Sending build context to Docker daemon  8.704kB
[STDOUT  ] 2018-06-13T13:08:27.878225249Z: Step 1/12 : FROM linuxkit/kernel:4.4.136 AS ksrc
[STDOUT  ] 2018-06-13T13:08:27.895714600Z:  ---> 293d2bde8163
[STDOUT  ] 2018-06-13T13:08:27.895783861Z: Step 2/12 : FROM linuxkit/alpine:f3cd219615428b2bd943411723eb28875275fae7 AS build
[STDOUT  ] 2018-06-13T13:08:29.035390992Z: f3cd219615428b2bd943411723eb28875275fae7: Pulling from linuxkit/alpine
[STDOUT  ] 2018-06-13T13:08:29.457831925Z: ff3a5c916c92: Already exists
[STDOUT  ] 2018-06-13T13:08:29.464159066Z: f5fbb85e70cf: Pulling fs layer
[STDOUT  ] 2018-06-13T13:08:29.464203786Z: 2eea487b75da: Pulling fs layer
[STDOUT  ] 2018-06-13T13:08:29.464212419Z: b4ec3b7d524b: Pulling fs layer
[STDOUT  ] 2018-06-13T13:08:29.464221141Z: 74c1f6be2307: Pulling fs layer
[STDOUT  ] 2018-06-13T13:08:29.464229578Z: 6f81ea89410f: Pulling fs layer
[STDOUT  ] 2018-06-13T13:08:29.464238279Z: 04c41dec1ff3: Pulling fs layer
[STDOUT  ] 2018-06-13T13:08:29.464247457Z: 691cede15e24: Pulling fs layer
[STDOUT  ] 2018-06-13T13:08:29.464256542Z: eaeddc7e05b1: Pulling fs layer
[STDOUT  ] 2018-06-13T13:08:29.464264976Z: 667d3662d747: Pulling fs layer
[STDOUT  ] 2018-06-13T13:08:29.464598779Z: 74c1f6be2307: Waiting
[STDOUT  ] 2018-06-13T13:08:29.464666494Z: 6f81ea89410f: Waiting
[STDOUT  ] 2018-06-13T13:08:29.464714966Z: 04c41dec1ff3: Waiting
[STDOUT  ] 2018-06-13T13:08:29.464766181Z: 691cede15e24: Waiting
[STDOUT  ] 2018-06-13T13:08:29.464822151Z: eaeddc7e05b1: Waiting
[STDOUT  ] 2018-06-13T13:08:29.464837409Z: 667d3662d747: Waiting
[STDOUT  ] 2018-06-13T13:08:29.926673848Z: 2eea487b75da: Verifying Checksum
[STDOUT  ] 2018-06-13T13:08:29.926725019Z: 2eea487b75da: Download complete
[STDOUT  ] 2018-06-13T13:08:29.940377256Z: b4ec3b7d524b: Download complete
[STDOUT  ] 2018-06-13T13:08:29.978018436Z: f5fbb85e70cf: Verifying Checksum
[STDOUT  ] 2018-06-13T13:08:29.978068979Z: f5fbb85e70cf: Download complete
[STDOUT  ] 2018-06-13T13:08:30.071319490Z: f5fbb85e70cf: Pull complete
[STDOUT  ] 2018-06-13T13:08:30.178451881Z: 2eea487b75da: Pull complete
[STDOUT  ] 2018-06-13T13:08:30.289847884Z: b4ec3b7d524b: Pull complete
[STDOUT  ] 2018-06-13T13:08:30.439894477Z: 04c41dec1ff3: Download complete
[STDOUT  ] 2018-06-13T13:08:30.596906808Z: 6f81ea89410f: Verifying Checksum
[STDOUT  ] 2018-06-13T13:08:30.596966133Z: 6f81ea89410f: Download complete
[STDOUT  ] 2018-06-13T13:08:31.056513175Z: eaeddc7e05b1: Verifying Checksum
[STDOUT  ] 2018-06-13T13:08:31.056560141Z: eaeddc7e05b1: Download complete
[STDOUT  ] 2018-06-13T13:08:31.585566461Z: 667d3662d747: Verifying Checksum
[STDOUT  ] 2018-06-13T13:08:31.585623773Z: 667d3662d747: Download complete
[STDOUT  ] 2018-06-13T13:08:36.403282610Z: 691cede15e24: Verifying Checksum
[STDOUT  ] 2018-06-13T13:08:36.403328803Z: 691cede15e24: Download complete
[STDOUT  ] 2018-06-13T13:08:48.161084491Z: 74c1f6be2307: Verifying Checksum
[STDOUT  ] 2018-06-13T13:08:48.161132754Z: 74c1f6be2307: Download complete
[STDOUT  ] 2018-06-13T13:08:52.982763997Z: 74c1f6be2307: Pull complete
[STDOUT  ] 2018-06-13T13:08:53.499646765Z: 6f81ea89410f: Pull complete
[STDOUT  ] 2018-06-13T13:08:53.625564995Z: 04c41dec1ff3: Pull complete
[STDOUT  ] 2018-06-13T13:08:55.980592929Z: 691cede15e24: Pull complete
[STDOUT  ] 2018-06-13T13:08:56.086174685Z: eaeddc7e05b1: Pull complete
[STDOUT  ] 2018-06-13T13:08:56.243160033Z: 667d3662d747: Pull complete
[STDOUT  ] 2018-06-13T13:08:56.264072626Z: Digest: sha256:bd0f5c7b1c87a55ca0f3ca4e360214ce740cc2b3fa94eed7fd0b87be55d40765
[STDOUT  ] 2018-06-13T13:08:56.270622181Z: Status: Downloaded newer image for linuxkit/alpine:f3cd219615428b2bd943411723eb28875275fae7
[STDOUT  ] 2018-06-13T13:08:56.271404774Z:  ---> 9577d6001cc2
[STDOUT  ] 2018-06-13T13:08:56.271436735Z: Step 3/12 : RUN apk add build-base libelf-dev
[STDOUT  ] 2018-06-13T13:08:56.343782633Z:  ---> Running in 44d4f2362241
[STDOUT  ] 2018-06-13T13:08:56.653768655Z: (1/20) Installing binutils-libs (2.28-r3)
[STDOUT  ] 2018-06-13T13:08:56.670093784Z: (2/20) Installing binutils (2.28-r3)
[STDOUT  ] 2018-06-13T13:08:56.722476959Z: (3/20) Installing gmp (6.1.2-r1)
[STDOUT  ] 2018-06-13T13:08:56.727890107Z: (4/20) Installing isl (0.18-r0)
[STDOUT  ] 2018-06-13T13:08:56.741195589Z: (5/20) Installing libgomp (6.4.0-r5)
[STDOUT  ] 2018-06-13T13:08:56.743389078Z: (6/20) Installing libatomic (6.4.0-r5)
[STDOUT  ] 2018-06-13T13:08:56.743989981Z: (7/20) Installing pkgconf (1.3.10-r0)
[STDOUT  ] 2018-06-13T13:08:56.745858296Z: (8/20) Installing libgcc (6.4.0-r5)
[STDOUT  ] 2018-06-13T13:08:56.746883624Z: (9/20) Installing mpfr3 (3.1.5-r1)
[STDOUT  ] 2018-06-13T13:08:56.750682422Z: (10/20) Installing mpc1 (1.0.3-r1)
[STDOUT  ] 2018-06-13T13:08:56.751846846Z: (11/20) Installing libstdc++ (6.4.0-r5)
[STDOUT  ] 2018-06-13T13:08:56.761671318Z: (12/20) Installing gcc (6.4.0-r5)
[STDOUT  ] 2018-06-13T13:08:57.367913402Z: (13/20) Installing musl-dev (1.1.18-r3)
[STDOUT  ] 2018-06-13T13:08:57.439154345Z: (14/20) Installing libc-dev (0.7.1-r0)
[STDOUT  ] 2018-06-13T13:08:57.439314212Z: (15/20) Installing g++ (6.4.0-r5)
[STDOUT  ] 2018-06-13T13:08:58.031706514Z: (16/20) Installing make (4.2.1-r0)
[STDOUT  ] 2018-06-13T13:08:58.035058142Z: (17/20) Installing fortify-headers (0.9-r0)
[STDOUT  ] 2018-06-13T13:08:58.036123636Z: (18/20) Installing build-base (0.5-r0)
[STDOUT  ] 2018-06-13T13:08:58.036254242Z: (19/20) Installing libelf (0.8.13-r3)
[STDOUT  ] 2018-06-13T13:08:58.037407555Z: (20/20) Installing libelf-dev (0.8.13-r3)
[STDOUT  ] 2018-06-13T13:08:58.041444829Z: Executing busybox-1.27.2-r8.trigger
[STDOUT  ] 2018-06-13T13:08:58.050366355Z: OK: 159 MiB in 31 packages
[STDOUT  ] 2018-06-13T13:09:01.239394871Z:  ---> 728f17a39264
[STDOUT  ] 2018-06-13T13:09:01.350365731Z: Removing intermediate container 44d4f2362241
[STDOUT  ] 2018-06-13T13:09:01.350431463Z: Step 4/12 : COPY --from=ksrc /kernel-dev.tar /
[STDOUT  ] 2018-06-13T13:09:03.087136688Z:  ---> 26a8de27d733
[STDOUT  ] 2018-06-13T13:09:03.107307004Z: Removing intermediate container 40d4f93b3b9f
[STDOUT  ] 2018-06-13T13:09:03.107362567Z: Step 5/12 : RUN tar xf kernel-dev.tar
[STDOUT  ] 2018-06-13T13:09:03.184780307Z:  ---> Running in 8062252e8cfd
[STDOUT  ] 2018-06-13T13:09:09.135825137Z:  ---> e1a17e2e0b16
[STDOUT  ] 2018-06-13T13:09:09.494751734Z: Removing intermediate container 8062252e8cfd
[STDOUT  ] 2018-06-13T13:09:09.494815920Z: Step 6/12 : WORKDIR /kmod
[STDOUT  ] 2018-06-13T13:09:09.787347231Z:  ---> f096958675a7
[STDOUT  ] 2018-06-13T13:09:09.794249550Z: Removing intermediate container 82e217c1a2de
[STDOUT  ] 2018-06-13T13:09:09.794316202Z: Step 7/12 : COPY ./src/* ./
[STDOUT  ] 2018-06-13T13:09:10.339635704Z:  ---> 946c1b5f2046
[STDOUT  ] 2018-06-13T13:09:10.347148491Z: Removing intermediate container b96ef74e302d
[STDOUT  ] 2018-06-13T13:09:10.347197381Z: Step 8/12 : RUN make all
[STDOUT  ] 2018-06-13T13:09:10.431057333Z:  ---> Running in e65f7af6a48b
[STDOUT  ] 2018-06-13T13:09:10.710446701Z: make -C /usr/src/linux-headers-4.4.136-linuxkit M=/kmod modules
[STDOUT  ] 2018-06-13T13:09:10.712084957Z: make[1]: Entering directory '/usr/src/linux-headers-4.4.136-linuxkit'
[STDOUT  ] 2018-06-13T13:09:11.505369273Z:   CC [M]  /kmod/hello_world.o
[STDOUT  ] 2018-06-13T13:09:11.694826315Z:   Building modules, stage 2.
[STDOUT  ] 2018-06-13T13:09:11.703640383Z:   MODPOST 1 modules
[STDOUT  ] 2018-06-13T13:09:11.716262359Z:   CC      /kmod/hello_world.mod.o
[STDOUT  ] 2018-06-13T13:09:11.890004131Z:   LD [M]  /kmod/hello_world.ko
[STDOUT  ] 2018-06-13T13:09:11.893224984Z: make[1]: Leaving directory '/usr/src/linux-headers-4.4.136-linuxkit'
[STDOUT  ] 2018-06-13T13:09:12.247651153Z:  ---> bf567d686c5a
[STDOUT  ] 2018-06-13T13:09:12.255249441Z: Removing intermediate container e65f7af6a48b
[STDOUT  ] 2018-06-13T13:09:12.255311987Z: Step 9/12 : FROM alpine:3.7
[STDOUT  ] 2018-06-13T13:09:12.255496742Z:  ---> 3fd9065eaf02
[STDOUT  ] 2018-06-13T13:09:12.255518198Z: Step 10/12 : COPY --from=build /kmod/hello_world.ko /
[STDOUT  ] 2018-06-13T13:09:12.623420753Z:  ---> a336f91f1fff
[STDOUT  ] 2018-06-13T13:09:12.629773874Z: Removing intermediate container 3d5c6fb14184
[STDOUT  ] 2018-06-13T13:09:12.629824270Z: Step 11/12 : COPY check.sh /check.sh
[STDOUT  ] 2018-06-13T13:09:13.003688262Z:  ---> 1111413ef566
[STDOUT  ] 2018-06-13T13:09:13.010696886Z: Removing intermediate container 3337aebd2107
[STDOUT  ] 2018-06-13T13:09:13.010753643Z: Step 12/12 : ENTRYPOINT /bin/sh /check.sh
[STDOUT  ] 2018-06-13T13:09:13.093545653Z:  ---> Running in 64fcb0114d77
[STDOUT  ] 2018-06-13T13:09:13.236305833Z:  ---> 7b1e77c7dc12
[STDOUT  ] 2018-06-13T13:09:13.242443872Z: Removing intermediate container 64fcb0114d77
[STDOUT  ] 2018-06-13T13:09:13.242496970Z: Successfully built 7b1e77c7dc12
[STDOUT  ] 2018-06-13T13:09:13.247229125Z: Successfully tagged kmod-test:latest
[STDERR  ] 2018-06-13T13:09:13.310319256Z: + linuxkit build -format kernel+initrd -name kmod test.yml
[STDERR  ] 2018-06-13T13:09:13.339067387Z: Extract kernel image: linuxkit/kernel:4.4.136
[STDERR  ] 2018-06-13T13:09:15.287735476Z: Add init containers:
[STDERR  ] 2018-06-13T13:09:15.287799845Z: Process init image: linuxkit/init:fbcbbe3ace0b3e9455300017dd07625293a0d4d4
[STDERR  ] 2018-06-13T13:09:16.505736163Z: Process init image: linuxkit/runc:v0.4
[STDERR  ] 2018-06-13T13:09:17.709530746Z: Add onboot containers:
[STDERR  ] 2018-06-13T13:09:17.709601423Z:   Create OCI config for kmod-test
[STDERR  ] 2018-06-13T13:09:18.120421876Z:   Create OCI config for linuxkit/poweroff:d75d94d9603bde9ab95b914deed0d069d05d8b20
[STDERR  ] 2018-06-13T13:09:19.324811090Z: Create outputs:
[STDERR  ] 2018-06-13T13:09:23.406907510Z:   kmod-kernel kmod-initrd.img kmod-cmdline
[STDERR  ] 2018-06-13T13:09:23.462306707Z: + linuxkit run kmod
[STDERR  ] 2018-06-13T13:09:23.487136212Z: Unable to find qemu-system-x86_64 within the $PATH. Using a container
[STDERR  ] 2018-06-13T13:09:41.624872234Z: + RESULT=[    0.000000] Initializing cgroup subsys cpuset
[STDERR  ] 2018-06-13T13:09:41.624959355Z: [    0.000000] Initializing cgroup subsys cpu
[STDERR  ] 2018-06-13T13:09:41.624975247Z: [    0.000000] Initializing cgroup subsys cpuacct
[STDERR  ] 2018-06-13T13:09:41.624988537Z: [    0.000000] Linux version 4.4.136-linuxkit (root@ede50afbdeaf) (gcc version 6.4.0 (Alpine 6.4.0) ) #1 SMP Tue Jun 12 17:46:36 UTC 2018
[STDERR  ] 2018-06-13T13:09:41.625003064Z: [    0.000000] Command line: console=ttyS0 console=ttyAMA0
[STDERR  ] 2018-06-13T13:09:41.625016404Z: [    0.000000] x86/fpu: Legacy x87 FPU detected.
[STDERR  ] 2018-06-13T13:09:41.625028985Z: [    0.000000] x86/fpu: Using 'lazy' FPU context switches.
[STDERR  ] 2018-06-13T13:09:41.625041838Z: [    0.000000] e820: BIOS-provided physical RAM map:
[STDERR  ] 2018-06-13T13:09:41.625069640Z: [    0.000000] BIOS-e820: [mem 0x0000000000000000-0x000000000009fbff] usable
[STDERR  ] 2018-06-13T13:09:41.625082540Z: [    0.000000] BIOS-e820: [mem 0x000000000009fc00-0x000000000009ffff] reserved
[STDERR  ] 2018-06-13T13:09:41.625094585Z: [    0.000000] BIOS-e820: [mem 0x00000000000f0000-0x00000000000fffff] reserved
[STDERR  ] 2018-06-13T13:09:41.625110921Z: [    0.000000] BIOS-e820: [mem 0x0000000000100000-0x000000003ffdefff] usable
[STDERR  ] 2018-06-13T13:09:41.625122801Z: [    0.000000] BIOS-e820: [mem 0x000000003ffdf000-0x000000003fffffff] reserved
[STDERR  ] 2018-06-13T13:09:41.625134275Z: [    0.000000] BIOS-e820: [mem 0x00000000b0000000-0x00000000bfffffff] reserved
[STDERR  ] 2018-06-13T13:09:41.625145685Z: [    0.000000] BIOS-e820: [mem 0x00000000fed1c000-0x00000000fed1ffff] reserved
[STDERR  ] 2018-06-13T13:09:41.625157189Z: [    0.000000] BIOS-e820: [mem 0x00000000fffc0000-0x00000000ffffffff] reserved
[STDERR  ] 2018-06-13T13:09:41.625168932Z: [    0.000000] NX (Execute Disable) protection: active
[STDERR  ] 2018-06-13T13:09:41.625182770Z: [    0.000000] SMBIOS 2.8 present.
[STDERR  ] 2018-06-13T13:09:41.625194345Z: [    0.000000] Kernel/User page tables isolation: disabled
[STDERR  ] 2018-06-13T13:09:41.625208387Z: [    0.000000] e820: last_pfn = 0x3ffdf max_arch_pfn = 0x400000000
[STDERR  ] 2018-06-13T13:09:41.625219861Z: [    0.000000] x86/PAT: Configuration [0-7]: WB  WC  UC- UC  WB  WC  UC- WT  
[STDERR  ] 2018-06-13T13:09:41.625231123Z: [    0.000000] found SMP MP-table at [mem 0x000f6aa0-0x000f6aaf] mapped at [ffff8800000f6aa0]
[STDERR  ] 2018-06-13T13:09:41.625243023Z: [    0.000000] RAMDISK: [mem 0x3e884000-0x3ffcffff]
[STDERR  ] 2018-06-13T13:09:41.625254305Z: [    0.000000] ACPI: Early table checksum verification disabled
[STDERR  ] 2018-06-13T13:09:41.625265485Z: [    0.000000] ACPI: RSDP 0x00000000000F68B0 000014 (v00 BOCHS )
[STDERR  ] 2018-06-13T13:09:41.625277299Z: [    0.000000] ACPI: RSDT 0x000000003FFE20A8 000034 (v01 BOCHS  BXPCRSDT 00000001 BXPC 00000001)
[STDERR  ] 2018-06-13T13:09:41.625296184Z: [    0.000000] ACPI: FACP 0x000000003FFE1EC8 0000F4 (v03 BOCHS  BXPCFACP 00000001 BXPC 00000001)
[STDERR  ] 2018-06-13T13:09:41.625307593Z: [    0.000000] ACPI: DSDT 0x000000003FFE0040 001E88 (v01 BOCHS  BXPCDSDT 00000001 BXPC 00000001)
[STDERR  ] 2018-06-13T13:09:41.625318453Z: [    0.000000] ACPI: FACS 0x000000003FFE0000 000040
[STDERR  ] 2018-06-13T13:09:41.625329415Z: [    0.000000] ACPI: APIC 0x000000003FFE1FBC 000078 (v01 BOCHS  BXPCAPIC 00000001 BXPC 00000001)
[STDERR  ] 2018-06-13T13:09:41.625340186Z: [    0.000000] ACPI: HPET 0x000000003FFE2034 000038 (v01 BOCHS  BXPCHPET 00000001 BXPC 00000001)
[STDERR  ] 2018-06-13T13:09:41.625351664Z: [    0.000000] ACPI: MCFG 0x000000003FFE206C 00003C (v01 BOCHS  BXPCMCFG 00000001 BXPC 00000001)
[STDERR  ] 2018-06-13T13:09:41.625364930Z: [    0.000000] Zone ranges:
[STDERR  ] 2018-06-13T13:09:41.625375992Z: [    0.000000]   DMA      [mem 0x0000000000001000-0x0000000000ffffff]
[STDERR  ] 2018-06-13T13:09:41.625386861Z: [    0.000000]   DMA32    [mem 0x0000000001000000-0x000000003ffdefff]
[STDERR  ] 2018-06-13T13:09:41.625397751Z: [    0.000000]   Normal   empty
[STDERR  ] 2018-06-13T13:09:41.625409135Z: [    0.000000] Movable zone start for each node
[STDERR  ] 2018-06-13T13:09:41.625421709Z: [    0.000000] Early memory node ranges
[STDERR  ] 2018-06-13T13:09:41.625432706Z: [    0.000000]   node   0: [mem 0x0000000000001000-0x000000000009efff]
[STDERR  ] 2018-06-13T13:09:41.625443783Z: [    0.000000]   node   0: [mem 0x0000000000100000-0x000000003ffdefff]
[STDERR  ] 2018-06-13T13:09:41.625454930Z: [    0.000000] Initmem setup node 0 [mem 0x0000000000001000-0x000000003ffdefff]
[STDERR  ] 2018-06-13T13:09:41.625468189Z: [    0.000000] ACPI: PM-Timer IO Port: 0x608
[STDERR  ] 2018-06-13T13:09:41.625481304Z: [    0.000000] ACPI: LAPIC_NMI (acpi_id[0xff] dfl dfl lint[0x1])
[STDERR  ] 2018-06-13T13:09:41.625492218Z: [    0.000000] IOAPIC[0]: apic_id 0, version 32, address 0xfec00000, GSI 0-23
[STDERR  ] 2018-06-13T13:09:41.625510808Z: [    0.000000] ACPI: INT_SRC_OVR (bus 0 bus_irq 0 global_irq 2 dfl dfl)
[STDERR  ] 2018-06-13T13:09:41.625524010Z: [    0.000000] ACPI: INT_SRC_OVR (bus 0 bus_irq 5 global_irq 5 high level)
[STDERR  ] 2018-06-13T13:09:41.625534653Z: [    0.000000] ACPI: INT_SRC_OVR (bus 0 bus_irq 9 global_irq 9 high level)
[STDERR  ] 2018-06-13T13:09:41.625545410Z: [    0.000000] ACPI: INT_SRC_OVR (bus 0 bus_irq 10 global_irq 10 high level)
[STDERR  ] 2018-06-13T13:09:41.625555994Z: [    0.000000] ACPI: INT_SRC_OVR (bus 0 bus_irq 11 global_irq 11 high level)
[STDERR  ] 2018-06-13T13:09:41.625566693Z: [    0.000000] Using ACPI (MADT) for SMP configuration information
[STDERR  ] 2018-06-13T13:09:41.625577461Z: [    0.000000] ACPI: HPET id: 0x8086a201 base: 0xfed00000
[STDERR  ] 2018-06-13T13:09:41.625588172Z: [    0.000000] smpboot: Allowing 1 CPUs, 0 hotplug CPUs
[STDERR  ] 2018-06-13T13:09:41.625598900Z: [    0.000000] e820: [mem 0x40000000-0xafffffff] available for PCI devices
[STDERR  ] 2018-06-13T13:09:41.625609584Z: [    0.000000] Booting paravirtualized kernel on bare hardware
[STDERR  ] 2018-06-13T13:09:41.625620580Z: [    0.000000] clocksource: refined-jiffies: mask: 0xffffffff max_cycles: 0xffffffff, max_idle_ns: 19112604462750000 ns
[STDERR  ] 2018-06-13T13:09:41.625631684Z: [    0.000000] setup_percpu: NR_CPUS:128 nr_cpumask_bits:128 nr_cpu_ids:1 nr_node_ids:1
[STDERR  ] 2018-06-13T13:09:41.625642439Z: [    0.000000] PERCPU: Embedded 33 pages/cpu @ffff88003e600000 s97048 r8192 d29928 u2097152
[STDERR  ] 2018-06-13T13:09:41.625653109Z: [    0.000000] Built 1 zonelists in Zone order, mobility grouping on.  Total pages: 257895
[STDERR  ] 2018-06-13T13:09:41.625664070Z: [    0.000000] Kernel command line: console=ttyS0 console=ttyAMA0
[STDERR  ] 2018-06-13T13:09:41.625674718Z: [    0.000000] PID hash table entries: 4096 (order: 3, 32768 bytes)
[STDERR  ] 2018-06-13T13:09:41.625685494Z: [    0.000000] Dentry cache hash table entries: 131072 (order: 8, 1048576 bytes)
[STDERR  ] 2018-06-13T13:09:41.625696092Z: [    0.000000] Inode-cache hash table entries: 65536 (order: 7, 524288 bytes)
[STDERR  ] 2018-06-13T13:09:41.625712478Z: [    0.000000] Memory: 990156K/1048052K available (7658K kernel code, 1300K rwdata, 2716K rodata, 1320K init, 688K bss, 57896K reserved, 0K cma-reserved)
[STDERR  ] 2018-06-13T13:09:41.625724405Z: [    0.000000] Hierarchical RCU implementation.
[STDERR  ] 2018-06-13T13:09:41.625734740Z: [    0.000000] 	Build-time adjustment of leaf fanout to 64.
[STDERR  ] 2018-06-13T13:09:41.625745512Z: [    0.000000] 	RCU restricting CPUs from NR_CPUS=128 to nr_cpu_ids=1.
[STDERR  ] 2018-06-13T13:09:41.625758271Z: [    0.000000] RCU: Adjusting geometry for rcu_fanout_leaf=64, nr_cpu_ids=1
[STDERR  ] 2018-06-13T13:09:41.625769074Z: [    0.000000] NR_IRQS:8448 nr_irqs:256 16
[STDERR  ] 2018-06-13T13:09:41.625785715Z: [    0.000000] Console: colour VGA+ 80x25
[STDERR  ] 2018-06-13T13:09:41.625796391Z: [    0.000000] console [ttyS0] enabled
[STDERR  ] 2018-06-13T13:09:41.625809186Z: [    0.000000] clocksource: hpet: mask: 0xffffffff max_cycles: 0xffffffff, max_idle_ns: 19112604467 ns
[STDERR  ] 2018-06-13T13:09:41.625820501Z: [    0.000000] tsc: Fast TSC calibration using PIT
[STDERR  ] 2018-06-13T13:09:41.625831648Z: [    0.000000] tsc: Detected 2599.893 MHz processor
[STDERR  ] 2018-06-13T13:09:41.625842457Z: [    0.022087] Calibrating delay loop (skipped), value calculated using timer frequency.. 5199.78 BogoMIPS (lpj=25998930)
[STDERR  ] 2018-06-13T13:09:41.625853287Z: [    0.023430] pid_max: default: 32768 minimum: 301
[STDERR  ] 2018-06-13T13:09:41.625864052Z: [    0.024194] ACPI: Core revision 20150930
[STDERR  ] 2018-06-13T13:09:41.625874830Z: [    0.048742] ACPI: 1 ACPI AML tables successfully acquired and loaded
[STDERR  ] 2018-06-13T13:09:41.625885650Z: [    0.050773] Security Framework initialized
[STDERR  ] 2018-06-13T13:09:41.625896299Z: [    0.051146] Yama: becoming mindful.
[STDERR  ] 2018-06-13T13:09:41.625907216Z: [    0.055238] Mount-cache hash table entries: 2048 (order: 2, 16384 bytes)
[STDERR  ] 2018-06-13T13:09:41.625922010Z: [    0.055743] Mountpoint-cache hash table entries: 2048 (order: 2, 16384 bytes)
[STDERR  ] 2018-06-13T13:09:41.625991217Z: [    0.069023] Initializing cgroup subsys io
[STDERR  ] 2018-06-13T13:09:41.626005217Z: [    0.070147] Initializing cgroup subsys memory
[STDERR  ] 2018-06-13T13:09:41.626016076Z: [    0.071077] Initializing cgroup subsys devices
[STDERR  ] 2018-06-13T13:09:41.626028514Z: [    0.071528] Initializing cgroup subsys freezer
[STDERR  ] 2018-06-13T13:09:41.626039528Z: [    0.071982] Initializing cgroup subsys net_cls
[STDERR  ] 2018-06-13T13:09:41.626050339Z: [    0.072363] Initializing cgroup subsys perf_event
[STDERR  ] 2018-06-13T13:09:41.626061366Z: [    0.072765] Initializing cgroup subsys net_prio
[STDERR  ] 2018-06-13T13:09:41.626072043Z: [    0.073164] Initializing cgroup subsys hugetlb
[STDERR  ] 2018-06-13T13:09:41.626082786Z: [    0.073545] Initializing cgroup subsys pids
[STDERR  ] 2018-06-13T13:09:41.626093522Z: [    0.076086] Last level iTLB entries: 4KB 0, 2MB 0, 4MB 0
[STDERR  ] 2018-06-13T13:09:41.626104654Z: [    0.076366] Last level dTLB entries: 4KB 0, 2MB 0, 4MB 0, 1GB 0
[STDERR  ] 2018-06-13T13:09:41.626115483Z: [    0.077049] Spectre V2 : LFENCE not serializing. Switching to generic retpoline
[STDERR  ] 2018-06-13T13:09:41.626126279Z: [    0.077476] Spectre V2 : Vulnerable: Minimal generic ASM retpoline
[STDERR  ] 2018-06-13T13:09:41.626137100Z: [    0.077865] Spectre V2 : Filling RSB on context switch
[STDERR  ] 2018-06-13T13:09:41.626147996Z: [    0.342092] Freeing SMP alternatives memory: 20K
[STDERR  ] 2018-06-13T13:09:41.626158698Z: [    0.349765] ftrace: allocating 33549 entries in 132 pages
[STDERR  ] 2018-06-13T13:09:41.626169531Z: [    0.427159] ..TIMER: vector=0x30 apic1=0 pin1=2 apic2=-1 pin2=-1
[STDERR  ] 2018-06-13T13:09:41.626180314Z: [    0.530000] smpboot: CPU0: AMD QEMU Virtual CPU version 2.5+ (family: 0x6, model: 0x6, stepping: 0x3)
[STDERR  ] 2018-06-13T13:09:41.626190832Z: [    0.530000] Performance Events: Broken PMU hardware detected, using software events only.
[STDERR  ] 2018-06-13T13:09:41.626207094Z: [    0.530000] Failed to access perfctr msr (MSR c0010007 is 0)
[STDERR  ] 2018-06-13T13:09:41.626218440Z: [    0.534228] x86: Booted up 1 node, 1 CPUs
[STDERR  ] 2018-06-13T13:09:41.626229164Z: [    0.534636] smpboot: Total of 1 processors activated (5199.78 BogoMIPS)
[STDERR  ] 2018-06-13T13:09:41.626245159Z: [    0.542328] NMI watchdog: disabled (cpu0): hardware events not enabled
[STDERR  ] 2018-06-13T13:09:41.626255690Z: [    0.542783] NMI watchdog: Shutting down hard lockup detector on all cpus
[STDERR  ] 2018-06-13T13:09:41.626266623Z: [    0.552981] devtmpfs: initialized
[STDERR  ] 2018-06-13T13:09:41.626278737Z: [    0.582414] clocksource: jiffies: mask: 0xffffffff max_cycles: 0xffffffff, max_idle_ns: 19112604462750000 ns
[STDERR  ] 2018-06-13T13:09:41.626289843Z: [    0.583284] futex hash table entries: 256 (order: 2, 16384 bytes)
[STDERR  ] 2018-06-13T13:09:41.626299865Z: [    0.596242] NET: Registered protocol family 16
[STDERR  ] 2018-06-13T13:09:41.626310503Z: [    0.604104] cpuidle: using governor ladder
[STDERR  ] 2018-06-13T13:09:41.626321283Z: [    0.604571] cpuidle: using governor menu
[STDERR  ] 2018-06-13T13:09:41.626332184Z: [    0.605841] ACPI: bus type PCI registered
[STDERR  ] 2018-06-13T13:09:41.626344049Z: [    0.609099] PCI: MMCONFIG for domain 0000 [bus 00-ff] at [mem 0xb0000000-0xbfffffff] (base 0xb0000000)
[STDERR  ] 2018-06-13T13:09:41.626355892Z: [    0.609818] PCI: MMCONFIG at [mem 0xb0000000-0xbfffffff] reserved in E820
[STDERR  ] 2018-06-13T13:09:41.626367663Z: [    0.610592] PCI: Using configuration type 1 for base access
[STDERR  ] 2018-06-13T13:09:41.626378050Z: [    0.654020] ACPI: Added _OSI(Module Device)
[STDERR  ] 2018-06-13T13:09:41.626389320Z: [    0.654239] ACPI: Added _OSI(Processor Device)
[STDERR  ] 2018-06-13T13:09:41.626404415Z: [    0.654579] ACPI: Added _OSI(3.0 _SCP Extensions)
[STDERR  ] 2018-06-13T13:09:41.626420675Z: [    0.654796] ACPI: Added _OSI(Processor Aggregator Device)
[STDERR  ] 2018-06-13T13:09:41.626435987Z: [    0.698487] ACPI: Interpreter enabled
[STDERR  ] 2018-06-13T13:09:41.626447575Z: [    0.699237] ACPI: (supports S0 S5)
[STDERR  ] 2018-06-13T13:09:41.626458453Z: [    0.699561] ACPI: Using IOAPIC for interrupt routing
[STDERR  ] 2018-06-13T13:09:41.626469270Z: [    0.701959] PCI: Using host bridge windows from ACPI; if necessary, use "pci=nocrs" and report a bug
[STDERR  ] 2018-06-13T13:09:41.626481279Z: [    0.744221] ACPI: PCI Root Bridge [PCI0] (domain 0000 [bus 00-ff])
[STDERR  ] 2018-06-13T13:09:41.626494681Z: [    0.745177] acpi PNP0A08:00: _OSC: OS supports [ExtendedConfig ASPM ClockPM Segments MSI]
[STDERR  ] 2018-06-13T13:09:41.626506631Z: [    0.750120] acpi PNP0A08:00: _OSC: OS now controls [PCIeHotplug PME PCIeCapability]
[STDERR  ] 2018-06-13T13:09:41.626518462Z: [    0.755476] PCI host bridge to bus 0000:00
[STDERR  ] 2018-06-13T13:09:41.626532796Z: [    0.755907] pci_bus 0000:00: root bus resource [io  0x0000-0x0cf7 window]
[STDERR  ] 2018-06-13T13:09:41.626543747Z: [    0.756215] pci_bus 0000:00: root bus resource [io  0x0d00-0xffff window]
[STDERR  ] 2018-06-13T13:09:41.626554393Z: [    0.756491] pci_bus 0000:00: root bus resource [mem 0x000a0000-0x000bffff window]
[STDERR  ] 2018-06-13T13:09:41.626564791Z: [    0.756832] pci_bus 0000:00: root bus resource [mem 0xc0000000-0xfebfffff window]
[STDERR  ] 2018-06-13T13:09:41.626575030Z: [    0.757325] pci_bus 0000:00: root bus resource [bus 00-ff]
[STDERR  ] 2018-06-13T13:09:41.626585995Z: [    0.921878] pci 0000:00:1f.0: quirk: [io  0x0600-0x067f] claimed by ICH6 ACPI/GPIO/TCO
[STDERR  ] 2018-06-13T13:09:41.626598848Z: [    1.007128] ACPI: PCI Interrupt Link [LNKA] (IRQs 5 *10 11)
[STDERR  ] 2018-06-13T13:09:41.626612568Z: [    1.011127] ACPI: PCI Interrupt Link [LNKB] (IRQs 5 *10 11)
[STDERR  ] 2018-06-13T13:09:41.626623469Z: [    1.012622] ACPI: PCI Interrupt Link [LNKC] (IRQs 5 10 *11)
[STDERR  ] 2018-06-13T13:09:41.626634481Z: [    1.013945] ACPI: PCI Interrupt Link [LNKD] (IRQs 5 10 *11)
[STDERR  ] 2018-06-13T13:09:41.626651367Z: [    1.015169] ACPI: PCI Interrupt Link [LNKE] (IRQs 5 *10 11)
[STDERR  ] 2018-06-13T13:09:41.626662339Z: [    1.016710] ACPI: PCI Interrupt Link [LNKF] (IRQs 5 *10 11)
[STDERR  ] 2018-06-13T13:09:41.626673741Z: [    1.017889] ACPI: PCI Interrupt Link [LNKG] (IRQs 5 10 *11)
[STDERR  ] 2018-06-13T13:09:41.626685542Z: [    1.019017] ACPI: PCI Interrupt Link [LNKH] (IRQs 5 10 *11)
[STDERR  ] 2018-06-13T13:09:41.626697711Z: [    1.020253] ACPI: PCI Interrupt Link [GSIA] (IRQs *16)
[STDERR  ] 2018-06-13T13:09:41.626709036Z: [    1.020835] ACPI: PCI Interrupt Link [GSIB] (IRQs *17)
[STDERR  ] 2018-06-13T13:09:41.626720370Z: [    1.021372] ACPI: PCI Interrupt Link [GSIC] (IRQs *18)
[STDERR  ] 2018-06-13T13:09:41.626731823Z: [    1.021905] ACPI: PCI Interrupt Link [GSID] (IRQs *19)
[STDERR  ] 2018-06-13T13:09:41.626744435Z: [    1.022416] ACPI: PCI Interrupt Link [GSIE] (IRQs *20)
[STDERR  ] 2018-06-13T13:09:41.626757912Z: [    1.022914] ACPI: PCI Interrupt Link [GSIF] (IRQs *21)
[STDERR  ] 2018-06-13T13:09:41.626775311Z: [    1.023415] ACPI: PCI Interrupt Link [GSIG] (IRQs *22)
[STDERR  ] 2018-06-13T13:09:41.626787685Z: [    1.023891] ACPI: PCI Interrupt Link [GSIH] (IRQs *23)
[STDERR  ] 2018-06-13T13:09:41.626800082Z: [    1.027113] ACPI: Enabled 1 GPEs in block 00 to 3F
[STDERR  ] 2018-06-13T13:09:41.626811453Z: [    1.030662] SCSI subsystem initialized
[STDERR  ] 2018-06-13T13:09:41.626823117Z: [    1.032354] ACPI: bus type USB registered
[STDERR  ] 2018-06-13T13:09:41.626855494Z: [    1.033309] usbcore: registered new interface driver usbfs
[STDERR  ] 2018-06-13T13:09:41.626867604Z: [    1.034054] usbcore: registered new interface driver hub
[STDERR  ] 2018-06-13T13:09:41.626878926Z: [    1.034870] usbcore: registered new device driver usb
[STDERR  ] 2018-06-13T13:09:41.626893485Z: [    1.035968] pps_core: LinuxPPS API ver. 1 registered
[STDERR  ] 2018-06-13T13:09:41.626904738Z: [    1.036195] pps_core: Software ver. 5.3.6 - Copyright 2005-2007 Rodolfo Giometti <giometti@linux.it>
[STDERR  ] 2018-06-13T13:09:41.626925823Z: [    1.036815] PTP clock support registered
[STDERR  ] 2018-06-13T13:09:41.626937895Z: [    1.037854] wmi: Mapper loaded
[STDERR  ] 2018-06-13T13:09:41.626948546Z: [    1.038893] PCI: Using ACPI for IRQ routing
[STDERR  ] 2018-06-13T13:09:41.626959792Z: [    1.051818] NetLabel: Initializing
[STDERR  ] 2018-06-13T13:09:41.626971783Z: [    1.052002] NetLabel:  domain hash size = 128
[STDERR  ] 2018-06-13T13:09:41.626983432Z: [    1.052293] NetLabel:  protocols = UNLABELED CIPSOv4
[STDERR  ] 2018-06-13T13:09:41.626995177Z: [    1.053949] NetLabel:  unlabeled traffic allowed by default
[STDERR  ] 2018-06-13T13:09:41.627007239Z: [    1.054955] HPET: 3 timers in total, 0 timers will be used for per-cpu timer
[STDERR  ] 2018-06-13T13:09:41.627020359Z: [    1.055696] hpet0: at MMIO 0xfed00000, IRQs 2, 8, 0
[STDERR  ] 2018-06-13T13:09:41.627032206Z: [    1.056066] hpet0: 3 comparators, 64-bit 100.000000 MHz counter
[STDERR  ] 2018-06-13T13:09:41.627051044Z: [    1.060911] amd_nb: Cannot enumerate AMD northbridges
[STDERR  ] 2018-06-13T13:09:41.627062986Z: [    1.061981] clocksource: Switched to clocksource hpet
[STDERR  ] 2018-06-13T13:09:41.627075111Z: [    1.194548] FS-Cache: Loaded
[STDERR  ] 2018-06-13T13:09:41.627087297Z: [    1.199464] CacheFiles: Loaded
[STDERR  ] 2018-06-13T13:09:41.627098633Z: [    1.202259] pnp: PnP ACPI init
[STDERR  ] 2018-06-13T13:09:41.627109876Z: [    1.210611] pnp: PnP ACPI: found 5 devices
[STDERR  ] 2018-06-13T13:09:41.627122178Z: [    1.246226] clocksource: acpi_pm: mask: 0xffffff max_cycles: 0xffffff, max_idle_ns: 2085701024 ns
[STDERR  ] 2018-06-13T13:09:41.627132973Z: [    1.248838] NET: Registered protocol family 2
[STDERR  ] 2018-06-13T13:09:41.627144828Z: [    1.256866] TCP established hash table entries: 8192 (order: 4, 65536 bytes)
[STDERR  ] 2018-06-13T13:09:41.627156827Z: [    1.257629] TCP bind hash table entries: 8192 (order: 5, 131072 bytes)
[STDERR  ] 2018-06-13T13:09:41.627168375Z: [    1.258237] TCP: Hash tables configured (established 8192 bind 8192)
[STDERR  ] 2018-06-13T13:09:41.627184323Z: [    1.259585] UDP hash table entries: 512 (order: 2, 16384 bytes)
[STDERR  ] 2018-06-13T13:09:41.627194741Z: [    1.260077] UDP-Lite hash table entries: 512 (order: 2, 16384 bytes)
[STDERR  ] 2018-06-13T13:09:41.627206065Z: [    1.262387] NET: Registered protocol family 1
[STDERR  ] 2018-06-13T13:09:41.627218025Z: [    1.271227] Unpacking initramfs...
[STDERR  ] 2018-06-13T13:09:41.627232490Z: [    3.758417] Freeing initrd memory: 23856K
[STDERR  ] 2018-06-13T13:09:41.627243815Z: [    3.777766] PCLMULQDQ-NI instructions are not detected.
[STDERR  ] 2018-06-13T13:09:41.627255677Z: [    3.779102] AVX or AES-NI instructions are not detected.
[STDERR  ] 2018-06-13T13:09:41.627266313Z: [    3.779600] CPU feature 'AVX registers' is not supported.
[STDERR  ] 2018-06-13T13:09:41.627277424Z: [    3.779981] CPU feature 'AVX registers' is not supported.
[STDERR  ] 2018-06-13T13:09:41.627287897Z: [    3.780834] CPU feature 'AVX registers' is not supported.
[STDERR  ] 2018-06-13T13:09:41.627302407Z: [    3.781209] CPU feature 'AVX registers' is not supported.
[STDERR  ] 2018-06-13T13:09:41.627314698Z: [    3.781590] AVX2 or AES-NI instructions are not detected.
[STDERR  ] 2018-06-13T13:09:41.627326385Z: [    3.781936] AVX2 instructions are not detected.
[STDERR  ] 2018-06-13T13:09:41.627339175Z: [    3.786760] audit: initializing netlink subsys (disabled)
[STDERR  ] 2018-06-13T13:09:41.627349679Z: [    3.788217] audit: type=2000 audit(1528895369.780:1): initialized
[STDERR  ] 2018-06-13T13:09:41.627363396Z: [    3.795189] HugeTLB registered 2 MB page size, pre-allocated 0 pages
[STDERR  ] 2018-06-13T13:09:41.627376928Z: [    3.797843] VFS: Disk quotas dquot_6.6.0
[STDERR  ] 2018-06-13T13:09:41.627388282Z: [    3.798470] VFS: Dquot-cache hash table entries: 512 (order 0, 4096 bytes)
[STDERR  ] 2018-06-13T13:09:41.627400164Z: [    3.802336] squashfs: version 4.0 (2009/01/31) Phillip Lougher
[STDERR  ] 2018-06-13T13:09:41.627416082Z: [    3.805301] FS-Cache: Netfs 'cifs' registered for caching
[STDERR  ] 2018-06-13T13:09:41.627427941Z: [    3.806128] fuse init (API version 7.23)
[STDERR  ] 2018-06-13T13:09:41.627439709Z: [    3.808177] SGI XFS with ACLs, security attributes, no debug enabled
[STDERR  ] 2018-06-13T13:09:41.627451279Z: [    3.810630] 9p: Installing v9fs 9p2000 file system support
[STDERR  ] 2018-06-13T13:09:41.627462143Z: [    3.811063] FS-Cache: Netfs '9p' registered for caching
[STDERR  ] 2018-06-13T13:09:41.627474240Z: [    3.812687] Key type big_key registered
[STDERR  ] 2018-06-13T13:09:41.627484754Z: [    3.836161] NET: Registered protocol family 38
[STDERR  ] 2018-06-13T13:09:41.627495165Z: [    3.838361] Key type asymmetric registered
[STDERR  ] 2018-06-13T13:09:41.627507747Z: [    3.838756] Asymmetric key parser 'x509' registered
[STDERR  ] 2018-06-13T13:09:41.627519888Z: [    3.839680] Block layer SCSI generic (bsg) driver version 0.4 loaded (major 251)
[STDERR  ] 2018-06-13T13:09:41.627530926Z: [    3.841463] io scheduler noop registered
[STDERR  ] 2018-06-13T13:09:41.627542821Z: [    3.841761] io scheduler deadline registered (default)
[STDERR  ] 2018-06-13T13:09:41.627554714Z: [    3.842383] io scheduler cfq registered
[STDERR  ] 2018-06-13T13:09:41.627565765Z: [    3.848115] pci_hotplug: PCI Hot Plug PCI Core version: 0.5
[STDERR  ] 2018-06-13T13:09:41.627577049Z: [    3.848661] pciehp: PCI Express Hot Plug Controller Driver version: 0.4
[STDERR  ] 2018-06-13T13:09:41.627588360Z: [    3.849357] shpchp: Standard Hot Plug PCI Controller Driver version: 0.4
[STDERR  ] 2018-06-13T13:09:41.627599920Z: [    3.850374] hv_vmbus: registering driver hyperv_fb
[STDERR  ] 2018-06-13T13:09:41.627611445Z: [    3.854457] input: Power Button as /devices/LNXSYSTM:00/LNXPWRBN:00/input/input0
[STDERR  ] 2018-06-13T13:09:41.627622871Z: [    3.855481] ACPI: Power Button [PWRF]
[STDERR  ] 2018-06-13T13:09:41.627633822Z: [    3.859511] GHES: HEST is not enabled!
[STDERR  ] 2018-06-13T13:09:41.627645126Z: [    3.865788] ACPI: PCI Interrupt Link [GSIG] enabled at IRQ 22
[STDERR  ] 2018-06-13T13:09:41.627662059Z: [    3.874972] ACPI: PCI Interrupt Link [GSIH] enabled at IRQ 23
[STDERR  ] 2018-06-13T13:09:41.627673635Z: [    3.879341] xenfs: not registering filesystem on non-xen platform
[STDERR  ] 2018-06-13T13:09:41.627685601Z: [    3.882406] Serial: 8250/16550 driver, 4 ports, IRQ sharing disabled
[STDERR  ] 2018-06-13T13:09:41.627697627Z: [    3.905939] 00:04: ttyS0 at I/O 0x3f8 (irq = 4, base_baud = 115200) is a 16550A
[STDERR  ] 2018-06-13T13:09:41.627710115Z: [    3.915893] Non-volatile memory driver v1.3
[STDERR  ] 2018-06-13T13:09:41.627722024Z: [    3.923136] Hangcheck: starting hangcheck timer 0.9.1 (tick is 180 seconds, margin is 60 seconds).
[STDERR  ] 2018-06-13T13:09:41.627734662Z: [    3.928096] random: nonblocking pool is initialized
[STDERR  ] 2018-06-13T13:09:41.627749060Z: [    3.953645] loop: module loaded
[STDERR  ] 2018-06-13T13:09:41.627761241Z: [    3.963764] nbd: registered device at major 43
[STDERR  ] 2018-06-13T13:09:41.627779269Z: [    3.991322] lpc_ich 0000:00:1f.0: I/O space for GPIO uninitialized
[STDERR  ] 2018-06-13T13:09:41.627794233Z: [    3.993049] VMware PVSCSI driver - version 1.0.5.0-k
[STDERR  ] 2018-06-13T13:09:41.627807006Z: [    3.993801] hv_vmbus: registering driver hv_storvsc
[STDERR  ] 2018-06-13T13:09:41.627818791Z: [    3.999775] ACPI: PCI Interrupt Link [GSIA] enabled at IRQ 16
[STDERR  ] 2018-06-13T13:09:41.627830381Z: [    4.005437] ahci 0000:00:1f.2: AHCI 0001.0000 32 slots 6 ports 1.5 Gbps 0x3f impl SATA mode
[STDERR  ] 2018-06-13T13:09:41.627846125Z: [    4.006075] ahci 0000:00:1f.2: flags: 64bit ncq only 
[STDERR  ] 2018-06-13T13:09:41.627857495Z: [    4.024448] scsi host0: ahci
[STDERR  ] 2018-06-13T13:09:41.627872998Z: [    4.027509] scsi host1: ahci
[STDERR  ] 2018-06-13T13:09:41.627884763Z: [    4.029596] scsi host2: ahci
[STDERR  ] 2018-06-13T13:09:41.627896235Z: [    4.031385] scsi host3: ahci
[STDERR  ] 2018-06-13T13:09:41.627907506Z: [    4.032990] scsi host4: ahci
[STDERR  ] 2018-06-13T13:09:41.627922984Z: [    4.034527] scsi host5: ahci
[STDERR  ] 2018-06-13T13:09:41.627934614Z: [    4.035948] ata1: SATA max UDMA/133 abar m4096@0xfebd2000 port 0xfebd2100 irq 24
[STDERR  ] 2018-06-13T13:09:41.627946055Z: [    4.036390] ata2: SATA max UDMA/133 abar m4096@0xfebd2000 port 0xfebd2180 irq 24
[STDERR  ] 2018-06-13T13:09:41.627960174Z: [    4.036718] ata3: SATA max UDMA/133 abar m4096@0xfebd2000 port 0xfebd2200 irq 24
[STDERR  ] 2018-06-13T13:09:41.627972200Z: [    4.037024] ata4: SATA max UDMA/133 abar m4096@0xfebd2000 port 0xfebd2280 irq 24
[STDERR  ] 2018-06-13T13:09:41.627983628Z: [    4.037362] ata5: SATA max UDMA/133 abar m4096@0xfebd2000 port 0xfebd2300 irq 24
[STDERR  ] 2018-06-13T13:09:41.627995005Z: [    4.037692] ata6: SATA max UDMA/133 abar m4096@0xfebd2000 port 0xfebd2380 irq 24
[STDERR  ] 2018-06-13T13:09:41.628006509Z: [    4.048842] tun: Universal TUN/TAP device driver, 1.6
[STDERR  ] 2018-06-13T13:09:41.628020583Z: [    4.049140] tun: (C) 1999-2004 Max Krasnyansky <maxk@qualcomm.com>
[STDERR  ] 2018-06-13T13:09:41.628031818Z: [    4.058966] VMware vmxnet3 virtual NIC driver - version 1.4.5.0-k-NAPI
[STDERR  ] 2018-06-13T13:09:41.628043756Z: [    4.059799] hv_vmbus: registering driver hv_netvsc
[STDERR  ] 2018-06-13T13:09:41.628055614Z: [    4.060594] Fusion MPT base driver 3.04.20
[STDERR  ] 2018-06-13T13:09:41.628067006Z: [    4.060816] Copyright (c) 1999-2008 LSI Corporation
[STDERR  ] 2018-06-13T13:09:41.628078942Z: [    4.061382] Fusion MPT SPI Host driver 3.04.20
[STDERR  ] 2018-06-13T13:09:41.628090078Z: [    4.062502] usbcore: registered new interface driver usb-storage
[STDERR  ] 2018-06-13T13:09:41.628101314Z: [    4.063830] i8042: PNP: PS/2 Controller [PNP0303:KBD,PNP0f13:MOU] at 0x60,0x64 irq 1,12
[STDERR  ] 2018-06-13T13:09:41.628112746Z: [    4.067478] serio: i8042 KBD port at 0x60,0x64 irq 1
[STDERR  ] 2018-06-13T13:09:41.628124439Z: [    4.068166] serio: i8042 AUX port at 0x60,0x64 irq 12
[STDERR  ] 2018-06-13T13:09:41.628136010Z: [    4.071024] hv_vmbus: registering driver hyperv_keyboard
[STDERR  ] 2018-06-13T13:09:41.628152012Z: [    4.072763] mousedev: PS/2 mouse device common for all mice
[STDERR  ] 2018-06-13T13:09:41.628165417Z: [    4.076823] input: AT Translated Set 2 keyboard as /devices/platform/i8042/serio0/input/input1
[STDERR  ] 2018-06-13T13:09:41.628176889Z: [    4.079095] input: PC Speaker as /devices/platform/pcspkr/input/input2
[STDERR  ] 2018-06-13T13:09:41.628188223Z: [    4.082479] rtc_cmos 00:00: RTC can wake from S4
[STDERR  ] 2018-06-13T13:09:41.628199802Z: [    4.085303] rtc_cmos 00:00: rtc core: registered rtc_cmos as rtc0
[STDERR  ] 2018-06-13T13:09:41.628211533Z: [    4.086281] rtc_cmos 00:00: alarms up to one day, y3k, 114 bytes nvram, hpet irqs
[STDERR  ] 2018-06-13T13:09:41.628222956Z: [    4.086869] i2c /dev entries driver
[STDERR  ] 2018-06-13T13:09:41.628236951Z: [    4.088443] device-mapper: ioctl: 4.34.0-ioctl (2015-10-28) initialised: dm-devel@redhat.com
[STDERR  ] 2018-06-13T13:09:41.628248822Z: [    4.092717] usbcore: registered new interface driver usbhid
[STDERR  ] 2018-06-13T13:09:41.628260200Z: [    4.092994] usbhid: USB HID core driver
[STDERR  ] 2018-06-13T13:09:41.628271565Z: [    4.093621] hv_utils: Registering HyperV Utility Driver
[STDERR  ] 2018-06-13T13:09:41.628282419Z: [    4.093848] hv_vmbus: registering driver hv_util
[STDERR  ] 2018-06-13T13:09:41.628293621Z: [    4.094093] hv_vmbus: registering driver hv_balloon
[STDERR  ] 2018-06-13T13:09:41.628305113Z: [    4.094510] oprofile: using NMI interrupt.
[STDERR  ] 2018-06-13T13:09:41.628317327Z: [    4.095459] GACT probability on
[STDERR  ] 2018-06-13T13:09:41.628332054Z: [    4.095811] Mirror/redirect action on
[STDERR  ] 2018-06-13T13:09:41.628342906Z: [    4.096197] Simple TC action Loaded
[STDERR  ] 2018-06-13T13:09:41.628354292Z: [    4.096514] u32 classifier
[STDERR  ] 2018-06-13T13:09:41.628366718Z: [    4.096673]     Performance counters on
[STDERR  ] 2018-06-13T13:09:41.628378129Z: [    4.096845]     input device check on
[STDERR  ] 2018-06-13T13:09:41.628394290Z: [    4.097021]     Actions configured
[STDERR  ] 2018-06-13T13:09:41.628406029Z: [    4.097677] Netfilter messages via NETLINK v0.30.
[STDERR  ] 2018-06-13T13:09:41.628419464Z: [    4.098160] nfnl_acct: registering with nfnetlink.
[STDERR  ] 2018-06-13T13:09:41.628433472Z: [    4.099009] nf_conntrack version 0.5.0 (7922 buckets, 31688 max)
[STDERR  ] 2018-06-13T13:09:41.628445555Z: [    4.102605] ctnetlink v0.93: registering with nfnetlink.
[STDERR  ] 2018-06-13T13:09:41.628457306Z: [    4.105593] nf_tables: (c) 2007-2009 Patrick McHardy <kaber@trash.net>
[STDERR  ] 2018-06-13T13:09:41.628468758Z: [    4.106461] nf_tables_compat: (c) 2012 Pablo Neira Ayuso <pablo@netfilter.org>
[STDERR  ] 2018-06-13T13:09:41.628480171Z: [    4.109185] xt_time: kernel timezone is -0000
[STDERR  ] 2018-06-13T13:09:41.628491410Z: [    4.109739] ip_set: protocol 6
[STDERR  ] 2018-06-13T13:09:41.628502714Z: [    4.110765] IPVS: Registered protocols (TCP, UDP, SCTP, AH, ESP)
[STDERR  ] 2018-06-13T13:09:41.628514113Z: [    4.111377] IPVS: Connection hash table configured (size=4096, memory=64Kbytes)
[STDERR  ] 2018-06-13T13:09:41.628528088Z: [    4.113032] IPVS: Creating netns size=2096 id=0
[STDERR  ] 2018-06-13T13:09:41.628539901Z: [    4.115348] IPVS: ipvs loaded.
[STDERR  ] 2018-06-13T13:09:41.628551169Z: [    4.115740] IPVS: [rr] scheduler registered.
[STDERR  ] 2018-06-13T13:09:41.628562480Z: [    4.116006] IPVS: [wrr] scheduler registered.
[STDERR  ] 2018-06-13T13:09:41.628573896Z: [    4.116221] IPVS: [lc] scheduler registered.
[STDERR  ] 2018-06-13T13:09:41.628585319Z: [    4.116444] IPVS: [wlc] scheduler registered.
[STDERR  ] 2018-06-13T13:09:41.628596673Z: [    4.116643] IPVS: [fo] scheduler registered.
[STDERR  ] 2018-06-13T13:09:41.628608650Z: [    4.116866] IPVS: [ovf] scheduler registered.
[STDERR  ] 2018-06-13T13:09:41.628620796Z: [    4.117231] IPVS: [lblc] scheduler registered.
[STDERR  ] 2018-06-13T13:09:41.628632174Z: [    4.117574] IPVS: [lblcr] scheduler registered.
[STDERR  ] 2018-06-13T13:09:41.628643534Z: [    4.117819] IPVS: [dh] scheduler registered.
[STDERR  ] 2018-06-13T13:09:41.628659220Z: [    4.118056] IPVS: [sh] scheduler registered.
[STDERR  ] 2018-06-13T13:09:41.628670596Z: [    4.118275] IPVS: [sed] scheduler registered.
[STDERR  ] 2018-06-13T13:09:41.628684190Z: [    4.118488] IPVS: [nq] scheduler registered.
[STDERR  ] 2018-06-13T13:09:41.628698630Z: [    4.119177] IPVS: ftp: loaded support on port[0] = 21
[STDERR  ] 2018-06-13T13:09:41.628709997Z: [    4.119809] ipip: IPv4 over IPv4 tunneling driver
[STDERR  ] 2018-06-13T13:09:41.628721263Z: [    4.123381] gre: GRE over IPv4 demultiplexor driver
[STDERR  ] 2018-06-13T13:09:41.628735705Z: [    4.126406] ip_tables: (C) 2000-2006 Netfilter Core Team
[STDERR  ] 2018-06-13T13:09:41.628747227Z: [    4.129562] ipt_CLUSTERIP: ClusterIP Version 0.8 loaded successfully
[STDERR  ] 2018-06-13T13:09:41.628758814Z: [    4.130767] arp_tables: (C) 2002 David S. Miller
[STDERR  ] 2018-06-13T13:09:41.628776271Z: [    4.133194] NET: Registered protocol family 10
[STDERR  ] 2018-06-13T13:09:41.628788307Z: [    4.143272] ip6_tables: (C) 2000-2006 Netfilter Core Team
[STDERR  ] 2018-06-13T13:09:41.628801674Z: [    4.150821] NET: Registered protocol family 17
[STDERR  ] 2018-06-13T13:09:41.628813179Z: [    4.151848] bridge: automatic filtering via arp/ip/ip6tables has been deprecated. Update your scripts to load br_netfilter if you need this.
[STDERR  ] 2018-06-13T13:09:41.628825995Z: [    4.153019] Bridge firewalling registered
[STDERR  ] 2018-06-13T13:09:41.628837269Z: [    4.153587] Ebtables v2.0 registered
[STDERR  ] 2018-06-13T13:09:41.628848931Z: [    4.155850] 8021q: 802.1Q VLAN Support v1.8
[STDERR  ] 2018-06-13T13:09:41.628860680Z: [    4.157196] 9pnet: Installing 9P2000 support
[STDERR  ] 2018-06-13T13:09:41.628872011Z: [    4.158663] Key type dns_resolver registered
[STDERR  ] 2018-06-13T13:09:41.628883335Z: [    4.162170] registered taskstats version 1
[STDERR  ] 2018-06-13T13:09:41.628894664Z: [    4.303534] Key type encrypted registered
[STDERR  ] 2018-06-13T13:09:41.628909820Z: [    4.309217] rtc_cmos 00:00: setting system clock to 2018-06-13 13:09:30 UTC (1528895370)
[STDERR  ] 2018-06-13T13:09:41.629310150Z: [    4.391057] ata1: SATA link down (SStatus 0 SControl 300)
[STDERR  ] 2018-06-13T13:09:41.629324800Z: [    4.393715] ata2: SATA link down (SStatus 0 SControl 300)
[STDERR  ] 2018-06-13T13:09:41.629338268Z: [    4.394614] ata3: SATA link up 1.5 Gbps (SStatus 113 SControl 300)
[STDERR  ] 2018-06-13T13:09:41.629353991Z: [    4.399284] ata3.00: ATAPI: QEMU DVD-ROM, 2.5+, max UDMA/100
[STDERR  ] 2018-06-13T13:09:41.629367169Z: [    4.399705] ata3.00: applying bridge limits
[STDERR  ] 2018-06-13T13:09:41.629381647Z: [    4.401226] ata4: SATA link down (SStatus 0 SControl 300)
[STDERR  ] 2018-06-13T13:09:41.629396457Z: [    4.401639] ata5: SATA link down (SStatus 0 SControl 300)
[STDERR  ] 2018-06-13T13:09:41.629408787Z: [    4.402058] ata6: SATA link down (SStatus 0 SControl 300)
[STDERR  ] 2018-06-13T13:09:41.629422030Z: [    4.403001] ata3.00: configured for UDMA/100
[STDERR  ] 2018-06-13T13:09:41.629439771Z: [    4.414397] scsi 2:0:0:0: CD-ROM            QEMU     QEMU DVD-ROM     2.5+ PQ: 0 ANSI: 5
[STDERR  ] 2018-06-13T13:09:41.629455292Z: [    4.422700] sr 2:0:0:0: [sr0] scsi3-mmc drive: 4x/4x cd/rw xa/form2 tray
[STDERR  ] 2018-06-13T13:09:41.629470240Z: [    4.423292] cdrom: Uniform CD-ROM driver Revision: 3.20
[STDERR  ] 2018-06-13T13:09:41.629484771Z: [    4.428455] sr 2:0:0:0: Attached scsi generic sg0 type 5
[STDERR  ] 2018-06-13T13:09:41.629496931Z: [    4.543709] Freeing unused kernel memory: 1320K
[STDERR  ] 2018-06-13T13:09:41.629509611Z: [    4.543984] Write protecting the kernel read-only data: 12288k
[STDERR  ] 2018-06-13T13:09:41.629522157Z: [    4.550768] Freeing unused kernel memory: 524K
[STDERR  ] 2018-06-13T13:09:41.629536513Z: [    4.589632] Freeing unused kernel memory: 1380K
[STDERR  ] 2018-06-13T13:09:41.629551168Z: [    4.751144] tsc: Refined TSC clocksource calibration: 2599.905 MHz
[STDERR  ] 2018-06-13T13:09:41.629568756Z: [    4.751513] clocksource: tsc: mask: 0xffffffffffffffff max_cycles: 0x2579e25b580, max_idle_ns: 440795231167 ns
[STDERR  ] 2018-06-13T13:09:41.629591423Z: [    5.761204] clocksource: Switched to clocksource tsc
[STDERR  ] 2018-06-13T13:09:41.629603281Z: 
[STDERR  ] 2018-06-13T13:09:41.629616271Z: Welcome to LinuxKit
[STDERR  ] 2018-06-13T13:09:41.629630768Z: 
[STDERR  ] 2018-06-13T13:09:41.629643175Z:                         ##         .
[STDERR  ] 2018-06-13T13:09:41.629658294Z:                   ## ## ##        ==
[STDERR  ] 2018-06-13T13:09:41.629672569Z:                ## ## ## ## ##    ===
[STDERR  ] 2018-06-13T13:09:41.629684057Z:            /"""""""""""""""""\___/ ===
[STDERR  ] 2018-06-13T13:09:41.629696352Z:           {                       /  ===-
[STDERR  ] 2018-06-13T13:09:41.629710454Z:            \______ O           __/
[STDERR  ] 2018-06-13T13:09:41.629723247Z:              \    \         __/
[STDERR  ] 2018-06-13T13:09:41.629737285Z:               \____\_______/
[STDERR  ] 2018-06-13T13:09:41.629749817Z: 
[STDERR  ] 2018-06-13T13:09:41.629761784Z: [    9.994136] hello_world: loading out-of-tree module taints kernel.
[STDERR  ] 2018-06-13T13:09:41.629781710Z: [    9.996790] Hello LinuxKit
[STDERR  ] 2018-06-13T13:09:41.629794096Z: [   10.072838] Goodbye LinuxKit.
[STDERR  ] 2018-06-13T13:09:41.629810635Z: Linux linuxkit-7a9503574f03 4.4.136-linuxkit #1 SMP Tue Jun 12 17:46:36 UTC 2018 x86_64 Linux
[STDERR  ] 2018-06-13T13:09:41.629825621Z: filename:       hello_world.ko
[STDERR  ] 2018-06-13T13:09:41.629840079Z: author:         Rolf Neugebauer <rolf.neugebauer@docker.com>
[STDERR  ] 2018-06-13T13:09:41.629852265Z: description:    A simple Hello World kernel module for testing
[STDERR  ] 2018-06-13T13:09:41.629869296Z: license:        GPL
[STDERR  ] 2018-06-13T13:09:41.629885339Z: depends:        
[STDERR  ] 2018-06-13T13:09:41.629898047Z: vermagic:       4.4.136-linuxkit SMP mod_unload 
[STDERR  ] 2018-06-13T13:09:41.629912716Z: Kernel module test suite PASSED
[STDERR  ] 2018-06-13T13:09:41.629931565Z: [   14.231734] ACPI: Preparing to enter system sleep state S5
[STDERR  ] 2018-06-13T13:09:41.629944593Z: [   14.233240] reboot: Power down
[STDERR  ] 2018-06-13T13:09:41.629958922Z: + grep -q Hello LinuxKit
[STDERR  ] 2018-06-13T13:09:41.630735973Z: + echo [    0.000000] Initializing cgroup subsys cpuset
[STDERR  ] 2018-06-13T13:09:41.630790184Z: [    0.000000] Initializing cgroup subsys cpu
[STDERR  ] 2018-06-13T13:09:41.630824184Z: [    0.000000] Initializing cgroup subsys cpuacct
[STDERR  ] 2018-06-13T13:09:41.630856099Z: [    0.000000] Linux version 4.4.136-linuxkit (root@ede50afbdeaf) (gcc version 6.4.0 (Alpine 6.4.0) ) #1 SMP Tue Jun 12 17:46:36 UTC 2018
[STDERR  ] 2018-06-13T13:09:41.630883529Z: [    0.000000] Command line: console=ttyS0 console=ttyAMA0
[STDERR  ] 2018-06-13T13:09:41.630919249Z: [    0.000000] x86/fpu: Legacy x87 FPU detected.
[STDERR  ] 2018-06-13T13:09:41.630942182Z: [    0.000000] x86/fpu: Using 'lazy' FPU context switches.
[STDERR  ] 2018-06-13T13:09:41.630981063Z: [    0.000000] e820: BIOS-provided physical RAM map:
[STDERR  ] 2018-06-13T13:09:41.631007126Z: [    0.000000] BIOS-e820: [mem 0x0000000000000000-0x000000000009fbff] usable
[STDERR  ] 2018-06-13T13:09:41.631041328Z: [    0.000000] BIOS-e820: [mem 0x000000000009fc00-0x000000000009ffff] reserved
[STDERR  ] 2018-06-13T13:09:41.631078729Z: [    0.000000] BIOS-e820: [mem 0x00000000000f0000-0x00000000000fffff] reserved
[STDERR  ] 2018-06-13T13:09:41.631102051Z: [    0.000000] BIOS-e820: [mem 0x0000000000100000-0x000000003ffdefff] usable
[STDERR  ] 2018-06-13T13:09:41.631135839Z: [    0.000000] BIOS-e820: [mem 0x000000003ffdf000-0x000000003fffffff] reserved
[STDERR  ] 2018-06-13T13:09:41.631162509Z: [    0.000000] BIOS-e820: [mem 0x00000000b0000000-0x00000000bfffffff] reserved
[STDERR  ] 2018-06-13T13:09:41.631186898Z: [    0.000000] BIOS-e820: [mem 0x00000000fed1c000-0x00000000fed1ffff] reserved
[STDERR  ] 2018-06-13T13:09:41.631224623Z: [    0.000000] BIOS-e820: [mem 0x00000000fffc0000-0x00000000ffffffff] reserved
[STDERR  ] 2018-06-13T13:09:41.631253135Z: [    0.000000] NX (Execute Disable) protection: active
[STDERR  ] 2018-06-13T13:09:41.631351094Z: [    0.000000] SMBIOS 2.8 present.
[STDERR  ] 2018-06-13T13:09:41.631379676Z: [    0.000000] Kernel/User page tables isolation: disabled
[STDERR  ] 2018-06-13T13:09:41.631413589Z: [    0.000000] e820: last_pfn = 0x3ffdf max_arch_pfn = 0x400000000
[STDERR  ] 2018-06-13T13:09:41.631437619Z: [    0.000000] x86/PAT: Configuration [0-7]: WB  WC  UC- UC  WB  WC  UC- WT  
[STDERR  ] 2018-06-13T13:09:41.631453907Z: [    0.000000] found SMP MP-table at [mem 0x000f6aa0-0x000f6aaf] mapped at [ffff8800000f6aa0]
[STDERR  ] 2018-06-13T13:09:41.631470136Z: [    0.000000] RAMDISK: [mem 0x3e884000-0x3ffcffff]
[STDERR  ] 2018-06-13T13:09:41.631497452Z: [    0.000000] ACPI: Early table checksum verification disabled
[STDERR  ] 2018-06-13T13:09:41.631512608Z: [    0.000000] ACPI: RSDP 0x00000000000F68B0 000014 (v00 BOCHS )
[STDERR  ] 2018-06-13T13:09:41.631527371Z: [    0.000000] ACPI: RSDT 0x000000003FFE20A8 000034 (v01 BOCHS  BXPCRSDT 00000001 BXPC 00000001)
[STDERR  ] 2018-06-13T13:09:41.631542491Z: [    0.000000] ACPI: FACP 0x000000003FFE1EC8 0000F4 (v03 BOCHS  BXPCFACP 00000001 BXPC 00000001)
[STDERR  ] 2018-06-13T13:09:41.631571225Z: [    0.000000] ACPI: DSDT 0x000000003FFE0040 001E88 (v01 BOCHS  BXPCDSDT 00000001 BXPC 00000001)
[STDERR  ] 2018-06-13T13:09:41.631585795Z: [    0.000000] ACPI: FACS 0x000000003FFE0000 000040
[STDERR  ] 2018-06-13T13:09:41.631600102Z: [    0.000000] ACPI: APIC 0x000000003FFE1FBC 000078 (v01 BOCHS  BXPCAPIC 00000001 BXPC 00000001)
[STDERR  ] 2018-06-13T13:09:41.631612856Z: [    0.000000] ACPI: HPET 0x000000003FFE2034 000038 (v01 BOCHS  BXPCHPET 00000001 BXPC 00000001)
[STDERR  ] 2018-06-13T13:09:41.631627305Z: [    0.000000] ACPI: MCFG 0x000000003FFE206C 00003C (v01 BOCHS  BXPCMCFG 00000001 BXPC 00000001)
[STDERR  ] 2018-06-13T13:09:41.631651407Z: [    0.000000] Zone ranges:
[STDERR  ] 2018-06-13T13:09:41.631664396Z: [    0.000000]   DMA      [mem 0x0000000000001000-0x0000000000ffffff]
[STDERR  ] 2018-06-13T13:09:41.631685334Z: [    0.000000]   DMA32    [mem 0x0000000001000000-0x000000003ffdefff]
[STDERR  ] 2018-06-13T13:09:41.631709506Z: [    0.000000]   Normal   empty
[STDERR  ] 2018-06-13T13:09:41.631733676Z: [    0.000000] Movable zone start for each node
[STDERR  ] 2018-06-13T13:09:41.631752339Z: [    0.000000] Early memory node ranges
[STDERR  ] 2018-06-13T13:09:41.631766959Z: [    0.000000]   node   0: [mem 0x0000000000001000-0x000000000009efff]
[STDERR  ] 2018-06-13T13:09:41.631779084Z: [    0.000000]   node   0: [mem 0x0000000000100000-0x000000003ffdefff]
[STDERR  ] 2018-06-13T13:09:41.631801240Z: [    0.000000] Initmem setup node 0 [mem 0x0000000000001000-0x000000003ffdefff]
[STDERR  ] 2018-06-13T13:09:41.631812917Z: [    0.000000] ACPI: PM-Timer IO Port: 0x608
[STDERR  ] 2018-06-13T13:09:41.631825031Z: [    0.000000] ACPI: LAPIC_NMI (acpi_id[0xff] dfl dfl lint[0x1])
[STDERR  ] 2018-06-13T13:09:41.631836819Z: [    0.000000] IOAPIC[0]: apic_id 0, version 32, address 0xfec00000, GSI 0-23
[STDERR  ] 2018-06-13T13:09:41.631849470Z: [    0.000000] ACPI: INT_SRC_OVR (bus 0 bus_irq 0 global_irq 2 dfl dfl)
[STDERR  ] 2018-06-13T13:09:41.631866421Z: [    0.000000] ACPI: INT_SRC_OVR (bus 0 bus_irq 5 global_irq 5 high level)
[STDERR  ] 2018-06-13T13:09:41.631893270Z: [    0.000000] ACPI: INT_SRC_OVR (bus 0 bus_irq 9 global_irq 9 high level)
[STDERR  ] 2018-06-13T13:09:41.631908307Z: [    0.000000] ACPI: INT_SRC_OVR (bus 0 bus_irq 10 global_irq 10 high level)
[STDERR  ] 2018-06-13T13:09:41.631923154Z: [    0.000000] ACPI: INT_SRC_OVR (bus 0 bus_irq 11 global_irq 11 high level)
[STDERR  ] 2018-06-13T13:09:41.631937774Z: [    0.000000] Using ACPI (MADT) for SMP configuration information
[STDERR  ] 2018-06-13T13:09:41.631963370Z: [    0.000000] ACPI: HPET id: 0x8086a201 base: 0xfed00000
[STDERR  ] 2018-06-13T13:09:41.631978124Z: [    0.000000] smpboot: Allowing 1 CPUs, 0 hotplug CPUs
[STDERR  ] 2018-06-13T13:09:41.631994701Z: [    0.000000] e820: [mem 0x40000000-0xafffffff] available for PCI devices
[STDERR  ] 2018-06-13T13:09:41.632016083Z: [    0.000000] Booting paravirtualized kernel on bare hardware
[STDERR  ] 2018-06-13T13:09:41.632040238Z: [    0.000000] clocksource: refined-jiffies: mask: 0xffffffff max_cycles: 0xffffffff, max_idle_ns: 19112604462750000 ns
[STDERR  ] 2018-06-13T13:09:41.632056272Z: [    0.000000] setup_percpu: NR_CPUS:128 nr_cpumask_bits:128 nr_cpu_ids:1 nr_node_ids:1
[STDERR  ] 2018-06-13T13:09:41.632068566Z: [    0.000000] PERCPU: Embedded 33 pages/cpu @ffff88003e600000 s97048 r8192 d29928 u2097152
[STDERR  ] 2018-06-13T13:09:41.632084721Z: [    0.000000] Built 1 zonelists in Zone order, mobility grouping on.  Total pages: 257895
[STDERR  ] 2018-06-13T13:09:41.632099465Z: [    0.000000] Kernel command line: console=ttyS0 console=ttyAMA0
[STDERR  ] 2018-06-13T13:09:41.632124887Z: [    0.000000] PID hash table entries: 4096 (order: 3, 32768 bytes)
[STDERR  ] 2018-06-13T13:09:41.632139295Z: [    0.000000] Dentry cache hash table entries: 131072 (order: 8, 1048576 bytes)
[STDERR  ] 2018-06-13T13:09:41.632151769Z: [    0.000000] Inode-cache hash table entries: 65536 (order: 7, 524288 bytes)
[STDERR  ] 2018-06-13T13:09:41.632164963Z: [    0.000000] Memory: 990156K/1048052K available (7658K kernel code, 1300K rwdata, 2716K rodata, 1320K init, 688K bss, 57896K reserved, 0K cma-reserved)
[STDERR  ] 2018-06-13T13:09:41.632180540Z: [    0.000000] Hierarchical RCU implementation.
[STDERR  ] 2018-06-13T13:09:41.632193058Z: [    0.000000] 	Build-time adjustment of leaf fanout to 64.
[STDERR  ] 2018-06-13T13:09:41.632205659Z: [    0.000000] 	RCU restricting CPUs from NR_CPUS=128 to nr_cpu_ids=1.
[STDERR  ] 2018-06-13T13:09:41.632218712Z: [    0.000000] RCU: Adjusting geometry for rcu_fanout_leaf=64, nr_cpu_ids=1
[STDERR  ] 2018-06-13T13:09:41.632233791Z: [    0.000000] NR_IRQS:8448 nr_irqs:256 16
[STDERR  ] 2018-06-13T13:09:41.632248359Z: [    0.000000] Console: colour VGA+ 80x25
[STDERR  ] 2018-06-13T13:09:41.632262888Z: [    0.000000] console [ttyS0] enabled
[STDERR  ] 2018-06-13T13:09:41.632287931Z: [    0.000000] clocksource: hpet: mask: 0xffffffff max_cycles: 0xffffffff, max_idle_ns: 19112604467 ns
[STDERR  ] 2018-06-13T13:09:41.632301805Z: [    0.000000] tsc: Fast TSC calibration using PIT
[STDERR  ] 2018-06-13T13:09:41.632317014Z: [    0.000000] tsc: Detected 2599.893 MHz processor
[STDERR  ] 2018-06-13T13:09:41.632331295Z: [    0.022087] Calibrating delay loop (skipped), value calculated using timer frequency.. 5199.78 BogoMIPS (lpj=25998930)
[STDERR  ] 2018-06-13T13:09:41.632344569Z: [    0.023430] pid_max: default: 32768 minimum: 301
[STDERR  ] 2018-06-13T13:09:41.632359218Z: [    0.024194] ACPI: Core revision 20150930
[STDERR  ] 2018-06-13T13:09:41.632371605Z: [    0.048742] ACPI: 1 ACPI AML tables successfully acquired and loaded
[STDERR  ] 2018-06-13T13:09:41.632386718Z: [    0.050773] Security Framework initialized
[STDERR  ] 2018-06-13T13:09:41.632398911Z: [    0.051146] Yama: becoming mindful.
[STDERR  ] 2018-06-13T13:09:41.632410881Z: [    0.055238] Mount-cache hash table entries: 2048 (order: 2, 16384 bytes)
[STDERR  ] 2018-06-13T13:09:41.632422585Z: [    0.055743] Mountpoint-cache hash table entries: 2048 (order: 2, 16384 bytes)
[STDERR  ] 2018-06-13T13:09:41.632434383Z: [    0.069023] Initializing cgroup subsys io
[STDERR  ] 2018-06-13T13:09:41.632449903Z: [    0.070147] Initializing cgroup subsys memory
[STDERR  ] 2018-06-13T13:09:41.632464384Z: [    0.071077] Initializing cgroup subsys devices
[STDERR  ] 2018-06-13T13:09:41.632477056Z: [    0.071528] Initializing cgroup subsys freezer
[STDERR  ] 2018-06-13T13:09:41.632489245Z: [    0.071982] Initializing cgroup subsys net_cls
[STDERR  ] 2018-06-13T13:09:41.632501464Z: [    0.072363] Initializing cgroup subsys perf_event
[STDERR  ] 2018-06-13T13:09:41.632513578Z: [    0.072765] Initializing cgroup subsys net_prio
[STDERR  ] 2018-06-13T13:09:41.632525900Z: [    0.073164] Initializing cgroup subsys hugetlb
[STDERR  ] 2018-06-13T13:09:41.632538927Z: [    0.073545] Initializing cgroup subsys pids
[STDERR  ] 2018-06-13T13:09:41.632551053Z: [    0.076086] Last level iTLB entries: 4KB 0, 2MB 0, 4MB 0
[STDERR  ] 2018-06-13T13:09:41.632571255Z: [    0.076366] Last level dTLB entries: 4KB 0, 2MB 0, 4MB 0, 1GB 0
[STDERR  ] 2018-06-13T13:09:41.632586089Z: [    0.077049] Spectre V2 : LFENCE not serializing. Switching to generic retpoline
[STDERR  ] 2018-06-13T13:09:41.632601022Z: [    0.077476] Spectre V2 : Vulnerable: Minimal generic ASM retpoline
[STDERR  ] 2018-06-13T13:09:41.632613186Z: [    0.077865] Spectre V2 : Filling RSB on context switch
[STDERR  ] 2018-06-13T13:09:41.632625750Z: [    0.342092] Freeing SMP alternatives memory: 20K
[STDERR  ] 2018-06-13T13:09:41.632638158Z: [    0.349765] ftrace: allocating 33549 entries in 132 pages
[STDERR  ] 2018-06-13T13:09:41.632652494Z: [    0.427159] ..TIMER: vector=0x30 apic1=0 pin1=2 apic2=-1 pin2=-1
[STDERR  ] 2018-06-13T13:09:41.632667172Z: [    0.530000] smpboot: CPU0: AMD QEMU Virtual CPU version 2.5+ (family: 0x6, model: 0x6, stepping: 0x3)
[STDERR  ] 2018-06-13T13:09:41.632679732Z: [    0.530000] Performance Events: Broken PMU hardware detected, using software events only.
[STDERR  ] 2018-06-13T13:09:41.632692253Z: [    0.530000] Failed to access perfctr msr (MSR c0010007 is 0)
[STDERR  ] 2018-06-13T13:09:41.632707465Z: [    0.534228] x86: Booted up 1 node, 1 CPUs
[STDERR  ] 2018-06-13T13:09:41.632719467Z: [    0.534636] smpboot: Total of 1 processors activated (5199.78 BogoMIPS)
[STDERR  ] 2018-06-13T13:09:41.632732683Z: [    0.542328] NMI watchdog: disabled (cpu0): hardware events not enabled
[STDERR  ] 2018-06-13T13:09:41.632744879Z: [    0.542783] NMI watchdog: Shutting down hard lockup detector on all cpus
[STDERR  ] 2018-06-13T13:09:41.632759174Z: [    0.552981] devtmpfs: initialized
[STDERR  ] 2018-06-13T13:09:41.632771816Z: [    0.582414] clocksource: jiffies: mask: 0xffffffff max_cycles: 0xffffffff, max_idle_ns: 19112604462750000 ns
[STDERR  ] 2018-06-13T13:09:41.632784317Z: [    0.583284] futex hash table entries: 256 (order: 2, 16384 bytes)
[STDERR  ] 2018-06-13T13:09:41.632805224Z: [    0.596242] NET: Registered protocol family 16
[STDERR  ] 2018-06-13T13:09:41.632818430Z: [    0.604104] cpuidle: using governor ladder
[STDERR  ] 2018-06-13T13:09:41.632832620Z: [    0.604571] cpuidle: using governor menu
[STDERR  ] 2018-06-13T13:09:41.632844919Z: [    0.605841] ACPI: bus type PCI registered
[STDERR  ] 2018-06-13T13:09:41.632859480Z: [    0.609099] PCI: MMCONFIG for domain 0000 [bus 00-ff] at [mem 0xb0000000-0xbfffffff] (base 0xb0000000)
[STDERR  ] 2018-06-13T13:09:41.632871492Z: [    0.609818] PCI: MMCONFIG at [mem 0xb0000000-0xbfffffff] reserved in E820
[STDERR  ] 2018-06-13T13:09:41.632883862Z: [    0.610592] PCI: Using configuration type 1 for base access
[STDERR  ] 2018-06-13T13:09:41.632896139Z: [    0.654020] ACPI: Added _OSI(Module Device)
[STDERR  ] 2018-06-13T13:09:41.632912750Z: [    0.654239] ACPI: Added _OSI(Processor Device)
[STDERR  ] 2018-06-13T13:09:41.632958135Z: [    0.654579] ACPI: Added _OSI(3.0 _SCP Extensions)
[STDERR  ] 2018-06-13T13:09:41.632972891Z: [    0.654796] ACPI: Added _OSI(Processor Aggregator Device)
[STDERR  ] 2018-06-13T13:09:41.632988352Z: [    0.698487] ACPI: Interpreter enabled
[STDERR  ] 2018-06-13T13:09:41.633000846Z: [    0.699237] ACPI: (supports S0 S5)
[STDERR  ] 2018-06-13T13:09:41.633013610Z: [    0.699561] ACPI: Using IOAPIC for interrupt routing
[STDERR  ] 2018-06-13T13:09:41.633028338Z: [    0.701959] PCI: Using host bridge windows from ACPI; if necessary, use "pci=nocrs" and report a bug
[STDERR  ] 2018-06-13T13:09:41.633040346Z: [    0.744221] ACPI: PCI Root Bridge [PCI0] (domain 0000 [bus 00-ff])
[STDERR  ] 2018-06-13T13:09:41.633052628Z: [    0.745177] acpi PNP0A08:00: _OSC: OS supports [ExtendedConfig ASPM ClockPM Segments MSI]
[STDERR  ] 2018-06-13T13:09:41.633067576Z: [    0.750120] acpi PNP0A08:00: _OSC: OS now controls [PCIeHotplug PME PCIeCapability]
[STDERR  ] 2018-06-13T13:09:41.633079975Z: [    0.755476] PCI host bridge to bus 0000:00
[STDERR  ] 2018-06-13T13:09:41.633091958Z: [    0.755907] pci_bus 0000:00: root bus resource [io  0x0000-0x0cf7 window]
[STDERR  ] 2018-06-13T13:09:41.633109317Z: [    0.756215] pci_bus 0000:00: root bus resource [io  0x0d00-0xffff window]
[STDERR  ] 2018-06-13T13:09:41.633127024Z: [    0.756491] pci_bus 0000:00: root bus resource [mem 0x000a0000-0x000bffff window]
[STDERR  ] 2018-06-13T13:09:41.633141611Z: [    0.756832] pci_bus 0000:00: root bus resource [mem 0xc0000000-0xfebfffff window]
[STDERR  ] 2018-06-13T13:09:41.633156301Z: [    0.757325] pci_bus 0000:00: root bus resource [bus 00-ff]
[STDERR  ] 2018-06-13T13:09:41.633170991Z: [    0.921878] pci 0000:00:1f.0: quirk: [io  0x0600-0x067f] claimed by ICH6 ACPI/GPIO/TCO
[STDERR  ] 2018-06-13T13:09:41.633182857Z: [    1.007128] ACPI: PCI Interrupt Link [LNKA] (IRQs 5 *10 11)
[STDERR  ] 2018-06-13T13:09:41.633197890Z: [    1.011127] ACPI: PCI Interrupt Link [LNKB] (IRQs 5 *10 11)
[STDERR  ] 2018-06-13T13:09:41.633214795Z: [    1.012622] ACPI: PCI Interrupt Link [LNKC] (IRQs 5 10 *11)
[STDERR  ] 2018-06-13T13:09:41.633229321Z: [    1.013945] ACPI: PCI Interrupt Link [LNKD] (IRQs 5 10 *11)
[STDERR  ] 2018-06-13T13:09:41.633243953Z: [    1.015169] ACPI: PCI Interrupt Link [LNKE] (IRQs 5 *10 11)
[STDERR  ] 2018-06-13T13:09:41.633256038Z: [    1.016710] ACPI: PCI Interrupt Link [LNKF] (IRQs 5 *10 11)
[STDERR  ] 2018-06-13T13:09:41.633268110Z: [    1.017889] ACPI: PCI Interrupt Link [LNKG] (IRQs 5 10 *11)
[STDERR  ] 2018-06-13T13:09:41.633288497Z: [    1.019017] ACPI: PCI Interrupt Link [LNKH] (IRQs 5 10 *11)
[STDERR  ] 2018-06-13T13:09:41.633305634Z: [    1.020253] ACPI: PCI Interrupt Link [GSIA] (IRQs *16)
[STDERR  ] 2018-06-13T13:09:41.633320056Z: [    1.020835] ACPI: PCI Interrupt Link [GSIB] (IRQs *17)
[STDERR  ] 2018-06-13T13:09:41.633332247Z: [    1.021372] ACPI: PCI Interrupt Link [GSIC] (IRQs *18)
[STDERR  ] 2018-06-13T13:09:41.633344401Z: [    1.021905] ACPI: PCI Interrupt Link [GSID] (IRQs *19)
[STDERR  ] 2018-06-13T13:09:41.633359176Z: [    1.022416] ACPI: PCI Interrupt Link [GSIE] (IRQs *20)
[STDERR  ] 2018-06-13T13:09:41.633374004Z: [    1.022914] ACPI: PCI Interrupt Link [GSIF] (IRQs *21)
[STDERR  ] 2018-06-13T13:09:41.633392920Z: [    1.023415] ACPI: PCI Interrupt Link [GSIG] (IRQs *22)
[STDERR  ] 2018-06-13T13:09:41.633407341Z: [    1.023891] ACPI: PCI Interrupt Link [GSIH] (IRQs *23)
[STDERR  ] 2018-06-13T13:09:41.633419358Z: [    1.027113] ACPI: Enabled 1 GPEs in block 00 to 3F
[STDERR  ] 2018-06-13T13:09:41.633434066Z: [    1.030662] SCSI subsystem initialized
[STDERR  ] 2018-06-13T13:09:41.633448716Z: [    1.032354] ACPI: bus type USB registered
[STDERR  ] 2018-06-13T13:09:41.633462866Z: [    1.033309] usbcore: registered new interface driver usbfs
[STDERR  ] 2018-06-13T13:09:41.633473407Z: [    1.034054] usbcore: registered new interface driver hub
[STDERR  ] 2018-06-13T13:09:41.633485024Z: [    1.034870] usbcore: registered new device driver usb
[STDERR  ] 2018-06-13T13:09:41.633501929Z: [    1.035968] pps_core: LinuxPPS API ver. 1 registered
[STDERR  ] 2018-06-13T13:09:41.633513742Z: [    1.036195] pps_core: Software ver. 5.3.6 - Copyright 2005-2007 Rodolfo Giometti <giometti@linux.it>
[STDERR  ] 2018-06-13T13:09:41.633528967Z: [    1.036815] PTP clock support registered
[STDERR  ] 2018-06-13T13:09:41.633546170Z: [    1.037854] wmi: Mapper loaded
[STDERR  ] 2018-06-13T13:09:41.633558480Z: [    1.038893] PCI: Using ACPI for IRQ routing
[STDERR  ] 2018-06-13T13:09:41.633571051Z: [    1.051818] NetLabel: Initializing
[STDERR  ] 2018-06-13T13:09:41.633583233Z: [    1.052002] NetLabel:  domain hash size = 128
[STDERR  ] 2018-06-13T13:09:41.633595605Z: [    1.052293] NetLabel:  protocols = UNLABELED CIPSOv4
[STDERR  ] 2018-06-13T13:09:41.633610198Z: [    1.053949] NetLabel:  unlabeled traffic allowed by default
[STDERR  ] 2018-06-13T13:09:41.633625257Z: [    1.054955] HPET: 3 timers in total, 0 timers will be used for per-cpu timer
[STDERR  ] 2018-06-13T13:09:41.633637588Z: [    1.055696] hpet0: at MMIO 0xfed00000, IRQs 2, 8, 0
[STDERR  ] 2018-06-13T13:09:41.633649980Z: [    1.056066] hpet0: 3 comparators, 64-bit 100.000000 MHz counter
[STDERR  ] 2018-06-13T13:09:41.633662056Z: [    1.060911] amd_nb: Cannot enumerate AMD northbridges
[STDERR  ] 2018-06-13T13:09:41.633682221Z: [    1.061981] clocksource: Switched to clocksource hpet
[STDERR  ] 2018-06-13T13:09:41.633693912Z: [    1.194548] FS-Cache: Loaded
[STDERR  ] 2018-06-13T13:09:41.633706629Z: [    1.199464] CacheFiles: Loaded
[STDERR  ] 2018-06-13T13:09:41.633718919Z: [    1.202259] pnp: PnP ACPI init
[STDERR  ] 2018-06-13T13:09:41.633730749Z: [    1.210611] pnp: PnP ACPI: found 5 devices
[STDERR  ] 2018-06-13T13:09:41.633743600Z: [    1.246226] clocksource: acpi_pm: mask: 0xffffff max_cycles: 0xffffff, max_idle_ns: 2085701024 ns
[STDERR  ] 2018-06-13T13:09:41.633755498Z: [    1.248838] NET: Registered protocol family 2
[STDERR  ] 2018-06-13T13:09:41.633770488Z: [    1.256866] TCP established hash table entries: 8192 (order: 4, 65536 bytes)
[STDERR  ] 2018-06-13T13:09:41.633781459Z: [    1.257629] TCP bind hash table entries: 8192 (order: 5, 131072 bytes)
[STDERR  ] 2018-06-13T13:09:41.633792949Z: [    1.258237] TCP: Hash tables configured (established 8192 bind 8192)
[STDERR  ] 2018-06-13T13:09:41.633804445Z: [    1.259585] UDP hash table entries: 512 (order: 2, 16384 bytes)
[STDERR  ] 2018-06-13T13:09:41.633816284Z: [    1.260077] UDP-Lite hash table entries: 512 (order: 2, 16384 bytes)
[STDERR  ] 2018-06-13T13:09:41.633828206Z: [    1.262387] NET: Registered protocol family 1
[STDERR  ] 2018-06-13T13:09:41.633843628Z: [    1.271227] Unpacking initramfs...
[STDERR  ] 2018-06-13T13:09:41.633856560Z: [    3.758417] Freeing initrd memory: 23856K
[STDERR  ] 2018-06-13T13:09:41.633868838Z: [    3.777766] PCLMULQDQ-NI instructions are not detected.
[STDERR  ] 2018-06-13T13:09:41.633883275Z: [    3.779102] AVX or AES-NI instructions are not detected.
[STDERR  ] 2018-06-13T13:09:41.633898043Z: [    3.779600] CPU feature 'AVX registers' is not supported.
[STDERR  ] 2018-06-13T13:09:41.633912932Z: [    3.779981] CPU feature 'AVX registers' is not supported.
[STDERR  ] 2018-06-13T13:09:41.633928256Z: [    3.780834] CPU feature 'AVX registers' is not supported.
[STDERR  ] 2018-06-13T13:09:41.633947436Z: [    3.781209] CPU feature 'AVX registers' is not supported.
[STDERR  ] 2018-06-13T13:09:41.633959918Z: [    3.781590] AVX2 or AES-NI instructions are not detected.
[STDERR  ] 2018-06-13T13:09:41.633971987Z: [    3.781936] AVX2 instructions are not detected.
[STDERR  ] 2018-06-13T13:09:41.633984165Z: [    3.786760] audit: initializing netlink subsys (disabled)
[STDERR  ] 2018-06-13T13:09:41.634000901Z: [    3.788217] audit: type=2000 audit(1528895369.780:1): initialized
[STDERR  ] 2018-06-13T13:09:41.634013126Z: [    3.795189] HugeTLB registered 2 MB page size, pre-allocated 0 pages
[STDERR  ] 2018-06-13T13:09:41.634028141Z: [    3.797843] VFS: Disk quotas dquot_6.6.0
[STDERR  ] 2018-06-13T13:09:41.634042804Z: [    3.798470] VFS: Dquot-cache hash table entries: 512 (order 0, 4096 bytes)
[STDERR  ] 2018-06-13T13:09:41.634054725Z: [    3.802336] squashfs: version 4.0 (2009/01/31) Phillip Lougher
[STDERR  ] 2018-06-13T13:09:41.634069515Z: [    3.805301] FS-Cache: Netfs 'cifs' registered for caching
[STDERR  ] 2018-06-13T13:09:41.634084226Z: [    3.806128] fuse init (API version 7.23)
[STDERR  ] 2018-06-13T13:09:41.634098845Z: [    3.808177] SGI XFS with ACLs, security attributes, no debug enabled
[STDERR  ] 2018-06-13T13:09:41.634110516Z: [    3.810630] 9p: Installing v9fs 9p2000 file system support
[STDERR  ] 2018-06-13T13:09:41.634122852Z: [    3.811063] FS-Cache: Netfs '9p' registered for caching
[STDERR  ] 2018-06-13T13:09:41.634135119Z: [    3.812687] Key type big_key registered
[STDERR  ] 2018-06-13T13:09:41.634146609Z: [    3.836161] NET: Registered protocol family 38
[STDERR  ] 2018-06-13T13:09:41.634159040Z: [    3.838361] Key type asymmetric registered
[STDERR  ] 2018-06-13T13:09:41.634171493Z: [    3.838756] Asymmetric key parser 'x509' registered
[STDERR  ] 2018-06-13T13:09:41.634183593Z: [    3.839680] Block layer SCSI generic (bsg) driver version 0.4 loaded (major 251)
[STDERR  ] 2018-06-13T13:09:41.634198012Z: [    3.841463] io scheduler noop registered
[STDERR  ] 2018-06-13T13:09:41.634214937Z: [    3.841761] io scheduler deadline registered (default)
[STDERR  ] 2018-06-13T13:09:41.634227530Z: [    3.842383] io scheduler cfq registered
[STDERR  ] 2018-06-13T13:09:41.634239891Z: [    3.848115] pci_hotplug: PCI Hot Plug PCI Core version: 0.5
[STDERR  ] 2018-06-13T13:09:41.634257443Z: [    3.848661] pciehp: PCI Express Hot Plug Controller Driver version: 0.4
[STDERR  ] 2018-06-13T13:09:41.634276988Z: [    3.849357] shpchp: Standard Hot Plug PCI Controller Driver version: 0.4
[STDERR  ] 2018-06-13T13:09:41.634291466Z: [    3.850374] hv_vmbus: registering driver hyperv_fb
[STDERR  ] 2018-06-13T13:09:41.634303943Z: [    3.854457] input: Power Button as /devices/LNXSYSTM:00/LNXPWRBN:00/input/input0
[STDERR  ] 2018-06-13T13:09:41.634318945Z: [    3.855481] ACPI: Power Button [PWRF]
[STDERR  ] 2018-06-13T13:09:41.634333448Z: [    3.859511] GHES: HEST is not enabled!
[STDERR  ] 2018-06-13T13:09:41.634348180Z: [    3.865788] ACPI: PCI Interrupt Link [GSIG] enabled at IRQ 22
[STDERR  ] 2018-06-13T13:09:41.634360685Z: [    3.874972] ACPI: PCI Interrupt Link [GSIH] enabled at IRQ 23
[STDERR  ] 2018-06-13T13:09:41.634375371Z: [    3.879341] xenfs: not registering filesystem on non-xen platform
[STDERR  ] 2018-06-13T13:09:41.634387692Z: [    3.882406] Serial: 8250/16550 driver, 4 ports, IRQ sharing disabled
[STDERR  ] 2018-06-13T13:09:41.634402621Z: [    3.905939] 00:04: ttyS0 at I/O 0x3f8 (irq = 4, base_baud = 115200) is a 16550A
[STDERR  ] 2018-06-13T13:09:41.634417184Z: [    3.915893] Non-volatile memory driver v1.3
[STDERR  ] 2018-06-13T13:09:41.634431732Z: [    3.923136] Hangcheck: starting hangcheck timer 0.9.1 (tick is 180 seconds, margin is 60 seconds).
[STDERR  ] 2018-06-13T13:09:41.634446503Z: [    3.928096] random: nonblocking pool is initialized
[STDERR  ] 2018-06-13T13:09:41.634458989Z: [    3.953645] loop: module loaded
[STDERR  ] 2018-06-13T13:09:41.634473912Z: [    3.963764] nbd: registered device at major 43
[STDERR  ] 2018-06-13T13:09:41.634491758Z: [    3.991322] lpc_ich 0000:00:1f.0: I/O space for GPIO uninitialized
[STDERR  ] 2018-06-13T13:09:41.634506570Z: [    3.993049] VMware PVSCSI driver - version 1.0.5.0-k
[STDERR  ] 2018-06-13T13:09:41.634518311Z: [    3.993801] hv_vmbus: registering driver hv_storvsc
[STDERR  ] 2018-06-13T13:09:41.634530270Z: [    3.999775] ACPI: PCI Interrupt Link [GSIA] enabled at IRQ 16
[STDERR  ] 2018-06-13T13:09:41.634542303Z: [    4.005437] ahci 0000:00:1f.2: AHCI 0001.0000 32 slots 6 ports 1.5 Gbps 0x3f impl SATA mode
[STDERR  ] 2018-06-13T13:09:41.634557207Z: [    4.006075] ahci 0000:00:1f.2: flags: 64bit ncq only 
[STDERR  ] 2018-06-13T13:09:41.634569535Z: [    4.024448] scsi host0: ahci
[STDERR  ] 2018-06-13T13:09:41.634581921Z: [    4.027509] scsi host1: ahci
[STDERR  ] 2018-06-13T13:09:41.634596822Z: [    4.029596] scsi host2: ahci
[STDERR  ] 2018-06-13T13:09:41.634608810Z: [    4.031385] scsi host3: ahci
[STDERR  ] 2018-06-13T13:09:41.634620495Z: [    4.032990] scsi host4: ahci
[STDERR  ] 2018-06-13T13:09:41.634632221Z: [    4.034527] scsi host5: ahci
[STDERR  ] 2018-06-13T13:09:41.634644376Z: [    4.035948] ata1: SATA max UDMA/133 abar m4096@0xfebd2000 port 0xfebd2100 irq 24
[STDERR  ] 2018-06-13T13:09:41.634659944Z: [    4.036390] ata2: SATA max UDMA/133 abar m4096@0xfebd2000 port 0xfebd2180 irq 24
[STDERR  ] 2018-06-13T13:09:41.634674373Z: [    4.036718] ata3: SATA max UDMA/133 abar m4096@0xfebd2000 port 0xfebd2200 irq 24
[STDERR  ] 2018-06-13T13:09:41.634686381Z: [    4.037024] ata4: SATA max UDMA/133 abar m4096@0xfebd2000 port 0xfebd2280 irq 24
[STDERR  ] 2018-06-13T13:09:41.634700665Z: [    4.037362] ata5: SATA max UDMA/133 abar m4096@0xfebd2000 port 0xfebd2300 irq 24
[STDERR  ] 2018-06-13T13:09:41.634712319Z: [    4.037692] ata6: SATA max UDMA/133 abar m4096@0xfebd2000 port 0xfebd2380 irq 24
[STDERR  ] 2018-06-13T13:09:41.634724603Z: [    4.048842] tun: Universal TUN/TAP device driver, 1.6
[STDERR  ] 2018-06-13T13:09:41.634739980Z: [    4.049140] tun: (C) 1999-2004 Max Krasnyansky <maxk@qualcomm.com>
[STDERR  ] 2018-06-13T13:09:41.634759409Z: [    4.058966] VMware vmxnet3 virtual NIC driver - version 1.4.5.0-k-NAPI
[STDERR  ] 2018-06-13T13:09:41.634774158Z: [    4.059799] hv_vmbus: registering driver hv_netvsc
[STDERR  ] 2018-06-13T13:09:41.634786069Z: [    4.060594] Fusion MPT base driver 3.04.20
[STDERR  ] 2018-06-13T13:09:41.634798561Z: [    4.060816] Copyright (c) 1999-2008 LSI Corporation
[STDERR  ] 2018-06-13T13:09:41.634817596Z: [    4.061382] Fusion MPT SPI Host driver 3.04.20
[STDERR  ] 2018-06-13T13:09:41.634833133Z: [    4.062502] usbcore: registered new interface driver usb-storage
[STDERR  ] 2018-06-13T13:09:41.634847660Z: [    4.063830] i8042: PNP: PS/2 Controller [PNP0303:KBD,PNP0f13:MOU] at 0x60,0x64 irq 1,12
[STDERR  ] 2018-06-13T13:09:41.634862200Z: [    4.067478] serio: i8042 KBD port at 0x60,0x64 irq 1
[STDERR  ] 2018-06-13T13:09:41.634874128Z: [    4.068166] serio: i8042 AUX port at 0x60,0x64 irq 12
[STDERR  ] 2018-06-13T13:09:41.634888341Z: [    4.071024] hv_vmbus: registering driver hyperv_keyboard
[STDERR  ] 2018-06-13T13:09:41.634902416Z: [    4.072763] mousedev: PS/2 mouse device common for all mice
[STDERR  ] 2018-06-13T13:09:41.634914377Z: [    4.076823] input: AT Translated Set 2 keyboard as /devices/platform/i8042/serio0/input/input1
[STDERR  ] 2018-06-13T13:09:41.634926946Z: [    4.079095] input: PC Speaker as /devices/platform/pcspkr/input/input2
[STDERR  ] 2018-06-13T13:09:41.634941622Z: [    4.082479] rtc_cmos 00:00: RTC can wake from S4
[STDERR  ] 2018-06-13T13:09:41.634953620Z: [    4.085303] rtc_cmos 00:00: rtc core: registered rtc_cmos as rtc0
[STDERR  ] 2018-06-13T13:09:41.634965927Z: [    4.086281] rtc_cmos 00:00: alarms up to one day, y3k, 114 bytes nvram, hpet irqs
[STDERR  ] 2018-06-13T13:09:41.634980703Z: [    4.086869] i2c /dev entries driver
[STDERR  ] 2018-06-13T13:09:41.634995133Z: [    4.088443] device-mapper: ioctl: 4.34.0-ioctl (2015-10-28) initialised: dm-devel@redhat.com
[STDERR  ] 2018-06-13T13:09:41.635013683Z: [    4.092717] usbcore: registered new interface driver usbhid
[STDERR  ] 2018-06-13T13:09:41.635032768Z: [    4.092994] usbhid: USB HID core driver
[STDERR  ] 2018-06-13T13:09:41.635046774Z: [    4.093621] hv_utils: Registering HyperV Utility Driver
[STDERR  ] 2018-06-13T13:09:41.635058522Z: [    4.093848] hv_vmbus: registering driver hv_util
[STDERR  ] 2018-06-13T13:09:41.635070126Z: [    4.094093] hv_vmbus: registering driver hv_balloon
[STDERR  ] 2018-06-13T13:09:41.635082252Z: [    4.094510] oprofile: using NMI interrupt.
[STDERR  ] 2018-06-13T13:09:41.635094436Z: [    4.095459] GACT probability on
[STDERR  ] 2018-06-13T13:09:41.635106841Z: [    4.095811] Mirror/redirect action on
[STDERR  ] 2018-06-13T13:09:41.635119144Z: [    4.096197] Simple TC action Loaded
[STDERR  ] 2018-06-13T13:09:41.635133668Z: [    4.096514] u32 classifier
[STDERR  ] 2018-06-13T13:09:41.635148127Z: [    4.096673]     Performance counters on
[STDERR  ] 2018-06-13T13:09:41.635159713Z: [    4.096845]     input device check on
[STDERR  ] 2018-06-13T13:09:41.635174875Z: [    4.097021]     Actions configured
[STDERR  ] 2018-06-13T13:09:41.635189198Z: [    4.097677] Netfilter messages via NETLINK v0.30.
[STDERR  ] 2018-06-13T13:09:41.635201498Z: [    4.098160] nfnl_acct: registering with nfnetlink.
[STDERR  ] 2018-06-13T13:09:41.635213533Z: [    4.099009] nf_conntrack version 0.5.0 (7922 buckets, 31688 max)
[STDERR  ] 2018-06-13T13:09:41.635225112Z: [    4.102605] ctnetlink v0.93: registering with nfnetlink.
[STDERR  ] 2018-06-13T13:09:41.635239091Z: [    4.105593] nf_tables: (c) 2007-2009 Patrick McHardy <kaber@trash.net>
[STDERR  ] 2018-06-13T13:09:41.635254244Z: [    4.106461] nf_tables_compat: (c) 2012 Pablo Neira Ayuso <pablo@netfilter.org>
[STDERR  ] 2018-06-13T13:09:41.635268868Z: [    4.109185] xt_time: kernel timezone is -0000
[STDERR  ] 2018-06-13T13:09:41.635289055Z: [    4.109739] ip_set: protocol 6
[STDERR  ] 2018-06-13T13:09:41.635301617Z: [    4.110765] IPVS: Registered protocols (TCP, UDP, SCTP, AH, ESP)
[STDERR  ] 2018-06-13T13:09:41.635313904Z: [    4.111377] IPVS: Connection hash table configured (size=4096, memory=64Kbytes)
[STDERR  ] 2018-06-13T13:09:41.635333090Z: [    4.113032] IPVS: Creating netns size=2096 id=0
[STDERR  ] 2018-06-13T13:09:41.635344746Z: [    4.115348] IPVS: ipvs loaded.
[STDERR  ] 2018-06-13T13:09:41.635356972Z: [    4.115740] IPVS: [rr] scheduler registered.
[STDERR  ] 2018-06-13T13:09:41.635372022Z: [    4.116006] IPVS: [wrr] scheduler registered.
[STDERR  ] 2018-06-13T13:09:41.635384570Z: [    4.116221] IPVS: [lc] scheduler registered.
[STDERR  ] 2018-06-13T13:09:41.635398944Z: [    4.116444] IPVS: [wlc] scheduler registered.
[STDERR  ] 2018-06-13T13:09:41.635413525Z: [    4.116643] IPVS: [fo] scheduler registered.
[STDERR  ] 2018-06-13T13:09:41.635425658Z: [    4.116866] IPVS: [ovf] scheduler registered.
[STDERR  ] 2018-06-13T13:09:41.635437419Z: [    4.117231] IPVS: [lblc] scheduler registered.
[STDERR  ] 2018-06-13T13:09:41.635449438Z: [    4.117574] IPVS: [lblcr] scheduler registered.
[STDERR  ] 2018-06-13T13:09:41.635461385Z: [    4.117819] IPVS: [dh] scheduler registered.
[STDERR  ] 2018-06-13T13:09:41.635476878Z: [    4.118056] IPVS: [sh] scheduler registered.
[STDERR  ] 2018-06-13T13:09:41.635493181Z: [    4.118275] IPVS: [sed] scheduler registered.
[STDERR  ] 2018-06-13T13:09:41.635507390Z: [    4.118488] IPVS: [nq] scheduler registered.
[STDERR  ] 2018-06-13T13:09:41.635522299Z: [    4.119177] IPVS: ftp: loaded support on port[0] = 21
[STDERR  ] 2018-06-13T13:09:41.635536217Z: [    4.119809] ipip: IPv4 over IPv4 tunneling driver
[STDERR  ] 2018-06-13T13:09:41.635548633Z: [    4.123381] gre: GRE over IPv4 demultiplexor driver
[STDERR  ] 2018-06-13T13:09:41.635562859Z: [    4.126406] ip_tables: (C) 2000-2006 Netfilter Core Team
[STDERR  ] 2018-06-13T13:09:41.635577363Z: [    4.129562] ipt_CLUSTERIP: ClusterIP Version 0.8 loaded successfully
[STDERR  ] 2018-06-13T13:09:41.635589900Z: [    4.130767] arp_tables: (C) 2002 David S. Miller
[STDERR  ] 2018-06-13T13:09:41.635601457Z: [    4.133194] NET: Registered protocol family 10
[STDERR  ] 2018-06-13T13:09:41.635619346Z: [    4.143272] ip6_tables: (C) 2000-2006 Netfilter Core Team
[STDERR  ] 2018-06-13T13:09:41.635632136Z: [    4.150821] NET: Registered protocol family 17
[STDERR  ] 2018-06-13T13:09:41.635646572Z: [    4.151848] bridge: automatic filtering via arp/ip/ip6tables has been deprecated. Update your scripts to load br_netfilter if you need this.
[STDERR  ] 2018-06-13T13:09:41.635659316Z: [    4.153019] Bridge firewalling registered
[STDERR  ] 2018-06-13T13:09:41.635671557Z: [    4.153587] Ebtables v2.0 registered
[STDERR  ] 2018-06-13T13:09:41.635683877Z: [    4.155850] 8021q: 802.1Q VLAN Support v1.8
[STDERR  ] 2018-06-13T13:09:41.635699659Z: [    4.157196] 9pnet: Installing 9P2000 support
[STDERR  ] 2018-06-13T13:09:41.635712329Z: [    4.158663] Key type dns_resolver registered
[STDERR  ] 2018-06-13T13:09:41.635726886Z: [    4.162170] registered taskstats version 1
[STDERR  ] 2018-06-13T13:09:41.635741639Z: [    4.303534] Key type encrypted registered
[STDERR  ] 2018-06-13T13:09:41.635755977Z: [    4.309217] rtc_cmos 00:00: setting system clock to 2018-06-13 13:09:30 UTC (1528895370)
[STDERR  ] 2018-06-13T13:09:41.635770970Z: [    4.391057] ata1: SATA link down (SStatus 0 SControl 300)
[STDERR  ] 2018-06-13T13:09:41.635782387Z: [    4.393715] ata2: SATA link down (SStatus 0 SControl 300)
[STDERR  ] 2018-06-13T13:09:41.635797021Z: [    4.394614] ata3: SATA link up 1.5 Gbps (SStatus 113 SControl 300)
[STDERR  ] 2018-06-13T13:09:41.635811505Z: [    4.399284] ata3.00: ATAPI: QEMU DVD-ROM, 2.5+, max UDMA/100
[STDERR  ] 2018-06-13T13:09:41.635826524Z: [    4.399705] ata3.00: applying bridge limits
[STDERR  ] 2018-06-13T13:09:41.635842901Z: [    4.401226] ata4: SATA link down (SStatus 0 SControl 300)
[STDERR  ] 2018-06-13T13:09:41.635859112Z: [    4.401639] ata5: SATA link down (SStatus 0 SControl 300)
[STDERR  ] 2018-06-13T13:09:41.635871134Z: [    4.402058] ata6: SATA link down (SStatus 0 SControl 300)
[STDERR  ] 2018-06-13T13:09:41.635883424Z: [    4.403001] ata3.00: configured for UDMA/100
[STDERR  ] 2018-06-13T13:09:41.635903392Z: [    4.414397] scsi 2:0:0:0: CD-ROM            QEMU     QEMU DVD-ROM     2.5+ PQ: 0 ANSI: 5
[STDERR  ] 2018-06-13T13:09:41.635916084Z: [    4.422700] sr 2:0:0:0: [sr0] scsi3-mmc drive: 4x/4x cd/rw xa/form2 tray
[STDERR  ] 2018-06-13T13:09:41.635927773Z: [    4.423292] cdrom: Uniform CD-ROM driver Revision: 3.20
[STDERR  ] 2018-06-13T13:09:41.635945328Z: [    4.428455] sr 2:0:0:0: Attached scsi generic sg0 type 5
[STDERR  ] 2018-06-13T13:09:41.635960081Z: [    4.543709] Freeing unused kernel memory: 1320K
[STDERR  ] 2018-06-13T13:09:41.635974661Z: [    4.543984] Write protecting the kernel read-only data: 12288k
[STDERR  ] 2018-06-13T13:09:41.635989209Z: [    4.550768] Freeing unused kernel memory: 524K
[STDERR  ] 2018-06-13T13:09:41.636001547Z: [    4.589632] Freeing unused kernel memory: 1380K
[STDERR  ] 2018-06-13T13:09:41.636015312Z: [    4.751144] tsc: Refined TSC clocksource calibration: 2599.905 MHz
[STDERR  ] 2018-06-13T13:09:41.636032572Z: [    4.751513] clocksource: tsc: mask: 0xffffffffffffffff max_cycles: 0x2579e25b580, max_idle_ns: 440795231167 ns
[STDERR  ] 2018-06-13T13:09:41.636047231Z: [    5.761204] clocksource: Switched to clocksource tsc
[STDERR  ] 2018-06-13T13:09:41.636061634Z: 
[STDERR  ] 2018-06-13T13:09:41.636076371Z: Welcome to LinuxKit
[STDERR  ] 2018-06-13T13:09:41.636090660Z: 
[STDERR  ] 2018-06-13T13:09:41.636105436Z:                         ##         .
[STDERR  ] 2018-06-13T13:09:41.636117976Z:                   ## ## ##        ==
[STDERR  ] 2018-06-13T13:09:41.636131048Z:                ## ## ## ## ##    ===
[STDERR  ] 2018-06-13T13:09:41.636145311Z:            /"""""""""""""""""\___/ ===
[STDERR  ] 2018-06-13T13:09:41.636160126Z:           {                       /  ===-
[STDERR  ] 2018-06-13T13:09:41.636174275Z:            \______ O           __/
[STDERR  ] 2018-06-13T13:09:41.636186842Z:              \    \         __/
[STDERR  ] 2018-06-13T13:09:41.636200879Z:               \____\_______/
[STDERR  ] 2018-06-13T13:09:41.636217620Z: 
[STDERR  ] 2018-06-13T13:09:41.636230913Z: [    9.994136] hello_world: loading out-of-tree module taints kernel.
[STDERR  ] 2018-06-13T13:09:41.636245604Z: [    9.996790] Hello LinuxKit
[STDERR  ] 2018-06-13T13:09:41.636260171Z: [   10.072838] Goodbye LinuxKit.
[STDERR  ] 2018-06-13T13:09:41.636277962Z: Linux linuxkit-7a9503574f03 4.4.136-linuxkit #1 SMP Tue Jun 12 17:46:36 UTC 2018 x86_64 Linux
[STDERR  ] 2018-06-13T13:09:41.636295440Z: filename:       hello_world.ko
[STDERR  ] 2018-06-13T13:09:41.636309540Z: author:         Rolf Neugebauer <rolf.neugebauer@docker.com>
[STDERR  ] 2018-06-13T13:09:41.636322051Z: description:    A simple Hello World kernel module for testing
[STDERR  ] 2018-06-13T13:09:41.636334350Z: license:        GPL
[STDERR  ] 2018-06-13T13:09:41.636348492Z: depends:        
[STDERR  ] 2018-06-13T13:09:41.636363134Z: vermagic:       4.4.136-linuxkit SMP mod_unload 
[STDERR  ] 2018-06-13T13:09:41.636377439Z: Kernel module test suite PASSED
[STDERR  ] 2018-06-13T13:09:41.636389752Z: [   14.231734] ACPI: Preparing to enter system sleep state S5
[STDERR  ] 2018-06-13T13:09:41.636404115Z: [   14.233240] reboot: Power down
[STDERR  ] 2018-06-13T13:09:41.636417526Z: + exit 0
[STDERR  ] 2018-06-13T13:09:41.636430495Z: + clean_up
[STDERR  ] 2018-06-13T13:09:41.636445760Z: + docker rmi kmod-test
[STDOUT  ] 2018-06-13T13:09:41.656575644Z: Untagged: kmod-test:latest
[STDOUT  ] 2018-06-13T13:09:41.656627581Z: Deleted: sha256:7b1e77c7dc12a6b5fe200664fb993dc9e733dbc22104113cbb13b1935c975a19
[STDOUT  ] 2018-06-13T13:09:41.656637680Z: Deleted: sha256:1111413ef5667c33d985b115118ddd2699d1546495111e64c4b28da7051fca23
[STDOUT  ] 2018-06-13T13:09:41.656646641Z: Deleted: sha256:ac58da8063079cb25948ce5d276e67c953e43b730c4290ca31575933c344f889
[STDOUT  ] 2018-06-13T13:09:41.656656691Z: Deleted: sha256:a336f91f1fffcadf386992a198ca2fa27412635de9783bf1b762d2c6de808cff
[STDOUT  ] 2018-06-13T13:09:41.656665350Z: Deleted: sha256:ee80d23197d03a102237606dd2afbbb183b5cdf79c2153e9549a3557375d3e88
[STDERR  ] 2018-06-13T13:09:41.657794062Z: + rm -rf kmod-cmdline kmod-initrd.img kmod-kernel kmod-state
[PASS    ] linuxkit.kernel.kmod_4.4.x 75.72s
