[INFO    ] 2018-01-04T17:40:56.907280628Z: Running Test linuxkit.packages.format_mount.multiple in /tmp/build/test/cases/040_packages/006_format_mount/010_multiple
[INFO    ] 2018-01-04T17:40:56.907391187Z: Running command: [/bin/sh -x /tmp/build/test/cases/040_packages/006_format_mount/010_multiple/test.sh]
[STDERR  ] 2018-01-04T17:40:56.949739369Z: + set -e
[STDERR  ] 2018-01-04T17:40:56.949862383Z: + . /tmp/build/test/cases/_lib/lib.sh
[STDERR  ] 2018-01-04T17:40:56.949948687Z: + [ -f src/github.com/linuxkit/rtf/lib/lib.sh ]
[STDERR  ] 2018-01-04T17:40:56.950005242Z: + LINUXKIT_TMPDIR=/tmp/build/test/cases/_tmp
[STDERR  ] 2018-01-04T17:40:56.950025941Z: + [ -f /tmp/build/test/cases/_tmp/env.sh ]
[STDERR  ] 2018-01-04T17:40:56.950036967Z: + . /tmp/build/test/cases/_tmp/env.sh
[STDERR  ] 2018-01-04T17:40:56.950046916Z: + export LINUXKIT_EXAMPLES_DIR=/tmp/build/test/cases/../../examples
[STDERR  ] 2018-01-04T17:40:56.950057781Z: + export LINUXKIT_BLUEPRINTS_DIR=/tmp/build/test/cases/../../blueprints
[STDERR  ] 2018-01-04T17:40:56.950068278Z: + RT_CANCEL=253
[STDERR  ] 2018-01-04T17:40:56.950077966Z: + NAME=test-format
[STDERR  ] 2018-01-04T17:40:56.950090147Z: + DISK1=disk1.img
[STDERR  ] 2018-01-04T17:40:56.950098727Z: + DISK2=disk2.img
[STDERR  ] 2018-01-04T17:40:56.950107153Z: + trap clean_up EXIT
[STDERR  ] 2018-01-04T17:40:56.950117254Z: + linuxkit build -format kernel+initrd -name test-format test.yml
[STDERR  ] 2018-01-04T17:40:57.015227986Z: Extract kernel image: linuxkit/kernel:4.9.74
[STDERR  ] 2018-01-04T17:40:58.289211775Z: time="2018-01-04T17:40:58Z" level=warning msg="certificate with CN Justin Cormack is near expiry"
[STDERR  ] 2018-01-04T17:40:58.289273835Z: time="2018-01-04T17:40:58Z" level=warning msg="certificate with CN  is near expiry"
[STDERR  ] 2018-01-04T17:40:58.289281591Z: time="2018-01-04T17:40:58Z" level=warning msg="certificate with CN  is near expiry"
[STDERR  ] 2018-01-04T17:40:58.329957013Z: time="2018-01-04T17:40:58Z" level=warning msg="certificate with CN Justin Cormack is near expiry"
[STDERR  ] 2018-01-04T17:40:58.738964868Z: Add init containers:
[STDERR  ] 2018-01-04T17:40:58.739015345Z: Process init image: linuxkit/init:5a577d070817b4f17821657823082651baafd4ed
[STDERR  ] 2018-01-04T17:40:59.775228467Z: time="2018-01-04T17:40:59Z" level=warning msg="certificate with CN  is near expiry"
[STDERR  ] 2018-01-04T17:40:59.775475539Z: time="2018-01-04T17:40:59Z" level=warning msg="certificate with CN Justin Cormack is near expiry"
[STDERR  ] 2018-01-04T17:40:59.775582326Z: time="2018-01-04T17:40:59Z" level=warning msg="certificate with CN  is near expiry"
[STDERR  ] 2018-01-04T17:40:59.779394487Z: time="2018-01-04T17:40:59Z" level=warning msg="certificate with CN Justin Cormack is near expiry"
[STDERR  ] 2018-01-04T17:40:59.780945956Z: time="2018-01-04T17:40:59Z" level=warning msg="certificate with CN  is near expiry"
[STDERR  ] 2018-01-04T17:40:59.95647219Z: Process init image: linuxkit/runc:abc3f292653e64a2fd488e9675ace19a55ec7023
[STDERR  ] 2018-01-04T17:41:00.992442006Z: time="2018-01-04T17:41:00Z" level=warning msg="certificate with CN Justin Cormack is near expiry"
[STDERR  ] 2018-01-04T17:41:00.992544311Z: time="2018-01-04T17:41:00Z" level=warning msg="certificate with CN  is near expiry"
[STDERR  ] 2018-01-04T17:41:00.992603385Z: time="2018-01-04T17:41:00Z" level=warning msg="certificate with CN  is near expiry"
[STDERR  ] 2018-01-04T17:41:00.994668627Z: time="2018-01-04T17:41:00Z" level=warning msg="certificate with CN Justin Cormack is near expiry"
[STDERR  ] 2018-01-04T17:41:00.995968627Z: time="2018-01-04T17:41:00Z" level=warning msg="certificate with CN  is near expiry"
[STDERR  ] 2018-01-04T17:41:01.156188653Z: Add onboot containers:
[STDERR  ] 2018-01-04T17:41:01.156252499Z:   Create OCI config for linuxkit/format:e945016ec780a788a71dcddc81497d54d3b14bc7
[STDERR  ] 2018-01-04T17:41:02.206229731Z: time="2018-01-04T17:41:02Z" level=warning msg="certificate with CN Justin Cormack is near expiry"
[STDERR  ] 2018-01-04T17:41:02.20634179Z: time="2018-01-04T17:41:02Z" level=warning msg="certificate with CN Rolf Neugebauer is near expiry"
[STDERR  ] 2018-01-04T17:41:02.206389605Z: time="2018-01-04T17:41:02Z" level=warning msg="certificate with CN  is near expiry"
[STDERR  ] 2018-01-04T17:41:02.206492908Z: time="2018-01-04T17:41:02Z" level=warning msg="certificate with CN  is near expiry"
[STDERR  ] 2018-01-04T17:41:02.20792602Z: time="2018-01-04T17:41:02Z" level=warning msg="certificate with CN Justin Cormack is near expiry"
[STDERR  ] 2018-01-04T17:41:02.208951144Z: time="2018-01-04T17:41:02Z" level=warning msg="certificate with CN Rolf Neugebauer is near expiry"
[STDERR  ] 2018-01-04T17:41:02.209833346Z: time="2018-01-04T17:41:02Z" level=warning msg="certificate with CN  is near expiry"
[STDERR  ] 2018-01-04T17:41:02.562245889Z:   Create OCI config for linuxkit/format:e945016ec780a788a71dcddc81497d54d3b14bc7
[STDERR  ] 2018-01-04T17:41:03.624898691Z: time="2018-01-04T17:41:03Z" level=warning msg="certificate with CN Rolf Neugebauer is near expiry"
[STDERR  ] 2018-01-04T17:41:03.624973739Z: time="2018-01-04T17:41:03Z" level=warning msg="certificate with CN  is near expiry"
[STDERR  ] 2018-01-04T17:41:03.625247699Z: time="2018-01-04T17:41:03Z" level=warning msg="certificate with CN  is near expiry"
[STDERR  ] 2018-01-04T17:41:03.625605797Z: time="2018-01-04T17:41:03Z" level=warning msg="certificate with CN Justin Cormack is near expiry"
[STDERR  ] 2018-01-04T17:41:03.628669493Z: time="2018-01-04T17:41:03Z" level=warning msg="certificate with CN Justin Cormack is near expiry"
[STDERR  ] 2018-01-04T17:41:03.630415239Z: time="2018-01-04T17:41:03Z" level=warning msg="certificate with CN Rolf Neugebauer is near expiry"
[STDERR  ] 2018-01-04T17:41:03.631520562Z: time="2018-01-04T17:41:03Z" level=warning msg="certificate with CN  is near expiry"
[STDERR  ] 2018-01-04T17:41:04.022289448Z:   Create OCI config for linuxkit/mount:b346ec277b7074e5c9986128a879c10a1d18742b
[STDERR  ] 2018-01-04T17:41:05.090431496Z: time="2018-01-04T17:41:05Z" level=warning msg="certificate with CN Rolf Neugebauer is near expiry"
[STDERR  ] 2018-01-04T17:41:05.090499285Z: time="2018-01-04T17:41:05Z" level=warning msg="certificate with CN  is near expiry"
[STDERR  ] 2018-01-04T17:41:05.090562751Z: time="2018-01-04T17:41:05Z" level=warning msg="certificate with CN  is near expiry"
[STDERR  ] 2018-01-04T17:41:05.090880624Z: time="2018-01-04T17:41:05Z" level=warning msg="certificate with CN Justin Cormack is near expiry"
[STDERR  ] 2018-01-04T17:41:05.092309159Z: time="2018-01-04T17:41:05Z" level=warning msg="certificate with CN Justin Cormack is near expiry"
[STDERR  ] 2018-01-04T17:41:05.09345119Z: time="2018-01-04T17:41:05Z" level=warning msg="certificate with CN Rolf Neugebauer is near expiry"
[STDERR  ] 2018-01-04T17:41:05.094115997Z: time="2018-01-04T17:41:05Z" level=warning msg="certificate with CN  is near expiry"
[STDERR  ] 2018-01-04T17:41:05.423241012Z:   Create OCI config for linuxkit/mount:b346ec277b7074e5c9986128a879c10a1d18742b
[STDERR  ] 2018-01-04T17:41:06.557063657Z: time="2018-01-04T17:41:06Z" level=warning msg="certificate with CN  is near expiry"
[STDERR  ] 2018-01-04T17:41:06.557123714Z: time="2018-01-04T17:41:06Z" level=warning msg="certificate with CN  is near expiry"
[STDERR  ] 2018-01-04T17:41:06.557304317Z: time="2018-01-04T17:41:06Z" level=warning msg="certificate with CN Justin Cormack is near expiry"
[STDERR  ] 2018-01-04T17:41:06.557467367Z: time="2018-01-04T17:41:06Z" level=warning msg="certificate with CN Rolf Neugebauer is near expiry"
[STDERR  ] 2018-01-04T17:41:06.559130953Z: time="2018-01-04T17:41:06Z" level=warning msg="certificate with CN Justin Cormack is near expiry"
[STDERR  ] 2018-01-04T17:41:06.560868508Z: time="2018-01-04T17:41:06Z" level=warning msg="certificate with CN Rolf Neugebauer is near expiry"
[STDERR  ] 2018-01-04T17:41:06.56260738Z: time="2018-01-04T17:41:06Z" level=warning msg="certificate with CN  is near expiry"
[STDERR  ] 2018-01-04T17:41:06.913888694Z:   Create OCI config for alpine:3.7
[STDERR  ] 2018-01-04T17:41:08.157642832Z:   Create OCI config for linuxkit/poweroff:bccfe1cb04fc7bb9f03613d2314f38abd2620f29
[STDERR  ] 2018-01-04T17:41:09.262202218Z: time="2018-01-04T17:41:09Z" level=warning msg="certificate with CN Justin Cormack is near expiry"
[STDERR  ] 2018-01-04T17:41:09.262322313Z: time="2018-01-04T17:41:09Z" level=warning msg="certificate with CN Rolf Neugebauer is near expiry"
[STDERR  ] 2018-01-04T17:41:09.262349467Z: time="2018-01-04T17:41:09Z" level=warning msg="certificate with CN  is near expiry"
[STDERR  ] 2018-01-04T17:41:09.262399877Z: time="2018-01-04T17:41:09Z" level=warning msg="certificate with CN  is near expiry"
[STDERR  ] 2018-01-04T17:41:09.263977437Z: time="2018-01-04T17:41:09Z" level=warning msg="certificate with CN Rolf Neugebauer is near expiry"
[STDERR  ] 2018-01-04T17:41:09.264686632Z: time="2018-01-04T17:41:09Z" level=warning msg="certificate with CN  is near expiry"
[STDERR  ] 2018-01-04T17:41:09.443923385Z: Add files:
[STDERR  ] 2018-01-04T17:41:09.444005729Z:   check.sh
[STDERR  ] 2018-01-04T17:41:09.459158696Z: Create outputs:
[STDERR  ] 2018-01-04T17:41:16.150195207Z:   test-format-kernel test-format-initrd.img test-format-cmdline
[STDERR  ] 2018-01-04T17:41:16.220742783Z: + linuxkit run -disk file=disk1.img,size=512M -disk file=disk2.img,size=512M test-format
[STDERR  ] 2018-01-04T17:41:16.243995236Z: Unable to find qemu-system-x86_64 within the $PATH. Using a container
[STDERR  ] 2018-01-04T17:42:05.890081118Z: + RESULT=[    0.000000] Linux version 4.9.74-linuxkit (root@133b92461d02) (gcc version 6.4.0 (Alpine 6.4.0) ) #1 SMP Wed Jan 3 11:41:29 UTC 2018
[STDERR  ] 2018-01-04T17:42:05.890139106Z: [    0.000000] Command line: console=ttyS0 console=ttyAMA0
[STDERR  ] 2018-01-04T17:42:05.890151447Z: [    0.000000] x86/fpu: Legacy x87 FPU detected.
[STDERR  ] 2018-01-04T17:42:05.890161629Z: [    0.000000] x86/fpu: Using 'eager' FPU context switches.
[STDERR  ] 2018-01-04T17:42:05.890172463Z: [    0.000000] e820: BIOS-provided physical RAM map:
[STDERR  ] 2018-01-04T17:42:05.890182376Z: [    0.000000] BIOS-e820: [mem 0x0000000000000000-0x000000000009fbff] usable
[STDERR  ] 2018-01-04T17:42:05.890192956Z: [    0.000000] BIOS-e820: [mem 0x000000000009fc00-0x000000000009ffff] reserved
[STDERR  ] 2018-01-04T17:42:05.890202518Z: [    0.000000] BIOS-e820: [mem 0x00000000000f0000-0x00000000000fffff] reserved
[STDERR  ] 2018-01-04T17:42:05.890212409Z: [    0.000000] BIOS-e820: [mem 0x0000000000100000-0x000000003ffddfff] usable
[STDERR  ] 2018-01-04T17:42:05.890221674Z: [    0.000000] BIOS-e820: [mem 0x000000003ffde000-0x000000003fffffff] reserved
[STDERR  ] 2018-01-04T17:42:05.890231282Z: [    0.000000] BIOS-e820: [mem 0x00000000b0000000-0x00000000bfffffff] reserved
[STDERR  ] 2018-01-04T17:42:05.890249125Z: [    0.000000] BIOS-e820: [mem 0x00000000fed1c000-0x00000000fed1ffff] reserved
[STDERR  ] 2018-01-04T17:42:05.890258214Z: [    0.000000] BIOS-e820: [mem 0x00000000fffc0000-0x00000000ffffffff] reserved
[STDERR  ] 2018-01-04T17:42:05.890267268Z: [    0.000000] NX (Execute Disable) protection: active
[STDERR  ] 2018-01-04T17:42:05.890276885Z: [    0.000000] SMBIOS 2.8 present.
[STDERR  ] 2018-01-04T17:42:05.890286459Z: [    0.000000] e820: last_pfn = 0x3ffde max_arch_pfn = 0x400000000
[STDERR  ] 2018-01-04T17:42:05.89029598Z: [    0.000000] x86/PAT: Configuration [0-7]: WB  WC  UC- UC  WB  WC  UC- WT  
[STDERR  ] 2018-01-04T17:42:05.89030512Z: [    0.000000] found SMP MP-table at [mem 0x000f6aa0-0x000f6aaf] mapped at [ffff9c17000f6aa0]
[STDERR  ] 2018-01-04T17:42:05.890314293Z: [    0.000000] RAMDISK: [mem 0x3d7fa000-0x3ffcffff]
[STDERR  ] 2018-01-04T17:42:05.890323449Z: [    0.000000] ACPI: Early table checksum verification disabled
[STDERR  ] 2018-01-04T17:42:05.890335891Z: [    0.000000] ACPI: RSDP 0x00000000000F68B0 000014 (v00 BOCHS )
[STDERR  ] 2018-01-04T17:42:05.890344974Z: [    0.000000] ACPI: RSDT 0x000000003FFE20A8 000034 (v01 BOCHS  BXPCRSDT 00000001 BXPC 00000001)
[STDERR  ] 2018-01-04T17:42:05.890354Z: [    0.000000] ACPI: FACP 0x000000003FFE1EC8 0000F4 (v03 BOCHS  BXPCFACP 00000001 BXPC 00000001)
[STDERR  ] 2018-01-04T17:42:05.89037564Z: [    0.000000] ACPI: DSDT 0x000000003FFE0040 001E88 (v01 BOCHS  BXPCDSDT 00000001 BXPC 00000001)
[STDERR  ] 2018-01-04T17:42:05.890388986Z: [    0.000000] ACPI: FACS 0x000000003FFE0000 000040
[STDERR  ] 2018-01-04T17:42:05.890397875Z: [    0.000000] ACPI: APIC 0x000000003FFE1FBC 000078 (v01 BOCHS  BXPCAPIC 00000001 BXPC 00000001)
[STDERR  ] 2018-01-04T17:42:05.890406593Z: [    0.000000] ACPI: HPET 0x000000003FFE2034 000038 (v01 BOCHS  BXPCHPET 00000001 BXPC 00000001)
[STDERR  ] 2018-01-04T17:42:05.890415556Z: [    0.000000] ACPI: MCFG 0x000000003FFE206C 00003C (v01 BOCHS  BXPCMCFG 00000001 BXPC 00000001)
[STDERR  ] 2018-01-04T17:42:05.890427061Z: [    0.000000] Zone ranges:
[STDERR  ] 2018-01-04T17:42:05.890436195Z: [    0.000000]   DMA      [mem 0x0000000000001000-0x0000000000ffffff]
[STDERR  ] 2018-01-04T17:42:05.890445083Z: [    0.000000]   DMA32    [mem 0x0000000001000000-0x000000003ffddfff]
[STDERR  ] 2018-01-04T17:42:05.890454087Z: [    0.000000]   Normal   empty
[STDERR  ] 2018-01-04T17:42:05.89046822Z: [    0.000000] Movable zone start for each node
[STDERR  ] 2018-01-04T17:42:05.890481536Z: [    0.000000] Early memory node ranges
[STDERR  ] 2018-01-04T17:42:05.890490854Z: [    0.000000]   node   0: [mem 0x0000000000001000-0x000000000009efff]
[STDERR  ] 2018-01-04T17:42:05.890499365Z: [    0.000000]   node   0: [mem 0x0000000000100000-0x000000003ffddfff]
[STDERR  ] 2018-01-04T17:42:05.890507853Z: [    0.000000] Initmem setup node 0 [mem 0x0000000000001000-0x000000003ffddfff]
[STDERR  ] 2018-01-04T17:42:05.890516417Z: [    0.000000] ACPI: PM-Timer IO Port: 0x608
[STDERR  ] 2018-01-04T17:42:05.890527544Z: [    0.000000] ACPI: LAPIC_NMI (acpi_id[0xff] dfl dfl lint[0x1])
[STDERR  ] 2018-01-04T17:42:05.890536061Z: [    0.000000] IOAPIC[0]: apic_id 0, version 32, address 0xfec00000, GSI 0-23
[STDERR  ] 2018-01-04T17:42:05.89054469Z: [    0.000000] ACPI: INT_SRC_OVR (bus 0 bus_irq 0 global_irq 2 dfl dfl)
[STDERR  ] 2018-01-04T17:42:05.890553202Z: [    0.000000] ACPI: INT_SRC_OVR (bus 0 bus_irq 5 global_irq 5 high level)
[STDERR  ] 2018-01-04T17:42:05.890561731Z: [    0.000000] ACPI: INT_SRC_OVR (bus 0 bus_irq 9 global_irq 9 high level)
[STDERR  ] 2018-01-04T17:42:05.890570231Z: [    0.000000] ACPI: INT_SRC_OVR (bus 0 bus_irq 10 global_irq 10 high level)
[STDERR  ] 2018-01-04T17:42:05.890578771Z: [    0.000000] ACPI: INT_SRC_OVR (bus 0 bus_irq 11 global_irq 11 high level)
[STDERR  ] 2018-01-04T17:42:05.890587417Z: [    0.000000] Using ACPI (MADT) for SMP configuration information
[STDERR  ] 2018-01-04T17:42:05.890595964Z: [    0.000000] ACPI: HPET id: 0x8086a201 base: 0xfed00000
[STDERR  ] 2018-01-04T17:42:05.890604694Z: [    0.000000] smpboot: Allowing 1 CPUs, 0 hotplug CPUs
[STDERR  ] 2018-01-04T17:42:05.890616222Z: [    0.000000] e820: [mem 0x40000000-0xafffffff] available for PCI devices
[STDERR  ] 2018-01-04T17:42:05.890624716Z: [    0.000000] Booting paravirtualized kernel on bare hardware
[STDERR  ] 2018-01-04T17:42:05.890640833Z: [    0.000000] clocksource: refined-jiffies: mask: 0xffffffff max_cycles: 0xffffffff, max_idle_ns: 19112604462750000 ns
[STDERR  ] 2018-01-04T17:42:05.890650341Z: [    0.000000] setup_percpu: NR_CPUS:128 nr_cpumask_bits:128 nr_cpu_ids:1 nr_node_ids:1
[STDERR  ] 2018-01-04T17:42:05.890658665Z: [    0.000000] percpu: Embedded 35 pages/cpu @ffff9c173d400000 s105048 r8192 d30120 u2097152
[STDERR  ] 2018-01-04T17:42:05.890667038Z: [    0.000000] Built 1 zonelists in Zone order, mobility grouping on.  Total pages: 257895
[STDERR  ] 2018-01-04T17:42:05.890675346Z: [    0.000000] Kernel command line: console=ttyS0 console=ttyAMA0
[STDERR  ] 2018-01-04T17:42:05.890683613Z: [    0.000000] PID hash table entries: 4096 (order: 3, 32768 bytes)
[STDERR  ] 2018-01-04T17:42:05.890692109Z: [    0.000000] Dentry cache hash table entries: 131072 (order: 8, 1048576 bytes)
[STDERR  ] 2018-01-04T17:42:05.890702264Z: [    0.000000] Inode-cache hash table entries: 65536 (order: 7, 524288 bytes)
[STDERR  ] 2018-01-04T17:42:05.890715862Z: [    0.000000] Memory: 973380K/1048048K available (8049K kernel code, 1367K rwdata, 2700K rodata, 1380K init, 564K bss, 74668K reserved, 0K cma-reserved)
[STDERR  ] 2018-01-04T17:42:05.890729278Z: [    0.000000] Hierarchical RCU implementation.
[STDERR  ] 2018-01-04T17:42:05.890738005Z: [    0.000000] 	Build-time adjustment of leaf fanout to 64.
[STDERR  ] 2018-01-04T17:42:05.890746422Z: [    0.000000] 	RCU restricting CPUs from NR_CPUS=128 to nr_cpu_ids=1.
[STDERR  ] 2018-01-04T17:42:05.890754804Z: [    0.000000] RCU: Adjusting geometry for rcu_fanout_leaf=64, nr_cpu_ids=1
[STDERR  ] 2018-01-04T17:42:05.890763287Z: [    0.000000] NR_IRQS:8448 nr_irqs:256 16
[STDERR  ] 2018-01-04T17:42:05.890771741Z: [    0.000000] Console: colour VGA+ 80x25
[STDERR  ] 2018-01-04T17:42:05.890780204Z: [    0.000000] console [ttyS0] enabled
[STDERR  ] 2018-01-04T17:42:05.890788887Z: [    0.000000] clocksource: hpet: mask: 0xffffffff max_cycles: 0xffffffff, max_idle_ns: 19112604467 ns
[STDERR  ] 2018-01-04T17:42:05.890798056Z: [    0.000000] tsc: Fast TSC calibration using PIT
[STDERR  ] 2018-01-04T17:42:05.890812716Z: [    0.000000] tsc: Detected 2599.754 MHz processor
[STDERR  ] 2018-01-04T17:42:05.890821408Z: [    0.021660] Calibrating delay loop (skipped), value calculated using timer frequency.. 5199.50 BogoMIPS (lpj=25997540)
[STDERR  ] 2018-01-04T17:42:05.890830778Z: [    0.022487] pid_max: default: 32768 minimum: 301
[STDERR  ] 2018-01-04T17:42:05.890839363Z: [    0.023380] ACPI: Core revision 20160831
[STDERR  ] 2018-01-04T17:42:05.890848098Z: [    0.047023] ACPI: 1 ACPI AML tables successfully acquired and loaded
[STDERR  ] 2018-01-04T17:42:05.89085668Z: [    0.051270] Security Framework initialized
[STDERR  ] 2018-01-04T17:42:05.890865379Z: [    0.051683] Yama: becoming mindful.
[STDERR  ] 2018-01-04T17:42:05.890873866Z: [    0.053623] Mount-cache hash table entries: 2048 (order: 2, 16384 bytes)
[STDERR  ] 2018-01-04T17:42:05.890882548Z: [    0.054106] Mountpoint-cache hash table entries: 2048 (order: 2, 16384 bytes)
[STDERR  ] 2018-01-04T17:42:05.890891308Z: [    0.072173] Last level iTLB entries: 4KB 0, 2MB 0, 4MB 0
[STDERR  ] 2018-01-04T17:42:05.890900021Z: [    0.072614] Last level dTLB entries: 4KB 0, 2MB 0, 4MB 0, 1GB 0
[STDERR  ] 2018-01-04T17:42:05.890908687Z: [    0.380979] Freeing SMP alternatives memory: 20K
[STDERR  ] 2018-01-04T17:42:05.890917964Z: [    0.389315] ftrace: allocating 35540 entries in 139 pages
[STDERR  ] 2018-01-04T17:42:05.890927185Z: [    0.454935] smpboot: Max logical packages: 1
[STDERR  ] 2018-01-04T17:42:05.890935935Z: [    0.462234] ..TIMER: vector=0x30 apic1=0 pin1=2 apic2=-1 pin2=-1
[STDERR  ] 2018-01-04T17:42:05.890944338Z: [    0.570000] smpboot: CPU0: AMD QEMU Virtual CPU version 2.5+ (family: 0x6, model: 0x6, stepping: 0x3)
[STDERR  ] 2018-01-04T17:42:05.890952639Z: [    0.570000] Performance Events: PMU not available due to virtualization, using software events only.
[STDERR  ] 2018-01-04T17:42:05.890961418Z: [    0.576873] NMI watchdog: disabled (cpu0): hardware events not enabled
[STDERR  ] 2018-01-04T17:42:05.890969735Z: [    0.577309] NMI watchdog: Shutting down hard lockup detector on all cpus
[STDERR  ] 2018-01-04T17:42:05.890977815Z: [    0.580325] x86: Booted up 1 node, 1 CPUs
[STDERR  ] 2018-01-04T17:42:05.890986508Z: [    0.580701] smpboot: Total of 1 processors activated (5199.50 BogoMIPS)
[STDERR  ] 2018-01-04T17:42:05.890996588Z: [    0.595324] devtmpfs: initialized
[STDERR  ] 2018-01-04T17:42:05.891005153Z: [    0.600972] x86/mm: Memory block size: 128MB
[STDERR  ] 2018-01-04T17:42:05.89101541Z: [    0.626471] clocksource: jiffies: mask: 0xffffffff max_cycles: 0xffffffff, max_idle_ns: 19112604462750000 ns
[STDERR  ] 2018-01-04T17:42:05.891024071Z: [    0.627116] futex hash table entries: 256 (order: 2, 16384 bytes)
[STDERR  ] 2018-01-04T17:42:05.891031813Z: [    0.636263] NET: Registered protocol family 16
[STDERR  ] 2018-01-04T17:42:05.891040021Z: [    0.644957] cpuidle: using governor ladder
[STDERR  ] 2018-01-04T17:42:05.891053765Z: [    0.645246] cpuidle: using governor menu
[STDERR  ] 2018-01-04T17:42:05.891062404Z: [    0.646231] ACPI: bus type PCI registered
[STDERR  ] 2018-01-04T17:42:05.891076298Z: [    0.649217] PCI: MMCONFIG for domain 0000 [bus 00-ff] at [mem 0xb0000000-0xbfffffff] (base 0xb0000000)
[STDERR  ] 2018-01-04T17:42:05.891085637Z: [    0.649662] PCI: MMCONFIG at [mem 0xb0000000-0xbfffffff] reserved in E820
[STDERR  ] 2018-01-04T17:42:05.891095347Z: [    0.650489] PCI: Using configuration type 1 for base access
[STDERR  ] 2018-01-04T17:42:05.891104397Z: [    0.687352] HugeTLB registered 2 MB page size, pre-allocated 0 pages
[STDERR  ] 2018-01-04T17:42:05.891112953Z: [    0.697682] ACPI: Added _OSI(Module Device)
[STDERR  ] 2018-01-04T17:42:05.891120748Z: [    0.697957] ACPI: Added _OSI(Processor Device)
[STDERR  ] 2018-01-04T17:42:05.891129456Z: [    0.698247] ACPI: Added _OSI(3.0 _SCP Extensions)
[STDERR  ] 2018-01-04T17:42:05.891142944Z: [    0.698452] ACPI: Added _OSI(Processor Aggregator Device)
[STDERR  ] 2018-01-04T17:42:05.891152038Z: [    0.745788] ACPI: Interpreter enabled
[STDERR  ] 2018-01-04T17:42:05.891162045Z: [    0.746616] ACPI: (supports S0 S5)
[STDERR  ] 2018-01-04T17:42:05.891171355Z: [    0.746888] ACPI: Using IOAPIC for interrupt routing
[STDERR  ] 2018-01-04T17:42:05.89118308Z: [    0.749149] PCI: Using host bridge windows from ACPI; if necessary, use "pci=nocrs" and report a bug
[STDERR  ] 2018-01-04T17:42:05.891194907Z: [    0.790450] ACPI: PCI Root Bridge [PCI0] (domain 0000 [bus 00-ff])
[STDERR  ] 2018-01-04T17:42:05.891203245Z: [    0.791441] acpi PNP0A08:00: _OSC: OS supports [ExtendedConfig ASPM ClockPM Segments MSI]
[STDERR  ] 2018-01-04T17:42:05.891211421Z: [    0.796428] acpi PNP0A08:00: _OSC: OS now controls [PCIeHotplug PME PCIeCapability]
[STDERR  ] 2018-01-04T17:42:05.891222063Z: [    0.799726] PCI host bridge to bus 0000:00
[STDERR  ] 2018-01-04T17:42:05.891229945Z: [    0.800144] pci_bus 0000:00: root bus resource [io  0x0000-0x0cf7 window]
[STDERR  ] 2018-01-04T17:42:05.891238216Z: [    0.800543] pci_bus 0000:00: root bus resource [io  0x0d00-0xffff window]
[STDERR  ] 2018-01-04T17:42:05.89124624Z: [    0.800885] pci_bus 0000:00: root bus resource [mem 0x000a0000-0x000bffff window]
[STDERR  ] 2018-01-04T17:42:05.891262681Z: [    0.801216] pci_bus 0000:00: root bus resource [mem 0xc0000000-0xfebfffff window]
[STDERR  ] 2018-01-04T17:42:05.891270654Z: [    0.801693] pci_bus 0000:00: root bus resource [bus 00-ff]
[STDERR  ] 2018-01-04T17:42:05.891278672Z: [    0.966893] pci 0000:00:1f.0: quirk: [io  0x0600-0x067f] claimed by ICH6 ACPI/GPIO/TCO
[STDERR  ] 2018-01-04T17:42:05.891287017Z: [    1.055747] ACPI: PCI Interrupt Link [LNKA] (IRQs 5 *10 11)
[STDERR  ] 2018-01-04T17:42:05.891295497Z: [    1.057623] ACPI: PCI Interrupt Link [LNKB] (IRQs 5 *10 11)
[STDERR  ] 2018-01-04T17:42:05.89130345Z: [    1.059118] ACPI: PCI Interrupt Link [LNKC] (IRQs 5 10 *11)
[STDERR  ] 2018-01-04T17:42:05.891311789Z: [    1.061004] ACPI: PCI Interrupt Link [LNKD] (IRQs 5 10 *11)
[STDERR  ] 2018-01-04T17:42:05.891320195Z: [    1.062334] ACPI: PCI Interrupt Link [LNKE] (IRQs 5 *10 11)
[STDERR  ] 2018-01-04T17:42:05.89134385Z: [    1.063802] ACPI: PCI Interrupt Link [LNKF] (IRQs 5 *10 11)
[STDERR  ] 2018-01-04T17:42:05.891352408Z: [    1.065240] ACPI: PCI Interrupt Link [LNKG] (IRQs 5 10 *11)
[STDERR  ] 2018-01-04T17:42:05.891360409Z: [    1.066652] ACPI: PCI Interrupt Link [LNKH] (IRQs 5 10 *11)
[STDERR  ] 2018-01-04T17:42:05.891370871Z: [    1.067334] ACPI: PCI Interrupt Link [GSIA] (IRQs *16)
[STDERR  ] 2018-01-04T17:42:05.89137973Z: [    1.067822] ACPI: PCI Interrupt Link [GSIB] (IRQs *17)
[STDERR  ] 2018-01-04T17:42:05.891388401Z: [    1.068288] ACPI: PCI Interrupt Link [GSIC] (IRQs *18)
[STDERR  ] 2018-01-04T17:42:05.89139754Z: [    1.068741] ACPI: PCI Interrupt Link [GSID] (IRQs *19)
[STDERR  ] 2018-01-04T17:42:05.89140583Z: [    1.069222] ACPI: PCI Interrupt Link [GSIE] (IRQs *20)
[STDERR  ] 2018-01-04T17:42:05.891414073Z: [    1.070578] ACPI: PCI Interrupt Link [GSIF] (IRQs *21)
[STDERR  ] 2018-01-04T17:42:05.891428645Z: [    1.071152] ACPI: PCI Interrupt Link [GSIG] (IRQs *22)
[STDERR  ] 2018-01-04T17:42:05.891437403Z: [    1.071632] ACPI: PCI Interrupt Link [GSIH] (IRQs *23)
[STDERR  ] 2018-01-04T17:42:05.891449915Z: [    1.074647] ACPI: Enabled 1 GPEs in block 00 to 3F
[STDERR  ] 2018-01-04T17:42:05.891461889Z: [    1.077870] SCSI subsystem initialized
[STDERR  ] 2018-01-04T17:42:05.891470669Z: [    1.079600] ACPI: bus type USB registered
[STDERR  ] 2018-01-04T17:42:05.891479307Z: [    1.080613] usbcore: registered new interface driver usbfs
[STDERR  ] 2018-01-04T17:42:05.891487438Z: [    1.081281] usbcore: registered new interface driver hub
[STDERR  ] 2018-01-04T17:42:05.891495259Z: [    1.081899] usbcore: registered new device driver usb
[STDERR  ] 2018-01-04T17:42:05.891503092Z: [    1.082903] pps_core: LinuxPPS API ver. 1 registered
[STDERR  ] 2018-01-04T17:42:05.891511362Z: [    1.083112] pps_core: Software ver. 5.3.6 - Copyright 2005-2007 Rodolfo Giometti <giometti@linux.it>
[STDERR  ] 2018-01-04T17:42:05.891520384Z: [    1.083661] PTP clock support registered
[STDERR  ] 2018-01-04T17:42:05.891528951Z: [    1.084623] wmi: Mapper loaded
[STDERR  ] 2018-01-04T17:42:05.891537026Z: [    1.085634] PCI: Using ACPI for IRQ routing
[STDERR  ] 2018-01-04T17:42:05.89154541Z: [    1.100284] NetLabel: Initializing
[STDERR  ] 2018-01-04T17:42:05.891554379Z: [    1.100485] NetLabel:  domain hash size = 128
[STDERR  ] 2018-01-04T17:42:05.891563395Z: [    1.100834] NetLabel:  protocols = UNLABELED CIPSOv4
[STDERR  ] 2018-01-04T17:42:05.891571575Z: [    1.103194] NetLabel:  unlabeled traffic allowed by default
[STDERR  ] 2018-01-04T17:42:05.891580279Z: [    1.104126] HPET: 3 timers in total, 0 timers will be used for per-cpu timer
[STDERR  ] 2018-01-04T17:42:05.891589314Z: [    1.104779] hpet0: at MMIO 0xfed00000, IRQs 2, 8, 0
[STDERR  ] 2018-01-04T17:42:05.891598187Z: [    1.105184] hpet0: 3 comparators, 64-bit 100.000000 MHz counter
[STDERR  ] 2018-01-04T17:42:05.891606967Z: [    1.111435] clocksource: Switched to clocksource hpet
[STDERR  ] 2018-01-04T17:42:05.891615531Z: [    1.283795] VFS: Disk quotas dquot_6.6.0
[STDERR  ] 2018-01-04T17:42:05.891627972Z: [    1.284397] VFS: Dquot-cache hash table entries: 512 (order 0, 4096 bytes)
[STDERR  ] 2018-01-04T17:42:05.891637841Z: [    1.287687] FS-Cache: Loaded
[STDERR  ] 2018-01-04T17:42:05.891647081Z: [    1.292899] CacheFiles: Loaded
[STDERR  ] 2018-01-04T17:42:05.89165585Z: [    1.294355] pnp: PnP ACPI init
[STDERR  ] 2018-01-04T17:42:05.891668115Z: [    1.303790] pnp: PnP ACPI: found 5 devices
[STDERR  ] 2018-01-04T17:42:05.891678603Z: [    1.340565] clocksource: acpi_pm: mask: 0xffffff max_cycles: 0xffffff, max_idle_ns: 2085701024 ns
[STDERR  ] 2018-01-04T17:42:05.891687952Z: [    1.348153] NET: Registered protocol family 2
[STDERR  ] 2018-01-04T17:42:05.891697016Z: [    1.356442] TCP established hash table entries: 8192 (order: 4, 65536 bytes)
[STDERR  ] 2018-01-04T17:42:05.891706984Z: [    1.357217] TCP bind hash table entries: 8192 (order: 5, 131072 bytes)
[STDERR  ] 2018-01-04T17:42:05.891717185Z: [    1.357856] TCP: Hash tables configured (established 8192 bind 8192)
[STDERR  ] 2018-01-04T17:42:05.891725801Z: [    1.359696] UDP hash table entries: 512 (order: 2, 16384 bytes)
[STDERR  ] 2018-01-04T17:42:05.89173379Z: [    1.360389] UDP-Lite hash table entries: 512 (order: 2, 16384 bytes)
[STDERR  ] 2018-01-04T17:42:05.891741667Z: [    1.362516] NET: Registered protocol family 1
[STDERR  ] 2018-01-04T17:42:05.891750001Z: [    1.363536] pci 0000:00:01.0: Video device with shadowed ROM at [mem 0x000c0000-0x000dffff]
[STDERR  ] 2018-01-04T17:42:05.891758719Z: [    1.371608] Unpacking initramfs...
[STDERR  ] 2018-01-04T17:42:05.891767084Z: [    7.620336] Freeing initrd memory: 40792K
[STDERR  ] 2018-01-04T17:42:05.891774911Z: [    7.640485] PCLMULQDQ-NI instructions are not detected.
[STDERR  ] 2018-01-04T17:42:05.891782737Z: [    7.642254] AVX or AES-NI instructions are not detected.
[STDERR  ] 2018-01-04T17:42:05.891790939Z: [    7.642662] CPU feature 'AVX registers' is not supported.
[STDERR  ] 2018-01-04T17:42:05.891877707Z: [    7.643026] CPU feature 'AVX registers' is not supported.
[STDERR  ] 2018-01-04T17:42:05.891886734Z: [    7.643347] CPU feature 'AVX registers' is not supported.
[STDERR  ] 2018-01-04T17:42:05.89190296Z: [    7.643655] CPU feature 'AVX registers' is not supported.
[STDERR  ] 2018-01-04T17:42:05.891912015Z: [    7.643993] AVX2 or AES-NI instructions are not detected.
[STDERR  ] 2018-01-04T17:42:05.891923583Z: [    7.644299] AVX2 instructions are not detected.
[STDERR  ] 2018-01-04T17:42:05.891932562Z: [    7.648981] audit: initializing netlink subsys (disabled)
[STDERR  ] 2018-01-04T17:42:05.89194129Z: [    7.651066] audit: type=2000 audit(1515087686.650:1): initialized
[STDERR  ] 2018-01-04T17:42:05.891949138Z: [    7.656795] workingset: timestamp_bits=46 max_order=18 bucket_order=0
[STDERR  ] 2018-01-04T17:42:05.891958399Z: [    7.659931] squashfs: version 4.0 (2009/01/31) Phillip Lougher
[STDERR  ] 2018-01-04T17:42:05.891966573Z: [    7.663243] FS-Cache: Netfs 'cifs' registered for caching
[STDERR  ] 2018-01-04T17:42:05.891974645Z: [    7.664100] fuse init (API version 7.26)
[STDERR  ] 2018-01-04T17:42:05.891982651Z: [    7.669452] SGI XFS with ACLs, security attributes, no debug enabled
[STDERR  ] 2018-01-04T17:42:05.891991272Z: [    7.673116] 9p: Installing v9fs 9p2000 file system support
[STDERR  ] 2018-01-04T17:42:05.891999301Z: [    7.673619] FS-Cache: Netfs '9p' registered for caching
[STDERR  ] 2018-01-04T17:42:05.892007534Z: [    7.696266] NET: Registered protocol family 38
[STDERR  ] 2018-01-04T17:42:05.892015835Z: [    7.696800] Key type asymmetric registered
[STDERR  ] 2018-01-04T17:42:05.892024253Z: [    7.697121] Asymmetric key parser 'x509' registered
[STDERR  ] 2018-01-04T17:42:05.892032253Z: [    7.698048] Block layer SCSI generic (bsg) driver version 0.4 loaded (major 251)
[STDERR  ] 2018-01-04T17:42:05.892040656Z: [    7.699384] io scheduler noop registered
[STDERR  ] 2018-01-04T17:42:05.892051651Z: [    7.699726] io scheduler deadline registered (default)
[STDERR  ] 2018-01-04T17:42:05.8920597Z: [    7.701485] io scheduler cfq registered
[STDERR  ] 2018-01-04T17:42:05.892067379Z: [    7.703790] pci_hotplug: PCI Hot Plug PCI Core version: 0.5
[STDERR  ] 2018-01-04T17:42:05.892076339Z: [    7.704341] pciehp: PCI Express Hot Plug Controller Driver version: 0.4
[STDERR  ] 2018-01-04T17:42:05.892084103Z: [    7.705037] shpchp: Standard Hot Plug PCI Controller Driver version: 0.4
[STDERR  ] 2018-01-04T17:42:05.892092086Z: [    7.705725] hv_vmbus: registering driver hyperv_fb
[STDERR  ] 2018-01-04T17:42:05.892100468Z: [    7.708368] input: Power Button as /devices/LNXSYSTM:00/LNXPWRBN:00/input/input0
[STDERR  ] 2018-01-04T17:42:05.892109122Z: [    7.709412] ACPI: Power Button [PWRF]
[STDERR  ] 2018-01-04T17:42:05.892117256Z: [    7.714205] GHES: HEST is not enabled!
[STDERR  ] 2018-01-04T17:42:05.892125142Z: [    7.722310] ACPI: PCI Interrupt Link [GSIG] enabled at IRQ 22
[STDERR  ] 2018-01-04T17:42:05.892133406Z: [    7.732528] ACPI: PCI Interrupt Link [GSIH] enabled at IRQ 23
[STDERR  ] 2018-01-04T17:42:05.892142138Z: [    7.737005] xenfs: not registering filesystem on non-xen platform
[STDERR  ] 2018-01-04T17:42:05.892149919Z: [    7.739578] Serial: 8250/16550 driver, 4 ports, IRQ sharing disabled
[STDERR  ] 2018-01-04T17:42:05.892159033Z: [    7.763941] 00:04: ttyS0 at I/O 0x3f8 (irq = 4, base_baud = 115200) is a 16550A
[STDERR  ] 2018-01-04T17:42:05.892167988Z: [    7.774069] Non-volatile memory driver v1.3
[STDERR  ] 2018-01-04T17:42:05.89217632Z: [    7.779845] Hangcheck: starting hangcheck timer 0.9.1 (tick is 180 seconds, margin is 60 seconds).
[STDERR  ] 2018-01-04T17:42:05.892185536Z: [    7.785919] random: fast init done
[STDERR  ] 2018-01-04T17:42:05.892193366Z: [    7.787015] random: crng init done
[STDERR  ] 2018-01-04T17:42:05.892201199Z: [    7.814897] loop: module loaded
[STDERR  ] 2018-01-04T17:42:05.892210362Z: [    7.826547] nbd: registered device at major 43
[STDERR  ] 2018-01-04T17:42:05.892219081Z: [    7.854646] lpc_ich 0000:00:1f.0: I/O space for GPIO uninitialized
[STDERR  ] 2018-01-04T17:42:05.892238617Z: [    7.856477] VMware PVSCSI driver - version 1.0.7.0-k
[STDERR  ] 2018-01-04T17:42:05.892251328Z: [    7.857211] hv_vmbus: registering driver hv_storvsc
[STDERR  ] 2018-01-04T17:42:05.892259414Z: [    7.863780] ACPI: PCI Interrupt Link [GSIA] enabled at IRQ 16
[STDERR  ] 2018-01-04T17:42:05.892267669Z: [    7.869681] ahci 0000:00:1f.2: AHCI 0001.0000 32 slots 6 ports 1.5 Gbps 0x3f impl SATA mode
[STDERR  ] 2018-01-04T17:42:05.892276435Z: [    7.870544] ahci 0000:00:1f.2: flags: 64bit ncq only 
[STDERR  ] 2018-01-04T17:42:05.892283717Z: [    7.886431] scsi host0: ahci
[STDERR  ] 2018-01-04T17:42:05.892292467Z: [    7.889405] scsi host1: ahci
[STDERR  ] 2018-01-04T17:42:05.892301716Z: [    7.891193] scsi host2: ahci
[STDERR  ] 2018-01-04T17:42:05.892310593Z: [    7.892837] scsi host3: ahci
[STDERR  ] 2018-01-04T17:42:05.892322916Z: [    7.894435] scsi host4: ahci
[STDERR  ] 2018-01-04T17:42:05.892331679Z: [    7.896005] scsi host5: ahci
[STDERR  ] 2018-01-04T17:42:05.892339983Z: [    7.897469] ata1: SATA max UDMA/133 abar m4096@0xfebd2000 port 0xfebd2100 irq 24
[STDERR  ] 2018-01-04T17:42:05.892348413Z: [    7.897972] ata2: SATA max UDMA/133 abar m4096@0xfebd2000 port 0xfebd2180 irq 24
[STDERR  ] 2018-01-04T17:42:05.892356454Z: [    7.898297] ata3: SATA max UDMA/133 abar m4096@0xfebd2000 port 0xfebd2200 irq 24
[STDERR  ] 2018-01-04T17:42:05.892365146Z: [    7.898619] ata4: SATA max UDMA/133 abar m4096@0xfebd2000 port 0xfebd2280 irq 24
[STDERR  ] 2018-01-04T17:42:05.892373829Z: [    7.898970] ata5: SATA max UDMA/133 abar m4096@0xfebd2000 port 0xfebd2300 irq 24
[STDERR  ] 2018-01-04T17:42:05.892379674Z: [    7.899328] ata6: SATA max UDMA/133 abar m4096@0xfebd2000 port 0xfebd2380 irq 24
[STDERR  ] 2018-01-04T17:42:05.892385575Z: [    7.909741] tun: Universal TUN/TAP device driver, 1.6
[STDERR  ] 2018-01-04T17:42:05.892394643Z: [    7.910331] tun: (C) 1999-2004 Max Krasnyansky <maxk@qualcomm.com>
[STDERR  ] 2018-01-04T17:42:05.89240257Z: [    7.921359] VMware vmxnet3 virtual NIC driver - version 1.4.a.0-k-NAPI
[STDERR  ] 2018-01-04T17:42:05.892408544Z: [    7.922549] hv_vmbus: registering driver hv_netvsc
[STDERR  ] 2018-01-04T17:42:05.892414263Z: [    7.922860] Fusion MPT base driver 3.04.20
[STDERR  ] 2018-01-04T17:42:05.892420524Z: [    7.923088] Copyright (c) 1999-2008 LSI Corporation
[STDERR  ] 2018-01-04T17:42:05.892426127Z: [    7.923680] Fusion MPT SPI Host driver 3.04.20
[STDERR  ] 2018-01-04T17:42:05.892434394Z: [    7.925402] i8042: PNP: PS/2 Controller [PNP0303:KBD,PNP0f13:MOU] at 0x60,0x64 irq 1,12
[STDERR  ] 2018-01-04T17:42:05.892440845Z: [    7.929117] serio: i8042 KBD port at 0x60,0x64 irq 1
[STDERR  ] 2018-01-04T17:42:05.892450785Z: [    7.929672] serio: i8042 AUX port at 0x60,0x64 irq 12
[STDERR  ] 2018-01-04T17:42:05.892456426Z: [    7.932490] hv_vmbus: registering driver hyperv_keyboard
[STDERR  ] 2018-01-04T17:42:05.892461961Z: [    7.934328] mousedev: PS/2 mouse device common for all mice
[STDERR  ] 2018-01-04T17:42:05.892467541Z: [    7.938492] input: AT Translated Set 2 keyboard as /devices/platform/i8042/serio0/input/input1
[STDERR  ] 2018-01-04T17:42:05.892473462Z: [    7.941118] input: PC Speaker as /devices/platform/pcspkr/input/input2
[STDERR  ] 2018-01-04T17:42:05.892479048Z: [    7.944199] rtc_cmos 00:00: RTC can wake from S4
[STDERR  ] 2018-01-04T17:42:05.892484669Z: [    7.947110] rtc_cmos 00:00: rtc core: registered rtc_cmos as rtc0
[STDERR  ] 2018-01-04T17:42:05.892490263Z: [    7.948256] rtc_cmos 00:00: alarms up to one day, y3k, 114 bytes nvram, hpet irqs
[STDERR  ] 2018-01-04T17:42:05.892495861Z: [    7.948809] i2c /dev entries driver
[STDERR  ] 2018-01-04T17:42:05.89250144Z: [    7.950669] device-mapper: ioctl: 4.35.0-ioctl (2016-06-23) initialised: dm-devel@redhat.com
[STDERR  ] 2018-01-04T17:42:05.892507103Z: [    7.954396] usbcore: registered new interface driver usbhid
[STDERR  ] 2018-01-04T17:42:05.892512671Z: [    7.954747] usbhid: USB HID core driver
[STDERR  ] 2018-01-04T17:42:05.892523559Z: [    7.955338] hv_utils: Registering HyperV Utility Driver
[STDERR  ] 2018-01-04T17:42:05.89252914Z: [    7.955598] hv_vmbus: registering driver hv_util
[STDERR  ] 2018-01-04T17:42:05.89253769Z: [    7.955843] hv_vmbus: registering driver hv_balloon
[STDERR  ] 2018-01-04T17:42:05.892543528Z: [    7.956323] oprofile: using NMI interrupt.
[STDERR  ] 2018-01-04T17:42:05.892549392Z: [    7.957408] GACT probability on
[STDERR  ] 2018-01-04T17:42:05.892554951Z: [    7.957849] Mirror/redirect action on
[STDERR  ] 2018-01-04T17:42:05.89256044Z: [    7.958699] Simple TC action Loaded
[STDERR  ] 2018-01-04T17:42:05.892566012Z: [    7.959268] u32 classifier
[STDERR  ] 2018-01-04T17:42:05.892571569Z: [    7.959422]     Performance counters on
[STDERR  ] 2018-01-04T17:42:05.892577134Z: [    7.959601]     input device check on
[STDERR  ] 2018-01-04T17:42:05.892582887Z: [    7.959789]     Actions configured
[STDERR  ] 2018-01-04T17:42:05.892590532Z: [    7.960758] Netfilter messages via NETLINK v0.30.
[STDERR  ] 2018-01-04T17:42:05.892596075Z: [    7.961327] nfnl_acct: registering with nfnetlink.
[STDERR  ] 2018-01-04T17:42:05.892601593Z: [    7.962630] nf_conntrack version 0.5.0 (8192 buckets, 32768 max)
[STDERR  ] 2018-01-04T17:42:05.892607167Z: [    7.965641] ctnetlink v0.93: registering with nfnetlink.
[STDERR  ] 2018-01-04T17:42:05.892612652Z: [    7.968449] nf_tables: (c) 2007-2009 Patrick McHardy <kaber@trash.net>
[STDERR  ] 2018-01-04T17:42:05.892618231Z: [    7.969257] nf_tables_compat: (c) 2012 Pablo Neira Ayuso <pablo@netfilter.org>
[STDERR  ] 2018-01-04T17:42:05.892623768Z: [    7.971692] xt_time: kernel timezone is -0000
[STDERR  ] 2018-01-04T17:42:05.892629349Z: [    7.972183] ip_set: protocol 6
[STDERR  ] 2018-01-04T17:42:05.892634852Z: [    7.972886] IPVS: Registered protocols (TCP, UDP, SCTP, AH, ESP)
[STDERR  ] 2018-01-04T17:42:05.892640527Z: [    7.973452] IPVS: Connection hash table configured (size=4096, memory=64Kbytes)
[STDERR  ] 2018-01-04T17:42:05.892646091Z: [    7.975068] IPVS: Creating netns size=2104 id=0
[STDERR  ] 2018-01-04T17:42:05.8926516Z: [    7.977590] IPVS: ipvs loaded.
[STDERR  ] 2018-01-04T17:42:05.892657283Z: [    7.977930] IPVS: [rr] scheduler registered.
[STDERR  ] 2018-01-04T17:42:05.892662818Z: [    7.978209] IPVS: [wrr] scheduler registered.
[STDERR  ] 2018-01-04T17:42:05.892668327Z: [    7.978426] IPVS: [lc] scheduler registered.
[STDERR  ] 2018-01-04T17:42:05.892673915Z: [    7.978632] IPVS: [wlc] scheduler registered.
[STDERR  ] 2018-01-04T17:42:05.892679483Z: [    7.978836] IPVS: [fo] scheduler registered.
[STDERR  ] 2018-01-04T17:42:05.89268505Z: [    7.979043] IPVS: [ovf] scheduler registered.
[STDERR  ] 2018-01-04T17:42:05.892690605Z: [    7.979428] IPVS: [lblc] scheduler registered.
[STDERR  ] 2018-01-04T17:42:05.892696124Z: [    7.979850] IPVS: [lblcr] scheduler registered.
[STDERR  ] 2018-01-04T17:42:05.892701705Z: [    7.980572] IPVS: [dh] scheduler registered.
[STDERR  ] 2018-01-04T17:42:05.89270894Z: [    7.980833] IPVS: [sh] scheduler registered.
[STDERR  ] 2018-01-04T17:42:05.892714525Z: [    7.981038] IPVS: [sed] scheduler registered.
[STDERR  ] 2018-01-04T17:42:05.892720055Z: [    7.981256] IPVS: [nq] scheduler registered.
[STDERR  ] 2018-01-04T17:42:05.89272563Z: [    7.981889] IPVS: ftp: loaded support on port[0] = 21
[STDERR  ] 2018-01-04T17:42:05.892731269Z: [    7.982699] ipip: IPv4 and MPLS over IPv4 tunneling driver
[STDERR  ] 2018-01-04T17:42:05.8927369Z: [    7.986162] gre: GRE over IPv4 demultiplexor driver
[STDERR  ] 2018-01-04T17:42:05.892742436Z: [    7.988823] ip_tables: (C) 2000-2006 Netfilter Core Team
[STDERR  ] 2018-01-04T17:42:05.892747992Z: [    7.992252] ipt_CLUSTERIP: ClusterIP Version 0.8 loaded successfully
[STDERR  ] 2018-01-04T17:42:05.892755742Z: [    7.992990] arp_tables: arp_tables: (C) 2002 David S. Miller
[STDERR  ] 2018-01-04T17:42:05.892762811Z: [    7.995165] NET: Registered protocol family 10
[STDERR  ] 2018-01-04T17:42:05.892768425Z: [    8.004091] ip6_tables: (C) 2000-2006 Netfilter Core Team
[STDERR  ] 2018-01-04T17:42:05.892778328Z: [    8.012135] NET: Registered protocol family 17
[STDERR  ] 2018-01-04T17:42:05.892784042Z: [    8.013190] Bridge firewalling registered
[STDERR  ] 2018-01-04T17:42:05.892792286Z: [    8.013795] Ebtables v2.0 registered
[STDERR  ] 2018-01-04T17:42:05.892799368Z: [    8.015552] 8021q: 802.1Q VLAN Support v1.8
[STDERR  ] 2018-01-04T17:42:05.8928123Z: [    8.017000] 9pnet: Installing 9P2000 support
[STDERR  ] 2018-01-04T17:42:05.892817876Z: [    8.018451] Key type dns_resolver registered
[STDERR  ] 2018-01-04T17:42:05.892823364Z: [    8.019386] microcode: AMD CPU family 0x6 not supported
[STDERR  ] 2018-01-04T17:42:05.89282904Z: [    8.022997] registered taskstats version 1
[STDERR  ] 2018-01-04T17:42:05.892834597Z: [    8.182073] Key type big_key registered
[STDERR  ] 2018-01-04T17:42:05.892842388Z: [    8.232108] ata2: SATA link up 1.5 Gbps (SStatus 113 SControl 300)
[STDERR  ] 2018-01-04T17:42:05.892848101Z: [    8.237787] ata2.00: ATA-7: QEMU HARDDISK, 2.5+, max UDMA/100
[STDERR  ] 2018-01-04T17:42:05.892853657Z: [    8.238204] ata2.00: 1048576 sectors, multi 16: LBA48 NCQ (depth 31/32)
[STDERR  ] 2018-01-04T17:42:05.892860917Z: [    8.238689] ata2.00: applying bridge limits
[STDERR  ] 2018-01-04T17:42:05.892866554Z: [    8.239957] ata1: SATA link up 1.5 Gbps (SStatus 113 SControl 300)
[STDERR  ] 2018-01-04T17:42:05.892872203Z: [    8.240804] ata1.00: ATA-7: QEMU HARDDISK, 2.5+, max UDMA/100
[STDERR  ] 2018-01-04T17:42:05.892877767Z: [    8.241077] ata1.00: 1048576 sectors, multi 16: LBA48 NCQ (depth 31/32)
[STDERR  ] 2018-01-04T17:42:05.892883331Z: [    8.241321] ata1.00: applying bridge limits
[STDERR  ] 2018-01-04T17:42:05.89288893Z: [    8.242230] ata1.00: configured for UDMA/100
[STDERR  ] 2018-01-04T17:42:05.892894537Z: [    8.244815] ata3: SATA link up 1.5 Gbps (SStatus 113 SControl 300)
[STDERR  ] 2018-01-04T17:42:05.892900078Z: [    8.245575] ata3.00: ATAPI: QEMU DVD-ROM, 2.5+, max UDMA/100
[STDERR  ] 2018-01-04T17:42:05.892905653Z: [    8.245910] ata3.00: applying bridge limits
[STDERR  ] 2018-01-04T17:42:05.892911164Z: [    8.246341] ata3.00: configured for UDMA/100
[STDERR  ] 2018-01-04T17:42:05.892916702Z: [    8.247979] ata4: SATA link down (SStatus 0 SControl 300)
[STDERR  ] 2018-01-04T17:42:05.892922221Z: [    8.250280] ata5: SATA link down (SStatus 0 SControl 300)
[STDERR  ] 2018-01-04T17:42:05.892927756Z: [    8.250697] ata6: SATA link down (SStatus 0 SControl 300)
[STDERR  ] 2018-01-04T17:42:05.892933347Z: [    8.260608] ata2.00: configured for UDMA/100
[STDERR  ] 2018-01-04T17:42:05.892938996Z: [    8.268235] scsi 0:0:0:0: Direct-Access     ATA      QEMU HARDDISK    2.5+ PQ: 0 ANSI: 5
[STDERR  ] 2018-01-04T17:42:05.89294703Z: [    8.275738] sd 0:0:0:0: [sda] 1048576 512-byte logical blocks: (537 MB/512 MiB)
[STDERR  ] 2018-01-04T17:42:05.892952734Z: [    8.279515] sd 0:0:0:0: [sda] Write Protect is off
[STDERR  ] 2018-01-04T17:42:05.892958248Z: [    8.291206] sd 0:0:0:0: Attached scsi generic sg0 type 0
[STDERR  ] 2018-01-04T17:42:05.892963847Z: [    8.292591] sd 0:0:0:0: [sda] Write cache: enabled, read cache: enabled, doesn't support DPO or FUA
[STDERR  ] 2018-01-04T17:42:05.892970489Z: [    8.297168] scsi 1:0:0:0: Direct-Access     ATA      QEMU HARDDISK    2.5+ PQ: 0 ANSI: 5
[STDERR  ] 2018-01-04T17:42:05.892976107Z: [    8.300727] sd 1:0:0:0: [sdb] 1048576 512-byte logical blocks: (537 MB/512 MiB)
[STDERR  ] 2018-01-04T17:42:05.892981697Z: [    8.302031] sd 1:0:0:0: Attached scsi generic sg1 type 0
[STDERR  ] 2018-01-04T17:42:05.892987198Z: [    8.302773] sd 1:0:0:0: [sdb] Write Protect is off
[STDERR  ] 2018-01-04T17:42:05.892992782Z: [    8.305303] sd 1:0:0:0: [sdb] Write cache: enabled, read cache: enabled, doesn't support DPO or FUA
[STDERR  ] 2018-01-04T17:42:05.892998387Z: [    8.309263] scsi 2:0:0:0: CD-ROM            QEMU     QEMU DVD-ROM     2.5+ PQ: 0 ANSI: 5
[STDERR  ] 2018-01-04T17:42:05.893003962Z: [    8.333259] sr 2:0:0:0: [sr0] scsi3-mmc drive: 4x/4x cd/rw xa/form2 tray
[STDERR  ] 2018-01-04T17:42:05.893009495Z: [    8.333881] cdrom: Uniform CD-ROM driver Revision: 3.20
[STDERR  ] 2018-01-04T17:42:05.893019075Z: [    8.342372] sd 1:0:0:0: [sdb] Attached SCSI disk
[STDERR  ] 2018-01-04T17:42:05.893024654Z: [    8.343511] sr 2:0:0:0: Attached scsi generic sg2 type 5
[STDERR  ] 2018-01-04T17:42:05.893033036Z: [    8.351647] sd 0:0:0:0: [sda] Attached SCSI disk
[STDERR  ] 2018-01-04T17:42:05.893038736Z: [    8.385064] Key type encrypted registered
[STDERR  ] 2018-01-04T17:42:05.893044308Z: [    8.389939] rtc_cmos 00:00: setting system clock to 2018-01-04 17:41:27 UTC (1515087687)
[STDERR  ] 2018-01-04T17:42:05.893049945Z: [    8.518005] Freeing unused kernel memory: 1380K
[STDERR  ] 2018-01-04T17:42:05.893055526Z: [    8.518314] Write protecting the kernel read-only data: 12288k
[STDERR  ] 2018-01-04T17:42:05.893061115Z: [    8.523039] Freeing unused kernel memory: 128K
[STDERR  ] 2018-01-04T17:42:05.893066613Z: [    8.559435] Freeing unused kernel memory: 1396K
[STDERR  ] 2018-01-04T17:42:05.893072139Z: [    8.641141] tsc: Refined TSC clocksource calibration: 2599.767 MHz
[STDERR  ] 2018-01-04T17:42:05.893077827Z: [    8.641637] clocksource: tsc: mask: 0xffffffffffffffff max_cycles: 0x25796011374, max_idle_ns: 440795332112 ns
[STDERR  ] 2018-01-04T17:42:05.89308343Z: [    9.656103] clocksource: Switched to clocksource tsc
[STDERR  ] 2018-01-04T17:42:05.893089133Z: 
[STDERR  ] 2018-01-04T17:42:05.89309511Z: Welcome to LinuxKit
[STDERR  ] 2018-01-04T17:42:05.893100688Z: 
[STDERR  ] 2018-01-04T17:42:05.893106311Z:                         ##         .
[STDERR  ] 2018-01-04T17:42:05.893111949Z:                   ## ## ##        ==
[STDERR  ] 2018-01-04T17:42:05.893117461Z:                ## ## ## ## ##    ===
[STDERR  ] 2018-01-04T17:42:05.893122969Z:            /"""""""""""""""""\___/ ===
[STDERR  ] 2018-01-04T17:42:05.893128554Z:           {                       /  ===-
[STDERR  ] 2018-01-04T17:42:05.893134048Z:            \______ O           __/
[STDERR  ] 2018-01-04T17:42:05.893139622Z:              \    \         __/
[STDERR  ] 2018-01-04T17:42:05.893145241Z:               \____\_______/
[STDERR  ] 2018-01-04T17:42:05.893150727Z: 
[STDERR  ] 2018-01-04T17:42:05.893156242Z: [   21.208104] IPVS: Creating netns size=2104 id=1
[STDERR  ] 2018-01-04T17:42:05.893163481Z: [   21.208490] IPVS: ftp: loaded support on port[0] = 21
[STDERR  ] 2018-01-04T17:42:05.893169016Z: 2018/01/04 17:41:41 Creating partition on /dev/sda
[STDERR  ] 2018-01-04T17:42:05.89317465Z: [   22.377762]  sda:
[STDERR  ] 2018-01-04T17:42:05.89318026Z: [   22.440010]  sda:
[STDERR  ] 2018-01-04T17:42:05.893185772Z: [   22.495142]  sda: sda1
[STDERR  ] 2018-01-04T17:42:05.893191348Z: [   22.550853]  sda: sda1
[STDERR  ] 2018-01-04T17:42:05.893196876Z: 2018/01/04 17:41:43 Partition /dev/sda1 successfully created!
[STDERR  ] 2018-01-04T17:42:05.893206089Z: [   24.805254] IPVS: Creating netns size=2104 id=2
[STDERR  ] 2018-01-04T17:42:05.893211749Z: [   24.805486] IPVS: ftp: loaded support on port[0] = 21
[STDERR  ] 2018-01-04T17:42:05.893217286Z: 2018/01/04 17:41:44 /dev/sda has content. blkid returned: /dev/sda: PTUUID="7d12adc9" PTTYPE="dos"
[STDERR  ] 2018-01-04T17:42:05.893224629Z: 2018/01/04 17:41:44 Creating partition on /dev/sdb
[STDERR  ] 2018-01-04T17:42:05.893230141Z: [   25.967684]  sdb:
[STDERR  ] 2018-01-04T17:42:05.893235783Z: [   26.034429]  sdb:
[STDERR  ] 2018-01-04T17:42:05.8932413Z: [   26.090889]  sdb: sdb1
[STDERR  ] 2018-01-04T17:42:05.893246925Z: [   26.150793]  sdb: sdb1
[STDERR  ] 2018-01-04T17:42:05.893252515Z: 2018/01/04 17:41:46 Partition /dev/sdb1 successfully created!
[STDERR  ] 2018-01-04T17:42:05.89325805Z: [   28.382959] IPVS: Creating netns size=2104 id=3
[STDERR  ] 2018-01-04T17:42:05.893263611Z: [   28.383195] IPVS: ftp: loaded support on port[0] = 21
[STDERR  ] 2018-01-04T17:42:05.893269255Z: [   29.609338] EXT4-fs (sda1): couldn't mount as ext3 due to feature incompatibilities
[STDERR  ] 2018-01-04T17:42:05.893274893Z: [   29.616938] EXT4-fs (sda1): couldn't mount as ext2 due to feature incompatibilities
[STDERR  ] 2018-01-04T17:42:05.89328047Z: [   29.642217] EXT4-fs (sda1): mounted filesystem with ordered data mode. Opts: (null)
[STDERR  ] 2018-01-04T17:42:05.893289305Z: [   31.352886] IPVS: Creating netns size=2104 id=4
[STDERR  ] 2018-01-04T17:42:05.893294878Z: [   31.356065] IPVS: ftp: loaded support on port[0] = 21
[STDERR  ] 2018-01-04T17:42:05.893303277Z: [   32.875313] EXT4-fs (sdb1): couldn't mount as ext3 due to feature incompatibilities
[STDERR  ] 2018-01-04T17:42:05.893308856Z: [   32.883786] EXT4-fs (sdb1): couldn't mount as ext2 due to feature incompatibilities
[STDERR  ] 2018-01-04T17:42:05.893314441Z: [   32.914132] EXT4-fs (sdb1): mounted filesystem with ordered data mode. Opts: (null)
[STDERR  ] 2018-01-04T17:42:05.893320107Z: 2018/01/04 17:41:52 Failed to create "symlink ../../sda1 /dev/disk/by-uuid/50c993ff-c920-46af-a03b-9b99a1cc3570: file exists": %!v(MISSING)
[STDERR  ] 2018-01-04T17:42:05.893326045Z: 2018/01/04 17:41:52 Failed to create "symlink ../../sdb1 /dev/disk/by-uuid/9ffd1092-a44d-4f59-92e0-c7cd689089b9: file exists": %!v(MISSING)
[STDERR  ] 2018-01-04T17:42:05.893331883Z: format_mount test suite PASSED
[STDERR  ] 2018-01-04T17:42:05.893337468Z: [   46.124651] sd 1:0:0:0: [sdb] Synchronizing SCSI cache
[STDERR  ] 2018-01-04T17:42:05.893343012Z: [   46.128668] sd 1:0:0:0: [sdb] Stopping disk
[STDERR  ] 2018-01-04T17:42:05.893348548Z: [   46.129350] sd 0:0:0:0: [sda] Synchronizing SCSI cache
[STDERR  ] 2018-01-04T17:42:05.89335407Z: [   46.129770] sd 0:0:0:0: [sda] Stopping disk
[STDERR  ] 2018-01-04T17:42:05.89335965Z: [   46.133797] ACPI: Preparing to enter system sleep state S5
[STDERR  ] 2018-01-04T17:42:05.893365272Z: [   46.137065] reboot: Power down
[STDERR  ] 2018-01-04T17:42:05.893370841Z: + echo [    0.000000] Linux version 4.9.74-linuxkit (root@133b92461d02) (gcc version 6.4.0 (Alpine 6.4.0) ) #1 SMP Wed Jan 3 11:41:29 UTC 2018
[STDERR  ] 2018-01-04T17:42:05.893376409Z: [    0.000000] Command line: console=ttyS0 console=ttyAMA0
[STDERR  ] 2018-01-04T17:42:05.893381915Z: [    0.000000] x86/fpu: Legacy x87 FPU detected.
[STDERR  ] 2018-01-04T17:42:05.893387379Z: [    0.000000] x86/fpu: Using 'eager' FPU context switches.
[STDERR  ] 2018-01-04T17:42:05.893392979Z: [    0.000000] e820: BIOS-provided physical RAM map:
[STDERR  ] 2018-01-04T17:42:05.893398517Z: [    0.000000] BIOS-e820: [mem 0x0000000000000000-0x000000000009fbff] usable
[STDERR  ] 2018-01-04T17:42:05.893404131Z: [    0.000000] BIOS-e820: [mem 0x000000000009fc00-0x000000000009ffff] reserved
[STDERR  ] 2018-01-04T17:42:05.893409733Z: [    0.000000] BIOS-e820: [mem 0x00000000000f0000-0x00000000000fffff] reserved
[STDERR  ] 2018-01-04T17:42:05.893415228Z: [    0.000000] BIOS-e820: [mem 0x0000000000100000-0x000000003ffddfff] usable
[STDERR  ] 2018-01-04T17:42:05.893420792Z: [    0.000000] BIOS-e820: [mem 0x000000003ffde000-0x000000003fffffff] reserved
[STDERR  ] 2018-01-04T17:42:05.893426375Z: [    0.000000] BIOS-e820: [mem 0x00000000b0000000-0x00000000bfffffff] reserved
[STDERR  ] 2018-01-04T17:42:05.893431945Z: [    0.000000] BIOS-e820: [mem 0x00000000fed1c000-0x00000000fed1ffff] reserved
[STDERR  ] 2018-01-04T17:42:05.893439173Z: [    0.000000] BIOS-e820: [mem 0x00000000fffc0000-0x00000000ffffffff] reserved
[STDERR  ] 2018-01-04T17:42:05.893444683Z: [    0.000000] NX (Execute Disable) protection: active
[STDERR  ] 2018-01-04T17:42:05.893450281Z: [    0.000000] SMBIOS 2.8 present.
[STDERR  ] 2018-01-04T17:42:05.893455899Z: [    0.000000] e820: last_pfn = 0x3ffde max_arch_pfn = 0x400000000
[STDERR  ] 2018-01-04T17:42:05.89346142Z: [    0.000000] x86/PAT: Configuration [0-7]: WB  WC  UC- UC  WB  WC  UC- WT  
[STDERR  ] 2018-01-04T17:42:05.893468362Z: [    0.000000] found SMP MP-table at [mem 0x000f6aa0-0x000f6aaf] mapped at [ffff9c17000f6aa0]
[STDERR  ] 2018-01-04T17:42:05.893473975Z: [    0.000000] RAMDISK: [mem 0x3d7fa000-0x3ffcffff]
[STDERR  ] 2018-01-04T17:42:05.893479551Z: [    0.000000] ACPI: Early table checksum verification disabled
[STDERR  ] 2018-01-04T17:42:05.893485141Z: [    0.000000] ACPI: RSDP 0x00000000000F68B0 000014 (v00 BOCHS )
[STDERR  ] 2018-01-04T17:42:05.893490726Z: [    0.000000] ACPI: RSDT 0x000000003FFE20A8 000034 (v01 BOCHS  BXPCRSDT 00000001 BXPC 00000001)
[STDERR  ] 2018-01-04T17:42:05.893499215Z: [    0.000000] ACPI: FACP 0x000000003FFE1EC8 0000F4 (v03 BOCHS  BXPCFACP 00000001 BXPC 00000001)
[STDERR  ] 2018-01-04T17:42:05.89350751Z: [    0.000000] ACPI: DSDT 0x000000003FFE0040 001E88 (v01 BOCHS  BXPCDSDT 00000001 BXPC 00000001)
[STDERR  ] 2018-01-04T17:42:05.893515696Z: [    0.000000] ACPI: FACS 0x000000003FFE0000 000040
[STDERR  ] 2018-01-04T17:42:05.893521282Z: [    0.000000] ACPI: APIC 0x000000003FFE1FBC 000078 (v01 BOCHS  BXPCAPIC 00000001 BXPC 00000001)
[STDERR  ] 2018-01-04T17:42:05.893526825Z: [    0.000000] ACPI: HPET 0x000000003FFE2034 000038 (v01 BOCHS  BXPCHPET 00000001 BXPC 00000001)
[STDERR  ] 2018-01-04T17:42:05.893537134Z: [    0.000000] ACPI: MCFG 0x000000003FFE206C 00003C (v01 BOCHS  BXPCMCFG 00000001 BXPC 00000001)
[STDERR  ] 2018-01-04T17:42:05.893542808Z: [    0.000000] Zone ranges:
[STDERR  ] 2018-01-04T17:42:05.893548471Z: [    0.000000]   DMA      [mem 0x0000000000001000-0x0000000000ffffff]
[STDERR  ] 2018-01-04T17:42:05.893561224Z: [    0.000000]   DMA32    [mem 0x0000000001000000-0x000000003ffddfff]
[STDERR  ] 2018-01-04T17:42:05.893569256Z: [    0.000000]   Normal   empty
[STDERR  ] 2018-01-04T17:42:05.893577009Z: [    0.000000] Movable zone start for each node
[STDERR  ] 2018-01-04T17:42:05.893582596Z: [    0.000000] Early memory node ranges
[STDERR  ] 2018-01-04T17:42:05.893588086Z: [    0.000000]   node   0: [mem 0x0000000000001000-0x000000000009efff]
[STDERR  ] 2018-01-04T17:42:05.893593565Z: [    0.000000]   node   0: [mem 0x0000000000100000-0x000000003ffddfff]
[STDERR  ] 2018-01-04T17:42:05.893599107Z: [    0.000000] Initmem setup node 0 [mem 0x0000000000001000-0x000000003ffddfff]
[STDERR  ] 2018-01-04T17:42:05.893604616Z: [    0.000000] ACPI: PM-Timer IO Port: 0x608
[STDERR  ] 2018-01-04T17:42:05.893610171Z: [    0.000000] ACPI: LAPIC_NMI (acpi_id[0xff] dfl dfl lint[0x1])
[STDERR  ] 2018-01-04T17:42:05.893617747Z: [    0.000000] IOAPIC[0]: apic_id 0, version 32, address 0xfec00000, GSI 0-23
[STDERR  ] 2018-01-04T17:42:05.893623299Z: [    0.000000] ACPI: INT_SRC_OVR (bus 0 bus_irq 0 global_irq 2 dfl dfl)
[STDERR  ] 2018-01-04T17:42:05.893628779Z: [    0.000000] ACPI: INT_SRC_OVR (bus 0 bus_irq 5 global_irq 5 high level)
[STDERR  ] 2018-01-04T17:42:05.893634305Z: [    0.000000] ACPI: INT_SRC_OVR (bus 0 bus_irq 9 global_irq 9 high level)
[STDERR  ] 2018-01-04T17:42:05.893639776Z: [    0.000000] ACPI: INT_SRC_OVR (bus 0 bus_irq 10 global_irq 10 high level)
[STDERR  ] 2018-01-04T17:42:05.893645278Z: [    0.000000] ACPI: INT_SRC_OVR (bus 0 bus_irq 11 global_irq 11 high level)
[STDERR  ] 2018-01-04T17:42:05.893650732Z: [    0.000000] Using ACPI (MADT) for SMP configuration information
[STDERR  ] 2018-01-04T17:42:05.893656254Z: [    0.000000] ACPI: HPET id: 0x8086a201 base: 0xfed00000
[STDERR  ] 2018-01-04T17:42:05.893661899Z: [    0.000000] smpboot: Allowing 1 CPUs, 0 hotplug CPUs
[STDERR  ] 2018-01-04T17:42:05.893667394Z: [    0.000000] e820: [mem 0x40000000-0xafffffff] available for PCI devices
[STDERR  ] 2018-01-04T17:42:05.893672881Z: [    0.000000] Booting paravirtualized kernel on bare hardware
[STDERR  ] 2018-01-04T17:42:05.893680347Z: [    0.000000] clocksource: refined-jiffies: mask: 0xffffffff max_cycles: 0xffffffff, max_idle_ns: 19112604462750000 ns
[STDERR  ] 2018-01-04T17:42:05.893687172Z: [    0.000000] setup_percpu: NR_CPUS:128 nr_cpumask_bits:128 nr_cpu_ids:1 nr_node_ids:1
[STDERR  ] 2018-01-04T17:42:05.893692768Z: [    0.000000] percpu: Embedded 35 pages/cpu @ffff9c173d400000 s105048 r8192 d30120 u2097152
[STDERR  ] 2018-01-04T17:42:05.893698313Z: [    0.000000] Built 1 zonelists in Zone order, mobility grouping on.  Total pages: 257895
[STDERR  ] 2018-01-04T17:42:05.893703873Z: [    0.000000] Kernel command line: console=ttyS0 console=ttyAMA0
[STDERR  ] 2018-01-04T17:42:05.893709461Z: [    0.000000] PID hash table entries: 4096 (order: 3, 32768 bytes)
[STDERR  ] 2018-01-04T17:42:05.89371499Z: [    0.000000] Dentry cache hash table entries: 131072 (order: 8, 1048576 bytes)
[STDERR  ] 2018-01-04T17:42:05.893723467Z: [    0.000000] Inode-cache hash table entries: 65536 (order: 7, 524288 bytes)
[STDERR  ] 2018-01-04T17:42:05.893729139Z: [    0.000000] Memory: 973380K/1048048K available (8049K kernel code, 1367K rwdata, 2700K rodata, 1380K init, 564K bss, 74668K reserved, 0K cma-reserved)
[STDERR  ] 2018-01-04T17:42:05.893738887Z: [    0.000000] Hierarchical RCU implementation.
[STDERR  ] 2018-01-04T17:42:05.893744541Z: [    0.000000] 	Build-time adjustment of leaf fanout to 64.
[STDERR  ] 2018-01-04T17:42:05.893750081Z: [    0.000000] 	RCU restricting CPUs from NR_CPUS=128 to nr_cpu_ids=1.
[STDERR  ] 2018-01-04T17:42:05.893755581Z: [    0.000000] RCU: Adjusting geometry for rcu_fanout_leaf=64, nr_cpu_ids=1
[STDERR  ] 2018-01-04T17:42:05.893762499Z: [    0.000000] NR_IRQS:8448 nr_irqs:256 16
[STDERR  ] 2018-01-04T17:42:05.893767954Z: [    0.000000] Console: colour VGA+ 80x25
[STDERR  ] 2018-01-04T17:42:05.89377584Z: [    0.000000] console [ttyS0] enabled
[STDERR  ] 2018-01-04T17:42:05.89378137Z: [    0.000000] clocksource: hpet: mask: 0xffffffff max_cycles: 0xffffffff, max_idle_ns: 19112604467 ns
[STDERR  ] 2018-01-04T17:42:05.893787058Z: [    0.000000] tsc: Fast TSC calibration using PIT
[STDERR  ] 2018-01-04T17:42:05.893792621Z: [    0.000000] tsc: Detected 2599.754 MHz processor
[STDERR  ] 2018-01-04T17:42:05.893798183Z: [    0.021660] Calibrating delay loop (skipped), value calculated using timer frequency.. 5199.50 BogoMIPS (lpj=25997540)
[STDERR  ] 2018-01-04T17:42:05.893808011Z: [    0.022487] pid_max: default: 32768 minimum: 301
[STDERR  ] 2018-01-04T17:42:05.893813668Z: [    0.023380] ACPI: Core revision 20160831
[STDERR  ] 2018-01-04T17:42:05.893819187Z: [    0.047023] ACPI: 1 ACPI AML tables successfully acquired and loaded
[STDERR  ] 2018-01-04T17:42:05.893824751Z: [    0.051270] Security Framework initialized
[STDERR  ] 2018-01-04T17:42:05.893830342Z: [    0.051683] Yama: becoming mindful.
[STDERR  ] 2018-01-04T17:42:05.893835842Z: [    0.053623] Mount-cache hash table entries: 2048 (order: 2, 16384 bytes)
[STDERR  ] 2018-01-04T17:42:05.89384138Z: [    0.054106] Mountpoint-cache hash table entries: 2048 (order: 2, 16384 bytes)
[STDERR  ] 2018-01-04T17:42:05.893846926Z: [    0.072173] Last level iTLB entries: 4KB 0, 2MB 0, 4MB 0
[STDERR  ] 2018-01-04T17:42:05.893852442Z: [    0.072614] Last level dTLB entries: 4KB 0, 2MB 0, 4MB 0, 1GB 0
[STDERR  ] 2018-01-04T17:42:05.893858087Z: [    0.380979] Freeing SMP alternatives memory: 20K
[STDERR  ] 2018-01-04T17:42:05.893863649Z: [    0.389315] ftrace: allocating 35540 entries in 139 pages
[STDERR  ] 2018-01-04T17:42:05.893869228Z: [    0.454935] smpboot: Max logical packages: 1
[STDERR  ] 2018-01-04T17:42:05.893874804Z: [    0.462234] ..TIMER: vector=0x30 apic1=0 pin1=2 apic2=-1 pin2=-1
[STDERR  ] 2018-01-04T17:42:05.893880372Z: [    0.570000] smpboot: CPU0: AMD QEMU Virtual CPU version 2.5+ (family: 0x6, model: 0x6, stepping: 0x3)
[STDERR  ] 2018-01-04T17:42:05.89388614Z: [    0.570000] Performance Events: PMU not available due to virtualization, using software events only.
[STDERR  ] 2018-01-04T17:42:05.89389171Z: [    0.576873] NMI watchdog: disabled (cpu0): hardware events not enabled
[STDERR  ] 2018-01-04T17:42:05.893897304Z: [    0.577309] NMI watchdog: Shutting down hard lockup detector on all cpus
[STDERR  ] 2018-01-04T17:42:05.893902934Z: [    0.580325] x86: Booted up 1 node, 1 CPUs
[STDERR  ] 2018-01-04T17:42:05.893909926Z: [    0.580701] smpboot: Total of 1 processors activated (5199.50 BogoMIPS)
[STDERR  ] 2018-01-04T17:42:05.893915605Z: [    0.595324] devtmpfs: initialized
[STDERR  ] 2018-01-04T17:42:05.893921126Z: [    0.600972] x86/mm: Memory block size: 128MB
[STDERR  ] 2018-01-04T17:42:05.893926733Z: [    0.626471] clocksource: jiffies: mask: 0xffffffff max_cycles: 0xffffffff, max_idle_ns: 19112604462750000 ns
[STDERR  ] 2018-01-04T17:42:05.89393241Z: [    0.627116] futex hash table entries: 256 (order: 2, 16384 bytes)
[STDERR  ] 2018-01-04T17:42:05.893937968Z: [    0.636263] NET: Registered protocol family 16
[STDERR  ] 2018-01-04T17:42:05.893946547Z: [    0.644957] cpuidle: using governor ladder
[STDERR  ] 2018-01-04T17:42:05.893952257Z: [    0.645246] cpuidle: using governor menu
[STDERR  ] 2018-01-04T17:42:05.893960694Z: [    0.646231] ACPI: bus type PCI registered
[STDERR  ] 2018-01-04T17:42:05.893966267Z: [    0.649217] PCI: MMCONFIG for domain 0000 [bus 00-ff] at [mem 0xb0000000-0xbfffffff] (base 0xb0000000)
[STDERR  ] 2018-01-04T17:42:05.893971844Z: [    0.649662] PCI: MMCONFIG at [mem 0xb0000000-0xbfffffff] reserved in E820
[STDERR  ] 2018-01-04T17:42:05.893977338Z: [    0.650489] PCI: Using configuration type 1 for base access
[STDERR  ] 2018-01-04T17:42:05.893984962Z: [    0.687352] HugeTLB registered 2 MB page size, pre-allocated 0 pages
[STDERR  ] 2018-01-04T17:42:05.893990592Z: [    0.697682] ACPI: Added _OSI(Module Device)
[STDERR  ] 2018-01-04T17:42:05.893996129Z: [    0.697957] ACPI: Added _OSI(Processor Device)
[STDERR  ] 2018-01-04T17:42:05.894003358Z: [    0.698247] ACPI: Added _OSI(3.0 _SCP Extensions)
[STDERR  ] 2018-01-04T17:42:05.894008872Z: [    0.698452] ACPI: Added _OSI(Processor Aggregator Device)
[STDERR  ] 2018-01-04T17:42:05.894014329Z: [    0.745788] ACPI: Interpreter enabled
[STDERR  ] 2018-01-04T17:42:05.894019872Z: [    0.746616] ACPI: (supports S0 S5)
[STDERR  ] 2018-01-04T17:42:05.894025386Z: [    0.746888] ACPI: Using IOAPIC for interrupt routing
[STDERR  ] 2018-01-04T17:42:05.894030837Z: [    0.749149] PCI: Using host bridge windows from ACPI; if necessary, use "pci=nocrs" and report a bug
[STDERR  ] 2018-01-04T17:42:05.894036413Z: [    0.790450] ACPI: PCI Root Bridge [PCI0] (domain 0000 [bus 00-ff])
[STDERR  ] 2018-01-04T17:42:05.894041915Z: [    0.791441] acpi PNP0A08:00: _OSC: OS supports [ExtendedConfig ASPM ClockPM Segments MSI]
[STDERR  ] 2018-01-04T17:42:05.894047511Z: [    0.796428] acpi PNP0A08:00: _OSC: OS now controls [PCIeHotplug PME PCIeCapability]
[STDERR  ] 2018-01-04T17:42:05.894053Z: [    0.799726] PCI host bridge to bus 0000:00
[STDERR  ] 2018-01-04T17:42:05.894060362Z: [    0.800144] pci_bus 0000:00: root bus resource [io  0x0000-0x0cf7 window]
[STDERR  ] 2018-01-04T17:42:05.894065939Z: [    0.800543] pci_bus 0000:00: root bus resource [io  0x0d00-0xffff window]
[STDERR  ] 2018-01-04T17:42:05.89407146Z: [    0.800885] pci_bus 0000:00: root bus resource [mem 0x000a0000-0x000bffff window]
[STDERR  ] 2018-01-04T17:42:05.894076966Z: [    0.801216] pci_bus 0000:00: root bus resource [mem 0xc0000000-0xfebfffff window]
[STDERR  ] 2018-01-04T17:42:05.894082452Z: [    0.801693] pci_bus 0000:00: root bus resource [bus 00-ff]
[STDERR  ] 2018-01-04T17:42:05.894087983Z: [    0.966893] pci 0000:00:1f.0: quirk: [io  0x0600-0x067f] claimed by ICH6 ACPI/GPIO/TCO
[STDERR  ] 2018-01-04T17:42:05.894093534Z: [    1.055747] ACPI: PCI Interrupt Link [LNKA] (IRQs 5 *10 11)
[STDERR  ] 2018-01-04T17:42:05.894099057Z: [    1.057623] ACPI: PCI Interrupt Link [LNKB] (IRQs 5 *10 11)
[STDERR  ] 2018-01-04T17:42:05.894104581Z: [    1.059118] ACPI: PCI Interrupt Link [LNKC] (IRQs 5 10 *11)
[STDERR  ] 2018-01-04T17:42:05.894110113Z: [    1.061004] ACPI: PCI Interrupt Link [LNKD] (IRQs 5 10 *11)
[STDERR  ] 2018-01-04T17:42:05.894115623Z: [    1.062334] ACPI: PCI Interrupt Link [LNKE] (IRQs 5 *10 11)
[STDERR  ] 2018-01-04T17:42:05.894123053Z: [    1.063802] ACPI: PCI Interrupt Link [LNKF] (IRQs 5 *10 11)
[STDERR  ] 2018-01-04T17:42:05.894128523Z: [    1.065240] ACPI: PCI Interrupt Link [LNKG] (IRQs 5 10 *11)
[STDERR  ] 2018-01-04T17:42:05.894133971Z: [    1.066652] ACPI: PCI Interrupt Link [LNKH] (IRQs 5 10 *11)
[STDERR  ] 2018-01-04T17:42:05.894139473Z: [    1.067334] ACPI: PCI Interrupt Link [GSIA] (IRQs *16)
[STDERR  ] 2018-01-04T17:42:05.894148992Z: [    1.067822] ACPI: PCI Interrupt Link [GSIB] (IRQs *17)
[STDERR  ] 2018-01-04T17:42:05.894154514Z: [    1.068288] ACPI: PCI Interrupt Link [GSIC] (IRQs *18)
[STDERR  ] 2018-01-04T17:42:05.894159946Z: [    1.068741] ACPI: PCI Interrupt Link [GSID] (IRQs *19)
[STDERR  ] 2018-01-04T17:42:05.894165411Z: [    1.069222] ACPI: PCI Interrupt Link [GSIE] (IRQs *20)
[STDERR  ] 2018-01-04T17:42:05.894173974Z: [    1.070578] ACPI: PCI Interrupt Link [GSIF] (IRQs *21)
[STDERR  ] 2018-01-04T17:42:05.894179499Z: [    1.071152] ACPI: PCI Interrupt Link [GSIG] (IRQs *22)
[STDERR  ] 2018-01-04T17:42:05.894187839Z: [    1.071632] ACPI: PCI Interrupt Link [GSIH] (IRQs *23)
[STDERR  ] 2018-01-04T17:42:05.8941935Z: [    1.074647] ACPI: Enabled 1 GPEs in block 00 to 3F
[STDERR  ] 2018-01-04T17:42:05.894200506Z: [    1.077870] SCSI subsystem initialized
[STDERR  ] 2018-01-04T17:42:05.894206126Z: [    1.079600] ACPI: bus type USB registered
[STDERR  ] 2018-01-04T17:42:05.894211675Z: [    1.080613] usbcore: registered new interface driver usbfs
[STDERR  ] 2018-01-04T17:42:05.894219686Z: [    1.081281] usbcore: registered new interface driver hub
[STDERR  ] 2018-01-04T17:42:05.894225111Z: [    1.081899] usbcore: registered new device driver usb
[STDERR  ] 2018-01-04T17:42:05.894230534Z: [    1.082903] pps_core: LinuxPPS API ver. 1 registered
[STDERR  ] 2018-01-04T17:42:05.894236071Z: [    1.083112] pps_core: Software ver. 5.3.6 - Copyright 2005-2007 Rodolfo Giometti <giometti@linux.it>
[STDERR  ] 2018-01-04T17:42:05.894241917Z: [    1.083661] PTP clock support registered
[STDERR  ] 2018-01-04T17:42:05.894247411Z: [    1.084623] wmi: Mapper loaded
[STDERR  ] 2018-01-04T17:42:05.894252982Z: [    1.085634] PCI: Using ACPI for IRQ routing
[STDERR  ] 2018-01-04T17:42:05.894258596Z: [    1.100284] NetLabel: Initializing
[STDERR  ] 2018-01-04T17:42:05.894264136Z: [    1.100485] NetLabel:  domain hash size = 128
[STDERR  ] 2018-01-04T17:42:05.894269588Z: [    1.100834] NetLabel:  protocols = UNLABELED CIPSOv4
[STDERR  ] 2018-01-04T17:42:05.894275097Z: [    1.103194] NetLabel:  unlabeled traffic allowed by default
[STDERR  ] 2018-01-04T17:42:05.894280573Z: [    1.104126] HPET: 3 timers in total, 0 timers will be used for per-cpu timer
[STDERR  ] 2018-01-04T17:42:05.894286172Z: [    1.104779] hpet0: at MMIO 0xfed00000, IRQs 2, 8, 0
[STDERR  ] 2018-01-04T17:42:05.894294818Z: [    1.105184] hpet0: 3 comparators, 64-bit 100.000000 MHz counter
[STDERR  ] 2018-01-04T17:42:05.894300476Z: [    1.111435] clocksource: Switched to clocksource hpet
[STDERR  ] 2018-01-04T17:42:05.894305928Z: [    1.283795] VFS: Disk quotas dquot_6.6.0
[STDERR  ] 2018-01-04T17:42:05.894311388Z: [    1.284397] VFS: Dquot-cache hash table entries: 512 (order 0, 4096 bytes)
[STDERR  ] 2018-01-04T17:42:05.894316971Z: [    1.287687] FS-Cache: Loaded
[STDERR  ] 2018-01-04T17:42:05.894322604Z: [    1.292899] CacheFiles: Loaded
[STDERR  ] 2018-01-04T17:42:05.894328212Z: [    1.294355] pnp: PnP ACPI init
[STDERR  ] 2018-01-04T17:42:05.894334142Z: [    1.303790] pnp: PnP ACPI: found 5 devices
[STDERR  ] 2018-01-04T17:42:05.894339633Z: [    1.340565] clocksource: acpi_pm: mask: 0xffffff max_cycles: 0xffffff, max_idle_ns: 2085701024 ns
[STDERR  ] 2018-01-04T17:42:05.894345191Z: [    1.348153] NET: Registered protocol family 2
[STDERR  ] 2018-01-04T17:42:05.894350752Z: [    1.356442] TCP established hash table entries: 8192 (order: 4, 65536 bytes)
[STDERR  ] 2018-01-04T17:42:05.894359464Z: [    1.357217] TCP bind hash table entries: 8192 (order: 5, 131072 bytes)
[STDERR  ] 2018-01-04T17:42:05.894365019Z: [    1.357856] TCP: Hash tables configured (established 8192 bind 8192)
[STDERR  ] 2018-01-04T17:42:05.894370531Z: [    1.359696] UDP hash table entries: 512 (order: 2, 16384 bytes)
[STDERR  ] 2018-01-04T17:42:05.894376116Z: [    1.360389] UDP-Lite hash table entries: 512 (order: 2, 16384 bytes)
[STDERR  ] 2018-01-04T17:42:05.89438377Z: [    1.362516] NET: Registered protocol family 1
[STDERR  ] 2018-01-04T17:42:05.8943894Z: [    1.363536] pci 0000:00:01.0: Video device with shadowed ROM at [mem 0x000c0000-0x000dffff]
[STDERR  ] 2018-01-04T17:42:05.894394991Z: [    1.371608] Unpacking initramfs...
[STDERR  ] 2018-01-04T17:42:05.894400553Z: [    7.620336] Freeing initrd memory: 40792K
[STDERR  ] 2018-01-04T17:42:05.894406112Z: [    7.640485] PCLMULQDQ-NI instructions are not detected.
[STDERR  ] 2018-01-04T17:42:05.894413105Z: [    7.642254] AVX or AES-NI instructions are not detected.
[STDERR  ] 2018-01-04T17:42:05.89442333Z: [    7.642662] CPU feature 'AVX registers' is not supported.
[STDERR  ] 2018-01-04T17:42:05.894432465Z: [    7.643026] CPU feature 'AVX registers' is not supported.
[STDERR  ] 2018-01-04T17:42:05.894438131Z: [    7.643347] CPU feature 'AVX registers' is not supported.
[STDERR  ] 2018-01-04T17:42:05.894443677Z: [    7.643655] CPU feature 'AVX registers' is not supported.
[STDERR  ] 2018-01-04T17:42:05.894449172Z: [    7.643993] AVX2 or AES-NI instructions are not detected.
[STDERR  ] 2018-01-04T17:42:05.894454643Z: [    7.644299] AVX2 instructions are not detected.
[STDERR  ] 2018-01-04T17:42:05.894465004Z: [    7.648981] audit: initializing netlink subsys (disabled)
[STDERR  ] 2018-01-04T17:42:05.894470492Z: [    7.651066] audit: type=2000 audit(1515087686.650:1): initialized
[STDERR  ] 2018-01-04T17:42:05.894476055Z: [    7.656795] workingset: timestamp_bits=46 max_order=18 bucket_order=0
[STDERR  ] 2018-01-04T17:42:05.894481635Z: [    7.659931] squashfs: version 4.0 (2009/01/31) Phillip Lougher
[STDERR  ] 2018-01-04T17:42:05.894487189Z: [    7.663243] FS-Cache: Netfs 'cifs' registered for caching
[STDERR  ] 2018-01-04T17:42:05.894492793Z: [    7.664100] fuse init (API version 7.26)
[STDERR  ] 2018-01-04T17:42:05.894498489Z: [    7.669452] SGI XFS with ACLs, security attributes, no debug enabled
[STDERR  ] 2018-01-04T17:42:05.894504091Z: [    7.673116] 9p: Installing v9fs 9p2000 file system support
[STDERR  ] 2018-01-04T17:42:05.894509676Z: [    7.673619] FS-Cache: Netfs '9p' registered for caching
[STDERR  ] 2018-01-04T17:42:05.894515189Z: [    7.696266] NET: Registered protocol family 38
[STDERR  ] 2018-01-04T17:42:05.894520705Z: [    7.696800] Key type asymmetric registered
[STDERR  ] 2018-01-04T17:42:05.894526187Z: [    7.697121] Asymmetric key parser 'x509' registered
[STDERR  ] 2018-01-04T17:42:05.89453179Z: [    7.698048] Block layer SCSI generic (bsg) driver version 0.4 loaded (major 251)
[STDERR  ] 2018-01-04T17:42:05.894537444Z: [    7.699384] io scheduler noop registered
[STDERR  ] 2018-01-04T17:42:05.894542928Z: [    7.699726] io scheduler deadline registered (default)
[STDERR  ] 2018-01-04T17:42:05.894550908Z: [    7.701485] io scheduler cfq registered
[STDERR  ] 2018-01-04T17:42:05.894556385Z: [    7.703790] pci_hotplug: PCI Hot Plug PCI Core version: 0.5
[STDERR  ] 2018-01-04T17:42:05.894561952Z: [    7.704341] pciehp: PCI Express Hot Plug Controller Driver version: 0.4
[STDERR  ] 2018-01-04T17:42:05.894567523Z: [    7.705037] shpchp: Standard Hot Plug PCI Controller Driver version: 0.4
[STDERR  ] 2018-01-04T17:42:05.894573026Z: [    7.705725] hv_vmbus: registering driver hyperv_fb
[STDERR  ] 2018-01-04T17:42:05.894578592Z: [    7.708368] input: Power Button as /devices/LNXSYSTM:00/LNXPWRBN:00/input/input0
[STDERR  ] 2018-01-04T17:42:05.894584171Z: [    7.709412] ACPI: Power Button [PWRF]
[STDERR  ] 2018-01-04T17:42:05.894591376Z: [    7.714205] GHES: HEST is not enabled!
[STDERR  ] 2018-01-04T17:42:05.894596938Z: [    7.722310] ACPI: PCI Interrupt Link [GSIG] enabled at IRQ 22
[STDERR  ] 2018-01-04T17:42:05.89460241Z: [    7.732528] ACPI: PCI Interrupt Link [GSIH] enabled at IRQ 23
[STDERR  ] 2018-01-04T17:42:05.89460801Z: [    7.737005] xenfs: not registering filesystem on non-xen platform
[STDERR  ] 2018-01-04T17:42:05.894613564Z: [    7.739578] Serial: 8250/16550 driver, 4 ports, IRQ sharing disabled
[STDERR  ] 2018-01-04T17:42:05.894619104Z: [    7.763941] 00:04: ttyS0 at I/O 0x3f8 (irq = 4, base_baud = 115200) is a 16550A
[STDERR  ] 2018-01-04T17:42:05.894624763Z: [    7.774069] Non-volatile memory driver v1.3
[STDERR  ] 2018-01-04T17:42:05.894630241Z: [    7.779845] Hangcheck: starting hangcheck timer 0.9.1 (tick is 180 seconds, margin is 60 seconds).
[STDERR  ] 2018-01-04T17:42:05.894636159Z: [    7.785919] random: fast init done
[STDERR  ] 2018-01-04T17:42:05.894641639Z: [    7.787015] random: crng init done
[STDERR  ] 2018-01-04T17:42:05.89464727Z: [    7.814897] loop: module loaded
[STDERR  ] 2018-01-04T17:42:05.894656188Z: [    7.826547] nbd: registered device at major 43
[STDERR  ] 2018-01-04T17:42:05.894661819Z: [    7.854646] lpc_ich 0000:00:1f.0: I/O space for GPIO uninitialized
[STDERR  ] 2018-01-04T17:42:05.894670848Z: [    7.856477] VMware PVSCSI driver - version 1.0.7.0-k
[STDERR  ] 2018-01-04T17:42:05.894676503Z: [    7.857211] hv_vmbus: registering driver hv_storvsc
[STDERR  ] 2018-01-04T17:42:05.894681994Z: [    7.863780] ACPI: PCI Interrupt Link [GSIA] enabled at IRQ 16
[STDERR  ] 2018-01-04T17:42:05.89468749Z: [    7.869681] ahci 0000:00:1f.2: AHCI 0001.0000 32 slots 6 ports 1.5 Gbps 0x3f impl SATA mode
[STDERR  ] 2018-01-04T17:42:05.894694849Z: [    7.870544] ahci 0000:00:1f.2: flags: 64bit ncq only 
[STDERR  ] 2018-01-04T17:42:05.894700428Z: [    7.886431] scsi host0: ahci
[STDERR  ] 2018-01-04T17:42:05.89470591Z: [    7.889405] scsi host1: ahci
[STDERR  ] 2018-01-04T17:42:05.894711431Z: [    7.891193] scsi host2: ahci
[STDERR  ] 2018-01-04T17:42:05.894716903Z: [    7.892837] scsi host3: ahci
[STDERR  ] 2018-01-04T17:42:05.894722387Z: [    7.894435] scsi host4: ahci
[STDERR  ] 2018-01-04T17:42:05.894727861Z: [    7.896005] scsi host5: ahci
[STDERR  ] 2018-01-04T17:42:05.894736811Z: [    7.897469] ata1: SATA max UDMA/133 abar m4096@0xfebd2000 port 0xfebd2100 irq 24
[STDERR  ] 2018-01-04T17:42:05.894742348Z: [    7.897972] ata2: SATA max UDMA/133 abar m4096@0xfebd2000 port 0xfebd2180 irq 24
[STDERR  ] 2018-01-04T17:42:05.89474801Z: [    7.898297] ata3: SATA max UDMA/133 abar m4096@0xfebd2000 port 0xfebd2200 irq 24
[STDERR  ] 2018-01-04T17:42:05.894753686Z: [    7.898619] ata4: SATA max UDMA/133 abar m4096@0xfebd2000 port 0xfebd2280 irq 24
[STDERR  ] 2018-01-04T17:42:05.894761127Z: [    7.898970] ata5: SATA max UDMA/133 abar m4096@0xfebd2000 port 0xfebd2300 irq 24
[STDERR  ] 2018-01-04T17:42:05.894766577Z: [    7.899328] ata6: SATA max UDMA/133 abar m4096@0xfebd2000 port 0xfebd2380 irq 24
[STDERR  ] 2018-01-04T17:42:05.894774108Z: [    7.909741] tun: Universal TUN/TAP device driver, 1.6
[STDERR  ] 2018-01-04T17:42:05.894779646Z: [    7.910331] tun: (C) 1999-2004 Max Krasnyansky <maxk@qualcomm.com>
[STDERR  ] 2018-01-04T17:42:05.894785107Z: [    7.921359] VMware vmxnet3 virtual NIC driver - version 1.4.a.0-k-NAPI
[STDERR  ] 2018-01-04T17:42:05.894790606Z: [    7.922549] hv_vmbus: registering driver hv_netvsc
[STDERR  ] 2018-01-04T17:42:05.894796263Z: [    7.922860] Fusion MPT base driver 3.04.20
[STDERR  ] 2018-01-04T17:42:05.894801771Z: [    7.923088] Copyright (c) 1999-2008 LSI Corporation
[STDERR  ] 2018-01-04T17:42:05.894811769Z: [    7.923680] Fusion MPT SPI Host driver 3.04.20
[STDERR  ] 2018-01-04T17:42:05.894817199Z: [    7.925402] i8042: PNP: PS/2 Controller [PNP0303:KBD,PNP0f13:MOU] at 0x60,0x64 irq 1,12
[STDERR  ] 2018-01-04T17:42:05.89482291Z: [    7.929117] serio: i8042 KBD port at 0x60,0x64 irq 1
[STDERR  ] 2018-01-04T17:42:05.894828437Z: [    7.929672] serio: i8042 AUX port at 0x60,0x64 irq 12
[STDERR  ] 2018-01-04T17:42:05.894833926Z: [    7.932490] hv_vmbus: registering driver hyperv_keyboard
[STDERR  ] 2018-01-04T17:42:05.894839437Z: [    7.934328] mousedev: PS/2 mouse device common for all mice
[STDERR  ] 2018-01-04T17:42:05.894844975Z: [    7.938492] input: AT Translated Set 2 keyboard as /devices/platform/i8042/serio0/input/input1
[STDERR  ] 2018-01-04T17:42:05.894853543Z: [    7.941118] input: PC Speaker as /devices/platform/pcspkr/input/input2
[STDERR  ] 2018-01-04T17:42:05.894859014Z: [    7.944199] rtc_cmos 00:00: RTC can wake from S4
[STDERR  ] 2018-01-04T17:42:05.894864515Z: [    7.947110] rtc_cmos 00:00: rtc core: registered rtc_cmos as rtc0
[STDERR  ] 2018-01-04T17:42:05.894870116Z: [    7.948256] rtc_cmos 00:00: alarms up to one day, y3k, 114 bytes nvram, hpet irqs
[STDERR  ] 2018-01-04T17:42:05.894875723Z: [    7.948809] i2c /dev entries driver
[STDERR  ] 2018-01-04T17:42:05.894881287Z: [    7.950669] device-mapper: ioctl: 4.35.0-ioctl (2016-06-23) initialised: dm-devel@redhat.com
[STDERR  ] 2018-01-04T17:42:05.89488684Z: [    7.954396] usbcore: registered new interface driver usbhid
[STDERR  ] 2018-01-04T17:42:05.894897286Z: [    7.954747] usbhid: USB HID core driver
[STDERR  ] 2018-01-04T17:42:05.894903249Z: [    7.955338] hv_utils: Registering HyperV Utility Driver
[STDERR  ] 2018-01-04T17:42:05.894911766Z: [    7.955598] hv_vmbus: registering driver hv_util
[STDERR  ] 2018-01-04T17:42:05.894917395Z: [    7.955843] hv_vmbus: registering driver hv_balloon
[STDERR  ] 2018-01-04T17:42:05.894922941Z: [    7.956323] oprofile: using NMI interrupt.
[STDERR  ] 2018-01-04T17:42:05.894928412Z: [    7.957408] GACT probability on
[STDERR  ] 2018-01-04T17:42:05.894935561Z: [    7.957849] Mirror/redirect action on
[STDERR  ] 2018-01-04T17:42:05.89494112Z: [    7.958699] Simple TC action Loaded
[STDERR  ] 2018-01-04T17:42:05.894946642Z: [    7.959268] u32 classifier
[STDERR  ] 2018-01-04T17:42:05.894952188Z: [    7.959422]     Performance counters on
[STDERR  ] 2018-01-04T17:42:05.894957636Z: [    7.959601]     input device check on
[STDERR  ] 2018-01-04T17:42:05.894963072Z: [    7.959789]     Actions configured
[STDERR  ] 2018-01-04T17:42:05.894970405Z: [    7.960758] Netfilter messages via NETLINK v0.30.
[STDERR  ] 2018-01-04T17:42:05.894977303Z: [    7.961327] nfnl_acct: registering with nfnetlink.
[STDERR  ] 2018-01-04T17:42:05.894982819Z: [    7.962630] nf_conntrack version 0.5.0 (8192 buckets, 32768 max)
[STDERR  ] 2018-01-04T17:42:05.894988327Z: [    7.965641] ctnetlink v0.93: registering with nfnetlink.
[STDERR  ] 2018-01-04T17:42:05.894993807Z: [    7.968449] nf_tables: (c) 2007-2009 Patrick McHardy <kaber@trash.net>
[STDERR  ] 2018-01-04T17:42:05.894999266Z: [    7.969257] nf_tables_compat: (c) 2012 Pablo Neira Ayuso <pablo@netfilter.org>
[STDERR  ] 2018-01-04T17:42:05.89500475Z: [    7.971692] xt_time: kernel timezone is -0000
[STDERR  ] 2018-01-04T17:42:05.895010329Z: [    7.972183] ip_set: protocol 6
[STDERR  ] 2018-01-04T17:42:05.895015836Z: [    7.972886] IPVS: Registered protocols (TCP, UDP, SCTP, AH, ESP)
[STDERR  ] 2018-01-04T17:42:05.895021306Z: [    7.973452] IPVS: Connection hash table configured (size=4096, memory=64Kbytes)
[STDERR  ] 2018-01-04T17:42:05.895026797Z: [    7.975068] IPVS: Creating netns size=2104 id=0
[STDERR  ] 2018-01-04T17:42:05.895032306Z: [    7.977590] IPVS: ipvs loaded.
[STDERR  ] 2018-01-04T17:42:05.895037735Z: [    7.977930] IPVS: [rr] scheduler registered.
[STDERR  ] 2018-01-04T17:42:05.895043219Z: [    7.978209] IPVS: [wrr] scheduler registered.
[STDERR  ] 2018-01-04T17:42:05.895048731Z: [    7.978426] IPVS: [lc] scheduler registered.
[STDERR  ] 2018-01-04T17:42:05.895054169Z: [    7.978632] IPVS: [wlc] scheduler registered.
[STDERR  ] 2018-01-04T17:42:05.89505962Z: [    7.978836] IPVS: [fo] scheduler registered.
[STDERR  ] 2018-01-04T17:42:05.895065254Z: [    7.979043] IPVS: [ovf] scheduler registered.
[STDERR  ] 2018-01-04T17:42:05.895070745Z: [    7.979428] IPVS: [lblc] scheduler registered.
[STDERR  ] 2018-01-04T17:42:05.895076188Z: [    7.979850] IPVS: [lblcr] scheduler registered.
[STDERR  ] 2018-01-04T17:42:05.895081677Z: [    7.980572] IPVS: [dh] scheduler registered.
[STDERR  ] 2018-01-04T17:42:05.895087109Z: [    7.980833] IPVS: [sh] scheduler registered.
[STDERR  ] 2018-01-04T17:42:05.89509254Z: [    7.981038] IPVS: [sed] scheduler registered.
[STDERR  ] 2018-01-04T17:42:05.895098054Z: [    7.981256] IPVS: [nq] scheduler registered.
[STDERR  ] 2018-01-04T17:42:05.89510354Z: [    7.981889] IPVS: ftp: loaded support on port[0] = 21
[STDERR  ] 2018-01-04T17:42:05.895109081Z: [    7.982699] ipip: IPv4 and MPLS over IPv4 tunneling driver
[STDERR  ] 2018-01-04T17:42:05.895116449Z: [    7.986162] gre: GRE over IPv4 demultiplexor driver
[STDERR  ] 2018-01-04T17:42:05.895121987Z: [    7.988823] ip_tables: (C) 2000-2006 Netfilter Core Team
[STDERR  ] 2018-01-04T17:42:05.895127502Z: [    7.992252] ipt_CLUSTERIP: ClusterIP Version 0.8 loaded successfully
[STDERR  ] 2018-01-04T17:42:05.895133057Z: [    7.992990] arp_tables: arp_tables: (C) 2002 David S. Miller
[STDERR  ] 2018-01-04T17:42:05.895138588Z: [    7.995165] NET: Registered protocol family 10
[STDERR  ] 2018-01-04T17:42:05.8951469Z: [    8.004091] ip6_tables: (C) 2000-2006 Netfilter Core Team
[STDERR  ] 2018-01-04T17:42:05.895157493Z: [    8.012135] NET: Registered protocol family 17
[STDERR  ] 2018-01-04T17:42:05.89516625Z: [    8.013190] Bridge firewalling registered
[STDERR  ] 2018-01-04T17:42:05.895171878Z: [    8.013795] Ebtables v2.0 registered
[STDERR  ] 2018-01-04T17:42:05.895177275Z: [    8.015552] 8021q: 802.1Q VLAN Support v1.8
[STDERR  ] 2018-01-04T17:42:05.895182694Z: [    8.017000] 9pnet: Installing 9P2000 support
[STDERR  ] 2018-01-04T17:42:05.895188153Z: [    8.018451] Key type dns_resolver registered
[STDERR  ] 2018-01-04T17:42:05.895195255Z: [    8.019386] microcode: AMD CPU family 0x6 not supported
[STDERR  ] 2018-01-04T17:42:05.895200759Z: [    8.022997] registered taskstats version 1
[STDERR  ] 2018-01-04T17:42:05.895206235Z: [    8.182073] Key type big_key registered
[STDERR  ] 2018-01-04T17:42:05.895211648Z: [    8.232108] ata2: SATA link up 1.5 Gbps (SStatus 113 SControl 300)
[STDERR  ] 2018-01-04T17:42:05.895217156Z: [    8.237787] ata2.00: ATA-7: QEMU HARDDISK, 2.5+, max UDMA/100
[STDERR  ] 2018-01-04T17:42:05.895222611Z: [    8.238204] ata2.00: 1048576 sectors, multi 16: LBA48 NCQ (depth 31/32)
[STDERR  ] 2018-01-04T17:42:05.895228038Z: [    8.238689] ata2.00: applying bridge limits
[STDERR  ] 2018-01-04T17:42:05.895233524Z: [    8.239957] ata1: SATA link up 1.5 Gbps (SStatus 113 SControl 300)
[STDERR  ] 2018-01-04T17:42:05.895238982Z: [    8.240804] ata1.00: ATA-7: QEMU HARDDISK, 2.5+, max UDMA/100
[STDERR  ] 2018-01-04T17:42:05.895244518Z: [    8.241077] ata1.00: 1048576 sectors, multi 16: LBA48 NCQ (depth 31/32)
[STDERR  ] 2018-01-04T17:42:05.895250042Z: [    8.241321] ata1.00: applying bridge limits
[STDERR  ] 2018-01-04T17:42:05.895255482Z: [    8.242230] ata1.00: configured for UDMA/100
[STDERR  ] 2018-01-04T17:42:05.89526086Z: [    8.244815] ata3: SATA link up 1.5 Gbps (SStatus 113 SControl 300)
[STDERR  ] 2018-01-04T17:42:05.895266375Z: [    8.245575] ata3.00: ATAPI: QEMU DVD-ROM, 2.5+, max UDMA/100
[STDERR  ] 2018-01-04T17:42:05.895271807Z: [    8.245910] ata3.00: applying bridge limits
[STDERR  ] 2018-01-04T17:42:05.895277162Z: [    8.246341] ata3.00: configured for UDMA/100
[STDERR  ] 2018-01-04T17:42:05.895282632Z: [    8.247979] ata4: SATA link down (SStatus 0 SControl 300)
[STDERR  ] 2018-01-04T17:42:05.895290753Z: [    8.250280] ata5: SATA link down (SStatus 0 SControl 300)
[STDERR  ] 2018-01-04T17:42:05.895296248Z: [    8.250697] ata6: SATA link down (SStatus 0 SControl 300)
[STDERR  ] 2018-01-04T17:42:05.895301677Z: [    8.260608] ata2.00: configured for UDMA/100
[STDERR  ] 2018-01-04T17:42:05.895307116Z: [    8.268235] scsi 0:0:0:0: Direct-Access     ATA      QEMU HARDDISK    2.5+ PQ: 0 ANSI: 5
[STDERR  ] 2018-01-04T17:42:05.895312639Z: [    8.275738] sd 0:0:0:0: [sda] 1048576 512-byte logical blocks: (537 MB/512 MiB)
[STDERR  ] 2018-01-04T17:42:05.895318139Z: [    8.279515] sd 0:0:0:0: [sda] Write Protect is off
[STDERR  ] 2018-01-04T17:42:05.895408651Z: [    8.291206] sd 0:0:0:0: Attached scsi generic sg0 type 0
[STDERR  ] 2018-01-04T17:42:05.895418735Z: [    8.292591] sd 0:0:0:0: [sda] Write cache: enabled, read cache: enabled, doesn't support DPO or FUA
[STDERR  ] 2018-01-04T17:42:05.895443922Z: [    8.297168] scsi 1:0:0:0: Direct-Access     ATA      QEMU HARDDISK    2.5+ PQ: 0 ANSI: 5
[STDERR  ] 2018-01-04T17:42:05.895452578Z: [    8.300727] sd 1:0:0:0: [sdb] 1048576 512-byte logical blocks: (537 MB/512 MiB)
[STDERR  ] 2018-01-04T17:42:05.895462981Z: [    8.302031] sd 1:0:0:0: Attached scsi generic sg1 type 0
[STDERR  ] 2018-01-04T17:42:05.895471021Z: [    8.302773] sd 1:0:0:0: [sdb] Write Protect is off
[STDERR  ] 2018-01-04T17:42:05.895478957Z: [    8.305303] sd 1:0:0:0: [sdb] Write cache: enabled, read cache: enabled, doesn't support DPO or FUA
[STDERR  ] 2018-01-04T17:42:05.895487002Z: [    8.309263] scsi 2:0:0:0: CD-ROM            QEMU     QEMU DVD-ROM     2.5+ PQ: 0 ANSI: 5
[STDERR  ] 2018-01-04T17:42:05.895495209Z: [    8.333259] sr 2:0:0:0: [sr0] scsi3-mmc drive: 4x/4x cd/rw xa/form2 tray
[STDERR  ] 2018-01-04T17:42:05.895517297Z: [    8.333881] cdrom: Uniform CD-ROM driver Revision: 3.20
[STDERR  ] 2018-01-04T17:42:05.895526181Z: [    8.342372] sd 1:0:0:0: [sdb] Attached SCSI disk
[STDERR  ] 2018-01-04T17:42:05.895539041Z: [    8.343511] sr 2:0:0:0: Attached scsi generic sg2 type 5
[STDERR  ] 2018-01-04T17:42:05.895547383Z: [    8.351647] sd 0:0:0:0: [sda] Attached SCSI disk
[STDERR  ] 2018-01-04T17:42:05.895555427Z: [    8.385064] Key type encrypted registered
[STDERR  ] 2018-01-04T17:42:05.895563423Z: [    8.389939] rtc_cmos 00:00: setting system clock to 2018-01-04 17:41:27 UTC (1515087687)
[STDERR  ] 2018-01-04T17:42:05.895571643Z: [    8.518005] Freeing unused kernel memory: 1380K
[STDERR  ] 2018-01-04T17:42:05.895579602Z: [    8.518314] Write protecting the kernel read-only data: 12288k
[STDERR  ] 2018-01-04T17:42:05.895596398Z: [    8.523039] Freeing unused kernel memory: 128K
[STDERR  ] 2018-01-04T17:42:05.895604631Z: [    8.559435] Freeing unused kernel memory: 1396K
[STDERR  ] 2018-01-04T17:42:05.895612775Z: [    8.641141] tsc: Refined TSC clocksource calibration: 2599.767 MHz
[STDERR  ] 2018-01-04T17:42:05.89562072Z: [    8.641637] clocksource: tsc: mask: 0xffffffffffffffff max_cycles: 0x25796011374, max_idle_ns: 440795332112 ns
[STDERR  ] 2018-01-04T17:42:05.895628791Z: [    9.656103] clocksource: Switched to clocksource tsc
[STDERR  ] 2018-01-04T17:42:05.895636548Z: 
[STDERR  ] 2018-01-04T17:42:05.895644505Z: Welcome to LinuxKit
[STDERR  ] 2018-01-04T17:42:05.895652459Z: 
[STDERR  ] 2018-01-04T17:42:05.895660599Z:                         ##         .
[STDERR  ] 2018-01-04T17:42:05.895677036Z:                   ## ## ##        ==
[STDERR  ] 2018-01-04T17:42:05.895685071Z:                ## ## ## ## ##    ===
[STDERR  ] 2018-01-04T17:42:05.895693124Z:            /"""""""""""""""""\___/ ===
[STDERR  ] 2018-01-04T17:42:05.895718228Z:           {                       /  ===-
[STDERR  ] 2018-01-04T17:42:05.895726133Z:            \______ O           __/
[STDERR  ] 2018-01-04T17:42:05.895734114Z:              \    \         __/
[STDERR  ] 2018-01-04T17:42:05.895757067Z:               \____\_______/
[STDERR  ] 2018-01-04T17:42:05.895764962Z: 
[STDERR  ] 2018-01-04T17:42:05.895773196Z: [   21.208104] IPVS: Creating netns size=2104 id=1
[STDERR  ] 2018-01-04T17:42:05.895781187Z: [   21.208490] IPVS: ftp: loaded support on port[0] = 21
[STDERR  ] 2018-01-04T17:42:05.895794437Z: 2018/01/04 17:41:41 Creating partition on /dev/sda
[STDERR  ] 2018-01-04T17:42:05.895806882Z: [   22.377762]  sda:
[STDERR  ] 2018-01-04T17:42:05.895814993Z: [   22.440010]  sda:
[STDERR  ] 2018-01-04T17:42:05.895831996Z: [   22.495142]  sda: sda1
[STDERR  ] 2018-01-04T17:42:05.895839966Z: [   22.550853]  sda: sda1
[STDERR  ] 2018-01-04T17:42:05.895852913Z: 2018/01/04 17:41:43 Partition /dev/sda1 successfully created!
[STDERR  ] 2018-01-04T17:42:05.895860867Z: [   24.805254] IPVS: Creating netns size=2104 id=2
[STDERR  ] 2018-01-04T17:42:05.895868747Z: [   24.805486] IPVS: ftp: loaded support on port[0] = 21
[STDERR  ] 2018-01-04T17:42:05.895876776Z: 2018/01/04 17:41:44 /dev/sda has content. blkid returned: /dev/sda: PTUUID="7d12adc9" PTTYPE="dos"
[STDERR  ] 2018-01-04T17:42:05.895884754Z: 2018/01/04 17:41:44 Creating partition on /dev/sdb
[STDERR  ] 2018-01-04T17:42:05.895903468Z: [   25.967684]  sdb:
[STDERR  ] 2018-01-04T17:42:05.895911705Z: [   26.034429]  sdb:
[STDERR  ] 2018-01-04T17:42:05.895919653Z: [   26.090889]  sdb: sdb1
[STDERR  ] 2018-01-04T17:42:05.895927637Z: [   26.150793]  sdb: sdb1
[STDERR  ] 2018-01-04T17:42:05.895935548Z: 2018/01/04 17:41:46 Partition /dev/sdb1 successfully created!
[STDERR  ] 2018-01-04T17:42:05.895943427Z: [   28.382959] IPVS: Creating netns size=2104 id=3
[STDERR  ] 2018-01-04T17:42:05.895951429Z: [   28.383195] IPVS: ftp: loaded support on port[0] = 21
[STDERR  ] 2018-01-04T17:42:05.895959519Z: [   29.609338] EXT4-fs (sda1): couldn't mount as ext3 due to feature incompatibilities
[STDERR  ] 2018-01-04T17:42:05.895967656Z: [   29.616938] EXT4-fs (sda1): couldn't mount as ext2 due to feature incompatibilities
[STDERR  ] 2018-01-04T17:42:05.895988106Z: [   29.642217] EXT4-fs (sda1): mounted filesystem with ordered data mode. Opts: (null)
[STDERR  ] 2018-01-04T17:42:05.896000033Z: [   31.352886] IPVS: Creating netns size=2104 id=4
[STDERR  ] 2018-01-04T17:42:05.896008099Z: [   31.356065] IPVS: ftp: loaded support on port[0] = 21
[STDERR  ] 2018-01-04T17:42:05.896016035Z: [   32.875313] EXT4-fs (sdb1): couldn't mount as ext3 due to feature incompatibilities
[STDERR  ] 2018-01-04T17:42:05.896024029Z: [   32.883786] EXT4-fs (sdb1): couldn't mount as ext2 due to feature incompatibilities
[STDERR  ] 2018-01-04T17:42:05.896032098Z: [   32.914132] EXT4-fs (sdb1): mounted filesystem with ordered data mode. Opts: (null)
[STDERR  ] 2018-01-04T17:42:05.896042868Z: 2018/01/04 17:41:52 Failed to create "symlink ../../sda1 /dev/disk/by-uuid/50c993ff-c920-46af-a03b-9b99a1cc3570: file exists": %!v(MISSING)
[STDERR  ] 2018-01-04T17:42:05.896059967Z: 2018/01/04 17:41:52 Failed to create "symlink ../../sdb1 /dev/disk/by-uuid/9ffd1092-a44d-4f59-92e0-c7cd689089b9: file exists": %!v(MISSING)
[STDERR  ] 2018-01-04T17:42:05.896067959Z: format_mount test suite PASSED
[STDERR  ] 2018-01-04T17:42:05.896075908Z: [   46.124651] sd 1:0:0:0: [sdb] Synchronizing SCSI cache
[STDERR  ] 2018-01-04T17:42:05.896086883Z: [   46.128668] sd 1:0:0:0: [sdb] Stopping disk
[STDERR  ] 2018-01-04T17:42:05.896094893Z: [   46.129350] sd 0:0:0:0: [sda] Synchronizing SCSI cache
[STDERR  ] 2018-01-04T17:42:05.896102785Z: [   46.129770] sd 0:0:0:0: [sda] Stopping disk
[STDERR  ] 2018-01-04T17:42:05.896110679Z: [   46.133797] ACPI: Preparing to enter system sleep state S5
[STDERR  ] 2018-01-04T17:42:05.896118536Z: [   46.137065] reboot: Power down
[STDERR  ] 2018-01-04T17:42:05.896134839Z: + grep -q suite PASSED
[STDOUT  ] 2018-01-04T17:42:05.896153296Z: [    0.000000] Linux version 4.9.74-linuxkit (root@133b92461d02) (gcc version 6.4.0 (Alpine 6.4.0) ) #1 SMP Wed Jan 3 11:41:29 UTC 2018
[STDOUT  ] 2018-01-04T17:42:05.896174212Z: [    0.000000] Command line: console=ttyS0 console=ttyAMA0
[STDOUT  ] 2018-01-04T17:42:05.896182184Z: [    0.000000] x86/fpu: Legacy x87 FPU detected.
[STDOUT  ] 2018-01-04T17:42:05.896190142Z: [    0.000000] x86/fpu: Using 'eager' FPU context switches.
[STDOUT  ] 2018-01-04T17:42:05.896197991Z: [    0.000000] e820: BIOS-provided physical RAM map:
[STDOUT  ] 2018-01-04T17:42:05.896214976Z: [    0.000000] BIOS-e820: [mem 0x0000000000000000-0x000000000009fbff] usable
[STDOUT  ] 2018-01-04T17:42:05.896223086Z: [    0.000000] BIOS-e820: [mem 0x000000000009fc00-0x000000000009ffff] reserved
[STDOUT  ] 2018-01-04T17:42:05.89623102Z: [    0.000000] BIOS-e820: [mem 0x00000000000f0000-0x00000000000fffff] reserved
[STDOUT  ] 2018-01-04T17:42:05.896238973Z: [    0.000000] BIOS-e820: [mem 0x0000000000100000-0x000000003ffddfff] usable
[STDOUT  ] 2018-01-04T17:42:05.896246984Z: [    0.000000] BIOS-e820: [mem 0x000000003ffde000-0x000000003fffffff] reserved
[STDOUT  ] 2018-01-04T17:42:05.896254836Z: [    0.000000] BIOS-e820: [mem 0x00000000b0000000-0x00000000bfffffff] reserved
[STDOUT  ] 2018-01-04T17:42:05.896262669Z: [    0.000000] BIOS-e820: [mem 0x00000000fed1c000-0x00000000fed1ffff] reserved
[STDOUT  ] 2018-01-04T17:42:05.896270563Z: [    0.000000] BIOS-e820: [mem 0x00000000fffc0000-0x00000000ffffffff] reserved
[STDOUT  ] 2018-01-04T17:42:05.896290153Z: [    0.000000] NX (Execute Disable) protection: active
[STDOUT  ] 2018-01-04T17:42:05.896298286Z: [    0.000000] SMBIOS 2.8 present.
[STDOUT  ] 2018-01-04T17:42:05.896306654Z: [    0.000000] e820: last_pfn = 0x3ffde max_arch_pfn = 0x400000000
[STDOUT  ] 2018-01-04T17:42:05.89631481Z: [    0.000000] x86/PAT: Configuration [0-7]: WB  WC  UC- UC  WB  WC  UC- WT  
[STDOUT  ] 2018-01-04T17:42:05.896323153Z: [    0.000000] found SMP MP-table at [mem 0x000f6aa0-0x000f6aaf] mapped at [ffff9c17000f6aa0]
[STDOUT  ] 2018-01-04T17:42:05.896334398Z: [    0.000000] RAMDISK: [mem 0x3d7fa000-0x3ffcffff]
[STDOUT  ] 2018-01-04T17:42:05.896342559Z: [    0.000000] ACPI: Early table checksum verification disabled
[STDOUT  ] 2018-01-04T17:42:05.896364215Z: [    0.000000] ACPI: RSDP 0x00000000000F68B0 000014 (v00 BOCHS )
[STDOUT  ] 2018-01-04T17:42:05.896372884Z: [    0.000000] ACPI: RSDT 0x000000003FFE20A8 000034 (v01 BOCHS  BXPCRSDT 00000001 BXPC 00000001)
[STDOUT  ] 2018-01-04T17:42:05.896385043Z: [    0.000000] ACPI: FACP 0x000000003FFE1EC8 0000F4 (v03 BOCHS  BXPCFACP 00000001 BXPC 00000001)
[STDOUT  ] 2018-01-04T17:42:05.896393181Z: [    0.000000] ACPI: DSDT 0x000000003FFE0040 001E88 (v01 BOCHS  BXPCDSDT 00000001 BXPC 00000001)
[STDOUT  ] 2018-01-04T17:42:05.896401104Z: [    0.000000] ACPI: FACS 0x000000003FFE0000 000040
[STDOUT  ] 2018-01-04T17:42:05.896409143Z: [    0.000000] ACPI: APIC 0x000000003FFE1FBC 000078 (v01 BOCHS  BXPCAPIC 00000001 BXPC 00000001)
[STDOUT  ] 2018-01-04T17:42:05.896417087Z: [    0.000000] ACPI: HPET 0x000000003FFE2034 000038 (v01 BOCHS  BXPCHPET 00000001 BXPC 00000001)
[STDOUT  ] 2018-01-04T17:42:05.896425076Z: [    0.000000] ACPI: MCFG 0x000000003FFE206C 00003C (v01 BOCHS  BXPCMCFG 00000001 BXPC 00000001)
[STDOUT  ] 2018-01-04T17:42:05.896441309Z: [    0.000000] Zone ranges:
[STDOUT  ] 2018-01-04T17:42:05.896451735Z: [    0.000000]   DMA      [mem 0x0000000000001000-0x0000000000ffffff]
[STDOUT  ] 2018-01-04T17:42:05.896459674Z: [    0.000000]   DMA32    [mem 0x0000000001000000-0x000000003ffddfff]
[STDOUT  ] 2018-01-04T17:42:05.896467623Z: [    0.000000]   Normal   empty
[STDOUT  ] 2018-01-04T17:42:05.896478421Z: [    0.000000] Movable zone start for each node
[STDOUT  ] 2018-01-04T17:42:05.896486582Z: [    0.000000] Early memory node ranges
[STDOUT  ] 2018-01-04T17:42:05.896494502Z: [    0.000000]   node   0: [mem 0x0000000000001000-0x000000000009efff]
[STDOUT  ] 2018-01-04T17:42:05.896502385Z: [    0.000000]   node   0: [mem 0x0000000000100000-0x000000003ffddfff]
[STDOUT  ] 2018-01-04T17:42:05.896520695Z: [    0.000000] Initmem setup node 0 [mem 0x0000000000001000-0x000000003ffddfff]
[STDOUT  ] 2018-01-04T17:42:05.896528917Z: [    0.000000] ACPI: PM-Timer IO Port: 0x608
[STDOUT  ] 2018-01-04T17:42:05.896536881Z: [    0.000000] ACPI: LAPIC_NMI (acpi_id[0xff] dfl dfl lint[0x1])
[STDOUT  ] 2018-01-04T17:42:05.89654503Z: [    0.000000] IOAPIC[0]: apic_id 0, version 32, address 0xfec00000, GSI 0-23
[STDOUT  ] 2018-01-04T17:42:05.896552976Z: [    0.000000] ACPI: INT_SRC_OVR (bus 0 bus_irq 0 global_irq 2 dfl dfl)
[STDOUT  ] 2018-01-04T17:42:05.896560914Z: [    0.000000] ACPI: INT_SRC_OVR (bus 0 bus_irq 5 global_irq 5 high level)
[STDOUT  ] 2018-01-04T17:42:05.896568713Z: [    0.000000] ACPI: INT_SRC_OVR (bus 0 bus_irq 9 global_irq 9 high level)
[STDOUT  ] 2018-01-04T17:42:05.896576552Z: [    0.000000] ACPI: INT_SRC_OVR (bus 0 bus_irq 10 global_irq 10 high level)
[STDOUT  ] 2018-01-04T17:42:05.896598304Z: [    0.000000] ACPI: INT_SRC_OVR (bus 0 bus_irq 11 global_irq 11 high level)
[STDOUT  ] 2018-01-04T17:42:05.896606394Z: [    0.000000] Using ACPI (MADT) for SMP configuration information
[STDOUT  ] 2018-01-04T17:42:05.896614503Z: [    0.000000] ACPI: HPET id: 0x8086a201 base: 0xfed00000
[STDOUT  ] 2018-01-04T17:42:05.896622364Z: [    0.000000] smpboot: Allowing 1 CPUs, 0 hotplug CPUs
[STDOUT  ] 2018-01-04T17:42:05.896630242Z: [    0.000000] e820: [mem 0x40000000-0xafffffff] available for PCI devices
[STDOUT  ] 2018-01-04T17:42:05.896638034Z: [    0.000000] Booting paravirtualized kernel on bare hardware
[STDOUT  ] 2018-01-04T17:42:05.896646013Z: [    0.000000] clocksource: refined-jiffies: mask: 0xffffffff max_cycles: 0xffffffff, max_idle_ns: 19112604462750000 ns
[STDOUT  ] 2018-01-04T17:42:05.896657647Z: [    0.000000] setup_percpu: NR_CPUS:128 nr_cpumask_bits:128 nr_cpu_ids:1 nr_node_ids:1
[STDOUT  ] 2018-01-04T17:42:05.896674425Z: [    0.000000] percpu: Embedded 35 pages/cpu @ffff9c173d400000 s105048 r8192 d30120 u2097152
[STDOUT  ] 2018-01-04T17:42:05.896682455Z: [    0.000000] Built 1 zonelists in Zone order, mobility grouping on.  Total pages: 257895
[STDOUT  ] 2018-01-04T17:42:05.896690396Z: [    0.000000] Kernel command line: console=ttyS0 console=ttyAMA0
[STDOUT  ] 2018-01-04T17:42:05.896705925Z: [    0.000000] PID hash table entries: 4096 (order: 3, 32768 bytes)
[STDOUT  ] 2018-01-04T17:42:05.896713993Z: [    0.000000] Dentry cache hash table entries: 131072 (order: 8, 1048576 bytes)
[STDOUT  ] 2018-01-04T17:42:05.896725523Z: [    0.000000] Inode-cache hash table entries: 65536 (order: 7, 524288 bytes)
[STDOUT  ] 2018-01-04T17:42:05.896733699Z: [    0.000000] Memory: 973380K/1048048K available (8049K kernel code, 1367K rwdata, 2700K rodata, 1380K init, 564K bss, 74668K reserved, 0K cma-reserved)
[STDOUT  ] 2018-01-04T17:42:05.89675102Z: [    0.000000] Hierarchical RCU implementation.
[STDOUT  ] 2018-01-04T17:42:05.896759145Z: [    0.000000] 	Build-time adjustment of leaf fanout to 64.
[STDOUT  ] 2018-01-04T17:42:05.896767242Z: [    0.000000] 	RCU restricting CPUs from NR_CPUS=128 to nr_cpu_ids=1.
[STDOUT  ] 2018-01-04T17:42:05.896775138Z: [    0.000000] RCU: Adjusting geometry for rcu_fanout_leaf=64, nr_cpu_ids=1
[STDOUT  ] 2018-01-04T17:42:05.896783327Z: [    0.000000] NR_IRQS:8448 nr_irqs:256 16
[STDOUT  ] 2018-01-04T17:42:05.896791216Z: [    0.000000] Console: colour VGA+ 80x25
[STDOUT  ] 2018-01-04T17:42:05.896799238Z: [    0.000000] console [ttyS0] enabled
[STDOUT  ] 2018-01-04T17:42:05.896812231Z: [    0.000000] clocksource: hpet: mask: 0xffffffff max_cycles: 0xffffffff, max_idle_ns: 19112604467 ns
[STDOUT  ] 2018-01-04T17:42:05.896828835Z: [    0.000000] tsc: Fast TSC calibration using PIT
[STDOUT  ] 2018-01-04T17:42:05.8968368Z: [    0.000000] tsc: Detected 2599.754 MHz processor
[STDOUT  ] 2018-01-04T17:42:05.896846707Z: [    0.021660] Calibrating delay loop (skipped), value calculated using timer frequency.. 5199.50 BogoMIPS (lpj=25997540)
[STDOUT  ] 2018-01-04T17:42:05.896854776Z: [    0.022487] pid_max: default: 32768 minimum: 301
