[INFO    ] 2018-01-30T23:31:00.426823223Z: Running Test linuxkit.packages.format_mount.xfs in /tmp/build/test/cases/040_packages/006_format_mount/004_xfs
[INFO    ] 2018-01-30T23:31:00.426896877Z: Running command: [/bin/sh -x /tmp/build/test/cases/040_packages/006_format_mount/004_xfs/test.sh]
[STDERR  ] 2018-01-30T23:31:00.467998453Z: + set -e
[STDERR  ] 2018-01-30T23:31:00.46805962Z: + . /tmp/build/test/cases/_lib/lib.sh
[STDERR  ] 2018-01-30T23:31:00.468072843Z: + [ -f src/github.com/linuxkit/rtf/lib/lib.sh ]
[STDERR  ] 2018-01-30T23:31:00.46807957Z: + LINUXKIT_TMPDIR=/tmp/build/test/cases/_tmp
[STDERR  ] 2018-01-30T23:31:00.468086613Z: + [ -f /tmp/build/test/cases/_tmp/env.sh ]
[STDERR  ] 2018-01-30T23:31:00.468092754Z: + . /tmp/build/test/cases/_tmp/env.sh
[STDERR  ] 2018-01-30T23:31:00.468098702Z: + export LINUXKIT_EXAMPLES_DIR=/tmp/build/test/cases/../../examples
[STDERR  ] 2018-01-30T23:31:00.46810702Z: + RT_CANCEL=253
[STDERR  ] 2018-01-30T23:31:00.468114953Z: + NAME=test-format
[STDERR  ] 2018-01-30T23:31:00.468121399Z: + DISK=disk.img
[STDERR  ] 2018-01-30T23:31:00.468127439Z: + trap clean_up EXIT
[STDERR  ] 2018-01-30T23:31:00.468133503Z: + linuxkit build -format kernel+initrd -name test-format test.yml
[STDERR  ] 2018-01-30T23:31:00.493753109Z: Extract kernel image: linuxkit/kernel:4.9.78
[STDERR  ] 2018-01-30T23:31:01.620595129Z: time="2018-01-30T23:31:01Z" level=warning msg="certificate with CN Justin Cormack is near expiry"
[STDERR  ] 2018-01-30T23:31:01.620640021Z: time="2018-01-30T23:31:01Z" level=warning msg="certificate with CN  is near expiry"
[STDERR  ] 2018-01-30T23:31:01.620676629Z: time="2018-01-30T23:31:01Z" level=warning msg="certificate with CN  is near expiry"
[STDERR  ] 2018-01-30T23:31:01.662756022Z: time="2018-01-30T23:31:01Z" level=warning msg="certificate with CN Justin Cormack is near expiry"
[STDERR  ] 2018-01-30T23:31:02.014046442Z: Add init containers:
[STDERR  ] 2018-01-30T23:31:02.014091706Z: Process init image: linuxkit/init:v0.2
[STDERR  ] 2018-01-30T23:31:03.032026855Z: time="2018-01-30T23:31:03Z" level=warning msg="certificate with CN Justin Cormack is near expiry"
[STDERR  ] 2018-01-30T23:31:03.032142665Z: time="2018-01-30T23:31:03Z" level=warning msg="certificate with CN  is near expiry"
[STDERR  ] 2018-01-30T23:31:03.032196834Z: time="2018-01-30T23:31:03Z" level=warning msg="certificate with CN  is near expiry"
[STDERR  ] 2018-01-30T23:31:03.037614681Z: time="2018-01-30T23:31:03Z" level=warning msg="certificate with CN Justin Cormack is near expiry"
[STDERR  ] 2018-01-30T23:31:03.040222461Z: time="2018-01-30T23:31:03Z" level=warning msg="certificate with CN  is near expiry"
[STDERR  ] 2018-01-30T23:31:03.210769834Z: Process init image: linuxkit/runc:v0.2
[STDERR  ] 2018-01-30T23:31:04.24355857Z: time="2018-01-30T23:31:04Z" level=warning msg="certificate with CN  is near expiry"
[STDERR  ] 2018-01-30T23:31:04.243786886Z: time="2018-01-30T23:31:04Z" level=warning msg="certificate with CN Justin Cormack is near expiry"
[STDERR  ] 2018-01-30T23:31:04.243889078Z: time="2018-01-30T23:31:04Z" level=warning msg="certificate with CN  is near expiry"
[STDERR  ] 2018-01-30T23:31:04.246051328Z: time="2018-01-30T23:31:04Z" level=warning msg="certificate with CN Justin Cormack is near expiry"
[STDERR  ] 2018-01-30T23:31:04.248123977Z: time="2018-01-30T23:31:04Z" level=warning msg="certificate with CN  is near expiry"
[STDERR  ] 2018-01-30T23:31:04.420046881Z: Add onboot containers:
[STDERR  ] 2018-01-30T23:31:04.420102752Z:   Create OCI config for linuxkit/format:v0.2
[STDERR  ] 2018-01-30T23:31:05.463912264Z: time="2018-01-30T23:31:05Z" level=warning msg="certificate with CN Justin Cormack is near expiry"
[STDERR  ] 2018-01-30T23:31:05.464028105Z: time="2018-01-30T23:31:05Z" level=warning msg="certificate with CN Rolf Neugebauer is near expiry"
[STDERR  ] 2018-01-30T23:31:05.464080046Z: time="2018-01-30T23:31:05Z" level=warning msg="certificate with CN  is near expiry"
[STDERR  ] 2018-01-30T23:31:05.464147001Z: time="2018-01-30T23:31:05Z" level=warning msg="certificate with CN  is near expiry"
[STDERR  ] 2018-01-30T23:31:05.465730125Z: time="2018-01-30T23:31:05Z" level=warning msg="certificate with CN Justin Cormack is near expiry"
[STDERR  ] 2018-01-30T23:31:05.466845706Z: time="2018-01-30T23:31:05Z" level=warning msg="certificate with CN Rolf Neugebauer is near expiry"
[STDERR  ] 2018-01-30T23:31:05.467901268Z: time="2018-01-30T23:31:05Z" level=warning msg="certificate with CN  is near expiry"
[STDERR  ] 2018-01-30T23:31:05.798662412Z:   Create OCI config for linuxkit/mount:v0.2
[STDERR  ] 2018-01-30T23:31:06.817788893Z: time="2018-01-30T23:31:06Z" level=warning msg="certificate with CN Justin Cormack is near expiry"
[STDERR  ] 2018-01-30T23:31:06.81827031Z: time="2018-01-30T23:31:06Z" level=warning msg="certificate with CN Rolf Neugebauer is near expiry"
[STDERR  ] 2018-01-30T23:31:06.818347755Z: time="2018-01-30T23:31:06Z" level=warning msg="certificate with CN  is near expiry"
[STDERR  ] 2018-01-30T23:31:06.818435586Z: time="2018-01-30T23:31:06Z" level=warning msg="certificate with CN  is near expiry"
[STDERR  ] 2018-01-30T23:31:06.821445339Z: time="2018-01-30T23:31:06Z" level=warning msg="certificate with CN Justin Cormack is near expiry"
[STDERR  ] 2018-01-30T23:31:06.822607039Z: time="2018-01-30T23:31:06Z" level=warning msg="certificate with CN Rolf Neugebauer is near expiry"
[STDERR  ] 2018-01-30T23:31:06.823337693Z: time="2018-01-30T23:31:06Z" level=warning msg="certificate with CN  is near expiry"
[STDERR  ] 2018-01-30T23:31:07.171446933Z:   Create OCI config for alpine:3.7
[STDERR  ] 2018-01-30T23:31:08.347581677Z:   Create OCI config for linuxkit/poweroff:f9a0a5e52fd2a97908bda33db2afffafe4a6a67d
[STDERR  ] 2018-01-30T23:31:09.361481222Z: time="2018-01-30T23:31:09Z" level=warning msg="certificate with CN Justin Cormack is near expiry"
[STDERR  ] 2018-01-30T23:31:09.361853251Z: time="2018-01-30T23:31:09Z" level=warning msg="certificate with CN Rolf Neugebauer is near expiry"
[STDERR  ] 2018-01-30T23:31:09.36192831Z: time="2018-01-30T23:31:09Z" level=warning msg="certificate with CN  is near expiry"
[STDERR  ] 2018-01-30T23:31:09.362017393Z: time="2018-01-30T23:31:09Z" level=warning msg="certificate with CN  is near expiry"
[STDERR  ] 2018-01-30T23:31:09.365060425Z: time="2018-01-30T23:31:09Z" level=warning msg="certificate with CN Rolf Neugebauer is near expiry"
[STDERR  ] 2018-01-30T23:31:09.365882665Z: time="2018-01-30T23:31:09Z" level=warning msg="certificate with CN  is near expiry"
[STDERR  ] 2018-01-30T23:31:09.525612718Z: Add files:
[STDERR  ] 2018-01-30T23:31:09.525656065Z:   check.sh
[STDERR  ] 2018-01-30T23:31:09.542803946Z: Create outputs:
[STDERR  ] 2018-01-30T23:31:15.110751923Z:   test-format-kernel test-format-initrd.img test-format-cmdline
[STDERR  ] 2018-01-30T23:31:15.164199884Z: + linuxkit run -disk file=disk.img,size=512M test-format
[STDERR  ] 2018-01-30T23:31:15.18619642Z: Unable to find qemu-system-x86_64 within the $PATH. Using a container
[STDERR  ] 2018-01-30T23:31:34.14250692Z: + RESULT=[    0.000000] Linux version 4.9.78-linuxkit (root@9ac57ca26f22) (gcc version 6.4.0 (Alpine 6.4.0) ) #1 SMP Wed Jan 24 12:49:16 UTC 2018
[STDERR  ] 2018-01-30T23:31:34.142549583Z: [    0.000000] Command line: console=ttyS0 console=ttyAMA0
[STDERR  ] 2018-01-30T23:31:34.142558592Z: [    0.000000] x86/fpu: Legacy x87 FPU detected.
[STDERR  ] 2018-01-30T23:31:34.142566176Z: [    0.000000] x86/fpu: Using 'eager' FPU context switches.
[STDERR  ] 2018-01-30T23:31:34.142573443Z: [    0.000000] e820: BIOS-provided physical RAM map:
[STDERR  ] 2018-01-30T23:31:34.14258098Z: [    0.000000] BIOS-e820: [mem 0x0000000000000000-0x000000000009fbff] usable
[STDERR  ] 2018-01-30T23:31:34.142589183Z: [    0.000000] BIOS-e820: [mem 0x000000000009fc00-0x000000000009ffff] reserved
[STDERR  ] 2018-01-30T23:31:34.14260071Z: [    0.000000] BIOS-e820: [mem 0x00000000000f0000-0x00000000000fffff] reserved
[STDERR  ] 2018-01-30T23:31:34.142611861Z: [    0.000000] BIOS-e820: [mem 0x0000000000100000-0x000000003ffdefff] usable
[STDERR  ] 2018-01-30T23:31:34.142621081Z: [    0.000000] BIOS-e820: [mem 0x000000003ffdf000-0x000000003fffffff] reserved
[STDERR  ] 2018-01-30T23:31:34.14264176Z: [    0.000000] BIOS-e820: [mem 0x00000000b0000000-0x00000000bfffffff] reserved
[STDERR  ] 2018-01-30T23:31:34.142648786Z: [    0.000000] BIOS-e820: [mem 0x00000000fed1c000-0x00000000fed1ffff] reserved
[STDERR  ] 2018-01-30T23:31:34.1426552Z: [    0.000000] BIOS-e820: [mem 0x00000000feffc000-0x00000000feffffff] reserved
[STDERR  ] 2018-01-30T23:31:34.142661292Z: [    0.000000] BIOS-e820: [mem 0x00000000fffc0000-0x00000000ffffffff] reserved
[STDERR  ] 2018-01-30T23:31:34.142667145Z: [    0.000000] NX (Execute Disable) protection: active
[STDERR  ] 2018-01-30T23:31:34.142673066Z: [    0.000000] SMBIOS 2.8 present.
[STDERR  ] 2018-01-30T23:31:34.142679247Z: [    0.000000] Hypervisor detected: KVM
[STDERR  ] 2018-01-30T23:31:34.142685566Z: [    0.000000] e820: last_pfn = 0x3ffdf max_arch_pfn = 0x400000000
[STDERR  ] 2018-01-30T23:31:34.142691836Z: [    0.000000] x86/PAT: PAT not supported by CPU.
[STDERR  ] 2018-01-30T23:31:34.14269827Z: [    0.000000] x86/PAT: Configuration [0-7]: WB  WT  UC- UC  WB  WT  UC- UC  
[STDERR  ] 2018-01-30T23:31:34.14271065Z: [    0.000000] found SMP MP-table at [mem 0x000f6aa0-0x000f6aaf] mapped at [ffff9ee1800f6aa0]
[STDERR  ] 2018-01-30T23:31:34.142733729Z: [    0.000000] RAMDISK: [mem 0x3dff5000-0x3ffcffff]
[STDERR  ] 2018-01-30T23:31:34.142743339Z: [    0.000000] ACPI: Early table checksum verification disabled
[STDERR  ] 2018-01-30T23:31:34.142749676Z: [    0.000000] ACPI: RSDP 0x00000000000F68B0 000014 (v00 BOCHS )
[STDERR  ] 2018-01-30T23:31:34.142755985Z: [    0.000000] ACPI: RSDT 0x000000003FFE20A8 000034 (v01 BOCHS  BXPCRSDT 00000001 BXPC 00000001)
[STDERR  ] 2018-01-30T23:31:34.14276268Z: [    0.000000] ACPI: FACP 0x000000003FFE1EC8 0000F4 (v03 BOCHS  BXPCFACP 00000001 BXPC 00000001)
[STDERR  ] 2018-01-30T23:31:34.14276868Z: [    0.000000] ACPI: DSDT 0x000000003FFE0040 001E88 (v01 BOCHS  BXPCDSDT 00000001 BXPC 00000001)
[STDERR  ] 2018-01-30T23:31:34.142774845Z: [    0.000000] ACPI: FACS 0x000000003FFE0000 000040
[STDERR  ] 2018-01-30T23:31:34.142784423Z: [    0.000000] ACPI: APIC 0x000000003FFE1FBC 000078 (v01 BOCHS  BXPCAPIC 00000001 BXPC 00000001)
[STDERR  ] 2018-01-30T23:31:34.14279496Z: [    0.000000] ACPI: HPET 0x000000003FFE2034 000038 (v01 BOCHS  BXPCHPET 00000001 BXPC 00000001)
[STDERR  ] 2018-01-30T23:31:34.142805129Z: [    0.000000] ACPI: MCFG 0x000000003FFE206C 00003C (v01 BOCHS  BXPCMCFG 00000001 BXPC 00000001)
[STDERR  ] 2018-01-30T23:31:34.142815967Z: [    0.000000] kvm-clock: Using msrs 4b564d01 and 4b564d00
[STDERR  ] 2018-01-30T23:31:34.142825418Z: [    0.000000] kvm-clock: cpu 0, msr 0:3ffdd001, primary cpu clock
[STDERR  ] 2018-01-30T23:31:34.142835799Z: [    0.000000] clocksource: kvm-clock: mask: 0xffffffffffffffff max_cycles: 0x1cd42e4dffb, max_idle_ns: 881590591483 ns
[STDERR  ] 2018-01-30T23:31:34.142847434Z: [    0.000000] Zone ranges:
[STDERR  ] 2018-01-30T23:31:34.142858521Z: [    0.000000]   DMA      [mem 0x0000000000001000-0x0000000000ffffff]
[STDERR  ] 2018-01-30T23:31:34.142867841Z: [    0.000000]   DMA32    [mem 0x0000000001000000-0x000000003ffdefff]
[STDERR  ] 2018-01-30T23:31:34.142884526Z: [    0.000000]   Normal   empty
[STDERR  ] 2018-01-30T23:31:34.142894712Z: [    0.000000] Movable zone start for each node
[STDERR  ] 2018-01-30T23:31:34.142905022Z: [    0.000000] Early memory node ranges
[STDERR  ] 2018-01-30T23:31:34.142914479Z: [    0.000000]   node   0: [mem 0x0000000000001000-0x000000000009efff]
[STDERR  ] 2018-01-30T23:31:34.14292075Z: [    0.000000]   node   0: [mem 0x0000000000100000-0x000000003ffdefff]
[STDERR  ] 2018-01-30T23:31:34.142930266Z: [    0.000000] Initmem setup node 0 [mem 0x0000000000001000-0x000000003ffdefff]
[STDERR  ] 2018-01-30T23:31:34.14294045Z: [    0.000000] ACPI: PM-Timer IO Port: 0x608
[STDERR  ] 2018-01-30T23:31:34.14295042Z: [    0.000000] ACPI: LAPIC_NMI (acpi_id[0xff] dfl dfl lint[0x1])
[STDERR  ] 2018-01-30T23:31:34.142965539Z: [    0.000000] IOAPIC[0]: apic_id 0, version 17, address 0xfec00000, GSI 0-23
[STDERR  ] 2018-01-30T23:31:34.142980792Z: [    0.000000] ACPI: INT_SRC_OVR (bus 0 bus_irq 0 global_irq 2 dfl dfl)
[STDERR  ] 2018-01-30T23:31:34.142990116Z: [    0.000000] ACPI: INT_SRC_OVR (bus 0 bus_irq 5 global_irq 5 high level)
[STDERR  ] 2018-01-30T23:31:34.14299629Z: [    0.000000] ACPI: INT_SRC_OVR (bus 0 bus_irq 9 global_irq 9 high level)
[STDERR  ] 2018-01-30T23:31:34.143002227Z: [    0.000000] ACPI: INT_SRC_OVR (bus 0 bus_irq 10 global_irq 10 high level)
[STDERR  ] 2018-01-30T23:31:34.143008067Z: [    0.000000] ACPI: INT_SRC_OVR (bus 0 bus_irq 11 global_irq 11 high level)
[STDERR  ] 2018-01-30T23:31:34.143018765Z: [    0.000000] Using ACPI (MADT) for SMP configuration information
[STDERR  ] 2018-01-30T23:31:34.14302868Z: [    0.000000] ACPI: HPET id: 0x8086a201 base: 0xfed00000
[STDERR  ] 2018-01-30T23:31:34.143039887Z: [    0.000000] smpboot: Allowing 1 CPUs, 0 hotplug CPUs
[STDERR  ] 2018-01-30T23:31:34.143050756Z: [    0.000000] e820: [mem 0x40000000-0xafffffff] available for PCI devices
[STDERR  ] 2018-01-30T23:31:34.143060592Z: [    0.000000] Booting paravirtualized kernel on KVM
[STDERR  ] 2018-01-30T23:31:34.143070259Z: [    0.000000] clocksource: refined-jiffies: mask: 0xffffffff max_cycles: 0xffffffff, max_idle_ns: 19112604462750000 ns
[STDERR  ] 2018-01-30T23:31:34.143080886Z: [    0.000000] setup_percpu: NR_CPUS:128 nr_cpumask_bits:128 nr_cpu_ids:1 nr_node_ids:1
[STDERR  ] 2018-01-30T23:31:34.143091594Z: [    0.000000] percpu: Embedded 36 pages/cpu @ffff9ee1bdc00000 s106904 r8192 d32360 u2097152
[STDERR  ] 2018-01-30T23:31:34.143103222Z: [    0.000000] KVM setup async PF for cpu 0
[STDERR  ] 2018-01-30T23:31:34.143122878Z: [    0.000000] kvm-stealtime: cpu 0, msr 3dc0fd80
[STDERR  ] 2018-01-30T23:31:34.143132819Z: [    0.000000] Built 1 zonelists in Zone order, mobility grouping on.  Total pages: 257896
[STDERR  ] 2018-01-30T23:31:34.143143165Z: [    0.000000] Kernel command line: console=ttyS0 console=ttyAMA0
[STDERR  ] 2018-01-30T23:31:34.143152486Z: [    0.000000] PID hash table entries: 4096 (order: 3, 32768 bytes)
[STDERR  ] 2018-01-30T23:31:34.143162487Z: [    0.000000] Dentry cache hash table entries: 131072 (order: 8, 1048576 bytes)
[STDERR  ] 2018-01-30T23:31:34.143172531Z: [    0.000000] Inode-cache hash table entries: 65536 (order: 7, 524288 bytes)
[STDERR  ] 2018-01-30T23:31:34.143182643Z: [    0.000000] Memory: 981500K/1048052K available (8055K kernel code, 1391K rwdata, 2704K rodata, 1400K init, 564K bss, 66552K reserved, 0K cma-reserved)
[STDERR  ] 2018-01-30T23:31:34.143193903Z: [    0.000000] Kernel/User page tables isolation: enabled
[STDERR  ] 2018-01-30T23:31:34.14320022Z: [    0.000000] Hierarchical RCU implementation.
[STDERR  ] 2018-01-30T23:31:34.143206127Z: [    0.000000] 	Build-time adjustment of leaf fanout to 64.
[STDERR  ] 2018-01-30T23:31:34.143212106Z: [    0.000000] 	RCU restricting CPUs from NR_CPUS=128 to nr_cpu_ids=1.
[STDERR  ] 2018-01-30T23:31:34.143218033Z: [    0.000000] RCU: Adjusting geometry for rcu_fanout_leaf=64, nr_cpu_ids=1
[STDERR  ] 2018-01-30T23:31:34.143226429Z: [    0.000000] NR_IRQS:8448 nr_irqs:256 16
[STDERR  ] 2018-01-30T23:31:34.143232309Z: [    0.000000] Console: colour VGA+ 80x25
[STDERR  ] 2018-01-30T23:31:34.143238033Z: [    0.000000] console [ttyS0] enabled
[STDERR  ] 2018-01-30T23:31:34.143243834Z: [    0.000000] clocksource: hpet: mask: 0xffffffff max_cycles: 0xffffffff, max_idle_ns: 19112604467 ns
[STDERR  ] 2018-01-30T23:31:34.143250394Z: [    0.000000] tsc: Detected 2300.002 MHz processor
[STDERR  ] 2018-01-30T23:31:34.143256069Z: [    0.020000] Calibrating delay loop (skipped) preset value.. 4600.00 BogoMIPS (lpj=23000020)
[STDERR  ] 2018-01-30T23:31:34.143262634Z: [    0.023140] pid_max: default: 32768 minimum: 301
[STDERR  ] 2018-01-30T23:31:34.143268482Z: [    0.027873] ACPI: Core revision 20160831
[STDERR  ] 2018-01-30T23:31:34.143276462Z: [    0.030679] ACPI: 1 ACPI AML tables successfully acquired and loaded
[STDERR  ] 2018-01-30T23:31:34.143285919Z: [    0.040070] Security Framework initialized
[STDERR  ] 2018-01-30T23:31:34.143295134Z: [    0.044637] Yama: becoming mindful.
[STDERR  ] 2018-01-30T23:31:34.143315753Z: [    0.048359] Mount-cache hash table entries: 2048 (order: 2, 16384 bytes)
[STDERR  ] 2018-01-30T23:31:34.143325256Z: [    0.050038] Mountpoint-cache hash table entries: 2048 (order: 2, 16384 bytes)
[STDERR  ] 2018-01-30T23:31:34.14333414Z: [    0.060879] CPU: Physical Processor ID: 0
[STDERR  ] 2018-01-30T23:31:34.143346172Z: [    0.065608] Last level iTLB entries: 4KB 0, 2MB 0, 4MB 0
[STDERR  ] 2018-01-30T23:31:34.143356308Z: [    0.070033] Last level dTLB entries: 4KB 0, 2MB 0, 4MB 0, 1GB 0
[STDERR  ] 2018-01-30T23:31:34.143365443Z: [    0.080039] Spectre V2 mitigation: Vulnerable: Minimal generic ASM retpoline
[STDERR  ] 2018-01-30T23:31:34.143375Z: [    0.202993] Freeing SMP alternatives memory: 20K
[STDERR  ] 2018-01-30T23:31:34.143384771Z: [    0.238800] ftrace: allocating 35561 entries in 139 pages
[STDERR  ] 2018-01-30T23:31:34.143394312Z: [    0.260128] smpboot: Max logical packages: 1
[STDERR  ] 2018-01-30T23:31:34.143408303Z: [    0.270370] x2apic enabled
[STDERR  ] 2018-01-30T23:31:34.143418713Z: [    0.275427] Switched APIC routing to physical x2apic.
[STDERR  ] 2018-01-30T23:31:34.143428533Z: [    0.288742] ..TIMER: vector=0x30 apic1=0 pin1=2 apic2=-1 pin2=-1
[STDERR  ] 2018-01-30T23:31:34.14343828Z: [    0.290000] smpboot: CPU0: Intel QEMU Virtual CPU version 2.5+ (family: 0x6, model: 0x6, stepping: 0x3)
[STDERR  ] 2018-01-30T23:31:34.143448836Z: [    0.290009] Performance Events: PMU not available due to virtualization, using software events only.
[STDERR  ] 2018-01-30T23:31:34.143461932Z: [    0.307647] x86: Booted up 1 node, 1 CPUs
[STDERR  ] 2018-01-30T23:31:34.143471716Z: [    0.310007] smpboot: Total of 1 processors activated (4600.00 BogoMIPS)
[STDERR  ] 2018-01-30T23:31:34.143481665Z: [    0.322077] devtmpfs: initialized
[STDERR  ] 2018-01-30T23:31:34.143489716Z: [    0.325696] x86/mm: Memory block size: 128MB
[STDERR  ] 2018-01-30T23:31:34.143495485Z: [    0.333251] clocksource: jiffies: mask: 0xffffffff max_cycles: 0xffffffff, max_idle_ns: 19112604462750000 ns
[STDERR  ] 2018-01-30T23:31:34.14350144Z: [    0.340026] futex hash table entries: 256 (order: 2, 16384 bytes)
[STDERR  ] 2018-01-30T23:31:34.143507208Z: [    0.350219] NET: Registered protocol family 16
[STDERR  ] 2018-01-30T23:31:34.143512803Z: [    0.354991] cpuidle: using governor ladder
[STDERR  ] 2018-01-30T23:31:34.143518579Z: [    0.360007] cpuidle: using governor menu
[STDERR  ] 2018-01-30T23:31:34.143524872Z: [    0.364279] ACPI: bus type PCI registered
[STDERR  ] 2018-01-30T23:31:34.14353062Z: [    0.368817] PCI: MMCONFIG for domain 0000 [bus 00-ff] at [mem 0xb0000000-0xbfffffff] (base 0xb0000000)
[STDERR  ] 2018-01-30T23:31:34.143536418Z: [    0.370013] PCI: MMCONFIG at [mem 0xb0000000-0xbfffffff] reserved in E820
[STDERR  ] 2018-01-30T23:31:34.143542272Z: [    0.380026] PCI: Using configuration type 1 for base access
[STDERR  ] 2018-01-30T23:31:34.14354816Z: [    0.391569] HugeTLB registered 2 MB page size, pre-allocated 0 pages
[STDERR  ] 2018-01-30T23:31:34.143553952Z: [    0.398302] ACPI: Added _OSI(Module Device)
[STDERR  ] 2018-01-30T23:31:34.143559678Z: [    0.400009] ACPI: Added _OSI(Processor Device)
[STDERR  ] 2018-01-30T23:31:34.143565429Z: [    0.404450] ACPI: Added _OSI(3.0 _SCP Extensions)
[STDERR  ] 2018-01-30T23:31:34.143571106Z: [    0.410008] ACPI: Added _OSI(Processor Aggregator Device)
[STDERR  ] 2018-01-30T23:31:34.143578989Z: [    0.423281] ACPI: Interpreter enabled
[STDERR  ] 2018-01-30T23:31:34.143584851Z: [    0.427168] ACPI: (supports S0 S5)
[STDERR  ] 2018-01-30T23:31:34.143590678Z: [    0.430009] ACPI: Using IOAPIC for interrupt routing
[STDERR  ] 2018-01-30T23:31:34.143598058Z: [    0.435782] PCI: Using host bridge windows from ACPI; if necessary, use "pci=nocrs" and report a bug
[STDERR  ] 2018-01-30T23:31:34.143604139Z: [    0.443051] ACPI: PCI Root Bridge [PCI0] (domain 0000 [bus 00-ff])
[STDERR  ] 2018-01-30T23:31:34.143609959Z: [    0.450014] acpi PNP0A08:00: _OSC: OS supports [ExtendedConfig ASPM ClockPM Segments MSI]
[STDERR  ] 2018-01-30T23:31:34.143623429Z: [    0.460138] acpi PNP0A08:00: _OSC: OS now controls [PCIeHotplug PME PCIeCapability]
[STDERR  ] 2018-01-30T23:31:34.14365288Z: [    0.470078] PCI host bridge to bus 0000:00
[STDERR  ] 2018-01-30T23:31:34.143665171Z: [    0.474282] pci_bus 0000:00: root bus resource [io  0x0000-0x0cf7 window]
[STDERR  ] 2018-01-30T23:31:34.143675219Z: [    0.480009] pci_bus 0000:00: root bus resource [io  0x0d00-0xffff window]
[STDERR  ] 2018-01-30T23:31:34.143684982Z: [    0.490008] pci_bus 0000:00: root bus resource [mem 0x000a0000-0x000bffff window]
[STDERR  ] 2018-01-30T23:31:34.143694453Z: [    0.497459] pci_bus 0000:00: root bus resource [mem 0xc0000000-0xfebfffff window]
[STDERR  ] 2018-01-30T23:31:34.143704495Z: [    0.500012] pci_bus 0000:00: root bus resource [bus 00-ff]
[STDERR  ] 2018-01-30T23:31:34.143715031Z: [    0.633118] pci 0000:00:1f.0: quirk: [io  0x0600-0x067f] claimed by ICH6 ACPI/GPIO/TCO
[STDERR  ] 2018-01-30T23:31:34.143725016Z: [    0.694788] ACPI: PCI Interrupt Link [LNKA] (IRQs 5 *10 11)
[STDERR  ] 2018-01-30T23:31:34.143734011Z: [    0.702232] ACPI: PCI Interrupt Link [LNKB] (IRQs 5 *10 11)
[STDERR  ] 2018-01-30T23:31:34.143742569Z: [    0.710183] ACPI: PCI Interrupt Link [LNKC] (IRQs 5 10 *11)
[STDERR  ] 2018-01-30T23:31:34.143748552Z: [    0.717207] ACPI: PCI Interrupt Link [LNKD] (IRQs 5 10 *11)
[STDERR  ] 2018-01-30T23:31:34.143754333Z: [    0.722157] ACPI: PCI Interrupt Link [LNKE] (IRQs 5 *10 11)
[STDERR  ] 2018-01-30T23:31:34.143760006Z: [    0.731312] ACPI: PCI Interrupt Link [LNKF] (IRQs 5 *10 11)
[STDERR  ] 2018-01-30T23:31:34.143765735Z: [    0.738352] ACPI: PCI Interrupt Link [LNKG] (IRQs 5 10 *11)
[STDERR  ] 2018-01-30T23:31:34.143781658Z: [    0.742124] ACPI: PCI Interrupt Link [LNKH] (IRQs 5 10 *11)
[STDERR  ] 2018-01-30T23:31:34.143795826Z: [    0.752044] ACPI: PCI Interrupt Link [GSIA] (IRQs *16)
[STDERR  ] 2018-01-30T23:31:34.143801708Z: [    0.758052] ACPI: PCI Interrupt Link [GSIB] (IRQs *17)
[STDERR  ] 2018-01-30T23:31:34.14380752Z: [    0.761070] ACPI: PCI Interrupt Link [GSIC] (IRQs *18)
[STDERR  ] 2018-01-30T23:31:34.143813215Z: [    0.770578] ACPI: PCI Interrupt Link [GSID] (IRQs *19)
[STDERR  ] 2018-01-30T23:31:34.143818946Z: [    0.776671] ACPI: PCI Interrupt Link [GSIE] (IRQs *20)
[STDERR  ] 2018-01-30T23:31:34.143824639Z: [    0.781059] ACPI: PCI Interrupt Link [GSIF] (IRQs *21)
[STDERR  ] 2018-01-30T23:31:34.143830348Z: [    0.787094] ACPI: PCI Interrupt Link [GSIG] (IRQs *22)
[STDERR  ] 2018-01-30T23:31:34.143839998Z: [    0.791065] ACPI: PCI Interrupt Link [GSIH] (IRQs *23)
[STDERR  ] 2018-01-30T23:31:34.143849037Z: [    0.801398] ACPI: Enabled 1 GPEs in block 00 to 3F
[STDERR  ] 2018-01-30T23:31:34.143858319Z: [    0.807228] SCSI subsystem initialized
[STDERR  ] 2018-01-30T23:31:34.14386783Z: [    0.810079] ACPI: bus type USB registered
[STDERR  ] 2018-01-30T23:31:34.143877409Z: [    0.814380] usbcore: registered new interface driver usbfs
[STDERR  ] 2018-01-30T23:31:34.143896689Z: [    0.820035] usbcore: registered new interface driver hub
[STDERR  ] 2018-01-30T23:31:34.14390718Z: [    0.825509] usbcore: registered new device driver usb
[STDERR  ] 2018-01-30T23:31:34.143915999Z: [    0.830041] pps_core: LinuxPPS API ver. 1 registered
[STDERR  ] 2018-01-30T23:31:34.143924794Z: [    0.835103] pps_core: Software ver. 5.3.6 - Copyright 2005-2007 Rodolfo Giometti <giometti@linux.it>
[STDERR  ] 2018-01-30T23:31:34.143933692Z: [    0.840030] PTP clock support registered
[STDERR  ] 2018-01-30T23:31:34.143942381Z: [    0.850080] PCI: Using ACPI for IRQ routing
[STDERR  ] 2018-01-30T23:31:34.143951085Z: [    1.237540] NetLabel: Initializing
[STDERR  ] 2018-01-30T23:31:34.143959657Z: [    1.240006] NetLabel:  domain hash size = 128
[STDERR  ] 2018-01-30T23:31:34.143968313Z: [    1.244660] NetLabel:  protocols = UNLABELED CIPSOv4
[STDERR  ] 2018-01-30T23:31:34.143977303Z: [    1.250033] NetLabel:  unlabeled traffic allowed by default
[STDERR  ] 2018-01-30T23:31:34.14398682Z: [    1.255887] wmi: Mapper loaded
[STDERR  ] 2018-01-30T23:31:34.143996672Z: [    1.260164] HPET: 3 timers in total, 0 timers will be used for per-cpu timer
[STDERR  ] 2018-01-30T23:31:34.144017665Z: [    1.267589] hpet0: at MMIO 0xfed00000, IRQs 2, 8, 0
[STDERR  ] 2018-01-30T23:31:34.144027593Z: [    1.271468] hpet0: 3 comparators, 64-bit 100.000000 MHz counter
[STDERR  ] 2018-01-30T23:31:34.144036196Z: [    1.282397] clocksource: Switched to clocksource kvm-clock
[STDERR  ] 2018-01-30T23:31:34.144048806Z: [    1.299135] VFS: Disk quotas dquot_6.6.0
[STDERR  ] 2018-01-30T23:31:34.144057779Z: [    1.303695] VFS: Dquot-cache hash table entries: 512 (order 0, 4096 bytes)
[STDERR  ] 2018-01-30T23:31:34.144067687Z: [    1.311628] FS-Cache: Loaded
[STDERR  ] 2018-01-30T23:31:34.144077214Z: [    1.314918] CacheFiles: Loaded
[STDERR  ] 2018-01-30T23:31:34.144086137Z: [    1.318176] pnp: PnP ACPI init
[STDERR  ] 2018-01-30T23:31:34.144095942Z: [    1.322472] pnp: PnP ACPI: found 5 devices
[STDERR  ] 2018-01-30T23:31:34.144118153Z: [    1.332846] clocksource: acpi_pm: mask: 0xffffff max_cycles: 0xffffff, max_idle_ns: 2085701024 ns
[STDERR  ] 2018-01-30T23:31:34.144128077Z: [    1.342003] NET: Registered protocol family 2
[STDERR  ] 2018-01-30T23:31:34.144137162Z: [    1.346641] TCP established hash table entries: 8192 (order: 4, 65536 bytes)
[STDERR  ] 2018-01-30T23:31:34.144146027Z: [    1.354038] TCP bind hash table entries: 8192 (order: 5, 131072 bytes)
[STDERR  ] 2018-01-30T23:31:34.144157974Z: [    1.360685] TCP: Hash tables configured (established 8192 bind 8192)
[STDERR  ] 2018-01-30T23:31:34.144166779Z: [    1.367476] UDP hash table entries: 512 (order: 2, 16384 bytes)
[STDERR  ] 2018-01-30T23:31:34.144175517Z: [    1.373480] UDP-Lite hash table entries: 512 (order: 2, 16384 bytes)
[STDERR  ] 2018-01-30T23:31:34.144185217Z: [    1.380173] NET: Registered protocol family 1
[STDERR  ] 2018-01-30T23:31:34.144194665Z: [    1.384914] pci 0000:00:01.0: Video device with shadowed ROM at [mem 0x000c0000-0x000dffff]
[STDERR  ] 2018-01-30T23:31:34.14420844Z: [    1.393789] Unpacking initramfs...
[STDERR  ] 2018-01-30T23:31:34.144220406Z: [    1.931305] Freeing initrd memory: 32620K
[STDERR  ] 2018-01-30T23:31:34.144229499Z: [    1.936549] PCLMULQDQ-NI instructions are not detected.
[STDERR  ] 2018-01-30T23:31:34.14423874Z: [    1.942109] AVX or AES-NI instructions are not detected.
[STDERR  ] 2018-01-30T23:31:34.14424836Z: [    1.947743] CPU feature 'AVX registers' is not supported.
[STDERR  ] 2018-01-30T23:31:34.144257792Z: [    1.953676] CPU feature 'AVX registers' is not supported.
[STDERR  ] 2018-01-30T23:31:34.144267026Z: [    1.959186] CPU feature 'AVX registers' is not supported.
[STDERR  ] 2018-01-30T23:31:34.144276822Z: [    1.964903] CPU feature 'AVX registers' is not supported.
[STDERR  ] 2018-01-30T23:31:34.144287032Z: [    1.970682] AVX2 or AES-NI instructions are not detected.
[STDERR  ] 2018-01-30T23:31:34.144296277Z: [    1.976298] AVX2 instructions are not detected.
[STDERR  ] 2018-01-30T23:31:34.14430562Z: [    1.981400] audit: initializing netlink subsys (disabled)
[STDERR  ] 2018-01-30T23:31:34.144318042Z: [    1.987297] audit: type=2000 audit(1517355079.030:1): initialized
[STDERR  ] 2018-01-30T23:31:34.144324185Z: [    1.994745] workingset: timestamp_bits=46 max_order=18 bucket_order=0
[STDERR  ] 2018-01-30T23:31:34.144330102Z: [    2.001716] squashfs: version 4.0 (2009/01/31) Phillip Lougher
[STDERR  ] 2018-01-30T23:31:34.144335772Z: [    2.007952] FS-Cache: Netfs 'cifs' registered for caching
[STDERR  ] 2018-01-30T23:31:34.144341422Z: [    2.013884] fuse init (API version 7.26)
[STDERR  ] 2018-01-30T23:31:34.144347333Z: [    2.018118] SGI XFS with ACLs, security attributes, no debug enabled
[STDERR  ] 2018-01-30T23:31:34.14435328Z: [    2.025041] 9p: Installing v9fs 9p2000 file system support
[STDERR  ] 2018-01-30T23:31:34.144359113Z: [    2.031352] FS-Cache: Netfs '9p' registered for caching
[STDERR  ] 2018-01-30T23:31:34.144364863Z: [    2.038061] NET: Registered protocol family 38
[STDERR  ] 2018-01-30T23:31:34.144370597Z: [    2.042892] Key type asymmetric registered
[STDERR  ] 2018-01-30T23:31:34.14438218Z: [    2.047467] Asymmetric key parser 'x509' registered
[STDERR  ] 2018-01-30T23:31:34.144390894Z: [    2.053113] Block layer SCSI generic (bsg) driver version 0.4 loaded (major 251)
[STDERR  ] 2018-01-30T23:31:34.144396816Z: [    2.061685] io scheduler noop registered
[STDERR  ] 2018-01-30T23:31:34.144402723Z: [    2.066051] io scheduler deadline registered (default)
[STDERR  ] 2018-01-30T23:31:34.144408413Z: [    2.071994] io scheduler cfq registered
[STDERR  ] 2018-01-30T23:31:34.144414107Z: [    2.076155] pci_hotplug: PCI Hot Plug PCI Core version: 0.5
[STDERR  ] 2018-01-30T23:31:34.144419769Z: [    2.082085] pciehp: PCI Express Hot Plug Controller Driver version: 0.4
[STDERR  ] 2018-01-30T23:31:34.144425511Z: [    2.088956] shpchp: Standard Hot Plug PCI Controller Driver version: 0.4
[STDERR  ] 2018-01-30T23:31:34.144439425Z: [    2.096379] hv_vmbus: registering driver hyperv_fb
[STDERR  ] 2018-01-30T23:31:34.144446172Z: [    2.102004] input: Power Button as /devices/LNXSYSTM:00/LNXPWRBN:00/input/input0
[STDERR  ] 2018-01-30T23:31:34.144452066Z: [    2.110167] ACPI: Power Button [PWRF]
[STDERR  ] 2018-01-30T23:31:34.144457886Z: [    2.114437] GHES: HEST is not enabled!
[STDERR  ] 2018-01-30T23:31:34.144463689Z: [    2.118927] ACPI: PCI Interrupt Link [GSIG] enabled at IRQ 22
[STDERR  ] 2018-01-30T23:31:34.144469546Z: [    2.132227] ACPI: PCI Interrupt Link [GSIH] enabled at IRQ 23
[STDERR  ] 2018-01-30T23:31:34.144475265Z: [    2.143909] xenfs: not registering filesystem on non-xen platform
[STDERR  ] 2018-01-30T23:31:34.144480973Z: [    2.150213] Serial: 8250/16550 driver, 4 ports, IRQ sharing disabled
[STDERR  ] 2018-01-30T23:31:34.14448982Z: [    2.190857] 00:04: ttyS0 at I/O 0x3f8 (irq = 4, base_baud = 115200) is a 16550A
[STDERR  ] 2018-01-30T23:31:34.144495869Z: [    2.199677] Non-volatile memory driver v1.3
[STDERR  ] 2018-01-30T23:31:34.144501634Z: [    2.205805] Hangcheck: starting hangcheck timer 0.9.1 (tick is 180 seconds, margin is 60 seconds).
[STDERR  ] 2018-01-30T23:31:34.14450766Z: [    2.216326] random: fast init done
[STDERR  ] 2018-01-30T23:31:34.144513486Z: [    2.220720] random: crng init done
[STDERR  ] 2018-01-30T23:31:34.14451914Z: [    2.226276] loop: module loaded
[STDERR  ] 2018-01-30T23:31:34.144525149Z: [    2.230412] nbd: registered device at major 43
[STDERR  ] 2018-01-30T23:31:34.144530876Z: [    2.236745] lpc_ich 0000:00:1f.0: I/O space for GPIO uninitialized
[STDERR  ] 2018-01-30T23:31:34.14453674Z: [    2.243513] VMware PVSCSI driver - version 1.0.7.0-k
[STDERR  ] 2018-01-30T23:31:34.14454246Z: [    2.248787] hv_vmbus: registering driver hv_storvsc
[STDERR  ] 2018-01-30T23:31:34.144548278Z: [    2.254728] ACPI: PCI Interrupt Link [GSIA] enabled at IRQ 16
[STDERR  ] 2018-01-30T23:31:34.144554054Z: [    2.264082] ahci 0000:00:1f.2: AHCI 0001.0000 32 slots 6 ports 1.5 Gbps 0x3f impl SATA mode
[STDERR  ] 2018-01-30T23:31:34.144560053Z: [    2.273266] ahci 0000:00:1f.2: flags: 64bit ncq only 
[STDERR  ] 2018-01-30T23:31:34.14456578Z: [    2.282291] scsi host0: ahci
[STDERR  ] 2018-01-30T23:31:34.144571436Z: [    2.285548] scsi host1: ahci
[STDERR  ] 2018-01-30T23:31:34.14457706Z: [    2.288696] scsi host2: ahci
[STDERR  ] 2018-01-30T23:31:34.144582593Z: [    2.291936] scsi host3: ahci
[STDERR  ] 2018-01-30T23:31:34.144588187Z: [    2.295100] scsi host4: ahci
[STDERR  ] 2018-01-30T23:31:34.144593829Z: [    2.298314] scsi host5: ahci
[STDERR  ] 2018-01-30T23:31:34.144599425Z: [    2.301768] ata1: SATA max UDMA/133 abar m4096@0xfebd2000 port 0xfebd2100 irq 24
[STDERR  ] 2018-01-30T23:31:34.144605147Z: [    2.309660] ata2: SATA max UDMA/133 abar m4096@0xfebd2000 port 0xfebd2180 irq 24
[STDERR  ] 2018-01-30T23:31:34.14461088Z: [    2.318031] ata3: SATA max UDMA/133 abar m4096@0xfebd2000 port 0xfebd2200 irq 24
[STDERR  ] 2018-01-30T23:31:34.144616607Z: [    2.326383] ata4: SATA max UDMA/133 abar m4096@0xfebd2000 port 0xfebd2280 irq 24
[STDERR  ] 2018-01-30T23:31:34.144622271Z: [    2.334472] ata5: SATA max UDMA/133 abar m4096@0xfebd2000 port 0xfebd2300 irq 24
[STDERR  ] 2018-01-30T23:31:34.144634636Z: [    2.342355] ata6: SATA max UDMA/133 abar m4096@0xfebd2000 port 0xfebd2380 irq 24
[STDERR  ] 2018-01-30T23:31:34.144643151Z: [    2.350902] tun: Universal TUN/TAP device driver, 1.6
[STDERR  ] 2018-01-30T23:31:34.144649136Z: [    2.356262] tun: (C) 1999-2004 Max Krasnyansky <maxk@qualcomm.com>
[STDERR  ] 2018-01-30T23:31:34.144657887Z: [    2.368590] VMware vmxnet3 virtual NIC driver - version 1.4.a.0-k-NAPI
[STDERR  ] 2018-01-30T23:31:34.144663685Z: [    2.375456] hv_vmbus: registering driver hv_netvsc
[STDERR  ] 2018-01-30T23:31:34.144671607Z: [    2.380542] Fusion MPT base driver 3.04.20
[STDERR  ] 2018-01-30T23:31:34.144677515Z: [    2.384896] Copyright (c) 1999-2008 LSI Corporation
[STDERR  ] 2018-01-30T23:31:34.144683289Z: [    2.390170] Fusion MPT SPI Host driver 3.04.20
[STDERR  ] 2018-01-30T23:31:34.144689065Z: [    2.394790] i8042: PNP: PS/2 Controller [PNP0303:KBD,PNP0f13:MOU] at 0x60,0x64 irq 1,12
[STDERR  ] 2018-01-30T23:31:34.144694895Z: [    2.406295] serio: i8042 KBD port at 0x60,0x64 irq 1
[STDERR  ] 2018-01-30T23:31:34.14470076Z: [    2.411020] serio: i8042 AUX port at 0x60,0x64 irq 12
[STDERR  ] 2018-01-30T23:31:34.144706643Z: [    2.416707] hv_vmbus: registering driver hyperv_keyboard
[STDERR  ] 2018-01-30T23:31:34.144712411Z: [    2.422303] mousedev: PS/2 mouse device common for all mice
[STDERR  ] 2018-01-30T23:31:34.144718095Z: [    2.429256] input: AT Translated Set 2 keyboard as /devices/platform/i8042/serio0/input/input1
[STDERR  ] 2018-01-30T23:31:34.144723996Z: [    2.438003] input: PC Speaker as /devices/platform/pcspkr/input/input2
[STDERR  ] 2018-01-30T23:31:34.14472988Z: [    2.444932] rtc_cmos 00:00: RTC can wake from S4
[STDERR  ] 2018-01-30T23:31:34.144735731Z: [    2.451963] rtc_cmos 00:00: rtc core: registered rtc_cmos as rtc0
[STDERR  ] 2018-01-30T23:31:34.144747003Z: [    2.458930] rtc_cmos 00:00: alarms up to one day, y3k, 114 bytes nvram, hpet irqs
[STDERR  ] 2018-01-30T23:31:34.144753065Z: [    2.466499] i2c /dev entries driver
[STDERR  ] 2018-01-30T23:31:34.144760956Z: [    2.470617] device-mapper: ioctl: 4.35.0-ioctl (2016-06-23) initialised: dm-devel@redhat.com
[STDERR  ] 2018-01-30T23:31:34.144767047Z: [    2.480541] usbcore: registered new interface driver usbhid
[STDERR  ] 2018-01-30T23:31:34.144772742Z: [    2.486712] usbhid: USB HID core driver
[STDERR  ] 2018-01-30T23:31:34.1447787Z: [    2.490875] hv_utils: Registering HyperV Utility Driver
[STDERR  ] 2018-01-30T23:31:34.144784487Z: [    2.496571] hv_vmbus: registering driver hv_util
[STDERR  ] 2018-01-30T23:31:34.144790225Z: [    2.501452] hv_vmbus: registering driver hv_balloon
[STDERR  ] 2018-01-30T23:31:34.144795858Z: [    2.506601] oprofile: using NMI interrupt.
[STDERR  ] 2018-01-30T23:31:34.144801605Z: [    2.510903] GACT probability on
[STDERR  ] 2018-01-30T23:31:34.144807373Z: [    2.514458] Mirror/redirect action on
[STDERR  ] 2018-01-30T23:31:34.144812952Z: [    2.518253] Simple TC action Loaded
[STDERR  ] 2018-01-30T23:31:34.144818582Z: [    2.521901] u32 classifier
[STDERR  ] 2018-01-30T23:31:34.144824413Z: [    2.524705]     Performance counters on
[STDERR  ] 2018-01-30T23:31:34.144830158Z: [    2.528587]     input device check on
[STDERR  ] 2018-01-30T23:31:34.144835876Z: [    2.532417]     Actions configured
[STDERR  ] 2018-01-30T23:31:34.144841505Z: [    2.535969] Netfilter messages via NETLINK v0.30.
[STDERR  ] 2018-01-30T23:31:34.144847322Z: [    2.541457] nfnl_acct: registering with nfnetlink.
[STDERR  ] 2018-01-30T23:31:34.144853127Z: [    2.546330] nf_conntrack version 0.5.0 (8192 buckets, 32768 max)
[STDERR  ] 2018-01-30T23:31:34.144858858Z: [    2.552538] ctnetlink v0.93: registering with nfnetlink.
[STDERR  ] 2018-01-30T23:31:34.144864471Z: [    2.557996] nf_tables: (c) 2007-2009 Patrick McHardy <kaber@trash.net>
[STDERR  ] 2018-01-30T23:31:34.144870245Z: [    2.564641] nf_tables_compat: (c) 2012 Pablo Neira Ayuso <pablo@netfilter.org>
[STDERR  ] 2018-01-30T23:31:34.144876138Z: [    2.572051] xt_time: kernel timezone is -0000
[STDERR  ] 2018-01-30T23:31:34.144881887Z: [    2.576415] ip_set: protocol 6
[STDERR  ] 2018-01-30T23:31:34.144893931Z: [    2.579537] IPVS: Registered protocols (TCP, UDP, SCTP, AH, ESP)
[STDERR  ] 2018-01-30T23:31:34.144899836Z: [    2.586090] IPVS: Connection hash table configured (size=4096, memory=64Kbytes)
[STDERR  ] 2018-01-30T23:31:34.144905749Z: [    2.593721] IPVS: Creating netns size=2104 id=0
[STDERR  ] 2018-01-30T23:31:34.144912916Z: [    2.599552] IPVS: ipvs loaded.
[STDERR  ] 2018-01-30T23:31:34.144918751Z: [    2.602713] IPVS: [rr] scheduler registered.
[STDERR  ] 2018-01-30T23:31:34.144924415Z: [    2.607343] IPVS: [wrr] scheduler registered.
[STDERR  ] 2018-01-30T23:31:34.144929965Z: [    2.611874] IPVS: [lc] scheduler registered.
[STDERR  ] 2018-01-30T23:31:34.144937447Z: [    2.617030] IPVS: [wlc] scheduler registered.
[STDERR  ] 2018-01-30T23:31:34.144943251Z: [    2.621517] IPVS: [fo] scheduler registered.
[STDERR  ] 2018-01-30T23:31:34.144948816Z: [    2.626213] IPVS: [ovf] scheduler registered.
[STDERR  ] 2018-01-30T23:31:34.144954462Z: [    2.630677] IPVS: [lblc] scheduler registered.
[STDERR  ] 2018-01-30T23:31:34.144960158Z: [    2.635773] IPVS: [lblcr] scheduler registered.
[STDERR  ] 2018-01-30T23:31:34.144968175Z: [    2.640567] IPVS: [dh] scheduler registered.
[STDERR  ] 2018-01-30T23:31:34.144975693Z: [    2.645477] IPVS: [sh] scheduler registered.
[STDERR  ] 2018-01-30T23:31:34.144981564Z: [    2.649945] IPVS: [sed] scheduler registered.
[STDERR  ] 2018-01-30T23:31:34.144987327Z: [    2.654759] IPVS: [nq] scheduler registered.
[STDERR  ] 2018-01-30T23:31:34.144992964Z: [    2.659020] IPVS: ftp: loaded support on port[0] = 21
[STDERR  ] 2018-01-30T23:31:34.144998693Z: [    2.664590] ipip: IPv4 and MPLS over IPv4 tunneling driver
[STDERR  ] 2018-01-30T23:31:34.145004462Z: [    2.670550] gre: GRE over IPv4 demultiplexor driver
[STDERR  ] 2018-01-30T23:31:34.145010298Z: [    2.676032] ip_tables: (C) 2000-2006 Netfilter Core Team
[STDERR  ] 2018-01-30T23:31:34.145015989Z: [    2.681783] ipt_CLUSTERIP: ClusterIP Version 0.8 loaded successfully
[STDERR  ] 2018-01-30T23:31:34.145021809Z: [    2.688436] arp_tables: arp_tables: (C) 2002 David S. Miller
[STDERR  ] 2018-01-30T23:31:34.145029135Z: [    2.694717] ata6: SATA link down (SStatus 0 SControl 300)
[STDERR  ] 2018-01-30T23:31:34.145035029Z: [    2.700830] ata5: SATA link down (SStatus 0 SControl 300)
[STDERR  ] 2018-01-30T23:31:34.145040678Z: [    2.706951] ata4: SATA link down (SStatus 0 SControl 300)
[STDERR  ] 2018-01-30T23:31:34.14504638Z: [    2.713170] ata3: SATA link up 1.5 Gbps (SStatus 113 SControl 300)
[STDERR  ] 2018-01-30T23:31:34.145053713Z: [    2.719848] ata3.00: ATAPI: QEMU DVD-ROM, 2.5+, max UDMA/100
[STDERR  ] 2018-01-30T23:31:34.145059445Z: [    2.725614] ata3.00: applying bridge limits
[STDERR  ] 2018-01-30T23:31:34.145065141Z: [    2.730749] ata2: SATA link down (SStatus 0 SControl 300)
[STDERR  ] 2018-01-30T23:31:34.145070787Z: [    2.736905] ata1: SATA link up 1.5 Gbps (SStatus 113 SControl 300)
[STDERR  ] 2018-01-30T23:31:34.145076478Z: [    2.743709] NET: Registered protocol family 10
[STDERR  ] 2018-01-30T23:31:34.145082096Z: [    2.748628] ata1.00: ATA-7: QEMU HARDDISK, 2.5+, max UDMA/100
[STDERR  ] 2018-01-30T23:31:34.145087804Z: [    2.754418] ata1.00: 1048576 sectors, multi 16: LBA48 NCQ (depth 31/32)
[STDERR  ] 2018-01-30T23:31:34.145093433Z: [    2.761720] ata1.00: applying bridge limits
[STDERR  ] 2018-01-30T23:31:34.14509908Z: [    2.766421] ip6_tables: (C) 2000-2006 Netfilter Core Team
[STDERR  ] 2018-01-30T23:31:34.145112413Z: [    2.773020] NET: Registered protocol family 17
[STDERR  ] 2018-01-30T23:31:34.145122995Z: [    2.777688] Bridge firewalling registered
[STDERR  ] 2018-01-30T23:31:34.145132431Z: [    2.782154] ata3.00: configured for UDMA/100
[STDERR  ] 2018-01-30T23:31:34.145140825Z: [    2.787397] ata1.00: configured for UDMA/100
[STDERR  ] 2018-01-30T23:31:34.145149805Z: [    2.792467] Ebtables v2.0 registered
[STDERR  ] 2018-01-30T23:31:34.14515956Z: [    2.796710] 8021q: 802.1Q VLAN Support v1.8
[STDERR  ] 2018-01-30T23:31:34.145175073Z: [    2.801501] scsi 0:0:0:0: Direct-Access     ATA      QEMU HARDDISK    2.5+ PQ: 0 ANSI: 5
[STDERR  ] 2018-01-30T23:31:34.14528363Z: [    2.810684] sd 0:0:0:0: Attached scsi generic sg0 type 0
[STDERR  ] 2018-01-30T23:31:34.145302481Z: [    2.816558] 9pnet: Installing 9P2000 support
[STDERR  ] 2018-01-30T23:31:34.145309073Z: [    2.821158] sd 0:0:0:0: [sda] 1048576 512-byte logical blocks: (537 MB/512 MiB)
[STDERR  ] 2018-01-30T23:31:34.145315342Z: [    2.828826] Key type dns_resolver registered
[STDERR  ] 2018-01-30T23:31:34.145321264Z: [    2.833648] sd 0:0:0:0: [sda] Write Protect is off
[STDERR  ] 2018-01-30T23:31:34.14532708Z: [    2.838904] scsi 2:0:0:0: CD-ROM            QEMU     QEMU DVD-ROM     2.5+ PQ: 0 ANSI: 5
[STDERR  ] 2018-01-30T23:31:34.14533323Z: [    2.848085] microcode: sig=0x663, pf=0x1, revision=0x1
[STDERR  ] 2018-01-30T23:31:34.145338998Z: [    2.853375] sd 0:0:0:0: [sda] Write cache: enabled, read cache: enabled, doesn't support DPO or FUA
[STDERR  ] 2018-01-30T23:31:34.145345253Z: [    2.863746] microcode: Microcode Update Driver: v2.01 <tigran@aivazian.fsnet.co.uk>, Peter Oruba
[STDERR  ] 2018-01-30T23:31:34.145351173Z: [    2.874168] sd 0:0:0:0: [sda] Attached SCSI disk
[STDERR  ] 2018-01-30T23:31:34.145356987Z: [    2.879497] registered taskstats version 1
[STDERR  ] 2018-01-30T23:31:34.145362847Z: [    2.884917] sr 2:0:0:0: [sr0] scsi3-mmc drive: 4x/4x cd/rw xa/form2 tray
[STDERR  ] 2018-01-30T23:31:34.145368705Z: [    2.892304] cdrom: Uniform CD-ROM driver Revision: 3.20
[STDERR  ] 2018-01-30T23:31:34.145374447Z: [    2.900200] sr 2:0:0:0: Attached scsi generic sg1 type 5
[STDERR  ] 2018-01-30T23:31:34.14538017Z: [    2.910177] Key type big_key registered
[STDERR  ] 2018-01-30T23:31:34.145385733Z: [    2.919778] Key type encrypted registered
[STDERR  ] 2018-01-30T23:31:34.145391481Z: [    2.926084] rtc_cmos 00:00: setting system clock to 2018-01-30 23:31:20 UTC (1517355080)
[STDERR  ] 2018-01-30T23:31:34.14539739Z: [    2.937246] Freeing unused kernel memory: 1400K
[STDERR  ] 2018-01-30T23:31:34.145403087Z: [    2.942268] Write protecting the kernel read-only data: 12288k
[STDERR  ] 2018-01-30T23:31:34.14540888Z: [    2.948827] Freeing unused kernel memory: 124K
[STDERR  ] 2018-01-30T23:31:34.145414562Z: [    2.957373] Freeing unused kernel memory: 1392K
[STDERR  ] 2018-01-30T23:31:34.145425115Z: 
[STDERR  ] 2018-01-30T23:31:34.1454313Z: Welcome to LinuxKit
[STDERR  ] 2018-01-30T23:31:34.14543729Z: 
[STDERR  ] 2018-01-30T23:31:34.145443307Z:                         ##         .
[STDERR  ] 2018-01-30T23:31:34.145449088Z:                   ## ## ##        ==
[STDERR  ] 2018-01-30T23:31:34.145454858Z:                ## ## ## ## ##    ===
[STDERR  ] 2018-01-30T23:31:34.145460641Z:            /"""""""""""""""""\___/ ===
[STDERR  ] 2018-01-30T23:31:34.14546648Z:           {                       /  ===-
[STDERR  ] 2018-01-30T23:31:34.14547219Z:            \______ O           __/
[STDERR  ] 2018-01-30T23:31:34.145477964Z:              \    \         __/
[STDERR  ] 2018-01-30T23:31:34.145483727Z:               \____\_______/
[STDERR  ] 2018-01-30T23:31:34.145489431Z: 
[STDERR  ] 2018-01-30T23:31:34.14549554Z: [    3.539184] IPVS: Creating netns size=2104 id=1
[STDERR  ] 2018-01-30T23:31:34.145501313Z: [    3.546149] IPVS: ftp: loaded support on port[0] = 21
[STDERR  ] 2018-01-30T23:31:34.145507101Z: 2018/01/30 23:31:21 Creating partition on /dev/sda
[STDERR  ] 2018-01-30T23:31:34.145512811Z: [    3.640402]  sda:
[STDERR  ] 2018-01-30T23:31:34.145518833Z: [    3.651456]  sda:
[STDERR  ] 2018-01-30T23:31:34.145528265Z: [    3.667990]  sda: sda1
[STDERR  ] 2018-01-30T23:31:34.145534479Z: [    3.675699]  sda: sda1
[STDERR  ] 2018-01-30T23:31:34.145542322Z: [    4.743119] mkfs.xfs: sending ioctl 1261 to a partition!
[STDERR  ] 2018-01-30T23:31:34.145548298Z: 2018/01/30 23:31:22 Partition /dev/sda1 successfully created!
[STDERR  ] 2018-01-30T23:31:34.145554089Z: [    4.821184] IPVS: Creating netns size=2104 id=2
[STDERR  ] 2018-01-30T23:31:34.145561736Z: [    4.828442] IPVS: ftp: loaded support on port[0] = 21
[STDERR  ] 2018-01-30T23:31:34.145580185Z: [    4.872844] FAT-fs (sda1): utf8 is not a recommended IO charset for FAT filesystems, filesystem will be case sensitive!
[STDERR  ] 2018-01-30T23:31:34.145587394Z: [    4.888143] FAT-fs (sda1): utf8 is not a recommended IO charset for FAT filesystems, filesystem will be case sensitive!
[STDERR  ] 2018-01-30T23:31:34.145593276Z: [    4.903692] mount: sending ioctl 5310 to a partition!
[STDERR  ] 2018-01-30T23:31:34.145598991Z: [    4.936974] mount: sending ioctl 5310 to a partition!
[STDERR  ] 2018-01-30T23:31:34.145604743Z: [    4.944323] UDF-fs: warning (device sda1): udf_fill_super: No partition found (2)
[STDERR  ] 2018-01-30T23:31:34.145612866Z: [    4.955745] XFS (sda1): Mounting V5 Filesystem
[STDERR  ] 2018-01-30T23:31:34.145618632Z: [    4.975688] XFS (sda1): Ending clean mount
[STDERR  ] 2018-01-30T23:31:34.145624289Z: format_mount test suite PASSED
[STDERR  ] 2018-01-30T23:31:34.145638232Z: [   15.427553] sd 0:0:0:0: [sda] Synchronizing SCSI cache
[STDERR  ] 2018-01-30T23:31:34.145644062Z: [   15.431980] sd 0:0:0:0: [sda] Stopping disk
[STDERR  ] 2018-01-30T23:31:34.145649792Z: [   15.436508] ACPI: Preparing to enter system sleep state S5
[STDERR  ] 2018-01-30T23:31:34.145655496Z: [   15.441242] reboot: Power down
[STDERR  ] 2018-01-30T23:31:34.145661283Z: + echo [    0.000000] Linux version 4.9.78-linuxkit (root@9ac57ca26f22) (gcc version 6.4.0 (Alpine 6.4.0) ) #1 SMP Wed Jan 24 12:49:16 UTC 2018
[STDERR  ] 2018-01-30T23:31:34.145668223Z: [    0.000000] Command line: console=ttyS0 console=ttyAMA0
[STDERR  ] 2018-01-30T23:31:34.145674011Z: [    0.000000] x86/fpu: Legacy x87 FPU detected.
[STDERR  ] 2018-01-30T23:31:34.145679691Z: [    0.000000] x86/fpu: Using 'eager' FPU context switches.
[STDERR  ] 2018-01-30T23:31:34.145685448Z: [    0.000000] e820: BIOS-provided physical RAM map:
[STDERR  ] 2018-01-30T23:31:34.145691299Z: [    0.000000] BIOS-e820: [mem 0x0000000000000000-0x000000000009fbff] usable
[STDERR  ] 2018-01-30T23:31:34.145699703Z: [    0.000000] BIOS-e820: [mem 0x000000000009fc00-0x000000000009ffff] reserved
[STDERR  ] 2018-01-30T23:31:34.145705759Z: [    0.000000] BIOS-e820: [mem 0x00000000000f0000-0x00000000000fffff] reserved
[STDERR  ] 2018-01-30T23:31:34.145711538Z: [    0.000000] BIOS-e820: [mem 0x0000000000100000-0x000000003ffdefff] usable
[STDERR  ] 2018-01-30T23:31:34.145717401Z: [    0.000000] BIOS-e820: [mem 0x000000003ffdf000-0x000000003fffffff] reserved
[STDERR  ] 2018-01-30T23:31:34.145723003Z: [    0.000000] BIOS-e820: [mem 0x00000000b0000000-0x00000000bfffffff] reserved
[STDERR  ] 2018-01-30T23:31:34.145728734Z: [    0.000000] BIOS-e820: [mem 0x00000000fed1c000-0x00000000fed1ffff] reserved
[STDERR  ] 2018-01-30T23:31:34.145734405Z: [    0.000000] BIOS-e820: [mem 0x00000000feffc000-0x00000000feffffff] reserved
[STDERR  ] 2018-01-30T23:31:34.145740076Z: [    0.000000] BIOS-e820: [mem 0x00000000fffc0000-0x00000000ffffffff] reserved
[STDERR  ] 2018-01-30T23:31:34.145745812Z: [    0.000000] NX (Execute Disable) protection: active
[STDERR  ] 2018-01-30T23:31:34.145751732Z: [    0.000000] SMBIOS 2.8 present.
[STDERR  ] 2018-01-30T23:31:34.145757525Z: [    0.000000] Hypervisor detected: KVM
[STDERR  ] 2018-01-30T23:31:34.145763332Z: [    0.000000] e820: last_pfn = 0x3ffdf max_arch_pfn = 0x400000000
[STDERR  ] 2018-01-30T23:31:34.145769235Z: [    0.000000] x86/PAT: PAT not supported by CPU.
[STDERR  ] 2018-01-30T23:31:34.145775065Z: [    0.000000] x86/PAT: Configuration [0-7]: WB  WT  UC- UC  WB  WT  UC- UC  
[STDERR  ] 2018-01-30T23:31:34.145780898Z: [    0.000000] found SMP MP-table at [mem 0x000f6aa0-0x000f6aaf] mapped at [ffff9ee1800f6aa0]
[STDERR  ] 2018-01-30T23:31:34.145786842Z: [    0.000000] RAMDISK: [mem 0x3dff5000-0x3ffcffff]
[STDERR  ] 2018-01-30T23:31:34.145792687Z: [    0.000000] ACPI: Early table checksum verification disabled
[STDERR  ] 2018-01-30T23:31:34.145798574Z: [    0.000000] ACPI: RSDP 0x00000000000F68B0 000014 (v00 BOCHS )
[STDERR  ] 2018-01-30T23:31:34.145804431Z: [    0.000000] ACPI: RSDT 0x000000003FFE20A8 000034 (v01 BOCHS  BXPCRSDT 00000001 BXPC 00000001)
[STDERR  ] 2018-01-30T23:31:34.145817302Z: [    0.000000] ACPI: FACP 0x000000003FFE1EC8 0000F4 (v03 BOCHS  BXPCFACP 00000001 BXPC 00000001)
[STDERR  ] 2018-01-30T23:31:34.145825683Z: [    0.000000] ACPI: DSDT 0x000000003FFE0040 001E88 (v01 BOCHS  BXPCDSDT 00000001 BXPC 00000001)
[STDERR  ] 2018-01-30T23:31:34.145831594Z: [    0.000000] ACPI: FACS 0x000000003FFE0000 000040
[STDERR  ] 2018-01-30T23:31:34.145837505Z: [    0.000000] ACPI: APIC 0x000000003FFE1FBC 000078 (v01 BOCHS  BXPCAPIC 00000001 BXPC 00000001)
[STDERR  ] 2018-01-30T23:31:34.145843365Z: [    0.000000] ACPI: HPET 0x000000003FFE2034 000038 (v01 BOCHS  BXPCHPET 00000001 BXPC 00000001)
[STDERR  ] 2018-01-30T23:31:34.145849238Z: [    0.000000] ACPI: MCFG 0x000000003FFE206C 00003C (v01 BOCHS  BXPCMCFG 00000001 BXPC 00000001)
[STDERR  ] 2018-01-30T23:31:34.145855069Z: [    0.000000] kvm-clock: Using msrs 4b564d01 and 4b564d00
[STDERR  ] 2018-01-30T23:31:34.145860995Z: [    0.000000] kvm-clock: cpu 0, msr 0:3ffdd001, primary cpu clock
[STDERR  ] 2018-01-30T23:31:34.145868859Z: [    0.000000] clocksource: kvm-clock: mask: 0xffffffffffffffff max_cycles: 0x1cd42e4dffb, max_idle_ns: 881590591483 ns
[STDERR  ] 2018-01-30T23:31:34.145874916Z: [    0.000000] Zone ranges:
[STDERR  ] 2018-01-30T23:31:34.145880683Z: [    0.000000]   DMA      [mem 0x0000000000001000-0x0000000000ffffff]
[STDERR  ] 2018-01-30T23:31:34.145886465Z: [    0.000000]   DMA32    [mem 0x0000000001000000-0x000000003ffdefff]
[STDERR  ] 2018-01-30T23:31:34.145892247Z: [    0.000000]   Normal   empty
[STDERR  ] 2018-01-30T23:31:34.145897958Z: [    0.000000] Movable zone start for each node
[STDERR  ] 2018-01-30T23:31:34.145903742Z: [    0.000000] Early memory node ranges
[STDERR  ] 2018-01-30T23:31:34.145909648Z: [    0.000000]   node   0: [mem 0x0000000000001000-0x000000000009efff]
[STDERR  ] 2018-01-30T23:31:34.145917289Z: [    0.000000]   node   0: [mem 0x0000000000100000-0x000000003ffdefff]
[STDERR  ] 2018-01-30T23:31:34.145923381Z: [    0.000000] Initmem setup node 0 [mem 0x0000000000001000-0x000000003ffdefff]
[STDERR  ] 2018-01-30T23:31:34.145929182Z: [    0.000000] ACPI: PM-Timer IO Port: 0x608
[STDERR  ] 2018-01-30T23:31:34.145935089Z: [    0.000000] ACPI: LAPIC_NMI (acpi_id[0xff] dfl dfl lint[0x1])
[STDERR  ] 2018-01-30T23:31:34.145940928Z: [    0.000000] IOAPIC[0]: apic_id 0, version 17, address 0xfec00000, GSI 0-23
[STDERR  ] 2018-01-30T23:31:34.145946795Z: [    0.000000] ACPI: INT_SRC_OVR (bus 0 bus_irq 0 global_irq 2 dfl dfl)
[STDERR  ] 2018-01-30T23:31:34.145955415Z: [    0.000000] ACPI: INT_SRC_OVR (bus 0 bus_irq 5 global_irq 5 high level)
[STDERR  ] 2018-01-30T23:31:34.145961271Z: [    0.000000] ACPI: INT_SRC_OVR (bus 0 bus_irq 9 global_irq 9 high level)
[STDERR  ] 2018-01-30T23:31:34.145967028Z: [    0.000000] ACPI: INT_SRC_OVR (bus 0 bus_irq 10 global_irq 10 high level)
[STDERR  ] 2018-01-30T23:31:34.145972809Z: [    0.000000] ACPI: INT_SRC_OVR (bus 0 bus_irq 11 global_irq 11 high level)
[STDERR  ] 2018-01-30T23:31:34.145978519Z: [    0.000000] Using ACPI (MADT) for SMP configuration information
[STDERR  ] 2018-01-30T23:31:34.145984322Z: [    0.000000] ACPI: HPET id: 0x8086a201 base: 0xfed00000
[STDERR  ] 2018-01-30T23:31:34.145990125Z: [    0.000000] smpboot: Allowing 1 CPUs, 0 hotplug CPUs
[STDERR  ] 2018-01-30T23:31:34.145995959Z: [    0.000000] e820: [mem 0x40000000-0xafffffff] available for PCI devices
[STDERR  ] 2018-01-30T23:31:34.146001678Z: [    0.000000] Booting paravirtualized kernel on KVM
[STDERR  ] 2018-01-30T23:31:34.146007565Z: [    0.000000] clocksource: refined-jiffies: mask: 0xffffffff max_cycles: 0xffffffff, max_idle_ns: 19112604462750000 ns
[STDERR  ] 2018-01-30T23:31:34.146015982Z: [    0.000000] setup_percpu: NR_CPUS:128 nr_cpumask_bits:128 nr_cpu_ids:1 nr_node_ids:1
[STDERR  ] 2018-01-30T23:31:34.146023658Z: [    0.000000] percpu: Embedded 36 pages/cpu @ffff9ee1bdc00000 s106904 r8192 d32360 u2097152
[STDERR  ] 2018-01-30T23:31:34.146029781Z: [    0.000000] KVM setup async PF for cpu 0
[STDERR  ] 2018-01-30T23:31:34.146039022Z: [    0.000000] kvm-stealtime: cpu 0, msr 3dc0fd80
[STDERR  ] 2018-01-30T23:31:34.146047639Z: [    0.000000] Built 1 zonelists in Zone order, mobility grouping on.  Total pages: 257896
[STDERR  ] 2018-01-30T23:31:34.146053694Z: [    0.000000] Kernel command line: console=ttyS0 console=ttyAMA0
[STDERR  ] 2018-01-30T23:31:34.146059387Z: [    0.000000] PID hash table entries: 4096 (order: 3, 32768 bytes)
[STDERR  ] 2018-01-30T23:31:34.146066791Z: [    0.000000] Dentry cache hash table entries: 131072 (order: 8, 1048576 bytes)
[STDERR  ] 2018-01-30T23:31:34.146072727Z: [    0.000000] Inode-cache hash table entries: 65536 (order: 7, 524288 bytes)
[STDERR  ] 2018-01-30T23:31:34.146078524Z: [    0.000000] Memory: 981500K/1048052K available (8055K kernel code, 1391K rwdata, 2704K rodata, 1400K init, 564K bss, 66552K reserved, 0K cma-reserved)
[STDERR  ] 2018-01-30T23:31:34.146085205Z: [    0.000000] Kernel/User page tables isolation: enabled
[STDERR  ] 2018-01-30T23:31:34.146091069Z: [    0.000000] Hierarchical RCU implementation.
[STDERR  ] 2018-01-30T23:31:34.146096735Z: [    0.000000] 	Build-time adjustment of leaf fanout to 64.
[STDERR  ] 2018-01-30T23:31:34.146102491Z: [    0.000000] 	RCU restricting CPUs from NR_CPUS=128 to nr_cpu_ids=1.
[STDERR  ] 2018-01-30T23:31:34.146108304Z: [    0.000000] RCU: Adjusting geometry for rcu_fanout_leaf=64, nr_cpu_ids=1
[STDERR  ] 2018-01-30T23:31:34.146114098Z: [    0.000000] NR_IRQS:8448 nr_irqs:256 16
[STDERR  ] 2018-01-30T23:31:34.146119956Z: [    0.000000] Console: colour VGA+ 80x25
[STDERR  ] 2018-01-30T23:31:34.146125605Z: [    0.000000] console [ttyS0] enabled
[STDERR  ] 2018-01-30T23:31:34.146131279Z: [    0.000000] clocksource: hpet: mask: 0xffffffff max_cycles: 0xffffffff, max_idle_ns: 19112604467 ns
[STDERR  ] 2018-01-30T23:31:34.146137273Z: [    0.000000] tsc: Detected 2300.002 MHz processor
[STDERR  ] 2018-01-30T23:31:34.146142985Z: [    0.020000] Calibrating delay loop (skipped) preset value.. 4600.00 BogoMIPS (lpj=23000020)
[STDERR  ] 2018-01-30T23:31:34.146148811Z: [    0.023140] pid_max: default: 32768 minimum: 301
[STDERR  ] 2018-01-30T23:31:34.146154609Z: [    0.027873] ACPI: Core revision 20160831
[STDERR  ] 2018-01-30T23:31:34.146162929Z: [    0.030679] ACPI: 1 ACPI AML tables successfully acquired and loaded
[STDERR  ] 2018-01-30T23:31:34.146168838Z: [    0.040070] Security Framework initialized
[STDERR  ] 2018-01-30T23:31:34.146174581Z: [    0.044637] Yama: becoming mindful.
[STDERR  ] 2018-01-30T23:31:34.146180194Z: [    0.048359] Mount-cache hash table entries: 2048 (order: 2, 16384 bytes)
[STDERR  ] 2018-01-30T23:31:34.146185842Z: [    0.050038] Mountpoint-cache hash table entries: 2048 (order: 2, 16384 bytes)
[STDERR  ] 2018-01-30T23:31:34.146191495Z: [    0.060879] CPU: Physical Processor ID: 0
[STDERR  ] 2018-01-30T23:31:34.146197118Z: [    0.065608] Last level iTLB entries: 4KB 0, 2MB 0, 4MB 0
[STDERR  ] 2018-01-30T23:31:34.146202847Z: [    0.070033] Last level dTLB entries: 4KB 0, 2MB 0, 4MB 0, 1GB 0
[STDERR  ] 2018-01-30T23:31:34.146208547Z: [    0.080039] Spectre V2 mitigation: Vulnerable: Minimal generic ASM retpoline
[STDERR  ] 2018-01-30T23:31:34.146219282Z: [    0.202993] Freeing SMP alternatives memory: 20K
[STDERR  ] 2018-01-30T23:31:34.146225476Z: [    0.238800] ftrace: allocating 35561 entries in 139 pages
[STDERR  ] 2018-01-30T23:31:34.146231253Z: [    0.260128] smpboot: Max logical packages: 1
[STDERR  ] 2018-01-30T23:31:34.146236925Z: [    0.270370] x2apic enabled
[STDERR  ] 2018-01-30T23:31:34.146242602Z: [    0.275427] Switched APIC routing to physical x2apic.
[STDERR  ] 2018-01-30T23:31:34.146256618Z: [    0.288742] ..TIMER: vector=0x30 apic1=0 pin1=2 apic2=-1 pin2=-1
[STDERR  ] 2018-01-30T23:31:34.146262729Z: [    0.290000] smpboot: CPU0: Intel QEMU Virtual CPU version 2.5+ (family: 0x6, model: 0x6, stepping: 0x3)
[STDERR  ] 2018-01-30T23:31:34.146268699Z: [    0.290009] Performance Events: PMU not available due to virtualization, using software events only.
[STDERR  ] 2018-01-30T23:31:34.146274505Z: [    0.307647] x86: Booted up 1 node, 1 CPUs
[STDERR  ] 2018-01-30T23:31:34.146286511Z: [    0.310007] smpboot: Total of 1 processors activated (4600.00 BogoMIPS)
[STDERR  ] 2018-01-30T23:31:34.146292611Z: [    0.322077] devtmpfs: initialized
[STDERR  ] 2018-01-30T23:31:34.146300096Z: [    0.325696] x86/mm: Memory block size: 128MB
[STDERR  ] 2018-01-30T23:31:34.146306124Z: [    0.333251] clocksource: jiffies: mask: 0xffffffff max_cycles: 0xffffffff, max_idle_ns: 19112604462750000 ns
[STDERR  ] 2018-01-30T23:31:34.146311936Z: [    0.340026] futex hash table entries: 256 (order: 2, 16384 bytes)
[STDERR  ] 2018-01-30T23:31:34.146317664Z: [    0.350219] NET: Registered protocol family 16
[STDERR  ] 2018-01-30T23:31:34.146323491Z: [    0.354991] cpuidle: using governor ladder
[STDERR  ] 2018-01-30T23:31:34.146329241Z: [    0.360007] cpuidle: using governor menu
[STDERR  ] 2018-01-30T23:31:34.146334921Z: [    0.364279] ACPI: bus type PCI registered
[STDERR  ] 2018-01-30T23:31:34.146340528Z: [    0.368817] PCI: MMCONFIG for domain 0000 [bus 00-ff] at [mem 0xb0000000-0xbfffffff] (base 0xb0000000)
[STDERR  ] 2018-01-30T23:31:34.146346245Z: [    0.370013] PCI: MMCONFIG at [mem 0xb0000000-0xbfffffff] reserved in E820
[STDERR  ] 2018-01-30T23:31:34.146351988Z: [    0.380026] PCI: Using configuration type 1 for base access
[STDERR  ] 2018-01-30T23:31:34.146357676Z: [    0.391569] HugeTLB registered 2 MB page size, pre-allocated 0 pages
[STDERR  ] 2018-01-30T23:31:34.146366138Z: [    0.398302] ACPI: Added _OSI(Module Device)
[STDERR  ] 2018-01-30T23:31:34.146373627Z: [    0.400009] ACPI: Added _OSI(Processor Device)
[STDERR  ] 2018-01-30T23:31:34.146379376Z: [    0.404450] ACPI: Added _OSI(3.0 _SCP Extensions)
[STDERR  ] 2018-01-30T23:31:34.146385091Z: [    0.410008] ACPI: Added _OSI(Processor Aggregator Device)
[STDERR  ] 2018-01-30T23:31:34.146390867Z: [    0.423281] ACPI: Interpreter enabled
[STDERR  ] 2018-01-30T23:31:34.146396536Z: [    0.427168] ACPI: (supports S0 S5)
[STDERR  ] 2018-01-30T23:31:34.146402193Z: [    0.430009] ACPI: Using IOAPIC for interrupt routing
[STDERR  ] 2018-01-30T23:31:34.146407835Z: [    0.435782] PCI: Using host bridge windows from ACPI; if necessary, use "pci=nocrs" and report a bug
[STDERR  ] 2018-01-30T23:31:34.146415834Z: [    0.443051] ACPI: PCI Root Bridge [PCI0] (domain 0000 [bus 00-ff])
[STDERR  ] 2018-01-30T23:31:34.146421736Z: [    0.450014] acpi PNP0A08:00: _OSC: OS supports [ExtendedConfig ASPM ClockPM Segments MSI]
[STDERR  ] 2018-01-30T23:31:34.146429368Z: [    0.460138] acpi PNP0A08:00: _OSC: OS now controls [PCIeHotplug PME PCIeCapability]
[STDERR  ] 2018-01-30T23:31:34.146435307Z: [    0.470078] PCI host bridge to bus 0000:00
[STDERR  ] 2018-01-30T23:31:34.146440951Z: [    0.474282] pci_bus 0000:00: root bus resource [io  0x0000-0x0cf7 window]
[STDERR  ] 2018-01-30T23:31:34.14644668Z: [    0.480009] pci_bus 0000:00: root bus resource [io  0x0d00-0xffff window]
[STDERR  ] 2018-01-30T23:31:34.146452404Z: [    0.490008] pci_bus 0000:00: root bus resource [mem 0x000a0000-0x000bffff window]
[STDERR  ] 2018-01-30T23:31:34.146458087Z: [    0.497459] pci_bus 0000:00: root bus resource [mem 0xc0000000-0xfebfffff window]
[STDERR  ] 2018-01-30T23:31:34.146463796Z: [    0.500012] pci_bus 0000:00: root bus resource [bus 00-ff]
[STDERR  ] 2018-01-30T23:31:34.146469528Z: [    0.633118] pci 0000:00:1f.0: quirk: [io  0x0600-0x067f] claimed by ICH6 ACPI/GPIO/TCO
[STDERR  ] 2018-01-30T23:31:34.146475208Z: [    0.694788] ACPI: PCI Interrupt Link [LNKA] (IRQs 5 *10 11)
[STDERR  ] 2018-01-30T23:31:34.146480968Z: [    0.702232] ACPI: PCI Interrupt Link [LNKB] (IRQs 5 *10 11)
[STDERR  ] 2018-01-30T23:31:34.146486534Z: [    0.710183] ACPI: PCI Interrupt Link [LNKC] (IRQs 5 10 *11)
[STDERR  ] 2018-01-30T23:31:34.146492101Z: [    0.717207] ACPI: PCI Interrupt Link [LNKD] (IRQs 5 10 *11)
[STDERR  ] 2018-01-30T23:31:34.146497651Z: [    0.722157] ACPI: PCI Interrupt Link [LNKE] (IRQs 5 *10 11)
[STDERR  ] 2018-01-30T23:31:34.146505935Z: [    0.731312] ACPI: PCI Interrupt Link [LNKF] (IRQs 5 *10 11)
[STDERR  ] 2018-01-30T23:31:34.14651192Z: [    0.738352] ACPI: PCI Interrupt Link [LNKG] (IRQs 5 10 *11)
[STDERR  ] 2018-01-30T23:31:34.146524154Z: [    0.742124] ACPI: PCI Interrupt Link [LNKH] (IRQs 5 10 *11)
[STDERR  ] 2018-01-30T23:31:34.146530167Z: [    0.752044] ACPI: PCI Interrupt Link [GSIA] (IRQs *16)
[STDERR  ] 2018-01-30T23:31:34.146535868Z: [    0.758052] ACPI: PCI Interrupt Link [GSIB] (IRQs *17)
[STDERR  ] 2018-01-30T23:31:34.146541573Z: [    0.761070] ACPI: PCI Interrupt Link [GSIC] (IRQs *18)
[STDERR  ] 2018-01-30T23:31:34.146547295Z: [    0.770578] ACPI: PCI Interrupt Link [GSID] (IRQs *19)
[STDERR  ] 2018-01-30T23:31:34.146552976Z: [    0.776671] ACPI: PCI Interrupt Link [GSIE] (IRQs *20)
[STDERR  ] 2018-01-30T23:31:34.146558654Z: [    0.781059] ACPI: PCI Interrupt Link [GSIF] (IRQs *21)
[STDERR  ] 2018-01-30T23:31:34.146564461Z: [    0.787094] ACPI: PCI Interrupt Link [GSIG] (IRQs *22)
[STDERR  ] 2018-01-30T23:31:34.146570189Z: [    0.791065] ACPI: PCI Interrupt Link [GSIH] (IRQs *23)
[STDERR  ] 2018-01-30T23:31:34.146575778Z: [    0.801398] ACPI: Enabled 1 GPEs in block 00 to 3F
[STDERR  ] 2018-01-30T23:31:34.146581553Z: [    0.807228] SCSI subsystem initialized
[STDERR  ] 2018-01-30T23:31:34.146587357Z: [    0.810079] ACPI: bus type USB registered
[STDERR  ] 2018-01-30T23:31:34.146593004Z: [    0.814380] usbcore: registered new interface driver usbfs
[STDERR  ] 2018-01-30T23:31:34.146602153Z: [    0.820035] usbcore: registered new interface driver hub
[STDERR  ] 2018-01-30T23:31:34.146608001Z: [    0.825509] usbcore: registered new device driver usb
[STDERR  ] 2018-01-30T23:31:34.146613581Z: [    0.830041] pps_core: LinuxPPS API ver. 1 registered
[STDERR  ] 2018-01-30T23:31:34.146619309Z: [    0.835103] pps_core: Software ver. 5.3.6 - Copyright 2005-2007 Rodolfo Giometti <giometti@linux.it>
[STDERR  ] 2018-01-30T23:31:34.146625154Z: [    0.840030] PTP clock support registered
[STDERR  ] 2018-01-30T23:31:34.146654191Z: [    0.850080] PCI: Using ACPI for IRQ routing
[STDERR  ] 2018-01-30T23:31:34.146660127Z: [    1.237540] NetLabel: Initializing
[STDERR  ] 2018-01-30T23:31:34.146665893Z: [    1.240006] NetLabel:  domain hash size = 128
[STDERR  ] 2018-01-30T23:31:34.146671569Z: [    1.244660] NetLabel:  protocols = UNLABELED CIPSOv4
[STDERR  ] 2018-01-30T23:31:34.146677333Z: [    1.250033] NetLabel:  unlabeled traffic allowed by default
[STDERR  ] 2018-01-30T23:31:34.146685178Z: [    1.255887] wmi: Mapper loaded
[STDERR  ] 2018-01-30T23:31:34.146693484Z: [    1.260164] HPET: 3 timers in total, 0 timers will be used for per-cpu timer
[STDERR  ] 2018-01-30T23:31:34.146699254Z: [    1.267589] hpet0: at MMIO 0xfed00000, IRQs 2, 8, 0
[STDERR  ] 2018-01-30T23:31:34.146705044Z: [    1.271468] hpet0: 3 comparators, 64-bit 100.000000 MHz counter
[STDERR  ] 2018-01-30T23:31:34.146710774Z: [    1.282397] clocksource: Switched to clocksource kvm-clock
[STDERR  ] 2018-01-30T23:31:34.146753406Z: [    1.299135] VFS: Disk quotas dquot_6.6.0
[STDERR  ] 2018-01-30T23:31:34.146760677Z: [    1.303695] VFS: Dquot-cache hash table entries: 512 (order 0, 4096 bytes)
[STDERR  ] 2018-01-30T23:31:34.146766495Z: [    1.311628] FS-Cache: Loaded
[STDERR  ] 2018-01-30T23:31:34.146772311Z: [    1.314918] CacheFiles: Loaded
[STDERR  ] 2018-01-30T23:31:34.146778157Z: [    1.318176] pnp: PnP ACPI init
[STDERR  ] 2018-01-30T23:31:34.146783951Z: [    1.322472] pnp: PnP ACPI: found 5 devices
[STDERR  ] 2018-01-30T23:31:34.146795121Z: [    1.332846] clocksource: acpi_pm: mask: 0xffffff max_cycles: 0xffffff, max_idle_ns: 2085701024 ns
[STDERR  ] 2018-01-30T23:31:34.146801033Z: [    1.342003] NET: Registered protocol family 2
[STDERR  ] 2018-01-30T23:31:34.146806747Z: [    1.346641] TCP established hash table entries: 8192 (order: 4, 65536 bytes)
[STDERR  ] 2018-01-30T23:31:34.146824311Z: [    1.354038] TCP bind hash table entries: 8192 (order: 5, 131072 bytes)
[STDERR  ] 2018-01-30T23:31:34.146831031Z: [    1.360685] TCP: Hash tables configured (established 8192 bind 8192)
[STDERR  ] 2018-01-30T23:31:34.146836788Z: [    1.367476] UDP hash table entries: 512 (order: 2, 16384 bytes)
[STDERR  ] 2018-01-30T23:31:34.146851804Z: [    1.373480] UDP-Lite hash table entries: 512 (order: 2, 16384 bytes)
[STDERR  ] 2018-01-30T23:31:34.146857973Z: [    1.380173] NET: Registered protocol family 1
[STDERR  ] 2018-01-30T23:31:34.146863878Z: [    1.384914] pci 0000:00:01.0: Video device with shadowed ROM at [mem 0x000c0000-0x000dffff]
[STDERR  ] 2018-01-30T23:31:34.146869713Z: [    1.393789] Unpacking initramfs...
[STDERR  ] 2018-01-30T23:31:34.146875311Z: [    1.931305] Freeing initrd memory: 32620K
[STDERR  ] 2018-01-30T23:31:34.14688086Z: [    1.936549] PCLMULQDQ-NI instructions are not detected.
[STDERR  ] 2018-01-30T23:31:34.146886678Z: [    1.942109] AVX or AES-NI instructions are not detected.
[STDERR  ] 2018-01-30T23:31:34.146904746Z: [    1.947743] CPU feature 'AVX registers' is not supported.
[STDERR  ] 2018-01-30T23:31:34.146911435Z: [    1.953676] CPU feature 'AVX registers' is not supported.
[STDERR  ] 2018-01-30T23:31:34.146919184Z: [    1.959186] CPU feature 'AVX registers' is not supported.
[STDERR  ] 2018-01-30T23:31:34.146924947Z: [    1.964903] CPU feature 'AVX registers' is not supported.
[STDERR  ] 2018-01-30T23:31:34.146930769Z: [    1.970682] AVX2 or AES-NI instructions are not detected.
[STDERR  ] 2018-01-30T23:31:34.146936429Z: [    1.976298] AVX2 instructions are not detected.
[STDERR  ] 2018-01-30T23:31:34.146942057Z: [    1.981400] audit: initializing netlink subsys (disabled)
[STDERR  ] 2018-01-30T23:31:34.146947871Z: [    1.987297] audit: type=2000 audit(1517355079.030:1): initialized
[STDERR  ] 2018-01-30T23:31:34.146953654Z: [    1.994745] workingset: timestamp_bits=46 max_order=18 bucket_order=0
[STDERR  ] 2018-01-30T23:31:34.146959561Z: [    2.001716] squashfs: version 4.0 (2009/01/31) Phillip Lougher
[STDERR  ] 2018-01-30T23:31:34.146965314Z: [    2.007952] FS-Cache: Netfs 'cifs' registered for caching
[STDERR  ] 2018-01-30T23:31:34.146979809Z: [    2.013884] fuse init (API version 7.26)
[STDERR  ] 2018-01-30T23:31:34.146986353Z: [    2.018118] SGI XFS with ACLs, security attributes, no debug enabled
[STDERR  ] 2018-01-30T23:31:34.146992024Z: [    2.025041] 9p: Installing v9fs 9p2000 file system support
[STDERR  ] 2018-01-30T23:31:34.14699772Z: [    2.031352] FS-Cache: Netfs '9p' registered for caching
[STDERR  ] 2018-01-30T23:31:34.147003371Z: [    2.038061] NET: Registered protocol family 38
[STDERR  ] 2018-01-30T23:31:34.147011466Z: [    2.042892] Key type asymmetric registered
[STDERR  ] 2018-01-30T23:31:34.147017224Z: [    2.047467] Asymmetric key parser 'x509' registered
[STDERR  ] 2018-01-30T23:31:34.147024791Z: [    2.053113] Block layer SCSI generic (bsg) driver version 0.4 loaded (major 251)
[STDERR  ] 2018-01-30T23:31:34.147030573Z: [    2.061685] io scheduler noop registered
[STDERR  ] 2018-01-30T23:31:34.147036158Z: [    2.066051] io scheduler deadline registered (default)
[STDERR  ] 2018-01-30T23:31:34.147041871Z: [    2.071994] io scheduler cfq registered
[STDERR  ] 2018-01-30T23:31:34.147047467Z: [    2.076155] pci_hotplug: PCI Hot Plug PCI Core version: 0.5
[STDERR  ] 2018-01-30T23:31:34.147064533Z: [    2.082085] pciehp: PCI Express Hot Plug Controller Driver version: 0.4
[STDERR  ] 2018-01-30T23:31:34.14707064Z: [    2.088956] shpchp: Standard Hot Plug PCI Controller Driver version: 0.4
[STDERR  ] 2018-01-30T23:31:34.147078678Z: [    2.096379] hv_vmbus: registering driver hyperv_fb
[STDERR  ] 2018-01-30T23:31:34.147084298Z: [    2.102004] input: Power Button as /devices/LNXSYSTM:00/LNXPWRBN:00/input/input0
[STDERR  ] 2018-01-30T23:31:34.147090067Z: [    2.110167] ACPI: Power Button [PWRF]
[STDERR  ] 2018-01-30T23:31:34.147095706Z: [    2.114437] GHES: HEST is not enabled!
[STDERR  ] 2018-01-30T23:31:34.14710132Z: [    2.118927] ACPI: PCI Interrupt Link [GSIG] enabled at IRQ 22
[STDERR  ] 2018-01-30T23:31:34.147106977Z: [    2.132227] ACPI: PCI Interrupt Link [GSIH] enabled at IRQ 23
[STDERR  ] 2018-01-30T23:31:34.147112618Z: [    2.143909] xenfs: not registering filesystem on non-xen platform
[STDERR  ] 2018-01-30T23:31:34.147118247Z: [    2.150213] Serial: 8250/16550 driver, 4 ports, IRQ sharing disabled
[STDERR  ] 2018-01-30T23:31:34.147141616Z: [    2.190857] 00:04: ttyS0 at I/O 0x3f8 (irq = 4, base_baud = 115200) is a 16550A
[STDERR  ] 2018-01-30T23:31:34.147147899Z: [    2.199677] Non-volatile memory driver v1.3
[STDERR  ] 2018-01-30T23:31:34.147153608Z: [    2.205805] Hangcheck: starting hangcheck timer 0.9.1 (tick is 180 seconds, margin is 60 seconds).
[STDERR  ] 2018-01-30T23:31:34.147159436Z: [    2.216326] random: fast init done
[STDERR  ] 2018-01-30T23:31:34.147165044Z: [    2.220720] random: crng init done
[STDERR  ] 2018-01-30T23:31:34.147170618Z: [    2.226276] loop: module loaded
[STDERR  ] 2018-01-30T23:31:34.147176189Z: [    2.230412] nbd: registered device at major 43
[STDERR  ] 2018-01-30T23:31:34.147181899Z: [    2.236745] lpc_ich 0000:00:1f.0: I/O space for GPIO uninitialized
[STDERR  ] 2018-01-30T23:31:34.147187539Z: [    2.243513] VMware PVSCSI driver - version 1.0.7.0-k
[STDERR  ] 2018-01-30T23:31:34.147193158Z: [    2.248787] hv_vmbus: registering driver hv_storvsc
[STDERR  ] 2018-01-30T23:31:34.147198713Z: [    2.254728] ACPI: PCI Interrupt Link [GSIA] enabled at IRQ 16
[STDERR  ] 2018-01-30T23:31:34.14721379Z: [    2.264082] ahci 0000:00:1f.2: AHCI 0001.0000 32 slots 6 ports 1.5 Gbps 0x3f impl SATA mode
[STDERR  ] 2018-01-30T23:31:34.147222448Z: [    2.273266] ahci 0000:00:1f.2: flags: 64bit ncq only 
[STDERR  ] 2018-01-30T23:31:34.147228174Z: [    2.282291] scsi host0: ahci
[STDERR  ] 2018-01-30T23:31:34.147233773Z: [    2.285548] scsi host1: ahci
[STDERR  ] 2018-01-30T23:31:34.147239307Z: [    2.288696] scsi host2: ahci
[STDERR  ] 2018-01-30T23:31:34.147246799Z: [    2.291936] scsi host3: ahci
[STDERR  ] 2018-01-30T23:31:34.147252754Z: [    2.295100] scsi host4: ahci
[STDERR  ] 2018-01-30T23:31:34.147258296Z: [    2.298314] scsi host5: ahci
[STDERR  ] 2018-01-30T23:31:34.147263849Z: [    2.301768] ata1: SATA max UDMA/133 abar m4096@0xfebd2000 port 0xfebd2100 irq 24
[STDERR  ] 2018-01-30T23:31:34.147269616Z: [    2.309660] ata2: SATA max UDMA/133 abar m4096@0xfebd2000 port 0xfebd2180 irq 24
[STDERR  ] 2018-01-30T23:31:34.147291307Z: [    2.318031] ata3: SATA max UDMA/133 abar m4096@0xfebd2000 port 0xfebd2200 irq 24
[STDERR  ] 2018-01-30T23:31:34.147297141Z: [    2.326383] ata4: SATA max UDMA/133 abar m4096@0xfebd2000 port 0xfebd2280 irq 24
[STDERR  ] 2018-01-30T23:31:34.147302827Z: [    2.334472] ata5: SATA max UDMA/133 abar m4096@0xfebd2000 port 0xfebd2300 irq 24
[STDERR  ] 2018-01-30T23:31:34.147308548Z: [    2.342355] ata6: SATA max UDMA/133 abar m4096@0xfebd2000 port 0xfebd2380 irq 24
[STDERR  ] 2018-01-30T23:31:34.147314196Z: [    2.350902] tun: Universal TUN/TAP device driver, 1.6
[STDERR  ] 2018-01-30T23:31:34.147319962Z: [    2.356262] tun: (C) 1999-2004 Max Krasnyansky <maxk@qualcomm.com>
[STDERR  ] 2018-01-30T23:31:34.147325605Z: [    2.368590] VMware vmxnet3 virtual NIC driver - version 1.4.a.0-k-NAPI
[STDERR  ] 2018-01-30T23:31:34.147331194Z: [    2.375456] hv_vmbus: registering driver hv_netvsc
[STDERR  ] 2018-01-30T23:31:34.147336876Z: [    2.380542] Fusion MPT base driver 3.04.20
[STDERR  ] 2018-01-30T23:31:34.147342476Z: [    2.384896] Copyright (c) 1999-2008 LSI Corporation
[STDERR  ] 2018-01-30T23:31:34.147348033Z: [    2.390170] Fusion MPT SPI Host driver 3.04.20
[STDERR  ] 2018-01-30T23:31:34.147353679Z: [    2.394790] i8042: PNP: PS/2 Controller [PNP0303:KBD,PNP0f13:MOU] at 0x60,0x64 irq 1,12
[STDERR  ] 2018-01-30T23:31:34.147371345Z: [    2.406295] serio: i8042 KBD port at 0x60,0x64 irq 1
[STDERR  ] 2018-01-30T23:31:34.147377015Z: [    2.411020] serio: i8042 AUX port at 0x60,0x64 irq 12
[STDERR  ] 2018-01-30T23:31:34.147382627Z: [    2.416707] hv_vmbus: registering driver hyperv_keyboard
[STDERR  ] 2018-01-30T23:31:34.147388388Z: [    2.422303] mousedev: PS/2 mouse device common for all mice
[STDERR  ] 2018-01-30T23:31:34.147393947Z: [    2.429256] input: AT Translated Set 2 keyboard as /devices/platform/i8042/serio0/input/input1
[STDERR  ] 2018-01-30T23:31:34.147399647Z: [    2.438003] input: PC Speaker as /devices/platform/pcspkr/input/input2
[STDERR  ] 2018-01-30T23:31:34.147411842Z: [    2.444932] rtc_cmos 00:00: RTC can wake from S4
[STDERR  ] 2018-01-30T23:31:34.147417869Z: [    2.451963] rtc_cmos 00:00: rtc core: registered rtc_cmos as rtc0
[STDERR  ] 2018-01-30T23:31:34.147426028Z: [    2.458930] rtc_cmos 00:00: alarms up to one day, y3k, 114 bytes nvram, hpet irqs
[STDERR  ] 2018-01-30T23:31:34.147431841Z: [    2.466499] i2c /dev entries driver
[STDERR  ] 2018-01-30T23:31:34.147447389Z: [    2.470617] device-mapper: ioctl: 4.35.0-ioctl (2016-06-23) initialised: dm-devel@redhat.com
[STDERR  ] 2018-01-30T23:31:34.147453188Z: [    2.480541] usbcore: registered new interface driver usbhid
[STDERR  ] 2018-01-30T23:31:34.147458974Z: [    2.486712] usbhid: USB HID core driver
[STDERR  ] 2018-01-30T23:31:34.147464576Z: [    2.490875] hv_utils: Registering HyperV Utility Driver
[STDERR  ] 2018-01-30T23:31:34.147470194Z: [    2.496571] hv_vmbus: registering driver hv_util
[STDERR  ] 2018-01-30T23:31:34.147475902Z: [    2.501452] hv_vmbus: registering driver hv_balloon
[STDERR  ] 2018-01-30T23:31:34.147481628Z: [    2.506601] oprofile: using NMI interrupt.
[STDERR  ] 2018-01-30T23:31:34.14748728Z: [    2.510903] GACT probability on
[STDERR  ] 2018-01-30T23:31:34.147493011Z: [    2.514458] Mirror/redirect action on
[STDERR  ] 2018-01-30T23:31:34.147499341Z: [    2.518253] Simple TC action Loaded
[STDERR  ] 2018-01-30T23:31:34.147507113Z: [    2.521901] u32 classifier
[STDERR  ] 2018-01-30T23:31:34.147521844Z: [    2.524705]     Performance counters on
[STDERR  ] 2018-01-30T23:31:34.147527585Z: [    2.528587]     input device check on
[STDERR  ] 2018-01-30T23:31:34.147533135Z: [    2.532417]     Actions configured
[STDERR  ] 2018-01-30T23:31:34.147538615Z: [    2.535969] Netfilter messages via NETLINK v0.30.
[STDERR  ] 2018-01-30T23:31:34.147544193Z: [    2.541457] nfnl_acct: registering with nfnetlink.
[STDERR  ] 2018-01-30T23:31:34.147549814Z: [    2.546330] nf_conntrack version 0.5.0 (8192 buckets, 32768 max)
[STDERR  ] 2018-01-30T23:31:34.147555469Z: [    2.552538] ctnetlink v0.93: registering with nfnetlink.
[STDERR  ] 2018-01-30T23:31:34.147561111Z: [    2.557996] nf_tables: (c) 2007-2009 Patrick McHardy <kaber@trash.net>
[STDERR  ] 2018-01-30T23:31:34.147566836Z: [    2.564641] nf_tables_compat: (c) 2012 Pablo Neira Ayuso <pablo@netfilter.org>
[STDERR  ] 2018-01-30T23:31:34.147574709Z: [    2.572051] xt_time: kernel timezone is -0000
[STDERR  ] 2018-01-30T23:31:34.147580429Z: [    2.576415] ip_set: protocol 6
[STDERR  ] 2018-01-30T23:31:34.147594156Z: [    2.579537] IPVS: Registered protocols (TCP, UDP, SCTP, AH, ESP)
[STDERR  ] 2018-01-30T23:31:34.147600554Z: [    2.586090] IPVS: Connection hash table configured (size=4096, memory=64Kbytes)
[STDERR  ] 2018-01-30T23:31:34.147606378Z: [    2.593721] IPVS: Creating netns size=2104 id=0
[STDERR  ] 2018-01-30T23:31:34.147614518Z: [    2.599552] IPVS: ipvs loaded.
[STDERR  ] 2018-01-30T23:31:34.147620101Z: [    2.602713] IPVS: [rr] scheduler registered.
[STDERR  ] 2018-01-30T23:31:34.147625864Z: [    2.607343] IPVS: [wrr] scheduler registered.
[STDERR  ] 2018-01-30T23:31:34.147636549Z: [    2.611874] IPVS: [lc] scheduler registered.
[STDERR  ] 2018-01-30T23:31:34.1476425Z: [    2.617030] IPVS: [wlc] scheduler registered.
[STDERR  ] 2018-01-30T23:31:34.147648089Z: [    2.621517] IPVS: [fo] scheduler registered.
[STDERR  ] 2018-01-30T23:31:34.147653773Z: [    2.626213] IPVS: [ovf] scheduler registered.
[STDERR  ] 2018-01-30T23:31:34.147659402Z: [    2.630677] IPVS: [lblc] scheduler registered.
[STDERR  ] 2018-01-30T23:31:34.147673895Z: [    2.635773] IPVS: [lblcr] scheduler registered.
[STDERR  ] 2018-01-30T23:31:34.147679633Z: [    2.640567] IPVS: [dh] scheduler registered.
[STDERR  ] 2018-01-30T23:31:34.147685355Z: [    2.645477] IPVS: [sh] scheduler registered.
[STDERR  ] 2018-01-30T23:31:34.147690891Z: [    2.649945] IPVS: [sed] scheduler registered.
[STDERR  ] 2018-01-30T23:31:34.147696624Z: [    2.654759] IPVS: [nq] scheduler registered.
[STDERR  ] 2018-01-30T23:31:34.147702289Z: [    2.659020] IPVS: ftp: loaded support on port[0] = 21
[STDERR  ] 2018-01-30T23:31:34.147714154Z: [    2.664590] ipip: IPv4 and MPLS over IPv4 tunneling driver
[STDERR  ] 2018-01-30T23:31:34.147720213Z: [    2.670550] gre: GRE over IPv4 demultiplexor driver
[STDERR  ] 2018-01-30T23:31:34.147725861Z: [    2.676032] ip_tables: (C) 2000-2006 Netfilter Core Team
[STDERR  ] 2018-01-30T23:31:34.147733362Z: [    2.681783] ipt_CLUSTERIP: ClusterIP Version 0.8 loaded successfully
[STDERR  ] 2018-01-30T23:31:34.147748529Z: [    2.688436] arp_tables: arp_tables: (C) 2002 David S. Miller
[STDERR  ] 2018-01-30T23:31:34.147754918Z: [    2.694717] ata6: SATA link down (SStatus 0 SControl 300)
[STDERR  ] 2018-01-30T23:31:34.147760654Z: [    2.700830] ata5: SATA link down (SStatus 0 SControl 300)
[STDERR  ] 2018-01-30T23:31:34.147766301Z: [    2.706951] ata4: SATA link down (SStatus 0 SControl 300)
[STDERR  ] 2018-01-30T23:31:34.14777204Z: [    2.713170] ata3: SATA link up 1.5 Gbps (SStatus 113 SControl 300)
[STDERR  ] 2018-01-30T23:31:34.147777834Z: [    2.719848] ata3.00: ATAPI: QEMU DVD-ROM, 2.5+, max UDMA/100
[STDERR  ] 2018-01-30T23:31:34.147783551Z: [    2.725614] ata3.00: applying bridge limits
[STDERR  ] 2018-01-30T23:31:34.147789125Z: [    2.730749] ata2: SATA link down (SStatus 0 SControl 300)
[STDERR  ] 2018-01-30T23:31:34.147797701Z: [    2.736905] ata1: SATA link up 1.5 Gbps (SStatus 113 SControl 300)
[STDERR  ] 2018-01-30T23:31:34.147803441Z: [    2.743709] NET: Registered protocol family 10
[STDERR  ] 2018-01-30T23:31:34.147809078Z: [    2.748628] ata1.00: ATA-7: QEMU HARDDISK, 2.5+, max UDMA/100
[STDERR  ] 2018-01-30T23:31:34.147827542Z: [    2.754418] ata1.00: 1048576 sectors, multi 16: LBA48 NCQ (depth 31/32)
[STDERR  ] 2018-01-30T23:31:34.147834149Z: [    2.761720] ata1.00: applying bridge limits
[STDERR  ] 2018-01-30T23:31:34.147842002Z: [    2.766421] ip6_tables: (C) 2000-2006 Netfilter Core Team
[STDERR  ] 2018-01-30T23:31:34.14784768Z: [    2.773020] NET: Registered protocol family 17
[STDERR  ] 2018-01-30T23:31:34.147853361Z: [    2.777688] Bridge firewalling registered
[STDERR  ] 2018-01-30T23:31:34.147859067Z: [    2.782154] ata3.00: configured for UDMA/100
[STDERR  ] 2018-01-30T23:31:34.147864761Z: [    2.787397] ata1.00: configured for UDMA/100
[STDERR  ] 2018-01-30T23:31:34.147870453Z: [    2.792467] Ebtables v2.0 registered
[STDERR  ] 2018-01-30T23:31:34.147876129Z: [    2.796710] 8021q: 802.1Q VLAN Support v1.8
[STDERR  ] 2018-01-30T23:31:34.147881757Z: [    2.801501] scsi 0:0:0:0: Direct-Access     ATA      QEMU HARDDISK    2.5+ PQ: 0 ANSI: 5
[STDERR  ] 2018-01-30T23:31:34.147887564Z: [    2.810684] sd 0:0:0:0: Attached scsi generic sg0 type 0
[STDERR  ] 2018-01-30T23:31:34.147893287Z: [    2.816558] 9pnet: Installing 9P2000 support
[STDERR  ] 2018-01-30T23:31:34.147908251Z: [    2.821158] sd 0:0:0:0: [sda] 1048576 512-byte logical blocks: (537 MB/512 MiB)
[STDERR  ] 2018-01-30T23:31:34.147913962Z: [    2.828826] Key type dns_resolver registered
[STDERR  ] 2018-01-30T23:31:34.14791952Z: [    2.833648] sd 0:0:0:0: [sda] Write Protect is off
[STDERR  ] 2018-01-30T23:31:34.147925235Z: [    2.838904] scsi 2:0:0:0: CD-ROM            QEMU     QEMU DVD-ROM     2.5+ PQ: 0 ANSI: 5
[STDERR  ] 2018-01-30T23:31:34.147930981Z: [    2.848085] microcode: sig=0x663, pf=0x1, revision=0x1
[STDERR  ] 2018-01-30T23:31:34.147936687Z: [    2.853375] sd 0:0:0:0: [sda] Write cache: enabled, read cache: enabled, doesn't support DPO or FUA
[STDERR  ] 2018-01-30T23:31:34.147942497Z: [    2.863746] microcode: Microcode Update Driver: v2.01 <tigran@aivazian.fsnet.co.uk>, Peter Oruba
[STDERR  ] 2018-01-30T23:31:34.147948184Z: [    2.874168] sd 0:0:0:0: [sda] Attached SCSI disk
[STDERR  ] 2018-01-30T23:31:34.147953904Z: [    2.879497] registered taskstats version 1
[STDERR  ] 2018-01-30T23:31:34.147959509Z: [    2.884917] sr 2:0:0:0: [sr0] scsi3-mmc drive: 4x/4x cd/rw xa/form2 tray
[STDERR  ] 2018-01-30T23:31:34.147965115Z: [    2.892304] cdrom: Uniform CD-ROM driver Revision: 3.20
[STDERR  ] 2018-01-30T23:31:34.147978906Z: [    2.900200] sr 2:0:0:0: Attached scsi generic sg1 type 5
[STDERR  ] 2018-01-30T23:31:34.147991949Z: [    2.910177] Key type big_key registered
[STDERR  ] 2018-01-30T23:31:34.147997849Z: [    2.919778] Key type encrypted registered
[STDERR  ] 2018-01-30T23:31:34.148003533Z: [    2.926084] rtc_cmos 00:00: setting system clock to 2018-01-30 23:31:20 UTC (1517355080)
[STDERR  ] 2018-01-30T23:31:34.148009435Z: [    2.937246] Freeing unused kernel memory: 1400K
[STDERR  ] 2018-01-30T23:31:34.14801518Z: [    2.942268] Write protecting the kernel read-only data: 12288k
[STDERR  ] 2018-01-30T23:31:34.148020955Z: [    2.948827] Freeing unused kernel memory: 124K
[STDERR  ] 2018-01-30T23:31:34.148026553Z: [    2.957373] Freeing unused kernel memory: 1392K
[STDERR  ] 2018-01-30T23:31:34.148032169Z: 
[STDERR  ] 2018-01-30T23:31:34.148038189Z: Welcome to LinuxKit
[STDERR  ] 2018-01-30T23:31:34.148055198Z: 
[STDERR  ] 2018-01-30T23:31:34.148062009Z:                         ##         .
[STDERR  ] 2018-01-30T23:31:34.148067738Z:                   ## ## ##        ==
[STDERR  ] 2018-01-30T23:31:34.148073495Z:                ## ## ## ## ##    ===
[STDERR  ] 2018-01-30T23:31:34.148079138Z:            /"""""""""""""""""\___/ ===
[STDERR  ] 2018-01-30T23:31:34.148084769Z:           {                       /  ===-
[STDERR  ] 2018-01-30T23:31:34.148090371Z:            \______ O           __/
[STDERR  ] 2018-01-30T23:31:34.148096069Z:              \    \         __/
[STDERR  ] 2018-01-30T23:31:34.148101783Z:               \____\_______/
[STDERR  ] 2018-01-30T23:31:34.14810738Z: 
[STDERR  ] 2018-01-30T23:31:34.148113284Z: [    3.539184] IPVS: Creating netns size=2104 id=1
[STDERR  ] 2018-01-30T23:31:34.148119033Z: [    3.546149] IPVS: ftp: loaded support on port[0] = 21
[STDERR  ] 2018-01-30T23:31:34.148133238Z: 2018/01/30 23:31:21 Creating partition on /dev/sda
[STDERR  ] 2018-01-30T23:31:34.148141557Z: [    3.640402]  sda:
[STDERR  ] 2018-01-30T23:31:34.148147098Z: [    3.651456]  sda:
[STDERR  ] 2018-01-30T23:31:34.14815278Z: [    3.667990]  sda: sda1
[STDERR  ] 2018-01-30T23:31:34.148158401Z: [    3.675699]  sda: sda1
[STDERR  ] 2018-01-30T23:31:34.148163935Z: [    4.743119] mkfs.xfs: sending ioctl 1261 to a partition!
[STDERR  ] 2018-01-30T23:31:34.148169621Z: 2018/01/30 23:31:22 Partition /dev/sda1 successfully created!
[STDERR  ] 2018-01-30T23:31:34.148175371Z: [    4.821184] IPVS: Creating netns size=2104 id=2
[STDERR  ] 2018-01-30T23:31:34.148181015Z: [    4.828442] IPVS: ftp: loaded support on port[0] = 21
[STDERR  ] 2018-01-30T23:31:34.148186721Z: [    4.872844] FAT-fs (sda1): utf8 is not a recommended IO charset for FAT filesystems, filesystem will be case sensitive!
[STDERR  ] 2018-01-30T23:31:34.148192595Z: [    4.888143] FAT-fs (sda1): utf8 is not a recommended IO charset for FAT filesystems, filesystem will be case sensitive!
[STDERR  ] 2018-01-30T23:31:34.148209233Z: [    4.903692] mount: sending ioctl 5310 to a partition!
[STDERR  ] 2018-01-30T23:31:34.148215793Z: [    4.936974] mount: sending ioctl 5310 to a partition!
[STDERR  ] 2018-01-30T23:31:34.148221457Z: [    4.944323] UDF-fs: warning (device sda1): udf_fill_super: No partition found (2)
[STDERR  ] 2018-01-30T23:31:34.148227204Z: [    4.955745] XFS (sda1): Mounting V5 Filesystem
[STDERR  ] 2018-01-30T23:31:34.148232909Z: [    4.975688] XFS (sda1): Ending clean mount
[STDERR  ] 2018-01-30T23:31:34.148238506Z: format_mount test suite PASSED
[STDERR  ] 2018-01-30T23:31:34.148245891Z: [   15.427553] sd 0:0:0:0: [sda] Synchronizing SCSI cache
[STDERR  ] 2018-01-30T23:31:34.148251795Z: [   15.431980] sd 0:0:0:0: [sda] Stopping disk
[STDERR  ] 2018-01-30T23:31:34.148259657Z: [   15.436508] ACPI: Preparing to enter system sleep state S5
[STDERR  ] 2018-01-30T23:31:34.148265442Z: [   15.441242] reboot: Power down
[STDERR  ] 2018-01-30T23:31:34.148271087Z: + grep -q suite PASSED
[STDERR  ] 2018-01-30T23:31:34.148288051Z: + echo [    0.000000] Linux version 4.9.78-linuxkit (root@9ac57ca26f22) (gcc version 6.4.0 (Alpine 6.4.0) ) #1 SMP Wed Jan 24 12:49:16 UTC 2018
[STDERR  ] 2018-01-30T23:31:34.14829858Z: [    0.000000] Command line: console=ttyS0 console=ttyAMA0
[STDERR  ] 2018-01-30T23:31:34.148307387Z: [    0.000000] x86/fpu: Legacy x87 FPU detected.
[STDERR  ] 2018-01-30T23:31:34.148313377Z: [    0.000000] x86/fpu: Using 'eager' FPU context switches.
[STDERR  ] 2018-01-30T23:31:34.148319024Z: [    0.000000] e820: BIOS-provided physical RAM map:
[STDERR  ] 2018-01-30T23:31:34.148324664Z: [    0.000000] BIOS-e820: [mem 0x0000000000000000-0x000000000009fbff] usable
[STDERR  ] 2018-01-30T23:31:34.148330551Z: [    0.000000] BIOS-e820: [mem 0x000000000009fc00-0x000000000009ffff] reserved
[STDERR  ] 2018-01-30T23:31:34.148336302Z: [    0.000000] BIOS-e820: [mem 0x00000000000f0000-0x00000000000fffff] reserved
[STDERR  ] 2018-01-30T23:31:34.148341982Z: [    0.000000] BIOS-e820: [mem 0x0000000000100000-0x000000003ffdefff] usable
[STDERR  ] 2018-01-30T23:31:34.148347624Z: [    0.000000] BIOS-e820: [mem 0x000000003ffdf000-0x000000003fffffff] reserved
[STDERR  ] 2018-01-30T23:31:34.148361627Z: [    0.000000] BIOS-e820: [mem 0x00000000b0000000-0x00000000bfffffff] reserved
[STDERR  ] 2018-01-30T23:31:34.148368477Z: [    0.000000] BIOS-e820: [mem 0x00000000fed1c000-0x00000000fed1ffff] reserved
[STDERR  ] 2018-01-30T23:31:34.148374106Z: [    0.000000] BIOS-e820: [mem 0x00000000feffc000-0x00000000feffffff] reserved
[STDERR  ] 2018-01-30T23:31:34.148381942Z: [    0.000000] BIOS-e820: [mem 0x00000000fffc0000-0x00000000ffffffff] reserved
[STDERR  ] 2018-01-30T23:31:34.148387633Z: [    0.000000] NX (Execute Disable) protection: active
[STDERR  ] 2018-01-30T23:31:34.148395391Z: [    0.000000] SMBIOS 2.8 present.
[STDERR  ] 2018-01-30T23:31:34.148401046Z: [    0.000000] Hypervisor detected: KVM
[STDERR  ] 2018-01-30T23:31:34.148406727Z: [    0.000000] e820: last_pfn = 0x3ffdf max_arch_pfn = 0x400000000
[STDERR  ] 2018-01-30T23:31:34.148412382Z: [    0.000000] x86/PAT: PAT not supported by CPU.
[STDERR  ] 2018-01-30T23:31:34.14841812Z: [    0.000000] x86/PAT: Configuration [0-7]: WB  WT  UC- UC  WB  WT  UC- UC  
[STDERR  ] 2018-01-30T23:31:34.148423755Z: [    0.000000] found SMP MP-table at [mem 0x000f6aa0-0x000f6aaf] mapped at [ffff9ee1800f6aa0]
[STDERR  ] 2018-01-30T23:31:34.148429509Z: [    0.000000] RAMDISK: [mem 0x3dff5000-0x3ffcffff]
[STDERR  ] 2018-01-30T23:31:34.148444304Z: [    0.000000] ACPI: Early table checksum verification disabled
[STDERR  ] 2018-01-30T23:31:34.148449935Z: [    0.000000] ACPI: RSDP 0x00000000000F68B0 000014 (v00 BOCHS )
[STDERR  ] 2018-01-30T23:31:34.148455567Z: [    0.000000] ACPI: RSDT 0x000000003FFE20A8 000034 (v01 BOCHS  BXPCRSDT 00000001 BXPC 00000001)
[STDERR  ] 2018-01-30T23:31:34.148461364Z: [    0.000000] ACPI: FACP 0x000000003FFE1EC8 0000F4 (v03 BOCHS  BXPCFACP 00000001 BXPC 00000001)
[STDERR  ] 2018-01-30T23:31:34.148467157Z: [    0.000000] ACPI: DSDT 0x000000003FFE0040 001E88 (v01 BOCHS  BXPCDSDT 00000001 BXPC 00000001)
[STDERR  ] 2018-01-30T23:31:34.148475346Z: [    0.000000] ACPI: FACS 0x000000003FFE0000 000040
[STDERR  ] 2018-01-30T23:31:34.148480995Z: [    0.000000] ACPI: APIC 0x000000003FFE1FBC 000078 (v01 BOCHS  BXPCAPIC 00000001 BXPC 00000001)
[STDERR  ] 2018-01-30T23:31:34.14848672Z: [    0.000000] ACPI: HPET 0x000000003FFE2034 000038 (v01 BOCHS  BXPCHPET 00000001 BXPC 00000001)
[STDERR  ] 2018-01-30T23:31:34.148492411Z: [    0.000000] ACPI: MCFG 0x000000003FFE206C 00003C (v01 BOCHS  BXPCMCFG 00000001 BXPC 00000001)
[STDERR  ] 2018-01-30T23:31:34.148499964Z: [    0.000000] kvm-clock: Using msrs 4b564d01 and 4b564d00
[STDERR  ] 2018-01-30T23:31:34.148505623Z: [    0.000000] kvm-clock: cpu 0, msr 0:3ffdd001, primary cpu clock
[STDERR  ] 2018-01-30T23:31:34.148520663Z: [    0.000000] clocksource: kvm-clock: mask: 0xffffffffffffffff max_cycles: 0x1cd42e4dffb, max_idle_ns: 881590591483 ns
[STDERR  ] 2018-01-30T23:31:34.148526525Z: [    0.000000] Zone ranges:
[STDERR  ] 2018-01-30T23:31:34.148532131Z: [    0.000000]   DMA      [mem 0x0000000000001000-0x0000000000ffffff]
[STDERR  ] 2018-01-30T23:31:34.148537756Z: [    0.000000]   DMA32    [mem 0x0000000001000000-0x000000003ffdefff]
[STDERR  ] 2018-01-30T23:31:34.148547058Z: [    0.000000]   Normal   empty
[STDERR  ] 2018-01-30T23:31:34.148555908Z: [    0.000000] Movable zone start for each node
[STDERR  ] 2018-01-30T23:31:34.148561771Z: [    0.000000] Early memory node ranges
[STDERR  ] 2018-01-30T23:31:34.148567414Z: [    0.000000]   node   0: [mem 0x0000000000001000-0x000000000009efff]
[STDERR  ] 2018-01-30T23:31:34.148573078Z: [    0.000000]   node   0: [mem 0x0000000000100000-0x000000003ffdefff]
[STDERR  ] 2018-01-30T23:31:34.148578691Z: [    0.000000] Initmem setup node 0 [mem 0x0000000000001000-0x000000003ffdefff]
[STDERR  ] 2018-01-30T23:31:34.148593016Z: [    0.000000] ACPI: PM-Timer IO Port: 0x608
[STDERR  ] 2018-01-30T23:31:34.148599388Z: [    0.000000] ACPI: LAPIC_NMI (acpi_id[0xff] dfl dfl lint[0x1])
[STDERR  ] 2018-01-30T23:31:34.148605136Z: [    0.000000] IOAPIC[0]: apic_id 0, version 17, address 0xfec00000, GSI 0-23
[STDERR  ] 2018-01-30T23:31:34.148613385Z: [    0.000000] ACPI: INT_SRC_OVR (bus 0 bus_irq 0 global_irq 2 dfl dfl)
[STDERR  ] 2018-01-30T23:31:34.148619078Z: [    0.000000] ACPI: INT_SRC_OVR (bus 0 bus_irq 5 global_irq 5 high level)
[STDERR  ] 2018-01-30T23:31:34.148624689Z: [    0.000000] ACPI: INT_SRC_OVR (bus 0 bus_irq 9 global_irq 9 high level)
[STDERR  ] 2018-01-30T23:31:34.148635044Z: [    0.000000] ACPI: INT_SRC_OVR (bus 0 bus_irq 10 global_irq 10 high level)
[STDERR  ] 2018-01-30T23:31:34.148640718Z: [    0.000000] ACPI: INT_SRC_OVR (bus 0 bus_irq 11 global_irq 11 high level)
[STDERR  ] 2018-01-30T23:31:34.148646416Z: [    0.000000] Using ACPI (MADT) for SMP configuration information
[STDERR  ] 2018-01-30T23:31:34.148652114Z: [    0.000000] ACPI: HPET id: 0x8086a201 base: 0xfed00000
[STDERR  ] 2018-01-30T23:31:34.148657778Z: [    0.000000] smpboot: Allowing 1 CPUs, 0 hotplug CPUs
[STDERR  ] 2018-01-30T23:31:34.14867438Z: [    0.000000] e820: [mem 0x40000000-0xafffffff] available for PCI devices
[STDERR  ] 2018-01-30T23:31:34.14868043Z: [    0.000000] Booting paravirtualized kernel on KVM
[STDERR  ] 2018-01-30T23:31:34.148686247Z: [    0.000000] clocksource: refined-jiffies: mask: 0xffffffff max_cycles: 0xffffffff, max_idle_ns: 19112604462750000 ns
[STDERR  ] 2018-01-30T23:31:34.148692003Z: [    0.000000] setup_percpu: NR_CPUS:128 nr_cpumask_bits:128 nr_cpu_ids:1 nr_node_ids:1
[STDERR  ] 2018-01-30T23:31:34.148697836Z: [    0.000000] percpu: Embedded 36 pages/cpu @ffff9ee1bdc00000 s106904 r8192 d32360 u2097152
[STDERR  ] 2018-01-30T23:31:34.148703656Z: [    0.000000] KVM setup async PF for cpu 0
[STDERR  ] 2018-01-30T23:31:34.148709267Z: [    0.000000] kvm-stealtime: cpu 0, msr 3dc0fd80
[STDERR  ] 2018-01-30T23:31:34.148717261Z: [    0.000000] Built 1 zonelists in Zone order, mobility grouping on.  Total pages: 257896
[STDERR  ] 2018-01-30T23:31:34.148723078Z: [    0.000000] Kernel command line: console=ttyS0 console=ttyAMA0
[STDERR  ] 2018-01-30T23:31:34.14872872Z: [    0.000000] PID hash table entries: 4096 (order: 3, 32768 bytes)
[STDERR  ] 2018-01-30T23:31:34.148734454Z: [    0.000000] Dentry cache hash table entries: 131072 (order: 8, 1048576 bytes)
[STDERR  ] 2018-01-30T23:31:34.148749403Z: [    0.000000] Inode-cache hash table entries: 65536 (order: 7, 524288 bytes)
[STDERR  ] 2018-01-30T23:31:34.148757496Z: [    0.000000] Memory: 981500K/1048052K available (8055K kernel code, 1391K rwdata, 2704K rodata, 1400K init, 564K bss, 66552K reserved, 0K cma-reserved)
[STDERR  ] 2018-01-30T23:31:34.148767445Z: [    0.000000] Kernel/User page tables isolation: enabled
[STDERR  ] 2018-01-30T23:31:34.148775249Z: [    0.000000] Hierarchical RCU implementation.
[STDERR  ] 2018-01-30T23:31:34.148780943Z: [    0.000000] 	Build-time adjustment of leaf fanout to 64.
[STDERR  ] 2018-01-30T23:31:34.148786604Z: [    0.000000] 	RCU restricting CPUs from NR_CPUS=128 to nr_cpu_ids=1.
[STDERR  ] 2018-01-30T23:31:34.148792263Z: [    0.000000] RCU: Adjusting geometry for rcu_fanout_leaf=64, nr_cpu_ids=1
[STDERR  ] 2018-01-30T23:31:34.148797956Z: [    0.000000] NR_IRQS:8448 nr_irqs:256 16
[STDERR  ] 2018-01-30T23:31:34.148806287Z: [    0.000000] Console: colour VGA+ 80x25
[STDERR  ] 2018-01-30T23:31:34.148832107Z: [    0.000000] console [ttyS0] enabled
[STDERR  ] 2018-01-30T23:31:34.148838118Z: [    0.000000] clocksource: hpet: mask: 0xffffffff max_cycles: 0xffffffff, max_idle_ns: 19112604467 ns
[STDERR  ] 2018-01-30T23:31:34.14884395Z: [    0.000000] tsc: Detected 2300.002 MHz processor
[STDERR  ] 2018-01-30T23:31:34.148849707Z: [    0.020000] Calibrating delay loop (skipped) preset value.. 4600.00 BogoMIPS (lpj=23000020)
[STDERR  ] 2018-01-30T23:31:34.148855464Z: [    0.023140] pid_max: default: 32768 minimum: 301
[STDERR  ] 2018-01-30T23:31:34.148861051Z: [    0.027873] ACPI: Core revision 20160831
[STDERR  ] 2018-01-30T23:31:34.148866618Z: [    0.030679] ACPI: 1 ACPI AML tables successfully acquired and loaded
[STDERR  ] 2018-01-30T23:31:34.148872358Z: [    0.040070] Security Framework initialized
[STDERR  ] 2018-01-30T23:31:34.148878045Z: [    0.044637] Yama: becoming mindful.
[STDERR  ] 2018-01-30T23:31:34.148883534Z: [    0.048359] Mount-cache hash table entries: 2048 (order: 2, 16384 bytes)
[STDERR  ] 2018-01-30T23:31:34.148889204Z: [    0.050038] Mountpoint-cache hash table entries: 2048 (order: 2, 16384 bytes)
[STDERR  ] 2018-01-30T23:31:34.148904417Z: [    0.060879] CPU: Physical Processor ID: 0
[STDERR  ] 2018-01-30T23:31:34.148910141Z: [    0.065608] Last level iTLB entries: 4KB 0, 2MB 0, 4MB 0
[STDERR  ] 2018-01-30T23:31:34.14891584Z: [    0.070033] Last level dTLB entries: 4KB 0, 2MB 0, 4MB 0, 1GB 0
[STDERR  ] 2018-01-30T23:31:34.148921614Z: [    0.080039] Spectre V2 mitigation: Vulnerable: Minimal generic ASM retpoline
[STDERR  ] 2018-01-30T23:31:34.148927336Z: [    0.202993] Freeing SMP alternatives memory: 20K
[STDERR  ] 2018-01-30T23:31:34.148933031Z: [    0.238800] ftrace: allocating 35561 entries in 139 pages
[STDERR  ] 2018-01-30T23:31:34.148938781Z: [    0.260128] smpboot: Max logical packages: 1
[STDERR  ] 2018-01-30T23:31:34.148944416Z: [    0.270370] x2apic enabled
[STDERR  ] 2018-01-30T23:31:34.148950051Z: [    0.275427] Switched APIC routing to physical x2apic.
[STDERR  ] 2018-01-30T23:31:34.14895571Z: [    0.288742] ..TIMER: vector=0x30 apic1=0 pin1=2 apic2=-1 pin2=-1
[STDERR  ] 2018-01-30T23:31:34.148963829Z: [    0.290000] smpboot: CPU0: Intel QEMU Virtual CPU version 2.5+ (family: 0x6, model: 0x6, stepping: 0x3)
[STDERR  ] 2018-01-30T23:31:34.148978116Z: [    0.290009] Performance Events: PMU not available due to virtualization, using software events only.
[STDERR  ] 2018-01-30T23:31:34.148984636Z: [    0.307647] x86: Booted up 1 node, 1 CPUs
[STDERR  ] 2018-01-30T23:31:34.148990329Z: [    0.310007] smpboot: Total of 1 processors activated (4600.00 BogoMIPS)
[STDERR  ] 2018-01-30T23:31:34.148996069Z: [    0.322077] devtmpfs: initialized
[STDERR  ] 2018-01-30T23:31:34.149001786Z: [    0.325696] x86/mm: Memory block size: 128MB
[STDERR  ] 2018-01-30T23:31:34.149007414Z: [    0.333251] clocksource: jiffies: mask: 0xffffffff max_cycles: 0xffffffff, max_idle_ns: 19112604462750000 ns
[STDERR  ] 2018-01-30T23:31:34.149013252Z: [    0.340026] futex hash table entries: 256 (order: 2, 16384 bytes)
[STDERR  ] 2018-01-30T23:31:34.149018926Z: [    0.350219] NET: Registered protocol family 16
[STDERR  ] 2018-01-30T23:31:34.149027767Z: [    0.354991] cpuidle: using governor ladder
[STDERR  ] 2018-01-30T23:31:34.14903404Z: [    0.360007] cpuidle: using governor menu
[STDERR  ] 2018-01-30T23:31:34.14903985Z: [    0.364279] ACPI: bus type PCI registered
[STDERR  ] 2018-01-30T23:31:34.149053503Z: [    0.368817] PCI: MMCONFIG for domain 0000 [bus 00-ff] at [mem 0xb0000000-0xbfffffff] (base 0xb0000000)
[STDERR  ] 2018-01-30T23:31:34.14906009Z: [    0.370013] PCI: MMCONFIG at [mem 0xb0000000-0xbfffffff] reserved in E820
[STDERR  ] 2018-01-30T23:31:34.149065995Z: [    0.380026] PCI: Using configuration type 1 for base access
[STDERR  ] 2018-01-30T23:31:34.14907169Z: [    0.391569] HugeTLB registered 2 MB page size, pre-allocated 0 pages
[STDERR  ] 2018-01-30T23:31:34.149077564Z: [    0.398302] ACPI: Added _OSI(Module Device)
[STDERR  ] 2018-01-30T23:31:34.149086884Z: [    0.400009] ACPI: Added _OSI(Processor Device)
[STDERR  ] 2018-01-30T23:31:34.149095466Z: [    0.404450] ACPI: Added _OSI(3.0 _SCP Extensions)
[STDERR  ] 2018-01-30T23:31:34.149103327Z: [    0.410008] ACPI: Added _OSI(Processor Aggregator Device)
[STDERR  ] 2018-01-30T23:31:34.149113727Z: [    0.423281] ACPI: Interpreter enabled
[STDERR  ] 2018-01-30T23:31:34.149138486Z: [    0.427168] ACPI: (supports S0 S5)
[STDERR  ] 2018-01-30T23:31:34.149153117Z: [    0.430009] ACPI: Using IOAPIC for interrupt routing
[STDERR  ] 2018-01-30T23:31:34.149163091Z: [    0.435782] PCI: Using host bridge windows from ACPI; if necessary, use "pci=nocrs" and report a bug
[STDERR  ] 2018-01-30T23:31:34.14917307Z: [    0.443051] ACPI: PCI Root Bridge [PCI0] (domain 0000 [bus 00-ff])
[STDERR  ] 2018-01-30T23:31:34.149182444Z: [    0.450014] acpi PNP0A08:00: _OSC: OS supports [ExtendedConfig ASPM ClockPM Segments MSI]
[STDERR  ] 2018-01-30T23:31:34.149190217Z: [    0.460138] acpi PNP0A08:00: _OSC: OS now controls [PCIeHotplug PME PCIeCapability]
[STDERR  ] 2018-01-30T23:31:34.14920045Z: [    0.470078] PCI host bridge to bus 0000:00
[STDERR  ] 2018-01-30T23:31:34.149216941Z: [    0.474282] pci_bus 0000:00: root bus resource [io  0x0000-0x0cf7 window]
[STDERR  ] 2018-01-30T23:31:34.149222735Z: [    0.480009] pci_bus 0000:00: root bus resource [io  0x0d00-0xffff window]
[STDERR  ] 2018-01-30T23:31:34.149230398Z: [    0.490008] pci_bus 0000:00: root bus resource [mem 0x000a0000-0x000bffff window]
[STDERR  ] 2018-01-30T23:31:34.14923611Z: [    0.497459] pci_bus 0000:00: root bus resource [mem 0xc0000000-0xfebfffff window]
