[INFO    ] 2018-01-17T18:40:45.75566648Z: Running Test linuxkit.packages.containerd in /tmp/build/test/cases/040_packages/003_containerd
[INFO    ] 2018-01-17T18:40:45.755758731Z: Running command: [/bin/sh -x /tmp/build/test/cases/040_packages/003_containerd/test.sh]
[STDERR  ] 2018-01-17T18:40:45.768060659Z: + set -e
[STDERR  ] 2018-01-17T18:40:45.768128118Z: + . /tmp/build/test/cases/_lib/lib.sh
[STDERR  ] 2018-01-17T18:40:45.768143231Z: + [ -f src/github.com/linuxkit/rtf/lib/lib.sh ]
[STDERR  ] 2018-01-17T18:40:45.768153799Z: + LINUXKIT_TMPDIR=/tmp/build/test/cases/_tmp
[STDERR  ] 2018-01-17T18:40:45.768165168Z: + [ -f /tmp/build/test/cases/_tmp/env.sh ]
[STDERR  ] 2018-01-17T18:40:45.768175813Z: + . /tmp/build/test/cases/_tmp/env.sh
[STDERR  ] 2018-01-17T18:40:45.768186974Z: + export LINUXKIT_EXAMPLES_DIR=/tmp/build/test/cases/../../examples
[STDERR  ] 2018-01-17T18:40:45.768198499Z: + export LINUXKIT_BLUEPRINTS_DIR=/tmp/build/test/cases/../../blueprints
[STDERR  ] 2018-01-17T18:40:45.768209105Z: + RT_CANCEL=253
[STDERR  ] 2018-01-17T18:40:45.768220696Z: + NAME=containerd
[STDERR  ] 2018-01-17T18:40:45.768231316Z: + trap clean_up EXIT
[STDERR  ] 2018-01-17T18:40:45.768241065Z: + linuxkit build -format kernel+initrd -name containerd test.yml
[STDERR  ] 2018-01-17T18:40:45.824776131Z: Extract kernel image: linuxkit/kernel:4.9.76
[STDERR  ] 2018-01-17T18:40:46.990919412Z: time="2018-01-17T18:40:46Z" level=warning msg="certificate with CN Justin Cormack is near expiry"
[STDERR  ] 2018-01-17T18:40:46.990973053Z: time="2018-01-17T18:40:46Z" level=warning msg="certificate with CN  is near expiry"
[STDERR  ] 2018-01-17T18:40:46.991062028Z: time="2018-01-17T18:40:46Z" level=warning msg="certificate with CN  is near expiry"
[STDERR  ] 2018-01-17T18:40:47.033823342Z: time="2018-01-17T18:40:47Z" level=warning msg="certificate with CN Justin Cormack is near expiry"
[STDERR  ] 2018-01-17T18:40:47.411365482Z: Add init containers:
[STDERR  ] 2018-01-17T18:40:47.411407777Z: Process init image: linuxkit/init:f7a3d03face99e933626533a3381ae4476fbc8de
[STDERR  ] 2018-01-17T18:40:48.447124882Z: time="2018-01-17T18:40:48Z" level=warning msg="certificate with CN Justin Cormack is near expiry"
[STDERR  ] 2018-01-17T18:40:48.447242799Z: time="2018-01-17T18:40:48Z" level=warning msg="certificate with CN  is near expiry"
[STDERR  ] 2018-01-17T18:40:48.4472973Z: time="2018-01-17T18:40:48Z" level=warning msg="certificate with CN  is near expiry"
[STDERR  ] 2018-01-17T18:40:48.451049407Z: time="2018-01-17T18:40:48Z" level=warning msg="certificate with CN Justin Cormack is near expiry"
[STDERR  ] 2018-01-17T18:40:48.452506859Z: time="2018-01-17T18:40:48Z" level=warning msg="certificate with CN  is near expiry"
[STDERR  ] 2018-01-17T18:40:48.611842207Z: Process init image: linuxkit/runc:7b15b00b4e3507d62e3ed8d44dfe650561cd35ff
[STDERR  ] 2018-01-17T18:40:49.6316329Z: time="2018-01-17T18:40:49Z" level=warning msg="certificate with CN  is near expiry"
[STDERR  ] 2018-01-17T18:40:49.631684751Z: time="2018-01-17T18:40:49Z" level=warning msg="certificate with CN  is near expiry"
[STDERR  ] 2018-01-17T18:40:49.631877373Z: time="2018-01-17T18:40:49Z" level=warning msg="certificate with CN Justin Cormack is near expiry"
[STDERR  ] 2018-01-17T18:40:49.633842941Z: time="2018-01-17T18:40:49Z" level=warning msg="certificate with CN Justin Cormack is near expiry"
[STDERR  ] 2018-01-17T18:40:49.63505605Z: time="2018-01-17T18:40:49Z" level=warning msg="certificate with CN  is near expiry"
[STDERR  ] 2018-01-17T18:40:49.76917821Z: Process init image: linuxkit/containerd:1b6b8a5884e17b26e2725cb82c436841070fca95
[STDERR  ] 2018-01-17T18:40:51.083748849Z: time="2018-01-17T18:40:51Z" level=warning msg="certificate with CN  is near expiry"
[STDERR  ] 2018-01-17T18:40:51.083934218Z: time="2018-01-17T18:40:51Z" level=warning msg="certificate with CN Justin Cormack is near expiry"
[STDERR  ] 2018-01-17T18:40:51.084046147Z: time="2018-01-17T18:40:51Z" level=warning msg="certificate with CN  is near expiry"
[STDERR  ] 2018-01-17T18:40:51.084103554Z: time="2018-01-17T18:40:51Z" level=warning msg="certificate with CN  is near expiry"
[STDERR  ] 2018-01-17T18:40:51.086914162Z: time="2018-01-17T18:40:51Z" level=warning msg="certificate with CN Justin Cormack is near expiry"
[STDERR  ] 2018-01-17T18:40:51.088244325Z: time="2018-01-17T18:40:51Z" level=warning msg="certificate with CN  is near expiry"
[STDERR  ] 2018-01-17T18:40:51.360938151Z: Process init image: linuxkit/ca-certificates:de21b84d9b055ad9dcecc57965b654a7a24ef8e0
[STDERR  ] 2018-01-17T18:40:52.390353068Z: time="2018-01-17T18:40:52Z" level=warning msg="certificate with CN Justin Cormack is near expiry"
[STDERR  ] 2018-01-17T18:40:52.390436126Z: time="2018-01-17T18:40:52Z" level=warning msg="certificate with CN  is near expiry"
[STDERR  ] 2018-01-17T18:40:52.391531888Z: time="2018-01-17T18:40:52Z" level=warning msg="certificate with CN Justin Cormack is near expiry"
[STDERR  ] 2018-01-17T18:40:52.392448357Z: time="2018-01-17T18:40:52Z" level=warning msg="certificate with CN  is near expiry"
[STDERR  ] 2018-01-17T18:40:52.521634204Z: Add onboot containers:
[STDERR  ] 2018-01-17T18:40:52.521691539Z:   Create OCI config for linuxkit/dhcpcd:0d59a6cc03412289ef4313f2491ec666c1715cc9
[STDERR  ] 2018-01-17T18:40:53.592622175Z: time="2018-01-17T18:40:53Z" level=warning msg="certificate with CN Justin Cormack is near expiry"
[STDERR  ] 2018-01-17T18:40:53.592693981Z: time="2018-01-17T18:40:53Z" level=warning msg="certificate with CN  is near expiry"
[STDERR  ] 2018-01-17T18:40:53.592765643Z: time="2018-01-17T18:40:53Z" level=warning msg="certificate with CN  is near expiry"
[STDERR  ] 2018-01-17T18:40:53.593808391Z: time="2018-01-17T18:40:53Z" level=warning msg="certificate with CN Justin Cormack is near expiry"
[STDERR  ] 2018-01-17T18:40:53.594322327Z: time="2018-01-17T18:40:53Z" level=warning msg="certificate with CN  is near expiry"
[STDERR  ] 2018-01-17T18:40:53.764162434Z:   Create OCI config for linuxkit/sysctl:4c1ef93bb5eb1a877318db4b2daa6768ed002e21
[STDERR  ] 2018-01-17T18:40:54.800952243Z: time="2018-01-17T18:40:54Z" level=warning msg="certificate with CN Justin Cormack is near expiry"
[STDERR  ] 2018-01-17T18:40:54.801062097Z: time="2018-01-17T18:40:54Z" level=warning msg="certificate with CN  is near expiry"
[STDERR  ] 2018-01-17T18:40:54.801126953Z: time="2018-01-17T18:40:54Z" level=warning msg="certificate with CN  is near expiry"
[STDERR  ] 2018-01-17T18:40:54.802623355Z: time="2018-01-17T18:40:54Z" level=warning msg="certificate with CN Justin Cormack is near expiry"
[STDERR  ] 2018-01-17T18:40:54.80325528Z: time="2018-01-17T18:40:54Z" level=warning msg="certificate with CN  is near expiry"
[STDERR  ] 2018-01-17T18:40:54.927522711Z:   Create OCI config for linuxkit/format:5a1140cb65e733f26de727fa684fef1326e9d5ab
[STDERR  ] 2018-01-17T18:40:55.95352212Z: time="2018-01-17T18:40:55Z" level=warning msg="certificate with CN Rolf Neugebauer is near expiry"
[STDERR  ] 2018-01-17T18:40:55.953563288Z: time="2018-01-17T18:40:55Z" level=warning msg="certificate with CN  is near expiry"
[STDERR  ] 2018-01-17T18:40:55.953599507Z: time="2018-01-17T18:40:55Z" level=warning msg="certificate with CN  is near expiry"
[STDERR  ] 2018-01-17T18:40:55.953774661Z: time="2018-01-17T18:40:55Z" level=warning msg="certificate with CN Justin Cormack is near expiry"
[STDERR  ] 2018-01-17T18:40:55.955243393Z: time="2018-01-17T18:40:55Z" level=warning msg="certificate with CN Justin Cormack is near expiry"
[STDERR  ] 2018-01-17T18:40:55.956277276Z: time="2018-01-17T18:40:55Z" level=warning msg="certificate with CN Rolf Neugebauer is near expiry"
[STDERR  ] 2018-01-17T18:40:55.957222802Z: time="2018-01-17T18:40:55Z" level=warning msg="certificate with CN  is near expiry"
[STDERR  ] 2018-01-17T18:40:56.283085542Z:   Create OCI config for linuxkit/mount:3c37d46558c794e8535daa805e7037cb8e82c141
[STDERR  ] 2018-01-17T18:40:57.325053608Z: time="2018-01-17T18:40:57Z" level=warning msg="certificate with CN  is near expiry"
[STDERR  ] 2018-01-17T18:40:57.325108986Z: time="2018-01-17T18:40:57Z" level=warning msg="certificate with CN  is near expiry"
[STDERR  ] 2018-01-17T18:40:57.325273692Z: time="2018-01-17T18:40:57Z" level=warning msg="certificate with CN Justin Cormack is near expiry"
[STDERR  ] 2018-01-17T18:40:57.325456693Z: time="2018-01-17T18:40:57Z" level=warning msg="certificate with CN Rolf Neugebauer is near expiry"
[STDERR  ] 2018-01-17T18:40:57.326683843Z: time="2018-01-17T18:40:57Z" level=warning msg="certificate with CN Justin Cormack is near expiry"
[STDERR  ] 2018-01-17T18:40:57.32768706Z: time="2018-01-17T18:40:57Z" level=warning msg="certificate with CN Rolf Neugebauer is near expiry"
[STDERR  ] 2018-01-17T18:40:57.328482766Z: time="2018-01-17T18:40:57Z" level=warning msg="certificate with CN  is near expiry"
[STDERR  ] 2018-01-17T18:40:57.644020445Z:   Create OCI config for linuxkit/test-containerd:bbec657082ed2126ccb7f0e8d2a2c5c30eefd3dc
[STDERR  ] 2018-01-17T18:40:59.356226377Z: time="2018-01-17T18:40:59Z" level=warning msg="certificate with CN Rolf Neugebauer is near expiry"
[STDERR  ] 2018-01-17T18:40:59.356279573Z: time="2018-01-17T18:40:59Z" level=warning msg="certificate with CN  is near expiry"
[STDERR  ] 2018-01-17T18:40:59.356480774Z: time="2018-01-17T18:40:59Z" level=warning msg="certificate with CN  is near expiry"
[STDERR  ] 2018-01-17T18:40:59.356554002Z: time="2018-01-17T18:40:59Z" level=warning msg="certificate with CN Justin Cormack is near expiry"
[STDERR  ] 2018-01-17T18:40:59.444514633Z: time="2018-01-17T18:40:59Z" level=warning msg="certificate with CN  is near expiry"
[STDERR  ] 2018-01-17T18:40:59.532551515Z: time="2018-01-17T18:40:59Z" level=warning msg="certificate with CN Justin Cormack is near expiry"
[STDERR  ] 2018-01-17T18:40:59.704736046Z: time="2018-01-17T18:40:59Z" level=warning msg="certificate with CN Rolf Neugebauer is near expiry"
[STDERR  ] 2018-01-17T18:40:59.727463809Z: Pull image: docker.io/linuxkit/test-containerd:bbec657082ed2126ccb7f0e8d2a2c5c30eefd3dc@sha256:a44cd6aa7b90ef286bed9df0e675251caab7041250faa3d42f0823ad9cd7fe38
[STDERR  ] 2018-01-17T18:41:16.537823368Z:   Create OCI config for linuxkit/poweroff:bccfe1cb04fc7bb9f03613d2314f38abd2620f29
[STDERR  ] 2018-01-17T18:41:17.57798953Z: time="2018-01-17T18:41:17Z" level=warning msg="certificate with CN Rolf Neugebauer is near expiry"
[STDERR  ] 2018-01-17T18:41:17.578213813Z: time="2018-01-17T18:41:17Z" level=warning msg="certificate with CN  is near expiry"
[STDERR  ] 2018-01-17T18:41:17.578424693Z: time="2018-01-17T18:41:17Z" level=warning msg="certificate with CN  is near expiry"
[STDERR  ] 2018-01-17T18:41:17.578943148Z: time="2018-01-17T18:41:17Z" level=warning msg="certificate with CN Justin Cormack is near expiry"
[STDERR  ] 2018-01-17T18:41:17.582432057Z: time="2018-01-17T18:41:17Z" level=warning msg="certificate with CN Rolf Neugebauer is near expiry"
[STDERR  ] 2018-01-17T18:41:17.583146393Z: time="2018-01-17T18:41:17Z" level=warning msg="certificate with CN  is near expiry"
[STDERR  ] 2018-01-17T18:41:18.257298733Z: Create outputs:
[STDERR  ] 2018-01-17T18:41:51.655186485Z:   containerd-kernel containerd-initrd.img containerd-cmdline
[STDERR  ] 2018-01-17T18:41:51.91330114Z: + linuxkit run -mem 2048 -disk size=2G containerd
[STDERR  ] 2018-01-17T18:41:52.399673952Z: Unable to find qemu-system-x86_64 within the $PATH. Using a container
[STDERR  ] 2018-01-17T18:50:14.021134306Z: + RESULT=[    0.000000] Linux version 4.9.76-linuxkit (root@0fd4445ddb08) (gcc version 6.4.0 (Alpine 6.4.0) ) #1 SMP Mon Jan 15 16:57:48 UTC 2018
[STDERR  ] 2018-01-17T18:50:14.021194464Z: [    0.000000] Command line: console=ttyS0 console=ttyAMA0
[STDERR  ] 2018-01-17T18:50:14.021203694Z: [    0.000000] x86/fpu: Legacy x87 FPU detected.
[STDERR  ] 2018-01-17T18:50:14.021211714Z: [    0.000000] x86/fpu: Using 'eager' FPU context switches.
[STDERR  ] 2018-01-17T18:50:14.02121879Z: [    0.000000] e820: BIOS-provided physical RAM map:
[STDERR  ] 2018-01-17T18:50:14.021226753Z: [    0.000000] BIOS-e820: [mem 0x0000000000000000-0x000000000009fbff] usable
[STDERR  ] 2018-01-17T18:50:14.021234974Z: [    0.000000] BIOS-e820: [mem 0x000000000009fc00-0x000000000009ffff] reserved
[STDERR  ] 2018-01-17T18:50:14.021242303Z: [    0.000000] BIOS-e820: [mem 0x00000000000f0000-0x00000000000fffff] reserved
[STDERR  ] 2018-01-17T18:50:14.02125685Z: [    0.000000] BIOS-e820: [mem 0x0000000000100000-0x000000007ffdefff] usable
[STDERR  ] 2018-01-17T18:50:14.021263701Z: [    0.000000] BIOS-e820: [mem 0x000000007ffdf000-0x000000007fffffff] reserved
[STDERR  ] 2018-01-17T18:50:14.021270267Z: [    0.000000] BIOS-e820: [mem 0x00000000b0000000-0x00000000bfffffff] reserved
[STDERR  ] 2018-01-17T18:50:14.021277392Z: [    0.000000] BIOS-e820: [mem 0x00000000fed1c000-0x00000000fed1ffff] reserved
[STDERR  ] 2018-01-17T18:50:14.021283969Z: [    0.000000] BIOS-e820: [mem 0x00000000fffc0000-0x00000000ffffffff] reserved
[STDERR  ] 2018-01-17T18:50:14.021290679Z: [    0.000000] NX (Execute Disable) protection: active
[STDERR  ] 2018-01-17T18:50:14.021297561Z: [    0.000000] SMBIOS 2.8 present.
[STDERR  ] 2018-01-17T18:50:14.021304141Z: [    0.000000] Kernel/User page tables isolation: disabled
[STDERR  ] 2018-01-17T18:50:14.021310761Z: [    0.000000] e820: last_pfn = 0x7ffdf max_arch_pfn = 0x400000000
[STDERR  ] 2018-01-17T18:50:14.021317346Z: [    0.000000] x86/PAT: Configuration [0-7]: WB  WC  UC- UC  WB  WC  UC- WT  
[STDERR  ] 2018-01-17T18:50:14.021324141Z: [    0.000000] found SMP MP-table at [mem 0x000f6aa0-0x000f6aaf] mapped at [ffff91d1c00f6aa0]
[STDERR  ] 2018-01-17T18:50:14.021331741Z: [    0.000000] RAMDISK: [mem 0x73502000-0x7ffcffff]
[STDERR  ] 2018-01-17T18:50:14.021338583Z: [    0.000000] ACPI: Early table checksum verification disabled
[STDERR  ] 2018-01-17T18:50:14.021344941Z: [    0.000000] ACPI: RSDP 0x00000000000F68B0 000014 (v00 BOCHS )
[STDERR  ] 2018-01-17T18:50:14.021351155Z: [    0.000000] ACPI: RSDT 0x000000007FFE20A8 000034 (v01 BOCHS  BXPCRSDT 00000001 BXPC 00000001)
[STDERR  ] 2018-01-17T18:50:14.021357938Z: [    0.000000] ACPI: FACP 0x000000007FFE1EC8 0000F4 (v03 BOCHS  BXPCFACP 00000001 BXPC 00000001)
[STDERR  ] 2018-01-17T18:50:14.021365129Z: [    0.000000] ACPI: DSDT 0x000000007FFE0040 001E88 (v01 BOCHS  BXPCDSDT 00000001 BXPC 00000001)
[STDERR  ] 2018-01-17T18:50:14.021371809Z: [    0.000000] ACPI: FACS 0x000000007FFE0000 000040
[STDERR  ] 2018-01-17T18:50:14.021378219Z: [    0.000000] ACPI: APIC 0x000000007FFE1FBC 000078 (v01 BOCHS  BXPCAPIC 00000001 BXPC 00000001)
[STDERR  ] 2018-01-17T18:50:14.021384747Z: [    0.000000] ACPI: HPET 0x000000007FFE2034 000038 (v01 BOCHS  BXPCHPET 00000001 BXPC 00000001)
[STDERR  ] 2018-01-17T18:50:14.021391164Z: [    0.000000] ACPI: MCFG 0x000000007FFE206C 00003C (v01 BOCHS  BXPCMCFG 00000001 BXPC 00000001)
[STDERR  ] 2018-01-17T18:50:14.021397654Z: [    0.000000] Zone ranges:
[STDERR  ] 2018-01-17T18:50:14.021409772Z: [    0.000000]   DMA      [mem 0x0000000000001000-0x0000000000ffffff]
[STDERR  ] 2018-01-17T18:50:14.021416013Z: [    0.000000]   DMA32    [mem 0x0000000001000000-0x000000007ffdefff]
[STDERR  ] 2018-01-17T18:50:14.02142291Z: [    0.000000]   Normal   empty
[STDERR  ] 2018-01-17T18:50:14.021429481Z: [    0.000000] Movable zone start for each node
[STDERR  ] 2018-01-17T18:50:14.021435901Z: [    0.000000] Early memory node ranges
[STDERR  ] 2018-01-17T18:50:14.021442358Z: [    0.000000]   node   0: [mem 0x0000000000001000-0x000000000009efff]
[STDERR  ] 2018-01-17T18:50:14.021448347Z: [    0.000000]   node   0: [mem 0x0000000000100000-0x000000007ffdefff]
[STDERR  ] 2018-01-17T18:50:14.021454223Z: [    0.000000] Initmem setup node 0 [mem 0x0000000000001000-0x000000007ffdefff]
[STDERR  ] 2018-01-17T18:50:14.021477694Z: [    0.000000] ACPI: PM-Timer IO Port: 0x608
[STDERR  ] 2018-01-17T18:50:14.021484559Z: [    0.000000] ACPI: LAPIC_NMI (acpi_id[0xff] dfl dfl lint[0x1])
[STDERR  ] 2018-01-17T18:50:14.021490641Z: [    0.000000] IOAPIC[0]: apic_id 0, version 32, address 0xfec00000, GSI 0-23
[STDERR  ] 2018-01-17T18:50:14.021496613Z: [    0.000000] ACPI: INT_SRC_OVR (bus 0 bus_irq 0 global_irq 2 dfl dfl)
[STDERR  ] 2018-01-17T18:50:14.021503574Z: [    0.000000] ACPI: INT_SRC_OVR (bus 0 bus_irq 5 global_irq 5 high level)
[STDERR  ] 2018-01-17T18:50:14.021513443Z: [    0.000000] ACPI: INT_SRC_OVR (bus 0 bus_irq 9 global_irq 9 high level)
[STDERR  ] 2018-01-17T18:50:14.021523633Z: [    0.000000] ACPI: INT_SRC_OVR (bus 0 bus_irq 10 global_irq 10 high level)
[STDERR  ] 2018-01-17T18:50:14.021530173Z: [    0.000000] ACPI: INT_SRC_OVR (bus 0 bus_irq 11 global_irq 11 high level)
[STDERR  ] 2018-01-17T18:50:14.021536564Z: [    0.000000] Using ACPI (MADT) for SMP configuration information
[STDERR  ] 2018-01-17T18:50:14.021542835Z: [    0.000000] ACPI: HPET id: 0x8086a201 base: 0xfed00000
[STDERR  ] 2018-01-17T18:50:14.021549594Z: [    0.000000] smpboot: Allowing 1 CPUs, 0 hotplug CPUs
[STDERR  ] 2018-01-17T18:50:14.021555554Z: [    0.000000] e820: [mem 0xc0000000-0xfed1bfff] available for PCI devices
[STDERR  ] 2018-01-17T18:50:14.021561538Z: [    0.000000] Booting paravirtualized kernel on bare hardware
[STDERR  ] 2018-01-17T18:50:14.021567999Z: [    0.000000] clocksource: refined-jiffies: mask: 0xffffffff max_cycles: 0xffffffff, max_idle_ns: 19112604462750000 ns
[STDERR  ] 2018-01-17T18:50:14.021579098Z: [    0.000000] setup_percpu: NR_CPUS:128 nr_cpumask_bits:128 nr_cpu_ids:1 nr_node_ids:1
[STDERR  ] 2018-01-17T18:50:14.021585113Z: [    0.000000] percpu: Embedded 36 pages/cpu @ffff91d233200000 s106904 r8192 d32360 u2097152
[STDERR  ] 2018-01-17T18:50:14.021595907Z: [    0.000000] Built 1 zonelists in Zone order, mobility grouping on.  Total pages: 515944
[STDERR  ] 2018-01-17T18:50:14.021602021Z: [    0.000000] Kernel command line: console=ttyS0 console=ttyAMA0
[STDERR  ] 2018-01-17T18:50:14.02160861Z: [    0.000000] PID hash table entries: 4096 (order: 3, 32768 bytes)
[STDERR  ] 2018-01-17T18:50:14.021614674Z: [    0.000000] Dentry cache hash table entries: 262144 (order: 9, 2097152 bytes)
[STDERR  ] 2018-01-17T18:50:14.021620647Z: [    0.000000] Inode-cache hash table entries: 131072 (order: 8, 1048576 bytes)
[STDERR  ] 2018-01-17T18:50:14.021626866Z: [    0.000000] Memory: 1837116K/2096628K available (8053K kernel code, 1391K rwdata, 2700K rodata, 1396K init, 564K bss, 259512K reserved, 0K cma-reserved)
[STDERR  ] 2018-01-17T18:50:14.021641321Z: [    0.000000] Hierarchical RCU implementation.
[STDERR  ] 2018-01-17T18:50:14.02164787Z: [    0.000000] 	Build-time adjustment of leaf fanout to 64.
[STDERR  ] 2018-01-17T18:50:14.021654041Z: [    0.000000] 	RCU restricting CPUs from NR_CPUS=128 to nr_cpu_ids=1.
[STDERR  ] 2018-01-17T18:50:14.021660333Z: [    0.000000] RCU: Adjusting geometry for rcu_fanout_leaf=64, nr_cpu_ids=1
[STDERR  ] 2018-01-17T18:50:14.021667609Z: [    0.000000] NR_IRQS:8448 nr_irqs:256 16
[STDERR  ] 2018-01-17T18:50:14.021674567Z: [    0.000000] Console: colour VGA+ 80x25
[STDERR  ] 2018-01-17T18:50:14.021684141Z: [    0.000000] console [ttyS0] enabled
[STDERR  ] 2018-01-17T18:50:14.021690272Z: [    0.000000] clocksource: hpet: mask: 0xffffffff max_cycles: 0xffffffff, max_idle_ns: 19112604467 ns
[STDERR  ] 2018-01-17T18:50:14.021696407Z: [    0.000000] tsc: Fast TSC calibration using PIT
[STDERR  ] 2018-01-17T18:50:14.021702254Z: [    0.000000] tsc: Detected 2300.011 MHz processor
[STDERR  ] 2018-01-17T18:50:14.021709129Z: [    0.022253] Calibrating delay loop (skipped), value calculated using timer frequency.. 4600.02 BogoMIPS (lpj=23000110)
[STDERR  ] 2018-01-17T18:50:14.021715404Z: [    0.031106] pid_max: default: 32768 minimum: 301
[STDERR  ] 2018-01-17T18:50:14.021721764Z: [    0.032091] ACPI: Core revision 20160831
[STDERR  ] 2018-01-17T18:50:14.021727918Z: [    0.058368] ACPI: 1 ACPI AML tables successfully acquired and loaded
[STDERR  ] 2018-01-17T18:50:14.021734342Z: [    0.063224] Security Framework initialized
[STDERR  ] 2018-01-17T18:50:14.02174058Z: [    0.063602] Yama: becoming mindful.
[STDERR  ] 2018-01-17T18:50:14.02174718Z: [    0.065548] Mount-cache hash table entries: 4096 (order: 3, 32768 bytes)
[STDERR  ] 2018-01-17T18:50:14.021753552Z: [    0.066061] Mountpoint-cache hash table entries: 4096 (order: 3, 32768 bytes)
[STDERR  ] 2018-01-17T18:50:14.02175976Z: [    0.084914] Last level iTLB entries: 4KB 0, 2MB 0, 4MB 0
[STDERR  ] 2018-01-17T18:50:14.02176612Z: [    0.085373] Last level dTLB entries: 4KB 0, 2MB 0, 4MB 0, 1GB 0
[STDERR  ] 2018-01-17T18:50:14.021775392Z: [    0.413257] Freeing SMP alternatives memory: 20K
[STDERR  ] 2018-01-17T18:50:14.021781692Z: [    0.423116] ftrace: allocating 35552 entries in 139 pages
[STDERR  ] 2018-01-17T18:50:14.021787709Z: [    0.499886] smpboot: Max logical packages: 1
[STDERR  ] 2018-01-17T18:50:14.021794082Z: [    0.507039] ..TIMER: vector=0x30 apic1=0 pin1=2 apic2=-1 pin2=-1
[STDERR  ] 2018-01-17T18:50:14.021800654Z: [    0.610000] smpboot: CPU0: AMD QEMU Virtual CPU version 2.5+ (family: 0x6, model: 0x6, stepping: 0x3)
[STDERR  ] 2018-01-17T18:50:14.021806765Z: [    0.610000] Performance Events: PMU not available due to virtualization, using software events only.
[STDERR  ] 2018-01-17T18:50:14.021812832Z: [    0.619120] NMI watchdog: disabled (cpu0): hardware events not enabled
[STDERR  ] 2018-01-17T18:50:14.021818914Z: [    0.619558] NMI watchdog: Shutting down hard lockup detector on all cpus
[STDERR  ] 2018-01-17T18:50:14.021825769Z: [    0.623339] x86: Booted up 1 node, 1 CPUs
[STDERR  ] 2018-01-17T18:50:14.021831969Z: [    0.623740] smpboot: Total of 1 processors activated (4600.02 BogoMIPS)
[STDERR  ] 2018-01-17T18:50:14.021838148Z: [    0.637383] devtmpfs: initialized
[STDERR  ] 2018-01-17T18:50:14.02184432Z: [    0.643611] x86/mm: Memory block size: 128MB
[STDERR  ] 2018-01-17T18:50:14.02185038Z: [    0.676409] clocksource: jiffies: mask: 0xffffffff max_cycles: 0xffffffff, max_idle_ns: 19112604462750000 ns
[STDERR  ] 2018-01-17T18:50:14.021856323Z: [    0.678677] futex hash table entries: 256 (order: 2, 16384 bytes)
[STDERR  ] 2018-01-17T18:50:14.021862358Z: [    0.686332] NET: Registered protocol family 16
[STDERR  ] 2018-01-17T18:50:14.021868208Z: [    0.694164] cpuidle: using governor ladder
[STDERR  ] 2018-01-17T18:50:14.021874068Z: [    0.694638] cpuidle: using governor menu
[STDERR  ] 2018-01-17T18:50:14.021880649Z: [    0.695719] ACPI: bus type PCI registered
[STDERR  ] 2018-01-17T18:50:14.021886611Z: [    0.698691] PCI: MMCONFIG for domain 0000 [bus 00-ff] at [mem 0xb0000000-0xbfffffff] (base 0xb0000000)
[STDERR  ] 2018-01-17T18:50:14.021892409Z: [    0.699395] PCI: MMCONFIG at [mem 0xb0000000-0xbfffffff] reserved in E820
[STDERR  ] 2018-01-17T18:50:14.021899712Z: [    0.700383] PCI: Using configuration type 1 for base access
[STDERR  ] 2018-01-17T18:50:14.021906538Z: [    0.738023] HugeTLB registered 2 MB page size, pre-allocated 0 pages
[STDERR  ] 2018-01-17T18:50:14.021912429Z: [    0.749564] ACPI: Added _OSI(Module Device)
[STDERR  ] 2018-01-17T18:50:14.021918951Z: [    0.749908] ACPI: Added _OSI(Processor Device)
[STDERR  ] 2018-01-17T18:50:14.021928398Z: [    0.750080] ACPI: Added _OSI(3.0 _SCP Extensions)
[STDERR  ] 2018-01-17T18:50:14.021934528Z: [    0.750365] ACPI: Added _OSI(Processor Aggregator Device)
[STDERR  ] 2018-01-17T18:50:14.021940714Z: [    0.796894] ACPI: Interpreter enabled
[STDERR  ] 2018-01-17T18:50:14.021946905Z: [    0.797764] ACPI: (supports S0 S5)
[STDERR  ] 2018-01-17T18:50:14.021952998Z: [    0.798102] ACPI: Using IOAPIC for interrupt routing
[STDERR  ] 2018-01-17T18:50:14.021959017Z: [    0.802290] PCI: Using host bridge windows from ACPI; if necessary, use "pci=nocrs" and report a bug
[STDERR  ] 2018-01-17T18:50:14.021965037Z: [    0.844249] ACPI: PCI Root Bridge [PCI0] (domain 0000 [bus 00-ff])
[STDERR  ] 2018-01-17T18:50:14.021971233Z: [    0.845383] acpi PNP0A08:00: _OSC: OS supports [ExtendedConfig ASPM ClockPM Segments MSI]
[STDERR  ] 2018-01-17T18:50:14.021977046Z: [    0.851024] acpi PNP0A08:00: _OSC: OS now controls [PCIeHotplug PME PCIeCapability]
[STDERR  ] 2018-01-17T18:50:14.021984069Z: [    0.854906] PCI host bridge to bus 0000:00
[STDERR  ] 2018-01-17T18:50:14.021991538Z: [    0.855329] pci_bus 0000:00: root bus resource [io  0x0000-0x0cf7 window]
[STDERR  ] 2018-01-17T18:50:14.021997789Z: [    0.855744] pci_bus 0000:00: root bus resource [io  0x0d00-0xffff window]
[STDERR  ] 2018-01-17T18:50:14.022004132Z: [    0.856076] pci_bus 0000:00: root bus resource [mem 0x000a0000-0x000bffff window]
[STDERR  ] 2018-01-17T18:50:14.022013306Z: [    0.856521] pci_bus 0000:00: root bus resource [mem 0xc0000000-0xfebfffff window]
[STDERR  ] 2018-01-17T18:50:14.022019405Z: [    0.857092] pci_bus 0000:00: root bus resource [bus 00-ff]
[STDERR  ] 2018-01-17T18:50:14.022025466Z: [    0.981307] pci 0000:00:1f.0: quirk: [io  0x0600-0x067f] claimed by ICH6 ACPI/GPIO/TCO
[STDERR  ] 2018-01-17T18:50:14.022031306Z: [    1.047971] ACPI: PCI Interrupt Link [LNKA] (IRQs 5 *10 11)
[STDERR  ] 2018-01-17T18:50:14.022037633Z: [    1.052071] ACPI: PCI Interrupt Link [LNKB] (IRQs 5 *10 11)
[STDERR  ] 2018-01-17T18:50:14.022044091Z: [    1.054032] ACPI: PCI Interrupt Link [LNKC] (IRQs 5 10 *11)
[STDERR  ] 2018-01-17T18:50:14.022050217Z: [    1.055660] ACPI: PCI Interrupt Link [LNKD] (IRQs 5 10 *11)
[STDERR  ] 2018-01-17T18:50:14.022056268Z: [    1.057255] ACPI: PCI Interrupt Link [LNKE] (IRQs 5 *10 11)
[STDERR  ] 2018-01-17T18:50:14.022065537Z: [    1.058882] ACPI: PCI Interrupt Link [LNKF] (IRQs 5 *10 11)
[STDERR  ] 2018-01-17T18:50:14.022072062Z: [    1.061488] ACPI: PCI Interrupt Link [LNKG] (IRQs 5 10 *11)
[STDERR  ] 2018-01-17T18:50:14.022079002Z: [    1.063073] ACPI: PCI Interrupt Link [LNKH] (IRQs 5 10 *11)
[STDERR  ] 2018-01-17T18:50:14.022084928Z: [    1.063991] ACPI: PCI Interrupt Link [GSIA] (IRQs *16)
[STDERR  ] 2018-01-17T18:50:14.022090963Z: [    1.064628] ACPI: PCI Interrupt Link [GSIB] (IRQs *17)
[STDERR  ] 2018-01-17T18:50:14.022096826Z: [    1.065238] ACPI: PCI Interrupt Link [GSIC] (IRQs *18)
[STDERR  ] 2018-01-17T18:50:14.022103498Z: [    1.065865] ACPI: PCI Interrupt Link [GSID] (IRQs *19)
[STDERR  ] 2018-01-17T18:50:14.02210978Z: [    1.066475] ACPI: PCI Interrupt Link [GSIE] (IRQs *20)
[STDERR  ] 2018-01-17T18:50:14.022115674Z: [    1.067092] ACPI: PCI Interrupt Link [GSIF] (IRQs *21)
[STDERR  ] 2018-01-17T18:50:14.022121318Z: [    1.067679] ACPI: PCI Interrupt Link [GSIG] (IRQs *22)
[STDERR  ] 2018-01-17T18:50:14.022127389Z: [    1.068287] ACPI: PCI Interrupt Link [GSIH] (IRQs *23)
[STDERR  ] 2018-01-17T18:50:14.022136789Z: [    1.071759] ACPI: Enabled 1 GPEs in block 00 to 3F
[STDERR  ] 2018-01-17T18:50:14.022142751Z: [    1.074974] SCSI subsystem initialized
[STDERR  ] 2018-01-17T18:50:14.022148903Z: [    1.076696] ACPI: bus type USB registered
[STDERR  ] 2018-01-17T18:50:14.02215514Z: [    1.077675] usbcore: registered new interface driver usbfs
[STDERR  ] 2018-01-17T18:50:14.022161471Z: [    1.078457] usbcore: registered new interface driver hub
[STDERR  ] 2018-01-17T18:50:14.022167398Z: [    1.079177] usbcore: registered new device driver usb
[STDERR  ] 2018-01-17T18:50:14.022173752Z: [    1.080286] pps_core: LinuxPPS API ver. 1 registered
[STDERR  ] 2018-01-17T18:50:14.022183194Z: [    1.080579] pps_core: Software ver. 5.3.6 - Copyright 2005-2007 Rodolfo Giometti <giometti@linux.it>
[STDERR  ] 2018-01-17T18:50:14.02218924Z: [    1.081220] PTP clock support registered
[STDERR  ] 2018-01-17T18:50:14.02219564Z: [    1.082338] wmi: Mapper loaded
[STDERR  ] 2018-01-17T18:50:14.022202352Z: [    1.083424] PCI: Using ACPI for IRQ routing
[STDERR  ] 2018-01-17T18:50:14.022208774Z: [    1.096131] NetLabel: Initializing
[STDERR  ] 2018-01-17T18:50:14.022214485Z: [    1.096367] NetLabel:  domain hash size = 128
[STDERR  ] 2018-01-17T18:50:14.022220352Z: [    1.096744] NetLabel:  protocols = UNLABELED CIPSOv4
[STDERR  ] 2018-01-17T18:50:14.02222668Z: [    1.099377] NetLabel:  unlabeled traffic allowed by default
[STDERR  ] 2018-01-17T18:50:14.022233114Z: [    1.100753] HPET: 3 timers in total, 0 timers will be used for per-cpu timer
[STDERR  ] 2018-01-17T18:50:14.02223888Z: [    1.101574] hpet0: at MMIO 0xfed00000, IRQs 2, 8, 0
[STDERR  ] 2018-01-17T18:50:14.022244757Z: [    1.102035] hpet0: 3 comparators, 64-bit 100.000000 MHz counter
[STDERR  ] 2018-01-17T18:50:14.02225048Z: [    1.108209] clocksource: Switched to clocksource hpet
[STDERR  ] 2018-01-17T18:50:14.022256366Z: [    1.277551] VFS: Disk quotas dquot_6.6.0
[STDERR  ] 2018-01-17T18:50:14.022262108Z: [    1.278397] VFS: Dquot-cache hash table entries: 512 (order 0, 4096 bytes)
[STDERR  ] 2018-01-17T18:50:14.022271032Z: [    1.282158] FS-Cache: Loaded
[STDERR  ] 2018-01-17T18:50:14.0222775Z: [    1.286761] CacheFiles: Loaded
[STDERR  ] 2018-01-17T18:50:14.022284049Z: [    1.288770] pnp: PnP ACPI init
[STDERR  ] 2018-01-17T18:50:14.02228986Z: [    1.297172] pnp: PnP ACPI: found 5 devices
[STDERR  ] 2018-01-17T18:50:14.022295831Z: [    1.336451] clocksource: acpi_pm: mask: 0xffffff max_cycles: 0xffffff, max_idle_ns: 2085701024 ns
[STDERR  ] 2018-01-17T18:50:14.022301811Z: [    1.340002] NET: Registered protocol family 2
[STDERR  ] 2018-01-17T18:50:14.022307611Z: [    1.347565] TCP established hash table entries: 16384 (order: 5, 131072 bytes)
[STDERR  ] 2018-01-17T18:50:14.022313648Z: [    1.348572] TCP bind hash table entries: 16384 (order: 6, 262144 bytes)
[STDERR  ] 2018-01-17T18:50:14.022321358Z: [    1.350825] TCP: Hash tables configured (established 16384 bind 16384)
[STDERR  ] 2018-01-17T18:50:14.02232814Z: [    1.352300] UDP hash table entries: 1024 (order: 3, 32768 bytes)
[STDERR  ] 2018-01-17T18:50:14.022337052Z: [    1.352900] UDP-Lite hash table entries: 1024 (order: 3, 32768 bytes)
[STDERR  ] 2018-01-17T18:50:14.022347942Z: [    1.355094] NET: Registered protocol family 1
[STDERR  ] 2018-01-17T18:50:14.022356985Z: [    1.356028] pci 0000:00:01.0: Video device with shadowed ROM at [mem 0x000c0000-0x000dffff]
[STDERR  ] 2018-01-17T18:50:14.022363049Z: [    1.363762] Unpacking initramfs...
[STDERR  ] 2018-01-17T18:50:14.022369822Z: [   23.212004] Freeing initrd memory: 207672K
[STDERR  ] 2018-01-17T18:50:14.022376083Z: [   23.234567] PCLMULQDQ-NI instructions are not detected.
[STDERR  ] 2018-01-17T18:50:14.022382858Z: [   23.235989] AVX or AES-NI instructions are not detected.
[STDERR  ] 2018-01-17T18:50:14.022389272Z: [   23.236404] CPU feature 'AVX registers' is not supported.
[STDERR  ] 2018-01-17T18:50:14.022395222Z: [   23.236848] CPU feature 'AVX registers' is not supported.
[STDERR  ] 2018-01-17T18:50:14.022401248Z: [   23.237265] CPU feature 'AVX registers' is not supported.
[STDERR  ] 2018-01-17T18:50:14.0224074Z: [   23.237652] CPU feature 'AVX registers' is not supported.
[STDERR  ] 2018-01-17T18:50:14.022413226Z: [   23.238054] AVX2 or AES-NI instructions are not detected.
[STDERR  ] 2018-01-17T18:50:14.022419131Z: [   23.238591] AVX2 instructions are not detected.
[STDERR  ] 2018-01-17T18:50:14.022425222Z: [   23.245301] audit: initializing netlink subsys (disabled)
[STDERR  ] 2018-01-17T18:50:14.022431225Z: [   23.246841] audit: type=2000 audit(1516214538.240:1): initialized
[STDERR  ] 2018-01-17T18:50:14.022437068Z: [   23.255633] workingset: timestamp_bits=46 max_order=19 bucket_order=0
[STDERR  ] 2018-01-17T18:50:14.022446745Z: [   23.258949] squashfs: version 4.0 (2009/01/31) Phillip Lougher
[STDERR  ] 2018-01-17T18:50:14.022453146Z: [   23.261641] FS-Cache: Netfs 'cifs' registered for caching
[STDERR  ] 2018-01-17T18:50:14.022465714Z: [   23.262460] fuse init (API version 7.26)
[STDERR  ] 2018-01-17T18:50:14.022471651Z: [   23.264344] SGI XFS with ACLs, security attributes, no debug enabled
[STDERR  ] 2018-01-17T18:50:14.022477849Z: [   23.267655] 9p: Installing v9fs 9p2000 file system support
[STDERR  ] 2018-01-17T18:50:14.0224842Z: [   23.268106] FS-Cache: Netfs '9p' registered for caching
[STDERR  ] 2018-01-17T18:50:14.022490342Z: [   23.296424] NET: Registered protocol family 38
[STDERR  ] 2018-01-17T18:50:14.022496414Z: [   23.297006] Key type asymmetric registered
[STDERR  ] 2018-01-17T18:50:14.022502353Z: [   23.297365] Asymmetric key parser 'x509' registered
[STDERR  ] 2018-01-17T18:50:14.022508312Z: [   23.298315] Block layer SCSI generic (bsg) driver version 0.4 loaded (major 251)
[STDERR  ] 2018-01-17T18:50:14.022514691Z: [   23.299963] io scheduler noop registered
[STDERR  ] 2018-01-17T18:50:14.022520452Z: [   23.300145] io scheduler deadline registered (default)
[STDERR  ] 2018-01-17T18:50:14.022526286Z: [   23.301865] io scheduler cfq registered
[STDERR  ] 2018-01-17T18:50:14.022532138Z: [   23.305212] pci_hotplug: PCI Hot Plug PCI Core version: 0.5
[STDERR  ] 2018-01-17T18:50:14.022541793Z: [   23.305790] pciehp: PCI Express Hot Plug Controller Driver version: 0.4
[STDERR  ] 2018-01-17T18:50:14.022547782Z: [   23.306572] shpchp: Standard Hot Plug PCI Controller Driver version: 0.4
[STDERR  ] 2018-01-17T18:50:14.022553762Z: [   23.307277] hv_vmbus: registering driver hyperv_fb
[STDERR  ] 2018-01-17T18:50:14.022559605Z: [   23.309890] input: Power Button as /devices/LNXSYSTM:00/LNXPWRBN:00/input/input0
[STDERR  ] 2018-01-17T18:50:14.022565623Z: [   23.312680] ACPI: Power Button [PWRF]
[STDERR  ] 2018-01-17T18:50:14.022571363Z: [   23.316712] GHES: HEST is not enabled!
[STDERR  ] 2018-01-17T18:50:14.022577091Z: [   23.323981] ACPI: PCI Interrupt Link [GSIG] enabled at IRQ 22
[STDERR  ] 2018-01-17T18:50:14.022583429Z: [   23.332893] ACPI: PCI Interrupt Link [GSIH] enabled at IRQ 23
[STDERR  ] 2018-01-17T18:50:14.022590028Z: [   23.336804] xenfs: not registering filesystem on non-xen platform
[STDERR  ] 2018-01-17T18:50:14.022596289Z: [   23.338746] Serial: 8250/16550 driver, 4 ports, IRQ sharing disabled
[STDERR  ] 2018-01-17T18:50:14.022602449Z: [   23.363067] 00:04: ttyS0 at I/O 0x3f8 (irq = 4, base_baud = 115200) is a 16550A
[STDERR  ] 2018-01-17T18:50:14.022608434Z: [   23.373652] Non-volatile memory driver v1.3
[STDERR  ] 2018-01-17T18:50:14.022614682Z: [   23.381343] Hangcheck: starting hangcheck timer 0.9.1 (tick is 180 seconds, margin is 60 seconds).
[STDERR  ] 2018-01-17T18:50:14.022620483Z: [   23.385616] random: fast init done
[STDERR  ] 2018-01-17T18:50:14.022626733Z: [   23.386745] random: crng init done
[STDERR  ] 2018-01-17T18:50:14.022632633Z: [   23.412501] loop: module loaded
[STDERR  ] 2018-01-17T18:50:14.022638505Z: [   23.425604] nbd: registered device at major 43
[STDERR  ] 2018-01-17T18:50:14.022644292Z: [   23.455519] lpc_ich 0000:00:1f.0: I/O space for GPIO uninitialized
[STDERR  ] 2018-01-17T18:50:14.02265016Z: [   23.457422] VMware PVSCSI driver - version 1.0.7.0-k
[STDERR  ] 2018-01-17T18:50:14.022655962Z: [   23.458184] hv_vmbus: registering driver hv_storvsc
[STDERR  ] 2018-01-17T18:50:14.022662329Z: [   23.465815] ACPI: PCI Interrupt Link [GSIA] enabled at IRQ 16
[STDERR  ] 2018-01-17T18:50:14.022668133Z: [   23.471846] ahci 0000:00:1f.2: AHCI 0001.0000 32 slots 6 ports 1.5 Gbps 0x3f impl SATA mode
[STDERR  ] 2018-01-17T18:50:14.022674078Z: [   23.472453] ahci 0000:00:1f.2: flags: 64bit ncq only 
[STDERR  ] 2018-01-17T18:50:14.022679858Z: [   23.489025] scsi host0: ahci
[STDERR  ] 2018-01-17T18:50:14.022685757Z: [   23.492314] scsi host1: ahci
[STDERR  ] 2018-01-17T18:50:14.022691405Z: [   23.494082] scsi host2: ahci
[STDERR  ] 2018-01-17T18:50:14.022719798Z: [   23.496741] scsi host3: ahci
[STDERR  ] 2018-01-17T18:50:14.022729866Z: [   23.498544] scsi host4: ahci
[STDERR  ] 2018-01-17T18:50:14.022735668Z: [   23.501336] scsi host5: ahci
[STDERR  ] 2018-01-17T18:50:14.022741965Z: [   23.503357] ata1: SATA max UDMA/133 abar m4096@0xfebd2000 port 0xfebd2100 irq 24
[STDERR  ] 2018-01-17T18:50:14.022747822Z: [   23.503824] ata2: SATA max UDMA/133 abar m4096@0xfebd2000 port 0xfebd2180 irq 24
[STDERR  ] 2018-01-17T18:50:14.022753718Z: [   23.504252] ata3: SATA max UDMA/133 abar m4096@0xfebd2000 port 0xfebd2200 irq 24
[STDERR  ] 2018-01-17T18:50:14.02275958Z: [   23.504617] ata4: SATA max UDMA/133 abar m4096@0xfebd2000 port 0xfebd2280 irq 24
[STDERR  ] 2018-01-17T18:50:14.022766257Z: [   23.504994] ata5: SATA max UDMA/133 abar m4096@0xfebd2000 port 0xfebd2300 irq 24
[STDERR  ] 2018-01-17T18:50:14.02277982Z: [   23.505364] ata6: SATA max UDMA/133 abar m4096@0xfebd2000 port 0xfebd2380 irq 24
[STDERR  ] 2018-01-17T18:50:14.022786393Z: [   23.516063] tun: Universal TUN/TAP device driver, 1.6
[STDERR  ] 2018-01-17T18:50:14.022792368Z: [   23.516384] tun: (C) 1999-2004 Max Krasnyansky <maxk@qualcomm.com>
[STDERR  ] 2018-01-17T18:50:14.022798623Z: [   23.526270] VMware vmxnet3 virtual NIC driver - version 1.4.a.0-k-NAPI
[STDERR  ] 2018-01-17T18:50:14.022804397Z: [   23.527050] hv_vmbus: registering driver hv_netvsc
[STDERR  ] 2018-01-17T18:50:14.022814545Z: [   23.527321] Fusion MPT base driver 3.04.20
[STDERR  ] 2018-01-17T18:50:14.0228206Z: [   23.527591] Copyright (c) 1999-2008 LSI Corporation
[STDERR  ] 2018-01-17T18:50:14.0228269Z: [   23.528119] Fusion MPT SPI Host driver 3.04.20
[STDERR  ] 2018-01-17T18:50:14.022832963Z: [   23.529830] i8042: PNP: PS/2 Controller [PNP0303:KBD,PNP0f13:MOU] at 0x60,0x64 irq 1,12
[STDERR  ] 2018-01-17T18:50:14.022838849Z: [   23.533974] serio: i8042 KBD port at 0x60,0x64 irq 1
[STDERR  ] 2018-01-17T18:50:14.0228456Z: [   23.534514] serio: i8042 AUX port at 0x60,0x64 irq 12
[STDERR  ] 2018-01-17T18:50:14.022851857Z: [   23.536840] hv_vmbus: registering driver hyperv_keyboard
[STDERR  ] 2018-01-17T18:50:14.022857617Z: [   23.538581] mousedev: PS/2 mouse device common for all mice
[STDERR  ] 2018-01-17T18:50:14.022863732Z: [   23.542873] input: AT Translated Set 2 keyboard as /devices/platform/i8042/serio0/input/input1
[STDERR  ] 2018-01-17T18:50:14.022869913Z: [   23.545268] input: PC Speaker as /devices/platform/pcspkr/input/input2
[STDERR  ] 2018-01-17T18:50:14.022875949Z: [   23.548149] rtc_cmos 00:00: RTC can wake from S4
[STDERR  ] 2018-01-17T18:50:14.02288188Z: [   23.551251] rtc_cmos 00:00: rtc core: registered rtc_cmos as rtc0
[STDERR  ] 2018-01-17T18:50:14.022887572Z: [   23.552428] rtc_cmos 00:00: alarms up to one day, y3k, 114 bytes nvram, hpet irqs
[STDERR  ] 2018-01-17T18:50:14.022893173Z: [   23.553082] i2c /dev entries driver
[STDERR  ] 2018-01-17T18:50:14.022903771Z: [   23.554769] device-mapper: ioctl: 4.35.0-ioctl (2016-06-23) initialised: dm-devel@redhat.com
[STDERR  ] 2018-01-17T18:50:14.022909686Z: [   23.558534] usbcore: registered new interface driver usbhid
[STDERR  ] 2018-01-17T18:50:14.022915371Z: [   23.558882] usbhid: USB HID core driver
[STDERR  ] 2018-01-17T18:50:14.02292098Z: [   23.559416] hv_utils: Registering HyperV Utility Driver
[STDERR  ] 2018-01-17T18:50:14.022927112Z: [   23.559668] hv_vmbus: registering driver hv_util
[STDERR  ] 2018-01-17T18:50:14.022933626Z: [   23.559946] hv_vmbus: registering driver hv_balloon
[STDERR  ] 2018-01-17T18:50:14.022939974Z: [   23.560945] oprofile: using NMI interrupt.
[STDERR  ] 2018-01-17T18:50:14.022945778Z: [   23.561914] GACT probability on
[STDERR  ] 2018-01-17T18:50:14.02295182Z: [   23.562380] Mirror/redirect action on
[STDERR  ] 2018-01-17T18:50:14.022957812Z: [   23.563133] Simple TC action Loaded
[STDERR  ] 2018-01-17T18:50:14.022963528Z: [   23.563650] u32 classifier
[STDERR  ] 2018-01-17T18:50:14.022970477Z: [   23.563835]     Performance counters on
[STDERR  ] 2018-01-17T18:50:14.022976408Z: [   23.564057]     input device check on
[STDERR  ] 2018-01-17T18:50:14.022985468Z: [   23.564324]     Actions configured
[STDERR  ] 2018-01-17T18:50:14.022991383Z: [   23.564905] Netfilter messages via NETLINK v0.30.
[STDERR  ] 2018-01-17T18:50:14.022997322Z: [   23.565391] nfnl_acct: registering with nfnetlink.
[STDERR  ] 2018-01-17T18:50:14.023003586Z: [   23.566680] nf_conntrack version 0.5.0 (16384 buckets, 65536 max)
[STDERR  ] 2018-01-17T18:50:14.023009893Z: [   23.569614] ctnetlink v0.93: registering with nfnetlink.
[STDERR  ] 2018-01-17T18:50:14.023015863Z: [   23.573863] nf_tables: (c) 2007-2009 Patrick McHardy <kaber@trash.net>
[STDERR  ] 2018-01-17T18:50:14.023022325Z: [   23.574671] nf_tables_compat: (c) 2012 Pablo Neira Ayuso <pablo@netfilter.org>
[STDERR  ] 2018-01-17T18:50:14.023028783Z: [   23.576711] xt_time: kernel timezone is -0000
[STDERR  ] 2018-01-17T18:50:14.023034773Z: [   23.577173] ip_set: protocol 6
[STDERR  ] 2018-01-17T18:50:14.023040977Z: [   23.577773] IPVS: Registered protocols (TCP, UDP, SCTP, AH, ESP)
[STDERR  ] 2018-01-17T18:50:14.023047434Z: [   23.578353] IPVS: Connection hash table configured (size=4096, memory=64Kbytes)
[STDERR  ] 2018-01-17T18:50:14.023053518Z: [   23.579892] IPVS: Creating netns size=2104 id=0
[STDERR  ] 2018-01-17T18:50:14.023059418Z: [   23.583033] IPVS: ipvs loaded.
[STDERR  ] 2018-01-17T18:50:14.023065108Z: [   23.583363] IPVS: [rr] scheduler registered.
[STDERR  ] 2018-01-17T18:50:14.023070966Z: [   23.583722] IPVS: [wrr] scheduler registered.
[STDERR  ] 2018-01-17T18:50:14.023079529Z: [   23.583957] IPVS: [lc] scheduler registered.
[STDERR  ] 2018-01-17T18:50:14.023085425Z: [   23.584224] IPVS: [wlc] scheduler registered.
[STDERR  ] 2018-01-17T18:50:14.023091154Z: [   23.584491] IPVS: [fo] scheduler registered.
[STDERR  ] 2018-01-17T18:50:14.023096712Z: [   23.584745] IPVS: [ovf] scheduler registered.
[STDERR  ] 2018-01-17T18:50:14.023102328Z: [   23.585151] IPVS: [lblc] scheduler registered.
[STDERR  ] 2018-01-17T18:50:14.023108171Z: [   23.585558] IPVS: [lblcr] scheduler registered.
[STDERR  ] 2018-01-17T18:50:14.023113717Z: [   23.585835] IPVS: [dh] scheduler registered.
[STDERR  ] 2018-01-17T18:50:14.023119325Z: [   23.586094] IPVS: [sh] scheduler registered.
[STDERR  ] 2018-01-17T18:50:14.023129303Z: [   23.586367] IPVS: [sed] scheduler registered.
[STDERR  ] 2018-01-17T18:50:14.023135038Z: [   23.586604] IPVS: [nq] scheduler registered.
[STDERR  ] 2018-01-17T18:50:14.023140645Z: [   23.587293] IPVS: ftp: loaded support on port[0] = 21
[STDERR  ] 2018-01-17T18:50:14.023146829Z: [   23.587951] ipip: IPv4 and MPLS over IPv4 tunneling driver
[STDERR  ] 2018-01-17T18:50:14.02315268Z: [   23.591826] gre: GRE over IPv4 demultiplexor driver
[STDERR  ] 2018-01-17T18:50:14.023158393Z: [   23.594367] ip_tables: (C) 2000-2006 Netfilter Core Team
[STDERR  ] 2018-01-17T18:50:14.023164193Z: [   23.597270] ipt_CLUSTERIP: ClusterIP Version 0.8 loaded successfully
[STDERR  ] 2018-01-17T18:50:14.023170311Z: [   23.597879] arp_tables: arp_tables: (C) 2002 David S. Miller
[STDERR  ] 2018-01-17T18:50:14.023176153Z: [   23.600012] NET: Registered protocol family 10
[STDERR  ] 2018-01-17T18:50:14.023186068Z: [   23.608972] ip6_tables: (C) 2000-2006 Netfilter Core Team
[STDERR  ] 2018-01-17T18:50:14.023191714Z: [   23.616403] NET: Registered protocol family 17
[STDERR  ] 2018-01-17T18:50:14.023197597Z: [   23.617388] Bridge firewalling registered
[STDERR  ] 2018-01-17T18:50:14.023203371Z: [   23.617867] Ebtables v2.0 registered
[STDERR  ] 2018-01-17T18:50:14.023209106Z: [   23.619635] 8021q: 802.1Q VLAN Support v1.8
[STDERR  ] 2018-01-17T18:50:14.023214971Z: [   23.621374] 9pnet: Installing 9P2000 support
[STDERR  ] 2018-01-17T18:50:14.023220728Z: [   23.622704] Key type dns_resolver registered
[STDERR  ] 2018-01-17T18:50:14.023227749Z: [   23.623532] microcode: AMD CPU family 0x6 not supported
[STDERR  ] 2018-01-17T18:50:14.023234089Z: [   23.626590] registered taskstats version 1
[STDERR  ] 2018-01-17T18:50:14.023239705Z: [   23.780548] Key type big_key registered
[STDERR  ] 2018-01-17T18:50:14.023245528Z: [   23.843984] ata4: SATA link down (SStatus 0 SControl 300)
[STDERR  ] 2018-01-17T18:50:14.023254689Z: [   23.848290] ata3: SATA link up 1.5 Gbps (SStatus 113 SControl 300)
[STDERR  ] 2018-01-17T18:50:14.023261097Z: [   23.850922] ata2: SATA link down (SStatus 0 SControl 300)
[STDERR  ] 2018-01-17T18:50:14.023267309Z: [   23.851347] ata1: SATA link up 1.5 Gbps (SStatus 113 SControl 300)
[STDERR  ] 2018-01-17T18:50:14.023273566Z: [   23.853238] ata1.00: ATA-7: QEMU HARDDISK, 2.5+, max UDMA/100
[STDERR  ] 2018-01-17T18:50:14.023279737Z: [   23.853567] ata1.00: 4194304 sectors, multi 16: LBA48 NCQ (depth 31/32)
[STDERR  ] 2018-01-17T18:50:14.023285572Z: [   23.854060] ata1.00: applying bridge limits
[STDERR  ] 2018-01-17T18:50:14.023291372Z: [   23.855689] ata1.00: configured for UDMA/100
[STDERR  ] 2018-01-17T18:50:14.023297288Z: [   23.857667] ata5: SATA link down (SStatus 0 SControl 300)
[STDERR  ] 2018-01-17T18:50:14.023303353Z: [   23.858122] ata6: SATA link down (SStatus 0 SControl 300)
[STDERR  ] 2018-01-17T18:50:14.023309088Z: [   23.859181] ata3.00: ATAPI: QEMU DVD-ROM, 2.5+, max UDMA/100
[STDERR  ] 2018-01-17T18:50:14.023315034Z: [   23.859547] ata3.00: applying bridge limits
[STDERR  ] 2018-01-17T18:50:14.023320672Z: [   23.860452] ata3.00: configured for UDMA/100
[STDERR  ] 2018-01-17T18:50:14.023326543Z: [   23.879501] scsi 0:0:0:0: Direct-Access     ATA      QEMU HARDDISK    2.5+ PQ: 0 ANSI: 5
[STDERR  ] 2018-01-17T18:50:14.023335551Z: [   23.893543] sd 0:0:0:0: [sda] 4194304 512-byte logical blocks: (2.15 GB/2.00 GiB)
[STDERR  ] 2018-01-17T18:50:14.02334168Z: [   23.896416] sd 0:0:0:0: Attached scsi generic sg0 type 0
[STDERR  ] 2018-01-17T18:50:14.023347473Z: [   23.897776] sd 0:0:0:0: [sda] Write Protect is off
[STDERR  ] 2018-01-17T18:50:14.023353112Z: [   23.898765] sd 0:0:0:0: [sda] Write cache: enabled, read cache: enabled, doesn't support DPO or FUA
[STDERR  ] 2018-01-17T18:50:14.023358829Z: [   23.911660] scsi 2:0:0:0: CD-ROM            QEMU     QEMU DVD-ROM     2.5+ PQ: 0 ANSI: 5
[STDERR  ] 2018-01-17T18:50:14.023364638Z: [   23.933055] sr 2:0:0:0: [sr0] scsi3-mmc drive: 4x/4x cd/rw xa/form2 tray
[STDERR  ] 2018-01-17T18:50:14.023370902Z: [   23.933754] cdrom: Uniform CD-ROM driver Revision: 3.20
[STDERR  ] 2018-01-17T18:50:14.023377431Z: [   23.943762] sr 2:0:0:0: Attached scsi generic sg1 type 5
[STDERR  ] 2018-01-17T18:50:14.02338376Z: [   23.964569] sd 0:0:0:0: [sda] Attached SCSI disk
[STDERR  ] 2018-01-17T18:50:14.023389689Z: [   23.973863] Key type encrypted registered
[STDERR  ] 2018-01-17T18:50:14.023395374Z: [   23.977606] rtc_cmos 00:00: setting system clock to 2018-01-17 18:42:19 UTC (1516214539)
[STDERR  ] 2018-01-17T18:50:14.023401238Z: [   24.112917] Freeing unused kernel memory: 1396K
[STDERR  ] 2018-01-17T18:50:14.02340706Z: [   24.113297] Write protecting the kernel read-only data: 12288k
[STDERR  ] 2018-01-17T18:50:14.023413212Z: [   24.119233] Freeing unused kernel memory: 124K
[STDERR  ] 2018-01-17T18:50:14.023423831Z: [   24.209689] Freeing unused kernel memory: 1396K
[STDERR  ] 2018-01-17T18:50:14.023433963Z: [   24.240626] tsc: Refined TSC clocksource calibration: 2300.000 MHz
[STDERR  ] 2018-01-17T18:50:14.023440348Z: [   24.241181] clocksource: tsc: mask: 0xffffffffffffffff max_cycles: 0x212735223b2, max_idle_ns: 440795277976 ns
[STDERR  ] 2018-01-17T18:50:14.023446882Z: [   25.253985] clocksource: Switched to clocksource tsc
[STDERR  ] 2018-01-17T18:50:14.023452546Z: 
[STDERR  ] 2018-01-17T18:50:14.02346676Z: Welcome to LinuxKit
[STDERR  ] 2018-01-17T18:50:14.023472738Z: 
[STDERR  ] 2018-01-17T18:50:14.0234786Z:                         ##         .
[STDERR  ] 2018-01-17T18:50:14.0234848Z:                   ## ## ##        ==
[STDERR  ] 2018-01-17T18:50:14.023491269Z:                ## ## ## ## ##    ===
[STDERR  ] 2018-01-17T18:50:14.023497217Z:            /"""""""""""""""""\___/ ===
[STDERR  ] 2018-01-17T18:50:14.023503165Z:           {                       /  ===-
[STDERR  ] 2018-01-17T18:50:14.023508978Z:            \______ O           __/
[STDERR  ] 2018-01-17T18:50:14.023518009Z:              \    \         __/
[STDERR  ] 2018-01-17T18:50:14.023524106Z:               \____\_______/
[STDERR  ] 2018-01-17T18:50:14.023530285Z: 
[STDERR  ] 2018-01-17T18:50:14.023536174Z: [   65.809585] 8021q: adding VLAN 0 to HW filter on device eth0
[STDERR  ] 2018-01-17T18:50:14.023542092Z: eth0: waiting for carrier
[STDERR  ] 2018-01-17T18:50:14.023548045Z: eth0: carrier acquired
[STDERR  ] 2018-01-17T18:50:14.023553845Z: DUID 00:01:00:01:21:f2:55:b4:da:93:c4:81:41:6a
[STDERR  ] 2018-01-17T18:50:14.023559531Z: eth0: IAID c4:81:41:6a
[STDERR  ] 2018-01-17T18:50:14.02356534Z: eth0: adding address fe80::2e2a:1b82:c48:4ee1
[STDERR  ] 2018-01-17T18:50:14.023571048Z: eth0: soliciting an IPv6 router
[STDERR  ] 2018-01-17T18:50:14.023576793Z: eth0: soliciting a DHCP lease
[STDERR  ] 2018-01-17T18:50:14.023582486Z: eth0: offered 10.0.2.15 from 10.0.2.2
[STDERR  ] 2018-01-17T18:50:14.023588338Z: eth0: leased 10.0.2.15 for 86400 seconds
[STDERR  ] 2018-01-17T18:50:14.023598493Z: eth0: adding route to 10.0.2.0/24
[STDERR  ] 2018-01-17T18:50:14.023604433Z: eth0: adding default route via 10.0.2.2
[STDERR  ] 2018-01-17T18:50:14.023610112Z: exiting due to oneshot
[STDERR  ] 2018-01-17T18:50:14.02361574Z: dhcpcd exited
[STDERR  ] 2018-01-17T18:50:14.023621852Z: [   67.636020] IPVS: Creating netns size=2104 id=1
[STDERR  ] 2018-01-17T18:50:14.023627808Z: [   67.636383] IPVS: ftp: loaded support on port[0] = 21
[STDERR  ] 2018-01-17T18:50:14.023636698Z: 2018/01/17 18:43:03 Creating partition on /dev/sda
[STDERR  ] 2018-01-17T18:50:14.023642633Z: [   68.736070]  sda:
[STDERR  ] 2018-01-17T18:50:14.023648668Z: [   68.804701]  sda:
[STDERR  ] 2018-01-17T18:50:14.02365472Z: [   68.861182]  sda: sda1
[STDERR  ] 2018-01-17T18:50:14.023660393Z: [   68.920721]  sda: sda1
[STDERR  ] 2018-01-17T18:50:14.023666125Z: 2018/01/17 18:43:06 Partition /dev/sda1 successfully created!
[STDERR  ] 2018-01-17T18:50:14.023672352Z: [   71.783315] IPVS: Creating netns size=2104 id=2
[STDERR  ] 2018-01-17T18:50:14.023678183Z: [   71.783582] IPVS: ftp: loaded support on port[0] = 21
[STDERR  ] 2018-01-17T18:50:14.023684437Z: [   72.753393] EXT4-fs (sda1): couldn't mount as ext3 due to feature incompatibilities
[STDERR  ] 2018-01-17T18:50:14.023694423Z: [   72.761228] EXT4-fs (sda1): couldn't mount as ext2 due to feature incompatibilities
[STDERR  ] 2018-01-17T18:50:14.023700371Z: [   72.783379] EXT4-fs (sda1): mounted filesystem with ordered data mode. Opts: (null)
[STDERR  ] 2018-01-17T18:50:14.023706088Z: v1.0.1-rc.0
[STDERR  ] 2018-01-17T18:50:14.023712085Z: 1549ddad67adc43024f817b542144908627466f2
[STDERR  ] 2018-01-17T18:50:14.0237178Z:  root-test
[STDERR  ] 2018-01-17T18:50:14.02372392Z: ok  	github.com/containerd/containerd/archive	2.172s
[STDERR  ] 2018-01-17T18:50:14.023729792Z: [  180.543380] XFS (loop0): Mounting V4 Filesystem
[STDERR  ] 2018-01-17T18:50:14.02373568Z: [  180.577934] XFS (loop0): Ending clean mount
[STDERR  ] 2018-01-17T18:50:14.023741483Z: [  180.644227] XFS (loop0): Unmounting Filesystem
[STDERR  ] 2018-01-17T18:50:14.023748857Z: [  181.289641] XFS (loop0): Mounting V4 Filesystem
[STDERR  ] 2018-01-17T18:50:14.023754702Z: [  181.317185] XFS (loop0): Ending clean mount
[STDERR  ] 2018-01-17T18:50:14.023760452Z: [  181.334713] XFS (loop0): Unmounting Filesystem
[STDERR  ] 2018-01-17T18:50:14.023766192Z: ok  	github.com/containerd/containerd/fs	2.113s
[STDERR  ] 2018-01-17T18:50:14.023772002Z: ok  	github.com/containerd/containerd/metadata	5.456s
[STDERR  ] 2018-01-17T18:50:14.023778126Z: [  355.500129] XFS (loop2): Mounting V5 Filesystem
[STDERR  ] 2018-01-17T18:50:14.02378818Z: [  355.535157] XFS (loop2): Ending clean mount
[STDERR  ] 2018-01-17T18:50:14.023794113Z: [  355.658205] XFS (loop2): Unmounting Filesystem
[STDERR  ] 2018-01-17T18:50:14.023799998Z: ok  	github.com/containerd/containerd/mount/lookup_test	1.141s
[STDERR  ] 2018-01-17T18:50:14.023806173Z: [  387.050802] raid6: sse2x1   gen()   479 MB/s
[STDERR  ] 2018-01-17T18:50:14.02381184Z: [  387.220241] raid6: sse2x1   xor()   247 MB/s
[STDERR  ] 2018-01-17T18:50:14.023820431Z: [  387.390334] raid6: sse2x2   gen()   420 MB/s
[STDERR  ] 2018-01-17T18:50:14.023826582Z: [  387.560268] raid6: sse2x2   xor()   287 MB/s
[STDERR  ] 2018-01-17T18:50:14.023832346Z: [  387.730258] raid6: sse2x4   gen()   531 MB/s
[STDERR  ] 2018-01-17T18:50:14.023837997Z: [  387.900236] raid6: sse2x4   xor()   311 MB/s
[STDERR  ] 2018-01-17T18:50:14.02384378Z: [  387.900827] raid6: using algorithm sse2x4 gen() 531 MB/s
[STDERR  ] 2018-01-17T18:50:14.023849937Z: [  387.901223] raid6: .... xor() 311 MB/s, rmw enabled
[STDERR  ] 2018-01-17T18:50:14.02385558Z: [  387.901731] raid6: using intx1 recovery algorithm
[STDERR  ] 2018-01-17T18:50:14.023861526Z: [  387.921859] xor: measuring software checksum speed
[STDERR  ] 2018-01-17T18:50:14.023867186Z: [  388.020234]    prefetch64-sse:   748.000 MB/sec
[STDERR  ] 2018-01-17T18:50:14.02387306Z: [  388.120227]    generic_sse:   729.600 MB/sec
[STDERR  ] 2018-01-17T18:50:14.023878882Z: [  388.120801] xor: using function: prefetch64-sse (748.000 MB/sec)
[STDERR  ] 2018-01-17T18:50:14.023884813Z: [  388.279585] Btrfs loaded, crc32c=crc32c-generic
[STDERR  ] 2018-01-17T18:50:14.023890485Z: [  388.287573] BTRFS: device fsid bb8c834d-3104-4261-ab78-9e895a880b8c devid 1 transid 5 /dev/loop2
[STDERR  ] 2018-01-17T18:50:14.023896551Z: [  388.322075] BTRFS info (device loop2): disk space caching is enabled
[STDERR  ] 2018-01-17T18:50:14.023902798Z: [  388.322763] BTRFS info (device loop2): has skinny extents
[STDERR  ] 2018-01-17T18:50:14.023911182Z: [  388.323111] BTRFS info (device loop2): flagging fs with big metadata feature
[STDERR  ] 2018-01-17T18:50:14.023917417Z: [  388.369796] BTRFS info (device loop2): creating UUID tree
[STDERR  ] 2018-01-17T18:50:14.02392428Z: [  389.982512] BTRFS: device fsid 29010f4c-1e5c-438d-af01-a3eea2756d06 devid 1 transid 5 /dev/loop2
[STDERR  ] 2018-01-17T18:50:14.023930192Z: [  390.133290] BTRFS info (device loop2): disk space caching is enabled
[STDERR  ] 2018-01-17T18:50:14.023935989Z: [  390.133813] BTRFS info (device loop2): has skinny extents
[STDERR  ] 2018-01-17T18:50:14.023942294Z: [  390.134073] BTRFS info (device loop2): flagging fs with big metadata feature
[STDERR  ] 2018-01-17T18:50:14.023948568Z: [  390.164401] BTRFS info (device loop2): creating UUID tree
[STDERR  ] 2018-01-17T18:50:14.0239543Z: [  391.032182] BTRFS: device fsid d351d8ce-5a7b-49a6-b6a3-6d1d26463293 devid 1 transid 5 /dev/loop2
[STDERR  ] 2018-01-17T18:50:14.023960706Z: [  391.183589] BTRFS info (device loop2): disk space caching is enabled
[STDERR  ] 2018-01-17T18:50:14.023966882Z: [  391.184093] BTRFS info (device loop2): has skinny extents
[STDERR  ] 2018-01-17T18:50:14.023972662Z: [  391.184436] BTRFS info (device loop2): flagging fs with big metadata feature
[STDERR  ] 2018-01-17T18:50:14.023978373Z: [  391.215139] BTRFS info (device loop2): creating UUID tree
[STDERR  ] 2018-01-17T18:50:14.023984146Z: [  392.182117] BTRFS: device fsid babdcaf7-f3a5-4df4-8d8e-58e60b858e20 devid 1 transid 5 /dev/loop2
[STDERR  ] 2018-01-17T18:50:14.023989898Z: [  392.333256] BTRFS info (device loop2): disk space caching is enabled
[STDERR  ] 2018-01-17T18:50:14.024000986Z: [  392.333778] BTRFS info (device loop2): has skinny extents
[STDERR  ] 2018-01-17T18:50:14.024006945Z: [  392.334131] BTRFS info (device loop2): flagging fs with big metadata feature
[STDERR  ] 2018-01-17T18:50:14.024013246Z: [  392.364587] BTRFS info (device loop2): creating UUID tree
[STDERR  ] 2018-01-17T18:50:14.024018963Z: [  393.392190] BTRFS: device fsid d0b1526a-953b-44e0-a308-760c9acc977c devid 1 transid 5 /dev/loop2
[STDERR  ] 2018-01-17T18:50:14.024024883Z: [  393.543349] BTRFS info (device loop2): disk space caching is enabled
[STDERR  ] 2018-01-17T18:50:14.024030808Z: [  393.543839] BTRFS info (device loop2): has skinny extents
[STDERR  ] 2018-01-17T18:50:14.024037063Z: [  393.544162] BTRFS info (device loop2): flagging fs with big metadata feature
[STDERR  ] 2018-01-17T18:50:14.02404272Z: [  393.574704] BTRFS info (device loop2): creating UUID tree
[STDERR  ] 2018-01-17T18:50:14.024051925Z: [  394.372191] BTRFS: device fsid 018ecb1c-a617-482d-8d74-39e422790274 devid 1 transid 5 /dev/loop2
[STDERR  ] 2018-01-17T18:50:14.02405788Z: [  394.523202] BTRFS info (device loop2): disk space caching is enabled
[STDERR  ] 2018-01-17T18:50:14.0240638Z: [  394.523740] BTRFS info (device loop2): has skinny extents
[STDERR  ] 2018-01-17T18:50:14.024070058Z: [  394.524143] BTRFS info (device loop2): flagging fs with big metadata feature
[STDERR  ] 2018-01-17T18:50:14.02407598Z: [  394.554197] BTRFS info (device loop2): creating UUID tree
[STDERR  ] 2018-01-17T18:50:14.0240818Z: [  395.922139] BTRFS: device fsid 69efb446-fdce-4a3f-8818-1d6b1846cd64 devid 1 transid 5 /dev/loop2
[STDERR  ] 2018-01-17T18:50:14.024087691Z: [  396.073258] BTRFS info (device loop2): disk space caching is enabled
[STDERR  ] 2018-01-17T18:50:14.024093834Z: [  396.073691] BTRFS info (device loop2): has skinny extents
[STDERR  ] 2018-01-17T18:50:14.024099553Z: [  396.074064] BTRFS info (device loop2): flagging fs with big metadata feature
[STDERR  ] 2018-01-17T18:50:14.024106062Z: [  396.103965] BTRFS info (device loop2): creating UUID tree
[STDERR  ] 2018-01-17T18:50:14.024111833Z: [  397.902001] BTRFS: device fsid 80aa1711-1499-4356-972f-fcaccf780014 devid 1 transid 5 /dev/loop2
[STDERR  ] 2018-01-17T18:50:14.02411766Z: [  398.053167] BTRFS info (device loop2): disk space caching is enabled
[STDERR  ] 2018-01-17T18:50:14.024125349Z: [  398.053610] BTRFS info (device loop2): has skinny extents
[STDERR  ] 2018-01-17T18:50:14.024134205Z: [  398.053996] BTRFS info (device loop2): flagging fs with big metadata feature
[STDERR  ] 2018-01-17T18:50:14.024140658Z: [  398.084185] BTRFS info (device loop2): creating UUID tree
[STDERR  ] 2018-01-17T18:50:14.024146333Z: [  399.352187] BTRFS: device fsid 2a944b06-ad7c-4c49-a1aa-8311f95393fa devid 1 transid 5 /dev/loop2
[STDERR  ] 2018-01-17T18:50:14.024152272Z: [  399.503259] BTRFS info (device loop2): disk space caching is enabled
[STDERR  ] 2018-01-17T18:50:14.02415808Z: [  399.503711] BTRFS info (device loop2): has skinny extents
[STDERR  ] 2018-01-17T18:50:14.024163986Z: [  399.504084] BTRFS info (device loop2): flagging fs with big metadata feature
[STDERR  ] 2018-01-17T18:50:14.024169591Z: [  399.533608] BTRFS info (device loop2): creating UUID tree
[STDERR  ] 2018-01-17T18:50:14.024176158Z: [  401.342109] BTRFS: device fsid 345fb53a-4a9e-4d0a-86a2-2407e81713b5 devid 1 transid 5 /dev/loop2
[STDERR  ] 2018-01-17T18:50:14.024181945Z: [  401.493349] BTRFS info (device loop2): disk space caching is enabled
[STDERR  ] 2018-01-17T18:50:14.024187617Z: [  401.493768] BTRFS info (device loop2): has skinny extents
[STDERR  ] 2018-01-17T18:50:14.024197793Z: [  401.494239] BTRFS info (device loop2): flagging fs with big metadata feature
[STDERR  ] 2018-01-17T18:50:14.024203829Z: [  401.524624] BTRFS info (device loop2): creating UUID tree
[STDERR  ] 2018-01-17T18:50:14.024209543Z: [  403.052127] BTRFS: device fsid 04975e3a-0c48-4f33-9207-a015302add42 devid 1 transid 5 /dev/loop2
[STDERR  ] 2018-01-17T18:50:14.024215546Z: [  403.213225] BTRFS info (device loop2): disk space caching is enabled
[STDERR  ] 2018-01-17T18:50:14.024221813Z: [  403.213862] BTRFS info (device loop2): has skinny extents
[STDERR  ] 2018-01-17T18:50:14.024228133Z: [  403.214246] BTRFS info (device loop2): flagging fs with big metadata feature
[STDERR  ] 2018-01-17T18:50:14.02423438Z: [  403.243997] BTRFS info (device loop2): creating UUID tree
[STDERR  ] 2018-01-17T18:50:14.02424046Z: [  405.092107] BTRFS: device fsid 0b1a632b-84c0-40cd-bedd-99f28f916bf1 devid 1 transid 5 /dev/loop2
[STDERR  ] 2018-01-17T18:50:14.02425672Z: [  405.253341] BTRFS info (device loop2): disk space caching is enabled
[STDERR  ] 2018-01-17T18:50:14.02426374Z: [  405.253799] BTRFS info (device loop2): has skinny extents
[STDERR  ] 2018-01-17T18:50:14.024269566Z: [  405.254190] BTRFS info (device loop2): flagging fs with big metadata feature
[STDERR  ] 2018-01-17T18:50:14.024275626Z: [  405.285104] BTRFS info (device loop2): creating UUID tree
[STDERR  ] 2018-01-17T18:50:14.024285131Z: [  411.542165] BTRFS: device fsid 98b202a2-c660-4075-9e59-36b38c4276c7 devid 1 transid 5 /dev/loop2
[STDERR  ] 2018-01-17T18:50:14.024291183Z: [  411.693381] BTRFS info (device loop2): disk space caching is enabled
[STDERR  ] 2018-01-17T18:50:14.024296902Z: [  411.693830] BTRFS info (device loop2): has skinny extents
[STDERR  ] 2018-01-17T18:50:14.024303168Z: [  411.694192] BTRFS info (device loop2): flagging fs with big metadata feature
[STDERR  ] 2018-01-17T18:50:14.0243093Z: [  411.725037] BTRFS info (device loop2): creating UUID tree
[STDERR  ] 2018-01-17T18:50:14.024315751Z: [  413.052128] BTRFS: device fsid 7e8a3d3a-6967-4800-91c3-37aaa441c320 devid 1 transid 5 /dev/loop2
[STDERR  ] 2018-01-17T18:50:14.024363334Z: [  413.203265] BTRFS info (device loop2): disk space caching is enabled
[STDERR  ] 2018-01-17T18:50:14.02437458Z: [  413.203692] BTRFS info (device loop2): has skinny extents
[STDERR  ] 2018-01-17T18:50:14.02438104Z: [  413.204008] BTRFS info (device loop2): flagging fs with big metadata feature
[STDERR  ] 2018-01-17T18:50:14.024388183Z: [  413.233313] BTRFS info (device loop2): creating UUID tree
[STDERR  ] 2018-01-17T18:50:14.02439412Z: [  415.102026] BTRFS: device fsid 3413da37-0497-43bc-9e99-940dbb2d9faf devid 1 transid 5 /dev/loop2
[STDERR  ] 2018-01-17T18:50:14.024400014Z: [  415.253298] BTRFS info (device loop2): disk space caching is enabled
[STDERR  ] 2018-01-17T18:50:14.024410073Z: [  415.253811] BTRFS info (device loop2): has skinny extents
[STDERR  ] 2018-01-17T18:50:14.024426492Z: [  415.254203] BTRFS info (device loop2): flagging fs with big metadata feature
[STDERR  ] 2018-01-17T18:50:14.024433554Z: [  415.284592] BTRFS info (device loop2): creating UUID tree
[STDERR  ] 2018-01-17T18:50:14.024439431Z: [  416.382232] BTRFS: device fsid 44abeb5a-6a4f-4e3d-867e-01fe7af5e6b0 devid 1 transid 5 /dev/loop2
[STDERR  ] 2018-01-17T18:50:14.024445528Z: [  416.533462] BTRFS info (device loop2): disk space caching is enabled
[STDERR  ] 2018-01-17T18:50:14.024451857Z: [  416.533876] BTRFS info (device loop2): has skinny extents
[STDERR  ] 2018-01-17T18:50:14.02446422Z: [  416.534265] BTRFS info (device loop2): flagging fs with big metadata feature
[STDERR  ] 2018-01-17T18:50:14.024470732Z: [  416.564310] BTRFS info (device loop2): creating UUID tree
[STDERR  ] 2018-01-17T18:50:14.024477193Z: [  417.732500] BTRFS: device fsid f6d2fac3-7acf-49d4-8a59-0245816806b9 devid 1 transid 5 /dev/loop2
[STDERR  ] 2018-01-17T18:50:14.024488317Z: [  417.883322] BTRFS info (device loop2): disk space caching is enabled
[STDERR  ] 2018-01-17T18:50:14.02449468Z: [  417.883794] BTRFS info (device loop2): has skinny extents
[STDERR  ] 2018-01-17T18:50:14.024501125Z: [  417.884150] BTRFS info (device loop2): flagging fs with big metadata feature
[STDERR  ] 2018-01-17T18:50:14.024507149Z: [  417.913796] BTRFS info (device loop2): creating UUID tree
[STDERR  ] 2018-01-17T18:50:14.024518163Z: [  418.832064] BTRFS: device fsid 046e0a03-9e6a-45fd-8afc-f202f529b4fa devid 1 transid 5 /dev/loop2
[STDERR  ] 2018-01-17T18:50:14.024524077Z: [  418.983347] BTRFS info (device loop2): disk space caching is enabled
[STDERR  ] 2018-01-17T18:50:14.024530177Z: [  418.983822] BTRFS info (device loop2): has skinny extents
[STDERR  ] 2018-01-17T18:50:14.024535931Z: [  418.984172] BTRFS info (device loop2): flagging fs with big metadata feature
[STDERR  ] 2018-01-17T18:50:14.024542278Z: [  419.013803] BTRFS info (device loop2): creating UUID tree
[STDERR  ] 2018-01-17T18:50:14.024547858Z: [  419.882247] BTRFS: device fsid 39d912e3-59cc-4d15-9268-5fbd12f09b3d devid 1 transid 5 /dev/loop2
[STDERR  ] 2018-01-17T18:50:14.024556191Z: [  420.033421] BTRFS info (device loop2): disk space caching is enabled
[STDERR  ] 2018-01-17T18:50:14.024562665Z: [  420.033901] BTRFS info (device loop2): has skinny extents
[STDERR  ] 2018-01-17T18:50:14.024568405Z: [  420.034194] BTRFS info (device loop2): flagging fs with big metadata feature
[STDERR  ] 2018-01-17T18:50:14.024574383Z: [  420.063902] BTRFS info (device loop2): creating UUID tree
[STDERR  ] 2018-01-17T18:50:14.024584052Z: ok  	github.com/containerd/containerd/snapshots/btrfs	34.768s
[STDERR  ] 2018-01-17T18:50:14.024590125Z: ok  	github.com/containerd/containerd/snapshots/naive	4.622s
[STDERR  ] 2018-01-17T18:50:14.024596018Z: ok  	github.com/containerd/containerd/snapshots/overlay	4.550s
[STDERR  ] 2018-01-17T18:50:14.02460158Z: containerd test suite PASSED
[STDERR  ] 2018-01-17T18:50:14.024607791Z: [  498.098549] sd 0:0:0:0: [sda] Synchronizing SCSI cache
[STDERR  ] 2018-01-17T18:50:14.024613565Z: [  498.101304] sd 0:0:0:0: [sda] Stopping disk
[STDERR  ] 2018-01-17T18:50:14.02461936Z: [  498.105113] ACPI: Preparing to enter system sleep state S5
[STDERR  ] 2018-01-17T18:50:14.024625103Z: [  498.107765] reboot: Power down
[STDERR  ] 2018-01-17T18:50:14.024631774Z: + echo [    0.000000] Linux version 4.9.76-linuxkit (root@0fd4445ddb08) (gcc version 6.4.0 (Alpine 6.4.0) ) #1 SMP Mon Jan 15 16:57:48 UTC 2018
[STDERR  ] 2018-01-17T18:50:14.02463804Z: [    0.000000] Command line: console=ttyS0 console=ttyAMA0
[STDERR  ] 2018-01-17T18:50:14.024643811Z: [    0.000000] x86/fpu: Legacy x87 FPU detected.
[STDERR  ] 2018-01-17T18:50:14.024649469Z: [    0.000000] x86/fpu: Using 'eager' FPU context switches.
[STDERR  ] 2018-01-17T18:50:14.024655426Z: [    0.000000] e820: BIOS-provided physical RAM map:
[STDERR  ] 2018-01-17T18:50:14.024660991Z: [    0.000000] BIOS-e820: [mem 0x0000000000000000-0x000000000009fbff] usable
[STDERR  ] 2018-01-17T18:50:14.02466958Z: [    0.000000] BIOS-e820: [mem 0x000000000009fc00-0x000000000009ffff] reserved
[STDERR  ] 2018-01-17T18:50:14.024679505Z: [    0.000000] BIOS-e820: [mem 0x00000000000f0000-0x00000000000fffff] reserved
[STDERR  ] 2018-01-17T18:50:14.02468618Z: [    0.000000] BIOS-e820: [mem 0x0000000000100000-0x000000007ffdefff] usable
[STDERR  ] 2018-01-17T18:50:14.024693292Z: [    0.000000] BIOS-e820: [mem 0x000000007ffdf000-0x000000007fffffff] reserved
[STDERR  ] 2018-01-17T18:50:14.024699813Z: [    0.000000] BIOS-e820: [mem 0x00000000b0000000-0x00000000bfffffff] reserved
[STDERR  ] 2018-01-17T18:50:14.024705709Z: [    0.000000] BIOS-e820: [mem 0x00000000fed1c000-0x00000000fed1ffff] reserved
[STDERR  ] 2018-01-17T18:50:14.024711485Z: [    0.000000] BIOS-e820: [mem 0x00000000fffc0000-0x00000000ffffffff] reserved
[STDERR  ] 2018-01-17T18:50:14.024717171Z: [    0.000000] NX (Execute Disable) protection: active
[STDERR  ] 2018-01-17T18:50:14.024722943Z: [    0.000000] SMBIOS 2.8 present.
[STDERR  ] 2018-01-17T18:50:14.024728997Z: [    0.000000] Kernel/User page tables isolation: disabled
[STDERR  ] 2018-01-17T18:50:14.024734593Z: [    0.000000] e820: last_pfn = 0x7ffdf max_arch_pfn = 0x400000000
[STDERR  ] 2018-01-17T18:50:14.024740328Z: [    0.000000] x86/PAT: Configuration [0-7]: WB  WC  UC- UC  WB  WC  UC- WT  
[STDERR  ] 2018-01-17T18:50:14.024745929Z: [    0.000000] found SMP MP-table at [mem 0x000f6aa0-0x000f6aaf] mapped at [ffff91d1c00f6aa0]
[STDERR  ] 2018-01-17T18:50:14.02475178Z: [    0.000000] RAMDISK: [mem 0x73502000-0x7ffcffff]
[STDERR  ] 2018-01-17T18:50:14.024757569Z: [    0.000000] ACPI: Early table checksum verification disabled
[STDERR  ] 2018-01-17T18:50:14.024763292Z: [    0.000000] ACPI: RSDP 0x00000000000F68B0 000014 (v00 BOCHS )
[STDERR  ] 2018-01-17T18:50:14.024768905Z: [    0.000000] ACPI: RSDT 0x000000007FFE20A8 000034 (v01 BOCHS  BXPCRSDT 00000001 BXPC 00000001)
[STDERR  ] 2018-01-17T18:50:14.024774631Z: [    0.000000] ACPI: FACP 0x000000007FFE1EC8 0000F4 (v03 BOCHS  BXPCFACP 00000001 BXPC 00000001)
[STDERR  ] 2018-01-17T18:50:14.024780237Z: [    0.000000] ACPI: DSDT 0x000000007FFE0040 001E88 (v01 BOCHS  BXPCDSDT 00000001 BXPC 00000001)
[STDERR  ] 2018-01-17T18:50:14.024785938Z: [    0.000000] ACPI: FACS 0x000000007FFE0000 000040
[STDERR  ] 2018-01-17T18:50:14.024791586Z: [    0.000000] ACPI: APIC 0x000000007FFE1FBC 000078 (v01 BOCHS  BXPCAPIC 00000001 BXPC 00000001)
[STDERR  ] 2018-01-17T18:50:14.024797253Z: [    0.000000] ACPI: HPET 0x000000007FFE2034 000038 (v01 BOCHS  BXPCHPET 00000001 BXPC 00000001)
[STDERR  ] 2018-01-17T18:50:14.0248061Z: [    0.000000] ACPI: MCFG 0x000000007FFE206C 00003C (v01 BOCHS  BXPCMCFG 00000001 BXPC 00000001)
[STDERR  ] 2018-01-17T18:50:14.024816337Z: [    0.000000] Zone ranges:
[STDERR  ] 2018-01-17T18:50:14.024822282Z: [    0.000000]   DMA      [mem 0x0000000000001000-0x0000000000ffffff]
[STDERR  ] 2018-01-17T18:50:14.024827962Z: [    0.000000]   DMA32    [mem 0x0000000001000000-0x000000007ffdefff]
[STDERR  ] 2018-01-17T18:50:14.024834Z: [    0.000000]   Normal   empty
[STDERR  ] 2018-01-17T18:50:14.024840011Z: [    0.000000] Movable zone start for each node
[STDERR  ] 2018-01-17T18:50:14.024845763Z: [    0.000000] Early memory node ranges
[STDERR  ] 2018-01-17T18:50:14.024851405Z: [    0.000000]   node   0: [mem 0x0000000000001000-0x000000000009efff]
[STDERR  ] 2018-01-17T18:50:14.024857503Z: [    0.000000]   node   0: [mem 0x0000000000100000-0x000000007ffdefff]
[STDERR  ] 2018-01-17T18:50:14.024863257Z: [    0.000000] Initmem setup node 0 [mem 0x0000000000001000-0x000000007ffdefff]
[STDERR  ] 2018-01-17T18:50:14.024868897Z: [    0.000000] ACPI: PM-Timer IO Port: 0x608
[STDERR  ] 2018-01-17T18:50:14.0248792Z: [    0.000000] ACPI: LAPIC_NMI (acpi_id[0xff] dfl dfl lint[0x1])
[STDERR  ] 2018-01-17T18:50:14.02488888Z: [    0.000000] IOAPIC[0]: apic_id 0, version 32, address 0xfec00000, GSI 0-23
[STDERR  ] 2018-01-17T18:50:14.024894818Z: [    0.000000] ACPI: INT_SRC_OVR (bus 0 bus_irq 0 global_irq 2 dfl dfl)
[STDERR  ] 2018-01-17T18:50:14.024907083Z: [    0.000000] ACPI: INT_SRC_OVR (bus 0 bus_irq 5 global_irq 5 high level)
[STDERR  ] 2018-01-17T18:50:14.024913058Z: [    0.000000] ACPI: INT_SRC_OVR (bus 0 bus_irq 9 global_irq 9 high level)
[STDERR  ] 2018-01-17T18:50:14.024919234Z: [    0.000000] ACPI: INT_SRC_OVR (bus 0 bus_irq 10 global_irq 10 high level)
[STDERR  ] 2018-01-17T18:50:14.024925968Z: [    0.000000] ACPI: INT_SRC_OVR (bus 0 bus_irq 11 global_irq 11 high level)
[STDERR  ] 2018-01-17T18:50:14.024932632Z: [    0.000000] Using ACPI (MADT) for SMP configuration information
[STDERR  ] 2018-01-17T18:50:14.024939872Z: [    0.000000] ACPI: HPET id: 0x8086a201 base: 0xfed00000
[STDERR  ] 2018-01-17T18:50:14.024945853Z: [    0.000000] smpboot: Allowing 1 CPUs, 0 hotplug CPUs
[STDERR  ] 2018-01-17T18:50:14.024951551Z: [    0.000000] e820: [mem 0xc0000000-0xfed1bfff] available for PCI devices
[STDERR  ] 2018-01-17T18:50:14.024957449Z: [    0.000000] Booting paravirtualized kernel on bare hardware
[STDERR  ] 2018-01-17T18:50:14.024963186Z: [    0.000000] clocksource: refined-jiffies: mask: 0xffffffff max_cycles: 0xffffffff, max_idle_ns: 19112604462750000 ns
[STDERR  ] 2018-01-17T18:50:14.02496914Z: [    0.000000] setup_percpu: NR_CPUS:128 nr_cpumask_bits:128 nr_cpu_ids:1 nr_node_ids:1
[STDERR  ] 2018-01-17T18:50:14.024974898Z: [    0.000000] percpu: Embedded 36 pages/cpu @ffff91d233200000 s106904 r8192 d32360 u2097152
[STDERR  ] 2018-01-17T18:50:14.02498064Z: [    0.000000] Built 1 zonelists in Zone order, mobility grouping on.  Total pages: 515944
[STDERR  ] 2018-01-17T18:50:14.024986305Z: [    0.000000] Kernel command line: console=ttyS0 console=ttyAMA0
[STDERR  ] 2018-01-17T18:50:14.02499196Z: [    0.000000] PID hash table entries: 4096 (order: 3, 32768 bytes)
[STDERR  ] 2018-01-17T18:50:14.024997658Z: [    0.000000] Dentry cache hash table entries: 262144 (order: 9, 2097152 bytes)
[STDERR  ] 2018-01-17T18:50:14.025003962Z: [    0.000000] Inode-cache hash table entries: 131072 (order: 8, 1048576 bytes)
[STDERR  ] 2018-01-17T18:50:14.025009657Z: [    0.000000] Memory: 1837116K/2096628K available (8053K kernel code, 1391K rwdata, 2700K rodata, 1396K init, 564K bss, 259512K reserved, 0K cma-reserved)
[STDERR  ] 2018-01-17T18:50:14.025015594Z: [    0.000000] Hierarchical RCU implementation.
[STDERR  ] 2018-01-17T18:50:14.025021254Z: [    0.000000] 	Build-time adjustment of leaf fanout to 64.
[STDERR  ] 2018-01-17T18:50:14.025027031Z: [    0.000000] 	RCU restricting CPUs from NR_CPUS=128 to nr_cpu_ids=1.
[STDERR  ] 2018-01-17T18:50:14.02503272Z: [    0.000000] RCU: Adjusting geometry for rcu_fanout_leaf=64, nr_cpu_ids=1
[STDERR  ] 2018-01-17T18:50:14.02504282Z: [    0.000000] NR_IRQS:8448 nr_irqs:256 16
[STDERR  ] 2018-01-17T18:50:14.025048632Z: [    0.000000] Console: colour VGA+ 80x25
[STDERR  ] 2018-01-17T18:50:14.025054378Z: [    0.000000] console [ttyS0] enabled
[STDERR  ] 2018-01-17T18:50:14.025060074Z: [    0.000000] clocksource: hpet: mask: 0xffffffff max_cycles: 0xffffffff, max_idle_ns: 19112604467 ns
[STDERR  ] 2018-01-17T18:50:14.025065886Z: [    0.000000] tsc: Fast TSC calibration using PIT
[STDERR  ] 2018-01-17T18:50:14.025071392Z: [    0.000000] tsc: Detected 2300.011 MHz processor
[STDERR  ] 2018-01-17T18:50:14.025077128Z: [    0.022253] Calibrating delay loop (skipped), value calculated using timer frequency.. 4600.02 BogoMIPS (lpj=23000110)
[STDERR  ] 2018-01-17T18:50:14.025082902Z: [    0.031106] pid_max: default: 32768 minimum: 301
[STDERR  ] 2018-01-17T18:50:14.025098222Z: [    0.032091] ACPI: Core revision 20160831
[STDERR  ] 2018-01-17T18:50:14.025107294Z: [    0.058368] ACPI: 1 ACPI AML tables successfully acquired and loaded
[STDERR  ] 2018-01-17T18:50:14.025116869Z: [    0.063224] Security Framework initialized
[STDERR  ] 2018-01-17T18:50:14.025125486Z: [    0.063602] Yama: becoming mindful.
[STDERR  ] 2018-01-17T18:50:14.025131349Z: [    0.065548] Mount-cache hash table entries: 4096 (order: 3, 32768 bytes)
[STDERR  ] 2018-01-17T18:50:14.025137632Z: [    0.066061] Mountpoint-cache hash table entries: 4096 (order: 3, 32768 bytes)
[STDERR  ] 2018-01-17T18:50:14.025147191Z: [    0.084914] Last level iTLB entries: 4KB 0, 2MB 0, 4MB 0
[STDERR  ] 2018-01-17T18:50:14.025152997Z: [    0.085373] Last level dTLB entries: 4KB 0, 2MB 0, 4MB 0, 1GB 0
[STDERR  ] 2018-01-17T18:50:14.025158785Z: [    0.413257] Freeing SMP alternatives memory: 20K
[STDERR  ] 2018-01-17T18:50:14.025164465Z: [    0.423116] ftrace: allocating 35552 entries in 139 pages
[STDERR  ] 2018-01-17T18:50:14.025170257Z: [    0.499886] smpboot: Max logical packages: 1
[STDERR  ] 2018-01-17T18:50:14.025175894Z: [    0.507039] ..TIMER: vector=0x30 apic1=0 pin1=2 apic2=-1 pin2=-1
[STDERR  ] 2018-01-17T18:50:14.025181573Z: [    0.610000] smpboot: CPU0: AMD QEMU Virtual CPU version 2.5+ (family: 0x6, model: 0x6, stepping: 0x3)
[STDERR  ] 2018-01-17T18:50:14.025187349Z: [    0.610000] Performance Events: PMU not available due to virtualization, using software events only.
[STDERR  ] 2018-01-17T18:50:14.025198Z: [    0.619120] NMI watchdog: disabled (cpu0): hardware events not enabled
[STDERR  ] 2018-01-17T18:50:14.02520436Z: [    0.619558] NMI watchdog: Shutting down hard lockup detector on all cpus
[STDERR  ] 2018-01-17T18:50:14.025210863Z: [    0.623339] x86: Booted up 1 node, 1 CPUs
[STDERR  ] 2018-01-17T18:50:14.025216603Z: [    0.623740] smpboot: Total of 1 processors activated (4600.02 BogoMIPS)
[STDERR  ] 2018-01-17T18:50:14.025222506Z: [    0.637383] devtmpfs: initialized
[STDERR  ] 2018-01-17T18:50:14.025228633Z: [    0.643611] x86/mm: Memory block size: 128MB
[STDERR  ] 2018-01-17T18:50:14.025234333Z: [    0.676409] clocksource: jiffies: mask: 0xffffffff max_cycles: 0xffffffff, max_idle_ns: 19112604462750000 ns
[STDERR  ] 2018-01-17T18:50:14.025240152Z: [    0.678677] futex hash table entries: 256 (order: 2, 16384 bytes)
[STDERR  ] 2018-01-17T18:50:14.025245918Z: [    0.686332] NET: Registered protocol family 16
[STDERR  ] 2018-01-17T18:50:14.025251577Z: [    0.694164] cpuidle: using governor ladder
[STDERR  ] 2018-01-17T18:50:14.025257268Z: [    0.694638] cpuidle: using governor menu
[STDERR  ] 2018-01-17T18:50:14.025262922Z: [    0.695719] ACPI: bus type PCI registered
[STDERR  ] 2018-01-17T18:50:14.025268598Z: [    0.698691] PCI: MMCONFIG for domain 0000 [bus 00-ff] at [mem 0xb0000000-0xbfffffff] (base 0xb0000000)
[STDERR  ] 2018-01-17T18:50:14.025274298Z: [    0.699395] PCI: MMCONFIG at [mem 0xb0000000-0xbfffffff] reserved in E820
[STDERR  ] 2018-01-17T18:50:14.025280122Z: [    0.700383] PCI: Using configuration type 1 for base access
[STDERR  ] 2018-01-17T18:50:14.025285783Z: [    0.738023] HugeTLB registered 2 MB page size, pre-allocated 0 pages
[STDERR  ] 2018-01-17T18:50:14.025295409Z: [    0.749564] ACPI: Added _OSI(Module Device)
[STDERR  ] 2018-01-17T18:50:14.025301128Z: [    0.749908] ACPI: Added _OSI(Processor Device)
[STDERR  ] 2018-01-17T18:50:14.025310917Z: [    0.750080] ACPI: Added _OSI(3.0 _SCP Extensions)
[STDERR  ] 2018-01-17T18:50:14.025316703Z: [    0.750365] ACPI: Added _OSI(Processor Aggregator Device)
[STDERR  ] 2018-01-17T18:50:14.025328263Z: [    0.796894] ACPI: Interpreter enabled
[STDERR  ] 2018-01-17T18:50:14.02533432Z: [    0.797764] ACPI: (supports S0 S5)
[STDERR  ] 2018-01-17T18:50:14.025340038Z: [    0.798102] ACPI: Using IOAPIC for interrupt routing
[STDERR  ] 2018-01-17T18:50:14.025345752Z: [    0.802290] PCI: Using host bridge windows from ACPI; if necessary, use "pci=nocrs" and report a bug
[STDERR  ] 2018-01-17T18:50:14.025351568Z: [    0.844249] ACPI: PCI Root Bridge [PCI0] (domain 0000 [bus 00-ff])
[STDERR  ] 2018-01-17T18:50:14.025357765Z: [    0.845383] acpi PNP0A08:00: _OSC: OS supports [ExtendedConfig ASPM ClockPM Segments MSI]
[STDERR  ] 2018-01-17T18:50:14.025363506Z: [    0.851024] acpi PNP0A08:00: _OSC: OS now controls [PCIeHotplug PME PCIeCapability]
[STDERR  ] 2018-01-17T18:50:14.025369206Z: [    0.854906] PCI host bridge to bus 0000:00
[STDERR  ] 2018-01-17T18:50:14.02537504Z: [    0.855329] pci_bus 0000:00: root bus resource [io  0x0000-0x0cf7 window]
[STDERR  ] 2018-01-17T18:50:14.02538104Z: [    0.855744] pci_bus 0000:00: root bus resource [io  0x0d00-0xffff window]
[STDERR  ] 2018-01-17T18:50:14.025389332Z: [    0.856076] pci_bus 0000:00: root bus resource [mem 0x000a0000-0x000bffff window]
[STDERR  ] 2018-01-17T18:50:14.025395093Z: [    0.856521] pci_bus 0000:00: root bus resource [mem 0xc0000000-0xfebfffff window]
[STDERR  ] 2018-01-17T18:50:14.025400785Z: [    0.857092] pci_bus 0000:00: root bus resource [bus 00-ff]
[STDERR  ] 2018-01-17T18:50:14.025406445Z: [    0.981307] pci 0000:00:1f.0: quirk: [io  0x0600-0x067f] claimed by ICH6 ACPI/GPIO/TCO
[STDERR  ] 2018-01-17T18:50:14.025412172Z: [    1.047971] ACPI: PCI Interrupt Link [LNKA] (IRQs 5 *10 11)
[STDERR  ] 2018-01-17T18:50:14.025422757Z: [    1.052071] ACPI: PCI Interrupt Link [LNKB] (IRQs 5 *10 11)
[STDERR  ] 2018-01-17T18:50:14.025428729Z: [    1.054032] ACPI: PCI Interrupt Link [LNKC] (IRQs 5 10 *11)
[STDERR  ] 2018-01-17T18:50:14.025434433Z: [    1.055660] ACPI: PCI Interrupt Link [LNKD] (IRQs 5 10 *11)
[STDERR  ] 2018-01-17T18:50:14.025440197Z: [    1.057255] ACPI: PCI Interrupt Link [LNKE] (IRQs 5 *10 11)
[STDERR  ] 2018-01-17T18:50:14.025446368Z: [    1.058882] ACPI: PCI Interrupt Link [LNKF] (IRQs 5 *10 11)
[STDERR  ] 2018-01-17T18:50:14.025452193Z: [    1.061488] ACPI: PCI Interrupt Link [LNKG] (IRQs 5 10 *11)
[STDERR  ] 2018-01-17T18:50:14.025464173Z: [    1.063073] ACPI: PCI Interrupt Link [LNKH] (IRQs 5 10 *11)
[STDERR  ] 2018-01-17T18:50:14.025470118Z: [    1.063991] ACPI: PCI Interrupt Link [GSIA] (IRQs *16)
[STDERR  ] 2018-01-17T18:50:14.025475842Z: [    1.064628] ACPI: PCI Interrupt Link [GSIB] (IRQs *17)
[STDERR  ] 2018-01-17T18:50:14.025481729Z: [    1.065238] ACPI: PCI Interrupt Link [GSIC] (IRQs *18)
[STDERR  ] 2018-01-17T18:50:14.025487465Z: [    1.065865] ACPI: PCI Interrupt Link [GSID] (IRQs *19)
[STDERR  ] 2018-01-17T18:50:14.025493265Z: [    1.066475] ACPI: PCI Interrupt Link [GSIE] (IRQs *20)
[STDERR  ] 2018-01-17T18:50:14.025498923Z: [    1.067092] ACPI: PCI Interrupt Link [GSIF] (IRQs *21)
[STDERR  ] 2018-01-17T18:50:14.0255046Z: [    1.067679] ACPI: PCI Interrupt Link [GSIG] (IRQs *22)
[STDERR  ] 2018-01-17T18:50:14.025510332Z: [    1.068287] ACPI: PCI Interrupt Link [GSIH] (IRQs *23)
[STDERR  ] 2018-01-17T18:50:14.025516118Z: [    1.071759] ACPI: Enabled 1 GPEs in block 00 to 3F
[STDERR  ] 2018-01-17T18:50:14.025521889Z: [    1.074974] SCSI subsystem initialized
[STDERR  ] 2018-01-17T18:50:14.025527549Z: [    1.076696] ACPI: bus type USB registered
[STDERR  ] 2018-01-17T18:50:14.025533213Z: [    1.077675] usbcore: registered new interface driver usbfs
[STDERR  ] 2018-01-17T18:50:14.02553898Z: [    1.078457] usbcore: registered new interface driver hub
[STDERR  ] 2018-01-17T18:50:14.025552786Z: [    1.079177] usbcore: registered new device driver usb
[STDERR  ] 2018-01-17T18:50:14.025558843Z: [    1.080286] pps_core: LinuxPPS API ver. 1 registered
[STDERR  ] 2018-01-17T18:50:14.025564518Z: [    1.080579] pps_core: Software ver. 5.3.6 - Copyright 2005-2007 Rodolfo Giometti <giometti@linux.it>
[STDERR  ] 2018-01-17T18:50:14.025570352Z: [    1.081220] PTP clock support registered
[STDERR  ] 2018-01-17T18:50:14.025576Z: [    1.082338] wmi: Mapper loaded
[STDERR  ] 2018-01-17T18:50:14.025582153Z: [    1.083424] PCI: Using ACPI for IRQ routing
[STDERR  ] 2018-01-17T18:50:14.025587834Z: [    1.096131] NetLabel: Initializing
[STDERR  ] 2018-01-17T18:50:14.025593382Z: [    1.096367] NetLabel:  domain hash size = 128
[STDERR  ] 2018-01-17T18:50:14.025599172Z: [    1.096744] NetLabel:  protocols = UNLABELED CIPSOv4
[STDERR  ] 2018-01-17T18:50:14.025604865Z: [    1.099377] NetLabel:  unlabeled traffic allowed by default
[STDERR  ] 2018-01-17T18:50:14.025610649Z: [    1.100753] HPET: 3 timers in total, 0 timers will be used for per-cpu timer
[STDERR  ] 2018-01-17T18:50:14.025616742Z: [    1.101574] hpet0: at MMIO 0xfed00000, IRQs 2, 8, 0
[STDERR  ] 2018-01-17T18:50:14.025622517Z: [    1.102035] hpet0: 3 comparators, 64-bit 100.000000 MHz counter
[STDERR  ] 2018-01-17T18:50:14.025628249Z: [    1.108209] clocksource: Switched to clocksource hpet
[STDERR  ] 2018-01-17T18:50:14.02563674Z: [    1.277551] VFS: Disk quotas dquot_6.6.0
[STDERR  ] 2018-01-17T18:50:14.025642718Z: [    1.278397] VFS: Dquot-cache hash table entries: 512 (order 0, 4096 bytes)
[STDERR  ] 2018-01-17T18:50:14.025648886Z: [    1.282158] FS-Cache: Loaded
[STDERR  ] 2018-01-17T18:50:14.025654634Z: [    1.286761] CacheFiles: Loaded
[STDERR  ] 2018-01-17T18:50:14.025660272Z: [    1.288770] pnp: PnP ACPI init
[STDERR  ] 2018-01-17T18:50:14.025665918Z: [    1.297172] pnp: PnP ACPI: found 5 devices
[STDERR  ] 2018-01-17T18:50:14.025671653Z: [    1.336451] clocksource: acpi_pm: mask: 0xffffff max_cycles: 0xffffff, max_idle_ns: 2085701024 ns
[STDERR  ] 2018-01-17T18:50:14.025677431Z: [    1.340002] NET: Registered protocol family 2
[STDERR  ] 2018-01-17T18:50:14.025683078Z: [    1.347565] TCP established hash table entries: 16384 (order: 5, 131072 bytes)
[STDERR  ] 2018-01-17T18:50:14.025688749Z: [    1.348572] TCP bind hash table entries: 16384 (order: 6, 262144 bytes)
[STDERR  ] 2018-01-17T18:50:14.025694783Z: [    1.350825] TCP: Hash tables configured (established 16384 bind 16384)
[STDERR  ] 2018-01-17T18:50:14.02570044Z: [    1.352300] UDP hash table entries: 1024 (order: 3, 32768 bytes)
[STDERR  ] 2018-01-17T18:50:14.025706217Z: [    1.352900] UDP-Lite hash table entries: 1024 (order: 3, 32768 bytes)
[STDERR  ] 2018-01-17T18:50:14.025712066Z: [    1.355094] NET: Registered protocol family 1
[STDERR  ] 2018-01-17T18:50:14.025717748Z: [    1.356028] pci 0000:00:01.0: Video device with shadowed ROM at [mem 0x000c0000-0x000dffff]
[STDERR  ] 2018-01-17T18:50:14.025727728Z: [    1.363762] Unpacking initramfs...
[STDERR  ] 2018-01-17T18:50:14.025735148Z: [   23.212004] Freeing initrd memory: 207672K
[STDERR  ] 2018-01-17T18:50:14.025740973Z: [   23.234567] PCLMULQDQ-NI instructions are not detected.
[STDERR  ] 2018-01-17T18:50:14.025746883Z: [   23.235989] AVX or AES-NI instructions are not detected.
[STDERR  ] 2018-01-17T18:50:14.025752572Z: [   23.236404] CPU feature 'AVX registers' is not supported.
[STDERR  ] 2018-01-17T18:50:14.025758293Z: [   23.236848] CPU feature 'AVX registers' is not supported.
[STDERR  ] 2018-01-17T18:50:14.025763958Z: [   23.237265] CPU feature 'AVX registers' is not supported.
[STDERR  ] 2018-01-17T18:50:14.025769658Z: [   23.237652] CPU feature 'AVX registers' is not supported.
[STDERR  ] 2018-01-17T18:50:14.025775365Z: [   23.238054] AVX2 or AES-NI instructions are not detected.
[STDERR  ] 2018-01-17T18:50:14.0257811Z: [   23.238591] AVX2 instructions are not detected.
[STDERR  ] 2018-01-17T18:50:14.025786806Z: [   23.245301] audit: initializing netlink subsys (disabled)
[STDERR  ] 2018-01-17T18:50:14.025795458Z: [   23.246841] audit: type=2000 audit(1516214538.240:1): initialized
[STDERR  ] 2018-01-17T18:50:14.025801108Z: [   23.255633] workingset: timestamp_bits=46 max_order=19 bucket_order=0
[STDERR  ] 2018-01-17T18:50:14.02580676Z: [   23.258949] squashfs: version 4.0 (2009/01/31) Phillip Lougher
[STDERR  ] 2018-01-17T18:50:14.025816933Z: [   23.261641] FS-Cache: Netfs 'cifs' registered for caching
[STDERR  ] 2018-01-17T18:50:14.025822808Z: [   23.262460] fuse init (API version 7.26)
[STDERR  ] 2018-01-17T18:50:14.02582858Z: [   23.264344] SGI XFS with ACLs, security attributes, no debug enabled
[STDERR  ] 2018-01-17T18:50:14.025834374Z: [   23.267655] 9p: Installing v9fs 9p2000 file system support
[STDERR  ] 2018-01-17T18:50:14.025840072Z: [   23.268106] FS-Cache: Netfs '9p' registered for caching
[STDERR  ] 2018-01-17T18:50:14.025845688Z: [   23.296424] NET: Registered protocol family 38
[STDERR  ] 2018-01-17T18:50:14.025851357Z: [   23.297006] Key type asymmetric registered
[STDERR  ] 2018-01-17T18:50:14.025857297Z: [   23.297365] Asymmetric key parser 'x509' registered
[STDERR  ] 2018-01-17T18:50:14.025862851Z: [   23.298315] Block layer SCSI generic (bsg) driver version 0.4 loaded (major 251)
[STDERR  ] 2018-01-17T18:50:14.025868531Z: [   23.299963] io scheduler noop registered
[STDERR  ] 2018-01-17T18:50:14.025877251Z: [   23.300145] io scheduler deadline registered (default)
[STDERR  ] 2018-01-17T18:50:14.025885622Z: [   23.301865] io scheduler cfq registered
[STDERR  ] 2018-01-17T18:50:14.025891458Z: [   23.305212] pci_hotplug: PCI Hot Plug PCI Core version: 0.5
[STDERR  ] 2018-01-17T18:50:14.025897249Z: [   23.305790] pciehp: PCI Express Hot Plug Controller Driver version: 0.4
[STDERR  ] 2018-01-17T18:50:14.025903792Z: [   23.306572] shpchp: Standard Hot Plug PCI Controller Driver version: 0.4
[STDERR  ] 2018-01-17T18:50:14.025912237Z: [   23.307277] hv_vmbus: registering driver hyperv_fb
[STDERR  ] 2018-01-17T18:50:14.025917922Z: [   23.309890] input: Power Button as /devices/LNXSYSTM:00/LNXPWRBN:00/input/input0
[STDERR  ] 2018-01-17T18:50:14.025923726Z: [   23.312680] ACPI: Power Button [PWRF]
[STDERR  ] 2018-01-17T18:50:14.025929446Z: [   23.316712] GHES: HEST is not enabled!
[STDERR  ] 2018-01-17T18:50:14.025935163Z: [   23.323981] ACPI: PCI Interrupt Link [GSIG] enabled at IRQ 22
[STDERR  ] 2018-01-17T18:50:14.025940937Z: [   23.332893] ACPI: PCI Interrupt Link [GSIH] enabled at IRQ 23
[STDERR  ] 2018-01-17T18:50:14.025946765Z: [   23.336804] xenfs: not registering filesystem on non-xen platform
[STDERR  ] 2018-01-17T18:50:14.02595256Z: [   23.338746] Serial: 8250/16550 driver, 4 ports, IRQ sharing disabled
[STDERR  ] 2018-01-17T18:50:14.025958231Z: [   23.363067] 00:04: ttyS0 at I/O 0x3f8 (irq = 4, base_baud = 115200) is a 16550A
[STDERR  ] 2018-01-17T18:50:14.025964442Z: [   23.373652] Non-volatile memory driver v1.3
[STDERR  ] 2018-01-17T18:50:14.025970137Z: [   23.381343] Hangcheck: starting hangcheck timer 0.9.1 (tick is 180 seconds, margin is 60 seconds).
[STDERR  ] 2018-01-17T18:50:14.025975934Z: [   23.385616] random: fast init done
[STDERR  ] 2018-01-17T18:50:14.025981834Z: [   23.386745] random: crng init done
[STDERR  ] 2018-01-17T18:50:14.02598796Z: [   23.412501] loop: module loaded
[STDERR  ] 2018-01-17T18:50:14.025994023Z: [   23.425604] nbd: registered device at major 43
[STDERR  ] 2018-01-17T18:50:14.02599964Z: [   23.455519] lpc_ich 0000:00:1f.0: I/O space for GPIO uninitialized
[STDERR  ] 2018-01-17T18:50:14.026005414Z: [   23.457422] VMware PVSCSI driver - version 1.0.7.0-k
[STDERR  ] 2018-01-17T18:50:14.026010971Z: [   23.458184] hv_vmbus: registering driver hv_storvsc
[STDERR  ] 2018-01-17T18:50:14.026016777Z: [   23.465815] ACPI: PCI Interrupt Link [GSIA] enabled at IRQ 16
[STDERR  ] 2018-01-17T18:50:14.026022405Z: [   23.471846] ahci 0000:00:1f.2: AHCI 0001.0000 32 slots 6 ports 1.5 Gbps 0x3f impl SATA mode
[STDERR  ] 2018-01-17T18:50:14.026028018Z: [   23.472453] ahci 0000:00:1f.2: flags: 64bit ncq only 
[STDERR  ] 2018-01-17T18:50:14.026038569Z: [   23.489025] scsi host0: ahci
[STDERR  ] 2018-01-17T18:50:14.026047968Z: [   23.492314] scsi host1: ahci
[STDERR  ] 2018-01-17T18:50:14.026053965Z: [   23.494082] scsi host2: ahci
[STDERR  ] 2018-01-17T18:50:14.026059771Z: [   23.496741] scsi host3: ahci
[STDERR  ] 2018-01-17T18:50:14.02606534Z: [   23.498544] scsi host4: ahci
[STDERR  ] 2018-01-17T18:50:14.026070842Z: [   23.501336] scsi host5: ahci
[STDERR  ] 2018-01-17T18:50:14.026076477Z: [   23.503357] ata1: SATA max UDMA/133 abar m4096@0xfebd2000 port 0xfebd2100 irq 24
[STDERR  ] 2018-01-17T18:50:14.026082888Z: [   23.503824] ata2: SATA max UDMA/133 abar m4096@0xfebd2000 port 0xfebd2180 irq 24
[STDERR  ] 2018-01-17T18:50:14.026088949Z: [   23.504252] ata3: SATA max UDMA/133 abar m4096@0xfebd2000 port 0xfebd2200 irq 24
[STDERR  ] 2018-01-17T18:50:14.026094917Z: [   23.504617] ata4: SATA max UDMA/133 abar m4096@0xfebd2000 port 0xfebd2280 irq 24
[STDERR  ] 2018-01-17T18:50:14.026100953Z: [   23.504994] ata5: SATA max UDMA/133 abar m4096@0xfebd2000 port 0xfebd2300 irq 24
[STDERR  ] 2018-01-17T18:50:14.026106514Z: [   23.505364] ata6: SATA max UDMA/133 abar m4096@0xfebd2000 port 0xfebd2380 irq 24
[STDERR  ] 2018-01-17T18:50:14.02611204Z: [   23.516063] tun: Universal TUN/TAP device driver, 1.6
[STDERR  ] 2018-01-17T18:50:14.026117766Z: [   23.516384] tun: (C) 1999-2004 Max Krasnyansky <maxk@qualcomm.com>
[STDERR  ] 2018-01-17T18:50:14.026128493Z: [   23.526270] VMware vmxnet3 virtual NIC driver - version 1.4.a.0-k-NAPI
[STDERR  ] 2018-01-17T18:50:14.026140731Z: [   23.527050] hv_vmbus: registering driver hv_netvsc
[STDERR  ] 2018-01-17T18:50:14.026146513Z: [   23.527321] Fusion MPT base driver 3.04.20
[STDERR  ] 2018-01-17T18:50:14.026152205Z: [   23.527591] Copyright (c) 1999-2008 LSI Corporation
[STDERR  ] 2018-01-17T18:50:14.026164122Z: [   23.528119] Fusion MPT SPI Host driver 3.04.20
[STDERR  ] 2018-01-17T18:50:14.026169949Z: [   23.529830] i8042: PNP: PS/2 Controller [PNP0303:KBD,PNP0f13:MOU] at 0x60,0x64 irq 1,12
[STDERR  ] 2018-01-17T18:50:14.02617564Z: [   23.533974] serio: i8042 KBD port at 0x60,0x64 irq 1
[STDERR  ] 2018-01-17T18:50:14.026181285Z: [   23.534514] serio: i8042 AUX port at 0x60,0x64 irq 12
[STDERR  ] 2018-01-17T18:50:14.026186889Z: [   23.536840] hv_vmbus: registering driver hyperv_keyboard
[STDERR  ] 2018-01-17T18:50:14.026192429Z: [   23.538581] mousedev: PS/2 mouse device common for all mice
[STDERR  ] 2018-01-17T18:50:14.026198029Z: [   23.542873] input: AT Translated Set 2 keyboard as /devices/platform/i8042/serio0/input/input1
[STDERR  ] 2018-01-17T18:50:14.02620372Z: [   23.545268] input: PC Speaker as /devices/platform/pcspkr/input/input2
[STDERR  ] 2018-01-17T18:50:14.0262097Z: [   23.548149] rtc_cmos 00:00: RTC can wake from S4
[STDERR  ] 2018-01-17T18:50:14.026215348Z: [   23.551251] rtc_cmos 00:00: rtc core: registered rtc_cmos as rtc0
[STDERR  ] 2018-01-17T18:50:14.026220909Z: [   23.552428] rtc_cmos 00:00: alarms up to one day, y3k, 114 bytes nvram, hpet irqs
[STDERR  ] 2018-01-17T18:50:14.02622772Z: [   23.553082] i2c /dev entries driver
[STDERR  ] 2018-01-17T18:50:14.026233697Z: [   23.554769] device-mapper: ioctl: 4.35.0-ioctl (2016-06-23) initialised: dm-devel@redhat.com
[STDERR  ] 2018-01-17T18:50:14.026239342Z: [   23.558534] usbcore: registered new interface driver usbhid
[STDERR  ] 2018-01-17T18:50:14.026244977Z: [   23.558882] usbhid: USB HID core driver
[STDERR  ] 2018-01-17T18:50:14.026250649Z: [   23.559416] hv_utils: Registering HyperV Utility Driver
[STDERR  ] 2018-01-17T18:50:14.026256332Z: [   23.559668] hv_vmbus: registering driver hv_util
[STDERR  ] 2018-01-17T18:50:14.026261912Z: [   23.559946] hv_vmbus: registering driver hv_balloon
[STDERR  ] 2018-01-17T18:50:14.026267558Z: [   23.560945] oprofile: using NMI interrupt.
[STDERR  ] 2018-01-17T18:50:14.026273332Z: [   23.561914] GACT probability on
[STDERR  ] 2018-01-17T18:50:14.026278945Z: [   23.562380] Mirror/redirect action on
[STDERR  ] 2018-01-17T18:50:14.02628452Z: [   23.563133] Simple TC action Loaded
[STDERR  ] 2018-01-17T18:50:14.026290089Z: [   23.563650] u32 classifier
[STDERR  ] 2018-01-17T18:50:14.026299251Z: [   23.563835]     Performance counters on
[STDERR  ] 2018-01-17T18:50:14.02630494Z: [   23.564057]     input device check on
[STDERR  ] 2018-01-17T18:50:14.026315Z: [   23.564324]     Actions configured
[STDERR  ] 2018-01-17T18:50:14.026320617Z: [   23.564905] Netfilter messages via NETLINK v0.30.
[STDERR  ] 2018-01-17T18:50:14.026326194Z: [   23.565391] nfnl_acct: registering with nfnetlink.
[STDERR  ] 2018-01-17T18:50:14.026332Z: [   23.566680] nf_conntrack version 0.5.0 (16384 buckets, 65536 max)
[STDERR  ] 2018-01-17T18:50:14.026337733Z: [   23.569614] ctnetlink v0.93: registering with nfnetlink.
[STDERR  ] 2018-01-17T18:50:14.026343458Z: [   23.573863] nf_tables: (c) 2007-2009 Patrick McHardy <kaber@trash.net>
[STDERR  ] 2018-01-17T18:50:14.026349885Z: [   23.574671] nf_tables_compat: (c) 2012 Pablo Neira Ayuso <pablo@netfilter.org>
[STDERR  ] 2018-01-17T18:50:14.026355813Z: [   23.576711] xt_time: kernel timezone is -0000
[STDERR  ] 2018-01-17T18:50:14.026361474Z: [   23.577173] ip_set: protocol 6
[STDERR  ] 2018-01-17T18:50:14.02636724Z: [   23.577773] IPVS: Registered protocols (TCP, UDP, SCTP, AH, ESP)
[STDERR  ] 2018-01-17T18:50:14.026372882Z: [   23.578353] IPVS: Connection hash table configured (size=4096, memory=64Kbytes)
[STDERR  ] 2018-01-17T18:50:14.026378531Z: [   23.579892] IPVS: Creating netns size=2104 id=0
[STDERR  ] 2018-01-17T18:50:14.026386726Z: [   23.583033] IPVS: ipvs loaded.
[STDERR  ] 2018-01-17T18:50:14.026392646Z: [   23.583363] IPVS: [rr] scheduler registered.
[STDERR  ] 2018-01-17T18:50:14.026398268Z: [   23.583722] IPVS: [wrr] scheduler registered.
[STDERR  ] 2018-01-17T18:50:14.02640384Z: [   23.583957] IPVS: [lc] scheduler registered.
[STDERR  ] 2018-01-17T18:50:14.026409542Z: [   23.584224] IPVS: [wlc] scheduler registered.
[STDERR  ] 2018-01-17T18:50:14.026415113Z: [   23.584491] IPVS: [fo] scheduler registered.
[STDERR  ] 2018-01-17T18:50:14.026420703Z: [   23.584745] IPVS: [ovf] scheduler registered.
[STDERR  ] 2018-01-17T18:50:14.026426272Z: [   23.585151] IPVS: [lblc] scheduler registered.
[STDERR  ] 2018-01-17T18:50:14.026432077Z: [   23.585558] IPVS: [lblcr] scheduler registered.
[STDERR  ] 2018-01-17T18:50:14.026437691Z: [   23.585835] IPVS: [dh] scheduler registered.
[STDERR  ] 2018-01-17T18:50:14.02644346Z: [   23.586094] IPVS: [sh] scheduler registered.
[STDERR  ] 2018-01-17T18:50:14.026449165Z: [   23.586367] IPVS: [sed] scheduler registered.
[STDERR  ] 2018-01-17T18:50:14.02645466Z: [   23.586604] IPVS: [nq] scheduler registered.
[STDERR  ] 2018-01-17T18:50:14.026465311Z: [   23.587293] IPVS: ftp: loaded support on port[0] = 21
[STDERR  ] 2018-01-17T18:50:14.026470966Z: [   23.587951] ipip: IPv4 and MPLS over IPv4 tunneling driver
[STDERR  ] 2018-01-17T18:50:14.026476943Z: [   23.591826] gre: GRE over IPv4 demultiplexor driver
[STDERR  ] 2018-01-17T18:50:14.026482643Z: [   23.594367] ip_tables: (C) 2000-2006 Netfilter Core Team
[STDERR  ] 2018-01-17T18:50:14.026488383Z: [   23.597270] ipt_CLUSTERIP: ClusterIP Version 0.8 loaded successfully
[STDERR  ] 2018-01-17T18:50:14.026494163Z: [   23.597879] arp_tables: arp_tables: (C) 2002 David S. Miller
[STDERR  ] 2018-01-17T18:50:14.026499885Z: [   23.600012] NET: Registered protocol family 10
[STDERR  ] 2018-01-17T18:50:14.026505653Z: [   23.608972] ip6_tables: (C) 2000-2006 Netfilter Core Team
[STDERR  ] 2018-01-17T18:50:14.026515966Z: [   23.616403] NET: Registered protocol family 17
[STDERR  ] 2018-01-17T18:50:14.026521737Z: [   23.617388] Bridge firewalling registered
[STDERR  ] 2018-01-17T18:50:14.026531968Z: [   23.617867] Ebtables v2.0 registered
[STDERR  ] 2018-01-17T18:50:14.026537765Z: [   23.619635] 8021q: 802.1Q VLAN Support v1.8
[STDERR  ] 2018-01-17T18:50:14.026543405Z: [   23.621374] 9pnet: Installing 9P2000 support
[STDERR  ] 2018-01-17T18:50:14.026552978Z: [   23.622704] Key type dns_resolver registered
[STDERR  ] 2018-01-17T18:50:14.02655868Z: [   23.623532] microcode: AMD CPU family 0x6 not supported
[STDERR  ] 2018-01-17T18:50:14.026564449Z: [   23.626590] registered taskstats version 1
[STDERR  ] 2018-01-17T18:50:14.026573282Z: [   23.780548] Key type big_key registered
[STDERR  ] 2018-01-17T18:50:14.026578965Z: [   23.843984] ata4: SATA link down (SStatus 0 SControl 300)
[STDERR  ] 2018-01-17T18:50:14.026584788Z: [   23.848290] ata3: SATA link up 1.5 Gbps (SStatus 113 SControl 300)
[STDERR  ] 2018-01-17T18:50:14.02659076Z: [   23.850922] ata2: SATA link down (SStatus 0 SControl 300)
[STDERR  ] 2018-01-17T18:50:14.026596465Z: [   23.851347] ata1: SATA link up 1.5 Gbps (SStatus 113 SControl 300)
[STDERR  ] 2018-01-17T18:50:14.02660248Z: [   23.853238] ata1.00: ATA-7: QEMU HARDDISK, 2.5+, max UDMA/100
[STDERR  ] 2018-01-17T18:50:14.026609708Z: [   23.853567] ata1.00: 4194304 sectors, multi 16: LBA48 NCQ (depth 31/32)
[STDERR  ] 2018-01-17T18:50:14.026615425Z: [   23.854060] ata1.00: applying bridge limits
[STDERR  ] 2018-01-17T18:50:14.026621034Z: [   23.855689] ata1.00: configured for UDMA/100
[STDERR  ] 2018-01-17T18:50:14.026626632Z: [   23.857667] ata5: SATA link down (SStatus 0 SControl 300)
[STDERR  ] 2018-01-17T18:50:14.026632309Z: [   23.858122] ata6: SATA link down (SStatus 0 SControl 300)
[STDERR  ] 2018-01-17T18:50:14.026637952Z: [   23.859181] ata3.00: ATAPI: QEMU DVD-ROM, 2.5+, max UDMA/100
[STDERR  ] 2018-01-17T18:50:14.026643678Z: [   23.859547] ata3.00: applying bridge limits
[STDERR  ] 2018-01-17T18:50:14.02664932Z: [   23.860452] ata3.00: configured for UDMA/100
[STDERR  ] 2018-01-17T18:50:14.026657783Z: [   23.879501] scsi 0:0:0:0: Direct-Access     ATA      QEMU HARDDISK    2.5+ PQ: 0 ANSI: 5
[STDERR  ] 2018-01-17T18:50:14.026663642Z: [   23.893543] sd 0:0:0:0: [sda] 4194304 512-byte logical blocks: (2.15 GB/2.00 GiB)
[STDERR  ] 2018-01-17T18:50:14.026669588Z: [   23.896416] sd 0:0:0:0: Attached scsi generic sg0 type 0
[STDERR  ] 2018-01-17T18:50:14.026675129Z: [   23.897776] sd 0:0:0:0: [sda] Write Protect is off
[STDERR  ] 2018-01-17T18:50:14.026680831Z: [   23.898765] sd 0:0:0:0: [sda] Write cache: enabled, read cache: enabled, doesn't support DPO or FUA
[STDERR  ] 2018-01-17T18:50:14.026686568Z: [   23.911660] scsi 2:0:0:0: CD-ROM            QEMU     QEMU DVD-ROM     2.5+ PQ: 0 ANSI: 5
[STDERR  ] 2018-01-17T18:50:14.026701314Z: [   23.933055] sr 2:0:0:0: [sr0] scsi3-mmc drive: 4x/4x cd/rw xa/form2 tray
[STDERR  ] 2018-01-17T18:50:14.026706948Z: [   23.933754] cdrom: Uniform CD-ROM driver Revision: 3.20
[STDERR  ] 2018-01-17T18:50:14.0267127Z: [   23.943762] sr 2:0:0:0: Attached scsi generic sg1 type 5
[STDERR  ] 2018-01-17T18:50:14.02671846Z: [   23.964569] sd 0:0:0:0: [sda] Attached SCSI disk
[STDERR  ] 2018-01-17T18:50:14.026724129Z: [   23.973863] Key type encrypted registered
[STDERR  ] 2018-01-17T18:50:14.026729749Z: [   23.977606] rtc_cmos 00:00: setting system clock to 2018-01-17 18:42:19 UTC (1516214539)
[STDERR  ] 2018-01-17T18:50:14.026735573Z: [   24.112917] Freeing unused kernel memory: 1396K
[STDERR  ] 2018-01-17T18:50:14.026741309Z: [   24.113297] Write protecting the kernel read-only data: 12288k
