[INFO    ] 2017-07-11T09:27:11.282708328Z: Running Test linuxkit.packages.binfmt in /tmp/build/test/cases/040_packages/002_binfmt
[INFO    ] 2017-07-11T09:27:11.282801511Z: Running command: [/bin/sh -x /tmp/build/test/cases/040_packages/002_binfmt/test.sh]
[STDERR  ] 2017-07-11T09:27:11.296598202Z: + set -e
[STDERR  ] 2017-07-11T09:27:11.296615961Z: + . /tmp/build/test/cases/_lib/lib.sh
[STDERR  ] 2017-07-11T09:27:11.296623944Z: + [ -f src/github.com/linuxkit/rtf/lib/lib.sh ]
[STDERR  ] 2017-07-11T09:27:11.296630123Z: + LINUXKIT_TMPDIR=/tmp/build/test/cases/_tmp
[STDERR  ] 2017-07-11T09:27:11.296635926Z: + [ -f /tmp/build/test/cases/_tmp/env.sh ]
[STDERR  ] 2017-07-11T09:27:11.296641847Z: + . /tmp/build/test/cases/_tmp/env.sh
[STDERR  ] 2017-07-11T09:27:11.296650851Z: + export LINUXKIT_EXAMPLES_DIR=/tmp/build/test/cases/../../examples
[STDERR  ] 2017-07-11T09:27:11.296670821Z: + export LINUXKIT_BLUEPRINTS_DIR=/tmp/build/test/cases/../../blueprints
[STDERR  ] 2017-07-11T09:27:11.296682068Z: + RT_CANCEL=253
[STDERR  ] 2017-07-11T09:27:11.29668957Z: + trap clean_up EXIT
[STDERR  ] 2017-07-11T09:27:11.296703534Z: + moby build -output kernel+initrd test-binfmt.yml
[STDERR  ] 2017-07-11T09:27:11.308298067Z: Extract kernel image: linuxkit/kernel:4.9.36
[STDERR  ] 2017-07-11T09:27:12.834472333Z: Add init containers:
[STDERR  ] 2017-07-11T09:27:12.834481197Z: Process init image: linuxkit/init:14a38303ee9dcb4541c00e2b87404befc1ba2083
[STDERR  ] 2017-07-11T09:27:14.036768119Z: Process init image: linuxkit/runc:2310ad9d266cf5d9c4d07613bd2135ed7eb8a21f
[STDERR  ] 2017-07-11T09:27:15.376928496Z: Process init image: linuxkit/containerd:c977f27c234d55b85172813b8451f67ea86be4a3
[STDERR  ] 2017-07-11T09:27:16.871069736Z: Add onboot containers:
[STDERR  ] 2017-07-11T09:27:16.871115135Z:   Create OCI config for linuxkit/binfmt:0bde4ebd422099f45c5ee03217413523ad2223e5
[STDERR  ] 2017-07-11T09:27:18.178611839Z:   Create OCI config for alpine:3.6
[STDERR  ] 2017-07-11T09:27:19.786273463Z:   Create OCI config for linuxkit/poweroff:bce51402e293da0b653923a43c3c7be6e0effa05
[STDERR  ] 2017-07-11T09:27:21.002205509Z: Add files:
[STDERR  ] 2017-07-11T09:27:21.002213283Z:   check.sh
[STDERR  ] 2017-07-11T09:27:21.026554859Z: Create outputs:
[STDERR  ] 2017-07-11T09:27:29.118406112Z:   test-binfmt-kernel test-binfmt-initrd.img test-binfmt-cmdline
[STDERR  ] 2017-07-11T09:27:29.179747563Z: + linuxkit run test-binfmt
[STDERR  ] 2017-07-11T09:27:29.197290556Z: Unable to find qemu-system-x86_64 within the $PATH. Using a container
[STDERR  ] 2017-07-11T09:28:01.325971811Z: + RESULT=[    0.000000] Linux version 4.9.36-linuxkit (root@e1ede117fb1e) (gcc version 6.3.0 (Alpine 6.3.0) ) #1 SMP Fri Jul 7 17:27:59 UTC 2017
[STDERR  ] 2017-07-11T09:28:01.325989691Z: [    0.000000] Command line: console=ttyS0 page_poison=1
[STDERR  ] 2017-07-11T09:28:01.326000234Z: [    0.000000] x86/fpu: Legacy x87 FPU detected.
[STDERR  ] 2017-07-11T09:28:01.326007287Z: [    0.000000] x86/fpu: Using 'eager' FPU context switches.
[STDERR  ] 2017-07-11T09:28:01.326014172Z: [    0.000000] e820: BIOS-provided physical RAM map:
[STDERR  ] 2017-07-11T09:28:01.32602172Z: [    0.000000] BIOS-e820: [mem 0x0000000000000000-0x000000000009fbff] usable
[STDERR  ] 2017-07-11T09:28:01.326028721Z: [    0.000000] BIOS-e820: [mem 0x000000000009fc00-0x000000000009ffff] reserved
[STDERR  ] 2017-07-11T09:28:01.326031881Z: [    0.000000] BIOS-e820: [mem 0x00000000000f0000-0x00000000000fffff] reserved
[STDERR  ] 2017-07-11T09:28:01.326042297Z: [    0.000000] BIOS-e820: [mem 0x0000000000100000-0x000000003ffdefff] usable
[STDERR  ] 2017-07-11T09:28:01.326048725Z: [    0.000000] BIOS-e820: [mem 0x000000003ffdf000-0x000000003fffffff] reserved
[STDERR  ] 2017-07-11T09:28:01.326055005Z: [    0.000000] BIOS-e820: [mem 0x00000000b0000000-0x00000000bfffffff] reserved
[STDERR  ] 2017-07-11T09:28:01.326062428Z: [    0.000000] BIOS-e820: [mem 0x00000000fed1c000-0x00000000fed1ffff] reserved
[STDERR  ] 2017-07-11T09:28:01.326069112Z: [    0.000000] BIOS-e820: [mem 0x00000000fffc0000-0x00000000ffffffff] reserved
[STDERR  ] 2017-07-11T09:28:01.326075505Z: [    0.000000] NX (Execute Disable) protection: active
[STDERR  ] 2017-07-11T09:28:01.326089158Z: [    0.000000] SMBIOS 2.8 present.
[STDERR  ] 2017-07-11T09:28:01.326095277Z: [    0.000000] e820: last_pfn = 0x3ffdf max_arch_pfn = 0x400000000
[STDERR  ] 2017-07-11T09:28:01.326101305Z: [    0.000000] x86/PAT: Configuration [0-7]: WB  WC  UC- UC  WB  WC  UC- WT  
[STDERR  ] 2017-07-11T09:28:01.326107092Z: [    0.000000] found SMP MP-table at [mem 0x000f6aa0-0x000f6aaf] mapped at [ffff95b5c00f6aa0]
[STDERR  ] 2017-07-11T09:28:01.326113042Z: [    0.000000] RAMDISK: [mem 0x3d473000-0x3ffcffff]
[STDERR  ] 2017-07-11T09:28:01.326134006Z: [    0.000000] ACPI: Early table checksum verification disabled
[STDERR  ] 2017-07-11T09:28:01.326148921Z: [    0.000000] ACPI: RSDP 0x00000000000F68C0 000014 (v00 BOCHS )
[STDERR  ] 2017-07-11T09:28:01.326168695Z: [    0.000000] ACPI: RSDT 0x000000003FFE2404 000034 (v01 BOCHS  BXPCRSDT 00000001 BXPC 00000001)
[STDERR  ] 2017-07-11T09:28:01.326171979Z: [    0.000000] ACPI: FACP 0x000000003FFE22A4 000074 (v01 BOCHS  BXPCFACP 00000001 BXPC 00000001)
[STDERR  ] 2017-07-11T09:28:01.326180488Z: [    0.000000] ACPI: DSDT 0x000000003FFE0040 002264 (v01 BOCHS  BXPCDSDT 00000001 BXPC 00000001)
[STDERR  ] 2017-07-11T09:28:01.326183552Z: [    0.000000] ACPI: FACS 0x000000003FFE0000 000040
[STDERR  ] 2017-07-11T09:28:01.326192125Z: [    0.000000] ACPI: APIC 0x000000003FFE2318 000078 (v01 BOCHS  BXPCAPIC 00000001 BXPC 00000001)
[STDERR  ] 2017-07-11T09:28:01.326197838Z: [    0.000000] ACPI: HPET 0x000000003FFE2390 000038 (v01 BOCHS  BXPCHPET 00000001 BXPC 00000001)
[STDERR  ] 2017-07-11T09:28:01.326203196Z: [    0.000000] ACPI: MCFG 0x000000003FFE23C8 00003C (v01 BOCHS  BXPCMCFG 00000001 BXPC 00000001)
[STDERR  ] 2017-07-11T09:28:01.326206048Z: [    0.000000] Zone ranges:
[STDERR  ] 2017-07-11T09:28:01.326214759Z: [    0.000000]   DMA      [mem 0x0000000000001000-0x0000000000ffffff]
[STDERR  ] 2017-07-11T09:28:01.326220559Z: [    0.000000]   DMA32    [mem 0x0000000001000000-0x000000003ffdefff]
[STDERR  ] 2017-07-11T09:28:01.326223433Z: [    0.000000]   Normal   empty
[STDERR  ] 2017-07-11T09:28:01.326230163Z: [    0.000000] Movable zone start for each node
[STDERR  ] 2017-07-11T09:28:01.326238263Z: [    0.000000] Early memory node ranges
[STDERR  ] 2017-07-11T09:28:01.326243616Z: [    0.000000]   node   0: [mem 0x0000000000001000-0x000000000009efff]
[STDERR  ] 2017-07-11T09:28:01.326250626Z: [    0.000000]   node   0: [mem 0x0000000000100000-0x000000003ffdefff]
[STDERR  ] 2017-07-11T09:28:01.326256415Z: [    0.000000] Initmem setup node 0 [mem 0x0000000000001000-0x000000003ffdefff]
[STDERR  ] 2017-07-11T09:28:01.326261841Z: [    0.000000] ACPI: PM-Timer IO Port: 0x608
[STDERR  ] 2017-07-11T09:28:01.326267586Z: [    0.000000] ACPI: LAPIC_NMI (acpi_id[0xff] dfl dfl lint[0x1])
[STDERR  ] 2017-07-11T09:28:01.326275122Z: [    0.000000] IOAPIC[0]: apic_id 0, version 32, address 0xfec00000, GSI 0-23
[STDERR  ] 2017-07-11T09:28:01.326282832Z: [    0.000000] ACPI: INT_SRC_OVR (bus 0 bus_irq 0 global_irq 2 dfl dfl)
[STDERR  ] 2017-07-11T09:28:01.326288733Z: [    0.000000] ACPI: INT_SRC_OVR (bus 0 bus_irq 5 global_irq 5 high level)
[STDERR  ] 2017-07-11T09:28:01.326294846Z: [    0.000000] ACPI: INT_SRC_OVR (bus 0 bus_irq 9 global_irq 9 high level)
[STDERR  ] 2017-07-11T09:28:01.326300356Z: [    0.000000] ACPI: INT_SRC_OVR (bus 0 bus_irq 10 global_irq 10 high level)
[STDERR  ] 2017-07-11T09:28:01.326303353Z: [    0.000000] ACPI: INT_SRC_OVR (bus 0 bus_irq 11 global_irq 11 high level)
[STDERR  ] 2017-07-11T09:28:01.326310007Z: [    0.000000] Using ACPI (MADT) for SMP configuration information
[STDERR  ] 2017-07-11T09:28:01.326318859Z: [    0.000000] ACPI: HPET id: 0x8086a201 base: 0xfed00000
[STDERR  ] 2017-07-11T09:28:01.326324599Z: [    0.000000] smpboot: Allowing 1 CPUs, 0 hotplug CPUs
[STDERR  ] 2017-07-11T09:28:01.326327887Z: [    0.000000] e820: [mem 0x40000000-0xafffffff] available for PCI devices
[STDERR  ] 2017-07-11T09:28:01.326337512Z: [    0.000000] Booting paravirtualized kernel on bare hardware
[STDERR  ] 2017-07-11T09:28:01.326343533Z: [    0.000000] clocksource: refined-jiffies: mask: 0xffffffff max_cycles: 0xffffffff, max_idle_ns: 19112604462750000 ns
[STDERR  ] 2017-07-11T09:28:01.326355006Z: [    0.000000] setup_percpu: NR_CPUS:128 nr_cpumask_bits:128 nr_cpu_ids:1 nr_node_ids:1
[STDERR  ] 2017-07-11T09:28:01.326360559Z: [    0.000000] percpu: Embedded 35 pages/cpu @ffff95b5fd200000 s105112 r8192 d30056 u2097152
[STDERR  ] 2017-07-11T09:28:01.326366207Z: [    0.000000] Built 1 zonelists in Zone order, mobility grouping on.  Total pages: 257896
[STDERR  ] 2017-07-11T09:28:01.326371684Z: [    0.000000] Kernel command line: console=ttyS0 page_poison=1
[STDERR  ] 2017-07-11T09:28:01.326377389Z: [    0.000000] PID hash table entries: 4096 (order: 3, 32768 bytes)
[STDERR  ] 2017-07-11T09:28:01.32638564Z: [    0.000000] Dentry cache hash table entries: 131072 (order: 8, 1048576 bytes)
[STDERR  ] 2017-07-11T09:28:01.326395387Z: [    0.000000] Inode-cache hash table entries: 65536 (order: 7, 524288 bytes)
[STDERR  ] 2017-07-11T09:28:01.326412309Z: [    0.000000] Memory: 969776K/1048052K available (8019K kernel code, 1366K rwdata, 2692K rodata, 1372K init, 568K bss, 78276K reserved, 0K cma-reserved)
[STDERR  ] 2017-07-11T09:28:01.326418772Z: [    0.000000] Hierarchical RCU implementation.
[STDERR  ] 2017-07-11T09:28:01.326422552Z: [    0.000000] 	Build-time adjustment of leaf fanout to 64.
[STDERR  ] 2017-07-11T09:28:01.326428295Z: [    0.000000] 	RCU restricting CPUs from NR_CPUS=128 to nr_cpu_ids=1.
[STDERR  ] 2017-07-11T09:28:01.326437227Z: [    0.000000] RCU: Adjusting geometry for rcu_fanout_leaf=64, nr_cpu_ids=1
[STDERR  ] 2017-07-11T09:28:01.326443318Z: [    0.000000] NR_IRQS:8448 nr_irqs:256 16
[STDERR  ] 2017-07-11T09:28:01.326448941Z: [    0.000000] Console: colour VGA+ 80x25
[STDERR  ] 2017-07-11T09:28:01.326451903Z: [    0.000000] console [ttyS0] enabled
[STDERR  ] 2017-07-11T09:28:01.326459933Z: [    0.000000] allocated 2097152 bytes of page_ext
[STDERR  ] 2017-07-11T09:28:01.326467807Z: [    0.000000] clocksource: hpet: mask: 0xffffffff max_cycles: 0xffffffff, max_idle_ns: 19112604467 ns
[STDERR  ] 2017-07-11T09:28:01.326473661Z: [    0.000000] tsc: Fast TSC calibration using PIT
[STDERR  ] 2017-07-11T09:28:01.326476464Z: [    0.000000] tsc: Detected 2599.992 MHz processor
[STDERR  ] 2017-07-11T09:28:01.326486218Z: [    0.032484] Calibrating delay loop (skipped), value calculated using timer frequency.. 5199.98 BogoMIPS (lpj=25999920)
[STDERR  ] 2017-07-11T09:28:01.32649064Z: [    0.033327] pid_max: default: 32768 minimum: 301
[STDERR  ] 2017-07-11T09:28:01.326495975Z: [    0.034108] ACPI: Core revision 20160831
[STDERR  ] 2017-07-11T09:28:01.326511044Z: [    0.075918] ACPI: 1 ACPI AML tables successfully acquired and loaded
[STDERR  ] 2017-07-11T09:28:01.326514513Z: [    0.081165] Security Framework initialized
[STDERR  ] 2017-07-11T09:28:01.326519955Z: [    0.081572] Yama: becoming mindful.
[STDERR  ] 2017-07-11T09:28:01.3265284Z: [    0.083521] Mount-cache hash table entries: 2048 (order: 2, 16384 bytes)
[STDERR  ] 2017-07-11T09:28:01.326534538Z: [    0.084144] Mountpoint-cache hash table entries: 2048 (order: 2, 16384 bytes)
[STDERR  ] 2017-07-11T09:28:01.326540501Z: [    0.104341] Last level iTLB entries: 4KB 0, 2MB 0, 4MB 0
[STDERR  ] 2017-07-11T09:28:01.326546588Z: [    0.104763] Last level dTLB entries: 4KB 0, 2MB 0, 4MB 0, 1GB 0
[STDERR  ] 2017-07-11T09:28:01.326552074Z: [    0.395361] Freeing SMP alternatives memory: 20K (ffffffffa3eae000 - ffffffffa3eb3000)
[STDERR  ] 2017-07-11T09:28:01.326557784Z: [    0.405687] ftrace: allocating 35428 entries in 139 pages
[STDERR  ] 2017-07-11T09:28:01.32656482Z: [    0.572220] smpboot: Max logical packages: 1
[STDERR  ] 2017-07-11T09:28:01.32657082Z: [    0.579067] ..TIMER: vector=0x30 apic1=0 pin1=2 apic2=-1 pin2=-1
[STDOUT  ] 2017-07-11T09:28:01.326580055Z: [    0.000000] Linux version 4.9.36-linuxkit (root@e1ede117fb1e) (gcc version 6.3.0 (Alpine 6.3.0) ) #1 SMP Fri Jul 7 17:27:59 UTC 2017
[STDERR  ] 2017-07-11T09:28:01.326581502Z: [    0.680000] smpboot: CPU0: AMD QEMU Virtual CPU version 2.5+ (family: 0x6, model: 0x6, stepping: 0x3)
[STDOUT  ] 2017-07-11T09:28:01.326593001Z: [    0.000000] Command line: console=ttyS0 page_poison=1
[STDERR  ] 2017-07-11T09:28:01.326595769Z: [    0.680000] Performance Events: PMU not available due to virtualization, using software events only.
[STDOUT  ] 2017-07-11T09:28:01.326603085Z: [    0.000000] x86/fpu: Legacy x87 FPU detected.
[STDOUT  ] 2017-07-11T09:28:01.326607018Z: [    0.000000] x86/fpu: Using 'eager' FPU context switches.
[STDERR  ] 2017-07-11T09:28:01.326608249Z: [    0.688629] NMI watchdog: disabled (cpu0): hardware events not enabled
[STDERR  ] 2017-07-11T09:28:01.326616261Z: [    0.689097] NMI watchdog: Shutting down hard lockup detector on all cpus
[STDOUT  ] 2017-07-11T09:28:01.326618155Z: [    0.000000] e820: BIOS-provided physical RAM map:
[STDERR  ] 2017-07-11T09:28:01.326619365Z: [    0.693002] x86: Booted up 1 node, 1 CPUs
[STDERR  ] 2017-07-11T09:28:01.326631189Z: [    0.693440] smpboot: Total of 1 processors activated (5199.98 BogoMIPS)
[STDOUT  ] 2017-07-11T09:28:01.326633248Z: [    0.000000] BIOS-e820: [mem 0x0000000000000000-0x000000000009fbff] usable
[STDOUT  ] 2017-07-11T09:28:01.326637305Z: [    0.000000] BIOS-e820: [mem 0x000000000009fc00-0x000000000009ffff] reserved
[STDERR  ] 2017-07-11T09:28:01.326641599Z: [    0.707413] devtmpfs: initialized
[STDOUT  ] 2017-07-11T09:28:01.326647345Z: [    0.000000] BIOS-e820: [mem 0x00000000000f0000-0x00000000000fffff] reserved
[STDERR  ] 2017-07-11T09:28:01.326649561Z: [    0.714227] x86/mm: Memory block size: 128MB
[STDOUT  ] 2017-07-11T09:28:01.326654499Z: [    0.000000] BIOS-e820: [mem 0x0000000000100000-0x000000003ffdefff] usable
[STDERR  ] 2017-07-11T09:28:01.326657362Z: [    0.774025] clocksource: jiffies: mask: 0xffffffff max_cycles: 0xffffffff, max_idle_ns: 19112604462750000 ns
[STDOUT  ] 2017-07-11T09:28:01.326661889Z: [    0.000000] BIOS-e820: [mem 0x000000003ffdf000-0x000000003fffffff] reserved
[STDERR  ] 2017-07-11T09:28:01.326664946Z: [    0.775003] futex hash table entries: 256 (order: 2, 16384 bytes)
[STDOUT  ] 2017-07-11T09:28:01.326669121Z: [    0.000000] BIOS-e820: [mem 0x00000000b0000000-0x00000000bfffffff] reserved
[STDERR  ] 2017-07-11T09:28:01.326669008Z: [    0.784994] NET: Registered protocol family 16
[STDOUT  ] 2017-07-11T09:28:01.326675884Z: [    0.000000] BIOS-e820: [mem 0x00000000fed1c000-0x00000000fed1ffff] reserved
[STDERR  ] 2017-07-11T09:28:01.326678579Z: [    0.794457] cpuidle: using governor ladder
[STDOUT  ] 2017-07-11T09:28:01.326683345Z: [    0.000000] BIOS-e820: [mem 0x00000000fffc0000-0x00000000ffffffff] reserved
[STDERR  ] 2017-07-11T09:28:01.326690311Z: [    0.794963] cpuidle: using governor menu
[STDOUT  ] 2017-07-11T09:28:01.326692118Z: [    0.000000] NX (Execute Disable) protection: active
[STDERR  ] 2017-07-11T09:28:01.326697584Z: [    0.796162] ACPI: bus type PCI registered
[STDOUT  ] 2017-07-11T09:28:01.326699588Z: [    0.000000] SMBIOS 2.8 present.
[STDOUT  ] 2017-07-11T09:28:01.326706769Z: [    0.000000] e820: last_pfn = 0x3ffdf max_arch_pfn = 0x400000000
[STDOUT  ] 2017-07-11T09:28:01.326709808Z: [    0.000000] x86/PAT: Configuration [0-7]: WB  WC  UC- UC  WB  WC  UC- WT  
[STDERR  ] 2017-07-11T09:28:01.326708718Z: [    0.799031] PCI: MMCONFIG for domain 0000 [bus 00-ff] at [mem 0xb0000000-0xbfffffff] (base 0xb0000000)
[STDERR  ] 2017-07-11T09:28:01.326715094Z: [    0.799830] PCI: MMCONFIG at [mem 0xb0000000-0xbfffffff] reserved in E820
[STDOUT  ] 2017-07-11T09:28:01.326716139Z: [    0.000000] found SMP MP-table at [mem 0x000f6aa0-0x000f6aaf] mapped at [ffff95b5c00f6aa0]
[STDERR  ] 2017-07-11T09:28:01.326726885Z: [    0.800991] PCI: Using configuration type 1 for base access
[STDOUT  ] 2017-07-11T09:28:01.326728772Z: [    0.000000] RAMDISK: [mem 0x3d473000-0x3ffcffff]
[STDOUT  ] 2017-07-11T09:28:01.326733287Z: [    0.000000] ACPI: Early table checksum verification disabled
[STDERR  ] 2017-07-11T09:28:01.326734955Z: [    0.857717] HugeTLB registered 2 MB page size, pre-allocated 0 pages
[STDOUT  ] 2017-07-11T09:28:01.326741117Z: [    0.000000] ACPI: RSDP 0x00000000000F68C0 000014 (v00 BOCHS )
[STDERR  ] 2017-07-11T09:28:01.326742843Z: [    0.872003] ACPI: Added _OSI(Module Device)
[STDERR  ] 2017-07-11T09:28:01.326752855Z: [    0.872345] ACPI: Added _OSI(Processor Device)
[STDOUT  ] 2017-07-11T09:28:01.326757522Z: [    0.000000] ACPI: RSDT 0x000000003FFE2404 000034 (v01 BOCHS  BXPCRSDT 00000001 BXPC 00000001)
[STDOUT  ] 2017-07-11T09:28:01.326766456Z: [    0.000000] ACPI: FACP 0x000000003FFE22A4 000074 (v01 BOCHS  BXPCFACP 00000001 BXPC 00000001)
[STDERR  ] 2017-07-11T09:28:01.326768402Z: [    0.872626] ACPI: Added _OSI(3.0 _SCP Extensions)
[STDOUT  ] 2017-07-11T09:28:01.326773046Z: [    0.000000] ACPI: DSDT 0x000000003FFE0040 002264 (v01 BOCHS  BXPCDSDT 00000001 BXPC 00000001)
[STDERR  ] 2017-07-11T09:28:01.326777229Z: [    0.872907] ACPI: Added _OSI(Processor Aggregator Device)
[STDOUT  ] 2017-07-11T09:28:01.326785103Z: [    0.000000] ACPI: FACS 0x000000003FFE0000 000040
[STDERR  ] 2017-07-11T09:28:01.326786992Z: [    0.943136] ACPI: Interpreter enabled
[STDERR  ] 2017-07-11T09:28:01.326791259Z: [    0.944181] ACPI: (supports S0 S5)
[STDOUT  ] 2017-07-11T09:28:01.326793885Z: [    0.000000] ACPI: APIC 0x000000003FFE2318 000078 (v01 BOCHS  BXPCAPIC 00000001 BXPC 00000001)
[STDERR  ] 2017-07-11T09:28:01.326798085Z: [    0.944555] ACPI: Using IOAPIC for interrupt routing
[STDOUT  ] 2017-07-11T09:28:01.326801142Z: [    0.000000] ACPI: HPET 0x000000003FFE2390 000038 (v01 BOCHS  BXPCHPET 00000001 BXPC 00000001)
[STDOUT  ] 2017-07-11T09:28:01.32680902Z: [    0.000000] ACPI: MCFG 0x000000003FFE23C8 00003C (v01 BOCHS  BXPCMCFG 00000001 BXPC 00000001)
[STDERR  ] 2017-07-11T09:28:01.326810822Z: [    0.947276] PCI: Using host bridge windows from ACPI; if necessary, use "pci=nocrs" and report a bug
[STDOUT  ] 2017-07-11T09:28:01.326815577Z: [    0.000000] Zone ranges:
[STDOUT  ] 2017-07-11T09:28:01.326819556Z: [    0.000000]   DMA      [mem 0x0000000000001000-0x0000000000ffffff]
[STDERR  ] 2017-07-11T09:28:01.326820722Z: [    1.010576] ACPI: PCI Root Bridge [PCI0] (domain 0000 [bus 00-ff])
[STDOUT  ] 2017-07-11T09:28:01.326826076Z: [    0.000000]   DMA32    [mem 0x0000000001000000-0x000000003ffdefff]
[STDERR  ] 2017-07-11T09:28:01.326828233Z: [    1.011801] acpi PNP0A08:00: _OSC: OS supports [ExtendedConfig ASPM ClockPM Segments MSI]
[STDERR  ] 2017-07-11T09:28:01.326835563Z: [    1.018469] acpi PNP0A08:00: _OSC: OS now controls [PCIeHotplug PME PCIeCapability]
[STDOUT  ] 2017-07-11T09:28:01.326837402Z: [    0.000000]   Normal   empty
[STDERR  ] 2017-07-11T09:28:01.326842283Z: [    1.022331] PCI host bridge to bus 0000:00
[STDOUT  ] 2017-07-11T09:28:01.326844583Z: [    0.000000] Movable zone start for each node
[STDERR  ] 2017-07-11T09:28:01.326850029Z: [    1.022822] pci_bus 0000:00: root bus resource [io  0x0000-0x0cf7 window]
[STDOUT  ] 2017-07-11T09:28:01.326851792Z: [    0.000000] Early memory node ranges
[STDERR  ] 2017-07-11T09:28:01.326854292Z: [    1.023274] pci_bus 0000:00: root bus resource [io  0x0d00-0xffff window]
[STDOUT  ] 2017-07-11T09:28:01.326858822Z: [    0.000000]   node   0: [mem 0x0000000000001000-0x000000000009efff]
[STDERR  ] 2017-07-11T09:28:01.32686172Z: [    1.023710] pci_bus 0000:00: root bus resource [mem 0x000a0000-0x000bffff window]
[STDOUT  ] 2017-07-11T09:28:01.326865835Z: [    0.000000]   node   0: [mem 0x0000000000100000-0x000000003ffdefff]
[STDERR  ] 2017-07-11T09:28:01.326872343Z: [    1.024202] pci_bus 0000:00: root bus resource [mem 0xc0000000-0xfebfffff window]
[STDOUT  ] 2017-07-11T09:28:01.326874144Z: [    0.000000] Initmem setup node 0 [mem 0x0000000000001000-0x000000003ffdefff]
[STDERR  ] 2017-07-11T09:28:01.326879838Z: [    1.024883] pci_bus 0000:00: root bus resource [bus 00-ff]
[STDOUT  ] 2017-07-11T09:28:01.326881621Z: [    0.000000] ACPI: PM-Timer IO Port: 0x608
[STDOUT  ] 2017-07-11T09:28:01.326889256Z: [    0.000000] ACPI: LAPIC_NMI (acpi_id[0xff] dfl dfl lint[0x1])
[STDERR  ] 2017-07-11T09:28:01.326887534Z: [    1.114267] pci 0000:00:1f.0: quirk: [io  0x0600-0x067f] claimed by ICH6 ACPI/GPIO/TCO
[STDOUT  ] 2017-07-11T09:28:01.326894694Z: [    0.000000] IOAPIC[0]: apic_id 0, version 32, address 0xfec00000, GSI 0-23
[STDERR  ] 2017-07-11T09:28:01.326903453Z: [    1.171354] ACPI: PCI Interrupt Link [LNKA] (IRQs 5 *10 11)
[STDOUT  ] 2017-07-11T09:28:01.326905216Z: [    0.000000] ACPI: INT_SRC_OVR (bus 0 bus_irq 0 global_irq 2 dfl dfl)
[STDERR  ] 2017-07-11T09:28:01.326913288Z: [    1.174272] ACPI: PCI Interrupt Link [LNKB] (IRQs 5 *10 11)
[STDOUT  ] 2017-07-11T09:28:01.326918266Z: [    0.000000] ACPI: INT_SRC_OVR (bus 0 bus_irq 5 global_irq 5 high level)
[STDERR  ] 2017-07-11T09:28:01.32692093Z: [    1.176554] ACPI: PCI Interrupt Link [LNKC] (IRQs 5 10 *11)
[STDOUT  ] 2017-07-11T09:28:01.326925653Z: [    0.000000] ACPI: INT_SRC_OVR (bus 0 bus_irq 9 global_irq 9 high level)
[STDERR  ] 2017-07-11T09:28:01.326932027Z: [    1.178435] ACPI: PCI Interrupt Link [LNKD] (IRQs 5 10 *11)
[STDOUT  ] 2017-07-11T09:28:01.326934168Z: [    0.000000] ACPI: INT_SRC_OVR (bus 0 bus_irq 10 global_irq 10 high level)
[STDOUT  ] 2017-07-11T09:28:01.326941603Z: [    0.000000] ACPI: INT_SRC_OVR (bus 0 bus_irq 11 global_irq 11 high level)
[STDERR  ] 2017-07-11T09:28:01.326939798Z: [    1.180474] ACPI: PCI Interrupt Link [LNKE] (IRQs 5 *10 11)
[STDOUT  ] 2017-07-11T09:28:01.326947611Z: [    0.000000] Using ACPI (MADT) for SMP configuration information
[STDERR  ] 2017-07-11T09:28:01.326950873Z: [    1.182346] ACPI: PCI Interrupt Link [LNKF] (IRQs 5 *10 11)
[STDOUT  ] 2017-07-11T09:28:01.326955127Z: [    0.000000] ACPI: HPET id: 0x8086a201 base: 0xfed00000
[STDERR  ] 2017-07-11T09:28:01.326955148Z: [    1.184204] ACPI: PCI Interrupt Link [LNKG] (IRQs 5 10 *11)
[STDOUT  ] 2017-07-11T09:28:01.326959286Z: [    0.000000] smpboot: Allowing 1 CPUs, 0 hotplug CPUs
[STDERR  ] 2017-07-11T09:28:01.326964418Z: [    1.186073] ACPI: PCI Interrupt Link [LNKH] (IRQs 5 10 *11)
[STDOUT  ] 2017-07-11T09:28:01.3269692Z: [    0.000000] e820: [mem 0x40000000-0xafffffff] available for PCI devices
[STDOUT  ] 2017-07-11T09:28:01.326972751Z: [    0.000000] Booting paravirtualized kernel on bare hardware
[STDERR  ] 2017-07-11T09:28:01.326974687Z: [    1.187080] ACPI: PCI Interrupt Link [GSIA] (IRQs *16)
[STDERR  ] 2017-07-11T09:28:01.32698201Z: [    1.187862] ACPI: PCI Interrupt Link [GSIB] (IRQs *17)
[STDOUT  ] 2017-07-11T09:28:01.326988697Z: [    0.000000] clocksource: refined-jiffies: mask: 0xffffffff max_cycles: 0xffffffff, max_idle_ns: 19112604462750000 ns
[STDERR  ] 2017-07-11T09:28:01.32699052Z: [    1.188648] ACPI: PCI Interrupt Link [GSIC] (IRQs *18)
[STDERR  ] 2017-07-11T09:28:01.326994687Z: [    1.189361] ACPI: PCI Interrupt Link [GSID] (IRQs *19)
[STDOUT  ] 2017-07-11T09:28:01.326996076Z: [    0.000000] setup_percpu: NR_CPUS:128 nr_cpumask_bits:128 nr_cpu_ids:1 nr_node_ids:1
[STDOUT  ] 2017-07-11T09:28:01.327003377Z: [    0.000000] percpu: Embedded 35 pages/cpu @ffff95b5fd200000 s105112 r8192 d30056 u2097152
[STDERR  ] 2017-07-11T09:28:01.32700521Z: [    1.190192] ACPI: PCI Interrupt Link [GSIE] (IRQs *20)
[STDOUT  ] 2017-07-11T09:28:01.327006466Z: [    0.000000] Built 1 zonelists in Zone order, mobility grouping on.  Total pages: 257896
[STDERR  ] 2017-07-11T09:28:01.327012307Z: [    1.190960] ACPI: PCI Interrupt Link [GSIF] (IRQs *21)
[STDERR  ] 2017-07-11T09:28:01.327016283Z: [    1.191668] ACPI: PCI Interrupt Link [GSIG] (IRQs *22)
[STDOUT  ] 2017-07-11T09:28:01.327017355Z: [    0.000000] Kernel command line: console=ttyS0 page_poison=1
[STDOUT  ] 2017-07-11T09:28:01.327026448Z: [    0.000000] PID hash table entries: 4096 (order: 3, 32768 bytes)
[STDERR  ] 2017-07-11T09:28:01.327028217Z: [    1.192410] ACPI: PCI Interrupt Link [GSIH] (IRQs *23)
[STDERR  ] 2017-07-11T09:28:01.327031968Z: [    1.196105] ACPI: Enabled 2 GPEs in block 00 to 3F
[STDOUT  ] 2017-07-11T09:28:01.327033069Z: [    0.000000] Dentry cache hash table entries: 131072 (order: 8, 1048576 bytes)
[STDERR  ] 2017-07-11T09:28:01.327038337Z: [    1.200619] SCSI subsystem initialized
[STDOUT  ] 2017-07-11T09:28:01.327036889Z: [    0.000000] Inode-cache hash table entries: 65536 (order: 7, 524288 bytes)
[STDERR  ] 2017-07-11T09:28:01.327061651Z: [    1.202538] ACPI: bus type USB registered
[STDERR  ] 2017-07-11T09:28:01.327069259Z: [    1.203706] usbcore: registered new interface driver usbfs
[STDERR  ] 2017-07-11T09:28:01.327074942Z: [    1.204926] usbcore: registered new interface driver hub
[STDERR  ] 2017-07-11T09:28:01.327082041Z: [    1.205790] usbcore: registered new device driver usb
[STDERR  ] 2017-07-11T09:28:01.327087529Z: [    1.206843] pps_core: LinuxPPS API ver. 1 registered
[STDERR  ] 2017-07-11T09:28:01.327093574Z: [    1.207034] pps_core: Software ver. 5.3.6 - Copyright 2005-2007 Rodolfo Giometti <giometti@linux.it>
[STDOUT  ] 2017-07-11T09:28:01.327080211Z: [    0.000000] Memory: 969776K/1048052K available (8019K kernel code, 1366K rwdata, 2692K rodata, 1372K init, 568K bss, 78276K reserved, 0K cma-reserved)
[STDOUT  ] 2017-07-11T09:28:01.327106234Z: [    0.000000] Hierarchical RCU implementation.
[STDERR  ] 2017-07-11T09:28:01.327111512Z: [    1.207520] PTP clock support registered
[STDERR  ] 2017-07-11T09:28:01.327119999Z: [    1.209059] wmi: Mapper loaded
[STDERR  ] 2017-07-11T09:28:01.327123164Z: [    1.210671] PCI: Using ACPI for IRQ routing
[STDOUT  ] 2017-07-11T09:28:01.327121849Z: [    0.000000] 	Build-time adjustment of leaf fanout to 64.
[STDERR  ] 2017-07-11T09:28:01.327131427Z: [    1.228625] NetLabel: Initializing
[STDOUT  ] 2017-07-11T09:28:01.327134801Z: [    0.000000] 	RCU restricting CPUs from NR_CPUS=128 to nr_cpu_ids=1.
[STDOUT  ] 2017-07-11T09:28:01.327142869Z: [    0.000000] RCU: Adjusting geometry for rcu_fanout_leaf=64, nr_cpu_ids=1
[STDERR  ] 2017-07-11T09:28:01.327145152Z: [    1.228928] NetLabel:  domain hash size = 128
[STDOUT  ] 2017-07-11T09:28:01.327146048Z: [    0.000000] NR_IRQS:8448 nr_irqs:256 16
[STDERR  ] 2017-07-11T09:28:01.327152567Z: [    1.229238] NetLabel:  protocols = UNLABELED CIPSOv4
[STDOUT  ] 2017-07-11T09:28:01.327158252Z: [    0.000000] Console: colour VGA+ 80x25
[STDOUT  ] 2017-07-11T09:28:01.327161882Z: [    0.000000] console [ttyS0] enabled
[STDERR  ] 2017-07-11T09:28:01.327164816Z: [    1.232206] NetLabel:  unlabeled traffic allowed by default
[STDOUT  ] 2017-07-11T09:28:01.32716857Z: [    0.000000] allocated 2097152 bytes of page_ext
[STDERR  ] 2017-07-11T09:28:01.327172773Z: [    1.233494] HPET: 3 timers in total, 0 timers will be used for per-cpu timer
[STDOUT  ] 2017-07-11T09:28:01.327179429Z: [    0.000000] clocksource: hpet: mask: 0xffffffff max_cycles: 0xffffffff, max_idle_ns: 19112604467 ns
[STDERR  ] 2017-07-11T09:28:01.327181355Z: [    1.234372] hpet0: at MMIO 0xfed00000, IRQs 2, 8, 0
[STDOUT  ] 2017-07-11T09:28:01.327187026Z: [    0.000000] tsc: Fast TSC calibration using PIT
[STDERR  ] 2017-07-11T09:28:01.327188815Z: [    1.234926] hpet0: 3 comparators, 64-bit 100.000000 MHz counter
[STDOUT  ] 2017-07-11T09:28:01.327194345Z: [    0.000000] tsc: Detected 2599.992 MHz processor
[STDERR  ] 2017-07-11T09:28:01.32719642Z: [    1.239638] clocksource: Switched to clocksource hpet
[STDOUT  ] 2017-07-11T09:28:01.32720169Z: [    0.032484] Calibrating delay loop (skipped), value calculated using timer frequency.. 5199.98 BogoMIPS (lpj=25999920)
[STDERR  ] 2017-07-11T09:28:01.327203589Z: [    1.551242] VFS: Disk quotas dquot_6.6.0
[STDOUT  ] 2017-07-11T09:28:01.327209085Z: [    0.033327] pid_max: default: 32768 minimum: 301
[STDERR  ] 2017-07-11T09:28:01.327210942Z: [    1.552191] VFS: Dquot-cache hash table entries: 512 (order 0, 4096 bytes)
[STDERR  ] 2017-07-11T09:28:01.327214719Z: [    1.556098] FS-Cache: Loaded
[STDOUT  ] 2017-07-11T09:28:01.327216009Z: [    0.034108] ACPI: Core revision 20160831
[STDOUT  ] 2017-07-11T09:28:01.327220249Z: [    0.075918] ACPI: 1 ACPI AML tables successfully acquired and loaded
[STDERR  ] 2017-07-11T09:28:01.327221906Z: [    1.561138] CacheFiles: Loaded
[STDOUT  ] 2017-07-11T09:28:01.32723125Z: [    0.081165] Security Framework initialized
[STDOUT  ] 2017-07-11T09:28:01.327234929Z: [    0.081572] Yama: becoming mindful.
[STDERR  ] 2017-07-11T09:28:01.327233035Z: [    1.562833] pnp: PnP ACPI init
[STDERR  ] 2017-07-11T09:28:01.327244033Z: [    1.574253] pnp: PnP ACPI: found 5 devices
[STDOUT  ] 2017-07-11T09:28:01.327248009Z: [    0.083521] Mount-cache hash table entries: 2048 (order: 2, 16384 bytes)
[STDERR  ] 2017-07-11T09:28:01.327251066Z: [    1.623817] clocksource: acpi_pm: mask: 0xffffff max_cycles: 0xffffff, max_idle_ns: 2085701024 ns
[STDOUT  ] 2017-07-11T09:28:01.327257565Z: [    0.084144] Mountpoint-cache hash table entries: 2048 (order: 2, 16384 bytes)
[STDERR  ] 2017-07-11T09:28:01.32726235Z: [    1.628020] NET: Registered protocol family 2
[STDOUT  ] 2017-07-11T09:28:01.327268982Z: [    0.104341] Last level iTLB entries: 4KB 0, 2MB 0, 4MB 0
[STDERR  ] 2017-07-11T09:28:01.327272252Z: [    1.635237] TCP established hash table entries: 8192 (order: 4, 65536 bytes)
[STDOUT  ] 2017-07-11T09:28:01.327285703Z: [    0.104763] Last level dTLB entries: 4KB 0, 2MB 0, 4MB 0, 1GB 0
[STDERR  ] 2017-07-11T09:28:01.32728761Z: [    1.636009] TCP bind hash table entries: 8192 (order: 5, 131072 bytes)
[STDERR  ] 2017-07-11T09:28:01.327292006Z: [    1.636708] TCP: Hash tables configured (established 8192 bind 8192)
[STDOUT  ] 2017-07-11T09:28:01.327294059Z: [    0.395361] Freeing SMP alternatives memory: 20K (ffffffffa3eae000 - ffffffffa3eb3000)
[STDOUT  ] 2017-07-11T09:28:01.32729797Z: [    0.405687] ftrace: allocating 35428 entries in 139 pages
[STDERR  ] 2017-07-11T09:28:01.327301706Z: [    1.638551] UDP hash table entries: 512 (order: 2, 16384 bytes)
[STDERR  ] 2017-07-11T09:28:01.327305468Z: [    1.639137] UDP-Lite hash table entries: 512 (order: 2, 16384 bytes)
[STDOUT  ] 2017-07-11T09:28:01.327307776Z: [    0.572220] smpboot: Max logical packages: 1
[STDOUT  ] 2017-07-11T09:28:01.327311599Z: [    0.579067] ..TIMER: vector=0x30 apic1=0 pin1=2 apic2=-1 pin2=-1
[STDERR  ] 2017-07-11T09:28:01.32732105Z: [    1.641654] NET: Registered protocol family 1
[STDOUT  ] 2017-07-11T09:28:01.327322899Z: [    0.680000] smpboot: CPU0: AMD QEMU Virtual CPU version 2.5+ (family: 0x6, model: 0x6, stepping: 0x3)
[STDOUT  ] 2017-07-11T09:28:01.327327231Z: [    0.680000] Performance Events: PMU not available due to virtualization, using software events only.
[STDERR  ] 2017-07-11T09:28:01.327328881Z: [    1.642622] pci 0000:00:01.0: Video device with shadowed ROM at [mem 0x000c0000-0x000dffff]
[STDOUT  ] 2017-07-11T09:28:01.327333711Z: [    0.688629] NMI watchdog: disabled (cpu0): hardware events not enabled
[STDERR  ] 2017-07-11T09:28:01.327336383Z: [    1.649369] Unpacking initramfs...
[STDOUT  ] 2017-07-11T09:28:01.327343467Z: [    0.689097] NMI watchdog: Shutting down hard lockup detector on all cpus
[STDOUT  ] 2017-07-11T09:28:01.327350351Z: [    0.693002] x86: Booted up 1 node, 1 CPUs
[STDOUT  ] 2017-07-11T09:28:01.327355999Z: [    0.693440] smpboot: Total of 1 processors activated (5199.98 BogoMIPS)
[STDOUT  ] 2017-07-11T09:28:01.32736133Z: [    0.707413] devtmpfs: initialized
[STDOUT  ] 2017-07-11T09:28:01.327364281Z: [    0.714227] x86/mm: Memory block size: 128MB
[STDERR  ] 2017-07-11T09:28:01.327347919Z: [    7.178191] Freeing initrd memory: 44404K (ffff95b5fd473000 - ffff95b5fffd0000)
[STDOUT  ] 2017-07-11T09:28:01.327373453Z: [    0.774025] clocksource: jiffies: mask: 0xffffffff max_cycles: 0xffffffff, max_idle_ns: 19112604462750000 ns
[STDERR  ] 2017-07-11T09:28:01.327375363Z: [    7.202131] PCLMULQDQ-NI instructions are not detected.
[STDOUT  ] 2017-07-11T09:28:01.327377027Z: [    0.775003] futex hash table entries: 256 (order: 2, 16384 bytes)
[STDERR  ] 2017-07-11T09:28:01.327384236Z: [    7.203621] AVX or AES-NI instructions are not detected.
[STDOUT  ] 2017-07-11T09:28:01.327389047Z: [    0.784994] NET: Registered protocol family 16
[STDERR  ] 2017-07-11T09:28:01.327391883Z: [    7.204111] CPU feature 'AVX registers' is not supported.
[STDERR  ] 2017-07-11T09:28:01.327395703Z: [    7.204532] CPU feature 'AVX registers' is not supported.
[STDERR  ] 2017-07-11T09:28:01.327401616Z: [    7.204910] CPU feature 'AVX registers' is not supported.
[STDOUT  ] 2017-07-11T09:28:01.327408899Z: [    0.794457] cpuidle: using governor ladder
[STDOUT  ] 2017-07-11T09:28:01.32742577Z: [    0.794963] cpuidle: using governor menu
[STDERR  ] 2017-07-11T09:28:01.327427627Z: [    7.205281] CPU feature 'AVX registers' is not supported.
[STDOUT  ] 2017-07-11T09:28:01.327432361Z: [    0.796162] ACPI: bus type PCI registered
[STDERR  ] 2017-07-11T09:28:01.32743549Z: [    7.205677] AVX2 or AES-NI instructions are not detected.
[STDOUT  ] 2017-07-11T09:28:01.327436487Z: [    0.799031] PCI: MMCONFIG for domain 0000 [bus 00-ff] at [mem 0xb0000000-0xbfffffff] (base 0xb0000000)
[STDERR  ] 2017-07-11T09:28:01.32743991Z: [    7.206058] AVX2 instructions are not detected.
[STDOUT  ] 2017-07-11T09:28:01.327445333Z: [    0.799830] PCI: MMCONFIG at [mem 0xb0000000-0xbfffffff] reserved in E820
[STDERR  ] 2017-07-11T09:28:01.327450751Z: [    7.212717] audit: initializing netlink subsys (disabled)
[STDERR  ] 2017-07-11T09:28:01.32746323Z: [    7.214306] audit: type=2000 audit(1499765257.210:1): initialized
[STDERR  ] 2017-07-11T09:28:01.327466675Z: [    7.221895] workingset: timestamp_bits=46 max_order=18 bucket_order=0
[STDOUT  ] 2017-07-11T09:28:01.327465337Z: [    0.800991] PCI: Using configuration type 1 for base access
[STDOUT  ] 2017-07-11T09:28:01.327475657Z: [    0.857717] HugeTLB registered 2 MB page size, pre-allocated 0 pages
[STDERR  ] 2017-07-11T09:28:01.32747757Z: [    7.230533] FS-Cache: Netfs 'cifs' registered for caching
[STDOUT  ] 2017-07-11T09:28:01.327482334Z: [    0.872003] ACPI: Added _OSI(Module Device)
[STDERR  ] 2017-07-11T09:28:01.327485468Z: [    7.231521] fuse init (API version 7.26)
[STDOUT  ] 2017-07-11T09:28:01.32749006Z: [    0.872345] ACPI: Added _OSI(Processor Device)
[STDERR  ] 2017-07-11T09:28:01.327492995Z: [    7.233898] SGI XFS with ACLs, security attributes, no debug enabled
[STDOUT  ] 2017-07-11T09:28:01.327497771Z: [    0.872626] ACPI: Added _OSI(3.0 _SCP Extensions)
[STDERR  ] 2017-07-11T09:28:01.327500622Z: [    7.237514] 9p: Installing v9fs 9p2000 file system support
[STDOUT  ] 2017-07-11T09:28:01.327506202Z: [    0.872907] ACPI: Added _OSI(Processor Aggregator Device)
[STDERR  ] 2017-07-11T09:28:01.327514517Z: [    7.238018] FS-Cache: Netfs '9p' registered for caching
[STDOUT  ] 2017-07-11T09:28:01.327516327Z: [    0.943136] ACPI: Interpreter enabled
[STDERR  ] 2017-07-11T09:28:01.327522774Z: [    7.268694] NET: Registered protocol family 38
[STDOUT  ] 2017-07-11T09:28:01.327524564Z: [    0.944181] ACPI: (supports S0 S5)
[STDOUT  ] 2017-07-11T09:28:01.32753051Z: [    0.944555] ACPI: Using IOAPIC for interrupt routing
[STDERR  ] 2017-07-11T09:28:01.327532601Z: [    7.269323] Key type asymmetric registered
[STDERR  ] 2017-07-11T09:28:01.327542362Z: [    7.269713] Asymmetric key parser 'x509' registered
[STDERR  ] 2017-07-11T09:28:01.327548831Z: [    7.272085] Block layer SCSI generic (bsg) driver version 0.4 loaded (major 251)
[STDOUT  ] 2017-07-11T09:28:01.327546742Z: [    0.947276] PCI: Using host bridge windows from ACPI; if necessary, use "pci=nocrs" and report a bug
[STDERR  ] 2017-07-11T09:28:01.327555432Z: [    7.273611] io scheduler noop registered
[STDOUT  ] 2017-07-11T09:28:01.327555252Z: [    1.010576] ACPI: PCI Root Bridge [PCI0] (domain 0000 [bus 00-ff])
[STDERR  ] 2017-07-11T09:28:01.327568794Z: [    7.273933] io scheduler deadline registered (default)
[STDOUT  ] 2017-07-11T09:28:01.327573087Z: [    1.011801] acpi PNP0A08:00: _OSC: OS supports [ExtendedConfig ASPM ClockPM Segments MSI]
[STDERR  ] 2017-07-11T09:28:01.327576545Z: [    7.274652] io scheduler cfq registered
[STDOUT  ] 2017-07-11T09:28:01.327581664Z: [    1.018469] acpi PNP0A08:00: _OSC: OS now controls [PCIeHotplug PME PCIeCapability]
[STDERR  ] 2017-07-11T09:28:01.327583861Z: [    7.277296] pci_hotplug: PCI Hot Plug PCI Core version: 0.5
[STDOUT  ] 2017-07-11T09:28:01.327589681Z: [    1.022331] PCI host bridge to bus 0000:00
[STDERR  ] 2017-07-11T09:28:01.32759158Z: [    7.277884] pciehp: PCI Express Hot Plug Controller Driver version: 0.4
[STDOUT  ] 2017-07-11T09:28:01.327596985Z: [    1.022822] pci_bus 0000:00: root bus resource [io  0x0000-0x0cf7 window]
[STDERR  ] 2017-07-11T09:28:01.327598968Z: [    7.278882] shpchp: Standard Hot Plug PCI Controller Driver version: 0.4
[STDERR  ] 2017-07-11T09:28:01.327609683Z: [    7.279811] hv_vmbus: registering driver hyperv_fb
[STDOUT  ] 2017-07-11T09:28:01.327611591Z: [    1.023274] pci_bus 0000:00: root bus resource [io  0x0d00-0xffff window]
[STDERR  ] 2017-07-11T09:28:01.327616156Z: [    7.286300] input: Power Button as /devices/LNXSYSTM:00/LNXPWRBN:00/input/input0
[STDOUT  ] 2017-07-11T09:28:01.327619028Z: [    1.023710] pci_bus 0000:00: root bus resource [mem 0x000a0000-0x000bffff window]
[STDERR  ] 2017-07-11T09:28:01.327623378Z: [    7.287442] ACPI: Power Button [PWRF]
[STDOUT  ] 2017-07-11T09:28:01.327626641Z: [    1.024202] pci_bus 0000:00: root bus resource [mem 0xc0000000-0xfebfffff window]
[STDERR  ] 2017-07-11T09:28:01.327630251Z: [    7.292461] GHES: HEST is not enabled!
[STDOUT  ] 2017-07-11T09:28:01.327642196Z: [    1.024883] pci_bus 0000:00: root bus resource [bus 00-ff]
[STDERR  ] 2017-07-11T09:28:01.327644022Z: [    7.305186] ACPI: PCI Interrupt Link [GSIH] enabled at IRQ 23
[STDERR  ] 2017-07-11T09:28:01.327653079Z: [    7.313036] xenfs: not registering filesystem on non-xen platform
[STDERR  ] 2017-07-11T09:28:01.327656183Z: [    7.315074] Serial: 8250/16550 driver, 4 ports, IRQ sharing disabled
[STDOUT  ] 2017-07-11T09:28:01.327655902Z: [    1.114267] pci 0000:00:1f.0: quirk: [io  0x0600-0x067f] claimed by ICH6 ACPI/GPIO/TCO
[STDERR  ] 2017-07-11T09:28:01.327662326Z: [    7.339833] 00:04: ttyS0 at I/O 0x3f8 (irq = 4, base_baud = 115200) is a 16550A
[STDOUT  ] 2017-07-11T09:28:01.327673281Z: [    1.171354] ACPI: PCI Interrupt Link [LNKA] (IRQs 5 *10 11)
[STDERR  ] 2017-07-11T09:28:01.327674986Z: [    7.352411] Non-volatile memory driver v1.3
[STDERR  ] 2017-07-11T09:28:01.327680678Z: [    7.358335] Hangcheck: starting hangcheck timer 0.9.1 (tick is 180 seconds, margin is 60 seconds).
[STDOUT  ] 2017-07-11T09:28:01.327684425Z: [    1.174272] ACPI: PCI Interrupt Link [LNKB] (IRQs 5 *10 11)
[STDOUT  ] 2017-07-11T09:28:01.327690179Z: [    1.176554] ACPI: PCI Interrupt Link [LNKC] (IRQs 5 10 *11)
[STDERR  ] 2017-07-11T09:28:01.327693102Z: [    7.395982] loop: module loaded
[STDOUT  ] 2017-07-11T09:28:01.327706236Z: [    1.178435] ACPI: PCI Interrupt Link [LNKD] (IRQs 5 10 *11)
[STDERR  ] 2017-07-11T09:28:01.327707953Z: [    7.411353] nbd: registered device at major 43
[STDERR  ] 2017-07-11T09:28:01.327713978Z: [    7.455594] lpc_ich 0000:00:1f.0: I/O space for GPIO uninitialized
[STDOUT  ] 2017-07-11T09:28:01.327715923Z: [    1.180474] ACPI: PCI Interrupt Link [LNKE] (IRQs 5 *10 11)
[STDOUT  ] 2017-07-11T09:28:01.327719585Z: [    1.182346] ACPI: PCI Interrupt Link [LNKF] (IRQs 5 *10 11)
[STDERR  ] 2017-07-11T09:28:01.327720468Z: [    7.457894] VMware PVSCSI driver - version 1.0.7.0-k
[STDOUT  ] 2017-07-11T09:28:01.327730161Z: [    1.184204] ACPI: PCI Interrupt Link [LNKG] (IRQs 5 10 *11)
[STDERR  ] 2017-07-11T09:28:01.327732076Z: [    7.458649] hv_vmbus: registering driver hv_storvsc
[STDERR  ] 2017-07-11T09:28:01.327736366Z: [    7.470891] ACPI: PCI Interrupt Link [GSIA] enabled at IRQ 16
[STDOUT  ] 2017-07-11T09:28:01.327737739Z: [    1.186073] ACPI: PCI Interrupt Link [LNKH] (IRQs 5 10 *11)
[STDERR  ] 2017-07-11T09:28:01.32774572Z: [    7.476860] ahci 0000:00:1f.2: AHCI 0001.0000 32 slots 6 ports 1.5 Gbps 0x3f impl SATA mode
[STDOUT  ] 2017-07-11T09:28:01.327749896Z: [    1.187080] ACPI: PCI Interrupt Link [GSIA] (IRQs *16)
[STDERR  ] 2017-07-11T09:28:01.327752914Z: [    7.477517] ahci 0000:00:1f.2: flags: 64bit ncq only 
[STDOUT  ] 2017-07-11T09:28:01.327753979Z: [    1.187862] ACPI: PCI Interrupt Link [GSIB] (IRQs *17)
[STDERR  ] 2017-07-11T09:28:01.327756713Z: [    7.498352] scsi host0: ahci
[STDOUT  ] 2017-07-11T09:28:01.327765847Z: [    1.188648] ACPI: PCI Interrupt Link [GSIC] (IRQs *18)
[STDERR  ] 2017-07-11T09:28:01.32776781Z: [    7.504057] scsi host1: ahci
[STDOUT  ] 2017-07-11T09:28:01.32777294Z: [    1.189361] ACPI: PCI Interrupt Link [GSID] (IRQs *19)
[STDOUT  ] 2017-07-11T09:28:01.327776512Z: [    1.190192] ACPI: PCI Interrupt Link [GSIE] (IRQs *20)
[STDERR  ] 2017-07-11T09:28:01.327777473Z: [    7.506396] scsi host2: ahci
[STDOUT  ] 2017-07-11T09:28:01.32778992Z: [    1.190960] ACPI: PCI Interrupt Link [GSIF] (IRQs *21)
[STDERR  ] 2017-07-11T09:28:01.3277919Z: [    7.508689] scsi host3: ahci
[STDOUT  ] 2017-07-11T09:28:01.327797669Z: [    1.191668] ACPI: PCI Interrupt Link [GSIG] (IRQs *22)
[STDERR  ] 2017-07-11T09:28:01.327799659Z: [    7.511145] scsi host4: ahci
[STDOUT  ] 2017-07-11T09:28:01.327801496Z: [    1.192410] ACPI: PCI Interrupt Link [GSIH] (IRQs *23)
[STDERR  ] 2017-07-11T09:28:01.327806747Z: [    7.513325] scsi host5: ahci
[STDOUT  ] 2017-07-11T09:28:01.327812179Z: [    1.196105] ACPI: Enabled 2 GPEs in block 00 to 3F
[STDERR  ] 2017-07-11T09:28:01.327813903Z: [    7.515151] ata1: SATA max UDMA/133 abar m4096@0xfebf1000 port 0xfebf1100 irq 24
[STDOUT  ] 2017-07-11T09:28:01.327822782Z: [    1.200619] SCSI subsystem initialized
[STDERR  ] 2017-07-11T09:28:01.327825272Z: [    7.515651] ata2: SATA max UDMA/133 abar m4096@0xfebf1000 port 0xfebf1180 irq 24
[STDOUT  ] 2017-07-11T09:28:01.32782753Z: [    1.202538] ACPI: bus type USB registered
[STDERR  ] 2017-07-11T09:28:01.327829583Z: [    7.516101] ata3: SATA max UDMA/133 abar m4096@0xfebf1000 port 0xfebf1200 irq 24
[STDERR  ] 2017-07-11T09:28:01.327837627Z: [    7.516524] ata4: SATA max UDMA/133 abar m4096@0xfebf1000 port 0xfebf1280 irq 24
[STDOUT  ] 2017-07-11T09:28:01.32783975Z: [    1.203706] usbcore: registered new interface driver usbfs
[STDOUT  ] 2017-07-11T09:28:01.327852569Z: [    1.204926] usbcore: registered new interface driver hub
[STDERR  ] 2017-07-11T09:28:01.327854379Z: [    7.516933] ata5: SATA max UDMA/133 abar m4096@0xfebf1000 port 0xfebf1300 irq 24
[STDOUT  ] 2017-07-11T09:28:01.327857587Z: [    1.205790] usbcore: registered new device driver usb
[STDERR  ] 2017-07-11T09:28:01.327861494Z: [    7.517379] ata6: SATA max UDMA/133 abar m4096@0xfebf1000 port 0xfebf1380 irq 24
[STDOUT  ] 2017-07-11T09:28:01.327867883Z: [    1.206843] pps_core: LinuxPPS API ver. 1 registered
[STDERR  ] 2017-07-11T09:28:01.327872693Z: [    7.531305] tun: Universal TUN/TAP device driver, 1.6
[STDERR  ] 2017-07-11T09:28:01.327883399Z: [    7.531669] tun: (C) 1999-2004 Max Krasnyansky <maxk@qualcomm.com>
[STDOUT  ] 2017-07-11T09:28:01.327885713Z: [    1.207034] pps_core: Software ver. 5.3.6 - Copyright 2005-2007 Rodolfo Giometti <giometti@linux.it>
[STDERR  ] 2017-07-11T09:28:01.327889965Z: [    7.533394] VMware vmxnet3 virtual NIC driver - version 1.4.a.0-k-NAPI
[STDOUT  ] 2017-07-11T09:28:01.327898725Z: [    1.207520] PTP clock support registered
[STDERR  ] 2017-07-11T09:28:01.32790037Z: [    7.534248] hv_vmbus: registering driver hv_netvsc
[STDOUT  ] 2017-07-11T09:28:01.327908451Z: [    1.209059] wmi: Mapper loaded
[STDERR  ] 2017-07-11T09:28:01.327911594Z: [    7.534613] Fusion MPT base driver 3.04.20
[STDOUT  ] 2017-07-11T09:28:01.327916135Z: [    1.210671] PCI: Using ACPI for IRQ routing
[STDERR  ] 2017-07-11T09:28:01.327919118Z: [    7.534847] Copyright (c) 1999-2008 LSI Corporation
[STDERR  ] 2017-07-11T09:28:01.32792289Z: [    7.535417] Fusion MPT SPI Host driver 3.04.20
[STDOUT  ] 2017-07-11T09:28:01.327923648Z: [    1.228625] NetLabel: Initializing
[STDERR  ] 2017-07-11T09:28:01.327932473Z: [    7.537364] i8042: PNP: PS/2 Controller [PNP0303:KBD,PNP0f13:MOU] at 0x60,0x64 irq 1,12
[STDOUT  ] 2017-07-11T09:28:01.327935168Z: [    1.228928] NetLabel:  domain hash size = 128
[STDERR  ] 2017-07-11T09:28:01.32793647Z: [    7.541929] serio: i8042 KBD port at 0x60,0x64 irq 1
[STDOUT  ] 2017-07-11T09:28:01.327939974Z: [    1.229238] NetLabel:  protocols = UNLABELED CIPSOv4
[STDERR  ] 2017-07-11T09:28:01.327945307Z: [    7.542759] serio: i8042 AUX port at 0x60,0x64 irq 12
[STDOUT  ] 2017-07-11T09:28:01.327950221Z: [    1.232206] NetLabel:  unlabeled traffic allowed by default
[STDERR  ] 2017-07-11T09:28:01.327955574Z: [    7.545766] hv_vmbus: registering driver hyperv_keyboard
[STDOUT  ] 2017-07-11T09:28:01.327961967Z: [    1.233494] HPET: 3 timers in total, 0 timers will be used for per-cpu timer
[STDERR  ] 2017-07-11T09:28:01.327963611Z: [    7.547987] mousedev: PS/2 mouse device common for all mice
[STDOUT  ] 2017-07-11T09:28:01.327973794Z: [    1.234372] hpet0: at MMIO 0xfed00000, IRQs 2, 8, 0
[STDERR  ] 2017-07-11T09:28:01.327975567Z: [    7.553060] input: AT Translated Set 2 keyboard as /devices/platform/i8042/serio0/input/input1
[STDOUT  ] 2017-07-11T09:28:01.32798151Z: [    1.234926] hpet0: 3 comparators, 64-bit 100.000000 MHz counter
[STDERR  ] 2017-07-11T09:28:01.327983358Z: [    7.555996] input: PC Speaker as /devices/platform/pcspkr/input/input2
[STDERR  ] 2017-07-11T09:28:01.3279908Z: [    7.559431] rtc_cmos 00:00: RTC can wake from S4
[STDOUT  ] 2017-07-11T09:28:01.3279886Z: [    1.239638] clocksource: Switched to clocksource hpet
[STDERR  ] 2017-07-11T09:28:01.328001107Z: [    7.562996] rtc_cmos 00:00: rtc core: registered rtc_cmos as rtc0
[STDOUT  ] 2017-07-11T09:28:01.328003283Z: [    1.551242] VFS: Disk quotas dquot_6.6.0
[STDOUT  ] 2017-07-11T09:28:01.328006973Z: [    1.552191] VFS: Dquot-cache hash table entries: 512 (order 0, 4096 bytes)
[STDERR  ] 2017-07-11T09:28:01.328008633Z: [    7.564412] rtc_cmos 00:00: alarms up to one day, y3k, 114 bytes nvram, hpet irqs
[STDERR  ] 2017-07-11T09:28:01.328016525Z: [    7.565056] i2c /dev entries driver
[STDOUT  ] 2017-07-11T09:28:01.328018405Z: [    1.556098] FS-Cache: Loaded
[STDERR  ] 2017-07-11T09:28:01.328023434Z: [    7.566963] device-mapper: ioctl: 4.35.0-ioctl (2016-06-23) initialised: dm-devel@redhat.com
[STDOUT  ] 2017-07-11T09:28:01.328026144Z: [    1.561138] CacheFiles: Loaded
[STDERR  ] 2017-07-11T09:28:01.328027307Z: [    7.571919] usbcore: registered new interface driver usbhid
[STDOUT  ] 2017-07-11T09:28:01.328033022Z: [    1.562833] pnp: PnP ACPI init
[STDERR  ] 2017-07-11T09:28:01.328035591Z: [    7.572278] usbhid: USB HID core driver
[STDOUT  ] 2017-07-11T09:28:01.328046206Z: [    1.574253] pnp: PnP ACPI: found 5 devices
[STDOUT  ] 2017-07-11T09:28:01.328050209Z: [    1.623817] clocksource: acpi_pm: mask: 0xffffff max_cycles: 0xffffff, max_idle_ns: 2085701024 ns
[STDERR  ] 2017-07-11T09:28:01.328047956Z: [    7.572942] hv_utils: Registering HyperV Utility Driver
[STDOUT  ] 2017-07-11T09:28:01.328056601Z: [    1.628020] NET: Registered protocol family 2
[STDERR  ] 2017-07-11T09:28:01.328058986Z: [    7.573243] hv_vmbus: registering driver hv_util
[STDERR  ] 2017-07-11T09:28:01.328066295Z: [    7.573546] hv_vmbus: registering driver hv_balloon
[STDOUT  ] 2017-07-11T09:28:01.328068142Z: [    1.635237] TCP established hash table entries: 8192 (order: 4, 65536 bytes)
[STDERR  ] 2017-07-11T09:28:01.328072782Z: [    7.574030] oprofile: using NMI interrupt.
[STDOUT  ] 2017-07-11T09:28:01.328075518Z: [    1.636009] TCP bind hash table entries: 8192 (order: 5, 131072 bytes)
[STDERR  ] 2017-07-11T09:28:01.328080626Z: [    7.575147] GACT probability on
[STDOUT  ] 2017-07-11T09:28:01.328082478Z: [    1.636708] TCP: Hash tables configured (established 8192 bind 8192)
[STDERR  ] 2017-07-11T09:28:01.328088784Z: [    7.575608] Mirror/redirect action on
[STDOUT  ] 2017-07-11T09:28:01.328090678Z: [    1.638551] UDP hash table entries: 512 (order: 2, 16384 bytes)
[STDERR  ] 2017-07-11T09:28:01.328096396Z: [    7.576434] Simple TC action Loaded
[STDOUT  ] 2017-07-11T09:28:01.328098255Z: [    1.639137] UDP-Lite hash table entries: 512 (order: 2, 16384 bytes)
[STDERR  ] 2017-07-11T09:28:01.328104238Z: [    7.577020] u32 classifier
[STDOUT  ] 2017-07-11T09:28:01.328105974Z: [    1.641654] NET: Registered protocol family 1
[STDOUT  ] 2017-07-11T09:28:01.328109646Z: [    1.642622] pci 0000:00:01.0: Video device with shadowed ROM at [mem 0x000c0000-0x000dffff]
[STDERR  ] 2017-07-11T09:28:01.328112816Z: [    7.577197]     Performance counters on
[STDERR  ] 2017-07-11T09:28:01.328117346Z: [    7.577437]     input device check on
[STDOUT  ] 2017-07-11T09:28:01.328119018Z: [    1.649369] Unpacking initramfs...
[STDOUT  ] 2017-07-11T09:28:01.328125976Z: [    7.178191] Freeing initrd memory: 44404K (ffff95b5fd473000 - ffff95b5fffd0000)
[STDERR  ] 2017-07-11T09:28:01.328127842Z: [    7.577688]     Actions configured
[STDOUT  ] 2017-07-11T09:28:01.328135998Z: [    7.202131] PCLMULQDQ-NI instructions are not detected.
[STDERR  ] 2017-07-11T09:28:01.328138026Z: [    7.578243] Netfilter messages via NETLINK v0.30.
[STDOUT  ] 2017-07-11T09:28:01.328139784Z: [    7.203621] AVX or AES-NI instructions are not detected.
[STDERR  ] 2017-07-11T09:28:01.328142326Z: [    7.578814] nfnl_acct: registering with nfnetlink.
[STDOUT  ] 2017-07-11T09:28:01.328152002Z: [    7.204111] CPU feature 'AVX registers' is not supported.
[STDERR  ] 2017-07-11T09:28:01.328153848Z: [    7.580773] nf_conntrack version 0.5.0 (8192 buckets, 32768 max)
[STDOUT  ] 2017-07-11T09:28:01.328155828Z: [    7.204532] CPU feature 'AVX registers' is not supported.
[STDERR  ] 2017-07-11T09:28:01.328160386Z: [    7.583668] ctnetlink v0.93: registering with nfnetlink.
[STDERR  ] 2017-07-11T09:28:01.328164112Z: [    7.586718] nf_tables: (c) 2007-2009 Patrick McHardy <kaber@trash.net>
[STDOUT  ] 2017-07-11T09:28:01.328165862Z: [    7.204910] CPU feature 'AVX registers' is not supported.
[STDERR  ] 2017-07-11T09:28:01.328175585Z: [    7.587519] nf_tables_compat: (c) 2012 Pablo Neira Ayuso <pablo@netfilter.org>
[STDOUT  ] 2017-07-11T09:28:01.328177546Z: [    7.205281] CPU feature 'AVX registers' is not supported.
[STDERR  ] 2017-07-11T09:28:01.328182623Z: [    7.589923] xt_time: kernel timezone is -0000
[STDOUT  ] 2017-07-11T09:28:01.328184862Z: [    7.205677] AVX2 or AES-NI instructions are not detected.
[STDERR  ] 2017-07-11T09:28:01.328189865Z: [    7.590830] ip_set: protocol 6
[STDOUT  ] 2017-07-11T09:28:01.328194073Z: [    7.206058] AVX2 instructions are not detected.
[STDERR  ] 2017-07-11T09:28:01.328196952Z: [    7.591486] IPVS: Registered protocols (TCP, UDP, SCTP, AH, ESP)
[STDERR  ] 2017-07-11T09:28:01.32820052Z: [    7.592075] IPVS: Connection hash table configured (size=4096, memory=64Kbytes)
[STDOUT  ] 2017-07-11T09:28:01.328201207Z: [    7.212717] audit: initializing netlink subsys (disabled)
[STDERR  ] 2017-07-11T09:28:01.328210225Z: [    7.593757] IPVS: Creating netns size=2104 id=0
[STDOUT  ] 2017-07-11T09:28:01.328212207Z: [    7.214306] audit: type=2000 audit(1499765257.210:1): initialized
[STDERR  ] 2017-07-11T09:28:01.328217243Z: [    7.596512] IPVS: ipvs loaded.
[STDOUT  ] 2017-07-11T09:28:01.328221177Z: [    7.221895] workingset: timestamp_bits=46 max_order=18 bucket_order=0
[STDERR  ] 2017-07-11T09:28:01.328224382Z: [    7.596851] IPVS: [rr] scheduler registered.
[STDERR  ] 2017-07-11T09:28:01.328228043Z: [    7.597182] IPVS: [wrr] scheduler registered.
[STDOUT  ] 2017-07-11T09:28:01.328228617Z: [    7.230533] FS-Cache: Netfs 'cifs' registered for caching
[STDOUT  ] 2017-07-11T09:28:01.328235813Z: [    7.231521] fuse init (API version 7.26)
[STDERR  ] 2017-07-11T09:28:01.32823827Z: [    7.597451] IPVS: [lc] scheduler registered.
[STDOUT  ] 2017-07-11T09:28:01.328242587Z: [    7.233898] SGI XFS with ACLs, security attributes, no debug enabled
[STDERR  ] 2017-07-11T09:28:01.328248655Z: [    7.597701] IPVS: [wlc] scheduler registered.
[STDOUT  ] 2017-07-11T09:28:01.328250432Z: [    7.237514] 9p: Installing v9fs 9p2000 file system support
[STDERR  ] 2017-07-11T09:28:01.328252185Z: [    7.597997] IPVS: [fo] scheduler registered.
[STDOUT  ] 2017-07-11T09:28:01.328254462Z: [    7.238018] FS-Cache: Netfs '9p' registered for caching
[STDERR  ] 2017-07-11T09:28:01.328260919Z: [    7.598269] IPVS: [ovf] scheduler registered.
[STDOUT  ] 2017-07-11T09:28:01.328262769Z: [    7.268694] NET: Registered protocol family 38
[STDERR  ] 2017-07-11T09:28:01.328273125Z: [    7.598737] IPVS: [lblc] scheduler registered.
[STDOUT  ] 2017-07-11T09:28:01.328274915Z: [    7.269323] Key type asymmetric registered
[STDERR  ] 2017-07-11T09:28:01.328279839Z: [    7.599200] IPVS: [lblcr] scheduler registered.
[STDOUT  ] 2017-07-11T09:28:01.328282135Z: [    7.269713] Asymmetric key parser 'x509' registered
[STDERR  ] 2017-07-11T09:28:01.328283389Z: [    7.599519] IPVS: [dh] scheduler registered.
[STDOUT  ] 2017-07-11T09:28:01.328289632Z: [    7.272085] Block layer SCSI generic (bsg) driver version 0.4 loaded (major 251)
[STDERR  ] 2017-07-11T09:28:01.328297195Z: [    7.599805] IPVS: [sh] scheduler registered.
[STDERR  ] 2017-07-11T09:28:01.328301197Z: [    7.600514] IPVS: [sed] scheduler registered.
[STDOUT  ] 2017-07-11T09:28:01.328301633Z: [    7.273611] io scheduler noop registered
[STDOUT  ] 2017-07-11T09:28:01.328306719Z: [    7.273933] io scheduler deadline registered (default)
[STDERR  ] 2017-07-11T09:28:01.328310739Z: [    7.600932] IPVS: [nq] scheduler registered.
[STDOUT  ] 2017-07-11T09:28:01.328313115Z: [    7.274652] io scheduler cfq registered
[STDERR  ] 2017-07-11T09:28:01.328317792Z: [    7.601730] IPVS: ftp: loaded support on port[0] = 21
[STDOUT  ] 2017-07-11T09:28:01.328323796Z: [    7.277296] pci_hotplug: PCI Hot Plug PCI Core version: 0.5
[STDERR  ] 2017-07-11T09:28:01.328329266Z: [    7.602638] ipip: IPv4 and MPLS over IPv4 tunneling driver
[STDOUT  ] 2017-07-11T09:28:01.328331336Z: [    7.277884] pciehp: PCI Express Hot Plug Controller Driver version: 0.4
[STDERR  ] 2017-07-11T09:28:01.328337148Z: [    7.607009] gre: GRE over IPv4 demultiplexor driver
[STDOUT  ] 2017-07-11T09:28:01.328338993Z: [    7.278882] shpchp: Standard Hot Plug PCI Controller Driver version: 0.4
[STDOUT  ] 2017-07-11T09:28:01.328342821Z: [    7.279811] hv_vmbus: registering driver hyperv_fb
[STDERR  ] 2017-07-11T09:28:01.328344236Z: [    7.609549] ip_tables: (C) 2000-2006 Netfilter Core Team
[STDERR  ] 2017-07-11T09:28:01.32835157Z: [    7.613072] ipt_CLUSTERIP: ClusterIP Version 0.8 loaded successfully
[STDOUT  ] 2017-07-11T09:28:01.328353477Z: [    7.286300] input: Power Button as /devices/LNXSYSTM:00/LNXPWRBN:00/input/input0
[STDOUT  ] 2017-07-11T09:28:01.328357291Z: [    7.287442] ACPI: Power Button [PWRF]
[STDERR  ] 2017-07-11T09:28:01.32835827Z: [    7.613772] arp_tables: arp_tables: (C) 2002 David S. Miller
[STDERR  ] 2017-07-11T09:28:01.328366156Z: [    7.616001] NET: Registered protocol family 10
[STDOUT  ] 2017-07-11T09:28:01.328368056Z: [    7.292461] GHES: HEST is not enabled!
[STDERR  ] 2017-07-11T09:28:01.328372698Z: [    7.624678] ip6_tables: (C) 2000-2006 Netfilter Core Team
[STDOUT  ] 2017-07-11T09:28:01.328371703Z: [    7.305186] ACPI: PCI Interrupt Link [GSIH] enabled at IRQ 23
[STDERR  ] 2017-07-11T09:28:01.328379471Z: [    7.632945] NET: Registered protocol family 17
[STDOUT  ] 2017-07-11T09:28:01.328385288Z: [    7.313036] xenfs: not registering filesystem on non-xen platform
[STDERR  ] 2017-07-11T09:28:01.328386846Z: [    7.634018] Bridge firewalling registered
[STDERR  ] 2017-07-11T09:28:01.328394854Z: [    7.634546] Ebtables v2.0 registered
[STDOUT  ] 2017-07-11T09:28:01.328396691Z: [    7.315074] Serial: 8250/16550 driver, 4 ports, IRQ sharing disabled
[STDERR  ] 2017-07-11T09:28:01.328401541Z: [    7.636438] 8021q: 802.1Q VLAN Support v1.8
[STDOUT  ] 2017-07-11T09:28:01.328403944Z: [    7.339833] 00:04: ttyS0 at I/O 0x3f8 (irq = 4, base_baud = 115200) is a 16550A
[STDERR  ] 2017-07-11T09:28:01.328408607Z: [    7.637903] 9pnet: Installing 9P2000 support
[STDOUT  ] 2017-07-11T09:28:01.328411143Z: [    7.352411] Non-volatile memory driver v1.3
[STDERR  ] 2017-07-11T09:28:01.328415581Z: [    7.639277] Key type dns_resolver registered
[STDOUT  ] 2017-07-11T09:28:01.32841875Z: [    7.358335] Hangcheck: starting hangcheck timer 0.9.1 (tick is 180 seconds, margin is 60 seconds).
[STDERR  ] 2017-07-11T09:28:01.328424074Z: [    7.640479] microcode: AMD CPU family 0x6 not supported
[STDOUT  ] 2017-07-11T09:28:01.328426224Z: [    7.395982] loop: module loaded
[STDERR  ] 2017-07-11T09:28:01.328431353Z: [    7.644297] registered taskstats version 1
[STDOUT  ] 2017-07-11T09:28:01.328433381Z: [    7.411353] nbd: registered device at major 43
[STDERR  ] 2017-07-11T09:28:01.32843493Z: [    7.835760] Key type big_key registered
[STDOUT  ] 2017-07-11T09:28:01.32844Z: [    7.455594] lpc_ich 0000:00:1f.0: I/O space for GPIO uninitialized
[STDERR  ] 2017-07-11T09:28:01.328445251Z: [    7.889211] Key type encrypted registered
[STDOUT  ] 2017-07-11T09:28:01.328447104Z: [    7.457894] VMware PVSCSI driver - version 1.0.7.0-k
[STDERR  ] 2017-07-11T09:28:01.328452924Z: [    7.894545] ata3: SATA link up 1.5 Gbps (SStatus 113 SControl 300)
[STDOUT  ] 2017-07-11T09:28:01.328458477Z: [    7.458649] hv_vmbus: registering driver hv_storvsc
[STDERR  ] 2017-07-11T09:28:01.328464178Z: [    7.898468] ata3.00: ATAPI: QEMU DVD-ROM, 2.5+, max UDMA/100
[STDOUT  ] 2017-07-11T09:28:01.328464104Z: [    7.470891] ACPI: PCI Interrupt Link [GSIA] enabled at IRQ 16
[STDERR  ] 2017-07-11T09:28:01.328470955Z: [    7.898937] ata3.00: applying bridge limits
[STDOUT  ] 2017-07-11T09:28:01.328476549Z: [    7.476860] ahci 0000:00:1f.2: AHCI 0001.0000 32 slots 6 ports 1.5 Gbps 0x3f impl SATA mode
[STDERR  ] 2017-07-11T09:28:01.328478081Z: [    7.900569] ata2: SATA link down (SStatus 0 SControl 300)
[STDERR  ] 2017-07-11T09:28:01.328492815Z: [    7.901940] ata1: SATA link down (SStatus 0 SControl 300)
[STDOUT  ] 2017-07-11T09:28:01.328495519Z: [    7.477517] ahci 0000:00:1f.2: flags: 64bit ncq only 
[STDERR  ] 2017-07-11T09:28:01.328499602Z: [    7.902471] ata5: SATA link down (SStatus 0 SControl 300)
[STDOUT  ] 2017-07-11T09:28:01.328504914Z: [    7.498352] scsi host0: ahci
[STDOUT  ] 2017-07-11T09:28:01.328508465Z: [    7.504057] scsi host1: ahci
[STDERR  ] 2017-07-11T09:28:01.328512687Z: [    7.902930] ata4: SATA link down (SStatus 0 SControl 300)
[STDOUT  ] 2017-07-11T09:28:01.328517844Z: [    7.506396] scsi host2: ahci
[STDOUT  ] 2017-07-11T09:28:01.328521354Z: [    7.508689] scsi host3: ahci
[STDERR  ] 2017-07-11T09:28:01.328523859Z: [    7.903448] ata6: SATA link down (SStatus 0 SControl 300)
[STDERR  ] 2017-07-11T09:28:01.328528201Z: [    7.906703] rtc_cmos 00:00: setting system clock to 2017-07-11 09:27:38 UTC (1499765258)
[STDOUT  ] 2017-07-11T09:28:01.328531318Z: [    7.511145] scsi host4: ahci
[STDOUT  ] 2017-07-11T09:28:01.328538715Z: [    7.513325] scsi host5: ahci
[STDERR  ] 2017-07-11T09:28:01.328540638Z: [    7.911127] ata3.00: configured for UDMA/100
[STDOUT  ] 2017-07-11T09:28:01.328545255Z: [    7.515151] ata1: SATA max UDMA/133 abar m4096@0xfebf1000 port 0xfebf1100 irq 24
[STDERR  ] 2017-07-11T09:28:01.328548111Z: [    7.928323] scsi 2:0:0:0: CD-ROM            QEMU     QEMU DVD-ROM     2.5+ PQ: 0 ANSI: 5
[STDOUT  ] 2017-07-11T09:28:01.328552541Z: [    7.515651] ata2: SATA max UDMA/133 abar m4096@0xfebf1000 port 0xfebf1180 irq 24
[STDERR  ] 2017-07-11T09:28:01.328555571Z: [    7.952968] sr 2:0:0:0: [sr0] scsi3-mmc drive: 4x/4x cd/rw xa/form2 tray
[STDOUT  ] 2017-07-11T09:28:01.328556368Z: [    7.516101] ata3: SATA max UDMA/133 abar m4096@0xfebf1000 port 0xfebf1200 irq 24
[STDERR  ] 2017-07-11T09:28:01.328562655Z: [    7.953688] cdrom: Uniform CD-ROM driver Revision: 3.20
[STDOUT  ] 2017-07-11T09:28:01.328565168Z: [    7.516524] ata4: SATA max UDMA/133 abar m4096@0xfebf1000 port 0xfebf1280 irq 24
[STDERR  ] 2017-07-11T09:28:01.328569842Z: [    7.961615] sr 2:0:0:0: Attached scsi generic sg0 type 5
[STDERR  ] 2017-07-11T09:28:01.328573532Z: [    8.094881] Freeing unused kernel memory: 1372K (ffffffffa3d57000 - ffffffffa3eae000)
[STDOUT  ] 2017-07-11T09:28:01.328575014Z: [    7.516933] ata5: SATA max UDMA/133 abar m4096@0xfebf1000 port 0xfebf1300 irq 24
[STDOUT  ] 2017-07-11T09:28:01.328582278Z: [    7.517379] ata6: SATA max UDMA/133 abar m4096@0xfebf1000 port 0xfebf1380 irq 24
[STDERR  ] 2017-07-11T09:28:01.328584032Z: [    8.095507] Write protecting the kernel read-only data: 12288k
[STDOUT  ] 2017-07-11T09:28:01.328588692Z: [    7.531305] tun: Universal TUN/TAP device driver, 1.6
[STDERR  ] 2017-07-11T09:28:01.328591705Z: [    8.103645] Freeing unused kernel memory: 156K (ffff95b5ec7d9000 - ffff95b5ec800000)
[STDERR  ] 2017-07-11T09:28:01.328595759Z: [    8.211515] Freeing unused kernel memory: 1404K (ffff95b5ecaa1000 - ffff95b5ecc00000)
[STDOUT  ] 2017-07-11T09:28:01.328595889Z: [    7.531669] tun: (C) 1999-2004 Max Krasnyansky <maxk@qualcomm.com>
[STDERR  ] 2017-07-11T09:28:01.328602557Z: [    8.241076] tsc: Refined TSC clocksource calibration: 2599.983 MHz
[STDOUT  ] 2017-07-11T09:28:01.328604468Z: [    7.533394] VMware vmxnet3 virtual NIC driver - version 1.4.a.0-k-NAPI
[STDOUT  ] 2017-07-11T09:28:01.328615389Z: [    7.534248] hv_vmbus: registering driver hv_netvsc
[STDERR  ] 2017-07-11T09:28:01.328617309Z: [    8.241637] clocksource: tsc: mask: 0xffffffffffffffff max_cycles: 0x257a2c14537, max_idle_ns: 440795337654 ns
[STDERR  ] 2017-07-11T09:28:01.328621436Z: [    9.260794] clocksource: Switched to clocksource tsc
[STDOUT  ] 2017-07-11T09:28:01.328621776Z: [    7.534613] Fusion MPT base driver 3.04.20
[STDOUT  ] 2017-07-11T09:28:01.328626708Z: [    7.534847] Copyright (c) 1999-2008 LSI Corporation
[STDERR  ] 2017-07-11T09:28:01.328631095Z: [   14.226928] e1000: Intel(R) PRO/1000 Network Driver - version 7.3.21-k8-NAPI
[STDOUT  ] 2017-07-11T09:28:01.32863606Z: [    7.535417] Fusion MPT SPI Host driver 3.04.20
[STDOUT  ] 2017-07-11T09:28:01.32864387Z: [    7.537364] i8042: PNP: PS/2 Controller [PNP0303:KBD,PNP0f13:MOU] at 0x60,0x64 irq 1,12
[STDERR  ] 2017-07-11T09:28:01.328641812Z: [   14.227429] e1000: Copyright (c) 1999-2006 Intel Corporation.
[STDOUT  ] 2017-07-11T09:28:01.328646926Z: [    7.541929] serio: i8042 KBD port at 0x60,0x64 irq 1
[STDERR  ] 2017-07-11T09:28:01.328649782Z: [   14.246816] ACPI: PCI Interrupt Link [GSIG] enabled at IRQ 22
[STDOUT  ] 2017-07-11T09:28:01.328660219Z: [    7.542759] serio: i8042 AUX port at 0x60,0x64 irq 12
[STDERR  ] 2017-07-11T09:28:01.328662092Z: [   14.616443] e1000 0000:00:02.0 eth0: (PCI:33MHz:32-bit) 52:54:00:12:34:56
[STDOUT  ] 2017-07-11T09:28:01.328667432Z: [    7.545766] hv_vmbus: registering driver hyperv_keyboard
[STDERR  ] 2017-07-11T09:28:01.32866961Z: [   14.617327] e1000 0000:00:02.0 eth0: Intel(R) PRO/1000 Network Connection
[STDOUT  ] 2017-07-11T09:28:01.32867443Z: [    7.547987] mousedev: PS/2 mouse device common for all mice
[STDERR  ] 2017-07-11T09:28:01.328677046Z: 
[STDOUT  ] 2017-07-11T09:28:01.328681919Z: [    7.553060] input: AT Translated Set 2 keyboard as /devices/platform/i8042/serio0/input/input1
[STDERR  ] 2017-07-11T09:28:01.328684745Z: Starting containerd
[STDOUT  ] 2017-07-11T09:28:01.328689383Z: [    7.555996] input: PC Speaker as /devices/platform/pcspkr/input/input2
[STDERR  ] 2017-07-11T09:28:01.328693566Z: 
[STDOUT  ] 2017-07-11T09:28:01.328700486Z: [    7.559431] rtc_cmos 00:00: RTC can wake from S4
[STDERR  ] 2017-07-11T09:28:01.328702315Z: Welcome to LinuxKit
[STDOUT  ] 2017-07-11T09:28:01.328708503Z: [    7.562996] rtc_cmos 00:00: rtc core: registered rtc_cmos as rtc0
[STDERR  ] 2017-07-11T09:28:01.328710233Z: 
[STDERR  ] 2017-07-11T09:28:01.328714426Z:                         ##         .
[STDOUT  ] 2017-07-11T09:28:01.328716169Z: [    7.564412] rtc_cmos 00:00: alarms up to one day, y3k, 114 bytes nvram, hpet irqs
[STDERR  ] 2017-07-11T09:28:01.32872066Z:                   ## ## ##        ==
[STDOUT  ] 2017-07-11T09:28:01.328723325Z: [    7.565056] i2c /dev entries driver
[STDOUT  ] 2017-07-11T09:28:01.328728415Z: [    7.566963] device-mapper: ioctl: 4.35.0-ioctl (2016-06-23) initialised: dm-devel@redhat.com
[STDERR  ] 2017-07-11T09:28:01.328730645Z:                ## ## ## ## ##    ===
[STDOUT  ] 2017-07-11T09:28:01.328737953Z: [    7.571919] usbcore: registered new interface driver usbhid
[STDERR  ] 2017-07-11T09:28:01.32874149Z:            /"""""""""""""""""\___/ ===
[STDOUT  ] 2017-07-11T09:28:01.328745466Z: [    7.572278] usbhid: USB HID core driver
[STDERR  ] 2017-07-11T09:28:01.328748978Z:           {                       /  ===-
[STDOUT  ] 2017-07-11T09:28:01.328752857Z: [    7.572942] hv_utils: Registering HyperV Utility Driver
[STDERR  ] 2017-07-11T09:28:01.328756153Z:            \______ O           __/
[STDOUT  ] 2017-07-11T09:28:01.328756844Z: [    7.573243] hv_vmbus: registering driver hv_util
[STDERR  ] 2017-07-11T09:28:01.328764494Z:              \    \         __/
[STDOUT  ] 2017-07-11T09:28:01.328769236Z: [    7.573546] hv_vmbus: registering driver hv_balloon
[STDERR  ] 2017-07-11T09:28:01.328773853Z:               \____\_______/
[STDOUT  ] 2017-07-11T09:28:01.328776051Z: [    7.574030] oprofile: using NMI interrupt.
[STDERR  ] 2017-07-11T09:28:01.328781129Z: 
[STDOUT  ] 2017-07-11T09:28:01.328784847Z: [    7.575147] GACT probability on
[STDERR  ] 2017-07-11T09:28:01.328789653Z: [34mINFO[0m[0000] starting containerd boot...                   [34mmodule[0m=containerd
[STDOUT  ] 2017-07-11T09:28:01.328796427Z: [    7.575608] Mirror/redirect action on
[STDERR  ] 2017-07-11T09:28:01.328798064Z: [34mINFO[0m[0000] starting debug API...                         [34mdebug[0m="/run/containerd/debug.sock" [34mmodule[0m=containerd
[STDERR  ] 2017-07-11T09:28:01.328806169Z: [34mINFO[0m[0000] loading plugin "io.containerd.content.v1.content"...  [34mmodule[0m=containerd [34mtype[0m=io.containerd.content.v1
[STDOUT  ] 2017-07-11T09:28:01.328807909Z: [    7.576434] Simple TC action Loaded
[STDERR  ] 2017-07-11T09:28:01.328809396Z: [34mINFO[0m[0000] loading plugin "io.containerd.snapshotter.v1.btrfs"...  [34mmodule[0m=containerd [34mtype[0m=io.containerd.snapshotter.v1
[STDOUT  ] 2017-07-11T09:28:01.328811806Z: [    7.577020] u32 classifier
[STDERR  ] 2017-07-11T09:28:01.328820076Z: [34mINFO[0m[0000] loading plugin "io.containerd.snapshotter.v1.overlayfs"...  [34mmodule[0m=containerd [34mtype[0m=io.containerd.snapshotter.v1
[STDOUT  ] 2017-07-11T09:28:01.328825107Z: [    7.577197]     Performance counters on
[STDOUT  ] 2017-07-11T09:28:01.328828639Z: [    7.577437]     input device check on
[STDERR  ] 2017-07-11T09:28:01.328832433Z: [34mINFO[0m[0000] loading plugin "io.containerd.differ.v1.base-diff"...  [34mmodule[0m=containerd [34mtype[0m=io.containerd.differ.v1
[STDOUT  ] 2017-07-11T09:28:01.328837864Z: [    7.577688]     Actions configured
[STDERR  ] 2017-07-11T09:28:01.328841094Z: [34mINFO[0m[0000] loading plugin "io.containerd.metadata.v1.bolt"...  [34mmodule[0m=containerd [34mtype[0m=io.containerd.metadata.v1
[STDOUT  ] 2017-07-11T09:28:01.328844857Z: [    7.578243] Netfilter messages via NETLINK v0.30.
[STDERR  ] 2017-07-11T09:28:01.328848489Z: [34mINFO[0m[0000] loading plugin "io.containerd.grpc.v1.containers"...  [34mmodule[0m=containerd [34mtype[0m=io.containerd.grpc.v1
[STDOUT  ] 2017-07-11T09:28:01.328852097Z: [    7.578814] nfnl_acct: registering with nfnetlink.
[STDERR  ] 2017-07-11T09:28:01.328855917Z: [34mINFO[0m[0000] loading plugin "io.containerd.grpc.v1.content"...  [34mmodule[0m=containerd [34mtype[0m=io.containerd.grpc.v1
[STDOUT  ] 2017-07-11T09:28:01.328863173Z: [    7.580773] nf_conntrack version 0.5.0 (8192 buckets, 32768 max)
[STDERR  ] 2017-07-11T09:28:01.328865524Z: [34mINFO[0m[0000] loading plugin "io.containerd.grpc.v1.diff"...  [34mmodule[0m=containerd [34mtype[0m=io.containerd.grpc.v1
[STDOUT  ] 2017-07-11T09:28:01.328866953Z: [    7.583668] ctnetlink v0.93: registering with nfnetlink.
[STDERR  ] 2017-07-11T09:28:01.328872884Z: [34mINFO[0m[0000] loading plugin "io.containerd.monitor.v1.cgroups"...  [34mmodule[0m=containerd [34mtype[0m=io.containerd.monitor.v1
[STDOUT  ] 2017-07-11T09:28:01.32887495Z: [    7.586718] nf_tables: (c) 2007-2009 Patrick McHardy <kaber@trash.net>
[STDERR  ] 2017-07-11T09:28:01.328883064Z: [34mINFO[0m[0000] loading plugin "io.containerd.runtime.v1.linux"...  [34mmodule[0m=containerd [34mtype[0m=io.containerd.runtime.v1
[STDOUT  ] 2017-07-11T09:28:01.328889941Z: [    7.587519] nf_tables_compat: (c) 2012 Pablo Neira Ayuso <pablo@netfilter.org>
[STDERR  ] 2017-07-11T09:28:01.328891933Z: [34mINFO[0m[0000] loading plugin "io.containerd.grpc.v1.tasks"...  [34mmodule[0m=containerd [34mtype[0m=io.containerd.grpc.v1
[STDOUT  ] 2017-07-11T09:28:01.328893563Z: [    7.589923] xt_time: kernel timezone is -0000
[STDOUT  ] 2017-07-11T09:28:01.328902187Z: [    7.590830] ip_set: protocol 6
[STDERR  ] 2017-07-11T09:28:01.328903981Z: [34mINFO[0m[0000] loading plugin "io.containerd.grpc.v1.healthcheck"...  [34mmodule[0m=containerd [34mtype[0m=io.containerd.grpc.v1
[STDERR  ] 2017-07-11T09:28:01.328907545Z: [34mINFO[0m[0000] loading plugin "io.containerd.grpc.v1.images"...  [34mmodule[0m=containerd [34mtype[0m=io.containerd.grpc.v1
[STDOUT  ] 2017-07-11T09:28:01.3289116Z: [    7.591486] IPVS: Registered protocols (TCP, UDP, SCTP, AH, ESP)
[STDOUT  ] 2017-07-11T09:28:01.328920345Z: [    7.592075] IPVS: Connection hash table configured (size=4096, memory=64Kbytes)
[STDERR  ] 2017-07-11T09:28:01.328922314Z: [34mINFO[0m[0000] loading plugin "io.containerd.grpc.v1.namespaces"...  [34mmodule[0m=containerd [34mtype[0m=io.containerd.grpc.v1
[STDERR  ] 2017-07-11T09:28:01.328926288Z: [34mINFO[0m[0000] loading plugin "io.containerd.grpc.v1.snapshots"...  [34mmodule[0m=containerd [34mtype[0m=io.containerd.grpc.v1
[STDOUT  ] 2017-07-11T09:28:01.328927071Z: [    7.593757] IPVS: Creating netns size=2104 id=0
[STDOUT  ] 2017-07-11T09:28:01.328935428Z: [    7.596512] IPVS: ipvs loaded.
[STDERR  ] 2017-07-11T09:28:01.328940322Z: [34mINFO[0m[0000] loading plugin "io.containerd.grpc.v1.version"...  [34mmodule[0m=containerd [34mtype[0m=io.containerd.grpc.v1
[STDOUT  ] 2017-07-11T09:28:01.328942248Z: [    7.596851] IPVS: [rr] scheduler registered.
[STDOUT  ] 2017-07-11T09:28:01.32894621Z: [    7.597182] IPVS: [wrr] scheduler registered.
[STDERR  ] 2017-07-11T09:28:01.328947771Z: [   15.619430] random: fast init done
[STDOUT  ] 2017-07-11T09:28:01.328952512Z: [    7.597451] IPVS: [lc] scheduler registered.
[STDERR  ] 2017-07-11T09:28:01.328955024Z: [34mINFO[0m[0000] starting GRPC API server...                   [34mmodule[0m=containerd
[STDERR  ] 2017-07-11T09:28:01.32896251Z: [34mINFO[0m[0000] containerd successfully booted in 0.237741s   [34mmodule[0m=containerd
[STDOUT  ] 2017-07-11T09:28:01.32896433Z: [    7.597701] IPVS: [wlc] scheduler registered.
[STDERR  ] 2017-07-11T09:28:01.328969001Z: [   16.146324] IPVS: Creating netns size=2104 id=1
[STDOUT  ] 2017-07-11T09:28:01.328971338Z: [    7.597997] IPVS: [fo] scheduler registered.
[STDOUT  ] 2017-07-11T09:28:01.328974791Z: [    7.598269] IPVS: [ovf] scheduler registered.
[STDERR  ] 2017-07-11T09:28:01.328975961Z: [   16.146856] IPVS: ftp: loaded support on port[0] = 21
[STDERR  ] 2017-07-11T09:28:01.32897959Z:  - 000-binfmt
[STDOUT  ] 2017-07-11T09:28:01.32898387Z: [    7.598737] IPVS: [lblc] scheduler registered.
[STDERR  ] 2017-07-11T09:28:01.328989338Z: binfmt test suite PASSED
[STDERR  ] 2017-07-11T09:28:01.328992912Z:  - 001-test
[STDOUT  ] 2017-07-11T09:28:01.328991077Z: [    7.599200] IPVS: [lblcr] scheduler registered.
[STDOUT  ] 2017-07-11T09:28:01.328998557Z: [    7.599519] IPVS: [dh] scheduler registered.
[STDERR  ] 2017-07-11T09:28:01.329002175Z: [   29.566846] ACPI: Preparing to enter system sleep state S5
[STDOUT  ] 2017-07-11T09:28:01.329007997Z: [    7.599805] IPVS: [sh] scheduler registered.
[STDERR  ] 2017-07-11T09:28:01.329009952Z: [   29.568397] reboot: Power down
[STDOUT  ] 2017-07-11T09:28:01.32901149Z: [    7.600514] IPVS: [sed] scheduler registered.
[STDERR  ] 2017-07-11T09:28:01.329014012Z: + echo [    0.000000] Linux version 4.9.36-linuxkit (root@e1ede117fb1e) (gcc version 6.3.0 (Alpine 6.3.0) ) #1 SMP Fri Jul 7 17:27:59 UTC 2017
[STDOUT  ] 2017-07-11T09:28:01.32901908Z: [    7.600932] IPVS: [nq] scheduler registered.
[STDERR  ] 2017-07-11T09:28:01.329020915Z: [    0.000000] Command line: console=ttyS0 page_poison=1
[STDOUT  ] 2017-07-11T09:28:01.32902988Z: [    7.601730] IPVS: ftp: loaded support on port[0] = 21
[STDERR  ] 2017-07-11T09:28:01.32903178Z: [    0.000000] x86/fpu: Legacy x87 FPU detected.
[STDOUT  ] 2017-07-11T09:28:01.329033355Z: [    7.602638] ipip: IPv4 and MPLS over IPv4 tunneling driver
[STDERR  ] 2017-07-11T09:28:01.32903836Z: [    0.000000] x86/fpu: Using 'eager' FPU context switches.
[STDERR  ] 2017-07-11T09:28:01.329044403Z: [    0.000000] e820: BIOS-provided physical RAM map:
[STDOUT  ] 2017-07-11T09:28:01.329049188Z: [    7.607009] gre: GRE over IPv4 demultiplexor driver
[STDERR  ] 2017-07-11T09:28:01.329050629Z: [    0.000000] BIOS-e820: [mem 0x0000000000000000-0x000000000009fbff] usable
[STDERR  ] 2017-07-11T09:28:01.329062463Z: [    0.000000] BIOS-e820: [mem 0x000000000009fc00-0x000000000009ffff] reserved
[STDOUT  ] 2017-07-11T09:28:01.329066505Z: [    7.609549] ip_tables: (C) 2000-2006 Netfilter Core Team
[STDOUT  ] 2017-07-11T09:28:01.329078095Z: [    7.613072] ipt_CLUSTERIP: ClusterIP Version 0.8 loaded successfully
[STDERR  ] 2017-07-11T09:28:01.329080113Z: [    0.000000] BIOS-e820: [mem 0x00000000000f0000-0x00000000000fffff] reserved
[STDOUT  ] 2017-07-11T09:28:01.329084672Z: [    7.613772] arp_tables: arp_tables: (C) 2002 David S. Miller
[STDERR  ] 2017-07-11T09:28:01.329090689Z: [    0.000000] BIOS-e820: [mem 0x0000000000100000-0x000000003ffdefff] usable
[STDOUT  ] 2017-07-11T09:28:01.329092405Z: [    7.616001] NET: Registered protocol family 10
[STDOUT  ] 2017-07-11T09:28:01.329098102Z: [    7.624678] ip6_tables: (C) 2000-2006 Netfilter Core Team
[STDERR  ] 2017-07-11T09:28:01.329102361Z: [    0.000000] BIOS-e820: [mem 0x000000003ffdf000-0x000000003fffffff] reserved
[STDOUT  ] 2017-07-11T09:28:01.329108276Z: [    7.632945] NET: Registered protocol family 17
[STDERR  ] 2017-07-11T09:28:01.329114388Z: [    0.000000] BIOS-e820: [mem 0x00000000b0000000-0x00000000bfffffff] reserved
[STDOUT  ] 2017-07-11T09:28:01.329120558Z: [    7.634018] Bridge firewalling registered
[STDOUT  ] 2017-07-11T09:28:01.329124301Z: [    7.634546] Ebtables v2.0 registered
[STDERR  ] 2017-07-11T09:28:01.329125775Z: [    0.000000] BIOS-e820: [mem 0x00000000fed1c000-0x00000000fed1ffff] reserved
[STDERR  ] 2017-07-11T09:28:01.329129789Z: [    0.000000] BIOS-e820: [mem 0x00000000fffc0000-0x00000000ffffffff] reserved
[STDOUT  ] 2017-07-11T09:28:01.329133682Z: [    7.636438] 8021q: 802.1Q VLAN Support v1.8
[STDERR  ] 2017-07-11T09:28:01.329136432Z: [    0.000000] NX (Execute Disable) protection: active
[STDOUT  ] 2017-07-11T09:28:01.329141098Z: [    7.637903] 9pnet: Installing 9P2000 support
[STDERR  ] 2017-07-11T09:28:01.329147165Z: [    0.000000] SMBIOS 2.8 present.
[STDOUT  ] 2017-07-11T09:28:01.329148996Z: [    7.639277] Key type dns_resolver registered
[STDERR  ] 2017-07-11T09:28:01.329154662Z: [    0.000000] e820: last_pfn = 0x3ffdf max_arch_pfn = 0x400000000
[STDOUT  ] 2017-07-11T09:28:01.329156641Z: [    7.640479] microcode: AMD CPU family 0x6 not supported
[STDERR  ] 2017-07-11T09:28:01.329161863Z: [    0.000000] x86/PAT: Configuration [0-7]: WB  WC  UC- UC  WB  WC  UC- WT  
[STDOUT  ] 2017-07-11T09:28:01.329163723Z: [    7.644297] registered taskstats version 1
[STDERR  ] 2017-07-11T09:28:01.329169373Z: [    0.000000] found SMP MP-table at [mem 0x000f6aa0-0x000f6aaf] mapped at [ffff95b5c00f6aa0]
[STDOUT  ] 2017-07-11T09:28:01.329171102Z: [    7.835760] Key type big_key registered
[STDERR  ] 2017-07-11T09:28:01.329176839Z: [    0.000000] RAMDISK: [mem 0x3d473000-0x3ffcffff]
[STDOUT  ] 2017-07-11T09:28:01.329178822Z: [    7.889211] Key type encrypted registered
[STDERR  ] 2017-07-11T09:28:01.329180493Z: [    0.000000] ACPI: Early table checksum verification disabled
[STDOUT  ] 2017-07-11T09:28:01.329182961Z: [    7.894545] ata3: SATA link up 1.5 Gbps (SStatus 113 SControl 300)
[STDERR  ] 2017-07-11T09:28:01.329191964Z: [    0.000000] ACPI: RSDP 0x00000000000F68C0 000014 (v00 BOCHS )
[STDOUT  ] 2017-07-11T09:28:01.329193986Z: [    7.898468] ata3.00: ATAPI: QEMU DVD-ROM, 2.5+, max UDMA/100
[STDERR  ] 2017-07-11T09:28:01.329198874Z: [    0.000000] ACPI: RSDT 0x000000003FFE2404 000034 (v01 BOCHS  BXPCRSDT 00000001 BXPC 00000001)
[STDOUT  ] 2017-07-11T09:28:01.329201113Z: [    7.898937] ata3.00: applying bridge limits
[STDERR  ] 2017-07-11T09:28:01.329205953Z: [    0.000000] ACPI: FACP 0x000000003FFE22A4 000074 (v01 BOCHS  BXPCFACP 00000001 BXPC 00000001)
[STDOUT  ] 2017-07-11T09:28:01.32920905Z: [    7.900569] ata2: SATA link down (SStatus 0 SControl 300)
[STDERR  ] 2017-07-11T09:28:01.32921068Z: [    0.000000] ACPI: DSDT 0x000000003FFE0040 002264 (v01 BOCHS  BXPCDSDT 00000001 BXPC 00000001)
[STDOUT  ] 2017-07-11T09:28:01.329216967Z: [    7.901940] ata1: SATA link down (SStatus 0 SControl 300)
[STDERR  ] 2017-07-11T09:28:01.329221563Z: [    0.000000] ACPI: FACS 0x000000003FFE0000 000040
[STDOUT  ] 2017-07-11T09:28:01.329227806Z: [    7.902471] ata5: SATA link down (SStatus 0 SControl 300)
[STDERR  ] 2017-07-11T09:28:01.329229503Z: [    0.000000] ACPI: APIC 0x000000003FFE2318 000078 (v01 BOCHS  BXPCAPIC 00000001 BXPC 00000001)
[STDOUT  ] 2017-07-11T09:28:01.329238774Z: [    7.902930] ata4: SATA link down (SStatus 0 SControl 300)
[STDERR  ] 2017-07-11T09:28:01.329240756Z: [    0.000000] ACPI: HPET 0x000000003FFE2390 000038 (v01 BOCHS  BXPCHPET 00000001 BXPC 00000001)
[STDERR  ] 2017-07-11T09:28:01.329244716Z: [    0.000000] ACPI: MCFG 0x000000003FFE23C8 00003C (v01 BOCHS  BXPCMCFG 00000001 BXPC 00000001)
[STDOUT  ] 2017-07-11T09:28:01.329246356Z: [    7.903448] ata6: SATA link down (SStatus 0 SControl 300)
[STDERR  ] 2017-07-11T09:28:01.3292511Z: [    0.000000] Zone ranges:
[STDOUT  ] 2017-07-11T09:28:01.329254096Z: [    7.906703] rtc_cmos 00:00: setting system clock to 2017-07-11 09:27:38 UTC (1499765258)
[STDOUT  ] 2017-07-11T09:28:01.329257737Z: [    7.911127] ata3.00: configured for UDMA/100
[STDOUT  ] 2017-07-11T09:28:01.32926651Z: [    7.928323] scsi 2:0:0:0: CD-ROM            QEMU     QEMU DVD-ROM     2.5+ PQ: 0 ANSI: 5
[STDERR  ] 2017-07-11T09:28:01.329268676Z: [    0.000000]   DMA      [mem 0x0000000000001000-0x0000000000ffffff]
[STDERR  ] 2017-07-11T09:28:01.329276554Z: [    0.000000]   DMA32    [mem 0x0000000001000000-0x000000003ffdefff]
[STDOUT  ] 2017-07-11T09:28:01.32927847Z: [    7.952968] sr 2:0:0:0: [sr0] scsi3-mmc drive: 4x/4x cd/rw xa/form2 tray
[STDERR  ] 2017-07-11T09:28:01.329283549Z: [    0.000000]   Normal   empty
[STDOUT  ] 2017-07-11T09:28:01.329285649Z: [    7.953688] cdrom: Uniform CD-ROM driver Revision: 3.20
[STDERR  ] 2017-07-11T09:28:01.329287603Z: [    0.000000] Movable zone start for each node
[STDOUT  ] 2017-07-11T09:28:01.329292509Z: [    7.961615] sr 2:0:0:0: Attached scsi generic sg0 type 5
[STDERR  ] 2017-07-11T09:28:01.32929525Z: [    0.000000] Early memory node ranges
[STDOUT  ] 2017-07-11T09:28:01.329299643Z: [    8.094881] Freeing unused kernel memory: 1372K (ffffffffa3d57000 - ffffffffa3eae000)
[STDERR  ] 2017-07-11T09:28:01.329305572Z: [    0.000000]   node   0: [mem 0x0000000000001000-0x000000000009efff]
[STDOUT  ] 2017-07-11T09:28:01.329310452Z: [    8.095507] Write protecting the kernel read-only data: 12288k
[STDERR  ] 2017-07-11T09:28:01.329312812Z: [    0.000000]   node   0: [mem 0x0000000000100000-0x000000003ffdefff]
[STDOUT  ] 2017-07-11T09:28:01.329319902Z: [    8.103645] Freeing unused kernel memory: 156K (ffff95b5ec7d9000 - ffff95b5ec800000)
[STDERR  ] 2017-07-11T09:28:01.32932176Z: [    0.000000] Initmem setup node 0 [mem 0x0000000000001000-0x000000003ffdefff]
[STDERR  ] 2017-07-11T09:28:01.329326022Z: [    0.000000] ACPI: PM-Timer IO Port: 0x608
[STDOUT  ] 2017-07-11T09:28:01.329327589Z: [    8.211515] Freeing unused kernel memory: 1404K (ffff95b5ecaa1000 - ffff95b5ecc00000)
[STDOUT  ] 2017-07-11T09:28:01.329334861Z: [    8.241076] tsc: Refined TSC clocksource calibration: 2599.983 MHz
[STDERR  ] 2017-07-11T09:28:01.3293381Z: [    0.000000] ACPI: LAPIC_NMI (acpi_id[0xff] dfl dfl lint[0x1])
[STDOUT  ] 2017-07-11T09:28:01.329341505Z: [    8.241637] clocksource: tsc: mask: 0xffffffffffffffff max_cycles: 0x257a2c14537, max_idle_ns: 440795337654 ns
[STDERR  ] 2017-07-11T09:28:01.329346613Z: [    0.000000] IOAPIC[0]: apic_id 0, version 32, address 0xfec00000, GSI 0-23
[STDOUT  ] 2017-07-11T09:28:01.329349203Z: [    9.260794] clocksource: Switched to clocksource tsc
[STDERR  ] 2017-07-11T09:28:01.329350637Z: [    0.000000] ACPI: INT_SRC_OVR (bus 0 bus_irq 0 global_irq 2 dfl dfl)
[STDOUT  ] 2017-07-11T09:28:01.329355945Z: [   14.226928] e1000: Intel(R) PRO/1000 Network Driver - version 7.3.21-k8-NAPI
[STDERR  ] 2017-07-11T09:28:01.329361733Z: [    0.000000] ACPI: INT_SRC_OVR (bus 0 bus_irq 5 global_irq 5 high level)
[STDOUT  ] 2017-07-11T09:28:01.32936357Z: [   14.227429] e1000: Copyright (c) 1999-2006 Intel Corporation.
[STDOUT  ] 2017-07-11T09:28:01.32936737Z: [   14.246816] ACPI: PCI Interrupt Link [GSIG] enabled at IRQ 22
[STDERR  ] 2017-07-11T09:28:01.329368711Z: [    0.000000] ACPI: INT_SRC_OVR (bus 0 bus_irq 9 global_irq 9 high level)
[STDOUT  ] 2017-07-11T09:28:01.329373674Z: [   14.616443] e1000 0000:00:02.0 eth0: (PCI:33MHz:32-bit) 52:54:00:12:34:56
[STDERR  ] 2017-07-11T09:28:01.3293833Z: [    0.000000] ACPI: INT_SRC_OVR (bus 0 bus_irq 10 global_irq 10 high level)
[STDOUT  ] 2017-07-11T09:28:01.329385093Z: [   14.617327] e1000 0000:00:02.0 eth0: Intel(R) PRO/1000 Network Connection
[STDERR  ] 2017-07-11T09:28:01.32938767Z: [    0.000000] ACPI: INT_SRC_OVR (bus 0 bus_irq 11 global_irq 11 high level)
[STDOUT  ] 2017-07-11T09:28:01.32938951Z: 
[STDOUT  ] 2017-07-11T09:28:01.32939719Z: Starting containerd
[STDERR  ] 2017-07-11T09:28:01.329398943Z: [    0.000000] Using ACPI (MADT) for SMP configuration information
[STDERR  ] 2017-07-11T09:28:01.329407818Z: [    0.000000] ACPI: HPET id: 0x8086a201 base: 0xfed00000
[STDOUT  ] 2017-07-11T09:28:01.32941376Z: 
[STDERR  ] 2017-07-11T09:28:01.329415698Z: [    0.000000] smpboot: Allowing 1 CPUs, 0 hotplug CPUs
[STDOUT  ] 2017-07-11T09:28:01.329420968Z: Welcome to LinuxKit
[STDERR  ] 2017-07-11T09:28:01.329427058Z: [    0.000000] e820: [mem 0x40000000-0xafffffff] available for PCI devices
[STDOUT  ] 2017-07-11T09:28:01.329428877Z: 
[STDOUT  ] 2017-07-11T09:28:01.329432603Z:                         ##         .
[STDERR  ] 2017-07-11T09:28:01.329434295Z: [    0.000000] Booting paravirtualized kernel on bare hardware
[STDERR  ] 2017-07-11T09:28:01.329437904Z: [    0.000000] clocksource: refined-jiffies: mask: 0xffffffff max_cycles: 0xffffffff, max_idle_ns: 19112604462750000 ns
[STDOUT  ] 2017-07-11T09:28:01.32943916Z:                   ## ## ##        ==
[STDERR  ] 2017-07-11T09:28:01.329449691Z: [    0.000000] setup_percpu: NR_CPUS:128 nr_cpumask_bits:128 nr_cpu_ids:1 nr_node_ids:1
[STDOUT  ] 2017-07-11T09:28:01.32945159Z:                ## ## ## ## ##    ===
[STDERR  ] 2017-07-11T09:28:01.329453318Z: [    0.000000] percpu: Embedded 35 pages/cpu @ffff95b5fd200000 s105112 r8192 d30056 u2097152
[STDOUT  ] 2017-07-11T09:28:01.329457994Z:            /"""""""""""""""""\___/ ===
[STDOUT  ] 2017-07-11T09:28:01.329465607Z:           {                       /  ===-
[STDERR  ] 2017-07-11T09:28:01.32946378Z: [    0.000000] Built 1 zonelists in Zone order, mobility grouping on.  Total pages: 257896
[STDOUT  ] 2017-07-11T09:28:01.329468691Z:            \______ O           __/
[STDERR  ] 2017-07-11T09:28:01.32947451Z: [    0.000000] Kernel command line: console=ttyS0 page_poison=1
[STDOUT  ] 2017-07-11T09:28:01.329476351Z:              \    \         __/
[STDERR  ] 2017-07-11T09:28:01.329478156Z: [    0.000000] PID hash table entries: 4096 (order: 3, 32768 bytes)
[STDOUT  ] 2017-07-11T09:28:01.329487299Z:               \____\_______/
[STDERR  ] 2017-07-11T09:28:01.329489386Z: [    0.000000] Dentry cache hash table entries: 131072 (order: 8, 1048576 bytes)
[STDOUT  ] 2017-07-11T09:28:01.329492739Z: 
[STDERR  ] 2017-07-11T09:28:01.329495062Z: [    0.000000] Inode-cache hash table entries: 65536 (order: 7, 524288 bytes)
[STDOUT  ] 2017-07-11T09:28:01.329502916Z: [34mINFO[0m[0000] starting containerd boot...                   [34mmodule[0m=containerd
[STDOUT  ] 2017-07-11T09:28:01.329506592Z: [34mINFO[0m[0000] starting debug API...                         [34mdebug[0m="/run/containerd/debug.sock" [34mmodule[0m=containerd
[STDERR  ] 2017-07-11T09:28:01.329511719Z: [    0.000000] Memory: 969776K/1048052K available (8019K kernel code, 1366K rwdata, 2692K rodata, 1372K init, 568K bss, 78276K reserved, 0K cma-reserved)
[STDOUT  ] 2017-07-11T09:28:01.329516456Z: [34mINFO[0m[0000] loading plugin "io.containerd.content.v1.content"...  [34mmodule[0m=containerd [34mtype[0m=io.containerd.content.v1
[STDOUT  ] 2017-07-11T09:28:01.329523894Z: [34mINFO[0m[0000] loading plugin "io.containerd.snapshotter.v1.btrfs"...  [34mmodule[0m=containerd [34mtype[0m=io.containerd.snapshotter.v1
[STDERR  ] 2017-07-11T09:28:01.329525759Z: [    0.000000] Hierarchical RCU implementation.
[STDOUT  ] 2017-07-11T09:28:01.329530551Z: [34mINFO[0m[0000] loading plugin "io.containerd.snapshotter.v1.overlayfs"...  [34mmodule[0m=containerd [34mtype[0m=io.containerd.snapshotter.v1
[STDERR  ] 2017-07-11T09:28:01.329533249Z: [    0.000000] 	Build-time adjustment of leaf fanout to 64.
[STDOUT  ] 2017-07-11T09:28:01.329537796Z: [34mINFO[0m[0000] loading plugin "io.containerd.differ.v1.base-diff"...  [34mmodule[0m=containerd [34mtype[0m=io.containerd.differ.v1
[STDERR  ] 2017-07-11T09:28:01.329543114Z: [    0.000000] 	RCU restricting CPUs from NR_CPUS=128 to nr_cpu_ids=1.
[STDOUT  ] 2017-07-11T09:28:01.329545522Z: [34mINFO[0m[0000] loading plugin "io.containerd.metadata.v1.bolt"...  [34mmodule[0m=containerd [34mtype[0m=io.containerd.metadata.v1
[STDERR  ] 2017-07-11T09:28:01.329550454Z: [    0.000000] RCU: Adjusting geometry for rcu_fanout_leaf=64, nr_cpu_ids=1
[STDOUT  ] 2017-07-11T09:28:01.329558651Z: [34mINFO[0m[0000] loading plugin "io.containerd.grpc.v1.containers"...  [34mmodule[0m=containerd [34mtype[0m=io.containerd.grpc.v1
[STDERR  ] 2017-07-11T09:28:01.329560586Z: [    0.000000] NR_IRQS:8448 nr_irqs:256 16
[STDERR  ] 2017-07-11T09:28:01.329567704Z: [    0.000000] Console: colour VGA+ 80x25
[STDERR  ] 2017-07-11T09:28:01.329570885Z: [    0.000000] console [ttyS0] enabled
[STDOUT  ] 2017-07-11T09:28:01.329571862Z: [34mINFO[0m[0000] loading plugin "io.containerd.grpc.v1.content"...  [34mmodule[0m=containerd [34mtype[0m=io.containerd.grpc.v1
[STDOUT  ] 2017-07-11T09:28:01.329579981Z: [34mINFO[0m[0000] loading plugin "io.containerd.grpc.v1.diff"...  [34mmodule[0m=containerd [34mtype[0m=io.containerd.grpc.v1
[STDERR  ] 2017-07-11T09:28:01.329581796Z: [    0.000000] allocated 2097152 bytes of page_ext
[STDOUT  ] 2017-07-11T09:28:01.329586606Z: [34mINFO[0m[0000] loading plugin "io.containerd.monitor.v1.cgroups"...  [34mmodule[0m=containerd [34mtype[0m=io.containerd.monitor.v1
[STDERR  ] 2017-07-11T09:28:01.329589202Z: [    0.000000] clocksource: hpet: mask: 0xffffffff max_cycles: 0xffffffff, max_idle_ns: 19112604467 ns
[STDOUT  ] 2017-07-11T09:28:01.329593909Z: [34mINFO[0m[0000] loading plugin "io.containerd.runtime.v1.linux"...  [34mmodule[0m=containerd [34mtype[0m=io.containerd.runtime.v1
[STDERR  ] 2017-07-11T09:28:01.329596486Z: [    0.000000] tsc: Fast TSC calibration using PIT
[STDERR  ] 2017-07-11T09:28:01.329600175Z: [    0.000000] tsc: Detected 2599.992 MHz processor
[STDOUT  ] 2017-07-11T09:28:01.329604125Z: [34mINFO[0m[0000] loading plugin "io.containerd.grpc.v1.tasks"...  [34mmodule[0m=containerd [34mtype[0m=io.containerd.grpc.v1
[STDERR  ] 2017-07-11T09:28:01.329609588Z: [    0.032484] Calibrating delay loop (skipped), value calculated using timer frequency.. 5199.98 BogoMIPS (lpj=25999920)
[STDOUT  ] 2017-07-11T09:28:01.329620437Z: [34mINFO[0m[0000] loading plugin "io.containerd.grpc.v1.healthcheck"...  [34mmodule[0m=containerd [34mtype[0m=io.containerd.grpc.v1
[STDERR  ] 2017-07-11T09:28:01.329622115Z: [    0.033327] pid_max: default: 32768 minimum: 301
[STDERR  ] 2017-07-11T09:28:01.329630906Z: [    0.034108] ACPI: Core revision 20160831
[STDOUT  ] 2017-07-11T09:28:01.329626803Z: [34mINFO[0m[0000] loading plugin "io.containerd.grpc.v1.images"...  [34mmodule[0m=containerd [34mtype[0m=io.containerd.grpc.v1
[STDERR  ] 2017-07-11T09:28:01.32963663Z: [    0.075918] ACPI: 1 ACPI AML tables successfully acquired and loaded
[STDERR  ] 2017-07-11T09:28:01.329643783Z: [    0.081165] Security Framework initialized
[STDOUT  ] 2017-07-11T09:28:01.329647066Z: [34mINFO[0m[0000] loading plugin "io.containerd.grpc.v1.namespaces"...  [34mmodule[0m=containerd [34mtype[0m=io.containerd.grpc.v1
[STDERR  ] 2017-07-11T09:28:01.329650252Z: [    0.081572] Yama: becoming mindful.
[STDOUT  ] 2017-07-11T09:28:01.329652453Z: [34mINFO[0m[0000] loading plugin "io.containerd.grpc.v1.snapshots"...  [34mmodule[0m=containerd [34mtype[0m=io.containerd.grpc.v1
[STDERR  ] 2017-07-11T09:28:01.329656989Z: [    0.083521] Mount-cache hash table entries: 2048 (order: 2, 16384 bytes)
[STDERR  ] 2017-07-11T09:28:01.329666216Z: [    0.084144] Mountpoint-cache hash table entries: 2048 (order: 2, 16384 bytes)
[STDOUT  ] 2017-07-11T09:28:01.329670086Z: [34mINFO[0m[0000] loading plugin "io.containerd.grpc.v1.version"...  [34mmodule[0m=containerd [34mtype[0m=io.containerd.grpc.v1
[STDERR  ] 2017-07-11T09:28:01.32967318Z: [    0.104341] Last level iTLB entries: 4KB 0, 2MB 0, 4MB 0
[STDOUT  ] 2017-07-11T09:28:01.329678709Z: [   15.619430] random: fast init done
[STDERR  ] 2017-07-11T09:28:01.329681222Z: [    0.104763] Last level dTLB entries: 4KB 0, 2MB 0, 4MB 0, 1GB 0
[STDOUT  ] 2017-07-11T09:28:01.32968609Z: [34mINFO[0m[0000] starting GRPC API server...                   [34mmodule[0m=containerd
[STDERR  ] 2017-07-11T09:28:01.329691506Z: [    0.395361] Freeing SMP alternatives memory: 20K (ffffffffa3eae000 - ffffffffa3eb3000)
[STDOUT  ] 2017-07-11T09:28:01.329696987Z: [34mINFO[0m[0000] containerd successfully booted in 0.237741s   [34mmodule[0m=containerd
[STDERR  ] 2017-07-11T09:28:01.32969901Z: [    0.405687] ftrace: allocating 35428 entries in 139 pages
[STDERR  ] 2017-07-11T09:28:01.329706349Z: [    0.572220] smpboot: Max logical packages: 1
[STDOUT  ] 2017-07-11T09:28:01.329708999Z: [   16.146324] IPVS: Creating netns size=2104 id=1
[STDERR  ] 2017-07-11T09:28:01.329709843Z: [    0.579067] ..TIMER: vector=0x30 apic1=0 pin1=2 apic2=-1 pin2=-1
[STDOUT  ] 2017-07-11T09:28:01.32971609Z: [   16.146856] IPVS: ftp: loaded support on port[0] = 21
[STDERR  ] 2017-07-11T09:28:01.329718592Z: [    0.680000] smpboot: CPU0: AMD QEMU Virtual CPU version 2.5+ (family: 0x6, model: 0x6, stepping: 0x3)
[STDOUT  ] 2017-07-11T09:28:01.329723595Z:  - 000-binfmt
[STDERR  ] 2017-07-11T09:28:01.329728933Z: [    0.680000] Performance Events: PMU not available due to virtualization, using software events only.
[STDOUT  ] 2017-07-11T09:28:01.329730883Z: binfmt test suite PASSED
[STDERR  ] 2017-07-11T09:28:01.329735912Z: [    0.688629] NMI watchdog: disabled (cpu0): hardware events not enabled
[STDOUT  ] 2017-07-11T09:28:01.329738052Z:  - 001-test
[STDERR  ] 2017-07-11T09:28:01.329742953Z: [    0.689097] NMI watchdog: Shutting down hard lockup detector on all cpus
[STDOUT  ] 2017-07-11T09:28:01.329745146Z: [   29.566846] ACPI: Preparing to enter system sleep state S5
[STDERR  ] 2017-07-11T09:28:01.329750005Z: [    0.693002] x86: Booted up 1 node, 1 CPUs
[STDOUT  ] 2017-07-11T09:28:01.329752282Z: [   29.568397] reboot: Power down
[STDERR  ] 2017-07-11T09:28:01.32975781Z: [    0.693440] smpboot: Total of 1 processors activated (5199.98 BogoMIPS)
[STDERR  ] 2017-07-11T09:28:01.329761253Z: [    0.707413] devtmpfs: initialized
[STDERR  ] 2017-07-11T09:28:01.329766537Z: [    0.714227] x86/mm: Memory block size: 128MB
[STDERR  ] 2017-07-11T09:28:01.329774456Z: [    0.774025] clocksource: jiffies: mask: 0xffffffff max_cycles: 0xffffffff, max_idle_ns: 19112604462750000 ns
[STDERR  ] 2017-07-11T09:28:01.329779728Z: [    0.775003] futex hash table entries: 256 (order: 2, 16384 bytes)
[STDERR  ] 2017-07-11T09:28:01.329785087Z: [    0.784994] NET: Registered protocol family 16
[STDERR  ] 2017-07-11T09:28:01.329792183Z: [    0.794457] cpuidle: using governor ladder
[STDERR  ] 2017-07-11T09:28:01.329797581Z: [    0.794963] cpuidle: using governor menu
[STDERR  ] 2017-07-11T09:28:01.329800381Z: [    0.796162] ACPI: bus type PCI registered
[STDERR  ] 2017-07-11T09:28:01.329808237Z: [    0.799031] PCI: MMCONFIG for domain 0000 [bus 00-ff] at [mem 0xb0000000-0xbfffffff] (base 0xb0000000)
[STDERR  ] 2017-07-11T09:28:01.329813551Z: [    0.799830] PCI: MMCONFIG at [mem 0xb0000000-0xbfffffff] reserved in E820
[STDERR  ] 2017-07-11T09:28:01.329818876Z: [    0.800991] PCI: Using configuration type 1 for base access
[STDERR  ] 2017-07-11T09:28:01.329821521Z: [    0.857717] HugeTLB registered 2 MB page size, pre-allocated 0 pages
[STDERR  ] 2017-07-11T09:28:01.329829497Z: [    0.872003] ACPI: Added _OSI(Module Device)
[STDERR  ] 2017-07-11T09:28:01.329834831Z: [    0.872345] ACPI: Added _OSI(Processor Device)
[STDERR  ] 2017-07-11T09:28:01.329837684Z: [    0.872626] ACPI: Added _OSI(3.0 _SCP Extensions)
[STDERR  ] 2017-07-11T09:28:01.32984582Z: [    0.872907] ACPI: Added _OSI(Processor Aggregator Device)
[STDERR  ] 2017-07-11T09:28:01.329853857Z: [    0.943136] ACPI: Interpreter enabled
[STDERR  ] 2017-07-11T09:28:01.329859297Z: [    0.944181] ACPI: (supports S0 S5)
[STDERR  ] 2017-07-11T09:28:01.329862143Z: [    0.944555] ACPI: Using IOAPIC for interrupt routing
[STDERR  ] 2017-07-11T09:28:01.329871751Z: [    0.947276] PCI: Using host bridge windows from ACPI; if necessary, use "pci=nocrs" and report a bug
[STDERR  ] 2017-07-11T09:28:01.329879937Z: [    1.010576] ACPI: PCI Root Bridge [PCI0] (domain 0000 [bus 00-ff])
[STDERR  ] 2017-07-11T09:28:01.329886034Z: [    1.011801] acpi PNP0A08:00: _OSC: OS supports [ExtendedConfig ASPM ClockPM Segments MSI]
[STDERR  ] 2017-07-11T09:28:01.32989156Z: [    1.018469] acpi PNP0A08:00: _OSC: OS now controls [PCIeHotplug PME PCIeCapability]
[STDERR  ] 2017-07-11T09:28:01.329902826Z: [    1.022331] PCI host bridge to bus 0000:00
[STDERR  ] 2017-07-11T09:28:01.32990853Z: [    1.022822] pci_bus 0000:00: root bus resource [io  0x0000-0x0cf7 window]
[STDERR  ] 2017-07-11T09:28:01.329914107Z: [    1.023274] pci_bus 0000:00: root bus resource [io  0x0d00-0xffff window]
[STDERR  ] 2017-07-11T09:28:01.329919431Z: [    1.023710] pci_bus 0000:00: root bus resource [mem 0x000a0000-0x000bffff window]
[STDERR  ] 2017-07-11T09:28:01.329924828Z: [    1.024202] pci_bus 0000:00: root bus resource [mem 0xc0000000-0xfebfffff window]
[STDERR  ] 2017-07-11T09:28:01.329930287Z: [    1.024883] pci_bus 0000:00: root bus resource [bus 00-ff]
[STDERR  ] 2017-07-11T09:28:01.329935674Z: [    1.114267] pci 0000:00:1f.0: quirk: [io  0x0600-0x067f] claimed by ICH6 ACPI/GPIO/TCO
[STDERR  ] 2017-07-11T09:28:01.329941209Z: [    1.171354] ACPI: PCI Interrupt Link [LNKA] (IRQs 5 *10 11)
[STDERR  ] 2017-07-11T09:28:01.329946754Z: [    1.174272] ACPI: PCI Interrupt Link [LNKB] (IRQs 5 *10 11)
[STDERR  ] 2017-07-11T09:28:01.329952145Z: [    1.176554] ACPI: PCI Interrupt Link [LNKC] (IRQs 5 10 *11)
[STDERR  ] 2017-07-11T09:28:01.329955002Z: [    1.178435] ACPI: PCI Interrupt Link [LNKD] (IRQs 5 10 *11)
[STDERR  ] 2017-07-11T09:28:01.329963967Z: [    1.180474] ACPI: PCI Interrupt Link [LNKE] (IRQs 5 *10 11)
[STDERR  ] 2017-07-11T09:28:01.329971894Z: [    1.182346] ACPI: PCI Interrupt Link [LNKF] (IRQs 5 *10 11)
[STDERR  ] 2017-07-11T09:28:01.329974787Z: [    1.184204] ACPI: PCI Interrupt Link [LNKG] (IRQs 5 10 *11)
[STDERR  ] 2017-07-11T09:28:01.329982755Z: [    1.186073] ACPI: PCI Interrupt Link [LNKH] (IRQs 5 10 *11)
[STDERR  ] 2017-07-11T09:28:01.329985558Z: [    1.187080] ACPI: PCI Interrupt Link [GSIA] (IRQs *16)
[STDERR  ] 2017-07-11T09:28:01.329993558Z: [    1.187862] ACPI: PCI Interrupt Link [GSIB] (IRQs *17)
[STDERR  ] 2017-07-11T09:28:01.329998887Z: [    1.188648] ACPI: PCI Interrupt Link [GSIC] (IRQs *18)
[STDERR  ] 2017-07-11T09:28:01.330004198Z: [    1.189361] ACPI: PCI Interrupt Link [GSID] (IRQs *19)
[STDERR  ] 2017-07-11T09:28:01.330009774Z: [    1.190192] ACPI: PCI Interrupt Link [GSIE] (IRQs *20)
[STDERR  ] 2017-07-11T09:28:01.330015178Z: [    1.190960] ACPI: PCI Interrupt Link [GSIF] (IRQs *21)
[STDERR  ] 2017-07-11T09:28:01.330021481Z: [    1.191668] ACPI: PCI Interrupt Link [GSIG] (IRQs *22)
[STDERR  ] 2017-07-11T09:28:01.330024329Z: [    1.192410] ACPI: PCI Interrupt Link [GSIH] (IRQs *23)
[STDERR  ] 2017-07-11T09:28:01.330029402Z: [    1.196105] ACPI: Enabled 2 GPEs in block 00 to 3F
[STDERR  ] 2017-07-11T09:28:01.330037317Z: [    1.200619] SCSI subsystem initialized
[STDERR  ] 2017-07-11T09:28:01.330042497Z: [    1.202538] ACPI: bus type USB registered
[STDERR  ] 2017-07-11T09:28:01.330045311Z: [    1.203706] usbcore: registered new interface driver usbfs
[STDERR  ] 2017-07-11T09:28:01.330053082Z: [    1.204926] usbcore: registered new interface driver hub
[STDERR  ] 2017-07-11T09:28:01.330055793Z: [    1.205790] usbcore: registered new device driver usb
[STDERR  ] 2017-07-11T09:28:01.330063728Z: [    1.206843] pps_core: LinuxPPS API ver. 1 registered
[STDERR  ] 2017-07-11T09:28:01.330068985Z: [    1.207034] pps_core: Software ver. 5.3.6 - Copyright 2005-2007 Rodolfo Giometti <giometti@linux.it>
[STDERR  ] 2017-07-11T09:28:01.330077292Z: [    1.207520] PTP clock support registered
[STDERR  ] 2017-07-11T09:28:01.33008279Z: [    1.209059] wmi: Mapper loaded
[STDERR  ] 2017-07-11T09:28:01.330088095Z: [    1.210671] PCI: Using ACPI for IRQ routing
[STDERR  ] 2017-07-11T09:28:01.330096845Z: [    1.228625] NetLabel: Initializing
[STDERR  ] 2017-07-11T09:28:01.330102108Z: [    1.228928] NetLabel:  domain hash size = 128
[STDERR  ] 2017-07-11T09:28:01.330110962Z: [    1.229238] NetLabel:  protocols = UNLABELED CIPSOv4
[STDERR  ] 2017-07-11T09:28:01.330113798Z: [    1.232206] NetLabel:  unlabeled traffic allowed by default
[STDERR  ] 2017-07-11T09:28:01.330118952Z: [    1.233494] HPET: 3 timers in total, 0 timers will be used for per-cpu timer
[STDERR  ] 2017-07-11T09:28:01.330130542Z: [    1.234372] hpet0: at MMIO 0xfed00000, IRQs 2, 8, 0
[STDERR  ] 2017-07-11T09:28:01.330137008Z: [    1.234926] hpet0: 3 comparators, 64-bit 100.000000 MHz counter
[STDERR  ] 2017-07-11T09:28:01.330142423Z: [    1.239638] clocksource: Switched to clocksource hpet
[STDERR  ] 2017-07-11T09:28:01.330145246Z: [    1.551242] VFS: Disk quotas dquot_6.6.0
[STDERR  ] 2017-07-11T09:28:01.33015983Z: [    1.552191] VFS: Dquot-cache hash table entries: 512 (order 0, 4096 bytes)
[STDERR  ] 2017-07-11T09:28:01.330168842Z: [    1.556098] FS-Cache: Loaded
[STDERR  ] 2017-07-11T09:28:01.330173675Z: [    1.561138] CacheFiles: Loaded
[STDERR  ] 2017-07-11T09:28:01.330188385Z: [    1.562833] pnp: PnP ACPI init
[STDERR  ] 2017-07-11T09:28:01.330199654Z: [    1.574253] pnp: PnP ACPI: found 5 devices
