[INFO    ] 2018-01-09T17:09:35.957015596Z: Running Test linuxkit.packages.extend.ext4 in /tmp/build/test/cases/040_packages/005_extend/000_ext4
[INFO    ] 2018-01-09T17:09:35.957175818Z: Running command: [/bin/sh -x /tmp/build/test/cases/040_packages/005_extend/000_ext4/test.sh]
[STDERR  ] 2018-01-09T17:09:36.018035171Z: + set -ex
[STDERR  ] 2018-01-09T17:09:36.018133276Z: + . /tmp/build/test/cases/_lib/lib.sh
[STDERR  ] 2018-01-09T17:09:36.01814933Z: + [ -f src/github.com/linuxkit/rtf/lib/lib.sh ]
[STDERR  ] 2018-01-09T17:09:36.018160654Z: + LINUXKIT_TMPDIR=/tmp/build/test/cases/_tmp
[STDERR  ] 2018-01-09T17:09:36.018171036Z: + [ -f /tmp/build/test/cases/_tmp/env.sh ]
[STDERR  ] 2018-01-09T17:09:36.01818121Z: + . /tmp/build/test/cases/_tmp/env.sh
[STDERR  ] 2018-01-09T17:09:36.018191814Z: + export LINUXKIT_EXAMPLES_DIR=/tmp/build/test/cases/../../examples
[STDERR  ] 2018-01-09T17:09:36.018201585Z: + export LINUXKIT_BLUEPRINTS_DIR=/tmp/build/test/cases/../../blueprints
[STDERR  ] 2018-01-09T17:09:36.018225332Z: + RT_CANCEL=253
[STDERR  ] 2018-01-09T17:09:36.018236368Z: + NAME_CREATE=create-ext4
[STDERR  ] 2018-01-09T17:09:36.018247176Z: + NAME_EXTEND=extend-ext4
[STDERR  ] 2018-01-09T17:09:36.018256326Z: + DISK=disk.img
[STDERR  ] 2018-01-09T17:09:36.018265886Z: + trap clean_up EXIT
[STDERR  ] 2018-01-09T17:09:36.018275596Z: + linuxkit build -name create-ext4 -format kernel+initrd test-create.yml
[STDERR  ] 2018-01-09T17:09:36.074009432Z: Extract kernel image: linuxkit/kernel:4.9.75
[STDERR  ] 2018-01-09T17:09:37.209982085Z: time="2018-01-09T17:09:37Z" level=warning msg="certificate with CN  is near expiry"
[STDERR  ] 2018-01-09T17:09:37.210427479Z: time="2018-01-09T17:09:37Z" level=warning msg="certificate with CN Justin Cormack is near expiry"
[STDERR  ] 2018-01-09T17:09:37.210507794Z: time="2018-01-09T17:09:37Z" level=warning msg="certificate with CN  is near expiry"
[STDERR  ] 2018-01-09T17:09:37.252555299Z: time="2018-01-09T17:09:37Z" level=warning msg="certificate with CN Justin Cormack is near expiry"
[STDERR  ] 2018-01-09T17:09:37.614364192Z: Add init containers:
[STDERR  ] 2018-01-09T17:09:37.614413481Z: Process init image: linuxkit/init:5a577d070817b4f17821657823082651baafd4ed
[STDERR  ] 2018-01-09T17:09:38.641385711Z: time="2018-01-09T17:09:38Z" level=warning msg="certificate with CN Justin Cormack is near expiry"
[STDERR  ] 2018-01-09T17:09:38.641472872Z: time="2018-01-09T17:09:38Z" level=warning msg="certificate with CN  is near expiry"
[STDERR  ] 2018-01-09T17:09:38.64153631Z: time="2018-01-09T17:09:38Z" level=warning msg="certificate with CN  is near expiry"
[STDERR  ] 2018-01-09T17:09:38.645170382Z: time="2018-01-09T17:09:38Z" level=warning msg="certificate with CN Justin Cormack is near expiry"
[STDERR  ] 2018-01-09T17:09:38.646613115Z: time="2018-01-09T17:09:38Z" level=warning msg="certificate with CN  is near expiry"
[STDERR  ] 2018-01-09T17:09:38.803654634Z: Process init image: linuxkit/runc:abc3f292653e64a2fd488e9675ace19a55ec7023
[STDERR  ] 2018-01-09T17:09:39.844555443Z: time="2018-01-09T17:09:39Z" level=warning msg="certificate with CN Justin Cormack is near expiry"
[STDERR  ] 2018-01-09T17:09:39.844647396Z: time="2018-01-09T17:09:39Z" level=warning msg="certificate with CN  is near expiry"
[STDERR  ] 2018-01-09T17:09:39.844764754Z: time="2018-01-09T17:09:39Z" level=warning msg="certificate with CN  is near expiry"
[STDERR  ] 2018-01-09T17:09:39.846699317Z: time="2018-01-09T17:09:39Z" level=warning msg="certificate with CN Justin Cormack is near expiry"
[STDERR  ] 2018-01-09T17:09:39.847957538Z: time="2018-01-09T17:09:39Z" level=warning msg="certificate with CN  is near expiry"
[STDERR  ] 2018-01-09T17:09:39.995149929Z: Add onboot containers:
[STDERR  ] 2018-01-09T17:09:39.995204147Z:   Create OCI config for linuxkit/format:e945016ec780a788a71dcddc81497d54d3b14bc7
[STDERR  ] 2018-01-09T17:09:41.124731712Z: time="2018-01-09T17:09:41Z" level=warning msg="certificate with CN Justin Cormack is near expiry"
[STDERR  ] 2018-01-09T17:09:41.124841947Z: time="2018-01-09T17:09:41Z" level=warning msg="certificate with CN Rolf Neugebauer is near expiry"
[STDERR  ] 2018-01-09T17:09:41.124898974Z: time="2018-01-09T17:09:41Z" level=warning msg="certificate with CN  is near expiry"
[STDERR  ] 2018-01-09T17:09:41.1249549Z: time="2018-01-09T17:09:41Z" level=warning msg="certificate with CN  is near expiry"
[STDERR  ] 2018-01-09T17:09:41.126347357Z: time="2018-01-09T17:09:41Z" level=warning msg="certificate with CN Justin Cormack is near expiry"
[STDERR  ] 2018-01-09T17:09:41.127372471Z: time="2018-01-09T17:09:41Z" level=warning msg="certificate with CN Rolf Neugebauer is near expiry"
[STDERR  ] 2018-01-09T17:09:41.128158575Z: time="2018-01-09T17:09:41Z" level=warning msg="certificate with CN  is near expiry"
[STDERR  ] 2018-01-09T17:09:41.540751482Z:   Create OCI config for linuxkit/mount:b346ec277b7074e5c9986128a879c10a1d18742b
[STDERR  ] 2018-01-09T17:09:42.720610355Z: time="2018-01-09T17:09:42Z" level=warning msg="certificate with CN Justin Cormack is near expiry"
[STDERR  ] 2018-01-09T17:09:42.72077413Z: time="2018-01-09T17:09:42Z" level=warning msg="certificate with CN Rolf Neugebauer is near expiry"
[STDERR  ] 2018-01-09T17:09:42.720828Z: time="2018-01-09T17:09:42Z" level=warning msg="certificate with CN  is near expiry"
[STDERR  ] 2018-01-09T17:09:42.720888048Z: time="2018-01-09T17:09:42Z" level=warning msg="certificate with CN  is near expiry"
[STDERR  ] 2018-01-09T17:09:42.723751923Z: time="2018-01-09T17:09:42Z" level=warning msg="certificate with CN Justin Cormack is near expiry"
[STDERR  ] 2018-01-09T17:09:42.726020195Z: time="2018-01-09T17:09:42Z" level=warning msg="certificate with CN Rolf Neugebauer is near expiry"
[STDERR  ] 2018-01-09T17:09:42.726768923Z: time="2018-01-09T17:09:42Z" level=warning msg="certificate with CN  is near expiry"
[STDERR  ] 2018-01-09T17:09:43.182578778Z:   Create OCI config for alpine:3.7
[STDERR  ] 2018-01-09T17:09:44.372696785Z:   Create OCI config for linuxkit/poweroff:bccfe1cb04fc7bb9f03613d2314f38abd2620f29
[STDERR  ] 2018-01-09T17:09:45.405660245Z: time="2018-01-09T17:09:45Z" level=warning msg="certificate with CN Justin Cormack is near expiry"
[STDERR  ] 2018-01-09T17:09:45.405798963Z: time="2018-01-09T17:09:45Z" level=warning msg="certificate with CN Rolf Neugebauer is near expiry"
[STDERR  ] 2018-01-09T17:09:45.40583658Z: time="2018-01-09T17:09:45Z" level=warning msg="certificate with CN  is near expiry"
[STDERR  ] 2018-01-09T17:09:45.405913707Z: time="2018-01-09T17:09:45Z" level=warning msg="certificate with CN  is near expiry"
[STDERR  ] 2018-01-09T17:09:45.407622851Z: time="2018-01-09T17:09:45Z" level=warning msg="certificate with CN Rolf Neugebauer is near expiry"
[STDERR  ] 2018-01-09T17:09:45.408377216Z: time="2018-01-09T17:09:45Z" level=warning msg="certificate with CN  is near expiry"
[STDERR  ] 2018-01-09T17:09:45.562644041Z: Create outputs:
[STDERR  ] 2018-01-09T17:09:50.961592988Z:   create-ext4-kernel create-ext4-initrd.img create-ext4-cmdline
[STDERR  ] 2018-01-09T17:09:51.027928538Z: + linuxkit run -disk file=disk.img,format=raw,size=256M create-ext4
[STDERR  ] 2018-01-09T17:09:51.051011301Z: Unable to find qemu-system-x86_64 within the $PATH. Using a container
[STDOUT  ] 2018-01-09T17:09:53.195279478Z: [    0.000000] Linux version 4.9.75-linuxkit (root@912da39a9ad2) (gcc version 6.4.0 (Alpine 6.4.0) ) #1 SMP Sat Jan 6 12:14:29 UTC 2018
[STDOUT  ] 2018-01-09T17:09:53.195615601Z: [    0.000000] Command line: console=ttyS0 console=ttyAMA0
[STDOUT  ] 2018-01-09T17:09:53.195637071Z: [    0.000000] x86/fpu: Legacy x87 FPU detected.
[STDOUT  ] 2018-01-09T17:09:53.19592542Z: [    0.000000] x86/fpu: Using 'eager' FPU context switches.
[STDOUT  ] 2018-01-09T17:09:53.195943315Z: [    0.000000] e820: BIOS-provided physical RAM map:
[STDOUT  ] 2018-01-09T17:09:53.196105278Z: [    0.000000] BIOS-e820: [mem 0x0000000000000000-0x000000000009fbff] usable
[STDOUT  ] 2018-01-09T17:09:53.196330308Z: [    0.000000] BIOS-e820: [mem 0x000000000009fc00-0x000000000009ffff] reserved
[STDOUT  ] 2018-01-09T17:09:53.196349255Z: [    0.000000] BIOS-e820: [mem 0x00000000000f0000-0x00000000000fffff] reserved
[STDOUT  ] 2018-01-09T17:09:53.196620537Z: [    0.000000] BIOS-e820: [mem 0x0000000000100000-0x000000003ffdefff] usable
[STDOUT  ] 2018-01-09T17:09:53.196893112Z: [    0.000000] BIOS-e820: [mem 0x000000003ffdf000-0x000000003fffffff] reserved
[STDOUT  ] 2018-01-09T17:09:53.196912335Z: [    0.000000] BIOS-e820: [mem 0x00000000b0000000-0x00000000bfffffff] reserved
[STDOUT  ] 2018-01-09T17:09:53.197189519Z: [    0.000000] BIOS-e820: [mem 0x00000000fed1c000-0x00000000fed1ffff] reserved
[STDOUT  ] 2018-01-09T17:09:53.197370191Z: [    0.000000] BIOS-e820: [mem 0x00000000fffc0000-0x00000000ffffffff] reserved
[STDOUT  ] 2018-01-09T17:09:53.197628622Z: [    0.000000] NX (Execute Disable) protection: active
[STDOUT  ] 2018-01-09T17:09:53.197665362Z: [    0.000000] SMBIOS 2.8 present.
[STDOUT  ] 2018-01-09T17:09:53.197679209Z: [    0.000000] Kernel/User page tables isolation: disabled
[STDOUT  ] 2018-01-09T17:09:53.198051958Z: [    0.000000] e820: last_pfn = 0x3ffdf max_arch_pfn = 0x400000000
[STDOUT  ] 2018-01-09T17:09:53.198070914Z: [    0.000000] x86/PAT: Configuration [0-7]: WB  WC  UC- UC  WB  WC  UC- WT  
[STDOUT  ] 2018-01-09T17:09:53.198346279Z: [    0.000000] found SMP MP-table at [mem 0x000f6aa0-0x000f6aaf] mapped at [ffff91fd800f6aa0]
[STDOUT  ] 2018-01-09T17:09:53.198380334Z: [    0.000000] RAMDISK: [mem 0x3e008000-0x3ffcffff]
[STDOUT  ] 2018-01-09T17:09:53.198621641Z: [    0.000000] ACPI: Early table checksum verification disabled
[STDOUT  ] 2018-01-09T17:09:53.198639836Z: [    0.000000] ACPI: RSDP 0x00000000000F68B0 000014 (v00 BOCHS )
[STDOUT  ] 2018-01-09T17:09:53.198877596Z: [    0.000000] ACPI: RSDT 0x000000003FFE20A8 000034 (v01 BOCHS  BXPCRSDT 00000001 BXPC 00000001)
[STDOUT  ] 2018-01-09T17:09:53.199065059Z: [    0.000000] ACPI: FACP 0x000000003FFE1EC8 0000F4 (v03 BOCHS  BXPCFACP 00000001 BXPC 00000001)
[STDOUT  ] 2018-01-09T17:09:53.199234301Z: [    0.000000] ACPI: DSDT 0x000000003FFE0040 001E88 (v01 BOCHS  BXPCDSDT 00000001 BXPC 00000001)
[STDOUT  ] 2018-01-09T17:09:53.199451376Z: [    0.000000] ACPI: FACS 0x000000003FFE0000 000040
[STDOUT  ] 2018-01-09T17:09:53.199617041Z: [    0.000000] ACPI: APIC 0x000000003FFE1FBC 000078 (v01 BOCHS  BXPCAPIC 00000001 BXPC 00000001)
[STDOUT  ] 2018-01-09T17:09:53.199933184Z: [    0.000000] ACPI: HPET 0x000000003FFE2034 000038 (v01 BOCHS  BXPCHPET 00000001 BXPC 00000001)
[STDOUT  ] 2018-01-09T17:09:53.200049695Z: [    0.000000] ACPI: MCFG 0x000000003FFE206C 00003C (v01 BOCHS  BXPCMCFG 00000001 BXPC 00000001)
[STDOUT  ] 2018-01-09T17:09:53.200081268Z: [    0.000000] Zone ranges:
[STDOUT  ] 2018-01-09T17:09:53.200308167Z: [    0.000000]   DMA      [mem 0x0000000000001000-0x0000000000ffffff]
[STDOUT  ] 2018-01-09T17:09:53.200495967Z: [    0.000000]   DMA32    [mem 0x0000000001000000-0x000000003ffdefff]
[STDOUT  ] 2018-01-09T17:09:53.200526571Z: [    0.000000]   Normal   empty
[STDOUT  ] 2018-01-09T17:09:53.200912659Z: [    0.000000] Movable zone start for each node
[STDOUT  ] 2018-01-09T17:09:53.20093121Z: [    0.000000] Early memory node ranges
[STDOUT  ] 2018-01-09T17:09:53.200953203Z: [    0.000000]   node   0: [mem 0x0000000000001000-0x000000000009efff]
[STDOUT  ] 2018-01-09T17:09:53.201207591Z: [    0.000000]   node   0: [mem 0x0000000000100000-0x000000003ffdefff]
[STDOUT  ] 2018-01-09T17:09:53.201238285Z: [    0.000000] Initmem setup node 0 [mem 0x0000000000001000-0x000000003ffdefff]
[STDOUT  ] 2018-01-09T17:09:53.201413775Z: [    0.000000] ACPI: PM-Timer IO Port: 0x608
[STDOUT  ] 2018-01-09T17:09:53.201442773Z: [    0.000000] ACPI: LAPIC_NMI (acpi_id[0xff] dfl dfl lint[0x1])
[STDOUT  ] 2018-01-09T17:09:53.201760891Z: [    0.000000] IOAPIC[0]: apic_id 0, version 32, address 0xfec00000, GSI 0-23
[STDOUT  ] 2018-01-09T17:09:53.201926287Z: [    0.000000] ACPI: INT_SRC_OVR (bus 0 bus_irq 0 global_irq 2 dfl dfl)
[STDOUT  ] 2018-01-09T17:09:53.202088948Z: [    0.000000] ACPI: INT_SRC_OVR (bus 0 bus_irq 5 global_irq 5 high level)
[STDOUT  ] 2018-01-09T17:09:53.202235187Z: [    0.000000] ACPI: INT_SRC_OVR (bus 0 bus_irq 9 global_irq 9 high level)
[STDOUT  ] 2018-01-09T17:09:53.202343025Z: [    0.000000] ACPI: INT_SRC_OVR (bus 0 bus_irq 10 global_irq 10 high level)
[STDOUT  ] 2018-01-09T17:09:53.202538523Z: [    0.000000] ACPI: INT_SRC_OVR (bus 0 bus_irq 11 global_irq 11 high level)
[STDOUT  ] 2018-01-09T17:09:53.20279335Z: [    0.000000] Using ACPI (MADT) for SMP configuration information
[STDOUT  ] 2018-01-09T17:09:53.202832332Z: [    0.000000] ACPI: HPET id: 0x8086a201 base: 0xfed00000
[STDOUT  ] 2018-01-09T17:09:53.20302331Z: [    0.000000] smpboot: Allowing 1 CPUs, 0 hotplug CPUs
[STDOUT  ] 2018-01-09T17:09:53.203257995Z: [    0.000000] e820: [mem 0x40000000-0xafffffff] available for PCI devices
[STDOUT  ] 2018-01-09T17:09:53.203369696Z: [    0.000000] Booting paravirtualized kernel on bare hardware
[STDOUT  ] 2018-01-09T17:09:53.203527147Z: [    0.000000] clocksource: refined-jiffies: mask: 0xffffffff max_cycles: 0xffffffff, max_idle_ns: 19112604462750000 ns
[STDOUT  ] 2018-01-09T17:09:53.203780012Z: [    0.000000] setup_percpu: NR_CPUS:128 nr_cpumask_bits:128 nr_cpu_ids:1 nr_node_ids:1
[STDOUT  ] 2018-01-09T17:09:53.203936539Z: [    0.000000] percpu: Embedded 36 pages/cpu @ffff91fdbde00000 s106904 r8192 d32360 u2097152
[STDOUT  ] 2018-01-09T17:09:53.204123785Z: [    0.000000] Built 1 zonelists in Zone order, mobility grouping on.  Total pages: 257896
[STDOUT  ] 2018-01-09T17:09:53.204268448Z: [    0.000000] Kernel command line: console=ttyS0 console=ttyAMA0
[STDOUT  ] 2018-01-09T17:09:53.204507409Z: [    0.000000] PID hash table entries: 4096 (order: 3, 32768 bytes)
[STDOUT  ] 2018-01-09T17:09:53.204616392Z: [    0.000000] Dentry cache hash table entries: 131072 (order: 8, 1048576 bytes)
[STDOUT  ] 2018-01-09T17:09:53.20484265Z: [    0.000000] Inode-cache hash table entries: 65536 (order: 7, 524288 bytes)
[STDOUT  ] 2018-01-09T17:09:53.205065145Z: [    0.000000] Memory: 981588K/1048052K available (8053K kernel code, 1391K rwdata, 2700K rodata, 1396K init, 564K bss, 66464K reserved, 0K cma-reserved)
[STDOUT  ] 2018-01-09T17:09:53.205339674Z: [    0.000000] Hierarchical RCU implementation.
[STDOUT  ] 2018-01-09T17:09:53.205493487Z: [    0.000000] 	Build-time adjustment of leaf fanout to 64.
[STDOUT  ] 2018-01-09T17:09:53.205668078Z: [    0.000000] 	RCU restricting CPUs from NR_CPUS=128 to nr_cpu_ids=1.
[STDOUT  ] 2018-01-09T17:09:53.205776215Z: [    0.000000] RCU: Adjusting geometry for rcu_fanout_leaf=64, nr_cpu_ids=1
[STDOUT  ] 2018-01-09T17:09:53.205806329Z: [    0.000000] NR_IRQS:8448 nr_irqs:256 16
[STDOUT  ] 2018-01-09T17:09:53.206120135Z: [    0.000000] Console: colour VGA+ 80x25
[STDOUT  ] 2018-01-09T17:09:53.206156511Z: [    0.000000] console [ttyS0] enabled
[STDOUT  ] 2018-01-09T17:09:53.211111192Z: [    0.000000] clocksource: hpet: mask: 0xffffffff max_cycles: 0xffffffff, max_idle_ns: 19112604467 ns
[STDOUT  ] 2018-01-09T17:09:53.244915322Z: [    0.000000] tsc: Fast TSC calibration using PIT
[STDOUT  ] 2018-01-09T17:09:53.250424246Z: [    0.000000] tsc: Detected 2599.969 MHz processor
[STDOUT  ] 2018-01-09T17:09:53.253151616Z: [    0.011457] Calibrating delay loop (skipped), value calculated using timer frequency.. 5199.93 BogoMIPS (lpj=25999690)
[STDOUT  ] 2018-01-09T17:09:53.253618638Z: [    0.020460] pid_max: default: 32768 minimum: 301
[STDOUT  ] 2018-01-09T17:09:53.254448227Z: [    0.021399] ACPI: Core revision 20160831
[STDOUT  ] 2018-01-09T17:09:53.280267841Z: [    0.046996] ACPI: 1 ACPI AML tables successfully acquired and loaded
[STDOUT  ] 2018-01-09T17:09:53.284740106Z: [    0.051651] Security Framework initialized
[STDOUT  ] 2018-01-09T17:09:53.285079114Z: [    0.052075] Yama: becoming mindful.
[STDOUT  ] 2018-01-09T17:09:53.287249811Z: [    0.054033] Mount-cache hash table entries: 2048 (order: 2, 16384 bytes)
[STDOUT  ] 2018-01-09T17:09:53.287729242Z: [    0.054596] Mountpoint-cache hash table entries: 2048 (order: 2, 16384 bytes)
[STDOUT  ] 2018-01-09T17:09:53.306083498Z: [    0.072758] Last level iTLB entries: 4KB 0, 2MB 0, 4MB 0
[STDOUT  ] 2018-01-09T17:09:53.306433268Z: [    0.073223] Last level dTLB entries: 4KB 0, 2MB 0, 4MB 0, 1GB 0
[STDOUT  ] 2018-01-09T17:09:53.633206811Z: [    0.399812] Freeing SMP alternatives memory: 20K
[STDOUT  ] 2018-01-09T17:09:53.642145233Z: [    0.408441] ftrace: allocating 35550 entries in 139 pages
[STDOUT  ] 2018-01-09T17:09:53.765748536Z: [    0.482188] smpboot: Max logical packages: 1
[STDOUT  ] 2018-01-09T17:09:53.772426512Z: [    0.489082] ..TIMER: vector=0x30 apic1=0 pin1=2 apic2=-1 pin2=-1
[STDOUT  ] 2018-01-09T17:09:53.994296849Z: [    0.590000] smpboot: CPU0: AMD QEMU Virtual CPU version 2.5+ (family: 0x6, model: 0x6, stepping: 0x3)
[STDOUT  ] 2018-01-09T17:09:53.996003652Z: [    0.590000] Performance Events: PMU not available due to virtualization, using software events only.
[STDOUT  ] 2018-01-09T17:09:54.011893373Z: [    0.597942] NMI watchdog: disabled (cpu0): hardware events not enabled
[STDOUT  ] 2018-01-09T17:09:54.012596127Z: [    0.598436] NMI watchdog: Shutting down hard lockup detector on all cpus
[STDOUT  ] 2018-01-09T17:09:54.016721875Z: [    0.602828] x86: Booted up 1 node, 1 CPUs
[STDOUT  ] 2018-01-09T17:09:54.017276516Z: [    0.603202] smpboot: Total of 1 processors activated (5199.93 BogoMIPS)
[STDOUT  ] 2018-01-09T17:09:54.030056503Z: [    0.616033] devtmpfs: initialized
[STDOUT  ] 2018-01-09T17:09:54.036307146Z: [    0.622557] x86/mm: Memory block size: 128MB
[STDOUT  ] 2018-01-09T17:09:54.068727852Z: [    0.654722] clocksource: jiffies: mask: 0xffffffff max_cycles: 0xffffffff, max_idle_ns: 19112604462750000 ns
[STDOUT  ] 2018-01-09T17:09:54.069455769Z: [    0.655656] futex hash table entries: 256 (order: 2, 16384 bytes)
[STDOUT  ] 2018-01-09T17:09:54.07818518Z: [    0.664306] NET: Registered protocol family 16
[STDOUT  ] 2018-01-09T17:09:54.086359242Z: [    0.672657] cpuidle: using governor ladder
[STDOUT  ] 2018-01-09T17:09:54.086863495Z: [    0.673172] cpuidle: using governor menu
[STDOUT  ] 2018-01-09T17:09:54.088094218Z: [    0.674322] ACPI: bus type PCI registered
[STDOUT  ] 2018-01-09T17:09:54.091366962Z: [    0.677449] PCI: MMCONFIG for domain 0000 [bus 00-ff] at [mem 0xb0000000-0xbfffffff] (base 0xb0000000)
[STDOUT  ] 2018-01-09T17:09:54.091959233Z: [    0.678223] PCI: MMCONFIG at [mem 0xb0000000-0xbfffffff] reserved in E820
[STDOUT  ] 2018-01-09T17:09:54.092986408Z: [    0.679116] PCI: Using configuration type 1 for base access
[STDOUT  ] 2018-01-09T17:09:54.134651527Z: [    0.720687] HugeTLB registered 2 MB page size, pre-allocated 0 pages
[STDOUT  ] 2018-01-09T17:09:54.145478114Z: [    0.731833] ACPI: Added _OSI(Module Device)
[STDOUT  ] 2018-01-09T17:09:54.14592113Z: [    0.732157] ACPI: Added _OSI(Processor Device)
[STDOUT  ] 2018-01-09T17:09:54.146243007Z: [    0.732553] ACPI: Added _OSI(3.0 _SCP Extensions)
[STDOUT  ] 2018-01-09T17:09:54.146699235Z: [    0.732884] ACPI: Added _OSI(Processor Aggregator Device)
[STDOUT  ] 2018-01-09T17:09:54.195863162Z: [    0.782194] ACPI: Interpreter enabled
[STDOUT  ] 2018-01-09T17:09:54.196932112Z: [    0.783158] ACPI: (supports S0 S5)
[STDOUT  ] 2018-01-09T17:09:54.197322084Z: [    0.783501] ACPI: Using IOAPIC for interrupt routing
[STDOUT  ] 2018-01-09T17:09:54.2001619Z: [    0.786130] PCI: Using host bridge windows from ACPI; if necessary, use "pci=nocrs" and report a bug
[STDOUT  ] 2018-01-09T17:09:54.246123546Z: [    0.832290] ACPI: PCI Root Bridge [PCI0] (domain 0000 [bus 00-ff])
[STDOUT  ] 2018-01-09T17:09:54.247237782Z: [    0.833437] acpi PNP0A08:00: _OSC: OS supports [ExtendedConfig ASPM ClockPM Segments MSI]
[STDOUT  ] 2018-01-09T17:09:54.253300373Z: [    0.839409] acpi PNP0A08:00: _OSC: OS now controls [PCIeHotplug PME PCIeCapability]
[STDOUT  ] 2018-01-09T17:09:54.256952447Z: [    0.843367] PCI host bridge to bus 0000:00
[STDOUT  ] 2018-01-09T17:09:54.257722816Z: [    0.843819] pci_bus 0000:00: root bus resource [io  0x0000-0x0cf7 window]
[STDOUT  ] 2018-01-09T17:09:54.257988223Z: [    0.844275] pci_bus 0000:00: root bus resource [io  0x0d00-0xffff window]
[STDOUT  ] 2018-01-09T17:09:54.258447815Z: [    0.844692] pci_bus 0000:00: root bus resource [mem 0x000a0000-0x000bffff window]
[STDOUT  ] 2018-01-09T17:09:54.258909538Z: [    0.845138] pci_bus 0000:00: root bus resource [mem 0xc0000000-0xfebfffff window]
[STDOUT  ] 2018-01-09T17:09:54.259462248Z: [    0.845745] pci_bus 0000:00: root bus resource [bus 00-ff]
[STDOUT  ] 2018-01-09T17:09:54.384740244Z: [    0.965475] pci 0000:00:1f.0: quirk: [io  0x0600-0x067f] claimed by ICH6 ACPI/GPIO/TCO
[STDOUT  ] 2018-01-09T17:09:54.45484597Z: [    1.037975] ACPI: PCI Interrupt Link [LNKA] (IRQs 5 *10 11)
[STDOUT  ] 2018-01-09T17:09:54.4574016Z: [    1.042902] ACPI: PCI Interrupt Link [LNKB] (IRQs 5 *10 11)
[STDOUT  ] 2018-01-09T17:09:54.459261255Z: [    1.044833] ACPI: PCI Interrupt Link [LNKC] (IRQs 5 10 *11)
[STDOUT  ] 2018-01-09T17:09:54.460651743Z: [    1.046426] ACPI: PCI Interrupt Link [LNKD] (IRQs 5 10 *11)
[STDOUT  ] 2018-01-09T17:09:54.461899085Z: [    1.047757] ACPI: PCI Interrupt Link [LNKE] (IRQs 5 *10 11)
[STDOUT  ] 2018-01-09T17:09:54.463244104Z: [    1.049061] ACPI: PCI Interrupt Link [LNKF] (IRQs 5 *10 11)
[STDOUT  ] 2018-01-09T17:09:54.465116362Z: [    1.050895] ACPI: PCI Interrupt Link [LNKG] (IRQs 5 10 *11)
[STDOUT  ] 2018-01-09T17:09:54.466697747Z: [    1.052650] ACPI: PCI Interrupt Link [LNKH] (IRQs 5 10 *11)
[STDOUT  ] 2018-01-09T17:09:54.467551767Z: [    1.053517] ACPI: PCI Interrupt Link [GSIA] (IRQs *16)
[STDOUT  ] 2018-01-09T17:09:54.468113702Z: [    1.054219] ACPI: PCI Interrupt Link [GSIB] (IRQs *17)
[STDOUT  ] 2018-01-09T17:09:54.468786234Z: [    1.054886] ACPI: PCI Interrupt Link [GSIC] (IRQs *18)
[STDOUT  ] 2018-01-09T17:09:54.469465674Z: [    1.055562] ACPI: PCI Interrupt Link [GSID] (IRQs *19)
[STDOUT  ] 2018-01-09T17:09:54.470316812Z: [    1.056246] ACPI: PCI Interrupt Link [GSIE] (IRQs *20)
[STDOUT  ] 2018-01-09T17:09:54.470856295Z: [    1.056960] ACPI: PCI Interrupt Link [GSIF] (IRQs *21)
[STDOUT  ] 2018-01-09T17:09:54.471526299Z: [    1.057627] ACPI: PCI Interrupt Link [GSIG] (IRQs *22)
[STDOUT  ] 2018-01-09T17:09:54.472207676Z: [    1.058311] ACPI: PCI Interrupt Link [GSIH] (IRQs *23)
[STDOUT  ] 2018-01-09T17:09:54.475850446Z: [    1.062083] ACPI: Enabled 1 GPEs in block 00 to 3F
[STDOUT  ] 2018-01-09T17:09:54.478996622Z: [    1.065449] SCSI subsystem initialized
[STDOUT  ] 2018-01-09T17:09:54.480762687Z: [    1.067189] ACPI: bus type USB registered
[STDOUT  ] 2018-01-09T17:09:54.481990069Z: [    1.068229] usbcore: registered new interface driver usbfs
[STDOUT  ] 2018-01-09T17:09:54.482901041Z: [    1.069116] usbcore: registered new interface driver hub
[STDOUT  ] 2018-01-09T17:09:54.483769133Z: [    1.070185] usbcore: registered new device driver usb
[STDOUT  ] 2018-01-09T17:09:54.48492083Z: [    1.071332] pps_core: LinuxPPS API ver. 1 registered
[STDOUT  ] 2018-01-09T17:09:54.485634989Z: [    1.071642] pps_core: Software ver. 5.3.6 - Copyright 2005-2007 Rodolfo Giometti <giometti@linux.it>
[STDOUT  ] 2018-01-09T17:09:54.485986391Z: [    1.072461] PTP clock support registered
[STDOUT  ] 2018-01-09T17:09:54.487213604Z: [    1.073587] wmi: Mapper loaded
[STDOUT  ] 2018-01-09T17:09:54.488259676Z: [    1.074718] PCI: Using ACPI for IRQ routing
[STDOUT  ] 2018-01-09T17:09:54.501775393Z: [    1.088072] NetLabel: Initializing
[STDOUT  ] 2018-01-09T17:09:54.502225709Z: [    1.088364] NetLabel:  domain hash size = 128
[STDOUT  ] 2018-01-09T17:09:54.502471823Z: [    1.088804] NetLabel:  protocols = UNLABELED CIPSOv4
[STDOUT  ] 2018-01-09T17:09:54.50530892Z: [    1.091652] NetLabel:  unlabeled traffic allowed by default
[STDOUT  ] 2018-01-09T17:09:54.506670162Z: [    1.092868] HPET: 3 timers in total, 0 timers will be used for per-cpu timer
[STDOUT  ] 2018-01-09T17:09:54.507574752Z: [    1.093729] hpet0: at MMIO 0xfed00000, IRQs 2, 8, 0
[STDOUT  ] 2018-01-09T17:09:54.507865859Z: [    1.094225] hpet0: 3 comparators, 64-bit 100.000000 MHz counter
[STDOUT  ] 2018-01-09T17:09:54.514225154Z: [    1.100549] clocksource: Switched to clocksource hpet
[STDOUT  ] 2018-01-09T17:09:54.725781222Z: [    1.311781] VFS: Disk quotas dquot_6.6.0
[STDOUT  ] 2018-01-09T17:09:54.726574526Z: [    1.312561] VFS: Dquot-cache hash table entries: 512 (order 0, 4096 bytes)
[STDOUT  ] 2018-01-09T17:09:54.730123333Z: [    1.316206] FS-Cache: Loaded
[STDOUT  ] 2018-01-09T17:09:54.735139313Z: [    1.321279] CacheFiles: Loaded
[STDOUT  ] 2018-01-09T17:09:54.736652476Z: [    1.322820] pnp: PnP ACPI init
[STDOUT  ] 2018-01-09T17:09:54.747516496Z: [    1.333663] pnp: PnP ACPI: found 5 devices
[STDOUT  ] 2018-01-09T17:09:54.788864539Z: [    1.374511] clocksource: acpi_pm: mask: 0xffffff max_cycles: 0xffffff, max_idle_ns: 2085701024 ns
[STDOUT  ] 2018-01-09T17:09:54.79190531Z: [    1.377962] NET: Registered protocol family 2
[STDOUT  ] 2018-01-09T17:09:54.800910712Z: [    1.386903] TCP established hash table entries: 8192 (order: 4, 65536 bytes)
[STDOUT  ] 2018-01-09T17:09:54.801756874Z: [    1.387683] TCP bind hash table entries: 8192 (order: 5, 131072 bytes)
[STDOUT  ] 2018-01-09T17:09:54.802366668Z: [    1.388437] TCP: Hash tables configured (established 8192 bind 8192)
[STDOUT  ] 2018-01-09T17:09:54.804527456Z: [    1.390505] UDP hash table entries: 512 (order: 2, 16384 bytes)
[STDOUT  ] 2018-01-09T17:09:54.805019225Z: [    1.391095] UDP-Lite hash table entries: 512 (order: 2, 16384 bytes)
[STDOUT  ] 2018-01-09T17:09:54.80703809Z: [    1.393248] NET: Registered protocol family 1
[STDOUT  ] 2018-01-09T17:09:54.808344501Z: [    1.394192] pci 0000:00:01.0: Video device with shadowed ROM at [mem 0x000c0000-0x000dffff]
[STDOUT  ] 2018-01-09T17:09:54.81579801Z: [    1.401921] Unpacking initramfs...
[STDOUT  ] 2018-01-09T17:09:59.702109734Z: [    6.288093] Freeing initrd memory: 32544K
[STDOUT  ] 2018-01-09T17:09:59.724497794Z: [    6.310493] PCLMULQDQ-NI instructions are not detected.
[STDOUT  ] 2018-01-09T17:09:59.725944922Z: [    6.311981] AVX or AES-NI instructions are not detected.
[STDOUT  ] 2018-01-09T17:09:59.726519094Z: [    6.312442] CPU feature 'AVX registers' is not supported.
[STDOUT  ] 2018-01-09T17:09:59.726840601Z: [    6.312865] CPU feature 'AVX registers' is not supported.
[STDOUT  ] 2018-01-09T17:09:59.727279362Z: [    6.313266] CPU feature 'AVX registers' is not supported.
[STDOUT  ] 2018-01-09T17:09:59.727668703Z: [    6.313648] CPU feature 'AVX registers' is not supported.
[STDOUT  ] 2018-01-09T17:09:59.728042724Z: [    6.314034] AVX2 or AES-NI instructions are not detected.
[STDOUT  ] 2018-01-09T17:09:59.728371392Z: [    6.314417] AVX2 instructions are not detected.
[STDOUT  ] 2018-01-09T17:09:59.733740428Z: [    6.319727] audit: initializing netlink subsys (disabled)
[STDOUT  ] 2018-01-09T17:09:59.738402271Z: [    6.324371] audit: type=2000 audit(1515517798.320:1): initialized
[STDOUT  ] 2018-01-09T17:09:59.746510789Z: [    6.332449] workingset: timestamp_bits=46 max_order=18 bucket_order=0
[STDOUT  ] 2018-01-09T17:09:59.749885854Z: [    6.335899] squashfs: version 4.0 (2009/01/31) Phillip Lougher
[STDOUT  ] 2018-01-09T17:09:59.75261256Z: [    6.338564] FS-Cache: Netfs 'cifs' registered for caching
[STDOUT  ] 2018-01-09T17:09:59.753284156Z: [    6.339486] fuse init (API version 7.26)
[STDOUT  ] 2018-01-09T17:09:59.755803443Z: [    6.341832] SGI XFS with ACLs, security attributes, no debug enabled
[STDOUT  ] 2018-01-09T17:09:59.759386941Z: [    6.345323] 9p: Installing v9fs 9p2000 file system support
[STDOUT  ] 2018-01-09T17:09:59.759775816Z: [    6.345859] FS-Cache: Netfs '9p' registered for caching
[STDOUT  ] 2018-01-09T17:09:59.786476807Z: [    6.372460] NET: Registered protocol family 38
[STDOUT  ] 2018-01-09T17:09:59.787085756Z: [    6.373061] Key type asymmetric registered
[STDOUT  ] 2018-01-09T17:09:59.787363288Z: [    6.373411] Asymmetric key parser 'x509' registered
[STDOUT  ] 2018-01-09T17:09:59.788566495Z: [    6.374467] Block layer SCSI generic (bsg) driver version 0.4 loaded (major 251)
[STDOUT  ] 2018-01-09T17:09:59.7900651Z: [    6.376059] io scheduler noop registered
[STDOUT  ] 2018-01-09T17:09:59.790445715Z: [    6.376423] io scheduler deadline registered (default)
[STDOUT  ] 2018-01-09T17:09:59.791161649Z: [    6.377233] io scheduler cfq registered
[STDOUT  ] 2018-01-09T17:09:59.793663513Z: [    6.379684] pci_hotplug: PCI Hot Plug PCI Core version: 0.5
[STDOUT  ] 2018-01-09T17:09:59.7959807Z: [    6.381894] pciehp: PCI Express Hot Plug Controller Driver version: 0.4
[STDOUT  ] 2018-01-09T17:09:59.796798064Z: [    6.382816] shpchp: Standard Hot Plug PCI Controller Driver version: 0.4
[STDOUT  ] 2018-01-09T17:09:59.797601719Z: [    6.383605] hv_vmbus: registering driver hyperv_fb
[STDOUT  ] 2018-01-09T17:09:59.800336785Z: [    6.386344] input: Power Button as /devices/LNXSYSTM:00/LNXPWRBN:00/input/input0
[STDOUT  ] 2018-01-09T17:09:59.801165294Z: [    6.387379] ACPI: Power Button [PWRF]
[STDOUT  ] 2018-01-09T17:09:59.805897378Z: [    6.391899] GHES: HEST is not enabled!
[STDOUT  ] 2018-01-09T17:09:59.812977124Z: [    6.398800] ACPI: PCI Interrupt Link [GSIG] enabled at IRQ 22
[STDOUT  ] 2018-01-09T17:09:59.8227038Z: [    6.408730] ACPI: PCI Interrupt Link [GSIH] enabled at IRQ 23
[STDOUT  ] 2018-01-09T17:09:59.827013815Z: [    6.412837] xenfs: not registering filesystem on non-xen platform
[STDOUT  ] 2018-01-09T17:09:59.828894048Z: [    6.414910] Serial: 8250/16550 driver, 4 ports, IRQ sharing disabled
[STDOUT  ] 2018-01-09T17:09:59.85276596Z: [    6.438584] 00:04: ttyS0 at I/O 0x3f8 (irq = 4, base_baud = 115200) is a 16550A
[STDOUT  ] 2018-01-09T17:09:59.863643295Z: [    6.449719] Non-volatile memory driver v1.3
[STDOUT  ] 2018-01-09T17:09:59.869834598Z: [    6.455605] Hangcheck: starting hangcheck timer 0.9.1 (tick is 180 seconds, margin is 60 seconds).
[STDOUT  ] 2018-01-09T17:09:59.873855416Z: [    6.459972] random: fast init done
[STDOUT  ] 2018-01-09T17:09:59.875045389Z: [    6.461243] random: crng init done
[STDOUT  ] 2018-01-09T17:09:59.902287457Z: [    6.488415] loop: module loaded
[STDOUT  ] 2018-01-09T17:09:59.915682972Z: [    6.501795] nbd: registered device at major 43
[STDOUT  ] 2018-01-09T17:09:59.949581293Z: [    6.535638] lpc_ich 0000:00:1f.0: I/O space for GPIO uninitialized
[STDOUT  ] 2018-01-09T17:09:59.951383885Z: [    6.537376] VMware PVSCSI driver - version 1.0.7.0-k
[STDOUT  ] 2018-01-09T17:09:59.952113673Z: [    6.538195] hv_vmbus: registering driver hv_storvsc
[STDOUT  ] 2018-01-09T17:09:59.960963878Z: [    6.546769] ACPI: PCI Interrupt Link [GSIA] enabled at IRQ 16
[STDOUT  ] 2018-01-09T17:09:59.967126328Z: [    6.553012] ahci 0000:00:1f.2: AHCI 0001.0000 32 slots 6 ports 1.5 Gbps 0x3f impl SATA mode
[STDOUT  ] 2018-01-09T17:09:59.967733759Z: [    6.553721] ahci 0000:00:1f.2: flags: 64bit ncq only 
[STDOUT  ] 2018-01-09T17:09:59.984592232Z: [    6.570658] scsi host0: ahci
[STDOUT  ] 2018-01-09T17:09:59.987810176Z: [    6.573958] scsi host1: ahci
[STDOUT  ] 2018-01-09T17:09:59.989629446Z: [    6.575793] scsi host2: ahci
[STDOUT  ] 2018-01-09T17:09:59.991430436Z: [    6.577638] scsi host3: ahci
[STDOUT  ] 2018-01-09T17:09:59.993309261Z: [    6.579451] scsi host4: ahci
[STDOUT  ] 2018-01-09T17:09:59.995373938Z: [    6.581585] scsi host5: ahci
[STDOUT  ] 2018-01-09T17:09:59.997972393Z: [    6.583781] ata1: SATA max UDMA/133 abar m4096@0xfebd2000 port 0xfebd2100 irq 24
[STDOUT  ] 2018-01-09T17:09:59.998425928Z: [    6.584300] ata2: SATA max UDMA/133 abar m4096@0xfebd2000 port 0xfebd2180 irq 24
[STDOUT  ] 2018-01-09T17:09:59.998878023Z: [    6.584796] ata3: SATA max UDMA/133 abar m4096@0xfebd2000 port 0xfebd2200 irq 24
[STDOUT  ] 2018-01-09T17:09:59.99929271Z: [    6.585246] ata4: SATA max UDMA/133 abar m4096@0xfebd2000 port 0xfebd2280 irq 24
[STDOUT  ] 2018-01-09T17:09:59.999797857Z: [    6.585650] ata5: SATA max UDMA/133 abar m4096@0xfebd2000 port 0xfebd2300 irq 24
[STDOUT  ] 2018-01-09T17:10:00.000265158Z: [    6.586117] ata6: SATA max UDMA/133 abar m4096@0xfebd2000 port 0xfebd2380 irq 24
[STDOUT  ] 2018-01-09T17:10:00.01126139Z: [    6.597226] tun: Universal TUN/TAP device driver, 1.6
[STDOUT  ] 2018-01-09T17:10:00.011619098Z: [    6.597598] tun: (C) 1999-2004 Max Krasnyansky <maxk@qualcomm.com>
[STDOUT  ] 2018-01-09T17:10:00.021498248Z: [    6.607442] VMware vmxnet3 virtual NIC driver - version 1.4.a.0-k-NAPI
[STDOUT  ] 2018-01-09T17:10:00.022608008Z: [    6.608613] hv_vmbus: registering driver hv_netvsc
[STDOUT  ] 2018-01-09T17:10:00.022791867Z: [    6.608884] Fusion MPT base driver 3.04.20
[STDOUT  ] 2018-01-09T17:10:00.023151057Z: [    6.609139] Copyright (c) 1999-2008 LSI Corporation
[STDOUT  ] 2018-01-09T17:10:00.023714876Z: [    6.609789] Fusion MPT SPI Host driver 3.04.20
[STDOUT  ] 2018-01-09T17:10:00.026069243Z: [    6.611928] i8042: PNP: PS/2 Controller [PNP0303:KBD,PNP0f13:MOU] at 0x60,0x64 irq 1,12
[STDOUT  ] 2018-01-09T17:10:00.029752454Z: [    6.615835] serio: i8042 KBD port at 0x60,0x64 irq 1
[STDOUT  ] 2018-01-09T17:10:00.030456467Z: [    6.616436] serio: i8042 AUX port at 0x60,0x64 irq 12
[STDOUT  ] 2018-01-09T17:10:00.033565155Z: [    6.619624] hv_vmbus: registering driver hyperv_keyboard
[STDOUT  ] 2018-01-09T17:10:00.036346451Z: [    6.622374] mousedev: PS/2 mouse device common for all mice
[STDOUT  ] 2018-01-09T17:10:00.040802106Z: [    6.626754] input: AT Translated Set 2 keyboard as /devices/platform/i8042/serio0/input/input1
[STDOUT  ] 2018-01-09T17:10:00.043273262Z: [    6.629222] input: PC Speaker as /devices/platform/pcspkr/input/input2
[STDOUT  ] 2018-01-09T17:10:00.04691332Z: [    6.632924] rtc_cmos 00:00: RTC can wake from S4
[STDOUT  ] 2018-01-09T17:10:00.050293803Z: [    6.636248] rtc_cmos 00:00: rtc core: registered rtc_cmos as rtc0
[STDOUT  ] 2018-01-09T17:10:00.051738535Z: [    6.637569] rtc_cmos 00:00: alarms up to one day, y3k, 114 bytes nvram, hpet irqs
[STDOUT  ] 2018-01-09T17:10:00.052337652Z: [    6.638377] i2c /dev entries driver
[STDOUT  ] 2018-01-09T17:10:00.054681111Z: [    6.640509] device-mapper: ioctl: 4.35.0-ioctl (2016-06-23) initialised: dm-devel@redhat.com
[STDOUT  ] 2018-01-09T17:10:00.058661674Z: [    6.644684] usbcore: registered new interface driver usbhid
[STDOUT  ] 2018-01-09T17:10:00.05903729Z: [    6.645097] usbhid: USB HID core driver
[STDOUT  ] 2018-01-09T17:10:00.059744314Z: [    6.645755] hv_utils: Registering HyperV Utility Driver
[STDOUT  ] 2018-01-09T17:10:00.060055175Z: [    6.646069] hv_vmbus: registering driver hv_util
[STDOUT  ] 2018-01-09T17:10:00.060368749Z: [    6.646379] hv_vmbus: registering driver hv_balloon
[STDOUT  ] 2018-01-09T17:10:00.060886042Z: [    6.646938] oprofile: using NMI interrupt.
[STDOUT  ] 2018-01-09T17:10:00.062132989Z: [    6.648123] GACT probability on
[STDOUT  ] 2018-01-09T17:10:00.062461926Z: [    6.648664] Mirror/redirect action on
[STDOUT  ] 2018-01-09T17:10:00.063282761Z: [    6.649497] Simple TC action Loaded
[STDOUT  ] 2018-01-09T17:10:00.064268635Z: [    6.650404] u32 classifier
[STDOUT  ] 2018-01-09T17:10:00.06454205Z: [    6.650602]     Performance counters on
[STDOUT  ] 2018-01-09T17:10:00.064721507Z: [    6.650917]     input device check on
[STDOUT  ] 2018-01-09T17:10:00.065033053Z: [    6.651163]     Actions configured
[STDOUT  ] 2018-01-09T17:10:00.065892574Z: [    6.651911] Netfilter messages via NETLINK v0.30.
[STDOUT  ] 2018-01-09T17:10:00.066495949Z: [    6.652571] nfnl_acct: registering with nfnetlink.
[STDOUT  ] 2018-01-09T17:10:00.068260189Z: [    6.654236] nf_conntrack version 0.5.0 (8192 buckets, 32768 max)
[STDOUT  ] 2018-01-09T17:10:00.070859033Z: [    6.657015] ctnetlink v0.93: registering with nfnetlink.
[STDOUT  ] 2018-01-09T17:10:00.073794252Z: [    6.659773] nf_tables: (c) 2007-2009 Patrick McHardy <kaber@trash.net>
[STDOUT  ] 2018-01-09T17:10:00.075359697Z: [    6.661289] nf_tables_compat: (c) 2012 Pablo Neira Ayuso <pablo@netfilter.org>
[STDOUT  ] 2018-01-09T17:10:00.078549853Z: [    6.664568] xt_time: kernel timezone is -0000
[STDOUT  ] 2018-01-09T17:10:00.079000902Z: [    6.665238] ip_set: protocol 6
[STDOUT  ] 2018-01-09T17:10:00.080161655Z: [    6.666089] IPVS: Registered protocols (TCP, UDP, SCTP, AH, ESP)
[STDOUT  ] 2018-01-09T17:10:00.080897283Z: [    6.666798] IPVS: Connection hash table configured (size=4096, memory=64Kbytes)
[STDOUT  ] 2018-01-09T17:10:00.082828958Z: [    6.668928] IPVS: Creating netns size=2104 id=0
[STDOUT  ] 2018-01-09T17:10:00.086463784Z: [    6.672587] IPVS: ipvs loaded.
[STDOUT  ] 2018-01-09T17:10:00.086984372Z: [    6.673010] IPVS: [rr] scheduler registered.
[STDOUT  ] 2018-01-09T17:10:00.087346355Z: [    6.673354] IPVS: [wrr] scheduler registered.
[STDOUT  ] 2018-01-09T17:10:00.087660581Z: [    6.673650] IPVS: [lc] scheduler registered.
[STDOUT  ] 2018-01-09T17:10:00.087978765Z: [    6.673988] IPVS: [wlc] scheduler registered.
[STDOUT  ] 2018-01-09T17:10:00.088140238Z: [    6.674329] IPVS: [fo] scheduler registered.
[STDOUT  ] 2018-01-09T17:10:00.088537939Z: [    6.674580] IPVS: [ovf] scheduler registered.
[STDOUT  ] 2018-01-09T17:10:00.089031032Z: [    6.675091] IPVS: [lblc] scheduler registered.
[STDOUT  ] 2018-01-09T17:10:00.089492674Z: [    6.675559] IPVS: [lblcr] scheduler registered.
[STDOUT  ] 2018-01-09T17:10:00.089820008Z: [    6.675912] IPVS: [dh] scheduler registered.
[STDOUT  ] 2018-01-09T17:10:00.090166507Z: [    6.676252] IPVS: [sh] scheduler registered.
[STDOUT  ] 2018-01-09T17:10:00.09049381Z: [    6.676532] IPVS: [sed] scheduler registered.
[STDOUT  ] 2018-01-09T17:10:00.090654867Z: [    6.676849] IPVS: [nq] scheduler registered.
[STDOUT  ] 2018-01-09T17:10:00.091527192Z: [    6.677572] IPVS: ftp: loaded support on port[0] = 21
[STDOUT  ] 2018-01-09T17:10:00.092266244Z: [    6.678423] ipip: IPv4 and MPLS over IPv4 tunneling driver
[STDOUT  ] 2018-01-09T17:10:00.096512619Z: [    6.682494] gre: GRE over IPv4 demultiplexor driver
[STDOUT  ] 2018-01-09T17:10:00.099127917Z: [    6.685256] ip_tables: (C) 2000-2006 Netfilter Core Team
[STDOUT  ] 2018-01-09T17:10:00.102365072Z: [    6.688337] ipt_CLUSTERIP: ClusterIP Version 0.8 loaded successfully
[STDOUT  ] 2018-01-09T17:10:00.103170592Z: [    6.689168] arp_tables: arp_tables: (C) 2002 David S. Miller
[STDOUT  ] 2018-01-09T17:10:00.105996882Z: [    6.691933] NET: Registered protocol family 10
[STDOUT  ] 2018-01-09T17:10:00.115010275Z: [    6.701123] ip6_tables: (C) 2000-2006 Netfilter Core Team
[STDOUT  ] 2018-01-09T17:10:00.122493668Z: [    6.708581] NET: Registered protocol family 17
[STDOUT  ] 2018-01-09T17:10:00.123452962Z: [    6.709655] Bridge firewalling registered
[STDOUT  ] 2018-01-09T17:10:00.124411565Z: [    6.710607] Ebtables v2.0 registered
[STDOUT  ] 2018-01-09T17:10:00.126411152Z: [    6.712492] 8021q: 802.1Q VLAN Support v1.8
[STDOUT  ] 2018-01-09T17:10:00.127811869Z: [    6.713914] 9pnet: Installing 9P2000 support
[STDOUT  ] 2018-01-09T17:10:00.129274281Z: [    6.715420] Key type dns_resolver registered
[STDOUT  ] 2018-01-09T17:10:00.130393674Z: [    6.716333] microcode: AMD CPU family 0x6 not supported
[STDOUT  ] 2018-01-09T17:10:00.133797422Z: [    6.719739] registered taskstats version 1
[STDOUT  ] 2018-01-09T17:10:00.298017831Z: [    6.883715] Key type big_key registered
[STDOUT  ] 2018-01-09T17:10:00.339007272Z: [    6.924905] ata4: SATA link down (SStatus 0 SControl 300)
[STDOUT  ] 2018-01-09T17:10:00.34241584Z: [    6.928311] ata3: SATA link up 1.5 Gbps (SStatus 113 SControl 300)
[STDOUT  ] 2018-01-09T17:10:00.345395901Z: [    6.931510] ata2: SATA link down (SStatus 0 SControl 300)
[STDOUT  ] 2018-01-09T17:10:00.345959867Z: [    6.932034] ata1: SATA link up 1.5 Gbps (SStatus 113 SControl 300)
[STDOUT  ] 2018-01-09T17:10:00.347974271Z: [    6.933932] ata1.00: ATA-7: QEMU HARDDISK, 2.5+, max UDMA/100
[STDOUT  ] 2018-01-09T17:10:00.348490108Z: [    6.934321] ata1.00: 524288 sectors, multi 16: LBA48 NCQ (depth 31/32)
[STDOUT  ] 2018-01-09T17:10:00.348967081Z: [    6.935031] ata1.00: applying bridge limits
[STDOUT  ] 2018-01-09T17:10:00.35064563Z: [    6.936789] ata1.00: configured for UDMA/100
[STDOUT  ] 2018-01-09T17:10:00.352686902Z: [    6.938686] ata6: SATA link down (SStatus 0 SControl 300)
[STDOUT  ] 2018-01-09T17:10:00.353220339Z: [    6.939205] ata5: SATA link down (SStatus 0 SControl 300)
[STDOUT  ] 2018-01-09T17:10:00.365325858Z: [    6.951102] ata3.00: ATAPI: QEMU DVD-ROM, 2.5+, max UDMA/100
[STDOUT  ] 2018-01-09T17:10:00.365622203Z: [    6.951692] ata3.00: applying bridge limits
[STDOUT  ] 2018-01-09T17:10:00.366484233Z: [    6.952493] ata3.00: configured for UDMA/100
[STDOUT  ] 2018-01-09T17:10:00.378166629Z: [    6.964044] scsi 0:0:0:0: Direct-Access     ATA      QEMU HARDDISK    2.5+ PQ: 0 ANSI: 5
[STDOUT  ] 2018-01-09T17:10:00.394763083Z: [    6.980647] sd 0:0:0:0: [sda] 524288 512-byte logical blocks: (268 MB/256 MiB)
[STDOUT  ] 2018-01-09T17:10:00.397734787Z: [    6.983802] sd 0:0:0:0: Attached scsi generic sg0 type 0
[STDOUT  ] 2018-01-09T17:10:00.401184456Z: [    6.987186] sd 0:0:0:0: [sda] Write Protect is off
[STDOUT  ] 2018-01-09T17:10:00.405029288Z: [    6.990823] sd 0:0:0:0: [sda] Write cache: enabled, read cache: enabled, doesn't support DPO or FUA
[STDOUT  ] 2018-01-09T17:10:00.408488096Z: [    6.994463] scsi 2:0:0:0: CD-ROM            QEMU     QEMU DVD-ROM     2.5+ PQ: 0 ANSI: 5
[STDOUT  ] 2018-01-09T17:10:00.427379482Z: [    7.013086] sr 2:0:0:0: [sr0] scsi3-mmc drive: 4x/4x cd/rw xa/form2 tray
[STDOUT  ] 2018-01-09T17:10:00.427870908Z: [    7.013949] cdrom: Uniform CD-ROM driver Revision: 3.20
[STDOUT  ] 2018-01-09T17:10:00.4462473Z: [    7.032147] sr 2:0:0:0: Attached scsi generic sg1 type 5
[STDOUT  ] 2018-01-09T17:10:00.466916292Z: [    7.052965] sd 0:0:0:0: [sda] Attached SCSI disk
[STDOUT  ] 2018-01-09T17:10:00.502929826Z: [    7.088956] Key type encrypted registered
[STDOUT  ] 2018-01-09T17:10:00.509286445Z: [    7.095167] rtc_cmos 00:00: setting system clock to 2018-01-09 17:10:00 UTC (1515517800)
[STDOUT  ] 2018-01-09T17:10:00.645942934Z: [    7.231973] Freeing unused kernel memory: 1396K
[STDOUT  ] 2018-01-09T17:10:00.646507372Z: [    7.232366] Write protecting the kernel read-only data: 12288k
[STDOUT  ] 2018-01-09T17:10:00.651982363Z: [    7.237983] Freeing unused kernel memory: 124K
[STDOUT  ] 2018-01-09T17:10:00.739915027Z: [    7.325901] Freeing unused kernel memory: 1396K
[STDOUT  ] 2018-01-09T17:10:00.774579043Z: [    7.360592] tsc: Refined TSC clocksource calibration: 2599.987 MHz
[STDOUT  ] 2018-01-09T17:10:00.775486947Z: [    7.361142] clocksource: tsc: mask: 0xffffffffffffffff max_cycles: 0x257a2fd9f36, max_idle_ns: 440795323825 ns
[STDOUT  ] 2018-01-09T17:10:01.786520963Z: [    8.372455] clocksource: Switched to clocksource tsc
[STDOUT  ] 2018-01-09T17:10:16.192779135Z: 
[STDOUT  ] 2018-01-09T17:10:16.19347235Z: Welcome to LinuxKit
[STDOUT  ] 2018-01-09T17:10:16.193508468Z: 
[STDOUT  ] 2018-01-09T17:10:16.193933082Z:                         ##         .
[STDOUT  ] 2018-01-09T17:10:16.194757537Z:                   ## ## ##        ==
[STDOUT  ] 2018-01-09T17:10:16.195104924Z:                ## ## ## ## ##    ===
[STDOUT  ] 2018-01-09T17:10:16.195466224Z:            /"""""""""""""""""\___/ ===
[STDOUT  ] 2018-01-09T17:10:16.195795049Z:           {                       /  ===-
[STDOUT  ] 2018-01-09T17:10:16.196162666Z:            \______ O           __/
[STDOUT  ] 2018-01-09T17:10:16.196531743Z:              \    \         __/
[STDOUT  ] 2018-01-09T17:10:16.196715674Z:               \____\_______/
[STDOUT  ] 2018-01-09T17:10:16.196748367Z: 
[STDOUT  ] 2018-01-09T17:10:16.872653034Z: [   23.458575] IPVS: Creating netns size=2104 id=1
[STDOUT  ] 2018-01-09T17:10:16.873100478Z: [   23.459054] IPVS: ftp: loaded support on port[0] = 21
[STDOUT  ] 2018-01-09T17:10:17.9208826Z: 2018/01/09 17:10:16 Creating partition on /dev/sda
[STDOUT  ] 2018-01-09T17:10:18.02641429Z: [   24.612497]  sda:
[STDOUT  ] 2018-01-09T17:10:18.09472359Z: [   24.680841]  sda:
[STDOUT  ] 2018-01-09T17:10:18.152917223Z: [   24.738829]  sda: sda1
[STDOUT  ] 2018-01-09T17:10:18.227232423Z: [   24.813257]  sda: sda1
[STDOUT  ] 2018-01-09T17:10:19.898184386Z: 2018/01/09 17:10:18 Partition /dev/sda1 successfully created!
[STDOUT  ] 2018-01-09T17:10:20.429332773Z: [   27.015222] IPVS: Creating netns size=2104 id=2
[STDOUT  ] 2018-01-09T17:10:20.429388553Z: [   27.015499] IPVS: ftp: loaded support on port[0] = 21
[STDOUT  ] 2018-01-09T17:10:21.50846295Z: [   28.094378] EXT4-fs (sda1): couldn't mount as ext3 due to feature incompatibilities
[STDOUT  ] 2018-01-09T17:10:21.516965948Z: [   28.103034] EXT4-fs (sda1): couldn't mount as ext2 due to feature incompatibilities
[STDOUT  ] 2018-01-09T17:10:21.54549582Z: [   28.131094] EXT4-fs (sda1): mounted filesystem with ordered data mode. Opts: (null)
[STDOUT  ] 2018-01-09T17:10:34.881115054Z: [   41.465957] sd 0:0:0:0: [sda] Synchronizing SCSI cache
[STDOUT  ] 2018-01-09T17:10:34.885722389Z: [   41.471725] sd 0:0:0:0: [sda] Stopping disk
[STDOUT  ] 2018-01-09T17:10:34.889959128Z: [   41.475907] ACPI: Preparing to enter system sleep state S5
[STDOUT  ] 2018-01-09T17:10:34.892890514Z: [   41.479041] reboot: Power down
[STDERR  ] 2018-01-09T17:10:35.225312666Z: + [ -f disk.img ]
[STDERR  ] 2018-01-09T17:10:35.225379448Z: + dd if=/dev/zero bs=1048576 count=256
[STDERR  ] 2018-01-09T17:10:35.492106858Z: 256+0 records in
[STDERR  ] 2018-01-09T17:10:35.492144765Z: 256+0 records out
[STDERR  ] 2018-01-09T17:10:35.49215163Z: 268435456 bytes (268 MB) copied, 0.187167 s, 1.4 GB/s
[STDERR  ] 2018-01-09T17:10:35.492358051Z: + linuxkit build -format kernel+initrd -name extend-ext4 test.yml
[STDERR  ] 2018-01-09T17:10:35.535113507Z: Extract kernel image: linuxkit/kernel:4.9.75
[STDERR  ] 2018-01-09T17:10:36.684707339Z: time="2018-01-09T17:10:36Z" level=warning msg="certificate with CN Justin Cormack is near expiry"
[STDERR  ] 2018-01-09T17:10:36.684755863Z: time="2018-01-09T17:10:36Z" level=warning msg="certificate with CN  is near expiry"
[STDERR  ] 2018-01-09T17:10:36.684791046Z: time="2018-01-09T17:10:36Z" level=warning msg="certificate with CN  is near expiry"
[STDERR  ] 2018-01-09T17:10:36.726308314Z: time="2018-01-09T17:10:36Z" level=warning msg="certificate with CN Justin Cormack is near expiry"
[STDERR  ] 2018-01-09T17:10:37.076355449Z: Add init containers:
[STDERR  ] 2018-01-09T17:10:37.076406227Z: Process init image: linuxkit/init:5a577d070817b4f17821657823082651baafd4ed
[STDERR  ] 2018-01-09T17:10:38.103300514Z: time="2018-01-09T17:10:38Z" level=warning msg="certificate with CN Justin Cormack is near expiry"
[STDERR  ] 2018-01-09T17:10:38.103456996Z: time="2018-01-09T17:10:38Z" level=warning msg="certificate with CN  is near expiry"
[STDERR  ] 2018-01-09T17:10:38.103482706Z: time="2018-01-09T17:10:38Z" level=warning msg="certificate with CN  is near expiry"
[STDERR  ] 2018-01-09T17:10:38.107021918Z: time="2018-01-09T17:10:38Z" level=warning msg="certificate with CN Justin Cormack is near expiry"
[STDERR  ] 2018-01-09T17:10:38.108439238Z: time="2018-01-09T17:10:38Z" level=warning msg="certificate with CN  is near expiry"
[STDERR  ] 2018-01-09T17:10:38.287431339Z: Process init image: linuxkit/runc:abc3f292653e64a2fd488e9675ace19a55ec7023
[STDERR  ] 2018-01-09T17:10:39.316521412Z: time="2018-01-09T17:10:39Z" level=warning msg="certificate with CN Justin Cormack is near expiry"
[STDERR  ] 2018-01-09T17:10:39.316676226Z: time="2018-01-09T17:10:39Z" level=warning msg="certificate with CN  is near expiry"
[STDERR  ] 2018-01-09T17:10:39.316780695Z: time="2018-01-09T17:10:39Z" level=warning msg="certificate with CN  is near expiry"
[STDERR  ] 2018-01-09T17:10:39.319863784Z: time="2018-01-09T17:10:39Z" level=warning msg="certificate with CN Justin Cormack is near expiry"
[STDERR  ] 2018-01-09T17:10:39.321132451Z: time="2018-01-09T17:10:39Z" level=warning msg="certificate with CN  is near expiry"
[STDERR  ] 2018-01-09T17:10:39.453133667Z: Add onboot containers:
[STDERR  ] 2018-01-09T17:10:39.453176282Z:   Create OCI config for linuxkit/extend:e550c16d8464cabeffdff80f27e6fa8278f06dbb
[STDERR  ] 2018-01-09T17:10:41.168014898Z: time="2018-01-09T17:10:41Z" level=warning msg="certificate with CN Rolf Neugebauer is near expiry"
[STDERR  ] 2018-01-09T17:10:41.168200423Z: time="2018-01-09T17:10:41Z" level=warning msg="certificate with CN  is near expiry"
[STDERR  ] 2018-01-09T17:10:41.168303939Z: time="2018-01-09T17:10:41Z" level=warning msg="certificate with CN Moby CI is near expiry"
[STDERR  ] 2018-01-09T17:10:41.168414821Z: time="2018-01-09T17:10:41Z" level=warning msg="certificate with CN  is near expiry"
[STDERR  ] 2018-01-09T17:10:41.168508037Z: time="2018-01-09T17:10:41Z" level=warning msg="certificate with CN Justin Cormack is near expiry"
[STDERR  ] 2018-01-09T17:10:41.256061242Z: time="2018-01-09T17:10:41Z" level=warning msg="certificate with CN  is near expiry"
[STDERR  ] 2018-01-09T17:10:41.42864234Z: time="2018-01-09T17:10:41Z" level=warning msg="certificate with CN Rolf Neugebauer is near expiry"
[STDERR  ] 2018-01-09T17:10:41.447654519Z: Pull image: docker.io/linuxkit/extend:e550c16d8464cabeffdff80f27e6fa8278f06dbb@sha256:9393e4c52007fc501a65078b17521ef184e487785cec99fbc15be468c7c21b4e
[STDERR  ] 2018-01-09T17:10:47.634601035Z:   Create OCI config for linuxkit/mount:b346ec277b7074e5c9986128a879c10a1d18742b
[STDERR  ] 2018-01-09T17:10:48.733575541Z: time="2018-01-09T17:10:48Z" level=warning msg="certificate with CN Justin Cormack is near expiry"
[STDERR  ] 2018-01-09T17:10:48.733744205Z: time="2018-01-09T17:10:48Z" level=warning msg="certificate with CN Rolf Neugebauer is near expiry"
[STDERR  ] 2018-01-09T17:10:48.733826892Z: time="2018-01-09T17:10:48Z" level=warning msg="certificate with CN  is near expiry"
[STDERR  ] 2018-01-09T17:10:48.733927223Z: time="2018-01-09T17:10:48Z" level=warning msg="certificate with CN  is near expiry"
[STDERR  ] 2018-01-09T17:10:48.735400745Z: time="2018-01-09T17:10:48Z" level=warning msg="certificate with CN Justin Cormack is near expiry"
[STDERR  ] 2018-01-09T17:10:48.736503901Z: time="2018-01-09T17:10:48Z" level=warning msg="certificate with CN Rolf Neugebauer is near expiry"
[STDERR  ] 2018-01-09T17:10:48.737325761Z: time="2018-01-09T17:10:48Z" level=warning msg="certificate with CN  is near expiry"
[STDERR  ] 2018-01-09T17:10:49.12812658Z:   Create OCI config for alpine:3.7
[STDERR  ] 2018-01-09T17:10:50.351393054Z:   Create OCI config for linuxkit/poweroff:bccfe1cb04fc7bb9f03613d2314f38abd2620f29
[STDERR  ] 2018-01-09T17:10:51.382759559Z: time="2018-01-09T17:10:51Z" level=warning msg="certificate with CN Justin Cormack is near expiry"
[STDERR  ] 2018-01-09T17:10:51.382956321Z: time="2018-01-09T17:10:51Z" level=warning msg="certificate with CN Rolf Neugebauer is near expiry"
[STDERR  ] 2018-01-09T17:10:51.383047497Z: time="2018-01-09T17:10:51Z" level=warning msg="certificate with CN  is near expiry"
[STDERR  ] 2018-01-09T17:10:51.383150315Z: time="2018-01-09T17:10:51Z" level=warning msg="certificate with CN  is near expiry"
[STDERR  ] 2018-01-09T17:10:51.386464748Z: time="2018-01-09T17:10:51Z" level=warning msg="certificate with CN Rolf Neugebauer is near expiry"
[STDERR  ] 2018-01-09T17:10:51.388240566Z: time="2018-01-09T17:10:51Z" level=warning msg="certificate with CN  is near expiry"
[STDERR  ] 2018-01-09T17:10:51.558928915Z: Add files:
[STDERR  ] 2018-01-09T17:10:51.558980194Z:   check.sh
[STDERR  ] 2018-01-09T17:10:51.577250161Z: Create outputs:
[STDERR  ] 2018-01-09T17:10:57.245896444Z:   extend-ext4-kernel extend-ext4-initrd.img extend-ext4-cmdline
[STDERR  ] 2018-01-09T17:10:57.309481317Z: + linuxkit run -disk file=disk.img extend-ext4
[STDERR  ] 2018-01-09T17:10:57.33420303Z: Unable to find qemu-system-x86_64 within the $PATH. Using a container
[STDERR  ] 2018-01-09T17:10:57.334311958Z: Using existing disk [disk.img] format 
[STDERR  ] 2018-01-09T17:10:58.197067298Z: WARNING: Image format was not specified for 'disk.img' and probing guessed raw.
[STDERR  ] 2018-01-09T17:10:58.197118249Z:          Automatically detecting the format is dangerous for raw images, write operations on block 0 will be restricted.
[STDERR  ] 2018-01-09T17:10:58.197131358Z:          Specify the 'raw' format explicitly to remove the restrictions.
[STDERR  ] 2018-01-09T17:11:39.052533224Z: + RESULT=[    0.000000] Linux version 4.9.75-linuxkit (root@912da39a9ad2) (gcc version 6.4.0 (Alpine 6.4.0) ) #1 SMP Sat Jan 6 12:14:29 UTC 2018
[STDERR  ] 2018-01-09T17:11:39.052589508Z: [    0.000000] Command line: console=ttyS0 console=ttyAMA0
[STDERR  ] 2018-01-09T17:11:39.052601635Z: [    0.000000] x86/fpu: Legacy x87 FPU detected.
[STDERR  ] 2018-01-09T17:11:39.05261348Z: [    0.000000] x86/fpu: Using 'eager' FPU context switches.
[STDERR  ] 2018-01-09T17:11:39.052624387Z: [    0.000000] e820: BIOS-provided physical RAM map:
[STDERR  ] 2018-01-09T17:11:39.052635422Z: [    0.000000] BIOS-e820: [mem 0x0000000000000000-0x000000000009fbff] usable
[STDERR  ] 2018-01-09T17:11:39.052646527Z: [    0.000000] BIOS-e820: [mem 0x000000000009fc00-0x000000000009ffff] reserved
[STDERR  ] 2018-01-09T17:11:39.052656739Z: [    0.000000] BIOS-e820: [mem 0x00000000000f0000-0x00000000000fffff] reserved
[STDERR  ] 2018-01-09T17:11:39.052677457Z: [    0.000000] BIOS-e820: [mem 0x0000000000100000-0x000000003ffdefff] usable
[STDERR  ] 2018-01-09T17:11:39.052688079Z: [    0.000000] BIOS-e820: [mem 0x000000003ffdf000-0x000000003fffffff] reserved
[STDERR  ] 2018-01-09T17:11:39.052705716Z: [    0.000000] BIOS-e820: [mem 0x00000000b0000000-0x00000000bfffffff] reserved
[STDERR  ] 2018-01-09T17:11:39.052719725Z: [    0.000000] BIOS-e820: [mem 0x00000000fed1c000-0x00000000fed1ffff] reserved
[STDERR  ] 2018-01-09T17:11:39.052729888Z: [    0.000000] BIOS-e820: [mem 0x00000000fffc0000-0x00000000ffffffff] reserved
[STDERR  ] 2018-01-09T17:11:39.052739448Z: [    0.000000] NX (Execute Disable) protection: active
[STDERR  ] 2018-01-09T17:11:39.052749061Z: [    0.000000] SMBIOS 2.8 present.
[STDERR  ] 2018-01-09T17:11:39.052758874Z: [    0.000000] Kernel/User page tables isolation: disabled
[STDERR  ] 2018-01-09T17:11:39.052768248Z: [    0.000000] e820: last_pfn = 0x3ffdf max_arch_pfn = 0x400000000
[STDERR  ] 2018-01-09T17:11:39.052777747Z: [    0.000000] x86/PAT: Configuration [0-7]: WB  WC  UC- UC  WB  WC  UC- WT  
[STDERR  ] 2018-01-09T17:11:39.052786938Z: [    0.000000] found SMP MP-table at [mem 0x000f6aa0-0x000f6aaf] mapped at [ffff987f400f6aa0]
[STDERR  ] 2018-01-09T17:11:39.052796883Z: [    0.000000] RAMDISK: [mem 0x3deba000-0x3ffcffff]
[STDERR  ] 2018-01-09T17:11:39.052806636Z: [    0.000000] ACPI: Early table checksum verification disabled
[STDERR  ] 2018-01-09T17:11:39.052816176Z: [    0.000000] ACPI: RSDP 0x00000000000F68B0 000014 (v00 BOCHS )
[STDERR  ] 2018-01-09T17:11:39.052827032Z: [    0.000000] ACPI: RSDT 0x000000003FFE20A8 000034 (v01 BOCHS  BXPCRSDT 00000001 BXPC 00000001)
[STDERR  ] 2018-01-09T17:11:39.052837882Z: [    0.000000] ACPI: FACP 0x000000003FFE1EC8 0000F4 (v03 BOCHS  BXPCFACP 00000001 BXPC 00000001)
[STDERR  ] 2018-01-09T17:11:39.052874858Z: [    0.000000] ACPI: DSDT 0x000000003FFE0040 001E88 (v01 BOCHS  BXPCDSDT 00000001 BXPC 00000001)
[STDERR  ] 2018-01-09T17:11:39.052888904Z: [    0.000000] ACPI: FACS 0x000000003FFE0000 000040
[STDERR  ] 2018-01-09T17:11:39.052904932Z: [    0.000000] ACPI: APIC 0x000000003FFE1FBC 000078 (v01 BOCHS  BXPCAPIC 00000001 BXPC 00000001)
[STDERR  ] 2018-01-09T17:11:39.052915793Z: [    0.000000] ACPI: HPET 0x000000003FFE2034 000038 (v01 BOCHS  BXPCHPET 00000001 BXPC 00000001)
[STDERR  ] 2018-01-09T17:11:39.052926038Z: [    0.000000] ACPI: MCFG 0x000000003FFE206C 00003C (v01 BOCHS  BXPCMCFG 00000001 BXPC 00000001)
[STDERR  ] 2018-01-09T17:11:39.052936228Z: [    0.000000] Zone ranges:
[STDERR  ] 2018-01-09T17:11:39.052945944Z: [    0.000000]   DMA      [mem 0x0000000000001000-0x0000000000ffffff]
[STDERR  ] 2018-01-09T17:11:39.052959776Z: [    0.000000]   DMA32    [mem 0x0000000001000000-0x000000003ffdefff]
[STDERR  ] 2018-01-09T17:11:39.052969757Z: [    0.000000]   Normal   empty
[STDERR  ] 2018-01-09T17:11:39.052980819Z: [    0.000000] Movable zone start for each node
[STDERR  ] 2018-01-09T17:11:39.0529932Z: [    0.000000] Early memory node ranges
[STDERR  ] 2018-01-09T17:11:39.053003025Z: [    0.000000]   node   0: [mem 0x0000000000001000-0x000000000009efff]
[STDERR  ] 2018-01-09T17:11:39.053013172Z: [    0.000000]   node   0: [mem 0x0000000000100000-0x000000003ffdefff]
[STDERR  ] 2018-01-09T17:11:39.053023605Z: [    0.000000] Initmem setup node 0 [mem 0x0000000000001000-0x000000003ffdefff]
[STDERR  ] 2018-01-09T17:11:39.053033972Z: [    0.000000] ACPI: PM-Timer IO Port: 0x608
[STDERR  ] 2018-01-09T17:11:39.05304368Z: [    0.000000] ACPI: LAPIC_NMI (acpi_id[0xff] dfl dfl lint[0x1])
[STDERR  ] 2018-01-09T17:11:39.053053742Z: [    0.000000] IOAPIC[0]: apic_id 0, version 32, address 0xfec00000, GSI 0-23
[STDERR  ] 2018-01-09T17:11:39.053063452Z: [    0.000000] ACPI: INT_SRC_OVR (bus 0 bus_irq 0 global_irq 2 dfl dfl)
[STDERR  ] 2018-01-09T17:11:39.053073038Z: [    0.000000] ACPI: INT_SRC_OVR (bus 0 bus_irq 5 global_irq 5 high level)
[STDERR  ] 2018-01-09T17:11:39.053082686Z: [    0.000000] ACPI: INT_SRC_OVR (bus 0 bus_irq 9 global_irq 9 high level)
[STDERR  ] 2018-01-09T17:11:39.0530983Z: [    0.000000] ACPI: INT_SRC_OVR (bus 0 bus_irq 10 global_irq 10 high level)
[STDERR  ] 2018-01-09T17:11:39.0531083Z: [    0.000000] ACPI: INT_SRC_OVR (bus 0 bus_irq 11 global_irq 11 high level)
[STDERR  ] 2018-01-09T17:11:39.053119896Z: [    0.000000] Using ACPI (MADT) for SMP configuration information
[STDERR  ] 2018-01-09T17:11:39.053135422Z: [    0.000000] ACPI: HPET id: 0x8086a201 base: 0xfed00000
[STDERR  ] 2018-01-09T17:11:39.053145289Z: [    0.000000] smpboot: Allowing 1 CPUs, 0 hotplug CPUs
[STDERR  ] 2018-01-09T17:11:39.053158358Z: [    0.000000] e820: [mem 0x40000000-0xafffffff] available for PCI devices
[STDERR  ] 2018-01-09T17:11:39.053190588Z: [    0.000000] Booting paravirtualized kernel on bare hardware
[STDERR  ] 2018-01-09T17:11:39.053204531Z: [    0.000000] clocksource: refined-jiffies: mask: 0xffffffff max_cycles: 0xffffffff, max_idle_ns: 19112604462750000 ns
[STDERR  ] 2018-01-09T17:11:39.053215237Z: [    0.000000] setup_percpu: NR_CPUS:128 nr_cpumask_bits:128 nr_cpu_ids:1 nr_node_ids:1
[STDERR  ] 2018-01-09T17:11:39.053225127Z: [    0.000000] percpu: Embedded 36 pages/cpu @ffff987f7dc00000 s106904 r8192 d32360 u2097152
[STDERR  ] 2018-01-09T17:11:39.053239663Z: [    0.000000] Built 1 zonelists in Zone order, mobility grouping on.  Total pages: 257896
[STDERR  ] 2018-01-09T17:11:39.053249453Z: [    0.000000] Kernel command line: console=ttyS0 console=ttyAMA0
[STDERR  ] 2018-01-09T17:11:39.053259185Z: [    0.000000] PID hash table entries: 4096 (order: 3, 32768 bytes)
[STDERR  ] 2018-01-09T17:11:39.053272532Z: [    0.000000] Dentry cache hash table entries: 131072 (order: 8, 1048576 bytes)
[STDERR  ] 2018-01-09T17:11:39.053283875Z: [    0.000000] Inode-cache hash table entries: 65536 (order: 7, 524288 bytes)
[STDERR  ] 2018-01-09T17:11:39.053297988Z: [    0.000000] Memory: 980260K/1048052K available (8053K kernel code, 1391K rwdata, 2700K rodata, 1396K init, 564K bss, 67792K reserved, 0K cma-reserved)
[STDERR  ] 2018-01-09T17:11:39.053308744Z: [    0.000000] Hierarchical RCU implementation.
[STDERR  ] 2018-01-09T17:11:39.053318901Z: [    0.000000] 	Build-time adjustment of leaf fanout to 64.
[STDERR  ] 2018-01-09T17:11:39.053330099Z: [    0.000000] 	RCU restricting CPUs from NR_CPUS=128 to nr_cpu_ids=1.
[STDERR  ] 2018-01-09T17:11:39.053340684Z: [    0.000000] RCU: Adjusting geometry for rcu_fanout_leaf=64, nr_cpu_ids=1
[STDERR  ] 2018-01-09T17:11:39.053351423Z: [    0.000000] NR_IRQS:8448 nr_irqs:256 16
[STDERR  ] 2018-01-09T17:11:39.053361431Z: [    0.000000] Console: colour VGA+ 80x25
[STDERR  ] 2018-01-09T17:11:39.053371078Z: [    0.000000] console [ttyS0] enabled
[STDERR  ] 2018-01-09T17:11:39.053380934Z: [    0.000000] clocksource: hpet: mask: 0xffffffff max_cycles: 0xffffffff, max_idle_ns: 19112604467 ns
[STDERR  ] 2018-01-09T17:11:39.053392157Z: [    0.000000] tsc: Fast TSC calibration using PIT
[STDERR  ] 2018-01-09T17:11:39.053402513Z: [    0.000000] tsc: Detected 2599.981 MHz processor
[STDERR  ] 2018-01-09T17:11:39.053411626Z: [    0.022250] Calibrating delay loop (skipped), value calculated using timer frequency.. 5199.96 BogoMIPS (lpj=25999810)
[STDERR  ] 2018-01-09T17:11:39.053422268Z: [    0.030593] pid_max: default: 32768 minimum: 301
[STDERR  ] 2018-01-09T17:11:39.053431761Z: [    0.031605] ACPI: Core revision 20160831
[STDERR  ] 2018-01-09T17:11:39.053440616Z: [    0.057745] ACPI: 1 ACPI AML tables successfully acquired and loaded
[STDERR  ] 2018-01-09T17:11:39.053450061Z: [    0.062443] Security Framework initialized
[STDERR  ] 2018-01-09T17:11:39.053459395Z: [    0.062912] Yama: becoming mindful.
[STDERR  ] 2018-01-09T17:11:39.053468041Z: [    0.064896] Mount-cache hash table entries: 2048 (order: 2, 16384 bytes)
[STDERR  ] 2018-01-09T17:11:39.05347802Z: [    0.065410] Mountpoint-cache hash table entries: 2048 (order: 2, 16384 bytes)
[STDERR  ] 2018-01-09T17:11:39.053488968Z: [    0.083055] Last level iTLB entries: 4KB 0, 2MB 0, 4MB 0
[STDERR  ] 2018-01-09T17:11:39.05349974Z: [    0.083529] Last level dTLB entries: 4KB 0, 2MB 0, 4MB 0, 1GB 0
[STDERR  ] 2018-01-09T17:11:39.053516646Z: [    0.414883] Freeing SMP alternatives memory: 20K
[STDERR  ] 2018-01-09T17:11:39.053527093Z: [    0.424275] ftrace: allocating 35550 entries in 139 pages
[STDERR  ] 2018-01-09T17:11:39.053537373Z: [    0.496681] smpboot: Max logical packages: 1
[STDERR  ] 2018-01-09T17:11:39.053551446Z: [    0.504686] ..TIMER: vector=0x30 apic1=0 pin1=2 apic2=-1 pin2=-1
[STDERR  ] 2018-01-09T17:11:39.053560989Z: [    0.610000] smpboot: CPU0: AMD QEMU Virtual CPU version 2.5+ (family: 0x6, model: 0x6, stepping: 0x3)
[STDERR  ] 2018-01-09T17:11:39.053571222Z: [    0.610000] Performance Events: PMU not available due to virtualization, using software events only.
[STDERR  ] 2018-01-09T17:11:39.053583692Z: [    0.618298] NMI watchdog: disabled (cpu0): hardware events not enabled
[STDERR  ] 2018-01-09T17:11:39.053593372Z: [    0.618801] NMI watchdog: Shutting down hard lockup detector on all cpus
[STDERR  ] 2018-01-09T17:11:39.053602829Z: [    0.623002] x86: Booted up 1 node, 1 CPUs
[STDERR  ] 2018-01-09T17:11:39.053612238Z: [    0.623464] smpboot: Total of 1 processors activated (5199.96 BogoMIPS)
[STDERR  ] 2018-01-09T17:11:39.053630171Z: [    0.636580] devtmpfs: initialized
[STDERR  ] 2018-01-09T17:11:39.053640404Z: [    0.641398] x86/mm: Memory block size: 128MB
[STDERR  ] 2018-01-09T17:11:39.053649466Z: [    0.675730] clocksource: jiffies: mask: 0xffffffff max_cycles: 0xffffffff, max_idle_ns: 19112604462750000 ns
[STDERR  ] 2018-01-09T17:11:39.053658527Z: [    0.676755] futex hash table entries: 256 (order: 2, 16384 bytes)
[STDERR  ] 2018-01-09T17:11:39.053667907Z: [    0.685260] NET: Registered protocol family 16
[STDERR  ] 2018-01-09T17:11:39.053676857Z: [    0.693778] cpuidle: using governor ladder
[STDERR  ] 2018-01-09T17:11:39.053685792Z: [    0.694227] cpuidle: using governor menu
[STDERR  ] 2018-01-09T17:11:39.053694872Z: [    0.695367] ACPI: bus type PCI registered
[STDERR  ] 2018-01-09T17:11:39.053706737Z: [    0.698512] PCI: MMCONFIG for domain 0000 [bus 00-ff] at [mem 0xb0000000-0xbfffffff] (base 0xb0000000)
[STDERR  ] 2018-01-09T17:11:39.05371623Z: [    0.699334] PCI: MMCONFIG at [mem 0xb0000000-0xbfffffff] reserved in E820
[STDERR  ] 2018-01-09T17:11:39.053726425Z: [    0.700000] PCI: Using configuration type 1 for base access
[STDERR  ] 2018-01-09T17:11:39.053736409Z: [    0.745177] HugeTLB registered 2 MB page size, pre-allocated 0 pages
[STDERR  ] 2018-01-09T17:11:39.053745862Z: [    0.757420] ACPI: Added _OSI(Module Device)
[STDERR  ] 2018-01-09T17:11:39.053754879Z: [    0.757762] ACPI: Added _OSI(Processor Device)
[STDERR  ] 2018-01-09T17:11:39.053763924Z: [    0.758061] ACPI: Added _OSI(3.0 _SCP Extensions)
[STDERR  ] 2018-01-09T17:11:39.053772745Z: [    0.758294] ACPI: Added _OSI(Processor Aggregator Device)
[STDERR  ] 2018-01-09T17:11:39.053781791Z: [    0.810668] ACPI: Interpreter enabled
[STDERR  ] 2018-01-09T17:11:39.053790637Z: [    0.811676] ACPI: (supports S0 S5)
[STDERR  ] 2018-01-09T17:11:39.053802793Z: [    0.812043] ACPI: Using IOAPIC for interrupt routing
[STDERR  ] 2018-01-09T17:11:39.053811767Z: [    0.814673] PCI: Using host bridge windows from ACPI; if necessary, use "pci=nocrs" and report a bug
[STDERR  ] 2018-01-09T17:11:39.053821206Z: [    0.860665] ACPI: PCI Root Bridge [PCI0] (domain 0000 [bus 00-ff])
[STDERR  ] 2018-01-09T17:11:39.053830629Z: [    0.861848] acpi PNP0A08:00: _OSC: OS supports [ExtendedConfig ASPM ClockPM Segments MSI]
[STDERR  ] 2018-01-09T17:11:39.053839792Z: [    0.867532] acpi PNP0A08:00: _OSC: OS now controls [PCIeHotplug PME PCIeCapability]
[STDERR  ] 2018-01-09T17:11:39.053857002Z: [    0.871226] PCI host bridge to bus 0000:00
[STDERR  ] 2018-01-09T17:11:39.053867613Z: [    0.871762] pci_bus 0000:00: root bus resource [io  0x0000-0x0cf7 window]
[STDERR  ] 2018-01-09T17:11:39.053879122Z: [    0.872205] pci_bus 0000:00: root bus resource [io  0x0d00-0xffff window]
[STDERR  ] 2018-01-09T17:11:39.053889283Z: [    0.872651] pci_bus 0000:00: root bus resource [mem 0x000a0000-0x000bffff window]
[STDERR  ] 2018-01-09T17:11:39.053904537Z: [    0.873050] pci_bus 0000:00: root bus resource [mem 0xc0000000-0xfebfffff window]
[STDERR  ] 2018-01-09T17:11:39.053915041Z: [    0.873722] pci_bus 0000:00: root bus resource [bus 00-ff]
[STDERR  ] 2018-01-09T17:11:39.053923771Z: [    1.002048] pci 0000:00:1f.0: quirk: [io  0x0600-0x067f] claimed by ICH6 ACPI/GPIO/TCO
[STDERR  ] 2018-01-09T17:11:39.053938939Z: [    1.074311] ACPI: PCI Interrupt Link [LNKA] (IRQs 5 *10 11)
[STDERR  ] 2018-01-09T17:11:39.053948869Z: [    1.076739] ACPI: PCI Interrupt Link [LNKB] (IRQs 5 *10 11)
[STDERR  ] 2018-01-09T17:11:39.053958724Z: [    1.078794] ACPI: PCI Interrupt Link [LNKC] (IRQs 5 10 *11)
[STDERR  ] 2018-01-09T17:11:39.053971089Z: [    1.081132] ACPI: PCI Interrupt Link [LNKD] (IRQs 5 10 *11)
[STDERR  ] 2018-01-09T17:11:39.053980835Z: [    1.082767] ACPI: PCI Interrupt Link [LNKE] (IRQs 5 *10 11)
[STDERR  ] 2018-01-09T17:11:39.053990356Z: [    1.084176] ACPI: PCI Interrupt Link [LNKF] (IRQs 5 *10 11)
[STDERR  ] 2018-01-09T17:11:39.054002589Z: [    1.085580] ACPI: PCI Interrupt Link [LNKG] (IRQs 5 10 *11)
[STDERR  ] 2018-01-09T17:11:39.054014662Z: [    1.086987] ACPI: PCI Interrupt Link [LNKH] (IRQs 5 10 *11)
[STDERR  ] 2018-01-09T17:11:39.054024185Z: [    1.087822] ACPI: PCI Interrupt Link [GSIA] (IRQs *16)
[STDERR  ] 2018-01-09T17:11:39.054033667Z: [    1.088472] ACPI: PCI Interrupt Link [GSIB] (IRQs *17)
[STDERR  ] 2018-01-09T17:11:39.054043619Z: [    1.089085] ACPI: PCI Interrupt Link [GSIC] (IRQs *18)
[STDERR  ] 2018-01-09T17:11:39.054053215Z: [    1.090345] ACPI: PCI Interrupt Link [GSID] (IRQs *19)
[STDERR  ] 2018-01-09T17:11:39.054062611Z: [    1.090949] ACPI: PCI Interrupt Link [GSIE] (IRQs *20)
[STDERR  ] 2018-01-09T17:11:39.054072103Z: [    1.091542] ACPI: PCI Interrupt Link [GSIF] (IRQs *21)
[STDERR  ] 2018-01-09T17:11:39.054081633Z: [    1.092156] ACPI: PCI Interrupt Link [GSIG] (IRQs *22)
[STDERR  ] 2018-01-09T17:11:39.054093906Z: [    1.092770] ACPI: PCI Interrupt Link [GSIH] (IRQs *23)
[STDERR  ] 2018-01-09T17:11:39.054103489Z: [    1.096035] ACPI: Enabled 1 GPEs in block 00 to 3F
[STDERR  ] 2018-01-09T17:11:39.054112959Z: [    1.099481] SCSI subsystem initialized
[STDERR  ] 2018-01-09T17:11:39.05412254Z: [    1.101525] ACPI: bus type USB registered
[STDERR  ] 2018-01-09T17:11:39.054132437Z: [    1.102627] usbcore: registered new interface driver usbfs
[STDERR  ] 2018-01-09T17:11:39.054142267Z: [    1.103645] usbcore: registered new interface driver hub
[STDERR  ] 2018-01-09T17:11:39.054151921Z: [    1.104519] usbcore: registered new device driver usb
[STDERR  ] 2018-01-09T17:11:39.054162684Z: [    1.105657] pps_core: LinuxPPS API ver. 1 registered
[STDERR  ] 2018-01-09T17:11:39.054173065Z: [    1.105954] pps_core: Software ver. 5.3.6 - Copyright 2005-2007 Rodolfo Giometti <giometti@linux.it>
[STDERR  ] 2018-01-09T17:11:39.054182541Z: [    1.106566] PTP clock support registered
[STDERR  ] 2018-01-09T17:11:39.054192008Z: [    1.107740] wmi: Mapper loaded
[STDERR  ] 2018-01-09T17:11:39.054201481Z: [    1.108864] PCI: Using ACPI for IRQ routing
[STDERR  ] 2018-01-09T17:11:39.054211418Z: [    1.124342] NetLabel: Initializing
[STDERR  ] 2018-01-09T17:11:39.054220828Z: [    1.124559] NetLabel:  domain hash size = 128
[STDERR  ] 2018-01-09T17:11:39.054231726Z: [    1.124969] NetLabel:  protocols = UNLABELED CIPSOv4
[STDERR  ] 2018-01-09T17:11:39.054240952Z: [    1.127478] NetLabel:  unlabeled traffic allowed by default
[STDERR  ] 2018-01-09T17:11:39.054250756Z: [    1.128691] HPET: 3 timers in total, 0 timers will be used for per-cpu timer
[STDERR  ] 2018-01-09T17:11:39.054261247Z: [    1.129502] hpet0: at MMIO 0xfed00000, IRQs 2, 8, 0
[STDERR  ] 2018-01-09T17:11:39.054274441Z: [    1.130136] hpet0: 3 comparators, 64-bit 100.000000 MHz counter
[STDERR  ] 2018-01-09T17:11:39.054287249Z: [    1.135659] clocksource: Switched to clocksource hpet
[STDERR  ] 2018-01-09T17:11:39.054297846Z: [    1.351981] VFS: Disk quotas dquot_6.6.0
[STDERR  ] 2018-01-09T17:11:39.054307779Z: [    1.352799] VFS: Dquot-cache hash table entries: 512 (order 0, 4096 bytes)
[STDERR  ] 2018-01-09T17:11:39.054324152Z: [    1.356483] FS-Cache: Loaded
[STDERR  ] 2018-01-09T17:11:39.054335655Z: [    1.361583] CacheFiles: Loaded
[STDERR  ] 2018-01-09T17:11:39.054345381Z: [    1.363805] pnp: PnP ACPI init
[STDERR  ] 2018-01-09T17:11:39.054355157Z: [    1.373909] pnp: PnP ACPI: found 5 devices
[STDERR  ] 2018-01-09T17:11:39.054365179Z: [    1.417206] clocksource: acpi_pm: mask: 0xffffff max_cycles: 0xffffff, max_idle_ns: 2085701024 ns
[STDERR  ] 2018-01-09T17:11:39.054371333Z: [    1.420968] NET: Registered protocol family 2
[STDERR  ] 2018-01-09T17:11:39.05437716Z: [    1.430387] TCP established hash table entries: 8192 (order: 4, 65536 bytes)
[STDERR  ] 2018-01-09T17:11:39.054383611Z: [    1.431209] TCP bind hash table entries: 8192 (order: 5, 131072 bytes)
[STDERR  ] 2018-01-09T17:11:39.054389761Z: [    1.432005] TCP: Hash tables configured (established 8192 bind 8192)
[STDERR  ] 2018-01-09T17:11:39.054395923Z: [    1.434266] UDP hash table entries: 512 (order: 2, 16384 bytes)
[STDERR  ] 2018-01-09T17:11:39.054401729Z: [    1.434869] UDP-Lite hash table entries: 512 (order: 2, 16384 bytes)
[STDERR  ] 2018-01-09T17:11:39.054407449Z: [    1.437622] NET: Registered protocol family 1
[STDERR  ] 2018-01-09T17:11:39.054413172Z: [    1.438597] pci 0000:00:01.0: Video device with shadowed ROM at [mem 0x000c0000-0x000dffff]
[STDERR  ] 2018-01-09T17:11:39.054419095Z: [    1.447204] Unpacking initramfs...
[STDERR  ] 2018-01-09T17:11:39.05442476Z: [    6.646032] Freeing initrd memory: 33880K
[STDERR  ] 2018-01-09T17:11:39.054432943Z: [    6.669591] PCLMULQDQ-NI instructions are not detected.
[STDERR  ] 2018-01-09T17:11:39.054438883Z: [    6.671256] AVX or AES-NI instructions are not detected.
[STDERR  ] 2018-01-09T17:11:39.054444721Z: [    6.671713] CPU feature 'AVX registers' is not supported.
[STDERR  ] 2018-01-09T17:11:39.054450619Z: [    6.672100] CPU feature 'AVX registers' is not supported.
[STDERR  ] 2018-01-09T17:11:39.054456448Z: [    6.672505] CPU feature 'AVX registers' is not supported.
[STDERR  ] 2018-01-09T17:11:39.054462362Z: [    6.672951] CPU feature 'AVX registers' is not supported.
[STDERR  ] 2018-01-09T17:11:39.054468084Z: [    6.673296] AVX2 or AES-NI instructions are not detected.
[STDERR  ] 2018-01-09T17:11:39.054474052Z: [    6.673664] AVX2 instructions are not detected.
[STDERR  ] 2018-01-09T17:11:39.054479839Z: [    6.678697] audit: initializing netlink subsys (disabled)
[STDERR  ] 2018-01-09T17:11:39.054486683Z: [    6.682937] audit: type=2000 audit(1515517865.680:1): initialized
[STDERR  ] 2018-01-09T17:11:39.054492591Z: [    6.688856] workingset: timestamp_bits=46 max_order=18 bucket_order=0
[STDERR  ] 2018-01-09T17:11:39.054498428Z: [    6.692620] squashfs: version 4.0 (2009/01/31) Phillip Lougher
[STDERR  ] 2018-01-09T17:11:39.054504191Z: [    6.695370] FS-Cache: Netfs 'cifs' registered for caching
[STDERR  ] 2018-01-09T17:11:39.054510067Z: [    6.696227] fuse init (API version 7.26)
[STDERR  ] 2018-01-09T17:11:39.054518196Z: [    6.698234] SGI XFS with ACLs, security attributes, no debug enabled
[STDERR  ] 2018-01-09T17:11:39.054526203Z: [    6.704390] 9p: Installing v9fs 9p2000 file system support
[STDERR  ] 2018-01-09T17:11:39.054532009Z: [    6.704887] FS-Cache: Netfs '9p' registered for caching
[STDERR  ] 2018-01-09T17:11:39.054537876Z: [    6.732254] NET: Registered protocol family 38
[STDERR  ] 2018-01-09T17:11:39.054543549Z: [    6.732869] Key type asymmetric registered
[STDERR  ] 2018-01-09T17:11:39.054549552Z: [    6.733215] Asymmetric key parser 'x509' registered
[STDERR  ] 2018-01-09T17:11:39.054555346Z: [    6.734155] Block layer SCSI generic (bsg) driver version 0.4 loaded (major 251)
[STDERR  ] 2018-01-09T17:11:39.054561452Z: [    6.735790] io scheduler noop registered
[STDERR  ] 2018-01-09T17:11:39.054567115Z: [    6.736131] io scheduler deadline registered (default)
[STDERR  ] 2018-01-09T17:11:39.054572982Z: [    6.736915] io scheduler cfq registered
[STDERR  ] 2018-01-09T17:11:39.054578714Z: [    6.739359] pci_hotplug: PCI Hot Plug PCI Core version: 0.5
[STDERR  ] 2018-01-09T17:11:39.054589752Z: [    6.739891] pciehp: PCI Express Hot Plug Controller Driver version: 0.4
[STDERR  ] 2018-01-09T17:11:39.054596339Z: [    6.741636] shpchp: Standard Hot Plug PCI Controller Driver version: 0.4
[STDERR  ] 2018-01-09T17:11:39.054603304Z: [    6.742237] hv_vmbus: registering driver hyperv_fb
[STDERR  ] 2018-01-09T17:11:39.054612089Z: [    6.745185] input: Power Button as /devices/LNXSYSTM:00/LNXPWRBN:00/input/input0
[STDERR  ] 2018-01-09T17:11:39.054618387Z: [    6.746252] ACPI: Power Button [PWRF]
[STDERR  ] 2018-01-09T17:11:39.054624183Z: [    6.751092] GHES: HEST is not enabled!
[STDERR  ] 2018-01-09T17:11:39.054630237Z: [    6.757907] ACPI: PCI Interrupt Link [GSIG] enabled at IRQ 22
[STDERR  ] 2018-01-09T17:11:39.054635934Z: [    6.768800] ACPI: PCI Interrupt Link [GSIH] enabled at IRQ 23
[STDERR  ] 2018-01-09T17:11:39.054641748Z: [    6.773203] xenfs: not registering filesystem on non-xen platform
[STDERR  ] 2018-01-09T17:11:39.054647451Z: [    6.775117] Serial: 8250/16550 driver, 4 ports, IRQ sharing disabled
[STDERR  ] 2018-01-09T17:11:39.054653373Z: [    6.798872] 00:04: ttyS0 at I/O 0x3f8 (irq = 4, base_baud = 115200) is a 16550A
[STDERR  ] 2018-01-09T17:11:39.054659144Z: [    6.809576] Non-volatile memory driver v1.3
[STDERR  ] 2018-01-09T17:11:39.05466489Z: [    6.815424] Hangcheck: starting hangcheck timer 0.9.1 (tick is 180 seconds, margin is 60 seconds).
[STDERR  ] 2018-01-09T17:11:39.05467081Z: [    6.819805] random: fast init done
[STDERR  ] 2018-01-09T17:11:39.054677047Z: [    6.821045] random: crng init done
[STDERR  ] 2018-01-09T17:11:39.05468272Z: [    6.851061] loop: module loaded
[STDERR  ] 2018-01-09T17:11:39.054688696Z: [    6.864172] nbd: registered device at major 43
[STDERR  ] 2018-01-09T17:11:39.054694303Z: [    6.895369] lpc_ich 0000:00:1f.0: I/O space for GPIO uninitialized
[STDERR  ] 2018-01-09T17:11:39.054700146Z: [    6.897393] VMware PVSCSI driver - version 1.0.7.0-k
[STDERR  ] 2018-01-09T17:11:39.054705909Z: [    6.898169] hv_vmbus: registering driver hv_storvsc
[STDERR  ] 2018-01-09T17:11:39.054711801Z: [    6.905248] ACPI: PCI Interrupt Link [GSIA] enabled at IRQ 16
[STDERR  ] 2018-01-09T17:11:39.054717475Z: [    6.911254] ahci 0000:00:1f.2: AHCI 0001.0000 32 slots 6 ports 1.5 Gbps 0x3f impl SATA mode
[STDERR  ] 2018-01-09T17:11:39.054723491Z: [    6.911933] ahci 0000:00:1f.2: flags: 64bit ncq only 
[STDERR  ] 2018-01-09T17:11:39.054729125Z: [    6.928338] scsi host0: ahci
[STDERR  ] 2018-01-09T17:11:39.054734872Z: [    6.931575] scsi host1: ahci
[STDERR  ] 2018-01-09T17:11:39.054740552Z: [    6.933453] scsi host2: ahci
[STDERR  ] 2018-01-09T17:11:39.054746262Z: [    6.935239] scsi host3: ahci
[STDERR  ] 2018-01-09T17:11:39.054751864Z: [    6.937892] scsi host4: ahci
[STDERR  ] 2018-01-09T17:11:39.054757532Z: [    6.940690] scsi host5: ahci
[STDERR  ] 2018-01-09T17:11:39.054763225Z: [    6.942187] ata1: SATA max UDMA/133 abar m4096@0xfebd2000 port 0xfebd2100 irq 24
[STDERR  ] 2018-01-09T17:11:39.054768934Z: [    6.942724] ata2: SATA max UDMA/133 abar m4096@0xfebd2000 port 0xfebd2180 irq 24
[STDERR  ] 2018-01-09T17:11:39.054774717Z: [    6.943139] ata3: SATA max UDMA/133 abar m4096@0xfebd2000 port 0xfebd2200 irq 24
[STDERR  ] 2018-01-09T17:11:39.054780641Z: [    6.943500] ata4: SATA max UDMA/133 abar m4096@0xfebd2000 port 0xfebd2280 irq 24
[STDERR  ] 2018-01-09T17:11:39.054786377Z: [    6.943880] ata5: SATA max UDMA/133 abar m4096@0xfebd2000 port 0xfebd2300 irq 24
[STDERR  ] 2018-01-09T17:11:39.054792001Z: [    6.944265] ata6: SATA max UDMA/133 abar m4096@0xfebd2000 port 0xfebd2380 irq 24
[STDERR  ] 2018-01-09T17:11:39.054797686Z: [    6.956746] tun: Universal TUN/TAP device driver, 1.6
[STDERR  ] 2018-01-09T17:11:39.05480334Z: [    6.957203] tun: (C) 1999-2004 Max Krasnyansky <maxk@qualcomm.com>
[STDERR  ] 2018-01-09T17:11:39.054809007Z: [    6.967578] VMware vmxnet3 virtual NIC driver - version 1.4.a.0-k-NAPI
[STDERR  ] 2018-01-09T17:11:39.054814769Z: [    6.968486] hv_vmbus: registering driver hv_netvsc
[STDERR  ] 2018-01-09T17:11:39.054820517Z: [    6.968834] Fusion MPT base driver 3.04.20
[STDERR  ] 2018-01-09T17:11:39.054828523Z: [    6.969085] Copyright (c) 1999-2008 LSI Corporation
[STDERR  ] 2018-01-09T17:11:39.054834423Z: [    6.969996] Fusion MPT SPI Host driver 3.04.20
[STDERR  ] 2018-01-09T17:11:39.05484176Z: [    6.972234] i8042: PNP: PS/2 Controller [PNP0303:KBD,PNP0f13:MOU] at 0x60,0x64 irq 1,12
[STDERR  ] 2018-01-09T17:11:39.054859668Z: [    6.975919] serio: i8042 KBD port at 0x60,0x64 irq 1
[STDERR  ] 2018-01-09T17:11:39.054865585Z: [    6.976539] serio: i8042 AUX port at 0x60,0x64 irq 12
[STDERR  ] 2018-01-09T17:11:39.054871491Z: [    6.979089] hv_vmbus: registering driver hyperv_keyboard
[STDERR  ] 2018-01-09T17:11:39.054877215Z: [    6.981459] mousedev: PS/2 mouse device common for all mice
[STDERR  ] 2018-01-09T17:11:39.054882924Z: [    6.985707] input: AT Translated Set 2 keyboard as /devices/platform/i8042/serio0/input/input1
[STDERR  ] 2018-01-09T17:11:39.054888858Z: [    6.988245] input: PC Speaker as /devices/platform/pcspkr/input/input2
[STDERR  ] 2018-01-09T17:11:39.054894605Z: [    6.991813] rtc_cmos 00:00: RTC can wake from S4
[STDERR  ] 2018-01-09T17:11:39.054900412Z: [    6.994701] rtc_cmos 00:00: rtc core: registered rtc_cmos as rtc0
[STDERR  ] 2018-01-09T17:11:39.054906279Z: [    6.995830] rtc_cmos 00:00: alarms up to one day, y3k, 114 bytes nvram, hpet irqs
[STDERR  ] 2018-01-09T17:11:39.054912061Z: [    6.996560] i2c /dev entries driver
[STDERR  ] 2018-01-09T17:11:39.054917814Z: [    6.998218] device-mapper: ioctl: 4.35.0-ioctl (2016-06-23) initialised: dm-devel@redhat.com
[STDERR  ] 2018-01-09T17:11:39.054925786Z: [    7.002677] usbcore: registered new interface driver usbhid
[STDERR  ] 2018-01-09T17:11:39.054933657Z: [    7.002976] usbhid: USB HID core driver
[STDERR  ] 2018-01-09T17:11:39.054939506Z: [    7.003477] hv_utils: Registering HyperV Utility Driver
[STDERR  ] 2018-01-09T17:11:39.054945284Z: [    7.003773] hv_vmbus: registering driver hv_util
[STDERR  ] 2018-01-09T17:11:39.054951094Z: [    7.004028] hv_vmbus: registering driver hv_balloon
[STDERR  ] 2018-01-09T17:11:39.054956923Z: [    7.004556] oprofile: using NMI interrupt.
[STDERR  ] 2018-01-09T17:11:39.054962803Z: [    7.005660] GACT probability on
[STDERR  ] 2018-01-09T17:11:39.054968823Z: [    7.006150] Mirror/redirect action on
[STDERR  ] 2018-01-09T17:11:39.054974679Z: [    7.006934] Simple TC action Loaded
[STDERR  ] 2018-01-09T17:11:39.054982847Z: [    7.007466] u32 classifier
[STDERR  ] 2018-01-09T17:11:39.054988785Z: [    7.007639]     Performance counters on
[STDERR  ] 2018-01-09T17:11:39.054994569Z: [    7.007886]     input device check on
[STDERR  ] 2018-01-09T17:11:39.055000228Z: [    7.008106]     Actions configured
[STDERR  ] 2018-01-09T17:11:39.055005999Z: [    7.008660] Netfilter messages via NETLINK v0.30.
[STDERR  ] 2018-01-09T17:11:39.055011738Z: [    7.009182] nfnl_acct: registering with nfnetlink.
[STDERR  ] 2018-01-09T17:11:39.055017492Z: [    7.010807] nf_conntrack version 0.5.0 (8192 buckets, 32768 max)
[STDERR  ] 2018-01-09T17:11:39.055023339Z: [    7.013848] ctnetlink v0.93: registering with nfnetlink.
[STDERR  ] 2018-01-09T17:11:39.055029151Z: [    7.016555] nf_tables: (c) 2007-2009 Patrick McHardy <kaber@trash.net>
[STDERR  ] 2018-01-09T17:11:39.055035685Z: [    7.017378] nf_tables_compat: (c) 2012 Pablo Neira Ayuso <pablo@netfilter.org>
[STDERR  ] 2018-01-09T17:11:39.055041763Z: [    7.019454] xt_time: kernel timezone is -0000
[STDERR  ] 2018-01-09T17:11:39.055047591Z: [    7.019932] ip_set: protocol 6
[STDERR  ] 2018-01-09T17:11:39.055053754Z: [    7.021023] IPVS: Registered protocols (TCP, UDP, SCTP, AH, ESP)
[STDERR  ] 2018-01-09T17:11:39.055059613Z: [    7.021596] IPVS: Connection hash table configured (size=4096, memory=64Kbytes)
[STDERR  ] 2018-01-09T17:11:39.055065388Z: [    7.023211] IPVS: Creating netns size=2104 id=0
[STDERR  ] 2018-01-09T17:11:39.055071307Z: [    7.025919] IPVS: ipvs loaded.
[STDERR  ] 2018-01-09T17:11:39.055077048Z: [    7.026270] IPVS: [rr] scheduler registered.
[STDERR  ] 2018-01-09T17:11:39.055084952Z: [    7.026624] IPVS: [wrr] scheduler registered.
[STDERR  ] 2018-01-09T17:11:39.055094753Z: [    7.026887] IPVS: [lc] scheduler registered.
[STDERR  ] 2018-01-09T17:11:39.055100879Z: [    7.027169] IPVS: [wlc] scheduler registered.
[STDERR  ] 2018-01-09T17:11:39.055106659Z: [    7.027439] IPVS: [fo] scheduler registered.
[STDERR  ] 2018-01-09T17:11:39.0551153Z: [    7.027681] IPVS: [ovf] scheduler registered.
[STDERR  ] 2018-01-09T17:11:39.05512126Z: [    7.028083] IPVS: [lblc] scheduler registered.
[STDERR  ] 2018-01-09T17:11:39.055127172Z: [    7.028506] IPVS: [lblcr] scheduler registered.
[STDERR  ] 2018-01-09T17:11:39.055132918Z: [    7.028856] IPVS: [dh] scheduler registered.
[STDERR  ] 2018-01-09T17:11:39.055138848Z: [    7.029111] IPVS: [sh] scheduler registered.
[STDERR  ] 2018-01-09T17:11:39.055144529Z: [    7.029352] IPVS: [sed] scheduler registered.
[STDERR  ] 2018-01-09T17:11:39.055150405Z: [    7.029662] IPVS: [nq] scheduler registered.
[STDERR  ] 2018-01-09T17:11:39.055156111Z: [    7.030873] IPVS: ftp: loaded support on port[0] = 21
[STDERR  ] 2018-01-09T17:11:39.055162021Z: [    7.031738] ipip: IPv4 and MPLS over IPv4 tunneling driver
[STDERR  ] 2018-01-09T17:11:39.05516781Z: [    7.035286] gre: GRE over IPv4 demultiplexor driver
[STDERR  ] 2018-01-09T17:11:39.055173744Z: [    7.037885] ip_tables: (C) 2000-2006 Netfilter Core Team
[STDERR  ] 2018-01-09T17:11:39.055179402Z: [    7.041393] ipt_CLUSTERIP: ClusterIP Version 0.8 loaded successfully
[STDERR  ] 2018-01-09T17:11:39.055185255Z: [    7.042105] arp_tables: arp_tables: (C) 2002 David S. Miller
[STDERR  ] 2018-01-09T17:11:39.055191015Z: [    7.044333] NET: Registered protocol family 10
[STDERR  ] 2018-01-09T17:11:39.055196838Z: [    7.053236] ip6_tables: (C) 2000-2006 Netfilter Core Team
[STDERR  ] 2018-01-09T17:11:39.055202567Z: [    7.061371] NET: Registered protocol family 17
[STDERR  ] 2018-01-09T17:11:39.05520843Z: [    7.062450] Bridge firewalling registered
[STDERR  ] 2018-01-09T17:11:39.055216533Z: [    7.062933] Ebtables v2.0 registered
[STDERR  ] 2018-01-09T17:11:39.055222433Z: [    7.064696] 8021q: 802.1Q VLAN Support v1.8
[STDERR  ] 2018-01-09T17:11:39.05522816Z: [    7.066057] 9pnet: Installing 9P2000 support
[STDERR  ] 2018-01-09T17:11:39.05523392Z: [    7.067473] Key type dns_resolver registered
[STDERR  ] 2018-01-09T17:11:39.055239719Z: [    7.068407] microcode: AMD CPU family 0x6 not supported
[STDERR  ] 2018-01-09T17:11:39.055245603Z: [    7.072061] registered taskstats version 1
[STDERR  ] 2018-01-09T17:11:39.05525124Z: [    7.240458] Key type big_key registered
[STDERR  ] 2018-01-09T17:11:39.055259019Z: [    7.274310] ata1: SATA link up 1.5 Gbps (SStatus 113 SControl 300)
[STDERR  ] 2018-01-09T17:11:39.055265022Z: [    7.280338] ata1.00: ATA-7: QEMU HARDDISK, 2.5+, max UDMA/100
[STDERR  ] 2018-01-09T17:11:39.055270759Z: [    7.280764] ata1.00: 1048576 sectors, multi 16: LBA48 NCQ (depth 31/32)
[STDERR  ] 2018-01-09T17:11:39.05527652Z: [    7.281299] ata1.00: applying bridge limits
[STDERR  ] 2018-01-09T17:11:39.055282359Z: [    7.282660] ata5: SATA link down (SStatus 0 SControl 300)
[STDERR  ] 2018-01-09T17:11:39.055288138Z: [    7.284163] ata2: SATA link down (SStatus 0 SControl 300)
[STDERR  ] 2018-01-09T17:11:39.055295744Z: [    7.284667] ata3: SATA link up 1.5 Gbps (SStatus 113 SControl 300)
[STDERR  ] 2018-01-09T17:11:39.055317477Z: [    7.285396] ata3.00: ATAPI: QEMU DVD-ROM, 2.5+, max UDMA/100
[STDERR  ] 2018-01-09T17:11:39.055332565Z: [    7.285770] ata3.00: applying bridge limits
[STDERR  ] 2018-01-09T17:11:39.055342644Z: [    7.286706] ata3.00: configured for UDMA/100
[STDERR  ] 2018-01-09T17:11:39.055356376Z: [    7.288395] ata4: SATA link down (SStatus 0 SControl 300)
[STDERR  ] 2018-01-09T17:11:39.055370904Z: [    7.290855] ata1.00: configured for UDMA/100
[STDERR  ] 2018-01-09T17:11:39.055381235Z: [    7.294127] ata6: SATA link down (SStatus 0 SControl 300)
[STDERR  ] 2018-01-09T17:11:39.055390507Z: [    7.311976] scsi 0:0:0:0: Direct-Access     ATA      QEMU HARDDISK    2.5+ PQ: 0 ANSI: 5
[STDERR  ] 2018-01-09T17:11:39.05540514Z: [    7.332561] sd 0:0:0:0: [sda] 1048576 512-byte logical blocks: (537 MB/512 MiB)
[STDERR  ] 2018-01-09T17:11:39.055415553Z: [    7.335496] sd 0:0:0:0: Attached scsi generic sg0 type 0
[STDERR  ] 2018-01-09T17:11:39.055425195Z: [    7.339092] sd 0:0:0:0: [sda] Write Protect is off
[STDERR  ] 2018-01-09T17:11:39.055439449Z: [    7.341906] sd 0:0:0:0: [sda] Write cache: enabled, read cache: enabled, doesn't support DPO or FUA
[STDERR  ] 2018-01-09T17:11:39.055448899Z: [    7.344186] scsi 2:0:0:0: CD-ROM            QEMU     QEMU DVD-ROM     2.5+ PQ: 0 ANSI: 5
[STDERR  ] 2018-01-09T17:11:39.055458544Z: [    7.362720]  sda: sda1
[STDERR  ] 2018-01-09T17:11:39.055466638Z: [    7.366158] sr 2:0:0:0: [sr0] scsi3-mmc drive: 4x/4x cd/rw xa/form2 tray
[STDERR  ] 2018-01-09T17:11:39.055472671Z: [    7.366861] cdrom: Uniform CD-ROM driver Revision: 3.20
[STDERR  ] 2018-01-09T17:11:39.055478543Z: [    7.380844] sr 2:0:0:0: Attached scsi generic sg1 type 5
[STDERR  ] 2018-01-09T17:11:39.055484271Z: [    7.402130] sd 0:0:0:0: [sda] Attached SCSI disk
[STDERR  ] 2018-01-09T17:11:39.05548998Z: [    7.441839] Key type encrypted registered
[STDERR  ] 2018-01-09T17:11:39.055495675Z: [    7.447609] rtc_cmos 00:00: setting system clock to 2018-01-09 17:11:06 UTC (1515517866)
[STDERR  ] 2018-01-09T17:11:39.055504197Z: [    7.582753] Freeing unused kernel memory: 1396K
[STDERR  ] 2018-01-09T17:11:39.05550999Z: [    7.583133] Write protecting the kernel read-only data: 12288k
[STDERR  ] 2018-01-09T17:11:39.05551589Z: [    7.588761] Freeing unused kernel memory: 124K
[STDERR  ] 2018-01-09T17:11:39.055521766Z: [    7.675702] Freeing unused kernel memory: 1396K
[STDERR  ] 2018-01-09T17:11:39.055527573Z: [    7.681318] tsc: Refined TSC clocksource calibration: 2599.998 MHz
[STDERR  ] 2018-01-09T17:11:39.055533624Z: [    7.681841] clocksource: tsc: mask: 0xffffffffffffffff max_cycles: 0x257a3a7b45f, max_idle_ns: 440795312762 ns
[STDERR  ] 2018-01-09T17:11:39.055539604Z: [    8.701519] clocksource: Switched to clocksource tsc
[STDERR  ] 2018-01-09T17:11:39.055545334Z: 
[STDERR  ] 2018-01-09T17:11:39.055551226Z: Welcome to LinuxKit
[STDERR  ] 2018-01-09T17:11:39.055557249Z: 
[STDERR  ] 2018-01-09T17:11:39.055563115Z:                         ##         .
[STDERR  ] 2018-01-09T17:11:39.055569118Z:                   ## ## ##        ==
[STDERR  ] 2018-01-09T17:11:39.055574893Z:                ## ## ## ## ##    ===
[STDERR  ] 2018-01-09T17:11:39.055580468Z:            /"""""""""""""""""\___/ ===
[STDERR  ] 2018-01-09T17:11:39.055586239Z:           {                       /  ===-
[STDERR  ] 2018-01-09T17:11:39.055591903Z:            \______ O           __/
[STDERR  ] 2018-01-09T17:11:39.055597567Z:              \    \         __/
[STDERR  ] 2018-01-09T17:11:39.055603335Z:               \____\_______/
[STDERR  ] 2018-01-09T17:11:39.055609682Z: 
[STDERR  ] 2018-01-09T17:11:39.055615374Z: [   20.466848] IPVS: Creating netns size=2104 id=1
[STDERR  ] 2018-01-09T17:11:39.055621071Z: [   20.467373] IPVS: ftp: loaded support on port[0] = 21
[STDERR  ] 2018-01-09T17:11:39.055626801Z: [   21.980566]  sda:
[STDERR  ] 2018-01-09T17:11:39.055632507Z: [   22.062313]  sda:
[STDERR  ] 2018-01-09T17:11:39.05563808Z: [   22.109080]  sda: sda1
[STDERR  ] 2018-01-09T17:11:39.055643719Z: [   22.190599]  sda: sda1
[STDERR  ] 2018-01-09T17:11:39.055649339Z: [   22.270770]  sda: sda1
[STDERR  ] 2018-01-09T17:11:39.055654896Z: 2018/01/09 17:11:22 Successfully resized /dev/sda
[STDERR  ] 2018-01-09T17:11:39.055660571Z: [   24.763695] IPVS: Creating netns size=2104 id=2
[STDERR  ] 2018-01-09T17:11:39.055668191Z: [   24.763985] IPVS: ftp: loaded support on port[0] = 21
[STDERR  ] 2018-01-09T17:11:39.05567398Z: [   25.724977] EXT4-fs (sda1): couldn't mount as ext3 due to feature incompatibilities
[STDERR  ] 2018-01-09T17:11:39.055679774Z: [   25.732956] EXT4-fs (sda1): couldn't mount as ext2 due to feature incompatibilities
[STDERR  ] 2018-01-09T17:11:39.055685553Z: [   25.755483] EXT4-fs (sda1): mounted filesystem with ordered data mode. Opts: (null)
[STDERR  ] 2018-01-09T17:11:39.055695349Z: + [ -f /var/lib/docker/bar ]
[STDERR  ] 2018-01-09T17:11:39.055701415Z: + touch /var/lib/docker/foo
[STDERR  ] 2018-01-09T17:11:39.055707378Z: + df -h
[STDERR  ] 2018-01-09T17:11:39.055713882Z: + grep -qE [4-5][0-9]{2}\.[0-9]{1,}M
[STDERR  ] 2018-01-09T17:11:39.055719642Z: + printf extend test suite PASSED\n
[STDERR  ] 2018-01-09T17:11:39.055728647Z: extend test suite PASSED
[STDERR  ] 2018-01-09T17:11:39.055734422Z: [   39.259670] sd 0:0:0:0: [sda] Synchronizing SCSI cache
[STDERR  ] 2018-01-09T17:11:39.055740251Z: [   39.263705] sd 0:0:0:0: [sda] Stopping disk
[STDERR  ] 2018-01-09T17:11:39.055745977Z: [   39.268139] ACPI: Preparing to enter system sleep state S5
[STDERR  ] 2018-01-09T17:11:39.055751752Z: [   39.271539] reboot: Power down
[STDERR  ] 2018-01-09T17:11:39.055757611Z: + echo [    0.000000] Linux version 4.9.75-linuxkit (root@912da39a9ad2) (gcc version 6.4.0 (Alpine 6.4.0) ) #1 SMP Sat Jan 6 12:14:29 UTC 2018
[STDERR  ] 2018-01-09T17:11:39.055764097Z: [    0.000000] Command line: console=ttyS0 console=ttyAMA0
[STDERR  ] 2018-01-09T17:11:39.055769743Z: [    0.000000] x86/fpu: Legacy x87 FPU detected.
[STDERR  ] 2018-01-09T17:11:39.055775497Z: [    0.000000] x86/fpu: Using 'eager' FPU context switches.
[STDERR  ] 2018-01-09T17:11:39.055781174Z: [    0.000000] e820: BIOS-provided physical RAM map:
[STDERR  ] 2018-01-09T17:11:39.055786941Z: [    0.000000] BIOS-e820: [mem 0x0000000000000000-0x000000000009fbff] usable
[STDERR  ] 2018-01-09T17:11:39.055793104Z: [    0.000000] BIOS-e820: [mem 0x000000000009fc00-0x000000000009ffff] reserved
[STDERR  ] 2018-01-09T17:11:39.055801127Z: [    0.000000] BIOS-e820: [mem 0x00000000000f0000-0x00000000000fffff] reserved
[STDERR  ] 2018-01-09T17:11:39.055806868Z: [    0.000000] BIOS-e820: [mem 0x0000000000100000-0x000000003ffdefff] usable
[STDERR  ] 2018-01-09T17:11:39.05581258Z: [    0.000000] BIOS-e820: [mem 0x000000003ffdf000-0x000000003fffffff] reserved
[STDERR  ] 2018-01-09T17:11:39.055818889Z: [    0.000000] BIOS-e820: [mem 0x00000000b0000000-0x00000000bfffffff] reserved
[STDERR  ] 2018-01-09T17:11:39.055825009Z: [    0.000000] BIOS-e820: [mem 0x00000000fed1c000-0x00000000fed1ffff] reserved
[STDERR  ] 2018-01-09T17:11:39.055833249Z: [    0.000000] BIOS-e820: [mem 0x00000000fffc0000-0x00000000ffffffff] reserved
[STDERR  ] 2018-01-09T17:11:39.055839255Z: [    0.000000] NX (Execute Disable) protection: active
[STDERR  ] 2018-01-09T17:11:39.055844959Z: [    0.000000] SMBIOS 2.8 present.
[STDERR  ] 2018-01-09T17:11:39.055857799Z: [    0.000000] Kernel/User page tables isolation: disabled
[STDERR  ] 2018-01-09T17:11:39.055863691Z: [    0.000000] e820: last_pfn = 0x3ffdf max_arch_pfn = 0x400000000
[STDERR  ] 2018-01-09T17:11:39.055869595Z: [    0.000000] x86/PAT: Configuration [0-7]: WB  WC  UC- UC  WB  WC  UC- WT  
[STDERR  ] 2018-01-09T17:11:39.055875488Z: [    0.000000] found SMP MP-table at [mem 0x000f6aa0-0x000f6aaf] mapped at [ffff987f400f6aa0]
[STDERR  ] 2018-01-09T17:11:39.055881385Z: [    0.000000] RAMDISK: [mem 0x3deba000-0x3ffcffff]
[STDERR  ] 2018-01-09T17:11:39.055887169Z: [    0.000000] ACPI: Early table checksum verification disabled
[STDERR  ] 2018-01-09T17:11:39.055893046Z: [    0.000000] ACPI: RSDP 0x00000000000F68B0 000014 (v00 BOCHS )
[STDERR  ] 2018-01-09T17:11:39.05590105Z: [    0.000000] ACPI: RSDT 0x000000003FFE20A8 000034 (v01 BOCHS  BXPCRSDT 00000001 BXPC 00000001)
[STDERR  ] 2018-01-09T17:11:39.055907045Z: [    0.000000] ACPI: FACP 0x000000003FFE1EC8 0000F4 (v03 BOCHS  BXPCFACP 00000001 BXPC 00000001)
[STDERR  ] 2018-01-09T17:11:39.055912743Z: [    0.000000] ACPI: DSDT 0x000000003FFE0040 001E88 (v01 BOCHS  BXPCDSDT 00000001 BXPC 00000001)
[STDERR  ] 2018-01-09T17:11:39.055918818Z: [    0.000000] ACPI: FACS 0x000000003FFE0000 000040
[STDERR  ] 2018-01-09T17:11:39.055926364Z: [    0.000000] ACPI: APIC 0x000000003FFE1FBC 000078 (v01 BOCHS  BXPCAPIC 00000001 BXPC 00000001)
[STDERR  ] 2018-01-09T17:11:39.05593226Z: [    0.000000] ACPI: HPET 0x000000003FFE2034 000038 (v01 BOCHS  BXPCHPET 00000001 BXPC 00000001)
[STDERR  ] 2018-01-09T17:11:39.055941267Z: [    0.000000] ACPI: MCFG 0x000000003FFE206C 00003C (v01 BOCHS  BXPCMCFG 00000001 BXPC 00000001)
[STDERR  ] 2018-01-09T17:11:39.05594733Z: [    0.000000] Zone ranges:
[STDERR  ] 2018-01-09T17:11:39.05595327Z: [    0.000000]   DMA      [mem 0x0000000000001000-0x0000000000ffffff]
[STDERR  ] 2018-01-09T17:11:39.055962062Z: [    0.000000]   DMA32    [mem 0x0000000001000000-0x000000003ffdefff]
[STDERR  ] 2018-01-09T17:11:39.055968203Z: [    0.000000]   Normal   empty
[STDERR  ] 2018-01-09T17:11:39.055974149Z: [    0.000000] Movable zone start for each node
[STDERR  ] 2018-01-09T17:11:39.055979773Z: [    0.000000] Early memory node ranges
[STDERR  ] 2018-01-09T17:11:39.055985548Z: [    0.000000]   node   0: [mem 0x0000000000001000-0x000000000009efff]
[STDERR  ] 2018-01-09T17:11:39.055991408Z: [    0.000000]   node   0: [mem 0x0000000000100000-0x000000003ffdefff]
[STDERR  ] 2018-01-09T17:11:39.055997402Z: [    0.000000] Initmem setup node 0 [mem 0x0000000000001000-0x000000003ffdefff]
[STDERR  ] 2018-01-09T17:11:39.056003485Z: [    0.000000] ACPI: PM-Timer IO Port: 0x608
[STDERR  ] 2018-01-09T17:11:39.056009302Z: [    0.000000] ACPI: LAPIC_NMI (acpi_id[0xff] dfl dfl lint[0x1])
[STDERR  ] 2018-01-09T17:11:39.056014932Z: [    0.000000] IOAPIC[0]: apic_id 0, version 32, address 0xfec00000, GSI 0-23
[STDERR  ] 2018-01-09T17:11:39.056020621Z: [    0.000000] ACPI: INT_SRC_OVR (bus 0 bus_irq 0 global_irq 2 dfl dfl)
[STDERR  ] 2018-01-09T17:11:39.056026231Z: [    0.000000] ACPI: INT_SRC_OVR (bus 0 bus_irq 5 global_irq 5 high level)
[STDERR  ] 2018-01-09T17:11:39.056031981Z: [    0.000000] ACPI: INT_SRC_OVR (bus 0 bus_irq 9 global_irq 9 high level)
[STDERR  ] 2018-01-09T17:11:39.056037611Z: [    0.000000] ACPI: INT_SRC_OVR (bus 0 bus_irq 10 global_irq 10 high level)
[STDERR  ] 2018-01-09T17:11:39.056059498Z: [    0.000000] ACPI: INT_SRC_OVR (bus 0 bus_irq 11 global_irq 11 high level)
[STDERR  ] 2018-01-09T17:11:39.056065526Z: [    0.000000] Using ACPI (MADT) for SMP configuration information
[STDERR  ] 2018-01-09T17:11:39.056072457Z: [    0.000000] ACPI: HPET id: 0x8086a201 base: 0xfed00000
[STDERR  ] 2018-01-09T17:11:39.05608085Z: [    0.000000] smpboot: Allowing 1 CPUs, 0 hotplug CPUs
[STDERR  ] 2018-01-09T17:11:39.056086731Z: [    0.000000] e820: [mem 0x40000000-0xafffffff] available for PCI devices
[STDERR  ] 2018-01-09T17:11:39.056093421Z: [    0.000000] Booting paravirtualized kernel on bare hardware
[STDERR  ] 2018-01-09T17:11:39.056099267Z: [    0.000000] clocksource: refined-jiffies: mask: 0xffffffff max_cycles: 0xffffffff, max_idle_ns: 19112604462750000 ns
[STDERR  ] 2018-01-09T17:11:39.0561059Z: [    0.000000] setup_percpu: NR_CPUS:128 nr_cpumask_bits:128 nr_cpu_ids:1 nr_node_ids:1
[STDERR  ] 2018-01-09T17:11:39.05611178Z: [    0.000000] percpu: Embedded 36 pages/cpu @ffff987f7dc00000 s106904 r8192 d32360 u2097152
[STDERR  ] 2018-01-09T17:11:39.056117508Z: [    0.000000] Built 1 zonelists in Zone order, mobility grouping on.  Total pages: 257896
[STDERR  ] 2018-01-09T17:11:39.056123348Z: [    0.000000] Kernel command line: console=ttyS0 console=ttyAMA0
[STDERR  ] 2018-01-09T17:11:39.056129162Z: [    0.000000] PID hash table entries: 4096 (order: 3, 32768 bytes)
[STDERR  ] 2018-01-09T17:11:39.05613502Z: [    0.000000] Dentry cache hash table entries: 131072 (order: 8, 1048576 bytes)
[STDERR  ] 2018-01-09T17:11:39.056141005Z: [    0.000000] Inode-cache hash table entries: 65536 (order: 7, 524288 bytes)
[STDERR  ] 2018-01-09T17:11:39.056146905Z: [    0.000000] Memory: 980260K/1048052K available (8053K kernel code, 1391K rwdata, 2700K rodata, 1396K init, 564K bss, 67792K reserved, 0K cma-reserved)
[STDERR  ] 2018-01-09T17:11:39.056153409Z: [    0.000000] Hierarchical RCU implementation.
[STDERR  ] 2018-01-09T17:11:39.056159204Z: [    0.000000] 	Build-time adjustment of leaf fanout to 64.
[STDERR  ] 2018-01-09T17:11:39.056164935Z: [    0.000000] 	RCU restricting CPUs from NR_CPUS=128 to nr_cpu_ids=1.
[STDERR  ] 2018-01-09T17:11:39.056170772Z: [    0.000000] RCU: Adjusting geometry for rcu_fanout_leaf=64, nr_cpu_ids=1
[STDERR  ] 2018-01-09T17:11:39.056180478Z: [    0.000000] NR_IRQS:8448 nr_irqs:256 16
[STDERR  ] 2018-01-09T17:11:39.056186468Z: [    0.000000] Console: colour VGA+ 80x25
[STDERR  ] 2018-01-09T17:11:39.056192105Z: [    0.000000] console [ttyS0] enabled
[STDERR  ] 2018-01-09T17:11:39.05619788Z: [    0.000000] clocksource: hpet: mask: 0xffffffff max_cycles: 0xffffffff, max_idle_ns: 19112604467 ns
[STDERR  ] 2018-01-09T17:11:39.056208563Z: [    0.000000] tsc: Fast TSC calibration using PIT
[STDERR  ] 2018-01-09T17:11:39.056214811Z: [    0.000000] tsc: Detected 2599.981 MHz processor
[STDERR  ] 2018-01-09T17:11:39.056220483Z: [    0.022250] Calibrating delay loop (skipped), value calculated using timer frequency.. 5199.96 BogoMIPS (lpj=25999810)
[STDERR  ] 2018-01-09T17:11:39.056229287Z: [    0.030593] pid_max: default: 32768 minimum: 301
[STDERR  ] 2018-01-09T17:11:39.056235067Z: [    0.031605] ACPI: Core revision 20160831
[STDERR  ] 2018-01-09T17:11:39.056240895Z: [    0.057745] ACPI: 1 ACPI AML tables successfully acquired and loaded
[STDERR  ] 2018-01-09T17:11:39.056247039Z: [    0.062443] Security Framework initialized
[STDERR  ] 2018-01-09T17:11:39.05625269Z: [    0.062912] Yama: becoming mindful.
[STDERR  ] 2018-01-09T17:11:39.056260017Z: [    0.064896] Mount-cache hash table entries: 2048 (order: 2, 16384 bytes)
[STDERR  ] 2018-01-09T17:11:39.05626629Z: [    0.065410] Mountpoint-cache hash table entries: 2048 (order: 2, 16384 bytes)
[STDERR  ] 2018-01-09T17:11:39.056272469Z: [    0.083055] Last level iTLB entries: 4KB 0, 2MB 0, 4MB 0
