[INFO    ] 2019-03-08T17:30:58.158841419Z: Running Test linuxkit.packages.extend.ext4 in /tmp/with_clone206b4c83/test/cases/040_packages/005_extend/000_ext4
[STDERR  ] 2019-03-08T17:30:58.159088085Z: [    7.673785] VMware vmxnet3 virtual NIC driver - version 1.4.a.0-k-NAPI
[INFO    ] 2019-03-08T17:30:58.159107147Z: Running command: [/bin/sh -x /tmp/with_clone206b4c83/test/cases/040_packages/005_extend/000_ext4/test.sh]
[STDERR  ] 2019-03-08T17:30:58.159184802Z: [    7.675297] hv_vmbus: registering driver hv_netvsc
[STDERR  ] 2019-03-08T17:30:58.159361209Z: [    7.675828] Fusion MPT base driver 3.04.20
[STDERR  ] 2019-03-08T17:30:58.159400443Z: [    7.676399] Copyright (c) 1999-2008 LSI Corporation
[STDERR  ] 2019-03-08T17:30:58.159425980Z: [    7.677267] Fusion MPT SPI Host driver 3.04.20
[STDERR  ] 2019-03-08T17:30:58.159447038Z: [    7.680339] i8042: PNP: PS/2 Controller [PNP0303:KBD,PNP0f13:MOU] at 0x60,0x64 irq 1,12
[STDERR  ] 2019-03-08T17:30:58.159469601Z: [    7.686776] serio: i8042 KBD port at 0x60,0x64 irq 1
[STDERR  ] 2019-03-08T17:30:58.159491377Z: [    7.687850] serio: i8042 AUX port at 0x60,0x64 irq 12
[STDERR  ] 2019-03-08T17:30:58.159512321Z: [    7.691674] hv_vmbus: registering driver hyperv_keyboard
[STDERR  ] 2019-03-08T17:30:58.159538484Z: [    7.696444] mousedev: PS/2 mouse device common for all mice
[STDERR  ] 2019-03-08T17:30:58.159559563Z: [    7.703628] input: PC Speaker as /devices/platform/pcspkr/input/input2
[STDERR  ] 2019-03-08T17:30:58.159587501Z: [    7.707366] input: AT Translated Set 2 keyboard as /devices/platform/i8042/serio0/input/input1
[STDERR  ] 2019-03-08T17:30:58.159612642Z: [    7.710799] rtc_cmos 00:00: RTC can wake from S4
[STDERR  ] 2019-03-08T17:30:58.159645154Z: [    7.718572] rtc_cmos 00:00: rtc core: registered rtc_cmos as rtc0
[STDERR  ] 2019-03-08T17:30:58.159671321Z: [    7.720602] rtc_cmos 00:00: alarms up to one day, y3k, 114 bytes nvram, hpet irqs
[STDERR  ] 2019-03-08T17:30:58.159692361Z: [    7.722249] i2c /dev entries driver
[STDERR  ] 2019-03-08T17:30:58.159713045Z: [    7.725539] device-mapper: ioctl: 4.37.0-ioctl (2017-09-20) initialised: dm-devel@redhat.com
[STDERR  ] 2019-03-08T17:30:58.159734731Z: [    7.732530] usbcore: registered new interface driver usbhid
[STDERR  ] 2019-03-08T17:30:58.159757672Z: [    7.733481] usbhid: USB HID core driver
[STDERR  ] 2019-03-08T17:30:58.159781612Z: [    7.734479] hv_
[STDERR  ] 2019-03-08T17:30:58.160188924Z: + set -ex
[STDERR  ] 2019-03-08T17:30:58.160278215Z: + . /tmp/with_clone206b4c83/test/cases/_lib/lib.sh
[STDERR  ] 2019-03-08T17:30:58.160350982Z: + [ -f src/github.com/linuxkit/rtf/lib/lib.sh ]
[STDERR  ] 2019-03-08T17:30:58.160387506Z: + LINUXKIT_TMPDIR=/tmp/with_clone206b4c83/test/cases/_tmp
[STDERR  ] 2019-03-08T17:30:58.160410237Z: + [ -f /tmp/with_clone206b4c83/test/cases/_tmp/env.sh ]
[STDERR  ] 2019-03-08T17:30:58.160459789Z: + . /tmp/with_clone206b4c83/test/cases/_tmp/env.sh
[STDERR  ] 2019-03-08T17:30:58.160485036Z: + export LINUXKIT_EXAMPLES_DIR=/tmp/with_clone206b4c83/test/cases/../../examples
[STDERR  ] 2019-03-08T17:30:58.160507713Z: + RT_CANCEL=253
[STDERR  ] 2019-03-08T17:30:58.160611031Z: + NAME_CREATE=create-ext4
[STDERR  ] 2019-03-08T17:30:58.160632880Z: + NAME_EXTEND=extend-ext4
[STDERR  ] 2019-03-08T17:30:58.160656185Z: + DISK=disk.img
[STDERR  ] 2019-03-08T17:30:58.160677573Z: + trap clean_up EXIT
[STDERR  ] 2019-03-08T17:30:58.160701600Z: + linuxkit build -name create-ext4 -format kernel+initrd test-create.yml
[STDERR  ] 2019-03-08T17:30:58.217104674Z: Extract kernel image: linuxkit/kernel:4.19.27
[STDERR  ] 2019-03-08T17:31:03.187336111Z: Add init containers:
[STDERR  ] 2019-03-08T17:31:03.187458321Z: Process init image: linuxkit/init:005807f5c6a74e23f485a6d1657818bdccb70cd0
[STDERR  ] 2019-03-08T17:31:04.955284356Z: Process init image: linuxkit/runc:606971451ea29b4238029804ca638f9f85caf5af
[STDERR  ] 2019-03-08T17:31:06.522202167Z: Add onboot containers:
[STDERR  ] 2019-03-08T17:31:06.522357621Z:   Create OCI config for linuxkit/format:ada5fd97592c33399140f5f93f517c02f55edb14
[STDERR  ] 2019-03-08T17:31:08.270500672Z:   Create OCI config for linuxkit/mount:019bc551972cf2d136b443d70b4bf94c54d0d1fe
[STDERR  ] 2019-03-08T17:31:09.953682190Z:   Create OCI config for alpine:3.9
[STDERR  ] 2019-03-08T17:31:11.540190785Z:   Create OCI config for linuxkit/poweroff:9f4e04f09bbb4a028f0a1f57d430e1ad3095ace1
[STDERR  ] 2019-03-08T17:31:13.083758048Z: Create outputs:
[STDERR  ] 2019-03-08T17:31:20.591748017Z:   create-ext4-kernel create-ext4-initrd.img create-ext4-cmdline
[STDERR  ] 2019-03-08T17:31:20.721068509Z: + linuxkit run -disk file=disk.img,format=raw,size=256M create-ext4
[STDOUT  ] 2019-03-08T17:31:26.379473365Z: [    0.000000] Linux version 4.19.27-linuxkit (root@e17f1c07824a) (gcc version 8.2.0 (Alpine 8.2.0)) #1 SMP Thu Mar 7 23:23:13 UTC 2019
[STDOUT  ] 2019-03-08T17:31:26.379993200Z: [    0.000000] Command line: console=ttyS0 console=ttyAMA0
[STDOUT  ] 2019-03-08T17:31:26.380365476Z: [    0.000000] x86/fpu: x87 FPU will use FXSAVE
[STDOUT  ] 2019-03-08T17:31:26.380730086Z: [    0.000000] BIOS-provided physical RAM map:
[STDOUT  ] 2019-03-08T17:31:26.381301025Z: [    0.000000] BIOS-e820: [mem 0x0000000000000000-0x000000000009fbff] usable
[STDOUT  ] 2019-03-08T17:31:26.381889056Z: [    0.000000] BIOS-e820: [mem 0x000000000009fc00-0x000000000009ffff] reserved
[STDOUT  ] 2019-03-08T17:31:26.382508751Z: [    0.000000] BIOS-e820: [mem 0x00000000000f0000-0x00000000000fffff] reserved
[STDOUT  ] 2019-03-08T17:31:26.383305864Z: [    0.000000] BIOS-e820: [mem 0x0000000000100000-0x000000003ffdefff] usable
[STDOUT  ] 2019-03-08T17:31:26.383921402Z: [    0.000000] BIOS-e820: [mem 0x000000003ffdf000-0x000000003fffffff] reserved
[STDOUT  ] 2019-03-08T17:31:26.384498726Z: [    0.000000] BIOS-e820: [mem 0x00000000b0000000-0x00000000bfffffff] reserved
[STDOUT  ] 2019-03-08T17:31:26.385092788Z: [    0.000000] BIOS-e820: [mem 0x00000000fed1c000-0x00000000fed1ffff] reserved
[STDOUT  ] 2019-03-08T17:31:26.385675562Z: [    0.000000] BIOS-e820: [mem 0x00000000fffc0000-0x00000000ffffffff] reserved
[STDOUT  ] 2019-03-08T17:31:26.386124291Z: [    0.000000] NX (Execute Disable) protection: active
[STDOUT  ] 2019-03-08T17:31:26.386429903Z: [    0.000000] SMBIOS 2.8 present.
[STDOUT  ] 2019-03-08T17:31:26.387307670Z: [    0.000000] DMI: QEMU Standard PC (Q35 + ICH9, 2009), BIOS rel-1.10.2-0-g5f4c7b1-prebuilt.qemu-project.org 04/01/2014
[STDOUT  ] 2019-03-08T17:31:26.387664765Z: [    0.000000] tsc: Fast TSC calibration using PIT
[STDOUT  ] 2019-03-08T17:31:26.388034102Z: [    0.000000] tsc: Detected 2599.760 MHz processor
[STDOUT  ] 2019-03-08T17:31:26.388446368Z: [    0.066909] last_pfn = 0x3ffdf max_arch_pfn = 0x400000000
[STDOUT  ] 2019-03-08T17:31:26.388965174Z: [    0.068528] x86/PAT: Configuration [0-7]: WB  WC  UC- UC  WB  WP  UC- WT  
[STDOUT  ] 2019-03-08T17:31:26.389552236Z: [    0.125640] found SMP MP-table at [mem 0x000f6aa0-0x000f6aaf] mapped at [(____ptrval____)]
[STDOUT  ] 2019-03-08T17:31:26.389889039Z: [    0.135434] RAMDISK: [mem 0x3d6b6000-0x3ffcffff]
[STDOUT  ] 2019-03-08T17:31:26.390328668Z: [    0.136240] ACPI: Early table checksum verification disabled
[STDOUT  ] 2019-03-08T17:31:26.390733614Z: [    0.138473] ACPI: RSDP 0x00000000000F68C0 000014 (v00 BOCHS )
[STDOUT  ] 2019-03-08T17:31:26.391353913Z: [    0.138821] ACPI: RSDT 0x000000003FFE2404 000034 (v01 BOCHS  BXPCRSDT 00000001 BXPC 00000001)
[STDOUT  ] 2019-03-08T17:31:26.391992223Z: [    0.139682] ACPI: FACP 0x000000003FFE22A4 000074 (v01 BOCHS  BXPCFACP 00000001 BXPC 00000001)
[STDOUT  ] 2019-03-08T17:31:26.392635579Z: [    0.140606] ACPI: DSDT 0x000000003FFE0040 002264 (v01 BOCHS  BXPCDSDT 00000001 BXPC 00000001)
[STDOUT  ] 2019-03-08T17:31:26.392953262Z: [    0.140753] ACPI: FACS 0x000000003FFE0000 000040
[STDOUT  ] 2019-03-08T17:31:26.393568475Z: [    0.140878] ACPI: APIC 0x000000003FFE2318 000078 (v01 BOCHS  BXPCAPIC 00000001 BXPC 00000001)
[STDOUT  ] 2019-03-08T17:31:26.394178487Z: [    0.140963] ACPI: HPET 0x000000003FFE2390 000038 (v01 BOCHS  BXPCHPET 00000001 BXPC 00000001)
[STDOUT  ] 2019-03-08T17:31:26.394812864Z: [    0.141044] ACPI: MCFG 0x000000003FFE23C8 00003C (v01 BOCHS  BXPCMCFG 00000001 BXPC 00000001)
[STDOUT  ] 2019-03-08T17:31:26.395004493Z: [    0.146506] Zone ranges:
[STDOUT  ] 2019-03-08T17:31:26.395446749Z: [    0.146617]   DMA      [mem 0x0000000000001000-0x0000000000ffffff]
[STDOUT  ] 2019-03-08T17:31:26.395883928Z: [    0.146707]   DMA32    [mem 0x0000000001000000-0x000000003ffdefff]
[STDOUT  ] 2019-03-08T17:31:26.396093554Z: [    0.146766]   Normal   empty
[STDOUT  ] 2019-03-08T17:31:26.396304140Z: [    0.146815]   Device   empty
[STDOUT  ] 2019-03-08T17:31:26.396612638Z: [    0.146857] Movable zone start for each node
[STDOUT  ] 2019-03-08T17:31:26.396873777Z: [    0.146925] Early memory node ranges
[STDOUT  ] 2019-03-08T17:31:26.397315739Z: [    0.146982]   node   0: [mem 0x0000000000001000-0x000000000009efff]
[STDOUT  ] 2019-03-08T17:31:26.397754135Z: [    0.147018]   node   0: [mem 0x0000000000100000-0x000000003ffdefff]
[STDOUT  ] 2019-03-08T17:31:26.398089310Z: [    0.147868] Reserved but unavailable: 98 pages
[STDOUT  ] 2019-03-08T17:31:26.398605902Z: [    0.148078] Initmem setup node 0 [mem 0x0000000000001000-0x000000003ffdefff]
[STDOUT  ] 2019-03-08T17:31:26.398891736Z: [    0.213675] ACPI: PM-Timer IO Port: 0x608
[STDOUT  ] 2019-03-08T17:31:26.399298693Z: [    0.214367] ACPI: LAPIC_NMI (acpi_id[0xff] dfl dfl lint[0x1])
[STDOUT  ] 2019-03-08T17:31:26.399777762Z: [    0.215021] IOAPIC[0]: apic_id 0, version 32, address 0xfec00000, GSI 0-23
[STDOUT  ] 2019-03-08T17:31:26.400230950Z: [    0.215221] ACPI: INT_SRC_OVR (bus 0 bus_irq 0 global_irq 2 dfl dfl)
[STDOUT  ] 2019-03-08T17:31:26.400698485Z: [    0.215587] ACPI: INT_SRC_OVR (bus 0 bus_irq 5 global_irq 5 high level)
[STDOUT  ] 2019-03-08T17:31:26.401169934Z: [    0.215667] ACPI: INT_SRC_OVR (bus 0 bus_irq 9 global_irq 9 high level)
[STDOUT  ] 2019-03-08T17:31:26.401640836Z: [    0.215811] ACPI: INT_SRC_OVR (bus 0 bus_irq 10 global_irq 10 high level)
[STDOUT  ] 2019-03-08T17:31:26.402125450Z: [    0.215849] ACPI: INT_SRC_OVR (bus 0 bus_irq 11 global_irq 11 high level)
[STDOUT  ] 2019-03-08T17:31:26.402566555Z: [    0.216234] Using ACPI (MADT) for SMP configuration information
[STDOUT  ] 2019-03-08T17:31:26.402934305Z: [    0.216312] ACPI: HPET id: 0x8086a201 base: 0xfed00000
[STDOUT  ] 2019-03-08T17:31:26.403290348Z: [    0.216945] smpboot: Allowing 1 CPUs, 0 hotplug CPUs
[STDOUT  ] 2019-03-08T17:31:26.403716399Z: [    0.218008] [mem 0x40000000-0xafffffff] available for PCI devices
[STDOUT  ] 2019-03-08T17:31:26.404113976Z: [    0.218074] Booting paravirtualized kernel on bare hardware
[STDOUT  ] 2019-03-08T17:31:26.404868244Z: [    0.218364] clocksource: refined-jiffies: mask: 0xffffffff max_cycles: 0xffffffff, max_idle_ns: 1910969940391419 ns
[STDOUT  ] 2019-03-08T17:31:26.405445390Z: [    3.547814] random: get_random_bytes called from start_kernel+0x91/0x517 with crng_init=0
[STDOUT  ] 2019-03-08T17:31:26.405997022Z: [    3.549030] setup_percpu: NR_CPUS:128 nr_cpumask_bits:128 nr_cpu_ids:1 nr_node_ids:1
[STDOUT  ] 2019-03-08T17:31:26.406601999Z: [    3.558460] percpu: Embedded 45 pages/cpu @(____ptrval____) s145112 r8192 d31016 u2097152
[STDOUT  ] 2019-03-08T17:31:26.407082137Z: [    3.561437] Built 1 zonelists, mobility grouping on.  Total pages: 257896
[STDOUT  ] 2019-03-08T17:31:26.407506331Z: [    3.561700] Kernel command line: console=ttyS0 console=ttyAMA0
[STDOUT  ] 2019-03-08T17:31:26.408008413Z: [    3.566123] Dentry cache hash table entries: 131072 (order: 8, 1048576 bytes)
[STDOUT  ] 2019-03-08T17:31:26.408505184Z: [    3.567893] Inode-cache hash table entries: 65536 (order: 7, 524288 bytes)
[STDOUT  ] 2019-03-08T17:31:26.409630337Z: [    3.633276] Memory: 959716K/1048052K available (12300K kernel code, 1573K rwdata, 3056K rodata, 1584K init, 2036K bss, 88336K reserved, 0K cma-reserved)
[STDOUT  ] 2019-03-08T17:31:26.410098088Z: [    3.640941] ftrace: allocating 43040 entries in 169 pages
[STDOUT  ] 2019-03-08T17:31:26.410443404Z: [    4.062326] rcu: Hierarchical RCU implementation.
[STDOUT  ] 2019-03-08T17:31:26.410881278Z: [    4.062555] rcu: 	RCU restricting CPUs from NR_CPUS=128 to nr_cpu_ids=1.
[STDOUT  ] 2019-03-08T17:31:26.411331633Z: [    4.062763] rcu: Adjusting geometry for rcu_fanout_leaf=16, nr_cpu_ids=1
[STDOUT  ] 2019-03-08T17:31:26.411714217Z: [    4.118599] NR_IRQS: 8448, nr_irqs: 256, preallocated irqs: 16
[STDOUT  ] 2019-03-08T17:31:26.411971586Z: [    4.132762] Console: colour VGA+ 80x25
[STDOUT  ] 2019-03-08T17:31:26.412372226Z: [    4.168565] console [ttyS0] enabled
[STDOUT  ] 2019-03-08T17:31:26.413078159Z: [    4.169271] ACPI: Core revision 20180810
[STDOUT  ] 2019-03-08T17:31:26.422033921Z: [    4.177740] clocksource: hpet: mask: 0xffffffff max_cycles: 0xffffffff, max_idle_ns: 19112604467 ns
[STDOUT  ] 2019-03-08T17:31:26.429025144Z: [    4.185057] APIC: Switch to symmetric I/O mode setup
[STDOUT  ] 2019-03-08T17:31:26.436345666Z: [    4.192293] ..TIMER: vector=0x30 apic1=0 pin1=2 apic2=-1 pin2=-1
[STDOUT  ] 2019-03-08T17:31:26.442725849Z: [    4.198257] clocksource: tsc-early: mask: 0xffffffffffffffff max_cycles: 0x2579598d9a4, max_idle_ns: 440795314135 ns
[STDOUT  ] 2019-03-08T17:31:26.446554876Z: [    4.200996] Calibrating delay loop (skipped), value calculated using timer frequency.. 5199.52 BogoMIPS (lpj=2599760)
[STDOUT  ] 2019-03-08T17:31:26.447178333Z: [    4.203196] pid_max: default: 32768 minimum: 301
[STDOUT  ] 2019-03-08T17:31:26.452613223Z: [    4.208672] Security Framework initialized
[STDOUT  ] 2019-03-08T17:31:26.453135733Z: [    4.209194] Yama: becoming mindful.
[STDOUT  ] 2019-03-08T17:31:26.456479700Z: [    4.212261] Mount-cache hash table entries: 2048 (order: 2, 16384 bytes)
[STDOUT  ] 2019-03-08T17:31:26.457239706Z: [    4.213189] Mountpoint-cache hash table entries: 2048 (order: 2, 16384 bytes)
[STDOUT  ] 2019-03-08T17:31:26.480856065Z: [    4.236884] Last level iTLB entries: 4KB 0, 2MB 0, 4MB 0
[STDOUT  ] 2019-03-08T17:31:26.481539223Z: [    4.237075] Last level dTLB entries: 4KB 0, 2MB 0, 4MB 0, 1GB 0
[STDOUT  ] 2019-03-08T17:31:26.482617876Z: [    4.238234] Spectre V2 : Spectre mitigation: LFENCE not serializing, switching to generic retpoline
[STDOUT  ] 2019-03-08T17:31:26.483200531Z: [    4.239084] Spectre V2 : Mitigation: Full generic retpoline
[STDOUT  ] 2019-03-08T17:31:26.483957035Z: [    4.239568] Spectre V2 : Spectre v2 / SpectreRSB mitigation: Filling RSB on context switch
[STDOUT  ] 2019-03-08T17:31:26.484649179Z: [    4.240188] Speculative Store Bypass: Vulnerable
[STDOUT  ] 2019-03-08T17:31:26.684224147Z: [    4.440387] random: fast init done
[STDOUT  ] 2019-03-08T17:31:26.840064197Z: [    4.596203] Freeing SMP alternatives memory: 20K
[STDOUT  ] 2019-03-08T17:31:26.969350960Z: [    4.622996] smpboot: CPU0: AMD QEMU Virtual CPU version 2.5+ (family: 0x6, model: 0x6, stepping: 0x3)
[STDOUT  ] 2019-03-08T17:31:26.980258824Z: [    4.632708] Performance Events: PMU not available due to virtualization, using software events only.
[STDOUT  ] 2019-03-08T17:31:26.983371653Z: [    4.636713] rcu: Hierarchical SRCU implementation.
[STDOUT  ] 2019-03-08T17:31:26.991317047Z: [    4.643508] NMI watchdog: Perf NMI watchdog permanently disabled
[STDOUT  ] 2019-03-08T17:31:26.996735033Z: [    4.649191] smp: Bringing up secondary CPUs ...
[STDOUT  ] 2019-03-08T17:31:26.997236119Z: [    4.649699] smp: Brought up 1 node, 1 CPU
[STDOUT  ] 2019-03-08T17:31:26.997730788Z: [    4.650105] smpboot: Max logical packages: 1
[STDOUT  ] 2019-03-08T17:31:26.998469508Z: [    4.650567] smpboot: Total of 1 processors activated (5199.52 BogoMIPS)
[STDOUT  ] 2019-03-08T17:31:27.015381193Z: [    4.667787] devtmpfs: initialized
[STDOUT  ] 2019-03-08T17:31:27.023349723Z: [    4.674750] x86/mm: Memory block size: 128MB
[STDOUT  ] 2019-03-08T17:31:27.035098925Z: [    4.686155] clocksource: jiffies: mask: 0xffffffff max_cycles: 0xffffffff, max_idle_ns: 1911260446275000 ns
[STDOUT  ] 2019-03-08T17:31:27.035959075Z: [    4.687266] futex hash table entries: 256 (order: 2, 16384 bytes)
[STDOUT  ] 2019-03-08T17:31:27.051048948Z: [    4.702449] NET: Registered protocol family 16
[STDOUT  ] 2019-03-08T17:31:27.057777238Z: [    4.709135] audit: initializing netlink subsys (disabled)
[STDOUT  ] 2019-03-08T17:31:27.063529275Z: [    4.714564] audit: type=2000 audit(1552066285.527:1): state=initialized audit_enabled=0 res=1
[STDOUT  ] 2019-03-08T17:31:27.066942608Z: [    4.718383] cpuidle: using governor ladder
[STDOUT  ] 2019-03-08T17:31:27.067430711Z: [    4.718874] cpuidle: using governor menu
[STDOUT  ] 2019-03-08T17:31:27.069666350Z: [    4.721146] ACPI: bus type PCI registered
[STDOUT  ] 2019-03-08T17:31:27.074353701Z: [    4.725442] PCI: MMCONFIG for domain 0000 [bus 00-ff] at [mem 0xb0000000-0xbfffffff] (base 0xb0000000)
[STDOUT  ] 2019-03-08T17:31:27.075353291Z: [    4.726294] PCI: MMCONFIG at [mem 0xb0000000-0xbfffffff] reserved in E820
[STDOUT  ] 2019-03-08T17:31:27.076473932Z: [    4.727732] PCI: Using configuration type 1 for base access
[STDOUT  ] 2019-03-08T17:31:27.149351602Z: [    4.800337] HugeTLB registered 2.00 MiB page size, pre-allocated 0 pages
[STDOUT  ] 2019-03-08T17:31:27.155370229Z: [    4.806603] cryptd: max_cpu_qlen set to 1000
[STDOUT  ] 2019-03-08T17:31:27.161634383Z: [    4.812849] ACPI: Added _OSI(Module Device)
[STDOUT  ] 2019-03-08T17:31:27.162343207Z: [    4.813093] ACPI: Added _OSI(Processor Device)
[STDOUT  ] 2019-03-08T17:31:27.162837356Z: [    4.814052] ACPI: Added _OSI(3.0 _SCP Extensions)
[STDOUT  ] 2019-03-08T17:31:27.163369857Z: [    4.814513] ACPI: Added _OSI(Processor Aggregator Device)
[STDOUT  ] 2019-03-08T17:31:27.163979781Z: [    4.815218] ACPI: Added _OSI(Linux-Dell-Video)
[STDOUT  ] 2019-03-08T17:31:27.164544123Z: [    4.815608] ACPI: Added _OSI(Linux-Lenovo-NV-HDMI-Audio)
[STDOUT  ] 2019-03-08T17:31:27.218662728Z: [    4.869660] ACPI: 1 ACPI AML tables successfully acquired and loaded
[STDOUT  ] 2019-03-08T17:31:27.259326874Z: [    4.907309] ACPI: Interpreter enabled
[STDOUT  ] 2019-03-08T17:31:27.260501676Z: [    4.908731] ACPI: (supports S0 S5)
[STDOUT  ] 2019-03-08T17:31:27.261090812Z: [    4.909135] ACPI: Using IOAPIC for interrupt routing
[STDOUT  ] 2019-03-08T17:31:27.264150193Z: [    4.912041] PCI: Using host bridge windows from ACPI; if necessary, use "pci=nocrs" and report a bug
[STDOUT  ] 2019-03-08T17:31:27.268378995Z: [    4.916460] ACPI: Enabled 2 GPEs in block 00 to 3F
[STDOUT  ] 2019-03-08T17:31:27.350760064Z: [    4.998830] ACPI: PCI Root Bridge [PCI0] (domain 0000 [bus 00-ff])
[STDOUT  ] 2019-03-08T17:31:27.352054272Z: [    5.000184] acpi PNP0A08:00: _OSC: OS supports [ExtendedConfig ASPM ClockPM Segments MSI]
[STDOUT  ] 2019-03-08T17:31:27.356953192Z: [    5.005054] acpi PNP0A08:00: _OSC: platform does not support [SHPCHotplug LTR]
[STDOUT  ] 2019-03-08T17:31:27.360561891Z: [    5.008603] acpi PNP0A08:00: _OSC: OS now controls [PCIeHotplug PME PCIeCapability]
[STDOUT  ] 2019-03-08T17:31:27.365009707Z: [    5.013356] PCI host bridge to bus 0000:00
[STDOUT  ] 2019-03-08T17:31:27.365806641Z: [    5.013938] pci_bus 0000:00: root bus resource [io  0x0000-0x0cf7 window]
[STDOUT  ] 2019-03-08T17:31:27.366440688Z: [    5.014530] pci_bus 0000:00: root bus resource [io  0x0d00-0xffff window]
[STDOUT  ] 2019-03-08T17:31:27.367113021Z: [    5.015054] pci_bus 0000:00: root bus resource [mem 0x000a0000-0x000bffff window]
[STDOUT  ] 2019-03-08T17:31:27.367748849Z: [    5.015672] pci_bus 0000:00: root bus resource [mem 0xc0000000-0xfebfffff window]
[STDOUT  ] 2019-03-08T17:31:27.368371364Z: [    5.016162] pci_bus 0000:00: root bus resource [bus 00-ff]
[STDOUT  ] 2019-03-08T17:31:27.546704282Z: [    5.083559] pci 0000:00:1f.0: quirk: [io  0x0600-0x067f] claimed by ICH6 ACPI/GPIO/TCO
[STDOUT  ] 2019-03-08T17:31:27.646519666Z: [    5.136428] ACPI: PCI Interrupt Link [LNKA] (IRQs 5 *10 11)
[STDOUT  ] 2019-03-08T17:31:27.648871821Z: [    5.138860] ACPI: PCI Interrupt Link [LNKB] (IRQs 5 *10 11)
[STDOUT  ] 2019-03-08T17:31:27.650986274Z: [    5.140965] ACPI: PCI Interrupt Link [LNKC] (IRQs 5 10 *11)
[STDOUT  ] 2019-03-08T17:31:27.652965645Z: [    5.143118] ACPI: PCI Interrupt Link [LNKD] (IRQs 5 10 *11)
[STDOUT  ] 2019-03-08T17:31:27.655030001Z: [    5.145100] ACPI: PCI Interrupt Link [LNKE] (IRQs 5 *10 11)
[STDOUT  ] 2019-03-08T17:31:27.657503131Z: [    5.147242] ACPI: PCI Interrupt Link [LNKF] (IRQs 5 *10 11)
[STDOUT  ] 2019-03-08T17:31:27.659727643Z: [    5.149692] ACPI: PCI Interrupt Link [LNKG] (IRQs 5 10 *11)
[STDOUT  ] 2019-03-08T17:31:27.661869634Z: [    5.151826] ACPI: PCI Interrupt Link [LNKH] (IRQs 5 10 *11)
[STDOUT  ] 2019-03-08T17:31:27.663037508Z: [    5.153197] ACPI: PCI Interrupt Link [GSIA] (IRQs *16)
[STDOUT  ] 2019-03-08T17:31:27.663958105Z: [    5.154128] ACPI: PCI Interrupt Link [GSIB] (IRQs *17)
[STDOUT  ] 2019-03-08T17:31:27.664776039Z: [    5.154859] ACPI: PCI Interrupt Link [GSIC] (IRQs *18)
[STDOUT  ] 2019-03-08T17:31:27.665732105Z: [    5.155378] ACPI: PCI Interrupt Link [GSID] (IRQs *19)
[STDOUT  ] 2019-03-08T17:31:27.666648402Z: [    5.156346] ACPI: PCI Interrupt Link [GSIE] (IRQs *20)
[STDOUT  ] 2019-03-08T17:31:27.667511182Z: [    5.157329] ACPI: PCI Interrupt Link [GSIF] (IRQs *21)
[STDOUT  ] 2019-03-08T17:31:27.668324408Z: [    5.158339] ACPI: PCI Interrupt Link [GSIG] (IRQs *22)
[STDOUT  ] 2019-03-08T17:31:27.669121063Z: [    5.159291] ACPI: PCI Interrupt Link [GSIH] (IRQs *23)
[STDOUT  ] 2019-03-08T17:31:27.680494748Z: [    5.170628] SCSI subsystem initialized
[STDOUT  ] 2019-03-08T17:31:27.684018805Z: [    5.174259] ACPI: bus type USB registered
[STDOUT  ] 2019-03-08T17:31:27.685458509Z: [    5.175520] usbcore: registered new interface driver usbfs
[STDOUT  ] 2019-03-08T17:31:27.686689421Z: [    5.176628] usbcore: registered new interface driver hub
[STDOUT  ] 2019-03-08T17:31:27.687668609Z: [    5.177501] usbcore: registered new device driver usb
[STDOUT  ] 2019-03-08T17:31:27.688872683Z: [    5.179093] pps_core: LinuxPPS API ver. 1 registered
[STDOUT  ] 2019-03-08T17:31:27.689530867Z: [    5.179455] pps_core: Software ver. 5.3.6 - Copyright 2005-2007 Rodolfo Giometti <giometti@linux.it>
[STDOUT  ] 2019-03-08T17:31:27.690051421Z: [    5.180210] PTP clock support registered
[STDOUT  ] 2019-03-08T17:31:27.693178445Z: [    5.183401] PCI: Using ACPI for IRQ routing
[STDOUT  ] 2019-03-08T17:31:27.717917252Z: [    5.208154] NetLabel: Initializing
[STDOUT  ] 2019-03-08T17:31:27.718223774Z: [    5.208494] NetLabel:  domain hash size = 128
[STDOUT  ] 2019-03-08T17:31:27.718725372Z: [    5.208793] NetLabel:  protocols = UNLABELED CIPSOv4 CALIPSO
[STDOUT  ] 2019-03-08T17:31:27.721478488Z: [    5.211551] NetLabel:  unlabeled traffic allowed by default
[STDOUT  ] 2019-03-08T17:31:27.723051966Z: [    5.213092] HPET: 3 timers in total, 0 timers will be used for per-cpu timer
[STDOUT  ] 2019-03-08T17:31:27.723885954Z: [    5.214033] hpet0: at MMIO 0xfed00000, IRQs 2, 8, 0
[STDOUT  ] 2019-03-08T17:31:27.724314783Z: [    5.214485] hpet0: 3 comparators, 64-bit 100.000000 MHz counter
[STDOUT  ] 2019-03-08T17:31:27.731518994Z: [    5.221544] clocksource: Switched to clocksource tsc-early
[STDOUT  ] 2019-03-08T17:31:28.181688855Z: [    5.671511] VFS: Disk quotas dquot_6.6.0
[STDOUT  ] 2019-03-08T17:31:28.183046540Z: [    5.672726] VFS: Dquot-cache hash table entries: 512 (order 0, 4096 bytes)
[STDOUT  ] 2019-03-08T17:31:28.186433199Z: [    5.676323] FS-Cache: Loaded
[STDOUT  ] 2019-03-08T17:31:28.193498083Z: [    5.683404] CacheFiles: Loaded
[STDOUT  ] 2019-03-08T17:31:28.194871567Z: [    5.684818] pnp: PnP ACPI init
[STDOUT  ] 2019-03-08T17:31:28.209504044Z: [    5.699321] pnp: PnP ACPI: found 5 devices
[STDOUT  ] 2019-03-08T17:31:28.268814066Z: [    5.758286] clocksource: acpi_pm: mask: 0xffffff max_cycles: 0xffffff, max_idle_ns: 2085701024 ns
[STDOUT  ] 2019-03-08T17:31:28.272722666Z: [    5.762545] NET: Registered protocol family 2
[STDOUT  ] 2019-03-08T17:31:28.287362747Z: [    5.776796] tcp_listen_portaddr_hash hash table entries: 512 (order: 1, 8192 bytes)
[STDOUT  ] 2019-03-08T17:31:28.288721774Z: [    5.778410] TCP established hash table entries: 8192 (order: 4, 65536 bytes)
[STDOUT  ] 2019-03-08T17:31:28.289672267Z: [    5.779417] TCP bind hash table entries: 8192 (order: 5, 131072 bytes)
[STDOUT  ] 2019-03-08T17:31:28.290567596Z: [    5.780272] TCP: Hash tables configured (established 8192 bind 8192)
[STDOUT  ] 2019-03-08T17:31:28.294040072Z: [    5.783707] UDP hash table entries: 512 (order: 2, 16384 bytes)
[STDOUT  ] 2019-03-08T17:31:28.295038097Z: [    5.784746] UDP-Lite hash table entries: 512 (order: 2, 16384 bytes)
[STDOUT  ] 2019-03-08T17:31:28.298694249Z: [    5.788546] NET: Registered protocol family 1
[STDOUT  ] 2019-03-08T17:31:28.299552073Z: [    5.789421] NET: Registered protocol family 44
[STDOUT  ] 2019-03-08T17:31:28.300733042Z: [    5.790354] pci 0000:00:01.0: Video device with shadowed ROM at [mem 0x000c0000-0x000dffff]
[STDOUT  ] 2019-03-08T17:31:28.315039251Z: [    5.804718] Trying to unpack rootfs image as initramfs...
[STDOUT  ] 2019-03-08T17:31:37.744149643Z: [   15.233887] Freeing initrd memory: 42088K
[STDOUT  ] 2019-03-08T17:31:37.779122084Z: [   15.268795] PCLMULQDQ-NI instructions are not detected.
[STDOUT  ] 2019-03-08T17:31:37.781196883Z: [   15.270914] AVX or AES-NI instructions are not detected.
[STDOUT  ] 2019-03-08T17:31:37.781915879Z: [   15.271687] CPU feature 'AVX registers' is not supported.
[STDOUT  ] 2019-03-08T17:31:37.782640865Z: [   15.272327] CPU feature 'AVX registers' is not supported.
[STDOUT  ] 2019-03-08T17:31:37.783547598Z: [   15.273129] CPU feature 'AVX registers' is not supported.
[STDOUT  ] 2019-03-08T17:31:37.784164667Z: [   15.273825] CPU feature 'AVX registers' is not supported.
[STDOUT  ] 2019-03-08T17:31:37.784879786Z: [   15.274647] AVX2 or AES-NI instructions are not detected.
[STDOUT  ] 2019-03-08T17:31:37.785513798Z: [   15.275320] AVX2 instructions are not detected.
[STDOUT  ] 2019-03-08T17:31:37.801680263Z: [   15.291248] workingset: timestamp_bits=46 max_order=18 bucket_order=0
[STDOUT  ] 2019-03-08T17:31:37.811510882Z: [   15.301028] squashfs: version 4.0 (2009/01/31) Phillip Lougher
[STDOUT  ] 2019-03-08T17:31:37.816035708Z: [   15.305620] FS-Cache: Netfs 'cifs' registered for caching
[STDOUT  ] 2019-03-08T17:31:37.817721930Z: [   15.307469] fuse init (API version 7.27)
[STDOUT  ] 2019-03-08T17:31:37.821396684Z: [   15.310887] SGI XFS with ACLs, security attributes, no debug enabled
[STDOUT  ] 2019-03-08T17:31:37.827996274Z: [   15.317554] 9p: Installing v9fs 9p2000 file system support
[STDOUT  ] 2019-03-08T17:31:37.828797917Z: [   15.318491] FS-Cache: Netfs '9p' registered for caching
[STDOUT  ] 2019-03-08T17:31:37.829791157Z: [   15.319566] pstore: using deflate compression
[STDOUT  ] 2019-03-08T17:31:37.904162381Z: [   15.393864] NET: Registered protocol family 38
[STDOUT  ] 2019-03-08T17:31:37.905152094Z: [   15.394940] Key type asymmetric registered
[STDOUT  ] 2019-03-08T17:31:37.905762205Z: [   15.395587] Asymmetric key parser 'x509' registered
[STDOUT  ] 2019-03-08T17:31:37.907092730Z: [   15.396669] Block layer SCSI generic (bsg) driver version 0.4 loaded (major 247)
[STDOUT  ] 2019-03-08T17:31:37.909529315Z: [   15.399379] io scheduler noop registered
[STDOUT  ] 2019-03-08T17:31:37.910008885Z: [   15.399767] io scheduler deadline registered (default)
[STDOUT  ] 2019-03-08T17:31:37.911656154Z: [   15.401513] io scheduler cfq registered
[STDOUT  ] 2019-03-08T17:31:37.912144163Z: [   15.401892] io scheduler mq-deadline registered (default)
[STDOUT  ] 2019-03-08T17:31:37.912639174Z: [   15.402524] io scheduler kyber registered
[STDOUT  ] 2019-03-08T17:31:37.916602588Z: [   15.406292] shpchp: Standard Hot Plug PCI Controller Driver version: 0.4
[STDOUT  ] 2019-03-08T17:31:37.917518587Z: [   15.407297] hv_vmbus: registering driver hyperv_fb
[STDOUT  ] 2019-03-08T17:31:37.922185741Z: [   15.411746] input: Power Button as /devices/LNXSYSTM:00/LNXPWRBN:00/input/input0
[STDOUT  ] 2019-03-08T17:31:37.925878693Z: [   15.415754] ACPI: Power Button [PWRF]
[STDOUT  ] 2019-03-08T17:31:37.949610793Z: [   15.439341] PCI Interrupt Link [GSIG] enabled at IRQ 22
[STDOUT  ] 2019-03-08T17:31:37.965993180Z: [   15.455678] PCI Interrupt Link [GSIH] enabled at IRQ 23
[STDOUT  ] 2019-03-08T17:31:37.974435676Z: [   15.463622] Serial: 8250/16550 driver, 4 ports, IRQ sharing disabled
[STDOUT  ] 2019-03-08T17:31:38.000199914Z: [   15.489724] 00:04: ttyS0 at I/O 0x3f8 (irq = 4, base_baud = 115200) is a 16550A
[STDOUT  ] 2019-03-08T17:31:38.012684004Z: [   15.502507] Non-volatile memory driver v1.3
[STDOUT  ] 2019-03-08T17:31:38.023096200Z: [   15.512545] Hangcheck: starting hangcheck timer 0.9.1 (tick is 180 seconds, margin is 60 seconds).
[STDOUT  ] 2019-03-08T17:31:38.032776176Z: [   15.522640] random: crng init done
[STDOUT  ] 2019-03-08T17:31:38.129005538Z: [   15.618780] brd: module loaded
[STDOUT  ] 2019-03-08T17:31:38.171548984Z: [   15.661425] loop: module loaded
[STDOUT  ] 2019-03-08T17:31:38.259035107Z: [   15.748638] lpc_ich 0000:00:1f.0: I/O space for GPIO uninitialized
[STDOUT  ] 2019-03-08T17:31:38.261836161Z: [   15.751639] VMware PVSCSI driver - version 1.0.7.0-k
[STDOUT  ] 2019-03-08T17:31:38.262708255Z: [   15.752537] hv_vmbus: registering driver hv_storvsc
[STDOUT  ] 2019-03-08T17:31:38.279911533Z: [   15.769659] PCI Interrupt Link [GSIA] enabled at IRQ 16
[STDOUT  ] 2019-03-08T17:31:38.289392463Z: [   15.778910] ahci 0000:00:1f.2: AHCI 0001.0000 32 slots 6 ports 1.5 Gbps 0x3f impl SATA mode
[STDOUT  ] 2019-03-08T17:31:38.290054634Z: [   15.779855] ahci 0000:00:1f.2: flags: 64bit ncq only 
[STDOUT  ] 2019-03-08T17:31:38.315155997Z: [   15.804811] scsi host0: ahci
[STDOUT  ] 2019-03-08T17:31:38.321098635Z: [   15.810878] scsi host1: ahci
[STDOUT  ] 2019-03-08T17:31:38.324020455Z: [   15.813823] scsi host2: ahci
[STDOUT  ] 2019-03-08T17:31:38.326794595Z: [   15.816669] scsi host3: ahci
[STDOUT  ] 2019-03-08T17:31:38.329546062Z: [   15.819428] scsi host4: ahci
[STDOUT  ] 2019-03-08T17:31:38.332404317Z: [   15.822282] scsi host5: ahci
[STDOUT  ] 2019-03-08T17:31:38.334629703Z: [   15.824021] ata1: SATA max UDMA/133 abar m4096@0xfebd2000 port 0xfebd2100 irq 24
[STDOUT  ] 2019-03-08T17:31:38.335724735Z: [   15.825243] ata2: SATA max UDMA/133 abar m4096@0xfebd2000 port 0xfebd2180 irq 24
[STDOUT  ] 2019-03-08T17:31:38.336421241Z: [   15.825930] ata3: SATA max UDMA/133 abar m4096@0xfebd2000 port 0xfebd2200 irq 24
[STDOUT  ] 2019-03-08T17:31:38.337261476Z: [   15.826764] ata4: SATA max UDMA/133 abar m4096@0xfebd2000 port 0xfebd2280 irq 24
[STDOUT  ] 2019-03-08T17:31:38.338070426Z: [   15.827587] ata5: SATA max UDMA/133 abar m4096@0xfebd2000 port 0xfebd2300 irq 24
[STDOUT  ] 2019-03-08T17:31:38.338923050Z: [   15.828411] ata6: SATA max UDMA/133 abar m4096@0xfebd2000 port 0xfebd2380 irq 24
[STDOUT  ] 2019-03-08T17:31:38.357746914Z: [   15.847382] tun: Universal TUN/TAP device driver, 1.6
[STDOUT  ] 2019-03-08T17:31:38.376016765Z: [   15.865641] VMware vmxnet3 virtual NIC driver - version 1.4.16.0-k-NAPI
[STDOUT  ] 2019-03-08T17:31:38.377032647Z: [   15.866817] hv_vmbus: registering driver hv_netvsc
[STDOUT  ] 2019-03-08T17:31:38.377531912Z: [   15.867422] Fusion MPT base driver 3.04.20
[STDOUT  ] 2019-03-08T17:31:38.377852919Z: [   15.867729] Copyright (c) 1999-2008 LSI Corporation
[STDOUT  ] 2019-03-08T17:31:38.378621778Z: [   15.868476] Fusion MPT SPI Host driver 3.04.20
[STDOUT  ] 2019-03-08T17:31:38.381655647Z: [   15.871282] i8042: PNP: PS/2 Controller [PNP0303:KBD,PNP0f13:MOU] at 0x60,0x64 irq 1,12
[STDOUT  ] 2019-03-08T17:31:38.387031614Z: [   15.876796] serio: i8042 KBD port at 0x60,0x64 irq 1
[STDOUT  ] 2019-03-08T17:31:38.387873707Z: [   15.877704] serio: i8042 AUX port at 0x60,0x64 irq 12
[STDOUT  ] 2019-03-08T17:31:38.391454832Z: [   15.881078] hv_vmbus: registering driver hyperv_keyboard
[STDOUT  ] 2019-03-08T17:31:38.394221164Z: [   15.883948] mousedev: PS/2 mouse device common for all mice
[STDOUT  ] 2019-03-08T17:31:38.401880060Z: [   15.891570] input: PC Speaker as /devices/platform/pcspkr/input/input2
[STDOUT  ] 2019-03-08T17:31:38.403399098Z: [   15.892915] input: AT Translated Set 2 keyboard as /devices/platform/i8042/serio0/input/input1
[STDOUT  ] 2019-03-08T17:31:38.409313849Z: [   15.898988] rtc_cmos 00:00: RTC can wake from S4
[STDOUT  ] 2019-03-08T17:31:38.415732842Z: [   15.905555] rtc_cmos 00:00: registered as rtc0
[STDOUT  ] 2019-03-08T17:31:38.417571365Z: [   15.907075] rtc_cmos 00:00: alarms up to one day, y3k, 114 bytes nvram, hpet irqs
[STDOUT  ] 2019-03-08T17:31:38.418364286Z: [   15.908055] i2c /dev entries driver
[STDOUT  ] 2019-03-08T17:31:38.421346135Z: [   15.910889] device-mapper: ioctl: 4.39.0-ioctl (2018-04-03) initialised: dm-devel@redhat.com
[STDOUT  ] 2019-03-08T17:31:38.428231535Z: [   15.917912] usbcore: registered new interface driver usbhid
[STDOUT  ] 2019-03-08T17:31:38.428799593Z: [   15.918703] usbhid: USB HID core driver
[STDOUT  ] 2019-03-08T17:31:38.429822459Z: [   15.919639] hv_utils: Registering HyperV Utility Driver
[STDOUT  ] 2019-03-08T17:31:38.430201881Z: [   15.920028] hv_vmbus: registering driver hv_util
[STDOUT  ] 2019-03-08T17:31:38.430769511Z: [   15.920620] hv_vmbus: registering driver hv_balloon
[STDOUT  ] 2019-03-08T17:31:38.431478315Z: [   15.921351] oprofile: using NMI interrupt.
[STDOUT  ] 2019-03-08T17:31:38.433384091Z: [   15.923281] GACT probability on
[STDOUT  ] 2019-03-08T17:31:38.433815644Z: [   15.923730] Mirror/redirect action on
[STDOUT  ] 2019-03-08T17:31:38.434761625Z: [   15.924686] Simple TC action Loaded
[STDOUT  ] 2019-03-08T17:31:38.435540647Z: [   15.925500] u32 classifier
[STDOUT  ] 2019-03-08T17:31:38.435802822Z: [   15.925731]     Performance counters on
[STDOUT  ] 2019-03-08T17:31:38.436088510Z: [   15.925988]     input device check on
[STDOUT  ] 2019-03-08T17:31:38.436538075Z: [   15.926458]     Actions configured
[STDOUT  ] 2019-03-08T17:31:38.452130911Z: [   15.941885] xt_time: kernel timezone is -0000
[STDOUT  ] 2019-03-08T17:31:38.453714845Z: [   15.943449] IPVS: Registered protocols (TCP, UDP, SCTP, AH, ESP)
[STDOUT  ] 2019-03-08T17:31:38.454908880Z: [   15.944559] IPVS: Connection hash table configured (size=4096, memory=64Kbytes)
[STDOUT  ] 2019-03-08T17:31:38.461488136Z: [   15.951354] IPVS: ipvs loaded.
[STDOUT  ] 2019-03-08T17:31:38.462028740Z: [   15.951868] IPVS: [rr] scheduler registered.
[STDOUT  ] 2019-03-08T17:31:38.462684128Z: [   15.952550] IPVS: [wrr] scheduler registered.
[STDOUT  ] 2019-03-08T17:31:38.463015821Z: [   15.952879] IPVS: [lc] scheduler registered.
[STDOUT  ] 2019-03-08T17:31:38.463550888Z: [   15.953431] IPVS: [wlc] scheduler registered.
[STDOUT  ] 2019-03-08T17:31:38.463849391Z: [   15.953752] IPVS: [fo] scheduler registered.
[STDOUT  ] 2019-03-08T17:31:38.464321440Z: [   15.954069] IPVS: [ovf] scheduler registered.
[STDOUT  ] 2019-03-08T17:31:38.464820619Z: [   15.954701] IPVS: [lblc] scheduler registered.
[STDOUT  ] 2019-03-08T17:31:38.465448948Z: [   15.955304] IPVS: [lblcr] scheduler registered.
[STDOUT  ] 2019-03-08T17:31:38.465750180Z: [   15.955658] IPVS: [dh] scheduler registered.
[STDOUT  ] 2019-03-08T17:31:38.466087827Z: [   15.955945] IPVS: [sh] scheduler registered.
[STDOUT  ] 2019-03-08T17:31:38.466675242Z: [   15.956414] IPVS: [mh] scheduler registered.
[STDOUT  ] 2019-03-08T17:31:38.467148630Z: [   15.956884] IPVS: [sed] scheduler registered.
[STDOUT  ] 2019-03-08T17:31:38.467720083Z: [   15.957497] IPVS: [nq] scheduler registered.
[STDOUT  ] 2019-03-08T17:31:38.468878099Z: [   15.958600] IPVS: ftp: loaded support on port[0] = 21
[STDOUT  ] 2019-03-08T17:31:38.470316410Z: [   15.959907] ipip: IPv4 and MPLS over IPv4 tunneling driver
[STDOUT  ] 2019-03-08T17:31:38.476647779Z: [   15.966096] gre: GRE over IPv4 demultiplexor driver
[STDOUT  ] 2019-03-08T17:31:38.485174845Z: [   15.974646] ipt_CLUSTERIP: ClusterIP Version 0.8 loaded successfully
[STDOUT  ] 2019-03-08T17:31:38.489194521Z: [   15.978860] NET: Registered protocol family 10
[STDOUT  ] 2019-03-08T17:31:38.502486838Z: [   15.992071] Segment Routing with IPv6
[STDOUT  ] 2019-03-08T17:31:38.515005400Z: [   16.004671] NET: Registered protocol family 17
[STDOUT  ] 2019-03-08T17:31:38.516727837Z: [   16.006502] Bridge firewalling registered
[STDOUT  ] 2019-03-08T17:31:38.519985851Z: [   16.009719] 8021q: 802.1Q VLAN Support v1.8
[STDOUT  ] 2019-03-08T17:31:38.522181288Z: [   16.011921] 9pnet: Installing 9P2000 support
[STDOUT  ] 2019-03-08T17:31:38.524724957Z: [   16.014492] Key type dns_resolver registered
[STDOUT  ] 2019-03-08T17:31:38.527229741Z: [   16.016620] sched_clock: Marking stable (15956090345, 60047929)->(16282430681, -266292407)
[STDOUT  ] 2019-03-08T17:31:38.532028088Z: [   16.021752] registered taskstats version 1
[STDOUT  ] 2019-03-08T17:31:38.577021386Z: [   16.065575] hrtimer: interrupt took 6634776 ns
[STDOUT  ] 2019-03-08T17:31:38.654161107Z: [   16.143720] ata2: SATA link down (SStatus 0 SControl 300)
[STDOUT  ] 2019-03-08T17:31:38.657298808Z: [   16.146840] ata1: SATA link up 1.5 Gbps (SStatus 113 SControl 300)
[STDOUT  ] 2019-03-08T17:31:38.660539691Z: [   16.150190] ata6: SATA link down (SStatus 0 SControl 300)
[STDOUT  ] 2019-03-08T17:31:38.661347567Z: [   16.150974] ata5: SATA link down (SStatus 0 SControl 300)
[STDOUT  ] 2019-03-08T17:31:38.662188559Z: [   16.151835] ata4: SATA link down (SStatus 0 SControl 300)
[STDOUT  ] 2019-03-08T17:31:38.663168114Z: [   16.152743] ata3: SATA link up 1.5 Gbps (SStatus 113 SControl 300)
[STDOUT  ] 2019-03-08T17:31:38.666628781Z: [   16.156088] ata3.00: ATAPI: QEMU DVD-ROM, 2.5+, max UDMA/100
[STDOUT  ] 2019-03-08T17:31:38.667229979Z: [   16.156969] ata3.00: applying bridge limits
[STDOUT  ] 2019-03-08T17:31:38.671448113Z: [   16.160987] ata1.00: ATA-7: QEMU HARDDISK, 2.5+, max UDMA/100
[STDOUT  ] 2019-03-08T17:31:38.672343323Z: [   16.161905] ata1.00: 524288 sectors, multi 16: LBA48 NCQ (depth 32)
[STDOUT  ] 2019-03-08T17:31:38.673076385Z: [   16.162818] ata1.00: applying bridge limits
[STDOUT  ] 2019-03-08T17:31:38.675866567Z: [   16.165636] ata3.00: configured for UDMA/100
[STDOUT  ] 2019-03-08T17:31:38.680121443Z: [   16.169849] ata1.00: configured for UDMA/100
[STDOUT  ] 2019-03-08T17:31:38.707478156Z: [   16.196784] scsi 0:0:0:0: Direct-Access     ATA      QEMU HARDDISK    2.5+ PQ: 0 ANSI: 5
[STDOUT  ] 2019-03-08T17:31:38.731101765Z: [   16.220687] sd 0:0:0:0: Attached scsi generic sg0 type 0
[STDOUT  ] 2019-03-08T17:31:38.733135576Z: [   16.222609] sd 0:0:0:0: [sda] 524288 512-byte logical blocks: (268 MB/256 MiB)
[STDOUT  ] 2019-03-08T17:31:38.743553040Z: [   16.232883] scsi 2:0:0:0: CD-ROM            QEMU     QEMU DVD-ROM     2.5+ PQ: 0 ANSI: 5
[STDOUT  ] 2019-03-08T17:31:38.744665857Z: [   16.234392] sd 0:0:0:0: [sda] Write Protect is off
[STDOUT  ] 2019-03-08T17:31:38.754382292Z: [   16.243590] sd 0:0:0:0: [sda] Write cache: enabled, read cache: enabled, doesn't support DPO or FUA
[STDOUT  ] 2019-03-08T17:31:38.759119318Z: [   16.248634] tsc: Refined TSC clocksource calibration: 2599.761 MHz
[STDOUT  ] 2019-03-08T17:31:38.760474018Z: [   16.249714] clocksource: tsc: mask: 0xffffffffffffffff max_cycles: 0x25795a3d23f, max_idle_ns: 440795283713 ns
[STDOUT  ] 2019-03-08T17:31:38.761446968Z: [   16.251053] clocksource: Switched to clocksource tsc
[STDOUT  ] 2019-03-08T17:31:38.784820210Z: [   16.274313] sr 2:0:0:0: [sr0] scsi3-mmc drive: 4x/4x cd/rw xa/form2 tray
[STDOUT  ] 2019-03-08T17:31:38.785734280Z: [   16.275420] cdrom: Uniform CD-ROM driver Revision: 3.20
[STDOUT  ] 2019-03-08T17:31:38.807856942Z: [   16.297562] sr 2:0:0:0: Attached scsi generic sg1 type 5
[STDOUT  ] 2019-03-08T17:31:38.820410953Z: [   16.310024] sd 0:0:0:0: [sda] Attached SCSI disk
[STDOUT  ] 2019-03-08T17:31:39.005458981Z: [   16.495075] Key type big_key registered
[STDOUT  ] 2019-03-08T17:31:39.137401171Z: [   16.626813] Key type trusted registered
[STDOUT  ] 2019-03-08T17:31:39.276255965Z: [   16.765997] Key type encrypted registered
[STDOUT  ] 2019-03-08T17:31:39.277929031Z: [   16.767641] ima: No TPM chip found, activating TPM-bypass!
[STDOUT  ] 2019-03-08T17:31:39.279115220Z: [   16.768868] ima: Allocated hash algorithm: sha256
[STDOUT  ] 2019-03-08T17:31:39.283878018Z: [   16.773656] evm: Initialising EVM extended attributes:
[STDOUT  ] 2019-03-08T17:31:39.287058036Z: [   16.776269] evm: security.ima
[STDOUT  ] 2019-03-08T17:31:39.287526194Z: [   16.777436] evm: security.capability
[STDOUT  ] 2019-03-08T17:31:39.287795318Z: [   16.777754] evm: HMAC attrs: 0x1
[STDOUT  ] 2019-03-08T17:31:39.300989740Z: [   16.790471] rtc_cmos 00:00: setting system clock to 2019-03-08 17:31:38 UTC (1552066298)
[STDOUT  ] 2019-03-08T17:31:39.515433970Z: [   17.005052] Freeing unused kernel image memory: 1584K
[STDOUT  ] 2019-03-08T17:31:39.518159394Z: [   17.007848] Write protecting the kernel read-only data: 18432k
[STDOUT  ] 2019-03-08T17:31:39.539651683Z: [   17.029366] Freeing unused kernel image memory: 2028K
[STDOUT  ] 2019-03-08T17:31:39.547431334Z: [   17.037055] Freeing unused kernel image memory: 1040K
[STDOUT  ] 2019-03-08T17:31:39.548674946Z: [   17.038536] Run /init as init process
[STDOUT  ] 2019-03-08T17:32:30.657127877Z: 
[STDOUT  ] 2019-03-08T17:32:30.657746431Z: Welcome to LinuxKit
[STDOUT  ] 2019-03-08T17:32:30.658035299Z: 
[STDOUT  ] 2019-03-08T17:32:30.658515228Z:                         ##         .
[STDOUT  ] 2019-03-08T17:32:30.658812792Z:                   ## ## ##        ==
[STDOUT  ] 2019-03-08T17:32:30.659353916Z:                ## ## ## ## ##    ===
[STDOUT  ] 2019-03-08T17:32:30.659671284Z:            /"""""""""""""""""\___/ ===
[STDOUT  ] 2019-03-08T17:32:30.660201752Z:           {                       /  ===-
[STDOUT  ] 2019-03-08T17:32:30.660545450Z:            \______ O           __/
[STDOUT  ] 2019-03-08T17:32:30.660834644Z:              \    \         __/
[STDOUT  ] 2019-03-08T17:32:30.661293529Z:               \____\_______/
[STDOUT  ] 2019-03-08T17:32:30.661348410Z: 
[STDOUT  ] 2019-03-08T17:32:32.505200479Z: [   69.994864] IPVS: ftp: loaded support on port[0] = 21
[STDOUT  ] 2019-03-08T17:32:35.670441452Z: [   73.160099]  sda:
[STDOUT  ] 2019-03-08T17:32:35.796996323Z: [   73.286824]  sda:
[STDOUT  ] 2019-03-08T17:32:36.192845860Z: [   73.682661]  sda: sda1
[STDOUT  ] 2019-03-08T17:32:36.362272338Z: [   73.852025]  sda: sda1
[STDOUT  ] 2019-03-08T17:32:39.364373401Z: 2019/03/08 17:32:34 Creating partition on /dev/sda
[STDOUT  ] 2019-03-08T17:32:39.364862464Z: 2019/03/08 17:32:37 Partition /dev/sda1 successfully created!
[STDOUT  ] 2019-03-08T17:32:40.541937439Z: [   78.031617] IPVS: ftp: loaded support on port[0] = 21
[STDOUT  ] 2019-03-08T17:32:43.821741537Z: [   81.310936] EXT4-fs (sda1): mounted filesystem with ordered data mode. Opts: (null)
[STDOUT  ] 2019-03-08T17:33:04.371130642Z: [  101.860589] sd 0:0:0:0: [sda] Synchronizing SCSI cache
[STDOUT  ] 2019-03-08T17:33:04.372952482Z: [  101.862608] sd 0:0:0:0: [sda] Stopping disk
[STDOUT  ] 2019-03-08T17:33:04.377313149Z: [  101.866772] ACPI: Preparing to enter system sleep state S5
[STDOUT  ] 2019-03-08T17:33:04.379045352Z: [  101.868784] reboot: Power down
[STDERR  ] 2019-03-08T17:33:04.402558090Z: + [ -f disk.img ]
[STDERR  ] 2019-03-08T17:33:04.402689462Z: + dd if=/dev/zero bs=1048576 count=256
[STDERR  ] 2019-03-08T17:33:04.666878156Z: 256+0 records in
[STDERR  ] 2019-03-08T17:33:04.666987979Z: 256+0 records out
[STDERR  ] 2019-03-08T17:33:04.667253058Z: + linuxkit build -format kernel+initrd -name extend-ext4 test.yml
[STDERR  ] 2019-03-08T17:33:04.721133736Z: Extract kernel image: linuxkit/kernel:4.19.27
[STDERR  ] 2019-03-08T17:33:09.547574269Z: Add init containers:
[STDERR  ] 2019-03-08T17:33:09.547704508Z: Process init image: linuxkit/init:005807f5c6a74e23f485a6d1657818bdccb70cd0
[STDERR  ] 2019-03-08T17:33:11.275342216Z: Process init image: linuxkit/runc:606971451ea29b4238029804ca638f9f85caf5af
[STDERR  ] 2019-03-08T17:33:12.890123710Z: Add onboot containers:
[STDERR  ] 2019-03-08T17:33:12.890268813Z:   Create OCI config for linuxkit/extend:4af9cb8282eabb1df184a0c4f74e0d651f16bf24
[STDERR  ] 2019-03-08T17:33:15.321690681Z:   Create OCI config for linuxkit/mount:019bc551972cf2d136b443d70b4bf94c54d0d1fe
[STDERR  ] 2019-03-08T17:33:16.974008990Z:   Create OCI config for alpine:3.9
[STDERR  ] 2019-03-08T17:33:18.555936849Z:   Create OCI config for linuxkit/poweroff:9f4e04f09bbb4a028f0a1f57d430e1ad3095ace1
[STDERR  ] 2019-03-08T17:33:20.091722391Z: Add files:
[STDERR  ] 2019-03-08T17:33:20.091822239Z:   check.sh
[STDERR  ] 2019-03-08T17:33:20.091865002Z: Create outputs:
[STDERR  ] 2019-03-08T17:33:30.572241481Z:   extend-ext4-kernel extend-ext4-initrd.img extend-ext4-cmdline
[STDERR  ] 2019-03-08T17:33:30.704440436Z: + linuxkit run -disk file=disk.img extend-ext4
[STDERR  ] 2019-03-08T17:33:30.754971704Z: Using existing disk [disk.img] format 
[STDERR  ] 2019-03-08T17:33:30.781470178Z: WARNING: Image format was not specified for 'disk.img' and probing guessed raw.
[STDERR  ] 2019-03-08T17:33:30.781611414Z:          Automatically detecting the format is dangerous for raw images, write operations on block 0 will be restricted.
[STDERR  ] 2019-03-08T17:33:30.781667555Z:          Specify the 'raw' format explicitly to remove the restrictions.
[STDERR  ] 2019-03-08T17:35:25.888591287Z: + RESULT=[    0.000000] Linux version 4.19.27-linuxkit (root@e17f1c07824a) (gcc version 8.2.0 (Alpine 8.2.0)) #1 SMP Thu Mar 7 23:23:13 UTC 2019
[STDERR  ] 2019-03-08T17:35:25.888789948Z: [    0.000000] Command line: console=ttyS0 console=ttyAMA0
[STDERR  ] 2019-03-08T17:35:25.888824436Z: [    0.000000] x86/fpu: x87 FPU will use FXSAVE
[STDERR  ] 2019-03-08T17:35:25.888853368Z: [    0.000000] BIOS-provided physical RAM map:
[STDERR  ] 2019-03-08T17:35:25.888882850Z: [    0.000000] BIOS-e820: [mem 0x0000000000000000-0x000000000009fbff] usable
[STDERR  ] 2019-03-08T17:35:25.888910738Z: [    0.000000] BIOS-e820: [mem 0x000000000009fc00-0x000000000009ffff] reserved
[STDERR  ] 2019-03-08T17:35:25.888937087Z: [    0.000000] BIOS-e820: [mem 0x00000000000f0000-0x00000000000fffff] reserved
[STDERR  ] 2019-03-08T17:35:25.888963596Z: [    0.000000] BIOS-e820: [mem 0x0000000000100000-0x000000003ffdefff] usable
[STDERR  ] 2019-03-08T17:35:25.888989684Z: [    0.000000] BIOS-e820: [mem 0x000000003ffdf000-0x000000003fffffff] reserved
[STDERR  ] 2019-03-08T17:35:25.889015832Z: [    0.000000] BIOS-e820: [mem 0x00000000b0000000-0x00000000bfffffff] reserved
[STDERR  ] 2019-03-08T17:35:25.889042184Z: [    0.000000] BIOS-e820: [mem 0x00000000fed1c000-0x00000000fed1ffff] reserved
[STDERR  ] 2019-03-08T17:35:25.889096541Z: [    0.000000] BIOS-e820: [mem 0x00000000fffc0000-0x00000000ffffffff] reserved
[STDERR  ] 2019-03-08T17:35:25.889122999Z: [    0.000000] NX (Execute Disable) protection: active
[STDERR  ] 2019-03-08T17:35:25.889149071Z: [    0.000000] SMBIOS 2.8 present.
[STDERR  ] 2019-03-08T17:35:25.889174702Z: [    0.000000] DMI: QEMU Standard PC (Q35 + ICH9, 2009), BIOS rel-1.10.2-0-g5f4c7b1-prebuilt.qemu-project.org 04/01/2014
[STDERR  ] 2019-03-08T17:35:25.889276612Z: [    0.000000] tsc: Fast TSC calibration using PIT
[STDERR  ] 2019-03-08T17:35:25.889303022Z: [    0.000000] tsc: Detected 2599.757 MHz processor
[STDERR  ] 2019-03-08T17:35:25.889329093Z: [    0.086525] last_pfn = 0x3ffdf max_arch_pfn = 0x400000000
[STDERR  ] 2019-03-08T17:35:25.889355538Z: [    0.088130] x86/PAT: Configuration [0-7]: WB  WC  UC- UC  WB  WP  UC- WT  
[STDERR  ] 2019-03-08T17:35:25.889382625Z: [    0.145034] found SMP MP-table at [mem 0x000f6aa0-0x000f6aaf] mapped at [(____ptrval____)]
[STDERR  ] 2019-03-08T17:35:25.889415354Z: [    0.154089] RAMDISK: [mem 0x3c4d7000-0x3ffcffff]
[STDERR  ] 2019-03-08T17:35:25.889443509Z: [    0.154888] ACPI: Early table checksum verification disabled
[STDERR  ] 2019-03-08T17:35:25.889468819Z: [    0.157074] ACPI: RSDP 0x00000000000F68C0 000014 (v00 BOCHS )
[STDERR  ] 2019-03-08T17:35:25.889495388Z: [    0.157389] ACPI: RSDT 0x000000003FFE2404 000034 (v01 BOCHS  BXPCRSDT 00000001 BXPC 00000001)
[STDERR  ] 2019-03-08T17:35:25.889520783Z: [    0.158197] ACPI: FACP 0x000000003FFE22A4 000074 (v01 BOCHS  BXPCFACP 00000001 BXPC 00000001)
[STDERR  ] 2019-03-08T17:35:25.889545936Z: [    0.158945] ACPI: DSDT 0x000000003FFE0040 002264 (v01 BOCHS  BXPCDSDT 00000001 BXPC 00000001)
[STDERR  ] 2019-03-08T17:35:25.889571780Z: [    0.159086] ACPI: FACS 0x000000003FFE0000 000040
[STDERR  ] 2019-03-08T17:35:25.889596000Z: [    0.159206] ACPI: APIC 0x000000003FFE2318 000078 (v01 BOCHS  BXPCAPIC 00000001 BXPC 00000001)
[STDERR  ] 2019-03-08T17:35:25.889620597Z: [    0.159301] ACPI: HPET 0x000000003FFE2390 000038 (v01 BOCHS  BXPCHPET 00000001 BXPC 00000001)
[STDERR  ] 2019-03-08T17:35:25.889645152Z: [    0.159383] ACPI: MCFG 0x000000003FFE23C8 00003C (v01 BOCHS  BXPCMCFG 00000001 BXPC 00000001)
[STDERR  ] 2019-03-08T17:35:25.889671473Z: [    0.164886] Zone ranges:
[STDERR  ] 2019-03-08T17:35:25.889697070Z: [    0.165005]   DMA      [mem 0x0000000000001000-0x0000000000ffffff]
[STDERR  ] 2019-03-08T17:35:25.889740338Z: [    0.165086]   DMA32    [mem 0x0000000001000000-0x000000003ffdefff]
[STDERR  ] 2019-03-08T17:35:25.889771137Z: [    0.165127]   Normal   empty
[STDERR  ] 2019-03-08T17:35:25.889798260Z: [    0.165171]   Device   empty
[STDERR  ] 2019-03-08T17:35:25.889836117Z: [    0.165212] Movable zone start for each node
[STDERR  ] 2019-03-08T17:35:25.889865083Z: [    0.165282] Early memory node ranges
[STDERR  ] 2019-03-08T17:35:25.889899165Z: [    0.165338]   node   0: [mem 0x0000000000001000-0x000000000009efff]
[STDERR  ] 2019-03-08T17:35:25.889928131Z: [    0.165373]   node   0: [mem 0x0000000000100000-0x000000003ffdefff]
[STDERR  ] 2019-03-08T17:35:25.889964492Z: [    0.166553] Reserved but unavailable: 98 pages
[STDERR  ] 2019-03-08T17:35:25.890003590Z: [    0.166766] Initmem setup node 0 [mem 0x0000000000001000-0x000000003ffdefff]
[STDERR  ] 2019-03-08T17:35:25.890036850Z: [    0.232814] ACPI: PM-Timer IO Port: 0x608
[STDERR  ] 2019-03-08T17:35:25.890072022Z: [    0.233493] ACPI: LAPIC_NMI (acpi_id[0xff] dfl dfl lint[0x1])
[STDERR  ] 2019-03-08T17:35:25.890102832Z: [    0.234079] IOAPIC[0]: apic_id 0, version 32, address 0xfec00000, GSI 0-23
[STDERR  ] 2019-03-08T17:35:25.890140189Z: [    0.234258] ACPI: INT_SRC_OVR (bus 0 bus_irq 0 global_irq 2 dfl dfl)
[STDERR  ] 2019-03-08T17:35:25.890171460Z: [    0.234630] ACPI: INT_SRC_OVR (bus 0 bus_irq 5 global_irq 5 high level)
[STDERR  ] 2019-03-08T17:35:25.890226004Z: [    0.234694] ACPI: INT_SRC_OVR (bus 0 bus_irq 9 global_irq 9 high level)
[STDERR  ] 2019-03-08T17:35:25.890292366Z: [    0.234819] ACPI: INT_SRC_OVR (bus 0 bus_irq 10 global_irq 10 high level)
[STDERR  ] 2019-03-08T17:35:25.890340873Z: [    0.234851] ACPI: INT_SRC_OVR (bus 0 bus_irq 11 global_irq 11 high level)
[STDERR  ] 2019-03-08T17:35:25.890376039Z: [    0.235228] Using ACPI (MADT) for SMP configuration information
[STDERR  ] 2019-03-08T17:35:25.890406613Z: [    0.235322] ACPI: HPET id: 0x8086a201 base: 0xfed00000
[STDERR  ] 2019-03-08T17:35:25.890444159Z: [    0.235855] smpboot: Allowing 1 CPUs, 0 hotplug CPUs
[STDERR  ] 2019-03-08T17:35:25.890482331Z: [    0.236951] [mem 0x40000000-0xafffffff] available for PCI devices
[STDERR  ] 2019-03-08T17:35:25.890512326Z: [    0.237017] Booting paravirtualized kernel on bare hardware
[STDERR  ] 2019-03-08T17:35:25.890557920Z: [    0.237297] clocksource: refined-jiffies: mask: 0xffffffff max_cycles: 0xffffffff, max_idle_ns: 1910969940391419 ns
[STDERR  ] 2019-03-08T17:35:25.890588110Z: [    3.589860] random: get_random_bytes called from start_kernel+0x91/0x517 with crng_init=0
[STDERR  ] 2019-03-08T17:35:25.890617551Z: [    3.591002] setup_percpu: NR_CPUS:128 nr_cpumask_bits:128 nr_cpu_ids:1 nr_node_ids:1
[STDERR  ] 2019-03-08T17:35:25.890661732Z: [    3.599980] percpu: Embedded 45 pages/cpu @(____ptrval____) s145112 r8192 d31016 u2097152
[STDERR  ] 2019-03-08T17:35:25.890691467Z: [    3.603127] Built 1 zonelists, mobility grouping on.  Total pages: 257896
[STDERR  ] 2019-03-08T17:35:25.890721207Z: [    3.603409] Kernel command line: console=ttyS0 console=ttyAMA0
[STDERR  ] 2019-03-08T17:35:25.890747218Z: [    3.607935] Dentry cache hash table entries: 131072 (order: 8, 1048576 bytes)
[STDERR  ] 2019-03-08T17:35:25.890778213Z: [    3.609786] Inode-cache hash table entries: 65536 (order: 7, 524288 bytes)
[STDERR  ] 2019-03-08T17:35:25.890819585Z: [    3.675988] Memory: 941548K/1048052K available (12300K kernel code, 1573K rwdata, 3056K rodata, 1584K init, 2036K bss, 106504K reserved, 0K cma-reserved)
[STDERR  ] 2019-03-08T17:35:25.890860197Z: [    3.683731] ftrace: allocating 43040 entries in 169 pages
[STDERR  ] 2019-03-08T17:35:25.890885756Z: [    4.104576] rcu: Hierarchical RCU implementation.
[STDERR  ] 2019-03-08T17:35:25.890919218Z: [    4.104771] rcu: 	RCU restricting CPUs from NR_CPUS=128 to nr_cpu_ids=1.
[STDERR  ] 2019-03-08T17:35:25.890948290Z: [    4.104934] rcu: Adjusting geometry for rcu_fanout_leaf=16, nr_cpu_ids=1
[STDERR  ] 2019-03-08T17:35:25.890978001Z: [    4.159589] NR_IRQS: 8448, nr_irqs: 256, preallocated irqs: 16
[STDERR  ] 2019-03-08T17:35:25.891012641Z: [    4.173639] Console: colour VGA+ 80x25
[STDERR  ] 2019-03-08T17:35:25.891038562Z: [    4.213612] console [ttyS0] enabled
[STDERR  ] 2019-03-08T17:35:25.891063284Z: [    4.214387] ACPI: Core revision 20180810
[STDERR  ] 2019-03-08T17:35:25.891091355Z: [    4.222797] clocksource: hpet: mask: 0xffffffff max_cycles: 0xffffffff, max_idle_ns: 19112604467 ns
[STDERR  ] 2019-03-08T17:35:25.891119750Z: [    4.230044] APIC: Switch to symmetric I/O mode setup
[STDERR  ] 2019-03-08T17:35:25.891141516Z: [    4.237614] ..TIMER: vector=0x30 apic1=0 pin1=2 apic2=-1 pin2=-1
[STDERR  ] 2019-03-08T17:35:25.891169694Z: [    4.243267] clocksource: tsc-early: mask: 0xffffffffffffffff max_cycles: 0x25795677aef, max_idle_ns: 440795297541 ns
[STDERR  ] 2019-03-08T17:35:25.891219287Z: [    4.246097] Calibrating delay loop (skipped), value calculated using timer frequency.. 5199.51 BogoMIPS (lpj=2599757)
[STDERR  ] 2019-03-08T17:35:25.891242698Z: [    4.248239] pid_max: default: 32768 minimum: 301
[STDERR  ] 2019-03-08T17:35:25.891270812Z: [    4.253785] Security Framework initialized
[STDERR  ] 2019-03-08T17:35:25.891301661Z: [    4.254259] Yama: becoming mindful.
[STDERR  ] 2019-03-08T17:35:25.891325253Z: [    4.257322] Mount-cache hash table entries: 2048 (order: 2, 16384 bytes)
[STDERR  ] 2019-03-08T17:35:25.891358086Z: [    4.258231] Mountpoint-cache hash table entries: 2048 (order: 2, 16384 bytes)
[STDERR  ] 2019-03-08T17:35:25.891387525Z: [    4.282455] Last level iTLB entries: 4KB 0, 2MB 0, 4MB 0
[STDERR  ] 2019-03-08T17:35:25.891412484Z: [    4.282963] Last level dTLB entries: 4KB 0, 2MB 0, 4MB 0, 1GB 0
[STDERR  ] 2019-03-08T17:35:25.891448559Z: [    4.283290] Spectre V2 : Spectre mitigation: LFENCE not serializing, switching to generic retpoline
[STDERR  ] 2019-03-08T17:35:25.891473378Z: [    4.284162] Spectre V2 : Mitigation: Full generic retpoline
[STDERR  ] 2019-03-08T17:35:25.891504220Z: [    4.285145] Spectre V2 : Spectre v2 / SpectreRSB mitigation: Filling RSB on context switch
[STDERR  ] 2019-03-08T17:35:25.891531196Z: [    4.286124] Speculative Store Bypass: Vulnerable
[STDERR  ] 2019-03-08T17:35:25.891556093Z: [    4.486485] random: fast init done
[STDERR  ] 2019-03-08T17:35:25.891579960Z: [    4.647674] Freeing SMP alternatives memory: 20K
[STDERR  ] 2019-03-08T17:35:25.891607365Z: [    4.674097] smpboot: CPU0: AMD QEMU Virtual CPU version 2.5+ (family: 0x6, model: 0x6, stepping: 0x3)
[STDERR  ] 2019-03-08T17:35:25.891631440Z: [    4.684809] Performance Events: PMU not available due to virtualization, using software events only.
[STDERR  ] 2019-03-08T17:35:25.891655824Z: [    4.689381] rcu: Hierarchical SRCU implementation.
[STDERR  ] 2019-03-08T17:35:25.891684138Z: [    4.696920] NMI watchdog: Perf NMI watchdog permanently disabled
[STDERR  ] 2019-03-08T17:35:25.891708841Z: [    4.702733] smp: Bringing up secondary CPUs ...
[STDERR  ] 2019-03-08T17:35:25.891736993Z: [    4.703215] smp: Brought up 1 node, 1 CPU
[STDERR  ] 2019-03-08T17:35:25.891763367Z: [    4.704166] smpboot: Max logical packages: 1
[STDERR  ] 2019-03-08T17:35:25.891794729Z: [    4.704662] smpboot: Total of 1 processors activated (5199.51 BogoMIPS)
[STDERR  ] 2019-03-08T17:35:25.891820738Z: [    4.722529] devtmpfs: initialized
[STDERR  ] 2019-03-08T17:35:25.891846977Z: [    4.728437] x86/mm: Memory block size: 128MB
[STDERR  ] 2019-03-08T17:35:25.891872150Z: [    4.742222] clocksource: jiffies: mask: 0xffffffff max_cycles: 0xffffffff, max_idle_ns: 1911260446275000 ns
[STDERR  ] 2019-03-08T17:35:25.891897625Z: [    4.743354] futex hash table entries: 256 (order: 2, 16384 bytes)
[STDERR  ] 2019-03-08T17:35:25.891923077Z: [    4.761805] NET: Registered protocol family 16
[STDERR  ] 2019-03-08T17:35:25.891948308Z: [    4.767972] audit: initializing netlink subsys (disabled)
[STDERR  ] 2019-03-08T17:35:25.891973244Z: [    4.774688] audit: type=2000 audit(1552066415.541:1): state=initialized audit_enabled=0 res=1
[STDERR  ] 2019-03-08T17:35:25.891998198Z: [    4.779322] cpuidle: using governor ladder
[STDERR  ] 2019-03-08T17:35:25.892030751Z: [    4.779959] cpuidle: using governor menu
[STDERR  ] 2019-03-08T17:35:25.892055056Z: [    4.782400] ACPI: bus type PCI registered
[STDERR  ] 2019-03-08T17:35:25.892079978Z: [    4.784883] PCI: MMCONFIG for domain 0000 [bus 00-ff] at [mem 0xb0000000-0xbfffffff] (base 0xb0000000)
[STDERR  ] 2019-03-08T17:35:25.892106644Z: [    4.786332] PCI: MMCONFIG at [mem 0xb0000000-0xbfffffff] reserved in E820
[STDERR  ] 2019-03-08T17:35:25.892131609Z: [    4.789579] PCI: Using configuration type 1 for base access
[STDERR  ] 2019-03-08T17:35:25.892173039Z: [    4.863226] HugeTLB registered 2.00 MiB page size, pre-allocated 0 pages
[STDERR  ] 2019-03-08T17:35:25.892219241Z: [    4.870215] cryptd: max_cpu_qlen set to 1000
[STDERR  ] 2019-03-08T17:35:25.892245491Z: [    4.876387] ACPI: Added _OSI(Module Device)
[STDERR  ] 2019-03-08T17:35:25.892272296Z: [    4.876810] ACPI: Added _OSI(Processor Device)
[STDERR  ] 2019-03-08T17:35:25.892297399Z: [    4.877139] ACPI: Added _OSI(3.0 _SCP Extensions)
[STDERR  ] 2019-03-08T17:35:25.892321298Z: [    4.877514] ACPI: Added _OSI(Processor Aggregator Device)
[STDERR  ] 2019-03-08T17:35:25.892353441Z: [    4.878266] ACPI: Added _OSI(Linux-Dell-Video)
[STDERR  ] 2019-03-08T17:35:25.892379236Z: [    4.878637] ACPI: Added _OSI(Linux-Lenovo-NV-HDMI-Audio)
[STDERR  ] 2019-03-08T17:35:25.892409207Z: [    4.933505] ACPI: 1 ACPI AML tables successfully acquired and loaded
[STDERR  ] 2019-03-08T17:35:25.892437558Z: [    4.968529] ACPI: Interpreter enabled
[STDERR  ] 2019-03-08T17:35:25.892463993Z: [    4.969786] ACPI: (supports S0 S5)
[STDERR  ] 2019-03-08T17:35:25.892488565Z: [    4.970207] ACPI: Using IOAPIC for interrupt routing
[STDERR  ] 2019-03-08T17:35:25.892525858Z: [    4.973782] PCI: Using host bridge windows from ACPI; if necessary, use "pci=nocrs" and report a bug
[STDERR  ] 2019-03-08T17:35:25.892551170Z: [    4.979097] ACPI: Enabled 2 GPEs in block 00 to 3F
[STDERR  ] 2019-03-08T17:35:25.892576547Z: [    5.059355] ACPI: PCI Root Bridge [PCI0] (domain 0000 [bus 00-ff])
[STDERR  ] 2019-03-08T17:35:25.892605206Z: [    5.060579] acpi PNP0A08:00: _OSC: OS supports [ExtendedConfig ASPM ClockPM Segments MSI]
[STDERR  ] 2019-03-08T17:35:25.892630470Z: [    5.065556] acpi PNP0A08:00: _OSC: platform does not support [SHPCHotplug LTR]
[STDERR  ] 2019-03-08T17:35:25.892657201Z: [    5.069167] acpi PNP0A08:00: _OSC: OS now controls [PCIeHotplug PME PCIeCapability]
[STDERR  ] 2019-03-08T17:35:25.892684529Z: [    5.073873] PCI host bridge to bus 0000:00
[STDERR  ] 2019-03-08T17:35:25.892709613Z: [    5.074351] pci_bus 0000:00: root bus resource [io  0x0000-0x0cf7 window]
[STDERR  ] 2019-03-08T17:35:25.892738333Z: [    5.075167] pci_bus 0000:00: root bus resource [io  0x0d00-0xffff window]
[STDERR  ] 2019-03-08T17:35:25.892765469Z: [    5.076148] pci_bus 0000:00: root bus resource [mem 0x000a0000-0x000bffff window]
[STDERR  ] 2019-03-08T17:35:25.892790778Z: [    5.076777] pci_bus 0000:00: root bus resource [mem 0xc0000000-0xfebfffff window]
[STDERR  ] 2019-03-08T17:35:25.892824161Z: [    5.077263] pci_bus 0000:00: root bus resource [bus 00-ff]
[STDERR  ] 2019-03-08T17:35:25.892851907Z: [    5.140325] pci 0000:00:1f.0: quirk: [io  0x0600-0x067f] claimed by ICH6 ACPI/GPIO/TCO
[STDERR  ] 2019-03-08T17:35:25.892876720Z: [    5.191218] ACPI: PCI Interrupt Link [LNKA] (IRQs 5 *10 11)
[STDERR  ] 2019-03-08T17:35:25.892901292Z: [    5.194503] ACPI: PCI Interrupt Link [LNKB] (IRQs 5 *10 11)
[STDERR  ] 2019-03-08T17:35:25.892935072Z: [    5.196807] ACPI: PCI Interrupt Link [LNKC] (IRQs 5 10 *11)
[STDERR  ] 2019-03-08T17:35:25.892960064Z: [    5.199266] ACPI: PCI Interrupt Link [LNKD] (IRQs 5 10 *11)
[STDERR  ] 2019-03-08T17:35:25.892985297Z: [    5.201451] ACPI: PCI Interrupt Link [LNKE] (IRQs 5 *10 11)
[STDERR  ] 2019-03-08T17:35:25.893010853Z: [    5.203598] ACPI: PCI Interrupt Link [LNKF] (IRQs 5 *10 11)
[STDERR  ] 2019-03-08T17:35:25.893038381Z: [    5.205799] ACPI: PCI Interrupt Link [LNKG] (IRQs 5 10 *11)
[STDERR  ] 2019-03-08T17:35:25.893069036Z: [    5.208040] ACPI: PCI Interrupt Link [LNKH] (IRQs 5 10 *11)
[STDERR  ] 2019-03-08T17:35:25.893099904Z: [    5.209291] ACPI: PCI Interrupt Link [GSIA] (IRQs *16)
[STDERR  ] 2019-03-08T17:35:25.893125339Z: [    5.210258] ACPI: PCI Interrupt Link [GSIB] (IRQs *17)
[STDERR  ] 2019-03-08T17:35:25.893149940Z: [    5.211208] ACPI: PCI Interrupt Link [GSIC] (IRQs *18)
[STDERR  ] 2019-03-08T17:35:25.893175933Z: [    5.211998] ACPI: PCI Interrupt Link [GSID] (IRQs *19)
[STDERR  ] 2019-03-08T17:35:25.893215867Z: [    5.212482] ACPI: PCI Interrupt Link [GSIE] (IRQs *20)
[STDERR  ] 2019-03-08T17:35:25.893240864Z: [    5.213948] ACPI: PCI Interrupt Link [GSIF] (IRQs *21)
[STDERR  ] 2019-03-08T17:35:25.893266466Z: [    5.214854] ACPI: PCI Interrupt Link [GSIG] (IRQs *22)
[STDERR  ] 2019-03-08T17:35:25.893295295Z: [    5.215417] ACPI: PCI Interrupt Link [GSIH] (IRQs *23)
[STDERR  ] 2019-03-08T17:35:25.893319587Z: [    5.226323] SCSI subsystem initialized
[STDERR  ] 2019-03-08T17:35:25.893344092Z: [    5.229636] ACPI: bus type USB registered
[STDERR  ] 2019-03-08T17:35:25.893366047Z: [    5.231506] usbcore: registered new interface driver usbfs
[STDERR  ] 2019-03-08T17:35:25.893387870Z: [    5.232607] usbcore: registered new interface driver hub
[STDERR  ] 2019-03-08T17:35:25.893415370Z: [    5.233633] usbcore: registered new device driver usb
[STDERR  ] 2019-03-08T17:35:25.893443481Z: [    5.235485] pps_core: LinuxPPS API ver. 1 registered
[STDERR  ] 2019-03-08T17:35:25.893474315Z: [    5.235924] pps_core: Software ver. 5.3.6 - Copyright 2005-2007 Rodolfo Giometti <giometti@linux.it>
[STDERR  ] 2019-03-08T17:35:25.893510810Z: [    5.237138] PTP clock support registered
[STDERR  ] 2019-03-08T17:35:25.893551033Z: [    5.240250] PCI: Using ACPI for IRQ routing
[STDERR  ] 2019-03-08T17:35:25.893599940Z: [    5.263743] NetLabel: Initializing
[STDERR  ] 2019-03-08T17:35:25.893635598Z: [    5.264151] NetLabel:  domain hash size = 128
[STDERR  ] 2019-03-08T17:35:25.893670010Z: [    5.264516] NetLabel:  protocols = UNLABELED CIPSOv4 CALIPSO
[STDERR  ] 2019-03-08T17:35:25.893706747Z: [    5.267387] NetLabel:  unlabeled traffic allowed by default
[STDERR  ] 2019-03-08T17:35:25.893737183Z: [    5.268853] HPET: 3 timers in total, 0 timers will be used for per-cpu timer
[STDERR  ] 2019-03-08T17:35:25.893773234Z: [    5.269418] hpet0: at MMIO 0xfed00000, IRQs 2, 8, 0
[STDERR  ] 2019-03-08T17:35:25.893801918Z: [    5.270155] hpet0: 3 comparators, 64-bit 100.000000 MHz counter
[STDERR  ] 2019-03-08T17:35:25.893836503Z: [    5.275868] clocksource: Switched to clocksource tsc-early
[STDERR  ] 2019-03-08T17:35:25.893876929Z: [    5.753005] VFS: Disk quotas dquot_6.6.0
[STDERR  ] 2019-03-08T17:35:25.893912412Z: [    5.754499] VFS: Dquot-cache hash table entries: 512 (order 0, 4096 bytes)
[STDERR  ] 2019-03-08T17:35:25.893939197Z: [    5.759103] FS-Cache: Loaded
[STDERR  ] 2019-03-08T17:35:25.893962713Z: [    5.766723] CacheFiles: Loaded
[STDERR  ] 2019-03-08T17:35:25.893985558Z: [    5.768538] pnp: PnP ACPI init
[STDERR  ] 2019-03-08T17:35:25.894007155Z: [    5.784434] pnp: PnP ACPI: found 5 devices
[STDERR  ] 2019-03-08T17:35:25.894028540Z: [    5.838645] clocksource: acpi_pm: mask: 0xffffff max_cycles: 0xffffff, max_idle_ns: 2085701024 ns
[STDERR  ] 2019-03-08T17:35:25.894056051Z: [    5.842910] NET: Registered protocol family 2
[STDERR  ] 2019-03-08T17:35:25.894078638Z: [    5.855097] tcp_listen_portaddr_hash hash table entries: 512 (order: 1, 8192 bytes)
[STDERR  ] 2019-03-08T17:35:25.894099234Z: [    5.856914] TCP established hash table entries: 8192 (order: 4, 65536 bytes)
[STDERR  ] 2019-03-08T17:35:25.894121332Z: [    5.858008] TCP bind hash table entries: 8192 (order: 5, 131072 bytes)
[STDERR  ] 2019-03-08T17:35:25.894142733Z: [    5.859075] TCP: Hash tables configured (established 8192 bind 8192)
[STDERR  ] 2019-03-08T17:35:25.894163458Z: [    5.862139] UDP hash table entries: 512 (order: 2, 16384 bytes)
[STDERR  ] 2019-03-08T17:35:25.894189835Z: [    5.863381] UDP-Lite hash table entries: 512 (order: 2, 16384 bytes)
[STDERR  ] 2019-03-08T17:35:25.894227469Z: [    5.867497] NET: Registered protocol family 1
[STDERR  ] 2019-03-08T17:35:25.894270876Z: [    5.868457] NET: Registered protocol family 44
[STDERR  ] 2019-03-08T17:35:25.894298879Z: [    5.869559] pci 0000:00:01.0: Video device with shadowed ROM at [mem 0x000c0000-0x000dffff]
[STDERR  ] 2019-03-08T17:35:25.894323818Z: [    5.878594] Trying to unpack rootfs image as initramfs...
[STDERR  ] 2019-03-08T17:35:25.894345090Z: [   20.335883] Freeing initrd memory: 60388K
[STDERR  ] 2019-03-08T17:35:25.894367077Z: [   20.373561] PCLMULQDQ-NI instructions are not detected.
[STDERR  ] 2019-03-08T17:35:25.894389253Z: [   20.375528] AVX or AES-NI instructions are not detected.
[STDERR  ] 2019-03-08T17:35:25.894409748Z: [   20.376063] CPU feature 'AVX registers' is not supported.
[STDERR  ] 2019-03-08T17:35:25.894431129Z: [   20.376738] CPU feature 'AVX registers' is not supported.
[STDERR  ] 2019-03-08T17:35:25.894452092Z: [   20.377478] CPU feature 'AVX registers' is not supported.
[STDERR  ] 2019-03-08T17:35:25.894473126Z: [   20.378030] CPU feature 'AVX registers' is not supported.
[STDERR  ] 2019-03-08T17:35:25.894493643Z: [   20.378714] AVX2 or AES-NI instructions are not detected.
[STDERR  ] 2019-03-08T17:35:25.894514223Z: [   20.379403] AVX2 instructions are not detected.
[STDERR  ] 2019-03-08T17:35:25.894534541Z: [   20.394762] workingset: timestamp_bits=46 max_order=18 bucket_order=0
[STDERR  ] 2019-03-08T17:35:25.894555489Z: [   20.402976] squashfs: version 4.0 (2009/01/31) Phillip Lougher
[STDERR  ] 2019-03-08T17:35:25.894576278Z: [   20.406987] FS-Cache: Netfs 'cifs' registered for caching
[STDERR  ] 2019-03-08T17:35:25.894597020Z: [   20.408907] fuse init (API version 7.27)
[STDERR  ] 2019-03-08T17:35:25.894639258Z: [   20.412444] SGI XFS with ACLs, security attributes, no debug enabled
[STDERR  ] 2019-03-08T17:35:25.894672912Z: [   20.418582] 9p: Installing v9fs 9p2000 file system support
[STDERR  ] 2019-03-08T17:35:25.894701581Z: [   20.419335] FS-Cache: Netfs '9p' registered for caching
[STDERR  ] 2019-03-08T17:35:25.894731165Z: [   20.419970] pstore: using deflate compression
[STDERR  ] 2019-03-08T17:35:25.894766251Z: [   20.483539] NET: Registered protocol family 38
[STDERR  ] 2019-03-08T17:35:25.894796100Z: [   20.484611] Key type asymmetric registered
[STDERR  ] 2019-03-08T17:35:25.894827426Z: [   20.485092] Asymmetric key parser 'x509' registered
[STDERR  ] 2019-03-08T17:35:25.894856093Z: [   20.486584] Block layer SCSI generic (bsg) driver version 0.4 loaded (major 247)
[STDERR  ] 2019-03-08T17:35:25.894887265Z: [   20.489357] io scheduler noop registered
[STDERR  ] 2019-03-08T17:35:25.894921887Z: [   20.489762] io scheduler deadline registered (default)
[STDERR  ] 2019-03-08T17:35:25.894952456Z: [   20.490821] io scheduler cfq registered
[STDERR  ] 2019-03-08T17:35:25.894983451Z: [   20.491458] io scheduler mq-deadline registered (default)
[STDERR  ] 2019-03-08T17:35:25.895017184Z: [   20.491921] io scheduler kyber registered
[STDERR  ] 2019-03-08T17:35:25.895049795Z: [   20.495960] shpchp: Standard Hot Plug PCI Controller Driver version: 0.4
[STDERR  ] 2019-03-08T17:35:25.895079601Z: [   20.497173] hv_vmbus: registering driver hyperv_fb
[STDERR  ] 2019-03-08T17:35:25.895111448Z: [   20.501856] input: Power Button as /devices/LNXSYSTM:00/LNXPWRBN:00/input/input0
[STDERR  ] 2019-03-08T17:35:25.895144096Z: [   20.506126] ACPI: Power Button [PWRF]
[STDERR  ] 2019-03-08T17:35:25.895174041Z: [   20.530478] PCI Interrupt Link [GSIG] enabled at IRQ 22
[STDERR  ] 2019-03-08T17:35:25.895233089Z: [   20.547497] PCI Interrupt Link [GSIH] enabled at IRQ 23
[STDERR  ] 2019-03-08T17:35:25.895264088Z: [   20.556740] Serial: 8250/16550 driver, 4 ports, IRQ sharing disabled
[STDERR  ] 2019-03-08T17:35:25.895295156Z: [   20.582970] 00:04: ttyS0 at I/O 0x3f8 (irq = 4, base_baud = 115200) is a 16550A
[STDERR  ] 2019-03-08T17:35:25.895326055Z: [   20.599904] Non-volatile memory driver v1.3
[STDERR  ] 2019-03-08T17:35:25.895359634Z: [   20.612615] Hangcheck: starting hangcheck timer 0.9.1 (tick is 180 seconds, margin is 60 seconds).
[STDERR  ] 2019-03-08T17:35:25.895401346Z: [   20.620108] random: crng init done
[STDERR  ] 2019-03-08T17:35:25.895438545Z: [   20.715377] brd: module loaded
[STDERR  ] 2019-03-08T17:35:25.895470778Z: [   20.759777] loop: module loaded
[STDERR  ] 2019-03-08T17:35:25.895506012Z: [   20.846747] lpc_ich 0000:00:1f.0: I/O space for GPIO uninitialized
[STDERR  ] 2019-03-08T17:35:25.895537233Z: [   20.850038] VMware PVSCSI driver - version 1.0.7.0-k
[STDERR  ] 2019-03-08T17:35:25.895568090Z: [   20.851058] hv_vmbus: registering driver hv_storvsc
[STDERR  ] 2019-03-08T17:35:25.895601383Z: [   20.868773] PCI Interrupt Link [GSIA] enabled at IRQ 16
[STDERR  ] 2019-03-08T17:35:25.895632776Z: [   20.879187] ahci 0000:00:1f.2: AHCI 0001.0000 32 slots 6 ports 1.5 Gbps 0x3f impl SATA mode
[STDERR  ] 2019-03-08T17:35:25.895665695Z: [   20.880508] ahci 0000:00:1f.2: flags: 64bit ncq only 
[STDERR  ] 2019-03-08T17:35:25.895700449Z: [   20.901736] scsi host0: ahci
[STDERR  ] 2019-03-08T17:35:25.895729815Z: [   20.906767] scsi host1: ahci
[STDERR  ] 2019-03-08T17:35:25.895762732Z: [   20.909645] scsi host2: ahci
[STDERR  ] 2019-03-08T17:35:25.895797222Z: [   20.912585] scsi host3: ahci
[STDERR  ] 2019-03-08T17:35:25.895827378Z: [   20.915687] scsi host4: ahci
[STDERR  ] 2019-03-08T17:35:25.895859525Z: [   20.918463] scsi host5: ahci
[STDERR  ] 2019-03-08T17:35:25.895893037Z: [   20.920373] ata1: SATA max UDMA/133 abar m4096@0xfebd2000 port 0xfebd2100 irq 24
[STDERR  ] 2019-03-08T17:35:25.895924013Z: [   20.921426] ata2: SATA max UDMA/133 abar m4096@0xfebd2000 port 0xfebd2180 irq 24
[STDERR  ] 2019-03-08T17:35:25.895953645Z: [   20.922149] ata3: SATA max UDMA/133 abar m4096@0xfebd2000 port 0xfebd2200 irq 24
[STDERR  ] 2019-03-08T17:35:25.896003347Z: [   20.923082] ata4: SATA max UDMA/133 abar m4096@0xfebd2000 port 0xfebd2280 irq 24
[STDERR  ] 2019-03-08T17:35:25.896045456Z: [   20.923942] ata5: SATA max UDMA/133 abar m4096@0xfebd2000 port 0xfebd2300 irq 24
[STDERR  ] 2019-03-08T17:35:25.896078467Z: [   20.925145] ata6: SATA max UDMA/133 abar m4096@0xfebd2000 port 0xfebd2380 irq 24
[STDERR  ] 2019-03-08T17:35:25.896108661Z: [   20.943684] tun: Universal TUN/TAP device driver, 1.6
[STDERR  ] 2019-03-08T17:35:25.896144264Z: [   20.960156] VMware vmxnet3 virtual NIC driver - version 1.4.16.0-k-NAPI
[STDERR  ] 2019-03-08T17:35:25.896174559Z: [   20.961643] hv_vmbus: registering driver hv_netvsc
[STDERR  ] 2019-03-08T17:35:25.896223101Z: [   20.962327] Fusion MPT base driver 3.04.20
[STDERR  ] 2019-03-08T17:35:25.896252670Z: [   20.962742] Copyright (c) 1999-2008 LSI Corporation
[STDERR  ] 2019-03-08T17:35:25.896284597Z: [   20.963719] Fusion MPT SPI Host driver 3.04.20
[STDERR  ] 2019-03-08T17:35:25.896316929Z: [   20.966963] i8042: PNP: PS/2 Controller [PNP0303:KBD,PNP0f13:MOU] at 0x60,0x64 irq 1,12
[STDERR  ] 2019-03-08T17:35:25.896346861Z: [   20.973084] serio: i8042 KBD port at 0x60,0x64 irq 1
[STDERR  ] 2019-03-08T17:35:25.896378440Z: [   20.974459] serio: i8042 AUX port at 0x60,0x64 irq 12
[STDERR  ] 2019-03-08T17:35:25.896413645Z: [   20.978043] hv_vmbus: registering driver hyperv_keyboard
[STDERR  ] 2019-03-08T17:35:25.896443890Z: [   20.981503] mousedev: PS/2 mouse device common for all mice
[STDERR  ] 2019-03-08T17:35:25.896477052Z: [   20.988653] input: PC Speaker as /devices/platform/pcspkr/input/input2
[STDERR  ] 2019-03-08T17:35:25.896507680Z: [   20.991032] input: AT Translated Set 2 keyboard as /devices/platform/i8042/serio0/input/input1
[STDERR  ] 2019-03-08T17:35:25.896542417Z: [   20.996217] rtc_cmos 00:00: RTC can wake from S4
[STDERR  ] 2019-03-08T17:35:25.896573068Z: [   21.004432] rtc_cmos 00:00: registered as rtc0
[STDERR  ] 2019-03-08T17:35:25.896604869Z: [   21.006186] rtc_cmos 00:00: alarms up to one day, y3k, 114 bytes nvram, hpet irqs
[STDERR  ] 2019-03-08T17:35:25.896633963Z: [   21.007560] i2c /dev entries driver
[STDERR  ] 2019-03-08T17:35:25.896663879Z: [   21.010567] device-mapper: ioctl: 4.39.0-ioctl (2018-04-03) initialised: dm-devel@redhat.com
[STDERR  ] 2019-03-08T17:35:25.896694425Z: [   21.018822] usbcore: registered new interface driver usbhid
[STDERR  ] 2019-03-08T17:35:25.896736182Z: [   21.019628] usbhid: USB HID core driver
[STDERR  ] 2019-03-08T17:35:25.896768173Z: [   21.020690] hv_utils: Registering HyperV Utility Driver
[STDERR  ] 2019-03-08T17:35:25.896800515Z: [   21.021537] hv_vmbus: registering driver hv_util
[STDERR  ] 2019-03-08T17:35:25.896833688Z: [   21.022004] hv_vmbus: registering driver hv_balloon
[STDERR  ] 2019-03-08T17:35:25.896863544Z: [   21.022847] oprofile: using NMI interrupt.
[STDERR  ] 2019-03-08T17:35:25.896894865Z: [   21.024760] GACT probability on
[STDERR  ] 2019-03-08T17:35:25.896927181Z: [   21.025491] Mirror/redirect action on
[STDERR  ] 2019-03-08T17:35:25.896958612Z: [   21.026640] Simple TC action Loaded
[STDERR  ] 2019-03-08T17:35:25.896994801Z: [   21.027591] u32 classifier
[STDERR  ] 2019-03-08T17:35:25.897026281Z: [   21.027890]     Performance counters on
[STDERR  ] 2019-03-08T17:35:25.897066040Z: [   21.028428]     input device check on
[STDERR  ] 2019-03-08T17:35:25.897100366Z: [   21.028899]     Actions configured
[STDERR  ] 2019-03-08T17:35:25.897130191Z: [   21.043683] xt_time: kernel timezone is -0000
[STDERR  ] 2019-03-08T17:35:25.897160352Z: [   21.045193] IPVS: Registered protocols (TCP, UDP, SCTP, AH, ESP)
[STDERR  ] 2019-03-08T17:35:25.897210742Z: [   21.046578] IPVS: Connection hash table configured (size=4096, memory=64Kbytes)
[STDERR  ] 2019-03-08T17:35:25.897245630Z: [   21.052762] IPVS: ipvs loaded.
[STDERR  ] 2019-03-08T17:35:25.897277785Z: [   21.053710] IPVS: [rr] scheduler registered.
[STDERR  ] 2019-03-08T17:35:25.897308244Z: [   21.054510] IPVS: [wrr] scheduler registered.
[STDERR  ] 2019-03-08T17:35:25.897352159Z: [   21.054958] IPVS: [lc] scheduler registered.
[STDERR  ] 2019-03-08T17:35:25.897385820Z: [   21.055510] IPVS: [wlc] scheduler registered.
[STDERR  ] 2019-03-08T17:35:25.897417176Z: [   21.055988] IPVS: [fo] scheduler registered.
[STDERR  ] 2019-03-08T17:35:25.897446781Z: [   21.056543] IPVS: [ovf] scheduler registered.
[STDERR  ] 2019-03-08T17:35:25.897480147Z: [   21.057483] IPVS: [lblc] scheduler registered.
[STDERR  ] 2019-03-08T17:35:25.897511534Z: [   21.058053] IPVS: [lblcr] scheduler registered.
[STDERR  ] 2019-03-08T17:35:25.897542410Z: [   21.058690] IPVS: [dh] scheduler registered.
[STDERR  ] 2019-03-08T17:35:25.897576983Z: [   21.059120] IPVS: [sh] scheduler registered.
[STDERR  ] 2019-03-08T17:35:25.897607389Z: [   21.059702] IPVS: [mh] scheduler registered.
[STDERR  ] 2019-03-08T17:35:25.897642426Z: [   21.060132] IPVS: [sed] scheduler registered.
[STDERR  ] 2019-03-08T17:35:25.897673011Z: [   21.060725] IPVS: [nq] scheduler registered.
[STDERR  ] 2019-03-08T17:35:25.897703644Z: [   21.061876] IPVS: ftp: loaded support on port[0] = 21
[STDERR  ] 2019-03-08T17:35:25.897739969Z: [   21.063443] ipip: IPv4 and MPLS over IPv4 tunneling driver
[STDERR  ] 2019-03-08T17:35:25.897773389Z: [   21.069662] gre: GRE over IPv4 demultiplexor driver
[STDERR  ] 2019-03-08T17:35:25.897802990Z: [   21.078155] ipt_CLUSTERIP: ClusterIP Version 0.8 loaded successfully
[STDERR  ] 2019-03-08T17:35:25.897834151Z: [   21.082845] NET: Registered protocol family 10
[STDERR  ] 2019-03-08T17:35:25.897866039Z: [   21.097918] Segment Routing with IPv6
[STDERR  ] 2019-03-08T17:35:25.897897178Z: [   21.111074] NET: Registered protocol family 17
[STDERR  ] 2019-03-08T17:35:25.897934196Z: [   21.112700] Bridge firewalling registered
[STDERR  ] 2019-03-08T17:35:25.897966044Z: [   21.116043] 8021q: 802.1Q VLAN Support v1.8
[STDERR  ] 2019-03-08T17:35:25.897995479Z: [   21.118621] 9pnet: Installing 9P2000 support
[STDERR  ] 2019-03-08T17:35:25.898023370Z: [   21.120919] Key type dns_resolver registered
[STDERR  ] 2019-03-08T17:35:25.898048704Z: [   21.122993] sched_clock: Marking stable (21056964349, 65261840)->(21417718819, -295492630)
[STDERR  ] 2019-03-08T17:35:25.898073960Z: [   21.128415] registered taskstats version 1
[STDERR  ] 2019-03-08T17:35:25.898099493Z: [   21.240209] ata2: SATA link down (SStatus 0 SControl 300)
[STDERR  ] 2019-03-08T17:35:25.898141390Z: [   21.243044] ata1: SATA link up 1.5 Gbps (SStatus 113 SControl 300)
[STDERR  ] 2019-03-08T17:35:25.898167992Z: [   21.246204] ata4: SATA link down (SStatus 0 SControl 300)
[STDERR  ] 2019-03-08T17:35:25.898210712Z: [   21.247541] ata3: SATA link up 1.5 Gbps (SStatus 113 SControl 300)
[STDERR  ] 2019-03-08T17:35:25.898236899Z: [   21.249857] ata3.00: ATAPI: QEMU DVD-ROM, 2.5+, max UDMA/100
[STDERR  ] 2019-03-08T17:35:25.898288640Z: [   21.250582] ata3.00: applying bridge limits
[STDERR  ] 2019-03-08T17:35:25.898314948Z: [   21.252201] ata6: SATA link down (SStatus 0 SControl 300)
[STDERR  ] 2019-03-08T17:35:25.898341488Z: [   21.253402] ata5: SATA link down (SStatus 0 SControl 300)
[STDERR  ] 2019-03-08T17:35:25.898377409Z: [   21.257537] ata1.00: ATA-7: QEMU HARDDISK, 2.5+, max UDMA/100
[STDERR  ] 2019-03-08T17:35:25.898407685Z: [   21.258111] ata1.00: 1048576 sectors, multi 16: LBA48 NCQ (depth 32)
[STDERR  ] 2019-03-08T17:35:25.898438409Z: [   21.258889] ata1.00: applying bridge limits
[STDERR  ] 2019-03-08T17:35:25.898463546Z: [   21.260606] ata3.00: configured for UDMA/100
[STDERR  ] 2019-03-08T17:35:25.898488764Z: [   21.264818] ata1.00: configured for UDMA/100
[STDERR  ] 2019-03-08T17:35:25.898518727Z: [   21.290819] scsi 0:0:0:0: Direct-Access     ATA      QEMU HARDDISK    2.5+ PQ: 0 ANSI: 5
[STDERR  ] 2019-03-08T17:35:25.898546037Z: [   21.310589] sd 0:0:0:0: Attached scsi generic sg0 type 0
[STDERR  ] 2019-03-08T17:35:25.898571115Z: [   21.317965] sd 0:0:0:0: [sda] 1048576 512-byte logical blocks: (537 MB/512 MiB)
[STDERR  ] 2019-03-08T17:35:25.898596521Z: [   21.323780] scsi 2:0:0:0: CD-ROM            QEMU     QEMU DVD-ROM     2.5+ PQ: 0 ANSI: 5
[STDERR  ] 2019-03-08T17:35:25.898632981Z: [   21.327833] sd 0:0:0:0: [sda] Write Protect is off
[STDOUT  ] 2019-03-08T17:35:25.898606325Z: [    0.000000] Linux version 4.19.27-linuxkit (root@e17f1c07824a) (gcc version 8.2.0 (Alpine 8.2.0)) #1 SMP Thu Mar 7 23:23:13 UTC 2019
[STDOUT  ] 2019-03-08T17:35:25.898698546Z: [    0.000000] Command line: console=ttyS0 console=ttyAMA0
[STDOUT  ] 2019-03-08T17:35:25.898720895Z: [    0.000000] x86/fpu: x87 FPU will use FXSAVE
[STDOUT  ] 2019-03-08T17:35:25.898743210Z: [    0.000000] BIOS-provided physical RAM map:
[STDOUT  ] 2019-03-08T17:35:25.898762604Z: [    0.000000] BIOS-e820: [mem 0x0000000000000000-0x000000000009fbff] usable
[STDERR  ] 2019-03-08T17:35:25.898658773Z: [   21.334562] sd 0:0:0:0: [sda] Write cache: enabled, read cache: enabled, doesn't support DPO or FUA
[STDOUT  ] 2019-03-08T17:35:25.898786591Z: [    0.000000] BIOS-e820: [mem 0x000000000009fc00-0x000000000009ffff] reserved
[STDERR  ] 2019-03-08T17:35:25.898801344Z: [   21.350652] tsc: Refined TSC clocksource calibration: 2599.761 MHz
[STDERR  ] 2019-03-08T17:35:25.898843491Z: [   21.351659] clocksource: tsc: mask: 0xffffffffffffffff max_cycles: 0x25795a3d23f, max_idle_ns: 440795283713 ns
[STDERR  ] 2019-03-08T17:35:25.898870473Z: [   21.355674] sr 2:0:0:0: [sr0] scsi3-mmc drive: 4x/4x cd/rw xa/form2 tray
[STDOUT  ] 2019-03-08T17:35:25.898805944Z: [    0.000000] BIOS-e820: [mem 0x00000000000f0000-0x00000000000fffff] reserved
[STDERR  ] 2019-03-08T17:35:25.898897736Z: [   21.356649] cdrom: Uniform CD-ROM driver Revision: 3.20
[STDOUT  ] 2019-03-08T17:35:25.898915086Z: [    0.000000] BIOS-e820: [mem 0x0000000000100000-0x000000003ffdefff] usable
[STDOUT  ] 2019-03-08T17:35:25.898936960Z: [    0.000000] BIOS-e820: [mem 0x000000003ffdf000-0x000000003fffffff] reserved
[STDOUT  ] 2019-03-08T17:35:25.898956049Z: [    0.000000] BIOS-e820: [mem 0x00000000b0000000-0x00000000bfffffff] reserved
[STDOUT  ] 2019-03-08T17:35:25.898975270Z: [    0.000000] BIOS-e820: [mem 0x00000000fed1c000-0x00000000fed1ffff] reserved
[STDOUT  ] 2019-03-08T17:35:25.898993760Z: [    0.000000] BIOS-e820: [mem 0x00000000fffc0000-0x00000000ffffffff] reserved
[STDERR  ] 2019-03-08T17:35:25.898929515Z: [   21.357645] clocksource: Switched to clocksource tsc
[STDOUT  ] 2019-03-08T17:35:25.899013221Z: [    0.000000] NX (Execute Disable) protection: active
[STDERR  ] 2019-03-08T17:35:25.899047915Z: [   21.380051] sr 2:0:0:0: Attached scsi generic sg1 type 5
[STDERR  ] 2019-03-08T17:35:25.899080659Z: [   21.386068]  sda: sda1
[STDERR  ] 2019-03-08T17:35:25.899115156Z: [   21.403144] sd 0:0:0:0: [sda] Attached SCSI disk
[STDERR  ] 2019-03-08T17:35:25.899153346Z: [   21.592561] Key type big_key registered
[STDERR  ] 2019-03-08T17:35:25.899188041Z: [   21.724439] Key type trusted registered
[STDOUT  ] 2019-03-08T17:35:25.899052357Z: [    0.000000] SMBIOS 2.8 present.
[STDERR  ] 2019-03-08T17:35:25.899226106Z: [   21.866598] Key type encrypted registered
[STDOUT  ] 2019-03-08T17:35:25.899238787Z: [    0.000000] DMI: QEMU Standard PC (Q35 + ICH9, 2009), BIOS rel-1.10.2-0-g5f4c7b1-prebuilt.qemu-project.org 04/01/2014
[STDERR  ] 2019-03-08T17:35:25.899253559Z: [   21.867870] ima: No TPM chip found, activating TPM-bypass!
[STDOUT  ] 2019-03-08T17:35:25.899263078Z: [    0.000000] tsc: Fast TSC calibration using PIT
[STDERR  ] 2019-03-08T17:35:25.899280943Z: [   21.869411] ima: Allocated hash algorithm: sha256
[STDERR  ] 2019-03-08T17:35:25.899309834Z: [   21.873953] evm: Initialising EVM extended attributes:
[STDERR  ] 2019-03-08T17:35:25.899336036Z: [   21.874742] evm: security.ima
[STDOUT  ] 2019-03-08T17:35:25.899283213Z: [    0.000000] tsc: Detected 2599.757 MHz processor
[STDOUT  ] 2019-03-08T17:35:25.899386052Z: [    0.086525] last_pfn = 0x3ffdf max_arch_pfn = 0x400000000
[STDERR  ] 2019-03-08T17:35:25.899363109Z: [   21.875103] evm: security.capability
[STDOUT  ] 2019-03-08T17:35:25.899406890Z: [    0.088130] x86/PAT: Configuration [0-7]: WB  WC  UC- UC  WB  WP  UC- WT  
[STDERR  ] 2019-03-08T17:35:25.899412238Z: [   21.875647] evm: HMAC attrs: 0x1
[STDERR  ] 2019-03-08T17:35:25.899498742Z: [   21.889088] rtc_cmos 00:00: setting system clock to 2019-03-08 17:33:53 UTC (1552066433)
[STDERR  ] 2019-03-08T17:35:25.899532154Z: [   22.099507] Freeing unused kernel image memory: 1584K
[STDERR  ] 2019-03-08T17:35:25.899563654Z: [   22.102076] Write protecting the kernel read-only data: 18432k
[STDERR  ] 2019-03-08T17:35:25.899597905Z: [   22.124652] Freeing unused kernel image memory: 2028K
[STDERR  ] 2019-03-08T17:35:25.899633224Z: [   22.132695] Freeing unused kernel image memory: 1040K
[STDERR  ] 2019-03-08T17:35:25.899666826Z: [   22.133984] Run /init as init process
[STDERR  ] 2019-03-08T17:35:25.899696357Z: 
[STDOUT  ] 2019-03-08T17:35:25.899427356Z: [    0.145034] found SMP MP-table at [mem 0x000f6aa0-0x000f6aaf] mapped at [(____ptrval____)]
[STDOUT  ] 2019-03-08T17:35:25.899764223Z: [    0.154089] RAMDISK: [mem 0x3c4d7000-0x3ffcffff]
[STDOUT  ] 2019-03-08T17:35:25.899784623Z: [    0.154888] ACPI: Early table checksum verification disabled
[STDOUT  ] 2019-03-08T17:35:25.899804823Z: [    0.157074] ACPI: RSDP 0x00000000000F68C0 000014 (v00 BOCHS )
[STDOUT  ] 2019-03-08T17:35:25.899826616Z: [    0.157389] ACPI: RSDT 0x000000003FFE2404 000034 (v01 BOCHS  BXPCRSDT 00000001 BXPC 00000001)
[STDOUT  ] 2019-03-08T17:35:25.899847885Z: [    0.158197] ACPI: FACP 0x000000003FFE22A4 000074 (v01 BOCHS  BXPCFACP 00000001 BXPC 00000001)
[STDOUT  ] 2019-03-08T17:35:25.899867078Z: [    0.158945] ACPI: DSDT 0x000000003FFE0040 002264 (v01 BOCHS  BXPCDSDT 00000001 BXPC 00000001)
[STDOUT  ] 2019-03-08T17:35:25.899889714Z: [    0.159086] ACPI: FACS 0x000000003FFE0000 000040
[STDOUT  ] 2019-03-08T17:35:25.899910387Z: [    0.159206] ACPI: APIC 0x000000003FFE2318 000078 (v01 BOCHS  BXPCAPIC 00000001 BXPC 00000001)
[STDOUT  ] 2019-03-08T17:35:25.899930619Z: [    0.159301] ACPI: HPET 0x000000003FFE2390 000038 (v01 BOCHS  BXPCHPET 00000001 BXPC 00000001)
[STDERR  ] 2019-03-08T17:35:25.899737471Z: Welcome to LinuxKit
[STDERR  ] 2019-03-08T17:35:25.899974180Z: 
[STDERR  ] 2019-03-08T17:35:25.900008086Z:                         ##         .
[STDERR  ] 2019-03-08T17:35:25.900040692Z:                   ## ## ##        ==
[STDERR  ] 2019-03-08T17:35:25.900076604Z:                ## ## ## ## ##    ===
[STDOUT  ] 2019-03-08T17:35:25.899952213Z: [    0.159383] ACPI: MCFG 0x000000003FFE23C8 00003C (v01 BOCHS  BXPCMCFG 00000001 BXPC 00000001)
[STDOUT  ] 2019-03-08T17:35:25.900142696Z: [    0.164886] Zone ranges:
[STDOUT  ] 2019-03-08T17:35:25.900171949Z: [    0.165005]   DMA      [mem 0x0000000000001000-0x0000000000ffffff]
[STDOUT  ] 2019-03-08T17:35:25.900191384Z: [    0.165086]   DMA32    [mem 0x0000000001000000-0x000000003ffdefff]
[STDOUT  ] 2019-03-08T17:35:25.900220846Z: [    0.165127]   Normal   empty
[STDOUT  ] 2019-03-08T17:35:25.900241068Z: [    0.165171]   Device   empty
[STDOUT  ] 2019-03-08T17:35:25.900260933Z: [    0.165212] Movable zone start for each node
[STDOUT  ] 2019-03-08T17:35:25.900281483Z: [    0.165282] Early memory node ranges
[STDOUT  ] 2019-03-08T17:35:25.900301926Z: [    0.165338]   node   0: [mem 0x0000000000001000-0x000000000009efff]
[STDOUT  ] 2019-03-08T17:35:25.900327918Z: [    0.165373]   node   0: [mem 0x0000000000100000-0x000000003ffdefff]
[STDOUT  ] 2019-03-08T17:35:25.900348865Z: [    0.166553] Reserved but unavailable: 98 pages
[STDOUT  ] 2019-03-08T17:35:25.900368516Z: [    0.166766] Initmem setup node 0 [mem 0x0000000000001000-0x000000003ffdefff]
[STDOUT  ] 2019-03-08T17:35:25.900387594Z: [    0.232814] ACPI: PM-Timer IO Port: 0x608
[STDOUT  ] 2019-03-08T17:35:25.900407190Z: [    0.233493] ACPI: LAPIC_NMI (acpi_id[0xff] dfl dfl lint[0x1])
[STDOUT  ] 2019-03-08T17:35:25.900426984Z: [    0.234079] IOAPIC[0]: apic_id 0, version 32, address 0xfec00000, GSI 0-23
[STDOUT  ] 2019-03-08T17:35:25.900446656Z: [    0.234258] ACPI: INT_SRC_OVR (bus 0 bus_irq 0 global_irq 2 dfl dfl)
[STDOUT  ] 2019-03-08T17:35:25.900466258Z: [    0.234630] ACPI: INT_SRC_OVR (bus 0 bus_irq 5 global_irq 5 high level)
[STDOUT  ] 2019-03-08T17:35:25.900492030Z: [    0.234694] ACPI: INT_SRC_OVR (bus 0 bus_irq 9 global_irq 9 high level)
[STDOUT  ] 2019-03-08T17:35:25.900511875Z: [    0.234819] ACPI: INT_SRC_OVR (bus 0 bus_irq 10 global_irq 10 high level)
[STDOUT  ] 2019-03-08T17:35:25.900531965Z: [    0.234851] ACPI: INT_SRC_OVR (bus 0 bus_irq 11 global_irq 11 high level)
[STDOUT  ] 2019-03-08T17:35:25.900553203Z: [    0.235228] Using ACPI (MADT) for SMP configuration information
[STDOUT  ] 2019-03-08T17:35:25.900573232Z: [    0.235322] ACPI: HPET id: 0x8086a201 base: 0xfed00000
[STDOUT  ] 2019-03-08T17:35:25.900593188Z: [    0.235855] smpboot: Allowing 1 CPUs, 0 hotplug CPUs
[STDOUT  ] 2019-03-08T17:35:25.900612342Z: [    0.236951] [mem 0x40000000-0xafffffff] available for PCI devices
[STDOUT  ] 2019-03-08T17:35:25.900631226Z: [    0.237017] Booting paravirtualized kernel on bare hardware
[STDOUT  ] 2019-03-08T17:35:25.900649709Z: [    0.237297] clocksource: refined-jiffies: mask: 0xffffffff max_cycles: 0xffffffff, max_idle_ns: 1910969940391419 ns
[STDOUT  ] 2019-03-08T17:35:25.900714538Z: [    3.589860] random: get_random_bytes called from start_kernel+0x91/0x517 with crng_init=0
[STDOUT  ] 2019-03-08T17:35:25.900740741Z: [    3.591002] setup_percpu: NR_CPUS:128 nr_cpumask_bits:128 nr_cpu_ids:1 nr_node_ids:1
[STDOUT  ] 2019-03-08T17:35:25.900759636Z: [    3.599980] percpu: Embedded 45 pages/cpu @(____ptrval____) s145112 r8192 d31016 u2097152
[STDOUT  ] 2019-03-08T17:35:25.900779516Z: [    3.603127] Built 1 zonelists, mobility grouping on.  Total pages: 257896
[STDOUT  ] 2019-03-08T17:35:25.900799618Z: [    3.603409] Kernel command line: console=ttyS0 console=ttyAMA0
[STDOUT  ] 2019-03-08T17:35:25.900818708Z: [    3.607935] Dentry cache hash table entries: 131072 (order: 8, 1048576 bytes)
[STDOUT  ] 2019-03-08T17:35:25.900842225Z: [    3.609786] Inode-cache hash table entries: 65536 (order: 7, 524288 bytes)
[STDOUT  ] 2019-03-08T17:35:25.900861989Z: [    3.675988] Memory: 941548K/1048052K available (12300K kernel code, 1573K rwdata, 3056K rodata, 1584K init, 2036K bss, 106504K reserved, 0K cma-reserved)
[STDOUT  ] 2019-03-08T17:35:25.900885783Z: [    3.683731] ftrace: allocating 43040 entries in 169 pages
[STDOUT  ] 2019-03-08T17:35:25.900907098Z: [    4.104576] rcu: Hierarchical RCU implementation.
[STDOUT  ] 2019-03-08T17:35:25.900927413Z: [    4.104771] rcu: 	RCU restricting CPUs from NR_CPUS=128 to nr_cpu_ids=1.
[STDOUT  ] 2019-03-08T17:35:25.900947492Z: [    4.104934] rcu: Adjusting geometry for rcu_fanout_leaf=16, nr_cpu_ids=1
[STDOUT  ] 2019-03-08T17:35:25.900976637Z: [    4.159589] NR_IRQS: 8448, nr_irqs: 256, preallocated irqs: 16
[STDOUT  ] 2019-03-08T17:35:25.900995447Z: [    4.173639] Console: colour VGA+ 80x25
[STDOUT  ] 2019-03-08T17:35:25.901014997Z: [    4.213612] console [ttyS0] enabled
[STDOUT  ] 2019-03-08T17:35:25.901033548Z: [    4.214387] ACPI: Core revision 20180810
[STDOUT  ] 2019-03-08T17:35:25.901052156Z: [    4.222797] clocksource: hpet: mask: 0xffffffff max_cycles: 0xffffffff, max_idle_ns: 19112604467 ns
[STDOUT  ] 2019-03-08T17:35:25.901072201Z: [    4.230044] APIC: Switch to symmetric I/O mode setup
[STDOUT  ] 2019-03-08T17:35:25.901092095Z: [    4.237614] ..TIMER: vector=0x30 apic1=0 pin1=2 apic2=-1 pin2=-1
[STDOUT  ] 2019-03-08T17:35:25.901115232Z: [    4.243267] clocksource: tsc-early: mask: 0xffffffffffffffff max_cycles: 0x25795677aef, max_idle_ns: 440795297541 ns
[STDOUT  ] 2019-03-08T17:35:25.901133856Z: [    4.246097] Calibrating delay loop (skipped), value calculated using timer frequency.. 5199.51 BogoMIPS (lpj=2599757)
[STDOUT  ] 2019-03-08T17:35:25.901159863Z: [    4.248239] pid_max: default: 32768 minimum: 301
[STDOUT  ] 2019-03-08T17:35:25.901178220Z: [    4.253785] Security Framework initialized
[STDOUT  ] 2019-03-08T17:35:25.901197104Z: [    4.254259] Yama: becoming mindful.
[STDOUT  ] 2019-03-08T17:35:25.901226594Z: [    4.257322] Mount-cache hash table entries: 2048 (order: 2, 16384 bytes)
[STDOUT  ] 2019-03-08T17:35:25.901245552Z: [    4.258231] Mountpoint-cache hash table entries: 2048 (order: 2, 16384 bytes)
[STDOUT  ] 2019-03-08T17:35:25.901270630Z: [    4.282455] Last level iTLB entries: 4KB 0, 2MB 0, 4MB 0
[STDOUT  ] 2019-03-08T17:35:25.901289372Z: [    4.282963] Last level dTLB entries: 4KB 0, 2MB 0, 4MB 0, 1GB 0
[STDOUT  ] 2019-03-08T17:35:25.901308584Z: [    4.283290] Spectre V2 : Spectre mitigation: LFENCE not serializing, switching to generic retpoline
[STDOUT  ] 2019-03-08T17:35:25.901328607Z: [    4.284162] Spectre V2 : Mitigation: Full generic retpoline
[STDOUT  ] 2019-03-08T17:35:25.901347886Z: [    4.285145] Spectre V2 : Spectre v2 / SpectreRSB mitigation: Filling RSB on context switch
[STDOUT  ] 2019-03-08T17:35:25.901366909Z: [    4.286124] Speculative Store Bypass: Vulnerable
[STDOUT  ] 2019-03-08T17:35:25.901385947Z: [    4.486485] random: fast init done
[STDOUT  ] 2019-03-08T17:35:25.901408493Z: [    4.647674] Freeing SMP alternatives memory: 20K
[STDOUT  ] 2019-03-08T17:35:25.901427629Z: [    4.674097] smpboot: CPU0: AMD QEMU Virtual CPU version 2.5+ (family: 0x6, model: 0x6, stepping: 0x3)
[STDOUT  ] 2019-03-08T17:35:25.901447877Z: [    4.684809] Performance Events: PMU not available due to virtualization, using software events only.
[STDOUT  ] 2019-03-08T17:35:25.901466520Z: [    4.689381] rcu: Hierarchical SRCU implementation.
[STDOUT  ] 2019-03-08T17:35:25.901485643Z: [    4.696920] NMI watchdog: Perf NMI watchdog permanently disabled
[STDOUT  ] 2019-03-08T17:35:25.901504192Z: [    4.702733] smp: Bringing up secondary CPUs ...
[STDOUT  ] 2019-03-08T17:35:25.901524120Z: [    4.703215] smp: Brought up 1 node, 1 CPU
[STDOUT  ] 2019-03-08T17:35:25.901542536Z: [    4.704166] smpboot: Max logical packages: 1
[STDOUT  ] 2019-03-08T17:35:25.901562258Z: [    4.704662] smpboot: Total of 1 processors activated (5199.51 BogoMIPS)
[STDOUT  ] 2019-03-08T17:35:25.901581577Z: [    4.722529] devtmpfs: initialized
[STDOUT  ] 2019-03-08T17:35:25.901601257Z: [    4.728437] x86/mm: Memory block size: 128MB
[STDOUT  ] 2019-03-08T17:35:25.901620700Z: [    4.742222] clocksource: jiffies: mask: 0xffffffff max_cycles: 0xffffffff, max_idle_ns: 1911260446275000 ns
[STDOUT  ] 2019-03-08T17:35:25.901639739Z: [    4.743354] futex hash table entries: 256 (order: 2, 16384 bytes)
[STDOUT  ] 2019-03-08T17:35:25.901659401Z: [    4.761805] NET: Registered protocol family 16
[STDOUT  ] 2019-03-08T17:35:25.901677691Z: [    4.767972] audit: initializing netlink subsys (disabled)
[STDOUT  ] 2019-03-08T17:35:25.901696719Z: [    4.774688] audit: type=2000 audit(1552066415.541:1): state=initialized audit_enabled=0 res=1
[STDOUT  ] 2019-03-08T17:35:25.901720372Z: [    4.779322] cpuidle: using governor ladder
[STDOUT  ] 2019-03-08T17:35:25.901738192Z: [    4.779959] cpuidle: using governor menu
[STDOUT  ] 2019-03-08T17:35:25.901757233Z: [    4.782400] ACPI: bus type PCI registered
[STDOUT  ] 2019-03-08T17:35:25.901775241Z: [    4.784883] PCI: MMCONFIG for domain 0000 [bus 00-ff] at [mem 0xb0000000-0xbfffffff] (base 0xb0000000)
[STDOUT  ] 2019-03-08T17:35:25.901794853Z: [    4.786332] PCI: MMCONFIG at [mem 0xb0000000-0xbfffffff] reserved in E820
[STDOUT  ] 2019-03-08T17:35:25.901813334Z: [    4.789579] PCI: Using configuration type 1 for base access
[STDOUT  ] 2019-03-08T17:35:25.901832307Z: [    4.863226] HugeTLB registered 2.00 MiB page size, pre-allocated 0 pages
[STDOUT  ] 2019-03-08T17:35:25.901851207Z: [    4.870215] cryptd: max_cpu_qlen set to 1000
[STDOUT  ] 2019-03-08T17:35:25.901895252Z: [    4.876387] ACPI: Added _OSI(Module Device)
[STDOUT  ] 2019-03-08T17:35:25.901915669Z: [    4.876810] ACPI: Added _OSI(Processor Device)
[STDOUT  ] 2019-03-08T17:35:25.901934906Z: [    4.877139] ACPI: Added _OSI(3.0 _SCP Extensions)
[STDOUT  ] 2019-03-08T17:35:25.901953850Z: [    4.877514] ACPI: Added _OSI(Processor Aggregator Device)
[STDOUT  ] 2019-03-08T17:35:25.901972832Z: [    4.878266] ACPI: Added _OSI(Linux-Dell-Video)
[STDOUT  ] 2019-03-08T17:35:25.901992064Z: [    4.878637] ACPI: Added _OSI(Linux-Lenovo-NV-HDMI-Audio)
[STDOUT  ] 2019-03-08T17:35:25.902011347Z: [    4.933505] ACPI: 1 ACPI AML tables successfully acquired and loaded
[STDOUT  ] 2019-03-08T17:35:25.902036161Z: [    4.968529] ACPI: Interpreter enabled
[STDOUT  ] 2019-03-08T17:35:25.902054931Z: [    4.969786] ACPI: (supports S0 S5)
[STDOUT  ] 2019-03-08T17:35:25.902073438Z: [    4.970207] ACPI: Using IOAPIC for interrupt routing
[STDOUT  ] 2019-03-08T17:35:25.902091638Z: [    4.973782] PCI: Using host bridge windows from ACPI; if necessary, use "pci=nocrs" and report a bug
[STDOUT  ] 2019-03-08T17:35:25.902111017Z: [    4.979097] ACPI: Enabled 2 GPEs in block 00 to 3F
[STDOUT  ] 2019-03-08T17:35:25.902128943Z: [    5.059355] ACPI: PCI Root Bridge [PCI0] (domain 0000 [bus 00-ff])
[STDOUT  ] 2019-03-08T17:35:25.902153766Z: [    5.060579] acpi PNP0A08:00: _OSC: OS supports [ExtendedConfig ASPM ClockPM Segments MSI]
[STDOUT  ] 2019-03-08T17:35:25.902172992Z: [    5.065556] acpi PNP0A08:00: _OSC: platform does not support [SHPCHotplug LTR]
[STDOUT  ] 2019-03-08T17:35:25.902193602Z: [    5.069167] acpi PNP0A08:00: _OSC: OS now controls [PCIeHotplug PME PCIeCapability]
[STDOUT  ] 2019-03-08T17:35:25.902221132Z: [    5.073873] PCI host bridge to bus 0000:00
[STDOUT  ] 2019-03-08T17:35:25.902240714Z: [    5.074351] pci_bus 0000:00: root bus resource [io  0x0000-0x0cf7 window]
[STDOUT  ] 2019-03-08T17:35:25.902303300Z: [    5.075167] pci_bus 0000:00: root bus resource [io  0x0d00-0xffff window]
[STDOUT  ] 2019-03-08T17:35:25.902328790Z: [    5.076148] pci_bus 0000:00: root bus resource [mem 0x000a0000-0x000bffff window]
[STDOUT  ] 2019-03-08T17:35:25.902351550Z: [    5.076777] pci_bus 0000:00: root bus resource [mem 0xc0000000-0xfebfffff window]
[STDERR  ] 2019-03-08T17:35:25.900108740Z:            /"""""""""""""""""\___/ ===
[STDOUT  ] 2019-03-08T17:35:25.902370472Z: [    5.077263] pci_bus 0000:00: root bus resource [bus 00-ff]
[STDOUT  ] 2019-03-08T17:35:25.902391453Z: [    5.140325] pci 0000:00:1f.0: quirk: [io  0x0600-0x067f] claimed by ICH6 ACPI/GPIO/TCO
[STDERR  ] 2019-03-08T17:35:25.902391262Z:           {                       /  ===-
[STDOUT  ] 2019-03-08T17:35:25.902410506Z: [    5.191218] ACPI: PCI Interrupt Link [LNKA] (IRQs 5 *10 11)
[STDOUT  ] 2019-03-08T17:35:25.902436701Z: [    5.194503] ACPI: PCI Interrupt Link [LNKB] (IRQs 5 *10 11)
[STDOUT  ] 2019-03-08T17:35:25.902455064Z: [    5.196807] ACPI: PCI Interrupt Link [LNKC] (IRQs 5 10 *11)
[STDOUT  ] 2019-03-08T17:35:25.902472913Z: [    5.199266] ACPI: PCI Interrupt Link [LNKD] (IRQs 5 10 *11)
[STDOUT  ] 2019-03-08T17:35:25.902493515Z: [    5.201451] ACPI: PCI Interrupt Link [LNKE] (IRQs 5 *10 11)
[STDOUT  ] 2019-03-08T17:35:25.902521613Z: [    5.203598] ACPI: PCI Interrupt Link [LNKF] (IRQs 5 *10 11)
[STDOUT  ] 2019-03-08T17:35:25.902539509Z: [    5.205799] ACPI: PCI Interrupt Link [LNKG] (IRQs 5 10 *11)
[STDOUT  ] 2019-03-08T17:35:25.902557966Z: [    5.208040] ACPI: PCI Interrupt Link [LNKH] (IRQs 5 10 *11)
[STDOUT  ] 2019-03-08T17:35:25.902576133Z: [    5.209291] ACPI: PCI Interrupt Link [GSIA] (IRQs *16)
[STDERR  ] 2019-03-08T17:35:25.902639842Z:            \______ O           __/
[STDERR  ] 2019-03-08T17:35:25.902677107Z:              \    \         __/
[STDOUT  ] 2019-03-08T17:35:25.902718995Z: [    5.210258] ACPI: PCI Interrupt Link [GSIB] (IRQs *17)
[STDOUT  ] 2019-03-08T17:35:25.902738037Z: [    5.211208] ACPI: PCI Interrupt Link [GSIC] (IRQs *18)
[STDOUT  ] 2019-03-08T17:35:25.902756160Z: [    5.211998] ACPI: PCI Interrupt Link [GSID] (IRQs *19)
[STDOUT  ] 2019-03-08T17:35:25.902826748Z: [    5.212482] ACPI: PCI Interrupt Link [GSIE] (IRQs *20)
[STDOUT  ] 2019-03-08T17:35:25.902846657Z: [    5.213948] ACPI: PCI Interrupt Link [GSIF] (IRQs *21)
[STDOUT  ] 2019-03-08T17:35:25.902864488Z: [    5.214854] ACPI: PCI Interrupt Link [GSIG] (IRQs *22)
[STDOUT  ] 2019-03-08T17:35:25.902882195Z: [    5.215417] ACPI: PCI Interrupt Link [GSIH] (IRQs *23)
[STDOUT  ] 2019-03-08T17:35:25.902900401Z: [    5.226323] SCSI subsystem initialized
[STDOUT  ] 2019-03-08T17:35:25.902919534Z: [    5.229636] ACPI: bus type USB registered
[STDOUT  ] 2019-03-08T17:35:25.902940390Z: [    5.231506] usbcore: registered new interface driver usbfs
