[INFO    ] 2019-03-08T16:35:35.731781401Z: Running Test linuxkit.kernel.config_4.20.x in /tmp/with_clone206b4c83/test/cases/020_kernel/006_config_4.20.x
[STDERR  ] 2019-03-08T16:35:35.731821405Z:       - [37mCONFIG_XFRM_ALGO[m: [32menabled (as module)[m
[STDERR  ] 2019-03-08T16:35:35.731859681Z:       - [37mCONFIG_INET_ESP[m: [32menabled (as module)[m
[STDERR  ] 2019-03-08T16:35:35.731892199Z:       - [37mCONFIG_INET_XFRM_MODE_TRANSPORT[m: [32menabled (as module)[m
[STDERR  ] 2019-03-08T16:35:35.731931699Z:   - "[34mipvlan[m":
[STDERR  ] 2019-03-08T16:35:35.731960097Z:     - [37mCONFIG_IPVLAN[m: [32menabled[m
[STDERR  ] 2019-03-08T16:35:35.731988539Z:   - "[34mmacvlan[m":
[STDERR  ] 2019-03-08T16:35:35.732019636Z:     - [37mCONFIG_MACVLAN[m: [32menabled[m
[STDERR  ] 2019-03-08T16:35:35.732046784Z:     - [37mCONFIG_DUMMY[m: [32menabled (as module)[m
[INFO    ] 2019-03-08T16:35:35.732086395Z: Running command: [/bin/sh -x /tmp/with_clone206b4c83/test/cases/020_kernel/006_config_4.20.x/test.sh]
[STDERR  ] 2019-03-08T16:35:35.732078579Z:   - "[34mftp,tftp client in container[m":
[STDERR  ] 2019-03-08T16:35:35.732112772Z:     - [37mCONFIG_NF_NAT_FTP[m: [32menabled[m
[STDERR  ] 2019-03-08T16:35:35.732147080Z:     - [37mCONFIG_NF_CONNTRACK_FTP[m: [32menabled[m
[STDERR  ] 2019-03-08T16:35:35.732182454Z:     - [37mCONFIG_NF_NAT_TFTP[m: [32menabled[m
[STDERR  ] 2019-03-08T16:35:35.732228495Z:     - [37mCONFIG_NF_CONNTRACK_TFTP[m: [32menabled[m
[STDERR  ] 2019-03-08T16:35:35.732257817Z: - Storage Drivers:
[STDERR  ] 2019-03-08T16:35:35.732294262Z:   - "[34maufs[m":
[STDERR  ] 2019-03-08T16:35:35.732321209Z:     - [1mCONFIG_AUFS_FS[m: [1;31mmissing[m
[STDERR  ] 2019-03-08T16:35:35.732347779Z:   - "[34mbtrfs[m":
[STDERR  ] 2019-03-08T16:35:35.732368935Z:     - [37mCONFIG_BTRFS_FS[m: [32menabled (as module)[m
[STDERR  ] 2019-03-08T16:35:35.732394156Z:     - [37mCONFIG_BTRFS_FS_POSIX_ACL[m: [32menabled[m
[STDERR  ] 2019-03-08T16:35:35.732417465Z:   - "[34mdevicemapper[m":
[STDERR  ] 2019-03-08T16:35:35.732438152Z:     - [37mCONFIG_BLK_DEV_DM[m: [32menabled[m
[STDERR  ] 2019-03-08T16:35:35.732458682Z:     - [37mCONFIG_DM_THIN_PROVISIONING[m: [32menabled[m
[STDERR  ] 2019-03-08T16:35:35.732491627Z:   - "[34moverlay[m":
[STDERR  ] 2019-03-08T16:35:35.732534335Z:     - [37mCONFIG_OVERLAY_FS[m: [32menabled[m
[STDERR  ] 2019-03-08T16:35:35.732561229Z:   - "[34mzfs[m":
[STDERR  ] 2019-03-08T16:35:35.732595883Z:     - [1m/dev/zfs[m: [1;31mmissing[m
[STDERR  ] 2019-03-08T16:35:35.732628855Z:     - [1mzfs command[m: [1;31mmissing[m
[STDERR  ] 2019-03-08T16:35:35.732662147Z:     - [1mzpool command[m: [1;31mmissing[m
[STDERR  ] 2019-03-08T16:35:35.732698002Z: 
[STDERR  ] 2019-03-08T16:35:35.732726019Z: Limits:
[STDERR  ] 2019-03-08T16:35:35.732755707Z: [37m- /proc/sys/kernel/keys/root_maxkeys[m: [32m1000000[m
[STDERR  ] 2019-03-08T16:35:35.732798626Z: 
[STDERR  ] 2019-03-08T16:35:35.732831737Z: Kernel config test suite PASSED
[STDERR  ] 2019-03-08T16:35:35.732856901Z: [   91.916905] ACPI: Preparing to enter system sleep state S5
[STDERR  ] 2019-03-08T16:35:35.732888373Z: [   91.922876] reboot: Power down
[STDERR  ] 2019-03-08T16:35:35.732927733Z: + grep -q suite PASSED
[STDERR  ] 2019-03-08T16:35:35.732964803Z: + echo [    0.000000] Linux version 4.19.27-linuxkit (root@e17f1c07824a) (gcc version 8.2.0 (Alpine 8.2.0)) #1 SMP Thu Mar 7 23:23:13 UTC 2019
[STDERR  ] 2019-03-08T16:35:35.733008076Z: [    0.000000] Command line: console=ttyS0 console=ttyAMA0
[STDERR  ] 2019-03-08T16:35:35.733035965Z: [    0.000000] x86/fpu: x87 FPU will use FXSAVE
[STDERR  ] 2019-03-08T16:35:35.733070515Z: [    0.000000] BIOS-provided physical RAM map:
[STDERR  ] 2019-03-08T16:35:35.733107342Z: [    0.000000] BIOS-e820: [mem 0x0000000000000000-0x000000000009fbff] usable
[STDERR  ] 2019-03-08T16:35:35.733138833Z: [    0.000000] BIOS-e820: 
[STDERR  ] 2019-03-08T16:35:35.733136713Z: + set -e
[STDERR  ] 2019-03-08T16:35:35.733296133Z: + . /tmp/with_clone206b4c83/test/cases/_lib/lib.sh
[STDERR  ] 2019-03-08T16:35:35.733338058Z: + [ -f src/github.com/linuxkit/rtf/lib/lib.sh ]
[STDERR  ] 2019-03-08T16:35:35.733360212Z: + LINUXKIT_TMPDIR=/tmp/with_clone206b4c83/test/cases/_tmp
[STDERR  ] 2019-03-08T16:35:35.733402621Z: + [ -f /tmp/with_clone206b4c83/test/cases/_tmp/env.sh ]
[STDERR  ] 2019-03-08T16:35:35.733424352Z: + . /tmp/with_clone206b4c83/test/cases/_tmp/env.sh
[STDERR  ] 2019-03-08T16:35:35.733451174Z: + export LINUXKIT_EXAMPLES_DIR=/tmp/with_clone206b4c83/test/cases/../../examples
[STDERR  ] 2019-03-08T16:35:35.733474021Z: + RT_CANCEL=253
[STDERR  ] 2019-03-08T16:35:35.733499415Z: + NAME=kconfig
[STDERR  ] 2019-03-08T16:35:35.733531359Z: + trap clean_up EXIT
[STDERR  ] 2019-03-08T16:35:35.733556859Z: + linuxkit build -format kernel+initrd -name kconfig test.yml
[STDERR  ] 2019-03-08T16:35:35.791377248Z: Extract kernel image: linuxkit/kernel:4.20.14
[STDERR  ] 2019-03-08T16:35:40.763421178Z: Add init containers:
[STDERR  ] 2019-03-08T16:35:40.763557962Z: Process init image: linuxkit/init:005807f5c6a74e23f485a6d1657818bdccb70cd0
[STDERR  ] 2019-03-08T16:35:42.555342465Z: Process init image: linuxkit/runc:606971451ea29b4238029804ca638f9f85caf5af
[STDERR  ] 2019-03-08T16:35:44.170320049Z: Add onboot containers:
[STDERR  ] 2019-03-08T16:35:44.170443489Z:   Create OCI config for linuxkit/test-kernel-config:85727fa0ad52861758230cd264059c79f657b953
[STDERR  ] 2019-03-08T16:35:45.830759243Z:   Create OCI config for linuxkit/poweroff:9f4e04f09bbb4a028f0a1f57d430e1ad3095ace1
[STDERR  ] 2019-03-08T16:35:47.387611223Z: Create outputs:
[STDERR  ] 2019-03-08T16:35:53.901815903Z:   kconfig-kernel kconfig-initrd.img kconfig-cmdline
[STDERR  ] 2019-03-08T16:35:54.005754576Z: + linuxkit run kconfig
[STDERR  ] 2019-03-08T16:37:42.239794901Z: + RESULT=[    0.000000] Linux version 4.20.14-linuxkit (root@407cade800ac) (gcc version 8.2.0 (Alpine 8.2.0)) #1 SMP Thu Mar 7 23:03:59 UTC 2019
[STDERR  ] 2019-03-08T16:37:42.240494059Z: [    0.000000] Command line: console=ttyS0 console=ttyAMA0
[STDERR  ] 2019-03-08T16:37:42.240564787Z: [    0.000000] x86/fpu: x87 FPU will use FXSAVE
[STDERR  ] 2019-03-08T16:37:42.240618297Z: [    0.000000] BIOS-provided physical RAM map:
[STDERR  ] 2019-03-08T16:37:42.240666731Z: [    0.000000] BIOS-e820: [mem 0x0000000000000000-0x000000000009fbff] usable
[STDERR  ] 2019-03-08T16:37:42.240735339Z: [    0.000000] BIOS-e820: [mem 0x000000000009fc00-0x000000000009ffff] reserved
[STDERR  ] 2019-03-08T16:37:42.240777806Z: [    0.000000] BIOS-e820: [mem 0x00000000000f0000-0x00000000000fffff] reserved
[STDERR  ] 2019-03-08T16:37:42.240837003Z: [    0.000000] BIOS-e820: [mem 0x0000000000100000-0x000000003ffdefff] usable
[STDERR  ] 2019-03-08T16:37:42.240894213Z: [    0.000000] BIOS-e820: [mem 0x000000003ffdf000-0x000000003fffffff] reserved
[STDERR  ] 2019-03-08T16:37:42.240941921Z: [    0.000000] BIOS-e820: [mem 0x00000000b0000000-0x00000000bfffffff] reserved
[STDERR  ] 2019-03-08T16:37:42.240989099Z: [    0.000000] BIOS-e820: [mem 0x00000000fed1c000-0x00000000fed1ffff] reserved
[STDERR  ] 2019-03-08T16:37:42.241250546Z: [    0.000000] BIOS-e820: [mem 0x00000000fffc0000-0x00000000ffffffff] reserved
[STDERR  ] 2019-03-08T16:37:42.241291607Z: [    0.000000] NX (Execute Disable) protection: active
[STDERR  ] 2019-03-08T16:37:42.241322876Z: [    0.000000] SMBIOS 2.8 present.
[STDERR  ] 2019-03-08T16:37:42.241353005Z: [    0.000000] DMI: QEMU Standard PC (Q35 + ICH9, 2009), BIOS rel-1.10.2-0-g5f4c7b1-prebuilt.qemu-project.org 04/01/2014
[STDERR  ] 2019-03-08T16:37:42.241383890Z: [    0.000000] tsc: Fast TSC calibration using PIT
[STDERR  ] 2019-03-08T16:37:42.241412702Z: [    0.000000] tsc: Detected 2599.749 MHz processor
[STDERR  ] 2019-03-08T16:37:42.241440739Z: [    0.067272] last_pfn = 0x3ffdf max_arch_pfn = 0x400000000
[STDERR  ] 2019-03-08T16:37:42.241468426Z: [    0.068967] x86/PAT: Configuration [0-7]: WB  WC  UC- UC  WB  WP  UC- WT  
[STDERR  ] 2019-03-08T16:37:42.241495616Z: [    0.129490] found SMP MP-table at [mem 0x000f6aa0-0x000f6aaf] mapped at [(____ptrval____)]
[STDERR  ] 2019-03-08T16:37:42.241523282Z: [    0.138249] RAMDISK: [mem 0x3dfcd000-0x3ffcffff]
[STDERR  ] 2019-03-08T16:37:42.241567600Z: [    0.139095] ACPI: Early table checksum verification disabled
[STDERR  ] 2019-03-08T16:37:42.241593985Z: [    0.141547] ACPI: RSDP 0x00000000000F68C0 000014 (v00 BOCHS )
[STDERR  ] 2019-03-08T16:37:42.241619871Z: [    0.141919] ACPI: RSDT 0x000000003FFE2404 000034 (v01 BOCHS  BXPCRSDT 00000001 BXPC 00000001)
[STDERR  ] 2019-03-08T16:37:42.241645490Z: [    0.142827] ACPI: FACP 0x000000003FFE22A4 000074 (v01 BOCHS  BXPCFACP 00000001 BXPC 00000001)
[STDERR  ] 2019-03-08T16:37:42.241671729Z: [    0.143649] ACPI: DSDT 0x000000003FFE0040 002264 (v01 BOCHS  BXPCDSDT 00000001 BXPC 00000001)
[STDERR  ] 2019-03-08T16:37:42.241698297Z: [    0.143800] ACPI: FACS 0x000000003FFE0000 000040
[STDERR  ] 2019-03-08T16:37:42.241724504Z: [    0.143918] ACPI: APIC 0x000000003FFE2318 000078 (v01 BOCHS  BXPCAPIC 00000001 BXPC 00000001)
[STDERR  ] 2019-03-08T16:37:42.241751764Z: [    0.143996] ACPI: HPET 0x000000003FFE2390 000038 (v01 BOCHS  BXPCHPET 00000001 BXPC 00000001)
[STDERR  ] 2019-03-08T16:37:42.241778812Z: [    0.144073] ACPI: MCFG 0x000000003FFE23C8 00003C (v01 BOCHS  BXPCMCFG 00000001 BXPC 00000001)
[STDERR  ] 2019-03-08T16:37:42.241805637Z: [    0.150060] Zone ranges:
[STDERR  ] 2019-03-08T16:37:42.241832294Z: [    0.150185]   DMA      [mem 0x0000000000001000-0x0000000000ffffff]
[STDERR  ] 2019-03-08T16:37:42.241865589Z: [    0.150262]   DMA32    [mem 0x0000000001000000-0x000000003ffdefff]
[STDERR  ] 2019-03-08T16:37:42.241892468Z: [    0.150299]   Normal   empty
[STDERR  ] 2019-03-08T16:37:42.241918165Z: [    0.150337]   Device   empty
[STDERR  ] 2019-03-08T16:37:42.241944923Z: [    0.150374] Movable zone start for each node
[STDERR  ] 2019-03-08T16:37:42.241971544Z: [    0.150441] Early memory node ranges
[STDERR  ] 2019-03-08T16:37:42.241997014Z: [    0.150497]   node   0: [mem 0x0000000000001000-0x000000000009efff]
[STDERR  ] 2019-03-08T16:37:42.242024528Z: [    0.150544]   node   0: [mem 0x0000000000100000-0x000000003ffdefff]
[STDERR  ] 2019-03-08T16:37:42.242051195Z: [    0.151830] Zeroed struct page in unavailable ranges: 98 pages
[STDERR  ] 2019-03-08T16:37:42.242076933Z: [    0.152037] Initmem setup node 0 [mem 0x0000000000001000-0x000000003ffdefff]
[STDERR  ] 2019-03-08T16:37:42.242111093Z: [    0.234474] ACPI: PM-Timer IO Port: 0x608
[STDERR  ] 2019-03-08T16:37:42.242138168Z: [    0.235206] ACPI: LAPIC_NMI (acpi_id[0xff] dfl dfl lint[0x1])
[STDERR  ] 2019-03-08T16:37:42.242185655Z: [    0.235860] IOAPIC[0]: apic_id 0, version 32, address 0xfec00000, GSI 0-23
[STDERR  ] 2019-03-08T16:37:42.242222516Z: [    0.236043] ACPI: INT_SRC_OVR (bus 0 bus_irq 0 global_irq 2 dfl dfl)
[STDERR  ] 2019-03-08T16:37:42.242268855Z: [    0.236432] ACPI: INT_SRC_OVR (bus 0 bus_irq 5 global_irq 5 high level)
[STDERR  ] 2019-03-08T16:37:42.242297765Z: [    0.236516] ACPI: INT_SRC_OVR (bus 0 bus_irq 9 global_irq 9 high level)
[STDERR  ] 2019-03-08T16:37:42.242325656Z: [    0.236676] ACPI: INT_SRC_OVR (bus 0 bus_irq 10 global_irq 10 high level)
[STDERR  ] 2019-03-08T16:37:42.242355193Z: [    0.236710] ACPI: INT_SRC_OVR (bus 0 bus_irq 11 global_irq 11 high level)
[STDERR  ] 2019-03-08T16:37:42.242398291Z: [    0.237132] Using ACPI (MADT) for SMP configuration information
[STDERR  ] 2019-03-08T16:37:42.242426152Z: [    0.237213] ACPI: HPET id: 0x8086a201 base: 0xfed00000
[STDERR  ] 2019-03-08T16:37:42.242456118Z: [    0.237630] smpboot: Allowing 1 CPUs, 0 hotplug CPUs
[STDERR  ] 2019-03-08T16:37:42.242480891Z: [    0.238786] [mem 0x40000000-0xafffffff] available for PCI devices
[STDERR  ] 2019-03-08T16:37:42.242507510Z: [    0.238858] Booting paravirtualized kernel on bare hardware
[STDERR  ] 2019-03-08T16:37:42.242534272Z: [    0.239216] clocksource: refined-jiffies: mask: 0xffffffff max_cycles: 0xffffffff, max_idle_ns: 1910969940391419 ns
[STDERR  ] 2019-03-08T16:37:42.242566105Z: [    4.756345] random: get_random_bytes called from start_kernel+0x91/0x4fc with crng_init=0
[STDERR  ] 2019-03-08T16:37:42.242594081Z: [    4.757435] setup_percpu: NR_CPUS:128 nr_cpumask_bits:128 nr_cpu_ids:1 nr_node_ids:1
[STDERR  ] 2019-03-08T16:37:42.242625761Z: [    4.766701] percpu: Embedded 45 pages/cpu @(____ptrval____) s144664 r8192 d31464 u2097152
[STDERR  ] 2019-03-08T16:37:42.242668623Z: [    4.770203] Built 1 zonelists, mobility grouping on.  Total pages: 257896
[STDERR  ] 2019-03-08T16:37:42.242698519Z: [    4.770474] Kernel command line: console=ttyS0 console=ttyAMA0
[STDERR  ] 2019-03-08T16:37:42.242725561Z: [    4.775177] Dentry cache hash table entries: 131072 (order: 8, 1048576 bytes)
[STDERR  ] 2019-03-08T16:37:42.242758229Z: [    4.776874] Inode-cache hash table entries: 65536 (order: 7, 524288 bytes)
[STDERR  ] 2019-03-08T16:37:42.242789925Z: [    4.850012] Memory: 970140K/1048052K available (12292K kernel code, 1552K rwdata, 3092K rodata, 1584K init, 1348K bss, 77912K reserved, 0K cma-reserved)
[STDERR  ] 2019-03-08T16:37:42.242826995Z: [    4.859256] ftrace: allocating 43274 entries in 170 pages
[STDERR  ] 2019-03-08T16:37:42.242865360Z: [    5.359301] rcu: Hierarchical RCU implementation.
[STDERR  ] 2019-03-08T16:37:42.242890277Z: [    5.359515] rcu: 	RCU restricting CPUs from NR_CPUS=128 to nr_cpu_ids=1.
[STDERR  ] 2019-03-08T16:37:42.242915089Z: [    5.359716] rcu: RCU calculated value of scheduler-enlistment delay is 100 jiffies.
[STDERR  ] 2019-03-08T16:37:42.242947103Z: [    5.359766] rcu: Adjusting geometry for rcu_fanout_leaf=16, nr_cpu_ids=1
[STDERR  ] 2019-03-08T16:37:42.242975571Z: [    5.424444] NR_IRQS: 8448, nr_irqs: 256, preallocated irqs: 16
[STDERR  ] 2019-03-08T16:37:42.243007454Z: [    5.440260] Console: colour VGA+ 80x25
[STDERR  ] 2019-03-08T16:37:42.243035289Z: [    5.486620] printk: console [ttyS0] enabled
[STDERR  ] 2019-03-08T16:37:42.243065348Z: [    5.487527] ACPI: Core revision 20181003
[STDERR  ] 2019-03-08T16:37:42.243089954Z: [    5.498642] clocksource: hpet: mask: 0xffffffff max_cycles: 0xffffffff, max_idle_ns: 19112604467 ns
[STDERR  ] 2019-03-08T16:37:42.243113593Z: [    5.506081] APIC: Switch to symmetric I/O mode setup
[STDERR  ] 2019-03-08T16:37:42.243136821Z: [    5.513503] ..TIMER: vector=0x30 apic1=0 pin1=2 apic2=-1 pin2=-1
[STDERR  ] 2019-03-08T16:37:42.243164480Z: [    5.520199] clocksource: tsc-early: mask: 0xffffffffffffffff max_cycles: 0x25794f448be, max_idle_ns: 440795309986 ns
[STDERR  ] 2019-03-08T16:37:42.243207118Z: [    5.523759] Calibrating delay loop (skipped), value calculated using timer frequency.. 5199.49 BogoMIPS (lpj=2599749)
[STDERR  ] 2019-03-08T16:37:42.243231074Z: [    5.527928] pid_max: default: 32768 minimum: 301
[STDERR  ] 2019-03-08T16:37:42.243258327Z: [    5.531134] LSM: Security Framework initializing
[STDERR  ] 2019-03-08T16:37:42.243284949Z: [    5.531984] Yama: becoming mindful.
[STDERR  ] 2019-03-08T16:37:42.243310276Z: [    5.536032] Mount-cache hash table entries: 2048 (order: 2, 16384 bytes)
[STDERR  ] 2019-03-08T16:37:42.243334957Z: [    5.536859] Mountpoint-cache hash table entries: 2048 (order: 2, 16384 bytes)
[STDERR  ] 2019-03-08T16:37:42.243367573Z: [    5.563822] Last level iTLB entries: 4KB 0, 2MB 0, 4MB 0
[STDERR  ] 2019-03-08T16:37:42.243392561Z: [    5.564389] Last level dTLB entries: 4KB 0, 2MB 0, 4MB 0, 1GB 0
[STDERR  ] 2019-03-08T16:37:42.243417089Z: [    5.564966] Spectre V2 : Spectre mitigation: LFENCE not serializing, switching to generic retpoline
[STDERR  ] 2019-03-08T16:37:42.243443839Z: [    5.565825] Spectre V2 : Mitigation: Full generic retpoline
[STDERR  ] 2019-03-08T16:37:42.243469112Z: [    5.566834] Spectre V2 : Spectre v2 / SpectreRSB mitigation: Filling RSB on context switch
[STDERR  ] 2019-03-08T16:37:42.243501030Z: [    5.567901] Speculative Store Bypass: Vulnerable
[STDERR  ] 2019-03-08T16:37:42.243530072Z: [    5.763190] random: fast init done
[STDERR  ] 2019-03-08T16:37:42.243557696Z: [    5.901887] Freeing SMP alternatives memory: 20K
[STDERR  ] 2019-03-08T16:37:42.243593308Z: [    5.926759] smpboot: CPU0: AMD QEMU Virtual CPU version 2.5+ (family: 0x6, model: 0x6, stepping: 0x3)
[STDERR  ] 2019-03-08T16:37:42.243617523Z: [    5.937628] Performance Events: PMU not available due to virtualization, using software events only.
[STDERR  ] 2019-03-08T16:37:42.243646250Z: [    5.941985] rcu: Hierarchical SRCU implementation.
[STDERR  ] 2019-03-08T16:37:42.243682171Z: [    5.948379] NMI watchdog: Perf NMI watchdog permanently disabled
[STDERR  ] 2019-03-08T16:37:42.243718024Z: [    5.954028] smp: Bringing up secondary CPUs ...
[STDERR  ] 2019-03-08T16:37:42.243748532Z: [    5.954600] smp: Brought up 1 node, 1 CPU
[STDERR  ] 2019-03-08T16:37:42.243776557Z: [    5.954844] smpboot: Max logical packages: 1
[STDERR  ] 2019-03-08T16:37:42.243803630Z: [    5.955299] smpboot: Total of 1 processors activated (5199.49 BogoMIPS)
[STDERR  ] 2019-03-08T16:37:42.243855015Z: [    5.974112] devtmpfs: initialized
[STDERR  ] 2019-03-08T16:37:42.243888065Z: [    5.979671] x86/mm: Memory block size: 128MB
[STDERR  ] 2019-03-08T16:37:42.243920776Z: [    5.993115] clocksource: jiffies: mask: 0xffffffff max_cycles: 0xffffffff, max_idle_ns: 1911260446275000 ns
[STDERR  ] 2019-03-08T16:37:42.243949363Z: [    5.993994] futex hash table entries: 256 (order: 2, 16384 bytes)
[STDERR  ] 2019-03-08T16:37:42.243980354Z: [    6.011389] NET: Registered protocol family 16
[STDERR  ] 2019-03-08T16:37:42.244010979Z: [    6.016470] audit: initializing netlink subsys (disabled)
[STDERR  ] 2019-03-08T16:37:42.244039602Z: [    6.022280] audit: type=2000 audit(1552062960.512:1): state=initialized audit_enabled=0 res=1
[STDERR  ] 2019-03-08T16:37:42.244067017Z: [    6.026011] cpuidle: using governor ladder
[STDERR  ] 2019-03-08T16:37:42.244096977Z: [    6.026625] cpuidle: using governor menu
[STDERR  ] 2019-03-08T16:37:42.244126744Z: [    6.029473] ACPI: bus type PCI registered
[STDERR  ] 2019-03-08T16:37:42.244158348Z: [    6.033197] PCI: MMCONFIG for domain 0000 [bus 00-ff] at [mem 0xb0000000-0xbfffffff] (base 0xb0000000)
[STDERR  ] 2019-03-08T16:37:42.244185972Z: [    6.034037] PCI: MMCONFIG at [mem 0xb0000000-0xbfffffff] reserved in E820
[STDERR  ] 2019-03-08T16:37:42.244225023Z: [    6.036247] PCI: Using configuration type 1 for base access
[STDERR  ] 2019-03-08T16:37:42.244262286Z: [    6.108985] HugeTLB registered 2.00 MiB page size, pre-allocated 0 pages
[STDERR  ] 2019-03-08T16:37:42.244300562Z: [    6.116377] cryptd: max_cpu_qlen set to 1000
[STDERR  ] 2019-03-08T16:37:42.244343859Z: [    6.124595] ACPI: Added _OSI(Module Device)
[STDERR  ] 2019-03-08T16:37:42.244370463Z: [    6.124841] ACPI: Added _OSI(Processor Device)
[STDERR  ] 2019-03-08T16:37:42.244395689Z: [    6.125794] ACPI: Added _OSI(3.0 _SCP Extensions)
[STDERR  ] 2019-03-08T16:37:42.244421858Z: [    6.126307] ACPI: Added _OSI(Processor Aggregator Device)
[STDERR  ] 2019-03-08T16:37:42.244455880Z: [    6.126954] ACPI: Added _OSI(Linux-Dell-Video)
[STDERR  ] 2019-03-08T16:37:42.244481893Z: [    6.127397] ACPI: Added _OSI(Linux-Lenovo-NV-HDMI-Audio)
[STDERR  ] 2019-03-08T16:37:42.244513116Z: [    6.192094] ACPI: 1 ACPI AML tables successfully acquired and loaded
[STDERR  ] 2019-03-08T16:37:42.244539635Z: [    6.230074] ACPI: Interpreter enabled
[STDERR  ] 2019-03-08T16:37:42.244566424Z: [    6.231371] ACPI: (supports S0 S5)
[STDERR  ] 2019-03-08T16:37:42.244597572Z: [    6.231963] ACPI: Using IOAPIC for interrupt routing
[STDERR  ] 2019-03-08T16:37:42.244624981Z: [    6.235114] PCI: Using host bridge windows from ACPI; if necessary, use "pci=nocrs" and report a bug
[STDERR  ] 2019-03-08T16:37:42.244649925Z: [    6.239759] ACPI: Enabled 2 GPEs in block 00 to 3F
[STDERR  ] 2019-03-08T16:37:42.244682679Z: [    6.324272] ACPI: PCI Root Bridge [PCI0] (domain 0000 [bus 00-ff])
[STDERR  ] 2019-03-08T16:37:42.244708432Z: [    6.325400] acpi PNP0A08:00: _OSC: OS supports [ExtendedConfig ASPM ClockPM Segments MSI]
[STDERR  ] 2019-03-08T16:37:42.244734599Z: [    6.330198] acpi PNP0A08:00: _OSC: platform does not support [SHPCHotplug LTR]
[STDERR  ] 2019-03-08T16:37:42.244759876Z: [    6.334107] acpi PNP0A08:00: _OSC: OS now controls [PCIeHotplug PME PCIeCapability]
[STDERR  ] 2019-03-08T16:37:42.244791109Z: [    6.339252] PCI host bridge to bus 0000:00
[STDERR  ] 2019-03-08T16:37:42.244825794Z: [    6.339976] pci_bus 0000:00: root bus resource [io  0x0000-0x0cf7 window]
[STDERR  ] 2019-03-08T16:37:42.244863916Z: [    6.340568] pci_bus 0000:00: root bus resource [io  0x0d00-0xffff window]
[STDERR  ] 2019-03-08T16:37:42.244889939Z: [    6.340814] pci_bus 0000:00: root bus resource [mem 0x000a0000-0x000bffff window]
[STDERR  ] 2019-03-08T16:37:42.244920047Z: [    6.341805] pci_bus 0000:00: root bus resource [mem 0xc0000000-0xfebfffff window]
[STDERR  ] 2019-03-08T16:37:42.244945552Z: [    6.342866] pci_bus 0000:00: root bus resource [bus 00-ff]
[STDERR  ] 2019-03-08T16:37:42.244972233Z: [    6.408951] pci 0000:00:1f.0: quirk: [io  0x0600-0x067f] claimed by ICH6 ACPI/GPIO/TCO
[STDERR  ] 2019-03-08T16:37:42.245000762Z: [    6.459000] ACPI: PCI Interrupt Link [LNKA] (IRQs 5 *10 11)
[STDERR  ] 2019-03-08T16:37:42.245033404Z: [    6.461866] ACPI: PCI Interrupt Link [LNKB] (IRQs 5 *10 11)
[STDERR  ] 2019-03-08T16:37:42.245066828Z: [    6.464187] ACPI: PCI Interrupt Link [LNKC] (IRQs 5 10 *11)
[STDERR  ] 2019-03-08T16:37:42.245093873Z: [    6.466460] ACPI: PCI Interrupt Link [LNKD] (IRQs 5 10 *11)
[STDERR  ] 2019-03-08T16:37:42.245123270Z: [    6.468811] ACPI: PCI Interrupt Link [LNKE] (IRQs 5 *10 11)
[STDERR  ] 2019-03-08T16:37:42.245150866Z: [    6.471153] ACPI: PCI Interrupt Link [LNKF] (IRQs 5 *10 11)
[STDERR  ] 2019-03-08T16:37:42.245181532Z: [    6.473426] ACPI: PCI Interrupt Link [LNKG] (IRQs 5 10 *11)
[STDERR  ] 2019-03-08T16:37:42.245217642Z: [    6.475854] ACPI: PCI Interrupt Link [LNKH] (IRQs 5 10 *11)
[STDERR  ] 2019-03-08T16:37:42.245245024Z: [    6.476998] ACPI: PCI Interrupt Link [GSIA] (IRQs *16)
[STDERR  ] 2019-03-08T16:37:42.245276027Z: [    6.477879] ACPI: PCI Interrupt Link [GSIB] (IRQs *17)
[STDERR  ] 2019-03-08T16:37:42.245302621Z: [    6.478593] ACPI: PCI Interrupt Link [GSIC] (IRQs *18)
[STDERR  ] 2019-03-08T16:37:42.245327815Z: [    6.479066] ACPI: PCI Interrupt Link [GSID] (IRQs *19)
[STDERR  ] 2019-03-08T16:37:42.245358244Z: [    6.480107] ACPI: PCI Interrupt Link [GSIE] (IRQs *20)
[STDERR  ] 2019-03-08T16:37:42.245384470Z: [    6.481065] ACPI: PCI Interrupt Link [GSIF] (IRQs *21)
[STDERR  ] 2019-03-08T16:37:42.245412080Z: [    6.481979] ACPI: PCI Interrupt Link [GSIG] (IRQs *22)
[STDERR  ] 2019-03-08T16:37:42.245445302Z: [    6.482672] ACPI: PCI Interrupt Link [GSIH] (IRQs *23)
[STDERR  ] 2019-03-08T16:37:42.245475854Z: [    6.495538] SCSI subsystem initialized
[STDERR  ] 2019-03-08T16:37:42.245502075Z: [    6.499159] ACPI: bus type USB registered
[STDERR  ] 2019-03-08T16:37:42.245528092Z: [    6.500420] usbcore: registered new interface driver usbfs
[STDERR  ] 2019-03-08T16:37:42.245553760Z: [    6.501400] usbcore: registered new interface driver hub
[STDERR  ] 2019-03-08T16:37:42.245580070Z: [    6.502832] usbcore: registered new device driver usb
[STDERR  ] 2019-03-08T16:37:42.245605651Z: [    6.504132] pps_core: LinuxPPS API ver. 1 registered
[STDERR  ] 2019-03-08T16:37:42.245632325Z: [    6.504661] pps_core: Software ver. 5.3.6 - Copyright 2005-2007 Rodolfo Giometti <giometti@linux.it>
[STDERR  ] 2019-03-08T16:37:42.245658326Z: [    6.505935] PTP clock support registered
[STDERR  ] 2019-03-08T16:37:42.245684688Z: [    6.510819] PCI: Using ACPI for IRQ routing
[STDERR  ] 2019-03-08T16:37:42.245739201Z: [    6.539942] NetLabel: Initializing
[STDERR  ] 2019-03-08T16:37:42.245766158Z: [    6.540553] NetLabel:  domain hash size = 128
[STDERR  ] 2019-03-08T16:37:42.245791965Z: [    6.540800] NetLabel:  protocols = UNLABELED CIPSOv4 CALIPSO
[STDERR  ] 2019-03-08T16:37:42.245817553Z: [    6.544361] NetLabel:  unlabeled traffic allowed by default
[STDERR  ] 2019-03-08T16:37:42.245850879Z: [    6.546186] HPET: 3 timers in total, 0 timers will be used for per-cpu timer
[STDERR  ] 2019-03-08T16:37:42.245876473Z: [    6.547114] hpet0: at MMIO 0xfed00000, IRQs 2, 8, 0
[STDERR  ] 2019-03-08T16:37:42.245908116Z: [    6.548465] hpet0: 3 comparators, 64-bit 100.000000 MHz counter
[STDERR  ] 2019-03-08T16:37:42.245934186Z: [    6.557299] clocksource: Switched to clocksource tsc-early
[STDERR  ] 2019-03-08T16:37:42.245965484Z: [    7.202985] VFS: Disk quotas dquot_6.6.0
[STDERR  ] 2019-03-08T16:37:42.245992094Z: [    7.204250] VFS: Dquot-cache hash table entries: 512 (order 0, 4096 bytes)
[STDERR  ] 2019-03-08T16:37:42.246018183Z: [    7.209076] FS-Cache: Loaded
[STDERR  ] 2019-03-08T16:37:42.246044402Z: [    7.217239] CacheFiles: Loaded
[STDERR  ] 2019-03-08T16:37:42.246069788Z: [    7.219084] pnp: PnP ACPI init
[STDERR  ] 2019-03-08T16:37:42.246095128Z: [    7.234284] pnp: PnP ACPI: found 5 devices
[STDERR  ] 2019-03-08T16:37:42.246121186Z: [    7.287473] clocksource: acpi_pm: mask: 0xffffff max_cycles: 0xffffff, max_idle_ns: 2085701024 ns
[STDERR  ] 2019-03-08T16:37:42.246146846Z: [    7.292648] NET: Registered protocol family 2
[STDERR  ] 2019-03-08T16:37:42.246172809Z: [    7.304865] tcp_listen_portaddr_hash hash table entries: 512 (order: 1, 8192 bytes)
[STDERR  ] 2019-03-08T16:37:42.246213262Z: [    7.306426] TCP established hash table entries: 8192 (order: 4, 65536 bytes)
[STDERR  ] 2019-03-08T16:37:42.246238939Z: [    7.307606] TCP bind hash table entries: 8192 (order: 5, 131072 bytes)
[STDERR  ] 2019-03-08T16:37:42.246300842Z: [    7.308916] TCP: Hash tables configured (established 8192 bind 8192)
[STDERR  ] 2019-03-08T16:37:42.246326232Z: [    7.311759] UDP hash table entries: 512 (order: 2, 16384 bytes)
[STDERR  ] 2019-03-08T16:37:42.246352388Z: [    7.313057] UDP-Lite hash table entries: 512 (order: 2, 16384 bytes)
[STDERR  ] 2019-03-08T16:37:42.246378108Z: [    7.322455] NET: Registered protocol family 1
[STDERR  ] 2019-03-08T16:37:42.246403956Z: [    7.323485] NET: Registered protocol family 44
[STDERR  ] 2019-03-08T16:37:42.246431245Z: [    7.324557] pci 0000:00:01.0: Video device with shadowed ROM at [mem 0x000c0000-0x000dffff]
[STDERR  ] 2019-03-08T16:37:42.246456591Z: [    7.333508] Trying to unpack rootfs image as initramfs...
[STDERR  ] 2019-03-08T16:37:42.246483332Z: [   14.496173] Freeing initrd memory: 32780K
[STDERR  ] 2019-03-08T16:37:42.246509495Z: [   15.523383] tsc: Refined TSC clocksource calibration: 2599.759 MHz
[STDERR  ] 2019-03-08T16:37:42.246536293Z: [   15.524518] clocksource: tsc: mask: 0xffffffffffffffff max_cycles: 0x2579582e86f, max_idle_ns: 440795221485 ns
[STDERR  ] 2019-03-08T16:37:42.246565968Z: [   15.526239] clocksource: Switched to clocksource tsc
[STDERR  ] 2019-03-08T16:37:42.246599001Z: [   16.126242] PCLMULQDQ-NI instructions are not detected.
[STDERR  ] 2019-03-08T16:37:42.246625759Z: [   16.192560] AVX or AES-NI instructions are not detected.
[STDERR  ] 2019-03-08T16:37:42.246652352Z: [   16.193640] CPU feature 'AVX registers' is not supported.
[STDERR  ] 2019-03-08T16:37:42.246678783Z: [   16.194594] CPU feature 'AVX registers' is not supported.
[STDERR  ] 2019-03-08T16:37:42.246704677Z: [   16.195570] CPU feature 'AVX registers' is not supported.
[STDERR  ] 2019-03-08T16:37:42.246730069Z: [   16.196518] CPU feature 'AVX registers' is not supported.
[STDERR  ] 2019-03-08T16:37:42.246757017Z: [   16.197409] AVX2 or AES-NI instructions are not detected.
[STDERR  ] 2019-03-08T16:37:42.246783774Z: [   16.198282] AVX2 instructions are not detected.
[STDERR  ] 2019-03-08T16:37:42.246810890Z: [   16.214119] workingset: timestamp_bits=46 max_order=18 bucket_order=0
[STDERR  ] 2019-03-08T16:37:42.246836739Z: [   16.223532] squashfs: version 4.0 (2009/01/31) Phillip Lougher
[STDERR  ] 2019-03-08T16:37:42.246871042Z: [   16.228799] FS-Cache: Netfs 'cifs' registered for caching
[STDERR  ] 2019-03-08T16:37:42.246896361Z: [   16.231840] fuse init (API version 7.28)
[STDERR  ] 2019-03-08T16:37:42.246922002Z: [   16.235935] SGI XFS with ACLs, security attributes, no debug enabled
[STDERR  ] 2019-03-08T16:37:42.246952761Z: [   16.244288] 9p: Installing v9fs 9p2000 file system support
[STDERR  ] 2019-03-08T16:37:42.246979340Z: [   16.245342] FS-Cache: Netfs '9p' registered for caching
[STDERR  ] 2019-03-08T16:37:42.247004031Z: [   21.160077] NET: Registered protocol family 38
[STDERR  ] 2019-03-08T16:37:42.247029940Z: [   21.160833] Key type asymmetric registered
[STDERR  ] 2019-03-08T16:37:42.247061873Z: [   21.161474] Asymmetric key parser 'x509' registered
[STDERR  ] 2019-03-08T16:37:42.247088562Z: [   21.162550] Block layer SCSI generic (bsg) driver version 0.4 loaded (major 247)
[STDERR  ] 2019-03-08T16:37:42.247114871Z: [   21.165573] io scheduler noop registered
[STDERR  ] 2019-03-08T16:37:42.247140747Z: [   21.166243] io scheduler deadline registered (default)
[STDERR  ] 2019-03-08T16:37:42.247165686Z: [   21.167676] io scheduler cfq registered
[STDERR  ] 2019-03-08T16:37:42.247191347Z: [   21.168427] io scheduler mq-deadline registered (default)
[STDERR  ] 2019-03-08T16:37:42.247227885Z: [   21.169102] io scheduler kyber registered
[STDERR  ] 2019-03-08T16:37:42.247260254Z: [   21.173072] shpchp: Standard Hot Plug PCI Controller Driver version: 0.4
[STDERR  ] 2019-03-08T16:37:42.247287077Z: [   21.174291] hv_vmbus: registering driver hyperv_fb
[STDERR  ] 2019-03-08T16:37:42.247318137Z: [   21.178808] input: Power Button as /devices/LNXSYSTM:00/LNXPWRBN:00/input/input0
[STDERR  ] 2019-03-08T16:37:42.247343678Z: [   21.183080] ACPI: Power Button [PWRF]
[STDERR  ] 2019-03-08T16:37:42.247369768Z: [   21.207895] PCI Interrupt Link [GSIG] enabled at IRQ 22
[STDERR  ] 2019-03-08T16:37:42.247395299Z: [   21.227104] PCI Interrupt Link [GSIH] enabled at IRQ 23
[STDERR  ] 2019-03-08T16:37:42.247421729Z: [   21.236680] Serial: 8250/16550 driver, 4 ports, IRQ sharing disabled
[STDERR  ] 2019-03-08T16:37:42.247447999Z: [   21.263355] 00:04: ttyS0 at I/O 0x3f8 (irq = 4, base_baud = 115200) is a 16550A
[STDERR  ] 2019-03-08T16:37:42.247478155Z: [   21.277795] Non-volatile memory driver v1.3
[STDERR  ] 2019-03-08T16:37:42.247504236Z: [   21.287433] Hangcheck: starting hangcheck timer 0.9.1 (tick is 180 seconds, margin is 60 seconds).
[STDERR  ] 2019-03-08T16:37:42.247530746Z: [   21.291523] random: crng init done
[STDERR  ] 2019-03-08T16:37:42.247577718Z: [   21.415136] brd: module loaded
[STDERR  ] 2019-03-08T16:37:42.247608328Z: [   21.477514] loop: module loaded
[STDERR  ] 2019-03-08T16:37:42.247634079Z: [   21.599093] lpc_ich 0000:00:1f.0: I/O space for GPIO uninitialized
[STDERR  ] 2019-03-08T16:37:42.247667827Z: [   21.602445] VMware PVSCSI driver - version 1.0.7.0-k
[STDERR  ] 2019-03-08T16:37:42.247694121Z: [   21.603664] hv_vmbus: registering driver hv_storvsc
[STDERR  ] 2019-03-08T16:37:42.247730937Z: [   21.622776] PCI Interrupt Link [GSIA] enabled at IRQ 16
[STDERR  ] 2019-03-08T16:37:42.247756781Z: [   21.632862] ahci 0000:00:1f.2: AHCI 0001.0000 32 slots 6 ports 1.5 Gbps 0x3f impl SATA mode
[STDERR  ] 2019-03-08T16:37:42.247782838Z: [   21.633983] ahci 0000:00:1f.2: flags: 64bit ncq only 
[STDERR  ] 2019-03-08T16:37:42.247814985Z: [   21.660160] scsi host0: ahci
[STDERR  ] 2019-03-08T16:37:42.247840798Z: [   21.665626] scsi host1: ahci
[STDERR  ] 2019-03-08T16:37:42.247871261Z: [   21.669148] scsi host2: ahci
[STDERR  ] 2019-03-08T16:37:42.247896694Z: [   21.672084] scsi host3: ahci
[STDERR  ] 2019-03-08T16:37:42.247928241Z: [   21.674742] scsi host4: ahci
[STDERR  ] 2019-03-08T16:37:42.247954153Z: [   21.678028] scsi host5: ahci
[STDERR  ] 2019-03-08T16:37:42.247984155Z: [   21.680123] ata1: SATA max UDMA/133 abar m4096@0xfebd2000 port 0xfebd2100 irq 24
[STDERR  ] 2019-03-08T16:37:42.248017082Z: [   21.681010] ata2: SATA max UDMA/133 abar m4096@0xfebd2000 port 0xfebd2180 irq 24
[STDERR  ] 2019-03-08T16:37:42.248042921Z: [   21.681623] ata3: SATA max UDMA/133 abar m4096@0xfebd2000 port 0xfebd2200 irq 24
[STDERR  ] 2019-03-08T16:37:42.248069197Z: [   21.682677] ata4: SATA max UDMA/133 abar m4096@0xfebd2000 port 0xfebd2280 irq 24
[STDERR  ] 2019-03-08T16:37:42.248099007Z: [   21.683487] ata5: SATA max UDMA/133 abar m4096@0xfebd2000 port 0xfebd2300 irq 24
[STDERR  ] 2019-03-08T16:37:42.248125116Z: [   21.684332] ata6: SATA max UDMA/133 abar m4096@0xfebd2000 port 0xfebd2380 irq 24
[STDERR  ] 2019-03-08T16:37:42.248156225Z: [   21.705521] tun: Universal TUN/TAP device driver, 1.6
[STDERR  ] 2019-03-08T16:37:42.248181793Z: [   21.723109] VMware vmxnet3 virtual NIC driver - version 1.4.16.0-k-NAPI
[STDERR  ] 2019-03-08T16:37:42.248228461Z: [   21.724382] hv_vmbus: registering driver hv_netvsc
[STDERR  ] 2019-03-08T16:37:42.248258992Z: [   21.725057] Fusion MPT base driver 3.04.20
[STDERR  ] 2019-03-08T16:37:42.248285600Z: [   21.725405] Copyright (c) 1999-2008 LSI Corporation
[STDERR  ] 2019-03-08T16:37:42.248317609Z: [   21.726242] Fusion MPT SPI Host driver 3.04.20
[STDERR  ] 2019-03-08T16:37:42.248342719Z: [   21.729215] i8042: PNP: PS/2 Controller [PNP0303:KBD,PNP0f13:MOU] at 0x60,0x64 irq 1,12
[STDERR  ] 2019-03-08T16:37:42.248380028Z: [   21.735450] serio: i8042 KBD port at 0x60,0x64 irq 1
[STDERR  ] 2019-03-08T16:37:42.248406152Z: [   21.736522] serio: i8042 AUX port at 0x60,0x64 irq 12
[STDERR  ] 2019-03-08T16:37:42.248431919Z: [   21.740292] hv_vmbus: registering driver hyperv_keyboard
[STDERR  ] 2019-03-08T16:37:42.248458566Z: [   21.743456] mousedev: PS/2 mouse device common for all mice
[STDERR  ] 2019-03-08T16:37:42.248483448Z: [   21.750572] input: PC Speaker as /devices/platform/pcspkr/input/input2
[STDERR  ] 2019-03-08T16:37:42.248510094Z: [   21.753464] input: AT Translated Set 2 keyboard as /devices/platform/i8042/serio0/input/input1
[STDERR  ] 2019-03-08T16:37:42.248542988Z: [   21.758269] rtc_cmos 00:00: RTC can wake from S4
[STDERR  ] 2019-03-08T16:37:42.248568228Z: [   21.766195] rtc_cmos 00:00: registered as rtc0
[STDERR  ] 2019-03-08T16:37:42.248593885Z: [   21.768283] rtc_cmos 00:00: alarms up to one day, y3k, 114 bytes nvram, hpet irqs
[STDERR  ] 2019-03-08T16:37:42.248626001Z: [   21.769419] i2c /dev entries driver
[STDERR  ] 2019-03-08T16:37:42.248651777Z: [   21.772517] device-mapper: ioctl: 4.39.0-ioctl (2018-04-03) initialised: dm-devel@redhat.com
[STDERR  ] 2019-03-08T16:37:42.248678033Z: [   21.780488] usbcore: registered new interface driver usbhid
[STDERR  ] 2019-03-08T16:37:42.248704663Z: [   21.781300] usbhid: USB HID core driver
[STDERR  ] 2019-03-08T16:37:42.248730113Z: [   21.782241] hv_utils: Registering HyperV Utility Driver
[STDERR  ] 2019-03-08T16:37:42.248756797Z: [   21.782724] hv_vmbus: registering driver hv_util
[STDERR  ] 2019-03-08T16:37:42.248782396Z: [   21.783323] hv_vmbus: registering driver hv_balloon
[STDERR  ] 2019-03-08T16:37:42.248813557Z: [   21.784168] oprofile: using NMI interrupt.
[STDERR  ] 2019-03-08T16:37:42.248856790Z: [   21.786238] GACT probability on
[STDERR  ] 2019-03-08T16:37:42.248882672Z: [   21.786710] Mirror/redirect action on
[STDERR  ] 2019-03-08T16:37:42.248911879Z: [   21.787798] Simple TC action Loaded
[STDERR  ] 2019-03-08T16:37:42.248937374Z: [   21.789164] u32 classifier
[STDERR  ] 2019-03-08T16:37:42.248963713Z: [   21.789451]     Performance counters on
[STDERR  ] 2019-03-08T16:37:42.248995009Z: [   21.790133]     input device check on
[STDERR  ] 2019-03-08T16:37:42.249020450Z: [   21.790537]     Actions configured
[STDERR  ] 2019-03-08T16:37:42.249058363Z: [   21.806787] xt_time: kernel timezone is -0000
[STDERR  ] 2019-03-08T16:37:42.249083956Z: [   21.808639] IPVS: Registered protocols (TCP, UDP, SCTP, AH, ESP)
[STDERR  ] 2019-03-08T16:37:42.249115957Z: [   21.809747] IPVS: Connection hash table configured (size=4096, memory=64Kbytes)
[STDERR  ] 2019-03-08T16:37:42.249143600Z: [   21.816486] IPVS: ipvs loaded.
[STDERR  ] 2019-03-08T16:37:42.249169963Z: [   21.817273] IPVS: [rr] scheduler registered.
[STDERR  ] 2019-03-08T16:37:42.249194960Z: [   21.817759] IPVS: [wrr] scheduler registered.
[STDERR  ] 2019-03-08T16:37:42.249230094Z: [   21.818487] IPVS: [lc] scheduler registered.
[STDERR  ] 2019-03-08T16:37:42.249254977Z: [   21.819122] IPVS: [wlc] scheduler registered.
[STDERR  ] 2019-03-08T16:37:42.249285040Z: [   21.819584] IPVS: [fo] scheduler registered.
[STDERR  ] 2019-03-08T16:37:42.249310793Z: [   21.820305] IPVS: [ovf] scheduler registered.
[STDERR  ] 2019-03-08T16:37:42.249341855Z: [   21.821189] IPVS: [lblc] scheduler registered.
[STDERR  ] 2019-03-08T16:37:42.249372239Z: [   21.822141] IPVS: [lblcr] scheduler registered.
[STDERR  ] 2019-03-08T16:37:42.249397614Z: [   21.822741] IPVS: [dh] scheduler registered.
[STDERR  ] 2019-03-08T16:37:42.249428770Z: [   21.823475] IPVS: [sh] scheduler registered.
[STDERR  ] 2019-03-08T16:37:42.249458189Z: [   21.824105] IPVS: [mh] scheduler registered.
[STDERR  ] 2019-03-08T16:37:42.249483316Z: [   21.824488] IPVS: [sed] scheduler registered.
[STDERR  ] 2019-03-08T16:37:42.249513764Z: [   21.825019] IPVS: [nq] scheduler registered.
[STDERR  ] 2019-03-08T16:37:42.249547609Z: [   21.826036] IPVS: ftp: loaded support on port[0] = 21
[STDERR  ] 2019-03-08T16:37:42.249575728Z: [   21.827229] ipip: IPv4 and MPLS over IPv4 tunneling driver
[STDERR  ] 2019-03-08T16:37:42.249601416Z: [   21.833712] gre: GRE over IPv4 demultiplexor driver
[STDERR  ] 2019-03-08T16:37:42.249626492Z: [   21.842768] ipt_CLUSTERIP: ClusterIP Version 0.8 loaded successfully
[STDERR  ] 2019-03-08T16:37:42.249682787Z: [   21.848167] NET: Registered protocol family 10
[STDERR  ] 2019-03-08T16:37:42.249714203Z: [   21.866126] Segment Routing with IPv6
[STDERR  ] 2019-03-08T16:37:42.249739514Z: [   21.879827] NET: Registered protocol family 17
[STDERR  ] 2019-03-08T16:37:42.249764806Z: [   21.881570] Bridge firewalling registered
[STDERR  ] 2019-03-08T16:37:42.249790694Z: [   21.885429] 8021q: 802.1Q VLAN Support v1.8
[STDERR  ] 2019-03-08T16:37:42.249820984Z: [   21.888679] 9pnet: Installing 9P2000 support
[STDERR  ] 2019-03-08T16:37:42.249851964Z: [   21.891201] Key type dns_resolver registered
[STDERR  ] 2019-03-08T16:37:42.249882722Z: [   21.893506] sched_clock: Marking stable (21816350255, 76563279)->(22170910937, -277997403)
[STDERR  ] 2019-03-08T16:37:42.249908785Z: [   21.900062] registered taskstats version 1
[STDERR  ] 2019-03-08T16:37:42.249934628Z: [   22.000916] ata4: SATA link down (SStatus 0 SControl 300)
[STDERR  ] 2019-03-08T16:37:42.249964706Z: [   22.004221] ata3: SATA link up 1.5 Gbps (SStatus 113 SControl 300)
[STDERR  ] 2019-03-08T16:37:42.249990618Z: [   22.007455] ata2: SATA link down (SStatus 0 SControl 300)
[STDERR  ] 2019-03-08T16:37:42.250016758Z: [   22.008379] ata1: SATA link down (SStatus 0 SControl 300)
[STDERR  ] 2019-03-08T16:37:42.250047638Z: [   22.009123] ata6: SATA link down (SStatus 0 SControl 300)
[STDERR  ] 2019-03-08T16:37:42.250073560Z: [   22.009694] ata5: SATA link down (SStatus 0 SControl 300)
[STDERR  ] 2019-03-08T16:37:42.250116238Z: [   22.016407] ata3.00: ATAPI: QEMU DVD-ROM, 2.5+, max UDMA/100
[STDERR  ] 2019-03-08T16:37:42.250142259Z: [   22.017331] ata3.00: applying bridge limits
[STDERR  ] 2019-03-08T16:37:42.250172708Z: [   22.027367] ata3.00: configured for UDMA/100
[STDERR  ] 2019-03-08T16:37:42.250209556Z: [   22.055796] scsi 2:0:0:0: CD-ROM            QEMU     QEMU DVD-ROM     2.5+ PQ: 0 ANSI: 5
[STDERR  ] 2019-03-08T16:37:42.250240051Z: [   22.093205] sr 2:0:0:0: [sr0] scsi3-mmc drive: 4x/4x cd/rw xa/form2 tray
[STDERR  ] 2019-03-08T16:37:42.250291250Z: [   22.094339] cdrom: Uniform CD-ROM driver Revision: 3.20
[STDERR  ] 2019-03-08T16:37:42.250316753Z: [   22.116523] sr 2:0:0:0: Attached scsi generic sg0 type 5
[STDERR  ] 2019-03-08T16:37:42.250341311Z: [   22.429043] Key type big_key registered
[STDERR  ] 2019-03-08T16:37:42.250366976Z: [   22.648281] Key type trusted registered
[STDERR  ] 2019-03-08T16:37:42.250391946Z: [   22.853696] Key type encrypted registered
[STDERR  ] 2019-03-08T16:37:42.250421548Z: [   22.855282] ima: No TPM chip found, activating TPM-bypass!
[STDERR  ] 2019-03-08T16:37:42.250455789Z: [   22.856369] ima: Allocated hash algorithm: sha256
[STDERR  ] 2019-03-08T16:37:42.250490572Z: [   22.861435] evm: Initialising EVM extended attributes:
[STDERR  ] 2019-03-08T16:37:42.250515577Z: [   22.862096] evm: security.ima
[STDERR  ] 2019-03-08T16:37:42.250541399Z: [   22.862371] evm: security.capability
[STDERR  ] 2019-03-08T16:37:42.250571057Z: [   22.862708] evm: HMAC attrs: 0x1
[STDERR  ] 2019-03-08T16:37:42.250601459Z: [   22.876220] rtc_cmos 00:00: setting system clock to 2019-03-08 16:36:18 UTC (1552062978)
[STDERR  ] 2019-03-08T16:37:42.250627194Z: [   23.086568] Freeing unused kernel image memory: 1584K
[STDERR  ] 2019-03-08T16:37:42.250651898Z: [   23.088443] Write protecting the kernel read-only data: 18432k
[STDERR  ] 2019-03-08T16:37:42.250687507Z: [   23.111663] Freeing unused kernel image memory: 2036K
[STDERR  ] 2019-03-08T16:37:42.250717578Z: [   23.120673] Freeing unused kernel image memory: 1004K
[STDERR  ] 2019-03-08T16:37:42.250743699Z: [   23.122298] Run /init as init process
[STDERR  ] 2019-03-08T16:37:42.250768291Z: 
[STDERR  ] 2019-03-08T16:37:42.250799957Z: Welcome to LinuxKit
[STDERR  ] 2019-03-08T16:37:42.250824740Z: 
[STDERR  ] 2019-03-08T16:37:42.250855349Z:                         ##         .
[STDERR  ] 2019-03-08T16:37:42.250886636Z:                   ## ## ##        ==
[STDERR  ] 2019-03-08T16:37:42.250916719Z:                ## ## ## ## ##    ===
[STDERR  ] 2019-03-08T16:37:42.250941518Z:            /"""""""""""""""""\___/ ===
[STDERR  ] 2019-03-08T16:37:42.250967598Z:           {                       /  ===-
[STDERR  ] 2019-03-08T16:37:42.250992780Z:            \______ O           __/
[STDERR  ] 2019-03-08T16:37:42.251022578Z:              \    \         __/
[STDERR  ] 2019-03-08T16:37:42.251049200Z:               \____\_______/
[STDERR  ] 2019-03-08T16:37:42.251079637Z: 
[STDERR  ] 2019-03-08T16:37:42.251105766Z: [   69.751597] RPC: Registered named UNIX socket transport module.
[STDERR  ] 2019-03-08T16:37:42.251136809Z: [   69.752981] RPC: Registered udp transport module.
[STDERR  ] 2019-03-08T16:37:42.251162102Z: [   69.753622] RPC: Registered tcp transport module.
[STDERR  ] 2019-03-08T16:37:42.251195431Z: [   69.754405] RPC: Registered tcp NFSv4.1 backchannel transport module.
[STDERR  ] 2019-03-08T16:37:42.251237847Z: [   70.067371] FS-Cache: Netfs 'nfs' registered for caching
[STDERR  ] 2019-03-08T16:37:42.251267581Z: [   70.374675] Installing knfsd (copyright (C) 1996 okir@monad.swb.de).
[STDERR  ] 2019-03-08T16:37:42.251293831Z: [   70.507354] ntfs: driver 2.1.32 [Flags: R/O MODULE].
[STDERR  ] 2019-03-08T16:37:42.251319659Z: starting kernel config sanity test with /proc/config.gz
[STDERR  ] 2019-03-08T16:37:42.251350286Z: kernel config test succeeded!
[STDERR  ] 2019-03-08T16:37:42.251376288Z: [37minfo: reading kernel config from /proc/config.gz ...[m
[STDERR  ] 2019-03-08T16:37:42.251402220Z: 
[STDERR  ] 2019-03-08T16:37:42.251428206Z: Generally Necessary:
[STDERR  ] 2019-03-08T16:37:42.251460270Z: - [37mcgroup hierarchy[m: [32mproperly mounted[m [/sys/fs/cgroup]
[STDERR  ] 2019-03-08T16:37:42.251486805Z: - [37mCONFIG_NAMESPACES[m: [32menabled[m
[STDERR  ] 2019-03-08T16:37:42.251512047Z: - [37mCONFIG_NET_NS[m: [32menabled[m
[STDERR  ] 2019-03-08T16:37:42.251537339Z: - [37mCONFIG_PID_NS[m: [32menabled[m
[STDERR  ] 2019-03-08T16:37:42.251568940Z: - [37mCONFIG_IPC_NS[m: [32menabled[m
[STDERR  ] 2019-03-08T16:37:42.251594272Z: - [37mCONFIG_UTS_NS[m: [32menabled[m
[STDERR  ] 2019-03-08T16:37:42.251626415Z: - [37mCONFIG_CGROUPS[m: [32menabled[m
[STDERR  ] 2019-03-08T16:37:42.251656324Z: - [37mCONFIG_CGROUP_CPUACCT[m: [32menabled[m
[STDERR  ] 2019-03-08T16:37:42.251681452Z: - [37mCONFIG_CGROUP_DEVICE[m: [32menabled[m
[STDERR  ] 2019-03-08T16:37:42.251715560Z: - [37mCONFIG_CGROUP_FREEZER[m: [32menabled[m
[STDERR  ] 2019-03-08T16:37:42.251745534Z: - [37mCONFIG_CGROUP_SCHED[m: [32menabled[m
[STDERR  ] 2019-03-08T16:37:42.251771759Z: - [37mCONFIG_CPUSETS[m: [32menabled[m
[STDERR  ] 2019-03-08T16:37:42.251801897Z: - [37mCONFIG_MEMCG[m: [32menabled[m
[STDERR  ] 2019-03-08T16:37:42.251827088Z: - [37mCONFIG_KEYS[m: [32menabled[m
[STDERR  ] 2019-03-08T16:37:42.251858113Z: - [37mCONFIG_VETH[m: [32menabled[m
[STDERR  ] 2019-03-08T16:37:42.251887131Z: - [37mCONFIG_BRIDGE[m: [32menabled[m
[STDERR  ] 2019-03-08T16:37:42.251912365Z: - [37mCONFIG_BRIDGE_NETFILTER[m: [32menabled[m
[STDERR  ] 2019-03-08T16:37:42.251938011Z: - [37mCONFIG_NF_NAT_IPV4[m: [32menabled[m
[STDERR  ] 2019-03-08T16:37:42.251968082Z: - [37mCONFIG_IP_NF_FILTER[m: [32menabled[m
[STDERR  ] 2019-03-08T16:37:42.251993518Z: - [37mCONFIG_IP_NF_TARGET_MASQUERADE[m: [32menabled[m
[STDERR  ] 2019-03-08T16:37:42.252030205Z: - [37mCONFIG_NETFILTER_XT_MATCH_ADDRTYPE[m: [32menabled[m
[STDERR  ] 2019-03-08T16:37:42.252092811Z: - [37mCONFIG_NETFILTER_XT_MATCH_CONNTRACK[m: [32menabled[m
[STDERR  ] 2019-03-08T16:37:42.252125554Z: - [37mCONFIG_NETFILTER_XT_MATCH_IPVS[m: [32menabled[m
[STDERR  ] 2019-03-08T16:37:42.252152330Z: - [37mCONFIG_IP_NF_NAT[m: [32menabled[m
[STDERR  ] 2019-03-08T16:37:42.252182759Z: - [37mCONFIG_NF_NAT[m: [32menabled[m
[STDERR  ] 2019-03-08T16:37:42.252217197Z: - [37mCONFIG_NF_NAT_NEEDED[m: [32menabled[m
[STDERR  ] 2019-03-08T16:37:42.252242522Z: - [37mCONFIG_POSIX_MQUEUE[m: [32menabled[m
[STDERR  ] 2019-03-08T16:37:42.252277672Z: 
[STDERR  ] 2019-03-08T16:37:42.252306561Z: Optional Features:
[STDERR  ] 2019-03-08T16:37:42.252333548Z: - [37mCONFIG_USER_NS[m: [32menabled[m
[STDERR  ] 2019-03-08T16:37:42.252363808Z: - [37mCONFIG_SECCOMP[m: [32menabled[m
[STDERR  ] 2019-03-08T16:37:42.252394440Z: - [37mCONFIG_CGROUP_PIDS[m: [32menabled[m
[STDERR  ] 2019-03-08T16:37:42.252419952Z: - [37mCONFIG_MEMCG_SWAP[m: [32menabled[m
[STDERR  ] 2019-03-08T16:37:42.252446754Z: - [37mCONFIG_MEMCG_SWAP_ENABLED[m: [32menabled[m
[STDERR  ] 2019-03-08T16:37:42.252471979Z:     [1;30m(cgroup swap accounting is currently enabled)[m
[STDERR  ] 2019-03-08T16:37:42.252497216Z: - [1mCONFIG_LEGACY_VSYSCALL_NONE[m: [1;31menabled[m
[STDERR  ] 2019-03-08T16:37:42.252527511Z:     [1;30m(containers using eglibc <= 2.13 will not work. Switch to[m
[STDERR  ] 2019-03-08T16:37:42.252553177Z:     [1;30m "CONFIG_VSYSCALL_[NATIVE|EMULATE]" or use "vsyscall=[native|emulate]"[m
[STDERR  ] 2019-03-08T16:37:42.252583326Z:     [1;30m on kernel command line. Note that this will disable ASLR for the,[m
[STDERR  ] 2019-03-08T16:37:42.252609524Z:     [1;30m VDSO which may assist in exploiting security vulnerabilities.)[m
[STDERR  ] 2019-03-08T16:37:42.252639422Z: - [37mCONFIG_BLK_CGROUP[m: [32menabled[m
[STDERR  ] 2019-03-08T16:37:42.252665131Z: - [37mCONFIG_BLK_DEV_THROTTLING[m: [32menabled[m
[STDERR  ] 2019-03-08T16:37:42.252695347Z: - [37mCONFIG_IOSCHED_CFQ[m: [32menabled[m
[STDERR  ] 2019-03-08T16:37:42.252720210Z: - [37mCONFIG_CFQ_GROUP_IOSCHED[m: [32menabled[m
[STDERR  ] 2019-03-08T16:37:42.252749503Z: - [37mCONFIG_CGROUP_PERF[m: [32menabled[m
[STDERR  ] 2019-03-08T16:37:42.252781061Z: - [37mCONFIG_CGROUP_HUGETLB[m: [32menabled[m
[STDERR  ] 2019-03-08T16:37:42.252811116Z: - [37mCONFIG_NET_CLS_CGROUP[m: [32menabled[m
[STDERR  ] 2019-03-08T16:37:42.252836740Z: - [37mCONFIG_CGROUP_NET_PRIO[m: [32menabled[m
[STDERR  ] 2019-03-08T16:37:42.252872582Z: - [37mCONFIG_CFS_BANDWIDTH[m: [32menabled[m
[STDERR  ] 2019-03-08T16:37:42.252907208Z: - [37mCONFIG_FAIR_GROUP_SCHED[m: [32menabled[m
[STDERR  ] 2019-03-08T16:37:42.252932484Z: - [37mCONFIG_RT_GROUP_SCHED[m: [32menabled[m
[STDERR  ] 2019-03-08T16:37:42.252958055Z: - [37mCONFIG_IP_VS[m: [32menabled[m
[STDERR  ] 2019-03-08T16:37:42.252983494Z: - [37mCONFIG_IP_VS_NFCT[m: [32menabled[m
[STDERR  ] 2019-03-08T16:37:42.253008767Z: - [37mCONFIG_IP_VS_RR[m: [32menabled[m
[STDERR  ] 2019-03-08T16:37:42.253033676Z: - [37mCONFIG_EXT4_FS[m: [32menabled[m
[STDERR  ] 2019-03-08T16:37:42.253059658Z: - [37mCONFIG_EXT4_FS_POSIX_ACL[m: [32menabled[m
[STDERR  ] 2019-03-08T16:37:42.253084868Z: - [37mCONFIG_EXT4_FS_SECURITY[m: [32menabled[m
[STDERR  ] 2019-03-08T16:37:42.253110336Z: - Network Drivers:
[STDERR  ] 2019-03-08T16:37:42.253135616Z:   - "[34moverlay[m":
[STDERR  ] 2019-03-08T16:37:42.253162577Z:     - [37mCONFIG_VXLAN[m: [32menabled[m
[STDERR  ] 2019-03-08T16:37:42.253194692Z:       Optional (for encrypted networks):
[STDERR  ] 2019-03-08T16:37:42.253234369Z:       - [37mCONFIG_CRYPTO[m: [32menabled[m
[STDERR  ] 2019-03-08T16:37:42.253264331Z:       - [37mCONFIG_CRYPTO_AEAD[m: [32menabled[m
[STDERR  ] 2019-03-08T16:37:42.253289397Z:       - [37mCONFIG_CRYPTO_GCM[m: [32menabled[m
[STDERR  ] 2019-03-08T16:37:42.253314190Z:       - [37mCONFIG_CRYPTO_SEQIV[m: [32menabled[m
[STDERR  ] 2019-03-08T16:37:42.253359007Z:       - [37mCONFIG_CRYPTO_GHASH[m: [32menabled[m
[STDERR  ] 2019-03-08T16:37:42.253389984Z:       - [37mCONFIG_XFRM[m: [32menabled[m
[STDERR  ] 2019-03-08T16:37:42.253414937Z:       - [37mCONFIG_XFRM_USER[m: [32menabled (as module)[m
[STDERR  ] 2019-03-08T16:37:42.253440012Z:       - [37mCONFIG_XFRM_ALGO[m: [32menabled (as module)[m
[STDERR  ] 2019-03-08T16:37:42.253464045Z:       - [37mCONFIG_INET_ESP[m: [32menabled (as module)[m
[STDERR  ] 2019-03-08T16:37:42.253489220Z:       - [37mCONFIG_INET_XFRM_MODE_TRANSPORT[m: [32menabled (as module)[m
[STDERR  ] 2019-03-08T16:37:42.253519523Z:   - "[34mipvlan[m":
[STDERR  ] 2019-03-08T16:37:42.253544883Z:     - [37mCONFIG_IPVLAN[m: [32menabled[m
[STDERR  ] 2019-03-08T16:37:42.253576173Z:   - "[34mmacvlan[m":
[STDERR  ] 2019-03-08T16:37:42.253601179Z:     - [37mCONFIG_MACVLAN[m: [32menabled[m
[STDERR  ] 2019-03-08T16:37:42.253626183Z:     - [37mCONFIG_DUMMY[m: [32menabled (as module)[m
[STDERR  ] 2019-03-08T16:37:42.253655542Z:   - "[34mftp,tftp client in container[m":
[STDERR  ] 2019-03-08T16:37:42.253680593Z:     - [37mCONFIG_NF_NAT_FTP[m: [32menabled[m
[STDERR  ] 2019-03-08T16:37:42.253710153Z:     - [37mCONFIG_NF_CONNTRACK_FTP[m: [32menabled[m
[STDERR  ] 2019-03-08T16:37:42.253735279Z:     - [37mCONFIG_NF_NAT_TFTP[m: [32menabled[m
[STDERR  ] 2019-03-08T16:37:42.253760503Z:     - [37mCONFIG_NF_CONNTRACK_TFTP[m: [32menabled[m
[STDERR  ] 2019-03-08T16:37:42.253790815Z: - Storage Drivers:
[STDERR  ] 2019-03-08T16:37:42.253816470Z:   - "[34maufs[m":
[STDERR  ] 2019-03-08T16:37:42.253852285Z:     - [1mCONFIG_AUFS_FS[m: [1;31mmissing[m
[STDERR  ] 2019-03-08T16:37:42.253882647Z:   - "[34mbtrfs[m":
[STDERR  ] 2019-03-08T16:37:42.253907982Z:     - [37mCONFIG_BTRFS_FS[m: [32menabled (as module)[m
[STDERR  ] 2019-03-08T16:37:42.253938628Z:     - [37mCONFIG_BTRFS_FS_POSIX_ACL[m: [32menabled[m
[STDERR  ] 2019-03-08T16:37:42.253973136Z:   - "[34mdevicemapper[m":
[STDERR  ] 2019-03-08T16:37:42.254004327Z:     - [37mCONFIG_BLK_DEV_DM[m: [32menabled[m
[STDERR  ] 2019-03-08T16:37:42.254034116Z:     - [37mCONFIG_DM_THIN_PROVISIONING[m: [32menabled[m
[STDERR  ] 2019-03-08T16:37:42.254069096Z:   - "[34moverlay[m":
[STDERR  ] 2019-03-08T16:37:42.254104881Z:     - [37mCONFIG_OVERLAY_FS[m: [32menabled[m
[STDERR  ] 2019-03-08T16:37:42.254137985Z:   - "[34mzfs[m":
[STDERR  ] 2019-03-08T16:37:42.254166936Z:     - [1m/dev/zfs[m: [1;31mmissing[m
[STDERR  ] 2019-03-08T16:37:42.254211703Z:     - [1mzfs command[m: [1;31mmissing[m
[STDERR  ] 2019-03-08T16:37:42.254260943Z:     - [1mzpool command[m: [1;31mmissing[m
[STDERR  ] 2019-03-08T16:37:42.254292478Z: 
[STDERR  ] 2019-03-08T16:37:42.254325341Z: Limits:
[STDERR  ] 2019-03-08T16:37:42.254352345Z: [37m- /proc/sys/kernel/keys/root_maxkeys[m: [32m1000000[m
[STDERR  ] 2019-03-08T16:37:42.254383674Z: 
[STDERR  ] 2019-03-08T16:37:42.254411952Z: Kernel config test suite PASSED
[STDERR  ] 2019-03-08T16:37:42.254443306Z: [  106.550622] ACPI: Preparing to enter system sleep state S5
[STDERR  ] 2019-03-08T16:37:42.254477035Z: [  106.557541] reboot: Power down
[STDERR  ] 2019-03-08T16:37:42.254502779Z: + grep -q suite PASSED
[STDERR  ] 2019-03-08T16:37:42.254533639Z: + echo [    0.000000] Linux version 4.20.14-linuxkit (root@407cade800ac) (gcc version 8.2.0 (Alpine 8.2.0)) #1 SMP Thu Mar 7 23:03:59 UTC 2019
[STDERR  ] 2019-03-08T16:37:42.254558287Z: [    0.000000] Command line: console=ttyS0 console=ttyAMA0
[STDERR  ] 2019-03-08T16:37:42.254579345Z: [    0.000000] x86/fpu: x87 FPU will use FXSAVE
[STDERR  ] 2019-03-08T16:37:42.254621947Z: [    0.000000] BIOS-provided physical RAM map:
[STDERR  ] 2019-03-08T16:37:42.254655968Z: [    0.000000] BIOS-e820: [mem 0x0000000000000000-0x000000000009fbff] usable
[STDERR  ] 2019-03-08T16:37:42.254684586Z: [    0.000000] BIOS-e820: [mem 0x000000000009fc00-0x000000000009ffff] reserved
[STDERR  ] 2019-03-08T16:37:42.254710128Z: [    0.000000] BIOS-e820: [mem 0x00000000000f0000-0x00000000000fffff] reserved
[STDERR  ] 2019-03-08T16:37:42.254752754Z: [    0.000000] BIOS-e820: [mem 0x0000000000100000-0x000000003ffdefff] usable
[STDERR  ] 2019-03-08T16:37:42.254783113Z: [    0.000000] BIOS-e820: [mem 0x000000003ffdf000-0x000000003fffffff] reserved
[STDERR  ] 2019-03-08T16:37:42.254807003Z: [    0.000000] BIOS-e820: [mem 0x00000000b0000000-0x00000000bfffffff] reserved
[PASS    ] linuxkit.kernel.config_4.20.x 126.52s
