[INFO    ] 2017-08-14T14:14:53.106359342Z: Running Test linuxkit.packages.sysctl in /tmp/build/test/cases/040_packages/019_sysctl
[INFO    ] 2017-08-14T14:14:53.10646809Z: Running command: [/bin/sh -x /tmp/build/test/cases/040_packages/019_sysctl/test.sh]
[STDERR  ] 2017-08-14T14:14:53.122102075Z: + set -e
[STDERR  ] 2017-08-14T14:14:53.122187105Z: + . /tmp/build/test/cases/_lib/lib.sh
[STDERR  ] 2017-08-14T14:14:53.122198379Z: + [ -f src/github.com/linuxkit/rtf/lib/lib.sh ]
[STDERR  ] 2017-08-14T14:14:53.129979572Z: + LINUXKIT_TMPDIR=/tmp/build/test/cases/_tmp
[STDERR  ] 2017-08-14T14:14:53.130031489Z: + [ -f /tmp/build/test/cases/_tmp/env.sh ]
[STDERR  ] 2017-08-14T14:14:53.130050647Z: + . /tmp/build/test/cases/_tmp/env.sh
[STDERR  ] 2017-08-14T14:14:53.130067764Z: + export LINUXKIT_EXAMPLES_DIR=/tmp/build/test/cases/../../examples
[STDERR  ] 2017-08-14T14:14:53.130084019Z: + export LINUXKIT_BLUEPRINTS_DIR=/tmp/build/test/cases/../../blueprints
[STDERR  ] 2017-08-14T14:14:53.130097989Z: + RT_CANCEL=253
[STDERR  ] 2017-08-14T14:14:53.130109791Z: + trap clean_up EXIT
[STDERR  ] 2017-08-14T14:14:53.130154323Z: + moby build -output kernel+initrd test-sysctl.yml
[STDERR  ] 2017-08-14T14:14:53.144160809Z: Extract kernel image: linuxkit/kernel:4.9.41
[STDERR  ] 2017-08-14T14:14:54.997923354Z: Add init containers:
[STDERR  ] 2017-08-14T14:14:54.997977998Z: Process init image: linuxkit/init:c7d651da1a5e308c757bc61ce6a41804ea843426
[STDERR  ] 2017-08-14T14:14:56.214425465Z: Process init image: linuxkit/runc:838259153885c0c40460379d6cdb7baebaf3fa36
[STDERR  ] 2017-08-14T14:14:57.42658145Z: Add onboot containers:
[STDERR  ] 2017-08-14T14:14:57.426671403Z:   Create OCI config for linuxkit/sysctl:154913b72c6f1f33eb408609fca9963628e8c051
[STDERR  ] 2017-08-14T14:14:58.69790683Z:   Create OCI config for alpine:3.6
[STDERR  ] 2017-08-14T14:14:59.956463214Z:   Create OCI config for linuxkit/poweroff:1e9876c682c74d0602b7647c628bb0875fb13998
[STDERR  ] 2017-08-14T14:15:01.188157191Z: Add files:
[STDERR  ] 2017-08-14T14:15:01.188232624Z:   check.sh
[STDERR  ] 2017-08-14T14:15:01.189041046Z: Create outputs:
[STDERR  ] 2017-08-14T14:15:05.29875641Z:   test-sysctl-kernel test-sysctl-initrd.img test-sysctl-cmdline
[STDERR  ] 2017-08-14T14:15:05.34777035Z: + linuxkit run test-sysctl
[STDERR  ] 2017-08-14T14:15:05.368529008Z: Unable to find qemu-system-x86_64 within the $PATH. Using a container
[STDERR  ] 2017-08-14T14:15:38.302368242Z: + RESULT=[    0.000000] Linux version 4.9.41-linuxkit (root@e1ede117fb1e) (gcc version 6.3.0 (Alpine 6.3.0) ) #1 SMP Tue Aug 8 12:44:06 UTC 2017
[STDERR  ] 2017-08-14T14:15:38.302429416Z: [    0.000000] Command line: console=ttyS0 page_poison=1
[STDERR  ] 2017-08-14T14:15:38.302443233Z: [    0.000000] x86/fpu: Legacy x87 FPU detected.
[STDERR  ] 2017-08-14T14:15:38.302455124Z: [    0.000000] x86/fpu: Using 'eager' FPU context switches.
[STDERR  ] 2017-08-14T14:15:38.302464739Z: [    0.000000] e820: BIOS-provided physical RAM map:
[STDERR  ] 2017-08-14T14:15:38.302475686Z: [    0.000000] BIOS-e820: [mem 0x0000000000000000-0x000000000009fbff] usable
[STDERR  ] 2017-08-14T14:15:38.30249858Z: [    0.000000] BIOS-e820: [mem 0x000000000009fc00-0x000000000009ffff] reserved
[STDERR  ] 2017-08-14T14:15:38.302509031Z: [    0.000000] BIOS-e820: [mem 0x00000000000f0000-0x00000000000fffff] reserved
[STDERR  ] 2017-08-14T14:15:38.30251868Z: [    0.000000] BIOS-e820: [mem 0x0000000000100000-0x000000003ffdefff] usable
[STDERR  ] 2017-08-14T14:15:38.302528385Z: [    0.000000] BIOS-e820: [mem 0x000000003ffdf000-0x000000003fffffff] reserved
[STDERR  ] 2017-08-14T14:15:38.302540231Z: [    0.000000] BIOS-e820: [mem 0x00000000b0000000-0x00000000bfffffff] reserved
[STDERR  ] 2017-08-14T14:15:38.302550955Z: [    0.000000] BIOS-e820: [mem 0x00000000fed1c000-0x00000000fed1ffff] reserved
[STDERR  ] 2017-08-14T14:15:38.302560616Z: [    0.000000] BIOS-e820: [mem 0x00000000fffc0000-0x00000000ffffffff] reserved
[STDERR  ] 2017-08-14T14:15:38.302577347Z: [    0.000000] NX (Execute Disable) protection: active
[STDERR  ] 2017-08-14T14:15:38.30258771Z: [    0.000000] SMBIOS 2.8 present.
[STDERR  ] 2017-08-14T14:15:38.302605548Z: [    0.000000] e820: last_pfn = 0x3ffdf max_arch_pfn = 0x400000000
[STDERR  ] 2017-08-14T14:15:38.302614965Z: [    0.000000] x86/PAT: Configuration [0-7]: WB  WC  UC- UC  WB  WC  UC- WT  
[STDERR  ] 2017-08-14T14:15:38.30262353Z: [    0.000000] found SMP MP-table at [mem 0x000f6aa0-0x000f6aaf] mapped at [ffff88ec800f6aa0]
[STDERR  ] 2017-08-14T14:15:38.302633868Z: [    0.000000] RAMDISK: [mem 0x3ecc7000-0x3ffcffff]
[STDERR  ] 2017-08-14T14:15:38.302642404Z: [    0.000000] ACPI: Early table checksum verification disabled
[STDERR  ] 2017-08-14T14:15:38.302650793Z: [    0.000000] ACPI: RSDP 0x00000000000F68C0 000014 (v00 BOCHS )
[STDERR  ] 2017-08-14T14:15:38.302659221Z: [    0.000000] ACPI: RSDT 0x000000003FFE2404 000034 (v01 BOCHS  BXPCRSDT 00000001 BXPC 00000001)
[STDERR  ] 2017-08-14T14:15:38.302667761Z: [    0.000000] ACPI: FACP 0x000000003FFE22A4 000074 (v01 BOCHS  BXPCFACP 00000001 BXPC 00000001)
[STDERR  ] 2017-08-14T14:15:38.302676357Z: [    0.000000] ACPI: DSDT 0x000000003FFE0040 002264 (v01 BOCHS  BXPCDSDT 00000001 BXPC 00000001)
[STDERR  ] 2017-08-14T14:15:38.302684604Z: [    0.000000] ACPI: FACS 0x000000003FFE0000 000040
[STDERR  ] 2017-08-14T14:15:38.30269431Z: [    0.000000] ACPI: APIC 0x000000003FFE2318 000078 (v01 BOCHS  BXPCAPIC 00000001 BXPC 00000001)
[STDERR  ] 2017-08-14T14:15:38.302702803Z: [    0.000000] ACPI: HPET 0x000000003FFE2390 000038 (v01 BOCHS  BXPCHPET 00000001 BXPC 00000001)
[STDERR  ] 2017-08-14T14:15:38.302711828Z: [    0.000000] ACPI: MCFG 0x000000003FFE23C8 00003C (v01 BOCHS  BXPCMCFG 00000001 BXPC 00000001)
[STDERR  ] 2017-08-14T14:15:38.302723231Z: [    0.000000] Zone ranges:
[STDERR  ] 2017-08-14T14:15:38.302733899Z: [    0.000000]   DMA      [mem 0x0000000000001000-0x0000000000ffffff]
[STDERR  ] 2017-08-14T14:15:38.302743939Z: [    0.000000]   DMA32    [mem 0x0000000001000000-0x000000003ffdefff]
[STDERR  ] 2017-08-14T14:15:38.302753457Z: [    0.000000]   Normal   empty
[STDERR  ] 2017-08-14T14:15:38.302763939Z: [    0.000000] Movable zone start for each node
[STDERR  ] 2017-08-14T14:15:38.302772743Z: [    0.000000] Early memory node ranges
[STDERR  ] 2017-08-14T14:15:38.302781667Z: [    0.000000]   node   0: [mem 0x0000000000001000-0x000000000009efff]
[STDERR  ] 2017-08-14T14:15:38.30279299Z: [    0.000000]   node   0: [mem 0x0000000000100000-0x000000003ffdefff]
[STDERR  ] 2017-08-14T14:15:38.302804374Z: [    0.000000] Initmem setup node 0 [mem 0x0000000000001000-0x000000003ffdefff]
[STDERR  ] 2017-08-14T14:15:38.302814027Z: [    0.000000] ACPI: PM-Timer IO Port: 0x608
[STDERR  ] 2017-08-14T14:15:38.30282337Z: [    0.000000] ACPI: LAPIC_NMI (acpi_id[0xff] dfl dfl lint[0x1])
[STDERR  ] 2017-08-14T14:15:38.302832742Z: [    0.000000] IOAPIC[0]: apic_id 0, version 32, address 0xfec00000, GSI 0-23
[STDERR  ] 2017-08-14T14:15:38.302841615Z: [    0.000000] ACPI: INT_SRC_OVR (bus 0 bus_irq 0 global_irq 2 dfl dfl)
[STDERR  ] 2017-08-14T14:15:38.302852272Z: [    0.000000] ACPI: INT_SRC_OVR (bus 0 bus_irq 5 global_irq 5 high level)
[STDERR  ] 2017-08-14T14:15:38.302866578Z: [    0.000000] ACPI: INT_SRC_OVR (bus 0 bus_irq 9 global_irq 9 high level)
[STDERR  ] 2017-08-14T14:15:38.302875425Z: [    0.000000] ACPI: INT_SRC_OVR (bus 0 bus_irq 10 global_irq 10 high level)
[STDERR  ] 2017-08-14T14:15:38.30288417Z: [    0.000000] ACPI: INT_SRC_OVR (bus 0 bus_irq 11 global_irq 11 high level)
[STDERR  ] 2017-08-14T14:15:38.302894582Z: [    0.000000] Using ACPI (MADT) for SMP configuration information
[STDERR  ] 2017-08-14T14:15:38.302905369Z: [    0.000000] ACPI: HPET id: 0x8086a201 base: 0xfed00000
[STDERR  ] 2017-08-14T14:15:38.302915711Z: [    0.000000] smpboot: Allowing 1 CPUs, 0 hotplug CPUs
[STDERR  ] 2017-08-14T14:15:38.302924379Z: [    0.000000] e820: [mem 0x40000000-0xafffffff] available for PCI devices
[STDERR  ] 2017-08-14T14:15:38.302933486Z: [    0.000000] Booting paravirtualized kernel on bare hardware
[STDERR  ] 2017-08-14T14:15:38.302942306Z: [    0.000000] clocksource: refined-jiffies: mask: 0xffffffff max_cycles: 0xffffffff, max_idle_ns: 19112604462750000 ns
[STDERR  ] 2017-08-14T14:15:38.302959554Z: [    0.000000] setup_percpu: NR_CPUS:128 nr_cpumask_bits:128 nr_cpu_ids:1 nr_node_ids:1
[STDERR  ] 2017-08-14T14:15:38.302969017Z: [    0.000000] percpu: Embedded 35 pages/cpu @ffff88ecbea00000 s105240 r8192 d29928 u2097152
[STDERR  ] 2017-08-14T14:15:38.302978083Z: [    0.000000] Built 1 zonelists in Zone order, mobility grouping on.  Total pages: 257896
[STDERR  ] 2017-08-14T14:15:38.302987259Z: [    0.000000] Kernel command line: console=ttyS0 page_poison=1
[STDERR  ] 2017-08-14T14:15:38.302996859Z: [    0.000000] PID hash table entries: 4096 (order: 3, 32768 bytes)
[STDERR  ] 2017-08-14T14:15:38.303005594Z: [    0.000000] Dentry cache hash table entries: 131072 (order: 8, 1048576 bytes)
[STDERR  ] 2017-08-14T14:15:38.303014357Z: [    0.000000] Inode-cache hash table entries: 65536 (order: 7, 524288 bytes)
[STDERR  ] 2017-08-14T14:15:38.303026037Z: [    0.000000] Memory: 994680K/1048052K available (8028K kernel code, 1366K rwdata, 2696K rodata, 1380K init, 568K bss, 53372K reserved, 0K cma-reserved)
[STDERR  ] 2017-08-14T14:15:38.303105775Z: [    0.000000] Hierarchical RCU implementation.
[STDERR  ] 2017-08-14T14:15:38.303117837Z: [    0.000000] 	Build-time adjustment of leaf fanout to 64.
[STDERR  ] 2017-08-14T14:15:38.303128089Z: [    0.000000] 	RCU restricting CPUs from NR_CPUS=128 to nr_cpu_ids=1.
[STDERR  ] 2017-08-14T14:15:38.303140488Z: [    0.000000] RCU: Adjusting geometry for rcu_fanout_leaf=64, nr_cpu_ids=1
[STDERR  ] 2017-08-14T14:15:38.303150149Z: [    0.000000] NR_IRQS:8448 nr_irqs:256 16
[STDERR  ] 2017-08-14T14:15:38.303160513Z: [    0.000000] Console: colour VGA+ 80x25
[STDERR  ] 2017-08-14T14:15:38.303169658Z: [    0.000000] console [ttyS0] enabled
[STDERR  ] 2017-08-14T14:15:38.303179198Z: [    0.000000] allocated 2097152 bytes of page_ext
[STDERR  ] 2017-08-14T14:15:38.303187758Z: [    0.000000] clocksource: hpet: mask: 0xffffffff max_cycles: 0xffffffff, max_idle_ns: 19112604467 ns
[STDERR  ] 2017-08-14T14:15:38.303199539Z: [    0.000000] tsc: Fast TSC calibration using PIT
[STDERR  ] 2017-08-14T14:15:38.303209109Z: [    0.000000] tsc: Detected 2599.943 MHz processor
[STDERR  ] 2017-08-14T14:15:38.303217895Z: [    0.022132] Calibrating delay loop (skipped), value calculated using timer frequency.. 5199.88 BogoMIPS (lpj=25999430)
[STDERR  ] 2017-08-14T14:15:38.303229025Z: [    0.023244] pid_max: default: 32768 minimum: 301
[STDERR  ] 2017-08-14T14:15:38.303237974Z: [    0.024393] ACPI: Core revision 20160831
[STDERR  ] 2017-08-14T14:15:38.30324759Z: [    0.077529] ACPI: 1 ACPI AML tables successfully acquired and loaded
[STDERR  ] 2017-08-14T14:15:38.30326951Z: [    0.082630] Security Framework initialized
[STDERR  ] 2017-08-14T14:15:38.303279279Z: [    0.083210] Yama: becoming mindful.
[STDERR  ] 2017-08-14T14:15:38.303288814Z: [    0.085300] Mount-cache hash table entries: 2048 (order: 2, 16384 bytes)
[STDERR  ] 2017-08-14T14:15:38.30329947Z: [    0.085884] Mountpoint-cache hash table entries: 2048 (order: 2, 16384 bytes)
[STDERR  ] 2017-08-14T14:15:38.303315607Z: [    0.108303] Last level iTLB entries: 4KB 0, 2MB 0, 4MB 0
[STDERR  ] 2017-08-14T14:15:38.303329679Z: [    0.108805] Last level dTLB entries: 4KB 0, 2MB 0, 4MB 0, 1GB 0
[STDERR  ] 2017-08-14T14:15:38.30335186Z: [    0.433453] Freeing SMP alternatives memory: 20K (ffffffff97eb0000 - ffffffff97eb5000)
[STDERR  ] 2017-08-14T14:15:38.303361938Z: [    0.445015] ftrace: allocating 35484 entries in 139 pages
[STDERR  ] 2017-08-14T14:15:38.303371803Z: [    0.631670] smpboot: Max logical packages: 1
[STDERR  ] 2017-08-14T14:15:38.303381586Z: [    0.638828] ..TIMER: vector=0x30 apic1=0 pin1=2 apic2=-1 pin2=-1
[STDERR  ] 2017-08-14T14:15:38.303393915Z: [    0.750000] smpboot: CPU0: AMD QEMU Virtual CPU version 2.5+ (family: 0x6, model: 0x6, stepping: 0x3)
[STDERR  ] 2017-08-14T14:15:38.303405633Z: [    0.750000] Performance Events: PMU not available due to virtualization, using software events only.
[STDERR  ] 2017-08-14T14:15:38.303418482Z: [    0.761319] NMI watchdog: disabled (cpu0): hardware events not enabled
[STDERR  ] 2017-08-14T14:15:38.303435082Z: [    0.761878] NMI watchdog: Shutting down hard lockup detector on all cpus
[STDERR  ] 2017-08-14T14:15:38.303444725Z: [    0.765499] x86: Booted up 1 node, 1 CPUs
[STDERR  ] 2017-08-14T14:15:38.303473793Z: [    0.766171] smpboot: Total of 1 processors activated (5199.88 BogoMIPS)
[STDERR  ] 2017-08-14T14:15:38.303485186Z: [    0.782970] devtmpfs: initialized
[STDOUT  ] 2017-08-14T14:15:38.303454218Z: [    0.000000] Linux version 4.9.41-linuxkit (root@e1ede117fb1e) (gcc version 6.3.0 (Alpine 6.3.0) ) #1 SMP Tue Aug 8 12:44:06 UTC 2017
[STDERR  ] 2017-08-14T14:15:38.303495413Z: [    0.789460] x86/mm: Memory block size: 128MB
[STDOUT  ] 2017-08-14T14:15:38.303506895Z: [    0.000000] Command line: console=ttyS0 page_poison=1
[STDERR  ] 2017-08-14T14:15:38.303509749Z: [    0.854348] clocksource: jiffies: mask: 0xffffffff max_cycles: 0xffffffff, max_idle_ns: 19112604462750000 ns
[STDOUT  ] 2017-08-14T14:15:38.303516376Z: [    0.000000] x86/fpu: Legacy x87 FPU detected.
[STDOUT  ] 2017-08-14T14:15:38.303526706Z: [    0.000000] x86/fpu: Using 'eager' FPU context switches.
[STDERR  ] 2017-08-14T14:15:38.303522941Z: [    0.855401] futex hash table entries: 256 (order: 2, 16384 bytes)
[STDERR  ] 2017-08-14T14:15:38.303534515Z: [    0.863742] NET: Registered protocol family 16
[STDOUT  ] 2017-08-14T14:15:38.303537586Z: [    0.000000] e820: BIOS-provided physical RAM map:
[STDERR  ] 2017-08-14T14:15:38.303546113Z: [    0.880539] cpuidle: using governor ladder
[STDOUT  ] 2017-08-14T14:15:38.303549082Z: [    0.000000] BIOS-e820: [mem 0x0000000000000000-0x000000000009fbff] usable
[STDERR  ] 2017-08-14T14:15:38.303555433Z: [    0.881032] cpuidle: using governor menu
[STDOUT  ] 2017-08-14T14:15:38.303565287Z: [    0.000000] BIOS-e820: [mem 0x000000000009fc00-0x000000000009ffff] reserved
[STDERR  ] 2017-08-14T14:15:38.303566434Z: [    0.882387] ACPI: bus type PCI registered
[STDOUT  ] 2017-08-14T14:15:38.303575225Z: [    0.000000] BIOS-e820: [mem 0x00000000000f0000-0x00000000000fffff] reserved
[STDERR  ] 2017-08-14T14:15:38.303578828Z: [    0.885522] PCI: MMCONFIG for domain 0000 [bus 00-ff] at [mem 0xb0000000-0xbfffffff] (base 0xb0000000)
[STDOUT  ] 2017-08-14T14:15:38.303585721Z: [    0.000000] BIOS-e820: [mem 0x0000000000100000-0x000000003ffdefff] usable
[STDERR  ] 2017-08-14T14:15:38.303588561Z: [    0.886277] PCI: MMCONFIG at [mem 0xb0000000-0xbfffffff] reserved in E820
[STDOUT  ] 2017-08-14T14:15:38.303596921Z: [    0.000000] BIOS-e820: [mem 0x000000003ffdf000-0x000000003fffffff] reserved
[STDERR  ] 2017-08-14T14:15:38.303598665Z: [    0.887812] PCI: Using configuration type 1 for base access
[STDOUT  ] 2017-08-14T14:15:38.303606844Z: [    0.000000] BIOS-e820: [mem 0x00000000b0000000-0x00000000bfffffff] reserved
[STDERR  ] 2017-08-14T14:15:38.303608469Z: [    0.948026] HugeTLB registered 2 MB page size, pre-allocated 0 pages
[STDOUT  ] 2017-08-14T14:15:38.303616667Z: [    0.000000] BIOS-e820: [mem 0x00000000fed1c000-0x00000000fed1ffff] reserved
[STDERR  ] 2017-08-14T14:15:38.303618532Z: [    0.963038] ACPI: Added _OSI(Module Device)
[STDOUT  ] 2017-08-14T14:15:38.303634664Z: [    0.000000] BIOS-e820: [mem 0x00000000fffc0000-0x00000000ffffffff] reserved
[STDERR  ] 2017-08-14T14:15:38.303636766Z: [    0.963396] ACPI: Added _OSI(Processor Device)
[STDOUT  ] 2017-08-14T14:15:38.303644152Z: [    0.000000] NX (Execute Disable) protection: active
[STDERR  ] 2017-08-14T14:15:38.303646986Z: [    0.963692] ACPI: Added _OSI(3.0 _SCP Extensions)
[STDERR  ] 2017-08-14T14:15:38.303660184Z: [    0.964000] ACPI: Added _OSI(Processor Aggregator Device)
[STDOUT  ] 2017-08-14T14:15:38.30365407Z: [    0.000000] SMBIOS 2.8 present.
[STDOUT  ] 2017-08-14T14:15:38.303667127Z: [    0.000000] e820: last_pfn = 0x3ffdf max_arch_pfn = 0x400000000
[STDERR  ] 2017-08-14T14:15:38.303670099Z: [    1.043093] ACPI: Interpreter enabled
[STDOUT  ] 2017-08-14T14:15:38.303677282Z: [    0.000000] x86/PAT: Configuration [0-7]: WB  WC  UC- UC  WB  WC  UC- WT  
[STDERR  ] 2017-08-14T14:15:38.30367968Z: [    1.044095] ACPI: (supports S0 S5)
[STDOUT  ] 2017-08-14T14:15:38.303686675Z: [    0.000000] found SMP MP-table at [mem 0x000f6aa0-0x000f6aaf] mapped at [ffff88ec800f6aa0]
[STDOUT  ] 2017-08-14T14:15:38.30369718Z: [    0.000000] RAMDISK: [mem 0x3ecc7000-0x3ffcffff]
[STDERR  ] 2017-08-14T14:15:38.303695644Z: [    1.044442] ACPI: Using IOAPIC for interrupt routing
[STDOUT  ] 2017-08-14T14:15:38.303706464Z: [    0.000000] ACPI: Early table checksum verification disabled
[STDERR  ] 2017-08-14T14:15:38.303708189Z: [    1.047011] PCI: Using host bridge windows from ACPI; if necessary, use "pci=nocrs" and report a bug
[STDOUT  ] 2017-08-14T14:15:38.303718167Z: [    0.000000] ACPI: RSDP 0x00000000000F68C0 000014 (v00 BOCHS )
[STDERR  ] 2017-08-14T14:15:38.303720187Z: [    1.114884] ACPI: PCI Root Bridge [PCI0] (domain 0000 [bus 00-ff])
[STDOUT  ] 2017-08-14T14:15:38.303728594Z: [    0.000000] ACPI: RSDT 0x000000003FFE2404 000034 (v01 BOCHS  BXPCRSDT 00000001 BXPC 00000001)
[STDERR  ] 2017-08-14T14:15:38.303730171Z: [    1.116050] acpi PNP0A08:00: _OSC: OS supports [ExtendedConfig ASPM ClockPM Segments MSI]
[STDERR  ] 2017-08-14T14:15:38.303742481Z: [    1.122777] acpi PNP0A08:00: _OSC: OS now controls [PCIeHotplug PME PCIeCapability]
[STDOUT  ] 2017-08-14T14:15:38.303737753Z: [    0.000000] ACPI: FACP 0x000000003FFE22A4 000074 (v01 BOCHS  BXPCFACP 00000001 BXPC 00000001)
[STDERR  ] 2017-08-14T14:15:38.303752898Z: [    1.127704] PCI host bridge to bus 0000:00
[STDOUT  ] 2017-08-14T14:15:38.303754679Z: [    0.000000] ACPI: DSDT 0x000000003FFE0040 002264 (v01 BOCHS  BXPCDSDT 00000001 BXPC 00000001)
[STDERR  ] 2017-08-14T14:15:38.303764536Z: [    1.128192] pci_bus 0000:00: root bus resource [io  0x0000-0x0cf7 window]
[STDOUT  ] 2017-08-14T14:15:38.303765372Z: [    0.000000] ACPI: FACS 0x000000003FFE0000 000040
[STDOUT  ] 2017-08-14T14:15:38.30377939Z: [    0.000000] ACPI: APIC 0x000000003FFE2318 000078 (v01 BOCHS  BXPCAPIC 00000001 BXPC 00000001)
[STDERR  ] 2017-08-14T14:15:38.303774835Z: [    1.128601] pci_bus 0000:00: root bus resource [io  0x0d00-0xffff window]
[STDERR  ] 2017-08-14T14:15:38.303786086Z: [    1.128989] pci_bus 0000:00: root bus resource [mem 0x000a0000-0x000bffff window]
[STDOUT  ] 2017-08-14T14:15:38.30378921Z: [    0.000000] ACPI: HPET 0x000000003FFE2390 000038 (v01 BOCHS  BXPCHPET 00000001 BXPC 00000001)
[STDERR  ] 2017-08-14T14:15:38.303797285Z: [    1.129392] pci_bus 0000:00: root bus resource [mem 0xc0000000-0xfebfffff window]
[STDOUT  ] 2017-08-14T14:15:38.30379861Z: [    0.000000] ACPI: MCFG 0x000000003FFE23C8 00003C (v01 BOCHS  BXPCMCFG 00000001 BXPC 00000001)
[STDERR  ] 2017-08-14T14:15:38.303807519Z: [    1.130132] pci_bus 0000:00: root bus resource [bus 00-ff]
[STDOUT  ] 2017-08-14T14:15:38.303809141Z: [    0.000000] Zone ranges:
[STDERR  ] 2017-08-14T14:15:38.303817701Z: [    1.283088] pci 0000:00:1f.0: quirk: [io  0x0600-0x067f] claimed by ICH6 ACPI/GPIO/TCO
[STDOUT  ] 2017-08-14T14:15:38.303820062Z: [    0.000000]   DMA      [mem 0x0000000000001000-0x0000000000ffffff]
[STDERR  ] 2017-08-14T14:15:38.303827806Z: [    1.368590] ACPI: PCI Interrupt Link [LNKA] (IRQs 5 *10 11)
[STDOUT  ] 2017-08-14T14:15:38.303829982Z: [    0.000000]   DMA32    [mem 0x0000000001000000-0x000000003ffdefff]
[STDERR  ] 2017-08-14T14:15:38.303843522Z: [    1.371389] ACPI: PCI Interrupt Link [LNKB] (IRQs 5 *10 11)
[STDOUT  ] 2017-08-14T14:15:38.303845761Z: [    0.000000]   Normal   empty
[STDERR  ] 2017-08-14T14:15:38.30385303Z: [    1.373559] ACPI: PCI Interrupt Link [LNKC] (IRQs 5 10 *11)
[STDOUT  ] 2017-08-14T14:15:38.303855444Z: [    0.000000] Movable zone start for each node
[STDERR  ] 2017-08-14T14:15:38.303862705Z: [    1.375288] ACPI: PCI Interrupt Link [LNKD] (IRQs 5 10 *11)
[STDOUT  ] 2017-08-14T14:15:38.303864901Z: [    0.000000] Early memory node ranges
[STDERR  ] 2017-08-14T14:15:38.303872051Z: [    1.377555] ACPI: PCI Interrupt Link [LNKE] (IRQs 5 *10 11)
[STDOUT  ] 2017-08-14T14:15:38.303875722Z: [    0.000000]   node   0: [mem 0x0000000000001000-0x000000000009efff]
[STDERR  ] 2017-08-14T14:15:38.303881902Z: [    1.379341] ACPI: PCI Interrupt Link [LNKF] (IRQs 5 *10 11)
[STDOUT  ] 2017-08-14T14:15:38.303885395Z: [    0.000000]   node   0: [mem 0x0000000000100000-0x000000003ffdefff]
[STDOUT  ] 2017-08-14T14:15:38.303895034Z: [    0.000000] Initmem setup node 0 [mem 0x0000000000001000-0x000000003ffdefff]
[STDERR  ] 2017-08-14T14:15:38.30389997Z: [    1.381615] ACPI: PCI Interrupt Link [LNKG] (IRQs 5 10 *11)
[STDOUT  ] 2017-08-14T14:15:38.303904663Z: [    0.000000] ACPI: PM-Timer IO Port: 0x608
[STDERR  ] 2017-08-14T14:15:38.303911222Z: [    1.383911] ACPI: PCI Interrupt Link [LNKH] (IRQs 5 10 *11)
[STDOUT  ] 2017-08-14T14:15:38.303914229Z: [    0.000000] ACPI: LAPIC_NMI (acpi_id[0xff] dfl dfl lint[0x1])
[STDERR  ] 2017-08-14T14:15:38.303921586Z: [    1.384868] ACPI: PCI Interrupt Link [GSIA] (IRQs *16)
[STDOUT  ] 2017-08-14T14:15:38.303924343Z: [    0.000000] IOAPIC[0]: apic_id 0, version 32, address 0xfec00000, GSI 0-23
[STDERR  ] 2017-08-14T14:15:38.303930855Z: [    1.385585] ACPI: PCI Interrupt Link [GSIB] (IRQs *17)
[STDOUT  ] 2017-08-14T14:15:38.303933929Z: [    0.000000] ACPI: INT_SRC_OVR (bus 0 bus_irq 0 global_irq 2 dfl dfl)
[STDERR  ] 2017-08-14T14:15:38.303940381Z: [    1.386238] ACPI: PCI Interrupt Link [GSIC] (IRQs *18)
[STDOUT  ] 2017-08-14T14:15:38.303943483Z: [    0.000000] ACPI: INT_SRC_OVR (bus 0 bus_irq 5 global_irq 5 high level)
[STDERR  ] 2017-08-14T14:15:38.303949884Z: [    1.386892] ACPI: PCI Interrupt Link [GSID] (IRQs *19)
[STDOUT  ] 2017-08-14T14:15:38.303953113Z: [    0.000000] ACPI: INT_SRC_OVR (bus 0 bus_irq 9 global_irq 9 high level)
[STDERR  ] 2017-08-14T14:15:38.303959028Z: [    1.387529] ACPI: PCI Interrupt Link [GSIE] (IRQs *20)
[STDOUT  ] 2017-08-14T14:15:38.30396477Z: [    0.000000] ACPI: INT_SRC_OVR (bus 0 bus_irq 10 global_irq 10 high level)
[STDERR  ] 2017-08-14T14:15:38.303968614Z: [    1.388251] ACPI: PCI Interrupt Link [GSIF] (IRQs *21)
[STDOUT  ] 2017-08-14T14:15:38.303974231Z: [    0.000000] ACPI: INT_SRC_OVR (bus 0 bus_irq 11 global_irq 11 high level)
[STDERR  ] 2017-08-14T14:15:38.303980024Z: [    1.388903] ACPI: PCI Interrupt Link [GSIG] (IRQs *22)
[STDOUT  ] 2017-08-14T14:15:38.303983955Z: [    0.000000] Using ACPI (MADT) for SMP configuration information
[STDERR  ] 2017-08-14T14:15:38.303989912Z: [    1.389583] ACPI: PCI Interrupt Link [GSIH] (IRQs *23)
[STDOUT  ] 2017-08-14T14:15:38.303995996Z: [    0.000000] ACPI: HPET id: 0x8086a201 base: 0xfed00000
[STDERR  ] 2017-08-14T14:15:38.303999448Z: [    1.394037] ACPI: Enabled 2 GPEs in block 00 to 3F
[STDOUT  ] 2017-08-14T14:15:38.304005484Z: [    0.000000] smpboot: Allowing 1 CPUs, 0 hotplug CPUs
[STDERR  ] 2017-08-14T14:15:38.30400952Z: [    1.398889] SCSI subsystem initialized
[STDOUT  ] 2017-08-14T14:15:38.304016349Z: [    0.000000] e820: [mem 0x40000000-0xafffffff] available for PCI devices
[STDERR  ] 2017-08-14T14:15:38.304020018Z: [    1.401187] ACPI: bus type USB registered
[STDOUT  ] 2017-08-14T14:15:38.304025861Z: [    0.000000] Booting paravirtualized kernel on bare hardware
[STDERR  ] 2017-08-14T14:15:38.304029659Z: [    1.402390] usbcore: registered new interface driver usbfs
[STDOUT  ] 2017-08-14T14:15:38.304036756Z: [    0.000000] clocksource: refined-jiffies: mask: 0xffffffff max_cycles: 0xffffffff, max_idle_ns: 19112604462750000 ns
[STDOUT  ] 2017-08-14T14:15:38.304048191Z: [    0.000000] setup_percpu: NR_CPUS:128 nr_cpumask_bits:128 nr_cpu_ids:1 nr_node_ids:1
[STDERR  ] 2017-08-14T14:15:38.304046524Z: [    1.403337] usbcore: registered new interface driver hub
[STDOUT  ] 2017-08-14T14:15:38.304057936Z: [    0.000000] percpu: Embedded 35 pages/cpu @ffff88ecbea00000 s105240 r8192 d29928 u2097152
[STDERR  ] 2017-08-14T14:15:38.304056182Z: [    1.404218] usbcore: registered new device driver usb
[STDOUT  ] 2017-08-14T14:15:38.304067993Z: [    0.000000] Built 1 zonelists in Zone order, mobility grouping on.  Total pages: 257896
[STDERR  ] 2017-08-14T14:15:38.304070736Z: [    1.405551] pps_core: LinuxPPS API ver. 1 registered
[STDOUT  ] 2017-08-14T14:15:38.304077518Z: [    0.000000] Kernel command line: console=ttyS0 page_poison=1
[STDERR  ] 2017-08-14T14:15:38.304082566Z: [    1.405797] pps_core: Software ver. 5.3.6 - Copyright 2005-2007 Rodolfo Giometti <giometti@linux.it>
[STDERR  ] 2017-08-14T14:15:38.304093618Z: [    1.406504] PTP clock support registered
[STDOUT  ] 2017-08-14T14:15:38.304092572Z: [    0.000000] PID hash table entries: 4096 (order: 3, 32768 bytes)
[STDOUT  ] 2017-08-14T14:15:38.304104706Z: [    0.000000] Dentry cache hash table entries: 131072 (order: 8, 1048576 bytes)
[STDERR  ] 2017-08-14T14:15:38.304103133Z: [    1.407783] wmi: Mapper loaded
[STDOUT  ] 2017-08-14T14:15:38.304115881Z: [    0.000000] Inode-cache hash table entries: 65536 (order: 7, 524288 bytes)
[STDERR  ] 2017-08-14T14:15:38.304113141Z: [    1.409018] PCI: Using ACPI for IRQ routing
[STDERR  ] 2017-08-14T14:15:38.304122775Z: [    1.431453] NetLabel: Initializing
[STDOUT  ] 2017-08-14T14:15:38.304126224Z: [    0.000000] Memory: 994680K/1048052K available (8028K kernel code, 1366K rwdata, 2696K rodata, 1380K init, 568K bss, 53372K reserved, 0K cma-reserved)
[STDERR  ] 2017-08-14T14:15:38.304133338Z: [    1.431695] NetLabel:  domain hash size = 128
[STDOUT  ] 2017-08-14T14:15:38.304138838Z: [    0.000000] Hierarchical RCU implementation.
[STDERR  ] 2017-08-14T14:15:38.304145704Z: [    1.431974] NetLabel:  protocols = UNLABELED CIPSOv4
[STDOUT  ] 2017-08-14T14:15:38.30414841Z: [    0.000000] 	Build-time adjustment of leaf fanout to 64.
[STDERR  ] 2017-08-14T14:15:38.304156139Z: [    1.434806] NetLabel:  unlabeled traffic allowed by default
[STDOUT  ] 2017-08-14T14:15:38.304157911Z: [    0.000000] 	RCU restricting CPUs from NR_CPUS=128 to nr_cpu_ids=1.
[STDOUT  ] 2017-08-14T14:15:38.304168582Z: [    0.000000] RCU: Adjusting geometry for rcu_fanout_leaf=64, nr_cpu_ids=1
[STDERR  ] 2017-08-14T14:15:38.304165592Z: [    1.436117] HPET: 3 timers in total, 0 timers will be used for per-cpu timer
[STDERR  ] 2017-08-14T14:15:38.304175309Z: [    1.436979] hpet0: at MMIO 0xfed00000, IRQs 2, 8, 0
[STDOUT  ] 2017-08-14T14:15:38.304181864Z: [    0.000000] NR_IRQS:8448 nr_irqs:256 16
[STDERR  ] 2017-08-14T14:15:38.304184264Z: [    1.437455] hpet0: 3 comparators, 64-bit 100.000000 MHz counter
[STDOUT  ] 2017-08-14T14:15:38.304191451Z: [    0.000000] Console: colour VGA+ 80x25
[STDERR  ] 2017-08-14T14:15:38.304193706Z: [    1.444229] clocksource: Switched to clocksource hpet
[STDOUT  ] 2017-08-14T14:15:38.304201604Z: [    0.000000] console [ttyS0] enabled
[STDERR  ] 2017-08-14T14:15:38.304203556Z: [    1.716455] VFS: Disk quotas dquot_6.6.0
[STDOUT  ] 2017-08-14T14:15:38.304210699Z: [    0.000000] allocated 2097152 bytes of page_ext
[STDERR  ] 2017-08-14T14:15:38.304212886Z: [    1.717141] VFS: Dquot-cache hash table entries: 512 (order 0, 4096 bytes)
[STDOUT  ] 2017-08-14T14:15:38.30422002Z: [    0.000000] clocksource: hpet: mask: 0xffffffff max_cycles: 0xffffffff, max_idle_ns: 19112604467 ns
[STDERR  ] 2017-08-14T14:15:38.304222904Z: [    1.721132] FS-Cache: Loaded
[STDOUT  ] 2017-08-14T14:15:38.304230212Z: [    0.000000] tsc: Fast TSC calibration using PIT
[STDERR  ] 2017-08-14T14:15:38.304232268Z: [    1.726583] CacheFiles: Loaded
[STDOUT  ] 2017-08-14T14:15:38.304244431Z: [    0.000000] tsc: Detected 2599.943 MHz processor
[STDERR  ] 2017-08-14T14:15:38.304243803Z: [    1.728373] pnp: PnP ACPI init
[STDERR  ] 2017-08-14T14:15:38.304253788Z: [    1.740470] pnp: PnP ACPI: found 5 devices
[STDOUT  ] 2017-08-14T14:15:38.304254111Z: [    0.022132] Calibrating delay loop (skipped), value calculated using timer frequency.. 5199.88 BogoMIPS (lpj=25999430)
[STDERR  ] 2017-08-14T14:15:38.304263706Z: [    1.791837] clocksource: acpi_pm: mask: 0xffffff max_cycles: 0xffffff, max_idle_ns: 2085701024 ns
[STDOUT  ] 2017-08-14T14:15:38.30426528Z: [    0.023244] pid_max: default: 32768 minimum: 301
[STDERR  ] 2017-08-14T14:15:38.304274001Z: [    1.795948] NET: Registered protocol family 2
[STDOUT  ] 2017-08-14T14:15:38.304275984Z: [    0.024393] ACPI: Core revision 20160831
[STDERR  ] 2017-08-14T14:15:38.304285783Z: [    1.804266] TCP established hash table entries: 8192 (order: 4, 65536 bytes)
[STDOUT  ] 2017-08-14T14:15:38.304286077Z: [    0.077529] ACPI: 1 ACPI AML tables successfully acquired and loaded
[STDOUT  ] 2017-08-14T14:15:38.304296932Z: [    0.082630] Security Framework initialized
[STDERR  ] 2017-08-14T14:15:38.304298954Z: [    1.805153] TCP bind hash table entries: 8192 (order: 5, 131072 bytes)
[STDOUT  ] 2017-08-14T14:15:38.304307465Z: [    0.083210] Yama: becoming mindful.
[STDERR  ] 2017-08-14T14:15:38.304310046Z: [    1.805892] TCP: Hash tables configured (established 8192 bind 8192)
[STDOUT  ] 2017-08-14T14:15:38.304317198Z: [    0.085300] Mount-cache hash table entries: 2048 (order: 2, 16384 bytes)
[STDERR  ] 2017-08-14T14:15:38.304319654Z: [    1.808044] UDP hash table entries: 512 (order: 2, 16384 bytes)
[STDOUT  ] 2017-08-14T14:15:38.304326653Z: [    0.085884] Mountpoint-cache hash table entries: 2048 (order: 2, 16384 bytes)
[STDERR  ] 2017-08-14T14:15:38.304329243Z: [    1.808630] UDP-Lite hash table entries: 512 (order: 2, 16384 bytes)
[STDOUT  ] 2017-08-14T14:15:38.304336475Z: [    0.108303] Last level iTLB entries: 4KB 0, 2MB 0, 4MB 0
[STDERR  ] 2017-08-14T14:15:38.304339591Z: [    1.811449] NET: Registered protocol family 1
[STDOUT  ] 2017-08-14T14:15:38.304346357Z: [    0.108805] Last level dTLB entries: 4KB 0, 2MB 0, 4MB 0, 1GB 0
[STDERR  ] 2017-08-14T14:15:38.304349215Z: [    1.812590] pci 0000:00:01.0: Video device with shadowed ROM at [mem 0x000c0000-0x000dffff]
[STDOUT  ] 2017-08-14T14:15:38.304356126Z: [    0.433453] Freeing SMP alternatives memory: 20K (ffffffff97eb0000 - ffffffff97eb5000)
[STDERR  ] 2017-08-14T14:15:38.304359226Z: [    1.821833] Unpacking initramfs...
[STDOUT  ] 2017-08-14T14:15:38.30436545Z: [    0.445015] ftrace: allocating 35484 entries in 139 pages
[STDERR  ] 2017-08-14T14:15:38.304369223Z: [    4.602167] Freeing initrd memory: 19492K (ffff88ecbecc7000 - ffff88ecbffd0000)
[STDERR  ] 2017-08-14T14:15:38.304379259Z: [    4.627661] PCLMULQDQ-NI instructions are not detected.
[STDOUT  ] 2017-08-14T14:15:38.304375512Z: [    0.631670] smpboot: Max logical packages: 1
[STDOUT  ] 2017-08-14T14:15:38.304386064Z: [    0.638828] ..TIMER: vector=0x30 apic1=0 pin1=2 apic2=-1 pin2=-1
[STDERR  ] 2017-08-14T14:15:38.304389868Z: [    4.629154] AVX or AES-NI instructions are not detected.
[STDOUT  ] 2017-08-14T14:15:38.304396852Z: [    0.750000] smpboot: CPU0: AMD QEMU Virtual CPU version 2.5+ (family: 0x6, model: 0x6, stepping: 0x3)
[STDERR  ] 2017-08-14T14:15:38.304400158Z: [    4.629674] CPU feature 'AVX registers' is not supported.
[STDOUT  ] 2017-08-14T14:15:38.304406631Z: [    0.750000] Performance Events: PMU not available due to virtualization, using software events only.
[STDERR  ] 2017-08-14T14:15:38.304417286Z: [    4.630491] CPU feature 'AVX registers' is not supported.
[STDOUT  ] 2017-08-14T14:15:38.304419053Z: [    0.761319] NMI watchdog: disabled (cpu0): hardware events not enabled
[STDERR  ] 2017-08-14T14:15:38.304426821Z: [    4.630950] CPU feature 'AVX registers' is not supported.
[STDOUT  ] 2017-08-14T14:15:38.304428836Z: [    0.761878] NMI watchdog: Shutting down hard lockup detector on all cpus
[STDERR  ] 2017-08-14T14:15:38.304436949Z: [    4.631368] CPU feature 'AVX registers' is not supported.
[STDOUT  ] 2017-08-14T14:15:38.30444213Z: [    0.765499] x86: Booted up 1 node, 1 CPUs
[STDERR  ] 2017-08-14T14:15:38.304447534Z: [    4.631751] AVX2 or AES-NI instructions are not detected.
[STDOUT  ] 2017-08-14T14:15:38.304452581Z: [    0.766171] smpboot: Total of 1 processors activated (5199.88 BogoMIPS)
[STDERR  ] 2017-08-14T14:15:38.304457578Z: [    4.632126] AVX2 instructions are not detected.
[STDERR  ] 2017-08-14T14:15:38.304467629Z: [    4.638175] audit: initializing netlink subsys (disabled)
[STDOUT  ] 2017-08-14T14:15:38.304462766Z: [    0.782970] devtmpfs: initialized
[STDERR  ] 2017-08-14T14:15:38.304476839Z: [    4.641240] audit: type=2000 audit(1502720110.630:1): initialized
[STDOUT  ] 2017-08-14T14:15:38.304478096Z: [    0.789460] x86/mm: Memory block size: 128MB
[STDOUT  ] 2017-08-14T14:15:38.304488701Z: [    0.854348] clocksource: jiffies: mask: 0xffffffff max_cycles: 0xffffffff, max_idle_ns: 19112604462750000 ns
[STDERR  ] 2017-08-14T14:15:38.304487691Z: [    4.649785] workingset: timestamp_bits=46 max_order=18 bucket_order=0
[STDOUT  ] 2017-08-14T14:15:38.304502142Z: [    0.855401] futex hash table entries: 256 (order: 2, 16384 bytes)
[STDERR  ] 2017-08-14T14:15:38.304499293Z: [    4.660813] FS-Cache: Netfs 'cifs' registered for caching
[STDERR  ] 2017-08-14T14:15:38.304509761Z: [    4.661954] fuse init (API version 7.26)
[STDOUT  ] 2017-08-14T14:15:38.304513725Z: [    0.863742] NET: Registered protocol family 16
[STDERR  ] 2017-08-14T14:15:38.304519843Z: [    4.664528] SGI XFS with ACLs, security attributes, no debug enabled
[STDOUT  ] 2017-08-14T14:15:38.304523413Z: [    0.880539] cpuidle: using governor ladder
[STDERR  ] 2017-08-14T14:15:38.304530356Z: [    4.668477] 9p: Installing v9fs 9p2000 file system support
[STDOUT  ] 2017-08-14T14:15:38.304533258Z: [    0.881032] cpuidle: using governor menu
[STDOUT  ] 2017-08-14T14:15:38.304542753Z: [    0.882387] ACPI: bus type PCI registered
[STDERR  ] 2017-08-14T14:15:38.304539694Z: [    4.669017] FS-Cache: Netfs '9p' registered for caching
[STDERR  ] 2017-08-14T14:15:38.304549514Z: [    4.703683] NET: Registered protocol family 38
[STDERR  ] 2017-08-14T14:15:38.304560365Z: [    4.704340] Key type asymmetric registered
[STDOUT  ] 2017-08-14T14:15:38.304562623Z: [    0.885522] PCI: MMCONFIG for domain 0000 [bus 00-ff] at [mem 0xb0000000-0xbfffffff] (base 0xb0000000)
[STDOUT  ] 2017-08-14T14:15:38.304572421Z: [    0.886277] PCI: MMCONFIG at [mem 0xb0000000-0xbfffffff] reserved in E820
[STDERR  ] 2017-08-14T14:15:38.304575338Z: [    4.704675] Asymmetric key parser 'x509' registered
[STDOUT  ] 2017-08-14T14:15:38.304584552Z: [    0.887812] PCI: Using configuration type 1 for base access
[STDERR  ] 2017-08-14T14:15:38.304590337Z: [    4.705624] Block layer SCSI generic (bsg) driver version 0.4 loaded (major 251)
[STDOUT  ] 2017-08-14T14:15:38.304594942Z: [    0.948026] HugeTLB registered 2 MB page size, pre-allocated 0 pages
[STDOUT  ] 2017-08-14T14:15:38.304604516Z: [    0.963038] ACPI: Added _OSI(Module Device)
[STDERR  ] 2017-08-14T14:15:38.304600872Z: [    4.707128] io scheduler noop registered
[STDERR  ] 2017-08-14T14:15:38.30461118Z: [    4.707447] io scheduler deadline registered (default)
[STDOUT  ] 2017-08-14T14:15:38.304614114Z: [    0.963396] ACPI: Added _OSI(Processor Device)
[STDERR  ] 2017-08-14T14:15:38.304620924Z: [    4.708223] io scheduler cfq registered
[STDERR  ] 2017-08-14T14:15:38.304629703Z: [    4.713875] pci_hotplug: PCI Hot Plug PCI Core version: 0.5
[STDOUT  ] 2017-08-14T14:15:38.304627704Z: [    0.963692] ACPI: Added _OSI(3.0 _SCP Extensions)
[STDOUT  ] 2017-08-14T14:15:38.304637321Z: [    0.964000] ACPI: Added _OSI(Processor Aggregator Device)
[STDERR  ] 2017-08-14T14:15:38.304639352Z: [    4.714392] pciehp: PCI Express Hot Plug Controller Driver version: 0.4
[STDOUT  ] 2017-08-14T14:15:38.304647873Z: [    1.043093] ACPI: Interpreter enabled
[STDERR  ] 2017-08-14T14:15:38.304649126Z: [    4.715287] shpchp: Standard Hot Plug PCI Controller Driver version: 0.4
[STDOUT  ] 2017-08-14T14:15:38.30465966Z: [    1.044095] ACPI: (supports S0 S5)
[STDERR  ] 2017-08-14T14:15:38.30466217Z: [    4.716186] hv_vmbus: registering driver hyperv_fb
[STDOUT  ] 2017-08-14T14:15:38.304669395Z: [    1.044442] ACPI: Using IOAPIC for interrupt routing
[STDERR  ] 2017-08-14T14:15:38.304671735Z: [    4.719538] input: Power Button as /devices/LNXSYSTM:00/LNXPWRBN:00/input/input0
[STDOUT  ] 2017-08-14T14:15:38.304678984Z: [    1.047011] PCI: Using host bridge windows from ACPI; if necessary, use "pci=nocrs" and report a bug
[STDERR  ] 2017-08-14T14:15:38.30468119Z: [    4.721370] ACPI: Power Button [PWRF]
[STDERR  ] 2017-08-14T14:15:38.304690759Z: [    4.726686] GHES: HEST is not enabled!
[STDOUT  ] 2017-08-14T14:15:38.304689012Z: [    1.114884] ACPI: PCI Root Bridge [PCI0] (domain 0000 [bus 00-ff])
[STDOUT  ] 2017-08-14T14:15:38.304698436Z: [    1.116050] acpi PNP0A08:00: _OSC: OS supports [ExtendedConfig ASPM ClockPM Segments MSI]
[STDERR  ] 2017-08-14T14:15:38.304700207Z: [    4.739426] ACPI: PCI Interrupt Link [GSIG] enabled at IRQ 22
[STDERR  ] 2017-08-14T14:15:38.304709544Z: [    4.755925] ACPI: PCI Interrupt Link [GSIH] enabled at IRQ 23
[STDOUT  ] 2017-08-14T14:15:38.304712475Z: [    1.122777] acpi PNP0A08:00: _OSC: OS now controls [PCIeHotplug PME PCIeCapability]
[STDERR  ] 2017-08-14T14:15:38.304718841Z: [    4.763198] xenfs: not registering filesystem on non-xen platform
[STDOUT  ] 2017-08-14T14:15:38.304722451Z: [    1.127704] PCI host bridge to bus 0000:00
[STDERR  ] 2017-08-14T14:15:38.304729611Z: [    4.765476] Serial: 8250/16550 driver, 4 ports, IRQ sharing disabled
[STDOUT  ] 2017-08-14T14:15:38.304732024Z: [    1.128192] pci_bus 0000:00: root bus resource [io  0x0000-0x0cf7 window]
[STDOUT  ] 2017-08-14T14:15:38.304744254Z: [    1.128601] pci_bus 0000:00: root bus resource [io  0x0d00-0xffff window]
[STDERR  ] 2017-08-14T14:15:38.304740283Z: [    4.790360] 00:04: ttyS0 at I/O 0x3f8 (irq = 4, base_baud = 115200) is a 16550A
[STDERR  ] 2017-08-14T14:15:38.304750931Z: [    4.804146] Non-volatile memory driver v1.3
[STDOUT  ] 2017-08-14T14:15:38.304754102Z: [    1.128989] pci_bus 0000:00: root bus resource [mem 0x000a0000-0x000bffff window]
[STDOUT  ] 2017-08-14T14:15:38.304763717Z: [    1.129392] pci_bus 0000:00: root bus resource [mem 0xc0000000-0xfebfffff window]
[STDERR  ] 2017-08-14T14:15:38.304761929Z: [    4.811816] Hangcheck: starting hangcheck timer 0.9.1 (tick is 180 seconds, margin is 60 seconds).
[STDOUT  ] 2017-08-14T14:15:38.304774065Z: [    1.130132] pci_bus 0000:00: root bus resource [bus 00-ff]
[STDERR  ] 2017-08-14T14:15:38.304775618Z: [    4.856273] loop: module loaded
[STDOUT  ] 2017-08-14T14:15:38.304784095Z: [    1.283088] pci 0000:00:1f.0: quirk: [io  0x0600-0x067f] claimed by ICH6 ACPI/GPIO/TCO
[STDERR  ] 2017-08-14T14:15:38.304786413Z: [    4.874215] nbd: registered device at major 43
[STDOUT  ] 2017-08-14T14:15:38.304793443Z: [    1.368590] ACPI: PCI Interrupt Link [LNKA] (IRQs 5 *10 11)
[STDERR  ] 2017-08-14T14:15:38.304795679Z: [    4.925203] lpc_ich 0000:00:1f.0: I/O space for GPIO uninitialized
[STDOUT  ] 2017-08-14T14:15:38.304803845Z: [    1.371389] ACPI: PCI Interrupt Link [LNKB] (IRQs 5 *10 11)
[STDERR  ] 2017-08-14T14:15:38.304805442Z: [    4.927936] VMware PVSCSI driver - version 1.0.7.0-k
[STDERR  ] 2017-08-14T14:15:38.304821575Z: [    4.929064] hv_vmbus: registering driver hv_storvsc
[STDOUT  ] 2017-08-14T14:15:38.304819868Z: [    1.373559] ACPI: PCI Interrupt Link [LNKC] (IRQs 5 10 *11)
[STDOUT  ] 2017-08-14T14:15:38.304830971Z: [    1.375288] ACPI: PCI Interrupt Link [LNKD] (IRQs 5 10 *11)
[STDERR  ] 2017-08-14T14:15:38.304832545Z: [    4.942895] ACPI: PCI Interrupt Link [GSIA] enabled at IRQ 16
[STDERR  ] 2017-08-14T14:15:38.304842105Z: [    4.951394] ahci 0000:00:1f.2: AHCI 0001.0000 32 slots 6 ports 1.5 Gbps 0x3f impl SATA mode
[STDOUT  ] 2017-08-14T14:15:38.304840508Z: [    1.377555] ACPI: PCI Interrupt Link [LNKE] (IRQs 5 *10 11)
[STDERR  ] 2017-08-14T14:15:38.304854954Z: [    4.952107] ahci 0000:00:1f.2: flags: 64bit ncq only 
[STDOUT  ] 2017-08-14T14:15:38.304852699Z: [    1.379341] ACPI: PCI Interrupt Link [LNKF] (IRQs 5 *10 11)
[STDOUT  ] 2017-08-14T14:15:38.304870606Z: [    1.381615] ACPI: PCI Interrupt Link [LNKG] (IRQs 5 10 *11)
[STDERR  ] 2017-08-14T14:15:38.304868851Z: [    4.975583] scsi host0: ahci
[STDOUT  ] 2017-08-14T14:15:38.304880393Z: [    1.383911] ACPI: PCI Interrupt Link [LNKH] (IRQs 5 10 *11)
[STDERR  ] 2017-08-14T14:15:38.304880085Z: [    4.981034] scsi host1: ahci
[STDOUT  ] 2017-08-14T14:15:38.304890132Z: [    1.384868] ACPI: PCI Interrupt Link [GSIA] (IRQs *16)
[STDOUT  ] 2017-08-14T14:15:38.304899347Z: [    1.385585] ACPI: PCI Interrupt Link [GSIB] (IRQs *17)
[STDERR  ] 2017-08-14T14:15:38.304896628Z: [    4.983793] scsi host2: ahci
[STDERR  ] 2017-08-14T14:15:38.304906381Z: [    4.986366] scsi host3: ahci
[STDOUT  ] 2017-08-14T14:15:38.304909373Z: [    1.386238] ACPI: PCI Interrupt Link [GSIC] (IRQs *18)
[STDERR  ] 2017-08-14T14:15:38.304916102Z: [    4.988930] scsi host4: ahci
[STDOUT  ] 2017-08-14T14:15:38.30492326Z: [    1.386892] ACPI: PCI Interrupt Link [GSID] (IRQs *19)
[STDERR  ] 2017-08-14T14:15:38.304927063Z: [    4.991502] scsi host5: ahci
[STDOUT  ] 2017-08-14T14:15:38.30493297Z: [    1.387529] ACPI: PCI Interrupt Link [GSIE] (IRQs *20)
[STDERR  ] 2017-08-14T14:15:38.304936949Z: [    4.993423] ata1: SATA max UDMA/133 abar m4096@0xfebd2000 port 0xfebd2100 irq 24
[STDERR  ] 2017-08-14T14:15:38.30494633Z: [    4.993924] ata2: SATA max UDMA/133 abar m4096@0xfebd2000 port 0xfebd2180 irq 24
[STDOUT  ] 2017-08-14T14:15:38.304946397Z: [    1.388251] ACPI: PCI Interrupt Link [GSIF] (IRQs *21)
[STDERR  ] 2017-08-14T14:15:38.304956217Z: [    4.994306] ata3: SATA max UDMA/133 abar m4096@0xfebd2000 port 0xfebd2200 irq 24
[STDOUT  ] 2017-08-14T14:15:38.304956787Z: [    1.388903] ACPI: PCI Interrupt Link [GSIG] (IRQs *22)
[STDERR  ] 2017-08-14T14:15:38.304965931Z: [    4.994617] ata4: SATA max UDMA/133 abar m4096@0xfebd2000 port 0xfebd2280 irq 24
[STDOUT  ] 2017-08-14T14:15:38.304967592Z: [    1.389583] ACPI: PCI Interrupt Link [GSIH] (IRQs *23)
[STDERR  ] 2017-08-14T14:15:38.304977834Z: [    4.995019] ata5: SATA max UDMA/133 abar m4096@0xfebd2000 port 0xfebd2300 irq 24
[STDOUT  ] 2017-08-14T14:15:38.304976684Z: [    1.394037] ACPI: Enabled 2 GPEs in block 00 to 3F
[STDOUT  ] 2017-08-14T14:15:38.304986212Z: [    1.398889] SCSI subsystem initialized
[STDERR  ] 2017-08-14T14:15:38.304988898Z: [    4.995406] ata6: SATA max UDMA/133 abar m4096@0xfebd2000 port 0xfebd2380 irq 24
[STDOUT  ] 2017-08-14T14:15:38.304995547Z: [    1.401187] ACPI: bus type USB registered
[STDERR  ] 2017-08-14T14:15:38.304999178Z: [    5.010388] tun: Universal TUN/TAP device driver, 1.6
[STDOUT  ] 2017-08-14T14:15:38.30500502Z: [    1.402390] usbcore: registered new interface driver usbfs
[STDERR  ] 2017-08-14T14:15:38.305008576Z: [    5.010780] tun: (C) 1999-2004 Max Krasnyansky <maxk@qualcomm.com>
[STDOUT  ] 2017-08-14T14:15:38.305016121Z: [    1.403337] usbcore: registered new interface driver hub
[STDERR  ] 2017-08-14T14:15:38.305017759Z: [    5.022564] VMware vmxnet3 virtual NIC driver - version 1.4.a.0-k-NAPI
[STDOUT  ] 2017-08-14T14:15:38.305025318Z: [    1.404218] usbcore: registered new device driver usb
[STDERR  ] 2017-08-14T14:15:38.305027915Z: [    5.023532] hv_vmbus: registering driver hv_netvsc
[STDOUT  ] 2017-08-14T14:15:38.305034582Z: [    1.405551] pps_core: LinuxPPS API ver. 1 registered
[STDERR  ] 2017-08-14T14:15:38.305037614Z: [    5.023836] Fusion MPT base driver 3.04.20
[STDOUT  ] 2017-08-14T14:15:38.305043953Z: [    1.405797] pps_core: Software ver. 5.3.6 - Copyright 2005-2007 Rodolfo Giometti <giometti@linux.it>
[STDERR  ] 2017-08-14T14:15:38.305046938Z: [    5.024106] Copyright (c) 1999-2008 LSI Corporation
[STDERR  ] 2017-08-14T14:15:38.30505601Z: [    5.024676] Fusion MPT SPI Host driver 3.04.20
[STDOUT  ] 2017-08-14T14:15:38.305066131Z: [    1.406504] PTP clock support registered
[STDERR  ] 2017-08-14T14:15:38.30506874Z: [    5.026905] i8042: PNP: PS/2 Controller [PNP0303:KBD,PNP0f13:MOU] at 0x60,0x64 irq 1,12
[STDERR  ] 2017-08-14T14:15:38.305078659Z: [    5.031693] serio: i8042 KBD port at 0x60,0x64 irq 1
[STDOUT  ] 2017-08-14T14:15:38.305086149Z: [    1.407783] wmi: Mapper loaded
[STDERR  ] 2017-08-14T14:15:38.305092155Z: [    5.032349] serio: i8042 AUX port at 0x60,0x64 irq 12
[STDOUT  ] 2017-08-14T14:15:38.305096349Z: [    1.409018] PCI: Using ACPI for IRQ routing
[STDOUT  ] 2017-08-14T14:15:38.305105777Z: [    1.431453] NetLabel: Initializing
[STDERR  ] 2017-08-14T14:15:38.305105144Z: [    5.035737] hv_vmbus: registering driver hyperv_keyboard
[STDERR  ] 2017-08-14T14:15:38.305115158Z: [    5.038060] mousedev: PS/2 mouse device common for all mice
[STDOUT  ] 2017-08-14T14:15:38.305115154Z: [    1.431695] NetLabel:  domain hash size = 128
[STDOUT  ] 2017-08-14T14:15:38.305126685Z: [    1.431974] NetLabel:  protocols = UNLABELED CIPSOv4
[STDOUT  ] 2017-08-14T14:15:38.305136162Z: [    1.434806] NetLabel:  unlabeled traffic allowed by default
[STDERR  ] 2017-08-14T14:15:38.305125196Z: [    5.044099] input: AT Translated Set 2 keyboard as /devices/platform/i8042/serio0/input/input1
[STDERR  ] 2017-08-14T14:15:38.305146019Z: [    5.047228] input: PC Speaker as /devices/platform/pcspkr/input/input2
[STDERR  ] 2017-08-14T14:15:38.305155257Z: [    5.051564] rtc_cmos 00:00: RTC can wake from S4
[STDOUT  ] 2017-08-14T14:15:38.305148888Z: [    1.436117] HPET: 3 timers in total, 0 timers will be used for per-cpu timer
[STDOUT  ] 2017-08-14T14:15:38.305162064Z: [    1.436979] hpet0: at MMIO 0xfed00000, IRQs 2, 8, 0
[STDERR  ] 2017-08-14T14:15:38.305164892Z: [    5.055350] rtc_cmos 00:00: rtc core: registered rtc_cmos as rtc0
[STDERR  ] 2017-08-14T14:15:38.305174307Z: [    5.056658] rtc_cmos 00:00: alarms up to one day, y3k, 114 bytes nvram, hpet irqs
[STDOUT  ] 2017-08-14T14:15:38.305171576Z: [    1.437455] hpet0: 3 comparators, 64-bit 100.000000 MHz counter
[STDOUT  ] 2017-08-14T14:15:38.305186211Z: [    1.444229] clocksource: Switched to clocksource hpet
[STDERR  ] 2017-08-14T14:15:38.305183498Z: [    5.057360] i2c /dev entries driver
[STDOUT  ] 2017-08-14T14:15:38.305195649Z: [    1.716455] VFS: Disk quotas dquot_6.6.0
[STDERR  ] 2017-08-14T14:15:38.305192903Z: [    5.059390] device-mapper: ioctl: 4.35.0-ioctl (2016-06-23) initialised: dm-devel@redhat.com
[STDERR  ] 2017-08-14T14:15:38.305203433Z: [    5.064677] usbcore: registered new interface driver usbhid
[STDOUT  ] 2017-08-14T14:15:38.305204709Z: [    1.717141] VFS: Dquot-cache hash table entries: 512 (order 0, 4096 bytes)
[STDERR  ] 2017-08-14T14:15:38.305213331Z: [    5.065112] usbhid: USB HID core driver
[STDOUT  ] 2017-08-14T14:15:38.305214944Z: [    1.721132] FS-Cache: Loaded
[STDERR  ] 2017-08-14T14:15:38.305222755Z: [    5.065802] hv_utils: Registering HyperV Utility Driver
[STDOUT  ] 2017-08-14T14:15:38.305224957Z: [    1.726583] CacheFiles: Loaded
[STDOUT  ] 2017-08-14T14:15:38.305234204Z: [    1.728373] pnp: PnP ACPI init
[STDERR  ] 2017-08-14T14:15:38.305234689Z: [    5.066168] hv_vmbus: registering driver hv_util
[STDOUT  ] 2017-08-14T14:15:38.305243884Z: [    1.740470] pnp: PnP ACPI: found 5 devices
[STDERR  ] 2017-08-14T14:15:38.30524433Z: [    5.066482] hv_vmbus: registering driver hv_balloon
[STDERR  ] 2017-08-14T14:15:38.305253834Z: [    5.067125] oprofile: using NMI interrupt.
[STDOUT  ] 2017-08-14T14:15:38.305253442Z: [    1.791837] clocksource: acpi_pm: mask: 0xffffff max_cycles: 0xffffff, max_idle_ns: 2085701024 ns
[STDOUT  ] 2017-08-14T14:15:38.305263253Z: [    1.795948] NET: Registered protocol family 2
[STDERR  ] 2017-08-14T14:15:38.305263314Z: [    5.068362] GACT probability on
[STDERR  ] 2017-08-14T14:15:38.305275792Z: [    5.068887] Mirror/redirect action on
[STDOUT  ] 2017-08-14T14:15:38.305272578Z: [    1.804266] TCP established hash table entries: 8192 (order: 4, 65536 bytes)
[STDOUT  ] 2017-08-14T14:15:38.305282415Z: [    1.805153] TCP bind hash table entries: 8192 (order: 5, 131072 bytes)
[STDERR  ] 2017-08-14T14:15:38.305285254Z: [    5.069931] Simple TC action Loaded
[STDERR  ] 2017-08-14T14:15:38.305294606Z: [    5.071076] u32 classifier
[STDOUT  ] 2017-08-14T14:15:38.305296471Z: [    1.805892] TCP: Hash tables configured (established 8192 bind 8192)
[STDOUT  ] 2017-08-14T14:15:38.305306277Z: [    1.808044] UDP hash table entries: 512 (order: 2, 16384 bytes)
[STDOUT  ] 2017-08-14T14:15:38.30531506Z: [    1.808630] UDP-Lite hash table entries: 512 (order: 2, 16384 bytes)
[STDERR  ] 2017-08-14T14:15:38.305304681Z: [    5.071272]     Performance counters on
[STDOUT  ] 2017-08-14T14:15:38.305324399Z: [    1.811449] NET: Registered protocol family 1
[STDERR  ] 2017-08-14T14:15:38.305326808Z: [    5.071570]     input device check on
[STDOUT  ] 2017-08-14T14:15:38.305333529Z: [    1.812590] pci 0000:00:01.0: Video device with shadowed ROM at [mem 0x000c0000-0x000dffff]
[STDOUT  ] 2017-08-14T14:15:38.305342705Z: [    1.821833] Unpacking initramfs...
[STDOUT  ] 2017-08-14T14:15:38.305351882Z: [    4.602167] Freeing initrd memory: 19492K (ffff88ecbecc7000 - ffff88ecbffd0000)
[STDERR  ] 2017-08-14T14:15:38.305340949Z: [    5.071794]     Actions configured
[STDERR  ] 2017-08-14T14:15:38.305362143Z: [    5.072690] Netfilter messages via NETLINK v0.30.
[STDOUT  ] 2017-08-14T14:15:38.305364817Z: [    4.627661] PCLMULQDQ-NI instructions are not detected.
[STDERR  ] 2017-08-14T14:15:38.305371661Z: [    5.073313] nfnl_acct: registering with nfnetlink.
[STDOUT  ] 2017-08-14T14:15:38.305374101Z: [    4.629154] AVX or AES-NI instructions are not detected.
[STDERR  ] 2017-08-14T14:15:38.30538129Z: [    5.075047] nf_conntrack version 0.5.0 (8192 buckets, 32768 max)
[STDOUT  ] 2017-08-14T14:15:38.305383843Z: [    4.629674] CPU feature 'AVX registers' is not supported.
[STDERR  ] 2017-08-14T14:15:38.305391186Z: [    5.078740] ctnetlink v0.93: registering with nfnetlink.
[STDOUT  ] 2017-08-14T14:15:38.305393076Z: [    4.630491] CPU feature 'AVX registers' is not supported.
[STDERR  ] 2017-08-14T14:15:38.305400566Z: [    5.082915] nf_tables: (c) 2007-2009 Patrick McHardy <kaber@trash.net>
[STDOUT  ] 2017-08-14T14:15:38.305403127Z: [    4.630950] CPU feature 'AVX registers' is not supported.
[STDERR  ] 2017-08-14T14:15:38.305410892Z: [    5.083956] nf_tables_compat: (c) 2012 Pablo Neira Ayuso <pablo@netfilter.org>
[STDOUT  ] 2017-08-14T14:15:38.305418165Z: [    4.631368] CPU feature 'AVX registers' is not supported.
[STDERR  ] 2017-08-14T14:15:38.305421084Z: [    5.087465] xt_time: kernel timezone is -0000
[STDOUT  ] 2017-08-14T14:15:38.305427408Z: [    4.631751] AVX2 or AES-NI instructions are not detected.
[STDERR  ] 2017-08-14T14:15:38.30543067Z: [    5.088220] ip_set: protocol 6
[STDOUT  ] 2017-08-14T14:15:38.305436772Z: [    4.632126] AVX2 instructions are not detected.
[STDERR  ] 2017-08-14T14:15:38.305440677Z: [    5.088950] IPVS: Registered protocols (TCP, UDP, SCTP, AH, ESP)
[STDERR  ] 2017-08-14T14:15:38.305450118Z: [    5.089601] IPVS: Connection hash table configured (size=4096, memory=64Kbytes)
[STDOUT  ] 2017-08-14T14:15:38.30544781Z: [    4.638175] audit: initializing netlink subsys (disabled)
[STDERR  ] 2017-08-14T14:15:38.305459629Z: [    5.091989] IPVS: Creating netns size=2104 id=0
[STDOUT  ] 2017-08-14T14:15:38.305459311Z: [    4.641240] audit: type=2000 audit(1502720110.630:1): initialized
[STDOUT  ] 2017-08-14T14:15:38.305470374Z: [    4.649785] workingset: timestamp_bits=46 max_order=18 bucket_order=0
[STDERR  ] 2017-08-14T14:15:38.305469473Z: [    5.094797] IPVS: ipvs loaded.
[STDERR  ] 2017-08-14T14:15:38.305479781Z: [    5.095140] IPVS: [rr] scheduler registered.
[STDOUT  ] 2017-08-14T14:15:38.305481035Z: [    4.660813] FS-Cache: Netfs 'cifs' registered for caching
[STDERR  ] 2017-08-14T14:15:38.305489703Z: [    5.095473] IPVS: [wrr] scheduler registered.
[STDOUT  ] 2017-08-14T14:15:38.305491029Z: [    4.661954] fuse init (API version 7.26)
[STDERR  ] 2017-08-14T14:15:38.305499378Z: [    5.095746] IPVS: [lc] scheduler registered.
[STDOUT  ] 2017-08-14T14:15:38.305500863Z: [    4.664528] SGI XFS with ACLs, security attributes, no debug enabled
[STDOUT  ] 2017-08-14T14:15:38.30551052Z: [    4.668477] 9p: Installing v9fs 9p2000 file system support
[STDERR  ] 2017-08-14T14:15:38.305508889Z: [    5.095997] IPVS: [wlc] scheduler registered.
[STDOUT  ] 2017-08-14T14:15:38.305520157Z: [    4.669017] FS-Cache: Netfs '9p' registered for caching
[STDERR  ] 2017-08-14T14:15:38.305522471Z: [    5.096250] IPVS: [fo] scheduler registered.
[STDOUT  ] 2017-08-14T14:15:38.305529514Z: [    4.703683] NET: Registered protocol family 38
[STDERR  ] 2017-08-14T14:15:38.305531786Z: [    5.096496] IPVS: [ovf] scheduler registered.
[STDERR  ] 2017-08-14T14:15:38.305547867Z: [    5.097013] IPVS: [lblc] scheduler registered.
[STDERR  ] 2017-08-14T14:15:38.305558139Z: [    5.097449] IPVS: [lblcr] scheduler registered.
[STDOUT  ] 2017-08-14T14:15:38.305545878Z: [    4.704340] Key type asymmetric registered
[STDERR  ] 2017-08-14T14:15:38.305567118Z: [    5.097737] IPVS: [dh] scheduler registered.
[STDOUT  ] 2017-08-14T14:15:38.305564578Z: [    4.704675] Asymmetric key parser 'x509' registered
[STDERR  ] 2017-08-14T14:15:38.305576602Z: [    5.097973] IPVS: [sh] scheduler registered.
[STDOUT  ] 2017-08-14T14:15:38.305577648Z: [    4.705624] Block layer SCSI generic (bsg) driver version 0.4 loaded (major 251)
[STDERR  ] 2017-08-14T14:15:38.305586185Z: [    5.098194] IPVS: [sed] scheduler registered.
[STDOUT  ] 2017-08-14T14:15:38.305587862Z: [    4.707128] io scheduler noop registered
[STDERR  ] 2017-08-14T14:15:38.305597018Z: [    5.098433] IPVS: [nq] scheduler registered.
[STDOUT  ] 2017-08-14T14:15:38.305597535Z: [    4.707447] io scheduler deadline registered (default)
[STDOUT  ] 2017-08-14T14:15:38.305608278Z: [    4.708223] io scheduler cfq registered
[STDERR  ] 2017-08-14T14:15:38.30560668Z: [    5.099157] IPVS: ftp: loaded support on port[0] = 21
[STDOUT  ] 2017-08-14T14:15:38.305617284Z: [    4.713875] pci_hotplug: PCI Hot Plug PCI Core version: 0.5
[STDERR  ] 2017-08-14T14:15:38.305622103Z: [    5.100006] ipip: IPv4 and MPLS over IPv4 tunneling driver
[STDOUT  ] 2017-08-14T14:15:38.305626716Z: [    4.714392] pciehp: PCI Express Hot Plug Controller Driver version: 0.4
[STDERR  ] 2017-08-14T14:15:38.305632423Z: [    5.105831] gre: GRE over IPv4 demultiplexor driver
[STDOUT  ] 2017-08-14T14:15:38.305636917Z: [    4.715287] shpchp: Standard Hot Plug PCI Controller Driver version: 0.4
[STDERR  ] 2017-08-14T14:15:38.305642677Z: [    5.109158] ip_tables: (C) 2000-2006 Netfilter Core Team
[STDOUT  ] 2017-08-14T14:15:38.305646556Z: [    4.716186] hv_vmbus: registering driver hyperv_fb
[STDERR  ] 2017-08-14T14:15:38.305652041Z: [    5.114479] ipt_CLUSTERIP: ClusterIP Version 0.8 loaded successfully
[STDOUT  ] 2017-08-14T14:15:38.305660851Z: [    4.719538] input: Power Button as /devices/LNXSYSTM:00/LNXPWRBN:00/input/input0
[STDERR  ] 2017-08-14T14:15:38.305662451Z: [    5.115344] arp_tables: arp_tables: (C) 2002 David S. Miller
[STDERR  ] 2017-08-14T14:15:38.30567202Z: [    5.117836] NET: Registered protocol family 10
[STDOUT  ] 2017-08-14T14:15:38.305670379Z: [    4.721370] ACPI: Power Button [PWRF]
[STDOUT  ] 2017-08-14T14:15:38.305680754Z: [    4.726686] GHES: HEST is not enabled!
[STDOUT  ] 2017-08-14T14:15:38.305690634Z: [    4.739426] ACPI: PCI Interrupt Link [GSIG] enabled at IRQ 22
[STDERR  ] 2017-08-14T14:15:38.305681663Z: [    5.128938] ip6_tables: (C) 2000-2006 Netfilter Core Team
[STDERR  ] 2017-08-14T14:15:38.305697989Z: [    5.139451] NET: Registered protocol family 17
[STDOUT  ] 2017-08-14T14:15:38.305699908Z: [    4.755925] ACPI: PCI Interrupt Link [GSIH] enabled at IRQ 23
[STDERR  ] 2017-08-14T14:15:38.305708391Z: [    5.141094] Bridge firewalling registered
[STDOUT  ] 2017-08-14T14:15:38.305709605Z: [    4.763198] xenfs: not registering filesystem on non-xen platform
[STDERR  ] 2017-08-14T14:15:38.305717688Z: [    5.141632] Ebtables v2.0 registered
[STDOUT  ] 2017-08-14T14:15:38.305719414Z: [    4.765476] Serial: 8250/16550 driver, 4 ports, IRQ sharing disabled
[STDERR  ] 2017-08-14T14:15:38.305727608Z: [    5.143542] 8021q: 802.1Q VLAN Support v1.8
[STDOUT  ] 2017-08-14T14:15:38.30572906Z: [    4.790360] 00:04: ttyS0 at I/O 0x3f8 (irq = 4, base_baud = 115200) is a 16550A
[STDERR  ] 2017-08-14T14:15:38.305746761Z: [    5.145073] 9pnet: Installing 9P2000 support
[STDOUT  ] 2017-08-14T14:15:38.305739406Z: [    4.804146] Non-volatile memory driver v1.3
[STDOUT  ] 2017-08-14T14:15:38.305753611Z: [    4.811816] Hangcheck: starting hangcheck timer 0.9.1 (tick is 180 seconds, margin is 60 seconds).
[STDERR  ] 2017-08-14T14:15:38.305756422Z: [    5.146739] Key type dns_resolver registered
[STDOUT  ] 2017-08-14T14:15:38.305763589Z: [    4.856273] loop: module loaded
[STDERR  ] 2017-08-14T14:15:38.305768182Z: [    5.147771] microcode: AMD CPU family 0x6 not supported
[STDOUT  ] 2017-08-14T14:15:38.305774493Z: [    4.874215] nbd: registered device at major 43
[STDERR  ] 2017-08-14T14:15:38.30577778Z: [    5.152284] registered taskstats version 1
[STDERR  ] 2017-08-14T14:15:38.305787211Z: [    5.333531] ata5: SATA link down (SStatus 0 SControl 300)
[STDOUT  ] 2017-08-14T14:15:38.305784157Z: [    4.925203] lpc_ich 0000:00:1f.0: I/O space for GPIO uninitialized
[STDERR  ] 2017-08-14T14:15:38.305796077Z: [    5.336331] ata4: SATA link down (SStatus 0 SControl 300)
[STDOUT  ] 2017-08-14T14:15:38.30580178Z: [    4.927936] VMware PVSCSI driver - version 1.0.7.0-k
[STDERR  ] 2017-08-14T14:15:38.305805891Z: [    5.337702] ata3: SATA link up 1.5 Gbps (SStatus 113 SControl 300)
[STDOUT  ] 2017-08-14T14:15:38.30581121Z: [    4.929064] hv_vmbus: registering driver hv_storvsc
[STDOUT  ] 2017-08-14T14:15:38.305820512Z: [    4.942895] ACPI: PCI Interrupt Link [GSIA] enabled at IRQ 16
[STDERR  ] 2017-08-14T14:15:38.305817964Z: [    5.340628] ata2: SATA link down (SStatus 0 SControl 300)
[STDERR  ] 2017-08-14T14:15:38.305827432Z: [    5.341119] ata1: SATA link down (SStatus 0 SControl 300)
[STDERR  ] 2017-08-14T14:15:38.305837094Z: [    5.341640] ata6: SATA link down (SStatus 0 SControl 300)
[STDOUT  ] 2017-08-14T14:15:38.305829986Z: [    4.951394] ahci 0000:00:1f.2: AHCI 0001.0000 32 slots 6 ports 1.5 Gbps 0x3f impl SATA mode
[STDERR  ] 2017-08-14T14:15:38.305846226Z: [    5.352917] ata3.00: ATAPI: QEMU DVD-ROM, 2.5+, max UDMA/100
[STDOUT  ] 2017-08-14T14:15:38.305847774Z: [    4.952107] ahci 0000:00:1f.2: flags: 64bit ncq only 
[STDERR  ] 2017-08-14T14:15:38.30587625Z: [    5.353464] ata3.00: applying bridge limits
[STDOUT  ] 2017-08-14T14:15:38.30587837Z: [    4.975583] scsi host0: ahci
[STDERR  ] 2017-08-14T14:15:38.30588596Z: [    5.355778] ata3.00: configured for UDMA/100
[STDOUT  ] 2017-08-14T14:15:38.305888169Z: [    4.981034] scsi host1: ahci
[STDERR  ] 2017-08-14T14:15:38.305895362Z: [    5.371474] scsi 2:0:0:0: CD-ROM            QEMU     QEMU DVD-ROM     2.5+ PQ: 0 ANSI: 5
[STDOUT  ] 2017-08-14T14:15:38.305899128Z: [    4.983793] scsi host2: ahci
[STDERR  ] 2017-08-14T14:15:38.305905695Z: [    5.403668] sr 2:0:0:0: [sr0] scsi3-mmc drive: 4x/4x cd/rw xa/form2 tray
[STDOUT  ] 2017-08-14T14:15:38.305909409Z: [    4.986366] scsi host3: ahci
[STDOUT  ] 2017-08-14T14:15:38.305919075Z: [    4.988930] scsi host4: ahci
[STDERR  ] 2017-08-14T14:15:38.30591617Z: [    5.404401] cdrom: Uniform CD-ROM driver Revision: 3.20
[STDERR  ] 2017-08-14T14:15:38.30592604Z: [    5.423172] sr 2:0:0:0: Attached scsi generic sg0 type 5
[STDOUT  ] 2017-08-14T14:15:38.305928935Z: [    4.991502] scsi host5: ahci
[STDERR  ] 2017-08-14T14:15:38.305935849Z: [    5.447572] Key type big_key registered
[STDOUT  ] 2017-08-14T14:15:38.305938652Z: [    4.993423] ata1: SATA max UDMA/133 abar m4096@0xfebd2000 port 0xfebd2100 irq 24
[STDERR  ] 2017-08-14T14:15:38.30594585Z: [    5.514464] Key type encrypted registered
[STDOUT  ] 2017-08-14T14:15:38.305948701Z: [    4.993924] ata2: SATA max UDMA/133 abar m4096@0xfebd2000 port 0xfebd2180 irq 24
[STDERR  ] 2017-08-14T14:15:38.305955414Z: [    5.520285] rtc_cmos 00:00: setting system clock to 2017-08-14 14:15:12 UTC (1502720112)
[STDOUT  ] 2017-08-14T14:15:38.305958612Z: [    4.994306] ata3: SATA max UDMA/133 abar m4096@0xfebd2000 port 0xfebd2200 irq 24
[STDERR  ] 2017-08-14T14:15:38.30596556Z: [    5.695075] Freeing unused kernel memory: 1380K (ffffffff97d57000 - ffffffff97eb0000)
[STDOUT  ] 2017-08-14T14:15:38.305968389Z: [    4.994617] ata4: SATA max UDMA/133 abar m4096@0xfebd2000 port 0xfebd2280 irq 24
[STDOUT  ] 2017-08-14T14:15:38.305982524Z: [    4.995019] ata5: SATA max UDMA/133 abar m4096@0xfebd2000 port 0xfebd2300 irq 24
[STDERR  ] 2017-08-14T14:15:38.305983431Z: [    5.695485] Write protecting the kernel read-only data: 12288k
[STDERR  ] 2017-08-14T14:15:38.305993878Z: [    5.697851] tsc: Refined TSC clocksource calibration: 2599.940 MHz
[STDOUT  ] 2017-08-14T14:15:38.30599754Z: [    4.995406] ata6: SATA max UDMA/133 abar m4096@0xfebd2000 port 0xfebd2380 irq 24
[STDERR  ] 2017-08-14T14:15:38.306004006Z: [    5.698400] clocksource: tsc: mask: 0xffffffffffffffff max_cycles: 0x257a039dfda, max_idle_ns: 440795290633 ns
[STDOUT  ] 2017-08-14T14:15:38.306007578Z: [    5.010388] tun: Universal TUN/TAP device driver, 1.6
[STDERR  ] 2017-08-14T14:15:38.306014689Z: [    5.705810] Freeing unused kernel memory: 148K (ffff88eca97db000 - ffff88eca9800000)
[STDOUT  ] 2017-08-14T14:15:38.306017421Z: [    5.010780] tun: (C) 1999-2004 Max Krasnyansky <maxk@qualcomm.com>
[STDERR  ] 2017-08-14T14:15:38.306028862Z: [    5.843423] Freeing unused kernel memory: 1400K (ffff88eca9aa2000 - ffff88eca9c00000)
[STDOUT  ] 2017-08-14T14:15:38.306030526Z: [    5.022564] VMware vmxnet3 virtual NIC driver - version 1.4.a.0-k-NAPI
[STDERR  ] 2017-08-14T14:15:38.306039029Z: [    6.708459] clocksource: Switched to clocksource tsc
[STDOUT  ] 2017-08-14T14:15:38.30604068Z: [    5.023532] hv_vmbus: registering driver hv_netvsc
[STDERR  ] 2017-08-14T14:15:38.306049046Z: 
[STDOUT  ] 2017-08-14T14:15:38.306050841Z: [    5.023836] Fusion MPT base driver 3.04.20
[STDERR  ] 2017-08-14T14:15:38.306064348Z: Welcome to LinuxKit
[STDOUT  ] 2017-08-14T14:15:38.306065955Z: [    5.024106] Copyright (c) 1999-2008 LSI Corporation
[STDERR  ] 2017-08-14T14:15:38.306074332Z: 
[STDOUT  ] 2017-08-14T14:15:38.3060759Z: [    5.024676] Fusion MPT SPI Host driver 3.04.20
[STDERR  ] 2017-08-14T14:15:38.306084201Z:                         ##         .
[STDOUT  ] 2017-08-14T14:15:38.306093634Z: [    5.026905] i8042: PNP: PS/2 Controller [PNP0303:KBD,PNP0f13:MOU] at 0x60,0x64 irq 1,12
[STDERR  ] 2017-08-14T14:15:38.306093262Z:                   ## ## ##        ==
[STDOUT  ] 2017-08-14T14:15:38.306103263Z: [    5.031693] serio: i8042 KBD port at 0x60,0x64 irq 1
[STDOUT  ] 2017-08-14T14:15:38.306112551Z: [    5.032349] serio: i8042 AUX port at 0x60,0x64 irq 12
[STDERR  ] 2017-08-14T14:15:38.306108317Z:                ## ## ## ## ##    ===
[STDERR  ] 2017-08-14T14:15:38.306119682Z:            /"""""""""""""""""\___/ ===
[STDOUT  ] 2017-08-14T14:15:38.306122757Z: [    5.035737] hv_vmbus: registering driver hyperv_keyboard
[STDERR  ] 2017-08-14T14:15:38.306129382Z:           {                       /  ===-
[STDERR  ] 2017-08-14T14:15:38.306138579Z:            \______ O           __/
[STDOUT  ] 2017-08-14T14:15:38.306132498Z: [    5.038060] mousedev: PS/2 mouse device common for all mice
[STDOUT  ] 2017-08-14T14:15:38.306145489Z: [    5.044099] input: AT Translated Set 2 keyboard as /devices/platform/i8042/serio0/input/input1
[STDERR  ] 2017-08-14T14:15:38.306148468Z:              \    \         __/
[STDOUT  ] 2017-08-14T14:15:38.306155293Z: [    5.047228] input: PC Speaker as /devices/platform/pcspkr/input/input2
[STDERR  ] 2017-08-14T14:15:38.306158352Z:               \____\_______/
[STDOUT  ] 2017-08-14T14:15:38.306165046Z: [    5.051564] rtc_cmos 00:00: RTC can wake from S4
[STDERR  ] 2017-08-14T14:15:38.306168152Z: 
[STDOUT  ] 2017-08-14T14:15:38.306176199Z: [    5.055350] rtc_cmos 00:00: rtc core: registered rtc_cmos as rtc0
[STDERR  ] 2017-08-14T14:15:38.306177863Z: sysctl test suite PASSED
[STDERR  ] 2017-08-14T14:15:38.306188065Z: [   29.885498] ACPI: Preparing to enter system sleep state S5
[STDOUT  ] 2017-08-14T14:15:38.306188092Z: [    5.056658] rtc_cmos 00:00: alarms up to one day, y3k, 114 bytes nvram, hpet irqs
[STDERR  ] 2017-08-14T14:15:38.306198197Z: [   29.887110] reboot: Power down
[STDOUT  ] 2017-08-14T14:15:38.306199809Z: [    5.057360] i2c /dev entries driver
[STDERR  ] 2017-08-14T14:15:38.306208321Z: + echo [    0.000000] Linux version 4.9.41-linuxkit (root@e1ede117fb1e) (gcc version 6.3.0 (Alpine 6.3.0) ) #1 SMP Tue Aug 8 12:44:06 UTC 2017
[STDOUT  ] 2017-08-14T14:15:38.306214983Z: [    5.059390] device-mapper: ioctl: 4.35.0-ioctl (2016-06-23) initialised: dm-devel@redhat.com
[STDERR  ] 2017-08-14T14:15:38.306218879Z: [    0.000000] Command line: console=ttyS0 page_poison=1
[STDOUT  ] 2017-08-14T14:15:38.306224945Z: [    5.064677] usbcore: registered new interface driver usbhid
[STDERR  ] 2017-08-14T14:15:38.30623323Z: [    0.000000] x86/fpu: Legacy x87 FPU detected.
[STDOUT  ] 2017-08-14T14:15:38.3062351Z: [    5.065112] usbhid: USB HID core driver
[STDOUT  ] 2017-08-14T14:15:38.306244951Z: [    5.065802] hv_utils: Registering HyperV Utility Driver
[STDOUT  ] 2017-08-14T14:15:38.306277332Z: [    5.066168] hv_vmbus: registering driver hv_util
[STDOUT  ] 2017-08-14T14:15:38.30628571Z: [    5.066482] hv_vmbus: registering driver hv_balloon
[STDOUT  ] 2017-08-14T14:15:38.306298541Z: [    5.067125] oprofile: using NMI interrupt.
[STDOUT  ] 2017-08-14T14:15:38.306307214Z: [    5.068362] GACT probability on
[STDOUT  ] 2017-08-14T14:15:38.306316844Z: [    5.068887] Mirror/redirect action on
[STDOUT  ] 2017-08-14T14:15:38.306325582Z: [    5.069931] Simple TC action Loaded
[STDOUT  ] 2017-08-14T14:15:38.306333573Z: [    5.071076] u32 classifier
[STDOUT  ] 2017-08-14T14:15:38.306342862Z: [    5.071272]     Performance counters on
[STDOUT  ] 2017-08-14T14:15:38.306351249Z: [    5.071570]     input device check on
[STDERR  ] 2017-08-14T14:15:38.306243276Z: [    0.000000] x86/fpu: Using 'eager' FPU context switches.
[STDOUT  ] 2017-08-14T14:15:38.306365926Z: [    5.071794]     Actions configured
[STDOUT  ] 2017-08-14T14:15:38.306375796Z: [    5.072690] Netfilter messages via NETLINK v0.30.
[STDERR  ] 2017-08-14T14:15:38.306371511Z: [    0.000000] e820: BIOS-provided physical RAM map:
[STDERR  ] 2017-08-14T14:15:38.306387268Z: [    0.000000] BIOS-e820: [mem 0x0000000000000000-0x000000000009fbff] usable
[STDOUT  ] 2017-08-14T14:15:38.306385578Z: [    5.073313] nfnl_acct: registering with nfnetlink.
[STDERR  ] 2017-08-14T14:15:38.306399648Z: [    0.000000] BIOS-e820: [mem 0x000000000009fc00-0x000000000009ffff] reserved
[STDOUT  ] 2017-08-14T14:15:38.306401457Z: [    5.075047] nf_conntrack version 0.5.0 (8192 buckets, 32768 max)
[STDERR  ] 2017-08-14T14:15:38.306409941Z: [    0.000000] BIOS-e820: [mem 0x00000000000f0000-0x00000000000fffff] reserved
[STDOUT  ] 2017-08-14T14:15:38.306411618Z: [    5.078740] ctnetlink v0.93: registering with nfnetlink.
[STDOUT  ] 2017-08-14T14:15:38.30642166Z: [    5.082915] nf_tables: (c) 2007-2009 Patrick McHardy <kaber@trash.net>
[STDERR  ] 2017-08-14T14:15:38.306420122Z: [    0.000000] BIOS-e820: [mem 0x0000000000100000-0x000000003ffdefff] usable
[STDOUT  ] 2017-08-14T14:15:38.3064317Z: [    5.083956] nf_tables_compat: (c) 2012 Pablo Neira Ayuso <pablo@netfilter.org>
[STDOUT  ] 2017-08-14T14:15:38.306441409Z: [    5.087465] xt_time: kernel timezone is -0000
[STDERR  ] 2017-08-14T14:15:38.306429953Z: [    0.000000] BIOS-e820: [mem 0x000000003ffdf000-0x000000003fffffff] reserved
[STDERR  ] 2017-08-14T14:15:38.306451796Z: [    0.000000] BIOS-e820: [mem 0x00000000b0000000-0x00000000bfffffff] reserved
[STDOUT  ] 2017-08-14T14:15:38.306451363Z: [    5.088220] ip_set: protocol 6
[STDERR  ] 2017-08-14T14:15:38.306461373Z: [    0.000000] BIOS-e820: [mem 0x00000000fed1c000-0x00000000fed1ffff] reserved
[STDOUT  ] 2017-08-14T14:15:38.306463587Z: [    5.088950] IPVS: Registered protocols (TCP, UDP, SCTP, AH, ESP)
[STDOUT  ] 2017-08-14T14:15:38.306473463Z: [    5.089601] IPVS: Connection hash table configured (size=4096, memory=64Kbytes)
[STDERR  ] 2017-08-14T14:15:38.306471083Z: [    0.000000] BIOS-e820: [mem 0x00000000fffc0000-0x00000000ffffffff] reserved
[STDERR  ] 2017-08-14T14:15:38.306480741Z: [    0.000000] NX (Execute Disable) protection: active
[STDOUT  ] 2017-08-14T14:15:38.306483272Z: [    5.091989] IPVS: Creating netns size=2104 id=0
[STDERR  ] 2017-08-14T14:15:38.306490819Z: [    0.000000] SMBIOS 2.8 present.
[STDOUT  ] 2017-08-14T14:15:38.306497436Z: [    5.094797] IPVS: ipvs loaded.
[STDOUT  ] 2017-08-14T14:15:38.306507306Z: [    5.095140] IPVS: [rr] scheduler registered.
[STDERR  ] 2017-08-14T14:15:38.306502807Z: [    0.000000] e820: last_pfn = 0x3ffdf max_arch_pfn = 0x400000000
[STDOUT  ] 2017-08-14T14:15:38.306516877Z: [    5.095473] IPVS: [wrr] scheduler registered.
[STDERR  ] 2017-08-14T14:15:38.306522902Z: [    0.000000] x86/PAT: Configuration [0-7]: WB  WC  UC- UC  WB  WC  UC- WT  
[STDOUT  ] 2017-08-14T14:15:38.306526416Z: [    5.095746] IPVS: [lc] scheduler registered.
[STDERR  ] 2017-08-14T14:15:38.306534318Z: [    0.000000] found SMP MP-table at [mem 0x000f6aa0-0x000f6aaf] mapped at [ffff88ec800f6aa0]
[STDOUT  ] 2017-08-14T14:15:38.306535907Z: [    5.095997] IPVS: [wlc] scheduler registered.
[STDOUT  ] 2017-08-14T14:15:38.306545712Z: [    5.096250] IPVS: [fo] scheduler registered.
[STDERR  ] 2017-08-14T14:15:38.306544345Z: [    0.000000] RAMDISK: [mem 0x3ecc7000-0x3ffcffff]
[STDERR  ] 2017-08-14T14:15:38.30655644Z: [    0.000000] ACPI: Early table checksum verification disabled
[STDERR  ] 2017-08-14T14:15:38.306573491Z: [    0.000000] ACPI: RSDP 0x00000000000F68C0 000014 (v00 BOCHS )
[STDOUT  ] 2017-08-14T14:15:38.306571865Z: [    5.096496] IPVS: [ovf] scheduler registered.
[STDOUT  ] 2017-08-14T14:15:38.306586819Z: [    5.097013] IPVS: [lblc] scheduler registered.
[STDERR  ] 2017-08-14T14:15:38.306583866Z: [    0.000000] ACPI: RSDT 0x000000003FFE2404 000034 (v01 BOCHS  BXPCRSDT 00000001 BXPC 00000001)
[STDERR  ] 2017-08-14T14:15:38.306606893Z: [    0.000000] ACPI: FACP 0x000000003FFE22A4 000074 (v01 BOCHS  BXPCFACP 00000001 BXPC 00000001)
[STDERR  ] 2017-08-14T14:15:38.306618659Z: [    0.000000] ACPI: DSDT 0x000000003FFE0040 002264 (v01 BOCHS  BXPCDSDT 00000001 BXPC 00000001)
[STDOUT  ] 2017-08-14T14:15:38.306619892Z: [    5.097449] IPVS: [lblcr] scheduler registered.
[STDERR  ] 2017-08-14T14:15:38.30662805Z: [    0.000000] ACPI: FACS 0x000000003FFE0000 000040
[STDOUT  ] 2017-08-14T14:15:38.306630925Z: [    5.097737] IPVS: [dh] scheduler registered.
[STDERR  ] 2017-08-14T14:15:38.306641272Z: [    0.000000] ACPI: APIC 0x000000003FFE2318 000078 (v01 BOCHS  BXPCAPIC 00000001 BXPC 00000001)
[STDOUT  ] 2017-08-14T14:15:38.30664068Z: [    5.097973] IPVS: [sh] scheduler registered.
[STDOUT  ] 2017-08-14T14:15:38.306651226Z: [    5.098194] IPVS: [sed] scheduler registered.
[STDERR  ] 2017-08-14T14:15:38.306651334Z: [    0.000000] ACPI: HPET 0x000000003FFE2390 000038 (v01 BOCHS  BXPCHPET 00000001 BXPC 00000001)
[STDOUT  ] 2017-08-14T14:15:38.306660999Z: [    5.098433] IPVS: [nq] scheduler registered.
[STDERR  ] 2017-08-14T14:15:38.306662692Z: [    0.000000] ACPI: MCFG 0x000000003FFE23C8 00003C (v01 BOCHS  BXPCMCFG 00000001 BXPC 00000001)
[STDERR  ] 2017-08-14T14:15:38.306684799Z: [    0.000000] Zone ranges:
[STDOUT  ] 2017-08-14T14:15:38.306685514Z: [    5.099157] IPVS: ftp: loaded support on port[0] = 21
[STDOUT  ] 2017-08-14T14:15:38.306697074Z: [    5.100006] ipip: IPv4 and MPLS over IPv4 tunneling driver
[STDERR  ] 2017-08-14T14:15:38.306694506Z: [    0.000000]   DMA      [mem 0x0000000000001000-0x0000000000ffffff]
[STDERR  ] 2017-08-14T14:15:38.306704078Z: [    0.000000]   DMA32    [mem 0x0000000001000000-0x000000003ffdefff]
[STDERR  ] 2017-08-14T14:15:38.306714519Z: [    0.000000]   Normal   empty
[STDOUT  ] 2017-08-14T14:15:38.306706994Z: [    5.105831] gre: GRE over IPv4 demultiplexor driver
[STDERR  ] 2017-08-14T14:15:38.306724371Z: [    0.000000] Movable zone start for each node
[STDOUT  ] 2017-08-14T14:15:38.306725999Z: [    5.109158] ip_tables: (C) 2000-2006 Netfilter Core Team
[STDERR  ] 2017-08-14T14:15:38.306734635Z: [    0.000000] Early memory node ranges
[STDOUT  ] 2017-08-14T14:15:38.306735902Z: [    5.114479] ipt_CLUSTERIP: ClusterIP Version 0.8 loaded successfully
[STDOUT  ] 2017-08-14T14:15:38.306746361Z: [    5.115344] arp_tables: arp_tables: (C) 2002 David S. Miller
[STDERR  ] 2017-08-14T14:15:38.306754686Z: [    0.000000]   node   0: [mem 0x0000000000001000-0x000000000009efff]
[STDOUT  ] 2017-08-14T14:15:38.306755778Z: [    5.117836] NET: Registered protocol family 10
[STDERR  ] 2017-08-14T14:15:38.306769383Z: [    0.000000]   node   0: [mem 0x0000000000100000-0x000000003ffdefff]
[STDOUT  ] 2017-08-14T14:15:38.306771003Z: [    5.128938] ip6_tables: (C) 2000-2006 Netfilter Core Team
[STDOUT  ] 2017-08-14T14:15:38.306781476Z: [    5.139451] NET: Registered protocol family 17
[STDERR  ] 2017-08-14T14:15:38.306779456Z: [    0.000000] Initmem setup node 0 [mem 0x0000000000001000-0x000000003ffdefff]
[STDERR  ] 2017-08-14T14:15:38.30678912Z: [    0.000000] ACPI: PM-Timer IO Port: 0x608
[STDOUT  ] 2017-08-14T14:15:38.306791258Z: [    5.141094] Bridge firewalling registered
[STDERR  ] 2017-08-14T14:15:38.306799438Z: [    0.000000] ACPI: LAPIC_NMI (acpi_id[0xff] dfl dfl lint[0x1])
[STDOUT  ] 2017-08-14T14:15:38.306800879Z: [    5.141632] Ebtables v2.0 registered
[STDOUT  ] 2017-08-14T14:15:38.306810426Z: [    5.143542] 8021q: 802.1Q VLAN Support v1.8
[STDERR  ] 2017-08-14T14:15:38.306811074Z: [    0.000000] IOAPIC[0]: apic_id 0, version 32, address 0xfec00000, GSI 0-23
[STDOUT  ] 2017-08-14T14:15:38.306829887Z: [    5.145073] 9pnet: Installing 9P2000 support
[STDERR  ] 2017-08-14T14:15:38.30683439Z: [    0.000000] ACPI: INT_SRC_OVR (bus 0 bus_irq 0 global_irq 2 dfl dfl)
[STDOUT  ] 2017-08-14T14:15:38.306839512Z: [    5.146739] Key type dns_resolver registered
[STDERR  ] 2017-08-14T14:15:38.306848125Z: [    0.000000] ACPI: INT_SRC_OVR (bus 0 bus_irq 5 global_irq 5 high level)
[STDOUT  ] 2017-08-14T14:15:38.306848875Z: [    5.147771] microcode: AMD CPU family 0x6 not supported
[STDERR  ] 2017-08-14T14:15:38.306858402Z: [    0.000000] ACPI: INT_SRC_OVR (bus 0 bus_irq 9 global_irq 9 high level)
[STDOUT  ] 2017-08-14T14:15:38.306860282Z: [    5.152284] registered taskstats version 1
[STDERR  ] 2017-08-14T14:15:38.306868358Z: [    0.000000] ACPI: INT_SRC_OVR (bus 0 bus_irq 10 global_irq 10 high level)
[STDOUT  ] 2017-08-14T14:15:38.306870172Z: [    5.333531] ata5: SATA link down (SStatus 0 SControl 300)
[STDOUT  ] 2017-08-14T14:15:38.306880266Z: [    5.336331] ata4: SATA link down (SStatus 0 SControl 300)
[STDERR  ] 2017-08-14T14:15:38.30687847Z: [    0.000000] ACPI: INT_SRC_OVR (bus 0 bus_irq 11 global_irq 11 high level)
[STDERR  ] 2017-08-14T14:15:38.306889329Z: [    0.000000] Using ACPI (MADT) for SMP configuration information
[STDOUT  ] 2017-08-14T14:15:38.306889988Z: [    5.337702] ata3: SATA link up 1.5 Gbps (SStatus 113 SControl 300)
[STDOUT  ] 2017-08-14T14:15:38.306902388Z: [    5.340628] ata2: SATA link down (SStatus 0 SControl 300)
[STDERR  ] 2017-08-14T14:15:38.306899253Z: [    0.000000] ACPI: HPET id: 0x8086a201 base: 0xfed00000
[STDOUT  ] 2017-08-14T14:15:38.306911969Z: [    5.341119] ata1: SATA link down (SStatus 0 SControl 300)
[STDERR  ] 2017-08-14T14:15:38.306918891Z: [    0.000000] smpboot: Allowing 1 CPUs, 0 hotplug CPUs
[STDOUT  ] 2017-08-14T14:15:38.306921953Z: [    5.341640] ata6: SATA link down (SStatus 0 SControl 300)
[STDERR  ] 2017-08-14T14:15:38.306928932Z: [    0.000000] e820: [mem 0x40000000-0xafffffff] available for PCI devices
[STDOUT  ] 2017-08-14T14:15:38.306931676Z: [    5.352917] ata3.00: ATAPI: QEMU DVD-ROM, 2.5+, max UDMA/100
[STDERR  ] 2017-08-14T14:15:38.306938882Z: [    0.000000] Booting paravirtualized kernel on bare hardware
[STDOUT  ] 2017-08-14T14:15:38.30694122Z: [    5.353464] ata3.00: applying bridge limits
[STDERR  ] 2017-08-14T14:15:38.30694866Z: [    0.000000] clocksource: refined-jiffies: mask: 0xffffffff max_cycles: 0xffffffff, max_idle_ns: 19112604462750000 ns
[STDOUT  ] 2017-08-14T14:15:38.30695089Z: [    5.355778] ata3.00: configured for UDMA/100
[STDOUT  ] 2017-08-14T14:15:38.306961135Z: [    5.371474] scsi 2:0:0:0: CD-ROM            QEMU     QEMU DVD-ROM     2.5+ PQ: 0 ANSI: 5
[STDERR  ] 2017-08-14T14:15:38.306964112Z: [    0.000000] setup_percpu: NR_CPUS:128 nr_cpumask_bits:128 nr_cpu_ids:1 nr_node_ids:1
[STDERR  ] 2017-08-14T14:15:38.306974065Z: [    0.000000] percpu: Embedded 35 pages/cpu @ffff88ecbea00000 s105240 r8192 d29928 u2097152
[STDOUT  ] 2017-08-14T14:15:38.306971111Z: [    5.403668] sr 2:0:0:0: [sr0] scsi3-mmc drive: 4x/4x cd/rw xa/form2 tray
[STDOUT  ] 2017-08-14T14:15:38.306994751Z: [    5.404401] cdrom: Uniform CD-ROM driver Revision: 3.20
[STDERR  ] 2017-08-14T14:15:38.306995755Z: [    0.000000] Built 1 zonelists in Zone order, mobility grouping on.  Total pages: 257896
[STDERR  ] 2017-08-14T14:15:38.307007042Z: [    0.000000] Kernel command line: console=ttyS0 page_poison=1
[STDOUT  ] 2017-08-14T14:15:38.307005238Z: [    5.423172] sr 2:0:0:0: Attached scsi generic sg0 type 5
[STDERR  ] 2017-08-14T14:15:38.30701764Z: [    0.000000] PID hash table entries: 4096 (order: 3, 32768 bytes)
[STDOUT  ] 2017-08-14T14:15:38.307020376Z: [    5.447572] Key type big_key registered
[STDERR  ] 2017-08-14T14:15:38.307027841Z: [    0.000000] Dentry cache hash table entries: 131072 (order: 8, 1048576 bytes)
[STDOUT  ] 2017-08-14T14:15:38.307029956Z: [    5.514464] Key type encrypted registered
[STDERR  ] 2017-08-14T14:15:38.307043729Z: [    0.000000] Inode-cache hash table entries: 65536 (order: 7, 524288 bytes)
[STDOUT  ] 2017-08-14T14:15:38.30704439Z: [    5.520285] rtc_cmos 00:00: setting system clock to 2017-08-14 14:15:12 UTC (1502720112)
[STDOUT  ] 2017-08-14T14:15:38.307058424Z: [    5.695075] Freeing unused kernel memory: 1380K (ffffffff97d57000 - ffffffff97eb0000)
[STDOUT  ] 2017-08-14T14:15:38.307068125Z: [    5.695485] Write protecting the kernel read-only data: 12288k
[STDERR  ] 2017-08-14T14:15:38.307070676Z: [    0.000000] Memory: 994680K/1048052K available (8028K kernel code, 1366K rwdata, 2696K rodata, 1380K init, 568K bss, 53372K reserved, 0K cma-reserved)
[STDOUT  ] 2017-08-14T14:15:38.307078699Z: [    5.697851] tsc: Refined TSC clocksource calibration: 2599.940 MHz
[STDOUT  ] 2017-08-14T14:15:38.30708934Z: [    5.698400] clocksource: tsc: mask: 0xffffffffffffffff max_cycles: 0x257a039dfda, max_idle_ns: 440795290633 ns
[STDERR  ] 2017-08-14T14:15:38.307092483Z: [    0.000000] Hierarchical RCU implementation.
[STDERR  ] 2017-08-14T14:15:38.307102609Z: [    0.000000] 	Build-time adjustment of leaf fanout to 64.
[STDOUT  ] 2017-08-14T14:15:38.307100882Z: [    5.705810] Freeing unused kernel memory: 148K (ffff88eca97db000 - ffff88eca9800000)
[STDERR  ] 2017-08-14T14:15:38.30711238Z: [    0.000000] 	RCU restricting CPUs from NR_CPUS=128 to nr_cpu_ids=1.
[STDOUT  ] 2017-08-14T14:15:38.307110914Z: [    5.843423] Freeing unused kernel memory: 1400K (ffff88eca9aa2000 - ffff88eca9c00000)
[STDERR  ] 2017-08-14T14:15:38.307121948Z: [    0.000000] RCU: Adjusting geometry for rcu_fanout_leaf=64, nr_cpu_ids=1
[STDOUT  ] 2017-08-14T14:15:38.307127715Z: [    6.708459] clocksource: Switched to clocksource tsc
[STDOUT  ] 2017-08-14T14:15:38.307137802Z: 
[STDERR  ] 2017-08-14T14:15:38.307131838Z: [    0.000000] NR_IRQS:8448 nr_irqs:256 16
[STDOUT  ] 2017-08-14T14:15:38.307147574Z: Welcome to LinuxKit
[STDERR  ] 2017-08-14T14:15:38.307157467Z: [    0.000000] Console: colour VGA+ 80x25
[STDOUT  ] 2017-08-14T14:15:38.307158802Z: 
[STDERR  ] 2017-08-14T14:15:38.307167505Z: [    0.000000] console [ttyS0] enabled
[STDOUT  ] 2017-08-14T14:15:38.307169079Z:                         ##         .
[STDERR  ] 2017-08-14T14:15:38.307177562Z: [    0.000000] allocated 2097152 bytes of page_ext
[STDOUT  ] 2017-08-14T14:15:38.307179298Z:                   ## ## ##        ==
[STDOUT  ] 2017-08-14T14:15:38.307189298Z:                ## ## ## ## ##    ===
[STDERR  ] 2017-08-14T14:15:38.307187363Z: [    0.000000] clocksource: hpet: mask: 0xffffffff max_cycles: 0xffffffff, max_idle_ns: 19112604467 ns
[STDERR  ] 2017-08-14T14:15:38.307198111Z: [    0.000000] tsc: Fast TSC calibration using PIT
[STDOUT  ] 2017-08-14T14:15:38.307201773Z:            /"""""""""""""""""\___/ ===
[STDERR  ] 2017-08-14T14:15:38.307208967Z: [    0.000000] tsc: Detected 2599.943 MHz processor
[STDOUT  ] 2017-08-14T14:15:38.30721647Z:           {                       /  ===-
[STDERR  ] 2017-08-14T14:15:38.307228647Z: [    0.022132] Calibrating delay loop (skipped), value calculated using timer frequency.. 5199.88 BogoMIPS (lpj=25999430)
[STDOUT  ] 2017-08-14T14:15:38.30723415Z:            \______ O           __/
[STDERR  ] 2017-08-14T14:15:38.307243801Z: [    0.023244] pid_max: default: 32768 minimum: 301
[STDOUT  ] 2017-08-14T14:15:38.307245014Z:              \    \         __/
[STDERR  ] 2017-08-14T14:15:38.307253534Z: [    0.024393] ACPI: Core revision 20160831
[STDOUT  ] 2017-08-14T14:15:38.307255625Z:               \____\_______/
[STDERR  ] 2017-08-14T14:15:38.307263208Z: [    0.077529] ACPI: 1 ACPI AML tables successfully acquired and loaded
[STDOUT  ] 2017-08-14T14:15:38.307265333Z: 
[STDERR  ] 2017-08-14T14:15:38.307273181Z: [    0.082630] Security Framework initialized
[STDOUT  ] 2017-08-14T14:15:38.307275135Z: sysctl test suite PASSED
[STDOUT  ] 2017-08-14T14:15:38.307284927Z: [   29.885498] ACPI: Preparing to enter system sleep state S5
[STDERR  ] 2017-08-14T14:15:38.307282926Z: [    0.083210] Yama: becoming mindful.
[STDOUT  ] 2017-08-14T14:15:38.307294715Z: [   29.887110] reboot: Power down
[STDERR  ] 2017-08-14T14:15:38.307315406Z: [    0.085300] Mount-cache hash table entries: 2048 (order: 2, 16384 bytes)
[STDERR  ] 2017-08-14T14:15:38.307325336Z: [    0.085884] Mountpoint-cache hash table entries: 2048 (order: 2, 16384 bytes)
[STDERR  ] 2017-08-14T14:15:38.307334211Z: [    0.108303] Last level iTLB entries: 4KB 0, 2MB 0, 4MB 0
[STDERR  ] 2017-08-14T14:15:38.307343783Z: [    0.108805] Last level dTLB entries: 4KB 0, 2MB 0, 4MB 0, 1GB 0
[STDERR  ] 2017-08-14T14:15:38.307352519Z: [    0.433453] Freeing SMP alternatives memory: 20K (ffffffff97eb0000 - ffffffff97eb5000)
[STDERR  ] 2017-08-14T14:15:38.307366209Z: [    0.445015] ftrace: allocating 35484 entries in 139 pages
[STDERR  ] 2017-08-14T14:15:38.307375303Z: [    0.631670] smpboot: Max logical packages: 1
[STDERR  ] 2017-08-14T14:15:38.30739629Z: [    0.638828] ..TIMER: vector=0x30 apic1=0 pin1=2 apic2=-1 pin2=-1
[STDERR  ] 2017-08-14T14:15:38.307406572Z: [    0.750000] smpboot: CPU0: AMD QEMU Virtual CPU version 2.5+ (family: 0x6, model: 0x6, stepping: 0x3)
[STDERR  ] 2017-08-14T14:15:38.30741551Z: [    0.750000] Performance Events: PMU not available due to virtualization, using software events only.
[STDERR  ] 2017-08-14T14:15:38.307424484Z: [    0.761319] NMI watchdog: disabled (cpu0): hardware events not enabled
[STDERR  ] 2017-08-14T14:15:38.307434365Z: [    0.761878] NMI watchdog: Shutting down hard lockup detector on all cpus
[STDERR  ] 2017-08-14T14:15:38.307444403Z: [    0.765499] x86: Booted up 1 node, 1 CPUs
[STDERR  ] 2017-08-14T14:15:38.307470041Z: [    0.766171] smpboot: Total of 1 processors activated (5199.88 BogoMIPS)
[STDERR  ] 2017-08-14T14:15:38.307481573Z: [    0.782970] devtmpfs: initialized
[STDERR  ] 2017-08-14T14:15:38.307491253Z: [    0.789460] x86/mm: Memory block size: 128MB
[STDERR  ] 2017-08-14T14:15:38.307505231Z: [    0.854348] clocksource: jiffies: mask: 0xffffffff max_cycles: 0xffffffff, max_idle_ns: 19112604462750000 ns
[STDERR  ] 2017-08-14T14:15:38.307517309Z: [    0.855401] futex hash table entries: 256 (order: 2, 16384 bytes)
[STDERR  ] 2017-08-14T14:15:38.307527583Z: [    0.863742] NET: Registered protocol family 16
[STDERR  ] 2017-08-14T14:15:38.307548048Z: [    0.880539] cpuidle: using governor ladder
[STDERR  ] 2017-08-14T14:15:38.307558897Z: [    0.881032] cpuidle: using governor menu
[STDERR  ] 2017-08-14T14:15:38.307569039Z: [    0.882387] ACPI: bus type PCI registered
[STDERR  ] 2017-08-14T14:15:38.307577709Z: [    0.885522] PCI: MMCONFIG for domain 0000 [bus 00-ff] at [mem 0xb0000000-0xbfffffff] (base 0xb0000000)
[STDERR  ] 2017-08-14T14:15:38.30758751Z: [    0.886277] PCI: MMCONFIG at [mem 0xb0000000-0xbfffffff] reserved in E820
[STDERR  ] 2017-08-14T14:15:38.307597208Z: [    0.887812] PCI: Using configuration type 1 for base access
[STDERR  ] 2017-08-14T14:15:38.307606162Z: [    0.948026] HugeTLB registered 2 MB page size, pre-allocated 0 pages
[STDERR  ] 2017-08-14T14:15:38.307626476Z: [    0.963038] ACPI: Added _OSI(Module Device)
[STDERR  ] 2017-08-14T14:15:38.307644461Z: [    0.963396] ACPI: Added _OSI(Processor Device)
[STDERR  ] 2017-08-14T14:15:38.307653907Z: [    0.963692] ACPI: Added _OSI(3.0 _SCP Extensions)
[STDERR  ] 2017-08-14T14:15:38.30766344Z: [    0.964000] ACPI: Added _OSI(Processor Aggregator Device)
[STDERR  ] 2017-08-14T14:15:38.307673234Z: [    1.043093] ACPI: Interpreter enabled
[STDERR  ] 2017-08-14T14:15:38.307682562Z: [    1.044095] ACPI: (supports S0 S5)
[STDERR  ] 2017-08-14T14:15:38.307714455Z: [    1.044442] ACPI: Using IOAPIC for interrupt routing
[STDERR  ] 2017-08-14T14:15:38.307723543Z: [    1.047011] PCI: Using host bridge windows from ACPI; if necessary, use "pci=nocrs" and report a bug
[STDERR  ] 2017-08-14T14:15:38.307733996Z: [    1.114884] ACPI: PCI Root Bridge [PCI0] (domain 0000 [bus 00-ff])
[STDERR  ] 2017-08-14T14:15:38.307743964Z: [    1.116050] acpi PNP0A08:00: _OSC: OS supports [ExtendedConfig ASPM ClockPM Segments MSI]
[STDERR  ] 2017-08-14T14:15:38.307754841Z: [    1.122777] acpi PNP0A08:00: _OSC: OS now controls [PCIeHotplug PME PCIeCapability]
[STDERR  ] 2017-08-14T14:15:38.307770379Z: [    1.127704] PCI host bridge to bus 0000:00
[STDERR  ] 2017-08-14T14:15:38.307791121Z: [    1.128192] pci_bus 0000:00: root bus resource [io  0x0000-0x0cf7 window]
[STDERR  ] 2017-08-14T14:15:38.307801572Z: [    1.128601] pci_bus 0000:00: root bus resource [io  0x0d00-0xffff window]
[STDERR  ] 2017-08-14T14:15:38.307811624Z: [    1.128989] pci_bus 0000:00: root bus resource [mem 0x000a0000-0x000bffff window]
[STDERR  ] 2017-08-14T14:15:38.307821058Z: [    1.129392] pci_bus 0000:00: root bus resource [mem 0xc0000000-0xfebfffff window]
[STDERR  ] 2017-08-14T14:15:38.307830558Z: [    1.130132] pci_bus 0000:00: root bus resource [bus 00-ff]
[STDERR  ] 2017-08-14T14:15:38.307841801Z: [    1.283088] pci 0000:00:1f.0: quirk: [io  0x0600-0x067f] claimed by ICH6 ACPI/GPIO/TCO
[STDERR  ] 2017-08-14T14:15:38.307863729Z: [    1.368590] ACPI: PCI Interrupt Link [LNKA] (IRQs 5 *10 11)
[STDERR  ] 2017-08-14T14:15:38.307872924Z: [    1.371389] ACPI: PCI Interrupt Link [LNKB] (IRQs 5 *10 11)
[STDERR  ] 2017-08-14T14:15:38.307881673Z: [    1.373559] ACPI: PCI Interrupt Link [LNKC] (IRQs 5 10 *11)
[STDERR  ] 2017-08-14T14:15:38.307890718Z: [    1.375288] ACPI: PCI Interrupt Link [LNKD] (IRQs 5 10 *11)
[STDERR  ] 2017-08-14T14:15:38.307900112Z: [    1.377555] ACPI: PCI Interrupt Link [LNKE] (IRQs 5 *10 11)
[STDERR  ] 2017-08-14T14:15:38.307908926Z: [    1.379341] ACPI: PCI Interrupt Link [LNKF] (IRQs 5 *10 11)
[STDERR  ] 2017-08-14T14:15:38.30791899Z: [    1.381615] ACPI: PCI Interrupt Link [LNKG] (IRQs 5 10 *11)
[STDERR  ] 2017-08-14T14:15:38.307937555Z: [    1.383911] ACPI: PCI Interrupt Link [LNKH] (IRQs 5 10 *11)
[STDERR  ] 2017-08-14T14:15:38.307947563Z: [    1.384868] ACPI: PCI Interrupt Link [GSIA] (IRQs *16)
[STDERR  ] 2017-08-14T14:15:38.307957121Z: [    1.385585] ACPI: PCI Interrupt Link [GSIB] (IRQs *17)
[STDERR  ] 2017-08-14T14:15:38.307966621Z: [    1.386238] ACPI: PCI Interrupt Link [GSIC] (IRQs *18)
[STDERR  ] 2017-08-14T14:15:38.307976397Z: [    1.386892] ACPI: PCI Interrupt Link [GSID] (IRQs *19)
[STDERR  ] 2017-08-14T14:15:38.307986166Z: [    1.387529] ACPI: PCI Interrupt Link [GSIE] (IRQs *20)
[STDERR  ] 2017-08-14T14:15:38.308002424Z: [    1.388251] ACPI: PCI Interrupt Link [GSIF] (IRQs *21)
[STDERR  ] 2017-08-14T14:15:38.308023203Z: [    1.388903] ACPI: PCI Interrupt Link [GSIG] (IRQs *22)
[STDERR  ] 2017-08-14T14:15:38.308032947Z: [    1.389583] ACPI: PCI Interrupt Link [GSIH] (IRQs *23)
[STDERR  ] 2017-08-14T14:15:38.30804239Z: [    1.394037] ACPI: Enabled 2 GPEs in block 00 to 3F
[STDERR  ] 2017-08-14T14:15:38.30805228Z: [    1.398889] SCSI subsystem initialized
[STDERR  ] 2017-08-14T14:15:38.308068118Z: [    1.401187] ACPI: bus type USB registered
[STDERR  ] 2017-08-14T14:15:38.308077126Z: [    1.402390] usbcore: registered new interface driver usbfs
[STDERR  ] 2017-08-14T14:15:38.308096684Z: [    1.403337] usbcore: registered new interface driver hub
[STDERR  ] 2017-08-14T14:15:38.308105994Z: [    1.404218] usbcore: registered new device driver usb
[STDERR  ] 2017-08-14T14:15:38.308120525Z: [    1.405551] pps_core: LinuxPPS API ver. 1 registered
[STDERR  ] 2017-08-14T14:15:38.308129964Z: [    1.405797] pps_core: Software ver. 5.3.6 - Copyright 2005-2007 Rodolfo Giometti <giometti@linux.it>
[STDERR  ] 2017-08-14T14:15:38.308139615Z: [    1.406504] PTP clock support registered
[STDERR  ] 2017-08-14T14:15:38.308152422Z: [    1.407783] wmi: Mapper loaded
[STDERR  ] 2017-08-14T14:15:38.308172953Z: [    1.409018] PCI: Using ACPI for IRQ routing
[STDERR  ] 2017-08-14T14:15:38.308182974Z: [    1.431453] NetLabel: Initializing
[STDERR  ] 2017-08-14T14:15:38.308191893Z: [    1.431695] NetLabel:  domain hash size = 128
[STDERR  ] 2017-08-14T14:15:38.308200768Z: [    1.431974] NetLabel:  protocols = UNLABELED CIPSOv4
[STDERR  ] 2017-08-14T14:15:38.30820932Z: [    1.434806] NetLabel:  unlabeled traffic allowed by default
[STDERR  ] 2017-08-14T14:15:38.308218814Z: [    1.436117] HPET: 3 timers in total, 0 timers will be used for per-cpu timer
[STDERR  ] 2017-08-14T14:15:38.308235089Z: [    1.436979] hpet0: at MMIO 0xfed00000, IRQs 2, 8, 0
[STDERR  ] 2017-08-14T14:15:38.30825563Z: [    1.437455] hpet0: 3 comparators, 64-bit 100.000000 MHz counter
[STDERR  ] 2017-08-14T14:15:38.308264914Z: [    1.444229] clocksource: Switched to clocksource hpet
[STDERR  ] 2017-08-14T14:15:38.308274174Z: [    1.716455] VFS: Disk quotas dquot_6.6.0
[STDERR  ] 2017-08-14T14:15:38.308283323Z: [    1.717141] VFS: Dquot-cache hash table entries: 512 (order 0, 4096 bytes)
[STDERR  ] 2017-08-14T14:15:38.308293959Z: [    1.721132] FS-Cache: Loaded
[STDERR  ] 2017-08-14T14:15:38.308304183Z: [    1.726583] CacheFiles: Loaded
[STDERR  ] 2017-08-14T14:15:38.308332527Z: [    1.728373] pnp: PnP ACPI init
[STDERR  ] 2017-08-14T14:15:38.308342958Z: [    1.740470] pnp: PnP ACPI: found 5 devices
[STDERR  ] 2017-08-14T14:15:38.308353542Z: [    1.791837] clocksource: acpi_pm: mask: 0xffffff max_cycles: 0xffffff, max_idle_ns: 2085701024 ns
[STDERR  ] 2017-08-14T14:15:38.308363121Z: [    1.795948] NET: Registered protocol family 2
[STDERR  ] 2017-08-14T14:15:38.308371811Z: [    1.804266] TCP established hash table entries: 8192 (order: 4, 65536 bytes)
[STDERR  ] 2017-08-14T14:15:38.308382187Z: [    1.805153] TCP bind hash table entries: 8192 (order: 5, 131072 bytes)
[STDERR  ] 2017-08-14T14:15:38.308392504Z: [    1.805892] TCP: Hash tables configured (established 8192 bind 8192)
[STDERR  ] 2017-08-14T14:15:38.308415759Z: [    1.808044] UDP hash table entries: 512 (order: 2, 16384 bytes)
[STDERR  ] 2017-08-14T14:15:38.308425476Z: [    1.808630] UDP-Lite hash table entries: 512 (order: 2, 16384 bytes)
[STDERR  ] 2017-08-14T14:15:38.308435126Z: [    1.811449] NET: Registered protocol family 1
[STDERR  ] 2017-08-14T14:15:38.308444459Z: [    1.812590] pci 0000:00:01.0: Video device with shadowed ROM at [mem 0x000c0000-0x000dffff]
[STDERR  ] 2017-08-14T14:15:38.308454894Z: [    1.821833] Unpacking initramfs...
[STDERR  ] 2017-08-14T14:15:38.30846443Z: [    4.602167] Freeing initrd memory: 19492K (ffff88ecbecc7000 - ffff88ecbffd0000)
[STDERR  ] 2017-08-14T14:15:38.308483775Z: [    4.627661] PCLMULQDQ-NI instructions are not detected.
[STDERR  ] 2017-08-14T14:15:38.308493313Z: [    4.629154] AVX or AES-NI instructions are not detected.
[STDERR  ] 2017-08-14T14:15:38.308502733Z: [    4.629674] CPU feature 'AVX registers' is not supported.
[STDERR  ] 2017-08-14T14:15:38.308512241Z: [    4.630491] CPU feature 'AVX registers' is not supported.
[STDERR  ] 2017-08-14T14:15:38.308521364Z: [    4.630950] CPU feature 'AVX registers' is not supported.
[STDERR  ] 2017-08-14T14:15:38.308533746Z: [    4.631368] CPU feature 'AVX registers' is not supported.
[STDERR  ] 2017-08-14T14:15:38.308540061Z: [    4.631751] AVX2 or AES-NI instructions are not detected.
[STDERR  ] 2017-08-14T14:15:38.308546368Z: [    4.632126] AVX2 instructions are not detected.
[STDERR  ] 2017-08-14T14:15:38.308553342Z: [    4.638175] audit: initializing netlink subsys (disabled)
[STDERR  ] 2017-08-14T14:15:38.30855998Z: [    4.641240] audit: type=2000 audit(1502720110.630:1): initialized
[STDERR  ] 2017-08-14T14:15:38.308572728Z: [    4.649785] workingset: timestamp_bits=46 max_order=18 bucket_order=0
[STDERR  ] 2017-08-14T14:15:38.308585115Z: [    4.660813] FS-Cache: Netfs 'cifs' registered for caching
[STDERR  ] 2017-08-14T14:15:38.308595146Z: [    4.661954] fuse init (API version 7.26)
[STDERR  ] 2017-08-14T14:15:38.308604363Z: [    4.664528] SGI XFS with ACLs, security attributes, no debug enabled
[STDERR  ] 2017-08-14T14:15:38.308613726Z: [    4.668477] 9p: Installing v9fs 9p2000 file system support
[STDERR  ] 2017-08-14T14:15:38.308621556Z: [    4.669017] FS-Cache: Netfs '9p' registered for caching
[STDERR  ] 2017-08-14T14:15:38.308627994Z: [    4.703683] NET: Registered protocol family 38
[STDERR  ] 2017-08-14T14:15:38.308634214Z: [    4.704340] Key type asymmetric registered
[STDERR  ] 2017-08-14T14:15:38.308640514Z: [    4.704675] Asymmetric key parser 'x509' registered
[STDERR  ] 2017-08-14T14:15:38.308646763Z: [    4.705624] Block layer SCSI generic (bsg) driver version 0.4 loaded (major 251)
[STDERR  ] 2017-08-14T14:15:38.308668687Z: [    4.707128] io scheduler noop registered
[STDERR  ] 2017-08-14T14:15:38.308678887Z: [    4.707447] io scheduler deadline registered (default)
[STDERR  ] 2017-08-14T14:15:38.308689284Z: [    4.708223] io scheduler cfq registered
[STDERR  ] 2017-08-14T14:15:38.308706481Z: [    4.713875] pci_hotplug: PCI Hot Plug PCI Core version: 0.5
[STDERR  ] 2017-08-14T14:15:38.308716687Z: [    4.714392] pciehp: PCI Express Hot Plug Controller Driver version: 0.4
[STDERR  ] 2017-08-14T14:15:38.308724641Z: [    4.715287] shpchp: Standard Hot Plug PCI Controller Driver version: 0.4
[STDERR  ] 2017-08-14T14:15:38.308731709Z: [    4.716186] hv_vmbus: registering driver hyperv_fb
[STDERR  ] 2017-08-14T14:15:38.308738066Z: [    4.719538] input: Power Button as /devices/LNXSYSTM:00/LNXPWRBN:00/input/input0
[STDERR  ] 2017-08-14T14:15:38.3087445Z: [    4.721370] ACPI: Power Button [PWRF]
[STDERR  ] 2017-08-14T14:15:38.308750931Z: [    4.726686] GHES: HEST is not enabled!
[STDERR  ] 2017-08-14T14:15:38.308759852Z: [    4.739426] ACPI: PCI Interrupt Link [GSIG] enabled at IRQ 22
[STDERR  ] 2017-08-14T14:15:38.308769297Z: [    4.755925] ACPI: PCI Interrupt Link [GSIH] enabled at IRQ 23
[STDERR  ] 2017-08-14T14:15:38.30877899Z: [    4.763198] xenfs: not registering filesystem on non-xen platform
[STDERR  ] 2017-08-14T14:15:38.30878812Z: [    4.765476] Serial: 8250/16550 driver, 4 ports, IRQ sharing disabled
[STDERR  ] 2017-08-14T14:15:38.308797187Z: [    4.790360] 00:04: ttyS0 at I/O 0x3f8 (irq = 4, base_baud = 115200) is a 16550A
[STDERR  ] 2017-08-14T14:15:38.308806254Z: [    4.804146] Non-volatile memory driver v1.3
[STDERR  ] 2017-08-14T14:15:38.308815161Z: [    4.811816] Hangcheck: starting hangcheck timer 0.9.1 (tick is 180 seconds, margin is 60 seconds).
[STDERR  ] 2017-08-14T14:15:38.308824935Z: [    4.856273] loop: module loaded
[STDERR  ] 2017-08-14T14:15:38.3088392Z: [    4.874215] nbd: registered device at major 43
[STDERR  ] 2017-08-14T14:15:38.308851754Z: [    4.925203] lpc_ich 0000:00:1f.0: I/O space for GPIO uninitialized
[STDERR  ] 2017-08-14T14:15:38.308862555Z: [    4.927936] VMware PVSCSI driver - version 1.0.7.0-k
[STDERR  ] 2017-08-14T14:15:38.308871595Z: [    4.929064] hv_vmbus: registering driver hv_storvsc
[STDERR  ] 2017-08-14T14:15:38.308880307Z: [    4.942895] ACPI: PCI Interrupt Link [GSIA] enabled at IRQ 16
[STDERR  ] 2017-08-14T14:15:38.30888922Z: [    4.951394] ahci 0000:00:1f.2: AHCI 0001.0000 32 slots 6 ports 1.5 Gbps 0x3f impl SATA mode
[STDERR  ] 2017-08-14T14:15:38.30889846Z: [    4.952107] ahci 0000:00:1f.2: flags: 64bit ncq only 
[STDERR  ] 2017-08-14T14:15:38.308912295Z: [    4.975583] scsi host0: ahci
[STDERR  ] 2017-08-14T14:15:38.308921225Z: [    4.981034] scsi host1: ahci
[STDERR  ] 2017-08-14T14:15:38.308931369Z: [    4.983793] scsi host2: ahci
[STDERR  ] 2017-08-14T14:15:38.308940954Z: [    4.986366] scsi host3: ahci
[STDERR  ] 2017-08-14T14:15:38.308950691Z: [    4.988930] scsi host4: ahci
[STDERR  ] 2017-08-14T14:15:38.308965463Z: [    4.991502] scsi host5: ahci
[STDERR  ] 2017-08-14T14:15:38.308976592Z: [    4.993423] ata1: SATA max UDMA/133 abar m4096@0xfebd2000 port 0xfebd2100 irq 24
[STDERR  ] 2017-08-14T14:15:38.308987621Z: [    4.993924] ata2: SATA max UDMA/133 abar m4096@0xfebd2000 port 0xfebd2180 irq 24
[STDERR  ] 2017-08-14T14:15:38.308997048Z: [    4.994306] ata3: SATA max UDMA/133 abar m4096@0xfebd2000 port 0xfebd2200 irq 24
[STDERR  ] 2017-08-14T14:15:38.309006492Z: [    4.994617] ata4: SATA max UDMA/133 abar m4096@0xfebd2000 port 0xfebd2280 irq 24
[STDERR  ] 2017-08-14T14:15:38.309021343Z: [    4.995019] ata5: SATA max UDMA/133 abar m4096@0xfebd2000 port 0xfebd2300 irq 24
[STDERR  ] 2017-08-14T14:15:38.309030866Z: [    4.995406] ata6: SATA max UDMA/133 abar m4096@0xfebd2000 port 0xfebd2380 irq 24
[STDERR  ] 2017-08-14T14:15:38.30904023Z: [    5.010388] tun: Universal TUN/TAP device driver, 1.6
[STDERR  ] 2017-08-14T14:15:38.309049689Z: [    5.010780] tun: (C) 1999-2004 Max Krasnyansky <maxk@qualcomm.com>
[STDERR  ] 2017-08-14T14:15:38.309071484Z: [    5.022564] VMware vmxnet3 virtual NIC driver - version 1.4.a.0-k-NAPI
[STDERR  ] 2017-08-14T14:15:38.309079983Z: [    5.023532] hv_vmbus: registering driver hv_netvsc
[STDERR  ] 2017-08-14T14:15:38.309086356Z: [    5.023836] Fusion MPT base driver 3.04.20
[STDERR  ] 2017-08-14T14:15:38.309092848Z: [    5.024106] Copyright (c) 1999-2008 LSI Corporation
[STDERR  ] 2017-08-14T14:15:38.309100175Z: [    5.024676] Fusion MPT SPI Host driver 3.04.20
[STDERR  ] 2017-08-14T14:15:38.309109487Z: [    5.026905] i8042: PNP: PS/2 Controller [PNP0303:KBD,PNP0f13:MOU] at 0x60,0x64 irq 1,12
[STDERR  ] 2017-08-14T14:15:38.309119176Z: [    5.031693] serio: i8042 KBD port at 0x60,0x64 irq 1
[STDERR  ] 2017-08-14T14:15:38.309128448Z: [    5.032349] serio: i8042 AUX port at 0x60,0x64 irq 12
[STDERR  ] 2017-08-14T14:15:38.309144696Z: [    5.035737] hv_vmbus: registering driver hyperv_keyboard
[STDERR  ] 2017-08-14T14:15:38.309153825Z: [    5.038060] mousedev: PS/2 mouse device common for all mice
[STDERR  ] 2017-08-14T14:15:38.309162719Z: [    5.044099] input: AT Translated Set 2 keyboard as /devices/platform/i8042/serio0/input/input1
[STDERR  ] 2017-08-14T14:15:38.30917233Z: [    5.047228] input: PC Speaker as /devices/platform/pcspkr/input/input2
[STDERR  ] 2017-08-14T14:15:38.309181421Z: [    5.051564] rtc_cmos 00:00: RTC can wake from S4
[STDERR  ] 2017-08-14T14:15:38.30919059Z: [    5.055350] rtc_cmos 00:00: rtc core: registered rtc_cmos as rtc0
