[INFO    ] 2017-07-07T18:00:40.793530613Z: Running Test linuxkit.kernel.config_4.9.x in /tmp/build/test/cases/020_kernel/001_config_4.9.x
[INFO    ] 2017-07-07T18:00:40.793647769Z: Running command: [/bin/sh -x /tmp/build/test/cases/020_kernel/001_config_4.9.x/test.sh]
[STDERR  ] 2017-07-07T18:00:40.819328908Z: + set -e
[STDERR  ] 2017-07-07T18:00:40.81935183Z: + . /tmp/build/test/cases/_lib/lib.sh
[STDERR  ] 2017-07-07T18:00:40.819367212Z: + [ -f src/github.com/linuxkit/rtf/lib/lib.sh ]
[STDERR  ] 2017-07-07T18:00:40.819372375Z: + LINUXKIT_TMPDIR=/tmp/build/test/cases/_tmp
[STDERR  ] 2017-07-07T18:00:40.819396422Z: + [ -f /tmp/build/test/cases/_tmp/env.sh ]
[STDERR  ] 2017-07-07T18:00:40.819405169Z: + . /tmp/build/test/cases/_tmp/env.sh
[STDERR  ] 2017-07-07T18:00:40.819417066Z: + export LINUXKIT_EXAMPLES_DIR=/tmp/build/test/cases/../../examples
[STDERR  ] 2017-07-07T18:00:40.819421972Z: + export LINUXKIT_BLUEPRINTS_DIR=/tmp/build/test/cases/../../blueprints
[STDERR  ] 2017-07-07T18:00:40.819446362Z: + RT_CANCEL=253
[STDERR  ] 2017-07-07T18:00:40.819452329Z: + trap clean_up EXIT
[STDERR  ] 2017-07-07T18:00:40.819465972Z: + moby build -output kernel+initrd test-kernel-config.yml
[STDERR  ] 2017-07-07T18:00:40.850765569Z: Extract kernel image: linuxkit/kernel:4.9.35
[STDERR  ] 2017-07-07T18:00:42.49946608Z: Add init containers:
[STDERR  ] 2017-07-07T18:00:42.49949951Z: Process init image: linuxkit/init:14a38303ee9dcb4541c00e2b87404befc1ba2083
[STDERR  ] 2017-07-07T18:00:43.730379096Z: Process init image: linuxkit/runc:2310ad9d266cf5d9c4d07613bd2135ed7eb8a21f
[STDERR  ] 2017-07-07T18:00:45.03433073Z: Process init image: linuxkit/containerd:c977f27c234d55b85172813b8451f67ea86be4a3
[STDERR  ] 2017-07-07T18:00:46.587594504Z: Add onboot containers:
[STDERR  ] 2017-07-07T18:00:46.587607504Z:   Create OCI config for linuxkit/test-kernel-config:9f08e3b99f8ac2f422251b3e8c94ce874ee34119
[STDERR  ] 2017-07-07T18:00:48.054032975Z:   Create OCI config for linuxkit/poweroff:bce51402e293da0b653923a43c3c7be6e0effa05
[STDERR  ] 2017-07-07T18:00:49.312316971Z: Create outputs:
[STDERR  ] 2017-07-07T18:00:59.273383593Z:   test-kernel-config-kernel test-kernel-config-initrd.img test-kernel-config-cmdline
[STDERR  ] 2017-07-07T18:00:59.371656822Z: + linuxkit run test-kernel-config
[STDERR  ] 2017-07-07T18:00:59.392897304Z: Unable to find qemu-system-x86_64 within the $PATH. Using a container
[STDERR  ] 2017-07-07T18:01:59.281771854Z: + RESULT=[    0.000000] Linux version 4.9.35-linuxkit (root@b147ce67977e) (gcc version 6.3.0 (Alpine 6.3.0) ) #1 SMP Fri Jun 30 14:24:51 UTC 2017
[STDERR  ] 2017-07-07T18:01:59.281847548Z: [    0.000000] Command line: console=ttyS0
[STDERR  ] 2017-07-07T18:01:59.281857864Z: [    0.000000] x86/fpu: Legacy x87 FPU detected.
[STDERR  ] 2017-07-07T18:01:59.281863712Z: [    0.000000] x86/fpu: Using 'eager' FPU context switches.
[STDERR  ] 2017-07-07T18:01:59.281894324Z: [    0.000000] e820: BIOS-provided physical RAM map:
[STDERR  ] 2017-07-07T18:01:59.281905438Z: [    0.000000] BIOS-e820: [mem 0x0000000000000000-0x000000000009fbff] usable
[STDERR  ] 2017-07-07T18:01:59.281937205Z: [    0.000000] BIOS-e820: [mem 0x000000000009fc00-0x000000000009ffff] reserved
[STDERR  ] 2017-07-07T18:01:59.281946924Z: [    0.000000] BIOS-e820: [mem 0x00000000000f0000-0x00000000000fffff] reserved
[STDERR  ] 2017-07-07T18:01:59.281955578Z: [    0.000000] BIOS-e820: [mem 0x0000000000100000-0x000000003ffdefff] usable
[STDERR  ] 2017-07-07T18:01:59.281964251Z: [    0.000000] BIOS-e820: [mem 0x000000003ffdf000-0x000000003fffffff] reserved
[STDERR  ] 2017-07-07T18:01:59.281969025Z: [    0.000000] BIOS-e820: [mem 0x00000000b0000000-0x00000000bfffffff] reserved
[STDERR  ] 2017-07-07T18:01:59.281981179Z: [    0.000000] BIOS-e820: [mem 0x00000000fed1c000-0x00000000fed1ffff] reserved
[STDERR  ] 2017-07-07T18:01:59.281985705Z: [    0.000000] BIOS-e820: [mem 0x00000000fffc0000-0x00000000ffffffff] reserved
[STDERR  ] 2017-07-07T18:01:59.281998315Z: [    0.000000] NX (Execute Disable) protection: active
[STDERR  ] 2017-07-07T18:01:59.282007324Z: [    0.000000] SMBIOS 2.8 present.
[STDERR  ] 2017-07-07T18:01:59.282017634Z: [    0.000000] e820: last_pfn = 0x3ffdf max_arch_pfn = 0x400000000
[STDERR  ] 2017-07-07T18:01:59.282029494Z: [    0.000000] x86/PAT: Configuration [0-7]: WB  WC  UC- UC  WB  WC  UC- WT  
[STDERR  ] 2017-07-07T18:01:59.282044871Z: [    0.000000] found SMP MP-table at [mem 0x000f6aa0-0x000f6aaf] mapped at [ffff8853800f6aa0]
[STDERR  ] 2017-07-07T18:01:59.282054154Z: [    0.000000] RAMDISK: [mem 0x3d61e000-0x3ffcffff]
[STDERR  ] 2017-07-07T18:01:59.282064842Z: [    0.000000] ACPI: Early table checksum verification disabled
[STDERR  ] 2017-07-07T18:01:59.282073096Z: [    0.000000] ACPI: RSDP 0x00000000000F68C0 000014 (v00 BOCHS )
[STDERR  ] 2017-07-07T18:01:59.282082389Z: [    0.000000] ACPI: RSDT 0x000000003FFE2404 000034 (v01 BOCHS  BXPCRSDT 00000001 BXPC 00000001)
[STDERR  ] 2017-07-07T18:01:59.282091745Z: [    0.000000] ACPI: FACP 0x000000003FFE22A4 000074 (v01 BOCHS  BXPCFACP 00000001 BXPC 00000001)
[STDERR  ] 2017-07-07T18:01:59.282101509Z: [    0.000000] ACPI: DSDT 0x000000003FFE0040 002264 (v01 BOCHS  BXPCDSDT 00000001 BXPC 00000001)
[STDERR  ] 2017-07-07T18:01:59.282112629Z: [    0.000000] ACPI: FACS 0x000000003FFE0000 000040
[STDERR  ] 2017-07-07T18:01:59.282121325Z: [    0.000000] ACPI: APIC 0x000000003FFE2318 000078 (v01 BOCHS  BXPCAPIC 00000001 BXPC 00000001)
[STDERR  ] 2017-07-07T18:01:59.282130142Z: [    0.000000] ACPI: HPET 0x000000003FFE2390 000038 (v01 BOCHS  BXPCHPET 00000001 BXPC 00000001)
[STDERR  ] 2017-07-07T18:01:59.28213877Z: [    0.000000] ACPI: MCFG 0x000000003FFE23C8 00003C (v01 BOCHS  BXPCMCFG 00000001 BXPC 00000001)
[STDERR  ] 2017-07-07T18:01:59.282144195Z: [    0.000000] Zone ranges:
[STDERR  ] 2017-07-07T18:01:59.282152785Z: [    0.000000]   DMA      [mem 0x0000000000001000-0x0000000000ffffff]
[STDERR  ] 2017-07-07T18:01:59.28216507Z: [    0.000000]   DMA32    [mem 0x0000000001000000-0x000000003ffdefff]
[STDERR  ] 2017-07-07T18:01:59.282179086Z: [    0.000000]   Normal   empty
[STDERR  ] 2017-07-07T18:01:59.282188055Z: [    0.000000] Movable zone start for each node
[STDERR  ] 2017-07-07T18:01:59.282192072Z: [    0.000000] Early memory node ranges
[STDERR  ] 2017-07-07T18:01:59.282200725Z: [    0.000000]   node   0: [mem 0x0000000000001000-0x000000000009efff]
[STDERR  ] 2017-07-07T18:01:59.282213332Z: [    0.000000]   node   0: [mem 0x0000000000100000-0x000000003ffdefff]
[STDERR  ] 2017-07-07T18:01:59.28222177Z: [    0.000000] Initmem setup node 0 [mem 0x0000000000001000-0x000000003ffdefff]
[STDERR  ] 2017-07-07T18:01:59.282226142Z: [    0.000000] ACPI: PM-Timer IO Port: 0x608
[STDERR  ] 2017-07-07T18:01:59.28223916Z: [    0.000000] ACPI: LAPIC_NMI (acpi_id[0xff] dfl dfl lint[0x1])
[STDERR  ] 2017-07-07T18:01:59.282248156Z: [    0.000000] IOAPIC[0]: apic_id 0, version 32, address 0xfec00000, GSI 0-23
[STDERR  ] 2017-07-07T18:01:59.282263549Z: [    0.000000] ACPI: INT_SRC_OVR (bus 0 bus_irq 0 global_irq 2 dfl dfl)
[STDERR  ] 2017-07-07T18:01:59.282275756Z: [    0.000000] ACPI: INT_SRC_OVR (bus 0 bus_irq 5 global_irq 5 high level)
[STDERR  ] 2017-07-07T18:01:59.282291636Z: [    0.000000] ACPI: INT_SRC_OVR (bus 0 bus_irq 9 global_irq 9 high level)
[STDERR  ] 2017-07-07T18:01:59.282300549Z: [    0.000000] ACPI: INT_SRC_OVR (bus 0 bus_irq 10 global_irq 10 high level)
[STDERR  ] 2017-07-07T18:01:59.28230975Z: [    0.000000] ACPI: INT_SRC_OVR (bus 0 bus_irq 11 global_irq 11 high level)
[STDERR  ] 2017-07-07T18:01:59.28231867Z: [    0.000000] Using ACPI (MADT) for SMP configuration information
[STDERR  ] 2017-07-07T18:01:59.282323599Z: [    0.000000] ACPI: HPET id: 0x8086a201 base: 0xfed00000
[STDERR  ] 2017-07-07T18:01:59.28233709Z: [    0.000000] smpboot: Allowing 1 CPUs, 0 hotplug CPUs
[STDERR  ] 2017-07-07T18:01:59.282341947Z: [    0.000000] e820: [mem 0x40000000-0xafffffff] available for PCI devices
[STDERR  ] 2017-07-07T18:01:59.282350439Z: [    0.000000] Booting paravirtualized kernel on bare hardware
[STDERR  ] 2017-07-07T18:01:59.282370876Z: [    0.000000] clocksource: refined-jiffies: mask: 0xffffffff max_cycles: 0xffffffff, max_idle_ns: 19112604462750000 ns
[STDERR  ] 2017-07-07T18:01:59.282381881Z: [    0.000000] setup_percpu: NR_CPUS:128 nr_cpumask_bits:128 nr_cpu_ids:1 nr_node_ids:1
[STDERR  ] 2017-07-07T18:01:59.282395363Z: [    0.000000] percpu: Embedded 35 pages/cpu @ffff8853bd400000 s105112 r8192 d30056 u2097152
[STDERR  ] 2017-07-07T18:01:59.282400004Z: [    0.000000] Built 1 zonelists in Zone order, mobility grouping on.  Total pages: 257896
[STDERR  ] 2017-07-07T18:01:59.282414521Z: [    0.000000] Kernel command line: console=ttyS0
[STDERR  ] 2017-07-07T18:01:59.282419686Z: [    0.000000] PID hash table entries: 4096 (order: 3, 32768 bytes)
[STDERR  ] 2017-07-07T18:01:59.2824334Z: [    0.000000] Dentry cache hash table entries: 131072 (order: 8, 1048576 bytes)
[STDERR  ] 2017-07-07T18:01:59.28244007Z: [    0.000000] Inode-cache hash table entries: 65536 (order: 7, 524288 bytes)
[STDERR  ] 2017-07-07T18:01:59.282454521Z: [    0.000000] Memory: 971484K/1048052K available (8019K kernel code, 1366K rwdata, 2692K rodata, 1372K init, 568K bss, 76568K reserved, 0K cma-reserved)
[STDERR  ] 2017-07-07T18:01:59.282463353Z: [    0.000000] Hierarchical RCU implementation.
[STDERR  ] 2017-07-07T18:01:59.282467657Z: [    0.000000] 	Build-time adjustment of leaf fanout to 64.
[STDERR  ] 2017-07-07T18:01:59.282480091Z: [    0.000000] 	RCU restricting CPUs from NR_CPUS=128 to nr_cpu_ids=1.
[STDERR  ] 2017-07-07T18:01:59.282492931Z: [    0.000000] RCU: Adjusting geometry for rcu_fanout_leaf=64, nr_cpu_ids=1
[STDERR  ] 2017-07-07T18:01:59.282503561Z: [    0.000000] NR_IRQS:8448 nr_irqs:256 16
[STDERR  ] 2017-07-07T18:01:59.28251229Z: [    0.000000] Console: colour VGA+ 80x25
[STDERR  ] 2017-07-07T18:01:59.282524806Z: [    0.000000] console [ttyS0] enabled
[STDERR  ] 2017-07-07T18:01:59.282536852Z: [    0.000000] clocksource: hpet: mask: 0xffffffff max_cycles: 0xffffffff, max_idle_ns: 19112604467 ns
[STDERR  ] 2017-07-07T18:01:59.282545641Z: [    0.000000] tsc: Fast TSC calibration using PIT
[STDERR  ] 2017-07-07T18:01:59.282554682Z: [    0.000000] tsc: Detected 2599.992 MHz processor
[STDERR  ] 2017-07-07T18:01:59.282563151Z: [    0.032441] Calibrating delay loop (skipped), value calculated using timer frequency.. 5199.98 BogoMIPS (lpj=25999920)
[STDERR  ] 2017-07-07T18:01:59.282567837Z: [    0.033275] pid_max: default: 32768 minimum: 301
[STDERR  ] 2017-07-07T18:01:59.28257634Z: [    0.034197] ACPI: Core revision 20160831
[STDERR  ] 2017-07-07T18:01:59.282589542Z: [    0.080432] ACPI: 1 ACPI AML tables successfully acquired and loaded
[STDERR  ] 2017-07-07T18:01:59.282594014Z: [    0.085103] Security Framework initialized
[STDERR  ] 2017-07-07T18:01:59.282602405Z: [    0.085381] Yama: becoming mindful.
[STDERR  ] 2017-07-07T18:01:59.282615442Z: [    0.087377] Mount-cache hash table entries: 2048 (order: 2, 16384 bytes)
[STDERR  ] 2017-07-07T18:01:59.282629122Z: [    0.087689] Mountpoint-cache hash table entries: 2048 (order: 2, 16384 bytes)
[STDERR  ] 2017-07-07T18:01:59.282638911Z: [    0.106825] Last level iTLB entries: 4KB 0, 2MB 0, 4MB 0
[STDERR  ] 2017-07-07T18:01:59.282647562Z: [    0.107080] Last level dTLB entries: 4KB 0, 2MB 0, 4MB 0, 1GB 0
[STDERR  ] 2017-07-07T18:01:59.282659945Z: [    0.443440] Freeing SMP alternatives memory: 20K (ffffffffa2eae000 - ffffffffa2eb3000)
[STDERR  ] 2017-07-07T18:01:59.28266884Z: [    0.454242] ftrace: allocating 35425 entries in 139 pages
[STDERR  ] 2017-07-07T18:01:59.282677268Z: [    0.628161] smpboot: Max logical packages: 1
[STDERR  ] 2017-07-07T18:01:59.282681507Z: [    0.635636] ..TIMER: vector=0x30 apic1=0 pin1=2 apic2=-1 pin2=-1
[STDERR  ] 2017-07-07T18:01:59.282692992Z: [    0.740000] smpboot: CPU0: AMD QEMU Virtual CPU version 2.5+ (family: 0x6, model: 0x6, stepping: 0x3)
[STDERR  ] 2017-07-07T18:01:59.282705757Z: [    0.740000] Performance Events: PMU not available due to virtualization, using software events only.
[STDERR  ] 2017-07-07T18:01:59.28271391Z: [    0.750387] NMI watchdog: disabled (cpu0): hardware events not enabled
[STDERR  ] 2017-07-07T18:01:59.282726524Z: [    0.750826] NMI watchdog: Shutting down hard lockup detector on all cpus
[STDERR  ] 2017-07-07T18:01:59.282740282Z: [    0.754625] x86: Booted up 1 node, 1 CPUs
[STDERR  ] 2017-07-07T18:01:59.282749195Z: [    0.755014] smpboot: Total of 1 processors activated (5199.98 BogoMIPS)
[STDERR  ] 2017-07-07T18:01:59.282753628Z: [    0.768641] devtmpfs: initialized
[STDERR  ] 2017-07-07T18:01:59.282761801Z: [    0.775733] x86/mm: Memory block size: 128MB
[STDERR  ] 2017-07-07T18:01:59.282773858Z: [    0.847764] clocksource: jiffies: mask: 0xffffffff max_cycles: 0xffffffff, max_idle_ns: 19112604462750000 ns
[STDERR  ] 2017-07-07T18:01:59.282778062Z: [    0.848754] futex hash table entries: 256 (order: 2, 16384 bytes)
[STDERR  ] 2017-07-07T18:01:59.282789778Z: [    0.858947] NET: Registered protocol family 16
[STDERR  ] 2017-07-07T18:01:59.282807521Z: [    0.869468] cpuidle: using governor ladder
[STDERR  ] 2017-07-07T18:01:59.282821722Z: [    0.870179] cpuidle: using governor menu
[STDERR  ] 2017-07-07T18:01:59.282830651Z: [    0.871577] ACPI: bus type PCI registered
[STDERR  ] 2017-07-07T18:01:59.282839243Z: [    0.874455] PCI: MMCONFIG for domain 0000 [bus 00-ff] at [mem 0xb0000000-0xbfffffff] (base 0xb0000000)
[STDERR  ] 2017-07-07T18:01:59.282846205Z: [    0.874997] PCI: MMCONFIG at [mem 0xb0000000-0xbfffffff] reserved in E820
[STDERR  ] 2017-07-07T18:01:59.282859163Z: [    0.876174] PCI: Using configuration type 1 for base access
[STDERR  ] 2017-07-07T18:01:59.282863829Z: [    0.935917] HugeTLB registered 2 MB page size, pre-allocated 0 pages
[STDERR  ] 2017-07-07T18:01:59.282880673Z: [    0.948483] ACPI: Added _OSI(Module Device)
[STDERR  ] 2017-07-07T18:01:59.282889731Z: [    0.948896] ACPI: Added _OSI(Processor Device)
[STDERR  ] 2017-07-07T18:01:59.282897612Z: [    0.949163] ACPI: Added _OSI(3.0 _SCP Extensions)
[STDERR  ] 2017-07-07T18:01:59.282910495Z: [    0.949489] ACPI: Added _OSI(Processor Aggregator Device)
[STDERR  ] 2017-07-07T18:01:59.282916679Z: [    1.044328] ACPI: Interpreter enabled
[STDERR  ] 2017-07-07T18:01:59.282928711Z: [    1.045445] ACPI: (supports S0 S5)
[STDERR  ] 2017-07-07T18:01:59.282932856Z: [    1.045784] ACPI: Using IOAPIC for interrupt routing
[STDERR  ] 2017-07-07T18:01:59.282940962Z: [    1.048634] PCI: Using host bridge windows from ACPI; if necessary, use "pci=nocrs" and report a bug
[STDERR  ] 2017-07-07T18:01:59.282957349Z: [    1.153947] ACPI: PCI Root Bridge [PCI0] (domain 0000 [bus 00-ff])
[STDERR  ] 2017-07-07T18:01:59.282966188Z: [    1.155204] acpi PNP0A08:00: _OSC: OS supports [ExtendedConfig ASPM ClockPM Segments MSI]
[STDERR  ] 2017-07-07T18:01:59.282974638Z: [    1.164231] acpi PNP0A08:00: _OSC: OS now controls [PCIeHotplug PME PCIeCapability]
[STDERR  ] 2017-07-07T18:01:59.282979061Z: [    1.170135] PCI host bridge to bus 0000:00
[STDERR  ] 2017-07-07T18:01:59.282998092Z: [    1.170688] pci_bus 0000:00: root bus resource [io  0x0000-0x0cf7 window]
[STDERR  ] 2017-07-07T18:01:59.283002733Z: [    1.171088] pci_bus 0000:00: root bus resource [io  0x0d00-0xffff window]
[STDERR  ] 2017-07-07T18:01:59.283015994Z: [    1.171493] pci_bus 0000:00: root bus resource [mem 0x000a0000-0x000bffff window]
[STDERR  ] 2017-07-07T18:01:59.283025237Z: [    1.171951] pci_bus 0000:00: root bus resource [mem 0xc0000000-0xfebfffff window]
[STDERR  ] 2017-07-07T18:01:59.283033524Z: [    1.172544] pci_bus 0000:00: root bus resource [bus 00-ff]
[STDERR  ] 2017-07-07T18:01:59.283041872Z: [    1.331805] pci 0000:00:1f.0: quirk: [io  0x0600-0x067f] claimed by ICH6 ACPI/GPIO/TCO
[STDERR  ] 2017-07-07T18:01:59.283049493Z: [    1.423536] ACPI: PCI Interrupt Link [LNKA] (IRQs 5 *10 11)
[STDERR  ] 2017-07-07T18:01:59.283054796Z: [    1.426562] ACPI: PCI Interrupt Link [LNKB] (IRQs 5 *10 11)
[STDERR  ] 2017-07-07T18:01:59.283060107Z: [    1.429423] ACPI: PCI Interrupt Link [LNKC] (IRQs 5 10 *11)
[STDERR  ] 2017-07-07T18:01:59.28306284Z: [    1.432386] ACPI: PCI Interrupt Link [LNKD] (IRQs 5 10 *11)
[STDERR  ] 2017-07-07T18:01:59.283070627Z: [    1.434924] ACPI: PCI Interrupt Link [LNKE] (IRQs 5 *10 11)
[STDERR  ] 2017-07-07T18:01:59.28307325Z: [    1.437446] ACPI: PCI Interrupt Link [LNKF] (IRQs 5 *10 11)
[STDERR  ] 2017-07-07T18:01:59.283084969Z: [    1.440266] ACPI: PCI Interrupt Link [LNKG] (IRQs 5 10 *11)
[STDERR  ] 2017-07-07T18:01:59.283093526Z: [    1.442808] ACPI: PCI Interrupt Link [LNKH] (IRQs 5 10 *11)
[STDERR  ] 2017-07-07T18:01:59.283098807Z: [    1.443918] ACPI: PCI Interrupt Link [GSIA] (IRQs *16)
[STDERR  ] 2017-07-07T18:01:59.283103939Z: [    1.444701] ACPI: PCI Interrupt Link [GSIB] (IRQs *17)
[STDERR  ] 2017-07-07T18:01:59.28310916Z: [    1.445484] ACPI: PCI Interrupt Link [GSIC] (IRQs *18)
[STDERR  ] 2017-07-07T18:01:59.283116012Z: [    1.446293] ACPI: PCI Interrupt Link [GSID] (IRQs *19)
[STDERR  ] 2017-07-07T18:01:59.283121233Z: [    1.447051] ACPI: PCI Interrupt Link [GSIE] (IRQs *20)
[STDERR  ] 2017-07-07T18:01:59.283126367Z: [    1.447843] ACPI: PCI Interrupt Link [GSIF] (IRQs *21)
[STDERR  ] 2017-07-07T18:01:59.283131536Z: [    1.448620] ACPI: PCI Interrupt Link [GSIG] (IRQs *22)
[STDERR  ] 2017-07-07T18:01:59.283136484Z: [    1.449381] ACPI: PCI Interrupt Link [GSIH] (IRQs *23)
[STDERR  ] 2017-07-07T18:01:59.283143219Z: [    1.455443] ACPI: Enabled 2 GPEs in block 00 to 3F
[STDERR  ] 2017-07-07T18:01:59.283153416Z: [    1.462605] SCSI subsystem initialized
[STDERR  ] 2017-07-07T18:01:59.283156163Z: [    1.465397] ACPI: bus type USB registered
[STDERR  ] 2017-07-07T18:01:59.283163887Z: [    1.466984] usbcore: registered new interface driver usbfs
[STDERR  ] 2017-07-07T18:01:59.283169093Z: [    1.468215] usbcore: registered new interface driver hub
[STDERR  ] 2017-07-07T18:01:59.283174319Z: [    1.469273] usbcore: registered new device driver usb
[STDERR  ] 2017-07-07T18:01:59.283179526Z: [    1.471040] pps_core: LinuxPPS API ver. 1 registered
[STDERR  ] 2017-07-07T18:01:59.283182179Z: [    1.471323] pps_core: Software ver. 5.3.6 - Copyright 2005-2007 Rodolfo Giometti <giometti@linux.it>
[STDERR  ] 2017-07-07T18:01:59.283192834Z: [    1.472049] PTP clock support registered
[STDERR  ] 2017-07-07T18:01:59.283198146Z: [    1.473688] wmi: Mapper loaded
[STDERR  ] 2017-07-07T18:01:59.283203443Z: [    1.475316] PCI: Using ACPI for IRQ routing
[STDERR  ] 2017-07-07T18:01:59.283208656Z: [    1.507703] NetLabel: Initializing
[STDERR  ] 2017-07-07T18:01:59.283213879Z: [    1.507950] NetLabel:  domain hash size = 128
[STDERR  ] 2017-07-07T18:01:59.283219024Z: [    1.508281] NetLabel:  protocols = UNLABELED CIPSOv4
[STDERR  ] 2017-07-07T18:01:59.28322428Z: [    1.511307] NetLabel:  unlabeled traffic allowed by default
[STDERR  ] 2017-07-07T18:01:59.283229654Z: [    1.512498] HPET: 3 timers in total, 0 timers will be used for per-cpu timer
[STDERR  ] 2017-07-07T18:01:59.283234859Z: [    1.513346] hpet0: at MMIO 0xfed00000, IRQs 2, 8, 0
[STDERR  ] 2017-07-07T18:01:59.283243027Z: [    1.513964] hpet0: 3 comparators, 64-bit 100.000000 MHz counter
[STDERR  ] 2017-07-07T18:01:59.283250834Z: [    1.519453] clocksource: Switched to clocksource hpet
[STDERR  ] 2017-07-07T18:01:59.283256145Z: [    2.032487] VFS: Disk quotas dquot_6.6.0
[STDERR  ] 2017-07-07T18:01:59.283261424Z: [    2.033445] VFS: Dquot-cache hash table entries: 512 (order 0, 4096 bytes)
[STDERR  ] 2017-07-07T18:01:59.28326424Z: [    2.037491] FS-Cache: Loaded
[STDERR  ] 2017-07-07T18:01:59.28327249Z: [    2.045599] CacheFiles: Loaded
[STDERR  ] 2017-07-07T18:01:59.283280384Z: [    2.048134] pnp: PnP ACPI init
[STDERR  ] 2017-07-07T18:01:59.283287321Z: [    2.066905] pnp: PnP ACPI: found 5 devices
[STDERR  ] 2017-07-07T18:01:59.283292703Z: [    2.144972] clocksource: acpi_pm: mask: 0xffffff max_cycles: 0xffffff, max_idle_ns: 2085701024 ns
[STDERR  ] 2017-07-07T18:01:59.283299457Z: [    2.149341] NET: Registered protocol family 2
[STDERR  ] 2017-07-07T18:01:59.283306307Z: [    2.161230] TCP established hash table entries: 8192 (order: 4, 65536 bytes)
[STDERR  ] 2017-07-07T18:01:59.283315988Z: [    2.162196] TCP bind hash table entries: 8192 (order: 5, 131072 bytes)
[STDERR  ] 2017-07-07T18:01:59.283321178Z: [    2.162991] TCP: Hash tables configured (established 8192 bind 8192)
[STDERR  ] 2017-07-07T18:01:59.283326983Z: [    2.165470] UDP hash table entries: 512 (order: 2, 16384 bytes)
[STDERR  ] 2017-07-07T18:01:59.283332413Z: [    2.166127] UDP-Lite hash table entries: 512 (order: 2, 16384 bytes)
[STDERR  ] 2017-07-07T18:01:59.28334041Z: [    2.169633] NET: Registered protocol family 1
[STDERR  ] 2017-07-07T18:01:59.283345707Z: [    2.171255] pci 0000:00:01.0: Video device with shadowed ROM at [mem 0x000c0000-0x000dffff]
[STDERR  ] 2017-07-07T18:01:59.28335261Z: [    2.184626] Unpacking initramfs...
[STDERR  ] 2017-07-07T18:01:59.283355473Z: [   10.221519] Freeing initrd memory: 42696K (ffff8853bd61e000 - ffff8853bffd0000)
[STDERR  ] 2017-07-07T18:01:59.283363277Z: [   10.248818] PCLMULQDQ-NI instructions are not detected.
[STDERR  ] 2017-07-07T18:01:59.283368508Z: [   10.250908] AVX or AES-NI instructions are not detected.
[STDERR  ] 2017-07-07T18:01:59.283373664Z: [   10.251430] CPU feature 'AVX registers' is not supported.
[STDERR  ] 2017-07-07T18:01:59.283378893Z: [   10.251873] CPU feature 'AVX registers' is not supported.
[STDERR  ] 2017-07-07T18:01:59.283384061Z: [   10.252284] CPU feature 'AVX registers' is not supported.
[STDERR  ] 2017-07-07T18:01:59.283389201Z: [   10.252705] CPU feature 'AVX registers' is not supported.
[STDERR  ] 2017-07-07T18:01:59.283394407Z: [   10.253123] AVX2 or AES-NI instructions are not detected.
[STDERR  ] 2017-07-07T18:01:59.283398555Z: [   10.253550] AVX2 instructions are not detected.
[STDERR  ] 2017-07-07T18:01:59.283406433Z: [   10.259864] audit: initializing netlink subsys (disabled)
[STDERR  ] 2017-07-07T18:01:59.283411607Z: [   10.264495] audit: type=2000 audit(1499450470.260:1): initialized
[STDERR  ] 2017-07-07T18:01:59.2834168Z: [   10.272998] workingset: timestamp_bits=46 max_order=18 bucket_order=0
[STDERR  ] 2017-07-07T18:01:59.283422058Z: [   10.279764] FS-Cache: Netfs 'cifs' registered for caching
[STDERR  ] 2017-07-07T18:01:59.28342714Z: [   10.281720] fuse init (API version 7.26)
[STDERR  ] 2017-07-07T18:01:59.283432333Z: [   10.284128] SGI XFS with ACLs, security attributes, no debug enabled
[STDERR  ] 2017-07-07T18:01:59.283440115Z: [   10.291123] 9p: Installing v9fs 9p2000 file system support
[STDERR  ] 2017-07-07T18:01:59.28344533Z: [   10.291664] FS-Cache: Netfs '9p' registered for caching
[STDERR  ] 2017-07-07T18:01:59.283450551Z: [   10.333216] NET: Registered protocol family 38
[STDERR  ] 2017-07-07T18:01:59.28345582Z: [   10.333906] Key type asymmetric registered
[STDERR  ] 2017-07-07T18:01:59.28346098Z: [   10.334315] Asymmetric key parser 'x509' registered
[STDERR  ] 2017-07-07T18:01:59.283466158Z: [   10.335445] Block layer SCSI generic (bsg) driver version 0.4 loaded (major 251)
[STDERR  ] 2017-07-07T18:01:59.28347148Z: [   10.337115] io scheduler noop registered
[STDERR  ] 2017-07-07T18:01:59.283479855Z: [   10.337526] io scheduler deadline registered (default)
[STDERR  ] 2017-07-07T18:01:59.283485388Z: [   10.338271] io scheduler cfq registered
[STDERR  ] 2017-07-07T18:01:59.283492998Z: [   10.343752] pci_hotplug: PCI Hot Plug PCI Core version: 0.5
[STDERR  ] 2017-07-07T18:01:59.283498295Z: [   10.344378] pciehp: PCI Express Hot Plug Controller Driver version: 0.4
[STDERR  ] 2017-07-07T18:01:59.283507989Z: [   10.345279] shpchp: Standard Hot Plug PCI Controller Driver version: 0.4
[STDERR  ] 2017-07-07T18:01:59.283513224Z: [   10.346174] hv_vmbus: registering driver hyperv_fb
[STDERR  ] 2017-07-07T18:01:59.283520909Z: [   10.349743] input: Power Button as /devices/LNXSYSTM:00/LNXPWRBN:00/input/input0
[STDERR  ] 2017-07-07T18:01:59.283526352Z: [   10.351339] ACPI: Power Button [PWRF]
[STDERR  ] 2017-07-07T18:01:59.283531595Z: [   10.356552] GHES: HEST is not enabled!
[STDERR  ] 2017-07-07T18:01:59.283534319Z: [   10.371234] ACPI: PCI Interrupt Link [GSIH] enabled at IRQ 23
[STDERR  ] 2017-07-07T18:01:59.283539474Z: [   10.379473] xenfs: not registering filesystem on non-xen platform
[STDERR  ] 2017-07-07T18:01:59.283547274Z: [   10.382271] Serial: 8250/16550 driver, 4 ports, IRQ sharing disabled
[STDERR  ] 2017-07-07T18:01:59.283552591Z: [   10.407300] 00:04: ttyS0 at I/O 0x3f8 (irq = 4, base_baud = 115200) is a 16550A
[STDERR  ] 2017-07-07T18:01:59.283560761Z: [   10.420689] Non-volatile memory driver v1.3
[STDERR  ] 2017-07-07T18:01:59.283566154Z: [   10.426973] Hangcheck: starting hangcheck timer 0.9.1 (tick is 180 seconds, margin is 60 seconds).
[STDERR  ] 2017-07-07T18:01:59.283571424Z: [   10.466174] loop: module loaded
[STDERR  ] 2017-07-07T18:01:59.283574188Z: [   10.484205] nbd: registered device at major 43
[STDERR  ] 2017-07-07T18:01:59.283584181Z: [   10.531495] lpc_ich 0000:00:1f.0: I/O space for GPIO uninitialized
[STDERR  ] 2017-07-07T18:01:59.283586851Z: [   10.533929] VMware PVSCSI driver - version 1.0.7.0-k
[STDERR  ] 2017-07-07T18:01:59.283596464Z: [   10.534890] hv_vmbus: registering driver hv_storvsc
[STDERR  ] 2017-07-07T18:01:59.283601675Z: [   10.546384] ACPI: PCI Interrupt Link [GSIA] enabled at IRQ 16
[STDERR  ] 2017-07-07T18:01:59.283607016Z: [   10.553164] ahci 0000:00:1f.2: AHCI 0001.0000 32 slots 6 ports 1.5 Gbps 0x3f impl SATA mode
[STDERR  ] 2017-07-07T18:01:59.283612246Z: [   10.553912] ahci 0000:00:1f.2: flags: 64bit ncq only 
[STDERR  ] 2017-07-07T18:01:59.283619029Z: [   10.575747] scsi host0: ahci
[STDERR  ] 2017-07-07T18:01:59.283624359Z: [   10.581601] scsi host1: ahci
[STDERR  ] 2017-07-07T18:01:59.283629578Z: [   10.585067] scsi host2: ahci
[STDERR  ] 2017-07-07T18:01:59.283632295Z: [   10.587825] scsi host3: ahci
[STDERR  ] 2017-07-07T18:01:59.283644268Z: [   10.590400] scsi host4: ahci
[STDERR  ] 2017-07-07T18:01:59.283647181Z: [   10.592884] scsi host5: ahci
[STDERR  ] 2017-07-07T18:01:59.283655086Z: [   10.594770] ata1: SATA max UDMA/133 abar m4096@0xfebf1000 port 0xfebf1100 irq 24
[STDERR  ] 2017-07-07T18:01:59.283660465Z: [   10.595317] ata2: SATA max UDMA/133 abar m4096@0xfebf1000 port 0xfebf1180 irq 24
[STDERR  ] 2017-07-07T18:01:59.283665812Z: [   10.595695] ata3: SATA max UDMA/133 abar m4096@0xfebf1000 port 0xfebf1200 irq 24
[STDERR  ] 2017-07-07T18:01:59.283670818Z: [   10.596153] ata4: SATA max UDMA/133 abar m4096@0xfebf1000 port 0xfebf1280 irq 24
[STDERR  ] 2017-07-07T18:01:59.283678589Z: [   10.596605] ata5: SATA max UDMA/133 abar m4096@0xfebf1000 port 0xfebf1300 irq 24
[STDERR  ] 2017-07-07T18:01:59.283683831Z: [   10.597026] ata6: SATA max UDMA/133 abar m4096@0xfebf1000 port 0xfebf1380 irq 24
[STDERR  ] 2017-07-07T18:01:59.283689049Z: [   10.611616] tun: Universal TUN/TAP device driver, 1.6
[STDERR  ] 2017-07-07T18:01:59.283692878Z: [   10.611968] tun: (C) 1999-2004 Max Krasnyansky <maxk@qualcomm.com>
[STDERR  ] 2017-07-07T18:01:59.283700965Z: [   10.614745] VMware vmxnet3 virtual NIC driver - version 1.4.a.0-k-NAPI
[STDERR  ] 2017-07-07T18:01:59.283706214Z: [   10.616055] hv_vmbus: registering driver hv_netvsc
[STDERR  ] 2017-07-07T18:01:59.283708964Z: [   10.616428] Fusion MPT base driver 3.04.20
[STDERR  ] 2017-07-07T18:01:59.283719978Z: [   10.616709] Copyright (c) 1999-2008 LSI Corporation
[STDERR  ] 2017-07-07T18:01:59.283726905Z: [   10.617372] Fusion MPT SPI Host driver 3.04.20
[STDERR  ] 2017-07-07T18:01:59.283733729Z: [   10.619493] i8042: PNP: PS/2 Controller [PNP0303:KBD,PNP0f13:MOU] at 0x60,0x64 irq 1,12
[STDERR  ] 2017-07-07T18:01:59.283736439Z: [   10.623875] serio: i8042 KBD port at 0x60,0x64 irq 1
[STDERR  ] 2017-07-07T18:01:59.283746767Z: [   10.624583] serio: i8042 AUX port at 0x60,0x64 irq 12
[STDERR  ] 2017-07-07T18:01:59.283752132Z: [   10.627749] hv_vmbus: registering driver hyperv_keyboard
[STDERR  ] 2017-07-07T18:01:59.283754867Z: [   10.629952] mousedev: PS/2 mouse device common for all mice
[STDERR  ] 2017-07-07T18:01:59.283762782Z: [   10.635333] input: AT Translated Set 2 keyboard as /devices/platform/i8042/serio0/input/input1
[STDERR  ] 2017-07-07T18:01:59.283768162Z: [   10.638244] input: PC Speaker as /devices/platform/pcspkr/input/input2
[STDERR  ] 2017-07-07T18:01:59.283770802Z: [   10.642495] rtc_cmos 00:00: RTC can wake from S4
[STDERR  ] 2017-07-07T18:01:59.283778853Z: [   10.645849] rtc_cmos 00:00: rtc core: registered rtc_cmos as rtc0
[STDERR  ] 2017-07-07T18:01:59.283784047Z: [   10.647306] rtc_cmos 00:00: alarms up to one day, y3k, 114 bytes nvram, hpet irqs
[STDERR  ] 2017-07-07T18:01:59.28379229Z: [   10.648042] i2c /dev entries driver
[STDERR  ] 2017-07-07T18:01:59.283795097Z: [   10.650504] device-mapper: ioctl: 4.35.0-ioctl (2016-06-23) initialised: dm-devel@redhat.com
[STDERR  ] 2017-07-07T18:01:59.283808622Z: [   10.655262] usbcore: registered new interface driver usbhid
[STDERR  ] 2017-07-07T18:01:59.283814022Z: [   10.655577] usbhid: USB HID core driver
[STDERR  ] 2017-07-07T18:01:59.283816673Z: [   10.656137] hv_utils: Registering HyperV Utility Driver
[STDERR  ] 2017-07-07T18:01:59.283824663Z: [   10.656447] hv_vmbus: registering driver hv_util
[STDERR  ] 2017-07-07T18:01:59.28383144Z: [   10.656757] hv_vmbus: registering driver hv_balloon
[STDERR  ] 2017-07-07T18:01:59.283836756Z: [   10.657306] oprofile: using NMI interrupt.
[STDERR  ] 2017-07-07T18:01:59.283844747Z: [   10.658482] GACT probability on
[STDERR  ] 2017-07-07T18:01:59.283850099Z: [   10.658977] Mirror/redirect action on
[STDERR  ] 2017-07-07T18:01:59.28385713Z: [   10.659808] Simple TC action Loaded
[STDERR  ] 2017-07-07T18:01:59.283864039Z: [   10.660806] u32 classifier
[STDERR  ] 2017-07-07T18:01:59.283869309Z: [   10.661015]     Performance counters on
[STDERR  ] 2017-07-07T18:01:59.283874525Z: [   10.661277]     input device check on
[STDERR  ] 2017-07-07T18:01:59.283879785Z: [   10.661499]     Actions configured
[STDERR  ] 2017-07-07T18:01:59.283885052Z: [   10.662043] Netfilter messages via NETLINK v0.30.
[STDERR  ] 2017-07-07T18:01:59.28389033Z: [   10.662787] nfnl_acct: registering with nfnetlink.
[STDERR  ] 2017-07-07T18:01:59.283893089Z: [   10.664197] nf_conntrack version 0.5.0 (8192 buckets, 32768 max)
[STDERR  ] 2017-07-07T18:01:59.283902447Z: [   10.667153] ctnetlink v0.93: registering with nfnetlink.
[STDERR  ] 2017-07-07T18:01:59.283910449Z: [   10.670593] nf_tables: (c) 2007-2009 Patrick McHardy <kaber@trash.net>
[STDERR  ] 2017-07-07T18:01:59.283918019Z: [   10.671426] nf_tables_compat: (c) 2012 Pablo Neira Ayuso <pablo@netfilter.org>
[STDERR  ] 2017-07-07T18:01:59.283923327Z: [   10.673890] xt_time: kernel timezone is -0000
[STDERR  ] 2017-07-07T18:01:59.283928559Z: [   10.674491] ip_set: protocol 6
[STDERR  ] 2017-07-07T18:01:59.283933823Z: [   10.675150] IPVS: Registered protocols (TCP, UDP, SCTP, AH, ESP)
[STDERR  ] 2017-07-07T18:01:59.283936633Z: [   10.675750] IPVS: Connection hash table configured (size=4096, memory=64Kbytes)
[STDERR  ] 2017-07-07T18:01:59.283941877Z: [   10.677466] IPVS: Creating netns size=2104 id=0
[STDERR  ] 2017-07-07T18:01:59.283949829Z: [   10.680804] IPVS: ipvs loaded.
[STDERR  ] 2017-07-07T18:01:59.28395517Z: [   10.681157] IPVS: [rr] scheduler registered.
[STDERR  ] 2017-07-07T18:01:59.283963405Z: [   10.681532] IPVS: [wrr] scheduler registered.
[STDERR  ] 2017-07-07T18:01:59.283966389Z: [   10.681816] IPVS: [lc] scheduler registered.
[STDERR  ] 2017-07-07T18:01:59.283973996Z: [   10.682118] IPVS: [wlc] scheduler registered.
[STDERR  ] 2017-07-07T18:01:59.283981977Z: [   10.682426] IPVS: [fo] scheduler registered.
[STDERR  ] 2017-07-07T18:01:59.28398472Z: [   10.682703] IPVS: [ovf] scheduler registered.
[STDERR  ] 2017-07-07T18:01:59.28398992Z: [   10.683178] IPVS: [lblc] scheduler registered.
[STDERR  ] 2017-07-07T18:01:59.28399776Z: [   10.683624] IPVS: [lblcr] scheduler registered.
[STDERR  ] 2017-07-07T18:01:59.284002993Z: [   10.683944] IPVS: [dh] scheduler registered.
[STDERR  ] 2017-07-07T18:01:59.284008177Z: [   10.684160] IPVS: [sh] scheduler registered.
[STDERR  ] 2017-07-07T18:01:59.284013594Z: [   10.684474] IPVS: [sed] scheduler registered.
[STDERR  ] 2017-07-07T18:01:59.284016338Z: [   10.684757] IPVS: [nq] scheduler registered.
[STDERR  ] 2017-07-07T18:01:59.28402142Z: [   10.685514] IPVS: ftp: loaded support on port[0] = 21
[STDERR  ] 2017-07-07T18:01:59.28402936Z: [   10.686402] ipip: IPv4 and MPLS over IPv4 tunneling driver
[STDERR  ] 2017-07-07T18:01:59.28403208Z: [   10.691275] gre: GRE over IPv4 demultiplexor driver
[STDERR  ] 2017-07-07T18:01:59.284040834Z: [   10.694148] ip_tables: (C) 2000-2006 Netfilter Core Team
[STDERR  ] 2017-07-07T18:01:59.284051984Z: [   10.697200] ipt_CLUSTERIP: ClusterIP Version 0.8 loaded successfully
[STDERR  ] 2017-07-07T18:01:59.284054827Z: [   10.697939] arp_tables: arp_tables: (C) 2002 David S. Miller
[STDERR  ] 2017-07-07T18:01:59.284059946Z: [   10.700765] NET: Registered protocol family 10
[STDERR  ] 2017-07-07T18:01:59.284069301Z: [   10.709938] ip6_tables: (C) 2000-2006 Netfilter Core Team
[STDERR  ] 2017-07-07T18:01:59.284072034Z: [   10.719104] NET: Registered protocol family 17
[STDERR  ] 2017-07-07T18:01:59.284077114Z: [   10.720786] Bridge firewalling registered
[STDERR  ] 2017-07-07T18:01:59.284085007Z: [   10.721305] Ebtables v2.0 registered
[STDERR  ] 2017-07-07T18:01:59.284090306Z: [   10.723143] 8021q: 802.1Q VLAN Support v1.8
[STDERR  ] 2017-07-07T18:01:59.284111676Z: [   10.724664] 9pnet: Installing 9P2000 support
[STDERR  ] 2017-07-07T18:01:59.284124306Z: [   10.726144] Key type dns_resolver registered
[STDERR  ] 2017-07-07T18:01:59.284129018Z: [   10.727016] microcode: AMD CPU family 0x6 not supported
[STDERR  ] 2017-07-07T18:01:59.284145241Z: [   10.731943] registered taskstats version 1
[STDERR  ] 2017-07-07T18:01:59.284153721Z: [   10.933875] Key type big_key registered
[STDERR  ] 2017-07-07T18:01:59.28416011Z: [   10.935616] ata2: SATA link down (SStatus 0 SControl 300)
[STDERR  ] 2017-07-07T18:01:59.28417333Z: [   10.938873] ata3: SATA link up 1.5 Gbps (SStatus 113 SControl 300)
[STDERR  ] 2017-07-07T18:01:59.28418199Z: [   10.941639] ata1: SATA link down (SStatus 0 SControl 300)
[STDERR  ] 2017-07-07T18:01:59.284191686Z: [   10.944506] ata3.00: ATAPI: QEMU DVD-ROM, 2.5+, max UDMA/100
[STDERR  ] 2017-07-07T18:01:59.284200846Z: [   10.945048] ata3.00: applying bridge limits
[STDERR  ] 2017-07-07T18:01:59.284205408Z: [   10.947202] ata3.00: configured for UDMA/100
[STDERR  ] 2017-07-07T18:01:59.284219385Z: [   10.967571] scsi 2:0:0:0: CD-ROM            QEMU     QEMU DVD-ROM     2.5+ PQ: 0 ANSI: 5
[STDERR  ] 2017-07-07T18:01:59.284228792Z: [   10.983312] ata4: SATA link down (SStatus 0 SControl 300)
[STDERR  ] 2017-07-07T18:01:59.284233621Z: [   10.983992] ata5: SATA link down (SStatus 0 SControl 300)
[STDERR  ] 2017-07-07T18:01:59.284246922Z: [   10.984523] ata6: SATA link down (SStatus 0 SControl 300)
[STDERR  ] 2017-07-07T18:01:59.284255611Z: [   11.003355] sr 2:0:0:0: [sr0] scsi3-mmc drive: 4x/4x cd/rw xa/form2 tray
[STDERR  ] 2017-07-07T18:01:59.284264139Z: [   11.004100] cdrom: Uniform CD-ROM driver Revision: 3.20
[STDERR  ] 2017-07-07T18:01:59.284272758Z: [   11.022399] sr 2:0:0:0: Attached scsi generic sg0 type 5
[STDERR  ] 2017-07-07T18:01:59.284282741Z: [   11.041565] Key type encrypted registered
[STDERR  ] 2017-07-07T18:01:59.284303422Z: [   11.047468] rtc_cmos 00:00: setting system clock to 2017-07-07 18:01:11 UTC (1499450471)
[STDERR  ] 2017-07-07T18:01:59.284308492Z: [   11.197087] Freeing unused kernel memory: 1372K (ffffffffa2d57000 - ffffffffa2eae000)
[STDERR  ] 2017-07-07T18:01:59.284321508Z: [   11.197723] Write protecting the kernel read-only data: 12288k
[STDERR  ] 2017-07-07T18:01:59.284330145Z: [   11.206042] Freeing unused kernel memory: 160K (ffff8853b27d8000 - ffff8853b2800000)
[STDERR  ] 2017-07-07T18:01:59.284344374Z: [   11.302162] Freeing unused kernel memory: 1404K (ffff8853b2aa1000 - ffff8853b2c00000)
[STDERR  ] 2017-07-07T18:01:59.284358094Z: [   11.303238] tsc: Refined TSC clocksource calibration: 2599.991 MHz
[STDERR  ] 2017-07-07T18:01:59.284367102Z: [   11.303807] clocksource: tsc: mask: 0xffffffffffffffff max_cycles: 0x257a339f942, max_idle_ns: 440795309996 ns
[STDERR  ] 2017-07-07T18:01:59.284375647Z: [   12.321139] clocksource: Switched to clocksource tsc
[STDERR  ] 2017-07-07T18:01:59.284468392Z: [   21.475629] e1000: Intel(R) PRO/1000 Network Driver - version 7.3.21-k8-NAPI
[STDERR  ] 2017-07-07T18:01:59.284477229Z: [   21.476181] e1000: Copyright (c) 1999-2006 Intel Corporation.
[STDERR  ] 2017-07-07T18:01:59.284486433Z: [   21.511086] ACPI: PCI Interrupt Link [GSIG] enabled at IRQ 22
[STDERR  ] 2017-07-07T18:01:59.2845Z: [   21.911802] e1000 0000:00:02.0 eth0: (PCI:33MHz:32-bit) 52:54:00:12:34:56
[STDERR  ] 2017-07-07T18:01:59.284512175Z: [   21.912762] e1000 0000:00:02.0 eth0: Intel(R) PRO/1000 Network Connection
[STDERR  ] 2017-07-07T18:01:59.284520862Z: 
[STDERR  ] 2017-07-07T18:01:59.284529639Z: Starting containerd
[STDERR  ] 2017-07-07T18:01:59.28453991Z: 
[STDERR  ] 2017-07-07T18:01:59.284548833Z: Welcome to LinuxKit
[STDERR  ] 2017-07-07T18:01:59.28455702Z: 
[STDERR  ] 2017-07-07T18:01:59.28456541Z:                         ##         .
[STDERR  ] 2017-07-07T18:01:59.28456982Z:                   ## ## ##        ==
[STDERR  ] 2017-07-07T18:01:59.284578109Z:                ## ## ## ## ##    ===
[STDERR  ] 2017-07-07T18:01:59.284590545Z:            /"""""""""""""""""\___/ ===
[STDERR  ] 2017-07-07T18:01:59.284598923Z:           {                       /  ===-
[STDERR  ] 2017-07-07T18:01:59.284607342Z:            \______ O           __/
[STDERR  ] 2017-07-07T18:01:59.284615762Z:              \    \         __/
[STDERR  ] 2017-07-07T18:01:59.284623798Z:               \____\_______/
[STDERR  ] 2017-07-07T18:01:59.28463693Z: 
[STDERR  ] 2017-07-07T18:01:59.28464597Z: [34mINFO[0m[0000] starting containerd boot...                   [34mmodule[0m=containerd
[STDERR  ] 2017-07-07T18:01:59.284650569Z: [34mINFO[0m[0000] starting debug API...                         [34mdebug[0m="/run/containerd/debug.sock" [34mmodule[0m=containerd
[STDERR  ] 2017-07-07T18:01:59.284665625Z: [34mINFO[0m[0000] loading plugin "io.containerd.content.v1.content"...  [34mmodule[0m=containerd [34mtype[0m=io.containerd.content.v1
[STDERR  ] 2017-07-07T18:01:59.284674723Z: [34mINFO[0m[0000] loading plugin "io.containerd.snapshotter.v1.btrfs"...  [34mmodule[0m=containerd [34mtype[0m=io.containerd.snapshotter.v1
[STDERR  ] 2017-07-07T18:01:59.284684363Z: [34mINFO[0m[0000] loading plugin "io.containerd.snapshotter.v1.overlayfs"...  [34mmodule[0m=containerd [34mtype[0m=io.containerd.snapshotter.v1
[STDERR  ] 2017-07-07T18:01:59.284696443Z: [34mINFO[0m[0000] loading plugin "io.containerd.differ.v1.base-diff"...  [34mmodule[0m=containerd [34mtype[0m=io.containerd.differ.v1
[STDERR  ] 2017-07-07T18:01:59.284706278Z: [34mINFO[0m[0000] loading plugin "io.containerd.metadata.v1.bolt"...  [34mmodule[0m=containerd [34mtype[0m=io.containerd.metadata.v1
[STDERR  ] 2017-07-07T18:01:59.284716031Z: [34mINFO[0m[0000] loading plugin "io.containerd.grpc.v1.containers"...  [34mmodule[0m=containerd [34mtype[0m=io.containerd.grpc.v1
[STDERR  ] 2017-07-07T18:01:59.284725183Z: [34mINFO[0m[0000] loading plugin "io.containerd.grpc.v1.content"...  [34mmodule[0m=containerd [34mtype[0m=io.containerd.grpc.v1
[STDERR  ] 2017-07-07T18:01:59.284738733Z: [34mINFO[0m[0000] loading plugin "io.containerd.grpc.v1.diff"...  [34mmodule[0m=containerd [34mtype[0m=io.containerd.grpc.v1
[STDERR  ] 2017-07-07T18:01:59.284748903Z: [34mINFO[0m[0000] loading plugin "io.containerd.monitor.v1.cgroups"...  [34mmodule[0m=containerd [34mtype[0m=io.containerd.monitor.v1
[STDERR  ] 2017-07-07T18:01:59.284758626Z: [34mINFO[0m[0000] loading plugin "io.containerd.runtime.v1.linux"...  [34mmodule[0m=containerd [34mtype[0m=io.containerd.runtime.v1
[STDERR  ] 2017-07-07T18:01:59.284771857Z: [34mINFO[0m[0000] loading plugin "io.containerd.grpc.v1.tasks"...  [34mmodule[0m=containerd [34mtype[0m=io.containerd.grpc.v1
[STDERR  ] 2017-07-07T18:01:59.28478341Z: [34mINFO[0m[0000] loading plugin "io.containerd.grpc.v1.healthcheck"...  [34mmodule[0m=containerd [34mtype[0m=io.containerd.grpc.v1
[STDERR  ] 2017-07-07T18:01:59.284792404Z: [34mINFO[0m[0000] loading plugin "io.containerd.grpc.v1.images"...  [34mmodule[0m=containerd [34mtype[0m=io.containerd.grpc.v1
[STDERR  ] 2017-07-07T18:01:59.284808743Z: [34mINFO[0m[0000] loading plugin "io.containerd.grpc.v1.namespaces"...  [34mmodule[0m=containerd [34mtype[0m=io.containerd.grpc.v1
[STDERR  ] 2017-07-07T18:01:59.28481778Z: [34mINFO[0m[0000] loading plugin "io.containerd.grpc.v1.snapshots"...  [34mmodule[0m=containerd [34mtype[0m=io.containerd.grpc.v1
[STDERR  ] 2017-07-07T18:01:59.284831017Z: [   23.624425] random: fast init done
[STDERR  ] 2017-07-07T18:01:59.284835737Z: [34mINFO[0m[0000] loading plugin "io.containerd.grpc.v1.version"...  [34mmodule[0m=containerd [34mtype[0m=io.containerd.grpc.v1
[STDERR  ] 2017-07-07T18:01:59.284844501Z: [34mINFO[0m[0000] starting GRPC API server...                   [34mmodule[0m=containerd
[STDERR  ] 2017-07-07T18:01:59.28485796Z: [34mINFO[0m[0000] containerd successfully booted in 0.350390s   [34mmodule[0m=containerd
[STDERR  ] 2017-07-07T18:01:59.284868821Z: starting kernel config sanity test with /proc/config.gz
[STDERR  ] 2017-07-07T18:01:59.284877751Z: [   33.784513] RPC: Registered named UNIX socket transport module.
[STDERR  ] 2017-07-07T18:01:59.284888441Z: [   33.785077] RPC: Registered udp transport module.
[STDERR  ] 2017-07-07T18:01:59.284893041Z: [   33.785373] RPC: Registered tcp transport module.
[STDERR  ] 2017-07-07T18:01:59.284901677Z: [   33.785717] RPC: Registered tcp NFSv4.1 backchannel transport module.
[STDERR  ] 2017-07-07T18:01:59.284914996Z: [   33.916300] FS-Cache: Netfs 'nfs' registered for caching
[STDERR  ] 2017-07-07T18:01:59.284923854Z: [   34.036249] Installing knfsd (copyright (C) 1996 okir@monad.swb.de).
[STDERR  ] 2017-07-07T18:01:59.284932617Z: [   34.134009] ntfs: driver 2.1.32 [Flags: R/O MODULE].
[STDERR  ] 2017-07-07T18:01:59.284941521Z: kernel config test succeeded!
[STDERR  ] 2017-07-07T18:01:59.284950324Z: [37minfo: reading kernel config from /proc/config.gz ...[m
[STDERR  ] 2017-07-07T18:01:59.284960995Z: 
[STDERR  ] 2017-07-07T18:01:59.284969808Z: Generally Necessary:
[STDERR  ] 2017-07-07T18:01:59.284978622Z: - [37mcgroup hierarchy[m: [32mproperly mounted[m [/sys/fs/cgroup]
[STDERR  ] 2017-07-07T18:01:59.284987395Z: - [37mCONFIG_NAMESPACES[m: [32menabled[m
[STDERR  ] 2017-07-07T18:01:59.284991962Z: - [37mCONFIG_NET_NS[m: [32menabled[m
[STDERR  ] 2017-07-07T18:01:59.285000887Z: - [37mCONFIG_PID_NS[m: [32menabled[m
[STDERR  ] 2017-07-07T18:01:59.28501626Z: - [37mCONFIG_IPC_NS[m: [32menabled[m
[STDERR  ] 2017-07-07T18:01:59.285027091Z: - [37mCONFIG_UTS_NS[m: [32menabled[m
[STDERR  ] 2017-07-07T18:01:59.285036534Z: - [37mCONFIG_CGROUPS[m: [32menabled[m
[STDERR  ] 2017-07-07T18:01:59.285046641Z: - [37mCONFIG_CGROUP_CPUACCT[m: [32menabled[m
[STDERR  ] 2017-07-07T18:01:59.285055005Z: - [37mCONFIG_CGROUP_DEVICE[m: [32menabled[m
[STDERR  ] 2017-07-07T18:01:59.285059435Z: - [37mCONFIG_CGROUP_FREEZER[m: [32menabled[m
[STDERR  ] 2017-07-07T18:01:59.285067995Z: - [37mCONFIG_CGROUP_SCHED[m: [32menabled[m
[STDERR  ] 2017-07-07T18:01:59.285084794Z: - [37mCONFIG_CPUSETS[m: [32menabled[m
[STDERR  ] 2017-07-07T18:01:59.285093622Z: - [37mCONFIG_MEMCG[m: [32menabled[m
[STDERR  ] 2017-07-07T18:01:59.285102887Z: - [37mCONFIG_KEYS[m: [32menabled[m
[STDERR  ] 2017-07-07T18:01:59.285111857Z: - [37mCONFIG_VETH[m: [32menabled[m
[STDERR  ] 2017-07-07T18:01:59.285144675Z: - [37mCONFIG_BRIDGE[m: [32menabled[m
[STDERR  ] 2017-07-07T18:01:59.285156671Z: - [37mCONFIG_BRIDGE_NETFILTER[m: [32menabled[m
[STDERR  ] 2017-07-07T18:01:59.285164664Z: - [37mCONFIG_NF_NAT_IPV4[m: [32menabled[m
[STDERR  ] 2017-07-07T18:01:59.285172912Z: - [37mCONFIG_IP_NF_FILTER[m: [32menabled[m
[STDERR  ] 2017-07-07T18:01:59.285181958Z: - [37mCONFIG_IP_NF_TARGET_MASQUERADE[m: [32menabled[m
[STDERR  ] 2017-07-07T18:01:59.285191045Z: - [37mCONFIG_NETFILTER_XT_MATCH_ADDRTYPE[m: [32menabled[m
[STDERR  ] 2017-07-07T18:01:59.28519568Z: - [37mCONFIG_NETFILTER_XT_MATCH_CONNTRACK[m: [32menabled[m
[STDERR  ] 2017-07-07T18:01:59.285209086Z: - [37mCONFIG_NETFILTER_XT_MATCH_IPVS[m: [32menabled[m
[STDERR  ] 2017-07-07T18:01:59.285213733Z: - [37mCONFIG_IP_NF_NAT[m: [32menabled[m
[STDERR  ] 2017-07-07T18:01:59.285227325Z: - [37mCONFIG_NF_NAT[m: [32menabled[m
[STDERR  ] 2017-07-07T18:01:59.285232108Z: - [37mCONFIG_NF_NAT_NEEDED[m: [32menabled[m
[STDERR  ] 2017-07-07T18:01:59.285246066Z: - [37mCONFIG_POSIX_MQUEUE[m: [32menabled[m
[STDERR  ] 2017-07-07T18:01:59.285259229Z: 
[STDERR  ] 2017-07-07T18:01:59.285268708Z: Optional Features:
[STDERR  ] 2017-07-07T18:01:59.285277721Z: - [37mCONFIG_USER_NS[m: [32menabled[m
[STDERR  ] 2017-07-07T18:01:59.285286712Z: - [37mCONFIG_SECCOMP[m: [32menabled[m
[STDERR  ] 2017-07-07T18:01:59.285298092Z: - [37mCONFIG_CGROUP_PIDS[m: [32menabled[m
[STDERR  ] 2017-07-07T18:01:59.285302955Z: - [37mCONFIG_MEMCG_SWAP[m: [32menabled[m
[STDERR  ] 2017-07-07T18:01:59.285311699Z: - [37mCONFIG_MEMCG_SWAP_ENABLED[m: [32menabled[m
[STDERR  ] 2017-07-07T18:01:59.285324241Z:     [1;30m(cgroup swap accounting is currently enabled)[m
[STDERR  ] 2017-07-07T18:01:59.285332801Z: - [1mCONFIG_LEGACY_VSYSCALL_NONE[m: [1;31menabled[m
[STDERR  ] 2017-07-07T18:01:59.285342151Z:     [1;30m(containers using eglibc <= 2.13 will not work. Switch to[m
[STDERR  ] 2017-07-07T18:01:59.285347072Z:     [1;30m "CONFIG_VSYSCALL_[NATIVE|EMULATE]" or use "vsyscall=[native|emulate]"[m
[STDERR  ] 2017-07-07T18:01:59.285356076Z:     [1;30m on kernel command line. Note that this will disable ASLR for the,[m
[STDERR  ] 2017-07-07T18:01:59.285369059Z:     [1;30m VDSO which may assist in exploiting security vulnerabilities.)[m
[STDERR  ] 2017-07-07T18:01:59.285383495Z: - [37mCONFIG_BLK_CGROUP[m: [32menabled[m
[STDERR  ] 2017-07-07T18:01:59.285394841Z: - [37mCONFIG_BLK_DEV_THROTTLING[m: [32menabled[m
[STDERR  ] 2017-07-07T18:01:59.285403873Z: - [37mCONFIG_IOSCHED_CFQ[m: [32menabled[m
[STDERR  ] 2017-07-07T18:01:59.285412789Z: - [37mCONFIG_CFQ_GROUP_IOSCHED[m: [32menabled[m
[STDERR  ] 2017-07-07T18:01:59.285421532Z: - [37mCONFIG_CGROUP_PERF[m: [32menabled[m
[STDERR  ] 2017-07-07T18:01:59.285430276Z: - [37mCONFIG_CGROUP_HUGETLB[m: [32menabled[m
[STDERR  ] 2017-07-07T18:01:59.285438703Z: - [37mCONFIG_NET_CLS_CGROUP[m: [32menabled[m
[STDERR  ] 2017-07-07T18:01:59.285443003Z: - [37mCONFIG_CGROUP_NET_PRIO[m: [32menabled[m
[STDERR  ] 2017-07-07T18:01:59.285456683Z: - [37mCONFIG_CFS_BANDWIDTH[m: [32menabled[m
[STDERR  ] 2017-07-07T18:01:59.285469793Z: - [37mCONFIG_FAIR_GROUP_SCHED[m: [32menabled[m
[STDERR  ] 2017-07-07T18:01:59.285478953Z: - [37mCONFIG_RT_GROUP_SCHED[m: [32menabled[m
[STDERR  ] 2017-07-07T18:01:59.285490033Z: - [37mCONFIG_IP_VS[m: [32menabled[m
[STDERR  ] 2017-07-07T18:01:59.285494352Z: - [37mCONFIG_IP_VS_NFCT[m: [32menabled[m
[STDERR  ] 2017-07-07T18:01:59.28550556Z: - [37mCONFIG_IP_VS_RR[m: [32menabled[m
[STDERR  ] 2017-07-07T18:01:59.285508252Z: - [37mCONFIG_EXT4_FS[m: [32menabled[m
[STDERR  ] 2017-07-07T18:01:59.285516144Z: - [37mCONFIG_EXT4_FS_POSIX_ACL[m: [32menabled[m
[STDERR  ] 2017-07-07T18:01:59.285518872Z: - [37mCONFIG_EXT4_FS_SECURITY[m: [32menabled[m
[STDERR  ] 2017-07-07T18:01:59.285529104Z: - Network Drivers:
[STDERR  ] 2017-07-07T18:01:59.285539416Z:   - "[34moverlay[m":
[STDERR  ] 2017-07-07T18:01:59.28554463Z:     - [37mCONFIG_VXLAN[m: [32menabled[m
[STDERR  ] 2017-07-07T18:01:59.285551469Z:       Optional (for encrypted networks):
[STDERR  ] 2017-07-07T18:01:59.285556777Z:       - [37mCONFIG_CRYPTO[m: [32menabled[m
[STDERR  ] 2017-07-07T18:01:59.285559496Z:       - [37mCONFIG_CRYPTO_AEAD[m: [32menabled[m
[STDERR  ] 2017-07-07T18:01:59.285573122Z:       - [37mCONFIG_CRYPTO_GCM[m: [32menabled[m
[STDERR  ] 2017-07-07T18:01:59.285581066Z:       - [37mCONFIG_CRYPTO_SEQIV[m: [32menabled[m
[STDERR  ] 2017-07-07T18:01:59.285586217Z:       - [37mCONFIG_CRYPTO_GHASH[m: [32menabled[m
[STDERR  ] 2017-07-07T18:01:59.285591392Z:       - [37mCONFIG_XFRM[m: [32menabled[m
[STDERR  ] 2017-07-07T18:01:59.285600194Z:       - [37mCONFIG_XFRM_USER[m: [32menabled (as module)[m
[STDERR  ] 2017-07-07T18:01:59.285607866Z:       - [37mCONFIG_XFRM_ALGO[m: [32menabled (as module)[m
[STDERR  ] 2017-07-07T18:01:59.28561312Z:       - [37mCONFIG_INET_ESP[m: [32menabled (as module)[m
[STDERR  ] 2017-07-07T18:01:59.285621497Z:       - [37mCONFIG_INET_XFRM_MODE_TRANSPORT[m: [32menabled (as module)[m
[STDERR  ] 2017-07-07T18:01:59.28562432Z:   - "[34mipvlan[m":
[STDERR  ] 2017-07-07T18:01:59.285632119Z:     - [37mCONFIG_IPVLAN[m: [32menabled[m
[STDERR  ] 2017-07-07T18:01:59.285637402Z:   - "[34mmacvlan[m":
[STDERR  ] 2017-07-07T18:01:59.28564264Z:     - [37mCONFIG_MACVLAN[m: [32menabled[m
[STDERR  ] 2017-07-07T18:01:59.285650933Z:     - [37mCONFIG_DUMMY[m: [32menabled (as module)[m
[STDERR  ] 2017-07-07T18:01:59.285656303Z:   - "[34mftp,tftp client in container[m":
[STDERR  ] 2017-07-07T18:01:59.285658929Z:     - [37mCONFIG_NF_NAT_FTP[m: [32menabled[m
[STDERR  ] 2017-07-07T18:01:59.285666843Z:     - [37mCONFIG_NF_CONNTRACK_FTP[m: [32menabled[m
[STDERR  ] 2017-07-07T18:01:59.285674269Z:     - [37mCONFIG_NF_NAT_TFTP[m: [32menabled[m
[STDERR  ] 2017-07-07T18:01:59.285679667Z:     - [37mCONFIG_NF_CONNTRACK_TFTP[m: [32menabled[m
[STDERR  ] 2017-07-07T18:01:59.285684933Z: - Storage Drivers:
[STDERR  ] 2017-07-07T18:01:59.28569011Z:   - "[34maufs[m":
[STDERR  ] 2017-07-07T18:01:59.285695333Z:     - [1mCONFIG_AUFS_FS[m: [1;31mmissing[m
[STDERR  ] 2017-07-07T18:01:59.285698093Z:   - "[34mbtrfs[m":
[STDERR  ] 2017-07-07T18:01:59.285703185Z:     - [37mCONFIG_BTRFS_FS[m: [32menabled (as module)[m
[STDERR  ] 2017-07-07T18:01:59.285711027Z:     - [37mCONFIG_BTRFS_FS_POSIX_ACL[m: [32menabled[m
[STDERR  ] 2017-07-07T18:01:59.285716191Z:   - "[34mdevicemapper[m":
[STDERR  ] 2017-07-07T18:01:59.285723205Z:     - [37mCONFIG_BLK_DEV_DM[m: [32menabled[m
[STDERR  ] 2017-07-07T18:01:59.285725928Z:     - [37mCONFIG_DM_THIN_PROVISIONING[m: [32menabled[m
[STDERR  ] 2017-07-07T18:01:59.285730985Z:   - "[34moverlay[m":
[STDERR  ] 2017-07-07T18:01:59.285738797Z:     - [37mCONFIG_OVERLAY_FS[m: [32menabled[m
[STDERR  ] 2017-07-07T18:01:59.285744131Z:   - "[34mzfs[m":
[STDERR  ] 2017-07-07T18:01:59.285750905Z:     - [1m/dev/zfs[m: [1;31mmissing[m
[STDERR  ] 2017-07-07T18:01:59.285753608Z:     - [1mzfs command[m: [1;31mmissing[m
[STDERR  ] 2017-07-07T18:01:59.285761271Z:     - [1mzpool command[m: [1;31mmissing[m
[STDERR  ] 2017-07-07T18:01:59.285766535Z: 
[STDERR  ] 2017-07-07T18:01:59.285769191Z: Limits:
[STDERR  ] 2017-07-07T18:01:59.285777111Z: [37m- /proc/sys/kernel/keys/root_maxkeys[m: [32m1000000[m
[STDERR  ] 2017-07-07T18:01:59.285782321Z: 
[STDERR  ] 2017-07-07T18:01:59.285787533Z: Kernel config test suite PASSED
[STDERR  ] 2017-07-07T18:01:59.285792683Z:  - 000-check-kernel-config
[STDERR  ] 2017-07-07T18:01:59.285795428Z: [   57.184583] ACPI: Preparing to enter system sleep state S5
[STDERR  ] 2017-07-07T18:01:59.28581168Z: [   57.186103] reboot: Power down
[STDERR  ] 2017-07-07T18:01:59.285819863Z: + grep -q suite PASSED
[STDERR  ] 2017-07-07T18:01:59.285822765Z: + echo [    0.000000] Linux version 4.9.35-linuxkit (root@b147ce67977e) (gcc version 6.3.0 (Alpine 6.3.0) ) #1 SMP Fri Jun 30 14:24:51 UTC 2017
[STDERR  ] 2017-07-07T18:01:59.285831453Z: [    0.000000] Command line: console=ttyS0
[STDERR  ] 2017-07-07T18:01:59.285839521Z: [    0.000000] x86/fpu: Legacy x87 FPU detected.
[STDERR  ] 2017-07-07T18:01:59.285844758Z: [    0.000000] x86/fpu: Using 'eager' FPU context switches.
[STDERR  ] 2017-07-07T18:01:59.285849947Z: [    0.000000] e820: BIOS-provided physical RAM map:
[STDERR  ] 2017-07-07T18:01:59.285855274Z: [    0.000000] BIOS-e820: [mem 0x0000000000000000-0x000000000009fbff] usable
[STDERR  ] 2017-07-07T18:01:59.285858031Z: [    0.000000] BIOS-e820: [mem 0x000000000009fc00-0x000000000009ffff] reserved
[STDERR  ] 2017-07-07T18:01:59.285863247Z: [    0.000000] BIOS-e820: [mem 0x00000000000f0000-0x00000000000fffff] reserved
[STDERR  ] 2017-07-07T18:01:59.285871164Z: [    0.000000] BIOS-e820: [mem 0x0000000000100000-0x000000003ffdefff] usable
[STDERR  ] 2017-07-07T18:01:59.285876468Z: [    0.000000] BIOS-e820: [mem 0x000000003ffdf000-0x000000003fffffff] reserved
[STDERR  ] 2017-07-07T18:01:59.285881765Z: [    0.000000] BIOS-e820: [mem 0x00000000b0000000-0x00000000bfffffff] reserved
[STDERR  ] 2017-07-07T18:01:59.285889558Z: [    0.000000] BIOS-e820: [mem 0x00000000fed1c000-0x00000000fed1ffff] reserved
[STDERR  ] 2017-07-07T18:01:59.285896504Z: [    0.000000] BIOS-e820: [mem 0x00000000fffc0000-0x00000000ffffffff] reserved
[STDERR  ] 2017-07-07T18:01:59.285905855Z: [    0.000000] NX (Execute Disable) protection: active
[STDERR  ] 2017-07-07T18:01:59.285911271Z: [    0.000000] SMBIOS 2.8 present.
[STDERR  ] 2017-07-07T18:01:59.285913994Z: [    0.000000] e820: last_pfn = 0x3ffdf max_arch_pfn = 0x400000000
[STDERR  ] 2017-07-07T18:01:59.285921713Z: [    0.000000] x86/PAT: Configuration [0-7]: WB  WC  UC- UC  WB  WC  UC- WT  
[STDERR  ] 2017-07-07T18:01:59.285924404Z: [    0.000000] found SMP MP-table at [mem 0x000f6aa0-0x000f6aaf] mapped at [ffff8853800f6aa0]
[STDERR  ] 2017-07-07T18:01:59.285933888Z: [    0.000000] RAMDISK: [mem 0x3d61e000-0x3ffcffff]
[STDERR  ] 2017-07-07T18:01:59.285939224Z: [    0.000000] ACPI: Early table checksum verification disabled
[STDERR  ] 2017-07-07T18:01:59.285944478Z: [    0.000000] ACPI: RSDP 0x00000000000F68C0 000014 (v00 BOCHS )
[STDERR  ] 2017-07-07T18:01:59.285951301Z: [    0.000000] ACPI: RSDT 0x000000003FFE2404 000034 (v01 BOCHS  BXPCRSDT 00000001 BXPC 00000001)
[STDERR  ] 2017-07-07T18:01:59.285956669Z: [    0.000000] ACPI: FACP 0x000000003FFE22A4 000074 (v01 BOCHS  BXPCFACP 00000001 BXPC 00000001)
[STDERR  ] 2017-07-07T18:01:59.285961936Z: [    0.000000] ACPI: DSDT 0x000000003FFE0040 002264 (v01 BOCHS  BXPCDSDT 00000001 BXPC 00000001)
[STDERR  ] 2017-07-07T18:01:59.285968592Z: [    0.000000] ACPI: FACS 0x000000003FFE0000 000040
[STDERR  ] 2017-07-07T18:01:59.285973895Z: [    0.000000] ACPI: APIC 0x000000003FFE2318 000078 (v01 BOCHS  BXPCAPIC 00000001 BXPC 00000001)
[STDERR  ] 2017-07-07T18:01:59.285979136Z: [    0.000000] ACPI: HPET 0x000000003FFE2390 000038 (v01 BOCHS  BXPCHPET 00000001 BXPC 00000001)
[STDERR  ] 2017-07-07T18:01:59.285986698Z: [    0.000000] ACPI: MCFG 0x000000003FFE23C8 00003C (v01 BOCHS  BXPCMCFG 00000001 BXPC 00000001)
[STDERR  ] 2017-07-07T18:01:59.285989541Z: [    0.000000] Zone ranges:
[STDERR  ] 2017-07-07T18:01:59.285994656Z: [    0.000000]   DMA      [mem 0x0000000000001000-0x0000000000ffffff]
[STDERR  ] 2017-07-07T18:01:59.286002581Z: [    0.000000]   DMA32    [mem 0x0000000001000000-0x000000003ffdefff]
[STDERR  ] 2017-07-07T18:01:59.286007789Z: [    0.000000]   Normal   empty
[STDERR  ] 2017-07-07T18:01:59.286010539Z: [    0.000000] Movable zone start for each node
[STDERR  ] 2017-07-07T18:01:59.286018271Z: [    0.000000] Early memory node ranges
[STDERR  ] 2017-07-07T18:01:59.286020899Z: [    0.000000]   node   0: [mem 0x0000000000001000-0x000000000009efff]
[STDERR  ] 2017-07-07T18:01:59.286028665Z: [    0.000000]   node   0: [mem 0x0000000000100000-0x000000003ffdefff]
[STDERR  ] 2017-07-07T18:01:59.286036695Z: [    0.000000] Initmem setup node 0 [mem 0x0000000000001000-0x000000003ffdefff]
[STDERR  ] 2017-07-07T18:01:59.286042269Z: [    0.000000] ACPI: PM-Timer IO Port: 0x608
[STDERR  ] 2017-07-07T18:01:59.286047628Z: [    0.000000] ACPI: LAPIC_NMI (acpi_id[0xff] dfl dfl lint[0x1])
[STDERR  ] 2017-07-07T18:01:59.286055244Z: [    0.000000] IOAPIC[0]: apic_id 0, version 32, address 0xfec00000, GSI 0-23
[STDERR  ] 2017-07-07T18:01:59.286064812Z: [    0.000000] ACPI: INT_SRC_OVR (bus 0 bus_irq 0 global_irq 2 dfl dfl)
[STDERR  ] 2017-07-07T18:01:59.286072265Z: [    0.000000] ACPI: INT_SRC_OVR (bus 0 bus_irq 5 global_irq 5 high level)
[STDERR  ] 2017-07-07T18:01:59.286077552Z: [    0.000000] ACPI: INT_SRC_OVR (bus 0 bus_irq 9 global_irq 9 high level)
[STDERR  ] 2017-07-07T18:01:59.286080351Z: [    0.000000] ACPI: INT_SRC_OVR (bus 0 bus_irq 10 global_irq 10 high level)
[STDERR  ] 2017-07-07T18:01:59.286087988Z: [    0.000000] ACPI: INT_SRC_OVR (bus 0 bus_irq 11 global_irq 11 high level)
[STDERR  ] 2017-07-07T18:01:59.286090655Z: [    0.000000] Using ACPI (MADT) for SMP configuration information
[STDERR  ] 2017-07-07T18:01:59.286098559Z: [    0.000000] ACPI: HPET id: 0x8086a201 base: 0xfed00000
[STDERR  ] 2017-07-07T18:01:59.286106621Z: [    0.000000] smpboot: Allowing 1 CPUs, 0 hotplug CPUs
[STDERR  ] 2017-07-07T18:01:59.286111925Z: [    0.000000] e820: [mem 0x40000000-0xafffffff] available for PCI devices
[STDERR  ] 2017-07-07T18:01:59.286117185Z: [    0.000000] Booting paravirtualized kernel on bare hardware
[STDERR  ] 2017-07-07T18:01:59.286124178Z: [    0.000000] clocksource: refined-jiffies: mask: 0xffffffff max_cycles: 0xffffffff, max_idle_ns: 19112604462750000 ns
[STDERR  ] 2017-07-07T18:01:59.286129666Z: [    0.000000] setup_percpu: NR_CPUS:128 nr_cpumask_bits:128 nr_cpu_ids:1 nr_node_ids:1
[STDERR  ] 2017-07-07T18:01:59.286135095Z: [    0.000000] percpu: Embedded 35 pages/cpu @ffff8853bd400000 s105112 r8192 d30056 u2097152
[STDERR  ] 2017-07-07T18:01:59.286140354Z: [    0.000000] Built 1 zonelists in Zone order, mobility grouping on.  Total pages: 257896
[STDERR  ] 2017-07-07T18:01:59.286145561Z: [    0.000000] Kernel command line: console=ttyS0
[STDERR  ] 2017-07-07T18:01:59.286153131Z: [    0.000000] PID hash table entries: 4096 (order: 3, 32768 bytes)
[STDERR  ] 2017-07-07T18:01:59.286158571Z: [    0.000000] Dentry cache hash table entries: 131072 (order: 8, 1048576 bytes)
[STDERR  ] 2017-07-07T18:01:59.286161291Z: [    0.000000] Inode-cache hash table entries: 65536 (order: 7, 524288 bytes)
[STDERR  ] 2017-07-07T18:01:59.286170854Z: [    0.000000] Memory: 971484K/1048052K available (8019K kernel code, 1366K rwdata, 2692K rodata, 1372K init, 568K bss, 76568K reserved, 0K cma-reserved)
[STDERR  ] 2017-07-07T18:01:59.286173742Z: [    0.000000] Hierarchical RCU implementation.
[STDERR  ] 2017-07-07T18:01:59.286181512Z: [    0.000000] 	Build-time adjustment of leaf fanout to 64.
[STDERR  ] 2017-07-07T18:01:59.286186762Z: [    0.000000] 	RCU restricting CPUs from NR_CPUS=128 to nr_cpu_ids=1.
[STDERR  ] 2017-07-07T18:01:59.286189479Z: [    0.000000] RCU: Adjusting geometry for rcu_fanout_leaf=64, nr_cpu_ids=1
[STDERR  ] 2017-07-07T18:01:59.286194532Z: [    0.000000] NR_IRQS:8448 nr_irqs:256 16
[STDERR  ] 2017-07-07T18:01:59.286204675Z: [    0.000000] Console: colour VGA+ 80x25
[STDERR  ] 2017-07-07T18:01:59.28620958Z: [    0.000000] console [ttyS0] enabled
[STDERR  ] 2017-07-07T18:01:59.28621752Z: [    0.000000] clocksource: hpet: mask: 0xffffffff max_cycles: 0xffffffff, max_idle_ns: 19112604467 ns
[STDERR  ] 2017-07-07T18:01:59.286222896Z: [    0.000000] tsc: Fast TSC calibration using PIT
[STDERR  ] 2017-07-07T18:01:59.286225512Z: [    0.000000] tsc: Detected 2599.992 MHz processor
[STDERR  ] 2017-07-07T18:01:59.286233429Z: [    0.032441] Calibrating delay loop (skipped), value calculated using timer frequency.. 5199.98 BogoMIPS (lpj=25999920)
[STDERR  ] 2017-07-07T18:01:59.286236262Z: [    0.033275] pid_max: default: 32768 minimum: 301
[STDERR  ] 2017-07-07T18:01:59.286241419Z: [    0.034197] ACPI: Core revision 20160831
[STDERR  ] 2017-07-07T18:01:59.286252256Z: [    0.080432] ACPI: 1 ACPI AML tables successfully acquired and loaded
[STDERR  ] 2017-07-07T18:01:59.28625761Z: [    0.085103] Security Framework initialized
[STDERR  ] 2017-07-07T18:01:59.286262872Z: [    0.085381] Yama: becoming mindful.
[STDERR  ] 2017-07-07T18:01:59.286268136Z: [    0.087377] Mount-cache hash table entries: 2048 (order: 2, 16384 bytes)
[STDERR  ] 2017-07-07T18:01:59.286273452Z: [    0.087689] Mountpoint-cache hash table entries: 2048 (order: 2, 16384 bytes)
[STDERR  ] 2017-07-07T18:01:59.286278807Z: [    0.106825] Last level iTLB entries: 4KB 0, 2MB 0, 4MB 0
[STDERR  ] 2017-07-07T18:01:59.286284067Z: [    0.107080] Last level dTLB entries: 4KB 0, 2MB 0, 4MB 0, 1GB 0
[STDERR  ] 2017-07-07T18:01:59.2862893Z: [    0.443440] Freeing SMP alternatives memory: 20K (ffffffffa2eae000 - ffffffffa2eb3000)
[STDERR  ] 2017-07-07T18:01:59.286294603Z: [    0.454242] ftrace: allocating 35425 entries in 139 pages
[STDERR  ] 2017-07-07T18:01:59.286301973Z: [    0.628161] smpboot: Max logical packages: 1
[STDERR  ] 2017-07-07T18:01:59.286309179Z: [    0.635636] ..TIMER: vector=0x30 apic1=0 pin1=2 apic2=-1 pin2=-1
[STDERR  ] 2017-07-07T18:01:59.286314466Z: [    0.740000] smpboot: CPU0: AMD QEMU Virtual CPU version 2.5+ (family: 0x6, model: 0x6, stepping: 0x3)
[STDERR  ] 2017-07-07T18:01:59.286327605Z: [    0.740000] Performance Events: PMU not available due to virtualization, using software events only.
[STDERR  ] 2017-07-07T18:01:59.286333085Z: [    0.750387] NMI watchdog: disabled (cpu0): hardware events not enabled
[STDERR  ] 2017-07-07T18:01:59.286338396Z: [    0.750826] NMI watchdog: Shutting down hard lockup detector on all cpus
[STDERR  ] 2017-07-07T18:01:59.286343669Z: [    0.754625] x86: Booted up 1 node, 1 CPUs
[STDERR  ] 2017-07-07T18:01:59.286351982Z: [    0.755014] smpboot: Total of 1 processors activated (5199.98 BogoMIPS)
[STDERR  ] 2017-07-07T18:01:59.286354789Z: [    0.768641] devtmpfs: initialized
[STDERR  ] 2017-07-07T18:01:59.286361713Z: [    0.775733] x86/mm: Memory block size: 128MB
[STDERR  ] 2017-07-07T18:01:59.286371333Z: [    0.847764] clocksource: jiffies: mask: 0xffffffff max_cycles: 0xffffffff, max_idle_ns: 19112604462750000 ns
[STDERR  ] 2017-07-07T18:01:59.286376626Z: [    0.848754] futex hash table entries: 256 (order: 2, 16384 bytes)
[STDERR  ] 2017-07-07T18:01:59.286383412Z: [    0.858947] NET: Registered protocol family 16
[STDERR  ] 2017-07-07T18:01:59.286388676Z: [    0.869468] cpuidle: using governor ladder
[STDERR  ] 2017-07-07T18:01:59.286393886Z: [    0.870179] cpuidle: using governor menu
[STDERR  ] 2017-07-07T18:01:59.286399116Z: [    0.871577] ACPI: bus type PCI registered
[STDERR  ] 2017-07-07T18:01:59.286404402Z: [    0.874455] PCI: MMCONFIG for domain 0000 [bus 00-ff] at [mem 0xb0000000-0xbfffffff] (base 0xb0000000)
[STDERR  ] 2017-07-07T18:01:59.286409719Z: [    0.874997] PCI: MMCONFIG at [mem 0xb0000000-0xbfffffff] reserved in E820
[STDERR  ] 2017-07-07T18:01:59.286414995Z: [    0.876174] PCI: Using configuration type 1 for base access
[STDERR  ] 2017-07-07T18:01:59.286417713Z: [    0.935917] HugeTLB registered 2 MB page size, pre-allocated 0 pages
[STDERR  ] 2017-07-07T18:01:59.286422842Z: [    0.948483] ACPI: Added _OSI(Module Device)
[STDERR  ] 2017-07-07T18:01:59.286430683Z: [    0.948896] ACPI: Added _OSI(Processor Device)
[STDERR  ] 2017-07-07T18:01:59.286435863Z: [    0.949163] ACPI: Added _OSI(3.0 _SCP Extensions)
[STDERR  ] 2017-07-07T18:01:59.286442538Z: [    0.949489] ACPI: Added _OSI(Processor Aggregator Device)
[STDERR  ] 2017-07-07T18:01:59.286447817Z: [    1.044328] ACPI: Interpreter enabled
[STDERR  ] 2017-07-07T18:01:59.286452911Z: [    1.045445] ACPI: (supports S0 S5)
[STDERR  ] 2017-07-07T18:01:59.286460383Z: [    1.045784] ACPI: Using IOAPIC for interrupt routing
[STDERR  ] 2017-07-07T18:01:59.28646563Z: [    1.048634] PCI: Using host bridge windows from ACPI; if necessary, use "pci=nocrs" and report a bug
[STDERR  ] 2017-07-07T18:01:59.286473854Z: [    1.153947] ACPI: PCI Root Bridge [PCI0] (domain 0000 [bus 00-ff])
[STDERR  ] 2017-07-07T18:01:59.286476751Z: [    1.155204] acpi PNP0A08:00: _OSC: OS supports [ExtendedConfig ASPM ClockPM Segments MSI]
[STDERR  ] 2017-07-07T18:01:59.286482123Z: [    1.164231] acpi PNP0A08:00: _OSC: OS now controls [PCIeHotplug PME PCIeCapability]
[STDERR  ] 2017-07-07T18:01:59.286490018Z: [    1.170135] PCI host bridge to bus 0000:00
[STDERR  ] 2017-07-07T18:01:59.286492726Z: [    1.170688] pci_bus 0000:00: root bus resource [io  0x0000-0x0cf7 window]
[STDERR  ] 2017-07-07T18:01:59.286497901Z: [    1.171088] pci_bus 0000:00: root bus resource [io  0x0d00-0xffff window]
[STDERR  ] 2017-07-07T18:01:59.286508327Z: [    1.171493] pci_bus 0000:00: root bus resource [mem 0x000a0000-0x000bffff window]
[STDERR  ] 2017-07-07T18:01:59.286516057Z: [    1.171951] pci_bus 0000:00: root bus resource [mem 0xc0000000-0xfebfffff window]
[STDERR  ] 2017-07-07T18:01:59.286521341Z: [    1.172544] pci_bus 0000:00: root bus resource [bus 00-ff]
[STDERR  ] 2017-07-07T18:01:59.286524098Z: [    1.331805] pci 0000:00:1f.0: quirk: [io  0x0600-0x067f] claimed by ICH6 ACPI/GPIO/TCO
[STDERR  ] 2017-07-07T18:01:59.286533533Z: [    1.423536] ACPI: PCI Interrupt Link [LNKA] (IRQs 5 *10 11)
[STDERR  ] 2017-07-07T18:01:59.286540647Z: [    1.426562] ACPI: PCI Interrupt Link [LNKB] (IRQs 5 *10 11)
[STDERR  ] 2017-07-07T18:01:59.286548523Z: [    1.429423] ACPI: PCI Interrupt Link [LNKC] (IRQs 5 10 *11)
[STDERR  ] 2017-07-07T18:01:59.28655375Z: [    1.432386] ACPI: PCI Interrupt Link [LNKD] (IRQs 5 10 *11)
[STDERR  ] 2017-07-07T18:01:59.286559007Z: [    1.434924] ACPI: PCI Interrupt Link [LNKE] (IRQs 5 *10 11)
[STDERR  ] 2017-07-07T18:01:59.286564168Z: [    1.437446] ACPI: PCI Interrupt Link [LNKF] (IRQs 5 *10 11)
[STDERR  ] 2017-07-07T18:01:59.286571904Z: [    1.440266] ACPI: PCI Interrupt Link [LNKG] (IRQs 5 10 *11)
[STDERR  ] 2017-07-07T18:01:59.286574723Z: [    1.442808] ACPI: PCI Interrupt Link [LNKH] (IRQs 5 10 *11)
[STDERR  ] 2017-07-07T18:01:59.28658237Z: [    1.443918] ACPI: PCI Interrupt Link [GSIA] (IRQs *16)
[STDERR  ] 2017-07-07T18:01:59.286584967Z: [    1.444701] ACPI: PCI Interrupt Link [GSIB] (IRQs *17)
[STDERR  ] 2017-07-07T18:01:59.286592684Z: [    1.445484] ACPI: PCI Interrupt Link [GSIC] (IRQs *18)
[STDERR  ] 2017-07-07T18:01:59.286595383Z: [    1.446293] ACPI: PCI Interrupt Link [GSID] (IRQs *19)
[STDERR  ] 2017-07-07T18:01:59.286602963Z: [    1.447051] ACPI: PCI Interrupt Link [GSIE] (IRQs *20)
[STDERR  ] 2017-07-07T18:01:59.286608111Z: [    1.447843] ACPI: PCI Interrupt Link [GSIF] (IRQs *21)
[STDERR  ] 2017-07-07T18:01:59.286613248Z: [    1.448620] ACPI: PCI Interrupt Link [GSIG] (IRQs *22)
[STDERR  ] 2017-07-07T18:01:59.28661991Z: [    1.449381] ACPI: PCI Interrupt Link [GSIH] (IRQs *23)
[STDERR  ] 2017-07-07T18:01:59.286625136Z: [    1.455443] ACPI: Enabled 2 GPEs in block 00 to 3F
[STDERR  ] 2017-07-07T18:01:59.286630348Z: [    1.462605] SCSI subsystem initialized
[STDERR  ] 2017-07-07T18:01:59.286635518Z: [    1.465397] ACPI: bus type USB registered
[STDERR  ] 2017-07-07T18:01:59.286640648Z: [    1.466984] usbcore: registered new interface driver usbfs
[STDERR  ] 2017-07-07T18:01:59.2866458Z: [    1.468215] usbcore: registered new interface driver hub
[STDERR  ] 2017-07-07T18:01:59.286648408Z: [    1.469273] usbcore: registered new device driver usb
[STDERR  ] 2017-07-07T18:01:59.286657596Z: [    1.471040] pps_core: LinuxPPS API ver. 1 registered
[STDERR  ] 2017-07-07T18:01:59.28666033Z: [    1.471323] pps_core: Software ver. 5.3.6 - Copyright 2005-2007 Rodolfo Giometti <giometti@linux.it>
[STDERR  ] 2017-07-07T18:01:59.286665587Z: [    1.472049] PTP clock support registered
[STDERR  ] 2017-07-07T18:01:59.286674623Z: [    1.473688] wmi: Mapper loaded
[STDERR  ] 2017-07-07T18:01:59.286679767Z: [    1.475316] PCI: Using ACPI for IRQ routing
[STDERR  ] 2017-07-07T18:01:59.286684909Z: [    1.507703] NetLabel: Initializing
[STDERR  ] 2017-07-07T18:01:59.286690112Z: [    1.507950] NetLabel:  domain hash size = 128
[STDERR  ] 2017-07-07T18:01:59.286692869Z: [    1.508281] NetLabel:  protocols = UNLABELED CIPSOv4
[STDERR  ] 2017-07-07T18:01:59.286703078Z: [    1.511307] NetLabel:  unlabeled traffic allowed by default
[STDERR  ] 2017-07-07T18:01:59.286712742Z: [    1.512498] HPET: 3 timers in total, 0 timers will be used for per-cpu timer
[STDERR  ] 2017-07-07T18:01:59.286715511Z: [    1.513346] hpet0: at MMIO 0xfed00000, IRQs 2, 8, 0
[STDERR  ] 2017-07-07T18:01:59.286720665Z: [    1.513964] hpet0: 3 comparators, 64-bit 100.000000 MHz counter
[STDERR  ] 2017-07-07T18:01:59.286730981Z: [    1.519453] clocksource: Switched to clocksource hpet
[STDERR  ] 2017-07-07T18:01:59.286733751Z: [    2.032487] VFS: Disk quotas dquot_6.6.0
[STDERR  ] 2017-07-07T18:01:59.286738814Z: [    2.033445] VFS: Dquot-cache hash table entries: 512 (order 0, 4096 bytes)
[STDERR  ] 2017-07-07T18:01:59.286750522Z: [    2.037491] FS-Cache: Loaded
[STDERR  ] 2017-07-07T18:01:59.286753259Z: [    2.045599] CacheFiles: Loaded
[STDERR  ] 2017-07-07T18:01:59.286758388Z: [    2.048134] pnp: PnP ACPI init
[STDERR  ] 2017-07-07T18:01:59.286766135Z: [    2.066905] pnp: PnP ACPI: found 5 devices
[STDERR  ] 2017-07-07T18:01:59.286771471Z: [    2.144972] clocksource: acpi_pm: mask: 0xffffff max_cycles: 0xffffff, max_idle_ns: 2085701024 ns
[STDERR  ] 2017-07-07T18:01:59.286781322Z: [    2.149341] NET: Registered protocol family 2
[STDERR  ] 2017-07-07T18:01:59.286784094Z: [    2.161230] TCP established hash table entries: 8192 (order: 4, 65536 bytes)
[STDERR  ] 2017-07-07T18:01:59.286789321Z: [    2.162196] TCP bind hash table entries: 8192 (order: 5, 131072 bytes)
[STDERR  ] 2017-07-07T18:01:59.286807994Z: [    2.162991] TCP: Hash tables configured (established 8192 bind 8192)
[STDERR  ] 2017-07-07T18:01:59.286815468Z: [    2.165470] UDP hash table entries: 512 (order: 2, 16384 bytes)
[STDERR  ] 2017-07-07T18:01:59.286820771Z: [    2.166127] UDP-Lite hash table entries: 512 (order: 2, 16384 bytes)
[STDERR  ] 2017-07-07T18:01:59.286828818Z: [    2.169633] NET: Registered protocol family 1
[STDERR  ] 2017-07-07T18:01:59.286835731Z: [    2.171255] pci 0000:00:01.0: Video device with shadowed ROM at [mem 0x000c0000-0x000dffff]
[STDERR  ] 2017-07-07T18:01:59.286841211Z: [    2.184626] Unpacking initramfs...
[STDERR  ] 2017-07-07T18:01:59.286846432Z: [   10.221519] Freeing initrd memory: 42696K (ffff8853bd61e000 - ffff8853bffd0000)
[STDERR  ] 2017-07-07T18:01:59.286851751Z: [   10.248818] PCLMULQDQ-NI instructions are not detected.
[STDERR  ] 2017-07-07T18:01:59.286856954Z: [   10.250908] AVX or AES-NI instructions are not detected.
[STDERR  ] 2017-07-07T18:01:59.286862187Z: [   10.251430] CPU feature 'AVX registers' is not supported.
[STDERR  ] 2017-07-07T18:01:59.286867327Z: [   10.251873] CPU feature 'AVX registers' is not supported.
[STDERR  ] 2017-07-07T18:01:59.286872451Z: [   10.252284] CPU feature 'AVX registers' is not supported.
[STDERR  ] 2017-07-07T18:01:59.286877539Z: [   10.252705] CPU feature 'AVX registers' is not supported.
[STDERR  ] 2017-07-07T18:01:59.286884274Z: [   10.253123] AVX2 or AES-NI instructions are not detected.
[STDERR  ] 2017-07-07T18:01:59.286889418Z: [   10.253550] AVX2 instructions are not detected.
[STDERR  ] 2017-07-07T18:01:59.286894719Z: [   10.259864] audit: initializing netlink subsys (disabled)
[STDERR  ] 2017-07-07T18:01:59.286899964Z: [   10.264495] audit: type=2000 audit(1499450470.260:1): initialized
[STDERR  ] 2017-07-07T18:01:59.286905202Z: [   10.272998] workingset: timestamp_bits=46 max_order=18 bucket_order=0
[STDERR  ] 2017-07-07T18:01:59.286910405Z: [   10.279764] FS-Cache: Netfs 'cifs' registered for caching
[STDERR  ] 2017-07-07T18:01:59.286913111Z: [   10.281720] fuse init (API version 7.26)
[STDERR  ] 2017-07-07T18:01:59.286918265Z: [   10.284128] SGI XFS with ACLs, security attributes, no debug enabled
[STDERR  ] 2017-07-07T18:01:59.286928464Z: [   10.291123] 9p: Installing v9fs 9p2000 file system support
[STDERR  ] 2017-07-07T18:01:59.286933762Z: [   10.291664] FS-Cache: Netfs '9p' registered for caching
[STDERR  ] 2017-07-07T18:01:59.286936522Z: [   10.333216] NET: Registered protocol family 38
[STDERR  ] 2017-07-07T18:01:59.286947708Z: [   10.333906] Key type asymmetric registered
[STDERR  ] 2017-07-07T18:01:59.286950462Z: [   10.334315] Asymmetric key parser 'x509' registered
[STDERR  ] 2017-07-07T18:01:59.286958415Z: [   10.335445] Block layer SCSI generic (bsg) driver version 0.4 loaded (major 251)
[STDERR  ] 2017-07-07T18:01:59.286963739Z: [   10.337115] io scheduler noop registered
[STDERR  ] 2017-07-07T18:01:59.286970546Z: [   10.337526] io scheduler deadline registered (default)
[STDERR  ] 2017-07-07T18:01:59.286978808Z: [   10.338271] io scheduler cfq registered
[STDERR  ] 2017-07-07T18:01:59.286984058Z: [   10.343752] pci_hotplug: PCI Hot Plug PCI Core version: 0.5
[STDERR  ] 2017-07-07T18:01:59.286989335Z: [   10.344378] pciehp: PCI Express Hot Plug Controller Driver version: 0.4
[STDERR  ] 2017-07-07T18:01:59.286992136Z: [   10.345279] shpchp: Standard Hot Plug PCI Controller Driver version: 0.4
[STDERR  ] 2017-07-07T18:01:59.286997253Z: [   10.346174] hv_vmbus: registering driver hyperv_fb
[STDERR  ] 2017-07-07T18:01:59.287007606Z: [   10.349743] input: Power Button as /devices/LNXSYSTM:00/LNXPWRBN:00/input/input0
[STDERR  ] 2017-07-07T18:01:59.287012955Z: [   10.351339] ACPI: Power Button [PWRF]
[STDERR  ] 2017-07-07T18:01:59.287020855Z: [   10.356552] GHES: HEST is not enabled!
[STDERR  ] 2017-07-07T18:01:59.287026238Z: [   10.371234] ACPI: PCI Interrupt Link [GSIH] enabled at IRQ 23
[STDERR  ] 2017-07-07T18:01:59.28703149Z: [   10.379473] xenfs: not registering filesystem on non-xen platform
[STDERR  ] 2017-07-07T18:01:59.287036789Z: [   10.382271] Serial: 8250/16550 driver, 4 ports, IRQ sharing disabled
[STDERR  ] 2017-07-07T18:01:59.287039538Z: [   10.407300] 00:04: ttyS0 at I/O 0x3f8 (irq = 4, base_baud = 115200) is a 16550A
[STDERR  ] 2017-07-07T18:01:59.287047429Z: [   10.420689] Non-volatile memory driver v1.3
[STDERR  ] 2017-07-07T18:01:59.28706816Z: [   10.426973] Hangcheck: starting hangcheck timer 0.9.1 (tick is 180 seconds, margin is 60 seconds).
[STDERR  ] 2017-07-07T18:01:59.287074615Z: [   10.466174] loop: module loaded
[STDERR  ] 2017-07-07T18:01:59.287080028Z: [   10.484205] nbd: registered device at major 43
[STDERR  ] 2017-07-07T18:01:59.28708266Z: [   10.531495] lpc_ich 0000:00:1f.0: I/O space for GPIO uninitialized
[STDERR  ] 2017-07-07T18:01:59.287092289Z: [   10.533929] VMware PVSCSI driver - version 1.0.7.0-k
[STDERR  ] 2017-07-07T18:01:59.28709762Z: [   10.534890] hv_vmbus: registering driver hv_storvsc
[STDERR  ] 2017-07-07T18:01:59.287107673Z: [   10.546384] ACPI: PCI Interrupt Link [GSIA] enabled at IRQ 16
[STDERR  ] 2017-07-07T18:01:59.287113008Z: [   10.553164] ahci 0000:00:1f.2: AHCI 0001.0000 32 slots 6 ports 1.5 Gbps 0x3f impl SATA mode
[STDERR  ] 2017-07-07T18:01:59.287118279Z: [   10.553912] ahci 0000:00:1f.2: flags: 64bit ncq only 
[STDERR  ] 2017-07-07T18:01:59.287123555Z: [   10.575747] scsi host0: ahci
[STDERR  ] 2017-07-07T18:01:59.287128793Z: [   10.581601] scsi host1: ahci
[STDERR  ] 2017-07-07T18:01:59.287134036Z: [   10.585067] scsi host2: ahci
[STDERR  ] 2017-07-07T18:01:59.287141818Z: [   10.587825] scsi host3: ahci
[STDERR  ] 2017-07-07T18:01:59.287146983Z: [   10.590400] scsi host4: ahci
[STDERR  ] 2017-07-07T18:01:59.28715215Z: [   10.592884] scsi host5: ahci
[STDERR  ] 2017-07-07T18:01:59.287157446Z: [   10.594770] ata1: SATA max UDMA/133 abar m4096@0xfebf1000 port 0xfebf1100 irq 24
[STDERR  ] 2017-07-07T18:01:59.287164226Z: [   10.595317] ata2: SATA max UDMA/133 abar m4096@0xfebf1000 port 0xfebf1180 irq 24
[STDERR  ] 2017-07-07T18:01:59.287169399Z: [   10.595695] ata3: SATA max UDMA/133 abar m4096@0xfebf1000 port 0xfebf1200 irq 24
[STDERR  ] 2017-07-07T18:01:59.287174636Z: [   10.596153] ata4: SATA max UDMA/133 abar m4096@0xfebf1000 port 0xfebf1280 irq 24
[STDERR  ] 2017-07-07T18:01:59.287179774Z: [   10.596605] ata5: SATA max UDMA/133 abar m4096@0xfebf1000 port 0xfebf1300 irq 24
[STDERR  ] 2017-07-07T18:01:59.287184993Z: [   10.597026] ata6: SATA max UDMA/133 abar m4096@0xfebf1000 port 0xfebf1380 irq 24
[STDERR  ] 2017-07-07T18:01:59.287193479Z: [   10.611616] tun: Universal TUN/TAP device driver, 1.6
[STDERR  ] 2017-07-07T18:01:59.287198987Z: [   10.611968] tun: (C) 1999-2004 Max Krasnyansky <maxk@qualcomm.com>
[STDERR  ] 2017-07-07T18:01:59.287204294Z: [   10.614745] VMware vmxnet3 virtual NIC driver - version 1.4.a.0-k-NAPI
[STDERR  ] 2017-07-07T18:01:59.287211007Z: [   10.616055] hv_vmbus: registering driver hv_netvsc
[STDERR  ] 2017-07-07T18:01:59.28721642Z: [   10.616428] Fusion MPT base driver 3.04.20
[STDERR  ] 2017-07-07T18:01:59.2872192Z: [   10.616709] Copyright (c) 1999-2008 LSI Corporation
[STDERR  ] 2017-07-07T18:01:59.287224404Z: [   10.617372] Fusion MPT SPI Host driver 3.04.20
[STDERR  ] 2017-07-07T18:01:59.28723228Z: [   10.619493] i8042: PNP: PS/2 Controller [PNP0303:KBD,PNP0f13:MOU] at 0x60,0x64 irq 1,12
[STDERR  ] 2017-07-07T18:01:59.287237551Z: [   10.623875] serio: i8042 KBD port at 0x60,0x64 irq 1
[STDERR  ] 2017-07-07T18:01:59.287242707Z: [   10.624583] serio: i8042 AUX port at 0x60,0x64 irq 12
[STDERR  ] 2017-07-07T18:01:59.287247894Z: [   10.627749] hv_vmbus: registering driver hyperv_keyboard
[STDERR  ] 2017-07-07T18:01:59.287250611Z: [   10.629952] mousedev: PS/2 mouse device common for all mice
[STDERR  ] 2017-07-07T18:01:59.287255734Z: [   10.635333] input: AT Translated Set 2 keyboard as /devices/platform/i8042/serio0/input/input1
[STDERR  ] 2017-07-07T18:01:59.287266491Z: [   10.638244] input: PC Speaker as /devices/platform/pcspkr/input/input2
[STDERR  ] 2017-07-07T18:01:59.287271854Z: [   10.642495] rtc_cmos 00:00: RTC can wake from S4
[STDERR  ] 2017-07-07T18:01:59.287279684Z: [   10.645849] rtc_cmos 00:00: rtc core: registered rtc_cmos as rtc0
[STDERR  ] 2017-07-07T18:01:59.287286464Z: [   10.647306] rtc_cmos 00:00: alarms up to one day, y3k, 114 bytes nvram, hpet irqs
[STDERR  ] 2017-07-07T18:01:59.287289129Z: [   10.648042] i2c /dev entries driver
[STDERR  ] 2017-07-07T18:01:59.287297731Z: [   10.650504] device-mapper: ioctl: 4.35.0-ioctl (2016-06-23) initialised: dm-devel@redhat.com
[STDERR  ] 2017-07-07T18:01:59.28730792Z: [   10.655262] usbcore: registered new interface driver usbhid
[STDERR  ] 2017-07-07T18:01:59.287313253Z: [   10.655577] usbhid: USB HID core driver
[STDERR  ] 2017-07-07T18:01:59.287318461Z: [   10.656137] hv_utils: Registering HyperV Utility Driver
[STDERR  ] 2017-07-07T18:01:59.287323673Z: [   10.656447] hv_vmbus: registering driver hv_util
[STDERR  ] 2017-07-07T18:01:59.287328853Z: [   10.656757] hv_vmbus: registering driver hv_balloon
[STDERR  ] 2017-07-07T18:01:59.287337959Z: [   10.657306] oprofile: using NMI interrupt.
[STDERR  ] 2017-07-07T18:01:59.287343186Z: [   10.658482] GACT probability on
[STDERR  ] 2017-07-07T18:01:59.287348391Z: [   10.658977] Mirror/redirect action on
[STDERR  ] 2017-07-07T18:01:59.287353524Z: [   10.659808] Simple TC action Loaded
[STDERR  ] 2017-07-07T18:01:59.287358731Z: [   10.660806] u32 classifier
[STDERR  ] 2017-07-07T18:01:59.287363971Z: [   10.661015]     Performance counters on
[STDERR  ] 2017-07-07T18:01:59.287369161Z: [   10.661277]     input device check on
[STDERR  ] 2017-07-07T18:01:59.287374357Z: [   10.661499]     Actions configured
[STDERR  ] 2017-07-07T18:01:59.287377164Z: [   10.662043] Netfilter messages via NETLINK v0.30.
[STDERR  ] 2017-07-07T18:01:59.287386439Z: [   10.662787] nfnl_acct: registering with nfnetlink.
[STDERR  ] 2017-07-07T18:01:59.287391787Z: [   10.664197] nf_conntrack version 0.5.0 (8192 buckets, 32768 max)
[STDERR  ] 2017-07-07T18:01:59.287394433Z: [   10.667153] ctnetlink v0.93: registering with nfnetlink.
[STDERR  ] 2017-07-07T18:01:59.287407189Z: [   10.670593] nf_tables: (c) 2007-2009 Patrick McHardy <kaber@trash.net>
[STDERR  ] 2017-07-07T18:01:59.287412506Z: [   10.671426] nf_tables_compat: (c) 2012 Pablo Neira Ayuso <pablo@netfilter.org>
[STDERR  ] 2017-07-07T18:01:59.287417709Z: [   10.673890] xt_time: kernel timezone is -0000
[STDERR  ] 2017-07-07T18:01:59.287422929Z: [   10.674491] ip_set: protocol 6
[STDERR  ] 2017-07-07T18:01:59.287431088Z: [   10.675150] IPVS: Registered protocols (TCP, UDP, SCTP, AH, ESP)
[STDERR  ] 2017-07-07T18:01:59.287433997Z: [   10.675750] IPVS: Connection hash table configured (size=4096, memory=64Kbytes)
[STDERR  ] 2017-07-07T18:01:59.287439174Z: [   10.677466] IPVS: Creating netns size=2104 id=0
[STDERR  ] 2017-07-07T18:01:59.287449335Z: [   10.680804] IPVS: ipvs loaded.
[STDERR  ] 2017-07-07T18:01:59.287454568Z: [   10.681157] IPVS: [rr] scheduler registered.
[STDERR  ] 2017-07-07T18:01:59.287463405Z: [   10.681532] IPVS: [wrr] scheduler registered.
[STDERR  ] 2017-07-07T18:01:59.287468801Z: [   10.681816] IPVS: [lc] scheduler registered.
[STDERR  ] 2017-07-07T18:01:59.287474147Z: [   10.682118] IPVS: [wlc] scheduler registered.
[STDERR  ] 2017-07-07T18:01:59.287476854Z: [   10.682426] IPVS: [fo] scheduler registered.
[STDERR  ] 2017-07-07T18:01:59.287482027Z: [   10.682703] IPVS: [ovf] scheduler registered.
[STDERR  ] 2017-07-07T18:01:59.287489797Z: [   10.683178] IPVS: [lblc] scheduler registered.
[STDERR  ] 2017-07-07T18:01:59.287492522Z: [   10.683624] IPVS: [lblcr] scheduler registered.
[STDERR  ] 2017-07-07T18:01:59.287500192Z: [   10.683944] IPVS: [dh] scheduler registered.
[STDERR  ] 2017-07-07T18:01:59.287504084Z: [   10.684160] IPVS: [sh] scheduler registered.
[STDERR  ] 2017-07-07T18:01:59.287512002Z: [   10.684474] IPVS: [sed] scheduler registered.
[STDERR  ] 2017-07-07T18:01:59.287520098Z: [   10.684757] IPVS: [nq] scheduler registered.
[STDERR  ] 2017-07-07T18:01:59.287528455Z: [   10.685514] IPVS: ftp: loaded support on port[0] = 21
[STDERR  ] 2017-07-07T18:01:59.287533767Z: [   10.686402] ipip: IPv4 and MPLS over IPv4 tunneling driver
[STDERR  ] 2017-07-07T18:01:59.287536548Z: [   10.691275] gre: GRE over IPv4 demultiplexor driver
[STDERR  ] 2017-07-07T18:01:59.287544301Z: [   10.694148] ip_tables: (C) 2000-2006 Netfilter Core Team
[STDERR  ] 2017-07-07T18:01:59.287549617Z: [   10.697200] ipt_CLUSTERIP: ClusterIP Version 0.8 loaded successfully
[STDERR  ] 2017-07-07T18:01:59.287552271Z: [   10.697939] arp_tables: arp_tables: (C) 2002 David S. Miller
[STDERR  ] 2017-07-07T18:01:59.287561738Z: [   10.700765] NET: Registered protocol family 10
[STDERR  ] 2017-07-07T18:01:59.287564488Z: [   10.709938] ip6_tables: (C) 2000-2006 Netfilter Core Team
[STDERR  ] 2017-07-07T18:01:59.287572218Z: [   10.719104] NET: Registered protocol family 17
[STDERR  ] 2017-07-07T18:01:59.287574805Z: [   10.720786] Bridge firewalling registered
[STDERR  ] 2017-07-07T18:01:59.287582548Z: [   10.721305] Ebtables v2.0 registered
[STDERR  ] 2017-07-07T18:01:59.287585267Z: [   10.723143] 8021q: 802.1Q VLAN Support v1.8
[STDERR  ] 2017-07-07T18:01:59.287591958Z: [   10.724664] 9pnet: Installing 9P2000 support
[STDERR  ] 2017-07-07T18:01:59.287599807Z: [   10.726144] Key type dns_resolver registered
[STDERR  ] 2017-07-07T18:01:59.287605025Z: [   10.727016] microcode: AMD CPU family 0x6 not supported
[STDERR  ] 2017-07-07T18:01:59.287610255Z: [   10.731943] registered taskstats version 1
[STDERR  ] 2017-07-07T18:01:59.287615487Z: [   10.933875] Key type big_key registered
[STDERR  ] 2017-07-07T18:01:59.287620651Z: [   10.935616] ata2: SATA link down (SStatus 0 SControl 300)
[STDERR  ] 2017-07-07T18:01:59.28762589Z: [   10.938873] ata3: SATA link up 1.5 Gbps (SStatus 113 SControl 300)
[STDERR  ] 2017-07-07T18:01:59.287631124Z: [   10.941639] ata1: SATA link down (SStatus 0 SControl 300)
[STDERR  ] 2017-07-07T18:01:59.287636348Z: [   10.944506] ata3.00: ATAPI: QEMU DVD-ROM, 2.5+, max UDMA/100
[STDERR  ] 2017-07-07T18:01:59.287641594Z: [   10.945048] ata3.00: applying bridge limits
[STDERR  ] 2017-07-07T18:01:59.287644262Z: [   10.947202] ata3.00: configured for UDMA/100
[STDERR  ] 2017-07-07T18:01:59.28765429Z: [   10.967571] scsi 2:0:0:0: CD-ROM            QEMU     QEMU DVD-ROM     2.5+ PQ: 0 ANSI: 5
[STDERR  ] 2017-07-07T18:01:59.287659647Z: [   10.983312] ata4: SATA link down (SStatus 0 SControl 300)
[STDERR  ] 2017-07-07T18:01:59.287664824Z: [   10.983992] ata5: SATA link down (SStatus 0 SControl 300)
[STDERR  ] 2017-07-07T18:01:59.287672866Z: [   10.984523] ata6: SATA link down (SStatus 0 SControl 300)
[STDERR  ] 2017-07-07T18:01:59.287678386Z: [   11.003355] sr 2:0:0:0: [sr0] scsi3-mmc drive: 4x/4x cd/rw xa/form2 tray
[STDERR  ] 2017-07-07T18:01:59.287683668Z: [   11.004100] cdrom: Uniform CD-ROM driver Revision: 3.20
[STDERR  ] 2017-07-07T18:01:59.287691229Z: [   11.022399] sr 2:0:0:0: Attached scsi generic sg0 type 5
[STDERR  ] 2017-07-07T18:01:59.287699501Z: [   11.041565] Key type encrypted registered
[STDERR  ] 2017-07-07T18:01:59.287702211Z: [   11.047468] rtc_cmos 00:00: setting system clock to 2017-07-07 18:01:11 UTC (1499450471)
[STDERR  ] 2017-07-07T18:01:59.287710203Z: [   11.197087] Freeing unused kernel memory: 1372K (ffffffffa2d57000 - ffffffffa2eae000)
[STDERR  ] 2017-07-07T18:01:59.287712971Z: [   11.197723] Write protecting the kernel read-only data: 12288k
[STDERR  ] 2017-07-07T18:01:59.287720753Z: [   11.206042] Freeing unused kernel memory: 160K (ffff8853b27d8000 - ffff8853b2800000)
[STDERR  ] 2017-07-07T18:01:59.287723419Z: [   11.302162] Freeing unused kernel memory: 1404K (ffff8853b2aa1000 - ffff8853b2c00000)
[STDERR  ] 2017-07-07T18:01:59.287731299Z: [   11.303238] tsc: Refined TSC clocksource calibration: 2599.991 MHz
[STDERR  ] 2017-07-07T18:01:59.287734093Z: [   11.303807] clocksource: tsc: mask: 0xffffffffffffffff max_cycles: 0x257a339f942, max_idle_ns: 440795309996 ns
[STDERR  ] 2017-07-07T18:01:59.287745509Z: [   12.321139] clocksource: Switched to clocksource tsc
[STDERR  ] 2017-07-07T18:01:59.287754978Z: [   21.475629] e1000: Intel(R) PRO/1000 Network Driver - version 7.3.21-k8-NAPI
[STDERR  ] 2017-07-07T18:01:59.287760336Z: [   21.476181] e1000: Copyright (c) 1999-2006 Intel Corporation.
[STDERR  ] 2017-07-07T18:01:59.287765546Z: [   21.511086] ACPI: PCI Interrupt Link [GSIG] enabled at IRQ 22
[STDERR  ] 2017-07-07T18:01:59.287770813Z: [   21.911802] e1000 0000:00:02.0 eth0: (PCI:33MHz:32-bit) 52:54:00:12:34:56
[STDERR  ] 2017-07-07T18:01:59.287773636Z: [   21.912762] e1000 0000:00:02.0 eth0: Intel(R) PRO/1000 Network Connection
[STDERR  ] 2017-07-07T18:01:59.287778819Z: 
[STDERR  ] 2017-07-07T18:01:59.287786661Z: Starting containerd
[STDERR  ] 2017-07-07T18:01:59.287793368Z: 
[STDERR  ] 2017-07-07T18:01:59.287803533Z: Welcome to LinuxKit
[STDERR  ] 2017-07-07T18:01:59.287806319Z: 
[STDERR  ] 2017-07-07T18:01:59.287811492Z:                         ##         .
[STDERR  ] 2017-07-07T18:01:59.287819552Z:                   ## ## ##        ==
[STDERR  ] 2017-07-07T18:01:59.287824805Z:                ## ## ## ## ##    ===
[STDERR  ] 2017-07-07T18:01:59.287827573Z:            /"""""""""""""""""\___/ ===
[STDERR  ] 2017-07-07T18:01:59.287837166Z:           {                       /  ===-
[STDERR  ] 2017-07-07T18:01:59.287844936Z:            \______ O           __/
[STDERR  ] 2017-07-07T18:01:59.287850143Z:              \    \         __/
[STDERR  ] 2017-07-07T18:01:59.287855411Z:               \____\_______/
[STDERR  ] 2017-07-07T18:01:59.287860573Z: 
[STDERR  ] 2017-07-07T18:01:59.287865893Z: [34mINFO[0m[0000] starting containerd boot...                   [34mmodule[0m=containerd
[STDERR  ] 2017-07-07T18:01:59.287873069Z: [34mINFO[0m[0000] starting debug API...                         [34mdebug[0m="/run/containerd/debug.sock" [34mmodule[0m=containerd
[STDERR  ] 2017-07-07T18:01:59.287878416Z: [34mINFO[0m[0000] loading plugin "io.containerd.content.v1.content"...  [34mmodule[0m=containerd [34mtype[0m=io.containerd.content.v1
[STDERR  ] 2017-07-07T18:01:59.287883706Z: [34mINFO[0m[0000] loading plugin "io.containerd.snapshotter.v1.btrfs"...  [34mmodule[0m=containerd [34mtype[0m=io.containerd.snapshotter.v1
[STDERR  ] 2017-07-07T18:01:59.287889375Z: [34mINFO[0m[0000] loading plugin "io.containerd.snapshotter.v1.overlayfs"...  [34mmodule[0m=containerd [34mtype[0m=io.containerd.snapshotter.v1
[STDERR  ] 2017-07-07T18:01:59.287898051Z: [34mINFO[0m[0000] loading plugin "io.containerd.differ.v1.base-diff"...  [34mmodule[0m=containerd [34mtype[0m=io.containerd.differ.v1
[STDERR  ] 2017-07-07T18:01:59.287907978Z: [34mINFO[0m[0000] loading plugin "io.containerd.metadata.v1.bolt"...  [34mmodule[0m=containerd [34mtype[0m=io.containerd.metadata.v1
[STDERR  ] 2017-07-07T18:01:59.287915882Z: [34mINFO[0m[0000] loading plugin "io.containerd.grpc.v1.containers"...  [34mmodule[0m=containerd [34mtype[0m=io.containerd.grpc.v1
[STDERR  ] 2017-07-07T18:01:59.287918883Z: [34mINFO[0m[0000] loading plugin "io.containerd.grpc.v1.content"...  [34mmodule[0m=containerd [34mtype[0m=io.containerd.grpc.v1
[STDERR  ] 2017-07-07T18:01:59.287924089Z: [34mINFO[0m[0000] loading plugin "io.containerd.grpc.v1.diff"...  [34mmodule[0m=containerd [34mtype[0m=io.containerd.grpc.v1
[STDERR  ] 2017-07-07T18:01:59.287932207Z: [34mINFO[0m[0000] loading plugin "io.containerd.monitor.v1.cgroups"...  [34mmodule[0m=containerd [34mtype[0m=io.containerd.monitor.v1
[STDERR  ] 2017-07-07T18:01:59.28793493Z: [34mINFO[0m[0000] loading plugin "io.containerd.runtime.v1.linux"...  [34mmodule[0m=containerd [34mtype[0m=io.containerd.runtime.v1
[STDERR  ] 2017-07-07T18:01:59.287940186Z: [34mINFO[0m[0000] loading plugin "io.containerd.grpc.v1.tasks"...  [34mmodule[0m=containerd [34mtype[0m=io.containerd.grpc.v1
[STDERR  ] 2017-07-07T18:01:59.287948089Z: [34mINFO[0m[0000] loading plugin "io.containerd.grpc.v1.healthcheck"...  [34mmodule[0m=containerd [34mtype[0m=io.containerd.grpc.v1
[STDERR  ] 2017-07-07T18:01:59.287953444Z: [34mINFO[0m[0000] loading plugin "io.containerd.grpc.v1.images"...  [34mmodule[0m=containerd [34mtype[0m=io.containerd.grpc.v1
[STDERR  ] 2017-07-07T18:01:59.287958733Z: [34mINFO[0m[0000] loading plugin "io.containerd.grpc.v1.namespaces"...  [34mmodule[0m=containerd [34mtype[0m=io.containerd.grpc.v1
[STDERR  ] 2017-07-07T18:01:59.2879682Z: [34mINFO[0m[0000] loading plugin "io.containerd.grpc.v1.snapshots"...  [34mmodule[0m=containerd [34mtype[0m=io.containerd.grpc.v1
[STDERR  ] 2017-07-07T18:01:59.287973476Z: [   23.624425] random: fast init done
[STDERR  ] 2017-07-07T18:01:59.287976296Z: [34mINFO[0m[0000] loading plugin "io.containerd.grpc.v1.version"...  [34mmodule[0m=containerd [34mtype[0m=io.containerd.grpc.v1
[STDERR  ] 2017-07-07T18:01:59.287981436Z: [34mINFO[0m[0000] starting GRPC API server...                   [34mmodule[0m=containerd
[STDERR  ] 2017-07-07T18:01:59.287989434Z: [34mINFO[0m[0000] containerd successfully booted in 0.350390s   [34mmodule[0m=containerd
[STDERR  ] 2017-07-07T18:01:59.287994673Z: starting kernel config sanity test with /proc/config.gz
[STDERR  ] 2017-07-07T18:01:59.287997486Z: [   33.784513] RPC: Registered named UNIX socket transport module.
[STDERR  ] 2017-07-07T18:01:59.288002604Z: [   33.785077] RPC: Registered udp transport module.
[STDERR  ] 2017-07-07T18:01:59.288010507Z: [   33.785373] RPC: Registered tcp transport module.
[STDERR  ] 2017-07-07T18:01:59.288013319Z: [   33.785717] RPC: Registered tcp NFSv4.1 backchannel transport module.
[STDERR  ] 2017-07-07T18:01:59.288021117Z: [   33.916300] FS-Cache: Netfs 'nfs' registered for caching
[STDERR  ] 2017-07-07T18:01:59.288023773Z: [   34.036249] Installing knfsd (copyright (C) 1996 okir@monad.swb.de).
[STDERR  ] 2017-07-07T18:01:59.288031603Z: [   34.134009] ntfs: driver 2.1.32 [Flags: R/O MODULE].
[STDERR  ] 2017-07-07T18:01:59.288038503Z: kernel config test succeeded!
[STDERR  ] 2017-07-07T18:01:59.288046129Z: [37minfo: reading kernel config from /proc/config.gz ...[m
[STDERR  ] 2017-07-07T18:01:59.288051389Z: 
[STDERR  ] 2017-07-07T18:01:59.288054119Z: Generally Necessary:
[STDERR  ] 2017-07-07T18:01:59.288059269Z: - [37mcgroup hierarchy[m: [32mproperly mounted[m [/sys/fs/cgroup]
[STDERR  ] 2017-07-07T18:01:59.288067053Z: - [37mCONFIG_NAMESPACES[m: [32menabled[m
[STDERR  ] 2017-07-07T18:01:59.288072224Z: - [37mCONFIG_NET_NS[m: [32menabled[m
[STDERR  ] 2017-07-07T18:01:59.288079596Z: - [37mCONFIG_PID_NS[m: [32menabled[m
[STDERR  ] 2017-07-07T18:01:59.288084966Z: - [37mCONFIG_IPC_NS[m: [32menabled[m
[STDERR  ] 2017-07-07T18:01:59.288087656Z: - [37mCONFIG_UTS_NS[m: [32menabled[m
[STDERR  ] 2017-07-07T18:01:59.288826133Z: - [37mCONFIG_CGROUPS[m: [32menabled[m
[STDERR  ] 2017-07-07T18:01:59.288840693Z: - [37mCONFIG_CGROUP_CPUACCT[m: [32menabled[m
[STDERR  ] 2017-07-07T18:01:59.288855716Z: - [37mCONFIG_CGROUP_DEVICE[m: [32menabled[m
[STDERR  ] 2017-07-07T18:01:59.288860395Z: - [37mCONFIG_CGROUP_FREEZER[m: [32menabled[m
[STDERR  ] 2017-07-07T18:01:59.288873866Z: - [37mCONFIG_CGROUP_SCHED[m: [32menabled[m
[STDERR  ] 2017-07-07T18:01:59.288878497Z: - [37mCONFIG_CPUSETS[m: [32menabled[m
[STDERR  ] 2017-07-07T18:01:59.288892016Z: - [37mCONFIG_MEMCG[m: [32menabled[m
[STDERR  ] 2017-07-07T18:01:59.288896627Z: - [37mCONFIG_KEYS[m: [32menabled[m
[STDERR  ] 2017-07-07T18:01:59.288910714Z: - [37mCONFIG_VETH[m: [32menabled[m
[STDERR  ] 2017-07-07T18:01:59.288924216Z: - [37mCONFIG_BRIDGE[m: [32menabled[m
[STDERR  ] 2017-07-07T18:01:59.288933237Z: - [37mCONFIG_BRIDGE_NETFILTER[m: [32menabled[m
[STDERR  ] 2017-07-07T18:01:59.288942356Z: - [37mCONFIG_NF_NAT_IPV4[m: [32menabled[m
[STDERR  ] 2017-07-07T18:01:59.288951261Z: - [37mCONFIG_IP_NF_FILTER[m: [32menabled[m
[STDERR  ] 2017-07-07T18:01:59.28896049Z: - [37mCONFIG_IP_NF_TARGET_MASQUERADE[m: [32menabled[m
[STDERR  ] 2017-07-07T18:01:59.288969511Z: - [37mCONFIG_NETFILTER_XT_MATCH_ADDRTYPE[m: [32menabled[m
[STDERR  ] 2017-07-07T18:01:59.28897931Z: - [37mCONFIG_NETFILTER_XT_MATCH_CONNTRACK[m: [32menabled[m
[STDERR  ] 2017-07-07T18:01:59.28899289Z: - [37mCONFIG_NETFILTER_XT_MATCH_IPVS[m: [32menabled[m
[STDERR  ] 2017-07-07T18:01:59.289007837Z: - [37mCONFIG_IP_NF_NAT[m: [32menabled[m
[STDERR  ] 2017-07-07T18:01:59.289016811Z: - [37mCONFIG_NF_NAT[m: [32menabled[m
[STDERR  ] 2017-07-07T18:01:59.2890213Z: - [37mCONFIG_NF_NAT_NEEDED[m: [32menabled[m
[STDERR  ] 2017-07-07T18:01:59.289035033Z: - [37mCONFIG_POSIX_MQUEUE[m: [32menabled[m
[STDERR  ] 2017-07-07T18:01:59.289044131Z: 
[STDERR  ] 2017-07-07T18:01:59.28905316Z: Optional Features:
[STDERR  ] 2017-07-07T18:01:59.289062143Z: - [37mCONFIG_USER_NS[m: [32menabled[m
[STDERR  ] 2017-07-07T18:01:59.289073013Z: - [37mCONFIG_SECCOMP[m: [32menabled[m
[STDERR  ] 2017-07-07T18:01:59.289081988Z: - [37mCONFIG_CGROUP_PIDS[m: [32menabled[m
[STDERR  ] 2017-07-07T18:01:59.289094004Z: - [37mCONFIG_MEMCG_SWAP[m: [32menabled[m
[STDERR  ] 2017-07-07T18:01:59.289102717Z: - [37mCONFIG_MEMCG_SWAP_ENABLED[m: [32menabled[m
[STDERR  ] 2017-07-07T18:01:59.289111978Z:     [1;30m(cgroup swap accounting is currently enabled)[m
[STDERR  ] 2017-07-07T18:01:59.289121101Z: - [1mCONFIG_LEGACY_VSYSCALL_NONE[m: [1;31menabled[m
[STDERR  ] 2017-07-07T18:01:59.289125972Z:     [1;30m(containers using eglibc <= 2.13 will not work. Switch to[m
[STDERR  ] 2017-07-07T18:01:59.289139362Z:     [1;30m "CONFIG_VSYSCALL_[NATIVE|EMULATE]" or use "vsyscall=[native|emulate]"[m
[STDERR  ] 2017-07-07T18:01:59.289145721Z:     [1;30m on kernel command line. Note that this will disable ASLR for the,[m
[STDERR  ] 2017-07-07T18:01:59.289163151Z:     [1;30m VDSO which may assist in exploiting security vulnerabilities.)[m
[STDERR  ] 2017-07-07T18:01:59.289172078Z: - [37mCONFIG_BLK_CGROUP[m: [32menabled[m
[STDERR  ] 2017-07-07T18:01:59.289180909Z: - [37mCONFIG_BLK_DEV_THROTTLING[m: [32menabled[m
[STDERR  ] 2017-07-07T18:01:59.289185739Z: - [37mCONFIG_IOSCHED_CFQ[m: [32menabled[m
[STDERR  ] 2017-07-07T18:01:59.289194885Z: - [37mCONFIG_CFQ_GROUP_IOSCHED[m: [32menabled[m
[STDERR  ] 2017-07-07T18:01:59.289208239Z: - [37mCONFIG_CGROUP_PERF[m: [32menabled[m
[STDERR  ] 2017-07-07T18:01:59.289217092Z: - [37mCONFIG_CGROUP_HUGETLB[m: [32menabled[m
[STDERR  ] 2017-07-07T18:01:59.289221837Z: - [37mCONFIG_NET_CLS_CGROUP[m: [32menabled[m
[STDERR  ] 2017-07-07T18:01:59.290153665Z: - [37mCONFIG_CGROUP_NET_PRIO[m: [32menabled[m
[STDERR  ] 2017-07-07T18:01:59.290227786Z: - [37mCONFIG_CFS_BANDWIDTH[m: [32menabled[m
[STDERR  ] 2017-07-07T18:01:59.290240305Z: - [37mCONFIG_FAIR_GROUP_SCHED[m: [32menabled[m
[STDERR  ] 2017-07-07T18:01:59.290273163Z: - [37mCONFIG_RT_GROUP_SCHED[m: [32menabled[m
[STDERR  ] 2017-07-07T18:01:59.290283321Z: - [37mCONFIG_IP_VS[m: [32menabled[m
[STDERR  ] 2017-07-07T18:01:59.290310821Z: - [37mCONFIG_IP_VS_NFCT[m: [32menabled[m
[STDERR  ] 2017-07-07T18:01:59.290328503Z: - [37mCONFIG_IP_VS_RR[m: [32menabled[m
[STDERR  ] 2017-07-07T18:01:59.290346157Z: - [37mCONFIG_EXT4_FS[m: [32menabled[m
[STDERR  ] 2017-07-07T18:01:59.2903559Z: - [37mCONFIG_EXT4_FS_POSIX_ACL[m: [32menabled[m
[STDERR  ] 2017-07-07T18:01:59.290382546Z: - [37mCONFIG_EXT4_FS_SECURITY[m: [32menabled[m
[STDERR  ] 2017-07-07T18:01:59.290391789Z: - Network Drivers:
[STDERR  ] 2017-07-07T18:01:59.290423662Z:   - "[34moverlay[m":
[STDERR  ] 2017-07-07T18:01:59.290433699Z:     - [37mCONFIG_VXLAN[m: [32menabled[m
[STDERR  ] 2017-07-07T18:01:59.2904633Z:       Optional (for encrypted networks):
[STDERR  ] 2017-07-07T18:01:59.290481362Z:       - [37mCONFIG_CRYPTO[m: [32menabled[m
[STDERR  ] 2017-07-07T18:01:59.290499009Z:       - [37mCONFIG_CRYPTO_AEAD[m: [32menabled[m
[STDERR  ] 2017-07-07T18:01:59.290516822Z:       - [37mCONFIG_CRYPTO_GCM[m: [32menabled[m
[STDERR  ] 2017-07-07T18:01:59.290525947Z:       - [37mCONFIG_CRYPTO_SEQIV[m: [32menabled[m
[STDERR  ] 2017-07-07T18:01:59.290559204Z:       - [37mCONFIG_CRYPTO_GHASH[m: [32menabled[m
[STDERR  ] 2017-07-07T18:01:59.290574988Z:       - [37mCONFIG_XFRM[m: [32menabled[m
[STDERR  ] 2017-07-07T18:01:59.290609018Z:       - [37mCONFIG_XFRM_USER[m: [32menabled (as module)[m
[STDERR  ] 2017-07-07T18:01:59.290620185Z:       - [37mCONFIG_XFRM_ALGO[m: [32menabled (as module)[m
[STDERR  ] 2017-07-07T18:01:59.290653528Z:       - [37mCONFIG_INET_ESP[m: [32menabled (as module)[m
[STDERR  ] 2017-07-07T18:01:59.290735737Z:       - [37mCONFIG_INET_XFRM_MODE_TRANSPORT[m: [32menabled (as module)[m
[STDERR  ] 2017-07-07T18:01:59.290746275Z:   - "[34mipvlan[m":
[STDERR  ] 2017-07-07T18:01:59.290756561Z:     - [37mCONFIG_IPVLAN[m: [32menabled[m
[STDERR  ] 2017-07-07T18:01:59.290765888Z:   - "[34mmacvlan[m":
[STDERR  ] 2017-07-07T18:01:59.290776968Z:     - [37mCONFIG_MACVLAN[m: [32menabled[m
[STDERR  ] 2017-07-07T18:01:59.290787203Z:     - [37mCONFIG_DUMMY[m: [32menabled (as module)[m
[STDERR  ] 2017-07-07T18:01:59.290792315Z:   - "[34mftp,tftp client in container[m":
[STDERR  ] 2017-07-07T18:01:59.290814752Z:     - [37mCONFIG_NF_NAT_FTP[m: [32menabled[m
[STDERR  ] 2017-07-07T18:01:59.290824352Z:     - [37mCONFIG_NF_CONNTRACK_FTP[m: [32menabled[m
[STDERR  ] 2017-07-07T18:01:59.290829069Z:     - [37mCONFIG_NF_NAT_TFTP[m: [32menabled[m
[STDERR  ] 2017-07-07T18:01:59.290843315Z:     - [37mCONFIG_NF_CONNTRACK_TFTP[m: [32menabled[m
[STDERR  ] 2017-07-07T18:01:59.290852842Z: - Storage Drivers:
[STDERR  ] 2017-07-07T18:01:59.290861941Z:   - "[34maufs[m":
[STDERR  ] 2017-07-07T18:01:59.290866848Z:     - [1mCONFIG_AUFS_FS[m: [1;31mmissing[m
