[INFO    ] 2018-02-16T06:25:33.003733004Z: Running Test linuxkit.packages.format_mount.xfs in /tmp/build/test/cases/040_packages/006_format_mount/004_xfs
[INFO    ] 2018-02-16T06:25:33.003848647Z: Running command: [/bin/sh -x /tmp/build/test/cases/040_packages/006_format_mount/004_xfs/test.sh]
[STDERR  ] 2018-02-16T06:25:33.036873729Z: + set -e
[STDERR  ] 2018-02-16T06:25:33.036960576Z: + . /tmp/build/test/cases/_lib/lib.sh
[STDERR  ] 2018-02-16T06:25:33.036971748Z: + [ -f src/github.com/linuxkit/rtf/lib/lib.sh ]
[STDERR  ] 2018-02-16T06:25:33.036980825Z: + LINUXKIT_TMPDIR=/tmp/build/test/cases/_tmp
[STDERR  ] 2018-02-16T06:25:33.036995152Z: + [ -f /tmp/build/test/cases/_tmp/env.sh ]
[STDERR  ] 2018-02-16T06:25:33.037004172Z: + . /tmp/build/test/cases/_tmp/env.sh
[STDERR  ] 2018-02-16T06:25:33.037016183Z: + export LINUXKIT_EXAMPLES_DIR=/tmp/build/test/cases/../../examples
[STDERR  ] 2018-02-16T06:25:33.037025936Z: + RT_CANCEL=253
[STDERR  ] 2018-02-16T06:25:33.037034725Z: + NAME=test-format
[STDERR  ] 2018-02-16T06:25:33.037043769Z: + DISK=disk.img
[STDERR  ] 2018-02-16T06:25:33.037054048Z: + trap clean_up EXIT
[STDERR  ] 2018-02-16T06:25:33.037062683Z: + linuxkit build -format kernel+initrd -name test-format test.yml
[STDERR  ] 2018-02-16T06:25:33.063039842Z: Extract kernel image: linuxkit/kernel:4.9.81
[STDERR  ] 2018-02-16T06:25:34.190392732Z: time="2018-02-16T06:25:34Z" level=warning msg="certificate with CN Justin Cormack is near expiry"
[STDERR  ] 2018-02-16T06:25:34.190450228Z: time="2018-02-16T06:25:34Z" level=warning msg="certificate with CN  is near expiry"
[STDERR  ] 2018-02-16T06:25:34.190475771Z: time="2018-02-16T06:25:34Z" level=warning msg="certificate with CN  is near expiry"
[STDERR  ] 2018-02-16T06:25:34.190616858Z: time="2018-02-16T06:25:34Z" level=warning msg="certificate with CN avi@atomicinc.com is near expiry"
[STDERR  ] 2018-02-16T06:25:34.190634387Z: time="2018-02-16T06:25:34Z" level=warning msg="certificate with CN Ian Campbell is near expiry"
[STDERR  ] 2018-02-16T06:25:34.238327639Z: time="2018-02-16T06:25:34Z" level=warning msg="certificate with CN Justin Cormack is near expiry"
[STDERR  ] 2018-02-16T06:25:34.642076760Z: Add init containers:
[STDERR  ] 2018-02-16T06:25:34.642141733Z: Process init image: linuxkit/init:d899eee3560a40aa3b4bdd67b3bb82703714b2b9
[STDERR  ] 2018-02-16T06:25:35.693485348Z: time="2018-02-16T06:25:35Z" level=warning msg="certificate with CN avi@atomicinc.com is near expiry"
[STDERR  ] 2018-02-16T06:25:35.693557902Z: time="2018-02-16T06:25:35Z" level=warning msg="certificate with CN Ian Campbell is near expiry"
[STDERR  ] 2018-02-16T06:25:35.693753467Z: time="2018-02-16T06:25:35Z" level=warning msg="certificate with CN Justin Cormack is near expiry"
[STDERR  ] 2018-02-16T06:25:35.693907723Z: time="2018-02-16T06:25:35Z" level=warning msg="certificate with CN  is near expiry"
[STDERR  ] 2018-02-16T06:25:35.693984438Z: time="2018-02-16T06:25:35Z" level=warning msg="certificate with CN  is near expiry"
[STDERR  ] 2018-02-16T06:25:35.698634876Z: time="2018-02-16T06:25:35Z" level=warning msg="certificate with CN Justin Cormack is near expiry"
[STDERR  ] 2018-02-16T06:25:35.700304102Z: time="2018-02-16T06:25:35Z" level=warning msg="certificate with CN  is near expiry"
[STDERR  ] 2018-02-16T06:25:35.700353450Z: time="2018-02-16T06:25:35Z" level=warning msg="certificate with CN Ian Campbell is near expiry"
[STDERR  ] 2018-02-16T06:25:35.868456923Z: Process init image: linuxkit/runc:7c39a68490a12cde830e1922f171c451fb08e731
[STDERR  ] 2018-02-16T06:25:36.955145492Z: time="2018-02-16T06:25:36Z" level=warning msg="certificate with CN Ian Campbell is near expiry"
[STDERR  ] 2018-02-16T06:25:36.955295509Z: time="2018-02-16T06:25:36Z" level=warning msg="certificate with CN Justin Cormack is near expiry"
[STDERR  ] 2018-02-16T06:25:36.955438350Z: time="2018-02-16T06:25:36Z" level=warning msg="certificate with CN  is near expiry"
[STDERR  ] 2018-02-16T06:25:36.955476086Z: time="2018-02-16T06:25:36Z" level=warning msg="certificate with CN  is near expiry"
[STDERR  ] 2018-02-16T06:25:36.955542467Z: time="2018-02-16T06:25:36Z" level=warning msg="certificate with CN avi@atomicinc.com is near expiry"
[STDERR  ] 2018-02-16T06:25:36.957801960Z: time="2018-02-16T06:25:36Z" level=warning msg="certificate with CN Justin Cormack is near expiry"
[STDERR  ] 2018-02-16T06:25:36.958975471Z: time="2018-02-16T06:25:36Z" level=warning msg="certificate with CN  is near expiry"
[STDERR  ] 2018-02-16T06:25:36.959042378Z: time="2018-02-16T06:25:36Z" level=warning msg="certificate with CN Ian Campbell is near expiry"
[STDERR  ] 2018-02-16T06:25:37.107755570Z: Add onboot containers:
[STDERR  ] 2018-02-16T06:25:37.107813272Z:   Create OCI config for linuxkit/format:v0.2
[STDERR  ] 2018-02-16T06:25:38.127611557Z: time="2018-02-16T06:25:38Z" level=warning msg="certificate with CN Ian Campbell is near expiry"
[STDERR  ] 2018-02-16T06:25:38.127674518Z: time="2018-02-16T06:25:38Z" level=warning msg="certificate with CN Justin Cormack is near expiry"
[STDERR  ] 2018-02-16T06:25:38.127893524Z: time="2018-02-16T06:25:38Z" level=warning msg="certificate with CN Rolf Neugebauer is near expiry"
[STDERR  ] 2018-02-16T06:25:38.127945429Z: time="2018-02-16T06:25:38Z" level=warning msg="certificate with CN  is near expiry"
[STDERR  ] 2018-02-16T06:25:38.128016361Z: time="2018-02-16T06:25:38Z" level=warning msg="certificate with CN  is near expiry"
[STDERR  ] 2018-02-16T06:25:38.128066726Z: time="2018-02-16T06:25:38Z" level=warning msg="certificate with CN avi@atomicinc.com is near expiry"
[STDERR  ] 2018-02-16T06:25:38.129560403Z: time="2018-02-16T06:25:38Z" level=warning msg="certificate with CN Justin Cormack is near expiry"
[STDERR  ] 2018-02-16T06:25:38.130543234Z: time="2018-02-16T06:25:38Z" level=warning msg="certificate with CN Rolf Neugebauer is near expiry"
[STDERR  ] 2018-02-16T06:25:38.131454816Z: time="2018-02-16T06:25:38Z" level=warning msg="certificate with CN  is near expiry"
[STDERR  ] 2018-02-16T06:25:38.131523316Z: time="2018-02-16T06:25:38Z" level=warning msg="certificate with CN Ian Campbell is near expiry"
[STDERR  ] 2018-02-16T06:25:38.461285210Z:   Create OCI config for linuxkit/mount:v0.2
[STDERR  ] 2018-02-16T06:25:39.487846791Z: time="2018-02-16T06:25:39Z" level=warning msg="certificate with CN avi@atomicinc.com is near expiry"
[STDERR  ] 2018-02-16T06:25:39.488064176Z: time="2018-02-16T06:25:39Z" level=warning msg="certificate with CN Ian Campbell is near expiry"
[STDERR  ] 2018-02-16T06:25:39.488190053Z: time="2018-02-16T06:25:39Z" level=warning msg="certificate with CN Justin Cormack is near expiry"
[STDERR  ] 2018-02-16T06:25:39.488381095Z: time="2018-02-16T06:25:39Z" level=warning msg="certificate with CN Rolf Neugebauer is near expiry"
[STDERR  ] 2018-02-16T06:25:39.488496439Z: time="2018-02-16T06:25:39Z" level=warning msg="certificate with CN  is near expiry"
[STDERR  ] 2018-02-16T06:25:39.488641411Z: time="2018-02-16T06:25:39Z" level=warning msg="certificate with CN  is near expiry"
[STDERR  ] 2018-02-16T06:25:39.490516041Z: time="2018-02-16T06:25:39Z" level=warning msg="certificate with CN Justin Cormack is near expiry"
[STDERR  ] 2018-02-16T06:25:39.491666051Z: time="2018-02-16T06:25:39Z" level=warning msg="certificate with CN Rolf Neugebauer is near expiry"
[STDERR  ] 2018-02-16T06:25:39.492582672Z: time="2018-02-16T06:25:39Z" level=warning msg="certificate with CN Ian Campbell is near expiry"
[STDERR  ] 2018-02-16T06:25:39.492677624Z: time="2018-02-16T06:25:39Z" level=warning msg="certificate with CN  is near expiry"
[STDERR  ] 2018-02-16T06:25:39.849132763Z:   Create OCI config for alpine:3.7
[STDERR  ] 2018-02-16T06:25:41.038614223Z:   Create OCI config for linuxkit/poweroff:f9a0a5e52fd2a97908bda33db2afffafe4a6a67d
[STDERR  ] 2018-02-16T06:25:42.064151024Z: time="2018-02-16T06:25:42Z" level=warning msg="certificate with CN  is near expiry"
[STDERR  ] 2018-02-16T06:25:42.064236035Z: time="2018-02-16T06:25:42Z" level=warning msg="certificate with CN avi@atomicinc.com is near expiry"
[STDERR  ] 2018-02-16T06:25:42.064254736Z: time="2018-02-16T06:25:42Z" level=warning msg="certificate with CN Ian Campbell is near expiry"
[STDERR  ] 2018-02-16T06:25:42.064385716Z: time="2018-02-16T06:25:42Z" level=warning msg="certificate with CN Justin Cormack is near expiry"
[STDERR  ] 2018-02-16T06:25:42.064473381Z: time="2018-02-16T06:25:42Z" level=warning msg="certificate with CN Rolf Neugebauer is near expiry"
[STDERR  ] 2018-02-16T06:25:42.064566557Z: time="2018-02-16T06:25:42Z" level=warning msg="certificate with CN  is near expiry"
[STDERR  ] 2018-02-16T06:25:42.066120955Z: time="2018-02-16T06:25:42Z" level=warning msg="certificate with CN Rolf Neugebauer is near expiry"
[STDERR  ] 2018-02-16T06:25:42.066810526Z: time="2018-02-16T06:25:42Z" level=warning msg="certificate with CN  is near expiry"
[STDERR  ] 2018-02-16T06:25:42.066880888Z: time="2018-02-16T06:25:42Z" level=warning msg="certificate with CN Ian Campbell is near expiry"
[STDERR  ] 2018-02-16T06:25:42.227614968Z: Add files:
[STDERR  ] 2018-02-16T06:25:42.227668119Z:   check.sh
[STDERR  ] 2018-02-16T06:25:42.259891908Z: Create outputs:
[STDERR  ] 2018-02-16T06:25:47.866144815Z:   test-format-kernel test-format-initrd.img test-format-cmdline
[STDERR  ] 2018-02-16T06:25:47.927700744Z: + linuxkit run -disk file=disk.img,size=512M test-format
[STDERR  ] 2018-02-16T06:25:47.951156529Z: Unable to find qemu-system-x86_64 within the $PATH. Using a container
[STDERR  ] 2018-02-16T06:26:07.259367705Z: + RESULT=[    0.000000] Linux version 4.9.81-linuxkit (root@131493a180c4) (gcc version 6.4.0 (Alpine 6.4.0) ) #1 SMP Tue Feb 13 18:31:25 UTC 2018
[STDERR  ] 2018-02-16T06:26:07.259444778Z: [    0.000000] Command line: console=ttyS0 console=ttyAMA0
[STDERR  ] 2018-02-16T06:26:07.259457045Z: [    0.000000] x86/fpu: Legacy x87 FPU detected.
[STDERR  ] 2018-02-16T06:26:07.259466611Z: [    0.000000] x86/fpu: Using 'eager' FPU context switches.
[STDERR  ] 2018-02-16T06:26:07.259477129Z: [    0.000000] e820: BIOS-provided physical RAM map:
[STDERR  ] 2018-02-16T06:26:07.259494103Z: [    0.000000] BIOS-e820: [mem 0x0000000000000000-0x000000000009fbff] usable
[STDERR  ] 2018-02-16T06:26:07.259504062Z: [    0.000000] BIOS-e820: [mem 0x000000000009fc00-0x000000000009ffff] reserved
[STDERR  ] 2018-02-16T06:26:07.259513256Z: [    0.000000] BIOS-e820: [mem 0x00000000000f0000-0x00000000000fffff] reserved
[STDERR  ] 2018-02-16T06:26:07.259523085Z: [    0.000000] BIOS-e820: [mem 0x0000000000100000-0x000000003ffdefff] usable
[STDERR  ] 2018-02-16T06:26:07.259531965Z: [    0.000000] BIOS-e820: [mem 0x000000003ffdf000-0x000000003fffffff] reserved
[STDERR  ] 2018-02-16T06:26:07.259540563Z: [    0.000000] BIOS-e820: [mem 0x00000000b0000000-0x00000000bfffffff] reserved
[STDERR  ] 2018-02-16T06:26:07.259548756Z: [    0.000000] BIOS-e820: [mem 0x00000000fed1c000-0x00000000fed1ffff] reserved
[STDERR  ] 2018-02-16T06:26:07.259556942Z: [    0.000000] BIOS-e820: [mem 0x00000000feffc000-0x00000000feffffff] reserved
[STDERR  ] 2018-02-16T06:26:07.259567911Z: [    0.000000] BIOS-e820: [mem 0x00000000fffc0000-0x00000000ffffffff] reserved
[STDERR  ] 2018-02-16T06:26:07.259576136Z: [    0.000000] NX (Execute Disable) protection: active
[STDERR  ] 2018-02-16T06:26:07.259584601Z: [    0.000000] SMBIOS 2.8 present.
[STDERR  ] 2018-02-16T06:26:07.259592658Z: [    0.000000] Hypervisor detected: KVM
[STDERR  ] 2018-02-16T06:26:07.259601956Z: [    0.000000] e820: last_pfn = 0x3ffdf max_arch_pfn = 0x400000000
[STDERR  ] 2018-02-16T06:26:07.259610101Z: [    0.000000] x86/PAT: PAT not supported by CPU.
[STDERR  ] 2018-02-16T06:26:07.259618494Z: [    0.000000] x86/PAT: Configuration [0-7]: WB  WT  UC- UC  WB  WT  UC- UC  
[STDERR  ] 2018-02-16T06:26:07.259626967Z: [    0.000000] found SMP MP-table at [mem 0x000f6aa0-0x000f6aaf] mapped at [ffff9926400f6aa0]
[STDERR  ] 2018-02-16T06:26:07.259639100Z: [    0.000000] RAMDISK: [mem 0x3dff3000-0x3ffcffff]
[STDERR  ] 2018-02-16T06:26:07.259647871Z: [    0.000000] ACPI: Early table checksum verification disabled
[STDERR  ] 2018-02-16T06:26:07.259657149Z: [    0.000000] ACPI: RSDP 0x00000000000F68B0 000014 (v00 BOCHS )
[STDERR  ] 2018-02-16T06:26:07.259665958Z: [    0.000000] ACPI: RSDT 0x000000003FFE20A8 000034 (v01 BOCHS  BXPCRSDT 00000001 BXPC 00000001)
[STDERR  ] 2018-02-16T06:26:07.259680721Z: [    0.000000] ACPI: FACP 0x000000003FFE1EC8 0000F4 (v03 BOCHS  BXPCFACP 00000001 BXPC 00000001)
[STDERR  ] 2018-02-16T06:26:07.259689087Z: [    0.000000] ACPI: DSDT 0x000000003FFE0040 001E88 (v01 BOCHS  BXPCDSDT 00000001 BXPC 00000001)
[STDERR  ] 2018-02-16T06:26:07.259697583Z: [    0.000000] ACPI: FACS 0x000000003FFE0000 000040
[STDERR  ] 2018-02-16T06:26:07.259706136Z: [    0.000000] ACPI: APIC 0x000000003FFE1FBC 000078 (v01 BOCHS  BXPCAPIC 00000001 BXPC 00000001)
[STDERR  ] 2018-02-16T06:26:07.259714443Z: [    0.000000] ACPI: HPET 0x000000003FFE2034 000038 (v01 BOCHS  BXPCHPET 00000001 BXPC 00000001)
[STDERR  ] 2018-02-16T06:26:07.259722618Z: [    0.000000] ACPI: MCFG 0x000000003FFE206C 00003C (v01 BOCHS  BXPCMCFG 00000001 BXPC 00000001)
[STDERR  ] 2018-02-16T06:26:07.259730502Z: [    0.000000] kvm-clock: Using msrs 4b564d01 and 4b564d00
[STDERR  ] 2018-02-16T06:26:07.259741484Z: [    0.000000] kvm-clock: cpu 0, msr 0:3ffdd001, primary cpu clock
[STDERR  ] 2018-02-16T06:26:07.259750581Z: [    0.000000] clocksource: kvm-clock: mask: 0xffffffffffffffff max_cycles: 0x1cd42e4dffb, max_idle_ns: 881590591483 ns
[STDERR  ] 2018-02-16T06:26:07.259760071Z: [    0.000000] Zone ranges:
[STDERR  ] 2018-02-16T06:26:07.259771142Z: [    0.000000]   DMA      [mem 0x0000000000001000-0x0000000000ffffff]
[STDERR  ] 2018-02-16T06:26:07.259782486Z: [    0.000000]   DMA32    [mem 0x0000000001000000-0x000000003ffdefff]
[STDERR  ] 2018-02-16T06:26:07.259795053Z: [    0.000000]   Normal   empty
[STDERR  ] 2018-02-16T06:26:07.259803330Z: [    0.000000] Movable zone start for each node
[STDERR  ] 2018-02-16T06:26:07.259812075Z: [    0.000000] Early memory node ranges
[STDERR  ] 2018-02-16T06:26:07.259820600Z: [    0.000000]   node   0: [mem 0x0000000000001000-0x000000000009efff]
[STDERR  ] 2018-02-16T06:26:07.259828875Z: [    0.000000]   node   0: [mem 0x0000000000100000-0x000000003ffdefff]
[STDERR  ] 2018-02-16T06:26:07.259836775Z: [    0.000000] Initmem setup node 0 [mem 0x0000000000001000-0x000000003ffdefff]
[STDERR  ] 2018-02-16T06:26:07.259845015Z: [    0.000000] ACPI: PM-Timer IO Port: 0x608
[STDERR  ] 2018-02-16T06:26:07.259852944Z: [    0.000000] ACPI: LAPIC_NMI (acpi_id[0xff] dfl dfl lint[0x1])
[STDERR  ] 2018-02-16T06:26:07.259861580Z: [    0.000000] IOAPIC[0]: apic_id 0, version 17, address 0xfec00000, GSI 0-23
[STDERR  ] 2018-02-16T06:26:07.259869459Z: [    0.000000] ACPI: INT_SRC_OVR (bus 0 bus_irq 0 global_irq 2 dfl dfl)
[STDERR  ] 2018-02-16T06:26:07.259877433Z: [    0.000000] ACPI: INT_SRC_OVR (bus 0 bus_irq 5 global_irq 5 high level)
[STDERR  ] 2018-02-16T06:26:07.259887161Z: [    0.000000] ACPI: INT_SRC_OVR (bus 0 bus_irq 9 global_irq 9 high level)
[STDERR  ] 2018-02-16T06:26:07.259895121Z: [    0.000000] ACPI: INT_SRC_OVR (bus 0 bus_irq 10 global_irq 10 high level)
[STDERR  ] 2018-02-16T06:26:07.259903120Z: [    0.000000] ACPI: INT_SRC_OVR (bus 0 bus_irq 11 global_irq 11 high level)
[STDERR  ] 2018-02-16T06:26:07.259910935Z: [    0.000000] Using ACPI (MADT) for SMP configuration information
[STDERR  ] 2018-02-16T06:26:07.259919428Z: [    0.000000] ACPI: HPET id: 0x8086a201 base: 0xfed00000
[STDERR  ] 2018-02-16T06:26:07.259929886Z: [    0.000000] smpboot: Allowing 1 CPUs, 0 hotplug CPUs
[STDERR  ] 2018-02-16T06:26:07.259947535Z: [    0.000000] e820: [mem 0x40000000-0xafffffff] available for PCI devices
[STDERR  ] 2018-02-16T06:26:07.259957715Z: [    0.000000] Booting paravirtualized kernel on KVM
[STDERR  ] 2018-02-16T06:26:07.259965642Z: [    0.000000] clocksource: refined-jiffies: mask: 0xffffffff max_cycles: 0xffffffff, max_idle_ns: 19112604462750000 ns
[STDERR  ] 2018-02-16T06:26:07.259974270Z: [    0.000000] setup_percpu: NR_CPUS:128 nr_cpumask_bits:128 nr_cpu_ids:1 nr_node_ids:1
[STDERR  ] 2018-02-16T06:26:07.259982088Z: [    0.000000] percpu: Embedded 36 pages/cpu @ffff99267dc00000 s106904 r8192 d32360 u2097152
[STDERR  ] 2018-02-16T06:26:07.259990335Z: [    0.000000] KVM setup async PF for cpu 0
[STDERR  ] 2018-02-16T06:26:07.259998520Z: [    0.000000] kvm-stealtime: cpu 0, msr 3dc0fd80
[STDERR  ] 2018-02-16T06:26:07.260010595Z: [    0.000000] Built 1 zonelists in Zone order, mobility grouping on.  Total pages: 257896
[STDERR  ] 2018-02-16T06:26:07.260019268Z: [    0.000000] Kernel command line: console=ttyS0 console=ttyAMA0
[STDERR  ] 2018-02-16T06:26:07.260027437Z: [    0.000000] PID hash table entries: 4096 (order: 3, 32768 bytes)
[STDERR  ] 2018-02-16T06:26:07.260035648Z: [    0.000000] Dentry cache hash table entries: 131072 (order: 8, 1048576 bytes)
[STDERR  ] 2018-02-16T06:26:07.260043600Z: [    0.000000] Inode-cache hash table entries: 65536 (order: 7, 524288 bytes)
[STDERR  ] 2018-02-16T06:26:07.260052233Z: [    0.000000] Memory: 981488K/1048052K available (8054K kernel code, 1391K rwdata, 2700K rodata, 1404K init, 564K bss, 66564K reserved, 0K cma-reserved)
[STDERR  ] 2018-02-16T06:26:07.260061591Z: [    0.000000] Kernel/User page tables isolation: enabled
[STDERR  ] 2018-02-16T06:26:07.260069741Z: [    0.000000] Hierarchical RCU implementation.
[STDERR  ] 2018-02-16T06:26:07.260085768Z: [    0.000000] 	Build-time adjustment of leaf fanout to 64.
[STDERR  ] 2018-02-16T06:26:07.260093844Z: [    0.000000] 	RCU restricting CPUs from NR_CPUS=128 to nr_cpu_ids=1.
[STDERR  ] 2018-02-16T06:26:07.260102095Z: [    0.000000] RCU: Adjusting geometry for rcu_fanout_leaf=64, nr_cpu_ids=1
[STDERR  ] 2018-02-16T06:26:07.260113555Z: [    0.000000] NR_IRQS:8448 nr_irqs:256 16
[STDERR  ] 2018-02-16T06:26:07.260121635Z: [    0.000000] Console: colour VGA+ 80x25
[STDERR  ] 2018-02-16T06:26:07.260132980Z: [    0.000000] console [ttyS0] enabled
[STDERR  ] 2018-02-16T06:26:07.260141390Z: [    0.000000] clocksource: hpet: mask: 0xffffffff max_cycles: 0xffffffff, max_idle_ns: 19112604467 ns
[STDERR  ] 2018-02-16T06:26:07.260153317Z: [    0.000000] tsc: Detected 2300.000 MHz processor
[STDERR  ] 2018-02-16T06:26:07.260161084Z: [    0.020000] Calibrating delay loop (skipped) preset value.. 4600.00 BogoMIPS (lpj=23000000)
[STDERR  ] 2018-02-16T06:26:07.260171950Z: [    0.023189] pid_max: default: 32768 minimum: 301
[STDERR  ] 2018-02-16T06:26:07.260179777Z: [    0.028072] ACPI: Core revision 20160831
[STDERR  ] 2018-02-16T06:26:07.260187475Z: [    0.030791] ACPI: 1 ACPI AML tables successfully acquired and loaded
[STDERR  ] 2018-02-16T06:26:07.260195500Z: [    0.040093] Security Framework initialized
[STDERR  ] 2018-02-16T06:26:07.260203407Z: [    0.044510] Yama: becoming mindful.
[STDERR  ] 2018-02-16T06:26:07.260211129Z: [    0.048571] Mount-cache hash table entries: 2048 (order: 2, 16384 bytes)
[STDERR  ] 2018-02-16T06:26:07.260218834Z: [    0.050041] Mountpoint-cache hash table entries: 2048 (order: 2, 16384 bytes)
[STDERR  ] 2018-02-16T06:26:07.260228869Z: [    0.060986] CPU: Physical Processor ID: 0
[STDERR  ] 2018-02-16T06:26:07.260236885Z: [    0.070242] Last level iTLB entries: 4KB 0, 2MB 0, 4MB 0
[STDERR  ] 2018-02-16T06:26:07.260248887Z: [    0.076223] Last level dTLB entries: 4KB 0, 2MB 0, 4MB 0, 1GB 0
[STDERR  ] 2018-02-16T06:26:07.260260107Z: [    0.080036] Spectre V2 : Vulnerable: Minimal generic ASM retpoline
[STDERR  ] 2018-02-16T06:26:07.260270307Z: [    0.211931] Freeing SMP alternatives memory: 20K
[STDERR  ] 2018-02-16T06:26:07.260278299Z: [    0.249281] ftrace: allocating 35563 entries in 139 pages
[STDERR  ] 2018-02-16T06:26:07.260286354Z: [    0.260134] smpboot: Max logical packages: 1
[STDERR  ] 2018-02-16T06:26:07.260294045Z: [    0.271100] x2apic enabled
[STDERR  ] 2018-02-16T06:26:07.260304018Z: [    0.277014] Switched APIC routing to physical x2apic.
[STDERR  ] 2018-02-16T06:26:07.260312216Z: [    0.291983] ..TIMER: vector=0x30 apic1=0 pin1=2 apic2=-1 pin2=-1
[STDERR  ] 2018-02-16T06:26:07.260320212Z: [    0.300000] smpboot: CPU0: Intel QEMU Virtual CPU version 2.5+ (family: 0x6, model: 0x6, stepping: 0x3)
[STDERR  ] 2018-02-16T06:26:07.260328252Z: [    0.300010] Performance Events: PMU not available due to virtualization, using software events only.
[STDERR  ] 2018-02-16T06:26:07.260336254Z: [    0.320671] x86: Booted up 1 node, 1 CPUs
[STDERR  ] 2018-02-16T06:26:07.260347650Z: [    0.325347] smpboot: Total of 1 processors activated (4600.00 BogoMIPS)
[STDERR  ] 2018-02-16T06:26:07.260356247Z: [    0.332069] devtmpfs: initialized
[STDERR  ] 2018-02-16T06:26:07.260364119Z: [    0.335927] x86/mm: Memory block size: 128MB
[STDERR  ] 2018-02-16T06:26:07.260371967Z: [    0.342540] clocksource: jiffies: mask: 0xffffffff max_cycles: 0xffffffff, max_idle_ns: 19112604462750000 ns
[STDERR  ] 2018-02-16T06:26:07.260380032Z: [    0.350029] futex hash table entries: 256 (order: 2, 16384 bytes)
[STDERR  ] 2018-02-16T06:26:07.260390100Z: [    0.360251] NET: Registered protocol family 16
[STDERR  ] 2018-02-16T06:26:07.260400990Z: [    0.365407] cpuidle: using governor ladder
[STDERR  ] 2018-02-16T06:26:07.260408743Z: [    0.370010] cpuidle: using governor menu
[STDERR  ] 2018-02-16T06:26:07.260419258Z: [    0.374493] ACPI: bus type PCI registered
[STDERR  ] 2018-02-16T06:26:07.260427263Z: [    0.380459] PCI: MMCONFIG for domain 0000 [bus 00-ff] at [mem 0xb0000000-0xbfffffff] (base 0xb0000000)
[STDERR  ] 2018-02-16T06:26:07.260437378Z: [    0.390013] PCI: MMCONFIG at [mem 0xb0000000-0xbfffffff] reserved in E820
[STDERR  ] 2018-02-16T06:26:07.260455378Z: [    0.400036] PCI: Using configuration type 1 for base access
[STDERR  ] 2018-02-16T06:26:07.260470570Z: [    0.407501] HugeTLB registered 2 MB page size, pre-allocated 0 pages
[STDERR  ] 2018-02-16T06:26:07.260481316Z: [    0.410246] ACPI: Added _OSI(Module Device)
[STDERR  ] 2018-02-16T06:26:07.260498794Z: [    0.414637] ACPI: Added _OSI(Processor Device)
[STDERR  ] 2018-02-16T06:26:07.260507787Z: [    0.420008] ACPI: Added _OSI(3.0 _SCP Extensions)
[STDERR  ] 2018-02-16T06:26:07.260515601Z: [    0.424914] ACPI: Added _OSI(Processor Aggregator Device)
[STDERR  ] 2018-02-16T06:26:07.260538279Z: [    0.435227] ACPI: Interpreter enabled
[STDERR  ] 2018-02-16T06:26:07.260549620Z: [    0.440021] ACPI: (supports S0 S5)
[STDERR  ] 2018-02-16T06:26:07.260557539Z: [    0.443874] ACPI: Using IOAPIC for interrupt routing
[STDERR  ] 2018-02-16T06:26:07.260565727Z: [    0.450080] PCI: Using host bridge windows from ACPI; if necessary, use "pci=nocrs" and report a bug
[STDERR  ] 2018-02-16T06:26:07.260573979Z: [    0.463220] ACPI: PCI Root Bridge [PCI0] (domain 0000 [bus 00-ff])
[STDERR  ] 2018-02-16T06:26:07.260582174Z: [    0.470021] acpi PNP0A08:00: _OSC: OS supports [ExtendedConfig ASPM ClockPM Segments MSI]
[STDERR  ] 2018-02-16T06:26:07.260590341Z: [    0.480184] acpi PNP0A08:00: _OSC: OS now controls [PCIeHotplug PME PCIeCapability]
[STDERR  ] 2018-02-16T06:26:07.260598440Z: [    0.490094] PCI host bridge to bus 0000:00
[STDERR  ] 2018-02-16T06:26:07.260606359Z: [    0.494580] pci_bus 0000:00: root bus resource [io  0x0000-0x0cf7 window]
[STDERR  ] 2018-02-16T06:26:07.260614396Z: [    0.500015] pci_bus 0000:00: root bus resource [io  0x0d00-0xffff window]
[STDERR  ] 2018-02-16T06:26:07.260622047Z: [    0.510010] pci_bus 0000:00: root bus resource [mem 0x000a0000-0x000bffff window]
[STDERR  ] 2018-02-16T06:26:07.260629925Z: [    0.517874] pci_bus 0000:00: root bus resource [mem 0xc0000000-0xfebfffff window]
[STDERR  ] 2018-02-16T06:26:07.260637907Z: [    0.520013] pci_bus 0000:00: root bus resource [bus 00-ff]
[STDERR  ] 2018-02-16T06:26:07.260645956Z: [    0.655686] pci 0000:00:1f.0: quirk: [io  0x0600-0x067f] claimed by ICH6 ACPI/GPIO/TCO
[STDERR  ] 2018-02-16T06:26:07.260654083Z: [    0.718768] ACPI: PCI Interrupt Link [LNKA] (IRQs 5 *10 11)
[STDERR  ] 2018-02-16T06:26:07.260662159Z: [    0.722278] ACPI: PCI Interrupt Link [LNKB] (IRQs 5 *10 11)
[STDERR  ] 2018-02-16T06:26:07.260669997Z: [    0.732356] ACPI: PCI Interrupt Link [LNKC] (IRQs 5 10 *11)
[STDERR  ] 2018-02-16T06:26:07.260677913Z: [    0.742313] ACPI: PCI Interrupt Link [LNKD] (IRQs 5 10 *11)
[STDERR  ] 2018-02-16T06:26:07.260685804Z: [    0.750039] ACPI: PCI Interrupt Link [LNKE] (IRQs 5 *10 11)
[STDERR  ] 2018-02-16T06:26:07.260693526Z: [    0.757239] ACPI: PCI Interrupt Link [LNKF] (IRQs 5 *10 11)
[STDERR  ] 2018-02-16T06:26:07.260701433Z: [    0.762283] ACPI: PCI Interrupt Link [LNKG] (IRQs 5 10 *11)
[STDERR  ] 2018-02-16T06:26:07.260712979Z: [    0.771982] ACPI: PCI Interrupt Link [LNKH] (IRQs 5 10 *11)
[STDERR  ] 2018-02-16T06:26:07.260723926Z: [    0.779137] ACPI: PCI Interrupt Link [GSIA] (IRQs *16)
[STDERR  ] 2018-02-16T06:26:07.260732220Z: [    0.781230] ACPI: PCI Interrupt Link [GSIB] (IRQs *17)
[STDERR  ] 2018-02-16T06:26:07.260739951Z: [    0.791197] ACPI: PCI Interrupt Link [GSIC] (IRQs *18)
[STDERR  ] 2018-02-16T06:26:07.260747779Z: [    0.797385] ACPI: PCI Interrupt Link [GSID] (IRQs *19)
[STDERR  ] 2018-02-16T06:26:07.260755497Z: [    0.801144] ACPI: PCI Interrupt Link [GSIE] (IRQs *20)
[STDERR  ] 2018-02-16T06:26:07.260763306Z: [    0.811117] ACPI: PCI Interrupt Link [GSIF] (IRQs *21)
[STDERR  ] 2018-02-16T06:26:07.260771046Z: [    0.817399] ACPI: PCI Interrupt Link [GSIG] (IRQs *22)
[STDERR  ] 2018-02-16T06:26:07.260778813Z: [    0.821143] ACPI: PCI Interrupt Link [GSIH] (IRQs *23)
[STDERR  ] 2018-02-16T06:26:07.260788960Z: [    0.831460] ACPI: Enabled 1 GPEs in block 00 to 3F
[STDERR  ] 2018-02-16T06:26:07.260796851Z: [    0.837512] SCSI subsystem initialized
[STDERR  ] 2018-02-16T06:26:07.260804708Z: [    0.840076] ACPI: bus type USB registered
[STDERR  ] 2018-02-16T06:26:07.260813128Z: [    0.844359] usbcore: registered new interface driver usbfs
[STDERR  ] 2018-02-16T06:26:07.260820980Z: [    0.850043] usbcore: registered new interface driver hub
[STDERR  ] 2018-02-16T06:26:07.260829064Z: [    0.855587] usbcore: registered new device driver usb
[STDERR  ] 2018-02-16T06:26:07.260848889Z: [    0.860042] pps_core: LinuxPPS API ver. 1 registered
[STDERR  ] 2018-02-16T06:26:07.260857229Z: [    0.865220] pps_core: Software ver. 5.3.6 - Copyright 2005-2007 Rodolfo Giometti <giometti@linux.it>
[STDERR  ] 2018-02-16T06:26:07.260865688Z: [    0.870029] PTP clock support registered
[STDERR  ] 2018-02-16T06:26:07.260876349Z: [    0.880096] PCI: Using ACPI for IRQ routing
[STDERR  ] 2018-02-16T06:26:07.260886566Z: [    1.293665] NetLabel: Initializing
[STDERR  ] 2018-02-16T06:26:07.260897549Z: [    1.297641] NetLabel:  domain hash size = 128
[STDERR  ] 2018-02-16T06:26:07.260905638Z: [    1.300009] NetLabel:  protocols = UNLABELED CIPSOv4
[STDERR  ] 2018-02-16T06:26:07.260913566Z: [    1.305419] NetLabel:  unlabeled traffic allowed by default
[STDERR  ] 2018-02-16T06:26:07.260921711Z: [    1.310052] wmi: Mapper loaded
[STDERR  ] 2018-02-16T06:26:07.260929562Z: [    1.313575] HPET: 3 timers in total, 0 timers will be used for per-cpu timer
[STDERR  ] 2018-02-16T06:26:07.260975573Z: [    1.320143] hpet0: at MMIO 0xfed00000, IRQs 2, 8, 0
[STDERR  ] 2018-02-16T06:26:07.260984418Z: [    1.330783] hpet0: 3 comparators, 64-bit 100.000000 MHz counter
[STDERR  ] 2018-02-16T06:26:07.260992422Z: [    1.339525] clocksource: Switched to clocksource kvm-clock
[STDERR  ] 2018-02-16T06:26:07.261000633Z: [    1.349442] VFS: Disk quotas dquot_6.6.0
[STDERR  ] 2018-02-16T06:26:07.261008595Z: [    1.354219] VFS: Dquot-cache hash table entries: 512 (order 0, 4096 bytes)
[STDERR  ] 2018-02-16T06:26:07.261019249Z: [    1.362183] FS-Cache: Loaded
[STDERR  ] 2018-02-16T06:26:07.261027426Z: [    1.365696] CacheFiles: Loaded
[STDERR  ] 2018-02-16T06:26:07.261035566Z: [    1.369303] pnp: PnP ACPI init
[STDERR  ] 2018-02-16T06:26:07.261043322Z: [    1.374159] pnp: PnP ACPI: found 5 devices
[STDERR  ] 2018-02-16T06:26:07.261051326Z: [    1.384733] clocksource: acpi_pm: mask: 0xffffff max_cycles: 0xffffff, max_idle_ns: 2085701024 ns
[STDERR  ] 2018-02-16T06:26:07.261059719Z: [    1.394142] NET: Registered protocol family 2
[STDERR  ] 2018-02-16T06:26:07.261067455Z: [    1.399003] TCP established hash table entries: 8192 (order: 4, 65536 bytes)
[STDERR  ] 2018-02-16T06:26:07.261075657Z: [    1.406702] TCP bind hash table entries: 8192 (order: 5, 131072 bytes)
[STDERR  ] 2018-02-16T06:26:07.261085639Z: [    1.413628] TCP: Hash tables configured (established 8192 bind 8192)
[STDERR  ] 2018-02-16T06:26:07.261093300Z: [    1.420538] UDP hash table entries: 512 (order: 2, 16384 bytes)
[STDERR  ] 2018-02-16T06:26:07.261104862Z: [    1.426674] UDP-Lite hash table entries: 512 (order: 2, 16384 bytes)
[STDERR  ] 2018-02-16T06:26:07.261113019Z: [    1.433481] NET: Registered protocol family 1
[STDERR  ] 2018-02-16T06:26:07.261121137Z: [    1.438475] pci 0000:00:01.0: Video device with shadowed ROM at [mem 0x000c0000-0x000dffff]
[STDERR  ] 2018-02-16T06:26:07.261129366Z: [    1.447961] Unpacking initramfs...
[STDERR  ] 2018-02-16T06:26:07.261137295Z: [    2.000431] Freeing initrd memory: 32628K
[STDERR  ] 2018-02-16T06:26:07.261145395Z: [    2.005889] PCLMULQDQ-NI instructions are not detected.
[STDERR  ] 2018-02-16T06:26:07.261155757Z: [    2.011656] AVX or AES-NI instructions are not detected.
[STDERR  ] 2018-02-16T06:26:07.261165747Z: [    2.017350] CPU feature 'AVX registers' is not supported.
[STDERR  ] 2018-02-16T06:26:07.261173725Z: [    2.023166] CPU feature 'AVX registers' is not supported.
[STDERR  ] 2018-02-16T06:26:07.261186196Z: [    2.028986] CPU feature 'AVX registers' is not supported.
[STDERR  ] 2018-02-16T06:26:07.261200765Z: [    2.034929] CPU feature 'AVX registers' is not supported.
[STDERR  ] 2018-02-16T06:26:07.261215308Z: [    2.041047] AVX2 or AES-NI instructions are not detected.
[STDERR  ] 2018-02-16T06:26:07.261231145Z: [    2.047388] AVX2 instructions are not detected.
[STDERR  ] 2018-02-16T06:26:07.261244536Z: [    2.053075] audit: initializing netlink subsys (disabled)
[STDERR  ] 2018-02-16T06:26:07.261255697Z: [    2.059012] audit: type=2000 audit(1518762352.046:1): initialized
[STDERR  ] 2018-02-16T06:26:07.261268094Z: [    2.066049] workingset: timestamp_bits=46 max_order=18 bucket_order=0
[STDERR  ] 2018-02-16T06:26:07.261276179Z: [    2.073254] squashfs: version 4.0 (2009/01/31) Phillip Lougher
[STDERR  ] 2018-02-16T06:26:07.261284147Z: [    2.079681] FS-Cache: Netfs 'cifs' registered for caching
[STDERR  ] 2018-02-16T06:26:07.261292043Z: [    2.085999] fuse init (API version 7.26)
[STDERR  ] 2018-02-16T06:26:07.261300059Z: [    2.090459] SGI XFS with ACLs, security attributes, no debug enabled
[STDERR  ] 2018-02-16T06:26:07.261307785Z: [    2.097729] 9p: Installing v9fs 9p2000 file system support
[STDERR  ] 2018-02-16T06:26:07.261315798Z: [    2.103788] FS-Cache: Netfs '9p' registered for caching
[STDERR  ] 2018-02-16T06:26:07.261323707Z: [    2.110911] NET: Registered protocol family 38
[STDERR  ] 2018-02-16T06:26:07.261331405Z: [    2.115684] Key type asymmetric registered
[STDERR  ] 2018-02-16T06:26:07.261339176Z: [    2.120297] Asymmetric key parser 'x509' registered
[STDERR  ] 2018-02-16T06:26:07.261346877Z: [    2.125599] Block layer SCSI generic (bsg) driver version 0.4 loaded (major 251)
[STDERR  ] 2018-02-16T06:26:07.261354598Z: [    2.133783] io scheduler noop registered
[STDERR  ] 2018-02-16T06:26:07.261362283Z: [    2.138028] io scheduler deadline registered (default)
[STDERR  ] 2018-02-16T06:26:07.261369999Z: [    2.143732] io scheduler cfq registered
[STDERR  ] 2018-02-16T06:26:07.261380176Z: [    2.148000] pci_hotplug: PCI Hot Plug PCI Core version: 0.5
[STDERR  ] 2018-02-16T06:26:07.261388050Z: [    2.154143] pciehp: PCI Express Hot Plug Controller Driver version: 0.4
[STDERR  ] 2018-02-16T06:26:07.261395892Z: [    2.161452] shpchp: Standard Hot Plug PCI Controller Driver version: 0.4
[STDERR  ] 2018-02-16T06:26:07.261403598Z: [    2.168641] hv_vmbus: registering driver hyperv_fb
[STDERR  ] 2018-02-16T06:26:07.261413745Z: [    2.174029] input: Power Button as /devices/LNXSYSTM:00/LNXPWRBN:00/input/input0
[STDERR  ] 2018-02-16T06:26:07.261423632Z: [    2.182354] ACPI: Power Button [PWRF]
[STDERR  ] 2018-02-16T06:26:07.261431465Z: [    2.187130] GHES: HEST is not enabled!
[STDERR  ] 2018-02-16T06:26:07.261445850Z: [    2.191931] ACPI: PCI Interrupt Link [GSIG] enabled at IRQ 22
[STDERR  ] 2018-02-16T06:26:07.261460468Z: [    2.205588] ACPI: PCI Interrupt Link [GSIH] enabled at IRQ 23
[STDERR  ] 2018-02-16T06:26:07.261468812Z: [    2.217762] xenfs: not registering filesystem on non-xen platform
[STDERR  ] 2018-02-16T06:26:07.261476734Z: [    2.224588] Serial: 8250/16550 driver, 4 ports, IRQ sharing disabled
[STDERR  ] 2018-02-16T06:26:07.261488747Z: [    2.265599] 00:04: ttyS0 at I/O 0x3f8 (irq = 4, base_baud = 115200) is a 16550A
[STDERR  ] 2018-02-16T06:26:07.261496674Z: [    2.274869] Non-volatile memory driver v1.3
[STDERR  ] 2018-02-16T06:26:07.261504687Z: [    2.281499] Hangcheck: starting hangcheck timer 0.9.1 (tick is 180 seconds, margin is 60 seconds).
[STDERR  ] 2018-02-16T06:26:07.261515703Z: [    2.292140] random: fast init done
[STDERR  ] 2018-02-16T06:26:07.261523618Z: [    2.296521] random: crng init done
[STDERR  ] 2018-02-16T06:26:07.261531514Z: [    2.302340] loop: module loaded
[STDERR  ] 2018-02-16T06:26:07.261539425Z: [    2.306569] nbd: registered device at major 43
[STDERR  ] 2018-02-16T06:26:07.261549952Z: [    2.313417] lpc_ich 0000:00:1f.0: I/O space for GPIO uninitialized
[STDERR  ] 2018-02-16T06:26:07.261558212Z: [    2.320588] VMware PVSCSI driver - version 1.0.7.0-k
[STDERR  ] 2018-02-16T06:26:07.261566090Z: [    2.326321] hv_vmbus: registering driver hv_storvsc
[STDERR  ] 2018-02-16T06:26:07.261573845Z: [    2.332467] ACPI: PCI Interrupt Link [GSIA] enabled at IRQ 16
[STDERR  ] 2018-02-16T06:26:07.261582018Z: [    2.342046] ahci 0000:00:1f.2: AHCI 0001.0000 32 slots 6 ports 1.5 Gbps 0x3f impl SATA mode
[STDERR  ] 2018-02-16T06:26:07.261590119Z: [    2.351574] ahci 0000:00:1f.2: flags: 64bit ncq only 
[STDERR  ] 2018-02-16T06:26:07.261598061Z: [    2.360871] scsi host0: ahci
[STDERR  ] 2018-02-16T06:26:07.261607925Z: [    2.364208] scsi host1: ahci
[STDERR  ] 2018-02-16T06:26:07.261619587Z: [    2.367832] scsi host2: ahci
[STDERR  ] 2018-02-16T06:26:07.261627345Z: [    2.371521] scsi host3: ahci
[STDERR  ] 2018-02-16T06:26:07.261634997Z: [    2.374890] scsi host4: ahci
[STDERR  ] 2018-02-16T06:26:07.261642547Z: [    2.378416] scsi host5: ahci
[STDERR  ] 2018-02-16T06:26:07.261650204Z: [    2.381895] ata1: SATA max UDMA/133 abar m4096@0xfebd2000 port 0xfebd2100 irq 24
[STDERR  ] 2018-02-16T06:26:07.261658286Z: [    2.390561] ata2: SATA max UDMA/133 abar m4096@0xfebd2000 port 0xfebd2180 irq 24
[STDERR  ] 2018-02-16T06:26:07.261666136Z: [    2.398997] ata3: SATA max UDMA/133 abar m4096@0xfebd2000 port 0xfebd2200 irq 24
[STDERR  ] 2018-02-16T06:26:07.261674011Z: [    2.407562] ata4: SATA max UDMA/133 abar m4096@0xfebd2000 port 0xfebd2280 irq 24
[STDERR  ] 2018-02-16T06:26:07.261681784Z: [    2.416058] ata5: SATA max UDMA/133 abar m4096@0xfebd2000 port 0xfebd2300 irq 24
[STDERR  ] 2018-02-16T06:26:07.261689504Z: [    2.423970] ata6: SATA max UDMA/133 abar m4096@0xfebd2000 port 0xfebd2380 irq 24
[STDERR  ] 2018-02-16T06:26:07.261697342Z: [    2.432453] tun: Universal TUN/TAP device driver, 1.6
[STDERR  ] 2018-02-16T06:26:07.261705126Z: [    2.437845] tun: (C) 1999-2004 Max Krasnyansky <maxk@qualcomm.com>
[STDERR  ] 2018-02-16T06:26:07.261712873Z: [    2.450839] VMware vmxnet3 virtual NIC driver - version 1.4.a.0-k-NAPI
[STDERR  ] 2018-02-16T06:26:07.261722553Z: [    2.458258] hv_vmbus: registering driver hv_netvsc
[STDERR  ] 2018-02-16T06:26:07.261730484Z: [    2.463618] Fusion MPT base driver 3.04.20
[STDERR  ] 2018-02-16T06:26:07.261738191Z: [    2.468283] Copyright (c) 1999-2008 LSI Corporation
[STDERR  ] 2018-02-16T06:26:07.261745902Z: [    2.473610] Fusion MPT SPI Host driver 3.04.20
[STDERR  ] 2018-02-16T06:26:07.261753691Z: [    2.478398] i8042: PNP: PS/2 Controller [PNP0303:KBD,PNP0f13:MOU] at 0x60,0x64 irq 1,12
[STDERR  ] 2018-02-16T06:26:07.261761822Z: [    2.490588] serio: i8042 KBD port at 0x60,0x64 irq 1
[STDERR  ] 2018-02-16T06:26:07.261769584Z: [    2.495940] serio: i8042 AUX port at 0x60,0x64 irq 12
[STDERR  ] 2018-02-16T06:26:07.261779040Z: [    2.501606] hv_vmbus: registering driver hyperv_keyboard
[STDERR  ] 2018-02-16T06:26:07.261787044Z: [    2.507478] mousedev: PS/2 mouse device common for all mice
[STDERR  ] 2018-02-16T06:26:07.261794657Z: [    2.514912] input: AT Translated Set 2 keyboard as /devices/platform/i8042/serio0/input/input1
[STDERR  ] 2018-02-16T06:26:07.261802518Z: [    2.524099] input: PC Speaker as /devices/platform/pcspkr/input/input2
[STDERR  ] 2018-02-16T06:26:07.261815691Z: [    2.531491] rtc_cmos 00:00: RTC can wake from S4
[STDERR  ] 2018-02-16T06:26:07.261823924Z: [    2.538743] rtc_cmos 00:00: rtc core: registered rtc_cmos as rtc0
[STDERR  ] 2018-02-16T06:26:07.261833555Z: [    2.546144] rtc_cmos 00:00: alarms up to one day, y3k, 114 bytes nvram, hpet irqs
[STDERR  ] 2018-02-16T06:26:07.261841486Z: [    2.554188] i2c /dev entries driver
[STDERR  ] 2018-02-16T06:26:07.261849216Z: [    2.558035] device-mapper: ioctl: 4.35.0-ioctl (2016-06-23) initialised: dm-devel@redhat.com
[STDERR  ] 2018-02-16T06:26:07.261859175Z: [    2.568301] usbcore: registered new interface driver usbhid
[STDERR  ] 2018-02-16T06:26:07.261867024Z: [    2.574678] usbhid: USB HID core driver
[STDERR  ] 2018-02-16T06:26:07.261874724Z: [    2.578830] hv_utils: Registering HyperV Utility Driver
[STDERR  ] 2018-02-16T06:26:07.261882496Z: [    2.584366] hv_vmbus: registering driver hv_util
[STDERR  ] 2018-02-16T06:26:07.261892549Z: [    2.589243] hv_vmbus: registering driver hv_balloon
[STDERR  ] 2018-02-16T06:26:07.261900877Z: [    2.594504] oprofile: using NMI interrupt.
[STDERR  ] 2018-02-16T06:26:07.261908615Z: [    2.599361] GACT probability on
[STDERR  ] 2018-02-16T06:26:07.261916375Z: [    2.602912] Mirror/redirect action on
[STDERR  ] 2018-02-16T06:26:07.261924144Z: [    2.606782] Simple TC action Loaded
[STDERR  ] 2018-02-16T06:26:07.261931926Z: [    2.610683] u32 classifier
[STDERR  ] 2018-02-16T06:26:07.261947869Z: [    2.613584]     Performance counters on
[STDERR  ] 2018-02-16T06:26:07.261961320Z: [    2.617599]     input device check on
[STDERR  ] 2018-02-16T06:26:07.261969386Z: [    2.621570]     Actions configured
[STDERR  ] 2018-02-16T06:26:07.261980816Z: [    2.625206] Netfilter messages via NETLINK v0.30.
[STDERR  ] 2018-02-16T06:26:07.261988840Z: [    2.630433] nfnl_acct: registering with nfnetlink.
[STDERR  ] 2018-02-16T06:26:07.261996673Z: [    2.635695] nf_conntrack version 0.5.0 (8192 buckets, 32768 max)
[STDERR  ] 2018-02-16T06:26:07.262004824Z: [    2.642353] ctnetlink v0.93: registering with nfnetlink.
[STDERR  ] 2018-02-16T06:26:07.262012469Z: [    2.648013] nf_tables: (c) 2007-2009 Patrick McHardy <kaber@trash.net>
[STDERR  ] 2018-02-16T06:26:07.262020491Z: [    2.654850] nf_tables_compat: (c) 2012 Pablo Neira Ayuso <pablo@netfilter.org>
[STDERR  ] 2018-02-16T06:26:07.262028631Z: [    2.662932] xt_time: kernel timezone is -0000
[STDERR  ] 2018-02-16T06:26:07.262036371Z: [    2.667429] ip_set: protocol 6
[STDERR  ] 2018-02-16T06:26:07.262044142Z: [    2.671005] IPVS: Registered protocols (TCP, UDP, SCTP, AH, ESP)
[STDERR  ] 2018-02-16T06:26:07.262051918Z: [    2.677653] IPVS: Connection hash table configured (size=4096, memory=64Kbytes)
[STDERR  ] 2018-02-16T06:26:07.262061927Z: [    2.685585] IPVS: Creating netns size=2104 id=0
[STDERR  ] 2018-02-16T06:26:07.262070124Z: [    2.691640] IPVS: ipvs loaded.
[STDERR  ] 2018-02-16T06:26:07.262077811Z: [    2.694928] IPVS: [rr] scheduler registered.
[STDERR  ] 2018-02-16T06:26:07.262090509Z: [    2.699863] IPVS: [wrr] scheduler registered.
[STDERR  ] 2018-02-16T06:26:07.262098480Z: [    2.704553] IPVS: [lc] scheduler registered.
[STDERR  ] 2018-02-16T06:26:07.262106335Z: [    2.709391] IPVS: [wlc] scheduler registered.
[STDERR  ] 2018-02-16T06:26:07.262114222Z: [    2.714044] IPVS: [fo] scheduler registered.
[STDERR  ] 2018-02-16T06:26:07.262124033Z: [    2.718832] IPVS: [ovf] scheduler registered.
[STDERR  ] 2018-02-16T06:26:07.262131871Z: [    2.723558] IPVS: [lblc] scheduler registered.
[STDERR  ] 2018-02-16T06:26:07.262143970Z: [    2.728617] IPVS: [lblcr] scheduler registered.
[STDERR  ] 2018-02-16T06:26:07.262151741Z: [    2.733885] IPVS: [dh] scheduler registered.
[STDERR  ] 2018-02-16T06:26:07.262159626Z: [    2.738462] IPVS: [sh] scheduler registered.
[STDERR  ] 2018-02-16T06:26:07.262167601Z: [    2.743521] IPVS: [sed] scheduler registered.
[STDERR  ] 2018-02-16T06:26:07.262175556Z: [    2.748189] IPVS: [nq] scheduler registered.
[STDERR  ] 2018-02-16T06:26:07.262183266Z: [    2.753155] IPVS: ftp: loaded support on port[0] = 21
[STDERR  ] 2018-02-16T06:26:07.262194757Z: [    2.758900] ipip: IPv4 and MPLS over IPv4 tunneling driver
[STDERR  ] 2018-02-16T06:26:07.262205845Z: [    2.765100] gre: GRE over IPv4 demultiplexor driver
[STDERR  ] 2018-02-16T06:26:07.262214036Z: [    2.771062] ata6: SATA link down (SStatus 0 SControl 300)
[STDERR  ] 2018-02-16T06:26:07.262225154Z: [    2.777422] ata5: SATA link down (SStatus 0 SControl 300)
[STDERR  ] 2018-02-16T06:26:07.262239810Z: [    2.784028] ata4: SATA link down (SStatus 0 SControl 300)
[STDERR  ] 2018-02-16T06:26:07.262254788Z: [    2.790538] ata3: SATA link up 1.5 Gbps (SStatus 113 SControl 300)
[STDERR  ] 2018-02-16T06:26:07.262268376Z: [    2.797483] ata3.00: ATAPI: QEMU DVD-ROM, 2.5+, max UDMA/100
[STDERR  ] 2018-02-16T06:26:07.262281450Z: [    2.803438] ata3.00: applying bridge limits
[STDERR  ] 2018-02-16T06:26:07.262294592Z: [    2.808620] ata2: SATA link down (SStatus 0 SControl 300)
[STDERR  ] 2018-02-16T06:26:07.262308563Z: [    2.815096] ata1: SATA link up 1.5 Gbps (SStatus 113 SControl 300)
[STDERR  ] 2018-02-16T06:26:07.262321137Z: [    2.822398] ip_tables: (C) 2000-2006 Netfilter Core Team
[STDERR  ] 2018-02-16T06:26:07.262332954Z: [    2.828516] ipt_CLUSTERIP: ClusterIP Version 0.8 loaded successfully
[STDERR  ] 2018-02-16T06:26:07.262344961Z: [    2.835289] ata1.00: ATA-7: QEMU HARDDISK, 2.5+, max UDMA/100
[STDERR  ] 2018-02-16T06:26:07.262362452Z: [    2.841380] ata1.00: 1048576 sectors, multi 16: LBA48 NCQ (depth 31/32)
[STDERR  ] 2018-02-16T06:26:07.262383277Z: [    2.848171] ata1.00: applying bridge limits
[STDERR  ] 2018-02-16T06:26:07.262398752Z: [    2.852995] arp_tables: arp_tables: (C) 2002 David S. Miller
[STDERR  ] 2018-02-16T06:26:07.262414468Z: [    2.859286] NET: Registered protocol family 10
[STDERR  ] 2018-02-16T06:26:07.262428212Z: [    2.864374] ata3.00: configured for UDMA/100
[STDERR  ] 2018-02-16T06:26:07.262441223Z: [    2.869712] ata1.00: configured for UDMA/100
[STDERR  ] 2018-02-16T06:26:07.262453906Z: [    2.875042] ip6_tables: (C) 2000-2006 Netfilter Core Team
[STDERR  ] 2018-02-16T06:26:07.262469955Z: [    2.881335] scsi 0:0:0:0: Direct-Access     ATA      QEMU HARDDISK    2.5+ PQ: 0 ANSI: 5
[STDERR  ] 2018-02-16T06:26:07.262485383Z: [    2.891485] NET: Registered protocol family 17
[STDERR  ] 2018-02-16T06:26:07.262498723Z: [    2.896193] Bridge firewalling registered
[STDERR  ] 2018-02-16T06:26:07.262516110Z: [    2.900819] sd 0:0:0:0: Attached scsi generic sg0 type 0
[STDERR  ] 2018-02-16T06:26:07.262530046Z: [    2.906727] sd 0:0:0:0: [sda] 1048576 512-byte logical blocks: (537 MB/512 MiB)
[STDERR  ] 2018-02-16T06:26:07.262543708Z: [    2.914607] sd 0:0:0:0: [sda] Write Protect is off
[STDERR  ] 2018-02-16T06:26:07.262555490Z: [    2.920121] scsi 2:0:0:0: CD-ROM            QEMU     QEMU DVD-ROM     2.5+ PQ: 0 ANSI: 5
[STDERR  ] 2018-02-16T06:26:07.262567863Z: [    2.929297] Ebtables v2.0 registered
[STDERR  ] 2018-02-16T06:26:07.262582254Z: [    2.933505] sd 0:0:0:0: [sda] Write cache: enabled, read cache: enabled, doesn't support DPO or FUA
[STDERR  ] 2018-02-16T06:26:07.262598083Z: [    2.943128] 8021q: 802.1Q VLAN Support v1.8
[STDERR  ] 2018-02-16T06:26:07.262612657Z: [    2.947471] 9pnet: Installing 9P2000 support
[STDERR  ] 2018-02-16T06:26:07.262624410Z: [    2.953330] Key type dns_resolver registered
[STDERR  ] 2018-02-16T06:26:07.262636230Z: [    2.958762] sd 0:0:0:0: [sda] Attached SCSI disk
[STDERR  ] 2018-02-16T06:26:07.262648535Z: [    2.964288] registered taskstats version 1
[STDERR  ] 2018-02-16T06:26:07.262660165Z: [    2.971097] sr 2:0:0:0: [sr0] scsi3-mmc drive: 4x/4x cd/rw xa/form2 tray
[STDERR  ] 2018-02-16T06:26:07.262675009Z: [    2.978500] cdrom: Uniform CD-ROM driver Revision: 3.20
[STDERR  ] 2018-02-16T06:26:07.262687109Z: [    2.989758] sr 2:0:0:0: Attached scsi generic sg1 type 5
[STDERR  ] 2018-02-16T06:26:07.262698760Z: [    2.996136] Key type big_key registered
[STDERR  ] 2018-02-16T06:26:07.262710667Z: [    3.006009] Key type encrypted registered
[STDERR  ] 2018-02-16T06:26:07.262723660Z: [    3.012494] rtc_cmos 00:00: setting system clock to 2018-02-16 06:25:54 UTC (1518762354)
[STDERR  ] 2018-02-16T06:26:07.262743056Z: [    3.024313] Freeing unused kernel memory: 1404K
[STDERR  ] 2018-02-16T06:26:07.262755045Z: [    3.029465] Write protecting the kernel read-only data: 12288k
[STDERR  ] 2018-02-16T06:26:07.262766734Z: [    3.036354] Freeing unused kernel memory: 124K
[STDERR  ] 2018-02-16T06:26:07.262778387Z: [    3.045479] Freeing unused kernel memory: 1396K
[STDERR  ] 2018-02-16T06:26:07.262794738Z: 
[STDERR  ] 2018-02-16T06:26:07.262807922Z: Welcome to LinuxKit
[STDERR  ] 2018-02-16T06:26:07.262820195Z: 
[STDERR  ] 2018-02-16T06:26:07.262831834Z:                         ##         .
[STDERR  ] 2018-02-16T06:26:07.262843545Z:                   ## ## ##        ==
[STDERR  ] 2018-02-16T06:26:07.262855469Z:                ## ## ## ## ##    ===
[STDERR  ] 2018-02-16T06:26:07.262869522Z:            /"""""""""""""""""\___/ ===
[STDERR  ] 2018-02-16T06:26:07.262882455Z:           {                       /  ===-
[STDERR  ] 2018-02-16T06:26:07.262895247Z:            \______ O           __/
[STDERR  ] 2018-02-16T06:26:07.262907551Z:              \    \         __/
[STDERR  ] 2018-02-16T06:26:07.262919805Z:               \____\_______/
[STDERR  ] 2018-02-16T06:26:07.262945685Z: 
[STDERR  ] 2018-02-16T06:26:07.262958693Z: [    3.645651] IPVS: Creating netns size=2104 id=1
[STDERR  ] 2018-02-16T06:26:07.262974933Z: [    3.650981] IPVS: ftp: loaded support on port[0] = 21
[STDERR  ] 2018-02-16T06:26:07.262995038Z: 2018/02/16 06:25:54 Creating partition on /dev/sda
[STDERR  ] 2018-02-16T06:26:07.263007322Z: [    3.749968]  sda:
[STDERR  ] 2018-02-16T06:26:07.263018760Z: [    3.762489]  sda:
[STDERR  ] 2018-02-16T06:26:07.263030640Z: [    3.779266]  sda: sda1
[STDERR  ] 2018-02-16T06:26:07.263042415Z: [    3.787835]  sda: sda1
[STDERR  ] 2018-02-16T06:26:07.263054235Z: [    4.863902] mkfs.xfs: sending ioctl 1261 to a partition!
[STDERR  ] 2018-02-16T06:26:07.263068054Z: 2018/02/16 06:25:55 Partition /dev/sda1 successfully created!
[STDERR  ] 2018-02-16T06:26:07.263081995Z: [    4.951419] IPVS: Creating netns size=2104 id=2
[STDERR  ] 2018-02-16T06:26:07.263095142Z: [    4.956535] IPVS: ftp: loaded support on port[0] = 21
[STDERR  ] 2018-02-16T06:26:07.263109211Z: [    5.004277] FAT-fs (sda1): utf8 is not a recommended IO charset for FAT filesystems, filesystem will be case sensitive!
[STDERR  ] 2018-02-16T06:26:07.263137394Z: [    5.016840] FAT-fs (sda1): utf8 is not a recommended IO charset for FAT filesystems, filesystem will be case sensitive!
[STDERR  ] 2018-02-16T06:26:07.263156088Z: [    5.029408] mount: sending ioctl 5310 to a partition!
[STDERR  ] 2018-02-16T06:26:07.263168628Z: [    5.061944] mount: sending ioctl 5310 to a partition!
[STDERR  ] 2018-02-16T06:26:07.263182101Z: [    5.068046] UDF-fs: warning (device sda1): udf_fill_super: No partition found (2)
[STDERR  ] 2018-02-16T06:26:07.263195386Z: [    5.078059] XFS (sda1): Mounting V5 Filesystem
[STDERR  ] 2018-02-16T06:26:07.263209033Z: [    5.094577] XFS (sda1): Ending clean mount
[STDERR  ] 2018-02-16T06:26:07.263221264Z: format_mount test suite PASSED
[STDERR  ] 2018-02-16T06:26:07.263233137Z: [   15.543944] sd 0:0:0:0: [sda] Synchronizing SCSI cache
[STDERR  ] 2018-02-16T06:26:07.263246594Z: [   15.548597] sd 0:0:0:0: [sda] Stopping disk
[STDERR  ] 2018-02-16T06:26:07.263260928Z: [   15.554405] ACPI: Preparing to enter system sleep state S5
[STDERR  ] 2018-02-16T06:26:07.263276103Z: [   15.559729] reboot: Power down
[STDERR  ] 2018-02-16T06:26:07.263289113Z: + echo [    0.000000] Linux version 4.9.81-linuxkit (root@131493a180c4) (gcc version 6.4.0 (Alpine 6.4.0) ) #1 SMP Tue Feb 13 18:31:25 UTC 2018
[STDERR  ] 2018-02-16T06:26:07.263303759Z: [    0.000000] Command line: console=ttyS0 console=ttyAMA0
[STDERR  ] 2018-02-16T06:26:07.263316581Z: [    0.000000] x86/fpu: Legacy x87 FPU detected.
[STDERR  ] 2018-02-16T06:26:07.263328308Z: [    0.000000] x86/fpu: Using 'eager' FPU context switches.
[STDERR  ] 2018-02-16T06:26:07.263344761Z: [    0.000000] e820: BIOS-provided physical RAM map:
[STDERR  ] 2018-02-16T06:26:07.263364559Z: [    0.000000] BIOS-e820: [mem 0x0000000000000000-0x000000000009fbff] usable
[STDERR  ] 2018-02-16T06:26:07.263377981Z: [    0.000000] BIOS-e820: [mem 0x000000000009fc00-0x000000000009ffff] reserved
[STDERR  ] 2018-02-16T06:26:07.263389435Z: [    0.000000] BIOS-e820: [mem 0x00000000000f0000-0x00000000000fffff] reserved
[STDERR  ] 2018-02-16T06:26:07.263401308Z: [    0.000000] BIOS-e820: [mem 0x0000000000100000-0x000000003ffdefff] usable
[STDERR  ] 2018-02-16T06:26:07.263413472Z: [    0.000000] BIOS-e820: [mem 0x000000003ffdf000-0x000000003fffffff] reserved
[STDERR  ] 2018-02-16T06:26:07.263425914Z: [    0.000000] BIOS-e820: [mem 0x00000000b0000000-0x00000000bfffffff] reserved
[STDERR  ] 2018-02-16T06:26:07.263439743Z: [    0.000000] BIOS-e820: [mem 0x00000000fed1c000-0x00000000fed1ffff] reserved
[STDERR  ] 2018-02-16T06:26:07.263455146Z: [    0.000000] BIOS-e820: [mem 0x00000000feffc000-0x00000000feffffff] reserved
[STDERR  ] 2018-02-16T06:26:07.263469610Z: [    0.000000] BIOS-e820: [mem 0x00000000fffc0000-0x00000000ffffffff] reserved
[STDERR  ] 2018-02-16T06:26:07.263488293Z: [    0.000000] NX (Execute Disable) protection: active
[STDERR  ] 2018-02-16T06:26:07.263502432Z: [    0.000000] SMBIOS 2.8 present.
[STDERR  ] 2018-02-16T06:26:07.263516359Z: [    0.000000] Hypervisor detected: KVM
[STDERR  ] 2018-02-16T06:26:07.263530152Z: [    0.000000] e820: last_pfn = 0x3ffdf max_arch_pfn = 0x400000000
[STDERR  ] 2018-02-16T06:26:07.263551739Z: [    0.000000] x86/PAT: PAT not supported by CPU.
[STDERR  ] 2018-02-16T06:26:07.263563859Z: [    0.000000] x86/PAT: Configuration [0-7]: WB  WT  UC- UC  WB  WT  UC- UC  
[STDERR  ] 2018-02-16T06:26:07.263575941Z: [    0.000000] found SMP MP-table at [mem 0x000f6aa0-0x000f6aaf] mapped at [ffff9926400f6aa0]
[STDERR  ] 2018-02-16T06:26:07.263589119Z: [    0.000000] RAMDISK: [mem 0x3dff3000-0x3ffcffff]
[STDERR  ] 2018-02-16T06:26:07.263603226Z: [    0.000000] ACPI: Early table checksum verification disabled
[STDERR  ] 2018-02-16T06:26:07.263617553Z: [    0.000000] ACPI: RSDP 0x00000000000F68B0 000014 (v00 BOCHS )
[STDERR  ] 2018-02-16T06:26:07.263631212Z: [    0.000000] ACPI: RSDT 0x000000003FFE20A8 000034 (v01 BOCHS  BXPCRSDT 00000001 BXPC 00000001)
[STDERR  ] 2018-02-16T06:26:07.263648173Z: [    0.000000] ACPI: FACP 0x000000003FFE1EC8 0000F4 (v03 BOCHS  BXPCFACP 00000001 BXPC 00000001)
[STDERR  ] 2018-02-16T06:26:07.263662931Z: [    0.000000] ACPI: DSDT 0x000000003FFE0040 001E88 (v01 BOCHS  BXPCDSDT 00000001 BXPC 00000001)
[STDERR  ] 2018-02-16T06:26:07.263678009Z: [    0.000000] ACPI: FACS 0x000000003FFE0000 000040
[STDERR  ] 2018-02-16T06:26:07.263691703Z: [    0.000000] ACPI: APIC 0x000000003FFE1FBC 000078 (v01 BOCHS  BXPCAPIC 00000001 BXPC 00000001)
[STDERR  ] 2018-02-16T06:26:07.263704760Z: [    0.000000] ACPI: HPET 0x000000003FFE2034 000038 (v01 BOCHS  BXPCHPET 00000001 BXPC 00000001)
[STDERR  ] 2018-02-16T06:26:07.263722814Z: [    0.000000] ACPI: MCFG 0x000000003FFE206C 00003C (v01 BOCHS  BXPCMCFG 00000001 BXPC 00000001)
[STDERR  ] 2018-02-16T06:26:07.263736462Z: [    0.000000] kvm-clock: Using msrs 4b564d01 and 4b564d00
[STDERR  ] 2018-02-16T06:26:07.263750207Z: [    0.000000] kvm-clock: cpu 0, msr 0:3ffdd001, primary cpu clock
[STDERR  ] 2018-02-16T06:26:07.263764467Z: [    0.000000] clocksource: kvm-clock: mask: 0xffffffffffffffff max_cycles: 0x1cd42e4dffb, max_idle_ns: 881590591483 ns
[STDERR  ] 2018-02-16T06:26:07.263781811Z: [    0.000000] Zone ranges:
[STDERR  ] 2018-02-16T06:26:07.263794623Z: [    0.000000]   DMA      [mem 0x0000000000001000-0x0000000000ffffff]
[STDERR  ] 2018-02-16T06:26:07.263806658Z: [    0.000000]   DMA32    [mem 0x0000000001000000-0x000000003ffdefff]
[STDERR  ] 2018-02-16T06:26:07.263814827Z: [    0.000000]   Normal   empty
[STDERR  ] 2018-02-16T06:26:07.263822907Z: [    0.000000] Movable zone start for each node
[STDERR  ] 2018-02-16T06:26:07.263833434Z: [    0.000000] Early memory node ranges
[STDERR  ] 2018-02-16T06:26:07.263841360Z: [    0.000000]   node   0: [mem 0x0000000000001000-0x000000000009efff]
[STDERR  ] 2018-02-16T06:26:07.263855442Z: [    0.000000]   node   0: [mem 0x0000000000100000-0x000000003ffdefff]
[STDERR  ] 2018-02-16T06:26:07.263863412Z: [    0.000000] Initmem setup node 0 [mem 0x0000000000001000-0x000000003ffdefff]
[STDERR  ] 2018-02-16T06:26:07.263871694Z: [    0.000000] ACPI: PM-Timer IO Port: 0x608
[STDERR  ] 2018-02-16T06:26:07.263879733Z: [    0.000000] ACPI: LAPIC_NMI (acpi_id[0xff] dfl dfl lint[0x1])
[STDERR  ] 2018-02-16T06:26:07.263887967Z: [    0.000000] IOAPIC[0]: apic_id 0, version 17, address 0xfec00000, GSI 0-23
[STDERR  ] 2018-02-16T06:26:07.263896260Z: [    0.000000] ACPI: INT_SRC_OVR (bus 0 bus_irq 0 global_irq 2 dfl dfl)
[STDERR  ] 2018-02-16T06:26:07.263906465Z: [    0.000000] ACPI: INT_SRC_OVR (bus 0 bus_irq 5 global_irq 5 high level)
[STDERR  ] 2018-02-16T06:26:07.263923725Z: [    0.000000] ACPI: INT_SRC_OVR (bus 0 bus_irq 9 global_irq 9 high level)
[STDERR  ] 2018-02-16T06:26:07.263946576Z: [    0.000000] ACPI: INT_SRC_OVR (bus 0 bus_irq 10 global_irq 10 high level)
[STDERR  ] 2018-02-16T06:26:07.263956007Z: [    0.000000] ACPI: INT_SRC_OVR (bus 0 bus_irq 11 global_irq 11 high level)
[STDERR  ] 2018-02-16T06:26:07.263963842Z: [    0.000000] Using ACPI (MADT) for SMP configuration information
[STDERR  ] 2018-02-16T06:26:07.263971880Z: [    0.000000] ACPI: HPET id: 0x8086a201 base: 0xfed00000
[STDERR  ] 2018-02-16T06:26:07.263979751Z: [    0.000000] smpboot: Allowing 1 CPUs, 0 hotplug CPUs
[STDERR  ] 2018-02-16T06:26:07.263992354Z: [    0.000000] e820: [mem 0x40000000-0xafffffff] available for PCI devices
[STDERR  ] 2018-02-16T06:26:07.264000298Z: [    0.000000] Booting paravirtualized kernel on KVM
[STDERR  ] 2018-02-16T06:26:07.264008171Z: [    0.000000] clocksource: refined-jiffies: mask: 0xffffffff max_cycles: 0xffffffff, max_idle_ns: 19112604462750000 ns
[STDERR  ] 2018-02-16T06:26:07.264018907Z: [    0.000000] setup_percpu: NR_CPUS:128 nr_cpumask_bits:128 nr_cpu_ids:1 nr_node_ids:1
[STDERR  ] 2018-02-16T06:26:07.264027203Z: [    0.000000] percpu: Embedded 36 pages/cpu @ffff99267dc00000 s106904 r8192 d32360 u2097152
[STDERR  ] 2018-02-16T06:26:07.264035060Z: [    0.000000] KVM setup async PF for cpu 0
[STDERR  ] 2018-02-16T06:26:07.264042940Z: [    0.000000] kvm-stealtime: cpu 0, msr 3dc0fd80
[STDERR  ] 2018-02-16T06:26:07.264050960Z: [    0.000000] Built 1 zonelists in Zone order, mobility grouping on.  Total pages: 257896
[STDERR  ] 2018-02-16T06:26:07.264063454Z: [    0.000000] Kernel command line: console=ttyS0 console=ttyAMA0
[STDERR  ] 2018-02-16T06:26:07.264071440Z: [    0.000000] PID hash table entries: 4096 (order: 3, 32768 bytes)
[STDERR  ] 2018-02-16T06:26:07.264081933Z: [    0.000000] Dentry cache hash table entries: 131072 (order: 8, 1048576 bytes)
[STDERR  ] 2018-02-16T06:26:07.264089793Z: [    0.000000] Inode-cache hash table entries: 65536 (order: 7, 524288 bytes)
[STDERR  ] 2018-02-16T06:26:07.264097838Z: [    0.000000] Memory: 981488K/1048052K available (8054K kernel code, 1391K rwdata, 2700K rodata, 1404K init, 564K bss, 66564K reserved, 0K cma-reserved)
[STDERR  ] 2018-02-16T06:26:07.264106900Z: [    0.000000] Kernel/User page tables isolation: enabled
[STDERR  ] 2018-02-16T06:26:07.264114885Z: [    0.000000] Hierarchical RCU implementation.
[STDERR  ] 2018-02-16T06:26:07.264122701Z: [    0.000000] 	Build-time adjustment of leaf fanout to 64.
[STDERR  ] 2018-02-16T06:26:07.264130526Z: [    0.000000] 	RCU restricting CPUs from NR_CPUS=128 to nr_cpu_ids=1.
[STDERR  ] 2018-02-16T06:26:07.264138424Z: [    0.000000] RCU: Adjusting geometry for rcu_fanout_leaf=64, nr_cpu_ids=1
[STDERR  ] 2018-02-16T06:26:07.264151371Z: [    0.000000] NR_IRQS:8448 nr_irqs:256 16
[STDERR  ] 2018-02-16T06:26:07.264159239Z: [    0.000000] Console: colour VGA+ 80x25
[STDERR  ] 2018-02-16T06:26:07.264166895Z: [    0.000000] console [ttyS0] enabled
[STDERR  ] 2018-02-16T06:26:07.264174661Z: [    0.000000] clocksource: hpet: mask: 0xffffffff max_cycles: 0xffffffff, max_idle_ns: 19112604467 ns
[STDERR  ] 2018-02-16T06:26:07.264182808Z: [    0.000000] tsc: Detected 2300.000 MHz processor
[STDERR  ] 2018-02-16T06:26:07.264193966Z: [    0.020000] Calibrating delay loop (skipped) preset value.. 4600.00 BogoMIPS (lpj=23000000)
[STDERR  ] 2018-02-16T06:26:07.264202555Z: [    0.023189] pid_max: default: 32768 minimum: 301
[STDERR  ] 2018-02-16T06:26:07.264210593Z: [    0.028072] ACPI: Core revision 20160831
[STDERR  ] 2018-02-16T06:26:07.264218317Z: [    0.030791] ACPI: 1 ACPI AML tables successfully acquired and loaded
[STDERR  ] 2018-02-16T06:26:07.264226499Z: [    0.040093] Security Framework initialized
[STDERR  ] 2018-02-16T06:26:07.264234448Z: [    0.044510] Yama: becoming mindful.
[STDERR  ] 2018-02-16T06:26:07.264244653Z: [    0.048571] Mount-cache hash table entries: 2048 (order: 2, 16384 bytes)
[STDERR  ] 2018-02-16T06:26:07.264257779Z: [    0.050041] Mountpoint-cache hash table entries: 2048 (order: 2, 16384 bytes)
[STDERR  ] 2018-02-16T06:26:07.264271550Z: [    0.060986] CPU: Physical Processor ID: 0
[STDERR  ] 2018-02-16T06:26:07.264285730Z: [    0.070242] Last level iTLB entries: 4KB 0, 2MB 0, 4MB 0
[STDERR  ] 2018-02-16T06:26:07.264300415Z: [    0.076223] Last level dTLB entries: 4KB 0, 2MB 0, 4MB 0, 1GB 0
[STDERR  ] 2018-02-16T06:26:07.264315913Z: [    0.080036] Spectre V2 : Vulnerable: Minimal generic ASM retpoline
[STDERR  ] 2018-02-16T06:26:07.264332342Z: [    0.211931] Freeing SMP alternatives memory: 20K
[STDERR  ] 2018-02-16T06:26:07.264340744Z: [    0.249281] ftrace: allocating 35563 entries in 139 pages
[STDERR  ] 2018-02-16T06:26:07.264353379Z: [    0.260134] smpboot: Max logical packages: 1
[STDERR  ] 2018-02-16T06:26:07.264361755Z: [    0.271100] x2apic enabled
[STDERR  ] 2018-02-16T06:26:07.264369731Z: [    0.277014] Switched APIC routing to physical x2apic.
[STDERR  ] 2018-02-16T06:26:07.264377777Z: [    0.291983] ..TIMER: vector=0x30 apic1=0 pin1=2 apic2=-1 pin2=-1
[STDERR  ] 2018-02-16T06:26:07.264385708Z: [    0.300000] smpboot: CPU0: Intel QEMU Virtual CPU version 2.5+ (family: 0x6, model: 0x6, stepping: 0x3)
[STDERR  ] 2018-02-16T06:26:07.264393851Z: [    0.300010] Performance Events: PMU not available due to virtualization, using software events only.
[STDERR  ] 2018-02-16T06:26:07.264401706Z: [    0.320671] x86: Booted up 1 node, 1 CPUs
[STDERR  ] 2018-02-16T06:26:07.264411666Z: [    0.325347] smpboot: Total of 1 processors activated (4600.00 BogoMIPS)
[STDERR  ] 2018-02-16T06:26:07.264419666Z: [    0.332069] devtmpfs: initialized
[STDERR  ] 2018-02-16T06:26:07.264427275Z: [    0.335927] x86/mm: Memory block size: 128MB
[STDERR  ] 2018-02-16T06:26:07.264436755Z: [    0.342540] clocksource: jiffies: mask: 0xffffffff max_cycles: 0xffffffff, max_idle_ns: 19112604462750000 ns
[STDERR  ] 2018-02-16T06:26:07.264452791Z: [    0.350029] futex hash table entries: 256 (order: 2, 16384 bytes)
[STDERR  ] 2018-02-16T06:26:07.264464315Z: [    0.360251] NET: Registered protocol family 16
[STDERR  ] 2018-02-16T06:26:07.264472671Z: [    0.365407] cpuidle: using governor ladder
[STDERR  ] 2018-02-16T06:26:07.264480291Z: [    0.370010] cpuidle: using governor menu
[STDERR  ] 2018-02-16T06:26:07.264488221Z: [    0.374493] ACPI: bus type PCI registered
[STDERR  ] 2018-02-16T06:26:07.264496244Z: [    0.380459] PCI: MMCONFIG for domain 0000 [bus 00-ff] at [mem 0xb0000000-0xbfffffff] (base 0xb0000000)
[STDERR  ] 2018-02-16T06:26:07.264505051Z: [    0.390013] PCI: MMCONFIG at [mem 0xb0000000-0xbfffffff] reserved in E820
[STDERR  ] 2018-02-16T06:26:07.264516072Z: [    0.400036] PCI: Using configuration type 1 for base access
[STDERR  ] 2018-02-16T06:26:07.264942309Z: [    0.407501] HugeTLB registered 2 MB page size, pre-allocated 0 pages
[STDERR  ] 2018-02-16T06:26:07.264977061Z: [    0.410246] ACPI: Added _OSI(Module Device)
[STDERR  ] 2018-02-16T06:26:07.264998890Z: [    0.414637] ACPI: Added _OSI(Processor Device)
[STDERR  ] 2018-02-16T06:26:07.265057383Z: [    0.420008] ACPI: Added _OSI(3.0 _SCP Extensions)
[STDERR  ] 2018-02-16T06:26:07.265102171Z: [    0.424914] ACPI: Added _OSI(Processor Aggregator Device)
[STDERR  ] 2018-02-16T06:26:07.265122942Z: [    0.435227] ACPI: Interpreter enabled
[STDERR  ] 2018-02-16T06:26:07.265147997Z: [    0.440021] ACPI: (supports S0 S5)
[STDERR  ] 2018-02-16T06:26:07.265185179Z: [    0.443874] ACPI: Using IOAPIC for interrupt routing
[STDERR  ] 2018-02-16T06:26:07.265208340Z: [    0.450080] PCI: Using host bridge windows from ACPI; if necessary, use "pci=nocrs" and report a bug
[STDERR  ] 2018-02-16T06:26:07.265227895Z: [    0.463220] ACPI: PCI Root Bridge [PCI0] (domain 0000 [bus 00-ff])
[STDERR  ] 2018-02-16T06:26:07.265262329Z: [    0.470021] acpi PNP0A08:00: _OSC: OS supports [ExtendedConfig ASPM ClockPM Segments MSI]
[STDERR  ] 2018-02-16T06:26:07.265302370Z: [    0.480184] acpi PNP0A08:00: _OSC: OS now controls [PCIeHotplug PME PCIeCapability]
[STDERR  ] 2018-02-16T06:26:07.265324099Z: [    0.490094] PCI host bridge to bus 0000:00
[STDERR  ] 2018-02-16T06:26:07.265357644Z: [    0.494580] pci_bus 0000:00: root bus resource [io  0x0000-0x0cf7 window]
[STDERR  ] 2018-02-16T06:26:07.265376864Z: [    0.500015] pci_bus 0000:00: root bus resource [io  0x0d00-0xffff window]
[STDERR  ] 2018-02-16T06:26:07.265395210Z: [    0.510010] pci_bus 0000:00: root bus resource [mem 0x000a0000-0x000bffff window]
[STDERR  ] 2018-02-16T06:26:07.265424693Z: [    0.517874] pci_bus 0000:00: root bus resource [mem 0xc0000000-0xfebfffff window]
[STDERR  ] 2018-02-16T06:26:07.265448022Z: [    0.520013] pci_bus 0000:00: root bus resource [bus 00-ff]
[STDERR  ] 2018-02-16T06:26:07.265466879Z: [    0.655686] pci 0000:00:1f.0: quirk: [io  0x0600-0x067f] claimed by ICH6 ACPI/GPIO/TCO
[STDERR  ] 2018-02-16T06:26:07.265504544Z: [    0.718768] ACPI: PCI Interrupt Link [LNKA] (IRQs 5 *10 11)
[STDERR  ] 2018-02-16T06:26:07.265524635Z: [    0.722278] ACPI: PCI Interrupt Link [LNKB] (IRQs 5 *10 11)
[STDERR  ] 2018-02-16T06:26:07.265541769Z: [    0.732356] ACPI: PCI Interrupt Link [LNKC] (IRQs 5 10 *11)
[STDERR  ] 2018-02-16T06:26:07.265564862Z: [    0.742313] ACPI: PCI Interrupt Link [LNKD] (IRQs 5 10 *11)
[STDERR  ] 2018-02-16T06:26:07.265596717Z: [    0.750039] ACPI: PCI Interrupt Link [LNKE] (IRQs 5 *10 11)
[STDERR  ] 2018-02-16T06:26:07.265629609Z: [    0.757239] ACPI: PCI Interrupt Link [LNKF] (IRQs 5 *10 11)
[STDERR  ] 2018-02-16T06:26:07.265664127Z: [    0.762283] ACPI: PCI Interrupt Link [LNKG] (IRQs 5 10 *11)
[STDERR  ] 2018-02-16T06:26:07.265684094Z: [    0.771982] ACPI: PCI Interrupt Link [LNKH] (IRQs 5 10 *11)
[STDERR  ] 2018-02-16T06:26:07.265702487Z: [    0.779137] ACPI: PCI Interrupt Link [GSIA] (IRQs *16)
[STDERR  ] 2018-02-16T06:26:07.265721187Z: [    0.781230] ACPI: PCI Interrupt Link [GSIB] (IRQs *17)
[STDERR  ] 2018-02-16T06:26:07.265751490Z: [    0.791197] ACPI: PCI Interrupt Link [GSIC] (IRQs *18)
[STDERR  ] 2018-02-16T06:26:07.265772205Z: [    0.797385] ACPI: PCI Interrupt Link [GSID] (IRQs *19)
[STDERR  ] 2018-02-16T06:26:07.265791709Z: [    0.801144] ACPI: PCI Interrupt Link [GSIE] (IRQs *20)
[STDERR  ] 2018-02-16T06:26:07.265821536Z: [    0.811117] ACPI: PCI Interrupt Link [GSIF] (IRQs *21)
[STDERR  ] 2018-02-16T06:26:07.265840888Z: [    0.817399] ACPI: PCI Interrupt Link [GSIG] (IRQs *22)
[STDERR  ] 2018-02-16T06:26:07.265858581Z: [    0.821143] ACPI: PCI Interrupt Link [GSIH] (IRQs *23)
[STDERR  ] 2018-02-16T06:26:07.265878081Z: [    0.831460] ACPI: Enabled 1 GPEs in block 00 to 3F
[STDERR  ] 2018-02-16T06:26:07.265908238Z: [    0.837512] SCSI subsystem initialized
[STDERR  ] 2018-02-16T06:26:07.265928289Z: [    0.840076] ACPI: bus type USB registered
[STDERR  ] 2018-02-16T06:26:07.265954354Z: [    0.844359] usbcore: registered new interface driver usbfs
[STDERR  ] 2018-02-16T06:26:07.265981588Z: [    0.850043] usbcore: registered new interface driver hub
[STDERR  ] 2018-02-16T06:26:07.266003258Z: [    0.855587] usbcore: registered new device driver usb
[STDERR  ] 2018-02-16T06:26:07.266022327Z: [    0.860042] pps_core: LinuxPPS API ver. 1 registered
[STDERR  ] 2018-02-16T06:26:07.266040969Z: [    0.865220] pps_core: Software ver. 5.3.6 - Copyright 2005-2007 Rodolfo Giometti <giometti@linux.it>
[STDERR  ] 2018-02-16T06:26:07.266072243Z: [    0.870029] PTP clock support registered
[STDERR  ] 2018-02-16T06:26:07.266096562Z: [    0.880096] PCI: Using ACPI for IRQ routing
[STDERR  ] 2018-02-16T06:26:07.266116678Z: [    1.293665] NetLabel: Initializing
[STDERR  ] 2018-02-16T06:26:07.266145715Z: [    1.297641] NetLabel:  domain hash size = 128
[STDERR  ] 2018-02-16T06:26:07.266166582Z: [    1.300009] NetLabel:  protocols = UNLABELED CIPSOv4
[STDERR  ] 2018-02-16T06:26:07.266184213Z: [    1.305419] NetLabel:  unlabeled traffic allowed by default
[STDERR  ] 2018-02-16T06:26:07.266206866Z: [    1.310052] wmi: Mapper loaded
[STDERR  ] 2018-02-16T06:26:07.266240680Z: [    1.313575] HPET: 3 timers in total, 0 timers will be used for per-cpu timer
[STDERR  ] 2018-02-16T06:26:07.266268242Z: [    1.320143] hpet0: at MMIO 0xfed00000, IRQs 2, 8, 0
[STDERR  ] 2018-02-16T06:26:07.266323687Z: [    1.330783] hpet0: 3 comparators, 64-bit 100.000000 MHz counter
[STDERR  ] 2018-02-16T06:26:07.266344895Z: [    1.339525] clocksource: Switched to clocksource kvm-clock
[STDERR  ] 2018-02-16T06:26:07.266363428Z: [    1.349442] VFS: Disk quotas dquot_6.6.0
[STDERR  ] 2018-02-16T06:26:07.266392707Z: [    1.354219] VFS: Dquot-cache hash table entries: 512 (order 0, 4096 bytes)
[STDERR  ] 2018-02-16T06:26:07.266415240Z: [    1.362183] FS-Cache: Loaded
[STDERR  ] 2018-02-16T06:26:07.266435568Z: [    1.365696] CacheFiles: Loaded
[STDERR  ] 2018-02-16T06:26:07.266478457Z: [    1.369303] pnp: PnP ACPI init
[STDERR  ] 2018-02-16T06:26:07.266499046Z: [    1.374159] pnp: PnP ACPI: found 5 devices
[STDERR  ] 2018-02-16T06:26:07.266534644Z: [    1.384733] clocksource: acpi_pm: mask: 0xffffff max_cycles: 0xffffff, max_idle_ns: 2085701024 ns
[STDERR  ] 2018-02-16T06:26:07.266580682Z: [    1.394142] NET: Registered protocol family 2
[STDERR  ] 2018-02-16T06:26:07.266601581Z: [    1.399003] TCP established hash table entries: 8192 (order: 4, 65536 bytes)
[STDERR  ] 2018-02-16T06:26:07.266635216Z: [    1.406702] TCP bind hash table entries: 8192 (order: 5, 131072 bytes)
[STDERR  ] 2018-02-16T06:26:07.266660694Z: [    1.413628] TCP: Hash tables configured (established 8192 bind 8192)
[STDERR  ] 2018-02-16T06:26:07.266679285Z: [    1.420538] UDP hash table entries: 512 (order: 2, 16384 bytes)
[STDERR  ] 2018-02-16T06:26:07.266699574Z: [    1.426674] UDP-Lite hash table entries: 512 (order: 2, 16384 bytes)
[STDERR  ] 2018-02-16T06:26:07.266730417Z: [    1.433481] NET: Registered protocol family 1
[STDERR  ] 2018-02-16T06:26:07.266749357Z: [    1.438475] pci 0000:00:01.0: Video device with shadowed ROM at [mem 0x000c0000-0x000dffff]
[STDERR  ] 2018-02-16T06:26:07.266772316Z: [    1.447961] Unpacking initramfs...
[STDERR  ] 2018-02-16T06:26:07.266801488Z: [    2.000431] Freeing initrd memory: 32628K
[STDERR  ] 2018-02-16T06:26:07.266829619Z: [    2.005889] PCLMULQDQ-NI instructions are not detected.
[STDERR  ] 2018-02-16T06:26:07.266853372Z: [    2.011656] AVX or AES-NI instructions are not detected.
[STDERR  ] 2018-02-16T06:26:07.266884761Z: [    2.017350] CPU feature 'AVX registers' is not supported.
[STDERR  ] 2018-02-16T06:26:07.266905152Z: [    2.023166] CPU feature 'AVX registers' is not supported.
[STDERR  ] 2018-02-16T06:26:07.266923883Z: [    2.028986] CPU feature 'AVX registers' is not supported.
[STDERR  ] 2018-02-16T06:26:07.266962257Z: [    2.034929] CPU feature 'AVX registers' is not supported.
[STDERR  ] 2018-02-16T06:26:07.266982888Z: [    2.041047] AVX2 or AES-NI instructions are not detected.
[STDERR  ] 2018-02-16T06:26:07.267001285Z: [    2.047388] AVX2 instructions are not detected.
[STDERR  ] 2018-02-16T06:26:07.267019807Z: [    2.053075] audit: initializing netlink subsys (disabled)
[STDERR  ] 2018-02-16T06:26:07.267056261Z: [    2.059012] audit: type=2000 audit(1518762352.046:1): initialized
[STDERR  ] 2018-02-16T06:26:07.267075834Z: [    2.066049] workingset: timestamp_bits=46 max_order=18 bucket_order=0
[STDERR  ] 2018-02-16T06:26:07.267095004Z: [    2.073254] squashfs: version 4.0 (2009/01/31) Phillip Lougher
[STDERR  ] 2018-02-16T06:26:07.267124916Z: [    2.079681] FS-Cache: Netfs 'cifs' registered for caching
[STDERR  ] 2018-02-16T06:26:07.267149787Z: [    2.085999] fuse init (API version 7.26)
[STDERR  ] 2018-02-16T06:26:07.267169696Z: [    2.090459] SGI XFS with ACLs, security attributes, no debug enabled
[STDERR  ] 2018-02-16T06:26:07.267199431Z: [    2.097729] 9p: Installing v9fs 9p2000 file system support
[STDERR  ] 2018-02-16T06:26:07.267220100Z: [    2.103788] FS-Cache: Netfs '9p' registered for caching
[STDERR  ] 2018-02-16T06:26:07.267237740Z: [    2.110911] NET: Registered protocol family 38
[STDERR  ] 2018-02-16T06:26:07.267287355Z: [    2.115684] Key type asymmetric registered
[STDERR  ] 2018-02-16T06:26:07.267327373Z: [    2.120297] Asymmetric key parser 'x509' registered
[STDERR  ] 2018-02-16T06:26:07.267386636Z: [    2.125599] Block layer SCSI generic (bsg) driver version 0.4 loaded (major 251)
[STDERR  ] 2018-02-16T06:26:07.267421809Z: [    2.133783] io scheduler noop registered
[STDERR  ] 2018-02-16T06:26:07.267471776Z: [    2.138028] io scheduler deadline registered (default)
[STDERR  ] 2018-02-16T06:26:07.267509420Z: [    2.143732] io scheduler cfq registered
[STDERR  ] 2018-02-16T06:26:07.267554813Z: [    2.148000] pci_hotplug: PCI Hot Plug PCI Core version: 0.5
[STDERR  ] 2018-02-16T06:26:07.267592684Z: [    2.154143] pciehp: PCI Express Hot Plug Controller Driver version: 0.4
[STDERR  ] 2018-02-16T06:26:07.267640421Z: [    2.161452] shpchp: Standard Hot Plug PCI Controller Driver version: 0.4
[STDERR  ] 2018-02-16T06:26:07.267681944Z: [    2.168641] hv_vmbus: registering driver hyperv_fb
[STDERR  ] 2018-02-16T06:26:07.267744950Z: [    2.174029] input: Power Button as /devices/LNXSYSTM:00/LNXPWRBN:00/input/input0
[STDERR  ] 2018-02-16T06:26:07.267797492Z: [    2.182354] ACPI: Power Button [PWRF]
[STDERR  ] 2018-02-16T06:26:07.267834343Z: [    2.187130] GHES: HEST is not enabled!
[STDERR  ] 2018-02-16T06:26:07.267884457Z: [    2.191931] ACPI: PCI Interrupt Link [GSIG] enabled at IRQ 22
[STDERR  ] 2018-02-16T06:26:07.267924092Z: [    2.205588] ACPI: PCI Interrupt Link [GSIH] enabled at IRQ 23
[STDERR  ] 2018-02-16T06:26:07.267990783Z: [    2.217762] xenfs: not registering filesystem on non-xen platform
[STDERR  ] 2018-02-16T06:26:07.268047592Z: [    2.224588] Serial: 8250/16550 driver, 4 ports, IRQ sharing disabled
[STDERR  ] 2018-02-16T06:26:07.268092183Z: [    2.265599] 00:04: ttyS0 at I/O 0x3f8 (irq = 4, base_baud = 115200) is a 16550A
[STDERR  ] 2018-02-16T06:26:07.268151438Z: [    2.274869] Non-volatile memory driver v1.3
[STDERR  ] 2018-02-16T06:26:07.268175831Z: [    2.281499] Hangcheck: starting hangcheck timer 0.9.1 (tick is 180 seconds, margin is 60 seconds).
[STDERR  ] 2018-02-16T06:26:07.268196122Z: [    2.292140] random: fast init done
[STDERR  ] 2018-02-16T06:26:07.268235074Z: [    2.296521] random: crng init done
[STDERR  ] 2018-02-16T06:26:07.268266127Z: [    2.302340] loop: module loaded
[STDERR  ] 2018-02-16T06:26:07.268324398Z: [    2.306569] nbd: registered device at major 43
[STDERR  ] 2018-02-16T06:26:07.268347318Z: [    2.313417] lpc_ich 0000:00:1f.0: I/O space for GPIO uninitialized
[STDERR  ] 2018-02-16T06:26:07.268378891Z: [    2.320588] VMware PVSCSI driver - version 1.0.7.0-k
[STDERR  ] 2018-02-16T06:26:07.268399071Z: [    2.326321] hv_vmbus: registering driver hv_storvsc
[STDERR  ] 2018-02-16T06:26:07.268418114Z: [    2.332467] ACPI: PCI Interrupt Link [GSIA] enabled at IRQ 16
[STDERR  ] 2018-02-16T06:26:07.268436498Z: [    2.342046] ahci 0000:00:1f.2: AHCI 0001.0000 32 slots 6 ports 1.5 Gbps 0x3f impl SATA mode
[STDERR  ] 2018-02-16T06:26:07.268467127Z: [    2.351574] ahci 0000:00:1f.2: flags: 64bit ncq only 
[STDERR  ] 2018-02-16T06:26:07.268486256Z: [    2.360871] scsi host0: ahci
[STDERR  ] 2018-02-16T06:26:07.268503384Z: [    2.364208] scsi host1: ahci
[STDERR  ] 2018-02-16T06:26:07.268546585Z: [    2.367832] scsi host2: ahci
[STDERR  ] 2018-02-16T06:26:07.268569935Z: [    2.371521] scsi host3: ahci
[STDERR  ] 2018-02-16T06:26:07.268588988Z: [    2.374890] scsi host4: ahci
[STDERR  ] 2018-02-16T06:26:07.268617955Z: [    2.378416] scsi host5: ahci
[STDERR  ] 2018-02-16T06:26:07.268646517Z: [    2.381895] ata1: SATA max UDMA/133 abar m4096@0xfebd2000 port 0xfebd2100 irq 24
[STDERR  ] 2018-02-16T06:26:07.268665428Z: [    2.390561] ata2: SATA max UDMA/133 abar m4096@0xfebd2000 port 0xfebd2180 irq 24
[STDERR  ] 2018-02-16T06:26:07.268685268Z: [    2.398997] ata3: SATA max UDMA/133 abar m4096@0xfebd2000 port 0xfebd2200 irq 24
[STDERR  ] 2018-02-16T06:26:07.268716597Z: [    2.407562] ata4: SATA max UDMA/133 abar m4096@0xfebd2000 port 0xfebd2280 irq 24
[STDERR  ] 2018-02-16T06:26:07.268735623Z: [    2.416058] ata5: SATA max UDMA/133 abar m4096@0xfebd2000 port 0xfebd2300 irq 24
[STDERR  ] 2018-02-16T06:26:07.268949157Z: [    2.423970] ata6: SATA max UDMA/133 abar m4096@0xfebd2000 port 0xfebd2380 irq 24
[STDERR  ] 2018-02-16T06:26:07.268986497Z: [    2.432453] tun: Universal TUN/TAP device driver, 1.6
[STDERR  ] 2018-02-16T06:26:07.269005486Z: [    2.437845] tun: (C) 1999-2004 Max Krasnyansky <maxk@qualcomm.com>
[STDERR  ] 2018-02-16T06:26:07.269057743Z: [    2.450839] VMware vmxnet3 virtual NIC driver - version 1.4.a.0-k-NAPI
[STDERR  ] 2018-02-16T06:26:07.269079238Z: [    2.458258] hv_vmbus: registering driver hv_netvsc
[STDERR  ] 2018-02-16T06:26:07.269102829Z: [    2.463618] Fusion MPT base driver 3.04.20
[STDERR  ] 2018-02-16T06:26:07.269136496Z: [    2.468283] Copyright (c) 1999-2008 LSI Corporation
[STDERR  ] 2018-02-16T06:26:07.269155434Z: [    2.473610] Fusion MPT SPI Host driver 3.04.20
[STDERR  ] 2018-02-16T06:26:07.269175223Z: [    2.478398] i8042: PNP: PS/2 Controller [PNP0303:KBD,PNP0f13:MOU] at 0x60,0x64 irq 1,12
[STDERR  ] 2018-02-16T06:26:07.269215476Z: [    2.490588] serio: i8042 KBD port at 0x60,0x64 irq 1
[STDERR  ] 2018-02-16T06:26:07.269235614Z: [    2.495940] serio: i8042 AUX port at 0x60,0x64 irq 12
[STDERR  ] 2018-02-16T06:26:07.269263889Z: [    2.501606] hv_vmbus: registering driver hyperv_keyboard
[STDERR  ] 2018-02-16T06:26:07.269283249Z: [    2.507478] mousedev: PS/2 mouse device common for all mice
[STDERR  ] 2018-02-16T06:26:07.269320816Z: [    2.514912] input: AT Translated Set 2 keyboard as /devices/platform/i8042/serio0/input/input1
[STDERR  ] 2018-02-16T06:26:07.269343052Z: [    2.524099] input: PC Speaker as /devices/platform/pcspkr/input/input2
[STDERR  ] 2018-02-16T06:26:07.269365780Z: [    2.531491] rtc_cmos 00:00: RTC can wake from S4
[STDERR  ] 2018-02-16T06:26:07.269384756Z: [    2.538743] rtc_cmos 00:00: rtc core: registered rtc_cmos as rtc0
[STDERR  ] 2018-02-16T06:26:07.269407003Z: [    2.546144] rtc_cmos 00:00: alarms up to one day, y3k, 114 bytes nvram, hpet irqs
[STDERR  ] 2018-02-16T06:26:07.269433616Z: [    2.554188] i2c /dev entries driver
[STDERR  ] 2018-02-16T06:26:07.269479523Z: [    2.558035] device-mapper: ioctl: 4.35.0-ioctl (2016-06-23) initialised: dm-devel@redhat.com
[STDERR  ] 2018-02-16T06:26:07.269500334Z: [    2.568301] usbcore: registered new interface driver usbhid
[STDOUT  ] 2018-02-16T06:26:07.269481341Z: [    0.000000] Linux version 4.9.81-linuxkit (root@131493a180c4) (gcc version 6.4.0 (Alpine 6.4.0) ) #1 SMP Tue Feb 13 18:31:25 UTC 2018
[STDERR  ] 2018-02-16T06:26:07.269519032Z: [    2.574678] usbhid: USB HID core driver
[STDOUT  ] 2018-02-16T06:26:07.269542271Z: [    0.000000] Command line: console=ttyS0 console=ttyAMA0
[STDERR  ] 2018-02-16T06:26:07.269538914Z: [    2.578830] hv_utils: Registering HyperV Utility Driver
[STDERR  ] 2018-02-16T06:26:07.269563037Z: [    2.584366] hv_vmbus: registering driver hv_util
[STDERR  ] 2018-02-16T06:26:07.269583390Z: [    2.589243] hv_vmbus: registering driver hv_balloon
[STDERR  ] 2018-02-16T06:26:07.269602200Z: [    2.594504] oprofile: using NMI interrupt.
[STDOUT  ] 2018-02-16T06:26:07.269553061Z: [    0.000000] x86/fpu: Legacy x87 FPU detected.
[STDERR  ] 2018-02-16T06:26:07.269619460Z: [    2.599361] GACT probability on
[STDOUT  ] 2018-02-16T06:26:07.269632848Z: [    0.000000] x86/fpu: Using 'eager' FPU context switches.
[STDERR  ] 2018-02-16T06:26:07.269641101Z: [    2.602912] Mirror/redirect action on
[STDERR  ] 2018-02-16T06:26:07.269681384Z: [    2.606782] Simple TC action Loaded
[STDERR  ] 2018-02-16T06:26:07.269710684Z: [    2.610683] u32 classifier
[STDERR  ] 2018-02-16T06:26:07.269749695Z: [    2.613584]     Performance counters on
[STDERR  ] 2018-02-16T06:26:07.269771557Z: [    2.617599]     input device check on
[STDOUT  ] 2018-02-16T06:26:07.269651635Z: [    0.000000] e820: BIOS-provided physical RAM map:
[STDOUT  ] 2018-02-16T06:26:07.269816673Z: [    0.000000] BIOS-e820: [mem 0x0000000000000000-0x000000000009fbff] usable
[STDOUT  ] 2018-02-16T06:26:07.269829990Z: [    0.000000] BIOS-e820: [mem 0x000000000009fc00-0x000000000009ffff] reserved
[STDOUT  ] 2018-02-16T06:26:07.269836673Z: [    0.000000] BIOS-e820: [mem 0x00000000000f0000-0x00000000000fffff] reserved
[STDOUT  ] 2018-02-16T06:26:07.269843101Z: [    0.000000] BIOS-e820: [mem 0x0000000000100000-0x000000003ffdefff] usable
[STDOUT  ] 2018-02-16T06:26:07.269849348Z: [    0.000000] BIOS-e820: [mem 0x000000003ffdf000-0x000000003fffffff] reserved
[STDOUT  ] 2018-02-16T06:26:07.269855644Z: [    0.000000] BIOS-e820: [mem 0x00000000b0000000-0x00000000bfffffff] reserved
[STDOUT  ] 2018-02-16T06:26:07.269861935Z: [    0.000000] BIOS-e820: [mem 0x00000000fed1c000-0x00000000fed1ffff] reserved
[STDOUT  ] 2018-02-16T06:26:07.269868035Z: [    0.000000] BIOS-e820: [mem 0x00000000feffc000-0x00000000feffffff] reserved
[STDOUT  ] 2018-02-16T06:26:07.269874424Z: [    0.000000] BIOS-e820: [mem 0x00000000fffc0000-0x00000000ffffffff] reserved
[STDOUT  ] 2018-02-16T06:26:07.269886520Z: [    0.000000] NX (Execute Disable) protection: active
[STDOUT  ] 2018-02-16T06:26:07.269893750Z: [    0.000000] SMBIOS 2.8 present.
[STDOUT  ] 2018-02-16T06:26:07.269900095Z: [    0.000000] Hypervisor detected: KVM
[STDOUT  ] 2018-02-16T06:26:07.269906737Z: [    0.000000] e820: last_pfn = 0x3ffdf max_arch_pfn = 0x400000000
[STDOUT  ] 2018-02-16T06:26:07.269913064Z: [    0.000000] x86/PAT: PAT not supported by CPU.
[STDOUT  ] 2018-02-16T06:26:07.269919735Z: [    0.000000] x86/PAT: Configuration [0-7]: WB  WT  UC- UC  WB  WT  UC- UC  
[STDOUT  ] 2018-02-16T06:26:07.269925766Z: [    0.000000] found SMP MP-table at [mem 0x000f6aa0-0x000f6aaf] mapped at [ffff9926400f6aa0]
[STDOUT  ] 2018-02-16T06:26:07.269941919Z: [    0.000000] RAMDISK: [mem 0x3dff3000-0x3ffcffff]
[STDOUT  ] 2018-02-16T06:26:07.269948815Z: [    0.000000] ACPI: Early table checksum verification disabled
[STDOUT  ] 2018-02-16T06:26:07.269955208Z: [    0.000000] ACPI: RSDP 0x00000000000F68B0 000014 (v00 BOCHS )
[STDOUT  ] 2018-02-16T06:26:07.269961744Z: [    0.000000] ACPI: RSDT 0x000000003FFE20A8 000034 (v01 BOCHS  BXPCRSDT 00000001 BXPC 00000001)
[STDOUT  ] 2018-02-16T06:26:07.269969281Z: [    0.000000] ACPI: FACP 0x000000003FFE1EC8 0000F4 (v03 BOCHS  BXPCFACP 00000001 BXPC 00000001)
[STDOUT  ] 2018-02-16T06:26:07.269976006Z: [    0.000000] ACPI: DSDT 0x000000003FFE0040 001E88 (v01 BOCHS  BXPCDSDT 00000001 BXPC 00000001)
[STDOUT  ] 2018-02-16T06:26:07.269982093Z: [    0.000000] ACPI: FACS 0x000000003FFE0000 000040
[STDOUT  ] 2018-02-16T06:26:07.269988880Z: [    0.000000] ACPI: APIC 0x000000003FFE1FBC 000078 (v01 BOCHS  BXPCAPIC 00000001 BXPC 00000001)
[STDOUT  ] 2018-02-16T06:26:07.269998055Z: [    0.000000] ACPI: HPET 0x000000003FFE2034 000038 (v01 BOCHS  BXPCHPET 00000001 BXPC 00000001)
[STDOUT  ] 2018-02-16T06:26:07.270004355Z: [    0.000000] ACPI: MCFG 0x000000003FFE206C 00003C (v01 BOCHS  BXPCMCFG 00000001 BXPC 00000001)
[STDOUT  ] 2018-02-16T06:26:07.270010593Z: [    0.000000] kvm-clock: Using msrs 4b564d01 and 4b564d00
[STDOUT  ] 2018-02-16T06:26:07.270017120Z: [    0.000000] kvm-clock: cpu 0, msr 0:3ffdd001, primary cpu clock
[STDOUT  ] 2018-02-16T06:26:07.270023655Z: [    0.000000] clocksource: kvm-clock: mask: 0xffffffffffffffff max_cycles: 0x1cd42e4dffb, max_idle_ns: 881590591483 ns
[STDOUT  ] 2018-02-16T06:26:07.270030699Z: [    0.000000] Zone ranges:
[STDOUT  ] 2018-02-16T06:26:07.270037324Z: [    0.000000]   DMA      [mem 0x0000000000001000-0x0000000000ffffff]
[STDOUT  ] 2018-02-16T06:26:07.270043563Z: [    0.000000]   DMA32    [mem 0x0000000001000000-0x000000003ffdefff]
[STDOUT  ] 2018-02-16T06:26:07.270063476Z: [    0.000000]   Normal   empty
[STDOUT  ] 2018-02-16T06:26:07.270071107Z: [    0.000000] Movable zone start for each node
[STDOUT  ] 2018-02-16T06:26:07.270078654Z: [    0.000000] Early memory node ranges
[STDOUT  ] 2018-02-16T06:26:07.270085450Z: [    0.000000]   node   0: [mem 0x0000000000001000-0x000000000009efff]
[STDOUT  ] 2018-02-16T06:26:07.270091609Z: [    0.000000]   node   0: [mem 0x0000000000100000-0x000000003ffdefff]
[STDOUT  ] 2018-02-16T06:26:07.270097654Z: [    0.000000] Initmem setup node 0 [mem 0x0000000000001000-0x000000003ffdefff]
[STDOUT  ] 2018-02-16T06:26:07.270103760Z: [    0.000000] ACPI: PM-Timer IO Port: 0x608
[STDOUT  ] 2018-02-16T06:26:07.270109830Z: [    0.000000] ACPI: LAPIC_NMI (acpi_id[0xff] dfl dfl lint[0x1])
[STDOUT  ] 2018-02-16T06:26:07.270116360Z: [    0.000000] IOAPIC[0]: apic_id 0, version 17, address 0xfec00000, GSI 0-23
[STDOUT  ] 2018-02-16T06:26:07.270122360Z: [    0.000000] ACPI: INT_SRC_OVR (bus 0 bus_irq 0 global_irq 2 dfl dfl)
[STDOUT  ] 2018-02-16T06:26:07.270131558Z: [    0.000000] ACPI: INT_SRC_OVR (bus 0 bus_irq 5 global_irq 5 high level)
[STDOUT  ] 2018-02-16T06:26:07.270137814Z: [    0.000000] ACPI: INT_SRC_OVR (bus 0 bus_irq 9 global_irq 9 high level)
[STDOUT  ] 2018-02-16T06:26:07.270143805Z: [    0.000000] ACPI: INT_SRC_OVR (bus 0 bus_irq 10 global_irq 10 high level)
[STDOUT  ] 2018-02-16T06:26:07.270149920Z: [    0.000000] ACPI: INT_SRC_OVR (bus 0 bus_irq 11 global_irq 11 high level)
[STDOUT  ] 2018-02-16T06:26:07.270159939Z: [    0.000000] Using ACPI (MADT) for SMP configuration information
[STDOUT  ] 2018-02-16T06:26:07.270166580Z: [    0.000000] ACPI: HPET id: 0x8086a201 base: 0xfed00000
[STDOUT  ] 2018-02-16T06:26:07.270173130Z: [    0.000000] smpboot: Allowing 1 CPUs, 0 hotplug CPUs
[STDOUT  ] 2018-02-16T06:26:07.270179769Z: [    0.000000] e820: [mem 0x40000000-0xafffffff] available for PCI devices
[STDOUT  ] 2018-02-16T06:26:07.270185949Z: [    0.000000] Booting paravirtualized kernel on KVM
[STDOUT  ] 2018-02-16T06:26:07.270197227Z: [    0.000000] clocksource: refined-jiffies: mask: 0xffffffff max_cycles: 0xffffffff, max_idle_ns: 19112604462750000 ns
[STDOUT  ] 2018-02-16T06:26:07.270204812Z: [    0.000000] setup_percpu: NR_CPUS:128 nr_cpumask_bits:128 nr_cpu_ids:1 nr_node_ids:1
[STDOUT  ] 2018-02-16T06:26:07.270210803Z: [    0.000000] percpu: Embedded 36 pages/cpu @ffff99267dc00000 s106904 r8192 d32360 u2097152
[STDOUT  ] 2018-02-16T06:26:07.270216996Z: [    0.000000] KVM setup async PF for cpu 0
[STDOUT  ] 2018-02-16T06:26:07.270223156Z: [    0.000000] kvm-stealtime: cpu 0, msr 3dc0fd80
[STDOUT  ] 2018-02-16T06:26:07.270232098Z: [    0.000000] Built 1 zonelists in Zone order, mobility grouping on.  Total pages: 257896
[STDOUT  ] 2018-02-16T06:26:07.270240274Z: [    0.000000] Kernel command line: console=ttyS0 console=ttyAMA0
[STDOUT  ] 2018-02-16T06:26:07.270247774Z: [    0.000000] PID hash table entries: 4096 (order: 3, 32768 bytes)
[STDOUT  ] 2018-02-16T06:26:07.270255780Z: [    0.000000] Dentry cache hash table entries: 131072 (order: 8, 1048576 bytes)
[STDOUT  ] 2018-02-16T06:26:07.270261921Z: [    0.000000] Inode-cache hash table entries: 65536 (order: 7, 524288 bytes)
[STDOUT  ] 2018-02-16T06:26:07.270268470Z: [    0.000000] Memory: 981488K/1048052K available (8054K kernel code, 1391K rwdata, 2700K rodata, 1404K init, 564K bss, 66564K reserved, 0K cma-reserved)
[STDOUT  ] 2018-02-16T06:26:07.270275860Z: [    0.000000] Kernel/User page tables isolation: enabled
[STDOUT  ] 2018-02-16T06:26:07.270282283Z: [    0.000000] Hierarchical RCU implementation.
[STDOUT  ] 2018-02-16T06:26:07.270288947Z: [    0.000000] 	Build-time adjustment of leaf fanout to 64.
[STDOUT  ] 2018-02-16T06:26:07.270295463Z: [    0.000000] 	RCU restricting CPUs from NR_CPUS=128 to nr_cpu_ids=1.
[STDOUT  ] 2018-02-16T06:26:07.270301685Z: [    0.000000] RCU: Adjusting geometry for rcu_fanout_leaf=64, nr_cpu_ids=1
[STDOUT  ] 2018-02-16T06:26:07.270307563Z: [    0.000000] NR_IRQS:8448 nr_irqs:256 16
[STDOUT  ] 2018-02-16T06:26:07.270314101Z: [    0.000000] Console: colour VGA+ 80x25
[STDOUT  ] 2018-02-16T06:26:07.270326579Z: [    0.000000] console [ttyS0] enabled
[STDOUT  ] 2018-02-16T06:26:07.270332845Z: [    0.000000] clocksource: hpet: mask: 0xffffffff max_cycles: 0xffffffff, max_idle_ns: 19112604467 ns
[STDOUT  ] 2018-02-16T06:26:07.270339992Z: [    0.000000] tsc: Detected 2300.000 MHz processor
[STDOUT  ] 2018-02-16T06:26:07.270345989Z: [    0.020000] Calibrating delay loop (skipped) preset value.. 4600.00 BogoMIPS (lpj=23000000)
[STDOUT  ] 2018-02-16T06:26:07.270351907Z: [    0.023189] pid_max: default: 32768 minimum: 301
[STDOUT  ] 2018-02-16T06:26:07.270357965Z: [    0.028072] ACPI: Core revision 20160831
[STDOUT  ] 2018-02-16T06:26:07.270363736Z: [    0.030791] ACPI: 1 ACPI AML tables successfully acquired and loaded
[STDOUT  ] 2018-02-16T06:26:07.270369809Z: [    0.040093] Security Framework initialized
[STDOUT  ] 2018-02-16T06:26:07.270375758Z: [    0.044510] Yama: becoming mindful.
[STDOUT  ] 2018-02-16T06:26:07.270381650Z: [    0.048571] Mount-cache hash table entries: 2048 (order: 2, 16384 bytes)
[STDOUT  ] 2018-02-16T06:26:07.270387483Z: [    0.050041] Mountpoint-cache hash table entries: 2048 (order: 2, 16384 bytes)
[STDOUT  ] 2018-02-16T06:26:07.270393690Z: [    0.060986] CPU: Physical Processor ID: 0
[STDOUT  ] 2018-02-16T06:26:07.270399601Z: [    0.070242] Last level iTLB entries: 4KB 0, 2MB 0, 4MB 0
[STDOUT  ] 2018-02-16T06:26:07.270409241Z: [    0.076223] Last level dTLB entries: 4KB 0, 2MB 0, 4MB 0, 1GB 0
[STDOUT  ] 2018-02-16T06:26:07.270415803Z: [    0.080036] Spectre V2 : Vulnerable: Minimal generic ASM retpoline
[STDOUT  ] 2018-02-16T06:26:07.270421854Z: [    0.211931] Freeing SMP alternatives memory: 20K
[STDOUT  ] 2018-02-16T06:26:07.270427719Z: [    0.249281] ftrace: allocating 35563 entries in 139 pages
[STDOUT  ] 2018-02-16T06:26:07.270433638Z: [    0.260134] smpboot: Max logical packages: 1
[STDOUT  ] 2018-02-16T06:26:07.270440503Z: [    0.271100] x2apic enabled
[STDOUT  ] 2018-02-16T06:26:07.270449145Z: [    0.277014] Switched APIC routing to physical x2apic.
[STDOUT  ] 2018-02-16T06:26:07.270457269Z: [    0.291983] ..TIMER: vector=0x30 apic1=0 pin1=2 apic2=-1 pin2=-1
[STDOUT  ] 2018-02-16T06:26:07.270463187Z: [    0.300000] smpboot: CPU0: Intel QEMU Virtual CPU version 2.5+ (family: 0x6, model: 0x6, stepping: 0x3)
[STDOUT  ] 2018-02-16T06:26:07.270470214Z: [    0.300010] Performance Events: PMU not available due to virtualization, using software events only.
[STDOUT  ] 2018-02-16T06:26:07.270477005Z: [    0.320671] x86: Booted up 1 node, 1 CPUs
[STDOUT  ] 2018-02-16T06:26:07.270483067Z: [    0.325347] smpboot: Total of 1 processors activated (4600.00 BogoMIPS)
[STDOUT  ] 2018-02-16T06:26:07.270489223Z: [    0.332069] devtmpfs: initialized
[STDOUT  ] 2018-02-16T06:26:07.270495474Z: [    0.335927] x86/mm: Memory block size: 128MB
[STDOUT  ] 2018-02-16T06:26:07.270503819Z: [    0.342540] clocksource: jiffies: mask: 0xffffffff max_cycles: 0xffffffff, max_idle_ns: 19112604462750000 ns
[STDOUT  ] 2018-02-16T06:26:07.270509840Z: [    0.350029] futex hash table entries: 256 (order: 2, 16384 bytes)
[STDOUT  ] 2018-02-16T06:26:07.270515894Z: [    0.360251] NET: Registered protocol family 16
[STDOUT  ] 2018-02-16T06:26:07.270522012Z: [    0.365407] cpuidle: using governor ladder
[STDOUT  ] 2018-02-16T06:26:07.270528010Z: [    0.370010] cpuidle: using governor menu
[STDOUT  ] 2018-02-16T06:26:07.270533884Z: [    0.374493] ACPI: bus type PCI registered
[STDOUT  ] 2018-02-16T06:26:07.270539698Z: [    0.380459] PCI: MMCONFIG for domain 0000 [bus 00-ff] at [mem 0xb0000000-0xbfffffff] (base 0xb0000000)
[STDOUT  ] 2018-02-16T06:26:07.270545899Z: [    0.390013] PCI: MMCONFIG at [mem 0xb0000000-0xbfffffff] reserved in E820
[STDOUT  ] 2018-02-16T06:26:07.270551939Z: [    0.400036] PCI: Using configuration type 1 for base access
[STDOUT  ] 2018-02-16T06:26:07.270557926Z: [    0.407501] HugeTLB registered 2 MB page size, pre-allocated 0 pages
[STDOUT  ] 2018-02-16T06:26:07.270567319Z: [    0.410246] ACPI: Added _OSI(Module Device)
[STDOUT  ] 2018-02-16T06:26:07.270581806Z: [    0.414637] ACPI: Added _OSI(Processor Device)
[STDOUT  ] 2018-02-16T06:26:07.270592131Z: [    0.420008] ACPI: Added _OSI(3.0 _SCP Extensions)
[STDOUT  ] 2018-02-16T06:26:07.270601093Z: [    0.424914] ACPI: Added _OSI(Processor Aggregator Device)
[STDOUT  ] 2018-02-16T06:26:07.270610584Z: [    0.435227] ACPI: Interpreter enabled
[STDOUT  ] 2018-02-16T06:26:07.270619368Z: [    0.440021] ACPI: (supports S0 S5)
[STDOUT  ] 2018-02-16T06:26:07.270628948Z: [    0.443874] ACPI: Using IOAPIC for interrupt routing
[STDOUT  ] 2018-02-16T06:26:07.270650279Z: [    0.450080] PCI: Using host bridge windows from ACPI; if necessary, use "pci=nocrs" and report a bug
[STDOUT  ] 2018-02-16T06:26:07.270662662Z: [    0.463220] ACPI: PCI Root Bridge [PCI0] (domain 0000 [bus 00-ff])
[STDOUT  ] 2018-02-16T06:26:07.270672646Z: [    0.470021] acpi PNP0A08:00: _OSC: OS supports [ExtendedConfig ASPM ClockPM Segments MSI]
[STDOUT  ] 2018-02-16T06:26:07.270682966Z: [    0.480184] acpi PNP0A08:00: _OSC: OS now controls [PCIeHotplug PME PCIeCapability]
[STDOUT  ] 2018-02-16T06:26:07.270693895Z: [    0.490094] PCI host bridge to bus 0000:00
[STDOUT  ] 2018-02-16T06:26:07.270709371Z: [    0.494580] pci_bus 0000:00: root bus resource [io  0x0000-0x0cf7 window]
[STDOUT  ] 2018-02-16T06:26:07.270719844Z: [    0.500015] pci_bus 0000:00: root bus resource [io  0x0d00-0xffff window]
[STDOUT  ] 2018-02-16T06:26:07.270729769Z: [    0.510010] pci_bus 0000:00: root bus resource [mem 0x000a0000-0x000bffff window]
[STDOUT  ] 2018-02-16T06:26:07.270745313Z: [    0.517874] pci_bus 0000:00: root bus resource [mem 0xc0000000-0xfebfffff window]
[STDOUT  ] 2018-02-16T06:26:07.270756198Z: [    0.520013] pci_bus 0000:00: root bus resource [bus 00-ff]
[STDOUT  ] 2018-02-16T06:26:07.270775033Z: [    0.655686] pci 0000:00:1f.0: quirk: [io  0x0600-0x067f] claimed by ICH6 ACPI/GPIO/TCO
[STDOUT  ] 2018-02-16T06:26:07.270785577Z: [    0.718768] ACPI: PCI Interrupt Link [LNKA] (IRQs 5 *10 11)
[STDOUT  ] 2018-02-16T06:26:07.270794706Z: [    0.722278] ACPI: PCI Interrupt Link [LNKB] (IRQs 5 *10 11)
[STDOUT  ] 2018-02-16T06:26:07.270803804Z: [    0.732356] ACPI: PCI Interrupt Link [LNKC] (IRQs 5 10 *11)
[STDOUT  ] 2018-02-16T06:26:07.270812531Z: [    0.742313] ACPI: PCI Interrupt Link [LNKD] (IRQs 5 10 *11)
[STDOUT  ] 2018-02-16T06:26:07.270822039Z: [    0.750039] ACPI: PCI Interrupt Link [LNKE] (IRQs 5 *10 11)
[STDOUT  ] 2018-02-16T06:26:07.270830988Z: [    0.757239] ACPI: PCI Interrupt Link [LNKF] (IRQs 5 *10 11)
[STDOUT  ] 2018-02-16T06:26:07.270840488Z: [    0.762283] ACPI: PCI Interrupt Link [LNKG] (IRQs 5 10 *11)
[STDOUT  ] 2018-02-16T06:26:07.270850015Z: [    0.771982] ACPI: PCI Interrupt Link [LNKH] (IRQs 5 10 *11)
[STDOUT  ] 2018-02-16T06:26:07.270860666Z: [    0.779137] ACPI: PCI Interrupt Link [GSIA] (IRQs *16)
[STDOUT  ] 2018-02-16T06:26:07.270871738Z: [    0.781230] ACPI: PCI Interrupt Link [GSIB] (IRQs *17)
[STDOUT  ] 2018-02-16T06:26:07.270881286Z: [    0.791197] ACPI: PCI Interrupt Link [GSIC] (IRQs *18)
[STDOUT  ] 2018-02-16T06:26:07.270894118Z: [    0.797385] ACPI: PCI Interrupt Link [GSID] (IRQs *19)
[STDOUT  ] 2018-02-16T06:26:07.270908279Z: [    0.801144] ACPI: PCI Interrupt Link [GSIE] (IRQs *20)
[STDOUT  ] 2018-02-16T06:26:07.270917088Z: [    0.811117] ACPI: PCI Interrupt Link [GSIF] (IRQs *21)
[STDOUT  ] 2018-02-16T06:26:07.270925653Z: [    0.817399] ACPI: PCI Interrupt Link [GSIG] (IRQs *22)
[STDOUT  ] 2018-02-16T06:26:07.270944173Z: [    0.821143] ACPI: PCI Interrupt Link [GSIH] (IRQs *23)
[STDOUT  ] 2018-02-16T06:26:07.270956542Z: [    0.831460] ACPI: Enabled 1 GPEs in block 00 to 3F
[STDOUT  ] 2018-02-16T06:26:07.270966600Z: [    0.837512] SCSI subsystem initialized
[STDOUT  ] 2018-02-16T06:26:07.270976257Z: [    0.840076] ACPI: bus type USB registered
[STDOUT  ] 2018-02-16T06:26:07.270986266Z: [    0.844359] usbcore: registered new interface driver usbfs
[STDOUT  ] 2018-02-16T06:26:07.270996509Z: [    0.850043] usbcore: registered new interface driver hub
[STDOUT  ] 2018-02-16T06:26:07.271006386Z: [    0.855587] usbcore: registered new device driver usb
[STDOUT  ] 2018-02-16T06:26:07.271023975Z: [    0.860042] pps_core: LinuxPPS API ver. 1 registered
[STDOUT  ] 2018-02-16T06:26:07.271035325Z: [    0.865220] pps_core: Software ver. 5.3.6 - Copyright 2005-2007 Rodolfo Giometti <giometti@linux.it>
[STDOUT  ] 2018-02-16T06:26:07.271045768Z: [    0.870029] PTP clock support registered
[STDOUT  ] 2018-02-16T06:26:07.271055748Z: [    0.880096] PCI: Using ACPI for IRQ routing
[STDOUT  ] 2018-02-16T06:26:07.271065892Z: [    1.293665] NetLabel: Initializing
[STDOUT  ] 2018-02-16T06:26:07.271076356Z: [    1.297641] NetLabel:  domain hash size = 128
[STDOUT  ] 2018-02-16T06:26:07.271088274Z: [    1.300009] NetLabel:  protocols = UNLABELED CIPSOv4
[STDOUT  ] 2018-02-16T06:26:07.271099019Z: [    1.305419] NetLabel:  unlabeled traffic allowed by default
[STDOUT  ] 2018-02-16T06:26:07.271109630Z: [    1.310052] wmi: Mapper loaded
[STDOUT  ] 2018-02-16T06:26:07.271121825Z: [    1.313575] HPET: 3 timers in total, 0 timers will be used for per-cpu timer
[STDOUT  ] 2018-02-16T06:26:07.271131718Z: [    1.320143] hpet0: at MMIO 0xfed00000, IRQs 2, 8, 0
[STDOUT  ] 2018-02-16T06:26:07.271138227Z: [    1.330783] hpet0: 3 comparators, 64-bit 100.000000 MHz counter
[STDOUT  ] 2018-02-16T06:26:07.271144059Z: [    1.339525] clocksource: Switched to clocksource kvm-clock
[STDOUT  ] 2018-02-16T06:26:07.271150074Z: [    1.349442] VFS: Disk quotas dquot_6.6.0
[STDOUT  ] 2018-02-16T06:26:07.271169648Z: [    1.354219] VFS: Dquot-cache hash table entries: 512 (order 0, 4096 bytes)
[STDOUT  ] 2018-02-16T06:26:07.271176212Z: [    1.362183] FS-Cache: Loaded
[STDOUT  ] 2018-02-16T06:26:07.271182459Z: [    1.365696] CacheFiles: Loaded
[STDOUT  ] 2018-02-16T06:26:07.271188732Z: [    1.369303] pnp: PnP ACPI init
[STDOUT  ] 2018-02-16T06:26:07.271194598Z: [    1.374159] pnp: PnP ACPI: found 5 devices
[STDOUT  ] 2018-02-16T06:26:07.271200581Z: [    1.384733] clocksource: acpi_pm: mask: 0xffffff max_cycles: 0xffffff, max_idle_ns: 2085701024 ns
[STDOUT  ] 2018-02-16T06:26:07.271206585Z: [    1.394142] NET: Registered protocol family 2
[STDOUT  ] 2018-02-16T06:26:07.271212558Z: [    1.399003] TCP established hash table entries: 8192 (order: 4, 65536 bytes)
[STDOUT  ] 2018-02-16T06:26:07.271218517Z: [    1.406702] TCP bind hash table entries: 8192 (order: 5, 131072 bytes)
[STDOUT  ] 2018-02-16T06:26:07.271227267Z: [    1.413628] TCP: Hash tables configured (established 8192 bind 8192)
[STDOUT  ] 2018-02-16T06:26:07.271234012Z: [    1.420538] UDP hash table entries: 512 (order: 2, 16384 bytes)
[STDOUT  ] 2018-02-16T06:26:07.271240074Z: [    1.426674] UDP-Lite hash table entries: 512 (order: 2, 16384 bytes)
[STDOUT  ] 2018-02-16T06:26:07.271246063Z: [    1.433481] NET: Registered protocol family 1
[STDOUT  ] 2018-02-16T06:26:07.271252139Z: [    1.438475] pci 0000:00:01.0: Video device with shadowed ROM at [mem 0x000c0000-0x000dffff]
[STDOUT  ] 2018-02-16T06:26:07.271258285Z: [    1.447961] Unpacking initramfs...
[STDOUT  ] 2018-02-16T06:26:07.271264088Z: [    2.000431] Freeing initrd memory: 32628K
[STDOUT  ] 2018-02-16T06:26:07.271270263Z: [    2.005889] PCLMULQDQ-NI instructions are not detected.
[STDOUT  ] 2018-02-16T06:26:07.271287290Z: [    2.011656] AVX or AES-NI instructions are not detected.
[STDOUT  ] 2018-02-16T06:26:07.271299601Z: [    2.017350] CPU feature 'AVX registers' is not supported.
[STDOUT  ] 2018-02-16T06:26:07.271305845Z: [    2.023166] CPU feature 'AVX registers' is not supported.
[STDOUT  ] 2018-02-16T06:26:07.271311805Z: [    2.028986] CPU feature 'AVX registers' is not supported.
[STDOUT  ] 2018-02-16T06:26:07.271317541Z: [    2.034929] CPU feature 'AVX registers' is not supported.
[STDOUT  ] 2018-02-16T06:26:07.271323667Z: [    2.041047] AVX2 or AES-NI instructions are not detected.
[STDOUT  ] 2018-02-16T06:26:07.271329448Z: [    2.047388] AVX2 instructions are not detected.
[STDOUT  ] 2018-02-16T06:26:07.271335612Z: [    2.053075] audit: initializing netlink subsys (disabled)
[STDOUT  ] 2018-02-16T06:26:07.271341408Z: [    2.059012] audit: type=2000 audit(1518762352.046:1): initialized
[STDOUT  ] 2018-02-16T06:26:07.271351721Z: [    2.066049] workingset: timestamp_bits=46 max_order=18 bucket_order=0
[STDOUT  ] 2018-02-16T06:26:07.271358236Z: [    2.073254] squashfs: version 4.0 (2009/01/31) Phillip Lougher
[STDOUT  ] 2018-02-16T06:26:07.271364178Z: [    2.079681] FS-Cache: Netfs 'cifs' registered for caching
[STDOUT  ] 2018-02-16T06:26:07.271370307Z: [    2.085999] fuse init (API version 7.26)
[STDOUT  ] 2018-02-16T06:26:07.271376205Z: [    2.090459] SGI XFS with ACLs, security attributes, no debug enabled
[STDOUT  ] 2018-02-16T06:26:07.271382188Z: [    2.097729] 9p: Installing v9fs 9p2000 file system support
[STDOUT  ] 2018-02-16T06:26:07.271388332Z: [    2.103788] FS-Cache: Netfs '9p' registered for caching
[STDOUT  ] 2018-02-16T06:26:07.271394457Z: [    2.110911] NET: Registered protocol family 38
[STDOUT  ] 2018-02-16T06:26:07.271400434Z: [    2.115684] Key type asymmetric registered
[STDOUT  ] 2018-02-16T06:26:07.271406414Z: [    2.120297] Asymmetric key parser 'x509' registered
[STDOUT  ] 2018-02-16T06:26:07.271412272Z: [    2.125599] Block layer SCSI generic (bsg) driver version 0.4 loaded (major 251)
[STDOUT  ] 2018-02-16T06:26:07.271418319Z: [    2.133783] io scheduler noop registered
[STDOUT  ] 2018-02-16T06:26:07.271424045Z: [    2.138028] io scheduler deadline registered (default)
[STDOUT  ] 2018-02-16T06:26:07.271429939Z: [    2.143732] io scheduler cfq registered
[STDOUT  ] 2018-02-16T06:26:07.271438679Z: [    2.148000] pci_hotplug: PCI Hot Plug PCI Core version: 0.5
[STDOUT  ] 2018-02-16T06:26:07.271444990Z: [    2.154143] pciehp: PCI Express Hot Plug Controller Driver version: 0.4
