[INFO    ] 2017-06-29T15:52:29.231286616Z: Running Test linuxkit.security.ports in /tmp/build/test/cases/030_security/010_ports
[INFO    ] 2017-06-29T15:52:29.231431221Z: Running command: [/bin/sh -x /tmp/build/test/cases/030_security/010_ports/test.sh]
[STDERR  ] 2017-06-29T15:52:29.235168195Z: + set -e
[STDERR  ] 2017-06-29T15:52:29.235180265Z: + . /tmp/build/test/cases/_lib/lib.sh
[STDERR  ] 2017-06-29T15:52:29.235183249Z: + [ -f src/github.com/linuxkit/rtf/lib/lib.sh ]
[STDERR  ] 2017-06-29T15:52:29.272413276Z: + LINUXKIT_TMPDIR=/tmp/build/test/cases/_tmp
[STDERR  ] 2017-06-29T15:52:29.272435998Z: + [ -f /tmp/build/test/cases/_tmp/env.sh ]
[STDERR  ] 2017-06-29T15:52:29.272445626Z: + . /tmp/build/test/cases/_tmp/env.sh
[STDERR  ] 2017-06-29T15:52:29.272466774Z: + export LINUXKIT_EXAMPLES_DIR=/tmp/build/test/cases/../../examples
[STDERR  ] 2017-06-29T15:52:29.272497896Z: + export LINUXKIT_BLUEPRINTS_DIR=/tmp/build/test/cases/../../blueprints
[STDERR  ] 2017-06-29T15:52:29.272508247Z: + RT_CANCEL=253
[STDERR  ] 2017-06-29T15:52:29.272512603Z: + NAME=lsof
[STDERR  ] 2017-06-29T15:52:29.27252794Z: + trap clean_up EXIT
[STDERR  ] 2017-06-29T15:52:29.272537964Z: + moby build -output kernel+initrd -name lsof test.yml
[STDERR  ] 2017-06-29T15:52:29.284523652Z: Extract kernel image: linuxkit/kernel:4.9.x
[STDERR  ] 2017-06-29T15:52:31.296808231Z: Add init containers:
[STDERR  ] 2017-06-29T15:52:31.296854541Z: Process init image: linuxkit/init:17693d233dd009b2a3a8d23673cb85969e1dce80
[STDERR  ] 2017-06-29T15:52:32.987167561Z: Process init image: linuxkit/runc:3a4e6cbf15470f62501b019b55e1caac5ee7689f
[STDERR  ] 2017-06-29T15:52:34.482703317Z: Process init image: linuxkit/containerd:a33cdcf50b8107ffe14c92802c460fe7ada39acd
[STDERR  ] 2017-06-29T15:52:36.384013591Z: Add onboot containers:
[STDERR  ] 2017-06-29T15:52:36.384065285Z:   Create OCI config for alpine:3.6
[STDERR  ] 2017-06-29T15:52:36.745973613Z:   Create OCI config for linuxkit/poweroff:7404cf2295df89ccfa2dda41997a28307a90cf28
[STDERR  ] 2017-06-29T15:52:38.099418991Z: Add files:
[STDERR  ] 2017-06-29T15:52:38.099441952Z:   check.sh
[STDERR  ] 2017-06-29T15:52:38.140511574Z: Create outputs:
[STDERR  ] 2017-06-29T15:52:46.30227725Z:   lsof-kernel lsof-initrd.img lsof-cmdline
[STDERR  ] 2017-06-29T15:52:46.373623487Z: + linuxkit run qemu -kernel lsof
[STDERR  ] 2017-06-29T15:52:46.392682219Z: Unable to find qemu-system-x86_64 within the $PATH. Using a container
[STDOUT  ] 2017-06-29T15:52:48.544433408Z: [    0.000000] Linux version 4.9.34-linuxkit (root@b147ce67977e) (gcc version 6.3.0 (Alpine 6.3.0) ) #1 SMP Tue Jun 27 09:54:32 UTC 2017
[STDOUT  ] 2017-06-29T15:52:48.544586913Z: [    0.000000] Command line: console=ttyS0 page_poison=1
[STDOUT  ] 2017-06-29T15:52:48.544770783Z: [    0.000000] x86/fpu: Legacy x87 FPU detected.
[STDOUT  ] 2017-06-29T15:52:48.544957034Z: [    0.000000] x86/fpu: Using 'eager' FPU context switches.
[STDOUT  ] 2017-06-29T15:52:48.545140439Z: [    0.000000] e820: BIOS-provided physical RAM map:
[STDOUT  ] 2017-06-29T15:52:48.545363415Z: [    0.000000] BIOS-e820: [mem 0x0000000000000000-0x000000000009fbff] usable
[STDOUT  ] 2017-06-29T15:52:48.545718136Z: [    0.000000] BIOS-e820: [mem 0x000000000009fc00-0x000000000009ffff] reserved
[STDOUT  ] 2017-06-29T15:52:48.546053963Z: [    0.000000] BIOS-e820: [mem 0x00000000000f0000-0x00000000000fffff] reserved
[STDOUT  ] 2017-06-29T15:52:48.546234287Z: [    0.000000] BIOS-e820: [mem 0x0000000000100000-0x000000003ffdefff] usable
[STDOUT  ] 2017-06-29T15:52:48.546572053Z: [    0.000000] BIOS-e820: [mem 0x000000003ffdf000-0x000000003fffffff] reserved
[STDOUT  ] 2017-06-29T15:52:48.546921905Z: [    0.000000] BIOS-e820: [mem 0x00000000b0000000-0x00000000bfffffff] reserved
[STDOUT  ] 2017-06-29T15:52:48.547258445Z: [    0.000000] BIOS-e820: [mem 0x00000000fed1c000-0x00000000fed1ffff] reserved
[STDOUT  ] 2017-06-29T15:52:48.547426704Z: [    0.000000] BIOS-e820: [mem 0x00000000fffc0000-0x00000000ffffffff] reserved
[STDOUT  ] 2017-06-29T15:52:48.547638657Z: [    0.000000] NX (Execute Disable) protection: active
[STDOUT  ] 2017-06-29T15:52:48.54778678Z: [    0.000000] SMBIOS 2.8 present.
[STDOUT  ] 2017-06-29T15:52:48.547928713Z: [    0.000000] e820: last_pfn = 0x3ffdf max_arch_pfn = 0x400000000
[STDOUT  ] 2017-06-29T15:52:48.548295235Z: [    0.000000] x86/PAT: Configuration [0-7]: WB  WC  UC- UC  WB  WC  UC- WT  
[STDOUT  ] 2017-06-29T15:52:48.548605197Z: [    0.000000] found SMP MP-table at [mem 0x000f6aa0-0x000f6aaf] mapped at [ffff9965c00f6aa0]
[STDOUT  ] 2017-06-29T15:52:48.548775942Z: [    0.000000] RAMDISK: [mem 0x3d6a0000-0x3ffcffff]
[STDOUT  ] 2017-06-29T15:52:48.549081699Z: [    0.000000] ACPI: Early table checksum verification disabled
[STDOUT  ] 2017-06-29T15:52:48.549393294Z: [    0.000000] ACPI: RSDP 0x00000000000F68C0 000014 (v00 BOCHS )
[STDOUT  ] 2017-06-29T15:52:48.549705339Z: [    0.000000] ACPI: RSDT 0x000000003FFE2404 000034 (v01 BOCHS  BXPCRSDT 00000001 BXPC 00000001)
[STDOUT  ] 2017-06-29T15:52:48.550001292Z: [    0.000000] ACPI: FACP 0x000000003FFE22A4 000074 (v01 BOCHS  BXPCFACP 00000001 BXPC 00000001)
[STDOUT  ] 2017-06-29T15:52:48.55031495Z: [    0.000000] ACPI: DSDT 0x000000003FFE0040 002264 (v01 BOCHS  BXPCDSDT 00000001 BXPC 00000001)
[STDOUT  ] 2017-06-29T15:52:48.550479758Z: [    0.000000] ACPI: FACS 0x000000003FFE0000 000040
[STDOUT  ] 2017-06-29T15:52:48.550783232Z: [    0.000000] ACPI: APIC 0x000000003FFE2318 000078 (v01 BOCHS  BXPCAPIC 00000001 BXPC 00000001)
[STDOUT  ] 2017-06-29T15:52:48.551257632Z: [    0.000000] ACPI: HPET 0x000000003FFE2390 000038 (v01 BOCHS  BXPCHPET 00000001 BXPC 00000001)
[STDOUT  ] 2017-06-29T15:52:48.551578229Z: [    0.000000] ACPI: MCFG 0x000000003FFE23C8 00003C (v01 BOCHS  BXPCMCFG 00000001 BXPC 00000001)
[STDOUT  ] 2017-06-29T15:52:48.551610024Z: [    0.000000] Zone ranges:
[STDOUT  ] 2017-06-29T15:52:48.551913992Z: [    0.000000]   DMA      [mem 0x0000000000001000-0x0000000000ffffff]
[STDOUT  ] 2017-06-29T15:52:48.55205391Z: [    0.000000]   DMA32    [mem 0x0000000001000000-0x000000003ffdefff]
[STDOUT  ] 2017-06-29T15:52:48.552319365Z: [    0.000000]   Normal   empty
[STDOUT  ] 2017-06-29T15:52:48.552472406Z: [    0.000000] Movable zone start for each node
[STDOUT  ] 2017-06-29T15:52:48.552634783Z: [    0.000000] Early memory node ranges
[STDOUT  ] 2017-06-29T15:52:48.552958427Z: [    0.000000]   node   0: [mem 0x0000000000001000-0x000000000009efff]
[STDOUT  ] 2017-06-29T15:52:48.553193019Z: [    0.000000]   node   0: [mem 0x0000000000100000-0x000000003ffdefff]
[STDOUT  ] 2017-06-29T15:52:48.553357033Z: [    0.000000] Initmem setup node 0 [mem 0x0000000000001000-0x000000003ffdefff]
[STDOUT  ] 2017-06-29T15:52:48.553506447Z: [    0.000000] ACPI: PM-Timer IO Port: 0x608
[STDOUT  ] 2017-06-29T15:52:48.553836674Z: [    0.000000] ACPI: LAPIC_NMI (acpi_id[0xff] dfl dfl lint[0x1])
[STDOUT  ] 2017-06-29T15:52:48.554004554Z: [    0.000000] IOAPIC[0]: apic_id 0, version 32, address 0xfec00000, GSI 0-23
[STDOUT  ] 2017-06-29T15:52:48.554316422Z: [    0.000000] ACPI: INT_SRC_OVR (bus 0 bus_irq 0 global_irq 2 dfl dfl)
[STDOUT  ] 2017-06-29T15:52:48.554637242Z: [    0.000000] ACPI: INT_SRC_OVR (bus 0 bus_irq 5 global_irq 5 high level)
[STDOUT  ] 2017-06-29T15:52:48.554943001Z: [    0.000000] ACPI: INT_SRC_OVR (bus 0 bus_irq 9 global_irq 9 high level)
[STDOUT  ] 2017-06-29T15:52:48.555082374Z: [    0.000000] ACPI: INT_SRC_OVR (bus 0 bus_irq 10 global_irq 10 high level)
[STDOUT  ] 2017-06-29T15:52:48.555388927Z: [    0.000000] ACPI: INT_SRC_OVR (bus 0 bus_irq 11 global_irq 11 high level)
[STDOUT  ] 2017-06-29T15:52:48.555709704Z: [    0.000000] Using ACPI (MADT) for SMP configuration information
[STDOUT  ] 2017-06-29T15:52:48.555863464Z: [    0.000000] ACPI: HPET id: 0x8086a201 base: 0xfed00000
[STDOUT  ] 2017-06-29T15:52:48.556017373Z: [    0.000000] smpboot: Allowing 1 CPUs, 0 hotplug CPUs
[STDOUT  ] 2017-06-29T15:52:48.556313894Z: [    0.000000] e820: [mem 0x40000000-0xafffffff] available for PCI devices
[STDOUT  ] 2017-06-29T15:52:48.556632255Z: [    0.000000] Booting paravirtualized kernel on bare hardware
[STDOUT  ] 2017-06-29T15:52:48.556941587Z: [    0.000000] clocksource: refined-jiffies: mask: 0xffffffff max_cycles: 0xffffffff, max_idle_ns: 19112604462750000 ns
[STDOUT  ] 2017-06-29T15:52:48.557247424Z: [    0.000000] setup_percpu: NR_CPUS:128 nr_cpumask_bits:128 nr_cpu_ids:1 nr_node_ids:1
[STDOUT  ] 2017-06-29T15:52:48.557543409Z: [    0.000000] percpu: Embedded 35 pages/cpu @ffff9965fd400000 s105112 r8192 d30056 u2097152
[STDOUT  ] 2017-06-29T15:52:48.558005698Z: [    0.000000] Built 1 zonelists in Zone order, mobility grouping on.  Total pages: 257896
[STDOUT  ] 2017-06-29T15:52:48.558168478Z: [    0.000000] Kernel command line: console=ttyS0 page_poison=1
[STDOUT  ] 2017-06-29T15:52:48.558482464Z: [    0.000000] PID hash table entries: 4096 (order: 3, 32768 bytes)
[STDOUT  ] 2017-06-29T15:52:48.558634499Z: [    0.000000] Dentry cache hash table entries: 131072 (order: 8, 1048576 bytes)
[STDOUT  ] 2017-06-29T15:52:48.558950765Z: [    0.000000] Inode-cache hash table entries: 65536 (order: 7, 524288 bytes)
[STDOUT  ] 2017-06-29T15:52:48.559594849Z: [    0.000000] Memory: 972036K/1048052K available (8023K kernel code, 1336K rwdata, 2692K rodata, 1372K init, 564K bss, 76016K reserved, 0K cma-reserved)
[STDOUT  ] 2017-06-29T15:52:48.559678927Z: [    0.000000] Hierarchical RCU implementation.
[STDOUT  ] 2017-06-29T15:52:48.559895614Z: [    0.000000] 	Build-time adjustment of leaf fanout to 64.
[STDOUT  ] 2017-06-29T15:52:48.560188962Z: [    0.000000] 	RCU restricting CPUs from NR_CPUS=128 to nr_cpu_ids=1.
[STDOUT  ] 2017-06-29T15:52:48.560448984Z: [    0.000000] RCU: Adjusting geometry for rcu_fanout_leaf=64, nr_cpu_ids=1
[STDOUT  ] 2017-06-29T15:52:48.560594853Z: [    0.000000] NR_IRQS:8448 nr_irqs:256 16
[STDOUT  ] 2017-06-29T15:52:48.560905616Z: [    0.000000] Console: colour VGA+ 80x25
[STDOUT  ] 2017-06-29T15:52:48.561127941Z: [    0.000000] console [ttyS0] enabled
[STDOUT  ] 2017-06-29T15:52:48.563413542Z: [    0.000000] allocated 2097152 bytes of page_ext
[STDOUT  ] 2017-06-29T15:52:48.566602879Z: [    0.000000] clocksource: hpet: mask: 0xffffffff max_cycles: 0xffffffff, max_idle_ns: 19112604467 ns
[STDOUT  ] 2017-06-29T15:52:48.643523423Z: [    0.000000] tsc: Unable to calibrate against PIT
[STDOUT  ] 2017-06-29T15:52:48.6440529Z: [    0.000000] tsc: using HPET reference calibration
[STDOUT  ] 2017-06-29T15:52:48.644679174Z: [    0.000000] tsc: Detected 2600.037 MHz processor
[STDOUT  ] 2017-06-29T15:52:48.646816537Z: [    0.030772] Calibrating delay loop (skipped), value calculated using timer frequency.. 5200.07 BogoMIPS (lpj=26000370)
[STDOUT  ] 2017-06-29T15:52:48.64740523Z: [    0.032078] pid_max: default: 32768 minimum: 301
[STDOUT  ] 2017-06-29T15:52:48.648824231Z: [    0.040415] ACPI: Core revision 20160831
[STDOUT  ] 2017-06-29T15:52:48.691073078Z: [    0.082335] ACPI: 1 ACPI AML tables successfully acquired and loaded
[STDOUT  ] 2017-06-29T15:52:48.695893551Z: [    0.087306] Security Framework initialized
[STDOUT  ] 2017-06-29T15:52:48.696310065Z: [    0.087849] Yama: becoming mindful.
[STDOUT  ] 2017-06-29T15:52:48.698789442Z: [    0.090238] Mount-cache hash table entries: 2048 (order: 2, 16384 bytes)
[STDOUT  ] 2017-06-29T15:52:48.699419692Z: [    0.090860] Mountpoint-cache hash table entries: 2048 (order: 2, 16384 bytes)
[STDOUT  ] 2017-06-29T15:52:48.718754541Z: [    0.110137] Last level iTLB entries: 4KB 0, 2MB 0, 4MB 0
[STDOUT  ] 2017-06-29T15:52:48.719320418Z: [    0.110716] Last level dTLB entries: 4KB 0, 2MB 0, 4MB 0, 1GB 0
[STDOUT  ] 2017-06-29T15:52:49.04343812Z: [    0.434592] Freeing SMP alternatives memory: 20K (ffffffffbbea7000 - ffffffffbbeac000)
[STDOUT  ] 2017-06-29T15:52:49.054137345Z: [    0.445492] ftrace: allocating 35396 entries in 139 pages
[STDOUT  ] 2017-06-29T15:52:49.37171922Z: [    0.621829] smpboot: Max logical packages: 1
[STDOUT  ] 2017-06-29T15:52:49.378628079Z: [    0.629607] ..TIMER: vector=0x30 apic1=0 pin1=2 apic2=-1 pin2=-1
[STDOUT  ] 2017-06-29T15:52:49.599895815Z: [    0.730000] smpboot: CPU0: AMD QEMU Virtual CPU version 2.5+ (family: 0x6, model: 0x6, stepping: 0x3)
[STDOUT  ] 2017-06-29T15:52:49.601630143Z: [    0.730000] Performance Events: PMU not available due to virtualization, using software events only.
[STDOUT  ] 2017-06-29T15:52:49.619537511Z: [    0.740346] NMI watchdog: disabled (cpu0): hardware events not enabled
[STDOUT  ] 2017-06-29T15:52:49.619846468Z: [    0.740601] NMI watchdog: Shutting down hard lockup detector on all cpus
[STDOUT  ] 2017-06-29T15:52:49.623784451Z: [    0.744617] x86: Booted up 1 node, 1 CPUs
[STDOUT  ] 2017-06-29T15:52:49.624350369Z: [    0.745117] smpboot: Total of 1 processors activated (5200.07 BogoMIPS)
[STDOUT  ] 2017-06-29T15:52:49.670264512Z: [    0.764640] devtmpfs: initialized
[STDOUT  ] 2017-06-29T15:52:49.670285645Z: [    0.770000] x86/mm: Memory block size: 128MB
[STDOUT  ] 2017-06-29T15:52:49.736872423Z: [    0.837304] clocksource: jiffies: mask: 0xffffffff max_cycles: 0xffffffff, max_idle_ns: 19112604462750000 ns
[STDOUT  ] 2017-06-29T15:52:49.737686849Z: [    0.838359] futex hash table entries: 256 (order: 2, 16384 bytes)
[STDOUT  ] 2017-06-29T15:52:49.749671819Z: [    0.850403] NET: Registered protocol family 16
[STDOUT  ] 2017-06-29T15:52:49.761173989Z: [    0.862053] cpuidle: using governor ladder
[STDOUT  ] 2017-06-29T15:52:49.76170121Z: [    0.862559] cpuidle: using governor menu
[STDOUT  ] 2017-06-29T15:52:49.763344563Z: [    0.864267] ACPI: bus type PCI registered
[STDOUT  ] 2017-06-29T15:52:49.766713794Z: [    0.867275] PCI: MMCONFIG for domain 0000 [bus 00-ff] at [mem 0xb0000000-0xbfffffff] (base 0xb0000000)
[STDOUT  ] 2017-06-29T15:52:49.767474613Z: [    0.868153] PCI: MMCONFIG at [mem 0xb0000000-0xbfffffff] reserved in E820
[STDOUT  ] 2017-06-29T15:52:49.7689192Z: [    0.869637] PCI: Using configuration type 1 for base access
[STDOUT  ] 2017-06-29T15:52:49.830737918Z: [    0.931372] HugeTLB registered 2 MB page size, pre-allocated 0 pages
[STDOUT  ] 2017-06-29T15:52:49.84561286Z: [    0.946547] ACPI: Added _OSI(Module Device)
[STDOUT  ] 2017-06-29T15:52:49.845780107Z: [    0.946797] ACPI: Added _OSI(Processor Device)
[STDOUT  ] 2017-06-29T15:52:49.846288588Z: [    0.947120] ACPI: Added _OSI(3.0 _SCP Extensions)
[STDOUT  ] 2017-06-29T15:52:49.846573625Z: [    0.947490] ACPI: Added _OSI(Processor Aggregator Device)
[STDOUT  ] 2017-06-29T15:52:49.92611097Z: [    1.026909] ACPI: Interpreter enabled
[STDOUT  ] 2017-06-29T15:52:49.9271436Z: [    1.028016] ACPI: (supports S0 S5)
[STDOUT  ] 2017-06-29T15:52:49.927574606Z: [    1.028388] ACPI: Using IOAPIC for interrupt routing
[STDOUT  ] 2017-06-29T15:52:49.931293963Z: [    1.031632] PCI: Using host bridge windows from ACPI; if necessary, use "pci=nocrs" and report a bug
[STDOUT  ] 2017-06-29T15:52:49.995957627Z: [    1.096733] ACPI: PCI Root Bridge [PCI0] (domain 0000 [bus 00-ff])
[STDOUT  ] 2017-06-29T15:52:49.997201342Z: [    1.097956] acpi PNP0A08:00: _OSC: OS supports [ExtendedConfig ASPM ClockPM Segments MSI]
[STDOUT  ] 2017-06-29T15:52:50.004768817Z: [    1.105246] acpi PNP0A08:00: _OSC: OS now controls [PCIeHotplug PME PCIeCapability]
[STDOUT  ] 2017-06-29T15:52:50.008433566Z: [    1.109302] PCI host bridge to bus 0000:00
[STDOUT  ] 2017-06-29T15:52:50.00939225Z: [    1.109964] pci_bus 0000:00: root bus resource [io  0x0000-0x0cf7 window]
[STDOUT  ] 2017-06-29T15:52:50.009929599Z: [    1.110661] pci_bus 0000:00: root bus resource [io  0x0d00-0xffff window]
[STDOUT  ] 2017-06-29T15:52:50.010556846Z: [    1.111157] pci_bus 0000:00: root bus resource [mem 0x000a0000-0x000bffff window]
[STDOUT  ] 2017-06-29T15:52:50.011058614Z: [    1.111673] pci_bus 0000:00: root bus resource [mem 0xc0000000-0xfebfffff window]
[STDOUT  ] 2017-06-29T15:52:50.011725266Z: [    1.112434] pci_bus 0000:00: root bus resource [bus 00-ff]
[STDOUT  ] 2017-06-29T15:52:50.108630823Z: [    1.206595] pci 0000:00:1f.0: quirk: [io  0x0600-0x067f] claimed by ICH6 ACPI/GPIO/TCO
[STDOUT  ] 2017-06-29T15:52:50.168575484Z: [    1.268287] ACPI: PCI Interrupt Link [LNKA] (IRQs 5 *10 11)
[STDOUT  ] 2017-06-29T15:52:50.171431053Z: [    1.272077] ACPI: PCI Interrupt Link [LNKB] (IRQs 5 *10 11)
[STDOUT  ] 2017-06-29T15:52:50.173757273Z: [    1.274426] ACPI: PCI Interrupt Link [LNKC] (IRQs 5 10 *11)
[STDOUT  ] 2017-06-29T15:52:50.175663925Z: [    1.276298] ACPI: PCI Interrupt Link [LNKD] (IRQs 5 10 *11)
[STDOUT  ] 2017-06-29T15:52:50.17754081Z: [    1.278171] ACPI: PCI Interrupt Link [LNKE] (IRQs 5 *10 11)
[STDOUT  ] 2017-06-29T15:52:50.179693128Z: [    1.280386] ACPI: PCI Interrupt Link [LNKF] (IRQs 5 *10 11)
[STDOUT  ] 2017-06-29T15:52:50.181501499Z: [    1.282253] ACPI: PCI Interrupt Link [LNKG] (IRQs 5 10 *11)
[STDOUT  ] 2017-06-29T15:52:50.183321773Z: [    1.284105] ACPI: PCI Interrupt Link [LNKH] (IRQs 5 10 *11)
[STDOUT  ] 2017-06-29T15:52:50.184482502Z: [    1.285227] ACPI: PCI Interrupt Link [GSIA] (IRQs *16)
[STDOUT  ] 2017-06-29T15:52:50.185253817Z: [    1.286072] ACPI: PCI Interrupt Link [GSIB] (IRQs *17)
[STDOUT  ] 2017-06-29T15:52:50.186116066Z: [    1.286927] ACPI: PCI Interrupt Link [GSIC] (IRQs *18)
[STDOUT  ] 2017-06-29T15:52:50.186889691Z: [    1.287686] ACPI: PCI Interrupt Link [GSID] (IRQs *19)
[STDOUT  ] 2017-06-29T15:52:50.187614072Z: [    1.288464] ACPI: PCI Interrupt Link [GSIE] (IRQs *20)
[STDOUT  ] 2017-06-29T15:52:50.188378946Z: [    1.289186] ACPI: PCI Interrupt Link [GSIF] (IRQs *21)
[STDOUT  ] 2017-06-29T15:52:50.189270734Z: [    1.290180] ACPI: PCI Interrupt Link [GSIG] (IRQs *22)
[STDOUT  ] 2017-06-29T15:52:50.190169186Z: [    1.290985] ACPI: PCI Interrupt Link [GSIH] (IRQs *23)
[STDOUT  ] 2017-06-29T15:52:50.194355118Z: [    1.295273] ACPI: Enabled 2 GPEs in block 00 to 3F
[STDOUT  ] 2017-06-29T15:52:50.20062684Z: [    1.301381] SCSI subsystem initialized
[STDOUT  ] 2017-06-29T15:52:50.202407778Z: [    1.303362] ACPI: bus type USB registered
[STDOUT  ] 2017-06-29T15:52:50.203719146Z: [    1.304555] usbcore: registered new interface driver usbfs
[STDOUT  ] 2017-06-29T15:52:50.204750649Z: [    1.305556] usbcore: registered new interface driver hub
[STDOUT  ] 2017-06-29T15:52:50.205676409Z: [    1.306482] usbcore: registered new device driver usb
[STDOUT  ] 2017-06-29T15:52:50.207002904Z: [    1.307701] pps_core: LinuxPPS API ver. 1 registered
[STDOUT  ] 2017-06-29T15:52:50.207620726Z: [    1.308140] pps_core: Software ver. 5.3.6 - Copyright 2005-2007 Rodolfo Giometti <giometti@linux.it>
[STDOUT  ] 2017-06-29T15:52:50.208147868Z: [    1.308973] PTP clock support registered
[STDOUT  ] 2017-06-29T15:52:50.209577593Z: [    1.310647] wmi: Mapper loaded
[STDOUT  ] 2017-06-29T15:52:50.21093072Z: [    1.311809] PCI: Using ACPI for IRQ routing
[STDOUT  ] 2017-06-29T15:52:50.22989396Z: [    1.330815] NetLabel: Initializing
[STDOUT  ] 2017-06-29T15:52:50.230194393Z: [    1.331095] NetLabel:  domain hash size = 128
[STDOUT  ] 2017-06-29T15:52:50.23054746Z: [    1.331472] NetLabel:  protocols = UNLABELED CIPSOv4
[STDOUT  ] 2017-06-29T15:52:50.233395645Z: [    1.334252] NetLabel:  unlabeled traffic allowed by default
[STDOUT  ] 2017-06-29T15:52:50.234782791Z: [    1.335568] HPET: 3 timers in total, 0 timers will be used for per-cpu timer
[STDOUT  ] 2017-06-29T15:52:50.235718078Z: [    1.336456] hpet0: at MMIO 0xfed00000, IRQs 2, 8, 0
[STDOUT  ] 2017-06-29T15:52:50.236171129Z: [    1.337057] hpet0: 3 comparators, 64-bit 100.000000 MHz counter
[STDOUT  ] 2017-06-29T15:52:50.241598974Z: [    1.341605] clocksource: Switched to clocksource hpet
[STDOUT  ] 2017-06-29T15:52:50.526768761Z: [    1.625361] VFS: Disk quotas dquot_6.6.0
[STDOUT  ] 2017-06-29T15:52:50.527803699Z: [    1.626268] VFS: Dquot-cache hash table entries: 512 (order 0, 4096 bytes)
[STDOUT  ] 2017-06-29T15:52:50.531779307Z: [    1.630487] FS-Cache: Loaded
[STDOUT  ] 2017-06-29T15:52:50.536743324Z: [    1.635490] CacheFiles: Loaded
[STDOUT  ] 2017-06-29T15:52:50.539161428Z: [    1.637975] pnp: PnP ACPI init
[STDOUT  ] 2017-06-29T15:52:50.55249935Z: [    1.651146] pnp: PnP ACPI: found 5 devices
[STDOUT  ] 2017-06-29T15:52:50.603816294Z: [    1.702088] clocksource: acpi_pm: mask: 0xffffff max_cycles: 0xffffff, max_idle_ns: 2085701024 ns
[STDOUT  ] 2017-06-29T15:52:50.607774083Z: [    1.706399] NET: Registered protocol family 2
[STDOUT  ] 2017-06-29T15:52:50.615482583Z: [    1.713932] TCP established hash table entries: 8192 (order: 4, 65536 bytes)
[STDOUT  ] 2017-06-29T15:52:50.616298327Z: [    1.714843] TCP bind hash table entries: 8192 (order: 5, 131072 bytes)
[STDOUT  ] 2017-06-29T15:52:50.617017162Z: [    1.715683] TCP: Hash tables configured (established 8192 bind 8192)
[STDOUT  ] 2017-06-29T15:52:50.619053053Z: [    1.717612] UDP hash table entries: 512 (order: 2, 16384 bytes)
[STDOUT  ] 2017-06-29T15:52:50.619716772Z: [    1.718235] UDP-Lite hash table entries: 512 (order: 2, 16384 bytes)
[STDOUT  ] 2017-06-29T15:52:50.62290771Z: [    1.721493] NET: Registered protocol family 1
[STDOUT  ] 2017-06-29T15:52:50.624368573Z: [    1.722729] pci 0000:00:01.0: Video device with shadowed ROM at [mem 0x000c0000-0x000dffff]
[STDOUT  ] 2017-06-29T15:52:50.632267373Z: [    1.730051] Unpacking initramfs...
[STDOUT  ] 2017-06-29T15:53:01.180309215Z: [   12.278690] Freeing initrd memory: 42176K (ffff9965fd6a0000 - ffff9965fffd0000)
[STDOUT  ] 2017-06-29T15:53:01.204833069Z: [   12.303475] PCLMULQDQ-NI instructions are not detected.
[STDOUT  ] 2017-06-29T15:53:01.206289563Z: [   12.304957] AVX or AES-NI instructions are not detected.
[STDOUT  ] 2017-06-29T15:53:01.206946347Z: [   12.305479] CPU feature 'AVX registers' is not supported.
[STDOUT  ] 2017-06-29T15:53:01.207373098Z: [   12.305940] CPU feature 'AVX registers' is not supported.
[STDOUT  ] 2017-06-29T15:53:01.207790904Z: [   12.306399] CPU feature 'AVX registers' is not supported.
[STDOUT  ] 2017-06-29T15:53:01.208330773Z: [   12.306894] CPU feature 'AVX registers' is not supported.
[STDOUT  ] 2017-06-29T15:53:01.20884167Z: [   12.307384] AVX2 or AES-NI instructions are not detected.
[STDOUT  ] 2017-06-29T15:53:01.209308206Z: [   12.307896] AVX2 instructions are not detected.
[STDOUT  ] 2017-06-29T15:53:01.216581579Z: [   12.314911] audit: initializing netlink subsys (disabled)
[STDOUT  ] 2017-06-29T15:53:01.218090128Z: [   12.316693] audit: type=2000 audit(1498751580.310:1): initialized
[STDOUT  ] 2017-06-29T15:53:01.226050119Z: [   12.324552] workingset: timestamp_bits=46 max_order=18 bucket_order=0
[STDOUT  ] 2017-06-29T15:53:01.23244611Z: [   12.330988] FS-Cache: Netfs 'cifs' registered for caching
[STDOUT  ] 2017-06-29T15:53:01.233491894Z: [   12.332107] fuse init (API version 7.26)
[STDOUT  ] 2017-06-29T15:53:01.23602276Z: [   12.334468] SGI XFS with ACLs, security attributes, no debug enabled
[STDOUT  ] 2017-06-29T15:53:01.242426039Z: [   12.340989] 9p: Installing v9fs 9p2000 file system support
[STDOUT  ] 2017-06-29T15:53:01.24295294Z: [   12.341584] FS-Cache: Netfs '9p' registered for caching
[STDOUT  ] 2017-06-29T15:53:01.275434174Z: [   12.373939] NET: Registered protocol family 38
[STDOUT  ] 2017-06-29T15:53:01.276062979Z: [   12.374675] Key type asymmetric registered
[STDOUT  ] 2017-06-29T15:53:01.27651702Z: [   12.375073] Asymmetric key parser 'x509' registered
[STDOUT  ] 2017-06-29T15:53:01.277775591Z: [   12.376214] Block layer SCSI generic (bsg) driver version 0.4 loaded (major 251)
[STDOUT  ] 2017-06-29T15:53:01.27920396Z: [   12.377929] io scheduler noop registered
[STDOUT  ] 2017-06-29T15:53:01.279784877Z: [   12.378334] io scheduler deadline registered (default)
[STDOUT  ] 2017-06-29T15:53:01.280397383Z: [   12.379099] io scheduler cfq registered
[STDOUT  ] 2017-06-29T15:53:01.284710698Z: [   12.383137] pci_hotplug: PCI Hot Plug PCI Core version: 0.5
[STDOUT  ] 2017-06-29T15:53:01.285390857Z: [   12.383863] pciehp: PCI Express Hot Plug Controller Driver version: 0.4
[STDOUT  ] 2017-06-29T15:53:01.286170191Z: [   12.384815] shpchp: Standard Hot Plug PCI Controller Driver version: 0.4
[STDOUT  ] 2017-06-29T15:53:01.287075679Z: [   12.385682] hv_vmbus: registering driver hyperv_fb
[STDOUT  ] 2017-06-29T15:53:01.290384821Z: [   12.388833] input: Power Button as /devices/LNXSYSTM:00/LNXPWRBN:00/input/input0
[STDOUT  ] 2017-06-29T15:53:01.292361196Z: [   12.391143] ACPI: Power Button [PWRF]
[STDOUT  ] 2017-06-29T15:53:01.297713812Z: [   12.396289] GHES: HEST is not enabled!
[STDOUT  ] 2017-06-29T15:53:01.309054015Z: [   12.407476] ACPI: PCI Interrupt Link [GSIH] enabled at IRQ 23
[STDOUT  ] 2017-06-29T15:53:01.31554265Z: [   12.414085] xenfs: not registering filesystem on non-xen platform
[STDOUT  ] 2017-06-29T15:53:01.317762987Z: [   12.416256] Serial: 8250/16550 driver, 4 ports, IRQ sharing disabled
[STDOUT  ] 2017-06-29T15:53:01.342483043Z: [   12.440918] 00:04: ttyS0 at I/O 0x3f8 (irq = 4, base_baud = 115200) is a 16550A
[STDOUT  ] 2017-06-29T15:53:01.354938303Z: [   12.453640] Non-volatile memory driver v1.3
[STDOUT  ] 2017-06-29T15:53:01.363210455Z: [   12.461605] Hangcheck: starting hangcheck timer 0.9.1 (tick is 180 seconds, margin is 60 seconds).
[STDOUT  ] 2017-06-29T15:53:01.403514089Z: [   12.502125] loop: module loaded
[STDOUT  ] 2017-06-29T15:53:01.419397006Z: [   12.517925] nbd: registered device at major 43
[STDOUT  ] 2017-06-29T15:53:01.464870624Z: [   12.563335] lpc_ich 0000:00:1f.0: I/O space for GPIO uninitialized
[STDOUT  ] 2017-06-29T15:53:01.470199655Z: [   12.568741] VMware PVSCSI driver - version 1.0.7.0-k
[STDOUT  ] 2017-06-29T15:53:01.47098488Z: [   12.569613] hv_vmbus: registering driver hv_storvsc
[STDOUT  ] 2017-06-29T15:53:01.480967032Z: [   12.579607] ACPI: PCI Interrupt Link [GSIA] enabled at IRQ 16
[STDOUT  ] 2017-06-29T15:53:01.487571562Z: [   12.585991] ahci 0000:00:1f.2: AHCI 0001.0000 32 slots 6 ports 1.5 Gbps 0x3f impl SATA mode
[STDOUT  ] 2017-06-29T15:53:01.488127394Z: [   12.586782] ahci 0000:00:1f.2: flags: 64bit ncq only 
[STDOUT  ] 2017-06-29T15:53:01.508934322Z: [   12.607653] scsi host0: ahci
[STDOUT  ] 2017-06-29T15:53:01.514779665Z: [   12.613538] scsi host1: ahci
[STDOUT  ] 2017-06-29T15:53:01.518216528Z: [   12.617021] scsi host2: ahci
[STDOUT  ] 2017-06-29T15:53:01.521739759Z: [   12.620224] scsi host3: ahci
[STDOUT  ] 2017-06-29T15:53:01.524321624Z: [   12.623082] scsi host4: ahci
[STDOUT  ] 2017-06-29T15:53:01.526543738Z: [   12.625348] scsi host5: ahci
[STDOUT  ] 2017-06-29T15:53:01.528826592Z: [   12.627241] ata1: SATA max UDMA/133 abar m4096@0xfebf1000 port 0xfebf1100 irq 24
[STDOUT  ] 2017-06-29T15:53:01.529347446Z: [   12.627806] ata2: SATA max UDMA/133 abar m4096@0xfebf1000 port 0xfebf1180 irq 24
[STDOUT  ] 2017-06-29T15:53:01.529807645Z: [   12.628372] ata3: SATA max UDMA/133 abar m4096@0xfebf1000 port 0xfebf1200 irq 24
[STDOUT  ] 2017-06-29T15:53:01.530400389Z: [   12.628864] ata4: SATA max UDMA/133 abar m4096@0xfebf1000 port 0xfebf1280 irq 24
[STDOUT  ] 2017-06-29T15:53:01.530814272Z: [   12.629387] ata5: SATA max UDMA/133 abar m4096@0xfebf1000 port 0xfebf1300 irq 24
[STDOUT  ] 2017-06-29T15:53:01.531522769Z: [   12.629890] ata6: SATA max UDMA/133 abar m4096@0xfebf1000 port 0xfebf1380 irq 24
[STDOUT  ] 2017-06-29T15:53:01.545455268Z: [   12.643909] tun: Universal TUN/TAP device driver, 1.6
[STDOUT  ] 2017-06-29T15:53:01.545822089Z: [   12.644386] tun: (C) 1999-2004 Max Krasnyansky <maxk@qualcomm.com>
[STDOUT  ] 2017-06-29T15:53:01.548544254Z: [   12.647068] VMware vmxnet3 virtual NIC driver - version 1.4.a.0-k-NAPI
[STDOUT  ] 2017-06-29T15:53:01.549548652Z: [   12.648159] hv_vmbus: registering driver hv_netvsc
[STDOUT  ] 2017-06-29T15:53:01.549947832Z: [   12.648556] Fusion MPT base driver 3.04.20
[STDOUT  ] 2017-06-29T15:53:01.550256473Z: [   12.648879] Copyright (c) 1999-2008 LSI Corporation
[STDOUT  ] 2017-06-29T15:53:01.550853055Z: [   12.649559] Fusion MPT SPI Host driver 3.04.20
[STDOUT  ] 2017-06-29T15:53:01.553668677Z: [   12.652206] i8042: PNP: PS/2 Controller [PNP0303:KBD,PNP0f13:MOU] at 0x60,0x64 irq 1,12
[STDOUT  ] 2017-06-29T15:53:01.55764762Z: [   12.656282] serio: i8042 KBD port at 0x60,0x64 irq 1
[STDOUT  ] 2017-06-29T15:53:01.558294886Z: [   12.656959] serio: i8042 AUX port at 0x60,0x64 irq 12
[STDOUT  ] 2017-06-29T15:53:01.561541344Z: [   12.659969] hv_vmbus: registering driver hyperv_keyboard
[STDOUT  ] 2017-06-29T15:53:01.563881169Z: [   12.662561] mousedev: PS/2 mouse device common for all mice
[STDOUT  ] 2017-06-29T15:53:01.56882119Z: [   12.667318] input: AT Translated Set 2 keyboard as /devices/platform/i8042/serio0/input/input1
[STDOUT  ] 2017-06-29T15:53:01.572000319Z: [   12.670657] input: PC Speaker as /devices/platform/pcspkr/input/input2
[STDOUT  ] 2017-06-29T15:53:01.575567828Z: [   12.674177] rtc_cmos 00:00: RTC can wake from S4
[STDOUT  ] 2017-06-29T15:53:01.578897816Z: [   12.677379] rtc_cmos 00:00: rtc core: registered rtc_cmos as rtc0
[STDOUT  ] 2017-06-29T15:53:01.580432603Z: [   12.678796] rtc_cmos 00:00: alarms up to one day, y3k, 114 bytes nvram, hpet irqs
[STDOUT  ] 2017-06-29T15:53:01.580914583Z: [   12.679632] i2c /dev entries driver
[STDOUT  ] 2017-06-29T15:53:01.583530213Z: [   12.682033] device-mapper: ioctl: 4.35.0-ioctl (2016-06-23) initialised: dm-devel@redhat.com
[STDOUT  ] 2017-06-29T15:53:01.588026993Z: [   12.686669] usbcore: registered new interface driver usbhid
[STDOUT  ] 2017-06-29T15:53:01.588330691Z: [   12.687095] usbhid: USB HID core driver
[STDOUT  ] 2017-06-29T15:53:01.58908532Z: [   12.687736] hv_utils: Registering HyperV Utility Driver
[STDOUT  ] 2017-06-29T15:53:01.589373983Z: [   12.688087] hv_vmbus: registering driver hv_util
[STDOUT  ] 2017-06-29T15:53:01.589858094Z: [   12.688433] hv_vmbus: registering driver hv_balloon
[STDOUT  ] 2017-06-29T15:53:01.590334483Z: [   12.689039] oprofile: using NMI interrupt.
[STDOUT  ] 2017-06-29T15:53:01.59192992Z: [   12.690707] GACT probability on
[STDOUT  ] 2017-06-29T15:53:01.592563778Z: [   12.691222] Mirror/redirect action on
[STDOUT  ] 2017-06-29T15:53:01.593328322Z: [   12.692143] Simple TC action Loaded
[STDOUT  ] 2017-06-29T15:53:01.594043875Z: [   12.692732] u32 classifier
[STDOUT  ] 2017-06-29T15:53:01.594352416Z: [   12.692940]     Performance counters on
[STDOUT  ] 2017-06-29T15:53:01.594652136Z: [   12.693336]     input device check on
[STDOUT  ] 2017-06-29T15:53:01.594805322Z: [   12.693629]     Actions configured
[STDOUT  ] 2017-06-29T15:53:01.595770804Z: [   12.694429] Netfilter messages via NETLINK v0.30.
[STDOUT  ] 2017-06-29T15:53:01.596336361Z: [   12.695033] nfnl_acct: registering with nfnetlink.
[STDOUT  ] 2017-06-29T15:53:01.597706529Z: [   12.696396] nf_conntrack version 0.5.0 (8192 buckets, 32768 max)
[STDOUT  ] 2017-06-29T15:53:01.600634455Z: [   12.699280] ctnetlink v0.93: registering with nfnetlink.
[STDOUT  ] 2017-06-29T15:53:01.604111998Z: [   12.702763] nf_tables: (c) 2007-2009 Patrick McHardy <kaber@trash.net>
[STDOUT  ] 2017-06-29T15:53:01.605074769Z: [   12.703648] nf_tables_compat: (c) 2012 Pablo Neira Ayuso <pablo@netfilter.org>
[STDOUT  ] 2017-06-29T15:53:01.607503577Z: [   12.706300] xt_time: kernel timezone is -0000
[STDOUT  ] 2017-06-29T15:53:01.607954212Z: [   12.706812] ip_set: protocol 6
[STDOUT  ] 2017-06-29T15:53:01.608963412Z: [   12.707474] IPVS: Registered protocols (TCP, UDP, SCTP, AH, ESP)
[STDOUT  ] 2017-06-29T15:53:01.609650798Z: [   12.708202] IPVS: Connection hash table configured (size=4096, memory=64Kbytes)
[STDOUT  ] 2017-06-29T15:53:01.611711011Z: [   12.710371] IPVS: Creating netns size=2104 id=0
[STDOUT  ] 2017-06-29T15:53:01.613140835Z: [   12.711889] IPVS: ipvs loaded.
[STDOUT  ] 2017-06-29T15:53:01.61355717Z: [   12.712233] IPVS: [rr] scheduler registered.
[STDOUT  ] 2017-06-29T15:53:01.613890077Z: [   12.712588] IPVS: [wrr] scheduler registered.
[STDOUT  ] 2017-06-29T15:53:01.614191258Z: [   12.712934] IPVS: [lc] scheduler registered.
[STDOUT  ] 2017-06-29T15:53:01.614513585Z: [   12.713260] IPVS: [wlc] scheduler registered.
[STDOUT  ] 2017-06-29T15:53:01.61481725Z: [   12.713576] IPVS: [fo] scheduler registered.
[STDOUT  ] 2017-06-29T15:53:01.615115209Z: [   12.713895] IPVS: [ovf] scheduler registered.
[STDOUT  ] 2017-06-29T15:53:01.615694126Z: [   12.714375] IPVS: [lblc] scheduler registered.
[STDOUT  ] 2017-06-29T15:53:01.616129786Z: [   12.714826] IPVS: [lblcr] scheduler registered.
[STDOUT  ] 2017-06-29T15:53:01.616522726Z: [   12.715236] IPVS: [dh] scheduler registered.
[STDOUT  ] 2017-06-29T15:53:01.616824875Z: [   12.715563] IPVS: [sh] scheduler registered.
[STDOUT  ] 2017-06-29T15:53:01.617282048Z: [   12.715888] IPVS: [sed] scheduler registered.
[STDOUT  ] 2017-06-29T15:53:01.617586286Z: [   12.716271] IPVS: [nq] scheduler registered.
[STDOUT  ] 2017-06-29T15:53:01.618367466Z: [   12.717052] IPVS: ftp: loaded support on port[0] = 21
[STDOUT  ] 2017-06-29T15:53:01.619340485Z: [   12.717981] ipip: IPv4 and MPLS over IPv4 tunneling driver
[STDOUT  ] 2017-06-29T15:53:01.625199837Z: [   12.723697] gre: GRE over IPv4 demultiplexor driver
[STDOUT  ] 2017-06-29T15:53:01.627351609Z: [   12.725927] ip_tables: (C) 2000-2006 Netfilter Core Team
[STDOUT  ] 2017-06-29T15:53:01.630486648Z: [   12.728951] ipt_CLUSTERIP: ClusterIP Version 0.8 loaded successfully
[STDOUT  ] 2017-06-29T15:53:01.631202884Z: [   12.729749] arp_tables: arp_tables: (C) 2002 David S. Miller
[STDOUT  ] 2017-06-29T15:53:01.633481112Z: [   12.732275] NET: Registered protocol family 10
[STDOUT  ] 2017-06-29T15:53:01.642732114Z: [   12.741307] ip6_tables: (C) 2000-2006 Netfilter Core Team
[STDOUT  ] 2017-06-29T15:53:01.649751796Z: [   12.748322] NET: Registered protocol family 17
[STDOUT  ] 2017-06-29T15:53:01.650806696Z: [   12.749429] Bridge firewalling registered
[STDOUT  ] 2017-06-29T15:53:01.651713252Z: [   12.750528] Ebtables v2.0 registered
[STDOUT  ] 2017-06-29T15:53:01.653424363Z: [   12.752041] 8021q: 802.1Q VLAN Support v1.8
[STDOUT  ] 2017-06-29T15:53:01.654861256Z: [   12.753526] 9pnet: Installing 9P2000 support
[STDOUT  ] 2017-06-29T15:53:01.656327598Z: [   12.755006] Key type dns_resolver registered
[STDOUT  ] 2017-06-29T15:53:01.657265077Z: [   12.755962] microcode: AMD CPU family 0x6 not supported
[STDOUT  ] 2017-06-29T15:53:01.660984968Z: [   12.759622] registered taskstats version 1
[STDOUT  ] 2017-06-29T15:53:01.864043895Z: [   12.962426] ata3: SATA link up 1.5 Gbps (SStatus 113 SControl 300)
[STDOUT  ] 2017-06-29T15:53:01.870109229Z: [   12.968490] ata3.00: ATAPI: QEMU DVD-ROM, 2.5+, max UDMA/100
[STDOUT  ] 2017-06-29T15:53:01.870541721Z: [   12.969118] ata3.00: applying bridge limits
[STDOUT  ] 2017-06-29T15:53:01.87285296Z: [   12.971336] ata2: SATA link down (SStatus 0 SControl 300)
[STDOUT  ] 2017-06-29T15:53:01.874208173Z: [   12.972885] ata1: SATA link down (SStatus 0 SControl 300)
[STDOUT  ] 2017-06-29T15:53:01.882653338Z: [   12.981291] ata3.00: configured for UDMA/100
[STDOUT  ] 2017-06-29T15:53:01.908381037Z: [   13.006598] scsi 2:0:0:0: CD-ROM            QEMU     QEMU DVD-ROM     2.5+ PQ: 0 ANSI: 5
[STDOUT  ] 2017-06-29T15:53:01.919311422Z: [   13.017900] Key type big_key registered
[STDOUT  ] 2017-06-29T15:53:01.923471009Z: [   13.022067] ata6: SATA link down (SStatus 0 SControl 300)
[STDOUT  ] 2017-06-29T15:53:01.924121841Z: [   13.022793] ata4: SATA link down (SStatus 0 SControl 300)
[STDOUT  ] 2017-06-29T15:53:01.924764161Z: [   13.023408] ata5: SATA link down (SStatus 0 SControl 300)
[STDOUT  ] 2017-06-29T15:53:01.935473524Z: [   13.033913] sr 2:0:0:0: [sr0] scsi3-mmc drive: 4x/4x cd/rw xa/form2 tray
[STDOUT  ] 2017-06-29T15:53:01.942597109Z: [   13.034777] cdrom: Uniform CD-ROM driver Revision: 3.20
[STDOUT  ] 2017-06-29T15:53:01.972461542Z: [   13.070858] sr 2:0:0:0: Attached scsi generic sg0 type 5
[STDOUT  ] 2017-06-29T15:53:01.995626007Z: [   13.094247] Key type encrypted registered
[STDOUT  ] 2017-06-29T15:53:02.00227017Z: [   13.100818] rtc_cmos 00:00: setting system clock to 2017-06-29 15:53:01 UTC (1498751581)
[STDOUT  ] 2017-06-29T15:53:02.145899218Z: [   13.244580] Freeing unused kernel memory: 1372K (ffffffffbbd50000 - ffffffffbbea7000)
[STDOUT  ] 2017-06-29T15:53:02.146385163Z: [   13.244976] Write protecting the kernel read-only data: 12288k
[STDOUT  ] 2017-06-29T15:53:02.154960539Z: [   13.253224] Freeing unused kernel memory: 156K (ffff9965c47d9000 - ffff9965c4800000)
[STDOUT  ] 2017-06-29T15:53:02.265074824Z: [   13.363404] Freeing unused kernel memory: 1404K (ffff9965c4aa1000 - ffff9965c4c00000)
[STDOUT  ] 2017-06-29T15:53:02.266041194Z: [   13.364553] tsc: Refined TSC clocksource calibration: 2599.994 MHz
[STDOUT  ] 2017-06-29T15:53:02.266890225Z: [   13.365199] clocksource: tsc: mask: 0xffffffffffffffff max_cycles: 0x257a36b5a3d, max_idle_ns: 440795326591 ns
[STDOUT  ] 2017-06-29T15:53:03.282456231Z: [   14.380906] clocksource: Switched to clocksource tsc
[STDOUT  ] 2017-06-29T15:53:08.322887455Z: [   19.421296] e1000: Intel(R) PRO/1000 Network Driver - version 7.3.21-k8-NAPI
[STDOUT  ] 2017-06-29T15:53:08.3234642Z: [   19.421904] e1000: Copyright (c) 1999-2006 Intel Corporation.
[STDOUT  ] 2017-06-29T15:53:08.344509301Z: [   19.442920] ACPI: PCI Interrupt Link [GSIG] enabled at IRQ 22
[STDOUT  ] 2017-06-29T15:53:08.708474958Z: [   19.806885] e1000 0000:00:02.0 eth0: (PCI:33MHz:32-bit) 52:54:00:12:34:56
[STDOUT  ] 2017-06-29T15:53:08.709352247Z: [   19.807842] e1000 0000:00:02.0 eth0: Intel(R) PRO/1000 Network Connection
[STDOUT  ] 2017-06-29T15:53:09.184947928Z: 
[STDOUT  ] 2017-06-29T15:53:09.185956081Z: Starting containerd
[STDOUT  ] 2017-06-29T15:53:09.265975103Z: 
[STDOUT  ] 2017-06-29T15:53:09.266270052Z: Welcome to LinuxKit
[STDOUT  ] 2017-06-29T15:53:09.266282064Z: 
[STDOUT  ] 2017-06-29T15:53:09.266782383Z:                         ##         .
[STDOUT  ] 2017-06-29T15:53:09.267141434Z:                   ## ## ##        ==
[STDOUT  ] 2017-06-29T15:53:09.267469585Z:                ## ## ## ## ##    ===
[STDOUT  ] 2017-06-29T15:53:09.267983534Z:            /"""""""""""""""""\___/ ===
[STDOUT  ] 2017-06-29T15:53:09.268308587Z:       ~~~ {~~ ~~~~ ~~~ ~~~~ ~~~ ~ /  ===- ~~~
[STDOUT  ] 2017-06-29T15:53:09.268807574Z:            \______ o           __/
[STDOUT  ] 2017-06-29T15:53:09.269139583Z:              \    \         __/
[STDOUT  ] 2017-06-29T15:53:09.269468557Z:               \____\_______/
[STDOUT  ] 2017-06-29T15:53:09.269490026Z: 
[STDOUT  ] 2017-06-29T15:53:09.62485507Z: [34mINFO[0m[0000] starting containerd boot...                   [34mmodule[0m=containerd
[STDOUT  ] 2017-06-29T15:53:09.635943096Z: [34mINFO[0m[0000] loading plugin "io.containerd.content.v1.content"...  [34mmodule[0m=containerd [34mtype[0m=io.containerd.content.v1
[STDOUT  ] 2017-06-29T15:53:09.639461931Z: [34mINFO[0m[0000] skip loading plugin "io.containerd.snapshotter.v1.btrfs"...  [34mmodule[0m=containerd [34mtype[0m=io.containerd.snapshotter.v1
[STDOUT  ] 2017-06-29T15:53:09.640939813Z: [34mINFO[0m[0000] loading plugin "io.containerd.snapshotter.v1.overlayfs"...  [34mmodule[0m=containerd [34mtype[0m=io.containerd.snapshotter.v1
[STDOUT  ] 2017-06-29T15:53:09.649575418Z: [34mINFO[0m[0000] loading plugin "io.containerd.differ.v1.base-diff"...  [34mmodule[0m=containerd [34mtype[0m=io.containerd.differ.v1
[STDOUT  ] 2017-06-29T15:53:09.651997074Z: [34mINFO[0m[0000] loading plugin "io.containerd.metadata.v1.bolt"...  [34mmodule[0m=containerd [34mtype[0m=io.containerd.metadata.v1
[STDOUT  ] 2017-06-29T15:53:09.65933989Z: [34mINFO[0m[0000] loading plugin "io.containerd.grpc.v1.containers"...  [34mmodule[0m=containerd [34mtype[0m=io.containerd.grpc.v1
[STDOUT  ] 2017-06-29T15:53:09.662058256Z: [34mINFO[0m[0000] loading plugin "io.containerd.grpc.v1.content"...  [34mmodule[0m=containerd [34mtype[0m=io.containerd.grpc.v1
[STDOUT  ] 2017-06-29T15:53:09.663796072Z: [34mINFO[0m[0000] loading plugin "io.containerd.grpc.v1.diff"...  [34mmodule[0m=containerd [34mtype[0m=io.containerd.grpc.v1
[STDOUT  ] 2017-06-29T15:53:09.665697528Z: [34mINFO[0m[0000] loading plugin "io.containerd.grpc.v1.events"...  [34mmodule[0m=containerd [34mtype[0m=io.containerd.grpc.v1
[STDOUT  ] 2017-06-29T15:53:09.667526619Z: [34mINFO[0m[0000] loading plugin "io.containerd.grpc.v1.healthcheck"...  [34mmodule[0m=containerd [34mtype[0m=io.containerd.grpc.v1
[STDOUT  ] 2017-06-29T15:53:09.669163961Z: [34mINFO[0m[0000] loading plugin "io.containerd.grpc.v1.images"...  [34mmodule[0m=containerd [34mtype[0m=io.containerd.grpc.v1
[STDOUT  ] 2017-06-29T15:53:09.670857457Z: [34mINFO[0m[0000] loading plugin "io.containerd.grpc.v1.namespaces"...  [34mmodule[0m=containerd [34mtype[0m=io.containerd.grpc.v1
[STDOUT  ] 2017-06-29T15:53:09.673166779Z: [34mINFO[0m[0000] loading plugin "io.containerd.grpc.v1.snapshots"...  [34mmodule[0m=containerd [34mtype[0m=io.containerd.grpc.v1
[STDOUT  ] 2017-06-29T15:53:09.675484114Z: [34mINFO[0m[0000] loading plugin "io.containerd.monitor.v1.cgroups"...  [34mmodule[0m=containerd [34mtype[0m=io.containerd.monitor.v1
[STDOUT  ] 2017-06-29T15:53:09.731781353Z: [34mINFO[0m[0000] loading plugin "io.containerd.runtime.v1.linux"...  [34mmodule[0m=containerd [34mtype[0m=io.containerd.runtime.v1
[STDOUT  ] 2017-06-29T15:53:09.745689685Z: [34mINFO[0m[0000] loading plugin "io.containerd.grpc.v1.tasks"...  [34mmodule[0m=containerd [34mtype[0m=io.containerd.grpc.v1
[STDOUT  ] 2017-06-29T15:53:09.746188307Z: [   20.844775] random: fast init done
[STDOUT  ] 2017-06-29T15:53:09.748731397Z: [34mINFO[0m[0000] loading plugin "io.containerd.grpc.v1.version"...  [34mmodule[0m=containerd [34mtype[0m=io.containerd.grpc.v1
[STDOUT  ] 2017-06-29T15:53:09.78728128Z: [34mINFO[0m[0000] serving...                                    [34maddress[0m="/run/containerd/debug.sock" [34mmodule[0m="containerd/debug"
[STDOUT  ] 2017-06-29T15:53:09.791643314Z: [34mINFO[0m[0000] serving...                                    [34maddress[0m="/run/containerd/containerd.sock" [34mmodule[0m="containerd/grpc"
[STDOUT  ] 2017-06-29T15:53:09.794344061Z: [34mINFO[0m[0000] containerd successfully booted in 0.206252s   [34mmodule[0m=containerd
[STDOUT  ] 2017-06-29T15:53:11.093056959Z: Ports test case PASSED
[STDOUT  ] 2017-06-29T15:53:11.153088056Z:  - 000-test
[STDOUT  ] 2017-06-29T15:53:22.23344912Z: [   33.331748] ACPI: Preparing to enter system sleep state S5
[STDOUT  ] 2017-06-29T15:53:22.234997981Z: [   33.333676] reboot: Power down
[STDERR  ] 2017-06-29T15:53:22.647403663Z: + exit 0
[STDERR  ] 2017-06-29T15:53:22.647418479Z: + clean_up
[STDERR  ] 2017-06-29T15:53:22.647447451Z: + rm -rf lsof-cmdline lsof-initrd.img lsof-kernel
[PASS    ] linuxkit.security.ports 53.42s
