[INFO    ] 2017-12-15T12:15:38.979932058Z: Running Test linuxkit.packages.format_mount.by_name in /tmp/build/test/cases/040_packages/006_format_mount/002_by_name
[INFO    ] 2017-12-15T12:15:38.980072135Z: Running command: [/bin/sh -x /tmp/build/test/cases/040_packages/006_format_mount/002_by_name/test.sh]
[STDERR  ] 2017-12-15T12:15:39.023238016Z: + set -e
[STDERR  ] 2017-12-15T12:15:39.024343825Z: + . /tmp/build/test/cases/_lib/lib.sh
[STDERR  ] 2017-12-15T12:15:39.0243706Z: + [ -f src/github.com/linuxkit/rtf/lib/lib.sh ]
[STDERR  ] 2017-12-15T12:15:39.024453687Z: + LINUXKIT_TMPDIR=/tmp/build/test/cases/_tmp
[STDERR  ] 2017-12-15T12:15:39.024474909Z: + [ -f /tmp/build/test/cases/_tmp/env.sh ]
[STDERR  ] 2017-12-15T12:15:39.024486053Z: + . /tmp/build/test/cases/_tmp/env.sh
[STDERR  ] 2017-12-15T12:15:39.024530089Z: + export LINUXKIT_EXAMPLES_DIR=/tmp/build/test/cases/../../examples
[STDERR  ] 2017-12-15T12:15:39.024558707Z: + export LINUXKIT_BLUEPRINTS_DIR=/tmp/build/test/cases/../../blueprints
[STDERR  ] 2017-12-15T12:15:39.024567591Z: + RT_CANCEL=253
[STDERR  ] 2017-12-15T12:15:39.024573877Z: + NAME=test-format
[STDERR  ] 2017-12-15T12:15:39.024596517Z: + DISK=disk.img
[STDERR  ] 2017-12-15T12:15:39.024603651Z: + trap clean_up EXIT
[STDERR  ] 2017-12-15T12:15:39.024609587Z: + [ linux = osx ]
[STDERR  ] 2017-12-15T12:15:39.024651527Z: + DEVICE=/dev/sda
[STDERR  ] 2017-12-15T12:15:39.024658907Z: + sed -e s,@DEVICE@,/dev/sda,g test.yml.in
[STDERR  ] 2017-12-15T12:15:39.098644777Z: + linuxkit build -format kernel+initrd -name test-format test.yml
[STDERR  ] 2017-12-15T12:15:39.129081699Z: Extract kernel image: linuxkit/kernel:4.9.38
[STDERR  ] 2017-12-15T12:15:40.275719327Z: time="2017-12-15T12:15:40Z" level=warning msg="certificate with CN Justin Cormack is near expiry" 
[STDERR  ] 2017-12-15T12:15:40.275785617Z: time="2017-12-15T12:15:40Z" level=warning msg="certificate with CN  is near expiry" 
[STDERR  ] 2017-12-15T12:15:40.275859231Z: time="2017-12-15T12:15:40Z" level=warning msg="certificate with CN  is near expiry" 
[STDERR  ] 2017-12-15T12:15:40.319080953Z: time="2017-12-15T12:15:40Z" level=warning msg="certificate with CN Justin Cormack is near expiry" 
[STDERR  ] 2017-12-15T12:15:43.964897061Z: Add init containers:
[STDERR  ] 2017-12-15T12:15:43.964976532Z: Process init image: linuxkit/init:9250948d0de494df8a811edb3242b4584057cfe4
[STDERR  ] 2017-12-15T12:15:44.998877108Z: time="2017-12-15T12:15:44Z" level=warning msg="certificate with CN Justin Cormack is near expiry" 
[STDERR  ] 2017-12-15T12:15:44.999013846Z: time="2017-12-15T12:15:44Z" level=warning msg="certificate with CN  is near expiry" 
[STDERR  ] 2017-12-15T12:15:44.999066233Z: time="2017-12-15T12:15:44Z" level=warning msg="certificate with CN  is near expiry" 
[STDERR  ] 2017-12-15T12:15:45.00243557Z: time="2017-12-15T12:15:45Z" level=warning msg="certificate with CN Justin Cormack is near expiry" 
[STDERR  ] 2017-12-15T12:15:45.003782466Z: time="2017-12-15T12:15:45Z" level=warning msg="certificate with CN  is near expiry" 
[STDERR  ] 2017-12-15T12:15:45.222493824Z: Process init image: linuxkit/runc:abc3f292653e64a2fd488e9675ace19a55ec7023
[STDERR  ] 2017-12-15T12:15:46.268006514Z: time="2017-12-15T12:15:46Z" level=warning msg="certificate with CN Justin Cormack is near expiry" 
[STDERR  ] 2017-12-15T12:15:46.268207185Z: time="2017-12-15T12:15:46Z" level=warning msg="certificate with CN  is near expiry" 
[STDERR  ] 2017-12-15T12:15:46.268317836Z: time="2017-12-15T12:15:46Z" level=warning msg="certificate with CN  is near expiry" 
[STDERR  ] 2017-12-15T12:15:46.27209221Z: time="2017-12-15T12:15:46Z" level=warning msg="certificate with CN Justin Cormack is near expiry" 
[STDERR  ] 2017-12-15T12:15:46.273984277Z: time="2017-12-15T12:15:46Z" level=warning msg="certificate with CN  is near expiry" 
[STDERR  ] 2017-12-15T12:15:46.499364687Z: Add onboot containers:
[STDERR  ] 2017-12-15T12:15:46.49944662Z:   Create OCI config for linuxkit/format:e945016ec780a788a71dcddc81497d54d3b14bc7
[STDERR  ] 2017-12-15T12:15:47.587434704Z: time="2017-12-15T12:15:47Z" level=warning msg="certificate with CN Justin Cormack is near expiry" 
[STDERR  ] 2017-12-15T12:15:47.587661746Z: time="2017-12-15T12:15:47Z" level=warning msg="certificate with CN Rolf Neugebauer is near expiry" 
[STDERR  ] 2017-12-15T12:15:47.587728411Z: time="2017-12-15T12:15:47Z" level=warning msg="certificate with CN  is near expiry" 
[STDERR  ] 2017-12-15T12:15:47.587809786Z: time="2017-12-15T12:15:47Z" level=warning msg="certificate with CN  is near expiry" 
[STDERR  ] 2017-12-15T12:15:47.589718839Z: time="2017-12-15T12:15:47Z" level=warning msg="certificate with CN Justin Cormack is near expiry" 
[STDERR  ] 2017-12-15T12:15:47.590901148Z: time="2017-12-15T12:15:47Z" level=warning msg="certificate with CN Rolf Neugebauer is near expiry" 
[STDERR  ] 2017-12-15T12:15:47.591877846Z: time="2017-12-15T12:15:47Z" level=warning msg="certificate with CN  is near expiry" 
[STDERR  ] 2017-12-15T12:15:47.933960231Z:   Create OCI config for linuxkit/mount:b346ec277b7074e5c9986128a879c10a1d18742b
[STDERR  ] 2017-12-15T12:15:48.961284695Z: time="2017-12-15T12:15:48Z" level=warning msg="certificate with CN  is near expiry" 
[STDERR  ] 2017-12-15T12:15:48.961595232Z: time="2017-12-15T12:15:48Z" level=warning msg="certificate with CN Justin Cormack is near expiry" 
[STDERR  ] 2017-12-15T12:15:48.961833459Z: time="2017-12-15T12:15:48Z" level=warning msg="certificate with CN Rolf Neugebauer is near expiry" 
[STDERR  ] 2017-12-15T12:15:48.961891448Z: time="2017-12-15T12:15:48Z" level=warning msg="certificate with CN  is near expiry" 
[STDERR  ] 2017-12-15T12:15:48.964146833Z: time="2017-12-15T12:15:48Z" level=warning msg="certificate with CN Justin Cormack is near expiry" 
[STDERR  ] 2017-12-15T12:15:48.965902444Z: time="2017-12-15T12:15:48Z" level=warning msg="certificate with CN Rolf Neugebauer is near expiry" 
[STDERR  ] 2017-12-15T12:15:48.967074483Z: time="2017-12-15T12:15:48Z" level=warning msg="certificate with CN  is near expiry" 
[STDERR  ] 2017-12-15T12:15:49.301233972Z:   Create OCI config for alpine:3.7
[STDERR  ] 2017-12-15T12:15:50.536226175Z:   Create OCI config for linuxkit/poweroff:bccfe1cb04fc7bb9f03613d2314f38abd2620f29
[STDERR  ] 2017-12-15T12:15:51.564154643Z: time="2017-12-15T12:15:51Z" level=warning msg="certificate with CN Justin Cormack is near expiry" 
[STDERR  ] 2017-12-15T12:15:51.564320497Z: time="2017-12-15T12:15:51Z" level=warning msg="certificate with CN Rolf Neugebauer is near expiry" 
[STDERR  ] 2017-12-15T12:15:51.564384369Z: time="2017-12-15T12:15:51Z" level=warning msg="certificate with CN  is near expiry" 
[STDERR  ] 2017-12-15T12:15:51.564468068Z: time="2017-12-15T12:15:51Z" level=warning msg="certificate with CN  is near expiry" 
[STDERR  ] 2017-12-15T12:15:51.566249914Z: time="2017-12-15T12:15:51Z" level=warning msg="certificate with CN Rolf Neugebauer is near expiry" 
[STDERR  ] 2017-12-15T12:15:51.566903753Z: time="2017-12-15T12:15:51Z" level=warning msg="certificate with CN  is near expiry" 
[STDERR  ] 2017-12-15T12:15:51.716779549Z: Add files:
[STDERR  ] 2017-12-15T12:15:51.716823863Z:   check.sh
[STDERR  ] 2017-12-15T12:15:51.740603066Z: Create outputs:
[STDERR  ] 2017-12-15T12:15:57.129937311Z:   test-format-kernel test-format-initrd.img test-format-cmdline
[STDERR  ] 2017-12-15T12:15:57.192053507Z: + linuxkit run -disk file=disk.img,size=512M test-format
[STDERR  ] 2017-12-15T12:15:57.214764486Z: Unable to find qemu-system-x86_64 within the $PATH. Using a container
[STDOUT  ] 2017-12-15T12:16:37.985936293Z: [    0.000000] Linux version 4.9.38-linuxkit (root@e1ede117fb1e) (gcc version 6.3.0 (Alpine 6.3.0) ) #1 SMP Thu Jul 20 16:07:02 UTC 2017
[STDERR  ] 2017-12-15T12:16:37.985939645Z: + RESULT=[    0.000000] Linux version 4.9.38-linuxkit (root@e1ede117fb1e) (gcc version 6.3.0 (Alpine 6.3.0) ) #1 SMP Thu Jul 20 16:07:02 UTC 2017
[STDOUT  ] 2017-12-15T12:16:37.985989021Z: [    0.000000] Command line: console=ttyS0 console=ttyAMA0
[STDERR  ] 2017-12-15T12:16:37.985992291Z: [    0.000000] Command line: console=ttyS0 console=ttyAMA0
[STDOUT  ] 2017-12-15T12:16:37.9859984Z: [    0.000000] x86/fpu: Legacy x87 FPU detected.
[STDOUT  ] 2017-12-15T12:16:37.986033126Z: [    0.000000] x86/fpu: Using 'eager' FPU context switches.
[STDOUT  ] 2017-12-15T12:16:37.986042763Z: [    0.000000] e820: BIOS-provided physical RAM map:
[STDOUT  ] 2017-12-15T12:16:37.986049266Z: [    0.000000] BIOS-e820: [mem 0x0000000000000000-0x000000000009fbff] usable
[STDOUT  ] 2017-12-15T12:16:37.986056713Z: [    0.000000] BIOS-e820: [mem 0x000000000009fc00-0x000000000009ffff] reserved
[STDOUT  ] 2017-12-15T12:16:37.986062913Z: [    0.000000] BIOS-e820: [mem 0x00000000000f0000-0x00000000000fffff] reserved
[STDOUT  ] 2017-12-15T12:16:37.986069088Z: [    0.000000] BIOS-e820: [mem 0x0000000000100000-0x000000003ffdefff] usable
[STDOUT  ] 2017-12-15T12:16:37.986075186Z: [    0.000000] BIOS-e820: [mem 0x000000003ffdf000-0x000000003fffffff] reserved
[STDOUT  ] 2017-12-15T12:16:37.986088091Z: [    0.000000] BIOS-e820: [mem 0x00000000b0000000-0x00000000bfffffff] reserved
[STDOUT  ] 2017-12-15T12:16:37.98609389Z: [    0.000000] BIOS-e820: [mem 0x00000000fed1c000-0x00000000fed1ffff] reserved
[STDOUT  ] 2017-12-15T12:16:37.986099971Z: [    0.000000] BIOS-e820: [mem 0x00000000fffc0000-0x00000000ffffffff] reserved
[STDOUT  ] 2017-12-15T12:16:37.986105991Z: [    0.000000] NX (Execute Disable) protection: active
[STDOUT  ] 2017-12-15T12:16:37.986112218Z: [    0.000000] SMBIOS 2.8 present.
[STDERR  ] 2017-12-15T12:16:37.986007823Z: [    0.000000] x86/fpu: Legacy x87 FPU detected.
[STDERR  ] 2017-12-15T12:16:37.986133591Z: [    0.000000] x86/fpu: Using 'eager' FPU context switches.
[STDERR  ] 2017-12-15T12:16:37.986144061Z: [    0.000000] e820: BIOS-provided physical RAM map:
[STDERR  ] 2017-12-15T12:16:37.986151031Z: [    0.000000] BIOS-e820: [mem 0x0000000000000000-0x000000000009fbff] usable
[STDERR  ] 2017-12-15T12:16:37.986158133Z: [    0.000000] BIOS-e820: [mem 0x000000000009fc00-0x000000000009ffff] reserved
[STDERR  ] 2017-12-15T12:16:37.986164585Z: [    0.000000] BIOS-e820: [mem 0x00000000000f0000-0x00000000000fffff] reserved
[STDERR  ] 2017-12-15T12:16:37.98617069Z: [    0.000000] BIOS-e820: [mem 0x0000000000100000-0x000000003ffdefff] usable
[STDERR  ] 2017-12-15T12:16:37.98617652Z: [    0.000000] BIOS-e820: [mem 0x000000003ffdf000-0x000000003fffffff] reserved
[STDERR  ] 2017-12-15T12:16:37.986182251Z: [    0.000000] BIOS-e820: [mem 0x00000000b0000000-0x00000000bfffffff] reserved
[STDERR  ] 2017-12-15T12:16:37.986193386Z: [    0.000000] BIOS-e820: [mem 0x00000000fed1c000-0x00000000fed1ffff] reserved
[STDOUT  ] 2017-12-15T12:16:37.986117934Z: [    0.000000] e820: last_pfn = 0x3ffdf max_arch_pfn = 0x400000000
[STDOUT  ] 2017-12-15T12:16:37.986206038Z: [    0.000000] x86/PAT: Configuration [0-7]: WB  WC  UC- UC  WB  WC  UC- WT  
[STDOUT  ] 2017-12-15T12:16:37.986216151Z: [    0.000000] found SMP MP-table at [mem 0x000f6aa0-0x000f6aaf] mapped at [ffff88ae400f6aa0]
[STDOUT  ] 2017-12-15T12:16:37.986222884Z: [    0.000000] RAMDISK: [mem 0x3e13b000-0x3ffcffff]
[STDOUT  ] 2017-12-15T12:16:37.986228965Z: [    0.000000] ACPI: Early table checksum verification disabled
[STDOUT  ] 2017-12-15T12:16:37.98623505Z: [    0.000000] ACPI: RSDP 0x00000000000F68B0 000014 (v00 BOCHS )
[STDOUT  ] 2017-12-15T12:16:37.986241144Z: [    0.000000] ACPI: RSDT 0x000000003FFE20A8 000034 (v01 BOCHS  BXPCRSDT 00000001 BXPC 00000001)
[STDOUT  ] 2017-12-15T12:16:37.986247744Z: [    0.000000] ACPI: FACP 0x000000003FFE1EC8 0000F4 (v03 BOCHS  BXPCFACP 00000001 BXPC 00000001)
[STDOUT  ] 2017-12-15T12:16:37.986254144Z: [    0.000000] ACPI: DSDT 0x000000003FFE0040 001E88 (v01 BOCHS  BXPCDSDT 00000001 BXPC 00000001)
[STDOUT  ] 2017-12-15T12:16:37.986259828Z: [    0.000000] ACPI: FACS 0x000000003FFE0000 000040
[STDOUT  ] 2017-12-15T12:16:37.986265423Z: [    0.000000] ACPI: APIC 0x000000003FFE1FBC 000078 (v01 BOCHS  BXPCAPIC 00000001 BXPC 00000001)
[STDOUT  ] 2017-12-15T12:16:37.986272886Z: [    0.000000] ACPI: HPET 0x000000003FFE2034 000038 (v01 BOCHS  BXPCHPET 00000001 BXPC 00000001)
[STDOUT  ] 2017-12-15T12:16:37.986278424Z: [    0.000000] ACPI: MCFG 0x000000003FFE206C 00003C (v01 BOCHS  BXPCMCFG 00000001 BXPC 00000001)
[STDOUT  ] 2017-12-15T12:16:37.986288926Z: [    0.000000] Zone ranges:
[STDOUT  ] 2017-12-15T12:16:37.986295433Z: [    0.000000]   DMA      [mem 0x0000000000001000-0x0000000000ffffff]
[STDOUT  ] 2017-12-15T12:16:37.986302374Z: [    0.000000]   DMA32    [mem 0x0000000001000000-0x000000003ffdefff]
[STDOUT  ] 2017-12-15T12:16:37.986308301Z: [    0.000000]   Normal   empty
[STDOUT  ] 2017-12-15T12:16:37.986314248Z: [    0.000000] Movable zone start for each node
[STDOUT  ] 2017-12-15T12:16:37.98631967Z: [    0.000000] Early memory node ranges
[STDOUT  ] 2017-12-15T12:16:37.986325524Z: [    0.000000]   node   0: [mem 0x0000000000001000-0x000000000009efff]
[STDERR  ] 2017-12-15T12:16:37.986199254Z: [    0.000000] BIOS-e820: [mem 0x00000000fffc0000-0x00000000ffffffff] reserved
[STDERR  ] 2017-12-15T12:16:37.986341613Z: [    0.000000] NX (Execute Disable) protection: active
[STDERR  ] 2017-12-15T12:16:37.986360398Z: [    0.000000] SMBIOS 2.8 present.
[STDERR  ] 2017-12-15T12:16:37.98636749Z: [    0.000000] e820: last_pfn = 0x3ffdf max_arch_pfn = 0x400000000
[STDERR  ] 2017-12-15T12:16:37.986373878Z: [    0.000000] x86/PAT: Configuration [0-7]: WB  WC  UC- UC  WB  WC  UC- WT  
[STDERR  ] 2017-12-15T12:16:37.986383145Z: [    0.000000] found SMP MP-table at [mem 0x000f6aa0-0x000f6aaf] mapped at [ffff88ae400f6aa0]
[STDERR  ] 2017-12-15T12:16:37.98639714Z: [    0.000000] RAMDISK: [mem 0x3e13b000-0x3ffcffff]
[STDERR  ] 2017-12-15T12:16:37.986403883Z: [    0.000000] ACPI: Early table checksum verification disabled
[STDOUT  ] 2017-12-15T12:16:37.986330973Z: [    0.000000]   node   0: [mem 0x0000000000100000-0x000000003ffdefff]
[STDOUT  ] 2017-12-15T12:16:37.986427804Z: [    0.000000] Initmem setup node 0 [mem 0x0000000000001000-0x000000003ffdefff]
[STDOUT  ] 2017-12-15T12:16:37.986433721Z: [    0.000000] ACPI: PM-Timer IO Port: 0x608
[STDOUT  ] 2017-12-15T12:16:37.986439713Z: [    0.000000] ACPI: LAPIC_NMI (acpi_id[0xff] dfl dfl lint[0x1])
[STDOUT  ] 2017-12-15T12:16:37.986445226Z: [    0.000000] IOAPIC[0]: apic_id 0, version 32, address 0xfec00000, GSI 0-23
[STDOUT  ] 2017-12-15T12:16:37.986452111Z: [    0.000000] ACPI: INT_SRC_OVR (bus 0 bus_irq 0 global_irq 2 dfl dfl)
[STDOUT  ] 2017-12-15T12:16:37.98645854Z: [    0.000000] ACPI: INT_SRC_OVR (bus 0 bus_irq 5 global_irq 5 high level)
[STDOUT  ] 2017-12-15T12:16:37.986464146Z: [    0.000000] ACPI: INT_SRC_OVR (bus 0 bus_irq 9 global_irq 9 high level)
[STDOUT  ] 2017-12-15T12:16:37.986469561Z: [    0.000000] ACPI: INT_SRC_OVR (bus 0 bus_irq 10 global_irq 10 high level)
[STDOUT  ] 2017-12-15T12:16:37.986475133Z: [    0.000000] ACPI: INT_SRC_OVR (bus 0 bus_irq 11 global_irq 11 high level)
[STDOUT  ] 2017-12-15T12:16:37.986480743Z: [    0.000000] Using ACPI (MADT) for SMP configuration information
[STDERR  ] 2017-12-15T12:16:37.986410071Z: [    0.000000] ACPI: RSDP 0x00000000000F68B0 000014 (v00 BOCHS )
[STDERR  ] 2017-12-15T12:16:37.9864922Z: [    0.000000] ACPI: RSDT 0x000000003FFE20A8 000034 (v01 BOCHS  BXPCRSDT 00000001 BXPC 00000001)
[STDERR  ] 2017-12-15T12:16:37.986501313Z: [    0.000000] ACPI: FACP 0x000000003FFE1EC8 0000F4 (v03 BOCHS  BXPCFACP 00000001 BXPC 00000001)
[STDERR  ] 2017-12-15T12:16:37.986507553Z: [    0.000000] ACPI: DSDT 0x000000003FFE0040 001E88 (v01 BOCHS  BXPCDSDT 00000001 BXPC 00000001)
[STDERR  ] 2017-12-15T12:16:37.98651332Z: [    0.000000] ACPI: FACS 0x000000003FFE0000 000040
[STDERR  ] 2017-12-15T12:16:37.986519204Z: [    0.000000] ACPI: APIC 0x000000003FFE1FBC 000078 (v01 BOCHS  BXPCAPIC 00000001 BXPC 00000001)
[STDERR  ] 2017-12-15T12:16:37.986524866Z: [    0.000000] ACPI: HPET 0x000000003FFE2034 000038 (v01 BOCHS  BXPCHPET 00000001 BXPC 00000001)
[STDERR  ] 2017-12-15T12:16:37.98653059Z: [    0.000000] ACPI: MCFG 0x000000003FFE206C 00003C (v01 BOCHS  BXPCMCFG 00000001 BXPC 00000001)
[STDERR  ] 2017-12-15T12:16:37.986536403Z: [    0.000000] Zone ranges:
[STDERR  ] 2017-12-15T12:16:37.98654281Z: [    0.000000]   DMA      [mem 0x0000000000001000-0x0000000000ffffff]
[STDERR  ] 2017-12-15T12:16:37.98654879Z: [    0.000000]   DMA32    [mem 0x0000000001000000-0x000000003ffdefff]
[STDERR  ] 2017-12-15T12:16:37.98656369Z: [    0.000000]   Normal   empty
[STDERR  ] 2017-12-15T12:16:37.986571486Z: [    0.000000] Movable zone start for each node
[STDERR  ] 2017-12-15T12:16:37.986577393Z: [    0.000000] Early memory node ranges
[STDERR  ] 2017-12-15T12:16:37.98658323Z: [    0.000000]   node   0: [mem 0x0000000000001000-0x000000000009efff]
[STDERR  ] 2017-12-15T12:16:37.986589766Z: [    0.000000]   node   0: [mem 0x0000000000100000-0x000000003ffdefff]
[STDERR  ] 2017-12-15T12:16:37.986600328Z: [    0.000000] Initmem setup node 0 [mem 0x0000000000001000-0x000000003ffdefff]
[STDERR  ] 2017-12-15T12:16:37.98661022Z: [    0.000000] ACPI: PM-Timer IO Port: 0x608
[STDERR  ] 2017-12-15T12:16:37.986617124Z: [    0.000000] ACPI: LAPIC_NMI (acpi_id[0xff] dfl dfl lint[0x1])
[STDERR  ] 2017-12-15T12:16:37.986624291Z: [    0.000000] IOAPIC[0]: apic_id 0, version 32, address 0xfec00000, GSI 0-23
[STDOUT  ] 2017-12-15T12:16:37.986487051Z: [    0.000000] ACPI: HPET id: 0x8086a201 base: 0xfed00000
[STDERR  ] 2017-12-15T12:16:37.986635586Z: [    0.000000] ACPI: INT_SRC_OVR (bus 0 bus_irq 0 global_irq 2 dfl dfl)
[STDERR  ] 2017-12-15T12:16:37.986643133Z: [    0.000000] ACPI: INT_SRC_OVR (bus 0 bus_irq 5 global_irq 5 high level)
[STDERR  ] 2017-12-15T12:16:37.986651823Z: [    0.000000] ACPI: INT_SRC_OVR (bus 0 bus_irq 9 global_irq 9 high level)
[STDERR  ] 2017-12-15T12:16:37.986658094Z: [    0.000000] ACPI: INT_SRC_OVR (bus 0 bus_irq 10 global_irq 10 high level)
[STDERR  ] 2017-12-15T12:16:37.986663873Z: [    0.000000] ACPI: INT_SRC_OVR (bus 0 bus_irq 11 global_irq 11 high level)
[STDERR  ] 2017-12-15T12:16:37.98666949Z: [    0.000000] Using ACPI (MADT) for SMP configuration information
[STDERR  ] 2017-12-15T12:16:37.986675971Z: [    0.000000] ACPI: HPET id: 0x8086a201 base: 0xfed00000
[STDERR  ] 2017-12-15T12:16:37.986682Z: [    0.000000] smpboot: Allowing 1 CPUs, 0 hotplug CPUs
[STDERR  ] 2017-12-15T12:16:37.9866909Z: [    0.000000] e820: [mem 0x40000000-0xafffffff] available for PCI devices
[STDERR  ] 2017-12-15T12:16:37.986700446Z: [    0.000000] Booting paravirtualized kernel on bare hardware
[STDOUT  ] 2017-12-15T12:16:37.986645166Z: [    0.000000] smpboot: Allowing 1 CPUs, 0 hotplug CPUs
[STDOUT  ] 2017-12-15T12:16:37.98672649Z: [    0.000000] e820: [mem 0x40000000-0xafffffff] available for PCI devices
[STDOUT  ] 2017-12-15T12:16:37.986732706Z: [    0.000000] Booting paravirtualized kernel on bare hardware
[STDOUT  ] 2017-12-15T12:16:37.986739268Z: [    0.000000] clocksource: refined-jiffies: mask: 0xffffffff max_cycles: 0xffffffff, max_idle_ns: 19112604462750000 ns
[STDOUT  ] 2017-12-15T12:16:37.986748614Z: [    0.000000] setup_percpu: NR_CPUS:128 nr_cpumask_bits:128 nr_cpu_ids:1 nr_node_ids:1
[STDOUT  ] 2017-12-15T12:16:37.9867551Z: [    0.000000] percpu: Embedded 35 pages/cpu @ffff88ae7de00000 s105176 r8192 d29992 u2097152
[STDOUT  ] 2017-12-15T12:16:37.986762993Z: [    0.000000] Built 1 zonelists in Zone order, mobility grouping on.  Total pages: 257896
[STDOUT  ] 2017-12-15T12:16:37.986768824Z: [    0.000000] Kernel command line: console=ttyS0 console=ttyAMA0
[STDOUT  ] 2017-12-15T12:16:37.986777956Z: [    0.000000] PID hash table entries: 4096 (order: 3, 32768 bytes)
[STDERR  ] 2017-12-15T12:16:37.986708698Z: [    0.000000] clocksource: refined-jiffies: mask: 0xffffffff max_cycles: 0xffffffff, max_idle_ns: 19112604462750000 ns
[STDERR  ] 2017-12-15T12:16:37.986797677Z: [    0.000000] setup_percpu: NR_CPUS:128 nr_cpumask_bits:128 nr_cpu_ids:1 nr_node_ids:1
[STDERR  ] 2017-12-15T12:16:37.986804303Z: [    0.000000] percpu: Embedded 35 pages/cpu @ffff88ae7de00000 s105176 r8192 d29992 u2097152
[STDERR  ] 2017-12-15T12:16:37.98681064Z: [    0.000000] Built 1 zonelists in Zone order, mobility grouping on.  Total pages: 257896
[STDERR  ] 2017-12-15T12:16:37.986816594Z: [    0.000000] Kernel command line: console=ttyS0 console=ttyAMA0
[STDERR  ] 2017-12-15T12:16:37.986822688Z: [    0.000000] PID hash table entries: 4096 (order: 3, 32768 bytes)
[STDERR  ] 2017-12-15T12:16:37.986828713Z: [    0.000000] Dentry cache hash table entries: 131072 (order: 8, 1048576 bytes)
[STDERR  ] 2017-12-15T12:16:37.986838867Z: [    0.000000] Inode-cache hash table entries: 65536 (order: 7, 524288 bytes)
[STDOUT  ] 2017-12-15T12:16:37.98678469Z: [    0.000000] Dentry cache hash table entries: 131072 (order: 8, 1048576 bytes)
[STDOUT  ] 2017-12-15T12:16:37.986865743Z: [    0.000000] Inode-cache hash table entries: 65536 (order: 7, 524288 bytes)
[STDOUT  ] 2017-12-15T12:16:37.98687459Z: [    0.000000] Memory: 982856K/1048052K available (8026K kernel code, 1366K rwdata, 2696K rodata, 1380K init, 568K bss, 65196K reserved, 0K cma-reserved)
[STDOUT  ] 2017-12-15T12:16:37.986882613Z: [    0.000000] Hierarchical RCU implementation.
[STDOUT  ] 2017-12-15T12:16:37.98689713Z: [    0.000000] 	Build-time adjustment of leaf fanout to 64.
[STDOUT  ] 2017-12-15T12:16:37.98690432Z: [    0.000000] 	RCU restricting CPUs from NR_CPUS=128 to nr_cpu_ids=1.
[STDOUT  ] 2017-12-15T12:16:37.986918996Z: [    0.000000] RCU: Adjusting geometry for rcu_fanout_leaf=64, nr_cpu_ids=1
[STDERR  ] 2017-12-15T12:16:37.986845798Z: [    0.000000] Memory: 982856K/1048052K available (8026K kernel code, 1366K rwdata, 2696K rodata, 1380K init, 568K bss, 65196K reserved, 0K cma-reserved)
[STDERR  ] 2017-12-15T12:16:37.986948636Z: [    0.000000] Hierarchical RCU implementation.
[STDERR  ] 2017-12-15T12:16:37.986956254Z: [    0.000000] 	Build-time adjustment of leaf fanout to 64.
[STDERR  ] 2017-12-15T12:16:37.986965794Z: [    0.000000] 	RCU restricting CPUs from NR_CPUS=128 to nr_cpu_ids=1.
[STDERR  ] 2017-12-15T12:16:37.986975812Z: [    0.000000] RCU: Adjusting geometry for rcu_fanout_leaf=64, nr_cpu_ids=1
[STDERR  ] 2017-12-15T12:16:37.98698534Z: [    0.000000] NR_IRQS:8448 nr_irqs:256 16
[STDERR  ] 2017-12-15T12:16:37.986995172Z: [    0.000000] Console: colour VGA+ 80x25
[STDERR  ] 2017-12-15T12:16:37.987008634Z: [    0.000000] console [ttyS0] enabled
[STDERR  ] 2017-12-15T12:16:37.987015004Z: [    0.000000] clocksource: hpet: mask: 0xffffffff max_cycles: 0xffffffff, max_idle_ns: 19112604467 ns
[STDERR  ] 2017-12-15T12:16:37.987020832Z: [    0.000000] tsc: Fast TSC calibration using PIT
[STDERR  ] 2017-12-15T12:16:37.987026968Z: [    0.000000] tsc: Detected 2599.974 MHz processor
[STDERR  ] 2017-12-15T12:16:37.987032767Z: [    0.022154] Calibrating delay loop (skipped), value calculated using timer frequency.. 5199.94 BogoMIPS (lpj=25999740)
[STDERR  ] 2017-12-15T12:16:37.987038937Z: [    0.030452] pid_max: default: 32768 minimum: 301
[STDERR  ] 2017-12-15T12:16:37.987045744Z: [    0.031450] ACPI: Core revision 20160831
[STDERR  ] 2017-12-15T12:16:37.98705183Z: [    0.056902] ACPI: 1 ACPI AML tables successfully acquired and loaded
[STDERR  ] 2017-12-15T12:16:37.987057874Z: [    0.061821] Security Framework initialized
[STDERR  ] 2017-12-15T12:16:37.98706382Z: [    0.062249] Yama: becoming mindful.
[STDERR  ] 2017-12-15T12:16:37.987069428Z: [    0.064177] Mount-cache hash table entries: 2048 (order: 2, 16384 bytes)
[STDERR  ] 2017-12-15T12:16:37.987075842Z: [    0.064604] Mountpoint-cache hash table entries: 2048 (order: 2, 16384 bytes)
[STDOUT  ] 2017-12-15T12:16:37.986928753Z: [    0.000000] NR_IRQS:8448 nr_irqs:256 16
[STDOUT  ] 2017-12-15T12:16:37.987087522Z: [    0.000000] Console: colour VGA+ 80x25
[STDOUT  ] 2017-12-15T12:16:37.987094483Z: [    0.000000] console [ttyS0] enabled
[STDOUT  ] 2017-12-15T12:16:37.987100698Z: [    0.000000] clocksource: hpet: mask: 0xffffffff max_cycles: 0xffffffff, max_idle_ns: 19112604467 ns
[STDOUT  ] 2017-12-15T12:16:37.987106542Z: [    0.000000] tsc: Fast TSC calibration using PIT
[STDOUT  ] 2017-12-15T12:16:37.987112408Z: [    0.000000] tsc: Detected 2599.974 MHz processor
[STDOUT  ] 2017-12-15T12:16:37.987118363Z: [    0.022154] Calibrating delay loop (skipped), value calculated using timer frequency.. 5199.94 BogoMIPS (lpj=25999740)
[STDOUT  ] 2017-12-15T12:16:37.987124492Z: [    0.030452] pid_max: default: 32768 minimum: 301
[STDOUT  ] 2017-12-15T12:16:37.987130223Z: [    0.031450] ACPI: Core revision 20160831
[STDOUT  ] 2017-12-15T12:16:37.987141043Z: [    0.056902] ACPI: 1 ACPI AML tables successfully acquired and loaded
[STDERR  ] 2017-12-15T12:16:37.987082862Z: [    0.082925] Last level iTLB entries: 4KB 0, 2MB 0, 4MB 0
[STDOUT  ] 2017-12-15T12:16:37.987147684Z: [    0.061821] Security Framework initialized
[STDERR  ] 2017-12-15T12:16:37.987162663Z: [    0.083348] Last level dTLB entries: 4KB 0, 2MB 0, 4MB 0, 1GB 0
[STDERR  ] 2017-12-15T12:16:37.987170402Z: [    0.352546] Freeing SMP alternatives memory: 20K (ffffffffaceb0000 - ffffffffaceb5000)
[STDERR  ] 2017-12-15T12:16:37.987176387Z: [    0.361872] ftrace: allocating 35489 entries in 139 pages
[STDERR  ] 2017-12-15T12:16:37.987183456Z: [    0.442262] smpboot: Max logical packages: 1
[STDOUT  ] 2017-12-15T12:16:37.987154446Z: [    0.062249] Yama: becoming mindful.
[STDOUT  ] 2017-12-15T12:16:37.987239084Z: [    0.064177] Mount-cache hash table entries: 2048 (order: 2, 16384 bytes)
[STDOUT  ] 2017-12-15T12:16:37.987250836Z: [    0.064604] Mountpoint-cache hash table entries: 2048 (order: 2, 16384 bytes)
[STDOUT  ] 2017-12-15T12:16:37.987256986Z: [    0.082925] Last level iTLB entries: 4KB 0, 2MB 0, 4MB 0
[STDOUT  ] 2017-12-15T12:16:37.987263809Z: [    0.083348] Last level dTLB entries: 4KB 0, 2MB 0, 4MB 0, 1GB 0
[STDOUT  ] 2017-12-15T12:16:37.987269722Z: [    0.352546] Freeing SMP alternatives memory: 20K (ffffffffaceb0000 - ffffffffaceb5000)
[STDOUT  ] 2017-12-15T12:16:37.987275612Z: [    0.361872] ftrace: allocating 35489 entries in 139 pages
[STDOUT  ] 2017-12-15T12:16:37.987282197Z: [    0.442262] smpboot: Max logical packages: 1
[STDOUT  ] 2017-12-15T12:16:37.987288349Z: [    0.449291] ..TIMER: vector=0x30 apic1=0 pin1=2 apic2=-1 pin2=-1
[STDERR  ] 2017-12-15T12:16:37.9872263Z: [    0.449291] ..TIMER: vector=0x30 apic1=0 pin1=2 apic2=-1 pin2=-1
[STDERR  ] 2017-12-15T12:16:37.987308649Z: [    0.550000] smpboot: CPU0: AMD QEMU Virtual CPU version 2.5+ (family: 0x6, model: 0x6, stepping: 0x3)
[STDERR  ] 2017-12-15T12:16:37.987314818Z: [    0.550000] Performance Events: PMU not available due to virtualization, using software events only.
[STDERR  ] 2017-12-15T12:16:37.987320481Z: [    0.558607] NMI watchdog: disabled (cpu0): hardware events not enabled
[STDERR  ] 2017-12-15T12:16:37.987326251Z: [    0.559075] NMI watchdog: Shutting down hard lockup detector on all cpus
[STDERR  ] 2017-12-15T12:16:37.987331902Z: [    0.563129] x86: Booted up 1 node, 1 CPUs
[STDERR  ] 2017-12-15T12:16:37.987352218Z: [    0.563516] smpboot: Total of 1 processors activated (5199.94 BogoMIPS)
[STDERR  ] 2017-12-15T12:16:37.987361883Z: [    0.576755] devtmpfs: initialized
[STDOUT  ] 2017-12-15T12:16:37.987294212Z: [    0.550000] smpboot: CPU0: AMD QEMU Virtual CPU version 2.5+ (family: 0x6, model: 0x6, stepping: 0x3)
[STDOUT  ] 2017-12-15T12:16:37.987378323Z: [    0.550000] Performance Events: PMU not available due to virtualization, using software events only.
[STDOUT  ] 2017-12-15T12:16:37.987384388Z: [    0.558607] NMI watchdog: disabled (cpu0): hardware events not enabled
[STDOUT  ] 2017-12-15T12:16:37.987390496Z: [    0.559075] NMI watchdog: Shutting down hard lockup detector on all cpus
[STDOUT  ] 2017-12-15T12:16:37.987397825Z: [    0.563129] x86: Booted up 1 node, 1 CPUs
[STDOUT  ] 2017-12-15T12:16:37.987403771Z: [    0.563516] smpboot: Total of 1 processors activated (5199.94 BogoMIPS)
[STDOUT  ] 2017-12-15T12:16:37.987409593Z: [    0.576755] devtmpfs: initialized
[STDOUT  ] 2017-12-15T12:16:37.987415446Z: [    0.583197] x86/mm: Memory block size: 128MB
[STDOUT  ] 2017-12-15T12:16:37.987421086Z: [    0.611612] clocksource: jiffies: mask: 0xffffffff max_cycles: 0xffffffff, max_idle_ns: 19112604462750000 ns
[STDOUT  ] 2017-12-15T12:16:37.987426828Z: [    0.612491] futex hash table entries: 256 (order: 2, 16384 bytes)
[STDOUT  ] 2017-12-15T12:16:37.987432756Z: [    0.621932] NET: Registered protocol family 16
[STDOUT  ] 2017-12-15T12:16:37.987438913Z: [    0.630737] cpuidle: using governor ladder
[STDOUT  ] 2017-12-15T12:16:37.987445121Z: [    0.631176] cpuidle: using governor menu
[STDOUT  ] 2017-12-15T12:16:37.987450999Z: [    0.632354] ACPI: bus type PCI registered
[STDOUT  ] 2017-12-15T12:16:37.987460723Z: [    0.635392] PCI: MMCONFIG for domain 0000 [bus 00-ff] at [mem 0xb0000000-0xbfffffff] (base 0xb0000000)
[STDOUT  ] 2017-12-15T12:16:37.987467063Z: [    0.636107] PCI: MMCONFIG at [mem 0xb0000000-0xbfffffff] reserved in E820
[STDOUT  ] 2017-12-15T12:16:37.987473213Z: [    0.636948] PCI: Using configuration type 1 for base access
[STDOUT  ] 2017-12-15T12:16:37.987479463Z: [    0.677993] HugeTLB registered 2 MB page size, pre-allocated 0 pages
[STDOUT  ] 2017-12-15T12:16:37.987485118Z: [    0.690132] ACPI: Added _OSI(Module Device)
[STDOUT  ] 2017-12-15T12:16:37.987490822Z: [    0.690303] ACPI: Added _OSI(Processor Device)
[STDOUT  ] 2017-12-15T12:16:37.987496395Z: [    0.690447] ACPI: Added _OSI(3.0 _SCP Extensions)
[STDOUT  ] 2017-12-15T12:16:37.987502006Z: [    0.690718] ACPI: Added _OSI(Processor Aggregator Device)
[STDOUT  ] 2017-12-15T12:16:37.987511871Z: [    0.737326] ACPI: Interpreter enabled
[STDOUT  ] 2017-12-15T12:16:37.987517835Z: [    0.740973] ACPI: (supports S0 S5)
[STDOUT  ] 2017-12-15T12:16:37.987523672Z: [    0.741305] ACPI: Using IOAPIC for interrupt routing
[STDOUT  ] 2017-12-15T12:16:37.987530693Z: [    0.743234] PCI: Using host bridge windows from ACPI; if necessary, use "pci=nocrs" and report a bug
[STDOUT  ] 2017-12-15T12:16:37.987538251Z: [    0.790703] ACPI: PCI Root Bridge [PCI0] (domain 0000 [bus 00-ff])
[STDOUT  ] 2017-12-15T12:16:37.987544001Z: [    0.791825] acpi PNP0A08:00: _OSC: OS supports [ExtendedConfig ASPM ClockPM Segments MSI]
[STDOUT  ] 2017-12-15T12:16:37.987549818Z: [    0.797255] acpi PNP0A08:00: _OSC: OS now controls [PCIeHotplug PME PCIeCapability]
[STDOUT  ] 2017-12-15T12:16:37.987555491Z: [    0.801097] PCI host bridge to bus 0000:00
[STDOUT  ] 2017-12-15T12:16:37.987561259Z: [    0.801559] pci_bus 0000:00: root bus resource [io  0x0000-0x0cf7 window]
[STDOUT  ] 2017-12-15T12:16:37.987575651Z: [    0.801968] pci_bus 0000:00: root bus resource [io  0x0d00-0xffff window]
[STDOUT  ] 2017-12-15T12:16:37.987583063Z: [    0.802293] pci_bus 0000:00: root bus resource [mem 0x000a0000-0x000bffff window]
[STDOUT  ] 2017-12-15T12:16:37.987589242Z: [    0.802670] pci_bus 0000:00: root bus resource [mem 0xc0000000-0xfebfffff window]
[STDOUT  ] 2017-12-15T12:16:37.987594992Z: [    0.803240] pci_bus 0000:00: root bus resource [bus 00-ff]
[STDERR  ] 2017-12-15T12:16:37.987527636Z: [    0.583197] x86/mm: Memory block size: 128MB
[STDOUT  ] 2017-12-15T12:16:37.987601443Z: [    0.931102] pci 0000:00:1f.0: quirk: [io  0x0600-0x067f] claimed by ICH6 ACPI/GPIO/TCO
[STDOUT  ] 2017-12-15T12:16:37.987611982Z: [    1.001120] ACPI: PCI Interrupt Link [LNKA] (IRQs 5 *10 11)
[STDOUT  ] 2017-12-15T12:16:37.987618562Z: [    1.003409] ACPI: PCI Interrupt Link [LNKB] (IRQs 5 *10 11)
[STDOUT  ] 2017-12-15T12:16:37.987624266Z: [    1.005250] ACPI: PCI Interrupt Link [LNKC] (IRQs 5 10 *11)
[STDOUT  ] 2017-12-15T12:16:37.987629952Z: [    1.006792] ACPI: PCI Interrupt Link [LNKD] (IRQs 5 10 *11)
[STDOUT  ] 2017-12-15T12:16:37.987635583Z: [    1.008113] ACPI: PCI Interrupt Link [LNKE] (IRQs 5 *10 11)
[STDOUT  ] 2017-12-15T12:16:37.987641232Z: [    1.011166] ACPI: PCI Interrupt Link [LNKF] (IRQs 5 *10 11)
[STDOUT  ] 2017-12-15T12:16:37.987646756Z: [    1.012634] ACPI: PCI Interrupt Link [LNKG] (IRQs 5 10 *11)
[STDOUT  ] 2017-12-15T12:16:37.987660563Z: [    1.014004] ACPI: PCI Interrupt Link [LNKH] (IRQs 5 10 *11)
[STDOUT  ] 2017-12-15T12:16:37.987667101Z: [    1.015027] ACPI: PCI Interrupt Link [GSIA] (IRQs *16)
[STDOUT  ] 2017-12-15T12:16:37.987673056Z: [    1.015698] ACPI: PCI Interrupt Link [GSIB] (IRQs *17)
[STDOUT  ] 2017-12-15T12:16:37.987678759Z: [    1.016493] ACPI: PCI Interrupt Link [GSIC] (IRQs *18)
[STDOUT  ] 2017-12-15T12:16:37.987684383Z: [    1.017285] ACPI: PCI Interrupt Link [GSID] (IRQs *19)
[STDERR  ] 2017-12-15T12:16:37.987692683Z: [    0.611612] clocksource: jiffies: mask: 0xffffffff max_cycles: 0xffffffff, max_idle_ns: 19112604462750000 ns
[STDERR  ] 2017-12-15T12:16:37.987707172Z: [    0.612491] futex hash table entries: 256 (order: 2, 16384 bytes)
[STDERR  ] 2017-12-15T12:16:37.987724646Z: [    0.621932] NET: Registered protocol family 16
[STDERR  ] 2017-12-15T12:16:37.987736376Z: [    0.630737] cpuidle: using governor ladder
[STDERR  ] 2017-12-15T12:16:37.987745978Z: [    0.631176] cpuidle: using governor menu
[STDERR  ] 2017-12-15T12:16:37.987758245Z: [    0.632354] ACPI: bus type PCI registered
[STDERR  ] 2017-12-15T12:16:37.987768298Z: [    0.635392] PCI: MMCONFIG for domain 0000 [bus 00-ff] at [mem 0xb0000000-0xbfffffff] (base 0xb0000000)
[STDERR  ] 2017-12-15T12:16:37.987774386Z: [    0.636107] PCI: MMCONFIG at [mem 0xb0000000-0xbfffffff] reserved in E820
[STDERR  ] 2017-12-15T12:16:37.987781139Z: [    0.636948] PCI: Using configuration type 1 for base access
[STDERR  ] 2017-12-15T12:16:37.987787411Z: [    0.677993] HugeTLB registered 2 MB page size, pre-allocated 0 pages
[STDERR  ] 2017-12-15T12:16:37.987798381Z: [    0.690132] ACPI: Added _OSI(Module Device)
[STDERR  ] 2017-12-15T12:16:37.987804678Z: [    0.690303] ACPI: Added _OSI(Processor Device)
[STDERR  ] 2017-12-15T12:16:37.987812755Z: [    0.690447] ACPI: Added _OSI(3.0 _SCP Extensions)
[STDERR  ] 2017-12-15T12:16:37.987818514Z: [    0.690718] ACPI: Added _OSI(Processor Aggregator Device)
[STDERR  ] 2017-12-15T12:16:37.987824269Z: [    0.737326] ACPI: Interpreter enabled
[STDERR  ] 2017-12-15T12:16:37.987829746Z: [    0.740973] ACPI: (supports S0 S5)
[STDERR  ] 2017-12-15T12:16:37.987835168Z: [    0.741305] ACPI: Using IOAPIC for interrupt routing
[STDERR  ] 2017-12-15T12:16:37.987841526Z: [    0.743234] PCI: Using host bridge windows from ACPI; if necessary, use "pci=nocrs" and report a bug
[STDERR  ] 2017-12-15T12:16:37.987851062Z: [    0.790703] ACPI: PCI Root Bridge [PCI0] (domain 0000 [bus 00-ff])
[STDERR  ] 2017-12-15T12:16:37.987864761Z: [    0.791825] acpi PNP0A08:00: _OSC: OS supports [ExtendedConfig ASPM ClockPM Segments MSI]
[STDERR  ] 2017-12-15T12:16:37.987873302Z: [    0.797255] acpi PNP0A08:00: _OSC: OS now controls [PCIeHotplug PME PCIeCapability]
[STDERR  ] 2017-12-15T12:16:37.987879049Z: [    0.801097] PCI host bridge to bus 0000:00
[STDERR  ] 2017-12-15T12:16:37.987884551Z: [    0.801559] pci_bus 0000:00: root bus resource [io  0x0000-0x0cf7 window]
[STDERR  ] 2017-12-15T12:16:37.987890654Z: [    0.801968] pci_bus 0000:00: root bus resource [io  0x0d00-0xffff window]
[STDERR  ] 2017-12-15T12:16:37.987896026Z: [    0.802293] pci_bus 0000:00: root bus resource [mem 0x000a0000-0x000bffff window]
[STDERR  ] 2017-12-15T12:16:37.987901542Z: [    0.802670] pci_bus 0000:00: root bus resource [mem 0xc0000000-0xfebfffff window]
[STDERR  ] 2017-12-15T12:16:37.987906918Z: [    0.803240] pci_bus 0000:00: root bus resource [bus 00-ff]
[STDERR  ] 2017-12-15T12:16:37.987912589Z: [    0.931102] pci 0000:00:1f.0: quirk: [io  0x0600-0x067f] claimed by ICH6 ACPI/GPIO/TCO
[STDERR  ] 2017-12-15T12:16:37.987918192Z: [    1.001120] ACPI: PCI Interrupt Link [LNKA] (IRQs 5 *10 11)
[STDERR  ] 2017-12-15T12:16:37.987924248Z: [    1.003409] ACPI: PCI Interrupt Link [LNKB] (IRQs 5 *10 11)
[STDERR  ] 2017-12-15T12:16:37.987929716Z: [    1.005250] ACPI: PCI Interrupt Link [LNKC] (IRQs 5 10 *11)
[STDERR  ] 2017-12-15T12:16:37.987935199Z: [    1.006792] ACPI: PCI Interrupt Link [LNKD] (IRQs 5 10 *11)
[STDERR  ] 2017-12-15T12:16:37.987940478Z: [    1.008113] ACPI: PCI Interrupt Link [LNKE] (IRQs 5 *10 11)
[STDERR  ] 2017-12-15T12:16:37.987945958Z: [    1.011166] ACPI: PCI Interrupt Link [LNKF] (IRQs 5 *10 11)
[STDERR  ] 2017-12-15T12:16:37.987951392Z: [    1.012634] ACPI: PCI Interrupt Link [LNKG] (IRQs 5 10 *11)
[STDERR  ] 2017-12-15T12:16:37.987956896Z: [    1.014004] ACPI: PCI Interrupt Link [LNKH] (IRQs 5 10 *11)
[STDERR  ] 2017-12-15T12:16:37.987963028Z: [    1.015027] ACPI: PCI Interrupt Link [GSIA] (IRQs *16)
[STDERR  ] 2017-12-15T12:16:37.987968622Z: [    1.015698] ACPI: PCI Interrupt Link [GSIB] (IRQs *17)
[STDERR  ] 2017-12-15T12:16:37.987973915Z: [    1.016493] ACPI: PCI Interrupt Link [GSIC] (IRQs *18)
[STDERR  ] 2017-12-15T12:16:37.987979218Z: [    1.017285] ACPI: PCI Interrupt Link [GSID] (IRQs *19)
[STDERR  ] 2017-12-15T12:16:37.987989428Z: [    1.017978] ACPI: PCI Interrupt Link [GSIE] (IRQs *20)
[STDERR  ] 2017-12-15T12:16:37.987996278Z: [    1.018611] ACPI: PCI Interrupt Link [GSIF] (IRQs *21)
[STDERR  ] 2017-12-15T12:16:37.988001928Z: [    1.019227] ACPI: PCI Interrupt Link [GSIG] (IRQs *22)
[STDERR  ] 2017-12-15T12:16:37.988008398Z: [    1.020321] ACPI: PCI Interrupt Link [GSIH] (IRQs *23)
[STDERR  ] 2017-12-15T12:16:37.988014089Z: [    1.023628] ACPI: Enabled 1 GPEs in block 00 to 3F
[STDERR  ] 2017-12-15T12:16:37.988019571Z: [    1.030640] SCSI subsystem initialized
[STDERR  ] 2017-12-15T12:16:37.988025055Z: [    1.033689] ACPI: bus type USB registered
[STDERR  ] 2017-12-15T12:16:37.988030572Z: [    1.035082] usbcore: registered new interface driver usbfs
[STDERR  ] 2017-12-15T12:16:37.988039542Z: [    1.035973] usbcore: registered new interface driver hub
[STDERR  ] 2017-12-15T12:16:37.988045951Z: [    1.037293] usbcore: registered new device driver usb
[STDERR  ] 2017-12-15T12:16:37.988051378Z: [    1.038658] pps_core: LinuxPPS API ver. 1 registered
[STDERR  ] 2017-12-15T12:16:37.988056759Z: [    1.038975] pps_core: Software ver. 5.3.6 - Copyright 2005-2007 Rodolfo Giometti <giometti@linux.it>
[STDERR  ] 2017-12-15T12:16:37.988062478Z: [    1.039664] PTP clock support registered
[STDERR  ] 2017-12-15T12:16:37.988067874Z: [    1.041548] wmi: Mapper loaded
[STDERR  ] 2017-12-15T12:16:37.988073725Z: [    1.042806] PCI: Using ACPI for IRQ routing
[STDERR  ] 2017-12-15T12:16:37.988079021Z: [    1.056504] NetLabel: Initializing
[STDERR  ] 2017-12-15T12:16:37.988084321Z: [    1.056733] NetLabel:  domain hash size = 128
[STDERR  ] 2017-12-15T12:16:37.988089675Z: [    1.057018] NetLabel:  protocols = UNLABELED CIPSOv4
[STDERR  ] 2017-12-15T12:16:37.988095014Z: [    1.058920] NetLabel:  unlabeled traffic allowed by default
[STDERR  ] 2017-12-15T12:16:37.988100422Z: [    1.059775] HPET: 3 timers in total, 0 timers will be used for per-cpu timer
[STDERR  ] 2017-12-15T12:16:37.988106199Z: [    1.060376] hpet0: at MMIO 0xfed00000, IRQs 2, 8, 0
[STDERR  ] 2017-12-15T12:16:37.988111735Z: [    1.060830] hpet0: 3 comparators, 64-bit 100.000000 MHz counter
[STDERR  ] 2017-12-15T12:16:37.988117071Z: [    1.065920] clocksource: Switched to clocksource hpet
[STDERR  ] 2017-12-15T12:16:37.988123259Z: [    1.240591] VFS: Disk quotas dquot_6.6.0
[STDERR  ] 2017-12-15T12:16:37.988128661Z: [    1.241352] VFS: Dquot-cache hash table entries: 512 (order 0, 4096 bytes)
[STDERR  ] 2017-12-15T12:16:37.988134071Z: [    1.245156] FS-Cache: Loaded
[STDERR  ] 2017-12-15T12:16:37.988139406Z: [    1.250792] CacheFiles: Loaded
[STDERR  ] 2017-12-15T12:16:37.988144722Z: [    1.252354] pnp: PnP ACPI init
[STDERR  ] 2017-12-15T12:16:37.988150626Z: [    1.261275] pnp: PnP ACPI: found 5 devices
[STDERR  ] 2017-12-15T12:16:37.988155932Z: [    1.302103] clocksource: acpi_pm: mask: 0xffffff max_cycles: 0xffffff, max_idle_ns: 2085701024 ns
[STDERR  ] 2017-12-15T12:16:37.988163661Z: [    1.306069] NET: Registered protocol family 2
[STDERR  ] 2017-12-15T12:16:37.988169071Z: [    1.314805] TCP established hash table entries: 8192 (order: 4, 65536 bytes)
[STDERR  ] 2017-12-15T12:16:37.988174429Z: [    1.315628] TCP bind hash table entries: 8192 (order: 5, 131072 bytes)
[STDERR  ] 2017-12-15T12:16:37.988179965Z: [    1.316313] TCP: Hash tables configured (established 8192 bind 8192)
[STDERR  ] 2017-12-15T12:16:37.988210838Z: [    1.318144] UDP hash table entries: 512 (order: 2, 16384 bytes)
[STDERR  ] 2017-12-15T12:16:37.988217608Z: [    1.318661] UDP-Lite hash table entries: 512 (order: 2, 16384 bytes)
[STDERR  ] 2017-12-15T12:16:37.988225899Z: [    1.321338] NET: Registered protocol family 1
[STDERR  ] 2017-12-15T12:16:37.988231534Z: [    1.322277] pci 0000:00:01.0: Video device with shadowed ROM at [mem 0x000c0000-0x000dffff]
[STDERR  ] 2017-12-15T12:16:37.988237486Z: [    1.328830] Unpacking initramfs...
[STDERR  ] 2017-12-15T12:16:37.988246766Z: [    6.378984] Freeing initrd memory: 31316K (ffff88ae7e13b000 - ffff88ae7ffd0000)
[STDERR  ] 2017-12-15T12:16:37.988260932Z: [    6.403090] PCLMULQDQ-NI instructions are not detected.
[STDERR  ] 2017-12-15T12:16:37.988270208Z: [    6.404536] AVX or AES-NI instructions are not detected.
[STDERR  ] 2017-12-15T12:16:37.988280776Z: [    6.404989] CPU feature 'AVX registers' is not supported.
[STDERR  ] 2017-12-15T12:16:37.98829165Z: [    6.405354] CPU feature 'AVX registers' is not supported.
[STDERR  ] 2017-12-15T12:16:37.98830495Z: [    6.405753] CPU feature 'AVX registers' is not supported.
[STDERR  ] 2017-12-15T12:16:37.988314955Z: [    6.406191] CPU feature 'AVX registers' is not supported.
[STDERR  ] 2017-12-15T12:16:37.988321041Z: [    6.406593] AVX2 or AES-NI instructions are not detected.
[STDERR  ] 2017-12-15T12:16:37.988326784Z: [    6.406920] AVX2 instructions are not detected.
[STDERR  ] 2017-12-15T12:16:37.988339945Z: [    6.413643] audit: initializing netlink subsys (disabled)
[STDERR  ] 2017-12-15T12:16:37.988346134Z: [    6.415285] audit: type=2000 audit(1513340165.410:1): initialized
[STDERR  ] 2017-12-15T12:16:37.988352015Z: [    6.422337] workingset: timestamp_bits=46 max_order=18 bucket_order=0
[STDERR  ] 2017-12-15T12:16:37.988358021Z: [    6.427920] FS-Cache: Netfs 'cifs' registered for caching
[STDERR  ] 2017-12-15T12:16:37.98836379Z: [    6.429040] fuse init (API version 7.26)
[STDERR  ] 2017-12-15T12:16:37.988369405Z: [    6.432756] SGI XFS with ACLs, security attributes, no debug enabled
[STDERR  ] 2017-12-15T12:16:37.98837561Z: [    6.436273] 9p: Installing v9fs 9p2000 file system support
[STDERR  ] 2017-12-15T12:16:37.988381764Z: [    6.436845] FS-Cache: Netfs '9p' registered for caching
[STDERR  ] 2017-12-15T12:16:37.988387521Z: [    6.466276] NET: Registered protocol family 38
[STDERR  ] 2017-12-15T12:16:37.988393021Z: [    6.466829] Key type asymmetric registered
[STDERR  ] 2017-12-15T12:16:37.98839841Z: [    6.467205] Asymmetric key parser 'x509' registered
[STDERR  ] 2017-12-15T12:16:37.988403965Z: [    6.468186] Block layer SCSI generic (bsg) driver version 0.4 loaded (major 251)
[STDERR  ] 2017-12-15T12:16:37.988409532Z: [    6.469743] io scheduler noop registered
[STDERR  ] 2017-12-15T12:16:37.988415044Z: [    6.470044] io scheduler deadline registered (default)
[STDERR  ] 2017-12-15T12:16:37.988420395Z: [    6.471697] io scheduler cfq registered
[STDERR  ] 2017-12-15T12:16:37.988425854Z: [    6.474093] pci_hotplug: PCI Hot Plug PCI Core version: 0.5
[STDERR  ] 2017-12-15T12:16:37.988431322Z: [    6.474591] pciehp: PCI Express Hot Plug Controller Driver version: 0.4
[STDERR  ] 2017-12-15T12:16:37.988436718Z: [    6.475372] shpchp: Standard Hot Plug PCI Controller Driver version: 0.4
[STDERR  ] 2017-12-15T12:16:37.988442048Z: [    6.476136] hv_vmbus: registering driver hyperv_fb
[STDERR  ] 2017-12-15T12:16:37.988447301Z: [    6.478909] input: Power Button as /devices/LNXSYSTM:00/LNXPWRBN:00/input/input0
[STDERR  ] 2017-12-15T12:16:37.988452721Z: [    6.479871] ACPI: Power Button [PWRF]
[STDERR  ] 2017-12-15T12:16:37.988458015Z: [    6.484860] GHES: HEST is not enabled!
[STDERR  ] 2017-12-15T12:16:37.988463322Z: [    6.494428] ACPI: PCI Interrupt Link [GSIG] enabled at IRQ 22
[STDERR  ] 2017-12-15T12:16:37.988468692Z: [    6.504726] ACPI: PCI Interrupt Link [GSIH] enabled at IRQ 23
[STDERR  ] 2017-12-15T12:16:37.988473995Z: [    6.508880] xenfs: not registering filesystem on non-xen platform
[STDERR  ] 2017-12-15T12:16:37.98847933Z: [    6.511126] Serial: 8250/16550 driver, 4 ports, IRQ sharing disabled
[STDERR  ] 2017-12-15T12:16:37.988484778Z: [    6.534927] 00:04: ttyS0 at I/O 0x3f8 (irq = 4, base_baud = 115200) is a 16550A
[STDERR  ] 2017-12-15T12:16:37.988504315Z: [    6.546080] Non-volatile memory driver v1.3
[STDERR  ] 2017-12-15T12:16:37.98851136Z: [    6.554098] Hangcheck: starting hangcheck timer 0.9.1 (tick is 180 seconds, margin is 60 seconds).
[STDERR  ] 2017-12-15T12:16:37.9885189Z: [    6.558964] random: fast init done
[STDERR  ] 2017-12-15T12:16:37.988527874Z: [    6.560362] random: crng init done
[STDERR  ] 2017-12-15T12:16:37.988541655Z: [    6.587826] loop: module loaded
[STDERR  ] 2017-12-15T12:16:37.98855353Z: [    6.600185] nbd: registered device at major 43
[STDERR  ] 2017-12-15T12:16:37.988563634Z: [    6.636113] lpc_ich 0000:00:1f.0: I/O space for GPIO uninitialized
[STDERR  ] 2017-12-15T12:16:37.988569781Z: [    6.638065] VMware PVSCSI driver - version 1.0.7.0-k
[STDERR  ] 2017-12-15T12:16:37.988575237Z: [    6.638857] hv_vmbus: registering driver hv_storvsc
[STDERR  ] 2017-12-15T12:16:37.988580971Z: [    6.645952] ACPI: PCI Interrupt Link [GSIA] enabled at IRQ 16
[STDERR  ] 2017-12-15T12:16:37.988586435Z: [    6.652222] ahci 0000:00:1f.2: AHCI 0001.0000 32 slots 6 ports 1.5 Gbps 0x3f impl SATA mode
[STDERR  ] 2017-12-15T12:16:37.988592025Z: [    6.652894] ahci 0000:00:1f.2: flags: 64bit ncq only 
[STDERR  ] 2017-12-15T12:16:37.98859738Z: [    6.669537] scsi host0: ahci
[STDERR  ] 2017-12-15T12:16:37.988607484Z: [    6.672927] scsi host1: ahci
[STDERR  ] 2017-12-15T12:16:37.988613564Z: [    6.675495] scsi host2: ahci
[STDERR  ] 2017-12-15T12:16:37.988618911Z: [    6.678133] scsi host3: ahci
[STDERR  ] 2017-12-15T12:16:37.98862434Z: [    6.679945] scsi host4: ahci
[STDERR  ] 2017-12-15T12:16:37.988629824Z: [    6.682072] scsi host5: ahci
[STDERR  ] 2017-12-15T12:16:37.988636295Z: [    6.683567] ata1: SATA max UDMA/133 abar m4096@0xfebd2000 port 0xfebd2100 irq 24
[STDERR  ] 2017-12-15T12:16:37.988642042Z: [    6.684026] ata2: SATA max UDMA/133 abar m4096@0xfebd2000 port 0xfebd2180 irq 24
[STDERR  ] 2017-12-15T12:16:37.988647642Z: [    6.684393] ata3: SATA max UDMA/133 abar m4096@0xfebd2000 port 0xfebd2200 irq 24
[STDERR  ] 2017-12-15T12:16:37.988653092Z: [    6.684715] ata4: SATA max UDMA/133 abar m4096@0xfebd2000 port 0xfebd2280 irq 24
[STDERR  ] 2017-12-15T12:16:37.988658542Z: [    6.685038] ata5: SATA max UDMA/133 abar m4096@0xfebd2000 port 0xfebd2300 irq 24
[STDERR  ] 2017-12-15T12:16:37.988663902Z: [    6.685374] ata6: SATA max UDMA/133 abar m4096@0xfebd2000 port 0xfebd2380 irq 24
[STDERR  ] 2017-12-15T12:16:37.98866965Z: [    6.696174] tun: Universal TUN/TAP device driver, 1.6
[STDERR  ] 2017-12-15T12:16:37.988677707Z: [    6.696565] tun: (C) 1999-2004 Max Krasnyansky <maxk@qualcomm.com>
[STDERR  ] 2017-12-15T12:16:37.988683235Z: [    6.707506] VMware vmxnet3 virtual NIC driver - version 1.4.a.0-k-NAPI
[STDERR  ] 2017-12-15T12:16:37.988693458Z: [    6.708453] hv_vmbus: registering driver hv_netvsc
[STDERR  ] 2017-12-15T12:16:37.98870475Z: [    6.708774] Fusion MPT base driver 3.04.20
[STDERR  ] 2017-12-15T12:16:37.988711887Z: [    6.708988] Copyright (c) 1999-2008 LSI Corporation
[STDERR  ] 2017-12-15T12:16:37.988719745Z: [    6.709566] Fusion MPT SPI Host driver 3.04.20
[STDERR  ] 2017-12-15T12:16:37.988725124Z: [    6.711728] i8042: PNP: PS/2 Controller [PNP0303:KBD,PNP0f13:MOU] at 0x60,0x64 irq 1,12
[STDERR  ] 2017-12-15T12:16:37.988730844Z: [    6.715793] serio: i8042 KBD port at 0x60,0x64 irq 1
[STDERR  ] 2017-12-15T12:16:37.988736647Z: [    6.716454] serio: i8042 AUX port at 0x60,0x64 irq 12
[STDERR  ] 2017-12-15T12:16:37.988743037Z: [    6.719215] hv_vmbus: registering driver hyperv_keyboard
[STDERR  ] 2017-12-15T12:16:37.988751535Z: [    6.723040] mousedev: PS/2 mouse device common for all mice
[STDERR  ] 2017-12-15T12:16:37.98875721Z: [    6.728100] input: AT Translated Set 2 keyboard as /devices/platform/i8042/serio0/input/input1
[STDERR  ] 2017-12-15T12:16:37.988762912Z: [    6.732673] input: PC Speaker as /devices/platform/pcspkr/input/input2
[STDERR  ] 2017-12-15T12:16:37.988768825Z: [    6.736660] rtc_cmos 00:00: RTC can wake from S4
[STDERR  ] 2017-12-15T12:16:37.98877452Z: [    6.739789] rtc_cmos 00:00: rtc core: registered rtc_cmos as rtc0
[STDERR  ] 2017-12-15T12:16:37.988780302Z: [    6.741403] rtc_cmos 00:00: alarms up to one day, y3k, 114 bytes nvram, hpet irqs
[STDERR  ] 2017-12-15T12:16:37.988789198Z: [    6.742017] i2c /dev entries driver
[STDERR  ] 2017-12-15T12:16:37.988797845Z: [    6.743889] device-mapper: ioctl: 4.35.0-ioctl (2016-06-23) initialised: dm-devel@redhat.com
[STDERR  ] 2017-12-15T12:16:37.988807604Z: [    6.747874] usbcore: registered new interface driver usbhid
[STDERR  ] 2017-12-15T12:16:37.988813672Z: [    6.748140] usbhid: USB HID core driver
[STDERR  ] 2017-12-15T12:16:37.98881932Z: [    6.748830] hv_utils: Registering HyperV Utility Driver
[STDERR  ] 2017-12-15T12:16:37.988825005Z: [    6.749138] hv_vmbus: registering driver hv_util
[STDERR  ] 2017-12-15T12:16:37.988830544Z: [    6.749382] hv_vmbus: registering driver hv_balloon
[STDERR  ] 2017-12-15T12:16:37.988835802Z: [    6.749899] oprofile: using NMI interrupt.
[STDERR  ] 2017-12-15T12:16:37.98884209Z: [    6.751401] GACT probability on
[STDERR  ] 2017-12-15T12:16:37.988847954Z: [    6.751858] Mirror/redirect action on
[STDERR  ] 2017-12-15T12:16:37.988855612Z: [    6.752708] Simple TC action Loaded
[STDERR  ] 2017-12-15T12:16:37.9888609Z: [    6.753250] u32 classifier
[STDERR  ] 2017-12-15T12:16:37.988869972Z: [    6.753401]     Performance counters on
[STDERR  ] 2017-12-15T12:16:37.988875487Z: [    6.753606]     input device check on
[STDERR  ] 2017-12-15T12:16:37.988881002Z: [    6.753771]     Actions configured
[STDERR  ] 2017-12-15T12:16:37.98888645Z: [    6.754340] Netfilter messages via NETLINK v0.30.
[STDERR  ] 2017-12-15T12:16:37.988892099Z: [    6.754897] nfnl_acct: registering with nfnetlink.
[STDERR  ] 2017-12-15T12:16:37.988897417Z: [    6.756215] nf_conntrack version 0.5.0 (8192 buckets, 32768 max)
[STDERR  ] 2017-12-15T12:16:37.988902969Z: [    6.759381] ctnetlink v0.93: registering with nfnetlink.
[STDERR  ] 2017-12-15T12:16:37.988908697Z: [    6.762857] nf_tables: (c) 2007-2009 Patrick McHardy <kaber@trash.net>
[STDERR  ] 2017-12-15T12:16:37.988914569Z: [    6.763722] nf_tables_compat: (c) 2012 Pablo Neira Ayuso <pablo@netfilter.org>
[STDERR  ] 2017-12-15T12:16:37.988920305Z: [    6.765929] xt_time: kernel timezone is -0000
[STDERR  ] 2017-12-15T12:16:37.988925707Z: [    6.766473] ip_set: protocol 6
[STDERR  ] 2017-12-15T12:16:37.988931355Z: [    6.767116] IPVS: Registered protocols (TCP, UDP, SCTP, AH, ESP)
[STDERR  ] 2017-12-15T12:16:37.988937032Z: [    6.767666] IPVS: Connection hash table configured (size=4096, memory=64Kbytes)
[STDERR  ] 2017-12-15T12:16:37.988942389Z: [    6.769330] IPVS: Creating netns size=2104 id=0
[STDERR  ] 2017-12-15T12:16:37.988947952Z: [    6.772198] IPVS: ipvs loaded.
[STDERR  ] 2017-12-15T12:16:37.988953497Z: [    6.772629] IPVS: [rr] scheduler registered.
[STDERR  ] 2017-12-15T12:16:37.988958949Z: [    6.772961] IPVS: [wrr] scheduler registered.
[STDERR  ] 2017-12-15T12:16:37.988964179Z: [    6.773272] IPVS: [lc] scheduler registered.
[STDERR  ] 2017-12-15T12:16:37.988969579Z: [    6.773570] IPVS: [wlc] scheduler registered.
[STDERR  ] 2017-12-15T12:16:37.988974829Z: [    6.773867] IPVS: [fo] scheduler registered.
[STDERR  ] 2017-12-15T12:16:37.98898026Z: [    6.774102] IPVS: [ovf] scheduler registered.
[STDERR  ] 2017-12-15T12:16:37.988985722Z: [    6.774541] IPVS: [lblc] scheduler registered.
[STDERR  ] 2017-12-15T12:16:37.988991214Z: [    6.774928] IPVS: [lblcr] scheduler registered.
[STDERR  ] 2017-12-15T12:16:37.988996542Z: [    6.775201] IPVS: [dh] scheduler registered.
[STDERR  ] 2017-12-15T12:16:37.989001959Z: [    6.775435] IPVS: [sh] scheduler registered.
[STDERR  ] 2017-12-15T12:16:37.989007247Z: [    6.775650] IPVS: [sed] scheduler registered.
[STDERR  ] 2017-12-15T12:16:37.989012524Z: [    6.775902] IPVS: [nq] scheduler registered.
[STDERR  ] 2017-12-15T12:16:37.989017962Z: [    6.776621] IPVS: ftp: loaded support on port[0] = 21
[STDERR  ] 2017-12-15T12:16:37.989023295Z: [    6.777342] ipip: IPv4 and MPLS over IPv4 tunneling driver
[STDERR  ] 2017-12-15T12:16:37.989028693Z: [    6.781482] gre: GRE over IPv4 demultiplexor driver
[STDERR  ] 2017-12-15T12:16:37.989034042Z: [    6.784021] ip_tables: (C) 2000-2006 Netfilter Core Team
[STDERR  ] 2017-12-15T12:16:37.989039363Z: [    6.787120] ipt_CLUSTERIP: ClusterIP Version 0.8 loaded successfully
[STDERR  ] 2017-12-15T12:16:37.989044712Z: [    6.787855] arp_tables: arp_tables: (C) 2002 David S. Miller
[STDERR  ] 2017-12-15T12:16:37.989050773Z: [    6.790682] NET: Registered protocol family 10
[STDERR  ] 2017-12-15T12:16:37.989059257Z: [    6.799246] ip6_tables: (C) 2000-2006 Netfilter Core Team
[STDERR  ] 2017-12-15T12:16:37.989064705Z: [    6.807201] NET: Registered protocol family 17
[STDERR  ] 2017-12-15T12:16:37.989074325Z: [    6.808215] Bridge firewalling registered
[STDERR  ] 2017-12-15T12:16:37.98907972Z: [    6.808764] Ebtables v2.0 registered
[STDERR  ] 2017-12-15T12:16:37.989085057Z: [    6.811061] 8021q: 802.1Q VLAN Support v1.8
[STDERR  ] 2017-12-15T12:16:37.989090373Z: [    6.812386] 9pnet: Installing 9P2000 support
[STDERR  ] 2017-12-15T12:16:37.989095744Z: [    6.813818] Key type dns_resolver registered
[STDERR  ] 2017-12-15T12:16:37.989101079Z: [    6.814756] microcode: AMD CPU family 0x6 not supported
[STDERR  ] 2017-12-15T12:16:37.989106464Z: [    6.817965] registered taskstats version 1
[STDERR  ] 2017-12-15T12:16:37.989114902Z: [    6.981409] Key type big_key registered
[STDERR  ] 2017-12-15T12:16:37.989120332Z: [    7.023815] ata4: SATA link down (SStatus 0 SControl 300)
[STDERR  ] 2017-12-15T12:16:37.989125929Z: [    7.027070] ata3: SATA link up 1.5 Gbps (SStatus 113 SControl 300)
[STDERR  ] 2017-12-15T12:16:37.989131713Z: [    7.031294] ata3.00: ATAPI: QEMU DVD-ROM, 2.5+, max UDMA/100
[STDERR  ] 2017-12-15T12:16:37.989137374Z: [    7.031846] ata3.00: applying bridge limits
[STDERR  ] 2017-12-15T12:16:37.989142663Z: [    7.033218] ata2: SATA link down (SStatus 0 SControl 300)
[STDERR  ] 2017-12-15T12:16:37.989148023Z: [    7.033717] ata1: SATA link up 1.5 Gbps (SStatus 113 SControl 300)
[STDERR  ] 2017-12-15T12:16:37.989153602Z: [    7.034667] ata1.00: ATA-7: QEMU HARDDISK, 2.5+, max UDMA/100
[STDERR  ] 2017-12-15T12:16:37.989158955Z: [    7.034974] ata1.00: 1048576 sectors, multi 16: LBA48 NCQ (depth 31/32)
[STDERR  ] 2017-12-15T12:16:37.98916427Z: [    7.035410] ata1.00: applying bridge limits
[STDERR  ] 2017-12-15T12:16:37.98916966Z: [    7.036433] ata1.00: configured for UDMA/100
[STDERR  ] 2017-12-15T12:16:37.989177105Z: [    7.038328] ata5: SATA link down (SStatus 0 SControl 300)
[STDERR  ] 2017-12-15T12:16:37.989183009Z: [    7.039062] ata6: SATA link down (SStatus 0 SControl 300)
[STDERR  ] 2017-12-15T12:16:37.98919434Z: [    7.058039] ata3.00: configured for UDMA/100
[STDERR  ] 2017-12-15T12:16:37.989199787Z: [    7.063448] scsi 0:0:0:0: Direct-Access     ATA      QEMU HARDDISK    2.5+ PQ: 0 ANSI: 5
[STDERR  ] 2017-12-15T12:16:37.989205713Z: [    7.072228] sd 0:0:0:0: Attached scsi generic sg0 type 0
[STDERR  ] 2017-12-15T12:16:37.989211297Z: [    7.081025] sd 0:0:0:0: [sda] 1048576 512-byte logical blocks: (537 MB/512 MiB)
[STDERR  ] 2017-12-15T12:16:37.989217457Z: [    7.086095] sd 0:0:0:0: [sda] Write Protect is off
[STDERR  ] 2017-12-15T12:16:37.989223219Z: [    7.088411] scsi 2:0:0:0: CD-ROM            QEMU     QEMU DVD-ROM     2.5+ PQ: 0 ANSI: 5
[STDERR  ] 2017-12-15T12:16:37.98922872Z: [    7.091265] Key type encrypted registered
[STDERR  ] 2017-12-15T12:16:37.989234117Z: [    7.094998] rtc_cmos 00:00: setting system clock to 2017-12-15 12:16:06 UTC (1513340166)
[STDERR  ] 2017-12-15T12:16:37.989239624Z: [    7.102912] sd 0:0:0:0: [sda] Write cache: enabled, read cache: enabled, doesn't support DPO or FUA
[STDERR  ] 2017-12-15T12:16:37.98924517Z: [    7.122958] sr 2:0:0:0: [sr0] scsi3-mmc drive: 4x/4x cd/rw xa/form2 tray
[STDERR  ] 2017-12-15T12:16:37.98925058Z: [    7.123709] cdrom: Uniform CD-ROM driver Revision: 3.20
[STDERR  ] 2017-12-15T12:16:37.98925596Z: [    7.134081] sr 2:0:0:0: Attached scsi generic sg1 type 5
[STDERR  ] 2017-12-15T12:16:37.989263545Z: [    7.137860] sd 0:0:0:0: [sda] Attached SCSI disk
[STDERR  ] 2017-12-15T12:16:37.989268919Z: [    7.272235] Freeing unused kernel memory: 1380K (ffffffffacd57000 - ffffffffaceb0000)
[STDERR  ] 2017-12-15T12:16:37.989274349Z: [    7.272838] Write protecting the kernel read-only data: 12288k
[STDERR  ] 2017-12-15T12:16:37.989280135Z: [    7.277896] Freeing unused kernel memory: 152K (ffff88ae4e7da000 - ffff88ae4e800000)
[STDERR  ] 2017-12-15T12:16:37.989285565Z: [    7.344840] Freeing unused kernel memory: 1400K (ffff88ae4eaa2000 - ffff88ae4ec00000)
[STDERR  ] 2017-12-15T12:16:37.989294903Z: [    7.441088] tsc: Refined TSC clocksource calibration: 2600.003 MHz
[STDERR  ] 2017-12-15T12:16:37.98930083Z: [    7.441694] clocksource: tsc: mask: 0xffffffffffffffff max_cycles: 0x257a3ef07ae, max_idle_ns: 440795268508 ns
[STDERR  ] 2017-12-15T12:16:37.989306645Z: [    8.461100] clocksource: Switched to clocksource tsc
[STDERR  ] 2017-12-15T12:16:37.989312552Z: 
[STDERR  ] 2017-12-15T12:16:37.989318255Z: Welcome to LinuxKit
[STDERR  ] 2017-12-15T12:16:37.989323793Z: 
[STDERR  ] 2017-12-15T12:16:37.989329235Z:                         ##         .
[STDERR  ] 2017-12-15T12:16:37.989334914Z:                   ## ## ##        ==
[STDERR  ] 2017-12-15T12:16:37.989340222Z:                ## ## ## ## ##    ===
[STDERR  ] 2017-12-15T12:16:37.989348517Z:            /"""""""""""""""""\___/ ===
[STDERR  ] 2017-12-15T12:16:37.989354637Z:           {                       /  ===-
[STDERR  ] 2017-12-15T12:16:37.98936Z:            \______ O           __/
[STDERR  ] 2017-12-15T12:16:37.989365712Z:              \    \         __/
[STDERR  ] 2017-12-15T12:16:37.989371317Z:               \____\_______/
[STDERR  ] 2017-12-15T12:16:37.989376752Z: 
[STDERR  ] 2017-12-15T12:16:37.989382296Z: [   19.013264] IPVS: Creating netns size=2104 id=1
[STDERR  ] 2017-12-15T12:16:37.989387634Z: [   19.013741] IPVS: ftp: loaded support on port[0] = 21
[STDERR  ] 2017-12-15T12:16:37.989393784Z: 2017/12/15 12:16:19 Creating partition on /dev/sda
[STDERR  ] 2017-12-15T12:16:37.989399073Z: [   20.400953]  sda:
[STDERR  ] 2017-12-15T12:16:37.989404628Z: [   20.468853]  sda:
[STDERR  ] 2017-12-15T12:16:37.989409918Z: [   20.538360]  sda: sda1
[STDERR  ] 2017-12-15T12:16:37.989415221Z: [   20.624608]  sda: sda1
[STDERR  ] 2017-12-15T12:16:37.989420436Z: 2017/12/15 12:16:21 Partition /dev/sda1 successfully created!
[STDERR  ] 2017-12-15T12:16:37.989426562Z: [   23.111377] IPVS: Creating netns size=2104 id=2
[STDERR  ] 2017-12-15T12:16:37.989435612Z: [   23.111897] IPVS: ftp: loaded support on port[0] = 21
[STDERR  ] 2017-12-15T12:16:37.989444716Z: [   24.063557] EXT4-fs (sda1): couldn't mount as ext3 due to feature incompatibilities
[STDERR  ] 2017-12-15T12:16:37.989454901Z: [   24.074717] EXT4-fs (sda1): couldn't mount as ext2 due to feature incompatibilities
[STDERR  ] 2017-12-15T12:16:37.989470538Z: [   24.099564] EXT4-fs (sda1): mounted filesystem with ordered data mode. Opts: (null)
[STDERR  ] 2017-12-15T12:16:37.989483472Z: format_mount test suite PASSED
[STDERR  ] 2017-12-15T12:16:37.989489218Z: [   37.806606] sd 0:0:0:0: [sda] Synchronizing SCSI cache
[STDERR  ] 2017-12-15T12:16:37.989495364Z: [   37.809623] sd 0:0:0:0: [sda] Stopping disk
[STDERR  ] 2017-12-15T12:16:37.989500692Z: [   37.812565] ACPI: Preparing to enter system sleep state S5
[STDERR  ] 2017-12-15T12:16:37.989506236Z: [   37.813657] reboot: Power down
[STDERR  ] 2017-12-15T12:16:37.989511588Z: + echo [    0.000000] Linux version 4.9.38-linuxkit (root@e1ede117fb1e) (gcc version 6.3.0 (Alpine 6.3.0) ) #1 SMP Thu Jul 20 16:07:02 UTC 2017
[STDERR  ] 2017-12-15T12:16:37.989517141Z: [    0.000000] Command line: console=ttyS0 console=ttyAMA0
[STDERR  ] 2017-12-15T12:16:37.989522534Z: [    0.000000] x86/fpu: Legacy x87 FPU detected.
[STDERR  ] 2017-12-15T12:16:37.989527956Z: [    0.000000] x86/fpu: Using 'eager' FPU context switches.
[STDERR  ] 2017-12-15T12:16:37.989533331Z: [    0.000000] e820: BIOS-provided physical RAM map:
[STDERR  ] 2017-12-15T12:16:37.989538559Z: [    0.000000] BIOS-e820: [mem 0x0000000000000000-0x000000000009fbff] usable
[STDERR  ] 2017-12-15T12:16:37.989544474Z: [    0.000000] BIOS-e820: [mem 0x000000000009fc00-0x000000000009ffff] reserved
[STDERR  ] 2017-12-15T12:16:37.989550711Z: [    0.000000] BIOS-e820: [mem 0x00000000000f0000-0x00000000000fffff] reserved
[STDERR  ] 2017-12-15T12:16:37.989556221Z: [    0.000000] BIOS-e820: [mem 0x0000000000100000-0x000000003ffdefff] usable
[STDERR  ] 2017-12-15T12:16:37.989561534Z: [    0.000000] BIOS-e820: [mem 0x000000003ffdf000-0x000000003fffffff] reserved
[STDERR  ] 2017-12-15T12:16:37.989570354Z: [    0.000000] BIOS-e820: [mem 0x00000000b0000000-0x00000000bfffffff] reserved
[STDERR  ] 2017-12-15T12:16:37.989576108Z: [    0.000000] BIOS-e820: [mem 0x00000000fed1c000-0x00000000fed1ffff] reserved
[STDERR  ] 2017-12-15T12:16:37.989581419Z: [    0.000000] BIOS-e820: [mem 0x00000000fffc0000-0x00000000ffffffff] reserved
[STDERR  ] 2017-12-15T12:16:37.989586834Z: [    0.000000] NX (Execute Disable) protection: active
[STDERR  ] 2017-12-15T12:16:37.989592408Z: [    0.000000] SMBIOS 2.8 present.
[STDERR  ] 2017-12-15T12:16:37.989597864Z: [    0.000000] e820: last_pfn = 0x3ffdf max_arch_pfn = 0x400000000
[STDERR  ] 2017-12-15T12:16:37.989605582Z: [    0.000000] x86/PAT: Configuration [0-7]: WB  WC  UC- UC  WB  WC  UC- WT  
[STDERR  ] 2017-12-15T12:16:37.989614944Z: [    0.000000] found SMP MP-table at [mem 0x000f6aa0-0x000f6aaf] mapped at [ffff88ae400f6aa0]
[STDERR  ] 2017-12-15T12:16:37.989620868Z: [    0.000000] RAMDISK: [mem 0x3e13b000-0x3ffcffff]
[STDERR  ] 2017-12-15T12:16:37.989626384Z: [    0.000000] ACPI: Early table checksum verification disabled
[STDERR  ] 2017-12-15T12:16:37.989631966Z: [    0.000000] ACPI: RSDP 0x00000000000F68B0 000014 (v00 BOCHS )
[STDERR  ] 2017-12-15T12:16:37.989637791Z: [    0.000000] ACPI: RSDT 0x000000003FFE20A8 000034 (v01 BOCHS  BXPCRSDT 00000001 BXPC 00000001)
[STDERR  ] 2017-12-15T12:16:37.989643266Z: [    0.000000] ACPI: FACP 0x000000003FFE1EC8 0000F4 (v03 BOCHS  BXPCFACP 00000001 BXPC 00000001)
[STDERR  ] 2017-12-15T12:16:37.989648666Z: [    0.000000] ACPI: DSDT 0x000000003FFE0040 001E88 (v01 BOCHS  BXPCDSDT 00000001 BXPC 00000001)
[STDERR  ] 2017-12-15T12:16:37.989654188Z: [    0.000000] ACPI: FACS 0x000000003FFE0000 000040
[STDERR  ] 2017-12-15T12:16:37.989659482Z: [    0.000000] ACPI: APIC 0x000000003FFE1FBC 000078 (v01 BOCHS  BXPCAPIC 00000001 BXPC 00000001)
[STDERR  ] 2017-12-15T12:16:37.989664941Z: [    0.000000] ACPI: HPET 0x000000003FFE2034 000038 (v01 BOCHS  BXPCHPET 00000001 BXPC 00000001)
[STDERR  ] 2017-12-15T12:16:37.989670469Z: [    0.000000] ACPI: MCFG 0x000000003FFE206C 00003C (v01 BOCHS  BXPCMCFG 00000001 BXPC 00000001)
[STDERR  ] 2017-12-15T12:16:37.989675759Z: [    0.000000] Zone ranges:
[STDERR  ] 2017-12-15T12:16:37.989681649Z: [    0.000000]   DMA      [mem 0x0000000000001000-0x0000000000ffffff]
[STDERR  ] 2017-12-15T12:16:37.989690034Z: [    0.000000]   DMA32    [mem 0x0000000001000000-0x000000003ffdefff]
[STDERR  ] 2017-12-15T12:16:37.989701838Z: [    0.000000]   Normal   empty
[STDERR  ] 2017-12-15T12:16:37.989709866Z: [    0.000000] Movable zone start for each node
[STDERR  ] 2017-12-15T12:16:37.989715351Z: [    0.000000] Early memory node ranges
[STDERR  ] 2017-12-15T12:16:37.989720736Z: [    0.000000]   node   0: [mem 0x0000000000001000-0x000000000009efff]
[STDERR  ] 2017-12-15T12:16:37.989726626Z: [    0.000000]   node   0: [mem 0x0000000000100000-0x000000003ffdefff]
[STDERR  ] 2017-12-15T12:16:37.989732226Z: [    0.000000] Initmem setup node 0 [mem 0x0000000000001000-0x000000003ffdefff]
[STDERR  ] 2017-12-15T12:16:37.989737636Z: [    0.000000] ACPI: PM-Timer IO Port: 0x608
[STDERR  ] 2017-12-15T12:16:37.989743028Z: [    0.000000] ACPI: LAPIC_NMI (acpi_id[0xff] dfl dfl lint[0x1])
[STDERR  ] 2017-12-15T12:16:37.989748844Z: [    0.000000] IOAPIC[0]: apic_id 0, version 32, address 0xfec00000, GSI 0-23
[STDERR  ] 2017-12-15T12:16:37.989754251Z: [    0.000000] ACPI: INT_SRC_OVR (bus 0 bus_irq 0 global_irq 2 dfl dfl)
[STDERR  ] 2017-12-15T12:16:37.989760578Z: [    0.000000] ACPI: INT_SRC_OVR (bus 0 bus_irq 5 global_irq 5 high level)
[STDERR  ] 2017-12-15T12:16:37.989766119Z: [    0.000000] ACPI: INT_SRC_OVR (bus 0 bus_irq 9 global_irq 9 high level)
[STDERR  ] 2017-12-15T12:16:37.989771751Z: [    0.000000] ACPI: INT_SRC_OVR (bus 0 bus_irq 10 global_irq 10 high level)
[STDERR  ] 2017-12-15T12:16:37.989777204Z: [    0.000000] ACPI: INT_SRC_OVR (bus 0 bus_irq 11 global_irq 11 high level)
[STDERR  ] 2017-12-15T12:16:37.989782726Z: [    0.000000] Using ACPI (MADT) for SMP configuration information
[STDERR  ] 2017-12-15T12:16:37.989792172Z: [    0.000000] ACPI: HPET id: 0x8086a201 base: 0xfed00000
[STDERR  ] 2017-12-15T12:16:37.989798025Z: [    0.000000] smpboot: Allowing 1 CPUs, 0 hotplug CPUs
[STDERR  ] 2017-12-15T12:16:37.989803478Z: [    0.000000] e820: [mem 0x40000000-0xafffffff] available for PCI devices
[STDERR  ] 2017-12-15T12:16:37.989808946Z: [    0.000000] Booting paravirtualized kernel on bare hardware
[STDERR  ] 2017-12-15T12:16:37.989814314Z: [    0.000000] clocksource: refined-jiffies: mask: 0xffffffff max_cycles: 0xffffffff, max_idle_ns: 19112604462750000 ns
[STDERR  ] 2017-12-15T12:16:37.989820051Z: [    0.000000] setup_percpu: NR_CPUS:128 nr_cpumask_bits:128 nr_cpu_ids:1 nr_node_ids:1
[STDERR  ] 2017-12-15T12:16:37.989825492Z: [    0.000000] percpu: Embedded 35 pages/cpu @ffff88ae7de00000 s105176 r8192 d29992 u2097152
[STDERR  ] 2017-12-15T12:16:37.989834294Z: [    0.000000] Built 1 zonelists in Zone order, mobility grouping on.  Total pages: 257896
[STDERR  ] 2017-12-15T12:16:37.989839858Z: [    0.000000] Kernel command line: console=ttyS0 console=ttyAMA0
[STDERR  ] 2017-12-15T12:16:37.989848965Z: [    0.000000] PID hash table entries: 4096 (order: 3, 32768 bytes)
[STDERR  ] 2017-12-15T12:16:37.989857922Z: [    0.000000] Dentry cache hash table entries: 131072 (order: 8, 1048576 bytes)
[STDERR  ] 2017-12-15T12:16:37.989867511Z: [    0.000000] Inode-cache hash table entries: 65536 (order: 7, 524288 bytes)
[STDERR  ] 2017-12-15T12:16:37.989879001Z: [    0.000000] Memory: 982856K/1048052K available (8026K kernel code, 1366K rwdata, 2696K rodata, 1380K init, 568K bss, 65196K reserved, 0K cma-reserved)
[STDERR  ] 2017-12-15T12:16:37.989891838Z: [    0.000000] Hierarchical RCU implementation.
[STDERR  ] 2017-12-15T12:16:37.989897648Z: [    0.000000] 	Build-time adjustment of leaf fanout to 64.
[STDERR  ] 2017-12-15T12:16:37.989903515Z: [    0.000000] 	RCU restricting CPUs from NR_CPUS=128 to nr_cpu_ids=1.
[STDERR  ] 2017-12-15T12:16:37.989909271Z: [    0.000000] RCU: Adjusting geometry for rcu_fanout_leaf=64, nr_cpu_ids=1
[STDERR  ] 2017-12-15T12:16:37.989915128Z: [    0.000000] NR_IRQS:8448 nr_irqs:256 16
[STDERR  ] 2017-12-15T12:16:37.989920486Z: [    0.000000] Console: colour VGA+ 80x25
[STDERR  ] 2017-12-15T12:16:37.989925838Z: [    0.000000] console [ttyS0] enabled
[STDERR  ] 2017-12-15T12:16:37.989931134Z: [    0.000000] clocksource: hpet: mask: 0xffffffff max_cycles: 0xffffffff, max_idle_ns: 19112604467 ns
[STDERR  ] 2017-12-15T12:16:37.989937258Z: [    0.000000] tsc: Fast TSC calibration using PIT
[STDERR  ] 2017-12-15T12:16:37.989942612Z: [    0.000000] tsc: Detected 2599.974 MHz processor
[STDERR  ] 2017-12-15T12:16:37.989948055Z: [    0.022154] Calibrating delay loop (skipped), value calculated using timer frequency.. 5199.94 BogoMIPS (lpj=25999740)
[STDERR  ] 2017-12-15T12:16:37.98995385Z: [    0.030452] pid_max: default: 32768 minimum: 301
[STDERR  ] 2017-12-15T12:16:37.989959241Z: [    0.031450] ACPI: Core revision 20160831
[STDERR  ] 2017-12-15T12:16:37.989967132Z: [    0.056902] ACPI: 1 ACPI AML tables successfully acquired and loaded
[STDERR  ] 2017-12-15T12:16:37.989972828Z: [    0.061821] Security Framework initialized
[STDERR  ] 2017-12-15T12:16:37.989978476Z: [    0.062249] Yama: becoming mindful.
[STDERR  ] 2017-12-15T12:16:37.98998392Z: [    0.064177] Mount-cache hash table entries: 2048 (order: 2, 16384 bytes)
[STDERR  ] 2017-12-15T12:16:37.989989824Z: [    0.064604] Mountpoint-cache hash table entries: 2048 (order: 2, 16384 bytes)
[STDERR  ] 2017-12-15T12:16:37.989995241Z: [    0.082925] Last level iTLB entries: 4KB 0, 2MB 0, 4MB 0
[STDERR  ] 2017-12-15T12:16:37.990001406Z: [    0.083348] Last level dTLB entries: 4KB 0, 2MB 0, 4MB 0, 1GB 0
[STDERR  ] 2017-12-15T12:16:37.99001014Z: [    0.352546] Freeing SMP alternatives memory: 20K (ffffffffaceb0000 - ffffffffaceb5000)
[STDERR  ] 2017-12-15T12:16:37.990016054Z: [    0.361872] ftrace: allocating 35489 entries in 139 pages
[STDERR  ] 2017-12-15T12:16:37.990021332Z: [    0.442262] smpboot: Max logical packages: 1
[STDERR  ] 2017-12-15T12:16:37.990032685Z: [    0.449291] ..TIMER: vector=0x30 apic1=0 pin1=2 apic2=-1 pin2=-1
[STDERR  ] 2017-12-15T12:16:37.990038518Z: [    0.550000] smpboot: CPU0: AMD QEMU Virtual CPU version 2.5+ (family: 0x6, model: 0x6, stepping: 0x3)
[STDERR  ] 2017-12-15T12:16:37.99004425Z: [    0.550000] Performance Events: PMU not available due to virtualization, using software events only.
[STDERR  ] 2017-12-15T12:16:37.990049781Z: [    0.558607] NMI watchdog: disabled (cpu0): hardware events not enabled
[STDERR  ] 2017-12-15T12:16:37.990055905Z: [    0.559075] NMI watchdog: Shutting down hard lockup detector on all cpus
[STDERR  ] 2017-12-15T12:16:37.990061551Z: [    0.563129] x86: Booted up 1 node, 1 CPUs
[STDERR  ] 2017-12-15T12:16:37.990067045Z: [    0.563516] smpboot: Total of 1 processors activated (5199.94 BogoMIPS)
[STDERR  ] 2017-12-15T12:16:37.990076918Z: [    0.576755] devtmpfs: initialized
[STDERR  ] 2017-12-15T12:16:37.990082655Z: [    0.583197] x86/mm: Memory block size: 128MB
[STDERR  ] 2017-12-15T12:16:37.990088146Z: [    0.611612] clocksource: jiffies: mask: 0xffffffff max_cycles: 0xffffffff, max_idle_ns: 19112604462750000 ns
[STDERR  ] 2017-12-15T12:16:37.990096291Z: [    0.612491] futex hash table entries: 256 (order: 2, 16384 bytes)
[STDERR  ] 2017-12-15T12:16:37.990101691Z: [    0.621932] NET: Registered protocol family 16
[STDERR  ] 2017-12-15T12:16:37.990107104Z: [    0.630737] cpuidle: using governor ladder
[STDERR  ] 2017-12-15T12:16:37.990112486Z: [    0.631176] cpuidle: using governor menu
[STDERR  ] 2017-12-15T12:16:37.990117966Z: [    0.632354] ACPI: bus type PCI registered
[STDERR  ] 2017-12-15T12:16:37.990123262Z: [    0.635392] PCI: MMCONFIG for domain 0000 [bus 00-ff] at [mem 0xb0000000-0xbfffffff] (base 0xb0000000)
[STDERR  ] 2017-12-15T12:16:37.99012902Z: [    0.636107] PCI: MMCONFIG at [mem 0xb0000000-0xbfffffff] reserved in E820
[STDERR  ] 2017-12-15T12:16:37.99013465Z: [    0.636948] PCI: Using configuration type 1 for base access
[STDERR  ] 2017-12-15T12:16:37.99014027Z: [    0.677993] HugeTLB registered 2 MB page size, pre-allocated 0 pages
[STDERR  ] 2017-12-15T12:16:37.990146071Z: [    0.690132] ACPI: Added _OSI(Module Device)
[STDERR  ] 2017-12-15T12:16:37.990155108Z: [    0.690303] ACPI: Added _OSI(Processor Device)
[STDERR  ] 2017-12-15T12:16:37.990163971Z: [    0.690447] ACPI: Added _OSI(3.0 _SCP Extensions)
[STDERR  ] 2017-12-15T12:16:37.990174912Z: [    0.690718] ACPI: Added _OSI(Processor Aggregator Device)
[STDERR  ] 2017-12-15T12:16:37.990192064Z: [    0.737326] ACPI: Interpreter enabled
[STDERR  ] 2017-12-15T12:16:37.990200387Z: [    0.740973] ACPI: (supports S0 S5)
[STDERR  ] 2017-12-15T12:16:37.990205948Z: [    0.741305] ACPI: Using IOAPIC for interrupt routing
[STDERR  ] 2017-12-15T12:16:37.990211524Z: [    0.743234] PCI: Using host bridge windows from ACPI; if necessary, use "pci=nocrs" and report a bug
[STDERR  ] 2017-12-15T12:16:37.990217198Z: [    0.790703] ACPI: PCI Root Bridge [PCI0] (domain 0000 [bus 00-ff])
[STDERR  ] 2017-12-15T12:16:37.990222667Z: [    0.791825] acpi PNP0A08:00: _OSC: OS supports [ExtendedConfig ASPM ClockPM Segments MSI]
[STDERR  ] 2017-12-15T12:16:37.990230265Z: [    0.797255] acpi PNP0A08:00: _OSC: OS now controls [PCIeHotplug PME PCIeCapability]
[STDERR  ] 2017-12-15T12:16:37.990235794Z: [    0.801097] PCI host bridge to bus 0000:00
[STDERR  ] 2017-12-15T12:16:37.990241258Z: [    0.801559] pci_bus 0000:00: root bus resource [io  0x0000-0x0cf7 window]
[STDERR  ] 2017-12-15T12:16:37.990246964Z: [    0.801968] pci_bus 0000:00: root bus resource [io  0x0d00-0xffff window]
[STDERR  ] 2017-12-15T12:16:37.990252671Z: [    0.802293] pci_bus 0000:00: root bus resource [mem 0x000a0000-0x000bffff window]
[STDERR  ] 2017-12-15T12:16:37.99025855Z: [    0.802670] pci_bus 0000:00: root bus resource [mem 0xc0000000-0xfebfffff window]
[STDERR  ] 2017-12-15T12:16:37.990263972Z: [    0.803240] pci_bus 0000:00: root bus resource [bus 00-ff]
[STDERR  ] 2017-12-15T12:16:37.99026941Z: [    0.931102] pci 0000:00:1f.0: quirk: [io  0x0600-0x067f] claimed by ICH6 ACPI/GPIO/TCO
[STDERR  ] 2017-12-15T12:16:37.990278544Z: [    1.001120] ACPI: PCI Interrupt Link [LNKA] (IRQs 5 *10 11)
[STDERR  ] 2017-12-15T12:16:37.99028461Z: [    1.003409] ACPI: PCI Interrupt Link [LNKB] (IRQs 5 *10 11)
[STDERR  ] 2017-12-15T12:16:37.990292531Z: [    1.005250] ACPI: PCI Interrupt Link [LNKC] (IRQs 5 10 *11)
[STDERR  ] 2017-12-15T12:16:37.990298128Z: [    1.006792] ACPI: PCI Interrupt Link [LNKD] (IRQs 5 10 *11)
[STDERR  ] 2017-12-15T12:16:37.990305552Z: [    1.008113] ACPI: PCI Interrupt Link [LNKE] (IRQs 5 *10 11)
[STDERR  ] 2017-12-15T12:16:37.990311274Z: [    1.011166] ACPI: PCI Interrupt Link [LNKF] (IRQs 5 *10 11)
[STDERR  ] 2017-12-15T12:16:37.990316671Z: [    1.012634] ACPI: PCI Interrupt Link [LNKG] (IRQs 5 10 *11)
[STDERR  ] 2017-12-15T12:16:37.990322185Z: [    1.014004] ACPI: PCI Interrupt Link [LNKH] (IRQs 5 10 *11)
[STDERR  ] 2017-12-15T12:16:37.990330968Z: [    1.015027] ACPI: PCI Interrupt Link [GSIA] (IRQs *16)
[STDERR  ] 2017-12-15T12:16:37.990336545Z: [    1.015698] ACPI: PCI Interrupt Link [GSIB] (IRQs *17)
[STDERR  ] 2017-12-15T12:16:37.990344302Z: [    1.016493] ACPI: PCI Interrupt Link [GSIC] (IRQs *18)
[STDERR  ] 2017-12-15T12:16:37.990349951Z: [    1.017285] ACPI: PCI Interrupt Link [GSID] (IRQs *19)
[STDERR  ] 2017-12-15T12:16:37.990355262Z: [    1.017978] ACPI: PCI Interrupt Link [GSIE] (IRQs *20)
[STDERR  ] 2017-12-15T12:16:37.990360645Z: [    1.018611] ACPI: PCI Interrupt Link [GSIF] (IRQs *21)
[STDERR  ] 2017-12-15T12:16:37.990368265Z: [    1.019227] ACPI: PCI Interrupt Link [GSIG] (IRQs *22)
[STDERR  ] 2017-12-15T12:16:37.990374038Z: [    1.020321] ACPI: PCI Interrupt Link [GSIH] (IRQs *23)
[STDERR  ] 2017-12-15T12:16:37.990379391Z: [    1.023628] ACPI: Enabled 1 GPEs in block 00 to 3F
[STDERR  ] 2017-12-15T12:16:37.990384805Z: [    1.030640] SCSI subsystem initialized
[STDERR  ] 2017-12-15T12:16:37.990390194Z: [    1.033689] ACPI: bus type USB registered
[STDERR  ] 2017-12-15T12:16:37.990395711Z: [    1.035082] usbcore: registered new interface driver usbfs
[STDERR  ] 2017-12-15T12:16:37.990401338Z: [    1.035973] usbcore: registered new interface driver hub
[STDERR  ] 2017-12-15T12:16:37.990407488Z: [    1.037293] usbcore: registered new device driver usb
[STDERR  ] 2017-12-15T12:16:37.990412855Z: [    1.038658] pps_core: LinuxPPS API ver. 1 registered
[STDERR  ] 2017-12-15T12:16:37.990418197Z: [    1.038975] pps_core: Software ver. 5.3.6 - Copyright 2005-2007 Rodolfo Giometti <giometti@linux.it>
[STDERR  ] 2017-12-15T12:16:37.990423798Z: [    1.039664] PTP clock support registered
[STDERR  ] 2017-12-15T12:16:37.990429125Z: [    1.041548] wmi: Mapper loaded
[STDERR  ] 2017-12-15T12:16:37.990434832Z: [    1.042806] PCI: Using ACPI for IRQ routing
[STDERR  ] 2017-12-15T12:16:37.99044035Z: [    1.056504] NetLabel: Initializing
[STDERR  ] 2017-12-15T12:16:37.990445902Z: [    1.056733] NetLabel:  domain hash size = 128
[STDERR  ] 2017-12-15T12:16:37.990454161Z: [    1.057018] NetLabel:  protocols = UNLABELED CIPSOv4
[STDERR  ] 2017-12-15T12:16:37.99046287Z: [    1.058920] NetLabel:  unlabeled traffic allowed by default
[STDERR  ] 2017-12-15T12:16:37.990471157Z: [    1.059775] HPET: 3 timers in total, 0 timers will be used for per-cpu timer
[STDERR  ] 2017-12-15T12:16:37.990480797Z: [    1.060376] hpet0: at MMIO 0xfed00000, IRQs 2, 8, 0
[STDERR  ] 2017-12-15T12:16:37.990489784Z: [    1.060830] hpet0: 3 comparators, 64-bit 100.000000 MHz counter
[STDERR  ] 2017-12-15T12:16:37.990499198Z: [    1.065920] clocksource: Switched to clocksource hpet
[STDERR  ] 2017-12-15T12:16:37.990505041Z: [    1.240591] VFS: Disk quotas dquot_6.6.0
[STDERR  ] 2017-12-15T12:16:37.990510561Z: [    1.241352] VFS: Dquot-cache hash table entries: 512 (order 0, 4096 bytes)
[STDERR  ] 2017-12-15T12:16:37.990515995Z: [    1.245156] FS-Cache: Loaded
[STDERR  ] 2017-12-15T12:16:37.99052164Z: [    1.250792] CacheFiles: Loaded
[STDERR  ] 2017-12-15T12:16:37.990527047Z: [    1.252354] pnp: PnP ACPI init
[STDERR  ] 2017-12-15T12:16:37.990532404Z: [    1.261275] pnp: PnP ACPI: found 5 devices
[STDERR  ] 2017-12-15T12:16:37.990541658Z: [    1.302103] clocksource: acpi_pm: mask: 0xffffff max_cycles: 0xffffff, max_idle_ns: 2085701024 ns
[STDERR  ] 2017-12-15T12:16:37.990547495Z: [    1.306069] NET: Registered protocol family 2
[STDERR  ] 2017-12-15T12:16:37.990555195Z: [    1.314805] TCP established hash table entries: 8192 (order: 4, 65536 bytes)
[STDERR  ] 2017-12-15T12:16:37.990561178Z: [    1.315628] TCP bind hash table entries: 8192 (order: 5, 131072 bytes)
[STDERR  ] 2017-12-15T12:16:37.990566724Z: [    1.316313] TCP: Hash tables configured (established 8192 bind 8192)
[STDERR  ] 2017-12-15T12:16:37.990572764Z: [    1.318144] UDP hash table entries: 512 (order: 2, 16384 bytes)
[STDERR  ] 2017-12-15T12:16:37.990578111Z: [    1.318661] UDP-Lite hash table entries: 512 (order: 2, 16384 bytes)
[STDERR  ] 2017-12-15T12:16:37.990587237Z: [    1.321338] NET: Registered protocol family 1
[STDERR  ] 2017-12-15T12:16:37.99059263Z: [    1.322277] pci 0000:00:01.0: Video device with shadowed ROM at [mem 0x000c0000-0x000dffff]
[STDERR  ] 2017-12-15T12:16:37.990598282Z: [    1.328830] Unpacking initramfs...
[STDERR  ] 2017-12-15T12:16:37.990603632Z: [    6.378984] Freeing initrd memory: 31316K (ffff88ae7e13b000 - ffff88ae7ffd0000)
[STDERR  ] 2017-12-15T12:16:37.990609805Z: [    6.403090] PCLMULQDQ-NI instructions are not detected.
[STDERR  ] 2017-12-15T12:16:37.990617694Z: [    6.404536] AVX or AES-NI instructions are not detected.
[STDERR  ] 2017-12-15T12:16:37.990623272Z: [    6.404989] CPU feature 'AVX registers' is not supported.
[STDERR  ] 2017-12-15T12:16:37.990628677Z: [    6.405354] CPU feature 'AVX registers' is not supported.
[STDERR  ] 2017-12-15T12:16:37.99063396Z: [    6.405753] CPU feature 'AVX registers' is not supported.
[STDERR  ] 2017-12-15T12:16:37.99063943Z: [    6.406191] CPU feature 'AVX registers' is not supported.
[STDERR  ] 2017-12-15T12:16:37.990644748Z: [    6.406593] AVX2 or AES-NI instructions are not detected.
[STDERR  ] 2017-12-15T12:16:37.990650148Z: [    6.406920] AVX2 instructions are not detected.
[STDERR  ] 2017-12-15T12:16:37.990655565Z: [    6.413643] audit: initializing netlink subsys (disabled)
[STDERR  ] 2017-12-15T12:16:37.990660908Z: [    6.415285] audit: type=2000 audit(1513340165.410:1): initialized
[STDERR  ] 2017-12-15T12:16:37.990666321Z: [    6.422337] workingset: timestamp_bits=46 max_order=18 bucket_order=0
[STDERR  ] 2017-12-15T12:16:37.990671978Z: [    6.427920] FS-Cache: Netfs 'cifs' registered for caching
[STDERR  ] 2017-12-15T12:16:37.990677298Z: [    6.429040] fuse init (API version 7.26)
[STDERR  ] 2017-12-15T12:16:37.990683042Z: [    6.432756] SGI XFS with ACLs, security attributes, no debug enabled
[STDERR  ] 2017-12-15T12:16:37.990692567Z: [    6.436273] 9p: Installing v9fs 9p2000 file system support
[STDERR  ] 2017-12-15T12:16:37.990703462Z: [    6.436845] FS-Cache: Netfs '9p' registered for caching
[STDERR  ] 2017-12-15T12:16:37.99071599Z: [    6.466276] NET: Registered protocol family 38
[STDERR  ] 2017-12-15T12:16:37.990721808Z: [    6.466829] Key type asymmetric registered
[STDERR  ] 2017-12-15T12:16:37.990727297Z: [    6.467205] Asymmetric key parser 'x509' registered
[STDERR  ] 2017-12-15T12:16:37.990732693Z: [    6.468186] Block layer SCSI generic (bsg) driver version 0.4 loaded (major 251)
[STDERR  ] 2017-12-15T12:16:37.990738278Z: [    6.469743] io scheduler noop registered
[STDERR  ] 2017-12-15T12:16:37.990743637Z: [    6.470044] io scheduler deadline registered (default)
[STDERR  ] 2017-12-15T12:16:37.990749088Z: [    6.471697] io scheduler cfq registered
[STDERR  ] 2017-12-15T12:16:37.990754465Z: [    6.474093] pci_hotplug: PCI Hot Plug PCI Core version: 0.5
[STDERR  ] 2017-12-15T12:16:37.990760117Z: [    6.474591] pciehp: PCI Express Hot Plug Controller Driver version: 0.4
[STDERR  ] 2017-12-15T12:16:37.990765763Z: [    6.475372] shpchp: Standard Hot Plug PCI Controller Driver version: 0.4
[STDERR  ] 2017-12-15T12:16:37.990771525Z: [    6.476136] hv_vmbus: registering driver hyperv_fb
[STDERR  ] 2017-12-15T12:16:37.990776778Z: [    6.478909] input: Power Button as /devices/LNXSYSTM:00/LNXPWRBN:00/input/input0
[STDERR  ] 2017-12-15T12:16:37.990786153Z: [    6.479871] ACPI: Power Button [PWRF]
[STDERR  ] 2017-12-15T12:16:37.99079239Z: [    6.484860] GHES: HEST is not enabled!
[STDERR  ] 2017-12-15T12:16:37.990800191Z: [    6.494428] ACPI: PCI Interrupt Link [GSIG] enabled at IRQ 22
[STDERR  ] 2017-12-15T12:16:37.99080579Z: [    6.504726] ACPI: PCI Interrupt Link [GSIH] enabled at IRQ 23
[STDERR  ] 2017-12-15T12:16:37.990811388Z: [    6.508880] xenfs: not registering filesystem on non-xen platform
[STDERR  ] 2017-12-15T12:16:37.990819078Z: [    6.511126] Serial: 8250/16550 driver, 4 ports, IRQ sharing disabled
[STDERR  ] 2017-12-15T12:16:37.990825005Z: [    6.534927] 00:04: ttyS0 at I/O 0x3f8 (irq = 4, base_baud = 115200) is a 16550A
[STDERR  ] 2017-12-15T12:16:37.990833753Z: [    6.546080] Non-volatile memory driver v1.3
[STDERR  ] 2017-12-15T12:16:37.990839578Z: [    6.554098] Hangcheck: starting hangcheck timer 0.9.1 (tick is 180 seconds, margin is 60 seconds).
[STDERR  ] 2017-12-15T12:16:37.990845208Z: [    6.558964] random: fast init done
[STDERR  ] 2017-12-15T12:16:37.990850601Z: [    6.560362] random: crng init done
[STDERR  ] 2017-12-15T12:16:37.990855978Z: [    6.587826] loop: module loaded
[STDERR  ] 2017-12-15T12:16:37.99086209Z: [    6.600185] nbd: registered device at major 43
[STDERR  ] 2017-12-15T12:16:37.990867558Z: [    6.636113] lpc_ich 0000:00:1f.0: I/O space for GPIO uninitialized
[STDERR  ] 2017-12-15T12:16:37.990872983Z: [    6.638065] VMware PVSCSI driver - version 1.0.7.0-k
[STDERR  ] 2017-12-15T12:16:37.990878364Z: [    6.638857] hv_vmbus: registering driver hv_storvsc
[STDERR  ] 2017-12-15T12:16:37.990883904Z: [    6.645952] ACPI: PCI Interrupt Link [GSIA] enabled at IRQ 16
[STDERR  ] 2017-12-15T12:16:37.990891534Z: [    6.652222] ahci 0000:00:1f.2: AHCI 0001.0000 32 slots 6 ports 1.5 Gbps 0x3f impl SATA mode
[STDERR  ] 2017-12-15T12:16:37.990900903Z: [    6.652894] ahci 0000:00:1f.2: flags: 64bit ncq only 
[STDERR  ] 2017-12-15T12:16:37.990912163Z: [    6.669537] scsi host0: ahci
[STDERR  ] 2017-12-15T12:16:37.990922608Z: [    6.672927] scsi host1: ahci
[STDERR  ] 2017-12-15T12:16:37.990931723Z: [    6.675495] scsi host2: ahci
[STDERR  ] 2017-12-15T12:16:37.990937847Z: [    6.678133] scsi host3: ahci
[STDERR  ] 2017-12-15T12:16:37.990943314Z: [    6.679945] scsi host4: ahci
[STDERR  ] 2017-12-15T12:16:37.990948714Z: [    6.682072] scsi host5: ahci
[STDERR  ] 2017-12-15T12:16:37.990954027Z: [    6.683567] ata1: SATA max UDMA/133 abar m4096@0xfebd2000 port 0xfebd2100 irq 24
[STDERR  ] 2017-12-15T12:16:37.99095991Z: [    6.684026] ata2: SATA max UDMA/133 abar m4096@0xfebd2000 port 0xfebd2180 irq 24
[STDERR  ] 2017-12-15T12:16:37.990965428Z: [    6.684393] ata3: SATA max UDMA/133 abar m4096@0xfebd2000 port 0xfebd2200 irq 24
[STDERR  ] 2017-12-15T12:16:37.990972063Z: [    6.684715] ata4: SATA max UDMA/133 abar m4096@0xfebd2000 port 0xfebd2280 irq 24
[STDERR  ] 2017-12-15T12:16:37.990977663Z: [    6.685038] ata5: SATA max UDMA/133 abar m4096@0xfebd2000 port 0xfebd2300 irq 24
[STDERR  ] 2017-12-15T12:16:37.990983054Z: [    6.685374] ata6: SATA max UDMA/133 abar m4096@0xfebd2000 port 0xfebd2380 irq 24
[STDERR  ] 2017-12-15T12:16:37.99098836Z: [    6.696174] tun: Universal TUN/TAP device driver, 1.6
[STDERR  ] 2017-12-15T12:16:37.99099381Z: [    6.696565] tun: (C) 1999-2004 Max Krasnyansky <maxk@qualcomm.com>
[STDERR  ] 2017-12-15T12:16:37.990999271Z: [    6.707506] VMware vmxnet3 virtual NIC driver - version 1.4.a.0-k-NAPI
[STDERR  ] 2017-12-15T12:16:37.991004564Z: [    6.708453] hv_vmbus: registering driver hv_netvsc
[STDERR  ] 2017-12-15T12:16:37.991011685Z: [    6.708774] Fusion MPT base driver 3.04.20
[STDERR  ] 2017-12-15T12:16:37.991021091Z: [    6.708988] Copyright (c) 1999-2008 LSI Corporation
[STDERR  ] 2017-12-15T12:16:37.991030948Z: [    6.709566] Fusion MPT SPI Host driver 3.04.20
[STDERR  ] 2017-12-15T12:16:37.991036355Z: [    6.711728] i8042: PNP: PS/2 Controller [PNP0303:KBD,PNP0f13:MOU] at 0x60,0x64 irq 1,12
[STDERR  ] 2017-12-15T12:16:37.991046113Z: [    6.715793] serio: i8042 KBD port at 0x60,0x64 irq 1
[STDERR  ] 2017-12-15T12:16:37.991051771Z: [    6.716454] serio: i8042 AUX port at 0x60,0x64 irq 12
[STDERR  ] 2017-12-15T12:16:37.991057243Z: [    6.719215] hv_vmbus: registering driver hyperv_keyboard
[STDERR  ] 2017-12-15T12:16:37.991062635Z: [    6.723040] mousedev: PS/2 mouse device common for all mice
[STDERR  ] 2017-12-15T12:16:37.991068081Z: [    6.728100] input: AT Translated Set 2 keyboard as /devices/platform/i8042/serio0/input/input1
[STDERR  ] 2017-12-15T12:16:37.991073641Z: [    6.732673] input: PC Speaker as /devices/platform/pcspkr/input/input2
[STDERR  ] 2017-12-15T12:16:37.991079223Z: [    6.736660] rtc_cmos 00:00: RTC can wake from S4
[STDERR  ] 2017-12-15T12:16:37.991092345Z: [    6.739789] rtc_cmos 00:00: rtc core: registered rtc_cmos as rtc0
[STDERR  ] 2017-12-15T12:16:37.991104731Z: [    6.741403] rtc_cmos 00:00: alarms up to one day, y3k, 114 bytes nvram, hpet irqs
[STDERR  ] 2017-12-15T12:16:37.991110358Z: [    6.742017] i2c /dev entries driver
[STDERR  ] 2017-12-15T12:16:37.991118235Z: [    6.743889] device-mapper: ioctl: 4.35.0-ioctl (2016-06-23) initialised: dm-devel@redhat.com
[STDERR  ] 2017-12-15T12:16:37.991123728Z: [    6.747874] usbcore: registered new interface driver usbhid
[STDERR  ] 2017-12-15T12:16:37.991129175Z: [    6.748140] usbhid: USB HID core driver
[STDERR  ] 2017-12-15T12:16:37.991136621Z: [    6.748830] hv_utils: Registering HyperV Utility Driver
[STDERR  ] 2017-12-15T12:16:37.991142094Z: [    6.749138] hv_vmbus: registering driver hv_util
[STDERR  ] 2017-12-15T12:16:37.991147495Z: [    6.749382] hv_vmbus: registering driver hv_balloon
[STDERR  ] 2017-12-15T12:16:37.99115292Z: [    6.749899] oprofile: using NMI interrupt.
[STDERR  ] 2017-12-15T12:16:37.991158315Z: [    6.751401] GACT probability on
[STDERR  ] 2017-12-15T12:16:37.99116379Z: [    6.751858] Mirror/redirect action on
[STDERR  ] 2017-12-15T12:16:37.991169094Z: [    6.752708] Simple TC action Loaded
[STDERR  ] 2017-12-15T12:16:37.991174494Z: [    6.753250] u32 classifier
[STDERR  ] 2017-12-15T12:16:37.991180015Z: [    6.753401]     Performance counters on
[STDERR  ] 2017-12-15T12:16:37.991190074Z: [    6.753606]     input device check on
[STDERR  ] 2017-12-15T12:16:37.991195673Z: [    6.753771]     Actions configured
[STDERR  ] 2017-12-15T12:16:37.99120124Z: [    6.754340] Netfilter messages via NETLINK v0.30.
[STDERR  ] 2017-12-15T12:16:37.991206673Z: [    6.754897] nfnl_acct: registering with nfnetlink.
[STDERR  ] 2017-12-15T12:16:37.991212321Z: [    6.756215] nf_conntrack version 0.5.0 (8192 buckets, 32768 max)
[STDERR  ] 2017-12-15T12:16:37.991220025Z: [    6.759381] ctnetlink v0.93: registering with nfnetlink.
[STDERR  ] 2017-12-15T12:16:37.991225507Z: [    6.762857] nf_tables: (c) 2007-2009 Patrick McHardy <kaber@trash.net>
[STDERR  ] 2017-12-15T12:16:37.991231107Z: [    6.763722] nf_tables_compat: (c) 2012 Pablo Neira Ayuso <pablo@netfilter.org>
[STDERR  ] 2017-12-15T12:16:37.991239823Z: [    6.765929] xt_time: kernel timezone is -0000
[STDERR  ] 2017-12-15T12:16:37.991245527Z: [    6.766473] ip_set: protocol 6
[STDERR  ] 2017-12-15T12:16:37.991251203Z: [    6.767116] IPVS: Registered protocols (TCP, UDP, SCTP, AH, ESP)
[STDERR  ] 2017-12-15T12:16:37.991256603Z: [    6.767666] IPVS: Connection hash table configured (size=4096, memory=64Kbytes)
[STDERR  ] 2017-12-15T12:16:37.991262445Z: [    6.769330] IPVS: Creating netns size=2104 id=0
[STDERR  ] 2017-12-15T12:16:37.991267927Z: [    6.772198] IPVS: ipvs loaded.
[STDERR  ] 2017-12-15T12:16:37.991273734Z: [    6.772629] IPVS: [rr] scheduler registered.
[STDERR  ] 2017-12-15T12:16:37.991279144Z: [    6.772961] IPVS: [wrr] scheduler registered.
[STDERR  ] 2017-12-15T12:16:37.991284614Z: [    6.773272] IPVS: [lc] scheduler registered.
[STDERR  ] 2017-12-15T12:16:37.991290081Z: [    6.773570] IPVS: [wlc] scheduler registered.
[STDERR  ] 2017-12-15T12:16:37.99129558Z: [    6.773867] IPVS: [fo] scheduler registered.
[STDERR  ] 2017-12-15T12:16:37.991300943Z: [    6.774102] IPVS: [ovf] scheduler registered.
[STDERR  ] 2017-12-15T12:16:37.991309831Z: [    6.774541] IPVS: [lblc] scheduler registered.
[STDERR  ] 2017-12-15T12:16:37.991315608Z: [    6.774928] IPVS: [lblcr] scheduler registered.
[STDERR  ] 2017-12-15T12:16:37.991321167Z: [    6.775201] IPVS: [dh] scheduler registered.
[STDERR  ] 2017-12-15T12:16:37.991328705Z: [    6.775435] IPVS: [sh] scheduler registered.
[STDERR  ] 2017-12-15T12:16:37.991334313Z: [    6.775650] IPVS: [sed] scheduler registered.
[STDERR  ] 2017-12-15T12:16:37.991339641Z: [    6.775902] IPVS: [nq] scheduler registered.
[STDERR  ] 2017-12-15T12:16:37.991345028Z: [    6.776621] IPVS: ftp: loaded support on port[0] = 21
[STDERR  ] 2017-12-15T12:16:37.991350463Z: [    6.777342] ipip: IPv4 and MPLS over IPv4 tunneling driver
[STDERR  ] 2017-12-15T12:16:37.991355903Z: [    6.781482] gre: GRE over IPv4 demultiplexor driver
[STDERR  ] 2017-12-15T12:16:37.991364391Z: [    6.784021] ip_tables: (C) 2000-2006 Netfilter Core Team
[STDERR  ] 2017-12-15T12:16:37.991369861Z: [    6.787120] ipt_CLUSTERIP: ClusterIP Version 0.8 loaded successfully
[STDERR  ] 2017-12-15T12:16:37.991375811Z: [    6.787855] arp_tables: arp_tables: (C) 2002 David S. Miller
[STDERR  ] 2017-12-15T12:16:37.991381348Z: [    6.790682] NET: Registered protocol family 10
[STDERR  ] 2017-12-15T12:16:37.991386777Z: [    6.799246] ip6_tables: (C) 2000-2006 Netfilter Core Team
[STDERR  ] 2017-12-15T12:16:37.991392624Z: [    6.807201] NET: Registered protocol family 17
[STDERR  ] 2017-12-15T12:16:37.991398135Z: [    6.808215] Bridge firewalling registered
[STDERR  ] 2017-12-15T12:16:37.991403537Z: [    6.808764] Ebtables v2.0 registered
[STDERR  ] 2017-12-15T12:16:37.991408851Z: [    6.811061] 8021q: 802.1Q VLAN Support v1.8
[STDERR  ] 2017-12-15T12:16:37.99141426Z: [    6.812386] 9pnet: Installing 9P2000 support
[STDERR  ] 2017-12-15T12:16:37.991419765Z: [    6.813818] Key type dns_resolver registered
[STDERR  ] 2017-12-15T12:16:37.991425021Z: [    6.814756] microcode: AMD CPU family 0x6 not supported
[STDERR  ] 2017-12-15T12:16:37.991430574Z: [    6.817965] registered taskstats version 1
[STDERR  ] 2017-12-15T12:16:37.991435887Z: [    6.981409] Key type big_key registered
[STDERR  ] 2017-12-15T12:16:37.991441264Z: [    7.023815] ata4: SATA link down (SStatus 0 SControl 300)
[STDERR  ] 2017-12-15T12:16:37.991446694Z: [    7.027070] ata3: SATA link up 1.5 Gbps (SStatus 113 SControl 300)
[STDERR  ] 2017-12-15T12:16:37.991452457Z: [    7.031294] ata3.00: ATAPI: QEMU DVD-ROM, 2.5+, max UDMA/100
[STDERR  ] 2017-12-15T12:16:37.9914578Z: [    7.031846] ata3.00: applying bridge limits
[STDERR  ] 2017-12-15T12:16:37.991463477Z: [    7.033218] ata2: SATA link down (SStatus 0 SControl 300)
[STDERR  ] 2017-12-15T12:16:37.991468845Z: [    7.033717] ata1: SATA link up 1.5 Gbps (SStatus 113 SControl 300)
[STDERR  ] 2017-12-15T12:16:37.99147439Z: [    7.034667] ata1.00: ATA-7: QEMU HARDDISK, 2.5+, max UDMA/100
[STDERR  ] 2017-12-15T12:16:37.991479786Z: [    7.034974] ata1.00: 1048576 sectors, multi 16: LBA48 NCQ (depth 31/32)
[STDERR  ] 2017-12-15T12:16:37.991485276Z: [    7.035410] ata1.00: applying bridge limits
[STDERR  ] 2017-12-15T12:16:37.991490727Z: [    7.036433] ata1.00: configured for UDMA/100
[STDERR  ] 2017-12-15T12:16:37.991496099Z: [    7.038328] ata5: SATA link down (SStatus 0 SControl 300)
[STDERR  ] 2017-12-15T12:16:37.991501632Z: [    7.039062] ata6: SATA link down (SStatus 0 SControl 300)
[STDERR  ] 2017-12-15T12:16:37.991508949Z: [    7.058039] ata3.00: configured for UDMA/100
[STDERR  ] 2017-12-15T12:16:37.991514425Z: [    7.063448] scsi 0:0:0:0: Direct-Access     ATA      QEMU HARDDISK    2.5+ PQ: 0 ANSI: 5
[STDERR  ] 2017-12-15T12:16:37.991519817Z: [    7.072228] sd 0:0:0:0: Attached scsi generic sg0 type 0
[STDERR  ] 2017-12-15T12:16:37.991525266Z: [    7.081025] sd 0:0:0:0: [sda] 1048576 512-byte logical blocks: (537 MB/512 MiB)
[STDERR  ] 2017-12-15T12:16:37.991530592Z: [    7.086095] sd 0:0:0:0: [sda] Write Protect is off
[STDERR  ] 2017-12-15T12:16:37.991535873Z: [    7.088411] scsi 2:0:0:0: CD-ROM            QEMU     QEMU DVD-ROM     2.5+ PQ: 0 ANSI: 5
[STDERR  ] 2017-12-15T12:16:37.99154425Z: [    7.091265] Key type encrypted registered
[STDERR  ] 2017-12-15T12:16:37.99154989Z: [    7.094998] rtc_cmos 00:00: setting system clock to 2017-12-15 12:16:06 UTC (1513340166)
[STDERR  ] 2017-12-15T12:16:37.991555323Z: [    7.102912] sd 0:0:0:0: [sda] Write cache: enabled, read cache: enabled, doesn't support DPO or FUA
[STDERR  ] 2017-12-15T12:16:37.991560859Z: [    7.122958] sr 2:0:0:0: [sr0] scsi3-mmc drive: 4x/4x cd/rw xa/form2 tray
[STDERR  ] 2017-12-15T12:16:37.991566876Z: [    7.123709] cdrom: Uniform CD-ROM driver Revision: 3.20
[STDERR  ] 2017-12-15T12:16:37.991573962Z: [    7.134081] sr 2:0:0:0: Attached scsi generic sg1 type 5
[STDERR  ] 2017-12-15T12:16:37.991579426Z: [    7.137860] sd 0:0:0:0: [sda] Attached SCSI disk
[STDERR  ] 2017-12-15T12:16:37.991587907Z: [    7.272235] Freeing unused kernel memory: 1380K (ffffffffacd57000 - ffffffffaceb0000)
[STDERR  ] 2017-12-15T12:16:37.991593825Z: [    7.272838] Write protecting the kernel read-only data: 12288k
[STDERR  ] 2017-12-15T12:16:37.991599282Z: [    7.277896] Freeing unused kernel memory: 152K (ffff88ae4e7da000 - ffff88ae4e800000)
[STDERR  ] 2017-12-15T12:16:37.99160477Z: [    7.344840] Freeing unused kernel memory: 1400K (ffff88ae4eaa2000 - ffff88ae4ec00000)
[STDERR  ] 2017-12-15T12:16:37.991612903Z: [    7.441088] tsc: Refined TSC clocksource calibration: 2600.003 MHz
[STDERR  ] 2017-12-15T12:16:37.991618979Z: [    7.441694] clocksource: tsc: mask: 0xffffffffffffffff max_cycles: 0x257a3ef07ae, max_idle_ns: 440795268508 ns
[STDERR  ] 2017-12-15T12:16:37.991624612Z: [    8.461100] clocksource: Switched to clocksource tsc
[STDERR  ] 2017-12-15T12:16:37.991632417Z: 
[STDERR  ] 2017-12-15T12:16:37.991638336Z: Welcome to LinuxKit
[STDERR  ] 2017-12-15T12:16:37.991643836Z: 
[STDERR  ] 2017-12-15T12:16:37.99164955Z:                         ##         .
[STDERR  ] 2017-12-15T12:16:37.991655387Z:                   ## ## ##        ==
[STDERR  ] 2017-12-15T12:16:37.991661012Z:                ## ## ## ## ##    ===
[STDERR  ] 2017-12-15T12:16:37.991666397Z:            /"""""""""""""""""\___/ ===
[STDERR  ] 2017-12-15T12:16:37.991671877Z:           {                       /  ===-
[STDERR  ] 2017-12-15T12:16:37.991679312Z:            \______ O           __/
[STDERR  ] 2017-12-15T12:16:37.991685222Z:              \    \         __/
[STDERR  ] 2017-12-15T12:16:37.99169495Z:               \____\_______/
[STDERR  ] 2017-12-15T12:16:37.991705753Z: 
[STDERR  ] 2017-12-15T12:16:37.991716056Z: [   19.013264] IPVS: Creating netns size=2104 id=1
[STDERR  ] 2017-12-15T12:16:37.991726135Z: [   19.013741] IPVS: ftp: loaded support on port[0] = 21
[STDERR  ] 2017-12-15T12:16:37.99173748Z: 2017/12/15 12:16:19 Creating partition on /dev/sda
[STDERR  ] 2017-12-15T12:16:37.99174711Z: [   20.400953]  sda:
[STDERR  ] 2017-12-15T12:16:37.991754255Z: [   20.468853]  sda:
[STDERR  ] 2017-12-15T12:16:37.991759796Z: [   20.538360]  sda: sda1
[STDERR  ] 2017-12-15T12:16:37.991765635Z: [   20.624608]  sda: sda1
[STDERR  ] 2017-12-15T12:16:37.991771257Z: 2017/12/15 12:16:21 Partition /dev/sda1 successfully created!
[STDERR  ] 2017-12-15T12:16:37.991776765Z: [   23.111377] IPVS: Creating netns size=2104 id=2
[STDERR  ] 2017-12-15T12:16:37.991782393Z: [   23.111897] IPVS: ftp: loaded support on port[0] = 21
[STDERR  ] 2017-12-15T12:16:37.99178768Z: [   24.063557] EXT4-fs (sda1): couldn't mount as ext3 due to feature incompatibilities
[STDERR  ] 2017-12-15T12:16:37.99179343Z: [   24.074717] EXT4-fs (sda1): couldn't mount as ext2 due to feature incompatibilities
[STDERR  ] 2017-12-15T12:16:37.9917988Z: [   24.099564] EXT4-fs (sda1): mounted filesystem with ordered data mode. Opts: (null)
[STDERR  ] 2017-12-15T12:16:37.99180464Z: format_mount test suite PASSED
[STDERR  ] 2017-12-15T12:16:37.991810027Z: [   37.806606] sd 0:0:0:0: [sda] Synchronizing SCSI cache
[STDERR  ] 2017-12-15T12:16:37.991815537Z: [   37.809623] sd 0:0:0:0: [sda] Stopping disk
[STDERR  ] 2017-12-15T12:16:37.991820933Z: [   37.812565] ACPI: Preparing to enter system sleep state S5
[STDERR  ] 2017-12-15T12:16:37.991830075Z: [   37.813657] reboot: Power down
[STDERR  ] 2017-12-15T12:16:37.991835855Z: + grep -q suite PASSED
[STDERR  ] 2017-12-15T12:16:37.991844057Z: + echo [    0.000000] Linux version 4.9.38-linuxkit (root@e1ede117fb1e) (gcc version 6.3.0 (Alpine 6.3.0) ) #1 SMP Thu Jul 20 16:07:02 UTC 2017
[STDERR  ] 2017-12-15T12:16:37.991850166Z: [    0.000000] Command line: console=ttyS0 console=ttyAMA0
[STDERR  ] 2017-12-15T12:16:37.991858037Z: [    0.000000] x86/fpu: Legacy x87 FPU detected.
[STDERR  ] 2017-12-15T12:16:37.991869595Z: [    0.000000] x86/fpu: Using 'eager' FPU context switches.
[STDERR  ] 2017-12-15T12:16:37.9918765Z: [    0.000000] e820: BIOS-provided physical RAM map:
[STDERR  ] 2017-12-15T12:16:37.991881983Z: [    0.000000] BIOS-e820: [mem 0x0000000000000000-0x000000000009fbff] usable
[STDERR  ] 2017-12-15T12:16:37.991893287Z: [    0.000000] BIOS-e820: [mem 0x000000000009fc00-0x000000000009ffff] reserved
[STDERR  ] 2017-12-15T12:16:37.991899107Z: [    0.000000] BIOS-e820: [mem 0x00000000000f0000-0x00000000000fffff] reserved
[STDERR  ] 2017-12-15T12:16:37.99190475Z: [    0.000000] BIOS-e820: [mem 0x0000000000100000-0x000000003ffdefff] usable
[STDERR  ] 2017-12-15T12:16:37.991913Z: [    0.000000] BIOS-e820: [mem 0x000000003ffdf000-0x000000003fffffff] reserved
[STDERR  ] 2017-12-15T12:16:37.991922662Z: [    0.000000] BIOS-e820: [mem 0x00000000b0000000-0x00000000bfffffff] reserved
[STDERR  ] 2017-12-15T12:16:37.991930663Z: [    0.000000] BIOS-e820: [mem 0x00000000fed1c000-0x00000000fed1ffff] reserved
