[INFO    ] 2018-06-09T13:04:37.329203571Z: Running Test linuxkit.packages.wireguard in /tmp/build/test/cases/040_packages/023_wireguard
[STDERR  ] 2018-06-09T13:04:37.329239019Z: [    5.215977] ata3.00: configured for UDMA/100
[STDERR  ] 2018-06-09T13:04:37.329257626Z: [    5.220949] ata6: SATA link down (SStatus 0 SControl 300)
[STDERR  ] 2018-06-09T13:04:37.329277779Z: [    5.228858] scsi 2:0:0:0: CD-ROM            QEMU     QEMU DVD-ROM     2.5+ PQ: 0 ANSI: 5
[STDERR  ] 2018-06-09T13:04:37.329292208Z: [    5.283608] sr 2:0:0:0: [sr0] scsi3-mmc drive: 4x/4x cd/rw xa/form2 tray
[STDERR  ] 2018-06-09T13:04:37.329306056Z: [    5.284405] cdrom: Uniform CD-ROM driver Revision: 3.20
[STDERR  ] 2018-06-09T13:04:37.329319472Z: [    5.294107] sr 2:0:0:0: Attached scsi generic sg0 type 5
[INFO    ] 2018-06-09T13:04:37.329335814Z: Running command: [/bin/sh -x /tmp/build/test/cases/040_packages/023_wireguard/test.sh]
[STDERR  ] 2018-06-09T13:04:37.329339165Z: [    5.307083] Key type trusted registered
[STDERR  ] 2018-06-09T13:04:37.329435525Z: [    5.375620] Key type encrypted registered
[STDERR  ] 2018-06-09T13:04:37.329518817Z: [    5.376325] ima: No TPM chip found, activating TPM-bypass! (rc=-19)
[STDERR  ] 2018-06-09T13:04:37.329538308Z: [    5.376852] ima: Allocated hash algorithm: sha256
[STDERR  ] 2018-06-09T13:04:37.329551449Z: [    5.381111] evm: HMAC attrs: 0x1
[STDERR  ] 2018-06-09T13:04:37.329564841Z: [    5.386471] rtc_cmos 00:00: setting system clock to 2018-06-09 13:04:16 UTC (1528549456)
[STDERR  ] 2018-06-09T13:04:37.329581763Z: [    5.550450] Freeing unused kernel memory: 1512K
[STDERR  ] 2018-06-09T13:04:37.329601690Z: [    5.550884] Write protecting the kernel read-only data: 18432k
[STDERR  ] 2018-06-09T13:04:37.329616215Z: [    5.564029] Freeing unused kernel memory: 2024K
[STDERR  ] 2018-06-09T13:04:37.329642210Z: [    5.595070] Freeing unused kernel memory: 1104K
[STDERR  ] 2018-06-09T13:04:37.329653451Z: [    5.600985] tsc: Refined TSC clocksource calibration: 2599.930 MHz
[STDERR  ] 2018-06-09T13:04:37.329666367Z: [    5.601661] clocksource: tsc: mask: 0xffffffffffffffff max_cycles: 0x2579fa04218, max_idle_ns: 440795256060 ns
[STDERR  ] 2018-06-09T13:04:37.329680445Z: [    6.621730] clocksource: Switched to clocksource tsc
[STDERR  ] 2018-06-09T13:04:37.329693696Z: 
[STDERR  ] 2018-06-09T13:04:37.329710284Z: Welcome to LinuxKit
[STDERR  ] 2018-06-09T13:04:37.329723388Z: 
[STDERR  ] 2018-06-09T13:04:37.329741666Z:                         ##         .
[STDERR  ] 2018-06-09T13:04:37.329753869Z:                   ## ## ##        ==
[STDERR  ] 2018-06-09T13:04:37.329765961Z:                ## ## ## ## ##    ===
[STDERR  ] 2018-06-09T13:04:37.329777854Z:            /"""""""""""""""""\___/ ===
[STDERR  ] 2018-06-09T13:04:37.329785947Z:           {                       /  ===-
[STDERR  ] 2018-06-09T13:04:37.329794218Z:            \______ O           __/
[STDERR  ] 2018-06-09T13:04:37.329807435Z:              \    \         __/
[STDERR  ] 2018-06-09T13:04:37.329815408Z:               \____\_______/
[STDERR  ] 2018-06-09T13:04:37.329823072Z: 
[STDERR  ] 2018-06-09T13:04:37.329833508Z: sysctl test suite PASSED
[STDERR  ] 2018-06-09T13:04:37.329841343Z: [   25.106624] ACPI: Preparing to enter system sleep state S5
[STDERR  ] 2018-06-09T13:04:37.329849509Z: [   25.108031] reboot: Power down
[STDERR  ] 2018-06-09T13:04:37.329857619Z: + echo [    0.000000] Linux version 4.14.48-linuxkit (root@f636001766f8) (gcc version 6.4.0 (Alpine 6.4.0)) #1 SMP Thu Jun 7 13:33:05 UTC 2018
[STDERR  ] 2018-06-09T13:04:37.329866333Z: [    0.000000] Command line: console=ttyS0 console=ttyAMA0
[STDERR  ] 2018-06-09T13:04:37.329879435Z: [    0.000000] x86/fpu: x87 FPU will use FXSAVE
[STDERR  ] 2018-06-09T13:04:37.329887170Z: [    0.000000] e820: BIOS-provided physical RAM map:
[STDERR  ] 2018-06-09T13:04:37.329897603Z: [    0.000000] BIOS-e820: [mem 0x0000000000000000-0x000000000009fbff] usable
[STDERR  ] 2018-06-09T13:04:37.329905656Z: [    0.000000] BIOS-e820: [mem 0x000000000009fc00-0x000000000009ffff] reserved
[STDERR  ] 2018-06-09T13:04:37.329913382Z: [    0.000000] BIOS-e820: [mem 0x00000000000f0000-0x00000000000fffff] reserved
[STDERR  ] 2018-06-09T13:04:37.329927370Z: [    0.000000] BIOS-e820: [mem 0x0000000000100000-0x000000003ffdefff] usable
[STDERR  ] 2018-06-09T13:04:37.329938069Z: [    0.000000] BIOS-e820: [mem 0x000000003ffdf000-0x000000003fffffff] reserved
[STDERR  ] 2018-06-09T13:04:37.329951074Z: [    0.000000] BIOS-e820: [mem 0x00000000b0000000-0x00000000bfffffff] reserved
[STDERR  ] 2018-06-09T13:04:37.329960905Z: [    0.000000] BIOS-e820: [mem 0x00000000fed1c000-0x00000000fed1ffff] reserved
[STDERR  ] 2018-06-09T13:04:37.329973893Z: [    0.000000] BIOS-e820: [mem 0x00000000fffc0000-0x00000000ffffffff] reserved
[STDERR  ] 2018-06-09T13:04:37.329981801Z: [    0.000000] NX (Execute Disable) protection: active
[STDERR  ] 2018-06-09T13:04:37.329989628Z: [    0.000000] SMBIOS 2.8 present.
[STDERR  ] 2018-06-09T13:04:37.329997450Z: [    0.000000] DMI: QEMU Standard PC (Q35 + ICH9, 2009), BIOS rel-1.10.2-0-g5f4c7b1-prebuilt.qemu-project.org 04/01/2014
[STDERR  ] 2018-06-09T13:04:37.330006326Z: [    0.000000] tsc: Fast TSC calibration using PIT
[STDERR  ] 2018-06-09T13:04:37.330014780Z: [    0.000000] e820: last_pfn = 0x3ffdf max_arch_pfn = 0x400000000
[STDERR  ] 2018-06-09T13:04:37.330022977Z: [    0.000000] x86/PAT: Configuration [0-7]: WB  WC  UC- UC  WB  WP  UC- WT  
[STDERR  ] 2018-06-09T13:04:37.330030794Z: [    0.000000] found SMP MP-table at [mem 0x000f6aa0-0x000f6aaf] mapped at [ffffffffff200aa0]
[STDERR  ] 2018-06-09T13:04:37.330041404Z: [    0.000000] RAMDISK: [mem 
[STDERR  ] 2018-06-09T13:04:37.362088235Z: + set -e
[STDERR  ] 2018-06-09T13:04:37.362172430Z: + . /tmp/build/test/cases/_lib/lib.sh
[STDERR  ] 2018-06-09T13:04:37.362189521Z: + [ -f src/github.com/linuxkit/rtf/lib/lib.sh ]
[STDERR  ] 2018-06-09T13:04:37.362202779Z: + LINUXKIT_TMPDIR=/tmp/build/test/cases/_tmp
[STDERR  ] 2018-06-09T13:04:37.362225377Z: + [ -f /tmp/build/test/cases/_tmp/env.sh ]
[STDERR  ] 2018-06-09T13:04:37.362238555Z: + . /tmp/build/test/cases/_tmp/env.sh
[STDERR  ] 2018-06-09T13:04:37.362253387Z: + export LINUXKIT_EXAMPLES_DIR=/tmp/build/test/cases/../../examples
[STDERR  ] 2018-06-09T13:04:37.362265848Z: + RT_CANCEL=253
[STDERR  ] 2018-06-09T13:04:37.362277974Z: + NAME=wireguard
[STDERR  ] 2018-06-09T13:04:37.362289678Z: + trap clean_up EXIT
[STDERR  ] 2018-06-09T13:04:37.362303181Z: + linuxkit build -format kernel+initrd -name wireguard test.yml
[STDERR  ] 2018-06-09T13:04:37.426277162Z: Extract kernel image: linuxkit/kernel:4.14.48
[STDERR  ] 2018-06-09T13:04:39.207065704Z: Add init containers:
[STDERR  ] 2018-06-09T13:04:39.207120549Z: Process init image: linuxkit/init:a14b7ef6115e6d56fe5bf7c40517b9e190dd4dfb
[STDERR  ] 2018-06-09T13:04:40.426033701Z: Process init image: linuxkit/runc:v0.4
[STDERR  ] 2018-06-09T13:04:41.608901247Z: Process init image: linuxkit/containerd:72df922e49a363a4ad53d88cd1a8a3ae4d41086f
[STDERR  ] 2018-06-09T13:04:42.857197214Z: Process init image: linuxkit/ca-certificates:v0.4
[STDERR  ] 2018-06-09T13:04:44.030158397Z: Add onboot containers:
[STDERR  ] 2018-06-09T13:04:44.030213176Z:   Create OCI config for linuxkit/dhcpcd:v0.4
[STDERR  ] 2018-06-09T13:04:45.234531338Z:   Create OCI config for linuxkit/ip:v0.4
[STDERR  ] 2018-06-09T13:04:47.343780817Z:   Create OCI config for linuxkit/ip:v0.4
[STDERR  ] 2018-06-09T13:04:48.766563579Z: Add onshutdown containers:
[STDERR  ] 2018-06-09T13:04:48.766621127Z:   Create OCI config for alpine:3.7
[STDERR  ] 2018-06-09T13:04:49.988003754Z: Add service containers:
[STDERR  ] 2018-06-09T13:04:49.988090476Z:   Create OCI config for nginx:1.13.7
[STDERR  ] 2018-06-09T13:04:51.121577031Z: Pull image: docker.io/library/nginx:1.13.7@sha256:edc8182581fdaa985a39b3021836aa09a69f9b966d1a0ff2f338be6f2fbfe238
[STDERR  ] 2018-06-09T13:04:59.217477060Z:   Create OCI config for alpine:3.7
[STDERR  ] 2018-06-09T13:05:00.474208023Z: Add files:
[STDERR  ] 2018-06-09T13:05:00.474263950Z:   etc/wireguard/wg0.conf
[STDERR  ] 2018-06-09T13:05:00.474277497Z:   etc/wireguard/wg1.conf
[STDERR  ] 2018-06-09T13:05:00.474290848Z:   check.sh
[STDERR  ] 2018-06-09T13:05:00.477326491Z: Create outputs:
[STDERR  ] 2018-06-09T13:05:14.789422318Z:   wireguard-kernel wireguard-initrd.img wireguard-cmdline
[STDERR  ] 2018-06-09T13:05:15.941396591Z: + linuxkit run wireguard
[STDERR  ] 2018-06-09T13:05:15.965909620Z: Unable to find qemu-system-x86_64 within the $PATH. Using a container
[STDERR  ] 2018-06-09T13:06:22.940735181Z: + RESULT=[    0.000000] Linux version 4.14.48-linuxkit (root@f636001766f8) (gcc version 6.4.0 (Alpine 6.4.0)) #1 SMP Thu Jun 7 13:33:05 UTC 2018
[STDERR  ] 2018-06-09T13:06:22.940804729Z: [    0.000000] Command line: console=ttyS0 console=ttyAMA0
[STDERR  ] 2018-06-09T13:06:22.940820086Z: [    0.000000] x86/fpu: x87 FPU will use FXSAVE
[STDERR  ] 2018-06-09T13:06:22.940834470Z: [    0.000000] e820: BIOS-provided physical RAM map:
[STDERR  ] 2018-06-09T13:06:22.940848104Z: [    0.000000] BIOS-e820: [mem 0x0000000000000000-0x000000000009fbff] usable
[STDERR  ] 2018-06-09T13:06:22.940861956Z: [    0.000000] BIOS-e820: [mem 0x000000000009fc00-0x000000000009ffff] reserved
[STDERR  ] 2018-06-09T13:06:22.940874493Z: [    0.000000] BIOS-e820: [mem 0x00000000000f0000-0x00000000000fffff] reserved
[STDERR  ] 2018-06-09T13:06:22.940887483Z: [    0.000000] BIOS-e820: [mem 0x0000000000100000-0x000000003ffdefff] usable
[STDERR  ] 2018-06-09T13:06:22.940900011Z: [    0.000000] BIOS-e820: [mem 0x000000003ffdf000-0x000000003fffffff] reserved
[STDERR  ] 2018-06-09T13:06:22.940912135Z: [    0.000000] BIOS-e820: [mem 0x00000000b0000000-0x00000000bfffffff] reserved
[STDERR  ] 2018-06-09T13:06:22.940932940Z: [    0.000000] BIOS-e820: [mem 0x00000000fed1c000-0x00000000fed1ffff] reserved
[STDERR  ] 2018-06-09T13:06:22.940944891Z: [    0.000000] BIOS-e820: [mem 0x00000000fffc0000-0x00000000ffffffff] reserved
[STDERR  ] 2018-06-09T13:06:22.940957061Z: [    0.000000] NX (Execute Disable) protection: active
[STDERR  ] 2018-06-09T13:06:22.940969166Z: [    0.000000] SMBIOS 2.8 present.
[STDERR  ] 2018-06-09T13:06:22.940981078Z: [    0.000000] DMI: QEMU Standard PC (Q35 + ICH9, 2009), BIOS rel-1.10.2-0-g5f4c7b1-prebuilt.qemu-project.org 04/01/2014
[STDERR  ] 2018-06-09T13:06:22.940996869Z: [    0.000000] tsc: Fast TSC calibration using PIT
[STDERR  ] 2018-06-09T13:06:22.941009592Z: [    0.000000] e820: last_pfn = 0x3ffdf max_arch_pfn = 0x400000000
[STDERR  ] 2018-06-09T13:06:22.941029263Z: [    0.000000] x86/PAT: Configuration [0-7]: WB  WC  UC- UC  WB  WP  UC- WT  
[STDERR  ] 2018-06-09T13:06:22.941041867Z: [    0.000000] found SMP MP-table at [mem 0x000f6aa0-0x000f6aaf] mapped at [ffffffffff200aa0]
[STDERR  ] 2018-06-09T13:06:22.941054764Z: [    0.000000] RAMDISK: [mem 0x3a31d000-0x3ffcffff]
[STDERR  ] 2018-06-09T13:06:22.941067367Z: [    0.000000] ACPI: Early table checksum verification disabled
[STDERR  ] 2018-06-09T13:06:22.941083643Z: [    0.000000] ACPI: RSDP 0x00000000000F68B0 000014 (v00 BOCHS )
[STDERR  ] 2018-06-09T13:06:22.941099129Z: [    0.000000] ACPI: RSDT 0x000000003FFE20A8 000034 (v01 BOCHS  BXPCRSDT 00000001 BXPC 00000001)
[STDERR  ] 2018-06-09T13:06:22.941111624Z: [    0.000000] ACPI: FACP 0x000000003FFE1EC8 0000F4 (v03 BOCHS  BXPCFACP 00000001 BXPC 00000001)
[STDERR  ] 2018-06-09T13:06:22.941123660Z: [    0.000000] ACPI: DSDT 0x000000003FFE0040 001E88 (v01 BOCHS  BXPCDSDT 00000001 BXPC 00000001)
[STDERR  ] 2018-06-09T13:06:22.941136803Z: [    0.000000] ACPI: FACS 0x000000003FFE0000 000040
[STDERR  ] 2018-06-09T13:06:22.941149476Z: [    0.000000] ACPI: APIC 0x000000003FFE1FBC 000078 (v01 BOCHS  BXPCAPIC 00000001 BXPC 00000001)
[STDERR  ] 2018-06-09T13:06:22.941162452Z: [    0.000000] ACPI: HPET 0x000000003FFE2034 000038 (v01 BOCHS  BXPCHPET 00000001 BXPC 00000001)
[STDERR  ] 2018-06-09T13:06:22.941174674Z: [    0.000000] ACPI: MCFG 0x000000003FFE206C 00003C (v01 BOCHS  BXPCMCFG 00000001 BXPC 00000001)
[STDERR  ] 2018-06-09T13:06:22.941189413Z: [    0.000000] Zone ranges:
[STDERR  ] 2018-06-09T13:06:22.941201537Z: [    0.000000]   DMA      [mem 0x0000000000001000-0x0000000000ffffff]
[STDERR  ] 2018-06-09T13:06:22.941213538Z: [    0.000000]   DMA32    [mem 0x0000000001000000-0x000000003ffdefff]
[STDERR  ] 2018-06-09T13:06:22.941239678Z: [    0.000000]   Normal   empty
[STDERR  ] 2018-06-09T13:06:22.941251977Z: [    0.000000]   Device   empty
[STDERR  ] 2018-06-09T13:06:22.941267326Z: [    0.000000] Movable zone start for each node
[STDERR  ] 2018-06-09T13:06:22.941284873Z: [    0.000000] Early memory node ranges
[STDERR  ] 2018-06-09T13:06:22.941293945Z: [    0.000000]   node   0: [mem 0x0000000000001000-0x000000000009efff]
[STDERR  ] 2018-06-09T13:06:22.941305408Z: [    0.000000]   node   0: [mem 0x0000000000100000-0x000000003ffdefff]
[STDERR  ] 2018-06-09T13:06:22.941313304Z: [    0.000000] Initmem setup node 0 [mem 0x0000000000001000-0x000000003ffdefff]
[STDERR  ] 2018-06-09T13:06:22.941321449Z: [    0.000000] ACPI: PM-Timer IO Port: 0x608
[STDERR  ] 2018-06-09T13:06:22.941331940Z: [    0.000000] ACPI: LAPIC_NMI (acpi_id[0xff] dfl dfl lint[0x1])
[STDERR  ] 2018-06-09T13:06:22.941339650Z: [    0.000000] IOAPIC[0]: apic_id 0, version 32, address 0xfec00000, GSI 0-23
[STDERR  ] 2018-06-09T13:06:22.941347474Z: [    0.000000] ACPI: INT_SRC_OVR (bus 0 bus_irq 0 global_irq 2 dfl dfl)
[STDERR  ] 2018-06-09T13:06:22.941355148Z: [    0.000000] ACPI: INT_SRC_OVR (bus 0 bus_irq 5 global_irq 5 high level)
[STDERR  ] 2018-06-09T13:06:22.941365534Z: [    0.000000] ACPI: INT_SRC_OVR (bus 0 bus_irq 9 global_irq 9 high level)
[STDERR  ] 2018-06-09T13:06:22.941373194Z: [    0.000000] ACPI: INT_SRC_OVR (bus 0 bus_irq 10 global_irq 10 high level)
[STDERR  ] 2018-06-09T13:06:22.941380795Z: [    0.000000] ACPI: INT_SRC_OVR (bus 0 bus_irq 11 global_irq 11 high level)
[STDERR  ] 2018-06-09T13:06:22.941388396Z: [    0.000000] Using ACPI (MADT) for SMP configuration information
[STDERR  ] 2018-06-09T13:06:22.941396391Z: [    0.000000] ACPI: HPET id: 0x8086a201 base: 0xfed00000
[STDERR  ] 2018-06-09T13:06:22.941404517Z: [    0.000000] smpboot: Allowing 1 CPUs, 0 hotplug CPUs
[STDERR  ] 2018-06-09T13:06:22.941412061Z: [    0.000000] e820: [mem 0x40000000-0xafffffff] available for PCI devices
[STDERR  ] 2018-06-09T13:06:22.941420203Z: [    0.000000] Booting paravirtualized kernel on bare hardware
[STDERR  ] 2018-06-09T13:06:22.941427931Z: [    0.000000] clocksource: refined-jiffies: mask: 0xffffffff max_cycles: 0xffffffff, max_idle_ns: 19112604462750000 ns
[STDERR  ] 2018-06-09T13:06:22.941435900Z: [    0.000000] random: get_random_bytes called from start_kernel+0x92/0x4c8 with crng_init=0
[STDERR  ] 2018-06-09T13:06:22.941446404Z: [    0.000000] setup_percpu: NR_CPUS:128 nr_cpumask_bits:128 nr_cpu_ids:1 nr_node_ids:1
[STDERR  ] 2018-06-09T13:06:22.941454083Z: [    0.000000] percpu: Embedded 44 pages/cpu @ffff92e83a000000 s143256 r8192 d28776 u2097152
[STDERR  ] 2018-06-09T13:06:22.941461671Z: [    0.000000] Built 1 zonelists, mobility grouping on.  Total pages: 257896
[STDERR  ] 2018-06-09T13:06:22.941469225Z: [    0.000000] Kernel command line: console=ttyS0 console=ttyAMA0
[STDERR  ] 2018-06-09T13:06:22.941479052Z: [    0.000000] PID hash table entries: 4096 (order: 3, 32768 bytes)
[STDERR  ] 2018-06-09T13:06:22.941486743Z: [    0.000000] Dentry cache hash table entries: 131072 (order: 8, 1048576 bytes)
[STDERR  ] 2018-06-09T13:06:22.941494269Z: [    0.000000] Inode-cache hash table entries: 65536 (order: 7, 524288 bytes)
[STDERR  ] 2018-06-09T13:06:22.941502066Z: [    0.000000] Memory: 909876K/1048052K available (12300K kernel code, 1459K rwdata, 2992K rodata, 1512K init, 632K bss, 138176K reserved, 0K cma-reserved)
[STDERR  ] 2018-06-09T13:06:22.941514758Z: [    0.000000] ftrace: allocating 41022 entries in 161 pages
[STDERR  ] 2018-06-09T13:06:22.941522852Z: [    0.000000] Hierarchical RCU implementation.
[STDERR  ] 2018-06-09T13:06:22.941530237Z: [    0.000000] 	RCU restricting CPUs from NR_CPUS=128 to nr_cpu_ids=1.
[STDERR  ] 2018-06-09T13:06:22.941537777Z: [    0.000000] RCU: Adjusting geometry for rcu_fanout_leaf=16, nr_cpu_ids=1
[STDERR  ] 2018-06-09T13:06:22.941545256Z: [    0.000000] NR_IRQS: 8448, nr_irqs: 256, preallocated irqs: 16
[STDERR  ] 2018-06-09T13:06:22.941553034Z: [    0.000000] Console: colour VGA+ 80x25
[STDERR  ] 2018-06-09T13:06:22.941563861Z: [    0.000000] console [ttyS0] enabled
[STDERR  ] 2018-06-09T13:06:22.941571477Z: [    0.000000] clocksource: hpet: mask: 0xffffffff max_cycles: 0xffffffff, max_idle_ns: 19112604467 ns
[STDERR  ] 2018-06-09T13:06:22.941579638Z: [    0.000000] tsc: Fast TSC calibration using PIT
[STDERR  ] 2018-06-09T13:06:22.941592505Z: [    0.000000] tsc: Detected 2600.094 MHz processor
[STDERR  ] 2018-06-09T13:06:22.941600359Z: [    0.001724] Calibrating delay loop (skipped), value calculated using timer frequency.. 5200.18 BogoMIPS (lpj=26000940)
[STDERR  ] 2018-06-09T13:06:22.941607918Z: [    0.002180] pid_max: default: 32768 minimum: 301
[STDERR  ] 2018-06-09T13:06:22.941615472Z: [    0.002905] ACPI: Core revision 20170728
[STDERR  ] 2018-06-09T13:06:22.941648741Z: [    0.038764] ACPI: 1 ACPI AML tables successfully acquired and loaded
[STDERR  ] 2018-06-09T13:06:22.941663776Z: [    0.041107] Security Framework initialized
[STDERR  ] 2018-06-09T13:06:22.941674477Z: [    0.041396] Yama: becoming mindful.
[STDERR  ] 2018-06-09T13:06:22.941685792Z: [    0.043835] Mount-cache hash table entries: 2048 (order: 2, 16384 bytes)
[STDERR  ] 2018-06-09T13:06:22.941696059Z: [    0.044261] Mountpoint-cache hash table entries: 2048 (order: 2, 16384 bytes)
[STDERR  ] 2018-06-09T13:06:22.941703859Z: [    0.060899] Last level iTLB entries: 4KB 0, 2MB 0, 4MB 0
[STDERR  ] 2018-06-09T13:06:22.941711655Z: [    0.061271] Last level dTLB entries: 4KB 0, 2MB 0, 4MB 0, 1GB 0
[STDERR  ] 2018-06-09T13:06:22.941719508Z: [    0.061780] Spectre V2 : Spectre mitigation: LFENCE not serializing, switching to generic retpoline
[STDERR  ] 2018-06-09T13:06:22.941727556Z: [    0.062306] Spectre V2 : Vulnerable: Minimal generic ASM retpoline
[STDERR  ] 2018-06-09T13:06:22.941735243Z: [    0.062576] Spectre V2 : Spectre v2 mitigation: Filling RSB on context switch
[STDERR  ] 2018-06-09T13:06:22.941742825Z: [    0.062981] Speculative Store Bypass: Vulnerable
[STDERR  ] 2018-06-09T13:06:22.941750302Z: [    0.353153] Freeing SMP alternatives memory: 20K
[STDERR  ] 2018-06-09T13:06:22.941757883Z: [    0.372951] smpboot: Max logical packages: 1
[STDERR  ] 2018-06-09T13:06:22.941765396Z: [    0.379387] ..TIMER: vector=0x30 apic1=0 pin1=2 apic2=-1 pin2=-1
[STDERR  ] 2018-06-09T13:06:22.941775327Z: [    0.480000] smpboot: CPU0: AMD QEMU Virtual CPU version 2.5+ (family: 0x6, model: 0x6, stepping: 0x3)
[STDERR  ] 2018-06-09T13:06:22.941783139Z: [    0.480000] Performance Events: PMU not available due to virtualization, using software events only.
[STDERR  ] 2018-06-09T13:06:22.941791743Z: [    0.481100] Hierarchical SRCU implementation.
[STDERR  ] 2018-06-09T13:06:22.941799261Z: [    0.486316] NMI watchdog: Perf event create on CPU 0 failed with -2
[STDERR  ] 2018-06-09T13:06:22.941809113Z: [    0.486736] NMI watchdog: Perf NMI watchdog permanently disabled
[STDERR  ] 2018-06-09T13:06:22.941819343Z: [    0.490428] smp: Bringing up secondary CPUs ...
[STDERR  ] 2018-06-09T13:06:22.941828605Z: [    0.490635] smp: Brought up 1 node, 1 CPU
[STDERR  ] 2018-06-09T13:06:22.941836122Z: [    0.491057] smpboot: Total of 1 processors activated (5200.18 BogoMIPS)
[STDERR  ] 2018-06-09T13:06:22.941843630Z: [    0.507017] devtmpfs: initialized
[STDERR  ] 2018-06-09T13:06:22.941851158Z: [    0.512479] x86/mm: Memory block size: 128MB
[STDERR  ] 2018-06-09T13:06:22.941858654Z: [    0.517389] evm: security.ima
[STDERR  ] 2018-06-09T13:06:22.941866147Z: [    0.517524] evm: security.capability
[STDERR  ] 2018-06-09T13:06:22.941873670Z: [    0.522137] clocksource: jiffies: mask: 0xffffffff max_cycles: 0xffffffff, max_idle_ns: 19112604462750000 ns
[STDERR  ] 2018-06-09T13:06:22.941881435Z: [    0.522834] futex hash table entries: 256 (order: 2, 16384 bytes)
[STDERR  ] 2018-06-09T13:06:22.941889126Z: [    0.532548] NET: Registered protocol family 16
[STDERR  ] 2018-06-09T13:06:22.941896623Z: [    0.538241] cpuidle: using governor ladder
[STDERR  ] 2018-06-09T13:06:22.941904190Z: [    0.538701] cpuidle: using governor menu
[STDERR  ] 2018-06-09T13:06:22.941915946Z: [    0.540237] ACPI: bus type PCI registered
[STDERR  ] 2018-06-09T13:06:22.941923640Z: [    0.542583] PCI: MMCONFIG for domain 0000 [bus 00-ff] at [mem 0xb0000000-0xbfffffff] (base 0xb0000000)
[STDERR  ] 2018-06-09T13:06:22.941932150Z: [    0.543314] PCI: MMCONFIG at [mem 0xb0000000-0xbfffffff] reserved in E820
[STDERR  ] 2018-06-09T13:06:22.941944490Z: [    0.544213] PCI: Using configuration type 1 for base access
[STDERR  ] 2018-06-09T13:06:22.941952179Z: [    0.582685] HugeTLB registered 2.00 MiB page size, pre-allocated 0 pages
[STDERR  ] 2018-06-09T13:06:22.941959921Z: [    0.593168] ACPI: Added _OSI(Module Device)
[STDERR  ] 2018-06-09T13:06:22.941967415Z: [    0.593512] ACPI: Added _OSI(Processor Device)
[STDERR  ] 2018-06-09T13:06:22.941977407Z: [    0.593772] ACPI: Added _OSI(3.0 _SCP Extensions)
[STDERR  ] 2018-06-09T13:06:22.941985034Z: [    0.593990] ACPI: Added _OSI(Processor Aggregator Device)
[STDERR  ] 2018-06-09T13:06:22.941992727Z: [    0.636777] ACPI: Interpreter enabled
[STDERR  ] 2018-06-09T13:06:22.942000245Z: [    0.640218] ACPI: (supports S0 S5)
[STDERR  ] 2018-06-09T13:06:22.942007824Z: [    0.640545] ACPI: Using IOAPIC for interrupt routing
[STDERR  ] 2018-06-09T13:06:22.942021552Z: [    0.642796] PCI: Using host bridge windows from ACPI; if necessary, use "pci=nocrs" and report a bug
[STDERR  ] 2018-06-09T13:06:22.942029989Z: [    0.645810] ACPI: Enabled 1 GPEs in block 00 to 3F
[STDERR  ] 2018-06-09T13:06:22.942037421Z: [    0.689121] ACPI: PCI Root Bridge [PCI0] (domain 0000 [bus 00-ff])
[STDERR  ] 2018-06-09T13:06:22.942044950Z: [    0.690486] acpi PNP0A08:00: _OSC: OS supports [ExtendedConfig ASPM ClockPM Segments MSI]
[STDERR  ] 2018-06-09T13:06:22.942052827Z: [    0.694564] acpi PNP0A08:00: _OSC: OS now controls [PCIeHotplug PME PCIeCapability]
[STDERR  ] 2018-06-09T13:06:22.942060412Z: [    0.697807] PCI host bridge to bus 0000:00
[STDERR  ] 2018-06-09T13:06:22.942067947Z: [    0.698332] pci_bus 0000:00: root bus resource [io  0x0000-0x0cf7 window]
[STDERR  ] 2018-06-09T13:06:22.942075610Z: [    0.698682] pci_bus 0000:00: root bus resource [io  0x0d00-0xffff window]
[STDERR  ] 2018-06-09T13:06:22.942087330Z: [    0.699014] pci_bus 0000:00: root bus resource [mem 0x000a0000-0x000bffff window]
[STDERR  ] 2018-06-09T13:06:22.942094960Z: [    0.699334] pci_bus 0000:00: root bus resource [mem 0xc0000000-0xfebfffff window]
[STDERR  ] 2018-06-09T13:06:22.942102401Z: [    0.699795] pci_bus 0000:00: root bus resource [bus 00-ff]
[STDERR  ] 2018-06-09T13:06:22.942110099Z: [    0.862324] pci 0000:00:1f.0: quirk: [io  0x0600-0x067f] claimed by ICH6 ACPI/GPIO/TCO
[STDERR  ] 2018-06-09T13:06:22.942118178Z: [    0.951843] ACPI: PCI Interrupt Link [LNKA] (IRQs 5 *10 11)
[STDERR  ] 2018-06-09T13:06:22.942127933Z: [    0.953772] ACPI: PCI Interrupt Link [LNKB] (IRQs 5 *10 11)
[STDERR  ] 2018-06-09T13:06:22.942135698Z: [    0.955456] ACPI: PCI Interrupt Link [LNKC] (IRQs 5 10 *11)
[STDERR  ] 2018-06-09T13:06:22.942143544Z: [    0.957035] ACPI: PCI Interrupt Link [LNKD] (IRQs 5 10 *11)
[STDERR  ] 2018-06-09T13:06:22.942153936Z: [    0.958334] ACPI: PCI Interrupt Link [LNKE] (IRQs 5 *10 11)
[STDERR  ] 2018-06-09T13:06:22.942161758Z: [    0.960672] ACPI: PCI Interrupt Link [LNKF] (IRQs 5 *10 11)
[STDERR  ] 2018-06-09T13:06:22.942169476Z: [    0.962352] ACPI: PCI Interrupt Link [LNKG] (IRQs 5 10 *11)
[STDERR  ] 2018-06-09T13:06:22.942177185Z: [    0.963697] ACPI: PCI Interrupt Link [LNKH] (IRQs 5 10 *11)
[STDERR  ] 2018-06-09T13:06:22.942184857Z: [    0.964354] ACPI: PCI Interrupt Link [GSIA] (IRQs *16)
[STDERR  ] 2018-06-09T13:06:22.942192468Z: [    0.964900] ACPI: PCI Interrupt Link [GSIB] (IRQs *17)
[STDERR  ] 2018-06-09T13:06:22.942200055Z: [    0.965404] ACPI: PCI Interrupt Link [GSIC] (IRQs *18)
[STDERR  ] 2018-06-09T13:06:22.942207683Z: [    0.965907] ACPI: PCI Interrupt Link [GSID] (IRQs *19)
[STDERR  ] 2018-06-09T13:06:22.942215070Z: [    0.966389] ACPI: PCI Interrupt Link [GSIE] (IRQs *20)
[STDERR  ] 2018-06-09T13:06:22.942222548Z: [    0.966904] ACPI: PCI Interrupt Link [GSIF] (IRQs *21)
[STDERR  ] 2018-06-09T13:06:22.942233467Z: [    0.967400] ACPI: PCI Interrupt Link [GSIG] (IRQs *22)
[STDERR  ] 2018-06-09T13:06:22.942241087Z: [    0.967890] ACPI: PCI Interrupt Link [GSIH] (IRQs *23)
[STDERR  ] 2018-06-09T13:06:22.942250181Z: [    0.975347] SCSI subsystem initialized
[STDERR  ] 2018-06-09T13:06:22.942261381Z: [    0.977624] ACPI: bus type USB registered
[STDERR  ] 2018-06-09T13:06:22.942269032Z: [    0.978565] usbcore: registered new interface driver usbfs
[STDERR  ] 2018-06-09T13:06:22.942276575Z: [    0.979298] usbcore: registered new interface driver hub
[STDERR  ] 2018-06-09T13:06:22.942285089Z: [    0.980262] usbcore: registered new device driver usb
[STDERR  ] 2018-06-09T13:06:22.942292489Z: [    0.981124] pps_core: LinuxPPS API ver. 1 registered
[STDERR  ] 2018-06-09T13:06:22.942299913Z: [    0.981362] pps_core: Software ver. 5.3.6 - Copyright 2005-2007 Rodolfo Giometti <giometti@linux.it>
[STDERR  ] 2018-06-09T13:06:22.942310353Z: [    0.981967] PTP clock support registered
[STDERR  ] 2018-06-09T13:06:22.942317813Z: [    0.983902] PCI: Using ACPI for IRQ routing
[STDERR  ] 2018-06-09T13:06:22.942325507Z: [    0.996824] NetLabel: Initializing
[STDERR  ] 2018-06-09T13:06:22.942332936Z: [    0.997052] NetLabel:  domain hash size = 128
[STDERR  ] 2018-06-09T13:06:22.942340380Z: [    0.997281] NetLabel:  protocols = UNLABELED CIPSOv4 CALIPSO
[STDERR  ] 2018-06-09T13:06:22.942349393Z: [    0.999355] NetLabel:  unlabeled traffic allowed by default
[STDERR  ] 2018-06-09T13:06:22.942357050Z: [    1.000992] HPET: 3 timers in total, 0 timers will be used for per-cpu timer
[STDERR  ] 2018-06-09T13:06:22.942364658Z: [    1.001723] hpet0: at MMIO 0xfed00000, IRQs 2, 8, 0
[STDERR  ] 2018-06-09T13:06:22.942372131Z: [    1.002029] hpet0: 3 comparators, 64-bit 100.000000 MHz counter
[STDERR  ] 2018-06-09T13:06:22.942385050Z: [    1.007066] clocksource: Switched to clocksource hpet
[STDERR  ] 2018-06-09T13:06:22.942392683Z: [    1.203444] VFS: Disk quotas dquot_6.6.0
[STDERR  ] 2018-06-09T13:06:22.942400507Z: [    1.204075] VFS: Dquot-cache hash table entries: 512 (order 0, 4096 bytes)
[STDERR  ] 2018-06-09T13:06:22.942408103Z: [    1.207273] FS-Cache: Loaded
[STDERR  ] 2018-06-09T13:06:22.942415608Z: [    1.212744] CacheFiles: Loaded
[STDERR  ] 2018-06-09T13:06:22.942425475Z: [    1.213960] pnp: PnP ACPI init
[STDERR  ] 2018-06-09T13:06:22.942433783Z: [    1.221733] pnp: PnP ACPI: found 5 devices
[STDERR  ] 2018-06-09T13:06:22.942441489Z: [    1.252158] clocksource: acpi_pm: mask: 0xffffff max_cycles: 0xffffff, max_idle_ns: 2085701024 ns
[STDERR  ] 2018-06-09T13:06:22.942449577Z: [    1.255701] NET: Registered protocol family 2
[STDERR  ] 2018-06-09T13:06:22.942457207Z: [    1.264146] TCP established hash table entries: 8192 (order: 4, 65536 bytes)
[STDERR  ] 2018-06-09T13:06:22.942465151Z: [    1.264880] TCP bind hash table entries: 8192 (order: 5, 131072 bytes)
[STDERR  ] 2018-06-09T13:06:22.942472869Z: [    1.265839] TCP: Hash tables configured (established 8192 bind 8192)
[STDERR  ] 2018-06-09T13:06:22.942480619Z: [    1.267751] UDP hash table entries: 512 (order: 2, 16384 bytes)
[STDERR  ] 2018-06-09T13:06:22.942488309Z: [    1.268369] UDP-Lite hash table entries: 512 (order: 2, 16384 bytes)
[STDERR  ] 2018-06-09T13:06:22.942496079Z: [    1.270740] NET: Registered protocol family 1
[STDERR  ] 2018-06-09T13:06:22.942504108Z: [    1.271638] pci 0000:00:01.0: Video device with shadowed ROM at [mem 0x000c0000-0x000dffff]
[STDERR  ] 2018-06-09T13:06:22.942511802Z: [    1.276929] Trying to unpack rootfs image as initramfs...
[STDERR  ] 2018-06-09T13:06:22.942519646Z: [   12.694030] Freeing initrd memory: 94924K
[STDERR  ] 2018-06-09T13:06:22.942527224Z: [   12.715451] PCLMULQDQ-NI instructions are not detected.
[STDERR  ] 2018-06-09T13:06:22.942537200Z: [   12.716635] AVX or AES-NI instructions are not detected.
[STDERR  ] 2018-06-09T13:06:22.942544667Z: [   12.717101] CPU feature 'AVX registers' is not supported.
[STDERR  ] 2018-06-09T13:06:22.942552226Z: [   12.717390] CPU feature 'AVX registers' is not supported.
[STDERR  ] 2018-06-09T13:06:22.942563142Z: [   12.717694] CPU feature 'AVX registers' is not supported.
[STDERR  ] 2018-06-09T13:06:22.942570697Z: [   12.717982] CPU feature 'AVX registers' is not supported.
[STDERR  ] 2018-06-09T13:06:22.942578531Z: [   12.718312] AVX2 or AES-NI instructions are not detected.
[STDERR  ] 2018-06-09T13:06:22.942589389Z: [   12.718605] AVX2 instructions are not detected.
[STDERR  ] 2018-06-09T13:06:22.942597073Z: [   12.723383] audit: initializing netlink subsys (disabled)
[STDERR  ] 2018-06-09T13:06:22.942604561Z: [   12.728813] audit: type=2000 audit(1528549530.720:1): state=initialized audit_enabled=0 res=1
[STDERR  ] 2018-06-09T13:06:22.942612236Z: [   12.729928] workingset: timestamp_bits=46 max_order=18 bucket_order=0
[STDERR  ] 2018-06-09T13:06:22.942619771Z: [   12.736283] squashfs: version 4.0 (2009/01/31) Phillip Lougher
[STDERR  ] 2018-06-09T13:06:22.942627240Z: [   12.738227] FS-Cache: Netfs 'cifs' registered for caching
[STDERR  ] 2018-06-09T13:06:22.942634901Z: [   12.739044] fuse init (API version 7.26)
[STDERR  ] 2018-06-09T13:06:22.942642394Z: [   12.741621] SGI XFS with ACLs, security attributes, no debug enabled
[STDERR  ] 2018-06-09T13:06:22.942651916Z: [   12.744937] 9p: Installing v9fs 9p2000 file system support
[STDERR  ] 2018-06-09T13:06:22.942659534Z: [   12.745360] FS-Cache: Netfs '9p' registered for caching
[STDERR  ] 2018-06-09T13:06:22.942667105Z: [   12.772682] NET: Registered protocol family 38
[STDERR  ] 2018-06-09T13:06:22.942678749Z: [   12.773203] Key type asymmetric registered
[STDERR  ] 2018-06-09T13:06:22.942687517Z: [   12.773515] Asymmetric key parser 'x509' registered
[STDERR  ] 2018-06-09T13:06:22.942696641Z: [   12.774310] Block layer SCSI generic (bsg) driver version 0.4 loaded (major 247)
[STDERR  ] 2018-06-09T13:06:22.942704206Z: [   12.775897] io scheduler noop registered
[STDERR  ] 2018-06-09T13:06:22.942711650Z: [   12.776236] io scheduler deadline registered (default)
[STDERR  ] 2018-06-09T13:06:22.942719110Z: [   12.777025] io scheduler cfq registered
[STDERR  ] 2018-06-09T13:06:22.942728166Z: [   12.777282] io scheduler mq-deadline registered
[STDERR  ] 2018-06-09T13:06:22.942735946Z: [   12.777478] io scheduler kyber registered
[STDERR  ] 2018-06-09T13:06:22.942743474Z: [   12.781204] shpchp: Standard Hot Plug PCI Controller Driver version: 0.4
[STDERR  ] 2018-06-09T13:06:22.942750992Z: [   12.781892] hv_vmbus: registering driver hyperv_fb
[STDERR  ] 2018-06-09T13:06:22.942758537Z: [   12.784649] input: Power Button as /devices/LNXSYSTM:00/LNXPWRBN:00/input/input0
[STDERR  ] 2018-06-09T13:06:22.942766217Z: [   12.787382] ACPI: Power Button [PWRF]
[STDERR  ] 2018-06-09T13:06:22.942773618Z: [   12.799472] ACPI: PCI Interrupt Link [GSIG] enabled at IRQ 22
[STDERR  ] 2018-06-09T13:06:22.942781102Z: [   12.811123] ACPI: PCI Interrupt Link [GSIH] enabled at IRQ 23
[STDERR  ] 2018-06-09T13:06:22.942788570Z: [   12.816755] Serial: 8250/16550 driver, 4 ports, IRQ sharing disabled
[STDERR  ] 2018-06-09T13:06:22.942796146Z: [   12.840619] 00:04: ttyS0 at I/O 0x3f8 (irq = 4, base_baud = 115200) is a 16550A
[STDERR  ] 2018-06-09T13:06:22.942803882Z: [   12.849841] Non-volatile memory driver v1.3
[STDERR  ] 2018-06-09T13:06:22.942811313Z: [   12.855889] Hangcheck: starting hangcheck timer 0.9.1 (tick is 180 seconds, margin is 60 seconds).
[STDERR  ] 2018-06-09T13:06:22.942818956Z: [   12.863738] random: fast init done
[STDERR  ] 2018-06-09T13:06:22.942826473Z: [   12.864956] random: crng init done
[STDERR  ] 2018-06-09T13:06:22.942833905Z: [   12.908841] brd: module loaded
[STDERR  ] 2018-06-09T13:06:22.942841622Z: [   12.932388] loop: module loaded
[STDERR  ] 2018-06-09T13:06:22.942849000Z: [   12.972025] lpc_ich 0000:00:1f.0: I/O space for GPIO uninitialized
[STDERR  ] 2018-06-09T13:06:22.942856518Z: [   12.974225] VMware PVSCSI driver - version 1.0.7.0-k
[STDERR  ] 2018-06-09T13:06:22.942864060Z: [   12.974896] hv_vmbus: registering driver hv_storvsc
[STDERR  ] 2018-06-09T13:06:22.942871501Z: [   12.982617] ACPI: PCI Interrupt Link [GSIA] enabled at IRQ 16
[STDERR  ] 2018-06-09T13:06:22.942884117Z: [   12.988578] ahci 0000:00:1f.2: AHCI 0001.0000 32 slots 6 ports 1.5 Gbps 0x3f impl SATA mode
[STDERR  ] 2018-06-09T13:06:22.942892155Z: [   12.989177] ahci 0000:00:1f.2: flags: 64bit ncq only 
[STDERR  ] 2018-06-09T13:06:22.942902881Z: [   13.001853] scsi host0: ahci
[STDERR  ] 2018-06-09T13:06:22.942910660Z: [   13.004771] scsi host1: ahci
[STDERR  ] 2018-06-09T13:06:22.942920682Z: [   13.006199] scsi host2: ahci
[STDERR  ] 2018-06-09T13:06:22.942928217Z: [   13.007631] scsi host3: ahci
[STDERR  ] 2018-06-09T13:06:22.942935626Z: [   13.009010] scsi host4: ahci
[STDERR  ] 2018-06-09T13:06:22.942943122Z: [   13.010602] scsi host5: ahci
[STDERR  ] 2018-06-09T13:06:22.942950694Z: [   13.011706] ata1: SATA max UDMA/133 abar m4096@0xfebd2000 port 0xfebd2100 irq 24
[STDERR  ] 2018-06-09T13:06:22.942958418Z: [   13.012229] ata2: SATA max UDMA/133 abar m4096@0xfebd2000 port 0xfebd2180 irq 24
[STDERR  ] 2018-06-09T13:06:22.942965930Z: [   13.012621] ata3: SATA max UDMA/133 abar m4096@0xfebd2000 port 0xfebd2200 irq 24
[STDERR  ] 2018-06-09T13:06:22.942973404Z: [   13.012978] ata4: SATA max UDMA/133 abar m4096@0xfebd2000 port 0xfebd2280 irq 24
[STDERR  ] 2018-06-09T13:06:22.942980970Z: [   13.013370] ata5: SATA max UDMA/133 abar m4096@0xfebd2000 port 0xfebd2300 irq 24
[STDERR  ] 2018-06-09T13:06:22.942990726Z: [   13.013637] ata6: SATA max UDMA/133 abar m4096@0xfebd2000 port 0xfebd2380 irq 24
[STDERR  ] 2018-06-09T13:06:22.942998218Z: [   13.023567] tun: Universal TUN/TAP device driver, 1.6
[STDERR  ] 2018-06-09T13:06:22.943005789Z: [   13.036892] VMware vmxnet3 virtual NIC driver - version 1.4.a.0-k-NAPI
[STDERR  ] 2018-06-09T13:06:22.943019767Z: [   13.037622] hv_vmbus: registering driver hv_netvsc
[STDERR  ] 2018-06-09T13:06:22.943027573Z: [   13.037912] Fusion MPT base driver 3.04.20
[STDERR  ] 2018-06-09T13:06:22.943034978Z: [   13.038119] Copyright (c) 1999-2008 LSI Corporation
[STDERR  ] 2018-06-09T13:06:22.943042543Z: [   13.038606] Fusion MPT SPI Host driver 3.04.20
[STDERR  ] 2018-06-09T13:06:22.943050128Z: [   13.040769] i8042: PNP: PS/2 Controller [PNP0303:KBD,PNP0f13:MOU] at 0x60,0x64 irq 1,12
[STDERR  ] 2018-06-09T13:06:22.943059505Z: [   13.044871] serio: i8042 KBD port at 0x60,0x64 irq 1
[STDERR  ] 2018-06-09T13:06:22.943069083Z: [   13.045470] serio: i8042 AUX port at 0x60,0x64 irq 12
[STDERR  ] 2018-06-09T13:06:22.943076574Z: [   13.047635] hv_vmbus: registering driver hyperv_keyboard
[STDERR  ] 2018-06-09T13:06:22.943084051Z: [   13.049385] mousedev: PS/2 mouse device common for all mice
[STDERR  ] 2018-06-09T13:06:22.943091561Z: [   13.053897] input: AT Translated Set 2 keyboard as /devices/platform/i8042/serio0/input/input1
[STDERR  ] 2018-06-09T13:06:22.943099288Z: [   13.056030] input: PC Speaker as /devices/platform/pcspkr/input/input2
[STDERR  ] 2018-06-09T13:06:22.943106851Z: [   13.059691] rtc_cmos 00:00: RTC can wake from S4
[STDERR  ] 2018-06-09T13:06:22.943115891Z: [   13.062707] rtc_cmos 00:00: rtc core: registered rtc_cmos as rtc0
[STDERR  ] 2018-06-09T13:06:22.943123409Z: [   13.063980] rtc_cmos 00:00: alarms up to one day, y3k, 114 bytes nvram, hpet irqs
[STDERR  ] 2018-06-09T13:06:22.943130924Z: [   13.064643] i2c /dev entries driver
[STDERR  ] 2018-06-09T13:06:22.943138434Z: [   13.066409] device-mapper: ioctl: 4.37.0-ioctl (2017-09-20) initialised: dm-devel@redhat.com
[STDERR  ] 2018-06-09T13:06:22.943146194Z: [   13.070033] usbcore: registered new interface driver usbhid
[STDERR  ] 2018-06-09T13:06:22.943153696Z: [   13.070696] usbhid: USB HID core driver
[STDERR  ] 2018-06-09T13:06:22.943161125Z: [   13.071533] hv_utils: Registering HyperV Utility Driver
[STDERR  ] 2018-06-09T13:06:22.943168595Z: [   13.071797] hv_vmbus: registering driver hv_util
[STDERR  ] 2018-06-09T13:06:22.943176191Z: [   13.072020] hv_vmbus: registering driver hv_balloon
[STDERR  ] 2018-06-09T13:06:22.943183559Z: [   13.072478] oprofile: using NMI interrupt.
[STDERR  ] 2018-06-09T13:06:22.943191042Z: [   13.073473] GACT probability on
[STDERR  ] 2018-06-09T13:06:22.943201202Z: [   13.073836] Mirror/redirect action on
[STDERR  ] 2018-06-09T13:06:22.943209242Z: [   13.074336] Simple TC action Loaded
[STDERR  ] 2018-06-09T13:06:22.943216869Z: [   13.074790] u32 classifier
[STDERR  ] 2018-06-09T13:06:22.943224275Z: [   13.074925]     Performance counters on
[STDERR  ] 2018-06-09T13:06:22.943234702Z: [   13.075118]     input device check on
[STDERR  ] 2018-06-09T13:06:22.943242209Z: [   13.075276]     Actions configured
[STDERR  ] 2018-06-09T13:06:22.943249710Z: [   13.075905] Netfilter messages via NETLINK v0.30.
[STDERR  ] 2018-06-09T13:06:22.943257178Z: [   13.076490] nfnl_acct: registering with nfnetlink.
[STDERR  ] 2018-06-09T13:06:22.943264602Z: [   13.077699] nf_conntrack version 0.5.0 (8192 buckets, 32768 max)
[STDERR  ] 2018-06-09T13:06:22.943272234Z: [   13.079883] ctnetlink v0.93: registering with nfnetlink.
[STDERR  ] 2018-06-09T13:06:22.943279764Z: [   13.082928] nf_tables: (c) 2007-2009 Patrick McHardy <kaber@trash.net>
[STDERR  ] 2018-06-09T13:06:22.943287284Z: [   13.083833] nf_tables_compat: (c) 2012 Pablo Neira Ayuso <pablo@netfilter.org>
[STDERR  ] 2018-06-09T13:06:22.943294824Z: [   13.086117] xt_time: kernel timezone is -0000
[STDERR  ] 2018-06-09T13:06:22.943302308Z: [   13.086553] ip_set: protocol 6
[STDERR  ] 2018-06-09T13:06:22.943311959Z: [   13.087249] IPVS: Registered protocols (TCP, UDP, SCTP, AH, ESP)
[STDERR  ] 2018-06-09T13:06:22.943319402Z: [   13.087791] IPVS: Connection hash table configured (size=4096, memory=64Kbytes)
[STDERR  ] 2018-06-09T13:06:22.943326850Z: [   13.091948] IPVS: ipvs loaded.
[STDERR  ] 2018-06-09T13:06:22.943334360Z: [   13.092288] IPVS: [rr] scheduler registered.
[STDERR  ] 2018-06-09T13:06:22.943343825Z: [   13.092528] IPVS: [wrr] scheduler registered.
[STDERR  ] 2018-06-09T13:06:22.943351250Z: [   13.092740] IPVS: [lc] scheduler registered.
[STDERR  ] 2018-06-09T13:06:22.943360533Z: [   13.092945] IPVS: [wlc] scheduler registered.
[STDERR  ] 2018-06-09T13:06:22.943367996Z: [   13.093177] IPVS: [fo] scheduler registered.
[STDERR  ] 2018-06-09T13:06:22.943375546Z: [   13.093383] IPVS: [ovf] scheduler registered.
[STDERR  ] 2018-06-09T13:06:22.943383020Z: [   13.093753] IPVS: [lblc] scheduler registered.
[STDERR  ] 2018-06-09T13:06:22.943390541Z: [   13.094095] IPVS: [lblcr] scheduler registered.
[STDERR  ] 2018-06-09T13:06:22.943398007Z: [   13.094344] IPVS: [dh] scheduler registered.
[STDERR  ] 2018-06-09T13:06:22.943405408Z: [   13.094530] IPVS: [sh] scheduler registered.
[STDERR  ] 2018-06-09T13:06:22.943412927Z: [   13.094750] IPVS: [sed] scheduler registered.
[STDERR  ] 2018-06-09T13:06:22.943420354Z: [   13.094989] IPVS: [nq] scheduler registered.
[STDERR  ] 2018-06-09T13:06:22.943427845Z: [   13.095691] IPVS: ftp: loaded support on port[0] = 21
[STDERR  ] 2018-06-09T13:06:22.943437204Z: [   13.096449] ipip: IPv4 and MPLS over IPv4 tunneling driver
[STDERR  ] 2018-06-09T13:06:22.943446443Z: [   13.099962] gre: GRE over IPv4 demultiplexor driver
[STDERR  ] 2018-06-09T13:06:22.943454044Z: [   13.102952] ip_tables: (C) 2000-2006 Netfilter Core Team
[STDERR  ] 2018-06-09T13:06:22.943461548Z: [   13.106277] ipt_CLUSTERIP: ClusterIP Version 0.8 loaded successfully
[STDERR  ] 2018-06-09T13:06:22.943469084Z: [   13.106862] arp_tables: arp_tables: (C) 2002 David S. Miller
[STDERR  ] 2018-06-09T13:06:22.943476590Z: [   13.108961] NET: Registered protocol family 10
[STDERR  ] 2018-06-09T13:06:22.943484127Z: [   13.117826] Segment Routing with IPv6
[STDERR  ] 2018-06-09T13:06:22.943491679Z: [   13.118542] ip6_tables: (C) 2000-2006 Netfilter Core Team
[STDERR  ] 2018-06-09T13:06:22.943499134Z: [   13.125564] NET: Registered protocol family 17
[STDERR  ] 2018-06-09T13:06:22.943506607Z: [   13.126537] Bridge firewalling registered
[STDERR  ] 2018-06-09T13:06:22.943514129Z: [   13.127023] Ebtables v2.0 registered
[STDERR  ] 2018-06-09T13:06:22.943523334Z: [   13.128892] 8021q: 802.1Q VLAN Support v1.8
[STDERR  ] 2018-06-09T13:06:22.943530807Z: [   13.130664] 9pnet: Installing 9P2000 support
[STDERR  ] 2018-06-09T13:06:22.943542535Z: [   13.132333] Key type dns_resolver registered
[STDERR  ] 2018-06-09T13:06:22.943550293Z: [   13.133972] sched_clock: Marking stable (13130199100, 0)->(13262695268, -132496168)
[STDERR  ] 2018-06-09T13:06:22.943559427Z: [   13.137210] registered taskstats version 1
[STDERR  ] 2018-06-09T13:06:22.943573368Z: [   13.328656] Key type big_key registered
[STDERR  ] 2018-06-09T13:06:22.943580904Z: [   13.344035] ata1: SATA link down (SStatus 0 SControl 300)
[STDERR  ] 2018-06-09T13:06:22.943588412Z: [   13.352677] ata3: SATA link up 1.5 Gbps (SStatus 113 SControl 300)
[STDERR  ] 2018-06-09T13:06:22.943596046Z: [   13.355176] ata4: SATA link down (SStatus 0 SControl 300)
[STDERR  ] 2018-06-09T13:06:22.943603662Z: [   13.355825] ata2: SATA link down (SStatus 0 SControl 300)
[STDERR  ] 2018-06-09T13:06:22.943613871Z: [   13.357624] ata3.00: ATAPI: QEMU DVD-ROM, 2.5+, max UDMA/100
[STDERR  ] 2018-06-09T13:06:22.943621390Z: [   13.358008] ata3.00: applying bridge limits
[STDERR  ] 2018-06-09T13:06:22.943628878Z: [   13.359750] ata3.00: configured for UDMA/100
[STDERR  ] 2018-06-09T13:06:22.943636581Z: [   13.361617] ata6: SATA link down (SStatus 0 SControl 300)
[STDERR  ] 2018-06-09T13:06:22.943644300Z: [   13.362121] ata5: SATA link down (SStatus 0 SControl 300)
[STDERR  ] 2018-06-09T13:06:22.943651946Z: [   13.381486] scsi 2:0:0:0: CD-ROM            QEMU     QEMU DVD-ROM     2.5+ PQ: 0 ANSI: 5
[STDERR  ] 2018-06-09T13:06:22.943659646Z: [   13.433291] sr 2:0:0:0: [sr0] scsi3-mmc drive: 4x/4x cd/rw xa/form2 tray
[STDERR  ] 2018-06-09T13:06:22.943667248Z: [   13.433974] cdrom: Uniform CD-ROM driver Revision: 3.20
[STDERR  ] 2018-06-09T13:06:22.943676412Z: [   13.442153] sr 2:0:0:0: Attached scsi generic sg0 type 5
[STDERR  ] 2018-06-09T13:06:22.943684058Z: [   13.444240] Key type trusted registered
[STDERR  ] 2018-06-09T13:06:22.943693254Z: [   13.517418] Key type encrypted registered
[STDERR  ] 2018-06-09T13:06:22.943700747Z: [   13.518047] ima: No TPM chip found, activating TPM-bypass! (rc=-19)
[STDERR  ] 2018-06-09T13:06:22.943710332Z: [   13.518580] ima: Allocated hash algorithm: sha256
[STDERR  ] 2018-06-09T13:06:22.943717994Z: [   13.522745] evm: HMAC attrs: 0x1
[STDERR  ] 2018-06-09T13:06:22.943725494Z: [   13.526747] rtc_cmos 00:00: setting system clock to 2018-06-09 13:05:32 UTC (1528549532)
[STDERR  ] 2018-06-09T13:06:22.943733210Z: [   13.680861] Freeing unused kernel memory: 1512K
[STDERR  ] 2018-06-09T13:06:22.943740763Z: [   13.681370] Write protecting the kernel read-only data: 18432k
[STDERR  ] 2018-06-09T13:06:22.943748244Z: [   13.694171] Freeing unused kernel memory: 2024K
[STDERR  ] 2018-06-09T13:06:22.943757757Z: [   13.728065] Freeing unused kernel memory: 1104K
[STDERR  ] 2018-06-09T13:06:22.943765363Z: [   13.760916] tsc: Refined TSC clocksource calibration: 2599.932 MHz
[STDERR  ] 2018-06-09T13:06:22.943772942Z: [   13.761518] clocksource: tsc: mask: 0xffffffffffffffff max_cycles: 0x2579fc12d04, max_idle_ns: 440795318291 ns
[STDERR  ] 2018-06-09T13:06:22.943780884Z: [   14.780959] clocksource: Switched to clocksource tsc
[STDERR  ] 2018-06-09T13:06:22.943788331Z: 
[STDERR  ] 2018-06-09T13:06:22.943796391Z: Welcome to LinuxKit
[STDERR  ] 2018-06-09T13:06:22.943804037Z: 
[STDERR  ] 2018-06-09T13:06:22.943818006Z:                         ##         .
[STDERR  ] 2018-06-09T13:06:22.943825879Z:                   ## ## ##        ==
[STDERR  ] 2018-06-09T13:06:22.943836391Z:                ## ## ## ## ##    ===
[STDERR  ] 2018-06-09T13:06:22.943843941Z:            /"""""""""""""""""\___/ ===
[STDERR  ] 2018-06-09T13:06:22.943854392Z:           {                       /  ===-
[STDERR  ] 2018-06-09T13:06:22.943861831Z:            \______ O           __/
[STDERR  ] 2018-06-09T13:06:22.943869480Z:              \    \         __/
[STDERR  ] 2018-06-09T13:06:22.943877006Z:               \____\_______/
[STDERR  ] 2018-06-09T13:06:22.943886575Z: 
[STDERR  ] 2018-06-09T13:06:22.943894226Z: [   45.354830] 8021q: adding VLAN 0 to HW filter on device eth0
[STDERR  ] 2018-06-09T13:06:22.943901736Z: eth0: waiting for carrier
[STDERR  ] 2018-06-09T13:06:22.943913666Z: eth0: carrier acquired
[STDERR  ] 2018-06-09T13:06:22.943923411Z: DUID 00:01:00:01:22:ae:8d:3b:42:66:bf:e7:fa:a7
[STDERR  ] 2018-06-09T13:06:22.943931037Z: eth0: IAID bf:e7:fa:a7
[STDERR  ] 2018-06-09T13:06:22.943938448Z: eth0: adding address fe80::5e7b:908d:def0:5b7c
[STDERR  ] 2018-06-09T13:06:22.943949254Z: eth0: soliciting an IPv6 router
[STDERR  ] 2018-06-09T13:06:22.943956827Z: eth0: soliciting a DHCP lease
[STDERR  ] 2018-06-09T13:06:22.943964613Z: eth0: offered 10.0.2.15 from 10.0.2.2
[STDERR  ] 2018-06-09T13:06:22.943972010Z: eth0: leased 10.0.2.15 for 86400 seconds
[STDERR  ] 2018-06-09T13:06:22.943979670Z: eth0: adding route to 10.0.2.0/24
[STDERR  ] 2018-06-09T13:06:22.943987245Z: eth0: adding default route via 10.0.2.2
[STDERR  ] 2018-06-09T13:06:22.943994706Z: exiting due to oneshot
[STDERR  ] 2018-06-09T13:06:22.944002247Z: dhcpcd exited
[STDERR  ] 2018-06-09T13:06:22.944010004Z: [   46.186465] IPVS: ftp: loaded support on port[0] = 21
[STDERR  ] 2018-06-09T13:06:22.944024063Z: [   46.829591] wireguard: loading out-of-tree module taints kernel.
[STDERR  ] 2018-06-09T13:06:22.944034017Z: [   46.848496] wireguard: WireGuard 0.0.20180531 loaded. See www.wireguard.com for information.
[STDERR  ] 2018-06-09T13:06:22.944042027Z: [   46.849018] wireguard: Copyright (C) 2015-2018 Jason A. Donenfeld <Jason@zx2c4.com>. All Rights Reserved.
[STDERR  ] 2018-06-09T13:06:22.944050171Z: Created interface wg0 type wireguard
[STDERR  ] 2018-06-09T13:06:22.944057621Z: Moved interface wg0 to pid 320
[STDERR  ] 2018-06-09T13:06:22.944065225Z: [#] wg setconf wg0 /dev/fd/63
[STDERR  ] 2018-06-09T13:06:22.944072721Z: [#] ip address add 192.168.2.1/24 dev wg0
[STDERR  ] 2018-06-09T13:06:22.944080406Z: [#] ip link set mtu 65456 dev wg0
[STDERR  ] 2018-06-09T13:06:22.944087975Z: [#] ip link set wg0 up
[STDERR  ] 2018-06-09T13:06:22.944095445Z: [#] ip route add 0.0.0.0/0 dev wg0
[STDERR  ] 2018-06-09T13:06:22.944104979Z: [   48.356580] IPVS: ftp: loaded support on port[0] = 21
[STDERR  ] 2018-06-09T13:06:22.944112633Z: Created interface wg1 type wireguard
[STDERR  ] 2018-06-09T13:06:22.944120099Z: Moved interface wg1 to pid 380
[STDERR  ] 2018-06-09T13:06:22.944127614Z: [#] wg setconf wg1 /dev/fd/63
[STDERR  ] 2018-06-09T13:06:22.944139630Z: [#] ip address add 192.168.2.2/24 dev wg1
[STDERR  ] 2018-06-09T13:06:22.944147400Z: [#] ip link set mtu 65456 dev wg1
[STDERR  ] 2018-06-09T13:06:22.944154992Z: [#] ip link set wg1 up
[STDERR  ] 2018-06-09T13:06:22.944162742Z: [#] ip route add 0.0.0.0/0 dev wg1
[STDERR  ] 2018-06-09T13:06:22.944170444Z: [34mINFO[0m[0000] starting containerd                           [34mrevision[0m=395068d2b7256518259816ae19e45824b15da071 [34mversion[0m=v1.1.1-rc.0
[STDERR  ] 2018-06-09T13:06:22.944178524Z: [34mINFO[0m[0000] loading plugin "io.containerd.content.v1.content"...  [34mtype[0m=io.containerd.content.v1
[STDERR  ] 2018-06-09T13:06:22.944187034Z: [34mINFO[0m[0000] loading plugin "io.containerd.snapshotter.v1.btrfs"...  [34mtype[0m=io.containerd.snapshotter.v1
[STDERR  ] 2018-06-09T13:06:22.944196219Z: [33mWARN[0m[0000] failed to load plugin io.containerd.snapshotter.v1.btrfs  [33merror[0m="path /var/lib/containerd/io.containerd.snapshotter.v1.btrfs must be a btrfs filesystem to be used with the btrfs snapshotter"
[STDERR  ] 2018-06-09T13:06:22.944206356Z: [34mINFO[0m[0000] loading plugin "io.containerd.snapshotter.v1.aufs"...  [34mtype[0m=io.containerd.snapshotter.v1
[STDERR  ] 2018-06-09T13:06:22.944214238Z: [33mWARN[0m[0000] failed to load plugin io.containerd.snapshotter.v1.aufs  [33merror[0m="modprobe aufs failed: "modprobe: module aufs not found in modules.dep\n": exit status 1"
[STDERR  ] 2018-06-09T13:06:22.944227955Z: [34mINFO[0m[0000] loading plugin "io.containerd.snapshotter.v1.native"...  [34mtype[0m=io.containerd.snapshotter.v1
[STDERR  ] 2018-06-09T13:06:22.944235627Z: [34mINFO[0m[0000] loading plugin "io.containerd.snapshotter.v1.overlayfs"...  [34mtype[0m=io.containerd.snapshotter.v1
[STDERR  ] 2018-06-09T13:06:22.944248324Z: [34mINFO[0m[0000] loading plugin "io.containerd.snapshotter.v1.zfs"...  [34mtype[0m=io.containerd.snapshotter.v1
[STDERR  ] 2018-06-09T13:06:22.944256079Z: [33mWARN[0m[0000] failed to load plugin io.containerd.snapshotter.v1.zfs  [33merror[0m="path /var/lib/containerd/io.containerd.snapshotter.v1.zfs must be a zfs filesystem to be used with the zfs snapshotter"
[STDERR  ] 2018-06-09T13:06:22.944267844Z: [34mINFO[0m[0000] loading plugin "io.containerd.metadata.v1.bolt"...  [34mtype[0m=io.containerd.metadata.v1
[STDERR  ] 2018-06-09T13:06:22.944275593Z: [33mWARN[0m[0000] could not use snapshotter btrfs in metadata plugin  [33merror[0m="path /var/lib/containerd/io.containerd.snapshotter.v1.btrfs must be a btrfs filesystem to be used with the btrfs snapshotter"
[STDERR  ] 2018-06-09T13:06:22.944283409Z: [33mWARN[0m[0000] could not use snapshotter aufs in metadata plugin  [33merror[0m="modprobe aufs failed: "modprobe: module aufs not found in modules.dep\n": exit status 1"
[STDERR  ] 2018-06-09T13:06:22.944292049Z: [33mWARN[0m[0000] could not use snapshotter zfs in metadata plugin  [33merror[0m="path /var/lib/containerd/io.containerd.snapshotter.v1.zfs must be a zfs filesystem to be used with the zfs snapshotter"
[STDERR  ] 2018-06-09T13:06:22.944299550Z: [34mINFO[0m[0000] loading plugin "io.containerd.differ.v1.walking"...  [34mtype[0m=io.containerd.differ.v1
[STDERR  ] 2018-06-09T13:06:22.944307337Z: [34mINFO[0m[0000] loading plugin "io.containerd.gc.v1.scheduler"...  [34mtype[0m=io.containerd.gc.v1
[STDERR  ] 2018-06-09T13:06:22.944316610Z: [34mINFO[0m[0000] loading plugin "io.containerd.service.v1.containers-service"...  [34mtype[0m=io.containerd.service.v1
[STDERR  ] 2018-06-09T13:06:22.944327517Z: [34mINFO[0m[0000] loading plugin "io.containerd.service.v1.content-service"...  [34mtype[0m=io.containerd.service.v1
[STDERR  ] 2018-06-09T13:06:22.944334961Z: [34mINFO[0m[0000] loading plugin "io.containerd.service.v1.diff-service"...  [34mtype[0m=io.containerd.service.v1
[STDERR  ] 2018-06-09T13:06:22.944342523Z: [34mINFO[0m[0000] loading plugin "io.containerd.service.v1.images-service"...  [34mtype[0m=io.containerd.service.v1
[STDERR  ] 2018-06-09T13:06:22.944350264Z: [34mINFO[0m[0000] loading plugin "io.containerd.service.v1.leases-service"...  [34mtype[0m=io.containerd.service.v1
[STDERR  ] 2018-06-09T13:06:22.944357861Z: [34mINFO[0m[0000] loading plugin "io.containerd.service.v1.namespaces-service"...  [34mtype[0m=io.containerd.service.v1
[STDERR  ] 2018-06-09T13:06:22.944365362Z: [34mINFO[0m[0000] loading plugin "io.containerd.service.v1.snapshots-service"...  [34mtype[0m=io.containerd.service.v1
[STDERR  ] 2018-06-09T13:06:22.944372953Z: [34mINFO[0m[0000] loading plugin "io.containerd.monitor.v1.cgroups"...  [34mtype[0m=io.containerd.monitor.v1
[STDERR  ] 2018-06-09T13:06:22.944380506Z: [34mINFO[0m[0000] loading plugin "io.containerd.runtime.v1.linux"...  [34mtype[0m=io.containerd.runtime.v1
[STDERR  ] 2018-06-09T13:06:22.944388100Z: [34mINFO[0m[0000] loading plugin "io.containerd.service.v1.tasks-service"...  [34mtype[0m=io.containerd.service.v1
[STDERR  ] 2018-06-09T13:06:22.944396084Z: [34mINFO[0m[0000] loading plugin "io.containerd.grpc.v1.containers"...  [34mtype[0m=io.containerd.grpc.v1
[STDERR  ] 2018-06-09T13:06:22.944403611Z: [34mINFO[0m[0000] loading plugin "io.containerd.grpc.v1.content"...  [34mtype[0m=io.containerd.grpc.v1
[STDERR  ] 2018-06-09T13:06:22.944422850Z: [34mINFO[0m[0000] loading plugin "io.containerd.grpc.v1.diff"...  [34mtype[0m=io.containerd.grpc.v1
[STDERR  ] 2018-06-09T13:06:22.944432832Z: [34mINFO[0m[0000] loading plugin "io.containerd.grpc.v1.events"...  [34mtype[0m=io.containerd.grpc.v1
[STDERR  ] 2018-06-09T13:06:22.944440449Z: [34mINFO[0m[0000] loading plugin "io.containerd.grpc.v1.healthcheck"...  [34mtype[0m=io.containerd.grpc.v1
[STDERR  ] 2018-06-09T13:06:22.944448386Z: [34mINFO[0m[0000] loading plugin "io.containerd.grpc.v1.images"...  [34mtype[0m=io.containerd.grpc.v1
[STDERR  ] 2018-06-09T13:06:22.944458878Z: [34mINFO[0m[0000] loading plugin "io.containerd.grpc.v1.leases"...  [34mtype[0m=io.containerd.grpc.v1
[STDERR  ] 2018-06-09T13:06:22.944468828Z: [34mINFO[0m[0000] loading plugin "io.containerd.grpc.v1.namespaces"...  [34mtype[0m=io.containerd.grpc.v1
[STDERR  ] 2018-06-09T13:06:22.944479835Z: [34mINFO[0m[0000] loading plugin "io.containerd.grpc.v1.snapshots"...  [34mtype[0m=io.containerd.grpc.v1
[STDERR  ] 2018-06-09T13:06:22.944487445Z: [34mINFO[0m[0000] loading plugin "io.containerd.grpc.v1.tasks"...  [34mtype[0m=io.containerd.grpc.v1
[STDERR  ] 2018-06-09T13:06:22.944494999Z: [34mINFO[0m[0000] loading plugin "io.containerd.grpc.v1.version"...  [34mtype[0m=io.containerd.grpc.v1
[STDERR  ] 2018-06-09T13:06:22.944502525Z: [34mINFO[0m[0000] loading plugin "io.containerd.grpc.v1.introspection"...  [34mtype[0m=io.containerd.grpc.v1
[STDERR  ] 2018-06-09T13:06:22.944510198Z: [34mINFO[0m[0000] serving...                                    [34maddress[0m="/run/containerd/debug.sock"
[STDERR  ] 2018-06-09T13:06:22.944517683Z: [34mINFO[0m[0000] serving...                                    [34maddress[0m="/run/containerd/containerd.sock"
[STDERR  ] 2018-06-09T13:06:22.944525320Z: [34mINFO[0m[0000] containerd successfully booted in 0.366785s  
[STDERR  ] 2018-06-09T13:06:22.944532929Z: [34mINFO[0m[0001] shim containerd-shim started                  [34maddress[0m="/containerd-shim/services.linuxkit/nginx/shim.sock" [34mdebug[0m=false [34mpid[0m=437
[STDERR  ] 2018-06-09T13:06:22.944542864Z: [34mINFO[0m[0004] shim containerd-shim started                  [34maddress[0m="/containerd-shim/services.linuxkit/test/shim.sock" [34mdebug[0m=false [34mpid[0m=479
[STDERR  ] 2018-06-09T13:06:22.944553710Z: wireguard test suite PASSED
[STDERR  ] 2018-06-09T13:06:22.944561421Z: [   63.536529] ACPI: Preparing to enter system sleep state S5
[STDERR  ] 2018-06-09T13:06:22.944570961Z: [   63.542597] reboot: Power down
[STDERR  ] 2018-06-09T13:06:22.944578470Z: + echo [    0.000000] Linux version 4.14.48-linuxkit (root@f636001766f8) (gcc version 6.4.0 (Alpine 6.4.0)) #1 SMP Thu Jun 7 13:33:05 UTC 2018
[STDERR  ] 2018-06-09T13:06:22.944587147Z: [    0.000000] Command line: console=ttyS0 console=ttyAMA0
[STDERR  ] 2018-06-09T13:06:22.944594747Z: [    0.000000] x86/fpu: x87 FPU will use FXSAVE
[STDERR  ] 2018-06-09T13:06:22.944602408Z: [    0.000000] e820: BIOS-provided physical RAM map:
[STDERR  ] 2018-06-09T13:06:22.944610072Z: [    0.000000] BIOS-e820: [mem 0x0000000000000000-0x000000000009fbff] usable
[STDERR  ] 2018-06-09T13:06:22.944617698Z: [    0.000000] BIOS-e820: [mem 0x000000000009fc00-0x000000000009ffff] reserved
[STDERR  ] 2018-06-09T13:06:22.944625231Z: [    0.000000] BIOS-e820: [mem 0x00000000000f0000-0x00000000000fffff] reserved
[STDERR  ] 2018-06-09T13:06:22.944632732Z: [    0.000000] BIOS-e820: [mem 0x0000000000100000-0x000000003ffdefff] usable
[STDERR  ] 2018-06-09T13:06:22.944640246Z: [    0.000000] BIOS-e820: [mem 0x000000003ffdf000-0x000000003fffffff] reserved
[STDERR  ] 2018-06-09T13:06:22.944647785Z: [    0.000000] BIOS-e820: [mem 0x00000000b0000000-0x00000000bfffffff] reserved
[STDERR  ] 2018-06-09T13:06:22.944655301Z: [    0.000000] BIOS-e820: [mem 0x00000000fed1c000-0x00000000fed1ffff] reserved
[STDERR  ] 2018-06-09T13:06:22.944664936Z: [    0.000000] BIOS-e820: [mem 0x00000000fffc0000-0x00000000ffffffff] reserved
[STDERR  ] 2018-06-09T13:06:22.944672499Z: [    0.000000] NX (Execute Disable) protection: active
[STDERR  ] 2018-06-09T13:06:22.944680029Z: [    0.000000] SMBIOS 2.8 present.
[STDERR  ] 2018-06-09T13:06:22.944687652Z: [    0.000000] DMI: QEMU Standard PC (Q35 + ICH9, 2009), BIOS rel-1.10.2-0-g5f4c7b1-prebuilt.qemu-project.org 04/01/2014
[STDERR  ] 2018-06-09T13:06:22.944695657Z: [    0.000000] tsc: Fast TSC calibration using PIT
[STDERR  ] 2018-06-09T13:06:22.944703096Z: [    0.000000] e820: last_pfn = 0x3ffdf max_arch_pfn = 0x400000000
[STDERR  ] 2018-06-09T13:06:22.944710641Z: [    0.000000] x86/PAT: Configuration [0-7]: WB  WC  UC- UC  WB  WP  UC- WT  
[STDERR  ] 2018-06-09T13:06:22.944721151Z: [    0.000000] found SMP MP-table at [mem 0x000f6aa0-0x000f6aaf] mapped at [ffffffffff200aa0]
[STDERR  ] 2018-06-09T13:06:22.944731438Z: [    0.000000] RAMDISK: [mem 0x3a31d000-0x3ffcffff]
[STDERR  ] 2018-06-09T13:06:22.944742034Z: [    0.000000] ACPI: Early table checksum verification disabled
[STDERR  ] 2018-06-09T13:06:22.944749618Z: [    0.000000] ACPI: RSDP 0x00000000000F68B0 000014 (v00 BOCHS )
[STDERR  ] 2018-06-09T13:06:22.944757272Z: [    0.000000] ACPI: RSDT 0x000000003FFE20A8 000034 (v01 BOCHS  BXPCRSDT 00000001 BXPC 00000001)
[STDERR  ] 2018-06-09T13:06:22.944764812Z: [    0.000000] ACPI: FACP 0x000000003FFE1EC8 0000F4 (v03 BOCHS  BXPCFACP 00000001 BXPC 00000001)
[STDERR  ] 2018-06-09T13:06:22.944774492Z: [    0.000000] ACPI: DSDT 0x000000003FFE0040 001E88 (v01 BOCHS  BXPCDSDT 00000001 BXPC 00000001)
[STDERR  ] 2018-06-09T13:06:22.944784176Z: [    0.000000] ACPI: FACS 0x000000003FFE0000 000040
[STDERR  ] 2018-06-09T13:06:22.944792913Z: [    0.000000] ACPI: APIC 0x000000003FFE1FBC 000078 (v01 BOCHS  BXPCAPIC 00000001 BXPC 00000001)
[STDERR  ] 2018-06-09T13:06:22.944800395Z: [    0.000000] ACPI: HPET 0x000000003FFE2034 000038 (v01 BOCHS  BXPCHPET 00000001 BXPC 00000001)
[STDERR  ] 2018-06-09T13:06:22.944807975Z: [    0.000000] ACPI: MCFG 0x000000003FFE206C 00003C (v01 BOCHS  BXPCMCFG 00000001 BXPC 00000001)
[STDERR  ] 2018-06-09T13:06:22.944815487Z: [    0.000000] Zone ranges:
[STDERR  ] 2018-06-09T13:06:22.944824360Z: [    0.000000]   DMA      [mem 0x0000000000001000-0x0000000000ffffff]
[STDERR  ] 2018-06-09T13:06:22.944831945Z: [    0.000000]   DMA32    [mem 0x0000000001000000-0x000000003ffdefff]
[STDERR  ] 2018-06-09T13:06:22.944839574Z: [    0.000000]   Normal   empty
[STDERR  ] 2018-06-09T13:06:22.944847087Z: [    0.000000]   Device   empty
[STDERR  ] 2018-06-09T13:06:22.944856378Z: [    0.000000] Movable zone start for each node
[STDERR  ] 2018-06-09T13:06:22.944864650Z: [    0.000000] Early memory node ranges
[STDERR  ] 2018-06-09T13:06:22.944872138Z: [    0.000000]   node   0: [mem 0x0000000000001000-0x000000000009efff]
[STDERR  ] 2018-06-09T13:06:22.944879802Z: [    0.000000]   node   0: [mem 0x0000000000100000-0x000000003ffdefff]
[STDERR  ] 2018-06-09T13:06:22.944887215Z: [    0.000000] Initmem setup node 0 [mem 0x0000000000001000-0x000000003ffdefff]
[STDERR  ] 2018-06-09T13:06:22.944894832Z: [    0.000000] ACPI: PM-Timer IO Port: 0x608
[STDERR  ] 2018-06-09T13:06:22.944902540Z: [    0.000000] ACPI: LAPIC_NMI (acpi_id[0xff] dfl dfl lint[0x1])
[STDERR  ] 2018-06-09T13:06:22.944910105Z: [    0.000000] IOAPIC[0]: apic_id 0, version 32, address 0xfec00000, GSI 0-23
[STDERR  ] 2018-06-09T13:06:22.944917630Z: [    0.000000] ACPI: INT_SRC_OVR (bus 0 bus_irq 0 global_irq 2 dfl dfl)
[STDERR  ] 2018-06-09T13:06:22.944925150Z: [    0.000000] ACPI: INT_SRC_OVR (bus 0 bus_irq 5 global_irq 5 high level)
[STDERR  ] 2018-06-09T13:06:22.944934427Z: [    0.000000] ACPI: INT_SRC_OVR (bus 0 bus_irq 9 global_irq 9 high level)
[STDERR  ] 2018-06-09T13:06:22.944941930Z: [    0.000000] ACPI: INT_SRC_OVR (bus 0 bus_irq 10 global_irq 10 high level)
[STDERR  ] 2018-06-09T13:06:22.944949431Z: [    0.000000] ACPI: INT_SRC_OVR (bus 0 bus_irq 11 global_irq 11 high level)
[STDERR  ] 2018-06-09T13:06:22.944956921Z: [    0.000000] Using ACPI (MADT) for SMP configuration information
[STDERR  ] 2018-06-09T13:06:22.944964397Z: [    0.000000] ACPI: HPET id: 0x8086a201 base: 0xfed00000
[STDERR  ] 2018-06-09T13:06:22.944971996Z: [    0.000000] smpboot: Allowing 1 CPUs, 0 hotplug CPUs
[STDERR  ] 2018-06-09T13:06:22.944979368Z: [    0.000000] e820: [mem 0x40000000-0xafffffff] available for PCI devices
[STDERR  ] 2018-06-09T13:06:22.944987117Z: [    0.000000] Booting paravirtualized kernel on bare hardware
[STDERR  ] 2018-06-09T13:06:22.944994748Z: [    0.000000] clocksource: refined-jiffies: mask: 0xffffffff max_cycles: 0xffffffff, max_idle_ns: 19112604462750000 ns
[STDERR  ] 2018-06-09T13:06:22.945002456Z: [    0.000000] random: get_random_bytes called from start_kernel+0x92/0x4c8 with crng_init=0
[STDERR  ] 2018-06-09T13:06:22.945017685Z: [    0.000000] setup_percpu: NR_CPUS:128 nr_cpumask_bits:128 nr_cpu_ids:1 nr_node_ids:1
[STDERR  ] 2018-06-09T13:06:22.945025554Z: [    0.000000] percpu: Embedded 44 pages/cpu @ffff92e83a000000 s143256 r8192 d28776 u2097152
[STDERR  ] 2018-06-09T13:06:22.945036161Z: [    0.000000] Built 1 zonelists, mobility grouping on.  Total pages: 257896
[STDERR  ] 2018-06-09T13:06:22.945043746Z: [    0.000000] Kernel command line: console=ttyS0 console=ttyAMA0
[STDERR  ] 2018-06-09T13:06:22.945051555Z: [    0.000000] PID hash table entries: 4096 (order: 3, 32768 bytes)
[STDERR  ] 2018-06-09T13:06:22.945061363Z: [    0.000000] Dentry cache hash table entries: 131072 (order: 8, 1048576 bytes)
[STDERR  ] 2018-06-09T13:06:22.945068920Z: [    0.000000] Inode-cache hash table entries: 65536 (order: 7, 524288 bytes)
[STDERR  ] 2018-06-09T13:06:22.945076494Z: [    0.000000] Memory: 909876K/1048052K available (12300K kernel code, 1459K rwdata, 2992K rodata, 1512K init, 632K bss, 138176K reserved, 0K cma-reserved)
[STDERR  ] 2018-06-09T13:06:22.945084360Z: [    0.000000] ftrace: allocating 41022 entries in 161 pages
[STDERR  ] 2018-06-09T13:06:22.945091903Z: [    0.000000] Hierarchical RCU implementation.
[STDERR  ] 2018-06-09T13:06:22.945099351Z: [    0.000000] 	RCU restricting CPUs from NR_CPUS=128 to nr_cpu_ids=1.
[STDERR  ] 2018-06-09T13:06:22.945107029Z: [    0.000000] RCU: Adjusting geometry for rcu_fanout_leaf=16, nr_cpu_ids=1
[STDERR  ] 2018-06-09T13:06:22.945114603Z: [    0.000000] NR_IRQS: 8448, nr_irqs: 256, preallocated irqs: 16
[STDERR  ] 2018-06-09T13:06:22.945122008Z: [    0.000000] Console: colour VGA+ 80x25
[STDERR  ] 2018-06-09T13:06:22.945129538Z: [    0.000000] console [ttyS0] enabled
[STDERR  ] 2018-06-09T13:06:22.945136987Z: [    0.000000] clocksource: hpet: mask: 0xffffffff max_cycles: 0xffffffff, max_idle_ns: 19112604467 ns
[STDERR  ] 2018-06-09T13:06:22.945147804Z: [    0.000000] tsc: Fast TSC calibration using PIT
[STDERR  ] 2018-06-09T13:06:22.945155287Z: [    0.000000] tsc: Detected 2600.094 MHz processor
[STDERR  ] 2018-06-09T13:06:22.945162797Z: [    0.001724] Calibrating delay loop (skipped), value calculated using timer frequency.. 5200.18 BogoMIPS (lpj=26000940)
[STDERR  ] 2018-06-09T13:06:22.945170468Z: [    0.002180] pid_max: default: 32768 minimum: 301
[STDERR  ] 2018-06-09T13:06:22.945177996Z: [    0.002905] ACPI: Core revision 20170728
[STDERR  ] 2018-06-09T13:06:22.945185582Z: [    0.038764] ACPI: 1 ACPI AML tables successfully acquired and loaded
[STDERR  ] 2018-06-09T13:06:22.945193189Z: [    0.041107] Security Framework initialized
[STDERR  ] 2018-06-09T13:06:22.945200663Z: [    0.041396] Yama: becoming mindful.
[STDERR  ] 2018-06-09T13:06:22.945208296Z: [    0.043835] Mount-cache hash table entries: 2048 (order: 2, 16384 bytes)
[STDERR  ] 2018-06-09T13:06:22.945219728Z: [    0.044261] Mountpoint-cache hash table entries: 2048 (order: 2, 16384 bytes)
[STDERR  ] 2018-06-09T13:06:22.945228908Z: [    0.060899] Last level iTLB entries: 4KB 0, 2MB 0, 4MB 0
[STDERR  ] 2018-06-09T13:06:22.945236491Z: [    0.061271] Last level dTLB entries: 4KB 0, 2MB 0, 4MB 0, 1GB 0
[STDERR  ] 2018-06-09T13:06:22.945244094Z: [    0.061780] Spectre V2 : Spectre mitigation: LFENCE not serializing, switching to generic retpoline
[STDERR  ] 2018-06-09T13:06:22.945251791Z: [    0.062306] Spectre V2 : Vulnerable: Minimal generic ASM retpoline
[STDERR  ] 2018-06-09T13:06:22.945259182Z: [    0.062576] Spectre V2 : Spectre v2 mitigation: Filling RSB on context switch
[STDERR  ] 2018-06-09T13:06:22.945266641Z: [    0.062981] Speculative Store Bypass: Vulnerable
[STDERR  ] 2018-06-09T13:06:22.945277069Z: [    0.353153] Freeing SMP alternatives memory: 20K
[STDERR  ] 2018-06-09T13:06:22.945284579Z: [    0.372951] smpboot: Max logical packages: 1
[STDERR  ] 2018-06-09T13:06:22.945294110Z: [    0.379387] ..TIMER: vector=0x30 apic1=0 pin1=2 apic2=-1 pin2=-1
[STDERR  ] 2018-06-09T13:06:22.945301878Z: [    0.480000] smpboot: CPU0: AMD QEMU Virtual CPU version 2.5+ (family: 0x6, model: 0x6, stepping: 0x3)
[STDERR  ] 2018-06-09T13:06:22.945312930Z: [    0.480000] Performance Events: PMU not available due to virtualization, using software events only.
[STDERR  ] 2018-06-09T13:06:22.945320667Z: [    0.481100] Hierarchical SRCU implementation.
[STDERR  ] 2018-06-09T13:06:22.945331440Z: [    0.486316] NMI watchdog: Perf event create on CPU 0 failed with -2
[STDERR  ] 2018-06-09T13:06:22.945339130Z: [    0.486736] NMI watchdog: Perf NMI watchdog permanently disabled
[STDERR  ] 2018-06-09T13:06:22.945346667Z: [    0.490428] smp: Bringing up secondary CPUs ...
[STDERR  ] 2018-06-09T13:06:22.945354205Z: [    0.490635] smp: Brought up 1 node, 1 CPU
[STDERR  ] 2018-06-09T13:06:22.945361726Z: [    0.491057] smpboot: Total of 1 processors activated (5200.18 BogoMIPS)
[STDERR  ] 2018-06-09T13:06:22.945369318Z: [    0.507017] devtmpfs: initialized
[STDERR  ] 2018-06-09T13:06:22.945378677Z: [    0.512479] x86/mm: Memory block size: 128MB
[STDERR  ] 2018-06-09T13:06:22.945386139Z: [    0.517389] evm: security.ima
[STDERR  ] 2018-06-09T13:06:22.945393677Z: [    0.517524] evm: security.capability
[STDERR  ] 2018-06-09T13:06:22.945401170Z: [    0.522137] clocksource: jiffies: mask: 0xffffffff max_cycles: 0xffffffff, max_idle_ns: 19112604462750000 ns
[STDERR  ] 2018-06-09T13:06:22.945408913Z: [    0.522834] futex hash table entries: 256 (order: 2, 16384 bytes)
[STDERR  ] 2018-06-09T13:06:22.945418343Z: [    0.532548] NET: Registered protocol family 16
[STDERR  ] 2018-06-09T13:06:22.945425923Z: [    0.538241] cpuidle: using governor ladder
[STDERR  ] 2018-06-09T13:06:22.945433417Z: [    0.538701] cpuidle: using governor menu
[STDERR  ] 2018-06-09T13:06:22.945440868Z: [    0.540237] ACPI: bus type PCI registered
[STDERR  ] 2018-06-09T13:06:22.945450419Z: [    0.542583] PCI: MMCONFIG for domain 0000 [bus 00-ff] at [mem 0xb0000000-0xbfffffff] (base 0xb0000000)
[STDERR  ] 2018-06-09T13:06:22.945457963Z: [    0.543314] PCI: MMCONFIG at [mem 0xb0000000-0xbfffffff] reserved in E820
[STDERR  ] 2018-06-09T13:06:22.945465494Z: [    0.544213] PCI: Using configuration type 1 for base access
[STDERR  ] 2018-06-09T13:06:22.945473073Z: [    0.582685] HugeTLB registered 2.00 MiB page size, pre-allocated 0 pages
[STDERR  ] 2018-06-09T13:06:22.945480702Z: [    0.593168] ACPI: Added _OSI(Module Device)
[STDERR  ] 2018-06-09T13:06:22.945488193Z: [    0.593512] ACPI: Added _OSI(Processor Device)
[STDERR  ] 2018-06-09T13:06:22.945495692Z: [    0.593772] ACPI: Added _OSI(3.0 _SCP Extensions)
[STDERR  ] 2018-06-09T13:06:22.945504832Z: [    0.593990] ACPI: Added _OSI(Processor Aggregator Device)
[STDERR  ] 2018-06-09T13:06:22.945512297Z: [    0.636777] ACPI: Interpreter enabled
[STDERR  ] 2018-06-09T13:06:22.945519791Z: [    0.640218] ACPI: (supports S0 S5)
[STDERR  ] 2018-06-09T13:06:22.945527230Z: [    0.640545] ACPI: Using IOAPIC for interrupt routing
[STDERR  ] 2018-06-09T13:06:22.945534726Z: [    0.642796] PCI: Using host bridge windows from ACPI; if necessary, use "pci=nocrs" and report a bug
[STDERR  ] 2018-06-09T13:06:22.945542320Z: [    0.645810] ACPI: Enabled 1 GPEs in block 00 to 3F
[STDERR  ] 2018-06-09T13:06:22.945551502Z: [    0.689121] ACPI: PCI Root Bridge [PCI0] (domain 0000 [bus 00-ff])
[STDERR  ] 2018-06-09T13:06:22.945559066Z: [    0.690486] acpi PNP0A08:00: _OSC: OS supports [ExtendedConfig ASPM ClockPM Segments MSI]
[STDERR  ] 2018-06-09T13:06:22.945566699Z: [    0.694564] acpi PNP0A08:00: _OSC: OS now controls [PCIeHotplug PME PCIeCapability]
[STDERR  ] 2018-06-09T13:06:22.945575591Z: [    0.697807] PCI host bridge to bus 0000:00
[STDERR  ] 2018-06-09T13:06:22.945583341Z: [    0.698332] pci_bus 0000:00: root bus resource [io  0x0000-0x0cf7 window]
[STDERR  ] 2018-06-09T13:06:22.945591070Z: [    0.698682] pci_bus 0000:00: root bus resource [io  0x0d00-0xffff window]
[STDERR  ] 2018-06-09T13:06:22.945599987Z: [    0.699014] pci_bus 0000:00: root bus resource [mem 0x000a0000-0x000bffff window]
[STDERR  ] 2018-06-09T13:06:22.945607540Z: [    0.699334] pci_bus 0000:00: root bus resource [mem 0xc0000000-0xfebfffff window]
[STDERR  ] 2018-06-09T13:06:22.945619040Z: [    0.699795] pci_bus 0000:00: root bus resource [bus 00-ff]
[STDERR  ] 2018-06-09T13:06:22.946245123Z: [    0.862324] pci 0000:00:1f.0: quirk: [io  0x0600-0x067f] claimed by ICH6 ACPI/GPIO/TCO
[STDERR  ] 2018-06-09T13:06:22.946284616Z: [    0.951843] ACPI: PCI Interrupt Link [LNKA] (IRQs 5 *10 11)
[STDERR  ] 2018-06-09T13:06:22.946319335Z: [    0.953772] ACPI: PCI Interrupt Link [LNKB] (IRQs 5 *10 11)
[STDERR  ] 2018-06-09T13:06:22.946342988Z: [    0.955456] ACPI: PCI Interrupt Link [LNKC] (IRQs 5 10 *11)
[STDERR  ] 2018-06-09T13:06:22.946378310Z: [    0.957035] ACPI: PCI Interrupt Link [LNKD] (IRQs 5 10 *11)
[STDERR  ] 2018-06-09T13:06:22.946401588Z: [    0.958334] ACPI: PCI Interrupt Link [LNKE] (IRQs 5 *10 11)
[STDERR  ] 2018-06-09T13:06:22.946424064Z: [    0.960672] ACPI: PCI Interrupt Link [LNKF] (IRQs 5 *10 11)
[STDERR  ] 2018-06-09T13:06:22.946458041Z: [    0.962352] ACPI: PCI Interrupt Link [LNKG] (IRQs 5 10 *11)
[STDERR  ] 2018-06-09T13:06:22.946480980Z: [    0.963697] ACPI: PCI Interrupt Link [LNKH] (IRQs 5 10 *11)
[STDERR  ] 2018-06-09T13:06:22.946517080Z: [    0.964354] ACPI: PCI Interrupt Link [GSIA] (IRQs *16)
[STDERR  ] 2018-06-09T13:06:22.946542124Z: [    0.964900] ACPI: PCI Interrupt Link [GSIB] (IRQs *17)
[STDERR  ] 2018-06-09T13:06:22.946568783Z: [    0.965404] ACPI: PCI Interrupt Link [GSIC] (IRQs *18)
[STDERR  ] 2018-06-09T13:06:22.946608884Z: [    0.965907] ACPI: PCI Interrupt Link [GSID] (IRQs *19)
[STDERR  ] 2018-06-09T13:06:22.946633653Z: [    0.966389] ACPI: PCI Interrupt Link [GSIE] (IRQs *20)
[STDERR  ] 2018-06-09T13:06:22.946658864Z: [    0.966904] ACPI: PCI Interrupt Link [GSIF] (IRQs *21)
[STDERR  ] 2018-06-09T13:06:22.946695344Z: [    0.967400] ACPI: PCI Interrupt Link [GSIG] (IRQs *22)
[STDERR  ] 2018-06-09T13:06:22.946719382Z: [    0.967890] ACPI: PCI Interrupt Link [GSIH] (IRQs *23)
[STDERR  ] 2018-06-09T13:06:22.946742986Z: [    0.975347] SCSI subsystem initialized
[STDERR  ] 2018-06-09T13:06:22.946779650Z: [    0.977624] ACPI: bus type USB registered
[STDERR  ] 2018-06-09T13:06:22.946803647Z: [    0.978565] usbcore: registered new interface driver usbfs
[STDERR  ] 2018-06-09T13:06:22.946838108Z: [    0.979298] usbcore: registered new interface driver hub
[STDERR  ] 2018-06-09T13:06:22.946862125Z: [    0.980262] usbcore: registered new device driver usb
[STDERR  ] 2018-06-09T13:06:22.946889021Z: [    0.981124] pps_core: LinuxPPS API ver. 1 registered
[STDERR  ] 2018-06-09T13:06:22.946922794Z: [    0.981362] pps_core: Software ver. 5.3.6 - Copyright 2005-2007 Rodolfo Giometti <giometti@linux.it>
[STDERR  ] 2018-06-09T13:06:22.946950040Z: [    0.981967] PTP clock support registered
[STDERR  ] 2018-06-09T13:06:22.946973649Z: [    0.983902] PCI: Using ACPI for IRQ routing
[STDERR  ] 2018-06-09T13:06:22.947007060Z: [    0.996824] NetLabel: Initializing
[STDERR  ] 2018-06-09T13:06:22.947039719Z: [    0.997052] NetLabel:  domain hash size = 128
[STDERR  ] 2018-06-09T13:06:22.947073949Z: [    0.997281] NetLabel:  protocols = UNLABELED CIPSOv4 CALIPSO
[STDERR  ] 2018-06-09T13:06:22.947098025Z: [    0.999355] NetLabel:  unlabeled traffic allowed by default
[STDERR  ] 2018-06-09T13:06:22.947121926Z: [    1.000992] HPET: 3 timers in total, 0 timers will be used for per-cpu timer
[STDERR  ] 2018-06-09T13:06:22.947158155Z: [    1.001723] hpet0: at MMIO 0xfed00000, IRQs 2, 8, 0
[STDERR  ] 2018-06-09T13:06:22.947187691Z: [    1.002029] hpet0: 3 comparators, 64-bit 100.000000 MHz counter
[STDERR  ] 2018-06-09T13:06:22.947211568Z: [    1.007066] clocksource: Switched to clocksource hpet
[STDERR  ] 2018-06-09T13:06:22.947243292Z: [    1.203444] VFS: Disk quotas dquot_6.6.0
[STDERR  ] 2018-06-09T13:06:22.947266726Z: [    1.204075] VFS: Dquot-cache hash table entries: 512 (order 0, 4096 bytes)
[STDERR  ] 2018-06-09T13:06:22.947289471Z: [    1.207273] FS-Cache: Loaded
[STDERR  ] 2018-06-09T13:06:22.947321261Z: [    1.212744] CacheFiles: Loaded
[STDERR  ] 2018-06-09T13:06:22.947347155Z: [    1.213960] pnp: PnP ACPI init
[STDERR  ] 2018-06-09T13:06:22.947376786Z: [    1.221733] pnp: PnP ACPI: found 5 devices
[STDERR  ] 2018-06-09T13:06:22.947411664Z: [    1.252158] clocksource: acpi_pm: mask: 0xffffff max_cycles: 0xffffff, max_idle_ns: 2085701024 ns
[STDERR  ] 2018-06-09T13:06:22.947436456Z: [    1.255701] NET: Registered protocol family 2
[STDERR  ] 2018-06-09T13:06:22.947466513Z: [    1.264146] TCP established hash table entries: 8192 (order: 4, 65536 bytes)
[STDERR  ] 2018-06-09T13:06:22.947503701Z: [    1.264880] TCP bind hash table entries: 8192 (order: 5, 131072 bytes)
[STDERR  ] 2018-06-09T13:06:22.947533000Z: [    1.265839] TCP: Hash tables configured (established 8192 bind 8192)
[STDERR  ] 2018-06-09T13:06:22.947568128Z: [    1.267751] UDP hash table entries: 512 (order: 2, 16384 bytes)
[STDERR  ] 2018-06-09T13:06:22.947592044Z: [    1.268369] UDP-Lite hash table entries: 512 (order: 2, 16384 bytes)
[STDERR  ] 2018-06-09T13:06:22.947616320Z: [    1.270740] NET: Registered protocol family 1
[STDERR  ] 2018-06-09T13:06:22.947656523Z: [    1.271638] pci 0000:00:01.0: Video device with shadowed ROM at [mem 0x000c0000-0x000dffff]
[STDERR  ] 2018-06-09T13:06:22.947683554Z: [    1.276929] Trying to unpack rootfs image as initramfs...
[STDERR  ] 2018-06-09T13:06:22.947709871Z: [   12.694030] Freeing initrd memory: 94924K
[STDERR  ] 2018-06-09T13:06:22.947751133Z: [   12.715451] PCLMULQDQ-NI instructions are not detected.
[STDERR  ] 2018-06-09T13:06:22.947777696Z: [   12.716635] AVX or AES-NI instructions are not detected.
[STDERR  ] 2018-06-09T13:06:22.947812783Z: [   12.717101] CPU feature 'AVX registers' is not supported.
[STDERR  ] 2018-06-09T13:06:22.947837091Z: [   12.717390] CPU feature 'AVX registers' is not supported.
[STDERR  ] 2018-06-09T13:06:22.947860056Z: [   12.717694] CPU feature 'AVX registers' is not supported.
[STDERR  ] 2018-06-09T13:06:22.947896109Z: [   12.717982] CPU feature 'AVX registers' is not supported.
[STDERR  ] 2018-06-09T13:06:22.947922851Z: [   12.718312] AVX2 or AES-NI instructions are not detected.
[STDERR  ] 2018-06-09T13:06:22.947951033Z: [   12.718605] AVX2 instructions are not detected.
[STDERR  ] 2018-06-09T13:06:22.947994002Z: [   12.723383] audit: initializing netlink subsys (disabled)
[STDERR  ] 2018-06-09T13:06:22.948176677Z: [   12.728813] audit: type=2000 audit(1528549530.720:1): state=initialized audit_enabled=0 res=1
[STDERR  ] 2018-06-09T13:06:22.948224446Z: [   12.729928] workingset: timestamp_bits=46 max_order=18 bucket_order=0
[STDERR  ] 2018-06-09T13:06:22.948253569Z: [   12.736283] squashfs: version 4.0 (2009/01/31) Phillip Lougher
[STDERR  ] 2018-06-09T13:06:22.948276018Z: [   12.738227] FS-Cache: Netfs 'cifs' registered for caching
[STDERR  ] 2018-06-09T13:06:22.948314223Z: [   12.739044] fuse init (API version 7.26)
[STDERR  ] 2018-06-09T13:06:22.948339223Z: [   12.741621] SGI XFS with ACLs, security attributes, no debug enabled
[STDERR  ] 2018-06-09T13:06:22.948364112Z: [   12.744937] 9p: Installing v9fs 9p2000 file system support
[STDERR  ] 2018-06-09T13:06:22.948399470Z: [   12.745360] FS-Cache: Netfs '9p' registered for caching
[STDERR  ] 2018-06-09T13:06:22.948422570Z: [   12.772682] NET: Registered protocol family 38
[STDERR  ] 2018-06-09T13:06:22.948445715Z: [   12.773203] Key type asymmetric registered
[STDERR  ] 2018-06-09T13:06:22.948481190Z: [   12.773515] Asymmetric key parser 'x509' registered
[STDERR  ] 2018-06-09T13:06:22.948506203Z: [   12.774310] Block layer SCSI generic (bsg) driver version 0.4 loaded (major 247)
[STDERR  ] 2018-06-09T13:06:22.948534915Z: [   12.775897] io scheduler noop registered
[STDERR  ] 2018-06-09T13:06:22.948572994Z: [   12.776236] io scheduler deadline registered (default)
[STDERR  ] 2018-06-09T13:06:22.948598337Z: [   12.777025] io scheduler cfq registered
[STDERR  ] 2018-06-09T13:06:22.948632774Z: [   12.777282] io scheduler mq-deadline registered
[STDERR  ] 2018-06-09T13:06:22.948658004Z: [   12.777478] io scheduler kyber registered
[STDERR  ] 2018-06-09T13:06:22.948682582Z: [   12.781204] shpchp: Standard Hot Plug PCI Controller Driver version: 0.4
[STDERR  ] 2018-06-09T13:06:22.948723004Z: [   12.781892] hv_vmbus: registering driver hyperv_fb
[STDERR  ] 2018-06-09T13:06:22.948748721Z: [   12.784649] input: Power Button as /devices/LNXSYSTM:00/LNXPWRBN:00/input/input0
[STDERR  ] 2018-06-09T13:06:22.948820303Z: [   12.787382] ACPI: Power Button [PWRF]
[STDERR  ] 2018-06-09T13:06:22.948867483Z: [   12.799472] ACPI: PCI Interrupt Link [GSIG] enabled at IRQ 22
[STDERR  ] 2018-06-09T13:06:22.948906621Z: [   12.811123] ACPI: PCI Interrupt Link [GSIH] enabled at IRQ 23
[STDERR  ] 2018-06-09T13:06:22.948944882Z: [   12.816755] Serial: 8250/16550 driver, 4 ports, IRQ sharing disabled
[STDERR  ] 2018-06-09T13:06:22.948982739Z: [   12.840619] 00:04: ttyS0 at I/O 0x3f8 (irq = 4, base_baud = 115200) is a 16550A
[STDERR  ] 2018-06-09T13:06:22.949008011Z: [   12.849841] Non-volatile memory driver v1.3
[STDERR  ] 2018-06-09T13:06:22.949086803Z: [   12.855889] Hangcheck: starting hangcheck timer 0.9.1 (tick is 180 seconds, margin is 60 seconds).
[STDERR  ] 2018-06-09T13:06:22.949141181Z: [   12.863738] random: fast init done
[STDERR  ] 2018-06-09T13:06:22.949182906Z: [   12.864956] random: crng init done
[STDERR  ] 2018-06-09T13:06:22.949205630Z: [   12.908841] brd: module loaded
[STDERR  ] 2018-06-09T13:06:22.949238860Z: [   12.932388] loop: module loaded
[STDERR  ] 2018-06-09T13:06:22.949262410Z: [   12.972025] lpc_ich 0000:00:1f.0: I/O space for GPIO uninitialized
[STDERR  ] 2018-06-09T13:06:22.949286082Z: [   12.974225] VMware PVSCSI driver - version 1.0.7.0-k
[STDERR  ] 2018-06-09T13:06:22.949333341Z: [   12.974896] hv_vmbus: registering driver hv_storvsc
[STDERR  ] 2018-06-09T13:06:22.949358395Z: [   12.982617] ACPI: PCI Interrupt Link [GSIA] enabled at IRQ 16
[STDERR  ] 2018-06-09T13:06:22.949394662Z: [   12.988578] ahci 0000:00:1f.2: AHCI 0001.0000 32 slots 6 ports 1.5 Gbps 0x3f impl SATA mode
[STDERR  ] 2018-06-09T13:06:22.949438390Z: [   12.989177] ahci 0000:00:1f.2: flags: 64bit ncq only 
[STDERR  ] 2018-06-09T13:06:22.949478778Z: [   13.001853] scsi host0: ahci
[STDERR  ] 2018-06-09T13:06:22.949507957Z: [   13.004771] scsi host1: ahci
[STDERR  ] 2018-06-09T13:06:22.949536136Z: [   13.006199] scsi host2: ahci
[STDERR  ] 2018-06-09T13:06:22.949582398Z: [   13.007631] scsi host3: ahci
[STDERR  ] 2018-06-09T13:06:22.949610110Z: [   13.009010] scsi host4: ahci
[STDERR  ] 2018-06-09T13:06:22.949658021Z: [   13.010602] scsi host5: ahci
[STDERR  ] 2018-06-09T13:06:22.949686972Z: [   13.011706] ata1: SATA max UDMA/133 abar m4096@0xfebd2000 port 0xfebd2100 irq 24
[STDERR  ] 2018-06-09T13:06:22.949738079Z: [   13.012229] ata2: SATA max UDMA/133 abar m4096@0xfebd2000 port 0xfebd2180 irq 24
[STDERR  ] 2018-06-09T13:06:22.949775132Z: [   13.012621] ata3: SATA max UDMA/133 abar m4096@0xfebd2000 port 0xfebd2200 irq 24
[STDERR  ] 2018-06-09T13:06:22.949816024Z: [   13.012978] ata4: SATA max UDMA/133 abar m4096@0xfebd2000 port 0xfebd2280 irq 24
[STDERR  ] 2018-06-09T13:06:22.949852272Z: [   13.013370] ata5: SATA max UDMA/133 abar m4096@0xfebd2000 port 0xfebd2300 irq 24
[STDERR  ] 2018-06-09T13:06:22.949891730Z: [   13.013637] ata6: SATA max UDMA/133 abar m4096@0xfebd2000 port 0xfebd2380 irq 24
[STDERR  ] 2018-06-09T13:06:22.949926742Z: [   13.023567] tun: Universal TUN/TAP device driver, 1.6
[STDERR  ] 2018-06-09T13:06:22.949955232Z: [   13.036892] VMware vmxnet3 virtual NIC driver - version 1.4.a.0-k-NAPI
[STDERR  ] 2018-06-09T13:06:22.949995427Z: [   13.037622] hv_vmbus: registering driver hv_netvsc
[STDERR  ] 2018-06-09T13:06:22.950051954Z: [   13.037912] Fusion MPT base driver 3.04.20
[STDERR  ] 2018-06-09T13:06:22.950081354Z: [   13.038119] Copyright (c) 1999-2008 LSI Corporation
[STDERR  ] 2018-06-09T13:06:22.950111859Z: [   13.038606] Fusion MPT SPI Host driver 3.04.20
[STDERR  ] 2018-06-09T13:06:22.950158558Z: [   13.040769] i8042: PNP: PS/2 Controller [PNP0303:KBD,PNP0f13:MOU] at 0x60,0x64 irq 1,12
[STDERR  ] 2018-06-09T13:06:22.950194633Z: [   13.044871] serio: i8042 KBD port at 0x60,0x64 irq 1
[STDERR  ] 2018-06-09T13:06:22.950234376Z: [   13.045470] serio: i8042 AUX port at 0x60,0x64 irq 12
[STDERR  ] 2018-06-09T13:06:22.950275727Z: [   13.047635] hv_vmbus: registering driver hyperv_keyboard
[STDERR  ] 2018-06-09T13:06:22.950317959Z: [   13.049385] mousedev: PS/2 mouse device common for all mice
[STDERR  ] 2018-06-09T13:06:22.950354302Z: [   13.053897] input: AT Translated Set 2 keyboard as /devices/platform/i8042/serio0/input/input1
[STDERR  ] 2018-06-09T13:06:22.950392218Z: [   13.056030] input: PC Speaker as /devices/platform/pcspkr/input/input2
[STDERR  ] 2018-06-09T13:06:22.950426704Z: [   13.059691] rtc_cmos 00:00: RTC can wake from S4
[STDERR  ] 2018-06-09T13:06:22.950466065Z: [   13.062707] rtc_cmos 00:00: rtc core: registered rtc_cmos as rtc0
[STDERR  ] 2018-06-09T13:06:22.950496874Z: [   13.063980] rtc_cmos 00:00: alarms up to one day, y3k, 114 bytes nvram, hpet irqs
[STDERR  ] 2018-06-09T13:06:22.950525706Z: [   13.064643] i2c /dev entries driver
[STDERR  ] 2018-06-09T13:06:22.950553812Z: [   13.066409] device-mapper: ioctl: 4.37.0-ioctl (2017-09-20) initialised: dm-devel@redhat.com
[STDERR  ] 2018-06-09T13:06:22.950582845Z: [   13.070033] usbcore: registered new interface driver usbhid
[STDERR  ] 2018-06-09T13:06:22.950609983Z: [   13.070696] usbhid: USB HID core driver
[STDERR  ] 2018-06-09T13:06:22.950639363Z: [   13.071533] hv_utils: Registering HyperV Utility Driver
[STDERR  ] 2018-06-09T13:06:22.950681642Z: [   13.071797] hv_vmbus: registering driver hv_util
[STDERR  ] 2018-06-09T13:06:22.950710662Z: [   13.072020] hv_vmbus: registering driver hv_balloon
[STDERR  ] 2018-06-09T13:06:22.950741835Z: [   13.072478] oprofile: using NMI interrupt.
[STDERR  ] 2018-06-09T13:06:22.950771481Z: [   13.073473] GACT probability on
[STDERR  ] 2018-06-09T13:06:22.950800576Z: [   13.073836] Mirror/redirect action on
[STDERR  ] 2018-06-09T13:06:22.950835317Z: [   13.074336] Simple TC action Loaded
[STDERR  ] 2018-06-09T13:06:22.950864089Z: [   13.074790] u32 classifier
[STDERR  ] 2018-06-09T13:06:22.950893649Z: [   13.074925]     Performance counters on
[STDERR  ] 2018-06-09T13:06:22.950922533Z: [   13.075118]     input device check on
[STDERR  ] 2018-06-09T13:06:22.950957534Z: [   13.075276]     Actions configured
[STDERR  ] 2018-06-09T13:06:22.950984584Z: [   13.075905] Netfilter messages via NETLINK v0.30.
[STDOUT  ] 2018-06-09T13:06:22.951086354Z: [    0.000000] Linux version 4.14.48-linuxkit (root@f636001766f8) (gcc version 6.4.0 (Alpine 6.4.0)) #1 SMP Thu Jun 7 13:33:05 UTC 2018
[STDOUT  ] 2018-06-09T13:06:22.951120128Z: [    0.000000] Command line: console=ttyS0 console=ttyAMA0
[STDOUT  ] 2018-06-09T13:06:22.951136758Z: [    0.000000] x86/fpu: x87 FPU will use FXSAVE
[STDOUT  ] 2018-06-09T13:06:22.951146123Z: [    0.000000] e820: BIOS-provided physical RAM map:
[STDOUT  ] 2018-06-09T13:06:22.951154940Z: [    0.000000] BIOS-e820: [mem 0x0000000000000000-0x000000000009fbff] usable
[STDOUT  ] 2018-06-09T13:06:22.951164400Z: [    0.000000] BIOS-e820: [mem 0x000000000009fc00-0x000000000009ffff] reserved
[STDOUT  ] 2018-06-09T13:06:22.951173346Z: [    0.000000] BIOS-e820: [mem 0x00000000000f0000-0x00000000000fffff] reserved
[STDOUT  ] 2018-06-09T13:06:22.951182312Z: [    0.000000] BIOS-e820: [mem 0x0000000000100000-0x000000003ffdefff] usable
[STDOUT  ] 2018-06-09T13:06:22.951191566Z: [    0.000000] BIOS-e820: [mem 0x000000003ffdf000-0x000000003fffffff] reserved
[STDOUT  ] 2018-06-09T13:06:22.951200334Z: [    0.000000] BIOS-e820: [mem 0x00000000b0000000-0x00000000bfffffff] reserved
[STDOUT  ] 2018-06-09T13:06:22.951209140Z: [    0.000000] BIOS-e820: [mem 0x00000000fed1c000-0x00000000fed1ffff] reserved
[STDOUT  ] 2018-06-09T13:06:22.951218142Z: [    0.000000] BIOS-e820: [mem 0x00000000fffc0000-0x00000000ffffffff] reserved
[STDOUT  ] 2018-06-09T13:06:22.951227473Z: [    0.000000] NX (Execute Disable) protection: active
[STDOUT  ] 2018-06-09T13:06:22.951236736Z: [    0.000000] SMBIOS 2.8 present.
[STDOUT  ] 2018-06-09T13:06:22.951246118Z: [    0.000000] DMI: QEMU Standard PC (Q35 + ICH9, 2009), BIOS rel-1.10.2-0-g5f4c7b1-prebuilt.qemu-project.org 04/01/2014
[STDOUT  ] 2018-06-09T13:06:22.951255313Z: [    0.000000] tsc: Fast TSC calibration using PIT
[STDOUT  ] 2018-06-09T13:06:22.951269366Z: [    0.000000] e820: last_pfn = 0x3ffdf max_arch_pfn = 0x400000000
[STDOUT  ] 2018-06-09T13:06:22.951281006Z: [    0.000000] x86/PAT: Configuration [0-7]: WB  WC  UC- UC  WB  WP  UC- WT  
[STDOUT  ] 2018-06-09T13:06:22.951302090Z: [    0.000000] found SMP MP-table at [mem 0x000f6aa0-0x000f6aaf] mapped at [ffffffffff200aa0]
[STDOUT  ] 2018-06-09T13:06:22.951311540Z: [    0.000000] RAMDISK: [mem 0x3a31d000-0x3ffcffff]
[STDOUT  ] 2018-06-09T13:06:22.951320662Z: [    0.000000] ACPI: Early table checksum verification disabled
[STDOUT  ] 2018-06-09T13:06:22.951329254Z: [    0.000000] ACPI: RSDP 0x00000000000F68B0 000014 (v00 BOCHS )
[STDOUT  ] 2018-06-09T13:06:22.951338060Z: [    0.000000] ACPI: RSDT 0x000000003FFE20A8 000034 (v01 BOCHS  BXPCRSDT 00000001 BXPC 00000001)
[STDOUT  ] 2018-06-09T13:06:22.951347477Z: [    0.000000] ACPI: FACP 0x000000003FFE1EC8 0000F4 (v03 BOCHS  BXPCFACP 00000001 BXPC 00000001)
[STDOUT  ] 2018-06-09T13:06:22.951369064Z: [    0.000000] ACPI: DSDT 0x000000003FFE0040 001E88 (v01 BOCHS  BXPCDSDT 00000001 BXPC 00000001)
[STDOUT  ] 2018-06-09T13:06:22.951377748Z: [    0.000000] ACPI: FACS 0x000000003FFE0000 000040
[STDOUT  ] 2018-06-09T13:06:22.951386821Z: [    0.000000] ACPI: APIC 0x000000003FFE1FBC 000078 (v01 BOCHS  BXPCAPIC 00000001 BXPC 00000001)
[STDOUT  ] 2018-06-09T13:06:22.951395654Z: [    0.000000] ACPI: HPET 0x000000003FFE2034 000038 (v01 BOCHS  BXPCHPET 00000001 BXPC 00000001)
[STDOUT  ] 2018-06-09T13:06:22.951404181Z: [    0.000000] ACPI: MCFG 0x000000003FFE206C 00003C (v01 BOCHS  BXPCMCFG 00000001 BXPC 00000001)
[STDOUT  ] 2018-06-09T13:06:22.951423842Z: [    0.000000] Zone ranges:
[STDOUT  ] 2018-06-09T13:06:22.951433604Z: [    0.000000]   DMA      [mem 0x0000000000001000-0x0000000000ffffff]
[STDOUT  ] 2018-06-09T13:06:22.951442618Z: [    0.000000]   DMA32    [mem 0x0000000001000000-0x000000003ffdefff]
[STDOUT  ] 2018-06-09T13:06:22.951454347Z: [    0.000000]   Normal   empty
[STDOUT  ] 2018-06-09T13:06:22.951462861Z: [    0.000000]   Device   empty
[STDOUT  ] 2018-06-09T13:06:22.951471229Z: [    0.000000] Movable zone start for each node
[STDOUT  ] 2018-06-09T13:06:22.951479892Z: [    0.000000] Early memory node ranges
[STDOUT  ] 2018-06-09T13:06:22.951487914Z: [    0.000000]   node   0: [mem 0x0000000000001000-0x000000000009efff]
[STDOUT  ] 2018-06-09T13:06:22.951496207Z: [    0.000000]   node   0: [mem 0x0000000000100000-0x000000003ffdefff]
[STDOUT  ] 2018-06-09T13:06:22.951504108Z: [    0.000000] Initmem setup node 0 [mem 0x0000000000001000-0x000000003ffdefff]
[STDOUT  ] 2018-06-09T13:06:22.951512415Z: [    0.000000] ACPI: PM-Timer IO Port: 0x608
[STDOUT  ] 2018-06-09T13:06:22.951524009Z: [    0.000000] ACPI: LAPIC_NMI (acpi_id[0xff] dfl dfl lint[0x1])
[STDOUT  ] 2018-06-09T13:06:22.951532405Z: [    0.000000] IOAPIC[0]: apic_id 0, version 32, address 0xfec00000, GSI 0-23
[STDOUT  ] 2018-06-09T13:06:22.951540699Z: [    0.000000] ACPI: INT_SRC_OVR (bus 0 bus_irq 0 global_irq 2 dfl dfl)
[STDOUT  ] 2018-06-09T13:06:22.951549140Z: [    0.000000] ACPI: INT_SRC_OVR (bus 0 bus_irq 5 global_irq 5 high level)
[STDOUT  ] 2018-06-09T13:06:22.951557398Z: [    0.000000] ACPI: INT_SRC_OVR (bus 0 bus_irq 9 global_irq 9 high level)
[STDOUT  ] 2018-06-09T13:06:22.951565927Z: [    0.000000] ACPI: INT_SRC_OVR (bus 0 bus_irq 10 global_irq 10 high level)
[STDOUT  ] 2018-06-09T13:06:22.951574510Z: [    0.000000] ACPI: INT_SRC_OVR (bus 0 bus_irq 11 global_irq 11 high level)
[STDOUT  ] 2018-06-09T13:06:22.951582814Z: [    0.000000] Using ACPI (MADT) for SMP configuration information
[STDOUT  ] 2018-06-09T13:06:22.951591389Z: [    0.000000] ACPI: HPET id: 0x8086a201 base: 0xfed00000
[STDOUT  ] 2018-06-09T13:06:22.951599964Z: [    0.000000] smpboot: Allowing 1 CPUs, 0 hotplug CPUs
[STDOUT  ] 2018-06-09T13:06:22.951608395Z: [    0.000000] e820: [mem 0x40000000-0xafffffff] available for PCI devices
[STDOUT  ] 2018-06-09T13:06:22.951616520Z: [    0.000000] Booting paravirtualized kernel on bare hardware
[STDOUT  ] 2018-06-09T13:06:22.951629781Z: [    0.000000] clocksource: refined-jiffies: mask: 0xffffffff max_cycles: 0xffffffff, max_idle_ns: 19112604462750000 ns
[STDOUT  ] 2018-06-09T13:06:22.951638835Z: [    0.000000] random: get_random_bytes called from start_kernel+0x92/0x4c8 with crng_init=0
[STDOUT  ] 2018-06-09T13:06:22.951651863Z: [    0.000000] setup_percpu: NR_CPUS:128 nr_cpumask_bits:128 nr_cpu_ids:1 nr_node_ids:1
[STDOUT  ] 2018-06-09T13:06:22.951663635Z: [    0.000000] percpu: Embedded 44 pages/cpu @ffff92e83a000000 s143256 r8192 d28776 u2097152
[STDOUT  ] 2018-06-09T13:06:22.951672699Z: [    0.000000] Built 1 zonelists, mobility grouping on.  Total pages: 257896
[STDOUT  ] 2018-06-09T13:06:22.951681278Z: [    0.000000] Kernel command line: console=ttyS0 console=ttyAMA0
[STDOUT  ] 2018-06-09T13:06:22.951689968Z: [    0.000000] PID hash table entries: 4096 (order: 3, 32768 bytes)
[STDOUT  ] 2018-06-09T13:06:22.951698537Z: [    0.000000] Dentry cache hash table entries: 131072 (order: 8, 1048576 bytes)
[STDOUT  ] 2018-06-09T13:06:22.951714320Z: [    0.000000] Inode-cache hash table entries: 65536 (order: 7, 524288 bytes)
[STDOUT  ] 2018-06-09T13:06:22.951725795Z: [    0.000000] Memory: 909876K/1048052K available (12300K kernel code, 1459K rwdata, 2992K rodata, 1512K init, 632K bss, 138176K reserved, 0K cma-reserved)
[STDOUT  ] 2018-06-09T13:06:22.951735414Z: [    0.000000] ftrace: allocating 41022 entries in 161 pages
[STDOUT  ] 2018-06-09T13:06:22.951744247Z: [    0.000000] Hierarchical RCU implementation.
[STDOUT  ] 2018-06-09T13:06:22.951753095Z: [    0.000000] 	RCU restricting CPUs from NR_CPUS=128 to nr_cpu_ids=1.
[STDOUT  ] 2018-06-09T13:06:22.951761732Z: [    0.000000] RCU: Adjusting geometry for rcu_fanout_leaf=16, nr_cpu_ids=1
[STDOUT  ] 2018-06-09T13:06:22.951779005Z: [    0.000000] NR_IRQS: 8448, nr_irqs: 256, preallocated irqs: 16
[STDOUT  ] 2018-06-09T13:06:22.951787736Z: [    0.000000] Console: colour VGA+ 80x25
[STDOUT  ] 2018-06-09T13:06:22.951796495Z: [    0.000000] console [ttyS0] enabled
[STDOUT  ] 2018-06-09T13:06:22.951804452Z: [    0.000000] clocksource: hpet: mask: 0xffffffff max_cycles: 0xffffffff, max_idle_ns: 19112604467 ns
[STDOUT  ] 2018-06-09T13:06:22.951813321Z: [    0.000000] tsc: Fast TSC calibration using PIT
[STDOUT  ] 2018-06-09T13:06:22.951821817Z: [    0.000000] tsc: Detected 2600.094 MHz processor
[STDOUT  ] 2018-06-09T13:06:22.951832909Z: [    0.001724] Calibrating delay loop (skipped), value calculated using timer frequency.. 5200.18 BogoMIPS (lpj=26000940)
[STDOUT  ] 2018-06-09T13:06:22.951847952Z: [    0.002180] pid_max: default: 32768 minimum: 301
[STDOUT  ] 2018-06-09T13:06:22.951856533Z: [    0.002905] ACPI: Core revision 20170728
[STDOUT  ] 2018-06-09T13:06:22.951865252Z: [    0.038764] ACPI: 1 ACPI AML tables successfully acquired and loaded
[STDOUT  ] 2018-06-09T13:06:22.951874051Z: [    0.041107] Security Framework initialized
[STDOUT  ] 2018-06-09T13:06:22.951882570Z: [    0.041396] Yama: becoming mindful.
[STDOUT  ] 2018-06-09T13:06:22.951890814Z: [    0.043835] Mount-cache hash table entries: 2048 (order: 2, 16384 bytes)
[STDOUT  ] 2018-06-09T13:06:22.951899078Z: [    0.044261] Mountpoint-cache hash table entries: 2048 (order: 2, 16384 bytes)
[STDOUT  ] 2018-06-09T13:06:22.951907585Z: [    0.060899] Last level iTLB entries: 4KB 0, 2MB 0, 4MB 0
[STDOUT  ] 2018-06-09T13:06:22.951915924Z: [    0.061271] Last level dTLB entries: 4KB 0, 2MB 0, 4MB 0, 1GB 0
[STDOUT  ] 2018-06-09T13:06:22.951924335Z: [    0.061780] Spectre V2 : Spectre mitigation: LFENCE not serializing, switching to generic retpoline
[STDOUT  ] 2018-06-09T13:06:22.951932943Z: [    0.062306] Spectre V2 : Vulnerable: Minimal generic ASM retpoline
[STDOUT  ] 2018-06-09T13:06:22.951941714Z: [    0.062576] Spectre V2 : Spectre v2 mitigation: Filling RSB on context switch
[STDOUT  ] 2018-06-09T13:06:22.951949895Z: [    0.062981] Speculative Store Bypass: Vulnerable
[STDOUT  ] 2018-06-09T13:06:22.951958680Z: [    0.353153] Freeing SMP alternatives memory: 20K
[STDOUT  ] 2018-06-09T13:06:22.951967055Z: [    0.372951] smpboot: Max logical packages: 1
[STDOUT  ] 2018-06-09T13:06:22.951981811Z: [    0.379387] ..TIMER: vector=0x30 apic1=0 pin1=2 apic2=-1 pin2=-1
[STDOUT  ] 2018-06-09T13:06:22.951990317Z: [    0.480000] smpboot: CPU0: AMD QEMU Virtual CPU version 2.5+ (family: 0x6, model: 0x6, stepping: 0x3)
[STDOUT  ] 2018-06-09T13:06:22.952003554Z: [    0.480000] Performance Events: PMU not available due to virtualization, using software events only.
[STDOUT  ] 2018-06-09T13:06:22.952032842Z: [    0.481100] Hierarchical SRCU implementation.
[STDOUT  ] 2018-06-09T13:06:22.952041959Z: [    0.486316] NMI watchdog: Perf event create on CPU 0 failed with -2
[STDOUT  ] 2018-06-09T13:06:22.952050108Z: [    0.486736] NMI watchdog: Perf NMI watchdog permanently disabled
[STDOUT  ] 2018-06-09T13:06:22.952059292Z: [    0.490428] smp: Bringing up secondary CPUs ...
[STDOUT  ] 2018-06-09T13:06:22.952067852Z: [    0.490635] smp: Brought up 1 node, 1 CPU
[STDOUT  ] 2018-06-09T13:06:22.952076631Z: [    0.491057] smpboot: Total of 1 processors activated (5200.18 BogoMIPS)
[STDOUT  ] 2018-06-09T13:06:22.952085242Z: [    0.507017] devtmpfs: initialized
[STDOUT  ] 2018-06-09T13:06:22.952094598Z: [    0.512479] x86/mm: Memory block size: 128MB
[STDOUT  ] 2018-06-09T13:06:22.952102813Z: [    0.517389] evm: security.ima
[STDOUT  ] 2018-06-09T13:06:22.952110959Z: [    0.517524] evm: security.capability
[STDOUT  ] 2018-06-09T13:06:22.952136910Z: [    0.522137] clocksource: jiffies: mask: 0xffffffff max_cycles: 0xffffffff, max_idle_ns: 19112604462750000 ns
[STDOUT  ] 2018-06-09T13:06:22.952149926Z: [    0.522834] futex hash table entries: 256 (order: 2, 16384 bytes)
[STDOUT  ] 2018-06-09T13:06:22.952159020Z: [    0.532548] NET: Registered protocol family 16
[STDOUT  ] 2018-06-09T13:06:22.952167698Z: [    0.538241] cpuidle: using governor ladder
[STDOUT  ] 2018-06-09T13:06:22.952176164Z: [    0.538701] cpuidle: using governor menu
[STDOUT  ] 2018-06-09T13:06:22.952184609Z: [    0.540237] ACPI: bus type PCI registered
[STDOUT  ] 2018-06-09T13:06:22.952195720Z: [    0.542583] PCI: MMCONFIG for domain 0000 [bus 00-ff] at [mem 0xb0000000-0xbfffffff] (base 0xb0000000)
[STDOUT  ] 2018-06-09T13:06:22.952204114Z: [    0.543314] PCI: MMCONFIG at [mem 0xb0000000-0xbfffffff] reserved in E820
[STDOUT  ] 2018-06-09T13:06:22.952213012Z: [    0.544213] PCI: Using configuration type 1 for base access
[STDOUT  ] 2018-06-09T13:06:22.952224169Z: [    0.582685] HugeTLB registered 2.00 MiB page size, pre-allocated 0 pages
[STDOUT  ] 2018-06-09T13:06:22.952232381Z: [    0.593168] ACPI: Added _OSI(Module Device)
[STDOUT  ] 2018-06-09T13:06:22.952241122Z: [    0.593512] ACPI: Added _OSI(Processor Device)
[STDOUT  ] 2018-06-09T13:06:22.952249497Z: [    0.593772] ACPI: Added _OSI(3.0 _SCP Extensions)
[STDOUT  ] 2018-06-09T13:06:22.952258052Z: [    0.593990] ACPI: Added _OSI(Processor Aggregator Device)
[STDOUT  ] 2018-06-09T13:06:22.952265865Z: [    0.636777] ACPI: Interpreter enabled
[STDOUT  ] 2018-06-09T13:06:22.952277684Z: [    0.640218] ACPI: (supports S0 S5)
[STDOUT  ] 2018-06-09T13:06:22.952286096Z: [    0.640545] ACPI: Using IOAPIC for interrupt routing
[STDOUT  ] 2018-06-09T13:06:22.952294630Z: [    0.642796] PCI: Using host bridge windows from ACPI; if necessary, use "pci=nocrs" and report a bug
[STDOUT  ] 2018-06-09T13:06:22.952303363Z: [    0.645810] ACPI: Enabled 1 GPEs in block 00 to 3F
[STDOUT  ] 2018-06-09T13:06:22.952312192Z: [    0.689121] ACPI: PCI Root Bridge [PCI0] (domain 0000 [bus 00-ff])
[STDOUT  ] 2018-06-09T13:06:22.952320622Z: [    0.690486] acpi PNP0A08:00: _OSC: OS supports [ExtendedConfig ASPM ClockPM Segments MSI]
[STDOUT  ] 2018-06-09T13:06:22.952332497Z: [    0.694564] acpi PNP0A08:00: _OSC: OS now controls [PCIeHotplug PME PCIeCapability]
[STDOUT  ] 2018-06-09T13:06:22.952341021Z: [    0.697807] PCI host bridge to bus 0000:00
[STDOUT  ] 2018-06-09T13:06:22.952349812Z: [    0.698332] pci_bus 0000:00: root bus resource [io  0x0000-0x0cf7 window]
[STDOUT  ] 2018-06-09T13:06:22.952358533Z: [    0.698682] pci_bus 0000:00: root bus resource [io  0x0d00-0xffff window]
[STDOUT  ] 2018-06-09T13:06:22.952371096Z: [    0.699014] pci_bus 0000:00: root bus resource [mem 0x000a0000-0x000bffff window]
[STDOUT  ] 2018-06-09T13:06:22.952379300Z: [    0.699334] pci_bus 0000:00: root bus resource [mem 0xc0000000-0xfebfffff window]
[STDOUT  ] 2018-06-09T13:06:22.952392418Z: [    0.699795] pci_bus 0000:00: root bus resource [bus 00-ff]
[STDOUT  ] 2018-06-09T13:06:22.952401099Z: [    0.862324] pci 0000:00:1f.0: quirk: [io  0x0600-0x067f] claimed by ICH6 ACPI/GPIO/TCO
[STDOUT  ] 2018-06-09T13:06:22.952409769Z: [    0.951843] ACPI: PCI Interrupt Link [LNKA] (IRQs 5 *10 11)
[STDOUT  ] 2018-06-09T13:06:22.952418060Z: [    0.953772] ACPI: PCI Interrupt Link [LNKB] (IRQs 5 *10 11)
[STDOUT  ] 2018-06-09T13:06:22.952426395Z: [    0.955456] ACPI: PCI Interrupt Link [LNKC] (IRQs 5 10 *11)
[STDOUT  ] 2018-06-09T13:06:22.952435059Z: [    0.957035] ACPI: PCI Interrupt Link [LNKD] (IRQs 5 10 *11)
[STDOUT  ] 2018-06-09T13:06:22.952443419Z: [    0.958334] ACPI: PCI Interrupt Link [LNKE] (IRQs 5 *10 11)
[STDOUT  ] 2018-06-09T13:06:22.952451855Z: [    0.960672] ACPI: PCI Interrupt Link [LNKF] (IRQs 5 *10 11)
[STDOUT  ] 2018-06-09T13:06:22.952460656Z: [    0.962352] ACPI: PCI Interrupt Link [LNKG] (IRQs 5 10 *11)
[STDOUT  ] 2018-06-09T13:06:22.952469133Z: [    0.963697] ACPI: PCI Interrupt Link [LNKH] (IRQs 5 10 *11)
[STDOUT  ] 2018-06-09T13:06:22.952477714Z: [    0.964354] ACPI: PCI Interrupt Link [GSIA] (IRQs *16)
[STDOUT  ] 2018-06-09T13:06:22.952486082Z: [    0.964900] ACPI: PCI Interrupt Link [GSIB] (IRQs *17)
[STDOUT  ] 2018-06-09T13:06:22.952494370Z: [    0.965404] ACPI: PCI Interrupt Link [GSIC] (IRQs *18)
