[INFO    ] 2018-02-19T13:12:30.936552802Z: Running Test linuxkit.packages.extend.xfs in /tmp/with_cloned66f466/test/cases/040_packages/005_extend/002_xfs
[INFO    ] 2018-02-19T13:12:30.936715953Z: Running command: [/bin/sh -x /tmp/with_cloned66f466/test/cases/040_packages/005_extend/002_xfs/test.sh]
[STDERR  ] 2018-02-19T13:12:30.937229347Z: + set -ex
[STDERR  ] 2018-02-19T13:12:30.937302912Z: + . /tmp/with_cloned66f466/test/cases/_lib/lib.sh
[STDERR  ] 2018-02-19T13:12:30.937330452Z: + [ -f src/github.com/linuxkit/rtf/lib/lib.sh ]
[STDERR  ] 2018-02-19T13:12:30.937348139Z: + LINUXKIT_TMPDIR=/tmp/with_cloned66f466/test/cases/_tmp
[STDERR  ] 2018-02-19T13:12:30.937368245Z: + [ -f /tmp/with_cloned66f466/test/cases/_tmp/env.sh ]
[STDERR  ] 2018-02-19T13:12:30.937388461Z: + . /tmp/with_cloned66f466/test/cases/_tmp/env.sh
[STDERR  ] 2018-02-19T13:12:30.937404321Z: + export LINUXKIT_EXAMPLES_DIR=/tmp/with_cloned66f466/test/cases/../../examples
[STDERR  ] 2018-02-19T13:12:30.937586212Z: + RT_CANCEL=253
[STDERR  ] 2018-02-19T13:12:30.937608014Z: + NAME_CREATE=extend-xfs
[STDERR  ] 2018-02-19T13:12:30.937625518Z: + NAME_EXTEND=extend-xfs
[STDERR  ] 2018-02-19T13:12:30.937642095Z: + DISK=disk.img
[STDERR  ] 2018-02-19T13:12:30.937659154Z: + trap clean_up EXIT
[STDERR  ] 2018-02-19T13:12:30.937676674Z: + linuxkit build -name extend-xfs -format kernel+initrd test-create.yml
[STDERR  ] 2018-02-19T13:12:30.963703657Z: Extract kernel image: linuxkit/kernel:4.9.81
[STDERR  ] 2018-02-19T13:12:32.018864509Z: time="2018-02-19T13:12:32Z" level=warning msg="certificate with CN Justin Cormack is near expiry"
[STDERR  ] 2018-02-19T13:12:32.018944876Z: time="2018-02-19T13:12:32Z" level=warning msg="certificate with CN  is near expiry"
[STDERR  ] 2018-02-19T13:12:32.019104002Z: time="2018-02-19T13:12:32Z" level=warning msg="certificate with CN  is near expiry"
[STDERR  ] 2018-02-19T13:12:32.019458734Z: time="2018-02-19T13:12:32Z" level=warning msg="certificate with CN avi@atomicinc.com is near expiry"
[STDERR  ] 2018-02-19T13:12:32.019615914Z: time="2018-02-19T13:12:32Z" level=warning msg="certificate with CN Ian Campbell is near expiry"
[STDERR  ] 2018-02-19T13:12:32.070761785Z: time="2018-02-19T13:12:32Z" level=warning msg="certificate with CN Justin Cormack is near expiry"
[STDERR  ] 2018-02-19T13:12:35.411180803Z: Add init containers:
[STDERR  ] 2018-02-19T13:12:35.411253512Z: Process init image: linuxkit/init:d899eee3560a40aa3b4bdd67b3bb82703714b2b9
[STDERR  ] 2018-02-19T13:12:36.401312174Z: time="2018-02-19T13:12:36Z" level=warning msg="certificate with CN Justin Cormack is near expiry"
[STDERR  ] 2018-02-19T13:12:36.403378383Z: time="2018-02-19T13:12:36Z" level=warning msg="certificate with CN  is near expiry"
[STDERR  ] 2018-02-19T13:12:36.403892697Z: time="2018-02-19T13:12:36Z" level=warning msg="certificate with CN  is near expiry"
[STDERR  ] 2018-02-19T13:12:36.407672513Z: time="2018-02-19T13:12:36Z" level=warning msg="certificate with CN avi@atomicinc.com is near expiry"
[STDERR  ] 2018-02-19T13:12:36.407902405Z: time="2018-02-19T13:12:36Z" level=warning msg="certificate with CN Ian Campbell is near expiry"
[STDERR  ] 2018-02-19T13:12:36.435759136Z: time="2018-02-19T13:12:36Z" level=warning msg="certificate with CN Justin Cormack is near expiry"
[STDERR  ] 2018-02-19T13:12:36.438458130Z: time="2018-02-19T13:12:36Z" level=warning msg="certificate with CN  is near expiry"
[STDERR  ] 2018-02-19T13:12:36.438585041Z: time="2018-02-19T13:12:36Z" level=warning msg="certificate with CN Ian Campbell is near expiry"
[STDERR  ] 2018-02-19T13:12:37.259601787Z: Process init image: linuxkit/runc:7c39a68490a12cde830e1922f171c451fb08e731
[STDERR  ] 2018-02-19T13:12:38.210840275Z: time="2018-02-19T13:12:38Z" level=warning msg="certificate with CN Ian Campbell is near expiry"
[STDERR  ] 2018-02-19T13:12:38.211082990Z: time="2018-02-19T13:12:38Z" level=warning msg="certificate with CN Justin Cormack is near expiry"
[STDERR  ] 2018-02-19T13:12:38.211335241Z: time="2018-02-19T13:12:38Z" level=warning msg="certificate with CN  is near expiry"
[STDERR  ] 2018-02-19T13:12:38.211481616Z: time="2018-02-19T13:12:38Z" level=warning msg="certificate with CN  is near expiry"
[STDERR  ] 2018-02-19T13:12:38.211639078Z: time="2018-02-19T13:12:38Z" level=warning msg="certificate with CN avi@atomicinc.com is near expiry"
[STDERR  ] 2018-02-19T13:12:38.218825982Z: time="2018-02-19T13:12:38Z" level=warning msg="certificate with CN Justin Cormack is near expiry"
[STDERR  ] 2018-02-19T13:12:38.221037595Z: time="2018-02-19T13:12:38Z" level=warning msg="certificate with CN  is near expiry"
[STDERR  ] 2018-02-19T13:12:38.221342085Z: time="2018-02-19T13:12:38Z" level=warning msg="certificate with CN Ian Campbell is near expiry"
[STDERR  ] 2018-02-19T13:12:38.911020130Z: Add onboot containers:
[STDERR  ] 2018-02-19T13:12:38.911105758Z:   Create OCI config for linuxkit/format:v0.2
[STDERR  ] 2018-02-19T13:12:39.897883253Z: time="2018-02-19T13:12:39Z" level=warning msg="certificate with CN Ian Campbell is near expiry"
[STDERR  ] 2018-02-19T13:12:39.898136401Z: time="2018-02-19T13:12:39Z" level=warning msg="certificate with CN Justin Cormack is near expiry"
[STDERR  ] 2018-02-19T13:12:39.898398115Z: time="2018-02-19T13:12:39Z" level=warning msg="certificate with CN Rolf Neugebauer is near expiry"
[STDERR  ] 2018-02-19T13:12:39.898555671Z: time="2018-02-19T13:12:39Z" level=warning msg="certificate with CN  is near expiry"
[STDERR  ] 2018-02-19T13:12:39.898736118Z: time="2018-02-19T13:12:39Z" level=warning msg="certificate with CN  is near expiry"
[STDERR  ] 2018-02-19T13:12:39.898902609Z: time="2018-02-19T13:12:39Z" level=warning msg="certificate with CN avi@atomicinc.com is near expiry"
[STDERR  ] 2018-02-19T13:12:39.900631526Z: time="2018-02-19T13:12:39Z" level=warning msg="certificate with CN Justin Cormack is near expiry"
[STDERR  ] 2018-02-19T13:12:39.901827072Z: time="2018-02-19T13:12:39Z" level=warning msg="certificate with CN Rolf Neugebauer is near expiry"
[STDERR  ] 2018-02-19T13:12:39.902966686Z: time="2018-02-19T13:12:39Z" level=warning msg="certificate with CN  is near expiry"
[STDERR  ] 2018-02-19T13:12:39.903155619Z: time="2018-02-19T13:12:39Z" level=warning msg="certificate with CN Ian Campbell is near expiry"
[STDERR  ] 2018-02-19T13:12:40.733488421Z:   Create OCI config for linuxkit/mount:v0.2
[STDERR  ] 2018-02-19T13:12:41.757717952Z: time="2018-02-19T13:12:41Z" level=warning msg="certificate with CN  is near expiry"
[STDERR  ] 2018-02-19T13:12:41.757958739Z: time="2018-02-19T13:12:41Z" level=warning msg="certificate with CN avi@atomicinc.com is near expiry"
[STDERR  ] 2018-02-19T13:12:41.768283048Z: time="2018-02-19T13:12:41Z" level=warning msg="certificate with CN Ian Campbell is near expiry"
[STDERR  ] 2018-02-19T13:12:41.768508512Z: time="2018-02-19T13:12:41Z" level=warning msg="certificate with CN Justin Cormack is near expiry"
[STDERR  ] 2018-02-19T13:12:41.768817991Z: time="2018-02-19T13:12:41Z" level=warning msg="certificate with CN Rolf Neugebauer is near expiry"
[STDERR  ] 2018-02-19T13:12:41.768924535Z: time="2018-02-19T13:12:41Z" level=warning msg="certificate with CN  is near expiry"
[STDERR  ] 2018-02-19T13:12:41.771454786Z: time="2018-02-19T13:12:41Z" level=warning msg="certificate with CN Justin Cormack is near expiry"
[STDERR  ] 2018-02-19T13:12:41.773232757Z: time="2018-02-19T13:12:41Z" level=warning msg="certificate with CN Rolf Neugebauer is near expiry"
[STDERR  ] 2018-02-19T13:12:41.774618057Z: time="2018-02-19T13:12:41Z" level=warning msg="certificate with CN  is near expiry"
[STDERR  ] 2018-02-19T13:12:41.774774680Z: time="2018-02-19T13:12:41Z" level=warning msg="certificate with CN Ian Campbell is near expiry"
[STDERR  ] 2018-02-19T13:12:42.642271393Z:   Create OCI config for alpine:3.7
[STDERR  ] 2018-02-19T13:12:44.280080010Z:   Create OCI config for linuxkit/poweroff:f9a0a5e52fd2a97908bda33db2afffafe4a6a67d
[STDERR  ] 2018-02-19T13:12:45.299466488Z: time="2018-02-19T13:12:45Z" level=warning msg="certificate with CN avi@atomicinc.com is near expiry"
[STDERR  ] 2018-02-19T13:12:45.299871872Z: time="2018-02-19T13:12:45Z" level=warning msg="certificate with CN Ian Campbell is near expiry"
[STDERR  ] 2018-02-19T13:12:45.300203390Z: time="2018-02-19T13:12:45Z" level=warning msg="certificate with CN Justin Cormack is near expiry"
[STDERR  ] 2018-02-19T13:12:45.300614847Z: time="2018-02-19T13:12:45Z" level=warning msg="certificate with CN Rolf Neugebauer is near expiry"
[STDERR  ] 2018-02-19T13:12:45.300862928Z: time="2018-02-19T13:12:45Z" level=warning msg="certificate with CN  is near expiry"
[STDERR  ] 2018-02-19T13:12:45.301112647Z: time="2018-02-19T13:12:45Z" level=warning msg="certificate with CN  is near expiry"
[STDERR  ] 2018-02-19T13:12:45.304118723Z: time="2018-02-19T13:12:45Z" level=warning msg="certificate with CN Rolf Neugebauer is near expiry"
[STDERR  ] 2018-02-19T13:12:45.305496842Z: time="2018-02-19T13:12:45Z" level=warning msg="certificate with CN  is near expiry"
[STDERR  ] 2018-02-19T13:12:45.305787851Z: time="2018-02-19T13:12:45Z" level=warning msg="certificate with CN Ian Campbell is near expiry"
[STDERR  ] 2018-02-19T13:12:45.880443341Z: Create outputs:
[STDERR  ] 2018-02-19T13:12:53.620585343Z:   extend-xfs-kernel extend-xfs-initrd.img extend-xfs-cmdline
[STDERR  ] 2018-02-19T13:12:53.806599957Z: + linuxkit run -disk file=disk.img,format=raw,size=256M extend-xfs
[STDOUT  ] 2018-02-19T13:12:56.880105893Z: [    0.000000] Linux version 4.9.81-linuxkit (root@131493a180c4) (gcc version 6.4.0 (Alpine 6.4.0) ) #1 SMP Tue Feb 13 18:31:25 UTC 2018
[STDOUT  ] 2018-02-19T13:12:56.881452714Z: [    0.000000] Command line: console=ttyS0 console=ttyAMA0
[STDOUT  ] 2018-02-19T13:12:56.882400342Z: [    0.000000] x86/fpu: Legacy x87 FPU detected.
[STDOUT  ] 2018-02-19T13:12:56.883507544Z: [    0.000000] x86/fpu: Using 'eager' FPU context switches.
[STDOUT  ] 2018-02-19T13:12:56.884581970Z: [    0.000000] e820: BIOS-provided physical RAM map:
[STDOUT  ] 2018-02-19T13:12:56.886004704Z: [    0.000000] BIOS-e820: [mem 0x0000000000000000-0x000000000009fbff] usable
[STDOUT  ] 2018-02-19T13:12:56.887475165Z: [    0.000000] BIOS-e820: [mem 0x000000000009fc00-0x000000000009ffff] reserved
[STDOUT  ] 2018-02-19T13:12:56.888914953Z: [    0.000000] BIOS-e820: [mem 0x00000000000f0000-0x00000000000fffff] reserved
[STDOUT  ] 2018-02-19T13:12:56.890297726Z: [    0.000000] BIOS-e820: [mem 0x0000000000100000-0x000000003ffdefff] usable
[STDOUT  ] 2018-02-19T13:12:56.891698728Z: [    0.000000] BIOS-e820: [mem 0x000000003ffdf000-0x000000003fffffff] reserved
[STDOUT  ] 2018-02-19T13:12:56.893114036Z: [    0.000000] BIOS-e820: [mem 0x00000000b0000000-0x00000000bfffffff] reserved
[STDOUT  ] 2018-02-19T13:12:56.894511801Z: [    0.000000] BIOS-e820: [mem 0x00000000fed1c000-0x00000000fed1ffff] reserved
[STDOUT  ] 2018-02-19T13:12:56.895980660Z: [    0.000000] BIOS-e820: [mem 0x00000000fffc0000-0x00000000ffffffff] reserved
[STDOUT  ] 2018-02-19T13:12:56.896995720Z: [    0.000000] NX (Execute Disable) protection: active
[STDOUT  ] 2018-02-19T13:12:56.897694601Z: [    0.000000] SMBIOS 2.8 present.
[STDOUT  ] 2018-02-19T13:12:56.898792348Z: [    0.000000] Kernel/User page tables isolation: disabled
[STDOUT  ] 2018-02-19T13:12:56.900000699Z: [    0.000000] e820: last_pfn = 0x3ffdf max_arch_pfn = 0x400000000
[STDOUT  ] 2018-02-19T13:12:56.901445739Z: [    0.000000] x86/PAT: Configuration [0-7]: WB  WC  UC- UC  WB  WC  UC- WT  
[STDOUT  ] 2018-02-19T13:12:56.903109311Z: [    0.000000] found SMP MP-table at [mem 0x000f6aa0-0x000f6aaf] mapped at [ffff8e4bc00f6aa0]
[STDOUT  ] 2018-02-19T13:12:56.904145917Z: [    0.000000] RAMDISK: [mem 0x3dff3000-0x3ffcffff]
[STDOUT  ] 2018-02-19T13:12:56.905303593Z: [    0.000000] ACPI: Early table checksum verification disabled
[STDOUT  ] 2018-02-19T13:12:56.906528327Z: [    0.000000] ACPI: RSDP 0x00000000000F68C0 000014 (v00 BOCHS )
[STDOUT  ] 2018-02-19T13:12:56.908834939Z: [    0.000000] ACPI: RSDT 0x000000003FFE2404 000034 (v01 BOCHS  BXPCRSDT 00000001 BXPC 00000001)
[STDOUT  ] 2018-02-19T13:12:56.910597249Z: [    0.000000] ACPI: FACP 0x000000003FFE22A4 000074 (v01 BOCHS  BXPCFACP 00000001 BXPC 00000001)
[STDOUT  ] 2018-02-19T13:12:56.912339579Z: [    0.000000] ACPI: DSDT 0x000000003FFE0040 002264 (v01 BOCHS  BXPCDSDT 00000001 BXPC 00000001)
[STDOUT  ] 2018-02-19T13:12:56.913322684Z: [    0.000000] ACPI: FACS 0x000000003FFE0000 000040
[STDOUT  ] 2018-02-19T13:12:56.915060822Z: [    0.000000] ACPI: APIC 0x000000003FFE2318 000078 (v01 BOCHS  BXPCAPIC 00000001 BXPC 00000001)
[STDOUT  ] 2018-02-19T13:12:56.916817681Z: [    0.000000] ACPI: HPET 0x000000003FFE2390 000038 (v01 BOCHS  BXPCHPET 00000001 BXPC 00000001)
[STDOUT  ] 2018-02-19T13:12:56.918615321Z: [    0.000000] ACPI: MCFG 0x000000003FFE23C8 00003C (v01 BOCHS  BXPCMCFG 00000001 BXPC 00000001)
[STDOUT  ] 2018-02-19T13:12:56.919177047Z: [    0.000000] Zone ranges:
[STDOUT  ] 2018-02-19T13:12:56.920452904Z: [    0.000000]   DMA      [mem 0x0000000000001000-0x0000000000ffffff]
[STDOUT  ] 2018-02-19T13:12:56.921780376Z: [    0.000000]   DMA32    [mem 0x0000000001000000-0x000000003ffdefff]
[STDOUT  ] 2018-02-19T13:12:56.922367748Z: [    0.000000]   Normal   empty
[STDOUT  ] 2018-02-19T13:12:56.923345363Z: [    0.000000] Movable zone start for each node
[STDOUT  ] 2018-02-19T13:12:56.924142261Z: [    0.000000] Early memory node ranges
[STDOUT  ] 2018-02-19T13:12:56.926058746Z: [    0.000000]   node   0: [mem 0x0000000000001000-0x000000000009efff]
[STDOUT  ] 2018-02-19T13:12:56.927465763Z: [    0.000000]   node   0: [mem 0x0000000000100000-0x000000003ffdefff]
[STDOUT  ] 2018-02-19T13:12:56.928990155Z: [    0.000000] Initmem setup node 0 [mem 0x0000000000001000-0x000000003ffdefff]
[STDOUT  ] 2018-02-19T13:12:56.929896284Z: [    0.000000] ACPI: PM-Timer IO Port: 0x608
[STDOUT  ] 2018-02-19T13:12:56.931109688Z: [    0.000000] ACPI: LAPIC_NMI (acpi_id[0xff] dfl dfl lint[0x1])
[STDOUT  ] 2018-02-19T13:12:56.932605627Z: [    0.000000] IOAPIC[0]: apic_id 0, version 32, address 0xfec00000, GSI 0-23
[STDOUT  ] 2018-02-19T13:12:56.933987473Z: [    0.000000] ACPI: INT_SRC_OVR (bus 0 bus_irq 0 global_irq 2 dfl dfl)
[STDOUT  ] 2018-02-19T13:12:56.935434178Z: [    0.000000] ACPI: INT_SRC_OVR (bus 0 bus_irq 5 global_irq 5 high level)
[STDOUT  ] 2018-02-19T13:12:56.936879654Z: [    0.000000] ACPI: INT_SRC_OVR (bus 0 bus_irq 9 global_irq 9 high level)
[STDOUT  ] 2018-02-19T13:12:56.938359064Z: [    0.000000] ACPI: INT_SRC_OVR (bus 0 bus_irq 10 global_irq 10 high level)
[STDOUT  ] 2018-02-19T13:12:56.939823073Z: [    0.000000] ACPI: INT_SRC_OVR (bus 0 bus_irq 11 global_irq 11 high level)
[STDOUT  ] 2018-02-19T13:12:56.941119241Z: [    0.000000] Using ACPI (MADT) for SMP configuration information
[STDOUT  ] 2018-02-19T13:12:56.942360789Z: [    0.000000] ACPI: HPET id: 0x8086a201 base: 0xfed00000
[STDOUT  ] 2018-02-19T13:12:56.943487807Z: [    0.000000] smpboot: Allowing 1 CPUs, 0 hotplug CPUs
[STDOUT  ] 2018-02-19T13:12:56.944938220Z: [    0.000000] e820: [mem 0x40000000-0xafffffff] available for PCI devices
[STDOUT  ] 2018-02-19T13:12:56.946181121Z: [    0.000000] Booting paravirtualized kernel on bare hardware
[STDOUT  ] 2018-02-19T13:12:56.948446727Z: [    0.000000] clocksource: refined-jiffies: mask: 0xffffffff max_cycles: 0xffffffff, max_idle_ns: 19112604462750000 ns
[STDOUT  ] 2018-02-19T13:12:56.950125067Z: [    0.000000] setup_percpu: NR_CPUS:128 nr_cpumask_bits:128 nr_cpu_ids:1 nr_node_ids:1
[STDOUT  ] 2018-02-19T13:12:56.951847522Z: [    0.000000] percpu: Embedded 36 pages/cpu @ffff8e4bfdc00000 s106904 r8192 d32360 u2097152
[STDOUT  ] 2018-02-19T13:12:56.953690454Z: [    0.000000] Built 1 zonelists in Zone order, mobility grouping on.  Total pages: 257896
[STDOUT  ] 2018-02-19T13:12:56.954901749Z: [    0.000000] Kernel command line: console=ttyS0 console=ttyAMA0
[STDOUT  ] 2018-02-19T13:12:56.956493328Z: [    0.000000] PID hash table entries: 4096 (order: 3, 32768 bytes)
[STDOUT  ] 2018-02-19T13:12:56.958045977Z: [    0.000000] Dentry cache hash table entries: 131072 (order: 8, 1048576 bytes)
[STDOUT  ] 2018-02-19T13:12:56.959447326Z: [    0.000000] Inode-cache hash table entries: 65536 (order: 7, 524288 bytes)
[STDOUT  ] 2018-02-19T13:12:56.961764084Z: [    0.000000] Memory: 981496K/1048052K available (8054K kernel code, 1391K rwdata, 2700K rodata, 1404K init, 564K bss, 66556K reserved, 0K cma-reserved)
[STDOUT  ] 2018-02-19T13:12:56.962715818Z: [    0.000000] Hierarchical RCU implementation.
[STDOUT  ] 2018-02-19T13:12:56.963814000Z: [    0.000000] 	Build-time adjustment of leaf fanout to 64.
[STDOUT  ] 2018-02-19T13:12:56.964797355Z: [    0.000000] 	RCU restricting CPUs from NR_CPUS=128 to nr_cpu_ids=1.
[STDOUT  ] 2018-02-19T13:12:56.966303205Z: [    0.000000] RCU: Adjusting geometry for rcu_fanout_leaf=64, nr_cpu_ids=1
[STDOUT  ] 2018-02-19T13:12:56.966829105Z: [    0.000000] NR_IRQS:8448 nr_irqs:256 16
[STDOUT  ] 2018-02-19T13:12:56.967661652Z: [    0.000000] Console: colour VGA+ 80x25
[STDOUT  ] 2018-02-19T13:12:56.968644669Z: [    0.000000] console [ttyS0] enabled
[STDOUT  ] 2018-02-19T13:12:56.975585601Z: [    0.000000] clocksource: hpet: mask: 0xffffffff max_cycles: 0xffffffff, max_idle_ns: 19112604467 ns
[STDOUT  ] 2018-02-19T13:12:57.057743615Z: [    0.000000] tsc: Unable to calibrate against PIT
[STDOUT  ] 2018-02-19T13:12:57.058968804Z: [    0.000000] tsc: using HPET reference calibration
[STDOUT  ] 2018-02-19T13:12:57.060143333Z: [    0.000000] tsc: Detected 2300.185 MHz processor
[STDOUT  ] 2018-02-19T13:12:57.065264372Z: [    0.052368] Calibrating delay loop (skipped), value calculated using timer frequency.. 4600.37 BogoMIPS (lpj=23001850)
[STDOUT  ] 2018-02-19T13:12:57.066456645Z: [    0.055098] pid_max: default: 32768 minimum: 301
[STDOUT  ] 2018-02-19T13:12:57.068804663Z: [    0.060171] ACPI: Core revision 20160831
[STDOUT  ] 2018-02-19T13:12:57.141933360Z: [    0.132731] ACPI: 1 ACPI AML tables successfully acquired and loaded
[STDOUT  ] 2018-02-19T13:12:57.147503210Z: [    0.138775] Security Framework initialized
[STDOUT  ] 2018-02-19T13:12:57.148645050Z: [    0.140140] Yama: becoming mindful.
[STDOUT  ] 2018-02-19T13:12:57.152833460Z: [    0.143701] Mount-cache hash table entries: 2048 (order: 2, 16384 bytes)
[STDOUT  ] 2018-02-19T13:12:57.154516196Z: [    0.145195] Mountpoint-cache hash table entries: 2048 (order: 2, 16384 bytes)
[STDOUT  ] 2018-02-19T13:12:57.188313206Z: [    0.179284] Last level iTLB entries: 4KB 0, 2MB 0, 4MB 0
[STDOUT  ] 2018-02-19T13:12:57.189793615Z: [    0.180101] Last level dTLB entries: 4KB 0, 2MB 0, 4MB 0, 1GB 0
[STDOUT  ] 2018-02-19T13:12:57.191503317Z: [    0.181510] Spectre V2 : LFENCE not serializing. Switching to generic retpoline
[STDOUT  ] 2018-02-19T13:12:57.194620148Z: [    0.183135] Spectre V2 : Vulnerable: Minimal generic ASM retpoline
[STDOUT  ] 2018-02-19T13:12:57.195853866Z: [    0.186259] Spectre V2 : Filling RSB on context switch
[STDOUT  ] 2018-02-19T13:12:57.828264825Z: [    0.819200] Freeing SMP alternatives memory: 20K
[STDOUT  ] 2018-02-19T13:12:57.844296383Z: [    0.835205] ftrace: allocating 35563 entries in 139 pages
[STDOUT  ] 2018-02-19T13:12:58.441602008Z: [    1.112506] smpboot: Max logical packages: 1
[STDOUT  ] 2018-02-19T13:12:58.452222801Z: [    1.123181] ..TIMER: vector=0x30 apic1=0 pin1=2 apic2=-1 pin2=-1
[STDOUT  ] 2018-02-19T13:12:58.671265055Z: [    1.230000] smpboot: CPU0: AMD QEMU Virtual CPU version 2.5+ (family: 0x6, model: 0x6, stepping: 0x3)
[STDOUT  ] 2018-02-19T13:12:58.674267157Z: [    1.230000] Performance Events: PMU not available due to virtualization, using software events only.
[STDOUT  ] 2018-02-19T13:12:58.711473564Z: [    1.261245] NMI watchdog: disabled (cpu0): hardware events not enabled
[STDOUT  ] 2018-02-19T13:12:58.712908963Z: [    1.262728] NMI watchdog: Shutting down hard lockup detector on all cpus
[STDOUT  ] 2018-02-19T13:12:58.717299739Z: [    1.267623] x86: Booted up 1 node, 1 CPUs
[STDOUT  ] 2018-02-19T13:12:58.718847212Z: [    1.268658] smpboot: Total of 1 processors activated (4600.37 BogoMIPS)
[STDOUT  ] 2018-02-19T13:12:58.742882942Z: [    1.293283] devtmpfs: initialized
[STDOUT  ] 2018-02-19T13:12:58.751787390Z: [    1.302075] x86/mm: Memory block size: 128MB
[STDOUT  ] 2018-02-19T13:12:58.872376479Z: [    1.421549] clocksource: jiffies: mask: 0xffffffff max_cycles: 0xffffffff, max_idle_ns: 19112604462750000 ns
[STDOUT  ] 2018-02-19T13:12:58.873980388Z: [    1.423979] futex hash table entries: 256 (order: 2, 16384 bytes)
[STDOUT  ] 2018-02-19T13:12:58.890295650Z: [    1.440501] NET: Registered protocol family 16
[STDOUT  ] 2018-02-19T13:12:58.906515511Z: [    1.456843] cpuidle: using governor ladder
[STDOUT  ] 2018-02-19T13:12:58.907589084Z: [    1.457949] cpuidle: using governor menu
[STDOUT  ] 2018-02-19T13:12:58.910043896Z: [    1.460409] ACPI: bus type PCI registered
[STDOUT  ] 2018-02-19T13:12:58.916082889Z: [    1.465416] PCI: MMCONFIG for domain 0000 [bus 00-ff] at [mem 0xb0000000-0xbfffffff] (base 0xb0000000)
[STDOUT  ] 2018-02-19T13:12:58.917730374Z: [    1.467590] PCI: MMCONFIG at [mem 0xb0000000-0xbfffffff] reserved in E820
[STDOUT  ] 2018-02-19T13:12:58.921101451Z: [    1.470767] PCI: Using configuration type 1 for base access
[STDOUT  ] 2018-02-19T13:12:59.017726135Z: [    1.567519] HugeTLB registered 2 MB page size, pre-allocated 0 pages
[STDOUT  ] 2018-02-19T13:12:59.034422759Z: [    1.584648] ACPI: Added _OSI(Module Device)
[STDOUT  ] 2018-02-19T13:12:59.035446704Z: [    1.585676] ACPI: Added _OSI(Processor Device)
[STDOUT  ] 2018-02-19T13:12:59.036409868Z: [    1.586618] ACPI: Added _OSI(3.0 _SCP Extensions)
[STDOUT  ] 2018-02-19T13:12:59.037534123Z: [    1.587577] ACPI: Added _OSI(Processor Aggregator Device)
[STDOUT  ] 2018-02-19T13:12:59.166260239Z: [    1.716422] ACPI: Interpreter enabled
[STDOUT  ] 2018-02-19T13:12:59.167874377Z: [    1.718157] ACPI: (supports S0 S5)
[STDOUT  ] 2018-02-19T13:12:59.169009389Z: [    1.719005] ACPI: Using IOAPIC for interrupt routing
[STDOUT  ] 2018-02-19T13:12:59.173399244Z: [    1.722573] PCI: Using host bridge windows from ACPI; if necessary, use "pci=nocrs" and report a bug
[STDOUT  ] 2018-02-19T13:12:59.281597727Z: [    1.831470] ACPI: PCI Root Bridge [PCI0] (domain 0000 [bus 00-ff])
[STDOUT  ] 2018-02-19T13:12:59.284143985Z: [    1.833665] acpi PNP0A08:00: _OSC: OS supports [ExtendedConfig ASPM ClockPM Segments MSI]
[STDOUT  ] 2018-02-19T13:12:59.294054116Z: [    1.843727] acpi PNP0A08:00: _OSC: OS now controls [PCIeHotplug PME PCIeCapability]
[STDOUT  ] 2018-02-19T13:12:59.300399853Z: [    1.850725] PCI host bridge to bus 0000:00
[STDOUT  ] 2018-02-19T13:12:59.301980983Z: [    1.851841] pci_bus 0000:00: root bus resource [io  0x0000-0x0cf7 window]
[STDOUT  ] 2018-02-19T13:12:59.303383434Z: [    1.853245] pci_bus 0000:00: root bus resource [io  0x0d00-0xffff window]
[STDOUT  ] 2018-02-19T13:12:59.304903056Z: [    1.854627] pci_bus 0000:00: root bus resource [mem 0x000a0000-0x000bffff window]
[STDOUT  ] 2018-02-19T13:12:59.306419030Z: [    1.856122] pci_bus 0000:00: root bus resource [mem 0xc0000000-0xfebfffff window]
[STDOUT  ] 2018-02-19T13:12:59.307817648Z: [    1.857864] pci_bus 0000:00: root bus resource [bus 00-ff]
[STDOUT  ] 2018-02-19T13:12:59.494395541Z: [    2.043907] pci 0000:00:1f.0: quirk: [io  0x0600-0x067f] claimed by ICH6 ACPI/GPIO/TCO
[STDOUT  ] 2018-02-19T13:12:59.598736849Z: [    2.148326] ACPI: PCI Interrupt Link [LNKA] (IRQs 5 *10 11)
[STDOUT  ] 2018-02-19T13:12:59.602509564Z: [    2.152315] ACPI: PCI Interrupt Link [LNKB] (IRQs 5 *10 11)
[STDOUT  ] 2018-02-19T13:12:59.605847964Z: [    2.155676] ACPI: PCI Interrupt Link [LNKC] (IRQs 5 10 *11)
[STDOUT  ] 2018-02-19T13:12:59.609482426Z: [    2.159167] ACPI: PCI Interrupt Link [LNKD] (IRQs 5 10 *11)
[STDOUT  ] 2018-02-19T13:12:59.612836086Z: [    2.162511] ACPI: PCI Interrupt Link [LNKE] (IRQs 5 *10 11)
[STDOUT  ] 2018-02-19T13:12:59.616236963Z: [    2.165909] ACPI: PCI Interrupt Link [LNKF] (IRQs 5 *10 11)
[STDOUT  ] 2018-02-19T13:12:59.619778985Z: [    2.169292] ACPI: PCI Interrupt Link [LNKG] (IRQs 5 10 *11)
[STDOUT  ] 2018-02-19T13:12:59.623113493Z: [    2.172525] ACPI: PCI Interrupt Link [LNKH] (IRQs 5 10 *11)
[STDOUT  ] 2018-02-19T13:12:59.624898569Z: [    2.174426] ACPI: PCI Interrupt Link [GSIA] (IRQs *16)
[STDOUT  ] 2018-02-19T13:12:59.626454381Z: [    2.176013] ACPI: PCI Interrupt Link [GSIB] (IRQs *17)
[STDOUT  ] 2018-02-19T13:12:59.628028541Z: [    2.177552] ACPI: PCI Interrupt Link [GSIC] (IRQs *18)
[STDOUT  ] 2018-02-19T13:12:59.629821280Z: [    2.179236] ACPI: PCI Interrupt Link [GSID] (IRQs *19)
[STDOUT  ] 2018-02-19T13:12:59.631401072Z: [    2.180716] ACPI: PCI Interrupt Link [GSIE] (IRQs *20)
[STDOUT  ] 2018-02-19T13:12:59.632927749Z: [    2.182268] ACPI: PCI Interrupt Link [GSIF] (IRQs *21)
[STDOUT  ] 2018-02-19T13:12:59.634449553Z: [    2.183795] ACPI: PCI Interrupt Link [GSIG] (IRQs *22)
[STDOUT  ] 2018-02-19T13:12:59.636012633Z: [    2.185325] ACPI: PCI Interrupt Link [GSIH] (IRQs *23)
[STDOUT  ] 2018-02-19T13:12:59.642648952Z: [    2.192721] ACPI: Enabled 2 GPEs in block 00 to 3F
[STDOUT  ] 2018-02-19T13:12:59.649610134Z: [    2.199824] SCSI subsystem initialized
[STDOUT  ] 2018-02-19T13:12:59.653290991Z: [    2.202671] ACPI: bus type USB registered
[STDOUT  ] 2018-02-19T13:12:59.655928657Z: [    2.205058] usbcore: registered new interface driver usbfs
[STDOUT  ] 2018-02-19T13:12:59.657957982Z: [    2.207091] usbcore: registered new interface driver hub
[STDOUT  ] 2018-02-19T13:12:59.660140882Z: [    2.210096] usbcore: registered new device driver usb
[STDOUT  ] 2018-02-19T13:12:59.662835289Z: [    2.213012] pps_core: LinuxPPS API ver. 1 registered
[STDOUT  ] 2018-02-19T13:12:59.664688870Z: [    2.214052] pps_core: Software ver. 5.3.6 - Copyright 2005-2007 Rodolfo Giometti <giometti@linux.it>
[STDOUT  ] 2018-02-19T13:12:59.665813322Z: [    2.216148] PTP clock support registered
[STDOUT  ] 2018-02-19T13:12:59.669227346Z: [    2.219379] PCI: Using ACPI for IRQ routing
[STDOUT  ] 2018-02-19T13:12:59.701039700Z: [    2.251388] NetLabel: Initializing
[STDOUT  ] 2018-02-19T13:12:59.702004543Z: [    2.252268] NetLabel:  domain hash size = 128
[STDOUT  ] 2018-02-19T13:12:59.703205475Z: [    2.253165] NetLabel:  protocols = UNLABELED CIPSOv4
[STDOUT  ] 2018-02-19T13:12:59.707040122Z: [    2.257036] NetLabel:  unlabeled traffic allowed by default
[STDOUT  ] 2018-02-19T13:12:59.708490385Z: [    2.258969] wmi: Mapper loaded
[STDOUT  ] 2018-02-19T13:12:59.711047326Z: [    2.260747] HPET: 3 timers in total, 0 timers will be used for per-cpu timer
[STDOUT  ] 2018-02-19T13:12:59.712740354Z: [    2.262614] hpet0: at MMIO 0xfed00000, IRQs 2, 8, 0
[STDOUT  ] 2018-02-19T13:12:59.713974191Z: [    2.263917] hpet0: 3 comparators, 64-bit 100.000000 MHz counter
[STDOUT  ] 2018-02-19T13:12:59.723215629Z: [    2.272676] clocksource: Switched to clocksource hpet
[STDOUT  ] 2018-02-19T13:13:00.199627480Z: [    2.746929] VFS: Disk quotas dquot_6.6.0
[STDOUT  ] 2018-02-19T13:13:00.201740351Z: [    2.748588] VFS: Dquot-cache hash table entries: 512 (order 0, 4096 bytes)
[STDOUT  ] 2018-02-19T13:13:00.206262731Z: [    2.753828] FS-Cache: Loaded
[STDOUT  ] 2018-02-19T13:13:00.215037433Z: [    2.762556] CacheFiles: Loaded
[STDOUT  ] 2018-02-19T13:13:00.218052805Z: [    2.765561] pnp: PnP ACPI init
[STDOUT  ] 2018-02-19T13:13:00.237581851Z: [    2.784916] pnp: PnP ACPI: found 5 devices
[STDOUT  ] 2018-02-19T13:13:00.323978601Z: [    2.870371] clocksource: acpi_pm: mask: 0xffffff max_cycles: 0xffffff, max_idle_ns: 2085701024 ns
[STDOUT  ] 2018-02-19T13:13:00.328430492Z: [    2.875722] NET: Registered protocol family 2
[STDOUT  ] 2018-02-19T13:13:00.341811658Z: [    2.888616] TCP established hash table entries: 8192 (order: 4, 65536 bytes)
[STDOUT  ] 2018-02-19T13:13:00.343819893Z: [    2.890706] TCP bind hash table entries: 8192 (order: 5, 131072 bytes)
[STDOUT  ] 2018-02-19T13:13:00.345535154Z: [    2.892459] TCP: Hash tables configured (established 8192 bind 8192)
[STDOUT  ] 2018-02-19T13:13:00.348910028Z: [    2.895967] UDP hash table entries: 512 (order: 2, 16384 bytes)
[STDOUT  ] 2018-02-19T13:13:00.350461731Z: [    2.897398] UDP-Lite hash table entries: 512 (order: 2, 16384 bytes)
[STDOUT  ] 2018-02-19T13:13:00.354811701Z: [    2.902097] NET: Registered protocol family 1
[STDOUT  ] 2018-02-19T13:13:00.357558134Z: [    2.904104] pci 0000:00:01.0: Video device with shadowed ROM at [mem 0x000c0000-0x000dffff]
[STDOUT  ] 2018-02-19T13:13:00.369827861Z: [    2.917278] Unpacking initramfs...
[STDOUT  ] 2018-02-19T13:13:15.812538194Z: [   18.360162] Freeing initrd memory: 32628K
[STDOUT  ] 2018-02-19T13:13:15.851885424Z: [   18.399712] PCLMULQDQ-NI instructions are not detected.
[STDOUT  ] 2018-02-19T13:13:15.854839150Z: [   18.402682] AVX or AES-NI instructions are not detected.
[STDOUT  ] 2018-02-19T13:13:15.855238837Z: [   18.403124] CPU feature 'AVX registers' is not supported.
[STDOUT  ] 2018-02-19T13:13:15.855601769Z: [   18.403477] CPU feature 'AVX registers' is not supported.
[STDOUT  ] 2018-02-19T13:13:15.855958042Z: [   18.403849] CPU feature 'AVX registers' is not supported.
[STDOUT  ] 2018-02-19T13:13:15.856311221Z: [   18.404196] CPU feature 'AVX registers' is not supported.
[STDOUT  ] 2018-02-19T13:13:15.856667702Z: [   18.404539] AVX2 or AES-NI instructions are not detected.
[STDOUT  ] 2018-02-19T13:13:15.856994592Z: [   18.404899] AVX2 instructions are not detected.
[STDOUT  ] 2018-02-19T13:13:15.867764308Z: [   18.415591] audit: initializing netlink subsys (disabled)
[STDOUT  ] 2018-02-19T13:13:15.870071428Z: [   18.417918] audit: type=2000 audit(1519045993.410:1): initialized
[STDOUT  ] 2018-02-19T13:13:15.886215637Z: [   18.434002] workingset: timestamp_bits=46 max_order=18 bucket_order=0
[STDOUT  ] 2018-02-19T13:13:15.894709082Z: [   18.442544] squashfs: version 4.0 (2009/01/31) Phillip Lougher
[STDOUT  ] 2018-02-19T13:13:15.898619460Z: [   18.446463] FS-Cache: Netfs 'cifs' registered for caching
[STDOUT  ] 2018-02-19T13:13:15.899755731Z: [   18.447676] fuse init (API version 7.26)
[STDOUT  ] 2018-02-19T13:13:15.903781804Z: [   18.451620] SGI XFS with ACLs, security attributes, no debug enabled
[STDOUT  ] 2018-02-19T13:13:15.910460600Z: [   18.458292] 9p: Installing v9fs 9p2000 file system support
[STDOUT  ] 2018-02-19T13:13:15.910933865Z: [   18.458803] FS-Cache: Netfs '9p' registered for caching
[STDOUT  ] 2018-02-19T13:13:15.968313766Z: [   18.516178] NET: Registered protocol family 38
[STDOUT  ] 2018-02-19T13:13:15.968914908Z: [   18.516841] Key type asymmetric registered
[STDOUT  ] 2018-02-19T13:13:15.969287545Z: [   18.517182] Asymmetric key parser 'x509' registered
[STDOUT  ] 2018-02-19T13:13:15.970461294Z: [   18.518236] Block layer SCSI generic (bsg) driver version 0.4 loaded (major 251)
[STDOUT  ] 2018-02-19T13:13:15.972004490Z: [   18.519865] io scheduler noop registered
[STDOUT  ] 2018-02-19T13:13:15.972719181Z: [   18.520615] io scheduler deadline registered (default)
[STDOUT  ] 2018-02-19T13:13:15.974021932Z: [   18.521941] io scheduler cfq registered
[STDOUT  ] 2018-02-19T13:13:15.978470048Z: [   18.526312] pci_hotplug: PCI Hot Plug PCI Core version: 0.5
[STDOUT  ] 2018-02-19T13:13:15.979131692Z: [   18.526925] pciehp: PCI Express Hot Plug Controller Driver version: 0.4
[STDOUT  ] 2018-02-19T13:13:15.980101764Z: [   18.527908] shpchp: Standard Hot Plug PCI Controller Driver version: 0.4
[STDOUT  ] 2018-02-19T13:13:15.980915146Z: [   18.528824] hv_vmbus: registering driver hyperv_fb
[STDOUT  ] 2018-02-19T13:13:15.986988501Z: [   18.534758] input: Power Button as /devices/LNXSYSTM:00/LNXPWRBN:00/input/input0
[STDOUT  ] 2018-02-19T13:13:15.988196214Z: [   18.536133] ACPI: Power Button [PWRF]
[STDOUT  ] 2018-02-19T13:13:15.996899132Z: [   18.544819] GHES: HEST is not enabled!
[STDOUT  ] 2018-02-19T13:13:16.015996676Z: [   18.563807] ACPI: PCI Interrupt Link [GSIG] enabled at IRQ 22
[STDOUT  ] 2018-02-19T13:13:16.037528134Z: [   18.585312] ACPI: PCI Interrupt Link [GSIH] enabled at IRQ 23
[STDOUT  ] 2018-02-19T13:13:16.044594553Z: [   18.592406] xenfs: not registering filesystem on non-xen platform
[STDOUT  ] 2018-02-19T13:13:16.047735189Z: [   18.595477] Serial: 8250/16550 driver, 4 ports, IRQ sharing disabled
[STDOUT  ] 2018-02-19T13:13:16.078717600Z: [   18.626484] 00:04: ttyS0 at I/O 0x3f8 (irq = 4, base_baud = 115200) is a 16550A
[STDOUT  ] 2018-02-19T13:13:16.096765942Z: [   18.644644] Non-volatile memory driver v1.3
[STDOUT  ] 2018-02-19T13:13:16.107545680Z: [   18.655161] Hangcheck: starting hangcheck timer 0.9.1 (tick is 180 seconds, margin is 60 seconds).
[STDOUT  ] 2018-02-19T13:13:16.112895365Z: [   18.660846] random: fast init done
[STDOUT  ] 2018-02-19T13:13:16.114448620Z: [   18.662402] random: crng init done
[STDOUT  ] 2018-02-19T13:13:16.178537445Z: [   18.726457] loop: module loaded
[STDOUT  ] 2018-02-19T13:13:16.208892091Z: [   18.756748] nbd: registered device at major 43
[STDOUT  ] 2018-02-19T13:13:16.284389973Z: [   18.832190] lpc_ich 0000:00:1f.0: I/O space for GPIO uninitialized
[STDOUT  ] 2018-02-19T13:13:16.286889219Z: [   18.834755] VMware PVSCSI driver - version 1.0.7.0-k
[STDOUT  ] 2018-02-19T13:13:16.287811822Z: [   18.835693] hv_vmbus: registering driver hv_storvsc
[STDOUT  ] 2018-02-19T13:13:16.304865293Z: [   18.852670] ACPI: PCI Interrupt Link [GSIA] enabled at IRQ 16
[STDOUT  ] 2018-02-19T13:13:16.316191899Z: [   18.863805] ahci 0000:00:1f.2: AHCI 0001.0000 32 slots 6 ports 1.5 Gbps 0x3f impl SATA mode
[STDOUT  ] 2018-02-19T13:13:16.316723217Z: [   18.864604] ahci 0000:00:1f.2: flags: 64bit ncq only 
[STDOUT  ] 2018-02-19T13:13:16.353096044Z: [   18.901017] scsi host0: ahci
[STDOUT  ] 2018-02-19T13:13:16.359199257Z: [   18.907112] scsi host1: ahci
[STDOUT  ] 2018-02-19T13:13:16.363069663Z: [   18.911043] scsi host2: ahci
[STDOUT  ] 2018-02-19T13:13:16.366680756Z: [   18.914636] scsi host3: ahci
[STDOUT  ] 2018-02-19T13:13:16.370397647Z: [   18.918365] scsi host4: ahci
[STDOUT  ] 2018-02-19T13:13:16.374313103Z: [   18.922275] scsi host5: ahci
[STDOUT  ] 2018-02-19T13:13:16.377464880Z: [   18.925162] ata1: SATA max UDMA/133 abar m4096@0xfebd2000 port 0xfebd2100 irq 24
[STDOUT  ] 2018-02-19T13:13:16.377906638Z: [   18.925688] ata2: SATA max UDMA/133 abar m4096@0xfebd2000 port 0xfebd2180 irq 24
[STDOUT  ] 2018-02-19T13:13:16.378292650Z: [   18.926087] ata3: SATA max UDMA/133 abar m4096@0xfebd2000 port 0xfebd2200 irq 24
[STDOUT  ] 2018-02-19T13:13:16.378692064Z: [   18.926478] ata4: SATA max UDMA/133 abar m4096@0xfebd2000 port 0xfebd2280 irq 24
[STDOUT  ] 2018-02-19T13:13:16.379057252Z: [   18.926875] ata5: SATA max UDMA/133 abar m4096@0xfebd2000 port 0xfebd2300 irq 24
[STDOUT  ] 2018-02-19T13:13:16.379439417Z: [   18.927240] ata6: SATA max UDMA/133 abar m4096@0xfebd2000 port 0xfebd2380 irq 24
[STDOUT  ] 2018-02-19T13:13:16.405037239Z: [   18.952900] tun: Universal TUN/TAP device driver, 1.6
[STDOUT  ] 2018-02-19T13:13:16.405438083Z: [   18.953223] tun: (C) 1999-2004 Max Krasnyansky <maxk@qualcomm.com>
[STDOUT  ] 2018-02-19T13:13:16.422984163Z: [   18.970729] VMware vmxnet3 virtual NIC driver - version 1.4.a.0-k-NAPI
[STDOUT  ] 2018-02-19T13:13:16.423906876Z: [   18.971815] hv_vmbus: registering driver hv_netvsc
[STDOUT  ] 2018-02-19T13:13:16.424251083Z: [   18.972120] Fusion MPT base driver 3.04.20
[STDOUT  ] 2018-02-19T13:13:16.424516095Z: [   18.972426] Copyright (c) 1999-2008 LSI Corporation
[STDOUT  ] 2018-02-19T13:13:16.425543845Z: [   18.973113] Fusion MPT SPI Host driver 3.04.20
[STDOUT  ] 2018-02-19T13:13:16.428518021Z: [   18.976291] i8042: PNP: PS/2 Controller [PNP0303:KBD,PNP0f13:MOU] at 0x60,0x64 irq 1,12
[STDOUT  ] 2018-02-19T13:13:16.435219031Z: [   18.982923] serio: i8042 KBD port at 0x60,0x64 irq 1
[STDOUT  ] 2018-02-19T13:13:16.435953069Z: [   18.983828] serio: i8042 AUX port at 0x60,0x64 irq 12
[STDOUT  ] 2018-02-19T13:13:16.439581211Z: [   18.987435] hv_vmbus: registering driver hyperv_keyboard
[STDOUT  ] 2018-02-19T13:13:16.444531863Z: [   18.992379] mousedev: PS/2 mouse device common for all mice
[STDOUT  ] 2018-02-19T13:13:16.455108238Z: [   19.002906] input: PC Speaker as /devices/platform/pcspkr/input/input2
[STDOUT  ] 2018-02-19T13:13:16.456761503Z: [   19.004424] input: AT Translated Set 2 keyboard as /devices/platform/i8042/serio0/input/input1
[STDOUT  ] 2018-02-19T13:13:16.461442469Z: [   19.009325] rtc_cmos 00:00: RTC can wake from S4
[STDOUT  ] 2018-02-19T13:13:16.468808335Z: [   19.016630] rtc_cmos 00:00: rtc core: registered rtc_cmos as rtc0
[STDOUT  ] 2018-02-19T13:13:16.470419632Z: [   19.018157] rtc_cmos 00:00: alarms up to one day, y3k, 114 bytes nvram, hpet irqs
[STDOUT  ] 2018-02-19T13:13:16.470969098Z: [   19.018914] i2c /dev entries driver
[STDOUT  ] 2018-02-19T13:13:16.474364916Z: [   19.022066] device-mapper: ioctl: 4.35.0-ioctl (2016-06-23) initialised: dm-devel@redhat.com
[STDOUT  ] 2018-02-19T13:13:16.482018059Z: [   19.029794] usbcore: registered new interface driver usbhid
[STDOUT  ] 2018-02-19T13:13:16.482505979Z: [   19.030430] usbhid: USB HID core driver
[STDOUT  ] 2018-02-19T13:13:16.483460329Z: [   19.031346] hv_utils: Registering HyperV Utility Driver
[STDOUT  ] 2018-02-19T13:13:16.483717980Z: [   19.031645] hv_vmbus: registering driver hv_util
[STDOUT  ] 2018-02-19T13:13:16.483999851Z: [   19.031903] hv_vmbus: registering driver hv_balloon
[STDOUT  ] 2018-02-19T13:13:16.484512975Z: [   19.032448] oprofile: using NMI interrupt.
[STDOUT  ] 2018-02-19T13:13:16.486296741Z: [   19.034261] GACT probability on
[STDOUT  ] 2018-02-19T13:13:16.486829982Z: [   19.034780] Mirror/redirect action on
[STDOUT  ] 2018-02-19T13:13:16.488035694Z: [   19.035976] Simple TC action Loaded
[STDOUT  ] 2018-02-19T13:13:16.488804374Z: [   19.036799] u32 classifier
[STDOUT  ] 2018-02-19T13:13:16.489033524Z: [   19.036982]     Performance counters on
[STDOUT  ] 2018-02-19T13:13:16.489250227Z: [   19.037209]     input device check on
[STDOUT  ] 2018-02-19T13:13:16.489451055Z: [   19.037426]     Actions configured
[STDOUT  ] 2018-02-19T13:13:16.490202437Z: [   19.038097] Netfilter messages via NETLINK v0.30.
[STDOUT  ] 2018-02-19T13:13:16.490876225Z: [   19.038770] nfnl_acct: registering with nfnetlink.
[STDOUT  ] 2018-02-19T13:13:16.493180819Z: [   19.041032] nf_conntrack version 0.5.0 (8192 buckets, 32768 max)
[STDOUT  ] 2018-02-19T13:13:16.498194773Z: [   19.046059] ctnetlink v0.93: registering with nfnetlink.
[STDOUT  ] 2018-02-19T13:13:16.503703469Z: [   19.051503] nf_tables: (c) 2007-2009 Patrick McHardy <kaber@trash.net>
[STDOUT  ] 2018-02-19T13:13:16.504674032Z: [   19.052485] nf_tables_compat: (c) 2012 Pablo Neira Ayuso <pablo@netfilter.org>
[STDOUT  ] 2018-02-19T13:13:16.508291040Z: [   19.056203] xt_time: kernel timezone is -0000
[STDOUT  ] 2018-02-19T13:13:16.508831135Z: [   19.056798] ip_set: protocol 6
[STDOUT  ] 2018-02-19T13:13:16.509897619Z: [   19.057740] IPVS: Registered protocols (TCP, UDP, SCTP, AH, ESP)
[STDOUT  ] 2018-02-19T13:13:16.510591245Z: [   19.058377] IPVS: Connection hash table configured (size=4096, memory=64Kbytes)
[STDOUT  ] 2018-02-19T13:13:16.513503014Z: [   19.061411] IPVS: Creating netns size=2104 id=0
[STDOUT  ] 2018-02-19T13:13:16.518197684Z: [   19.066139] IPVS: ipvs loaded.
[STDOUT  ] 2018-02-19T13:13:16.518625514Z: [   19.066539] IPVS: [rr] scheduler registered.
[STDOUT  ] 2018-02-19T13:13:16.518936840Z: [   19.066861] IPVS: [wrr] scheduler registered.
[STDOUT  ] 2018-02-19T13:13:16.519204068Z: [   19.067116] IPVS: [lc] scheduler registered.
[STDOUT  ] 2018-02-19T13:13:16.519456083Z: [   19.067386] IPVS: [wlc] scheduler registered.
[STDOUT  ] 2018-02-19T13:13:16.519752521Z: [   19.067639] IPVS: [fo] scheduler registered.
[STDOUT  ] 2018-02-19T13:13:16.520005286Z: [   19.067936] IPVS: [ovf] scheduler registered.
[STDOUT  ] 2018-02-19T13:13:16.520494485Z: [   19.068395] IPVS: [lblc] scheduler registered.
[STDOUT  ] 2018-02-19T13:13:16.520918247Z: [   19.068830] IPVS: [lblcr] scheduler registered.
[STDOUT  ] 2018-02-19T13:13:16.521195781Z: [   19.069124] IPVS: [dh] scheduler registered.
[STDOUT  ] 2018-02-19T13:13:16.521431673Z: [   19.069376] IPVS: [sh] scheduler registered.
[STDOUT  ] 2018-02-19T13:13:16.521692637Z: [   19.069618] IPVS: [sed] scheduler registered.
[STDOUT  ] 2018-02-19T13:13:16.521983315Z: [   19.069866] IPVS: [nq] scheduler registered.
[STDOUT  ] 2018-02-19T13:13:16.523441451Z: [   19.071322] IPVS: ftp: loaded support on port[0] = 21
[STDOUT  ] 2018-02-19T13:13:16.524476448Z: [   19.072331] ipip: IPv4 and MPLS over IPv4 tunneling driver
[STDOUT  ] 2018-02-19T13:13:16.531379522Z: [   19.079245] gre: GRE over IPv4 demultiplexor driver
[STDOUT  ] 2018-02-19T13:13:16.536306899Z: [   19.084155] ip_tables: (C) 2000-2006 Netfilter Core Team
[STDOUT  ] 2018-02-19T13:13:16.541668049Z: [   19.089417] ipt_CLUSTERIP: ClusterIP Version 0.8 loaded successfully
[STDOUT  ] 2018-02-19T13:13:16.542949178Z: [   19.090788] arp_tables: arp_tables: (C) 2002 David S. Miller
[STDOUT  ] 2018-02-19T13:13:16.547262975Z: [   19.095134] NET: Registered protocol family 10
[STDOUT  ] 2018-02-19T13:13:16.563990289Z: [   19.111822] ip6_tables: (C) 2000-2006 Netfilter Core Team
[STDOUT  ] 2018-02-19T13:13:16.578458486Z: [   19.126312] NET: Registered protocol family 17
[STDOUT  ] 2018-02-19T13:13:16.579822793Z: [   19.127735] Bridge firewalling registered
[STDOUT  ] 2018-02-19T13:13:16.580396215Z: [   19.128351] Ebtables v2.0 registered
[STDOUT  ] 2018-02-19T13:13:16.583997629Z: [   19.131900] 8021q: 802.1Q VLAN Support v1.8
[STDOUT  ] 2018-02-19T13:13:16.587667257Z: [   19.134485] 9pnet: Installing 9P2000 support
[STDOUT  ] 2018-02-19T13:13:16.603009833Z: [   19.146159] Key type dns_resolver registered
[STDOUT  ] 2018-02-19T13:13:16.610625215Z: [   19.158075] registered taskstats version 1
[STDOUT  ] 2018-02-19T13:13:16.715068862Z: [   19.262850] ata2: SATA link down (SStatus 0 SControl 300)
[STDOUT  ] 2018-02-19T13:13:16.718434208Z: [   19.266251] ata1: SATA link up 1.5 Gbps (SStatus 113 SControl 300)
[STDOUT  ] 2018-02-19T13:13:16.722543110Z: [   19.270373] ata3: SATA link up 1.5 Gbps (SStatus 113 SControl 300)
[STDOUT  ] 2018-02-19T13:13:16.725187738Z: [   19.273045] ata3.00: ATAPI: QEMU DVD-ROM, 2.5+, max UDMA/100
[STDOUT  ] 2018-02-19T13:13:16.725642759Z: [   19.273575] ata3.00: applying bridge limits
[STDOUT  ] 2018-02-19T13:13:16.727742419Z: [   19.275614] ata4: SATA link down (SStatus 0 SControl 300)
[STDOUT  ] 2018-02-19T13:13:16.728910169Z: [   19.276760] ata1.00: ATA-7: QEMU HARDDISK, 2.5+, max UDMA/100
[STDOUT  ] 2018-02-19T13:13:16.729277364Z: [   19.277121] ata1.00: 524288 sectors, multi 16: LBA48 NCQ (depth 31/32)
[STDOUT  ] 2018-02-19T13:13:16.729663771Z: [   19.277596] ata1.00: applying bridge limits
[STDOUT  ] 2018-02-19T13:13:16.731023769Z: [   19.278941] ata1.00: configured for UDMA/100
[STDOUT  ] 2018-02-19T13:13:16.734406178Z: [   19.282266] ata6: SATA link down (SStatus 0 SControl 300)
[STDOUT  ] 2018-02-19T13:13:16.735783325Z: [   19.283598] ata5: SATA link down (SStatus 0 SControl 300)
[STDOUT  ] 2018-02-19T13:13:16.758748686Z: [   19.306638] ata3.00: configured for UDMA/100
[STDOUT  ] 2018-02-19T13:13:16.775707550Z: [   19.323356] scsi 0:0:0:0: Direct-Access     ATA      QEMU HARDDISK    2.5+ PQ: 0 ANSI: 5
[STDOUT  ] 2018-02-19T13:13:16.796925693Z: [   19.344661] sd 0:0:0:0: [sda] 524288 512-byte logical blocks: (268 MB/256 MiB)
[STDOUT  ] 2018-02-19T13:13:16.808178875Z: [   19.355953] sd 0:0:0:0: Attached scsi generic sg0 type 0
[STDOUT  ] 2018-02-19T13:13:16.826382820Z: [   19.374105] scsi 2:0:0:0: CD-ROM            QEMU     QEMU DVD-ROM     2.5+ PQ: 0 ANSI: 5
[STDOUT  ] 2018-02-19T13:13:16.832988660Z: [   19.380854] sd 0:0:0:0: [sda] Write Protect is off
[STDOUT  ] 2018-02-19T13:13:16.834895907Z: [   19.382565] sd 0:0:0:0: [sda] Write cache: enabled, read cache: enabled, doesn't support DPO or FUA
[STDOUT  ] 2018-02-19T13:13:16.846514926Z: [   19.394274] sr 2:0:0:0: [sr0] scsi3-mmc drive: 4x/4x cd/rw xa/form2 tray
[STDOUT  ] 2018-02-19T13:13:16.847063841Z: [   19.394952] cdrom: Uniform CD-ROM driver Revision: 3.20
[STDOUT  ] 2018-02-19T13:13:16.887510330Z: [   19.435282] sr 2:0:0:0: Attached scsi generic sg1 type 5
[STDOUT  ] 2018-02-19T13:13:16.892994638Z: [   19.440813] tsc: Refined TSC clocksource calibration: 2300.040 MHz
[STDOUT  ] 2018-02-19T13:13:16.893728057Z: [   19.441351] clocksource: tsc: mask: 0xffffffffffffffff max_cycles: 0x21275af87f5, max_idle_ns: 440795281647 ns
[STDOUT  ] 2018-02-19T13:13:16.927172685Z: [   19.475002] sd 0:0:0:0: [sda] Attached SCSI disk
[STDOUT  ] 2018-02-19T13:13:17.093811704Z: [   19.641706] Key type big_key registered
[STDOUT  ] 2018-02-19T13:13:17.317796050Z: [   19.865672] Key type encrypted registered
[STDOUT  ] 2018-02-19T13:13:17.325215279Z: [   19.872954] rtc_cmos 00:00: setting system clock to 2018-02-19 13:13:16 UTC (1519045996)
[STDOUT  ] 2018-02-19T13:13:17.598137312Z: [   20.145966] Freeing unused kernel memory: 1404K
[STDOUT  ] 2018-02-19T13:13:17.598537374Z: [   20.146390] Write protecting the kernel read-only data: 12288k
[STDOUT  ] 2018-02-19T13:13:17.610178936Z: [   20.158055] Freeing unused kernel memory: 124K
[STDOUT  ] 2018-02-19T13:13:17.767220562Z: [   20.315054] Freeing unused kernel memory: 1396K
[STDOUT  ] 2018-02-19T13:13:17.912209398Z: [   20.459955] clocksource: Switched to clocksource tsc
[STDOUT  ] 2018-02-19T13:13:39.856919077Z: 
[STDOUT  ] 2018-02-19T13:13:39.857582488Z: Welcome to LinuxKit
[STDOUT  ] 2018-02-19T13:13:39.857673484Z: 
[STDOUT  ] 2018-02-19T13:13:39.857986303Z:                         ##         .
[STDOUT  ] 2018-02-19T13:13:39.858312242Z:                   ## ## ##        ==
[STDOUT  ] 2018-02-19T13:13:39.858626518Z:                ## ## ## ## ##    ===
[STDOUT  ] 2018-02-19T13:13:39.858935774Z:            /"""""""""""""""""\___/ ===
[STDOUT  ] 2018-02-19T13:13:39.859263410Z:           {                       /  ===-
[STDOUT  ] 2018-02-19T13:13:39.859561459Z:            \______ O           __/
[STDOUT  ] 2018-02-19T13:13:39.859834376Z:              \    \         __/
[STDOUT  ] 2018-02-19T13:13:39.860106993Z:               \____\_______/
[STDOUT  ] 2018-02-19T13:13:39.860189804Z: 
[STDOUT  ] 2018-02-19T13:13:41.968787217Z: [   44.516621] IPVS: Creating netns size=2104 id=1
[STDOUT  ] 2018-02-19T13:13:41.969242531Z: [   44.517103] IPVS: ftp: loaded support on port[0] = 21
[STDOUT  ] 2018-02-19T13:13:43.373822021Z: 2018/02/19 13:13:41 Creating partition on /dev/sda
[STDOUT  ] 2018-02-19T13:13:43.569609882Z: [   46.117171]  sda:
[STDOUT  ] 2018-02-19T13:13:43.680715991Z: [   46.228282]  sda:
[STDOUT  ] 2018-02-19T13:13:43.795844038Z: [   46.343341]  sda: sda1
[STDOUT  ] 2018-02-19T13:13:43.917159748Z: [   46.464652]  sda: sda1
[STDOUT  ] 2018-02-19T13:13:45.905012557Z: [   48.451899] mkfs.xfs: sending ioctl 1261 to a partition!
[STDOUT  ] 2018-02-19T13:13:45.916243643Z: 2018/02/19 13:13:44 Partition /dev/sda1 successfully created!
[STDOUT  ] 2018-02-19T13:13:47.009160230Z: [   49.556302] IPVS: Creating netns size=2104 id=2
[STDOUT  ] 2018-02-19T13:13:47.010373558Z: [   49.557509] IPVS: ftp: loaded support on port[0] = 21
[STDOUT  ] 2018-02-19T13:13:49.501060606Z: [   52.046831] FAT-fs (sda1): utf8 is not a recommended IO charset for FAT filesystems, filesystem will be case sensitive!
[STDOUT  ] 2018-02-19T13:13:49.509542538Z: [   52.055367] FAT-fs (sda1): utf8 is not a recommended IO charset for FAT filesystems, filesystem will be case sensitive!
[STDOUT  ] 2018-02-19T13:13:49.516112016Z: [   52.063116] mount: sending ioctl 5310 to a partition!
[STDOUT  ] 2018-02-19T13:13:49.567964297Z: [   52.114970] mount: sending ioctl 5310 to a partition!
[STDOUT  ] 2018-02-19T13:13:49.571080767Z: [   52.117626] UDF-fs: warning (device sda1): udf_fill_super: No partition found (2)
[STDOUT  ] 2018-02-19T13:13:49.598876838Z: [   52.145961] XFS (sda1): Mounting V5 Filesystem
[STDERR  ] 2018-02-19T13:13:49.633550680Z: main-loop: WARNING: I/O thread spun for 1000 iterations
[STDOUT  ] 2018-02-19T13:13:49.656826992Z: [   52.203980] XFS (sda1): Ending clean mount
[STDOUT  ] 2018-02-19T13:14:04.589637896Z: [   67.137383] sd 0:0:0:0: [sda] Synchronizing SCSI cache
[STDOUT  ] 2018-02-19T13:14:04.590381964Z: [   67.138212] sd 0:0:0:0: [sda] Stopping disk
[STDOUT  ] 2018-02-19T13:14:04.593466332Z: [   67.141244] ACPI: Preparing to enter system sleep state S5
[STDOUT  ] 2018-02-19T13:14:04.594410920Z: [   67.142303] reboot: Power down
[STDERR  ] 2018-02-19T13:14:04.758892053Z: + [ -f disk.img ]
[STDERR  ] 2018-02-19T13:14:04.758964931Z: + dd if=/dev/zero bs=1048576 count=256
[STDERR  ] 2018-02-19T13:14:04.970001315Z: 256+0 records in
[STDERR  ] 2018-02-19T13:14:04.970043018Z: 256+0 records out
[STDERR  ] 2018-02-19T13:14:04.970570286Z: + linuxkit build -format kernel+initrd -name extend-xfs test.yml
[STDERR  ] 2018-02-19T13:14:05.000101061Z: Extract kernel image: linuxkit/kernel:4.9.81
[STDERR  ] 2018-02-19T13:14:06.051816741Z: time="2018-02-19T13:14:06Z" level=warning msg="certificate with CN Justin Cormack is near expiry"
[STDERR  ] 2018-02-19T13:14:06.052133542Z: time="2018-02-19T13:14:06Z" level=warning msg="certificate with CN  is near expiry"
[STDERR  ] 2018-02-19T13:14:06.052386356Z: time="2018-02-19T13:14:06Z" level=warning msg="certificate with CN  is near expiry"
[STDERR  ] 2018-02-19T13:14:06.052649872Z: time="2018-02-19T13:14:06Z" level=warning msg="certificate with CN avi@atomicinc.com is near expiry"
[STDERR  ] 2018-02-19T13:14:06.052916671Z: time="2018-02-19T13:14:06Z" level=warning msg="certificate with CN Ian Campbell is near expiry"
[STDERR  ] 2018-02-19T13:14:06.251376941Z: time="2018-02-19T13:14:06Z" level=warning msg="certificate with CN Justin Cormack is near expiry"
[STDERR  ] 2018-02-19T13:14:10.617586109Z: Add init containers:
[STDERR  ] 2018-02-19T13:14:10.618129003Z: Process init image: linuxkit/init:d899eee3560a40aa3b4bdd67b3bb82703714b2b9
[STDERR  ] 2018-02-19T13:14:11.554000459Z: time="2018-02-19T13:14:11Z" level=warning msg="certificate with CN  is near expiry"
[STDERR  ] 2018-02-19T13:14:11.554261324Z: time="2018-02-19T13:14:11Z" level=warning msg="certificate with CN  is near expiry"
[STDERR  ] 2018-02-19T13:14:11.554425513Z: time="2018-02-19T13:14:11Z" level=warning msg="certificate with CN avi@atomicinc.com is near expiry"
[STDERR  ] 2018-02-19T13:14:11.554601213Z: time="2018-02-19T13:14:11Z" level=warning msg="certificate with CN Ian Campbell is near expiry"
[STDERR  ] 2018-02-19T13:14:11.554871252Z: time="2018-02-19T13:14:11Z" level=warning msg="certificate with CN Justin Cormack is near expiry"
[STDERR  ] 2018-02-19T13:14:11.559697913Z: time="2018-02-19T13:14:11Z" level=warning msg="certificate with CN Justin Cormack is near expiry"
[STDERR  ] 2018-02-19T13:14:11.561409141Z: time="2018-02-19T13:14:11Z" level=warning msg="certificate with CN  is near expiry"
[STDERR  ] 2018-02-19T13:14:11.561583336Z: time="2018-02-19T13:14:11Z" level=warning msg="certificate with CN Ian Campbell is near expiry"
[STDERR  ] 2018-02-19T13:14:12.745888704Z: Process init image: linuxkit/runc:7c39a68490a12cde830e1922f171c451fb08e731
[STDERR  ] 2018-02-19T13:14:13.716489628Z: time="2018-02-19T13:14:13Z" level=warning msg="certificate with CN Justin Cormack is near expiry"
[STDERR  ] 2018-02-19T13:14:13.716815736Z: time="2018-02-19T13:14:13Z" level=warning msg="certificate with CN  is near expiry"
[STDERR  ] 2018-02-19T13:14:13.716975846Z: time="2018-02-19T13:14:13Z" level=warning msg="certificate with CN  is near expiry"
[STDERR  ] 2018-02-19T13:14:13.717147709Z: time="2018-02-19T13:14:13Z" level=warning msg="certificate with CN avi@atomicinc.com is near expiry"
[STDERR  ] 2018-02-19T13:14:13.717317550Z: time="2018-02-19T13:14:13Z" level=warning msg="certificate with CN Ian Campbell is near expiry"
[STDERR  ] 2018-02-19T13:14:13.719969951Z: time="2018-02-19T13:14:13Z" level=warning msg="certificate with CN Justin Cormack is near expiry"
[STDERR  ] 2018-02-19T13:14:13.722707835Z: time="2018-02-19T13:14:13Z" level=warning msg="certificate with CN  is near expiry"
[STDERR  ] 2018-02-19T13:14:13.723061303Z: time="2018-02-19T13:14:13Z" level=warning msg="certificate with CN Ian Campbell is near expiry"
[STDERR  ] 2018-02-19T13:14:14.813776718Z: Add onboot containers:
[STDERR  ] 2018-02-19T13:14:14.815357888Z:   Create OCI config for linuxkit/extend:v0.2
[STDERR  ] 2018-02-19T13:14:15.822373837Z: time="2018-02-19T13:14:15Z" level=warning msg="certificate with CN Moby CI is near expiry"
[STDERR  ] 2018-02-19T13:14:15.822455991Z: time="2018-02-19T13:14:15Z" level=warning msg="certificate with CN  is near expiry"
[STDERR  ] 2018-02-19T13:14:15.822618268Z: time="2018-02-19T13:14:15Z" level=warning msg="certificate with CN Justin Cormack is near expiry"
[STDERR  ] 2018-02-19T13:14:15.822829260Z: time="2018-02-19T13:14:15Z" level=warning msg="certificate with CN Rolf Neugebauer is near expiry"
[STDERR  ] 2018-02-19T13:14:15.822969822Z: time="2018-02-19T13:14:15Z" level=warning msg="certificate with CN Ian Campbell is near expiry"
[STDERR  ] 2018-02-19T13:14:15.823101110Z: time="2018-02-19T13:14:15Z" level=warning msg="certificate with CN  is near expiry"
[STDERR  ] 2018-02-19T13:14:15.824405114Z: time="2018-02-19T13:14:15Z" level=warning msg="certificate with CN  is near expiry"
[STDERR  ] 2018-02-19T13:14:15.824541317Z: time="2018-02-19T13:14:15Z" level=warning msg="certificate with CN Ian Campbell is near expiry"
[STDERR  ] 2018-02-19T13:14:15.825991827Z: time="2018-02-19T13:14:15Z" level=warning msg="certificate with CN Rolf Neugebauer is near expiry"
[STDERR  ] 2018-02-19T13:14:17.025125099Z:   Create OCI config for linuxkit/mount:v0.2
[STDERR  ] 2018-02-19T13:14:18.071167755Z: time="2018-02-19T13:14:18Z" level=warning msg="certificate with CN Justin Cormack is near expiry"
[STDERR  ] 2018-02-19T13:14:18.074709431Z: time="2018-02-19T13:14:18Z" level=warning msg="certificate with CN Rolf Neugebauer is near expiry"
[STDERR  ] 2018-02-19T13:14:18.074859943Z: time="2018-02-19T13:14:18Z" level=warning msg="certificate with CN  is near expiry"
[STDERR  ] 2018-02-19T13:14:18.075021553Z: time="2018-02-19T13:14:18Z" level=warning msg="certificate with CN  is near expiry"
[STDERR  ] 2018-02-19T13:14:18.075161893Z: time="2018-02-19T13:14:18Z" level=warning msg="certificate with CN avi@atomicinc.com is near expiry"
[STDERR  ] 2018-02-19T13:14:18.075301276Z: time="2018-02-19T13:14:18Z" level=warning msg="certificate with CN Ian Campbell is near expiry"
[STDERR  ] 2018-02-19T13:14:18.076979230Z: time="2018-02-19T13:14:18Z" level=warning msg="certificate with CN Justin Cormack is near expiry"
[STDERR  ] 2018-02-19T13:14:18.078237995Z: time="2018-02-19T13:14:18Z" level=warning msg="certificate with CN Rolf Neugebauer is near expiry"
[STDERR  ] 2018-02-19T13:14:18.079206190Z: time="2018-02-19T13:14:18Z" level=warning msg="certificate with CN Ian Campbell is near expiry"
[STDERR  ] 2018-02-19T13:14:18.079335560Z: time="2018-02-19T13:14:18Z" level=warning msg="certificate with CN  is near expiry"
[STDERR  ] 2018-02-19T13:14:19.661174087Z:   Create OCI config for alpine:3.7
[STDERR  ] 2018-02-19T13:14:21.394437552Z:   Create OCI config for linuxkit/poweroff:f9a0a5e52fd2a97908bda33db2afffafe4a6a67d
[STDERR  ] 2018-02-19T13:14:22.406030090Z: time="2018-02-19T13:14:22Z" level=warning msg="certificate with CN avi@atomicinc.com is near expiry"
[STDERR  ] 2018-02-19T13:14:22.406119616Z: time="2018-02-19T13:14:22Z" level=warning msg="certificate with CN Ian Campbell is near expiry"
[STDERR  ] 2018-02-19T13:14:22.406292436Z: time="2018-02-19T13:14:22Z" level=warning msg="certificate with CN Justin Cormack is near expiry"
[STDERR  ] 2018-02-19T13:14:22.413593219Z: time="2018-02-19T13:14:22Z" level=warning msg="certificate with CN Rolf Neugebauer is near expiry"
[STDERR  ] 2018-02-19T13:14:22.413912574Z: time="2018-02-19T13:14:22Z" level=warning msg="certificate with CN  is near expiry"
[STDERR  ] 2018-02-19T13:14:22.414274742Z: time="2018-02-19T13:14:22Z" level=warning msg="certificate with CN  is near expiry"
[STDERR  ] 2018-02-19T13:14:22.419947250Z: time="2018-02-19T13:14:22Z" level=warning msg="certificate with CN Rolf Neugebauer is near expiry"
[STDERR  ] 2018-02-19T13:14:22.421483175Z: time="2018-02-19T13:14:22Z" level=warning msg="certificate with CN  is near expiry"
[STDERR  ] 2018-02-19T13:14:22.421599293Z: time="2018-02-19T13:14:22Z" level=warning msg="certificate with CN Ian Campbell is near expiry"
[STDERR  ] 2018-02-19T13:14:23.014716758Z: Add files:
[STDERR  ] 2018-02-19T13:14:23.014782562Z:   check.sh
[STDERR  ] 2018-02-19T13:14:23.014804432Z: Create outputs:
[STDERR  ] 2018-02-19T13:14:31.122024777Z:   extend-xfs-kernel extend-xfs-initrd.img extend-xfs-cmdline
[STDERR  ] 2018-02-19T13:14:31.492078738Z: + linuxkit run -disk file=disk.img extend-xfs
[STDERR  ] 2018-02-19T13:14:31.523917609Z: Using existing disk [disk.img] format 
[STDERR  ] 2018-02-19T13:14:31.563916182Z: WARNING: Image format was not specified for 'disk.img' and probing guessed raw.
[STDERR  ] 2018-02-19T13:14:31.563981750Z:          Automatically detecting the format is dangerous for raw images, write operations on block 0 will be restricted.
[STDERR  ] 2018-02-19T13:14:31.564009621Z:          Specify the 'raw' format explicitly to remove the restrictions.
[STDERR  ] 2018-02-19T13:15:23.073622261Z: main-loop: WARNING: I/O thread spun for 1000 iterations
[STDERR  ] 2018-02-19T13:15:46.228637564Z: + RESULT=[    0.000000] Linux version 4.9.81-linuxkit (root@131493a180c4) (gcc version 6.4.0 (Alpine 6.4.0) ) #1 SMP Tue Feb 13 18:31:25 UTC 2018
[STDERR  ] 2018-02-19T13:15:46.228711539Z: [    0.000000] Command line: console=ttyS0 console=ttyAMA0
[STDERR  ] 2018-02-19T13:15:46.228731664Z: [    0.000000] x86/fpu: Legacy x87 FPU detected.
[STDERR  ] 2018-02-19T13:15:46.228750196Z: [    0.000000] x86/fpu: Using 'eager' FPU context switches.
[STDERR  ] 2018-02-19T13:15:46.228768709Z: [    0.000000] e820: BIOS-provided physical RAM map:
[STDERR  ] 2018-02-19T13:15:46.228787343Z: [    0.000000] BIOS-e820: [mem 0x0000000000000000-0x000000000009fbff] usable
[STDERR  ] 2018-02-19T13:15:46.228806289Z: [    0.000000] BIOS-e820: [mem 0x000000000009fc00-0x000000000009ffff] reserved
[STDERR  ] 2018-02-19T13:15:46.228824335Z: [    0.000000] BIOS-e820: [mem 0x00000000000f0000-0x00000000000fffff] reserved
[STDERR  ] 2018-02-19T13:15:46.228842090Z: [    0.000000] BIOS-e820: [mem 0x0000000000100000-0x000000003ffdefff] usable
[STDERR  ] 2018-02-19T13:15:46.228859850Z: [    0.000000] BIOS-e820: [mem 0x000000003ffdf000-0x000000003fffffff] reserved
[STDERR  ] 2018-02-19T13:15:46.228895788Z: [    0.000000] BIOS-e820: [mem 0x00000000b0000000-0x00000000bfffffff] reserved
[STDERR  ] 2018-02-19T13:15:46.228913788Z: [    0.000000] BIOS-e820: [mem 0x00000000fed1c000-0x00000000fed1ffff] reserved
[STDERR  ] 2018-02-19T13:15:46.228931073Z: [    0.000000] BIOS-e820: [mem 0x00000000fffc0000-0x00000000ffffffff] reserved
[STDERR  ] 2018-02-19T13:15:46.228948602Z: [    0.000000] NX (Execute Disable) protection: active
[STDERR  ] 2018-02-19T13:15:46.228967082Z: [    0.000000] SMBIOS 2.8 present.
[STDERR  ] 2018-02-19T13:15:46.228984728Z: [    0.000000] Kernel/User page tables isolation: disabled
[STDERR  ] 2018-02-19T13:15:46.229002243Z: [    0.000000] e820: last_pfn = 0x3ffdf max_arch_pfn = 0x400000000
[STDERR  ] 2018-02-19T13:15:46.229019788Z: [    0.000000] x86/PAT: Configuration [0-7]: WB  WC  UC- UC  WB  WC  UC- WT  
[STDERR  ] 2018-02-19T13:15:46.229039084Z: [    0.000000] found SMP MP-table at [mem 0x000f6aa0-0x000f6aaf] mapped at [ffff97bb400f6aa0]
[STDERR  ] 2018-02-19T13:15:46.229057753Z: [    0.000000] RAMDISK: [mem 0x3dea4000-0x3ffcffff]
[STDERR  ] 2018-02-19T13:15:46.229075095Z: [    0.000000] ACPI: Early table checksum verification disabled
[STDERR  ] 2018-02-19T13:15:46.229093019Z: [    0.000000] ACPI: RSDP 0x00000000000F68C0 000014 (v00 BOCHS )
[STDERR  ] 2018-02-19T13:15:46.229110864Z: [    0.000000] ACPI: RSDT 0x000000003FFE2404 000034 (v01 BOCHS  BXPCRSDT 00000001 BXPC 00000001)
[STDERR  ] 2018-02-19T13:15:46.229129017Z: [    0.000000] ACPI: FACP 0x000000003FFE22A4 000074 (v01 BOCHS  BXPCFACP 00000001 BXPC 00000001)
[STDERR  ] 2018-02-19T13:15:46.229147014Z: [    0.000000] ACPI: DSDT 0x000000003FFE0040 002264 (v01 BOCHS  BXPCDSDT 00000001 BXPC 00000001)
[STDERR  ] 2018-02-19T13:15:46.229164282Z: [    0.000000] ACPI: FACS 0x000000003FFE0000 000040
[STDERR  ] 2018-02-19T13:15:46.229181365Z: [    0.000000] ACPI: APIC 0x000000003FFE2318 000078 (v01 BOCHS  BXPCAPIC 00000001 BXPC 00000001)
[STDERR  ] 2018-02-19T13:15:46.229198848Z: [    0.000000] ACPI: HPET 0x000000003FFE2390 000038 (v01 BOCHS  BXPCHPET 00000001 BXPC 00000001)
[STDERR  ] 2018-02-19T13:15:46.229217274Z: [    0.000000] ACPI: MCFG 0x000000003FFE23C8 00003C (v01 BOCHS  BXPCMCFG 00000001 BXPC 00000001)
[STDERR  ] 2018-02-19T13:15:46.229233914Z: [    0.000000] Zone ranges:
[STDERR  ] 2018-02-19T13:15:46.229250678Z: [    0.000000]   DMA      [mem 0x0000000000001000-0x0000000000ffffff]
[STDERR  ] 2018-02-19T13:15:46.229268056Z: [    0.000000]   DMA32    [mem 0x0000000001000000-0x000000003ffdefff]
[STDERR  ] 2018-02-19T13:15:46.229285164Z: [    0.000000]   Normal   empty
[STDERR  ] 2018-02-19T13:15:46.229303385Z: [    0.000000] Movable zone start for each node
[STDERR  ] 2018-02-19T13:15:46.229320879Z: [    0.000000] Early memory node ranges
[STDERR  ] 2018-02-19T13:15:46.229343479Z: [    0.000000]   node   0: [mem 0x0000000000001000-0x000000000009efff]
[STDERR  ] 2018-02-19T13:15:46.229363008Z: [    0.000000]   node   0: [mem 0x0000000000100000-0x000000003ffdefff]
[STDERR  ] 2018-02-19T13:15:46.229379837Z: [    0.000000] Initmem setup node 0 [mem 0x0000000000001000-0x000000003ffdefff]
[STDERR  ] 2018-02-19T13:15:46.229397001Z: [    0.000000] ACPI: PM-Timer IO Port: 0x608
[STDERR  ] 2018-02-19T13:15:46.229413754Z: [    0.000000] ACPI: LAPIC_NMI (acpi_id[0xff] dfl dfl lint[0x1])
[STDERR  ] 2018-02-19T13:15:46.229428151Z: [    0.000000] IOAPIC[0]: apic_id 0, version 32, address 0xfec00000, GSI 0-23
[STDERR  ] 2018-02-19T13:15:46.229450053Z: [    0.000000] ACPI: INT_SRC_OVR (bus 0 bus_irq 0 global_irq 2 dfl dfl)
[STDERR  ] 2018-02-19T13:15:46.229467150Z: [    0.000000] ACPI: INT_SRC_OVR (bus 0 bus_irq 5 global_irq 5 high level)
[STDERR  ] 2018-02-19T13:15:46.229482272Z: [    0.000000] ACPI: INT_SRC_OVR (bus 0 bus_irq 9 global_irq 9 high level)
[STDERR  ] 2018-02-19T13:15:46.229498132Z: [    0.000000] ACPI: INT_SRC_OVR (bus 0 bus_irq 10 global_irq 10 high level)
[STDERR  ] 2018-02-19T13:15:46.229515123Z: [    0.000000] ACPI: INT_SRC_OVR (bus 0 bus_irq 11 global_irq 11 high level)
[STDERR  ] 2018-02-19T13:15:46.229538642Z: [    0.000000] Using ACPI (MADT) for SMP configuration information
[STDERR  ] 2018-02-19T13:15:46.229554354Z: [    0.000000] ACPI: HPET id: 0x8086a201 base: 0xfed00000
[STDERR  ] 2018-02-19T13:15:46.229570494Z: [    0.000000] smpboot: Allowing 1 CPUs, 0 hotplug CPUs
[STDERR  ] 2018-02-19T13:15:46.229585840Z: [    0.000000] e820: [mem 0x40000000-0xafffffff] available for PCI devices
[STDERR  ] 2018-02-19T13:15:46.229601346Z: [    0.000000] Booting paravirtualized kernel on bare hardware
[STDERR  ] 2018-02-19T13:15:46.229619605Z: [    0.000000] clocksource: refined-jiffies: mask: 0xffffffff max_cycles: 0xffffffff, max_idle_ns: 19112604462750000 ns
[STDERR  ] 2018-02-19T13:15:46.229637854Z: [    0.000000] setup_percpu: NR_CPUS:128 nr_cpumask_bits:128 nr_cpu_ids:1 nr_node_ids:1
[STDERR  ] 2018-02-19T13:15:46.229653888Z: [    0.000000] percpu: Embedded 36 pages/cpu @ffff97bb7dc00000 s106904 r8192 d32360 u2097152
[STDERR  ] 2018-02-19T13:15:46.229670006Z: [    0.000000] Built 1 zonelists in Zone order, mobility grouping on.  Total pages: 257896
[STDERR  ] 2018-02-19T13:15:46.236118475Z: [    0.000000] Kernel command line: console=ttyS0 console=ttyAMA0
[STDERR  ] 2018-02-19T13:15:46.236129717Z: [    0.000000] PID hash table entries: 4096 (order: 3, 32768 bytes)
[STDERR  ] 2018-02-19T13:15:46.236139426Z: [    0.000000] Dentry cache hash table entries: 131072 (order: 8, 1048576 bytes)
[STDERR  ] 2018-02-19T13:15:46.236149788Z: [    0.000000] Inode-cache hash table entries: 65536 (order: 7, 524288 bytes)
[STDERR  ] 2018-02-19T13:15:46.236159862Z: [    0.000000] Memory: 980164K/1048052K available (8054K kernel code, 1391K rwdata, 2700K rodata, 1404K init, 564K bss, 67888K reserved, 0K cma-reserved)
[STDERR  ] 2018-02-19T13:15:46.236176201Z: [    0.000000] Hierarchical RCU implementation.
[STDERR  ] 2018-02-19T13:15:46.236185977Z: [    0.000000] 	Build-time adjustment of leaf fanout to 64.
[STDERR  ] 2018-02-19T13:15:46.236196247Z: [    0.000000] 	RCU restricting CPUs from NR_CPUS=128 to nr_cpu_ids=1.
[STDERR  ] 2018-02-19T13:15:46.236206585Z: [    0.000000] RCU: Adjusting geometry for rcu_fanout_leaf=64, nr_cpu_ids=1
[STDERR  ] 2018-02-19T13:15:46.236216972Z: [    0.000000] NR_IRQS:8448 nr_irqs:256 16
[STDERR  ] 2018-02-19T13:15:46.236226702Z: [    0.000000] Console: colour VGA+ 80x25
[STDERR  ] 2018-02-19T13:15:46.236237613Z: [    0.000000] console [ttyS0] enabled
[STDERR  ] 2018-02-19T13:15:46.236248308Z: [    0.000000] clocksource: hpet: mask: 0xffffffff max_cycles: 0xffffffff, max_idle_ns: 19112604467 ns
[STDERR  ] 2018-02-19T13:15:46.236257922Z: [    0.000000] tsc: Unable to calibrate against PIT
[STDERR  ] 2018-02-19T13:15:46.236267703Z: [    0.000000] tsc: using HPET reference calibration
[STDERR  ] 2018-02-19T13:15:46.236277094Z: [    0.000000] tsc: Detected 2300.203 MHz processor
[STDERR  ] 2018-02-19T13:15:46.236292698Z: [    0.052399] Calibrating delay loop (skipped), value calculated using timer frequency.. 4600.40 BogoMIPS (lpj=23002030)
[STDERR  ] 2018-02-19T13:15:46.236304274Z: [    0.054165] pid_max: default: 32768 minimum: 301
[STDERR  ] 2018-02-19T13:15:46.236314150Z: [    0.055866] ACPI: Core revision 20160831
[STDERR  ] 2018-02-19T13:15:46.236325294Z: [    0.132441] ACPI: 1 ACPI AML tables successfully acquired and loaded
[STDERR  ] 2018-02-19T13:15:46.236334952Z: [    0.138116] Security Framework initialized
[STDERR  ] 2018-02-19T13:15:46.236345123Z: [    0.138763] Yama: becoming mindful.
[STDERR  ] 2018-02-19T13:15:46.236354904Z: [    0.142269] Mount-cache hash table entries: 2048 (order: 2, 16384 bytes)
[STDERR  ] 2018-02-19T13:15:46.236365029Z: [    0.143437] Mountpoint-cache hash table entries: 2048 (order: 2, 16384 bytes)
[STDERR  ] 2018-02-19T13:15:46.236374708Z: [    0.177797] Last level iTLB entries: 4KB 0, 2MB 0, 4MB 0
[STDERR  ] 2018-02-19T13:15:46.236385297Z: [    0.178547] Last level dTLB entries: 4KB 0, 2MB 0, 4MB 0, 1GB 0
[STDERR  ] 2018-02-19T13:15:46.236395243Z: [    0.179410] Spectre V2 : LFENCE not serializing. Switching to generic retpoline
[STDERR  ] 2018-02-19T13:15:46.236405624Z: [    0.180111] Spectre V2 : Vulnerable: Minimal generic ASM retpoline
[STDERR  ] 2018-02-19T13:15:46.236419640Z: [    0.180935] Spectre V2 : Filling RSB on context switch
[STDERR  ] 2018-02-19T13:15:46.236431897Z: [    0.808801] Freeing SMP alternatives memory: 20K
[STDERR  ] 2018-02-19T13:15:46.236441731Z: [    0.824091] ftrace: allocating 35563 entries in 139 pages
[STDERR  ] 2018-02-19T13:15:46.236452368Z: [    1.113704] smpboot: Max logical packages: 1
[STDERR  ] 2018-02-19T13:15:46.236462152Z: [    1.125414] ..TIMER: vector=0x30 apic1=0 pin1=2 apic2=-1 pin2=-1
[STDERR  ] 2018-02-19T13:15:46.236471530Z: [    1.230000] smpboot: CPU0: AMD QEMU Virtual CPU version 2.5+ (family: 0x6, model: 0x6, stepping: 0x3)
[STDERR  ] 2018-02-19T13:15:46.236483364Z: [    1.230000] Performance Events: PMU not available due to virtualization, using software events only.
[STDERR  ] 2018-02-19T13:15:46.236492942Z: [    1.250402] NMI watchdog: disabled (cpu0): hardware events not enabled
[STDERR  ] 2018-02-19T13:15:46.236503936Z: [    1.251184] NMI watchdog: Shutting down hard lockup detector on all cpus
[STDERR  ] 2018-02-19T13:15:46.236513357Z: [    1.255400] x86: Booted up 1 node, 1 CPUs
[STDERR  ] 2018-02-19T13:15:46.236523223Z: [    1.256002] smpboot: Total of 1 processors activated (4600.40 BogoMIPS)
[STDERR  ] 2018-02-19T13:15:46.236532879Z: [    1.280947] devtmpfs: initialized
[STDERR  ] 2018-02-19T13:15:46.236543273Z: [    1.289126] x86/mm: Memory block size: 128MB
[STDERR  ] 2018-02-19T13:15:46.236553835Z: [    1.411216] clocksource: jiffies: mask: 0xffffffff max_cycles: 0xffffffff, max_idle_ns: 19112604462750000 ns
[STDERR  ] 2018-02-19T13:15:46.236563698Z: [    1.414281] futex hash table entries: 256 (order: 2, 16384 bytes)
[STDERR  ] 2018-02-19T13:15:46.236576412Z: [    1.430727] NET: Registered protocol family 16
[STDERR  ] 2018-02-19T13:15:46.236587132Z: [    1.447000] cpuidle: using governor ladder
[STDERR  ] 2018-02-19T13:15:46.236596611Z: [    1.447704] cpuidle: using governor menu
[STDERR  ] 2018-02-19T13:15:46.236606995Z: [    1.449542] ACPI: bus type PCI registered
[STDERR  ] 2018-02-19T13:15:46.236616895Z: [    1.454241] PCI: MMCONFIG for domain 0000 [bus 00-ff] at [mem 0xb0000000-0xbfffffff] (base 0xb0000000)
[STDERR  ] 2018-02-19T13:15:46.236626907Z: [    1.455519] PCI: MMCONFIG at [mem 0xb0000000-0xbfffffff] reserved in E820
[STDERR  ] 2018-02-19T13:15:46.236636934Z: [    1.457924] PCI: Using configuration type 1 for base access
[STDERR  ] 2018-02-19T13:15:46.236647271Z: [    1.554859] HugeTLB registered 2 MB page size, pre-allocated 0 pages
[STDERR  ] 2018-02-19T13:15:46.236656674Z: [    1.571057] ACPI: Added _OSI(Module Device)
[STDERR  ] 2018-02-19T13:15:46.236666097Z: [    1.571608] ACPI: Added _OSI(Processor Device)
[STDERR  ] 2018-02-19T13:15:46.236681169Z: [    1.572102] ACPI: Added _OSI(3.0 _SCP Extensions)
[STDERR  ] 2018-02-19T13:15:46.236691572Z: [    1.572613] ACPI: Added _OSI(Processor Aggregator Device)
[STDERR  ] 2018-02-19T13:15:46.236701866Z: [    1.700358] ACPI: Interpreter enabled
[STDERR  ] 2018-02-19T13:15:46.236711758Z: [    1.701662] ACPI: (supports S0 S5)
[STDERR  ] 2018-02-19T13:15:46.236721785Z: [    1.702143] ACPI: Using IOAPIC for interrupt routing
[STDERR  ] 2018-02-19T13:15:46.236731048Z: [    1.705424] PCI: Using host bridge windows from ACPI; if necessary, use "pci=nocrs" and report a bug
[STDERR  ] 2018-02-19T13:15:46.236740831Z: [    1.814641] ACPI: PCI Root Bridge [PCI0] (domain 0000 [bus 00-ff])
[STDERR  ] 2018-02-19T13:15:46.236750252Z: [    1.816316] acpi PNP0A08:00: _OSC: OS supports [ExtendedConfig ASPM ClockPM Segments MSI]
[STDERR  ] 2018-02-19T13:15:46.236760225Z: [    1.825825] acpi PNP0A08:00: _OSC: OS now controls [PCIeHotplug PME PCIeCapability]
[STDERR  ] 2018-02-19T13:15:46.236769698Z: [    1.832285] PCI host bridge to bus 0000:00
[STDERR  ] 2018-02-19T13:15:46.236779343Z: [    1.832993] pci_bus 0000:00: root bus resource [io  0x0000-0x0cf7 window]
[STDERR  ] 2018-02-19T13:15:46.236789270Z: [    1.833769] pci_bus 0000:00: root bus resource [io  0x0d00-0xffff window]
[STDERR  ] 2018-02-19T13:15:46.236801777Z: [    1.834522] pci_bus 0000:00: root bus resource [mem 0x000a0000-0x000bffff window]
[STDERR  ] 2018-02-19T13:15:46.236812233Z: [    1.835340] pci_bus 0000:00: root bus resource [mem 0xc0000000-0xfebfffff window]
[STDERR  ] 2018-02-19T13:15:46.236821728Z: [    1.836376] pci_bus 0000:00: root bus resource [bus 00-ff]
[STDERR  ] 2018-02-19T13:15:46.236831245Z: [    2.014415] pci 0000:00:1f.0: quirk: [io  0x0600-0x067f] claimed by ICH6 ACPI/GPIO/TCO
[STDERR  ] 2018-02-19T13:15:46.236840862Z: [    2.115266] ACPI: PCI Interrupt Link [LNKA] (IRQs 5 *10 11)
[STDERR  ] 2018-02-19T13:15:46.236850847Z: [    2.118475] ACPI: PCI Interrupt Link [LNKB] (IRQs 5 *10 11)
[STDERR  ] 2018-02-19T13:15:46.236863440Z: [    2.121609] ACPI: PCI Interrupt Link [LNKC] (IRQs 5 10 *11)
[STDERR  ] 2018-02-19T13:15:46.236873155Z: [    2.124344] ACPI: PCI Interrupt Link [LNKD] (IRQs 5 10 *11)
[STDERR  ] 2018-02-19T13:15:46.236883692Z: [    2.127119] ACPI: PCI Interrupt Link [LNKE] (IRQs 5 *10 11)
[STDERR  ] 2018-02-19T13:15:46.236892989Z: [    2.129873] ACPI: PCI Interrupt Link [LNKF] (IRQs 5 *10 11)
[STDERR  ] 2018-02-19T13:15:46.236902437Z: [    2.132765] ACPI: PCI Interrupt Link [LNKG] (IRQs 5 10 *11)
[STDERR  ] 2018-02-19T13:15:46.236911874Z: [    2.135575] ACPI: PCI Interrupt Link [LNKH] (IRQs 5 10 *11)
[STDERR  ] 2018-02-19T13:15:46.236921871Z: [    2.137172] ACPI: PCI Interrupt Link [GSIA] (IRQs *16)
[STDERR  ] 2018-02-19T13:15:46.236931272Z: [    2.138201] ACPI: PCI Interrupt Link [GSIB] (IRQs *17)
[STDERR  ] 2018-02-19T13:15:46.236940963Z: [    2.139188] ACPI: PCI Interrupt Link [GSIC] (IRQs *18)
[STDERR  ] 2018-02-19T13:15:46.236950351Z: [    2.140328] ACPI: PCI Interrupt Link [GSID] (IRQs *19)
[STDERR  ] 2018-02-19T13:15:46.236959834Z: [    2.141337] ACPI: PCI Interrupt Link [GSIE] (IRQs *20)
[STDERR  ] 2018-02-19T13:15:46.236969722Z: [    2.142322] ACPI: PCI Interrupt Link [GSIF] (IRQs *21)
[STDERR  ] 2018-02-19T13:15:46.236979480Z: [    2.143311] ACPI: PCI Interrupt Link [GSIG] (IRQs *22)
[STDERR  ] 2018-02-19T13:15:46.236988611Z: [    2.144304] ACPI: PCI Interrupt Link [GSIH] (IRQs *23)
[STDERR  ] 2018-02-19T13:15:46.236997707Z: [    2.150000] ACPI: Enabled 2 GPEs in block 00 to 3F
[STDERR  ] 2018-02-19T13:15:46.237006983Z: [    2.156099] SCSI subsystem initialized
[STDERR  ] 2018-02-19T13:15:46.237016879Z: [    2.160188] ACPI: bus type USB registered
[STDERR  ] 2018-02-19T13:15:46.237026251Z: [    2.162023] usbcore: registered new interface driver usbfs
[STDERR  ] 2018-02-19T13:15:46.237035462Z: [    2.163441] usbcore: registered new interface driver hub
[STDERR  ] 2018-02-19T13:15:46.237044617Z: [    2.164754] usbcore: registered new device driver usb
[STDERR  ] 2018-02-19T13:15:46.237053711Z: [    2.166699] pps_core: LinuxPPS API ver. 1 registered
[STDERR  ] 2018-02-19T13:15:46.237065554Z: [    2.167263] pps_core: Software ver. 5.3.6 - Copyright 2005-2007 Rodolfo Giometti <giometti@linux.it>
[STDERR  ] 2018-02-19T13:15:46.237075258Z: [    2.168445] PTP clock support registered
[STDERR  ] 2018-02-19T13:15:46.237085685Z: [    2.171288] PCI: Using ACPI for IRQ routing
[STDERR  ] 2018-02-19T13:15:46.237095432Z: [    2.202523] NetLabel: Initializing
[STDERR  ] 2018-02-19T13:15:46.237104691Z: [    2.202959] NetLabel:  domain hash size = 128
[STDERR  ] 2018-02-19T13:15:46.237113832Z: [    2.203439] NetLabel:  protocols = UNLABELED CIPSOv4
[STDERR  ] 2018-02-19T13:15:46.237123045Z: [    2.206570] NetLabel:  unlabeled traffic allowed by default
[STDERR  ] 2018-02-19T13:15:46.237132204Z: [    2.208194] wmi: Mapper loaded
[STDERR  ] 2018-02-19T13:15:46.237142300Z: [    2.209496] HPET: 3 timers in total, 0 timers will be used for per-cpu timer
[STDERR  ] 2018-02-19T13:15:46.237151769Z: [    2.210505] hpet0: at MMIO 0xfed00000, IRQs 2, 8, 0
[STDERR  ] 2018-02-19T13:15:46.237161121Z: [    2.211276] hpet0: 3 comparators, 64-bit 100.000000 MHz counter
[STDERR  ] 2018-02-19T13:15:46.237173221Z: [    2.218945] clocksource: Switched to clocksource hpet
[STDERR  ] 2018-02-19T13:15:46.237182505Z: [    2.682275] VFS: Disk quotas dquot_6.6.0
[STDERR  ] 2018-02-19T13:15:46.237194597Z: [    2.683481] VFS: Dquot-cache hash table entries: 512 (order 0, 4096 bytes)
[STDERR  ] 2018-02-19T13:15:46.237204397Z: [    2.688040] FS-Cache: Loaded
[STDERR  ] 2018-02-19T13:15:46.237214325Z: [    2.696345] CacheFiles: Loaded
[STDERR  ] 2018-02-19T13:15:46.237226640Z: [    2.698994] pnp: PnP ACPI init
[STDERR  ] 2018-02-19T13:15:46.237239177Z: [    2.718408] pnp: PnP ACPI: found 5 devices
[STDERR  ] 2018-02-19T13:15:46.237249259Z: [    2.798247] clocksource: acpi_pm: mask: 0xffffff max_cycles: 0xffffff, max_idle_ns: 2085701024 ns
[STDERR  ] 2018-02-19T13:15:46.237259731Z: [    2.803180] NET: Registered protocol family 2
[STDERR  ] 2018-02-19T13:15:46.237270059Z: [    2.815625] TCP established hash table entries: 8192 (order: 4, 65536 bytes)
[STDERR  ] 2018-02-19T13:15:46.237280752Z: [    2.816819] TCP bind hash table entries: 8192 (order: 5, 131072 bytes)
[STDERR  ] 2018-02-19T13:15:46.237290767Z: [    2.817949] TCP: Hash tables configured (established 8192 bind 8192)
[STDERR  ] 2018-02-19T13:15:46.237300372Z: [    2.821075] UDP hash table entries: 512 (order: 2, 16384 bytes)
[STDERR  ] 2018-02-19T13:15:46.237309904Z: [    2.821963] UDP-Lite hash table entries: 512 (order: 2, 16384 bytes)
[STDERR  ] 2018-02-19T13:15:46.237319314Z: [    2.825829] NET: Registered protocol family 1
[STDERR  ] 2018-02-19T13:15:46.237329958Z: [    2.827431] pci 0000:00:01.0: Video device with shadowed ROM at [mem 0x000c0000-0x000dffff]
[STDERR  ] 2018-02-19T13:15:46.237340235Z: [    2.839536] Unpacking initramfs...
[STDERR  ] 2018-02-19T13:15:46.237349663Z: [   18.240919] Freeing initrd memory: 33968K
[STDERR  ] 2018-02-19T13:15:46.237372191Z: [   18.282809] PCLMULQDQ-NI instructions are not detected.
[STDERR  ] 2018-02-19T13:15:46.237394314Z: [   18.284693] AVX or AES-NI instructions are not detected.
[STDERR  ] 2018-02-19T13:15:46.237409286Z: [   18.285426] CPU feature 'AVX registers' is not supported.
[STDERR  ] 2018-02-19T13:15:46.237421913Z: [   18.286096] CPU feature 'AVX registers' is not supported.
[STDERR  ] 2018-02-19T13:15:46.237431694Z: [   18.286751] CPU feature 'AVX registers' is not supported.
[STDERR  ] 2018-02-19T13:15:46.237441293Z: [   18.287521] CPU feature 'AVX registers' is not supported.
[STDERR  ] 2018-02-19T13:15:46.237450763Z: [   18.288179] AVX2 or AES-NI instructions are not detected.
[STDERR  ] 2018-02-19T13:15:46.237460437Z: [   18.288839] AVX2 instructions are not detected.
[STDERR  ] 2018-02-19T13:15:46.237471012Z: [   18.299703] audit: initializing netlink subsys (disabled)
[STDERR  ] 2018-02-19T13:15:46.237480545Z: [   18.303561] audit: type=2000 audit(1519046091.300:1): initialized
[STDERR  ] 2018-02-19T13:15:46.237489917Z: [   18.319209] workingset: timestamp_bits=46 max_order=18 bucket_order=0
[STDERR  ] 2018-02-19T13:15:46.237503200Z: [   18.328069] squashfs: version 4.0 (2009/01/31) Phillip Lougher
[STDERR  ] 2018-02-19T13:15:46.237515414Z: [   18.332715] FS-Cache: Netfs 'cifs' registered for caching
[STDERR  ] 2018-02-19T13:15:46.237524620Z: [   18.334236] fuse init (API version 7.26)
[STDERR  ] 2018-02-19T13:15:46.237533918Z: [   18.337884] SGI XFS with ACLs, security attributes, no debug enabled
[STDERR  ] 2018-02-19T13:15:46.237543528Z: [   18.345185] 9p: Installing v9fs 9p2000 file system support
[STDERR  ] 2018-02-19T13:15:46.237552765Z: [   18.345990] FS-Cache: Netfs '9p' registered for caching
[STDERR  ] 2018-02-19T13:15:46.237561910Z: [   18.402868] NET: Registered protocol family 38
[STDERR  ] 2018-02-19T13:15:46.237571642Z: [   18.403779] Key type asymmetric registered
[STDERR  ] 2018-02-19T13:15:46.237584040Z: [   18.404342] Asymmetric key parser 'x509' registered
[STDERR  ] 2018-02-19T13:15:46.237593243Z: [   18.405620] Block layer SCSI generic (bsg) driver version 0.4 loaded (major 251)
[STDERR  ] 2018-02-19T13:15:46.237604318Z: [   18.407680] io scheduler noop registered
[STDERR  ] 2018-02-19T13:15:46.237613717Z: [   18.408212] io scheduler deadline registered (default)
[STDERR  ] 2018-02-19T13:15:46.237625129Z: [   18.409432] io scheduler cfq registered
[STDERR  ] 2018-02-19T13:15:46.237637845Z: [   18.414835] pci_hotplug: PCI Hot Plug PCI Core version: 0.5
[STDERR  ] 2018-02-19T13:15:46.237647379Z: [   18.415767] pciehp: PCI Express Hot Plug Controller Driver version: 0.4
[STDERR  ] 2018-02-19T13:15:46.237657909Z: [   18.417097] shpchp: Standard Hot Plug PCI Controller Driver version: 0.4
[STDERR  ] 2018-02-19T13:15:46.237667350Z: [   18.418427] hv_vmbus: registering driver hyperv_fb
[STDERR  ] 2018-02-19T13:15:46.237676680Z: [   18.424722] input: Power Button as /devices/LNXSYSTM:00/LNXPWRBN:00/input/input0
[STDERR  ] 2018-02-19T13:15:46.237686684Z: [   18.426488] ACPI: Power Button [PWRF]
[STDERR  ] 2018-02-19T13:15:46.237695925Z: [   18.434615] GHES: HEST is not enabled!
[STDERR  ] 2018-02-19T13:15:46.237706403Z: [   18.453607] ACPI: PCI Interrupt Link [GSIG] enabled at IRQ 22
[STDERR  ] 2018-02-19T13:15:46.237715893Z: [   18.474753] ACPI: PCI Interrupt Link [GSIH] enabled at IRQ 23
[STDERR  ] 2018-02-19T13:15:46.237725251Z: [   18.482063] xenfs: not registering filesystem on non-xen platform
[STDERR  ] 2018-02-19T13:15:46.237734346Z: [   18.485427] Serial: 8250/16550 driver, 4 ports, IRQ sharing disabled
[STDERR  ] 2018-02-19T13:15:46.237743746Z: [   18.516626] 00:04: ttyS0 at I/O 0x3f8 (irq = 4, base_baud = 115200) is a 16550A
[STDERR  ] 2018-02-19T13:15:46.237752799Z: [   18.535110] Non-volatile memory driver v1.3
[STDERR  ] 2018-02-19T13:15:46.237762158Z: [   18.545533] Hangcheck: starting hangcheck timer 0.9.1 (tick is 180 seconds, margin is 60 seconds).
[STDERR  ] 2018-02-19T13:15:46.237771629Z: [   18.551030] random: fast init done
[STDERR  ] 2018-02-19T13:15:46.237781001Z: [   18.553026] random: crng init done
[STDERR  ] 2018-02-19T13:15:46.237790168Z: [   18.615810] loop: module loaded
[STDERR  ] 2018-02-19T13:15:46.237799820Z: [   18.641009] nbd: registered device at major 43
[STDERR  ] 2018-02-19T13:15:46.237809250Z: [   18.717761] lpc_ich 0000:00:1f.0: I/O space for GPIO uninitialized
[STDERR  ] 2018-02-19T13:15:46.237818706Z: [   18.720875] VMware PVSCSI driver - version 1.0.7.0-k
[STDERR  ] 2018-02-19T13:15:46.237827976Z: [   18.722028] hv_vmbus: registering driver hv_storvsc
[STDERR  ] 2018-02-19T13:15:46.237839433Z: [   18.738965] ACPI: PCI Interrupt Link [GSIA] enabled at IRQ 16
[STDERR  ] 2018-02-19T13:15:46.237848716Z: [   18.750022] ahci 0000:00:1f.2: AHCI 0001.0000 32 slots 6 ports 1.5 Gbps 0x3f impl SATA mode
[STDERR  ] 2018-02-19T13:15:46.237858313Z: [   18.751607] ahci 0000:00:1f.2: flags: 64bit ncq only 
[STDERR  ] 2018-02-19T13:15:46.237867384Z: [   18.786225] scsi host0: ahci
[STDERR  ] 2018-02-19T13:15:46.237877474Z: [   18.792672] scsi host1: ahci
[STDERR  ] 2018-02-19T13:15:46.237887643Z: [   18.796506] scsi host2: ahci
[STDERR  ] 2018-02-19T13:15:46.237900012Z: [   18.800433] scsi host3: ahci
[STDERR  ] 2018-02-19T13:15:46.237910124Z: [   18.804113] scsi host4: ahci
[STDERR  ] 2018-02-19T13:15:46.237919607Z: [   18.807919] scsi host5: ahci
[STDERR  ] 2018-02-19T13:15:46.237929029Z: [   18.811203] ata1: SATA max UDMA/133 abar m4096@0xfebd2000 port 0xfebd2100 irq 24
[STDERR  ] 2018-02-19T13:15:46.237943506Z: [   18.812111] ata2: SATA max UDMA/133 abar m4096@0xfebd2000 port 0xfebd2180 irq 24
[STDERR  ] 2018-02-19T13:15:46.237954449Z: [   18.812972] ata3: SATA max UDMA/133 abar m4096@0xfebd2000 port 0xfebd2200 irq 24
[STDERR  ] 2018-02-19T13:15:46.237964862Z: [   18.813784] ata4: SATA max UDMA/133 abar m4096@0xfebd2000 port 0xfebd2280 irq 24
[STDERR  ] 2018-02-19T13:15:46.237975089Z: [   18.814592] ata5: SATA max UDMA/133 abar m4096@0xfebd2000 port 0xfebd2300 irq 24
[STDERR  ] 2018-02-19T13:15:46.237984665Z: [   18.815400] ata6: SATA max UDMA/133 abar m4096@0xfebd2000 port 0xfebd2380 irq 24
[STDERR  ] 2018-02-19T13:15:46.237997922Z: [   18.842712] tun: Universal TUN/TAP device driver, 1.6
[STDERR  ] 2018-02-19T13:15:46.238007425Z: [   18.843362] tun: (C) 1999-2004 Max Krasnyansky <maxk@qualcomm.com>
[STDERR  ] 2018-02-19T13:15:46.238017185Z: [   18.861386] VMware vmxnet3 virtual NIC driver - version 1.4.a.0-k-NAPI
[STDERR  ] 2018-02-19T13:15:46.238029790Z: [   18.862852] hv_vmbus: registering driver hv_netvsc
[STDERR  ] 2018-02-19T13:15:46.238039627Z: [   18.863442] Fusion MPT base driver 3.04.20
[STDERR  ] 2018-02-19T13:15:46.238049341Z: [   18.863918] Copyright (c) 1999-2008 LSI Corporation
[STDERR  ] 2018-02-19T13:15:46.238058960Z: [   18.864825] Fusion MPT SPI Host driver 3.04.20
[STDERR  ] 2018-02-19T13:15:46.238068522Z: [   18.868068] i8042: PNP: PS/2 Controller [PNP0303:KBD,PNP0f13:MOU] at 0x60,0x64 irq 1,12
[STDERR  ] 2018-02-19T13:15:46.238078915Z: [   18.875663] serio: i8042 KBD port at 0x60,0x64 irq 1
[STDERR  ] 2018-02-19T13:15:46.238088425Z: [   18.876639] serio: i8042 AUX port at 0x60,0x64 irq 12
[STDERR  ] 2018-02-19T13:15:46.238098251Z: [   18.880786] hv_vmbus: registering driver hyperv_keyboard
[STDERR  ] 2018-02-19T13:15:46.238107733Z: [   18.885645] mousedev: PS/2 mouse device common for all mice
[STDERR  ] 2018-02-19T13:15:46.238117484Z: [   18.894187] input: AT Translated Set 2 keyboard as /devices/platform/i8042/serio0/input/input1
[STDERR  ] 2018-02-19T13:15:46.238127159Z: [   18.899158] input: PC Speaker as /devices/platform/pcspkr/input/input2
[STDERR  ] 2018-02-19T13:15:46.238137081Z: [   18.905362] rtc_cmos 00:00: RTC can wake from S4
[STDERR  ] 2018-02-19T13:15:46.238146605Z: [   18.911089] rtc_cmos 00:00: rtc core: registered rtc_cmos as rtc0
[STDERR  ] 2018-02-19T13:15:46.238156058Z: [   18.912952] rtc_cmos 00:00: alarms up to one day, y3k, 114 bytes nvram, hpet irqs
[STDERR  ] 2018-02-19T13:15:46.238166032Z: [   18.914155] i2c /dev entries driver
[STDERR  ] 2018-02-19T13:15:46.238177527Z: [   18.917365] device-mapper: ioctl: 4.35.0-ioctl (2016-06-23) initialised: dm-devel@redhat.com
[STDERR  ] 2018-02-19T13:15:46.238187680Z: [   18.925747] usbcore: registered new interface driver usbhid
[STDERR  ] 2018-02-19T13:15:46.238197046Z: [   18.926414] usbhid: USB HID core driver
[STDERR  ] 2018-02-19T13:15:46.238206473Z: [   18.927356] hv_utils: Registering HyperV Utility Driver
[STDERR  ] 2018-02-19T13:15:46.238218152Z: [   18.927963] hv_vmbus: registering driver hv_util
[STDERR  ] 2018-02-19T13:15:46.238227477Z: [   18.928880] hv_vmbus: registering driver hv_balloon
[STDERR  ] 2018-02-19T13:15:46.238236527Z: [   18.929689] oprofile: using NMI interrupt.
[STDERR  ] 2018-02-19T13:15:46.238245851Z: [   18.931836] GACT probability on
[STDERR  ] 2018-02-19T13:15:46.238256088Z: [   18.932553] Mirror/redirect action on
[STDERR  ] 2018-02-19T13:15:46.238265353Z: [   18.933960] Simple TC action Loaded
[STDERR  ] 2018-02-19T13:15:46.238274664Z: [   18.934896] u32 classifier
[STDERR  ] 2018-02-19T13:15:46.238286517Z: [   18.935240]     Performance counters on
[STDERR  ] 2018-02-19T13:15:46.238295679Z: [   18.935682]     input device check on
[STDERR  ] 2018-02-19T13:15:46.238307944Z: [   18.936108]     Actions configured
[STDERR  ] 2018-02-19T13:15:46.238317358Z: [   18.936990] Netfilter messages via NETLINK v0.30.
[STDERR  ] 2018-02-19T13:15:46.238327000Z: [   18.937945] nfnl_acct: registering with nfnetlink.
[STDERR  ] 2018-02-19T13:15:46.238336175Z: [   18.940504] nf_conntrack version 0.5.0 (8192 buckets, 32768 max)
[STDERR  ] 2018-02-19T13:15:46.238345402Z: [   18.945762] ctnetlink v0.93: registering with nfnetlink.
[STDERR  ] 2018-02-19T13:15:46.238356604Z: [   18.951491] nf_tables: (c) 2007-2009 Patrick McHardy <kaber@trash.net>
[STDERR  ] 2018-02-19T13:15:46.238366643Z: [   18.953057] nf_tables_compat: (c) 2012 Pablo Neira Ayuso <pablo@netfilter.org>
[STDERR  ] 2018-02-19T13:15:46.238376383Z: [   18.957126] xt_time: kernel timezone is -0000
[STDERR  ] 2018-02-19T13:15:46.238385591Z: [   18.958031] ip_set: protocol 6
[STDERR  ] 2018-02-19T13:15:46.238395932Z: [   18.959070] IPVS: Registered protocols (TCP, UDP, SCTP, AH, ESP)
[STDERR  ] 2018-02-19T13:15:46.238405249Z: [   18.960051] IPVS: Connection hash table configured (size=4096, memory=64Kbytes)
[STDERR  ] 2018-02-19T13:15:46.238414583Z: [   18.963496] IPVS: Creating netns size=2104 id=0
[STDERR  ] 2018-02-19T13:15:46.238423950Z: [   18.968511] IPVS: ipvs loaded.
[STDERR  ] 2018-02-19T13:15:46.238435983Z: [   18.969074] IPVS: [rr] scheduler registered.
[STDERR  ] 2018-02-19T13:15:46.238445154Z: [   18.969633] IPVS: [wrr] scheduler registered.
[STDERR  ] 2018-02-19T13:15:46.238456463Z: [   18.970644] IPVS: [lc] scheduler registered.
[STDERR  ] 2018-02-19T13:15:46.238465769Z: [   18.971153] IPVS: [wlc] scheduler registered.
[STDERR  ] 2018-02-19T13:15:46.238475060Z: [   18.971659] IPVS: [fo] scheduler registered.
[STDERR  ] 2018-02-19T13:15:46.238484387Z: [   18.972152] IPVS: [ovf] scheduler registered.
[STDERR  ] 2018-02-19T13:15:46.238493761Z: [   18.972832] IPVS: [lblc] scheduler registered.
[STDERR  ] 2018-02-19T13:15:46.238508143Z: [   18.973508] IPVS: [lblcr] scheduler registered.
[STDERR  ] 2018-02-19T13:15:46.238517340Z: [   18.974069] IPVS: [dh] scheduler registered.
[STDERR  ] 2018-02-19T13:15:46.238526532Z: [   18.974567] IPVS: [sh] scheduler registered.
[STDERR  ] 2018-02-19T13:15:46.238535676Z: [   18.975063] IPVS: [sed] scheduler registered.
[STDERR  ] 2018-02-19T13:15:46.238544876Z: [   18.975565] IPVS: [nq] scheduler registered.
[STDERR  ] 2018-02-19T13:15:46.238554092Z: [   18.976648] IPVS: ftp: loaded support on port[0] = 21
[STDERR  ] 2018-02-19T13:15:46.238563441Z: [   18.977973] ipip: IPv4 and MPLS over IPv4 tunneling driver
[STDERR  ] 2018-02-19T13:15:46.238572785Z: [   18.985381] gre: GRE over IPv4 demultiplexor driver
[STDERR  ] 2018-02-19T13:15:46.238582137Z: [   18.990127] ip_tables: (C) 2000-2006 Netfilter Core Team
[STDERR  ] 2018-02-19T13:15:46.238591454Z: [   18.996047] ipt_CLUSTERIP: ClusterIP Version 0.8 loaded successfully
[STDERR  ] 2018-02-19T13:15:46.238601717Z: [   18.997259] arp_tables: arp_tables: (C) 2002 David S. Miller
[STDERR  ] 2018-02-19T13:15:46.238610956Z: [   19.001916] NET: Registered protocol family 10
[STDERR  ] 2018-02-19T13:15:46.238620100Z: [   19.017825] ip6_tables: (C) 2000-2006 Netfilter Core Team
[STDERR  ] 2018-02-19T13:15:46.238631451Z: [   19.032591] NET: Registered protocol family 17
[STDERR  ] 2018-02-19T13:15:46.238640971Z: [   19.034292] Bridge firewalling registered
[STDERR  ] 2018-02-19T13:15:46.238650209Z: [   19.035132] Ebtables v2.0 registered
[STDERR  ] 2018-02-19T13:15:46.238659435Z: [   19.038322] 8021q: 802.1Q VLAN Support v1.8
[STDERR  ] 2018-02-19T13:15:46.238671169Z: [   19.041332] 9pnet: Installing 9P2000 support
[STDERR  ] 2018-02-19T13:15:46.238680472Z: [   19.044378] Key type dns_resolver registered
[STDERR  ] 2018-02-19T13:15:46.238689748Z: [   19.052387] registered taskstats version 1
[STDERR  ] 2018-02-19T13:15:46.238699141Z: [   19.154017] ata3: SATA link up 1.5 Gbps (SStatus 113 SControl 300)
[STDERR  ] 2018-02-19T13:15:46.238709477Z: [   19.161195] ata3.00: ATAPI: QEMU DVD-ROM, 2.5+, max UDMA/100
[STDERR  ] 2018-02-19T13:15:46.238726485Z: [   19.162017] ata3.00: applying bridge limits
[STDERR  ] 2018-02-19T13:15:46.238736308Z: [   19.164224] ata2: SATA link down (SStatus 0 SControl 300)
[STDERR  ] 2018-02-19T13:15:46.238745667Z: [   19.166501] ata5: SATA link down (SStatus 0 SControl 300)
[STDERR  ] 2018-02-19T13:15:46.238755537Z: [   19.167304] ata1: SATA link up 1.5 Gbps (SStatus 113 SControl 300)
[STDERR  ] 2018-02-19T13:15:46.238765898Z: [   19.168848] ata1.00: ATA-7: QEMU HARDDISK, 2.5+, max UDMA/100
[STDERR  ] 2018-02-19T13:15:46.238775269Z: [   19.169755] ata1.00: 1048576 sectors, multi 16: LBA48 NCQ (depth 31/32)
[STDERR  ] 2018-02-19T13:15:46.238785780Z: [   19.170923] ata1.00: applying bridge limits
[STDERR  ] 2018-02-19T13:15:46.238795136Z: [   19.171679] ata4: SATA link down (SStatus 0 SControl 300)
[STDERR  ] 2018-02-19T13:15:46.238804471Z: [   19.181890] ata6: SATA link down (SStatus 0 SControl 300)
[STDERR  ] 2018-02-19T13:15:46.238813722Z: [   19.183733] ata1.00: configured for UDMA/100
[STDERR  ] 2018-02-19T13:15:46.238822988Z: [   19.191084] ata3.00: configured for UDMA/100
[STDERR  ] 2018-02-19T13:15:46.238832108Z: [   19.213698] scsi 0:0:0:0: Direct-Access     ATA      QEMU HARDDISK    2.5+ PQ: 0 ANSI: 5
[STDERR  ] 2018-02-19T13:15:46.238841941Z: [   19.247298] sd 0:0:0:0: [sda] 1048576 512-byte logical blocks: (537 MB/512 MiB)
[STDERR  ] 2018-02-19T13:15:46.238854526Z: [   19.251775] sd 0:0:0:0: Attached scsi generic sg0 type 0
[STDERR  ] 2018-02-19T13:15:46.238863904Z: [   19.268767] scsi 2:0:0:0: CD-ROM            QEMU     QEMU DVD-ROM     2.5+ PQ: 0 ANSI: 5
[STDERR  ] 2018-02-19T13:15:46.238873813Z: [   19.271736] sd 0:0:0:0: [sda] Write Protect is off
[STDERR  ] 2018-02-19T13:15:46.238883029Z: [   19.277936] sd 0:0:0:0: [sda] Write cache: enabled, read cache: enabled, doesn't support DPO or FUA
[STDERR  ] 2018-02-19T13:15:46.238894884Z: [   19.281773] tsc: Refined TSC clocksource calibration: 2299.964 MHz
[STDERR  ] 2018-02-19T13:15:46.238905537Z: [   19.282602] clocksource: tsc: mask: 0xffffffffffffffff max_cycles: 0x2127130e02a, max_idle_ns: 440795221700 ns
[STDERR  ] 2018-02-19T13:15:46.238914918Z: [   19.293906] sr 2:0:0:0: [sr0] scsi3-mmc drive: 4x/4x cd/rw xa/form2 tray
[STDERR  ] 2018-02-19T13:15:46.238924718Z: [   19.294935] cdrom: Uniform CD-ROM driver Revision: 3.20
[STDERR  ] 2018-02-19T13:15:46.238933864Z: [   19.332495] sr 2:0:0:0: Attached scsi generic sg1 type 5
[STDERR  ] 2018-02-19T13:15:46.238943021Z: [   19.344442]  sda: sda1
[STDERR  ] 2018-02-19T13:15:46.238952687Z: [   19.375374] sd 0:0:0:0: [sda] Attached SCSI disk
[STDERR  ] 2018-02-19T13:15:46.238961859Z: [   19.533809] Key type big_key registered
[STDERR  ] 2018-02-19T13:15:46.238971033Z: [   19.756609] Key type encrypted registered
[STDERR  ] 2018-02-19T13:15:46.238980277Z: [   19.764069] rtc_cmos 00:00: setting system clock to 2018-02-19 13:14:54 UTC (1519046094)
[STDERR  ] 2018-02-19T13:15:46.238990714Z: [   20.076519] Freeing unused kernel memory: 1404K
[STDERR  ] 2018-02-19T13:15:46.238999951Z: [   20.077181] Write protecting the kernel read-only data: 12288k
[STDERR  ] 2018-02-19T13:15:46.239009359Z: [   20.098518] Freeing unused kernel memory: 124K
[STDERR  ] 2018-02-19T13:15:46.239018561Z: [   20.277914] Freeing unused kernel memory: 1396K
[STDERR  ] 2018-02-19T13:15:46.239030378Z: [   20.292904] clocksource: Switched to clocksource tsc
[STDERR  ] 2018-02-19T13:15:46.239039901Z: 
[STDERR  ] 2018-02-19T13:15:46.239049347Z: Welcome to LinuxKit
[STDERR  ] 2018-02-19T13:15:46.239058788Z: 
[STDERR  ] 2018-02-19T13:15:46.239068361Z:                         ##         .
[STDERR  ] 2018-02-19T13:15:46.239077964Z:                   ## ## ##        ==
[STDERR  ] 2018-02-19T13:15:46.239090287Z:                ## ## ## ## ##    ===
[STDERR  ] 2018-02-19T13:15:46.239099586Z:            /"""""""""""""""""\___/ ===
[STDERR  ] 2018-02-19T13:15:46.239108849Z:           {                       /  ===-
[STDERR  ] 2018-02-19T13:15:46.239120174Z:            \______ O           __/
[STDERR  ] 2018-02-19T13:15:46.239129560Z:              \    \         __/
[STDERR  ] 2018-02-19T13:15:46.239142037Z:               \____\_______/
[STDERR  ] 2018-02-19T13:15:46.239151986Z: 
[STDERR  ] 2018-02-19T13:15:46.239161894Z: [   46.809323] IPVS: Creating netns size=2104 id=1
[STDERR  ] 2018-02-19T13:15:46.239171226Z: [   46.810565] IPVS: ftp: loaded support on port[0] = 21
[STDERR  ] 2018-02-19T13:15:46.239182673Z: [   48.163947]  sda:
[STDERR  ] 2018-02-19T13:15:46.239192504Z: [   48.288491]  sda:
[STDERR  ] 2018-02-19T13:15:46.239202400Z: [   48.366350]  sda: sda1
[STDERR  ] 2018-02-19T13:15:46.239212569Z: [   48.503354]  sda: sda1
[STDERR  ] 2018-02-19T13:15:46.239222341Z: [   48.623788]  sda: sda1
[STDERR  ] 2018-02-19T13:15:46.239231991Z: [   50.595107] XFS (sda1): Mounting V5 Filesystem
[STDERR  ] 2018-02-19T13:15:46.239241358Z: [   50.644398] XFS (sda1): Starting recovery (logdev: internal)
[STDERR  ] 2018-02-19T13:15:46.239250750Z: [   50.679416] XFS (sda1): Ending recovery (logdev: internal)
[STDERR  ] 2018-02-19T13:15:46.239259957Z: [   50.894682] XFS (sda1): Unmounting Filesystem
[STDERR  ] 2018-02-19T13:15:46.239269283Z: 2018/02/19 13:15:25 Successfully resized /dev/sda
[STDERR  ] 2018-02-19T13:15:46.239278475Z: [   52.524153] IPVS: Creating netns size=2104 id=2
[STDERR  ] 2018-02-19T13:15:46.239287689Z: [   52.524856] IPVS: ftp: loaded support on port[0] = 21
[STDERR  ] 2018-02-19T13:15:46.239299657Z: [   54.738387] FAT-fs (sda1): utf8 is not a recommended IO charset for FAT filesystems, filesystem will be case sensitive!
[STDERR  ] 2018-02-19T13:15:46.239309574Z: [   54.744376] FAT-fs (sda1): utf8 is not a recommended IO charset for FAT filesystems, filesystem will be case sensitive!
[STDERR  ] 2018-02-19T13:15:46.239319779Z: [   54.749571] mount: sending ioctl 5310 to a partition!
[STDERR  ] 2018-02-19T13:15:46.239328847Z: [   54.800993] mount: sending ioctl 5310 to a partition!
[STDERR  ] 2018-02-19T13:15:46.239338427Z: [   54.802653] UDF-fs: warning (device sda1): udf_fill_super: No partition found (2)
[STDERR  ] 2018-02-19T13:15:46.239347859Z: [   54.815506] XFS (sda1): Mounting V5 Filesystem
[STDERR  ] 2018-02-19T13:15:46.239357114Z: [   54.848189] XFS (sda1): Ending clean mount
[STDERR  ] 2018-02-19T13:15:46.239366395Z: + [ -f /var/lib/docker/bar ]
[STDERR  ] 2018-02-19T13:15:46.239375658Z: + touch /var/lib/docker/foo
[STDERR  ] 2018-02-19T13:15:46.239387711Z: + df -h
[STDERR  ] 2018-02-19T13:15:46.239397776Z: + grep -qE [4-5][0-9]{2}\.[0-9]{1,}M
[STDERR  ] 2018-02-19T13:15:46.239407267Z: + printf extend test suite PASSED\n
[STDERR  ] 2018-02-19T13:15:46.239416776Z: extend test suite PASSED
[STDERR  ] 2018-02-19T13:15:46.239426902Z: [   70.890146] sd 0:0:0:0: [sda] Synchronizing SCSI cache
[STDERR  ] 2018-02-19T13:15:46.239436223Z: [   70.891254] sd 0:0:0:0: [sda] Stopping disk
[STDERR  ] 2018-02-19T13:15:46.239445575Z: [   70.893731] ACPI: Preparing to enter system sleep state S5
[STDERR  ] 2018-02-19T13:15:46.239456944Z: [   70.895251] reboot: Power down
[STDERR  ] 2018-02-19T13:15:46.239467712Z: + echo [    0.000000] Linux version 4.9.81-linuxkit (root@131493a180c4) (gcc version 6.4.0 (Alpine 6.4.0) ) #1 SMP Tue Feb 13 18:31:25 UTC 2018
[STDERR  ] 2018-02-19T13:15:46.239478067Z: [    0.000000] Command line: console=ttyS0 console=ttyAMA0
[STDERR  ] 2018-02-19T13:15:46.239487339Z: [    0.000000] x86/fpu: Legacy x87 FPU detected.
[STDERR  ] 2018-02-19T13:15:46.239496789Z: [    0.000000] x86/fpu: Using 'eager' FPU context switches.
[STDERR  ] 2018-02-19T13:15:46.239506088Z: [    0.000000] e820: BIOS-provided physical RAM map:
[STDERR  ] 2018-02-19T13:15:46.239515669Z: [    0.000000] BIOS-e820: [mem 0x0000000000000000-0x000000000009fbff] usable
[STDERR  ] 2018-02-19T13:15:46.239525231Z: [    0.000000] BIOS-e820: [mem 0x000000000009fc00-0x000000000009ffff] reserved
[STDERR  ] 2018-02-19T13:15:46.239534387Z: [    0.000000] BIOS-e820: [mem 0x00000000000f0000-0x00000000000fffff] reserved
[STDERR  ] 2018-02-19T13:15:46.239543837Z: [    0.000000] BIOS-e820: [mem 0x0000000000100000-0x000000003ffdefff] usable
[STDERR  ] 2018-02-19T13:15:46.239553114Z: [    0.000000] BIOS-e820: [mem 0x000000003ffdf000-0x000000003fffffff] reserved
[STDERR  ] 2018-02-19T13:15:46.239566604Z: [    0.000000] BIOS-e820: [mem 0x00000000b0000000-0x00000000bfffffff] reserved
[STDERR  ] 2018-02-19T13:15:46.239576629Z: [    0.000000] BIOS-e820: [mem 0x00000000fed1c000-0x00000000fed1ffff] reserved
[STDERR  ] 2018-02-19T13:15:46.239586513Z: [    0.000000] BIOS-e820: [mem 0x00000000fffc0000-0x00000000ffffffff] reserved
[STDERR  ] 2018-02-19T13:15:46.239595865Z: [    0.000000] NX (Execute Disable) protection: active
[STDERR  ] 2018-02-19T13:15:46.239605253Z: [    0.000000] SMBIOS 2.8 present.
[STDERR  ] 2018-02-19T13:15:46.239615365Z: [    0.000000] Kernel/User page tables isolation: disabled
[STDERR  ] 2018-02-19T13:15:46.239624873Z: [    0.000000] e820: last_pfn = 0x3ffdf max_arch_pfn = 0x400000000
[STDERR  ] 2018-02-19T13:15:46.239635951Z: [    0.000000] x86/PAT: Configuration [0-7]: WB  WC  UC- UC  WB  WC  UC- WT  
[STDERR  ] 2018-02-19T13:15:46.239646191Z: [    0.000000] found SMP MP-table at [mem 0x000f6aa0-0x000f6aaf] mapped at [ffff97bb400f6aa0]
[STDERR  ] 2018-02-19T13:15:46.239656345Z: [    0.000000] RAMDISK: [mem 0x3dea4000-0x3ffcffff]
[STDERR  ] 2018-02-19T13:15:46.239665660Z: [    0.000000] ACPI: Early table checksum verification disabled
[STDERR  ] 2018-02-19T13:15:46.239678086Z: [    0.000000] ACPI: RSDP 0x00000000000F68C0 000014 (v00 BOCHS )
[STDERR  ] 2018-02-19T13:15:46.239687403Z: [    0.000000] ACPI: RSDT 0x000000003FFE2404 000034 (v01 BOCHS  BXPCRSDT 00000001 BXPC 00000001)
