[INFO    ] 2017-10-10T17:41:51.348171449Z: Running Test linuxkit.packages.format_mount.by_device_force in /tmp/with_clone3985f221/test/cases/040_packages/006_format_mount/005_by_device_force
[INFO    ] 2017-10-10T17:41:51.348285152Z: Running command: [/bin/sh -x /tmp/with_clone3985f221/test/cases/040_packages/006_format_mount/005_by_device_force/test.sh]
[STDERR  ] 2017-10-10T17:41:51.349513367Z: + set -e
[STDERR  ] 2017-10-10T17:41:51.349602364Z: + . /tmp/with_clone3985f221/test/cases/_lib/lib.sh
[STDERR  ] 2017-10-10T17:41:51.349679657Z: + [ -f src/github.com/linuxkit/rtf/lib/lib.sh ]
[STDERR  ] 2017-10-10T17:41:51.349731487Z: + LINUXKIT_TMPDIR=/tmp/with_clone3985f221/test/cases/_tmp
[STDERR  ] 2017-10-10T17:41:51.349782327Z: + [ -f /tmp/with_clone3985f221/test/cases/_tmp/env.sh ]
[STDERR  ] 2017-10-10T17:41:51.349833645Z: + . /tmp/with_clone3985f221/test/cases/_tmp/env.sh
[STDERR  ] 2017-10-10T17:41:51.34987925Z: + export LINUXKIT_EXAMPLES_DIR=/tmp/with_clone3985f221/test/cases/../../examples
[STDERR  ] 2017-10-10T17:41:51.3499164Z: + export LINUXKIT_BLUEPRINTS_DIR=/tmp/with_clone3985f221/test/cases/../../blueprints
[STDERR  ] 2017-10-10T17:41:51.34994517Z: + RT_CANCEL=253
[STDERR  ] 2017-10-10T17:41:51.34998796Z: + NAME=test-format
[STDERR  ] 2017-10-10T17:41:51.350014543Z: + DISK1=disk1.img
[STDERR  ] 2017-10-10T17:41:51.350038219Z: + DISK2=disk2.img
[STDERR  ] 2017-10-10T17:41:51.350074508Z: + trap clean_up EXIT
[STDERR  ] 2017-10-10T17:41:51.350139349Z: + moby build -format kernel+initrd -name test-format test.yml
[STDERR  ] 2017-10-10T17:41:51.361306579Z: Extract kernel image: linuxkit/kernel:4.9.51
[STDERR  ] 2017-10-10T17:41:52.458297982Z: time="2017-10-10T17:41:52Z" level=warning msg="certificate with CN Rolf Neugebauer is near expiry" 
[STDERR  ] 2017-10-10T17:41:52.458772051Z: time="2017-10-10T17:41:52Z" level=warning msg="certificate with CN Moby CI is near expiry" 
[STDERR  ] 2017-10-10T17:41:52.489151188Z: time="2017-10-10T17:41:52Z" level=warning msg="certificate with CN Rolf Neugebauer is near expiry" 
[STDERR  ] 2017-10-10T17:41:57.14038546Z: Add init containers:
[STDERR  ] 2017-10-10T17:41:58.114166793Z: time="2017-10-10T17:41:58Z" level=warning msg="certificate with CN Rolf Neugebauer is near expiry" 
[STDERR  ] 2017-10-10T17:41:58.114589013Z: time="2017-10-10T17:41:58Z" level=warning msg="certificate with CN Moby CI is near expiry" 
[STDERR  ] 2017-10-10T17:41:58.119524664Z: time="2017-10-10T17:41:58Z" level=warning msg="certificate with CN Rolf Neugebauer is near expiry" 
[STDERR  ] 2017-10-10T17:42:00.16972804Z: time="2017-10-10T17:42:00Z" level=warning msg="certificate with CN Moby CI is near expiry" 
[STDERR  ] 2017-10-10T17:42:00.169988873Z: time="2017-10-10T17:42:00Z" level=warning msg="certificate with CN Rolf Neugebauer is near expiry" 
[STDERR  ] 2017-10-10T17:42:00.173207482Z: time="2017-10-10T17:42:00Z" level=warning msg="certificate with CN Rolf Neugebauer is near expiry" 
[STDERR  ] 2017-10-10T17:42:00.981259492Z: Add onboot containers:
[STDERR  ] 2017-10-10T17:42:00.981360827Z:   Create OCI config for linuxkit/format:e7f06bd9bb96b663f8aab7d648a5dfc3ed7785fc
[STDERR  ] 2017-10-10T17:42:02.041562832Z: time="2017-10-10T17:42:02Z" level=warning msg="certificate with CN Moby CI is near expiry" 
[STDERR  ] 2017-10-10T17:42:02.041904287Z: time="2017-10-10T17:42:02Z" level=warning msg="certificate with CN Rolf Neugebauer is near expiry" 
[STDERR  ] 2017-10-10T17:42:02.044428801Z: time="2017-10-10T17:42:02Z" level=warning msg="certificate with CN Rolf Neugebauer is near expiry" 
[STDERR  ] 2017-10-10T17:42:03.056610226Z:   Create OCI config for linuxkit/format:e7f06bd9bb96b663f8aab7d648a5dfc3ed7785fc
[STDERR  ] 2017-10-10T17:42:04.038824354Z: time="2017-10-10T17:42:04Z" level=warning msg="certificate with CN Moby CI is near expiry" 
[STDERR  ] 2017-10-10T17:42:04.039158195Z: time="2017-10-10T17:42:04Z" level=warning msg="certificate with CN Rolf Neugebauer is near expiry" 
[STDERR  ] 2017-10-10T17:42:04.041629896Z: time="2017-10-10T17:42:04Z" level=warning msg="certificate with CN Rolf Neugebauer is near expiry" 
[STDERR  ] 2017-10-10T17:42:05.07269713Z:   Create OCI config for linuxkit/format:e7f06bd9bb96b663f8aab7d648a5dfc3ed7785fc
[STDERR  ] 2017-10-10T17:42:06.130386792Z: time="2017-10-10T17:42:06Z" level=warning msg="certificate with CN Rolf Neugebauer is near expiry" 
[STDERR  ] 2017-10-10T17:42:06.130814663Z: time="2017-10-10T17:42:06Z" level=warning msg="certificate with CN Moby CI is near expiry" 
[STDERR  ] 2017-10-10T17:42:06.133398689Z: time="2017-10-10T17:42:06Z" level=warning msg="certificate with CN Rolf Neugebauer is near expiry" 
[STDERR  ] 2017-10-10T17:42:07.141320434Z:   Create OCI config for linuxkit/format:e7f06bd9bb96b663f8aab7d648a5dfc3ed7785fc
[STDERR  ] 2017-10-10T17:42:08.149957174Z: time="2017-10-10T17:42:08Z" level=warning msg="certificate with CN Rolf Neugebauer is near expiry" 
[STDERR  ] 2017-10-10T17:42:08.15031952Z: time="2017-10-10T17:42:08Z" level=warning msg="certificate with CN Moby CI is near expiry" 
[STDERR  ] 2017-10-10T17:42:08.152764685Z: time="2017-10-10T17:42:08Z" level=warning msg="certificate with CN Rolf Neugebauer is near expiry" 
[STDERR  ] 2017-10-10T17:42:09.153420957Z:   Create OCI config for linuxkit/format:e7f06bd9bb96b663f8aab7d648a5dfc3ed7785fc
[STDERR  ] 2017-10-10T17:42:10.189878487Z: time="2017-10-10T17:42:10Z" level=warning msg="certificate with CN Rolf Neugebauer is near expiry" 
[STDERR  ] 2017-10-10T17:42:10.190234547Z: time="2017-10-10T17:42:10Z" level=warning msg="certificate with CN Moby CI is near expiry" 
[STDERR  ] 2017-10-10T17:42:10.192843876Z: time="2017-10-10T17:42:10Z" level=warning msg="certificate with CN Rolf Neugebauer is near expiry" 
[STDERR  ] 2017-10-10T17:42:11.350951016Z:   Create OCI config for linuxkit/poweroff:ffd3f539a6f4e67d4cd4ff36503636de35edd7b2
[STDERR  ] 2017-10-10T17:42:12.479213127Z: time="2017-10-10T17:42:12Z" level=warning msg="certificate with CN Moby CI is near expiry" 
[STDERR  ] 2017-10-10T17:42:12.47952526Z: time="2017-10-10T17:42:12Z" level=warning msg="certificate with CN Rolf Neugebauer is near expiry" 
[STDERR  ] 2017-10-10T17:42:12.481118643Z: time="2017-10-10T17:42:12Z" level=warning msg="certificate with CN Rolf Neugebauer is near expiry" 
[STDERR  ] 2017-10-10T17:42:12.963850719Z: Add files:
[STDERR  ] 2017-10-10T17:42:12.963939841Z:   check.sh
[STDERR  ] 2017-10-10T17:42:12.964003788Z: Create outputs:
[STDERR  ] 2017-10-10T17:42:20.97909771Z:   test-format-kernel test-format-initrd.img test-format-cmdline
[STDERR  ] 2017-10-10T17:42:21.357601986Z: + linuxkit run -disk file=disk1.img,size=512M -disk file=disk2.img,size=512M test-format
[STDERR  ] 2017-10-10T17:42:58.11948109Z: main-loop: WARNING: I/O thread spun for 1000 iterations
[STDERR  ] 2017-10-10T17:43:25.689750056Z: + RESULT=[    0.000000] Linux version 4.9.51-linuxkit (root@3253c0754a54) (gcc version 6.3.0 (Alpine 6.3.0) ) #1 SMP Wed Sep 20 11:32:07 UTC 2017
[STDERR  ] 2017-10-10T17:43:25.689822391Z: [    0.000000] Command line: console=ttyS0
[STDERR  ] 2017-10-10T17:43:25.689838196Z: [    0.000000] x86/fpu: Legacy x87 FPU detected.
[STDERR  ] 2017-10-10T17:43:25.689851894Z: [    0.000000] x86/fpu: Using 'eager' FPU context switches.
[STDERR  ] 2017-10-10T17:43:25.689866253Z: [    0.000000] e820: BIOS-provided physical RAM map:
[STDERR  ] 2017-10-10T17:43:25.689880459Z: [    0.000000] BIOS-e820: [mem 0x0000000000000000-0x000000000009fbff] usable
[STDERR  ] 2017-10-10T17:43:25.689894718Z: [    0.000000] BIOS-e820: [mem 0x000000000009fc00-0x000000000009ffff] reserved
[STDERR  ] 2017-10-10T17:43:25.68990816Z: [    0.000000] BIOS-e820: [mem 0x00000000000f0000-0x00000000000fffff] reserved
[STDERR  ] 2017-10-10T17:43:25.689922111Z: [    0.000000] BIOS-e820: [mem 0x0000000000100000-0x000000003ffddfff] usable
[STDERR  ] 2017-10-10T17:43:25.689935416Z: [    0.000000] BIOS-e820: [mem 0x000000003ffde000-0x000000003fffffff] reserved
[STDERR  ] 2017-10-10T17:43:25.68995322Z: [    0.000000] BIOS-e820: [mem 0x00000000b0000000-0x00000000bfffffff] reserved
[STDERR  ] 2017-10-10T17:43:25.689967279Z: [    0.000000] BIOS-e820: [mem 0x00000000fed1c000-0x00000000fed1ffff] reserved
[STDERR  ] 2017-10-10T17:43:25.690000679Z: [    0.000000] BIOS-e820: [mem 0x00000000fffc0000-0x00000000ffffffff] reserved
[STDERR  ] 2017-10-10T17:43:25.690013964Z: [    0.000000] NX (Execute Disable) protection: active
[STDERR  ] 2017-10-10T17:43:25.69002702Z: [    0.000000] SMBIOS 2.8 present.
[STDERR  ] 2017-10-10T17:43:25.690039593Z: [    0.000000] e820: last_pfn = 0x3ffde max_arch_pfn = 0x400000000
[STDERR  ] 2017-10-10T17:43:25.690052541Z: [    0.000000] x86/PAT: Configuration [0-7]: WB  WC  UC- UC  WB  WC  UC- WT  
[STDERR  ] 2017-10-10T17:43:25.690066894Z: [    0.000000] found SMP MP-table at [mem 0x000f6aa0-0x000f6aaf] mapped at [ffff94a7000f6aa0]
[STDERR  ] 2017-10-10T17:43:25.690080374Z: [    0.000000] RAMDISK: [mem 0x3d152000-0x3ffcffff]
[STDERR  ] 2017-10-10T17:43:25.690094114Z: [    0.000000] ACPI: Early table checksum verification disabled
[STDERR  ] 2017-10-10T17:43:25.690106529Z: [    0.000000] ACPI: RSDP 0x00000000000F68C0 000014 (v00 BOCHS )
[STDERR  ] 2017-10-10T17:43:25.6901196Z: [    0.000000] ACPI: RSDT 0x000000003FFE2404 000034 (v01 BOCHS  BXPCRSDT 00000001 BXPC 00000001)
[STDERR  ] 2017-10-10T17:43:25.690132689Z: [    0.000000] ACPI: FACP 0x000000003FFE22A4 000074 (v01 BOCHS  BXPCFACP 00000001 BXPC 00000001)
[STDERR  ] 2017-10-10T17:43:25.690145248Z: [    0.000000] ACPI: DSDT 0x000000003FFE0040 002264 (v01 BOCHS  BXPCDSDT 00000001 BXPC 00000001)
[STDERR  ] 2017-10-10T17:43:25.690157498Z: [    0.000000] ACPI: FACS 0x000000003FFE0000 000040
[STDERR  ] 2017-10-10T17:43:25.690169633Z: [    0.000000] ACPI: APIC 0x000000003FFE2318 000078 (v01 BOCHS  BXPCAPIC 00000001 BXPC 00000001)
[STDERR  ] 2017-10-10T17:43:25.690181739Z: [    0.000000] ACPI: HPET 0x000000003FFE2390 000038 (v01 BOCHS  BXPCHPET 00000001 BXPC 00000001)
[STDERR  ] 2017-10-10T17:43:25.690195937Z: [    0.000000] ACPI: MCFG 0x000000003FFE23C8 00003C (v01 BOCHS  BXPCMCFG 00000001 BXPC 00000001)
[STDERR  ] 2017-10-10T17:43:25.690210723Z: [    0.000000] Zone ranges:
[STDERR  ] 2017-10-10T17:43:25.690223462Z: [    0.000000]   DMA      [mem 0x0000000000001000-0x0000000000ffffff]
[STDERR  ] 2017-10-10T17:43:25.690236291Z: [    0.000000]   DMA32    [mem 0x0000000001000000-0x000000003ffddfff]
[STDERR  ] 2017-10-10T17:43:25.690249302Z: [    0.000000]   Normal   empty
[STDERR  ] 2017-10-10T17:43:25.690263648Z: [    0.000000] Movable zone start for each node
[STDERR  ] 2017-10-10T17:43:25.69027591Z: [    0.000000] Early memory node ranges
[STDERR  ] 2017-10-10T17:43:25.690288873Z: [    0.000000]   node   0: [mem 0x0000000000001000-0x000000000009efff]
[STDERR  ] 2017-10-10T17:43:25.690301219Z: [    0.000000]   node   0: [mem 0x0000000000100000-0x000000003ffddfff]
[STDERR  ] 2017-10-10T17:43:25.690314019Z: [    0.000000] Initmem setup node 0 [mem 0x0000000000001000-0x000000003ffddfff]
[STDERR  ] 2017-10-10T17:43:25.69032624Z: [    0.000000] ACPI: PM-Timer IO Port: 0x608
[STDERR  ] 2017-10-10T17:43:25.690338989Z: [    0.000000] ACPI: LAPIC_NMI (acpi_id[0xff] dfl dfl lint[0x1])
[STDERR  ] 2017-10-10T17:43:25.690351541Z: [    0.000000] IOAPIC[0]: apic_id 0, version 32, address 0xfec00000, GSI 0-23
[STDERR  ] 2017-10-10T17:43:25.690363967Z: [    0.000000] ACPI: INT_SRC_OVR (bus 0 bus_irq 0 global_irq 2 dfl dfl)
[STDERR  ] 2017-10-10T17:43:25.690379704Z: [    0.000000] ACPI: INT_SRC_OVR (bus 0 bus_irq 5 global_irq 5 high level)
[STDERR  ] 2017-10-10T17:43:25.690392087Z: [    0.000000] ACPI: INT_SRC_OVR (bus 0 bus_irq 9 global_irq 9 high level)
[STDERR  ] 2017-10-10T17:43:25.690404289Z: [    0.000000] ACPI: INT_SRC_OVR (bus 0 bus_irq 10 global_irq 10 high level)
[STDERR  ] 2017-10-10T17:43:25.690416354Z: [    0.000000] ACPI: INT_SRC_OVR (bus 0 bus_irq 11 global_irq 11 high level)
[STDERR  ] 2017-10-10T17:43:25.690429794Z: [    0.000000] Using ACPI (MADT) for SMP configuration information
[STDERR  ] 2017-10-10T17:43:25.690451872Z: [    0.000000] ACPI: HPET id: 0x8086a201 base: 0xfed00000
[STDERR  ] 2017-10-10T17:43:25.690464655Z: [    0.000000] smpboot: Allowing 1 CPUs, 0 hotplug CPUs
[STDERR  ] 2017-10-10T17:43:25.69048226Z: [    0.000000] e820: [mem 0x40000000-0xafffffff] available for PCI devices
[STDERR  ] 2017-10-10T17:43:25.690507142Z: [    0.000000] Booting paravirtualized kernel on bare hardware
[STDERR  ] 2017-10-10T17:43:25.690519646Z: [    0.000000] clocksource: refined-jiffies: mask: 0xffffffff max_cycles: 0xffffffff, max_idle_ns: 19112604462750000 ns
[STDERR  ] 2017-10-10T17:43:25.690537162Z: [    0.000000] setup_percpu: NR_CPUS:128 nr_cpumask_bits:128 nr_cpu_ids:1 nr_node_ids:1
[STDERR  ] 2017-10-10T17:43:25.690549309Z: [    0.000000] percpu: Embedded 35 pages/cpu @ffff94a73ce00000 s105240 r8192 d29928 u2097152
[STDERR  ] 2017-10-10T17:43:25.690561634Z: [    0.000000] Built 1 zonelists in Zone order, mobility grouping on.  Total pages: 257895
[STDERR  ] 2017-10-10T17:43:25.690573734Z: [    0.000000] Kernel command line: console=ttyS0
[STDERR  ] 2017-10-10T17:43:25.690586015Z: [    0.000000] PID hash table entries: 4096 (order: 3, 32768 bytes)
[STDERR  ] 2017-10-10T17:43:25.690598159Z: [    0.000000] Dentry cache hash table entries: 131072 (order: 8, 1048576 bytes)
[STDERR  ] 2017-10-10T17:43:25.690610815Z: [    0.000000] Inode-cache hash table entries: 65536 (order: 7, 524288 bytes)
[STDERR  ] 2017-10-10T17:43:25.6906234Z: [    0.000000] Memory: 966560K/1048048K available (8036K kernel code, 1367K rwdata, 2696K rodata, 1380K init, 568K bss, 81488K reserved, 0K cma-reserved)
[STDERR  ] 2017-10-10T17:43:25.690647089Z: [    0.000000] Hierarchical RCU implementation.
[STDERR  ] 2017-10-10T17:43:25.690659823Z: [    0.000000] 	Build-time adjustment of leaf fanout to 64.
[STDERR  ] 2017-10-10T17:43:25.690673905Z: [    0.000000] 	RCU restricting CPUs from NR_CPUS=128 to nr_cpu_ids=1.
[STDERR  ] 2017-10-10T17:43:25.69068648Z: [    0.000000] RCU: Adjusting geometry for rcu_fanout_leaf=64, nr_cpu_ids=1
[STDERR  ] 2017-10-10T17:43:25.690701949Z: [    0.000000] NR_IRQS:8448 nr_irqs:256 16
[STDERR  ] 2017-10-10T17:43:25.690714356Z: [    0.000000] Console: colour VGA+ 80x25
[STDERR  ] 2017-10-10T17:43:25.690732831Z: [    0.000000] console [ttyS0] enabled
[STDERR  ] 2017-10-10T17:43:25.690745046Z: [    0.000000] clocksource: hpet: mask: 0xffffffff max_cycles: 0xffffffff, max_idle_ns: 19112604467 ns
[STDERR  ] 2017-10-10T17:43:25.690757704Z: [    0.000000] tsc: Fast TSC calibration using PIT
[STDERR  ] 2017-10-10T17:43:25.690769763Z: [    0.000000] tsc: Detected 2300.113 MHz processor
[STDERR  ] 2017-10-10T17:43:25.690781841Z: [    0.021302] Calibrating delay loop (skipped), value calculated using timer frequency.. 4600.22 BogoMIPS (lpj=23001130)
[STDERR  ] 2017-10-10T17:43:25.690794104Z: [    0.022288] pid_max: default: 32768 minimum: 301
[STDERR  ] 2017-10-10T17:43:25.690806097Z: [    0.023118] ACPI: Core revision 20160831
[STDERR  ] 2017-10-10T17:43:25.690818383Z: [    0.069760] ACPI: 1 ACPI AML tables successfully acquired and loaded
[STDERR  ] 2017-10-10T17:43:25.690831294Z: [    0.072972] Security Framework initialized
[STDERR  ] 2017-10-10T17:43:25.690843256Z: [    0.073339] Yama: becoming mindful.
[STDERR  ] 2017-10-10T17:43:25.690855315Z: [    0.075210] Mount-cache hash table entries: 2048 (order: 2, 16384 bytes)
[STDERR  ] 2017-10-10T17:43:25.690867796Z: [    0.075722] Mountpoint-cache hash table entries: 2048 (order: 2, 16384 bytes)
[STDERR  ] 2017-10-10T17:43:25.690879884Z: [    0.094446] Last level iTLB entries: 4KB 0, 2MB 0, 4MB 0
[STDERR  ] 2017-10-10T17:43:25.690895854Z: [    0.094864] Last level dTLB entries: 4KB 0, 2MB 0, 4MB 0, 1GB 0
[STDERR  ] 2017-10-10T17:43:25.690907932Z: [    0.395850] Freeing SMP alternatives memory: 20K
[STDERR  ] 2017-10-10T17:43:25.690919995Z: [    0.404322] ftrace: allocating 35528 entries in 139 pages
[STDERR  ] 2017-10-10T17:43:25.690932012Z: [    0.564399] smpboot: Max logical packages: 1
[STDERR  ] 2017-10-10T17:43:25.690943958Z: [    0.569608] ..TIMER: vector=0x30 apic1=0 pin1=2 apic2=-1 pin2=-1
[STDERR  ] 2017-10-10T17:43:25.690955899Z: [    0.670000] smpboot: CPU0: AMD QEMU Virtual CPU version 2.5+ (family: 0x6, model: 0x6, stepping: 0x3)
[STDERR  ] 2017-10-10T17:43:25.690969741Z: [    0.670000] Performance Events: PMU not available due to virtualization, using software events only.
[STDERR  ] 2017-10-10T17:43:25.690991717Z: [    0.677513] NMI watchdog: disabled (cpu0): hardware events not enabled
[STDERR  ] 2017-10-10T17:43:25.691007525Z: [    0.677965] NMI watchdog: Shutting down hard lockup detector on all cpus
[STDERR  ] 2017-10-10T17:43:25.691019896Z: [    0.680467] x86: Booted up 1 node, 1 CPUs
[STDERR  ] 2017-10-10T17:43:25.691031175Z: [    0.680823] smpboot: Total of 1 processors activated (4600.22 BogoMIPS)
[STDERR  ] 2017-10-10T17:43:25.691043151Z: [    0.694797] devtmpfs: initialized
[STDERR  ] 2017-10-10T17:43:25.691054747Z: [    0.699402] x86/mm: Memory block size: 128MB
[STDERR  ] 2017-10-10T17:43:25.69106583Z: [    0.761243] clocksource: jiffies: mask: 0xffffffff max_cycles: 0xffffffff, max_idle_ns: 19112604462750000 ns
[STDERR  ] 2017-10-10T17:43:25.691077389Z: [    0.762070] futex hash table entries: 256 (order: 2, 16384 bytes)
[STDERR  ] 2017-10-10T17:43:25.69108856Z: [    0.771171] NET: Registered protocol family 16
[STDERR  ] 2017-10-10T17:43:25.691099572Z: [    0.780458] cpuidle: using governor ladder
[STDERR  ] 2017-10-10T17:43:25.691110497Z: [    0.780869] cpuidle: using governor menu
[STDERR  ] 2017-10-10T17:43:25.69112163Z: [    0.781922] ACPI: bus type PCI registered
[STDERR  ] 2017-10-10T17:43:25.691132727Z: [    0.784634] PCI: MMCONFIG for domain 0000 [bus 00-ff] at [mem 0xb0000000-0xbfffffff] (base 0xb0000000)
[STDERR  ] 2017-10-10T17:43:25.691150031Z: [    0.785384] PCI: MMCONFIG at [mem 0xb0000000-0xbfffffff] reserved in E820
[STDERR  ] 2017-10-10T17:43:25.691162825Z: [    0.786638] PCI: Using configuration type 1 for base access
[STDERR  ] 2017-10-10T17:43:25.691173895Z: [    0.842950] HugeTLB registered 2 MB page size, pre-allocated 0 pages
[STDERR  ] 2017-10-10T17:43:25.691185998Z: [    0.853102] ACPI: Added _OSI(Module Device)
[STDERR  ] 2017-10-10T17:43:25.691198627Z: [    0.853423] ACPI: Added _OSI(Processor Device)
[STDERR  ] 2017-10-10T17:43:25.691209644Z: [    0.853712] ACPI: Added _OSI(3.0 _SCP Extensions)
[STDERR  ] 2017-10-10T17:43:25.691220642Z: [    0.854010] ACPI: Added _OSI(Processor Aggregator Device)
[STDERR  ] 2017-10-10T17:43:25.691231567Z: [    0.928136] ACPI: Interpreter enabled
[STDERR  ] 2017-10-10T17:43:25.691242513Z: [    0.928938] ACPI: (supports S0 S5)
[STDERR  ] 2017-10-10T17:43:25.691253528Z: [    0.929223] ACPI: Using IOAPIC for interrupt routing
[STDERR  ] 2017-10-10T17:43:25.691264637Z: [    0.931143] PCI: Using host bridge windows from ACPI; if necessary, use "pci=nocrs" and report a bug
[STDERR  ] 2017-10-10T17:43:25.691279673Z: [    0.993724] ACPI: PCI Root Bridge [PCI0] (domain 0000 [bus 00-ff])
[STDERR  ] 2017-10-10T17:43:25.691291013Z: [    0.994612] acpi PNP0A08:00: _OSC: OS supports [ExtendedConfig ASPM ClockPM Segments MSI]
[STDERR  ] 2017-10-10T17:43:25.691301774Z: [    1.000202] acpi PNP0A08:00: _OSC: OS now controls [PCIeHotplug PME PCIeCapability]
[STDERR  ] 2017-10-10T17:43:25.69131481Z: [    1.003697] PCI host bridge to bus 0000:00
[STDERR  ] 2017-10-10T17:43:25.69133183Z: [    1.004115] pci_bus 0000:00: root bus resource [io  0x0000-0x0cf7 window]
[STDERR  ] 2017-10-10T17:43:25.691343398Z: [    1.004567] pci_bus 0000:00: root bus resource [io  0x0d00-0xffff window]
[STDERR  ] 2017-10-10T17:43:25.691356488Z: [    1.005017] pci_bus 0000:00: root bus resource [mem 0x000a0000-0x000bffff window]
[STDERR  ] 2017-10-10T17:43:25.691367392Z: [    1.005487] pci_bus 0000:00: root bus resource [mem 0xc0000000-0xfebfffff window]
[STDERR  ] 2017-10-10T17:43:25.691378159Z: [    1.006068] pci_bus 0000:00: root bus resource [bus 00-ff]
[STDERR  ] 2017-10-10T17:43:25.691389235Z: [    1.112057] pci 0000:00:1f.0: quirk: [io  0x0600-0x067f] claimed by ICH6 ACPI/GPIO/TCO
[STDERR  ] 2017-10-10T17:43:25.691400976Z: [    1.170302] ACPI: PCI Interrupt Link [LNKA] (IRQs 5 *10 11)
[STDERR  ] 2017-10-10T17:43:25.691413368Z: [    1.172260] ACPI: PCI Interrupt Link [LNKB] (IRQs 5 *10 11)
[STDERR  ] 2017-10-10T17:43:25.691424559Z: [    1.173937] ACPI: PCI Interrupt Link [LNKC] (IRQs 5 10 *11)
[STDERR  ] 2017-10-10T17:43:25.691444471Z: [    1.175606] ACPI: PCI Interrupt Link [LNKD] (IRQs 5 10 *11)
[STDERR  ] 2017-10-10T17:43:25.691455955Z: [    1.177268] ACPI: PCI Interrupt Link [LNKE] (IRQs 5 *10 11)
[STDERR  ] 2017-10-10T17:43:25.691473285Z: [    1.178982] ACPI: PCI Interrupt Link [LNKF] (IRQs 5 *10 11)
[STDERR  ] 2017-10-10T17:43:25.691485508Z: [    1.180842] ACPI: PCI Interrupt Link [LNKG] (IRQs 5 10 *11)
[STDERR  ] 2017-10-10T17:43:25.691496798Z: [    1.182523] ACPI: PCI Interrupt Link [LNKH] (IRQs 5 10 *11)
[STDERR  ] 2017-10-10T17:43:25.691507851Z: [    1.183322] ACPI: PCI Interrupt Link [GSIA] (IRQs *16)
[STDERR  ] 2017-10-10T17:43:25.691519311Z: [    1.183924] ACPI: PCI Interrupt Link [GSIB] (IRQs *17)
[STDERR  ] 2017-10-10T17:43:25.691530959Z: [    1.184507] ACPI: PCI Interrupt Link [GSIC] (IRQs *18)
[STDERR  ] 2017-10-10T17:43:25.691543153Z: [    1.185091] ACPI: PCI Interrupt Link [GSID] (IRQs *19)
[STDERR  ] 2017-10-10T17:43:25.691555669Z: [    1.185673] ACPI: PCI Interrupt Link [GSIE] (IRQs *20)
[STDERR  ] 2017-10-10T17:43:25.691567423Z: [    1.186255] ACPI: PCI Interrupt Link [GSIF] (IRQs *21)
[STDERR  ] 2017-10-10T17:43:25.691579301Z: [    1.186835] ACPI: PCI Interrupt Link [GSIG] (IRQs *22)
[STDERR  ] 2017-10-10T17:43:25.691592044Z: [    1.187416] ACPI: PCI Interrupt Link [GSIH] (IRQs *23)
[STDERR  ] 2017-10-10T17:43:25.691603736Z: [    1.191090] ACPI: Enabled 2 GPEs in block 00 to 3F
[STDERR  ] 2017-10-10T17:43:25.69161639Z: [    1.195279] SCSI subsystem initialized
[STDERR  ] 2017-10-10T17:43:25.691628281Z: [    1.197091] ACPI: bus type USB registered
[STDERR  ] 2017-10-10T17:43:25.691639015Z: [    1.198148] usbcore: registered new interface driver usbfs
[STDERR  ] 2017-10-10T17:43:25.691649637Z: [    1.199048] usbcore: registered new interface driver hub
[STDERR  ] 2017-10-10T17:43:25.691660234Z: [    1.199808] usbcore: registered new device driver usb
[STDERR  ] 2017-10-10T17:43:25.691671818Z: [    1.200831] pps_core: LinuxPPS API ver. 1 registered
[STDERR  ] 2017-10-10T17:43:25.691683415Z: [    1.201167] pps_core: Software ver. 5.3.6 - Copyright 2005-2007 Rodolfo Giometti <giometti@linux.it>
[STDERR  ] 2017-10-10T17:43:25.691695162Z: [    1.201859] PTP clock support registered
[STDERR  ] 2017-10-10T17:43:25.691707182Z: [    1.202970] wmi: Mapper loaded
[STDERR  ] 2017-10-10T17:43:25.691719506Z: [    1.203979] PCI: Using ACPI for IRQ routing
[STDERR  ] 2017-10-10T17:43:25.691731145Z: [    1.223040] NetLabel: Initializing
[STDERR  ] 2017-10-10T17:43:25.691742843Z: [    1.223305] NetLabel:  domain hash size = 128
[STDERR  ] 2017-10-10T17:43:25.691754019Z: [    1.223589] NetLabel:  protocols = UNLABELED CIPSOv4
[STDERR  ] 2017-10-10T17:43:25.691773412Z: [    1.225386] NetLabel:  unlabeled traffic allowed by default
[STDERR  ] 2017-10-10T17:43:25.691792891Z: [    1.226266] HPET: 3 timers in total, 0 timers will be used for per-cpu timer
[STDERR  ] 2017-10-10T17:43:25.691805739Z: [    1.226969] hpet0: at MMIO 0xfed00000, IRQs 2, 8, 0
[STDERR  ] 2017-10-10T17:43:25.691817975Z: [    1.227412] hpet0: 3 comparators, 64-bit 100.000000 MHz counter
[STDERR  ] 2017-10-10T17:43:25.691838056Z: [    1.233537] clocksource: Switched to clocksource hpet
[STDERR  ] 2017-10-10T17:43:25.691850472Z: [    1.494679] VFS: Disk quotas dquot_6.6.0
[STDOUT  ] 2017-10-10T17:43:25.691826211Z: [    0.000000] Linux version 4.9.51-linuxkit (root@3253c0754a54) (gcc version 6.3.0 (Alpine 6.3.0) ) #1 SMP Wed Sep 20 11:32:07 UTC 2017
[STDERR  ] 2017-10-10T17:43:25.691864262Z: [    1.495440] VFS: Dquot-cache hash table entries: 512 (order 0, 4096 bytes)
[STDOUT  ] 2017-10-10T17:43:25.691875866Z: [    0.000000] Command line: console=ttyS0
[STDERR  ] 2017-10-10T17:43:25.691877956Z: [    1.498011] FS-Cache: Loaded
[STDOUT  ] 2017-10-10T17:43:25.691888112Z: [    0.000000] x86/fpu: Legacy x87 FPU detected.
[STDERR  ] 2017-10-10T17:43:25.691890206Z: [    1.503025] CacheFiles: Loaded
[STDOUT  ] 2017-10-10T17:43:25.691900259Z: [    0.000000] x86/fpu: Using 'eager' FPU context switches.
[STDERR  ] 2017-10-10T17:43:25.691902681Z: [    1.504602] pnp: PnP ACPI init
[STDOUT  ] 2017-10-10T17:43:25.691912154Z: [    0.000000] e820: BIOS-provided physical RAM map:
[STDERR  ] 2017-10-10T17:43:25.691925706Z: [    1.516024] pnp: PnP ACPI: found 5 devices
[STDOUT  ] 2017-10-10T17:43:25.691933168Z: [    0.000000] BIOS-e820: [mem 0x0000000000000000-0x000000000009fbff] usable
[STDERR  ] 2017-10-10T17:43:25.691938089Z: [    1.566053] clocksource: acpi_pm: mask: 0xffffff max_cycles: 0xffffff, max_idle_ns: 2085701024 ns
[STDOUT  ] 2017-10-10T17:43:25.691945741Z: [    0.000000] BIOS-e820: [mem 0x000000000009fc00-0x000000000009ffff] reserved
[STDERR  ] 2017-10-10T17:43:25.691951921Z: [    1.568936] NET: Registered protocol family 2
[STDERR  ] 2017-10-10T17:43:25.691964382Z: [    1.576191] TCP established hash table entries: 8192 (order: 4, 65536 bytes)
[STDOUT  ] 2017-10-10T17:43:25.691958904Z: [    0.000000] BIOS-e820: [mem 0x00000000000f0000-0x00000000000fffff] reserved
[STDOUT  ] 2017-10-10T17:43:25.691973416Z: [    0.000000] BIOS-e820: [mem 0x0000000000100000-0x000000003ffddfff] usable
[STDERR  ] 2017-10-10T17:43:25.691977065Z: [    1.576912] TCP bind hash table entries: 8192 (order: 5, 131072 bytes)
[STDOUT  ] 2017-10-10T17:43:25.691986706Z: [    0.000000] BIOS-e820: [mem 0x000000003ffde000-0x000000003fffffff] reserved
[STDERR  ] 2017-10-10T17:43:25.691989669Z: [    1.577562] TCP: Hash tables configured (established 8192 bind 8192)
[STDERR  ] 2017-10-10T17:43:25.692002377Z: [    1.579432] UDP hash table entries: 512 (order: 2, 16384 bytes)
[STDOUT  ] 2017-10-10T17:43:25.691999018Z: [    0.000000] BIOS-e820: [mem 0x00000000b0000000-0x00000000bfffffff] reserved
[STDOUT  ] 2017-10-10T17:43:25.692011253Z: [    0.000000] BIOS-e820: [mem 0x00000000fed1c000-0x00000000fed1ffff] reserved
[STDERR  ] 2017-10-10T17:43:25.692015064Z: [    1.579968] UDP-Lite hash table entries: 512 (order: 2, 16384 bytes)
[STDOUT  ] 2017-10-10T17:43:25.69202368Z: [    0.000000] BIOS-e820: [mem 0x00000000fffc0000-0x00000000ffffffff] reserved
[STDERR  ] 2017-10-10T17:43:25.692027463Z: [    1.582422] NET: Registered protocol family 1
[STDOUT  ] 2017-10-10T17:43:25.692035495Z: [    0.000000] NX (Execute Disable) protection: active
[STDERR  ] 2017-10-10T17:43:25.692040369Z: [    1.583326] pci 0000:00:01.0: Video device with shadowed ROM at [mem 0x000c0000-0x000dffff]
[STDOUT  ] 2017-10-10T17:43:25.692047455Z: [    0.000000] SMBIOS 2.8 present.
[STDERR  ] 2017-10-10T17:43:25.692052887Z: [    1.590064] Unpacking initramfs...
[STDOUT  ] 2017-10-10T17:43:25.692059631Z: [    0.000000] e820: last_pfn = 0x3ffde max_arch_pfn = 0x400000000
[STDERR  ] 2017-10-10T17:43:25.692065122Z: [   11.634798] Freeing initrd memory: 47608K
[STDOUT  ] 2017-10-10T17:43:25.692071122Z: [    0.000000] x86/PAT: Configuration [0-7]: WB  WC  UC- UC  WB  WC  UC- WT  
[STDERR  ] 2017-10-10T17:43:25.692076985Z: [   11.658291] PCLMULQDQ-NI instructions are not detected.
[STDOUT  ] 2017-10-10T17:43:25.69208547Z: [    0.000000] found SMP MP-table at [mem 0x000f6aa0-0x000f6aaf] mapped at [ffff94a7000f6aa0]
[STDERR  ] 2017-10-10T17:43:25.692089245Z: [   11.659387] AVX or AES-NI instructions are not detected.
[STDERR  ] 2017-10-10T17:43:25.692101837Z: [   11.659815] CPU feature 'AVX registers' is not supported.
[STDOUT  ] 2017-10-10T17:43:25.692097762Z: [    0.000000] RAMDISK: [mem 0x3d152000-0x3ffcffff]
[STDOUT  ] 2017-10-10T17:43:25.692110318Z: [    0.000000] ACPI: Early table checksum verification disabled
[STDERR  ] 2017-10-10T17:43:25.692115316Z: [   11.660449] CPU feature 'AVX registers' is not supported.
[STDERR  ] 2017-10-10T17:43:25.692127247Z: [   11.660845] CPU feature 'AVX registers' is not supported.
[STDOUT  ] 2017-10-10T17:43:25.692123747Z: [    0.000000] ACPI: RSDP 0x00000000000F68C0 000014 (v00 BOCHS )
[STDOUT  ] 2017-10-10T17:43:25.692136003Z: [    0.000000] ACPI: RSDT 0x000000003FFE2404 000034 (v01 BOCHS  BXPCRSDT 00000001 BXPC 00000001)
[STDERR  ] 2017-10-10T17:43:25.69213965Z: [   11.661220] CPU feature 'AVX registers' is not supported.
[STDOUT  ] 2017-10-10T17:43:25.692149213Z: [    0.000000] ACPI: FACP 0x000000003FFE22A4 000074 (v01 BOCHS  BXPCFACP 00000001 BXPC 00000001)
[STDERR  ] 2017-10-10T17:43:25.692151749Z: [   11.661588] AVX2 or AES-NI instructions are not detected.
[STDOUT  ] 2017-10-10T17:43:25.69217658Z: [    0.000000] ACPI: DSDT 0x000000003FFE0040 002264 (v01 BOCHS  BXPCDSDT 00000001 BXPC 00000001)
[STDERR  ] 2017-10-10T17:43:25.692178436Z: [   11.661957] AVX2 instructions are not detected.
[STDERR  ] 2017-10-10T17:43:25.69219132Z: [   11.667237] audit: initializing netlink subsys (disabled)
[STDOUT  ] 2017-10-10T17:43:25.692189498Z: [    0.000000] ACPI: FACS 0x000000003FFE0000 000040
[STDERR  ] 2017-10-10T17:43:25.692203577Z: [   11.668723] audit: type=2000 audit(1507657353.660:1): initialized
[STDOUT  ] 2017-10-10T17:43:25.692201612Z: [    0.000000] ACPI: APIC 0x000000003FFE2318 000078 (v01 BOCHS  BXPCAPIC 00000001 BXPC 00000001)
[STDERR  ] 2017-10-10T17:43:25.692215572Z: [   11.676675] workingset: timestamp_bits=46 max_order=18 bucket_order=0
[STDOUT  ] 2017-10-10T17:43:25.69221735Z: [    0.000000] ACPI: HPET 0x000000003FFE2390 000038 (v01 BOCHS  BXPCHPET 00000001 BXPC 00000001)
[STDERR  ] 2017-10-10T17:43:25.692228793Z: [   11.683630] FS-Cache: Netfs 'cifs' registered for caching
[STDOUT  ] 2017-10-10T17:43:25.692230686Z: [    0.000000] ACPI: MCFG 0x000000003FFE23C8 00003C (v01 BOCHS  BXPCMCFG 00000001 BXPC 00000001)
[STDERR  ] 2017-10-10T17:43:25.692240827Z: [   11.684524] fuse init (API version 7.26)
[STDOUT  ] 2017-10-10T17:43:25.692243083Z: [    0.000000] Zone ranges:
[STDERR  ] 2017-10-10T17:43:25.692253412Z: [   11.686705] SGI XFS with ACLs, security attributes, no debug enabled
[STDOUT  ] 2017-10-10T17:43:25.692255149Z: [    0.000000]   DMA      [mem 0x0000000000001000-0x0000000000ffffff]
[STDERR  ] 2017-10-10T17:43:25.692266354Z: [   11.691032] 9p: Installing v9fs 9p2000 file system support
[STDOUT  ] 2017-10-10T17:43:25.692268281Z: [    0.000000]   DMA32    [mem 0x0000000001000000-0x000000003ffddfff]
[STDERR  ] 2017-10-10T17:43:25.692278364Z: [   11.691530] FS-Cache: Netfs '9p' registered for caching
[STDOUT  ] 2017-10-10T17:43:25.692282364Z: [    0.000000]   Normal   empty
[STDOUT  ] 2017-10-10T17:43:25.69229435Z: [    0.000000] Movable zone start for each node
[STDERR  ] 2017-10-10T17:43:25.692291067Z: [   11.726796] NET: Registered protocol family 38
[STDOUT  ] 2017-10-10T17:43:25.69230623Z: [    0.000000] Early memory node ranges
[STDERR  ] 2017-10-10T17:43:25.69230781Z: [   11.727305] Key type asymmetric registered
[STDOUT  ] 2017-10-10T17:43:25.692318518Z: [    0.000000]   node   0: [mem 0x0000000000001000-0x000000000009efff]
[STDERR  ] 2017-10-10T17:43:25.692319724Z: [   11.727630] Asymmetric key parser 'x509' registered
[STDOUT  ] 2017-10-10T17:43:25.69233116Z: [    0.000000]   node   0: [mem 0x0000000000100000-0x000000003ffddfff]
[STDERR  ] 2017-10-10T17:43:25.692332963Z: [   11.728349] Block layer SCSI generic (bsg) driver version 0.4 loaded (major 251)
[STDERR  ] 2017-10-10T17:43:25.692345089Z: [   11.729547] io scheduler noop registered
[STDOUT  ] 2017-10-10T17:43:25.692344713Z: [    0.000000] Initmem setup node 0 [mem 0x0000000000001000-0x000000003ffddfff]
[STDERR  ] 2017-10-10T17:43:25.692356608Z: [   11.729861] io scheduler deadline registered (default)
[STDOUT  ] 2017-10-10T17:43:25.692356546Z: [    0.000000] ACPI: PM-Timer IO Port: 0x608
[STDOUT  ] 2017-10-10T17:43:25.692370213Z: [    0.000000] ACPI: LAPIC_NMI (acpi_id[0xff] dfl dfl lint[0x1])
[STDERR  ] 2017-10-10T17:43:25.69236828Z: [   11.731311] io scheduler cfq registered
[STDERR  ] 2017-10-10T17:43:25.692380571Z: [   11.733724] pci_hotplug: PCI Hot Plug PCI Core version: 0.5
[STDOUT  ] 2017-10-10T17:43:25.692382044Z: [    0.000000] IOAPIC[0]: apic_id 0, version 32, address 0xfec00000, GSI 0-23
[STDERR  ] 2017-10-10T17:43:25.692392542Z: [   11.734274] pciehp: PCI Express Hot Plug Controller Driver version: 0.4
[STDOUT  ] 2017-10-10T17:43:25.6923948Z: [    0.000000] ACPI: INT_SRC_OVR (bus 0 bus_irq 0 global_irq 2 dfl dfl)
[STDERR  ] 2017-10-10T17:43:25.69240588Z: [   11.735015] shpchp: Standard Hot Plug PCI Controller Driver version: 0.4
[STDOUT  ] 2017-10-10T17:43:25.692407615Z: [    0.000000] ACPI: INT_SRC_OVR (bus 0 bus_irq 5 global_irq 5 high level)
[STDERR  ] 2017-10-10T17:43:25.692427074Z: [   11.735853] hv_vmbus: registering driver hyperv_fb
[STDOUT  ] 2017-10-10T17:43:25.692429152Z: [    0.000000] ACPI: INT_SRC_OVR (bus 0 bus_irq 9 global_irq 9 high level)
[STDERR  ] 2017-10-10T17:43:25.692439295Z: [   11.738790] input: Power Button as /devices/LNXSYSTM:00/LNXPWRBN:00/input/input0
[STDOUT  ] 2017-10-10T17:43:25.692441643Z: [    0.000000] ACPI: INT_SRC_OVR (bus 0 bus_irq 10 global_irq 10 high level)
[STDERR  ] 2017-10-10T17:43:25.692451641Z: [   11.739803] ACPI: Power Button [PWRF]
[STDOUT  ] 2017-10-10T17:43:25.692455115Z: [    0.000000] ACPI: INT_SRC_OVR (bus 0 bus_irq 11 global_irq 11 high level)
[STDOUT  ] 2017-10-10T17:43:25.692467903Z: [    0.000000] Using ACPI (MADT) for SMP configuration information
[STDERR  ] 2017-10-10T17:43:25.692469275Z: [   11.744947] GHES: HEST is not enabled!
[STDOUT  ] 2017-10-10T17:43:25.692480034Z: [    0.000000] ACPI: HPET id: 0x8086a201 base: 0xfed00000
[STDERR  ] 2017-10-10T17:43:25.692480906Z: [   11.756550] ACPI: PCI Interrupt Link [GSIG] enabled at IRQ 22
[STDERR  ] 2017-10-10T17:43:25.692492594Z: [   11.768820] ACPI: PCI Interrupt Link [GSIH] enabled at IRQ 23
[STDOUT  ] 2017-10-10T17:43:25.692491962Z: [    0.000000] smpboot: Allowing 1 CPUs, 0 hotplug CPUs
[STDERR  ] 2017-10-10T17:43:25.692504822Z: [   11.772921] xenfs: not registering filesystem on non-xen platform
[STDOUT  ] 2017-10-10T17:43:25.692509222Z: [    0.000000] e820: [mem 0x40000000-0xafffffff] available for PCI devices
[STDERR  ] 2017-10-10T17:43:25.692517557Z: [   11.774764] Serial: 8250/16550 driver, 4 ports, IRQ sharing disabled
[STDOUT  ] 2017-10-10T17:43:25.692521408Z: [    0.000000] Booting paravirtualized kernel on bare hardware
[STDERR  ] 2017-10-10T17:43:25.692529924Z: [   11.800502] 00:04: ttyS0 at I/O 0x3f8 (irq = 4, base_baud = 115200) is a 16550A
[STDOUT  ] 2017-10-10T17:43:25.692533406Z: [    0.000000] clocksource: refined-jiffies: mask: 0xffffffff max_cycles: 0xffffffff, max_idle_ns: 19112604462750000 ns
[STDOUT  ] 2017-10-10T17:43:25.692545188Z: [    0.000000] setup_percpu: NR_CPUS:128 nr_cpumask_bits:128 nr_cpu_ids:1 nr_node_ids:1
[STDERR  ] 2017-10-10T17:43:25.692544261Z: [   11.810789] Non-volatile memory driver v1.3
[STDOUT  ] 2017-10-10T17:43:25.692556908Z: [    0.000000] percpu: Embedded 35 pages/cpu @ffff94a73ce00000 s105240 r8192 d29928 u2097152
[STDERR  ] 2017-10-10T17:43:25.6925561Z: [   11.816518] Hangcheck: starting hangcheck timer 0.9.1 (tick is 180 seconds, margin is 60 seconds).
[STDOUT  ] 2017-10-10T17:43:25.692570244Z: [    0.000000] Built 1 zonelists in Zone order, mobility grouping on.  Total pages: 257895
[STDERR  ] 2017-10-10T17:43:25.692572051Z: [   11.820710] random: fast init done
[STDOUT  ] 2017-10-10T17:43:25.692582898Z: [    0.000000] Kernel command line: console=ttyS0
[STDERR  ] 2017-10-10T17:43:25.692584679Z: [   11.821871] random: crng init done
[STDOUT  ] 2017-10-10T17:43:25.692594989Z: [    0.000000] PID hash table entries: 4096 (order: 3, 32768 bytes)
[STDERR  ] 2017-10-10T17:43:25.69259661Z: [   11.858025] loop: module loaded
[STDERR  ] 2017-10-10T17:43:25.692609158Z: [   11.872683] nbd: registered device at major 43
[STDOUT  ] 2017-10-10T17:43:25.692609347Z: [    0.000000] Dentry cache hash table entries: 131072 (order: 8, 1048576 bytes)
[STDERR  ] 2017-10-10T17:43:25.692620973Z: [   11.914635] lpc_ich 0000:00:1f.0: I/O space for GPIO uninitialized
[STDOUT  ] 2017-10-10T17:43:25.692623136Z: [    0.000000] Inode-cache hash table entries: 65536 (order: 7, 524288 bytes)
[STDERR  ] 2017-10-10T17:43:25.692633453Z: [   11.916305] VMware PVSCSI driver - version 1.0.7.0-k
[STDOUT  ] 2017-10-10T17:43:25.692635597Z: [    0.000000] Memory: 966560K/1048048K available (8036K kernel code, 1367K rwdata, 2696K rodata, 1380K init, 568K bss, 81488K reserved, 0K cma-reserved)
[STDERR  ] 2017-10-10T17:43:25.692645389Z: [   11.916986] hv_vmbus: registering driver hv_storvsc
[STDOUT  ] 2017-10-10T17:43:25.69264765Z: [    0.000000] Hierarchical RCU implementation.
[STDERR  ] 2017-10-10T17:43:25.692657405Z: [   11.927128] ACPI: PCI Interrupt Link [GSIA] enabled at IRQ 16
[STDOUT  ] 2017-10-10T17:43:25.692669472Z: [    0.000000] 	Build-time adjustment of leaf fanout to 64.
[STDERR  ] 2017-10-10T17:43:25.692676936Z: [   11.933500] ahci 0000:00:1f.2: AHCI 0001.0000 32 slots 6 ports 1.5 Gbps 0x3f impl SATA mode
[STDOUT  ] 2017-10-10T17:43:25.692682013Z: [    0.000000] 	RCU restricting CPUs from NR_CPUS=128 to nr_cpu_ids=1.
[STDERR  ] 2017-10-10T17:43:25.692690165Z: [   11.934169] ahci 0000:00:1f.2: flags: 64bit ncq only 
[STDOUT  ] 2017-10-10T17:43:25.692693876Z: [    0.000000] RCU: Adjusting geometry for rcu_fanout_leaf=64, nr_cpu_ids=1
[STDERR  ] 2017-10-10T17:43:25.692701994Z: [   11.954880] scsi host0: ahci
[STDOUT  ] 2017-10-10T17:43:25.692706145Z: [    0.000000] NR_IRQS:8448 nr_irqs:256 16
[STDERR  ] 2017-10-10T17:43:25.692714454Z: [   11.958777] scsi host1: ahci
[STDOUT  ] 2017-10-10T17:43:25.692718211Z: [    0.000000] Console: colour VGA+ 80x25
[STDERR  ] 2017-10-10T17:43:25.69272694Z: [   11.961245] scsi host2: ahci
[STDOUT  ] 2017-10-10T17:43:25.692734489Z: [    0.000000] console [ttyS0] enabled
[STDERR  ] 2017-10-10T17:43:25.692739984Z: [   11.963451] scsi host3: ahci
[STDERR  ] 2017-10-10T17:43:25.692751985Z: [   11.965671] scsi host4: ahci
[STDOUT  ] 2017-10-10T17:43:25.69274606Z: [    0.000000] clocksource: hpet: mask: 0xffffffff max_cycles: 0xffffffff, max_idle_ns: 19112604467 ns
[STDOUT  ] 2017-10-10T17:43:25.692763228Z: [    0.000000] tsc: Fast TSC calibration using PIT
[STDERR  ] 2017-10-10T17:43:25.692763815Z: [   11.967762] scsi host5: ahci
[STDOUT  ] 2017-10-10T17:43:25.692774966Z: [    0.000000] tsc: Detected 2300.113 MHz processor
[STDERR  ] 2017-10-10T17:43:25.692777526Z: [   11.969546] ata1: SATA max UDMA/133 abar m4096@0xfebd2000 port 0xfebd2100 irq 24
[STDOUT  ] 2017-10-10T17:43:25.692786859Z: [    0.021302] Calibrating delay loop (skipped), value calculated using timer frequency.. 4600.22 BogoMIPS (lpj=23001130)
[STDERR  ] 2017-10-10T17:43:25.692790349Z: [   11.970080] ata2: SATA max UDMA/133 abar m4096@0xfebd2000 port 0xfebd2180 irq 24
[STDERR  ] 2017-10-10T17:43:25.692802787Z: [   11.970755] ata3: SATA max UDMA/133 abar m4096@0xfebd2000 port 0xfebd2200 irq 24
[STDOUT  ] 2017-10-10T17:43:25.692798924Z: [    0.022288] pid_max: default: 32768 minimum: 301
[STDOUT  ] 2017-10-10T17:43:25.692811253Z: [    0.023118] ACPI: Core revision 20160831
[STDERR  ] 2017-10-10T17:43:25.69281474Z: [   11.971223] ata4: SATA max UDMA/133 abar m4096@0xfebd2000 port 0xfebd2280 irq 24
[STDOUT  ] 2017-10-10T17:43:25.692823337Z: [    0.069760] ACPI: 1 ACPI AML tables successfully acquired and loaded
[STDERR  ] 2017-10-10T17:43:25.692826704Z: [   11.971680] ata5: SATA max UDMA/133 abar m4096@0xfebd2000 port 0xfebd2300 irq 24
[STDOUT  ] 2017-10-10T17:43:25.692837099Z: [    0.072972] Security Framework initialized
[STDERR  ] 2017-10-10T17:43:25.69284064Z: [   11.972138] ata6: SATA max UDMA/133 abar m4096@0xfebd2000 port 0xfebd2380 irq 24
[STDOUT  ] 2017-10-10T17:43:25.692848981Z: [    0.073339] Yama: becoming mindful.
[STDERR  ] 2017-10-10T17:43:25.692853161Z: [   11.985283] tun: Universal TUN/TAP device driver, 1.6
[STDOUT  ] 2017-10-10T17:43:25.692861666Z: [    0.075210] Mount-cache hash table entries: 2048 (order: 2, 16384 bytes)
[STDERR  ] 2017-10-10T17:43:25.692865063Z: [   11.985646] tun: (C) 1999-2004 Max Krasnyansky <maxk@qualcomm.com>
[STDOUT  ] 2017-10-10T17:43:25.692874249Z: [    0.075722] Mountpoint-cache hash table entries: 2048 (order: 2, 16384 bytes)
[STDERR  ] 2017-10-10T17:43:25.692877594Z: [   11.996041] VMware vmxnet3 virtual NIC driver - version 1.4.a.0-k-NAPI
[STDOUT  ] 2017-10-10T17:43:25.692886312Z: [    0.094446] Last level iTLB entries: 4KB 0, 2MB 0, 4MB 0
[STDERR  ] 2017-10-10T17:43:25.692890115Z: [   11.996836] hv_vmbus: registering driver hv_netvsc
[STDOUT  ] 2017-10-10T17:43:25.69289863Z: [    0.094864] Last level dTLB entries: 4KB 0, 2MB 0, 4MB 0, 1GB 0
[STDOUT  ] 2017-10-10T17:43:25.692911056Z: [    0.395850] Freeing SMP alternatives memory: 20K
[STDERR  ] 2017-10-10T17:43:25.69290645Z: [   11.997179] Fusion MPT base driver 3.04.20
[STDOUT  ] 2017-10-10T17:43:25.692928372Z: [    0.404322] ftrace: allocating 35528 entries in 139 pages
[STDERR  ] 2017-10-10T17:43:25.692926475Z: [   11.997449] Copyright (c) 1999-2008 LSI Corporation
[STDERR  ] 2017-10-10T17:43:25.69293836Z: [   11.997966] Fusion MPT SPI Host driver 3.04.20
[STDERR  ] 2017-10-10T17:43:25.692949644Z: [   11.999871] i8042: PNP: PS/2 Controller [PNP0303:KBD,PNP0f13:MOU] at 0x60,0x64 irq 1,12
[STDERR  ] 2017-10-10T17:43:25.692972797Z: [   12.004088] serio: i8042 KBD port at 0x60,0x64 irq 1
[STDOUT  ] 2017-10-10T17:43:25.692975002Z: [    0.564399] smpboot: Max logical packages: 1
[STDERR  ] 2017-10-10T17:43:25.692985822Z: [   12.004661] serio: i8042 AUX port at 0x60,0x64 irq 12
[STDOUT  ] 2017-10-10T17:43:25.692988204Z: [    0.569608] ..TIMER: vector=0x30 apic1=0 pin1=2 apic2=-1 pin2=-1
[STDERR  ] 2017-10-10T17:43:25.69299772Z: [   12.007619] hv_vmbus: registering driver hyperv_keyboard
[STDOUT  ] 2017-10-10T17:43:25.693005683Z: [    0.670000] smpboot: CPU0: AMD QEMU Virtual CPU version 2.5+ (family: 0x6, model: 0x6, stepping: 0x3)
[STDERR  ] 2017-10-10T17:43:25.693010318Z: [   12.009619] mousedev: PS/2 mouse device common for all mice
[STDERR  ] 2017-10-10T17:43:25.693022352Z: [   12.014537] input: AT Translated Set 2 keyboard as /devices/platform/i8042/serio0/input/input1
[STDOUT  ] 2017-10-10T17:43:25.693017875Z: [    0.670000] Performance Events: PMU not available due to virtualization, using software events only.
[STDERR  ] 2017-10-10T17:43:25.693035455Z: [   12.017337] input: PC Speaker as /devices/platform/pcspkr/input/input2
[STDOUT  ] 2017-10-10T17:43:25.693031152Z: [    0.677513] NMI watchdog: disabled (cpu0): hardware events not enabled
[STDOUT  ] 2017-10-10T17:43:25.693044013Z: [    0.677965] NMI watchdog: Shutting down hard lockup detector on all cpus
[STDERR  ] 2017-10-10T17:43:25.693047292Z: [   12.020968] rtc_cmos 00:00: RTC can wake from S4
[STDOUT  ] 2017-10-10T17:43:25.693056286Z: [    0.680467] x86: Booted up 1 node, 1 CPUs
[STDERR  ] 2017-10-10T17:43:25.69306203Z: [   12.024092] rtc_cmos 00:00: rtc core: registered rtc_cmos as rtc0
[STDOUT  ] 2017-10-10T17:43:25.693068091Z: [    0.680823] smpboot: Total of 1 processors activated (4600.22 BogoMIPS)
[STDERR  ] 2017-10-10T17:43:25.693073709Z: [   12.025368] rtc_cmos 00:00: alarms up to one day, y3k, 114 bytes nvram, hpet irqs
[STDOUT  ] 2017-10-10T17:43:25.693080432Z: [    0.694797] devtmpfs: initialized
[STDERR  ] 2017-10-10T17:43:25.693085831Z: [   12.026033] i2c /dev entries driver
[STDOUT  ] 2017-10-10T17:43:25.693092751Z: [    0.699402] x86/mm: Memory block size: 128MB
[STDERR  ] 2017-10-10T17:43:25.69309785Z: [   12.027800] device-mapper: ioctl: 4.35.0-ioctl (2016-06-23) initialised: dm-devel@redhat.com
[STDOUT  ] 2017-10-10T17:43:25.693104372Z: [    0.761243] clocksource: jiffies: mask: 0xffffffff max_cycles: 0xffffffff, max_idle_ns: 19112604462750000 ns
[STDERR  ] 2017-10-10T17:43:25.693110788Z: [   12.032516] usbcore: registered new interface driver usbhid
[STDOUT  ] 2017-10-10T17:43:25.69311617Z: [    0.762070] futex hash table entries: 256 (order: 2, 16384 bytes)
[STDERR  ] 2017-10-10T17:43:25.693122558Z: [   12.032909] usbhid: USB HID core driver
[STDOUT  ] 2017-10-10T17:43:25.69312779Z: [    0.771171] NET: Registered protocol family 16
[STDERR  ] 2017-10-10T17:43:25.693139529Z: [   12.033427] hv_utils: Registering HyperV Utility Driver
[STDOUT  ] 2017-10-10T17:43:25.693141162Z: [    0.780458] cpuidle: using governor ladder
[STDERR  ] 2017-10-10T17:43:25.693151766Z: [   12.033772] hv_vmbus: registering driver hv_util
[STDOUT  ] 2017-10-10T17:43:25.693153564Z: [    0.780869] cpuidle: using governor menu
[STDERR  ] 2017-10-10T17:43:25.693163862Z: [   12.034073] hv_vmbus: registering driver hv_balloon
[STDOUT  ] 2017-10-10T17:43:25.693165559Z: [    0.781922] ACPI: bus type PCI registered
[STDERR  ] 2017-10-10T17:43:25.69317597Z: [   12.034541] oprofile: using NMI interrupt.
[STDOUT  ] 2017-10-10T17:43:25.693177815Z: [    0.784634] PCI: MMCONFIG for domain 0000 [bus 00-ff] at [mem 0xb0000000-0xbfffffff] (base 0xb0000000)
[STDERR  ] 2017-10-10T17:43:25.693198001Z: [   12.035575] GACT probability on
[STDOUT  ] 2017-10-10T17:43:25.69320001Z: [    0.785384] PCI: MMCONFIG at [mem 0xb0000000-0xbfffffff] reserved in E820
[STDERR  ] 2017-10-10T17:43:25.693210871Z: [   12.035989] Mirror/redirect action on
[STDOUT  ] 2017-10-10T17:43:25.693217641Z: [    0.786638] PCI: Using configuration type 1 for base access
[STDERR  ] 2017-10-10T17:43:25.693224462Z: [   12.036748] Simple TC action Loaded
[STDOUT  ] 2017-10-10T17:43:25.693231331Z: [    0.842950] HugeTLB registered 2 MB page size, pre-allocated 0 pages
[STDERR  ] 2017-10-10T17:43:25.693243424Z: [   12.037249] u32 classifier
[STDOUT  ] 2017-10-10T17:43:25.693245272Z: [    0.853102] ACPI: Added _OSI(Module Device)
[STDOUT  ] 2017-10-10T17:43:25.693257646Z: [    0.853423] ACPI: Added _OSI(Processor Device)
[STDERR  ] 2017-10-10T17:43:25.693258986Z: [   12.037441]     Performance counters on
[STDOUT  ] 2017-10-10T17:43:25.69326962Z: [    0.853712] ACPI: Added _OSI(3.0 _SCP Extensions)
[STDERR  ] 2017-10-10T17:43:25.693270848Z: [   12.037688]     input device check on
[STDOUT  ] 2017-10-10T17:43:25.693281672Z: [    0.854010] ACPI: Added _OSI(Processor Aggregator Device)
[STDERR  ] 2017-10-10T17:43:25.69328339Z: [   12.037925]     Actions configured
[STDOUT  ] 2017-10-10T17:43:25.693293625Z: [    0.928136] ACPI: Interpreter enabled
[STDERR  ] 2017-10-10T17:43:25.693297855Z: [   12.038423] Netfilter messages via NETLINK v0.30.
[STDERR  ] 2017-10-10T17:43:25.693309679Z: [   12.038915] nfnl_acct: registering with nfnetlink.
[STDOUT  ] 2017-10-10T17:43:25.693305305Z: [    0.928938] ACPI: (supports S0 S5)
[STDOUT  ] 2017-10-10T17:43:25.693318208Z: [    0.929223] ACPI: Using IOAPIC for interrupt routing
[STDERR  ] 2017-10-10T17:43:25.693321641Z: [   12.040368] nf_conntrack version 0.5.0 (8192 buckets, 32768 max)
[STDOUT  ] 2017-10-10T17:43:25.693330118Z: [    0.931143] PCI: Using host bridge windows from ACPI; if necessary, use "pci=nocrs" and report a bug
[STDERR  ] 2017-10-10T17:43:25.693333595Z: [   12.043436] ctnetlink v0.93: registering with nfnetlink.
[STDOUT  ] 2017-10-10T17:43:25.693342459Z: [    0.993724] ACPI: PCI Root Bridge [PCI0] (domain 0000 [bus 00-ff])
[STDERR  ] 2017-10-10T17:43:25.693345485Z: [   12.046499] nf_tables: (c) 2007-2009 Patrick McHardy <kaber@trash.net>
[STDOUT  ] 2017-10-10T17:43:25.693356338Z: [    0.994612] acpi PNP0A08:00: _OSC: OS supports [ExtendedConfig ASPM ClockPM Segments MSI]
[STDERR  ] 2017-10-10T17:43:25.693358107Z: [   12.047291] nf_tables_compat: (c) 2012 Pablo Neira Ayuso <pablo@netfilter.org>
[STDOUT  ] 2017-10-10T17:43:25.693368724Z: [    1.000202] acpi PNP0A08:00: _OSC: OS now controls [PCIeHotplug PME PCIeCapability]
[STDERR  ] 2017-10-10T17:43:25.693372118Z: [   12.049487] xt_time: kernel timezone is -0000
[STDERR  ] 2017-10-10T17:43:25.693385385Z: [   12.049992] ip_set: protocol 6
[STDOUT  ] 2017-10-10T17:43:25.693384723Z: [    1.003697] PCI host bridge to bus 0000:00
[STDERR  ] 2017-10-10T17:43:25.693398493Z: [   12.050852] IPVS: Registered protocols (TCP, UDP, SCTP, AH, ESP)
[STDOUT  ] 2017-10-10T17:43:25.693402429Z: [    1.004115] pci_bus 0000:00: root bus resource [io  0x0000-0x0cf7 window]
[STDOUT  ] 2017-10-10T17:43:25.693415007Z: [    1.004567] pci_bus 0000:00: root bus resource [io  0x0d00-0xffff window]
[STDERR  ] 2017-10-10T17:43:25.693410437Z: [   12.051439] IPVS: Connection hash table configured (size=4096, memory=64Kbytes)
[STDERR  ] 2017-10-10T17:43:25.693423913Z: [   12.053040] IPVS: Creating netns size=2104 id=0
[STDOUT  ] 2017-10-10T17:43:25.693427844Z: [    1.005017] pci_bus 0000:00: root bus resource [mem 0x000a0000-0x000bffff window]
[STDERR  ] 2017-10-10T17:43:25.693435617Z: [   12.055722] IPVS: ipvs loaded.
[STDERR  ] 2017-10-10T17:43:25.693448051Z: [   12.056049] IPVS: [rr] scheduler registered.
[STDOUT  ] 2017-10-10T17:43:25.693443896Z: [    1.005487] pci_bus 0000:00: root bus resource [mem 0xc0000000-0xfebfffff window]
[STDOUT  ] 2017-10-10T17:43:25.693461684Z: [    1.006068] pci_bus 0000:00: root bus resource [bus 00-ff]
[STDERR  ] 2017-10-10T17:43:25.69346389Z: [   12.056424] IPVS: [wrr] scheduler registered.
[STDOUT  ] 2017-10-10T17:43:25.693474021Z: [    1.112057] pci 0000:00:1f.0: quirk: [io  0x0600-0x067f] claimed by ICH6 ACPI/GPIO/TCO
[STDERR  ] 2017-10-10T17:43:25.693475793Z: [   12.056719] IPVS: [lc] scheduler registered.
[STDOUT  ] 2017-10-10T17:43:25.693486665Z: [    1.170302] ACPI: PCI Interrupt Link [LNKA] (IRQs 5 *10 11)
[STDERR  ] 2017-10-10T17:43:25.693488313Z: [   12.056999] IPVS: [wlc] scheduler registered.
[STDOUT  ] 2017-10-10T17:43:25.693498742Z: [    1.172260] ACPI: PCI Interrupt Link [LNKB] (IRQs 5 *10 11)
[STDERR  ] 2017-10-10T17:43:25.693500549Z: [   12.057282] IPVS: [fo] scheduler registered.
[STDOUT  ] 2017-10-10T17:43:25.693510997Z: [    1.173937] ACPI: PCI Interrupt Link [LNKC] (IRQs 5 10 *11)
[STDERR  ] 2017-10-10T17:43:25.693512443Z: [   12.057562] IPVS: [ovf] scheduler registered.
[STDOUT  ] 2017-10-10T17:43:25.693522988Z: [    1.175606] ACPI: PCI Interrupt Link [LNKD] (IRQs 5 10 *11)
[STDERR  ] 2017-10-10T17:43:25.693524786Z: [   12.057948] IPVS: [lblc] scheduler registered.
[STDOUT  ] 2017-10-10T17:43:25.693535078Z: [    1.177268] ACPI: PCI Interrupt Link [LNKE] (IRQs 5 *10 11)
[STDERR  ] 2017-10-10T17:43:25.693536781Z: [   12.058340] IPVS: [lblcr] scheduler registered.
[STDOUT  ] 2017-10-10T17:43:25.693546944Z: [    1.178982] ACPI: PCI Interrupt Link [LNKF] (IRQs 5 *10 11)
[STDERR  ] 2017-10-10T17:43:25.693548887Z: [   12.058657] IPVS: [dh] scheduler registered.
[STDOUT  ] 2017-10-10T17:43:25.693558704Z: [    1.180842] ACPI: PCI Interrupt Link [LNKG] (IRQs 5 10 *11)
[STDERR  ] 2017-10-10T17:43:25.693560864Z: [   12.058940] IPVS: [sh] scheduler registered.
[STDOUT  ] 2017-10-10T17:43:25.693570434Z: [    1.182523] ACPI: PCI Interrupt Link [LNKH] (IRQs 5 10 *11)
[STDERR  ] 2017-10-10T17:43:25.693572763Z: [   12.059220] IPVS: [sed] scheduler registered.
[STDOUT  ] 2017-10-10T17:43:25.693582358Z: [    1.183322] ACPI: PCI Interrupt Link [GSIA] (IRQs *16)
[STDERR  ] 2017-10-10T17:43:25.693584628Z: [   12.059504] IPVS: [nq] scheduler registered.
[STDOUT  ] 2017-10-10T17:43:25.693594266Z: [    1.183924] ACPI: PCI Interrupt Link [GSIB] (IRQs *17)
[STDOUT  ] 2017-10-10T17:43:25.69360603Z: [    1.184507] ACPI: PCI Interrupt Link [GSIC] (IRQs *18)
[STDERR  ] 2017-10-10T17:43:25.693599844Z: [   12.060430] IPVS: ftp: loaded support on port[0] = 21
[STDERR  ] 2017-10-10T17:43:25.693614382Z: [   12.061348] ipip: IPv4 and MPLS over IPv4 tunneling driver
[STDOUT  ] 2017-10-10T17:43:25.693617808Z: [    1.185091] ACPI: PCI Interrupt Link [GSID] (IRQs *19)
[STDERR  ] 2017-10-10T17:43:25.693626379Z: [   12.065286] gre: GRE over IPv4 demultiplexor driver
[STDOUT  ] 2017-10-10T17:43:25.693629743Z: [    1.185673] ACPI: PCI Interrupt Link [GSIE] (IRQs *20)
[STDERR  ] 2017-10-10T17:43:25.693638498Z: [   12.067851] ip_tables: (C) 2000-2006 Netfilter Core Team
[STDOUT  ] 2017-10-10T17:43:25.693647473Z: [    1.186255] ACPI: PCI Interrupt Link [GSIF] (IRQs *21)
[STDERR  ] 2017-10-10T17:43:25.693650743Z: [   12.071304] ipt_CLUSTERIP: ClusterIP Version 0.8 loaded successfully
[STDOUT  ] 2017-10-10T17:43:25.693659225Z: [    1.186835] ACPI: PCI Interrupt Link [GSIG] (IRQs *22)
[STDERR  ] 2017-10-10T17:43:25.693663331Z: [   12.071976] arp_tables: arp_tables: (C) 2002 David S. Miller
[STDOUT  ] 2017-10-10T17:43:25.693671261Z: [    1.187416] ACPI: PCI Interrupt Link [GSIH] (IRQs *23)
[STDERR  ] 2017-10-10T17:43:25.69368001Z: [   12.074163] NET: Registered protocol family 10
[STDOUT  ] 2017-10-10T17:43:25.693683343Z: [    1.191090] ACPI: Enabled 2 GPEs in block 00 to 3F
[STDERR  ] 2017-10-10T17:43:25.693692364Z: [   12.084061] ip6_tables: (C) 2000-2006 Netfilter Core Team
[STDOUT  ] 2017-10-10T17:43:25.693695448Z: [    1.195279] SCSI subsystem initialized
[STDOUT  ] 2017-10-10T17:43:25.693707267Z: [    1.197091] ACPI: bus type USB registered
[STDERR  ] 2017-10-10T17:43:25.693706503Z: [   12.092257] NET: Registered protocol family 17
[STDOUT  ] 2017-10-10T17:43:25.693723121Z: [    1.198148] usbcore: registered new interface driver usbfs
[STDERR  ] 2017-10-10T17:43:25.693723148Z: [   12.093216] Bridge firewalling registered
[STDOUT  ] 2017-10-10T17:43:25.693735332Z: [    1.199048] usbcore: registered new interface driver hub
[STDERR  ] 2017-10-10T17:43:25.693735435Z: [   12.093696] Ebtables v2.0 registered
[STDOUT  ] 2017-10-10T17:43:25.693747588Z: [    1.199808] usbcore: registered new device driver usb
[STDERR  ] 2017-10-10T17:43:25.693752207Z: [   12.095512] 8021q: 802.1Q VLAN Support v1.8
[STDOUT  ] 2017-10-10T17:43:25.69376058Z: [    1.200831] pps_core: LinuxPPS API ver. 1 registered
[STDERR  ] 2017-10-10T17:43:25.693764019Z: [   12.096867] 9pnet: Installing 9P2000 support
[STDOUT  ] 2017-10-10T17:43:25.693772526Z: [    1.201167] pps_core: Software ver. 5.3.6 - Copyright 2005-2007 Rodolfo Giometti <giometti@linux.it>
[STDERR  ] 2017-10-10T17:43:25.693775884Z: [   12.098201] Key type dns_resolver registered
[STDOUT  ] 2017-10-10T17:43:25.693785041Z: [    1.201859] PTP clock support registered
[STDERR  ] 2017-10-10T17:43:25.693787572Z: [   12.099038] microcode: AMD CPU family 0x6 not supported
[STDOUT  ] 2017-10-10T17:43:25.693797253Z: [    1.202970] wmi: Mapper loaded
[STDERR  ] 2017-10-10T17:43:25.693799287Z: [   12.102862] registered taskstats version 1
[STDERR  ] 2017-10-10T17:43:25.693815777Z: [   12.260672] Key type big_key registered
[STDOUT  ] 2017-10-10T17:43:25.693809732Z: [    1.203979] PCI: Using ACPI for IRQ routing
[STDOUT  ] 2017-10-10T17:43:25.693824079Z: [    1.223040] NetLabel: Initializing
[STDERR  ] 2017-10-10T17:43:25.6938275Z: [   12.304019] ata2: SATA link up 1.5 Gbps (SStatus 113 SControl 300)
[STDOUT  ] 2017-10-10T17:43:25.693836235Z: [    1.223305] NetLabel:  domain hash size = 128
[STDERR  ] 2017-10-10T17:43:25.693839601Z: [   12.308114] ata2.00: ATA-7: QEMU HARDDISK, 2.5+, max UDMA/100
[STDOUT  ] 2017-10-10T17:43:25.693848115Z: [    1.223589] NetLabel:  protocols = UNLABELED CIPSOv4
[STDERR  ] 2017-10-10T17:43:25.693851548Z: [   12.308772] ata2.00: 1048576 sectors, multi 16: LBA48 NCQ (depth 31/32)
[STDERR  ] 2017-10-10T17:43:25.693863977Z: [   12.309315] ata2.00: applying bridge limits
[STDOUT  ] 2017-10-10T17:43:25.693859797Z: [    1.225386] NetLabel:  unlabeled traffic allowed by default
[STDOUT  ] 2017-10-10T17:43:25.693878421Z: [    1.226266] HPET: 3 timers in total, 0 timers will be used for per-cpu timer
[STDERR  ] 2017-10-10T17:43:25.693876551Z: [   12.310760] ata3: SATA link up 1.5 Gbps (SStatus 113 SControl 300)
[STDERR  ] 2017-10-10T17:43:25.693888843Z: [   12.311507] ata3.00: ATAPI: QEMU DVD-ROM, 2.5+, max UDMA/100
[STDOUT  ] 2017-10-10T17:43:25.693890312Z: [    1.226969] hpet0: at MMIO 0xfed00000, IRQs 2, 8, 0
[STDERR  ] 2017-10-10T17:43:25.693900928Z: [   12.311919] ata3.00: applying bridge limits
[STDOUT  ] 2017-10-10T17:43:25.693902773Z: [    1.227412] hpet0: 3 comparators, 64-bit 100.000000 MHz counter
[STDERR  ] 2017-10-10T17:43:25.693912855Z: [   12.312845] ata3.00: configured for UDMA/100
[STDOUT  ] 2017-10-10T17:43:25.693914689Z: [    1.233537] clocksource: Switched to clocksource hpet
[STDOUT  ] 2017-10-10T17:43:25.693926308Z: [    1.494679] VFS: Disk quotas dquot_6.6.0
[STDOUT  ] 2017-10-10T17:43:25.693937532Z: [    1.495440] VFS: Dquot-cache hash table entries: 512 (order 0, 4096 bytes)
[STDERR  ] 2017-10-10T17:43:25.693947771Z: [   12.315260] ata1: SATA link up 1.5 Gbps (SStatus 113 SControl 300)
[STDERR  ] 2017-10-10T17:43:25.693963438Z: [   12.315855] ata1.00: ATA-7: QEMU HARDDISK, 2.5+, max UDMA/100
[STDOUT  ] 2017-10-10T17:43:25.693960248Z: [    1.498011] FS-Cache: Loaded
[STDOUT  ] 2017-10-10T17:43:25.693972373Z: [    1.503025] CacheFiles: Loaded
[STDERR  ] 2017-10-10T17:43:25.693975362Z: [   12.316290] ata1.00: 1048576 sectors, multi 16: LBA48 NCQ (depth 31/32)
[STDERR  ] 2017-10-10T17:43:25.69398815Z: [   12.316711] ata1.00: applying bridge limits
[STDOUT  ] 2017-10-10T17:43:25.693984332Z: [    1.504602] pnp: PnP ACPI init
[STDOUT  ] 2017-10-10T17:43:25.693996998Z: [    1.516024] pnp: PnP ACPI: found 5 devices
[STDERR  ] 2017-10-10T17:43:25.694000233Z: [   12.317260] ata1.00: configured for UDMA/100
[STDOUT  ] 2017-10-10T17:43:25.694014092Z: [    1.566053] clocksource: acpi_pm: mask: 0xffffff max_cycles: 0xffffff, max_idle_ns: 2085701024 ns
[STDERR  ] 2017-10-10T17:43:25.694017064Z: [   12.319005] ata4: SATA link down (SStatus 0 SControl 300)
[STDOUT  ] 2017-10-10T17:43:25.694026802Z: [    1.568936] NET: Registered protocol family 2
[STDERR  ] 2017-10-10T17:43:25.694028642Z: [   12.319587] ata5: SATA link down (SStatus 0 SControl 300)
[STDERR  ] 2017-10-10T17:43:25.694040958Z: [   12.320062] ata6: SATA link down (SStatus 0 SControl 300)
[STDOUT  ] 2017-10-10T17:43:25.694039062Z: [    1.576191] TCP established hash table entries: 8192 (order: 4, 65536 bytes)
[STDERR  ] 2017-10-10T17:43:25.694052835Z: [   12.339447] ata2.00: configured for UDMA/100
[STDOUT  ] 2017-10-10T17:43:25.694055083Z: [    1.576912] TCP bind hash table entries: 8192 (order: 5, 131072 bytes)
[STDERR  ] 2017-10-10T17:43:25.694064891Z: [   12.340502] Key type encrypted registered
[STDOUT  ] 2017-10-10T17:43:25.694067592Z: [    1.577562] TCP: Hash tables configured (established 8192 bind 8192)
[STDERR  ] 2017-10-10T17:43:25.694076789Z: [   12.344385] rtc_cmos 00:00: setting system clock to 2017-10-10 17:42:35 UTC (1507657355)
[STDOUT  ] 2017-10-10T17:43:25.694079964Z: [    1.579432] UDP hash table entries: 512 (order: 2, 16384 bytes)
[STDERR  ] 2017-10-10T17:43:25.694089588Z: [   12.351416] scsi 0:0:0:0: Direct-Access     ATA      QEMU HARDDISK    2.5+ PQ: 0 ANSI: 5
[STDOUT  ] 2017-10-10T17:43:25.69409186Z: [    1.579968] UDP-Lite hash table entries: 512 (order: 2, 16384 bytes)
[STDERR  ] 2017-10-10T17:43:25.694103712Z: [   12.358604] sd 0:0:0:0: [sda] 1048576 512-byte logical blocks: (537 MB/512 MiB)
[STDOUT  ] 2017-10-10T17:43:25.694105472Z: [    1.582422] NET: Registered protocol family 1
[STDERR  ] 2017-10-10T17:43:25.694117345Z: [   12.363214] sd 0:0:0:0: Attached scsi generic sg0 type 0
[STDOUT  ] 2017-10-10T17:43:25.694116787Z: [    1.583326] pci 0000:00:01.0: Video device with shadowed ROM at [mem 0x000c0000-0x000dffff]
[STDERR  ] 2017-10-10T17:43:25.694128927Z: [   12.364667] sd 0:0:0:0: [sda] Write Protect is off
[STDOUT  ] 2017-10-10T17:43:25.6941312Z: [    1.590064] Unpacking initramfs...
[STDOUT  ] 2017-10-10T17:43:25.69414362Z: [   11.634798] Freeing initrd memory: 47608K
[STDERR  ] 2017-10-10T17:43:25.694142059Z: [   12.368591] sd 0:0:0:0: [sda] Write cache: enabled, read cache: enabled, doesn't support DPO or FUA
[STDOUT  ] 2017-10-10T17:43:25.694155523Z: [   11.658291] PCLMULQDQ-NI instructions are not detected.
[STDERR  ] 2017-10-10T17:43:25.694157407Z: [   12.374099] scsi 1:0:0:0: Direct-Access     ATA      QEMU HARDDISK    2.5+ PQ: 0 ANSI: 5
[STDOUT  ] 2017-10-10T17:43:25.694167555Z: [   11.659387] AVX or AES-NI instructions are not detected.
[STDERR  ] 2017-10-10T17:43:25.694170152Z: [   12.377599] sd 1:0:0:0: [sdb] 1048576 512-byte logical blocks: (537 MB/512 MiB)
[STDERR  ] 2017-10-10T17:43:25.694182562Z: [   12.379335] sd 1:0:0:0: [sdb] Write Protect is off
[STDOUT  ] 2017-10-10T17:43:25.694181729Z: [   11.659815] CPU feature 'AVX registers' is not supported.
[STDOUT  ] 2017-10-10T17:43:25.694197801Z: [   11.660449] CPU feature 'AVX registers' is not supported.
[STDERR  ] 2017-10-10T17:43:25.694195591Z: [   12.383219] sd 1:0:0:0: [sdb] Write cache: enabled, read cache: enabled, doesn't support DPO or FUA
[STDOUT  ] 2017-10-10T17:43:25.694209822Z: [   11.660845] CPU feature 'AVX registers' is not supported.
[STDERR  ] 2017-10-10T17:43:25.694213252Z: [   12.384090] sd 1:0:0:0: Attached scsi generic sg1 type 0
[STDOUT  ] 2017-10-10T17:43:25.694221947Z: [   11.661220] CPU feature 'AVX registers' is not supported.
[STDERR  ] 2017-10-10T17:43:25.694225354Z: [   12.392339] scsi 2:0:0:0: CD-ROM            QEMU     QEMU DVD-ROM     2.5+ PQ: 0 ANSI: 5
[STDOUT  ] 2017-10-10T17:43:25.694233821Z: [   11.661588] AVX2 or AES-NI instructions are not detected.
[STDERR  ] 2017-10-10T17:43:25.694237933Z: [   12.412387] sr 2:0:0:0: [sr0] scsi3-mmc drive: 4x/4x cd/rw xa/form2 tray
[STDOUT  ] 2017-10-10T17:43:25.694245406Z: [   11.661957] AVX2 instructions are not detected.
[STDERR  ] 2017-10-10T17:43:25.694259999Z: [   12.413096] cdrom: Uniform CD-ROM driver Revision: 3.20
[STDOUT  ] 2017-10-10T17:43:25.694261956Z: [   11.667237] audit: initializing netlink subsys (disabled)
[STDERR  ] 2017-10-10T17:43:25.694272273Z: [   12.424014] sd 0:0:0:0: [sda] Attached SCSI disk
[STDOUT  ] 2017-10-10T17:43:25.69427432Z: [   11.668723] audit: type=2000 audit(1507657353.660:1): initialized
[STDERR  ] 2017-10-10T17:43:25.694284225Z: [   12.424523] sd 1:0:0:0: [sdb] Attached SCSI disk
[STDOUT  ] 2017-10-10T17:43:25.694286258Z: [   11.676675] workingset: timestamp_bits=46 max_order=18 bucket_order=0
[STDERR  ] 2017-10-10T17:43:25.694296353Z: [   12.425141] sr 2:0:0:0: Attached scsi generic sg2 type 5
[STDOUT  ] 2017-10-10T17:43:25.694298794Z: [   11.683630] FS-Cache: Netfs 'cifs' registered for caching
[STDERR  ] 2017-10-10T17:43:25.694308567Z: [   12.575510] Freeing unused kernel memory: 1380K
[STDOUT  ] 2017-10-10T17:43:25.69431415Z: [   11.684524] fuse init (API version 7.26)
[STDERR  ] 2017-10-10T17:43:25.694320619Z: [   12.575912] Write protecting the kernel read-only data: 12288k
[STDOUT  ] 2017-10-10T17:43:25.694326038Z: [   11.686705] SGI XFS with ACLs, security attributes, no debug enabled
[STDERR  ] 2017-10-10T17:43:25.694332089Z: [   12.582306] Freeing unused kernel memory: 140K
[STDERR  ] 2017-10-10T17:43:25.694343899Z: [   12.701187] Freeing unused kernel memory: 1400K
[STDOUT  ] 2017-10-10T17:43:25.694340414Z: [   11.691032] 9p: Installing v9fs 9p2000 file system support
[STDOUT  ] 2017-10-10T17:43:25.694352588Z: [   11.691530] FS-Cache: Netfs '9p' registered for caching
[STDERR  ] 2017-10-10T17:43:25.694357255Z: [   12.701825] tsc: Refined TSC clocksource calibration: 2300.040 MHz
[STDOUT  ] 2017-10-10T17:43:25.69436399Z: [   11.726796] NET: Registered protocol family 38
[STDERR  ] 2017-10-10T17:43:25.694371095Z: [   12.702289] clocksource: tsc: mask: 0xffffffffffffffff max_cycles: 0x21275af87f5, max_idle_ns: 440795281647 ns
[STDOUT  ] 2017-10-10T17:43:25.69437587Z: [   11.727305] Key type asymmetric registered
[STDOUT  ] 2017-10-10T17:43:25.694387812Z: [   11.727630] Asymmetric key parser 'x509' registered
[STDERR  ] 2017-10-10T17:43:25.694382969Z: [   13.718419] clocksource: Switched to clocksource tsc
[STDERR  ] 2017-10-10T17:43:25.694398816Z: 
[STDOUT  ] 2017-10-10T17:43:25.694400099Z: [   11.728349] Block layer SCSI generic (bsg) driver version 0.4 loaded (major 251)
[STDERR  ] 2017-10-10T17:43:25.694411314Z: Welcome to LinuxKit
[STDOUT  ] 2017-10-10T17:43:25.694413186Z: [   11.729547] io scheduler noop registered
[STDERR  ] 2017-10-10T17:43:25.694423583Z: 
[STDOUT  ] 2017-10-10T17:43:25.694425557Z: [   11.729861] io scheduler deadline registered (default)
[STDERR  ] 2017-10-10T17:43:25.694435992Z:                         ##         .
[STDOUT  ] 2017-10-10T17:43:25.694437628Z: [   11.731311] io scheduler cfq registered
[STDERR  ] 2017-10-10T17:43:25.694448493Z:                   ## ## ##        ==
[STDOUT  ] 2017-10-10T17:43:25.694450251Z: [   11.733724] pci_hotplug: PCI Hot Plug PCI Core version: 0.5
[STDERR  ] 2017-10-10T17:43:25.694460866Z:                ## ## ## ## ##    ===
[STDOUT  ] 2017-10-10T17:43:25.694462776Z: [   11.734274] pciehp: PCI Express Hot Plug Controller Driver version: 0.4
[STDERR  ] 2017-10-10T17:43:25.69447278Z:            /"""""""""""""""""\___/ ===
[STDOUT  ] 2017-10-10T17:43:25.69447513Z: [   11.735015] shpchp: Standard Hot Plug PCI Controller Driver version: 0.4
[STDERR  ] 2017-10-10T17:43:25.694485004Z:           {                       /  ===-
[STDOUT  ] 2017-10-10T17:43:25.694489401Z: [   11.735853] hv_vmbus: registering driver hyperv_fb
[STDOUT  ] 2017-10-10T17:43:25.694501459Z: [   11.738790] input: Power Button as /devices/LNXSYSTM:00/LNXPWRBN:00/input/input0
[STDERR  ] 2017-10-10T17:43:25.694501489Z:            \______ O           __/
[STDERR  ] 2017-10-10T17:43:25.694517466Z:              \    \         __/
[STDOUT  ] 2017-10-10T17:43:25.694514509Z: [   11.739803] ACPI: Power Button [PWRF]
[STDERR  ] 2017-10-10T17:43:25.69453454Z:               \____\_______/
[STDOUT  ] 2017-10-10T17:43:25.694530825Z: [   11.744947] GHES: HEST is not enabled!
[STDERR  ] 2017-10-10T17:43:25.694547773Z: 
[STDOUT  ] 2017-10-10T17:43:25.694552331Z: [   11.756550] ACPI: PCI Interrupt Link [GSIG] enabled at IRQ 22
[STDERR  ] 2017-10-10T17:43:25.694563601Z: [   32.815377] IPVS: Creating netns size=2104 id=1
[STDOUT  ] 2017-10-10T17:43:25.694564237Z: [   11.768820] ACPI: PCI Interrupt Link [GSIH] enabled at IRQ 23
[STDERR  ] 2017-10-10T17:43:25.694575661Z: [   32.815865] IPVS: ftp: loaded support on port[0] = 21
[STDOUT  ] 2017-10-10T17:43:25.69457754Z: [   11.772921] xenfs: not registering filesystem on non-xen platform
[STDERR  ] 2017-10-10T17:43:25.694587733Z: 2017/10/10 17:42:57 Considering auto format for device /dev/sda
[STDOUT  ] 2017-10-10T17:43:25.694589698Z: [   11.774764] Serial: 8250/16550 driver, 4 ports, IRQ sharing disabled
[STDOUT  ] 2017-10-10T17:43:25.694602241Z: [   11.800502] 00:04: ttyS0 at I/O 0x3f8 (irq = 4, base_baud = 115200) is a 16550A
[STDERR  ] 2017-10-10T17:43:25.694599521Z: 2017/10/10 17:42:57 Checking if /dev/sda is empty
[STDERR  ] 2017-10-10T17:43:25.694611448Z: 2017/10/10 17:42:57 blkid did not find any existing content on /dev/sda.
[STDOUT  ] 2017-10-10T17:43:25.694614438Z: [   11.810789] Non-volatile memory driver v1.3
[STDERR  ] 2017-10-10T17:43:25.694624259Z: 2017/10/10 17:42:57 Creating partition on /dev/sda
[STDOUT  ] 2017-10-10T17:43:25.694626085Z: [   11.816518] Hangcheck: starting hangcheck timer 0.9.1 (tick is 180 seconds, margin is 60 seconds).
[STDERR  ] 2017-10-10T17:43:25.6946362Z: [   34.617239]  sda:
[STDOUT  ] 2017-10-10T17:43:25.694638476Z: [   11.820710] random: fast init done
[STDERR  ] 2017-10-10T17:43:25.694648754Z: [   34.678548]  sda:
[STDOUT  ] 2017-10-10T17:43:25.694650564Z: [   11.821871] random: crng init done
[STDERR  ] 2017-10-10T17:43:25.694661015Z: [   34.704573]  sda: sda1
[STDOUT  ] 2017-10-10T17:43:25.694662928Z: [   11.858025] loop: module loaded
[STDERR  ] 2017-10-10T17:43:25.694673019Z: [   34.770704]  sda: sda1
[STDOUT  ] 2017-10-10T17:43:25.694676322Z: [   11.872683] nbd: registered device at major 43
[STDERR  ] 2017-10-10T17:43:25.694685525Z: 2017/10/10 17:42:59 Partition /dev/sda1 successfully created!
[STDOUT  ] 2017-10-10T17:43:25.69468837Z: [   11.914635] lpc_ich 0000:00:1f.0: I/O space for GPIO uninitialized
[STDERR  ] 2017-10-10T17:43:25.694697311Z: [   37.419139] IPVS: Creating netns size=2104 id=2
[STDOUT  ] 2017-10-10T17:43:25.694700503Z: [   11.916305] VMware PVSCSI driver - version 1.0.7.0-k
[STDERR  ] 2017-10-10T17:43:25.694709174Z: [   37.419497] IPVS: ftp: loaded support on port[0] = 21
[STDOUT  ] 2017-10-10T17:43:25.694717256Z: [   11.916986] hv_vmbus: registering driver hv_storvsc
[STDERR  ] 2017-10-10T17:43:25.694721317Z: 2017/10/10 17:43:01 Considering auto format for device /dev/sdb
[STDOUT  ] 2017-10-10T17:43:25.69472899Z: [   11.927128] ACPI: PCI Interrupt Link [GSIA] enabled at IRQ 16
[STDERR  ] 2017-10-10T17:43:25.694733269Z: 2017/10/10 17:43:01 Checking if /dev/sdb is empty
[STDOUT  ] 2017-10-10T17:43:25.694740888Z: [   11.933500] ahci 0000:00:1f.2: AHCI 0001.0000 32 slots 6 ports 1.5 Gbps 0x3f impl SATA mode
[STDERR  ] 2017-10-10T17:43:25.694745287Z: 2017/10/10 17:43:02 blkid did not find any existing content on /dev/sdb.
[STDOUT  ] 2017-10-10T17:43:25.694753647Z: [   11.934169] ahci 0000:00:1f.2: flags: 64bit ncq only 
[STDERR  ] 2017-10-10T17:43:25.694757234Z: 2017/10/10 17:43:02 Creating partition on /dev/sdb
[STDOUT  ] 2017-10-10T17:43:25.694765649Z: [   11.954880] scsi host0: ahci
[STDERR  ] 2017-10-10T17:43:25.694769012Z: [   39.257394]  sdb:
[STDOUT  ] 2017-10-10T17:43:25.694778891Z: [   11.958777] scsi host1: ahci
[STDERR  ] 2017-10-10T17:43:25.694780547Z: [   39.315705]  sdb:
[STDOUT  ] 2017-10-10T17:43:25.694791156Z: [   11.961245] scsi host2: ahci
[STDERR  ] 2017-10-10T17:43:25.694792961Z: [   39.339772]  sdb: sdb1
[STDOUT  ] 2017-10-10T17:43:25.694802689Z: [   11.963451] scsi host3: ahci
[STDERR  ] 2017-10-10T17:43:25.694816234Z: [   39.396648]  sdb: sdb1
[STDOUT  ] 2017-10-10T17:43:25.694818736Z: [   11.965671] scsi host4: ahci
[STDERR  ] 2017-10-10T17:43:25.694828878Z: 2017/10/10 17:43:04 Partition /dev/sdb1 successfully created!
[STDOUT  ] 2017-10-10T17:43:25.694831467Z: [   11.967762] scsi host5: ahci
[STDERR  ] 2017-10-10T17:43:25.694840805Z: [   42.094491] IPVS: Creating netns size=2104 id=3
[STDOUT  ] 2017-10-10T17:43:25.694843703Z: [   11.969546] ata1: SATA max UDMA/133 abar m4096@0xfebd2000 port 0xfebd2100 irq 24
[STDERR  ] 2017-10-10T17:43:25.694852605Z: [   42.094909] IPVS: ftp: loaded support on port[0] = 21
[STDOUT  ] 2017-10-10T17:43:25.694856199Z: [   11.970080] ata2: SATA max UDMA/133 abar m4096@0xfebd2000 port 0xfebd2180 irq 24
[STDERR  ] 2017-10-10T17:43:25.694864569Z: 2017/10/10 17:43:06 Considering auto format for device /dev/sda
[STDOUT  ] 2017-10-10T17:43:25.694868263Z: [   11.970755] ata3: SATA max UDMA/133 abar m4096@0xfebd2000 port 0xfebd2200 irq 24
[STDERR  ] 2017-10-10T17:43:25.694877182Z: 2017/10/10 17:43:06 Checking if /dev/sda is empty
[STDOUT  ] 2017-10-10T17:43:25.694880372Z: [   11.971223] ata4: SATA max UDMA/133 abar m4096@0xfebd2000 port 0xfebd2280 irq 24
[STDERR  ] 2017-10-10T17:43:25.694889161Z: 2017/10/10 17:43:06 /dev/sda has content. blkid returned: /dev/sda: PTUUID="198641dd" PTTYPE="dos"
[STDOUT  ] 2017-10-10T17:43:25.694892766Z: [   11.971680] ata5: SATA max UDMA/133 abar m4096@0xfebd2000 port 0xfebd2300 irq 24
[STDERR  ] 2017-10-10T17:43:25.694901466Z: 2017/10/10 17:43:06 No eligible disks found
[STDOUT  ] 2017-10-10T17:43:25.694908804Z: [   11.972138] ata6: SATA max UDMA/133 abar m4096@0xfebd2000 port 0xfebd2380 irq 24
[STDERR  ] 2017-10-10T17:43:25.694913826Z: [   44.115655] IPVS: Creating netns size=2104 id=4
[STDOUT  ] 2017-10-10T17:43:25.694920608Z: [   11.985283] tun: Universal TUN/TAP device driver, 1.6
[STDERR  ] 2017-10-10T17:43:25.694925523Z: [   44.116077] IPVS: ftp: loaded support on port[0] = 21
[STDERR  ] 2017-10-10T17:43:25.69493719Z: 2017/10/10 17:43:08 Clearing partitions on /dev/sdb because forced format was requested
[STDOUT  ] 2017-10-10T17:43:25.694933987Z: [   11.985646] tun: (C) 1999-2004 Max Krasnyansky <maxk@qualcomm.com>
[STDOUT  ] 2017-10-10T17:43:25.694946221Z: [   11.996041] VMware vmxnet3 virtual NIC driver - version 1.4.a.0-k-NAPI
[STDERR  ] 2017-10-10T17:43:25.69494996Z: [   45.710634]  sdb:
[STDOUT  ] 2017-10-10T17:43:25.69496125Z: [   11.996836] hv_vmbus: registering driver hv_netvsc
[STDERR  ] 2017-10-10T17:43:25.69496179Z: 2017/10/10 17:43:08 Creating partition on /dev/sdb
[STDOUT  ] 2017-10-10T17:43:25.694973198Z: [   11.997179] Fusion MPT base driver 3.04.20
[STDERR  ] 2017-10-10T17:43:25.694975055Z: [   45.786292]  sdb:
[STDOUT  ] 2017-10-10T17:43:25.694985038Z: [   11.997449] Copyright (c) 1999-2008 LSI Corporation
[STDERR  ] 2017-10-10T17:43:25.694988481Z: [   45.841475]  sdb:
[STDOUT  ] 2017-10-10T17:43:25.694996995Z: [   11.997966] Fusion MPT SPI Host driver 3.04.20
[STDERR  ] 2017-10-10T17:43:25.695000715Z: [   45.865374]  sdb: sdb1
[STDOUT  ] 2017-10-10T17:43:25.695008723Z: [   11.999871] i8042: PNP: PS/2 Controller [PNP0303:KBD,PNP0f13:MOU] at 0x60,0x64 irq 1,12
[STDERR  ] 2017-10-10T17:43:25.695012845Z: [   45.930724]  sdb: sdb1
[STDERR  ] 2017-10-10T17:43:25.695024996Z: [   47.547449] mkfs.xfs: sending ioctl 1261 to a partition!
[STDOUT  ] 2017-10-10T17:43:25.695021424Z: [   12.004088] serio: i8042 KBD port at 0x60,0x64 irq 1
[STDERR  ] 2017-10-10T17:43:25.69503687Z: 2017/10/10 17:43:10 Partition /dev/sdb1 successfully created!
[STDOUT  ] 2017-10-10T17:43:25.695033665Z: [   12.004661] serio: i8042 AUX port at 0x60,0x64 irq 12
[STDOUT  ] 2017-10-10T17:43:25.695045592Z: [   12.007619] hv_vmbus: registering driver hyperv_keyboard
[STDERR  ] 2017-10-10T17:43:25.695048995Z: [   48.037916] IPVS: Creating netns size=2104 id=5
[STDOUT  ] 2017-10-10T17:43:25.695057722Z: [   12.009619] mousedev: PS/2 mouse device common for all mice
[STDERR  ] 2017-10-10T17:43:25.695060722Z: [   48.038341] IPVS: ftp: loaded support on port[0] = 21
[STDOUT  ] 2017-10-10T17:43:25.695074Z: [   12.014537] input: AT Translated Set 2 keyboard as /devices/platform/i8042/serio0/input/input1
[STDERR  ] 2017-10-10T17:43:25.69508144Z: === forcing device discovery (attempt 1) ===
[STDOUT  ] 2017-10-10T17:43:25.69508711Z: [   12.017337] input: PC Speaker as /devices/platform/pcspkr/input/input2
[STDERR  ] 2017-10-10T17:43:25.695092827Z: === /dev list (attempt 1) ===
[STDOUT  ] 2017-10-10T17:43:25.69509882Z: [   12.020968] rtc_cmos 00:00: RTC can wake from S4
[STDERR  ] 2017-10-10T17:43:25.695104774Z: total 0
[STDOUT  ] 2017-10-10T17:43:25.695110411Z: [   12.024092] rtc_cmos 00:00: rtc core: registered rtc_cmos as rtc0
[STDERR  ] 2017-10-10T17:43:25.695116752Z: drwxr-xr-x    8 root     root          2840 Oct 10 17:43 [1;34m.[0m
[STDOUT  ] 2017-10-10T17:43:25.695122343Z: [   12.025368] rtc_cmos 00:00: alarms up to one day, y3k, 114 bytes nvram, hpet irqs
[STDERR  ] 2017-10-10T17:43:25.695128341Z: drwxr-xr-x    1 root     root            60 Oct 10 17:43 [1;34m..[0m
[STDOUT  ] 2017-10-10T17:43:25.695134066Z: [   12.026033] i2c /dev entries driver
[STDERR  ] 2017-10-10T17:43:25.695140011Z: drwxr-xr-x    2 root     root           100 Oct 10 17:43 [1;34mbsg[0m
[STDOUT  ] 2017-10-10T17:43:25.695148857Z: [   12.027800] device-mapper: ioctl: 4.35.0-ioctl (2016-06-23) initialised: dm-devel@redhat.com
[STDOUT  ] 2017-10-10T17:43:25.695163506Z: [   12.032516] usbcore: registered new interface driver usbhid
[STDERR  ] 2017-10-10T17:43:25.695157044Z: crw-rw----    1 root     root       10,  63 Oct 10 17:43 [1;35mcachefiles[0m
[STDERR  ] 2017-10-10T17:43:25.695172996Z: crw-rw----    1 root     root        5,   1 Oct 10 17:43 [1;35mconsole[0m
[STDOUT  ] 2017-10-10T17:43:25.695175941Z: [   12.032909] usbhid: USB HID core driver
[STDERR  ] 2017-10-10T17:43:25.695184791Z: lrwxrwxrwx    1 root     root            11 Oct 10 17:43 [1;36mcore[0m -> [0;0m/proc/kcore[0m
[STDOUT  ] 2017-10-10T17:43:25.695187874Z: [   12.033427] hv_utils: Registering HyperV Utility Driver
[STDERR  ] 2017-10-10T17:43:25.695196818Z: drwxr-xr-x    3 root     root            60 Oct 10 17:43 [1;34mcpu[0m
[STDOUT  ] 2017-10-10T17:43:25.695204892Z: [   12.033772] hv_vmbus: registering driver hv_util
[STDERR  ] 2017-10-10T17:43:25.695208868Z: crw-rw----    1 root     root       10,  62 Oct 10 17:43 [1;35mcpu_dma_latency[0m
[STDOUT  ] 2017-10-10T17:43:25.695217436Z: [   12.034073] hv_vmbus: registering driver hv_balloon
[STDERR  ] 2017-10-10T17:43:25.695220755Z: crw-rw----    1 root     root       10, 203 Oct 10 17:43 [1;35mcuse[0m
[STDERR  ] 2017-10-10T17:43:25.695232693Z: lrwxrwxrwx    1 root     root            13 Oct 10 17:43 [1;36mfd[0m -> [1;34m/proc/self/fd[0m
[STDOUT  ] 2017-10-10T17:43:25.695229491Z: [   12.034541] oprofile: using NMI interrupt.
[STDERR  ] 2017-10-10T17:43:25.695247208Z: crw-rw----    1 root     root        1,   7 Oct 10 17:43 [1;35mfull[0m
[STDOUT  ] 2017-10-10T17:43:25.695241418Z: [   12.035575] GACT probability on
[STDOUT  ] 2017-10-10T17:43:25.69525554Z: [   12.035989] Mirror/redirect action on
[STDERR  ] 2017-10-10T17:43:25.695258828Z: crw-rw----    1 root     root       10, 229 Oct 10 17:43 [1;35mfuse[0m
[STDOUT  ] 2017-10-10T17:43:25.695267557Z: [   12.036748] Simple TC action Loaded
[STDERR  ] 2017-10-10T17:43:25.695270735Z: crw-rw----    1 root     root       10, 228 Oct 10 17:43 [1;35mhpet[0m
[STDOUT  ] 2017-10-10T17:43:25.695279602Z: [   12.037249] u32 classifier
[STDERR  ] 2017-10-10T17:43:25.695282728Z: crw-rw----    1 root     root       10, 183 Oct 10 17:43 [1;35mhwrng[0m
[STDOUT  ] 2017-10-10T17:43:25.695292575Z: [   12.037441]     Performance counters on
[STDERR  ] 2017-10-10T17:43:25.69529562Z: drwxr-xr-x    2 root     root           120 Oct 10 17:43 [1;34minput[0m
[STDOUT  ] 2017-10-10T17:43:25.695304521Z: [   12.037688]     input device check on
[STDERR  ] 2017-10-10T17:43:25.695307657Z: crw-rw----    1 root     root        1,  11 Oct 10 17:43 [1;35mkmsg[0m
[STDERR  ] 2017-10-10T17:43:25.695319379Z: crw-rw----    1 root     root       10, 237 Oct 10 17:43 [1;35mloop-control[0m
[STDOUT  ] 2017-10-10T17:43:25.695320697Z: [   12.037925]     Actions configured
[STDERR  ] 2017-10-10T17:43:25.695335548Z: brw-rw----    1 root     root        7,   0 Oct 10 17:43 [1;35mloop0[0m
[STDOUT  ] 2017-10-10T17:43:25.69533777Z: [   12.038423] Netfilter messages via NETLINK v0.30.
[STDERR  ] 2017-10-10T17:43:25.695347988Z: brw-rw----    1 root     root        7,   1 Oct 10 17:43 [1;35mloop1[0m
[STDOUT  ] 2017-10-10T17:43:25.695349869Z: [   12.038915] nfnl_acct: registering with nfnetlink.
[STDERR  ] 2017-10-10T17:43:25.6953599Z: brw-rw----    1 root     root        7,   2 Oct 10 17:43 [1;35mloop2[0m
[STDOUT  ] 2017-10-10T17:43:25.695362009Z: [   12.040368] nf_conntrack version 0.5.0 (8192 buckets, 32768 max)
[STDOUT  ] 2017-10-10T17:43:25.695373907Z: [   12.043436] ctnetlink v0.93: registering with nfnetlink.
[STDERR  ] 2017-10-10T17:43:25.695371756Z: brw-rw----    1 root     root        7,   3 Oct 10 17:43 [1;35mloop3[0m
[STDERR  ] 2017-10-10T17:43:25.695388452Z: brw-rw----    1 root     root        7,   4 Oct 10 17:43 [1;35mloop4[0m
[STDOUT  ] 2017-10-10T17:43:25.695386569Z: [   12.046499] nf_tables: (c) 2007-2009 Patrick McHardy <kaber@trash.net>
[STDOUT  ] 2017-10-10T17:43:25.69539856Z: [   12.047291] nf_tables_compat: (c) 2012 Pablo Neira Ayuso <pablo@netfilter.org>
[STDERR  ] 2017-10-10T17:43:25.695400202Z: brw-rw----    1 root     root        7,   5 Oct 10 17:43 [1;35mloop5[0m
[STDERR  ] 2017-10-10T17:43:25.695412519Z: brw-rw----    1 root     root        7,   6 Oct 10 17:43 [1;35mloop6[0m
[STDOUT  ] 2017-10-10T17:43:25.695410613Z: [   12.049487] xt_time: kernel timezone is -0000
[STDERR  ] 2017-10-10T17:43:25.695425139Z: brw-rw----    1 root     root        7,   7 Oct 10 17:43 [1;35mloop7[0m
[STDOUT  ] 2017-10-10T17:43:25.695428545Z: [   12.049992] ip_set: protocol 6
[STDERR  ] 2017-10-10T17:43:25.69543692Z: drwxr-xr-x    2 root     root            60 Oct 10 17:43 [1;34mmapper[0m
[STDOUT  ] 2017-10-10T17:43:25.695441126Z: [   12.050852] IPVS: Registered protocols (TCP, UDP, SCTP, AH, ESP)
[STDERR  ] 2017-10-10T17:43:25.695452384Z: crw-rw----    1 root     root        1,   1 Oct 10 17:43 [1;35mmem[0m
[STDOUT  ] 2017-10-10T17:43:25.695452867Z: [   12.051439] IPVS: Connection hash table configured (size=4096, memory=64Kbytes)
[STDERR  ] 2017-10-10T17:43:25.695464394Z: crw-rw----    1 root     root       10,  59 Oct 10 17:43 [1;35mmemory_bandwidth[0m
[STDOUT  ] 2017-10-10T17:43:25.695466207Z: [   12.053040] IPVS: Creating netns size=2104 id=0
[STDERR  ] 2017-10-10T17:43:25.695476556Z: brw-rw----    1 root     root       43,   0 Oct 10 17:43 [1;35mnbd0[0m
[STDOUT  ] 2017-10-10T17:43:25.695478359Z: [   12.055722] IPVS: ipvs loaded.
[STDERR  ] 2017-10-10T17:43:25.695488019Z: brw-rw----    1 root     root       43,   1 Oct 10 17:43 [1;35mnbd1[0m
[STDOUT  ] 2017-10-10T17:43:25.695492781Z: [   12.056049] IPVS: [rr] scheduler registered.
[STDERR  ] 2017-10-10T17:43:25.695499537Z: brw-rw----    1 root     root       43,  10 Oct 10 17:43 [1;35mnbd10[0m
[STDOUT  ] 2017-10-10T17:43:25.695504518Z: [   12.056424] IPVS: [wrr] scheduler registered.
[STDERR  ] 2017-10-10T17:43:25.695512899Z: brw-rw----    1 root     root       43,  11 Oct 10 17:43 [1;35mnbd11[0m
[STDOUT  ] 2017-10-10T17:43:25.695516194Z: [   12.056719] IPVS: [lc] scheduler registered.
[STDERR  ] 2017-10-10T17:43:25.695524684Z: brw-rw----    1 root     root       43,  12 Oct 10 17:43 [1;35mnbd12[0m
[STDOUT  ] 2017-10-10T17:43:25.695528091Z: [   12.056999] IPVS: [wlc] scheduler registered.
[STDOUT  ] 2017-10-10T17:43:25.695540011Z: [   12.057282] IPVS: [fo] scheduler registered.
[STDERR  ] 2017-10-10T17:43:25.695536494Z: brw-rw----    1 root     root       43,  13 Oct 10 17:43 [1;35mnbd13[0m
[STDERR  ] 2017-10-10T17:43:25.695548613Z: brw-rw----    1 root     root       43,  14 Oct 10 17:43 [1;35mnbd14[0m
[STDOUT  ] 2017-10-10T17:43:25.695552072Z: [   12.057562] IPVS: [ovf] scheduler registered.
[STDERR  ] 2017-10-10T17:43:25.695560393Z: brw-rw----    1 root     root       43,  15 Oct 10 17:43 [1;35mnbd15[0m
[STDOUT  ] 2017-10-10T17:43:25.695567989Z: [   12.057948] IPVS: [lblc] scheduler registered.
[STDOUT  ] 2017-10-10T17:43:25.695580088Z: [   12.058340] IPVS: [lblcr] scheduler registered.
[STDERR  ] 2017-10-10T17:43:25.695578347Z: brw-rw----    1 root     root       43,   2 Oct 10 17:43 [1;35mnbd2[0m
[STDOUT  ] 2017-10-10T17:43:25.69559259Z: [   12.058657] IPVS: [dh] scheduler registered.
[STDERR  ] 2017-10-10T17:43:25.695594731Z: brw-rw----    1 root     root       43,   3 Oct 10 17:43 [1;35mnbd3[0m
[STDOUT  ] 2017-10-10T17:43:25.695604461Z: [   12.058940] IPVS: [sh] scheduler registered.
[STDERR  ] 2017-10-10T17:43:25.695607873Z: brw-rw----    1 root     root       43,   4 Oct 10 17:43 [1;35mnbd4[0m
[STDOUT  ] 2017-10-10T17:43:25.695616535Z: [   12.059220] IPVS: [sed] scheduler registered.
[STDERR  ] 2017-10-10T17:43:25.695619759Z: brw-rw----    1 root     root       43,   5 Oct 10 17:43 [1;35mnbd5[0m
[STDOUT  ] 2017-10-10T17:43:25.69562841Z: [   12.059504] IPVS: [nq] scheduler registered.
[STDERR  ] 2017-10-10T17:43:25.695631735Z: brw-rw----    1 root     root       43,   6 Oct 10 17:43 [1;35mnbd6[0m
[STDERR  ] 2017-10-10T17:43:25.695643675Z: brw-rw----    1 root     root       43,   7 Oct 10 17:43 [1;35mnbd7[0m
[STDOUT  ] 2017-10-10T17:43:25.695640249Z: [   12.060430] IPVS: ftp: loaded support on port[0] = 21
[STDERR  ] 2017-10-10T17:43:25.69565595Z: brw-rw----    1 root     root       43,   8 Oct 10 17:43 [1;35mnbd8[0m
[STDOUT  ] 2017-10-10T17:43:25.695657646Z: [   12.061348] ipip: IPv4 and MPLS over IPv4 tunneling driver
[STDERR  ] 2017-10-10T17:43:25.695668022Z: brw-rw----    1 root     root       43,   9 Oct 10 17:43 [1;35mnbd9[0m
[STDOUT  ] 2017-10-10T17:43:25.695669875Z: [   12.065286] gre: GRE over IPv4 demultiplexor driver
[STDERR  ] 2017-10-10T17:43:25.695680005Z: drwxr-xr-x    2 root     root            60 Oct 10 17:43 [1;34mnet[0m
[STDOUT  ] 2017-10-10T17:43:25.695681769Z: [   12.067851] ip_tables: (C) 2000-2006 Netfilter Core Team
[STDERR  ] 2017-10-10T17:43:25.695691762Z: crw-rw----    1 root     root       10,  61 Oct 10 17:43 [1;35mnetwork_latency[0m
[STDOUT  ] 2017-10-10T17:43:25.695693639Z: [   12.071304] ipt_CLUSTERIP: ClusterIP Version 0.8 loaded successfully
[STDOUT  ] 2017-10-10T17:43:25.695705613Z: [   12.071976] arp_tables: arp_tables: (C) 2002 David S. Miller
[STDERR  ] 2017-10-10T17:43:25.695703777Z: crw-rw----    1 root     root       10,  60 Oct 10 17:43 [1;35mnetwork_throughput[0m
[STDERR  ] 2017-10-10T17:43:25.695716365Z: crw-rw----    1 root     root        1,   3 Oct 10 17:43 [1;35mnull[0m
[STDOUT  ] 2017-10-10T17:43:25.695717145Z: [   12.074163] NET: Registered protocol family 10
[STDERR  ] 2017-10-10T17:43:25.695728199Z: crw-rw----    1 root     root       10, 144 Oct 10 17:43 [1;35mnvram[0m
[STDOUT  ] 2017-10-10T17:43:25.695731826Z: [   12.084061] ip6_tables: (C) 2000-2006 Netfilter Core Team
[STDOUT  ] 2017-10-10T17:43:25.695743701Z: [   12.092257] NET: Registered protocol family 17
[STDERR  ] 2017-10-10T17:43:25.695740089Z: crw-rw----    1 root     root        1,   4 Oct 10 17:43 [1;35mport[0m
[STDERR  ] 2017-10-10T17:43:25.695752206Z: crw-rw----    1 root     root       10,   1 Oct 10 17:43 [1;35mpsaux[0m
[STDOUT  ] 2017-10-10T17:43:25.6957559Z: [   12.093216] Bridge firewalling registered
[STDOUT  ] 2017-10-10T17:43:25.695769034Z: [   12.093696] Ebtables v2.0 registered
[STDERR  ] 2017-10-10T17:43:25.695763844Z: lrwxrwxrwx    1 root     root             8 Oct 10 17:43 [1;36mptmx[0m -> [1;35mpts/ptmx[0m
[STDERR  ] 2017-10-10T17:43:25.695777477Z: drwxr-xr-x    2 root     root             0 Oct 10 17:43 [1;34mpts[0m
[STDOUT  ] 2017-10-10T17:43:25.695780902Z: [   12.095512] 8021q: 802.1Q VLAN Support v1.8
[STDOUT  ] 2017-10-10T17:43:25.695792892Z: [   12.096867] 9pnet: Installing 9P2000 support
[STDERR  ] 2017-10-10T17:43:25.695789394Z: crw-rw----    1 root     root        1,   8 Oct 10 17:43 [1;35mrandom[0m
[STDOUT  ] 2017-10-10T17:43:25.695804796Z: [   12.098201] Key type dns_resolver registered
[STDERR  ] 2017-10-10T17:43:25.695801309Z: crw-rw----    1 root     root      254,   0 Oct 10 17:43 [1;35mrtc0[0m
[STDOUT  ] 2017-10-10T17:43:25.69582494Z: [   12.099038] microcode: AMD CPU family 0x6 not supported
[STDERR  ] 2017-10-10T17:43:25.695827694Z: brw-rw----    1 root     root        8,   0 Oct 10 17:43 [1;35msda[0m
[STDERR  ] 2017-10-10T17:43:25.695839788Z: brw-rw----    1 root     root        8,   1 Oct 10 17:43 [1;35msda1[0m
[STDOUT  ] 2017-10-10T17:43:25.695837144Z: [   12.102862] registered taskstats version 1
[STDERR  ] 2017-10-10T17:43:25.695852117Z: brw-rw----    1 root     root        8,  16 Oct 10 17:43 [1;35msdb[0m
[STDOUT  ] 2017-10-10T17:43:25.695853803Z: [   12.260672] Key type big_key registered
[STDERR  ] 2017-10-10T17:43:25.695863959Z: brw-rw----    1 root     root        8,  17 Oct 10 17:43 [1;35msdb1[0m
[STDOUT  ] 2017-10-10T17:43:25.695865754Z: [   12.304019] ata2: SATA link up 1.5 Gbps (SStatus 113 SControl 300)
[STDERR  ] 2017-10-10T17:43:25.695876124Z: crw-rw----    1 root     root       21,   0 Oct 10 17:43 [1;35msg0[0m
[STDERR  ] 2017-10-10T17:43:25.695888029Z: crw-rw----    1 root     root       21,   1 Oct 10 17:43 [1;35msg1[0m
[STDOUT  ] 2017-10-10T17:43:25.695884543Z: [   12.308114] ata2.00: ATA-7: QEMU HARDDISK, 2.5+, max UDMA/100
[STDOUT  ] 2017-10-10T17:43:25.695896632Z: [   12.308772] ata2.00: 1048576 sectors, multi 16: LBA48 NCQ (depth 31/32)
[STDERR  ] 2017-10-10T17:43:25.69589998Z: crw-rw----    1 root     root       21,   2 Oct 10 17:43 [1;35msg2[0m
[STDERR  ] 2017-10-10T17:43:25.695913748Z: brw-rw----    1 root     root       11,   0 Oct 10 17:43 [1;35msr0[0m
[STDOUT  ] 2017-10-10T17:43:25.695910724Z: [   12.309315] ata2.00: applying bridge limits
[STDOUT  ] 2017-10-10T17:43:25.695922734Z: [   12.310760] ata3: SATA link up 1.5 Gbps (SStatus 113 SControl 300)
[STDERR  ] 2017-10-10T17:43:25.695925822Z: lrwxrwxrwx    1 root     root            15 Oct 10 17:43 [1;36mstderr[0m -> [1;35m/proc/self/fd/2[0m
[STDOUT  ] 2017-10-10T17:43:25.695934803Z: [   12.311507] ata3.00: ATAPI: QEMU DVD-ROM, 2.5+, max UDMA/100
[STDERR  ] 2017-10-10T17:43:25.695937929Z: lrwxrwxrwx    1 root     root            15 Oct 10 17:43 [1;36mstdin[0m -> [1;35m/proc/self/fd/0[0m
[STDOUT  ] 2017-10-10T17:43:25.695946813Z: [   12.311919] ata3.00: applying bridge limits
[STDERR  ] 2017-10-10T17:43:25.695949864Z: lrwxrwxrwx    1 root     root            15 Oct 10 17:43 [1;36mstdout[0m -> [1;35m/proc/self/fd/1[0m
[STDOUT  ] 2017-10-10T17:43:25.695958789Z: [   12.312845] ata3.00: configured for UDMA/100
[STDERR  ] 2017-10-10T17:43:25.695962031Z: crw-rw----    1 root     root        5,   0 Oct 10 17:43 [1;35mtty[0m
[STDOUT  ] 2017-10-10T17:43:25.6959708Z: [   12.315260] ata1: SATA link up 1.5 Gbps (SStatus 113 SControl 300)
[STDERR  ] 2017-10-10T17:43:25.695973892Z: crw-rw----    1 root     root        4,   0 Oct 10 17:43 [1;35mtty0[0m
[STDOUT  ] 2017-10-10T17:43:25.695982783Z: [   12.315855] ata1.00: ATA-7: QEMU HARDDISK, 2.5+, max UDMA/100
[STDERR  ] 2017-10-10T17:43:25.695985774Z: crw-rw----    1 root     root        4,   1 Oct 10 17:43 [1;35mtty1[0m
[STDOUT  ] 2017-10-10T17:43:25.695994958Z: [   12.316290] ata1.00: 1048576 sectors, multi 16: LBA48 NCQ (depth 31/32)
[STDERR  ] 2017-10-10T17:43:25.695997649Z: crw-rw----    1 root     root        4,  10 Oct 10 17:43 [1;35mtty10[0m
[STDERR  ] 2017-10-10T17:43:25.696009757Z: crw-rw----    1 root     root        4,  11 Oct 10 17:43 [1;35mtty11[0m
[STDOUT  ] 2017-10-10T17:43:25.696006706Z: [   12.316711] ata1.00: applying bridge limits
[STDOUT  ] 2017-10-10T17:43:25.696018555Z: [   12.317260] ata1.00: configured for UDMA/100
[STDERR  ] 2017-10-10T17:43:25.696021863Z: crw-rw----    1 root     root        4,  12 Oct 10 17:43 [1;35mtty12[0m
[STDOUT  ] 2017-10-10T17:43:25.696030717Z: [   12.319005] ata4: SATA link down (SStatus 0 SControl 300)
[STDERR  ] 2017-10-10T17:43:25.696033816Z: crw-rw----    1 root     root        4,  13 Oct 10 17:43 [1;35mtty13[0m
[STDOUT  ] 2017-10-10T17:43:25.696042744Z: [   12.319587] ata5: SATA link down (SStatus 0 SControl 300)
[STDOUT  ] 2017-10-10T17:43:25.696059129Z: [   12.320062] ata6: SATA link down (SStatus 0 SControl 300)
[STDERR  ] 2017-10-10T17:43:25.696050845Z: crw-rw----    1 root     root        4,  14 Oct 10 17:43 [1;35mtty14[0m
[STDERR  ] 2017-10-10T17:43:25.696068246Z: crw-rw----    1 root     root        4,  15 Oct 10 17:43 [1;35mtty15[0m
[STDOUT  ] 2017-10-10T17:43:25.696071423Z: [   12.339447] ata2.00: configured for UDMA/100
[STDOUT  ] 2017-10-10T17:43:25.69608335Z: [   12.340502] Key type encrypted registered
[STDERR  ] 2017-10-10T17:43:25.696080564Z: crw-rw----    1 root     root        4,  16 Oct 10 17:43 [1;35mtty16[0m
[STDERR  ] 2017-10-10T17:43:25.696092409Z: crw-rw----    1 root     root        4,  17 Oct 10 17:43 [1;35mtty17[0m
[STDOUT  ] 2017-10-10T17:43:25.696097864Z: [   12.344385] rtc_cmos 00:00: setting system clock to 2017-10-10 17:42:35 UTC (1507657355)
[STDERR  ] 2017-10-10T17:43:25.696104346Z: crw-rw----    1 root     root        4,  18 Oct 10 17:43 [1;35mtty18[0m
[STDOUT  ] 2017-10-10T17:43:25.696110534Z: [   12.351416] scsi 0:0:0:0: Direct-Access     ATA      QEMU HARDDISK    2.5+ PQ: 0 ANSI: 5
[STDERR  ] 2017-10-10T17:43:25.69611584Z: crw-rw----    1 root     root        4,  19 Oct 10 17:43 [1;35mtty19[0m
[STDOUT  ] 2017-10-10T17:43:25.696122476Z: [   12.358604] sd 0:0:0:0: [sda] 1048576 512-byte logical blocks: (537 MB/512 MiB)
[STDERR  ] 2017-10-10T17:43:25.696130238Z: crw-rw----    1 root     root        4,   2 Oct 10 17:43 [1;35mtty2[0m
[STDOUT  ] 2017-10-10T17:43:25.696134245Z: [   12.363214] sd 0:0:0:0: Attached scsi generic sg0 type 0
[STDERR  ] 2017-10-10T17:43:25.696142961Z: crw-rw----    1 root     root        4,  20 Oct 10 17:43 [1;35mtty20[0m
[STDOUT  ] 2017-10-10T17:43:25.696146265Z: [   12.364667] sd 0:0:0:0: [sda] Write Protect is off
[STDERR  ] 2017-10-10T17:43:25.696154806Z: crw-rw----    1 root     root        4,  21 Oct 10 17:43 [1;35mtty21[0m
[STDOUT  ] 2017-10-10T17:43:25.696158244Z: [   12.368591] sd 0:0:0:0: [sda] Write cache: enabled, read cache: enabled, doesn't support DPO or FUA
[STDOUT  ] 2017-10-10T17:43:25.696170281Z: [   12.374099] scsi 1:0:0:0: Direct-Access     ATA      QEMU HARDDISK    2.5+ PQ: 0 ANSI: 5
[STDERR  ] 2017-10-10T17:43:25.696166773Z: crw-rw----    1 root     root        4,  22 Oct 10 17:43 [1;35mtty22[0m
[STDOUT  ] 2017-10-10T17:43:25.696182611Z: [   12.377599] sd 1:0:0:0: [sdb] 1048576 512-byte logical blocks: (537 MB/512 MiB)
[STDERR  ] 2017-10-10T17:43:25.696178898Z: crw-rw----    1 root     root        4,  23 Oct 10 17:43 [1;35mtty23[0m
[STDERR  ] 2017-10-10T17:43:25.696191116Z: crw-rw----    1 root     root        4,  24 Oct 10 17:43 [1;35mtty24[0m
[STDOUT  ] 2017-10-10T17:43:25.696194722Z: [   12.379335] sd 1:0:0:0: [sdb] Write Protect is off
[STDERR  ] 2017-10-10T17:43:25.696202838Z: crw-rw----    1 root     root        4,  25 Oct 10 17:43 [1;35mtty25[0m
[STDOUT  ] 2017-10-10T17:43:25.696206728Z: [   12.383219] sd 1:0:0:0: [sdb] Write cache: enabled, read cache: enabled, doesn't support DPO or FUA
[STDERR  ] 2017-10-10T17:43:25.696214699Z: crw-rw----    1 root     root        4,  26 Oct 10 17:43 [1;35mtty26[0m
[STDOUT  ] 2017-10-10T17:43:25.696218671Z: [   12.384090] sd 1:0:0:0: Attached scsi generic sg1 type 0
[STDERR  ] 2017-10-10T17:43:25.696226623Z: crw-rw----    1 root     root        4,  27 Oct 10 17:43 [1;35mtty27[0m
[STDOUT  ] 2017-10-10T17:43:25.696230685Z: [   12.392339] scsi 2:0:0:0: CD-ROM            QEMU     QEMU DVD-ROM     2.5+ PQ: 0 ANSI: 5
[STDERR  ] 2017-10-10T17:43:25.696238372Z: crw-rw----    1 root     root        4,  28 Oct 10 17:43 [1;35mtty28[0m
[STDOUT  ] 2017-10-10T17:43:25.696243005Z: [   12.412387] sr 2:0:0:0: [sr0] scsi3-mmc drive: 4x/4x cd/rw xa/form2 tray
[STDERR  ] 2017-10-10T17:43:25.696251244Z: crw-rw----    1 root     root        4,  29 Oct 10 17:43 [1;35mtty29[0m
[STDOUT  ] 2017-10-10T17:43:25.696260666Z: [   12.413096] cdrom: Uniform CD-ROM driver Revision: 3.20
[STDERR  ] 2017-10-10T17:43:25.696266921Z: crw-rw----    1 root     root        4,   3 Oct 10 17:43 [1;35mtty3[0m
[STDOUT  ] 2017-10-10T17:43:25.696283165Z: [   12.424014] sd 0:0:0:0: [sda] Attached SCSI disk
[STDERR  ] 2017-10-10T17:43:25.69628326Z: crw-rw----    1 root     root        4,  30 Oct 10 17:43 [1;35mtty30[0m
[STDOUT  ] 2017-10-10T17:43:25.696295362Z: [   12.424523] sd 1:0:0:0: [sdb] Attached SCSI disk
[STDERR  ] 2017-10-10T17:43:25.696297196Z: crw-rw----    1 root     root        4,  31 Oct 10 17:43 [1;35mtty31[0m
[STDOUT  ] 2017-10-10T17:43:25.696307526Z: [   12.425141] sr 2:0:0:0: Attached scsi generic sg2 type 5
[STDERR  ] 2017-10-10T17:43:25.696309412Z: crw-rw----    1 root     root        4,  32 Oct 10 17:43 [1;35mtty32[0m
[STDOUT  ] 2017-10-10T17:43:25.696319615Z: [   12.575510] Freeing unused kernel memory: 1380K
[STDERR  ] 2017-10-10T17:43:25.696321363Z: crw-rw----    1 root     root        4,  33 Oct 10 17:43 [1;35mtty33[0m
[STDOUT  ] 2017-10-10T17:43:25.696331723Z: [   12.575912] Write protecting the kernel read-only data: 12288k
[STDERR  ] 2017-10-10T17:43:25.696333375Z: crw-rw----    1 root     root        4,  34 Oct 10 17:43 [1;35mtty34[0m
[STDOUT  ] 2017-10-10T17:43:25.696343642Z: [   12.582306] Freeing unused kernel memory: 140K
[STDERR  ] 2017-10-10T17:43:25.69634489Z: crw-rw----    1 root     root        4,  35 Oct 10 17:43 [1;35mtty35[0m
[STDOUT  ] 2017-10-10T17:43:25.696355596Z: [   12.701187] Freeing unused kernel memory: 1400K
[STDERR  ] 2017-10-10T17:43:25.696357388Z: crw-rw----    1 root     root        4,  36 Oct 10 17:43 [1;35mtty36[0m
[STDERR  ] 2017-10-10T17:43:25.696370754Z: crw-rw----    1 root     root        4,  37 Oct 10 17:43 [1;35mtty37[0m
[STDOUT  ] 2017-10-10T17:43:25.696367734Z: [   12.701825] tsc: Refined TSC clocksource calibration: 2300.040 MHz
[STDOUT  ] 2017-10-10T17:43:25.69637948Z: [   12.702289] clocksource: tsc: mask: 0xffffffffffffffff max_cycles: 0x21275af87f5, max_idle_ns: 440795281647 ns
[STDERR  ] 2017-10-10T17:43:25.6963828Z: crw-rw----    1 root     root        4,  38 Oct 10 17:43 [1;35mtty38[0m
[STDOUT  ] 2017-10-10T17:43:25.696391484Z: [   13.718419] clocksource: Switched to clocksource tsc
[STDERR  ] 2017-10-10T17:43:25.69639481Z: crw-rw----    1 root     root        4,  39 Oct 10 17:43 [1;35mtty39[0m
[STDOUT  ] 2017-10-10T17:43:25.696403254Z: 
[STDERR  ] 2017-10-10T17:43:25.696406849Z: crw-rw----    1 root     root        4,   4 Oct 10 17:43 [1;35mtty4[0m
[STDERR  ] 2017-10-10T17:43:25.696420358Z: crw-rw----    1 root     root        4,  40 Oct 10 17:43 [1;35mtty40[0m
[STDOUT  ] 2017-10-10T17:43:25.696415202Z: Welcome to LinuxKit
[STDOUT  ] 2017-10-10T17:43:25.696428576Z: 
[STDERR  ] 2017-10-10T17:43:25.696432051Z: crw-rw----    1 root     root        4,  41 Oct 10 17:43 [1;35mtty41[0m
[STDOUT  ] 2017-10-10T17:43:25.696440718Z:                         ##         .
[STDERR  ] 2017-10-10T17:43:25.696444103Z: crw-rw----    1 root     root        4,  42 Oct 10 17:43 [1;35mtty42[0m
[STDOUT  ] 2017-10-10T17:43:25.696452846Z:                   ## ## ##        ==
[STDERR  ] 2017-10-10T17:43:25.696456044Z: crw-rw----    1 root     root        4,  43 Oct 10 17:43 [1;35mtty43[0m
[STDOUT  ] 2017-10-10T17:43:25.696465177Z:                ## ## ## ## ##    ===
[STDOUT  ] 2017-10-10T17:43:25.696477867Z:            /"""""""""""""""""\___/ ===
[STDERR  ] 2017-10-10T17:43:25.696477049Z: crw-rw----    1 root     root        4,  44 Oct 10 17:43 [1;35mtty44[0m
[STDOUT  ] 2017-10-10T17:43:25.696489435Z:           {                       /  ===-
[STDERR  ] 2017-10-10T17:43:25.696488924Z: crw-rw----    1 root     root        4,  45 Oct 10 17:43 [1;35mtty45[0m
[STDERR  ] 2017-10-10T17:43:25.696500762Z: crw-rw----    1 root     root        4,  46 Oct 10 17:43 [1;35mtty46[0m
[STDOUT  ] 2017-10-10T17:43:25.696500869Z:            \______ O           __/
[STDERR  ] 2017-10-10T17:43:25.696512589Z: crw-rw----    1 root     root        4,  47 Oct 10 17:43 [1;35mtty47[0m
[STDOUT  ] 2017-10-10T17:43:25.696514433Z:              \    \         __/
[STDERR  ] 2017-10-10T17:43:25.696524633Z: crw-rw----    1 root     root        4,  48 Oct 10 17:43 [1;35mtty48[0m
[STDERR  ] 2017-10-10T17:43:25.6965458Z: crw-rw----    1 root     root        4,  49 Oct 10 17:43 [1;35mtty49[0m
[STDOUT  ] 2017-10-10T17:43:25.696539517Z:               \____\_______/
[STDOUT  ] 2017-10-10T17:43:25.696554334Z: 
[STDERR  ] 2017-10-10T17:43:25.696557865Z: crw-rw----    1 root     root        4,   5 Oct 10 17:43 [1;35mtty5[0m
[STDOUT  ] 2017-10-10T17:43:25.696566467Z: [   32.815377] IPVS: Creating netns size=2104 id=1
[STDERR  ] 2017-10-10T17:43:25.696569842Z: crw-rw----    1 root     root        4,  50 Oct 10 17:43 [1;35mtty50[0m
[STDERR  ] 2017-10-10T17:43:25.696581699Z: crw-rw----    1 root     root        4,  51 Oct 10 17:43 [1;35mtty51[0m
[STDOUT  ] 2017-10-10T17:43:25.696578395Z: [   32.815865] IPVS: ftp: loaded support on port[0] = 21
[STDERR  ] 2017-10-10T17:43:25.696594379Z: crw-rw----    1 root     root        4,  52 Oct 10 17:43 [1;35mtty52[0m
[STDOUT  ] 2017-10-10T17:43:25.696596019Z: 2017/10/10 17:42:57 Considering auto format for device /dev/sda
[STDERR  ] 2017-10-10T17:43:25.696606427Z: crw-rw----    1 root     root        4,  53 Oct 10 17:43 [1;35mtty53[0m
[STDOUT  ] 2017-10-10T17:43:25.696607985Z: 2017/10/10 17:42:57 Checking if /dev/sda is empty
[STDERR  ] 2017-10-10T17:43:25.696618484Z: crw-rw----    1 root     root        4,  54 Oct 10 17:43 [1;35mtty54[0m
[STDOUT  ] 2017-10-10T17:43:25.696620285Z: 2017/10/10 17:42:57 blkid did not find any existing content on /dev/sda.
[STDERR  ] 2017-10-10T17:43:25.696630428Z: crw-rw----    1 root     root        4,  55 Oct 10 17:43 [1;35mtty55[0m
