[INFO    ] 2018-03-07T23:37:39.412385221Z: Running Test linuxkit.packages.extend.xfs in /tmp/build/test/cases/040_packages/005_extend/002_xfs
[INFO    ] 2018-03-07T23:37:39.412559358Z: Running command: [/bin/sh -x /tmp/build/test/cases/040_packages/005_extend/002_xfs/test.sh]
[STDERR  ] 2018-03-07T23:37:39.460329990Z: + set -ex
[STDERR  ] 2018-03-07T23:37:39.460402901Z: + . /tmp/build/test/cases/_lib/lib.sh
[STDERR  ] 2018-03-07T23:37:39.460417640Z: + [ -f src/github.com/linuxkit/rtf/lib/lib.sh ]
[STDERR  ] 2018-03-07T23:37:39.460431323Z: + LINUXKIT_TMPDIR=/tmp/build/test/cases/_tmp
[STDERR  ] 2018-03-07T23:37:39.460441737Z: + [ -f /tmp/build/test/cases/_tmp/env.sh ]
[STDERR  ] 2018-03-07T23:37:39.460450321Z: + . /tmp/build/test/cases/_tmp/env.sh
[STDERR  ] 2018-03-07T23:37:39.460458885Z: + export LINUXKIT_EXAMPLES_DIR=/tmp/build/test/cases/../../examples
[STDERR  ] 2018-03-07T23:37:39.460468698Z: + RT_CANCEL=253
[STDERR  ] 2018-03-07T23:37:39.460477603Z: + NAME_CREATE=extend-xfs
[STDERR  ] 2018-03-07T23:37:39.460486717Z: + NAME_EXTEND=extend-xfs
[STDERR  ] 2018-03-07T23:37:39.460494815Z: + DISK=disk.img
[STDERR  ] 2018-03-07T23:37:39.460503458Z: + trap clean_up EXIT
[STDERR  ] 2018-03-07T23:37:39.460511695Z: + linuxkit build -name extend-xfs -format kernel+initrd test-create.yml
[STDERR  ] 2018-03-07T23:37:39.484721768Z: Extract kernel image: linuxkit/kernel:4.14.23
[STDERR  ] 2018-03-07T23:37:41.055946717Z: Add init containers:
[STDERR  ] 2018-03-07T23:37:41.056018278Z: Process init image: linuxkit/init:b212cfeb4bb6330e0a7547d8010fe2e8489b677a
[STDERR  ] 2018-03-07T23:37:42.264155280Z: Process init image: linuxkit/runc:7c39a68490a12cde830e1922f171c451fb08e731
[STDERR  ] 2018-03-07T23:37:43.429821632Z: Add onboot containers:
[STDERR  ] 2018-03-07T23:37:43.429876581Z:   Create OCI config for linuxkit/format:v0.2
[STDERR  ] 2018-03-07T23:37:44.826726225Z:   Create OCI config for linuxkit/mount:v0.2
[STDERR  ] 2018-03-07T23:37:46.202632629Z:   Create OCI config for alpine:3.7
[STDERR  ] 2018-03-07T23:37:47.395370598Z:   Create OCI config for linuxkit/poweroff:f9a0a5e52fd2a97908bda33db2afffafe4a6a67d
[STDERR  ] 2018-03-07T23:37:48.580367687Z: Create outputs:
[STDERR  ] 2018-03-07T23:37:54.431637819Z:   extend-xfs-kernel extend-xfs-initrd.img extend-xfs-cmdline
[STDERR  ] 2018-03-07T23:37:54.490170934Z: + linuxkit run -disk file=disk.img,format=raw,size=256M extend-xfs
[STDERR  ] 2018-03-07T23:37:54.512741708Z: Unable to find qemu-system-x86_64 within the $PATH. Using a container
[STDOUT  ] 2018-03-07T23:37:56.594766024Z: [    0.000000] Linux version 4.14.23-linuxkit (root@e0a6c0f2f7a4) (gcc version 6.4.0 (Alpine 6.4.0)) #1 SMP Wed Feb 28 11:15:17 UTC 2018
[STDOUT  ] 2018-03-07T23:37:56.602430198Z: [    0.000000] Command line: console=ttyS0 console=ttyAMA0
[STDOUT  ] 2018-03-07T23:37:56.608401162Z: [    0.000000] x86/fpu: x87 FPU will use FXSAVE
[STDOUT  ] 2018-03-07T23:37:56.614988642Z: [    0.000000] e820: BIOS-provided physical RAM map:
[STDOUT  ] 2018-03-07T23:37:56.624501106Z: [    0.000000] BIOS-e820: [mem 0x0000000000000000-0x000000000009fbff] usable
[STDOUT  ] 2018-03-07T23:37:56.633964003Z: [    0.000000] BIOS-e820: [mem 0x000000000009fc00-0x000000000009ffff] reserved
[STDOUT  ] 2018-03-07T23:37:56.643341179Z: [    0.000000] BIOS-e820: [mem 0x00000000000f0000-0x00000000000fffff] reserved
[STDOUT  ] 2018-03-07T23:37:56.652368194Z: [    0.000000] BIOS-e820: [mem 0x0000000000100000-0x000000003ffdefff] usable
[STDOUT  ] 2018-03-07T23:37:56.659869775Z: [    0.000000] BIOS-e820: [mem 0x000000003ffdf000-0x000000003fffffff] reserved
[STDOUT  ] 2018-03-07T23:37:56.667089045Z: [    0.000000] BIOS-e820: [mem 0x00000000b0000000-0x00000000bfffffff] reserved
[STDOUT  ] 2018-03-07T23:37:56.674753764Z: [    0.000000] BIOS-e820: [mem 0x00000000fed1c000-0x00000000fed1ffff] reserved
[STDOUT  ] 2018-03-07T23:37:56.682512732Z: [    0.000000] BIOS-e820: [mem 0x00000000feffc000-0x00000000feffffff] reserved
[STDOUT  ] 2018-03-07T23:37:56.690119650Z: [    0.000000] BIOS-e820: [mem 0x00000000fffc0000-0x00000000ffffffff] reserved
[STDOUT  ] 2018-03-07T23:37:56.695444771Z: [    0.000000] NX (Execute Disable) protection: active
[STDOUT  ] 2018-03-07T23:37:56.699214415Z: [    0.000000] random: fast init done
[STDOUT  ] 2018-03-07T23:37:56.702723398Z: [    0.000000] SMBIOS 2.8 present.
[STDOUT  ] 2018-03-07T23:37:56.714336844Z: [    0.000000] DMI: QEMU Standard PC (Q35 + ICH9, 2009), BIOS rel-1.10.2-0-g5f4c7b1-prebuilt.qemu-project.org 04/01/2014
[STDOUT  ] 2018-03-07T23:37:56.718266455Z: [    0.000000] Hypervisor detected: KVM
[STDOUT  ] 2018-03-07T23:37:56.722890343Z: [    0.000000] tsc: Fast TSC calibration failed
[STDOUT  ] 2018-03-07T23:37:56.728072627Z: [    0.000000] tsc: Unable to calibrate against PIT
[STDOUT  ] 2018-03-07T23:37:56.733696434Z: [    0.000000] tsc: No reference (HPET/PMTIMER) available
[STDOUT  ] 2018-03-07T23:37:56.740175352Z: [    0.000000] e820: last_pfn = 0x3ffdf max_arch_pfn = 0x400000000
[STDOUT  ] 2018-03-07T23:37:56.745055978Z: [    0.000000] x86/PAT: PAT not supported by CPU.
[STDOUT  ] 2018-03-07T23:37:56.752604494Z: [    0.000000] x86/PAT: Configuration [0-7]: WB  WT  UC- UC  WB  WT  UC- UC  
[STDOUT  ] 2018-03-07T23:37:56.763164299Z: [    0.000000] found SMP MP-table at [mem 0x000f6aa0-0x000f6aaf] mapped at [ffffffffff200aa0]
[STDOUT  ] 2018-03-07T23:37:56.768312064Z: [    0.000000] RAMDISK: [mem 0x3dec6000-0x3ffcffff]
[STDOUT  ] 2018-03-07T23:37:56.774918962Z: [    0.000000] ACPI: Early table checksum verification disabled
[STDOUT  ] 2018-03-07T23:37:56.781467302Z: [    0.000000] ACPI: RSDP 0x00000000000F68B0 000014 (v00 BOCHS )
[STDOUT  ] 2018-03-07T23:37:56.790874174Z: [    0.000000] ACPI: RSDT 0x000000003FFE20A8 000034 (v01 BOCHS  BXPCRSDT 00000001 BXPC 00000001)
[STDOUT  ] 2018-03-07T23:37:56.800128684Z: [    0.000000] ACPI: FACP 0x000000003FFE1EC8 0000F4 (v03 BOCHS  BXPCFACP 00000001 BXPC 00000001)
[STDOUT  ] 2018-03-07T23:37:56.809422384Z: [    0.000000] ACPI: DSDT 0x000000003FFE0040 001E88 (v01 BOCHS  BXPCDSDT 00000001 BXPC 00000001)
[STDOUT  ] 2018-03-07T23:37:56.814542213Z: [    0.000000] ACPI: FACS 0x000000003FFE0000 000040
[STDOUT  ] 2018-03-07T23:37:56.823753870Z: [    0.000000] ACPI: APIC 0x000000003FFE1FBC 000078 (v01 BOCHS  BXPCAPIC 00000001 BXPC 00000001)
[STDOUT  ] 2018-03-07T23:37:56.833131121Z: [    0.000000] ACPI: HPET 0x000000003FFE2034 000038 (v01 BOCHS  BXPCHPET 00000001 BXPC 00000001)
[STDOUT  ] 2018-03-07T23:37:56.844374394Z: [    0.000000] ACPI: MCFG 0x000000003FFE206C 00003C (v01 BOCHS  BXPCMCFG 00000001 BXPC 00000001)
[STDOUT  ] 2018-03-07T23:37:56.850075808Z: [    0.000000] kvm-clock: Using msrs 4b564d01 and 4b564d00
[STDOUT  ] 2018-03-07T23:37:56.856461563Z: [    0.000000] kvm-clock: cpu 0, msr 0:3ffdd001, primary cpu clock
[STDOUT  ] 2018-03-07T23:37:56.867868287Z: [    0.000000] clocksource: kvm-clock: mask: 0xffffffffffffffff max_cycles: 0x1cd42e4dffb, max_idle_ns: 881590591483 ns
[STDOUT  ] 2018-03-07T23:37:56.870650941Z: [    0.000000] Zone ranges:
[STDOUT  ] 2018-03-07T23:37:56.877609094Z: [    0.000000]   DMA      [mem 0x0000000000001000-0x0000000000ffffff]
[STDOUT  ] 2018-03-07T23:37:56.884776035Z: [    0.000000]   DMA32    [mem 0x0000000001000000-0x000000003ffdefff]
[STDOUT  ] 2018-03-07T23:37:56.890527851Z: [    0.000000]   Normal   empty
[STDOUT  ] 2018-03-07T23:37:56.890620213Z: [    0.000000]   Device   empty
[STDOUT  ] 2018-03-07T23:37:56.895257654Z: [    0.000000] Movable zone start for each node
[STDOUT  ] 2018-03-07T23:37:56.899118875Z: [    0.000000] Early memory node ranges
[STDOUT  ] 2018-03-07T23:37:56.905853479Z: [    0.000000]   node   0: [mem 0x0000000000001000-0x000000000009efff]
[STDOUT  ] 2018-03-07T23:37:56.912497271Z: [    0.000000]   node   0: [mem 0x0000000000100000-0x000000003ffdefff]
[STDOUT  ] 2018-03-07T23:37:56.920338277Z: [    0.000000] Initmem setup node 0 [mem 0x0000000000001000-0x000000003ffdefff]
[STDOUT  ] 2018-03-07T23:37:56.924753718Z: [    0.000000] ACPI: PM-Timer IO Port: 0x608
[STDOUT  ] 2018-03-07T23:37:56.931001893Z: [    0.000000] ACPI: LAPIC_NMI (acpi_id[0xff] dfl dfl lint[0x1])
[STDOUT  ] 2018-03-07T23:37:56.938527718Z: [    0.000000] IOAPIC[0]: apic_id 0, version 17, address 0xfec00000, GSI 0-23
[STDOUT  ] 2018-03-07T23:37:56.945654162Z: [    0.000000] ACPI: INT_SRC_OVR (bus 0 bus_irq 0 global_irq 2 dfl dfl)
[STDOUT  ] 2018-03-07T23:37:56.952751288Z: [    0.000000] ACPI: INT_SRC_OVR (bus 0 bus_irq 5 global_irq 5 high level)
[STDOUT  ] 2018-03-07T23:37:56.959994475Z: [    0.000000] ACPI: INT_SRC_OVR (bus 0 bus_irq 9 global_irq 9 high level)
[STDOUT  ] 2018-03-07T23:37:56.967312363Z: [    0.000000] ACPI: INT_SRC_OVR (bus 0 bus_irq 10 global_irq 10 high level)
[STDOUT  ] 2018-03-07T23:37:56.974690212Z: [    0.000000] ACPI: INT_SRC_OVR (bus 0 bus_irq 11 global_irq 11 high level)
[STDOUT  ] 2018-03-07T23:37:56.981173966Z: [    0.000000] Using ACPI (MADT) for SMP configuration information
[STDOUT  ] 2018-03-07T23:37:56.986809002Z: [    0.000000] ACPI: HPET id: 0x8086a201 base: 0xfed00000
[STDOUT  ] 2018-03-07T23:37:56.992258186Z: [    0.000000] smpboot: Allowing 1 CPUs, 0 hotplug CPUs
[STDOUT  ] 2018-03-07T23:37:56.999455769Z: [    0.000000] e820: [mem 0x40000000-0xafffffff] available for PCI devices
[STDOUT  ] 2018-03-07T23:37:57.004568217Z: [    0.000000] Booting paravirtualized kernel on KVM
[STDOUT  ] 2018-03-07T23:37:57.015979096Z: [    0.000000] clocksource: refined-jiffies: mask: 0xffffffff max_cycles: 0xffffffff, max_idle_ns: 19112604462750000 ns
[STDOUT  ] 2018-03-07T23:37:57.024368066Z: [    0.000000] setup_percpu: NR_CPUS:128 nr_cpumask_bits:128 nr_cpu_ids:1 nr_node_ids:1
[STDOUT  ] 2018-03-07T23:37:57.033205427Z: [    0.000000] percpu: Embedded 44 pages/cpu @ffffa0853dc00000 s143128 r8192 d28904 u2097152
[STDOUT  ] 2018-03-07T23:37:57.037553140Z: [    0.000000] KVM setup async PF for cpu 0
[STDOUT  ] 2018-03-07T23:37:57.042380228Z: [    0.000000] kvm-stealtime: cpu 0, msr 3dc15f00
[STDOUT  ] 2018-03-07T23:37:57.049854818Z: [    0.000000] Built 1 zonelists, mobility grouping on.  Total pages: 257896
[STDOUT  ] 2018-03-07T23:37:57.056246617Z: [    0.000000] Kernel command line: console=ttyS0 console=ttyAMA0
[STDOUT  ] 2018-03-07T23:37:57.062825812Z: [    0.000000] PID hash table entries: 4096 (order: 3, 32768 bytes)
[STDOUT  ] 2018-03-07T23:37:57.070604350Z: [    0.000000] Dentry cache hash table entries: 131072 (order: 8, 1048576 bytes)
[STDOUT  ] 2018-03-07T23:37:57.078148883Z: [    0.000000] Inode-cache hash table entries: 65536 (order: 7, 524288 bytes)
[STDOUT  ] 2018-03-07T23:37:57.093143261Z: [    0.000000] Memory: 970992K/1048052K available (12300K kernel code, 1460K rwdata, 2956K rodata, 1504K init, 628K bss, 77060K reserved, 0K cma-reserved)
[STDOUT  ] 2018-03-07T23:37:57.098782382Z: [    0.000000] Kernel/User page tables isolation: enabled
[STDOUT  ] 2018-03-07T23:37:57.104705820Z: [    0.000000] ftrace: allocating 40632 entries in 159 pages
[STDOUT  ] 2018-03-07T23:37:57.109521831Z: [    0.010000] Hierarchical RCU implementation.
[STDOUT  ] 2018-03-07T23:37:57.116589764Z: [    0.010000] 	RCU restricting CPUs from NR_CPUS=128 to nr_cpu_ids=1.
[STDOUT  ] 2018-03-07T23:37:57.124198040Z: [    0.010000] RCU: Adjusting geometry for rcu_fanout_leaf=16, nr_cpu_ids=1
[STDOUT  ] 2018-03-07T23:37:57.130776173Z: [    0.010000] NR_IRQS: 8448, nr_irqs: 256, preallocated irqs: 16
[STDOUT  ] 2018-03-07T23:37:57.134890409Z: [    0.010000] Console: colour VGA+ 80x25
[STDOUT  ] 2018-03-07T23:37:57.138723869Z: [    0.010000] console [ttyS0] enabled
[STDOUT  ] 2018-03-07T23:37:57.149424476Z: [    0.010000] clocksource: hpet: mask: 0xffffffff max_cycles: 0xffffffff, max_idle_ns: 19112604467 ns
[STDOUT  ] 2018-03-07T23:37:57.155450847Z: [    0.010037] tsc: Detected 2300.000 MHz processor
[STDOUT  ] 2018-03-07T23:37:57.164580135Z: [    0.015418] Calibrating delay loop (skipped) preset value.. 4600.00 BogoMIPS (lpj=23000000)
[STDOUT  ] 2018-03-07T23:37:57.169770803Z: [    0.020037] pid_max: default: 32768 minimum: 301
[STDOUT  ] 2018-03-07T23:37:57.174321617Z: [    0.025092] ACPI: Core revision 20170728
[STDOUT  ] 2018-03-07T23:37:57.182858549Z: [    0.031107] ACPI: 1 ACPI AML tables successfully acquired and loaded
[STDOUT  ] 2018-03-07T23:37:57.187636278Z: [    0.040090] Security Framework initialized
[STDOUT  ] 2018-03-07T23:37:57.191696005Z: [    0.044749] Yama: becoming mindful.
[STDOUT  ] 2018-03-07T23:37:57.199498123Z: [    0.050095] Mount-cache hash table entries: 2048 (order: 2, 16384 bytes)
[STDOUT  ] 2018-03-07T23:37:57.207452452Z: [    0.057648] Mountpoint-cache hash table entries: 2048 (order: 2, 16384 bytes)
[STDOUT  ] 2018-03-07T23:37:57.212979080Z: [    0.060978] CPU: Physical Processor ID: 0
[STDOUT  ] 2018-03-07T23:37:57.224934965Z: [    0.075627] Last level iTLB entries: 4KB 0, 2MB 0, 4MB 0
[STDOUT  ] 2018-03-07T23:37:57.232008517Z: [    0.080035] Last level dTLB entries: 4KB 0, 2MB 0, 4MB 0, 1GB 0
[STDOUT  ] 2018-03-07T23:37:57.239002355Z: [    0.090036] Spectre V2 : Vulnerable: Minimal generic ASM retpoline
[STDOUT  ] 2018-03-07T23:37:57.248737103Z: [    0.103553] Freeing SMP alternatives memory: 20K
[STDOUT  ] 2018-03-07T23:37:57.254150924Z: [    0.109260] smpboot: Max logical packages: 1
[STDOUT  ] 2018-03-07T23:37:57.259439504Z: [    0.112080] x2apic enabled
[STDOUT  ] 2018-03-07T23:37:57.267320800Z: [    0.120023] Switched APIC routing to physical x2apic.
[STDOUT  ] 2018-03-07T23:37:57.282581521Z: [    0.136353] ..TIMER: vector=0x30 apic1=0 pin1=2 apic2=-1 pin2=-1
[STDOUT  ] 2018-03-07T23:37:57.411388906Z: [    0.140000] smpboot: CPU0: Intel QEMU Virtual CPU version 2.5+ (family: 0x6, model: 0x6, stepping: 0x3)
[STDOUT  ] 2018-03-07T23:37:57.429496577Z: [    0.140137] Performance Events: PMU not available due to virtualization, using software events only.
[STDOUT  ] 2018-03-07T23:37:57.434647296Z: [    0.150383] Hierarchical SRCU implementation.
[STDOUT  ] 2018-03-07T23:37:57.441236271Z: [    0.160140] NMI watchdog: Perf event create on CPU 0 failed with -2
[STDOUT  ] 2018-03-07T23:37:57.447584554Z: [    0.170010] NMI watchdog: Perf NMI watchdog permanently disabled
[STDOUT  ] 2018-03-07T23:37:57.452213150Z: [    0.176297] smp: Bringing up secondary CPUs ...
[STDOUT  ] 2018-03-07T23:37:57.456404120Z: [    0.180010] smp: Brought up 1 node, 1 CPU
[STDOUT  ] 2018-03-07T23:37:57.463161968Z: [    0.184150] smpboot: Total of 1 processors activated (4600.00 BogoMIPS)
[STDOUT  ] 2018-03-07T23:37:57.468937181Z: [    0.192088] devtmpfs: initialized
[STDOUT  ] 2018-03-07T23:37:57.473410822Z: [    0.195719] x86/mm: Memory block size: 128MB
[STDOUT  ] 2018-03-07T23:37:57.483852605Z: [    0.200377] clocksource: jiffies: mask: 0xffffffff max_cycles: 0xffffffff, max_idle_ns: 19112604462750000 ns
[STDOUT  ] 2018-03-07T23:37:57.490306735Z: [    0.210028] futex hash table entries: 256 (order: 2, 16384 bytes)
[STDOUT  ] 2018-03-07T23:37:57.495346523Z: [    0.220164] NET: Registered protocol family 16
[STDOUT  ] 2018-03-07T23:37:57.499832765Z: [    0.225101] cpuidle: using governor ladder
[STDOUT  ] 2018-03-07T23:37:57.504031305Z: [    0.229342] cpuidle: using governor menu
[STDOUT  ] 2018-03-07T23:37:57.508231604Z: [    0.230115] ACPI: bus type PCI registered
[STDOUT  ] 2018-03-07T23:37:57.518249124Z: [    0.234756] PCI: MMCONFIG for domain 0000 [bus 00-ff] at [mem 0xb0000000-0xbfffffff] (base 0xb0000000)
[STDOUT  ] 2018-03-07T23:37:57.525135372Z: [    0.240015] PCI: MMCONFIG at [mem 0xb0000000-0xbfffffff] reserved in E820
[STDOUT  ] 2018-03-07T23:37:57.531080852Z: [    0.250030] PCI: Using configuration type 1 for base access
[STDOUT  ] 2018-03-07T23:37:57.539569297Z: [    0.261577] HugeTLB registered 2.00 MiB page size, pre-allocated 0 pages
[STDOUT  ] 2018-03-07T23:37:57.544242441Z: [    0.268841] ACPI: Added _OSI(Module Device)
[STDOUT  ] 2018-03-07T23:37:57.548801996Z: [    0.270015] ACPI: Added _OSI(Processor Device)
[STDOUT  ] 2018-03-07T23:37:57.553638750Z: [    0.274621] ACPI: Added _OSI(3.0 _SCP Extensions)
[STDOUT  ] 2018-03-07T23:37:57.559279344Z: [    0.280011] ACPI: Added _OSI(Processor Aggregator Device)
[STDOUT  ] 2018-03-07T23:37:57.568194869Z: [    0.293934] ACPI: Interpreter enabled
[STDOUT  ] 2018-03-07T23:37:57.571851590Z: [    0.297768] ACPI: (supports S0 S5)
[STDOUT  ] 2018-03-07T23:37:57.577093326Z: [    0.300041] ACPI: Using IOAPIC for interrupt routing
[STDOUT  ] 2018-03-07T23:37:57.587116111Z: [    0.305351] PCI: Using host bridge windows from ACPI; if necessary, use "pci=nocrs" and report a bug
[STDOUT  ] 2018-03-07T23:37:57.592875345Z: [    0.310337] ACPI: Enabled 1 GPEs in block 00 to 3F
[STDOUT  ] 2018-03-07T23:37:57.603166147Z: [    0.323701] ACPI: PCI Root Bridge [PCI0] (domain 0000 [bus 00-ff])
[STDOUT  ] 2018-03-07T23:37:57.611422512Z: [    0.330022] acpi PNP0A08:00: _OSC: OS supports [ExtendedConfig ASPM ClockPM Segments MSI]
[STDOUT  ] 2018-03-07T23:37:57.619711293Z: [    0.340198] acpi PNP0A08:00: _OSC: OS now controls [PCIeHotplug PME PCIeCapability]
[STDOUT  ] 2018-03-07T23:37:57.624592915Z: [    0.348329] PCI host bridge to bus 0000:00
[STDOUT  ] 2018-03-07T23:37:57.632132395Z: [    0.350015] pci_bus 0000:00: root bus resource [io  0x0000-0x0cf7 window]
[STDOUT  ] 2018-03-07T23:37:57.639396856Z: [    0.360016] pci_bus 0000:00: root bus resource [io  0x0d00-0xffff window]
[STDOUT  ] 2018-03-07T23:37:57.647148127Z: [    0.367242] pci_bus 0000:00: root bus resource [mem 0x000a0000-0x000bffff window]
[STDOUT  ] 2018-03-07T23:37:57.655000448Z: [    0.370015] pci_bus 0000:00: root bus resource [mem 0xc0000000-0xfebfffff window]
[STDOUT  ] 2018-03-07T23:37:57.660674258Z: [    0.380017] pci_bus 0000:00: root bus resource [bus 00-ff]
[STDOUT  ] 2018-03-07T23:37:57.795724964Z: [    0.516462] pci 0000:00:1f.0: quirk: [io  0x0600-0x067f] claimed by ICH6 ACPI/GPIO/TCO
[STDOUT  ] 2018-03-07T23:37:57.857695689Z: [    0.580338] ACPI: PCI Interrupt Link [LNKA] (IRQs 5 *10 11)
[STDOUT  ] 2018-03-07T23:37:57.864173950Z: [    0.587602] ACPI: PCI Interrupt Link [LNKB] (IRQs 5 *10 11)
[STDOUT  ] 2018-03-07T23:37:57.870708260Z: [    0.590424] ACPI: PCI Interrupt Link [LNKC] (IRQs 5 10 *11)
[STDOUT  ] 2018-03-07T23:37:57.877297821Z: [    0.600431] ACPI: PCI Interrupt Link [LNKD] (IRQs 5 10 *11)
[STDOUT  ] 2018-03-07T23:37:57.883776428Z: [    0.606967] ACPI: PCI Interrupt Link [LNKE] (IRQs 5 *10 11)
[STDOUT  ] 2018-03-07T23:37:57.890366124Z: [    0.610432] ACPI: PCI Interrupt Link [LNKF] (IRQs 5 *10 11)
[STDOUT  ] 2018-03-07T23:37:57.896816196Z: [    0.620240] ACPI: PCI Interrupt Link [LNKG] (IRQs 5 10 *11)
[STDOUT  ] 2018-03-07T23:37:57.903485626Z: [    0.626727] ACPI: PCI Interrupt Link [LNKH] (IRQs 5 10 *11)
[STDOUT  ] 2018-03-07T23:37:57.909529271Z: [    0.630231] ACPI: PCI Interrupt Link [GSIA] (IRQs *16)
[STDOUT  ] 2018-03-07T23:37:57.915444913Z: [    0.636122] ACPI: PCI Interrupt Link [GSIB] (IRQs *17)
[STDOUT  ] 2018-03-07T23:37:57.921103312Z: [    0.640036] ACPI: PCI Interrupt Link [GSIC] (IRQs *18)
[STDOUT  ] 2018-03-07T23:37:57.927051583Z: [    0.650035] ACPI: PCI Interrupt Link [GSID] (IRQs *19)
[STDOUT  ] 2018-03-07T23:37:57.932896143Z: [    0.655923] ACPI: PCI Interrupt Link [GSIE] (IRQs *20)
[STDOUT  ] 2018-03-07T23:37:57.938751915Z: [    0.660038] ACPI: PCI Interrupt Link [GSIF] (IRQs *21)
[STDOUT  ] 2018-03-07T23:37:57.944733352Z: [    0.665871] ACPI: PCI Interrupt Link [GSIG] (IRQs *22)
[STDOUT  ] 2018-03-07T23:37:57.950567322Z: [    0.670041] ACPI: PCI Interrupt Link [GSIH] (IRQs *23)
[STDOUT  ] 2018-03-07T23:37:57.955328857Z: [    0.680475] SCSI subsystem initialized
[STDOUT  ] 2018-03-07T23:37:57.959884900Z: [    0.684837] ACPI: bus type USB registered
[STDOUT  ] 2018-03-07T23:37:57.966267638Z: [    0.689338] usbcore: registered new interface driver usbfs
[STDOUT  ] 2018-03-07T23:37:57.972054290Z: [    0.690047] usbcore: registered new interface driver hub
[STDOUT  ] 2018-03-07T23:37:57.977196984Z: [    0.700037] usbcore: registered new device driver usb
[STDOUT  ] 2018-03-07T23:37:57.982429909Z: [    0.705246] pps_core: LinuxPPS API ver. 1 registered
[STDOUT  ] 2018-03-07T23:37:57.991796701Z: [    0.710008] pps_core: Software ver. 5.3.6 - Copyright 2005-2007 Rodolfo Giometti <giometti@linux.it>
[STDOUT  ] 2018-03-07T23:37:57.995901145Z: [    0.720026] PTP clock support registered
[STDOUT  ] 2018-03-07T23:37:58.000358581Z: [    0.724171] PCI: Using ACPI for IRQ routing
[STDOUT  ] 2018-03-07T23:37:58.393970714Z: [    1.119491] NetLabel: Initializing
[STDOUT  ] 2018-03-07T23:37:58.398853229Z: [    1.120013] NetLabel:  domain hash size = 128
[STDOUT  ] 2018-03-07T23:37:58.404983746Z: [    1.124778] NetLabel:  protocols = UNLABELED CIPSOv4 CALIPSO
[STDOUT  ] 2018-03-07T23:37:58.411246393Z: [    1.130060] NetLabel:  unlabeled traffic allowed by default
[STDOUT  ] 2018-03-07T23:37:58.419081690Z: [    1.140244] HPET: 3 timers in total, 0 timers will be used for per-cpu timer
[STDOUT  ] 2018-03-07T23:37:58.424474338Z: [    1.147929] hpet0: at MMIO 0xfed00000, IRQs 2, 8, 0
[STDOUT  ] 2018-03-07T23:37:58.430959046Z: [    1.150009] hpet0: 3 comparators, 64-bit 100.000000 MHz counter
[STDOUT  ] 2018-03-07T23:37:58.440701329Z: [    1.163642] clocksource: Switched to clocksource kvm-clock
[STDOUT  ] 2018-03-07T23:37:58.461481833Z: [    1.182235] VFS: Disk quotas dquot_6.6.0
[STDOUT  ] 2018-03-07T23:37:58.469282790Z: [    1.186883] VFS: Dquot-cache hash table entries: 512 (order 0, 4096 bytes)
[STDOUT  ] 2018-03-07T23:37:58.472738908Z: [    1.194861] FS-Cache: Loaded
[STDOUT  ] 2018-03-07T23:37:58.476567387Z: [    1.198266] CacheFiles: Loaded
[STDOUT  ] 2018-03-07T23:37:58.480247633Z: [    1.201980] pnp: PnP ACPI init
[STDOUT  ] 2018-03-07T23:37:58.486134228Z: [    1.207137] pnp: PnP ACPI: found 5 devices
[STDOUT  ] 2018-03-07T23:37:58.502178941Z: [    1.218407] clocksource: acpi_pm: mask: 0xffffff max_cycles: 0xffffff, max_idle_ns: 2085701024 ns
[STDOUT  ] 2018-03-07T23:37:58.506855920Z: [    1.227675] NET: Registered protocol family 2
[STDOUT  ] 2018-03-07T23:37:58.514260850Z: [    1.232490] TCP established hash table entries: 8192 (order: 4, 65536 bytes)
[STDOUT  ] 2018-03-07T23:37:58.521046971Z: [    1.239698] TCP bind hash table entries: 8192 (order: 5, 131072 bytes)
[STDOUT  ] 2018-03-07T23:37:58.528367059Z: [    1.247109] TCP: Hash tables configured (established 8192 bind 8192)
[STDOUT  ] 2018-03-07T23:37:58.534733097Z: [    1.253968] UDP hash table entries: 512 (order: 2, 16384 bytes)
[STDOUT  ] 2018-03-07T23:37:58.541751662Z: [    1.260138] UDP-Lite hash table entries: 512 (order: 2, 16384 bytes)
[STDOUT  ] 2018-03-07T23:37:58.546415548Z: [    1.267273] NET: Registered protocol family 1
[STDOUT  ] 2018-03-07T23:37:58.555366117Z: [    1.272198] pci 0000:00:01.0: Video device with shadowed ROM at [mem 0x000c0000-0x000dffff]
[STDOUT  ] 2018-03-07T23:37:58.561627447Z: [    1.281227] Trying to unpack rootfs image as initramfs...
[STDOUT  ] 2018-03-07T23:37:59.136119763Z: [    1.857144] Freeing initrd memory: 33832K
[STDOUT  ] 2018-03-07T23:37:59.142927732Z: [    1.862582] PCLMULQDQ-NI instructions are not detected.
[STDOUT  ] 2018-03-07T23:37:59.148768990Z: [    1.868384] AVX or AES-NI instructions are not detected.
[STDOUT  ] 2018-03-07T23:37:59.154923035Z: [    1.874178] CPU feature 'AVX registers' is not supported.
[STDOUT  ] 2018-03-07T23:37:59.160823434Z: [    1.880360] CPU feature 'AVX registers' is not supported.
[STDOUT  ] 2018-03-07T23:37:59.166645875Z: [    1.886202] CPU feature 'AVX registers' is not supported.
[STDOUT  ] 2018-03-07T23:37:59.172668335Z: [    1.892131] CPU feature 'AVX registers' is not supported.
[STDOUT  ] 2018-03-07T23:37:59.178519058Z: [    1.898076] AVX2 or AES-NI instructions are not detected.
[STDOUT  ] 2018-03-07T23:37:59.183660694Z: [    1.903980] AVX2 instructions are not detected.
[STDOUT  ] 2018-03-07T23:37:59.189684074Z: [    1.909350] audit: initializing netlink subsys (disabled)
[STDOUT  ] 2018-03-07T23:37:59.199444926Z: [    1.915664] audit: type=2000 audit(1520465878.466:1): state=initialized audit_enabled=0 res=1
[STDOUT  ] 2018-03-07T23:37:59.206553413Z: [    1.924922] workingset: timestamp_bits=46 max_order=18 bucket_order=0
[STDOUT  ] 2018-03-07T23:37:59.213183321Z: [    1.932235] squashfs: version 4.0 (2009/01/31) Phillip Lougher
[STDOUT  ] 2018-03-07T23:37:59.219143925Z: [    1.938716] FS-Cache: Netfs 'cifs' registered for caching
[STDOUT  ] 2018-03-07T23:37:59.223902935Z: [    1.944743] fuse init (API version 7.26)
[STDOUT  ] 2018-03-07T23:37:59.230986736Z: [    1.949437] SGI XFS with ACLs, security attributes, no debug enabled
[STDOUT  ] 2018-03-07T23:37:59.237300255Z: [    1.956655] 9p: Installing v9fs 9p2000 file system support
[STDOUT  ] 2018-03-07T23:37:59.243044067Z: [    1.962775] FS-Cache: Netfs '9p' registered for caching
[STDOUT  ] 2018-03-07T23:37:59.249036213Z: [    1.969482] NET: Registered protocol family 38
[STDOUT  ] 2018-03-07T23:37:59.253563819Z: [    1.974489] Key type asymmetric registered
[STDOUT  ] 2018-03-07T23:37:59.258909159Z: [    1.978972] Asymmetric key parser 'x509' registered
[STDOUT  ] 2018-03-07T23:37:59.267014824Z: [    1.984392] Block layer SCSI generic (bsg) driver version 0.4 loaded (major 248)
[STDOUT  ] 2018-03-07T23:37:59.271577745Z: [    1.992693] io scheduler noop registered
[STDOUT  ] 2018-03-07T23:37:59.277191305Z: [    1.996983] io scheduler deadline registered (default)
[STDOUT  ] 2018-03-07T23:37:59.281559163Z: [    2.002753] io scheduler cfq registered
[STDOUT  ] 2018-03-07T23:37:59.286476192Z: [    2.006942] io scheduler mq-deadline registered
[STDOUT  ] 2018-03-07T23:37:59.291252216Z: [    2.011947] io scheduler kyber registered
[STDOUT  ] 2018-03-07T23:37:59.298758632Z: [    2.016782] shpchp: Standard Hot Plug PCI Controller Driver version: 0.4
[STDOUT  ] 2018-03-07T23:37:59.304129084Z: [    2.024241] hv_vmbus: registering driver hyperv_fb
[STDOUT  ] 2018-03-07T23:37:59.312194045Z: [    2.029607] input: Power Button as /devices/LNXSYSTM:00/LNXPWRBN:00/input/input0
[STDOUT  ] 2018-03-07T23:37:59.316550154Z: [    2.037732] ACPI: Power Button [PWRF]
[STDOUT  ] 2018-03-07T23:37:59.323774229Z: [    2.042964] ACPI: PCI Interrupt Link [GSIG] enabled at IRQ 22
[STDOUT  ] 2018-03-07T23:37:59.337585262Z: [    2.056646] ACPI: PCI Interrupt Link [GSIH] enabled at IRQ 23
[STDOUT  ] 2018-03-07T23:37:59.350683520Z: [    2.069054] Serial: 8250/16550 driver, 4 ports, IRQ sharing disabled
[STDOUT  ] 2018-03-07T23:37:59.392616727Z: [    2.110077] 00:04: ttyS0 at I/O 0x3f8 (irq = 4, base_baud = 115200) is a 16550A
[STDOUT  ] 2018-03-07T23:37:59.398150870Z: [    2.118909] Non-volatile memory driver v1.3
[STDOUT  ] 2018-03-07T23:37:59.409981248Z: [    2.125618] Hangcheck: starting hangcheck timer 0.9.1 (tick is 180 seconds, margin is 60 seconds).
[STDOUT  ] 2018-03-07T23:37:59.414291082Z: [    2.135965] random: crng init done
[STDOUT  ] 2018-03-07T23:37:59.420243861Z: [    2.142205] brd: module loaded
[STDOUT  ] 2018-03-07T23:37:59.425862768Z: [    2.147637] loop: module loaded
[STDOUT  ] 2018-03-07T23:37:59.437546261Z: [    2.155866] lpc_ich 0000:00:1f.0: I/O space for GPIO uninitialized
[STDOUT  ] 2018-03-07T23:37:59.443338249Z: [    2.163167] VMware PVSCSI driver - version 1.0.7.0-k
[STDOUT  ] 2018-03-07T23:37:59.448932197Z: [    2.168791] hv_vmbus: registering driver hv_storvsc
[STDOUT  ] 2018-03-07T23:37:59.455767838Z: [    2.174953] ACPI: PCI Interrupt Link [GSIA] enabled at IRQ 16
[STDOUT  ] 2018-03-07T23:37:59.468068696Z: [    2.184193] ahci 0000:00:1f.2: AHCI 0001.0000 32 slots 6 ports 1.5 Gbps 0x3f impl SATA mode
[STDOUT  ] 2018-03-07T23:37:59.473648658Z: [    2.193549] ahci 0000:00:1f.2: flags: 64bit ncq only 
[STDOUT  ] 2018-03-07T23:37:59.480209075Z: [    2.202396] scsi host0: ahci
[STDOUT  ] 2018-03-07T23:37:59.483620225Z: [    2.205734] scsi host1: ahci
[STDOUT  ] 2018-03-07T23:37:59.487103175Z: [    2.209145] scsi host2: ahci
[STDOUT  ] 2018-03-07T23:37:59.490640185Z: [    2.212622] scsi host3: ahci
[STDOUT  ] 2018-03-07T23:37:59.494063154Z: [    2.216155] scsi host4: ahci
[STDOUT  ] 2018-03-07T23:37:59.497678612Z: [    2.219628] scsi host5: ahci
[STDOUT  ] 2018-03-07T23:37:59.506373581Z: [    2.223304] ata1: SATA max UDMA/133 abar m4096@0xfebd2000 port 0xfebd2100 irq 24
[STDOUT  ] 2018-03-07T23:37:59.514759970Z: [    2.231840] ata2: SATA max UDMA/133 abar m4096@0xfebd2000 port 0xfebd2180 irq 24
[STDOUT  ] 2018-03-07T23:37:59.523217811Z: [    2.240312] ata3: SATA max UDMA/133 abar m4096@0xfebd2000 port 0xfebd2200 irq 24
[STDOUT  ] 2018-03-07T23:37:59.531077670Z: [    2.248684] ata4: SATA max UDMA/133 abar m4096@0xfebd2000 port 0xfebd2280 irq 24
[STDOUT  ] 2018-03-07T23:37:59.539291368Z: [    2.256598] ata5: SATA max UDMA/133 abar m4096@0xfebd2000 port 0xfebd2300 irq 24
[STDOUT  ] 2018-03-07T23:37:59.547287416Z: [    2.264797] ata6: SATA max UDMA/133 abar m4096@0xfebd2000 port 0xfebd2380 irq 24
[STDOUT  ] 2018-03-07T23:37:59.553373784Z: [    2.273316] tun: Universal TUN/TAP device driver, 1.6
[STDOUT  ] 2018-03-07T23:37:59.565959602Z: [    2.284358] VMware vmxnet3 virtual NIC driver - version 1.4.a.0-k-NAPI
[STDOUT  ] 2018-03-07T23:37:59.571199463Z: [    2.291645] hv_vmbus: registering driver hv_netvsc
[STDOUT  ] 2018-03-07T23:37:59.575551206Z: [    2.296619] Fusion MPT base driver 3.04.20
[STDOUT  ] 2018-03-07T23:37:59.580522317Z: [    2.300956] Copyright (c) 1999-2008 LSI Corporation
[STDOUT  ] 2018-03-07T23:37:59.585245581Z: [    2.305958] Fusion MPT SPI Host driver 3.04.20
[STDOUT  ] 2018-03-07T23:37:59.593402835Z: [    2.310745] i8042: PNP: PS/2 Controller [PNP0303:KBD,PNP0f13:MOU] at 0x60,0x64 irq 1,12
[STDOUT  ] 2018-03-07T23:37:59.602054064Z: [    2.322338] serio: i8042 KBD port at 0x60,0x64 irq 1
[STDOUT  ] 2018-03-07T23:37:59.607329144Z: [    2.327482] serio: i8042 AUX port at 0x60,0x64 irq 12
[STDOUT  ] 2018-03-07T23:37:59.612964297Z: [    2.332876] hv_vmbus: registering driver hyperv_keyboard
[STDOUT  ] 2018-03-07T23:37:59.618783391Z: [    2.338383] mousedev: PS/2 mouse device common for all mice
[STDOUT  ] 2018-03-07T23:37:59.628901555Z: [    2.345597] input: AT Translated Set 2 keyboard as /devices/platform/i8042/serio0/input/input1
[STDOUT  ] 2018-03-07T23:37:59.635856698Z: [    2.354502] input: PC Speaker as /devices/platform/pcspkr/input/input2
[STDOUT  ] 2018-03-07T23:37:59.641061808Z: [    2.361639] rtc_cmos 00:00: RTC can wake from S4
[STDOUT  ] 2018-03-07T23:37:59.649640459Z: [    2.368768] rtc_cmos 00:00: rtc core: registered rtc_cmos as rtc0
[STDOUT  ] 2018-03-07T23:37:59.659208207Z: [    2.376158] rtc_cmos 00:00: alarms up to one day, y3k, 114 bytes nvram, hpet irqs
[STDOUT  ] 2018-03-07T23:37:59.663307024Z: [    2.384742] i2c /dev entries driver
[STDOUT  ] 2018-03-07T23:37:59.672819565Z: [    2.388893] device-mapper: ioctl: 4.37.0-ioctl (2017-09-20) initialised: dm-devel@redhat.com
[STDOUT  ] 2018-03-07T23:37:59.680155807Z: [    2.399142] usbcore: registered new interface driver usbhid
[STDOUT  ] 2018-03-07T23:37:59.684588294Z: [    2.405631] usbhid: USB HID core driver
[STDOUT  ] 2018-03-07T23:37:59.690918005Z: [    2.410206] hv_utils: Registering HyperV Utility Driver
[STDOUT  ] 2018-03-07T23:37:59.696476085Z: [    2.416349] hv_vmbus: registering driver hv_util
[STDOUT  ] 2018-03-07T23:37:59.702162076Z: [    2.421997] hv_vmbus: registering driver hv_balloon
[STDOUT  ] 2018-03-07T23:37:59.706938424Z: [    2.427603] oprofile: using NMI interrupt.
[STDOUT  ] 2018-03-07T23:37:59.710638624Z: [    2.432479] GACT probability on
[STDOUT  ] 2018-03-07T23:37:59.714812131Z: [    2.436067] Mirror/redirect action on
[STDOUT  ] 2018-03-07T23:37:59.718895408Z: [    2.440324] Simple TC action Loaded
[STDOUT  ] 2018-03-07T23:37:59.722225348Z: [    2.444338] u32 classifier
[STDOUT  ] 2018-03-07T23:37:59.727000375Z: [    2.447657]     Performance counters on
[STDOUT  ] 2018-03-07T23:37:59.731332385Z: [    2.452530]     input device check on
[STDOUT  ] 2018-03-07T23:37:59.735348026Z: [    2.456755]     Actions configured
[STDOUT  ] 2018-03-07T23:37:59.740646659Z: [    2.460767] Netfilter messages via NETLINK v0.30.
[STDOUT  ] 2018-03-07T23:37:59.746137186Z: [    2.466095] nfnl_acct: registering with nfnetlink.
[STDOUT  ] 2018-03-07T23:37:59.752418997Z: [    2.471713] nf_conntrack version 0.5.0 (8192 buckets, 32768 max)
[STDOUT  ] 2018-03-07T23:37:59.757977343Z: [    2.477931] ctnetlink v0.93: registering with nfnetlink.
[STDOUT  ] 2018-03-07T23:37:59.764762566Z: [    2.483517] nf_tables: (c) 2007-2009 Patrick McHardy <kaber@trash.net>
[STDOUT  ] 2018-03-07T23:37:59.772344971Z: [    2.490404] nf_tables_compat: (c) 2012 Pablo Neira Ayuso <pablo@netfilter.org>
[STDOUT  ] 2018-03-07T23:37:59.777045300Z: [    2.497979] xt_time: kernel timezone is -0000
[STDOUT  ] 2018-03-07T23:37:59.780560378Z: [    2.502774] ip_set: protocol 6
[STDOUT  ] 2018-03-07T23:37:59.786770444Z: [    2.506096] IPVS: Registered protocols (TCP, UDP, SCTP, AH, ESP)
[STDOUT  ] 2018-03-07T23:37:59.794744835Z: [    2.512642] IPVS: Connection hash table configured (size=4096, memory=64Kbytes)
[STDOUT  ] 2018-03-07T23:37:59.798234007Z: [    2.520516] IPVS: ipvs loaded.
[STDOUT  ] 2018-03-07T23:37:59.802830846Z: [    2.523656] IPVS: [rr] scheduler registered.
[STDOUT  ] 2018-03-07T23:37:59.807790046Z: [    2.528575] IPVS: [wrr] scheduler registered.
[STDOUT  ] 2018-03-07T23:37:59.812282840Z: [    2.533199] IPVS: [lc] scheduler registered.
[STDOUT  ] 2018-03-07T23:37:59.817201912Z: [    2.537992] IPVS: [wlc] scheduler registered.
[STDOUT  ] 2018-03-07T23:37:59.821560656Z: [    2.542604] IPVS: [fo] scheduler registered.
[STDOUT  ] 2018-03-07T23:37:59.826408488Z: [    2.547291] IPVS: [ovf] scheduler registered.
[STDOUT  ] 2018-03-07T23:37:59.831111508Z: [    2.551906] IPVS: [lblc] scheduler registered.
[STDOUT  ] 2018-03-07T23:37:59.836209422Z: [    2.556771] IPVS: [lblcr] scheduler registered.
[STDOUT  ] 2018-03-07T23:37:59.840922926Z: [    2.561956] IPVS: [dh] scheduler registered.
[STDOUT  ] 2018-03-07T23:37:59.845438209Z: [    2.566346] IPVS: [sh] scheduler registered.
[STDOUT  ] 2018-03-07T23:37:59.850183799Z: [    2.571094] IPVS: [sed] scheduler registered.
[STDOUT  ] 2018-03-07T23:37:59.854589561Z: [    2.575510] IPVS: [nq] scheduler registered.
[STDOUT  ] 2018-03-07T23:37:59.860134941Z: [    2.580277] IPVS: ftp: loaded support on port[0] = 21
[STDOUT  ] 2018-03-07T23:37:59.866054418Z: [    2.585868] ipip: IPv4 and MPLS over IPv4 tunneling driver
[STDOUT  ] 2018-03-07T23:37:59.871639880Z: [    2.591919] gre: GRE over IPv4 demultiplexor driver
[STDOUT  ] 2018-03-07T23:37:59.877423381Z: [    2.597320] ip_tables: (C) 2000-2006 Netfilter Core Team
[STDOUT  ] 2018-03-07T23:37:59.884629832Z: [    2.603542] ata1: SATA link up 1.5 Gbps (SStatus 113 SControl 300)
[STDOUT  ] 2018-03-07T23:37:59.891373839Z: [    2.611007] ata4: SATA link down (SStatus 0 SControl 300)
[STDOUT  ] 2018-03-07T23:37:59.897991951Z: [    2.617569] ata2: SATA link down (SStatus 0 SControl 300)
[STDOUT  ] 2018-03-07T23:37:59.904673204Z: [    2.624199] ata5: SATA link down (SStatus 0 SControl 300)
[STDOUT  ] 2018-03-07T23:37:59.911186146Z: [    2.630902] ata6: SATA link down (SStatus 0 SControl 300)
[STDOUT  ] 2018-03-07T23:37:59.918401184Z: [    2.637417] ata3: SATA link up 1.5 Gbps (SStatus 113 SControl 300)
[STDOUT  ] 2018-03-07T23:37:59.925719976Z: [    2.644377] ipt_CLUSTERIP: ClusterIP Version 0.8 loaded successfully
[STDOUT  ] 2018-03-07T23:37:59.931754033Z: [    2.651251] ata1.00: ATA-7: QEMU HARDDISK, 2.5+, max UDMA/100
[STDOUT  ] 2018-03-07T23:37:59.938449579Z: [    2.657129] ata1.00: 524288 sectors, multi 16: LBA48 NCQ (depth 31/32)
[STDOUT  ] 2018-03-07T23:37:59.942847226Z: [    2.663957] ata1.00: applying bridge limits
[STDOUT  ] 2018-03-07T23:37:59.949262883Z: [    2.668607] ata3.00: ATAPI: QEMU DVD-ROM, 2.5+, max UDMA/100
[STDOUT  ] 2018-03-07T23:37:59.953694608Z: [    2.674769] ata3.00: applying bridge limits
[STDOUT  ] 2018-03-07T23:37:59.960361684Z: [    2.679435] arp_tables: arp_tables: (C) 2002 David S. Miller
[STDOUT  ] 2018-03-07T23:37:59.965553168Z: [    2.686149] ata3.00: configured for UDMA/100
[STDOUT  ] 2018-03-07T23:37:59.970959953Z: [    2.691390] NET: Registered protocol family 10
[STDOUT  ] 2018-03-07T23:37:59.976300212Z: [    2.697230] ata1.00: configured for UDMA/100
[STDOUT  ] 2018-03-07T23:37:59.984855405Z: [    2.701822] scsi 0:0:0:0: Direct-Access     ATA      QEMU HARDDISK    2.5+ PQ: 0 ANSI: 5
[STDOUT  ] 2018-03-07T23:37:59.989019801Z: [    2.710577] Segment Routing with IPv6
[STDOUT  ] 2018-03-07T23:37:59.994526919Z: [    2.714374] ip6_tables: (C) 2000-2006 Netfilter Core Team
[STDOUT  ] 2018-03-07T23:38:00.000853055Z: [    2.720300] sd 0:0:0:0: Attached scsi generic sg0 type 0
[STDOUT  ] 2018-03-07T23:38:00.008406221Z: [    2.726414] sd 0:0:0:0: [sda] 524288 512-byte logical blocks: (268 MB/256 MiB)
[STDOUT  ] 2018-03-07T23:38:00.013195368Z: [    2.734084] NET: Registered protocol family 17
[STDOUT  ] 2018-03-07T23:38:00.017454889Z: [    2.738644] Bridge firewalling registered
[STDOUT  ] 2018-03-07T23:38:00.026584587Z: [    2.743414] scsi 2:0:0:0: CD-ROM            QEMU     QEMU DVD-ROM     2.5+ PQ: 0 ANSI: 5
[STDOUT  ] 2018-03-07T23:38:00.031587118Z: [    2.752120] sd 0:0:0:0: [sda] Write Protect is off
[STDOUT  ] 2018-03-07T23:38:00.040716904Z: [    2.757043] sd 0:0:0:0: [sda] Write cache: enabled, read cache: enabled, doesn't support DPO or FUA
[STDOUT  ] 2018-03-07T23:38:00.046084203Z: [    2.767446] Ebtables v2.0 registered
[STDOUT  ] 2018-03-07T23:38:00.050964967Z: [    2.771646] 8021q: 802.1Q VLAN Support v1.8
[STDOUT  ] 2018-03-07T23:38:00.055976953Z: [    2.776463] 9pnet: Installing 9P2000 support
[STDOUT  ] 2018-03-07T23:38:00.061580765Z: [    2.781998] Key type dns_resolver registered
[STDOUT  ] 2018-03-07T23:38:00.066436887Z: [    2.787275] registered taskstats version 1
[STDOUT  ] 2018-03-07T23:38:00.071760092Z: [    2.792042] sd 0:0:0:0: [sda] Attached SCSI disk
[STDOUT  ] 2018-03-07T23:38:00.082016088Z: [    2.803102] Key type big_key registered
[STDOUT  ] 2018-03-07T23:38:00.093008346Z: [    2.810844] sr 2:0:0:0: [sr0] scsi3-mmc drive: 4x/4x cd/rw xa/form2 tray
[STDOUT  ] 2018-03-07T23:38:00.099059888Z: [    2.818419] cdrom: Uniform CD-ROM driver Revision: 3.20
[STDOUT  ] 2018-03-07T23:38:00.103881023Z: [    2.825096] Key type encrypted registered
[STDOUT  ] 2018-03-07T23:38:00.113853101Z: [    2.831060] rtc_cmos 00:00: setting system clock to 2018-03-07 23:37:59 UTC (1520465879)
[STDOUT  ] 2018-03-07T23:38:00.121360984Z: [    2.840812] sr 2:0:0:0: Attached scsi generic sg1 type 5
[STDOUT  ] 2018-03-07T23:38:00.129381343Z: [    2.849484] Freeing unused kernel memory: 1504K
[STDOUT  ] 2018-03-07T23:38:00.136093968Z: [    2.854896] Write protecting the kernel read-only data: 18432k
[STDOUT  ] 2018-03-07T23:38:00.141954948Z: [    2.862373] Freeing unused kernel memory: 2024K
[STDOUT  ] 2018-03-07T23:38:00.150962947Z: [    2.870710] Freeing unused kernel memory: 1140K
[STDOUT  ] 2018-03-07T23:38:00.660505469Z: 
[STDOUT  ] 2018-03-07T23:38:00.662481010Z: Welcome to LinuxKit
[STDOUT  ] 2018-03-07T23:38:00.663329107Z: 
[STDOUT  ] 2018-03-07T23:38:00.666236077Z:                         ##         .
[STDOUT  ] 2018-03-07T23:38:00.669068593Z:                   ## ## ##        ==
[STDOUT  ] 2018-03-07T23:38:00.671900991Z:                ## ## ## ## ##    ===
[STDOUT  ] 2018-03-07T23:38:00.674980532Z:            /"""""""""""""""""\___/ ===
[STDOUT  ] 2018-03-07T23:38:00.678276372Z:           {                       /  ===-
[STDOUT  ] 2018-03-07T23:38:00.680990304Z:            \______ O           __/
[STDOUT  ] 2018-03-07T23:38:00.683418815Z:              \    \         __/
[STDOUT  ] 2018-03-07T23:38:00.685899770Z:               \____\_______/
[STDOUT  ] 2018-03-07T23:38:00.686721911Z: 
[STDOUT  ] 2018-03-07T23:38:00.728747162Z: [    3.448639] IPVS: ftp: loaded support on port[0] = 21
[STDOUT  ] 2018-03-07T23:38:00.809401211Z: [    3.532587]  sda:
[STDOUT  ] 2018-03-07T23:38:00.817615397Z: [    3.540844]  sda:
[STDOUT  ] 2018-03-07T23:38:00.835291882Z: [    3.558025]  sda: sda1
[STDOUT  ] 2018-03-07T23:38:00.845325282Z: [    3.565501]  sda: sda1
[STDOUT  ] 2018-03-07T23:38:01.909496270Z: [    4.627419] mkfs.xfs: sending ioctl 1261 to a partition!
[STDOUT  ] 2018-03-07T23:38:01.916645588Z: 2018/03/07 23:37:59 Creating partition on /dev/sda
[STDOUT  ] 2018-03-07T23:38:01.922010569Z: 2018/03/07 23:38:00 Partition /dev/sda1 successfully created!
[STDOUT  ] 2018-03-07T23:38:01.982733673Z: [    4.701096] IPVS: ftp: loaded support on port[0] = 21
[STDOUT  ] 2018-03-07T23:38:02.034087774Z: [    4.745467] FAT-fs (sda1): utf8 is not a recommended IO charset for FAT filesystems, filesystem will be case sensitive!
[STDOUT  ] 2018-03-07T23:38:02.049381282Z: [    4.760596] FAT-fs (sda1): utf8 is not a recommended IO charset for FAT filesystems, filesystem will be case sensitive!
[STDOUT  ] 2018-03-07T23:38:02.056778181Z: [    4.775607] mount: sending ioctl 5310 to a partition!
[STDOUT  ] 2018-03-07T23:38:02.090518886Z: [    4.809381] mount: sending ioctl 5310 to a partition!
[STDOUT  ] 2018-03-07T23:38:02.099397865Z: [    4.818822] XFS (sda1): Mounting V5 Filesystem
[STDOUT  ] 2018-03-07T23:38:02.119813750Z: [    4.838276] XFS (sda1): Ending clean mount
[STDOUT  ] 2018-03-07T23:38:12.464795102Z: [   15.185236] sd 0:0:0:0: [sda] Synchronizing SCSI cache
[STDOUT  ] 2018-03-07T23:38:12.469030994Z: [   15.190643] sd 0:0:0:0: [sda] Stopping disk
[STDOUT  ] 2018-03-07T23:38:12.474598321Z: [   15.195441] ACPI: Preparing to enter system sleep state S5
[STDOUT  ] 2018-03-07T23:38:12.478040018Z: [   15.200496] reboot: Power down
[STDERR  ] 2018-03-07T23:38:12.773762301Z: + [ -f disk.img ]
[STDERR  ] 2018-03-07T23:38:12.773811081Z: + dd if=/dev/zero bs=1048576 count=256
[STDERR  ] 2018-03-07T23:38:12.948161767Z: 256+0 records in
[STDERR  ] 2018-03-07T23:38:12.948213459Z: 256+0 records out
[STDERR  ] 2018-03-07T23:38:12.948223693Z: 268435456 bytes (268 MB) copied, 0.173657 s, 1.5 GB/s
[STDERR  ] 2018-03-07T23:38:12.948372874Z: + linuxkit build -format kernel+initrd -name extend-xfs test.yml
[STDERR  ] 2018-03-07T23:38:12.988221192Z: Extract kernel image: linuxkit/kernel:4.14.23
[STDERR  ] 2018-03-07T23:38:14.532193989Z: Add init containers:
[STDERR  ] 2018-03-07T23:38:14.532237735Z: Process init image: linuxkit/init:b212cfeb4bb6330e0a7547d8010fe2e8489b677a
[STDERR  ] 2018-03-07T23:38:15.724046306Z: Process init image: linuxkit/runc:7c39a68490a12cde830e1922f171c451fb08e731
[STDERR  ] 2018-03-07T23:38:16.878091960Z: Add onboot containers:
[STDERR  ] 2018-03-07T23:38:16.878149516Z:   Create OCI config for linuxkit/extend:v0.2
[STDERR  ] 2018-03-07T23:38:18.278386804Z:   Create OCI config for linuxkit/mount:v0.2
[STDERR  ] 2018-03-07T23:38:19.619116958Z:   Create OCI config for alpine:3.7
[STDERR  ] 2018-03-07T23:38:21.030772450Z:   Create OCI config for linuxkit/poweroff:f9a0a5e52fd2a97908bda33db2afffafe4a6a67d
[STDERR  ] 2018-03-07T23:38:22.238022229Z: Add files:
[STDERR  ] 2018-03-07T23:38:22.238131274Z:   check.sh
[STDERR  ] 2018-03-07T23:38:22.264016526Z: Create outputs:
[STDERR  ] 2018-03-07T23:38:28.291964627Z:   extend-xfs-kernel extend-xfs-initrd.img extend-xfs-cmdline
[STDERR  ] 2018-03-07T23:38:29.056875787Z: + linuxkit run -disk file=disk.img extend-xfs
[STDERR  ] 2018-03-07T23:38:29.079634513Z: Unable to find qemu-system-x86_64 within the $PATH. Using a container
[STDERR  ] 2018-03-07T23:38:29.079698175Z: Using existing disk [disk.img] format 
[STDERR  ] 2018-03-07T23:38:29.723194326Z: WARNING: Image format was not specified for 'disk.img' and probing guessed raw.
[STDERR  ] 2018-03-07T23:38:29.723257496Z:          Automatically detecting the format is dangerous for raw images, write operations on block 0 will be restricted.
[STDERR  ] 2018-03-07T23:38:29.723276065Z:          Specify the 'raw' format explicitly to remove the restrictions.
[STDERR  ] 2018-03-07T23:38:46.911130930Z: + RESULT=[    0.000000] Linux version 4.14.23-linuxkit (root@e0a6c0f2f7a4) (gcc version 6.4.0 (Alpine 6.4.0)) #1 SMP Wed Feb 28 11:15:17 UTC 2018
[STDERR  ] 2018-03-07T23:38:46.911181442Z: [    0.000000] Command line: console=ttyS0 console=ttyAMA0
[STDERR  ] 2018-03-07T23:38:46.911193125Z: [    0.000000] x86/fpu: x87 FPU will use FXSAVE
[STDERR  ] 2018-03-07T23:38:46.911203244Z: [    0.000000] e820: BIOS-provided physical RAM map:
[STDERR  ] 2018-03-07T23:38:46.911212814Z: [    0.000000] BIOS-e820: [mem 0x0000000000000000-0x000000000009fbff] usable
[STDERR  ] 2018-03-07T23:38:46.911223453Z: [    0.000000] BIOS-e820: [mem 0x000000000009fc00-0x000000000009ffff] reserved
[STDERR  ] 2018-03-07T23:38:46.911232829Z: [    0.000000] BIOS-e820: [mem 0x00000000000f0000-0x00000000000fffff] reserved
[STDERR  ] 2018-03-07T23:38:46.911242910Z: [    0.000000] BIOS-e820: [mem 0x0000000000100000-0x000000003ffdefff] usable
[STDERR  ] 2018-03-07T23:38:46.911252731Z: [    0.000000] BIOS-e820: [mem 0x000000003ffdf000-0x000000003fffffff] reserved
[STDERR  ] 2018-03-07T23:38:46.911261913Z: [    0.000000] BIOS-e820: [mem 0x00000000b0000000-0x00000000bfffffff] reserved
[STDERR  ] 2018-03-07T23:38:46.911281116Z: [    0.000000] BIOS-e820: [mem 0x00000000fed1c000-0x00000000fed1ffff] reserved
[STDERR  ] 2018-03-07T23:38:46.911291524Z: [    0.000000] BIOS-e820: [mem 0x00000000feffc000-0x00000000feffffff] reserved
[STDERR  ] 2018-03-07T23:38:46.911300317Z: [    0.000000] BIOS-e820: [mem 0x00000000fffc0000-0x00000000ffffffff] reserved
[STDERR  ] 2018-03-07T23:38:46.911308890Z: [    0.000000] NX (Execute Disable) protection: active
[STDERR  ] 2018-03-07T23:38:46.911318139Z: [    0.000000] random: fast init done
[STDERR  ] 2018-03-07T23:38:46.911331000Z: [    0.000000] SMBIOS 2.8 present.
[STDERR  ] 2018-03-07T23:38:46.911339720Z: [    0.000000] DMI: QEMU Standard PC (Q35 + ICH9, 2009), BIOS rel-1.10.2-0-g5f4c7b1-prebuilt.qemu-project.org 04/01/2014
[STDERR  ] 2018-03-07T23:38:46.911349837Z: [    0.000000] Hypervisor detected: KVM
[STDERR  ] 2018-03-07T23:38:46.911358119Z: [    0.000000] tsc: Fast TSC calibration failed
[STDERR  ] 2018-03-07T23:38:46.911366516Z: [    0.000000] tsc: Unable to calibrate against PIT
[STDERR  ] 2018-03-07T23:38:46.911375036Z: [    0.000000] tsc: No reference (HPET/PMTIMER) available
[STDERR  ] 2018-03-07T23:38:46.911383937Z: [    0.000000] e820: last_pfn = 0x3ffdf max_arch_pfn = 0x400000000
[STDERR  ] 2018-03-07T23:38:46.911392882Z: [    0.000000] x86/PAT: PAT not supported by CPU.
[STDERR  ] 2018-03-07T23:38:46.911400948Z: [    0.000000] x86/PAT: Configuration [0-7]: WB  WT  UC- UC  WB  WT  UC- UC  
[STDERR  ] 2018-03-07T23:38:46.911408896Z: [    0.000000] found SMP MP-table at [mem 0x000f6aa0-0x000f6aaf] mapped at [ffffffffff200aa0]
[STDERR  ] 2018-03-07T23:38:46.911418097Z: [    0.000000] RAMDISK: [mem 0x3dd78000-0x3ffcffff]
[STDERR  ] 2018-03-07T23:38:46.911426105Z: [    0.000000] ACPI: Early table checksum verification disabled
[STDERR  ] 2018-03-07T23:38:46.911437616Z: [    0.000000] ACPI: RSDP 0x00000000000F68B0 000014 (v00 BOCHS )
[STDERR  ] 2018-03-07T23:38:46.911445762Z: [    0.000000] ACPI: RSDT 0x000000003FFE20A8 000034 (v01 BOCHS  BXPCRSDT 00000001 BXPC 00000001)
[STDERR  ] 2018-03-07T23:38:46.911460100Z: [    0.000000] ACPI: FACP 0x000000003FFE1EC8 0000F4 (v03 BOCHS  BXPCFACP 00000001 BXPC 00000001)
[STDERR  ] 2018-03-07T23:38:46.911471044Z: [    0.000000] ACPI: DSDT 0x000000003FFE0040 001E88 (v01 BOCHS  BXPCDSDT 00000001 BXPC 00000001)
[STDERR  ] 2018-03-07T23:38:46.911479142Z: [    0.000000] ACPI: FACS 0x000000003FFE0000 000040
[STDERR  ] 2018-03-07T23:38:46.911487031Z: [    0.000000] ACPI: APIC 0x000000003FFE1FBC 000078 (v01 BOCHS  BXPCAPIC 00000001 BXPC 00000001)
[STDERR  ] 2018-03-07T23:38:46.911494757Z: [    0.000000] ACPI: HPET 0x000000003FFE2034 000038 (v01 BOCHS  BXPCHPET 00000001 BXPC 00000001)
[STDERR  ] 2018-03-07T23:38:46.911502820Z: [    0.000000] ACPI: MCFG 0x000000003FFE206C 00003C (v01 BOCHS  BXPCMCFG 00000001 BXPC 00000001)
[STDERR  ] 2018-03-07T23:38:46.911511016Z: [    0.000000] kvm-clock: Using msrs 4b564d01 and 4b564d00
[STDERR  ] 2018-03-07T23:38:46.911520039Z: [    0.000000] kvm-clock: cpu 0, msr 0:3ffdd001, primary cpu clock
[STDERR  ] 2018-03-07T23:38:46.911528539Z: [    0.000000] clocksource: kvm-clock: mask: 0xffffffffffffffff max_cycles: 0x1cd42e4dffb, max_idle_ns: 881590591483 ns
[STDERR  ] 2018-03-07T23:38:46.911541684Z: [    0.000000] Zone ranges:
[STDERR  ] 2018-03-07T23:38:46.911550050Z: [    0.000000]   DMA      [mem 0x0000000000001000-0x0000000000ffffff]
[STDERR  ] 2018-03-07T23:38:46.911559129Z: [    0.000000]   DMA32    [mem 0x0000000001000000-0x000000003ffdefff]
[STDERR  ] 2018-03-07T23:38:46.911567836Z: [    0.000000]   Normal   empty
[STDERR  ] 2018-03-07T23:38:46.911575793Z: [    0.000000]   Device   empty
[STDERR  ] 2018-03-07T23:38:46.911583571Z: [    0.000000] Movable zone start for each node
[STDERR  ] 2018-03-07T23:38:46.911591555Z: [    0.000000] Early memory node ranges
[STDERR  ] 2018-03-07T23:38:46.911599376Z: [    0.000000]   node   0: [mem 0x0000000000001000-0x000000000009efff]
[STDERR  ] 2018-03-07T23:38:46.911607391Z: [    0.000000]   node   0: [mem 0x0000000000100000-0x000000003ffdefff]
[STDERR  ] 2018-03-07T23:38:46.911618179Z: [    0.000000] Initmem setup node 0 [mem 0x0000000000001000-0x000000003ffdefff]
[STDERR  ] 2018-03-07T23:38:46.911626395Z: [    0.000000] ACPI: PM-Timer IO Port: 0x608
[STDERR  ] 2018-03-07T23:38:46.911634411Z: [    0.000000] ACPI: LAPIC_NMI (acpi_id[0xff] dfl dfl lint[0x1])
[STDERR  ] 2018-03-07T23:38:46.911644510Z: [    0.000000] IOAPIC[0]: apic_id 0, version 17, address 0xfec00000, GSI 0-23
[STDERR  ] 2018-03-07T23:38:46.911653060Z: [    0.000000] ACPI: INT_SRC_OVR (bus 0 bus_irq 0 global_irq 2 dfl dfl)
[STDERR  ] 2018-03-07T23:38:46.911664102Z: [    0.000000] ACPI: INT_SRC_OVR (bus 0 bus_irq 5 global_irq 5 high level)
[STDERR  ] 2018-03-07T23:38:46.911672089Z: [    0.000000] ACPI: INT_SRC_OVR (bus 0 bus_irq 9 global_irq 9 high level)
[STDERR  ] 2018-03-07T23:38:46.911680471Z: [    0.000000] ACPI: INT_SRC_OVR (bus 0 bus_irq 10 global_irq 10 high level)
[STDERR  ] 2018-03-07T23:38:46.911689037Z: [    0.000000] ACPI: INT_SRC_OVR (bus 0 bus_irq 11 global_irq 11 high level)
[STDERR  ] 2018-03-07T23:38:46.911697084Z: [    0.000000] Using ACPI (MADT) for SMP configuration information
[STDERR  ] 2018-03-07T23:38:46.911706935Z: [    0.000000] ACPI: HPET id: 0x8086a201 base: 0xfed00000
[STDERR  ] 2018-03-07T23:38:46.911715246Z: [    0.000000] smpboot: Allowing 1 CPUs, 0 hotplug CPUs
[STDERR  ] 2018-03-07T23:38:46.911723148Z: [    0.000000] e820: [mem 0x40000000-0xafffffff] available for PCI devices
[STDERR  ] 2018-03-07T23:38:46.911731788Z: [    0.000000] Booting paravirtualized kernel on KVM
[STDERR  ] 2018-03-07T23:38:46.911739824Z: [    0.000000] clocksource: refined-jiffies: mask: 0xffffffff max_cycles: 0xffffffff, max_idle_ns: 19112604462750000 ns
[STDERR  ] 2018-03-07T23:38:46.911748011Z: [    0.000000] setup_percpu: NR_CPUS:128 nr_cpumask_bits:128 nr_cpu_ids:1 nr_node_ids:1
[STDERR  ] 2018-03-07T23:38:46.911758005Z: [    0.000000] percpu: Embedded 44 pages/cpu @ffff906bbda00000 s143128 r8192 d28904 u2097152
[STDERR  ] 2018-03-07T23:38:46.911769765Z: [    0.000000] KVM setup async PF for cpu 0
[STDERR  ] 2018-03-07T23:38:46.911777705Z: [    0.000000] kvm-stealtime: cpu 0, msr 3da15f00
[STDERR  ] 2018-03-07T23:38:46.911787514Z: [    0.000000] Built 1 zonelists, mobility grouping on.  Total pages: 257896
[STDERR  ] 2018-03-07T23:38:46.911795836Z: [    0.000000] Kernel command line: console=ttyS0 console=ttyAMA0
[STDERR  ] 2018-03-07T23:38:46.911803922Z: [    0.000000] PID hash table entries: 4096 (order: 3, 32768 bytes)
[STDERR  ] 2018-03-07T23:38:46.911811730Z: [    0.000000] Dentry cache hash table entries: 131072 (order: 8, 1048576 bytes)
[STDERR  ] 2018-03-07T23:38:46.911820114Z: [    0.000000] Inode-cache hash table entries: 65536 (order: 7, 524288 bytes)
[STDERR  ] 2018-03-07T23:38:46.911828296Z: [    0.000000] Memory: 969656K/1048052K available (12300K kernel code, 1460K rwdata, 2956K rodata, 1504K init, 628K bss, 78396K reserved, 0K cma-reserved)
[STDERR  ] 2018-03-07T23:38:46.911837562Z: [    0.000000] Kernel/User page tables isolation: enabled
[STDERR  ] 2018-03-07T23:38:46.911845419Z: [    0.000000] ftrace: allocating 40632 entries in 159 pages
[STDERR  ] 2018-03-07T23:38:46.911853155Z: [    0.010000] Hierarchical RCU implementation.
[STDERR  ] 2018-03-07T23:38:46.911860872Z: [    0.010000] 	RCU restricting CPUs from NR_CPUS=128 to nr_cpu_ids=1.
[STDERR  ] 2018-03-07T23:38:46.911869299Z: [    0.010000] RCU: Adjusting geometry for rcu_fanout_leaf=16, nr_cpu_ids=1
[STDERR  ] 2018-03-07T23:38:46.911877021Z: [    0.010000] NR_IRQS: 8448, nr_irqs: 256, preallocated irqs: 16
[STDERR  ] 2018-03-07T23:38:46.911884651Z: [    0.010000] Console: colour VGA+ 80x25
[STDERR  ] 2018-03-07T23:38:46.911892134Z: [    0.010000] console [ttyS0] enabled
[STDERR  ] 2018-03-07T23:38:46.911931461Z: [    0.010000] clocksource: hpet: mask: 0xffffffff max_cycles: 0xffffffff, max_idle_ns: 19112604467 ns
[STDERR  ] 2018-03-07T23:38:46.911941403Z: [    0.010034] tsc: Detected 2300.000 MHz processor
[STDERR  ] 2018-03-07T23:38:46.911949123Z: [    0.014789] Calibrating delay loop (skipped) preset value.. 4600.00 BogoMIPS (lpj=23000000)
[STDERR  ] 2018-03-07T23:38:46.911960994Z: [    0.020039] pid_max: default: 32768 minimum: 301
[STDERR  ] 2018-03-07T23:38:46.911968855Z: [    0.024849] ACPI: Core revision 20170728
[STDERR  ] 2018-03-07T23:38:46.911976574Z: [    0.030654] ACPI: 1 ACPI AML tables successfully acquired and loaded
[STDERR  ] 2018-03-07T23:38:46.911984540Z: [    0.037020] Security Framework initialized
[STDERR  ] 2018-03-07T23:38:46.911992255Z: [    0.040034] Yama: becoming mindful.
[STDERR  ] 2018-03-07T23:38:46.911999989Z: [    0.043794] Mount-cache hash table entries: 2048 (order: 2, 16384 bytes)
[STDERR  ] 2018-03-07T23:38:46.912007761Z: [    0.050027] Mountpoint-cache hash table entries: 2048 (order: 2, 16384 bytes)
[STDERR  ] 2018-03-07T23:38:46.912016058Z: [    0.060864] CPU: Physical Processor ID: 0
[STDERR  ] 2018-03-07T23:38:46.912023880Z: [    0.070082] Last level iTLB entries: 4KB 0, 2MB 0, 4MB 0
[STDERR  ] 2018-03-07T23:38:46.912031560Z: [    0.075656] Last level dTLB entries: 4KB 0, 2MB 0, 4MB 0, 1GB 0
[STDERR  ] 2018-03-07T23:38:46.912039378Z: [    0.080034] Spectre V2 : Vulnerable: Minimal generic ASM retpoline
[STDERR  ] 2018-03-07T23:38:46.912047775Z: [    0.094346] Freeing SMP alternatives memory: 20K
[STDERR  ] 2018-03-07T23:38:46.912055903Z: [    0.100562] smpboot: Max logical packages: 1
[STDERR  ] 2018-03-07T23:38:46.912069845Z: [    0.107141] x2apic enabled
[STDERR  ] 2018-03-07T23:38:46.912078012Z: [    0.110027] Switched APIC routing to physical x2apic.
[STDERR  ] 2018-03-07T23:38:46.912085545Z: [    0.127380] ..TIMER: vector=0x30 apic1=0 pin1=2 apic2=-1 pin2=-1
[STDERR  ] 2018-03-07T23:38:46.912095267Z: [    0.130000] smpboot: CPU0: Intel QEMU Virtual CPU version 2.5+ (family: 0x6, model: 0x6, stepping: 0x3)
[STDERR  ] 2018-03-07T23:38:46.912105936Z: [    0.130129] Performance Events: PMU not available due to virtualization, using software events only.
[STDERR  ] 2018-03-07T23:38:46.912113727Z: [    0.140441] Hierarchical SRCU implementation.
[STDERR  ] 2018-03-07T23:38:46.912125514Z: [    0.150123] NMI watchdog: Perf event create on CPU 0 failed with -2
[STDERR  ] 2018-03-07T23:38:46.912133603Z: [    0.156519] NMI watchdog: Perf NMI watchdog permanently disabled
[STDERR  ] 2018-03-07T23:38:46.912141307Z: [    0.160080] smp: Bringing up secondary CPUs ...
[STDERR  ] 2018-03-07T23:38:46.912148932Z: [    0.164787] smp: Brought up 1 node, 1 CPU
[STDERR  ] 2018-03-07T23:38:46.912158580Z: [    0.170007] smpboot: Total of 1 processors activated (4600.00 BogoMIPS)
[STDERR  ] 2018-03-07T23:38:46.912167218Z: [    0.182089] devtmpfs: initialized
[STDERR  ] 2018-03-07T23:38:46.912175472Z: [    0.185843] x86/mm: Memory block size: 128MB
[STDERR  ] 2018-03-07T23:38:46.912183045Z: [    0.190356] clocksource: jiffies: mask: 0xffffffff max_cycles: 0xffffffff, max_idle_ns: 19112604462750000 ns
[STDERR  ] 2018-03-07T23:38:46.912192076Z: [    0.200018] futex hash table entries: 256 (order: 2, 16384 bytes)
[STDERR  ] 2018-03-07T23:38:46.912199775Z: [    0.206474] NET: Registered protocol family 16
[STDERR  ] 2018-03-07T23:38:46.912207434Z: [    0.210191] cpuidle: using governor ladder
[STDERR  ] 2018-03-07T23:38:46.912215083Z: [    0.214422] cpuidle: using governor menu
[STDERR  ] 2018-03-07T23:38:46.912222749Z: [    0.220095] ACPI: bus type PCI registered
[STDERR  ] 2018-03-07T23:38:46.912230322Z: [    0.224761] PCI: MMCONFIG for domain 0000 [bus 00-ff] at [mem 0xb0000000-0xbfffffff] (base 0xb0000000)
[STDERR  ] 2018-03-07T23:38:46.912238281Z: [    0.230012] PCI: MMCONFIG at [mem 0xb0000000-0xbfffffff] reserved in E820
[STDERR  ] 2018-03-07T23:38:46.912248643Z: [    0.240025] PCI: Using configuration type 1 for base access
[STDERR  ] 2018-03-07T23:38:46.912256501Z: [    0.250184] HugeTLB registered 2.00 MiB page size, pre-allocated 0 pages
[STDERR  ] 2018-03-07T23:38:46.912264985Z: [    0.257571] ACPI: Added _OSI(Module Device)
[STDERR  ] 2018-03-07T23:38:46.912272732Z: [    0.260010] ACPI: Added _OSI(Processor Device)
[STDERR  ] 2018-03-07T23:38:46.912280502Z: [    0.264611] ACPI: Added _OSI(3.0 _SCP Extensions)
[STDERR  ] 2018-03-07T23:38:46.912291169Z: [    0.270009] ACPI: Added _OSI(Processor Aggregator Device)
[STDERR  ] 2018-03-07T23:38:46.912299295Z: [    0.280175] ACPI: Interpreter enabled
[STDERR  ] 2018-03-07T23:38:46.912306949Z: [    0.283987] ACPI: (supports S0 S5)
[STDERR  ] 2018-03-07T23:38:46.912314607Z: [    0.287516] ACPI: Using IOAPIC for interrupt routing
[STDERR  ] 2018-03-07T23:38:46.912322232Z: [    0.290066] PCI: Using host bridge windows from ACPI; if necessary, use "pci=nocrs" and report a bug
[STDERR  ] 2018-03-07T23:38:46.912330121Z: [    0.300297] ACPI: Enabled 1 GPEs in block 00 to 3F
[STDERR  ] 2018-03-07T23:38:46.912337665Z: [    0.313318] ACPI: PCI Root Bridge [PCI0] (domain 0000 [bus 00-ff])
[STDERR  ] 2018-03-07T23:38:46.912345942Z: [    0.319861] acpi PNP0A08:00: _OSC: OS supports [ExtendedConfig ASPM ClockPM Segments MSI]
[STDERR  ] 2018-03-07T23:38:46.912353725Z: [    0.320156] acpi PNP0A08:00: _OSC: OS now controls [PCIeHotplug PME PCIeCapability]
[STDERR  ] 2018-03-07T23:38:46.912361398Z: [    0.330091] PCI host bridge to bus 0000:00
[STDERR  ] 2018-03-07T23:38:46.912369068Z: [    0.340007] pci_bus 0000:00: root bus resource [io  0x0000-0x0cf7 window]
[STDERR  ] 2018-03-07T23:38:46.912376815Z: [    0.346943] pci_bus 0000:00: root bus resource [io  0x0d00-0xffff window]
[STDERR  ] 2018-03-07T23:38:46.912384348Z: [    0.350011] pci_bus 0000:00: root bus resource [mem 0x000a0000-0x000bffff window]
[STDERR  ] 2018-03-07T23:38:46.912392427Z: [    0.360008] pci_bus 0000:00: root bus resource [mem 0xc0000000-0xfebfffff window]
[STDERR  ] 2018-03-07T23:38:46.912401951Z: [    0.370009] pci_bus 0000:00: root bus resource [bus 00-ff]
[STDERR  ] 2018-03-07T23:38:46.912411258Z: [    0.501514] pci 0000:00:1f.0: quirk: [io  0x0600-0x067f] claimed by ICH6 ACPI/GPIO/TCO
[STDERR  ] 2018-03-07T23:38:46.912422232Z: [    0.564817] ACPI: PCI Interrupt Link [LNKA] (IRQs 5 *10 11)
[STDERR  ] 2018-03-07T23:38:46.912429941Z: [    0.570414] ACPI: PCI Interrupt Link [LNKB] (IRQs 5 *10 11)
[STDERR  ] 2018-03-07T23:38:46.912441463Z: [    0.576839] ACPI: PCI Interrupt Link [LNKC] (IRQs 5 10 *11)
[STDERR  ] 2018-03-07T23:38:46.912449317Z: [    0.580312] ACPI: PCI Interrupt Link [LNKD] (IRQs 5 10 *11)
[STDERR  ] 2018-03-07T23:38:46.912458687Z: [    0.590330] ACPI: PCI Interrupt Link [LNKE] (IRQs 5 *10 11)
[STDERR  ] 2018-03-07T23:38:46.912466469Z: [    0.596871] ACPI: PCI Interrupt Link [LNKF] (IRQs 5 *10 11)
[STDERR  ] 2018-03-07T23:38:46.912474122Z: [    0.600329] ACPI: PCI Interrupt Link [LNKG] (IRQs 5 10 *11)
[STDERR  ] 2018-03-07T23:38:46.912481808Z: [    0.610309] ACPI: PCI Interrupt Link [LNKH] (IRQs 5 10 *11)
[STDERR  ] 2018-03-07T23:38:46.912489434Z: [    0.616636] ACPI: PCI Interrupt Link [GSIA] (IRQs *16)
[STDERR  ] 2018-03-07T23:38:46.912497338Z: [    0.620035] ACPI: PCI Interrupt Link [GSIB] (IRQs *17)
[STDERR  ] 2018-03-07T23:38:46.912505122Z: [    0.625722] ACPI: PCI Interrupt Link [GSIC] (IRQs *18)
[STDERR  ] 2018-03-07T23:38:46.912512802Z: [    0.630040] ACPI: PCI Interrupt Link [GSID] (IRQs *19)
[STDERR  ] 2018-03-07T23:38:46.912520480Z: [    0.640040] ACPI: PCI Interrupt Link [GSIE] (IRQs *20)
[STDERR  ] 2018-03-07T23:38:46.912528108Z: [    0.645823] ACPI: PCI Interrupt Link [GSIF] (IRQs *21)
[STDERR  ] 2018-03-07T23:38:46.912535807Z: [    0.650029] ACPI: PCI Interrupt Link [GSIG] (IRQs *22)
[STDERR  ] 2018-03-07T23:38:46.912543468Z: [    0.655812] ACPI: PCI Interrupt Link [GSIH] (IRQs *23)
[STDERR  ] 2018-03-07T23:38:46.912550972Z: [    0.660374] SCSI subsystem initialized
[STDERR  ] 2018-03-07T23:38:46.912561515Z: [    0.664659] ACPI: bus type USB registered
[STDERR  ] 2018-03-07T23:38:46.912569298Z: [    0.670059] usbcore: registered new interface driver usbfs
[STDERR  ] 2018-03-07T23:38:46.912579138Z: [    0.676092] usbcore: registered new interface driver hub
[STDERR  ] 2018-03-07T23:38:46.912586617Z: [    0.680045] usbcore: registered new device driver usb
[STDERR  ] 2018-03-07T23:38:46.912594240Z: [    0.690042] pps_core: LinuxPPS API ver. 1 registered
[STDERR  ] 2018-03-07T23:38:46.912601797Z: [    0.695557] pps_core: Software ver. 5.3.6 - Copyright 2005-2007 Rodolfo Giometti <giometti@linux.it>
[STDERR  ] 2018-03-07T23:38:46.912613334Z: [    0.700029] PTP clock support registered
[STDERR  ] 2018-03-07T23:38:46.912623211Z: [    0.704262] PCI: Using ACPI for IRQ routing
[STDERR  ] 2018-03-07T23:38:46.912631007Z: [    1.117130] NetLabel: Initializing
[STDERR  ] 2018-03-07T23:38:46.912638648Z: [    1.120011] NetLabel:  domain hash size = 128
[STDERR  ] 2018-03-07T23:38:46.912646295Z: [    1.124500] NetLabel:  protocols = UNLABELED CIPSOv4 CALIPSO
[STDERR  ] 2018-03-07T23:38:46.912654042Z: [    1.130061] NetLabel:  unlabeled traffic allowed by default
[STDERR  ] 2018-03-07T23:38:46.912661774Z: [    1.136015] HPET: 3 timers in total, 0 timers will be used for per-cpu timer
[STDERR  ] 2018-03-07T23:38:46.912669702Z: [    1.140140] hpet0: at MMIO 0xfed00000, IRQs 2, 8, 0
[STDERR  ] 2018-03-07T23:38:46.912677454Z: [    1.145269] hpet0: 3 comparators, 64-bit 100.000000 MHz counter
[STDERR  ] 2018-03-07T23:38:46.912685185Z: [    1.160045] clocksource: Switched to clocksource kvm-clock
[STDERR  ] 2018-03-07T23:38:46.912692942Z: [    1.182062] VFS: Disk quotas dquot_6.6.0
[STDERR  ] 2018-03-07T23:38:46.912700549Z: [    1.186452] VFS: Dquot-cache hash table entries: 512 (order 0, 4096 bytes)
[STDERR  ] 2018-03-07T23:38:46.912711017Z: [    1.194010] FS-Cache: Loaded
[STDERR  ] 2018-03-07T23:38:46.912719264Z: [    1.197222] CacheFiles: Loaded
[STDERR  ] 2018-03-07T23:38:46.912727238Z: [    1.200634] pnp: PnP ACPI init
[STDERR  ] 2018-03-07T23:38:46.912734851Z: [    1.205415] pnp: PnP ACPI: found 5 devices
[STDERR  ] 2018-03-07T23:38:46.912742442Z: [    1.216648] clocksource: acpi_pm: mask: 0xffffff max_cycles: 0xffffff, max_idle_ns: 2085701024 ns
[STDERR  ] 2018-03-07T23:38:46.912750298Z: [    1.226565] NET: Registered protocol family 2
[STDERR  ] 2018-03-07T23:38:46.912757908Z: [    1.231725] TCP established hash table entries: 8192 (order: 4, 65536 bytes)
[STDERR  ] 2018-03-07T23:38:46.912770133Z: [    1.238972] TCP bind hash table entries: 8192 (order: 5, 131072 bytes)
[STDERR  ] 2018-03-07T23:38:46.912779022Z: [    1.246299] TCP: Hash tables configured (established 8192 bind 8192)
[STDERR  ] 2018-03-07T23:38:46.912788571Z: [    1.252850] UDP hash table entries: 512 (order: 2, 16384 bytes)
[STDERR  ] 2018-03-07T23:38:46.912796682Z: [    1.258795] UDP-Lite hash table entries: 512 (order: 2, 16384 bytes)
[STDERR  ] 2018-03-07T23:38:46.912804424Z: [    1.266300] NET: Registered protocol family 1
[STDERR  ] 2018-03-07T23:38:46.912812102Z: [    1.271282] pci 0000:00:01.0: Video device with shadowed ROM at [mem 0x000c0000-0x000dffff]
[STDERR  ] 2018-03-07T23:38:46.912820357Z: [    1.279981] Trying to unpack rootfs image as initramfs...
[STDERR  ] 2018-03-07T23:38:46.912828284Z: [    1.874872] Freeing initrd memory: 35168K
[STDERR  ] 2018-03-07T23:38:46.912835931Z: [    1.880588] PCLMULQDQ-NI instructions are not detected.
[STDERR  ] 2018-03-07T23:38:46.912845362Z: [    1.886172] AVX or AES-NI instructions are not detected.
[STDERR  ] 2018-03-07T23:38:46.912853138Z: [    1.891855] CPU feature 'AVX registers' is not supported.
[STDERR  ] 2018-03-07T23:38:46.912860831Z: [    1.897499] CPU feature 'AVX registers' is not supported.
[STDERR  ] 2018-03-07T23:38:46.912868445Z: [    1.903247] CPU feature 'AVX registers' is not supported.
[STDERR  ] 2018-03-07T23:38:46.912876108Z: [    1.908860] CPU feature 'AVX registers' is not supported.
[STDERR  ] 2018-03-07T23:38:46.912883664Z: [    1.914607] AVX2 or AES-NI instructions are not detected.
[STDERR  ] 2018-03-07T23:38:46.912891302Z: [    1.920287] AVX2 instructions are not detected.
[STDERR  ] 2018-03-07T23:38:46.912904813Z: [    1.925211] audit: initializing netlink subsys (disabled)
[STDERR  ] 2018-03-07T23:38:46.912912917Z: [    1.931384] audit: type=2000 audit(1520465912.532:1): state=initialized audit_enabled=0 res=1
[STDERR  ] 2018-03-07T23:38:46.912920994Z: [    1.940537] workingset: timestamp_bits=46 max_order=18 bucket_order=0
[STDERR  ] 2018-03-07T23:38:46.912929517Z: [    1.947547] squashfs: version 4.0 (2009/01/31) Phillip Lougher
[STDERR  ] 2018-03-07T23:38:46.912940324Z: [    1.953884] FS-Cache: Netfs 'cifs' registered for caching
[STDERR  ] 2018-03-07T23:38:46.912948477Z: [    1.959579] fuse init (API version 7.26)
[STDERR  ] 2018-03-07T23:38:46.912956270Z: [    1.964020] SGI XFS with ACLs, security attributes, no debug enabled
[STDERR  ] 2018-03-07T23:38:46.912965164Z: [    1.970988] 9p: Installing v9fs 9p2000 file system support
[STDERR  ] 2018-03-07T23:38:46.912972834Z: [    1.976726] FS-Cache: Netfs '9p' registered for caching
[STDERR  ] 2018-03-07T23:38:46.912980707Z: [    1.983720] NET: Registered protocol family 38
[STDERR  ] 2018-03-07T23:38:46.912988264Z: [    1.988294] Key type asymmetric registered
[STDERR  ] 2018-03-07T23:38:46.912995862Z: [    1.992758] Asymmetric key parser 'x509' registered
[STDERR  ] 2018-03-07T23:38:46.913003393Z: [    1.997915] Block layer SCSI generic (bsg) driver version 0.4 loaded (major 248)
[STDERR  ] 2018-03-07T23:38:46.913013722Z: [    2.005828] io scheduler noop registered
[STDERR  ] 2018-03-07T23:38:46.913023433Z: [    2.010000] io scheduler deadline registered (default)
[STDERR  ] 2018-03-07T23:38:46.913033227Z: [    2.015621] io scheduler cfq registered
[STDERR  ] 2018-03-07T23:38:46.913040877Z: [    2.019714] io scheduler mq-deadline registered
[STDERR  ] 2018-03-07T23:38:46.913048595Z: [    2.024510] io scheduler kyber registered
[STDERR  ] 2018-03-07T23:38:46.913056315Z: [    2.028858] shpchp: Standard Hot Plug PCI Controller Driver version: 0.4
[STDERR  ] 2018-03-07T23:38:46.913064707Z: [    2.035989] hv_vmbus: registering driver hyperv_fb
[STDERR  ] 2018-03-07T23:38:46.913072387Z: [    2.041178] input: Power Button as /devices/LNXSYSTM:00/LNXPWRBN:00/input/input0
[STDERR  ] 2018-03-07T23:38:46.913080353Z: [    2.048881] ACPI: Power Button [PWRF]
[STDERR  ] 2018-03-07T23:38:46.913087942Z: [    2.053738] ACPI: PCI Interrupt Link [GSIG] enabled at IRQ 22
[STDERR  ] 2018-03-07T23:38:46.913099117Z: [    2.065723] ACPI: PCI Interrupt Link [GSIH] enabled at IRQ 23
[STDERR  ] 2018-03-07T23:38:46.913106880Z: [    2.079195] Serial: 8250/16550 driver, 4 ports, IRQ sharing disabled
[STDERR  ] 2018-03-07T23:38:46.913115584Z: [    2.119818] 00:04: ttyS0 at I/O 0x3f8 (irq = 4, base_baud = 115200) is a 16550A
[STDERR  ] 2018-03-07T23:38:46.913125545Z: [    2.128448] Non-volatile memory driver v1.3
[STDERR  ] 2018-03-07T23:38:46.913133950Z: [    2.135083] Hangcheck: starting hangcheck timer 0.9.1 (tick is 180 seconds, margin is 60 seconds).
[STDERR  ] 2018-03-07T23:38:46.913147380Z: [    2.145584] random: crng init done
[STDERR  ] 2018-03-07T23:38:46.913155624Z: [    2.151803] brd: module loaded
[STDERR  ] 2018-03-07T23:38:46.913163925Z: [    2.156781] loop: module loaded
[STDERR  ] 2018-03-07T23:38:46.913177122Z: [    2.163801] lpc_ich 0000:00:1f.0: I/O space for GPIO uninitialized
[STDERR  ] 2018-03-07T23:38:46.913185495Z: [    2.170686] VMware PVSCSI driver - version 1.0.7.0-k
[STDERR  ] 2018-03-07T23:38:46.913193148Z: [    2.176398] hv_vmbus: registering driver hv_storvsc
[STDERR  ] 2018-03-07T23:38:46.913200779Z: [    2.182367] ACPI: PCI Interrupt Link [GSIA] enabled at IRQ 16
[STDERR  ] 2018-03-07T23:38:46.913208565Z: [    2.192157] ahci 0000:00:1f.2: AHCI 0001.0000 32 slots 6 ports 1.5 Gbps 0x3f impl SATA mode
[STDERR  ] 2018-03-07T23:38:46.913216933Z: [    2.201291] ahci 0000:00:1f.2: flags: 64bit ncq only 
[STDERR  ] 2018-03-07T23:38:46.913224484Z: [    2.210680] scsi host0: ahci
[STDERR  ] 2018-03-07T23:38:46.913232473Z: [    2.214162] scsi host1: ahci
[STDERR  ] 2018-03-07T23:38:46.913240333Z: [    2.217391] scsi host2: ahci
[STDERR  ] 2018-03-07T23:38:46.913247788Z: [    2.220817] scsi host3: ahci
[STDERR  ] 2018-03-07T23:38:46.913255259Z: [    2.224106] scsi host4: ahci
[STDERR  ] 2018-03-07T23:38:46.913262714Z: [    2.227498] scsi host5: ahci
[STDERR  ] 2018-03-07T23:38:46.913270302Z: [    2.230823] ata1: SATA max UDMA/133 abar m4096@0xfebd2000 port 0xfebd2100 irq 24
[STDERR  ] 2018-03-07T23:38:46.913277930Z: [    2.238918] ata2: SATA max UDMA/133 abar m4096@0xfebd2000 port 0xfebd2180 irq 24
[STDERR  ] 2018-03-07T23:38:46.913288945Z: [    2.246868] ata3: SATA max UDMA/133 abar m4096@0xfebd2000 port 0xfebd2200 irq 24
[STDERR  ] 2018-03-07T23:38:46.913297230Z: [    2.255136] ata4: SATA max UDMA/133 abar m4096@0xfebd2000 port 0xfebd2280 irq 24
[STDERR  ] 2018-03-07T23:38:46.913305195Z: [    2.262946] ata5: SATA max UDMA/133 abar m4096@0xfebd2000 port 0xfebd2300 irq 24
[STDERR  ] 2018-03-07T23:38:46.913312800Z: [    2.270545] ata6: SATA max UDMA/133 abar m4096@0xfebd2000 port 0xfebd2380 irq 24
[STDERR  ] 2018-03-07T23:38:46.913320385Z: [    2.278653] tun: Universal TUN/TAP device driver, 1.6
[STDERR  ] 2018-03-07T23:38:46.913330075Z: [    2.289611] VMware vmxnet3 virtual NIC driver - version 1.4.a.0-k-NAPI
[STDERR  ] 2018-03-07T23:38:46.913338942Z: [    2.296810] hv_vmbus: registering driver hv_netvsc
[STDERR  ] 2018-03-07T23:38:46.913348277Z: [    2.301901] Fusion MPT base driver 3.04.20
[STDERR  ] 2018-03-07T23:38:46.913356346Z: [    2.306054] Copyright (c) 1999-2008 LSI Corporation
[STDERR  ] 2018-03-07T23:38:46.913364108Z: [    2.311079] Fusion MPT SPI Host driver 3.04.20
[STDERR  ] 2018-03-07T23:38:46.913371844Z: [    2.315826] i8042: PNP: PS/2 Controller [PNP0303:KBD,PNP0f13:MOU] at 0x60,0x64 irq 1,12
[STDERR  ] 2018-03-07T23:38:46.913379824Z: [    2.327583] serio: i8042 KBD port at 0x60,0x64 irq 1
[STDERR  ] 2018-03-07T23:38:46.913387580Z: [    2.332652] serio: i8042 AUX port at 0x60,0x64 irq 12
[STDERR  ] 2018-03-07T23:38:46.913397260Z: [    2.337937] hv_vmbus: registering driver hyperv_keyboard
[STDERR  ] 2018-03-07T23:38:46.913405233Z: [    2.343520] mousedev: PS/2 mouse device common for all mice
[STDERR  ] 2018-03-07T23:38:46.913412990Z: [    2.350937] input: AT Translated Set 2 keyboard as /devices/platform/i8042/serio0/input/input1
[STDERR  ] 2018-03-07T23:38:46.913420868Z: [    2.359731] input: PC Speaker as /devices/platform/pcspkr/input/input2
[STDERR  ] 2018-03-07T23:38:46.913429324Z: [    2.367423] rtc_cmos 00:00: RTC can wake from S4
[STDERR  ] 2018-03-07T23:38:46.913440534Z: [    2.373761] rtc_cmos 00:00: rtc core: registered rtc_cmos as rtc0
[STDERR  ] 2018-03-07T23:38:46.913448513Z: [    2.380958] rtc_cmos 00:00: alarms up to one day, y3k, 114 bytes nvram, hpet irqs
[STDERR  ] 2018-03-07T23:38:46.913456811Z: [    2.388783] i2c /dev entries driver
[STDERR  ] 2018-03-07T23:38:46.913464597Z: [    2.392623] device-mapper: ioctl: 4.37.0-ioctl (2017-09-20) initialised: dm-devel@redhat.com
[STDERR  ] 2018-03-07T23:38:46.913472939Z: [    2.402514] usbcore: registered new interface driver usbhid
[STDERR  ] 2018-03-07T23:38:46.913480795Z: [    2.408626] usbhid: USB HID core driver
[STDERR  ] 2018-03-07T23:38:46.913488428Z: [    2.413092] hv_utils: Registering HyperV Utility Driver
[STDERR  ] 2018-03-07T23:38:46.913495973Z: [    2.419005] hv_vmbus: registering driver hv_util
[STDERR  ] 2018-03-07T23:38:46.913505437Z: [    2.424492] hv_vmbus: registering driver hv_balloon
[STDERR  ] 2018-03-07T23:38:46.913513277Z: [    2.429996] oprofile: using NMI interrupt.
[STDERR  ] 2018-03-07T23:38:46.913520913Z: [    2.434682] GACT probability on
[STDERR  ] 2018-03-07T23:38:46.913528588Z: [    2.438193] Mirror/redirect action on
[STDERR  ] 2018-03-07T23:38:46.913536230Z: [    2.442452] Simple TC action Loaded
[STDERR  ] 2018-03-07T23:38:46.913543717Z: [    2.446138] u32 classifier
[STDERR  ] 2018-03-07T23:38:46.913556506Z: [    2.448986]     Performance counters on
[STDERR  ] 2018-03-07T23:38:46.913564062Z: [    2.453280]     input device check on
[STDERR  ] 2018-03-07T23:38:46.913571673Z: [    2.457161]     Actions configured
[STDERR  ] 2018-03-07T23:38:46.913579210Z: [    2.460886] Netfilter messages via NETLINK v0.30.
[STDERR  ] 2018-03-07T23:38:46.913586873Z: [    2.465837] nfnl_acct: registering with nfnetlink.
[STDERR  ] 2018-03-07T23:38:46.913594602Z: [    2.470824] nf_conntrack version 0.5.0 (8192 buckets, 32768 max)
[STDERR  ] 2018-03-07T23:38:46.913602404Z: [    2.476933] ctnetlink v0.93: registering with nfnetlink.
[STDERR  ] 2018-03-07T23:38:46.913610040Z: [    2.482464] nf_tables: (c) 2007-2009 Patrick McHardy <kaber@trash.net>
[STDERR  ] 2018-03-07T23:38:46.913621990Z: [    2.489037] nf_tables_compat: (c) 2012 Pablo Neira Ayuso <pablo@netfilter.org>
[STDERR  ] 2018-03-07T23:38:46.913631059Z: [    2.496429] xt_time: kernel timezone is -0000
[STDERR  ] 2018-03-07T23:38:46.913641095Z: [    2.501274] ip_set: protocol 6
[STDERR  ] 2018-03-07T23:38:46.913649277Z: [    2.504376] IPVS: Registered protocols (TCP, UDP, SCTP, AH, ESP)
[STDERR  ] 2018-03-07T23:38:46.913657057Z: [    2.510862] IPVS: Connection hash table configured (size=4096, memory=64Kbytes)
[STDERR  ] 2018-03-07T23:38:46.913665746Z: [    2.518634] IPVS: ipvs loaded.
[STDERR  ] 2018-03-07T23:38:46.913673800Z: [    2.521834] IPVS: [rr] scheduler registered.
[STDERR  ] 2018-03-07T23:38:46.913681217Z: [    2.526449] IPVS: [wrr] scheduler registered.
[STDERR  ] 2018-03-07T23:38:46.913688604Z: [    2.530928] IPVS: [lc] scheduler registered.
[STDERR  ] 2018-03-07T23:38:46.913696013Z: [    2.535554] IPVS: [wlc] scheduler registered.
[STDERR  ] 2018-03-07T23:38:46.913703403Z: [    2.540005] IPVS: [fo] scheduler registered.
[STDERR  ] 2018-03-07T23:38:46.913710853Z: [    2.544998] IPVS: [ovf] scheduler registered.
[STDERR  ] 2018-03-07T23:38:46.913720286Z: [    2.549531] IPVS: [lblc] scheduler registered.
[STDERR  ] 2018-03-07T23:38:46.913727924Z: [    2.554354] IPVS: [lblcr] scheduler registered.
[STDERR  ] 2018-03-07T23:38:46.913735324Z: [    2.558915] IPVS: [dh] scheduler registered.
[STDERR  ] 2018-03-07T23:38:46.913742788Z: [    2.563562] IPVS: [sh] scheduler registered.
[STDERR  ] 2018-03-07T23:38:46.913750083Z: [    2.567879] IPVS: [sed] scheduler registered.
[STDERR  ] 2018-03-07T23:38:46.913757453Z: [    2.572772] IPVS: [nq] scheduler registered.
[STDERR  ] 2018-03-07T23:38:46.913764942Z: [    2.577248] IPVS: ftp: loaded support on port[0] = 21
[STDERR  ] 2018-03-07T23:38:46.913772475Z: [    2.583034] ipip: IPv4 and MPLS over IPv4 tunneling driver
[STDERR  ] 2018-03-07T23:38:46.913785539Z: [    2.589174] gre: GRE over IPv4 demultiplexor driver
[STDERR  ] 2018-03-07T23:38:46.913793195Z: [    2.594445] ip_tables: (C) 2000-2006 Netfilter Core Team
[STDERR  ] 2018-03-07T23:38:46.913800742Z: [    2.600293] ipt_CLUSTERIP: ClusterIP Version 0.8 loaded successfully
[STDERR  ] 2018-03-07T23:38:46.913809026Z: [    2.606939] arp_tables: arp_tables: (C) 2002 David S. Miller
[STDERR  ] 2018-03-07T23:38:46.913818877Z: [    2.613643] ata4: SATA link down (SStatus 0 SControl 300)
[STDERR  ] 2018-03-07T23:38:46.913826633Z: [    2.619856] ata3: SATA link up 1.5 Gbps (SStatus 113 SControl 300)
[STDERR  ] 2018-03-07T23:38:46.913834148Z: [    2.627030] ata2: SATA link down (SStatus 0 SControl 300)
[STDERR  ] 2018-03-07T23:38:46.913842580Z: [    2.633365] ata1: SATA link up 1.5 Gbps (SStatus 113 SControl 300)
[STDERR  ] 2018-03-07T23:38:46.913854006Z: [    2.639999] ata1.00: ATA-7: QEMU HARDDISK, 2.5+, max UDMA/100
[STDERR  ] 2018-03-07T23:38:46.913861780Z: [    2.645982] ata1.00: 1048576 sectors, multi 16: LBA48 NCQ (depth 31/32)
[STDERR  ] 2018-03-07T23:38:46.913870704Z: [    2.652646] ata1.00: applying bridge limits
[STDERR  ] 2018-03-07T23:38:46.913878406Z: [    2.657722] ata6: SATA link down (SStatus 0 SControl 300)
[STDERR  ] 2018-03-07T23:38:46.913886372Z: [    2.664426] ata5: SATA link down (SStatus 0 SControl 300)
[STDERR  ] 2018-03-07T23:38:46.913894103Z: [    2.670172] NET: Registered protocol family 10
[STDERR  ] 2018-03-07T23:38:46.913907728Z: [    2.674868] ata3.00: ATAPI: QEMU DVD-ROM, 2.5+, max UDMA/100
[STDERR  ] 2018-03-07T23:38:46.913915495Z: [    2.680614] ata3.00: applying bridge limits
[STDERR  ] 2018-03-07T23:38:46.913923030Z: [    2.685388] Segment Routing with IPv6
[STDERR  ] 2018-03-07T23:38:46.913930572Z: [    2.689351] ip6_tables: (C) 2000-2006 Netfilter Core Team
[STDERR  ] 2018-03-07T23:38:46.913942303Z: [    2.695316] ata3.00: configured for UDMA/100
[STDERR  ] 2018-03-07T23:38:46.913950255Z: [    2.700633] NET: Registered protocol family 17
[STDERR  ] 2018-03-07T23:38:46.913957826Z: [    2.705806] Bridge firewalling registered
[STDERR  ] 2018-03-07T23:38:46.913968701Z: [    2.710813] ata1.00: configured for UDMA/100
[STDERR  ] 2018-03-07T23:38:46.913978388Z: [    2.715506] scsi 0:0:0:0: Direct-Access     ATA      QEMU HARDDISK    2.5+ PQ: 0 ANSI: 5
[STDERR  ] 2018-03-07T23:38:46.913986432Z: [    2.723672] Ebtables v2.0 registered
[STDERR  ] 2018-03-07T23:38:46.913994048Z: [    2.727422] 8021q: 802.1Q VLAN Support v1.8
[STDERR  ] 2018-03-07T23:38:46.914001726Z: [    2.732182] sd 0:0:0:0: Attached scsi generic sg0 type 0
[STDERR  ] 2018-03-07T23:38:46.914009368Z: [    2.737855] sd 0:0:0:0: [sda] 1048576 512-byte logical blocks: (537 MB/512 MiB)
[STDERR  ] 2018-03-07T23:38:46.914017506Z: [    2.745580] 9pnet: Installing 9P2000 support
[STDERR  ] 2018-03-07T23:38:46.914025015Z: [    2.749937] Key type dns_resolver registered
[STDERR  ] 2018-03-07T23:38:46.914032401Z: [    2.754892] scsi 2:0:0:0: CD-ROM            QEMU     QEMU DVD-ROM     2.5+ PQ: 0 ANSI: 5
[STDERR  ] 2018-03-07T23:38:46.914042441Z: [    2.763188] sd 0:0:0:0: [sda] Write Protect is off
[STDERR  ] 2018-03-07T23:38:46.914051904Z: [    2.768054] sd 0:0:0:0: [sda] Write cache: enabled, read cache: enabled, doesn't support DPO or FUA
[STDERR  ] 2018-03-07T23:38:46.914059715Z: [    2.778696] registered taskstats version 1
[STDERR  ] 2018-03-07T23:38:46.914067263Z: [    2.786880]  sda: sda1
[STDERR  ] 2018-03-07T23:38:46.914074963Z: [    2.789686] sd 0:0:0:0: [sda] Attached SCSI disk
[STDERR  ] 2018-03-07T23:38:46.914082562Z: [    2.797931] Key type big_key registered
[STDERR  ] 2018-03-07T23:38:46.914090106Z: [    2.805242] Key type encrypted registered
[STDERR  ] 2018-03-07T23:38:46.914097541Z: [    2.810919] sr 2:0:0:0: [sr0] scsi3-mmc drive: 4x/4x cd/rw xa/form2 tray
[STDERR  ] 2018-03-07T23:38:46.914105533Z: [    2.818215] cdrom: Uniform CD-ROM driver Revision: 3.20
[STDERR  ] 2018-03-07T23:38:46.914113090Z: [    2.825507] rtc_cmos 00:00: setting system clock to 2018-03-07 23:38:33 UTC (1520465913)
[STDERR  ] 2018-03-07T23:38:46.914124282Z: [    2.835024] sr 2:0:0:0: Attached scsi generic sg1 type 5
[STDERR  ] 2018-03-07T23:38:46.914132030Z: [    2.844511] Freeing unused kernel memory: 1504K
[STDERR  ] 2018-03-07T23:38:46.914139589Z: [    2.849515] Write protecting the kernel read-only data: 18432k
[STDERR  ] 2018-03-07T23:38:46.914147352Z: [    2.856972] Freeing unused kernel memory: 2024K
[STDERR  ] 2018-03-07T23:38:46.914155122Z: [    2.865186] Freeing unused kernel memory: 1140K
[STDERR  ] 2018-03-07T23:38:46.914162702Z: 
[STDERR  ] 2018-03-07T23:38:46.914170484Z: Welcome to LinuxKit
[STDERR  ] 2018-03-07T23:38:46.914178555Z: 
[STDERR  ] 2018-03-07T23:38:46.914186181Z:                         ##         .
[STDERR  ] 2018-03-07T23:38:46.914195998Z:                   ## ## ##        ==
[STDERR  ] 2018-03-07T23:38:46.914204238Z:                ## ## ## ## ##    ===
[STDERR  ] 2018-03-07T23:38:46.914212015Z:            /"""""""""""""""""\___/ ===
[STDERR  ] 2018-03-07T23:38:46.914219638Z:           {                       /  ===-
[STDERR  ] 2018-03-07T23:38:46.914227313Z:            \______ O           __/
[STDERR  ] 2018-03-07T23:38:46.914234955Z:              \    \         __/
[STDERR  ] 2018-03-07T23:38:46.914244293Z:               \____\_______/
[STDERR  ] 2018-03-07T23:38:46.914252062Z: 
[STDERR  ] 2018-03-07T23:38:46.914259781Z: [    3.448015] IPVS: ftp: loaded support on port[0] = 21
[STDERR  ] 2018-03-07T23:38:46.914267399Z: [    3.490466]  sda:
[STDERR  ] 2018-03-07T23:38:46.914275455Z: [    3.499115]  sda:
[STDERR  ] 2018-03-07T23:38:46.914283499Z: [    3.512411]  sda: sda1
[STDERR  ] 2018-03-07T23:38:46.914290975Z: [    3.524051]  sda: sda1
[STDERR  ] 2018-03-07T23:38:46.914298358Z: [    3.533198]  sda: sda1
[STDERR  ] 2018-03-07T23:38:46.914305821Z: [    4.567926] XFS (sda1): Mounting V5 Filesystem
[STDERR  ] 2018-03-07T23:38:46.914315502Z: [    4.588045] XFS (sda1): Starting recovery (logdev: internal)
[STDERR  ] 2018-03-07T23:38:46.914323286Z: [    4.603021] XFS (sda1): Ending recovery (logdev: internal)
[STDERR  ] 2018-03-07T23:38:46.914331176Z: [    4.644131] XFS (sda1): Unmounting Filesystem
[STDERR  ] 2018-03-07T23:38:46.914341650Z: 2018/03/07 23:38:34 Successfully resized /dev/sda
[STDERR  ] 2018-03-07T23:38:46.914349443Z: [    4.761120] IPVS: ftp: loaded support on port[0] = 21
[STDERR  ] 2018-03-07T23:38:46.914357235Z: [    4.803938] FAT-fs (sda1): utf8 is not a recommended IO charset for FAT filesystems, filesystem will be case sensitive!
[STDERR  ] 2018-03-07T23:38:46.914365312Z: [    4.816232] FAT-fs (sda1): utf8 is not a recommended IO charset for FAT filesystems, filesystem will be case sensitive!
[STDERR  ] 2018-03-07T23:38:46.914394072Z: [    4.828913] mount: sending ioctl 5310 to a partition!
[STDERR  ] 2018-03-07T23:38:46.914402342Z: [    4.860121] mount: sending ioctl 5310 to a partition!
[STDERR  ] 2018-03-07T23:38:46.914410088Z: [    4.868877] XFS (sda1): Mounting V5 Filesystem
[STDERR  ] 2018-03-07T23:38:46.914418298Z: [    4.885839] XFS (sda1): Ending clean mount
[STDERR  ] 2018-03-07T23:38:46.914426164Z: extend test suite PASSED
[STDERR  ] 2018-03-07T23:38:46.914433876Z: + [ -f /var/lib/docker/bar ]
[STDERR  ] 2018-03-07T23:38:46.914441529Z: + touch /var/lib/docker/foo
[STDERR  ] 2018-03-07T23:38:46.914449099Z: + grep -qE [4-5][0-9]{2}\.[0-9]{1,}M
[STDERR  ] 2018-03-07T23:38:46.914456809Z: + df -h
[STDERR  ] 2018-03-07T23:38:46.914465568Z: + printf extend test suite PASSED\n
[STDERR  ] 2018-03-07T23:38:46.914473225Z: [   15.232426] sd 0:0:0:0: [sda] Synchronizing SCSI cache
[STDERR  ] 2018-03-07T23:38:46.914481082Z: [   15.237148] sd 0:0:0:0: [sda] Stopping disk
[STDERR  ] 2018-03-07T23:38:46.914488932Z: [   15.241716] ACPI: Preparing to enter system sleep state S5
[STDERR  ] 2018-03-07T23:38:46.914496642Z: [   15.246666] reboot: Power down
[STDERR  ] 2018-03-07T23:38:46.914504319Z: + echo [    0.000000] Linux version 4.14.23-linuxkit (root@e0a6c0f2f7a4) (gcc version 6.4.0 (Alpine 6.4.0)) #1 SMP Wed Feb 28 11:15:17 UTC 2018
[STDERR  ] 2018-03-07T23:38:46.914515342Z: [    0.000000] Command line: console=ttyS0 console=ttyAMA0
[STDERR  ] 2018-03-07T23:38:46.914528865Z: [    0.000000] x86/fpu: x87 FPU will use FXSAVE
[STDERR  ] 2018-03-07T23:38:46.914536542Z: [    0.000000] e820: BIOS-provided physical RAM map:
[STDERR  ] 2018-03-07T23:38:46.914544196Z: [    0.000000] BIOS-e820: [mem 0x0000000000000000-0x000000000009fbff] usable
[STDERR  ] 2018-03-07T23:38:46.914553285Z: [    0.000000] BIOS-e820: [mem 0x000000000009fc00-0x000000000009ffff] reserved
[STDERR  ] 2018-03-07T23:38:46.914561664Z: [    0.000000] BIOS-e820: [mem 0x00000000000f0000-0x00000000000fffff] reserved
[STDERR  ] 2018-03-07T23:38:46.914571447Z: [    0.000000] BIOS-e820: [mem 0x0000000000100000-0x000000003ffdefff] usable
[STDERR  ] 2018-03-07T23:38:46.914579965Z: [    0.000000] BIOS-e820: [mem 0x000000003ffdf000-0x000000003fffffff] reserved
[STDERR  ] 2018-03-07T23:38:46.914587598Z: [    0.000000] BIOS-e820: [mem 0x00000000b0000000-0x00000000bfffffff] reserved
[STDERR  ] 2018-03-07T23:38:46.914598018Z: [    0.000000] BIOS-e820: [mem 0x00000000fed1c000-0x00000000fed1ffff] reserved
[STDERR  ] 2018-03-07T23:38:46.914606702Z: [    0.000000] BIOS-e820: [mem 0x00000000feffc000-0x00000000feffffff] reserved
[STDERR  ] 2018-03-07T23:38:46.914614289Z: [    0.000000] BIOS-e820: [mem 0x00000000fffc0000-0x00000000ffffffff] reserved
[STDERR  ] 2018-03-07T23:38:46.914621953Z: [    0.000000] NX (Execute Disable) protection: active
[STDERR  ] 2018-03-07T23:38:46.914629695Z: [    0.000000] random: fast init done
[STDERR  ] 2018-03-07T23:38:46.914637534Z: [    0.000000] SMBIOS 2.8 present.
[STDERR  ] 2018-03-07T23:38:46.914647162Z: [    0.000000] DMI: QEMU Standard PC (Q35 + ICH9, 2009), BIOS rel-1.10.2-0-g5f4c7b1-prebuilt.qemu-project.org 04/01/2014
[STDERR  ] 2018-03-07T23:38:46.914655509Z: [    0.000000] Hypervisor detected: KVM
[STDERR  ] 2018-03-07T23:38:46.914663008Z: [    0.000000] tsc: Fast TSC calibration failed
[STDERR  ] 2018-03-07T23:38:46.914670754Z: [    0.000000] tsc: Unable to calibrate against PIT
[STDERR  ] 2018-03-07T23:38:46.914678540Z: [    0.000000] tsc: No reference (HPET/PMTIMER) available
[STDERR  ] 2018-03-07T23:38:46.914689668Z: [    0.000000] e820: last_pfn = 0x3ffdf max_arch_pfn = 0x400000000
[STDERR  ] 2018-03-07T23:38:46.914697782Z: [    0.000000] x86/PAT: PAT not supported by CPU.
[STDERR  ] 2018-03-07T23:38:46.914705354Z: [    0.000000] x86/PAT: Configuration [0-7]: WB  WT  UC- UC  WB  WT  UC- UC  
[STDERR  ] 2018-03-07T23:38:46.914713062Z: [    0.000000] found SMP MP-table at [mem 0x000f6aa0-0x000f6aaf] mapped at [ffffffffff200aa0]
[STDERR  ] 2018-03-07T23:38:46.914723648Z: [    0.000000] RAMDISK: [mem 0x3dd78000-0x3ffcffff]
[STDERR  ] 2018-03-07T23:38:46.914733333Z: [    0.000000] ACPI: Early table checksum verification disabled
[STDERR  ] 2018-03-07T23:38:46.914741127Z: [    0.000000] ACPI: RSDP 0x00000000000F68B0 000014 (v00 BOCHS )
[STDERR  ] 2018-03-07T23:38:46.914748613Z: [    0.000000] ACPI: RSDT 0x000000003FFE20A8 000034 (v01 BOCHS  BXPCRSDT 00000001 BXPC 00000001)
[STDERR  ] 2018-03-07T23:38:46.914756718Z: [    0.000000] ACPI: FACP 0x000000003FFE1EC8 0000F4 (v03 BOCHS  BXPCFACP 00000001 BXPC 00000001)
[STDERR  ] 2018-03-07T23:38:46.914766248Z: [    0.000000] ACPI: DSDT 0x000000003FFE0040 001E88 (v01 BOCHS  BXPCDSDT 00000001 BXPC 00000001)
[STDERR  ] 2018-03-07T23:38:46.914774369Z: [    0.000000] ACPI: FACS 0x000000003FFE0000 000040
[STDERR  ] 2018-03-07T23:38:46.914781991Z: [    0.000000] ACPI: APIC 0x000000003FFE1FBC 000078 (v01 BOCHS  BXPCAPIC 00000001 BXPC 00000001)
[STDERR  ] 2018-03-07T23:38:46.914789693Z: [    0.000000] ACPI: HPET 0x000000003FFE2034 000038 (v01 BOCHS  BXPCHPET 00000001 BXPC 00000001)
[STDERR  ] 2018-03-07T23:38:46.914797364Z: [    0.000000] ACPI: MCFG 0x000000003FFE206C 00003C (v01 BOCHS  BXPCMCFG 00000001 BXPC 00000001)
[STDERR  ] 2018-03-07T23:38:46.914805087Z: [    0.000000] kvm-clock: Using msrs 4b564d01 and 4b564d00
[STDERR  ] 2018-03-07T23:38:46.914812817Z: [    0.000000] kvm-clock: cpu 0, msr 0:3ffdd001, primary cpu clock
[STDERR  ] 2018-03-07T23:38:46.914820500Z: [    0.000000] clocksource: kvm-clock: mask: 0xffffffffffffffff max_cycles: 0x1cd42e4dffb, max_idle_ns: 881590591483 ns
[STDERR  ] 2018-03-07T23:38:46.914832121Z: [    0.000000] Zone ranges:
[STDERR  ] 2018-03-07T23:38:46.914839798Z: [    0.000000]   DMA      [mem 0x0000000000001000-0x0000000000ffffff]
[STDERR  ] 2018-03-07T23:38:46.914848621Z: [    0.000000]   DMA32    [mem 0x0000000001000000-0x000000003ffdefff]
[STDERR  ] 2018-03-07T23:38:46.914856280Z: [    0.000000]   Normal   empty
[STDERR  ] 2018-03-07T23:38:46.914863901Z: [    0.000000]   Device   empty
[STDERR  ] 2018-03-07T23:38:46.914871401Z: [    0.000000] Movable zone start for each node
[STDERR  ] 2018-03-07T23:38:46.914881488Z: [    0.000000] Early memory node ranges
[STDERR  ] 2018-03-07T23:38:46.914889177Z: [    0.000000]   node   0: [mem 0x0000000000001000-0x000000000009efff]
[STDERR  ] 2018-03-07T23:38:46.914897077Z: [    0.000000]   node   0: [mem 0x0000000000100000-0x000000003ffdefff]
[STDERR  ] 2018-03-07T23:38:46.914912944Z: [    0.000000] Initmem setup node 0 [mem 0x0000000000001000-0x000000003ffdefff]
[STDERR  ] 2018-03-07T23:38:46.914921850Z: [    0.000000] ACPI: PM-Timer IO Port: 0x608
[STDERR  ] 2018-03-07T23:38:46.914929601Z: [    0.000000] ACPI: LAPIC_NMI (acpi_id[0xff] dfl dfl lint[0x1])
[STDERR  ] 2018-03-07T23:38:46.914937267Z: [    0.000000] IOAPIC[0]: apic_id 0, version 17, address 0xfec00000, GSI 0-23
[STDERR  ] 2018-03-07T23:38:46.914945595Z: [    0.000000] ACPI: INT_SRC_OVR (bus 0 bus_irq 0 global_irq 2 dfl dfl)
[STDERR  ] 2018-03-07T23:38:46.914953190Z: [    0.000000] ACPI: INT_SRC_OVR (bus 0 bus_irq 5 global_irq 5 high level)
[STDERR  ] 2018-03-07T23:38:46.914960724Z: [    0.000000] ACPI: INT_SRC_OVR (bus 0 bus_irq 9 global_irq 9 high level)
[STDERR  ] 2018-03-07T23:38:46.914968254Z: [    0.000000] ACPI: INT_SRC_OVR (bus 0 bus_irq 10 global_irq 10 high level)
[STDERR  ] 2018-03-07T23:38:46.914975928Z: [    0.000000] ACPI: INT_SRC_OVR (bus 0 bus_irq 11 global_irq 11 high level)
[STDERR  ] 2018-03-07T23:38:46.914984254Z: [    0.000000] Using ACPI (MADT) for SMP configuration information
[STDERR  ] 2018-03-07T23:38:46.914994993Z: [    0.000000] ACPI: HPET id: 0x8086a201 base: 0xfed00000
[STDERR  ] 2018-03-07T23:38:46.915003177Z: [    0.000000] smpboot: Allowing 1 CPUs, 0 hotplug CPUs
[STDERR  ] 2018-03-07T23:38:46.915010715Z: [    0.000000] e820: [mem 0x40000000-0xafffffff] available for PCI devices
[STDERR  ] 2018-03-07T23:38:46.915018859Z: [    0.000000] Booting paravirtualized kernel on KVM
[STDERR  ] 2018-03-07T23:38:46.915026448Z: [    0.000000] clocksource: refined-jiffies: mask: 0xffffffff max_cycles: 0xffffffff, max_idle_ns: 19112604462750000 ns
[STDERR  ] 2018-03-07T23:38:46.915417922Z: [    0.000000] setup_percpu: NR_CPUS:128 nr_cpumask_bits:128 nr_cpu_ids:1 nr_node_ids:1
[STDERR  ] 2018-03-07T23:38:46.915441775Z: [    0.000000] percpu: Embedded 44 pages/cpu @ffff906bbda00000 s143128 r8192 d28904 u2097152
[STDERR  ] 2018-03-07T23:38:46.915474721Z: [    0.000000] KVM setup async PF for cpu 0
[STDERR  ] 2018-03-07T23:38:46.915494219Z: [    0.000000] kvm-stealtime: cpu 0, msr 3da15f00
[STDERR  ] 2018-03-07T23:38:46.915510454Z: [    0.000000] Built 1 zonelists, mobility grouping on.  Total pages: 257896
[STDERR  ] 2018-03-07T23:38:46.915528859Z: [    0.000000] Kernel command line: console=ttyS0 console=ttyAMA0
[STDERR  ] 2018-03-07T23:38:46.915563399Z: [    0.000000] PID hash table entries: 4096 (order: 3, 32768 bytes)
[STDERR  ] 2018-03-07T23:38:46.915582823Z: [    0.000000] Dentry cache hash table entries: 131072 (order: 8, 1048576 bytes)
[STDERR  ] 2018-03-07T23:38:46.915599628Z: [    0.000000] Inode-cache hash table entries: 65536 (order: 7, 524288 bytes)
[STDERR  ] 2018-03-07T23:38:46.915628380Z: [    0.000000] Memory: 969656K/1048052K available (12300K kernel code, 1460K rwdata, 2956K rodata, 1504K init, 628K bss, 78396K reserved, 0K cma-reserved)
[STDERR  ] 2018-03-07T23:38:46.915649024Z: [    0.000000] Kernel/User page tables isolation: enabled
[STDERR  ] 2018-03-07T23:38:46.915665993Z: [    0.000000] ftrace: allocating 40632 entries in 159 pages
[STDERR  ] 2018-03-07T23:38:46.915689775Z: [    0.010000] Hierarchical RCU implementation.
[STDERR  ] 2018-03-07T23:38:46.915719064Z: [    0.010000] 	RCU restricting CPUs from NR_CPUS=128 to nr_cpu_ids=1.
[STDERR  ] 2018-03-07T23:38:46.915738006Z: [    0.010000] RCU: Adjusting geometry for rcu_fanout_leaf=16, nr_cpu_ids=1
[STDERR  ] 2018-03-07T23:38:46.915755723Z: [    0.010000] NR_IRQS: 8448, nr_irqs: 256, preallocated irqs: 16
[STDERR  ] 2018-03-07T23:38:46.915772527Z: [    0.010000] Console: colour VGA+ 80x25
[STDERR  ] 2018-03-07T23:38:46.915803921Z: [    0.010000] console [ttyS0] enabled
[STDERR  ] 2018-03-07T23:38:46.915824327Z: [    0.010000] clocksource: hpet: mask: 0xffffffff max_cycles: 0xffffffff, max_idle_ns: 19112604467 ns
[STDERR  ] 2018-03-07T23:38:46.915841164Z: [    0.010034] tsc: Detected 2300.000 MHz processor
[STDERR  ] 2018-03-07T23:38:46.915858630Z: [    0.014789] Calibrating delay loop (skipped) preset value.. 4600.00 BogoMIPS (lpj=23000000)
[STDERR  ] 2018-03-07T23:38:46.915886690Z: [    0.020039] pid_max: default: 32768 minimum: 301
[STDERR  ] 2018-03-07T23:38:46.915909626Z: [    0.024849] ACPI: Core revision 20170728
[STDERR  ] 2018-03-07T23:38:46.915934886Z: [    0.030654] ACPI: 1 ACPI AML tables successfully acquired and loaded
[STDERR  ] 2018-03-07T23:38:46.915964415Z: [    0.037020] Security Framework initialized
[STDERR  ] 2018-03-07T23:38:46.915985921Z: [    0.040034] Yama: becoming mindful.
[STDERR  ] 2018-03-07T23:38:46.916004663Z: [    0.043794] Mount-cache hash table entries: 2048 (order: 2, 16384 bytes)
[STDERR  ] 2018-03-07T23:38:46.916021521Z: [    0.050027] Mountpoint-cache hash table entries: 2048 (order: 2, 16384 bytes)
[STDERR  ] 2018-03-07T23:38:46.916051709Z: [    0.060864] CPU: Physical Processor ID: 0
[STDERR  ] 2018-03-07T23:38:46.916068409Z: [    0.070082] Last level iTLB entries: 4KB 0, 2MB 0, 4MB 0
[STDERR  ] 2018-03-07T23:38:46.916084778Z: [    0.075656] Last level dTLB entries: 4KB 0, 2MB 0, 4MB 0, 1GB 0
[STDERR  ] 2018-03-07T23:38:46.916101189Z: [    0.080034] Spectre V2 : Vulnerable: Minimal generic ASM retpoline
[STDERR  ] 2018-03-07T23:38:46.916134613Z: [    0.094346] Freeing SMP alternatives memory: 20K
[STDERR  ] 2018-03-07T23:38:46.916153118Z: [    0.100562] smpboot: Max logical packages: 1
[STDERR  ] 2018-03-07T23:38:46.916169779Z: [    0.107141] x2apic enabled
[STDERR  ] 2018-03-07T23:38:46.916201123Z: [    0.110027] Switched APIC routing to physical x2apic.
[STDERR  ] 2018-03-07T23:38:46.916219894Z: [    0.127380] ..TIMER: vector=0x30 apic1=0 pin1=2 apic2=-1 pin2=-1
[STDERR  ] 2018-03-07T23:38:46.916237139Z: [    0.130000] smpboot: CPU0: Intel QEMU Virtual CPU version 2.5+ (family: 0x6, model: 0x6, stepping: 0x3)
[STDERR  ] 2018-03-07T23:38:46.916254238Z: [    0.130129] Performance Events: PMU not available due to virtualization, using software events only.
[STDERR  ] 2018-03-07T23:38:46.916280893Z: [    0.140441] Hierarchical SRCU implementation.
[STDERR  ] 2018-03-07T23:38:46.916298916Z: [    0.150123] NMI watchdog: Perf event create on CPU 0 failed with -2
[STDERR  ] 2018-03-07T23:38:46.916315904Z: [    0.156519] NMI watchdog: Perf NMI watchdog permanently disabled
[STDERR  ] 2018-03-07T23:38:46.916333783Z: [    0.160080] smp: Bringing up secondary CPUs ...
[STDERR  ] 2018-03-07T23:38:46.916362381Z: [    0.164787] smp: Brought up 1 node, 1 CPU
[STDERR  ] 2018-03-07T23:38:46.916379509Z: [    0.170007] smpboot: Total of 1 processors activated (4600.00 BogoMIPS)
[STDERR  ] 2018-03-07T23:38:46.916397852Z: [    0.182089] devtmpfs: initialized
[STDERR  ] 2018-03-07T23:38:46.916414283Z: [    0.185843] x86/mm: Memory block size: 128MB
[STDERR  ] 2018-03-07T23:38:46.916441126Z: [    0.190356] clocksource: jiffies: mask: 0xffffffff max_cycles: 0xffffffff, max_idle_ns: 19112604462750000 ns
[STDERR  ] 2018-03-07T23:38:46.916459596Z: [    0.200018] futex hash table entries: 256 (order: 2, 16384 bytes)
[STDERR  ] 2018-03-07T23:38:46.916476621Z: [    0.206474] NET: Registered protocol family 16
[STDERR  ] 2018-03-07T23:38:46.916492221Z: [    0.210191] cpuidle: using governor ladder
[STDERR  ] 2018-03-07T23:38:46.916526821Z: [    0.214422] cpuidle: using governor menu
[STDERR  ] 2018-03-07T23:38:46.916544879Z: [    0.220095] ACPI: bus type PCI registered
[STDERR  ] 2018-03-07T23:38:46.916561339Z: [    0.224761] PCI: MMCONFIG for domain 0000 [bus 00-ff] at [mem 0xb0000000-0xbfffffff] (base 0xb0000000)
[STDERR  ] 2018-03-07T23:38:46.916577452Z: [    0.230012] PCI: MMCONFIG at [mem 0xb0000000-0xbfffffff] reserved in E820
[STDERR  ] 2018-03-07T23:38:46.916610199Z: [    0.240025] PCI: Using configuration type 1 for base access
[STDERR  ] 2018-03-07T23:38:46.916630862Z: [    0.250184] HugeTLB registered 2.00 MiB page size, pre-allocated 0 pages
[STDERR  ] 2018-03-07T23:38:46.916649082Z: [    0.257571] ACPI: Added _OSI(Module Device)
[STDERR  ] 2018-03-07T23:38:46.916664722Z: [    0.260010] ACPI: Added _OSI(Processor Device)
[STDERR  ] 2018-03-07T23:38:46.916696185Z: [    0.264611] ACPI: Added _OSI(3.0 _SCP Extensions)
[STDERR  ] 2018-03-07T23:38:46.916713489Z: [    0.270009] ACPI: Added _OSI(Processor Aggregator Device)
[STDERR  ] 2018-03-07T23:38:46.916730258Z: [    0.280175] ACPI: Interpreter enabled
[STDERR  ] 2018-03-07T23:38:46.916767222Z: [    0.283987] ACPI: (supports S0 S5)
[STDERR  ] 2018-03-07T23:38:46.916790017Z: [    0.287516] ACPI: Using IOAPIC for interrupt routing
[STDERR  ] 2018-03-07T23:38:46.916807940Z: [    0.290066] PCI: Using host bridge windows from ACPI; if necessary, use "pci=nocrs" and report a bug
[STDERR  ] 2018-03-07T23:38:46.916825133Z: [    0.300297] ACPI: Enabled 1 GPEs in block 00 to 3F
[STDERR  ] 2018-03-07T23:38:46.916854068Z: [    0.313318] ACPI: PCI Root Bridge [PCI0] (domain 0000 [bus 00-ff])
[STDERR  ] 2018-03-07T23:38:46.916872113Z: [    0.319861] acpi PNP0A08:00: _OSC: OS supports [ExtendedConfig ASPM ClockPM Segments MSI]
[STDERR  ] 2018-03-07T23:38:46.916892137Z: [    0.320156] acpi PNP0A08:00: _OSC: OS now controls [PCIeHotplug PME PCIeCapability]
[STDERR  ] 2018-03-07T23:38:46.916926093Z: [    0.330091] PCI host bridge to bus 0000:00
[STDERR  ] 2018-03-07T23:38:46.916944335Z: [    0.340007] pci_bus 0000:00: root bus resource [io  0x0000-0x0cf7 window]
[STDERR  ] 2018-03-07T23:38:46.916966208Z: [    0.346943] pci_bus 0000:00: root bus resource [io  0x0d00-0xffff window]
[STDERR  ] 2018-03-07T23:38:46.916985453Z: [    0.350011] pci_bus 0000:00: root bus resource [mem 0x000a0000-0x000bffff window]
[STDERR  ] 2018-03-07T23:38:46.917015737Z: [    0.360008] pci_bus 0000:00: root bus resource [mem 0xc0000000-0xfebfffff window]
[STDERR  ] 2018-03-07T23:38:46.917033340Z: [    0.370009] pci_bus 0000:00: root bus resource [bus 00-ff]
[STDERR  ] 2018-03-07T23:38:46.917050201Z: [    0.501514] pci 0000:00:1f.0: quirk: [io  0x0600-0x067f] claimed by ICH6 ACPI/GPIO/TCO
[STDERR  ] 2018-03-07T23:38:46.917076793Z: [    0.564817] ACPI: PCI Interrupt Link [LNKA] (IRQs 5 *10 11)
[STDERR  ] 2018-03-07T23:38:46.917095913Z: [    0.570414] ACPI: PCI Interrupt Link [LNKB] (IRQs 5 *10 11)
[STDERR  ] 2018-03-07T23:38:46.917117950Z: [    0.576839] ACPI: PCI Interrupt Link [LNKC] (IRQs 5 10 *11)
[STDERR  ] 2018-03-07T23:38:46.917163521Z: [    0.580312] ACPI: PCI Interrupt Link [LNKD] (IRQs 5 10 *11)
[STDERR  ] 2018-03-07T23:38:46.917192044Z: [    0.590330] ACPI: PCI Interrupt Link [LNKE] (IRQs 5 *10 11)
[STDERR  ] 2018-03-07T23:38:46.917211428Z: [    0.596871] ACPI: PCI Interrupt Link [LNKF] (IRQs 5 *10 11)
[STDERR  ] 2018-03-07T23:38:46.917239547Z: [    0.600329] ACPI: PCI Interrupt Link [LNKG] (IRQs 5 10 *11)
[STDERR  ] 2018-03-07T23:38:46.917257917Z: [    0.610309] ACPI: PCI Interrupt Link [LNKH] (IRQs 5 10 *11)
[STDERR  ] 2018-03-07T23:38:46.917277879Z: [    0.616636] ACPI: PCI Interrupt Link [GSIA] (IRQs *16)
