[INFO    ] 2017-12-05T16:13:41.425085124Z: Running Test linuxkit.packages.sysctl in /tmp/build/test/cases/040_packages/019_sysctl
[INFO    ] 2017-12-05T16:13:41.425172638Z: Running command: [/bin/sh -x /tmp/build/test/cases/040_packages/019_sysctl/test.sh]
[STDERR  ] 2017-12-05T16:13:41.464004536Z: + set -e
[STDERR  ] 2017-12-05T16:13:41.464065845Z: + . /tmp/build/test/cases/_lib/lib.sh
[STDERR  ] 2017-12-05T16:13:41.46407556Z: + [ -f src/github.com/linuxkit/rtf/lib/lib.sh ]
[STDERR  ] 2017-12-05T16:13:41.46408453Z: + LINUXKIT_TMPDIR=/tmp/build/test/cases/_tmp
[STDERR  ] 2017-12-05T16:13:41.46409053Z: + [ -f /tmp/build/test/cases/_tmp/env.sh ]
[STDERR  ] 2017-12-05T16:13:41.464096603Z: + . /tmp/build/test/cases/_tmp/env.sh
[STDERR  ] 2017-12-05T16:13:41.464102982Z: + export LINUXKIT_EXAMPLES_DIR=/tmp/build/test/cases/../../examples
[STDERR  ] 2017-12-05T16:13:41.464110318Z: + export LINUXKIT_BLUEPRINTS_DIR=/tmp/build/test/cases/../../blueprints
[STDERR  ] 2017-12-05T16:13:41.464116902Z: + RT_CANCEL=253
[STDERR  ] 2017-12-05T16:13:41.464122648Z: + NAME=sysctl
[STDERR  ] 2017-12-05T16:13:41.464129203Z: + trap clean_up EXIT
[STDERR  ] 2017-12-05T16:13:41.464135502Z: + linuxkit build -format kernel+initrd -name sysctl test.yml
[STDERR  ] 2017-12-05T16:13:41.488047977Z: Extract kernel image: linuxkit/kernel:4.9.66
[STDERR  ] 2017-12-05T16:13:42.618243573Z: time="2017-12-05T16:13:42Z" level=warning msg="certificate with CN Justin Cormack is near expiry" 
[STDERR  ] 2017-12-05T16:13:42.618302839Z: time="2017-12-05T16:13:42Z" level=warning msg="certificate with CN  is near expiry" 
[STDERR  ] 2017-12-05T16:13:42.650244635Z: time="2017-12-05T16:13:42Z" level=warning msg="certificate with CN Justin Cormack is near expiry" 
[STDERR  ] 2017-12-05T16:13:43.189864973Z: Add init containers:
[STDERR  ] 2017-12-05T16:13:43.189917751Z: Process init image: linuxkit/init:7357177a8be310e40fef7424305a72c198e857c4
[STDERR  ] 2017-12-05T16:13:44.218474342Z: time="2017-12-05T16:13:44Z" level=warning msg="certificate with CN Justin Cormack is near expiry" 
[STDERR  ] 2017-12-05T16:13:44.21858732Z: time="2017-12-05T16:13:44Z" level=warning msg="certificate with CN  is near expiry" 
[STDERR  ] 2017-12-05T16:13:44.221957673Z: time="2017-12-05T16:13:44Z" level=warning msg="certificate with CN Justin Cormack is near expiry" 
[STDERR  ] 2017-12-05T16:13:44.223339352Z: time="2017-12-05T16:13:44Z" level=warning msg="certificate with CN  is near expiry" 
[STDERR  ] 2017-12-05T16:13:44.461805746Z: Process init image: linuxkit/runc:1b0741d07949c0acc444cd6a04ee7f833443579d
[STDERR  ] 2017-12-05T16:13:45.493151336Z: time="2017-12-05T16:13:45Z" level=warning msg="certificate with CN  is near expiry" 
[STDERR  ] 2017-12-05T16:13:45.493480594Z: time="2017-12-05T16:13:45Z" level=warning msg="certificate with CN Justin Cormack is near expiry" 
[STDERR  ] 2017-12-05T16:13:45.495271957Z: time="2017-12-05T16:13:45Z" level=warning msg="certificate with CN Justin Cormack is near expiry" 
[STDERR  ] 2017-12-05T16:13:45.496520477Z: time="2017-12-05T16:13:45Z" level=warning msg="certificate with CN  is near expiry" 
[STDERR  ] 2017-12-05T16:13:45.656045388Z: Add onboot containers:
[STDERR  ] 2017-12-05T16:13:45.656090964Z:   Create OCI config for linuxkit/sysctl:efe693534bb623007f94a2e3ff4a9fd6ead75aa1
[STDERR  ] 2017-12-05T16:13:46.850077473Z: time="2017-12-05T16:13:46Z" level=warning msg="certificate with CN Justin Cormack is near expiry" 
[STDERR  ] 2017-12-05T16:13:46.850163358Z: time="2017-12-05T16:13:46Z" level=warning msg="certificate with CN  is near expiry" 
[STDERR  ] 2017-12-05T16:13:46.851867079Z: time="2017-12-05T16:13:46Z" level=warning msg="certificate with CN Justin Cormack is near expiry" 
[STDERR  ] 2017-12-05T16:13:46.853075696Z: time="2017-12-05T16:13:46Z" level=warning msg="certificate with CN  is near expiry" 
[STDERR  ] 2017-12-05T16:13:47.235736137Z:   Create OCI config for alpine:3.6
[STDERR  ] 2017-12-05T16:13:48.425253815Z:   Create OCI config for linuxkit/poweroff:280bd01daa8776fbe1f4d912977f1886b8374834
[STDERR  ] 2017-12-05T16:13:49.47402044Z: time="2017-12-05T16:13:49Z" level=warning msg="certificate with CN  is near expiry" 
[STDERR  ] 2017-12-05T16:13:49.474252259Z: time="2017-12-05T16:13:49Z" level=warning msg="certificate with CN Justin Cormack is near expiry" 
[STDERR  ] 2017-12-05T16:13:49.474394999Z: time="2017-12-05T16:13:49Z" level=warning msg="certificate with CN Rolf Neugebauer is near expiry" 
[STDERR  ] 2017-12-05T16:13:49.475763783Z: time="2017-12-05T16:13:49Z" level=warning msg="certificate with CN Rolf Neugebauer is near expiry" 
[STDERR  ] 2017-12-05T16:13:49.476431532Z: time="2017-12-05T16:13:49Z" level=warning msg="certificate with CN  is near expiry" 
[STDERR  ] 2017-12-05T16:13:49.651770914Z: Add files:
[STDERR  ] 2017-12-05T16:13:49.651811763Z:   check.sh
[STDERR  ] 2017-12-05T16:13:49.67319905Z: Create outputs:
[STDERR  ] 2017-12-05T16:13:53.949789185Z:   sysctl-kernel sysctl-initrd.img sysctl-cmdline
[STDERR  ] 2017-12-05T16:13:53.998352988Z: + linuxkit run sysctl
[STDERR  ] 2017-12-05T16:13:54.021049524Z: Unable to find qemu-system-x86_64 within the $PATH. Using a container
[STDERR  ] 2017-12-05T16:14:26.304978826Z: + RESULT=[    0.000000] Linux version 4.9.66-linuxkit (root@31ee3cd32651) (gcc version 6.3.0 (Alpine 6.3.0) ) #1 SMP Fri Dec 1 11:24:49 UTC 2017
[STDERR  ] 2017-12-05T16:14:26.305037248Z: [    0.000000] Command line: console=ttyS0 page_poison=1
[STDERR  ] 2017-12-05T16:14:26.305049286Z: [    0.000000] x86/fpu: Legacy x87 FPU detected.
[STDERR  ] 2017-12-05T16:14:26.305060776Z: [    0.000000] x86/fpu: Using 'eager' FPU context switches.
[STDERR  ] 2017-12-05T16:14:26.305071335Z: [    0.000000] e820: BIOS-provided physical RAM map:
[STDERR  ] 2017-12-05T16:14:26.305081339Z: [    0.000000] BIOS-e820: [mem 0x0000000000000000-0x000000000009fbff] usable
[STDERR  ] 2017-12-05T16:14:26.305091829Z: [    0.000000] BIOS-e820: [mem 0x000000000009fc00-0x000000000009ffff] reserved
[STDERR  ] 2017-12-05T16:14:26.305101611Z: [    0.000000] BIOS-e820: [mem 0x00000000000f0000-0x00000000000fffff] reserved
[STDERR  ] 2017-12-05T16:14:26.305112035Z: [    0.000000] BIOS-e820: [mem 0x0000000000100000-0x000000003ffdefff] usable
[STDERR  ] 2017-12-05T16:14:26.305121981Z: [    0.000000] BIOS-e820: [mem 0x000000003ffdf000-0x000000003fffffff] reserved
[STDERR  ] 2017-12-05T16:14:26.305131784Z: [    0.000000] BIOS-e820: [mem 0x00000000b0000000-0x00000000bfffffff] reserved
[STDERR  ] 2017-12-05T16:14:26.305141374Z: [    0.000000] BIOS-e820: [mem 0x00000000fed1c000-0x00000000fed1ffff] reserved
[STDERR  ] 2017-12-05T16:14:26.305151684Z: [    0.000000] BIOS-e820: [mem 0x00000000fffc0000-0x00000000ffffffff] reserved
[STDERR  ] 2017-12-05T16:14:26.305161476Z: [    0.000000] NX (Execute Disable) protection: active
[STDERR  ] 2017-12-05T16:14:26.305171488Z: [    0.000000] SMBIOS 2.8 present.
[STDERR  ] 2017-12-05T16:14:26.305181088Z: [    0.000000] e820: last_pfn = 0x3ffdf max_arch_pfn = 0x400000000
[STDERR  ] 2017-12-05T16:14:26.305190382Z: [    0.000000] x86/PAT: Configuration [0-7]: WB  WC  UC- UC  WB  WC  UC- WT  
[STDERR  ] 2017-12-05T16:14:26.305208381Z: [    0.000000] found SMP MP-table at [mem 0x000f6aa0-0x000f6aaf] mapped at [ffff97cb400f6aa0]
[STDERR  ] 2017-12-05T16:14:26.305218272Z: [    0.000000] RAMDISK: [mem 0x3e77b000-0x3ffcffff]
[STDERR  ] 2017-12-05T16:14:26.305270232Z: [    0.000000] ACPI: Early table checksum verification disabled
[STDERR  ] 2017-12-05T16:14:26.305283812Z: [    0.000000] ACPI: RSDP 0x00000000000F68C0 000014 (v00 BOCHS )
[STDERR  ] 2017-12-05T16:14:26.305294139Z: [    0.000000] ACPI: RSDT 0x000000003FFE2404 000034 (v01 BOCHS  BXPCRSDT 00000001 BXPC 00000001)
[STDERR  ] 2017-12-05T16:14:26.305305552Z: [    0.000000] ACPI: FACP 0x000000003FFE22A4 000074 (v01 BOCHS  BXPCFACP 00000001 BXPC 00000001)
[STDERR  ] 2017-12-05T16:14:26.305316142Z: [    0.000000] ACPI: DSDT 0x000000003FFE0040 002264 (v01 BOCHS  BXPCDSDT 00000001 BXPC 00000001)
[STDERR  ] 2017-12-05T16:14:26.305327422Z: [    0.000000] ACPI: FACS 0x000000003FFE0000 000040
[STDERR  ] 2017-12-05T16:14:26.305337995Z: [    0.000000] ACPI: APIC 0x000000003FFE2318 000078 (v01 BOCHS  BXPCAPIC 00000001 BXPC 00000001)
[STDERR  ] 2017-12-05T16:14:26.305367505Z: [    0.000000] ACPI: HPET 0x000000003FFE2390 000038 (v01 BOCHS  BXPCHPET 00000001 BXPC 00000001)
[STDERR  ] 2017-12-05T16:14:26.305377591Z: [    0.000000] ACPI: MCFG 0x000000003FFE23C8 00003C (v01 BOCHS  BXPCMCFG 00000001 BXPC 00000001)
[STDERR  ] 2017-12-05T16:14:26.305387165Z: [    0.000000] Zone ranges:
[STDERR  ] 2017-12-05T16:14:26.305397564Z: [    0.000000]   DMA      [mem 0x0000000000001000-0x0000000000ffffff]
[STDERR  ] 2017-12-05T16:14:26.305409022Z: [    0.000000]   DMA32    [mem 0x0000000001000000-0x000000003ffdefff]
[STDERR  ] 2017-12-05T16:14:26.305418365Z: [    0.000000]   Normal   empty
[STDERR  ] 2017-12-05T16:14:26.305427994Z: [    0.000000] Movable zone start for each node
[STDERR  ] 2017-12-05T16:14:26.305437062Z: [    0.000000] Early memory node ranges
[STDERR  ] 2017-12-05T16:14:26.305446245Z: [    0.000000]   node   0: [mem 0x0000000000001000-0x000000000009efff]
[STDERR  ] 2017-12-05T16:14:26.305455598Z: [    0.000000]   node   0: [mem 0x0000000000100000-0x000000003ffdefff]
[STDERR  ] 2017-12-05T16:14:26.305465159Z: [    0.000000] Initmem setup node 0 [mem 0x0000000000001000-0x000000003ffdefff]
[STDERR  ] 2017-12-05T16:14:26.305474454Z: [    0.000000] ACPI: PM-Timer IO Port: 0x608
[STDERR  ] 2017-12-05T16:14:26.305483598Z: [    0.000000] ACPI: LAPIC_NMI (acpi_id[0xff] dfl dfl lint[0x1])
[STDERR  ] 2017-12-05T16:14:26.305492826Z: [    0.000000] IOAPIC[0]: apic_id 0, version 32, address 0xfec00000, GSI 0-23
[STDERR  ] 2017-12-05T16:14:26.305501916Z: [    0.000000] ACPI: INT_SRC_OVR (bus 0 bus_irq 0 global_irq 2 dfl dfl)
[STDERR  ] 2017-12-05T16:14:26.305511299Z: [    0.000000] ACPI: INT_SRC_OVR (bus 0 bus_irq 5 global_irq 5 high level)
[STDERR  ] 2017-12-05T16:14:26.305520965Z: [    0.000000] ACPI: INT_SRC_OVR (bus 0 bus_irq 9 global_irq 9 high level)
[STDERR  ] 2017-12-05T16:14:26.305530925Z: [    0.000000] ACPI: INT_SRC_OVR (bus 0 bus_irq 10 global_irq 10 high level)
[STDERR  ] 2017-12-05T16:14:26.305543555Z: [    0.000000] ACPI: INT_SRC_OVR (bus 0 bus_irq 11 global_irq 11 high level)
[STDERR  ] 2017-12-05T16:14:26.305554269Z: [    0.000000] Using ACPI (MADT) for SMP configuration information
[STDERR  ] 2017-12-05T16:14:26.305563805Z: [    0.000000] ACPI: HPET id: 0x8086a201 base: 0xfed00000
[STDERR  ] 2017-12-05T16:14:26.305572912Z: [    0.000000] smpboot: Allowing 1 CPUs, 0 hotplug CPUs
[STDERR  ] 2017-12-05T16:14:26.305581917Z: [    0.000000] e820: [mem 0x40000000-0xafffffff] available for PCI devices
[STDERR  ] 2017-12-05T16:14:26.305590642Z: [    0.000000] Booting paravirtualized kernel on bare hardware
[STDERR  ] 2017-12-05T16:14:26.305599883Z: [    0.000000] clocksource: refined-jiffies: mask: 0xffffffff max_cycles: 0xffffffff, max_idle_ns: 19112604462750000 ns
[STDERR  ] 2017-12-05T16:14:26.305615342Z: [    0.000000] setup_percpu: NR_CPUS:128 nr_cpumask_bits:128 nr_cpu_ids:1 nr_node_ids:1
[STDERR  ] 2017-12-05T16:14:26.305624373Z: [    0.000000] percpu: Embedded 35 pages/cpu @ffff97cb7e400000 s105048 r8192 d30120 u2097152
[STDERR  ] 2017-12-05T16:14:26.305633543Z: [    0.000000] Built 1 zonelists in Zone order, mobility grouping on.  Total pages: 257896
[STDERR  ] 2017-12-05T16:14:26.305642529Z: [    0.000000] Kernel command line: console=ttyS0 page_poison=1
[STDERR  ] 2017-12-05T16:14:26.305651316Z: [    0.000000] PID hash table entries: 4096 (order: 3, 32768 bytes)
[STDERR  ] 2017-12-05T16:14:26.3056607Z: [    0.000000] Dentry cache hash table entries: 131072 (order: 8, 1048576 bytes)
[STDERR  ] 2017-12-05T16:14:26.305671003Z: [    0.000000] Inode-cache hash table entries: 65536 (order: 7, 524288 bytes)
[STDERR  ] 2017-12-05T16:14:26.305680887Z: [    0.000000] Memory: 989264K/1048052K available (8047K kernel code, 1367K rwdata, 2700K rodata, 1380K init, 568K bss, 58788K reserved, 0K cma-reserved)
[STDERR  ] 2017-12-05T16:14:26.305692156Z: [    0.000000] Hierarchical RCU implementation.
[STDERR  ] 2017-12-05T16:14:26.305701Z: [    0.000000] 	Build-time adjustment of leaf fanout to 64.
[STDERR  ] 2017-12-05T16:14:26.305711939Z: [    0.000000] 	RCU restricting CPUs from NR_CPUS=128 to nr_cpu_ids=1.
[STDERR  ] 2017-12-05T16:14:26.305735162Z: [    0.000000] RCU: Adjusting geometry for rcu_fanout_leaf=64, nr_cpu_ids=1
[STDERR  ] 2017-12-05T16:14:26.305745792Z: [    0.000000] NR_IRQS:8448 nr_irqs:256 16
[STDERR  ] 2017-12-05T16:14:26.305755283Z: [    0.000000] Console: colour VGA+ 80x25
[STDERR  ] 2017-12-05T16:14:26.305764056Z: [    0.000000] console [ttyS0] enabled
[STDERR  ] 2017-12-05T16:14:26.305773043Z: [    0.000000] allocated 2097152 bytes of page_ext
[STDERR  ] 2017-12-05T16:14:26.30578172Z: [    0.000000] clocksource: hpet: mask: 0xffffffff max_cycles: 0xffffffff, max_idle_ns: 19112604467 ns
[STDERR  ] 2017-12-05T16:14:26.305791876Z: [    0.000000] tsc: Fast TSC calibration using PIT
[STDERR  ] 2017-12-05T16:14:26.305801465Z: [    0.000000] tsc: Detected 2599.994 MHz processor
[STDERR  ] 2017-12-05T16:14:26.3058107Z: [    0.022282] Calibrating delay loop (skipped), value calculated using timer frequency.. 5199.98 BogoMIPS (lpj=25999940)
[STDERR  ] 2017-12-05T16:14:26.305821056Z: [    0.030608] pid_max: default: 32768 minimum: 301
[STDERR  ] 2017-12-05T16:14:26.3058307Z: [    0.031747] ACPI: Core revision 20160831
[STDERR  ] 2017-12-05T16:14:26.30584092Z: [    0.075083] ACPI: 1 ACPI AML tables successfully acquired and loaded
[STDERR  ] 2017-12-05T16:14:26.305851619Z: [    0.080319] Security Framework initialized
[STDERR  ] 2017-12-05T16:14:26.305859987Z: [    0.080803] Yama: becoming mindful.
[STDERR  ] 2017-12-05T16:14:26.305868419Z: [    0.082835] Mount-cache hash table entries: 2048 (order: 2, 16384 bytes)
[STDERR  ] 2017-12-05T16:14:26.305877116Z: [    0.083435] Mountpoint-cache hash table entries: 2048 (order: 2, 16384 bytes)
[STDERR  ] 2017-12-05T16:14:26.306144595Z: [    0.103063] Last level iTLB entries: 4KB 0, 2MB 0, 4MB 0
[STDERR  ] 2017-12-05T16:14:26.306165783Z: [    0.103729] Last level dTLB entries: 4KB 0, 2MB 0, 4MB 0, 1GB 0
[STDERR  ] 2017-12-05T16:14:26.306185313Z: [    0.430718] Freeing SMP alternatives memory: 20K
[STDERR  ] 2017-12-05T16:14:26.306204723Z: [    0.441528] ftrace: allocating 35538 entries in 139 pages
[STDERR  ] 2017-12-05T16:14:26.30622376Z: [    0.600693] smpboot: Max logical packages: 1
[STDERR  ] 2017-12-05T16:14:26.306254093Z: [    0.607734] ..TIMER: vector=0x30 apic1=0 pin1=2 apic2=-1 pin2=-1
[STDERR  ] 2017-12-05T16:14:26.306272959Z: [    0.710000] smpboot: CPU0: AMD QEMU Virtual CPU version 2.5+ (family: 0x6, model: 0x6, stepping: 0x3)
[STDERR  ] 2017-12-05T16:14:26.306294772Z: [    0.710000] Performance Events: PMU not available due to virtualization, using software events only.
[STDERR  ] 2017-12-05T16:14:26.306314093Z: [    0.719242] NMI watchdog: disabled (cpu0): hardware events not enabled
[STDERR  ] 2017-12-05T16:14:26.306333799Z: [    0.719737] NMI watchdog: Shutting down hard lockup detector on all cpus
[STDERR  ] 2017-12-05T16:14:26.306353513Z: [    0.724042] x86: Booted up 1 node, 1 CPUs
[STDERR  ] 2017-12-05T16:14:26.306372947Z: [    0.724496] smpboot: Total of 1 processors activated (5199.98 BogoMIPS)
[STDERR  ] 2017-12-05T16:14:26.306393007Z: [    0.738971] devtmpfs: initialized
[STDERR  ] 2017-12-05T16:14:26.306412569Z: [    0.744144] x86/mm: Memory block size: 128MB
[STDERR  ] 2017-12-05T16:14:26.306444797Z: [    0.804689] clocksource: jiffies: mask: 0xffffffff max_cycles: 0xffffffff, max_idle_ns: 19112604462750000 ns
[STDERR  ] 2017-12-05T16:14:26.306467149Z: [    0.805723] futex hash table entries: 256 (order: 2, 16384 bytes)
[STDERR  ] 2017-12-05T16:14:26.306486699Z: [    0.815910] NET: Registered protocol family 16
[STDERR  ] 2017-12-05T16:14:26.30650529Z: [    0.825244] cpuidle: using governor ladder
[STDERR  ] 2017-12-05T16:14:26.306524452Z: [    0.825781] cpuidle: using governor menu
[STDERR  ] 2017-12-05T16:14:26.306544033Z: [    0.826924] ACPI: bus type PCI registered
[STDERR  ] 2017-12-05T16:14:26.306563663Z: [    0.829741] PCI: MMCONFIG for domain 0000 [bus 00-ff] at [mem 0xb0000000-0xbfffffff] (base 0xb0000000)
[STDERR  ] 2017-12-05T16:14:26.306583309Z: [    0.830315] PCI: MMCONFIG at [mem 0xb0000000-0xbfffffff] reserved in E820
[STDERR  ] 2017-12-05T16:14:26.306615999Z: [    0.831738] PCI: Using configuration type 1 for base access
[STDERR  ] 2017-12-05T16:14:26.306635992Z: [    0.887923] HugeTLB registered 2 MB page size, pre-allocated 0 pages
[STDERR  ] 2017-12-05T16:14:26.306659925Z: [    0.902919] ACPI: Added _OSI(Module Device)
[STDERR  ] 2017-12-05T16:14:26.306680055Z: [    0.903299] ACPI: Added _OSI(Processor Device)
[STDERR  ] 2017-12-05T16:14:26.306699346Z: [    0.903658] ACPI: Added _OSI(3.0 _SCP Extensions)
[STDERR  ] 2017-12-05T16:14:26.306718603Z: [    0.904008] ACPI: Added _OSI(Processor Aggregator Device)
[STDERR  ] 2017-12-05T16:14:26.306737924Z: [    0.976115] ACPI: Interpreter enabled
[STDERR  ] 2017-12-05T16:14:26.30675783Z: [    0.977205] ACPI: (supports S0 S5)
[STDERR  ] 2017-12-05T16:14:26.306809737Z: [    0.977548] ACPI: Using IOAPIC for interrupt routing
[STDERR  ] 2017-12-05T16:14:26.306839141Z: [    0.980668] PCI: Using host bridge windows from ACPI; if necessary, use "pci=nocrs" and report a bug
[STDERR  ] 2017-12-05T16:14:26.306862816Z: [    1.047522] ACPI: PCI Root Bridge [PCI0] (domain 0000 [bus 00-ff])
[STDERR  ] 2017-12-05T16:14:26.306885338Z: [    1.049177] acpi PNP0A08:00: _OSC: OS supports [ExtendedConfig ASPM ClockPM Segments MSI]
[STDERR  ] 2017-12-05T16:14:26.306909286Z: [    1.055925] acpi PNP0A08:00: _OSC: OS now controls [PCIeHotplug PME PCIeCapability]
[STDERR  ] 2017-12-05T16:14:26.306930626Z: [    1.059701] PCI host bridge to bus 0000:00
[STDOUT  ] 2017-12-05T16:14:26.306776326Z: [    0.000000] Linux version 4.9.66-linuxkit (root@31ee3cd32651) (gcc version 6.3.0 (Alpine 6.3.0) ) #1 SMP Fri Dec 1 11:24:49 UTC 2017
[STDERR  ] 2017-12-05T16:14:26.306984333Z: [    1.060322] pci_bus 0000:00: root bus resource [io  0x0000-0x0cf7 window]
[STDOUT  ] 2017-12-05T16:14:26.307000754Z: [    0.000000] Command line: console=ttyS0 page_poison=1
[STDOUT  ] 2017-12-05T16:14:26.307012126Z: [    0.000000] x86/fpu: Legacy x87 FPU detected.
[STDOUT  ] 2017-12-05T16:14:26.30702215Z: [    0.000000] x86/fpu: Using 'eager' FPU context switches.
[STDOUT  ] 2017-12-05T16:14:26.307031557Z: [    0.000000] e820: BIOS-provided physical RAM map:
[STDOUT  ] 2017-12-05T16:14:26.307040596Z: [    0.000000] BIOS-e820: [mem 0x0000000000000000-0x000000000009fbff] usable
[STDOUT  ] 2017-12-05T16:14:26.307060308Z: [    0.000000] BIOS-e820: [mem 0x000000000009fc00-0x000000000009ffff] reserved
[STDOUT  ] 2017-12-05T16:14:26.307071227Z: [    0.000000] BIOS-e820: [mem 0x00000000000f0000-0x00000000000fffff] reserved
[STDOUT  ] 2017-12-05T16:14:26.307081008Z: [    0.000000] BIOS-e820: [mem 0x0000000000100000-0x000000003ffdefff] usable
[STDOUT  ] 2017-12-05T16:14:26.307090586Z: [    0.000000] BIOS-e820: [mem 0x000000003ffdf000-0x000000003fffffff] reserved
[STDOUT  ] 2017-12-05T16:14:26.307099864Z: [    0.000000] BIOS-e820: [mem 0x00000000b0000000-0x00000000bfffffff] reserved
[STDOUT  ] 2017-12-05T16:14:26.307109203Z: [    0.000000] BIOS-e820: [mem 0x00000000fed1c000-0x00000000fed1ffff] reserved
[STDOUT  ] 2017-12-05T16:14:26.307118384Z: [    0.000000] BIOS-e820: [mem 0x00000000fffc0000-0x00000000ffffffff] reserved
[STDOUT  ] 2017-12-05T16:14:26.30712772Z: [    0.000000] NX (Execute Disable) protection: active
[STDOUT  ] 2017-12-05T16:14:26.307136976Z: [    0.000000] SMBIOS 2.8 present.
[STDOUT  ] 2017-12-05T16:14:26.307145897Z: [    0.000000] e820: last_pfn = 0x3ffdf max_arch_pfn = 0x400000000
[STDOUT  ] 2017-12-05T16:14:26.307154236Z: [    0.000000] x86/PAT: Configuration [0-7]: WB  WC  UC- UC  WB  WC  UC- WT  
[STDOUT  ] 2017-12-05T16:14:26.307163046Z: [    0.000000] found SMP MP-table at [mem 0x000f6aa0-0x000f6aaf] mapped at [ffff97cb400f6aa0]
[STDOUT  ] 2017-12-05T16:14:26.307172558Z: [    0.000000] RAMDISK: [mem 0x3e77b000-0x3ffcffff]
[STDOUT  ] 2017-12-05T16:14:26.307181327Z: [    0.000000] ACPI: Early table checksum verification disabled
[STDERR  ] 2017-12-05T16:14:26.30719223Z: [    1.060836] pci_bus 0000:00: root bus resource [io  0x0d00-0xffff window]
[STDERR  ] 2017-12-05T16:14:26.307212584Z: [    1.061311] pci_bus 0000:00: root bus resource [mem 0x000a0000-0x000bffff window]
[STDERR  ] 2017-12-05T16:14:26.307228264Z: [    1.061863] pci_bus 0000:00: root bus resource [mem 0xc0000000-0xfebfffff window]
[STDERR  ] 2017-12-05T16:14:26.307245791Z: [    1.062859] pci_bus 0000:00: root bus resource [bus 00-ff]
[STDERR  ] 2017-12-05T16:14:26.307255487Z: [    1.172693] pci 0000:00:1f.0: quirk: [io  0x0600-0x067f] claimed by ICH6 ACPI/GPIO/TCO
[STDOUT  ] 2017-12-05T16:14:26.307190667Z: [    0.000000] ACPI: RSDP 0x00000000000F68C0 000014 (v00 BOCHS )
[STDERR  ] 2017-12-05T16:14:26.307265494Z: [    1.234074] ACPI: PCI Interrupt Link [LNKA] (IRQs 5 *10 11)
[STDERR  ] 2017-12-05T16:14:26.30727461Z: [    1.237176] ACPI: PCI Interrupt Link [LNKB] (IRQs 5 *10 11)
[STDOUT  ] 2017-12-05T16:14:26.307273914Z: [    0.000000] ACPI: RSDT 0x000000003FFE2404 000034 (v01 BOCHS  BXPCRSDT 00000001 BXPC 00000001)
[STDERR  ] 2017-12-05T16:14:26.307284221Z: [    1.240501] ACPI: PCI Interrupt Link [LNKC] (IRQs 5 10 *11)
[STDERR  ] 2017-12-05T16:14:26.307293808Z: [    1.243128] ACPI: PCI Interrupt Link [LNKD] (IRQs 5 10 *11)
[STDERR  ] 2017-12-05T16:14:26.307303351Z: [    1.245177] ACPI: PCI Interrupt Link [LNKE] (IRQs 5 *10 11)
[STDERR  ] 2017-12-05T16:14:26.307311764Z: [    1.246995] ACPI: PCI Interrupt Link [LNKF] (IRQs 5 *10 11)
[STDERR  ] 2017-12-05T16:14:26.307321181Z: [    1.248813] ACPI: PCI Interrupt Link [LNKG] (IRQs 5 10 *11)
[STDERR  ] 2017-12-05T16:14:26.307329614Z: [    1.251540] ACPI: PCI Interrupt Link [LNKH] (IRQs 5 10 *11)
[STDERR  ] 2017-12-05T16:14:26.307338201Z: [    1.252592] ACPI: PCI Interrupt Link [GSIA] (IRQs *16)
[STDERR  ] 2017-12-05T16:14:26.307346331Z: [    1.253410] ACPI: PCI Interrupt Link [GSIB] (IRQs *17)
[STDOUT  ] 2017-12-05T16:14:26.307285483Z: [    0.000000] ACPI: FACP 0x000000003FFE22A4 000074 (v01 BOCHS  BXPCFACP 00000001 BXPC 00000001)
[STDOUT  ] 2017-12-05T16:14:26.307376996Z: [    0.000000] ACPI: DSDT 0x000000003FFE0040 002264 (v01 BOCHS  BXPCDSDT 00000001 BXPC 00000001)
[STDOUT  ] 2017-12-05T16:14:26.30738791Z: [    0.000000] ACPI: FACS 0x000000003FFE0000 000040
[STDOUT  ] 2017-12-05T16:14:26.307398238Z: [    0.000000] ACPI: APIC 0x000000003FFE2318 000078 (v01 BOCHS  BXPCAPIC 00000001 BXPC 00000001)
[STDOUT  ] 2017-12-05T16:14:26.307408676Z: [    0.000000] ACPI: HPET 0x000000003FFE2390 000038 (v01 BOCHS  BXPCHPET 00000001 BXPC 00000001)
[STDOUT  ] 2017-12-05T16:14:26.307419524Z: [    0.000000] ACPI: MCFG 0x000000003FFE23C8 00003C (v01 BOCHS  BXPCMCFG 00000001 BXPC 00000001)
[STDOUT  ] 2017-12-05T16:14:26.307430034Z: [    0.000000] Zone ranges:
[STDOUT  ] 2017-12-05T16:14:26.307439786Z: [    0.000000]   DMA      [mem 0x0000000000001000-0x0000000000ffffff]
[STDOUT  ] 2017-12-05T16:14:26.307449957Z: [    0.000000]   DMA32    [mem 0x0000000001000000-0x000000003ffdefff]
[STDOUT  ] 2017-12-05T16:14:26.307459731Z: [    0.000000]   Normal   empty
[STDOUT  ] 2017-12-05T16:14:26.307469081Z: [    0.000000] Movable zone start for each node
[STDOUT  ] 2017-12-05T16:14:26.307478283Z: [    0.000000] Early memory node ranges
[STDOUT  ] 2017-12-05T16:14:26.30748818Z: [    0.000000]   node   0: [mem 0x0000000000001000-0x000000000009efff]
[STDOUT  ] 2017-12-05T16:14:26.30749734Z: [    0.000000]   node   0: [mem 0x0000000000100000-0x000000003ffdefff]
[STDERR  ] 2017-12-05T16:14:26.30735552Z: [    1.254203] ACPI: PCI Interrupt Link [GSIC] (IRQs *18)
[STDOUT  ] 2017-12-05T16:14:26.307506531Z: [    0.000000] Initmem setup node 0 [mem 0x0000000000001000-0x000000003ffdefff]
[STDERR  ] 2017-12-05T16:14:26.307513153Z: [    1.255022] ACPI: PCI Interrupt Link [GSID] (IRQs *19)
[STDERR  ] 2017-12-05T16:14:26.307524736Z: [    1.255829] ACPI: PCI Interrupt Link [GSIE] (IRQs *20)
[STDERR  ] 2017-12-05T16:14:26.307534711Z: [    1.256616] ACPI: PCI Interrupt Link [GSIF] (IRQs *21)
[STDERR  ] 2017-12-05T16:14:26.307543411Z: [    1.257426] ACPI: PCI Interrupt Link [GSIG] (IRQs *22)
[STDERR  ] 2017-12-05T16:14:26.307551878Z: [    1.258200] ACPI: PCI Interrupt Link [GSIH] (IRQs *23)
[STDERR  ] 2017-12-05T16:14:26.30756074Z: [    1.262247] ACPI: Enabled 2 GPEs in block 00 to 3F
[STDOUT  ] 2017-12-05T16:14:26.307516267Z: [    0.000000] ACPI: PM-Timer IO Port: 0x608
[STDOUT  ] 2017-12-05T16:14:26.307602233Z: [    0.000000] ACPI: LAPIC_NMI (acpi_id[0xff] dfl dfl lint[0x1])
[STDOUT  ] 2017-12-05T16:14:26.307612631Z: [    0.000000] IOAPIC[0]: apic_id 0, version 32, address 0xfec00000, GSI 0-23
[STDOUT  ] 2017-12-05T16:14:26.307622647Z: [    0.000000] ACPI: INT_SRC_OVR (bus 0 bus_irq 0 global_irq 2 dfl dfl)
[STDOUT  ] 2017-12-05T16:14:26.307631968Z: [    0.000000] ACPI: INT_SRC_OVR (bus 0 bus_irq 5 global_irq 5 high level)
[STDOUT  ] 2017-12-05T16:14:26.30764128Z: [    0.000000] ACPI: INT_SRC_OVR (bus 0 bus_irq 9 global_irq 9 high level)
[STDOUT  ] 2017-12-05T16:14:26.307650424Z: [    0.000000] ACPI: INT_SRC_OVR (bus 0 bus_irq 10 global_irq 10 high level)
[STDOUT  ] 2017-12-05T16:14:26.30766049Z: [    0.000000] ACPI: INT_SRC_OVR (bus 0 bus_irq 11 global_irq 11 high level)
[STDOUT  ] 2017-12-05T16:14:26.307669888Z: [    0.000000] Using ACPI (MADT) for SMP configuration information
[STDOUT  ] 2017-12-05T16:14:26.307679244Z: [    0.000000] ACPI: HPET id: 0x8086a201 base: 0xfed00000
[STDOUT  ] 2017-12-05T16:14:26.307688401Z: [    0.000000] smpboot: Allowing 1 CPUs, 0 hotplug CPUs
[STDOUT  ] 2017-12-05T16:14:26.307697264Z: [    0.000000] e820: [mem 0x40000000-0xafffffff] available for PCI devices
[STDOUT  ] 2017-12-05T16:14:26.307706393Z: [    0.000000] Booting paravirtualized kernel on bare hardware
[STDOUT  ] 2017-12-05T16:14:26.307715233Z: [    0.000000] clocksource: refined-jiffies: mask: 0xffffffff max_cycles: 0xffffffff, max_idle_ns: 19112604462750000 ns
[STDERR  ] 2017-12-05T16:14:26.307583056Z: [    1.266851] SCSI subsystem initialized
[STDERR  ] 2017-12-05T16:14:26.307734861Z: [    1.269772] ACPI: bus type USB registered
[STDERR  ] 2017-12-05T16:14:26.307746336Z: [    1.270938] usbcore: registered new interface driver usbfs
[STDERR  ] 2017-12-05T16:14:26.307757401Z: [    1.271907] usbcore: registered new interface driver hub
[STDERR  ] 2017-12-05T16:14:26.307767238Z: [    1.272911] usbcore: registered new device driver usb
[STDERR  ] 2017-12-05T16:14:26.307776174Z: [    1.274626] pps_core: LinuxPPS API ver. 1 registered
[STDERR  ] 2017-12-05T16:14:26.307785196Z: [    1.274962] pps_core: Software ver. 5.3.6 - Copyright 2005-2007 Rodolfo Giometti <giometti@linux.it>
[STDERR  ] 2017-12-05T16:14:26.307796147Z: [    1.275731] PTP clock support registered
[STDERR  ] 2017-12-05T16:14:26.307805758Z: [    1.277059] wmi: Mapper loaded
[STDOUT  ] 2017-12-05T16:14:26.307728073Z: [    0.000000] setup_percpu: NR_CPUS:128 nr_cpumask_bits:128 nr_cpu_ids:1 nr_node_ids:1
[STDOUT  ] 2017-12-05T16:14:26.307821187Z: [    0.000000] percpu: Embedded 35 pages/cpu @ffff97cb7e400000 s105048 r8192 d30120 u2097152
[STDOUT  ] 2017-12-05T16:14:26.307832738Z: [    0.000000] Built 1 zonelists in Zone order, mobility grouping on.  Total pages: 257896
[STDOUT  ] 2017-12-05T16:14:26.307842278Z: [    0.000000] Kernel command line: console=ttyS0 page_poison=1
[STDOUT  ] 2017-12-05T16:14:26.307854356Z: [    0.000000] PID hash table entries: 4096 (order: 3, 32768 bytes)
[STDOUT  ] 2017-12-05T16:14:26.307864096Z: [    0.000000] Dentry cache hash table entries: 131072 (order: 8, 1048576 bytes)
[STDOUT  ] 2017-12-05T16:14:26.307873823Z: [    0.000000] Inode-cache hash table entries: 65536 (order: 7, 524288 bytes)
[STDERR  ] 2017-12-05T16:14:26.30781526Z: [    1.278387] PCI: Using ACPI for IRQ routing
[STDOUT  ] 2017-12-05T16:14:26.307883448Z: [    0.000000] Memory: 989264K/1048052K available (8047K kernel code, 1367K rwdata, 2700K rodata, 1380K init, 568K bss, 58788K reserved, 0K cma-reserved)
[STDOUT  ] 2017-12-05T16:14:26.307905134Z: [    0.000000] Hierarchical RCU implementation.
[STDOUT  ] 2017-12-05T16:14:26.307914884Z: [    0.000000] 	Build-time adjustment of leaf fanout to 64.
[STDOUT  ] 2017-12-05T16:14:26.307923798Z: [    0.000000] 	RCU restricting CPUs from NR_CPUS=128 to nr_cpu_ids=1.
[STDOUT  ] 2017-12-05T16:14:26.307932745Z: [    0.000000] RCU: Adjusting geometry for rcu_fanout_leaf=64, nr_cpu_ids=1
[STDOUT  ] 2017-12-05T16:14:26.307947597Z: [    0.000000] NR_IRQS:8448 nr_irqs:256 16
[STDOUT  ] 2017-12-05T16:14:26.307962647Z: [    0.000000] Console: colour VGA+ 80x25
[STDERR  ] 2017-12-05T16:14:26.307965714Z: [    1.298239] NetLabel: Initializing
[STDOUT  ] 2017-12-05T16:14:26.307972461Z: [    0.000000] console [ttyS0] enabled
[STDERR  ] 2017-12-05T16:14:26.307977015Z: [    1.298489] NetLabel:  domain hash size = 128
[STDOUT  ] 2017-12-05T16:14:26.307982035Z: [    0.000000] allocated 2097152 bytes of page_ext
[STDERR  ] 2017-12-05T16:14:26.307986854Z: [    1.298968] NetLabel:  protocols = UNLABELED CIPSOv4
[STDERR  ] 2017-12-05T16:14:26.307999425Z: [    1.302090] NetLabel:  unlabeled traffic allowed by default
[STDERR  ] 2017-12-05T16:14:26.308010487Z: [    1.303351] HPET: 3 timers in total, 0 timers will be used for per-cpu timer
[STDERR  ] 2017-12-05T16:14:26.308020219Z: [    1.304202] hpet0: at MMIO 0xfed00000, IRQs 2, 8, 0
[STDERR  ] 2017-12-05T16:14:26.308029738Z: [    1.304823] hpet0: 3 comparators, 64-bit 100.000000 MHz counter
[STDERR  ] 2017-12-05T16:14:26.308039102Z: [    1.309759] clocksource: Switched to clocksource hpet
[STDERR  ] 2017-12-05T16:14:26.308048155Z: [    1.588907] VFS: Disk quotas dquot_6.6.0
[STDERR  ] 2017-12-05T16:14:26.308057037Z: [    1.589716] VFS: Dquot-cache hash table entries: 512 (order 0, 4096 bytes)
[STDOUT  ] 2017-12-05T16:14:26.307991544Z: [    0.000000] clocksource: hpet: mask: 0xffffffff max_cycles: 0xffffffff, max_idle_ns: 19112604467 ns
[STDERR  ] 2017-12-05T16:14:26.308066589Z: [    1.593993] FS-Cache: Loaded
[STDOUT  ] 2017-12-05T16:14:26.308080711Z: [    0.000000] tsc: Fast TSC calibration using PIT
[STDOUT  ] 2017-12-05T16:14:26.308090492Z: [    0.000000] tsc: Detected 2599.994 MHz processor
[STDOUT  ] 2017-12-05T16:14:26.308099497Z: [    0.022282] Calibrating delay loop (skipped), value calculated using timer frequency.. 5199.98 BogoMIPS (lpj=25999940)
[STDOUT  ] 2017-12-05T16:14:26.308108365Z: [    0.030608] pid_max: default: 32768 minimum: 301
[STDOUT  ] 2017-12-05T16:14:26.308117178Z: [    0.031747] ACPI: Core revision 20160831
[STDOUT  ] 2017-12-05T16:14:26.308125985Z: [    0.075083] ACPI: 1 ACPI AML tables successfully acquired and loaded
[STDOUT  ] 2017-12-05T16:14:26.308134917Z: [    0.080319] Security Framework initialized
[STDERR  ] 2017-12-05T16:14:26.308076069Z: [    1.598910] CacheFiles: Loaded
[STDERR  ] 2017-12-05T16:14:26.308158275Z: [    1.600972] pnp: PnP ACPI init
[STDERR  ] 2017-12-05T16:14:26.308167654Z: [    1.612598] pnp: PnP ACPI: found 5 devices
[STDERR  ] 2017-12-05T16:14:26.308177059Z: [    1.663897] clocksource: acpi_pm: mask: 0xffffff max_cycles: 0xffffff, max_idle_ns: 2085701024 ns
[STDERR  ] 2017-12-05T16:14:26.308186531Z: [    1.668258] NET: Registered protocol family 2
[STDERR  ] 2017-12-05T16:14:26.308195512Z: [    1.676055] TCP established hash table entries: 8192 (order: 4, 65536 bytes)
[STDERR  ] 2017-12-05T16:14:26.308205465Z: [    1.676951] TCP bind hash table entries: 8192 (order: 5, 131072 bytes)
[STDERR  ] 2017-12-05T16:14:26.308215492Z: [    1.677710] TCP: Hash tables configured (established 8192 bind 8192)
[STDERR  ] 2017-12-05T16:14:26.308224671Z: [    1.679624] UDP hash table entries: 512 (order: 2, 16384 bytes)
[STDERR  ] 2017-12-05T16:14:26.308247715Z: [    1.680609] UDP-Lite hash table entries: 512 (order: 2, 16384 bytes)
[STDERR  ] 2017-12-05T16:14:26.308258197Z: [    1.683124] NET: Registered protocol family 1
[STDERR  ] 2017-12-05T16:14:26.308268068Z: [    1.684189] pci 0000:00:01.0: Video device with shadowed ROM at [mem 0x000c0000-0x000dffff]
[STDERR  ] 2017-12-05T16:14:26.308277531Z: [    1.692650] Unpacking initramfs...
[STDERR  ] 2017-12-05T16:14:26.308287581Z: [    5.034050] Freeing initrd memory: 24916K
[STDERR  ] 2017-12-05T16:14:26.308299365Z: [    5.073376] PCLMULQDQ-NI instructions are not detected.
[STDERR  ] 2017-12-05T16:14:26.308308987Z: [    5.075096] AVX or AES-NI instructions are not detected.
[STDERR  ] 2017-12-05T16:14:26.308318628Z: [    5.075610] CPU feature 'AVX registers' is not supported.
[STDERR  ] 2017-12-05T16:14:26.308340671Z: [    5.076081] CPU feature 'AVX registers' is not supported.
[STDERR  ] 2017-12-05T16:14:26.308351818Z: [    5.076542] CPU feature 'AVX registers' is not supported.
[STDERR  ] 2017-12-05T16:14:26.308360854Z: [    5.077033] CPU feature 'AVX registers' is not supported.
[STDERR  ] 2017-12-05T16:14:26.308371077Z: [    5.077527] AVX2 or AES-NI instructions are not detected.
[STDERR  ] 2017-12-05T16:14:26.308381042Z: [    5.077953] AVX2 instructions are not detected.
[STDERR  ] 2017-12-05T16:14:26.308402852Z: [    5.084461] audit: initializing netlink subsys (disabled)
[STDERR  ] 2017-12-05T16:14:26.308414815Z: [    5.086547] audit: type=2000 audit(1512490440.080:1): initialized
[STDERR  ] 2017-12-05T16:14:26.308424414Z: [    5.094628] workingset: timestamp_bits=46 max_order=18 bucket_order=0
[STDERR  ] 2017-12-05T16:14:26.308433484Z: [    5.102027] squashfs: version 4.0 (2009/01/31) Phillip Lougher
[STDERR  ] 2017-12-05T16:14:26.308442057Z: [    5.104553] FS-Cache: Netfs 'cifs' registered for caching
[STDERR  ] 2017-12-05T16:14:26.308450744Z: [    5.105601] fuse init (API version 7.26)
[STDERR  ] 2017-12-05T16:14:26.308460022Z: [    5.108009] SGI XFS with ACLs, security attributes, no debug enabled
[STDERR  ] 2017-12-05T16:14:26.308469595Z: [    5.112647] 9p: Installing v9fs 9p2000 file system support
[STDERR  ] 2017-12-05T16:14:26.308479134Z: [    5.113196] FS-Cache: Netfs '9p' registered for caching
[STDERR  ] 2017-12-05T16:14:26.308488579Z: [    5.145783] NET: Registered protocol family 38
[STDERR  ] 2017-12-05T16:14:26.308497752Z: [    5.146425] Key type asymmetric registered
[STDERR  ] 2017-12-05T16:14:26.308506825Z: [    5.146851] Asymmetric key parser 'x509' registered
[STDERR  ] 2017-12-05T16:14:26.308516354Z: [    5.147970] Block layer SCSI generic (bsg) driver version 0.4 loaded (major 251)
[STDERR  ] 2017-12-05T16:14:26.308525869Z: [    5.149828] io scheduler noop registered
[STDERR  ] 2017-12-05T16:14:26.308534937Z: [    5.151609] io scheduler deadline registered (default)
[STDERR  ] 2017-12-05T16:14:26.308544999Z: [    5.153570] io scheduler cfq registered
[STDERR  ] 2017-12-05T16:14:26.308554247Z: [    5.156931] pci_hotplug: PCI Hot Plug PCI Core version: 0.5
[STDERR  ] 2017-12-05T16:14:26.308564059Z: [    5.157600] pciehp: PCI Express Hot Plug Controller Driver version: 0.4
[STDERR  ] 2017-12-05T16:14:26.308574518Z: [    5.158491] shpchp: Standard Hot Plug PCI Controller Driver version: 0.4
[STDERR  ] 2017-12-05T16:14:26.308583628Z: [    5.159311] hv_vmbus: registering driver hyperv_fb
[STDERR  ] 2017-12-05T16:14:26.308592804Z: [    5.163560] input: Power Button as /devices/LNXSYSTM:00/LNXPWRBN:00/input/input0
[STDERR  ] 2017-12-05T16:14:26.308602185Z: [    5.164758] ACPI: Power Button [PWRF]
[STDERR  ] 2017-12-05T16:14:26.308612509Z: [    5.169622] GHES: HEST is not enabled!
[STDERR  ] 2017-12-05T16:14:26.308622312Z: [    5.181386] ACPI: PCI Interrupt Link [GSIG] enabled at IRQ 22
[STDERR  ] 2017-12-05T16:14:26.308631747Z: [    5.194284] ACPI: PCI Interrupt Link [GSIH] enabled at IRQ 23
[STDERR  ] 2017-12-05T16:14:26.308641252Z: [    5.198507] xenfs: not registering filesystem on non-xen platform
[STDERR  ] 2017-12-05T16:14:26.308650538Z: [    5.201260] Serial: 8250/16550 driver, 4 ports, IRQ sharing disabled
[STDERR  ] 2017-12-05T16:14:26.308660402Z: [    5.226195] 00:04: ttyS0 at I/O 0x3f8 (irq = 4, base_baud = 115200) is a 16550A
[STDERR  ] 2017-12-05T16:14:26.308670044Z: [    5.238805] Non-volatile memory driver v1.3
[STDERR  ] 2017-12-05T16:14:26.308678988Z: [    5.245302] Hangcheck: starting hangcheck timer 0.9.1 (tick is 180 seconds, margin is 60 seconds).
[STDERR  ] 2017-12-05T16:14:26.308688651Z: [    5.250837] random: fast init done
[STDERR  ] 2017-12-05T16:14:26.308698189Z: [    5.252106] random: crng init done
[STDERR  ] 2017-12-05T16:14:26.308707175Z: [    5.286797] loop: module loaded
[STDERR  ] 2017-12-05T16:14:26.308716321Z: [    5.303078] nbd: registered device at major 43
[STDERR  ] 2017-12-05T16:14:26.308726378Z: [    5.345848] lpc_ich 0000:00:1f.0: I/O space for GPIO uninitialized
[STDERR  ] 2017-12-05T16:14:26.308747058Z: [    5.348242] VMware PVSCSI driver - version 1.0.7.0-k
[STDERR  ] 2017-12-05T16:14:26.308757732Z: [    5.349212] hv_vmbus: registering driver hv_storvsc
[STDERR  ] 2017-12-05T16:14:26.308768251Z: [    5.359792] ACPI: PCI Interrupt Link [GSIA] enabled at IRQ 16
[STDERR  ] 2017-12-05T16:14:26.308778341Z: [    5.368303] ahci 0000:00:1f.2: AHCI 0001.0000 32 slots 6 ports 1.5 Gbps 0x3f impl SATA mode
[STDERR  ] 2017-12-05T16:14:26.308787844Z: [    5.369141] ahci 0000:00:1f.2: flags: 64bit ncq only 
[STDERR  ] 2017-12-05T16:14:26.308796935Z: [    5.390028] scsi host0: ahci
[STDERR  ] 2017-12-05T16:14:26.308806008Z: [    5.395624] scsi host1: ahci
[STDERR  ] 2017-12-05T16:14:26.308815371Z: [    5.398054] scsi host2: ahci
[STDERR  ] 2017-12-05T16:14:26.308823685Z: [    5.400580] scsi host3: ahci
[STDERR  ] 2017-12-05T16:14:26.308832582Z: [    5.402828] scsi host4: ahci
[STDERR  ] 2017-12-05T16:14:26.308841661Z: [    5.405042] scsi host5: ahci
[STDERR  ] 2017-12-05T16:14:26.308851014Z: [    5.406857] ata1: SATA max UDMA/133 abar m4096@0xfebd2000 port 0xfebd2100 irq 24
[STDERR  ] 2017-12-05T16:14:26.308859942Z: [    5.407426] ata2: SATA max UDMA/133 abar m4096@0xfebd2000 port 0xfebd2180 irq 24
[STDERR  ] 2017-12-05T16:14:26.308868992Z: [    5.407913] ata3: SATA max UDMA/133 abar m4096@0xfebd2000 port 0xfebd2200 irq 24
[STDERR  ] 2017-12-05T16:14:26.308878072Z: [    5.408377] ata4: SATA max UDMA/133 abar m4096@0xfebd2000 port 0xfebd2280 irq 24
[STDERR  ] 2017-12-05T16:14:26.308887382Z: [    5.408871] ata5: SATA max UDMA/133 abar m4096@0xfebd2000 port 0xfebd2300 irq 24
[STDERR  ] 2017-12-05T16:14:26.308896899Z: [    5.409353] ata6: SATA max UDMA/133 abar m4096@0xfebd2000 port 0xfebd2380 irq 24
[STDERR  ] 2017-12-05T16:14:26.308907161Z: [    5.422921] tun: Universal TUN/TAP device driver, 1.6
[STDERR  ] 2017-12-05T16:14:26.308920539Z: [    5.423302] tun: (C) 1999-2004 Max Krasnyansky <maxk@qualcomm.com>
[STDERR  ] 2017-12-05T16:14:26.308931027Z: [    5.433852] VMware vmxnet3 virtual NIC driver - version 1.4.a.0-k-NAPI
[STDERR  ] 2017-12-05T16:14:26.308940202Z: [    5.434771] hv_vmbus: registering driver hv_netvsc
[STDERR  ] 2017-12-05T16:14:26.308949835Z: [    5.435149] Fusion MPT base driver 3.04.20
[STDERR  ] 2017-12-05T16:14:26.308959907Z: [    5.435450] Copyright (c) 1999-2008 LSI Corporation
[STDERR  ] 2017-12-05T16:14:26.308969711Z: [    5.436098] Fusion MPT SPI Host driver 3.04.20
[STDERR  ] 2017-12-05T16:14:26.308979418Z: [    5.438143] i8042: PNP: PS/2 Controller [PNP0303:KBD,PNP0f13:MOU] at 0x60,0x64 irq 1,12
[STDERR  ] 2017-12-05T16:14:26.308989005Z: [    5.442593] serio: i8042 KBD port at 0x60,0x64 irq 1
[STDERR  ] 2017-12-05T16:14:26.308999095Z: [    5.443306] serio: i8042 AUX port at 0x60,0x64 irq 12
[STDERR  ] 2017-12-05T16:14:26.309008124Z: [    5.446370] hv_vmbus: registering driver hyperv_keyboard
[STDERR  ] 2017-12-05T16:14:26.309018294Z: [    5.449202] mousedev: PS/2 mouse device common for all mice
[STDERR  ] 2017-12-05T16:14:26.309028418Z: [    5.454410] input: AT Translated Set 2 keyboard as /devices/platform/i8042/serio0/input/input1
[STDERR  ] 2017-12-05T16:14:26.309038054Z: [    5.457453] input: PC Speaker as /devices/platform/pcspkr/input/input2
[STDERR  ] 2017-12-05T16:14:26.309048505Z: [    5.461411] rtc_cmos 00:00: RTC can wake from S4
[STDERR  ] 2017-12-05T16:14:26.309058439Z: [    5.464673] rtc_cmos 00:00: rtc core: registered rtc_cmos as rtc0
[STDERR  ] 2017-12-05T16:14:26.309067778Z: [    5.466121] rtc_cmos 00:00: alarms up to one day, y3k, 114 bytes nvram, hpet irqs
[STDERR  ] 2017-12-05T16:14:26.309077207Z: [    5.466883] i2c /dev entries driver
[STDERR  ] 2017-12-05T16:14:26.309086906Z: [    5.468845] device-mapper: ioctl: 4.35.0-ioctl (2016-06-23) initialised: dm-devel@redhat.com
[STDERR  ] 2017-12-05T16:14:26.309095865Z: [    5.473893] usbcore: registered new interface driver usbhid
[STDERR  ] 2017-12-05T16:14:26.309104873Z: [    5.474310] usbhid: USB HID core driver
[STDERR  ] 2017-12-05T16:14:26.309113199Z: [    5.474993] hv_utils: Registering HyperV Utility Driver
[STDERR  ] 2017-12-05T16:14:26.309134Z: [    5.475332] hv_vmbus: registering driver hv_util
[STDERR  ] 2017-12-05T16:14:26.309143996Z: [    5.475606] hv_vmbus: registering driver hv_balloon
[STDERR  ] 2017-12-05T16:14:26.309153663Z: [    5.476201] oprofile: using NMI interrupt.
[STDERR  ] 2017-12-05T16:14:26.30916331Z: [    5.477366] GACT probability on
[STDERR  ] 2017-12-05T16:14:26.309173392Z: [    5.477846] Mirror/redirect action on
[STDERR  ] 2017-12-05T16:14:26.309183229Z: [    5.478803] Simple TC action Loaded
[STDERR  ] 2017-12-05T16:14:26.309192516Z: [    5.479504] u32 classifier
[STDERR  ] 2017-12-05T16:14:26.309201978Z: [    5.479688]     Performance counters on
[STDERR  ] 2017-12-05T16:14:26.309211349Z: [    5.479949]     input device check on
[STDERR  ] 2017-12-05T16:14:26.309220476Z: [    5.480628]     Actions configured
[STDERR  ] 2017-12-05T16:14:26.309266263Z: [    5.481632] Netfilter messages via NETLINK v0.30.
[STDERR  ] 2017-12-05T16:14:26.309277889Z: [    5.482277] nfnl_acct: registering with nfnetlink.
[STDERR  ] 2017-12-05T16:14:26.309287625Z: [    5.483696] nf_conntrack version 0.5.0 (8192 buckets, 32768 max)
[STDERR  ] 2017-12-05T16:14:26.309297329Z: [    5.486811] ctnetlink v0.93: registering with nfnetlink.
[STDERR  ] 2017-12-05T16:14:26.309306875Z: [    5.489802] nf_tables: (c) 2007-2009 Patrick McHardy <kaber@trash.net>
[STDERR  ] 2017-12-05T16:14:26.30931669Z: [    5.491125] nf_tables_compat: (c) 2012 Pablo Neira Ayuso <pablo@netfilter.org>
[STDERR  ] 2017-12-05T16:14:26.30932707Z: [    5.493485] xt_time: kernel timezone is -0000
[STDERR  ] 2017-12-05T16:14:26.309336892Z: [    5.494093] ip_set: protocol 6
[STDERR  ] 2017-12-05T16:14:26.309346166Z: [    5.494787] IPVS: Registered protocols (TCP, UDP, SCTP, AH, ESP)
[STDERR  ] 2017-12-05T16:14:26.309355395Z: [    5.495569] IPVS: Connection hash table configured (size=4096, memory=64Kbytes)
[STDERR  ] 2017-12-05T16:14:26.309365083Z: [    5.497497] IPVS: Creating netns size=2104 id=0
[STDERR  ] 2017-12-05T16:14:26.309376059Z: [    5.500808] IPVS: ipvs loaded.
[STDERR  ] 2017-12-05T16:14:26.30938553Z: [    5.501243] IPVS: [rr] scheduler registered.
[STDERR  ] 2017-12-05T16:14:26.30939536Z: [    5.501600] IPVS: [wrr] scheduler registered.
[STDERR  ] 2017-12-05T16:14:26.309405023Z: [    5.501882] IPVS: [lc] scheduler registered.
[STDERR  ] 2017-12-05T16:14:26.30941446Z: [    5.502185] IPVS: [wlc] scheduler registered.
[STDERR  ] 2017-12-05T16:14:26.309423723Z: [    5.502499] IPVS: [fo] scheduler registered.
[STDERR  ] 2017-12-05T16:14:26.30943306Z: [    5.502837] IPVS: [ovf] scheduler registered.
[STDERR  ] 2017-12-05T16:14:26.309442442Z: [    5.503361] IPVS: [lblc] scheduler registered.
[STDERR  ] 2017-12-05T16:14:26.309451705Z: [    5.503817] IPVS: [lblcr] scheduler registered.
[STDERR  ] 2017-12-05T16:14:26.309461759Z: [    5.504184] IPVS: [dh] scheduler registered.
[STDERR  ] 2017-12-05T16:14:26.309471149Z: [    5.504483] IPVS: [sh] scheduler registered.
[STDERR  ] 2017-12-05T16:14:26.30948142Z: [    5.504832] IPVS: [sed] scheduler registered.
[STDERR  ] 2017-12-05T16:14:26.309491309Z: [    5.505185] IPVS: [nq] scheduler registered.
[STDERR  ] 2017-12-05T16:14:26.309501942Z: [    5.506046] IPVS: ftp: loaded support on port[0] = 21
[STDERR  ] 2017-12-05T16:14:26.309511475Z: [    5.507045] ipip: IPv4 and MPLS over IPv4 tunneling driver
[STDERR  ] 2017-12-05T16:14:26.309521809Z: [    5.511763] gre: GRE over IPv4 demultiplexor driver
[STDERR  ] 2017-12-05T16:14:26.309528152Z: [    5.514496] ip_tables: (C) 2000-2006 Netfilter Core Team
[STDERR  ] 2017-12-05T16:14:26.309534256Z: [    5.517764] ipt_CLUSTERIP: ClusterIP Version 0.8 loaded successfully
[STDERR  ] 2017-12-05T16:14:26.309540289Z: [    5.518614] arp_tables: arp_tables: (C) 2002 David S. Miller
[STDERR  ] 2017-12-05T16:14:26.309546303Z: [    5.521519] NET: Registered protocol family 10
[STDERR  ] 2017-12-05T16:14:26.30955215Z: [    5.531445] ip6_tables: (C) 2000-2006 Netfilter Core Team
[STDERR  ] 2017-12-05T16:14:26.309557639Z: [    5.539622] NET: Registered protocol family 17
[STDERR  ] 2017-12-05T16:14:26.309575425Z: [    5.541336] Bridge firewalling registered
[STDERR  ] 2017-12-05T16:14:26.309586115Z: [    5.541967] Ebtables v2.0 registered
[STDERR  ] 2017-12-05T16:14:26.309596605Z: [    5.544048] 8021q: 802.1Q VLAN Support v1.8
[STDERR  ] 2017-12-05T16:14:26.309606319Z: [    5.545709] 9pnet: Installing 9P2000 support
[STDERR  ] 2017-12-05T16:14:26.309615573Z: [    5.547289] Key type dns_resolver registered
[STDERR  ] 2017-12-05T16:14:26.309624936Z: [    5.548310] microcode: AMD CPU family 0x6 not supported
[STDERR  ] 2017-12-05T16:14:26.309634622Z: [    5.552694] registered taskstats version 1
[STDERR  ] 2017-12-05T16:14:26.309643789Z: [    5.725209] Key type big_key registered
[STDERR  ] 2017-12-05T16:14:26.309657222Z: [    5.745881] ata2: SATA link down (SStatus 0 SControl 300)
[STDERR  ] 2017-12-05T16:14:26.309667583Z: [    5.748869] ata1: SATA link down (SStatus 0 SControl 300)
[STDERR  ] 2017-12-05T16:14:26.309677683Z: [    5.750934] ata6: SATA link down (SStatus 0 SControl 300)
[STDERR  ] 2017-12-05T16:14:26.309687568Z: [    5.751593] ata5: SATA link down (SStatus 0 SControl 300)
[STDERR  ] 2017-12-05T16:14:26.309697209Z: [    5.752160] ata4: SATA link down (SStatus 0 SControl 300)
[STDERR  ] 2017-12-05T16:14:26.309707319Z: [    5.753004] ata3: SATA link up 1.5 Gbps (SStatus 113 SControl 300)
[STDERR  ] 2017-12-05T16:14:26.309716878Z: [    5.756650] ata3.00: ATAPI: QEMU DVD-ROM, 2.5+, max UDMA/100
[STDERR  ] 2017-12-05T16:14:26.309726109Z: [    5.757226] ata3.00: applying bridge limits
[STDERR  ] 2017-12-05T16:14:26.309734928Z: [    5.759864] ata3.00: configured for UDMA/100
[STDERR  ] 2017-12-05T16:14:26.309744605Z: [    5.786554] scsi 2:0:0:0: CD-ROM            QEMU     QEMU DVD-ROM     2.5+ PQ: 0 ANSI: 5
[STDERR  ] 2017-12-05T16:14:26.309754379Z: [    5.823150] sr 2:0:0:0: [sr0] scsi3-mmc drive: 4x/4x cd/rw xa/form2 tray
[STDERR  ] 2017-12-05T16:14:26.30976407Z: [    5.823985] cdrom: Uniform CD-ROM driver Revision: 3.20
[STDERR  ] 2017-12-05T16:14:26.309772906Z: [    5.841129] sr 2:0:0:0: Attached scsi generic sg0 type 5
[STDERR  ] 2017-12-05T16:14:26.309782756Z: [    5.889378] Key type encrypted registered
[STDERR  ] 2017-12-05T16:14:26.309792583Z: [    5.895696] rtc_cmos 00:00: setting system clock to 2017-12-05 16:14:01 UTC (1512490441)
[STDERR  ] 2017-12-05T16:14:26.309802498Z: [    6.036941] Freeing unused kernel memory: 1380K
[STDERR  ] 2017-12-05T16:14:26.309811836Z: [    6.037518] Write protecting the kernel read-only data: 12288k
[STDERR  ] 2017-12-05T16:14:26.309821575Z: [    6.045239] Freeing unused kernel memory: 128K
[STDERR  ] 2017-12-05T16:14:26.309830965Z: [    6.148110] Freeing unused kernel memory: 1396K
[STDERR  ] 2017-12-05T16:14:26.309840192Z: [    6.148957] tsc: Refined TSC clocksource calibration: 2600.001 MHz
[STDERR  ] 2017-12-05T16:14:26.309849935Z: [    6.149564] clocksource: tsc: mask: 0xffffffffffffffff max_cycles: 0x257a3ce1c4c, max_idle_ns: 440795206275 ns
[STDERR  ] 2017-12-05T16:14:26.30985992Z: [    7.162301] clocksource: Switched to clocksource tsc
[STDERR  ] 2017-12-05T16:14:26.309870003Z: 
[STDERR  ] 2017-12-05T16:14:26.309879872Z: Welcome to LinuxKit
[STDERR  ] 2017-12-05T16:14:26.309889212Z: 
[STDERR  ] 2017-12-05T16:14:26.30989839Z:                         ##         .
[STDERR  ] 2017-12-05T16:14:26.309907746Z:                   ## ## ##        ==
[STDERR  ] 2017-12-05T16:14:26.309917816Z:                ## ## ## ## ##    ===
[STDERR  ] 2017-12-05T16:14:26.30992721Z:            /"""""""""""""""""\___/ ===
[STDERR  ] 2017-12-05T16:14:26.309936803Z:           {                       /  ===-
[STDERR  ] 2017-12-05T16:14:26.309945776Z:            \______ O           __/
[STDERR  ] 2017-12-05T16:14:26.30995588Z:              \    \         __/
[STDERR  ] 2017-12-05T16:14:26.309965522Z:               \____\_______/
[STDERR  ] 2017-12-05T16:14:26.309975053Z: 
[STDERR  ] 2017-12-05T16:14:26.30998795Z: sysctl test suite PASSED
[STDERR  ] 2017-12-05T16:14:26.309997376Z: [   29.719433] ACPI: Preparing to enter system sleep state S5
[STDERR  ] 2017-12-05T16:14:26.310018202Z: [   29.721838] reboot: Power down
[STDERR  ] 2017-12-05T16:14:26.310028682Z: + echo [    0.000000] Linux version 4.9.66-linuxkit (root@31ee3cd32651) (gcc version 6.3.0 (Alpine 6.3.0) ) #1 SMP Fri Dec 1 11:24:49 UTC 2017
[STDERR  ] 2017-12-05T16:14:26.310040068Z: [    0.000000] Command line: console=ttyS0 page_poison=1
[STDERR  ] 2017-12-05T16:14:26.310049943Z: [    0.000000] x86/fpu: Legacy x87 FPU detected.
[STDERR  ] 2017-12-05T16:14:26.31005912Z: [    0.000000] x86/fpu: Using 'eager' FPU context switches.
[STDERR  ] 2017-12-05T16:14:26.310068506Z: [    0.000000] e820: BIOS-provided physical RAM map:
[STDERR  ] 2017-12-05T16:14:26.310077816Z: [    0.000000] BIOS-e820: [mem 0x0000000000000000-0x000000000009fbff] usable
[STDERR  ] 2017-12-05T16:14:26.31008774Z: [    0.000000] BIOS-e820: [mem 0x000000000009fc00-0x000000000009ffff] reserved
[STDERR  ] 2017-12-05T16:14:26.31009703Z: [    0.000000] BIOS-e820: [mem 0x00000000000f0000-0x00000000000fffff] reserved
[STDERR  ] 2017-12-05T16:14:26.310106586Z: [    0.000000] BIOS-e820: [mem 0x0000000000100000-0x000000003ffdefff] usable
[STDERR  ] 2017-12-05T16:14:26.31011611Z: [    0.000000] BIOS-e820: [mem 0x000000003ffdf000-0x000000003fffffff] reserved
[STDERR  ] 2017-12-05T16:14:26.310125706Z: [    0.000000] BIOS-e820: [mem 0x00000000b0000000-0x00000000bfffffff] reserved
[STDERR  ] 2017-12-05T16:14:26.310136035Z: [    0.000000] BIOS-e820: [mem 0x00000000fed1c000-0x00000000fed1ffff] reserved
[STDERR  ] 2017-12-05T16:14:26.310145623Z: [    0.000000] BIOS-e820: [mem 0x00000000fffc0000-0x00000000ffffffff] reserved
[STDERR  ] 2017-12-05T16:14:26.310154876Z: [    0.000000] NX (Execute Disable) protection: active
[STDERR  ] 2017-12-05T16:14:26.310164223Z: [    0.000000] SMBIOS 2.8 present.
[STDERR  ] 2017-12-05T16:14:26.310173879Z: [    0.000000] e820: last_pfn = 0x3ffdf max_arch_pfn = 0x400000000
[STDERR  ] 2017-12-05T16:14:26.310183622Z: [    0.000000] x86/PAT: Configuration [0-7]: WB  WC  UC- UC  WB  WC  UC- WT  
[STDERR  ] 2017-12-05T16:14:26.310193288Z: [    0.000000] found SMP MP-table at [mem 0x000f6aa0-0x000f6aaf] mapped at [ffff97cb400f6aa0]
[STDERR  ] 2017-12-05T16:14:26.310202839Z: [    0.000000] RAMDISK: [mem 0x3e77b000-0x3ffcffff]
[STDERR  ] 2017-12-05T16:14:26.310212315Z: [    0.000000] ACPI: Early table checksum verification disabled
[STDERR  ] 2017-12-05T16:14:26.31022244Z: [    0.000000] ACPI: RSDP 0x00000000000F68C0 000014 (v00 BOCHS )
[STDERR  ] 2017-12-05T16:14:26.310238972Z: [    0.000000] ACPI: RSDT 0x000000003FFE2404 000034 (v01 BOCHS  BXPCRSDT 00000001 BXPC 00000001)
[STDERR  ] 2017-12-05T16:14:26.310248713Z: [    0.000000] ACPI: FACP 0x000000003FFE22A4 000074 (v01 BOCHS  BXPCFACP 00000001 BXPC 00000001)
[STDERR  ] 2017-12-05T16:14:26.310261339Z: [    0.000000] ACPI: DSDT 0x000000003FFE0040 002264 (v01 BOCHS  BXPCDSDT 00000001 BXPC 00000001)
[STDERR  ] 2017-12-05T16:14:26.310271535Z: [    0.000000] ACPI: FACS 0x000000003FFE0000 000040
[STDERR  ] 2017-12-05T16:14:26.310280999Z: [    0.000000] ACPI: APIC 0x000000003FFE2318 000078 (v01 BOCHS  BXPCAPIC 00000001 BXPC 00000001)
[STDERR  ] 2017-12-05T16:14:26.31029001Z: [    0.000000] ACPI: HPET 0x000000003FFE2390 000038 (v01 BOCHS  BXPCHPET 00000001 BXPC 00000001)
[STDERR  ] 2017-12-05T16:14:26.310296063Z: [    0.000000] ACPI: MCFG 0x000000003FFE23C8 00003C (v01 BOCHS  BXPCMCFG 00000001 BXPC 00000001)
[STDERR  ] 2017-12-05T16:14:26.310301524Z: [    0.000000] Zone ranges:
[STDERR  ] 2017-12-05T16:14:26.310310257Z: [    0.000000]   DMA      [mem 0x0000000000001000-0x0000000000ffffff]
[STDERR  ] 2017-12-05T16:14:26.310316573Z: [    0.000000]   DMA32    [mem 0x0000000001000000-0x000000003ffdefff]
[STDERR  ] 2017-12-05T16:14:26.31032229Z: [    0.000000]   Normal   empty
[STDERR  ] 2017-12-05T16:14:26.310328684Z: [    0.000000] Movable zone start for each node
[STDERR  ] 2017-12-05T16:14:26.310335103Z: [    0.000000] Early memory node ranges
[STDERR  ] 2017-12-05T16:14:26.310344616Z: [    0.000000]   node   0: [mem 0x0000000000001000-0x000000000009efff]
[STDERR  ] 2017-12-05T16:14:26.310364727Z: [    0.000000]   node   0: [mem 0x0000000000100000-0x000000003ffdefff]
[STDERR  ] 2017-12-05T16:14:26.310374583Z: [    0.000000] Initmem setup node 0 [mem 0x0000000000001000-0x000000003ffdefff]
[STDERR  ] 2017-12-05T16:14:26.310384987Z: [    0.000000] ACPI: PM-Timer IO Port: 0x608
[STDERR  ] 2017-12-05T16:14:26.310394337Z: [    0.000000] ACPI: LAPIC_NMI (acpi_id[0xff] dfl dfl lint[0x1])
[STDERR  ] 2017-12-05T16:14:26.310403846Z: [    0.000000] IOAPIC[0]: apic_id 0, version 32, address 0xfec00000, GSI 0-23
[STDERR  ] 2017-12-05T16:14:26.310412889Z: [    0.000000] ACPI: INT_SRC_OVR (bus 0 bus_irq 0 global_irq 2 dfl dfl)
[STDERR  ] 2017-12-05T16:14:26.310422036Z: [    0.000000] ACPI: INT_SRC_OVR (bus 0 bus_irq 5 global_irq 5 high level)
[STDERR  ] 2017-12-05T16:14:26.310430881Z: [    0.000000] ACPI: INT_SRC_OVR (bus 0 bus_irq 9 global_irq 9 high level)
[STDERR  ] 2017-12-05T16:14:26.310440396Z: [    0.000000] ACPI: INT_SRC_OVR (bus 0 bus_irq 10 global_irq 10 high level)
[STDERR  ] 2017-12-05T16:14:26.31044955Z: [    0.000000] ACPI: INT_SRC_OVR (bus 0 bus_irq 11 global_irq 11 high level)
[STDERR  ] 2017-12-05T16:14:26.31045926Z: [    0.000000] Using ACPI (MADT) for SMP configuration information
[STDERR  ] 2017-12-05T16:14:26.310468616Z: [    0.000000] ACPI: HPET id: 0x8086a201 base: 0xfed00000
[STDERR  ] 2017-12-05T16:14:26.310478229Z: [    0.000000] smpboot: Allowing 1 CPUs, 0 hotplug CPUs
[STDERR  ] 2017-12-05T16:14:26.31048722Z: [    0.000000] e820: [mem 0x40000000-0xafffffff] available for PCI devices
[STDERR  ] 2017-12-05T16:14:26.310497224Z: [    0.000000] Booting paravirtualized kernel on bare hardware
[STDERR  ] 2017-12-05T16:14:26.31050632Z: [    0.000000] clocksource: refined-jiffies: mask: 0xffffffff max_cycles: 0xffffffff, max_idle_ns: 19112604462750000 ns
[STDERR  ] 2017-12-05T16:14:26.310518821Z: [    0.000000] setup_percpu: NR_CPUS:128 nr_cpumask_bits:128 nr_cpu_ids:1 nr_node_ids:1
[STDERR  ] 2017-12-05T16:14:26.310528086Z: [    0.000000] percpu: Embedded 35 pages/cpu @ffff97cb7e400000 s105048 r8192 d30120 u2097152
[STDERR  ] 2017-12-05T16:14:26.31053751Z: [    0.000000] Built 1 zonelists in Zone order, mobility grouping on.  Total pages: 257896
[STDERR  ] 2017-12-05T16:14:26.310546499Z: [    0.000000] Kernel command line: console=ttyS0 page_poison=1
[STDERR  ] 2017-12-05T16:14:26.310555693Z: [    0.000000] PID hash table entries: 4096 (order: 3, 32768 bytes)
[STDERR  ] 2017-12-05T16:14:26.310565611Z: [    0.000000] Dentry cache hash table entries: 131072 (order: 8, 1048576 bytes)
[STDERR  ] 2017-12-05T16:14:26.310575197Z: [    0.000000] Inode-cache hash table entries: 65536 (order: 7, 524288 bytes)
[STDERR  ] 2017-12-05T16:14:26.310584496Z: [    0.000000] Memory: 989264K/1048052K available (8047K kernel code, 1367K rwdata, 2700K rodata, 1380K init, 568K bss, 58788K reserved, 0K cma-reserved)
[STDERR  ] 2017-12-05T16:14:26.31059692Z: [    0.000000] Hierarchical RCU implementation.
[STDERR  ] 2017-12-05T16:14:26.310606901Z: [    0.000000] 	Build-time adjustment of leaf fanout to 64.
[STDERR  ] 2017-12-05T16:14:26.310618581Z: [    0.000000] 	RCU restricting CPUs from NR_CPUS=128 to nr_cpu_ids=1.
[STDERR  ] 2017-12-05T16:14:26.310627713Z: [    0.000000] RCU: Adjusting geometry for rcu_fanout_leaf=64, nr_cpu_ids=1
[STDERR  ] 2017-12-05T16:14:26.310637137Z: [    0.000000] NR_IRQS:8448 nr_irqs:256 16
[STDERR  ] 2017-12-05T16:14:26.310646253Z: [    0.000000] Console: colour VGA+ 80x25
[STDERR  ] 2017-12-05T16:14:26.31065538Z: [    0.000000] console [ttyS0] enabled
[STDERR  ] 2017-12-05T16:14:26.310664306Z: [    0.000000] allocated 2097152 bytes of page_ext
[STDERR  ] 2017-12-05T16:14:26.31067374Z: [    0.000000] clocksource: hpet: mask: 0xffffffff max_cycles: 0xffffffff, max_idle_ns: 19112604467 ns
[STDERR  ] 2017-12-05T16:14:26.310683546Z: [    0.000000] tsc: Fast TSC calibration using PIT
[STDERR  ] 2017-12-05T16:14:26.310692913Z: [    0.000000] tsc: Detected 2599.994 MHz processor
[STDERR  ] 2017-12-05T16:14:26.310702003Z: [    0.022282] Calibrating delay loop (skipped), value calculated using timer frequency.. 5199.98 BogoMIPS (lpj=25999940)
[STDERR  ] 2017-12-05T16:14:26.310720191Z: [    0.030608] pid_max: default: 32768 minimum: 301
[STDERR  ] 2017-12-05T16:14:26.310729517Z: [    0.031747] ACPI: Core revision 20160831
[STDERR  ] 2017-12-05T16:14:26.310738706Z: [    0.075083] ACPI: 1 ACPI AML tables successfully acquired and loaded
[STDERR  ] 2017-12-05T16:14:26.310748717Z: [    0.080319] Security Framework initialized
[STDERR  ] 2017-12-05T16:14:26.31075827Z: [    0.080803] Yama: becoming mindful.
[STDERR  ] 2017-12-05T16:14:26.310768014Z: [    0.082835] Mount-cache hash table entries: 2048 (order: 2, 16384 bytes)
[STDERR  ] 2017-12-05T16:14:26.310777971Z: [    0.083435] Mountpoint-cache hash table entries: 2048 (order: 2, 16384 bytes)
[STDERR  ] 2017-12-05T16:14:26.310787504Z: [    0.103063] Last level iTLB entries: 4KB 0, 2MB 0, 4MB 0
[STDERR  ] 2017-12-05T16:14:26.310797049Z: [    0.103729] Last level dTLB entries: 4KB 0, 2MB 0, 4MB 0, 1GB 0
[STDERR  ] 2017-12-05T16:14:26.310806356Z: [    0.430718] Freeing SMP alternatives memory: 20K
[STDERR  ] 2017-12-05T16:14:26.310815289Z: [    0.441528] ftrace: allocating 35538 entries in 139 pages
[STDERR  ] 2017-12-05T16:14:26.310824826Z: [    0.600693] smpboot: Max logical packages: 1
[STDERR  ] 2017-12-05T16:14:26.310834231Z: [    0.607734] ..TIMER: vector=0x30 apic1=0 pin1=2 apic2=-1 pin2=-1
[STDERR  ] 2017-12-05T16:14:26.310843771Z: [    0.710000] smpboot: CPU0: AMD QEMU Virtual CPU version 2.5+ (family: 0x6, model: 0x6, stepping: 0x3)
[STDERR  ] 2017-12-05T16:14:26.310853626Z: [    0.710000] Performance Events: PMU not available due to virtualization, using software events only.
[STDERR  ] 2017-12-05T16:14:26.310862727Z: [    0.719242] NMI watchdog: disabled (cpu0): hardware events not enabled
[STDERR  ] 2017-12-05T16:14:26.310875051Z: [    0.719737] NMI watchdog: Shutting down hard lockup detector on all cpus
[STDERR  ] 2017-12-05T16:14:26.310884441Z: [    0.724042] x86: Booted up 1 node, 1 CPUs
[STDERR  ] 2017-12-05T16:14:26.310893673Z: [    0.724496] smpboot: Total of 1 processors activated (5199.98 BogoMIPS)
[STDERR  ] 2017-12-05T16:14:26.31090339Z: [    0.738971] devtmpfs: initialized
[STDERR  ] 2017-12-05T16:14:26.310913443Z: [    0.744144] x86/mm: Memory block size: 128MB
[STDERR  ] 2017-12-05T16:14:26.310922794Z: [    0.804689] clocksource: jiffies: mask: 0xffffffff max_cycles: 0xffffffff, max_idle_ns: 19112604462750000 ns
[STDERR  ] 2017-12-05T16:14:26.310932531Z: [    0.805723] futex hash table entries: 256 (order: 2, 16384 bytes)
[STDERR  ] 2017-12-05T16:14:26.310941757Z: [    0.815910] NET: Registered protocol family 16
[STDERR  ] 2017-12-05T16:14:26.310951063Z: [    0.825244] cpuidle: using governor ladder
[STDERR  ] 2017-12-05T16:14:26.310960081Z: [    0.825781] cpuidle: using governor menu
[STDERR  ] 2017-12-05T16:14:26.310969164Z: [    0.826924] ACPI: bus type PCI registered
[STDERR  ] 2017-12-05T16:14:26.310978314Z: [    0.829741] PCI: MMCONFIG for domain 0000 [bus 00-ff] at [mem 0xb0000000-0xbfffffff] (base 0xb0000000)
[STDERR  ] 2017-12-05T16:14:26.31098817Z: [    0.830315] PCI: MMCONFIG at [mem 0xb0000000-0xbfffffff] reserved in E820
[STDERR  ] 2017-12-05T16:14:26.310997693Z: [    0.831738] PCI: Using configuration type 1 for base access
[STDERR  ] 2017-12-05T16:14:26.311007794Z: [    0.887923] HugeTLB registered 2 MB page size, pre-allocated 0 pages
[STDERR  ] 2017-12-05T16:14:26.311017276Z: [    0.902919] ACPI: Added _OSI(Module Device)
[STDERR  ] 2017-12-05T16:14:26.311026419Z: [    0.903299] ACPI: Added _OSI(Processor Device)
[STDERR  ] 2017-12-05T16:14:26.311035983Z: [    0.903658] ACPI: Added _OSI(3.0 _SCP Extensions)
[STDERR  ] 2017-12-05T16:14:26.311045119Z: [    0.904008] ACPI: Added _OSI(Processor Aggregator Device)
[STDERR  ] 2017-12-05T16:14:26.311054911Z: [    0.976115] ACPI: Interpreter enabled
[STDERR  ] 2017-12-05T16:14:26.311064707Z: [    0.977205] ACPI: (supports S0 S5)
[STDERR  ] 2017-12-05T16:14:26.311073904Z: [    0.977548] ACPI: Using IOAPIC for interrupt routing
[STDERR  ] 2017-12-05T16:14:26.311087806Z: [    0.980668] PCI: Using host bridge windows from ACPI; if necessary, use "pci=nocrs" and report a bug
[STDERR  ] 2017-12-05T16:14:26.311102251Z: [    1.047522] ACPI: PCI Root Bridge [PCI0] (domain 0000 [bus 00-ff])
[STDERR  ] 2017-12-05T16:14:26.31111136Z: [    1.049177] acpi PNP0A08:00: _OSC: OS supports [ExtendedConfig ASPM ClockPM Segments MSI]
[STDERR  ] 2017-12-05T16:14:26.311120537Z: [    1.055925] acpi PNP0A08:00: _OSC: OS now controls [PCIeHotplug PME PCIeCapability]
[STDERR  ] 2017-12-05T16:14:26.311129879Z: [    1.059701] PCI host bridge to bus 0000:00
[STDERR  ] 2017-12-05T16:14:26.3111397Z: [    1.060322] pci_bus 0000:00: root bus resource [io  0x0000-0x0cf7 window]
[STDERR  ] 2017-12-05T16:14:26.311149777Z: [    1.060836] pci_bus 0000:00: root bus resource [io  0x0d00-0xffff window]
[STDERR  ] 2017-12-05T16:14:26.311159043Z: [    1.061311] pci_bus 0000:00: root bus resource [mem 0x000a0000-0x000bffff window]
[STDERR  ] 2017-12-05T16:14:26.311168133Z: [    1.061863] pci_bus 0000:00: root bus resource [mem 0xc0000000-0xfebfffff window]
[STDERR  ] 2017-12-05T16:14:26.311177313Z: [    1.062859] pci_bus 0000:00: root bus resource [bus 00-ff]
[STDERR  ] 2017-12-05T16:14:26.311186913Z: [    1.172693] pci 0000:00:1f.0: quirk: [io  0x0600-0x067f] claimed by ICH6 ACPI/GPIO/TCO
[STDERR  ] 2017-12-05T16:14:26.311196027Z: [    1.234074] ACPI: PCI Interrupt Link [LNKA] (IRQs 5 *10 11)
[STDERR  ] 2017-12-05T16:14:26.311205144Z: [    1.237176] ACPI: PCI Interrupt Link [LNKB] (IRQs 5 *10 11)
[STDERR  ] 2017-12-05T16:14:26.311215573Z: [    1.240501] ACPI: PCI Interrupt Link [LNKC] (IRQs 5 10 *11)
[STDERR  ] 2017-12-05T16:14:26.311225829Z: [    1.243128] ACPI: PCI Interrupt Link [LNKD] (IRQs 5 10 *11)
[STDERR  ] 2017-12-05T16:14:26.311241687Z: [    1.245177] ACPI: PCI Interrupt Link [LNKE] (IRQs 5 *10 11)
[STDERR  ] 2017-12-05T16:14:26.311253827Z: [    1.246995] ACPI: PCI Interrupt Link [LNKF] (IRQs 5 *10 11)
[STDERR  ] 2017-12-05T16:14:26.3112634Z: [    1.248813] ACPI: PCI Interrupt Link [LNKG] (IRQs 5 10 *11)
[STDERR  ] 2017-12-05T16:14:26.311272519Z: [    1.251540] ACPI: PCI Interrupt Link [LNKH] (IRQs 5 10 *11)
[STDERR  ] 2017-12-05T16:14:26.311281716Z: [    1.252592] ACPI: PCI Interrupt Link [GSIA] (IRQs *16)
[STDERR  ] 2017-12-05T16:14:26.311291201Z: [    1.253410] ACPI: PCI Interrupt Link [GSIB] (IRQs *17)
[STDERR  ] 2017-12-05T16:14:26.311300713Z: [    1.254203] ACPI: PCI Interrupt Link [GSIC] (IRQs *18)
[STDERR  ] 2017-12-05T16:14:26.311309753Z: [    1.255022] ACPI: PCI Interrupt Link [GSID] (IRQs *19)
[STDERR  ] 2017-12-05T16:14:26.31131879Z: [    1.255829] ACPI: PCI Interrupt Link [GSIE] (IRQs *20)
[STDERR  ] 2017-12-05T16:14:26.311328863Z: [    1.256616] ACPI: PCI Interrupt Link [GSIF] (IRQs *21)
[STDERR  ] 2017-12-05T16:14:26.311338501Z: [    1.257426] ACPI: PCI Interrupt Link [GSIG] (IRQs *22)
[STDERR  ] 2017-12-05T16:14:26.311347919Z: [    1.258200] ACPI: PCI Interrupt Link [GSIH] (IRQs *23)
[STDERR  ] 2017-12-05T16:14:26.311357003Z: [    1.262247] ACPI: Enabled 2 GPEs in block 00 to 3F
[STDERR  ] 2017-12-05T16:14:26.311366193Z: [    1.266851] SCSI subsystem initialized
[STDERR  ] 2017-12-05T16:14:26.31137601Z: [    1.269772] ACPI: bus type USB registered
[STDERR  ] 2017-12-05T16:14:26.311385203Z: [    1.270938] usbcore: registered new interface driver usbfs
[STDERR  ] 2017-12-05T16:14:26.311394204Z: [    1.271907] usbcore: registered new interface driver hub
[STDERR  ] 2017-12-05T16:14:26.311403209Z: [    1.272911] usbcore: registered new device driver usb
[STDERR  ] 2017-12-05T16:14:26.311412227Z: [    1.274626] pps_core: LinuxPPS API ver. 1 registered
[STDERR  ] 2017-12-05T16:14:26.311421119Z: [    1.274962] pps_core: Software ver. 5.3.6 - Copyright 2005-2007 Rodolfo Giometti <giometti@linux.it>
[STDERR  ] 2017-12-05T16:14:26.311430817Z: [    1.275731] PTP clock support registered
[STDERR  ] 2017-12-05T16:14:26.3114398Z: [    1.277059] wmi: Mapper loaded
[STDERR  ] 2017-12-05T16:14:26.311449841Z: [    1.278387] PCI: Using ACPI for IRQ routing
[STDERR  ] 2017-12-05T16:14:26.311459103Z: [    1.298239] NetLabel: Initializing
[STDERR  ] 2017-12-05T16:14:26.31147763Z: [    1.298489] NetLabel:  domain hash size = 128
[STDERR  ] 2017-12-05T16:14:26.311487281Z: [    1.298968] NetLabel:  protocols = UNLABELED CIPSOv4
[STDERR  ] 2017-12-05T16:14:26.311496671Z: [    1.302090] NetLabel:  unlabeled traffic allowed by default
[STDERR  ] 2017-12-05T16:14:26.311511227Z: [    1.303351] HPET: 3 timers in total, 0 timers will be used for per-cpu timer
[STDERR  ] 2017-12-05T16:14:26.311520775Z: [    1.304202] hpet0: at MMIO 0xfed00000, IRQs 2, 8, 0
[STDERR  ] 2017-12-05T16:14:26.311530145Z: [    1.304823] hpet0: 3 comparators, 64-bit 100.000000 MHz counter
[STDERR  ] 2017-12-05T16:14:26.311539258Z: [    1.309759] clocksource: Switched to clocksource hpet
[STDERR  ] 2017-12-05T16:14:26.31154838Z: [    1.588907] VFS: Disk quotas dquot_6.6.0
[STDERR  ] 2017-12-05T16:14:26.311557594Z: [    1.589716] VFS: Dquot-cache hash table entries: 512 (order 0, 4096 bytes)
[STDERR  ] 2017-12-05T16:14:26.311566801Z: [    1.593993] FS-Cache: Loaded
[STDERR  ] 2017-12-05T16:14:26.311576131Z: [    1.598910] CacheFiles: Loaded
[STDERR  ] 2017-12-05T16:14:26.311585747Z: [    1.600972] pnp: PnP ACPI init
[STDERR  ] 2017-12-05T16:14:26.311595024Z: [    1.612598] pnp: PnP ACPI: found 5 devices
[STDERR  ] 2017-12-05T16:14:26.311607337Z: [    1.663897] clocksource: acpi_pm: mask: 0xffffff max_cycles: 0xffffff, max_idle_ns: 2085701024 ns
[STDERR  ] 2017-12-05T16:14:26.311616631Z: [    1.668258] NET: Registered protocol family 2
[STDERR  ] 2017-12-05T16:14:26.311625637Z: [    1.676055] TCP established hash table entries: 8192 (order: 4, 65536 bytes)
[STDERR  ] 2017-12-05T16:14:26.311635214Z: [    1.676951] TCP bind hash table entries: 8192 (order: 5, 131072 bytes)
[STDERR  ] 2017-12-05T16:14:26.31164514Z: [    1.677710] TCP: Hash tables configured (established 8192 bind 8192)
[STDERR  ] 2017-12-05T16:14:26.311654851Z: [    1.679624] UDP hash table entries: 512 (order: 2, 16384 bytes)
[STDERR  ] 2017-12-05T16:14:26.311663942Z: [    1.680609] UDP-Lite hash table entries: 512 (order: 2, 16384 bytes)
[STDERR  ] 2017-12-05T16:14:26.311672918Z: [    1.683124] NET: Registered protocol family 1
[STDERR  ] 2017-12-05T16:14:26.311682562Z: [    1.684189] pci 0000:00:01.0: Video device with shadowed ROM at [mem 0x000c0000-0x000dffff]
[STDERR  ] 2017-12-05T16:14:26.31169183Z: [    1.692650] Unpacking initramfs...
[STDERR  ] 2017-12-05T16:14:26.311700935Z: [    5.034050] Freeing initrd memory: 24916K
[STDERR  ] 2017-12-05T16:14:26.311710075Z: [    5.073376] PCLMULQDQ-NI instructions are not detected.
[STDERR  ] 2017-12-05T16:14:26.311719231Z: [    5.075096] AVX or AES-NI instructions are not detected.
[STDERR  ] 2017-12-05T16:14:26.311728367Z: [    5.075610] CPU feature 'AVX registers' is not supported.
[STDERR  ] 2017-12-05T16:14:26.311737762Z: [    5.076081] CPU feature 'AVX registers' is not supported.
[STDERR  ] 2017-12-05T16:14:26.311746774Z: [    5.076542] CPU feature 'AVX registers' is not supported.
[STDERR  ] 2017-12-05T16:14:26.311756224Z: [    5.077033] CPU feature 'AVX registers' is not supported.
[STDERR  ] 2017-12-05T16:14:26.31176547Z: [    5.077527] AVX2 or AES-NI instructions are not detected.
[STDERR  ] 2017-12-05T16:14:26.311774535Z: [    5.077953] AVX2 instructions are not detected.
[STDERR  ] 2017-12-05T16:14:26.311783787Z: [    5.084461] audit: initializing netlink subsys (disabled)
[STDERR  ] 2017-12-05T16:14:26.31179284Z: [    5.086547] audit: type=2000 audit(1512490440.080:1): initialized
[STDERR  ] 2017-12-05T16:14:26.311802354Z: [    5.094628] workingset: timestamp_bits=46 max_order=18 bucket_order=0
[STDERR  ] 2017-12-05T16:14:26.31181148Z: [    5.102027] squashfs: version 4.0 (2009/01/31) Phillip Lougher
[STDERR  ] 2017-12-05T16:14:26.31182053Z: [    5.104553] FS-Cache: Netfs 'cifs' registered for caching
[STDERR  ] 2017-12-05T16:14:26.311829775Z: [    5.105601] fuse init (API version 7.26)
[STDERR  ] 2017-12-05T16:14:26.311838751Z: [    5.108009] SGI XFS with ACLs, security attributes, no debug enabled
[STDERR  ] 2017-12-05T16:14:26.311847758Z: [    5.112647] 9p: Installing v9fs 9p2000 file system support
[STDERR  ] 2017-12-05T16:14:26.311865764Z: [    5.113196] FS-Cache: Netfs '9p' registered for caching
[STDERR  ] 2017-12-05T16:14:26.311878178Z: [    5.145783] NET: Registered protocol family 38
[STDERR  ] 2017-12-05T16:14:26.311887314Z: [    5.146425] Key type asymmetric registered
[STDERR  ] 2017-12-05T16:14:26.311896231Z: [    5.146851] Asymmetric key parser 'x509' registered
[STDERR  ] 2017-12-05T16:14:26.311907637Z: [    5.147970] Block layer SCSI generic (bsg) driver version 0.4 loaded (major 251)
[STDERR  ] 2017-12-05T16:14:26.311916597Z: [    5.149828] io scheduler noop registered
[STDERR  ] 2017-12-05T16:14:26.311925675Z: [    5.151609] io scheduler deadline registered (default)
[STDERR  ] 2017-12-05T16:14:26.311934731Z: [    5.153570] io scheduler cfq registered
[STDERR  ] 2017-12-05T16:14:26.31194387Z: [    5.156931] pci_hotplug: PCI Hot Plug PCI Core version: 0.5
[STDERR  ] 2017-12-05T16:14:26.311953038Z: [    5.157600] pciehp: PCI Express Hot Plug Controller Driver version: 0.4
[STDERR  ] 2017-12-05T16:14:26.311962177Z: [    5.158491] shpchp: Standard Hot Plug PCI Controller Driver version: 0.4
[STDERR  ] 2017-12-05T16:14:26.31197218Z: [    5.159311] hv_vmbus: registering driver hyperv_fb
[STDERR  ] 2017-12-05T16:14:26.311981157Z: [    5.163560] input: Power Button as /devices/LNXSYSTM:00/LNXPWRBN:00/input/input0
[STDERR  ] 2017-12-05T16:14:26.311990454Z: [    5.164758] ACPI: Power Button [PWRF]
[STDERR  ] 2017-12-05T16:14:26.311999617Z: [    5.169622] GHES: HEST is not enabled!
[STDERR  ] 2017-12-05T16:14:26.312008494Z: [    5.181386] ACPI: PCI Interrupt Link [GSIG] enabled at IRQ 22
[STDERR  ] 2017-12-05T16:14:26.312017652Z: [    5.194284] ACPI: PCI Interrupt Link [GSIH] enabled at IRQ 23
[STDERR  ] 2017-12-05T16:14:26.312026664Z: [    5.198507] xenfs: not registering filesystem on non-xen platform
[STDERR  ] 2017-12-05T16:14:26.312035815Z: [    5.201260] Serial: 8250/16550 driver, 4 ports, IRQ sharing disabled
[STDERR  ] 2017-12-05T16:14:26.312045214Z: [    5.226195] 00:04: ttyS0 at I/O 0x3f8 (irq = 4, base_baud = 115200) is a 16550A
[STDERR  ] 2017-12-05T16:14:26.31205457Z: [    5.238805] Non-volatile memory driver v1.3
[STDERR  ] 2017-12-05T16:14:26.312063578Z: [    5.245302] Hangcheck: starting hangcheck timer 0.9.1 (tick is 180 seconds, margin is 60 seconds).
[STDERR  ] 2017-12-05T16:14:26.312073838Z: [    5.250837] random: fast init done
[STDERR  ] 2017-12-05T16:14:26.312082971Z: [    5.252106] random: crng init done
[STDERR  ] 2017-12-05T16:14:26.312092002Z: [    5.286797] loop: module loaded
[STDERR  ] 2017-12-05T16:14:26.312101661Z: [    5.303078] nbd: registered device at major 43
[STDERR  ] 2017-12-05T16:14:26.312110634Z: [    5.345848] lpc_ich 0000:00:1f.0: I/O space for GPIO uninitialized
[STDERR  ] 2017-12-05T16:14:26.312119697Z: [    5.348242] VMware PVSCSI driver - version 1.0.7.0-k
[STDERR  ] 2017-12-05T16:14:26.312128764Z: [    5.349212] hv_vmbus: registering driver hv_storvsc
[STDERR  ] 2017-12-05T16:14:26.31214016Z: [    5.359792] ACPI: PCI Interrupt Link [GSIA] enabled at IRQ 16
[STDERR  ] 2017-12-05T16:14:26.312149532Z: [    5.368303] ahci 0000:00:1f.2: AHCI 0001.0000 32 slots 6 ports 1.5 Gbps 0x3f impl SATA mode
[STDERR  ] 2017-12-05T16:14:26.312158885Z: [    5.369141] ahci 0000:00:1f.2: flags: 64bit ncq only 
[STDERR  ] 2017-12-05T16:14:26.312167802Z: [    5.390028] scsi host0: ahci
[STDERR  ] 2017-12-05T16:14:26.312174657Z: [    5.395624] scsi host1: ahci
[STDERR  ] 2017-12-05T16:14:26.31218301Z: [    5.398054] scsi host2: ahci
[STDERR  ] 2017-12-05T16:14:26.312188465Z: [    5.400580] scsi host3: ahci
[STDERR  ] 2017-12-05T16:14:26.312194271Z: [    5.402828] scsi host4: ahci
[STDERR  ] 2017-12-05T16:14:26.312199788Z: [    5.405042] scsi host5: ahci
[STDERR  ] 2017-12-05T16:14:26.312207328Z: [    5.406857] ata1: SATA max UDMA/133 abar m4096@0xfebd2000 port 0xfebd2100 irq 24
[STDERR  ] 2017-12-05T16:14:26.31221708Z: [    5.407426] ata2: SATA max UDMA/133 abar m4096@0xfebd2000 port 0xfebd2180 irq 24
[STDERR  ] 2017-12-05T16:14:26.312241835Z: [    5.407913] ata3: SATA max UDMA/133 abar m4096@0xfebd2000 port 0xfebd2200 irq 24
[STDERR  ] 2017-12-05T16:14:26.31224848Z: [    5.408377] ata4: SATA max UDMA/133 abar m4096@0xfebd2000 port 0xfebd2280 irq 24
[STDERR  ] 2017-12-05T16:14:26.312254494Z: [    5.408871] ata5: SATA max UDMA/133 abar m4096@0xfebd2000 port 0xfebd2300 irq 24
[STDERR  ] 2017-12-05T16:14:26.312260118Z: [    5.409353] ata6: SATA max UDMA/133 abar m4096@0xfebd2000 port 0xfebd2380 irq 24
[STDERR  ] 2017-12-05T16:14:26.312265475Z: [    5.422921] tun: Universal TUN/TAP device driver, 1.6
[STDERR  ] 2017-12-05T16:14:26.312270972Z: [    5.423302] tun: (C) 1999-2004 Max Krasnyansky <maxk@qualcomm.com>
[STDERR  ] 2017-12-05T16:14:26.312276372Z: [    5.433852] VMware vmxnet3 virtual NIC driver - version 1.4.a.0-k-NAPI
[STDERR  ] 2017-12-05T16:14:26.312281732Z: [    5.434771] hv_vmbus: registering driver hv_netvsc
[STDERR  ] 2017-12-05T16:14:26.312287197Z: [    5.435149] Fusion MPT base driver 3.04.20
[STDERR  ] 2017-12-05T16:14:26.312292674Z: [    5.435450] Copyright (c) 1999-2008 LSI Corporation
[STDERR  ] 2017-12-05T16:14:26.312298155Z: [    5.436098] Fusion MPT SPI Host driver 3.04.20
[STDERR  ] 2017-12-05T16:14:26.31230717Z: [    5.438143] i8042: PNP: PS/2 Controller [PNP0303:KBD,PNP0f13:MOU] at 0x60,0x64 irq 1,12
[STDERR  ] 2017-12-05T16:14:26.312314502Z: [    5.442593] serio: i8042 KBD port at 0x60,0x64 irq 1
[STDERR  ] 2017-12-05T16:14:26.312319944Z: [    5.443306] serio: i8042 AUX port at 0x60,0x64 irq 12
[STDERR  ] 2017-12-05T16:14:26.312325314Z: [    5.446370] hv_vmbus: registering driver hyperv_keyboard
[STDERR  ] 2017-12-05T16:14:26.312330678Z: [    5.449202] mousedev: PS/2 mouse device common for all mice
[STDERR  ] 2017-12-05T16:14:26.312336074Z: [    5.454410] input: AT Translated Set 2 keyboard as /devices/platform/i8042/serio0/input/input1
[STDERR  ] 2017-12-05T16:14:26.312341481Z: [    5.457453] input: PC Speaker as /devices/platform/pcspkr/input/input2
[STDERR  ] 2017-12-05T16:14:26.312346951Z: [    5.461411] rtc_cmos 00:00: RTC can wake from S4
[STDERR  ] 2017-12-05T16:14:26.312352242Z: [    5.464673] rtc_cmos 00:00: rtc core: registered rtc_cmos as rtc0
[STDERR  ] 2017-12-05T16:14:26.312359991Z: [    5.466121] rtc_cmos 00:00: alarms up to one day, y3k, 114 bytes nvram, hpet irqs
[STDERR  ] 2017-12-05T16:14:26.312365388Z: [    5.466883] i2c /dev entries driver
[STDERR  ] 2017-12-05T16:14:26.312370642Z: [    5.468845] device-mapper: ioctl: 4.35.0-ioctl (2016-06-23) initialised: dm-devel@redhat.com
[STDERR  ] 2017-12-05T16:14:26.312376068Z: [    5.473893] usbcore: registered new interface driver usbhid
[STDERR  ] 2017-12-05T16:14:26.312381624Z: [    5.474310] usbhid: USB HID core driver
[STDERR  ] 2017-12-05T16:14:26.312388912Z: [    5.474993] hv_utils: Registering HyperV Utility Driver
[STDERR  ] 2017-12-05T16:14:26.312394247Z: [    5.475332] hv_vmbus: registering driver hv_util
[STDERR  ] 2017-12-05T16:14:26.312399604Z: [    5.475606] hv_vmbus: registering driver hv_balloon
[STDERR  ] 2017-12-05T16:14:26.312404824Z: [    5.476201] oprofile: using NMI interrupt.
[STDERR  ] 2017-12-05T16:14:26.312410065Z: [    5.477366] GACT probability on
[STDERR  ] 2017-12-05T16:14:26.31241606Z: [    5.477846] Mirror/redirect action on
[STDERR  ] 2017-12-05T16:14:26.312421345Z: [    5.478803] Simple TC action Loaded
[STDERR  ] 2017-12-05T16:14:26.312426647Z: [    5.479504] u32 classifier
[STDERR  ] 2017-12-05T16:14:26.312432452Z: [    5.479688]     Performance counters on
[STDERR  ] 2017-12-05T16:14:26.312437892Z: [    5.479949]     input device check on
[STDERR  ] 2017-12-05T16:14:26.312443642Z: [    5.480628]     Actions configured
[STDERR  ] 2017-12-05T16:14:26.312449298Z: [    5.481632] Netfilter messages via NETLINK v0.30.
[STDERR  ] 2017-12-05T16:14:26.312454612Z: [    5.482277] nfnl_acct: registering with nfnetlink.
[STDERR  ] 2017-12-05T16:14:26.312460031Z: [    5.483696] nf_conntrack version 0.5.0 (8192 buckets, 32768 max)
[STDERR  ] 2017-12-05T16:14:26.312465341Z: [    5.486811] ctnetlink v0.93: registering with nfnetlink.
[STDERR  ] 2017-12-05T16:14:26.312477631Z: [    5.489802] nf_tables: (c) 2007-2009 Patrick McHardy <kaber@trash.net>
[STDERR  ] 2017-12-05T16:14:26.312483955Z: [    5.491125] nf_tables_compat: (c) 2012 Pablo Neira Ayuso <pablo@netfilter.org>
[STDERR  ] 2017-12-05T16:14:26.312489644Z: [    5.493485] xt_time: kernel timezone is -0000
[STDERR  ] 2017-12-05T16:14:26.312494978Z: [    5.494093] ip_set: protocol 6
[STDERR  ] 2017-12-05T16:14:26.312500615Z: [    5.494787] IPVS: Registered protocols (TCP, UDP, SCTP, AH, ESP)
[STDERR  ] 2017-12-05T16:14:26.312506047Z: [    5.495569] IPVS: Connection hash table configured (size=4096, memory=64Kbytes)
[STDERR  ] 2017-12-05T16:14:26.312511632Z: [    5.497497] IPVS: Creating netns size=2104 id=0
[STDERR  ] 2017-12-05T16:14:26.312516911Z: [    5.500808] IPVS: ipvs loaded.
[STDERR  ] 2017-12-05T16:14:26.312522545Z: [    5.501243] IPVS: [rr] scheduler registered.
[STDERR  ] 2017-12-05T16:14:26.312527914Z: [    5.501600] IPVS: [wrr] scheduler registered.
[STDERR  ] 2017-12-05T16:14:26.312533257Z: [    5.501882] IPVS: [lc] scheduler registered.
[STDERR  ] 2017-12-05T16:14:26.312538551Z: [    5.502185] IPVS: [wlc] scheduler registered.
[STDERR  ] 2017-12-05T16:14:26.31254394Z: [    5.502499] IPVS: [fo] scheduler registered.
[STDERR  ] 2017-12-05T16:14:26.312549225Z: [    5.502837] IPVS: [ovf] scheduler registered.
[STDERR  ] 2017-12-05T16:14:26.312554551Z: [    5.503361] IPVS: [lblc] scheduler registered.
[STDERR  ] 2017-12-05T16:14:26.312562228Z: [    5.503817] IPVS: [lblcr] scheduler registered.
[STDERR  ] 2017-12-05T16:14:26.312567854Z: [    5.504184] IPVS: [dh] scheduler registered.
[STDERR  ] 2017-12-05T16:14:26.31257339Z: [    5.504483] IPVS: [sh] scheduler registered.
[STDERR  ] 2017-12-05T16:14:26.312578801Z: [    5.504832] IPVS: [sed] scheduler registered.
[STDERR  ] 2017-12-05T16:14:26.31258626Z: [    5.505185] IPVS: [nq] scheduler registered.
[STDERR  ] 2017-12-05T16:14:26.312592454Z: [    5.506046] IPVS: ftp: loaded support on port[0] = 21
[STDERR  ] 2017-12-05T16:14:26.312601614Z: [    5.507045] ipip: IPv4 and MPLS over IPv4 tunneling driver
[STDERR  ] 2017-12-05T16:14:26.312610727Z: [    5.511763] gre: GRE over IPv4 demultiplexor driver
[STDERR  ] 2017-12-05T16:14:26.312619881Z: [    5.514496] ip_tables: (C) 2000-2006 Netfilter Core Team
[STDERR  ] 2017-12-05T16:14:26.312625515Z: [    5.517764] ipt_CLUSTERIP: ClusterIP Version 0.8 loaded successfully
[STDERR  ] 2017-12-05T16:14:26.31263113Z: [    5.518614] arp_tables: arp_tables: (C) 2002 David S. Miller
[STDERR  ] 2017-12-05T16:14:26.312636604Z: [    5.521519] NET: Registered protocol family 10
[STDERR  ] 2017-12-05T16:14:26.312642425Z: [    5.531445] ip6_tables: (C) 2000-2006 Netfilter Core Team
[STDERR  ] 2017-12-05T16:14:26.312647865Z: [    5.539622] NET: Registered protocol family 17
[STDERR  ] 2017-12-05T16:14:26.31265315Z: [    5.541336] Bridge firewalling registered
[STDERR  ] 2017-12-05T16:14:26.312658581Z: [    5.541967] Ebtables v2.0 registered
[STDERR  ] 2017-12-05T16:14:26.312663901Z: [    5.544048] 8021q: 802.1Q VLAN Support v1.8
[STDERR  ] 2017-12-05T16:14:26.312669212Z: [    5.545709] 9pnet: Installing 9P2000 support
[STDERR  ] 2017-12-05T16:14:26.312674551Z: [    5.547289] Key type dns_resolver registered
[STDERR  ] 2017-12-05T16:14:26.312679935Z: [    5.548310] microcode: AMD CPU family 0x6 not supported
[STDERR  ] 2017-12-05T16:14:26.312685306Z: [    5.552694] registered taskstats version 1
[STDERR  ] 2017-12-05T16:14:26.312690718Z: [    5.725209] Key type big_key registered
[STDERR  ] 2017-12-05T16:14:26.312696069Z: [    5.745881] ata2: SATA link down (SStatus 0 SControl 300)
[STDERR  ] 2017-12-05T16:14:26.312701416Z: [    5.748869] ata1: SATA link down (SStatus 0 SControl 300)
[STDERR  ] 2017-12-05T16:14:26.312706775Z: [    5.750934] ata6: SATA link down (SStatus 0 SControl 300)
[STDERR  ] 2017-12-05T16:14:26.312712398Z: [    5.751593] ata5: SATA link down (SStatus 0 SControl 300)
[STDERR  ] 2017-12-05T16:14:26.312717696Z: [    5.752160] ata4: SATA link down (SStatus 0 SControl 300)
[STDERR  ] 2017-12-05T16:14:26.312734091Z: [    5.753004] ata3: SATA link up 1.5 Gbps (SStatus 113 SControl 300)
[STDERR  ] 2017-12-05T16:14:26.312740929Z: [    5.756650] ata3.00: ATAPI: QEMU DVD-ROM, 2.5+, max UDMA/100
[STDERR  ] 2017-12-05T16:14:26.312746276Z: [    5.757226] ata3.00: applying bridge limits
[STDERR  ] 2017-12-05T16:14:26.312751562Z: [    5.759864] ata3.00: configured for UDMA/100
[STDERR  ] 2017-12-05T16:14:26.312756973Z: [    5.786554] scsi 2:0:0:0: CD-ROM            QEMU     QEMU DVD-ROM     2.5+ PQ: 0 ANSI: 5
[STDERR  ] 2017-12-05T16:14:26.312762479Z: [    5.823150] sr 2:0:0:0: [sr0] scsi3-mmc drive: 4x/4x cd/rw xa/form2 tray
[STDERR  ] 2017-12-05T16:14:26.312768502Z: [    5.823985] cdrom: Uniform CD-ROM driver Revision: 3.20
[STDERR  ] 2017-12-05T16:14:26.312776286Z: [    5.841129] sr 2:0:0:0: Attached scsi generic sg0 type 5
[STDERR  ] 2017-12-05T16:14:26.312781785Z: [    5.889378] Key type encrypted registered
[STDERR  ] 2017-12-05T16:14:26.312787075Z: [    5.895696] rtc_cmos 00:00: setting system clock to 2017-12-05 16:14:01 UTC (1512490441)
[STDERR  ] 2017-12-05T16:14:26.312792705Z: [    6.036941] Freeing unused kernel memory: 1380K
[STDERR  ] 2017-12-05T16:14:26.312798028Z: [    6.037518] Write protecting the kernel read-only data: 12288k
[STDERR  ] 2017-12-05T16:14:26.312803611Z: [    6.045239] Freeing unused kernel memory: 128K
[STDERR  ] 2017-12-05T16:14:26.312808963Z: [    6.148110] Freeing unused kernel memory: 1396K
[STDERR  ] 2017-12-05T16:14:26.312814386Z: [    6.148957] tsc: Refined TSC clocksource calibration: 2600.001 MHz
[STDERR  ] 2017-12-05T16:14:26.312819705Z: [    6.149564] clocksource: tsc: mask: 0xffffffffffffffff max_cycles: 0x257a3ce1c4c, max_idle_ns: 440795206275 ns
[STDERR  ] 2017-12-05T16:14:26.312825878Z: [    7.162301] clocksource: Switched to clocksource tsc
[STDERR  ] 2017-12-05T16:14:26.312831109Z: 
[STDERR  ] 2017-12-05T16:14:26.312836613Z: Welcome to LinuxKit
[STDERR  ] 2017-12-05T16:14:26.312842252Z: 
[STDERR  ] 2017-12-05T16:14:26.312847551Z:                         ##         .
[STDERR  ] 2017-12-05T16:14:26.312853238Z:                   ## ## ##        ==
[STDERR  ] 2017-12-05T16:14:26.312860261Z:                ## ## ## ## ##    ===
[STDERR  ] 2017-12-05T16:14:26.312865571Z:            /"""""""""""""""""\___/ ===
[STDERR  ] 2017-12-05T16:14:26.312872972Z:           {                       /  ===-
[STDERR  ] 2017-12-05T16:14:26.312878351Z:            \______ O           __/
[STDERR  ] 2017-12-05T16:14:26.312883655Z:              \    \         __/
[STDERR  ] 2017-12-05T16:14:26.312889033Z:               \____\_______/
[STDERR  ] 2017-12-05T16:14:26.312894268Z: 
[STDERR  ] 2017-12-05T16:14:26.312899512Z: sysctl test suite PASSED
[STDERR  ] 2017-12-05T16:14:26.312904808Z: [   29.719433] ACPI: Preparing to enter system sleep state S5
[STDERR  ] 2017-12-05T16:14:26.312910213Z: [   29.721838] reboot: Power down
[STDERR  ] 2017-12-05T16:14:26.312917739Z: + grep -q suite PASSED
[STDOUT  ] 2017-12-05T16:14:26.308143834Z: [    0.080803] Yama: becoming mindful.
[STDOUT  ] 2017-12-05T16:14:26.312937879Z: [    0.082835] Mount-cache hash table entries: 2048 (order: 2, 16384 bytes)
[STDOUT  ] 2017-12-05T16:14:26.312947316Z: [    0.083435] Mountpoint-cache hash table entries: 2048 (order: 2, 16384 bytes)
[STDOUT  ] 2017-12-05T16:14:26.312958855Z: [    0.103063] Last level iTLB entries: 4KB 0, 2MB 0, 4MB 0
[STDOUT  ] 2017-12-05T16:14:26.312967975Z: [    0.103729] Last level dTLB entries: 4KB 0, 2MB 0, 4MB 0, 1GB 0
[STDOUT  ] 2017-12-05T16:14:26.312976649Z: [    0.430718] Freeing SMP alternatives memory: 20K
[STDOUT  ] 2017-12-05T16:14:26.312985775Z: [    0.441528] ftrace: allocating 35538 entries in 139 pages
[STDOUT  ] 2017-12-05T16:14:26.312995128Z: [    0.600693] smpboot: Max logical packages: 1
[STDOUT  ] 2017-12-05T16:14:26.313003738Z: [    0.607734] ..TIMER: vector=0x30 apic1=0 pin1=2 apic2=-1 pin2=-1
[STDOUT  ] 2017-12-05T16:14:26.313012112Z: [    0.710000] smpboot: CPU0: AMD QEMU Virtual CPU version 2.5+ (family: 0x6, model: 0x6, stepping: 0x3)
[STDOUT  ] 2017-12-05T16:14:26.313020392Z: [    0.710000] Performance Events: PMU not available due to virtualization, using software events only.
[STDOUT  ] 2017-12-05T16:14:26.313038713Z: [    0.719242] NMI watchdog: disabled (cpu0): hardware events not enabled
[STDOUT  ] 2017-12-05T16:14:26.313049116Z: [    0.719737] NMI watchdog: Shutting down hard lockup detector on all cpus
[STDOUT  ] 2017-12-05T16:14:26.313058013Z: [    0.724042] x86: Booted up 1 node, 1 CPUs
[STDOUT  ] 2017-12-05T16:14:26.313067246Z: [    0.724496] smpboot: Total of 1 processors activated (5199.98 BogoMIPS)
[STDOUT  ] 2017-12-05T16:14:26.313075899Z: [    0.738971] devtmpfs: initialized
[STDOUT  ] 2017-12-05T16:14:26.313084602Z: [    0.744144] x86/mm: Memory block size: 128MB
[STDOUT  ] 2017-12-05T16:14:26.313093752Z: [    0.804689] clocksource: jiffies: mask: 0xffffffff max_cycles: 0xffffffff, max_idle_ns: 19112604462750000 ns
[STDOUT  ] 2017-12-05T16:14:26.313104745Z: [    0.805723] futex hash table entries: 256 (order: 2, 16384 bytes)
[STDOUT  ] 2017-12-05T16:14:26.313114202Z: [    0.815910] NET: Registered protocol family 16
[STDOUT  ] 2017-12-05T16:14:26.313122066Z: [    0.825244] cpuidle: using governor ladder
[STDOUT  ] 2017-12-05T16:14:26.313127372Z: [    0.825781] cpuidle: using governor menu
[STDOUT  ] 2017-12-05T16:14:26.313132678Z: [    0.826924] ACPI: bus type PCI registered
[STDOUT  ] 2017-12-05T16:14:26.313137893Z: [    0.829741] PCI: MMCONFIG for domain 0000 [bus 00-ff] at [mem 0xb0000000-0xbfffffff] (base 0xb0000000)
[STDOUT  ] 2017-12-05T16:14:26.313143838Z: [    0.830315] PCI: MMCONFIG at [mem 0xb0000000-0xbfffffff] reserved in E820
[STDOUT  ] 2017-12-05T16:14:26.313149595Z: [    0.831738] PCI: Using configuration type 1 for base access
[STDOUT  ] 2017-12-05T16:14:26.313155002Z: [    0.887923] HugeTLB registered 2 MB page size, pre-allocated 0 pages
[STDOUT  ] 2017-12-05T16:14:26.313160403Z: [    0.902919] ACPI: Added _OSI(Module Device)
[STDOUT  ] 2017-12-05T16:14:26.313165908Z: [    0.903299] ACPI: Added _OSI(Processor Device)
[STDOUT  ] 2017-12-05T16:14:26.313171096Z: [    0.903658] ACPI: Added _OSI(3.0 _SCP Extensions)
[STDOUT  ] 2017-12-05T16:14:26.313176429Z: [    0.904008] ACPI: Added _OSI(Processor Aggregator Device)
[STDOUT  ] 2017-12-05T16:14:26.313181729Z: [    0.976115] ACPI: Interpreter enabled
[STDOUT  ] 2017-12-05T16:14:26.313187186Z: [    0.977205] ACPI: (supports S0 S5)
[STDOUT  ] 2017-12-05T16:14:26.313192313Z: [    0.977548] ACPI: Using IOAPIC for interrupt routing
[STDOUT  ] 2017-12-05T16:14:26.313197613Z: [    0.980668] PCI: Using host bridge windows from ACPI; if necessary, use "pci=nocrs" and report a bug
[STDOUT  ] 2017-12-05T16:14:26.313202906Z: [    1.047522] ACPI: PCI Root Bridge [PCI0] (domain 0000 [bus 00-ff])
[STDOUT  ] 2017-12-05T16:14:26.313208251Z: [    1.049177] acpi PNP0A08:00: _OSC: OS supports [ExtendedConfig ASPM ClockPM Segments MSI]
[STDOUT  ] 2017-12-05T16:14:26.313213745Z: [    1.055925] acpi PNP0A08:00: _OSC: OS now controls [PCIeHotplug PME PCIeCapability]
[STDOUT  ] 2017-12-05T16:14:26.313219252Z: [    1.059701] PCI host bridge to bus 0000:00
[STDOUT  ] 2017-12-05T16:14:26.313224538Z: [    1.060322] pci_bus 0000:00: root bus resource [io  0x0000-0x0cf7 window]
[STDOUT  ] 2017-12-05T16:14:26.313351001Z: [    1.060836] pci_bus 0000:00: root bus resource [io  0x0d00-0xffff window]
[STDOUT  ] 2017-12-05T16:14:26.313360895Z: [    1.061311] pci_bus 0000:00: root bus resource [mem 0x000a0000-0x000bffff window]
[STDOUT  ] 2017-12-05T16:14:26.313369656Z: [    1.061863] pci_bus 0000:00: root bus resource [mem 0xc0000000-0xfebfffff window]
[STDOUT  ] 2017-12-05T16:14:26.313377976Z: [    1.062859] pci_bus 0000:00: root bus resource [bus 00-ff]
[STDOUT  ] 2017-12-05T16:14:26.313387605Z: [    1.172693] pci 0000:00:1f.0: quirk: [io  0x0600-0x067f] claimed by ICH6 ACPI/GPIO/TCO
[STDOUT  ] 2017-12-05T16:14:26.313397213Z: [    1.234074] ACPI: PCI Interrupt Link [LNKA] (IRQs 5 *10 11)
[STDOUT  ] 2017-12-05T16:14:26.313406491Z: [    1.237176] ACPI: PCI Interrupt Link [LNKB] (IRQs 5 *10 11)
[STDOUT  ] 2017-12-05T16:14:26.313443316Z: [    1.240501] ACPI: PCI Interrupt Link [LNKC] (IRQs 5 10 *11)
[STDOUT  ] 2017-12-05T16:14:26.313512372Z: [    1.243128] ACPI: PCI Interrupt Link [LNKD] (IRQs 5 10 *11)
[STDOUT  ] 2017-12-05T16:14:26.313542931Z: [    1.245177] ACPI: PCI Interrupt Link [LNKE] (IRQs 5 *10 11)
[STDOUT  ] 2017-12-05T16:14:26.313552285Z: [    1.246995] ACPI: PCI Interrupt Link [LNKF] (IRQs 5 *10 11)
[STDOUT  ] 2017-12-05T16:14:26.313561461Z: [    1.248813] ACPI: PCI Interrupt Link [LNKG] (IRQs 5 10 *11)
[STDOUT  ] 2017-12-05T16:14:26.313570085Z: [    1.251540] ACPI: PCI Interrupt Link [LNKH] (IRQs 5 10 *11)
[STDOUT  ] 2017-12-05T16:14:26.313580305Z: [    1.252592] ACPI: PCI Interrupt Link [GSIA] (IRQs *16)
[STDOUT  ] 2017-12-05T16:14:26.313590163Z: [    1.253410] ACPI: PCI Interrupt Link [GSIB] (IRQs *17)
[STDERR  ] 2017-12-05T16:14:26.313592315Z: + echo [    0.000000] Linux version 4.9.66-linuxkit (root@31ee3cd32651) (gcc version 6.3.0 (Alpine 6.3.0) ) #1 SMP Fri Dec 1 11:24:49 UTC 2017
[STDERR  ] 2017-12-05T16:14:26.313616938Z: [    0.000000] Command line: console=ttyS0 page_poison=1
[STDERR  ] 2017-12-05T16:14:26.313628098Z: [    0.000000] x86/fpu: Legacy x87 FPU detected.
[STDERR  ] 2017-12-05T16:14:26.313641515Z: [    0.000000] x86/fpu: Using 'eager' FPU context switches.
[STDERR  ] 2017-12-05T16:14:26.313651273Z: [    0.000000] e820: BIOS-provided physical RAM map:
[STDERR  ] 2017-12-05T16:14:26.313660633Z: [    0.000000] BIOS-e820: [mem 0x0000000000000000-0x000000000009fbff] usable
[STDERR  ] 2017-12-05T16:14:26.313670738Z: [    0.000000] BIOS-e820: [mem 0x000000000009fc00-0x000000000009ffff] reserved
[STDERR  ] 2017-12-05T16:14:26.313680185Z: [    0.000000] BIOS-e820: [mem 0x00000000000f0000-0x00000000000fffff] reserved
[STDERR  ] 2017-12-05T16:14:26.313692242Z: [    0.000000] BIOS-e820: [mem 0x0000000000100000-0x000000003ffdefff] usable
[STDERR  ] 2017-12-05T16:14:26.313702099Z: [    0.000000] BIOS-e820: [mem 0x000000003ffdf000-0x000000003fffffff] reserved
[STDERR  ] 2017-12-05T16:14:26.313711688Z: [    0.000000] BIOS-e820: [mem 0x00000000b0000000-0x00000000bfffffff] reserved
[STDERR  ] 2017-12-05T16:14:26.313720832Z: [    0.000000] BIOS-e820: [mem 0x00000000fed1c000-0x00000000fed1ffff] reserved
[STDERR  ] 2017-12-05T16:14:26.313762876Z: [    0.000000] BIOS-e820: [mem 0x00000000fffc0000-0x00000000ffffffff] reserved
[STDERR  ] 2017-12-05T16:14:26.313774048Z: [    0.000000] NX (Execute Disable) protection: active
[STDERR  ] 2017-12-05T16:14:26.313785989Z: [    0.000000] SMBIOS 2.8 present.
[STDERR  ] 2017-12-05T16:14:26.313795585Z: [    0.000000] e820: last_pfn = 0x3ffdf max_arch_pfn = 0x400000000
[STDERR  ] 2017-12-05T16:14:26.313804703Z: [    0.000000] x86/PAT: Configuration [0-7]: WB  WC  UC- UC  WB  WC  UC- WT  
[STDERR  ] 2017-12-05T16:14:26.313813716Z: [    0.000000] found SMP MP-table at [mem 0x000f6aa0-0x000f6aaf] mapped at [ffff97cb400f6aa0]
[STDERR  ] 2017-12-05T16:14:26.313823632Z: [    0.000000] RAMDISK: [mem 0x3e77b000-0x3ffcffff]
[STDERR  ] 2017-12-05T16:14:26.313833575Z: [    0.000000] ACPI: Early table checksum verification disabled
[STDERR  ] 2017-12-05T16:14:26.313843648Z: [    0.000000] ACPI: RSDP 0x00000000000F68C0 000014 (v00 BOCHS )
[STDERR  ] 2017-12-05T16:14:26.313852871Z: [    0.000000] ACPI: RSDT 0x000000003FFE2404 000034 (v01 BOCHS  BXPCRSDT 00000001 BXPC 00000001)
[STDERR  ] 2017-12-05T16:14:26.313867876Z: [    0.000000] ACPI: FACP 0x000000003FFE22A4 000074 (v01 BOCHS  BXPCFACP 00000001 BXPC 00000001)
[STDERR  ] 2017-12-05T16:14:26.313877123Z: [    0.000000] ACPI: DSDT 0x000000003FFE0040 002264 (v01 BOCHS  BXPCDSDT 00000001 BXPC 00000001)
[STDERR  ] 2017-12-05T16:14:26.313886041Z: [    0.000000] ACPI: FACS 0x000000003FFE0000 000040
[STDERR  ] 2017-12-05T16:14:26.313896941Z: [    0.000000] ACPI: APIC 0x000000003FFE2318 000078 (v01 BOCHS  BXPCAPIC 00000001 BXPC 00000001)
[STDERR  ] 2017-12-05T16:14:26.313907076Z: [    0.000000] ACPI: HPET 0x000000003FFE2390 000038 (v01 BOCHS  BXPCHPET 00000001 BXPC 00000001)
[STDERR  ] 2017-12-05T16:14:26.313924955Z: [    0.000000] ACPI: MCFG 0x000000003FFE23C8 00003C (v01 BOCHS  BXPCMCFG 00000001 BXPC 00000001)
[STDERR  ] 2017-12-05T16:14:26.313939158Z: [    0.000000] Zone ranges:
[STDERR  ] 2017-12-05T16:14:26.313948492Z: [    0.000000]   DMA      [mem 0x0000000000001000-0x0000000000ffffff]
[STDERR  ] 2017-12-05T16:14:26.313958119Z: [    0.000000]   DMA32    [mem 0x0000000001000000-0x000000003ffdefff]
[STDERR  ] 2017-12-05T16:14:26.313968459Z: [    0.000000]   Normal   empty
[STDERR  ] 2017-12-05T16:14:26.3139785Z: [    0.000000] Movable zone start for each node
[STDERR  ] 2017-12-05T16:14:26.31398767Z: [    0.000000] Early memory node ranges
[STDERR  ] 2017-12-05T16:14:26.31399672Z: [    0.000000]   node   0: [mem 0x0000000000001000-0x000000000009efff]
[STDERR  ] 2017-12-05T16:14:26.314006137Z: [    0.000000]   node   0: [mem 0x0000000000100000-0x000000003ffdefff]
[STDERR  ] 2017-12-05T16:14:26.3140153Z: [    0.000000] Initmem setup node 0 [mem 0x0000000000001000-0x000000003ffdefff]
[STDERR  ] 2017-12-05T16:14:26.314024307Z: [    0.000000] ACPI: PM-Timer IO Port: 0x608
[STDERR  ] 2017-12-05T16:14:26.314034963Z: [    0.000000] ACPI: LAPIC_NMI (acpi_id[0xff] dfl dfl lint[0x1])
[STDERR  ] 2017-12-05T16:14:26.314044944Z: [    0.000000] IOAPIC[0]: apic_id 0, version 32, address 0xfec00000, GSI 0-23
[STDERR  ] 2017-12-05T16:14:26.314054137Z: [    0.000000] ACPI: INT_SRC_OVR (bus 0 bus_irq 0 global_irq 2 dfl dfl)
[STDERR  ] 2017-12-05T16:14:26.314063096Z: [    0.000000] ACPI: INT_SRC_OVR (bus 0 bus_irq 5 global_irq 5 high level)
[STDERR  ] 2017-12-05T16:14:26.314073086Z: [    0.000000] ACPI: INT_SRC_OVR (bus 0 bus_irq 9 global_irq 9 high level)
[STDERR  ] 2017-12-05T16:14:26.314082639Z: [    0.000000] ACPI: INT_SRC_OVR (bus 0 bus_irq 10 global_irq 10 high level)
[STDERR  ] 2017-12-05T16:14:26.314091724Z: [    0.000000] ACPI: INT_SRC_OVR (bus 0 bus_irq 11 global_irq 11 high level)
[STDOUT  ] 2017-12-05T16:14:26.313598849Z: [    1.254203] ACPI: PCI Interrupt Link [GSIC] (IRQs *18)
[STDERR  ] 2017-12-05T16:14:26.314100626Z: [    0.000000] Using ACPI (MADT) for SMP configuration information
[STDOUT  ] 2017-12-05T16:14:26.314107739Z: [    1.255022] ACPI: PCI Interrupt Link [GSID] (IRQs *19)
[STDOUT  ] 2017-12-05T16:14:26.314118387Z: [    1.255829] ACPI: PCI Interrupt Link [GSIE] (IRQs *20)
[STDOUT  ] 2017-12-05T16:14:26.314127376Z: [    1.256616] ACPI: PCI Interrupt Link [GSIF] (IRQs *21)
[STDOUT  ] 2017-12-05T16:14:26.314136104Z: [    1.257426] ACPI: PCI Interrupt Link [GSIG] (IRQs *22)
[STDOUT  ] 2017-12-05T16:14:26.314145013Z: [    1.258200] ACPI: PCI Interrupt Link [GSIH] (IRQs *23)
[STDOUT  ] 2017-12-05T16:14:26.314153819Z: [    1.262247] ACPI: Enabled 2 GPEs in block 00 to 3F
[STDOUT  ] 2017-12-05T16:14:26.314163304Z: [    1.266851] SCSI subsystem initialized
[STDOUT  ] 2017-12-05T16:14:26.3141725Z: [    1.269772] ACPI: bus type USB registered
[STDOUT  ] 2017-12-05T16:14:26.314183996Z: [    1.270938] usbcore: registered new interface driver usbfs
[STDOUT  ] 2017-12-05T16:14:26.314193856Z: [    1.271907] usbcore: registered new interface driver hub
[STDOUT  ] 2017-12-05T16:14:26.314202904Z: [    1.272911] usbcore: registered new device driver usb
[STDOUT  ] 2017-12-05T16:14:26.314216949Z: [    1.274626] pps_core: LinuxPPS API ver. 1 registered
[STDOUT  ] 2017-12-05T16:14:26.314225196Z: [    1.274962] pps_core: Software ver. 5.3.6 - Copyright 2005-2007 Rodolfo Giometti <giometti@linux.it>
[STDOUT  ] 2017-12-05T16:14:26.31424259Z: [    1.275731] PTP clock support registered
[STDOUT  ] 2017-12-05T16:14:26.314251794Z: [    1.277059] wmi: Mapper loaded
[STDERR  ] 2017-12-05T16:14:26.314109649Z: [    0.000000] ACPI: HPET id: 0x8086a201 base: 0xfed00000
[STDOUT  ] 2017-12-05T16:14:26.31426018Z: [    1.278387] PCI: Using ACPI for IRQ routing
[STDERR  ] 2017-12-05T16:14:26.314269923Z: [    0.000000] smpboot: Allowing 1 CPUs, 0 hotplug CPUs
[STDOUT  ] 2017-12-05T16:14:26.314271522Z: [    1.298239] NetLabel: Initializing
[STDERR  ] 2017-12-05T16:14:26.314279922Z: [    0.000000] e820: [mem 0x40000000-0xafffffff] available for PCI devices
[STDOUT  ] 2017-12-05T16:14:26.31428044Z: [    1.298489] NetLabel:  domain hash size = 128
[STDOUT  ] 2017-12-05T16:14:26.314295586Z: [    1.298968] NetLabel:  protocols = UNLABELED CIPSOv4
[STDOUT  ] 2017-12-05T16:14:26.314309832Z: [    1.302090] NetLabel:  unlabeled traffic allowed by default
[STDOUT  ] 2017-12-05T16:14:26.314319866Z: [    1.303351] HPET: 3 timers in total, 0 timers will be used for per-cpu timer
[STDOUT  ] 2017-12-05T16:14:26.314328807Z: [    1.304202] hpet0: at MMIO 0xfed00000, IRQs 2, 8, 0
[STDOUT  ] 2017-12-05T16:14:26.314336832Z: [    1.304823] hpet0: 3 comparators, 64-bit 100.000000 MHz counter
[STDOUT  ] 2017-12-05T16:14:26.31434524Z: [    1.309759] clocksource: Switched to clocksource hpet
[STDOUT  ] 2017-12-05T16:14:26.314353743Z: [    1.588907] VFS: Disk quotas dquot_6.6.0
[STDOUT  ] 2017-12-05T16:14:26.31436278Z: [    1.589716] VFS: Dquot-cache hash table entries: 512 (order 0, 4096 bytes)
[STDOUT  ] 2017-12-05T16:14:26.314371653Z: [    1.593993] FS-Cache: Loaded
[STDOUT  ] 2017-12-05T16:14:26.314380497Z: [    1.598910] CacheFiles: Loaded
[STDOUT  ] 2017-12-05T16:14:26.314389447Z: [    1.600972] pnp: PnP ACPI init
[STDOUT  ] 2017-12-05T16:14:26.314397753Z: [    1.612598] pnp: PnP ACPI: found 5 devices
[STDOUT  ] 2017-12-05T16:14:26.31440601Z: [    1.663897] clocksource: acpi_pm: mask: 0xffffff max_cycles: 0xffffff, max_idle_ns: 2085701024 ns
[STDOUT  ] 2017-12-05T16:14:26.314414854Z: [    1.668258] NET: Registered protocol family 2
[STDOUT  ] 2017-12-05T16:14:26.31442316Z: [    1.676055] TCP established hash table entries: 8192 (order: 4, 65536 bytes)
[STDOUT  ] 2017-12-05T16:14:26.314432153Z: [    1.676951] TCP bind hash table entries: 8192 (order: 5, 131072 bytes)
