[INFO    ] 2018-01-04T13:51:34.911076692Z: Running Test linuxkit.kernel.kmod_4.9.x in /tmp/build/test/cases/020_kernel/011_kmod_4.9.x
[INFO    ] 2018-01-04T13:51:34.911189373Z: Running command: [/bin/sh -x /tmp/build/test/cases/020_kernel/011_kmod_4.9.x/test.sh]
[STDERR  ] 2018-01-04T13:51:34.911961655Z: + set -e
[STDERR  ] 2018-01-04T13:51:34.912023042Z: + . /tmp/build/test/cases/_lib/lib.sh
[STDERR  ] 2018-01-04T13:51:34.91203429Z: + [ -f src/github.com/linuxkit/rtf/lib/lib.sh ]
[STDERR  ] 2018-01-04T13:51:34.912044544Z: + LINUXKIT_TMPDIR=/tmp/build/test/cases/_tmp
[STDERR  ] 2018-01-04T13:51:34.912054832Z: + [ -f /tmp/build/test/cases/_tmp/env.sh ]
[STDERR  ] 2018-01-04T13:51:34.912066555Z: + . /tmp/build/test/cases/_tmp/env.sh
[STDERR  ] 2018-01-04T13:51:34.912077438Z: + export LINUXKIT_EXAMPLES_DIR=/tmp/build/test/cases/../../examples
[STDERR  ] 2018-01-04T13:51:34.912092183Z: + export LINUXKIT_BLUEPRINTS_DIR=/tmp/build/test/cases/../../blueprints
[STDERR  ] 2018-01-04T13:51:34.91210408Z: + RT_CANCEL=253
[STDERR  ] 2018-01-04T13:51:34.912113299Z: + NAME=kmod
[STDERR  ] 2018-01-04T13:51:34.912123399Z: + IMAGE_NAME=kmod-test
[STDERR  ] 2018-01-04T13:51:34.912134941Z: + trap clean_up EXIT
[STDERR  ] 2018-01-04T13:51:34.912145385Z: + docker pull linuxkit/kernel:4.9.74
[STDOUT  ] 2018-01-04T13:51:36.029478046Z: 4.9.74: Pulling from linuxkit/kernel
[STDOUT  ] 2018-01-04T13:51:36.417852556Z: Digest: sha256:ff7ade4d825341a462845d5c40ed5395273afec26ef10253c01858dcc909889e
[STDOUT  ] 2018-01-04T13:51:36.417909453Z: Status: Image is up to date for linuxkit/kernel:4.9.74
[STDERR  ] 2018-01-04T13:51:36.418682915Z: + docker build -t kmod-test .
[STDOUT  ] 2018-01-04T13:51:36.509293058Z: Sending build context to Docker daemon  8.704kB
[STDOUT  ] 2018-01-04T13:51:36.570141679Z: Step 1/12 : FROM linuxkit/kernel:4.9.74 AS ksrc
[STDOUT  ] 2018-01-04T13:51:36.570495732Z:  ---> 455ade482456
[STDOUT  ] 2018-01-04T13:51:36.570518112Z: Step 2/12 : FROM linuxkit/alpine:d307c8a386fa3f32cddda9409b9687e191cdd6f1 AS build
[STDOUT  ] 2018-01-04T13:51:36.570985188Z:  ---> 4d01d9a77113
[STDOUT  ] 2018-01-04T13:51:36.571007386Z: Step 3/12 : RUN apk add build-base libelf-dev
[STDOUT  ] 2018-01-04T13:51:36.571382795Z:  ---> Using cache
[STDOUT  ] 2018-01-04T13:51:36.571403882Z:  ---> 310f486fdba8
[STDOUT  ] 2018-01-04T13:51:36.571478846Z: Step 4/12 : COPY --from=ksrc /kernel-dev.tar /
[STDOUT  ] 2018-01-04T13:51:38.339345119Z:  ---> f657f8727a1c
[STDOUT  ] 2018-01-04T13:51:38.357307724Z: Removing intermediate container 0d00efdf1111
[STDOUT  ] 2018-01-04T13:51:38.357357002Z: Step 5/12 : RUN tar xf kernel-dev.tar
[STDOUT  ] 2018-01-04T13:51:38.44039306Z:  ---> Running in 64105ba7b983
[STDOUT  ] 2018-01-04T13:51:44.812410228Z:  ---> 8645f9f44688
[STDOUT  ] 2018-01-04T13:51:45.212766488Z: Removing intermediate container 64105ba7b983
[STDOUT  ] 2018-01-04T13:51:45.212821609Z: Step 6/12 : WORKDIR /kmod
[STDOUT  ] 2018-01-04T13:51:45.495525516Z:  ---> eb44b2895985
[STDOUT  ] 2018-01-04T13:51:45.50134608Z: Removing intermediate container 42602383b0d0
[STDOUT  ] 2018-01-04T13:51:45.501413079Z: Step 7/12 : COPY ./src/* ./
[STDOUT  ] 2018-01-04T13:51:45.991227366Z:  ---> bf13d4624faa
[STDOUT  ] 2018-01-04T13:51:45.999237495Z: Removing intermediate container e09e9dbcd7f4
[STDOUT  ] 2018-01-04T13:51:45.999299565Z: Step 8/12 : RUN make all
[STDOUT  ] 2018-01-04T13:51:46.093301835Z:  ---> Running in e27e0e4f24cd
[STDOUT  ] 2018-01-04T13:51:46.391548978Z: make -C /usr/src/linux-headers-4.9.74-linuxkit M=/kmod modules
[STDOUT  ] 2018-01-04T13:51:46.393077434Z: make[1]: Entering directory '/usr/src/linux-headers-4.9.74-linuxkit'
[STDOUT  ] 2018-01-04T13:51:47.369449848Z:   CC [M]  /kmod/hello_world.o
[STDOUT  ] 2018-01-04T13:51:47.564551091Z:   Building modules, stage 2.
[STDOUT  ] 2018-01-04T13:51:47.572682128Z:   MODPOST 1 modules
[STDOUT  ] 2018-01-04T13:51:47.58552288Z:   CC      /kmod/hello_world.mod.o
[STDOUT  ] 2018-01-04T13:51:47.759560877Z:   LD [M]  /kmod/hello_world.ko
[STDOUT  ] 2018-01-04T13:51:47.762573491Z: make[1]: Leaving directory '/usr/src/linux-headers-4.9.74-linuxkit'
[STDOUT  ] 2018-01-04T13:51:48.171428151Z:  ---> 28c6feed372d
[STDOUT  ] 2018-01-04T13:51:48.183687517Z: Removing intermediate container e27e0e4f24cd
[STDOUT  ] 2018-01-04T13:51:48.183754561Z: Step 9/12 : FROM alpine:3.7
[STDOUT  ] 2018-01-04T13:51:48.184064051Z:  ---> e21c333399e0
[STDOUT  ] 2018-01-04T13:51:48.184130014Z: Step 10/12 : COPY --from=build /kmod/hello_world.ko /
[STDOUT  ] 2018-01-04T13:51:48.547168627Z:  ---> 4e01af7ad849
[STDOUT  ] 2018-01-04T13:51:48.553116Z: Removing intermediate container 6c3d69cd7ff1
[STDOUT  ] 2018-01-04T13:51:48.553161338Z: Step 11/12 : COPY check.sh /check.sh
[STDOUT  ] 2018-01-04T13:51:48.947351031Z:  ---> 751814d3d49a
[STDOUT  ] 2018-01-04T13:51:48.952899024Z: Removing intermediate container 9dbf7a689757
[STDOUT  ] 2018-01-04T13:51:48.952940654Z: Step 12/12 : ENTRYPOINT /bin/sh /check.sh
[STDOUT  ] 2018-01-04T13:51:49.024999309Z:  ---> Running in 2fae2a95ce41
[STDOUT  ] 2018-01-04T13:51:49.188185845Z:  ---> 4001a36afee0
[STDOUT  ] 2018-01-04T13:51:49.194211259Z: Removing intermediate container 2fae2a95ce41
[STDOUT  ] 2018-01-04T13:51:49.194252003Z: Successfully built 4001a36afee0
[STDOUT  ] 2018-01-04T13:51:49.198171841Z: Successfully tagged kmod-test:latest
[STDERR  ] 2018-01-04T13:51:49.237588004Z: + linuxkit build -format kernel+initrd -name kmod test.yml
[STDERR  ] 2018-01-04T13:51:49.263332825Z: Extract kernel image: linuxkit/kernel:4.9.74
[STDERR  ] 2018-01-04T13:51:50.415018381Z: time="2018-01-04T13:51:50Z" level=warning msg="certificate with CN Justin Cormack is near expiry" 
[STDERR  ] 2018-01-04T13:51:50.415076461Z: time="2018-01-04T13:51:50Z" level=warning msg="certificate with CN  is near expiry" 
[STDERR  ] 2018-01-04T13:51:50.415155161Z: time="2018-01-04T13:51:50Z" level=warning msg="certificate with CN  is near expiry" 
[STDERR  ] 2018-01-04T13:51:50.461349532Z: time="2018-01-04T13:51:50Z" level=warning msg="certificate with CN Justin Cormack is near expiry" 
[STDERR  ] 2018-01-04T13:51:50.852787367Z: Add init containers:
[STDERR  ] 2018-01-04T13:51:50.852839529Z: Process init image: linuxkit/init:5a577d070817b4f17821657823082651baafd4ed
[STDERR  ] 2018-01-04T13:51:51.883474631Z: time="2018-01-04T13:51:51Z" level=warning msg="certificate with CN  is near expiry" 
[STDERR  ] 2018-01-04T13:51:51.883544338Z: time="2018-01-04T13:51:51Z" level=warning msg="certificate with CN  is near expiry" 
[STDERR  ] 2018-01-04T13:51:51.883828926Z: time="2018-01-04T13:51:51Z" level=warning msg="certificate with CN Justin Cormack is near expiry" 
[STDERR  ] 2018-01-04T13:51:51.88738775Z: time="2018-01-04T13:51:51Z" level=warning msg="certificate with CN Justin Cormack is near expiry" 
[STDERR  ] 2018-01-04T13:51:51.889011345Z: time="2018-01-04T13:51:51Z" level=warning msg="certificate with CN  is near expiry" 
[STDERR  ] 2018-01-04T13:51:52.080419519Z: Process init image: linuxkit/runc:abc3f292653e64a2fd488e9675ace19a55ec7023
[STDERR  ] 2018-01-04T13:51:53.134962459Z: time="2018-01-04T13:51:53Z" level=warning msg="certificate with CN Justin Cormack is near expiry" 
[STDERR  ] 2018-01-04T13:51:53.135103747Z: time="2018-01-04T13:51:53Z" level=warning msg="certificate with CN  is near expiry" 
[STDERR  ] 2018-01-04T13:51:53.135204277Z: time="2018-01-04T13:51:53Z" level=warning msg="certificate with CN  is near expiry" 
[STDERR  ] 2018-01-04T13:51:53.13750262Z: time="2018-01-04T13:51:53Z" level=warning msg="certificate with CN Justin Cormack is near expiry" 
[STDERR  ] 2018-01-04T13:51:53.138947401Z: time="2018-01-04T13:51:53Z" level=warning msg="certificate with CN  is near expiry" 
[STDERR  ] 2018-01-04T13:51:53.288522285Z: Add onboot containers:
[STDERR  ] 2018-01-04T13:51:53.288589125Z:   Create OCI config for kmod-test
[STDERR  ] 2018-01-04T13:51:53.449770815Z:   Create OCI config for linuxkit/poweroff:bccfe1cb04fc7bb9f03613d2314f38abd2620f29
[STDERR  ] 2018-01-04T13:51:54.480427156Z: time="2018-01-04T13:51:54Z" level=warning msg="certificate with CN Rolf Neugebauer is near expiry" 
[STDERR  ] 2018-01-04T13:51:54.480490479Z: time="2018-01-04T13:51:54Z" level=warning msg="certificate with CN  is near expiry" 
[STDERR  ] 2018-01-04T13:51:54.480573918Z: time="2018-01-04T13:51:54Z" level=warning msg="certificate with CN  is near expiry" 
[STDERR  ] 2018-01-04T13:51:54.480817972Z: time="2018-01-04T13:51:54Z" level=warning msg="certificate with CN Justin Cormack is near expiry" 
[STDERR  ] 2018-01-04T13:51:54.482479287Z: time="2018-01-04T13:51:54Z" level=warning msg="certificate with CN Rolf Neugebauer is near expiry" 
[STDERR  ] 2018-01-04T13:51:54.48321574Z: time="2018-01-04T13:51:54Z" level=warning msg="certificate with CN  is near expiry" 
[STDERR  ] 2018-01-04T13:51:54.655983363Z: Create outputs:
[STDERR  ] 2018-01-04T13:51:58.995437908Z:   kmod-kernel kmod-initrd.img kmod-cmdline
[STDERR  ] 2018-01-04T13:51:59.038952719Z: + linuxkit run kmod
[STDERR  ] 2018-01-04T13:51:59.061535639Z: Unable to find qemu-system-x86_64 within the $PATH. Using a container
[STDERR  ] 2018-01-04T13:52:20.936816487Z: + RESULT=[    0.000000] Linux version 4.9.74-linuxkit (root@133b92461d02) (gcc version 6.4.0 (Alpine 6.4.0) ) #1 SMP Wed Jan 3 11:41:29 UTC 2018
[STDERR  ] 2018-01-04T13:52:20.936881435Z: [    0.000000] Command line: console=ttyS0 console=ttyAMA0
[STDERR  ] 2018-01-04T13:52:20.936903502Z: [    0.000000] x86/fpu: Legacy x87 FPU detected.
[STDERR  ] 2018-01-04T13:52:20.936915289Z: [    0.000000] x86/fpu: Using 'eager' FPU context switches.
[STDERR  ] 2018-01-04T13:52:20.936925455Z: [    0.000000] e820: BIOS-provided physical RAM map:
[STDERR  ] 2018-01-04T13:52:20.93693644Z: [    0.000000] BIOS-e820: [mem 0x0000000000000000-0x000000000009fbff] usable
[STDERR  ] 2018-01-04T13:52:20.936948886Z: [    0.000000] BIOS-e820: [mem 0x000000000009fc00-0x000000000009ffff] reserved
[STDERR  ] 2018-01-04T13:52:20.936960816Z: [    0.000000] BIOS-e820: [mem 0x00000000000f0000-0x00000000000fffff] reserved
[STDERR  ] 2018-01-04T13:52:20.936991324Z: [    0.000000] BIOS-e820: [mem 0x0000000000100000-0x000000003ffdefff] usable
[STDERR  ] 2018-01-04T13:52:20.937004097Z: [    0.000000] BIOS-e820: [mem 0x000000003ffdf000-0x000000003fffffff] reserved
[STDERR  ] 2018-01-04T13:52:20.937015276Z: [    0.000000] BIOS-e820: [mem 0x00000000b0000000-0x00000000bfffffff] reserved
[STDERR  ] 2018-01-04T13:52:20.937026716Z: [    0.000000] BIOS-e820: [mem 0x00000000fed1c000-0x00000000fed1ffff] reserved
[STDERR  ] 2018-01-04T13:52:20.937037421Z: [    0.000000] BIOS-e820: [mem 0x00000000fffc0000-0x00000000ffffffff] reserved
[STDERR  ] 2018-01-04T13:52:20.937048067Z: [    0.000000] NX (Execute Disable) protection: active
[STDERR  ] 2018-01-04T13:52:20.937058669Z: [    0.000000] SMBIOS 2.8 present.
[STDERR  ] 2018-01-04T13:52:20.937082882Z: [    0.000000] e820: last_pfn = 0x3ffdf max_arch_pfn = 0x400000000
[STDERR  ] 2018-01-04T13:52:20.937094964Z: [    0.000000] x86/PAT: Configuration [0-7]: WB  WC  UC- UC  WB  WC  UC- WT  
[STDERR  ] 2018-01-04T13:52:20.937106538Z: [    0.000000] found SMP MP-table at [mem 0x000f6aa0-0x000f6aaf] mapped at [ffff9ff5c00f6aa0]
[STDERR  ] 2018-01-04T13:52:20.937116897Z: [    0.000000] RAMDISK: [mem 0x3e813000-0x3ffcffff]
[STDERR  ] 2018-01-04T13:52:20.937127282Z: [    0.000000] ACPI: Early table checksum verification disabled
[STDERR  ] 2018-01-04T13:52:20.937137915Z: [    0.000000] ACPI: RSDP 0x00000000000F68B0 000014 (v00 BOCHS )
[STDERR  ] 2018-01-04T13:52:20.937147637Z: [    0.000000] ACPI: RSDT 0x000000003FFE20A8 000034 (v01 BOCHS  BXPCRSDT 00000001 BXPC 00000001)
[STDERR  ] 2018-01-04T13:52:20.937174478Z: [    0.000000] ACPI: FACP 0x000000003FFE1EC8 0000F4 (v03 BOCHS  BXPCFACP 00000001 BXPC 00000001)
[STDERR  ] 2018-01-04T13:52:20.937186125Z: [    0.000000] ACPI: DSDT 0x000000003FFE0040 001E88 (v01 BOCHS  BXPCDSDT 00000001 BXPC 00000001)
[STDERR  ] 2018-01-04T13:52:20.937196789Z: [    0.000000] ACPI: FACS 0x000000003FFE0000 000040
[STDERR  ] 2018-01-04T13:52:20.937206825Z: [    0.000000] ACPI: APIC 0x000000003FFE1FBC 000078 (v01 BOCHS  BXPCAPIC 00000001 BXPC 00000001)
[STDERR  ] 2018-01-04T13:52:20.937217773Z: [    0.000000] ACPI: HPET 0x000000003FFE2034 000038 (v01 BOCHS  BXPCHPET 00000001 BXPC 00000001)
[STDERR  ] 2018-01-04T13:52:20.937235009Z: [    0.000000] ACPI: MCFG 0x000000003FFE206C 00003C (v01 BOCHS  BXPCMCFG 00000001 BXPC 00000001)
[STDERR  ] 2018-01-04T13:52:20.937245806Z: [    0.000000] Zone ranges:
[STDERR  ] 2018-01-04T13:52:20.937255629Z: [    0.000000]   DMA      [mem 0x0000000000001000-0x0000000000ffffff]
[STDERR  ] 2018-01-04T13:52:20.937265319Z: [    0.000000]   DMA32    [mem 0x0000000001000000-0x000000003ffdefff]
[STDERR  ] 2018-01-04T13:52:20.937274758Z: [    0.000000]   Normal   empty
[STDERR  ] 2018-01-04T13:52:20.937284303Z: [    0.000000] Movable zone start for each node
[STDERR  ] 2018-01-04T13:52:20.937293852Z: [    0.000000] Early memory node ranges
[STDERR  ] 2018-01-04T13:52:20.937303492Z: [    0.000000]   node   0: [mem 0x0000000000001000-0x000000000009efff]
[STDERR  ] 2018-01-04T13:52:20.937313787Z: [    0.000000]   node   0: [mem 0x0000000000100000-0x000000003ffdefff]
[STDERR  ] 2018-01-04T13:52:20.93732416Z: [    0.000000] Initmem setup node 0 [mem 0x0000000000001000-0x000000003ffdefff]
[STDERR  ] 2018-01-04T13:52:20.937334186Z: [    0.000000] ACPI: PM-Timer IO Port: 0x608
[STDERR  ] 2018-01-04T13:52:20.937344164Z: [    0.000000] ACPI: LAPIC_NMI (acpi_id[0xff] dfl dfl lint[0x1])
[STDERR  ] 2018-01-04T13:52:20.937354884Z: [    0.000000] IOAPIC[0]: apic_id 0, version 32, address 0xfec00000, GSI 0-23
[STDERR  ] 2018-01-04T13:52:20.937367286Z: [    0.000000] ACPI: INT_SRC_OVR (bus 0 bus_irq 0 global_irq 2 dfl dfl)
[STDERR  ] 2018-01-04T13:52:20.937377186Z: [    0.000000] ACPI: INT_SRC_OVR (bus 0 bus_irq 5 global_irq 5 high level)
[STDERR  ] 2018-01-04T13:52:20.937387617Z: [    0.000000] ACPI: INT_SRC_OVR (bus 0 bus_irq 9 global_irq 9 high level)
[STDERR  ] 2018-01-04T13:52:20.937397511Z: [    0.000000] ACPI: INT_SRC_OVR (bus 0 bus_irq 10 global_irq 10 high level)
[STDERR  ] 2018-01-04T13:52:20.937410563Z: [    0.000000] ACPI: INT_SRC_OVR (bus 0 bus_irq 11 global_irq 11 high level)
[STDERR  ] 2018-01-04T13:52:20.937421555Z: [    0.000000] Using ACPI (MADT) for SMP configuration information
[STDERR  ] 2018-01-04T13:52:20.937431143Z: [    0.000000] ACPI: HPET id: 0x8086a201 base: 0xfed00000
[STDERR  ] 2018-01-04T13:52:20.937440181Z: [    0.000000] smpboot: Allowing 1 CPUs, 0 hotplug CPUs
[STDERR  ] 2018-01-04T13:52:20.937449984Z: [    0.000000] e820: [mem 0x40000000-0xafffffff] available for PCI devices
[STDERR  ] 2018-01-04T13:52:20.937460228Z: [    0.000000] Booting paravirtualized kernel on bare hardware
[STDERR  ] 2018-01-04T13:52:20.937471424Z: [    0.000000] clocksource: refined-jiffies: mask: 0xffffffff max_cycles: 0xffffffff, max_idle_ns: 19112604462750000 ns
[STDERR  ] 2018-01-04T13:52:20.937482194Z: [    0.000000] setup_percpu: NR_CPUS:128 nr_cpumask_bits:128 nr_cpu_ids:1 nr_node_ids:1
[STDERR  ] 2018-01-04T13:52:20.937492055Z: [    0.000000] percpu: Embedded 35 pages/cpu @ffff9ff5fe600000 s105048 r8192 d30120 u2097152
[STDERR  ] 2018-01-04T13:52:20.937501189Z: [    0.000000] Built 1 zonelists in Zone order, mobility grouping on.  Total pages: 257896
[STDERR  ] 2018-01-04T13:52:20.937514029Z: [    0.000000] Kernel command line: console=ttyS0 console=ttyAMA0
[STDERR  ] 2018-01-04T13:52:20.937523902Z: [    0.000000] PID hash table entries: 4096 (order: 3, 32768 bytes)
[STDERR  ] 2018-01-04T13:52:20.937533178Z: [    0.000000] Dentry cache hash table entries: 131072 (order: 8, 1048576 bytes)
[STDERR  ] 2018-01-04T13:52:20.937543231Z: [    0.000000] Inode-cache hash table entries: 65536 (order: 7, 524288 bytes)
[STDERR  ] 2018-01-04T13:52:20.937560769Z: [    0.000000] Memory: 989868K/1048052K available (8049K kernel code, 1367K rwdata, 2700K rodata, 1380K init, 564K bss, 58184K reserved, 0K cma-reserved)
[STDERR  ] 2018-01-04T13:52:20.937571986Z: [    0.000000] Hierarchical RCU implementation.
[STDERR  ] 2018-01-04T13:52:20.937586151Z: [    0.000000] 	Build-time adjustment of leaf fanout to 64.
[STDERR  ] 2018-01-04T13:52:20.937595572Z: [    0.000000] 	RCU restricting CPUs from NR_CPUS=128 to nr_cpu_ids=1.
[STDERR  ] 2018-01-04T13:52:20.937605426Z: [    0.000000] RCU: Adjusting geometry for rcu_fanout_leaf=64, nr_cpu_ids=1
[STDERR  ] 2018-01-04T13:52:20.937621049Z: [    0.000000] NR_IRQS:8448 nr_irqs:256 16
[STDERR  ] 2018-01-04T13:52:20.937630742Z: [    0.000000] Console: colour VGA+ 80x25
[STDERR  ] 2018-01-04T13:52:20.937639989Z: [    0.000000] console [ttyS0] enabled
[STDERR  ] 2018-01-04T13:52:20.937649852Z: [    0.000000] clocksource: hpet: mask: 0xffffffff max_cycles: 0xffffffff, max_idle_ns: 19112604467 ns
[STDERR  ] 2018-01-04T13:52:20.937663086Z: [    0.000000] tsc: Fast TSC calibration using PIT
[STDERR  ] 2018-01-04T13:52:20.937672217Z: [    0.000000] tsc: Detected 2599.970 MHz processor
[STDERR  ] 2018-01-04T13:52:20.93768166Z: [    0.021681] Calibrating delay loop (skipped), value calculated using timer frequency.. 5199.94 BogoMIPS (lpj=25999700)
[STDERR  ] 2018-01-04T13:52:20.93769211Z: [    0.022766] pid_max: default: 32768 minimum: 301
[STDERR  ] 2018-01-04T13:52:20.937701661Z: [    0.023738] ACPI: Core revision 20160831
[STDERR  ] 2018-01-04T13:52:20.93771155Z: [    0.050377] ACPI: 1 ACPI AML tables successfully acquired and loaded
[STDERR  ] 2018-01-04T13:52:20.937721138Z: [    0.055022] Security Framework initialized
[STDERR  ] 2018-01-04T13:52:20.937730737Z: [    0.055451] Yama: becoming mindful.
[STDERR  ] 2018-01-04T13:52:20.937742881Z: [    0.057404] Mount-cache hash table entries: 2048 (order: 2, 16384 bytes)
[STDERR  ] 2018-01-04T13:52:20.937752303Z: [    0.057913] Mountpoint-cache hash table entries: 2048 (order: 2, 16384 bytes)
[STDERR  ] 2018-01-04T13:52:20.937762018Z: [    0.075898] Last level iTLB entries: 4KB 0, 2MB 0, 4MB 0
[STDERR  ] 2018-01-04T13:52:20.937771591Z: [    0.076390] Last level dTLB entries: 4KB 0, 2MB 0, 4MB 0, 1GB 0
[STDERR  ] 2018-01-04T13:52:20.937780981Z: [    0.392683] Freeing SMP alternatives memory: 20K
[STDERR  ] 2018-01-04T13:52:20.937790486Z: [    0.401743] ftrace: allocating 35540 entries in 139 pages
[STDERR  ] 2018-01-04T13:52:20.937799981Z: [    0.482253] smpboot: Max logical packages: 1
[STDERR  ] 2018-01-04T13:52:20.937809258Z: [    0.489090] ..TIMER: vector=0x30 apic1=0 pin1=2 apic2=-1 pin2=-1
[STDERR  ] 2018-01-04T13:52:20.937818208Z: [    0.590000] smpboot: CPU0: AMD QEMU Virtual CPU version 2.5+ (family: 0x6, model: 0x6, stepping: 0x3)
[STDERR  ] 2018-01-04T13:52:20.937827809Z: [    0.590000] Performance Events: PMU not available due to virtualization, using software events only.
[STDERR  ] 2018-01-04T13:52:20.937856448Z: [    0.598537] NMI watchdog: disabled (cpu0): hardware events not enabled
[STDERR  ] 2018-01-04T13:52:20.937867145Z: [    0.598916] NMI watchdog: Shutting down hard lockup detector on all cpus
[STDERR  ] 2018-01-04T13:52:20.937876429Z: [    0.602728] x86: Booted up 1 node, 1 CPUs
[STDERR  ] 2018-01-04T13:52:20.937885662Z: [    0.602987] smpboot: Total of 1 processors activated (5199.94 BogoMIPS)
[STDERR  ] 2018-01-04T13:52:20.937894799Z: [    0.617811] devtmpfs: initialized
[STDERR  ] 2018-01-04T13:52:20.937904295Z: [    0.624280] x86/mm: Memory block size: 128MB
[STDERR  ] 2018-01-04T13:52:20.937913429Z: [    0.650471] clocksource: jiffies: mask: 0xffffffff max_cycles: 0xffffffff, max_idle_ns: 19112604462750000 ns
[STDERR  ] 2018-01-04T13:52:20.937922256Z: [    0.651309] futex hash table entries: 256 (order: 2, 16384 bytes)
[STDERR  ] 2018-01-04T13:52:20.937934299Z: [    0.661356] NET: Registered protocol family 16
[STDERR  ] 2018-01-04T13:52:20.937943726Z: [    0.669421] cpuidle: using governor ladder
[STDERR  ] 2018-01-04T13:52:20.937959659Z: [    0.669869] cpuidle: using governor menu
[STDERR  ] 2018-01-04T13:52:20.937969165Z: [    0.671111] ACPI: bus type PCI registered
[STDERR  ] 2018-01-04T13:52:20.937977575Z: [    0.674134] PCI: MMCONFIG for domain 0000 [bus 00-ff] at [mem 0xb0000000-0xbfffffff] (base 0xb0000000)
[STDERR  ] 2018-01-04T13:52:20.937986476Z: [    0.674833] PCI: MMCONFIG at [mem 0xb0000000-0xbfffffff] reserved in E820
[STDERR  ] 2018-01-04T13:52:20.937996496Z: [    0.675702] PCI: Using configuration type 1 for base access
[STDERR  ] 2018-01-04T13:52:20.93800705Z: [    0.716537] HugeTLB registered 2 MB page size, pre-allocated 0 pages
[STDERR  ] 2018-01-04T13:52:20.938021897Z: [    0.728362] ACPI: Added _OSI(Module Device)
[STDERR  ] 2018-01-04T13:52:20.938035347Z: [    0.728662] ACPI: Added _OSI(Processor Device)
[STDERR  ] 2018-01-04T13:52:20.938045411Z: [    0.728913] ACPI: Added _OSI(3.0 _SCP Extensions)
[STDERR  ] 2018-01-04T13:52:20.938054754Z: [    0.729186] ACPI: Added _OSI(Processor Aggregator Device)
[STDERR  ] 2018-01-04T13:52:20.938064033Z: [    0.780113] ACPI: Interpreter enabled
[STDERR  ] 2018-01-04T13:52:20.938082776Z: [    0.781092] ACPI: (supports S0 S5)
[STDERR  ] 2018-01-04T13:52:20.938091959Z: [    0.781417] ACPI: Using IOAPIC for interrupt routing
[STDERR  ] 2018-01-04T13:52:20.938100487Z: [    0.784081] PCI: Using host bridge windows from ACPI; if necessary, use "pci=nocrs" and report a bug
[STDERR  ] 2018-01-04T13:52:20.938110571Z: [    0.830693] ACPI: PCI Root Bridge [PCI0] (domain 0000 [bus 00-ff])
[STDERR  ] 2018-01-04T13:52:20.93812112Z: [    0.831812] acpi PNP0A08:00: _OSC: OS supports [ExtendedConfig ASPM ClockPM Segments MSI]
[STDERR  ] 2018-01-04T13:52:20.938131464Z: [    0.837532] acpi PNP0A08:00: _OSC: OS now controls [PCIeHotplug PME PCIeCapability]
[STDERR  ] 2018-01-04T13:52:20.938140601Z: [    0.841269] PCI host bridge to bus 0000:00
[STDERR  ] 2018-01-04T13:52:20.93814622Z: [    0.841704] pci_bus 0000:00: root bus resource [io  0x0000-0x0cf7 window]
[STDERR  ] 2018-01-04T13:52:20.938152415Z: [    0.842068] pci_bus 0000:00: root bus resource [io  0x0d00-0xffff window]
[STDERR  ] 2018-01-04T13:52:20.938158234Z: [    0.842433] pci_bus 0000:00: root bus resource [mem 0x000a0000-0x000bffff window]
[STDERR  ] 2018-01-04T13:52:20.93816398Z: [    0.842795] pci_bus 0000:00: root bus resource [mem 0xc0000000-0xfebfffff window]
[STDERR  ] 2018-01-04T13:52:20.938169424Z: [    0.843347] pci_bus 0000:00: root bus resource [bus 00-ff]
[STDERR  ] 2018-01-04T13:52:20.938175141Z: [    0.965510] pci 0000:00:1f.0: quirk: [io  0x0600-0x067f] claimed by ICH6 ACPI/GPIO/TCO
[STDERR  ] 2018-01-04T13:52:20.938180651Z: [    1.036511] ACPI: PCI Interrupt Link [LNKA] (IRQs 5 *10 11)
[STDERR  ] 2018-01-04T13:52:20.938186265Z: [    1.038820] ACPI: PCI Interrupt Link [LNKB] (IRQs 5 *10 11)
[STDERR  ] 2018-01-04T13:52:20.938191661Z: [    1.041503] ACPI: PCI Interrupt Link [LNKC] (IRQs 5 10 *11)
[STDERR  ] 2018-01-04T13:52:20.938197052Z: [    1.042929] ACPI: PCI Interrupt Link [LNKD] (IRQs 5 10 *11)
[STDERR  ] 2018-01-04T13:52:20.938202458Z: [    1.044385] ACPI: PCI Interrupt Link [LNKE] (IRQs 5 *10 11)
[STDERR  ] 2018-01-04T13:52:20.938212026Z: [    1.045947] ACPI: PCI Interrupt Link [LNKF] (IRQs 5 *10 11)
[STDERR  ] 2018-01-04T13:52:20.938219348Z: [    1.047790] ACPI: PCI Interrupt Link [LNKG] (IRQs 5 10 *11)
[STDERR  ] 2018-01-04T13:52:20.938224918Z: [    1.049168] ACPI: PCI Interrupt Link [LNKH] (IRQs 5 10 *11)
[STDERR  ] 2018-01-04T13:52:20.938230248Z: [    1.050742] ACPI: PCI Interrupt Link [GSIA] (IRQs *16)
[STDERR  ] 2018-01-04T13:52:20.938235728Z: [    1.051389] ACPI: PCI Interrupt Link [GSIB] (IRQs *17)
[STDERR  ] 2018-01-04T13:52:20.938241058Z: [    1.052024] ACPI: PCI Interrupt Link [GSIC] (IRQs *18)
[STDERR  ] 2018-01-04T13:52:20.938246551Z: [    1.052660] ACPI: PCI Interrupt Link [GSID] (IRQs *19)
[STDERR  ] 2018-01-04T13:52:20.938251976Z: [    1.053272] ACPI: PCI Interrupt Link [GSIE] (IRQs *20)
[STDERR  ] 2018-01-04T13:52:20.938259831Z: [    1.053916] ACPI: PCI Interrupt Link [GSIF] (IRQs *21)
[STDERR  ] 2018-01-04T13:52:20.938270953Z: [    1.054544] ACPI: PCI Interrupt Link [GSIG] (IRQs *22)
[STDERR  ] 2018-01-04T13:52:20.938276605Z: [    1.055168] ACPI: PCI Interrupt Link [GSIH] (IRQs *23)
[STDERR  ] 2018-01-04T13:52:20.938282153Z: [    1.058404] ACPI: Enabled 1 GPEs in block 00 to 3F
[STDERR  ] 2018-01-04T13:52:20.938287605Z: [    1.062290] SCSI subsystem initialized
[STDERR  ] 2018-01-04T13:52:20.938293168Z: [    1.064957] ACPI: bus type USB registered
[STDERR  ] 2018-01-04T13:52:20.938298705Z: [    1.066383] usbcore: registered new interface driver usbfs
[STDERR  ] 2018-01-04T13:52:20.938304113Z: [    1.067254] usbcore: registered new interface driver hub
[STDERR  ] 2018-01-04T13:52:20.938313215Z: [    1.068041] usbcore: registered new device driver usb
[STDERR  ] 2018-01-04T13:52:20.938318596Z: [    1.069281] pps_core: LinuxPPS API ver. 1 registered
[STDERR  ] 2018-01-04T13:52:20.938324046Z: [    1.069590] pps_core: Software ver. 5.3.6 - Copyright 2005-2007 Rodolfo Giometti <giometti@linux.it>
[STDERR  ] 2018-01-04T13:52:20.938329762Z: [    1.070282] PTP clock support registered
[STDERR  ] 2018-01-04T13:52:20.938335362Z: [    1.071371] wmi: Mapper loaded
[STDERR  ] 2018-01-04T13:52:20.93834118Z: [    1.072509] PCI: Using ACPI for IRQ routing
[STDERR  ] 2018-01-04T13:52:20.938346702Z: [    1.087939] NetLabel: Initializing
[STDERR  ] 2018-01-04T13:52:20.938352153Z: [    1.088201] NetLabel:  domain hash size = 128
[STDERR  ] 2018-01-04T13:52:20.93835975Z: [    1.088594] NetLabel:  protocols = UNLABELED CIPSOv4
[STDERR  ] 2018-01-04T13:52:20.938365189Z: [    1.091026] NetLabel:  unlabeled traffic allowed by default
[STDERR  ] 2018-01-04T13:52:20.93837071Z: [    1.091967] HPET: 3 timers in total, 0 timers will be used for per-cpu timer
[STDERR  ] 2018-01-04T13:52:20.938376146Z: [    1.092774] hpet0: at MMIO 0xfed00000, IRQs 2, 8, 0
[STDERR  ] 2018-01-04T13:52:20.93838168Z: [    1.093316] hpet0: 3 comparators, 64-bit 100.000000 MHz counter
[STDERR  ] 2018-01-04T13:52:20.938390322Z: [    1.100638] clocksource: Switched to clocksource hpet
[STDERR  ] 2018-01-04T13:52:20.938395724Z: [    1.299394] VFS: Disk quotas dquot_6.6.0
[STDERR  ] 2018-01-04T13:52:20.93840121Z: [    1.300286] VFS: Dquot-cache hash table entries: 512 (order 0, 4096 bytes)
[STDERR  ] 2018-01-04T13:52:20.938406987Z: [    1.303997] FS-Cache: Loaded
[STDERR  ] 2018-01-04T13:52:20.938412703Z: [    1.308768] CacheFiles: Loaded
[STDERR  ] 2018-01-04T13:52:20.938418438Z: [    1.310524] pnp: PnP ACPI init
[STDERR  ] 2018-01-04T13:52:20.938423854Z: [    1.319062] pnp: PnP ACPI: found 5 devices
[STDERR  ] 2018-01-04T13:52:20.938429314Z: [    1.359050] clocksource: acpi_pm: mask: 0xffffff max_cycles: 0xffffff, max_idle_ns: 2085701024 ns
[STDERR  ] 2018-01-04T13:52:20.938434657Z: [    1.363186] NET: Registered protocol family 2
[STDERR  ] 2018-01-04T13:52:20.938440144Z: [    1.370364] TCP established hash table entries: 8192 (order: 4, 65536 bytes)
[STDERR  ] 2018-01-04T13:52:20.938445705Z: [    1.371208] TCP bind hash table entries: 8192 (order: 5, 131072 bytes)
[STDERR  ] 2018-01-04T13:52:20.938451177Z: [    1.371983] TCP: Hash tables configured (established 8192 bind 8192)
[STDERR  ] 2018-01-04T13:52:20.938456455Z: [    1.375437] UDP hash table entries: 512 (order: 2, 16384 bytes)
[STDERR  ] 2018-01-04T13:52:20.938461804Z: [    1.376028] UDP-Lite hash table entries: 512 (order: 2, 16384 bytes)
[STDERR  ] 2018-01-04T13:52:20.938470503Z: [    1.378322] NET: Registered protocol family 1
[STDERR  ] 2018-01-04T13:52:20.938476863Z: [    1.379309] pci 0000:00:01.0: Video device with shadowed ROM at [mem 0x000c0000-0x000dffff]
[STDERR  ] 2018-01-04T13:52:20.938482458Z: [    1.385974] Unpacking initramfs...
[STDERR  ] 2018-01-04T13:52:20.938488024Z: [    4.255925] Freeing initrd memory: 24308K
[STDERR  ] 2018-01-04T13:52:20.938493427Z: [    4.277776] PCLMULQDQ-NI instructions are not detected.
[STDERR  ] 2018-01-04T13:52:20.93849893Z: [    4.279119] AVX or AES-NI instructions are not detected.
[STDERR  ] 2018-01-04T13:52:20.938504461Z: [    4.279602] CPU feature 'AVX registers' is not supported.
[STDERR  ] 2018-01-04T13:52:20.938513418Z: [    4.280048] CPU feature 'AVX registers' is not supported.
[STDERR  ] 2018-01-04T13:52:20.938524358Z: [    4.280864] CPU feature 'AVX registers' is not supported.
[STDERR  ] 2018-01-04T13:52:20.938530008Z: [    4.281256] CPU feature 'AVX registers' is not supported.
[STDERR  ] 2018-01-04T13:52:20.938535322Z: [    4.281637] AVX2 or AES-NI instructions are not detected.
[STDERR  ] 2018-01-04T13:52:20.938540691Z: [    4.282042] AVX2 instructions are not detected.
[STDERR  ] 2018-01-04T13:52:20.938546088Z: [    4.288516] audit: initializing netlink subsys (disabled)
[STDERR  ] 2018-01-04T13:52:20.938554402Z: [    4.290965] audit: type=2000 audit(1515073923.280:1): initialized
[STDERR  ] 2018-01-04T13:52:20.938559959Z: [    4.297197] workingset: timestamp_bits=46 max_order=18 bucket_order=0
[STDERR  ] 2018-01-04T13:52:20.938565738Z: [    4.303872] squashfs: version 4.0 (2009/01/31) Phillip Lougher
[STDERR  ] 2018-01-04T13:52:20.938573448Z: [    4.305975] FS-Cache: Netfs 'cifs' registered for caching
[STDERR  ] 2018-01-04T13:52:20.938583739Z: [    4.306802] fuse init (API version 7.26)
[STDERR  ] 2018-01-04T13:52:20.938589549Z: [    4.308826] SGI XFS with ACLs, security attributes, no debug enabled
[STDERR  ] 2018-01-04T13:52:20.938595505Z: [    4.312991] 9p: Installing v9fs 9p2000 file system support
[STDERR  ] 2018-01-04T13:52:20.938600961Z: [    4.313484] FS-Cache: Netfs '9p' registered for caching
[STDERR  ] 2018-01-04T13:52:20.938610021Z: [    4.340804] NET: Registered protocol family 38
[STDERR  ] 2018-01-04T13:52:20.938615462Z: [    4.341550] Key type asymmetric registered
[STDERR  ] 2018-01-04T13:52:20.938620956Z: [    4.341914] Asymmetric key parser 'x509' registered
[STDERR  ] 2018-01-04T13:52:20.938626299Z: [    4.342944] Block layer SCSI generic (bsg) driver version 0.4 loaded (major 251)
[STDERR  ] 2018-01-04T13:52:20.938632145Z: [    4.344542] io scheduler noop registered
[STDERR  ] 2018-01-04T13:52:20.938637429Z: [    4.344874] io scheduler deadline registered (default)
[STDERR  ] 2018-01-04T13:52:20.938644903Z: [    4.345803] io scheduler cfq registered
[STDERR  ] 2018-01-04T13:52:20.93865039Z: [    4.348158] pci_hotplug: PCI Hot Plug PCI Core version: 0.5
[STDERR  ] 2018-01-04T13:52:20.938656017Z: [    4.348717] pciehp: PCI Express Hot Plug Controller Driver version: 0.4
[STDERR  ] 2018-01-04T13:52:20.938661575Z: [    4.349478] shpchp: Standard Hot Plug PCI Controller Driver version: 0.4
[STDERR  ] 2018-01-04T13:52:20.938667013Z: [    4.351277] hv_vmbus: registering driver hyperv_fb
[STDERR  ] 2018-01-04T13:52:20.938672357Z: [    4.353963] input: Power Button as /devices/LNXSYSTM:00/LNXPWRBN:00/input/input0
[STDERR  ] 2018-01-04T13:52:20.938677763Z: [    4.354987] ACPI: Power Button [PWRF]
[STDERR  ] 2018-01-04T13:52:20.938683109Z: [    4.362486] GHES: HEST is not enabled!
[STDERR  ] 2018-01-04T13:52:20.938688525Z: [    4.372116] ACPI: PCI Interrupt Link [GSIG] enabled at IRQ 22
[STDERR  ] 2018-01-04T13:52:20.938693916Z: [    4.381700] ACPI: PCI Interrupt Link [GSIH] enabled at IRQ 23
[STDERR  ] 2018-01-04T13:52:20.938699472Z: [    4.385713] xenfs: not registering filesystem on non-xen platform
[STDERR  ] 2018-01-04T13:52:20.93870481Z: [    4.387643] Serial: 8250/16550 driver, 4 ports, IRQ sharing disabled
[STDERR  ] 2018-01-04T13:52:20.938710687Z: [    4.410894] 00:04: ttyS0 at I/O 0x3f8 (irq = 4, base_baud = 115200) is a 16550A
[STDERR  ] 2018-01-04T13:52:20.938716486Z: [    4.421704] Non-volatile memory driver v1.3
[STDERR  ] 2018-01-04T13:52:20.9387242Z: [    4.429298] Hangcheck: starting hangcheck timer 0.9.1 (tick is 180 seconds, margin is 60 seconds).
[STDERR  ] 2018-01-04T13:52:20.938733384Z: [    4.434094] random: fast init done
[STDERR  ] 2018-01-04T13:52:20.938742027Z: [    4.435241] random: crng init done
[STDERR  ] 2018-01-04T13:52:20.938750393Z: [    4.462452] loop: module loaded
[STDERR  ] 2018-01-04T13:52:20.93875605Z: [    4.475670] nbd: registered device at major 43
[STDERR  ] 2018-01-04T13:52:20.938765623Z: [    4.507823] lpc_ich 0000:00:1f.0: I/O space for GPIO uninitialized
[STDERR  ] 2018-01-04T13:52:20.938771853Z: [    4.509733] VMware PVSCSI driver - version 1.0.7.0-k
[STDERR  ] 2018-01-04T13:52:20.93877736Z: [    4.510797] hv_vmbus: registering driver hv_storvsc
[STDERR  ] 2018-01-04T13:52:20.938785653Z: [    4.517524] ACPI: PCI Interrupt Link [GSIA] enabled at IRQ 16
[STDERR  ] 2018-01-04T13:52:20.938791223Z: [    4.523870] ahci 0000:00:1f.2: AHCI 0001.0000 32 slots 6 ports 1.5 Gbps 0x3f impl SATA mode
[STDERR  ] 2018-01-04T13:52:20.938796827Z: [    4.524648] ahci 0000:00:1f.2: flags: 64bit ncq only 
[STDERR  ] 2018-01-04T13:52:20.938805317Z: [    4.541313] scsi host0: ahci
[STDERR  ] 2018-01-04T13:52:20.938811216Z: [    4.546017] scsi host1: ahci
[STDERR  ] 2018-01-04T13:52:20.938816916Z: [    4.547992] scsi host2: ahci
[STDERR  ] 2018-01-04T13:52:20.938822568Z: [    4.549751] scsi host3: ahci
[STDERR  ] 2018-01-04T13:52:20.938828136Z: [    4.551648] scsi host4: ahci
[STDERR  ] 2018-01-04T13:52:20.938833401Z: [    4.553429] scsi host5: ahci
[STDERR  ] 2018-01-04T13:52:20.938838822Z: [    4.554875] ata1: SATA max UDMA/133 abar m4096@0xfebd2000 port 0xfebd2100 irq 24
[STDERR  ] 2018-01-04T13:52:20.938844565Z: [    4.555288] ata2: SATA max UDMA/133 abar m4096@0xfebd2000 port 0xfebd2180 irq 24
[STDERR  ] 2018-01-04T13:52:20.938850499Z: [    4.555650] ata3: SATA max UDMA/133 abar m4096@0xfebd2000 port 0xfebd2200 irq 24
[STDERR  ] 2018-01-04T13:52:20.938855844Z: [    4.556076] ata4: SATA max UDMA/133 abar m4096@0xfebd2000 port 0xfebd2280 irq 24
[STDERR  ] 2018-01-04T13:52:20.938861267Z: [    4.556462] ata5: SATA max UDMA/133 abar m4096@0xfebd2000 port 0xfebd2300 irq 24
[STDERR  ] 2018-01-04T13:52:20.938868982Z: [    4.556854] ata6: SATA max UDMA/133 abar m4096@0xfebd2000 port 0xfebd2380 irq 24
[STDERR  ] 2018-01-04T13:52:20.938875408Z: [    4.569372] tun: Universal TUN/TAP device driver, 1.6
[STDERR  ] 2018-01-04T13:52:20.938880875Z: [    4.569719] tun: (C) 1999-2004 Max Krasnyansky <maxk@qualcomm.com>
[STDERR  ] 2018-01-04T13:52:20.938888529Z: [    4.579793] VMware vmxnet3 virtual NIC driver - version 1.4.a.0-k-NAPI
[STDERR  ] 2018-01-04T13:52:20.938894049Z: [    4.581156] hv_vmbus: registering driver hv_netvsc
[STDERR  ] 2018-01-04T13:52:20.938899608Z: [    4.581498] Fusion MPT base driver 3.04.20
[STDERR  ] 2018-01-04T13:52:20.938904969Z: [    4.581709] Copyright (c) 1999-2008 LSI Corporation
[STDERR  ] 2018-01-04T13:52:20.938910411Z: [    4.582283] Fusion MPT SPI Host driver 3.04.20
[STDERR  ] 2018-01-04T13:52:20.938915771Z: [    4.583997] i8042: PNP: PS/2 Controller [PNP0303:KBD,PNP0f13:MOU] at 0x60,0x64 irq 1,12
[STDERR  ] 2018-01-04T13:52:20.938921427Z: [    4.587732] serio: i8042 KBD port at 0x60,0x64 irq 1
[STDERR  ] 2018-01-04T13:52:20.938926834Z: [    4.588361] serio: i8042 AUX port at 0x60,0x64 irq 12
[STDERR  ] 2018-01-04T13:52:20.938932829Z: [    4.591613] hv_vmbus: registering driver hyperv_keyboard
[STDERR  ] 2018-01-04T13:52:20.938938248Z: [    4.593472] mousedev: PS/2 mouse device common for all mice
[STDERR  ] 2018-01-04T13:52:20.938943775Z: [    4.597630] input: AT Translated Set 2 keyboard as /devices/platform/i8042/serio0/input/input1
[STDERR  ] 2018-01-04T13:52:20.938949249Z: [    4.599993] input: PC Speaker as /devices/platform/pcspkr/input/input2
[STDERR  ] 2018-01-04T13:52:20.938954878Z: [    4.603165] rtc_cmos 00:00: RTC can wake from S4
[STDERR  ] 2018-01-04T13:52:20.938960235Z: [    4.606087] rtc_cmos 00:00: rtc core: registered rtc_cmos as rtc0
[STDERR  ] 2018-01-04T13:52:20.938965686Z: [    4.607326] rtc_cmos 00:00: alarms up to one day, y3k, 114 bytes nvram, hpet irqs
[STDERR  ] 2018-01-04T13:52:20.93897133Z: [    4.607956] i2c /dev entries driver
[STDERR  ] 2018-01-04T13:52:20.938976742Z: [    4.609756] device-mapper: ioctl: 4.35.0-ioctl (2016-06-23) initialised: dm-devel@redhat.com
[STDERR  ] 2018-01-04T13:52:20.938982105Z: [    4.614124] usbcore: registered new interface driver usbhid
[STDERR  ] 2018-01-04T13:52:20.938987562Z: [    4.614494] usbhid: USB HID core driver
[STDERR  ] 2018-01-04T13:52:20.939000349Z: [    4.615088] hv_utils: Registering HyperV Utility Driver
[STDERR  ] 2018-01-04T13:52:20.939005986Z: [    4.615356] hv_vmbus: registering driver hv_util
[STDERR  ] 2018-01-04T13:52:20.93901141Z: [    4.615626] hv_vmbus: registering driver hv_balloon
[STDERR  ] 2018-01-04T13:52:20.939016838Z: [    4.616182] oprofile: using NMI interrupt.
[STDERR  ] 2018-01-04T13:52:20.939022379Z: [    4.617363] GACT probability on
[STDERR  ] 2018-01-04T13:52:20.93902977Z: [    4.617821] Mirror/redirect action on
[STDERR  ] 2018-01-04T13:52:20.939035253Z: [    4.618618] Simple TC action Loaded
[STDERR  ] 2018-01-04T13:52:20.93904367Z: [    4.619186] u32 classifier
[STDERR  ] 2018-01-04T13:52:20.939049071Z: [    4.619363]     Performance counters on
[STDERR  ] 2018-01-04T13:52:20.939054466Z: [    4.619578]     input device check on
[STDERR  ] 2018-01-04T13:52:20.939060096Z: [    4.619773]     Actions configured
[STDERR  ] 2018-01-04T13:52:20.939065401Z: [    4.620687] Netfilter messages via NETLINK v0.30.
[STDERR  ] 2018-01-04T13:52:20.93907752Z: [    4.621321] nfnl_acct: registering with nfnetlink.
[STDERR  ] 2018-01-04T13:52:20.939082903Z: [    4.622931] nf_conntrack version 0.5.0 (8192 buckets, 32768 max)
[STDERR  ] 2018-01-04T13:52:20.93908845Z: [    4.625782] ctnetlink v0.93: registering with nfnetlink.
[STDERR  ] 2018-01-04T13:52:20.939093856Z: [    4.628581] nf_tables: (c) 2007-2009 Patrick McHardy <kaber@trash.net>
[STDERR  ] 2018-01-04T13:52:20.939099639Z: [    4.629395] nf_tables_compat: (c) 2012 Pablo Neira Ayuso <pablo@netfilter.org>
[STDERR  ] 2018-01-04T13:52:20.93910548Z: [    4.631937] xt_time: kernel timezone is -0000
[STDERR  ] 2018-01-04T13:52:20.939111149Z: [    4.632442] ip_set: protocol 6
[STDERR  ] 2018-01-04T13:52:20.939116423Z: [    4.633104] IPVS: Registered protocols (TCP, UDP, SCTP, AH, ESP)
[STDERR  ] 2018-01-04T13:52:20.939121939Z: [    4.633655] IPVS: Connection hash table configured (size=4096, memory=64Kbytes)
[STDERR  ] 2018-01-04T13:52:20.939127721Z: [    4.635314] IPVS: Creating netns size=2104 id=0
[STDERR  ] 2018-01-04T13:52:20.939133096Z: [    4.637949] IPVS: ipvs loaded.
[STDERR  ] 2018-01-04T13:52:20.939138573Z: [    4.638307] IPVS: [rr] scheduler registered.
[STDERR  ] 2018-01-04T13:52:20.939144024Z: [    4.638608] IPVS: [wrr] scheduler registered.
[STDERR  ] 2018-01-04T13:52:20.939149215Z: [    4.638869] IPVS: [lc] scheduler registered.
[STDERR  ] 2018-01-04T13:52:20.939154722Z: [    4.639104] IPVS: [wlc] scheduler registered.
[STDERR  ] 2018-01-04T13:52:20.939162588Z: [    4.639381] IPVS: [fo] scheduler registered.
[STDERR  ] 2018-01-04T13:52:20.939168234Z: [    4.639629] IPVS: [ovf] scheduler registered.
[STDERR  ] 2018-01-04T13:52:20.93917361Z: [    4.640511] IPVS: [lblc] scheduler registered.
[STDERR  ] 2018-01-04T13:52:20.93917909Z: [    4.640926] IPVS: [lblcr] scheduler registered.
[STDERR  ] 2018-01-04T13:52:20.939184371Z: [    4.641185] IPVS: [dh] scheduler registered.
[STDERR  ] 2018-01-04T13:52:20.939189811Z: [    4.641488] IPVS: [sh] scheduler registered.
[STDERR  ] 2018-01-04T13:52:20.939195152Z: [    4.641725] IPVS: [sed] scheduler registered.
[STDERR  ] 2018-01-04T13:52:20.939200608Z: [    4.641971] IPVS: [nq] scheduler registered.
[STDERR  ] 2018-01-04T13:52:20.939205947Z: [    4.642621] IPVS: ftp: loaded support on port[0] = 21
[STDERR  ] 2018-01-04T13:52:20.939211431Z: [    4.643450] ipip: IPv4 and MPLS over IPv4 tunneling driver
[STDERR  ] 2018-01-04T13:52:20.939218518Z: [    4.647028] gre: GRE over IPv4 demultiplexor driver
[STDERR  ] 2018-01-04T13:52:20.939223965Z: [    4.649718] ip_tables: (C) 2000-2006 Netfilter Core Team
[STDERR  ] 2018-01-04T13:52:20.939229395Z: [    4.653181] ipt_CLUSTERIP: ClusterIP Version 0.8 loaded successfully
[STDERR  ] 2018-01-04T13:52:20.939234964Z: [    4.653969] arp_tables: arp_tables: (C) 2002 David S. Miller
[STDERR  ] 2018-01-04T13:52:20.93924024Z: [    4.656180] NET: Registered protocol family 10
[STDERR  ] 2018-01-04T13:52:20.93924564Z: [    4.666685] ip6_tables: (C) 2000-2006 Netfilter Core Team
[STDERR  ] 2018-01-04T13:52:20.939254756Z: [    4.674476] NET: Registered protocol family 17
[STDERR  ] 2018-01-04T13:52:20.939260311Z: [    4.675556] Bridge firewalling registered
[STDERR  ] 2018-01-04T13:52:20.939265795Z: [    4.676105] Ebtables v2.0 registered
[STDERR  ] 2018-01-04T13:52:20.939271103Z: [    4.677935] 8021q: 802.1Q VLAN Support v1.8
[STDERR  ] 2018-01-04T13:52:20.939276525Z: [    4.679293] 9pnet: Installing 9P2000 support
[STDERR  ] 2018-01-04T13:52:20.939281802Z: [    4.681266] Key type dns_resolver registered
[STDERR  ] 2018-01-04T13:52:20.939286995Z: [    4.682116] microcode: AMD CPU family 0x6 not supported
[STDERR  ] 2018-01-04T13:52:20.939295276Z: [    4.685401] registered taskstats version 1
[STDERR  ] 2018-01-04T13:52:20.939300903Z: [    4.852996] Key type big_key registered
[STDERR  ] 2018-01-04T13:52:20.939306291Z: [    4.894200] ata3: SATA link up 1.5 Gbps (SStatus 113 SControl 300)
[STDERR  ] 2018-01-04T13:52:20.939313211Z: [    4.899793] ata3.00: ATAPI: QEMU DVD-ROM, 2.5+, max UDMA/100
[STDERR  ] 2018-01-04T13:52:20.939318663Z: [    4.900653] ata3.00: applying bridge limits
[STDERR  ] 2018-01-04T13:52:20.939324025Z: [    4.902042] ata2: SATA link down (SStatus 0 SControl 300)
[STDERR  ] 2018-01-04T13:52:20.939329415Z: [    4.903161] ata1: SATA link down (SStatus 0 SControl 300)
[STDERR  ] 2018-01-04T13:52:20.939334785Z: [    4.904249] ata4: SATA link down (SStatus 0 SControl 300)
[STDERR  ] 2018-01-04T13:52:20.939340106Z: [    4.904703] ata5: SATA link down (SStatus 0 SControl 300)
[STDERR  ] 2018-01-04T13:52:20.939345529Z: [    4.911547] ata3.00: configured for UDMA/100
[STDERR  ] 2018-01-04T13:52:20.93935084Z: [    4.913109] ata6: SATA link down (SStatus 0 SControl 300)
[STDERR  ] 2018-01-04T13:52:20.939356193Z: [    4.931400] scsi 2:0:0:0: CD-ROM            QEMU     QEMU DVD-ROM     2.5+ PQ: 0 ANSI: 5
[STDERR  ] 2018-01-04T13:52:20.939361682Z: [    4.963553] sr 2:0:0:0: [sr0] scsi3-mmc drive: 4x/4x cd/rw xa/form2 tray
[STDERR  ] 2018-01-04T13:52:20.939383596Z: [    4.964259] cdrom: Uniform CD-ROM driver Revision: 3.20
[STDERR  ] 2018-01-04T13:52:20.93939572Z: [    4.971665] sr 2:0:0:0: Attached scsi generic sg0 type 5
[STDERR  ] 2018-01-04T13:52:20.93940154Z: [    5.018047] Key type encrypted registered
[STDERR  ] 2018-01-04T13:52:20.93940699Z: [    5.023721] rtc_cmos 00:00: setting system clock to 2018-01-04 13:52:05 UTC (1515073925)
[STDERR  ] 2018-01-04T13:52:20.939414882Z: [    5.155204] Freeing unused kernel memory: 1380K
[STDERR  ] 2018-01-04T13:52:20.939422473Z: [    5.155547] Write protecting the kernel read-only data: 12288k
[STDERR  ] 2018-01-04T13:52:20.939428164Z: [    5.160850] Freeing unused kernel memory: 128K
[STDERR  ] 2018-01-04T13:52:20.939433549Z: [    5.213933] Freeing unused kernel memory: 1396K
[STDERR  ] 2018-01-04T13:52:20.939439077Z: [    5.280498] tsc: Refined TSC clocksource calibration: 2599.976 MHz
[STDERR  ] 2018-01-04T13:52:20.939444964Z: [    5.281034] clocksource: tsc: mask: 0xffffffffffffffff max_cycles: 0x257a25906f7, max_idle_ns: 440795319676 ns
[STDERR  ] 2018-01-04T13:52:20.939450604Z: [    6.295944] clocksource: Switched to clocksource tsc
[STDERR  ] 2018-01-04T13:52:20.939455895Z: 
[STDERR  ] 2018-01-04T13:52:20.939461655Z: Welcome to LinuxKit
[STDERR  ] 2018-01-04T13:52:20.93946705Z: 
[STDERR  ] 2018-01-04T13:52:20.939472561Z:                         ##         .
[STDERR  ] 2018-01-04T13:52:20.939477867Z:                   ## ## ##        ==
[STDERR  ] 2018-01-04T13:52:20.93948317Z:                ## ## ## ## ##    ===
[STDERR  ] 2018-01-04T13:52:20.939488495Z:            /"""""""""""""""""\___/ ===
[STDERR  ] 2018-01-04T13:52:20.939493758Z:           {                       /  ===-
[STDERR  ] 2018-01-04T13:52:20.939499054Z:            \______ O           __/
[STDERR  ] 2018-01-04T13:52:20.939504314Z:              \    \         __/
[STDERR  ] 2018-01-04T13:52:20.939509635Z:               \____\_______/
[STDERR  ] 2018-01-04T13:52:20.939514903Z: 
[STDERR  ] 2018-01-04T13:52:20.93952024Z: Linux linuxkit-b63bff8ab902 4.9.74-linuxkit #1 SMP Wed Jan 3 11:41:29 UTC 2018 x86_64 Linux
[STDERR  ] 2018-01-04T13:52:20.939529903Z: filename:       hello_world.ko
[STDERR  ] 2018-01-04T13:52:20.939535528Z: author:         Rolf Neugebauer <rolf.neugebauer@docker.com>
[STDERR  ] 2018-01-04T13:52:20.9395411Z: description:    A simple Hello World kernel module for testing
[STDERR  ] 2018-01-04T13:52:20.939546518Z: license:        GPL
[STDERR  ] 2018-01-04T13:52:20.939552111Z: depends:        
[STDERR  ] 2018-01-04T13:52:20.939557605Z: vermagic:       4.9.74-linuxkit SMP mod_unload 
[STDERR  ] 2018-01-04T13:52:20.939562899Z: [   15.418381] hello_world: loading out-of-tree module taints kernel.
[STDERR  ] 2018-01-04T13:52:20.939571829Z: [   15.421942] Hello LinuxKit
[STDERR  ] 2018-01-04T13:52:20.939577505Z: [   15.502715] Goodbye LinuxKit.
[STDERR  ] 2018-01-04T13:52:20.939583012Z: Kernel module test suite PASSED
[STDERR  ] 2018-01-04T13:52:20.939588509Z: [   19.649423] ACPI: Preparing to enter system sleep state S5
[STDERR  ] 2018-01-04T13:52:20.939595649Z: [   19.651718] reboot: Power down
[STDERR  ] 2018-01-04T13:52:20.939601115Z: + grep -q Hello LinuxKit
[STDERR  ] 2018-01-04T13:52:20.940204938Z: + echo [    0.000000] Linux version 4.9.74-linuxkit (root@133b92461d02) (gcc version 6.4.0 (Alpine 6.4.0) ) #1 SMP Wed Jan 3 11:41:29 UTC 2018
[STDERR  ] 2018-01-04T13:52:20.940229867Z: [    0.000000] Command line: console=ttyS0 console=ttyAMA0
[STDERR  ] 2018-01-04T13:52:20.940241177Z: [    0.000000] x86/fpu: Legacy x87 FPU detected.
[STDERR  ] 2018-01-04T13:52:20.940252182Z: [    0.000000] x86/fpu: Using 'eager' FPU context switches.
[STDERR  ] 2018-01-04T13:52:20.940267787Z: [    0.000000] e820: BIOS-provided physical RAM map:
[STDERR  ] 2018-01-04T13:52:20.940292463Z: [    0.000000] BIOS-e820: [mem 0x0000000000000000-0x000000000009fbff] usable
[STDERR  ] 2018-01-04T13:52:20.940303733Z: [    0.000000] BIOS-e820: [mem 0x000000000009fc00-0x000000000009ffff] reserved
[STDERR  ] 2018-01-04T13:52:20.940313258Z: [    0.000000] BIOS-e820: [mem 0x00000000000f0000-0x00000000000fffff] reserved
[STDERR  ] 2018-01-04T13:52:20.940323003Z: [    0.000000] BIOS-e820: [mem 0x0000000000100000-0x000000003ffdefff] usable
[STDERR  ] 2018-01-04T13:52:20.940332948Z: [    0.000000] BIOS-e820: [mem 0x000000003ffdf000-0x000000003fffffff] reserved
[STDERR  ] 2018-01-04T13:52:20.940342605Z: [    0.000000] BIOS-e820: [mem 0x00000000b0000000-0x00000000bfffffff] reserved
[STDERR  ] 2018-01-04T13:52:20.940366021Z: [    0.000000] BIOS-e820: [mem 0x00000000fed1c000-0x00000000fed1ffff] reserved
[STDERR  ] 2018-01-04T13:52:20.940376616Z: [    0.000000] BIOS-e820: [mem 0x00000000fffc0000-0x00000000ffffffff] reserved
[STDERR  ] 2018-01-04T13:52:20.940411854Z: [    0.000000] NX (Execute Disable) protection: active
[STDERR  ] 2018-01-04T13:52:20.940421764Z: [    0.000000] SMBIOS 2.8 present.
[STDERR  ] 2018-01-04T13:52:20.940444833Z: [    0.000000] e820: last_pfn = 0x3ffdf max_arch_pfn = 0x400000000
[STDERR  ] 2018-01-04T13:52:20.940608895Z: [    0.000000] x86/PAT: Configuration [0-7]: WB  WC  UC- UC  WB  WC  UC- WT  
[STDERR  ] 2018-01-04T13:52:20.940620714Z: [    0.000000] found SMP MP-table at [mem 0x000f6aa0-0x000f6aaf] mapped at [ffff9ff5c00f6aa0]
[STDERR  ] 2018-01-04T13:52:20.940636348Z: [    0.000000] RAMDISK: [mem 0x3e813000-0x3ffcffff]
[STDERR  ] 2018-01-04T13:52:20.940645799Z: [    0.000000] ACPI: Early table checksum verification disabled
[STDERR  ] 2018-01-04T13:52:20.940655391Z: [    0.000000] ACPI: RSDP 0x00000000000F68B0 000014 (v00 BOCHS )
[STDERR  ] 2018-01-04T13:52:20.940664629Z: [    0.000000] ACPI: RSDT 0x000000003FFE20A8 000034 (v01 BOCHS  BXPCRSDT 00000001 BXPC 00000001)
[STDERR  ] 2018-01-04T13:52:20.940673975Z: [    0.000000] ACPI: FACP 0x000000003FFE1EC8 0000F4 (v03 BOCHS  BXPCFACP 00000001 BXPC 00000001)
[STDERR  ] 2018-01-04T13:52:20.940683058Z: [    0.000000] ACPI: DSDT 0x000000003FFE0040 001E88 (v01 BOCHS  BXPCDSDT 00000001 BXPC 00000001)
[STDERR  ] 2018-01-04T13:52:20.940692398Z: [    0.000000] ACPI: FACS 0x000000003FFE0000 000040
[STDERR  ] 2018-01-04T13:52:20.940701949Z: [    0.000000] ACPI: APIC 0x000000003FFE1FBC 000078 (v01 BOCHS  BXPCAPIC 00000001 BXPC 00000001)
[STDERR  ] 2018-01-04T13:52:20.940720872Z: [    0.000000] ACPI: HPET 0x000000003FFE2034 000038 (v01 BOCHS  BXPCHPET 00000001 BXPC 00000001)
[STDERR  ] 2018-01-04T13:52:20.940730249Z: [    0.000000] ACPI: MCFG 0x000000003FFE206C 00003C (v01 BOCHS  BXPCMCFG 00000001 BXPC 00000001)
[STDERR  ] 2018-01-04T13:52:20.940742145Z: [    0.000000] Zone ranges:
[STDERR  ] 2018-01-04T13:52:20.940751526Z: [    0.000000]   DMA      [mem 0x0000000000001000-0x0000000000ffffff]
[STDERR  ] 2018-01-04T13:52:20.94076143Z: [    0.000000]   DMA32    [mem 0x0000000001000000-0x000000003ffdefff]
[STDERR  ] 2018-01-04T13:52:20.940775265Z: [    0.000000]   Normal   empty
[STDERR  ] 2018-01-04T13:52:20.940785517Z: [    0.000000] Movable zone start for each node
[STDERR  ] 2018-01-04T13:52:20.94079527Z: [    0.000000] Early memory node ranges
[STDERR  ] 2018-01-04T13:52:20.940804496Z: [    0.000000]   node   0: [mem 0x0000000000001000-0x000000000009efff]
[STDERR  ] 2018-01-04T13:52:20.940814166Z: [    0.000000]   node   0: [mem 0x0000000000100000-0x000000003ffdefff]
[STDERR  ] 2018-01-04T13:52:20.94082372Z: [    0.000000] Initmem setup node 0 [mem 0x0000000000001000-0x000000003ffdefff]
[STDERR  ] 2018-01-04T13:52:20.940832751Z: [    0.000000] ACPI: PM-Timer IO Port: 0x608
[STDERR  ] 2018-01-04T13:52:20.940841903Z: [    0.000000] ACPI: LAPIC_NMI (acpi_id[0xff] dfl dfl lint[0x1])
[STDERR  ] 2018-01-04T13:52:20.94085103Z: [    0.000000] IOAPIC[0]: apic_id 0, version 32, address 0xfec00000, GSI 0-23
[STDERR  ] 2018-01-04T13:52:20.940860544Z: [    0.000000] ACPI: INT_SRC_OVR (bus 0 bus_irq 0 global_irq 2 dfl dfl)
[STDERR  ] 2018-01-04T13:52:20.94087342Z: [    0.000000] ACPI: INT_SRC_OVR (bus 0 bus_irq 5 global_irq 5 high level)
[STDERR  ] 2018-01-04T13:52:20.940884543Z: [    0.000000] ACPI: INT_SRC_OVR (bus 0 bus_irq 9 global_irq 9 high level)
[STDERR  ] 2018-01-04T13:52:20.94089387Z: [    0.000000] ACPI: INT_SRC_OVR (bus 0 bus_irq 10 global_irq 10 high level)
[STDERR  ] 2018-01-04T13:52:20.940903096Z: [    0.000000] ACPI: INT_SRC_OVR (bus 0 bus_irq 11 global_irq 11 high level)
[STDERR  ] 2018-01-04T13:52:20.940912199Z: [    0.000000] Using ACPI (MADT) for SMP configuration information
[STDERR  ] 2018-01-04T13:52:20.940921624Z: [    0.000000] ACPI: HPET id: 0x8086a201 base: 0xfed00000
[STDERR  ] 2018-01-04T13:52:20.940930932Z: [    0.000000] smpboot: Allowing 1 CPUs, 0 hotplug CPUs
[STDERR  ] 2018-01-04T13:52:20.940940438Z: [    0.000000] e820: [mem 0x40000000-0xafffffff] available for PCI devices
[STDERR  ] 2018-01-04T13:52:20.940950437Z: [    0.000000] Booting paravirtualized kernel on bare hardware
[STDERR  ] 2018-01-04T13:52:20.940959807Z: [    0.000000] clocksource: refined-jiffies: mask: 0xffffffff max_cycles: 0xffffffff, max_idle_ns: 19112604462750000 ns
[STDERR  ] 2018-01-04T13:52:20.940989897Z: [    0.000000] setup_percpu: NR_CPUS:128 nr_cpumask_bits:128 nr_cpu_ids:1 nr_node_ids:1
[STDERR  ] 2018-01-04T13:52:20.941001421Z: [    0.000000] percpu: Embedded 35 pages/cpu @ffff9ff5fe600000 s105048 r8192 d30120 u2097152
[STDERR  ] 2018-01-04T13:52:20.941010878Z: [    0.000000] Built 1 zonelists in Zone order, mobility grouping on.  Total pages: 257896
[STDERR  ] 2018-01-04T13:52:20.941020268Z: [    0.000000] Kernel command line: console=ttyS0 console=ttyAMA0
[STDERR  ] 2018-01-04T13:52:20.941034126Z: [    0.000000] PID hash table entries: 4096 (order: 3, 32768 bytes)
[STDERR  ] 2018-01-04T13:52:20.941044579Z: [    0.000000] Dentry cache hash table entries: 131072 (order: 8, 1048576 bytes)
[STDERR  ] 2018-01-04T13:52:20.941054455Z: [    0.000000] Inode-cache hash table entries: 65536 (order: 7, 524288 bytes)
[STDERR  ] 2018-01-04T13:52:20.941064575Z: [    0.000000] Memory: 989868K/1048052K available (8049K kernel code, 1367K rwdata, 2700K rodata, 1380K init, 564K bss, 58184K reserved, 0K cma-reserved)
[STDERR  ] 2018-01-04T13:52:20.941075055Z: [    0.000000] Hierarchical RCU implementation.
[STDERR  ] 2018-01-04T13:52:20.941084398Z: [    0.000000] 	Build-time adjustment of leaf fanout to 64.
[STDERR  ] 2018-01-04T13:52:20.941100982Z: [    0.000000] 	RCU restricting CPUs from NR_CPUS=128 to nr_cpu_ids=1.
[STDERR  ] 2018-01-04T13:52:20.941111521Z: [    0.000000] RCU: Adjusting geometry for rcu_fanout_leaf=64, nr_cpu_ids=1
[STDERR  ] 2018-01-04T13:52:20.94112126Z: [    0.000000] NR_IRQS:8448 nr_irqs:256 16
[STDERR  ] 2018-01-04T13:52:20.941131356Z: [    0.000000] Console: colour VGA+ 80x25
[STDERR  ] 2018-01-04T13:52:20.941140153Z: [    0.000000] console [ttyS0] enabled
[STDERR  ] 2018-01-04T13:52:20.94114926Z: [    0.000000] clocksource: hpet: mask: 0xffffffff max_cycles: 0xffffffff, max_idle_ns: 19112604467 ns
[STDERR  ] 2018-01-04T13:52:20.94116336Z: [    0.000000] tsc: Fast TSC calibration using PIT
[STDERR  ] 2018-01-04T13:52:20.941174349Z: [    0.000000] tsc: Detected 2599.970 MHz processor
[STDERR  ] 2018-01-04T13:52:20.941183577Z: [    0.021681] Calibrating delay loop (skipped), value calculated using timer frequency.. 5199.94 BogoMIPS (lpj=25999700)
[STDERR  ] 2018-01-04T13:52:20.941194194Z: [    0.022766] pid_max: default: 32768 minimum: 301
[STDERR  ] 2018-01-04T13:52:20.941207444Z: [    0.023738] ACPI: Core revision 20160831
[STDERR  ] 2018-01-04T13:52:20.94121687Z: [    0.050377] ACPI: 1 ACPI AML tables successfully acquired and loaded
[STDERR  ] 2018-01-04T13:52:20.941227121Z: [    0.055022] Security Framework initialized
[STDERR  ] 2018-01-04T13:52:20.941236735Z: [    0.055451] Yama: becoming mindful.
[STDERR  ] 2018-01-04T13:52:20.941246362Z: [    0.057404] Mount-cache hash table entries: 2048 (order: 2, 16384 bytes)
[STDERR  ] 2018-01-04T13:52:20.941256147Z: [    0.057913] Mountpoint-cache hash table entries: 2048 (order: 2, 16384 bytes)
[STDERR  ] 2018-01-04T13:52:20.941265942Z: [    0.075898] Last level iTLB entries: 4KB 0, 2MB 0, 4MB 0
[STDERR  ] 2018-01-04T13:52:20.941275778Z: [    0.076390] Last level dTLB entries: 4KB 0, 2MB 0, 4MB 0, 1GB 0
[STDERR  ] 2018-01-04T13:52:20.941285754Z: [    0.392683] Freeing SMP alternatives memory: 20K
[STDERR  ] 2018-01-04T13:52:20.94129482Z: [    0.401743] ftrace: allocating 35540 entries in 139 pages
[STDERR  ] 2018-01-04T13:52:20.941308205Z: [    0.482253] smpboot: Max logical packages: 1
[STDERR  ] 2018-01-04T13:52:20.941318038Z: [    0.489090] ..TIMER: vector=0x30 apic1=0 pin1=2 apic2=-1 pin2=-1
[STDERR  ] 2018-01-04T13:52:20.941327561Z: [    0.590000] smpboot: CPU0: AMD QEMU Virtual CPU version 2.5+ (family: 0x6, model: 0x6, stepping: 0x3)
[STDERR  ] 2018-01-04T13:52:20.941337382Z: [    0.590000] Performance Events: PMU not available due to virtualization, using software events only.
[STDERR  ] 2018-01-04T13:52:20.941347132Z: [    0.598537] NMI watchdog: disabled (cpu0): hardware events not enabled
[STDERR  ] 2018-01-04T13:52:20.941356748Z: [    0.598916] NMI watchdog: Shutting down hard lockup detector on all cpus
[STDERR  ] 2018-01-04T13:52:20.941367513Z: [    0.602728] x86: Booted up 1 node, 1 CPUs
[STDERR  ] 2018-01-04T13:52:20.941377145Z: [    0.602987] smpboot: Total of 1 processors activated (5199.94 BogoMIPS)
[STDERR  ] 2018-01-04T13:52:20.941390479Z: [    0.617811] devtmpfs: initialized
[STDERR  ] 2018-01-04T13:52:20.941400739Z: [    0.624280] x86/mm: Memory block size: 128MB
[STDERR  ] 2018-01-04T13:52:20.941410932Z: [    0.650471] clocksource: jiffies: mask: 0xffffffff max_cycles: 0xffffffff, max_idle_ns: 19112604462750000 ns
[STDERR  ] 2018-01-04T13:52:20.941423927Z: [    0.651309] futex hash table entries: 256 (order: 2, 16384 bytes)
[STDERR  ] 2018-01-04T13:52:20.941433253Z: [    0.661356] NET: Registered protocol family 16
[STDERR  ] 2018-01-04T13:52:20.941442742Z: [    0.669421] cpuidle: using governor ladder
[STDERR  ] 2018-01-04T13:52:20.941451527Z: [    0.669869] cpuidle: using governor menu
[STDERR  ] 2018-01-04T13:52:20.941460559Z: [    0.671111] ACPI: bus type PCI registered
[STDERR  ] 2018-01-04T13:52:20.94146985Z: [    0.674134] PCI: MMCONFIG for domain 0000 [bus 00-ff] at [mem 0xb0000000-0xbfffffff] (base 0xb0000000)
[STDERR  ] 2018-01-04T13:52:20.941479246Z: [    0.674833] PCI: MMCONFIG at [mem 0xb0000000-0xbfffffff] reserved in E820
[STDERR  ] 2018-01-04T13:52:20.941494987Z: [    0.675702] PCI: Using configuration type 1 for base access
[STDERR  ] 2018-01-04T13:52:20.941505606Z: [    0.716537] HugeTLB registered 2 MB page size, pre-allocated 0 pages
[STDERR  ] 2018-01-04T13:52:20.941515449Z: [    0.728362] ACPI: Added _OSI(Module Device)
[STDERR  ] 2018-01-04T13:52:20.941525275Z: [    0.728662] ACPI: Added _OSI(Processor Device)
[STDERR  ] 2018-01-04T13:52:20.941534811Z: [    0.728913] ACPI: Added _OSI(3.0 _SCP Extensions)
[STDERR  ] 2018-01-04T13:52:20.941543848Z: [    0.729186] ACPI: Added _OSI(Processor Aggregator Device)
[STDERR  ] 2018-01-04T13:52:20.941558001Z: [    0.780113] ACPI: Interpreter enabled
[STDERR  ] 2018-01-04T13:52:20.941567494Z: [    0.781092] ACPI: (supports S0 S5)
[STDERR  ] 2018-01-04T13:52:20.941584217Z: [    0.781417] ACPI: Using IOAPIC for interrupt routing
[STDERR  ] 2018-01-04T13:52:20.941593508Z: [    0.784081] PCI: Using host bridge windows from ACPI; if necessary, use "pci=nocrs" and report a bug
[STDERR  ] 2018-01-04T13:52:20.941603261Z: [    0.830693] ACPI: PCI Root Bridge [PCI0] (domain 0000 [bus 00-ff])
[STDERR  ] 2018-01-04T13:52:20.941612487Z: [    0.831812] acpi PNP0A08:00: _OSC: OS supports [ExtendedConfig ASPM ClockPM Segments MSI]
[STDERR  ] 2018-01-04T13:52:20.941621851Z: [    0.837532] acpi PNP0A08:00: _OSC: OS now controls [PCIeHotplug PME PCIeCapability]
[STDERR  ] 2018-01-04T13:52:20.941632658Z: [    0.841269] PCI host bridge to bus 0000:00
[STDERR  ] 2018-01-04T13:52:20.941642022Z: [    0.841704] pci_bus 0000:00: root bus resource [io  0x0000-0x0cf7 window]
[STDERR  ] 2018-01-04T13:52:20.941651655Z: [    0.842068] pci_bus 0000:00: root bus resource [io  0x0d00-0xffff window]
[STDERR  ] 2018-01-04T13:52:20.941665095Z: [    0.842433] pci_bus 0000:00: root bus resource [mem 0x000a0000-0x000bffff window]
[STDERR  ] 2018-01-04T13:52:20.941675169Z: [    0.842795] pci_bus 0000:00: root bus resource [mem 0xc0000000-0xfebfffff window]
[STDERR  ] 2018-01-04T13:52:20.941685231Z: [    0.843347] pci_bus 0000:00: root bus resource [bus 00-ff]
[STDERR  ] 2018-01-04T13:52:20.941693931Z: [    0.965510] pci 0000:00:1f.0: quirk: [io  0x0600-0x067f] claimed by ICH6 ACPI/GPIO/TCO
[STDERR  ] 2018-01-04T13:52:20.941702594Z: [    1.036511] ACPI: PCI Interrupt Link [LNKA] (IRQs 5 *10 11)
[STDERR  ] 2018-01-04T13:52:20.941711898Z: [    1.038820] ACPI: PCI Interrupt Link [LNKB] (IRQs 5 *10 11)
[STDERR  ] 2018-01-04T13:52:20.941721599Z: [    1.041503] ACPI: PCI Interrupt Link [LNKC] (IRQs 5 10 *11)
[STDERR  ] 2018-01-04T13:52:20.941730521Z: [    1.042929] ACPI: PCI Interrupt Link [LNKD] (IRQs 5 10 *11)
[STDERR  ] 2018-01-04T13:52:20.941739059Z: [    1.044385] ACPI: PCI Interrupt Link [LNKE] (IRQs 5 *10 11)
[STDERR  ] 2018-01-04T13:52:20.941751937Z: [    1.045947] ACPI: PCI Interrupt Link [LNKF] (IRQs 5 *10 11)
[STDERR  ] 2018-01-04T13:52:20.941761563Z: [    1.047790] ACPI: PCI Interrupt Link [LNKG] (IRQs 5 10 *11)
[STDERR  ] 2018-01-04T13:52:20.941771392Z: [    1.049168] ACPI: PCI Interrupt Link [LNKH] (IRQs 5 10 *11)
[STDERR  ] 2018-01-04T13:52:20.941780352Z: [    1.050742] ACPI: PCI Interrupt Link [GSIA] (IRQs *16)
[STDERR  ] 2018-01-04T13:52:20.941790089Z: [    1.051389] ACPI: PCI Interrupt Link [GSIB] (IRQs *17)
[STDERR  ] 2018-01-04T13:52:20.941799109Z: [    1.052024] ACPI: PCI Interrupt Link [GSIC] (IRQs *18)
[STDERR  ] 2018-01-04T13:52:20.941811497Z: [    1.052660] ACPI: PCI Interrupt Link [GSID] (IRQs *19)
[STDERR  ] 2018-01-04T13:52:20.941820682Z: [    1.053272] ACPI: PCI Interrupt Link [GSIE] (IRQs *20)
[STDERR  ] 2018-01-04T13:52:20.941829843Z: [    1.053916] ACPI: PCI Interrupt Link [GSIF] (IRQs *21)
[STDERR  ] 2018-01-04T13:52:20.94183918Z: [    1.054544] ACPI: PCI Interrupt Link [GSIG] (IRQs *22)
[STDERR  ] 2018-01-04T13:52:20.941848946Z: [    1.055168] ACPI: PCI Interrupt Link [GSIH] (IRQs *23)
[STDERR  ] 2018-01-04T13:52:20.941857847Z: [    1.058404] ACPI: Enabled 1 GPEs in block 00 to 3F
[STDERR  ] 2018-01-04T13:52:20.941866941Z: [    1.062290] SCSI subsystem initialized
[STDERR  ] 2018-01-04T13:52:20.941881847Z: [    1.064957] ACPI: bus type USB registered
[STDERR  ] 2018-01-04T13:52:20.941890914Z: [    1.066383] usbcore: registered new interface driver usbfs
[STDERR  ] 2018-01-04T13:52:20.941899978Z: [    1.067254] usbcore: registered new interface driver hub
[STDERR  ] 2018-01-04T13:52:20.941909014Z: [    1.068041] usbcore: registered new device driver usb
[STDERR  ] 2018-01-04T13:52:20.941918233Z: [    1.069281] pps_core: LinuxPPS API ver. 1 registered
[STDERR  ] 2018-01-04T13:52:20.941927744Z: [    1.069590] pps_core: Software ver. 5.3.6 - Copyright 2005-2007 Rodolfo Giometti <giometti@linux.it>
[STDERR  ] 2018-01-04T13:52:20.941945575Z: [    1.070282] PTP clock support registered
[STDERR  ] 2018-01-04T13:52:20.941957468Z: [    1.071371] wmi: Mapper loaded
[STDERR  ] 2018-01-04T13:52:20.941966574Z: [    1.072509] PCI: Using ACPI for IRQ routing
[STDERR  ] 2018-01-04T13:52:20.941974929Z: [    1.087939] NetLabel: Initializing
[STDERR  ] 2018-01-04T13:52:20.941984087Z: [    1.088201] NetLabel:  domain hash size = 128
[STDERR  ] 2018-01-04T13:52:20.941993628Z: [    1.088594] NetLabel:  protocols = UNLABELED CIPSOv4
[STDERR  ] 2018-01-04T13:52:20.942002931Z: [    1.091026] NetLabel:  unlabeled traffic allowed by default
[STDERR  ] 2018-01-04T13:52:20.942012048Z: [    1.091967] HPET: 3 timers in total, 0 timers will be used for per-cpu timer
[STDERR  ] 2018-01-04T13:52:20.942021859Z: [    1.092774] hpet0: at MMIO 0xfed00000, IRQs 2, 8, 0
[STDERR  ] 2018-01-04T13:52:20.942031591Z: [    1.093316] hpet0: 3 comparators, 64-bit 100.000000 MHz counter
[STDERR  ] 2018-01-04T13:52:20.942040572Z: [    1.100638] clocksource: Switched to clocksource hpet
[STDERR  ] 2018-01-04T13:52:20.942049403Z: [    1.299394] VFS: Disk quotas dquot_6.6.0
[STDERR  ] 2018-01-04T13:52:20.942058573Z: [    1.300286] VFS: Dquot-cache hash table entries: 512 (order 0, 4096 bytes)
[STDERR  ] 2018-01-04T13:52:20.942073266Z: [    1.303997] FS-Cache: Loaded
[STDERR  ] 2018-01-04T13:52:20.942083253Z: [    1.308768] CacheFiles: Loaded
[STDERR  ] 2018-01-04T13:52:20.942093018Z: [    1.310524] pnp: PnP ACPI init
[STDERR  ] 2018-01-04T13:52:20.942101649Z: [    1.319062] pnp: PnP ACPI: found 5 devices
[STDERR  ] 2018-01-04T13:52:20.942110313Z: [    1.359050] clocksource: acpi_pm: mask: 0xffffff max_cycles: 0xffffff, max_idle_ns: 2085701024 ns
[STDERR  ] 2018-01-04T13:52:20.942119842Z: [    1.363186] NET: Registered protocol family 2
[STDERR  ] 2018-01-04T13:52:20.942128716Z: [    1.370364] TCP established hash table entries: 8192 (order: 4, 65536 bytes)
[STDERR  ] 2018-01-04T13:52:20.942140829Z: [    1.371208] TCP bind hash table entries: 8192 (order: 5, 131072 bytes)
[STDERR  ] 2018-01-04T13:52:20.942150924Z: [    1.371983] TCP: Hash tables configured (established 8192 bind 8192)
[STDERR  ] 2018-01-04T13:52:20.942161189Z: [    1.375437] UDP hash table entries: 512 (order: 2, 16384 bytes)
[STDERR  ] 2018-01-04T13:52:20.942170949Z: [    1.376028] UDP-Lite hash table entries: 512 (order: 2, 16384 bytes)
[STDERR  ] 2018-01-04T13:52:20.942180361Z: [    1.378322] NET: Registered protocol family 1
[STDERR  ] 2018-01-04T13:52:20.942189433Z: [    1.379309] pci 0000:00:01.0: Video device with shadowed ROM at [mem 0x000c0000-0x000dffff]
[STDERR  ] 2018-01-04T13:52:20.942201794Z: [    1.385974] Unpacking initramfs...
[STDERR  ] 2018-01-04T13:52:20.942210673Z: [    4.255925] Freeing initrd memory: 24308K
[STDERR  ] 2018-01-04T13:52:20.942219307Z: [    4.277776] PCLMULQDQ-NI instructions are not detected.
[STDERR  ] 2018-01-04T13:52:20.942228573Z: [    4.279119] AVX or AES-NI instructions are not detected.
[STDERR  ] 2018-01-04T13:52:20.942240614Z: [    4.279602] CPU feature 'AVX registers' is not supported.
[STDERR  ] 2018-01-04T13:52:20.942250518Z: [    4.280048] CPU feature 'AVX registers' is not supported.
[STDERR  ] 2018-01-04T13:52:20.942259337Z: [    4.280864] CPU feature 'AVX registers' is not supported.
[STDERR  ] 2018-01-04T13:52:20.942268725Z: [    4.281256] CPU feature 'AVX registers' is not supported.
[STDERR  ] 2018-01-04T13:52:20.942277258Z: [    4.281637] AVX2 or AES-NI instructions are not detected.
[STDERR  ] 2018-01-04T13:52:20.942292232Z: [    4.282042] AVX2 instructions are not detected.
[STDERR  ] 2018-01-04T13:52:20.94230185Z: [    4.288516] audit: initializing netlink subsys (disabled)
[STDERR  ] 2018-01-04T13:52:20.942310727Z: [    4.290965] audit: type=2000 audit(1515073923.280:1): initialized
[STDERR  ] 2018-01-04T13:52:20.942322505Z: [    4.297197] workingset: timestamp_bits=46 max_order=18 bucket_order=0
[STDERR  ] 2018-01-04T13:52:20.942333451Z: [    4.303872] squashfs: version 4.0 (2009/01/31) Phillip Lougher
[STDERR  ] 2018-01-04T13:52:20.942342948Z: [    4.305975] FS-Cache: Netfs 'cifs' registered for caching
[STDERR  ] 2018-01-04T13:52:20.942359398Z: [    4.306802] fuse init (API version 7.26)
[STDERR  ] 2018-01-04T13:52:20.942368679Z: [    4.308826] SGI XFS with ACLs, security attributes, no debug enabled
[STDERR  ] 2018-01-04T13:52:20.942377933Z: [    4.312991] 9p: Installing v9fs 9p2000 file system support
[STDERR  ] 2018-01-04T13:52:20.942386849Z: [    4.313484] FS-Cache: Netfs '9p' registered for caching
[STDERR  ] 2018-01-04T13:52:20.942395806Z: [    4.340804] NET: Registered protocol family 38
[STDERR  ] 2018-01-04T13:52:20.942405581Z: [    4.341550] Key type asymmetric registered
[STDERR  ] 2018-01-04T13:52:20.942414592Z: [    4.341914] Asymmetric key parser 'x509' registered
[STDERR  ] 2018-01-04T13:52:20.942423162Z: [    4.342944] Block layer SCSI generic (bsg) driver version 0.4 loaded (major 251)
[STDERR  ] 2018-01-04T13:52:20.942432452Z: [    4.344542] io scheduler noop registered
[STDERR  ] 2018-01-04T13:52:20.942441376Z: [    4.344874] io scheduler deadline registered (default)
[STDERR  ] 2018-01-04T13:52:20.942450421Z: [    4.345803] io scheduler cfq registered
[STDERR  ] 2018-01-04T13:52:20.942459566Z: [    4.348158] pci_hotplug: PCI Hot Plug PCI Core version: 0.5
[STDERR  ] 2018-01-04T13:52:20.94246936Z: [    4.348717] pciehp: PCI Express Hot Plug Controller Driver version: 0.4
[STDERR  ] 2018-01-04T13:52:20.942479704Z: [    4.349478] shpchp: Standard Hot Plug PCI Controller Driver version: 0.4
[STDERR  ] 2018-01-04T13:52:20.942490226Z: [    4.351277] hv_vmbus: registering driver hyperv_fb
[STDERR  ] 2018-01-04T13:52:20.942499433Z: [    4.353963] input: Power Button as /devices/LNXSYSTM:00/LNXPWRBN:00/input/input0
[STDERR  ] 2018-01-04T13:52:20.942509267Z: [    4.354987] ACPI: Power Button [PWRF]
[STDERR  ] 2018-01-04T13:52:20.94251845Z: [    4.362486] GHES: HEST is not enabled!
[STDERR  ] 2018-01-04T13:52:20.942527732Z: [    4.372116] ACPI: PCI Interrupt Link [GSIG] enabled at IRQ 22
[STDERR  ] 2018-01-04T13:52:20.942537552Z: [    4.381700] ACPI: PCI Interrupt Link [GSIH] enabled at IRQ 23
[STDERR  ] 2018-01-04T13:52:20.94254703Z: [    4.385713] xenfs: not registering filesystem on non-xen platform
[STDERR  ] 2018-01-04T13:52:20.942559112Z: [    4.387643] Serial: 8250/16550 driver, 4 ports, IRQ sharing disabled
[STDERR  ] 2018-01-04T13:52:20.942576268Z: [    4.410894] 00:04: ttyS0 at I/O 0x3f8 (irq = 4, base_baud = 115200) is a 16550A
[STDERR  ] 2018-01-04T13:52:20.942586377Z: [    4.421704] Non-volatile memory driver v1.3
[STDERR  ] 2018-01-04T13:52:20.94259553Z: [    4.429298] Hangcheck: starting hangcheck timer 0.9.1 (tick is 180 seconds, margin is 60 seconds).
[STDERR  ] 2018-01-04T13:52:20.942605187Z: [    4.434094] random: fast init done
[STDERR  ] 2018-01-04T13:52:20.94261499Z: [    4.435241] random: crng init done
[STDERR  ] 2018-01-04T13:52:20.942624121Z: [    4.462452] loop: module loaded
[STDERR  ] 2018-01-04T13:52:20.942633471Z: [    4.475670] nbd: registered device at major 43
[STDERR  ] 2018-01-04T13:52:20.942646285Z: [    4.507823] lpc_ich 0000:00:1f.0: I/O space for GPIO uninitialized
[STDERR  ] 2018-01-04T13:52:20.942655963Z: [    4.509733] VMware PVSCSI driver - version 1.0.7.0-k
[STDERR  ] 2018-01-04T13:52:20.942665076Z: [    4.510797] hv_vmbus: registering driver hv_storvsc
[STDERR  ] 2018-01-04T13:52:20.942674171Z: [    4.517524] ACPI: PCI Interrupt Link [GSIA] enabled at IRQ 16
[STDERR  ] 2018-01-04T13:52:20.942691886Z: [    4.523870] ahci 0000:00:1f.2: AHCI 0001.0000 32 slots 6 ports 1.5 Gbps 0x3f impl SATA mode
[STDERR  ] 2018-01-04T13:52:20.942707778Z: [    4.524648] ahci 0000:00:1f.2: flags: 64bit ncq only 
[STDERR  ] 2018-01-04T13:52:20.942717538Z: [    4.541313] scsi host0: ahci
[STDERR  ] 2018-01-04T13:52:20.942730185Z: [    4.546017] scsi host1: ahci
[STDERR  ] 2018-01-04T13:52:20.942739155Z: [    4.547992] scsi host2: ahci
[STDERR  ] 2018-01-04T13:52:20.942748021Z: [    4.549751] scsi host3: ahci
[STDERR  ] 2018-01-04T13:52:20.942757129Z: [    4.551648] scsi host4: ahci
[STDERR  ] 2018-01-04T13:52:20.942766619Z: [    4.553429] scsi host5: ahci
[STDERR  ] 2018-01-04T13:52:20.942780295Z: [    4.554875] ata1: SATA max UDMA/133 abar m4096@0xfebd2000 port 0xfebd2100 irq 24
[STDERR  ] 2018-01-04T13:52:20.942789976Z: [    4.555288] ata2: SATA max UDMA/133 abar m4096@0xfebd2000 port 0xfebd2180 irq 24
[STDERR  ] 2018-01-04T13:52:20.942805537Z: [    4.555650] ata3: SATA max UDMA/133 abar m4096@0xfebd2000 port 0xfebd2200 irq 24
[STDERR  ] 2018-01-04T13:52:20.942815502Z: [    4.556076] ata4: SATA max UDMA/133 abar m4096@0xfebd2000 port 0xfebd2280 irq 24
[STDERR  ] 2018-01-04T13:52:20.942825042Z: [    4.556462] ata5: SATA max UDMA/133 abar m4096@0xfebd2000 port 0xfebd2300 irq 24
[STDERR  ] 2018-01-04T13:52:20.942834429Z: [    4.556854] ata6: SATA max UDMA/133 abar m4096@0xfebd2000 port 0xfebd2380 irq 24
[STDERR  ] 2018-01-04T13:52:20.942844982Z: [    4.569372] tun: Universal TUN/TAP device driver, 1.6
[STDERR  ] 2018-01-04T13:52:20.942854189Z: [    4.569719] tun: (C) 1999-2004 Max Krasnyansky <maxk@qualcomm.com>
[STDERR  ] 2018-01-04T13:52:20.942863627Z: [    4.579793] VMware vmxnet3 virtual NIC driver - version 1.4.a.0-k-NAPI
[STDERR  ] 2018-01-04T13:52:20.942872653Z: [    4.581156] hv_vmbus: registering driver hv_netvsc
[STDERR  ] 2018-01-04T13:52:20.942882326Z: [    4.581498] Fusion MPT base driver 3.04.20
[STDERR  ] 2018-01-04T13:52:20.942891046Z: [    4.581709] Copyright (c) 1999-2008 LSI Corporation
[STDERR  ] 2018-01-04T13:52:20.942899404Z: [    4.582283] Fusion MPT SPI Host driver 3.04.20
[STDERR  ] 2018-01-04T13:52:20.942907876Z: [    4.583997] i8042: PNP: PS/2 Controller [PNP0303:KBD,PNP0f13:MOU] at 0x60,0x64 irq 1,12
[STDERR  ] 2018-01-04T13:52:20.94291783Z: [    4.587732] serio: i8042 KBD port at 0x60,0x64 irq 1
[STDERR  ] 2018-01-04T13:52:20.942926543Z: [    4.588361] serio: i8042 AUX port at 0x60,0x64 irq 12
[STDERR  ] 2018-01-04T13:52:20.942935716Z: [    4.591613] hv_vmbus: registering driver hyperv_keyboard
[STDERR  ] 2018-01-04T13:52:20.942944748Z: [    4.593472] mousedev: PS/2 mouse device common for all mice
[STDERR  ] 2018-01-04T13:52:20.942954371Z: [    4.597630] input: AT Translated Set 2 keyboard as /devices/platform/i8042/serio0/input/input1
[STDERR  ] 2018-01-04T13:52:20.942963708Z: [    4.599993] input: PC Speaker as /devices/platform/pcspkr/input/input2
[STDERR  ] 2018-01-04T13:52:20.942973864Z: [    4.603165] rtc_cmos 00:00: RTC can wake from S4
[STDERR  ] 2018-01-04T13:52:20.942985585Z: [    4.606087] rtc_cmos 00:00: rtc core: registered rtc_cmos as rtc0
[STDERR  ] 2018-01-04T13:52:20.942994604Z: [    4.607326] rtc_cmos 00:00: alarms up to one day, y3k, 114 bytes nvram, hpet irqs
[STDERR  ] 2018-01-04T13:52:20.943003375Z: [    4.607956] i2c /dev entries driver
[STDERR  ] 2018-01-04T13:52:20.943012205Z: [    4.609756] device-mapper: ioctl: 4.35.0-ioctl (2016-06-23) initialised: dm-devel@redhat.com
[STDERR  ] 2018-01-04T13:52:20.943021957Z: [    4.614124] usbcore: registered new interface driver usbhid
[STDERR  ] 2018-01-04T13:52:20.943031298Z: [    4.614494] usbhid: USB HID core driver
[STDERR  ] 2018-01-04T13:52:20.943040842Z: [    4.615088] hv_utils: Registering HyperV Utility Driver
[STDERR  ] 2018-01-04T13:52:20.943050222Z: [    4.615356] hv_vmbus: registering driver hv_util
[STDERR  ] 2018-01-04T13:52:20.943059238Z: [    4.615626] hv_vmbus: registering driver hv_balloon
[STDERR  ] 2018-01-04T13:52:20.943068171Z: [    4.616182] oprofile: using NMI interrupt.
[STDERR  ] 2018-01-04T13:52:20.943084719Z: [    4.617363] GACT probability on
[STDERR  ] 2018-01-04T13:52:20.943096349Z: [    4.617821] Mirror/redirect action on
[STDERR  ] 2018-01-04T13:52:20.943105368Z: [    4.618618] Simple TC action Loaded
[STDERR  ] 2018-01-04T13:52:20.943114813Z: [    4.619186] u32 classifier
[STDERR  ] 2018-01-04T13:52:20.943123996Z: [    4.619363]     Performance counters on
[STDERR  ] 2018-01-04T13:52:20.943132898Z: [    4.619578]     input device check on
[STDERR  ] 2018-01-04T13:52:20.943141372Z: [    4.619773]     Actions configured
[STDERR  ] 2018-01-04T13:52:20.943150035Z: [    4.620687] Netfilter messages via NETLINK v0.30.
[STDERR  ] 2018-01-04T13:52:20.943164165Z: [    4.621321] nfnl_acct: registering with nfnetlink.
[STDERR  ] 2018-01-04T13:52:20.943173678Z: [    4.622931] nf_conntrack version 0.5.0 (8192 buckets, 32768 max)
[STDERR  ] 2018-01-04T13:52:20.943182424Z: [    4.625782] ctnetlink v0.93: registering with nfnetlink.
[STDERR  ] 2018-01-04T13:52:20.943194923Z: [    4.628581] nf_tables: (c) 2007-2009 Patrick McHardy <kaber@trash.net>
[STDERR  ] 2018-01-04T13:52:20.943204583Z: [    4.629395] nf_tables_compat: (c) 2012 Pablo Neira Ayuso <pablo@netfilter.org>
[STDERR  ] 2018-01-04T13:52:20.943214293Z: [    4.631937] xt_time: kernel timezone is -0000
[STDERR  ] 2018-01-04T13:52:20.943223076Z: [    4.632442] ip_set: protocol 6
[STDERR  ] 2018-01-04T13:52:20.943231997Z: [    4.633104] IPVS: Registered protocols (TCP, UDP, SCTP, AH, ESP)
[STDERR  ] 2018-01-04T13:52:20.943240783Z: [    4.633655] IPVS: Connection hash table configured (size=4096, memory=64Kbytes)
[STDERR  ] 2018-01-04T13:52:20.943249911Z: [    4.635314] IPVS: Creating netns size=2104 id=0
[STDERR  ] 2018-01-04T13:52:20.943258531Z: [    4.637949] IPVS: ipvs loaded.
[STDERR  ] 2018-01-04T13:52:20.943267886Z: [    4.638307] IPVS: [rr] scheduler registered.
[STDERR  ] 2018-01-04T13:52:20.94327758Z: [    4.638608] IPVS: [wrr] scheduler registered.
[STDERR  ] 2018-01-04T13:52:20.943286392Z: [    4.638869] IPVS: [lc] scheduler registered.
[STDERR  ] 2018-01-04T13:52:20.943297408Z: [    4.639104] IPVS: [wlc] scheduler registered.
[STDERR  ] 2018-01-04T13:52:20.943306357Z: [    4.639381] IPVS: [fo] scheduler registered.
[STDERR  ] 2018-01-04T13:52:20.94331529Z: [    4.639629] IPVS: [ovf] scheduler registered.
[STDERR  ] 2018-01-04T13:52:20.943325041Z: [    4.640511] IPVS: [lblc] scheduler registered.
[STDERR  ] 2018-01-04T13:52:20.943334612Z: [    4.640926] IPVS: [lblcr] scheduler registered.
[STDERR  ] 2018-01-04T13:52:20.94334383Z: [    4.641185] IPVS: [dh] scheduler registered.
[STDERR  ] 2018-01-04T13:52:20.943357765Z: [    4.641488] IPVS: [sh] scheduler registered.
[STDERR  ] 2018-01-04T13:52:20.943367258Z: [    4.641725] IPVS: [sed] scheduler registered.
[STDERR  ] 2018-01-04T13:52:20.943376391Z: [    4.641971] IPVS: [nq] scheduler registered.
[STDERR  ] 2018-01-04T13:52:20.943386147Z: [    4.642621] IPVS: ftp: loaded support on port[0] = 21
[STDERR  ] 2018-01-04T13:52:20.943395138Z: [    4.643450] ipip: IPv4 and MPLS over IPv4 tunneling driver
[STDERR  ] 2018-01-04T13:52:20.943404582Z: [    4.647028] gre: GRE over IPv4 demultiplexor driver
[STDERR  ] 2018-01-04T13:52:20.943414071Z: [    4.649718] ip_tables: (C) 2000-2006 Netfilter Core Team
[STDERR  ] 2018-01-04T13:52:20.943423135Z: [    4.653181] ipt_CLUSTERIP: ClusterIP Version 0.8 loaded successfully
[STDERR  ] 2018-01-04T13:52:20.943432878Z: [    4.653969] arp_tables: arp_tables: (C) 2002 David S. Miller
[STDERR  ] 2018-01-04T13:52:20.943443103Z: [    4.656180] NET: Registered protocol family 10
[STDERR  ] 2018-01-04T13:52:20.943452858Z: [    4.666685] ip6_tables: (C) 2000-2006 Netfilter Core Team
[STDERR  ] 2018-01-04T13:52:20.943462096Z: [    4.674476] NET: Registered protocol family 17
[STDERR  ] 2018-01-04T13:52:20.943471689Z: [    4.675556] Bridge firewalling registered
[STDERR  ] 2018-01-04T13:52:20.943480608Z: [    4.676105] Ebtables v2.0 registered
[STDERR  ] 2018-01-04T13:52:20.943489189Z: [    4.677935] 8021q: 802.1Q VLAN Support v1.8
[STDERR  ] 2018-01-04T13:52:20.943498037Z: [    4.679293] 9pnet: Installing 9P2000 support
[STDERR  ] 2018-01-04T13:52:20.943513957Z: [    4.681266] Key type dns_resolver registered
[STDERR  ] 2018-01-04T13:52:20.94352398Z: [    4.682116] microcode: AMD CPU family 0x6 not supported
[STDERR  ] 2018-01-04T13:52:20.943532939Z: [    4.685401] registered taskstats version 1
[STDERR  ] 2018-01-04T13:52:20.943541863Z: [    4.852996] Key type big_key registered
[STDERR  ] 2018-01-04T13:52:20.943550264Z: [    4.894200] ata3: SATA link up 1.5 Gbps (SStatus 113 SControl 300)
[STDERR  ] 2018-01-04T13:52:20.943559179Z: [    4.899793] ata3.00: ATAPI: QEMU DVD-ROM, 2.5+, max UDMA/100
[STDERR  ] 2018-01-04T13:52:20.943580887Z: [    4.900653] ata3.00: applying bridge limits
[STDERR  ] 2018-01-04T13:52:20.943591737Z: [    4.902042] ata2: SATA link down (SStatus 0 SControl 300)
[STDERR  ] 2018-01-04T13:52:20.9436021Z: [    4.903161] ata1: SATA link down (SStatus 0 SControl 300)
[STDERR  ] 2018-01-04T13:52:20.943611967Z: [    4.904249] ata4: SATA link down (SStatus 0 SControl 300)
[STDERR  ] 2018-01-04T13:52:20.943621548Z: [    4.904703] ata5: SATA link down (SStatus 0 SControl 300)
[STDERR  ] 2018-01-04T13:52:20.943631178Z: [    4.911547] ata3.00: configured for UDMA/100
[STDERR  ] 2018-01-04T13:52:20.943640424Z: [    4.913109] ata6: SATA link down (SStatus 0 SControl 300)
[STDERR  ] 2018-01-04T13:52:20.943650433Z: [    4.931400] scsi 2:0:0:0: CD-ROM            QEMU     QEMU DVD-ROM     2.5+ PQ: 0 ANSI: 5
[STDERR  ] 2018-01-04T13:52:20.943660463Z: [    4.963553] sr 2:0:0:0: [sr0] scsi3-mmc drive: 4x/4x cd/rw xa/form2 tray
[STDERR  ] 2018-01-04T13:52:20.943670325Z: [    4.964259] cdrom: Uniform CD-ROM driver Revision: 3.20
[STDERR  ] 2018-01-04T13:52:20.943679983Z: [    4.971665] sr 2:0:0:0: Attached scsi generic sg0 type 5
[STDERR  ] 2018-01-04T13:52:20.943689555Z: [    5.018047] Key type encrypted registered
[STDERR  ] 2018-01-04T13:52:20.943712285Z: [    5.023721] rtc_cmos 00:00: setting system clock to 2018-01-04 13:52:05 UTC (1515073925)
[STDERR  ] 2018-01-04T13:52:20.943722772Z: [    5.155204] Freeing unused kernel memory: 1380K
[STDERR  ] 2018-01-04T13:52:20.943731761Z: [    5.155547] Write protecting the kernel read-only data: 12288k
[STDERR  ] 2018-01-04T13:52:20.943740901Z: [    5.160850] Freeing unused kernel memory: 128K
[STDERR  ] 2018-01-04T13:52:20.943750258Z: [    5.213933] Freeing unused kernel memory: 1396K
[STDERR  ] 2018-01-04T13:52:20.943760185Z: [    5.280498] tsc: Refined TSC clocksource calibration: 2599.976 MHz
[STDERR  ] 2018-01-04T13:52:20.943771032Z: [    5.281034] clocksource: tsc: mask: 0xffffffffffffffff max_cycles: 0x257a25906f7, max_idle_ns: 440795319676 ns
[STDERR  ] 2018-01-04T13:52:20.943780982Z: [    6.295944] clocksource: Switched to clocksource tsc
[STDERR  ] 2018-01-04T13:52:20.943793514Z: 
[STDERR  ] 2018-01-04T13:52:20.943803122Z: Welcome to LinuxKit
[STDERR  ] 2018-01-04T13:52:20.94381238Z: 
[STDERR  ] 2018-01-04T13:52:20.943822332Z:                         ##         .
[STDERR  ] 2018-01-04T13:52:20.943832136Z:                   ## ## ##        ==
[STDERR  ] 2018-01-04T13:52:20.943841183Z:                ## ## ## ## ##    ===
[STDERR  ] 2018-01-04T13:52:20.943850196Z:            /"""""""""""""""""\___/ ===
[STDERR  ] 2018-01-04T13:52:20.94385915Z:           {                       /  ===-
[STDERR  ] 2018-01-04T13:52:20.94386814Z:            \______ O           __/
[STDERR  ] 2018-01-04T13:52:20.943877703Z:              \    \         __/
[STDERR  ] 2018-01-04T13:52:20.943887227Z:               \____\_______/
[STDERR  ] 2018-01-04T13:52:20.943896872Z: 
[STDERR  ] 2018-01-04T13:52:20.943907089Z: Linux linuxkit-b63bff8ab902 4.9.74-linuxkit #1 SMP Wed Jan 3 11:41:29 UTC 2018 x86_64 Linux
[STDERR  ] 2018-01-04T13:52:20.943918973Z: filename:       hello_world.ko
[STDERR  ] 2018-01-04T13:52:20.94392886Z: author:         Rolf Neugebauer <rolf.neugebauer@docker.com>
[STDERR  ] 2018-01-04T13:52:20.94393789Z: description:    A simple Hello World kernel module for testing
[STDERR  ] 2018-01-04T13:52:20.94394705Z: license:        GPL
[STDERR  ] 2018-01-04T13:52:20.943963414Z: depends:        
[STDERR  ] 2018-01-04T13:52:20.943972717Z: vermagic:       4.9.74-linuxkit SMP mod_unload 
[STDERR  ] 2018-01-04T13:52:20.943982254Z: [   15.418381] hello_world: loading out-of-tree module taints kernel.
[STDERR  ] 2018-01-04T13:52:20.943991964Z: [   15.421942] Hello LinuxKit
[STDERR  ] 2018-01-04T13:52:20.944001223Z: [   15.502715] Goodbye LinuxKit.
[STDERR  ] 2018-01-04T13:52:20.944010561Z: Kernel module test suite PASSED
[STDERR  ] 2018-01-04T13:52:20.944022447Z: [   19.649423] ACPI: Preparing to enter system sleep state S5
[STDERR  ] 2018-01-04T13:52:20.944031535Z: [   19.651718] reboot: Power down
[STDERR  ] 2018-01-04T13:52:20.944045458Z: + exit 0
[STDERR  ] 2018-01-04T13:52:20.944055337Z: + clean_up
[STDERR  ] 2018-01-04T13:52:20.944064448Z: + docker rmi kmod-test
[STDOUT  ] 2018-01-04T13:52:20.97068586Z: Untagged: kmod-test:latest
[STDOUT  ] 2018-01-04T13:52:20.97073871Z: Deleted: sha256:4001a36afee0d449c8ed5b9f6a9749b7b327b6579d71a2f53c80a39daeaf6b72
[STDOUT  ] 2018-01-04T13:52:20.97075026Z: Deleted: sha256:751814d3d49af2309a49663b981ba3029471129b83dca8f8aec70291b9859ac6
[STDOUT  ] 2018-01-04T13:52:20.970765046Z: Deleted: sha256:84bebe56b1051271aecd0b2c149a50d4f6c4344ca2ee4386fc2a59d6c1b0bdd8
[STDOUT  ] 2018-01-04T13:52:20.970775819Z: Deleted: sha256:4e01af7ad849e931a5a26a11ad75bf9527009f6b0eb72876671f39455608825b
[STDOUT  ] 2018-01-04T13:52:20.970786483Z: Deleted: sha256:cb1b4740a05bf976c3fd1b1e094a8c0752342ba7250f120d41555fc44c5e31f9
[STDERR  ] 2018-01-04T13:52:20.971541558Z: + rm -rf kmod-cmdline kmod-initrd.img kmod-kernel kmod-state
[PASS    ] linuxkit.kernel.kmod_4.9.x 46.07s
