[INFO    ] 2017-10-20T10:05:22.251593674Z: Running Test linuxkit.packages.mkimage in /tmp/build/test/cases/040_packages/013_mkimage
[INFO    ] 2017-10-20T10:05:22.251695473Z: Running command: [/bin/sh -x /tmp/build/test/cases/040_packages/013_mkimage/test.sh]
[STDERR  ] 2017-10-20T10:05:22.303434888Z: + set -e
[STDERR  ] 2017-10-20T10:05:22.303553407Z: + . /tmp/build/test/cases/_lib/lib.sh
[STDERR  ] 2017-10-20T10:05:22.303570588Z: + [ -f src/github.com/linuxkit/rtf/lib/lib.sh ]
[STDERR  ] 2017-10-20T10:05:22.303580605Z: + LINUXKIT_TMPDIR=/tmp/build/test/cases/_tmp
[STDERR  ] 2017-10-20T10:05:22.30359088Z: + [ -f /tmp/build/test/cases/_tmp/env.sh ]
[STDERR  ] 2017-10-20T10:05:22.30360146Z: + . /tmp/build/test/cases/_tmp/env.sh
[STDERR  ] 2017-10-20T10:05:22.303613442Z: + export LINUXKIT_EXAMPLES_DIR=/tmp/build/test/cases/../../examples
[STDERR  ] 2017-10-20T10:05:22.303642037Z: + export LINUXKIT_BLUEPRINTS_DIR=/tmp/build/test/cases/../../blueprints
[STDERR  ] 2017-10-20T10:05:22.303653904Z: + RT_CANCEL=253
[STDERR  ] 2017-10-20T10:05:22.303665144Z: + trap clean_up EXIT
[STDERR  ] 2017-10-20T10:05:22.303675312Z: + moby build -format kernel+initrd run.yml
[STDERR  ] 2017-10-20T10:05:22.355152394Z: Extract kernel image: linuxkit/kernel:4.9.54
[STDERR  ] 2017-10-20T10:05:24.244170753Z: Add init containers:
[STDERR  ] 2017-10-20T10:05:26.785927724Z: Add onboot containers:
[STDERR  ] 2017-10-20T10:05:26.785985994Z:   Create OCI config for linuxkit/poweroff:ffd3f539a6f4e67d4cd4ff36503636de35edd7b2
[STDERR  ] 2017-10-20T10:05:27.89120995Z: time="2017-10-20T10:05:27Z" level=warning msg="certificate with CN Rolf Neugebauer is near expiry" 
[STDERR  ] 2017-10-20T10:05:27.89251163Z: time="2017-10-20T10:05:27Z" level=warning msg="certificate with CN Rolf Neugebauer is near expiry" 
[STDERR  ] 2017-10-20T10:05:28.056424606Z: Create outputs:
[STDERR  ] 2017-10-20T10:05:32.907931223Z:   run-kernel run-initrd.img run-cmdline
[STDERR  ] 2017-10-20T10:05:32.950169172Z: + moby build -format kernel+initrd mkimage.yml
[STDERR  ] 2017-10-20T10:05:32.979338691Z: Extract kernel image: linuxkit/kernel:4.9.54
[STDERR  ] 2017-10-20T10:05:34.658852113Z: Add init containers:
[STDERR  ] 2017-10-20T10:05:37.249789738Z: Add onboot containers:
[STDERR  ] 2017-10-20T10:05:37.249831576Z:   Create OCI config for linuxkit/mkimage:13b6efeefd97fed9043c9cd3a8fe1fe7ad1cda12
[STDERR  ] 2017-10-20T10:05:38.470245812Z: time="2017-10-20T10:05:38Z" level=warning msg="certificate with CN Rolf Neugebauer is near expiry" 
[STDERR  ] 2017-10-20T10:05:38.474377859Z: time="2017-10-20T10:05:38Z" level=warning msg="certificate with CN Rolf Neugebauer is near expiry" 
[STDERR  ] 2017-10-20T10:05:38.490892659Z: Pull image: docker.io/linuxkit/mkimage:13b6efeefd97fed9043c9cd3a8fe1fe7ad1cda12@sha256:0495c4eef51e277d3c61211a138bba3a9774d2ed7f8442e893157ef7abbb638b
[STDERR  ] 2017-10-20T10:05:44.718456589Z:   Create OCI config for linuxkit/poweroff:ffd3f539a6f4e67d4cd4ff36503636de35edd7b2
[STDERR  ] 2017-10-20T10:05:45.77529674Z: time="2017-10-20T10:05:45Z" level=warning msg="certificate with CN Rolf Neugebauer is near expiry" 
[STDERR  ] 2017-10-20T10:05:45.776608098Z: time="2017-10-20T10:05:45Z" level=warning msg="certificate with CN Rolf Neugebauer is near expiry" 
[STDERR  ] 2017-10-20T10:05:45.914601155Z: Create outputs:
[STDERR  ] 2017-10-20T10:05:50.531322325Z:   mkimage-kernel mkimage-initrd.img mkimage-cmdline
[STDERR  ] 2017-10-20T10:05:50.580662013Z: + tar cf tarball.img run-kernel run-initrd.img run-cmdline
[STDERR  ] 2017-10-20T10:05:50.70981477Z: + linuxkit run qemu -disk disk.qcow2,size=200M,format=qcow2 -disk tarball.img,format=raw -kernel mkimage
[STDERR  ] 2017-10-20T10:05:50.727987949Z: Unable to find qemu-system-x86_64 within the $PATH. Using a container
[STDERR  ] 2017-10-20T10:05:51.420781303Z: Using existing disk [tarball.img] format raw
[STDOUT  ] 2017-10-20T10:05:53.33621337Z: [    0.000000] Linux version 4.9.54-linuxkit (root@e73ac76f2f14) (gcc version 6.3.0 (Alpine 6.3.0) ) #1 SMP Wed Oct 11 11:30:59 UTC 2017
[STDOUT  ] 2017-10-20T10:05:53.33638188Z: [    0.000000] Command line: console=ttyS0
[STDOUT  ] 2017-10-20T10:05:53.336409345Z: [    0.000000] x86/fpu: Legacy x87 FPU detected.
[STDOUT  ] 2017-10-20T10:05:53.336737061Z: [    0.000000] x86/fpu: Using 'eager' FPU context switches.
[STDOUT  ] 2017-10-20T10:05:53.336768892Z: [    0.000000] e820: BIOS-provided physical RAM map:
[STDOUT  ] 2017-10-20T10:05:53.33715706Z: [    0.000000] BIOS-e820: [mem 0x0000000000000000-0x000000000009fbff] usable
[STDOUT  ] 2017-10-20T10:05:53.337260648Z: [    0.000000] BIOS-e820: [mem 0x000000000009fc00-0x000000000009ffff] reserved
[STDOUT  ] 2017-10-20T10:05:53.337565234Z: [    0.000000] BIOS-e820: [mem 0x00000000000f0000-0x00000000000fffff] reserved
[STDOUT  ] 2017-10-20T10:05:53.337862204Z: [    0.000000] BIOS-e820: [mem 0x0000000000100000-0x000000003ffddfff] usable
[STDOUT  ] 2017-10-20T10:05:53.338045322Z: [    0.000000] BIOS-e820: [mem 0x000000003ffde000-0x000000003fffffff] reserved
[STDOUT  ] 2017-10-20T10:05:53.33830947Z: [    0.000000] BIOS-e820: [mem 0x00000000b0000000-0x00000000bfffffff] reserved
[STDOUT  ] 2017-10-20T10:05:53.338644262Z: [    0.000000] BIOS-e820: [mem 0x00000000fed1c000-0x00000000fed1ffff] reserved
[STDOUT  ] 2017-10-20T10:05:53.338744454Z: [    0.000000] BIOS-e820: [mem 0x00000000fffc0000-0x00000000ffffffff] reserved
[STDOUT  ] 2017-10-20T10:05:53.339048088Z: [    0.000000] NX (Execute Disable) protection: active
[STDOUT  ] 2017-10-20T10:05:53.339149134Z: [    0.000000] SMBIOS 2.8 present.
[STDOUT  ] 2017-10-20T10:05:53.339445728Z: [    0.000000] e820: last_pfn = 0x3ffde max_arch_pfn = 0x400000000
[STDOUT  ] 2017-10-20T10:05:53.339555068Z: [    0.000000] x86/PAT: Configuration [0-7]: WB  WC  UC- UC  WB  WC  UC- WT  
[STDOUT  ] 2017-10-20T10:05:53.339857022Z: [    0.000000] found SMP MP-table at [mem 0x000f6aa0-0x000f6aaf] mapped at [ffff8bcd800f6aa0]
[STDOUT  ] 2017-10-20T10:05:53.340053114Z: [    0.000000] RAMDISK: [mem 0x3e374000-0x3ffcffff]
[STDOUT  ] 2017-10-20T10:05:53.34030467Z: [    0.000000] ACPI: Early table checksum verification disabled
[STDOUT  ] 2017-10-20T10:05:53.340562985Z: [    0.000000] ACPI: RSDP 0x00000000000F68C0 000014 (v00 BOCHS )
[STDOUT  ] 2017-10-20T10:05:53.340840847Z: [    0.000000] ACPI: RSDT 0x000000003FFE2404 000034 (v01 BOCHS  BXPCRSDT 00000001 BXPC 00000001)
[STDOUT  ] 2017-10-20T10:05:53.341134798Z: [    0.000000] ACPI: FACP 0x000000003FFE22A4 000074 (v01 BOCHS  BXPCFACP 00000001 BXPC 00000001)
[STDOUT  ] 2017-10-20T10:05:53.341381031Z: [    0.000000] ACPI: DSDT 0x000000003FFE0040 002264 (v01 BOCHS  BXPCDSDT 00000001 BXPC 00000001)
[STDOUT  ] 2017-10-20T10:05:53.341557677Z: [    0.000000] ACPI: FACS 0x000000003FFE0000 000040
[STDOUT  ] 2017-10-20T10:05:53.34189915Z: [    0.000000] ACPI: APIC 0x000000003FFE2318 000078 (v01 BOCHS  BXPCAPIC 00000001 BXPC 00000001)
[STDOUT  ] 2017-10-20T10:05:53.342201682Z: [    0.000000] ACPI: HPET 0x000000003FFE2390 000038 (v01 BOCHS  BXPCHPET 00000001 BXPC 00000001)
[STDOUT  ] 2017-10-20T10:05:53.342508975Z: [    0.000000] ACPI: MCFG 0x000000003FFE23C8 00003C (v01 BOCHS  BXPCMCFG 00000001 BXPC 00000001)
[STDOUT  ] 2017-10-20T10:05:53.34268817Z: [    0.000000] Zone ranges:
[STDOUT  ] 2017-10-20T10:05:53.342912137Z: [    0.000000]   DMA      [mem 0x0000000000001000-0x0000000000ffffff]
[STDOUT  ] 2017-10-20T10:05:53.343093165Z: [    0.000000]   DMA32    [mem 0x0000000001000000-0x000000003ffddfff]
[STDOUT  ] 2017-10-20T10:05:53.343259051Z: [    0.000000]   Normal   empty
[STDOUT  ] 2017-10-20T10:05:53.34348753Z: [    0.000000] Movable zone start for each node
[STDOUT  ] 2017-10-20T10:05:53.343592234Z: [    0.000000] Early memory node ranges
[STDOUT  ] 2017-10-20T10:05:53.343765225Z: [    0.000000]   node   0: [mem 0x0000000000001000-0x000000000009efff]
[STDOUT  ] 2017-10-20T10:05:53.344016975Z: [    0.000000]   node   0: [mem 0x0000000000100000-0x000000003ffddfff]
[STDOUT  ] 2017-10-20T10:05:53.344231302Z: [    0.000000] Initmem setup node 0 [mem 0x0000000000001000-0x000000003ffddfff]
[STDOUT  ] 2017-10-20T10:05:53.34440509Z: [    0.000000] ACPI: PM-Timer IO Port: 0x608
[STDOUT  ] 2017-10-20T10:05:53.3446047Z: [    0.000000] ACPI: LAPIC_NMI (acpi_id[0xff] dfl dfl lint[0x1])
[STDOUT  ] 2017-10-20T10:05:53.344931874Z: [    0.000000] IOAPIC[0]: apic_id 0, version 32, address 0xfec00000, GSI 0-23
[STDOUT  ] 2017-10-20T10:05:53.34508637Z: [    0.000000] ACPI: INT_SRC_OVR (bus 0 bus_irq 0 global_irq 2 dfl dfl)
[STDOUT  ] 2017-10-20T10:05:53.34541932Z: [    0.000000] ACPI: INT_SRC_OVR (bus 0 bus_irq 5 global_irq 5 high level)
[STDOUT  ] 2017-10-20T10:05:53.345593407Z: [    0.000000] ACPI: INT_SRC_OVR (bus 0 bus_irq 9 global_irq 9 high level)
[STDOUT  ] 2017-10-20T10:05:53.345772102Z: [    0.000000] ACPI: INT_SRC_OVR (bus 0 bus_irq 10 global_irq 10 high level)
[STDOUT  ] 2017-10-20T10:05:53.34600307Z: [    0.000000] ACPI: INT_SRC_OVR (bus 0 bus_irq 11 global_irq 11 high level)
[STDOUT  ] 2017-10-20T10:05:53.346414042Z: [    0.000000] Using ACPI (MADT) for SMP configuration information
[STDOUT  ] 2017-10-20T10:05:53.34650626Z: [    0.000000] ACPI: HPET id: 0x8086a201 base: 0xfed00000
[STDOUT  ] 2017-10-20T10:05:53.346630967Z: [    0.000000] smpboot: Allowing 1 CPUs, 0 hotplug CPUs
[STDOUT  ] 2017-10-20T10:05:53.346877432Z: [    0.000000] e820: [mem 0x40000000-0xafffffff] available for PCI devices
[STDOUT  ] 2017-10-20T10:05:53.347198722Z: [    0.000000] Booting paravirtualized kernel on bare hardware
[STDOUT  ] 2017-10-20T10:05:53.347435388Z: [    0.000000] clocksource: refined-jiffies: mask: 0xffffffff max_cycles: 0xffffffff, max_idle_ns: 19112604462750000 ns
[STDOUT  ] 2017-10-20T10:05:53.347692085Z: [    0.000000] setup_percpu: NR_CPUS:128 nr_cpumask_bits:128 nr_cpu_ids:1 nr_node_ids:1
[STDOUT  ] 2017-10-20T10:05:53.348096215Z: [    0.000000] percpu: Embedded 35 pages/cpu @ffff8bcdbe000000 s105240 r8192 d29928 u2097152
[STDOUT  ] 2017-10-20T10:05:53.348333099Z: [    0.000000] Built 1 zonelists in Zone order, mobility grouping on.  Total pages: 257895
[STDOUT  ] 2017-10-20T10:05:53.348514752Z: [    0.000000] Kernel command line: console=ttyS0
[STDOUT  ] 2017-10-20T10:05:53.348758428Z: [    0.000000] PID hash table entries: 4096 (order: 3, 32768 bytes)
[STDOUT  ] 2017-10-20T10:05:53.349076975Z: [    0.000000] Dentry cache hash table entries: 131072 (order: 8, 1048576 bytes)
[STDOUT  ] 2017-10-20T10:05:53.349232461Z: [    0.000000] Inode-cache hash table entries: 65536 (order: 7, 524288 bytes)
[STDOUT  ] 2017-10-20T10:05:53.349797382Z: [    0.000000] Memory: 985128K/1048048K available (8052K kernel code, 1367K rwdata, 2704K rodata, 1380K init, 568K bss, 62920K reserved, 0K cma-reserved)
[STDOUT  ] 2017-10-20T10:05:53.349896795Z: [    0.000000] Hierarchical RCU implementation.
[STDOUT  ] 2017-10-20T10:05:53.350029339Z: [    0.000000] 	Build-time adjustment of leaf fanout to 64.
[STDOUT  ] 2017-10-20T10:05:53.350223305Z: [    0.000000] 	RCU restricting CPUs from NR_CPUS=128 to nr_cpu_ids=1.
[STDOUT  ] 2017-10-20T10:05:53.350664261Z: [    0.000000] RCU: Adjusting geometry for rcu_fanout_leaf=64, nr_cpu_ids=1
[STDOUT  ] 2017-10-20T10:05:53.350776248Z: [    0.000000] NR_IRQS:8448 nr_irqs:256 16
[STDOUT  ] 2017-10-20T10:05:53.350912513Z: [    0.000000] Console: colour VGA+ 80x25
[STDOUT  ] 2017-10-20T10:05:53.351167943Z: [    0.000000] console [ttyS0] enabled
[STDOUT  ] 2017-10-20T10:05:53.354535799Z: [    0.000000] clocksource: hpet: mask: 0xffffffff max_cycles: 0xffffffff, max_idle_ns: 19112604467 ns
[STDOUT  ] 2017-10-20T10:05:53.389244941Z: [    0.000000] tsc: Fast TSC calibration using PIT
[STDOUT  ] 2017-10-20T10:05:53.394698368Z: [    0.000000] tsc: Detected 2599.992 MHz processor
[STDOUT  ] 2017-10-20T10:05:53.397498325Z: [    0.021633] Calibrating delay loop (skipped), value calculated using timer frequency.. 5199.98 BogoMIPS (lpj=25999920)
[STDOUT  ] 2017-10-20T10:05:53.398203468Z: [    0.022926] pid_max: default: 32768 minimum: 301
[STDOUT  ] 2017-10-20T10:05:53.399189746Z: [    0.024074] ACPI: Core revision 20160831
[STDOUT  ] 2017-10-20T10:05:53.441267876Z: [    0.064737] ACPI: 1 ACPI AML tables successfully acquired and loaded
[STDOUT  ] 2017-10-20T10:05:53.446268956Z: [    0.069799] Security Framework initialized
[STDOUT  ] 2017-10-20T10:05:53.446815888Z: [    0.070181] Yama: becoming mindful.
[STDOUT  ] 2017-10-20T10:05:53.449357013Z: [    0.072343] Mount-cache hash table entries: 2048 (order: 2, 16384 bytes)
[STDOUT  ] 2017-10-20T10:05:53.449986915Z: [    0.072965] Mountpoint-cache hash table entries: 2048 (order: 2, 16384 bytes)
[STDOUT  ] 2017-10-20T10:05:53.468783967Z: [    0.092164] Last level iTLB entries: 4KB 0, 2MB 0, 4MB 0
[STDOUT  ] 2017-10-20T10:05:53.469505401Z: [    0.092914] Last level dTLB entries: 4KB 0, 2MB 0, 4MB 0, 1GB 0
[STDOUT  ] 2017-10-20T10:05:53.764594055Z: [    0.388244] Freeing SMP alternatives memory: 20K
[STDOUT  ] 2017-10-20T10:05:53.775027429Z: [    0.398561] ftrace: allocating 35580 entries in 139 pages
[STDOUT  ] 2017-10-20T10:05:54.063627038Z: [    0.557213] smpboot: Max logical packages: 1
[STDOUT  ] 2017-10-20T10:05:54.071268192Z: [    0.564884] ..TIMER: vector=0x30 apic1=0 pin1=2 apic2=-1 pin2=-1
[STDOUT  ] 2017-10-20T10:05:54.287595176Z: [    0.670000] smpboot: CPU0: AMD QEMU Virtual CPU version 2.5+ (family: 0x6, model: 0x6, stepping: 0x3)
[STDOUT  ] 2017-10-20T10:05:54.289353245Z: [    0.670000] Performance Events: PMU not available due to virtualization, using software events only.
[STDOUT  ] 2017-10-20T10:05:54.30572435Z: [    0.678413] NMI watchdog: disabled (cpu0): hardware events not enabled
[STDOUT  ] 2017-10-20T10:05:54.306195414Z: [    0.678986] NMI watchdog: Shutting down hard lockup detector on all cpus
[STDOUT  ] 2017-10-20T10:05:54.310120797Z: [    0.683006] x86: Booted up 1 node, 1 CPUs
[STDOUT  ] 2017-10-20T10:05:54.31077263Z: [    0.683466] smpboot: Total of 1 processors activated (5199.98 BogoMIPS)
[STDOUT  ] 2017-10-20T10:05:54.324268272Z: [    0.697101] devtmpfs: initialized
[STDOUT  ] 2017-10-20T10:05:54.330786046Z: [    0.703877] x86/mm: Memory block size: 128MB
[STDOUT  ] 2017-10-20T10:05:54.39071893Z: [    0.762981] clocksource: jiffies: mask: 0xffffffff max_cycles: 0xffffffff, max_idle_ns: 19112604462750000 ns
[STDOUT  ] 2017-10-20T10:05:54.391459453Z: [    0.763947] futex hash table entries: 256 (order: 2, 16384 bytes)
[STDOUT  ] 2017-10-20T10:05:54.400665873Z: [    0.773720] NET: Registered protocol family 16
[STDOUT  ] 2017-10-20T10:05:54.409854855Z: [    0.783021] cpuidle: using governor ladder
[STDOUT  ] 2017-10-20T10:05:54.410533098Z: [    0.783527] cpuidle: using governor menu
[STDOUT  ] 2017-10-20T10:05:54.411570571Z: [    0.784810] ACPI: bus type PCI registered
[STDOUT  ] 2017-10-20T10:05:54.416104146Z: [    0.788934] PCI: MMCONFIG for domain 0000 [bus 00-ff] at [mem 0xb0000000-0xbfffffff] (base 0xb0000000)
[STDOUT  ] 2017-10-20T10:05:54.417064203Z: [    0.790077] PCI: MMCONFIG at [mem 0xb0000000-0xbfffffff] reserved in E820
[STDOUT  ] 2017-10-20T10:05:54.418350779Z: [    0.791525] PCI: Using configuration type 1 for base access
[STDOUT  ] 2017-10-20T10:05:54.472335581Z: [    0.845207] HugeTLB registered 2 MB page size, pre-allocated 0 pages
[STDOUT  ] 2017-10-20T10:05:54.484263808Z: [    0.857222] ACPI: Added _OSI(Module Device)
[STDOUT  ] 2017-10-20T10:05:54.484484632Z: [    0.857581] ACPI: Added _OSI(Processor Device)
[STDOUT  ] 2017-10-20T10:05:54.484682287Z: [    0.857918] ACPI: Added _OSI(3.0 _SCP Extensions)
[STDOUT  ] 2017-10-20T10:05:54.485161657Z: [    0.858192] ACPI: Added _OSI(Processor Aggregator Device)
[STDOUT  ] 2017-10-20T10:05:54.556248712Z: [    0.928709] ACPI: Interpreter enabled
[STDOUT  ] 2017-10-20T10:05:54.557678323Z: [    0.930599] ACPI: (supports S0 S5)
[STDOUT  ] 2017-10-20T10:05:54.558029431Z: [    0.930987] ACPI: Using IOAPIC for interrupt routing
[STDOUT  ] 2017-10-20T10:05:54.561133721Z: [    0.933730] PCI: Using host bridge windows from ACPI; if necessary, use "pci=nocrs" and report a bug
[STDOUT  ] 2017-10-20T10:05:54.622888073Z: [    0.995753] ACPI: PCI Root Bridge [PCI0] (domain 0000 [bus 00-ff])
[STDOUT  ] 2017-10-20T10:05:54.624261133Z: [    0.997042] acpi PNP0A08:00: _OSC: OS supports [ExtendedConfig ASPM ClockPM Segments MSI]
[STDOUT  ] 2017-10-20T10:05:54.631272767Z: [    1.003842] acpi PNP0A08:00: _OSC: OS now controls [PCIeHotplug PME PCIeCapability]
[STDOUT  ] 2017-10-20T10:05:54.634685093Z: [    1.007680] PCI host bridge to bus 0000:00
[STDOUT  ] 2017-10-20T10:05:54.635383827Z: [    1.008150] pci_bus 0000:00: root bus resource [io  0x0000-0x0cf7 window]
[STDOUT  ] 2017-10-20T10:05:54.635921279Z: [    1.008716] pci_bus 0000:00: root bus resource [io  0x0d00-0xffff window]
[STDOUT  ] 2017-10-20T10:05:54.636616139Z: [    1.009233] pci_bus 0000:00: root bus resource [mem 0x000a0000-0x000bffff window]
[STDOUT  ] 2017-10-20T10:05:54.637359184Z: [    1.010122] pci_bus 0000:00: root bus resource [mem 0xc0000000-0xfebfffff window]
[STDOUT  ] 2017-10-20T10:05:54.638105766Z: [    1.010856] pci_bus 0000:00: root bus resource [bus 00-ff]
[STDOUT  ] 2017-10-20T10:05:54.747555303Z: [    1.120402] pci 0000:00:1f.0: quirk: [io  0x0600-0x067f] claimed by ICH6 ACPI/GPIO/TCO
[STDOUT  ] 2017-10-20T10:05:54.809738007Z: [    1.181898] ACPI: PCI Interrupt Link [LNKA] (IRQs 5 *10 11)
[STDOUT  ] 2017-10-20T10:05:54.812508396Z: [    1.184788] ACPI: PCI Interrupt Link [LNKB] (IRQs 5 *10 11)
[STDOUT  ] 2017-10-20T10:05:54.814692388Z: [    1.187121] ACPI: PCI Interrupt Link [LNKC] (IRQs 5 10 *11)
[STDOUT  ] 2017-10-20T10:05:54.816790844Z: [    1.188976] ACPI: PCI Interrupt Link [LNKD] (IRQs 5 10 *11)
[STDOUT  ] 2017-10-20T10:05:54.818562526Z: [    1.191486] ACPI: PCI Interrupt Link [LNKE] (IRQs 5 *10 11)
[STDOUT  ] 2017-10-20T10:05:54.820481537Z: [    1.193325] ACPI: PCI Interrupt Link [LNKF] (IRQs 5 *10 11)
[STDOUT  ] 2017-10-20T10:05:54.822300191Z: [    1.195172] ACPI: PCI Interrupt Link [LNKG] (IRQs 5 10 *11)
[STDOUT  ] 2017-10-20T10:05:54.823952356Z: [    1.196983] ACPI: PCI Interrupt Link [LNKH] (IRQs 5 10 *11)
[STDOUT  ] 2017-10-20T10:05:54.82485405Z: [    1.197925] ACPI: PCI Interrupt Link [GSIA] (IRQs *16)
[STDOUT  ] 2017-10-20T10:05:54.825708565Z: [    1.198648] ACPI: PCI Interrupt Link [GSIB] (IRQs *17)
[STDOUT  ] 2017-10-20T10:05:54.826781718Z: [    1.199434] ACPI: PCI Interrupt Link [GSIC] (IRQs *18)
[STDOUT  ] 2017-10-20T10:05:54.827621272Z: [    1.200538] ACPI: PCI Interrupt Link [GSID] (IRQs *19)
[STDOUT  ] 2017-10-20T10:05:54.828422904Z: [    1.201360] ACPI: PCI Interrupt Link [GSIE] (IRQs *20)
[STDOUT  ] 2017-10-20T10:05:54.829222765Z: [    1.202174] ACPI: PCI Interrupt Link [GSIF] (IRQs *21)
[STDOUT  ] 2017-10-20T10:05:54.830041095Z: [    1.202983] ACPI: PCI Interrupt Link [GSIG] (IRQs *22)
[STDOUT  ] 2017-10-20T10:05:54.830852612Z: [    1.203800] ACPI: PCI Interrupt Link [GSIH] (IRQs *23)
[STDOUT  ] 2017-10-20T10:05:54.834499091Z: [    1.207544] ACPI: Enabled 2 GPEs in block 00 to 3F
[STDOUT  ] 2017-10-20T10:05:54.838896468Z: [    1.212154] SCSI subsystem initialized
[STDOUT  ] 2017-10-20T10:05:54.840939783Z: [    1.214086] ACPI: bus type USB registered
[STDOUT  ] 2017-10-20T10:05:54.842184993Z: [    1.215286] usbcore: registered new interface driver usbfs
[STDOUT  ] 2017-10-20T10:05:54.843277206Z: [    1.216435] usbcore: registered new interface driver hub
[STDOUT  ] 2017-10-20T10:05:54.844540386Z: [    1.217515] usbcore: registered new device driver usb
[STDOUT  ] 2017-10-20T10:05:54.846147096Z: [    1.219181] pps_core: LinuxPPS API ver. 1 registered
[STDOUT  ] 2017-10-20T10:05:54.846948122Z: [    1.219552] pps_core: Software ver. 5.3.6 - Copyright 2005-2007 Rodolfo Giometti <giometti@linux.it>
[STDOUT  ] 2017-10-20T10:05:54.847689079Z: [    1.220364] PTP clock support registered
[STDOUT  ] 2017-10-20T10:05:54.848887765Z: [    1.221675] wmi: Mapper loaded
[STDOUT  ] 2017-10-20T10:05:54.85026048Z: [    1.222882] PCI: Using ACPI for IRQ routing
[STDOUT  ] 2017-10-20T10:05:54.868951785Z: [    1.242029] NetLabel: Initializing
[STDOUT  ] 2017-10-20T10:05:54.869466655Z: [    1.242384] NetLabel:  domain hash size = 128
[STDOUT  ] 2017-10-20T10:05:54.869826854Z: [    1.242813] NetLabel:  protocols = UNLABELED CIPSOv4
[STDOUT  ] 2017-10-20T10:05:54.872780918Z: [    1.245700] NetLabel:  unlabeled traffic allowed by default
[STDOUT  ] 2017-10-20T10:05:54.874090755Z: [    1.246986] HPET: 3 timers in total, 0 timers will be used for per-cpu timer
[STDOUT  ] 2017-10-20T10:05:54.875001749Z: [    1.247879] hpet0: at MMIO 0xfed00000, IRQs 2, 8, 0
[STDOUT  ] 2017-10-20T10:05:54.875597021Z: [    1.248458] hpet0: 3 comparators, 64-bit 100.000000 MHz counter
[STDOUT  ] 2017-10-20T10:05:54.881004491Z: [    1.253617] clocksource: Switched to clocksource hpet
[STDOUT  ] 2017-10-20T10:05:55.155446334Z: [    1.524466] VFS: Disk quotas dquot_6.6.0
[STDOUT  ] 2017-10-20T10:05:55.156586013Z: [    1.525619] VFS: Dquot-cache hash table entries: 512 (order 0, 4096 bytes)
[STDOUT  ] 2017-10-20T10:05:55.160414493Z: [    1.529623] FS-Cache: Loaded
[STDOUT  ] 2017-10-20T10:05:55.165679553Z: [    1.535022] CacheFiles: Loaded
[STDOUT  ] 2017-10-20T10:05:55.167385107Z: [    1.536726] pnp: PnP ACPI init
[STDOUT  ] 2017-10-20T10:05:55.178503061Z: [    1.547776] pnp: PnP ACPI: found 5 devices
[STDOUT  ] 2017-10-20T10:05:55.228379438Z: [    1.597234] clocksource: acpi_pm: mask: 0xffffff max_cycles: 0xffffff, max_idle_ns: 2085701024 ns
[STDOUT  ] 2017-10-20T10:05:55.232391298Z: [    1.601618] NET: Registered protocol family 2
[STDOUT  ] 2017-10-20T10:05:55.239563389Z: [    1.608754] TCP established hash table entries: 8192 (order: 4, 65536 bytes)
[STDOUT  ] 2017-10-20T10:05:55.240403336Z: [    1.609576] TCP bind hash table entries: 8192 (order: 5, 131072 bytes)
[STDOUT  ] 2017-10-20T10:05:55.241370386Z: [    1.610557] TCP: Hash tables configured (established 8192 bind 8192)
[STDOUT  ] 2017-10-20T10:05:55.243203499Z: [    1.612414] UDP hash table entries: 512 (order: 2, 16384 bytes)
[STDOUT  ] 2017-10-20T10:05:55.243917267Z: [    1.613051] UDP-Lite hash table entries: 512 (order: 2, 16384 bytes)
[STDOUT  ] 2017-10-20T10:05:55.247261932Z: [    1.616471] NET: Registered protocol family 1
[STDOUT  ] 2017-10-20T10:05:55.248804724Z: [    1.617912] pci 0000:00:01.0: Video device with shadowed ROM at [mem 0x000c0000-0x000dffff]
[STDOUT  ] 2017-10-20T10:05:55.25572579Z: [    1.625022] Unpacking initramfs...
[STDOUT  ] 2017-10-20T10:05:58.937134283Z: [    5.306275] Freeing initrd memory: 29040K
[STDOUT  ] 2017-10-20T10:05:58.962650122Z: [    5.331728] PCLMULQDQ-NI instructions are not detected.
[STDOUT  ] 2017-10-20T10:05:58.96429203Z: [    5.333409] AVX or AES-NI instructions are not detected.
[STDOUT  ] 2017-10-20T10:05:58.96487253Z: [    5.333996] CPU feature 'AVX registers' is not supported.
[STDOUT  ] 2017-10-20T10:05:58.965207804Z: [    5.334406] CPU feature 'AVX registers' is not supported.
[STDOUT  ] 2017-10-20T10:05:58.965781798Z: [    5.334873] CPU feature 'AVX registers' is not supported.
[STDOUT  ] 2017-10-20T10:05:58.966103695Z: [    5.335308] CPU feature 'AVX registers' is not supported.
[STDOUT  ] 2017-10-20T10:05:58.966678718Z: [    5.335745] AVX2 or AES-NI instructions are not detected.
[STDOUT  ] 2017-10-20T10:05:58.966941854Z: [    5.336217] AVX2 instructions are not detected.
[STDOUT  ] 2017-10-20T10:05:58.974470769Z: [    5.343632] audit: initializing netlink subsys (disabled)
[STDOUT  ] 2017-10-20T10:05:58.976215083Z: [    5.345289] audit: type=2000 audit(1508493957.340:1): initialized
[STDOUT  ] 2017-10-20T10:05:58.986142832Z: [    5.355184] workingset: timestamp_bits=46 max_order=18 bucket_order=0
[STDOUT  ] 2017-10-20T10:05:58.990635526Z: [    5.359690] squashfs: version 4.0 (2009/01/31) Phillip Lougher
[STDOUT  ] 2017-10-20T10:05:58.995147932Z: [    5.364243] FS-Cache: Netfs 'cifs' registered for caching
[STDOUT  ] 2017-10-20T10:05:58.996020362Z: [    5.365274] fuse init (API version 7.26)
[STDOUT  ] 2017-10-20T10:05:58.998527383Z: [    5.367613] SGI XFS with ACLs, security attributes, no debug enabled
[STDOUT  ] 2017-10-20T10:05:59.00264767Z: [    5.371826] 9p: Installing v9fs 9p2000 file system support
[STDOUT  ] 2017-10-20T10:05:59.003323033Z: [    5.372360] FS-Cache: Netfs '9p' registered for caching
[STDOUT  ] 2017-10-20T10:05:59.035368383Z: [    5.404557] NET: Registered protocol family 38
[STDOUT  ] 2017-10-20T10:05:59.035863048Z: [    5.405198] Key type asymmetric registered
[STDOUT  ] 2017-10-20T10:05:59.036330176Z: [    5.405570] Asymmetric key parser 'x509' registered
[STDOUT  ] 2017-10-20T10:05:59.037581974Z: [    5.406653] Block layer SCSI generic (bsg) driver version 0.4 loaded (major 251)
[STDOUT  ] 2017-10-20T10:05:59.039329953Z: [    5.408525] io scheduler noop registered
[STDOUT  ] 2017-10-20T10:05:59.039833836Z: [    5.408928] io scheduler deadline registered (default)
[STDOUT  ] 2017-10-20T10:05:59.040473486Z: [    5.409725] io scheduler cfq registered
[STDOUT  ] 2017-10-20T10:05:59.044889098Z: [    5.413932] pci_hotplug: PCI Hot Plug PCI Core version: 0.5
[STDOUT  ] 2017-10-20T10:05:59.045672112Z: [    5.414726] pciehp: PCI Express Hot Plug Controller Driver version: 0.4
[STDOUT  ] 2017-10-20T10:05:59.046452077Z: [    5.415665] shpchp: Standard Hot Plug PCI Controller Driver version: 0.4
[STDOUT  ] 2017-10-20T10:05:59.047335165Z: [    5.416501] hv_vmbus: registering driver hyperv_fb
[STDOUT  ] 2017-10-20T10:05:59.050494847Z: [    5.419573] input: Power Button as /devices/LNXSYSTM:00/LNXPWRBN:00/input/input0
[STDOUT  ] 2017-10-20T10:05:59.052833442Z: [    5.422090] ACPI: Power Button [PWRF]
[STDOUT  ] 2017-10-20T10:05:59.058578888Z: [    5.427748] GHES: HEST is not enabled!
[STDOUT  ] 2017-10-20T10:05:59.069205825Z: [    5.438358] ACPI: PCI Interrupt Link [GSIG] enabled at IRQ 22
[STDOUT  ] 2017-10-20T10:05:59.081794312Z: [    5.450828] ACPI: PCI Interrupt Link [GSIH] enabled at IRQ 23
[STDOUT  ] 2017-10-20T10:05:59.087568887Z: [    5.456659] xenfs: not registering filesystem on non-xen platform
[STDOUT  ] 2017-10-20T10:05:59.089780075Z: [    5.458820] Serial: 8250/16550 driver, 4 ports, IRQ sharing disabled
[STDOUT  ] 2017-10-20T10:05:59.115388927Z: [    5.484432] 00:04: ttyS0 at I/O 0x3f8 (irq = 4, base_baud = 115200) is a 16550A
[STDOUT  ] 2017-10-20T10:05:59.127046583Z: [    5.496230] Non-volatile memory driver v1.3
[STDOUT  ] 2017-10-20T10:05:59.134046511Z: [    5.502954] Hangcheck: starting hangcheck timer 0.9.1 (tick is 180 seconds, margin is 60 seconds).
[STDOUT  ] 2017-10-20T10:05:59.171281809Z: [    5.540478] loop: module loaded
[STDOUT  ] 2017-10-20T10:05:59.187759473Z: [    5.556911] nbd: registered device at major 43
[STDOUT  ] 2017-10-20T10:05:59.232846411Z: [    5.601784] lpc_ich 0000:00:1f.0: I/O space for GPIO uninitialized
[STDOUT  ] 2017-10-20T10:05:59.234989478Z: [    5.604234] VMware PVSCSI driver - version 1.0.7.0-k
[STDOUT  ] 2017-10-20T10:05:59.236060312Z: [    5.605146] hv_vmbus: registering driver hv_storvsc
[STDOUT  ] 2017-10-20T10:05:59.246135402Z: [    5.615412] ACPI: PCI Interrupt Link [GSIA] enabled at IRQ 16
[STDOUT  ] 2017-10-20T10:05:59.252740683Z: [    5.621776] ahci 0000:00:1f.2: AHCI 0001.0000 32 slots 6 ports 1.5 Gbps 0x3f impl SATA mode
[STDOUT  ] 2017-10-20T10:05:59.253251788Z: [    5.622524] ahci 0000:00:1f.2: flags: 64bit ncq only 
[STDOUT  ] 2017-10-20T10:05:59.273519926Z: [    5.642723] scsi host0: ahci
[STDOUT  ] 2017-10-20T10:05:59.278785075Z: [    5.647974] scsi host1: ahci
[STDOUT  ] 2017-10-20T10:05:59.281211428Z: [    5.650595] scsi host2: ahci
[STDOUT  ] 2017-10-20T10:05:59.283437053Z: [    5.652824] scsi host3: ahci
[STDOUT  ] 2017-10-20T10:05:59.285724482Z: [    5.655078] scsi host4: ahci
[STDOUT  ] 2017-10-20T10:05:59.287855003Z: [    5.657236] scsi host5: ahci
[STDOUT  ] 2017-10-20T10:05:59.289993881Z: [    5.659066] ata1: SATA max UDMA/133 abar m4096@0xfebd2000 port 0xfebd2100 irq 24
[STDOUT  ] 2017-10-20T10:05:59.290636854Z: [    5.659555] ata2: SATA max UDMA/133 abar m4096@0xfebd2000 port 0xfebd2180 irq 24
[STDOUT  ] 2017-10-20T10:05:59.291270186Z: [    5.660405] ata3: SATA max UDMA/133 abar m4096@0xfebd2000 port 0xfebd2200 irq 24
[STDOUT  ] 2017-10-20T10:05:59.291938706Z: [    5.660889] ata4: SATA max UDMA/133 abar m4096@0xfebd2000 port 0xfebd2280 irq 24
[STDOUT  ] 2017-10-20T10:05:59.292245858Z: [    5.661394] ata5: SATA max UDMA/133 abar m4096@0xfebd2000 port 0xfebd2300 irq 24
[STDOUT  ] 2017-10-20T10:05:59.292909394Z: [    5.661873] ata6: SATA max UDMA/133 abar m4096@0xfebd2000 port 0xfebd2380 irq 24
[STDOUT  ] 2017-10-20T10:05:59.305787937Z: [    5.674950] tun: Universal TUN/TAP device driver, 1.6
[STDOUT  ] 2017-10-20T10:05:59.306304577Z: [    5.675315] tun: (C) 1999-2004 Max Krasnyansky <maxk@qualcomm.com>
[STDOUT  ] 2017-10-20T10:05:59.31664431Z: [    5.685635] VMware vmxnet3 virtual NIC driver - version 1.4.a.0-k-NAPI
[STDOUT  ] 2017-10-20T10:05:59.317315348Z: [    5.686549] hv_vmbus: registering driver hv_netvsc
[STDOUT  ] 2017-10-20T10:05:59.317648543Z: [    5.686908] Fusion MPT base driver 3.04.20
[STDOUT  ] 2017-10-20T10:05:59.318092968Z: [    5.687237] Copyright (c) 1999-2008 LSI Corporation
[STDOUT  ] 2017-10-20T10:05:59.318681213Z: [    5.687948] Fusion MPT SPI Host driver 3.04.20
[STDOUT  ] 2017-10-20T10:05:59.3214322Z: [    5.690090] i8042: PNP: PS/2 Controller [PNP0303:KBD,PNP0f13:MOU] at 0x60,0x64 irq 1,12
[STDOUT  ] 2017-10-20T10:05:59.325238758Z: [    5.694418] serio: i8042 KBD port at 0x60,0x64 irq 1
[STDOUT  ] 2017-10-20T10:05:59.325881136Z: [    5.695086] serio: i8042 AUX port at 0x60,0x64 irq 12
[STDOUT  ] 2017-10-20T10:05:59.328893922Z: [    5.698070] hv_vmbus: registering driver hyperv_keyboard
[STDOUT  ] 2017-10-20T10:05:59.331363585Z: [    5.700600] mousedev: PS/2 mouse device common for all mice
[STDOUT  ] 2017-10-20T10:05:59.336268291Z: [    5.705314] input: AT Translated Set 2 keyboard as /devices/platform/i8042/serio0/input/input1
[STDOUT  ] 2017-10-20T10:05:59.339118505Z: [    5.708173] input: PC Speaker as /devices/platform/pcspkr/input/input2
[STDOUT  ] 2017-10-20T10:05:59.342811076Z: [    5.712010] rtc_cmos 00:00: RTC can wake from S4
[STDOUT  ] 2017-10-20T10:05:59.345993795Z: [    5.715230] rtc_cmos 00:00: rtc core: registered rtc_cmos as rtc0
[STDOUT  ] 2017-10-20T10:05:59.347453765Z: [    5.716487] rtc_cmos 00:00: alarms up to one day, y3k, 114 bytes nvram, hpet irqs
[STDOUT  ] 2017-10-20T10:05:59.348032103Z: [    5.717273] i2c /dev entries driver
[STDOUT  ] 2017-10-20T10:05:59.350382213Z: [    5.719282] device-mapper: ioctl: 4.35.0-ioctl (2016-06-23) initialised: dm-devel@redhat.com
[STDOUT  ] 2017-10-20T10:05:59.354959499Z: [    5.724155] usbcore: registered new interface driver usbhid
[STDOUT  ] 2017-10-20T10:05:59.355310641Z: [    5.724569] usbhid: USB HID core driver
[STDOUT  ] 2017-10-20T10:05:59.356027011Z: [    5.725268] hv_utils: Registering HyperV Utility Driver
[STDOUT  ] 2017-10-20T10:05:59.356493699Z: [    5.725629] hv_vmbus: registering driver hv_util
[STDOUT  ] 2017-10-20T10:05:59.356872557Z: [    5.726033] hv_vmbus: registering driver hv_balloon
[STDOUT  ] 2017-10-20T10:05:59.357454611Z: [    5.726690] oprofile: using NMI interrupt.
[STDOUT  ] 2017-10-20T10:05:59.358486613Z: [    5.727839] GACT probability on
[STDOUT  ] 2017-10-20T10:05:59.359102551Z: [    5.728330] Mirror/redirect action on
[STDOUT  ] 2017-10-20T10:05:59.360044721Z: [    5.729267] Simple TC action Loaded
[STDOUT  ] 2017-10-20T10:05:59.360589713Z: [    5.729957] u32 classifier
[STDOUT  ] 2017-10-20T10:05:59.361204461Z: [    5.730447]     Performance counters on
[STDOUT  ] 2017-10-20T10:05:59.361368887Z: [    5.730738]     input device check on
[STDOUT  ] 2017-10-20T10:05:59.361701263Z: [    5.730996]     Actions configured
[STDOUT  ] 2017-10-20T10:05:59.362551029Z: [    5.731762] Netfilter messages via NETLINK v0.30.
[STDOUT  ] 2017-10-20T10:05:59.36340276Z: [    5.732584] nfnl_acct: registering with nfnetlink.
[STDOUT  ] 2017-10-20T10:05:59.364709885Z: [    5.733950] nf_conntrack version 0.5.0 (8192 buckets, 32768 max)
[STDOUT  ] 2017-10-20T10:05:59.367649582Z: [    5.736841] ctnetlink v0.93: registering with nfnetlink.
[STDOUT  ] 2017-10-20T10:05:59.370865572Z: [    5.739903] nf_tables: (c) 2007-2009 Patrick McHardy <kaber@trash.net>
[STDOUT  ] 2017-10-20T10:05:59.37217653Z: [    5.741215] nf_tables_compat: (c) 2012 Pablo Neira Ayuso <pablo@netfilter.org>
[STDOUT  ] 2017-10-20T10:05:59.374434952Z: [    5.743631] xt_time: kernel timezone is -0000
[STDOUT  ] 2017-10-20T10:05:59.374927192Z: [    5.744323] ip_set: protocol 6
[STDOUT  ] 2017-10-20T10:05:59.375945763Z: [    5.745021] IPVS: Registered protocols (TCP, UDP, SCTP, AH, ESP)
[STDOUT  ] 2017-10-20T10:05:59.376678348Z: [    5.745764] IPVS: Connection hash table configured (size=4096, memory=64Kbytes)
[STDOUT  ] 2017-10-20T10:05:59.378288383Z: [    5.747541] IPVS: Creating netns size=2104 id=0
[STDOUT  ] 2017-10-20T10:05:59.381573883Z: [    5.750745] IPVS: ipvs loaded.
[STDOUT  ] 2017-10-20T10:05:59.382014635Z: [    5.751213] IPVS: [rr] scheduler registered.
[STDOUT  ] 2017-10-20T10:05:59.382332208Z: [    5.751642] IPVS: [wrr] scheduler registered.
[STDOUT  ] 2017-10-20T10:05:59.382783743Z: [    5.751965] IPVS: [lc] scheduler registered.
[STDOUT  ] 2017-10-20T10:05:59.383109701Z: [    5.752288] IPVS: [wlc] scheduler registered.
[STDOUT  ] 2017-10-20T10:05:59.383443006Z: [    5.752663] IPVS: [fo] scheduler registered.
[STDOUT  ] 2017-10-20T10:05:59.383777098Z: [    5.752982] IPVS: [ovf] scheduler registered.
[STDOUT  ] 2017-10-20T10:05:59.384234139Z: [    5.753489] IPVS: [lblc] scheduler registered.
[STDOUT  ] 2017-10-20T10:05:59.384736321Z: [    5.753976] IPVS: [lblcr] scheduler registered.
[STDOUT  ] 2017-10-20T10:05:59.385059771Z: [    5.754349] IPVS: [dh] scheduler registered.
[STDOUT  ] 2017-10-20T10:05:59.385372745Z: [    5.754672] IPVS: [sh] scheduler registered.
[STDOUT  ] 2017-10-20T10:05:59.385685829Z: [    5.754989] IPVS: [sed] scheduler registered.
[STDOUT  ] 2017-10-20T10:05:59.386004918Z: [    5.755307] IPVS: [nq] scheduler registered.
[STDOUT  ] 2017-10-20T10:05:59.386847606Z: [    5.756070] IPVS: ftp: loaded support on port[0] = 21
[STDOUT  ] 2017-10-20T10:05:59.387966771Z: [    5.757046] ipip: IPv4 and MPLS over IPv4 tunneling driver
[STDOUT  ] 2017-10-20T10:05:59.392433834Z: [    5.761621] gre: GRE over IPv4 demultiplexor driver
[STDOUT  ] 2017-10-20T10:05:59.395085526Z: [    5.764299] ip_tables: (C) 2000-2006 Netfilter Core Team
[STDOUT  ] 2017-10-20T10:05:59.398370342Z: [    5.767425] ipt_CLUSTERIP: ClusterIP Version 0.8 loaded successfully
[STDOUT  ] 2017-10-20T10:05:59.39897832Z: [    5.768193] arp_tables: arp_tables: (C) 2002 David S. Miller
[STDOUT  ] 2017-10-20T10:05:59.40223222Z: [    5.771415] NET: Registered protocol family 10
[STDOUT  ] 2017-10-20T10:05:59.411799338Z: [    5.780903] ip6_tables: (C) 2000-2006 Netfilter Core Team
[STDOUT  ] 2017-10-20T10:05:59.419580846Z: [    5.788761] NET: Registered protocol family 17
[STDOUT  ] 2017-10-20T10:05:59.420715936Z: [    5.789917] Bridge firewalling registered
[STDOUT  ] 2017-10-20T10:05:59.421582492Z: [    5.790929] Ebtables v2.0 registered
[STDOUT  ] 2017-10-20T10:05:59.423653284Z: [    5.792845] 8021q: 802.1Q VLAN Support v1.8
[STDOUT  ] 2017-10-20T10:05:59.425095509Z: [    5.794314] 9pnet: Installing 9P2000 support
[STDOUT  ] 2017-10-20T10:05:59.426556226Z: [    5.795774] Key type dns_resolver registered
[STDOUT  ] 2017-10-20T10:05:59.427491896Z: [    5.796721] microcode: AMD CPU family 0x6 not supported
[STDOUT  ] 2017-10-20T10:05:59.431675837Z: [    5.800873] registered taskstats version 1
[STDOUT  ] 2017-10-20T10:05:59.585884598Z: [    5.955033] Key type big_key registered
[STDOUT  ] 2017-10-20T10:05:59.626351547Z: [    5.995370] ata2: SATA link up 1.5 Gbps (SStatus 113 SControl 300)
[STDOUT  ] 2017-10-20T10:05:59.630980072Z: [    5.999916] ata1: SATA link up 1.5 Gbps (SStatus 113 SControl 300)
[STDOUT  ] 2017-10-20T10:05:59.633276723Z: [    6.002442] ata1.00: ATA-7: QEMU HARDDISK, 2.5+, max UDMA/100
[STDOUT  ] 2017-10-20T10:05:59.633877276Z: [    6.002905] ata1.00: 409600 sectors, multi 16: LBA48 NCQ (depth 31/32)
[STDOUT  ] 2017-10-20T10:05:59.634324129Z: [    6.003540] ata1.00: applying bridge limits
[STDOUT  ] 2017-10-20T10:05:59.636093919Z: [    6.005172] ata6: SATA link down (SStatus 0 SControl 300)
[STDOUT  ] 2017-10-20T10:05:59.637517982Z: [    6.006733] ata3: SATA link up 1.5 Gbps (SStatus 113 SControl 300)
[STDOUT  ] 2017-10-20T10:05:59.638306981Z: [    6.007516] ata3.00: ATAPI: QEMU DVD-ROM, 2.5+, max UDMA/100
[STDOUT  ] 2017-10-20T10:05:59.638653146Z: [    6.007929] ata3.00: applying bridge limits
[STDOUT  ] 2017-10-20T10:05:59.639640202Z: [    6.008840] ata3.00: configured for UDMA/100
[STDOUT  ] 2017-10-20T10:05:59.641811861Z: [    6.011052] ata4: SATA link down (SStatus 0 SControl 300)
[STDOUT  ] 2017-10-20T10:05:59.642389933Z: [    6.011650] ata5: SATA link down (SStatus 0 SControl 300)
[STDOUT  ] 2017-10-20T10:05:59.651570913Z: [    6.020613] ata2.00: ATA-7: QEMU HARDDISK, 2.5+, max UDMA/100
[STDOUT  ] 2017-10-20T10:05:59.651912407Z: [    6.021029] ata2.00: 59240 sectors, multi 16: LBA48 NCQ (depth 31/32)
[STDOUT  ] 2017-10-20T10:05:59.652241674Z: [    6.021526] ata2.00: applying bridge limits
[STDOUT  ] 2017-10-20T10:05:59.652883726Z: [    6.022241] ata2.00: configured for UDMA/100
[STDOUT  ] 2017-10-20T10:05:59.653540419Z: [    6.022763] ata1.00: configured for UDMA/100
[STDOUT  ] 2017-10-20T10:05:59.664772701Z: [    6.033746] scsi 0:0:0:0: Direct-Access     ATA      QEMU HARDDISK    2.5+ PQ: 0 ANSI: 5
[STDOUT  ] 2017-10-20T10:05:59.682047287Z: [    6.051121] sd 0:0:0:0: [sda] 409600 512-byte logical blocks: (210 MB/200 MiB)
[STDOUT  ] 2017-10-20T10:05:59.68376261Z: [    6.052848] sd 0:0:0:0: Attached scsi generic sg0 type 0
[STDOUT  ] 2017-10-20T10:05:59.6903007Z: [    6.059474] sd 0:0:0:0: [sda] Write Protect is off
[STDOUT  ] 2017-10-20T10:05:59.693515574Z: [    6.062586] scsi 1:0:0:0: Direct-Access     ATA      QEMU HARDDISK    2.5+ PQ: 0 ANSI: 5
[STDOUT  ] 2017-10-20T10:05:59.697173734Z: [    6.066219] sd 1:0:0:0: [sdb] 59240 512-byte logical blocks: (30.3 MB/28.9 MiB)
[STDOUT  ] 2017-10-20T10:05:59.698832366Z: [    6.068063] sd 1:0:0:0: [sdb] Write Protect is off
[STDOUT  ] 2017-10-20T10:05:59.700081401Z: [    6.069103] sd 1:0:0:0: [sdb] Write cache: enabled, read cache: enabled, doesn't support DPO or FUA
[STDOUT  ] 2017-10-20T10:05:59.701994161Z: [    6.070892] sd 0:0:0:0: [sda] Write cache: enabled, read cache: enabled, doesn't support DPO or FUA
[STDOUT  ] 2017-10-20T10:05:59.715590282Z: [    6.084699] sd 1:0:0:0: Attached scsi generic sg1 type 0
[STDOUT  ] 2017-10-20T10:05:59.723030675Z: [    6.092018] scsi 2:0:0:0: CD-ROM            QEMU     QEMU DVD-ROM     2.5+ PQ: 0 ANSI: 5
[STDOUT  ] 2017-10-20T10:05:59.743472337Z: [    6.112544] sr 2:0:0:0: [sr0] scsi3-mmc drive: 4x/4x cd/rw xa/form2 tray
[STDOUT  ] 2017-10-20T10:05:59.744120207Z: [    6.113339] cdrom: Uniform CD-ROM driver Revision: 3.20
[STDOUT  ] 2017-10-20T10:05:59.766881282Z: [    6.136048] sd 1:0:0:0: [sdb] Attached SCSI disk
[STDOUT  ] 2017-10-20T10:05:59.767591783Z: [    6.136792] sr 2:0:0:0: Attached scsi generic sg2 type 5
[STDOUT  ] 2017-10-20T10:05:59.773996164Z: [    6.143228] sd 0:0:0:0: [sda] Attached SCSI disk
[STDOUT  ] 2017-10-20T10:05:59.807018414Z: [    6.176165] Key type encrypted registered
[STDOUT  ] 2017-10-20T10:05:59.813158869Z: [    6.182185] rtc_cmos 00:00: setting system clock to 2017-10-20 10:05:58 UTC (1508493958)
[STDOUT  ] 2017-10-20T10:05:59.957682916Z: [    6.326804] Freeing unused kernel memory: 1380K
[STDOUT  ] 2017-10-20T10:05:59.958319747Z: [    6.327241] Write protecting the kernel read-only data: 12288k
[STDOUT  ] 2017-10-20T10:05:59.960938258Z: [    6.329764] tsc: Refined TSC clocksource calibration: 2600.003 MHz
[STDOUT  ] 2017-10-20T10:05:59.962252135Z: [    6.331025] clocksource: tsc: mask: 0xffffffffffffffff max_cycles: 0x257a3ef07ae, max_idle_ns: 440795268508 ns
[STDOUT  ] 2017-10-20T10:05:59.966669598Z: [    6.335730] Freeing unused kernel memory: 124K
[STDOUT  ] 2017-10-20T10:06:00.055325186Z: [    6.424518] Freeing unused kernel memory: 1392K
[STDOUT  ] 2017-10-20T10:06:00.978993727Z: [    7.348059] clocksource: Switched to clocksource tsc
[STDOUT  ] 2017-10-20T10:06:09.956304942Z: 
[STDOUT  ] 2017-10-20T10:06:09.956981059Z: Welcome to LinuxKit
[STDOUT  ] 2017-10-20T10:06:09.95700451Z: 
[STDOUT  ] 2017-10-20T10:06:09.957548419Z:                         ##         .
[STDOUT  ] 2017-10-20T10:06:09.957821937Z:                   ## ## ##        ==
[STDOUT  ] 2017-10-20T10:06:09.958328952Z:                ## ## ## ## ##    ===
[STDOUT  ] 2017-10-20T10:06:09.958648422Z:            /"""""""""""""""""\___/ ===
[STDOUT  ] 2017-10-20T10:06:09.959138832Z:           {                       /  ===-
[STDOUT  ] 2017-10-20T10:06:09.959511479Z:            \______ O           __/
[STDOUT  ] 2017-10-20T10:06:09.959894727Z:              \    \         __/
[STDOUT  ] 2017-10-20T10:06:09.960170319Z:               \____\_______/
[STDOUT  ] 2017-10-20T10:06:09.960342775Z: 
[STDOUT  ] 2017-10-20T10:06:12.787419091Z: [   19.156664]  sda:
[STDOUT  ] 2017-10-20T10:06:12.845804015Z: [   19.215118]  sda:
[STDOUT  ] 2017-10-20T10:06:12.863791956Z: [   19.232747] random: sfdisk: uninitialized urandom read (4 bytes read)
[STDOUT  ] 2017-10-20T10:06:12.879251123Z: [   19.248420]  sda: sda1
[STDOUT  ] 2017-10-20T10:06:12.941530559Z: [   19.310753]  sda: sda1
[STDOUT  ] 2017-10-20T10:06:34.965205086Z: [   41.334315] random: mkfs.ext4: uninitialized urandom read (16 bytes read)
[STDOUT  ] 2017-10-20T10:06:34.96657702Z: [   41.335635] random: mkfs.ext4: uninitialized urandom read (16 bytes read)
[STDOUT  ] 2017-10-20T10:06:35.250634665Z: [   41.619779] EXT4-fs (sda1): couldn't mount as ext3 due to feature incompatibilities
[STDOUT  ] 2017-10-20T10:06:35.257369317Z: [   41.626407] EXT4-fs (sda1): couldn't mount as ext2 due to feature incompatibilities
[STDOUT  ] 2017-10-20T10:06:35.28204591Z: [   41.650804] EXT4-fs (sda1): mounted filesystem with ordered data mode. Opts: (null)
[STDOUT  ] 2017-10-20T10:06:35.854403006Z: [   42.223628] random: fast init done
[STDOUT  ] 2017-10-20T10:06:36.815153717Z: /mnt is device /dev/sda1
[STDOUT  ] 2017-10-20T10:06:36.85763993Z: [   43.226775] extlinux: sending ioctl 4c05 to a partition!
[STDOUT  ] 2017-10-20T10:06:36.85784696Z: [   43.227084] extlinux: sending ioctl 4c03 to a partition!
[STDOUT  ] 2017-10-20T10:06:37.687095296Z: [   44.056227] umount: sending ioctl 4c01 to a partition!
[STDOUT  ] 2017-10-20T10:06:37.714608221Z: 1+0 records in
[STDOUT  ] 2017-10-20T10:06:37.714666346Z: 1+0 records out
[STDOUT  ] 2017-10-20T10:06:37.756778617Z: The bootable flag on partition 1 is enabled now.
[STDOUT  ] 2017-10-20T10:06:37.758572077Z: 
[STDOUT  ] 2017-10-20T10:06:37.759032878Z: The partition table has been altered.
[STDOUT  ] 2017-10-20T10:06:37.76203104Z: Calling ioctl() to re-read partition table.
[STDOUT  ] 2017-10-20T10:06:37.772757821Z: [   44.142004]  sda: sda1
[STDOUT  ] 2017-10-20T10:06:37.791873724Z: Syncing disks.
[STDOUT  ] 2017-10-20T10:07:09.372721419Z: [   75.741065] sd 1:0:0:0: [sdb] Synchronizing SCSI cache
[STDOUT  ] 2017-10-20T10:07:09.373653011Z: [   75.742828] sd 1:0:0:0: [sdb] Stopping disk
[STDOUT  ] 2017-10-20T10:07:09.374564488Z: [   75.743666] sd 0:0:0:0: [sda] Synchronizing SCSI cache
[STDOUT  ] 2017-10-20T10:07:09.375161789Z: [   75.744441] sd 0:0:0:0: [sda] Stopping disk
[STDOUT  ] 2017-10-20T10:07:09.377888905Z: [   75.747003] ACPI: Preparing to enter system sleep state S5
[STDOUT  ] 2017-10-20T10:07:09.379037428Z: [   75.748162] reboot: Power down
[STDERR  ] 2017-10-20T10:07:09.686759247Z: + linuxkit run qemu disk.qcow2
[STDERR  ] 2017-10-20T10:07:09.705345718Z: Unable to find qemu-system-x86_64 within the $PATH. Using a container
[STDERR  ] 2017-10-20T10:07:09.705390954Z: Using existing disk [disk.qcow2] format 
[STDOUT  ] 2017-10-20T10:07:16.299988336Z: [    0.000000] Linux version 4.9.54-linuxkit (root@e73ac76f2f14) (gcc version 6.3.0 (Alpine 6.3.0) ) #1 SMP Wed Oct 11 11:30:59 UTC 2017
[STDOUT  ] 2017-10-20T10:07:16.300472152Z: [    0.000000] Command line: BOOT_IMAGE=/kernel console=ttyS0 initrd=/initrd.img
[STDOUT  ] 2017-10-20T10:07:16.300687221Z: [    0.000000] x86/fpu: Legacy x87 FPU detected.
[STDOUT  ] 2017-10-20T10:07:16.301030597Z: [    0.000000] x86/fpu: Using 'eager' FPU context switches.
[STDOUT  ] 2017-10-20T10:07:16.301198114Z: [    0.000000] e820: BIOS-provided physical RAM map:
[STDOUT  ] 2017-10-20T10:07:16.301568772Z: [    0.000000] BIOS-e820: [mem 0x0000000000000000-0x000000000009fbff] usable
[STDOUT  ] 2017-10-20T10:07:16.301885277Z: [    0.000000] BIOS-e820: [mem 0x000000000009fc00-0x000000000009ffff] reserved
[STDOUT  ] 2017-10-20T10:07:16.302208449Z: [    0.000000] BIOS-e820: [mem 0x00000000000f0000-0x00000000000fffff] reserved
[STDOUT  ] 2017-10-20T10:07:16.302540742Z: [    0.000000] BIOS-e820: [mem 0x0000000000100000-0x000000003ffdefff] usable
[STDOUT  ] 2017-10-20T10:07:16.302876374Z: [    0.000000] BIOS-e820: [mem 0x000000003ffdf000-0x000000003fffffff] reserved
[STDOUT  ] 2017-10-20T10:07:16.303042946Z: [    0.000000] BIOS-e820: [mem 0x00000000b0000000-0x00000000bfffffff] reserved
[STDOUT  ] 2017-10-20T10:07:16.303380401Z: [    0.000000] BIOS-e820: [mem 0x00000000fed1c000-0x00000000fed1ffff] reserved
[STDOUT  ] 2017-10-20T10:07:16.303791051Z: [    0.000000] BIOS-e820: [mem 0x00000000fffc0000-0x00000000ffffffff] reserved
[STDOUT  ] 2017-10-20T10:07:16.303926172Z: [    0.000000] NX (Execute Disable) protection: active
[STDOUT  ] 2017-10-20T10:07:16.304101237Z: [    0.000000] SMBIOS 2.8 present.
[STDOUT  ] 2017-10-20T10:07:16.304407857Z: [    0.000000] e820: last_pfn = 0x3ffdf max_arch_pfn = 0x400000000
[STDOUT  ] 2017-10-20T10:07:16.304760268Z: [    0.000000] x86/PAT: Configuration [0-7]: WB  WC  UC- UC  WB  WC  UC- WT  
[STDOUT  ] 2017-10-20T10:07:16.305252586Z: [    0.000000] found SMP MP-table at [mem 0x000f6aa0-0x000f6aaf] mapped at [ffff9e61800f6aa0]
[STDOUT  ] 2017-10-20T10:07:16.305388064Z: [    0.000000] RAMDISK: [mem 0x3e938000-0x3ffdefff]
[STDOUT  ] 2017-10-20T10:07:16.305740557Z: [    0.000000] ACPI: Early table checksum verification disabled
[STDOUT  ] 2017-10-20T10:07:16.305891082Z: [    0.000000] ACPI: RSDP 0x00000000000F68C0 000014 (v00 BOCHS )
[STDOUT  ] 2017-10-20T10:07:16.306395937Z: [    0.000000] ACPI: RSDT 0x000000003FFE2404 000034 (v01 BOCHS  BXPCRSDT 00000001 BXPC 00000001)
[STDOUT  ] 2017-10-20T10:07:16.306730062Z: [    0.000000] ACPI: FACP 0x000000003FFE22A4 000074 (v01 BOCHS  BXPCFACP 00000001 BXPC 00000001)
[STDOUT  ] 2017-10-20T10:07:16.307065158Z: [    0.000000] ACPI: DSDT 0x000000003FFE0040 002264 (v01 BOCHS  BXPCDSDT 00000001 BXPC 00000001)
[STDOUT  ] 2017-10-20T10:07:16.307398302Z: [    0.000000] ACPI: FACS 0x000000003FFE0000 000040
[STDOUT  ] 2017-10-20T10:07:16.307726294Z: [    0.000000] ACPI: APIC 0x000000003FFE2318 000078 (v01 BOCHS  BXPCAPIC 00000001 BXPC 00000001)
[STDOUT  ] 2017-10-20T10:07:16.308182716Z: [    0.000000] ACPI: HPET 0x000000003FFE2390 000038 (v01 BOCHS  BXPCHPET 00000001 BXPC 00000001)
[STDOUT  ] 2017-10-20T10:07:16.308495114Z: [    0.000000] ACPI: MCFG 0x000000003FFE23C8 00003C (v01 BOCHS  BXPCMCFG 00000001 BXPC 00000001)
[STDOUT  ] 2017-10-20T10:07:16.308665258Z: [    0.000000] Zone ranges:
[STDOUT  ] 2017-10-20T10:07:16.308987079Z: [    0.000000]   DMA      [mem 0x0000000000001000-0x0000000000ffffff]
[STDOUT  ] 2017-10-20T10:07:16.309328801Z: [    0.000000]   DMA32    [mem 0x0000000001000000-0x000000003ffdefff]
[STDOUT  ] 2017-10-20T10:07:16.309496624Z: [    0.000000]   Normal   empty
[STDOUT  ] 2017-10-20T10:07:16.309658406Z: [    0.000000] Movable zone start for each node
[STDOUT  ] 2017-10-20T10:07:16.309829252Z: [    0.000000] Early memory node ranges
[STDOUT  ] 2017-10-20T10:07:16.310155856Z: [    0.000000]   node   0: [mem 0x0000000000001000-0x000000000009efff]
[STDOUT  ] 2017-10-20T10:07:16.310480099Z: [    0.000000]   node   0: [mem 0x0000000000100000-0x000000003ffdefff]
[STDOUT  ] 2017-10-20T10:07:16.310807301Z: [    0.000000] Initmem setup node 0 [mem 0x0000000000001000-0x000000003ffdefff]
[STDOUT  ] 2017-10-20T10:07:16.310976338Z: [    0.000000] ACPI: PM-Timer IO Port: 0x608
[STDOUT  ] 2017-10-20T10:07:16.311286708Z: [    0.000000] ACPI: LAPIC_NMI (acpi_id[0xff] dfl dfl lint[0x1])
[STDOUT  ] 2017-10-20T10:07:16.311608256Z: [    0.000000] IOAPIC[0]: apic_id 0, version 32, address 0xfec00000, GSI 0-23
[STDOUT  ] 2017-10-20T10:07:16.311913558Z: [    0.000000] ACPI: INT_SRC_OVR (bus 0 bus_irq 0 global_irq 2 dfl dfl)
[STDOUT  ] 2017-10-20T10:07:16.312195908Z: [    0.000000] ACPI: INT_SRC_OVR (bus 0 bus_irq 5 global_irq 5 high level)
[STDOUT  ] 2017-10-20T10:07:16.312499268Z: [    0.000000] ACPI: INT_SRC_OVR (bus 0 bus_irq 9 global_irq 9 high level)
[STDOUT  ] 2017-10-20T10:07:16.312968435Z: [    0.000000] ACPI: INT_SRC_OVR (bus 0 bus_irq 10 global_irq 10 high level)
[STDOUT  ] 2017-10-20T10:07:16.313276473Z: [    0.000000] ACPI: INT_SRC_OVR (bus 0 bus_irq 11 global_irq 11 high level)
[STDOUT  ] 2017-10-20T10:07:16.313576883Z: [    0.000000] Using ACPI (MADT) for SMP configuration information
[STDOUT  ] 2017-10-20T10:07:16.313728162Z: [    0.000000] ACPI: HPET id: 0x8086a201 base: 0xfed00000
[STDOUT  ] 2017-10-20T10:07:16.314047855Z: [    0.000000] smpboot: Allowing 1 CPUs, 0 hotplug CPUs
[STDOUT  ] 2017-10-20T10:07:16.314338375Z: [    0.000000] e820: [mem 0x40000000-0xafffffff] available for PCI devices
[STDOUT  ] 2017-10-20T10:07:16.314663257Z: [    0.000000] Booting paravirtualized kernel on bare hardware
[STDOUT  ] 2017-10-20T10:07:16.315116428Z: [    0.000000] clocksource: refined-jiffies: mask: 0xffffffff max_cycles: 0xffffffff, max_idle_ns: 19112604462750000 ns
[STDOUT  ] 2017-10-20T10:07:16.315406349Z: [    0.000000] setup_percpu: NR_CPUS:128 nr_cpumask_bits:128 nr_cpu_ids:1 nr_node_ids:1
[STDOUT  ] 2017-10-20T10:07:16.315827708Z: [    0.000000] percpu: Embedded 35 pages/cpu @ffff9e61be600000 s105240 r8192 d29928 u2097152
[STDOUT  ] 2017-10-20T10:07:16.316287377Z: [    0.000000] Built 1 zonelists in Zone order, mobility grouping on.  Total pages: 257896
[STDOUT  ] 2017-10-20T10:07:16.316578398Z: [    0.000000] Kernel command line: BOOT_IMAGE=/kernel console=ttyS0 initrd=/initrd.img
[STDOUT  ] 2017-10-20T10:07:16.316899027Z: [    0.000000] PID hash table entries: 4096 (order: 3, 32768 bytes)
[STDOUT  ] 2017-10-20T10:07:16.317192693Z: [    0.000000] Dentry cache hash table entries: 131072 (order: 8, 1048576 bytes)
[STDOUT  ] 2017-10-20T10:07:16.317510895Z: [    0.000000] Inode-cache hash table entries: 65536 (order: 7, 524288 bytes)
[STDOUT  ] 2017-10-20T10:07:16.318127768Z: [    0.000000] Memory: 990976K/1048052K available (8052K kernel code, 1367K rwdata, 2704K rodata, 1380K init, 568K bss, 57076K reserved, 0K cma-reserved)
[STDOUT  ] 2017-10-20T10:07:16.318276149Z: [    0.000000] Hierarchical RCU implementation.
[STDOUT  ] 2017-10-20T10:07:16.318573053Z: [    0.000000] 	Build-time adjustment of leaf fanout to 64.
[STDOUT  ] 2017-10-20T10:07:16.318866499Z: [    0.000000] 	RCU restricting CPUs from NR_CPUS=128 to nr_cpu_ids=1.
[STDOUT  ] 2017-10-20T10:07:16.319174272Z: [    0.000000] RCU: Adjusting geometry for rcu_fanout_leaf=64, nr_cpu_ids=1
[STDOUT  ] 2017-10-20T10:07:16.319487779Z: [    0.000000] NR_IRQS:8448 nr_irqs:256 16
[STDOUT  ] 2017-10-20T10:07:16.319733788Z: [    0.000000] Console: colour VGA+ 80x25
[STDOUT  ] 2017-10-20T10:07:16.319998309Z: [    0.000000] console [ttyS0] enabled
[STDOUT  ] 2017-10-20T10:07:16.323582769Z: [    0.000000] clocksource: hpet: mask: 0xffffffff max_cycles: 0xffffffff, max_idle_ns: 19112604467 ns
[STDOUT  ] 2017-10-20T10:07:16.363087847Z: [    0.000000] tsc: Fast TSC calibration using PIT
[STDOUT  ] 2017-10-20T10:07:16.363934456Z: [    0.000000] tsc: Detected 2600.007 MHz processor
[STDOUT  ] 2017-10-20T10:07:16.367925758Z: [    0.032393] Calibrating delay loop (skipped), value calculated using timer frequency.. 5200.01 BogoMIPS (lpj=26000070)
[STDOUT  ] 2017-10-20T10:07:16.36866885Z: [    0.034012] pid_max: default: 32768 minimum: 301
[STDOUT  ] 2017-10-20T10:07:16.369677913Z: [    0.035205] ACPI: Core revision 20160831
[STDOUT  ] 2017-10-20T10:07:16.419396488Z: [    0.083792] ACPI: 1 ACPI AML tables successfully acquired and loaded
[STDOUT  ] 2017-10-20T10:07:16.424136638Z: [    0.088820] Security Framework initialized
[STDOUT  ] 2017-10-20T10:07:16.424675825Z: [    0.089302] Yama: becoming mindful.
[STDOUT  ] 2017-10-20T10:07:16.427397078Z: [    0.091790] Mount-cache hash table entries: 2048 (order: 2, 16384 bytes)
[STDOUT  ] 2017-10-20T10:07:16.42825999Z: [    0.092564] Mountpoint-cache hash table entries: 2048 (order: 2, 16384 bytes)
[STDOUT  ] 2017-10-20T10:07:16.448115731Z: [    0.112655] Last level iTLB entries: 4KB 0, 2MB 0, 4MB 0
[STDOUT  ] 2017-10-20T10:07:16.448789111Z: [    0.113215] Last level dTLB entries: 4KB 0, 2MB 0, 4MB 0, 1GB 0
[STDOUT  ] 2017-10-20T10:07:16.77873472Z: [    0.443126] Freeing SMP alternatives memory: 20K
[STDOUT  ] 2017-10-20T10:07:16.78903127Z: [    0.453536] ftrace: allocating 35580 entries in 139 pages
[STDOUT  ] 2017-10-20T10:07:17.122876385Z: [    0.636607] smpboot: Max logical packages: 1
[STDOUT  ] 2017-10-20T10:07:17.130762791Z: [    0.645402] ..TIMER: vector=0x30 apic1=0 pin1=2 apic2=-1 pin2=-1
[STDOUT  ] 2017-10-20T10:07:17.346695355Z: [    0.750000] smpboot: CPU0: AMD QEMU Virtual CPU version 2.5+ (family: 0x6, model: 0x6, stepping: 0x3)
[STDOUT  ] 2017-10-20T10:07:17.348476938Z: [    0.750000] Performance Events: PMU not available due to virtualization, using software events only.
[STDOUT  ] 2017-10-20T10:07:17.365661395Z: [    0.759296] NMI watchdog: disabled (cpu0): hardware events not enabled
[STDOUT  ] 2017-10-20T10:07:17.366437264Z: [    0.759813] NMI watchdog: Shutting down hard lockup detector on all cpus
[STDOUT  ] 2017-10-20T10:07:17.370369405Z: [    0.763425] x86: Booted up 1 node, 1 CPUs
[STDOUT  ] 2017-10-20T10:07:17.371068345Z: [    0.763889] smpboot: Total of 1 processors activated (5200.01 BogoMIPS)
[STDOUT  ] 2017-10-20T10:07:17.384683099Z: [    0.778496] devtmpfs: initialized
[STDOUT  ] 2017-10-20T10:07:17.391216353Z: [    0.785252] x86/mm: Memory block size: 128MB
[STDOUT  ] 2017-10-20T10:07:17.454307593Z: [    0.847552] clocksource: jiffies: mask: 0xffffffff max_cycles: 0xffffffff, max_idle_ns: 19112604462750000 ns
[STDOUT  ] 2017-10-20T10:07:17.455066289Z: [    0.848618] futex hash table entries: 256 (order: 2, 16384 bytes)
[STDOUT  ] 2017-10-20T10:07:17.464132331Z: [    0.858051] NET: Registered protocol family 16
[STDOUT  ] 2017-10-20T10:07:17.473505773Z: [    0.867462] cpuidle: using governor ladder
[STDOUT  ] 2017-10-20T10:07:17.474008901Z: [    0.868031] cpuidle: using governor menu
[STDOUT  ] 2017-10-20T10:07:17.475469904Z: [    0.869423] ACPI: bus type PCI registered
[STDOUT  ] 2017-10-20T10:07:17.478837105Z: [    0.872437] PCI: MMCONFIG for domain 0000 [bus 00-ff] at [mem 0xb0000000-0xbfffffff] (base 0xb0000000)
[STDOUT  ] 2017-10-20T10:07:17.479545025Z: [    0.873298] PCI: MMCONFIG at [mem 0xb0000000-0xbfffffff] reserved in E820
[STDOUT  ] 2017-10-20T10:07:17.48149426Z: [    0.875183] PCI: Using configuration type 1 for base access
[STDOUT  ] 2017-10-20T10:07:17.535330438Z: [    0.929246] HugeTLB registered 2 MB page size, pre-allocated 0 pages
[STDOUT  ] 2017-10-20T10:07:17.547411446Z: [    0.941354] ACPI: Added _OSI(Module Device)
[STDOUT  ] 2017-10-20T10:07:17.547632949Z: [    0.941710] ACPI: Added _OSI(Processor Device)
[STDOUT  ] 2017-10-20T10:07:17.548102216Z: [    0.942030] ACPI: Added _OSI(3.0 _SCP Extensions)
[STDOUT  ] 2017-10-20T10:07:17.548430917Z: [    0.942374] ACPI: Added _OSI(Processor Aggregator Device)
[STDOUT  ] 2017-10-20T10:07:17.618875966Z: [    1.012777] ACPI: Interpreter enabled
[STDOUT  ] 2017-10-20T10:07:17.619781726Z: [    1.013750] ACPI: (supports S0 S5)
[STDOUT  ] 2017-10-20T10:07:17.620204136Z: [    1.014128] ACPI: Using IOAPIC for interrupt routing
[STDOUT  ] 2017-10-20T10:07:17.623229528Z: [    1.016866] PCI: Using host bridge windows from ACPI; if necessary, use "pci=nocrs" and report a bug
[STDOUT  ] 2017-10-20T10:07:17.68480969Z: [    1.078704] ACPI: PCI Root Bridge [PCI0] (domain 0000 [bus 00-ff])
[STDOUT  ] 2017-10-20T10:07:17.68617411Z: [    1.079875] acpi PNP0A08:00: _OSC: OS supports [ExtendedConfig ASPM ClockPM Segments MSI]
[STDOUT  ] 2017-10-20T10:07:17.693115082Z: [    1.086172] acpi PNP0A08:00: _OSC: OS now controls [PCIeHotplug PME PCIeCapability]
[STDOUT  ] 2017-10-20T10:07:17.696826296Z: [    1.090708] PCI host bridge to bus 0000:00
[STDOUT  ] 2017-10-20T10:07:17.697568281Z: [    1.091228] pci_bus 0000:00: root bus resource [io  0x0000-0x0cf7 window]
[STDOUT  ] 2017-10-20T10:07:17.698131761Z: [    1.091765] pci_bus 0000:00: root bus resource [io  0x0d00-0xffff window]
[STDOUT  ] 2017-10-20T10:07:17.698536567Z: [    1.092304] pci_bus 0000:00: root bus resource [mem 0x000a0000-0x000bffff window]
[STDOUT  ] 2017-10-20T10:07:17.69916987Z: [    1.092858] pci_bus 0000:00: root bus resource [mem 0xc0000000-0xfebfffff window]
[STDOUT  ] 2017-10-20T10:07:17.699710948Z: [    1.093589] pci_bus 0000:00: root bus resource [bus 00-ff]
[STDOUT  ] 2017-10-20T10:07:17.808544247Z: [    1.202039] pci 0000:00:1f.0: quirk: [io  0x0600-0x067f] claimed by ICH6 ACPI/GPIO/TCO
[STDOUT  ] 2017-10-20T10:07:17.871304462Z: [    1.264762] ACPI: PCI Interrupt Link [LNKA] (IRQs 5 *10 11)
[STDOUT  ] 2017-10-20T10:07:17.873891064Z: [    1.267519] ACPI: PCI Interrupt Link [LNKB] (IRQs 5 *10 11)
[STDOUT  ] 2017-10-20T10:07:17.876794829Z: [    1.269890] ACPI: PCI Interrupt Link [LNKC] (IRQs 5 10 *11)
[STDOUT  ] 2017-10-20T10:07:17.879209357Z: [    1.272213] ACPI: PCI Interrupt Link [LNKD] (IRQs 5 10 *11)
[STDOUT  ] 2017-10-20T10:07:17.881632074Z: [    1.274594] ACPI: PCI Interrupt Link [LNKE] (IRQs 5 *10 11)
[STDOUT  ] 2017-10-20T10:07:17.883468674Z: [    1.276530] ACPI: PCI Interrupt Link [LNKF] (IRQs 5 *10 11)
[STDOUT  ] 2017-10-20T10:07:17.885285417Z: [    1.278315] ACPI: PCI Interrupt Link [LNKG] (IRQs 5 10 *11)
[STDOUT  ] 2017-10-20T10:07:17.887408832Z: [    1.280955] ACPI: PCI Interrupt Link [LNKH] (IRQs 5 10 *11)
[STDOUT  ] 2017-10-20T10:07:17.88835044Z: [    1.281938] ACPI: PCI Interrupt Link [GSIA] (IRQs *16)
[STDOUT  ] 2017-10-20T10:07:17.889091585Z: [    1.282722] ACPI: PCI Interrupt Link [GSIB] (IRQs *17)
[STDOUT  ] 2017-10-20T10:07:17.889815082Z: [    1.283463] ACPI: PCI Interrupt Link [GSIC] (IRQs *18)
[STDOUT  ] 2017-10-20T10:07:17.89054688Z: [    1.284200] ACPI: PCI Interrupt Link [GSID] (IRQs *19)
[STDOUT  ] 2017-10-20T10:07:17.891488468Z: [    1.285048] ACPI: PCI Interrupt Link [GSIE] (IRQs *20)
[STDOUT  ] 2017-10-20T10:07:17.89209421Z: [    1.285866] ACPI: PCI Interrupt Link [GSIF] (IRQs *21)
[STDOUT  ] 2017-10-20T10:07:17.89293249Z: [    1.286562] ACPI: PCI Interrupt Link [GSIG] (IRQs *22)
[STDOUT  ] 2017-10-20T10:07:17.893687847Z: [    1.287321] ACPI: PCI Interrupt Link [GSIH] (IRQs *23)
[STDOUT  ] 2017-10-20T10:07:17.897531793Z: [    1.291332] ACPI: Enabled 2 GPEs in block 00 to 3F
[STDOUT  ] 2017-10-20T10:07:17.901676743Z: [    1.295611] SCSI subsystem initialized
[STDOUT  ] 2017-10-20T10:07:17.903798194Z: [    1.297516] ACPI: bus type USB registered
[STDOUT  ] 2017-10-20T10:07:17.904908618Z: [    1.298733] usbcore: registered new interface driver usbfs
[STDOUT  ] 2017-10-20T10:07:17.906088593Z: [    1.299682] usbcore: registered new interface driver hub
[STDOUT  ] 2017-10-20T10:07:17.906973171Z: [    1.300575] usbcore: registered new device driver usb
[STDOUT  ] 2017-10-20T10:07:17.908255678Z: [    1.301827] pps_core: LinuxPPS API ver. 1 registered
[STDOUT  ] 2017-10-20T10:07:17.908918559Z: [    1.302191] pps_core: Software ver. 5.3.6 - Copyright 2005-2007 Rodolfo Giometti <giometti@linux.it>
[STDOUT  ] 2017-10-20T10:07:17.909493694Z: [    1.303080] PTP clock support registered
[STDOUT  ] 2017-10-20T10:07:17.910669212Z: [    1.304426] wmi: Mapper loaded
[STDOUT  ] 2017-10-20T10:07:17.912130362Z: [    1.305680] PCI: Using ACPI for IRQ routing
[STDOUT  ] 2017-10-20T10:07:17.930399434Z: [    1.324092] NetLabel: Initializing
[STDOUT  ] 2017-10-20T10:07:17.930597412Z: [    1.324353] NetLabel:  domain hash size = 128
[STDOUT  ] 2017-10-20T10:07:17.930959886Z: [    1.324689] NetLabel:  protocols = UNLABELED CIPSOv4
[STDOUT  ] 2017-10-20T10:07:17.933710591Z: [    1.327505] NetLabel:  unlabeled traffic allowed by default
[STDOUT  ] 2017-10-20T10:07:17.935281657Z: [    1.328917] HPET: 3 timers in total, 0 timers will be used for per-cpu timer
[STDOUT  ] 2017-10-20T10:07:17.936552761Z: [    1.329725] hpet0: at MMIO 0xfed00000, IRQs 2, 8, 0
[STDOUT  ] 2017-10-20T10:07:17.936869564Z: [    1.330428] hpet0: 3 comparators, 64-bit 100.000000 MHz counter
[STDOUT  ] 2017-10-20T10:07:17.942124913Z: [    1.335755] clocksource: Switched to clocksource hpet
[STDOUT  ] 2017-10-20T10:07:18.215696872Z: [    1.603610] VFS: Disk quotas dquot_6.6.0
[STDOUT  ] 2017-10-20T10:07:18.216993378Z: [    1.604886] VFS: Dquot-cache hash table entries: 512 (order 0, 4096 bytes)
[STDOUT  ] 2017-10-20T10:07:18.220878388Z: [    1.608940] FS-Cache: Loaded
[STDOUT  ] 2017-10-20T10:07:18.226022746Z: [    1.614180] CacheFiles: Loaded
[STDOUT  ] 2017-10-20T10:07:18.227627042Z: [    1.615802] pnp: PnP ACPI init
[STDOUT  ] 2017-10-20T10:07:18.238730247Z: [    1.626854] pnp: PnP ACPI: found 5 devices
[STDOUT  ] 2017-10-20T10:07:18.289524252Z: [    1.677113] clocksource: acpi_pm: mask: 0xffffff max_cycles: 0xffffff, max_idle_ns: 2085701024 ns
[STDOUT  ] 2017-10-20T10:07:18.293738431Z: [    1.681739] NET: Registered protocol family 2
[STDOUT  ] 2017-10-20T10:07:18.301536449Z: [    1.689367] TCP established hash table entries: 8192 (order: 4, 65536 bytes)
[STDOUT  ] 2017-10-20T10:07:18.30262602Z: [    1.690469] TCP bind hash table entries: 8192 (order: 5, 131072 bytes)
[STDOUT  ] 2017-10-20T10:07:18.303449608Z: [    1.691324] TCP: Hash tables configured (established 8192 bind 8192)
[STDOUT  ] 2017-10-20T10:07:18.305341123Z: [    1.693326] UDP hash table entries: 512 (order: 2, 16384 bytes)
[STDOUT  ] 2017-10-20T10:07:18.306160937Z: [    1.694010] UDP-Lite hash table entries: 512 (order: 2, 16384 bytes)
[STDOUT  ] 2017-10-20T10:07:18.308514098Z: [    1.696511] NET: Registered protocol family 1
[STDOUT  ] 2017-10-20T10:07:18.309683708Z: [    1.697566] pci 0000:00:01.0: Video device with shadowed ROM at [mem 0x000c0000-0x000dffff]
[STDOUT  ] 2017-10-20T10:07:18.316578825Z: [    1.704714] Unpacking initramfs...
[STDOUT  ] 2017-10-20T10:07:21.678404236Z: [    5.066442] Freeing initrd memory: 23196K
[STDOUT  ] 2017-10-20T10:07:21.7053599Z: [    5.093184] PCLMULQDQ-NI instructions are not detected.
[STDOUT  ] 2017-10-20T10:07:21.706989054Z: [    5.094871] AVX or AES-NI instructions are not detected.
[STDOUT  ] 2017-10-20T10:07:21.707585976Z: [    5.095442] CPU feature 'AVX registers' is not supported.
[STDOUT  ] 2017-10-20T10:07:21.708237689Z: [    5.096092] CPU feature 'AVX registers' is not supported.
[STDOUT  ] 2017-10-20T10:07:21.708662376Z: [    5.096671] CPU feature 'AVX registers' is not supported.
[STDOUT  ] 2017-10-20T10:07:21.709167188Z: [    5.097206] CPU feature 'AVX registers' is not supported.
[STDOUT  ] 2017-10-20T10:07:21.709622648Z: [    5.097690] AVX2 or AES-NI instructions are not detected.
[STDOUT  ] 2017-10-20T10:07:21.710069508Z: [    5.098078] AVX2 instructions are not detected.
[STDOUT  ] 2017-10-20T10:07:21.716783374Z: [    5.104603] audit: initializing netlink subsys (disabled)
[STDOUT  ] 2017-10-20T10:07:21.718401422Z: [    5.106371] audit: type=2000 audit(1508494041.100:1): initialized
[STDOUT  ] 2017-10-20T10:07:21.728768645Z: [    5.116689] workingset: timestamp_bits=46 max_order=18 bucket_order=0
[STDOUT  ] 2017-10-20T10:07:21.733664736Z: [    5.121684] squashfs: version 4.0 (2009/01/31) Phillip Lougher
[STDOUT  ] 2017-10-20T10:07:21.73614277Z: [    5.124123] FS-Cache: Netfs 'cifs' registered for caching
[STDOUT  ] 2017-10-20T10:07:21.737148198Z: [    5.125134] fuse init (API version 7.26)
[STDOUT  ] 2017-10-20T10:07:21.739577254Z: [    5.127419] SGI XFS with ACLs, security attributes, no debug enabled
[STDOUT  ] 2017-10-20T10:07:21.744038575Z: [    5.131986] 9p: Installing v9fs 9p2000 file system support
[STDOUT  ] 2017-10-20T10:07:21.744594689Z: [    5.132602] FS-Cache: Netfs '9p' registered for caching
[STDOUT  ] 2017-10-20T10:07:21.784358762Z: [    5.172381] NET: Registered protocol family 38
[STDOUT  ] 2017-10-20T10:07:21.785064735Z: [    5.173109] Key type asymmetric registered
[STDOUT  ] 2017-10-20T10:07:21.785497941Z: [    5.173568] Asymmetric key parser 'x509' registered
[STDOUT  ] 2017-10-20T10:07:21.786818448Z: [    5.174700] Block layer SCSI generic (bsg) driver version 0.4 loaded (major 251)
[STDOUT  ] 2017-10-20T10:07:21.788660285Z: [    5.176633] io scheduler noop registered
[STDOUT  ] 2017-10-20T10:07:21.789144983Z: [    5.177084] io scheduler deadline registered (default)
[STDOUT  ] 2017-10-20T10:07:21.789997899Z: [    5.177971] io scheduler cfq registered
[STDOUT  ] 2017-10-20T10:07:21.793268168Z: [    5.181264] pci_hotplug: PCI Hot Plug PCI Core version: 0.5
[STDOUT  ] 2017-10-20T10:07:21.794076901Z: [    5.181961] pciehp: PCI Express Hot Plug Controller Driver version: 0.4
[STDOUT  ] 2017-10-20T10:07:21.794943923Z: [    5.182932] shpchp: Standard Hot Plug PCI Controller Driver version: 0.4
[STDOUT  ] 2017-10-20T10:07:21.795666213Z: [    5.183827] hv_vmbus: registering driver hyperv_fb
[STDOUT  ] 2017-10-20T10:07:21.798886774Z: [    5.186836] input: Power Button as /devices/LNXSYSTM:00/LNXPWRBN:00/input/input0
[STDOUT  ] 2017-10-20T10:07:21.799852769Z: [    5.188007] ACPI: Power Button [PWRF]
[STDOUT  ] 2017-10-20T10:07:21.805276034Z: [    5.193244] GHES: HEST is not enabled!
[STDOUT  ] 2017-10-20T10:07:21.815945745Z: [    5.203845] ACPI: PCI Interrupt Link [GSIG] enabled at IRQ 22
[STDOUT  ] 2017-10-20T10:07:21.829545104Z: [    5.217408] ACPI: PCI Interrupt Link [GSIH] enabled at IRQ 23
[STDOUT  ] 2017-10-20T10:07:21.834363767Z: [    5.222265] xenfs: not registering filesystem on non-xen platform
[STDOUT  ] 2017-10-20T10:07:21.836435345Z: [    5.224293] Serial: 8250/16550 driver, 4 ports, IRQ sharing disabled
[STDOUT  ] 2017-10-20T10:07:21.861417161Z: [    5.249293] 00:04: ttyS0 at I/O 0x3f8 (irq = 4, base_baud = 115200) is a 16550A
[STDOUT  ] 2017-10-20T10:07:21.874138984Z: [    5.262283] Non-volatile memory driver v1.3
[STDOUT  ] 2017-10-20T10:07:21.882558656Z: [    5.270407] Hangcheck: starting hangcheck timer 0.9.1 (tick is 180 seconds, margin is 60 seconds).
[STDOUT  ] 2017-10-20T10:07:21.919074344Z: [    5.307134] loop: module loaded
[STDOUT  ] 2017-10-20T10:07:21.937074649Z: [    5.324974] nbd: registered device at major 43
[STDOUT  ] 2017-10-20T10:07:21.995165751Z: [    5.383080] lpc_ich 0000:00:1f.0: I/O space for GPIO uninitialized
[STDOUT  ] 2017-10-20T10:07:21.997623474Z: [    5.385517] VMware PVSCSI driver - version 1.0.7.0-k
[STDOUT  ] 2017-10-20T10:07:21.99856295Z: [    5.386513] hv_vmbus: registering driver hv_storvsc
[STDOUT  ] 2017-10-20T10:07:22.008979583Z: [    5.396923] ACPI: PCI Interrupt Link [GSIA] enabled at IRQ 16
[STDOUT  ] 2017-10-20T10:07:22.016218551Z: [    5.404142] ahci 0000:00:1f.2: AHCI 0001.0000 32 slots 6 ports 1.5 Gbps 0x3f impl SATA mode
[STDOUT  ] 2017-10-20T10:07:22.016855219Z: [    5.404895] ahci 0000:00:1f.2: flags: 64bit ncq only 
[STDOUT  ] 2017-10-20T10:07:22.042963575Z: [    5.431035] scsi host0: ahci
[STDOUT  ] 2017-10-20T10:07:22.048884854Z: [    5.436889] scsi host1: ahci
[STDOUT  ] 2017-10-20T10:07:22.051235096Z: [    5.439414] scsi host2: ahci
[STDOUT  ] 2017-10-20T10:07:22.05376257Z: [    5.441913] scsi host3: ahci
[STDOUT  ] 2017-10-20T10:07:22.056131139Z: [    5.444312] scsi host4: ahci
[STDOUT  ] 2017-10-20T10:07:22.058445946Z: [    5.446590] scsi host5: ahci
[STDOUT  ] 2017-10-20T10:07:22.06060754Z: [    5.448454] ata1: SATA max UDMA/133 abar m4096@0xfebd2000 port 0xfebd2100 irq 24
[STDOUT  ] 2017-10-20T10:07:22.061106804Z: [    5.449029] ata2: SATA max UDMA/133 abar m4096@0xfebd2000 port 0xfebd2180 irq 24
[STDOUT  ] 2017-10-20T10:07:22.061608396Z: [    5.449608] ata3: SATA max UDMA/133 abar m4096@0xfebd2000 port 0xfebd2200 irq 24
[STDOUT  ] 2017-10-20T10:07:22.062459573Z: [    5.450147] ata4: SATA max UDMA/133 abar m4096@0xfebd2000 port 0xfebd2280 irq 24
[STDOUT  ] 2017-10-20T10:07:22.063107551Z: [    5.450888] ata5: SATA max UDMA/133 abar m4096@0xfebd2000 port 0xfebd2300 irq 24
[STDOUT  ] 2017-10-20T10:07:22.063562931Z: [    5.451423] ata6: SATA max UDMA/133 abar m4096@0xfebd2000 port 0xfebd2380 irq 24
[STDOUT  ] 2017-10-20T10:07:22.078853057Z: [    5.466609] tun: Universal TUN/TAP device driver, 1.6
[STDOUT  ] 2017-10-20T10:07:22.079587379Z: [    5.467557] tun: (C) 1999-2004 Max Krasnyansky <maxk@qualcomm.com>
[STDOUT  ] 2017-10-20T10:07:22.090966209Z: [    5.478818] VMware vmxnet3 virtual NIC driver - version 1.4.a.0-k-NAPI
[STDOUT  ] 2017-10-20T10:07:22.091926005Z: [    5.479902] hv_vmbus: registering driver hv_netvsc
[STDOUT  ] 2017-10-20T10:07:22.092684374Z: [    5.480732] Fusion MPT base driver 3.04.20
[STDOUT  ] 2017-10-20T10:07:22.093025841Z: [    5.481076] Copyright (c) 1999-2008 LSI Corporation
[STDOUT  ] 2017-10-20T10:07:22.093889134Z: [    5.481887] Fusion MPT SPI Host driver 3.04.20
[STDOUT  ] 2017-10-20T10:07:22.096193576Z: [    5.484020] i8042: PNP: PS/2 Controller [PNP0303:KBD,PNP0f13:MOU] at 0x60,0x64 irq 1,12
[STDOUT  ] 2017-10-20T10:07:22.101247489Z: [    5.489172] serio: i8042 KBD port at 0x60,0x64 irq 1
[STDOUT  ] 2017-10-20T10:07:22.102359443Z: [    5.490438] serio: i8042 AUX port at 0x60,0x64 irq 12
[STDOUT  ] 2017-10-20T10:07:22.106749525Z: [    5.494753] hv_vmbus: registering driver hyperv_keyboard
[STDOUT  ] 2017-10-20T10:07:22.109635678Z: [    5.497574] mousedev: PS/2 mouse device common for all mice
[STDOUT  ] 2017-10-20T10:07:22.115844328Z: [    5.503708] input: AT Translated Set 2 keyboard as /devices/platform/i8042/serio0/input/input1
[STDOUT  ] 2017-10-20T10:07:22.119190443Z: [    5.507183] input: PC Speaker as /devices/platform/pcspkr/input/input2
[STDOUT  ] 2017-10-20T10:07:22.123924246Z: [    5.511965] rtc_cmos 00:00: RTC can wake from S4
[STDOUT  ] 2017-10-20T10:07:22.128354943Z: [    5.516221] rtc_cmos 00:00: rtc core: registered rtc_cmos as rtc0
[STDOUT  ] 2017-10-20T10:07:22.129828126Z: [    5.517743] rtc_cmos 00:00: alarms up to one day, y3k, 114 bytes nvram, hpet irqs
[STDOUT  ] 2017-10-20T10:07:22.130556639Z: [    5.518571] i2c /dev entries driver
[STDOUT  ] 2017-10-20T10:07:22.133430236Z: [    5.521225] device-mapper: ioctl: 4.35.0-ioctl (2016-06-23) initialised: dm-devel@redhat.com
[STDOUT  ] 2017-10-20T10:07:22.138996383Z: [    5.526863] usbcore: registered new interface driver usbhid
[STDOUT  ] 2017-10-20T10:07:22.139322551Z: [    5.527306] usbhid: USB HID core driver
[STDOUT  ] 2017-10-20T10:07:22.140141027Z: [    5.528101] hv_utils: Registering HyperV Utility Driver
[STDOUT  ] 2017-10-20T10:07:22.140466847Z: [    5.528445] hv_vmbus: registering driver hv_util
[STDOUT  ] 2017-10-20T10:07:22.140807355Z: [    5.528822] hv_vmbus: registering driver hv_balloon
[STDOUT  ] 2017-10-20T10:07:22.141389373Z: [    5.529444] oprofile: using NMI interrupt.
[STDOUT  ] 2017-10-20T10:07:22.14273993Z: [    5.530938] GACT probability on
[STDOUT  ] 2017-10-20T10:07:22.143443677Z: [    5.531459] Mirror/redirect action on
[STDOUT  ] 2017-10-20T10:07:22.144648123Z: [    5.532632] Simple TC action Loaded
[STDOUT  ] 2017-10-20T10:07:22.145372641Z: [    5.533554] u32 classifier
[STDOUT  ] 2017-10-20T10:07:22.145720538Z: [    5.533752]     Performance counters on
[STDOUT  ] 2017-10-20T10:07:22.146040128Z: [    5.534083]     input device check on
[STDOUT  ] 2017-10-20T10:07:22.146202562Z: [    5.534393]     Actions configured
[STDOUT  ] 2017-10-20T10:07:22.146971096Z: [    5.535006] Netfilter messages via NETLINK v0.30.
[STDOUT  ] 2017-10-20T10:07:22.147601428Z: [    5.535669] nfnl_acct: registering with nfnetlink.
[STDOUT  ] 2017-10-20T10:07:22.149536732Z: [    5.537578] nf_conntrack version 0.5.0 (8192 buckets, 32768 max)
[STDOUT  ] 2017-10-20T10:07:22.153183321Z: [    5.541226] ctnetlink v0.93: registering with nfnetlink.
[STDOUT  ] 2017-10-20T10:07:22.156446732Z: [    5.544319] nf_tables: (c) 2007-2009 Patrick McHardy <kaber@trash.net>
[STDOUT  ] 2017-10-20T10:07:22.157396372Z: [    5.545274] nf_tables_compat: (c) 2012 Pablo Neira Ayuso <pablo@netfilter.org>
[STDOUT  ] 2017-10-20T10:07:22.159671419Z: [    5.547682] xt_time: kernel timezone is -0000
[STDOUT  ] 2017-10-20T10:07:22.160107395Z: [    5.548320] ip_set: protocol 6
[STDOUT  ] 2017-10-20T10:07:22.161030926Z: [    5.549069] IPVS: Registered protocols (TCP, UDP, SCTP, AH, ESP)
[STDOUT  ] 2017-10-20T10:07:22.162006709Z: [    5.549713] IPVS: Connection hash table configured (size=4096, memory=64Kbytes)
[STDOUT  ] 2017-10-20T10:07:22.163954126Z: [    5.551970] IPVS: Creating netns size=2104 id=0
[STDOUT  ] 2017-10-20T10:07:22.166574836Z: [    5.554695] IPVS: ipvs loaded.
[STDOUT  ] 2017-10-20T10:07:22.167052887Z: [    5.555028] IPVS: [rr] scheduler registered.
[STDOUT  ] 2017-10-20T10:07:22.16735769Z: [    5.555434] IPVS: [wrr] scheduler registered.
[STDOUT  ] 2017-10-20T10:07:22.167815215Z: [    5.555804] IPVS: [lc] scheduler registered.
[STDOUT  ] 2017-10-20T10:07:22.168115105Z: [    5.556194] IPVS: [wlc] scheduler registered.
[STDOUT  ] 2017-10-20T10:07:22.168435043Z: [    5.556551] IPVS: [fo] scheduler registered.
[STDOUT  ] 2017-10-20T10:07:22.168848277Z: [    5.556927] IPVS: [ovf] scheduler registered.
[STDOUT  ] 2017-10-20T10:07:22.169426093Z: [    5.557487] IPVS: [lblc] scheduler registered.
[STDOUT  ] 2017-10-20T10:07:22.169934942Z: [    5.558013] IPVS: [lblcr] scheduler registered.
[STDOUT  ] 2017-10-20T10:07:22.170413546Z: [    5.558375] IPVS: [dh] scheduler registered.
[STDOUT  ] 2017-10-20T10:07:22.170735523Z: [    5.558751] IPVS: [sh] scheduler registered.
[STDOUT  ] 2017-10-20T10:07:22.171038626Z: [    5.559103] IPVS: [sed] scheduler registered.
[STDOUT  ] 2017-10-20T10:07:22.171366001Z: [    5.559455] IPVS: [nq] scheduler registered.
[STDOUT  ] 2017-10-20T10:07:22.172775704Z: [    5.560796] IPVS: ftp: loaded support on port[0] = 21
[STDOUT  ] 2017-10-20T10:07:22.173766621Z: [    5.561791] ipip: IPv4 and MPLS over IPv4 tunneling driver
[STDOUT  ] 2017-10-20T10:07:22.178030414Z: [    5.565970] gre: GRE over IPv4 demultiplexor driver
[STDOUT  ] 2017-10-20T10:07:22.180827178Z: [    5.568802] ip_tables: (C) 2000-2006 Netfilter Core Team
[STDOUT  ] 2017-10-20T10:07:22.184691597Z: [    5.572550] ipt_CLUSTERIP: ClusterIP Version 0.8 loaded successfully
[STDOUT  ] 2017-10-20T10:07:22.185340388Z: [    5.573410] arp_tables: arp_tables: (C) 2002 David S. Miller
[STDOUT  ] 2017-10-20T10:07:22.187755005Z: [    5.575745] NET: Registered protocol family 10
[STDOUT  ] 2017-10-20T10:07:22.198288276Z: [    5.586255] ip6_tables: (C) 2000-2006 Netfilter Core Team
[STDOUT  ] 2017-10-20T10:07:22.206819847Z: [    5.594735] NET: Registered protocol family 17
[STDOUT  ] 2017-10-20T10:07:22.207949164Z: [    5.595970] Bridge firewalling registered
[STDOUT  ] 2017-10-20T10:07:22.208671557Z: [    5.596657] Ebtables v2.0 registered
[STDOUT  ] 2017-10-20T10:07:22.210697264Z: [    5.598706] 8021q: 802.1Q VLAN Support v1.8
[STDOUT  ] 2017-10-20T10:07:22.212667421Z: [    5.600678] 9pnet: Installing 9P2000 support
[STDOUT  ] 2017-10-20T10:07:22.214323084Z: [    5.602345] Key type dns_resolver registered
[STDOUT  ] 2017-10-20T10:07:22.215352518Z: [    5.603407] microcode: AMD CPU family 0x6 not supported
[STDOUT  ] 2017-10-20T10:07:22.219126505Z: [    5.607269] registered taskstats version 1
[STDOUT  ] 2017-10-20T10:07:22.397055838Z: [    5.785066] ata3: SATA link up 1.5 Gbps (SStatus 113 SControl 300)
[STDOUT  ] 2017-10-20T10:07:22.401614687Z: [    5.789673] ata2: SATA link down (SStatus 0 SControl 300)
[STDOUT  ] 2017-10-20T10:07:22.403797919Z: [    5.791646] ata1: SATA link up 1.5 Gbps (SStatus 113 SControl 300)
[STDOUT  ] 2017-10-20T10:07:22.405727262Z: [    5.793788] ata1.00: ATA-7: QEMU HARDDISK, 2.5+, max UDMA/100
[STDOUT  ] 2017-10-20T10:07:22.406369807Z: [    5.794278] ata1.00: 409600 sectors, multi 16: LBA48 NCQ (depth 31/32)
[STDOUT  ] 2017-10-20T10:07:22.407061235Z: [    5.795103] ata1.00: applying bridge limits
[STDOUT  ] 2017-10-20T10:07:22.408588294Z: [    5.796449] ata5: SATA link down (SStatus 0 SControl 300)
[STDOUT  ] 2017-10-20T10:07:22.409045547Z: [    5.797089] ata4: SATA link down (SStatus 0 SControl 300)
[STDOUT  ] 2017-10-20T10:07:22.409682309Z: [    5.797749] ata6: SATA link down (SStatus 0 SControl 300)
[STDOUT  ] 2017-10-20T10:07:22.412986305Z: [    5.801174] ata1.00: configured for UDMA/100
[STDOUT  ] 2017-10-20T10:07:22.415513838Z: [    5.803551] ata3.00: ATAPI: QEMU DVD-ROM, 2.5+, max UDMA/100
[STDOUT  ] 2017-10-20T10:07:22.415999498Z: [    5.804079] ata3.00: applying bridge limits
[STDOUT  ] 2017-10-20T10:07:22.416807068Z: [    5.804857] ata3.00: configured for UDMA/100
[STDOUT  ] 2017-10-20T10:07:22.431482309Z: [    5.819468] scsi 0:0:0:0: Direct-Access     ATA      QEMU HARDDISK    2.5+ PQ: 0 ANSI: 5
[STDOUT  ] 2017-10-20T10:07:22.43703095Z: [    5.824995] Key type big_key registered
[STDOUT  ] 2017-10-20T10:07:22.452984305Z: [    5.840798] sd 0:0:0:0: Attached scsi generic sg0 type 0
[STDOUT  ] 2017-10-20T10:07:22.458473887Z: [    5.846331] sd 0:0:0:0: [sda] 409600 512-byte logical blocks: (210 MB/200 MiB)
[STDOUT  ] 2017-10-20T10:07:22.464945507Z: [    5.852709] scsi 2:0:0:0: CD-ROM            QEMU     QEMU DVD-ROM     2.5+ PQ: 0 ANSI: 5
[STDOUT  ] 2017-10-20T10:07:22.468770808Z: [    5.856775] sd 0:0:0:0: [sda] Write Protect is off
[STDOUT  ] 2017-10-20T10:07:22.473126714Z: [    5.860951] sd 0:0:0:0: [sda] Write cache: enabled, read cache: enabled, doesn't support DPO or FUA
[STDOUT  ] 2017-10-20T10:07:22.485111209Z: [    5.872853] sr 2:0:0:0: [sr0] scsi3-mmc drive: 4x/4x cd/rw xa/form2 tray
[STDOUT  ] 2017-10-20T10:07:22.485665975Z: [    5.873697] cdrom: Uniform CD-ROM driver Revision: 3.20
[STDOUT  ] 2017-10-20T10:07:22.503340354Z: [    5.891518]  sda: sda1
[STDOUT  ] 2017-10-20T10:07:22.504481893Z: [    5.892361] sr 2:0:0:0: Attached scsi generic sg1 type 5
[STDOUT  ] 2017-10-20T10:07:22.527041366Z: [    5.915116] sd 0:0:0:0: [sda] Attached SCSI disk
[STDOUT  ] 2017-10-20T10:07:22.61624902Z: [    6.004334] Key type encrypted registered
[STDOUT  ] 2017-10-20T10:07:22.622752502Z: [    6.010499] rtc_cmos 00:00: setting system clock to 2017-10-20 10:07:22 UTC (1508494042)
[STDOUT  ] 2017-10-20T10:07:22.790155772Z: [    6.178138] Freeing unused kernel memory: 1380K
[STDOUT  ] 2017-10-20T10:07:22.790770534Z: [    6.178582] Write protecting the kernel read-only data: 12288k
[STDOUT  ] 2017-10-20T10:07:22.793584967Z: [    6.181403] tsc: Refined TSC clocksource calibration: 2600.002 MHz
[STDOUT  ] 2017-10-20T10:07:22.794386712Z: [    6.182039] clocksource: tsc: mask: 0xffffffffffffffff max_cycles: 0x257a3e40e8d, max_idle_ns: 440795298933 ns
[STDOUT  ] 2017-10-20T10:07:22.801092813Z: [    6.189089] Freeing unused kernel memory: 124K
[STDOUT  ] 2017-10-20T10:07:22.903690522Z: [    6.291767] Freeing unused kernel memory: 1392K
[STDOUT  ] 2017-10-20T10:07:23.809830091Z: [    7.197761] clocksource: Switched to clocksource tsc
[STDOUT  ] 2017-10-20T10:07:29.693723894Z: 
[STDOUT  ] 2017-10-20T10:07:29.694402024Z: Welcome to LinuxKit
[STDOUT  ] 2017-10-20T10:07:29.694605865Z: 
[STDOUT  ] 2017-10-20T10:07:29.695171947Z:                         ##         .
[STDOUT  ] 2017-10-20T10:07:29.695509098Z:                   ## ## ##        ==
[STDOUT  ] 2017-10-20T10:07:29.696011425Z:                ## ## ## ## ##    ===
[STDOUT  ] 2017-10-20T10:07:29.696629518Z:            /"""""""""""""""""\___/ ===
[STDOUT  ] 2017-10-20T10:07:29.696975797Z:           {                       /  ===-
[STDOUT  ] 2017-10-20T10:07:29.697492613Z:            \______ O           __/
[STDOUT  ] 2017-10-20T10:07:29.697895141Z:              \    \         __/
[STDOUT  ] 2017-10-20T10:07:29.69838431Z:               \____\_______/
[STDOUT  ] 2017-10-20T10:07:29.698494547Z: 
[STDOUT  ] 2017-10-20T10:08:01.510297186Z: [   44.898437] sd 0:0:0:0: [sda] Synchronizing SCSI cache
[STDOUT  ] 2017-10-20T10:08:01.511413089Z: [   44.899498] sd 0:0:0:0: [sda] Stopping disk
[STDOUT  ] 2017-10-20T10:08:01.514539698Z: [   44.902498] ACPI: Preparing to enter system sleep state S5
[STDOUT  ] 2017-10-20T10:08:01.515444979Z: [   44.903636] reboot: Power down
[STDERR  ] 2017-10-20T10:08:01.836511488Z: + exit 0
[STDERR  ] 2017-10-20T10:08:01.836551745Z: + clean_up
[STDERR  ] 2017-10-20T10:08:01.83655906Z: + find . -depth -iname run* -not -iname *.yml -exec rm -rf {} ;
[STDERR  ] 2017-10-20T10:08:01.969169288Z: + find . -depth -iname mkimage* -not -iname *.yml -exec rm -rf {} ;
[STDERR  ] 2017-10-20T10:08:01.975934119Z: + find . -depth -iname disk.qcow2* -not -iname *.yml -exec rm -rf {} ;
[STDERR  ] 2017-10-20T10:08:01.981829542Z: + rm -f tarball.img
[PASS    ] linuxkit.packages.mkimage 159.73s
