[INFO    ] 2019-04-18T00:41:14.556707460Z: Running Test linuxkit.packages.format_mount.auto in /tmp/with_clone3bb05763/test/cases/040_packages/006_format_mount/000_auto
[INFO    ] 2019-04-18T00:41:14.556937847Z: Running command: [/bin/sh -x /tmp/with_clone3bb05763/test/cases/040_packages/006_format_mount/000_auto/test.sh]
[STDERR  ] 2019-04-18T00:41:14.557928047Z: + set -e
[STDERR  ] 2019-04-18T00:41:14.558016873Z: + . /tmp/with_clone3bb05763/test/cases/_lib/lib.sh
[STDERR  ] 2019-04-18T00:41:14.558044967Z: + [ -f src/github.com/linuxkit/rtf/lib/lib.sh ]
[STDERR  ] 2019-04-18T00:41:14.558182370Z: + LINUXKIT_TMPDIR=/tmp/with_clone3bb05763/test/cases/_tmp
[STDERR  ] 2019-04-18T00:41:14.558260056Z: + [ -f /tmp/with_clone3bb05763/test/cases/_tmp/env.sh ]
[STDERR  ] 2019-04-18T00:41:14.558306382Z: + . /tmp/with_clone3bb05763/test/cases/_tmp/env.sh
[STDERR  ] 2019-04-18T00:41:14.558338688Z: + export LINUXKIT_EXAMPLES_DIR=/tmp/with_clone3bb05763/test/cases/../../examples
[STDERR  ] 2019-04-18T00:41:14.558365065Z: + RT_CANCEL=253
[STDERR  ] 2019-04-18T00:41:14.558395314Z: + NAME=test-format
[STDERR  ] 2019-04-18T00:41:14.558420911Z: + DISK=disk.img
[STDERR  ] 2019-04-18T00:41:14.558446650Z: + trap clean_up EXIT
[STDERR  ] 2019-04-18T00:41:14.558477334Z: + linuxkit build -format kernel+initrd -name test-format test.yml
[STDERR  ] 2019-04-18T00:41:14.609036972Z: Extract kernel image: linuxkit/kernel:4.19.34
[STDERR  ] 2019-04-18T00:41:19.647298797Z: Add init containers:
[STDERR  ] 2019-04-18T00:41:19.647414940Z: Process init image: linuxkit/init:v0.7
[STDERR  ] 2019-04-18T00:41:21.539615953Z: Process init image: linuxkit/runc:v0.7
[STDERR  ] 2019-04-18T00:41:23.295831860Z: Add onboot containers:
[STDERR  ] 2019-04-18T00:41:23.295947201Z:   Create OCI config for linuxkit/format:v0.7
[STDERR  ] 2019-04-18T00:41:25.161097944Z:   Create OCI config for linuxkit/mount:v0.7
[STDERR  ] 2019-04-18T00:41:26.985815536Z:   Create OCI config for alpine:3.9
[STDERR  ] 2019-04-18T00:41:28.699851247Z:   Create OCI config for linuxkit/poweroff:b498d30dd9660090565537fceb9e757618737a85
[STDERR  ] 2019-04-18T00:41:30.407587598Z: Add files:
[STDERR  ] 2019-04-18T00:41:30.407689385Z:   check.sh
[STDERR  ] 2019-04-18T00:41:30.407744582Z: Create outputs:
[STDERR  ] 2019-04-18T00:41:37.894202805Z:   test-format-kernel test-format-initrd.img test-format-cmdline
[STDERR  ] 2019-04-18T00:41:38.010801655Z: + linuxkit run -disk file=disk.img,size=512M test-format
[STDERR  ] 2019-04-18T00:43:33.966084971Z: + RESULT=[    0.000000] Linux version 4.19.34-linuxkit (root@b189040c639b) (gcc version 8.3.0 (Alpine 8.3.0)) #1 SMP Wed Apr 17 07:56:11 UTC 2019
[STDERR  ] 2019-04-18T00:43:33.966322861Z: [    0.000000] Command line: console=ttyS0 console=ttyAMA0
[STDERR  ] 2019-04-18T00:43:33.966349352Z: [    0.000000] x86/fpu: x87 FPU will use FXSAVE
[STDERR  ] 2019-04-18T00:43:33.966373351Z: [    0.000000] BIOS-provided physical RAM map:
[STDERR  ] 2019-04-18T00:43:33.966417591Z: [    0.000000] BIOS-e820: [mem 0x0000000000000000-0x000000000009fbff] usable
[STDERR  ] 2019-04-18T00:43:33.966442448Z: [    0.000000] BIOS-e820: [mem 0x000000000009fc00-0x000000000009ffff] reserved
[STDERR  ] 2019-04-18T00:43:33.966464171Z: [    0.000000] BIOS-e820: [mem 0x00000000000f0000-0x00000000000fffff] reserved
[STDERR  ] 2019-04-18T00:43:33.966487398Z: [    0.000000] BIOS-e820: [mem 0x0000000000100000-0x000000003ffdefff] usable
[STDERR  ] 2019-04-18T00:43:33.966508741Z: [    0.000000] BIOS-e820: [mem 0x000000003ffdf000-0x000000003fffffff] reserved
[STDERR  ] 2019-04-18T00:43:33.966530438Z: [    0.000000] BIOS-e820: [mem 0x00000000b0000000-0x00000000bfffffff] reserved
[STDERR  ] 2019-04-18T00:43:33.966551540Z: [    0.000000] BIOS-e820: [mem 0x00000000fed1c000-0x00000000fed1ffff] reserved
[STDERR  ] 2019-04-18T00:43:33.966572822Z: [    0.000000] BIOS-e820: [mem 0x00000000fffc0000-0x00000000ffffffff] reserved
[STDERR  ] 2019-04-18T00:43:33.966594409Z: [    0.000000] NX (Execute Disable) protection: active
[STDERR  ] 2019-04-18T00:43:33.966616217Z: [    0.000000] SMBIOS 2.8 present.
[STDERR  ] 2019-04-18T00:43:33.966637712Z: [    0.000000] DMI: QEMU Standard PC (Q35 + ICH9, 2009), BIOS rel-1.10.2-0-g5f4c7b1-prebuilt.qemu-project.org 04/01/2014
[STDERR  ] 2019-04-18T00:43:33.966670450Z: [    0.000000] last_pfn = 0x3ffdf max_arch_pfn = 0x400000000
[STDERR  ] 2019-04-18T00:43:33.966719457Z: [    0.000000] x86/PAT: Configuration [0-7]: WB  WC  UC- UC  WB  WP  UC- WT  
[STDERR  ] 2019-04-18T00:43:33.966740896Z: [    0.000000] found SMP MP-table at [mem 0x000f6aa0-0x000f6aaf] mapped at [(____ptrval____)]
[STDERR  ] 2019-04-18T00:43:33.966762939Z: [    0.000000] RAMDISK: [mem 0x3d6aa000-0x3ffcffff]
[STDERR  ] 2019-04-18T00:43:33.966783758Z: [    0.000000] ACPI: Early table checksum verification disabled
[STDERR  ] 2019-04-18T00:43:33.966804709Z: [    0.000000] ACPI: RSDP 0x00000000000F68C0 000014 (v00 BOCHS )
[STDERR  ] 2019-04-18T00:43:33.966828521Z: [    0.000000] ACPI: RSDT 0x000000003FFE2404 000034 (v01 BOCHS  BXPCRSDT 00000001 BXPC 00000001)
[STDERR  ] 2019-04-18T00:43:33.966850455Z: [    0.000000] ACPI: FACP 0x000000003FFE22A4 000074 (v01 BOCHS  BXPCFACP 00000001 BXPC 00000001)
[STDERR  ] 2019-04-18T00:43:33.966871543Z: [    0.000000] ACPI: DSDT 0x000000003FFE0040 002264 (v01 BOCHS  BXPCDSDT 00000001 BXPC 00000001)
[STDERR  ] 2019-04-18T00:43:33.966893221Z: [    0.000000] ACPI: FACS 0x000000003FFE0000 000040
[STDERR  ] 2019-04-18T00:43:33.966961504Z: [    0.000000] ACPI: APIC 0x000000003FFE2318 000078 (v01 BOCHS  BXPCAPIC 00000001 BXPC 00000001)
[STDERR  ] 2019-04-18T00:43:33.966996483Z: [    0.000000] ACPI: HPET 0x000000003FFE2390 000038 (v01 BOCHS  BXPCHPET 00000001 BXPC 00000001)
[STDERR  ] 2019-04-18T00:43:33.967017245Z: [    0.000000] ACPI: MCFG 0x000000003FFE23C8 00003C (v01 BOCHS  BXPCMCFG 00000001 BXPC 00000001)
[STDERR  ] 2019-04-18T00:43:33.967038925Z: [    0.000000] Zone ranges:
[STDERR  ] 2019-04-18T00:43:33.967059784Z: [    0.000000]   DMA      [mem 0x0000000000001000-0x0000000000ffffff]
[STDERR  ] 2019-04-18T00:43:33.967084015Z: [    0.000000]   DMA32    [mem 0x0000000001000000-0x000000003ffdefff]
[STDERR  ] 2019-04-18T00:43:33.967110155Z: [    0.000000]   Normal   empty
[STDERR  ] 2019-04-18T00:43:33.967131114Z: [    0.000000]   Device   empty
[STDERR  ] 2019-04-18T00:43:33.967169764Z: [    0.000000] Movable zone start for each node
[STDERR  ] 2019-04-18T00:43:33.967190781Z: [    0.000000] Early memory node ranges
[STDERR  ] 2019-04-18T00:43:33.967212223Z: [    0.000000]   node   0: [mem 0x0000000000001000-0x000000000009efff]
[STDERR  ] 2019-04-18T00:43:33.967233233Z: [    0.000000]   node   0: [mem 0x0000000000100000-0x000000003ffdefff]
[STDERR  ] 2019-04-18T00:43:33.967254250Z: [    0.000000] Reserved but unavailable: 98 pages
[STDERR  ] 2019-04-18T00:43:33.967276641Z: [    0.000000] Initmem setup node 0 [mem 0x0000000000001000-0x000000003ffdefff]
[STDERR  ] 2019-04-18T00:43:33.967299272Z: [    0.000000] ACPI: PM-Timer IO Port: 0x608
[STDERR  ] 2019-04-18T00:43:33.967332786Z: [    0.000000] ACPI: LAPIC_NMI (acpi_id[0xff] dfl dfl lint[0x1])
[STDERR  ] 2019-04-18T00:43:33.967361151Z: [    0.000000] IOAPIC[0]: apic_id 0, version 32, address 0xfec00000, GSI 0-23
[STDERR  ] 2019-04-18T00:43:33.967391185Z: [    0.000000] ACPI: INT_SRC_OVR (bus 0 bus_irq 0 global_irq 2 dfl dfl)
[STDERR  ] 2019-04-18T00:43:33.967420864Z: [    0.000000] ACPI: INT_SRC_OVR (bus 0 bus_irq 5 global_irq 5 high level)
[STDERR  ] 2019-04-18T00:43:33.967448375Z: [    0.000000] ACPI: INT_SRC_OVR (bus 0 bus_irq 9 global_irq 9 high level)
[STDERR  ] 2019-04-18T00:43:33.967469431Z: [    0.000000] ACPI: INT_SRC_OVR (bus 0 bus_irq 10 global_irq 10 high level)
[STDERR  ] 2019-04-18T00:43:33.967491735Z: [    0.000000] ACPI: INT_SRC_OVR (bus 0 bus_irq 11 global_irq 11 high level)
[STDERR  ] 2019-04-18T00:43:33.967516079Z: [    0.000000] Using ACPI (MADT) for SMP configuration information
[STDERR  ] 2019-04-18T00:43:33.967543307Z: [    0.000000] ACPI: HPET id: 0x8086a201 base: 0xfed00000
[STDERR  ] 2019-04-18T00:43:33.967565186Z: [    0.000000] smpboot: Allowing 1 CPUs, 0 hotplug CPUs
[STDERR  ] 2019-04-18T00:43:33.967587458Z: [    0.000000] [mem 0x40000000-0xafffffff] available for PCI devices
[STDERR  ] 2019-04-18T00:43:33.967613113Z: [    0.000000] Booting paravirtualized kernel on bare hardware
[STDERR  ] 2019-04-18T00:43:33.967642205Z: [    0.000000] clocksource: refined-jiffies: mask: 0xffffffff max_cycles: 0xffffffff, max_idle_ns: 1910969940391419 ns
[STDERR  ] 2019-04-18T00:43:33.967663640Z: [    0.000000] random: get_random_bytes called from start_kernel+0x91/0x512 with crng_init=0
[STDERR  ] 2019-04-18T00:43:33.967684635Z: [    0.000000] setup_percpu: NR_CPUS:128 nr_cpumask_bits:128 nr_cpu_ids:1 nr_node_ids:1
[STDERR  ] 2019-04-18T00:43:33.967715529Z: [    0.000000] percpu: Embedded 45 pages/cpu @(____ptrval____) s145112 r8192 d31016 u2097152
[STDERR  ] 2019-04-18T00:43:33.967737111Z: [    0.000000] Built 1 zonelists, mobility grouping on.  Total pages: 257896
[STDERR  ] 2019-04-18T00:43:33.967759903Z: [    0.000000] Kernel command line: console=ttyS0 console=ttyAMA0
[STDERR  ] 2019-04-18T00:43:33.967780871Z: [    0.000000] Dentry cache hash table entries: 131072 (order: 8, 1048576 bytes)
[STDERR  ] 2019-04-18T00:43:33.967802085Z: [    0.000000] Inode-cache hash table entries: 65536 (order: 7, 524288 bytes)
[STDERR  ] 2019-04-18T00:43:33.967823943Z: [    0.000000] Memory: 959620K/1048052K available (12300K kernel code, 1581K rwdata, 3056K rodata, 1588K init, 2028K bss, 88432K reserved, 0K cma-reserved)
[STDERR  ] 2019-04-18T00:43:33.967857745Z: [    0.000000] ftrace: allocating 43031 entries in 169 pages
[STDERR  ] 2019-04-18T00:43:33.967880675Z: [    0.000000] rcu: Hierarchical RCU implementation.
[STDERR  ] 2019-04-18T00:43:33.967901432Z: [    0.000000] rcu: 	RCU restricting CPUs from NR_CPUS=128 to nr_cpu_ids=1.
[STDERR  ] 2019-04-18T00:43:33.967934081Z: [    0.000000] rcu: Adjusting geometry for rcu_fanout_leaf=16, nr_cpu_ids=1
[STDERR  ] 2019-04-18T00:43:33.967954910Z: [    0.000000] NR_IRQS: 8448, nr_irqs: 256, preallocated irqs: 16
[STDERR  ] 2019-04-18T00:43:33.967976617Z: [    0.000000] Console: colour VGA+ 80x25
[STDERR  ] 2019-04-18T00:43:33.968002565Z: [    0.000000] console [ttyS0] enabled
[STDERR  ] 2019-04-18T00:43:33.968023404Z: [    0.000000] ACPI: Core revision 20180810
[STDERR  ] 2019-04-18T00:43:33.968053803Z: [    0.000000] clocksource: hpet: mask: 0xffffffff max_cycles: 0xffffffff, max_idle_ns: 19112604467 ns
[STDERR  ] 2019-04-18T00:43:33.968080690Z: [    0.004000] APIC: Switch to symmetric I/O mode setup
[STDERR  ] 2019-04-18T00:43:33.968102259Z: [    0.009000] ..TIMER: vector=0x30 apic1=0 pin1=2 apic2=-1 pin2=-1
[STDERR  ] 2019-04-18T00:43:33.968123398Z: [    0.018000] tsc: Unable to calibrate against PIT
[STDERR  ] 2019-04-18T00:43:33.968144338Z: [    0.018000] tsc: using HPET reference calibration
[STDERR  ] 2019-04-18T00:43:33.968173466Z: [    0.019000] tsc: Detected 2599.774 MHz processor
[STDERR  ] 2019-04-18T00:43:33.968195528Z: [    0.001923] clocksource: tsc-early: mask: 0xffffffffffffffff max_cycles: 0x257966ec9bb, max_idle_ns: 440795334878 ns
[STDERR  ] 2019-04-18T00:43:33.968223568Z: [    0.004426] Calibrating delay loop (skipped), value calculated using timer frequency.. 5199.54 BogoMIPS (lpj=2599774)
[STDERR  ] 2019-04-18T00:43:33.968249979Z: [    0.005742] pid_max: default: 32768 minimum: 301
[STDERR  ] 2019-04-18T00:43:33.968275198Z: [    0.010810] Security Framework initialized
[STDERR  ] 2019-04-18T00:43:33.968303644Z: [    0.011275] Yama: becoming mindful.
[STDERR  ] 2019-04-18T00:43:33.968324584Z: [    0.013923] Mount-cache hash table entries: 2048 (order: 2, 16384 bytes)
[STDERR  ] 2019-04-18T00:43:33.968345858Z: [    0.014723] Mountpoint-cache hash table entries: 2048 (order: 2, 16384 bytes)
[STDERR  ] 2019-04-18T00:43:33.968372231Z: [    0.039100] Last level iTLB entries: 4KB 0, 2MB 0, 4MB 0
[STDERR  ] 2019-04-18T00:43:33.968393083Z: [    0.039671] Last level dTLB entries: 4KB 0, 2MB 0, 4MB 0, 1GB 0
[STDERR  ] 2019-04-18T00:43:33.968415356Z: [    0.040661] Spectre V2 : Spectre mitigation: LFENCE not serializing, switching to generic retpoline
[STDERR  ] 2019-04-18T00:43:33.968442587Z: [    0.041643] Spectre V2 : Mitigation: Full generic retpoline
[STDERR  ] 2019-04-18T00:43:33.968469284Z: [    0.042174] Spectre V2 : Spectre v2 / SpectreRSB mitigation: Filling RSB on context switch
[STDERR  ] 2019-04-18T00:43:33.968495703Z: [    0.042754] Speculative Store Bypass: Vulnerable
[STDERR  ] 2019-04-18T00:43:33.968516890Z: [    0.237014] random: fast init done
[STDERR  ] 2019-04-18T00:43:33.968538044Z: [    0.382306] Freeing SMP alternatives memory: 20K
[STDERR  ] 2019-04-18T00:43:33.968574137Z: [    0.409613] APIC calibration not consistent with PM-Timer: 101ms instead of 100ms
[STDERR  ] 2019-04-18T00:43:33.968600252Z: [    0.409613] APIC delta adjusted to PM-Timer: 6250025 (6313354)
[STDERR  ] 2019-04-18T00:43:33.968629224Z: [    0.411286] smpboot: CPU0: AMD QEMU Virtual CPU version 2.5+ (family: 0x6, model: 0x6, stepping: 0x3)
[STDERR  ] 2019-04-18T00:43:33.968650960Z: [    0.421471] Performance Events: PMU not available due to virtualization, using software events only.
[STDERR  ] 2019-04-18T00:43:33.968681375Z: [    0.426763] rcu: Hierarchical SRCU implementation.
[STDERR  ] 2019-04-18T00:43:33.968703011Z: [    0.433402] NMI watchdog: Perf NMI watchdog permanently disabled
[STDERR  ] 2019-04-18T00:43:33.968731633Z: [    0.438966] smp: Bringing up secondary CPUs ...
[STDERR  ] 2019-04-18T00:43:33.968753665Z: [    0.439490] smp: Brought up 1 node, 1 CPU
[STDERR  ] 2019-04-18T00:43:33.968782758Z: [    0.439706] smpboot: Max logical packages: 1
[STDERR  ] 2019-04-18T00:43:33.968808634Z: [    0.440191] smpboot: Total of 1 processors activated (5199.54 BogoMIPS)
[STDERR  ] 2019-04-18T00:43:33.968829373Z: [    0.457769] devtmpfs: initialized
[STDERR  ] 2019-04-18T00:43:33.968850282Z: [    0.463229] x86/mm: Memory block size: 128MB
[STDERR  ] 2019-04-18T00:43:33.968876488Z: [    0.474915] clocksource: jiffies: mask: 0xffffffff max_cycles: 0xffffffff, max_idle_ns: 1911260446275000 ns
[STDERR  ] 2019-04-18T00:43:33.968898746Z: [    0.475857] futex hash table entries: 256 (order: 2, 16384 bytes)
[STDERR  ] 2019-04-18T00:43:33.968930261Z: [    0.491915] NET: Registered protocol family 16
[STDERR  ] 2019-04-18T00:43:33.968951490Z: [    0.497192] audit: initializing netlink subsys (disabled)
[STDERR  ] 2019-04-18T00:43:33.968972664Z: [    0.503105] audit: type=2000 audit(1555548103.519:1): state=initialized audit_enabled=0 res=1
[STDERR  ] 2019-04-18T00:43:33.968993881Z: [    0.506038] cpuidle: using governor ladder
[STDERR  ] 2019-04-18T00:43:33.969019670Z: [    0.506723] cpuidle: using governor menu
[STDERR  ] 2019-04-18T00:43:33.969041185Z: [    0.509354] ACPI: bus type PCI registered
[STDERR  ] 2019-04-18T00:43:33.969062222Z: [    0.512415] PCI: MMCONFIG for domain 0000 [bus 00-ff] at [mem 0xb0000000-0xbfffffff] (base 0xb0000000)
[STDERR  ] 2019-04-18T00:43:33.969088024Z: [    0.513876] PCI: MMCONFIG at [mem 0xb0000000-0xbfffffff] reserved in E820
[STDERR  ] 2019-04-18T00:43:33.969115256Z: [    0.515333] PCI: Using configuration type 1 for base access
[STDERR  ] 2019-04-18T00:43:33.969136080Z: [    0.583957] HugeTLB registered 2.00 MiB page size, pre-allocated 0 pages
[STDERR  ] 2019-04-18T00:43:33.969170377Z: [    0.589907] cryptd: max_cpu_qlen set to 1000
[STDERR  ] 2019-04-18T00:43:33.969191707Z: [    0.595893] ACPI: Added _OSI(Module Device)
[STDERR  ] 2019-04-18T00:43:33.969212641Z: [    0.596360] ACPI: Added _OSI(Processor Device)
[STDERR  ] 2019-04-18T00:43:33.969238377Z: [    0.596649] ACPI: Added _OSI(3.0 _SCP Extensions)
[STDERR  ] 2019-04-18T00:43:33.969259019Z: [    0.597102] ACPI: Added _OSI(Processor Aggregator Device)
[STDERR  ] 2019-04-18T00:43:33.969280202Z: [    0.597773] ACPI: Added _OSI(Linux-Dell-Video)
[STDERR  ] 2019-04-18T00:43:33.969301983Z: [    0.598237] ACPI: Added _OSI(Linux-Lenovo-NV-HDMI-Audio)
[STDERR  ] 2019-04-18T00:43:33.969328011Z: [    0.652243] ACPI: 1 ACPI AML tables successfully acquired and loaded
[STDERR  ] 2019-04-18T00:43:33.969349093Z: [    0.689142] ACPI: Interpreter enabled
[STDERR  ] 2019-04-18T00:43:33.969369728Z: [    0.690301] ACPI: (supports S0 S5)
[STDERR  ] 2019-04-18T00:43:33.969390420Z: [    0.690718] ACPI: Using IOAPIC for interrupt routing
[STDERR  ] 2019-04-18T00:43:33.969433785Z: [    0.693899] PCI: Using host bridge windows from ACPI; if necessary, use "pci=nocrs" and report a bug
[STDERR  ] 2019-04-18T00:43:33.969460834Z: [    0.698380] ACPI: Enabled 2 GPEs in block 00 to 3F
[STDERR  ] 2019-04-18T00:43:33.969482021Z: [    0.776896] ACPI: PCI Root Bridge [PCI0] (domain 0000 [bus 00-ff])
[STDERR  ] 2019-04-18T00:43:33.969504277Z: [    0.778191] acpi PNP0A08:00: _OSC: OS supports [ExtendedConfig ASPM ClockPM Segments MSI]
[STDERR  ] 2019-04-18T00:43:33.969525659Z: [    0.783432] acpi PNP0A08:00: _OSC: platform does not support [SHPCHotplug LTR]
[STDERR  ] 2019-04-18T00:43:33.969554967Z: [    0.787113] acpi PNP0A08:00: _OSC: OS now controls [PCIeHotplug PME PCIeCapability]
[STDERR  ] 2019-04-18T00:43:33.969575962Z: [    0.791835] PCI host bridge to bus 0000:00
[STDERR  ] 2019-04-18T00:43:33.969596600Z: [    0.792607] pci_bus 0000:00: root bus resource [io  0x0000-0x0cf7 window]
[STDERR  ] 2019-04-18T00:43:33.969617635Z: [    0.793321] pci_bus 0000:00: root bus resource [io  0x0d00-0xffff window]
[STDERR  ] 2019-04-18T00:43:33.969638500Z: [    0.793669] pci_bus 0000:00: root bus resource [mem 0x000a0000-0x000bffff window]
[STDERR  ] 2019-04-18T00:43:33.969660925Z: [    0.794659] pci_bus 0000:00: root bus resource [mem 0xc0000000-0xfebfffff window]
[STDERR  ] 2019-04-18T00:43:33.969682210Z: [    0.795772] pci_bus 0000:00: root bus resource [bus 00-ff]
[STDERR  ] 2019-04-18T00:43:33.969704260Z: [    0.862073] pci 0000:00:1f.0: quirk: [io  0x0600-0x067f] claimed by ICH6 ACPI/GPIO/TCO
[STDERR  ] 2019-04-18T00:43:33.969731930Z: [    0.913205] ACPI: PCI Interrupt Link [LNKA] (IRQs 5 *10 11)
[STDERR  ] 2019-04-18T00:43:33.969752933Z: [    0.915798] ACPI: PCI Interrupt Link [LNKB] (IRQs 5 *10 11)
[STDERR  ] 2019-04-18T00:43:33.969781146Z: [    0.918088] ACPI: PCI Interrupt Link [LNKC] (IRQs 5 10 *11)
[STDERR  ] 2019-04-18T00:43:33.969802021Z: [    0.920209] ACPI: PCI Interrupt Link [LNKD] (IRQs 5 10 *11)
[STDERR  ] 2019-04-18T00:43:33.969823068Z: [    0.922423] ACPI: PCI Interrupt Link [LNKE] (IRQs 5 *10 11)
[STDERR  ] 2019-04-18T00:43:33.969848858Z: [    0.924664] ACPI: PCI Interrupt Link [LNKF] (IRQs 5 *10 11)
[STDERR  ] 2019-04-18T00:43:33.969870301Z: [    0.926800] ACPI: PCI Interrupt Link [LNKG] (IRQs 5 10 *11)
[STDERR  ] 2019-04-18T00:43:33.969891081Z: [    0.928935] ACPI: PCI Interrupt Link [LNKH] (IRQs 5 10 *11)
[STDERR  ] 2019-04-18T00:43:33.969918408Z: [    0.930071] ACPI: PCI Interrupt Link [GSIA] (IRQs *16)
[STDERR  ] 2019-04-18T00:43:33.969945069Z: [    0.930929] ACPI: PCI Interrupt Link [GSIB] (IRQs *17)
[STDERR  ] 2019-04-18T00:43:33.969966361Z: [    0.931791] ACPI: PCI Interrupt Link [GSIC] (IRQs *18)
[STDERR  ] 2019-04-18T00:43:33.969987199Z: [    0.932538] ACPI: PCI Interrupt Link [GSID] (IRQs *19)
[STDERR  ] 2019-04-18T00:43:33.970014517Z: [    0.933467] ACPI: PCI Interrupt Link [GSIE] (IRQs *20)
[STDERR  ] 2019-04-18T00:43:33.970036034Z: [    0.933927] ACPI: PCI Interrupt Link [GSIF] (IRQs *21)
[STDERR  ] 2019-04-18T00:43:33.970062031Z: [    0.934918] ACPI: PCI Interrupt Link [GSIG] (IRQs *22)
[STDERR  ] 2019-04-18T00:43:33.970082984Z: [    0.935912] ACPI: PCI Interrupt Link [GSIH] (IRQs *23)
[STDERR  ] 2019-04-18T00:43:33.970105173Z: [    0.945918] SCSI subsystem initialized
[STDERR  ] 2019-04-18T00:43:33.970126825Z: [    0.949266] ACPI: bus type USB registered
[STDERR  ] 2019-04-18T00:43:33.970159363Z: [    0.950363] usbcore: registered new interface driver usbfs
[STDERR  ] 2019-04-18T00:43:33.970186004Z: [    0.951761] usbcore: registered new interface driver hub
[STDERR  ] 2019-04-18T00:43:33.970207111Z: [    0.952759] usbcore: registered new device driver usb
[STDERR  ] 2019-04-18T00:43:33.970228767Z: [    0.953975] pps_core: LinuxPPS API ver. 1 registered
[STDERR  ] 2019-04-18T00:43:33.970285228Z: [    0.954411] pps_core: Software ver. 5.3.6 - Copyright 2005-2007 Rodolfo Giometti <giometti@linux.it>
[STDERR  ] 2019-04-18T00:43:33.970308245Z: [    0.954791] PTP clock support registered
[STDERR  ] 2019-04-18T00:43:33.970335757Z: [    0.958367] PCI: Using ACPI for IRQ routing
[STDERR  ] 2019-04-18T00:43:33.970364024Z: [    0.981989] NetLabel: Initializing
[STDERR  ] 2019-04-18T00:43:33.970385237Z: [    0.982398] NetLabel:  domain hash size = 128
[STDERR  ] 2019-04-18T00:43:33.970406093Z: [    0.982666] NetLabel:  protocols = UNLABELED CIPSOv4 CALIPSO
[STDERR  ] 2019-04-18T00:43:33.970434708Z: [    0.985850] NetLabel:  unlabeled traffic allowed by default
[STDERR  ] 2019-04-18T00:43:33.970460717Z: [    0.987205] HPET: 3 timers in total, 0 timers will be used for per-cpu timer
[STDERR  ] 2019-04-18T00:43:33.970483465Z: [    0.987956] hpet0: at MMIO 0xfed00000, IRQs 2, 8, 0
[STDERR  ] 2019-04-18T00:43:33.970505290Z: [    0.988686] hpet0: 3 comparators, 64-bit 100.000000 MHz counter
[STDERR  ] 2019-04-18T00:43:33.970528376Z: [    0.994996] clocksource: Switched to clocksource tsc-early
[STDERR  ] 2019-04-18T00:43:33.970557693Z: [    1.431502] VFS: Disk quotas dquot_6.6.0
[STDERR  ] 2019-04-18T00:43:33.970578922Z: [    1.432977] VFS: Dquot-cache hash table entries: 512 (order 0, 4096 bytes)
[STDERR  ] 2019-04-18T00:43:33.970600267Z: [    1.436473] FS-Cache: Loaded
[STDERR  ] 2019-04-18T00:43:33.970620958Z: [    1.444183] CacheFiles: Loaded
[STDERR  ] 2019-04-18T00:43:33.970642296Z: [    1.445896] pnp: PnP ACPI init
[STDERR  ] 2019-04-18T00:43:33.970663108Z: [    1.460605] pnp: PnP ACPI: found 5 devices
[STDERR  ] 2019-04-18T00:43:33.970684403Z: [    1.510885] clocksource: acpi_pm: mask: 0xffffff max_cycles: 0xffffff, max_idle_ns: 2085701024 ns
[STDERR  ] 2019-04-18T00:43:33.970705170Z: [    1.515147] NET: Registered protocol family 2
[STDERR  ] 2019-04-18T00:43:33.970725641Z: [    1.526189] tcp_listen_portaddr_hash hash table entries: 512 (order: 1, 8192 bytes)
[STDERR  ] 2019-04-18T00:43:33.970747049Z: [    1.527505] TCP established hash table entries: 8192 (order: 4, 65536 bytes)
[STDERR  ] 2019-04-18T00:43:33.970768107Z: [    1.528600] TCP bind hash table entries: 8192 (order: 5, 131072 bytes)
[STDERR  ] 2019-04-18T00:43:33.970788814Z: [    1.529923] TCP: Hash tables configured (established 8192 bind 8192)
[STDERR  ] 2019-04-18T00:43:33.970809237Z: [    1.532545] UDP hash table entries: 512 (order: 2, 16384 bytes)
[STDERR  ] 2019-04-18T00:43:33.970830646Z: [    1.533682] UDP-Lite hash table entries: 512 (order: 2, 16384 bytes)
[STDERR  ] 2019-04-18T00:43:33.970851417Z: [    1.537315] NET: Registered protocol family 1
[STDERR  ] 2019-04-18T00:43:33.970871888Z: [    1.538400] NET: Registered protocol family 44
[STDERR  ] 2019-04-18T00:43:33.970892275Z: [    1.539339] pci 0000:00:01.0: Video device with shadowed ROM at [mem 0x000c0000-0x000dffff]
[STDERR  ] 2019-04-18T00:43:33.970920877Z: [    1.547481] Trying to unpack rootfs image as initramfs...
[STDERR  ] 2019-04-18T00:43:33.970941901Z: [   10.990344] Freeing initrd memory: 42136K
[STDERR  ] 2019-04-18T00:43:33.970969337Z: [   11.025591] PCLMULQDQ-NI instructions are not detected.
[STDERR  ] 2019-04-18T00:43:33.970990258Z: [   11.028053] AVX or AES-NI instructions are not detected.
[STDERR  ] 2019-04-18T00:43:33.971010630Z: [   11.028628] CPU feature 'AVX registers' is not supported.
[STDERR  ] 2019-04-18T00:43:33.971031636Z: [   11.029594] CPU feature 'AVX registers' is not supported.
[STDERR  ] 2019-04-18T00:43:33.971052602Z: [   11.030370] CPU feature 'AVX registers' is not supported.
[STDERR  ] 2019-04-18T00:43:33.971073010Z: [   11.031134] CPU feature 'AVX registers' is not supported.
[STDERR  ] 2019-04-18T00:43:33.971099890Z: [   11.031840] AVX2 or AES-NI instructions are not detected.
[STDERR  ] 2019-04-18T00:43:33.971121233Z: [   11.032428] AVX2 instructions are not detected.
[STDERR  ] 2019-04-18T00:43:33.971143598Z: [   11.047177] workingset: timestamp_bits=46 max_order=18 bucket_order=0
[STDERR  ] 2019-04-18T00:43:33.971172327Z: [   11.055531] squashfs: version 4.0 (2009/01/31) Phillip Lougher
[STDERR  ] 2019-04-18T00:43:33.971193948Z: [   11.059914] FS-Cache: Netfs 'cifs' registered for caching
[STDERR  ] 2019-04-18T00:43:33.971218520Z: [   11.061493] fuse init (API version 7.27)
[STDERR  ] 2019-04-18T00:43:33.971247214Z: [   11.065169] SGI XFS with ACLs, security attributes, no debug enabled
[STDERR  ] 2019-04-18T00:43:33.971271467Z: [   11.071315] 9p: Installing v9fs 9p2000 file system support
[STDERR  ] 2019-04-18T00:43:33.971292016Z: [   11.072265] FS-Cache: Netfs '9p' registered for caching
[STDERR  ] 2019-04-18T00:43:33.971312553Z: [   11.073214] pstore: using deflate compression
[STDERR  ] 2019-04-18T00:43:33.971333247Z: [   11.152494] NET: Registered protocol family 38
[STDERR  ] 2019-04-18T00:43:33.971353653Z: [   11.153569] Key type asymmetric registered
[STDERR  ] 2019-04-18T00:43:33.971375174Z: [   11.154295] Asymmetric key parser 'x509' registered
[STDERR  ] 2019-04-18T00:43:33.971395924Z: [   11.155383] Block layer SCSI generic (bsg) driver version 0.4 loaded (major 247)
[STDERR  ] 2019-04-18T00:43:33.971425081Z: [   11.158567] io scheduler noop registered
[STDERR  ] 2019-04-18T00:43:33.971446875Z: [   11.159338] io scheduler deadline registered (default)
[STDERR  ] 2019-04-18T00:43:33.971470024Z: [   11.161162] io scheduler cfq registered
[STDERR  ] 2019-04-18T00:43:33.971490923Z: [   11.162021] io scheduler mq-deadline registered (default)
[STDERR  ] 2019-04-18T00:43:33.971511716Z: [   11.162539] io scheduler kyber registered
[STDERR  ] 2019-04-18T00:43:33.971532258Z: [   11.166561] shpchp: Standard Hot Plug PCI Controller Driver version: 0.4
[STDERR  ] 2019-04-18T00:43:33.971552843Z: [   11.168071] hv_vmbus: registering driver hyperv_fb
[STDERR  ] 2019-04-18T00:43:33.971574157Z: [   11.173088] input: Power Button as /devices/LNXSYSTM:00/LNXPWRBN:00/input/input0
[STDERR  ] 2019-04-18T00:43:33.971595337Z: [   11.177247] ACPI: Power Button [PWRF]
[STDERR  ] 2019-04-18T00:43:33.971618537Z: [   11.201988] PCI Interrupt Link [GSIG] enabled at IRQ 22
[STDERR  ] 2019-04-18T00:43:33.971639247Z: [   11.218368] PCI Interrupt Link [GSIH] enabled at IRQ 23
[STDERR  ] 2019-04-18T00:43:33.971659683Z: [   11.226555] Serial: 8250/16550 driver, 4 ports, IRQ sharing disabled
[STDERR  ] 2019-04-18T00:43:33.971683813Z: [   11.253920] 00:04: ttyS0 at I/O 0x3f8 (irq = 4, base_baud = 115200) is a 16550A
[STDERR  ] 2019-04-18T00:43:33.971705556Z: [   11.267434] Non-volatile memory driver v1.3
[STDERR  ] 2019-04-18T00:43:33.971726062Z: [   11.276202] Hangcheck: starting hangcheck timer 0.9.1 (tick is 180 seconds, margin is 60 seconds).
[STDERR  ] 2019-04-18T00:43:33.971749143Z: [   11.286273] random: crng init done
[STDERR  ] 2019-04-18T00:43:33.971777004Z: [   11.373397] brd: module loaded
[STDERR  ] 2019-04-18T00:43:33.971803856Z: [   11.416357] loop: module loaded
[STDERR  ] 2019-04-18T00:43:33.971824562Z: [   11.497362] lpc_ich 0000:00:1f.0: I/O space for GPIO uninitialized
[STDERR  ] 2019-04-18T00:43:33.971845349Z: [   11.500276] VMware PVSCSI driver - version 1.0.7.0-k
[STDERR  ] 2019-04-18T00:43:33.971872529Z: [   11.501301] hv_vmbus: registering driver hv_storvsc
[STDERR  ] 2019-04-18T00:43:33.971898099Z: [   11.517371] PCI Interrupt Link [GSIA] enabled at IRQ 16
[STDERR  ] 2019-04-18T00:43:33.971922750Z: [   11.526120] ahci 0000:00:1f.2: AHCI 0001.0000 32 slots 6 ports 1.5 Gbps 0x3f impl SATA mode
[STDERR  ] 2019-04-18T00:43:33.971943272Z: [   11.527292] ahci 0000:00:1f.2: flags: 64bit ncq only 
[STDERR  ] 2019-04-18T00:43:33.971966670Z: [   11.547701] scsi host0: ahci
[STDERR  ] 2019-04-18T00:43:33.971987507Z: [   11.552405] scsi host1: ahci
[STDERR  ] 2019-04-18T00:43:33.972008365Z: [   11.555122] scsi host2: ahci
[STDERR  ] 2019-04-18T00:43:33.972029067Z: [   11.557591] scsi host3: ahci
[STDERR  ] 2019-04-18T00:43:33.972049794Z: [   11.560144] scsi host4: ahci
[STDERR  ] 2019-04-18T00:43:33.972071115Z: [   11.562563] scsi host5: ahci
[STDERR  ] 2019-04-18T00:43:33.972095449Z: [   11.564369] ata1: SATA max UDMA/133 abar m4096@0xfebd2000 port 0xfebd2100 irq 24
[STDERR  ] 2019-04-18T00:43:33.972116575Z: [   11.565328] ata2: SATA max UDMA/133 abar m4096@0xfebd2000 port 0xfebd2180 irq 24
[STDERR  ] 2019-04-18T00:43:33.972137633Z: [   11.566076] ata3: SATA max UDMA/133 abar m4096@0xfebd2000 port 0xfebd2200 irq 24
[STDERR  ] 2019-04-18T00:43:33.972174262Z: [   11.566919] ata4: SATA max UDMA/133 abar m4096@0xfebd2000 port 0xfebd2280 irq 24
[STDERR  ] 2019-04-18T00:43:33.972196298Z: [   11.567509] ata5: SATA max UDMA/133 abar m4096@0xfebd2000 port 0xfebd2300 irq 24
[STDERR  ] 2019-04-18T00:43:33.972217148Z: [   11.568277] ata6: SATA max UDMA/133 abar m4096@0xfebd2000 port 0xfebd2380 irq 24
[STDERR  ] 2019-04-18T00:43:33.972237883Z: [   11.585394] tun: Universal TUN/TAP device driver, 1.6
[STDERR  ] 2019-04-18T00:43:33.972258524Z: [   11.600945] VMware vmxnet3 virtual NIC driver - version 1.4.16.0-k-NAPI
[STDERR  ] 2019-04-18T00:43:33.972279011Z: [   11.602233] hv_vmbus: registering driver hv_netvsc
[STDERR  ] 2019-04-18T00:43:33.972299932Z: [   11.602999] Fusion MPT base driver 3.04.20
[STDERR  ] 2019-04-18T00:43:33.972320870Z: [   11.603396] Copyright (c) 1999-2008 LSI Corporation
[STDERR  ] 2019-04-18T00:43:33.972341264Z: [   11.604220] Fusion MPT SPI Host driver 3.04.20
[STDERR  ] 2019-04-18T00:43:33.972363079Z: [   11.606973] i8042: PNP: PS/2 Controller [PNP0303:KBD,PNP0f13:MOU] at 0x60,0x64 irq 1,12
[STDERR  ] 2019-04-18T00:43:33.972383804Z: [   11.612293] serio: i8042 KBD port at 0x60,0x64 irq 1
[STDERR  ] 2019-04-18T00:43:33.972404350Z: [   11.613376] serio: i8042 AUX port at 0x60,0x64 irq 12
[STDERR  ] 2019-04-18T00:43:33.972427214Z: [   11.616988] hv_vmbus: registering driver hyperv_keyboard
[STDERR  ] 2019-04-18T00:43:33.972447467Z: [   11.620050] mousedev: PS/2 mouse device common for all mice
[STDERR  ] 2019-04-18T00:43:33.972468300Z: [   11.627106] input: PC Speaker as /devices/platform/pcspkr/input/input2
[STDERR  ] 2019-04-18T00:43:33.972489482Z: [   11.629188] input: AT Translated Set 2 keyboard as /devices/platform/i8042/serio0/input/input1
[STDERR  ] 2019-04-18T00:43:33.972510321Z: [   11.634010] rtc_cmos 00:00: RTC can wake from S4
[STDERR  ] 2019-04-18T00:43:33.972530714Z: [   11.640930] rtc_cmos 00:00: registered as rtc0
[STDERR  ] 2019-04-18T00:43:33.972551164Z: [   11.642444] rtc_cmos 00:00: alarms up to one day, y3k, 114 bytes nvram, hpet irqs
[STDERR  ] 2019-04-18T00:43:33.972577221Z: [   11.643860] i2c /dev entries driver
[STDERR  ] 2019-04-18T00:43:33.972598209Z: [   11.646598] device-mapper: ioctl: 4.39.0-ioctl (2018-04-03) initialised: dm-devel@redhat.com
[STDERR  ] 2019-04-18T00:43:33.972618793Z: [   11.654087] usbcore: registered new interface driver usbhid
[STDERR  ] 2019-04-18T00:43:33.972639379Z: [   11.654693] usbhid: USB HID core driver
[STDERR  ] 2019-04-18T00:43:33.972660051Z: [   11.655879] hv_utils: Registering HyperV Utility Driver
[STDERR  ] 2019-04-18T00:43:33.972680891Z: [   11.656386] hv_vmbus: registering driver hv_util
[STDERR  ] 2019-04-18T00:43:33.972701424Z: [   11.656765] hv_vmbus: registering driver hv_balloon
[STDERR  ] 2019-04-18T00:43:33.972728804Z: [   11.657544] oprofile: using NMI interrupt.
[STDERR  ] 2019-04-18T00:43:33.972749697Z: [   11.659306] GACT probability on
[STDERR  ] 2019-04-18T00:43:33.972770259Z: [   11.659880] Mirror/redirect action on
[STDERR  ] 2019-04-18T00:43:33.972791545Z: [   11.660612] Simple TC action Loaded
[STDERR  ] 2019-04-18T00:43:33.972815406Z: [   11.661440] u32 classifier
[STDERR  ] 2019-04-18T00:43:33.972835983Z: [   11.661910]     Performance counters on
[STDERR  ] 2019-04-18T00:43:33.972856707Z: [   11.662228]     input device check on
[STDERR  ] 2019-04-18T00:43:33.972880469Z: [   11.662524]     Actions configured
[STDERR  ] 2019-04-18T00:43:33.972901387Z: [   11.677019] xt_time: kernel timezone is -0000
[STDERR  ] 2019-04-18T00:43:33.972926476Z: [   11.678485] IPVS: Registered protocols (TCP, UDP, SCTP, AH, ESP)
[STDERR  ] 2019-04-18T00:43:33.972947890Z: [   11.679492] IPVS: Connection hash table configured (size=4096, memory=64Kbytes)
[STDERR  ] 2019-04-18T00:43:33.972968944Z: [   11.685477] IPVS: ipvs loaded.
[STDERR  ] 2019-04-18T00:43:33.972989584Z: [   11.686239] IPVS: [rr] scheduler registered.
[STDERR  ] 2019-04-18T00:43:33.973010378Z: [   11.686972] IPVS: [wrr] scheduler registered.
[STDERR  ] 2019-04-18T00:43:33.973035689Z: [   11.687468] IPVS: [lc] scheduler registered.
[STDERR  ] 2019-04-18T00:43:33.973057370Z: [   11.688133] IPVS: [wlc] scheduler registered.
[STDERR  ] 2019-04-18T00:43:33.973077781Z: [   11.688582] IPVS: [fo] scheduler registered.
[STDERR  ] 2019-04-18T00:43:33.973098460Z: [   11.689231] IPVS: [ovf] scheduler registered.
[STDERR  ] 2019-04-18T00:43:33.973119104Z: [   11.690047] IPVS: [lblc] scheduler registered.
[STDERR  ] 2019-04-18T00:43:33.973139770Z: [   11.690609] IPVS: [lblcr] scheduler registered.
[STDERR  ] 2019-04-18T00:43:33.973168224Z: [   11.691222] IPVS: [dh] scheduler registered.
[STDERR  ] 2019-04-18T00:43:33.973188729Z: [   11.691655] IPVS: [sh] scheduler registered.
[STDERR  ] 2019-04-18T00:43:33.973212230Z: [   11.692138] IPVS: [mh] scheduler registered.
[STDERR  ] 2019-04-18T00:43:33.973232587Z: [   11.692608] IPVS: [sed] scheduler registered.
[STDERR  ] 2019-04-18T00:43:33.973253147Z: [   11.693212] IPVS: [nq] scheduler registered.
[STDERR  ] 2019-04-18T00:43:33.973273898Z: [   11.694231] IPVS: ftp: loaded support on port[0] = 21
[STDERR  ] 2019-04-18T00:43:33.973299903Z: [   11.695521] ipip: IPv4 and MPLS over IPv4 tunneling driver
[STDERR  ] 2019-04-18T00:43:33.973320644Z: [   11.701456] gre: GRE over IPv4 demultiplexor driver
[STDERR  ] 2019-04-18T00:43:33.973341686Z: [   11.709657] ipt_CLUSTERIP: ClusterIP Version 0.8 loaded successfully
[STDERR  ] 2019-04-18T00:43:33.973369267Z: [   11.714039] NET: Registered protocol family 10
[STDERR  ] 2019-04-18T00:43:33.973390139Z: [   11.728414] Segment Routing with IPv6
[STDERR  ] 2019-04-18T00:43:33.973411718Z: [   11.740880] NET: Registered protocol family 17
[STDERR  ] 2019-04-18T00:43:33.973432388Z: [   11.742409] Bridge firewalling registered
[STDERR  ] 2019-04-18T00:43:33.973453072Z: [   11.746102] 8021q: 802.1Q VLAN Support v1.8
[STDERR  ] 2019-04-18T00:43:33.973473654Z: [   11.748258] 9pnet: Installing 9P2000 support
[STDERR  ] 2019-04-18T00:43:33.973494636Z: [   11.750547] Key type dns_resolver registered
[STDERR  ] 2019-04-18T00:43:33.973518292Z: [   11.753132] NET: Registered protocol family 40
[STDERR  ] 2019-04-18T00:43:33.973538691Z: [   11.754468] sched_clock: Marking stable (11773115308, -19386901)->(12025422337, -271693930)
[STDERR  ] 2019-04-18T00:43:33.973559453Z: [   11.759544] registered taskstats version 1
[STDERR  ] 2019-04-18T00:43:33.973580560Z: [   11.888210] ata3: SATA link up 1.5 Gbps (SStatus 113 SControl 300)
[STDERR  ] 2019-04-18T00:43:33.973601401Z: [   11.892689] ata2: SATA link down (SStatus 0 SControl 300)
[STDERR  ] 2019-04-18T00:43:33.973621919Z: [   11.894614] ata1: SATA link up 1.5 Gbps (SStatus 113 SControl 300)
[STDERR  ] 2019-04-18T00:43:33.973643113Z: [   11.895838] ata6: SATA link down (SStatus 0 SControl 300)
[STDERR  ] 2019-04-18T00:43:33.973664342Z: [   11.896479] ata5: SATA link down (SStatus 0 SControl 300)
[STDERR  ] 2019-04-18T00:43:33.973694522Z: [   11.897779] ata4: SATA link down (SStatus 0 SControl 300)
[STDERR  ] 2019-04-18T00:43:33.973715421Z: [   11.900446] ata1.00: ATA-7: QEMU HARDDISK, 2.5+, max UDMA/100
[STDERR  ] 2019-04-18T00:43:33.973736273Z: [   11.901381] ata1.00: 1048576 sectors, multi 16: LBA48 NCQ (depth 32)
[STDERR  ] 2019-04-18T00:43:33.973756890Z: [   11.902316] ata1.00: applying bridge limits
[STDERR  ] 2019-04-18T00:43:33.973777525Z: [   11.908362] ata3.00: ATAPI: QEMU DVD-ROM, 2.5+, max UDMA/100
[STDERR  ] 2019-04-18T00:43:33.973799247Z: [   11.909240] ata3.00: applying bridge limits
[STDERR  ] 2019-04-18T00:43:33.973839818Z: [   11.911691] ata1.00: configured for UDMA/100
[STDERR  ] 2019-04-18T00:43:33.973861520Z: [   11.919625] ata3.00: configured for UDMA/100
[STDERR  ] 2019-04-18T00:43:33.973882469Z: [   11.936975] scsi 0:0:0:0: Direct-Access     ATA      QEMU HARDDISK    2.5+ PQ: 0 ANSI: 5
[STDERR  ] 2019-04-18T00:43:33.973914905Z: [   11.959128] sd 0:0:0:0: [sda] 1048576 512-byte logical blocks: (537 MB/512 MiB)
[STDERR  ] 2019-04-18T00:43:33.973942837Z: [   11.961310] sd 0:0:0:0: Attached scsi generic sg0 type 0
[STDERR  ] 2019-04-18T00:43:33.973969025Z: [   11.964423] sd 0:0:0:0: [sda] Write Protect is off
[STDERR  ] 2019-04-18T00:43:33.973996293Z: [   11.973524] scsi 2:0:0:0: CD-ROM            QEMU     QEMU DVD-ROM     2.5+ PQ: 0 ANSI: 5
[STDERR  ] 2019-04-18T00:43:33.974017725Z: [   11.976127] sd 0:0:0:0: [sda] Write cache: enabled, read cache: enabled, doesn't support DPO or FUA
[STDERR  ] 2019-04-18T00:43:33.974038665Z: [   12.001186] sr 2:0:0:0: [sr0] scsi3-mmc drive: 4x/4x cd/rw xa/form2 tray
[STDERR  ] 2019-04-18T00:43:33.974059898Z: [   12.002207] cdrom: Uniform CD-ROM driver Revision: 3.20
[STDERR  ] 2019-04-18T00:43:33.974080839Z: [   12.020119] sr 2:0:0:0: Attached scsi generic sg1 type 5
[STDERR  ] 2019-04-18T00:43:33.974110449Z: [   12.037208] sd 0:0:0:0: [sda] Attached SCSI disk
[STDERR  ] 2019-04-18T00:43:33.974137265Z: [   12.045242] tsc: Refined TSC clocksource calibration: 2599.829 MHz
[STDERR  ] 2019-04-18T00:43:33.974166621Z: [   12.046602] clocksource: tsc: mask: 0xffffffffffffffff max_cycles: 0x25799a5a5cb, max_idle_ns: 440795202126 ns
[STDERR  ] 2019-04-18T00:43:33.974187669Z: [   12.048014] clocksource: Switched to clocksource tsc
[STDERR  ] 2019-04-18T00:43:33.974215082Z: [   12.203932] Key type big_key registered
[STDERR  ] 2019-04-18T00:43:33.974241486Z: [   12.330238] Key type trusted registered
[STDERR  ] 2019-04-18T00:43:33.974284566Z: [   12.454611] Key type encrypted registered
[STDERR  ] 2019-04-18T00:43:33.974305369Z: [   12.456177] ima: No TPM chip found, activating TPM-bypass!
[STDERR  ] 2019-04-18T00:43:33.974326420Z: [   12.457341] ima: Allocated hash algorithm: sha256
[STDERR  ] 2019-04-18T00:43:33.974347269Z: [   12.471118] evm: Initialising EVM extended attributes:
[STDERR  ] 2019-04-18T00:43:33.974368378Z: [   12.471619] evm: security.ima
[STDERR  ] 2019-04-18T00:43:33.974389301Z: [   12.472151] evm: security.capability
[STDERR  ] 2019-04-18T00:43:33.974418862Z: [   12.472516] evm: HMAC attrs: 0x1
[STDERR  ] 2019-04-18T00:43:33.974441259Z: [   12.483328] rtc_cmos 00:00: setting system clock to 2019-04-18 00:41:56 UTC (1555548116)
[STDERR  ] 2019-04-18T00:43:33.974462655Z: [   12.695591] Freeing unused kernel image memory: 1588K
[STDERR  ] 2019-04-18T00:43:33.974488814Z: [   12.698173] Write protecting the kernel read-only data: 18432k
[STDERR  ] 2019-04-18T00:43:33.974509868Z: [   12.720875] Freeing unused kernel image memory: 2028K
[STDERR  ] 2019-04-18T00:43:33.974530649Z: [   12.728555] Freeing unused kernel image memory: 1040K
[STDERR  ] 2019-04-18T00:43:33.974551560Z: [   12.730393] Run /init as init process
[STDERR  ] 2019-04-18T00:43:33.974572269Z: 
[STDERR  ] 2019-04-18T00:43:33.974608351Z: Welcome to LinuxKit
[STDERR  ] 2019-04-18T00:43:33.974634701Z: 
[STDERR  ] 2019-04-18T00:43:33.974655389Z:                         ##         .
[STDERR  ] 2019-04-18T00:43:33.974683275Z:                   ## ## ##        ==
[STDERR  ] 2019-04-18T00:43:33.974715054Z:                ## ## ## ## ##    ===
[STDERR  ] 2019-04-18T00:43:33.974735761Z:            /"""""""""""""""""\___/ ===
[STDERR  ] 2019-04-18T00:43:33.974756936Z:           {                       /  ===-
[STDERR  ] 2019-04-18T00:43:33.974782430Z:            \______ O           __/
[STDERR  ] 2019-04-18T00:43:33.974803006Z:              \    \         __/
[STDERR  ] 2019-04-18T00:43:33.974823496Z:               \____\_______/
[STDERR  ] 2019-04-18T00:43:33.974843991Z: 
[STDERR  ] 2019-04-18T00:43:33.974870625Z: [   78.833146] IPVS: ftp: loaded support on port[0] = 21
[STDERR  ] 2019-04-18T00:43:33.974891335Z: [   81.555626]  sda:
[STDERR  ] 2019-04-18T00:43:33.974918492Z: [   81.706963]  sda:
[STDERR  ] 2019-04-18T00:43:33.974944373Z: [   82.093335]  sda: sda1
[STDERR  ] 2019-04-18T00:43:33.974970405Z: [   82.235284]  sda: sda1
[STDERR  ] 2019-04-18T00:43:33.974991339Z: 2019/04/18 00:43:04 Creating partition on /dev/sda
[STDERR  ] 2019-04-18T00:43:33.975017029Z: 2019/04/18 00:43:08 Partition /dev/sda1 successfully created!
[STDERR  ] 2019-04-18T00:43:33.975037976Z: [   86.726047] IPVS: ftp: loaded support on port[0] = 21
[STDERR  ] 2019-04-18T00:43:33.975058818Z: [   89.679276] EXT4-fs (sda1): mounted filesystem with ordered data mode. Opts: (null)
[STDERR  ] 2019-04-18T00:43:33.975087543Z: format_mount test suite PASSED
[STDERR  ] 2019-04-18T00:43:33.975113591Z: [  109.903897] sd 0:0:0:0: [sda] Synchronizing SCSI cache
[STDERR  ] 2019-04-18T00:43:33.975134716Z: [  109.909062] sd 0:0:0:0: [sda] Stopping disk
[STDERR  ] 2019-04-18T00:43:33.975166831Z: [  109.913552] ACPI: Preparing to enter system sleep state S5
[STDERR  ] 2019-04-18T00:43:33.975198434Z: [  109.916257] reboot: Power down
[STDERR  ] 2019-04-18T00:43:33.975227105Z: + echo [    0.000000] Linux version 4.19.34-linuxkit (root@b189040c639b) (gcc version 8.3.0 (Alpine 8.3.0)) #1 SMP Wed Apr 17 07:56:11 UTC 2019
[STDERR  ] 2019-04-18T00:43:33.975254111Z: [    0.000000] Command line: console=ttyS0 console=ttyAMA0
[STDERR  ] 2019-04-18T00:43:33.975274853Z: [    0.000000] x86/fpu: x87 FPU will use FXSAVE
[STDERR  ] 2019-04-18T00:43:33.975295324Z: [    0.000000] BIOS-provided physical RAM map:
[STDERR  ] 2019-04-18T00:43:33.975315853Z: [    0.000000] BIOS-e820: [mem 0x0000000000000000-0x000000000009fbff] usable
[STDERR  ] 2019-04-18T00:43:33.975337458Z: [    0.000000] BIOS-e820: [mem 0x000000000009fc00-0x000000000009ffff] reserved
[STDERR  ] 2019-04-18T00:43:33.975358448Z: [    0.000000] BIOS-e820: [mem 0x00000000000f0000-0x00000000000fffff] reserved
[STDERR  ] 2019-04-18T00:43:33.975385138Z: [    0.000000] BIOS-e820: [mem 0x0000000000100000-0x000000003ffdefff] usable
[STDERR  ] 2019-04-18T00:43:33.975406044Z: [    0.000000] BIOS-e820: [mem 0x000000003ffdf000-0x000000003fffffff] reserved
[STDERR  ] 2019-04-18T00:43:33.975428347Z: [    0.000000] BIOS-e820: [mem 0x00000000b0000000-0x00000000bfffffff] reserved
[STDERR  ] 2019-04-18T00:43:33.975452124Z: [    0.000000] BIOS-e820: [mem 0x00000000fed1c000-0x00000000fed1ffff] reserved
[STDERR  ] 2019-04-18T00:43:33.975478220Z: [    0.000000] BIOS-e820: [mem 0x00000000fffc0000-0x00000000ffffffff] reserved
[STDERR  ] 2019-04-18T00:43:33.975503893Z: [    0.000000] NX (Execute Disable) protection: active
[STDERR  ] 2019-04-18T00:43:33.975527799Z: [    0.000000] SMBIOS 2.8 present.
[STDERR  ] 2019-04-18T00:43:33.975553468Z: [    0.000000] DMI: QEMU Standard PC (Q35 + ICH9, 2009), BIOS rel-1.10.2-0-g5f4c7b1-prebuilt.qemu-project.org 04/01/2014
[STDERR  ] 2019-04-18T00:43:33.975574577Z: [    0.000000] last_pfn = 0x3ffdf max_arch_pfn = 0x400000000
[STDERR  ] 2019-04-18T00:43:33.975595430Z: [    0.000000] x86/PAT: Configuration [0-7]: WB  WC  UC- UC  WB  WP  UC- WT  
[STDERR  ] 2019-04-18T00:43:33.975616418Z: [    0.000000] found SMP MP-table at [mem 0x000f6aa0-0x000f6aaf] mapped at [(____ptrval____)]
[STDERR  ] 2019-04-18T00:43:33.975642206Z: [    0.000000] RAMDISK: [mem 0x3d6aa000-0x3ffcffff]
[STDERR  ] 2019-04-18T00:43:33.975663055Z: [    0.000000] ACPI: Early table checksum verification disabled
[STDERR  ] 2019-04-18T00:43:33.975690443Z: [    0.000000] ACPI: RSDP 0x00000000000F68C0 000014 (v00 BOCHS )
[STDERR  ] 2019-04-18T00:43:33.975716969Z: [    0.000000] ACPI: RSDT 0x000000003FFE2404 000034 (v01 BOCHS  BXPCRSDT 00000001 BXPC 00000001)
[STDERR  ] 2019-04-18T00:43:33.975738057Z: [    0.000000] ACPI: FACP 0x000000003FFE22A4 000074 (v01 BOCHS  BXPCFACP 00000001 BXPC 00000001)
[STDERR  ] 2019-04-18T00:43:33.975759112Z: [    0.000000] ACPI: DSDT 0x000000003FFE0040 002264 (v01 BOCHS  BXPCDSDT 00000001 BXPC 00000001)
[STDERR  ] 2019-04-18T00:43:33.975785496Z: [    0.000000] ACPI: FACS 0x000000003FFE0000 000040
[STDERR  ] 2019-04-18T00:43:33.975806425Z: [    0.000000] ACPI: APIC 0x000000003FFE2318 000078 (v01 BOCHS  BXPCAPIC 00000001 BXPC 00000001)
[STDERR  ] 2019-04-18T00:43:33.975827542Z: [    0.000000] ACPI: HPET 0x000000003FFE2390 000038 (v01 BOCHS  BXPCHPET 00000001 BXPC 00000001)
[STDERR  ] 2019-04-18T00:43:33.975848273Z: [    0.000000] ACPI: MCFG 0x000000003FFE23C8 00003C (v01 BOCHS  BXPCMCFG 00000001 BXPC 00000001)
[STDERR  ] 2019-04-18T00:43:33.975871072Z: [    0.000000] Zone ranges:
[STDERR  ] 2019-04-18T00:43:33.975892116Z: [    0.000000]   DMA      [mem 0x0000000000001000-0x0000000000ffffff]
[STDERR  ] 2019-04-18T00:43:33.975925628Z: [    0.000000]   DMA32    [mem 0x0000000001000000-0x000000003ffdefff]
[STDERR  ] 2019-04-18T00:43:33.975951705Z: [    0.000000]   Normal   empty
[STDERR  ] 2019-04-18T00:43:33.975974083Z: [    0.000000]   Device   empty
[STDERR  ] 2019-04-18T00:43:33.976001065Z: [    0.000000] Movable zone start for each node
[STDERR  ] 2019-04-18T00:43:33.976026873Z: [    0.000000] Early memory node ranges
[STDERR  ] 2019-04-18T00:43:33.976047520Z: [    0.000000]   node   0: [mem 0x0000000000001000-0x000000000009efff]
[STDERR  ] 2019-04-18T00:43:33.976068794Z: [    0.000000]   node   0: [mem 0x0000000000100000-0x000000003ffdefff]
[STDERR  ] 2019-04-18T00:43:33.976094822Z: [    0.000000] Reserved but unavailable: 98 pages
[STDERR  ] 2019-04-18T00:43:33.976115404Z: [    0.000000] Initmem setup node 0 [mem 0x0000000000001000-0x000000003ffdefff]
[STDERR  ] 2019-04-18T00:43:33.976136191Z: [    0.000000] ACPI: PM-Timer IO Port: 0x608
[STDERR  ] 2019-04-18T00:43:33.976163865Z: [    0.000000] ACPI: LAPIC_NMI (acpi_id[0xff] dfl dfl lint[0x1])
[STDERR  ] 2019-04-18T00:43:33.976184354Z: [    0.000000] IOAPIC[0]: apic_id 0, version 32, address 0xfec00000, GSI 0-23
[STDERR  ] 2019-04-18T00:43:33.976205084Z: [    0.000000] ACPI: INT_SRC_OVR (bus 0 bus_irq 0 global_irq 2 dfl dfl)
[STDERR  ] 2019-04-18T00:43:33.976225910Z: [    0.000000] ACPI: INT_SRC_OVR (bus 0 bus_irq 5 global_irq 5 high level)
[STDERR  ] 2019-04-18T00:43:33.976249942Z: [    0.000000] ACPI: INT_SRC_OVR (bus 0 bus_irq 9 global_irq 9 high level)
[STDERR  ] 2019-04-18T00:43:33.976270655Z: [    0.000000] ACPI: INT_SRC_OVR (bus 0 bus_irq 10 global_irq 10 high level)
[STDERR  ] 2019-04-18T00:43:33.976297091Z: [    0.000000] ACPI: INT_SRC_OVR (bus 0 bus_irq 11 global_irq 11 high level)
[STDERR  ] 2019-04-18T00:43:33.976317857Z: [    0.000000] Using ACPI (MADT) for SMP configuration information
[STDERR  ] 2019-04-18T00:43:33.976341289Z: [    0.000000] ACPI: HPET id: 0x8086a201 base: 0xfed00000
[STDERR  ] 2019-04-18T00:43:33.976367759Z: [    0.000000] smpboot: Allowing 1 CPUs, 0 hotplug CPUs
[STDERR  ] 2019-04-18T00:43:33.976388829Z: [    0.000000] [mem 0x40000000-0xafffffff] available for PCI devices
[STDERR  ] 2019-04-18T00:43:33.976410514Z: [    0.000000] Booting paravirtualized kernel on bare hardware
[STDERR  ] 2019-04-18T00:43:33.976436823Z: [    0.000000] clocksource: refined-jiffies: mask: 0xffffffff max_cycles: 0xffffffff, max_idle_ns: 1910969940391419 ns
[STDERR  ] 2019-04-18T00:43:33.976457633Z: [    0.000000] random: get_random_bytes called from start_kernel+0x91/0x512 with crng_init=0
[STDERR  ] 2019-04-18T00:43:33.976478351Z: [    0.000000] setup_percpu: NR_CPUS:128 nr_cpumask_bits:128 nr_cpu_ids:1 nr_node_ids:1
[STDERR  ] 2019-04-18T00:43:33.976510401Z: [    0.000000] percpu: Embedded 45 pages/cpu @(____ptrval____) s145112 r8192 d31016 u2097152
[STDERR  ] 2019-04-18T00:43:33.976545210Z: [    0.000000] Built 1 zonelists, mobility grouping on.  Total pages: 257896
[STDERR  ] 2019-04-18T00:43:33.976566088Z: [    0.000000] Kernel command line: console=ttyS0 console=ttyAMA0
[STDERR  ] 2019-04-18T00:43:33.976590156Z: [    0.000000] Dentry cache hash table entries: 131072 (order: 8, 1048576 bytes)
[STDERR  ] 2019-04-18T00:43:33.976611261Z: [    0.000000] Inode-cache hash table entries: 65536 (order: 7, 524288 bytes)
[STDERR  ] 2019-04-18T00:43:33.976636805Z: [    0.000000] Memory: 959620K/1048052K available (12300K kernel code, 1581K rwdata, 3056K rodata, 1588K init, 2028K bss, 88432K reserved, 0K cma-reserved)
[STDERR  ] 2019-04-18T00:43:33.976664912Z: [    0.000000] ftrace: allocating 43031 entries in 169 pages
[STDERR  ] 2019-04-18T00:43:33.976685872Z: [    0.000000] rcu: Hierarchical RCU implementation.
[STDERR  ] 2019-04-18T00:43:33.976711770Z: [    0.000000] rcu: 	RCU restricting CPUs from NR_CPUS=128 to nr_cpu_ids=1.
[STDERR  ] 2019-04-18T00:43:33.976737911Z: [    0.000000] rcu: Adjusting geometry for rcu_fanout_leaf=16, nr_cpu_ids=1
[STDERR  ] 2019-04-18T00:43:33.976760063Z: [    0.000000] NR_IRQS: 8448, nr_irqs: 256, preallocated irqs: 16
[STDERR  ] 2019-04-18T00:43:33.976785715Z: [    0.000000] Console: colour VGA+ 80x25
[STDERR  ] 2019-04-18T00:43:33.976811320Z: [    0.000000] console [ttyS0] enabled
[STDERR  ] 2019-04-18T00:43:33.976831839Z: [    0.000000] ACPI: Core revision 20180810
[STDERR  ] 2019-04-18T00:43:33.976852631Z: [    0.000000] clocksource: hpet: mask: 0xffffffff max_cycles: 0xffffffff, max_idle_ns: 19112604467 ns
[STDERR  ] 2019-04-18T00:43:33.976873938Z: [    0.004000] APIC: Switch to symmetric I/O mode setup
[STDERR  ] 2019-04-18T00:43:33.976895431Z: [    0.009000] ..TIMER: vector=0x30 apic1=0 pin1=2 apic2=-1 pin2=-1
[STDERR  ] 2019-04-18T00:43:33.976925896Z: [    0.018000] tsc: Unable to calibrate against PIT
[STDERR  ] 2019-04-18T00:43:33.976957742Z: [    0.018000] tsc: using HPET reference calibration
[STDERR  ] 2019-04-18T00:43:33.976978547Z: [    0.019000] tsc: Detected 2599.774 MHz processor
[STDERR  ] 2019-04-18T00:43:33.977004766Z: [    0.001923] clocksource: tsc-early: mask: 0xffffffffffffffff max_cycles: 0x257966ec9bb, max_idle_ns: 440795334878 ns
[STDERR  ] 2019-04-18T00:43:33.977025863Z: [    0.004426] Calibrating delay loop (skipped), value calculated using timer frequency.. 5199.54 BogoMIPS (lpj=2599774)
[STDERR  ] 2019-04-18T00:43:33.977049301Z: [    0.005742] pid_max: default: 32768 minimum: 301
[STDERR  ] 2019-04-18T00:43:33.977074928Z: [    0.010810] Security Framework initialized
[STDERR  ] 2019-04-18T00:43:33.977095665Z: [    0.011275] Yama: becoming mindful.
[STDERR  ] 2019-04-18T00:43:33.977116483Z: [    0.013923] Mount-cache hash table entries: 2048 (order: 2, 16384 bytes)
[STDERR  ] 2019-04-18T00:43:33.977142263Z: [    0.014723] Mountpoint-cache hash table entries: 2048 (order: 2, 16384 bytes)
[STDERR  ] 2019-04-18T00:43:33.977174380Z: [    0.039100] Last level iTLB entries: 4KB 0, 2MB 0, 4MB 0
[STDERR  ] 2019-04-18T00:43:33.977195036Z: [    0.039671] Last level dTLB entries: 4KB 0, 2MB 0, 4MB 0, 1GB 0
[STDERR  ] 2019-04-18T00:43:33.977215768Z: [    0.040661] Spectre V2 : Spectre mitigation: LFENCE not serializing, switching to generic retpoline
[STDERR  ] 2019-04-18T00:43:33.977239254Z: [    0.041643] Spectre V2 : Mitigation: Full generic retpoline
[STDERR  ] 2019-04-18T00:43:33.977265935Z: [    0.042174] Spectre V2 : Spectre v2 / SpectreRSB mitigation: Filling RSB on context switch
[STDERR  ] 2019-04-18T00:43:33.977287021Z: [    0.042754] Speculative Store Bypass: Vulnerable
[STDERR  ] 2019-04-18T00:43:33.977307839Z: [    0.237014] random: fast init done
[STDERR  ] 2019-04-18T00:43:33.977328408Z: [    0.382306] Freeing SMP alternatives memory: 20K
[STDERR  ] 2019-04-18T00:43:33.977353791Z: [    0.409613] APIC calibration not consistent with PM-Timer: 101ms instead of 100ms
[STDERR  ] 2019-04-18T00:43:33.977374410Z: [    0.409613] APIC delta adjusted to PM-Timer: 6250025 (6313354)
[STDERR  ] 2019-04-18T00:43:33.977400702Z: [    0.411286] smpboot: CPU0: AMD QEMU Virtual CPU version 2.5+ (family: 0x6, model: 0x6, stepping: 0x3)
[STDERR  ] 2019-04-18T00:43:33.977428528Z: [    0.421471] Performance Events: PMU not available due to virtualization, using software events only.
[STDERR  ] 2019-04-18T00:43:33.977449582Z: [    0.426763] rcu: Hierarchical SRCU implementation.
[STDERR  ] 2019-04-18T00:43:33.977470101Z: [    0.433402] NMI watchdog: Perf NMI watchdog permanently disabled
[STDERR  ] 2019-04-18T00:43:33.977490846Z: [    0.438966] smp: Bringing up secondary CPUs ...
[STDERR  ] 2019-04-18T00:43:33.977514699Z: [    0.439490] smp: Brought up 1 node, 1 CPU
[STDERR  ] 2019-04-18T00:43:33.977535202Z: [    0.439706] smpboot: Max logical packages: 1
[STDERR  ] 2019-04-18T00:43:33.977556253Z: [    0.440191] smpboot: Total of 1 processors activated (5199.54 BogoMIPS)
[STDERR  ] 2019-04-18T00:43:33.977584337Z: [    0.457769] devtmpfs: initialized
[STDERR  ] 2019-04-18T00:43:33.977610579Z: [    0.463229] x86/mm: Memory block size: 128MB
[STDERR  ] 2019-04-18T00:43:33.977631353Z: [    0.474915] clocksource: jiffies: mask: 0xffffffff max_cycles: 0xffffffff, max_idle_ns: 1911260446275000 ns
[STDERR  ] 2019-04-18T00:43:33.977663894Z: [    0.475857] futex hash table entries: 256 (order: 2, 16384 bytes)
[STDERR  ] 2019-04-18T00:43:33.977693159Z: [    0.491915] NET: Registered protocol family 16
[STDERR  ] 2019-04-18T00:43:33.977713892Z: [    0.497192] audit: initializing netlink subsys (disabled)
[STDERR  ] 2019-04-18T00:43:33.977739492Z: [    0.503105] audit: type=2000 audit(1555548103.519:1): state=initialized audit_enabled=0 res=1
[STDERR  ] 2019-04-18T00:43:33.977760478Z: [    0.506038] cpuidle: using governor ladder
[STDERR  ] 2019-04-18T00:43:33.977784160Z: [    0.506723] cpuidle: using governor menu
[STDERR  ] 2019-04-18T00:43:33.977804815Z: [    0.509354] ACPI: bus type PCI registered
[STDERR  ] 2019-04-18T00:43:33.977826807Z: [    0.512415] PCI: MMCONFIG for domain 0000 [bus 00-ff] at [mem 0xb0000000-0xbfffffff] (base 0xb0000000)
[STDERR  ] 2019-04-18T00:43:33.977856187Z: [    0.513876] PCI: MMCONFIG at [mem 0xb0000000-0xbfffffff] reserved in E820
[STDERR  ] 2019-04-18T00:43:33.977876881Z: [    0.515333] PCI: Using configuration type 1 for base access
[STDERR  ] 2019-04-18T00:43:33.977913593Z: [    0.583957] HugeTLB registered 2.00 MiB page size, pre-allocated 0 pages
[STDERR  ] 2019-04-18T00:43:33.977939852Z: [    0.589907] cryptd: max_cpu_qlen set to 1000
[STDERR  ] 2019-04-18T00:43:33.977960478Z: [    0.595893] ACPI: Added _OSI(Module Device)
[STDERR  ] 2019-04-18T00:43:33.977986021Z: [    0.596360] ACPI: Added _OSI(Processor Device)
[STDERR  ] 2019-04-18T00:43:33.978006712Z: [    0.596649] ACPI: Added _OSI(3.0 _SCP Extensions)
[STDERR  ] 2019-04-18T00:43:33.978027501Z: [    0.597102] ACPI: Added _OSI(Processor Aggregator Device)
[STDERR  ] 2019-04-18T00:43:33.978048388Z: [    0.597773] ACPI: Added _OSI(Linux-Dell-Video)
[STDERR  ] 2019-04-18T00:43:33.978074214Z: [    0.598237] ACPI: Added _OSI(Linux-Lenovo-NV-HDMI-Audio)
[STDERR  ] 2019-04-18T00:43:33.978095146Z: [    0.652243] ACPI: 1 ACPI AML tables successfully acquired and loaded
[STDERR  ] 2019-04-18T00:43:33.978125213Z: [    0.689142] ACPI: Interpreter enabled
[STDERR  ] 2019-04-18T00:43:33.978145777Z: [    0.690301] ACPI: (supports S0 S5)
[STDERR  ] 2019-04-18T00:43:33.978178281Z: [    0.690718] ACPI: Using IOAPIC for interrupt routing
[STDERR  ] 2019-04-18T00:43:33.978198923Z: [    0.693899] PCI: Using host bridge windows from ACPI; if necessary, use "pci=nocrs" and report a bug
[STDERR  ] 2019-04-18T00:43:33.978219788Z: [    0.698380] ACPI: Enabled 2 GPEs in block 00 to 3F
[STDERR  ] 2019-04-18T00:43:33.978265421Z: [    0.776896] ACPI: PCI Root Bridge [PCI0] (domain 0000 [bus 00-ff])
[STDERR  ] 2019-04-18T00:43:33.978289209Z: [    0.778191] acpi PNP0A08:00: _OSC: OS supports [ExtendedConfig ASPM ClockPM Segments MSI]
[STDERR  ] 2019-04-18T00:43:33.978310885Z: [    0.783432] acpi PNP0A08:00: _OSC: platform does not support [SHPCHotplug LTR]
[STDERR  ] 2019-04-18T00:43:33.978342534Z: [    0.787113] acpi PNP0A08:00: _OSC: OS now controls [PCIeHotplug PME PCIeCapability]
[STDERR  ] 2019-04-18T00:43:33.978363827Z: [    0.791835] PCI host bridge to bus 0000:00
[STDERR  ] 2019-04-18T00:43:33.978389841Z: [    0.792607] pci_bus 0000:00: root bus resource [io  0x0000-0x0cf7 window]
[STDERR  ] 2019-04-18T00:43:33.978411228Z: [    0.793321] pci_bus 0000:00: root bus resource [io  0x0d00-0xffff window]
[STDERR  ] 2019-04-18T00:43:33.978432157Z: [    0.793669] pci_bus 0000:00: root bus resource [mem 0x000a0000-0x000bffff window]
[STDERR  ] 2019-04-18T00:43:33.978459570Z: [    0.794659] pci_bus 0000:00: root bus resource [mem 0xc0000000-0xfebfffff window]
[STDERR  ] 2019-04-18T00:43:33.978488573Z: [    0.795772] pci_bus 0000:00: root bus resource [bus 00-ff]
[STDERR  ] 2019-04-18T00:43:33.978514433Z: [    0.862073] pci 0000:00:1f.0: quirk: [io  0x0600-0x067f] claimed by ICH6 ACPI/GPIO/TCO
[STDERR  ] 2019-04-18T00:43:33.978535313Z: [    0.913205] ACPI: PCI Interrupt Link [LNKA] (IRQs 5 *10 11)
[STDERR  ] 2019-04-18T00:43:33.978561821Z: [    0.915798] ACPI: PCI Interrupt Link [LNKB] (IRQs 5 *10 11)
[STDERR  ] 2019-04-18T00:43:33.978582751Z: [    0.918088] ACPI: PCI Interrupt Link [LNKC] (IRQs 5 10 *11)
[STDERR  ] 2019-04-18T00:43:33.978612073Z: [    0.920209] ACPI: PCI Interrupt Link [LNKD] (IRQs 5 10 *11)
[STDERR  ] 2019-04-18T00:43:33.978638387Z: [    0.922423] ACPI: PCI Interrupt Link [LNKE] (IRQs 5 *10 11)
[STDERR  ] 2019-04-18T00:43:33.978661738Z: [    0.924664] ACPI: PCI Interrupt Link [LNKF] (IRQs 5 *10 11)
[STDERR  ] 2019-04-18T00:43:33.978688463Z: [    0.926800] ACPI: PCI Interrupt Link [LNKG] (IRQs 5 10 *11)
[STDERR  ] 2019-04-18T00:43:33.978714110Z: [    0.928935] ACPI: PCI Interrupt Link [LNKH] (IRQs 5 10 *11)
[STDERR  ] 2019-04-18T00:43:33.978735181Z: [    0.930071] ACPI: PCI Interrupt Link [GSIA] (IRQs *16)
[STDERR  ] 2019-04-18T00:43:33.978756013Z: [    0.930929] ACPI: PCI Interrupt Link [GSIB] (IRQs *17)
[STDERR  ] 2019-04-18T00:43:33.978776664Z: [    0.931791] ACPI: PCI Interrupt Link [GSIC] (IRQs *18)
[STDERR  ] 2019-04-18T00:43:33.978797364Z: [    0.932538] ACPI: PCI Interrupt Link [GSID] (IRQs *19)
[STDERR  ] 2019-04-18T00:43:33.978825635Z: [    0.933467] ACPI: PCI Interrupt Link [GSIE] (IRQs *20)
[STDERR  ] 2019-04-18T00:43:33.978846389Z: [    0.933927] ACPI: PCI Interrupt Link [GSIF] (IRQs *21)
[STDERR  ] 2019-04-18T00:43:33.978877087Z: [    0.934918] ACPI: PCI Interrupt Link [GSIG] (IRQs *22)
[STDERR  ] 2019-04-18T00:43:33.978914392Z: [    0.935912] ACPI: PCI Interrupt Link [GSIH] (IRQs *23)
[STDERR  ] 2019-04-18T00:43:33.978935341Z: [    0.945918] SCSI subsystem initialized
[STDERR  ] 2019-04-18T00:43:33.978961064Z: [    0.949266] ACPI: bus type USB registered
[STDERR  ] 2019-04-18T00:43:33.978987064Z: [    0.950363] usbcore: registered new interface driver usbfs
[STDERR  ] 2019-04-18T00:43:33.979011531Z: [    0.951761] usbcore: registered new interface driver hub
[STDERR  ] 2019-04-18T00:43:33.979040143Z: [    0.952759] usbcore: registered new device driver usb
[STDERR  ] 2019-04-18T00:43:33.979060444Z: [    0.953975] pps_core: LinuxPPS API ver. 1 registered
[STDERR  ] 2019-04-18T00:43:33.979086570Z: [    0.954411] pps_core: Software ver. 5.3.6 - Copyright 2005-2007 Rodolfo Giometti <giometti@linux.it>
[STDERR  ] 2019-04-18T00:43:33.979126258Z: [    0.954791] PTP clock support registered
[STDERR  ] 2019-04-18T00:43:33.979159427Z: [    0.958367] PCI: Using ACPI for IRQ routing
[STDERR  ] 2019-04-18T00:43:33.979180363Z: [    0.981989] NetLabel: Initializing
[STDERR  ] 2019-04-18T00:43:33.979200446Z: [    0.982398] NetLabel:  domain hash size = 128
[STDERR  ] 2019-04-18T00:43:33.979227153Z: [    0.982666] NetLabel:  protocols = UNLABELED CIPSOv4 CALIPSO
[STDERR  ] 2019-04-18T00:43:33.979258903Z: [    0.985850] NetLabel:  unlabeled traffic allowed by default
[STDERR  ] 2019-04-18T00:43:33.979280165Z: [    0.987205] HPET: 3 timers in total, 0 timers will be used for per-cpu timer
[STDERR  ] 2019-04-18T00:43:33.979301004Z: [    0.987956] hpet0: at MMIO 0xfed00000, IRQs 2, 8, 0
[STDERR  ] 2019-04-18T00:43:33.979327835Z: [    0.988686] hpet0: 3 comparators, 64-bit 100.000000 MHz counter
[STDERR  ] 2019-04-18T00:43:33.979354227Z: [    0.994996] clocksource: Switched to clocksource tsc-early
[STDERR  ] 2019-04-18T00:43:33.979374949Z: [    1.431502] VFS: Disk quotas dquot_6.6.0
[STDERR  ] 2019-04-18T00:43:33.979395811Z: [    1.432977] VFS: Dquot-cache hash table entries: 512 (order 0, 4096 bytes)
[STDERR  ] 2019-04-18T00:43:33.979417934Z: [    1.436473] FS-Cache: Loaded
[STDERR  ] 2019-04-18T00:43:33.979439261Z: [    1.444183] CacheFiles: Loaded
[STDERR  ] 2019-04-18T00:43:33.979465411Z: [    1.445896] pnp: PnP ACPI init
[STDERR  ] 2019-04-18T00:43:33.979491216Z: [    1.460605] pnp: PnP ACPI: found 5 devices
[STDERR  ] 2019-04-18T00:43:33.979512510Z: [    1.510885] clocksource: acpi_pm: mask: 0xffffff max_cycles: 0xffffff, max_idle_ns: 2085701024 ns
[STDERR  ] 2019-04-18T00:43:33.979541179Z: [    1.515147] NET: Registered protocol family 2
[STDERR  ] 2019-04-18T00:43:33.979567824Z: [    1.526189] tcp_listen_portaddr_hash hash table entries: 512 (order: 1, 8192 bytes)
[STDERR  ] 2019-04-18T00:43:33.979593751Z: [    1.527505] TCP established hash table entries: 8192 (order: 4, 65536 bytes)
[STDERR  ] 2019-04-18T00:43:33.979620496Z: [    1.528600] TCP bind hash table entries: 8192 (order: 5, 131072 bytes)
[STDERR  ] 2019-04-18T00:43:33.979644456Z: [    1.529923] TCP: Hash tables configured (established 8192 bind 8192)
[STDERR  ] 2019-04-18T00:43:33.979671258Z: [    1.532545] UDP hash table entries: 512 (order: 2, 16384 bytes)
[STDERR  ] 2019-04-18T00:43:33.979692519Z: [    1.533682] UDP-Lite hash table entries: 512 (order: 2, 16384 bytes)
[STDERR  ] 2019-04-18T00:43:33.979721595Z: [    1.537315] NET: Registered protocol family 1
[STDERR  ] 2019-04-18T00:43:33.979742906Z: [    1.538400] NET: Registered protocol family 44
[STDERR  ] 2019-04-18T00:43:33.979768944Z: [    1.539339] pci 0000:00:01.0: Video device with shadowed ROM at [mem 0x000c0000-0x000dffff]
[STDERR  ] 2019-04-18T00:43:33.979790736Z: [    1.547481] Trying to unpack rootfs image as initramfs...
[STDERR  ] 2019-04-18T00:43:33.979811636Z: [   10.990344] Freeing initrd memory: 42136K
[STDERR  ] 2019-04-18T00:43:33.979839552Z: [   11.025591] PCLMULQDQ-NI instructions are not detected.
[STDERR  ] 2019-04-18T00:43:33.979860646Z: [   11.028053] AVX or AES-NI instructions are not detected.
[STDERR  ] 2019-04-18T00:43:33.979889912Z: [   11.028628] CPU feature 'AVX registers' is not supported.
[STDERR  ] 2019-04-18T00:43:33.979919824Z: [   11.029594] CPU feature 'AVX registers' is not supported.
[STDERR  ] 2019-04-18T00:43:33.979941448Z: [   11.030370] CPU feature 'AVX registers' is not supported.
[STDERR  ] 2019-04-18T00:43:33.979965011Z: [   11.031134] CPU feature 'AVX registers' is not supported.
[STDERR  ] 2019-04-18T00:43:33.979991158Z: [   11.031840] AVX2 or AES-NI instructions are not detected.
[STDERR  ] 2019-04-18T00:43:33.980011993Z: [   11.032428] AVX2 instructions are not detected.
[STDERR  ] 2019-04-18T00:43:33.980034213Z: [   11.047177] workingset: timestamp_bits=46 max_order=18 bucket_order=0
[STDERR  ] 2019-04-18T00:43:33.980060566Z: [   11.055531] squashfs: version 4.0 (2009/01/31) Phillip Lougher
[STDERR  ] 2019-04-18T00:43:33.980081316Z: [   11.059914] FS-Cache: Netfs 'cifs' registered for caching
[STDERR  ] 2019-04-18T00:43:33.980102306Z: [   11.061493] fuse init (API version 7.27)
[STDERR  ] 2019-04-18T00:43:33.980123145Z: [   11.065169] SGI XFS with ACLs, security attributes, no debug enabled
[STDERR  ] 2019-04-18T00:43:33.980144201Z: [   11.071315] 9p: Installing v9fs 9p2000 file system support
[STDERR  ] 2019-04-18T00:43:33.980173164Z: [   11.072265] FS-Cache: Netfs '9p' registered for caching
[STDERR  ] 2019-04-18T00:43:33.980196902Z: [   11.073214] pstore: using deflate compression
[STDERR  ] 2019-04-18T00:43:33.980217328Z: [   11.152494] NET: Registered protocol family 38
[STDERR  ] 2019-04-18T00:43:33.980243195Z: [   11.153569] Key type asymmetric registered
[STDERR  ] 2019-04-18T00:43:33.980267713Z: [   11.154295] Asymmetric key parser 'x509' registered
[STDERR  ] 2019-04-18T00:43:33.980299800Z: [   11.155383] Block layer SCSI generic (bsg) driver version 0.4 loaded (major 247)
[STDERR  ] 2019-04-18T00:43:33.980320679Z: [   11.158567] io scheduler noop registered
[STDERR  ] 2019-04-18T00:43:33.980347032Z: [   11.159338] io scheduler deadline registered (default)
[STDERR  ] 2019-04-18T00:43:33.980367990Z: [   11.161162] io scheduler cfq registered
[STDERR  ] 2019-04-18T00:43:33.980388644Z: [   11.162021] io scheduler mq-deadline registered (default)
[STDERR  ] 2019-04-18T00:43:33.980417753Z: [   11.162539] io scheduler kyber registered
[STDERR  ] 2019-04-18T00:43:33.980438940Z: [   11.166561] shpchp: Standard Hot Plug PCI Controller Driver version: 0.4
[STDERR  ] 2019-04-18T00:43:33.980462396Z: [   11.168071] hv_vmbus: registering driver hyperv_fb
[STDERR  ] 2019-04-18T00:43:33.980483461Z: [   11.173088] input: Power Button as /devices/LNXSYSTM:00/LNXPWRBN:00/input/input0
[STDERR  ] 2019-04-18T00:43:33.980504394Z: [   11.177247] ACPI: Power Button [PWRF]
[STDERR  ] 2019-04-18T00:43:33.980524714Z: [   11.201988] PCI Interrupt Link [GSIG] enabled at IRQ 22
[STDERR  ] 2019-04-18T00:43:33.980546019Z: [   11.218368] PCI Interrupt Link [GSIH] enabled at IRQ 23
[STDERR  ] 2019-04-18T00:43:33.980571901Z: [   11.226555] Serial: 8250/16550 driver, 4 ports, IRQ sharing disabled
[STDERR  ] 2019-04-18T00:43:33.980592835Z: [   11.253920] 00:04: ttyS0 at I/O 0x3f8 (irq = 4, base_baud = 115200) is a 16550A
[STDERR  ] 2019-04-18T00:43:33.980613923Z: [   11.267434] Non-volatile memory driver v1.3
[STDERR  ] 2019-04-18T00:43:33.980635232Z: [   11.276202] Hangcheck: starting hangcheck timer 0.9.1 (tick is 180 seconds, margin is 60 seconds).
[STDERR  ] 2019-04-18T00:43:33.980656433Z: [   11.286273] random: crng init done
[STDERR  ] 2019-04-18T00:43:33.980676933Z: [   11.373397] brd: module loaded
[STDERR  ] 2019-04-18T00:43:33.980697655Z: [   11.416357] loop: module loaded
[STDERR  ] 2019-04-18T00:43:33.980718242Z: [   11.497362] lpc_ich 0000:00:1f.0: I/O space for GPIO uninitialized
[STDERR  ] 2019-04-18T00:43:33.980738727Z: [   11.500276] VMware PVSCSI driver - version 1.0.7.0-k
[STDERR  ] 2019-04-18T00:43:33.980759214Z: [   11.501301] hv_vmbus: registering driver hv_storvsc
[STDERR  ] 2019-04-18T00:43:33.980782227Z: [   11.517371] PCI Interrupt Link [GSIA] enabled at IRQ 16
[STDERR  ] 2019-04-18T00:43:33.980802907Z: [   11.526120] ahci 0000:00:1f.2: AHCI 0001.0000 32 slots 6 ports 1.5 Gbps 0x3f impl SATA mode
[STDERR  ] 2019-04-18T00:43:33.980826796Z: [   11.527292] ahci 0000:00:1f.2: flags: 64bit ncq only 
[STDERR  ] 2019-04-18T00:43:33.980847370Z: [   11.547701] scsi host0: ahci
[STDERR  ] 2019-04-18T00:43:33.980867736Z: [   11.552405] scsi host1: ahci
[STDERR  ] 2019-04-18T00:43:33.980889161Z: [   11.555122] scsi host2: ahci
[STDERR  ] 2019-04-18T00:43:33.980914645Z: [   11.557591] scsi host3: ahci
[STDERR  ] 2019-04-18T00:43:33.980935145Z: [   11.560144] scsi host4: ahci
[STDERR  ] 2019-04-18T00:43:33.980955506Z: [   11.562563] scsi host5: ahci
[STDERR  ] 2019-04-18T00:43:33.980976580Z: [   11.564369] ata1: SATA max UDMA/133 abar m4096@0xfebd2000 port 0xfebd2100 irq 24
[STDERR  ] 2019-04-18T00:43:33.980997065Z: [   11.565328] ata2: SATA max UDMA/133 abar m4096@0xfebd2000 port 0xfebd2180 irq 24
[STDERR  ] 2019-04-18T00:43:33.981017554Z: [   11.566076] ata3: SATA max UDMA/133 abar m4096@0xfebd2000 port 0xfebd2200 irq 24
[STDERR  ] 2019-04-18T00:43:33.981037893Z: [   11.566919] ata4: SATA max UDMA/133 abar m4096@0xfebd2000 port 0xfebd2280 irq 24
[STDERR  ] 2019-04-18T00:43:33.981065275Z: [   11.567509] ata5: SATA max UDMA/133 abar m4096@0xfebd2000 port 0xfebd2300 irq 24
[STDERR  ] 2019-04-18T00:43:33.981085887Z: [   11.568277] ata6: SATA max UDMA/133 abar m4096@0xfebd2000 port 0xfebd2380 irq 24
[STDERR  ] 2019-04-18T00:43:33.981106201Z: [   11.585394] tun: Universal TUN/TAP device driver, 1.6
[STDERR  ] 2019-04-18T00:43:33.981127110Z: [   11.600945] VMware vmxnet3 virtual NIC driver - version 1.4.16.0-k-NAPI
[STDERR  ] 2019-04-18T00:43:33.981160299Z: [   11.602233] hv_vmbus: registering driver hv_netvsc
[STDERR  ] 2019-04-18T00:43:33.981187012Z: [   11.602999] Fusion MPT base driver 3.04.20
[STDOUT  ] 2019-04-18T00:43:33.981236404Z: [    0.000000] Linux version 4.19.34-linuxkit (root@b189040c639b) (gcc version 8.3.0 (Alpine 8.3.0)) #1 SMP Wed Apr 17 07:56:11 UTC 2019
[STDOUT  ] 2019-04-18T00:43:33.981287396Z: [    0.000000] Command line: console=ttyS0 console=ttyAMA0
[STDERR  ] 2019-04-18T00:43:33.981208386Z: [   11.603396] Copyright (c) 1999-2008 LSI Corporation
[STDOUT  ] 2019-04-18T00:43:33.981304741Z: [    0.000000] x86/fpu: x87 FPU will use FXSAVE
[STDERR  ] 2019-04-18T00:43:33.981360342Z: [   11.604220] Fusion MPT SPI Host driver 3.04.20
[STDOUT  ] 2019-04-18T00:43:33.981403808Z: [    0.000000] BIOS-provided physical RAM map:
[STDERR  ] 2019-04-18T00:43:33.981419557Z: [   11.606973] i8042: PNP: PS/2 Controller [PNP0303:KBD,PNP0f13:MOU] at 0x60,0x64 irq 1,12
[STDERR  ] 2019-04-18T00:43:33.981455660Z: [   11.612293] serio: i8042 KBD port at 0x60,0x64 irq 1
[STDERR  ] 2019-04-18T00:43:33.981485323Z: [   11.613376] serio: i8042 AUX port at 0x60,0x64 irq 12
[STDERR  ] 2019-04-18T00:43:33.981523967Z: [   11.616988] hv_vmbus: registering driver hyperv_keyboard
[STDERR  ] 2019-04-18T00:43:33.981568446Z: [   11.620050] mousedev: PS/2 mouse device common for all mice
[STDERR  ] 2019-04-18T00:43:33.981599282Z: [   11.627106] input: PC Speaker as /devices/platform/pcspkr/input/input2
[STDERR  ] 2019-04-18T00:43:33.981631324Z: [   11.629188] input: AT Translated Set 2 keyboard as /devices/platform/i8042/serio0/input/input1
[STDOUT  ] 2019-04-18T00:43:33.981480623Z: [    0.000000] BIOS-e820: [mem 0x0000000000000000-0x000000000009fbff] usable
[STDOUT  ] 2019-04-18T00:43:33.981717836Z: [    0.000000] BIOS-e820: [mem 0x000000000009fc00-0x000000000009ffff] reserved
[STDOUT  ] 2019-04-18T00:43:33.981740468Z: [    0.000000] BIOS-e820: [mem 0x00000000000f0000-0x00000000000fffff] reserved
[STDOUT  ] 2019-04-18T00:43:33.981760369Z: [    0.000000] BIOS-e820: [mem 0x0000000000100000-0x000000003ffdefff] usable
[STDOUT  ] 2019-04-18T00:43:33.981780106Z: [    0.000000] BIOS-e820: [mem 0x000000003ffdf000-0x000000003fffffff] reserved
[STDOUT  ] 2019-04-18T00:43:33.981799838Z: [    0.000000] BIOS-e820: [mem 0x00000000b0000000-0x00000000bfffffff] reserved
[STDOUT  ] 2019-04-18T00:43:33.981819705Z: [    0.000000] BIOS-e820: [mem 0x00000000fed1c000-0x00000000fed1ffff] reserved
[STDOUT  ] 2019-04-18T00:43:33.981839435Z: [    0.000000] BIOS-e820: [mem 0x00000000fffc0000-0x00000000ffffffff] reserved
[STDOUT  ] 2019-04-18T00:43:33.981939185Z: [    0.000000] NX (Execute Disable) protection: active
[STDOUT  ] 2019-04-18T00:43:33.981960483Z: [    0.000000] SMBIOS 2.8 present.
[STDOUT  ] 2019-04-18T00:43:33.981980740Z: [    0.000000] DMI: QEMU Standard PC (Q35 + ICH9, 2009), BIOS rel-1.10.2-0-g5f4c7b1-prebuilt.qemu-project.org 04/01/2014
[STDOUT  ] 2019-04-18T00:43:33.982001778Z: [    0.000000] last_pfn = 0x3ffdf max_arch_pfn = 0x400000000
[STDOUT  ] 2019-04-18T00:43:33.982021305Z: [    0.000000] x86/PAT: Configuration [0-7]: WB  WC  UC- UC  WB  WP  UC- WT  
[STDOUT  ] 2019-04-18T00:43:33.982041954Z: [    0.000000] found SMP MP-table at [mem 0x000f6aa0-0x000f6aaf] mapped at [(____ptrval____)]
[STDOUT  ] 2019-04-18T00:43:33.982062808Z: [    0.000000] RAMDISK: [mem 0x3d6aa000-0x3ffcffff]
[STDOUT  ] 2019-04-18T00:43:33.982083172Z: [    0.000000] ACPI: Early table checksum verification disabled
[STDOUT  ] 2019-04-18T00:43:33.982111627Z: [    0.000000] ACPI: RSDP 0x00000000000F68C0 000014 (v00 BOCHS )
[STDOUT  ] 2019-04-18T00:43:33.982131777Z: [    0.000000] ACPI: RSDT 0x000000003FFE2404 000034 (v01 BOCHS  BXPCRSDT 00000001 BXPC 00000001)
[STDOUT  ] 2019-04-18T00:43:33.982160846Z: [    0.000000] ACPI: FACP 0x000000003FFE22A4 000074 (v01 BOCHS  BXPCFACP 00000001 BXPC 00000001)
[STDOUT  ] 2019-04-18T00:43:33.982186449Z: [    0.000000] ACPI: DSDT 0x000000003FFE0040 002264 (v01 BOCHS  BXPCDSDT 00000001 BXPC 00000001)
[STDOUT  ] 2019-04-18T00:43:33.982206253Z: [    0.000000] ACPI: FACS 0x000000003FFE0000 000040
[STDOUT  ] 2019-04-18T00:43:33.982240110Z: [    0.000000] ACPI: APIC 0x000000003FFE2318 000078 (v01 BOCHS  BXPCAPIC 00000001 BXPC 00000001)
[STDOUT  ] 2019-04-18T00:43:33.982295929Z: [    0.000000] ACPI: HPET 0x000000003FFE2390 000038 (v01 BOCHS  BXPCHPET 00000001 BXPC 00000001)
[STDOUT  ] 2019-04-18T00:43:33.982316673Z: [    0.000000] ACPI: MCFG 0x000000003FFE23C8 00003C (v01 BOCHS  BXPCMCFG 00000001 BXPC 00000001)
[STDOUT  ] 2019-04-18T00:43:33.982337818Z: [    0.000000] Zone ranges:
[STDOUT  ] 2019-04-18T00:43:33.982358187Z: [    0.000000]   DMA      [mem 0x0000000000001000-0x0000000000ffffff]
[STDOUT  ] 2019-04-18T00:43:33.982378701Z: [    0.000000]   DMA32    [mem 0x0000000001000000-0x000000003ffdefff]
[STDERR  ] 2019-04-18T00:43:33.981659551Z: [   11.634010] rtc_cmos 00:00: RTC can wake from S4
[STDOUT  ] 2019-04-18T00:43:33.982412086Z: [    0.000000]   Normal   empty
[STDERR  ] 2019-04-18T00:43:33.982418802Z: [   11.640930] rtc_cmos 00:00: registered as rtc0
[STDERR  ] 2019-04-18T00:43:33.982469657Z: [   11.642444] rtc_cmos 00:00: alarms up to one day, y3k, 114 bytes nvram, hpet irqs
[STDOUT  ] 2019-04-18T00:43:33.982438213Z: [    0.000000]   Device   empty
[STDOUT  ] 2019-04-18T00:43:33.982566424Z: [    0.000000] Movable zone start for each node
[STDOUT  ] 2019-04-18T00:43:33.982604786Z: [    0.000000] Early memory node ranges
[STDERR  ] 2019-04-18T00:43:33.982531000Z: [   11.643860] i2c /dev entries driver
[STDERR  ] 2019-04-18T00:43:33.982701677Z: [   11.646598] device-mapper: ioctl: 4.39.0-ioctl (2018-04-03) initialised: dm-devel@redhat.com
[STDERR  ] 2019-04-18T00:43:33.982731578Z: [   11.654087] usbcore: registered new interface driver usbhid
[STDERR  ] 2019-04-18T00:43:33.982757123Z: [   11.654693] usbhid: USB HID core driver
[STDERR  ] 2019-04-18T00:43:33.982779083Z: [   11.655879] hv_utils: Registering HyperV Utility Driver
[STDOUT  ] 2019-04-18T00:43:33.982823890Z: [    0.000000]   node   0: [mem 0x0000000000001000-0x000000000009efff]
[STDOUT  ] 2019-04-18T00:43:33.982856977Z: [    0.000000]   node   0: [mem 0x0000000000100000-0x000000003ffdefff]
[STDOUT  ] 2019-04-18T00:43:33.982873558Z: [    0.000000] Reserved but unavailable: 98 pages
[STDOUT  ] 2019-04-18T00:43:33.982889499Z: [    0.000000] Initmem setup node 0 [mem 0x0000000000001000-0x000000003ffdefff]
[STDOUT  ] 2019-04-18T00:43:33.982905727Z: [    0.000000] ACPI: PM-Timer IO Port: 0x608
[STDOUT  ] 2019-04-18T00:43:33.982921361Z: [    0.000000] ACPI: LAPIC_NMI (acpi_id[0xff] dfl dfl lint[0x1])
[STDOUT  ] 2019-04-18T00:43:33.982937479Z: [    0.000000] IOAPIC[0]: apic_id 0, version 32, address 0xfec00000, GSI 0-23
[STDOUT  ] 2019-04-18T00:43:33.982952731Z: [    0.000000] ACPI: INT_SRC_OVR (bus 0 bus_irq 0 global_irq 2 dfl dfl)
[STDOUT  ] 2019-04-18T00:43:33.982967905Z: [    0.000000] ACPI: INT_SRC_OVR (bus 0 bus_irq 5 global_irq 5 high level)
[STDOUT  ] 2019-04-18T00:43:33.982983023Z: [    0.000000] ACPI: INT_SRC_OVR (bus 0 bus_irq 9 global_irq 9 high level)
[STDOUT  ] 2019-04-18T00:43:33.982998306Z: [    0.000000] ACPI: INT_SRC_OVR (bus 0 bus_irq 10 global_irq 10 high level)
[STDOUT  ] 2019-04-18T00:43:33.983013227Z: [    0.000000] ACPI: INT_SRC_OVR (bus 0 bus_irq 11 global_irq 11 high level)
[STDOUT  ] 2019-04-18T00:43:33.983028364Z: [    0.000000] Using ACPI (MADT) for SMP configuration information
[STDOUT  ] 2019-04-18T00:43:33.983043389Z: [    0.000000] ACPI: HPET id: 0x8086a201 base: 0xfed00000
[STDOUT  ] 2019-04-18T00:43:33.983059411Z: [    0.000000] smpboot: Allowing 1 CPUs, 0 hotplug CPUs
[STDOUT  ] 2019-04-18T00:43:33.983074527Z: [    0.000000] [mem 0x40000000-0xafffffff] available for PCI devices
[STDOUT  ] 2019-04-18T00:43:33.983089747Z: [    0.000000] Booting paravirtualized kernel on bare hardware
[STDOUT  ] 2019-04-18T00:43:33.983104841Z: [    0.000000] clocksource: refined-jiffies: mask: 0xffffffff max_cycles: 0xffffffff, max_idle_ns: 1910969940391419 ns
[STDOUT  ] 2019-04-18T00:43:33.983127400Z: [    0.000000] random: get_random_bytes called from start_kernel+0x91/0x512 with crng_init=0
[STDOUT  ] 2019-04-18T00:43:33.983145255Z: [    0.000000] setup_percpu: NR_CPUS:128 nr_cpumask_bits:128 nr_cpu_ids:1 nr_node_ids:1
[STDOUT  ] 2019-04-18T00:43:33.983187707Z: [    0.000000] percpu: Embedded 45 pages/cpu @(____ptrval____) s145112 r8192 d31016 u2097152
[STDOUT  ] 2019-04-18T00:43:33.983236288Z: [    0.000000] Built 1 zonelists, mobility grouping on.  Total pages: 257896
[STDOUT  ] 2019-04-18T00:43:33.983253082Z: [    0.000000] Kernel command line: console=ttyS0 console=ttyAMA0
[STDOUT  ] 2019-04-18T00:43:33.983268533Z: [    0.000000] Dentry cache hash table entries: 131072 (order: 8, 1048576 bytes)
[STDOUT  ] 2019-04-18T00:43:33.983283998Z: [    0.000000] Inode-cache hash table entries: 65536 (order: 7, 524288 bytes)
[STDOUT  ] 2019-04-18T00:43:33.983307334Z: [    0.000000] Memory: 959620K/1048052K available (12300K kernel code, 1581K rwdata, 3056K rodata, 1588K init, 2028K bss, 88432K reserved, 0K cma-reserved)
[STDOUT  ] 2019-04-18T00:43:33.983325804Z: [    0.000000] ftrace: allocating 43031 entries in 169 pages
[STDOUT  ] 2019-04-18T00:43:33.983341639Z: [    0.000000] rcu: Hierarchical RCU implementation.
[STDOUT  ] 2019-04-18T00:43:33.983356953Z: [    0.000000] rcu: 	RCU restricting CPUs from NR_CPUS=128 to nr_cpu_ids=1.
[STDOUT  ] 2019-04-18T00:43:33.983383178Z: [    0.000000] rcu: Adjusting geometry for rcu_fanout_leaf=16, nr_cpu_ids=1
[STDOUT  ] 2019-04-18T00:43:33.983398403Z: [    0.000000] NR_IRQS: 8448, nr_irqs: 256, preallocated irqs: 16
[STDOUT  ] 2019-04-18T00:43:33.983413695Z: [    0.000000] Console: colour VGA+ 80x25
[STDOUT  ] 2019-04-18T00:43:33.983428980Z: [    0.000000] console [ttyS0] enabled
[STDOUT  ] 2019-04-18T00:43:33.983444455Z: [    0.000000] ACPI: Core revision 20180810
[STDOUT  ] 2019-04-18T00:43:33.983459807Z: [    0.000000] clocksource: hpet: mask: 0xffffffff max_cycles: 0xffffffff, max_idle_ns: 19112604467 ns
[STDOUT  ] 2019-04-18T00:43:33.983474858Z: [    0.004000] APIC: Switch to symmetric I/O mode setup
[STDOUT  ] 2019-04-18T00:43:33.983489945Z: [    0.009000] ..TIMER: vector=0x30 apic1=0 pin1=2 apic2=-1 pin2=-1
[STDOUT  ] 2019-04-18T00:43:33.983505389Z: [    0.018000] tsc: Unable to calibrate against PIT
[STDOUT  ] 2019-04-18T00:43:33.983520676Z: [    0.018000] tsc: using HPET reference calibration
[STDOUT  ] 2019-04-18T00:43:33.983536223Z: [    0.019000] tsc: Detected 2599.774 MHz processor
[STDOUT  ] 2019-04-18T00:43:33.983551613Z: [    0.001923] clocksource: tsc-early: mask: 0xffffffffffffffff max_cycles: 0x257966ec9bb, max_idle_ns: 440795334878 ns
[STDOUT  ] 2019-04-18T00:43:33.983566715Z: [    0.004426] Calibrating delay loop (skipped), value calculated using timer frequency.. 5199.54 BogoMIPS (lpj=2599774)
[STDOUT  ] 2019-04-18T00:43:33.983581758Z: [    0.005742] pid_max: default: 32768 minimum: 301
[STDOUT  ] 2019-04-18T00:43:33.983596946Z: [    0.010810] Security Framework initialized
[STDOUT  ] 2019-04-18T00:43:33.983611815Z: [    0.011275] Yama: becoming mindful.
[STDOUT  ] 2019-04-18T00:43:33.983627059Z: [    0.013923] Mount-cache hash table entries: 2048 (order: 2, 16384 bytes)
[STDOUT  ] 2019-04-18T00:43:33.983683361Z: [    0.014723] Mountpoint-cache hash table entries: 2048 (order: 2, 16384 bytes)
[STDOUT  ] 2019-04-18T00:43:33.983698625Z: [    0.039100] Last level iTLB entries: 4KB 0, 2MB 0, 4MB 0
[STDOUT  ] 2019-04-18T00:43:33.983718427Z: [    0.039671] Last level dTLB entries: 4KB 0, 2MB 0, 4MB 0, 1GB 0
[STDOUT  ] 2019-04-18T00:43:33.983733706Z: [    0.040661] Spectre V2 : Spectre mitigation: LFENCE not serializing, switching to generic retpoline
[STDOUT  ] 2019-04-18T00:43:33.983749167Z: [    0.041643] Spectre V2 : Mitigation: Full generic retpoline
[STDOUT  ] 2019-04-18T00:43:33.983764329Z: [    0.042174] Spectre V2 : Spectre v2 / SpectreRSB mitigation: Filling RSB on context switch
[STDOUT  ] 2019-04-18T00:43:33.983780094Z: [    0.042754] Speculative Store Bypass: Vulnerable
[STDOUT  ] 2019-04-18T00:43:33.983795331Z: [    0.237014] random: fast init done
[STDOUT  ] 2019-04-18T00:43:33.983810398Z: [    0.382306] Freeing SMP alternatives memory: 20K
[STDOUT  ] 2019-04-18T00:43:33.983825304Z: [    0.409613] APIC calibration not consistent with PM-Timer: 101ms instead of 100ms
[STDOUT  ] 2019-04-18T00:43:33.983846278Z: [    0.409613] APIC delta adjusted to PM-Timer: 6250025 (6313354)
[STDOUT  ] 2019-04-18T00:43:33.983861787Z: [    0.411286] smpboot: CPU0: AMD QEMU Virtual CPU version 2.5+ (family: 0x6, model: 0x6, stepping: 0x3)
[STDOUT  ] 2019-04-18T00:43:33.983877124Z: [    0.421471] Performance Events: PMU not available due to virtualization, using software events only.
[STDOUT  ] 2019-04-18T00:43:33.983892255Z: [    0.426763] rcu: Hierarchical SRCU implementation.
[STDOUT  ] 2019-04-18T00:43:33.983907236Z: [    0.433402] NMI watchdog: Perf NMI watchdog permanently disabled
[STDOUT  ] 2019-04-18T00:43:33.983922297Z: [    0.438966] smp: Bringing up secondary CPUs ...
[STDOUT  ] 2019-04-18T00:43:33.983937528Z: [    0.439490] smp: Brought up 1 node, 1 CPU
[STDOUT  ] 2019-04-18T00:43:33.983962160Z: [    0.439706] smpboot: Max logical packages: 1
[STDOUT  ] 2019-04-18T00:43:33.983977890Z: [    0.440191] smpboot: Total of 1 processors activated (5199.54 BogoMIPS)
[STDOUT  ] 2019-04-18T00:43:33.983993088Z: [    0.457769] devtmpfs: initialized
[STDOUT  ] 2019-04-18T00:43:33.984008315Z: [    0.463229] x86/mm: Memory block size: 128MB
[STDOUT  ] 2019-04-18T00:43:33.984030367Z: [    0.474915] clocksource: jiffies: mask: 0xffffffff max_cycles: 0xffffffff, max_idle_ns: 1911260446275000 ns
[STDOUT  ] 2019-04-18T00:43:33.984046317Z: [    0.475857] futex hash table entries: 256 (order: 2, 16384 bytes)
[STDOUT  ] 2019-04-18T00:43:33.984061902Z: [    0.491915] NET: Registered protocol family 16
[STDOUT  ] 2019-04-18T00:43:33.984077444Z: [    0.497192] audit: initializing netlink subsys (disabled)
[STDOUT  ] 2019-04-18T00:43:33.984092804Z: [    0.503105] audit: type=2000 audit(1555548103.519:1): state=initialized audit_enabled=0 res=1
[STDOUT  ] 2019-04-18T00:43:33.984109627Z: [    0.506038] cpuidle: using governor ladder
[STDOUT  ] 2019-04-18T00:43:33.984125179Z: [    0.506723] cpuidle: using governor menu
[STDOUT  ] 2019-04-18T00:43:33.984141207Z: [    0.509354] ACPI: bus type PCI registered
[STDOUT  ] 2019-04-18T00:43:33.984168563Z: [    0.512415] PCI: MMCONFIG for domain 0000 [bus 00-ff] at [mem 0xb0000000-0xbfffffff] (base 0xb0000000)
[STDOUT  ] 2019-04-18T00:43:33.984183886Z: [    0.513876] PCI: MMCONFIG at [mem 0xb0000000-0xbfffffff] reserved in E820
[STDOUT  ] 2019-04-18T00:43:33.984199102Z: [    0.515333] PCI: Using configuration type 1 for base access
[STDOUT  ] 2019-04-18T00:43:33.984214304Z: [    0.583957] HugeTLB registered 2.00 MiB page size, pre-allocated 0 pages
[STDOUT  ] 2019-04-18T00:43:33.984235087Z: [    0.589907] cryptd: max_cpu_qlen set to 1000
[STDOUT  ] 2019-04-18T00:43:33.984250537Z: [    0.595893] ACPI: Added _OSI(Module Device)
[STDOUT  ] 2019-04-18T00:43:33.984265598Z: [    0.596360] ACPI: Added _OSI(Processor Device)
[STDOUT  ] 2019-04-18T00:43:33.984283971Z: [    0.596649] ACPI: Added _OSI(3.0 _SCP Extensions)
[STDOUT  ] 2019-04-18T00:43:33.984299655Z: [    0.597102] ACPI: Added _OSI(Processor Aggregator Device)
[STDOUT  ] 2019-04-18T00:43:33.984314606Z: [    0.597773] ACPI: Added _OSI(Linux-Dell-Video)
[STDOUT  ] 2019-04-18T00:43:33.984329873Z: [    0.598237] ACPI: Added _OSI(Linux-Lenovo-NV-HDMI-Audio)
[STDOUT  ] 2019-04-18T00:43:33.984345129Z: [    0.652243] ACPI: 1 ACPI AML tables successfully acquired and loaded
[STDOUT  ] 2019-04-18T00:43:33.984359966Z: [    0.689142] ACPI: Interpreter enabled
[STDOUT  ] 2019-04-18T00:43:33.984375217Z: [    0.690301] ACPI: (supports S0 S5)
[STDOUT  ] 2019-04-18T00:43:33.984390601Z: [    0.690718] ACPI: Using IOAPIC for interrupt routing
[STDOUT  ] 2019-04-18T00:43:33.984405990Z: [    0.693899] PCI: Using host bridge windows from ACPI; if necessary, use "pci=nocrs" and report a bug
[STDOUT  ] 2019-04-18T00:43:33.984422034Z: [    0.698380] ACPI: Enabled 2 GPEs in block 00 to 3F
[STDOUT  ] 2019-04-18T00:43:33.984437111Z: [    0.776896] ACPI: PCI Root Bridge [PCI0] (domain 0000 [bus 00-ff])
[STDOUT  ] 2019-04-18T00:43:33.984452215Z: [    0.778191] acpi PNP0A08:00: _OSC: OS supports [ExtendedConfig ASPM ClockPM Segments MSI]
[STDOUT  ] 2019-04-18T00:43:33.984478738Z: [    0.783432] acpi PNP0A08:00: _OSC: platform does not support [SHPCHotplug LTR]
[STDOUT  ] 2019-04-18T00:43:33.984493801Z: [    0.787113] acpi PNP0A08:00: _OSC: OS now controls [PCIeHotplug PME PCIeCapability]
[STDOUT  ] 2019-04-18T00:43:33.984508827Z: [    0.791835] PCI host bridge to bus 0000:00
[STDOUT  ] 2019-04-18T00:43:33.984531239Z: [    0.792607] pci_bus 0000:00: root bus resource [io  0x0000-0x0cf7 window]
[STDOUT  ] 2019-04-18T00:43:33.984546707Z: [    0.793321] pci_bus 0000:00: root bus resource [io  0x0d00-0xffff window]
[STDOUT  ] 2019-04-18T00:43:33.984561488Z: [    0.793669] pci_bus 0000:00: root bus resource [mem 0x000a0000-0x000bffff window]
[STDOUT  ] 2019-04-18T00:43:33.984576786Z: [    0.794659] pci_bus 0000:00: root bus resource [mem 0xc0000000-0xfebfffff window]
[STDOUT  ] 2019-04-18T00:43:33.984591768Z: [    0.795772] pci_bus 0000:00: root bus resource [bus 00-ff]
[STDOUT  ] 2019-04-18T00:43:33.984606553Z: [    0.862073] pci 0000:00:1f.0: quirk: [io  0x0600-0x067f] claimed by ICH6 ACPI/GPIO/TCO
[STDOUT  ] 2019-04-18T00:43:33.984622594Z: [    0.913205] ACPI: PCI Interrupt Link [LNKA] (IRQs 5 *10 11)
[STDOUT  ] 2019-04-18T00:43:33.984650563Z: [    0.915798] ACPI: PCI Interrupt Link [LNKB] (IRQs 5 *10 11)
[STDOUT  ] 2019-04-18T00:43:33.984666494Z: [    0.918088] ACPI: PCI Interrupt Link [LNKC] (IRQs 5 10 *11)
[STDOUT  ] 2019-04-18T00:43:33.984685644Z: [    0.920209] ACPI: PCI Interrupt Link [LNKD] (IRQs 5 10 *11)
[STDOUT  ] 2019-04-18T00:43:33.984700734Z: [    0.922423] ACPI: PCI Interrupt Link [LNKE] (IRQs 5 *10 11)
[STDOUT  ] 2019-04-18T00:43:33.984715597Z: [    0.924664] ACPI: PCI Interrupt Link [LNKF] (IRQs 5 *10 11)
[STDOUT  ] 2019-04-18T00:43:33.984730631Z: [    0.926800] ACPI: PCI Interrupt Link [LNKG] (IRQs 5 10 *11)
[STDOUT  ] 2019-04-18T00:43:33.984749694Z: [    0.928935] ACPI: PCI Interrupt Link [LNKH] (IRQs 5 10 *11)
[STDOUT  ] 2019-04-18T00:43:33.984764898Z: [    0.930071] ACPI: PCI Interrupt Link [GSIA] (IRQs *16)
[STDOUT  ] 2019-04-18T00:43:33.984786644Z: [    0.930929] ACPI: PCI Interrupt Link [GSIB] (IRQs *17)
[STDOUT  ] 2019-04-18T00:43:33.984802255Z: [    0.931791] ACPI: PCI Interrupt Link [GSIC] (IRQs *18)
[STDOUT  ] 2019-04-18T00:43:33.984817769Z: [    0.932538] ACPI: PCI Interrupt Link [GSID] (IRQs *19)
[STDOUT  ] 2019-04-18T00:43:33.984832950Z: [    0.933467] ACPI: PCI Interrupt Link [GSIE] (IRQs *20)
[STDOUT  ] 2019-04-18T00:43:33.984847874Z: [    0.933927] ACPI: PCI Interrupt Link [GSIF] (IRQs *21)
[STDOUT  ] 2019-04-18T00:43:33.984862817Z: [    0.934918] ACPI: PCI Interrupt Link [GSIG] (IRQs *22)
[STDOUT  ] 2019-04-18T00:43:33.984878666Z: [    0.935912] ACPI: PCI Interrupt Link [GSIH] (IRQs *23)
[STDOUT  ] 2019-04-18T00:43:33.984893619Z: [    0.945918] SCSI subsystem initialized
[STDOUT  ] 2019-04-18T00:43:33.984908539Z: [    0.949266] ACPI: bus type USB registered
[STDOUT  ] 2019-04-18T00:43:33.984923386Z: [    0.950363] usbcore: registered new interface driver usbfs
[STDOUT  ] 2019-04-18T00:43:33.984939057Z: [    0.951761] usbcore: registered new interface driver hub
[STDOUT  ] 2019-04-18T00:43:33.984954203Z: [    0.952759] usbcore: registered new device driver usb
[STDOUT  ] 2019-04-18T00:43:33.984969777Z: [    0.953975] pps_core: LinuxPPS API ver. 1 registered
[STDOUT  ] 2019-04-18T00:43:33.984984395Z: [    0.954411] pps_core: Software ver. 5.3.6 - Copyright 2005-2007 Rodolfo Giometti <giometti@linux.it>
[STDOUT  ] 2019-04-18T00:43:33.984999946Z: [    0.954791] PTP clock support registered
[STDOUT  ] 2019-04-18T00:43:33.985014781Z: [    0.958367] PCI: Using ACPI for IRQ routing
[STDOUT  ] 2019-04-18T00:43:33.985029790Z: [    0.981989] NetLabel: Initializing
[STDOUT  ] 2019-04-18T00:43:33.985047662Z: [    0.982398] NetLabel:  domain hash size = 128
[STDOUT  ] 2019-04-18T00:43:33.985062718Z: [    0.982666] NetLabel:  protocols = UNLABELED CIPSOv4 CALIPSO
[STDOUT  ] 2019-04-18T00:43:33.985080411Z: [    0.985850] NetLabel:  unlabeled traffic allowed by default
[STDOUT  ] 2019-04-18T00:43:33.985100686Z: [    0.987205] HPET: 3 timers in total, 0 timers will be used for per-cpu timer
[STDOUT  ] 2019-04-18T00:43:33.985123167Z: [    0.987956] hpet0: at MMIO 0xfed00000, IRQs 2, 8, 0
[STDOUT  ] 2019-04-18T00:43:33.985138489Z: [    0.988686] hpet0: 3 comparators, 64-bit 100.000000 MHz counter
[STDOUT  ] 2019-04-18T00:43:33.985164339Z: [    0.994996] clocksource: Switched to clocksource tsc-early
[STDOUT  ] 2019-04-18T00:43:33.985179577Z: [    1.431502] VFS: Disk quotas dquot_6.6.0
[STDOUT  ] 2019-04-18T00:43:33.985194464Z: [    1.432977] VFS: Dquot-cache hash table entries: 512 (order 0, 4096 bytes)
[STDOUT  ] 2019-04-18T00:43:33.985213379Z: [    1.436473] FS-Cache: Loaded
[STDOUT  ] 2019-04-18T00:43:33.985228419Z: [    1.444183] CacheFiles: Loaded
[STDOUT  ] 2019-04-18T00:43:33.985244094Z: [    1.445896] pnp: PnP ACPI init
[STDOUT  ] 2019-04-18T00:43:33.985258924Z: [    1.460605] pnp: PnP ACPI: found 5 devices
[STDOUT  ] 2019-04-18T00:43:33.985274291Z: [    1.510885] clocksource: acpi_pm: mask: 0xffffff max_cycles: 0xffffff, max_idle_ns: 2085701024 ns
[STDOUT  ] 2019-04-18T00:43:33.985289954Z: [    1.515147] NET: Registered protocol family 2
[STDOUT  ] 2019-04-18T00:43:33.985338126Z: [    1.526189] tcp_listen_portaddr_hash hash table entries: 512 (order: 1, 8192 bytes)
[STDOUT  ] 2019-04-18T00:43:33.985354107Z: [    1.527505] TCP established hash table entries: 8192 (order: 4, 65536 bytes)
[STDOUT  ] 2019-04-18T00:43:33.985369086Z: [    1.528600] TCP bind hash table entries: 8192 (order: 5, 131072 bytes)
[STDOUT  ] 2019-04-18T00:43:33.985384054Z: [    1.529923] TCP: Hash tables configured (established 8192 bind 8192)
[STDOUT  ] 2019-04-18T00:43:33.985399537Z: [    1.532545] UDP hash table entries: 512 (order: 2, 16384 bytes)
[STDOUT  ] 2019-04-18T00:43:33.985414887Z: [    1.533682] UDP-Lite hash table entries: 512 (order: 2, 16384 bytes)
[STDOUT  ] 2019-04-18T00:43:33.985437909Z: [    1.537315] NET: Registered protocol family 1
[STDOUT  ] 2019-04-18T00:43:33.985453180Z: [    1.538400] NET: Registered protocol family 44
[STDOUT  ] 2019-04-18T00:43:33.985468331Z: [    1.539339] pci 0000:00:01.0: Video device with shadowed ROM at [mem 0x000c0000-0x000dffff]
[STDOUT  ] 2019-04-18T00:43:33.985483394Z: [    1.547481] Trying to unpack rootfs image as initramfs...
[STDOUT  ] 2019-04-18T00:43:33.985498538Z: [   10.990344] Freeing initrd memory: 42136K
[STDOUT  ] 2019-04-18T00:43:33.985513787Z: [   11.025591] PCLMULQDQ-NI instructions are not detected.
[STDOUT  ] 2019-04-18T00:43:33.985528939Z: [   11.028053] AVX or AES-NI instructions are not detected.
[STDOUT  ] 2019-04-18T00:43:33.985544257Z: [   11.028628] CPU feature 'AVX registers' is not supported.
[STDOUT  ] 2019-04-18T00:43:33.985559427Z: [   11.029594] CPU feature 'AVX registers' is not supported.
[STDOUT  ] 2019-04-18T00:43:33.985574860Z: [   11.030370] CPU feature 'AVX registers' is not supported.
[STDOUT  ] 2019-04-18T00:43:33.985590450Z: [   11.031134] CPU feature 'AVX registers' is not supported.
[STDOUT  ] 2019-04-18T00:43:33.985605418Z: [   11.031840] AVX2 or AES-NI instructions are not detected.
[STDOUT  ] 2019-04-18T00:43:33.985620645Z: [   11.032428] AVX2 instructions are not detected.
[STDOUT  ] 2019-04-18T00:43:33.985635699Z: [   11.047177] workingset: timestamp_bits=46 max_order=18 bucket_order=0
[STDOUT  ] 2019-04-18T00:43:33.985656811Z: [   11.055531] squashfs: version 4.0 (2009/01/31) Phillip Lougher
[STDOUT  ] 2019-04-18T00:43:33.985671994Z: [   11.059914] FS-Cache: Netfs 'cifs' registered for caching
[STDOUT  ] 2019-04-18T00:43:33.985687201Z: [   11.061493] fuse init (API version 7.27)
[STDOUT  ] 2019-04-18T00:43:33.985702635Z: [   11.065169] SGI XFS with ACLs, security attributes, no debug enabled
[STDOUT  ] 2019-04-18T00:43:33.985717717Z: [   11.071315] 9p: Installing v9fs 9p2000 file system support
[STDOUT  ] 2019-04-18T00:43:33.985732925Z: [   11.072265] FS-Cache: Netfs '9p' registered for caching
[STDOUT  ] 2019-04-18T00:43:33.985747561Z: [   11.073214] pstore: using deflate compression
[STDOUT  ] 2019-04-18T00:43:33.985770134Z: [   11.152494] NET: Registered protocol family 38
[STDOUT  ] 2019-04-18T00:43:33.985785005Z: [   11.153569] Key type asymmetric registered
[STDOUT  ] 2019-04-18T00:43:33.985800458Z: [   11.154295] Asymmetric key parser 'x509' registered
[STDOUT  ] 2019-04-18T00:43:33.985820771Z: [   11.155383] Block layer SCSI generic (bsg) driver version 0.4 loaded (major 247)
[STDOUT  ] 2019-04-18T00:43:33.985836123Z: [   11.158567] io scheduler noop registered
[STDOUT  ] 2019-04-18T00:43:33.985850784Z: [   11.159338] io scheduler deadline registered (default)
[STDOUT  ] 2019-04-18T00:43:33.985865840Z: [   11.161162] io scheduler cfq registered
[STDOUT  ] 2019-04-18T00:43:33.985880601Z: [   11.162021] io scheduler mq-deadline registered (default)
[STDOUT  ] 2019-04-18T00:43:33.985895404Z: [   11.162539] io scheduler kyber registered
[STDOUT  ] 2019-04-18T00:43:33.985910490Z: [   11.166561] shpchp: Standard Hot Plug PCI Controller Driver version: 0.4
[STDOUT  ] 2019-04-18T00:43:33.985925821Z: [   11.168071] hv_vmbus: registering driver hyperv_fb
[STDOUT  ] 2019-04-18T00:43:33.985940758Z: [   11.173088] input: Power Button as /devices/LNXSYSTM:00/LNXPWRBN:00/input/input0
[STDOUT  ] 2019-04-18T00:43:33.985956527Z: [   11.177247] ACPI: Power Button [PWRF]
[STDOUT  ] 2019-04-18T00:43:33.985978702Z: [   11.201988] PCI Interrupt Link [GSIG] enabled at IRQ 22
[STDOUT  ] 2019-04-18T00:43:33.985993996Z: [   11.218368] PCI Interrupt Link [GSIH] enabled at IRQ 23
[STDOUT  ] 2019-04-18T00:43:33.986008914Z: [   11.226555] Serial: 8250/16550 driver, 4 ports, IRQ sharing disabled
[STDOUT  ] 2019-04-18T00:43:33.986024115Z: [   11.253920] 00:04: ttyS0 at I/O 0x3f8 (irq = 4, base_baud = 115200) is a 16550A
[STDOUT  ] 2019-04-18T00:43:33.986039156Z: [   11.267434] Non-volatile memory driver v1.3
[STDOUT  ] 2019-04-18T00:43:33.986054507Z: [   11.276202] Hangcheck: starting hangcheck timer 0.9.1 (tick is 180 seconds, margin is 60 seconds).
[STDOUT  ] 2019-04-18T00:43:33.986069841Z: [   11.286273] random: crng init done
[STDOUT  ] 2019-04-18T00:43:33.986085031Z: [   11.373397] brd: module loaded
[STDOUT  ] 2019-04-18T00:43:33.986100090Z: [   11.416357] loop: module loaded
[STDOUT  ] 2019-04-18T00:43:33.986115064Z: [   11.497362] lpc_ich 0000:00:1f.0: I/O space for GPIO uninitialized
[STDOUT  ] 2019-04-18T00:43:33.986129942Z: [   11.500276] VMware PVSCSI driver - version 1.0.7.0-k
[STDOUT  ] 2019-04-18T00:43:33.986145850Z: [   11.501301] hv_vmbus: registering driver hv_storvsc
[STDOUT  ] 2019-04-18T00:43:33.986169650Z: [   11.517371] PCI Interrupt Link [GSIA] enabled at IRQ 16
[STDOUT  ] 2019-04-18T00:43:33.986184597Z: [   11.526120] ahci 0000:00:1f.2: AHCI 0001.0000 32 slots 6 ports 1.5 Gbps 0x3f impl SATA mode
[STDOUT  ] 2019-04-18T00:43:33.986204150Z: [   11.527292] ahci 0000:00:1f.2: flags: 64bit ncq only 
[STDOUT  ] 2019-04-18T00:43:33.986223594Z: [   11.547701] scsi host0: ahci
[STDOUT  ] 2019-04-18T00:43:33.986238703Z: [   11.552405] scsi host1: ahci
[STDOUT  ] 2019-04-18T00:43:33.986295483Z: [   11.555122] scsi host2: ahci
[STDOUT  ] 2019-04-18T00:43:33.986315787Z: [   11.557591] scsi host3: ahci
[STDOUT  ] 2019-04-18T00:43:33.986331153Z: [   11.560144] scsi host4: ahci
[STDOUT  ] 2019-04-18T00:43:33.986347633Z: [   11.562563] scsi host5: ahci
[STDOUT  ] 2019-04-18T00:43:33.986362822Z: [   11.564369] ata1: SATA max UDMA/133 abar m4096@0xfebd2000 port 0xfebd2100 irq 24
[STDOUT  ] 2019-04-18T00:43:33.986378335Z: [   11.565328] ata2: SATA max UDMA/133 abar m4096@0xfebd2000 port 0xfebd2180 irq 24
[STDOUT  ] 2019-04-18T00:43:33.986398047Z: [   11.566076] ata3: SATA max UDMA/133 abar m4096@0xfebd2000 port 0xfebd2200 irq 24
[STDOUT  ] 2019-04-18T00:43:33.986413452Z: [   11.566919] ata4: SATA max UDMA/133 abar m4096@0xfebd2000 port 0xfebd2280 irq 24
[STDOUT  ] 2019-04-18T00:43:33.986431264Z: [   11.567509] ata5: SATA max UDMA/133 abar m4096@0xfebd2000 port 0xfebd2300 irq 24
[STDOUT  ] 2019-04-18T00:43:33.986472023Z: [   11.568277] ata6: SATA max UDMA/133 abar m4096@0xfebd2000 port 0xfebd2380 irq 24
[STDOUT  ] 2019-04-18T00:43:33.986488711Z: [   11.585394] tun: Universal TUN/TAP device driver, 1.6
[STDOUT  ] 2019-04-18T00:43:33.986511593Z: [   11.600945] VMware vmxnet3 virtual NIC driver - version 1.4.16.0-k-NAPI
[STDOUT  ] 2019-04-18T00:43:33.986527101Z: [   11.602233] hv_vmbus: registering driver hv_netvsc
[STDOUT  ] 2019-04-18T00:43:33.986542330Z: [   11.602999] Fusion MPT base driver 3.04.20
[STDOUT  ] 2019-04-18T00:43:33.986557470Z: [   11.603396] Copyright (c) 1999-2008 LSI Corporation
[STDOUT  ] 2019-04-18T00:43:33.986572167Z: [   11.604220] Fusion MPT SPI Host driver 3.04.20
[STDOUT  ] 2019-04-18T00:43:33.986587558Z: [   11.606973] i8042: PNP: PS/2 Controller [PNP0303:KBD,PNP0f13:MOU] at 0x60,0x64 irq 1,12
[STDOUT  ] 2019-04-18T00:43:33.986602822Z: [   11.612293] serio: i8042 KBD port at 0x60,0x64 irq 1
[STDOUT  ] 2019-04-18T00:43:33.986618247Z: [   11.613376] serio: i8042 AUX port at 0x60,0x64 irq 12
[STDOUT  ] 2019-04-18T00:43:33.986633211Z: [   11.616988] hv_vmbus: registering driver hyperv_keyboard
[STDOUT  ] 2019-04-18T00:43:33.986652940Z: [   11.620050] mousedev: PS/2 mouse device common for all mice
[STDOUT  ] 2019-04-18T00:43:33.986668416Z: [   11.627106] input: PC Speaker as /devices/platform/pcspkr/input/input2
[STDOUT  ] 2019-04-18T00:43:33.986690515Z: [   11.629188] input: AT Translated Set 2 keyboard as /devices/platform/i8042/serio0/input/input1
[STDOUT  ] 2019-04-18T00:43:33.986706186Z: [   11.634010] rtc_cmos 00:00: RTC can wake from S4
[STDOUT  ] 2019-04-18T00:43:33.986721375Z: [   11.640930] rtc_cmos 00:00: registered as rtc0
[STDOUT  ] 2019-04-18T00:43:33.986736597Z: [   11.642444] rtc_cmos 00:00: alarms up to one day, y3k, 114 bytes nvram, hpet irqs
[STDOUT  ] 2019-04-18T00:43:33.986751694Z: [   11.643860] i2c /dev entries driver
[STDOUT  ] 2019-04-18T00:43:33.986767826Z: [   11.646598] device-mapper: ioctl: 4.39.0-ioctl (2018-04-03) initialised: dm-devel@redhat.com
[STDOUT  ] 2019-04-18T00:43:33.986783147Z: [   11.654087] usbcore: registered new interface driver usbhid
[STDOUT  ] 2019-04-18T00:43:33.986798772Z: [   11.654693] usbhid: USB HID core driver
[STDOUT  ] 2019-04-18T00:43:33.986813609Z: [   11.655879] hv_utils: Registering HyperV Utility Driver
[STDOUT  ] 2019-04-18T00:43:33.986833039Z: [   11.656386] hv_vmbus: registering driver hv_util
[STDOUT  ] 2019-04-18T00:43:33.986848579Z: [   11.656765] hv_vmbus: registering driver hv_balloon
[STDOUT  ] 2019-04-18T00:43:33.986863746Z: [   11.657544] oprofile: using NMI interrupt.
[STDOUT  ] 2019-04-18T00:43:33.986878975Z: [   11.659306] GACT probability on
[STDOUT  ] 2019-04-18T00:43:33.986894301Z: [   11.659880] Mirror/redirect action on
[STDOUT  ] 2019-04-18T00:43:33.986912103Z: [   11.660612] Simple TC action Loaded
[STDOUT  ] 2019-04-18T00:43:33.986930195Z: [   11.661440] u32 classifier
[STDOUT  ] 2019-04-18T00:43:33.986945584Z: [   11.661910]     Performance counters on
