[INFO    ] 2019-04-17T23:37:13.067766446Z: Running Test linuxkit.kernel.kmod_4.14.x in /tmp/with_clone3bb05763/test/cases/020_kernel/012_kmod_4.14.x
[INFO    ] 2019-04-17T23:37:13.068039126Z: Running command: [/bin/sh -x /tmp/with_clone3bb05763/test/cases/020_kernel/012_kmod_4.14.x/test.sh]
[STDERR  ] 2019-04-17T23:37:13.069064528Z: + set -e
[STDERR  ] 2019-04-17T23:37:13.069211587Z: + . /tmp/with_clone3bb05763/test/cases/_lib/lib.sh
[STDERR  ] 2019-04-17T23:37:13.069237723Z: + [ -f src/github.com/linuxkit/rtf/lib/lib.sh ]
[STDERR  ] 2019-04-17T23:37:13.069259121Z: + LINUXKIT_TMPDIR=/tmp/with_clone3bb05763/test/cases/_tmp
[STDERR  ] 2019-04-17T23:37:13.069321101Z: + [ -f /tmp/with_clone3bb05763/test/cases/_tmp/env.sh ]
[STDERR  ] 2019-04-17T23:37:13.069342108Z: + . /tmp/with_clone3bb05763/test/cases/_tmp/env.sh
[STDERR  ] 2019-04-17T23:37:13.069367838Z: + export LINUXKIT_EXAMPLES_DIR=/tmp/with_clone3bb05763/test/cases/../../examples
[STDERR  ] 2019-04-17T23:37:13.069392091Z: + RT_CANCEL=253
[STDERR  ] 2019-04-17T23:37:13.069416578Z: + NAME=kmod
[STDERR  ] 2019-04-17T23:37:13.069437646Z: + IMAGE_NAME=kmod-test
[STDERR  ] 2019-04-17T23:37:13.069458597Z: + trap clean_up EXIT
[STDERR  ] 2019-04-17T23:37:13.069479430Z: + docker pull linuxkit/kernel:4.14.111
[STDOUT  ] 2019-04-17T23:37:14.688370121Z: 4.14.111: Pulling from linuxkit/kernel
[STDOUT  ] 2019-04-17T23:37:15.076393197Z: Digest: sha256:a117ebc6201c1121edf1e6483d024e11faecba9e4b87ea580e37f23b67e91e51
[STDOUT  ] 2019-04-17T23:37:15.076481570Z: Status: Image is up to date for linuxkit/kernel:4.14.111
[STDERR  ] 2019-04-17T23:37:15.078617691Z: + docker build -t kmod-test .
[STDOUT  ] 2019-04-17T23:37:15.097333172Z: Sending build context to Docker daemon 8.704 kB
[STDOUT  ] 2019-04-17T23:37:15.220974833Z: Step 1/12 : FROM linuxkit/kernel:4.14.111 AS ksrc
[STDOUT  ] 2019-04-17T23:37:15.237708817Z:  ---> e27642e5fd18
[STDOUT  ] 2019-04-17T23:37:15.237788779Z: Step 2/12 : FROM linuxkit/alpine:86cd4f51b49fb9a078b50201d892a3c7973d48ec AS build
[STDOUT  ] 2019-04-17T23:37:15.237806568Z:  ---> 859b94cde25f
[STDOUT  ] 2019-04-17T23:37:15.237822061Z: Step 3/12 : RUN apk add build-base elfutils-dev
[STDOUT  ] 2019-04-17T23:37:15.237837551Z:  ---> Using cache
[STDOUT  ] 2019-04-17T23:37:15.237852901Z:  ---> 686c4e3034d7
[STDOUT  ] 2019-04-17T23:37:15.237872521Z: Step 4/12 : COPY --from=ksrc /kernel-dev.tar /
[STDOUT  ] 2019-04-17T23:37:15.237887952Z:  ---> Using cache
[STDOUT  ] 2019-04-17T23:37:15.237921898Z:  ---> 877d61ab5a86
[STDOUT  ] 2019-04-17T23:37:15.237937438Z: Step 5/12 : RUN tar xf kernel-dev.tar
[STDOUT  ] 2019-04-17T23:37:15.237952889Z:  ---> Using cache
[STDOUT  ] 2019-04-17T23:37:15.237967681Z:  ---> 3d353c07a276
[STDOUT  ] 2019-04-17T23:37:15.237982578Z: Step 6/12 : WORKDIR /kmod
[STDOUT  ] 2019-04-17T23:37:15.237999146Z:  ---> Using cache
[STDOUT  ] 2019-04-17T23:37:15.238014308Z:  ---> 4d29becbde1a
[STDOUT  ] 2019-04-17T23:37:15.238029075Z: Step 7/12 : COPY ./src/* ./
[STDOUT  ] 2019-04-17T23:37:15.238043935Z:  ---> Using cache
[STDOUT  ] 2019-04-17T23:37:15.238058940Z:  ---> 1c4ca999e175
[STDOUT  ] 2019-04-17T23:37:15.238074608Z: Step 8/12 : RUN make all
[STDOUT  ] 2019-04-17T23:37:15.238089462Z:  ---> Using cache
[STDOUT  ] 2019-04-17T23:37:15.238104515Z:  ---> 130e13f37b2b
[STDOUT  ] 2019-04-17T23:37:15.238120888Z: Step 9/12 : FROM alpine:3.9
[STDOUT  ] 2019-04-17T23:37:15.238135658Z:  ---> 5cb3aa00f899
[STDOUT  ] 2019-04-17T23:37:15.238159981Z: Step 10/12 : COPY --from=build /kmod/hello_world.ko /
[STDOUT  ] 2019-04-17T23:37:15.781393677Z:  ---> db20872e5b31
[STDOUT  ] 2019-04-17T23:37:15.788536701Z: Removing intermediate container 0b0639e91162
[STDOUT  ] 2019-04-17T23:37:15.788620521Z: Step 11/12 : COPY check.sh /check.sh
[STDOUT  ] 2019-04-17T23:37:16.297405161Z:  ---> 7eb4f3e14245
[STDOUT  ] 2019-04-17T23:37:16.305407401Z: Removing intermediate container dbdbafd63499
[STDOUT  ] 2019-04-17T23:37:16.305480107Z: Step 12/12 : ENTRYPOINT /bin/sh /check.sh
[STDOUT  ] 2019-04-17T23:37:16.430235955Z:  ---> Running in cf024877df59
[STDOUT  ] 2019-04-17T23:37:16.637758694Z:  ---> 3cb715749b3a
[STDOUT  ] 2019-04-17T23:37:16.644962752Z: Removing intermediate container cf024877df59
[STDOUT  ] 2019-04-17T23:37:16.735404293Z: Successfully built 3cb715749b3a
[STDOUT  ] 2019-04-17T23:37:16.745151855Z: Successfully tagged kmod-test:latest
[STDERR  ] 2019-04-17T23:37:16.747312079Z: + linuxkit build -format kernel+initrd -name kmod test.yml
[STDERR  ] 2019-04-17T23:37:16.799676273Z: Extract kernel image: linuxkit/kernel:4.14.111
[STDERR  ] 2019-04-17T23:37:21.719426861Z: Add init containers:
[STDERR  ] 2019-04-17T23:37:21.719541110Z: Process init image: linuxkit/init:v0.7
[STDERR  ] 2019-04-17T23:37:23.651504850Z: Process init image: linuxkit/runc:v0.7
[STDERR  ] 2019-04-17T23:37:25.411389359Z: Add onboot containers:
[STDERR  ] 2019-04-17T23:37:25.411498006Z:   Create OCI config for kmod-test
[STDERR  ] 2019-04-17T23:37:25.707790289Z:   Create OCI config for linuxkit/poweroff:b498d30dd9660090565537fceb9e757618737a85
[STDERR  ] 2019-04-17T23:37:27.955633358Z: Create outputs:
[STDERR  ] 2019-04-17T23:37:34.110206246Z:   kmod-kernel kmod-initrd.img kmod-cmdline
[STDERR  ] 2019-04-17T23:37:34.200898165Z: + linuxkit run kmod
[STDERR  ] 2019-04-17T23:38:24.058349863Z: + RESULT=[    0.000000] Linux version 4.14.111-linuxkit (root@32506204a421) (gcc version 8.3.0 (Alpine 8.3.0)) #1 SMP Wed Apr 17 08:55:59 UTC 2019
[STDERR  ] 2019-04-17T23:38:24.058513198Z: [    0.000000] Command line: console=ttyS0 console=ttyAMA0
[STDERR  ] 2019-04-17T23:38:24.058539210Z: [    0.000000] x86/fpu: x87 FPU will use FXSAVE
[STDERR  ] 2019-04-17T23:38:24.058562764Z: [    0.000000] e820: BIOS-provided physical RAM map:
[STDERR  ] 2019-04-17T23:38:24.058585782Z: [    0.000000] BIOS-e820: [mem 0x0000000000000000-0x000000000009fbff] usable
[STDERR  ] 2019-04-17T23:38:24.058609536Z: [    0.000000] BIOS-e820: [mem 0x000000000009fc00-0x000000000009ffff] reserved
[STDERR  ] 2019-04-17T23:38:24.058631265Z: [    0.000000] BIOS-e820: [mem 0x00000000000f0000-0x00000000000fffff] reserved
[STDERR  ] 2019-04-17T23:38:24.058653938Z: [    0.000000] BIOS-e820: [mem 0x0000000000100000-0x000000003ffdefff] usable
[STDERR  ] 2019-04-17T23:38:24.058675589Z: [    0.000000] BIOS-e820: [mem 0x000000003ffdf000-0x000000003fffffff] reserved
[STDERR  ] 2019-04-17T23:38:24.058697187Z: [    0.000000] BIOS-e820: [mem 0x00000000b0000000-0x00000000bfffffff] reserved
[STDERR  ] 2019-04-17T23:38:24.058720342Z: [    0.000000] BIOS-e820: [mem 0x00000000fed1c000-0x00000000fed1ffff] reserved
[STDERR  ] 2019-04-17T23:38:24.058761767Z: [    0.000000] BIOS-e820: [mem 0x00000000fffc0000-0x00000000ffffffff] reserved
[STDERR  ] 2019-04-17T23:38:24.058784023Z: [    0.000000] NX (Execute Disable) protection: active
[STDERR  ] 2019-04-17T23:38:24.058805670Z: [    0.000000] SMBIOS 2.8 present.
[STDERR  ] 2019-04-17T23:38:24.058827719Z: [    0.000000] DMI: QEMU Standard PC (Q35 + ICH9, 2009), BIOS rel-1.10.2-0-g5f4c7b1-prebuilt.qemu-project.org 04/01/2014
[STDERR  ] 2019-04-17T23:38:24.058855413Z: [    0.000000] tsc: Fast TSC calibration using PIT
[STDERR  ] 2019-04-17T23:38:24.058880663Z: [    0.000000] e820: last_pfn = 0x3ffdf max_arch_pfn = 0x400000000
[STDERR  ] 2019-04-17T23:38:24.058902584Z: [    0.000000] x86/PAT: Configuration [0-7]: WB  WC  UC- UC  WB  WP  UC- WT  
[STDERR  ] 2019-04-17T23:38:24.058942431Z: [    0.000000] found SMP MP-table at [mem 0x000f6aa0-0x000f6aaf] mapped at [ffffffffff200aa0]
[STDERR  ] 2019-04-17T23:38:24.058964781Z: [    0.000000] RAMDISK: [mem 0x3def2000-0x3ffcffff]
[STDERR  ] 2019-04-17T23:38:24.058985890Z: [    0.000000] ACPI: Early table checksum verification disabled
[STDERR  ] 2019-04-17T23:38:24.059012731Z: [    0.000000] ACPI: RSDP 0x00000000000F68C0 000014 (v00 BOCHS )
[STDERR  ] 2019-04-17T23:38:24.059034973Z: [    0.000000] ACPI: RSDT 0x000000003FFE2404 000034 (v01 BOCHS  BXPCRSDT 00000001 BXPC 00000001)
[STDERR  ] 2019-04-17T23:38:24.059056518Z: [    0.000000] ACPI: FACP 0x000000003FFE22A4 000074 (v01 BOCHS  BXPCFACP 00000001 BXPC 00000001)
[STDERR  ] 2019-04-17T23:38:24.059077955Z: [    0.000000] ACPI: DSDT 0x000000003FFE0040 002264 (v01 BOCHS  BXPCDSDT 00000001 BXPC 00000001)
[STDERR  ] 2019-04-17T23:38:24.059105084Z: [    0.000000] ACPI: FACS 0x000000003FFE0000 000040
[STDERR  ] 2019-04-17T23:38:24.059126472Z: [    0.000000] ACPI: APIC 0x000000003FFE2318 000078 (v01 BOCHS  BXPCAPIC 00000001 BXPC 00000001)
[STDERR  ] 2019-04-17T23:38:24.059172649Z: [    0.000000] ACPI: HPET 0x000000003FFE2390 000038 (v01 BOCHS  BXPCHPET 00000001 BXPC 00000001)
[STDERR  ] 2019-04-17T23:38:24.059195196Z: [    0.000000] ACPI: MCFG 0x000000003FFE23C8 00003C (v01 BOCHS  BXPCMCFG 00000001 BXPC 00000001)
[STDERR  ] 2019-04-17T23:38:24.059222581Z: [    0.000000] Zone ranges:
[STDERR  ] 2019-04-17T23:38:24.059250574Z: [    0.000000]   DMA      [mem 0x0000000000001000-0x0000000000ffffff]
[STDERR  ] 2019-04-17T23:38:24.059271828Z: [    0.000000]   DMA32    [mem 0x0000000001000000-0x000000003ffdefff]
[STDERR  ] 2019-04-17T23:38:24.059297114Z: [    0.000000]   Normal   empty
[STDERR  ] 2019-04-17T23:38:24.059336872Z: [    0.000000]   Device   empty
[STDERR  ] 2019-04-17T23:38:24.059361547Z: [    0.000000] Movable zone start for each node
[STDERR  ] 2019-04-17T23:38:24.059382516Z: [    0.000000] Early memory node ranges
[STDERR  ] 2019-04-17T23:38:24.059403307Z: [    0.000000]   node   0: [mem 0x0000000000001000-0x000000000009efff]
[STDERR  ] 2019-04-17T23:38:24.059424156Z: [    0.000000]   node   0: [mem 0x0000000000100000-0x000000003ffdefff]
[STDERR  ] 2019-04-17T23:38:24.059445015Z: [    0.000000] Initmem setup node 0 [mem 0x0000000000001000-0x000000003ffdefff]
[STDERR  ] 2019-04-17T23:38:24.059466044Z: [    0.000000] ACPI: PM-Timer IO Port: 0x608
[STDERR  ] 2019-04-17T23:38:24.059486737Z: [    0.000000] ACPI: LAPIC_NMI (acpi_id[0xff] dfl dfl lint[0x1])
[STDERR  ] 2019-04-17T23:38:24.059508396Z: [    0.000000] IOAPIC[0]: apic_id 0, version 32, address 0xfec00000, GSI 0-23
[STDERR  ] 2019-04-17T23:38:24.059538474Z: [    0.000000] ACPI: INT_SRC_OVR (bus 0 bus_irq 0 global_irq 2 dfl dfl)
[STDERR  ] 2019-04-17T23:38:24.059559457Z: [    0.000000] ACPI: INT_SRC_OVR (bus 0 bus_irq 5 global_irq 5 high level)
[STDERR  ] 2019-04-17T23:38:24.059588602Z: [    0.000000] ACPI: INT_SRC_OVR (bus 0 bus_irq 9 global_irq 9 high level)
[STDERR  ] 2019-04-17T23:38:24.059615578Z: [    0.000000] ACPI: INT_SRC_OVR (bus 0 bus_irq 10 global_irq 10 high level)
[STDERR  ] 2019-04-17T23:38:24.059640547Z: [    0.000000] ACPI: INT_SRC_OVR (bus 0 bus_irq 11 global_irq 11 high level)
[STDERR  ] 2019-04-17T23:38:24.059668031Z: [    0.000000] Using ACPI (MADT) for SMP configuration information
[STDERR  ] 2019-04-17T23:38:24.059688710Z: [    0.000000] ACPI: HPET id: 0x8086a201 base: 0xfed00000
[STDERR  ] 2019-04-17T23:38:24.059710789Z: [    0.000000] smpboot: Allowing 1 CPUs, 0 hotplug CPUs
[STDERR  ] 2019-04-17T23:38:24.059740739Z: [    0.000000] e820: [mem 0x40000000-0xafffffff] available for PCI devices
[STDERR  ] 2019-04-17T23:38:24.059761890Z: [    0.000000] Booting paravirtualized kernel on bare hardware
[STDERR  ] 2019-04-17T23:38:24.059782829Z: [    0.000000] clocksource: refined-jiffies: mask: 0xffffffff max_cycles: 0xffffffff, max_idle_ns: 1910969940391419 ns
[STDERR  ] 2019-04-17T23:38:24.059804031Z: [    0.000000] random: get_random_bytes called from start_kernel+0x91/0x4b2 with crng_init=0
[STDERR  ] 2019-04-17T23:38:24.059825379Z: [    0.000000] setup_percpu: NR_CPUS:128 nr_cpumask_bits:128 nr_cpu_ids:1 nr_node_ids:1
[STDERR  ] 2019-04-17T23:38:24.059858039Z: [    0.000000] percpu: Embedded 45 pages/cpu @ffff92593dc00000 s144216 r8192 d31912 u2097152
[STDERR  ] 2019-04-17T23:38:24.059879797Z: [    0.000000] Built 1 zonelists, mobility grouping on.  Total pages: 257896
[STDERR  ] 2019-04-17T23:38:24.059902198Z: [    0.000000] Kernel command line: console=ttyS0 console=ttyAMA0
[STDERR  ] 2019-04-17T23:38:24.059923106Z: [    0.000000] PID hash table entries: 4096 (order: 3, 32768 bytes)
[STDERR  ] 2019-04-17T23:38:24.059944469Z: [    0.000000] Dentry cache hash table entries: 131072 (order: 8, 1048576 bytes)
[STDERR  ] 2019-04-17T23:38:24.059965537Z: [    0.000000] Inode-cache hash table entries: 65536 (order: 7, 524288 bytes)
[STDERR  ] 2019-04-17T23:38:24.059992533Z: [    0.000000] Memory: 971240K/1048052K available (12300K kernel code, 1453K rwdata, 2972K rodata, 1528K init, 580K bss, 76812K reserved, 0K cma-reserved)
[STDERR  ] 2019-04-17T23:38:24.060017363Z: [    0.000000] ftrace: allocating 40663 entries in 159 pages
[STDERR  ] 2019-04-17T23:38:24.060038458Z: [    0.000000] Hierarchical RCU implementation.
[STDERR  ] 2019-04-17T23:38:24.060059111Z: [    0.000000] 	RCU restricting CPUs from NR_CPUS=128 to nr_cpu_ids=1.
[STDERR  ] 2019-04-17T23:38:24.060080149Z: [    0.000000] RCU: Adjusting geometry for rcu_fanout_leaf=16, nr_cpu_ids=1
[STDERR  ] 2019-04-17T23:38:24.060100832Z: [    0.000000] NR_IRQS: 8448, nr_irqs: 256, preallocated irqs: 16
[STDERR  ] 2019-04-17T23:38:24.060121447Z: [    0.000000] Console: colour VGA+ 80x25
[STDERR  ] 2019-04-17T23:38:24.060142316Z: [    0.000000] console [ttyS0] enabled
[STDERR  ] 2019-04-17T23:38:24.060171390Z: [    0.000000] clocksource: hpet: mask: 0xffffffff max_cycles: 0xffffffff, max_idle_ns: 19112604467 ns
[STDERR  ] 2019-04-17T23:38:24.060192182Z: [    0.003000] tsc: Fast TSC calibration using PIT
[STDERR  ] 2019-04-17T23:38:24.060220433Z: [    0.004000] tsc: Detected 2599.734 MHz processor
[STDERR  ] 2019-04-17T23:38:24.060243104Z: [    0.007533] Calibrating delay loop (skipped), value calculated using timer frequency.. 5199.46 BogoMIPS (lpj=2599734)
[STDERR  ] 2019-04-17T23:38:24.060263964Z: [    0.009164] pid_max: default: 32768 minimum: 301
[STDERR  ] 2019-04-17T23:38:24.060285051Z: [    0.010364] ACPI: Core revision 20170728
[STDERR  ] 2019-04-17T23:38:24.060312186Z: [    0.053496] ACPI: 1 ACPI AML tables successfully acquired and loaded
[STDERR  ] 2019-04-17T23:38:24.060333745Z: [    0.058467] Security Framework initialized
[STDERR  ] 2019-04-17T23:38:24.060365900Z: [    0.059139] Yama: becoming mindful.
[STDERR  ] 2019-04-17T23:38:24.060386473Z: [    0.061789] Mount-cache hash table entries: 2048 (order: 2, 16384 bytes)
[STDERR  ] 2019-04-17T23:38:24.060413435Z: [    0.062095] Mountpoint-cache hash table entries: 2048 (order: 2, 16384 bytes)
[STDERR  ] 2019-04-17T23:38:24.060434858Z: [    0.084978] Last level iTLB entries: 4KB 0, 2MB 0, 4MB 0
[STDERR  ] 2019-04-17T23:38:24.060462696Z: [    0.085608] Last level dTLB entries: 4KB 0, 2MB 0, 4MB 0, 1GB 0
[STDERR  ] 2019-04-17T23:38:24.060483483Z: [    0.086198] Spectre V2 : Spectre mitigation: LFENCE not serializing, switching to generic retpoline
[STDERR  ] 2019-04-17T23:38:24.060510089Z: [    0.087062] Spectre V2 : Mitigation: Full generic retpoline
[STDERR  ] 2019-04-17T23:38:24.060530670Z: [    0.087569] Spectre V2 : Spectre v2 / SpectreRSB mitigation: Filling RSB on context switch
[STDERR  ] 2019-04-17T23:38:24.060551532Z: [    0.088139] Speculative Store Bypass: Vulnerable
[STDERR  ] 2019-04-17T23:38:24.060572349Z: [    0.256387] random: fast init done
[STDERR  ] 2019-04-17T23:38:24.060600531Z: [    0.426836] Freeing SMP alternatives memory: 20K
[STDERR  ] 2019-04-17T23:38:24.060621029Z: [    0.458371] smpboot: Max logical packages: 1
[STDERR  ] 2019-04-17T23:38:24.060641767Z: [    0.465000] ..TIMER: vector=0x30 apic1=0 pin1=2 apic2=-1 pin2=-1
[STDERR  ] 2019-04-17T23:38:24.060662772Z: [    0.475000] smpboot: CPU0: AMD QEMU Virtual CPU version 2.5+ (family: 0x6, model: 0x6, stepping: 0x3)
[STDERR  ] 2019-04-17T23:38:24.060684905Z: [    0.482902] Performance Events: PMU not available due to virtualization, using software events only.
[STDERR  ] 2019-04-17T23:38:24.060706266Z: [    0.487519] Hierarchical SRCU implementation.
[STDERR  ] 2019-04-17T23:38:24.060728355Z: [    0.493900] NMI watchdog: Perf event create on CPU 0 failed with -2
[STDERR  ] 2019-04-17T23:38:24.060752079Z: [    0.494067] NMI watchdog: Perf NMI watchdog permanently disabled
[STDERR  ] 2019-04-17T23:38:24.060774544Z: [    0.500280] smp: Bringing up secondary CPUs ...
[STDERR  ] 2019-04-17T23:38:24.060801365Z: [    0.500865] smp: Brought up 1 node, 1 CPU
[STDERR  ] 2019-04-17T23:38:24.060822227Z: [    0.501124] smpboot: Total of 1 processors activated (5199.46 BogoMIPS)
[STDERR  ] 2019-04-17T23:38:24.060853091Z: [    0.520496] devtmpfs: initialized
[STDERR  ] 2019-04-17T23:38:24.060874267Z: [    0.526179] x86/mm: Memory block size: 128MB
[STDERR  ] 2019-04-17T23:38:24.060895060Z: [    0.533735] evm: security.ima
[STDERR  ] 2019-04-17T23:38:24.060922536Z: [    0.534056] evm: security.capability
[STDERR  ] 2019-04-17T23:38:24.060949275Z: [    0.538571] clocksource: jiffies: mask: 0xffffffff max_cycles: 0xffffffff, max_idle_ns: 1911260446275000 ns
[STDERR  ] 2019-04-17T23:38:24.060970747Z: [    0.540072] futex hash table entries: 256 (order: 2, 16384 bytes)
[STDERR  ] 2019-04-17T23:38:24.060991601Z: [    0.553404] NET: Registered protocol family 16
[STDERR  ] 2019-04-17T23:38:24.061012422Z: [    0.561720] cpuidle: using governor ladder
[STDERR  ] 2019-04-17T23:38:24.061033195Z: [    0.562281] cpuidle: using governor menu
[STDERR  ] 2019-04-17T23:38:24.061057625Z: [    0.564798] ACPI: bus type PCI registered
[STDERR  ] 2019-04-17T23:38:24.061086614Z: [    0.568511] PCI: MMCONFIG for domain 0000 [bus 00-ff] at [mem 0xb0000000-0xbfffffff] (base 0xb0000000)
[STDERR  ] 2019-04-17T23:38:24.061107564Z: [    0.569390] PCI: MMCONFIG at [mem 0xb0000000-0xbfffffff] reserved in E820
[STDERR  ] 2019-04-17T23:38:24.061135560Z: [    0.571521] PCI: Using configuration type 1 for base access
[STDERR  ] 2019-04-17T23:38:24.061159541Z: [    0.638302] HugeTLB registered 2.00 MiB page size, pre-allocated 0 pages
[STDERR  ] 2019-04-17T23:38:24.061188315Z: [    0.650840] ACPI: Added _OSI(Module Device)
[STDERR  ] 2019-04-17T23:38:24.061213635Z: [    0.651078] ACPI: Added _OSI(Processor Device)
[STDERR  ] 2019-04-17T23:38:24.061243508Z: [    0.652044] ACPI: Added _OSI(3.0 _SCP Extensions)
[STDERR  ] 2019-04-17T23:38:24.061264495Z: [    0.652538] ACPI: Added _OSI(Processor Aggregator Device)
[STDERR  ] 2019-04-17T23:38:24.061285433Z: [    0.755208] ACPI: Interpreter enabled
[STDERR  ] 2019-04-17T23:38:24.061309727Z: [    0.757236] ACPI: (supports S0 S5)
[STDERR  ] 2019-04-17T23:38:24.061335647Z: [    0.757755] ACPI: Using IOAPIC for interrupt routing
[STDERR  ] 2019-04-17T23:38:24.061356690Z: [    0.760650] PCI: Using host bridge windows from ACPI; if necessary, use "pci=nocrs" and report a bug
[STDERR  ] 2019-04-17T23:38:24.061378659Z: [    0.765937] ACPI: Enabled 2 GPEs in block 00 to 3F
[STDERR  ] 2019-04-17T23:38:24.061399759Z: [    0.851145] ACPI: PCI Root Bridge [PCI0] (domain 0000 [bus 00-ff])
[STDERR  ] 2019-04-17T23:38:24.061426648Z: [    0.852443] acpi PNP0A08:00: _OSC: OS supports [ExtendedConfig ASPM ClockPM Segments MSI]
[STDERR  ] 2019-04-17T23:38:24.061453631Z: [    0.858231] acpi PNP0A08:00: _OSC: OS now controls [PCIeHotplug PME PCIeCapability]
[STDERR  ] 2019-04-17T23:38:24.061474641Z: [    0.862729] PCI host bridge to bus 0000:00
[STDERR  ] 2019-04-17T23:38:24.061495261Z: [    0.863271] pci_bus 0000:00: root bus resource [io  0x0000-0x0cf7 window]
[STDERR  ] 2019-04-17T23:38:24.061516173Z: [    0.864061] pci_bus 0000:00: root bus resource [io  0x0d00-0xffff window]
[STDERR  ] 2019-04-17T23:38:24.061537147Z: [    0.864623] pci_bus 0000:00: root bus resource [mem 0x000a0000-0x000bffff window]
[STDERR  ] 2019-04-17T23:38:24.061563665Z: [    0.865046] pci_bus 0000:00: root bus resource [mem 0xc0000000-0xfebfffff window]
[STDERR  ] 2019-04-17T23:38:24.061584487Z: [    0.866152] pci_bus 0000:00: root bus resource [bus 00-ff]
[STDERR  ] 2019-04-17T23:38:24.061605382Z: [    0.928643] pci 0000:00:1f.0: quirk: [io  0x0600-0x067f] claimed by ICH6 ACPI/GPIO/TCO
[STDERR  ] 2019-04-17T23:38:24.061626428Z: [    0.975361] ACPI: PCI Interrupt Link [LNKA] (IRQs 5 *10 11)
[STDERR  ] 2019-04-17T23:38:24.061647557Z: [    0.977760] ACPI: PCI Interrupt Link [LNKB] (IRQs 5 *10 11)
[STDERR  ] 2019-04-17T23:38:24.061668523Z: [    0.980138] ACPI: PCI Interrupt Link [LNKC] (IRQs 5 10 *11)
[STDERR  ] 2019-04-17T23:38:24.061689525Z: [    0.982410] ACPI: PCI Interrupt Link [LNKD] (IRQs 5 10 *11)
[STDERR  ] 2019-04-17T23:38:24.061710746Z: [    0.984648] ACPI: PCI Interrupt Link [LNKE] (IRQs 5 *10 11)
[STDERR  ] 2019-04-17T23:38:24.061745719Z: [    0.986765] ACPI: PCI Interrupt Link [LNKF] (IRQs 5 *10 11)
[STDERR  ] 2019-04-17T23:38:24.061766842Z: [    0.988881] ACPI: PCI Interrupt Link [LNKG] (IRQs 5 10 *11)
[STDERR  ] 2019-04-17T23:38:24.061795973Z: [    0.991263] ACPI: PCI Interrupt Link [LNKH] (IRQs 5 10 *11)
[STDERR  ] 2019-04-17T23:38:24.061821100Z: [    0.992392] ACPI: PCI Interrupt Link [GSIA] (IRQs *16)
[STDERR  ] 2019-04-17T23:38:24.061841887Z: [    0.993273] ACPI: PCI Interrupt Link [GSIB] (IRQs *17)
[STDERR  ] 2019-04-17T23:38:24.061862921Z: [    0.994152] ACPI: PCI Interrupt Link [GSIC] (IRQs *18)
[STDERR  ] 2019-04-17T23:38:24.061891867Z: [    0.994861] ACPI: PCI Interrupt Link [GSID] (IRQs *19)
[STDERR  ] 2019-04-17T23:38:24.061912911Z: [    0.995744] ACPI: PCI Interrupt Link [GSIE] (IRQs *20)
[STDERR  ] 2019-04-17T23:38:24.061941883Z: [    0.996332] ACPI: PCI Interrupt Link [GSIF] (IRQs *21)
[STDERR  ] 2019-04-17T23:38:24.061962884Z: [    0.997332] ACPI: PCI Interrupt Link [GSIG] (IRQs *22)
[STDERR  ] 2019-04-17T23:38:24.061991309Z: [    0.998296] ACPI: PCI Interrupt Link [GSIH] (IRQs *23)
[STDERR  ] 2019-04-17T23:38:24.062012162Z: [    1.008363] SCSI subsystem initialized
[STDERR  ] 2019-04-17T23:38:24.062033079Z: [    1.011636] ACPI: bus type USB registered
[STDERR  ] 2019-04-17T23:38:24.062053983Z: [    1.013202] usbcore: registered new interface driver usbfs
[STDERR  ] 2019-04-17T23:38:24.062074746Z: [    1.014318] usbcore: registered new interface driver hub
[STDERR  ] 2019-04-17T23:38:24.062100941Z: [    1.015340] usbcore: registered new device driver usb
[STDERR  ] 2019-04-17T23:38:24.062122006Z: [    1.016582] pps_core: LinuxPPS API ver. 1 registered
[STDERR  ] 2019-04-17T23:38:24.062151087Z: [    1.017049] pps_core: Software ver. 5.3.6 - Copyright 2005-2007 Rodolfo Giometti <giometti@linux.it>
[STDERR  ] 2019-04-17T23:38:24.062182466Z: [    1.018070] PTP clock support registered
[STDERR  ] 2019-04-17T23:38:24.062203479Z: [    1.020821] PCI: Using ACPI for IRQ routing
[STDERR  ] 2019-04-17T23:38:24.062234120Z: [    1.043274] NetLabel: Initializing
[STDERR  ] 2019-04-17T23:38:24.062275305Z: [    1.043634] NetLabel:  domain hash size = 128
[STDERR  ] 2019-04-17T23:38:24.062296743Z: [    1.044043] NetLabel:  protocols = UNLABELED CIPSOv4 CALIPSO
[STDERR  ] 2019-04-17T23:38:24.062317743Z: [    1.047156] NetLabel:  unlabeled traffic allowed by default
[STDERR  ] 2019-04-17T23:38:24.062346367Z: [    1.048497] HPET: 3 timers in total, 0 timers will be used for per-cpu timer
[STDERR  ] 2019-04-17T23:38:24.062374946Z: [    1.049344] hpet0: at MMIO 0xfed00000, IRQs 2, 8, 0
[STDERR  ] 2019-04-17T23:38:24.062395574Z: [    1.050080] hpet0: 3 comparators, 64-bit 100.000000 MHz counter
[STDERR  ] 2019-04-17T23:38:24.062416404Z: [    1.055539] clocksource: Switched to clocksource hpet
[STDERR  ] 2019-04-17T23:38:24.062437469Z: [    1.447692] VFS: Disk quotas dquot_6.6.0
[STDERR  ] 2019-04-17T23:38:24.062469180Z: [    1.448825] VFS: Dquot-cache hash table entries: 512 (order 0, 4096 bytes)
[STDERR  ] 2019-04-17T23:38:24.062493243Z: [    1.452782] FS-Cache: Loaded
[STDERR  ] 2019-04-17T23:38:24.062515356Z: [    1.459742] CacheFiles: Loaded
[STDERR  ] 2019-04-17T23:38:24.062536103Z: [    1.461366] pnp: PnP ACPI init
[STDERR  ] 2019-04-17T23:38:24.062562677Z: [    1.476457] pnp: PnP ACPI: found 5 devices
[STDERR  ] 2019-04-17T23:38:24.062583407Z: [    1.526278] clocksource: acpi_pm: mask: 0xffffff max_cycles: 0xffffff, max_idle_ns: 2085701024 ns
[STDERR  ] 2019-04-17T23:38:24.062604500Z: [    1.529921] NET: Registered protocol family 2
[STDERR  ] 2019-04-17T23:38:24.062625140Z: [    1.539984] TCP established hash table entries: 8192 (order: 4, 65536 bytes)
[STDERR  ] 2019-04-17T23:38:24.062646287Z: [    1.541389] TCP bind hash table entries: 8192 (order: 5, 131072 bytes)
[STDERR  ] 2019-04-17T23:38:24.062666939Z: [    1.543311] TCP: Hash tables configured (established 8192 bind 8192)
[STDERR  ] 2019-04-17T23:38:24.062687760Z: [    1.545900] UDP hash table entries: 512 (order: 2, 16384 bytes)
[STDERR  ] 2019-04-17T23:38:24.062708930Z: [    1.546890] UDP-Lite hash table entries: 512 (order: 2, 16384 bytes)
[STDERR  ] 2019-04-17T23:38:24.062736344Z: [    1.551371] NET: Registered protocol family 1
[STDERR  ] 2019-04-17T23:38:24.062756964Z: [    1.552733] pci 0000:00:01.0: Video device with shadowed ROM at [mem 0x000c0000-0x000dffff]
[STDERR  ] 2019-04-17T23:38:24.062783022Z: [    1.562015] Trying to unpack rootfs image as initramfs...
[STDERR  ] 2019-04-17T23:38:24.062803915Z: [    7.238474] Freeing initrd memory: 33656K
[STDERR  ] 2019-04-17T23:38:24.062827851Z: [    7.273672] PCLMULQDQ-NI instructions are not detected.
[STDERR  ] 2019-04-17T23:38:24.062848347Z: [    7.275687] AVX or AES-NI instructions are not detected.
[STDERR  ] 2019-04-17T23:38:24.062869342Z: [    7.276528] CPU feature 'AVX registers' is not supported.
[STDERR  ] 2019-04-17T23:38:24.062889875Z: [    7.277028] CPU feature 'AVX registers' is not supported.
[STDERR  ] 2019-04-17T23:38:24.062910925Z: [    7.277796] CPU feature 'AVX registers' is not supported.
[STDERR  ] 2019-04-17T23:38:24.062940592Z: [    7.278525] CPU feature 'AVX registers' is not supported.
[STDERR  ] 2019-04-17T23:38:24.062961523Z: [    7.279040] AVX2 or AES-NI instructions are not detected.
[STDERR  ] 2019-04-17T23:38:24.062983569Z: [    7.279697] AVX2 instructions are not detected.
[STDERR  ] 2019-04-17T23:38:24.063004985Z: [    7.286942] audit: initializing netlink subsys (disabled)
[STDERR  ] 2019-04-17T23:38:24.063025813Z: [    7.292597] audit: type=2000 audit(1555544266.288:1): state=initialized audit_enabled=0 res=1
[STDERR  ] 2019-04-17T23:38:24.063046880Z: [    7.297546] workingset: timestamp_bits=46 max_order=18 bucket_order=0
[STDERR  ] 2019-04-17T23:38:24.063067517Z: [    7.305750] squashfs: version 4.0 (2009/01/31) Phillip Lougher
[STDERR  ] 2019-04-17T23:38:24.063088652Z: [    7.309026] FS-Cache: Netfs 'cifs' registered for caching
[STDERR  ] 2019-04-17T23:38:24.063109355Z: [    7.311561] fuse init (API version 7.26)
[STDERR  ] 2019-04-17T23:38:24.063135694Z: [    7.314851] SGI XFS with ACLs, security attributes, no debug enabled
[STDERR  ] 2019-04-17T23:38:24.063156257Z: [    7.320359] 9p: Installing v9fs 9p2000 file system support
[STDERR  ] 2019-04-17T23:38:24.063185971Z: [    7.320979] FS-Cache: Netfs '9p' registered for caching
[STDERR  ] 2019-04-17T23:38:24.063210467Z: [    7.376314] NET: Registered protocol family 38
[STDERR  ] 2019-04-17T23:38:24.063243913Z: [    7.377234] Key type asymmetric registered
[STDERR  ] 2019-04-17T23:38:24.063264540Z: [    7.377699] Asymmetric key parser 'x509' registered
[STDERR  ] 2019-04-17T23:38:24.063285254Z: [    7.378897] Block layer SCSI generic (bsg) driver version 0.4 loaded (major 247)
[STDERR  ] 2019-04-17T23:38:24.063308956Z: [    7.381463] io scheduler noop registered
[STDERR  ] 2019-04-17T23:38:24.063329505Z: [    7.381860] io scheduler deadline registered (default)
[STDERR  ] 2019-04-17T23:38:24.063350072Z: [    7.383042] io scheduler cfq registered
[STDERR  ] 2019-04-17T23:38:24.063370469Z: [    7.383772] io scheduler mq-deadline registered
[STDERR  ] 2019-04-17T23:38:24.063391308Z: [    7.384282] io scheduler kyber registered
[STDERR  ] 2019-04-17T23:38:24.063411869Z: [    7.388816] shpchp: Standard Hot Plug PCI Controller Driver version: 0.4
[STDERR  ] 2019-04-17T23:38:24.063432808Z: [    7.390002] hv_vmbus: registering driver hyperv_fb
[STDERR  ] 2019-04-17T23:38:24.063453890Z: [    7.394702] input: Power Button as /devices/LNXSYSTM:00/LNXPWRBN:00/input/input0
[STDERR  ] 2019-04-17T23:38:24.063481637Z: [    7.398678] ACPI: Power Button [PWRF]
[STDERR  ] 2019-04-17T23:38:24.063504429Z: [    7.421698] ACPI: PCI Interrupt Link [GSIG] enabled at IRQ 22
[STDERR  ] 2019-04-17T23:38:24.063530379Z: [    7.438419] ACPI: PCI Interrupt Link [GSIH] enabled at IRQ 23
[STDERR  ] 2019-04-17T23:38:24.063555435Z: [    7.446454] Serial: 8250/16550 driver, 4 ports, IRQ sharing disabled
[STDERR  ] 2019-04-17T23:38:24.063576163Z: [    7.473729] 00:04: ttyS0 at I/O 0x3f8 (irq = 4, base_baud = 115200) is a 16550A
[STDERR  ] 2019-04-17T23:38:24.063600065Z: [    7.486985] Non-volatile memory driver v1.3
[STDERR  ] 2019-04-17T23:38:24.063631683Z: [    7.496792] Hangcheck: starting hangcheck timer 0.9.1 (tick is 180 seconds, margin is 60 seconds).
[STDERR  ] 2019-04-17T23:38:24.063655732Z: [    7.503804] random: crng init done
[STDERR  ] 2019-04-17T23:38:24.063679811Z: [    7.587891] brd: module loaded
[STDERR  ] 2019-04-17T23:38:24.063700400Z: [    7.627360] loop: module loaded
[STDERR  ] 2019-04-17T23:38:24.063727199Z: [    7.704990] lpc_ich 0000:00:1f.0: I/O space for GPIO uninitialized
[STDERR  ] 2019-04-17T23:38:24.063748102Z: [    7.707893] VMware PVSCSI driver - version 1.0.7.0-k
[STDERR  ] 2019-04-17T23:38:24.063769089Z: [    7.708796] hv_vmbus: registering driver hv_storvsc
[STDERR  ] 2019-04-17T23:38:24.063789959Z: [    7.722981] ACPI: PCI Interrupt Link [GSIA] enabled at IRQ 16
[STDERR  ] 2019-04-17T23:38:24.063816659Z: [    7.731716] ahci 0000:00:1f.2: AHCI 0001.0000 32 slots 6 ports 1.5 Gbps 0x3f impl SATA mode
[STDERR  ] 2019-04-17T23:38:24.063840934Z: [    7.732786] ahci 0000:00:1f.2: flags: 64bit ncq only 
[STDERR  ] 2019-04-17T23:38:24.063866993Z: [    7.753417] scsi host0: ahci
[STDERR  ] 2019-04-17T23:38:24.063887898Z: [    7.757643] scsi host1: ahci
[STDERR  ] 2019-04-17T23:38:24.063910030Z: [    7.760082] scsi host2: ahci
[STDERR  ] 2019-04-17T23:38:24.063930669Z: [    7.762609] scsi host3: ahci
[STDERR  ] 2019-04-17T23:38:24.063956558Z: [    7.764975] scsi host4: ahci
[STDERR  ] 2019-04-17T23:38:24.063977477Z: [    7.767465] scsi host5: ahci
[STDERR  ] 2019-04-17T23:38:24.063998025Z: [    7.769287] ata1: SATA max UDMA/133 abar m4096@0xfebd2000 port 0xfebd2100 irq 24
[STDERR  ] 2019-04-17T23:38:24.064026466Z: [    7.769925] ata2: SATA max UDMA/133 abar m4096@0xfebd2000 port 0xfebd2180 irq 24
[STDERR  ] 2019-04-17T23:38:24.064052811Z: [    7.770640] ata3: SATA max UDMA/133 abar m4096@0xfebd2000 port 0xfebd2200 irq 24
[STDERR  ] 2019-04-17T23:38:24.064073503Z: [    7.771458] ata4: SATA max UDMA/133 abar m4096@0xfebd2000 port 0xfebd2280 irq 24
[STDERR  ] 2019-04-17T23:38:24.064094407Z: [    7.772010] ata5: SATA max UDMA/133 abar m4096@0xfebd2000 port 0xfebd2300 irq 24
[STDERR  ] 2019-04-17T23:38:24.064115236Z: [    7.772674] ata6: SATA max UDMA/133 abar m4096@0xfebd2000 port 0xfebd2380 irq 24
[STDERR  ] 2019-04-17T23:38:24.064135944Z: [    7.789507] tun: Universal TUN/TAP device driver, 1.6
[STDERR  ] 2019-04-17T23:38:24.064177557Z: [    7.803038] VMware vmxnet3 virtual NIC driver - version 1.4.a.0-k-NAPI
[STDERR  ] 2019-04-17T23:38:24.064198613Z: [    7.804365] hv_vmbus: registering driver hv_netvsc
[STDERR  ] 2019-04-17T23:38:24.064228702Z: [    7.804792] Fusion MPT base driver 3.04.20
[STDERR  ] 2019-04-17T23:38:24.064251004Z: [    7.805307] Copyright (c) 1999-2008 LSI Corporation
[STDERR  ] 2019-04-17T23:38:24.064277325Z: [    7.805888] Fusion MPT SPI Host driver 3.04.20
[STDERR  ] 2019-04-17T23:38:24.064298010Z: [    7.808644] i8042: PNP: PS/2 Controller [PNP0303:KBD,PNP0f13:MOU] at 0x60,0x64 irq 1,12
[STDERR  ] 2019-04-17T23:38:24.064324326Z: [    7.814471] serio: i8042 KBD port at 0x60,0x64 irq 1
[STDERR  ] 2019-04-17T23:38:24.064345161Z: [    7.815461] serio: i8042 AUX port at 0x60,0x64 irq 12
[STDERR  ] 2019-04-17T23:38:24.064365895Z: [    7.818883] hv_vmbus: registering driver hyperv_keyboard
[STDERR  ] 2019-04-17T23:38:24.064386806Z: [    7.821805] mousedev: PS/2 mouse device common for all mice
[STDERR  ] 2019-04-17T23:38:24.064407780Z: [    7.828558] input: PC Speaker as /devices/platform/pcspkr/input/input2
[STDERR  ] 2019-04-17T23:38:24.064428677Z: [    7.830716] input: AT Translated Set 2 keyboard as /devices/platform/i8042/serio0/input/input1
[STDERR  ] 2019-04-17T23:38:24.064449597Z: [    7.835445] rtc_cmos 00:00: RTC can wake from S4
[STDERR  ] 2019-04-17T23:38:24.064470789Z: [    7.842008] rtc_cmos 00:00: rtc core: registered rtc_cmos as rtc0
[STDERR  ] 2019-04-17T23:38:24.064500305Z: [    7.844062] rtc_cmos 00:00: alarms up to one day, y3k, 114 bytes nvram, hpet irqs
[STDERR  ] 2019-04-17T23:38:24.064524833Z: [    7.845477] i2c /dev entries driver
[STDERR  ] 2019-04-17T23:38:24.064551470Z: [    7.848063] device-mapper: ioctl: 4.37.0-ioctl (2017-09-20) initialised: dm-devel@redhat.com
[STDERR  ] 2019-04-17T23:38:24.064577542Z: [    7.854881] usbcore: registered new interface driver usbhid
[STDERR  ] 2019-04-17T23:38:24.064598673Z: [    7.855582] usbhid: USB HID core driver
[STDERR  ] 2019-04-17T23:38:24.064619372Z: [    7.856556] hv_utils: Registering HyperV Utility Driver
[STDERR  ] 2019-04-17T23:38:24.064640458Z: [    7.857013] hv_vmbus: registering driver hv_util
[STDERR  ] 2019-04-17T23:38:24.064661265Z: [    7.857514] hv_vmbus: registering driver hv_balloon
[STDERR  ] 2019-04-17T23:38:24.064683173Z: [    7.858432] oprofile: using NMI interrupt.
[STDERR  ] 2019-04-17T23:38:24.064703871Z: [    7.860628] GACT probability on
[STDERR  ] 2019-04-17T23:38:24.064734012Z: [    7.861228] Mirror/redirect action on
[STDERR  ] 2019-04-17T23:38:24.064754626Z: [    7.861831] Simple TC action Loaded
[STDERR  ] 2019-04-17T23:38:24.064775069Z: [    7.862563] u32 classifier
[STDERR  ] 2019-04-17T23:38:24.064795728Z: [    7.862855]     Performance counters on
[STDERR  ] 2019-04-17T23:38:24.064816395Z: [    7.863496]     input device check on
[STDERR  ] 2019-04-17T23:38:24.064839606Z: [    7.863864]     Actions configured
[STDERR  ] 2019-04-17T23:38:24.064860376Z: [    7.864975] Netfilter messages via NETLINK v0.30.
[STDERR  ] 2019-04-17T23:38:24.064885885Z: [    7.866447] nfnl_acct: registering with nfnetlink.
[STDERR  ] 2019-04-17T23:38:24.064906728Z: [    7.868305] nf_conntrack version 0.5.0 (8192 buckets, 32768 max)
[STDERR  ] 2019-04-17T23:38:24.064927739Z: [    7.871623] ctnetlink v0.93: registering with nfnetlink.
[STDERR  ] 2019-04-17T23:38:24.064948545Z: [    7.876062] nf_tables: (c) 2007-2009 Patrick McHardy <kaber@trash.net>
[STDERR  ] 2019-04-17T23:38:24.064973124Z: [    7.877544] nf_tables_compat: (c) 2012 Pablo Neira Ayuso <pablo@netfilter.org>
[STDERR  ] 2019-04-17T23:38:24.064993996Z: [    7.880980] xt_time: kernel timezone is -0000
[STDERR  ] 2019-04-17T23:38:24.065017705Z: [    7.881842] ip_set: protocol 6
[STDERR  ] 2019-04-17T23:38:24.065040052Z: [    7.883103] ipip: IPv4 and MPLS over IPv4 tunneling driver
[STDERR  ] 2019-04-17T23:38:24.065063824Z: [    7.888709] gre: GRE over IPv4 demultiplexor driver
[STDERR  ] 2019-04-17T23:38:24.065084574Z: [    7.892752] ip_tables: (C) 2000-2006 Netfilter Core Team
[STDERR  ] 2019-04-17T23:38:24.065114531Z: [    7.899965] arp_tables: arp_tables: (C) 2002 David S. Miller
[STDERR  ] 2019-04-17T23:38:24.065135441Z: [    7.903095] NET: Registered protocol family 10
[STDERR  ] 2019-04-17T23:38:24.065156433Z: [    7.916011] Segment Routing with IPv6
[STDERR  ] 2019-04-17T23:38:24.065185214Z: [    7.917520] ip6_tables: (C) 2000-2006 Netfilter Core Team
[STDERR  ] 2019-04-17T23:38:24.065212429Z: [    7.929521] NET: Registered protocol family 17
[STDERR  ] 2019-04-17T23:38:24.065236314Z: [    7.930980] Bridge firewalling registered
[STDERR  ] 2019-04-17T23:38:24.065257088Z: [    7.931984] 8021q: 802.1Q VLAN Support v1.8
[STDERR  ] 2019-04-17T23:38:24.065277716Z: [    7.934331] 9pnet: Installing 9P2000 support
[STDERR  ] 2019-04-17T23:38:24.065298230Z: [    7.936631] Key type dns_resolver registered
[STDERR  ] 2019-04-17T23:38:24.065318583Z: [    7.938955] NET: Registered protocol family 40
[STDERR  ] 2019-04-17T23:38:24.065342948Z: [    7.940431] sched_clock: Marking stable (7940096150, 0)->(8201612439, -261516289)
[STDERR  ] 2019-04-17T23:38:24.065363739Z: [    7.945490] registered taskstats version 1
[STDERR  ] 2019-04-17T23:38:24.065384419Z: [    8.088629] ata2: SATA link down (SStatus 0 SControl 300)
[STDERR  ] 2019-04-17T23:38:24.065408214Z: [    8.091533] ata1: SATA link down (SStatus 0 SControl 300)
[STDERR  ] 2019-04-17T23:38:24.065430099Z: [    8.092772] ata3: SATA link up 1.5 Gbps (SStatus 113 SControl 300)
[STDERR  ] 2019-04-17T23:38:24.065458592Z: [    8.097741] ata5: SATA link down (SStatus 0 SControl 300)
[STDERR  ] 2019-04-17T23:38:24.065479385Z: [    8.098756] ata4: SATA link down (SStatus 0 SControl 300)
[STDERR  ] 2019-04-17T23:38:24.065505190Z: [    8.101137] ata3.00: ATAPI: QEMU DVD-ROM, 2.5+, max UDMA/100
[STDERR  ] 2019-04-17T23:38:24.065531914Z: [    8.101924] ata3.00: applying bridge limits
[STDERR  ] 2019-04-17T23:38:24.065554207Z: [    8.105043] ata6: SATA link down (SStatus 0 SControl 300)
[STDERR  ] 2019-04-17T23:38:24.065575259Z: [    8.110265] ata3.00: configured for UDMA/100
[STDERR  ] 2019-04-17T23:38:24.065606787Z: [    8.138973] scsi 2:0:0:0: CD-ROM            QEMU     QEMU DVD-ROM     2.5+ PQ: 0 ANSI: 5
[STDERR  ] 2019-04-17T23:38:24.065637230Z: [    8.170881] sr 2:0:0:0: [sr0] scsi3-mmc drive: 4x/4x cd/rw xa/form2 tray
[STDERR  ] 2019-04-17T23:38:24.065657910Z: [    8.172186] cdrom: Uniform CD-ROM driver Revision: 3.20
[STDERR  ] 2019-04-17T23:38:24.065678696Z: [    8.186690] sr 2:0:0:0: Attached scsi generic sg0 type 5
[STDERR  ] 2019-04-17T23:38:24.065706180Z: [    8.288562] tsc: Refined TSC clocksource calibration: 2599.831 MHz
[STDERR  ] 2019-04-17T23:38:24.065728749Z: [    8.289628] clocksource: tsc: mask: 0xffffffffffffffff max_cycles: 0x25799c6900f, max_idle_ns: 440795264355 ns
[STDERR  ] 2019-04-17T23:38:24.065749753Z: [    8.333821] Key type big_key registered
[STDERR  ] 2019-04-17T23:38:24.065770070Z: [    8.453395] Key type trusted registered
[STDERR  ] 2019-04-17T23:38:24.065790690Z: [    8.579364] Key type encrypted registered
[STDERR  ] 2019-04-17T23:38:24.065811342Z: [    8.580495] ima: No TPM chip found, activating TPM-bypass! (rc=-19)
[STDERR  ] 2019-04-17T23:38:24.065832138Z: [    8.581536] ima: Allocated hash algorithm: sha256
[STDERR  ] 2019-04-17T23:38:24.065852993Z: [    8.585955] evm: HMAC attrs: 0x1
[STDERR  ] 2019-04-17T23:38:24.065877109Z: [    8.593463] rtc_cmos 00:00: setting system clock to 2019-04-17 23:37:48 UTC (1555544268)
[STDERR  ] 2019-04-17T23:38:24.065903433Z: [    8.770658] Freeing unused kernel memory: 1528K
[STDERR  ] 2019-04-17T23:38:24.065924251Z: [    8.772823] Write protecting the kernel read-only data: 18432k
[STDERR  ] 2019-04-17T23:38:24.065945388Z: [    8.792750] Freeing unused kernel memory: 2024K
[STDERR  ] 2019-04-17T23:38:24.065973680Z: [    8.905480] Freeing unused kernel memory: 1124K
[STDERR  ] 2019-04-17T23:38:24.065995216Z: [    9.299909] clocksource: Switched to clocksource tsc
[STDERR  ] 2019-04-17T23:38:24.066021206Z: 
[STDERR  ] 2019-04-17T23:38:24.066042422Z: Welcome to LinuxKit
[STDERR  ] 2019-04-17T23:38:24.066075889Z: 
[STDERR  ] 2019-04-17T23:38:24.066096479Z:                         ##         .
[STDERR  ] 2019-04-17T23:38:24.066117513Z:                   ## ## ##        ==
[STDERR  ] 2019-04-17T23:38:24.066143382Z:                ## ## ## ## ##    ===
[STDERR  ] 2019-04-17T23:38:24.066170881Z:            /"""""""""""""""""\___/ ===
[STDERR  ] 2019-04-17T23:38:24.066191662Z:           {                       /  ===-
[STDERR  ] 2019-04-17T23:38:24.066219934Z:            \______ O           __/
[STDERR  ] 2019-04-17T23:38:24.066295938Z:              \    \         __/
[STDERR  ] 2019-04-17T23:38:24.066325183Z:               \____\_______/
[STDERR  ] 2019-04-17T23:38:24.066347635Z: 
[STDERR  ] 2019-04-17T23:38:24.066368185Z: [   36.629530] hello_world: loading out-of-tree module taints kernel.
[STDERR  ] 2019-04-17T23:38:24.066389271Z: [   36.642546] Hello LinuxKit
[STDERR  ] 2019-04-17T23:38:24.066409807Z: [   36.830995] Goodbye LinuxKit.
[STDERR  ] 2019-04-17T23:38:24.066435208Z: Linux linuxkit-7e48d15b2f05 4.14.111-linuxkit #1 SMP Wed Apr 17 08:55:59 UTC 2019 x86_64 Linux
[STDERR  ] 2019-04-17T23:38:24.066461757Z: filename:       hello_world.ko
[STDERR  ] 2019-04-17T23:38:24.066482468Z: author:         Rolf Neugebauer <rolf.neugebauer@docker.com>
[STDERR  ] 2019-04-17T23:38:24.066503249Z: description:    A simple Hello World kernel module for testing
[STDERR  ] 2019-04-17T23:38:24.066524076Z: license:        GPL
[STDERR  ] 2019-04-17T23:38:24.066562055Z: depends:        
[STDERR  ] 2019-04-17T23:38:24.066588673Z: vermagic:       4.14.111-linuxkit SMP mod_unload modversions RANDSTRUCT_PLUGIN_643f9cda3415e69d3adf54fa31d61122d10bd905d0b6fa32b5846e0d321717fd
[STDERR  ] 2019-04-17T23:38:24.066617054Z: Kernel module test suite PASSED
[STDERR  ] 2019-04-17T23:38:24.066643802Z: [   43.942551] ACPI: Preparing to enter system sleep state S5
[STDERR  ] 2019-04-17T23:38:24.066668063Z: [   43.944445] reboot: Power down
[STDERR  ] 2019-04-17T23:38:24.066694018Z: + grep -q Hello LinuxKit
[STDERR  ] 2019-04-17T23:38:24.066716329Z: + echo [    0.000000] Linux version 4.14.111-linuxkit (root@32506204a421) (gcc version 8.3.0 (Alpine 8.3.0)) #1 SMP Wed Apr 17 08:55:59 UTC 2019
[STDERR  ] 2019-04-17T23:38:24.066741461Z: [    0.000000] Command line: console=ttyS0 console=ttyAMA0
[STDERR  ] 2019-04-17T23:38:24.066768054Z: [    0.000000] x86/fpu: x87 FPU will use FXSAVE
[STDERR  ] 2019-04-17T23:38:24.066788955Z: [    0.000000] e820: BIOS-provided physical RAM map:
[STDERR  ] 2019-04-17T23:38:24.066810116Z: [    0.000000] BIOS-e820: [mem 0x0000000000000000-0x000000000009fbff] usable
[STDERR  ] 2019-04-17T23:38:24.066831818Z: [    0.000000] BIOS-e820: [mem 0x000000000009fc00-0x000000000009ffff] reserved
[STDERR  ] 2019-04-17T23:38:24.066852871Z: [    0.000000] BIOS-e820: [mem 0x00000000000f0000-0x00000000000fffff] reserved
[STDERR  ] 2019-04-17T23:38:24.066896332Z: [    0.000000] BIOS-e820: [mem 0x0000000000100000-0x000000003ffdefff] usable
[STDERR  ] 2019-04-17T23:38:24.066930989Z: [    0.000000] BIOS-e820: [mem 0x000000003ffdf000-0x000000003fffffff] reserved
[STDERR  ] 2019-04-17T23:38:24.066952150Z: [    0.000000] BIOS-e820: [mem 0x00000000b0000000-0x00000000bfffffff] reserved
[STDERR  ] 2019-04-17T23:38:24.066973055Z: [    0.000000] BIOS-e820: [mem 0x00000000fed1c000-0x00000000fed1ffff] reserved
[STDERR  ] 2019-04-17T23:38:24.066993588Z: [    0.000000] BIOS-e820: [mem 0x00000000fffc0000-0x00000000ffffffff] reserved
[STDERR  ] 2019-04-17T23:38:24.067014334Z: [    0.000000] NX (Execute Disable) protection: active
[STDERR  ] 2019-04-17T23:38:24.067035492Z: [    0.000000] SMBIOS 2.8 present.
[STDERR  ] 2019-04-17T23:38:24.067056306Z: [    0.000000] DMI: QEMU Standard PC (Q35 + ICH9, 2009), BIOS rel-1.10.2-0-g5f4c7b1-prebuilt.qemu-project.org 04/01/2014
[STDERR  ] 2019-04-17T23:38:24.067078399Z: [    0.000000] tsc: Fast TSC calibration using PIT
[STDERR  ] 2019-04-17T23:38:24.067099244Z: [    0.000000] e820: last_pfn = 0x3ffdf max_arch_pfn = 0x400000000
[STDERR  ] 2019-04-17T23:38:24.067123004Z: [    0.000000] x86/PAT: Configuration [0-7]: WB  WC  UC- UC  WB  WP  UC- WT  
[STDERR  ] 2019-04-17T23:38:24.067150002Z: [    0.000000] found SMP MP-table at [mem 0x000f6aa0-0x000f6aaf] mapped at [ffffffffff200aa0]
[STDERR  ] 2019-04-17T23:38:24.067185159Z: [    0.000000] RAMDISK: [mem 0x3def2000-0x3ffcffff]
[STDERR  ] 2019-04-17T23:38:24.067213396Z: [    0.000000] ACPI: Early table checksum verification disabled
[STDERR  ] 2019-04-17T23:38:24.067234087Z: [    0.000000] ACPI: RSDP 0x00000000000F68C0 000014 (v00 BOCHS )
[STDERR  ] 2019-04-17T23:38:24.067263681Z: [    0.000000] ACPI: RSDT 0x000000003FFE2404 000034 (v01 BOCHS  BXPCRSDT 00000001 BXPC 00000001)
[STDERR  ] 2019-04-17T23:38:24.067285261Z: [    0.000000] ACPI: FACP 0x000000003FFE22A4 000074 (v01 BOCHS  BXPCFACP 00000001 BXPC 00000001)
[STDERR  ] 2019-04-17T23:38:24.067316801Z: [    0.000000] ACPI: DSDT 0x000000003FFE0040 002264 (v01 BOCHS  BXPCDSDT 00000001 BXPC 00000001)
[STDERR  ] 2019-04-17T23:38:24.067343171Z: [    0.000000] ACPI: FACS 0x000000003FFE0000 000040
[STDERR  ] 2019-04-17T23:38:24.067363724Z: [    0.000000] ACPI: APIC 0x000000003FFE2318 000078 (v01 BOCHS  BXPCAPIC 00000001 BXPC 00000001)
[STDERR  ] 2019-04-17T23:38:24.067389684Z: [    0.000000] ACPI: HPET 0x000000003FFE2390 000038 (v01 BOCHS  BXPCHPET 00000001 BXPC 00000001)
[STDERR  ] 2019-04-17T23:38:24.067410832Z: [    0.000000] ACPI: MCFG 0x000000003FFE23C8 00003C (v01 BOCHS  BXPCMCFG 00000001 BXPC 00000001)
[STDERR  ] 2019-04-17T23:38:24.067431609Z: [    0.000000] Zone ranges:
[STDERR  ] 2019-04-17T23:38:24.067452478Z: [    0.000000]   DMA      [mem 0x0000000000001000-0x0000000000ffffff]
[STDERR  ] 2019-04-17T23:38:24.067473069Z: [    0.000000]   DMA32    [mem 0x0000000001000000-0x000000003ffdefff]
[STDERR  ] 2019-04-17T23:38:24.067504948Z: [    0.000000]   Normal   empty
[STDERR  ] 2019-04-17T23:38:24.067526058Z: [    0.000000]   Device   empty
[STDERR  ] 2019-04-17T23:38:24.067546751Z: [    0.000000] Movable zone start for each node
[STDERR  ] 2019-04-17T23:38:24.067567232Z: [    0.000000] Early memory node ranges
[STDERR  ] 2019-04-17T23:38:24.067587582Z: [    0.000000]   node   0: [mem 0x0000000000001000-0x000000000009efff]
[STDERR  ] 2019-04-17T23:38:24.067608629Z: [    0.000000]   node   0: [mem 0x0000000000100000-0x000000003ffdefff]
[STDERR  ] 2019-04-17T23:38:24.067629535Z: [    0.000000] Initmem setup node 0 [mem 0x0000000000001000-0x000000003ffdefff]
[STDERR  ] 2019-04-17T23:38:24.067652645Z: [    0.000000] ACPI: PM-Timer IO Port: 0x608
[STDERR  ] 2019-04-17T23:38:24.067673481Z: [    0.000000] ACPI: LAPIC_NMI (acpi_id[0xff] dfl dfl lint[0x1])
[STDERR  ] 2019-04-17T23:38:24.067694108Z: [    0.000000] IOAPIC[0]: apic_id 0, version 32, address 0xfec00000, GSI 0-23
[STDERR  ] 2019-04-17T23:38:24.067716192Z: [    0.000000] ACPI: INT_SRC_OVR (bus 0 bus_irq 0 global_irq 2 dfl dfl)
[STDERR  ] 2019-04-17T23:38:24.067741527Z: [    0.000000] ACPI: INT_SRC_OVR (bus 0 bus_irq 5 global_irq 5 high level)
[STDERR  ] 2019-04-17T23:38:24.067762440Z: [    0.000000] ACPI: INT_SRC_OVR (bus 0 bus_irq 9 global_irq 9 high level)
[STDERR  ] 2019-04-17T23:38:24.067783209Z: [    0.000000] ACPI: INT_SRC_OVR (bus 0 bus_irq 10 global_irq 10 high level)
[STDERR  ] 2019-04-17T23:38:24.067804198Z: [    0.000000] ACPI: INT_SRC_OVR (bus 0 bus_irq 11 global_irq 11 high level)
[STDERR  ] 2019-04-17T23:38:24.067825029Z: [    0.000000] Using ACPI (MADT) for SMP configuration information
[STDERR  ] 2019-04-17T23:38:24.067845687Z: [    0.000000] ACPI: HPET id: 0x8086a201 base: 0xfed00000
[STDERR  ] 2019-04-17T23:38:24.067866692Z: [    0.000000] smpboot: Allowing 1 CPUs, 0 hotplug CPUs
[STDERR  ] 2019-04-17T23:38:24.067892110Z: [    0.000000] e820: [mem 0x40000000-0xafffffff] available for PCI devices
[STDERR  ] 2019-04-17T23:38:24.067913061Z: [    0.000000] Booting paravirtualized kernel on bare hardware
[STDERR  ] 2019-04-17T23:38:24.067939525Z: [    0.000000] clocksource: refined-jiffies: mask: 0xffffffff max_cycles: 0xffffffff, max_idle_ns: 1910969940391419 ns
[STDERR  ] 2019-04-17T23:38:24.067960756Z: [    0.000000] random: get_random_bytes called from start_kernel+0x91/0x4b2 with crng_init=0
[STDERR  ] 2019-04-17T23:38:24.067992737Z: [    0.000000] setup_percpu: NR_CPUS:128 nr_cpumask_bits:128 nr_cpu_ids:1 nr_node_ids:1
[STDERR  ] 2019-04-17T23:38:24.068013834Z: [    0.000000] percpu: Embedded 45 pages/cpu @ffff92593dc00000 s144216 r8192 d31912 u2097152
[STDERR  ] 2019-04-17T23:38:24.068037186Z: [    0.000000] Built 1 zonelists, mobility grouping on.  Total pages: 257896
[STDERR  ] 2019-04-17T23:38:24.068058184Z: [    0.000000] Kernel command line: console=ttyS0 console=ttyAMA0
[STDERR  ] 2019-04-17T23:38:24.068079519Z: [    0.000000] PID hash table entries: 4096 (order: 3, 32768 bytes)
[STDERR  ] 2019-04-17T23:38:24.068109329Z: [    0.000000] Dentry cache hash table entries: 131072 (order: 8, 1048576 bytes)
[STDERR  ] 2019-04-17T23:38:24.068130329Z: [    0.000000] Inode-cache hash table entries: 65536 (order: 7, 524288 bytes)
[STDERR  ] 2019-04-17T23:38:24.068156144Z: [    0.000000] Memory: 971240K/1048052K available (12300K kernel code, 1453K rwdata, 2972K rodata, 1528K init, 580K bss, 76812K reserved, 0K cma-reserved)
[STDERR  ] 2019-04-17T23:38:24.068185185Z: [    0.000000] ftrace: allocating 40663 entries in 159 pages
[STDERR  ] 2019-04-17T23:38:24.068216602Z: [    0.000000] Hierarchical RCU implementation.
[STDERR  ] 2019-04-17T23:38:24.068237526Z: [    0.000000] 	RCU restricting CPUs from NR_CPUS=128 to nr_cpu_ids=1.
[STDERR  ] 2019-04-17T23:38:24.068258394Z: [    0.000000] RCU: Adjusting geometry for rcu_fanout_leaf=16, nr_cpu_ids=1
[STDERR  ] 2019-04-17T23:38:24.068279230Z: [    0.000000] NR_IRQS: 8448, nr_irqs: 256, preallocated irqs: 16
[STDERR  ] 2019-04-17T23:38:24.068299901Z: [    0.000000] Console: colour VGA+ 80x25
[STDERR  ] 2019-04-17T23:38:24.068326047Z: [    0.000000] console [ttyS0] enabled
[STDERR  ] 2019-04-17T23:38:24.068352126Z: [    0.000000] clocksource: hpet: mask: 0xffffffff max_cycles: 0xffffffff, max_idle_ns: 19112604467 ns
[STDERR  ] 2019-04-17T23:38:24.068373627Z: [    0.003000] tsc: Fast TSC calibration using PIT
[STDERR  ] 2019-04-17T23:38:24.068394373Z: [    0.004000] tsc: Detected 2599.734 MHz processor
[STDERR  ] 2019-04-17T23:38:24.068415116Z: [    0.007533] Calibrating delay loop (skipped), value calculated using timer frequency.. 5199.46 BogoMIPS (lpj=2599734)
[STDERR  ] 2019-04-17T23:38:24.068441354Z: [    0.009164] pid_max: default: 32768 minimum: 301
[STDERR  ] 2019-04-17T23:38:24.068466238Z: [    0.010364] ACPI: Core revision 20170728
[STDERR  ] 2019-04-17T23:38:24.068489402Z: [    0.053496] ACPI: 1 ACPI AML tables successfully acquired and loaded
[STDERR  ] 2019-04-17T23:38:24.068515655Z: [    0.058467] Security Framework initialized
[STDERR  ] 2019-04-17T23:38:24.068536151Z: [    0.059139] Yama: becoming mindful.
[STDERR  ] 2019-04-17T23:38:24.068561251Z: [    0.061789] Mount-cache hash table entries: 2048 (order: 2, 16384 bytes)
[STDERR  ] 2019-04-17T23:38:24.068582084Z: [    0.062095] Mountpoint-cache hash table entries: 2048 (order: 2, 16384 bytes)
[STDERR  ] 2019-04-17T23:38:24.068602898Z: [    0.084978] Last level iTLB entries: 4KB 0, 2MB 0, 4MB 0
[STDERR  ] 2019-04-17T23:38:24.068630182Z: [    0.085608] Last level dTLB entries: 4KB 0, 2MB 0, 4MB 0, 1GB 0
[STDERR  ] 2019-04-17T23:38:24.068656583Z: [    0.086198] Spectre V2 : Spectre mitigation: LFENCE not serializing, switching to generic retpoline
[STDERR  ] 2019-04-17T23:38:24.068678155Z: [    0.087062] Spectre V2 : Mitigation: Full generic retpoline
[STDERR  ] 2019-04-17T23:38:24.068698916Z: [    0.087569] Spectre V2 : Spectre v2 / SpectreRSB mitigation: Filling RSB on context switch
[STDERR  ] 2019-04-17T23:38:24.068721158Z: [    0.088139] Speculative Store Bypass: Vulnerable
[STDERR  ] 2019-04-17T23:38:24.068747647Z: [    0.256387] random: fast init done
[STDERR  ] 2019-04-17T23:38:24.068768127Z: [    0.426836] Freeing SMP alternatives memory: 20K
[STDERR  ] 2019-04-17T23:38:24.068793375Z: [    0.458371] smpboot: Max logical packages: 1
[STDERR  ] 2019-04-17T23:38:24.068814077Z: [    0.465000] ..TIMER: vector=0x30 apic1=0 pin1=2 apic2=-1 pin2=-1
[STDERR  ] 2019-04-17T23:38:24.068839929Z: [    0.475000] smpboot: CPU0: AMD QEMU Virtual CPU version 2.5+ (family: 0x6, model: 0x6, stepping: 0x3)
[STDERR  ] 2019-04-17T23:38:24.068861027Z: [    0.482902] Performance Events: PMU not available due to virtualization, using software events only.
[STDERR  ] 2019-04-17T23:38:24.068885155Z: [    0.487519] Hierarchical SRCU implementation.
[STDERR  ] 2019-04-17T23:38:24.068905703Z: [    0.493900] NMI watchdog: Perf event create on CPU 0 failed with -2
[STDERR  ] 2019-04-17T23:38:24.068926462Z: [    0.494067] NMI watchdog: Perf NMI watchdog permanently disabled
[STDERR  ] 2019-04-17T23:38:24.068947026Z: [    0.500280] smp: Bringing up secondary CPUs ...
[STDERR  ] 2019-04-17T23:38:24.068970926Z: [    0.500865] smp: Brought up 1 node, 1 CPU
[STDERR  ] 2019-04-17T23:38:24.068991995Z: [    0.501124] smpboot: Total of 1 processors activated (5199.46 BogoMIPS)
[STDERR  ] 2019-04-17T23:38:24.069012780Z: [    0.520496] devtmpfs: initialized
[STDERR  ] 2019-04-17T23:38:24.069038855Z: [    0.526179] x86/mm: Memory block size: 128MB
[STDERR  ] 2019-04-17T23:38:24.069059803Z: [    0.533735] evm: security.ima
[STDERR  ] 2019-04-17T23:38:24.069081099Z: [    0.534056] evm: security.capability
[STDERR  ] 2019-04-17T23:38:24.069101716Z: [    0.538571] clocksource: jiffies: mask: 0xffffffff max_cycles: 0xffffffff, max_idle_ns: 1911260446275000 ns
[STDERR  ] 2019-04-17T23:38:24.069122776Z: [    0.540072] futex hash table entries: 256 (order: 2, 16384 bytes)
[STDERR  ] 2019-04-17T23:38:24.069143338Z: [    0.553404] NET: Registered protocol family 16
[STDERR  ] 2019-04-17T23:38:24.069169416Z: [    0.561720] cpuidle: using governor ladder
[STDERR  ] 2019-04-17T23:38:24.069202368Z: [    0.562281] cpuidle: using governor menu
[STDERR  ] 2019-04-17T23:38:24.069230791Z: [    0.564798] ACPI: bus type PCI registered
[STDERR  ] 2019-04-17T23:38:24.069251432Z: [    0.568511] PCI: MMCONFIG for domain 0000 [bus 00-ff] at [mem 0xb0000000-0xbfffffff] (base 0xb0000000)
[STDERR  ] 2019-04-17T23:38:24.069275554Z: [    0.569390] PCI: MMCONFIG at [mem 0xb0000000-0xbfffffff] reserved in E820
[STDERR  ] 2019-04-17T23:38:24.069296343Z: [    0.571521] PCI: Using configuration type 1 for base access
[STDERR  ] 2019-04-17T23:38:24.069317154Z: [    0.638302] HugeTLB registered 2.00 MiB page size, pre-allocated 0 pages
[STDERR  ] 2019-04-17T23:38:24.069341547Z: [    0.650840] ACPI: Added _OSI(Module Device)
[STDERR  ] 2019-04-17T23:38:24.069365123Z: [    0.651078] ACPI: Added _OSI(Processor Device)
[STDERR  ] 2019-04-17T23:38:24.069385668Z: [    0.652044] ACPI: Added _OSI(3.0 _SCP Extensions)
[STDERR  ] 2019-04-17T23:38:24.069406309Z: [    0.652538] ACPI: Added _OSI(Processor Aggregator Device)
[STDERR  ] 2019-04-17T23:38:24.069427162Z: [    0.755208] ACPI: Interpreter enabled
[STDERR  ] 2019-04-17T23:38:24.069453857Z: [    0.757236] ACPI: (supports S0 S5)
[STDERR  ] 2019-04-17T23:38:24.069474406Z: [    0.757755] ACPI: Using IOAPIC for interrupt routing
[STDERR  ] 2019-04-17T23:38:24.069498102Z: [    0.760650] PCI: Using host bridge windows from ACPI; if necessary, use "pci=nocrs" and report a bug
[STDERR  ] 2019-04-17T23:38:24.069524200Z: [    0.765937] ACPI: Enabled 2 GPEs in block 00 to 3F
[STDERR  ] 2019-04-17T23:38:24.069544869Z: [    0.851145] ACPI: PCI Root Bridge [PCI0] (domain 0000 [bus 00-ff])
[STDERR  ] 2019-04-17T23:38:24.069565892Z: [    0.852443] acpi PNP0A08:00: _OSC: OS supports [ExtendedConfig ASPM ClockPM Segments MSI]
[STDERR  ] 2019-04-17T23:38:24.069586725Z: [    0.858231] acpi PNP0A08:00: _OSC: OS now controls [PCIeHotplug PME PCIeCapability]
[STDERR  ] 2019-04-17T23:38:24.069610437Z: [    0.862729] PCI host bridge to bus 0000:00
[STDERR  ] 2019-04-17T23:38:24.069631114Z: [    0.863271] pci_bus 0000:00: root bus resource [io  0x0000-0x0cf7 window]
[STDERR  ] 2019-04-17T23:38:24.069655476Z: [    0.864061] pci_bus 0000:00: root bus resource [io  0x0d00-0xffff window]
[STDERR  ] 2019-04-17T23:38:24.069676520Z: [    0.864623] pci_bus 0000:00: root bus resource [mem 0x000a0000-0x000bffff window]
[STDERR  ] 2019-04-17T23:38:24.069702685Z: [    0.865046] pci_bus 0000:00: root bus resource [mem 0xc0000000-0xfebfffff window]
[STDERR  ] 2019-04-17T23:38:24.069733971Z: [    0.866152] pci_bus 0000:00: root bus resource [bus 00-ff]
[STDERR  ] 2019-04-17T23:38:24.069754777Z: [    0.928643] pci 0000:00:1f.0: quirk: [io  0x0600-0x067f] claimed by ICH6 ACPI/GPIO/TCO
[STDERR  ] 2019-04-17T23:38:24.069775914Z: [    0.975361] ACPI: PCI Interrupt Link [LNKA] (IRQs 5 *10 11)
[STDERR  ] 2019-04-17T23:38:24.069796691Z: [    0.977760] ACPI: PCI Interrupt Link [LNKB] (IRQs 5 *10 11)
[STDERR  ] 2019-04-17T23:38:24.069817334Z: [    0.980138] ACPI: PCI Interrupt Link [LNKC] (IRQs 5 10 *11)
[STDERR  ] 2019-04-17T23:38:24.069837980Z: [    0.982410] ACPI: PCI Interrupt Link [LNKD] (IRQs 5 10 *11)
[STDERR  ] 2019-04-17T23:38:24.069858591Z: [    0.984648] ACPI: PCI Interrupt Link [LNKE] (IRQs 5 *10 11)
[STDERR  ] 2019-04-17T23:38:24.069879153Z: [    0.986765] ACPI: PCI Interrupt Link [LNKF] (IRQs 5 *10 11)
[STDERR  ] 2019-04-17T23:38:24.069899678Z: [    0.988881] ACPI: PCI Interrupt Link [LNKG] (IRQs 5 10 *11)
[STDERR  ] 2019-04-17T23:38:24.069920060Z: [    0.991263] ACPI: PCI Interrupt Link [LNKH] (IRQs 5 10 *11)
[STDERR  ] 2019-04-17T23:38:24.069940475Z: [    0.992392] ACPI: PCI Interrupt Link [GSIA] (IRQs *16)
[STDERR  ] 2019-04-17T23:38:24.069960929Z: [    0.993273] ACPI: PCI Interrupt Link [GSIB] (IRQs *17)
[STDERR  ] 2019-04-17T23:38:24.069983968Z: [    0.994152] ACPI: PCI Interrupt Link [GSIC] (IRQs *18)
[STDERR  ] 2019-04-17T23:38:24.070004708Z: [    0.994861] ACPI: PCI Interrupt Link [GSID] (IRQs *19)
[STDERR  ] 2019-04-17T23:38:24.070031854Z: [    0.995744] ACPI: PCI Interrupt Link [GSIE] (IRQs *20)
[STDERR  ] 2019-04-17T23:38:24.070060917Z: [    0.996332] ACPI: PCI Interrupt Link [GSIF] (IRQs *21)
[STDERR  ] 2019-04-17T23:38:24.070081704Z: [    0.997332] ACPI: PCI Interrupt Link [GSIG] (IRQs *22)
[STDERR  ] 2019-04-17T23:38:24.070102382Z: [    0.998296] ACPI: PCI Interrupt Link [GSIH] (IRQs *23)
[STDERR  ] 2019-04-17T23:38:24.070122983Z: [    1.008363] SCSI subsystem initialized
[STDERR  ] 2019-04-17T23:38:24.070143463Z: [    1.011636] ACPI: bus type USB registered
[STDERR  ] 2019-04-17T23:38:24.070170126Z: [    1.013202] usbcore: registered new interface driver usbfs
[STDERR  ] 2019-04-17T23:38:24.070190900Z: [    1.014318] usbcore: registered new interface driver hub
[STDERR  ] 2019-04-17T23:38:24.070215153Z: [    1.015340] usbcore: registered new device driver usb
[STDERR  ] 2019-04-17T23:38:24.070235539Z: [    1.016582] pps_core: LinuxPPS API ver. 1 registered
[STDERR  ] 2019-04-17T23:38:24.070272517Z: [    1.017049] pps_core: Software ver. 5.3.6 - Copyright 2005-2007 Rodolfo Giometti <giometti@linux.it>
[STDERR  ] 2019-04-17T23:38:24.070294054Z: [    1.018070] PTP clock support registered
[STDERR  ] 2019-04-17T23:38:24.070314733Z: [    1.020821] PCI: Using ACPI for IRQ routing
[STDERR  ] 2019-04-17T23:38:24.070335411Z: [    1.043274] NetLabel: Initializing
[STDERR  ] 2019-04-17T23:38:24.070355548Z: [    1.043634] NetLabel:  domain hash size = 128
[STDERR  ] 2019-04-17T23:38:24.070376223Z: [    1.044043] NetLabel:  protocols = UNLABELED CIPSOv4 CALIPSO
[STDERR  ] 2019-04-17T23:38:24.070396728Z: [    1.047156] NetLabel:  unlabeled traffic allowed by default
[STDERR  ] 2019-04-17T23:38:24.070420368Z: [    1.048497] HPET: 3 timers in total, 0 timers will be used for per-cpu timer
[STDERR  ] 2019-04-17T23:38:24.070441069Z: [    1.049344] hpet0: at MMIO 0xfed00000, IRQs 2, 8, 0
[STDERR  ] 2019-04-17T23:38:24.070461555Z: [    1.050080] hpet0: 3 comparators, 64-bit 100.000000 MHz counter
[STDERR  ] 2019-04-17T23:38:24.070481993Z: [    1.055539] clocksource: Switched to clocksource hpet
[STDERR  ] 2019-04-17T23:38:24.070502748Z: [    1.447692] VFS: Disk quotas dquot_6.6.0
[STDERR  ] 2019-04-17T23:38:24.070525879Z: [    1.448825] VFS: Dquot-cache hash table entries: 512 (order 0, 4096 bytes)
[STDERR  ] 2019-04-17T23:38:24.070546443Z: [    1.452782] FS-Cache: Loaded
[STDERR  ] 2019-04-17T23:38:24.070566986Z: [    1.459742] CacheFiles: Loaded
[STDERR  ] 2019-04-17T23:38:24.070593832Z: [    1.461366] pnp: PnP ACPI init
[STDERR  ] 2019-04-17T23:38:24.070614902Z: [    1.476457] pnp: PnP ACPI: found 5 devices
[STDERR  ] 2019-04-17T23:38:24.070637883Z: [    1.526278] clocksource: acpi_pm: mask: 0xffffff max_cycles: 0xffffff, max_idle_ns: 2085701024 ns
[STDERR  ] 2019-04-17T23:38:24.070658683Z: [    1.529921] NET: Registered protocol family 2
[STDERR  ] 2019-04-17T23:38:24.070680656Z: [    1.539984] TCP established hash table entries: 8192 (order: 4, 65536 bytes)
[STDERR  ] 2019-04-17T23:38:24.070701478Z: [    1.541389] TCP bind hash table entries: 8192 (order: 5, 131072 bytes)
[STDERR  ] 2019-04-17T23:38:24.070723770Z: [    1.543311] TCP: Hash tables configured (established 8192 bind 8192)
[STDERR  ] 2019-04-17T23:38:24.070744340Z: [    1.545900] UDP hash table entries: 512 (order: 2, 16384 bytes)
[STDERR  ] 2019-04-17T23:38:24.070764755Z: [    1.546890] UDP-Lite hash table entries: 512 (order: 2, 16384 bytes)
[STDERR  ] 2019-04-17T23:38:24.070785630Z: [    1.551371] NET: Registered protocol family 1
[STDERR  ] 2019-04-17T23:38:24.070806044Z: [    1.552733] pci 0000:00:01.0: Video device with shadowed ROM at [mem 0x000c0000-0x000dffff]
[STDERR  ] 2019-04-17T23:38:24.070826708Z: [    1.562015] Trying to unpack rootfs image as initramfs...
[STDERR  ] 2019-04-17T23:38:24.070846930Z: [    7.238474] Freeing initrd memory: 33656K
[STDERR  ] 2019-04-17T23:38:24.070867705Z: [    7.273672] PCLMULQDQ-NI instructions are not detected.
[STDERR  ] 2019-04-17T23:38:24.070888086Z: [    7.275687] AVX or AES-NI instructions are not detected.
[STDERR  ] 2019-04-17T23:38:24.070908382Z: [    7.276528] CPU feature 'AVX registers' is not supported.
[STDERR  ] 2019-04-17T23:38:24.070934630Z: [    7.277028] CPU feature 'AVX registers' is not supported.
[STDERR  ] 2019-04-17T23:38:24.070955245Z: [    7.277796] CPU feature 'AVX registers' is not supported.
[STDERR  ] 2019-04-17T23:38:24.070975608Z: [    7.278525] CPU feature 'AVX registers' is not supported.
[STDERR  ] 2019-04-17T23:38:24.070996514Z: [    7.279040] AVX2 or AES-NI instructions are not detected.
[STDERR  ] 2019-04-17T23:38:24.071019746Z: [    7.279697] AVX2 instructions are not detected.
[STDERR  ] 2019-04-17T23:38:24.071040112Z: [    7.286942] audit: initializing netlink subsys (disabled)
[STDERR  ] 2019-04-17T23:38:24.071060768Z: [    7.292597] audit: type=2000 audit(1555544266.288:1): state=initialized audit_enabled=0 res=1
[STDERR  ] 2019-04-17T23:38:24.071084675Z: [    7.297546] workingset: timestamp_bits=46 max_order=18 bucket_order=0
[STDERR  ] 2019-04-17T23:38:24.071108754Z: [    7.305750] squashfs: version 4.0 (2009/01/31) Phillip Lougher
[STDERR  ] 2019-04-17T23:38:24.071129989Z: [    7.309026] FS-Cache: Netfs 'cifs' registered for caching
[STDERR  ] 2019-04-17T23:38:24.071150700Z: [    7.311561] fuse init (API version 7.26)
[STDERR  ] 2019-04-17T23:38:24.071179255Z: [    7.314851] SGI XFS with ACLs, security attributes, no debug enabled
[STDERR  ] 2019-04-17T23:38:24.071200081Z: [    7.320359] 9p: Installing v9fs 9p2000 file system support
[STDERR  ] 2019-04-17T23:38:24.071225310Z: [    7.320979] FS-Cache: Netfs '9p' registered for caching
[STDERR  ] 2019-04-17T23:38:24.071246062Z: [    7.376314] NET: Registered protocol family 38
[STDERR  ] 2019-04-17T23:38:24.071266580Z: [    7.377234] Key type asymmetric registered
[STDERR  ] 2019-04-17T23:38:24.071295284Z: [    7.377699] Asymmetric key parser 'x509' registered
[STDERR  ] 2019-04-17T23:38:24.071315959Z: [    7.378897] Block layer SCSI generic (bsg) driver version 0.4 loaded (major 247)
[STDERR  ] 2019-04-17T23:38:24.071340759Z: [    7.381463] io scheduler noop registered
[STDERR  ] 2019-04-17T23:38:24.071361219Z: [    7.381860] io scheduler deadline registered (default)
[STDERR  ] 2019-04-17T23:38:24.071381852Z: [    7.383042] io scheduler cfq registered
[STDERR  ] 2019-04-17T23:38:24.071407012Z: [    7.383772] io scheduler mq-deadline registered
[STDERR  ] 2019-04-17T23:38:24.071427911Z: [    7.384282] io scheduler kyber registered
[STDERR  ] 2019-04-17T23:38:24.071461174Z: [    7.388816] shpchp: Standard Hot Plug PCI Controller Driver version: 0.4
[STDERR  ] 2019-04-17T23:38:24.071481916Z: [    7.390002] hv_vmbus: registering driver hyperv_fb
[STDERR  ] 2019-04-17T23:38:24.071502540Z: [    7.394702] input: Power Button as /devices/LNXSYSTM:00/LNXPWRBN:00/input/input0
[STDERR  ] 2019-04-17T23:38:24.071531276Z: [    7.398678] ACPI: Power Button [PWRF]
[STDERR  ] 2019-04-17T23:38:24.071557594Z: [    7.421698] ACPI: PCI Interrupt Link [GSIG] enabled at IRQ 22
[STDERR  ] 2019-04-17T23:38:24.071578187Z: [    7.438419] ACPI: PCI Interrupt Link [GSIH] enabled at IRQ 23
[STDERR  ] 2019-04-17T23:38:24.071599524Z: [    7.446454] Serial: 8250/16550 driver, 4 ports, IRQ sharing disabled
[STDERR  ] 2019-04-17T23:38:24.071621219Z: [    7.473729] 00:04: ttyS0 at I/O 0x3f8 (irq = 4, base_baud = 115200) is a 16550A
[STDERR  ] 2019-04-17T23:38:24.071647147Z: [    7.486985] Non-volatile memory driver v1.3
[STDERR  ] 2019-04-17T23:38:24.071670659Z: [    7.496792] Hangcheck: starting hangcheck timer 0.9.1 (tick is 180 seconds, margin is 60 seconds).
[STDERR  ] 2019-04-17T23:38:24.071697066Z: [    7.503804] random: crng init done
[STDERR  ] 2019-04-17T23:38:24.071718890Z: [    7.587891] brd: module loaded
[STDERR  ] 2019-04-17T23:38:24.071739624Z: [    7.627360] loop: module loaded
[STDERR  ] 2019-04-17T23:38:24.071764766Z: [    7.704990] lpc_ich 0000:00:1f.0: I/O space for GPIO uninitialized
[STDERR  ] 2019-04-17T23:38:24.071785437Z: [    7.707893] VMware PVSCSI driver - version 1.0.7.0-k
[STDERR  ] 2019-04-17T23:38:24.071811281Z: [    7.708796] hv_vmbus: registering driver hv_storvsc
[STDERR  ] 2019-04-17T23:38:24.071835351Z: [    7.722981] ACPI: PCI Interrupt Link [GSIA] enabled at IRQ 16
[STDERR  ] 2019-04-17T23:38:24.071868353Z: [    7.731716] ahci 0000:00:1f.2: AHCI 0001.0000 32 slots 6 ports 1.5 Gbps 0x3f impl SATA mode
[STDERR  ] 2019-04-17T23:38:24.071889473Z: [    7.732786] ahci 0000:00:1f.2: flags: 64bit ncq only 
[STDERR  ] 2019-04-17T23:38:24.071910142Z: [    7.753417] scsi host0: ahci
[STDERR  ] 2019-04-17T23:38:24.071941524Z: [    7.757643] scsi host1: ahci
[STDERR  ] 2019-04-17T23:38:24.071961927Z: [    7.760082] scsi host2: ahci
[STDERR  ] 2019-04-17T23:38:24.071982492Z: [    7.762609] scsi host3: ahci
[STDERR  ] 2019-04-17T23:38:24.072002923Z: [    7.764975] scsi host4: ahci
[STDERR  ] 2019-04-17T23:38:24.072023360Z: [    7.767465] scsi host5: ahci
[STDERR  ] 2019-04-17T23:38:24.072054417Z: [    7.769287] ata1: SATA max UDMA/133 abar m4096@0xfebd2000 port 0xfebd2100 irq 24
[STDERR  ] 2019-04-17T23:38:24.072081306Z: [    7.769925] ata2: SATA max UDMA/133 abar m4096@0xfebd2000 port 0xfebd2180 irq 24
[STDERR  ] 2019-04-17T23:38:24.072101792Z: [    7.770640] ata3: SATA max UDMA/133 abar m4096@0xfebd2000 port 0xfebd2200 irq 24
[STDERR  ] 2019-04-17T23:38:24.072122625Z: [    7.771458] ata4: SATA max UDMA/133 abar m4096@0xfebd2000 port 0xfebd2280 irq 24
[STDERR  ] 2019-04-17T23:38:24.072146429Z: [    7.772010] ata5: SATA max UDMA/133 abar m4096@0xfebd2000 port 0xfebd2300 irq 24
[STDERR  ] 2019-04-17T23:38:24.072178325Z: [    7.772674] ata6: SATA max UDMA/133 abar m4096@0xfebd2000 port 0xfebd2380 irq 24
[STDERR  ] 2019-04-17T23:38:24.072199130Z: [    7.789507] tun: Universal TUN/TAP device driver, 1.6
[STDERR  ] 2019-04-17T23:38:24.072249951Z: [    7.803038] VMware vmxnet3 virtual NIC driver - version 1.4.a.0-k-NAPI
[STDERR  ] 2019-04-17T23:38:24.072271268Z: [    7.804365] hv_vmbus: registering driver hv_netvsc
[STDERR  ] 2019-04-17T23:38:24.072292017Z: [    7.804792] Fusion MPT base driver 3.04.20
[STDERR  ] 2019-04-17T23:38:24.072312467Z: [    7.805307] Copyright (c) 1999-2008 LSI Corporation
[STDERR  ] 2019-04-17T23:38:24.072332996Z: [    7.805888] Fusion MPT SPI Host driver 3.04.20
[STDERR  ] 2019-04-17T23:38:24.072358544Z: [    7.808644] i8042: PNP: PS/2 Controller [PNP0303:KBD,PNP0f13:MOU] at 0x60,0x64 irq 1,12
[STDERR  ] 2019-04-17T23:38:24.072379346Z: [    7.814471] serio: i8042 KBD port at 0x60,0x64 irq 1
[STDERR  ] 2019-04-17T23:38:24.072399970Z: [    7.815461] serio: i8042 AUX port at 0x60,0x64 irq 12
[STDERR  ] 2019-04-17T23:38:24.072431439Z: [    7.818883] hv_vmbus: registering driver hyperv_keyboard
[STDERR  ] 2019-04-17T23:38:24.072452283Z: [    7.821805] mousedev: PS/2 mouse device common for all mice
[STDERR  ] 2019-04-17T23:38:24.072472853Z: [    7.828558] input: PC Speaker as /devices/platform/pcspkr/input/input2
[STDERR  ] 2019-04-17T23:38:24.072493570Z: [    7.830716] input: AT Translated Set 2 keyboard as /devices/platform/i8042/serio0/input/input1
[STDERR  ] 2019-04-17T23:38:24.072514525Z: [    7.835445] rtc_cmos 00:00: RTC can wake from S4
[STDERR  ] 2019-04-17T23:38:24.072535439Z: [    7.842008] rtc_cmos 00:00: rtc core: registered rtc_cmos as rtc0
[STDERR  ] 2019-04-17T23:38:24.072561660Z: [    7.844062] rtc_cmos 00:00: alarms up to one day, y3k, 114 bytes nvram, hpet irqs
[STDERR  ] 2019-04-17T23:38:24.072631758Z: [    7.845477] i2c /dev entries driver
[STDERR  ] 2019-04-17T23:38:24.072652235Z: [    7.848063] device-mapper: ioctl: 4.37.0-ioctl (2017-09-20) initialised: dm-devel@redhat.com
[STDERR  ] 2019-04-17T23:38:24.072679036Z: [    7.854881] usbcore: registered new interface driver usbhid
[STDERR  ] 2019-04-17T23:38:24.072716870Z: [    7.855582] usbhid: USB HID core driver
[STDERR  ] 2019-04-17T23:38:24.072738198Z: [    7.856556] hv_utils: Registering HyperV Utility Driver
[STDERR  ] 2019-04-17T23:38:24.072775865Z: [    7.857013] hv_vmbus: registering driver hv_util
[STDERR  ] 2019-04-17T23:38:24.072796338Z: [    7.857514] hv_vmbus: registering driver hv_balloon
[STDERR  ] 2019-04-17T23:38:24.072817135Z: [    7.858432] oprofile: using NMI interrupt.
[STDERR  ] 2019-04-17T23:38:24.072837910Z: [    7.860628] GACT probability on
[STDERR  ] 2019-04-17T23:38:24.072869650Z: [    7.861228] Mirror/redirect action on
[STDERR  ] 2019-04-17T23:38:24.072890428Z: [    7.861831] Simple TC action Loaded
[STDERR  ] 2019-04-17T23:38:24.072910979Z: [    7.862563] u32 classifier
[STDERR  ] 2019-04-17T23:38:24.072935655Z: [    7.862855]     Performance counters on
[STDERR  ] 2019-04-17T23:38:24.072956284Z: [    7.863496]     input device check on
[STDERR  ] 2019-04-17T23:38:24.072979807Z: [    7.863864]     Actions configured
[STDERR  ] 2019-04-17T23:38:24.073018508Z: [    7.864975] Netfilter messages via NETLINK v0.30.
[STDERR  ] 2019-04-17T23:38:24.073045213Z: [    7.866447] nfnl_acct: registering with nfnetlink.
[STDERR  ] 2019-04-17T23:38:24.073066095Z: [    7.868305] nf_conntrack version 0.5.0 (8192 buckets, 32768 max)
[STDERR  ] 2019-04-17T23:38:24.073086813Z: [    7.871623] ctnetlink v0.93: registering with nfnetlink.
[STDERR  ] 2019-04-17T23:38:24.073107678Z: [    7.876062] nf_tables: (c) 2007-2009 Patrick McHardy <kaber@trash.net>
[STDERR  ] 2019-04-17T23:38:24.073148978Z: [    7.877544] nf_tables_compat: (c) 2012 Pablo Neira Ayuso <pablo@netfilter.org>
[STDERR  ] 2019-04-17T23:38:24.073194788Z: [    7.880980] xt_time: kernel timezone is -0000
[STDERR  ] 2019-04-17T23:38:24.073219586Z: [    7.881842] ip_set: protocol 6
[STDERR  ] 2019-04-17T23:38:24.073240217Z: [    7.883103] ipip: IPv4 and MPLS over IPv4 tunneling driver
[STDERR  ] 2019-04-17T23:38:24.073272645Z: [    7.888709] gre: GRE over IPv4 demultiplexor driver
[STDERR  ] 2019-04-17T23:38:24.073293140Z: [    7.892752] ip_tables: (C) 2000-2006 Netfilter Core Team
[STDERR  ] 2019-04-17T23:38:24.073313885Z: [    7.899965] arp_tables: arp_tables: (C) 2002 David S. Miller
[STDERR  ] 2019-04-17T23:38:24.073338240Z: [    7.903095] NET: Registered protocol family 10
[STDERR  ] 2019-04-17T23:38:24.073358555Z: [    7.916011] Segment Routing with IPv6
[STDERR  ] 2019-04-17T23:38:24.073379107Z: [    7.917520] ip6_tables: (C) 2000-2006 Netfilter Core Team
[STDERR  ] 2019-04-17T23:38:24.073404428Z: [    7.929521] NET: Registered protocol family 17
[STDERR  ] 2019-04-17T23:38:24.073424904Z: [    7.930980] Bridge firewalling registered
[STDERR  ] 2019-04-17T23:38:24.073451158Z: [    7.931984] 8021q: 802.1Q VLAN Support v1.8
[STDERR  ] 2019-04-17T23:38:24.073471692Z: [    7.934331] 9pnet: Installing 9P2000 support
[STDERR  ] 2019-04-17T23:38:24.073502947Z: [    7.936631] Key type dns_resolver registered
[STDERR  ] 2019-04-17T23:38:24.073523659Z: [    7.938955] NET: Registered protocol family 40
[STDERR  ] 2019-04-17T23:38:24.073544178Z: [    7.940431] sched_clock: Marking stable (7940096150, 0)->(8201612439, -261516289)
[STDERR  ] 2019-04-17T23:38:24.073564765Z: [    7.945490] registered taskstats version 1
[STDERR  ] 2019-04-17T23:38:24.073584842Z: [    8.088629] ata2: SATA link down (SStatus 0 SControl 300)
[STDERR  ] 2019-04-17T23:38:24.073605425Z: [    8.091533] ata1: SATA link down (SStatus 0 SControl 300)
[STDERR  ] 2019-04-17T23:38:24.073629456Z: [    8.092772] ata3: SATA link up 1.5 Gbps (SStatus 113 SControl 300)
[STDERR  ] 2019-04-17T23:38:24.073650141Z: [    8.097741] ata5: SATA link down (SStatus 0 SControl 300)
[STDERR  ] 2019-04-17T23:38:24.073680673Z: [    8.098756] ata4: SATA link down (SStatus 0 SControl 300)
[STDERR  ] 2019-04-17T23:38:24.073707222Z: [    8.101137] ata3.00: ATAPI: QEMU DVD-ROM, 2.5+, max UDMA/100
[STDERR  ] 2019-04-17T23:38:24.073729339Z: [    8.101924] ata3.00: applying bridge limits
[STDERR  ] 2019-04-17T23:38:24.073749814Z: [    8.105043] ata6: SATA link down (SStatus 0 SControl 300)
[STDERR  ] 2019-04-17T23:38:24.073770442Z: [    8.110265] ata3.00: configured for UDMA/100
[STDERR  ] 2019-04-17T23:38:24.073790747Z: [    8.138973] scsi 2:0:0:0: CD-ROM            QEMU     QEMU DVD-ROM     2.5+ PQ: 0 ANSI: 5
[STDERR  ] 2019-04-17T23:38:24.073827413Z: [    8.170881] sr 2:0:0:0: [sr0] scsi3-mmc drive: 4x/4x cd/rw xa/form2 tray
[STDERR  ] 2019-04-17T23:38:24.073848135Z: [    8.172186] cdrom: Uniform CD-ROM driver Revision: 3.20
[STDERR  ] 2019-04-17T23:38:24.073868745Z: [    8.186690] sr 2:0:0:0: Attached scsi generic sg0 type 5
[STDERR  ] 2019-04-17T23:38:24.073894506Z: [    8.288562] tsc: Refined TSC clocksource calibration: 2599.831 MHz
[STDERR  ] 2019-04-17T23:38:24.073931607Z: [    8.289628] clocksource: tsc: mask: 0xffffffffffffffff max_cycles: 0x25799c6900f, max_idle_ns: 440795264355 ns
[STDERR  ] 2019-04-17T23:38:24.073952741Z: [    8.333821] Key type big_key registered
[STDERR  ] 2019-04-17T23:38:24.073990201Z: [    8.453395] Key type trusted registered
[STDERR  ] 2019-04-17T23:38:24.074010812Z: [    8.579364] Key type encrypted registered
[STDERR  ] 2019-04-17T23:38:24.074035790Z: [    8.580495] ima: No TPM chip found, activating TPM-bypass! (rc=-19)
[STDERR  ] 2019-04-17T23:38:24.074056625Z: [    8.581536] ima: Allocated hash algorithm: sha256
[STDERR  ] 2019-04-17T23:38:24.074088258Z: [    8.585955] evm: HMAC attrs: 0x1
[STDERR  ] 2019-04-17T23:38:24.074113725Z: [    8.593463] rtc_cmos 00:00: setting system clock to 2019-04-17 23:37:48 UTC (1555544268)
[STDERR  ] 2019-04-17T23:38:24.074134876Z: [    8.770658] Freeing unused kernel memory: 1528K
[STDERR  ] 2019-04-17T23:38:24.074155333Z: [    8.772823] Write protecting the kernel read-only data: 18432k
[STDERR  ] 2019-04-17T23:38:24.074183367Z: [    8.792750] Freeing unused kernel memory: 2024K
[STDERR  ] 2019-04-17T23:38:24.074203858Z: [    8.905480] Freeing unused kernel memory: 1124K
[STDERR  ] 2019-04-17T23:38:24.074233811Z: [    9.299909] clocksource: Switched to clocksource tsc
[STDERR  ] 2019-04-17T23:38:24.074281642Z: 
[STDERR  ] 2019-04-17T23:38:24.074303365Z: Welcome to LinuxKit
[STDERR  ] 2019-04-17T23:38:24.074341747Z: 
[STDERR  ] 2019-04-17T23:38:24.074368356Z:                         ##         .
[STDERR  ] 2019-04-17T23:38:24.074394614Z:                   ## ## ##        ==
[STDERR  ] 2019-04-17T23:38:24.074415425Z:                ## ## ## ## ##    ===
[STDERR  ] 2019-04-17T23:38:24.074435786Z:            /"""""""""""""""""\___/ ===
[STDERR  ] 2019-04-17T23:38:24.074456655Z:           {                       /  ===-
[STDERR  ] 2019-04-17T23:38:24.074481142Z:            \______ O           __/
[STDERR  ] 2019-04-17T23:38:24.074501535Z:              \    \         __/
[STDERR  ] 2019-04-17T23:38:24.074525022Z:               \____\_______/
[STDERR  ] 2019-04-17T23:38:24.074545211Z: 
[STDERR  ] 2019-04-17T23:38:24.074569092Z: [   36.629530] hello_world: loading out-of-tree module taints kernel.
[STDERR  ] 2019-04-17T23:38:24.074594499Z: [   36.642546] Hello LinuxKit
[STDERR  ] 2019-04-17T23:38:24.074620942Z: [   36.830995] Goodbye LinuxKit.
[STDERR  ] 2019-04-17T23:38:24.074641324Z: Linux linuxkit-7e48d15b2f05 4.14.111-linuxkit #1 SMP Wed Apr 17 08:55:59 UTC 2019 x86_64 Linux
[STDERR  ] 2019-04-17T23:38:24.074662408Z: filename:       hello_world.ko
[STDERR  ] 2019-04-17T23:38:24.074682844Z: author:         Rolf Neugebauer <rolf.neugebauer@docker.com>
[STDERR  ] 2019-04-17T23:38:24.074706997Z: description:    A simple Hello World kernel module for testing
[STDERR  ] 2019-04-17T23:38:24.074728686Z: license:        GPL
[STDERR  ] 2019-04-17T23:38:24.074752524Z: depends:        
[STDERR  ] 2019-04-17T23:38:24.074773938Z: vermagic:       4.14.111-linuxkit SMP mod_unload modversions RANDSTRUCT_PLUGIN_643f9cda3415e69d3adf54fa31d61122d10bd905d0b6fa32b5846e0d321717fd
[STDERR  ] 2019-04-17T23:38:24.074802281Z: Kernel module test suite PASSED
[STDERR  ] 2019-04-17T23:38:24.074822648Z: [   43.942551] ACPI: Preparing to enter system sleep state S5
[STDERR  ] 2019-04-17T23:38:24.074843400Z: [   43.944445] reboot: Power down
[STDERR  ] 2019-04-17T23:38:24.074882302Z: + exit 0
[STDERR  ] 2019-04-17T23:38:24.074902721Z: + clean_up
[STDERR  ] 2019-04-17T23:38:24.074923063Z: + docker rmi kmod-test
[STDOUT  ] 2019-04-17T23:38:24.095848811Z: Untagged: kmod-test:latest
[STDOUT  ] 2019-04-17T23:38:24.095939986Z: Deleted: sha256:3cb715749b3a851c1fdda7fe04a47cab961c3e8ed5286bd162bf5b50ccdee704
[STDOUT  ] 2019-04-17T23:38:24.095957208Z: Deleted: sha256:7eb4f3e142453aaad140612886a4ea241305e4e7cb6f3d474012a225215d3a76
[STDOUT  ] 2019-04-17T23:38:24.095998940Z: Deleted: sha256:93d39dfa366ca4e67db4d962b662094819ad529ff1cb5b403c0599d5d579efb6
[STDOUT  ] 2019-04-17T23:38:24.096036837Z: Deleted: sha256:db20872e5b31f94a80613f092de5901bf1369328b4959ae3dfd3b53f0b0bb04e
[STDOUT  ] 2019-04-17T23:38:24.096053376Z: Deleted: sha256:3b19783f44b5b91aa82997638b102d600ce461e82220dba35f6751070cd71d7c
[STDERR  ] 2019-04-17T23:38:24.097462252Z: + rm -rf kmod-cmdline kmod-initrd.img kmod-kernel kmod-state
[PASS    ] linuxkit.kernel.kmod_4.14.x 71.04s
