[INFO    ] 2018-02-14T14:49:34.840396946Z: Running Test linuxkit.packages.format_mount.by_name in /tmp/build/test/cases/040_packages/006_format_mount/002_by_name
[INFO    ] 2018-02-14T14:49:34.840513989Z: Running command: [/bin/sh -x /tmp/build/test/cases/040_packages/006_format_mount/002_by_name/test.sh]
[STDERR  ] 2018-02-14T14:49:34.879007735Z: + set -e
[STDERR  ] 2018-02-14T14:49:34.879069541Z: + . /tmp/build/test/cases/_lib/lib.sh
[STDERR  ] 2018-02-14T14:49:34.87908409Z: + [ -f src/github.com/linuxkit/rtf/lib/lib.sh ]
[STDERR  ] 2018-02-14T14:49:34.879103235Z: + LINUXKIT_TMPDIR=/tmp/build/test/cases/_tmp
[STDERR  ] 2018-02-14T14:49:34.879120656Z: + [ -f /tmp/build/test/cases/_tmp/env.sh ]
[STDERR  ] 2018-02-14T14:49:34.879134574Z: + . /tmp/build/test/cases/_tmp/env.sh
[STDERR  ] 2018-02-14T14:49:34.879151185Z: + export LINUXKIT_EXAMPLES_DIR=/tmp/build/test/cases/../../examples
[STDERR  ] 2018-02-14T14:49:34.879164797Z: + RT_CANCEL=253
[STDERR  ] 2018-02-14T14:49:34.879178267Z: + NAME=test-format
[STDERR  ] 2018-02-14T14:49:34.879191482Z: + DISK=disk.img
[STDERR  ] 2018-02-14T14:49:34.879203969Z: + trap clean_up EXIT
[STDERR  ] 2018-02-14T14:49:34.879233176Z: + [ linux = osx ]
[STDERR  ] 2018-02-14T14:49:34.879245169Z: + DEVICE=/dev/sda
[STDERR  ] 2018-02-14T14:49:34.879259625Z: + sed -e s,@DEVICE@,/dev/sda,g test.yml.in
[STDERR  ] 2018-02-14T14:49:34.909549394Z: + linuxkit build -format kernel+initrd -name test-format test.yml
[STDERR  ] 2018-02-14T14:49:34.936109152Z: Extract kernel image: linuxkit/kernel:4.9.38
[STDERR  ] 2018-02-14T14:49:36.05395917Z: time="2018-02-14T14:49:36Z" level=warning msg="certificate with CN Justin Cormack is near expiry"
[STDERR  ] 2018-02-14T14:49:36.054025596Z: time="2018-02-14T14:49:36Z" level=warning msg="certificate with CN  is near expiry"
[STDERR  ] 2018-02-14T14:49:36.054048585Z: time="2018-02-14T14:49:36Z" level=warning msg="certificate with CN  is near expiry"
[STDERR  ] 2018-02-14T14:49:36.05418139Z: time="2018-02-14T14:49:36Z" level=warning msg="certificate with CN avi@atomicinc.com is near expiry"
[STDERR  ] 2018-02-14T14:49:36.054195165Z: time="2018-02-14T14:49:36Z" level=warning msg="certificate with CN Ian Campbell is near expiry"
[STDERR  ] 2018-02-14T14:49:36.100828353Z: time="2018-02-14T14:49:36Z" level=warning msg="certificate with CN Justin Cormack is near expiry"
[STDERR  ] 2018-02-14T14:49:37.088427188Z: Add init containers:
[STDERR  ] 2018-02-14T14:49:37.088628465Z: Process init image: linuxkit/init:d899eee3560a40aa3b4bdd67b3bb82703714b2b9
[STDERR  ] 2018-02-14T14:49:38.130418218Z: time="2018-02-14T14:49:38Z" level=warning msg="certificate with CN  is near expiry"
[STDERR  ] 2018-02-14T14:49:38.130696342Z: time="2018-02-14T14:49:38Z" level=warning msg="certificate with CN  is near expiry"
[STDERR  ] 2018-02-14T14:49:38.130925478Z: time="2018-02-14T14:49:38Z" level=warning msg="certificate with CN avi@atomicinc.com is near expiry"
[STDERR  ] 2018-02-14T14:49:38.1311224Z: time="2018-02-14T14:49:38Z" level=warning msg="certificate with CN Ian Campbell is near expiry"
[STDERR  ] 2018-02-14T14:49:38.131407069Z: time="2018-02-14T14:49:38Z" level=warning msg="certificate with CN Justin Cormack is near expiry"
[STDERR  ] 2018-02-14T14:49:38.135515549Z: time="2018-02-14T14:49:38Z" level=warning msg="certificate with CN Justin Cormack is near expiry"
[STDERR  ] 2018-02-14T14:49:38.137015548Z: time="2018-02-14T14:49:38Z" level=warning msg="certificate with CN  is near expiry"
[STDERR  ] 2018-02-14T14:49:38.137069271Z: time="2018-02-14T14:49:38Z" level=warning msg="certificate with CN Ian Campbell is near expiry"
[STDERR  ] 2018-02-14T14:49:38.311139358Z: Process init image: linuxkit/runc:7c39a68490a12cde830e1922f171c451fb08e731
[STDERR  ] 2018-02-14T14:49:39.330961386Z: time="2018-02-14T14:49:39Z" level=warning msg="certificate with CN  is near expiry"
[STDERR  ] 2018-02-14T14:49:39.331029571Z: time="2018-02-14T14:49:39Z" level=warning msg="certificate with CN  is near expiry"
[STDERR  ] 2018-02-14T14:49:39.331145862Z: time="2018-02-14T14:49:39Z" level=warning msg="certificate with CN avi@atomicinc.com is near expiry"
[STDERR  ] 2018-02-14T14:49:39.331169874Z: time="2018-02-14T14:49:39Z" level=warning msg="certificate with CN Ian Campbell is near expiry"
[STDERR  ] 2018-02-14T14:49:39.331201364Z: time="2018-02-14T14:49:39Z" level=warning msg="certificate with CN Justin Cormack is near expiry"
[STDERR  ] 2018-02-14T14:49:39.333617623Z: time="2018-02-14T14:49:39Z" level=warning msg="certificate with CN Justin Cormack is near expiry"
[STDERR  ] 2018-02-14T14:49:39.335640372Z: time="2018-02-14T14:49:39Z" level=warning msg="certificate with CN  is near expiry"
[STDERR  ] 2018-02-14T14:49:39.335723387Z: time="2018-02-14T14:49:39Z" level=warning msg="certificate with CN Ian Campbell is near expiry"
[STDERR  ] 2018-02-14T14:49:39.494744872Z: Add onboot containers:
[STDERR  ] 2018-02-14T14:49:39.49480225Z:   Create OCI config for linuxkit/format:v0.2
[STDERR  ] 2018-02-14T14:49:40.52828393Z: time="2018-02-14T14:49:40Z" level=warning msg="certificate with CN avi@atomicinc.com is near expiry"
[STDERR  ] 2018-02-14T14:49:40.528369395Z: time="2018-02-14T14:49:40Z" level=warning msg="certificate with CN Ian Campbell is near expiry"
[STDERR  ] 2018-02-14T14:49:40.528511229Z: time="2018-02-14T14:49:40Z" level=warning msg="certificate with CN Justin Cormack is near expiry"
[STDERR  ] 2018-02-14T14:49:40.528667688Z: time="2018-02-14T14:49:40Z" level=warning msg="certificate with CN Rolf Neugebauer is near expiry"
[STDERR  ] 2018-02-14T14:49:40.52876818Z: time="2018-02-14T14:49:40Z" level=warning msg="certificate with CN  is near expiry"
[STDERR  ] 2018-02-14T14:49:40.528868377Z: time="2018-02-14T14:49:40Z" level=warning msg="certificate with CN  is near expiry"
[STDERR  ] 2018-02-14T14:49:40.531093553Z: time="2018-02-14T14:49:40Z" level=warning msg="certificate with CN Justin Cormack is near expiry"
[STDERR  ] 2018-02-14T14:49:40.532586218Z: time="2018-02-14T14:49:40Z" level=warning msg="certificate with CN Rolf Neugebauer is near expiry"
[STDERR  ] 2018-02-14T14:49:40.533948102Z: time="2018-02-14T14:49:40Z" level=warning msg="certificate with CN Ian Campbell is near expiry"
[STDERR  ] 2018-02-14T14:49:40.534091358Z: time="2018-02-14T14:49:40Z" level=warning msg="certificate with CN  is near expiry"
[STDERR  ] 2018-02-14T14:49:40.86817094Z:   Create OCI config for linuxkit/mount:v0.2
[STDERR  ] 2018-02-14T14:49:41.894343959Z: time="2018-02-14T14:49:41Z" level=warning msg="certificate with CN  is near expiry"
[STDERR  ] 2018-02-14T14:49:41.894421523Z: time="2018-02-14T14:49:41Z" level=warning msg="certificate with CN  is near expiry"
[STDERR  ] 2018-02-14T14:49:41.894441636Z: time="2018-02-14T14:49:41Z" level=warning msg="certificate with CN avi@atomicinc.com is near expiry"
[STDERR  ] 2018-02-14T14:49:41.894584033Z: time="2018-02-14T14:49:41Z" level=warning msg="certificate with CN Ian Campbell is near expiry"
[STDERR  ] 2018-02-14T14:49:41.894597078Z: time="2018-02-14T14:49:41Z" level=warning msg="certificate with CN Justin Cormack is near expiry"
[STDERR  ] 2018-02-14T14:49:41.894672731Z: time="2018-02-14T14:49:41Z" level=warning msg="certificate with CN Rolf Neugebauer is near expiry"
[STDERR  ] 2018-02-14T14:49:41.897616571Z: time="2018-02-14T14:49:41Z" level=warning msg="certificate with CN Justin Cormack is near expiry"
[STDERR  ] 2018-02-14T14:49:41.899306558Z: time="2018-02-14T14:49:41Z" level=warning msg="certificate with CN Rolf Neugebauer is near expiry"
[STDERR  ] 2018-02-14T14:49:41.900221745Z: time="2018-02-14T14:49:41Z" level=warning msg="certificate with CN  is near expiry"
[STDERR  ] 2018-02-14T14:49:41.900274244Z: time="2018-02-14T14:49:41Z" level=warning msg="certificate with CN Ian Campbell is near expiry"
[STDERR  ] 2018-02-14T14:49:42.226644391Z:   Create OCI config for alpine:3.7
[STDERR  ] 2018-02-14T14:49:43.444070443Z:   Create OCI config for linuxkit/poweroff:f9a0a5e52fd2a97908bda33db2afffafe4a6a67d
[STDERR  ] 2018-02-14T14:49:44.473812316Z: time="2018-02-14T14:49:44Z" level=warning msg="certificate with CN  is near expiry"
[STDERR  ] 2018-02-14T14:49:44.473966229Z: time="2018-02-14T14:49:44Z" level=warning msg="certificate with CN avi@atomicinc.com is near expiry"
[STDERR  ] 2018-02-14T14:49:44.474108673Z: time="2018-02-14T14:49:44Z" level=warning msg="certificate with CN Ian Campbell is near expiry"
[STDERR  ] 2018-02-14T14:49:44.474178439Z: time="2018-02-14T14:49:44Z" level=warning msg="certificate with CN Justin Cormack is near expiry"
[STDERR  ] 2018-02-14T14:49:44.474308128Z: time="2018-02-14T14:49:44Z" level=warning msg="certificate with CN Rolf Neugebauer is near expiry"
[STDERR  ] 2018-02-14T14:49:44.474352123Z: time="2018-02-14T14:49:44Z" level=warning msg="certificate with CN  is near expiry"
[STDERR  ] 2018-02-14T14:49:44.475945723Z: time="2018-02-14T14:49:44Z" level=warning msg="certificate with CN Rolf Neugebauer is near expiry"
[STDERR  ] 2018-02-14T14:49:44.476588218Z: time="2018-02-14T14:49:44Z" level=warning msg="certificate with CN  is near expiry"
[STDERR  ] 2018-02-14T14:49:44.476662935Z: time="2018-02-14T14:49:44Z" level=warning msg="certificate with CN Ian Campbell is near expiry"
[STDERR  ] 2018-02-14T14:49:44.651654755Z: Add files:
[STDERR  ] 2018-02-14T14:49:44.651742969Z:   check.sh
[STDERR  ] 2018-02-14T14:49:44.68308893Z: Create outputs:
[STDERR  ] 2018-02-14T14:49:49.722258279Z:   test-format-kernel test-format-initrd.img test-format-cmdline
[STDERR  ] 2018-02-14T14:49:49.788421721Z: + linuxkit run -disk file=disk.img,size=512M test-format
[STDERR  ] 2018-02-14T14:49:49.81305163Z: Unable to find qemu-system-x86_64 within the $PATH. Using a container
[STDOUT  ] 2018-02-14T14:50:08.199311911Z: [    0.000000] Linux version 4.9.38-linuxkit (root@e1ede117fb1e) (gcc version 6.3.0 (Alpine 6.3.0) ) #1 SMP Thu Jul 20 16:07:02 UTC 2017
[STDOUT  ] 2018-02-14T14:50:08.199391488Z: [    0.000000] Command line: console=ttyS0 console=ttyAMA0
[STDOUT  ] 2018-02-14T14:50:08.199412067Z: [    0.000000] x86/fpu: Legacy x87 FPU detected.
[STDOUT  ] 2018-02-14T14:50:08.199420079Z: [    0.000000] x86/fpu: Using 'eager' FPU context switches.
[STDOUT  ] 2018-02-14T14:50:08.199427593Z: [    0.000000] e820: BIOS-provided physical RAM map:
[STDOUT  ] 2018-02-14T14:50:08.199435332Z: [    0.000000] BIOS-e820: [mem 0x0000000000000000-0x000000000009fbff] usable
[STDOUT  ] 2018-02-14T14:50:08.199442878Z: [    0.000000] BIOS-e820: [mem 0x000000000009fc00-0x000000000009ffff] reserved
[STDOUT  ] 2018-02-14T14:50:08.19944946Z: [    0.000000] BIOS-e820: [mem 0x00000000000f0000-0x00000000000fffff] reserved
[STDOUT  ] 2018-02-14T14:50:08.199455843Z: [    0.000000] BIOS-e820: [mem 0x0000000000100000-0x000000003ffdefff] usable
[STDOUT  ] 2018-02-14T14:50:08.199462078Z: [    0.000000] BIOS-e820: [mem 0x000000003ffdf000-0x000000003fffffff] reserved
[STDOUT  ] 2018-02-14T14:50:08.19946829Z: [    0.000000] BIOS-e820: [mem 0x00000000b0000000-0x00000000bfffffff] reserved
[STDOUT  ] 2018-02-14T14:50:08.199475137Z: [    0.000000] BIOS-e820: [mem 0x00000000fed1c000-0x00000000fed1ffff] reserved
[STDOUT  ] 2018-02-14T14:50:08.199481614Z: [    0.000000] BIOS-e820: [mem 0x00000000feffc000-0x00000000feffffff] reserved
[STDOUT  ] 2018-02-14T14:50:08.199488139Z: [    0.000000] BIOS-e820: [mem 0x00000000fffc0000-0x00000000ffffffff] reserved
[STDOUT  ] 2018-02-14T14:50:08.199494462Z: [    0.000000] NX (Execute Disable) protection: active
[STDOUT  ] 2018-02-14T14:50:08.199500809Z: [    0.000000] SMBIOS 2.8 present.
[STDOUT  ] 2018-02-14T14:50:08.199506983Z: [    0.000000] Hypervisor detected: KVM
[STDOUT  ] 2018-02-14T14:50:08.199513573Z: [    0.000000] e820: last_pfn = 0x3ffdf max_arch_pfn = 0x400000000
[STDOUT  ] 2018-02-14T14:50:08.199522177Z: [    0.000000] x86/PAT: PAT not supported by CPU.
[STDOUT  ] 2018-02-14T14:50:08.199528715Z: [    0.000000] x86/PAT: Configuration [0-7]: WB  WT  UC- UC  WB  WT  UC- UC  
[STDOUT  ] 2018-02-14T14:50:08.199534755Z: [    0.000000] found SMP MP-table at [mem 0x000f6aa0-0x000f6aaf] mapped at [ffff9c8d400f6aa0]
[STDOUT  ] 2018-02-14T14:50:08.199541619Z: [    0.000000] RAMDISK: [mem 0x3e139000-0x3ffcffff]
[STDOUT  ] 2018-02-14T14:50:08.19954771Z: [    0.000000] ACPI: Early table checksum verification disabled
[STDOUT  ] 2018-02-14T14:50:08.199558288Z: [    0.000000] ACPI: RSDP 0x00000000000F68B0 000014 (v00 BOCHS )
[STDOUT  ] 2018-02-14T14:50:08.199564272Z: [    0.000000] ACPI: RSDT 0x000000003FFE20A8 000034 (v01 BOCHS  BXPCRSDT 00000001 BXPC 00000001)
[STDOUT  ] 2018-02-14T14:50:08.199570047Z: [    0.000000] ACPI: FACP 0x000000003FFE1EC8 0000F4 (v03 BOCHS  BXPCFACP 00000001 BXPC 00000001)
[STDOUT  ] 2018-02-14T14:50:08.199575738Z: [    0.000000] ACPI: DSDT 0x000000003FFE0040 001E88 (v01 BOCHS  BXPCDSDT 00000001 BXPC 00000001)
[STDOUT  ] 2018-02-14T14:50:08.199584046Z: [    0.000000] ACPI: FACS 0x000000003FFE0000 000040
[STDOUT  ] 2018-02-14T14:50:08.199590272Z: [    0.000000] ACPI: APIC 0x000000003FFE1FBC 000078 (v01 BOCHS  BXPCAPIC 00000001 BXPC 00000001)
[STDOUT  ] 2018-02-14T14:50:08.199598599Z: [    0.000000] ACPI: HPET 0x000000003FFE2034 000038 (v01 BOCHS  BXPCHPET 00000001 BXPC 00000001)
[STDOUT  ] 2018-02-14T14:50:08.199604345Z: [    0.000000] ACPI: MCFG 0x000000003FFE206C 00003C (v01 BOCHS  BXPCMCFG 00000001 BXPC 00000001)
[STDOUT  ] 2018-02-14T14:50:08.199609995Z: [    0.000000] kvm-clock: Using msrs 4b564d01 and 4b564d00
[STDOUT  ] 2018-02-14T14:50:08.199615696Z: [    0.000000] kvm-clock: cpu 0, msr 0:3ffdd001, primary cpu clock
[STDOUT  ] 2018-02-14T14:50:08.199621306Z: [    0.000000] clocksource: kvm-clock: mask: 0xffffffffffffffff max_cycles: 0x1cd42e4dffb, max_idle_ns: 881590591483 ns
[STDOUT  ] 2018-02-14T14:50:08.199627675Z: [    0.000000] Zone ranges:
[STDOUT  ] 2018-02-14T14:50:08.199635217Z: [    0.000000]   DMA      [mem 0x0000000000001000-0x0000000000ffffff]
[STDOUT  ] 2018-02-14T14:50:08.199641012Z: [    0.000000]   DMA32    [mem 0x0000000001000000-0x000000003ffdefff]
[STDOUT  ] 2018-02-14T14:50:08.199647203Z: [    0.000000]   Normal   empty
[STDOUT  ] 2018-02-14T14:50:08.199657323Z: [    0.000000] Movable zone start for each node
[STDOUT  ] 2018-02-14T14:50:08.1996633Z: [    0.000000] Early memory node ranges
[STDOUT  ] 2018-02-14T14:50:08.199669369Z: [    0.000000]   node   0: [mem 0x0000000000001000-0x000000000009efff]
[STDOUT  ] 2018-02-14T14:50:08.199675255Z: [    0.000000]   node   0: [mem 0x0000000000100000-0x000000003ffdefff]
[STDOUT  ] 2018-02-14T14:50:08.199689683Z: [    0.000000] Initmem setup node 0 [mem 0x0000000000001000-0x000000003ffdefff]
[STDOUT  ] 2018-02-14T14:50:08.199695683Z: [    0.000000] ACPI: PM-Timer IO Port: 0x608
[STDOUT  ] 2018-02-14T14:50:08.199701893Z: [    0.000000] ACPI: LAPIC_NMI (acpi_id[0xff] dfl dfl lint[0x1])
[STDOUT  ] 2018-02-14T14:50:08.199709313Z: [    0.000000] IOAPIC[0]: apic_id 0, version 17, address 0xfec00000, GSI 0-23
[STDOUT  ] 2018-02-14T14:50:08.19971757Z: [    0.000000] ACPI: INT_SRC_OVR (bus 0 bus_irq 0 global_irq 2 dfl dfl)
[STDOUT  ] 2018-02-14T14:50:08.199725269Z: [    0.000000] ACPI: INT_SRC_OVR (bus 0 bus_irq 5 global_irq 5 high level)
[STDOUT  ] 2018-02-14T14:50:08.199733705Z: [    0.000000] ACPI: INT_SRC_OVR (bus 0 bus_irq 9 global_irq 9 high level)
[STDOUT  ] 2018-02-14T14:50:08.199741599Z: [    0.000000] ACPI: INT_SRC_OVR (bus 0 bus_irq 10 global_irq 10 high level)
[STDOUT  ] 2018-02-14T14:50:08.199748959Z: [    0.000000] ACPI: INT_SRC_OVR (bus 0 bus_irq 11 global_irq 11 high level)
[STDOUT  ] 2018-02-14T14:50:08.199756474Z: [    0.000000] Using ACPI (MADT) for SMP configuration information
[STDOUT  ] 2018-02-14T14:50:08.199764728Z: [    0.000000] ACPI: HPET id: 0x8086a201 base: 0xfed00000
[STDOUT  ] 2018-02-14T14:50:08.199772993Z: [    0.000000] smpboot: Allowing 1 CPUs, 0 hotplug CPUs
[STDOUT  ] 2018-02-14T14:50:08.199781085Z: [    0.000000] e820: [mem 0x40000000-0xafffffff] available for PCI devices
[STDOUT  ] 2018-02-14T14:50:08.199789608Z: [    0.000000] Booting paravirtualized kernel on KVM
[STDOUT  ] 2018-02-14T14:50:08.199802792Z: [    0.000000] clocksource: refined-jiffies: mask: 0xffffffff max_cycles: 0xffffffff, max_idle_ns: 19112604462750000 ns
[STDOUT  ] 2018-02-14T14:50:08.199812354Z: [    0.000000] setup_percpu: NR_CPUS:128 nr_cpumask_bits:128 nr_cpu_ids:1 nr_node_ids:1
[STDOUT  ] 2018-02-14T14:50:08.199823082Z: [    0.000000] percpu: Embedded 35 pages/cpu @ffff9c8d7de00000 s105176 r8192 d29992 u2097152
[STDOUT  ] 2018-02-14T14:50:08.199837868Z: [    0.000000] KVM setup async PF for cpu 0
[STDOUT  ] 2018-02-14T14:50:08.199846959Z: [    0.000000] kvm-stealtime: cpu 0, msr 3de0d580
[STDOUT  ] 2018-02-14T14:50:08.199855757Z: [    0.000000] Built 1 zonelists in Zone order, mobility grouping on.  Total pages: 257896
[STDOUT  ] 2018-02-14T14:50:08.199864568Z: [    0.000000] Kernel command line: console=ttyS0 console=ttyAMA0
[STDOUT  ] 2018-02-14T14:50:08.199870922Z: [    0.000000] PID hash table entries: 4096 (order: 3, 32768 bytes)
[STDOUT  ] 2018-02-14T14:50:08.199877122Z: [    0.000000] Dentry cache hash table entries: 131072 (order: 8, 1048576 bytes)
[STDOUT  ] 2018-02-14T14:50:08.199883155Z: [    0.000000] Inode-cache hash table entries: 65536 (order: 7, 524288 bytes)
[STDOUT  ] 2018-02-14T14:50:08.199889998Z: [    0.000000] Memory: 982840K/1048052K available (8026K kernel code, 1366K rwdata, 2696K rodata, 1380K init, 568K bss, 65212K reserved, 0K cma-reserved)
[STDOUT  ] 2018-02-14T14:50:08.19989656Z: [    0.000000] Hierarchical RCU implementation.
[STDOUT  ] 2018-02-14T14:50:08.199902463Z: [    0.000000] 	Build-time adjustment of leaf fanout to 64.
[STDOUT  ] 2018-02-14T14:50:08.19990839Z: [    0.000000] 	RCU restricting CPUs from NR_CPUS=128 to nr_cpu_ids=1.
[STDOUT  ] 2018-02-14T14:50:08.199914124Z: [    0.000000] RCU: Adjusting geometry for rcu_fanout_leaf=64, nr_cpu_ids=1
[STDOUT  ] 2018-02-14T14:50:08.199919824Z: [    0.000000] NR_IRQS:8448 nr_irqs:256 16
[STDOUT  ] 2018-02-14T14:50:08.199925461Z: [    0.000000] Console: colour VGA+ 80x25
[STDOUT  ] 2018-02-14T14:50:08.199931306Z: [    0.000000] console [ttyS0] enabled
[STDOUT  ] 2018-02-14T14:50:08.19993942Z: [    0.000000] clocksource: hpet: mask: 0xffffffff max_cycles: 0xffffffff, max_idle_ns: 19112604467 ns
[STDOUT  ] 2018-02-14T14:50:08.199949565Z: [    0.000000] tsc: Detected 2299.934 MHz processor
[STDOUT  ] 2018-02-14T14:50:08.199955419Z: [    0.020000] Calibrating delay loop (skipped) preset value.. 4599.86 BogoMIPS (lpj=22999340)
[STDOUT  ] 2018-02-14T14:50:08.199961962Z: [    0.020031] pid_max: default: 32768 minimum: 301
[STDOUT  ] 2018-02-14T14:50:08.199967568Z: [    0.024238] ACPI: Core revision 20160831
[STDOUT  ] 2018-02-14T14:50:08.199973301Z: [    0.030052] ACPI: 1 ACPI AML tables successfully acquired and loaded
[STDOUT  ] 2018-02-14T14:50:08.199979006Z: [    0.035688] Security Framework initialized
[STDOUT  ] 2018-02-14T14:50:08.199984718Z: [    0.039228] Yama: becoming mindful.
[STDOUT  ] 2018-02-14T14:50:08.199990339Z: [    0.040081] Mount-cache hash table entries: 2048 (order: 2, 16384 bytes)
[STDOUT  ] 2018-02-14T14:50:08.199996007Z: [    0.045970] Mountpoint-cache hash table entries: 2048 (order: 2, 16384 bytes)
[STDOUT  ] 2018-02-14T14:50:08.20000401Z: [    0.050991] CPU: Physical Processor ID: 0
[STDOUT  ] 2018-02-14T14:50:08.200009838Z: [    0.054716] Last level iTLB entries: 4KB 0, 2MB 0, 4MB 0
[STDOUT  ] 2018-02-14T14:50:08.200015439Z: [    0.060036] Last level dTLB entries: 4KB 0, 2MB 0, 4MB 0, 1GB 0
[STDOUT  ] 2018-02-14T14:50:08.200021512Z: [    0.177936] Freeing SMP alternatives memory: 20K (ffffffffaeeb0000 - ffffffffaeeb5000)
[STDOUT  ] 2018-02-14T14:50:08.200027486Z: [    0.214715] ftrace: allocating 35489 entries in 139 pages
[STDOUT  ] 2018-02-14T14:50:08.200033262Z: [    0.230131] smpboot: Max logical packages: 1
[STDOUT  ] 2018-02-14T14:50:08.200038906Z: [    0.242316] x2apic enabled
[STDOUT  ] 2018-02-14T14:50:08.200044539Z: [    0.246816] Switched APIC routing to physical x2apic.
[STDOUT  ] 2018-02-14T14:50:08.200050236Z: [    0.262280] ..TIMER: vector=0x30 apic1=0 pin1=2 apic2=-1 pin2=-1
[STDOUT  ] 2018-02-14T14:50:08.200058011Z: [    0.270000] smpboot: CPU0: Intel QEMU Virtual CPU version 2.5+ (family: 0x6, model: 0x6, stepping: 0x3)
[STDOUT  ] 2018-02-14T14:50:08.200063806Z: [    0.270000] Performance Events: PMU not available due to virtualization, using software events only.
[STDOUT  ] 2018-02-14T14:50:08.200070217Z: [    0.280689] x86: Booted up 1 node, 1 CPUs
[STDOUT  ] 2018-02-14T14:50:08.200079201Z: [    0.284499] smpboot: Total of 1 processors activated (4599.86 BogoMIPS)
[STDOUT  ] 2018-02-14T14:50:08.200085349Z: [    0.292130] devtmpfs: initialized
[STDOUT  ] 2018-02-14T14:50:08.200091007Z: [    0.300085] x86/mm: Memory block size: 128MB
[STDOUT  ] 2018-02-14T14:50:08.200096723Z: [    0.306945] clocksource: jiffies: mask: 0xffffffff max_cycles: 0xffffffff, max_idle_ns: 19112604462750000 ns
[STDOUT  ] 2018-02-14T14:50:08.200102456Z: [    0.310022] futex hash table entries: 256 (order: 2, 16384 bytes)
[STDOUT  ] 2018-02-14T14:50:08.200110098Z: [    0.320245] NET: Registered protocol family 16
[STDOUT  ] 2018-02-14T14:50:08.200115792Z: [    0.324351] cpuidle: using governor ladder
[STDOUT  ] 2018-02-14T14:50:08.200121514Z: [    0.327858] cpuidle: using governor menu
[STDOUT  ] 2018-02-14T14:50:08.200127118Z: [    0.330328] ACPI: bus type PCI registered
[STDOUT  ] 2018-02-14T14:50:08.200132861Z: [    0.334291] PCI: MMCONFIG for domain 0000 [bus 00-ff] at [mem 0xb0000000-0xbfffffff] (base 0xb0000000)
[STDOUT  ] 2018-02-14T14:50:08.200140098Z: [    0.340012] PCI: MMCONFIG at [mem 0xb0000000-0xbfffffff] reserved in E820
[STDOUT  ] 2018-02-14T14:50:08.200145777Z: [    0.345745] PCI: Using configuration type 1 for base access
[STDOUT  ] 2018-02-14T14:50:08.200151492Z: [    0.351719] HugeTLB registered 2 MB page size, pre-allocated 0 pages
[STDOUT  ] 2018-02-14T14:50:08.200157218Z: [    0.360250] ACPI: Added _OSI(Module Device)
[STDOUT  ] 2018-02-14T14:50:08.200162797Z: [    0.363828] ACPI: Added _OSI(Processor Device)
[STDOUT  ] 2018-02-14T14:50:08.200176752Z: [    0.367657] ACPI: Added _OSI(3.0 _SCP Extensions)
[STDOUT  ] 2018-02-14T14:50:08.200182357Z: [    0.370008] ACPI: Added _OSI(Processor Aggregator Device)
[STDOUT  ] 2018-02-14T14:50:08.200192126Z: [    0.384129] ACPI: Interpreter enabled
[STDOUT  ] 2018-02-14T14:50:08.200197791Z: [    0.387334] ACPI: (supports S0 S5)
[STDOUT  ] 2018-02-14T14:50:08.200203448Z: [    0.390007] ACPI: Using IOAPIC for interrupt routing
[STDOUT  ] 2018-02-14T14:50:08.200211408Z: [    0.394596] PCI: Using host bridge windows from ACPI; if necessary, use "pci=nocrs" and report a bug
[STDOUT  ] 2018-02-14T14:50:08.200217213Z: [    0.402906] ACPI: PCI Root Bridge [PCI0] (domain 0000 [bus 00-ff])
[STDOUT  ] 2018-02-14T14:50:08.2002229Z: [    0.410015] acpi PNP0A08:00: _OSC: OS supports [ExtendedConfig ASPM ClockPM Segments MSI]
[STDOUT  ] 2018-02-14T14:50:08.20023061Z: [    0.417015] acpi PNP0A08:00: _OSC: OS now controls [PCIeHotplug PME PCIeCapability]
[STDOUT  ] 2018-02-14T14:50:08.200236419Z: [    0.420089] PCI host bridge to bus 0000:00
[STDOUT  ] 2018-02-14T14:50:08.200242139Z: [    0.423584] pci_bus 0000:00: root bus resource [io  0x0000-0x0cf7 window]
[STDOUT  ] 2018-02-14T14:50:08.200247759Z: [    0.430011] pci_bus 0000:00: root bus resource [io  0x0d00-0xffff window]
[STDOUT  ] 2018-02-14T14:50:08.200253346Z: [    0.435690] pci_bus 0000:00: root bus resource [mem 0x000a0000-0x000bffff window]
[STDOUT  ] 2018-02-14T14:50:08.200258955Z: [    0.440008] pci_bus 0000:00: root bus resource [mem 0xc0000000-0xfebfffff window]
[STDOUT  ] 2018-02-14T14:50:08.200264575Z: [    0.450008] pci_bus 0000:00: root bus resource [bus 00-ff]
[STDOUT  ] 2018-02-14T14:50:08.200270234Z: [    0.607204] pci 0000:00:1f.0: quirk: [io  0x0600-0x067f] claimed by ICH6 ACPI/GPIO/TCO
[STDOUT  ] 2018-02-14T14:50:08.2002759Z: [    0.685730] ACPI: PCI Interrupt Link [LNKA] (IRQs 5 *10 11)
[STDOUT  ] 2018-02-14T14:50:08.200281572Z: [    0.691878] ACPI: PCI Interrupt Link [LNKB] (IRQs 5 *10 11)
[STDOUT  ] 2018-02-14T14:50:08.20028721Z: [    0.697708] ACPI: PCI Interrupt Link [LNKC] (IRQs 5 10 *11)
[STDOUT  ] 2018-02-14T14:50:08.200292824Z: [    0.701897] ACPI: PCI Interrupt Link [LNKD] (IRQs 5 10 *11)
[STDOUT  ] 2018-02-14T14:50:08.200298429Z: [    0.710098] ACPI: PCI Interrupt Link [LNKE] (IRQs 5 *10 11)
[STDOUT  ] 2018-02-14T14:50:08.200304024Z: [    0.715818] ACPI: PCI Interrupt Link [LNKF] (IRQs 5 *10 11)
[STDOUT  ] 2018-02-14T14:50:08.200309645Z: [    0.721580] ACPI: PCI Interrupt Link [LNKG] (IRQs 5 10 *11)
[STDOUT  ] 2018-02-14T14:50:08.200319786Z: [    0.727325] ACPI: PCI Interrupt Link [LNKH] (IRQs 5 10 *11)
[STDOUT  ] 2018-02-14T14:50:08.200325485Z: [    0.731712] ACPI: PCI Interrupt Link [GSIA] (IRQs *16)
[STDOUT  ] 2018-02-14T14:50:08.200331126Z: [    0.736583] ACPI: PCI Interrupt Link [GSIB] (IRQs *17)
[STDOUT  ] 2018-02-14T14:50:08.200336694Z: [    0.740918] ACPI: PCI Interrupt Link [GSIC] (IRQs *18)
[STDOUT  ] 2018-02-14T14:50:08.2003423Z: [    0.745716] ACPI: PCI Interrupt Link [GSID] (IRQs *19)
[STDOUT  ] 2018-02-14T14:50:08.200348002Z: [    0.750925] ACPI: PCI Interrupt Link [GSIE] (IRQs *20)
[STDOUT  ] 2018-02-14T14:50:08.200354086Z: [    0.755780] ACPI: PCI Interrupt Link [GSIF] (IRQs *21)
[STDOUT  ] 2018-02-14T14:50:08.200637549Z: [    0.760919] ACPI: PCI Interrupt Link [GSIG] (IRQs *22)
[STDOUT  ] 2018-02-14T14:50:08.200663653Z: [    0.765773] ACPI: PCI Interrupt Link [GSIH] (IRQs *23)
[STDOUT  ] 2018-02-14T14:50:08.200676548Z: [    0.771210] ACPI: Enabled 1 GPEs in block 00 to 3F
[STDOUT  ] 2018-02-14T14:50:08.200689011Z: [    0.776190] SCSI subsystem initialized
[STDOUT  ] 2018-02-14T14:50:08.200707743Z: [    0.780085] ACPI: bus type USB registered
[STDOUT  ] 2018-02-14T14:50:08.200720144Z: [    0.783770] usbcore: registered new interface driver usbfs
[STDOUT  ] 2018-02-14T14:50:08.200732042Z: [    0.788508] usbcore: registered new interface driver hub
[STDOUT  ] 2018-02-14T14:50:08.20074389Z: [    0.790038] usbcore: registered new device driver usb
[STDOUT  ] 2018-02-14T14:50:08.200755946Z: [    0.794484] pps_core: LinuxPPS API ver. 1 registered
[STDOUT  ] 2018-02-14T14:50:08.200767734Z: [    0.800006] pps_core: Software ver. 5.3.6 - Copyright 2005-2007 Rodolfo Giometti <giometti@linux.it>
[STDOUT  ] 2018-02-14T14:50:08.20078868Z: [    0.810020] PTP clock support registered
[STDOUT  ] 2018-02-14T14:50:08.20080073Z: [    0.813567] wmi: Mapper loaded
[STDOUT  ] 2018-02-14T14:50:08.200813311Z: [    0.816366] PCI: Using ACPI for IRQ routing
[STDOUT  ] 2018-02-14T14:50:08.20082497Z: [    1.212043] NetLabel: Initializing
[STDOUT  ] 2018-02-14T14:50:08.200837271Z: [    1.215196] NetLabel:  domain hash size = 128
[STDOUT  ] 2018-02-14T14:50:08.200848888Z: [    1.219023] NetLabel:  protocols = UNLABELED CIPSOv4
[STDOUT  ] 2018-02-14T14:50:08.200876124Z: [    1.220044] NetLabel:  unlabeled traffic allowed by default
[STDOUT  ] 2018-02-14T14:50:08.200888252Z: [    1.224972] HPET: 3 timers in total, 0 timers will be used for per-cpu timer
[STDOUT  ] 2018-02-14T14:50:08.200900458Z: [    1.230122] hpet0: at MMIO 0xfed00000, IRQs 2, 8, 0
[STDOUT  ] 2018-02-14T14:50:08.200912372Z: [    1.234878] hpet0: 3 comparators, 64-bit 100.000000 MHz counter
[STDOUT  ] 2018-02-14T14:50:08.200924039Z: [    1.244611] clocksource: Switched to clocksource kvm-clock
[STDOUT  ] 2018-02-14T14:50:08.200935776Z: [    1.259371] VFS: Disk quotas dquot_6.6.0
[STDOUT  ] 2018-02-14T14:50:08.20094764Z: [    1.263144] VFS: Dquot-cache hash table entries: 512 (order 0, 4096 bytes)
[STDOUT  ] 2018-02-14T14:50:08.200965442Z: [    1.269235] FS-Cache: Loaded
[STDOUT  ] 2018-02-14T14:50:08.20097738Z: [    1.272044] CacheFiles: Loaded
[STDOUT  ] 2018-02-14T14:50:08.200989014Z: [    1.274784] pnp: PnP ACPI init
[STDOUT  ] 2018-02-14T14:50:08.201000981Z: [    1.278939] pnp: PnP ACPI: found 5 devices
[STDOUT  ] 2018-02-14T14:50:08.201012507Z: [    1.288652] clocksource: acpi_pm: mask: 0xffffff max_cycles: 0xffffff, max_idle_ns: 2085701024 ns
[STDOUT  ] 2018-02-14T14:50:08.201024415Z: [    1.296518] NET: Registered protocol family 2
[STDOUT  ] 2018-02-14T14:50:08.201035795Z: [    1.300609] TCP established hash table entries: 8192 (order: 4, 65536 bytes)
[STDOUT  ] 2018-02-14T14:50:08.201047369Z: [    1.306659] TCP bind hash table entries: 8192 (order: 5, 131072 bytes)
[STDOUT  ] 2018-02-14T14:50:08.201059204Z: [    1.312273] TCP: Hash tables configured (established 8192 bind 8192)
[STDOUT  ] 2018-02-14T14:50:08.20107057Z: [    1.318417] UDP hash table entries: 512 (order: 2, 16384 bytes)
[STDOUT  ] 2018-02-14T14:50:08.201086851Z: [    1.323687] UDP-Lite hash table entries: 512 (order: 2, 16384 bytes)
[STDOUT  ] 2018-02-14T14:50:08.201098805Z: [    1.329294] NET: Registered protocol family 1
[STDOUT  ] 2018-02-14T14:50:08.201110682Z: [    1.333407] pci 0000:00:01.0: Video device with shadowed ROM at [mem 0x000c0000-0x000dffff]
[STDOUT  ] 2018-02-14T14:50:08.201122257Z: [    1.340905] Unpacking initramfs...
[STDOUT  ] 2018-02-14T14:50:08.201133712Z: [    1.894592] Freeing initrd memory: 31324K (ffff9c8d7e139000 - ffff9c8d7ffd0000)
[STDOUT  ] 2018-02-14T14:50:08.201145312Z: [    1.901941] PCLMULQDQ-NI instructions are not detected.
[STDOUT  ] 2018-02-14T14:50:08.201162278Z: [    1.906502] AVX or AES-NI instructions are not detected.
[STDOUT  ] 2018-02-14T14:50:08.201174394Z: [    1.911129] CPU feature 'AVX registers' is not supported.
[STDOUT  ] 2018-02-14T14:50:08.2011861Z: [    1.915734] CPU feature 'AVX registers' is not supported.
[STDOUT  ] 2018-02-14T14:50:08.201198166Z: [    1.920404] CPU feature 'AVX registers' is not supported.
[STDOUT  ] 2018-02-14T14:50:08.201212609Z: [    1.925015] CPU feature 'AVX registers' is not supported.
[STDOUT  ] 2018-02-14T14:50:08.201223868Z: [    1.929625] AVX2 or AES-NI instructions are not detected.
[STDOUT  ] 2018-02-14T14:50:08.201236225Z: [    1.934326] AVX2 instructions are not detected.
[STDOUT  ] 2018-02-14T14:50:08.201247715Z: [    1.938451] audit: initializing netlink subsys (disabled)
[STDOUT  ] 2018-02-14T14:50:08.201259411Z: [    1.943370] audit: type=2000 audit(1518619793.653:1): initialized
[STDOUT  ] 2018-02-14T14:50:08.201270788Z: [    1.949215] workingset: timestamp_bits=46 max_order=18 bucket_order=0
[STDOUT  ] 2018-02-14T14:50:08.201284943Z: [    1.955917] FS-Cache: Netfs 'cifs' registered for caching
[STDOUT  ] 2018-02-14T14:50:08.20130048Z: [    1.960837] fuse init (API version 7.26)
[STDOUT  ] 2018-02-14T14:50:08.201312231Z: [    1.964354] SGI XFS with ACLs, security attributes, no debug enabled
[STDOUT  ] 2018-02-14T14:50:08.201324995Z: [    1.969903] 9p: Installing v9fs 9p2000 file system support
[STDOUT  ] 2018-02-14T14:50:08.20133685Z: [    1.974667] FS-Cache: Netfs '9p' registered for caching
[STDOUT  ] 2018-02-14T14:50:08.201348448Z: [    1.980143] NET: Registered protocol family 38
[STDOUT  ] 2018-02-14T14:50:08.201360191Z: [    1.983939] Key type asymmetric registered
[STDOUT  ] 2018-02-14T14:50:08.201372004Z: [    1.987434] Asymmetric key parser 'x509' registered
[STDOUT  ] 2018-02-14T14:50:08.201383518Z: [    1.991756] Block layer SCSI generic (bsg) driver version 0.4 loaded (major 251)
[STDOUT  ] 2018-02-14T14:50:08.201395168Z: [    1.998066] io scheduler noop registered
[STDOUT  ] 2018-02-14T14:50:08.201413418Z: [    2.001550] io scheduler deadline registered (default)
[STDOUT  ] 2018-02-14T14:50:08.201429676Z: [    2.006062] io scheduler cfq registered
[STDOUT  ] 2018-02-14T14:50:08.201441258Z: [    2.009455] pci_hotplug: PCI Hot Plug PCI Core version: 0.5
[STDOUT  ] 2018-02-14T14:50:08.201452592Z: [    2.014345] pciehp: PCI Express Hot Plug Controller Driver version: 0.4
[STDOUT  ] 2018-02-14T14:50:08.201464096Z: [    2.019944] shpchp: Standard Hot Plug PCI Controller Driver version: 0.4
[STDOUT  ] 2018-02-14T14:50:08.201480605Z: [    2.025843] hv_vmbus: registering driver hyperv_fb
[STDOUT  ] 2018-02-14T14:50:08.201492031Z: [    2.030149] input: Power Button as /devices/LNXSYSTM:00/LNXPWRBN:00/input/input0
[STDOUT  ] 2018-02-14T14:50:08.201503942Z: [    2.036435] ACPI: Power Button [PWRF]
[STDOUT  ] 2018-02-14T14:50:08.201515396Z: [    2.039959] GHES: HEST is not enabled!
[STDOUT  ] 2018-02-14T14:50:08.201526612Z: [    2.043714] ACPI: PCI Interrupt Link [GSIG] enabled at IRQ 22
[STDOUT  ] 2018-02-14T14:50:08.201538285Z: [    2.055115] ACPI: PCI Interrupt Link [GSIH] enabled at IRQ 23
[STDOUT  ] 2018-02-14T14:50:08.20154977Z: [    2.066482] xenfs: not registering filesystem on non-xen platform
[STDOUT  ] 2018-02-14T14:50:08.201561267Z: [    2.072024] Serial: 8250/16550 driver, 4 ports, IRQ sharing disabled
[STDOUT  ] 2018-02-14T14:50:08.201573301Z: [    2.110387] 00:04: ttyS0 at I/O 0x3f8 (irq = 4, base_baud = 115200) is a 16550A
[STDOUT  ] 2018-02-14T14:50:08.201590129Z: [    2.117685] Non-volatile memory driver v1.3
[STDOUT  ] 2018-02-14T14:50:08.201602406Z: [    2.122910] Hangcheck: starting hangcheck timer 0.9.1 (tick is 180 seconds, margin is 60 seconds).
[STDOUT  ] 2018-02-14T14:50:08.201614426Z: [    2.131032] random: fast init done
[STDOUT  ] 2018-02-14T14:50:08.201625828Z: [    2.134406] random: crng init done
[STDOUT  ] 2018-02-14T14:50:08.201637573Z: [    2.139113] loop: module loaded
[STDOUT  ] 2018-02-14T14:50:08.201648839Z: [    2.142667] nbd: registered device at major 43
[STDOUT  ] 2018-02-14T14:50:08.201660248Z: [    2.148123] lpc_ich 0000:00:1f.0: I/O space for GPIO uninitialized
[STDOUT  ] 2018-02-14T14:50:08.201677929Z: [    2.153650] VMware PVSCSI driver - version 1.0.7.0-k
[STDOUT  ] 2018-02-14T14:50:08.201689455Z: [    2.157905] hv_vmbus: registering driver hv_storvsc
[STDOUT  ] 2018-02-14T14:50:08.201701097Z: [    2.162607] ACPI: PCI Interrupt Link [GSIA] enabled at IRQ 16
[STDOUT  ] 2018-02-14T14:50:08.201713131Z: [    2.170533] ahci 0000:00:1f.2: AHCI 0001.0000 32 slots 6 ports 1.5 Gbps 0x3f impl SATA mode
[STDOUT  ] 2018-02-14T14:50:08.201725084Z: [    2.177621] ahci 0000:00:1f.2: flags: 64bit ncq only 
[STDOUT  ] 2018-02-14T14:50:08.201742558Z: [    2.185378] scsi host0: ahci
[STDOUT  ] 2018-02-14T14:50:08.201754121Z: [    2.188075] scsi host1: ahci
[STDOUT  ] 2018-02-14T14:50:08.201765968Z: [    2.190757] scsi host2: ahci
[STDOUT  ] 2018-02-14T14:50:08.201777582Z: [    2.193426] scsi host3: ahci
[STDOUT  ] 2018-02-14T14:50:08.201788943Z: [    2.196088] scsi host4: ahci
[STDOUT  ] 2018-02-14T14:50:08.201806124Z: [    2.198711] scsi host5: ahci
[STDOUT  ] 2018-02-14T14:50:08.201817594Z: [    2.201409] ata1: SATA max UDMA/133 abar m4096@0xfebd2000 port 0xfebd2100 irq 24
[STDOUT  ] 2018-02-14T14:50:08.201834065Z: [    2.207615] ata2: SATA max UDMA/133 abar m4096@0xfebd2000 port 0xfebd2180 irq 24
[STDOUT  ] 2018-02-14T14:50:08.201845422Z: [    2.213919] ata3: SATA max UDMA/133 abar m4096@0xfebd2000 port 0xfebd2200 irq 24
[STDOUT  ] 2018-02-14T14:50:08.201857402Z: [    2.220409] ata4: SATA max UDMA/133 abar m4096@0xfebd2000 port 0xfebd2280 irq 24
[STDOUT  ] 2018-02-14T14:50:08.201869121Z: [    2.226667] ata5: SATA max UDMA/133 abar m4096@0xfebd2000 port 0xfebd2300 irq 24
[STDOUT  ] 2018-02-14T14:50:08.201880963Z: [    2.236200] ata6: SATA max UDMA/133 abar m4096@0xfebd2000 port 0xfebd2380 irq 24
[STDOUT  ] 2018-02-14T14:50:08.201892188Z: [    2.244577] tun: Universal TUN/TAP device driver, 1.6
[STDOUT  ] 2018-02-14T14:50:08.201903861Z: [    2.249045] tun: (C) 1999-2004 Max Krasnyansky <maxk@qualcomm.com>
[STDOUT  ] 2018-02-14T14:50:08.20191551Z: [    2.258572] VMware vmxnet3 virtual NIC driver - version 1.4.a.0-k-NAPI
[STDOUT  ] 2018-02-14T14:50:08.201935461Z: [    2.264325] hv_vmbus: registering driver hv_netvsc
[STDOUT  ] 2018-02-14T14:50:08.20194722Z: [    2.268496] Fusion MPT base driver 3.04.20
[STDOUT  ] 2018-02-14T14:50:08.202019008Z: [    2.272186] Copyright (c) 1999-2008 LSI Corporation
[STDOUT  ] 2018-02-14T14:50:08.202032513Z: [    2.276427] Fusion MPT SPI Host driver 3.04.20
[STDOUT  ] 2018-02-14T14:50:08.202044267Z: [    2.280528] i8042: PNP: PS/2 Controller [PNP0303:KBD,PNP0f13:MOU] at 0x60,0x64 irq 1,12
[STDOUT  ] 2018-02-14T14:50:08.202059244Z: [    2.290823] serio: i8042 KBD port at 0x60,0x64 irq 1
[STDOUT  ] 2018-02-14T14:50:08.202193241Z: [    2.295046] serio: i8042 AUX port at 0x60,0x64 irq 12
[STDOUT  ] 2018-02-14T14:50:08.202205337Z: [    2.299459] hv_vmbus: registering driver hyperv_keyboard
[STDOUT  ] 2018-02-14T14:50:08.20221678Z: [    2.304340] mousedev: PS/2 mouse device common for all mice
[STDOUT  ] 2018-02-14T14:50:08.202228102Z: [    2.310534] input: AT Translated Set 2 keyboard as /devices/platform/i8042/serio0/input/input1
[STDOUT  ] 2018-02-14T14:50:08.202240488Z: [    2.318035] input: PC Speaker as /devices/platform/pcspkr/input/input2
[STDOUT  ] 2018-02-14T14:50:08.202251999Z: [    2.324803] rtc_cmos 00:00: RTC can wake from S4
[STDOUT  ] 2018-02-14T14:50:08.20226835Z: [    2.330484] rtc_cmos 00:00: rtc core: registered rtc_cmos as rtc0
[STDOUT  ] 2018-02-14T14:50:08.20227995Z: [    2.336495] rtc_cmos 00:00: alarms up to one day, y3k, 114 bytes nvram, hpet irqs
[STDOUT  ] 2018-02-14T14:50:08.202291559Z: [    2.342930] i2c /dev entries driver
[STDOUT  ] 2018-02-14T14:50:08.202302931Z: [    2.346157] device-mapper: ioctl: 4.35.0-ioctl (2016-06-23) initialised: dm-devel@redhat.com
[STDOUT  ] 2018-02-14T14:50:08.202314497Z: [    2.354219] usbcore: registered new interface driver usbhid
[STDOUT  ] 2018-02-14T14:50:08.202326117Z: [    2.359000] usbhid: USB HID core driver
[STDOUT  ] 2018-02-14T14:50:08.202337246Z: [    2.362470] hv_utils: Registering HyperV Utility Driver
[STDOUT  ] 2018-02-14T14:50:08.202348959Z: [    2.366910] hv_vmbus: registering driver hv_util
[STDOUT  ] 2018-02-14T14:50:08.202360281Z: [    2.371216] hv_vmbus: registering driver hv_balloon
[STDOUT  ] 2018-02-14T14:50:08.202371485Z: [    2.375431] oprofile: using NMI interrupt.
[STDOUT  ] 2018-02-14T14:50:08.202382719Z: [    2.379011] GACT probability on
[STDOUT  ] 2018-02-14T14:50:08.202393955Z: [    2.381850] Mirror/redirect action on
[STDOUT  ] 2018-02-14T14:50:08.202405092Z: [    2.385018] Simple TC action Loaded
[STDOUT  ] 2018-02-14T14:50:08.20241652Z: [    2.388039] u32 classifier
[STDOUT  ] 2018-02-14T14:50:08.202427653Z: [    2.390511]     Performance counters on
[STDOUT  ] 2018-02-14T14:50:08.202439049Z: [    2.393844]     input device check on
[STDOUT  ] 2018-02-14T14:50:08.202455643Z: [    2.397006]     Actions configured
[STDOUT  ] 2018-02-14T14:50:08.202467215Z: [    2.399980] Netfilter messages via NETLINK v0.30.
[STDOUT  ] 2018-02-14T14:50:08.20247863Z: [    2.404105] nfnl_acct: registering with nfnetlink.
[STDOUT  ] 2018-02-14T14:50:08.202495388Z: [    2.408305] nf_conntrack version 0.5.0 (8192 buckets, 32768 max)
[STDOUT  ] 2018-02-14T14:50:08.202506852Z: [    2.413580] ctnetlink v0.93: registering with nfnetlink.
[STDOUT  ] 2018-02-14T14:50:08.202518062Z: [    2.418113] nf_tables: (c) 2007-2009 Patrick McHardy <kaber@trash.net>
[STDOUT  ] 2018-02-14T14:50:08.202529488Z: [    2.423670] nf_tables_compat: (c) 2012 Pablo Neira Ayuso <pablo@netfilter.org>
[STDOUT  ] 2018-02-14T14:50:08.202541093Z: [    2.429838] xt_time: kernel timezone is -0000
[STDOUT  ] 2018-02-14T14:50:08.202552491Z: [    2.433662] ip_set: protocol 6
[STDOUT  ] 2018-02-14T14:50:08.202564072Z: [    2.436369] IPVS: Registered protocols (TCP, UDP, SCTP, AH, ESP)
[STDOUT  ] 2018-02-14T14:50:08.202575378Z: [    2.441535] IPVS: Connection hash table configured (size=4096, memory=64Kbytes)
[STDOUT  ] 2018-02-14T14:50:08.202586675Z: [    2.447809] IPVS: Creating netns size=2104 id=0
[STDOUT  ] 2018-02-14T14:50:08.20259811Z: [    2.452767] IPVS: ipvs loaded.
[STDOUT  ] 2018-02-14T14:50:08.202609716Z: [    2.455392] IPVS: [rr] scheduler registered.
[STDOUT  ] 2018-02-14T14:50:08.202621602Z: [    2.459046] IPVS: [wrr] scheduler registered.
[STDOUT  ] 2018-02-14T14:50:08.202632982Z: [    2.463090] IPVS: [lc] scheduler registered.
[STDOUT  ] 2018-02-14T14:50:08.202649103Z: [    2.466754] IPVS: [wlc] scheduler registered.
[STDOUT  ] 2018-02-14T14:50:08.202660435Z: [    2.470885] IPVS: [fo] scheduler registered.
[STDOUT  ] 2018-02-14T14:50:08.202672108Z: [    2.474639] IPVS: [ovf] scheduler registered.
[STDOUT  ] 2018-02-14T14:50:08.202683828Z: [    2.478731] IPVS: [lblc] scheduler registered.
[STDOUT  ] 2018-02-14T14:50:08.20269594Z: [    2.482600] IPVS: [lblcr] scheduler registered.
[STDOUT  ] 2018-02-14T14:50:08.202707557Z: [    2.486759] IPVS: [dh] scheduler registered.
[STDOUT  ] 2018-02-14T14:50:08.20271911Z: [    2.490490] IPVS: [sh] scheduler registered.
[STDOUT  ] 2018-02-14T14:50:08.202730858Z: [    2.494481] IPVS: [sed] scheduler registered.
[STDOUT  ] 2018-02-14T14:50:08.202742686Z: [    2.498191] IPVS: [nq] scheduler registered.
[STDOUT  ] 2018-02-14T14:50:08.202753886Z: [    2.502168] IPVS: ftp: loaded support on port[0] = 21
[STDOUT  ] 2018-02-14T14:50:08.202765927Z: [    2.506562] ipip: IPv4 and MPLS over IPv4 tunneling driver
[STDOUT  ] 2018-02-14T14:50:08.202781588Z: [    2.511723] gre: GRE over IPv4 demultiplexor driver
[STDOUT  ] 2018-02-14T14:50:08.202793266Z: [    2.516291] ip_tables: (C) 2000-2006 Netfilter Core Team
[STDOUT  ] 2018-02-14T14:50:08.202808881Z: [    2.521238] ipt_CLUSTERIP: ClusterIP Version 0.8 loaded successfully
[STDOUT  ] 2018-02-14T14:50:08.20282034Z: [    2.526934] arp_tables: arp_tables: (C) 2002 David S. Miller
[STDOUT  ] 2018-02-14T14:50:08.202832267Z: [    2.532248] NET: Registered protocol family 10
[STDOUT  ] 2018-02-14T14:50:08.202843396Z: [    2.536482] ip6_tables: (C) 2000-2006 Netfilter Core Team
[STDOUT  ] 2018-02-14T14:50:08.202855565Z: [    2.542061] NET: Registered protocol family 17
[STDOUT  ] 2018-02-14T14:50:08.202866925Z: [    2.545913] Bridge firewalling registered
[STDOUT  ] 2018-02-14T14:50:08.202878362Z: [    2.549683] Ebtables v2.0 registered
[STDOUT  ] 2018-02-14T14:50:08.202894204Z: [    2.553080] 8021q: 802.1Q VLAN Support v1.8
[STDOUT  ] 2018-02-14T14:50:08.202905603Z: [    2.556945] 9pnet: Installing 9P2000 support
[STDOUT  ] 2018-02-14T14:50:08.202916812Z: [    2.560733] Key type dns_resolver registered
[STDOUT  ] 2018-02-14T14:50:08.202928247Z: [    2.564891] microcode: sig=0x663, pf=0x1, revision=0x1
[STDOUT  ] 2018-02-14T14:50:08.202939607Z: [    2.569331] microcode: Microcode Update Driver: v2.01 <tigran@aivazian.fsnet.co.uk>, Peter Oruba
[STDOUT  ] 2018-02-14T14:50:08.20295099Z: [    2.577426] ata3: SATA link up 1.5 Gbps (SStatus 113 SControl 300)
[STDOUT  ] 2018-02-14T14:50:08.202971917Z: [    2.583623] ata2: SATA link down (SStatus 0 SControl 300)
[STDOUT  ] 2018-02-14T14:50:08.202983331Z: [    2.589081] ata1: SATA link up 1.5 Gbps (SStatus 113 SControl 300)
[STDOUT  ] 2018-02-14T14:50:08.202998624Z: [    2.595312] ata6: SATA link down (SStatus 0 SControl 300)
[STDOUT  ] 2018-02-14T14:50:08.20300987Z: [    2.600767] ata5: SATA link down (SStatus 0 SControl 300)
[STDOUT  ] 2018-02-14T14:50:08.203021324Z: [    2.606056] ata4: SATA link down (SStatus 0 SControl 300)
[STDOUT  ] 2018-02-14T14:50:08.203033527Z: [    2.610914] ata1.00: ATA-7: QEMU HARDDISK, 2.5+, max UDMA/100
[STDOUT  ] 2018-02-14T14:50:08.203049232Z: [    2.615731] ata1.00: 1048576 sectors, multi 16: LBA48 NCQ (depth 31/32)
[STDOUT  ] 2018-02-14T14:50:08.203061076Z: [    2.621440] ata1.00: applying bridge limits
[STDOUT  ] 2018-02-14T14:50:08.2030725Z: [    2.625305] ata3.00: ATAPI: QEMU DVD-ROM, 2.5+, max UDMA/100
[STDOUT  ] 2018-02-14T14:50:08.2030839Z: [    2.630168] ata3.00: applying bridge limits
[STDOUT  ] 2018-02-14T14:50:08.203095235Z: [    2.634154] registered taskstats version 1
[STDOUT  ] 2018-02-14T14:50:08.2031064Z: [    2.638144] ata3.00: configured for UDMA/100
[STDOUT  ] 2018-02-14T14:50:08.203118201Z: [    2.643658] ata1.00: configured for UDMA/100
[STDOUT  ] 2018-02-14T14:50:08.203129792Z: [    2.648832] scsi 0:0:0:0: Direct-Access     ATA      QEMU HARDDISK    2.5+ PQ: 0 ANSI: 5
[STDOUT  ] 2018-02-14T14:50:08.203141306Z: [    2.657735] sd 0:0:0:0: Attached scsi generic sg0 type 0
[STDOUT  ] 2018-02-14T14:50:08.203157954Z: [    2.662673] sd 0:0:0:0: [sda] 1048576 512-byte logical blocks: (537 MB/512 MiB)
[STDOUT  ] 2018-02-14T14:50:08.203170076Z: [    2.670443] sd 0:0:0:0: [sda] Write Protect is off
[STDOUT  ] 2018-02-14T14:50:08.203181325Z: [    2.674803] Key type big_key registered
[STDOUT  ] 2018-02-14T14:50:08.203192641Z: [    2.678531] scsi 2:0:0:0: CD-ROM            QEMU     QEMU DVD-ROM     2.5+ PQ: 0 ANSI: 5
[STDOUT  ] 2018-02-14T14:50:08.203204429Z: [    2.687939] sd 0:0:0:0: [sda] Write cache: enabled, read cache: enabled, doesn't support DPO or FUA
[STDOUT  ] 2018-02-14T14:50:08.203234504Z: [    2.697064] Key type encrypted registered
[STDOUT  ] 2018-02-14T14:50:08.203246868Z: [    2.702538] rtc_cmos 00:00: setting system clock to 2018-02-14 14:49:55 UTC (1518619795)
[STDOUT  ] 2018-02-14T14:50:08.203258811Z: [    2.710827] sr 2:0:0:0: [sr0] scsi3-mmc drive: 4x/4x cd/rw xa/form2 tray
[STDOUT  ] 2018-02-14T14:50:08.20327022Z: [    2.716595] cdrom: Uniform CD-ROM driver Revision: 3.20
[STDOUT  ] 2018-02-14T14:50:08.203285412Z: [    2.722298] sd 0:0:0:0: [sda] Attached SCSI disk
[STDOUT  ] 2018-02-14T14:50:08.203297265Z: [    2.727327] sr 2:0:0:0: Attached scsi generic sg1 type 5
[STDOUT  ] 2018-02-14T14:50:08.20331565Z: [    2.733762] Freeing unused kernel memory: 1380K (ffffffffaed57000 - ffffffffaeeb0000)
[STDOUT  ] 2018-02-14T14:50:08.203331117Z: [    2.740582] Write protecting the kernel read-only data: 12288k
[STDOUT  ] 2018-02-14T14:50:08.203342552Z: [    2.745852] Freeing unused kernel memory: 152K (ffff9c8d597da000 - ffff9c8d59800000)
[STDERR  ] 2018-02-14T14:50:08.203323267Z: + RESULT=[    0.000000] Linux version 4.9.38-linuxkit (root@e1ede117fb1e) (gcc version 6.3.0 (Alpine 6.3.0) ) #1 SMP Thu Jul 20 16:07:02 UTC 2017
[STDERR  ] 2018-02-14T14:50:08.203394853Z: [    0.000000] Command line: console=ttyS0 console=ttyAMA0
[STDERR  ] 2018-02-14T14:50:08.203413569Z: [    0.000000] x86/fpu: Legacy x87 FPU detected.
[STDERR  ] 2018-02-14T14:50:08.203555617Z: [    0.000000] x86/fpu: Using 'eager' FPU context switches.
[STDERR  ] 2018-02-14T14:50:08.203575641Z: [    0.000000] e820: BIOS-provided physical RAM map:
[STDERR  ] 2018-02-14T14:50:08.203593904Z: [    0.000000] BIOS-e820: [mem 0x0000000000000000-0x000000000009fbff] usable
[STDERR  ] 2018-02-14T14:50:08.203619969Z: [    0.000000] BIOS-e820: [mem 0x000000000009fc00-0x000000000009ffff] reserved
[STDERR  ] 2018-02-14T14:50:08.203644455Z: [    0.000000] BIOS-e820: [mem 0x00000000000f0000-0x00000000000fffff] reserved
[STDERR  ] 2018-02-14T14:50:08.203661763Z: [    0.000000] BIOS-e820: [mem 0x0000000000100000-0x000000003ffdefff] usable
[STDERR  ] 2018-02-14T14:50:08.203679613Z: [    0.000000] BIOS-e820: [mem 0x000000003ffdf000-0x000000003fffffff] reserved
[STDERR  ] 2018-02-14T14:50:08.203705712Z: [    0.000000] BIOS-e820: [mem 0x00000000b0000000-0x00000000bfffffff] reserved
[STDOUT  ] 2018-02-14T14:50:08.203362065Z: [    2.756228] Freeing unused kernel memory: 1400K (ffff9c8d59aa2000 - ffff9c8d59c00000)
[STDOUT  ] 2018-02-14T14:50:08.203749391Z: 
[STDOUT  ] 2018-02-14T14:50:08.203762975Z: Welcome to LinuxKit
[STDOUT  ] 2018-02-14T14:50:08.203776624Z: 
[STDOUT  ] 2018-02-14T14:50:08.203788988Z:                         ##         .
[STDOUT  ] 2018-02-14T14:50:08.203802257Z:                   ## ## ##        ==
[STDERR  ] 2018-02-14T14:50:08.203724522Z: [    0.000000] BIOS-e820: [mem 0x00000000fed1c000-0x00000000fed1ffff] reserved
[STDERR  ] 2018-02-14T14:50:08.203905426Z: [    0.000000] BIOS-e820: [mem 0x00000000feffc000-0x00000000feffffff] reserved
[STDERR  ] 2018-02-14T14:50:08.203915476Z: [    0.000000] BIOS-e820: [mem 0x00000000fffc0000-0x00000000ffffffff] reserved
[STDERR  ] 2018-02-14T14:50:08.203925156Z: [    0.000000] NX (Execute Disable) protection: active
[STDERR  ] 2018-02-14T14:50:08.203934671Z: [    0.000000] SMBIOS 2.8 present.
[STDERR  ] 2018-02-14T14:50:08.203944124Z: [    0.000000] Hypervisor detected: KVM
[STDERR  ] 2018-02-14T14:50:08.203960217Z: [    0.000000] e820: last_pfn = 0x3ffdf max_arch_pfn = 0x400000000
[STDERR  ] 2018-02-14T14:50:08.203968946Z: [    0.000000] x86/PAT: PAT not supported by CPU.
[STDERR  ] 2018-02-14T14:50:08.203976855Z: [    0.000000] x86/PAT: Configuration [0-7]: WB  WT  UC- UC  WB  WT  UC- UC  
[STDERR  ] 2018-02-14T14:50:08.203985355Z: [    0.000000] found SMP MP-table at [mem 0x000f6aa0-0x000f6aaf] mapped at [ffff9c8d400f6aa0]
[STDERR  ] 2018-02-14T14:50:08.203995471Z: [    0.000000] RAMDISK: [mem 0x3e139000-0x3ffcffff]
[STDERR  ] 2018-02-14T14:50:08.204003532Z: [    0.000000] ACPI: Early table checksum verification disabled
[STDERR  ] 2018-02-14T14:50:08.204011694Z: [    0.000000] ACPI: RSDP 0x00000000000F68B0 000014 (v00 BOCHS )
[STDERR  ] 2018-02-14T14:50:08.204019888Z: [    0.000000] ACPI: RSDT 0x000000003FFE20A8 000034 (v01 BOCHS  BXPCRSDT 00000001 BXPC 00000001)
[STDERR  ] 2018-02-14T14:50:08.204029449Z: [    0.000000] ACPI: FACP 0x000000003FFE1EC8 0000F4 (v03 BOCHS  BXPCFACP 00000001 BXPC 00000001)
[STDERR  ] 2018-02-14T14:50:08.204037676Z: [    0.000000] ACPI: DSDT 0x000000003FFE0040 001E88 (v01 BOCHS  BXPCDSDT 00000001 BXPC 00000001)
[STDERR  ] 2018-02-14T14:50:08.204051515Z: [    0.000000] ACPI: FACS 0x000000003FFE0000 000040
[STDERR  ] 2018-02-14T14:50:08.204059778Z: [    0.000000] ACPI: APIC 0x000000003FFE1FBC 000078 (v01 BOCHS  BXPCAPIC 00000001 BXPC 00000001)
[STDERR  ] 2018-02-14T14:50:08.204067801Z: [    0.000000] ACPI: HPET 0x000000003FFE2034 000038 (v01 BOCHS  BXPCHPET 00000001 BXPC 00000001)
[STDERR  ] 2018-02-14T14:50:08.204076456Z: [    0.000000] ACPI: MCFG 0x000000003FFE206C 00003C (v01 BOCHS  BXPCMCFG 00000001 BXPC 00000001)
[STDERR  ] 2018-02-14T14:50:08.204084664Z: [    0.000000] kvm-clock: Using msrs 4b564d01 and 4b564d00
[STDERR  ] 2018-02-14T14:50:08.204099683Z: [    0.000000] kvm-clock: cpu 0, msr 0:3ffdd001, primary cpu clock
[STDERR  ] 2018-02-14T14:50:08.204115827Z: [    0.000000] clocksource: kvm-clock: mask: 0xffffffffffffffff max_cycles: 0x1cd42e4dffb, max_idle_ns: 881590591483 ns
[STDERR  ] 2018-02-14T14:50:08.204176627Z: [    0.000000] Zone ranges:
[STDERR  ] 2018-02-14T14:50:08.204185245Z: [    0.000000]   DMA      [mem 0x0000000000001000-0x0000000000ffffff]
[STDERR  ] 2018-02-14T14:50:08.204194355Z: [    0.000000]   DMA32    [mem 0x0000000001000000-0x000000003ffdefff]
[STDERR  ] 2018-02-14T14:50:08.204286578Z: [    0.000000]   Normal   empty
[STDERR  ] 2018-02-14T14:50:08.204295695Z: [    0.000000] Movable zone start for each node
[STDERR  ] 2018-02-14T14:50:08.2043044Z: [    0.000000] Early memory node ranges
[STDERR  ] 2018-02-14T14:50:08.204313225Z: [    0.000000]   node   0: [mem 0x0000000000001000-0x000000000009efff]
[STDERR  ] 2018-02-14T14:50:08.204321712Z: [    0.000000]   node   0: [mem 0x0000000000100000-0x000000003ffdefff]
[STDERR  ] 2018-02-14T14:50:08.20433462Z: [    0.000000] Initmem setup node 0 [mem 0x0000000000001000-0x000000003ffdefff]
[STDERR  ] 2018-02-14T14:50:08.204344239Z: [    0.000000] ACPI: PM-Timer IO Port: 0x608
[STDERR  ] 2018-02-14T14:50:08.204353715Z: [    0.000000] ACPI: LAPIC_NMI (acpi_id[0xff] dfl dfl lint[0x1])
[STDERR  ] 2018-02-14T14:50:08.204362861Z: [    0.000000] IOAPIC[0]: apic_id 0, version 17, address 0xfec00000, GSI 0-23
[STDERR  ] 2018-02-14T14:50:08.204371483Z: [    0.000000] ACPI: INT_SRC_OVR (bus 0 bus_irq 0 global_irq 2 dfl dfl)
[STDOUT  ] 2018-02-14T14:50:08.204214834Z:                ## ## ## ## ##    ===
[STDOUT  ] 2018-02-14T14:50:08.20440364Z:            /"""""""""""""""""\___/ ===
[STDOUT  ] 2018-02-14T14:50:08.20442161Z:           {                       /  ===-
[STDOUT  ] 2018-02-14T14:50:08.204428664Z:            \______ O           __/
[STDOUT  ] 2018-02-14T14:50:08.20443525Z:              \    \         __/
[STDOUT  ] 2018-02-14T14:50:08.204441512Z:               \____\_______/
[STDOUT  ] 2018-02-14T14:50:08.20444761Z: 
[STDERR  ] 2018-02-14T14:50:08.204380156Z: [    0.000000] ACPI: INT_SRC_OVR (bus 0 bus_irq 5 global_irq 5 high level)
[STDERR  ] 2018-02-14T14:50:08.204481527Z: [    0.000000] ACPI: INT_SRC_OVR (bus 0 bus_irq 9 global_irq 9 high level)
[STDERR  ] 2018-02-14T14:50:08.204493575Z: [    0.000000] ACPI: INT_SRC_OVR (bus 0 bus_irq 10 global_irq 10 high level)
[STDERR  ] 2018-02-14T14:50:08.204503233Z: [    0.000000] ACPI: INT_SRC_OVR (bus 0 bus_irq 11 global_irq 11 high level)
[STDOUT  ] 2018-02-14T14:50:08.204509661Z: [    3.143337] IPVS: Creating netns size=2104 id=1
[STDOUT  ] 2018-02-14T14:50:08.204522183Z: [    3.147415] IPVS: ftp: loaded support on port[0] = 21
[STDOUT  ] 2018-02-14T14:50:08.204529315Z: 2018/02/14 14:49:55 Creating partition on /dev/sda
[STDOUT  ] 2018-02-14T14:50:08.204535774Z: [    3.233553]  sda:
[STDOUT  ] 2018-02-14T14:50:08.204541729Z: [    3.244258]  sda:
[STDOUT  ] 2018-02-14T14:50:08.204547813Z: [    3.260414]  sda: sda1
[STDERR  ] 2018-02-14T14:50:08.204511909Z: [    0.000000] Using ACPI (MADT) for SMP configuration information
[STDERR  ] 2018-02-14T14:50:08.204570055Z: [    0.000000] ACPI: HPET id: 0x8086a201 base: 0xfed00000
[STDERR  ] 2018-02-14T14:50:08.204579438Z: [    0.000000] smpboot: Allowing 1 CPUs, 0 hotplug CPUs
[STDERR  ] 2018-02-14T14:50:08.204591993Z: [    0.000000] e820: [mem 0x40000000-0xafffffff] available for PCI devices
[STDERR  ] 2018-02-14T14:50:08.204601005Z: [    0.000000] Booting paravirtualized kernel on KVM
[STDERR  ] 2018-02-14T14:50:08.20460936Z: [    0.000000] clocksource: refined-jiffies: mask: 0xffffffff max_cycles: 0xffffffff, max_idle_ns: 19112604462750000 ns
[STDERR  ] 2018-02-14T14:50:08.204618521Z: [    0.000000] setup_percpu: NR_CPUS:128 nr_cpumask_bits:128 nr_cpu_ids:1 nr_node_ids:1
[STDERR  ] 2018-02-14T14:50:08.204635852Z: [    0.000000] percpu: Embedded 35 pages/cpu @ffff9c8d7de00000 s105176 r8192 d29992 u2097152
[STDOUT  ] 2018-02-14T14:50:08.204553894Z: [    3.267025]  sda: sda1
[STDOUT  ] 2018-02-14T14:50:08.204650215Z: 2018/02/14 14:49:56 Partition /dev/sda1 successfully created!
[STDOUT  ] 2018-02-14T14:50:08.204656502Z: [    4.441137] IPVS: Creating netns size=2104 id=2
[STDOUT  ] 2018-02-14T14:50:08.204662869Z: [    4.446600] IPVS: ftp: loaded support on port[0] = 21
[STDOUT  ] 2018-02-14T14:50:08.204668912Z: [    4.474429] EXT4-fs (sda1): couldn't mount as ext3 due to feature incompatibilities
[STDOUT  ] 2018-02-14T14:50:08.204676432Z: [    4.484468] EXT4-fs (sda1): couldn't mount as ext2 due to feature incompatibilities
[STDOUT  ] 2018-02-14T14:50:08.204683072Z: [    4.500458] EXT4-fs (sda1): mounted filesystem with ordered data mode. Opts: (null)
[STDOUT  ] 2018-02-14T14:50:08.204689596Z: format_mount test suite PASSED
[STDOUT  ] 2018-02-14T14:50:08.204695626Z: [   14.944498] sd 0:0:0:0: [sda] Synchronizing SCSI cache
[STDOUT  ] 2018-02-14T14:50:08.204701504Z: [   14.951719] sd 0:0:0:0: [sda] Stopping disk
[STDERR  ] 2018-02-14T14:50:08.20470851Z: [    0.000000] KVM setup async PF for cpu 0
[STDOUT  ] 2018-02-14T14:50:08.204713854Z: [   14.956411] ACPI: Preparing to enter system sleep state S5
[STDERR  ] 2018-02-14T14:50:08.20472862Z: [    0.000000] kvm-stealtime: cpu 0, msr 3de0d580
[STDERR  ] 2018-02-14T14:50:08.204738751Z: [    0.000000] Built 1 zonelists in Zone order, mobility grouping on.  Total pages: 257896
[STDERR  ] 2018-02-14T14:50:08.20474752Z: [    0.000000] Kernel command line: console=ttyS0 console=ttyAMA0
[STDERR  ] 2018-02-14T14:50:08.204756084Z: [    0.000000] PID hash table entries: 4096 (order: 3, 32768 bytes)
[STDERR  ] 2018-02-14T14:50:08.204765273Z: [    0.000000] Dentry cache hash table entries: 131072 (order: 8, 1048576 bytes)
[STDERR  ] 2018-02-14T14:50:08.204774119Z: [    0.000000] Inode-cache hash table entries: 65536 (order: 7, 524288 bytes)
[STDERR  ] 2018-02-14T14:50:08.204782785Z: [    0.000000] Memory: 982840K/1048052K available (8026K kernel code, 1366K rwdata, 2696K rodata, 1380K init, 568K bss, 65212K reserved, 0K cma-reserved)
[STDERR  ] 2018-02-14T14:50:08.204793505Z: [    0.000000] Hierarchical RCU implementation.
[STDOUT  ] 2018-02-14T14:50:08.204721933Z: [   14.961000] reboot: Power down
[STDERR  ] 2018-02-14T14:50:08.204803074Z: [    0.000000] 	Build-time adjustment of leaf fanout to 64.
[STDERR  ] 2018-02-14T14:50:08.204812522Z: [    0.000000] 	RCU restricting CPUs from NR_CPUS=128 to nr_cpu_ids=1.
[STDERR  ] 2018-02-14T14:50:08.204821132Z: [    0.000000] RCU: Adjusting geometry for rcu_fanout_leaf=64, nr_cpu_ids=1
[STDERR  ] 2018-02-14T14:50:08.204829379Z: [    0.000000] NR_IRQS:8448 nr_irqs:256 16
[STDERR  ] 2018-02-14T14:50:08.204837801Z: [    0.000000] Console: colour VGA+ 80x25
[STDERR  ] 2018-02-14T14:50:08.204847137Z: [    0.000000] console [ttyS0] enabled
[STDERR  ] 2018-02-14T14:50:08.204855491Z: [    0.000000] clocksource: hpet: mask: 0xffffffff max_cycles: 0xffffffff, max_idle_ns: 19112604467 ns
[STDERR  ] 2018-02-14T14:50:08.204863893Z: [    0.000000] tsc: Detected 2299.934 MHz processor
[STDERR  ] 2018-02-14T14:50:08.204871794Z: [    0.020000] Calibrating delay loop (skipped) preset value.. 4599.86 BogoMIPS (lpj=22999340)
[STDERR  ] 2018-02-14T14:50:08.204880262Z: [    0.020031] pid_max: default: 32768 minimum: 301
[STDERR  ] 2018-02-14T14:50:08.204888067Z: [    0.024238] ACPI: Core revision 20160831
[STDERR  ] 2018-02-14T14:50:08.204896573Z: [    0.030052] ACPI: 1 ACPI AML tables successfully acquired and loaded
[STDERR  ] 2018-02-14T14:50:08.204907947Z: [    0.035688] Security Framework initialized
[STDERR  ] 2018-02-14T14:50:08.204916117Z: [    0.039228] Yama: becoming mindful.
[STDERR  ] 2018-02-14T14:50:08.204924725Z: [    0.040081] Mount-cache hash table entries: 2048 (order: 2, 16384 bytes)
[STDERR  ] 2018-02-14T14:50:08.204932522Z: [    0.045970] Mountpoint-cache hash table entries: 2048 (order: 2, 16384 bytes)
[STDERR  ] 2018-02-14T14:50:08.204940275Z: [    0.050991] CPU: Physical Processor ID: 0
[STDERR  ] 2018-02-14T14:50:08.204948063Z: [    0.054716] Last level iTLB entries: 4KB 0, 2MB 0, 4MB 0
[STDERR  ] 2018-02-14T14:50:08.20495589Z: [    0.060036] Last level dTLB entries: 4KB 0, 2MB 0, 4MB 0, 1GB 0
[STDERR  ] 2018-02-14T14:50:08.204963885Z: [    0.177936] Freeing SMP alternatives memory: 20K (ffffffffaeeb0000 - ffffffffaeeb5000)
[STDERR  ] 2018-02-14T14:50:08.204971705Z: [    0.214715] ftrace: allocating 35489 entries in 139 pages
[STDERR  ] 2018-02-14T14:50:08.204979937Z: [    0.230131] smpboot: Max logical packages: 1
[STDERR  ] 2018-02-14T14:50:08.204987716Z: [    0.242316] x2apic enabled
[STDERR  ] 2018-02-14T14:50:08.204995465Z: [    0.246816] Switched APIC routing to physical x2apic.
[STDERR  ] 2018-02-14T14:50:08.205010298Z: [    0.262280] ..TIMER: vector=0x30 apic1=0 pin1=2 apic2=-1 pin2=-1
[STDERR  ] 2018-02-14T14:50:08.205019182Z: [    0.270000] smpboot: CPU0: Intel QEMU Virtual CPU version 2.5+ (family: 0x6, model: 0x6, stepping: 0x3)
[STDERR  ] 2018-02-14T14:50:08.205027359Z: [    0.270000] Performance Events: PMU not available due to virtualization, using software events only.
[STDERR  ] 2018-02-14T14:50:08.205035747Z: [    0.280689] x86: Booted up 1 node, 1 CPUs
[STDERR  ] 2018-02-14T14:50:08.205047434Z: [    0.284499] smpboot: Total of 1 processors activated (4599.86 BogoMIPS)
[STDERR  ] 2018-02-14T14:50:08.205058331Z: [    0.292130] devtmpfs: initialized
[STDERR  ] 2018-02-14T14:50:08.205066751Z: [    0.300085] x86/mm: Memory block size: 128MB
[STDERR  ] 2018-02-14T14:50:08.205074844Z: [    0.306945] clocksource: jiffies: mask: 0xffffffff max_cycles: 0xffffffff, max_idle_ns: 19112604462750000 ns
[STDERR  ] 2018-02-14T14:50:08.205083195Z: [    0.310022] futex hash table entries: 256 (order: 2, 16384 bytes)
[STDERR  ] 2018-02-14T14:50:08.20509151Z: [    0.320245] NET: Registered protocol family 16
[STDERR  ] 2018-02-14T14:50:08.205100453Z: [    0.324351] cpuidle: using governor ladder
[STDERR  ] 2018-02-14T14:50:08.205108497Z: [    0.327858] cpuidle: using governor menu
[STDERR  ] 2018-02-14T14:50:08.205116269Z: [    0.330328] ACPI: bus type PCI registered
[STDERR  ] 2018-02-14T14:50:08.20512423Z: [    0.334291] PCI: MMCONFIG for domain 0000 [bus 00-ff] at [mem 0xb0000000-0xbfffffff] (base 0xb0000000)
[STDERR  ] 2018-02-14T14:50:08.205132176Z: [    0.340012] PCI: MMCONFIG at [mem 0xb0000000-0xbfffffff] reserved in E820
[STDERR  ] 2018-02-14T14:50:08.205139846Z: [    0.345745] PCI: Using configuration type 1 for base access
[STDERR  ] 2018-02-14T14:50:08.205148229Z: [    0.351719] HugeTLB registered 2 MB page size, pre-allocated 0 pages
[STDERR  ] 2018-02-14T14:50:08.20515634Z: [    0.360250] ACPI: Added _OSI(Module Device)
[STDERR  ] 2018-02-14T14:50:08.205164195Z: [    0.363828] ACPI: Added _OSI(Processor Device)
[STDERR  ] 2018-02-14T14:50:08.205172031Z: [    0.367657] ACPI: Added _OSI(3.0 _SCP Extensions)
[STDERR  ] 2018-02-14T14:50:08.205179841Z: [    0.370008] ACPI: Added _OSI(Processor Aggregator Device)
[STDERR  ] 2018-02-14T14:50:08.205187855Z: [    0.384129] ACPI: Interpreter enabled
[STDERR  ] 2018-02-14T14:50:08.205196163Z: [    0.387334] ACPI: (supports S0 S5)
[STDERR  ] 2018-02-14T14:50:08.20521016Z: [    0.390007] ACPI: Using IOAPIC for interrupt routing
[STDERR  ] 2018-02-14T14:50:08.20521824Z: [    0.394596] PCI: Using host bridge windows from ACPI; if necessary, use "pci=nocrs" and report a bug
[STDERR  ] 2018-02-14T14:50:08.205227055Z: [    0.402906] ACPI: PCI Root Bridge [PCI0] (domain 0000 [bus 00-ff])
[STDERR  ] 2018-02-14T14:50:08.205238811Z: [    0.410015] acpi PNP0A08:00: _OSC: OS supports [ExtendedConfig ASPM ClockPM Segments MSI]
[STDERR  ] 2018-02-14T14:50:08.205246944Z: [    0.417015] acpi PNP0A08:00: _OSC: OS now controls [PCIeHotplug PME PCIeCapability]
[STDERR  ] 2018-02-14T14:50:08.205255077Z: [    0.420089] PCI host bridge to bus 0000:00
[STDERR  ] 2018-02-14T14:50:08.205263407Z: [    0.423584] pci_bus 0000:00: root bus resource [io  0x0000-0x0cf7 window]
[STDERR  ] 2018-02-14T14:50:08.205271221Z: [    0.430011] pci_bus 0000:00: root bus resource [io  0x0d00-0xffff window]
[STDERR  ] 2018-02-14T14:50:08.205279781Z: [    0.435690] pci_bus 0000:00: root bus resource [mem 0x000a0000-0x000bffff window]
[STDERR  ] 2018-02-14T14:50:08.20529731Z: [    0.440008] pci_bus 0000:00: root bus resource [mem 0xc0000000-0xfebfffff window]
[STDERR  ] 2018-02-14T14:50:08.205306305Z: [    0.450008] pci_bus 0000:00: root bus resource [bus 00-ff]
[STDERR  ] 2018-02-14T14:50:08.205314999Z: [    0.607204] pci 0000:00:1f.0: quirk: [io  0x0600-0x067f] claimed by ICH6 ACPI/GPIO/TCO
[STDERR  ] 2018-02-14T14:50:08.20532322Z: [    0.685730] ACPI: PCI Interrupt Link [LNKA] (IRQs 5 *10 11)
[STDERR  ] 2018-02-14T14:50:08.205332168Z: [    0.691878] ACPI: PCI Interrupt Link [LNKB] (IRQs 5 *10 11)
[STDERR  ] 2018-02-14T14:50:08.205340437Z: [    0.697708] ACPI: PCI Interrupt Link [LNKC] (IRQs 5 10 *11)
[STDERR  ] 2018-02-14T14:50:08.205348319Z: [    0.701897] ACPI: PCI Interrupt Link [LNKD] (IRQs 5 10 *11)
[STDERR  ] 2018-02-14T14:50:08.205356247Z: [    0.710098] ACPI: PCI Interrupt Link [LNKE] (IRQs 5 *10 11)
[STDERR  ] 2018-02-14T14:50:08.20536413Z: [    0.715818] ACPI: PCI Interrupt Link [LNKF] (IRQs 5 *10 11)
[STDERR  ] 2018-02-14T14:50:08.205372318Z: [    0.721580] ACPI: PCI Interrupt Link [LNKG] (IRQs 5 10 *11)
[STDERR  ] 2018-02-14T14:50:08.205385527Z: [    0.727325] ACPI: PCI Interrupt Link [LNKH] (IRQs 5 10 *11)
[STDERR  ] 2018-02-14T14:50:08.205393513Z: [    0.731712] ACPI: PCI Interrupt Link [GSIA] (IRQs *16)
[STDERR  ] 2018-02-14T14:50:08.205401891Z: [    0.736583] ACPI: PCI Interrupt Link [GSIB] (IRQs *17)
[STDERR  ] 2018-02-14T14:50:08.205410041Z: [    0.740918] ACPI: PCI Interrupt Link [GSIC] (IRQs *18)
[STDERR  ] 2018-02-14T14:50:08.205419017Z: [    0.745716] ACPI: PCI Interrupt Link [GSID] (IRQs *19)
[STDERR  ] 2018-02-14T14:50:08.2054289Z: [    0.750925] ACPI: PCI Interrupt Link [GSIE] (IRQs *20)
[STDERR  ] 2018-02-14T14:50:08.205437099Z: [    0.755780] ACPI: PCI Interrupt Link [GSIF] (IRQs *21)
[STDERR  ] 2018-02-14T14:50:08.205445258Z: [    0.760919] ACPI: PCI Interrupt Link [GSIG] (IRQs *22)
[STDERR  ] 2018-02-14T14:50:08.205452949Z: [    0.765773] ACPI: PCI Interrupt Link [GSIH] (IRQs *23)
[STDERR  ] 2018-02-14T14:50:08.20546056Z: [    0.771210] ACPI: Enabled 1 GPEs in block 00 to 3F
[STDERR  ] 2018-02-14T14:50:08.205468487Z: [    0.776190] SCSI subsystem initialized
[STDERR  ] 2018-02-14T14:50:08.205476128Z: [    0.780085] ACPI: bus type USB registered
[STDERR  ] 2018-02-14T14:50:08.205483729Z: [    0.783770] usbcore: registered new interface driver usbfs
[STDERR  ] 2018-02-14T14:50:08.205491571Z: [    0.788508] usbcore: registered new interface driver hub
[STDERR  ] 2018-02-14T14:50:08.205499816Z: [    0.790038] usbcore: registered new device driver usb
[STDERR  ] 2018-02-14T14:50:08.205507421Z: [    0.794484] pps_core: LinuxPPS API ver. 1 registered
[STDERR  ] 2018-02-14T14:50:08.20551498Z: [    0.800006] pps_core: Software ver. 5.3.6 - Copyright 2005-2007 Rodolfo Giometti <giometti@linux.it>
[STDERR  ] 2018-02-14T14:50:08.205523645Z: [    0.810020] PTP clock support registered
[STDERR  ] 2018-02-14T14:50:08.205531731Z: [    0.813567] wmi: Mapper loaded
[STDERR  ] 2018-02-14T14:50:08.205539595Z: [    0.816366] PCI: Using ACPI for IRQ routing
[STDERR  ] 2018-02-14T14:50:08.205547273Z: [    1.212043] NetLabel: Initializing
[STDERR  ] 2018-02-14T14:50:08.205560824Z: [    1.215196] NetLabel:  domain hash size = 128
[STDERR  ] 2018-02-14T14:50:08.205568775Z: [    1.219023] NetLabel:  protocols = UNLABELED CIPSOv4
[STDERR  ] 2018-02-14T14:50:08.205580132Z: [    1.220044] NetLabel:  unlabeled traffic allowed by default
[STDERR  ] 2018-02-14T14:50:08.205588447Z: [    1.224972] HPET: 3 timers in total, 0 timers will be used for per-cpu timer
[STDERR  ] 2018-02-14T14:50:08.205596992Z: [    1.230122] hpet0: at MMIO 0xfed00000, IRQs 2, 8, 0
[STDERR  ] 2018-02-14T14:50:08.205604803Z: [    1.234878] hpet0: 3 comparators, 64-bit 100.000000 MHz counter
[STDERR  ] 2018-02-14T14:50:08.205612503Z: [    1.244611] clocksource: Switched to clocksource kvm-clock
[STDERR  ] 2018-02-14T14:50:08.205620745Z: [    1.259371] VFS: Disk quotas dquot_6.6.0
[STDERR  ] 2018-02-14T14:50:08.20562957Z: [    1.263144] VFS: Dquot-cache hash table entries: 512 (order 0, 4096 bytes)
[STDERR  ] 2018-02-14T14:50:08.205638071Z: [    1.269235] FS-Cache: Loaded
[STDERR  ] 2018-02-14T14:50:08.205646191Z: [    1.272044] CacheFiles: Loaded
[STDERR  ] 2018-02-14T14:50:08.205654824Z: [    1.274784] pnp: PnP ACPI init
[STDERR  ] 2018-02-14T14:50:08.205662758Z: [    1.278939] pnp: PnP ACPI: found 5 devices
[STDERR  ] 2018-02-14T14:50:08.20567116Z: [    1.288652] clocksource: acpi_pm: mask: 0xffffff max_cycles: 0xffffff, max_idle_ns: 2085701024 ns
[STDERR  ] 2018-02-14T14:50:08.205679695Z: [    1.296518] NET: Registered protocol family 2
[STDERR  ] 2018-02-14T14:50:08.205687615Z: [    1.300609] TCP established hash table entries: 8192 (order: 4, 65536 bytes)
[STDERR  ] 2018-02-14T14:50:08.2056961Z: [    1.306659] TCP bind hash table entries: 8192 (order: 5, 131072 bytes)
[STDERR  ] 2018-02-14T14:50:08.205704262Z: [    1.312273] TCP: Hash tables configured (established 8192 bind 8192)
[STDERR  ] 2018-02-14T14:50:08.205712285Z: [    1.318417] UDP hash table entries: 512 (order: 2, 16384 bytes)
[STDERR  ] 2018-02-14T14:50:08.205720967Z: [    1.323687] UDP-Lite hash table entries: 512 (order: 2, 16384 bytes)
[STDERR  ] 2018-02-14T14:50:08.205732481Z: [    1.329294] NET: Registered protocol family 1
[STDERR  ] 2018-02-14T14:50:08.205742346Z: [    1.333407] pci 0000:00:01.0: Video device with shadowed ROM at [mem 0x000c0000-0x000dffff]
[STDERR  ] 2018-02-14T14:50:08.205750087Z: [    1.340905] Unpacking initramfs...
[STDERR  ] 2018-02-14T14:50:08.20575794Z: [    1.894592] Freeing initrd memory: 31324K (ffff9c8d7e139000 - ffff9c8d7ffd0000)
[STDERR  ] 2018-02-14T14:50:08.205765611Z: [    1.901941] PCLMULQDQ-NI instructions are not detected.
[STDERR  ] 2018-02-14T14:50:08.205773277Z: [    1.906502] AVX or AES-NI instructions are not detected.
[STDERR  ] 2018-02-14T14:50:08.205780972Z: [    1.911129] CPU feature 'AVX registers' is not supported.
[STDERR  ] 2018-02-14T14:50:08.205788745Z: [    1.915734] CPU feature 'AVX registers' is not supported.
[STDERR  ] 2018-02-14T14:50:08.205796414Z: [    1.920404] CPU feature 'AVX registers' is not supported.
[STDERR  ] 2018-02-14T14:50:08.205804067Z: [    1.925015] CPU feature 'AVX registers' is not supported.
[STDERR  ] 2018-02-14T14:50:08.205811742Z: [    1.929625] AVX2 or AES-NI instructions are not detected.
[STDERR  ] 2018-02-14T14:50:08.205819383Z: [    1.934326] AVX2 instructions are not detected.
[STDERR  ] 2018-02-14T14:50:08.205827428Z: [    1.938451] audit: initializing netlink subsys (disabled)
[STDERR  ] 2018-02-14T14:50:08.205835075Z: [    1.943370] audit: type=2000 audit(1518619793.653:1): initialized
[STDERR  ] 2018-02-14T14:50:08.205843102Z: [    1.949215] workingset: timestamp_bits=46 max_order=18 bucket_order=0
[STDERR  ] 2018-02-14T14:50:08.205850885Z: [    1.955917] FS-Cache: Netfs 'cifs' registered for caching
[STDERR  ] 2018-02-14T14:50:08.20585914Z: [    1.960837] fuse init (API version 7.26)
[STDERR  ] 2018-02-14T14:50:08.205866883Z: [    1.964354] SGI XFS with ACLs, security attributes, no debug enabled
[STDERR  ] 2018-02-14T14:50:08.205874621Z: [    1.969903] 9p: Installing v9fs 9p2000 file system support
[STDERR  ] 2018-02-14T14:50:08.205882455Z: [    1.974667] FS-Cache: Netfs '9p' registered for caching
[STDERR  ] 2018-02-14T14:50:08.205890153Z: [    1.980143] NET: Registered protocol family 38
[STDERR  ] 2018-02-14T14:50:08.205897796Z: [    1.983939] Key type asymmetric registered
[STDERR  ] 2018-02-14T14:50:08.205909629Z: [    1.987434] Asymmetric key parser 'x509' registered
[STDERR  ] 2018-02-14T14:50:08.205917517Z: [    1.991756] Block layer SCSI generic (bsg) driver version 0.4 loaded (major 251)
[STDERR  ] 2018-02-14T14:50:08.205925759Z: [    1.998066] io scheduler noop registered
[STDERR  ] 2018-02-14T14:50:08.205933695Z: [    2.001550] io scheduler deadline registered (default)
[STDERR  ] 2018-02-14T14:50:08.205941636Z: [    2.006062] io scheduler cfq registered
[STDERR  ] 2018-02-14T14:50:08.205950321Z: [    2.009455] pci_hotplug: PCI Hot Plug PCI Core version: 0.5
[STDERR  ] 2018-02-14T14:50:08.205958985Z: [    2.014345] pciehp: PCI Express Hot Plug Controller Driver version: 0.4
[STDERR  ] 2018-02-14T14:50:08.205966973Z: [    2.019944] shpchp: Standard Hot Plug PCI Controller Driver version: 0.4
[STDERR  ] 2018-02-14T14:50:08.205975929Z: [    2.025843] hv_vmbus: registering driver hyperv_fb
[STDERR  ] 2018-02-14T14:50:08.20598365Z: [    2.030149] input: Power Button as /devices/LNXSYSTM:00/LNXPWRBN:00/input/input0
[STDERR  ] 2018-02-14T14:50:08.205991418Z: [    2.036435] ACPI: Power Button [PWRF]
[STDERR  ] 2018-02-14T14:50:08.205999356Z: [    2.039959] GHES: HEST is not enabled!
[STDERR  ] 2018-02-14T14:50:08.206007157Z: [    2.043714] ACPI: PCI Interrupt Link [GSIG] enabled at IRQ 22
[STDERR  ] 2018-02-14T14:50:08.206014805Z: [    2.055115] ACPI: PCI Interrupt Link [GSIH] enabled at IRQ 23
[STDERR  ] 2018-02-14T14:50:08.20602298Z: [    2.066482] xenfs: not registering filesystem on non-xen platform
[STDERR  ] 2018-02-14T14:50:08.206033315Z: [    2.072024] Serial: 8250/16550 driver, 4 ports, IRQ sharing disabled
[STDERR  ] 2018-02-14T14:50:08.206041635Z: [    2.110387] 00:04: ttyS0 at I/O 0x3f8 (irq = 4, base_baud = 115200) is a 16550A
[STDERR  ] 2018-02-14T14:50:08.206053939Z: [    2.117685] Non-volatile memory driver v1.3
[STDERR  ] 2018-02-14T14:50:08.206061707Z: [    2.122910] Hangcheck: starting hangcheck timer 0.9.1 (tick is 180 seconds, margin is 60 seconds).
[STDERR  ] 2018-02-14T14:50:08.206069483Z: [    2.131032] random: fast init done
[STDERR  ] 2018-02-14T14:50:08.206084184Z: [    2.134406] random: crng init done
[STDERR  ] 2018-02-14T14:50:08.206098701Z: [    2.139113] loop: module loaded
[STDERR  ] 2018-02-14T14:50:08.206107126Z: [    2.142667] nbd: registered device at major 43
[STDERR  ] 2018-02-14T14:50:08.206117452Z: [    2.148123] lpc_ich 0000:00:1f.0: I/O space for GPIO uninitialized
[STDERR  ] 2018-02-14T14:50:08.206133557Z: [    2.153650] VMware PVSCSI driver - version 1.0.7.0-k
[STDERR  ] 2018-02-14T14:50:08.206142821Z: [    2.157905] hv_vmbus: registering driver hv_storvsc
[STDERR  ] 2018-02-14T14:50:08.206150584Z: [    2.162607] ACPI: PCI Interrupt Link [GSIA] enabled at IRQ 16
[STDERR  ] 2018-02-14T14:50:08.206159034Z: [    2.170533] ahci 0000:00:1f.2: AHCI 0001.0000 32 slots 6 ports 1.5 Gbps 0x3f impl SATA mode
[STDERR  ] 2018-02-14T14:50:08.206167231Z: [    2.177621] ahci 0000:00:1f.2: flags: 64bit ncq only 
[STDERR  ] 2018-02-14T14:50:08.206175172Z: [    2.185378] scsi host0: ahci
[STDERR  ] 2018-02-14T14:50:08.206184183Z: [    2.188075] scsi host1: ahci
[STDERR  ] 2018-02-14T14:50:08.206192234Z: [    2.190757] scsi host2: ahci
[STDERR  ] 2018-02-14T14:50:08.206204106Z: [    2.193426] scsi host3: ahci
[STDERR  ] 2018-02-14T14:50:08.206212601Z: [    2.196088] scsi host4: ahci
[STDERR  ] 2018-02-14T14:50:08.206220246Z: [    2.198711] scsi host5: ahci
[STDERR  ] 2018-02-14T14:50:08.206228221Z: [    2.201409] ata1: SATA max UDMA/133 abar m4096@0xfebd2000 port 0xfebd2100 irq 24
[STDERR  ] 2018-02-14T14:50:08.206237108Z: [    2.207615] ata2: SATA max UDMA/133 abar m4096@0xfebd2000 port 0xfebd2180 irq 24
[STDERR  ] 2018-02-14T14:50:08.206245012Z: [    2.213919] ata3: SATA max UDMA/133 abar m4096@0xfebd2000 port 0xfebd2200 irq 24
[STDERR  ] 2018-02-14T14:50:08.206253025Z: [    2.220409] ata4: SATA max UDMA/133 abar m4096@0xfebd2000 port 0xfebd2280 irq 24
[STDERR  ] 2018-02-14T14:50:08.206260868Z: [    2.226667] ata5: SATA max UDMA/133 abar m4096@0xfebd2000 port 0xfebd2300 irq 24
[STDERR  ] 2018-02-14T14:50:08.206273478Z: [    2.236200] ata6: SATA max UDMA/133 abar m4096@0xfebd2000 port 0xfebd2380 irq 24
[STDERR  ] 2018-02-14T14:50:08.206281625Z: [    2.244577] tun: Universal TUN/TAP device driver, 1.6
[STDERR  ] 2018-02-14T14:50:08.206289747Z: [    2.249045] tun: (C) 1999-2004 Max Krasnyansky <maxk@qualcomm.com>
[STDERR  ] 2018-02-14T14:50:08.206297359Z: [    2.258572] VMware vmxnet3 virtual NIC driver - version 1.4.a.0-k-NAPI
[STDERR  ] 2018-02-14T14:50:08.206305011Z: [    2.264325] hv_vmbus: registering driver hv_netvsc
[STDERR  ] 2018-02-14T14:50:08.206313031Z: [    2.268496] Fusion MPT base driver 3.04.20
[STDERR  ] 2018-02-14T14:50:08.206320763Z: [    2.272186] Copyright (c) 1999-2008 LSI Corporation
[STDERR  ] 2018-02-14T14:50:08.206328983Z: [    2.276427] Fusion MPT SPI Host driver 3.04.20
[STDERR  ] 2018-02-14T14:50:08.206336858Z: [    2.280528] i8042: PNP: PS/2 Controller [PNP0303:KBD,PNP0f13:MOU] at 0x60,0x64 irq 1,12
[STDERR  ] 2018-02-14T14:50:08.206344946Z: [    2.290823] serio: i8042 KBD port at 0x60,0x64 irq 1
[STDERR  ] 2018-02-14T14:50:08.206353407Z: [    2.295046] serio: i8042 AUX port at 0x60,0x64 irq 12
[STDERR  ] 2018-02-14T14:50:08.206361177Z: [    2.299459] hv_vmbus: registering driver hyperv_keyboard
[STDERR  ] 2018-02-14T14:50:08.206523347Z: [    2.304340] mousedev: PS/2 mouse device common for all mice
[STDERR  ] 2018-02-14T14:50:08.206539013Z: [    2.310534] input: AT Translated Set 2 keyboard as /devices/platform/i8042/serio0/input/input1
[STDERR  ] 2018-02-14T14:50:08.20655163Z: [    2.318035] input: PC Speaker as /devices/platform/pcspkr/input/input2
[STDERR  ] 2018-02-14T14:50:08.206559906Z: [    2.324803] rtc_cmos 00:00: RTC can wake from S4
[STDERR  ] 2018-02-14T14:50:08.206572184Z: [    2.330484] rtc_cmos 00:00: rtc core: registered rtc_cmos as rtc0
[STDERR  ] 2018-02-14T14:50:08.206583422Z: [    2.336495] rtc_cmos 00:00: alarms up to one day, y3k, 114 bytes nvram, hpet irqs
[STDERR  ] 2018-02-14T14:50:08.206592735Z: [    2.342930] i2c /dev entries driver
[STDERR  ] 2018-02-14T14:50:08.206603868Z: [    2.346157] device-mapper: ioctl: 4.35.0-ioctl (2016-06-23) initialised: dm-devel@redhat.com
[STDERR  ] 2018-02-14T14:50:08.206612169Z: [    2.354219] usbcore: registered new interface driver usbhid
[STDERR  ] 2018-02-14T14:50:08.206621486Z: [    2.359000] usbhid: USB HID core driver
[STDERR  ] 2018-02-14T14:50:08.20663215Z: [    2.362470] hv_utils: Registering HyperV Utility Driver
[STDERR  ] 2018-02-14T14:50:08.206640403Z: [    2.366910] hv_vmbus: registering driver hv_util
[STDERR  ] 2018-02-14T14:50:08.206652089Z: [    2.371216] hv_vmbus: registering driver hv_balloon
[STDERR  ] 2018-02-14T14:50:08.206662342Z: [    2.375431] oprofile: using NMI interrupt.
[STDERR  ] 2018-02-14T14:50:08.206670807Z: [    2.379011] GACT probability on
[STDERR  ] 2018-02-14T14:50:08.206682321Z: [    2.381850] Mirror/redirect action on
[STDERR  ] 2018-02-14T14:50:08.206690488Z: [    2.385018] Simple TC action Loaded
[STDERR  ] 2018-02-14T14:50:08.206698327Z: [    2.388039] u32 classifier
[STDERR  ] 2018-02-14T14:50:08.206709254Z: [    2.390511]     Performance counters on
[STDERR  ] 2018-02-14T14:50:08.206719512Z: [    2.393844]     input device check on
[STDERR  ] 2018-02-14T14:50:08.206729577Z: [    2.397006]     Actions configured
[STDERR  ] 2018-02-14T14:50:08.20673963Z: [    2.399980] Netfilter messages via NETLINK v0.30.
[STDERR  ] 2018-02-14T14:50:08.206756465Z: [    2.404105] nfnl_acct: registering with nfnetlink.
[STDERR  ] 2018-02-14T14:50:08.206764509Z: [    2.408305] nf_conntrack version 0.5.0 (8192 buckets, 32768 max)
[STDERR  ] 2018-02-14T14:50:08.206787578Z: [    2.413580] ctnetlink v0.93: registering with nfnetlink.
[STDERR  ] 2018-02-14T14:50:08.206798354Z: [    2.418113] nf_tables: (c) 2007-2009 Patrick McHardy <kaber@trash.net>
[STDERR  ] 2018-02-14T14:50:08.206813074Z: [    2.423670] nf_tables_compat: (c) 2012 Pablo Neira Ayuso <pablo@netfilter.org>
[STDERR  ] 2018-02-14T14:50:08.206821222Z: [    2.429838] xt_time: kernel timezone is -0000
[STDERR  ] 2018-02-14T14:50:08.206832775Z: [    2.433662] ip_set: protocol 6
[STDERR  ] 2018-02-14T14:50:08.206843527Z: [    2.436369] IPVS: Registered protocols (TCP, UDP, SCTP, AH, ESP)
[STDERR  ] 2018-02-14T14:50:08.206851848Z: [    2.441535] IPVS: Connection hash table configured (size=4096, memory=64Kbytes)
[STDERR  ] 2018-02-14T14:50:08.206859758Z: [    2.447809] IPVS: Creating netns size=2104 id=0
[STDERR  ] 2018-02-14T14:50:08.206870297Z: [    2.452767] IPVS: ipvs loaded.
[STDERR  ] 2018-02-14T14:50:08.206880831Z: [    2.455392] IPVS: [rr] scheduler registered.
[STDERR  ] 2018-02-14T14:50:08.20688883Z: [    2.459046] IPVS: [wrr] scheduler registered.
[STDERR  ] 2018-02-14T14:50:08.206899274Z: [    2.463090] IPVS: [lc] scheduler registered.
[STDERR  ] 2018-02-14T14:50:08.20690979Z: [    2.466754] IPVS: [wlc] scheduler registered.
[STDERR  ] 2018-02-14T14:50:08.206923108Z: [    2.470885] IPVS: [fo] scheduler registered.
[STDERR  ] 2018-02-14T14:50:08.206931064Z: [    2.474639] IPVS: [ovf] scheduler registered.
[STDERR  ] 2018-02-14T14:50:08.206939286Z: [    2.478731] IPVS: [lblc] scheduler registered.
[STDERR  ] 2018-02-14T14:50:08.2069471Z: [    2.482600] IPVS: [lblcr] scheduler registered.
[STDERR  ] 2018-02-14T14:50:08.206957544Z: [    2.486759] IPVS: [dh] scheduler registered.
[STDERR  ] 2018-02-14T14:50:08.206971517Z: [    2.490490] IPVS: [sh] scheduler registered.
[STDERR  ] 2018-02-14T14:50:08.206992888Z: [    2.494481] IPVS: [sed] scheduler registered.
[STDERR  ] 2018-02-14T14:50:08.207003321Z: [    2.498191] IPVS: [nq] scheduler registered.
[STDERR  ] 2018-02-14T14:50:08.207013926Z: [    2.502168] IPVS: ftp: loaded support on port[0] = 21
[STDERR  ] 2018-02-14T14:50:08.207022273Z: [    2.506562] ipip: IPv4 and MPLS over IPv4 tunneling driver
[STDERR  ] 2018-02-14T14:50:08.207034649Z: [    2.511723] gre: GRE over IPv4 demultiplexor driver
[STDERR  ] 2018-02-14T14:50:08.207045507Z: [    2.516291] ip_tables: (C) 2000-2006 Netfilter Core Team
[STDERR  ] 2018-02-14T14:50:08.2070537Z: [    2.521238] ipt_CLUSTERIP: ClusterIP Version 0.8 loaded successfully
[STDERR  ] 2018-02-14T14:50:08.207062315Z: [    2.526934] arp_tables: arp_tables: (C) 2002 David S. Miller
[STDERR  ] 2018-02-14T14:50:08.207073163Z: [    2.532248] NET: Registered protocol family 10
[STDERR  ] 2018-02-14T14:50:08.20708119Z: [    2.536482] ip6_tables: (C) 2000-2006 Netfilter Core Team
[STDERR  ] 2018-02-14T14:50:08.207089227Z: [    2.542061] NET: Registered protocol family 17
[STDERR  ] 2018-02-14T14:50:08.207099478Z: [    2.545913] Bridge firewalling registered
[STDERR  ] 2018-02-14T14:50:08.207109859Z: [    2.549683] Ebtables v2.0 registered
[STDERR  ] 2018-02-14T14:50:08.207117704Z: [    2.553080] 8021q: 802.1Q VLAN Support v1.8
[STDERR  ] 2018-02-14T14:50:08.207138526Z: [    2.556945] 9pnet: Installing 9P2000 support
[STDERR  ] 2018-02-14T14:50:08.20714896Z: [    2.560733] Key type dns_resolver registered
[STDERR  ] 2018-02-14T14:50:08.207157237Z: [    2.564891] microcode: sig=0x663, pf=0x1, revision=0x1
[STDERR  ] 2018-02-14T14:50:08.207167525Z: [    2.569331] microcode: Microcode Update Driver: v2.01 <tigran@aivazian.fsnet.co.uk>, Peter Oruba
[STDERR  ] 2018-02-14T14:50:08.207178252Z: [    2.577426] ata3: SATA link up 1.5 Gbps (SStatus 113 SControl 300)
[STDERR  ] 2018-02-14T14:50:08.207189884Z: [    2.583623] ata2: SATA link down (SStatus 0 SControl 300)
[STDERR  ] 2018-02-14T14:50:08.207198252Z: [    2.589081] ata1: SATA link up 1.5 Gbps (SStatus 113 SControl 300)
[STDERR  ] 2018-02-14T14:50:08.207233332Z: [    2.595312] ata6: SATA link down (SStatus 0 SControl 300)
[STDERR  ] 2018-02-14T14:50:08.207244985Z: [    2.600767] ata5: SATA link down (SStatus 0 SControl 300)
[STDERR  ] 2018-02-14T14:50:08.207255392Z: [    2.606056] ata4: SATA link down (SStatus 0 SControl 300)
[STDERR  ] 2018-02-14T14:50:08.207263578Z: [    2.610914] ata1.00: ATA-7: QEMU HARDDISK, 2.5+, max UDMA/100
[STDERR  ] 2018-02-14T14:50:08.207274353Z: [    2.615731] ata1.00: 1048576 sectors, multi 16: LBA48 NCQ (depth 31/32)
[STDERR  ] 2018-02-14T14:50:08.207286621Z: [    2.621440] ata1.00: applying bridge limits
[STDERR  ] 2018-02-14T14:50:08.207309135Z: [    2.625305] ata3.00: ATAPI: QEMU DVD-ROM, 2.5+, max UDMA/100
[STDERR  ] 2018-02-14T14:50:08.207319814Z: [    2.630168] ata3.00: applying bridge limits
[STDERR  ] 2018-02-14T14:50:08.207328004Z: [    2.634154] registered taskstats version 1
[STDERR  ] 2018-02-14T14:50:08.207340902Z: [    2.638144] ata3.00: configured for UDMA/100
[STDERR  ] 2018-02-14T14:50:08.207348902Z: [    2.643658] ata1.00: configured for UDMA/100
[STDERR  ] 2018-02-14T14:50:08.207359183Z: [    2.648832] scsi 0:0:0:0: Direct-Access     ATA      QEMU HARDDISK    2.5+ PQ: 0 ANSI: 5
[STDERR  ] 2018-02-14T14:50:08.207371214Z: [    2.657735] sd 0:0:0:0: Attached scsi generic sg0 type 0
[STDERR  ] 2018-02-14T14:50:08.207392036Z: [    2.662673] sd 0:0:0:0: [sda] 1048576 512-byte logical blocks: (537 MB/512 MiB)
[STDERR  ] 2018-02-14T14:50:08.207403029Z: [    2.670443] sd 0:0:0:0: [sda] Write Protect is off
[STDERR  ] 2018-02-14T14:50:08.207411081Z: [    2.674803] Key type big_key registered
[STDERR  ] 2018-02-14T14:50:08.207421717Z: [    2.678531] scsi 2:0:0:0: CD-ROM            QEMU     QEMU DVD-ROM     2.5+ PQ: 0 ANSI: 5
[STDERR  ] 2018-02-14T14:50:08.207432324Z: [    2.687939] sd 0:0:0:0: [sda] Write cache: enabled, read cache: enabled, doesn't support DPO or FUA
[STDERR  ] 2018-02-14T14:50:08.207443144Z: [    2.697064] Key type encrypted registered
[STDERR  ] 2018-02-14T14:50:08.207453491Z: [    2.702538] rtc_cmos 00:00: setting system clock to 2018-02-14 14:49:55 UTC (1518619795)
[STDERR  ] 2018-02-14T14:50:08.20746151Z: [    2.710827] sr 2:0:0:0: [sr0] scsi3-mmc drive: 4x/4x cd/rw xa/form2 tray
[STDERR  ] 2018-02-14T14:50:08.207469473Z: [    2.716595] cdrom: Uniform CD-ROM driver Revision: 3.20
[STDERR  ] 2018-02-14T14:50:08.207484414Z: [    2.722298] sd 0:0:0:0: [sda] Attached SCSI disk
[STDERR  ] 2018-02-14T14:50:08.207492545Z: [    2.727327] sr 2:0:0:0: Attached scsi generic sg1 type 5
[STDERR  ] 2018-02-14T14:50:08.207503849Z: [    2.733762] Freeing unused kernel memory: 1380K (ffffffffaed57000 - ffffffffaeeb0000)
[STDERR  ] 2018-02-14T14:50:08.207514338Z: [    2.740582] Write protecting the kernel read-only data: 12288k
[STDERR  ] 2018-02-14T14:50:08.207522376Z: [    2.745852] Freeing unused kernel memory: 152K (ffff9c8d597da000 - ffff9c8d59800000)
[STDERR  ] 2018-02-14T14:50:08.20753278Z: [    2.756228] Freeing unused kernel memory: 1400K (ffff9c8d59aa2000 - ffff9c8d59c00000)
[STDERR  ] 2018-02-14T14:50:08.207541001Z: 
[STDERR  ] 2018-02-14T14:50:08.207549561Z: Welcome to LinuxKit
[STDERR  ] 2018-02-14T14:50:08.20756Z: 
[STDERR  ] 2018-02-14T14:50:08.207568166Z:                         ##         .
[STDERR  ] 2018-02-14T14:50:08.207578673Z:                   ## ## ##        ==
[STDERR  ] 2018-02-14T14:50:08.207589349Z:                ## ## ## ## ##    ===
[STDERR  ] 2018-02-14T14:50:08.207599456Z:            /"""""""""""""""""\___/ ===
[STDERR  ] 2018-02-14T14:50:08.20760969Z:           {                       /  ===-
[STDERR  ] 2018-02-14T14:50:08.207617883Z:            \______ O           __/
[STDERR  ] 2018-02-14T14:50:08.207639238Z:              \    \         __/
[STDERR  ] 2018-02-14T14:50:08.207649787Z:               \____\_______/
[STDERR  ] 2018-02-14T14:50:08.207658417Z: 
[STDERR  ] 2018-02-14T14:50:08.207669903Z: [    3.143337] IPVS: Creating netns size=2104 id=1
[STDERR  ] 2018-02-14T14:50:08.20768047Z: [    3.147415] IPVS: ftp: loaded support on port[0] = 21
[STDERR  ] 2018-02-14T14:50:08.207692207Z: 2018/02/14 14:49:55 Creating partition on /dev/sda
[STDERR  ] 2018-02-14T14:50:08.207700184Z: [    3.233553]  sda:
[STDERR  ] 2018-02-14T14:50:08.207722649Z: [    3.244258]  sda:
[STDERR  ] 2018-02-14T14:50:08.20773582Z: [    3.260414]  sda: sda1
[STDERR  ] 2018-02-14T14:50:08.207749289Z: [    3.267025]  sda: sda1
[STDERR  ] 2018-02-14T14:50:08.207760391Z: 2018/02/14 14:49:56 Partition /dev/sda1 successfully created!
[STDERR  ] 2018-02-14T14:50:08.20777734Z: [    4.441137] IPVS: Creating netns size=2104 id=2
[STDERR  ] 2018-02-14T14:50:08.207788883Z: [    4.446600] IPVS: ftp: loaded support on port[0] = 21
[STDERR  ] 2018-02-14T14:50:08.207800065Z: [    4.474429] EXT4-fs (sda1): couldn't mount as ext3 due to feature incompatibilities
[STDERR  ] 2018-02-14T14:50:08.207817236Z: [    4.484468] EXT4-fs (sda1): couldn't mount as ext2 due to feature incompatibilities
[STDERR  ] 2018-02-14T14:50:08.207828225Z: [    4.500458] EXT4-fs (sda1): mounted filesystem with ordered data mode. Opts: (null)
[STDERR  ] 2018-02-14T14:50:08.207836686Z: format_mount test suite PASSED
[STDERR  ] 2018-02-14T14:50:08.207847442Z: [   14.944498] sd 0:0:0:0: [sda] Synchronizing SCSI cache
[STDERR  ] 2018-02-14T14:50:08.207858381Z: [   14.951719] sd 0:0:0:0: [sda] Stopping disk
[STDERR  ] 2018-02-14T14:50:08.207866539Z: [   14.956411] ACPI: Preparing to enter system sleep state S5
[STDERR  ] 2018-02-14T14:50:08.20787705Z: [   14.961000] reboot: Power down
[STDERR  ] 2018-02-14T14:50:08.207887796Z: + echo [    0.000000] Linux version 4.9.38-linuxkit (root@e1ede117fb1e) (gcc version 6.3.0 (Alpine 6.3.0) ) #1 SMP Thu Jul 20 16:07:02 UTC 2017
[STDERR  ] 2018-02-14T14:50:08.207898894Z: [    0.000000] Command line: console=ttyS0 console=ttyAMA0
[STDERR  ] 2018-02-14T14:50:08.20790688Z: [    0.000000] x86/fpu: Legacy x87 FPU detected.
[STDERR  ] 2018-02-14T14:50:08.207914955Z: [    0.000000] x86/fpu: Using 'eager' FPU context switches.
[STDERR  ] 2018-02-14T14:50:08.207925322Z: [    0.000000] e820: BIOS-provided physical RAM map:
[STDERR  ] 2018-02-14T14:50:08.207933335Z: [    0.000000] BIOS-e820: [mem 0x0000000000000000-0x000000000009fbff] usable
[STDERR  ] 2018-02-14T14:50:08.207941813Z: [    0.000000] BIOS-e820: [mem 0x000000000009fc00-0x000000000009ffff] reserved
[STDERR  ] 2018-02-14T14:50:08.207950075Z: [    0.000000] BIOS-e820: [mem 0x00000000000f0000-0x00000000000fffff] reserved
[STDERR  ] 2018-02-14T14:50:08.207964619Z: [    0.000000] BIOS-e820: [mem 0x0000000000100000-0x000000003ffdefff] usable
[STDERR  ] 2018-02-14T14:50:08.207972436Z: [    0.000000] BIOS-e820: [mem 0x000000003ffdf000-0x000000003fffffff] reserved
[STDERR  ] 2018-02-14T14:50:08.207982898Z: [    0.000000] BIOS-e820: [mem 0x00000000b0000000-0x00000000bfffffff] reserved
[STDERR  ] 2018-02-14T14:50:08.207991407Z: [    0.000000] BIOS-e820: [mem 0x00000000fed1c000-0x00000000fed1ffff] reserved
[STDERR  ] 2018-02-14T14:50:08.207999255Z: [    0.000000] BIOS-e820: [mem 0x00000000feffc000-0x00000000feffffff] reserved
[STDERR  ] 2018-02-14T14:50:08.208009303Z: [    0.000000] BIOS-e820: [mem 0x00000000fffc0000-0x00000000ffffffff] reserved
[STDERR  ] 2018-02-14T14:50:08.208017471Z: [    0.000000] NX (Execute Disable) protection: active
[STDERR  ] 2018-02-14T14:50:08.208025404Z: [    0.000000] SMBIOS 2.8 present.
[STDERR  ] 2018-02-14T14:50:08.20803347Z: [    0.000000] Hypervisor detected: KVM
[STDERR  ] 2018-02-14T14:50:08.208043817Z: [    0.000000] e820: last_pfn = 0x3ffdf max_arch_pfn = 0x400000000
[STDERR  ] 2018-02-14T14:50:08.20805195Z: [    0.000000] x86/PAT: PAT not supported by CPU.
[STDERR  ] 2018-02-14T14:50:08.208062352Z: [    0.000000] x86/PAT: Configuration [0-7]: WB  WT  UC- UC  WB  WT  UC- UC  
[STDERR  ] 2018-02-14T14:50:08.208072968Z: [    0.000000] found SMP MP-table at [mem 0x000f6aa0-0x000f6aaf] mapped at [ffff9c8d400f6aa0]
[STDERR  ] 2018-02-14T14:50:08.208083258Z: [    0.000000] RAMDISK: [mem 0x3e139000-0x3ffcffff]
[STDERR  ] 2018-02-14T14:50:08.208093614Z: [    0.000000] ACPI: Early table checksum verification disabled
[STDERR  ] 2018-02-14T14:50:08.208106533Z: [    0.000000] ACPI: RSDP 0x00000000000F68B0 000014 (v00 BOCHS )
[STDERR  ] 2018-02-14T14:50:08.208114346Z: [    0.000000] ACPI: RSDT 0x000000003FFE20A8 000034 (v01 BOCHS  BXPCRSDT 00000001 BXPC 00000001)
[STDERR  ] 2018-02-14T14:50:08.208124519Z: [    0.000000] ACPI: FACP 0x000000003FFE1EC8 0000F4 (v03 BOCHS  BXPCFACP 00000001 BXPC 00000001)
[STDERR  ] 2018-02-14T14:50:08.208132326Z: [    0.000000] ACPI: DSDT 0x000000003FFE0040 001E88 (v01 BOCHS  BXPCDSDT 00000001 BXPC 00000001)
[STDERR  ] 2018-02-14T14:50:08.2081402Z: [    0.000000] ACPI: FACS 0x000000003FFE0000 000040
[STDERR  ] 2018-02-14T14:50:08.208151725Z: [    0.000000] ACPI: APIC 0x000000003FFE1FBC 000078 (v01 BOCHS  BXPCAPIC 00000001 BXPC 00000001)
[STDERR  ] 2018-02-14T14:50:08.208159829Z: [    0.000000] ACPI: HPET 0x000000003FFE2034 000038 (v01 BOCHS  BXPCHPET 00000001 BXPC 00000001)
[STDERR  ] 2018-02-14T14:50:08.208167577Z: [    0.000000] ACPI: MCFG 0x000000003FFE206C 00003C (v01 BOCHS  BXPCMCFG 00000001 BXPC 00000001)
[STDERR  ] 2018-02-14T14:50:08.208177466Z: [    0.000000] kvm-clock: Using msrs 4b564d01 and 4b564d00
[STDERR  ] 2018-02-14T14:50:08.208185391Z: [    0.000000] kvm-clock: cpu 0, msr 0:3ffdd001, primary cpu clock
[STDERR  ] 2018-02-14T14:50:08.208193143Z: [    0.000000] clocksource: kvm-clock: mask: 0xffffffffffffffff max_cycles: 0x1cd42e4dffb, max_idle_ns: 881590591483 ns
[STDERR  ] 2018-02-14T14:50:08.208206795Z: [    0.000000] Zone ranges:
[STDERR  ] 2018-02-14T14:50:08.208214782Z: [    0.000000]   DMA      [mem 0x0000000000001000-0x0000000000ffffff]
[STDERR  ] 2018-02-14T14:50:08.20822518Z: [    0.000000]   DMA32    [mem 0x0000000001000000-0x000000003ffdefff]
[STDERR  ] 2018-02-14T14:50:08.208233134Z: [    0.000000]   Normal   empty
[STDERR  ] 2018-02-14T14:50:08.208241052Z: [    0.000000] Movable zone start for each node
[STDERR  ] 2018-02-14T14:50:08.208251384Z: [    0.000000] Early memory node ranges
[STDERR  ] 2018-02-14T14:50:08.208261674Z: [    0.000000]   node   0: [mem 0x0000000000001000-0x000000000009efff]
[STDERR  ] 2018-02-14T14:50:08.208270379Z: [    0.000000]   node   0: [mem 0x0000000000100000-0x000000003ffdefff]
[STDERR  ] 2018-02-14T14:50:08.20828055Z: [    0.000000] Initmem setup node 0 [mem 0x0000000000001000-0x000000003ffdefff]
[STDERR  ] 2018-02-14T14:50:08.208289473Z: [    0.000000] ACPI: PM-Timer IO Port: 0x608
[STDERR  ] 2018-02-14T14:50:08.208303722Z: [    0.000000] ACPI: LAPIC_NMI (acpi_id[0xff] dfl dfl lint[0x1])
[STDERR  ] 2018-02-14T14:50:08.208311817Z: [    0.000000] IOAPIC[0]: apic_id 0, version 17, address 0xfec00000, GSI 0-23
[STDERR  ] 2018-02-14T14:50:08.208323208Z: [    0.000000] ACPI: INT_SRC_OVR (bus 0 bus_irq 0 global_irq 2 dfl dfl)
[STDERR  ] 2018-02-14T14:50:08.208333735Z: [    0.000000] ACPI: INT_SRC_OVR (bus 0 bus_irq 5 global_irq 5 high level)
[STDERR  ] 2018-02-14T14:50:08.208341811Z: [    0.000000] ACPI: INT_SRC_OVR (bus 0 bus_irq 9 global_irq 9 high level)
[STDERR  ] 2018-02-14T14:50:08.208352102Z: [    0.000000] ACPI: INT_SRC_OVR (bus 0 bus_irq 10 global_irq 10 high level)
[STDERR  ] 2018-02-14T14:50:08.208360473Z: [    0.000000] ACPI: INT_SRC_OVR (bus 0 bus_irq 11 global_irq 11 high level)
[STDERR  ] 2018-02-14T14:50:08.208374251Z: [    0.000000] Using ACPI (MADT) for SMP configuration information
[STDERR  ] 2018-02-14T14:50:08.208396398Z: [    0.000000] ACPI: HPET id: 0x8086a201 base: 0xfed00000
[STDERR  ] 2018-02-14T14:50:08.208407459Z: [    0.000000] smpboot: Allowing 1 CPUs, 0 hotplug CPUs
[STDERR  ] 2018-02-14T14:50:08.208415352Z: [    0.000000] e820: [mem 0x40000000-0xafffffff] available for PCI devices
[STDERR  ] 2018-02-14T14:50:08.208425733Z: [    0.000000] Booting paravirtualized kernel on KVM
[STDERR  ] 2018-02-14T14:50:08.208435998Z: [    0.000000] clocksource: refined-jiffies: mask: 0xffffffff max_cycles: 0xffffffff, max_idle_ns: 19112604462750000 ns
[STDERR  ] 2018-02-14T14:50:08.208446959Z: [    0.000000] setup_percpu: NR_CPUS:128 nr_cpumask_bits:128 nr_cpu_ids:1 nr_node_ids:1
[STDERR  ] 2018-02-14T14:50:08.208458173Z: [    0.000000] percpu: Embedded 35 pages/cpu @ffff9c8d7de00000 s105176 r8192 d29992 u2097152
[STDERR  ] 2018-02-14T14:50:08.208466271Z: [    0.000000] KVM setup async PF for cpu 0
[STDERR  ] 2018-02-14T14:50:08.208486557Z: [    0.000000] kvm-stealtime: cpu 0, msr 3de0d580
[STDERR  ] 2018-02-14T14:50:08.208497115Z: [    0.000000] Built 1 zonelists in Zone order, mobility grouping on.  Total pages: 257896
[STDERR  ] 2018-02-14T14:50:08.208509629Z: [    0.000000] Kernel command line: console=ttyS0 console=ttyAMA0
[STDERR  ] 2018-02-14T14:50:08.208517606Z: [    0.000000] PID hash table entries: 4096 (order: 3, 32768 bytes)
[STDERR  ] 2018-02-14T14:50:08.208531944Z: [    0.000000] Dentry cache hash table entries: 131072 (order: 8, 1048576 bytes)
[STDERR  ] 2018-02-14T14:50:08.208543358Z: [    0.000000] Inode-cache hash table entries: 65536 (order: 7, 524288 bytes)
[STDERR  ] 2018-02-14T14:50:08.208554169Z: [    0.000000] Memory: 982840K/1048052K available (8026K kernel code, 1366K rwdata, 2696K rodata, 1380K init, 568K bss, 65212K reserved, 0K cma-reserved)
[STDERR  ] 2018-02-14T14:50:08.208565777Z: [    0.000000] Hierarchical RCU implementation.
[STDERR  ] 2018-02-14T14:50:08.208573759Z: [    0.000000] 	Build-time adjustment of leaf fanout to 64.
[STDERR  ] 2018-02-14T14:50:08.208581816Z: [    0.000000] 	RCU restricting CPUs from NR_CPUS=128 to nr_cpu_ids=1.
[STDERR  ] 2018-02-14T14:50:08.208593305Z: [    0.000000] RCU: Adjusting geometry for rcu_fanout_leaf=64, nr_cpu_ids=1
[STDERR  ] 2018-02-14T14:50:08.208606067Z: [    0.000000] NR_IRQS:8448 nr_irqs:256 16
[STDERR  ] 2018-02-14T14:50:08.208616677Z: [    0.000000] Console: colour VGA+ 80x25
[STDERR  ] 2018-02-14T14:50:08.208626835Z: [    0.000000] console [ttyS0] enabled
[STDERR  ] 2018-02-14T14:50:08.208637273Z: [    0.000000] clocksource: hpet: mask: 0xffffffff max_cycles: 0xffffffff, max_idle_ns: 19112604467 ns
[STDERR  ] 2018-02-14T14:50:08.208647908Z: [    0.000000] tsc: Detected 2299.934 MHz processor
[STDERR  ] 2018-02-14T14:50:08.208658227Z: [    0.020000] Calibrating delay loop (skipped) preset value.. 4599.86 BogoMIPS (lpj=22999340)
[STDERR  ] 2018-02-14T14:50:08.208668631Z: [    0.020031] pid_max: default: 32768 minimum: 301
[STDERR  ] 2018-02-14T14:50:08.208681331Z: [    0.024238] ACPI: Core revision 20160831
[STDERR  ] 2018-02-14T14:50:08.208691677Z: [    0.030052] ACPI: 1 ACPI AML tables successfully acquired and loaded
[STDERR  ] 2018-02-14T14:50:08.208705753Z: [    0.035688] Security Framework initialized
[STDERR  ] 2018-02-14T14:50:08.208713792Z: [    0.039228] Yama: becoming mindful.
[STDERR  ] 2018-02-14T14:50:08.208721999Z: [    0.040081] Mount-cache hash table entries: 2048 (order: 2, 16384 bytes)
[STDERR  ] 2018-02-14T14:50:08.208732691Z: [    0.045970] Mountpoint-cache hash table entries: 2048 (order: 2, 16384 bytes)
[STDERR  ] 2018-02-14T14:50:08.208743265Z: [    0.050991] CPU: Physical Processor ID: 0
[STDERR  ] 2018-02-14T14:50:08.208753537Z: [    0.054716] Last level iTLB entries: 4KB 0, 2MB 0, 4MB 0
[STDERR  ] 2018-02-14T14:50:08.208763454Z: [    0.060036] Last level dTLB entries: 4KB 0, 2MB 0, 4MB 0, 1GB 0
[STDERR  ] 2018-02-14T14:50:08.208773732Z: [    0.177936] Freeing SMP alternatives memory: 20K (ffffffffaeeb0000 - ffffffffaeeb5000)
[STDERR  ] 2018-02-14T14:50:08.208781677Z: [    0.214715] ftrace: allocating 35489 entries in 139 pages
[STDERR  ] 2018-02-14T14:50:08.208789538Z: [    0.230131] smpboot: Max logical packages: 1
[STDERR  ] 2018-02-14T14:50:08.208800146Z: [    0.242316] x2apic enabled
[STDERR  ] 2018-02-14T14:50:08.2088104Z: [    0.246816] Switched APIC routing to physical x2apic.
[STDERR  ] 2018-02-14T14:50:08.208820785Z: [    0.262280] ..TIMER: vector=0x30 apic1=0 pin1=2 apic2=-1 pin2=-1
[STDERR  ] 2018-02-14T14:50:08.20882896Z: [    0.270000] smpboot: CPU0: Intel QEMU Virtual CPU version 2.5+ (family: 0x6, model: 0x6, stepping: 0x3)
[STDERR  ] 2018-02-14T14:50:08.208837081Z: [    0.270000] Performance Events: PMU not available due to virtualization, using software events only.
[STDERR  ] 2018-02-14T14:50:08.208847265Z: [    0.280689] x86: Booted up 1 node, 1 CPUs
[STDERR  ] 2018-02-14T14:50:08.20885515Z: [    0.284499] smpboot: Total of 1 processors activated (4599.86 BogoMIPS)
[STDERR  ] 2018-02-14T14:50:08.208865734Z: [    0.292130] devtmpfs: initialized
[STDERR  ] 2018-02-14T14:50:08.208878633Z: [    0.300085] x86/mm: Memory block size: 128MB
[STDERR  ] 2018-02-14T14:50:08.208888935Z: [    0.306945] clocksource: jiffies: mask: 0xffffffff max_cycles: 0xffffffff, max_idle_ns: 19112604462750000 ns
[STDERR  ] 2018-02-14T14:50:08.208899222Z: [    0.310022] futex hash table entries: 256 (order: 2, 16384 bytes)
[STDERR  ] 2018-02-14T14:50:08.208912551Z: [    0.320245] NET: Registered protocol family 16
[STDERR  ] 2018-02-14T14:50:08.208922888Z: [    0.324351] cpuidle: using governor ladder
[STDERR  ] 2018-02-14T14:50:08.20893105Z: [    0.327858] cpuidle: using governor menu
[STDERR  ] 2018-02-14T14:50:08.208951772Z: [    0.330328] ACPI: bus type PCI registered
[STDERR  ] 2018-02-14T14:50:08.208962979Z: [    0.334291] PCI: MMCONFIG for domain 0000 [bus 00-ff] at [mem 0xb0000000-0xbfffffff] (base 0xb0000000)
[STDERR  ] 2018-02-14T14:50:08.208973599Z: [    0.340012] PCI: MMCONFIG at [mem 0xb0000000-0xbfffffff] reserved in E820
[STDERR  ] 2018-02-14T14:50:08.208989778Z: [    0.345745] PCI: Using configuration type 1 for base access
[STDERR  ] 2018-02-14T14:50:08.209002799Z: [    0.351719] HugeTLB registered 2 MB page size, pre-allocated 0 pages
[STDERR  ] 2018-02-14T14:50:08.209013579Z: [    0.360250] ACPI: Added _OSI(Module Device)
[STDERR  ] 2018-02-14T14:50:08.209023946Z: [    0.363828] ACPI: Added _OSI(Processor Device)
[STDERR  ] 2018-02-14T14:50:08.209037309Z: [    0.367657] ACPI: Added _OSI(3.0 _SCP Extensions)
[STDERR  ] 2018-02-14T14:50:08.209050814Z: [    0.370008] ACPI: Added _OSI(Processor Aggregator Device)
[STDERR  ] 2018-02-14T14:50:08.209061582Z: [    0.384129] ACPI: Interpreter enabled
[STDERR  ] 2018-02-14T14:50:08.209069481Z: [    0.387334] ACPI: (supports S0 S5)
[STDERR  ] 2018-02-14T14:50:08.209079964Z: [    0.390007] ACPI: Using IOAPIC for interrupt routing
[STDERR  ] 2018-02-14T14:50:08.209087931Z: [    0.394596] PCI: Using host bridge windows from ACPI; if necessary, use "pci=nocrs" and report a bug
