[INFO    ] 2017-11-07T01:57:05.690893134Z: Running Test linuxkit.packages.extend.btrfs in /tmp/build/test/cases/040_packages/005_extend/001_btrfs
[INFO    ] 2017-11-07T01:57:05.691024095Z: Running command: [/bin/sh -x /tmp/build/test/cases/040_packages/005_extend/001_btrfs/test.sh]
[STDERR  ] 2017-11-07T01:57:05.736963898Z: + set -ex
[STDERR  ] 2017-11-07T01:57:05.737048467Z: + . /tmp/build/test/cases/_lib/lib.sh
[STDERR  ] 2017-11-07T01:57:05.737080837Z: + [ -f src/github.com/linuxkit/rtf/lib/lib.sh ]
[STDERR  ] 2017-11-07T01:57:05.737091431Z: + LINUXKIT_TMPDIR=/tmp/build/test/cases/_tmp
[STDERR  ] 2017-11-07T01:57:05.737102165Z: + [ -f /tmp/build/test/cases/_tmp/env.sh ]
[STDERR  ] 2017-11-07T01:57:05.737144625Z: + . /tmp/build/test/cases/_tmp/env.sh
[STDERR  ] 2017-11-07T01:57:05.737156407Z: + export LINUXKIT_EXAMPLES_DIR=/tmp/build/test/cases/../../examples
[STDERR  ] 2017-11-07T01:57:05.737166287Z: + export LINUXKIT_BLUEPRINTS_DIR=/tmp/build/test/cases/../../blueprints
[STDERR  ] 2017-11-07T01:57:05.737178561Z: + RT_CANCEL=253
[STDERR  ] 2017-11-07T01:57:05.737187967Z: + NAME_CREATE=extend-btrfs
[STDERR  ] 2017-11-07T01:57:05.737197367Z: + NAME_EXTEND=extend-btrfs
[STDERR  ] 2017-11-07T01:57:05.737206502Z: + DISK=disk.img
[STDERR  ] 2017-11-07T01:57:05.737216562Z: + trap clean_up EXIT
[STDERR  ] 2017-11-07T01:57:05.737240558Z: + moby build -name extend-btrfs -format kernel+initrd test-create.yml
[STDERR  ] 2017-11-07T01:57:05.756552525Z: Extract kernel image: linuxkit/kernel:4.9.60
[STDERR  ] 2017-11-07T01:57:07.521299067Z: Add init containers:
[STDERR  ] 2017-11-07T01:57:07.521373922Z: Process init image: linuxkit/init:42a92119e1ca10380e0d33e26c0cbcf85b9b3558
[STDERR  ] 2017-11-07T01:57:08.820385668Z: Process init image: linuxkit/runc:817fdc592eac6cb7804fa1721a43a7f6e23fb50f
[STDERR  ] 2017-11-07T01:57:10.026819874Z: Add onboot containers:
[STDERR  ] 2017-11-07T01:57:10.026859545Z:   Create OCI config for linuxkit/modprobe:2d153653d1111877a8f53704ef85063a44182ade
[STDERR  ] 2017-11-07T01:57:11.849440408Z: time="2017-11-07T01:57:11Z" level=warning msg="certificate with CN Rolf Neugebauer is near expiry" 
[STDERR  ] 2017-11-07T01:57:11.849568512Z: time="2017-11-07T01:57:11Z" level=warning msg="certificate with CN Moby CI is near expiry" 
[STDERR  ] 2017-11-07T01:57:12.020913576Z: time="2017-11-07T01:57:12Z" level=warning msg="certificate with CN Rolf Neugebauer is near expiry" 
[STDERR  ] 2017-11-07T01:57:12.036703169Z: Pull image: docker.io/linuxkit/modprobe:2d153653d1111877a8f53704ef85063a44182ade@sha256:6369f867a94835d74f681a7f2b877effb9ebcb6afa57b0df2d13eeee1b787cf5
[STDERR  ] 2017-11-07T01:57:14.430917389Z:   Create OCI config for linuxkit/format:10e75e78e1f134d310c62e9a0352df1c67b0dd81
[STDERR  ] 2017-11-07T01:57:15.4553341Z: time="2017-11-07T01:57:15Z" level=warning msg="certificate with CN Rolf Neugebauer is near expiry" 
[STDERR  ] 2017-11-07T01:57:15.457587569Z: time="2017-11-07T01:57:15Z" level=warning msg="certificate with CN Rolf Neugebauer is near expiry" 
[STDERR  ] 2017-11-07T01:57:15.752246829Z:   Create OCI config for linuxkit/mount:41685ecc8039643948e5dff46e17584753469a7a
[STDERR  ] 2017-11-07T01:57:16.843524207Z: time="2017-11-07T01:57:16Z" level=warning msg="certificate with CN Rolf Neugebauer is near expiry" 
[STDERR  ] 2017-11-07T01:57:16.845727994Z: time="2017-11-07T01:57:16Z" level=warning msg="certificate with CN Rolf Neugebauer is near expiry" 
[STDERR  ] 2017-11-07T01:57:17.009947626Z:   Create OCI config for alpine:3.6
[STDERR  ] 2017-11-07T01:57:18.24999106Z:   Create OCI config for linuxkit/poweroff:280bd01daa8776fbe1f4d912977f1886b8374834
[STDERR  ] 2017-11-07T01:57:19.273995961Z: time="2017-11-07T01:57:19Z" level=warning msg="certificate with CN Rolf Neugebauer is near expiry" 
[STDERR  ] 2017-11-07T01:57:19.275594617Z: time="2017-11-07T01:57:19Z" level=warning msg="certificate with CN Rolf Neugebauer is near expiry" 
[STDERR  ] 2017-11-07T01:57:19.415780294Z: Create outputs:
[STDERR  ] 2017-11-07T01:57:24.663852152Z:   extend-btrfs-kernel extend-btrfs-initrd.img extend-btrfs-cmdline
[STDERR  ] 2017-11-07T01:57:24.72993991Z: + linuxkit run -disk file=disk.img,format=raw,size=256M extend-btrfs
[STDERR  ] 2017-11-07T01:57:24.749392255Z: Unable to find qemu-system-x86_64 within the $PATH. Using a container
[STDOUT  ] 2017-11-07T01:57:27.475901097Z: [    0.000000] Linux version 4.9.60-linuxkit (root@82cddbd9179e) (gcc version 6.3.0 (Alpine 6.3.0) ) #1 SMP Thu Nov 2 16:36:48 UTC 2017
[STDOUT  ] 2017-11-07T01:57:27.476344518Z: [    0.000000] Command line: console=ttyS0
[STDOUT  ] 2017-11-07T01:57:27.476562253Z: [    0.000000] x86/fpu: Legacy x87 FPU detected.
[STDOUT  ] 2017-11-07T01:57:27.476912813Z: [    0.000000] x86/fpu: Using 'eager' FPU context switches.
[STDOUT  ] 2017-11-07T01:57:27.476931413Z: [    0.000000] e820: BIOS-provided physical RAM map:
[STDOUT  ] 2017-11-07T01:57:27.477184274Z: [    0.000000] BIOS-e820: [mem 0x0000000000000000-0x000000000009fbff] usable
[STDOUT  ] 2017-11-07T01:57:27.47742822Z: [    0.000000] BIOS-e820: [mem 0x000000000009fc00-0x000000000009ffff] reserved
[STDOUT  ] 2017-11-07T01:57:27.477606569Z: [    0.000000] BIOS-e820: [mem 0x00000000000f0000-0x00000000000fffff] reserved
[STDOUT  ] 2017-11-07T01:57:27.4779371Z: [    0.000000] BIOS-e820: [mem 0x0000000000100000-0x000000003ffdefff] usable
[STDOUT  ] 2017-11-07T01:57:27.478157253Z: [    0.000000] BIOS-e820: [mem 0x000000003ffdf000-0x000000003fffffff] reserved
[STDOUT  ] 2017-11-07T01:57:27.478481478Z: [    0.000000] BIOS-e820: [mem 0x00000000b0000000-0x00000000bfffffff] reserved
[STDOUT  ] 2017-11-07T01:57:27.478662256Z: [    0.000000] BIOS-e820: [mem 0x00000000fed1c000-0x00000000fed1ffff] reserved
[STDOUT  ] 2017-11-07T01:57:27.479104408Z: [    0.000000] BIOS-e820: [mem 0x00000000fffc0000-0x00000000ffffffff] reserved
[STDOUT  ] 2017-11-07T01:57:27.479221843Z: [    0.000000] NX (Execute Disable) protection: active
[STDOUT  ] 2017-11-07T01:57:27.479394763Z: [    0.000000] SMBIOS 2.8 present.
[STDOUT  ] 2017-11-07T01:57:27.479658169Z: [    0.000000] e820: last_pfn = 0x3ffdf max_arch_pfn = 0x400000000
[STDOUT  ] 2017-11-07T01:57:27.479870232Z: [    0.000000] x86/PAT: Configuration [0-7]: WB  WC  UC- UC  WB  WC  UC- WT  
[STDOUT  ] 2017-11-07T01:57:27.480782759Z: [    0.000000] found SMP MP-table at [mem 0x000f6aa0-0x000f6aaf] mapped at [ffff9f4e800f6aa0]
[STDOUT  ] 2017-11-07T01:57:27.48127034Z: [    0.000000] RAMDISK: [mem 0x3df69000-0x3ffcffff]
[STDOUT  ] 2017-11-07T01:57:27.481731409Z: [    0.000000] ACPI: Early table checksum verification disabled
[STDOUT  ] 2017-11-07T01:57:27.482105776Z: [    0.000000] ACPI: RSDP 0x00000000000F68C0 000014 (v00 BOCHS )
[STDOUT  ] 2017-11-07T01:57:27.482707684Z: [    0.000000] ACPI: RSDT 0x000000003FFE2415 000034 (v01 BOCHS  BXPCRSDT 00000001 BXPC 00000001)
[STDOUT  ] 2017-11-07T01:57:27.482959422Z: [    0.000000] ACPI: FACP 0x000000003FFE22B5 000074 (v01 BOCHS  BXPCFACP 00000001 BXPC 00000001)
[STDOUT  ] 2017-11-07T01:57:27.483536966Z: [    0.000000] ACPI: DSDT 0x000000003FFE0040 002275 (v01 BOCHS  BXPCDSDT 00000001 BXPC 00000001)
[STDOUT  ] 2017-11-07T01:57:27.483554883Z: [    0.000000] ACPI: FACS 0x000000003FFE0000 000040
[STDOUT  ] 2017-11-07T01:57:27.483946144Z: [    0.000000] ACPI: APIC 0x000000003FFE2329 000078 (v01 BOCHS  BXPCAPIC 00000001 BXPC 00000001)
[STDOUT  ] 2017-11-07T01:57:27.484464853Z: [    0.000000] ACPI: HPET 0x000000003FFE23A1 000038 (v01 BOCHS  BXPCHPET 00000001 BXPC 00000001)
[STDOUT  ] 2017-11-07T01:57:27.484959247Z: [    0.000000] ACPI: MCFG 0x000000003FFE23D9 00003C (v01 BOCHS  BXPCMCFG 00000001 BXPC 00000001)
[STDOUT  ] 2017-11-07T01:57:27.484978163Z: [    0.000000] Zone ranges:
[STDOUT  ] 2017-11-07T01:57:27.485274493Z: [    0.000000]   DMA      [mem 0x0000000000001000-0x0000000000ffffff]
[STDOUT  ] 2017-11-07T01:57:27.485667853Z: [    0.000000]   DMA32    [mem 0x0000000001000000-0x000000003ffdefff]
[STDOUT  ] 2017-11-07T01:57:27.485829299Z: [    0.000000]   Normal   empty
[STDOUT  ] 2017-11-07T01:57:27.486129357Z: [    0.000000] Movable zone start for each node
[STDOUT  ] 2017-11-07T01:57:27.486411015Z: [    0.000000] Early memory node ranges
[STDOUT  ] 2017-11-07T01:57:27.486711642Z: [    0.000000]   node   0: [mem 0x0000000000001000-0x000000000009efff]
[STDOUT  ] 2017-11-07T01:57:27.487015655Z: [    0.000000]   node   0: [mem 0x0000000000100000-0x000000003ffdefff]
[STDOUT  ] 2017-11-07T01:57:27.487305447Z: [    0.000000] Initmem setup node 0 [mem 0x0000000000001000-0x000000003ffdefff]
[STDOUT  ] 2017-11-07T01:57:27.487616738Z: [    0.000000] ACPI: PM-Timer IO Port: 0x608
[STDOUT  ] 2017-11-07T01:57:27.487923319Z: [    0.000000] ACPI: LAPIC_NMI (acpi_id[0xff] dfl dfl lint[0x1])
[STDOUT  ] 2017-11-07T01:57:27.488221642Z: [    0.000000] IOAPIC[0]: apic_id 0, version 32, address 0xfec00000, GSI 0-23
[STDOUT  ] 2017-11-07T01:57:27.488508993Z: [    0.000000] ACPI: INT_SRC_OVR (bus 0 bus_irq 0 global_irq 2 dfl dfl)
[STDOUT  ] 2017-11-07T01:57:27.488802935Z: [    0.000000] ACPI: INT_SRC_OVR (bus 0 bus_irq 5 global_irq 5 high level)
[STDOUT  ] 2017-11-07T01:57:27.489254332Z: [    0.000000] ACPI: INT_SRC_OVR (bus 0 bus_irq 9 global_irq 9 high level)
[STDOUT  ] 2017-11-07T01:57:27.489558727Z: [    0.000000] ACPI: INT_SRC_OVR (bus 0 bus_irq 10 global_irq 10 high level)
[STDOUT  ] 2017-11-07T01:57:27.489850907Z: [    0.000000] ACPI: INT_SRC_OVR (bus 0 bus_irq 11 global_irq 11 high level)
[STDOUT  ] 2017-11-07T01:57:27.490169521Z: [    0.000000] Using ACPI (MADT) for SMP configuration information
[STDOUT  ] 2017-11-07T01:57:27.4905323Z: [    0.000000] ACPI: HPET id: 0x8086a201 base: 0xfed00000
[STDOUT  ] 2017-11-07T01:57:27.490685058Z: [    0.000000] smpboot: Allowing 1 CPUs, 0 hotplug CPUs
[STDOUT  ] 2017-11-07T01:57:27.490978101Z: [    0.000000] e820: [mem 0x40000000-0xafffffff] available for PCI devices
[STDOUT  ] 2017-11-07T01:57:27.491281256Z: [    0.000000] Booting paravirtualized kernel on bare hardware
[STDOUT  ] 2017-11-07T01:57:27.491870154Z: [    0.000000] clocksource: refined-jiffies: mask: 0xffffffff max_cycles: 0xffffffff, max_idle_ns: 19112604462750000 ns
[STDOUT  ] 2017-11-07T01:57:27.492199592Z: [    0.000000] setup_percpu: NR_CPUS:128 nr_cpumask_bits:128 nr_cpu_ids:1 nr_node_ids:1
[STDOUT  ] 2017-11-07T01:57:27.4925968Z: [    0.000000] percpu: Embedded 35 pages/cpu @ffff9f4ebdc00000 s105112 r8192 d30056 u2097152
[STDOUT  ] 2017-11-07T01:57:27.493043109Z: [    0.000000] Built 1 zonelists in Zone order, mobility grouping on.  Total pages: 257896
[STDOUT  ] 2017-11-07T01:57:27.493224461Z: [    0.000000] Kernel command line: console=ttyS0
[STDOUT  ] 2017-11-07T01:57:27.49361486Z: [    0.000000] PID hash table entries: 4096 (order: 3, 32768 bytes)
[STDOUT  ] 2017-11-07T01:57:27.493907447Z: [    0.000000] Dentry cache hash table entries: 131072 (order: 8, 1048576 bytes)
[STDOUT  ] 2017-11-07T01:57:27.494235188Z: [    0.000000] Inode-cache hash table entries: 65536 (order: 7, 524288 bytes)
[STDOUT  ] 2017-11-07T01:57:27.494957324Z: [    0.000000] Memory: 980992K/1048052K available (8053K kernel code, 1367K rwdata, 2704K rodata, 1380K init, 568K bss, 67060K reserved, 0K cma-reserved)
[STDOUT  ] 2017-11-07T01:57:27.495105298Z: [    0.000000] Hierarchical RCU implementation.
[STDOUT  ] 2017-11-07T01:57:27.495402331Z: [    0.000000] 	Build-time adjustment of leaf fanout to 64.
[STDOUT  ] 2017-11-07T01:57:27.495691297Z: [    0.000000] 	RCU restricting CPUs from NR_CPUS=128 to nr_cpu_ids=1.
[STDOUT  ] 2017-11-07T01:57:27.49599784Z: [    0.000000] RCU: Adjusting geometry for rcu_fanout_leaf=64, nr_cpu_ids=1
[STDOUT  ] 2017-11-07T01:57:27.496280695Z: [    0.000000] NR_IRQS:8448 nr_irqs:256 16
[STDOUT  ] 2017-11-07T01:57:27.496438955Z: [    0.000000] Console: colour VGA+ 80x25
[STDOUT  ] 2017-11-07T01:57:27.496842123Z: [    0.000000] console [ttyS0] enabled
[STDOUT  ] 2017-11-07T01:57:27.500559832Z: [    0.000000] clocksource: hpet: mask: 0xffffffff max_cycles: 0xffffffff, max_idle_ns: 19112604467 ns
[STDOUT  ] 2017-11-07T01:57:27.539318264Z: [    0.000000] tsc: Fast TSC calibration using PIT
[STDOUT  ] 2017-11-07T01:57:27.540275325Z: [    0.000000] tsc: Detected 2599.993 MHz processor
[STDOUT  ] 2017-11-07T01:57:27.544475542Z: [    0.032627] Calibrating delay loop (skipped), value calculated using timer frequency.. 5199.98 BogoMIPS (lpj=25999930)
[STDOUT  ] 2017-11-07T01:57:27.544923997Z: [    0.034104] pid_max: default: 32768 minimum: 301
[STDOUT  ] 2017-11-07T01:57:27.546026719Z: [    0.035314] ACPI: Core revision 20160831
[STDOUT  ] 2017-11-07T01:57:27.592268829Z: [    0.079449] ACPI: 1 ACPI AML tables successfully acquired and loaded
[STDOUT  ] 2017-11-07T01:57:27.597228274Z: [    0.084365] Security Framework initialized
[STDOUT  ] 2017-11-07T01:57:27.597700611Z: [    0.084929] Yama: becoming mindful.
[STDOUT  ] 2017-11-07T01:57:27.600327408Z: [    0.087316] Mount-cache hash table entries: 2048 (order: 2, 16384 bytes)
[STDOUT  ] 2017-11-07T01:57:27.601172821Z: [    0.088009] Mountpoint-cache hash table entries: 2048 (order: 2, 16384 bytes)
[STDOUT  ] 2017-11-07T01:57:27.620691622Z: [    0.108112] Last level iTLB entries: 4KB 0, 2MB 0, 4MB 0
[STDOUT  ] 2017-11-07T01:57:27.621298921Z: [    0.108711] Last level dTLB entries: 4KB 0, 2MB 0, 4MB 0, 1GB 0
[STDOUT  ] 2017-11-07T01:57:27.919665737Z: [    0.407200] Freeing SMP alternatives memory: 20K
[STDOUT  ] 2017-11-07T01:57:27.930483213Z: [    0.418082] ftrace: allocating 35584 entries in 140 pages
[STDOUT  ] 2017-11-07T01:57:28.219283654Z: [    0.576759] smpboot: Max logical packages: 1
[STDOUT  ] 2017-11-07T01:57:28.227445656Z: [    0.584850] ..TIMER: vector=0x30 apic1=0 pin1=2 apic2=-1 pin2=-1
[STDOUT  ] 2017-11-07T01:57:28.443695732Z: [    0.690000] smpboot: CPU0: AMD QEMU Virtual CPU version 2.5+ (family: 0x6, model: 0x6, stepping: 0x3)
[STDOUT  ] 2017-11-07T01:57:28.445570917Z: [    0.690000] Performance Events: PMU not available due to virtualization, using software events only.
[STDOUT  ] 2017-11-07T01:57:28.461980027Z: [    0.698645] NMI watchdog: disabled (cpu0): hardware events not enabled
[STDOUT  ] 2017-11-07T01:57:28.462566477Z: [    0.699185] NMI watchdog: Shutting down hard lockup detector on all cpus
[STDOUT  ] 2017-11-07T01:57:28.466517435Z: [    0.703423] x86: Booted up 1 node, 1 CPUs
[STDOUT  ] 2017-11-07T01:57:28.466986739Z: [    0.703930] smpboot: Total of 1 processors activated (5199.98 BogoMIPS)
[STDOUT  ] 2017-11-07T01:57:28.482322717Z: [    0.718846] devtmpfs: initialized
[STDOUT  ] 2017-11-07T01:57:28.489119705Z: [    0.725990] x86/mm: Memory block size: 128MB
[STDOUT  ] 2017-11-07T01:57:28.550624658Z: [    0.787358] clocksource: jiffies: mask: 0xffffffff max_cycles: 0xffffffff, max_idle_ns: 19112604462750000 ns
[STDOUT  ] 2017-11-07T01:57:28.551459687Z: [    0.788381] futex hash table entries: 256 (order: 2, 16384 bytes)
[STDOUT  ] 2017-11-07T01:57:28.561582568Z: [    0.798503] NET: Registered protocol family 16
[STDOUT  ] 2017-11-07T01:57:28.570945574Z: [    0.808078] cpuidle: using governor ladder
[STDOUT  ] 2017-11-07T01:57:28.5715452Z: [    0.808550] cpuidle: using governor menu
[STDOUT  ] 2017-11-07T01:57:28.572910316Z: [    0.809817] ACPI: bus type PCI registered
[STDOUT  ] 2017-11-07T01:57:28.576347148Z: [    0.812767] PCI: MMCONFIG for domain 0000 [bus 00-ff] at [mem 0xb0000000-0xbfffffff] (base 0xb0000000)
[STDOUT  ] 2017-11-07T01:57:28.577010324Z: [    0.813585] PCI: MMCONFIG at [mem 0xb0000000-0xbfffffff] reserved in E820
[STDOUT  ] 2017-11-07T01:57:28.578264318Z: [    0.815006] PCI: Using configuration type 1 for base access
[STDOUT  ] 2017-11-07T01:57:28.634545129Z: [    0.871358] HugeTLB registered 2 MB page size, pre-allocated 0 pages
[STDOUT  ] 2017-11-07T01:57:28.646419649Z: [    0.883513] ACPI: Added _OSI(Module Device)
[STDOUT  ] 2017-11-07T01:57:28.646883485Z: [    0.883848] ACPI: Added _OSI(Processor Device)
[STDOUT  ] 2017-11-07T01:57:28.64725731Z: [    0.884219] ACPI: Added _OSI(3.0 _SCP Extensions)
[STDOUT  ] 2017-11-07T01:57:28.647590235Z: [    0.884585] ACPI: Added _OSI(Processor Aggregator Device)
[STDOUT  ] 2017-11-07T01:57:28.723637154Z: [    0.960569] ACPI: Interpreter enabled
[STDOUT  ] 2017-11-07T01:57:28.724558258Z: [    0.961498] ACPI: (supports S0 S5)
[STDOUT  ] 2017-11-07T01:57:28.72498914Z: [    0.961889] ACPI: Using IOAPIC for interrupt routing
[STDOUT  ] 2017-11-07T01:57:28.728357927Z: [    0.964930] PCI: Using host bridge windows from ACPI; if necessary, use "pci=nocrs" and report a bug
[STDOUT  ] 2017-11-07T01:57:28.793706197Z: [    1.030571] ACPI: PCI Root Bridge [PCI0] (domain 0000 [bus 00-ff])
[STDOUT  ] 2017-11-07T01:57:28.794962884Z: [    1.031783] acpi PNP0A08:00: _OSC: OS supports [ExtendedConfig ASPM ClockPM Segments MSI]
[STDOUT  ] 2017-11-07T01:57:28.801998052Z: [    1.038656] acpi PNP0A08:00: _OSC: OS now controls [PCIeHotplug PME PCIeCapability]
[STDOUT  ] 2017-11-07T01:57:28.805688489Z: [    1.042687] PCI host bridge to bus 0000:00
[STDOUT  ] 2017-11-07T01:57:28.80644802Z: [    1.043259] pci_bus 0000:00: root bus resource [io  0x0000-0x0cf7 window]
[STDOUT  ] 2017-11-07T01:57:28.80697723Z: [    1.043800] pci_bus 0000:00: root bus resource [io  0x0d00-0xffff window]
[STDOUT  ] 2017-11-07T01:57:28.807457044Z: [    1.044397] pci_bus 0000:00: root bus resource [mem 0x000a0000-0x000bffff window]
[STDOUT  ] 2017-11-07T01:57:28.807952272Z: [    1.044884] pci_bus 0000:00: root bus resource [mem 0xc0000000-0xfebfffff window]
[STDOUT  ] 2017-11-07T01:57:28.808685869Z: [    1.045589] pci_bus 0000:00: root bus resource [bus 00-ff]
[STDOUT  ] 2017-11-07T01:57:28.956919225Z: [    1.193113] pci 0000:00:1f.0: quirk: [io  0x0600-0x067f] claimed by ICH6 ACPI/GPIO/TCO
[STDOUT  ] 2017-11-07T01:57:29.022034745Z: [    1.258701] ACPI: PCI Interrupt Link [LNKA] (IRQs 5 *10 11)
[STDOUT  ] 2017-11-07T01:57:29.025458289Z: [    1.261875] ACPI: PCI Interrupt Link [LNKB] (IRQs 5 *10 11)
[STDOUT  ] 2017-11-07T01:57:29.027664461Z: [    1.263970] ACPI: PCI Interrupt Link [LNKC] (IRQs 5 10 *11)
[STDOUT  ] 2017-11-07T01:57:29.029560823Z: [    1.265844] ACPI: PCI Interrupt Link [LNKD] (IRQs 5 10 *11)
[STDOUT  ] 2017-11-07T01:57:29.031422004Z: [    1.267728] ACPI: PCI Interrupt Link [LNKE] (IRQs 5 *10 11)
[STDOUT  ] 2017-11-07T01:57:29.033412132Z: [    1.270305] ACPI: PCI Interrupt Link [LNKF] (IRQs 5 *10 11)
[STDOUT  ] 2017-11-07T01:57:29.034980518Z: [    1.272033] ACPI: PCI Interrupt Link [LNKG] (IRQs 5 10 *11)
[STDOUT  ] 2017-11-07T01:57:29.037143917Z: [    1.274018] ACPI: PCI Interrupt Link [LNKH] (IRQs 5 10 *11)
[STDOUT  ] 2017-11-07T01:57:29.038174632Z: [    1.275251] ACPI: PCI Interrupt Link [GSIA] (IRQs *16)
[STDOUT  ] 2017-11-07T01:57:29.039098548Z: [    1.275976] ACPI: PCI Interrupt Link [GSIB] (IRQs *17)
[STDOUT  ] 2017-11-07T01:57:29.03998931Z: [    1.276880] ACPI: PCI Interrupt Link [GSIC] (IRQs *18)
[STDOUT  ] 2017-11-07T01:57:29.040623722Z: [    1.277713] ACPI: PCI Interrupt Link [GSID] (IRQs *19)
[STDOUT  ] 2017-11-07T01:57:29.041312196Z: [    1.278390] ACPI: PCI Interrupt Link [GSIE] (IRQs *20)
[STDOUT  ] 2017-11-07T01:57:29.042083848Z: [    1.279131] ACPI: PCI Interrupt Link [GSIF] (IRQs *21)
[STDOUT  ] 2017-11-07T01:57:29.043059752Z: [    1.279829] ACPI: PCI Interrupt Link [GSIG] (IRQs *22)
[STDOUT  ] 2017-11-07T01:57:29.043880327Z: [    1.280612] ACPI: PCI Interrupt Link [GSIH] (IRQs *23)
[STDOUT  ] 2017-11-07T01:57:29.047574027Z: [    1.284425] ACPI: Enabled 2 GPEs in block 00 to 3F
[STDOUT  ] 2017-11-07T01:57:29.052160478Z: [    1.288941] SCSI subsystem initialized
[STDOUT  ] 2017-11-07T01:57:29.054189873Z: [    1.291245] ACPI: bus type USB registered
[STDOUT  ] 2017-11-07T01:57:29.055577763Z: [    1.292493] usbcore: registered new interface driver usbfs
[STDOUT  ] 2017-11-07T01:57:29.056533399Z: [    1.293587] usbcore: registered new interface driver hub
[STDOUT  ] 2017-11-07T01:57:29.057366839Z: [    1.294451] usbcore: registered new device driver usb
[STDOUT  ] 2017-11-07T01:57:29.058689475Z: [    1.295725] pps_core: LinuxPPS API ver. 1 registered
[STDOUT  ] 2017-11-07T01:57:29.05911548Z: [    1.296006] pps_core: Software ver. 5.3.6 - Copyright 2005-2007 Rodolfo Giometti <giometti@linux.it>
[STDOUT  ] 2017-11-07T01:57:29.059781491Z: [    1.296818] PTP clock support registered
[STDOUT  ] 2017-11-07T01:57:29.060899449Z: [    1.298124] wmi: Mapper loaded
[STDOUT  ] 2017-11-07T01:57:29.062214499Z: [    1.299233] PCI: Using ACPI for IRQ routing
[STDOUT  ] 2017-11-07T01:57:29.081859659Z: [    1.319004] NetLabel: Initializing
[STDOUT  ] 2017-11-07T01:57:29.082235581Z: [    1.319288] NetLabel:  domain hash size = 128
[STDOUT  ] 2017-11-07T01:57:29.082857484Z: [    1.319751] NetLabel:  protocols = UNLABELED CIPSOv4
[STDOUT  ] 2017-11-07T01:57:29.085942204Z: [    1.322679] NetLabel:  unlabeled traffic allowed by default
[STDOUT  ] 2017-11-07T01:57:29.087347272Z: [    1.323897] HPET: 3 timers in total, 0 timers will be used for per-cpu timer
[STDOUT  ] 2017-11-07T01:57:29.088194022Z: [    1.324805] hpet0: at MMIO 0xfed00000, IRQs 2, 8, 0
[STDOUT  ] 2017-11-07T01:57:29.088602332Z: [    1.325353] hpet0: 3 comparators, 64-bit 100.000000 MHz counter
[STDOUT  ] 2017-11-07T01:57:29.09411244Z: [    1.331229] clocksource: Switched to clocksource hpet
[STDOUT  ] 2017-11-07T01:57:29.358462201Z: [    1.594421] VFS: Disk quotas dquot_6.6.0
[STDOUT  ] 2017-11-07T01:57:29.359474513Z: [    1.595418] VFS: Dquot-cache hash table entries: 512 (order 0, 4096 bytes)
[STDOUT  ] 2017-11-07T01:57:29.363321657Z: [    1.599522] FS-Cache: Loaded
[STDOUT  ] 2017-11-07T01:57:29.370166978Z: [    1.606388] CacheFiles: Loaded
[STDOUT  ] 2017-11-07T01:57:29.371873913Z: [    1.608074] pnp: PnP ACPI init
[STDOUT  ] 2017-11-07T01:57:29.384343817Z: [    1.620392] pnp: PnP ACPI: found 5 devices
[STDOUT  ] 2017-11-07T01:57:29.436051226Z: [    1.671769] clocksource: acpi_pm: mask: 0xffffff max_cycles: 0xffffff, max_idle_ns: 2085701024 ns
[STDOUT  ] 2017-11-07T01:57:29.440102046Z: [    1.676186] NET: Registered protocol family 2
[STDOUT  ] 2017-11-07T01:57:29.447847868Z: [    1.683672] TCP established hash table entries: 8192 (order: 4, 65536 bytes)
[STDOUT  ] 2017-11-07T01:57:29.44848242Z: [    1.684559] TCP bind hash table entries: 8192 (order: 5, 131072 bytes)
[STDOUT  ] 2017-11-07T01:57:29.449231671Z: [    1.685285] TCP: Hash tables configured (established 8192 bind 8192)
[STDOUT  ] 2017-11-07T01:57:29.451233564Z: [    1.687285] UDP hash table entries: 512 (order: 2, 16384 bytes)
[STDOUT  ] 2017-11-07T01:57:29.451987826Z: [    1.687920] UDP-Lite hash table entries: 512 (order: 2, 16384 bytes)
[STDOUT  ] 2017-11-07T01:57:29.454762758Z: [    1.690791] NET: Registered protocol family 1
[STDOUT  ] 2017-11-07T01:57:29.456504049Z: [    1.692211] pci 0000:00:01.0: Video device with shadowed ROM at [mem 0x000c0000-0x000dffff]
[STDOUT  ] 2017-11-07T01:57:29.462969118Z: [    1.699168] Unpacking initramfs...
[STDOUT  ] 2017-11-07T01:57:34.622592797Z: [    6.858554] Freeing initrd memory: 33180K
[STDOUT  ] 2017-11-07T01:57:34.647624101Z: [    6.883549] PCLMULQDQ-NI instructions are not detected.
[STDOUT  ] 2017-11-07T01:57:34.649133211Z: [    6.885063] AVX or AES-NI instructions are not detected.
[STDOUT  ] 2017-11-07T01:57:34.649629162Z: [    6.885670] CPU feature 'AVX registers' is not supported.
[STDOUT  ] 2017-11-07T01:57:34.650059312Z: [    6.886093] CPU feature 'AVX registers' is not supported.
[STDOUT  ] 2017-11-07T01:57:34.650505644Z: [    6.886561] CPU feature 'AVX registers' is not supported.
[STDOUT  ] 2017-11-07T01:57:34.651014755Z: [    6.886984] CPU feature 'AVX registers' is not supported.
[STDOUT  ] 2017-11-07T01:57:34.651338442Z: [    6.887407] AVX2 or AES-NI instructions are not detected.
[STDOUT  ] 2017-11-07T01:57:34.651654624Z: [    6.887837] AVX2 instructions are not detected.
[STDOUT  ] 2017-11-07T01:57:34.658027269Z: [    6.894092] audit: initializing netlink subsys (disabled)
[STDOUT  ] 2017-11-07T01:57:34.660157996Z: [    6.896231] audit: type=2000 audit(1510019852.890:1): initialized
[STDOUT  ] 2017-11-07T01:57:34.668345159Z: [    6.904320] workingset: timestamp_bits=46 max_order=18 bucket_order=0
[STDOUT  ] 2017-11-07T01:57:34.672610091Z: [    6.908557] squashfs: version 4.0 (2009/01/31) Phillip Lougher
[STDOUT  ] 2017-11-07T01:57:34.676526523Z: [    6.912631] FS-Cache: Netfs 'cifs' registered for caching
[STDOUT  ] 2017-11-07T01:57:34.677413886Z: [    6.913651] fuse init (API version 7.26)
[STDOUT  ] 2017-11-07T01:57:34.679862536Z: [    6.915963] SGI XFS with ACLs, security attributes, no debug enabled
[STDOUT  ] 2017-11-07T01:57:34.686472908Z: [    6.922531] 9p: Installing v9fs 9p2000 file system support
[STDOUT  ] 2017-11-07T01:57:34.687004099Z: [    6.923102] FS-Cache: Netfs '9p' registered for caching
[STDOUT  ] 2017-11-07T01:57:34.718939568Z: [    6.954929] NET: Registered protocol family 38
[STDOUT  ] 2017-11-07T01:57:34.71948667Z: [    6.955571] Key type asymmetric registered
[STDOUT  ] 2017-11-07T01:57:34.720015094Z: [    6.955979] Asymmetric key parser 'x509' registered
[STDOUT  ] 2017-11-07T01:57:34.721120728Z: [    6.957054] Block layer SCSI generic (bsg) driver version 0.4 loaded (major 251)
[STDOUT  ] 2017-11-07T01:57:34.722683548Z: [    6.958743] io scheduler noop registered
[STDOUT  ] 2017-11-07T01:57:34.723107847Z: [    6.959170] io scheduler deadline registered (default)
[STDOUT  ] 2017-11-07T01:57:34.724964115Z: [    6.961032] io scheduler cfq registered
[STDOUT  ] 2017-11-07T01:57:34.727575882Z: [    6.963620] pci_hotplug: PCI Hot Plug PCI Core version: 0.5
[STDOUT  ] 2017-11-07T01:57:34.728306401Z: [    6.964279] pciehp: PCI Express Hot Plug Controller Driver version: 0.4
[STDOUT  ] 2017-11-07T01:57:34.729356888Z: [    6.965257] shpchp: Standard Hot Plug PCI Controller Driver version: 0.4
[STDOUT  ] 2017-11-07T01:57:34.73002348Z: [    6.966122] hv_vmbus: registering driver hyperv_fb
[STDOUT  ] 2017-11-07T01:57:34.733437755Z: [    6.969288] input: Power Button as /devices/LNXSYSTM:00/LNXPWRBN:00/input/input0
[STDOUT  ] 2017-11-07T01:57:34.735698173Z: [    6.971894] ACPI: Power Button [PWRF]
[STDOUT  ] 2017-11-07T01:57:34.740484073Z: [    6.976483] GHES: HEST is not enabled!
[STDOUT  ] 2017-11-07T01:57:34.751303205Z: [    6.987352] ACPI: PCI Interrupt Link [GSIG] enabled at IRQ 22
[STDOUT  ] 2017-11-07T01:57:34.764329783Z: [    7.000393] ACPI: PCI Interrupt Link [GSIH] enabled at IRQ 23
[STDOUT  ] 2017-11-07T01:57:34.773966829Z: [    7.009994] ACPI: PCI Interrupt Link [GSIE] enabled at IRQ 20
[STDOUT  ] 2017-11-07T01:57:34.77871991Z: [    7.014734] xenfs: not registering filesystem on non-xen platform
[STDOUT  ] 2017-11-07T01:57:34.780843422Z: [    7.016883] Serial: 8250/16550 driver, 4 ports, IRQ sharing disabled
[STDOUT  ] 2017-11-07T01:57:34.805012193Z: [    7.040967] 00:04: ttyS0 at I/O 0x3f8 (irq = 4, base_baud = 115200) is a 16550A
[STDOUT  ] 2017-11-07T01:57:34.817185591Z: [    7.053331] Non-volatile memory driver v1.3
[STDOUT  ] 2017-11-07T01:57:34.826810532Z: [    7.062449] Hangcheck: starting hangcheck timer 0.9.1 (tick is 180 seconds, margin is 60 seconds).
[STDOUT  ] 2017-11-07T01:57:34.865457393Z: [    7.101632] loop: module loaded
[STDOUT  ] 2017-11-07T01:57:34.881936703Z: [    7.118079] nbd: registered device at major 43
[STDOUT  ] 2017-11-07T01:57:34.927136416Z: [    7.163157] lpc_ich 0000:00:1f.0: I/O space for GPIO uninitialized
[STDOUT  ] 2017-11-07T01:57:34.929399726Z: [    7.165502] VMware PVSCSI driver - version 1.0.7.0-k
[STDOUT  ] 2017-11-07T01:57:34.930327111Z: [    7.166435] hv_vmbus: registering driver hv_storvsc
[STDOUT  ] 2017-11-07T01:57:34.941562086Z: [    7.177573] ACPI: PCI Interrupt Link [GSIA] enabled at IRQ 16
[STDOUT  ] 2017-11-07T01:57:34.948091043Z: [    7.184027] ahci 0000:00:1f.2: AHCI 0001.0000 32 slots 6 ports 1.5 Gbps 0x3f impl SATA mode
[STDOUT  ] 2017-11-07T01:57:34.948611117Z: [    7.184706] ahci 0000:00:1f.2: flags: 64bit ncq only 
[STDOUT  ] 2017-11-07T01:57:34.969005102Z: [    7.205161] scsi host0: ahci
[STDOUT  ] 2017-11-07T01:57:34.974370447Z: [    7.210602] scsi host1: ahci
[STDOUT  ] 2017-11-07T01:57:34.977982884Z: [    7.214038] scsi host2: ahci
[STDOUT  ] 2017-11-07T01:57:34.980571656Z: [    7.216754] scsi host3: ahci
[STDOUT  ] 2017-11-07T01:57:34.982823357Z: [    7.219078] scsi host4: ahci
[STDOUT  ] 2017-11-07T01:57:34.985370952Z: [    7.221548] scsi host5: ahci
[STDOUT  ] 2017-11-07T01:57:34.987540558Z: [    7.223422] ata1: SATA max UDMA/133 abar m4096@0xfebd2000 port 0xfebd2100 irq 24
[STDOUT  ] 2017-11-07T01:57:34.988023451Z: [    7.223941] ata2: SATA max UDMA/133 abar m4096@0xfebd2000 port 0xfebd2180 irq 24
[STDOUT  ] 2017-11-07T01:57:34.988491979Z: [    7.224436] ata3: SATA max UDMA/133 abar m4096@0xfebd2000 port 0xfebd2200 irq 24
[STDOUT  ] 2017-11-07T01:57:34.988971649Z: [    7.224937] ata4: SATA max UDMA/133 abar m4096@0xfebd2000 port 0xfebd2280 irq 24
[STDOUT  ] 2017-11-07T01:57:34.989469257Z: [    7.225454] ata5: SATA max UDMA/133 abar m4096@0xfebd2000 port 0xfebd2300 irq 24
[STDOUT  ] 2017-11-07T01:57:34.990063437Z: [    7.225962] ata6: SATA max UDMA/133 abar m4096@0xfebd2000 port 0xfebd2380 irq 24
[STDOUT  ] 2017-11-07T01:57:35.003170054Z: [    7.239204] tun: Universal TUN/TAP device driver, 1.6
[STDOUT  ] 2017-11-07T01:57:35.003629534Z: [    7.239634] tun: (C) 1999-2004 Max Krasnyansky <maxk@qualcomm.com>
[STDOUT  ] 2017-11-07T01:57:35.013992686Z: [    7.249931] VMware vmxnet3 virtual NIC driver - version 1.4.a.0-k-NAPI
[STDOUT  ] 2017-11-07T01:57:35.015040242Z: [    7.251093] hv_vmbus: registering driver hv_netvsc
[STDOUT  ] 2017-11-07T01:57:35.015210139Z: [    7.251426] Fusion MPT base driver 3.04.20
[STDOUT  ] 2017-11-07T01:57:35.015525469Z: [    7.251682] Copyright (c) 1999-2008 LSI Corporation
[STDOUT  ] 2017-11-07T01:57:35.01616535Z: [    7.252273] Fusion MPT SPI Host driver 3.04.20
[STDOUT  ] 2017-11-07T01:57:35.018383354Z: [    7.254282] i8042: PNP: PS/2 Controller [PNP0303:KBD,PNP0f13:MOU] at 0x60,0x64 irq 1,12
[STDOUT  ] 2017-11-07T01:57:35.022035403Z: [    7.258066] serio: i8042 KBD port at 0x60,0x64 irq 1
[STDOUT  ] 2017-11-07T01:57:35.023031114Z: [    7.258781] serio: i8042 AUX port at 0x60,0x64 irq 12
[STDOUT  ] 2017-11-07T01:57:35.025831533Z: [    7.261859] hv_vmbus: registering driver hyperv_keyboard
[STDOUT  ] 2017-11-07T01:57:35.028749558Z: [    7.264846] mousedev: PS/2 mouse device common for all mice
[STDOUT  ] 2017-11-07T01:57:35.033390457Z: [    7.269357] input: AT Translated Set 2 keyboard as /devices/platform/i8042/serio0/input/input1
[STDOUT  ] 2017-11-07T01:57:35.035886167Z: [    7.271913] input: PC Speaker as /devices/platform/pcspkr/input/input2
[STDOUT  ] 2017-11-07T01:57:35.0399991Z: [    7.276014] rtc_cmos 00:00: RTC can wake from S4
[STDOUT  ] 2017-11-07T01:57:35.04328424Z: [    7.279383] rtc_cmos 00:00: rtc core: registered rtc_cmos as rtc0
[STDOUT  ] 2017-11-07T01:57:35.045201322Z: [    7.281134] rtc_cmos 00:00: alarms up to one day, y3k, 114 bytes nvram, hpet irqs
[STDOUT  ] 2017-11-07T01:57:35.045650097Z: [    7.281887] i2c /dev entries driver
[STDOUT  ] 2017-11-07T01:57:35.047945821Z: [    7.283797] device-mapper: ioctl: 4.35.0-ioctl (2016-06-23) initialised: dm-devel@redhat.com
[STDOUT  ] 2017-11-07T01:57:35.05234855Z: [    7.288386] usbcore: registered new interface driver usbhid
[STDOUT  ] 2017-11-07T01:57:35.052731647Z: [    7.288798] usbhid: USB HID core driver
[STDOUT  ] 2017-11-07T01:57:35.05350096Z: [    7.289568] hv_utils: Registering HyperV Utility Driver
[STDOUT  ] 2017-11-07T01:57:35.053900769Z: [    7.289888] hv_vmbus: registering driver hv_util
[STDOUT  ] 2017-11-07T01:57:35.05452175Z: [    7.290618] hv_vmbus: registering driver hv_balloon
[STDOUT  ] 2017-11-07T01:57:35.055074834Z: [    7.291330] oprofile: using NMI interrupt.
[STDOUT  ] 2017-11-07T01:57:35.05604734Z: [    7.292290] GACT probability on
[STDOUT  ] 2017-11-07T01:57:35.05676178Z: [    7.292820] Mirror/redirect action on
[STDOUT  ] 2017-11-07T01:57:35.05778552Z: [    7.293869] Simple TC action Loaded
[STDOUT  ] 2017-11-07T01:57:35.058229677Z: [    7.294492] u32 classifier
[STDOUT  ] 2017-11-07T01:57:35.058550476Z: [    7.294663]     Performance counters on
[STDOUT  ] 2017-11-07T01:57:35.058695256Z: [    7.294933]     input device check on
[STDOUT  ] 2017-11-07T01:57:35.058999137Z: [    7.295174]     Actions configured
[STDOUT  ] 2017-11-07T01:57:35.059789599Z: [    7.295828] Netfilter messages via NETLINK v0.30.
[STDOUT  ] 2017-11-07T01:57:35.060676801Z: [    7.296701] nfnl_acct: registering with nfnetlink.
[STDOUT  ] 2017-11-07T01:57:35.061969383Z: [    7.298051] nf_conntrack version 0.5.0 (8192 buckets, 32768 max)
[STDOUT  ] 2017-11-07T01:57:35.065366146Z: [    7.301427] ctnetlink v0.93: registering with nfnetlink.
[STDOUT  ] 2017-11-07T01:57:35.068527942Z: [    7.304568] nf_tables: (c) 2007-2009 Patrick McHardy <kaber@trash.net>
[STDOUT  ] 2017-11-07T01:57:35.069562357Z: [    7.305487] nf_tables_compat: (c) 2012 Pablo Neira Ayuso <pablo@netfilter.org>
[STDOUT  ] 2017-11-07T01:57:35.071747634Z: [    7.307960] xt_time: kernel timezone is -0000
[STDOUT  ] 2017-11-07T01:57:35.072245781Z: [    7.308499] ip_set: protocol 6
[STDOUT  ] 2017-11-07T01:57:35.073070977Z: [    7.309182] IPVS: Registered protocols (TCP, UDP, SCTP, AH, ESP)
[STDOUT  ] 2017-11-07T01:57:35.073876179Z: [    7.309832] IPVS: Connection hash table configured (size=4096, memory=64Kbytes)
[STDOUT  ] 2017-11-07T01:57:35.07581999Z: [    7.311890] IPVS: Creating netns size=2104 id=0
[STDOUT  ] 2017-11-07T01:57:35.078464444Z: [    7.314641] IPVS: ipvs loaded.
[STDOUT  ] 2017-11-07T01:57:35.078993769Z: [    7.315059] IPVS: [rr] scheduler registered.
[STDOUT  ] 2017-11-07T01:57:35.079327763Z: [    7.315443] IPVS: [wrr] scheduler registered.
[STDOUT  ] 2017-11-07T01:57:35.079764257Z: [    7.315801] IPVS: [lc] scheduler registered.
[STDOUT  ] 2017-11-07T01:57:35.080078303Z: [    7.316121] IPVS: [wlc] scheduler registered.
[STDOUT  ] 2017-11-07T01:57:35.080405333Z: [    7.316463] IPVS: [fo] scheduler registered.
[STDOUT  ] 2017-11-07T01:57:35.080706017Z: [    7.316796] IPVS: [ovf] scheduler registered.
[STDOUT  ] 2017-11-07T01:57:35.081179212Z: [    7.317271] IPVS: [lblc] scheduler registered.
[STDOUT  ] 2017-11-07T01:57:35.081683082Z: [    7.317694] IPVS: [lblcr] scheduler registered.
[STDOUT  ] 2017-11-07T01:57:35.082003548Z: [    7.318082] IPVS: [dh] scheduler registered.
[STDOUT  ] 2017-11-07T01:57:35.082325682Z: [    7.318438] IPVS: [sh] scheduler registered.
[STDOUT  ] 2017-11-07T01:57:35.082614838Z: [    7.318746] IPVS: [sed] scheduler registered.
[STDOUT  ] 2017-11-07T01:57:35.082897585Z: [    7.319057] IPVS: [nq] scheduler registered.
[STDOUT  ] 2017-11-07T01:57:35.08370138Z: [    7.319832] IPVS: ftp: loaded support on port[0] = 21
[STDOUT  ] 2017-11-07T01:57:35.085036897Z: [    7.321073] ipip: IPv4 and MPLS over IPv4 tunneling driver
[STDOUT  ] 2017-11-07T01:57:35.088898514Z: [    7.325115] gre: GRE over IPv4 demultiplexor driver
[STDOUT  ] 2017-11-07T01:57:35.0916803Z: [    7.327710] ip_tables: (C) 2000-2006 Netfilter Core Team
[STDOUT  ] 2017-11-07T01:57:35.095054972Z: [    7.331131] ipt_CLUSTERIP: ClusterIP Version 0.8 loaded successfully
[STDOUT  ] 2017-11-07T01:57:35.095813227Z: [    7.331867] arp_tables: arp_tables: (C) 2002 David S. Miller
[STDOUT  ] 2017-11-07T01:57:35.098457301Z: [    7.334680] NET: Registered protocol family 10
[STDOUT  ] 2017-11-07T01:57:35.107926562Z: [    7.344021] ip6_tables: (C) 2000-2006 Netfilter Core Team
[STDOUT  ] 2017-11-07T01:57:35.116065832Z: [    7.352093] NET: Registered protocol family 17
[STDOUT  ] 2017-11-07T01:57:35.117086883Z: [    7.353318] Bridge firewalling registered
[STDOUT  ] 2017-11-07T01:57:35.117569144Z: [    7.353825] Ebtables v2.0 registered
[STDOUT  ] 2017-11-07T01:57:35.119433808Z: [    7.355629] 8021q: 802.1Q VLAN Support v1.8
[STDOUT  ] 2017-11-07T01:57:35.120781624Z: [    7.357030] 9pnet: Installing 9P2000 support
[STDOUT  ] 2017-11-07T01:57:35.122284455Z: [    7.358503] Key type dns_resolver registered
[STDOUT  ] 2017-11-07T01:57:35.123225691Z: [    7.359308] microcode: AMD CPU family 0x6 not supported
[STDOUT  ] 2017-11-07T01:57:35.127320118Z: [    7.363387] registered taskstats version 1
[STDOUT  ] 2017-11-07T01:57:35.287369308Z: [    7.523371] Key type big_key registered
[STDOUT  ] 2017-11-07T01:57:35.329045715Z: [    7.565046] ata5: SATA link down (SStatus 0 SControl 300)
[STDOUT  ] 2017-11-07T01:57:35.331822055Z: [    7.567802] ata4: SATA link down (SStatus 0 SControl 300)
[STDOUT  ] 2017-11-07T01:57:35.332846806Z: [    7.568779] ata3: SATA link up 1.5 Gbps (SStatus 113 SControl 300)
[STDOUT  ] 2017-11-07T01:57:35.335916414Z: [    7.571957] ata2: SATA link down (SStatus 0 SControl 300)
[STDOUT  ] 2017-11-07T01:57:35.336634564Z: [    7.572557] ata1: SATA link up 1.5 Gbps (SStatus 113 SControl 300)
[STDOUT  ] 2017-11-07T01:57:35.339624496Z: [    7.575772] ata1.00: ATA-7: QEMU HARDDISK, 2.5+, max UDMA/100
[STDOUT  ] 2017-11-07T01:57:35.340128076Z: [    7.576145] ata1.00: 524288 sectors, multi 16: LBA48 NCQ (depth 31/32)
[STDOUT  ] 2017-11-07T01:57:35.340662295Z: [    7.576810] ata1.00: applying bridge limits
[STDOUT  ] 2017-11-07T01:57:35.342604948Z: [    7.578678] ata1.00: configured for UDMA/100
[STDOUT  ] 2017-11-07T01:57:35.344988553Z: [    7.581077] ata6: SATA link down (SStatus 0 SControl 300)
[STDOUT  ] 2017-11-07T01:57:35.354609141Z: [    7.590698] ata3.00: ATAPI: QEMU DVD-ROM, 2.5+, max UDMA/100
[STDOUT  ] 2017-11-07T01:57:35.355027359Z: [    7.591116] ata3.00: applying bridge limits
[STDOUT  ] 2017-11-07T01:57:35.355791458Z: [    7.591856] ata3.00: configured for UDMA/100
[STDOUT  ] 2017-11-07T01:57:35.367110743Z: [    7.602986] scsi 0:0:0:0: Direct-Access     ATA      QEMU HARDDISK    2.5+ PQ: 0 ANSI: 5
[STDOUT  ] 2017-11-07T01:57:35.374506869Z: [    7.610408] sd 0:0:0:0: [sda] 524288 512-byte logical blocks: (268 MB/256 MiB)
[STDOUT  ] 2017-11-07T01:57:35.384885084Z: [    7.620933] sd 0:0:0:0: [sda] Write Protect is off
[STDOUT  ] 2017-11-07T01:57:35.38644016Z: [    7.622185] sd 0:0:0:0: [sda] Write cache: enabled, read cache: enabled, doesn't support DPO or FUA
[STDOUT  ] 2017-11-07T01:57:35.390845967Z: [    7.626928] sd 0:0:0:0: Attached scsi generic sg0 type 0
[STDOUT  ] 2017-11-07T01:57:35.397477347Z: [    7.633395] scsi 2:0:0:0: CD-ROM            QEMU     QEMU DVD-ROM     2.5+ PQ: 0 ANSI: 5
[STDOUT  ] 2017-11-07T01:57:35.416975621Z: [    7.652618] sr 2:0:0:0: [sr0] scsi3-mmc drive: 4x/4x cd/rw xa/form2 tray
[STDOUT  ] 2017-11-07T01:57:35.418012396Z: [    7.654015] cdrom: Uniform CD-ROM driver Revision: 3.20
[STDOUT  ] 2017-11-07T01:57:35.438347973Z: [    7.674392] sr 2:0:0:0: Attached scsi generic sg1 type 5
[STDOUT  ] 2017-11-07T01:57:35.447174297Z: [    7.683233] sd 0:0:0:0: [sda] Attached SCSI disk
[STDOUT  ] 2017-11-07T01:57:35.486650909Z: [    7.722728] Key type encrypted registered
[STDOUT  ] 2017-11-07T01:57:35.492849532Z: [    7.728779] rtc_cmos 00:00: setting system clock to 2017-11-07 01:57:34 UTC (1510019854)
[STDOUT  ] 2017-11-07T01:57:35.64451203Z: [    7.880468] Freeing unused kernel memory: 1380K
[STDOUT  ] 2017-11-07T01:57:35.644857483Z: [    7.880903] Write protecting the kernel read-only data: 12288k
[STDOUT  ] 2017-11-07T01:57:35.6521683Z: [    7.888175] Freeing unused kernel memory: 124K
[STDOUT  ] 2017-11-07T01:57:35.741147601Z: [    7.977158] Freeing unused kernel memory: 1392K
[STDOUT  ] 2017-11-07T01:57:35.741844314Z: [    7.977904] tsc: Refined TSC clocksource calibration: 2599.995 MHz
[STDOUT  ] 2017-11-07T01:57:35.742665238Z: [    7.978423] clocksource: tsc: mask: 0xffffffffffffffff max_cycles: 0x257a376535a, max_idle_ns: 440795296166 ns
[STDOUT  ] 2017-11-07T01:57:36.746654923Z: [    8.982621] clocksource: Switched to clocksource tsc
[STDOUT  ] 2017-11-07T01:57:46.680971725Z: 
[STDOUT  ] 2017-11-07T01:57:46.681457113Z: Welcome to LinuxKit
[STDOUT  ] 2017-11-07T01:57:46.681552339Z: 
[STDOUT  ] 2017-11-07T01:57:46.682137806Z:                         ##         .
[STDOUT  ] 2017-11-07T01:57:46.68247345Z:                   ## ## ##        ==
[STDOUT  ] 2017-11-07T01:57:46.682936764Z:                ## ## ## ## ##    ===
[STDOUT  ] 2017-11-07T01:57:46.683273339Z:            /"""""""""""""""""\___/ ===
[STDOUT  ] 2017-11-07T01:57:46.683747415Z:           {                       /  ===-
[STDOUT  ] 2017-11-07T01:57:46.684956099Z:            \______ O           __/
[STDOUT  ] 2017-11-07T01:57:46.685288752Z:              \    \         __/
[STDOUT  ] 2017-11-07T01:57:46.6855904Z:               \____\_______/
[STDOUT  ] 2017-11-07T01:57:46.685714793Z: 
[STDOUT  ] 2017-11-07T01:57:48.544513992Z: [   20.780464] raid6: sse2x1   gen()   340 MB/s
[STDOUT  ] 2017-11-07T01:57:48.714437557Z: [   20.950484] raid6: sse2x1   xor()   163 MB/s
[STDOUT  ] 2017-11-07T01:57:48.884537953Z: [   21.120498] raid6: sse2x2   gen()   255 MB/s
[STDOUT  ] 2017-11-07T01:57:49.054373977Z: [   21.290373] raid6: sse2x2   xor()   173 MB/s
[STDOUT  ] 2017-11-07T01:57:49.224295589Z: [   21.460277] raid6: sse2x4   gen()   322 MB/s
[STDOUT  ] 2017-11-07T01:57:49.39428318Z: [   21.630312] raid6: sse2x4   xor()   185 MB/s
[STDOUT  ] 2017-11-07T01:57:49.394900015Z: [   21.630863] raid6: using algorithm sse2x1 gen() 340 MB/s
[STDOUT  ] 2017-11-07T01:57:49.395465263Z: [   21.631316] raid6: .... xor() 163 MB/s, rmw enabled
[STDOUT  ] 2017-11-07T01:57:49.396036993Z: [   21.632107] raid6: using intx1 recovery algorithm
[STDOUT  ] 2017-11-07T01:57:49.416143486Z: [   21.652001] xor: measuring software checksum speed
[STDOUT  ] 2017-11-07T01:57:49.514294172Z: [   21.750322]    prefetch64-sse:   658.000 MB/sec
[STDOUT  ] 2017-11-07T01:57:49.614306843Z: [   21.850260]    generic_sse:   636.800 MB/sec
[STDOUT  ] 2017-11-07T01:57:49.61475348Z: [   21.850780] xor: using function: prefetch64-sse (658.000 MB/sec)
[STDOUT  ] 2017-11-07T01:57:49.768958157Z: [   22.004936] Btrfs loaded, crc32c=crc32c-generic
[STDOUT  ] 2017-11-07T01:57:50.327121245Z: [   22.562681] IPVS: Creating netns size=2104 id=1
[STDOUT  ] 2017-11-07T01:57:50.328900886Z: [   22.564314] IPVS: ftp: loaded support on port[0] = 21
[STDOUT  ] 2017-11-07T01:57:51.551083281Z: 2017/11/07 01:57:50 Creating partition on /dev/sda
[STDOUT  ] 2017-11-07T01:57:51.592194999Z: [   23.828152] random: fast init done
[STDOUT  ] 2017-11-07T01:57:51.646744523Z: [   23.882867]  sda:
[STDOUT  ] 2017-11-07T01:57:51.720685355Z: [   23.956854]  sda:
[STDOUT  ] 2017-11-07T01:57:51.751323581Z: [   23.987320]  sda: sda1
[STDOUT  ] 2017-11-07T01:57:51.834753301Z: [   24.070805]  sda: sda1
[STDERR  ] 2017-11-07T01:57:53.525150536Z: main-loop: WARNING: I/O thread spun for 1000 iterations
[STDOUT  ] 2017-11-07T01:57:53.66532458Z: [   25.901138] BTRFS: device fsid 12cfd86a-65fa-4d9c-8722-9f07e333a70f devid 1 transid 5 /dev/sda1
[STDOUT  ] 2017-11-07T01:57:53.675162469Z: 2017/11/07 01:57:52 Partition /dev/sda1 successfully created!
[STDOUT  ] 2017-11-07T01:57:54.326678779Z: [   26.562659] IPVS: Creating netns size=2104 id=2
[STDOUT  ] 2017-11-07T01:57:54.327100625Z: [   26.563241] IPVS: ftp: loaded support on port[0] = 21
[STDOUT  ] 2017-11-07T01:57:55.527503978Z: [   27.763416] FAT-fs (sda1): utf8 is not a recommended IO charset for FAT filesystems, filesystem will be case sensitive!
[STDOUT  ] 2017-11-07T01:57:55.53236309Z: [   27.768396] FAT-fs (sda1): utf8 is not a recommended IO charset for FAT filesystems, filesystem will be case sensitive!
[STDOUT  ] 2017-11-07T01:57:55.535931803Z: [   27.772116] mount: sending ioctl 5310 to a partition!
[STDOUT  ] 2017-11-07T01:57:55.574355617Z: [   27.810385] mount: sending ioctl 5310 to a partition!
[STDOUT  ] 2017-11-07T01:57:55.57583073Z: [   27.811934] UDF-fs: warning (device sda1): udf_fill_super: No partition found (2)
[STDOUT  ] 2017-11-07T01:57:55.606850038Z: [   27.842849] BTRFS info (device sda1): disk space caching is enabled
[STDOUT  ] 2017-11-07T01:57:55.607049521Z: [   27.843212] BTRFS info (device sda1): has skinny extents
[STDOUT  ] 2017-11-07T01:57:55.607314071Z: [   27.843405] BTRFS info (device sda1): flagging fs with big metadata feature
[STDOUT  ] 2017-11-07T01:57:55.651609148Z: [   27.887570] BTRFS info (device sda1): creating UUID tree
[STDOUT  ] 2017-11-07T01:58:09.462647211Z: [   41.697336] sd 0:0:0:0: [sda] Synchronizing SCSI cache
[STDOUT  ] 2017-11-07T01:58:09.46559725Z: [   41.701587] sd 0:0:0:0: [sda] Stopping disk
[STDOUT  ] 2017-11-07T01:58:09.468601321Z: [   41.704503] ACPI: Preparing to enter system sleep state S5
[STDOUT  ] 2017-11-07T01:58:09.469622261Z: [   41.705843] reboot: Power down
[STDERR  ] 2017-11-07T01:58:09.801877859Z: + [ -f disk.img ]
[STDERR  ] 2017-11-07T01:58:09.801932449Z: + dd if=/dev/zero bs=1048576 count=256
[STDERR  ] 2017-11-07T01:58:09.983240944Z: 256+0 records in
[STDERR  ] 2017-11-07T01:58:09.983291441Z: 256+0 records out
[STDERR  ] 2017-11-07T01:58:09.983302539Z: 268435456 bytes (268 MB) copied, 0.180621 s, 1.5 GB/s
[STDERR  ] 2017-11-07T01:58:09.983588789Z: + moby build -format kernel+initrd -name extend-btrfs test.yml
[STDERR  ] 2017-11-07T01:58:10.015194001Z: Extract kernel image: linuxkit/kernel:4.9.60
[STDERR  ] 2017-11-07T01:58:11.755855368Z: Add init containers:
[STDERR  ] 2017-11-07T01:58:11.755920499Z: Process init image: linuxkit/init:42a92119e1ca10380e0d33e26c0cbcf85b9b3558
[STDERR  ] 2017-11-07T01:58:13.075959609Z: Process init image: linuxkit/runc:817fdc592eac6cb7804fa1721a43a7f6e23fb50f
[STDERR  ] 2017-11-07T01:58:14.280374331Z: Add onboot containers:
[STDERR  ] 2017-11-07T01:58:14.280429085Z:   Create OCI config for linuxkit/modprobe:2d153653d1111877a8f53704ef85063a44182ade
[STDERR  ] 2017-11-07T01:58:15.364646388Z: time="2017-11-07T01:58:15Z" level=warning msg="certificate with CN Rolf Neugebauer is near expiry" 
[STDERR  ] 2017-11-07T01:58:15.364793337Z: time="2017-11-07T01:58:15Z" level=warning msg="certificate with CN Moby CI is near expiry" 
[STDERR  ] 2017-11-07T01:58:15.366112291Z: time="2017-11-07T01:58:15Z" level=warning msg="certificate with CN Rolf Neugebauer is near expiry" 
[STDERR  ] 2017-11-07T01:58:15.506829962Z:   Create OCI config for linuxkit/extend:8b6db5bf68330cc4e91c74532732a7e227ae12fd
[STDERR  ] 2017-11-07T01:58:16.532171142Z: time="2017-11-07T01:58:16Z" level=warning msg="certificate with CN Rolf Neugebauer is near expiry" 
[STDERR  ] 2017-11-07T01:58:16.532342808Z: time="2017-11-07T01:58:16Z" level=warning msg="certificate with CN Moby CI is near expiry" 
[STDERR  ] 2017-11-07T01:58:16.534414572Z: time="2017-11-07T01:58:16Z" level=warning msg="certificate with CN Rolf Neugebauer is near expiry" 
[STDERR  ] 2017-11-07T01:58:16.862116561Z:   Create OCI config for linuxkit/mount:41685ecc8039643948e5dff46e17584753469a7a
[STDERR  ] 2017-11-07T01:58:17.919248537Z: time="2017-11-07T01:58:17Z" level=warning msg="certificate with CN Rolf Neugebauer is near expiry" 
[STDERR  ] 2017-11-07T01:58:17.921645602Z: time="2017-11-07T01:58:17Z" level=warning msg="certificate with CN Rolf Neugebauer is near expiry" 
[STDERR  ] 2017-11-07T01:58:18.07542229Z:   Create OCI config for alpine:3.6
[STDERR  ] 2017-11-07T01:58:19.267132523Z:   Create OCI config for linuxkit/poweroff:280bd01daa8776fbe1f4d912977f1886b8374834
[STDERR  ] 2017-11-07T01:58:20.38518533Z: time="2017-11-07T01:58:20Z" level=warning msg="certificate with CN Rolf Neugebauer is near expiry" 
[STDERR  ] 2017-11-07T01:58:20.386703315Z: time="2017-11-07T01:58:20Z" level=warning msg="certificate with CN Rolf Neugebauer is near expiry" 
[STDERR  ] 2017-11-07T01:58:20.525754459Z: Add files:
[STDERR  ] 2017-11-07T01:58:20.525803185Z:   check.sh
[STDERR  ] 2017-11-07T01:58:20.535555181Z: Create outputs:
[STDERR  ] 2017-11-07T01:58:25.967518674Z:   extend-btrfs-kernel extend-btrfs-initrd.img extend-btrfs-cmdline
[STDERR  ] 2017-11-07T01:58:26.078241452Z: + linuxkit run -disk file=disk.img extend-btrfs
[STDERR  ] 2017-11-07T01:58:26.098174865Z: Unable to find qemu-system-x86_64 within the $PATH. Using a container
[STDERR  ] 2017-11-07T01:58:26.098294222Z: Using existing disk [disk.img] format 
[STDERR  ] 2017-11-07T01:58:26.728011264Z: WARNING: Image format was not specified for 'disk.img' and probing guessed raw.
[STDERR  ] 2017-11-07T01:58:26.728060116Z:          Automatically detecting the format is dangerous for raw images, write operations on block 0 will be restricted.
[STDERR  ] 2017-11-07T01:58:26.728082201Z:          Specify the 'raw' format explicitly to remove the restrictions.
[STDERR  ] 2017-11-07T01:59:11.760468155Z: + RESULT=[    0.000000] Linux version 4.9.60-linuxkit (root@82cddbd9179e) (gcc version 6.3.0 (Alpine 6.3.0) ) #1 SMP Thu Nov 2 16:36:48 UTC 2017
[STDERR  ] 2017-11-07T01:59:11.760530182Z: [    0.000000] Command line: console=ttyS0
[STDERR  ] 2017-11-07T01:59:11.760542996Z: [    0.000000] x86/fpu: Legacy x87 FPU detected.
[STDERR  ] 2017-11-07T01:59:11.760554058Z: [    0.000000] x86/fpu: Using 'eager' FPU context switches.
[STDERR  ] 2017-11-07T01:59:11.760565378Z: [    0.000000] e820: BIOS-provided physical RAM map:
[STDERR  ] 2017-11-07T01:59:11.76057584Z: [    0.000000] BIOS-e820: [mem 0x0000000000000000-0x000000000009fbff] usable
[STDERR  ] 2017-11-07T01:59:11.760587507Z: [    0.000000] BIOS-e820: [mem 0x000000000009fc00-0x000000000009ffff] reserved
[STDERR  ] 2017-11-07T01:59:11.760607993Z: [    0.000000] BIOS-e820: [mem 0x00000000000f0000-0x00000000000fffff] reserved
[STDERR  ] 2017-11-07T01:59:11.760618878Z: [    0.000000] BIOS-e820: [mem 0x0000000000100000-0x000000003ffdefff] usable
[STDERR  ] 2017-11-07T01:59:11.760629109Z: [    0.000000] BIOS-e820: [mem 0x000000003ffdf000-0x000000003fffffff] reserved
[STDERR  ] 2017-11-07T01:59:11.760645608Z: [    0.000000] BIOS-e820: [mem 0x00000000b0000000-0x00000000bfffffff] reserved
[STDERR  ] 2017-11-07T01:59:11.7606571Z: [    0.000000] BIOS-e820: [mem 0x00000000fed1c000-0x00000000fed1ffff] reserved
[STDERR  ] 2017-11-07T01:59:11.760666916Z: [    0.000000] BIOS-e820: [mem 0x00000000fffc0000-0x00000000ffffffff] reserved
[STDERR  ] 2017-11-07T01:59:11.760676692Z: [    0.000000] NX (Execute Disable) protection: active
[STDERR  ] 2017-11-07T01:59:11.760686466Z: [    0.000000] SMBIOS 2.8 present.
[STDERR  ] 2017-11-07T01:59:11.7606961Z: [    0.000000] e820: last_pfn = 0x3ffdf max_arch_pfn = 0x400000000
[STDERR  ] 2017-11-07T01:59:11.760706132Z: [    0.000000] x86/PAT: Configuration [0-7]: WB  WC  UC- UC  WB  WC  UC- WT  
[STDERR  ] 2017-11-07T01:59:11.760715624Z: [    0.000000] found SMP MP-table at [mem 0x000f6aa0-0x000f6aaf] mapped at [ffff9600000f6aa0]
[STDERR  ] 2017-11-07T01:59:11.7607256Z: [    0.000000] RAMDISK: [mem 0x3de54000-0x3ffcffff]
[STDERR  ] 2017-11-07T01:59:11.760735338Z: [    0.000000] ACPI: Early table checksum verification disabled
[STDERR  ] 2017-11-07T01:59:11.760744798Z: [    0.000000] ACPI: RSDP 0x00000000000F68C0 000014 (v00 BOCHS )
[STDERR  ] 2017-11-07T01:59:11.760754517Z: [    0.000000] ACPI: RSDT 0x000000003FFE2415 000034 (v01 BOCHS  BXPCRSDT 00000001 BXPC 00000001)
[STDERR  ] 2017-11-07T01:59:11.760763878Z: [    0.000000] ACPI: FACP 0x000000003FFE22B5 000074 (v01 BOCHS  BXPCFACP 00000001 BXPC 00000001)
[STDERR  ] 2017-11-07T01:59:11.760773088Z: [    0.000000] ACPI: DSDT 0x000000003FFE0040 002275 (v01 BOCHS  BXPCDSDT 00000001 BXPC 00000001)
[STDERR  ] 2017-11-07T01:59:11.760782309Z: [    0.000000] ACPI: FACS 0x000000003FFE0000 000040
[STDERR  ] 2017-11-07T01:59:11.76079241Z: [    0.000000] ACPI: APIC 0x000000003FFE2329 000078 (v01 BOCHS  BXPCAPIC 00000001 BXPC 00000001)
[STDERR  ] 2017-11-07T01:59:11.760802025Z: [    0.000000] ACPI: HPET 0x000000003FFE23A1 000038 (v01 BOCHS  BXPCHPET 00000001 BXPC 00000001)
[STDERR  ] 2017-11-07T01:59:11.760812014Z: [    0.000000] ACPI: MCFG 0x000000003FFE23D9 00003C (v01 BOCHS  BXPCMCFG 00000001 BXPC 00000001)
[STDERR  ] 2017-11-07T01:59:11.76082197Z: [    0.000000] Zone ranges:
[STDERR  ] 2017-11-07T01:59:11.760832109Z: [    0.000000]   DMA      [mem 0x0000000000001000-0x0000000000ffffff]
[STDERR  ] 2017-11-07T01:59:11.760841812Z: [    0.000000]   DMA32    [mem 0x0000000001000000-0x000000003ffdefff]
[STDERR  ] 2017-11-07T01:59:11.760869352Z: [    0.000000]   Normal   empty
[STDERR  ] 2017-11-07T01:59:11.76088075Z: [    0.000000] Movable zone start for each node
[STDERR  ] 2017-11-07T01:59:11.760906208Z: [    0.000000] Early memory node ranges
[STDERR  ] 2017-11-07T01:59:11.760916468Z: [    0.000000]   node   0: [mem 0x0000000000001000-0x000000000009efff]
[STDERR  ] 2017-11-07T01:59:11.760926746Z: [    0.000000]   node   0: [mem 0x0000000000100000-0x000000003ffdefff]
[STDERR  ] 2017-11-07T01:59:11.760937535Z: [    0.000000] Initmem setup node 0 [mem 0x0000000000001000-0x000000003ffdefff]
[STDERR  ] 2017-11-07T01:59:11.760947703Z: [    0.000000] ACPI: PM-Timer IO Port: 0x608
[STDERR  ] 2017-11-07T01:59:11.760957621Z: [    0.000000] ACPI: LAPIC_NMI (acpi_id[0xff] dfl dfl lint[0x1])
[STDERR  ] 2017-11-07T01:59:11.760967681Z: [    0.000000] IOAPIC[0]: apic_id 0, version 32, address 0xfec00000, GSI 0-23
[STDERR  ] 2017-11-07T01:59:11.760977376Z: [    0.000000] ACPI: INT_SRC_OVR (bus 0 bus_irq 0 global_irq 2 dfl dfl)
[STDERR  ] 2017-11-07T01:59:11.760987301Z: [    0.000000] ACPI: INT_SRC_OVR (bus 0 bus_irq 5 global_irq 5 high level)
[STDERR  ] 2017-11-07T01:59:11.760996781Z: [    0.000000] ACPI: INT_SRC_OVR (bus 0 bus_irq 9 global_irq 9 high level)
[STDERR  ] 2017-11-07T01:59:11.761034896Z: [    0.000000] ACPI: INT_SRC_OVR (bus 0 bus_irq 10 global_irq 10 high level)
[STDERR  ] 2017-11-07T01:59:11.761044877Z: [    0.000000] ACPI: INT_SRC_OVR (bus 0 bus_irq 11 global_irq 11 high level)
[STDERR  ] 2017-11-07T01:59:11.761055518Z: [    0.000000] Using ACPI (MADT) for SMP configuration information
[STDERR  ] 2017-11-07T01:59:11.761103227Z: [    0.000000] ACPI: HPET id: 0x8086a201 base: 0xfed00000
[STDERR  ] 2017-11-07T01:59:11.761115361Z: [    0.000000] smpboot: Allowing 1 CPUs, 0 hotplug CPUs
[STDERR  ] 2017-11-07T01:59:11.761128776Z: [    0.000000] e820: [mem 0x40000000-0xafffffff] available for PCI devices
[STDERR  ] 2017-11-07T01:59:11.761155336Z: [    0.000000] Booting paravirtualized kernel on bare hardware
[STDERR  ] 2017-11-07T01:59:11.761166307Z: [    0.000000] clocksource: refined-jiffies: mask: 0xffffffff max_cycles: 0xffffffff, max_idle_ns: 19112604462750000 ns
[STDERR  ] 2017-11-07T01:59:11.761177757Z: [    0.000000] setup_percpu: NR_CPUS:128 nr_cpumask_bits:128 nr_cpu_ids:1 nr_node_ids:1
[STDERR  ] 2017-11-07T01:59:11.761187825Z: [    0.000000] percpu: Embedded 35 pages/cpu @ffff96003dc00000 s105112 r8192 d30056 u2097152
[STDERR  ] 2017-11-07T01:59:11.761197415Z: [    0.000000] Built 1 zonelists in Zone order, mobility grouping on.  Total pages: 257896
[STDERR  ] 2017-11-07T01:59:11.761207326Z: [    0.000000] Kernel command line: console=ttyS0
[STDERR  ] 2017-11-07T01:59:11.761217317Z: [    0.000000] PID hash table entries: 4096 (order: 3, 32768 bytes)
[STDERR  ] 2017-11-07T01:59:11.761227139Z: [    0.000000] Dentry cache hash table entries: 131072 (order: 8, 1048576 bytes)
[STDERR  ] 2017-11-07T01:59:11.761238281Z: [    0.000000] Inode-cache hash table entries: 65536 (order: 7, 524288 bytes)
[STDERR  ] 2017-11-07T01:59:11.761251358Z: [    0.000000] Memory: 979884K/1048052K available (8053K kernel code, 1367K rwdata, 2704K rodata, 1380K init, 568K bss, 68168K reserved, 0K cma-reserved)
[STDERR  ] 2017-11-07T01:59:11.76126413Z: [    0.000000] Hierarchical RCU implementation.
[STDERR  ] 2017-11-07T01:59:11.761273563Z: [    0.000000] 	Build-time adjustment of leaf fanout to 64.
[STDERR  ] 2017-11-07T01:59:11.761283689Z: [    0.000000] 	RCU restricting CPUs from NR_CPUS=128 to nr_cpu_ids=1.
[STDERR  ] 2017-11-07T01:59:11.761293657Z: [    0.000000] RCU: Adjusting geometry for rcu_fanout_leaf=64, nr_cpu_ids=1
[STDERR  ] 2017-11-07T01:59:11.761320567Z: [    0.000000] NR_IRQS:8448 nr_irqs:256 16
[STDERR  ] 2017-11-07T01:59:11.761330258Z: [    0.000000] Console: colour VGA+ 80x25
[STDERR  ] 2017-11-07T01:59:11.761341006Z: [    0.000000] console [ttyS0] enabled
[STDERR  ] 2017-11-07T01:59:11.761352512Z: [    0.000000] clocksource: hpet: mask: 0xffffffff max_cycles: 0xffffffff, max_idle_ns: 19112604467 ns
[STDERR  ] 2017-11-07T01:59:11.761362076Z: [    0.000000] tsc: Fast TSC calibration using PIT
[STDERR  ] 2017-11-07T01:59:11.761371848Z: [    0.000000] tsc: Detected 2599.976 MHz processor
[STDERR  ] 2017-11-07T01:59:11.761382898Z: [    0.011443] Calibrating delay loop (skipped), value calculated using timer frequency.. 5199.95 BogoMIPS (lpj=25999760)
[STDERR  ] 2017-11-07T01:59:11.761394127Z: [    0.012190] pid_max: default: 32768 minimum: 301
[STDERR  ] 2017-11-07T01:59:11.76140509Z: [    0.020996] ACPI: Core revision 20160831
[STDERR  ] 2017-11-07T01:59:11.76141624Z: [    0.066896] ACPI: 1 ACPI AML tables successfully acquired and loaded
[STDERR  ] 2017-11-07T01:59:11.761442726Z: [    0.071720] Security Framework initialized
[STDERR  ] 2017-11-07T01:59:11.761452462Z: [    0.072182] Yama: becoming mindful.
[STDERR  ] 2017-11-07T01:59:11.76146161Z: [    0.074317] Mount-cache hash table entries: 2048 (order: 2, 16384 bytes)
[STDERR  ] 2017-11-07T01:59:11.761471212Z: [    0.074923] Mountpoint-cache hash table entries: 2048 (order: 2, 16384 bytes)
[STDERR  ] 2017-11-07T01:59:11.761480976Z: [    0.094620] Last level iTLB entries: 4KB 0, 2MB 0, 4MB 0
[STDERR  ] 2017-11-07T01:59:11.761490644Z: [    0.095120] Last level dTLB entries: 4KB 0, 2MB 0, 4MB 0, 1GB 0
[STDERR  ] 2017-11-07T01:59:11.761506238Z: [    0.393676] Freeing SMP alternatives memory: 20K
[STDERR  ] 2017-11-07T01:59:11.761518567Z: [    0.404709] ftrace: allocating 35584 entries in 140 pages
[STDERR  ] 2017-11-07T01:59:11.761529777Z: [    0.554173] smpboot: Max logical packages: 1
[STDERR  ] 2017-11-07T01:59:11.761539897Z: [    0.562471] ..TIMER: vector=0x30 apic1=0 pin1=2 apic2=-1 pin2=-1
[STDERR  ] 2017-11-07T01:59:11.761556974Z: [    0.670000] smpboot: CPU0: AMD QEMU Virtual CPU version 2.5+ (family: 0x6, model: 0x6, stepping: 0x3)
[STDERR  ] 2017-11-07T01:59:11.761566932Z: [    0.670000] Performance Events: PMU not available due to virtualization, using software events only.
[STDERR  ] 2017-11-07T01:59:11.761577144Z: [    0.678061] NMI watchdog: disabled (cpu0): hardware events not enabled
[STDERR  ] 2017-11-07T01:59:11.761587784Z: [    0.678491] NMI watchdog: Shutting down hard lockup detector on all cpus
[STDERR  ] 2017-11-07T01:59:11.761598707Z: [    0.681219] x86: Booted up 1 node, 1 CPUs
[STDERR  ] 2017-11-07T01:59:11.761610352Z: [    0.681646] smpboot: Total of 1 processors activated (5199.95 BogoMIPS)
[STDERR  ] 2017-11-07T01:59:11.761620512Z: [    0.697320] devtmpfs: initialized
[STDERR  ] 2017-11-07T01:59:11.761630812Z: [    0.703900] x86/mm: Memory block size: 128MB
[STDERR  ] 2017-11-07T01:59:11.761642206Z: [    0.767130] clocksource: jiffies: mask: 0xffffffff max_cycles: 0xffffffff, max_idle_ns: 19112604462750000 ns
[STDERR  ] 2017-11-07T01:59:11.761651977Z: [    0.768177] futex hash table entries: 256 (order: 2, 16384 bytes)
[STDERR  ] 2017-11-07T01:59:11.761662065Z: [    0.778647] NET: Registered protocol family 16
[STDERR  ] 2017-11-07T01:59:11.761672308Z: [    0.787983] cpuidle: using governor ladder
[STDERR  ] 2017-11-07T01:59:11.761683381Z: [    0.788443] cpuidle: using governor menu
[STDERR  ] 2017-11-07T01:59:11.761693058Z: [    0.789608] ACPI: bus type PCI registered
[STDERR  ] 2017-11-07T01:59:11.761703243Z: [    0.792512] PCI: MMCONFIG for domain 0000 [bus 00-ff] at [mem 0xb0000000-0xbfffffff] (base 0xb0000000)
[STDERR  ] 2017-11-07T01:59:11.761712727Z: [    0.793396] PCI: MMCONFIG at [mem 0xb0000000-0xbfffffff] reserved in E820
[STDERR  ] 2017-11-07T01:59:11.761722288Z: [    0.794785] PCI: Using configuration type 1 for base access
[STDERR  ] 2017-11-07T01:59:11.761732467Z: [    0.850126] HugeTLB registered 2 MB page size, pre-allocated 0 pages
[STDERR  ] 2017-11-07T01:59:11.761743053Z: [    0.861531] ACPI: Added _OSI(Module Device)
[STDERR  ] 2017-11-07T01:59:11.761754561Z: [    0.861874] ACPI: Added _OSI(Processor Device)
[STDERR  ] 2017-11-07T01:59:11.761765607Z: [    0.862156] ACPI: Added _OSI(3.0 _SCP Extensions)
[STDERR  ] 2017-11-07T01:59:11.761775629Z: [    0.862411] ACPI: Added _OSI(Processor Aggregator Device)
[STDERR  ] 2017-11-07T01:59:11.761786327Z: [    0.936935] ACPI: Interpreter enabled
[STDERR  ] 2017-11-07T01:59:11.761798005Z: [    0.938039] ACPI: (supports S0 S5)
[STDERR  ] 2017-11-07T01:59:11.761808975Z: [    0.938405] ACPI: Using IOAPIC for interrupt routing
[STDERR  ] 2017-11-07T01:59:11.761822753Z: [    0.941627] PCI: Using host bridge windows from ACPI; if necessary, use "pci=nocrs" and report a bug
[STDERR  ] 2017-11-07T01:59:11.761833833Z: [    1.006901] ACPI: PCI Root Bridge [PCI0] (domain 0000 [bus 00-ff])
[STDERR  ] 2017-11-07T01:59:11.761844138Z: [    1.008119] acpi PNP0A08:00: _OSC: OS supports [ExtendedConfig ASPM ClockPM Segments MSI]
[STDERR  ] 2017-11-07T01:59:11.761855778Z: [    1.015333] acpi PNP0A08:00: _OSC: OS now controls [PCIeHotplug PME PCIeCapability]
[STDERR  ] 2017-11-07T01:59:11.761867983Z: [    1.019007] PCI host bridge to bus 0000:00
[STDERR  ] 2017-11-07T01:59:11.761878729Z: [    1.019463] pci_bus 0000:00: root bus resource [io  0x0000-0x0cf7 window]
[STDERR  ] 2017-11-07T01:59:11.761894807Z: [    1.019933] pci_bus 0000:00: root bus resource [io  0x0d00-0xffff window]
[STDERR  ] 2017-11-07T01:59:11.761906693Z: [    1.020080] pci_bus 0000:00: root bus resource [mem 0x000a0000-0x000bffff window]
[STDERR  ] 2017-11-07T01:59:11.761917011Z: [    1.020485] pci_bus 0000:00: root bus resource [mem 0xc0000000-0xfebfffff window]
[STDERR  ] 2017-11-07T01:59:11.761936598Z: [    1.021114] pci_bus 0000:00: root bus resource [bus 00-ff]
[STDERR  ] 2017-11-07T01:59:11.761946941Z: [    1.162559] pci 0000:00:1f.0: quirk: [io  0x0600-0x067f] claimed by ICH6 ACPI/GPIO/TCO
[STDERR  ] 2017-11-07T01:59:11.761976051Z: [    1.227557] ACPI: PCI Interrupt Link [LNKA] (IRQs 5 *10 11)
[STDERR  ] 2017-11-07T01:59:11.761993418Z: [    1.230562] ACPI: PCI Interrupt Link [LNKB] (IRQs 5 *10 11)
[STDERR  ] 2017-11-07T01:59:11.762020541Z: [    1.232707] ACPI: PCI Interrupt Link [LNKC] (IRQs 5 10 *11)
[STDERR  ] 2017-11-07T01:59:11.762030192Z: [    1.234546] ACPI: PCI Interrupt Link [LNKD] (IRQs 5 10 *11)
[STDERR  ] 2017-11-07T01:59:11.762040888Z: [    1.236260] ACPI: PCI Interrupt Link [LNKE] (IRQs 5 *10 11)
[STDERR  ] 2017-11-07T01:59:11.7620511Z: [    1.238091] ACPI: PCI Interrupt Link [LNKF] (IRQs 5 *10 11)
[STDERR  ] 2017-11-07T01:59:11.762061285Z: [    1.240501] ACPI: PCI Interrupt Link [LNKG] (IRQs 5 10 *11)
[STDERR  ] 2017-11-07T01:59:11.762070852Z: [    1.242416] ACPI: PCI Interrupt Link [LNKH] (IRQs 5 10 *11)
[STDERR  ] 2017-11-07T01:59:11.762100214Z: [    1.243329] ACPI: PCI Interrupt Link [GSIA] (IRQs *16)
[STDERR  ] 2017-11-07T01:59:11.76211042Z: [    1.244143] ACPI: PCI Interrupt Link [GSIB] (IRQs *17)
[STDERR  ] 2017-11-07T01:59:11.76212109Z: [    1.244878] ACPI: PCI Interrupt Link [GSIC] (IRQs *18)
[STDERR  ] 2017-11-07T01:59:11.762131494Z: [    1.245549] ACPI: PCI Interrupt Link [GSID] (IRQs *19)
[STDERR  ] 2017-11-07T01:59:11.762142248Z: [    1.246288] ACPI: PCI Interrupt Link [GSIE] (IRQs *20)
[STDERR  ] 2017-11-07T01:59:11.762152284Z: [    1.247046] ACPI: PCI Interrupt Link [GSIF] (IRQs *21)
[STDERR  ] 2017-11-07T01:59:11.762163848Z: [    1.247780] ACPI: PCI Interrupt Link [GSIG] (IRQs *22)
[STDERR  ] 2017-11-07T01:59:11.76217436Z: [    1.248507] ACPI: PCI Interrupt Link [GSIH] (IRQs *23)
[STDERR  ] 2017-11-07T01:59:11.762184724Z: [    1.252310] ACPI: Enabled 2 GPEs in block 00 to 3F
[STDERR  ] 2017-11-07T01:59:11.762194902Z: [    1.257295] SCSI subsystem initialized
[STDERR  ] 2017-11-07T01:59:11.762204844Z: [    1.259108] ACPI: bus type USB registered
[STDERR  ] 2017-11-07T01:59:11.762214304Z: [    1.260548] usbcore: registered new interface driver usbfs
[STDERR  ] 2017-11-07T01:59:11.76222437Z: [    1.261523] usbcore: registered new interface driver hub
[STDERR  ] 2017-11-07T01:59:11.762233814Z: [    1.262390] usbcore: registered new device driver usb
[STDERR  ] 2017-11-07T01:59:11.762244158Z: [    1.263571] pps_core: LinuxPPS API ver. 1 registered
[STDERR  ] 2017-11-07T01:59:11.762255844Z: [    1.263901] pps_core: Software ver. 5.3.6 - Copyright 2005-2007 Rodolfo Giometti <giometti@linux.it>
[STDERR  ] 2017-11-07T01:59:11.7622661Z: [    1.264602] PTP clock support registered
[STDERR  ] 2017-11-07T01:59:11.762277012Z: [    1.265946] wmi: Mapper loaded
[STDERR  ] 2017-11-07T01:59:11.762286814Z: [    1.267046] PCI: Using ACPI for IRQ routing
[STDERR  ] 2017-11-07T01:59:11.762297614Z: [    1.286053] NetLabel: Initializing
[STDERR  ] 2017-11-07T01:59:11.762307052Z: [    1.286290] NetLabel:  domain hash size = 128
[STDERR  ] 2017-11-07T01:59:11.76231629Z: [    1.286651] NetLabel:  protocols = UNLABELED CIPSOv4
[STDERR  ] 2017-11-07T01:59:11.762326062Z: [    1.289526] NetLabel:  unlabeled traffic allowed by default
[STDERR  ] 2017-11-07T01:59:11.762336059Z: [    1.290768] HPET: 3 timers in total, 0 timers will be used for per-cpu timer
[STDERR  ] 2017-11-07T01:59:11.762345882Z: [    1.291593] hpet0: at MMIO 0xfed00000, IRQs 2, 8, 0
[STDERR  ] 2017-11-07T01:59:11.762356176Z: [    1.292142] hpet0: 3 comparators, 64-bit 100.000000 MHz counter
[STDERR  ] 2017-11-07T01:59:11.762365954Z: [    1.299475] clocksource: Switched to clocksource hpet
[STDERR  ] 2017-11-07T01:59:11.762379264Z: [    1.555391] VFS: Disk quotas dquot_6.6.0
[STDERR  ] 2017-11-07T01:59:11.76238875Z: [    1.556144] VFS: Dquot-cache hash table entries: 512 (order 0, 4096 bytes)
[STDERR  ] 2017-11-07T01:59:11.7624044Z: [    1.560438] FS-Cache: Loaded
[STDERR  ] 2017-11-07T01:59:11.76241512Z: [    1.565475] CacheFiles: Loaded
[STDERR  ] 2017-11-07T01:59:11.762435052Z: [    1.567214] pnp: PnP ACPI init
[STDERR  ] 2017-11-07T01:59:11.7624452Z: [    1.578725] pnp: PnP ACPI: found 5 devices
[STDERR  ] 2017-11-07T01:59:11.762455111Z: [    1.628385] clocksource: acpi_pm: mask: 0xffffff max_cycles: 0xffffff, max_idle_ns: 2085701024 ns
[STDERR  ] 2017-11-07T01:59:11.762469015Z: [    1.633227] NET: Registered protocol family 2
[STDERR  ] 2017-11-07T01:59:11.762479355Z: [    1.640567] TCP established hash table entries: 8192 (order: 4, 65536 bytes)
[STDERR  ] 2017-11-07T01:59:11.762490447Z: [    1.641280] TCP bind hash table entries: 8192 (order: 5, 131072 bytes)
[STDERR  ] 2017-11-07T01:59:11.762501005Z: [    1.641957] TCP: Hash tables configured (established 8192 bind 8192)
[STDERR  ] 2017-11-07T01:59:11.76251109Z: [    1.643964] UDP hash table entries: 512 (order: 2, 16384 bytes)
[STDERR  ] 2017-11-07T01:59:11.762520757Z: [    1.644522] UDP-Lite hash table entries: 512 (order: 2, 16384 bytes)
[STDERR  ] 2017-11-07T01:59:11.762531195Z: [    1.646933] NET: Registered protocol family 1
[STDERR  ] 2017-11-07T01:59:11.76254077Z: [    1.647994] pci 0000:00:01.0: Video device with shadowed ROM at [mem 0x000c0000-0x000dffff]
[STDERR  ] 2017-11-07T01:59:11.762550225Z: [    1.655486] Unpacking initramfs...
[STDERR  ] 2017-11-07T01:59:11.762560709Z: [    6.879373] Freeing initrd memory: 34288K
[STDERR  ] 2017-11-07T01:59:11.762570185Z: [    6.904194] PCLMULQDQ-NI instructions are not detected.
[STDERR  ] 2017-11-07T01:59:11.762582993Z: [    6.905929] AVX or AES-NI instructions are not detected.
[STDERR  ] 2017-11-07T01:59:11.762594067Z: [    6.906446] CPU feature 'AVX registers' is not supported.
[STDERR  ] 2017-11-07T01:59:11.762604715Z: [    6.906888] CPU feature 'AVX registers' is not supported.
[STDERR  ] 2017-11-07T01:59:11.762614733Z: [    6.907297] CPU feature 'AVX registers' is not supported.
[STDERR  ] 2017-11-07T01:59:11.762625619Z: [    6.907715] CPU feature 'AVX registers' is not supported.
[STDERR  ] 2017-11-07T01:59:11.762633359Z: [    6.908121] AVX2 or AES-NI instructions are not detected.
[STDERR  ] 2017-11-07T01:59:11.762639933Z: [    6.908576] AVX2 instructions are not detected.
[STDERR  ] 2017-11-07T01:59:11.762646203Z: [    6.914602] audit: initializing netlink subsys (disabled)
[STDERR  ] 2017-11-07T01:59:11.762652283Z: [    6.916130] audit: type=2000 audit(1510019913.910:1): initialized
[STDERR  ] 2017-11-07T01:59:11.762658319Z: [    6.924272] workingset: timestamp_bits=46 max_order=18 bucket_order=0
[STDERR  ] 2017-11-07T01:59:11.762665055Z: [    6.931685] squashfs: version 4.0 (2009/01/31) Phillip Lougher
[STDERR  ] 2017-11-07T01:59:11.762671119Z: [    6.934191] FS-Cache: Netfs 'cifs' registered for caching
[STDERR  ] 2017-11-07T01:59:11.762678207Z: [    6.935161] fuse init (API version 7.26)
[STDERR  ] 2017-11-07T01:59:11.762684875Z: [    6.937429] SGI XFS with ACLs, security attributes, no debug enabled
[STDERR  ] 2017-11-07T01:59:11.762691281Z: [    6.943215] 9p: Installing v9fs 9p2000 file system support
[STDERR  ] 2017-11-07T01:59:11.762697849Z: [    6.943750] FS-Cache: Netfs '9p' registered for caching
[STDERR  ] 2017-11-07T01:59:11.76270403Z: [    6.975870] NET: Registered protocol family 38
[STDERR  ] 2017-11-07T01:59:11.76271043Z: [    6.976618] Key type asymmetric registered
[STDERR  ] 2017-11-07T01:59:11.762716709Z: [    6.976994] Asymmetric key parser 'x509' registered
[STDERR  ] 2017-11-07T01:59:11.762725535Z: [    6.978111] Block layer SCSI generic (bsg) driver version 0.4 loaded (major 251)
[STDERR  ] 2017-11-07T01:59:11.762731705Z: [    6.979827] io scheduler noop registered
[STDERR  ] 2017-11-07T01:59:11.762737803Z: [    6.980695] io scheduler deadline registered (default)
[STDERR  ] 2017-11-07T01:59:11.762744337Z: [    6.982375] io scheduler cfq registered
[STDERR  ] 2017-11-07T01:59:11.762750425Z: [    6.985213] pci_hotplug: PCI Hot Plug PCI Core version: 0.5
[STDERR  ] 2017-11-07T01:59:11.762757563Z: [    6.985853] pciehp: PCI Express Hot Plug Controller Driver version: 0.4
[STDERR  ] 2017-11-07T01:59:11.762768923Z: [    6.986799] shpchp: Standard Hot Plug PCI Controller Driver version: 0.4
[STDERR  ] 2017-11-07T01:59:11.762776483Z: [    6.987625] hv_vmbus: registering driver hyperv_fb
[STDERR  ] 2017-11-07T01:59:11.762783057Z: [    6.992170] input: Power Button as /devices/LNXSYSTM:00/LNXPWRBN:00/input/input0
[STDERR  ] 2017-11-07T01:59:11.76279326Z: [    6.993269] ACPI: Power Button [PWRF]
[STDERR  ] 2017-11-07T01:59:11.762800003Z: [    6.997724] GHES: HEST is not enabled!
[STDERR  ] 2017-11-07T01:59:11.76280646Z: [    7.009220] ACPI: PCI Interrupt Link [GSIG] enabled at IRQ 22
[STDERR  ] 2017-11-07T01:59:11.762813145Z: [    7.021955] ACPI: PCI Interrupt Link [GSIH] enabled at IRQ 23
[STDERR  ] 2017-11-07T01:59:11.762819413Z: [    7.034664] ACPI: PCI Interrupt Link [GSIE] enabled at IRQ 20
[STDERR  ] 2017-11-07T01:59:11.76282547Z: [    7.039075] xenfs: not registering filesystem on non-xen platform
[STDERR  ] 2017-11-07T01:59:11.762831679Z: [    7.041582] Serial: 8250/16550 driver, 4 ports, IRQ sharing disabled
[STDERR  ] 2017-11-07T01:59:11.76283839Z: [    7.066485] 00:04: ttyS0 at I/O 0x3f8 (irq = 4, base_baud = 115200) is a 16550A
[STDERR  ] 2017-11-07T01:59:11.762844595Z: [    7.078765] Non-volatile memory driver v1.3
[STDERR  ] 2017-11-07T01:59:11.762850655Z: [    7.086048] Hangcheck: starting hangcheck timer 0.9.1 (tick is 180 seconds, margin is 60 seconds).
[STDERR  ] 2017-11-07T01:59:11.76285745Z: [    7.123860] loop: module loaded
[STDERR  ] 2017-11-07T01:59:11.762864215Z: [    7.139441] nbd: registered device at major 43
[STDERR  ] 2017-11-07T01:59:11.76287022Z: [    7.183364] lpc_ich 0000:00:1f.0: I/O space for GPIO uninitialized
[STDERR  ] 2017-11-07T01:59:11.762876242Z: [    7.185760] VMware PVSCSI driver - version 1.0.7.0-k
[STDERR  ] 2017-11-07T01:59:11.762882772Z: [    7.186714] hv_vmbus: registering driver hv_storvsc
[STDERR  ] 2017-11-07T01:59:11.762889231Z: [    7.197324] ACPI: PCI Interrupt Link [GSIA] enabled at IRQ 16
[STDERR  ] 2017-11-07T01:59:11.762895226Z: [    7.203633] ahci 0000:00:1f.2: AHCI 0001.0000 32 slots 6 ports 1.5 Gbps 0x3f impl SATA mode
[STDERR  ] 2017-11-07T01:59:11.762901341Z: [    7.204278] ahci 0000:00:1f.2: flags: 64bit ncq only 
[STDERR  ] 2017-11-07T01:59:11.76290738Z: [    7.224297] scsi host0: ahci
[STDERR  ] 2017-11-07T01:59:11.762913478Z: [    7.229534] scsi host1: ahci
[STDERR  ] 2017-11-07T01:59:11.76291946Z: [    7.232057] scsi host2: ahci
[STDERR  ] 2017-11-07T01:59:11.762925351Z: [    7.234561] scsi host3: ahci
[STDERR  ] 2017-11-07T01:59:11.762931436Z: [    7.236816] scsi host4: ahci
[STDERR  ] 2017-11-07T01:59:11.762937372Z: [    7.239191] scsi host5: ahci
[STDERR  ] 2017-11-07T01:59:11.762943306Z: [    7.241333] ata1: SATA max UDMA/133 abar m4096@0xfebd2000 port 0xfebd2100 irq 24
[STDERR  ] 2017-11-07T01:59:11.762949221Z: [    7.241893] ata2: SATA max UDMA/133 abar m4096@0xfebd2000 port 0xfebd2180 irq 24
[STDERR  ] 2017-11-07T01:59:11.762955254Z: [    7.242421] ata3: SATA max UDMA/133 abar m4096@0xfebd2000 port 0xfebd2200 irq 24
[STDERR  ] 2017-11-07T01:59:11.762961138Z: [    7.242894] ata4: SATA max UDMA/133 abar m4096@0xfebd2000 port 0xfebd2280 irq 24
[STDERR  ] 2017-11-07T01:59:11.76296753Z: [    7.243302] ata5: SATA max UDMA/133 abar m4096@0xfebd2000 port 0xfebd2300 irq 24
[STDERR  ] 2017-11-07T01:59:11.762973706Z: [    7.243719] ata6: SATA max UDMA/133 abar m4096@0xfebd2000 port 0xfebd2380 irq 24
[STDERR  ] 2017-11-07T01:59:11.762979681Z: [    7.257238] tun: Universal TUN/TAP device driver, 1.6
[STDERR  ] 2017-11-07T01:59:11.762985671Z: [    7.257594] tun: (C) 1999-2004 Max Krasnyansky <maxk@qualcomm.com>
[STDERR  ] 2017-11-07T01:59:11.762991626Z: [    7.268717] VMware vmxnet3 virtual NIC driver - version 1.4.a.0-k-NAPI
[STDERR  ] 2017-11-07T01:59:11.762997626Z: [    7.269676] hv_vmbus: registering driver hv_netvsc
[STDERR  ] 2017-11-07T01:59:11.763003664Z: [    7.270029] Fusion MPT base driver 3.04.20
[STDERR  ] 2017-11-07T01:59:11.763009722Z: [    7.270642] Copyright (c) 1999-2008 LSI Corporation
[STDERR  ] 2017-11-07T01:59:11.763018916Z: [    7.271378] Fusion MPT SPI Host driver 3.04.20
[STDERR  ] 2017-11-07T01:59:11.763026844Z: [    7.273455] i8042: PNP: PS/2 Controller [PNP0303:KBD,PNP0f13:MOU] at 0x60,0x64 irq 1,12
[STDERR  ] 2017-11-07T01:59:11.763033128Z: [    7.277458] serio: i8042 KBD port at 0x60,0x64 irq 1
[STDERR  ] 2017-11-07T01:59:11.763042586Z: [    7.278146] serio: i8042 AUX port at 0x60,0x64 irq 12
[STDERR  ] 2017-11-07T01:59:11.763049218Z: [    7.281491] hv_vmbus: registering driver hyperv_keyboard
[STDERR  ] 2017-11-07T01:59:11.763056506Z: [    7.283624] mousedev: PS/2 mouse device common for all mice
[STDERR  ] 2017-11-07T01:59:11.76306265Z: [    7.288430] input: AT Translated Set 2 keyboard as /devices/platform/i8042/serio0/input/input1
[STDERR  ] 2017-11-07T01:59:11.7630696Z: [    7.291617] input: PC Speaker as /devices/platform/pcspkr/input/input2
[STDERR  ] 2017-11-07T01:59:11.763075726Z: [    7.295040] rtc_cmos 00:00: RTC can wake from S4
[STDERR  ] 2017-11-07T01:59:11.763081741Z: [    7.298347] rtc_cmos 00:00: rtc core: registered rtc_cmos as rtc0
[STDERR  ] 2017-11-07T01:59:11.763087636Z: [    7.299532] rtc_cmos 00:00: alarms up to one day, y3k, 114 bytes nvram, hpet irqs
[STDERR  ] 2017-11-07T01:59:11.763093601Z: [    7.300549] i2c /dev entries driver
[STDERR  ] 2017-11-07T01:59:11.76309955Z: [    7.302401] device-mapper: ioctl: 4.35.0-ioctl (2016-06-23) initialised: dm-devel@redhat.com
[STDERR  ] 2017-11-07T01:59:11.763105671Z: [    7.306850] usbcore: registered new interface driver usbhid
[STDERR  ] 2017-11-07T01:59:11.763111682Z: [    7.307181] usbhid: USB HID core driver
[STDERR  ] 2017-11-07T01:59:11.763117696Z: [    7.307834] hv_utils: Registering HyperV Utility Driver
[STDERR  ] 2017-11-07T01:59:11.763123611Z: [    7.308134] hv_vmbus: registering driver hv_util
[STDERR  ] 2017-11-07T01:59:11.763129521Z: [    7.308386] hv_vmbus: registering driver hv_balloon
[STDERR  ] 2017-11-07T01:59:11.76313608Z: [    7.308928] oprofile: using NMI interrupt.
[STDERR  ] 2017-11-07T01:59:11.763144294Z: [    7.310259] GACT probability on
[STDERR  ] 2017-11-07T01:59:11.763150756Z: [    7.310806] Mirror/redirect action on
[STDERR  ] 2017-11-07T01:59:11.76315673Z: [    7.311636] Simple TC action Loaded
[STDERR  ] 2017-11-07T01:59:11.763162642Z: [    7.312287] u32 classifier
[STDERR  ] 2017-11-07T01:59:11.763168856Z: [    7.312452]     Performance counters on
[STDERR  ] 2017-11-07T01:59:11.763175371Z: [    7.312699]     input device check on
[STDERR  ] 2017-11-07T01:59:11.763181574Z: [    7.312921]     Actions configured
[STDERR  ] 2017-11-07T01:59:11.763187564Z: [    7.313473] Netfilter messages via NETLINK v0.30.
[STDERR  ] 2017-11-07T01:59:11.763193622Z: [    7.314030] nfnl_acct: registering with nfnetlink.
[STDERR  ] 2017-11-07T01:59:11.763200366Z: [    7.315652] nf_conntrack version 0.5.0 (8192 buckets, 32768 max)
[STDERR  ] 2017-11-07T01:59:11.763207174Z: [    7.318496] ctnetlink v0.93: registering with nfnetlink.
[STDERR  ] 2017-11-07T01:59:11.763213092Z: [    7.321741] nf_tables: (c) 2007-2009 Patrick McHardy <kaber@trash.net>
[STDERR  ] 2017-11-07T01:59:11.763219136Z: [    7.322705] nf_tables_compat: (c) 2012 Pablo Neira Ayuso <pablo@netfilter.org>
[STDERR  ] 2017-11-07T01:59:11.763226018Z: [    7.325213] xt_time: kernel timezone is -0000
[STDERR  ] 2017-11-07T01:59:11.763232196Z: [    7.325834] ip_set: protocol 6
[STDERR  ] 2017-11-07T01:59:11.763238146Z: [    7.326573] IPVS: Registered protocols (TCP, UDP, SCTP, AH, ESP)
[STDERR  ] 2017-11-07T01:59:11.763244351Z: [    7.327197] IPVS: Connection hash table configured (size=4096, memory=64Kbytes)
[STDERR  ] 2017-11-07T01:59:11.763250444Z: [    7.328899] IPVS: Creating netns size=2104 id=0
[STDERR  ] 2017-11-07T01:59:11.7632564Z: [    7.332125] IPVS: ipvs loaded.
[STDERR  ] 2017-11-07T01:59:11.76326234Z: [    7.332467] IPVS: [rr] scheduler registered.
[STDERR  ] 2017-11-07T01:59:11.763268311Z: [    7.332824] IPVS: [wrr] scheduler registered.
[STDERR  ] 2017-11-07T01:59:11.763274178Z: [    7.333107] IPVS: [lc] scheduler registered.
[STDERR  ] 2017-11-07T01:59:11.763284266Z: [    7.333372] IPVS: [wlc] scheduler registered.
[STDERR  ] 2017-11-07T01:59:11.763290519Z: [    7.333663] IPVS: [fo] scheduler registered.
[STDERR  ] 2017-11-07T01:59:11.763299022Z: [    7.333936] IPVS: [ovf] scheduler registered.
[STDERR  ] 2017-11-07T01:59:11.763304973Z: [    7.334402] IPVS: [lblc] scheduler registered.
[STDERR  ] 2017-11-07T01:59:11.763314223Z: [    7.334886] IPVS: [lblcr] scheduler registered.
[STDERR  ] 2017-11-07T01:59:11.763320213Z: [    7.335196] IPVS: [dh] scheduler registered.
[STDERR  ] 2017-11-07T01:59:11.763326177Z: [    7.335521] IPVS: [sh] scheduler registered.
[STDERR  ] 2017-11-07T01:59:11.763332101Z: [    7.335851] IPVS: [sed] scheduler registered.
[STDERR  ] 2017-11-07T01:59:11.763338189Z: [    7.336127] IPVS: [nq] scheduler registered.
[STDERR  ] 2017-11-07T01:59:11.763344905Z: [    7.336900] IPVS: ftp: loaded support on port[0] = 21
[STDERR  ] 2017-11-07T01:59:11.763350959Z: [    7.337789] ipip: IPv4 and MPLS over IPv4 tunneling driver
[STDERR  ] 2017-11-07T01:59:11.763356889Z: [    7.342474] gre: GRE over IPv4 demultiplexor driver
[STDERR  ] 2017-11-07T01:59:11.763363021Z: [    7.345216] ip_tables: (C) 2000-2006 Netfilter Core Team
[STDERR  ] 2017-11-07T01:59:11.763369015Z: [    7.348276] ipt_CLUSTERIP: ClusterIP Version 0.8 loaded successfully
[STDERR  ] 2017-11-07T01:59:11.763375083Z: [    7.348969] arp_tables: arp_tables: (C) 2002 David S. Miller
[STDERR  ] 2017-11-07T01:59:11.763381023Z: [    7.351639] NET: Registered protocol family 10
[STDERR  ] 2017-11-07T01:59:11.763389753Z: [    7.361073] ip6_tables: (C) 2000-2006 Netfilter Core Team
[STDERR  ] 2017-11-07T01:59:11.763396525Z: [    7.368985] NET: Registered protocol family 17
[STDERR  ] 2017-11-07T01:59:11.763402679Z: [    7.370570] Bridge firewalling registered
[STDERR  ] 2017-11-07T01:59:11.763408625Z: [    7.371197] Ebtables v2.0 registered
[STDERR  ] 2017-11-07T01:59:11.763414721Z: [    7.373216] 8021q: 802.1Q VLAN Support v1.8
[STDERR  ] 2017-11-07T01:59:11.763444712Z: [    7.374504] 9pnet: Installing 9P2000 support
[STDERR  ] 2017-11-07T01:59:11.7634512Z: [    7.376029] Key type dns_resolver registered
[STDERR  ] 2017-11-07T01:59:11.763457022Z: [    7.376892] microcode: AMD CPU family 0x6 not supported
[STDERR  ] 2017-11-07T01:59:11.76346381Z: [    7.380952] registered taskstats version 1
[STDERR  ] 2017-11-07T01:59:11.763469717Z: [    7.542267] Key type big_key registered
[STDERR  ] 2017-11-07T01:59:11.763475648Z: [    7.573458] ata2: SATA link down (SStatus 0 SControl 300)
[STDERR  ] 2017-11-07T01:59:11.763481499Z: [    7.576688] ata1: SATA link up 1.5 Gbps (SStatus 113 SControl 300)
[STDERR  ] 2017-11-07T01:59:11.763487808Z: [    7.581682] ata1.00: ATA-7: QEMU HARDDISK, 2.5+, max UDMA/100
[STDERR  ] 2017-11-07T01:59:11.763493519Z: [    7.582122] ata1.00: 1048576 sectors, multi 16: LBA48 NCQ (depth 31/32)
[STDERR  ] 2017-11-07T01:59:11.763499737Z: [    7.582832] ata1.00: applying bridge limits
[STDERR  ] 2017-11-07T01:59:11.763505524Z: [    7.584784] ata1.00: configured for UDMA/100
[STDERR  ] 2017-11-07T01:59:11.763513003Z: [    7.585672] ata5: SATA link down (SStatus 0 SControl 300)
[STDERR  ] 2017-11-07T01:59:11.763518932Z: [    7.587681] ata3: SATA link up 1.5 Gbps (SStatus 113 SControl 300)
[STDERR  ] 2017-11-07T01:59:11.763524857Z: [    7.588471] ata3.00: ATAPI: QEMU DVD-ROM, 2.5+, max UDMA/100
[STDERR  ] 2017-11-07T01:59:11.763530535Z: [    7.588901] ata3.00: applying bridge limits
[STDERR  ] 2017-11-07T01:59:11.763536669Z: [    7.589956] ata3.00: configured for UDMA/100
[STDERR  ] 2017-11-07T01:59:11.76354249Z: [    7.591751] ata4: SATA link down (SStatus 0 SControl 300)
[STDERR  ] 2017-11-07T01:59:11.763548469Z: [    7.601712] ata6: SATA link down (SStatus 0 SControl 300)
[STDERR  ] 2017-11-07T01:59:11.763554608Z: [    7.612071] scsi 0:0:0:0: Direct-Access     ATA      QEMU HARDDISK    2.5+ PQ: 0 ANSI: 5
[STDERR  ] 2017-11-07T01:59:11.763560699Z: [    7.620797] sd 0:0:0:0: Attached scsi generic sg0 type 0
[STDERR  ] 2017-11-07T01:59:11.763572712Z: [    7.625790] sd 0:0:0:0: [sda] 1048576 512-byte logical blocks: (537 MB/512 MiB)
[STDERR  ] 2017-11-07T01:59:11.763582257Z: [    7.635614] scsi 2:0:0:0: CD-ROM            QEMU     QEMU DVD-ROM     2.5+ PQ: 0 ANSI: 5
[STDERR  ] 2017-11-07T01:59:11.763588197Z: [    7.639541] sd 0:0:0:0: [sda] Write Protect is off
[STDERR  ] 2017-11-07T01:59:11.763597591Z: [    7.641072] sd 0:0:0:0: [sda] Write cache: enabled, read cache: enabled, doesn't support DPO or FUA
[STDERR  ] 2017-11-07T01:59:11.763603647Z: [    7.653166] sr 2:0:0:0: [sr0] scsi3-mmc drive: 4x/4x cd/rw xa/form2 tray
[STDERR  ] 2017-11-07T01:59:11.763609964Z: [    7.653852] cdrom: Uniform CD-ROM driver Revision: 3.20
[STDERR  ] 2017-11-07T01:59:11.763616587Z: [    7.672194] sr 2:0:0:0: Attached scsi generic sg1 type 5
[STDERR  ] 2017-11-07T01:59:11.763622692Z: [    7.681235]  sda: sda1
[STDERR  ] 2017-11-07T01:59:11.763628471Z: [    7.691998] sd 0:0:0:0: [sda] Attached SCSI disk
[STDERR  ] 2017-11-07T01:59:11.763634411Z: [    7.743460] Key type encrypted registered
[STDERR  ] 2017-11-07T01:59:11.763640132Z: [    7.750523] rtc_cmos 00:00: setting system clock to 2017-11-07 01:58:35 UTC (1510019915)
[STDERR  ] 2017-11-07T01:59:11.763646134Z: [    7.898112] Freeing unused kernel memory: 1380K
[STDERR  ] 2017-11-07T01:59:11.763651808Z: [    7.898568] Write protecting the kernel read-only data: 12288k
[STDERR  ] 2017-11-07T01:59:11.763657701Z: [    7.905496] Freeing unused kernel memory: 124K
[STDERR  ] 2017-11-07T01:59:11.763663474Z: [    7.992615] Freeing unused kernel memory: 1392K
[STDERR  ] 2017-11-07T01:59:11.763669414Z: [    7.993326] tsc: Refined TSC clocksource calibration: 2599.996 MHz
[STDERR  ] 2017-11-07T01:59:11.763675714Z: [    7.993881] clocksource: tsc: mask: 0xffffffffffffffff max_cycles: 0x257a386c905, max_idle_ns: 440795250529 ns
[STDERR  ] 2017-11-07T01:59:11.763681921Z: [    9.010745] clocksource: Switched to clocksource tsc
[STDERR  ] 2017-11-07T01:59:11.763687608Z: 
[STDERR  ] 2017-11-07T01:59:11.763693912Z: Welcome to LinuxKit
[STDERR  ] 2017-11-07T01:59:11.763700097Z: 
[STDERR  ] 2017-11-07T01:59:11.763705953Z:                         ##         .
[STDERR  ] 2017-11-07T01:59:11.763712048Z:                   ## ## ##        ==
[STDERR  ] 2017-11-07T01:59:11.763718046Z:                ## ## ## ## ##    ===
[STDERR  ] 2017-11-07T01:59:11.763723896Z:            /"""""""""""""""""\___/ ===
[STDERR  ] 2017-11-07T01:59:11.763729753Z:           {                       /  ===-
[STDERR  ] 2017-11-07T01:59:11.763735452Z:            \______ O           __/
[STDERR  ] 2017-11-07T01:59:11.763741355Z:              \    \         __/
[STDERR  ] 2017-11-07T01:59:11.763747114Z:               \____\_______/
[STDERR  ] 2017-11-07T01:59:11.763752765Z: 
[STDERR  ] 2017-11-07T01:59:11.7637585Z: [   21.760329] raid6: sse2x1   gen()   325 MB/s
[STDERR  ] 2017-11-07T01:59:11.763764404Z: [   21.930489] raid6: sse2x1   xor()   164 MB/s
[STDERR  ] 2017-11-07T01:59:11.763770093Z: [   22.100513] raid6: sse2x2   gen()   255 MB/s
[STDERR  ] 2017-11-07T01:59:11.763775842Z: [   22.270349] raid6: sse2x2   xor()   175 MB/s
[STDERR  ] 2017-11-07T01:59:11.763781481Z: [   22.440463] raid6: sse2x4   gen()   316 MB/s
[STDERR  ] 2017-11-07T01:59:11.763787169Z: [   22.610385] raid6: sse2x4   xor()   180 MB/s
[STDERR  ] 2017-11-07T01:59:11.763792903Z: [   22.610830] raid6: using algorithm sse2x1 gen() 325 MB/s
[STDERR  ] 2017-11-07T01:59:11.763798542Z: [   22.611228] raid6: .... xor() 164 MB/s, rmw enabled
[STDERR  ] 2017-11-07T01:59:11.763804251Z: [   22.611843] raid6: using intx1 recovery algorithm
[STDERR  ] 2017-11-07T01:59:11.763809875Z: [   22.633167] xor: measuring software checksum speed
[STDERR  ] 2017-11-07T01:59:11.763815538Z: [   22.730400]    prefetch64-sse:   663.600 MB/sec
[STDERR  ] 2017-11-07T01:59:11.763821212Z: [   22.830328]    generic_sse:   646.000 MB/sec
[STDERR  ] 2017-11-07T01:59:11.763826954Z: [   22.830831] xor: using function: prefetch64-sse (663.600 MB/sec)
[STDERR  ] 2017-11-07T01:59:11.763833433Z: [   22.982802] Btrfs loaded, crc32c=crc32c-generic
[STDERR  ] 2017-11-07T01:59:11.763842074Z: [   23.581644] IPVS: Creating netns size=2104 id=1
[STDERR  ] 2017-11-07T01:59:11.763848009Z: [   23.582252] IPVS: ftp: loaded support on port[0] = 21
[STDERR  ] 2017-11-07T01:59:11.763853778Z: [   24.750784]  sda:
[STDERR  ] 2017-11-07T01:59:11.763859426Z: [   24.841726]  sda:
[STDERR  ] 2017-11-07T01:59:11.763865074Z: [   24.849921] random: sfdisk: uninitialized urandom read (4 bytes read)
[STDERR  ] 2017-11-07T01:59:11.763873663Z: [   24.873965]  sda: sda1
[STDERR  ] 2017-11-07T01:59:11.763879449Z: [   24.962208]  sda: sda1
[STDERR  ] 2017-11-07T01:59:11.763885124Z: [   25.048817]  sda: sda1
[STDERR  ] 2017-11-07T01:59:11.763891178Z: [   26.677918] BTRFS: device fsid 12cfd86a-65fa-4d9c-8722-9f07e333a70f devid 1 transid 7 /dev/sda1
[STDERR  ] 2017-11-07T01:59:11.763897038Z: [   26.692250] BTRFS info (device sda1): disk space caching is enabled
[STDERR  ] 2017-11-07T01:59:11.763902809Z: [   26.692686] BTRFS info (device sda1): has skinny extents
[STDERR  ] 2017-11-07T01:59:11.763908833Z: [   26.791451] BTRFS info (device sda1): new size for /dev/sda1 is 535822336
[STDERR  ] 2017-11-07T01:59:11.763914493Z: 2017/11/07 01:58:54 Successfully resized /dev/sda
[STDERR  ] 2017-11-07T01:59:11.763920303Z: [   27.611710] IPVS: Creating netns size=2104 id=2
[STDERR  ] 2017-11-07T01:59:11.763926182Z: [   27.612123] IPVS: ftp: loaded support on port[0] = 21
[STDERR  ] 2017-11-07T01:59:11.763931903Z: [   28.791084] FAT-fs (sda1): utf8 is not a recommended IO charset for FAT filesystems, filesystem will be case sensitive!
[STDERR  ] 2017-11-07T01:59:11.763937862Z: [   28.796054] FAT-fs (sda1): utf8 is not a recommended IO charset for FAT filesystems, filesystem will be case sensitive!
[STDERR  ] 2017-11-07T01:59:11.763943648Z: [   28.799308] mount: sending ioctl 5310 to a partition!
[STDERR  ] 2017-11-07T01:59:11.76394931Z: [   28.836056] mount: sending ioctl 5310 to a partition!
[STDERR  ] 2017-11-07T01:59:11.76395503Z: [   28.837643] UDF-fs: warning (device sda1): udf_fill_super: No partition found (2)
[STDERR  ] 2017-11-07T01:59:11.763962801Z: [   28.861503] BTRFS info (device sda1): disk space caching is enabled
[STDERR  ] 2017-11-07T01:59:11.763971292Z: [   28.861723] BTRFS info (device sda1): has skinny extents
[STDERR  ] 2017-11-07T01:59:11.763977232Z: + [ -f /var/lib/docker/bar ]
[STDERR  ] 2017-11-07T01:59:11.76398338Z: + touch[   31.384027] random: fast init done
[STDERR  ] 2017-11-07T01:59:11.763991761Z:  /var/lib/docker/foo
[STDERR  ] 2017-11-07T01:59:11.763997632Z: + df -h
[STDERR  ] 2017-11-07T01:59:11.764003496Z: + grep -qE [4-5][0-9]{2}\.[0-9]{1,}M
[STDERR  ] 2017-11-07T01:59:11.764009308Z: + printf extend test suite PASSED\n
[STDERR  ] 2017-11-07T01:59:11.764015042Z: extend test suite PASSED
[STDERR  ] 2017-11-07T01:59:11.7640208Z: [   42.824106] sd 0:0:0:0: [sda] Synchronizing SCSI cache
[STDERR  ] 2017-11-07T01:59:11.764026543Z: [   42.825850] sd 0:0:0:0: [sda] Stopping disk
[STDERR  ] 2017-11-07T01:59:11.764032289Z: [   42.829389] ACPI: Preparing to enter system sleep state S5
[STDERR  ] 2017-11-07T01:59:11.764037958Z: [   42.831026] reboot: Power down
[STDERR  ] 2017-11-07T01:59:11.764043761Z: + echo [    0.000000] Linux version 4.9.60-linuxkit (root@82cddbd9179e) (gcc version 6.3.0 (Alpine 6.3.0) ) #1 SMP Thu Nov 2 16:36:48 UTC 2017
[STDERR  ] 2017-11-07T01:59:11.764049689Z: [    0.000000] Command line: console=ttyS0
[STDERR  ] 2017-11-07T01:59:11.764055409Z: [    0.000000] x86/fpu: Legacy x87 FPU detected.
[STDERR  ] 2017-11-07T01:59:11.764061275Z: [    0.000000] x86/fpu: Using 'eager' FPU context switches.
[STDERR  ] 2017-11-07T01:59:11.764067308Z: [    0.000000] e820: BIOS-provided physical RAM map:
[STDERR  ] 2017-11-07T01:59:11.764073103Z: [    0.000000] BIOS-e820: [mem 0x0000000000000000-0x000000000009fbff] usable
[STDERR  ] 2017-11-07T01:59:11.764079192Z: [    0.000000] BIOS-e820: [mem 0x000000000009fc00-0x000000000009ffff] reserved
[STDERR  ] 2017-11-07T01:59:11.764085717Z: [    0.000000] BIOS-e820: [mem 0x00000000000f0000-0x00000000000fffff] reserved
[STDERR  ] 2017-11-07T01:59:11.764094226Z: [    0.000000] BIOS-e820: [mem 0x0000000000100000-0x000000003ffdefff] usable
[STDERR  ] 2017-11-07T01:59:11.764100198Z: [    0.000000] BIOS-e820: [mem 0x000000003ffdf000-0x000000003fffffff] reserved
[STDERR  ] 2017-11-07T01:59:11.764105893Z: [    0.000000] BIOS-e820: [mem 0x00000000b0000000-0x00000000bfffffff] reserved
[STDERR  ] 2017-11-07T01:59:11.764114525Z: [    0.000000] BIOS-e820: [mem 0x00000000fed1c000-0x00000000fed1ffff] reserved
[STDERR  ] 2017-11-07T01:59:11.764120308Z: [    0.000000] BIOS-e820: [mem 0x00000000fffc0000-0x00000000ffffffff] reserved
[STDERR  ] 2017-11-07T01:59:11.764126073Z: [    0.000000] NX (Execute Disable) protection: active
[STDERR  ] 2017-11-07T01:59:11.764131863Z: [    0.000000] SMBIOS 2.8 present.
[STDERR  ] 2017-11-07T01:59:11.764137602Z: [    0.000000] e820: last_pfn = 0x3ffdf max_arch_pfn = 0x400000000
[STDERR  ] 2017-11-07T01:59:11.764143424Z: [    0.000000] x86/PAT: Configuration [0-7]: WB  WC  UC- UC  WB  WC  UC- WT  
[STDERR  ] 2017-11-07T01:59:11.764149816Z: [    0.000000] found SMP MP-table at [mem 0x000f6aa0-0x000f6aaf] mapped at [ffff9600000f6aa0]
[STDERR  ] 2017-11-07T01:59:11.764155652Z: [    0.000000] RAMDISK: [mem 0x3de54000-0x3ffcffff]
[STDERR  ] 2017-11-07T01:59:11.764161353Z: [    0.000000] ACPI: Early table checksum verification disabled
[STDERR  ] 2017-11-07T01:59:11.764169984Z: [    0.000000] ACPI: RSDP 0x00000000000F68C0 000014 (v00 BOCHS )
[STDERR  ] 2017-11-07T01:59:11.764176073Z: [    0.000000] ACPI: RSDT 0x000000003FFE2415 000034 (v01 BOCHS  BXPCRSDT 00000001 BXPC 00000001)
[STDERR  ] 2017-11-07T01:59:11.764182054Z: [    0.000000] ACPI: FACP 0x000000003FFE22B5 000074 (v01 BOCHS  BXPCFACP 00000001 BXPC 00000001)
[STDERR  ] 2017-11-07T01:59:11.764187849Z: [    0.000000] ACPI: DSDT 0x000000003FFE0040 002275 (v01 BOCHS  BXPCDSDT 00000001 BXPC 00000001)
[STDERR  ] 2017-11-07T01:59:11.764195886Z: [    0.000000] ACPI: FACS 0x000000003FFE0000 000040
[STDERR  ] 2017-11-07T01:59:11.764201652Z: [    0.000000] ACPI: APIC 0x000000003FFE2329 000078 (v01 BOCHS  BXPCAPIC 00000001 BXPC 00000001)
[STDERR  ] 2017-11-07T01:59:11.764207516Z: [    0.000000] ACPI: HPET 0x000000003FFE23A1 000038 (v01 BOCHS  BXPCHPET 00000001 BXPC 00000001)
[STDERR  ] 2017-11-07T01:59:11.764213264Z: [    0.000000] ACPI: MCFG 0x000000003FFE23D9 00003C (v01 BOCHS  BXPCMCFG 00000001 BXPC 00000001)
[STDERR  ] 2017-11-07T01:59:11.764219151Z: [    0.000000] Zone ranges:
[STDERR  ] 2017-11-07T01:59:11.764225184Z: [    0.000000]   DMA      [mem 0x0000000000001000-0x0000000000ffffff]
[STDERR  ] 2017-11-07T01:59:11.764231554Z: [    0.000000]   DMA32    [mem 0x0000000001000000-0x000000003ffdefff]
[STDERR  ] 2017-11-07T01:59:11.764237537Z: [    0.000000]   Normal   empty
[STDERR  ] 2017-11-07T01:59:11.764243835Z: [    0.000000] Movable zone start for each node
[STDERR  ] 2017-11-07T01:59:11.764249559Z: [    0.000000] Early memory node ranges
[STDERR  ] 2017-11-07T01:59:11.764255559Z: [    0.000000]   node   0: [mem 0x0000000000001000-0x000000000009efff]
[STDERR  ] 2017-11-07T01:59:11.764261344Z: [    0.000000]   node   0: [mem 0x0000000000100000-0x000000003ffdefff]
[STDERR  ] 2017-11-07T01:59:11.764267282Z: [    0.000000] Initmem setup node 0 [mem 0x0000000000001000-0x000000003ffdefff]
[STDERR  ] 2017-11-07T01:59:11.764273031Z: [    0.000000] ACPI: PM-Timer IO Port: 0x608
[STDERR  ] 2017-11-07T01:59:11.764278854Z: [    0.000000] ACPI: LAPIC_NMI (acpi_id[0xff] dfl dfl lint[0x1])
[STDERR  ] 2017-11-07T01:59:11.764284989Z: [    0.000000] IOAPIC[0]: apic_id 0, version 32, address 0xfec00000, GSI 0-23
[STDERR  ] 2017-11-07T01:59:11.764291134Z: [    0.000000] ACPI: INT_SRC_OVR (bus 0 bus_irq 0 global_irq 2 dfl dfl)
[STDERR  ] 2017-11-07T01:59:11.764297485Z: [    0.000000] ACPI: INT_SRC_OVR (bus 0 bus_irq 5 global_irq 5 high level)
[STDERR  ] 2017-11-07T01:59:11.76430393Z: [    0.000000] ACPI: INT_SRC_OVR (bus 0 bus_irq 9 global_irq 9 high level)
[STDERR  ] 2017-11-07T01:59:11.764309647Z: [    0.000000] ACPI: INT_SRC_OVR (bus 0 bus_irq 10 global_irq 10 high level)
[STDERR  ] 2017-11-07T01:59:11.764318402Z: [    0.000000] ACPI: INT_SRC_OVR (bus 0 bus_irq 11 global_irq 11 high level)
[STDERR  ] 2017-11-07T01:59:11.764324329Z: [    0.000000] Using ACPI (MADT) for SMP configuration information
[STDERR  ] 2017-11-07T01:59:11.764330279Z: [    0.000000] ACPI: HPET id: 0x8086a201 base: 0xfed00000
[STDERR  ] 2017-11-07T01:59:11.764336053Z: [    0.000000] smpboot: Allowing 1 CPUs, 0 hotplug CPUs
[STDERR  ] 2017-11-07T01:59:11.764344726Z: [    0.000000] e820: [mem 0x40000000-0xafffffff] available for PCI devices
[STDERR  ] 2017-11-07T01:59:11.764351953Z: [    0.000000] Booting paravirtualized kernel on bare hardware
[STDERR  ] 2017-11-07T01:59:11.764360252Z: [    0.000000] clocksource: refined-jiffies: mask: 0xffffffff max_cycles: 0xffffffff, max_idle_ns: 19112604462750000 ns
[STDERR  ] 2017-11-07T01:59:11.764366574Z: [    0.000000] setup_percpu: NR_CPUS:128 nr_cpumask_bits:128 nr_cpu_ids:1 nr_node_ids:1
[STDERR  ] 2017-11-07T01:59:11.764375069Z: [    0.000000] percpu: Embedded 35 pages/cpu @ffff96003dc00000 s105112 r8192 d30056 u2097152
[STDERR  ] 2017-11-07T01:59:11.764380972Z: [    0.000000] Built 1 zonelists in Zone order, mobility grouping on.  Total pages: 257896
[STDERR  ] 2017-11-07T01:59:11.764386913Z: [    0.000000] Kernel command line: console=ttyS0
[STDERR  ] 2017-11-07T01:59:11.764392694Z: [    0.000000] PID hash table entries: 4096 (order: 3, 32768 bytes)
[STDERR  ] 2017-11-07T01:59:11.764398566Z: [    0.000000] Dentry cache hash table entries: 131072 (order: 8, 1048576 bytes)
[STDERR  ] 2017-11-07T01:59:11.764404454Z: [    0.000000] Inode-cache hash table entries: 65536 (order: 7, 524288 bytes)
[STDERR  ] 2017-11-07T01:59:11.764410553Z: [    0.000000] Memory: 979884K/1048052K available (8053K kernel code, 1367K rwdata, 2704K rodata, 1380K init, 568K bss, 68168K reserved, 0K cma-reserved)
[STDERR  ] 2017-11-07T01:59:11.764416373Z: [    0.000000] Hierarchical RCU implementation.
[STDERR  ] 2017-11-07T01:59:11.764442647Z: [    0.000000] 	Build-time adjustment of leaf fanout to 64.
[STDERR  ] 2017-11-07T01:59:11.764448729Z: [    0.000000] 	RCU restricting CPUs from NR_CPUS=128 to nr_cpu_ids=1.
[STDERR  ] 2017-11-07T01:59:11.764455491Z: [    0.000000] RCU: Adjusting geometry for rcu_fanout_leaf=64, nr_cpu_ids=1
[STDERR  ] 2017-11-07T01:59:11.764461663Z: [    0.000000] NR_IRQS:8448 nr_irqs:256 16
[STDERR  ] 2017-11-07T01:59:11.764467697Z: [    0.000000] Console: colour VGA+ 80x25
[STDERR  ] 2017-11-07T01:59:11.764473617Z: [    0.000000] console [ttyS0] enabled
[STDERR  ] 2017-11-07T01:59:11.764479634Z: [    0.000000] clocksource: hpet: mask: 0xffffffff max_cycles: 0xffffffff, max_idle_ns: 19112604467 ns
[STDERR  ] 2017-11-07T01:59:11.764485747Z: [    0.000000] tsc: Fast TSC calibration using PIT
[STDERR  ] 2017-11-07T01:59:11.764491914Z: [    0.000000] tsc: Detected 2599.976 MHz processor
[STDERR  ] 2017-11-07T01:59:11.764497885Z: [    0.011443] Calibrating delay loop (skipped), value calculated using timer frequency.. 5199.95 BogoMIPS (lpj=25999760)
[STDERR  ] 2017-11-07T01:59:11.764505677Z: [    0.012190] pid_max: default: 32768 minimum: 301
[STDERR  ] 2017-11-07T01:59:11.764511645Z: [    0.020996] ACPI: Core revision 20160831
[STDERR  ] 2017-11-07T01:59:11.764517771Z: [    0.066896] ACPI: 1 ACPI AML tables successfully acquired and loaded
[STDERR  ] 2017-11-07T01:59:11.764523949Z: [    0.071720] Security Framework initialized
[STDERR  ] 2017-11-07T01:59:11.764532847Z: [    0.072182] Yama: becoming mindful.
[STDERR  ] 2017-11-07T01:59:11.764538881Z: [    0.074317] Mount-cache hash table entries: 2048 (order: 2, 16384 bytes)
[STDERR  ] 2017-11-07T01:59:11.764544945Z: [    0.074923] Mountpoint-cache hash table entries: 2048 (order: 2, 16384 bytes)
[STDERR  ] 2017-11-07T01:59:11.76455116Z: [    0.094620] Last level iTLB entries: 4KB 0, 2MB 0, 4MB 0
[STDERR  ] 2017-11-07T01:59:11.764557252Z: [    0.095120] Last level dTLB entries: 4KB 0, 2MB 0, 4MB 0, 1GB 0
[STDERR  ] 2017-11-07T01:59:11.764563134Z: [    0.393676] Freeing SMP alternatives memory: 20K
[STDERR  ] 2017-11-07T01:59:11.764569132Z: [    0.404709] ftrace: allocating 35584 entries in 140 pages
[STDERR  ] 2017-11-07T01:59:11.764578162Z: [    0.554173] smpboot: Max logical packages: 1
[STDERR  ] 2017-11-07T01:59:11.76458462Z: [    0.562471] ..TIMER: vector=0x30 apic1=0 pin1=2 apic2=-1 pin2=-1
[STDERR  ] 2017-11-07T01:59:11.76459063Z: [    0.670000] smpboot: CPU0: AMD QEMU Virtual CPU version 2.5+ (family: 0x6, model: 0x6, stepping: 0x3)
[STDERR  ] 2017-11-07T01:59:11.76459995Z: [    0.670000] Performance Events: PMU not available due to virtualization, using software events only.
[STDERR  ] 2017-11-07T01:59:11.76460901Z: [    0.678061] NMI watchdog: disabled (cpu0): hardware events not enabled
[STDERR  ] 2017-11-07T01:59:11.76461568Z: [    0.678491] NMI watchdog: Shutting down hard lockup detector on all cpus
[STDERR  ] 2017-11-07T01:59:11.76462196Z: [    0.681219] x86: Booted up 1 node, 1 CPUs
[STDERR  ] 2017-11-07T01:59:11.764627995Z: [    0.681646] smpboot: Total of 1 processors activated (5199.95 BogoMIPS)
[STDERR  ] 2017-11-07T01:59:11.764635152Z: [    0.697320] devtmpfs: initialized
[STDERR  ] 2017-11-07T01:59:11.76464163Z: [    0.703900] x86/mm: Memory block size: 128MB
[STDERR  ] 2017-11-07T01:59:11.764647666Z: [    0.767130] clocksource: jiffies: mask: 0xffffffff max_cycles: 0xffffffff, max_idle_ns: 19112604462750000 ns
[STDERR  ] 2017-11-07T01:59:11.764653678Z: [    0.768177] futex hash table entries: 256 (order: 2, 16384 bytes)
[STDERR  ] 2017-11-07T01:59:11.764659762Z: [    0.778647] NET: Registered protocol family 16
[STDERR  ] 2017-11-07T01:59:11.76466579Z: [    0.787983] cpuidle: using governor ladder
