[INFO    ] 2017-11-13T16:08:34.428246303Z: Running Test linuxkit.packages.wireguard in /tmp/build/test/cases/040_packages/023_wireguard
[INFO    ] 2017-11-13T16:08:34.428384139Z: Running command: [/bin/sh -x /tmp/build/test/cases/040_packages/023_wireguard/test.sh]
[STDERR  ] 2017-11-13T16:08:34.466513715Z: + set -e
[STDERR  ] 2017-11-13T16:08:34.466589795Z: + . /tmp/build/test/cases/_lib/lib.sh
[STDERR  ] 2017-11-13T16:08:34.466617452Z: + [ -f src/github.com/linuxkit/rtf/lib/lib.sh ]
[STDERR  ] 2017-11-13T16:08:34.466627878Z: + LINUXKIT_TMPDIR=/tmp/build/test/cases/_tmp
[STDERR  ] 2017-11-13T16:08:34.466636665Z: + [ -f /tmp/build/test/cases/_tmp/env.sh ]
[STDERR  ] 2017-11-13T16:08:34.466644267Z: + . /tmp/build/test/cases/_tmp/env.sh
[STDERR  ] 2017-11-13T16:08:34.466657405Z: + export LINUXKIT_EXAMPLES_DIR=/tmp/build/test/cases/../../examples
[STDERR  ] 2017-11-13T16:08:34.466672867Z: + export LINUXKIT_BLUEPRINTS_DIR=/tmp/build/test/cases/../../blueprints
[STDERR  ] 2017-11-13T16:08:34.46668081Z: + RT_CANCEL=253
[STDERR  ] 2017-11-13T16:08:34.466688365Z: + NAME=wireguard
[STDERR  ] 2017-11-13T16:08:34.4666955Z: + trap clean_up EXIT
[STDERR  ] 2017-11-13T16:08:34.466713749Z: + moby build -format kernel+initrd -name wireguard test.yml
[STDERR  ] 2017-11-13T16:08:34.479634455Z: Extract kernel image: linuxkit/kernel:4.9.60
[STDERR  ] 2017-11-13T16:08:36.499317554Z: Add init containers:
[STDERR  ] 2017-11-13T16:08:36.49938017Z: Process init image: linuxkit/init:42a92119e1ca10380e0d33e26c0cbcf85b9b3558
[STDERR  ] 2017-11-13T16:08:38.004845473Z: Process init image: linuxkit/runc:817fdc592eac6cb7804fa1721a43a7f6e23fb50f
[STDERR  ] 2017-11-13T16:08:39.40925938Z: Process init image: linuxkit/containerd:bfb61cc1d26c39cd4b2bc08f7a9963fefa0ef3bf
[STDERR  ] 2017-11-13T16:08:40.931932272Z: Process init image: linuxkit/ca-certificates:af4880e78edc28743f7c5e262678c67c6add4c26
[STDERR  ] 2017-11-13T16:08:42.286217643Z: Add onboot containers:
[STDERR  ] 2017-11-13T16:08:42.286260147Z:   Create OCI config for linuxkit/dhcpcd:48831507404049660b960e4055f544917d90378e
[STDERR  ] 2017-11-13T16:08:43.677064418Z:   Create OCI config for linuxkit/ip:e6f92b663e004be58c5d1fb43830d9155d625d28
[STDERR  ] 2017-11-13T16:08:47.611699315Z:   Create OCI config for linuxkit/ip:e6f92b663e004be58c5d1fb43830d9155d625d28
[STDERR  ] 2017-11-13T16:08:49.29188751Z: Add onshutdown containers:
[STDERR  ] 2017-11-13T16:08:49.29194883Z:   Create OCI config for alpine:3.6
[STDERR  ] 2017-11-13T16:08:50.680864481Z: Add service containers:
[STDERR  ] 2017-11-13T16:08:50.680918644Z:   Create OCI config for nginx:alpine
[STDERR  ] 2017-11-13T16:08:53.3267736Z:   Create OCI config for alpine:3.6
[STDERR  ] 2017-11-13T16:08:54.757817297Z: Add files:
[STDERR  ] 2017-11-13T16:08:54.75788471Z:   etc/wireguard/wg0.conf
[STDERR  ] 2017-11-13T16:08:54.757892751Z:   etc/wireguard/wg1.conf
[STDERR  ] 2017-11-13T16:08:54.75789959Z:   check.sh
[STDERR  ] 2017-11-13T16:08:54.763405369Z: Create outputs:
[STDERR  ] 2017-11-13T16:09:04.034868318Z:   wireguard-kernel wireguard-initrd.img wireguard-cmdline
[STDERR  ] 2017-11-13T16:09:04.129372705Z: + linuxkit run wireguard
[STDERR  ] 2017-11-13T16:09:04.153624815Z: Unable to find qemu-system-x86_64 within the $PATH. Using a container
[STDERR  ] 2017-11-13T16:10:07.881837401Z: + RESULT=[    0.000000] Linux version 4.9.60-linuxkit (root@82cddbd9179e) (gcc version 6.3.0 (Alpine 6.3.0) ) #1 SMP Thu Nov 2 16:36:48 UTC 2017
[STDERR  ] 2017-11-13T16:10:07.881898701Z: [    0.000000] Command line: console=ttyS0
[STDERR  ] 2017-11-13T16:10:07.881910334Z: [    0.000000] x86/fpu: Legacy x87 FPU detected.
[STDERR  ] 2017-11-13T16:10:07.881920529Z: [    0.000000] x86/fpu: Using 'eager' FPU context switches.
[STDERR  ] 2017-11-13T16:10:07.881931422Z: [    0.000000] e820: BIOS-provided physical RAM map:
[STDERR  ] 2017-11-13T16:10:07.881941667Z: [    0.000000] BIOS-e820: [mem 0x0000000000000000-0x000000000009fbff] usable
[STDERR  ] 2017-11-13T16:10:07.88195238Z: [    0.000000] BIOS-e820: [mem 0x000000000009fc00-0x000000000009ffff] reserved
[STDERR  ] 2017-11-13T16:10:07.8819621Z: [    0.000000] BIOS-e820: [mem 0x00000000000f0000-0x00000000000fffff] reserved
[STDERR  ] 2017-11-13T16:10:07.881984496Z: [    0.000000] BIOS-e820: [mem 0x0000000000100000-0x000000003ffdefff] usable
[STDERR  ] 2017-11-13T16:10:07.881995982Z: [    0.000000] BIOS-e820: [mem 0x000000003ffdf000-0x000000003fffffff] reserved
[STDERR  ] 2017-11-13T16:10:07.882005454Z: [    0.000000] BIOS-e820: [mem 0x00000000b0000000-0x00000000bfffffff] reserved
[STDERR  ] 2017-11-13T16:10:07.882024103Z: [    0.000000] BIOS-e820: [mem 0x00000000fed1c000-0x00000000fed1ffff] reserved
[STDERR  ] 2017-11-13T16:10:07.88203332Z: [    0.000000] BIOS-e820: [mem 0x00000000fffc0000-0x00000000ffffffff] reserved
[STDERR  ] 2017-11-13T16:10:07.882042469Z: [    0.000000] NX (Execute Disable) protection: active
[STDERR  ] 2017-11-13T16:10:07.88205161Z: [    0.000000] SMBIOS 2.8 present.
[STDERR  ] 2017-11-13T16:10:07.882060921Z: [    0.000000] e820: last_pfn = 0x3ffdf max_arch_pfn = 0x400000000
[STDERR  ] 2017-11-13T16:10:07.882134516Z: [    0.000000] x86/PAT: Configuration [0-7]: WB  WC  UC- UC  WB  WC  UC- WT  
[STDERR  ] 2017-11-13T16:10:07.882143128Z: [    0.000000] found SMP MP-table at [mem 0x000f6aa0-0x000f6aaf] mapped at [ffff94d8c00f6aa0]
[STDERR  ] 2017-11-13T16:10:07.882152793Z: [    0.000000] RAMDISK: [mem 0x3cb66000-0x3ffcffff]
[STDERR  ] 2017-11-13T16:10:07.882161214Z: [    0.000000] ACPI: Early table checksum verification disabled
[STDERR  ] 2017-11-13T16:10:07.882175974Z: [    0.000000] ACPI: RSDP 0x00000000000F68C0 000014 (v00 BOCHS )
[STDERR  ] 2017-11-13T16:10:07.88218489Z: [    0.000000] ACPI: RSDT 0x000000003FFE2404 000034 (v01 BOCHS  BXPCRSDT 00000001 BXPC 00000001)
[STDERR  ] 2017-11-13T16:10:07.882193428Z: [    0.000000] ACPI: FACP 0x000000003FFE22A4 000074 (v01 BOCHS  BXPCFACP 00000001 BXPC 00000001)
[STDERR  ] 2017-11-13T16:10:07.882202932Z: [    0.000000] ACPI: DSDT 0x000000003FFE0040 002264 (v01 BOCHS  BXPCDSDT 00000001 BXPC 00000001)
[STDERR  ] 2017-11-13T16:10:07.882214564Z: [    0.000000] ACPI: FACS 0x000000003FFE0000 000040
[STDERR  ] 2017-11-13T16:10:07.882223471Z: [    0.000000] ACPI: APIC 0x000000003FFE2318 000078 (v01 BOCHS  BXPCAPIC 00000001 BXPC 00000001)
[STDERR  ] 2017-11-13T16:10:07.882231889Z: [    0.000000] ACPI: HPET 0x000000003FFE2390 000038 (v01 BOCHS  BXPCHPET 00000001 BXPC 00000001)
[STDERR  ] 2017-11-13T16:10:07.882240434Z: [    0.000000] ACPI: MCFG 0x000000003FFE23C8 00003C (v01 BOCHS  BXPCMCFG 00000001 BXPC 00000001)
[STDERR  ] 2017-11-13T16:10:07.88224864Z: [    0.000000] Zone ranges:
[STDERR  ] 2017-11-13T16:10:07.882261155Z: [    0.000000]   DMA      [mem 0x0000000000001000-0x0000000000ffffff]
[STDERR  ] 2017-11-13T16:10:07.882270066Z: [    0.000000]   DMA32    [mem 0x0000000001000000-0x000000003ffdefff]
[STDERR  ] 2017-11-13T16:10:07.882278806Z: [    0.000000]   Normal   empty
[STDERR  ] 2017-11-13T16:10:07.882288174Z: [    0.000000] Movable zone start for each node
[STDERR  ] 2017-11-13T16:10:07.882296894Z: [    0.000000] Early memory node ranges
[STDERR  ] 2017-11-13T16:10:07.882305458Z: [    0.000000]   node   0: [mem 0x0000000000001000-0x000000000009efff]
[STDERR  ] 2017-11-13T16:10:07.882316529Z: [    0.000000]   node   0: [mem 0x0000000000100000-0x000000003ffdefff]
[STDERR  ] 2017-11-13T16:10:07.8823286Z: [    0.000000] Initmem setup node 0 [mem 0x0000000000001000-0x000000003ffdefff]
[STDERR  ] 2017-11-13T16:10:07.882337535Z: [    0.000000] ACPI: PM-Timer IO Port: 0x608
[STDERR  ] 2017-11-13T16:10:07.882353429Z: [    0.000000] ACPI: LAPIC_NMI (acpi_id[0xff] dfl dfl lint[0x1])
[STDERR  ] 2017-11-13T16:10:07.882362605Z: [    0.000000] IOAPIC[0]: apic_id 0, version 32, address 0xfec00000, GSI 0-23
[STDERR  ] 2017-11-13T16:10:07.882371016Z: [    0.000000] ACPI: INT_SRC_OVR (bus 0 bus_irq 0 global_irq 2 dfl dfl)
[STDERR  ] 2017-11-13T16:10:07.882379683Z: [    0.000000] ACPI: INT_SRC_OVR (bus 0 bus_irq 5 global_irq 5 high level)
[STDERR  ] 2017-11-13T16:10:07.882389914Z: [    0.000000] ACPI: INT_SRC_OVR (bus 0 bus_irq 9 global_irq 9 high level)
[STDERR  ] 2017-11-13T16:10:07.882403933Z: [    0.000000] ACPI: INT_SRC_OVR (bus 0 bus_irq 10 global_irq 10 high level)
[STDERR  ] 2017-11-13T16:10:07.882417012Z: [    0.000000] ACPI: INT_SRC_OVR (bus 0 bus_irq 11 global_irq 11 high level)
[STDERR  ] 2017-11-13T16:10:07.882425485Z: [    0.000000] Using ACPI (MADT) for SMP configuration information
[STDERR  ] 2017-11-13T16:10:07.88243993Z: [    0.000000] ACPI: HPET id: 0x8086a201 base: 0xfed00000
[STDERR  ] 2017-11-13T16:10:07.882453072Z: [    0.000000] smpboot: Allowing 1 CPUs, 0 hotplug CPUs
[STDERR  ] 2017-11-13T16:10:07.882461742Z: [    0.000000] e820: [mem 0x40000000-0xafffffff] available for PCI devices
[STDERR  ] 2017-11-13T16:10:07.882470109Z: [    0.000000] Booting paravirtualized kernel on bare hardware
[STDERR  ] 2017-11-13T16:10:07.882478612Z: [    0.000000] clocksource: refined-jiffies: mask: 0xffffffff max_cycles: 0xffffffff, max_idle_ns: 19112604462750000 ns
[STDERR  ] 2017-11-13T16:10:07.882493289Z: [    0.000000] setup_percpu: NR_CPUS:128 nr_cpumask_bits:128 nr_cpu_ids:1 nr_node_ids:1
[STDERR  ] 2017-11-13T16:10:07.882501817Z: [    0.000000] percpu: Embedded 35 pages/cpu @ffff94d8fc800000 s105112 r8192 d30056 u2097152
[STDERR  ] 2017-11-13T16:10:07.882511668Z: [    0.000000] Built 1 zonelists in Zone order, mobility grouping on.  Total pages: 257896
[STDERR  ] 2017-11-13T16:10:07.882519999Z: [    0.000000] Kernel command line: console=ttyS0
[STDERR  ] 2017-11-13T16:10:07.882528359Z: [    0.000000] PID hash table entries: 4096 (order: 3, 32768 bytes)
[STDERR  ] 2017-11-13T16:10:07.882536768Z: [    0.000000] Dentry cache hash table entries: 131072 (order: 8, 1048576 bytes)
[STDERR  ] 2017-11-13T16:10:07.882545131Z: [    0.000000] Inode-cache hash table entries: 65536 (order: 7, 524288 bytes)
[STDERR  ] 2017-11-13T16:10:07.882558728Z: [    0.000000] Memory: 960500K/1048052K available (8053K kernel code, 1367K rwdata, 2704K rodata, 1380K init, 568K bss, 87552K reserved, 0K cma-reserved)
[STDERR  ] 2017-11-13T16:10:07.882568164Z: [    0.000000] Hierarchical RCU implementation.
[STDERR  ] 2017-11-13T16:10:07.882576518Z: [    0.000000] 	Build-time adjustment of leaf fanout to 64.
[STDERR  ] 2017-11-13T16:10:07.882584965Z: [    0.000000] 	RCU restricting CPUs from NR_CPUS=128 to nr_cpu_ids=1.
[STDERR  ] 2017-11-13T16:10:07.882593799Z: [    0.000000] RCU: Adjusting geometry for rcu_fanout_leaf=64, nr_cpu_ids=1
[STDERR  ] 2017-11-13T16:10:07.882602305Z: [    0.000000] NR_IRQS:8448 nr_irqs:256 16
[STDERR  ] 2017-11-13T16:10:07.882610898Z: [    0.000000] Console: colour VGA+ 80x25
[STDERR  ] 2017-11-13T16:10:07.882619303Z: [    0.000000] console [ttyS0] enabled
[STDERR  ] 2017-11-13T16:10:07.882627739Z: [    0.000000] clocksource: hpet: mask: 0xffffffff max_cycles: 0xffffffff, max_idle_ns: 19112604467 ns
[STDERR  ] 2017-11-13T16:10:07.882636845Z: [    0.000000] tsc: Unable to calibrate against PIT
[STDERR  ] 2017-11-13T16:10:07.882645301Z: [    0.000000] tsc: using HPET reference calibration
[STDERR  ] 2017-11-13T16:10:07.882653874Z: [    0.000000] tsc: Detected 2600.002 MHz processor
[STDERR  ] 2017-11-13T16:10:07.882662433Z: [    0.042339] Calibrating delay loop (skipped), value calculated using timer frequency.. 5200.00 BogoMIPS (lpj=26000020)
[STDERR  ] 2017-11-13T16:10:07.882670951Z: [    0.043551] pid_max: default: 32768 minimum: 301
[STDERR  ] 2017-11-13T16:10:07.882679412Z: [    0.044598] ACPI: Core revision 20160831
[STDERR  ] 2017-11-13T16:10:07.882687836Z: [    0.098516] ACPI: 1 ACPI AML tables successfully acquired and loaded
[STDERR  ] 2017-11-13T16:10:07.882696304Z: [    0.103559] Security Framework initialized
[STDERR  ] 2017-11-13T16:10:07.882704831Z: [    0.104028] Yama: becoming mindful.
[STDERR  ] 2017-11-13T16:10:07.882713302Z: [    0.106212] Mount-cache hash table entries: 2048 (order: 2, 16384 bytes)
[STDERR  ] 2017-11-13T16:10:07.88272179Z: [    0.106799] Mountpoint-cache hash table entries: 2048 (order: 2, 16384 bytes)
[STDERR  ] 2017-11-13T16:10:07.882730288Z: [    0.135520] Last level iTLB entries: 4KB 0, 2MB 0, 4MB 0
[STDERR  ] 2017-11-13T16:10:07.882738802Z: [    0.136078] Last level dTLB entries: 4KB 0, 2MB 0, 4MB 0, 1GB 0
[STDERR  ] 2017-11-13T16:10:07.882753707Z: [    0.515574] Freeing SMP alternatives memory: 20K
[STDERR  ] 2017-11-13T16:10:07.882761889Z: [    0.526615] ftrace: allocating 35584 entries in 140 pages
[STDERR  ] 2017-11-13T16:10:07.882770313Z: [    0.746947] smpboot: Max logical packages: 1
[STDERR  ] 2017-11-13T16:10:07.882778362Z: [    0.756046] ..TIMER: vector=0x30 apic1=0 pin1=2 apic2=-1 pin2=-1
[STDERR  ] 2017-11-13T16:10:07.882790773Z: [    0.860000] APIC calibration not consistent with PM-Timer: 101ms instead of 100ms
[STDERR  ] 2017-11-13T16:10:07.882799285Z: [    0.860000] APIC delta adjusted to PM-Timer: 6249984 (6333183)
[STDERR  ] 2017-11-13T16:10:07.882807424Z: [    0.860000] smpboot: CPU0: AMD QEMU Virtual CPU version 2.5+ (family: 0x6, model: 0x6, stepping: 0x3)
[STDERR  ] 2017-11-13T16:10:07.882815696Z: [    0.860000] Performance Events: PMU not available due to virtualization, using software events only.
[STDERR  ] 2017-11-13T16:10:07.882835137Z: [    0.869194] NMI watchdog: disabled (cpu0): hardware events not enabled
[STDERR  ] 2017-11-13T16:10:07.882844611Z: [    0.869660] NMI watchdog: Shutting down hard lockup detector on all cpus
[STDERR  ] 2017-11-13T16:10:07.882853564Z: [    0.873223] x86: Booted up 1 node, 1 CPUs
[STDERR  ] 2017-11-13T16:10:07.882861331Z: [    0.873654] smpboot: Total of 1 processors activated (5200.00 BogoMIPS)
[STDERR  ] 2017-11-13T16:10:07.882871954Z: [    0.888676] devtmpfs: initialized
[STDERR  ] 2017-11-13T16:10:07.882881578Z: [    0.895521] x86/mm: Memory block size: 128MB
[STDERR  ] 2017-11-13T16:10:07.882890277Z: [    0.972694] clocksource: jiffies: mask: 0xffffffff max_cycles: 0xffffffff, max_idle_ns: 19112604462750000 ns
[STDERR  ] 2017-11-13T16:10:07.882899755Z: [    0.973400] futex hash table entries: 256 (order: 2, 16384 bytes)
[STDERR  ] 2017-11-13T16:10:07.882908422Z: [    0.986750] NET: Registered protocol family 16
[STDERR  ] 2017-11-13T16:10:07.882917136Z: [    0.999515] cpuidle: using governor ladder
[STDERR  ] 2017-11-13T16:10:07.882925554Z: [    1.000264] cpuidle: using governor menu
[STDERR  ] 2017-11-13T16:10:07.882936238Z: [    1.001841] ACPI: bus type PCI registered
[STDERR  ] 2017-11-13T16:10:07.882952093Z: [    1.005357] PCI: MMCONFIG for domain 0000 [bus 00-ff] at [mem 0xb0000000-0xbfffffff] (base 0xb0000000)
[STDERR  ] 2017-11-13T16:10:07.882961291Z: [    1.006263] PCI: MMCONFIG at [mem 0xb0000000-0xbfffffff] reserved in E820
[STDERR  ] 2017-11-13T16:10:07.882970194Z: [    1.007672] PCI: Using configuration type 1 for base access
[STDERR  ] 2017-11-13T16:10:07.882978585Z: [    1.060673] HugeTLB registered 2 MB page size, pre-allocated 0 pages
[STDERR  ] 2017-11-13T16:10:07.882986988Z: [    1.072605] ACPI: Added _OSI(Module Device)
[STDERR  ] 2017-11-13T16:10:07.883004032Z: [    1.072978] ACPI: Added _OSI(Processor Device)
[STDERR  ] 2017-11-13T16:10:07.883015319Z: [    1.073246] ACPI: Added _OSI(3.0 _SCP Extensions)
[STDERR  ] 2017-11-13T16:10:07.883024591Z: [    1.073500] ACPI: Added _OSI(Processor Aggregator Device)
[STDERR  ] 2017-11-13T16:10:07.883035456Z: [    1.148458] ACPI: Interpreter enabled
[STDERR  ] 2017-11-13T16:10:07.88304488Z: [    1.149486] ACPI: (supports S0 S5)
[STDERR  ] 2017-11-13T16:10:07.883055432Z: [    1.150083] ACPI: Using IOAPIC for interrupt routing
[STDERR  ] 2017-11-13T16:10:07.883065007Z: [    1.152766] PCI: Using host bridge windows from ACPI; if necessary, use "pci=nocrs" and report a bug
[STDERR  ] 2017-11-13T16:10:07.883085827Z: [    1.216876] ACPI: PCI Root Bridge [PCI0] (domain 0000 [bus 00-ff])
[STDERR  ] 2017-11-13T16:10:07.88309546Z: [    1.218014] acpi PNP0A08:00: _OSC: OS supports [ExtendedConfig ASPM ClockPM Segments MSI]
[STDERR  ] 2017-11-13T16:10:07.883103788Z: [    1.224558] acpi PNP0A08:00: _OSC: OS now controls [PCIeHotplug PME PCIeCapability]
[STDERR  ] 2017-11-13T16:10:07.883111894Z: [    1.228440] PCI host bridge to bus 0000:00
[STDERR  ] 2017-11-13T16:10:07.883120543Z: [    1.229004] pci_bus 0000:00: root bus resource [io  0x0000-0x0cf7 window]
[STDERR  ] 2017-11-13T16:10:07.883128369Z: [    1.229402] pci_bus 0000:00: root bus resource [io  0x0d00-0xffff window]
[STDERR  ] 2017-11-13T16:10:07.883141036Z: [    1.229829] pci_bus 0000:00: root bus resource [mem 0x000a0000-0x000bffff window]
[STDERR  ] 2017-11-13T16:10:07.883148839Z: [    1.230107] pci_bus 0000:00: root bus resource [mem 0xc0000000-0xfebfffff window]
[STDERR  ] 2017-11-13T16:10:07.883161134Z: [    1.230739] pci_bus 0000:00: root bus resource [bus 00-ff]
[STDERR  ] 2017-11-13T16:10:07.88317121Z: [    1.376678] pci 0000:00:1f.0: quirk: [io  0x0600-0x067f] claimed by ICH6 ACPI/GPIO/TCO
[STDERR  ] 2017-11-13T16:10:07.883181101Z: [    1.461878] ACPI: PCI Interrupt Link [LNKA] (IRQs 5 *10 11)
[STDERR  ] 2017-11-13T16:10:07.883190577Z: [    1.464553] ACPI: PCI Interrupt Link [LNKB] (IRQs 5 *10 11)
[STDERR  ] 2017-11-13T16:10:07.883206223Z: [    1.466701] ACPI: PCI Interrupt Link [LNKC] (IRQs 5 10 *11)
[STDERR  ] 2017-11-13T16:10:07.88321462Z: [    1.470700] ACPI: PCI Interrupt Link [LNKD] (IRQs 5 10 *11)
[STDERR  ] 2017-11-13T16:10:07.883223162Z: [    1.472825] ACPI: PCI Interrupt Link [LNKE] (IRQs 5 *10 11)
[STDERR  ] 2017-11-13T16:10:07.88323174Z: [    1.474547] ACPI: PCI Interrupt Link [LNKF] (IRQs 5 *10 11)
[STDERR  ] 2017-11-13T16:10:07.883240208Z: [    1.476226] ACPI: PCI Interrupt Link [LNKG] (IRQs 5 10 *11)
[STDERR  ] 2017-11-13T16:10:07.883248642Z: [    1.477999] ACPI: PCI Interrupt Link [LNKH] (IRQs 5 10 *11)
[STDERR  ] 2017-11-13T16:10:07.88325703Z: [    1.478809] ACPI: PCI Interrupt Link [GSIA] (IRQs *16)
[STDERR  ] 2017-11-13T16:10:07.88326552Z: [    1.479495] ACPI: PCI Interrupt Link [GSIB] (IRQs *17)
[STDERR  ] 2017-11-13T16:10:07.883273987Z: [    1.480305] ACPI: PCI Interrupt Link [GSIC] (IRQs *18)
[STDERR  ] 2017-11-13T16:10:07.883282387Z: [    1.480989] ACPI: PCI Interrupt Link [GSID] (IRQs *19)
[STDERR  ] 2017-11-13T16:10:07.88329075Z: [    1.481733] ACPI: PCI Interrupt Link [GSIE] (IRQs *20)
[STDERR  ] 2017-11-13T16:10:07.883298961Z: [    1.482439] ACPI: PCI Interrupt Link [GSIF] (IRQs *21)
[STDERR  ] 2017-11-13T16:10:07.883307364Z: [    1.483093] ACPI: PCI Interrupt Link [GSIG] (IRQs *22)
[STDERR  ] 2017-11-13T16:10:07.883315812Z: [    1.483762] ACPI: PCI Interrupt Link [GSIH] (IRQs *23)
[STDERR  ] 2017-11-13T16:10:07.883324538Z: [    1.487553] ACPI: Enabled 2 GPEs in block 00 to 3F
[STDERR  ] 2017-11-13T16:10:07.88333293Z: [    1.493132] SCSI subsystem initialized
[STDERR  ] 2017-11-13T16:10:07.883341346Z: [    1.495774] ACPI: bus type USB registered
[STDERR  ] 2017-11-13T16:10:07.883349742Z: [    1.496819] usbcore: registered new interface driver usbfs
[STDERR  ] 2017-11-13T16:10:07.883358046Z: [    1.497794] usbcore: registered new interface driver hub
[STDERR  ] 2017-11-13T16:10:07.88336651Z: [    1.498662] usbcore: registered new device driver usb
[STDERR  ] 2017-11-13T16:10:07.883381186Z: [    1.499874] pps_core: LinuxPPS API ver. 1 registered
[STDERR  ] 2017-11-13T16:10:07.883389497Z: [    1.500349] pps_core: Software ver. 5.3.6 - Copyright 2005-2007 Rodolfo Giometti <giometti@linux.it>
[STDERR  ] 2017-11-13T16:10:07.883397877Z: [    1.501049] PTP clock support registered
[STDERR  ] 2017-11-13T16:10:07.883406089Z: [    1.502267] wmi: Mapper loaded
[STDERR  ] 2017-11-13T16:10:07.883415112Z: [    1.503459] PCI: Using ACPI for IRQ routing
[STDERR  ] 2017-11-13T16:10:07.88342334Z: [    1.532611] NetLabel: Initializing
[STDERR  ] 2017-11-13T16:10:07.883431479Z: [    1.532808] NetLabel:  domain hash size = 128
[STDERR  ] 2017-11-13T16:10:07.883439721Z: [    1.533093] NetLabel:  protocols = UNLABELED CIPSOv4
[STDERR  ] 2017-11-13T16:10:07.883447855Z: [    1.535714] NetLabel:  unlabeled traffic allowed by default
[STDERR  ] 2017-11-13T16:10:07.88345552Z: [    1.536885] HPET: 3 timers in total, 0 timers will be used for per-cpu timer
[STDERR  ] 2017-11-13T16:10:07.883463913Z: [    1.537684] hpet0: at MMIO 0xfed00000, IRQs 2, 8, 0
[STDERR  ] 2017-11-13T16:10:07.883471601Z: [    1.538154] hpet0: 3 comparators, 64-bit 100.000000 MHz counter
[STDERR  ] 2017-11-13T16:10:07.883479414Z: [    1.545864] clocksource: Switched to clocksource hpet
[STDERR  ] 2017-11-13T16:10:07.883494193Z: [    1.863855] VFS: Disk quotas dquot_6.6.0
[STDERR  ] 2017-11-13T16:10:07.883502061Z: [    1.864596] VFS: Dquot-cache hash table entries: 512 (order 0, 4096 bytes)
[STDERR  ] 2017-11-13T16:10:07.883510053Z: [    1.868273] FS-Cache: Loaded
[STDERR  ] 2017-11-13T16:10:07.883518178Z: [    1.873945] CacheFiles: Loaded
[STDERR  ] 2017-11-13T16:10:07.883529987Z: [    1.876261] pnp: PnP ACPI init
[STDERR  ] 2017-11-13T16:10:07.883537771Z: [    1.888100] pnp: PnP ACPI: found 5 devices
[STDERR  ] 2017-11-13T16:10:07.883545548Z: [    1.935403] clocksource: acpi_pm: mask: 0xffffff max_cycles: 0xffffff, max_idle_ns: 2085701024 ns
[STDERR  ] 2017-11-13T16:10:07.883559864Z: [    1.939359] NET: Registered protocol family 2
[STDERR  ] 2017-11-13T16:10:07.883568081Z: [    1.948075] TCP established hash table entries: 8192 (order: 4, 65536 bytes)
[STDERR  ] 2017-11-13T16:10:07.883576292Z: [    1.948884] TCP bind hash table entries: 8192 (order: 5, 131072 bytes)
[STDERR  ] 2017-11-13T16:10:07.883584753Z: [    1.949618] TCP: Hash tables configured (established 8192 bind 8192)
[STDERR  ] 2017-11-13T16:10:07.88359883Z: [    1.951848] UDP hash table entries: 512 (order: 2, 16384 bytes)
[STDERR  ] 2017-11-13T16:10:07.883608905Z: [    1.952396] UDP-Lite hash table entries: 512 (order: 2, 16384 bytes)
[STDERR  ] 2017-11-13T16:10:07.883617319Z: [    1.954835] NET: Registered protocol family 1
[STDERR  ] 2017-11-13T16:10:07.88363353Z: [    1.955845] pci 0000:00:01.0: Video device with shadowed ROM at [mem 0x000c0000-0x000dffff]
[STDERR  ] 2017-11-13T16:10:07.883641873Z: [    1.964679] Unpacking initramfs...
[STDERR  ] 2017-11-13T16:10:07.883650699Z: [   12.669929] Freeing initrd memory: 53672K
[STDERR  ] 2017-11-13T16:10:07.883659399Z: [   12.696586] PCLMULQDQ-NI instructions are not detected.
[STDERR  ] 2017-11-13T16:10:07.883668686Z: [   12.697947] AVX or AES-NI instructions are not detected.
[STDERR  ] 2017-11-13T16:10:07.8836762Z: [   12.698480] CPU feature 'AVX registers' is not supported.
[STDERR  ] 2017-11-13T16:10:07.88368379Z: [   12.698887] CPU feature 'AVX registers' is not supported.
[STDERR  ] 2017-11-13T16:10:07.883692153Z: [   12.699281] CPU feature 'AVX registers' is not supported.
[STDERR  ] 2017-11-13T16:10:07.883700741Z: [   12.699670] CPU feature 'AVX registers' is not supported.
[STDERR  ] 2017-11-13T16:10:07.883710499Z: [   12.699979] AVX2 or AES-NI instructions are not detected.
[STDERR  ] 2017-11-13T16:10:07.883719125Z: [   12.700785] AVX2 instructions are not detected.
[STDERR  ] 2017-11-13T16:10:07.883727393Z: [   12.707725] audit: initializing netlink subsys (disabled)
[STDERR  ] 2017-11-13T16:10:07.883736076Z: [   12.709645] audit: type=2000 audit(1510589358.700:1): initialized
[STDERR  ] 2017-11-13T16:10:07.883744465Z: [   12.719543] workingset: timestamp_bits=46 max_order=18 bucket_order=0
[STDERR  ] 2017-11-13T16:10:07.883753036Z: [   12.725642] squashfs: version 4.0 (2009/01/31) Phillip Lougher
[STDERR  ] 2017-11-13T16:10:07.883761381Z: [   12.732531] FS-Cache: Netfs 'cifs' registered for caching
[STDERR  ] 2017-11-13T16:10:07.883775323Z: [   12.733592] fuse init (API version 7.26)
[STDERR  ] 2017-11-13T16:10:07.883783939Z: [   12.736262] SGI XFS with ACLs, security attributes, no debug enabled
[STDERR  ] 2017-11-13T16:10:07.883792436Z: [   12.741230] 9p: Installing v9fs 9p2000 file system support
[STDERR  ] 2017-11-13T16:10:07.883801068Z: [   12.741747] FS-Cache: Netfs '9p' registered for caching
[STDERR  ] 2017-11-13T16:10:07.883809341Z: [   12.774592] NET: Registered protocol family 38
[STDERR  ] 2017-11-13T16:10:07.883818004Z: [   12.775145] Key type asymmetric registered
[STDERR  ] 2017-11-13T16:10:07.883831899Z: [   12.775509] Asymmetric key parser 'x509' registered
[STDERR  ] 2017-11-13T16:10:07.883840278Z: [   12.776554] Block layer SCSI generic (bsg) driver version 0.4 loaded (major 251)
[STDERR  ] 2017-11-13T16:10:07.883848607Z: [   12.778169] io scheduler noop registered
[STDERR  ] 2017-11-13T16:10:07.883856925Z: [   12.778528] io scheduler deadline registered (default)
[STDERR  ] 2017-11-13T16:10:07.883869067Z: [   12.779559] io scheduler cfq registered
[STDERR  ] 2017-11-13T16:10:07.883877425Z: [   12.783355] pci_hotplug: PCI Hot Plug PCI Core version: 0.5
[STDERR  ] 2017-11-13T16:10:07.883885821Z: [   12.784038] pciehp: PCI Express Hot Plug Controller Driver version: 0.4
[STDERR  ] 2017-11-13T16:10:07.883894242Z: [   12.784965] shpchp: Standard Hot Plug PCI Controller Driver version: 0.4
[STDERR  ] 2017-11-13T16:10:07.883905983Z: [   12.785742] hv_vmbus: registering driver hyperv_fb
[STDERR  ] 2017-11-13T16:10:07.883914453Z: [   12.789723] input: Power Button as /devices/LNXSYSTM:00/LNXPWRBN:00/input/input0
[STDERR  ] 2017-11-13T16:10:07.883922946Z: [   12.792993] ACPI: Power Button [PWRF]
[STDERR  ] 2017-11-13T16:10:07.883931369Z: [   12.797983] GHES: HEST is not enabled!
[STDERR  ] 2017-11-13T16:10:07.883939776Z: [   12.812281] ACPI: PCI Interrupt Link [GSIG] enabled at IRQ 22
[STDERR  ] 2017-11-13T16:10:07.883948118Z: [   12.829615] ACPI: PCI Interrupt Link [GSIH] enabled at IRQ 23
[STDERR  ] 2017-11-13T16:10:07.883956441Z: [   12.836071] xenfs: not registering filesystem on non-xen platform
[STDERR  ] 2017-11-13T16:10:07.883964739Z: [   12.838301] Serial: 8250/16550 driver, 4 ports, IRQ sharing disabled
[STDERR  ] 2017-11-13T16:10:07.883973098Z: [   12.863664] 00:04: ttyS0 at I/O 0x3f8 (irq = 4, base_baud = 115200) is a 16550A
[STDERR  ] 2017-11-13T16:10:07.883981467Z: [   12.878006] Non-volatile memory driver v1.3
[STDERR  ] 2017-11-13T16:10:07.883989786Z: [   12.886476] Hangcheck: starting hangcheck timer 0.9.1 (tick is 180 seconds, margin is 60 seconds).
[STDERR  ] 2017-11-13T16:10:07.883998257Z: [   12.890958] random: fast init done
[STDERR  ] 2017-11-13T16:10:07.884006661Z: [   12.892749] random: crng init done
[STDERR  ] 2017-11-13T16:10:07.884015011Z: [   12.936518] loop: module loaded
[STDERR  ] 2017-11-13T16:10:07.884023496Z: [   12.953676] nbd: registered device at major 43
[STDERR  ] 2017-11-13T16:10:07.884032011Z: [   13.006654] lpc_ich 0000:00:1f.0: I/O space for GPIO uninitialized
[STDERR  ] 2017-11-13T16:10:07.884040589Z: [   13.008994] VMware PVSCSI driver - version 1.0.7.0-k
[STDERR  ] 2017-11-13T16:10:07.884048936Z: [   13.009894] hv_vmbus: registering driver hv_storvsc
[STDERR  ] 2017-11-13T16:10:07.884057427Z: [   13.022467] ACPI: PCI Interrupt Link [GSIA] enabled at IRQ 16
[STDERR  ] 2017-11-13T16:10:07.884066294Z: [   13.030910] ahci 0000:00:1f.2: AHCI 0001.0000 32 slots 6 ports 1.5 Gbps 0x3f impl SATA mode
[STDERR  ] 2017-11-13T16:10:07.884081335Z: [   13.031640] ahci 0000:00:1f.2: flags: 64bit ncq only 
[STDERR  ] 2017-11-13T16:10:07.884089683Z: [   13.053999] scsi host0: ahci
[STDERR  ] 2017-11-13T16:10:07.884098133Z: [   13.059296] scsi host1: ahci
[STDERR  ] 2017-11-13T16:10:07.884107147Z: [   13.062900] scsi host2: ahci
[STDERR  ] 2017-11-13T16:10:07.884117789Z: [   13.065681] scsi host3: ahci
[STDERR  ] 2017-11-13T16:10:07.884126417Z: [   13.068103] scsi host4: ahci
[STDERR  ] 2017-11-13T16:10:07.884139912Z: [   13.070873] scsi host5: ahci
[STDERR  ] 2017-11-13T16:10:07.884154212Z: [   13.072789] ata1: SATA max UDMA/133 abar m4096@0xfebd2000 port 0xfebd2100 irq 24
[STDERR  ] 2017-11-13T16:10:07.884166333Z: [   13.073290] ata2: SATA max UDMA/133 abar m4096@0xfebd2000 port 0xfebd2180 irq 24
[STDERR  ] 2017-11-13T16:10:07.884174521Z: [   13.073719] ata3: SATA max UDMA/133 abar m4096@0xfebd2000 port 0xfebd2200 irq 24
[STDERR  ] 2017-11-13T16:10:07.884182788Z: [   13.074135] ata4: SATA max UDMA/133 abar m4096@0xfebd2000 port 0xfebd2280 irq 24
[STDERR  ] 2017-11-13T16:10:07.884191022Z: [   13.074561] ata5: SATA max UDMA/133 abar m4096@0xfebd2000 port 0xfebd2300 irq 24
[STDERR  ] 2017-11-13T16:10:07.884199302Z: [   13.074990] ata6: SATA max UDMA/133 abar m4096@0xfebd2000 port 0xfebd2380 irq 24
[STDERR  ] 2017-11-13T16:10:07.884213056Z: [   13.089755] tun: Universal TUN/TAP device driver, 1.6
[STDERR  ] 2017-11-13T16:10:07.884221753Z: [   13.090428] tun: (C) 1999-2004 Max Krasnyansky <maxk@qualcomm.com>
[STDERR  ] 2017-11-13T16:10:07.884230324Z: [   13.103196] VMware vmxnet3 virtual NIC driver - version 1.4.a.0-k-NAPI
[STDERR  ] 2017-11-13T16:10:07.88424258Z: [   13.104234] hv_vmbus: registering driver hv_netvsc
[STDERR  ] 2017-11-13T16:10:07.88425086Z: [   13.104585] Fusion MPT base driver 3.04.20
[STDERR  ] 2017-11-13T16:10:07.884258657Z: [   13.104829] Copyright (c) 1999-2008 LSI Corporation
[STDERR  ] 2017-11-13T16:10:07.884269406Z: [   13.105469] Fusion MPT SPI Host driver 3.04.20
[STDERR  ] 2017-11-13T16:10:07.884275041Z: [   13.107833] i8042: PNP: PS/2 Controller [PNP0303:KBD,PNP0f13:MOU] at 0x60,0x64 irq 1,12
[STDERR  ] 2017-11-13T16:10:07.884281181Z: [   13.112443] serio: i8042 KBD port at 0x60,0x64 irq 1
[STDERR  ] 2017-11-13T16:10:07.884286701Z: [   13.113108] serio: i8042 AUX port at 0x60,0x64 irq 12
[STDERR  ] 2017-11-13T16:10:07.884292227Z: [   13.116278] hv_vmbus: registering driver hyperv_keyboard
[STDERR  ] 2017-11-13T16:10:07.884302257Z: [   13.118721] mousedev: PS/2 mouse device common for all mice
[STDERR  ] 2017-11-13T16:10:07.884307832Z: [   13.124043] input: AT Translated Set 2 keyboard as /devices/platform/i8042/serio0/input/input1
[STDERR  ] 2017-11-13T16:10:07.884324228Z: [   13.127023] input: PC Speaker as /devices/platform/pcspkr/input/input2
[STDERR  ] 2017-11-13T16:10:07.884329883Z: [   13.131141] rtc_cmos 00:00: RTC can wake from S4
[STDERR  ] 2017-11-13T16:10:07.884335408Z: [   13.134754] rtc_cmos 00:00: rtc core: registered rtc_cmos as rtc0
[STDERR  ] 2017-11-13T16:10:07.884341016Z: [   13.135845] rtc_cmos 00:00: alarms up to one day, y3k, 114 bytes nvram, hpet irqs
[STDERR  ] 2017-11-13T16:10:07.884346703Z: [   13.136483] i2c /dev entries driver
[STDERR  ] 2017-11-13T16:10:07.884352335Z: [   13.138567] device-mapper: ioctl: 4.35.0-ioctl (2016-06-23) initialised: dm-devel@redhat.com
[STDERR  ] 2017-11-13T16:10:07.884358324Z: [   13.143739] usbcore: registered new interface driver usbhid
[STDERR  ] 2017-11-13T16:10:07.884363854Z: [   13.144110] usbhid: USB HID core driver
[STDERR  ] 2017-11-13T16:10:07.884369338Z: [   13.144713] hv_utils: Registering HyperV Utility Driver
[STDERR  ] 2017-11-13T16:10:07.884374832Z: [   13.145006] hv_vmbus: registering driver hv_util
[STDERR  ] 2017-11-13T16:10:07.884380259Z: [   13.145251] hv_vmbus: registering driver hv_balloon
[STDERR  ] 2017-11-13T16:10:07.884385756Z: [   13.145761] oprofile: using NMI interrupt.
[STDERR  ] 2017-11-13T16:10:07.884391227Z: [   13.146950] GACT probability on
[STDERR  ] 2017-11-13T16:10:07.884396845Z: [   13.147413] Mirror/redirect action on
[STDERR  ] 2017-11-13T16:10:07.884402505Z: [   13.148236] Simple TC action Loaded
[STDERR  ] 2017-11-13T16:10:07.884413368Z: [   13.148773] u32 classifier
[STDERR  ] 2017-11-13T16:10:07.884419155Z: [   13.148952]     Performance counters on
[STDERR  ] 2017-11-13T16:10:07.884424653Z: [   13.149182]     input device check on
[STDERR  ] 2017-11-13T16:10:07.884430469Z: [   13.149399]     Actions configured
[STDERR  ] 2017-11-13T16:10:07.884436005Z: [   13.149941] Netfilter messages via NETLINK v0.30.
[STDERR  ] 2017-11-13T16:10:07.884441608Z: [   13.150938] nfnl_acct: registering with nfnetlink.
[STDERR  ] 2017-11-13T16:10:07.88444735Z: [   13.152790] nf_conntrack version 0.5.0 (8192 buckets, 32768 max)
[STDERR  ] 2017-11-13T16:10:07.884452993Z: [   13.155674] ctnetlink v0.93: registering with nfnetlink.
[STDERR  ] 2017-11-13T16:10:07.884458504Z: [   13.158903] nf_tables: (c) 2007-2009 Patrick McHardy <kaber@trash.net>
[STDERR  ] 2017-11-13T16:10:07.88446405Z: [   13.159792] nf_tables_compat: (c) 2012 Pablo Neira Ayuso <pablo@netfilter.org>
[STDERR  ] 2017-11-13T16:10:07.88446972Z: [   13.162947] xt_time: kernel timezone is -0000
[STDERR  ] 2017-11-13T16:10:07.884475395Z: [   13.163523] ip_set: protocol 6
[STDERR  ] 2017-11-13T16:10:07.884481807Z: [   13.164180] IPVS: Registered protocols (TCP, UDP, SCTP, AH, ESP)
[STDERR  ] 2017-11-13T16:10:07.884490051Z: [   13.164953] IPVS: Connection hash table configured (size=4096, memory=64Kbytes)
[STDERR  ] 2017-11-13T16:10:07.884498421Z: [   13.166585] IPVS: Creating netns size=2104 id=0
[STDERR  ] 2017-11-13T16:10:07.88451345Z: [   13.169827] IPVS: ipvs loaded.
[STDERR  ] 2017-11-13T16:10:07.884521004Z: [   13.170767] IPVS: [rr] scheduler registered.
[STDERR  ] 2017-11-13T16:10:07.884526611Z: [   13.171061] IPVS: [wrr] scheduler registered.
[STDERR  ] 2017-11-13T16:10:07.884532699Z: [   13.171370] IPVS: [lc] scheduler registered.
[STDERR  ] 2017-11-13T16:10:07.884545784Z: [   13.171652] IPVS: [wlc] scheduler registered.
[STDERR  ] 2017-11-13T16:10:07.88455475Z: [   13.171922] IPVS: [fo] scheduler registered.
[STDERR  ] 2017-11-13T16:10:07.884560667Z: [   13.172149] IPVS: [ovf] scheduler registered.
[STDERR  ] 2017-11-13T16:10:07.884566354Z: [   13.172559] IPVS: [lblc] scheduler registered.
[STDERR  ] 2017-11-13T16:10:07.884572167Z: [   13.172975] IPVS: [lblcr] scheduler registered.
[STDERR  ] 2017-11-13T16:10:07.884577691Z: [   13.173211] IPVS: [dh] scheduler registered.
[STDERR  ] 2017-11-13T16:10:07.884583187Z: [   13.173479] IPVS: [sh] scheduler registered.
[STDERR  ] 2017-11-13T16:10:07.88458893Z: [   13.173741] IPVS: [sed] scheduler registered.
[STDERR  ] 2017-11-13T16:10:07.88459457Z: [   13.173990] IPVS: [nq] scheduler registered.
[STDERR  ] 2017-11-13T16:10:07.884604937Z: [   13.174714] IPVS: ftp: loaded support on port[0] = 21
[STDERR  ] 2017-11-13T16:10:07.884610741Z: [   13.175687] ipip: IPv4 and MPLS over IPv4 tunneling driver
[STDERR  ] 2017-11-13T16:10:07.884625439Z: [   13.181417] gre: GRE over IPv4 demultiplexor driver
[STDERR  ] 2017-11-13T16:10:07.884633493Z: [   13.184470] ip_tables: (C) 2000-2006 Netfilter Core Team
[STDERR  ] 2017-11-13T16:10:07.884649762Z: [   13.188400] ipt_CLUSTERIP: ClusterIP Version 0.8 loaded successfully
[STDERR  ] 2017-11-13T16:10:07.88466602Z: [   13.189248] arp_tables: arp_tables: (C) 2002 David S. Miller
[STDERR  ] 2017-11-13T16:10:07.88467449Z: [   13.192270] NET: Registered protocol family 10
[STDERR  ] 2017-11-13T16:10:07.884682637Z: [   13.204927] ip6_tables: (C) 2000-2006 Netfilter Core Team
[STDERR  ] 2017-11-13T16:10:07.884690777Z: [   13.214150] NET: Registered protocol family 17
[STDERR  ] 2017-11-13T16:10:07.884699792Z: [   13.215367] Bridge firewalling registered
[STDERR  ] 2017-11-13T16:10:07.884714273Z: [   13.215934] Ebtables v2.0 registered
[STDERR  ] 2017-11-13T16:10:07.884722425Z: [   13.218005] 8021q: 802.1Q VLAN Support v1.8
[STDERR  ] 2017-11-13T16:10:07.884730506Z: [   13.219799] 9pnet: Installing 9P2000 support
[STDERR  ] 2017-11-13T16:10:07.884742541Z: [   13.221815] Key type dns_resolver registered
[STDERR  ] 2017-11-13T16:10:07.884750209Z: [   13.222804] microcode: AMD CPU family 0x6 not supported
[STDERR  ] 2017-11-13T16:10:07.884758121Z: [   13.227521] registered taskstats version 1
[STDERR  ] 2017-11-13T16:10:07.884766055Z: [   13.415783] ata4: SATA link down (SStatus 0 SControl 300)
[STDERR  ] 2017-11-13T16:10:07.884779179Z: [   13.419123] ata3: SATA link up 1.5 Gbps (SStatus 113 SControl 300)
[STDERR  ] 2017-11-13T16:10:07.884787287Z: [   13.422522] ata6: SATA link down (SStatus 0 SControl 300)
[STDERR  ] 2017-11-13T16:10:07.884803089Z: [   13.423272] ata2: SATA link down (SStatus 0 SControl 300)
[STDERR  ] 2017-11-13T16:10:07.884811351Z: [   13.423773] ata1: SATA link down (SStatus 0 SControl 300)
[STDERR  ] 2017-11-13T16:10:07.884819801Z: [   13.424642] ata5: SATA link down (SStatus 0 SControl 300)
[STDERR  ] 2017-11-13T16:10:07.8848275Z: [   13.426581] ata3.00: ATAPI: QEMU DVD-ROM, 2.5+, max UDMA/100
[STDERR  ] 2017-11-13T16:10:07.884835726Z: [   13.426980] ata3.00: applying bridge limits
[STDERR  ] 2017-11-13T16:10:07.884843632Z: [   13.429126] ata3.00: configured for UDMA/100
[STDERR  ] 2017-11-13T16:10:07.884851496Z: [   13.456114] scsi 2:0:0:0: CD-ROM            QEMU     QEMU DVD-ROM     2.5+ PQ: 0 ANSI: 5
[STDERR  ] 2017-11-13T16:10:07.884859962Z: [   13.464089] Key type big_key registered
[STDERR  ] 2017-11-13T16:10:07.884867844Z: [   13.484232] sr 2:0:0:0: [sr0] scsi3-mmc drive: 4x/4x cd/rw xa/form2 tray
[STDERR  ] 2017-11-13T16:10:07.884875469Z: [   13.485089] cdrom: Uniform CD-ROM driver Revision: 3.20
[STDERR  ] 2017-11-13T16:10:07.884890274Z: [   13.502518] sr 2:0:0:0: Attached scsi generic sg0 type 5
[STDERR  ] 2017-11-13T16:10:07.884898854Z: [   13.620520] Key type encrypted registered
[STDERR  ] 2017-11-13T16:10:07.884907238Z: [   13.626388] rtc_cmos 00:00: setting system clock to 2017-11-13 16:09:20 UTC (1510589360)
[STDERR  ] 2017-11-13T16:10:07.884915465Z: [   13.807599] Freeing unused kernel memory: 1380K
[STDERR  ] 2017-11-13T16:10:07.884928344Z: [   13.807932] Write protecting the kernel read-only data: 12288k
[STDERR  ] 2017-11-13T16:10:07.88493426Z: [   13.810562] tsc: Refined TSC clocksource calibration: 2599.916 MHz
[STDERR  ] 2017-11-13T16:10:07.884940018Z: [   13.811134] clocksource: tsc: mask: 0xffffffffffffffff max_cycles: 0x2579eca4b71, max_idle_ns: 440795235316 ns
[STDERR  ] 2017-11-13T16:10:07.884946335Z: [   13.817115] Freeing unused kernel memory: 124K
[STDERR  ] 2017-11-13T16:10:07.884952063Z: [   13.925713] Freeing unused kernel memory: 1392K
[STDERR  ] 2017-11-13T16:10:07.88495768Z: [   14.831294] clocksource: Switched to clocksource tsc
[STDERR  ] 2017-11-13T16:10:07.884963371Z: 
[STDERR  ] 2017-11-13T16:10:07.884969779Z: Welcome to LinuxKit
[STDERR  ] 2017-11-13T16:10:07.884975682Z: 
[STDERR  ] 2017-11-13T16:10:07.88498169Z:                         ##         .
[STDERR  ] 2017-11-13T16:10:07.88498737Z:                   ## ## ##        ==
[STDERR  ] 2017-11-13T16:10:07.88499306Z:                ## ## ## ## ##    ===
[STDERR  ] 2017-11-13T16:10:07.884998618Z:            /"""""""""""""""""\___/ ===
[STDERR  ] 2017-11-13T16:10:07.885004336Z:           {                       /  ===-
[STDERR  ] 2017-11-13T16:10:07.885009954Z:            \______ O           __/
[STDERR  ] 2017-11-13T16:10:07.885015627Z:              \    \         __/
[STDERR  ] 2017-11-13T16:10:07.885021318Z:               \____\_______/
[STDERR  ] 2017-11-13T16:10:07.885026941Z: 
[STDERR  ] 2017-11-13T16:10:07.885032731Z: [   36.960671] 8021q: adding VLAN 0 to HW filter on device eth0
[STDERR  ] 2017-11-13T16:10:07.885038338Z: eth0: waiting for carrier
[STDERR  ] 2017-11-13T16:10:07.885043923Z: eth0: carrier acquired
[STDERR  ] 2017-11-13T16:10:07.88504942Z: DUID 00:01:00:01:21:9c:80:47:d2:9f:18:e9:40:0f
[STDERR  ] 2017-11-13T16:10:07.885055071Z: eth0: IAID 18:e9:40:0f
[STDERR  ] 2017-11-13T16:10:07.885060567Z: eth0: adding address fe80::13e6:857c:632f:5e24
[STDERR  ] 2017-11-13T16:10:07.885066123Z: eth0: soliciting an IPv6 router
[STDERR  ] 2017-11-13T16:10:07.88508574Z: eth0: soliciting a DHCP lease
[STDERR  ] 2017-11-13T16:10:07.885091427Z: eth0: offered 10.0.2.15 from 10.0.2.2
[STDERR  ] 2017-11-13T16:10:07.885097093Z: eth0: leased 10.0.2.15 for 86400 seconds
[STDERR  ] 2017-11-13T16:10:07.88510267Z: eth0: adding route to 10.0.2.0/24
[STDERR  ] 2017-11-13T16:10:07.885108281Z: eth0: adding default route via 10.0.2.2
[STDERR  ] 2017-11-13T16:10:07.88511386Z: exiting due to oneshot
[STDERR  ] 2017-11-13T16:10:07.885119492Z: dhcpcd exited
[STDERR  ] 2017-11-13T16:10:07.885125305Z: [   38.271185] IPVS: Creating netns size=2104 id=1
[STDERR  ] 2017-11-13T16:10:07.885130917Z: [   38.271790] IPVS: ftp: loaded support on port[0] = 21
[STDERR  ] 2017-11-13T16:10:07.885140083Z: [   39.151233] wireguard: loading out-of-tree module taints kernel.
[STDERR  ] 2017-11-13T16:10:07.885146092Z: [   39.180949] wireguard: WireGuard 0.0.20171101 loaded. See www.wireguard.com for information.
[STDERR  ] 2017-11-13T16:10:07.885151898Z: [   39.181554] wireguard: Copyright (C) 2015-2017 Jason A. Donenfeld <Jason@zx2c4.com>. All Rights Reserved.
[STDERR  ] 2017-11-13T16:10:07.885158054Z: Created interface wg0 type wireguard
[STDERR  ] 2017-11-13T16:10:07.885182117Z: Moved interface wg0 to pid 341
[STDERR  ] 2017-11-13T16:10:07.885192545Z: [#] wg setconf wg0 /dev/fd/63
[STDERR  ] 2017-11-13T16:10:07.885200683Z: [#] ip address add 192.168.2.1/24 dev wg0
[STDERR  ] 2017-11-13T16:10:07.885211913Z: [#] ip link set mtu 65456 dev wg0
[STDERR  ] 2017-11-13T16:10:07.885221573Z: [#] ip link set wg0 up
[STDERR  ] 2017-11-13T16:10:07.885230689Z: [#] ip route add 0.0.0.0/0 dev wg0
[STDERR  ] 2017-11-13T16:10:07.88524309Z: [   41.467138] IPVS: Creating netns size=2104 id=2
[STDERR  ] 2017-11-13T16:10:07.885252398Z: [   41.467752] IPVS: ftp: loaded support on port[0] = 21
[STDERR  ] 2017-11-13T16:10:07.885259868Z: Created interface wg1 type wireguard
[STDERR  ] 2017-11-13T16:10:07.885267542Z: Moved interface wg1 to pid 397
[STDERR  ] 2017-11-13T16:10:07.885279353Z: [#] wg setconf wg1 /dev/fd/63
[STDERR  ] 2017-11-13T16:10:07.885287204Z: [#] ip address add 192.168.2.2/24 dev wg1
[STDERR  ] 2017-11-13T16:10:07.885295896Z: [#] ip link set mtu 65456 dev wg1
[STDERR  ] 2017-11-13T16:10:07.885304335Z: [#] ip link set wg1 up
[STDERR  ] 2017-11-13T16:10:07.885311885Z: [#] ip route add 0.0.0.0/0 dev wg1
[STDERR  ] 2017-11-13T16:10:07.885324137Z: [34mINFO[0m[0000] starting containerd                           [34mmodule[0m=containerd [34mrevision[0m=2b8ed96d2a422bf205adcdfa05272dc12c81613b [34mversion[0m=v1.0.0-beta.3
[STDERR  ] 2017-11-13T16:10:07.885336157Z: [34mINFO[0m[0000] loading plugin "io.containerd.content.v1.content"...  [34mmodule[0m=containerd [34mtype[0m=io.containerd.content.v1
[STDERR  ] 2017-11-13T16:10:07.885345625Z: [34mINFO[0m[0000] loading plugin "io.containerd.snapshotter.v1.btrfs"...  [34mmodule[0m=containerd [34mtype[0m=io.containerd.snapshotter.v1
[STDERR  ] 2017-11-13T16:10:07.885355741Z: [33mWARN[0m[0000] failed to load plugin io.containerd.snapshotter.v1.btrfs  [33merror[0m="path /var/lib/containerd/io.containerd.snapshotter.v1.btrfs must be a btrfs filesystem to be used with the btrfs snapshotter" [33mmodule[0m=containerd
[STDERR  ] 2017-11-13T16:10:07.885365456Z: [34mINFO[0m[0000] loading plugin "io.containerd.snapshotter.v1.overlayfs"...  [34mmodule[0m=containerd [34mtype[0m=io.containerd.snapshotter.v1
[STDERR  ] 2017-11-13T16:10:07.885371974Z: [34mINFO[0m[0000] loading plugin "io.containerd.metadata.v1.bolt"...  [34mmodule[0m=containerd [34mtype[0m=io.containerd.metadata.v1
[STDERR  ] 2017-11-13T16:10:07.885380867Z: [33mWARN[0m[0000] could not use snapshotter btrfs in metadata plugin  [33merror[0m="path /var/lib/containerd/io.containerd.snapshotter.v1.btrfs must be a btrfs filesystem to be used with the btrfs snapshotter" [33mmodule[0m="containerd/io.containerd.metadata.v1.bolt"
[STDERR  ] 2017-11-13T16:10:07.885386758Z: [34mINFO[0m[0000] loading plugin "io.containerd.differ.v1.walking"...  [34mmodule[0m=containerd [34mtype[0m=io.containerd.differ.v1
[STDERR  ] 2017-11-13T16:10:07.88539247Z: [34mINFO[0m[0000] loading plugin "io.containerd.grpc.v1.containers"...  [34mmodule[0m=containerd [34mtype[0m=io.containerd.grpc.v1
[STDERR  ] 2017-11-13T16:10:07.885398228Z: [34mINFO[0m[0000] loading plugin "io.containerd.grpc.v1.content"...  [34mmodule[0m=containerd [34mtype[0m=io.containerd.grpc.v1
[STDERR  ] 2017-11-13T16:10:07.885405912Z: [34mINFO[0m[0000] loading plugin "io.containerd.grpc.v1.diff"...  [34mmodule[0m=containerd [34mtype[0m=io.containerd.grpc.v1
[STDERR  ] 2017-11-13T16:10:07.885412155Z: [34mINFO[0m[0000] loading plugin "io.containerd.grpc.v1.events"...  [34mmodule[0m=containerd [34mtype[0m=io.containerd.grpc.v1
[STDERR  ] 2017-11-13T16:10:07.885419977Z: [34mINFO[0m[0000] loading plugin "io.containerd.grpc.v1.healthcheck"...  [34mmodule[0m=containerd [34mtype[0m=io.containerd.grpc.v1
[STDERR  ] 2017-11-13T16:10:07.885425625Z: [34mINFO[0m[0000] loading plugin "io.containerd.grpc.v1.images"...  [34mmodule[0m=containerd [34mtype[0m=io.containerd.grpc.v1
[STDERR  ] 2017-11-13T16:10:07.885431253Z: [34mINFO[0m[0000] loading plugin "io.containerd.grpc.v1.leases"...  [34mmodule[0m=containerd [34mtype[0m=io.containerd.grpc.v1
[STDERR  ] 2017-11-13T16:10:07.885436938Z: [34mINFO[0m[0000] loading plugin "io.containerd.grpc.v1.namespaces"...  [34mmodule[0m=containerd [34mtype[0m=io.containerd.grpc.v1
[STDERR  ] 2017-11-13T16:10:07.88544258Z: [34mINFO[0m[0000] loading plugin "io.containerd.grpc.v1.snapshots"...  [34mmodule[0m=containerd [34mtype[0m=io.containerd.grpc.v1
[STDERR  ] 2017-11-13T16:10:07.885452454Z: [34mINFO[0m[0000] loading plugin "io.containerd.monitor.v1.cgroups"...  [34mmodule[0m=containerd [34mtype[0m=io.containerd.monitor.v1
[STDERR  ] 2017-11-13T16:10:07.885458225Z: [34mINFO[0m[0000] loading plugin "io.containerd.runtime.v1.linux"...  [34mmodule[0m=containerd [34mtype[0m=io.containerd.runtime.v1
[STDERR  ] 2017-11-13T16:10:07.885467178Z: [34mINFO[0m[0000] loading plugin "io.containerd.grpc.v1.tasks"...  [34mmodule[0m=containerd [34mtype[0m=io.containerd.grpc.v1
[STDERR  ] 2017-11-13T16:10:07.885472867Z: [34mINFO[0m[0000] loading plugin "io.containerd.grpc.v1.version"...  [34mmodule[0m=containerd [34mtype[0m=io.containerd.grpc.v1
[STDERR  ] 2017-11-13T16:10:07.885478565Z: [34mINFO[0m[0000] loading plugin "io.containerd.grpc.v1.introspection"...  [34mmodule[0m=containerd [34mtype[0m=io.containerd.grpc.v1
[STDERR  ] 2017-11-13T16:10:07.885484628Z: [34mINFO[0m[0000] serving...                                    [34maddress[0m="/run/containerd/debug.sock" [34mmodule[0m="containerd/debug"
[STDERR  ] 2017-11-13T16:10:07.885490307Z: [34mINFO[0m[0000] serving...                                    [34maddress[0m="/run/containerd/containerd.sock" [34mmodule[0m="containerd/grpc"
[STDERR  ] 2017-11-13T16:10:07.885496192Z: [34mINFO[0m[0000] containerd successfully booted in 0.218402s   [34mmodule[0m=containerd
[STDERR  ] 2017-11-13T16:10:07.885501955Z: [34mINFO[0m[0000] shim containerd-shim started                  [34maddress[0m="/containerd-shim/default/nginx/shim.sock" [34mdebug[0m=false [34mmodule[0m="containerd/tasks" [34mpid[0m=449
[STDERR  ] 2017-11-13T16:10:07.885510495Z: [34mINFO[0m[0004] shim containerd-shim started                  [34maddress[0m="/containerd-shim/default/test/shim.sock" [34mdebug[0m=false [34mmodule[0m="containerd/tasks" [34mpid[0m=483
[STDERR  ] 2017-11-13T16:10:07.885516292Z: wireguard test suite PASSED
[STDERR  ] 2017-11-13T16:10:07.885522184Z: [   60.401964] ACPI: Preparing to enter system sleep state S5
[STDERR  ] 2017-11-13T16:10:07.885528252Z: [   60.407874] reboot: Power down
[STDERR  ] 2017-11-13T16:10:07.88553383Z: + echo [    0.000000] Linux version 4.9.60-linuxkit (root@82cddbd9179e) (gcc version 6.3.0 (Alpine 6.3.0) ) #1 SMP Thu Nov 2 16:36:48 UTC 2017
[STDERR  ] 2017-11-13T16:10:07.88553953Z: [    0.000000] Command line: console=ttyS0
[STDERR  ] 2017-11-13T16:10:07.885545173Z: [    0.000000] x86/fpu: Legacy x87 FPU detected.
[STDERR  ] 2017-11-13T16:10:07.885550711Z: [    0.000000] x86/fpu: Using 'eager' FPU context switches.
[STDERR  ] 2017-11-13T16:10:07.885556381Z: [    0.000000] e820: BIOS-provided physical RAM map:
[STDERR  ] 2017-11-13T16:10:07.885561926Z: [    0.000000] BIOS-e820: [mem 0x0000000000000000-0x000000000009fbff] usable
[STDERR  ] 2017-11-13T16:10:07.885567792Z: [    0.000000] BIOS-e820: [mem 0x000000000009fc00-0x000000000009ffff] reserved
[STDERR  ] 2017-11-13T16:10:07.88557342Z: [    0.000000] BIOS-e820: [mem 0x00000000000f0000-0x00000000000fffff] reserved
[STDERR  ] 2017-11-13T16:10:07.885579035Z: [    0.000000] BIOS-e820: [mem 0x0000000000100000-0x000000003ffdefff] usable
[STDERR  ] 2017-11-13T16:10:07.885586302Z: [    0.000000] BIOS-e820: [mem 0x000000003ffdf000-0x000000003fffffff] reserved
[STDERR  ] 2017-11-13T16:10:07.88559186Z: [    0.000000] BIOS-e820: [mem 0x00000000b0000000-0x00000000bfffffff] reserved
[STDERR  ] 2017-11-13T16:10:07.88560022Z: [    0.000000] BIOS-e820: [mem 0x00000000fed1c000-0x00000000fed1ffff] reserved
[STDERR  ] 2017-11-13T16:10:07.885605882Z: [    0.000000] BIOS-e820: [mem 0x00000000fffc0000-0x00000000ffffffff] reserved
[STDERR  ] 2017-11-13T16:10:07.885611479Z: [    0.000000] NX (Execute Disable) protection: active
[STDERR  ] 2017-11-13T16:10:07.885617096Z: [    0.000000] SMBIOS 2.8 present.
[STDERR  ] 2017-11-13T16:10:07.885624998Z: [    0.000000] e820: last_pfn = 0x3ffdf max_arch_pfn = 0x400000000
[STDERR  ] 2017-11-13T16:10:07.885631023Z: [    0.000000] x86/PAT: Configuration [0-7]: WB  WC  UC- UC  WB  WC  UC- WT  
[STDERR  ] 2017-11-13T16:10:07.885640587Z: [    0.000000] found SMP MP-table at [mem 0x000f6aa0-0x000f6aaf] mapped at [ffff94d8c00f6aa0]
[STDERR  ] 2017-11-13T16:10:07.88564832Z: [    0.000000] RAMDISK: [mem 0x3cb66000-0x3ffcffff]
[STDERR  ] 2017-11-13T16:10:07.885654073Z: [    0.000000] ACPI: Early table checksum verification disabled
[STDERR  ] 2017-11-13T16:10:07.885665249Z: [    0.000000] ACPI: RSDP 0x00000000000F68C0 000014 (v00 BOCHS )
[STDERR  ] 2017-11-13T16:10:07.885670894Z: [    0.000000] ACPI: RSDT 0x000000003FFE2404 000034 (v01 BOCHS  BXPCRSDT 00000001 BXPC 00000001)
[STDERR  ] 2017-11-13T16:10:07.885676551Z: [    0.000000] ACPI: FACP 0x000000003FFE22A4 000074 (v01 BOCHS  BXPCFACP 00000001 BXPC 00000001)
[STDERR  ] 2017-11-13T16:10:07.885682226Z: [    0.000000] ACPI: DSDT 0x000000003FFE0040 002264 (v01 BOCHS  BXPCDSDT 00000001 BXPC 00000001)
[STDERR  ] 2017-11-13T16:10:07.885689271Z: [    0.000000] ACPI: FACS 0x000000003FFE0000 000040
[STDERR  ] 2017-11-13T16:10:07.885695012Z: [    0.000000] ACPI: APIC 0x000000003FFE2318 000078 (v01 BOCHS  BXPCAPIC 00000001 BXPC 00000001)
[STDERR  ] 2017-11-13T16:10:07.885700588Z: [    0.000000] ACPI: HPET 0x000000003FFE2390 000038 (v01 BOCHS  BXPCHPET 00000001 BXPC 00000001)
[STDERR  ] 2017-11-13T16:10:07.885706152Z: [    0.000000] ACPI: MCFG 0x000000003FFE23C8 00003C (v01 BOCHS  BXPCMCFG 00000001 BXPC 00000001)
[STDERR  ] 2017-11-13T16:10:07.885711739Z: [    0.000000] Zone ranges:
[STDERR  ] 2017-11-13T16:10:07.885717435Z: [    0.000000]   DMA      [mem 0x0000000000001000-0x0000000000ffffff]
[STDERR  ] 2017-11-13T16:10:07.885723123Z: [    0.000000]   DMA32    [mem 0x0000000001000000-0x000000003ffdefff]
[STDERR  ] 2017-11-13T16:10:07.885728758Z: [    0.000000]   Normal   empty
[STDERR  ] 2017-11-13T16:10:07.885734693Z: [    0.000000] Movable zone start for each node
[STDERR  ] 2017-11-13T16:10:07.885740309Z: [    0.000000] Early memory node ranges
[STDERR  ] 2017-11-13T16:10:07.885745918Z: [    0.000000]   node   0: [mem 0x0000000000001000-0x000000000009efff]
[STDERR  ] 2017-11-13T16:10:07.885751535Z: [    0.000000]   node   0: [mem 0x0000000000100000-0x000000003ffdefff]
[STDERR  ] 2017-11-13T16:10:07.885757284Z: [    0.000000] Initmem setup node 0 [mem 0x0000000000001000-0x000000003ffdefff]
[STDERR  ] 2017-11-13T16:10:07.885762877Z: [    0.000000] ACPI: PM-Timer IO Port: 0x608
[STDERR  ] 2017-11-13T16:10:07.885768474Z: [    0.000000] ACPI: LAPIC_NMI (acpi_id[0xff] dfl dfl lint[0x1])
[STDERR  ] 2017-11-13T16:10:07.885779079Z: [    0.000000] IOAPIC[0]: apic_id 0, version 32, address 0xfec00000, GSI 0-23
[STDERR  ] 2017-11-13T16:10:07.885784812Z: [    0.000000] ACPI: INT_SRC_OVR (bus 0 bus_irq 0 global_irq 2 dfl dfl)
[STDERR  ] 2017-11-13T16:10:07.885790411Z: [    0.000000] ACPI: INT_SRC_OVR (bus 0 bus_irq 5 global_irq 5 high level)
[STDERR  ] 2017-11-13T16:10:07.885795964Z: [    0.000000] ACPI: INT_SRC_OVR (bus 0 bus_irq 9 global_irq 9 high level)
[STDERR  ] 2017-11-13T16:10:07.885801548Z: [    0.000000] ACPI: INT_SRC_OVR (bus 0 bus_irq 10 global_irq 10 high level)
[STDERR  ] 2017-11-13T16:10:07.885807128Z: [    0.000000] ACPI: INT_SRC_OVR (bus 0 bus_irq 11 global_irq 11 high level)
[STDERR  ] 2017-11-13T16:10:07.885812654Z: [    0.000000] Using ACPI (MADT) for SMP configuration information
[STDERR  ] 2017-11-13T16:10:07.885818244Z: [    0.000000] ACPI: HPET id: 0x8086a201 base: 0xfed00000
[STDERR  ] 2017-11-13T16:10:07.885823892Z: [    0.000000] smpboot: Allowing 1 CPUs, 0 hotplug CPUs
[STDERR  ] 2017-11-13T16:10:07.885829432Z: [    0.000000] e820: [mem 0x40000000-0xafffffff] available for PCI devices
[STDERR  ] 2017-11-13T16:10:07.885835049Z: [    0.000000] Booting paravirtualized kernel on bare hardware
[STDERR  ] 2017-11-13T16:10:07.88584066Z: [    0.000000] clocksource: refined-jiffies: mask: 0xffffffff max_cycles: 0xffffffff, max_idle_ns: 19112604462750000 ns
[STDERR  ] 2017-11-13T16:10:07.885848188Z: [    0.000000] setup_percpu: NR_CPUS:128 nr_cpumask_bits:128 nr_cpu_ids:1 nr_node_ids:1
[STDERR  ] 2017-11-13T16:10:07.88585389Z: [    0.000000] percpu: Embedded 35 pages/cpu @ffff94d8fc800000 s105112 r8192 d30056 u2097152
[STDERR  ] 2017-11-13T16:10:07.885862514Z: [    0.000000] Built 1 zonelists in Zone order, mobility grouping on.  Total pages: 257896
[STDERR  ] 2017-11-13T16:10:07.885868207Z: [    0.000000] Kernel command line: console=ttyS0
[STDERR  ] 2017-11-13T16:10:07.885873828Z: [    0.000000] PID hash table entries: 4096 (order: 3, 32768 bytes)
[STDERR  ] 2017-11-13T16:10:07.885882892Z: [    0.000000] Dentry cache hash table entries: 131072 (order: 8, 1048576 bytes)
[STDERR  ] 2017-11-13T16:10:07.885893835Z: [    0.000000] Inode-cache hash table entries: 65536 (order: 7, 524288 bytes)
[STDERR  ] 2017-11-13T16:10:07.885899481Z: [    0.000000] Memory: 960500K/1048052K available (8053K kernel code, 1367K rwdata, 2704K rodata, 1380K init, 568K bss, 87552K reserved, 0K cma-reserved)
[STDERR  ] 2017-11-13T16:10:07.885905831Z: [    0.000000] Hierarchical RCU implementation.
[STDERR  ] 2017-11-13T16:10:07.88591156Z: [    0.000000] 	Build-time adjustment of leaf fanout to 64.
[STDERR  ] 2017-11-13T16:10:07.885917212Z: [    0.000000] 	RCU restricting CPUs from NR_CPUS=128 to nr_cpu_ids=1.
[STDERR  ] 2017-11-13T16:10:07.885922802Z: [    0.000000] RCU: Adjusting geometry for rcu_fanout_leaf=64, nr_cpu_ids=1
[STDERR  ] 2017-11-13T16:10:07.885928375Z: [    0.000000] NR_IRQS:8448 nr_irqs:256 16
[STDERR  ] 2017-11-13T16:10:07.885934039Z: [    0.000000] Console: colour VGA+ 80x25
[STDERR  ] 2017-11-13T16:10:07.885939554Z: [    0.000000] console [ttyS0] enabled
[STDERR  ] 2017-11-13T16:10:07.885945087Z: [    0.000000] clocksource: hpet: mask: 0xffffffff max_cycles: 0xffffffff, max_idle_ns: 19112604467 ns
[STDERR  ] 2017-11-13T16:10:07.885951098Z: [    0.000000] tsc: Unable to calibrate against PIT
[STDERR  ] 2017-11-13T16:10:07.885956673Z: [    0.000000] tsc: using HPET reference calibration
[STDERR  ] 2017-11-13T16:10:07.885963418Z: [    0.000000] tsc: Detected 2600.002 MHz processor
[STDERR  ] 2017-11-13T16:10:07.885974142Z: [    0.042339] Calibrating delay loop (skipped), value calculated using timer frequency.. 5200.00 BogoMIPS (lpj=26000020)
[STDERR  ] 2017-11-13T16:10:07.885979817Z: [    0.043551] pid_max: default: 32768 minimum: 301
[STDERR  ] 2017-11-13T16:10:07.885985491Z: [    0.044598] ACPI: Core revision 20160831
[STDERR  ] 2017-11-13T16:10:07.885991065Z: [    0.098516] ACPI: 1 ACPI AML tables successfully acquired and loaded
[STDERR  ] 2017-11-13T16:10:07.885996664Z: [    0.103559] Security Framework initialized
[STDERR  ] 2017-11-13T16:10:07.886002246Z: [    0.104028] Yama: becoming mindful.
[STDERR  ] 2017-11-13T16:10:07.88600784Z: [    0.106212] Mount-cache hash table entries: 2048 (order: 2, 16384 bytes)
[STDERR  ] 2017-11-13T16:10:07.886013463Z: [    0.106799] Mountpoint-cache hash table entries: 2048 (order: 2, 16384 bytes)
[STDERR  ] 2017-11-13T16:10:07.886019068Z: [    0.135520] Last level iTLB entries: 4KB 0, 2MB 0, 4MB 0
[STDERR  ] 2017-11-13T16:10:07.8860295Z: [    0.136078] Last level dTLB entries: 4KB 0, 2MB 0, 4MB 0, 1GB 0
[STDERR  ] 2017-11-13T16:10:07.886035139Z: [    0.515574] Freeing SMP alternatives memory: 20K
[STDERR  ] 2017-11-13T16:10:07.886040651Z: [    0.526615] ftrace: allocating 35584 entries in 140 pages
[STDERR  ] 2017-11-13T16:10:07.886046249Z: [    0.746947] smpboot: Max logical packages: 1
[STDERR  ] 2017-11-13T16:10:07.886051756Z: [    0.756046] ..TIMER: vector=0x30 apic1=0 pin1=2 apic2=-1 pin2=-1
[STDERR  ] 2017-11-13T16:10:07.886057386Z: [    0.860000] APIC calibration not consistent with PM-Timer: 101ms instead of 100ms
[STDERR  ] 2017-11-13T16:10:07.886062983Z: [    0.860000] APIC delta adjusted to PM-Timer: 6249984 (6333183)
[STDERR  ] 2017-11-13T16:10:07.886078782Z: [    0.860000] smpboot: CPU0: AMD QEMU Virtual CPU version 2.5+ (family: 0x6, model: 0x6, stepping: 0x3)
[STDERR  ] 2017-11-13T16:10:07.886085091Z: [    0.860000] Performance Events: PMU not available due to virtualization, using software events only.
[STDERR  ] 2017-11-13T16:10:07.886091908Z: [    0.869194] NMI watchdog: disabled (cpu0): hardware events not enabled
[STDERR  ] 2017-11-13T16:10:07.886100664Z: [    0.869660] NMI watchdog: Shutting down hard lockup detector on all cpus
[STDERR  ] 2017-11-13T16:10:07.886106451Z: [    0.873223] x86: Booted up 1 node, 1 CPUs
[STDERR  ] 2017-11-13T16:10:07.886112118Z: [    0.873654] smpboot: Total of 1 processors activated (5200.00 BogoMIPS)
[STDERR  ] 2017-11-13T16:10:07.886117811Z: [    0.888676] devtmpfs: initialized
[STDERR  ] 2017-11-13T16:10:07.886126779Z: [    0.895521] x86/mm: Memory block size: 128MB
[STDERR  ] 2017-11-13T16:10:07.886132482Z: [    0.972694] clocksource: jiffies: mask: 0xffffffff max_cycles: 0xffffffff, max_idle_ns: 19112604462750000 ns
[STDERR  ] 2017-11-13T16:10:07.886144436Z: [    0.973400] futex hash table entries: 256 (order: 2, 16384 bytes)
[STDERR  ] 2017-11-13T16:10:07.8861501Z: [    0.986750] NET: Registered protocol family 16
[STDERR  ] 2017-11-13T16:10:07.88615569Z: [    0.999515] cpuidle: using governor ladder
[STDERR  ] 2017-11-13T16:10:07.886161476Z: [    1.000264] cpuidle: using governor menu
[STDERR  ] 2017-11-13T16:10:07.886167074Z: [    1.001841] ACPI: bus type PCI registered
[STDERR  ] 2017-11-13T16:10:07.886172703Z: [    1.005357] PCI: MMCONFIG for domain 0000 [bus 00-ff] at [mem 0xb0000000-0xbfffffff] (base 0xb0000000)
[STDERR  ] 2017-11-13T16:10:07.886178317Z: [    1.006263] PCI: MMCONFIG at [mem 0xb0000000-0xbfffffff] reserved in E820
[STDERR  ] 2017-11-13T16:10:07.886183908Z: [    1.007672] PCI: Using configuration type 1 for base access
[STDERR  ] 2017-11-13T16:10:07.886189595Z: [    1.060673] HugeTLB registered 2 MB page size, pre-allocated 0 pages
[STDERR  ] 2017-11-13T16:10:07.886195202Z: [    1.072605] ACPI: Added _OSI(Module Device)
[STDERR  ] 2017-11-13T16:10:07.886200795Z: [    1.072978] ACPI: Added _OSI(Processor Device)
[STDERR  ] 2017-11-13T16:10:07.886206329Z: [    1.073246] ACPI: Added _OSI(3.0 _SCP Extensions)
[STDERR  ] 2017-11-13T16:10:07.886211972Z: [    1.073500] ACPI: Added _OSI(Processor Aggregator Device)
[STDERR  ] 2017-11-13T16:10:07.886217541Z: [    1.148458] ACPI: Interpreter enabled
[STDERR  ] 2017-11-13T16:10:07.886223141Z: [    1.149486] ACPI: (supports S0 S5)
[STDERR  ] 2017-11-13T16:10:07.886228858Z: [    1.150083] ACPI: Using IOAPIC for interrupt routing
[STDERR  ] 2017-11-13T16:10:07.886240515Z: [    1.152766] PCI: Using host bridge windows from ACPI; if necessary, use "pci=nocrs" and report a bug
[STDERR  ] 2017-11-13T16:10:07.886246419Z: [    1.216876] ACPI: PCI Root Bridge [PCI0] (domain 0000 [bus 00-ff])
[STDERR  ] 2017-11-13T16:10:07.886252026Z: [    1.218014] acpi PNP0A08:00: _OSC: OS supports [ExtendedConfig ASPM ClockPM Segments MSI]
[STDERR  ] 2017-11-13T16:10:07.886257638Z: [    1.224558] acpi PNP0A08:00: _OSC: OS now controls [PCIeHotplug PME PCIeCapability]
[STDERR  ] 2017-11-13T16:10:07.886263385Z: [    1.228440] PCI host bridge to bus 0000:00
[STDERR  ] 2017-11-13T16:10:07.886268934Z: [    1.229004] pci_bus 0000:00: root bus resource [io  0x0000-0x0cf7 window]
[STDERR  ] 2017-11-13T16:10:07.8862745Z: [    1.229402] pci_bus 0000:00: root bus resource [io  0x0d00-0xffff window]
[STDERR  ] 2017-11-13T16:10:07.886280133Z: [    1.229829] pci_bus 0000:00: root bus resource [mem 0x000a0000-0x000bffff window]
[STDERR  ] 2017-11-13T16:10:07.886291557Z: [    1.230107] pci_bus 0000:00: root bus resource [mem 0xc0000000-0xfebfffff window]
[STDERR  ] 2017-11-13T16:10:07.886297079Z: [    1.230739] pci_bus 0000:00: root bus resource [bus 00-ff]
[STDERR  ] 2017-11-13T16:10:07.886302597Z: [    1.376678] pci 0000:00:1f.0: quirk: [io  0x0600-0x067f] claimed by ICH6 ACPI/GPIO/TCO
[STDERR  ] 2017-11-13T16:10:07.886308185Z: [    1.461878] ACPI: PCI Interrupt Link [LNKA] (IRQs 5 *10 11)
[STDERR  ] 2017-11-13T16:10:07.886313741Z: [    1.464553] ACPI: PCI Interrupt Link [LNKB] (IRQs 5 *10 11)
[STDERR  ] 2017-11-13T16:10:07.886319329Z: [    1.466701] ACPI: PCI Interrupt Link [LNKC] (IRQs 5 10 *11)
[STDERR  ] 2017-11-13T16:10:07.886324849Z: [    1.470700] ACPI: PCI Interrupt Link [LNKD] (IRQs 5 10 *11)
[STDERR  ] 2017-11-13T16:10:07.886330393Z: [    1.472825] ACPI: PCI Interrupt Link [LNKE] (IRQs 5 *10 11)
[STDERR  ] 2017-11-13T16:10:07.886338688Z: [    1.474547] ACPI: PCI Interrupt Link [LNKF] (IRQs 5 *10 11)
[STDERR  ] 2017-11-13T16:10:07.886344328Z: [    1.476226] ACPI: PCI Interrupt Link [LNKG] (IRQs 5 10 *11)
[STDERR  ] 2017-11-13T16:10:07.886349846Z: [    1.477999] ACPI: PCI Interrupt Link [LNKH] (IRQs 5 10 *11)
[STDERR  ] 2017-11-13T16:10:07.886360914Z: [    1.478809] ACPI: PCI Interrupt Link [GSIA] (IRQs *16)
[STDERR  ] 2017-11-13T16:10:07.88636649Z: [    1.479495] ACPI: PCI Interrupt Link [GSIB] (IRQs *17)
[STDERR  ] 2017-11-13T16:10:07.886372117Z: [    1.480305] ACPI: PCI Interrupt Link [GSIC] (IRQs *18)
[STDERR  ] 2017-11-13T16:10:07.886377663Z: [    1.480989] ACPI: PCI Interrupt Link [GSID] (IRQs *19)
[STDERR  ] 2017-11-13T16:10:07.886383188Z: [    1.481733] ACPI: PCI Interrupt Link [GSIE] (IRQs *20)
[STDERR  ] 2017-11-13T16:10:07.886388791Z: [    1.482439] ACPI: PCI Interrupt Link [GSIF] (IRQs *21)
[STDERR  ] 2017-11-13T16:10:07.886398918Z: [    1.483093] ACPI: PCI Interrupt Link [GSIG] (IRQs *22)
[STDERR  ] 2017-11-13T16:10:07.8864192Z: [    1.483762] ACPI: PCI Interrupt Link [GSIH] (IRQs *23)
[STDERR  ] 2017-11-13T16:10:07.886424913Z: [    1.487553] ACPI: Enabled 2 GPEs in block 00 to 3F
[STDERR  ] 2017-11-13T16:10:07.886434648Z: [    1.493132] SCSI subsystem initialized
[STDERR  ] 2017-11-13T16:10:07.886440322Z: [    1.495774] ACPI: bus type USB registered
[STDERR  ] 2017-11-13T16:10:07.886451125Z: [    1.496819] usbcore: registered new interface driver usbfs
[STDERR  ] 2017-11-13T16:10:07.886456688Z: [    1.497794] usbcore: registered new interface driver hub
[STDERR  ] 2017-11-13T16:10:07.886467686Z: [    1.498662] usbcore: registered new device driver usb
[STDERR  ] 2017-11-13T16:10:07.886473387Z: [    1.499874] pps_core: LinuxPPS API ver. 1 registered
[STDERR  ] 2017-11-13T16:10:07.886482873Z: [    1.500349] pps_core: Software ver. 5.3.6 - Copyright 2005-2007 Rodolfo Giometti <giometti@linux.it>
[STDERR  ] 2017-11-13T16:10:07.886488582Z: [    1.501049] PTP clock support registered
[STDERR  ] 2017-11-13T16:10:07.886494236Z: [    1.502267] wmi: Mapper loaded
[STDERR  ] 2017-11-13T16:10:07.886506297Z: [    1.503459] PCI: Using ACPI for IRQ routing
[STDERR  ] 2017-11-13T16:10:07.886511982Z: [    1.532611] NetLabel: Initializing
[STDERR  ] 2017-11-13T16:10:07.886517559Z: [    1.532808] NetLabel:  domain hash size = 128
[STDERR  ] 2017-11-13T16:10:07.886523188Z: [    1.533093] NetLabel:  protocols = UNLABELED CIPSOv4
[STDERR  ] 2017-11-13T16:10:07.886528753Z: [    1.535714] NetLabel:  unlabeled traffic allowed by default
[STDERR  ] 2017-11-13T16:10:07.886534358Z: [    1.536885] HPET: 3 timers in total, 0 timers will be used for per-cpu timer
[STDERR  ] 2017-11-13T16:10:07.886539955Z: [    1.537684] hpet0: at MMIO 0xfed00000, IRQs 2, 8, 0
[STDERR  ] 2017-11-13T16:10:07.886545482Z: [    1.538154] hpet0: 3 comparators, 64-bit 100.000000 MHz counter
[STDERR  ] 2017-11-13T16:10:07.886555421Z: [    1.545864] clocksource: Switched to clocksource hpet
[STDERR  ] 2017-11-13T16:10:07.886561111Z: [    1.863855] VFS: Disk quotas dquot_6.6.0
[STDERR  ] 2017-11-13T16:10:07.886566716Z: [    1.864596] VFS: Dquot-cache hash table entries: 512 (order 0, 4096 bytes)
[STDERR  ] 2017-11-13T16:10:07.886585762Z: [    1.868273] FS-Cache: Loaded
[STDERR  ] 2017-11-13T16:10:07.88659432Z: [    1.873945] CacheFiles: Loaded
[STDERR  ] 2017-11-13T16:10:07.8866001Z: [    1.876261] pnp: PnP ACPI init
[STDERR  ] 2017-11-13T16:10:07.886605648Z: [    1.888100] pnp: PnP ACPI: found 5 devices
[STDERR  ] 2017-11-13T16:10:07.886611244Z: [    1.935403] clocksource: acpi_pm: mask: 0xffffff max_cycles: 0xffffff, max_idle_ns: 2085701024 ns
[STDERR  ] 2017-11-13T16:10:07.886616962Z: [    1.939359] NET: Registered protocol family 2
[STDERR  ] 2017-11-13T16:10:07.886622575Z: [    1.948075] TCP established hash table entries: 8192 (order: 4, 65536 bytes)
[STDERR  ] 2017-11-13T16:10:07.886628181Z: [    1.948884] TCP bind hash table entries: 8192 (order: 5, 131072 bytes)
[STDERR  ] 2017-11-13T16:10:07.886633859Z: [    1.949618] TCP: Hash tables configured (established 8192 bind 8192)
[STDERR  ] 2017-11-13T16:10:07.886643315Z: [    1.951848] UDP hash table entries: 512 (order: 2, 16384 bytes)
[STDERR  ] 2017-11-13T16:10:07.886649094Z: [    1.952396] UDP-Lite hash table entries: 512 (order: 2, 16384 bytes)
[STDERR  ] 2017-11-13T16:10:07.886654737Z: [    1.954835] NET: Registered protocol family 1
[STDERR  ] 2017-11-13T16:10:07.88666422Z: [    1.955845] pci 0000:00:01.0: Video device with shadowed ROM at [mem 0x000c0000-0x000dffff]
[STDERR  ] 2017-11-13T16:10:07.886670175Z: [    1.964679] Unpacking initramfs...
[STDERR  ] 2017-11-13T16:10:07.886675745Z: [   12.669929] Freeing initrd memory: 53672K
[STDERR  ] 2017-11-13T16:10:07.886681317Z: [   12.696586] PCLMULQDQ-NI instructions are not detected.
[STDERR  ] 2017-11-13T16:10:07.886688941Z: [   12.697947] AVX or AES-NI instructions are not detected.
[STDERR  ] 2017-11-13T16:10:07.886694544Z: [   12.698480] CPU feature 'AVX registers' is not supported.
[STDERR  ] 2017-11-13T16:10:07.886700087Z: [   12.698887] CPU feature 'AVX registers' is not supported.
[STDERR  ] 2017-11-13T16:10:07.88670562Z: [   12.699281] CPU feature 'AVX registers' is not supported.
[STDERR  ] 2017-11-13T16:10:07.886711163Z: [   12.699670] CPU feature 'AVX registers' is not supported.
[STDERR  ] 2017-11-13T16:10:07.886716722Z: [   12.699979] AVX2 or AES-NI instructions are not detected.
[STDERR  ] 2017-11-13T16:10:07.886722256Z: [   12.700785] AVX2 instructions are not detected.
[STDERR  ] 2017-11-13T16:10:07.886727821Z: [   12.707725] audit: initializing netlink subsys (disabled)
[STDERR  ] 2017-11-13T16:10:07.88673961Z: [   12.709645] audit: type=2000 audit(1510589358.700:1): initialized
[STDERR  ] 2017-11-13T16:10:07.886745283Z: [   12.719543] workingset: timestamp_bits=46 max_order=18 bucket_order=0
[STDERR  ] 2017-11-13T16:10:07.886750916Z: [   12.725642] squashfs: version 4.0 (2009/01/31) Phillip Lougher
[STDERR  ] 2017-11-13T16:10:07.886756422Z: [   12.732531] FS-Cache: Netfs 'cifs' registered for caching
[STDERR  ] 2017-11-13T16:10:07.886762111Z: [   12.733592] fuse init (API version 7.26)
[STDERR  ] 2017-11-13T16:10:07.886767705Z: [   12.736262] SGI XFS with ACLs, security attributes, no debug enabled
[STDERR  ] 2017-11-13T16:10:07.886773285Z: [   12.741230] 9p: Installing v9fs 9p2000 file system support
[STDERR  ] 2017-11-13T16:10:07.886778805Z: [   12.741747] FS-Cache: Netfs '9p' registered for caching
[STDERR  ] 2017-11-13T16:10:07.886784409Z: [   12.774592] NET: Registered protocol family 38
[STDERR  ] 2017-11-13T16:10:07.88678988Z: [   12.775145] Key type asymmetric registered
[STDERR  ] 2017-11-13T16:10:07.886795446Z: [   12.775509] Asymmetric key parser 'x509' registered
[STDERR  ] 2017-11-13T16:10:07.886801036Z: [   12.776554] Block layer SCSI generic (bsg) driver version 0.4 loaded (major 251)
[STDERR  ] 2017-11-13T16:10:07.8868066Z: [   12.778169] io scheduler noop registered
[STDERR  ] 2017-11-13T16:10:07.886812254Z: [   12.778528] io scheduler deadline registered (default)
[STDERR  ] 2017-11-13T16:10:07.886817799Z: [   12.779559] io scheduler cfq registered
[STDERR  ] 2017-11-13T16:10:07.886823371Z: [   12.783355] pci_hotplug: PCI Hot Plug PCI Core version: 0.5
[STDERR  ] 2017-11-13T16:10:07.88682901Z: [   12.784038] pciehp: PCI Express Hot Plug Controller Driver version: 0.4
[STDERR  ] 2017-11-13T16:10:07.886834565Z: [   12.784965] shpchp: Standard Hot Plug PCI Controller Driver version: 0.4
[STDERR  ] 2017-11-13T16:10:07.886840085Z: [   12.785742] hv_vmbus: registering driver hyperv_fb
[STDERR  ] 2017-11-13T16:10:07.88684564Z: [   12.789723] input: Power Button as /devices/LNXSYSTM:00/LNXPWRBN:00/input/input0
[STDERR  ] 2017-11-13T16:10:07.886851264Z: [   12.792993] ACPI: Power Button [PWRF]
[STDERR  ] 2017-11-13T16:10:07.886856728Z: [   12.797983] GHES: HEST is not enabled!
[STDERR  ] 2017-11-13T16:10:07.886862303Z: [   12.812281] ACPI: PCI Interrupt Link [GSIG] enabled at IRQ 22
[STDERR  ] 2017-11-13T16:10:07.886867808Z: [   12.829615] ACPI: PCI Interrupt Link [GSIH] enabled at IRQ 23
[STDERR  ] 2017-11-13T16:10:07.886880784Z: [   12.836071] xenfs: not registering filesystem on non-xen platform
[STDERR  ] 2017-11-13T16:10:07.886886584Z: [   12.838301] Serial: 8250/16550 driver, 4 ports, IRQ sharing disabled
[STDERR  ] 2017-11-13T16:10:07.886892173Z: [   12.863664] 00:04: ttyS0 at I/O 0x3f8 (irq = 4, base_baud = 115200) is a 16550A
[STDERR  ] 2017-11-13T16:10:07.886897879Z: [   12.878006] Non-volatile memory driver v1.3
[STDERR  ] 2017-11-13T16:10:07.886906809Z: [   12.886476] Hangcheck: starting hangcheck timer 0.9.1 (tick is 180 seconds, margin is 60 seconds).
[STDERR  ] 2017-11-13T16:10:07.886912481Z: [   12.890958] random: fast init done
[STDERR  ] 2017-11-13T16:10:07.886923091Z: [   12.892749] random: crng init done
[STDERR  ] 2017-11-13T16:10:07.886928678Z: [   12.936518] loop: module loaded
[STDERR  ] 2017-11-13T16:10:07.886934336Z: [   12.953676] nbd: registered device at major 43
[STDERR  ] 2017-11-13T16:10:07.886939842Z: [   13.006654] lpc_ich 0000:00:1f.0: I/O space for GPIO uninitialized
[STDERR  ] 2017-11-13T16:10:07.88694982Z: [   13.008994] VMware PVSCSI driver - version 1.0.7.0-k
[STDERR  ] 2017-11-13T16:10:07.886955365Z: [   13.009894] hv_vmbus: registering driver hv_storvsc
[STDERR  ] 2017-11-13T16:10:07.886960985Z: [   13.022467] ACPI: PCI Interrupt Link [GSIA] enabled at IRQ 16
[STDERR  ] 2017-11-13T16:10:07.886966734Z: [   13.030910] ahci 0000:00:1f.2: AHCI 0001.0000 32 slots 6 ports 1.5 Gbps 0x3f impl SATA mode
[STDERR  ] 2017-11-13T16:10:07.886972396Z: [   13.031640] ahci 0000:00:1f.2: flags: 64bit ncq only 
[STDERR  ] 2017-11-13T16:10:07.886977934Z: [   13.053999] scsi host0: ahci
[STDERR  ] 2017-11-13T16:10:07.886983561Z: [   13.059296] scsi host1: ahci
[STDERR  ] 2017-11-13T16:10:07.88698914Z: [   13.062900] scsi host2: ahci
[STDERR  ] 2017-11-13T16:10:07.886994642Z: [   13.065681] scsi host3: ahci
[STDERR  ] 2017-11-13T16:10:07.887000177Z: [   13.068103] scsi host4: ahci
[STDERR  ] 2017-11-13T16:10:07.887005694Z: [   13.070873] scsi host5: ahci
[STDERR  ] 2017-11-13T16:10:07.887011218Z: [   13.072789] ata1: SATA max UDMA/133 abar m4096@0xfebd2000 port 0xfebd2100 irq 24
[STDERR  ] 2017-11-13T16:10:07.88701681Z: [   13.073290] ata2: SATA max UDMA/133 abar m4096@0xfebd2000 port 0xfebd2180 irq 24
[STDERR  ] 2017-11-13T16:10:07.887022441Z: [   13.073719] ata3: SATA max UDMA/133 abar m4096@0xfebd2000 port 0xfebd2200 irq 24
[STDERR  ] 2017-11-13T16:10:07.887028099Z: [   13.074135] ata4: SATA max UDMA/133 abar m4096@0xfebd2000 port 0xfebd2280 irq 24
[STDERR  ] 2017-11-13T16:10:07.887033659Z: [   13.074561] ata5: SATA max UDMA/133 abar m4096@0xfebd2000 port 0xfebd2300 irq 24
[STDERR  ] 2017-11-13T16:10:07.887039169Z: [   13.074990] ata6: SATA max UDMA/133 abar m4096@0xfebd2000 port 0xfebd2380 irq 24
[STDERR  ] 2017-11-13T16:10:07.887048173Z: [   13.089755] tun: Universal TUN/TAP device driver, 1.6
[STDERR  ] 2017-11-13T16:10:07.887053788Z: [   13.090428] tun: (C) 1999-2004 Max Krasnyansky <maxk@qualcomm.com>
[STDERR  ] 2017-11-13T16:10:07.887059325Z: [   13.103196] VMware vmxnet3 virtual NIC driver - version 1.4.a.0-k-NAPI
[STDERR  ] 2017-11-13T16:10:07.88706481Z: [   13.104234] hv_vmbus: registering driver hv_netvsc
[STDERR  ] 2017-11-13T16:10:07.887074707Z: [   13.104585] Fusion MPT base driver 3.04.20
[STDERR  ] 2017-11-13T16:10:07.88708036Z: [   13.104829] Copyright (c) 1999-2008 LSI Corporation
[STDERR  ] 2017-11-13T16:10:07.887090167Z: [   13.105469] Fusion MPT SPI Host driver 3.04.20
[STDERR  ] 2017-11-13T16:10:07.887097738Z: [   13.107833] i8042: PNP: PS/2 Controller [PNP0303:KBD,PNP0f13:MOU] at 0x60,0x64 irq 1,12
[STDERR  ] 2017-11-13T16:10:07.887104178Z: [   13.112443] serio: i8042 KBD port at 0x60,0x64 irq 1
[STDERR  ] 2017-11-13T16:10:07.887109725Z: [   13.113108] serio: i8042 AUX port at 0x60,0x64 irq 12
[STDERR  ] 2017-11-13T16:10:07.887115231Z: [   13.116278] hv_vmbus: registering driver hyperv_keyboard
[STDERR  ] 2017-11-13T16:10:07.887120771Z: [   13.118721] mousedev: PS/2 mouse device common for all mice
[STDERR  ] 2017-11-13T16:10:07.887126385Z: [   13.124043] input: AT Translated Set 2 keyboard as /devices/platform/i8042/serio0/input/input1
[STDERR  ] 2017-11-13T16:10:07.887140553Z: [   13.127023] input: PC Speaker as /devices/platform/pcspkr/input/input2
[STDERR  ] 2017-11-13T16:10:07.887146287Z: [   13.131141] rtc_cmos 00:00: RTC can wake from S4
[STDERR  ] 2017-11-13T16:10:07.887151882Z: [   13.134754] rtc_cmos 00:00: rtc core: registered rtc_cmos as rtc0
[STDERR  ] 2017-11-13T16:10:07.887161435Z: [   13.135845] rtc_cmos 00:00: alarms up to one day, y3k, 114 bytes nvram, hpet irqs
[STDERR  ] 2017-11-13T16:10:07.887167147Z: [   13.136483] i2c /dev entries driver
[STDERR  ] 2017-11-13T16:10:07.887172787Z: [   13.138567] device-mapper: ioctl: 4.35.0-ioctl (2016-06-23) initialised: dm-devel@redhat.com
[STDERR  ] 2017-11-13T16:10:07.887178416Z: [   13.143739] usbcore: registered new interface driver usbhid
[STDERR  ] 2017-11-13T16:10:07.887184029Z: [   13.144110] usbhid: USB HID core driver
[STDERR  ] 2017-11-13T16:10:07.887189624Z: [   13.144713] hv_utils: Registering HyperV Utility Driver
[STDERR  ] 2017-11-13T16:10:07.887195208Z: [   13.145006] hv_vmbus: registering driver hv_util
[STDERR  ] 2017-11-13T16:10:07.887200734Z: [   13.145251] hv_vmbus: registering driver hv_balloon
[STDERR  ] 2017-11-13T16:10:07.887206262Z: [   13.145761] oprofile: using NMI interrupt.
[STDERR  ] 2017-11-13T16:10:07.887212868Z: [   13.146950] GACT probability on
[STDERR  ] 2017-11-13T16:10:07.887218485Z: [   13.147413] Mirror/redirect action on
[STDERR  ] 2017-11-13T16:10:07.887228142Z: [   13.148236] Simple TC action Loaded
[STDERR  ] 2017-11-13T16:10:07.88723373Z: [   13.148773] u32 classifier
[STDERR  ] 2017-11-13T16:10:07.887239467Z: [   13.148952]     Performance counters on
[STDERR  ] 2017-11-13T16:10:07.887245723Z: [   13.149182]     input device check on
[STDERR  ] 2017-11-13T16:10:07.887251415Z: [   13.149399]     Actions configured
[STDERR  ] 2017-11-13T16:10:07.887256902Z: [   13.149941] Netfilter messages via NETLINK v0.30.
[STDERR  ] 2017-11-13T16:10:07.887262397Z: [   13.150938] nfnl_acct: registering with nfnetlink.
[STDERR  ] 2017-11-13T16:10:07.88726802Z: [   13.152790] nf_conntrack version 0.5.0 (8192 buckets, 32768 max)
[STDERR  ] 2017-11-13T16:10:07.887273584Z: [   13.155674] ctnetlink v0.93: registering with nfnetlink.
[STDERR  ] 2017-11-13T16:10:07.887279077Z: [   13.158903] nf_tables: (c) 2007-2009 Patrick McHardy <kaber@trash.net>
[STDERR  ] 2017-11-13T16:10:07.887289343Z: [   13.159792] nf_tables_compat: (c) 2012 Pablo Neira Ayuso <pablo@netfilter.org>
[STDERR  ] 2017-11-13T16:10:07.887295081Z: [   13.162947] xt_time: kernel timezone is -0000
[STDERR  ] 2017-11-13T16:10:07.887300701Z: [   13.163523] ip_set: protocol 6
[STDERR  ] 2017-11-13T16:10:07.887306284Z: [   13.164180] IPVS: Registered protocols (TCP, UDP, SCTP, AH, ESP)
[STDERR  ] 2017-11-13T16:10:07.887311905Z: [   13.164953] IPVS: Connection hash table configured (size=4096, memory=64Kbytes)
[STDERR  ] 2017-11-13T16:10:07.887317468Z: [   13.166585] IPVS: Creating netns size=2104 id=0
[STDERR  ] 2017-11-13T16:10:07.887328025Z: [   13.169827] IPVS: ipvs loaded.
[STDERR  ] 2017-11-13T16:10:07.887333788Z: [   13.170767] IPVS: [rr] scheduler registered.
[STDERR  ] 2017-11-13T16:10:07.887339324Z: [   13.171061] IPVS: [wrr] scheduler registered.
[STDERR  ] 2017-11-13T16:10:07.887344794Z: [   13.171370] IPVS: [lc] scheduler registered.
[STDERR  ] 2017-11-13T16:10:07.887350321Z: [   13.171652] IPVS: [wlc] scheduler registered.
[STDERR  ] 2017-11-13T16:10:07.887355832Z: [   13.171922] IPVS: [fo] scheduler registered.
[STDERR  ] 2017-11-13T16:10:07.88736133Z: [   13.172149] IPVS: [ovf] scheduler registered.
[STDERR  ] 2017-11-13T16:10:07.88736695Z: [   13.172559] IPVS: [lblc] scheduler registered.
[STDERR  ] 2017-11-13T16:10:07.887372511Z: [   13.172975] IPVS: [lblcr] scheduler registered.
[STDERR  ] 2017-11-13T16:10:07.887377962Z: [   13.173211] IPVS: [dh] scheduler registered.
[STDERR  ] 2017-11-13T16:10:07.887383537Z: [   13.173479] IPVS: [sh] scheduler registered.
[STDERR  ] 2017-11-13T16:10:07.887389074Z: [   13.173741] IPVS: [sed] scheduler registered.
[STDERR  ] 2017-11-13T16:10:07.887397305Z: [   13.173990] IPVS: [nq] scheduler registered.
[STDERR  ] 2017-11-13T16:10:07.887403014Z: [   13.174714] IPVS: ftp: loaded support on port[0] = 21
[STDERR  ] 2017-11-13T16:10:07.887408569Z: [   13.175687] ipip: IPv4 and MPLS over IPv4 tunneling driver
[STDERR  ] 2017-11-13T16:10:07.88741418Z: [   13.181417] gre: GRE over IPv4 demultiplexor driver
[STDERR  ] 2017-11-13T16:10:07.887422676Z: [   13.184470] ip_tables: (C) 2000-2006 Netfilter Core Team
[STDERR  ] 2017-11-13T16:10:07.887428352Z: [   13.188400] ipt_CLUSTERIP: ClusterIP Version 0.8 loaded successfully
[STDERR  ] 2017-11-13T16:10:07.887433997Z: [   13.189248] arp_tables: arp_tables: (C) 2002 David S. Miller
[STDERR  ] 2017-11-13T16:10:07.887442401Z: [   13.192270] NET: Registered protocol family 10
[STDERR  ] 2017-11-13T16:10:07.887447905Z: [   13.204927] ip6_tables: (C) 2000-2006 Netfilter Core Team
[STDERR  ] 2017-11-13T16:10:07.887457719Z: [   13.214150] NET: Registered protocol family 17
[STDERR  ] 2017-11-13T16:10:07.887463242Z: [   13.215367] Bridge firewalling registered
[STDERR  ] 2017-11-13T16:10:07.887468736Z: [   13.215934] Ebtables v2.0 registered
[STDERR  ] 2017-11-13T16:10:07.887474261Z: [   13.218005] 8021q: 802.1Q VLAN Support v1.8
[STDERR  ] 2017-11-13T16:10:07.887479753Z: [   13.219799] 9pnet: Installing 9P2000 support
[STDERR  ] 2017-11-13T16:10:07.887485316Z: [   13.221815] Key type dns_resolver registered
[STDERR  ] 2017-11-13T16:10:07.88749075Z: [   13.222804] microcode: AMD CPU family 0x6 not supported
[STDERR  ] 2017-11-13T16:10:07.887496352Z: [   13.227521] registered taskstats version 1
[STDERR  ] 2017-11-13T16:10:07.887501796Z: [   13.415783] ata4: SATA link down (SStatus 0 SControl 300)
[STDERR  ] 2017-11-13T16:10:07.88750736Z: [   13.419123] ata3: SATA link up 1.5 Gbps (SStatus 113 SControl 300)
[STDERR  ] 2017-11-13T16:10:07.887512967Z: [   13.422522] ata6: SATA link down (SStatus 0 SControl 300)
[STDERR  ] 2017-11-13T16:10:07.887518551Z: [   13.423272] ata2: SATA link down (SStatus 0 SControl 300)
[STDERR  ] 2017-11-13T16:10:07.887523999Z: [   13.423773] ata1: SATA link down (SStatus 0 SControl 300)
[STDERR  ] 2017-11-13T16:10:07.887529522Z: [   13.424642] ata5: SATA link down (SStatus 0 SControl 300)
[STDERR  ] 2017-11-13T16:10:07.887535085Z: [   13.426581] ata3.00: ATAPI: QEMU DVD-ROM, 2.5+, max UDMA/100
[STDERR  ] 2017-11-13T16:10:07.887542445Z: [   13.426980] ata3.00: applying bridge limits
[STDERR  ] 2017-11-13T16:10:07.88754813Z: [   13.429126] ata3.00: configured for UDMA/100
[STDERR  ] 2017-11-13T16:10:07.88755879Z: [   13.456114] scsi 2:0:0:0: CD-ROM            QEMU     QEMU DVD-ROM     2.5+ PQ: 0 ANSI: 5
[STDERR  ] 2017-11-13T16:10:07.887564515Z: [   13.464089] Key type big_key registered
[STDERR  ] 2017-11-13T16:10:07.887570053Z: [   13.484232] sr 2:0:0:0: [sr0] scsi3-mmc drive: 4x/4x cd/rw xa/form2 tray
[STDERR  ] 2017-11-13T16:10:07.88757686Z: [   13.485089] cdrom: Uniform CD-ROM driver Revision: 3.20
[STDERR  ] 2017-11-13T16:10:07.887582484Z: [   13.502518] sr 2:0:0:0: Attached scsi generic sg0 type 5
[STDERR  ] 2017-11-13T16:10:07.887588006Z: [   13.620520] Key type encrypted registered
[STDERR  ] 2017-11-13T16:10:07.887593527Z: [   13.626388] rtc_cmos 00:00: setting system clock to 2017-11-13 16:09:20 UTC (1510589360)
[STDERR  ] 2017-11-13T16:10:07.887599168Z: [   13.807599] Freeing unused kernel memory: 1380K
[STDERR  ] 2017-11-13T16:10:07.887604694Z: [   13.807932] Write protecting the kernel read-only data: 12288k
[STDERR  ] 2017-11-13T16:10:07.887610288Z: [   13.810562] tsc: Refined TSC clocksource calibration: 2599.916 MHz
[STDERR  ] 2017-11-13T16:10:07.887621296Z: [   13.811134] clocksource: tsc: mask: 0xffffffffffffffff max_cycles: 0x2579eca4b71, max_idle_ns: 440795235316 ns
[STDERR  ] 2017-11-13T16:10:07.887627014Z: [   13.817115] Freeing unused kernel memory: 124K
[STDERR  ] 2017-11-13T16:10:07.887632592Z: [   13.925713] Freeing unused kernel memory: 1392K
[STDERR  ] 2017-11-13T16:10:07.887638205Z: [   14.831294] clocksource: Switched to clocksource tsc
[STDERR  ] 2017-11-13T16:10:07.887647013Z: 
[STDERR  ] 2017-11-13T16:10:07.887652661Z: Welcome to LinuxKit
[STDERR  ] 2017-11-13T16:10:07.887658282Z: 
[STDERR  ] 2017-11-13T16:10:07.887663868Z:                         ##         .
[STDERR  ] 2017-11-13T16:10:07.887669432Z:                   ## ## ##        ==
[STDERR  ] 2017-11-13T16:10:07.88767491Z:                ## ## ## ## ##    ===
[STDERR  ] 2017-11-13T16:10:07.887691101Z:            /"""""""""""""""""\___/ ===
[STDERR  ] 2017-11-13T16:10:07.887696736Z:           {                       /  ===-
[STDERR  ] 2017-11-13T16:10:07.887702333Z:            \______ O           __/
[STDERR  ] 2017-11-13T16:10:07.887713642Z:              \    \         __/
[STDERR  ] 2017-11-13T16:10:07.887719305Z:               \____\_______/
[STDERR  ] 2017-11-13T16:10:07.887724822Z: 
[STDERR  ] 2017-11-13T16:10:07.887730373Z: [   36.960671] 8021q: adding VLAN 0 to HW filter on device eth0
[STDERR  ] 2017-11-13T16:10:07.887735954Z: eth0: waiting for carrier
[STDERR  ] 2017-11-13T16:10:07.887741631Z: eth0: carrier acquired
[STDERR  ] 2017-11-13T16:10:07.887747105Z: DUID 00:01:00:01:21:9c:80:47:d2:9f:18:e9:40:0f
[STDERR  ] 2017-11-13T16:10:07.887752696Z: eth0: IAID 18:e9:40:0f
[STDERR  ] 2017-11-13T16:10:07.887758234Z: eth0: adding address fe80::13e6:857c:632f:5e24
[STDERR  ] 2017-11-13T16:10:07.887763821Z: eth0: soliciting an IPv6 router
[STDERR  ] 2017-11-13T16:10:07.887769395Z: eth0: soliciting a DHCP lease
[STDERR  ] 2017-11-13T16:10:07.887774931Z: eth0: offered 10.0.2.15 from 10.0.2.2
[STDERR  ] 2017-11-13T16:10:07.887780587Z: eth0: leased 10.0.2.15 for 86400 seconds
[STDERR  ] 2017-11-13T16:10:07.887786267Z: eth0: adding route to 10.0.2.0/24
[STDERR  ] 2017-11-13T16:10:07.887791904Z: eth0: adding default route via 10.0.2.2
[STDERR  ] 2017-11-13T16:10:07.88779743Z: exiting due to oneshot
[STDERR  ] 2017-11-13T16:10:07.88780307Z: dhcpcd exited
[STDERR  ] 2017-11-13T16:10:07.887808721Z: [   38.271185] IPVS: Creating netns size=2104 id=1
[STDERR  ] 2017-11-13T16:10:07.88781425Z: [   38.271790] IPVS: ftp: loaded support on port[0] = 21
[STDERR  ] 2017-11-13T16:10:07.88781985Z: [   39.151233] wireguard: loading out-of-tree module taints kernel.
[STDERR  ] 2017-11-13T16:10:07.887825538Z: [   39.180949] wireguard: WireGuard 0.0.20171101 loaded. See www.wireguard.com for information.
[STDERR  ] 2017-11-13T16:10:07.887831297Z: [   39.181554] wireguard: Copyright (C) 2015-2017 Jason A. Donenfeld <Jason@zx2c4.com>. All Rights Reserved.
[STDERR  ] 2017-11-13T16:10:07.887837059Z: Created interface wg0 type wireguard
[STDERR  ] 2017-11-13T16:10:07.887842636Z: Moved interface wg0 to pid 341
[STDERR  ] 2017-11-13T16:10:07.887848169Z: [#] wg setconf wg0 /dev/fd/63
[STDERR  ] 2017-11-13T16:10:07.887853672Z: [#] ip address add 192.168.2.1/24 dev wg0
[STDERR  ] 2017-11-13T16:10:07.887859193Z: [#] ip link set mtu 65456 dev wg0
[STDERR  ] 2017-11-13T16:10:07.887864712Z: [#] ip link set wg0 up
[STDERR  ] 2017-11-13T16:10:07.887870359Z: [#] ip route add 0.0.0.0/0 dev wg0
[STDERR  ] 2017-11-13T16:10:07.887876057Z: [   41.467138] IPVS: Creating netns size=2104 id=2
[STDERR  ] 2017-11-13T16:10:07.887881646Z: [   41.467752] IPVS: ftp: loaded support on port[0] = 21
[STDERR  ] 2017-11-13T16:10:07.887887158Z: Created interface wg1 type wireguard
[STDERR  ] 2017-11-13T16:10:07.887892689Z: Moved interface wg1 to pid 397
[STDERR  ] 2017-11-13T16:10:07.887898243Z: [#] wg setconf wg1 /dev/fd/63
[STDERR  ] 2017-11-13T16:10:07.887903833Z: [#] ip address add 192.168.2.2/24 dev wg1
[STDERR  ] 2017-11-13T16:10:07.887909358Z: [#] ip link set mtu 65456 dev wg1
[STDERR  ] 2017-11-13T16:10:07.8879149Z: [#] ip link set wg1 up
[STDERR  ] 2017-11-13T16:10:07.887924893Z: [#] ip route add 0.0.0.0/0 dev wg1
[STDERR  ] 2017-11-13T16:10:07.887930785Z: [34mINFO[0m[0000] starting containerd                           [34mmodule[0m=containerd [34mrevision[0m=2b8ed96d2a422bf205adcdfa05272dc12c81613b [34mversion[0m=v1.0.0-beta.3
[STDERR  ] 2017-11-13T16:10:07.887936969Z: [34mINFO[0m[0000] loading plugin "io.containerd.content.v1.content"...  [34mmodule[0m=containerd [34mtype[0m=io.containerd.content.v1
[STDERR  ] 2017-11-13T16:10:07.887950944Z: [34mINFO[0m[0000] loading plugin "io.containerd.snapshotter.v1.btrfs"...  [34mmodule[0m=containerd [34mtype[0m=io.containerd.snapshotter.v1
[STDERR  ] 2017-11-13T16:10:07.887957164Z: [33mWARN[0m[0000] failed to load plugin io.containerd.snapshotter.v1.btrfs  [33merror[0m="path /var/lib/containerd/io.containerd.snapshotter.v1.btrfs must be a btrfs filesystem to be used with the btrfs snapshotter" [33mmodule[0m=containerd
[STDERR  ] 2017-11-13T16:10:07.887966209Z: [34mINFO[0m[0000] loading plugin "io.containerd.snapshotter.v1.overlayfs"...  [34mmodule[0m=containerd [34mtype[0m=io.containerd.snapshotter.v1
[STDERR  ] 2017-11-13T16:10:07.887976633Z: [34mINFO[0m[0000] loading plugin "io.containerd.metadata.v1.bolt"...  [34mmodule[0m=containerd [34mtype[0m=io.containerd.metadata.v1
[STDERR  ] 2017-11-13T16:10:07.887984785Z: [33mWARN[0m[0000] could not use snapshotter btrfs in metadata plugin  [33merror[0m="path /var/lib/containerd/io.containerd.snapshotter.v1.btrfs must be a btrfs filesystem to be used with the btrfs snapshotter" [33mmodule[0m="containerd/io.containerd.metadata.v1.bolt"
[STDERR  ] 2017-11-13T16:10:07.887990796Z: [34mINFO[0m[0000] loading plugin "io.containerd.differ.v1.walking"...  [34mmodule[0m=containerd [34mtype[0m=io.containerd.differ.v1
[STDERR  ] 2017-11-13T16:10:07.887996399Z: [34mINFO[0m[0000] loading plugin "io.containerd.grpc.v1.containers"...  [34mmodule[0m=containerd [34mtype[0m=io.containerd.grpc.v1
[STDERR  ] 2017-11-13T16:10:07.888001996Z: [34mINFO[0m[0000] loading plugin "io.containerd.grpc.v1.content"...  [34mmodule[0m=containerd [34mtype[0m=io.containerd.grpc.v1
[STDERR  ] 2017-11-13T16:10:07.888007536Z: [34mINFO[0m[0000] loading plugin "io.containerd.grpc.v1.diff"...  [34mmodule[0m=containerd [34mtype[0m=io.containerd.grpc.v1
[STDERR  ] 2017-11-13T16:10:07.888013556Z: [34mINFO[0m[0000] loading plugin "io.containerd.grpc.v1.events"...  [34mmodule[0m=containerd [34mtype[0m=io.containerd.grpc.v1
[STDERR  ] 2017-11-13T16:10:07.888019265Z: [34mINFO[0m[0000] loading plugin "io.containerd.grpc.v1.healthcheck"...  [34mmodule[0m=containerd [34mtype[0m=io.containerd.grpc.v1
[STDERR  ] 2017-11-13T16:10:07.888024902Z: [34mINFO[0m[0000] loading plugin "io.containerd.grpc.v1.images"...  [34mmodule[0m=containerd [34mtype[0m=io.containerd.grpc.v1
[STDERR  ] 2017-11-13T16:10:07.888030481Z: [34mINFO[0m[0000] loading plugin "io.containerd.grpc.v1.leases"...  [34mmodule[0m=containerd [34mtype[0m=io.containerd.grpc.v1
[STDERR  ] 2017-11-13T16:10:07.888036052Z: [34mINFO[0m[0000] loading plugin "io.containerd.grpc.v1.namespaces"...  [34mmodule[0m=containerd [34mtype[0m=io.containerd.grpc.v1
[STDERR  ] 2017-11-13T16:10:07.888041656Z: [34mINFO[0m[0000] loading plugin "io.containerd.grpc.v1.snapshots"...  [34mmodule[0m=containerd [34mtype[0m=io.containerd.grpc.v1
[STDERR  ] 2017-11-13T16:10:07.88804726Z: [34mINFO[0m[0000] loading plugin "io.containerd.monitor.v1.cgroups"...  [34mmodule[0m=containerd [34mtype[0m=io.containerd.monitor.v1
[STDERR  ] 2017-11-13T16:10:07.888052917Z: [34mINFO[0m[0000] loading plugin "io.containerd.runtime.v1.linux"...  [34mmodule[0m=containerd [34mtype[0m=io.containerd.runtime.v1
[STDERR  ] 2017-11-13T16:10:07.888062541Z: [34mINFO[0m[0000] loading plugin "io.containerd.grpc.v1.tasks"...  [34mmodule[0m=containerd [34mtype[0m=io.containerd.grpc.v1
[STDERR  ] 2017-11-13T16:10:07.888071836Z: [34mINFO[0m[0000] loading plugin "io.containerd.grpc.v1.version"...  [34mmodule[0m=containerd [34mtype[0m=io.containerd.grpc.v1
[STDERR  ] 2017-11-13T16:10:07.888077643Z: [34mINFO[0m[0000] loading plugin "io.containerd.grpc.v1.introspection"...  [34mmodule[0m=containerd [34mtype[0m=io.containerd.grpc.v1
[STDERR  ] 2017-11-13T16:10:07.888083247Z: [34mINFO[0m[0000] serving...                                    [34maddress[0m="/run/containerd/debug.sock" [34mmodule[0m="containerd/debug"
[STDERR  ] 2017-11-13T16:10:07.888091786Z: [34mINFO[0m[0000] serving...                                    [34maddress[0m="/run/containerd/containerd.sock" [34mmodule[0m="containerd/grpc"
[STDERR  ] 2017-11-13T16:10:07.888107721Z: [34mINFO[0m[0000] containerd successfully booted in 0.218402s   [34mmodule[0m=containerd
[STDERR  ] 2017-11-13T16:10:07.888116656Z: [34mINFO[0m[0000] shim containerd-shim started                  [34maddress[0m="/containerd-shim/default/nginx/shim.sock" [34mdebug[0m=false [34mmodule[0m="containerd/tasks" [34mpid[0m=449
[STDERR  ] 2017-11-13T16:10:07.888122618Z: [34mINFO[0m[0004] shim containerd-shim started                  [34maddress[0m="/containerd-shim/default/test/shim.sock" [34mdebug[0m=false [34mmodule[0m="containerd/tasks" [34mpid[0m=483
[STDERR  ] 2017-11-13T16:10:07.888128267Z: wireguard test suite PASSED
[STDERR  ] 2017-11-13T16:10:07.888134049Z: [   60.401964] ACPI: Preparing to enter system sleep state S5
[STDERR  ] 2017-11-13T16:10:07.888139667Z: [   60.407874] reboot: Power down
[STDERR  ] 2017-11-13T16:10:07.888145243Z: + echo [    0.000000] Linux version 4.9.60-linuxkit (root@82cddbd9179e) (gcc version 6.3.0 (Alpine 6.3.0) ) #1 SMP Thu Nov 2 16:36:48 UTC 2017
[STDERR  ] 2017-11-13T16:10:07.888150947Z: [    0.000000] Command line: console=ttyS0
[STDERR  ] 2017-11-13T16:10:07.888156634Z: [    0.000000] x86/fpu: Legacy x87 FPU detected.
[STDERR  ] 2017-11-13T16:10:07.888162185Z: [    0.000000] x86/fpu: Using 'eager' FPU context switches.
[STDERR  ] 2017-11-13T16:10:07.888172158Z: [    0.000000] e820: BIOS-provided physical RAM map:
[STDERR  ] 2017-11-13T16:10:07.888177748Z: [    0.000000] BIOS-e820: [mem 0x0000000000000000-0x000000000009fbff] usable
[STDERR  ] 2017-11-13T16:10:07.8881879Z: [    0.000000] BIOS-e820: [mem 0x000000000009fc00-0x000000000009ffff] reserved
[STDERR  ] 2017-11-13T16:10:07.888193543Z: [    0.000000] BIOS-e820: [mem 0x00000000000f0000-0x00000000000fffff] reserved
[STDERR  ] 2017-11-13T16:10:07.888199108Z: [    0.000000] BIOS-e820: [mem 0x0000000000100000-0x000000003ffdefff] usable
[STDERR  ] 2017-11-13T16:10:07.888204715Z: [    0.000000] BIOS-e820: [mem 0x000000003ffdf000-0x000000003fffffff] reserved
[STDERR  ] 2017-11-13T16:10:07.888210235Z: [    0.000000] BIOS-e820: [mem 0x00000000b0000000-0x00000000bfffffff] reserved
[STDERR  ] 2017-11-13T16:10:07.888217599Z: [    0.000000] BIOS-e820: [mem 0x00000000fed1c000-0x00000000fed1ffff] reserved
[STDERR  ] 2017-11-13T16:10:07.88822332Z: [    0.000000] BIOS-e820: [mem 0x00000000fffc0000-0x00000000ffffffff] reserved
[STDERR  ] 2017-11-13T16:10:07.888229351Z: [    0.000000] NX (Execute Disable) protection: active
[STDERR  ] 2017-11-13T16:10:07.888235006Z: [    0.000000] SMBIOS 2.8 present.
[STDERR  ] 2017-11-13T16:10:07.888244673Z: [    0.000000] e820: last_pfn = 0x3ffdf max_arch_pfn = 0x400000000
[STDERR  ] 2017-11-13T16:10:07.888250348Z: [    0.000000] x86/PAT: Configuration [0-7]: WB  WC  UC- UC  WB  WC  UC- WT  
[STDERR  ] 2017-11-13T16:10:07.888255918Z: [    0.000000] found SMP MP-table at [mem 0x000f6aa0-0x000f6aaf] mapped at [ffff94d8c00f6aa0]
[STDERR  ] 2017-11-13T16:10:07.888261702Z: [    0.000000] RAMDISK: [mem 0x3cb66000-0x3ffcffff]
[STDERR  ] 2017-11-13T16:10:07.888271711Z: [    0.000000] ACPI: Early table checksum verification disabled
[STDERR  ] 2017-11-13T16:10:07.88827764Z: [    0.000000] ACPI: RSDP 0x00000000000F68C0 000014 (v00 BOCHS )
[STDERR  ] 2017-11-13T16:10:07.888283319Z: [    0.000000] ACPI: RSDT 0x000000003FFE2404 000034 (v01 BOCHS  BXPCRSDT 00000001 BXPC 00000001)
[STDERR  ] 2017-11-13T16:10:07.888289161Z: [    0.000000] ACPI: FACP 0x000000003FFE22A4 000074 (v01 BOCHS  BXPCFACP 00000001 BXPC 00000001)
[STDERR  ] 2017-11-13T16:10:07.888294854Z: [    0.000000] ACPI: DSDT 0x000000003FFE0040 002264 (v01 BOCHS  BXPCDSDT 00000001 BXPC 00000001)
[STDERR  ] 2017-11-13T16:10:07.888300577Z: [    0.000000] ACPI: FACS 0x000000003FFE0000 000040
[STDERR  ] 2017-11-13T16:10:07.888306252Z: [    0.000000] ACPI: APIC 0x000000003FFE2318 000078 (v01 BOCHS  BXPCAPIC 00000001 BXPC 00000001)
[STDERR  ] 2017-11-13T16:10:07.888318646Z: [    0.000000] ACPI: HPET 0x000000003FFE2390 000038 (v01 BOCHS  BXPCHPET 00000001 BXPC 00000001)
[STDERR  ] 2017-11-13T16:10:07.888324369Z: [    0.000000] ACPI: MCFG 0x000000003FFE23C8 00003C (v01 BOCHS  BXPCMCFG 00000001 BXPC 00000001)
[STDERR  ] 2017-11-13T16:10:07.888329909Z: [    0.000000] Zone ranges:
[STDERR  ] 2017-11-13T16:10:07.888339069Z: [    0.000000]   DMA      [mem 0x0000000000001000-0x0000000000ffffff]
[STDERR  ] 2017-11-13T16:10:07.888344664Z: [    0.000000]   DMA32    [mem 0x0000000001000000-0x000000003ffdefff]
[STDERR  ] 2017-11-13T16:10:07.888350262Z: [    0.000000]   Normal   empty
[STDERR  ] 2017-11-13T16:10:07.888355811Z: [    0.000000] Movable zone start for each node
[STDERR  ] 2017-11-13T16:10:07.888361427Z: [    0.000000] Early memory node ranges
[STDERR  ] 2017-11-13T16:10:07.888366966Z: [    0.000000]   node   0: [mem 0x0000000000001000-0x000000000009efff]
[STDERR  ] 2017-11-13T16:10:07.88837252Z: [    0.000000]   node   0: [mem 0x0000000000100000-0x000000003ffdefff]
[STDERR  ] 2017-11-13T16:10:07.8883781Z: [    0.000000] Initmem setup node 0 [mem 0x0000000000001000-0x000000003ffdefff]
[STDERR  ] 2017-11-13T16:10:07.888383779Z: [    0.000000] ACPI: PM-Timer IO Port: 0x608
[STDERR  ] 2017-11-13T16:10:07.8883894Z: [    0.000000] ACPI: LAPIC_NMI (acpi_id[0xff] dfl dfl lint[0x1])
[STDERR  ] 2017-11-13T16:10:07.888395024Z: [    0.000000] IOAPIC[0]: apic_id 0, version 32, address 0xfec00000, GSI 0-23
[STDERR  ] 2017-11-13T16:10:07.888409748Z: [    0.000000] ACPI: INT_SRC_OVR (bus 0 bus_irq 0 global_irq 2 dfl dfl)
[STDERR  ] 2017-11-13T16:10:07.888415473Z: [    0.000000] ACPI: INT_SRC_OVR (bus 0 bus_irq 5 global_irq 5 high level)
[STDERR  ] 2017-11-13T16:10:07.888421034Z: [    0.000000] ACPI: INT_SRC_OVR (bus 0 bus_irq 9 global_irq 9 high level)
[STDERR  ] 2017-11-13T16:10:07.888426516Z: [    0.000000] ACPI: INT_SRC_OVR (bus 0 bus_irq 10 global_irq 10 high level)
[STDERR  ] 2017-11-13T16:10:07.888432018Z: [    0.000000] ACPI: INT_SRC_OVR (bus 0 bus_irq 11 global_irq 11 high level)
[STDERR  ] 2017-11-13T16:10:07.888437623Z: [    0.000000] Using ACPI (MADT) for SMP configuration information
[STDERR  ] 2017-11-13T16:10:07.888443162Z: [    0.000000] ACPI: HPET id: 0x8086a201 base: 0xfed00000
[STDERR  ] 2017-11-13T16:10:07.888448706Z: [    0.000000] smpboot: Allowing 1 CPUs, 0 hotplug CPUs
[STDERR  ] 2017-11-13T16:10:07.888454199Z: [    0.000000] e820: [mem 0x40000000-0xafffffff] available for PCI devices
[STDERR  ] 2017-11-13T16:10:07.888459842Z: [    0.000000] Booting paravirtualized kernel on bare hardware
[STDERR  ] 2017-11-13T16:10:07.888465402Z: [    0.000000] clocksource: refined-jiffies: mask: 0xffffffff max_cycles: 0xffffffff, max_idle_ns: 19112604462750000 ns
[STDERR  ] 2017-11-13T16:10:07.888471088Z: [    0.000000] setup_percpu: NR_CPUS:128 nr_cpumask_bits:128 nr_cpu_ids:1 nr_node_ids:1
[STDERR  ] 2017-11-13T16:10:07.888476707Z: [    0.000000] percpu: Embedded 35 pages/cpu @ffff94d8fc800000 s105112 r8192 d30056 u2097152
[STDERR  ] 2017-11-13T16:10:07.888482286Z: [    0.000000] Built 1 zonelists in Zone order, mobility grouping on.  Total pages: 257896
[STDERR  ] 2017-11-13T16:10:07.888487944Z: [    0.000000] Kernel command line: console=ttyS0
[STDERR  ] 2017-11-13T16:10:07.888493518Z: [    0.000000] PID hash table entries: 4096 (order: 3, 32768 bytes)
[STDERR  ] 2017-11-13T16:10:07.888499081Z: [    0.000000] Dentry cache hash table entries: 131072 (order: 8, 1048576 bytes)
[STDERR  ] 2017-11-13T16:10:07.888504699Z: [    0.000000] Inode-cache hash table entries: 65536 (order: 7, 524288 bytes)
[STDERR  ] 2017-11-13T16:10:07.888514908Z: [    0.000000] Memory: 960500K/1048052K available (8053K kernel code, 1367K rwdata, 2704K rodata, 1380K init, 568K bss, 87552K reserved, 0K cma-reserved)
[STDERR  ] 2017-11-13T16:10:07.888520558Z: [    0.000000] Hierarchical RCU implementation.
[STDERR  ] 2017-11-13T16:10:07.888526159Z: [    0.000000] 	Build-time adjustment of leaf fanout to 64.
[STDERR  ] 2017-11-13T16:10:07.888531903Z: [    0.000000] 	RCU restricting CPUs from NR_CPUS=128 to nr_cpu_ids=1.
[STDERR  ] 2017-11-13T16:10:07.888542406Z: [    0.000000] RCU: Adjusting geometry for rcu_fanout_leaf=64, nr_cpu_ids=1
[STDERR  ] 2017-11-13T16:10:07.888548071Z: [    0.000000] NR_IRQS:8448 nr_irqs:256 16
[STDERR  ] 2017-11-13T16:10:07.888553676Z: [    0.000000] Console: colour VGA+ 80x25
[STDERR  ] 2017-11-13T16:10:07.888562072Z: [    0.000000] console [ttyS0] enabled
[STDERR  ] 2017-11-13T16:10:07.88856775Z: [    0.000000] clocksource: hpet: mask: 0xffffffff max_cycles: 0xffffffff, max_idle_ns: 19112604467 ns
[STDERR  ] 2017-11-13T16:10:07.888576146Z: [    0.000000] tsc: Unable to calibrate against PIT
[STDERR  ] 2017-11-13T16:10:07.88858179Z: [    0.000000] tsc: using HPET reference calibration
[STDERR  ] 2017-11-13T16:10:07.888587489Z: [    0.000000] tsc: Detected 2600.002 MHz processor
[STDERR  ] 2017-11-13T16:10:07.88859293Z: [    0.042339] Calibrating delay loop (skipped), value calculated using timer frequency.. 5200.00 BogoMIPS (lpj=26000020)
[STDERR  ] 2017-11-13T16:10:07.888602828Z: [    0.043551] pid_max: default: 32768 minimum: 301
[STDERR  ] 2017-11-13T16:10:07.888608434Z: [    0.044598] ACPI: Core revision 20160831
[STDERR  ] 2017-11-13T16:10:07.888614062Z: [    0.098516] ACPI: 1 ACPI AML tables successfully acquired and loaded
[STDERR  ] 2017-11-13T16:10:07.888619654Z: [    0.103559] Security Framework initialized
[STDERR  ] 2017-11-13T16:10:07.888625192Z: [    0.104028] Yama: becoming mindful.
[STDERR  ] 2017-11-13T16:10:07.888630692Z: [    0.106212] Mount-cache hash table entries: 2048 (order: 2, 16384 bytes)
