[INFO    ] 2017-10-23T10:13:33.19543917Z: Running Test linuxkit.packages.extend.ext4 in /tmp/build/test/cases/040_packages/005_extend/000_ext4
[INFO    ] 2017-10-23T10:13:33.195582501Z: Running command: [/bin/sh -x /tmp/build/test/cases/040_packages/005_extend/000_ext4/test.sh]
[STDERR  ] 2017-10-23T10:13:33.21151951Z: + set -ex
[STDERR  ] 2017-10-23T10:13:33.211575813Z: + . /tmp/build/test/cases/_lib/lib.sh
[STDERR  ] 2017-10-23T10:13:33.21158691Z: + [ -f src/github.com/linuxkit/rtf/lib/lib.sh ]
[STDERR  ] 2017-10-23T10:13:33.211597124Z: + LINUXKIT_TMPDIR=/tmp/build/test/cases/_tmp
[STDERR  ] 2017-10-23T10:13:33.211609428Z: + [ -f /tmp/build/test/cases/_tmp/env.sh ]
[STDERR  ] 2017-10-23T10:13:33.211621121Z: + . /tmp/build/test/cases/_tmp/env.sh
[STDERR  ] 2017-10-23T10:13:33.21163326Z: + export LINUXKIT_EXAMPLES_DIR=/tmp/build/test/cases/../../examples
[STDERR  ] 2017-10-23T10:13:33.211644883Z: + export LINUXKIT_BLUEPRINTS_DIR=/tmp/build/test/cases/../../blueprints
[STDERR  ] 2017-10-23T10:13:33.211657883Z: + RT_CANCEL=253
[STDERR  ] 2017-10-23T10:13:33.211669223Z: + NAME_CREATE=create-ext4
[STDERR  ] 2017-10-23T10:13:33.211680171Z: + NAME_EXTEND=extend-ext4
[STDERR  ] 2017-10-23T10:13:33.211690132Z: + DISK=disk.img
[STDERR  ] 2017-10-23T10:13:33.211700891Z: + trap clean_up EXIT
[STDERR  ] 2017-10-23T10:13:33.211712094Z: + moby build -name create-ext4 -format kernel+initrd test-create.yml
[STDERR  ] 2017-10-23T10:13:33.232289683Z: Extract kernel image: linuxkit/kernel:4.9.56
[STDERR  ] 2017-10-23T10:13:34.894020489Z: Add init containers:
[STDERR  ] 2017-10-23T10:13:37.504397411Z: Add onboot containers:
[STDERR  ] 2017-10-23T10:13:37.50444302Z:   Create OCI config for linuxkit/format:be811ded880af37a916f23bc9ddb274026ccc514
[STDERR  ] 2017-10-23T10:13:38.697357072Z: time="2017-10-23T10:13:38Z" level=warning msg="certificate with CN Rolf Neugebauer is near expiry" 
[STDERR  ] 2017-10-23T10:13:38.701067918Z: time="2017-10-23T10:13:38Z" level=warning msg="certificate with CN Rolf Neugebauer is near expiry" 
[STDERR  ] 2017-10-23T10:13:40.509837457Z:   Create OCI config for linuxkit/mount:ef2e2106212b2d333b548821191f04da984ef48f
[STDERR  ] 2017-10-23T10:13:41.706903864Z: time="2017-10-23T10:13:41Z" level=warning msg="certificate with CN Rolf Neugebauer is near expiry" 
[STDERR  ] 2017-10-23T10:13:41.712253386Z: time="2017-10-23T10:13:41Z" level=warning msg="certificate with CN Rolf Neugebauer is near expiry" 
[STDERR  ] 2017-10-23T10:13:42.020133118Z:   Create OCI config for alpine:3.6
[STDERR  ] 2017-10-23T10:13:43.265338513Z:   Create OCI config for linuxkit/poweroff:ffd3f539a6f4e67d4cd4ff36503636de35edd7b2
[STDERR  ] 2017-10-23T10:13:44.355433718Z: time="2017-10-23T10:13:44Z" level=warning msg="certificate with CN Rolf Neugebauer is near expiry" 
[STDERR  ] 2017-10-23T10:13:44.356987418Z: time="2017-10-23T10:13:44Z" level=warning msg="certificate with CN Rolf Neugebauer is near expiry" 
[STDERR  ] 2017-10-23T10:13:44.497193901Z: Create outputs:
[STDERR  ] 2017-10-23T10:13:49.623140381Z:   create-ext4-kernel create-ext4-initrd.img create-ext4-cmdline
[STDERR  ] 2017-10-23T10:13:49.677033016Z: + linuxkit run -disk file=disk.img,format=raw,size=256M create-ext4
[STDERR  ] 2017-10-23T10:13:49.69485375Z: Unable to find qemu-system-x86_64 within the $PATH. Using a container
[STDOUT  ] 2017-10-23T10:13:52.420595549Z: [    0.000000] Linux version 4.9.56-linuxkit (root@368f7e67b442) (gcc version 6.3.0 (Alpine 6.3.0) ) #1 SMP Sat Oct 14 12:45:06 UTC 2017
[STDOUT  ] 2017-10-23T10:13:52.420952006Z: [    0.000000] Command line: console=ttyS0
[STDOUT  ] 2017-10-23T10:13:52.421284563Z: [    0.000000] x86/fpu: Legacy x87 FPU detected.
[STDOUT  ] 2017-10-23T10:13:52.421316167Z: [    0.000000] x86/fpu: Using 'eager' FPU context switches.
[STDOUT  ] 2017-10-23T10:13:52.421602941Z: [    0.000000] e820: BIOS-provided physical RAM map:
[STDOUT  ] 2017-10-23T10:13:52.421835987Z: [    0.000000] BIOS-e820: [mem 0x0000000000000000-0x000000000009fbff] usable
[STDOUT  ] 2017-10-23T10:13:52.422114759Z: [    0.000000] BIOS-e820: [mem 0x000000000009fc00-0x000000000009ffff] reserved
[STDOUT  ] 2017-10-23T10:13:52.422399889Z: [    0.000000] BIOS-e820: [mem 0x00000000000f0000-0x00000000000fffff] reserved
[STDOUT  ] 2017-10-23T10:13:52.42269788Z: [    0.000000] BIOS-e820: [mem 0x0000000000100000-0x000000003ffdefff] usable
[STDOUT  ] 2017-10-23T10:13:52.422939199Z: [    0.000000] BIOS-e820: [mem 0x000000003ffdf000-0x000000003fffffff] reserved
[STDOUT  ] 2017-10-23T10:13:52.423185604Z: [    0.000000] BIOS-e820: [mem 0x00000000b0000000-0x00000000bfffffff] reserved
[STDOUT  ] 2017-10-23T10:13:52.423514603Z: [    0.000000] BIOS-e820: [mem 0x00000000fed1c000-0x00000000fed1ffff] reserved
[STDOUT  ] 2017-10-23T10:13:52.423624561Z: [    0.000000] BIOS-e820: [mem 0x00000000fffc0000-0x00000000ffffffff] reserved
[STDOUT  ] 2017-10-23T10:13:52.423909492Z: [    0.000000] NX (Execute Disable) protection: active
[STDOUT  ] 2017-10-23T10:13:52.424010067Z: [    0.000000] SMBIOS 2.8 present.
[STDOUT  ] 2017-10-23T10:13:52.424282888Z: [    0.000000] e820: last_pfn = 0x3ffdf max_arch_pfn = 0x400000000
[STDOUT  ] 2017-10-23T10:13:52.424514639Z: [    0.000000] x86/PAT: Configuration [0-7]: WB  WC  UC- UC  WB  WC  UC- WT  
[STDOUT  ] 2017-10-23T10:13:52.424770178Z: [    0.000000] found SMP MP-table at [mem 0x000f6aa0-0x000f6aaf] mapped at [ffff9f34000f6aa0]
[STDOUT  ] 2017-10-23T10:13:52.425168711Z: [    0.000000] RAMDISK: [mem 0x3e03f000-0x3ffcffff]
[STDOUT  ] 2017-10-23T10:13:52.425327507Z: [    0.000000] ACPI: Early table checksum verification disabled
[STDOUT  ] 2017-10-23T10:13:52.425550362Z: [    0.000000] ACPI: RSDP 0x00000000000F68C0 000014 (v00 BOCHS )
[STDOUT  ] 2017-10-23T10:13:52.425853364Z: [    0.000000] ACPI: RSDT 0x000000003FFE2404 000034 (v01 BOCHS  BXPCRSDT 00000001 BXPC 00000001)
[STDOUT  ] 2017-10-23T10:13:52.426151446Z: [    0.000000] ACPI: FACP 0x000000003FFE22A4 000074 (v01 BOCHS  BXPCFACP 00000001 BXPC 00000001)
[STDOUT  ] 2017-10-23T10:13:52.426472218Z: [    0.000000] ACPI: DSDT 0x000000003FFE0040 002264 (v01 BOCHS  BXPCDSDT 00000001 BXPC 00000001)
[STDOUT  ] 2017-10-23T10:13:52.426624953Z: [    0.000000] ACPI: FACS 0x000000003FFE0000 000040
[STDOUT  ] 2017-10-23T10:13:52.426953001Z: [    0.000000] ACPI: APIC 0x000000003FFE2318 000078 (v01 BOCHS  BXPCAPIC 00000001 BXPC 00000001)
[STDOUT  ] 2017-10-23T10:13:52.427364172Z: [    0.000000] ACPI: HPET 0x000000003FFE2390 000038 (v01 BOCHS  BXPCHPET 00000001 BXPC 00000001)
[STDOUT  ] 2017-10-23T10:13:52.427582968Z: [    0.000000] ACPI: MCFG 0x000000003FFE23C8 00003C (v01 BOCHS  BXPCMCFG 00000001 BXPC 00000001)
[STDOUT  ] 2017-10-23T10:13:52.427807311Z: [    0.000000] Zone ranges:
[STDOUT  ] 2017-10-23T10:13:52.427922448Z: [    0.000000]   DMA      [mem 0x0000000000001000-0x0000000000ffffff]
[STDOUT  ] 2017-10-23T10:13:52.428256394Z: [    0.000000]   DMA32    [mem 0x0000000001000000-0x000000003ffdefff]
[STDOUT  ] 2017-10-23T10:13:52.428423317Z: [    0.000000]   Normal   empty
[STDOUT  ] 2017-10-23T10:13:52.428523875Z: [    0.000000] Movable zone start for each node
[STDOUT  ] 2017-10-23T10:13:52.428649393Z: [    0.000000] Early memory node ranges
[STDOUT  ] 2017-10-23T10:13:52.428943387Z: [    0.000000]   node   0: [mem 0x0000000000001000-0x000000000009efff]
[STDOUT  ] 2017-10-23T10:13:52.429251217Z: [    0.000000]   node   0: [mem 0x0000000000100000-0x000000003ffdefff]
[STDOUT  ] 2017-10-23T10:13:52.429499261Z: [    0.000000] Initmem setup node 0 [mem 0x0000000000001000-0x000000003ffdefff]
[STDOUT  ] 2017-10-23T10:13:52.429702057Z: [    0.000000] ACPI: PM-Timer IO Port: 0x608
[STDOUT  ] 2017-10-23T10:13:52.429875666Z: [    0.000000] ACPI: LAPIC_NMI (acpi_id[0xff] dfl dfl lint[0x1])
[STDOUT  ] 2017-10-23T10:13:52.43010375Z: [    0.000000] IOAPIC[0]: apic_id 0, version 32, address 0xfec00000, GSI 0-23
[STDOUT  ] 2017-10-23T10:13:52.430421487Z: [    0.000000] ACPI: INT_SRC_OVR (bus 0 bus_irq 0 global_irq 2 dfl dfl)
[STDOUT  ] 2017-10-23T10:13:52.430579768Z: [    0.000000] ACPI: INT_SRC_OVR (bus 0 bus_irq 5 global_irq 5 high level)
[STDOUT  ] 2017-10-23T10:13:52.4308085Z: [    0.000000] ACPI: INT_SRC_OVR (bus 0 bus_irq 9 global_irq 9 high level)
[STDOUT  ] 2017-10-23T10:13:52.431138376Z: [    0.000000] ACPI: INT_SRC_OVR (bus 0 bus_irq 10 global_irq 10 high level)
[STDOUT  ] 2017-10-23T10:13:52.431482318Z: [    0.000000] ACPI: INT_SRC_OVR (bus 0 bus_irq 11 global_irq 11 high level)
[STDOUT  ] 2017-10-23T10:13:52.431594037Z: [    0.000000] Using ACPI (MADT) for SMP configuration information
[STDOUT  ] 2017-10-23T10:13:52.431840394Z: [    0.000000] ACPI: HPET id: 0x8086a201 base: 0xfed00000
[STDOUT  ] 2017-10-23T10:13:52.43199589Z: [    0.000000] smpboot: Allowing 1 CPUs, 0 hotplug CPUs
[STDOUT  ] 2017-10-23T10:13:52.432237811Z: [    0.000000] e820: [mem 0x40000000-0xafffffff] available for PCI devices
[STDOUT  ] 2017-10-23T10:13:52.432423807Z: [    0.000000] Booting paravirtualized kernel on bare hardware
[STDOUT  ] 2017-10-23T10:13:52.432882027Z: [    0.000000] clocksource: refined-jiffies: mask: 0xffffffff max_cycles: 0xffffffff, max_idle_ns: 19112604462750000 ns
[STDOUT  ] 2017-10-23T10:13:52.433222834Z: [    0.000000] setup_percpu: NR_CPUS:128 nr_cpumask_bits:128 nr_cpu_ids:1 nr_node_ids:1
[STDOUT  ] 2017-10-23T10:13:52.433466689Z: [    0.000000] percpu: Embedded 35 pages/cpu @ffff9f343de00000 s105240 r8192 d29928 u2097152
[STDOUT  ] 2017-10-23T10:13:52.433781111Z: [    0.000000] Built 1 zonelists in Zone order, mobility grouping on.  Total pages: 257896
[STDOUT  ] 2017-10-23T10:13:52.43395831Z: [    0.000000] Kernel command line: console=ttyS0
[STDOUT  ] 2017-10-23T10:13:52.434189466Z: [    0.000000] PID hash table entries: 4096 (order: 3, 32768 bytes)
[STDOUT  ] 2017-10-23T10:13:52.434476789Z: [    0.000000] Dentry cache hash table entries: 131072 (order: 8, 1048576 bytes)
[STDOUT  ] 2017-10-23T10:13:52.434762749Z: [    0.000000] Inode-cache hash table entries: 65536 (order: 7, 524288 bytes)
[STDOUT  ] 2017-10-23T10:13:52.435285372Z: [    0.000000] Memory: 981848K/1048052K available (8053K kernel code, 1367K rwdata, 2704K rodata, 1380K init, 568K bss, 66204K reserved, 0K cma-reserved)
[STDOUT  ] 2017-10-23T10:13:52.435399151Z: [    0.000000] Hierarchical RCU implementation.
[STDOUT  ] 2017-10-23T10:13:52.435578667Z: [    0.000000] 	Build-time adjustment of leaf fanout to 64.
[STDOUT  ] 2017-10-23T10:13:52.435867338Z: [    0.000000] 	RCU restricting CPUs from NR_CPUS=128 to nr_cpu_ids=1.
[STDOUT  ] 2017-10-23T10:13:52.436047073Z: [    0.000000] RCU: Adjusting geometry for rcu_fanout_leaf=64, nr_cpu_ids=1
[STDOUT  ] 2017-10-23T10:13:52.436351867Z: [    0.000000] NR_IRQS:8448 nr_irqs:256 16
[STDOUT  ] 2017-10-23T10:13:52.4364902Z: [    0.000000] Console: colour VGA+ 80x25
[STDOUT  ] 2017-10-23T10:13:52.436779587Z: [    0.000000] console [ttyS0] enabled
[STDOUT  ] 2017-10-23T10:13:52.440528671Z: [    0.000000] clocksource: hpet: mask: 0xffffffff max_cycles: 0xffffffff, max_idle_ns: 19112604467 ns
[STDOUT  ] 2017-10-23T10:13:52.477739712Z: [    0.000000] tsc: Fast TSC calibration using PIT
[STDOUT  ] 2017-10-23T10:13:52.4785779Z: [    0.000000] tsc: Detected 2599.983 MHz processor
[STDOUT  ] 2017-10-23T10:13:52.482525728Z: [    0.022245] Calibrating delay loop (skipped), value calculated using timer frequency.. 5199.96 BogoMIPS (lpj=25999830)
[STDOUT  ] 2017-10-23T10:13:52.483118382Z: [    0.030514] pid_max: default: 32768 minimum: 301
[STDOUT  ] 2017-10-23T10:13:52.484061219Z: [    0.031754] ACPI: Core revision 20160831
[STDOUT  ] 2017-10-23T10:13:52.526149216Z: [    0.073572] ACPI: 1 ACPI AML tables successfully acquired and loaded
[STDOUT  ] 2017-10-23T10:13:52.530574763Z: [    0.078396] Security Framework initialized
[STDOUT  ] 2017-10-23T10:13:52.531059206Z: [    0.078889] Yama: becoming mindful.
[STDOUT  ] 2017-10-23T10:13:52.534561278Z: [    0.082127] Mount-cache hash table entries: 2048 (order: 2, 16384 bytes)
[STDOUT  ] 2017-10-23T10:13:52.535379152Z: [    0.082785] Mountpoint-cache hash table entries: 2048 (order: 2, 16384 bytes)
[STDOUT  ] 2017-10-23T10:13:52.554001779Z: [    0.101694] Last level iTLB entries: 4KB 0, 2MB 0, 4MB 0
[STDOUT  ] 2017-10-23T10:13:52.554644529Z: [    0.102223] Last level dTLB entries: 4KB 0, 2MB 0, 4MB 0, 1GB 0
[STDOUT  ] 2017-10-23T10:13:52.849482326Z: [    0.397182] Freeing SMP alternatives memory: 20K
[STDOUT  ] 2017-10-23T10:13:52.859804161Z: [    0.407266] ftrace: allocating 35582 entries in 139 pages
[STDOUT  ] 2017-10-23T10:13:53.147253536Z: [    0.564737] smpboot: Max logical packages: 1
[STDOUT  ] 2017-10-23T10:13:53.154657773Z: [    0.572393] ..TIMER: vector=0x30 apic1=0 pin1=2 apic2=-1 pin2=-1
[STDOUT  ] 2017-10-23T10:13:53.373670031Z: [    0.680000] smpboot: CPU0: AMD QEMU Virtual CPU version 2.5+ (family: 0x6, model: 0x6, stepping: 0x3)
[STDOUT  ] 2017-10-23T10:13:53.375310213Z: [    0.680000] Performance Events: PMU not available due to virtualization, using software events only.
[STDOUT  ] 2017-10-23T10:13:53.391513969Z: [    0.688203] NMI watchdog: disabled (cpu0): hardware events not enabled
[STDOUT  ] 2017-10-23T10:13:53.392031499Z: [    0.688738] NMI watchdog: Shutting down hard lockup detector on all cpus
[STDOUT  ] 2017-10-23T10:13:53.396117844Z: [    0.693030] x86: Booted up 1 node, 1 CPUs
[STDOUT  ] 2017-10-23T10:13:53.396687575Z: [    0.693498] smpboot: Total of 1 processors activated (5199.96 BogoMIPS)
[STDOUT  ] 2017-10-23T10:13:53.409902162Z: [    0.706802] devtmpfs: initialized
[STDOUT  ] 2017-10-23T10:13:53.41642107Z: [    0.713532] x86/mm: Memory block size: 128MB
[STDOUT  ] 2017-10-23T10:13:53.477057136Z: [    0.773801] clocksource: jiffies: mask: 0xffffffff max_cycles: 0xffffffff, max_idle_ns: 19112604462750000 ns
[STDOUT  ] 2017-10-23T10:13:53.477703313Z: [    0.774694] futex hash table entries: 256 (order: 2, 16384 bytes)
[STDOUT  ] 2017-10-23T10:13:53.487915371Z: [    0.785139] NET: Registered protocol family 16
[STDOUT  ] 2017-10-23T10:13:53.496999673Z: [    0.794152] cpuidle: using governor ladder
[STDOUT  ] 2017-10-23T10:13:53.497515934Z: [    0.794673] cpuidle: using governor menu
[STDOUT  ] 2017-10-23T10:13:53.498740837Z: [    0.795854] ACPI: bus type PCI registered
[STDOUT  ] 2017-10-23T10:13:53.501854334Z: [    0.798647] PCI: MMCONFIG for domain 0000 [bus 00-ff] at [mem 0xb0000000-0xbfffffff] (base 0xb0000000)
[STDOUT  ] 2017-10-23T10:13:53.502368378Z: [    0.799447] PCI: MMCONFIG at [mem 0xb0000000-0xbfffffff] reserved in E820
[STDOUT  ] 2017-10-23T10:13:53.504473608Z: [    0.801362] PCI: Using configuration type 1 for base access
[STDOUT  ] 2017-10-23T10:13:53.557691844Z: [    0.854808] HugeTLB registered 2 MB page size, pre-allocated 0 pages
[STDOUT  ] 2017-10-23T10:13:53.569773969Z: [    0.866884] ACPI: Added _OSI(Module Device)
[STDOUT  ] 2017-10-23T10:13:53.570094859Z: [    0.867239] ACPI: Added _OSI(Processor Device)
[STDOUT  ] 2017-10-23T10:13:53.57048924Z: [    0.867577] ACPI: Added _OSI(3.0 _SCP Extensions)
[STDOUT  ] 2017-10-23T10:13:53.57091799Z: [    0.867913] ACPI: Added _OSI(Processor Aggregator Device)
[STDOUT  ] 2017-10-23T10:13:53.641678723Z: [    0.938632] ACPI: Interpreter enabled
[STDOUT  ] 2017-10-23T10:13:53.642433178Z: [    0.939471] ACPI: (supports S0 S5)
[STDOUT  ] 2017-10-23T10:13:53.643570518Z: [    0.940082] ACPI: Using IOAPIC for interrupt routing
[STDOUT  ] 2017-10-23T10:13:53.646355636Z: [    0.942884] PCI: Using host bridge windows from ACPI; if necessary, use "pci=nocrs" and report a bug
[STDOUT  ] 2017-10-23T10:13:53.706712876Z: [    1.003655] ACPI: PCI Root Bridge [PCI0] (domain 0000 [bus 00-ff])
[STDOUT  ] 2017-10-23T10:13:53.707969202Z: [    1.004804] acpi PNP0A08:00: _OSC: OS supports [ExtendedConfig ASPM ClockPM Segments MSI]
[STDOUT  ] 2017-10-23T10:13:53.714796505Z: [    1.011773] acpi PNP0A08:00: _OSC: OS now controls [PCIeHotplug PME PCIeCapability]
[STDOUT  ] 2017-10-23T10:13:53.718204027Z: [    1.015331] PCI host bridge to bus 0000:00
[STDOUT  ] 2017-10-23T10:13:53.718823948Z: [    1.015811] pci_bus 0000:00: root bus resource [io  0x0000-0x0cf7 window]
[STDOUT  ] 2017-10-23T10:13:53.719295248Z: [    1.016370] pci_bus 0000:00: root bus resource [io  0x0d00-0xffff window]
[STDOUT  ] 2017-10-23T10:13:53.719774155Z: [    1.016842] pci_bus 0000:00: root bus resource [mem 0x000a0000-0x000bffff window]
[STDOUT  ] 2017-10-23T10:13:53.72041116Z: [    1.017326] pci_bus 0000:00: root bus resource [mem 0xc0000000-0xfebfffff window]
[STDOUT  ] 2017-10-23T10:13:53.721002633Z: [    1.018009] pci_bus 0000:00: root bus resource [bus 00-ff]
[STDOUT  ] 2017-10-23T10:13:53.825754026Z: [    1.122443] pci 0000:00:1f.0: quirk: [io  0x0600-0x067f] claimed by ICH6 ACPI/GPIO/TCO
[STDOUT  ] 2017-10-23T10:13:53.887060059Z: [    1.183140] ACPI: PCI Interrupt Link [LNKA] (IRQs 5 *10 11)
[STDOUT  ] 2017-10-23T10:13:53.889768624Z: [    1.186075] ACPI: PCI Interrupt Link [LNKB] (IRQs 5 *10 11)
[STDOUT  ] 2017-10-23T10:13:53.892012656Z: [    1.188439] ACPI: PCI Interrupt Link [LNKC] (IRQs 5 10 *11)
[STDOUT  ] 2017-10-23T10:13:53.894081566Z: [    1.191018] ACPI: PCI Interrupt Link [LNKD] (IRQs 5 10 *11)
[STDOUT  ] 2017-10-23T10:13:53.896546084Z: [    1.193380] ACPI: PCI Interrupt Link [LNKE] (IRQs 5 *10 11)
[STDOUT  ] 2017-10-23T10:13:53.898343461Z: [    1.195275] ACPI: PCI Interrupt Link [LNKF] (IRQs 5 *10 11)
[STDOUT  ] 2017-10-23T10:13:53.900164255Z: [    1.197131] ACPI: PCI Interrupt Link [LNKG] (IRQs 5 10 *11)
[STDOUT  ] 2017-10-23T10:13:53.90196499Z: [    1.198955] ACPI: PCI Interrupt Link [LNKH] (IRQs 5 10 *11)
[STDOUT  ] 2017-10-23T10:13:53.902902416Z: [    1.200040] ACPI: PCI Interrupt Link [GSIA] (IRQs *16)
[STDOUT  ] 2017-10-23T10:13:53.903728936Z: [    1.200745] ACPI: PCI Interrupt Link [GSIB] (IRQs *17)
[STDOUT  ] 2017-10-23T10:13:53.904568625Z: [    1.201526] ACPI: PCI Interrupt Link [GSIC] (IRQs *18)
[STDOUT  ] 2017-10-23T10:13:53.905336547Z: [    1.202332] ACPI: PCI Interrupt Link [GSID] (IRQs *19)
[STDOUT  ] 2017-10-23T10:13:53.906133793Z: [    1.203126] ACPI: PCI Interrupt Link [GSIE] (IRQs *20)
[STDOUT  ] 2017-10-23T10:13:53.906901666Z: [    1.203906] ACPI: PCI Interrupt Link [GSIF] (IRQs *21)
[STDOUT  ] 2017-10-23T10:13:53.907661745Z: [    1.204698] ACPI: PCI Interrupt Link [GSIG] (IRQs *22)
[STDOUT  ] 2017-10-23T10:13:53.908550816Z: [    1.205511] ACPI: PCI Interrupt Link [GSIH] (IRQs *23)
[STDOUT  ] 2017-10-23T10:13:53.9123341Z: [    1.209241] ACPI: Enabled 2 GPEs in block 00 to 3F
[STDOUT  ] 2017-10-23T10:13:53.916452831Z: [    1.213610] SCSI subsystem initialized
[STDOUT  ] 2017-10-23T10:13:53.918248893Z: [    1.215476] ACPI: bus type USB registered
[STDOUT  ] 2017-10-23T10:13:53.919486841Z: [    1.216555] usbcore: registered new interface driver usbfs
[STDOUT  ] 2017-10-23T10:13:53.920894552Z: [    1.217752] usbcore: registered new interface driver hub
[STDOUT  ] 2017-10-23T10:13:53.921670707Z: [    1.218807] usbcore: registered new device driver usb
[STDOUT  ] 2017-10-23T10:13:53.923113286Z: [    1.220194] pps_core: LinuxPPS API ver. 1 registered
[STDOUT  ] 2017-10-23T10:13:53.923687858Z: [    1.220536] pps_core: Software ver. 5.3.6 - Copyright 2005-2007 Rodolfo Giometti <giometti@linux.it>
[STDOUT  ] 2017-10-23T10:13:53.924201661Z: [    1.221291] PTP clock support registered
[STDOUT  ] 2017-10-23T10:13:53.925493323Z: [    1.222700] wmi: Mapper loaded
[STDOUT  ] 2017-10-23T10:13:53.926602132Z: [    1.223841] PCI: Using ACPI for IRQ routing
[STDOUT  ] 2017-10-23T10:13:53.944152388Z: [    1.241272] NetLabel: Initializing
[STDOUT  ] 2017-10-23T10:13:53.944353026Z: [    1.241584] NetLabel:  domain hash size = 128
[STDOUT  ] 2017-10-23T10:13:53.944887982Z: [    1.241917] NetLabel:  protocols = UNLABELED CIPSOv4
[STDOUT  ] 2017-10-23T10:13:53.947835712Z: [    1.244738] NetLabel:  unlabeled traffic allowed by default
[STDOUT  ] 2017-10-23T10:13:53.949144649Z: [    1.246102] HPET: 3 timers in total, 0 timers will be used for per-cpu timer
[STDOUT  ] 2017-10-23T10:13:53.950496415Z: [    1.247332] hpet0: at MMIO 0xfed00000, IRQs 2, 8, 0
[STDOUT  ] 2017-10-23T10:13:53.950831007Z: [    1.247957] hpet0: 3 comparators, 64-bit 100.000000 MHz counter
[STDOUT  ] 2017-10-23T10:13:53.958268475Z: [    1.254562] clocksource: Switched to clocksource hpet
[STDOUT  ] 2017-10-23T10:13:54.205901796Z: [    1.497926] VFS: Disk quotas dquot_6.6.0
[STDOUT  ] 2017-10-23T10:13:54.206869207Z: [    1.498669] VFS: Dquot-cache hash table entries: 512 (order 0, 4096 bytes)
[STDOUT  ] 2017-10-23T10:13:54.210778507Z: [    1.502781] FS-Cache: Loaded
[STDOUT  ] 2017-10-23T10:13:54.215672224Z: [    1.507718] CacheFiles: Loaded
[STDOUT  ] 2017-10-23T10:13:54.217196665Z: [    1.509373] pnp: PnP ACPI init
[STDOUT  ] 2017-10-23T10:13:54.228725267Z: [    1.520545] pnp: PnP ACPI: found 5 devices
[STDOUT  ] 2017-10-23T10:13:54.276721404Z: [    1.568501] clocksource: acpi_pm: mask: 0xffffff max_cycles: 0xffffff, max_idle_ns: 2085701024 ns
[STDOUT  ] 2017-10-23T10:13:54.280948711Z: [    1.572911] NET: Registered protocol family 2
[STDOUT  ] 2017-10-23T10:13:54.288224856Z: [    1.580320] TCP established hash table entries: 8192 (order: 4, 65536 bytes)
[STDOUT  ] 2017-10-23T10:13:54.289074559Z: [    1.580986] TCP bind hash table entries: 8192 (order: 5, 131072 bytes)
[STDOUT  ] 2017-10-23T10:13:54.28984406Z: [    1.581771] TCP: Hash tables configured (established 8192 bind 8192)
[STDOUT  ] 2017-10-23T10:13:54.291663649Z: [    1.583692] UDP hash table entries: 512 (order: 2, 16384 bytes)
[STDOUT  ] 2017-10-23T10:13:54.292425324Z: [    1.584301] UDP-Lite hash table entries: 512 (order: 2, 16384 bytes)
[STDOUT  ] 2017-10-23T10:13:54.294652597Z: [    1.586659] NET: Registered protocol family 1
[STDOUT  ] 2017-10-23T10:13:54.295960702Z: [    1.587671] pci 0000:00:01.0: Video device with shadowed ROM at [mem 0x000c0000-0x000dffff]
[STDOUT  ] 2017-10-23T10:13:54.303583012Z: [    1.595694] Unpacking initramfs...
[STDOUT  ] 2017-10-23T10:13:59.217101426Z: [    6.509081] Freeing initrd memory: 32324K
[STDOUT  ] 2017-10-23T10:13:59.242115104Z: [    6.534090] PCLMULQDQ-NI instructions are not detected.
[STDOUT  ] 2017-10-23T10:13:59.243700084Z: [    6.535614] AVX or AES-NI instructions are not detected.
[STDOUT  ] 2017-10-23T10:13:59.244130149Z: [    6.536124] CPU feature 'AVX registers' is not supported.
[STDOUT  ] 2017-10-23T10:13:59.244619527Z: [    6.536604] CPU feature 'AVX registers' is not supported.
[STDOUT  ] 2017-10-23T10:13:59.245236384Z: [    6.537119] CPU feature 'AVX registers' is not supported.
[STDOUT  ] 2017-10-23T10:13:59.245597616Z: [    6.537562] CPU feature 'AVX registers' is not supported.
[STDOUT  ] 2017-10-23T10:13:59.246138195Z: [    6.538071] AVX2 or AES-NI instructions are not detected.
[STDOUT  ] 2017-10-23T10:13:59.246449043Z: [    6.538499] AVX2 instructions are not detected.
[STDOUT  ] 2017-10-23T10:13:59.252874343Z: [    6.544837] audit: initializing netlink subsys (disabled)
[STDOUT  ] 2017-10-23T10:13:59.254374002Z: [    6.546436] audit: type=2000 audit(1508753637.540:1): initialized
[STDOUT  ] 2017-10-23T10:13:59.26200658Z: [    6.553988] workingset: timestamp_bits=46 max_order=18 bucket_order=0
[STDOUT  ] 2017-10-23T10:13:59.26624529Z: [    6.558304] squashfs: version 4.0 (2009/01/31) Phillip Lougher
[STDOUT  ] 2017-10-23T10:13:59.269025033Z: [    6.561058] FS-Cache: Netfs 'cifs' registered for caching
[STDOUT  ] 2017-10-23T10:13:59.269967824Z: [    6.561986] fuse init (API version 7.26)
[STDOUT  ] 2017-10-23T10:13:59.272343Z: [    6.564179] SGI XFS with ACLs, security attributes, no debug enabled
[STDOUT  ] 2017-10-23T10:13:59.278617415Z: [    6.570672] 9p: Installing v9fs 9p2000 file system support
[STDOUT  ] 2017-10-23T10:13:59.279538824Z: [    6.571486] FS-Cache: Netfs '9p' registered for caching
[STDOUT  ] 2017-10-23T10:13:59.31173575Z: [    6.603784] NET: Registered protocol family 38
[STDOUT  ] 2017-10-23T10:13:59.312361509Z: [    6.604436] Key type asymmetric registered
[STDOUT  ] 2017-10-23T10:13:59.31295595Z: [    6.604826] Asymmetric key parser 'x509' registered
[STDOUT  ] 2017-10-23T10:13:59.314085758Z: [    6.605926] Block layer SCSI generic (bsg) driver version 0.4 loaded (major 251)
[STDOUT  ] 2017-10-23T10:13:59.315735221Z: [    6.607829] io scheduler noop registered
[STDOUT  ] 2017-10-23T10:13:59.316172644Z: [    6.608175] io scheduler deadline registered (default)
[STDOUT  ] 2017-10-23T10:13:59.316932862Z: [    6.609014] io scheduler cfq registered
[STDOUT  ] 2017-10-23T10:13:59.320753703Z: [    6.612757] pci_hotplug: PCI Hot Plug PCI Core version: 0.5
[STDOUT  ] 2017-10-23T10:13:59.321537315Z: [    6.613436] pciehp: PCI Express Hot Plug Controller Driver version: 0.4
[STDOUT  ] 2017-10-23T10:13:59.322302745Z: [    6.614324] shpchp: Standard Hot Plug PCI Controller Driver version: 0.4
[STDOUT  ] 2017-10-23T10:13:59.323114516Z: [    6.615143] hv_vmbus: registering driver hyperv_fb
[STDOUT  ] 2017-10-23T10:13:59.326343224Z: [    6.618201] input: Power Button as /devices/LNXSYSTM:00/LNXPWRBN:00/input/input0
[STDOUT  ] 2017-10-23T10:13:59.327281678Z: [    6.619358] ACPI: Power Button [PWRF]
[STDOUT  ] 2017-10-23T10:13:59.332681778Z: [    6.624690] GHES: HEST is not enabled!
[STDOUT  ] 2017-10-23T10:13:59.343957869Z: [    6.635829] ACPI: PCI Interrupt Link [GSIG] enabled at IRQ 22
[STDOUT  ] 2017-10-23T10:13:59.355759716Z: [    6.647676] ACPI: PCI Interrupt Link [GSIH] enabled at IRQ 23
[STDOUT  ] 2017-10-23T10:13:59.360235641Z: [    6.652080] xenfs: not registering filesystem on non-xen platform
[STDOUT  ] 2017-10-23T10:13:59.362163149Z: [    6.654174] Serial: 8250/16550 driver, 4 ports, IRQ sharing disabled
[STDOUT  ] 2017-10-23T10:13:59.387113014Z: [    6.678994] 00:04: ttyS0 at I/O 0x3f8 (irq = 4, base_baud = 115200) is a 16550A
[STDOUT  ] 2017-10-23T10:13:59.399325542Z: [    6.691243] Non-volatile memory driver v1.3
[STDOUT  ] 2017-10-23T10:13:59.405856884Z: [    6.697668] Hangcheck: starting hangcheck timer 0.9.1 (tick is 180 seconds, margin is 60 seconds).
[STDOUT  ] 2017-10-23T10:13:59.441802895Z: [    6.733808] loop: module loaded
[STDOUT  ] 2017-10-23T10:13:59.4573866Z: [    6.749385] nbd: registered device at major 43
[STDOUT  ] 2017-10-23T10:13:59.499261059Z: [    6.791086] lpc_ich 0000:00:1f.0: I/O space for GPIO uninitialized
[STDOUT  ] 2017-10-23T10:13:59.501484433Z: [    6.793498] VMware PVSCSI driver - version 1.0.7.0-k
[STDOUT  ] 2017-10-23T10:13:59.502473144Z: [    6.794396] hv_vmbus: registering driver hv_storvsc
[STDOUT  ] 2017-10-23T10:13:59.512845283Z: [    6.804733] ACPI: PCI Interrupt Link [GSIA] enabled at IRQ 16
[STDOUT  ] 2017-10-23T10:13:59.51909593Z: [    6.810986] ahci 0000:00:1f.2: AHCI 0001.0000 32 slots 6 ports 1.5 Gbps 0x3f impl SATA mode
[STDOUT  ] 2017-10-23T10:13:59.519688884Z: [    6.811703] ahci 0000:00:1f.2: flags: 64bit ncq only 
[STDOUT  ] 2017-10-23T10:13:59.539809017Z: [    6.831942] scsi host0: ahci
[STDOUT  ] 2017-10-23T10:13:59.544821818Z: [    6.837020] scsi host1: ahci
[STDOUT  ] 2017-10-23T10:13:59.54710882Z: [    6.839298] scsi host2: ahci
[STDOUT  ] 2017-10-23T10:13:59.549515582Z: [    6.841675] scsi host3: ahci
[STDOUT  ] 2017-10-23T10:13:59.551784366Z: [    6.843923] scsi host4: ahci
[STDOUT  ] 2017-10-23T10:13:59.554906392Z: [    6.847112] scsi host5: ahci
[STDOUT  ] 2017-10-23T10:13:59.557481289Z: [    6.849360] ata1: SATA max UDMA/133 abar m4096@0xfebd2000 port 0xfebd2100 irq 24
[STDOUT  ] 2017-10-23T10:13:59.558242867Z: [    6.849870] ata2: SATA max UDMA/133 abar m4096@0xfebd2000 port 0xfebd2180 irq 24
[STDOUT  ] 2017-10-23T10:13:59.558780317Z: [    6.850696] ata3: SATA max UDMA/133 abar m4096@0xfebd2000 port 0xfebd2200 irq 24
[STDOUT  ] 2017-10-23T10:13:59.559408621Z: [    6.851237] ata4: SATA max UDMA/133 abar m4096@0xfebd2000 port 0xfebd2280 irq 24
[STDOUT  ] 2017-10-23T10:13:59.559718307Z: [    6.851697] ata5: SATA max UDMA/133 abar m4096@0xfebd2000 port 0xfebd2300 irq 24
[STDOUT  ] 2017-10-23T10:13:59.560222144Z: [    6.852158] ata6: SATA max UDMA/133 abar m4096@0xfebd2000 port 0xfebd2380 irq 24
[STDOUT  ] 2017-10-23T10:13:59.573095337Z: [    6.865108] tun: Universal TUN/TAP device driver, 1.6
[STDOUT  ] 2017-10-23T10:13:59.573424759Z: [    6.865468] tun: (C) 1999-2004 Max Krasnyansky <maxk@qualcomm.com>
[STDOUT  ] 2017-10-23T10:13:59.583733883Z: [    6.875724] VMware vmxnet3 virtual NIC driver - version 1.4.a.0-k-NAPI
[STDOUT  ] 2017-10-23T10:13:59.584578243Z: [    6.876602] hv_vmbus: registering driver hv_netvsc
[STDOUT  ] 2017-10-23T10:13:59.584908937Z: [    6.876936] Fusion MPT base driver 3.04.20
[STDOUT  ] 2017-10-23T10:13:59.585234275Z: [    6.877220] Copyright (c) 1999-2008 LSI Corporation
[STDOUT  ] 2017-10-23T10:13:59.585809538Z: [    6.877881] Fusion MPT SPI Host driver 3.04.20
[STDOUT  ] 2017-10-23T10:13:59.588214384Z: [    6.879942] i8042: PNP: PS/2 Controller [PNP0303:KBD,PNP0f13:MOU] at 0x60,0x64 irq 1,12
[STDOUT  ] 2017-10-23T10:13:59.592151727Z: [    6.884203] serio: i8042 KBD port at 0x60,0x64 irq 1
[STDOUT  ] 2017-10-23T10:13:59.592825285Z: [    6.884893] serio: i8042 AUX port at 0x60,0x64 irq 12
[STDOUT  ] 2017-10-23T10:13:59.596015217Z: [    6.887875] hv_vmbus: registering driver hyperv_keyboard
[STDOUT  ] 2017-10-23T10:13:59.598413565Z: [    6.890484] mousedev: PS/2 mouse device common for all mice
[STDOUT  ] 2017-10-23T10:13:59.603357831Z: [    6.895060] input: AT Translated Set 2 keyboard as /devices/platform/i8042/serio0/input/input1
[STDOUT  ] 2017-10-23T10:13:59.605850029Z: [    6.897913] input: PC Speaker as /devices/platform/pcspkr/input/input2
[STDOUT  ] 2017-10-23T10:13:59.609583511Z: [    6.901649] rtc_cmos 00:00: RTC can wake from S4
[STDOUT  ] 2017-10-23T10:13:59.612748406Z: [    6.904802] rtc_cmos 00:00: rtc core: registered rtc_cmos as rtc0
[STDOUT  ] 2017-10-23T10:13:59.6140984Z: [    6.906005] rtc_cmos 00:00: alarms up to one day, y3k, 114 bytes nvram, hpet irqs
[STDOUT  ] 2017-10-23T10:13:59.614586261Z: [    6.906758] i2c /dev entries driver
[STDOUT  ] 2017-10-23T10:13:59.616711183Z: [    6.908650] device-mapper: ioctl: 4.35.0-ioctl (2016-06-23) initialised: dm-devel@redhat.com
[STDOUT  ] 2017-10-23T10:13:59.62138079Z: [    6.913397] usbcore: registered new interface driver usbhid
[STDOUT  ] 2017-10-23T10:13:59.621730591Z: [    6.913739] usbhid: USB HID core driver
[STDOUT  ] 2017-10-23T10:13:59.622369539Z: [    6.914407] hv_utils: Registering HyperV Utility Driver
[STDOUT  ] 2017-10-23T10:13:59.622707007Z: [    6.914729] hv_vmbus: registering driver hv_util
[STDOUT  ] 2017-10-23T10:13:59.623025533Z: [    6.915066] hv_vmbus: registering driver hv_balloon
[STDOUT  ] 2017-10-23T10:13:59.623492592Z: [    6.915658] oprofile: using NMI interrupt.
[STDOUT  ] 2017-10-23T10:13:59.624555019Z: [    6.916734] GACT probability on
[STDOUT  ] 2017-10-23T10:13:59.625030152Z: [    6.917231] Mirror/redirect action on
[STDOUT  ] 2017-10-23T10:13:59.625887598Z: [    6.918079] Simple TC action Loaded
[STDOUT  ] 2017-10-23T10:13:59.626509265Z: [    6.918680] u32 classifier
[STDOUT  ] 2017-10-23T10:13:59.626676528Z: [    6.918858]     Performance counters on
[STDOUT  ] 2017-10-23T10:13:59.627038133Z: [    6.919100]     input device check on
[STDOUT  ] 2017-10-23T10:13:59.627204769Z: [    6.919377]     Actions configured
[STDOUT  ] 2017-10-23T10:13:59.627956119Z: [    6.920008] Netfilter messages via NETLINK v0.30.
[STDOUT  ] 2017-10-23T10:13:59.628858234Z: [    6.920885] nfnl_acct: registering with nfnetlink.
[STDOUT  ] 2017-10-23T10:13:59.630348314Z: [    6.922377] nf_conntrack version 0.5.0 (8192 buckets, 32768 max)
[STDOUT  ] 2017-10-23T10:13:59.633264821Z: [    6.925270] ctnetlink v0.93: registering with nfnetlink.
[STDOUT  ] 2017-10-23T10:13:59.636388521Z: [    6.928282] nf_tables: (c) 2007-2009 Patrick McHardy <kaber@trash.net>
[STDOUT  ] 2017-10-23T10:13:59.637147258Z: [    6.929183] nf_tables_compat: (c) 2012 Pablo Neira Ayuso <pablo@netfilter.org>
[STDOUT  ] 2017-10-23T10:13:59.639622289Z: [    6.931672] xt_time: kernel timezone is -0000
[STDOUT  ] 2017-10-23T10:13:59.64008951Z: [    6.932306] ip_set: protocol 6
[STDOUT  ] 2017-10-23T10:13:59.640956872Z: [    6.932989] IPVS: Registered protocols (TCP, UDP, SCTP, AH, ESP)
[STDOUT  ] 2017-10-23T10:13:59.641719865Z: [    6.933597] IPVS: Connection hash table configured (size=4096, memory=64Kbytes)
[STDOUT  ] 2017-10-23T10:13:59.643330786Z: [    6.935360] IPVS: Creating netns size=2104 id=0
[STDOUT  ] 2017-10-23T10:13:59.645820771Z: [    6.938033] IPVS: ipvs loaded.
[STDOUT  ] 2017-10-23T10:13:59.646370582Z: [    6.938394] IPVS: [rr] scheduler registered.
[STDOUT  ] 2017-10-23T10:13:59.646691711Z: [    6.938748] IPVS: [wrr] scheduler registered.
[STDOUT  ] 2017-10-23T10:13:59.647018787Z: [    6.939023] IPVS: [lc] scheduler registered.
[STDOUT  ] 2017-10-23T10:13:59.647174462Z: [    6.939319] IPVS: [wlc] scheduler registered.
[STDOUT  ] 2017-10-23T10:13:59.647495034Z: [    6.939625] IPVS: [fo] scheduler registered.
[STDOUT  ] 2017-10-23T10:13:59.647937502Z: [    6.939931] IPVS: [ovf] scheduler registered.
[STDOUT  ] 2017-10-23T10:13:59.648890738Z: [    6.940902] IPVS: [lblc] scheduler registered.
[STDOUT  ] 2017-10-23T10:13:59.649319426Z: [    6.941376] IPVS: [lblcr] scheduler registered.
[STDOUT  ] 2017-10-23T10:13:59.649787857Z: [    6.941743] IPVS: [dh] scheduler registered.
[STDOUT  ] 2017-10-23T10:13:59.649942978Z: [    6.942099] IPVS: [sh] scheduler registered.
[STDOUT  ] 2017-10-23T10:13:59.65025524Z: [    6.942410] IPVS: [sed] scheduler registered.
[STDOUT  ] 2017-10-23T10:13:59.650612834Z: [    6.942685] IPVS: [nq] scheduler registered.
[STDOUT  ] 2017-10-23T10:13:59.651403604Z: [    6.943426] IPVS: ftp: loaded support on port[0] = 21
[STDOUT  ] 2017-10-23T10:13:59.652333958Z: [    6.944335] ipip: IPv4 and MPLS over IPv4 tunneling driver
[STDOUT  ] 2017-10-23T10:13:59.656266122Z: [    6.948322] gre: GRE over IPv4 demultiplexor driver
[STDOUT  ] 2017-10-23T10:13:59.659409334Z: [    6.951450] ip_tables: (C) 2000-2006 Netfilter Core Team
[STDOUT  ] 2017-10-23T10:13:59.662509406Z: [    6.954565] ipt_CLUSTERIP: ClusterIP Version 0.8 loaded successfully
[STDOUT  ] 2017-10-23T10:13:59.663209735Z: [    6.955269] arp_tables: arp_tables: (C) 2002 David S. Miller
[STDOUT  ] 2017-10-23T10:13:59.665504399Z: [    6.957536] NET: Registered protocol family 10
[STDOUT  ] 2017-10-23T10:13:59.675161537Z: [    6.967174] ip6_tables: (C) 2000-2006 Netfilter Core Team
[STDOUT  ] 2017-10-23T10:13:59.683183292Z: [    6.975187] NET: Registered protocol family 17
[STDOUT  ] 2017-10-23T10:13:59.684203009Z: [    6.976249] Bridge firewalling registered
[STDOUT  ] 2017-10-23T10:13:59.684657546Z: [    6.976853] Ebtables v2.0 registered
[STDOUT  ] 2017-10-23T10:13:59.686698793Z: [    6.978726] 8021q: 802.1Q VLAN Support v1.8
[STDOUT  ] 2017-10-23T10:13:59.688257603Z: [    6.980470] 9pnet: Installing 9P2000 support
[STDOUT  ] 2017-10-23T10:13:59.689893681Z: [    6.981917] Key type dns_resolver registered
[STDOUT  ] 2017-10-23T10:13:59.690841421Z: [    6.982837] microcode: AMD CPU family 0x6 not supported
[STDOUT  ] 2017-10-23T10:13:59.694322897Z: [    6.986532] registered taskstats version 1
[STDOUT  ] 2017-10-23T10:13:59.848847628Z: [    7.140848] Key type big_key registered
[STDOUT  ] 2017-10-23T10:13:59.892804196Z: [    7.184771] ata3: SATA link up 1.5 Gbps (SStatus 113 SControl 300)
[STDOUT  ] 2017-10-23T10:13:59.898933383Z: [    7.190986] ata3.00: ATAPI: QEMU DVD-ROM, 2.5+, max UDMA/100
[STDOUT  ] 2017-10-23T10:13:59.899485709Z: [    7.191497] ata3.00: applying bridge limits
[STDOUT  ] 2017-10-23T10:13:59.900873082Z: [    7.192941] ata6: SATA link down (SStatus 0 SControl 300)
[STDOUT  ] 2017-10-23T10:13:59.902329724Z: [    7.194334] ata2: SATA link down (SStatus 0 SControl 300)
[STDOUT  ] 2017-10-23T10:13:59.902794277Z: [    7.194815] ata1: SATA link up 1.5 Gbps (SStatus 113 SControl 300)
[STDOUT  ] 2017-10-23T10:13:59.903744137Z: [    7.195775] ata1.00: ATA-7: QEMU HARDDISK, 2.5+, max UDMA/100
[STDOUT  ] 2017-10-23T10:13:59.904199916Z: [    7.196184] ata1.00: 524288 sectors, multi 16: LBA48 NCQ (depth 31/32)
[STDOUT  ] 2017-10-23T10:13:59.904572668Z: [    7.196775] ata1.00: applying bridge limits
[STDOUT  ] 2017-10-23T10:13:59.905695046Z: [    7.197746] ata1.00: configured for UDMA/100
[STDOUT  ] 2017-10-23T10:13:59.907760943Z: [    7.199790] ata4: SATA link down (SStatus 0 SControl 300)
[STDOUT  ] 2017-10-23T10:13:59.908536702Z: [    7.200555] ata5: SATA link down (SStatus 0 SControl 300)
[STDOUT  ] 2017-10-23T10:13:59.925997636Z: [    7.217950] ata3.00: configured for UDMA/100
[STDOUT  ] 2017-10-23T10:13:59.929509785Z: [    7.221415] scsi 0:0:0:0: Direct-Access     ATA      QEMU HARDDISK    2.5+ PQ: 0 ANSI: 5
[STDOUT  ] 2017-10-23T10:13:59.94167918Z: [    7.233624] sd 0:0:0:0: [sda] 524288 512-byte logical blocks: (268 MB/256 MiB)
[STDOUT  ] 2017-10-23T10:13:59.944003141Z: [    7.235997] sd 0:0:0:0: Attached scsi generic sg0 type 0
[STDOUT  ] 2017-10-23T10:13:59.946211123Z: [    7.238233] sd 0:0:0:0: [sda] Write Protect is off
[STDOUT  ] 2017-10-23T10:13:59.950425327Z: [    7.242292] sd 0:0:0:0: [sda] Write cache: enabled, read cache: enabled, doesn't support DPO or FUA
[STDOUT  ] 2017-10-23T10:13:59.952804821Z: [    7.244713] scsi 2:0:0:0: CD-ROM            QEMU     QEMU DVD-ROM     2.5+ PQ: 0 ANSI: 5
[STDOUT  ] 2017-10-23T10:13:59.970815838Z: [    7.262593] sr 2:0:0:0: [sr0] scsi3-mmc drive: 4x/4x cd/rw xa/form2 tray
[STDOUT  ] 2017-10-23T10:13:59.97131298Z: [    7.263345] cdrom: Uniform CD-ROM driver Revision: 3.20
[STDOUT  ] 2017-10-23T10:13:59.990105227Z: [    7.281952] sr 2:0:0:0: Attached scsi generic sg1 type 5
[STDOUT  ] 2017-10-23T10:14:00.010545253Z: [    7.302631] sd 0:0:0:0: [sda] Attached SCSI disk
[STDOUT  ] 2017-10-23T10:14:00.043407456Z: [    7.335409] Key type encrypted registered
[STDOUT  ] 2017-10-23T10:14:00.049648887Z: [    7.341557] rtc_cmos 00:00: setting system clock to 2017-10-23 10:13:59 UTC (1508753639)
[STDOUT  ] 2017-10-23T10:14:00.19490206Z: [    7.486907] Freeing unused kernel memory: 1380K
[STDOUT  ] 2017-10-23T10:14:00.195351876Z: [    7.487303] Write protecting the kernel read-only data: 12288k
[STDOUT  ] 2017-10-23T10:14:00.20275802Z: [    7.494787] Freeing unused kernel memory: 124K
[STDOUT  ] 2017-10-23T10:14:00.290405217Z: [    7.582429] Freeing unused kernel memory: 1392K
[STDOUT  ] 2017-10-23T10:14:00.29138743Z: [    7.583209] tsc: Refined TSC clocksource calibration: 2599.985 MHz
[STDOUT  ] 2017-10-23T10:14:00.291985307Z: [    7.583745] clocksource: tsc: mask: 0xffffffffffffffff max_cycles: 0x257a2dcb3ef, max_idle_ns: 440795261592 ns
[STDOUT  ] 2017-10-23T10:14:01.304726403Z: [    8.596682] clocksource: Switched to clocksource tsc
[STDOUT  ] 2017-10-23T10:14:09.723349286Z: 
[STDOUT  ] 2017-10-23T10:14:09.723934955Z: Welcome to LinuxKit
[STDOUT  ] 2017-10-23T10:14:09.724062271Z: 
[STDOUT  ] 2017-10-23T10:14:09.724543774Z:                         ##         .
[STDOUT  ] 2017-10-23T10:14:09.725028087Z:                   ## ## ##        ==
[STDOUT  ] 2017-10-23T10:14:09.725334939Z:                ## ## ## ## ##    ===
[STDOUT  ] 2017-10-23T10:14:09.725753092Z:            /"""""""""""""""""\___/ ===
[STDOUT  ] 2017-10-23T10:14:09.726302279Z:           {                       /  ===-
[STDOUT  ] 2017-10-23T10:14:09.726703858Z:            \______ O           __/
[STDOUT  ] 2017-10-23T10:14:09.72699756Z:              \    \         __/
[STDOUT  ] 2017-10-23T10:14:09.72733188Z:               \____\_______/
[STDOUT  ] 2017-10-23T10:14:09.727352937Z: 
[STDOUT  ] 2017-10-23T10:14:10.563268157Z: [   17.855262] IPVS: Creating netns size=2104 id=1
[STDOUT  ] 2017-10-23T10:14:10.563930547Z: [   17.855820] IPVS: ftp: loaded support on port[0] = 21
[STDOUT  ] 2017-10-23T10:14:11.57714214Z: [   18.869011] random: fast init done
[STDOUT  ] 2017-10-23T10:14:11.686118407Z: 2017/10/23 10:14:10 Creating partition on /dev/sda
[STDOUT  ] 2017-10-23T10:14:11.79009485Z: [   19.082085]  sda:
[STDOUT  ] 2017-10-23T10:14:11.860975052Z: [   19.153130]  sda:
[STDOUT  ] 2017-10-23T10:14:11.889732153Z: [   19.181790]  sda: sda1
[STDOUT  ] 2017-10-23T10:14:11.958654366Z: [   19.250663]  sda: sda1
[STDOUT  ] 2017-10-23T10:14:13.777609602Z: 2017/10/23 10:14:12 Partition /dev/sda1 successfully created!
[STDOUT  ] 2017-10-23T10:14:14.45080633Z: [   21.742773] IPVS: Creating netns size=2104 id=2
[STDOUT  ] 2017-10-23T10:14:14.45093273Z: [   21.743057] IPVS: ftp: loaded support on port[0] = 21
[STDOUT  ] 2017-10-23T10:14:15.583576547Z: [   22.875582] EXT4-fs (sda1): couldn't mount as ext3 due to feature incompatibilities
[STDOUT  ] 2017-10-23T10:14:15.59189052Z: [   22.884061] EXT4-fs (sda1): couldn't mount as ext2 due to feature incompatibilities
[STDOUT  ] 2017-10-23T10:14:15.614992603Z: [   22.906983] EXT4-fs (sda1): mounted filesystem with ordered data mode. Opts: (null)
[STDOUT  ] 2017-10-23T10:14:22.211554678Z: [   29.503502] random: crng init done
[STDOUT  ] 2017-10-23T10:14:29.199508018Z: [   36.491487] sd 0:0:0:0: [sda] Synchronizing SCSI cache
[STDOUT  ] 2017-10-23T10:14:29.200462797Z: [   36.492479] sd 0:0:0:0: [sda] Stopping disk
[STDOUT  ] 2017-10-23T10:14:29.204289189Z: [   36.496201] ACPI: Preparing to enter system sleep state S5
[STDOUT  ] 2017-10-23T10:14:29.205560044Z: [   36.497564] reboot: Power down
[STDERR  ] 2017-10-23T10:14:29.521989014Z: + [ -f disk.img ]
[STDERR  ] 2017-10-23T10:14:29.522043942Z: + dd if=/dev/zero bs=1048576 count=256
[STDERR  ] 2017-10-23T10:14:29.714960614Z: 256+0 records in
[STDERR  ] 2017-10-23T10:14:29.715005685Z: 256+0 records out
[STDERR  ] 2017-10-23T10:14:29.715015275Z: 268435456 bytes (268 MB) copied, 0.170449 s, 1.6 GB/s
[STDERR  ] 2017-10-23T10:14:29.715203729Z: + moby build -format kernel+initrd -name extend-ext4 test.yml
[STDERR  ] 2017-10-23T10:14:29.74075358Z: Extract kernel image: linuxkit/kernel:4.9.56
[STDERR  ] 2017-10-23T10:14:31.494148378Z: Add init containers:
[STDERR  ] 2017-10-23T10:14:34.082037193Z: Add onboot containers:
[STDERR  ] 2017-10-23T10:14:34.082078002Z:   Create OCI config for linuxkit/extend:24c25db2ef9b329b5ac67a6c3bcb84ec808141d7
[STDERR  ] 2017-10-23T10:14:35.936899309Z: time="2017-10-23T10:14:35Z" level=warning msg="certificate with CN Moby CI is near expiry" 
[STDERR  ] 2017-10-23T10:14:35.937179656Z: time="2017-10-23T10:14:35Z" level=warning msg="certificate with CN Rolf Neugebauer is near expiry" 
[STDERR  ] 2017-10-23T10:14:36.223182357Z: time="2017-10-23T10:14:36Z" level=warning msg="certificate with CN Rolf Neugebauer is near expiry" 
[STDERR  ] 2017-10-23T10:14:36.238640492Z: Pull image: docker.io/linuxkit/extend:24c25db2ef9b329b5ac67a6c3bcb84ec808141d7@sha256:b674581852f3ced826026e95181db7830252d6577200317df0b5b6d3268d2bf9
[STDERR  ] 2017-10-23T10:14:42.535948803Z:   Create OCI config for linuxkit/mount:ef2e2106212b2d333b548821191f04da984ef48f
[STDERR  ] 2017-10-23T10:14:43.658018405Z: time="2017-10-23T10:14:43Z" level=warning msg="certificate with CN Rolf Neugebauer is near expiry" 
[STDERR  ] 2017-10-23T10:14:43.660338094Z: time="2017-10-23T10:14:43Z" level=warning msg="certificate with CN Rolf Neugebauer is near expiry" 
[STDERR  ] 2017-10-23T10:14:43.826192674Z:   Create OCI config for alpine:3.6
[STDERR  ] 2017-10-23T10:14:45.013123506Z:   Create OCI config for linuxkit/poweroff:ffd3f539a6f4e67d4cd4ff36503636de35edd7b2
[STDERR  ] 2017-10-23T10:14:46.126235375Z: time="2017-10-23T10:14:46Z" level=warning msg="certificate with CN Rolf Neugebauer is near expiry" 
[STDERR  ] 2017-10-23T10:14:46.127789398Z: time="2017-10-23T10:14:46Z" level=warning msg="certificate with CN Rolf Neugebauer is near expiry" 
[STDERR  ] 2017-10-23T10:14:46.269474331Z: Add files:
[STDERR  ] 2017-10-23T10:14:46.269536901Z:   check.sh
[STDERR  ] 2017-10-23T10:14:46.278178582Z: Create outputs:
[STDERR  ] 2017-10-23T10:14:51.546626653Z:   extend-ext4-kernel extend-ext4-initrd.img extend-ext4-cmdline
[STDERR  ] 2017-10-23T10:14:51.600723977Z: + linuxkit run -disk file=disk.img extend-ext4
[STDERR  ] 2017-10-23T10:14:51.618206173Z: Unable to find qemu-system-x86_64 within the $PATH. Using a container
[STDERR  ] 2017-10-23T10:14:51.618345568Z: Using existing disk [disk.img] format 
[STDERR  ] 2017-10-23T10:14:52.036445494Z: WARNING: Image format was not specified for 'disk.img' and probing guessed raw.
[STDERR  ] 2017-10-23T10:14:52.036494759Z:          Automatically detecting the format is dangerous for raw images, write operations on block 0 will be restricted.
[STDERR  ] 2017-10-23T10:14:52.036508629Z:          Specify the 'raw' format explicitly to remove the restrictions.
[STDERR  ] 2017-10-23T10:15:33.048761583Z: + RESULT=[    0.000000] Linux version 4.9.56-linuxkit (root@368f7e67b442) (gcc version 6.3.0 (Alpine 6.3.0) ) #1 SMP Sat Oct 14 12:45:06 UTC 2017
[STDERR  ] 2017-10-23T10:15:33.048815296Z: [    0.000000] Command line: console=ttyS0
[STDERR  ] 2017-10-23T10:15:33.048826961Z: [    0.000000] x86/fpu: Legacy x87 FPU detected.
[STDERR  ] 2017-10-23T10:15:33.048837946Z: [    0.000000] x86/fpu: Using 'eager' FPU context switches.
[STDERR  ] 2017-10-23T10:15:33.04884958Z: [    0.000000] e820: BIOS-provided physical RAM map:
[STDERR  ] 2017-10-23T10:15:33.048868991Z: [    0.000000] BIOS-e820: [mem 0x0000000000000000-0x000000000009fbff] usable
[STDERR  ] 2017-10-23T10:15:33.048879648Z: [    0.000000] BIOS-e820: [mem 0x000000000009fc00-0x000000000009ffff] reserved
[STDERR  ] 2017-10-23T10:15:33.048890052Z: [    0.000000] BIOS-e820: [mem 0x00000000000f0000-0x00000000000fffff] reserved
[STDERR  ] 2017-10-23T10:15:33.048899608Z: [    0.000000] BIOS-e820: [mem 0x0000000000100000-0x000000003ffdefff] usable
[STDERR  ] 2017-10-23T10:15:33.048909539Z: [    0.000000] BIOS-e820: [mem 0x000000003ffdf000-0x000000003fffffff] reserved
[STDERR  ] 2017-10-23T10:15:33.048919372Z: [    0.000000] BIOS-e820: [mem 0x00000000b0000000-0x00000000bfffffff] reserved
[STDERR  ] 2017-10-23T10:15:33.048928799Z: [    0.000000] BIOS-e820: [mem 0x00000000fed1c000-0x00000000fed1ffff] reserved
[STDERR  ] 2017-10-23T10:15:33.048938779Z: [    0.000000] BIOS-e820: [mem 0x00000000fffc0000-0x00000000ffffffff] reserved
[STDERR  ] 2017-10-23T10:15:33.048949018Z: [    0.000000] NX (Execute Disable) protection: active
[STDERR  ] 2017-10-23T10:15:33.048959635Z: [    0.000000] SMBIOS 2.8 present.
[STDERR  ] 2017-10-23T10:15:33.048981655Z: [    0.000000] e820: last_pfn = 0x3ffdf max_arch_pfn = 0x400000000
[STDERR  ] 2017-10-23T10:15:33.048992068Z: [    0.000000] x86/PAT: Configuration [0-7]: WB  WC  UC- UC  WB  WC  UC- WT  
[STDERR  ] 2017-10-23T10:15:33.049001603Z: [    0.000000] found SMP MP-table at [mem 0x000f6aa0-0x000f6aaf] mapped at [ffff8dec400f6aa0]
[STDERR  ] 2017-10-23T10:15:33.04901216Z: [    0.000000] RAMDISK: [mem 0x3df2b000-0x3ffcffff]
[STDERR  ] 2017-10-23T10:15:33.04902229Z: [    0.000000] ACPI: Early table checksum verification disabled
[STDERR  ] 2017-10-23T10:15:33.049032399Z: [    0.000000] ACPI: RSDP 0x00000000000F68C0 000014 (v00 BOCHS )
[STDERR  ] 2017-10-23T10:15:33.049041879Z: [    0.000000] ACPI: RSDT 0x000000003FFE2404 000034 (v01 BOCHS  BXPCRSDT 00000001 BXPC 00000001)
[STDERR  ] 2017-10-23T10:15:33.04905169Z: [    0.000000] ACPI: FACP 0x000000003FFE22A4 000074 (v01 BOCHS  BXPCFACP 00000001 BXPC 00000001)
[STDERR  ] 2017-10-23T10:15:33.049062199Z: [    0.000000] ACPI: DSDT 0x000000003FFE0040 002264 (v01 BOCHS  BXPCDSDT 00000001 BXPC 00000001)
[STDERR  ] 2017-10-23T10:15:33.049072645Z: [    0.000000] ACPI: FACS 0x000000003FFE0000 000040
[STDERR  ] 2017-10-23T10:15:33.049117695Z: [    0.000000] ACPI: APIC 0x000000003FFE2318 000078 (v01 BOCHS  BXPCAPIC 00000001 BXPC 00000001)
[STDERR  ] 2017-10-23T10:15:33.049130899Z: [    0.000000] ACPI: HPET 0x000000003FFE2390 000038 (v01 BOCHS  BXPCHPET 00000001 BXPC 00000001)
[STDERR  ] 2017-10-23T10:15:33.049142089Z: [    0.000000] ACPI: MCFG 0x000000003FFE23C8 00003C (v01 BOCHS  BXPCMCFG 00000001 BXPC 00000001)
[STDERR  ] 2017-10-23T10:15:33.049152559Z: [    0.000000] Zone ranges:
[STDERR  ] 2017-10-23T10:15:33.049162153Z: [    0.000000]   DMA      [mem 0x0000000000001000-0x0000000000ffffff]
[STDERR  ] 2017-10-23T10:15:33.049172014Z: [    0.000000]   DMA32    [mem 0x0000000001000000-0x000000003ffdefff]
[STDERR  ] 2017-10-23T10:15:33.049183553Z: [    0.000000]   Normal   empty
[STDERR  ] 2017-10-23T10:15:33.049192976Z: [    0.000000] Movable zone start for each node
[STDERR  ] 2017-10-23T10:15:33.049203224Z: [    0.000000] Early memory node ranges
[STDERR  ] 2017-10-23T10:15:33.049212984Z: [    0.000000]   node   0: [mem 0x0000000000001000-0x000000000009efff]
[STDERR  ] 2017-10-23T10:15:33.049225567Z: [    0.000000]   node   0: [mem 0x0000000000100000-0x000000003ffdefff]
[STDERR  ] 2017-10-23T10:15:33.049235266Z: [    0.000000] Initmem setup node 0 [mem 0x0000000000001000-0x000000003ffdefff]
[STDERR  ] 2017-10-23T10:15:33.04924535Z: [    0.000000] ACPI: PM-Timer IO Port: 0x608
[STDERR  ] 2017-10-23T10:15:33.049255147Z: [    0.000000] ACPI: LAPIC_NMI (acpi_id[0xff] dfl dfl lint[0x1])
[STDERR  ] 2017-10-23T10:15:33.049264969Z: [    0.000000] IOAPIC[0]: apic_id 0, version 32, address 0xfec00000, GSI 0-23
[STDERR  ] 2017-10-23T10:15:33.049274708Z: [    0.000000] ACPI: INT_SRC_OVR (bus 0 bus_irq 0 global_irq 2 dfl dfl)
[STDERR  ] 2017-10-23T10:15:33.04928897Z: [    0.000000] ACPI: INT_SRC_OVR (bus 0 bus_irq 5 global_irq 5 high level)
[STDERR  ] 2017-10-23T10:15:33.049298818Z: [    0.000000] ACPI: INT_SRC_OVR (bus 0 bus_irq 9 global_irq 9 high level)
[STDERR  ] 2017-10-23T10:15:33.04930861Z: [    0.000000] ACPI: INT_SRC_OVR (bus 0 bus_irq 10 global_irq 10 high level)
[STDERR  ] 2017-10-23T10:15:33.049318777Z: [    0.000000] ACPI: INT_SRC_OVR (bus 0 bus_irq 11 global_irq 11 high level)
[STDERR  ] 2017-10-23T10:15:33.049328507Z: [    0.000000] Using ACPI (MADT) for SMP configuration information
[STDERR  ] 2017-10-23T10:15:33.049338431Z: [    0.000000] ACPI: HPET id: 0x8086a201 base: 0xfed00000
[STDERR  ] 2017-10-23T10:15:33.049349397Z: [    0.000000] smpboot: Allowing 1 CPUs, 0 hotplug CPUs
[STDERR  ] 2017-10-23T10:15:33.049359262Z: [    0.000000] e820: [mem 0x40000000-0xafffffff] available for PCI devices
[STDERR  ] 2017-10-23T10:15:33.049368725Z: [    0.000000] Booting paravirtualized kernel on bare hardware
[STDERR  ] 2017-10-23T10:15:33.049378004Z: [    0.000000] clocksource: refined-jiffies: mask: 0xffffffff max_cycles: 0xffffffff, max_idle_ns: 19112604462750000 ns
[STDERR  ] 2017-10-23T10:15:33.049388991Z: [    0.000000] setup_percpu: NR_CPUS:128 nr_cpumask_bits:128 nr_cpu_ids:1 nr_node_ids:1
[STDERR  ] 2017-10-23T10:15:33.04940538Z: [    0.000000] percpu: Embedded 35 pages/cpu @ffff8dec7dc00000 s105240 r8192 d29928 u2097152
[STDERR  ] 2017-10-23T10:15:33.049415466Z: [    0.000000] Built 1 zonelists in Zone order, mobility grouping on.  Total pages: 257896
[STDERR  ] 2017-10-23T10:15:33.049424425Z: [    0.000000] Kernel command line: console=ttyS0
[STDERR  ] 2017-10-23T10:15:33.049433871Z: [    0.000000] PID hash table entries: 4096 (order: 3, 32768 bytes)
[STDERR  ] 2017-10-23T10:15:33.049444008Z: [    0.000000] Dentry cache hash table entries: 131072 (order: 8, 1048576 bytes)
[STDERR  ] 2017-10-23T10:15:33.049454139Z: [    0.000000] Inode-cache hash table entries: 65536 (order: 7, 524288 bytes)
[STDERR  ] 2017-10-23T10:15:33.049465312Z: [    0.000000] Memory: 980744K/1048052K available (8053K kernel code, 1367K rwdata, 2704K rodata, 1380K init, 568K bss, 67308K reserved, 0K cma-reserved)
[STDERR  ] 2017-10-23T10:15:33.049476642Z: [    0.000000] Hierarchical RCU implementation.
[STDERR  ] 2017-10-23T10:15:33.049500288Z: [    0.000000] 	Build-time adjustment of leaf fanout to 64.
[STDERR  ] 2017-10-23T10:15:33.049510413Z: [    0.000000] 	RCU restricting CPUs from NR_CPUS=128 to nr_cpu_ids=1.
[STDERR  ] 2017-10-23T10:15:33.049520985Z: [    0.000000] RCU: Adjusting geometry for rcu_fanout_leaf=64, nr_cpu_ids=1
[STDERR  ] 2017-10-23T10:15:33.049532106Z: [    0.000000] NR_IRQS:8448 nr_irqs:256 16
[STDERR  ] 2017-10-23T10:15:33.049541823Z: [    0.000000] Console: colour VGA+ 80x25
[STDERR  ] 2017-10-23T10:15:33.049552226Z: [    0.000000] console [ttyS0] enabled
[STDERR  ] 2017-10-23T10:15:33.049568089Z: [    0.000000] clocksource: hpet: mask: 0xffffffff max_cycles: 0xffffffff, max_idle_ns: 19112604467 ns
[STDERR  ] 2017-10-23T10:15:33.049578716Z: [    0.000000] tsc: Fast TSC calibration using PIT
[STDERR  ] 2017-10-23T10:15:33.049588196Z: [    0.000000] tsc: Detected 2600.001 MHz processor
[STDERR  ] 2017-10-23T10:15:33.049597354Z: [    0.022219] Calibrating delay loop (skipped), value calculated using timer frequency.. 5200.00 BogoMIPS (lpj=26000010)
[STDERR  ] 2017-10-23T10:15:33.049607212Z: [    0.030533] pid_max: default: 32768 minimum: 301
[STDERR  ] 2017-10-23T10:15:33.049616299Z: [    0.031489] ACPI: Core revision 20160831
[STDERR  ] 2017-10-23T10:15:33.04962498Z: [    0.073589] ACPI: 1 ACPI AML tables successfully acquired and loaded
[STDERR  ] 2017-10-23T10:15:33.049634467Z: [    0.078232] Security Framework initialized
[STDERR  ] 2017-10-23T10:15:33.049643169Z: [    0.078558] Yama: becoming mindful.
[STDERR  ] 2017-10-23T10:15:33.049652837Z: [    0.081276] Mount-cache hash table entries: 2048 (order: 2, 16384 bytes)
[STDERR  ] 2017-10-23T10:15:33.049662504Z: [    0.081715] Mountpoint-cache hash table entries: 2048 (order: 2, 16384 bytes)
[STDERR  ] 2017-10-23T10:15:33.049678006Z: [    0.099798] Last level iTLB entries: 4KB 0, 2MB 0, 4MB 0
[STDERR  ] 2017-10-23T10:15:33.049695344Z: [    0.100118] Last level dTLB entries: 4KB 0, 2MB 0, 4MB 0, 1GB 0
[STDERR  ] 2017-10-23T10:15:33.049705618Z: [    0.391078] Freeing SMP alternatives memory: 20K
[STDERR  ] 2017-10-23T10:15:33.04971563Z: [    0.401120] ftrace: allocating 35582 entries in 139 pages
[STDERR  ] 2017-10-23T10:15:33.049725223Z: [    0.559254] smpboot: Max logical packages: 1
[STDERR  ] 2017-10-23T10:15:33.04973436Z: [    0.566246] ..TIMER: vector=0x30 apic1=0 pin1=2 apic2=-1 pin2=-1
[STDERR  ] 2017-10-23T10:15:33.049744057Z: [    0.670000] smpboot: CPU0: AMD QEMU Virtual CPU version 2.5+ (family: 0x6, model: 0x6, stepping: 0x3)
[STDERR  ] 2017-10-23T10:15:33.049760031Z: [    0.670000] Performance Events: PMU not available due to virtualization, using software events only.
[STDERR  ] 2017-10-23T10:15:33.049769681Z: [    0.679063] NMI watchdog: disabled (cpu0): hardware events not enabled
[STDERR  ] 2017-10-23T10:15:33.049779587Z: [    0.679544] NMI watchdog: Shutting down hard lockup detector on all cpus
[STDERR  ] 2017-10-23T10:15:33.049789098Z: [    0.683417] x86: Booted up 1 node, 1 CPUs
[STDERR  ] 2017-10-23T10:15:33.04979816Z: [    0.683855] smpboot: Total of 1 processors activated (5200.00 BogoMIPS)
[STDERR  ] 2017-10-23T10:15:33.049807834Z: [    0.697102] devtmpfs: initialized
[STDERR  ] 2017-10-23T10:15:33.049816878Z: [    0.702251] x86/mm: Memory block size: 128MB
[STDERR  ] 2017-10-23T10:15:33.049826125Z: [    0.761046] clocksource: jiffies: mask: 0xffffffff max_cycles: 0xffffffff, max_idle_ns: 19112604462750000 ns
[STDERR  ] 2017-10-23T10:15:33.049838584Z: [    0.762035] futex hash table entries: 256 (order: 2, 16384 bytes)
[STDERR  ] 2017-10-23T10:15:33.049848801Z: [    0.771879] NET: Registered protocol family 16
[STDERR  ] 2017-10-23T10:15:33.049870878Z: [    0.780976] cpuidle: using governor ladder
[STDERR  ] 2017-10-23T10:15:33.049883491Z: [    0.781458] cpuidle: using governor menu
[STDERR  ] 2017-10-23T10:15:33.049892988Z: [    0.782670] ACPI: bus type PCI registered
[STDERR  ] 2017-10-23T10:15:33.049903878Z: [    0.785463] PCI: MMCONFIG for domain 0000 [bus 00-ff] at [mem 0xb0000000-0xbfffffff] (base 0xb0000000)
[STDERR  ] 2017-10-23T10:15:33.049920298Z: [    0.786212] PCI: MMCONFIG at [mem 0xb0000000-0xbfffffff] reserved in E820
[STDERR  ] 2017-10-23T10:15:33.049930694Z: [    0.787618] PCI: Using configuration type 1 for base access
[STDERR  ] 2017-10-23T10:15:33.049941099Z: [    0.840189] HugeTLB registered 2 MB page size, pre-allocated 0 pages
[STDERR  ] 2017-10-23T10:15:33.049951166Z: [    0.851738] ACPI: Added _OSI(Module Device)
[STDERR  ] 2017-10-23T10:15:33.049961741Z: [    0.852038] ACPI: Added _OSI(Processor Device)
[STDERR  ] 2017-10-23T10:15:33.049979486Z: [    0.852341] ACPI: Added _OSI(3.0 _SCP Extensions)
[STDERR  ] 2017-10-23T10:15:33.049989286Z: [    0.852637] ACPI: Added _OSI(Processor Aggregator Device)
[STDERR  ] 2017-10-23T10:15:33.049998255Z: [    0.923303] ACPI: Interpreter enabled
[STDERR  ] 2017-10-23T10:15:33.050007217Z: [    0.924304] ACPI: (supports S0 S5)
[STDERR  ] 2017-10-23T10:15:33.050016132Z: [    0.924674] ACPI: Using IOAPIC for interrupt routing
[STDERR  ] 2017-10-23T10:15:33.050025197Z: [    0.927319] PCI: Using host bridge windows from ACPI; if necessary, use "pci=nocrs" and report a bug
[STDERR  ] 2017-10-23T10:15:33.050034329Z: [    0.987875] ACPI: PCI Root Bridge [PCI0] (domain 0000 [bus 00-ff])
[STDERR  ] 2017-10-23T10:15:33.050043917Z: [    0.989029] acpi PNP0A08:00: _OSC: OS supports [ExtendedConfig ASPM ClockPM Segments MSI]
[STDERR  ] 2017-10-23T10:15:33.050053336Z: [    0.995695] acpi PNP0A08:00: _OSC: OS now controls [PCIeHotplug PME PCIeCapability]
[STDERR  ] 2017-10-23T10:15:33.050062892Z: [    0.999122] PCI host bridge to bus 0000:00
[STDERR  ] 2017-10-23T10:15:33.050072179Z: [    0.999582] pci_bus 0000:00: root bus resource [io  0x0000-0x0cf7 window]
[STDERR  ] 2017-10-23T10:15:33.050082426Z: [    1.000065] pci_bus 0000:00: root bus resource [io  0x0d00-0xffff window]
[STDERR  ] 2017-10-23T10:15:33.050106267Z: [    1.000524] pci_bus 0000:00: root bus resource [mem 0x000a0000-0x000bffff window]
[STDERR  ] 2017-10-23T10:15:33.050116377Z: [    1.001510] pci_bus 0000:00: root bus resource [mem 0xc0000000-0xfebfffff window]
[STDERR  ] 2017-10-23T10:15:33.050126328Z: [    1.002134] pci_bus 0000:00: root bus resource [bus 00-ff]
[STDERR  ] 2017-10-23T10:15:33.050141517Z: [    1.105336] pci 0000:00:1f.0: quirk: [io  0x0600-0x067f] claimed by ICH6 ACPI/GPIO/TCO
[STDERR  ] 2017-10-23T10:15:33.050151507Z: [    1.167608] ACPI: PCI Interrupt Link [LNKA] (IRQs 5 *10 11)
[STDERR  ] 2017-10-23T10:15:33.050160477Z: [    1.171473] ACPI: PCI Interrupt Link [LNKB] (IRQs 5 *10 11)
[STDERR  ] 2017-10-23T10:15:33.050169667Z: [    1.173518] ACPI: PCI Interrupt Link [LNKC] (IRQs 5 10 *11)
[STDERR  ] 2017-10-23T10:15:33.050178854Z: [    1.175350] ACPI: PCI Interrupt Link [LNKD] (IRQs 5 10 *11)
[STDERR  ] 2017-10-23T10:15:33.050188043Z: [    1.177138] ACPI: PCI Interrupt Link [LNKE] (IRQs 5 *10 11)
[STDERR  ] 2017-10-23T10:15:33.050202486Z: [    1.178924] ACPI: PCI Interrupt Link [LNKF] (IRQs 5 *10 11)
[STDERR  ] 2017-10-23T10:15:33.050211691Z: [    1.180875] ACPI: PCI Interrupt Link [LNKG] (IRQs 5 10 *11)
[STDERR  ] 2017-10-23T10:15:33.050220651Z: [    1.182666] ACPI: PCI Interrupt Link [LNKH] (IRQs 5 10 *11)
[STDERR  ] 2017-10-23T10:15:33.050230114Z: [    1.183565] ACPI: PCI Interrupt Link [GSIA] (IRQs *16)
[STDERR  ] 2017-10-23T10:15:33.050244891Z: [    1.184344] ACPI: PCI Interrupt Link [GSIB] (IRQs *17)
[STDERR  ] 2017-10-23T10:15:33.050262017Z: [    1.185068] ACPI: PCI Interrupt Link [GSIC] (IRQs *18)
[STDERR  ] 2017-10-23T10:15:33.050271032Z: [    1.185840] ACPI: PCI Interrupt Link [GSID] (IRQs *19)
[STDERR  ] 2017-10-23T10:15:33.050279889Z: [    1.186612] ACPI: PCI Interrupt Link [GSIE] (IRQs *20)
[STDERR  ] 2017-10-23T10:15:33.050288575Z: [    1.187386] ACPI: PCI Interrupt Link [GSIF] (IRQs *21)
[STDERR  ] 2017-10-23T10:15:33.050297459Z: [    1.188162] ACPI: PCI Interrupt Link [GSIG] (IRQs *22)
[STDERR  ] 2017-10-23T10:15:33.050310582Z: [    1.188942] ACPI: PCI Interrupt Link [GSIH] (IRQs *23)
[STDERR  ] 2017-10-23T10:15:33.050319395Z: [    1.192832] ACPI: Enabled 2 GPEs in block 00 to 3F
[STDERR  ] 2017-10-23T10:15:33.050334811Z: [    1.197225] SCSI subsystem initialized
[STDERR  ] 2017-10-23T10:15:33.050343997Z: [    1.199077] ACPI: bus type USB registered
[STDERR  ] 2017-10-23T10:15:33.050352907Z: [    1.200416] usbcore: registered new interface driver usbfs
[STDERR  ] 2017-10-23T10:15:33.050362154Z: [    1.201399] usbcore: registered new interface driver hub
[STDERR  ] 2017-10-23T10:15:33.050371774Z: [    1.202305] usbcore: registered new device driver usb
[STDERR  ] 2017-10-23T10:15:33.050380389Z: [    1.203502] pps_core: LinuxPPS API ver. 1 registered
[STDERR  ] 2017-10-23T10:15:33.050389774Z: [    1.203828] pps_core: Software ver. 5.3.6 - Copyright 2005-2007 Rodolfo Giometti <giometti@linux.it>
[STDERR  ] 2017-10-23T10:15:33.05039935Z: [    1.204576] PTP clock support registered
[STDERR  ] 2017-10-23T10:15:33.050408256Z: [    1.205820] wmi: Mapper loaded
[STDERR  ] 2017-10-23T10:15:33.05041695Z: [    1.206933] PCI: Using ACPI for IRQ routing
[STDERR  ] 2017-10-23T10:15:33.050425518Z: [    1.224481] NetLabel: Initializing
[STDERR  ] 2017-10-23T10:15:33.050434243Z: [    1.224769] NetLabel:  domain hash size = 128
[STDERR  ] 2017-10-23T10:15:33.050443825Z: [    1.225152] NetLabel:  protocols = UNLABELED CIPSOv4
[STDERR  ] 2017-10-23T10:15:33.050477118Z: [    1.227869] NetLabel:  unlabeled traffic allowed by default
[STDERR  ] 2017-10-23T10:15:33.050486589Z: [    1.229106] HPET: 3 timers in total, 0 timers will be used for per-cpu timer
[STDERR  ] 2017-10-23T10:15:33.050496805Z: [    1.229960] hpet0: at MMIO 0xfed00000, IRQs 2, 8, 0
[STDERR  ] 2017-10-23T10:15:33.050506138Z: [    1.230587] hpet0: 3 comparators, 64-bit 100.000000 MHz counter
[STDERR  ] 2017-10-23T10:15:33.050515865Z: [    1.237878] clocksource: Switched to clocksource hpet
[STDERR  ] 2017-10-23T10:15:33.050528559Z: [    1.474679] VFS: Disk quotas dquot_6.6.0
[STDERR  ] 2017-10-23T10:15:33.050534499Z: [    1.475575] VFS: Dquot-cache hash table entries: 512 (order 0, 4096 bytes)
[STDERR  ] 2017-10-23T10:15:33.05054062Z: [    1.479192] FS-Cache: Loaded
[STDERR  ] 2017-10-23T10:15:33.050546134Z: [    1.484870] CacheFiles: Loaded
[STDERR  ] 2017-10-23T10:15:33.050554551Z: [    1.486494] pnp: PnP ACPI init
[STDERR  ] 2017-10-23T10:15:33.050560374Z: [    1.497892] pnp: PnP ACPI: found 5 devices
[STDERR  ] 2017-10-23T10:15:33.050565841Z: [    1.545454] clocksource: acpi_pm: mask: 0xffffff max_cycles: 0xffffff, max_idle_ns: 2085701024 ns
[STDERR  ] 2017-10-23T10:15:33.050571661Z: [    1.549549] NET: Registered protocol family 2
[STDERR  ] 2017-10-23T10:15:33.050577203Z: [    1.556832] TCP established hash table entries: 8192 (order: 4, 65536 bytes)
[STDERR  ] 2017-10-23T10:15:33.050583033Z: [    1.557684] TCP bind hash table entries: 8192 (order: 5, 131072 bytes)
[STDERR  ] 2017-10-23T10:15:33.050588719Z: [    1.558493] TCP: Hash tables configured (established 8192 bind 8192)
[STDERR  ] 2017-10-23T10:15:33.050594171Z: [    1.560578] UDP hash table entries: 512 (order: 2, 16384 bytes)
[STDERR  ] 2017-10-23T10:15:33.05060531Z: [    1.561210] UDP-Lite hash table entries: 512 (order: 2, 16384 bytes)
[STDERR  ] 2017-10-23T10:15:33.050610909Z: [    1.563545] NET: Registered protocol family 1
[STDERR  ] 2017-10-23T10:15:33.050616357Z: [    1.564551] pci 0000:00:01.0: Video device with shadowed ROM at [mem 0x000c0000-0x000dffff]
[STDERR  ] 2017-10-23T10:15:33.05062201Z: [    1.572657] Unpacking initramfs...
[STDERR  ] 2017-10-23T10:15:33.050627903Z: [    6.691995] Freeing initrd memory: 33428K
[STDERR  ] 2017-10-23T10:15:33.050633457Z: [    6.716477] PCLMULQDQ-NI instructions are not detected.
[STDERR  ] 2017-10-23T10:15:33.050639053Z: [    6.718194] AVX or AES-NI instructions are not detected.
[STDERR  ] 2017-10-23T10:15:33.050644557Z: [    6.718683] CPU feature 'AVX registers' is not supported.
[STDERR  ] 2017-10-23T10:15:33.050650037Z: [    6.719107] CPU feature 'AVX registers' is not supported.
[STDERR  ] 2017-10-23T10:15:33.050655533Z: [    6.719550] CPU feature 'AVX registers' is not supported.
[STDERR  ] 2017-10-23T10:15:33.050661083Z: [    6.719966] CPU feature 'AVX registers' is not supported.
[STDERR  ] 2017-10-23T10:15:33.050670477Z: [    6.720844] AVX2 or AES-NI instructions are not detected.
[STDERR  ] 2017-10-23T10:15:33.0506763Z: [    6.721301] AVX2 instructions are not detected.
[STDERR  ] 2017-10-23T10:15:33.050681841Z: [    6.726657] audit: initializing netlink subsys (disabled)
[STDERR  ] 2017-10-23T10:15:33.050687358Z: [    6.728270] audit: type=2000 audit(1508753699.720:1): initialized
[STDERR  ] 2017-10-23T10:15:33.050692822Z: [    6.736107] workingset: timestamp_bits=46 max_order=18 bucket_order=0
[STDERR  ] 2017-10-23T10:15:33.050698317Z: [    6.741270] squashfs: version 4.0 (2009/01/31) Phillip Lougher
[STDERR  ] 2017-10-23T10:15:33.050703845Z: [    6.743516] FS-Cache: Netfs 'cifs' registered for caching
[STDERR  ] 2017-10-23T10:15:33.050709425Z: [    6.744419] fuse init (API version 7.26)
[STDERR  ] 2017-10-23T10:15:33.050714841Z: [    6.749005] SGI XFS with ACLs, security attributes, no debug enabled
[STDERR  ] 2017-10-23T10:15:33.050721034Z: [    6.753272] 9p: Installing v9fs 9p2000 file system support
[STDERR  ] 2017-10-23T10:15:33.050726557Z: [    6.753779] FS-Cache: Netfs '9p' registered for caching
[STDERR  ] 2017-10-23T10:15:33.050736488Z: [    6.785456] NET: Registered protocol family 38
[STDERR  ] 2017-10-23T10:15:33.050742075Z: [    6.785946] Key type asymmetric registered
[STDERR  ] 2017-10-23T10:15:33.050747514Z: [    6.786301] Asymmetric key parser 'x509' registered
[STDERR  ] 2017-10-23T10:15:33.050752954Z: [    6.787334] Block layer SCSI generic (bsg) driver version 0.4 loaded (major 251)
[STDERR  ] 2017-10-23T10:15:33.050759064Z: [    6.789196] io scheduler noop registered
[STDERR  ] 2017-10-23T10:15:33.050764742Z: [    6.789540] io scheduler deadline registered (default)
[STDERR  ] 2017-10-23T10:15:33.050773125Z: [    6.791334] io scheduler cfq registered
[STDERR  ] 2017-10-23T10:15:33.050778877Z: [    6.793923] pci_hotplug: PCI Hot Plug PCI Core version: 0.5
[STDERR  ] 2017-10-23T10:15:33.050784378Z: [    6.794554] pciehp: PCI Express Hot Plug Controller Driver version: 0.4
[STDERR  ] 2017-10-23T10:15:33.050790387Z: [    6.795502] shpchp: Standard Hot Plug PCI Controller Driver version: 0.4
[STDERR  ] 2017-10-23T10:15:33.050796312Z: [    6.796381] hv_vmbus: registering driver hyperv_fb
[STDERR  ] 2017-10-23T10:15:33.050801718Z: [    6.802224] input: Power Button as /devices/LNXSYSTM:00/LNXPWRBN:00/input/input0
[STDERR  ] 2017-10-23T10:15:33.050807184Z: [    6.803314] ACPI: Power Button [PWRF]
[STDERR  ] 2017-10-23T10:15:33.050812643Z: [    6.807888] GHES: HEST is not enabled!
[STDERR  ] 2017-10-23T10:15:33.050817936Z: [    6.818235] ACPI: PCI Interrupt Link [GSIG] enabled at IRQ 22
[STDERR  ] 2017-10-23T10:15:33.050827501Z: [    6.830005] ACPI: PCI Interrupt Link [GSIH] enabled at IRQ 23
[STDERR  ] 2017-10-23T10:15:33.050833113Z: [    6.834140] xenfs: not registering filesystem on non-xen platform
[STDERR  ] 2017-10-23T10:15:33.050838563Z: [    6.836050] Serial: 8250/16550 driver, 4 ports, IRQ sharing disabled
[STDERR  ] 2017-10-23T10:15:33.050844049Z: [    6.860772] 00:04: ttyS0 at I/O 0x3f8 (irq = 4, base_baud = 115200) is a 16550A
[STDERR  ] 2017-10-23T10:15:33.050849449Z: [    6.872951] Non-volatile memory driver v1.3
[STDERR  ] 2017-10-23T10:15:33.050854962Z: [    6.880610] Hangcheck: starting hangcheck timer 0.9.1 (tick is 180 seconds, margin is 60 seconds).
[STDERR  ] 2017-10-23T10:15:33.050860533Z: [    6.916410] loop: module loaded
[STDERR  ] 2017-10-23T10:15:33.050866042Z: [    6.931975] nbd: registered device at major 43
[STDERR  ] 2017-10-23T10:15:33.050875722Z: [    6.973276] lpc_ich 0000:00:1f.0: I/O space for GPIO uninitialized
[STDERR  ] 2017-10-23T10:15:33.050881846Z: [    6.975679] VMware PVSCSI driver - version 1.0.7.0-k
[STDERR  ] 2017-10-23T10:15:33.050887359Z: [    6.976585] hv_vmbus: registering driver hv_storvsc
[STDERR  ] 2017-10-23T10:15:33.050892808Z: [    6.986513] ACPI: PCI Interrupt Link [GSIA] enabled at IRQ 16
[STDERR  ] 2017-10-23T10:15:33.050898232Z: [    6.993379] ahci 0000:00:1f.2: AHCI 0001.0000 32 slots 6 ports 1.5 Gbps 0x3f impl SATA mode
[STDERR  ] 2017-10-23T10:15:33.050908193Z: [    6.994271] ahci 0000:00:1f.2: flags: 64bit ncq only 
[STDERR  ] 2017-10-23T10:15:33.050913679Z: [    7.014874] scsi host0: ahci
[STDERR  ] 2017-10-23T10:15:33.050919123Z: [    7.020406] scsi host1: ahci
[STDERR  ] 2017-10-23T10:15:33.050924495Z: [    7.022722] scsi host2: ahci
[STDERR  ] 2017-10-23T10:15:33.050934052Z: [    7.024857] scsi host3: ahci
[STDERR  ] 2017-10-23T10:15:33.050939568Z: [    7.027004] scsi host4: ahci
[STDERR  ] 2017-10-23T10:15:33.050944912Z: [    7.029123] scsi host5: ahci
[STDERR  ] 2017-10-23T10:15:33.050950292Z: [    7.031216] ata1: SATA max UDMA/133 abar m4096@0xfebd2000 port 0xfebd2100 irq 24
[STDERR  ] 2017-10-23T10:15:33.050959886Z: [    7.031715] ata2: SATA max UDMA/133 abar m4096@0xfebd2000 port 0xfebd2180 irq 24
[STDERR  ] 2017-10-23T10:15:33.050966982Z: [    7.032130] ata3: SATA max UDMA/133 abar m4096@0xfebd2000 port 0xfebd2200 irq 24
[STDERR  ] 2017-10-23T10:15:33.050972689Z: [    7.032599] ata4: SATA max UDMA/133 abar m4096@0xfebd2000 port 0xfebd2280 irq 24
[STDERR  ] 2017-10-23T10:15:33.050982022Z: [    7.033062] ata5: SATA max UDMA/133 abar m4096@0xfebd2000 port 0xfebd2300 irq 24
[STDERR  ] 2017-10-23T10:15:33.050987552Z: [    7.033497] ata6: SATA max UDMA/133 abar m4096@0xfebd2000 port 0xfebd2380 irq 24
[STDERR  ] 2017-10-23T10:15:33.05099289Z: [    7.046563] tun: Universal TUN/TAP device driver, 1.6
[STDERR  ] 2017-10-23T10:15:33.050998384Z: [    7.046975] tun: (C) 1999-2004 Max Krasnyansky <maxk@qualcomm.com>
[STDERR  ] 2017-10-23T10:15:33.051003673Z: [    7.057550] VMware vmxnet3 virtual NIC driver - version 1.4.a.0-k-NAPI
[STDERR  ] 2017-10-23T10:15:33.051009083Z: [    7.058456] hv_vmbus: registering driver hv_netvsc
[STDERR  ] 2017-10-23T10:15:33.05101722Z: [    7.058791] Fusion MPT base driver 3.04.20
[STDERR  ] 2017-10-23T10:15:33.051023194Z: [    7.059068] Copyright (c) 1999-2008 LSI Corporation
[STDERR  ] 2017-10-23T10:15:33.051028676Z: [    7.059680] Fusion MPT SPI Host driver 3.04.20
[STDERR  ] 2017-10-23T10:15:33.05103411Z: [    7.062129] i8042: PNP: PS/2 Controller [PNP0303:KBD,PNP0f13:MOU] at 0x60,0x64 irq 1,12
[STDERR  ] 2017-10-23T10:15:33.051039649Z: [    7.066221] serio: i8042 KBD port at 0x60,0x64 irq 1
[STDERR  ] 2017-10-23T10:15:33.05104512Z: [    7.066923] serio: i8042 AUX port at 0x60,0x64 irq 12
[STDERR  ] 2017-10-23T10:15:33.051050543Z: [    7.069896] hv_vmbus: registering driver hyperv_keyboard
[STDERR  ] 2017-10-23T10:15:33.051056002Z: [    7.072499] mousedev: PS/2 mouse device common for all mice
[STDERR  ] 2017-10-23T10:15:33.05106135Z: [    7.077005] input: AT Translated Set 2 keyboard as /devices/platform/i8042/serio0/input/input1
[STDERR  ] 2017-10-23T10:15:33.051066897Z: [    7.079687] input: PC Speaker as /devices/platform/pcspkr/input/input2
[STDERR  ] 2017-10-23T10:15:33.051072469Z: [    7.083096] rtc_cmos 00:00: RTC can wake from S4
[STDERR  ] 2017-10-23T10:15:33.051077947Z: [    7.086173] rtc_cmos 00:00: rtc core: registered rtc_cmos as rtc0
[STDERR  ] 2017-10-23T10:15:33.051083366Z: [    7.087469] rtc_cmos 00:00: alarms up to one day, y3k, 114 bytes nvram, hpet irqs
[STDERR  ] 2017-10-23T10:15:33.051088832Z: [    7.088221] i2c /dev entries driver
[STDERR  ] 2017-10-23T10:15:33.05110089Z: [    7.090356] device-mapper: ioctl: 4.35.0-ioctl (2016-06-23) initialised: dm-devel@redhat.com
[STDERR  ] 2017-10-23T10:15:33.051106448Z: [    7.094868] usbcore: registered new interface driver usbhid
[STDERR  ] 2017-10-23T10:15:33.051111858Z: [    7.095219] usbhid: USB HID core driver
[STDERR  ] 2017-10-23T10:15:33.051117307Z: [    7.095827] hv_utils: Registering HyperV Utility Driver
[STDERR  ] 2017-10-23T10:15:33.0511228Z: [    7.096147] hv_vmbus: registering driver hv_util
[STDERR  ] 2017-10-23T10:15:33.051132751Z: [    7.096455] hv_vmbus: registering driver hv_balloon
[STDERR  ] 2017-10-23T10:15:33.051138393Z: [    7.096993] oprofile: using NMI interrupt.
[STDERR  ] 2017-10-23T10:15:33.051143767Z: [    7.098100] GACT probability on
[STDERR  ] 2017-10-23T10:15:33.05114923Z: [    7.098563] Mirror/redirect action on
[STDERR  ] 2017-10-23T10:15:33.051158221Z: [    7.099374] Simple TC action Loaded
[STDERR  ] 2017-10-23T10:15:33.051163817Z: [    7.100049] u32 classifier
[STDERR  ] 2017-10-23T10:15:33.051169381Z: [    7.100550]     Performance counters on
[STDERR  ] 2017-10-23T10:15:33.051174884Z: [    7.100823]     input device check on
[STDERR  ] 2017-10-23T10:15:33.051180331Z: [    7.101074]     Actions configured
[STDERR  ] 2017-10-23T10:15:33.051185898Z: [    7.101805] Netfilter messages via NETLINK v0.30.
[STDERR  ] 2017-10-23T10:15:33.051191504Z: [    7.102386] nfnl_acct: registering with nfnetlink.
[STDERR  ] 2017-10-23T10:15:33.051201065Z: [    7.103880] nf_conntrack version 0.5.0 (8192 buckets, 32768 max)
[STDERR  ] 2017-10-23T10:15:33.051206695Z: [    7.106755] ctnetlink v0.93: registering with nfnetlink.
[STDERR  ] 2017-10-23T10:15:33.051212134Z: [    7.109700] nf_tables: (c) 2007-2009 Patrick McHardy <kaber@trash.net>
[STDERR  ] 2017-10-23T10:15:33.051217534Z: [    7.110971] nf_tables_compat: (c) 2012 Pablo Neira Ayuso <pablo@netfilter.org>
[STDERR  ] 2017-10-23T10:15:33.05122304Z: [    7.113281] xt_time: kernel timezone is -0000
[STDERR  ] 2017-10-23T10:15:33.051228475Z: [    7.113819] ip_set: protocol 6
[STDERR  ] 2017-10-23T10:15:33.051233935Z: [    7.114446] IPVS: Registered protocols (TCP, UDP, SCTP, AH, ESP)
[STDERR  ] 2017-10-23T10:15:33.051239324Z: [    7.115077] IPVS: Connection hash table configured (size=4096, memory=64Kbytes)
[STDERR  ] 2017-10-23T10:15:33.051244869Z: [    7.116647] IPVS: Creating netns size=2104 id=0
[STDERR  ] 2017-10-23T10:15:33.051250346Z: [    7.119260] IPVS: ipvs loaded.
[STDERR  ] 2017-10-23T10:15:33.051255871Z: [    7.119595] IPVS: [rr] scheduler registered.
[STDERR  ] 2017-10-23T10:15:33.051264231Z: [    7.119950] IPVS: [wrr] scheduler registered.
[STDERR  ] 2017-10-23T10:15:33.051269709Z: [    7.120760] IPVS: [lc] scheduler registered.
[STDERR  ] 2017-10-23T10:15:33.051280489Z: [    7.121020] IPVS: [wlc] scheduler registered.
[STDERR  ] 2017-10-23T10:15:33.051285959Z: [    7.121301] IPVS: [fo] scheduler registered.
[STDERR  ] 2017-10-23T10:15:33.051291379Z: [    7.121618] IPVS: [ovf] scheduler registered.
[STDERR  ] 2017-10-23T10:15:33.051296786Z: [    7.122075] IPVS: [lblc] scheduler registered.
[STDERR  ] 2017-10-23T10:15:33.051302224Z: [    7.122521] IPVS: [lblcr] scheduler registered.
[STDERR  ] 2017-10-23T10:15:33.051307554Z: [    7.122866] IPVS: [dh] scheduler registered.
[STDERR  ] 2017-10-23T10:15:33.051313041Z: [    7.123120] IPVS: [sh] scheduler registered.
[STDERR  ] 2017-10-23T10:15:33.051318462Z: [    7.123424] IPVS: [sed] scheduler registered.
[STDERR  ] 2017-10-23T10:15:33.051323935Z: [    7.123704] IPVS: [nq] scheduler registered.
[STDERR  ] 2017-10-23T10:15:33.051329354Z: [    7.124497] IPVS: ftp: loaded support on port[0] = 21
[STDERR  ] 2017-10-23T10:15:33.051334864Z: [    7.125426] ipip: IPv4 and MPLS over IPv4 tunneling driver
[STDERR  ] 2017-10-23T10:15:33.051340272Z: [    7.129315] gre: GRE over IPv4 demultiplexor driver
[STDERR  ] 2017-10-23T10:15:33.051345688Z: [    7.132400] ip_tables: (C) 2000-2006 Netfilter Core Team
[STDERR  ] 2017-10-23T10:15:33.051351164Z: [    7.135435] ipt_CLUSTERIP: ClusterIP Version 0.8 loaded successfully
[STDERR  ] 2017-10-23T10:15:33.051356751Z: [    7.136159] arp_tables: arp_tables: (C) 2002 David S. Miller
[STDERR  ] 2017-10-23T10:15:33.051362242Z: [    7.138340] NET: Registered protocol family 10
[STDERR  ] 2017-10-23T10:15:33.051367761Z: [    7.147658] ip6_tables: (C) 2000-2006 Netfilter Core Team
[STDERR  ] 2017-10-23T10:15:33.051373302Z: [    7.155986] NET: Registered protocol family 17
[STDERR  ] 2017-10-23T10:15:33.051380423Z: [    7.157107] Bridge firewalling registered
[STDERR  ] 2017-10-23T10:15:33.051386095Z: [    7.157616] Ebtables v2.0 registered
[STDERR  ] 2017-10-23T10:15:33.05139163Z: [    7.159462] 8021q: 802.1Q VLAN Support v1.8
[STDERR  ] 2017-10-23T10:15:33.051397083Z: [    7.161401] 9pnet: Installing 9P2000 support
[STDERR  ] 2017-10-23T10:15:33.051402469Z: [    7.162855] Key type dns_resolver registered
[STDERR  ] 2017-10-23T10:15:33.051411482Z: [    7.163762] microcode: AMD CPU family 0x6 not supported
[STDERR  ] 2017-10-23T10:15:33.051417277Z: [    7.167335] registered taskstats version 1
[STDERR  ] 2017-10-23T10:15:33.051422735Z: [    7.326783] Key type big_key registered
[STDERR  ] 2017-10-23T10:15:33.051428302Z: [    7.366052] ata2: SATA link down (SStatus 0 SControl 300)
[STDERR  ] 2017-10-23T10:15:33.051433859Z: [    7.369235] ata1: SATA link up 1.5 Gbps (SStatus 113 SControl 300)
[STDERR  ] 2017-10-23T10:15:33.051439336Z: [    7.372706] ata5: SATA link down (SStatus 0 SControl 300)
[STDERR  ] 2017-10-23T10:15:33.051468103Z: [    7.373502] ata3: SATA link up 1.5 Gbps (SStatus 113 SControl 300)
[STDERR  ] 2017-10-23T10:15:33.051478512Z: [    7.375313] ata3.00: ATAPI: QEMU DVD-ROM, 2.5+, max UDMA/100
[STDERR  ] 2017-10-23T10:15:33.051486862Z: [    7.375785] ata3.00: applying bridge limits
[STDERR  ] 2017-10-23T10:15:33.051492483Z: [    7.377599] ata3.00: configured for UDMA/100
[STDERR  ] 2017-10-23T10:15:33.051497865Z: [    7.378931] ata4: SATA link down (SStatus 0 SControl 300)
[STDERR  ] 2017-10-23T10:15:33.051503437Z: [    7.379857] ata1.00: ATA-7: QEMU HARDDISK, 2.5+, max UDMA/100
[STDERR  ] 2017-10-23T10:15:33.051508839Z: [    7.380515] ata1.00: 1048576 sectors, multi 16: LBA48 NCQ (depth 31/32)
[STDERR  ] 2017-10-23T10:15:33.051519551Z: [    7.381053] ata1.00: applying bridge limits
[STDERR  ] 2017-10-23T10:15:33.051529647Z: [    7.381903] ata1.00: configured for UDMA/100
[STDERR  ] 2017-10-23T10:15:33.051535183Z: [    7.384348] ata6: SATA link down (SStatus 0 SControl 300)
[STDERR  ] 2017-10-23T10:15:33.051540676Z: [    7.401036] scsi 0:0:0:0: Direct-Access     ATA      QEMU HARDDISK    2.5+ PQ: 0 ANSI: 5
[STDERR  ] 2017-10-23T10:15:33.051554741Z: [    7.415723] sd 0:0:0:0: Attached scsi generic sg0 type 0
[STDERR  ] 2017-10-23T10:15:33.051560678Z: [    7.418919] sd 0:0:0:0: [sda] 1048576 512-byte logical blocks: (537 MB/512 MiB)
[STDERR  ] 2017-10-23T10:15:33.051566224Z: [    7.431555] scsi 2:0:0:0: CD-ROM            QEMU     QEMU DVD-ROM     2.5+ PQ: 0 ANSI: 5
[STDERR  ] 2017-10-23T10:15:33.051571781Z: [    7.437019] sd 0:0:0:0: [sda] Write Protect is off
[STDERR  ] 2017-10-23T10:15:33.051581226Z: [    7.438819] sd 0:0:0:0: [sda] Write cache: enabled, read cache: enabled, doesn't support DPO or FUA
[STDERR  ] 2017-10-23T10:15:33.05158694Z: [    7.453175] sr 2:0:0:0: [sr0] scsi3-mmc drive: 4x/4x cd/rw xa/form2 tray
[STDERR  ] 2017-10-23T10:15:33.051592546Z: [    7.453877] cdrom: Uniform CD-ROM driver Revision: 3.20
[STDERR  ] 2017-10-23T10:15:33.051597921Z: [    7.467125]  sda: sda1
[STDERR  ] 2017-10-23T10:15:33.051603547Z: [    7.473521] sr 2:0:0:0: Attached scsi generic sg1 type 5
[STDERR  ] 2017-10-23T10:15:33.051608904Z: [    7.493363] sd 0:0:0:0: [sda] Attached SCSI disk
[STDERR  ] 2017-10-23T10:15:33.051614286Z: [    7.526664] Key type encrypted registered
[STDERR  ] 2017-10-23T10:15:33.051619663Z: [    7.533168] rtc_cmos 00:00: setting system clock to 2017-10-23 10:15:01 UTC (1508753701)
[STDERR  ] 2017-10-23T10:15:33.051629024Z: [    7.679737] Freeing unused kernel memory: 1380K
[STDERR  ] 2017-10-23T10:15:33.051634476Z: [    7.680124] Write protecting the kernel read-only data: 12288k
[STDERR  ] 2017-10-23T10:15:33.051639866Z: [    7.686991] Freeing unused kernel memory: 124K
[STDERR  ] 2017-10-23T10:15:33.051645304Z: [    7.772252] Freeing unused kernel memory: 1392K
[STDERR  ] 2017-10-23T10:15:33.051650756Z: [    7.772967] tsc: Refined TSC clocksource calibration: 2599.984 MHz
[STDERR  ] 2017-10-23T10:15:33.051656287Z: [    7.773456] clocksource: tsc: mask: 0xffffffffffffffff max_cycles: 0x257a2d1bad8, max_idle_ns: 440795292017 ns
[STDERR  ] 2017-10-23T10:15:33.051661805Z: [    8.786105] clocksource: Switched to clocksource tsc
[STDERR  ] 2017-10-23T10:15:33.051667152Z: 
[STDERR  ] 2017-10-23T10:15:33.051672927Z: Welcome to LinuxKit
[STDERR  ] 2017-10-23T10:15:33.051683432Z: 
[STDERR  ] 2017-10-23T10:15:33.051689087Z:                         ##         .
[STDERR  ] 2017-10-23T10:15:33.051697709Z:                   ## ## ##        ==
[STDERR  ] 2017-10-23T10:15:33.051703539Z:                ## ## ## ## ##    ===
[STDERR  ] 2017-10-23T10:15:33.051709158Z:            /"""""""""""""""""\___/ ===
[STDERR  ] 2017-10-23T10:15:33.051714575Z:           {                       /  ===-
[STDERR  ] 2017-10-23T10:15:33.051720038Z:            \______ O           __/
[STDERR  ] 2017-10-23T10:15:33.051725417Z:              \    \         __/
[STDERR  ] 2017-10-23T10:15:33.051730877Z:               \____\_______/
[STDERR  ] 2017-10-23T10:15:33.051736171Z: 
[STDERR  ] 2017-10-23T10:15:33.051741661Z: [   19.042681] IPVS: Creating netns size=2104 id=1
[STDERR  ] 2017-10-23T10:15:33.051747018Z: [   19.043267] IPVS: ftp: loaded support on port[0] = 21
[STDERR  ] 2017-10-23T10:15:33.051752515Z: [   20.694333] random: fast init done
[STDERR  ] 2017-10-23T10:15:33.051757914Z: [   20.694867]  sda:
[STDERR  ] 2017-10-23T10:15:33.051763342Z: [   20.778070]  sda:
[STDERR  ] 2017-10-23T10:15:33.051772944Z: [   20.811622]  sda: sda1
[STDERR  ] 2017-10-23T10:15:33.051778378Z: [   20.960638]  sda: sda1
[STDERR  ] 2017-10-23T10:15:33.051783734Z: [   21.040590]  sda: sda1
[STDERR  ] 2017-10-23T10:15:33.051789054Z: 2017/10/23 10:15:16 Successfully resized /dev/sda
[STDERR  ] 2017-10-23T10:15:33.051794392Z: [   24.197979] IPVS: Creating netns size=2104 id=2
[STDERR  ] 2017-10-23T10:15:33.051799796Z: [   24.198270] IPVS: ftp: loaded support on port[0] = 21
[STDERR  ] 2017-10-23T10:15:33.051805178Z: [   25.276929] EXT4-fs (sda1): couldn't mount as ext3 due to feature incompatibilities
[STDERR  ] 2017-10-23T10:15:33.051810759Z: [   25.291138] EXT4-fs (sda1): couldn't mount as ext2 due to feature incompatibilities
[STDERR  ] 2017-10-23T10:15:33.051816192Z: [   25.316635] EXT4-fs (sda1): mounted filesystem with ordered data mode. Opts: (null)
[STDERR  ] 2017-10-23T10:15:33.051824625Z: + [ -f /var/lib/docker/bar ]
[STDERR  ] 2017-10-23T10:15:33.05183036Z: + touch /var/lib/docker/foo
[STDERR  ] 2017-10-23T10:15:33.051835996Z: + df -h
[STDERR  ] 2017-10-23T10:15:33.05184145Z: + grep -qE [4-5][0-9]{2}\.[0-9]{1,}M
[STDERR  ] 2017-10-23T10:15:33.051847068Z: + printf extend test suite PASSED\n
[STDERR  ] 2017-10-23T10:15:33.051852468Z: extend test suite PASSED
[STDERR  ] 2017-10-23T10:15:33.051862078Z: [   29.411735] random: crng init done
[STDERR  ] 2017-10-23T10:15:33.051867588Z: [   38.932233] sd 0:0:0:0: [sda] Synchronizing SCSI cache
[STDERR  ] 2017-10-23T10:15:33.051872992Z: [   38.933397] sd 0:0:0:0: [sda] Stopping disk
[STDERR  ] 2017-10-23T10:15:33.051878452Z: [   38.937093] ACPI: Preparing to enter system sleep state S5
[STDERR  ] 2017-10-23T10:15:33.051883865Z: [   38.938555] reboot: Power down
[STDERR  ] 2017-10-23T10:15:33.051891463Z: + echo [    0.000000] Linux version 4.9.56-linuxkit (root@368f7e67b442) (gcc version 6.3.0 (Alpine 6.3.0) ) #1 SMP Sat Oct 14 12:45:06 UTC 2017
[STDERR  ] 2017-10-23T10:15:33.051898049Z: [    0.000000] Command line: console=ttyS0
[STDERR  ] 2017-10-23T10:15:33.051903468Z: [    0.000000] x86/fpu: Legacy x87 FPU detected.
[STDERR  ] 2017-10-23T10:15:33.05190881Z: [    0.000000] x86/fpu: Using 'eager' FPU context switches.
[STDERR  ] 2017-10-23T10:15:33.051914272Z: [    0.000000] e820: BIOS-provided physical RAM map:
[STDERR  ] 2017-10-23T10:15:33.051919722Z: [    0.000000] BIOS-e820: [mem 0x0000000000000000-0x000000000009fbff] usable
[STDERR  ] 2017-10-23T10:15:33.051925316Z: [    0.000000] BIOS-e820: [mem 0x000000000009fc00-0x000000000009ffff] reserved
[STDERR  ] 2017-10-23T10:15:33.051930828Z: [    0.000000] BIOS-e820: [mem 0x00000000000f0000-0x00000000000fffff] reserved
[STDERR  ] 2017-10-23T10:15:33.051936292Z: [    0.000000] BIOS-e820: [mem 0x0000000000100000-0x000000003ffdefff] usable
[STDERR  ] 2017-10-23T10:15:33.051946096Z: [    0.000000] BIOS-e820: [mem 0x000000003ffdf000-0x000000003fffffff] reserved
[STDERR  ] 2017-10-23T10:15:33.051951677Z: [    0.000000] BIOS-e820: [mem 0x00000000b0000000-0x00000000bfffffff] reserved
[STDERR  ] 2017-10-23T10:15:33.05195719Z: [    0.000000] BIOS-e820: [mem 0x00000000fed1c000-0x00000000fed1ffff] reserved
[STDERR  ] 2017-10-23T10:15:33.051966294Z: [    0.000000] BIOS-e820: [mem 0x00000000fffc0000-0x00000000ffffffff] reserved
[STDERR  ] 2017-10-23T10:15:33.051975637Z: [    0.000000] NX (Execute Disable) protection: active
[STDERR  ] 2017-10-23T10:15:33.051981214Z: [    0.000000] SMBIOS 2.8 present.
[STDERR  ] 2017-10-23T10:15:33.051986604Z: [    0.000000] e820: last_pfn = 0x3ffdf max_arch_pfn = 0x400000000
[STDERR  ] 2017-10-23T10:15:33.051992061Z: [    0.000000] x86/PAT: Configuration [0-7]: WB  WC  UC- UC  WB  WC  UC- WT  
[STDERR  ] 2017-10-23T10:15:33.051997536Z: [    0.000000] found SMP MP-table at [mem 0x000f6aa0-0x000f6aaf] mapped at [ffff8dec400f6aa0]
[STDERR  ] 2017-10-23T10:15:33.052003039Z: [    0.000000] RAMDISK: [mem 0x3df2b000-0x3ffcffff]
[STDERR  ] 2017-10-23T10:15:33.052008421Z: [    0.000000] ACPI: Early table checksum verification disabled
[STDERR  ] 2017-10-23T10:15:33.052013871Z: [    0.000000] ACPI: RSDP 0x00000000000F68C0 000014 (v00 BOCHS )
[STDERR  ] 2017-10-23T10:15:33.05201928Z: [    0.000000] ACPI: RSDT 0x000000003FFE2404 000034 (v01 BOCHS  BXPCRSDT 00000001 BXPC 00000001)
[STDERR  ] 2017-10-23T10:15:33.052024836Z: [    0.000000] ACPI: FACP 0x000000003FFE22A4 000074 (v01 BOCHS  BXPCFACP 00000001 BXPC 00000001)
[STDERR  ] 2017-10-23T10:15:33.052030431Z: [    0.000000] ACPI: DSDT 0x000000003FFE0040 002264 (v01 BOCHS  BXPCDSDT 00000001 BXPC 00000001)
[STDERR  ] 2017-10-23T10:15:33.05203592Z: [    0.000000] ACPI: FACS 0x000000003FFE0000 000040
[STDERR  ] 2017-10-23T10:15:33.052046504Z: [    0.000000] ACPI: APIC 0x000000003FFE2318 000078 (v01 BOCHS  BXPCAPIC 00000001 BXPC 00000001)
[STDERR  ] 2017-10-23T10:15:33.052052057Z: [    0.000000] ACPI: HPET 0x000000003FFE2390 000038 (v01 BOCHS  BXPCHPET 00000001 BXPC 00000001)
[STDERR  ] 2017-10-23T10:15:33.052060263Z: [    0.000000] ACPI: MCFG 0x000000003FFE23C8 00003C (v01 BOCHS  BXPCMCFG 00000001 BXPC 00000001)
[STDERR  ] 2017-10-23T10:15:33.052066064Z: [    0.000000] Zone ranges:
[STDERR  ] 2017-10-23T10:15:33.052071501Z: [    0.000000]   DMA      [mem 0x0000000000001000-0x0000000000ffffff]
[STDERR  ] 2017-10-23T10:15:33.052076921Z: [    0.000000]   DMA32    [mem 0x0000000001000000-0x000000003ffdefff]
[STDERR  ] 2017-10-23T10:15:33.052082351Z: [    0.000000]   Normal   empty
[STDERR  ] 2017-10-23T10:15:33.05208775Z: [    0.000000] Movable zone start for each node
[STDERR  ] 2017-10-23T10:15:33.052099021Z: [    0.000000] Early memory node ranges
[STDERR  ] 2017-10-23T10:15:33.052104591Z: [    0.000000]   node   0: [mem 0x0000000000001000-0x000000000009efff]
[STDERR  ] 2017-10-23T10:15:33.052110002Z: [    0.000000]   node   0: [mem 0x0000000000100000-0x000000003ffdefff]
[STDERR  ] 2017-10-23T10:15:33.052119812Z: [    0.000000] Initmem setup node 0 [mem 0x0000000000001000-0x000000003ffdefff]
[STDERR  ] 2017-10-23T10:15:33.052125235Z: [    0.000000] ACPI: PM-Timer IO Port: 0x608
[STDERR  ] 2017-10-23T10:15:33.052130725Z: [    0.000000] ACPI: LAPIC_NMI (acpi_id[0xff] dfl dfl lint[0x1])
[STDERR  ] 2017-10-23T10:15:33.052136271Z: [    0.000000] IOAPIC[0]: apic_id 0, version 32, address 0xfec00000, GSI 0-23
[STDERR  ] 2017-10-23T10:15:33.052141675Z: [    0.000000] ACPI: INT_SRC_OVR (bus 0 bus_irq 0 global_irq 2 dfl dfl)
[STDERR  ] 2017-10-23T10:15:33.052147184Z: [    0.000000] ACPI: INT_SRC_OVR (bus 0 bus_irq 5 global_irq 5 high level)
[STDERR  ] 2017-10-23T10:15:33.052152665Z: [    0.000000] ACPI: INT_SRC_OVR (bus 0 bus_irq 9 global_irq 9 high level)
[STDERR  ] 2017-10-23T10:15:33.052158132Z: [    0.000000] ACPI: INT_SRC_OVR (bus 0 bus_irq 10 global_irq 10 high level)
[STDERR  ] 2017-10-23T10:15:33.052163632Z: [    0.000000] ACPI: INT_SRC_OVR (bus 0 bus_irq 11 global_irq 11 high level)
[STDERR  ] 2017-10-23T10:15:33.052169148Z: [    0.000000] Using ACPI (MADT) for SMP configuration information
[STDERR  ] 2017-10-23T10:15:33.052174591Z: [    0.000000] ACPI: HPET id: 0x8086a201 base: 0xfed00000
[STDERR  ] 2017-10-23T10:15:33.052180095Z: [    0.000000] smpboot: Allowing 1 CPUs, 0 hotplug CPUs
[STDERR  ] 2017-10-23T10:15:33.05218884Z: [    0.000000] e820: [mem 0x40000000-0xafffffff] available for PCI devices
[STDERR  ] 2017-10-23T10:15:33.052194537Z: [    0.000000] Booting paravirtualized kernel on bare hardware
[STDERR  ] 2017-10-23T10:15:33.052204092Z: [    0.000000] clocksource: refined-jiffies: mask: 0xffffffff max_cycles: 0xffffffff, max_idle_ns: 19112604462750000 ns
[STDERR  ] 2017-10-23T10:15:33.052210495Z: [    0.000000] setup_percpu: NR_CPUS:128 nr_cpumask_bits:128 nr_cpu_ids:1 nr_node_ids:1
[STDERR  ] 2017-10-23T10:15:33.05221604Z: [    0.000000] percpu: Embedded 35 pages/cpu @ffff8dec7dc00000 s105240 r8192 d29928 u2097152
[STDERR  ] 2017-10-23T10:15:33.052221508Z: [    0.000000] Built 1 zonelists in Zone order, mobility grouping on.  Total pages: 257896
[STDERR  ] 2017-10-23T10:15:33.052231209Z: [    0.000000] Kernel command line: console=ttyS0
[STDERR  ] 2017-10-23T10:15:33.052236799Z: [    0.000000] PID hash table entries: 4096 (order: 3, 32768 bytes)
[STDERR  ] 2017-10-23T10:15:33.052244103Z: [    0.000000] Dentry cache hash table entries: 131072 (order: 8, 1048576 bytes)
[STDERR  ] 2017-10-23T10:15:33.052249882Z: [    0.000000] Inode-cache hash table entries: 65536 (order: 7, 524288 bytes)
[STDERR  ] 2017-10-23T10:15:33.052255433Z: [    0.000000] Memory: 980744K/1048052K available (8053K kernel code, 1367K rwdata, 2704K rodata, 1380K init, 568K bss, 67308K reserved, 0K cma-reserved)
[STDERR  ] 2017-10-23T10:15:33.052261989Z: [    0.000000] Hierarchical RCU implementation.
[STDERR  ] 2017-10-23T10:15:33.052267388Z: [    0.000000] 	Build-time adjustment of leaf fanout to 64.
[STDERR  ] 2017-10-23T10:15:33.052272831Z: [    0.000000] 	RCU restricting CPUs from NR_CPUS=128 to nr_cpu_ids=1.
[STDERR  ] 2017-10-23T10:15:33.052278225Z: [    0.000000] RCU: Adjusting geometry for rcu_fanout_leaf=64, nr_cpu_ids=1
[STDERR  ] 2017-10-23T10:15:33.052286682Z: [    0.000000] NR_IRQS:8448 nr_irqs:256 16
[STDERR  ] 2017-10-23T10:15:33.052292639Z: [    0.000000] Console: colour VGA+ 80x25
[STDERR  ] 2017-10-23T10:15:33.052298455Z: [    0.000000] console [ttyS0] enabled
[STDERR  ] 2017-10-23T10:15:33.052304006Z: [    0.000000] clocksource: hpet: mask: 0xffffffff max_cycles: 0xffffffff, max_idle_ns: 19112604467 ns
[STDERR  ] 2017-10-23T10:15:33.052309639Z: [    0.000000] tsc: Fast TSC calibration using PIT
[STDERR  ] 2017-10-23T10:15:33.052315181Z: [    0.000000] tsc: Detected 2600.001 MHz processor
[STDERR  ] 2017-10-23T10:15:33.052320721Z: [    0.022219] Calibrating delay loop (skipped), value calculated using timer frequency.. 5200.00 BogoMIPS (lpj=26000010)
[STDERR  ] 2017-10-23T10:15:33.052326705Z: [    0.030533] pid_max: default: 32768 minimum: 301
[STDERR  ] 2017-10-23T10:15:33.052332316Z: [    0.031489] ACPI: Core revision 20160831
[STDERR  ] 2017-10-23T10:15:33.052337771Z: [    0.073589] ACPI: 1 ACPI AML tables successfully acquired and loaded
[STDERR  ] 2017-10-23T10:15:33.052347476Z: [    0.078232] Security Framework initialized
[STDERR  ] 2017-10-23T10:15:33.052353183Z: [    0.078558] Yama: becoming mindful.
[STDERR  ] 2017-10-23T10:15:33.052358595Z: [    0.081276] Mount-cache hash table entries: 2048 (order: 2, 16384 bytes)
[STDERR  ] 2017-10-23T10:15:33.052364037Z: [    0.081715] Mountpoint-cache hash table entries: 2048 (order: 2, 16384 bytes)
[STDERR  ] 2017-10-23T10:15:33.052373783Z: [    0.099798] Last level iTLB entries: 4KB 0, 2MB 0, 4MB 0
[STDERR  ] 2017-10-23T10:15:33.052379337Z: [    0.100118] Last level dTLB entries: 4KB 0, 2MB 0, 4MB 0, 1GB 0
[STDERR  ] 2017-10-23T10:15:33.052384773Z: [    0.391078] Freeing SMP alternatives memory: 20K
[STDERR  ] 2017-10-23T10:15:33.052390234Z: [    0.401120] ftrace: allocating 35582 entries in 139 pages
[STDERR  ] 2017-10-23T10:15:33.052395814Z: [    0.559254] smpboot: Max logical packages: 1
[STDERR  ] 2017-10-23T10:15:33.05240136Z: [    0.566246] ..TIMER: vector=0x30 apic1=0 pin1=2 apic2=-1 pin2=-1
[STDERR  ] 2017-10-23T10:15:33.052406823Z: [    0.670000] smpboot: CPU0: AMD QEMU Virtual CPU version 2.5+ (family: 0x6, model: 0x6, stepping: 0x3)
[STDERR  ] 2017-10-23T10:15:33.052416464Z: [    0.670000] Performance Events: PMU not available due to virtualization, using software events only.
[STDERR  ] 2017-10-23T10:15:33.052422009Z: [    0.679063] NMI watchdog: disabled (cpu0): hardware events not enabled
[STDERR  ] 2017-10-23T10:15:33.052427477Z: [    0.679544] NMI watchdog: Shutting down hard lockup detector on all cpus
[STDERR  ] 2017-10-23T10:15:33.052432859Z: [    0.683417] x86: Booted up 1 node, 1 CPUs
[STDERR  ] 2017-10-23T10:15:33.052438272Z: [    0.683855] smpboot: Total of 1 processors activated (5200.00 BogoMIPS)
[STDERR  ] 2017-10-23T10:15:33.052443766Z: [    0.697102] devtmpfs: initialized
[STDERR  ] 2017-10-23T10:15:33.05244932Z: [    0.702251] x86/mm: Memory block size: 128MB
[STDERR  ] 2017-10-23T10:15:33.052454829Z: [    0.761046] clocksource: jiffies: mask: 0xffffffff max_cycles: 0xffffffff, max_idle_ns: 19112604462750000 ns
[STDERR  ] 2017-10-23T10:15:33.052464506Z: [    0.762035] futex hash table entries: 256 (order: 2, 16384 bytes)
[STDERR  ] 2017-10-23T10:15:33.05247004Z: [    0.771879] NET: Registered protocol family 16
[STDERR  ] 2017-10-23T10:15:33.052479542Z: [    0.780976] cpuidle: using governor ladder
[STDERR  ] 2017-10-23T10:15:33.052485203Z: [    0.781458] cpuidle: using governor menu
[STDERR  ] 2017-10-23T10:15:33.052490766Z: [    0.782670] ACPI: bus type PCI registered
[STDERR  ] 2017-10-23T10:15:33.052496242Z: [    0.785463] PCI: MMCONFIG for domain 0000 [bus 00-ff] at [mem 0xb0000000-0xbfffffff] (base 0xb0000000)
[STDERR  ] 2017-10-23T10:15:33.052501757Z: [    0.786212] PCI: MMCONFIG at [mem 0xb0000000-0xbfffffff] reserved in E820
[STDERR  ] 2017-10-23T10:15:33.052507198Z: [    0.787618] PCI: Using configuration type 1 for base access
[STDERR  ] 2017-10-23T10:15:33.052512714Z: [    0.840189] HugeTLB registered 2 MB page size, pre-allocated 0 pages
[STDERR  ] 2017-10-23T10:15:33.052521264Z: [    0.851738] ACPI: Added _OSI(Module Device)
[STDERR  ] 2017-10-23T10:15:33.052526744Z: [    0.852038] ACPI: Added _OSI(Processor Device)
[STDERR  ] 2017-10-23T10:15:33.052532203Z: [    0.852341] ACPI: Added _OSI(3.0 _SCP Extensions)
[STDERR  ] 2017-10-23T10:15:33.052541731Z: [    0.852637] ACPI: Added _OSI(Processor Aggregator Device)
[STDERR  ] 2017-10-23T10:15:33.052547191Z: [    0.923303] ACPI: Interpreter enabled
[STDERR  ] 2017-10-23T10:15:33.052552745Z: [    0.924304] ACPI: (supports S0 S5)
[STDERR  ] 2017-10-23T10:15:33.052558154Z: [    0.924674] ACPI: Using IOAPIC for interrupt routing
[STDERR  ] 2017-10-23T10:15:33.052563525Z: [    0.927319] PCI: Using host bridge windows from ACPI; if necessary, use "pci=nocrs" and report a bug
[STDERR  ] 2017-10-23T10:15:33.052569063Z: [    0.987875] ACPI: PCI Root Bridge [PCI0] (domain 0000 [bus 00-ff])
[STDERR  ] 2017-10-23T10:15:33.052574475Z: [    0.989029] acpi PNP0A08:00: _OSC: OS supports [ExtendedConfig ASPM ClockPM Segments MSI]
[STDERR  ] 2017-10-23T10:15:33.05257993Z: [    0.995695] acpi PNP0A08:00: _OSC: OS now controls [PCIeHotplug PME PCIeCapability]
[STDERR  ] 2017-10-23T10:15:33.052585475Z: [    0.999122] PCI host bridge to bus 0000:00
[STDERR  ] 2017-10-23T10:15:33.052590993Z: [    0.999582] pci_bus 0000:00: root bus resource [io  0x0000-0x0cf7 window]
[STDERR  ] 2017-10-23T10:15:33.052596365Z: [    1.000065] pci_bus 0000:00: root bus resource [io  0x0d00-0xffff window]
[STDERR  ] 2017-10-23T10:15:33.052601845Z: [    1.000524] pci_bus 0000:00: root bus resource [mem 0x000a0000-0x000bffff window]
[STDERR  ] 2017-10-23T10:15:33.052608741Z: [    1.001510] pci_bus 0000:00: root bus resource [mem 0xc0000000-0xfebfffff window]
[STDERR  ] 2017-10-23T10:15:33.052614383Z: [    1.002134] pci_bus 0000:00: root bus resource [bus 00-ff]
[STDERR  ] 2017-10-23T10:15:33.052619814Z: [    1.105336] pci 0000:00:1f.0: quirk: [io  0x0600-0x067f] claimed by ICH6 ACPI/GPIO/TCO
[STDERR  ] 2017-10-23T10:15:33.052625245Z: [    1.167608] ACPI: PCI Interrupt Link [LNKA] (IRQs 5 *10 11)
[STDERR  ] 2017-10-23T10:15:33.052630681Z: [    1.171473] ACPI: PCI Interrupt Link [LNKB] (IRQs 5 *10 11)
[STDERR  ] 2017-10-23T10:15:33.052636241Z: [    1.173518] ACPI: PCI Interrupt Link [LNKC] (IRQs 5 10 *11)
[STDERR  ] 2017-10-23T10:15:33.052644934Z: [    1.175350] ACPI: PCI Interrupt Link [LNKD] (IRQs 5 10 *11)
[STDERR  ] 2017-10-23T10:15:33.052650499Z: [    1.177138] ACPI: PCI Interrupt Link [LNKE] (IRQs 5 *10 11)
[STDERR  ] 2017-10-23T10:15:33.052655811Z: [    1.178924] ACPI: PCI Interrupt Link [LNKF] (IRQs 5 *10 11)
[STDERR  ] 2017-10-23T10:15:33.052665324Z: [    1.180875] ACPI: PCI Interrupt Link [LNKG] (IRQs 5 10 *11)
[STDERR  ] 2017-10-23T10:15:33.052670836Z: [    1.182666] ACPI: PCI Interrupt Link [LNKH] (IRQs 5 10 *11)
[STDERR  ] 2017-10-23T10:15:33.052676176Z: [    1.183565] ACPI: PCI Interrupt Link [GSIA] (IRQs *16)
[STDERR  ] 2017-10-23T10:15:33.052681628Z: [    1.184344] ACPI: PCI Interrupt Link [GSIB] (IRQs *17)
[STDERR  ] 2017-10-23T10:15:33.052687095Z: [    1.185068] ACPI: PCI Interrupt Link [GSIC] (IRQs *18)
[STDERR  ] 2017-10-23T10:15:33.052692454Z: [    1.185840] ACPI: PCI Interrupt Link [GSID] (IRQs *19)
[STDERR  ] 2017-10-23T10:15:33.052697871Z: [    1.186612] ACPI: PCI Interrupt Link [GSIE] (IRQs *20)
[STDERR  ] 2017-10-23T10:15:33.052703261Z: [    1.187386] ACPI: PCI Interrupt Link [GSIF] (IRQs *21)
[STDERR  ] 2017-10-23T10:15:33.052708656Z: [    1.188162] ACPI: PCI Interrupt Link [GSIG] (IRQs *22)
[STDERR  ] 2017-10-23T10:15:33.052714074Z: [    1.188942] ACPI: PCI Interrupt Link [GSIH] (IRQs *23)
[STDERR  ] 2017-10-23T10:15:33.052719438Z: [    1.192832] ACPI: Enabled 2 GPEs in block 00 to 3F
[STDERR  ] 2017-10-23T10:15:33.052724955Z: [    1.197225] SCSI subsystem initialized
[STDERR  ] 2017-10-23T10:15:33.052734511Z: [    1.199077] ACPI: bus type USB registered
[STDERR  ] 2017-10-23T10:15:33.052740028Z: [    1.200416] usbcore: registered new interface driver usbfs
[STDERR  ] 2017-10-23T10:15:33.052748302Z: [    1.201399] usbcore: registered new interface driver hub
[STDERR  ] 2017-10-23T10:15:33.052753692Z: [    1.202305] usbcore: registered new device driver usb
[STDERR  ] 2017-10-23T10:15:33.052759091Z: [    1.203502] pps_core: LinuxPPS API ver. 1 registered
[STDERR  ] 2017-10-23T10:15:33.052764461Z: [    1.203828] pps_core: Software ver. 5.3.6 - Copyright 2005-2007 Rodolfo Giometti <giometti@linux.it>
[STDERR  ] 2017-10-23T10:15:33.052770094Z: [    1.204576] PTP clock support registered
[STDERR  ] 2017-10-23T10:15:33.052775576Z: [    1.205820] wmi: Mapper loaded
[STDERR  ] 2017-10-23T10:15:33.052781246Z: [    1.206933] PCI: Using ACPI for IRQ routing
[STDERR  ] 2017-10-23T10:15:33.052786559Z: [    1.224481] NetLabel: Initializing
[STDERR  ] 2017-10-23T10:15:33.05279202Z: [    1.224769] NetLabel:  domain hash size = 128
[STDERR  ] 2017-10-23T10:15:33.052797443Z: [    1.225152] NetLabel:  protocols = UNLABELED CIPSOv4
[STDERR  ] 2017-10-23T10:15:33.052802836Z: [    1.227869] NetLabel:  unlabeled traffic allowed by default
[STDERR  ] 2017-10-23T10:15:33.052808177Z: [    1.229106] HPET: 3 timers in total, 0 timers will be used for per-cpu timer
[STDERR  ] 2017-10-23T10:15:33.052813522Z: [    1.229960] hpet0: at MMIO 0xfed00000, IRQs 2, 8, 0
[STDERR  ] 2017-10-23T10:15:33.052823673Z: [    1.230587] hpet0: 3 comparators, 64-bit 100.000000 MHz counter
[STDERR  ] 2017-10-23T10:15:33.052829229Z: [    1.237878] clocksource: Switched to clocksource hpet
[STDERR  ] 2017-10-23T10:15:33.052834592Z: [    1.474679] VFS: Disk quotas dquot_6.6.0
