[INFO    ] 2018-02-08T14:43:47.865362395Z: Running Test linuxkit.kernel.kmod_4.14.x in /tmp/build/test/cases/020_kernel/016_kmod_4.14.x
[INFO    ] 2018-02-08T14:43:47.865462388Z: Running command: [/bin/sh -x /tmp/build/test/cases/020_kernel/016_kmod_4.14.x/test.sh]
[STDERR  ] 2018-02-08T14:43:47.866144634Z: + set -e
[STDERR  ] 2018-02-08T14:43:47.866254588Z: + . /tmp/build/test/cases/_lib/lib.sh
[STDERR  ] 2018-02-08T14:43:47.866264902Z: + [ -f src/github.com/linuxkit/rtf/lib/lib.sh ]
[STDERR  ] 2018-02-08T14:43:47.866274306Z: + LINUXKIT_TMPDIR=/tmp/build/test/cases/_tmp
[STDERR  ] 2018-02-08T14:43:47.86628288Z: + [ -f /tmp/build/test/cases/_tmp/env.sh ]
[STDERR  ] 2018-02-08T14:43:47.866293022Z: + . /tmp/build/test/cases/_tmp/env.sh
[STDERR  ] 2018-02-08T14:43:47.866302659Z: + export LINUXKIT_EXAMPLES_DIR=/tmp/build/test/cases/../../examples
[STDERR  ] 2018-02-08T14:43:47.86632395Z: + RT_CANCEL=253
[STDERR  ] 2018-02-08T14:43:47.866333187Z: + NAME=kmod
[STDERR  ] 2018-02-08T14:43:47.866343056Z: + IMAGE_NAME=kmod-test
[STDERR  ] 2018-02-08T14:43:47.866352895Z: + trap clean_up EXIT
[STDERR  ] 2018-02-08T14:43:47.866363111Z: + docker pull linuxkit/kernel:4.9.80
[STDOUT  ] 2018-02-08T14:43:48.988124873Z: 4.9.80: Pulling from linuxkit/kernel
[STDOUT  ] 2018-02-08T14:43:49.365294812Z: Digest: sha256:8b8a87b8f5870daf5c09e8b02106b6b6ecf886b1cef863d85e305661af4456e4
[STDOUT  ] 2018-02-08T14:43:49.365503891Z: Status: Image is up to date for linuxkit/kernel:4.9.80
[STDERR  ] 2018-02-08T14:43:49.366592175Z: + docker build -t kmod-test .
[STDOUT  ] 2018-02-08T14:43:49.457510533Z: Sending build context to Docker daemon  8.704kB
[STDOUT  ] 2018-02-08T14:43:49.519763085Z: Step 1/12 : FROM linuxkit/kernel:4.14.18 AS ksrc
[STDOUT  ] 2018-02-08T14:43:50.779646071Z: 4.14.18: Pulling from linuxkit/kernel
[STDOUT  ] 2018-02-08T14:43:51.15491046Z: Digest: sha256:f716293b46bbe03a89ab82c1d8bca68e994a3bb02c8f40cb0da0c27259d7f511
[STDOUT  ] 2018-02-08T14:43:51.310586026Z: Status: Downloaded newer image for linuxkit/kernel:4.14.18
[STDOUT  ] 2018-02-08T14:43:51.310636869Z:  ---> 2d3b534898e4
[STDOUT  ] 2018-02-08T14:43:51.310646629Z: Step 2/12 : FROM linuxkit/alpine:d307c8a386fa3f32cddda9409b9687e191cdd6f1 AS build
[STDOUT  ] 2018-02-08T14:43:51.310655864Z:  ---> 4d01d9a77113
[STDOUT  ] 2018-02-08T14:43:51.310664361Z: Step 3/12 : RUN apk add build-base libelf-dev
[STDOUT  ] 2018-02-08T14:43:51.31067265Z:  ---> Using cache
[STDOUT  ] 2018-02-08T14:43:51.310680658Z:  ---> 88cbee982651
[STDOUT  ] 2018-02-08T14:43:51.310689029Z: Step 4/12 : COPY --from=ksrc /kernel-dev.tar /
[STDOUT  ] 2018-02-08T14:43:52.75684744Z:  ---> 7fbce5f73c88
[STDOUT  ] 2018-02-08T14:43:52.776803513Z: Removing intermediate container 3fcaf7841cc3
[STDOUT  ] 2018-02-08T14:43:52.776865592Z: Step 5/12 : RUN tar xf kernel-dev.tar
[STDOUT  ] 2018-02-08T14:43:52.851622264Z:  ---> Running in 8ee5bef6b362
[STDOUT  ] 2018-02-08T14:43:58.741558291Z:  ---> 54a094b7bc9f
[STDOUT  ] 2018-02-08T14:43:59.14769048Z: Removing intermediate container 8ee5bef6b362
[STDOUT  ] 2018-02-08T14:43:59.147741378Z: Step 6/12 : WORKDIR /kmod
[STDOUT  ] 2018-02-08T14:43:59.417280141Z:  ---> 23699faa73de
[STDOUT  ] 2018-02-08T14:43:59.424014335Z: Removing intermediate container 437e7ef702fa
[STDOUT  ] 2018-02-08T14:43:59.424141122Z: Step 7/12 : COPY ./src/* ./
[STDOUT  ] 2018-02-08T14:43:59.929954893Z:  ---> 80290fa1f7d6
[STDOUT  ] 2018-02-08T14:43:59.936208927Z: Removing intermediate container 6794eaf1925c
[STDOUT  ] 2018-02-08T14:43:59.936253995Z: Step 8/12 : RUN make all
[STDOUT  ] 2018-02-08T14:44:00.01859128Z:  ---> Running in fb3b69614619
[STDOUT  ] 2018-02-08T14:44:00.308037071Z: make -C /usr/src/linux-headers-4.14.18-linuxkit M=/kmod modules
[STDOUT  ] 2018-02-08T14:44:00.309489863Z: make[1]: Entering directory '/usr/src/linux-headers-4.14.18-linuxkit'
[STDOUT  ] 2018-02-08T14:44:00.311740961Z: [91mgetconf: LFS_CFLAGS: unknown variable
[STDOUT  ] 2018-02-08T14:44:00.31249395Z: [0m[91mgetconf: LFS_LDFLAGS: unknown variable
[STDOUT  ] 2018-02-08T14:44:00.312950574Z: [0m[91mgetconf: LFS_LIBS: unknown variable
[STDOUT  ] 2018-02-08T14:44:01.472026079Z: [0m  CC [M]  /kmod/hello_world.o
[STDOUT  ] 2018-02-08T14:44:01.707089934Z:   Building modules, stage 2.
[STDOUT  ] 2018-02-08T14:44:01.715881614Z:   MODPOST 1 modules
[STDOUT  ] 2018-02-08T14:44:01.729837106Z:   CC      /kmod/hello_world.mod.o
[STDOUT  ] 2018-02-08T14:44:01.962545078Z:   LD [M]  /kmod/hello_world.ko
[STDOUT  ] 2018-02-08T14:44:01.965775675Z: make[1]: Leaving directory '/usr/src/linux-headers-4.14.18-linuxkit'
[STDOUT  ] 2018-02-08T14:44:02.401246902Z:  ---> 578bd087d305
[STDOUT  ] 2018-02-08T14:44:02.408683314Z: Removing intermediate container fb3b69614619
[STDOUT  ] 2018-02-08T14:44:02.408731695Z: Step 9/12 : FROM alpine:3.7
[STDOUT  ] 2018-02-08T14:44:02.409105184Z:  ---> 3fd9065eaf02
[STDOUT  ] 2018-02-08T14:44:02.409130497Z: Step 10/12 : COPY --from=build /kmod/hello_world.ko /
[STDOUT  ] 2018-02-08T14:44:02.80113277Z:  ---> 23d921a64ddc
[STDOUT  ] 2018-02-08T14:44:02.807382061Z: Removing intermediate container 4971661378c7
[STDOUT  ] 2018-02-08T14:44:02.807430971Z: Step 11/12 : COPY check.sh /check.sh
[STDOUT  ] 2018-02-08T14:44:03.173128291Z:  ---> c4abbeffe85c
[STDOUT  ] 2018-02-08T14:44:03.179995036Z: Removing intermediate container b7bfd237ae06
[STDOUT  ] 2018-02-08T14:44:03.180040368Z: Step 12/12 : ENTRYPOINT /bin/sh /check.sh
[STDOUT  ] 2018-02-08T14:44:03.267311451Z:  ---> Running in 3adda52c503b
[STDOUT  ] 2018-02-08T14:44:03.46583516Z:  ---> a042715828d7
[STDOUT  ] 2018-02-08T14:44:03.472412227Z: Removing intermediate container 3adda52c503b
[STDOUT  ] 2018-02-08T14:44:03.472454345Z: Successfully built a042715828d7
[STDOUT  ] 2018-02-08T14:44:03.477028408Z: Successfully tagged kmod-test:latest
[STDERR  ] 2018-02-08T14:44:03.519562943Z: + linuxkit build -format kernel+initrd -name kmod test.yml
[STDERR  ] 2018-02-08T14:44:03.548154094Z: Extract kernel image: linuxkit/kernel:4.14.18
[STDERR  ] 2018-02-08T14:44:04.759690213Z: time="2018-02-08T14:44:04Z" level=warning msg="certificate with CN  is near expiry"
[STDERR  ] 2018-02-08T14:44:04.759748366Z: time="2018-02-08T14:44:04Z" level=warning msg="certificate with CN avi@atomicinc.com is near expiry"
[STDERR  ] 2018-02-08T14:44:04.759832214Z: time="2018-02-08T14:44:04Z" level=warning msg="certificate with CN Ian Campbell is near expiry"
[STDERR  ] 2018-02-08T14:44:04.760024314Z: time="2018-02-08T14:44:04Z" level=warning msg="certificate with CN Justin Cormack is near expiry"
[STDERR  ] 2018-02-08T14:44:04.760091392Z: time="2018-02-08T14:44:04Z" level=warning msg="certificate with CN  is near expiry"
[STDERR  ] 2018-02-08T14:44:04.809398856Z: time="2018-02-08T14:44:04Z" level=warning msg="certificate with CN Justin Cormack is near expiry"
[STDERR  ] 2018-02-08T14:44:05.215407689Z: Add init containers:
[STDERR  ] 2018-02-08T14:44:05.215464531Z: Process init image: linuxkit/init:6061875ba11fd9c563fda6234b103ed9997ff782
[STDERR  ] 2018-02-08T14:44:06.245763743Z: time="2018-02-08T14:44:06Z" level=warning msg="certificate with CN Ian Campbell is near expiry"
[STDERR  ] 2018-02-08T14:44:06.24588638Z: time="2018-02-08T14:44:06Z" level=warning msg="certificate with CN Justin Cormack is near expiry"
[STDERR  ] 2018-02-08T14:44:06.246032039Z: time="2018-02-08T14:44:06Z" level=warning msg="certificate with CN  is near expiry"
[STDERR  ] 2018-02-08T14:44:06.246129489Z: time="2018-02-08T14:44:06Z" level=warning msg="certificate with CN  is near expiry"
[STDERR  ] 2018-02-08T14:44:06.246205457Z: time="2018-02-08T14:44:06Z" level=warning msg="certificate with CN avi@atomicinc.com is near expiry"
[STDERR  ] 2018-02-08T14:44:06.250440009Z: time="2018-02-08T14:44:06Z" level=warning msg="certificate with CN Justin Cormack is near expiry"
[STDERR  ] 2018-02-08T14:44:06.252031587Z: time="2018-02-08T14:44:06Z" level=warning msg="certificate with CN  is near expiry"
[STDERR  ] 2018-02-08T14:44:06.252108941Z: time="2018-02-08T14:44:06Z" level=warning msg="certificate with CN Ian Campbell is near expiry"
[STDERR  ] 2018-02-08T14:44:06.438927681Z: Process init image: linuxkit/runc:52ecfdef1ae051e7fd5ac5f1d0b7dd859adff015
[STDERR  ] 2018-02-08T14:44:07.471902857Z: time="2018-02-08T14:44:07Z" level=warning msg="certificate with CN Ian Campbell is near expiry"
[STDERR  ] 2018-02-08T14:44:07.472083359Z: time="2018-02-08T14:44:07Z" level=warning msg="certificate with CN Justin Cormack is near expiry"
[STDERR  ] 2018-02-08T14:44:07.472247739Z: time="2018-02-08T14:44:07Z" level=warning msg="certificate with CN  is near expiry"
[STDERR  ] 2018-02-08T14:44:07.472338522Z: time="2018-02-08T14:44:07Z" level=warning msg="certificate with CN  is near expiry"
[STDERR  ] 2018-02-08T14:44:07.472430652Z: time="2018-02-08T14:44:07Z" level=warning msg="certificate with CN avi@atomicinc.com is near expiry"
[STDERR  ] 2018-02-08T14:44:07.474619829Z: time="2018-02-08T14:44:07Z" level=warning msg="certificate with CN Justin Cormack is near expiry"
[STDERR  ] 2018-02-08T14:44:07.476715441Z: time="2018-02-08T14:44:07Z" level=warning msg="certificate with CN  is near expiry"
[STDERR  ] 2018-02-08T14:44:07.476855741Z: time="2018-02-08T14:44:07Z" level=warning msg="certificate with CN Ian Campbell is near expiry"
[STDERR  ] 2018-02-08T14:44:07.63047664Z: Add onboot containers:
[STDERR  ] 2018-02-08T14:44:07.630570253Z:   Create OCI config for kmod-test
[STDERR  ] 2018-02-08T14:44:07.781884528Z:   Create OCI config for linuxkit/poweroff:f9a0a5e52fd2a97908bda33db2afffafe4a6a67d
[STDERR  ] 2018-02-08T14:44:08.824315004Z: time="2018-02-08T14:44:08Z" level=warning msg="certificate with CN Justin Cormack is near expiry"
[STDERR  ] 2018-02-08T14:44:08.824556804Z: time="2018-02-08T14:44:08Z" level=warning msg="certificate with CN Rolf Neugebauer is near expiry"
[STDERR  ] 2018-02-08T14:44:08.824613196Z: time="2018-02-08T14:44:08Z" level=warning msg="certificate with CN  is near expiry"
[STDERR  ] 2018-02-08T14:44:08.824700932Z: time="2018-02-08T14:44:08Z" level=warning msg="certificate with CN  is near expiry"
[STDERR  ] 2018-02-08T14:44:08.82480142Z: time="2018-02-08T14:44:08Z" level=warning msg="certificate with CN avi@atomicinc.com is near expiry"
[STDERR  ] 2018-02-08T14:44:08.824880517Z: time="2018-02-08T14:44:08Z" level=warning msg="certificate with CN Ian Campbell is near expiry"
[STDERR  ] 2018-02-08T14:44:08.829165186Z: time="2018-02-08T14:44:08Z" level=warning msg="certificate with CN Rolf Neugebauer is near expiry"
[STDERR  ] 2018-02-08T14:44:08.830416512Z: time="2018-02-08T14:44:08Z" level=warning msg="certificate with CN  is near expiry"
[STDERR  ] 2018-02-08T14:44:08.830661955Z: time="2018-02-08T14:44:08Z" level=warning msg="certificate with CN Ian Campbell is near expiry"
[STDERR  ] 2018-02-08T14:44:08.993652681Z: Create outputs:
[STDERR  ] 2018-02-08T14:44:14.684902737Z:   kmod-kernel kmod-initrd.img kmod-cmdline
[STDERR  ] 2018-02-08T14:44:14.736481464Z: + linuxkit run kmod
[STDERR  ] 2018-02-08T14:44:14.760821879Z: Unable to find qemu-system-x86_64 within the $PATH. Using a container
[STDERR  ] 2018-02-08T14:44:24.913140445Z: + RESULT=[    0.000000] Linux version 4.14.18-linuxkit (root@1253ddcdc60c) (gcc version 6.4.0 (Alpine 6.4.0)) #1 SMP Thu Feb 8 13:40:47 UTC 2018
[STDERR  ] 2018-02-08T14:44:24.913197584Z: [    0.000000] Command line: console=ttyS0 console=ttyAMA0
[STDERR  ] 2018-02-08T14:44:24.913210384Z: [    0.000000] x86/fpu: x87 FPU will use FXSAVE
[STDERR  ] 2018-02-08T14:44:24.913220847Z: [    0.000000] e820: BIOS-provided physical RAM map:
[STDERR  ] 2018-02-08T14:44:24.913232434Z: [    0.000000] BIOS-e820: [mem 0x0000000000000000-0x000000000009fbff] usable
[STDERR  ] 2018-02-08T14:44:24.913243835Z: [    0.000000] BIOS-e820: [mem 0x000000000009fc00-0x000000000009ffff] reserved
[STDERR  ] 2018-02-08T14:44:24.913254347Z: [    0.000000] BIOS-e820: [mem 0x00000000000f0000-0x00000000000fffff] reserved
[STDERR  ] 2018-02-08T14:44:24.913339913Z: [    0.000000] BIOS-e820: [mem 0x0000000000100000-0x000000003ffdefff] usable
[STDERR  ] 2018-02-08T14:44:24.913350936Z: [    0.000000] BIOS-e820: [mem 0x000000003ffdf000-0x000000003fffffff] reserved
[STDERR  ] 2018-02-08T14:44:24.913360675Z: [    0.000000] BIOS-e820: [mem 0x00000000b0000000-0x00000000bfffffff] reserved
[STDERR  ] 2018-02-08T14:44:24.913379075Z: [    0.000000] BIOS-e820: [mem 0x00000000fed1c000-0x00000000fed1ffff] reserved
[STDERR  ] 2018-02-08T14:44:24.913388055Z: [    0.000000] BIOS-e820: [mem 0x00000000feffc000-0x00000000feffffff] reserved
[STDERR  ] 2018-02-08T14:44:24.913396598Z: [    0.000000] BIOS-e820: [mem 0x00000000fffc0000-0x00000000ffffffff] reserved
[STDERR  ] 2018-02-08T14:44:24.913409653Z: [    0.000000] NX (Execute Disable) protection: active
[STDERR  ] 2018-02-08T14:44:24.913419451Z: [    0.000000] random: fast init done
[STDERR  ] 2018-02-08T14:44:24.913429036Z: [    0.000000] SMBIOS 2.8 present.
[STDERR  ] 2018-02-08T14:44:24.9134383Z: [    0.000000] DMI: QEMU Standard PC (Q35 + ICH9, 2009), BIOS rel-1.10.2-0-g5f4c7b1-prebuilt.qemu-project.org 04/01/2014
[STDERR  ] 2018-02-08T14:44:24.913449694Z: [    0.000000] Hypervisor detected: KVM
[STDERR  ] 2018-02-08T14:44:24.913467346Z: [    0.000000] tsc: Fast TSC calibration failed
[STDERR  ] 2018-02-08T14:44:24.913476767Z: [    0.000000] tsc: Unable to calibrate against PIT
[STDERR  ] 2018-02-08T14:44:24.913485921Z: [    0.000000] tsc: No reference (HPET/PMTIMER) available
[STDERR  ] 2018-02-08T14:44:24.913495429Z: [    0.000000] e820: last_pfn = 0x3ffdf max_arch_pfn = 0x400000000
[STDERR  ] 2018-02-08T14:44:24.913504174Z: [    0.000000] x86/PAT: PAT not supported by CPU.
[STDERR  ] 2018-02-08T14:44:24.913520677Z: [    0.000000] x86/PAT: Configuration [0-7]: WB  WT  UC- UC  WB  WT  UC- UC  
[STDERR  ] 2018-02-08T14:44:24.913529866Z: [    0.000000] found SMP MP-table at [mem 0x000f6aa0-0x000f6aaf] mapped at [ffffffffff200aa0]
[STDERR  ] 2018-02-08T14:44:24.913540774Z: [    0.000000] RAMDISK: [mem 0x3e6d5000-0x3ffcffff]
[STDERR  ] 2018-02-08T14:44:24.91354959Z: [    0.000000] ACPI: Early table checksum verification disabled
[STDERR  ] 2018-02-08T14:44:24.913558673Z: [    0.000000] ACPI: RSDP 0x00000000000F68B0 000014 (v00 BOCHS )
[STDERR  ] 2018-02-08T14:44:24.913570466Z: [    0.000000] ACPI: RSDT 0x000000003FFE20A8 000034 (v01 BOCHS  BXPCRSDT 00000001 BXPC 00000001)
[STDERR  ] 2018-02-08T14:44:24.91357922Z: [    0.000000] ACPI: FACP 0x000000003FFE1EC8 0000F4 (v03 BOCHS  BXPCFACP 00000001 BXPC 00000001)
[STDERR  ] 2018-02-08T14:44:24.913587971Z: [    0.000000] ACPI: DSDT 0x000000003FFE0040 001E88 (v01 BOCHS  BXPCDSDT 00000001 BXPC 00000001)
[STDERR  ] 2018-02-08T14:44:24.913596714Z: [    0.000000] ACPI: FACS 0x000000003FFE0000 000040
[STDERR  ] 2018-02-08T14:44:24.9136088Z: [    0.000000] ACPI: APIC 0x000000003FFE1FBC 000078 (v01 BOCHS  BXPCAPIC 00000001 BXPC 00000001)
[STDERR  ] 2018-02-08T14:44:24.91361861Z: [    0.000000] ACPI: HPET 0x000000003FFE2034 000038 (v01 BOCHS  BXPCHPET 00000001 BXPC 00000001)
[STDERR  ] 2018-02-08T14:44:24.913630347Z: [    0.000000] ACPI: MCFG 0x000000003FFE206C 00003C (v01 BOCHS  BXPCMCFG 00000001 BXPC 00000001)
[STDERR  ] 2018-02-08T14:44:24.91363872Z: [    0.000000] kvm-clock: Using msrs 4b564d01 and 4b564d00
[STDERR  ] 2018-02-08T14:44:24.913647854Z: [    0.000000] kvm-clock: cpu 0, msr 0:3ffdd001, primary cpu clock
[STDERR  ] 2018-02-08T14:44:24.913657668Z: [    0.000000] clocksource: kvm-clock: mask: 0xffffffffffffffff max_cycles: 0x1cd42e4dffb, max_idle_ns: 881590591483 ns
[STDERR  ] 2018-02-08T14:44:24.91366749Z: [    0.000000] Zone ranges:
[STDERR  ] 2018-02-08T14:44:24.913676971Z: [    0.000000]   DMA      [mem 0x0000000000001000-0x0000000000ffffff]
[STDERR  ] 2018-02-08T14:44:24.913686143Z: [    0.000000]   DMA32    [mem 0x0000000001000000-0x000000003ffdefff]
[STDERR  ] 2018-02-08T14:44:24.913696305Z: [    0.000000]   Normal   empty
[STDERR  ] 2018-02-08T14:44:24.913705809Z: [    0.000000]   Device   empty
[STDERR  ] 2018-02-08T14:44:24.913714728Z: [    0.000000] Movable zone start for each node
[STDERR  ] 2018-02-08T14:44:24.913724085Z: [    0.000000] Early memory node ranges
[STDERR  ] 2018-02-08T14:44:24.913734421Z: [    0.000000]   node   0: [mem 0x0000000000001000-0x000000000009efff]
[STDERR  ] 2018-02-08T14:44:24.913743244Z: [    0.000000]   node   0: [mem 0x0000000000100000-0x000000003ffdefff]
[STDERR  ] 2018-02-08T14:44:24.913752132Z: [    0.000000] Initmem setup node 0 [mem 0x0000000000001000-0x000000003ffdefff]
[STDERR  ] 2018-02-08T14:44:24.913766799Z: [    0.000000] ACPI: PM-Timer IO Port: 0x608
[STDERR  ] 2018-02-08T14:44:24.913776586Z: [    0.000000] ACPI: LAPIC_NMI (acpi_id[0xff] dfl dfl lint[0x1])
[STDERR  ] 2018-02-08T14:44:24.91378563Z: [    0.000000] IOAPIC[0]: apic_id 0, version 17, address 0xfec00000, GSI 0-23
[STDERR  ] 2018-02-08T14:44:24.913794901Z: [    0.000000] ACPI: INT_SRC_OVR (bus 0 bus_irq 0 global_irq 2 dfl dfl)
[STDERR  ] 2018-02-08T14:44:24.913804146Z: [    0.000000] ACPI: INT_SRC_OVR (bus 0 bus_irq 5 global_irq 5 high level)
[STDERR  ] 2018-02-08T14:44:24.91381371Z: [    0.000000] ACPI: INT_SRC_OVR (bus 0 bus_irq 9 global_irq 9 high level)
[STDERR  ] 2018-02-08T14:44:24.913823169Z: [    0.000000] ACPI: INT_SRC_OVR (bus 0 bus_irq 10 global_irq 10 high level)
[STDERR  ] 2018-02-08T14:44:24.913838751Z: [    0.000000] ACPI: INT_SRC_OVR (bus 0 bus_irq 11 global_irq 11 high level)
[STDERR  ] 2018-02-08T14:44:24.913847521Z: [    0.000000] Using ACPI (MADT) for SMP configuration information
[STDERR  ] 2018-02-08T14:44:24.913855793Z: [    0.000000] ACPI: HPET id: 0x8086a201 base: 0xfed00000
[STDERR  ] 2018-02-08T14:44:24.91386379Z: [    0.000000] smpboot: Allowing 1 CPUs, 0 hotplug CPUs
[STDERR  ] 2018-02-08T14:44:24.913872215Z: [    0.000000] e820: [mem 0x40000000-0xafffffff] available for PCI devices
[STDERR  ] 2018-02-08T14:44:24.913882688Z: [    0.000000] Booting paravirtualized kernel on KVM
[STDERR  ] 2018-02-08T14:44:24.913891222Z: [    0.000000] clocksource: refined-jiffies: mask: 0xffffffff max_cycles: 0xffffffff, max_idle_ns: 19112604462750000 ns
[STDERR  ] 2018-02-08T14:44:24.913899911Z: [    0.000000] setup_percpu: NR_CPUS:128 nr_cpumask_bits:128 nr_cpu_ids:1 nr_node_ids:1
[STDERR  ] 2018-02-08T14:44:24.913909509Z: [    0.000000] percpu: Embedded 44 pages/cpu @ffff8c06be400000 s143128 r8192 d28904 u2097152
[STDERR  ] 2018-02-08T14:44:24.91391836Z: [    0.000000] KVM setup async PF for cpu 0
[STDERR  ] 2018-02-08T14:44:24.913927888Z: [    0.000000] kvm-stealtime: cpu 0, msr 3e415f00
[STDERR  ] 2018-02-08T14:44:24.913940859Z: [    0.000000] Built 1 zonelists, mobility grouping on.  Total pages: 257896
[STDERR  ] 2018-02-08T14:44:24.913950322Z: [    0.000000] Kernel command line: console=ttyS0 console=ttyAMA0
[STDERR  ] 2018-02-08T14:44:24.913959058Z: [    0.000000] PID hash table entries: 4096 (order: 3, 32768 bytes)
[STDERR  ] 2018-02-08T14:44:24.91396778Z: [    0.000000] Dentry cache hash table entries: 131072 (order: 8, 1048576 bytes)
[STDERR  ] 2018-02-08T14:44:24.913977099Z: [    0.000000] Inode-cache hash table entries: 65536 (order: 7, 524288 bytes)
[STDERR  ] 2018-02-08T14:44:24.913986286Z: [    0.000000] Memory: 979268K/1048052K available (12300K kernel code, 1452K rwdata, 2952K rodata, 1500K init, 628K bss, 68784K reserved, 0K cma-reserved)
[STDERR  ] 2018-02-08T14:44:24.913996072Z: [    0.000000] Kernel/User page tables isolation: enabled
[STDERR  ] 2018-02-08T14:44:24.914005332Z: [    0.000000] ftrace: allocating 40626 entries in 159 pages
[STDERR  ] 2018-02-08T14:44:24.914014307Z: [    0.010000] Hierarchical RCU implementation.
[STDERR  ] 2018-02-08T14:44:24.914022907Z: [    0.010000] 	RCU restricting CPUs from NR_CPUS=128 to nr_cpu_ids=1.
[STDERR  ] 2018-02-08T14:44:24.914031263Z: [    0.010000] RCU: Adjusting geometry for rcu_fanout_leaf=16, nr_cpu_ids=1
[STDERR  ] 2018-02-08T14:44:24.914039999Z: [    0.010000] NR_IRQS: 8448, nr_irqs: 256, preallocated irqs: 16
[STDERR  ] 2018-02-08T14:44:24.914048391Z: [    0.010000] Console: colour VGA+ 80x25
[STDERR  ] 2018-02-08T14:44:24.914056427Z: [    0.010000] console [ttyS0] enabled
[STDERR  ] 2018-02-08T14:44:24.914064932Z: [    0.010000] clocksource: hpet: mask: 0xffffffff max_cycles: 0xffffffff, max_idle_ns: 19112604467 ns
[STDERR  ] 2018-02-08T14:44:24.914074107Z: [    0.010038] tsc: Detected 2299.942 MHz processor
[STDERR  ] 2018-02-08T14:44:24.914082023Z: [    0.013881] Calibrating delay loop (skipped) preset value.. 4599.88 BogoMIPS (lpj=22999420)
[STDERR  ] 2018-02-08T14:44:24.914095085Z: [    0.020035] pid_max: default: 32768 minimum: 301
[STDERR  ] 2018-02-08T14:44:24.91410412Z: [    0.023987] ACPI: Core revision 20170728
[STDERR  ] 2018-02-08T14:44:24.914112532Z: [    0.028130] ACPI: 1 ACPI AML tables successfully acquired and loaded
[STDERR  ] 2018-02-08T14:44:24.914120889Z: [    0.030102] Security Framework initialized
[STDERR  ] 2018-02-08T14:44:24.914131559Z: [    0.033597] Yama: becoming mindful.
[STDERR  ] 2018-02-08T14:44:24.914140613Z: [    0.040135] Mount-cache hash table entries: 2048 (order: 2, 16384 bytes)
[STDERR  ] 2018-02-08T14:44:24.914149417Z: [    0.045905] Mountpoint-cache hash table entries: 2048 (order: 2, 16384 bytes)
[STDERR  ] 2018-02-08T14:44:24.914161233Z: [    0.051327] CPU: Physical Processor ID: 0
[STDERR  ] 2018-02-08T14:44:24.914169451Z: [    0.060064] Last level iTLB entries: 4KB 0, 2MB 0, 4MB 0
[STDERR  ] 2018-02-08T14:44:24.914181783Z: [    0.065041] Last level dTLB entries: 4KB 0, 2MB 0, 4MB 0, 1GB 0
[STDERR  ] 2018-02-08T14:44:24.914189998Z: [    0.070034] Spectre V2 : Vulnerable: Minimal generic ASM retpoline
[STDERR  ] 2018-02-08T14:44:24.914198527Z: [    0.087128] Freeing SMP alternatives memory: 20K
[STDERR  ] 2018-02-08T14:44:24.914206936Z: [    0.090784] smpboot: Max logical packages: 1
[STDERR  ] 2018-02-08T14:44:24.914215642Z: [    0.096666] x2apic enabled
[STDERR  ] 2018-02-08T14:44:24.914224083Z: [    0.100029] Switched APIC routing to physical x2apic.
[STDERR  ] 2018-02-08T14:44:24.914232646Z: [    0.116182] ..TIMER: vector=0x30 apic1=0 pin1=2 apic2=-1 pin2=-1
[STDERR  ] 2018-02-08T14:44:24.914241225Z: [    0.120000] smpboot: CPU0: Intel QEMU Virtual CPU version 2.5+ (family: 0x6, model: 0x6, stepping: 0x3)
[STDERR  ] 2018-02-08T14:44:24.914250002Z: [    0.120000] Performance Events: PMU not available due to virtualization, using software events only.
[STDERR  ] 2018-02-08T14:44:24.914258513Z: [    0.130400] Hierarchical SRCU implementation.
[STDERR  ] 2018-02-08T14:44:24.91429298Z: [    0.134395] NMI watchdog: Perf event create on CPU 0 failed with -2
[STDERR  ] 2018-02-08T14:44:24.914301822Z: [    0.140007] NMI watchdog: Perf NMI watchdog permanently disabled
[STDERR  ] 2018-02-08T14:44:24.914309704Z: [    0.145130] smp: Bringing up secondary CPUs ...
[STDERR  ] 2018-02-08T14:44:24.914318879Z: [    0.150008] smp: Brought up 1 node, 1 CPU
[STDERR  ] 2018-02-08T14:44:24.914327677Z: [    0.153407] smpboot: Total of 1 processors activated (4599.88 BogoMIPS)
[STDERR  ] 2018-02-08T14:44:24.914337315Z: [    0.162166] devtmpfs: initialized
[STDERR  ] 2018-02-08T14:44:24.914349372Z: [    0.165193] x86/mm: Memory block size: 128MB
[STDERR  ] 2018-02-08T14:44:24.914360541Z: [    0.170487] clocksource: jiffies: mask: 0xffffffff max_cycles: 0xffffffff, max_idle_ns: 19112604462750000 ns
[STDERR  ] 2018-02-08T14:44:24.914369209Z: [    0.178662] futex hash table entries: 256 (order: 2, 16384 bytes)
[STDERR  ] 2018-02-08T14:44:24.914381162Z: [    0.180462] NET: Registered protocol family 16
[STDERR  ] 2018-02-08T14:44:24.91439001Z: [    0.184720] cpuidle: using governor ladder
[STDERR  ] 2018-02-08T14:44:24.91439888Z: [    0.190012] cpuidle: using governor menu
[STDERR  ] 2018-02-08T14:44:24.914408271Z: [    0.193514] ACPI: bus type PCI registered
[STDERR  ] 2018-02-08T14:44:24.914418051Z: [    0.200153] PCI: MMCONFIG for domain 0000 [bus 00-ff] at [mem 0xb0000000-0xbfffffff] (base 0xb0000000)
[STDERR  ] 2018-02-08T14:44:24.914427571Z: [    0.207848] PCI: MMCONFIG at [mem 0xb0000000-0xbfffffff] reserved in E820
[STDERR  ] 2018-02-08T14:44:24.914436886Z: [    0.210030] PCI: Using configuration type 1 for base access
[STDERR  ] 2018-02-08T14:44:24.914444922Z: [    0.220758] HugeTLB registered 2.00 MiB page size, pre-allocated 0 pages
[STDERR  ] 2018-02-08T14:44:24.914453425Z: [    0.226797] ACPI: Added _OSI(Module Device)
[STDERR  ] 2018-02-08T14:44:24.914461453Z: [    0.230015] ACPI: Added _OSI(Processor Device)
[STDERR  ] 2018-02-08T14:44:24.914473611Z: [    0.233771] ACPI: Added _OSI(3.0 _SCP Extensions)
[STDERR  ] 2018-02-08T14:44:24.914484381Z: [    0.237726] ACPI: Added _OSI(Processor Aggregator Device)
[STDERR  ] 2018-02-08T14:44:24.914490498Z: [    0.246060] ACPI: Interpreter enabled
[STDERR  ] 2018-02-08T14:44:24.914496246Z: [    0.250089] ACPI: (supports S0 S5)
[STDERR  ] 2018-02-08T14:44:24.914502048Z: [    0.253092] ACPI: Using IOAPIC for interrupt routing
[STDERR  ] 2018-02-08T14:44:24.914507714Z: [    0.257638] PCI: Using host bridge windows from ACPI; if necessary, use "pci=nocrs" and report a bug
[STDERR  ] 2018-02-08T14:44:24.914513968Z: [    0.260338] ACPI: Enabled 1 GPEs in block 00 to 3F
[STDERR  ] 2018-02-08T14:44:24.914519525Z: [    0.273740] ACPI: PCI Root Bridge [PCI0] (domain 0000 [bus 00-ff])
[STDERR  ] 2018-02-08T14:44:24.914545429Z: [    0.279131] acpi PNP0A08:00: _OSC: OS supports [ExtendedConfig ASPM ClockPM Segments MSI]
[STDERR  ] 2018-02-08T14:44:24.914560517Z: [    0.280204] acpi PNP0A08:00: _OSC: OS now controls [PCIeHotplug PME PCIeCapability]
[STDERR  ] 2018-02-08T14:44:24.91456947Z: [    0.290111] PCI host bridge to bus 0000:00
[STDERR  ] 2018-02-08T14:44:24.914578243Z: [    0.293608] pci_bus 0000:00: root bus resource [io  0x0000-0x0cf7 window]
[STDERR  ] 2018-02-08T14:44:24.914587907Z: [    0.300013] pci_bus 0000:00: root bus resource [io  0x0d00-0xffff window]
[STDERR  ] 2018-02-08T14:44:24.914596413Z: [    0.305723] pci_bus 0000:00: root bus resource [mem 0x000a0000-0x000bffff window]
[STDERR  ] 2018-02-08T14:44:24.914605057Z: [    0.310013] pci_bus 0000:00: root bus resource [mem 0xc0000000-0xfebfffff window]
[STDERR  ] 2018-02-08T14:44:24.914613875Z: [    0.320013] pci_bus 0000:00: root bus resource [bus 00-ff]
[STDERR  ] 2018-02-08T14:44:24.914625666Z: [    0.504319] pci 0000:00:1f.0: quirk: [io  0x0600-0x067f] claimed by ICH6 ACPI/GPIO/TCO
[STDERR  ] 2018-02-08T14:44:24.914634502Z: [    0.584761] ACPI: PCI Interrupt Link [LNKA] (IRQs 5 *10 11)
[STDERR  ] 2018-02-08T14:44:24.914644304Z: [    0.590344] ACPI: PCI Interrupt Link [LNKB] (IRQs 5 *10 11)
[STDERR  ] 2018-02-08T14:44:24.91465397Z: [    0.596007] ACPI: PCI Interrupt Link [LNKC] (IRQs 5 10 *11)
[STDERR  ] 2018-02-08T14:44:24.914664261Z: [    0.600342] ACPI: PCI Interrupt Link [LNKD] (IRQs 5 10 *11)
[STDERR  ] 2018-02-08T14:44:24.914673389Z: [    0.605617] ACPI: PCI Interrupt Link [LNKE] (IRQs 5 *10 11)
[STDERR  ] 2018-02-08T14:44:24.914682441Z: [    0.610301] ACPI: PCI Interrupt Link [LNKF] (IRQs 5 *10 11)
[STDERR  ] 2018-02-08T14:44:24.914690869Z: [    0.615727] ACPI: PCI Interrupt Link [LNKG] (IRQs 5 10 *11)
[STDERR  ] 2018-02-08T14:44:24.914699593Z: [    0.620321] ACPI: PCI Interrupt Link [LNKH] (IRQs 5 10 *11)
[STDERR  ] 2018-02-08T14:44:24.914708079Z: [    0.625670] ACPI: PCI Interrupt Link [GSIA] (IRQs *16)
[STDERR  ] 2018-02-08T14:44:24.914716406Z: [    0.630071] ACPI: PCI Interrupt Link [GSIB] (IRQs *17)
[STDERR  ] 2018-02-08T14:44:24.914724745Z: [    0.634921] ACPI: PCI Interrupt Link [GSIC] (IRQs *18)
[STDERR  ] 2018-02-08T14:44:24.914733396Z: [    0.640059] ACPI: PCI Interrupt Link [GSID] (IRQs *19)
[STDERR  ] 2018-02-08T14:44:24.914741634Z: [    0.644806] ACPI: PCI Interrupt Link [GSIE] (IRQs *20)
[STDERR  ] 2018-02-08T14:44:24.914755654Z: [    0.650064] ACPI: PCI Interrupt Link [GSIF] (IRQs *21)
[STDERR  ] 2018-02-08T14:44:24.914763802Z: [    0.654839] ACPI: PCI Interrupt Link [GSIG] (IRQs *22)
[STDERR  ] 2018-02-08T14:44:24.914777734Z: [    0.660056] ACPI: PCI Interrupt Link [GSIH] (IRQs *23)
[STDERR  ] 2018-02-08T14:44:24.914786889Z: [    0.673512] SCSI subsystem initialized
[STDERR  ] 2018-02-08T14:44:24.914795976Z: [    0.679747] ACPI: bus type USB registered
[STDERR  ] 2018-02-08T14:44:24.914812109Z: [    0.680704] usbcore: registered new interface driver usbfs
[STDERR  ] 2018-02-08T14:44:24.914820857Z: [    0.685777] usbcore: registered new interface driver hub
[STDERR  ] 2018-02-08T14:44:24.914829183Z: [    0.690164] usbcore: registered new device driver usb
[STDERR  ] 2018-02-08T14:44:24.914837463Z: [    0.694780] pps_core: LinuxPPS API ver. 1 registered
[STDERR  ] 2018-02-08T14:44:24.914846159Z: [    0.700111] pps_core: Software ver. 5.3.6 - Copyright 2005-2007 Rodolfo Giometti <giometti@linux.it>
[STDERR  ] 2018-02-08T14:44:24.914859328Z: [    0.710094] PTP clock support registered
[STDERR  ] 2018-02-08T14:44:24.91486796Z: [    0.715388] PCI: Using ACPI for IRQ routing
[STDERR  ] 2018-02-08T14:44:24.914876536Z: [    1.112709] NetLabel: Initializing
[STDERR  ] 2018-02-08T14:44:24.914884829Z: [    1.115777] NetLabel:  domain hash size = 128
[STDERR  ] 2018-02-08T14:44:24.914893119Z: [    1.119460] NetLabel:  protocols = UNLABELED CIPSOv4 CALIPSO
[STDERR  ] 2018-02-08T14:44:24.914901601Z: [    1.120648] NetLabel:  unlabeled traffic allowed by default
[STDERR  ] 2018-02-08T14:44:24.914909783Z: [    1.133224] HPET: 3 timers in total, 0 timers will be used for per-cpu timer
[STDERR  ] 2018-02-08T14:44:24.914918228Z: [    1.139437] hpet0: at MMIO 0xfed00000, IRQs 2, 8, 0
[STDERR  ] 2018-02-08T14:44:24.914930019Z: [    1.140021] hpet0: 3 comparators, 64-bit 100.000000 MHz counter
[STDERR  ] 2018-02-08T14:44:24.91493796Z: [    1.155522] clocksource: Switched to clocksource kvm-clock
[STDERR  ] 2018-02-08T14:44:24.914945595Z: [    1.298612] VFS: Disk quotas dquot_6.6.0
[STDERR  ] 2018-02-08T14:44:24.914953316Z: [    1.302758] VFS: Dquot-cache hash table entries: 512 (order 0, 4096 bytes)
[STDERR  ] 2018-02-08T14:44:24.914960985Z: [    1.309108] FS-Cache: Loaded
[STDERR  ] 2018-02-08T14:44:24.914969272Z: [    1.313251] CacheFiles: Loaded
[STDERR  ] 2018-02-08T14:44:24.914976993Z: [    1.316181] pnp: PnP ACPI init
[STDERR  ] 2018-02-08T14:44:24.914984718Z: [    1.321950] pnp: PnP ACPI: found 5 devices
[STDERR  ] 2018-02-08T14:44:24.914992501Z: [    1.341270] clocksource: acpi_pm: mask: 0xffffff max_cycles: 0xffffff, max_idle_ns: 2085701024 ns
[STDERR  ] 2018-02-08T14:44:24.915000734Z: [    1.349869] NET: Registered protocol family 2
[STDERR  ] 2018-02-08T14:44:24.915008827Z: [    1.356215] TCP established hash table entries: 8192 (order: 4, 65536 bytes)
[STDERR  ] 2018-02-08T14:44:24.915016875Z: [    1.363112] TCP bind hash table entries: 8192 (order: 5, 131072 bytes)
[STDERR  ] 2018-02-08T14:44:24.915025039Z: [    1.370470] TCP: Hash tables configured (established 8192 bind 8192)
[STDERR  ] 2018-02-08T14:44:24.915033729Z: [    1.377085] UDP hash table entries: 512 (order: 2, 16384 bytes)
[STDERR  ] 2018-02-08T14:44:24.915042074Z: [    1.382417] UDP-Lite hash table entries: 512 (order: 2, 16384 bytes)
[STDERR  ] 2018-02-08T14:44:24.915050236Z: [    1.388764] NET: Registered protocol family 1
[STDERR  ] 2018-02-08T14:44:24.915059053Z: [    1.393301] pci 0000:00:01.0: Video device with shadowed ROM at [mem 0x000c0000-0x000dffff]
[STDERR  ] 2018-02-08T14:44:24.915068382Z: [    1.401418] Trying to unpack rootfs image as initramfs...
[STDERR  ] 2018-02-08T14:44:24.915076622Z: [    2.637933] Freeing initrd memory: 25580K
[STDERR  ] 2018-02-08T14:44:24.915084516Z: [    2.647902] PCLMULQDQ-NI instructions are not detected.
[STDERR  ] 2018-02-08T14:44:24.915092756Z: [    2.653156] AVX or AES-NI instructions are not detected.
[STDERR  ] 2018-02-08T14:44:24.915101253Z: [    2.657639] CPU feature 'AVX registers' is not supported.
[STDERR  ] 2018-02-08T14:44:24.915112065Z: [    2.662380] CPU feature 'AVX registers' is not supported.
[STDERR  ] 2018-02-08T14:44:24.915120672Z: [    2.666857] CPU feature 'AVX registers' is not supported.
[STDERR  ] 2018-02-08T14:44:24.915129123Z: [    2.671451] CPU feature 'AVX registers' is not supported.
[STDERR  ] 2018-02-08T14:44:24.915137528Z: [    2.675955] AVX2 or AES-NI instructions are not detected.
[STDERR  ] 2018-02-08T14:44:24.915145997Z: [    2.680537] AVX2 instructions are not detected.
[STDERR  ] 2018-02-08T14:44:24.915154583Z: [    2.685925] audit: initializing netlink subsys (disabled)
[STDERR  ] 2018-02-08T14:44:24.915162967Z: [    2.693294] audit: type=2000 audit(1518101059.334:1): state=initialized audit_enabled=0 res=1
[STDERR  ] 2018-02-08T14:44:24.915171672Z: [    2.700830] workingset: timestamp_bits=46 max_order=18 bucket_order=0
[STDERR  ] 2018-02-08T14:44:24.915180155Z: [    2.707911] squashfs: version 4.0 (2009/01/31) Phillip Lougher
[STDERR  ] 2018-02-08T14:44:24.915193438Z: [    2.714012] FS-Cache: Netfs 'cifs' registered for caching
[STDERR  ] 2018-02-08T14:44:24.91520217Z: [    2.719931] fuse init (API version 7.26)
[STDERR  ] 2018-02-08T14:44:24.915210693Z: [    2.724321] SGI XFS with ACLs, security attributes, no debug enabled
[STDERR  ] 2018-02-08T14:44:24.915219055Z: [    2.731754] 9p: Installing v9fs 9p2000 file system support
[STDERR  ] 2018-02-08T14:44:24.915227376Z: [    2.736373] FS-Cache: Netfs '9p' registered for caching
[STDERR  ] 2018-02-08T14:44:24.915235501Z: [    2.747872] NET: Registered protocol family 38
[STDERR  ] 2018-02-08T14:44:24.91524381Z: [    2.751935] Key type asymmetric registered
[STDERR  ] 2018-02-08T14:44:24.915252004Z: [    2.755420] Asymmetric key parser 'x509' registered
[STDERR  ] 2018-02-08T14:44:24.915275799Z: [    2.759784] Block layer SCSI generic (bsg) driver version 0.4 loaded (major 248)
[STDERR  ] 2018-02-08T14:44:24.915285801Z: [    2.766235] io scheduler noop registered
[STDERR  ] 2018-02-08T14:44:24.915293983Z: [    2.769530] io scheduler deadline registered (default)
[STDERR  ] 2018-02-08T14:44:24.915302246Z: [    2.774546] io scheduler cfq registered
[STDERR  ] 2018-02-08T14:44:24.915310509Z: [    2.777915] io scheduler mq-deadline registered
[STDERR  ] 2018-02-08T14:44:24.915318679Z: [    2.781875] io scheduler kyber registered
[STDERR  ] 2018-02-08T14:44:24.915326925Z: [    2.786239] shpchp: Standard Hot Plug PCI Controller Driver version: 0.4
[STDERR  ] 2018-02-08T14:44:24.915337522Z: [    2.792321] hv_vmbus: registering driver hyperv_fb
[STDERR  ] 2018-02-08T14:44:24.915345761Z: [    2.797184] input: Power Button as /devices/LNXSYSTM:00/LNXPWRBN:00/input/input0
[STDERR  ] 2018-02-08T14:44:24.91535408Z: [    2.803624] ACPI: Power Button [PWRF]
[STDERR  ] 2018-02-08T14:44:24.915362408Z: [    2.809508] ACPI: PCI Interrupt Link [GSIG] enabled at IRQ 22
[STDERR  ] 2018-02-08T14:44:24.915371072Z: [    2.821801] ACPI: PCI Interrupt Link [GSIH] enabled at IRQ 23
[STDERR  ] 2018-02-08T14:44:24.915381892Z: [    2.833928] Serial: 8250/16550 driver, 4 ports, IRQ sharing disabled
[STDERR  ] 2018-02-08T14:44:24.915391954Z: [    2.873468] 00:04: ttyS0 at I/O 0x3f8 (irq = 4, base_baud = 115200) is a 16550A
[STDERR  ] 2018-02-08T14:44:24.915401117Z: [    2.881862] Non-volatile memory driver v1.3
[STDERR  ] 2018-02-08T14:44:24.91540974Z: [    2.887733] Hangcheck: starting hangcheck timer 0.9.1 (tick is 180 seconds, margin is 60 seconds).
[STDERR  ] 2018-02-08T14:44:24.91541897Z: [    2.895649] random: crng init done
[STDERR  ] 2018-02-08T14:44:24.915427476Z: [    2.912732] brd: module loaded
[STDERR  ] 2018-02-08T14:44:24.91543606Z: [    2.928536] loop: module loaded
[STDERR  ] 2018-02-08T14:44:24.915444486Z: [    2.951889] lpc_ich 0000:00:1f.0: I/O space for GPIO uninitialized
[STDERR  ] 2018-02-08T14:44:24.915453007Z: [    2.957727] VMware PVSCSI driver - version 1.0.7.0-k
[STDERR  ] 2018-02-08T14:44:24.915461407Z: [    2.962221] hv_vmbus: registering driver hv_storvsc
[STDERR  ] 2018-02-08T14:44:24.915469934Z: [    2.967896] ACPI: PCI Interrupt Link [GSIA] enabled at IRQ 16
[STDERR  ] 2018-02-08T14:44:24.915478335Z: [    2.976495] ahci 0000:00:1f.2: AHCI 0001.0000 32 slots 6 ports 1.5 Gbps 0x3f impl SATA mode
[STDERR  ] 2018-02-08T14:44:24.915488457Z: [    2.983709] ahci 0000:00:1f.2: flags: 64bit ncq only 
[STDERR  ] 2018-02-08T14:44:24.915499498Z: [    2.991724] scsi host0: ahci
[STDERR  ] 2018-02-08T14:44:24.915508042Z: [    2.994499] scsi host1: ahci
[STDERR  ] 2018-02-08T14:44:24.915519924Z: [    2.997090] scsi host2: ahci
[STDERR  ] 2018-02-08T14:44:24.915527865Z: [    2.999691] scsi host3: ahci
[STDERR  ] 2018-02-08T14:44:24.915536241Z: [    3.002278] scsi host4: ahci
[STDERR  ] 2018-02-08T14:44:24.915544802Z: [    3.004984] scsi host5: ahci
[STDERR  ] 2018-02-08T14:44:24.915553312Z: [    3.007686] ata1: SATA max UDMA/133 abar m4096@0xfebd2000 port 0xfebd2100 irq 24
[STDERR  ] 2018-02-08T14:44:24.915561411Z: [    3.014090] ata2: SATA max UDMA/133 abar m4096@0xfebd2000 port 0xfebd2180 irq 24
[STDERR  ] 2018-02-08T14:44:24.915576208Z: [    3.020454] ata3: SATA max UDMA/133 abar m4096@0xfebd2000 port 0xfebd2200 irq 24
[STDERR  ] 2018-02-08T14:44:24.915584403Z: [    3.026660] ata4: SATA max UDMA/133 abar m4096@0xfebd2000 port 0xfebd2280 irq 24
[STDERR  ] 2018-02-08T14:44:24.915592478Z: [    3.032950] ata5: SATA max UDMA/133 abar m4096@0xfebd2000 port 0xfebd2300 irq 24
[STDERR  ] 2018-02-08T14:44:24.915600851Z: [    3.039221] ata6: SATA max UDMA/133 abar m4096@0xfebd2000 port 0xfebd2380 irq 24
[STDERR  ] 2018-02-08T14:44:24.915608786Z: [    3.048996] tun: Universal TUN/TAP device driver, 1.6
[STDERR  ] 2018-02-08T14:44:24.915617551Z: [    3.058003] VMware vmxnet3 virtual NIC driver - version 1.4.a.0-k-NAPI
[STDERR  ] 2018-02-08T14:44:24.91562575Z: [    3.063602] hv_vmbus: registering driver hv_netvsc
[STDERR  ] 2018-02-08T14:44:24.91563754Z: [    3.067618] Fusion MPT base driver 3.04.20
[STDERR  ] 2018-02-08T14:44:24.915645852Z: [    3.071166] Copyright (c) 1999-2008 LSI Corporation
[STDERR  ] 2018-02-08T14:44:24.915653586Z: [    3.075400] Fusion MPT SPI Host driver 3.04.20
[STDERR  ] 2018-02-08T14:44:24.915661304Z: [    3.079736] i8042: PNP: PS/2 Controller [PNP0303:KBD,PNP0f13:MOU] at 0x60,0x64 irq 1,12
[STDERR  ] 2018-02-08T14:44:24.915669788Z: [    3.090427] serio: i8042 KBD port at 0x60,0x64 irq 1
[STDERR  ] 2018-02-08T14:44:24.915677509Z: [    3.094652] serio: i8042 AUX port at 0x60,0x64 irq 12
[STDERR  ] 2018-02-08T14:44:24.915685908Z: [    3.099198] hv_vmbus: registering driver hyperv_keyboard
[STDERR  ] 2018-02-08T14:44:24.915694347Z: [    3.104080] mousedev: PS/2 mouse device common for all mice
[STDERR  ] 2018-02-08T14:44:24.915701855Z: [    3.110431] input: AT Translated Set 2 keyboard as /devices/platform/i8042/serio0/input/input1
[STDERR  ] 2018-02-08T14:44:24.91571291Z: [    3.117863] input: PC Speaker as /devices/platform/pcspkr/input/input2
[STDERR  ] 2018-02-08T14:44:24.915721297Z: [    3.124319] rtc_cmos 00:00: RTC can wake from S4
[STDERR  ] 2018-02-08T14:44:24.915729142Z: [    3.129833] rtc_cmos 00:00: rtc core: registered rtc_cmos as rtc0
[STDERR  ] 2018-02-08T14:44:24.915737479Z: [    3.135885] rtc_cmos 00:00: alarms up to one day, y3k, 114 bytes nvram, hpet irqs
[STDERR  ] 2018-02-08T14:44:24.915747939Z: [    3.142294] i2c /dev entries driver
[STDERR  ] 2018-02-08T14:44:24.915756217Z: [    3.145830] device-mapper: ioctl: 4.37.0-ioctl (2017-09-20) initialised: dm-devel@redhat.com
[STDERR  ] 2018-02-08T14:44:24.915764471Z: [    3.154327] usbcore: registered new interface driver usbhid
[STDERR  ] 2018-02-08T14:44:24.91577278Z: [    3.157708] usbhid: USB HID core driver
[STDERR  ] 2018-02-08T14:44:24.915781425Z: [    3.161533] hv_utils: Registering HyperV Utility Driver
[STDERR  ] 2018-02-08T14:44:24.915789552Z: [    3.165950] hv_vmbus: registering driver hv_util
[STDERR  ] 2018-02-08T14:44:24.915797861Z: [    3.169858] hv_vmbus: registering driver hv_balloon
[STDERR  ] 2018-02-08T14:44:24.915805702Z: [    3.174219] oprofile: using NMI interrupt.
[STDERR  ] 2018-02-08T14:44:24.915813897Z: [    3.178078] GACT probability on
[STDERR  ] 2018-02-08T14:44:24.91582284Z: [    3.180869] Mirror/redirect action on
[STDERR  ] 2018-02-08T14:44:24.91583152Z: [    3.183976] Simple TC action Loaded
[STDERR  ] 2018-02-08T14:44:24.915839648Z: [    3.186941] u32 classifier
[STDERR  ] 2018-02-08T14:44:24.915848823Z: [    3.189269]     Performance counters on
[STDERR  ] 2018-02-08T14:44:24.915858092Z: [    3.192629]     input device check on
[STDERR  ] 2018-02-08T14:44:24.915866461Z: [    3.195744]     Actions configured
[STDERR  ] 2018-02-08T14:44:24.915878306Z: [    3.198797] Netfilter messages via NETLINK v0.30.
[STDERR  ] 2018-02-08T14:44:24.91588677Z: [    3.202888] nfnl_acct: registering with nfnetlink.
[STDERR  ] 2018-02-08T14:44:24.915895402Z: [    3.207166] nf_conntrack version 0.5.0 (8192 buckets, 32768 max)
[STDERR  ] 2018-02-08T14:44:24.915906453Z: [    3.212632] ctnetlink v0.93: registering with nfnetlink.
[STDERR  ] 2018-02-08T14:44:24.915914843Z: [    3.217747] nf_tables: (c) 2007-2009 Patrick McHardy <kaber@trash.net>
[STDERR  ] 2018-02-08T14:44:24.9159301Z: [    3.223639] nf_tables_compat: (c) 2012 Pablo Neira Ayuso <pablo@netfilter.org>
[STDERR  ] 2018-02-08T14:44:24.915938383Z: [    3.230619] xt_time: kernel timezone is -0000
[STDERR  ] 2018-02-08T14:44:24.915946352Z: [    3.234544] ip_set: protocol 6
[STDERR  ] 2018-02-08T14:44:24.915955036Z: [    3.237494] IPVS: Registered protocols (TCP, UDP, SCTP, AH, ESP)
[STDERR  ] 2018-02-08T14:44:24.915963525Z: [    3.242880] IPVS: Connection hash table configured (size=4096, memory=64Kbytes)
[STDERR  ] 2018-02-08T14:44:24.915972145Z: [    3.249585] IPVS: ipvs loaded.
[STDERR  ] 2018-02-08T14:44:24.915981415Z: [    3.252350] IPVS: [rr] scheduler registered.
[STDERR  ] 2018-02-08T14:44:24.915990017Z: [    3.255930] IPVS: [wrr] scheduler registered.
[STDERR  ] 2018-02-08T14:44:24.916007731Z: [    3.259578] IPVS: [lc] scheduler registered.
[STDERR  ] 2018-02-08T14:44:24.916016762Z: [    3.263664] IPVS: [wlc] scheduler registered.
[STDERR  ] 2018-02-08T14:44:24.916024688Z: [    3.267344] IPVS: [fo] scheduler registered.
[STDERR  ] 2018-02-08T14:44:24.916032604Z: [    3.271224] IPVS: [ovf] scheduler registered.
[STDERR  ] 2018-02-08T14:44:24.916040355Z: [    3.274886] IPVS: [lblc] scheduler registered.
[STDERR  ] 2018-02-08T14:44:24.916048746Z: [    3.278925] IPVS: [lblcr] scheduler registered.
[STDERR  ] 2018-02-08T14:44:24.916055949Z: [    3.282785] IPVS: [dh] scheduler registered.
[STDERR  ] 2018-02-08T14:44:24.916061621Z: [    3.286677] IPVS: [sh] scheduler registered.
[STDERR  ] 2018-02-08T14:44:24.916067556Z: [    3.290450] IPVS: [sed] scheduler registered.
[STDERR  ] 2018-02-08T14:44:24.916073233Z: [    3.294439] IPVS: [nq] scheduler registered.
[STDERR  ] 2018-02-08T14:44:24.916079093Z: [    3.298077] IPVS: ftp: loaded support on port[0] = 21
[STDERR  ] 2018-02-08T14:44:24.916085078Z: [    3.302918] ipip: IPv4 and MPLS over IPv4 tunneling driver
[STDERR  ] 2018-02-08T14:44:24.91609277Z: [    3.308209] gre: GRE over IPv4 demultiplexor driver
[STDERR  ] 2018-02-08T14:44:24.916098695Z: [    3.312690] ip_tables: (C) 2000-2006 Netfilter Core Team
[STDERR  ] 2018-02-08T14:44:24.916104452Z: [    3.317544] ipt_CLUSTERIP: ClusterIP Version 0.8 loaded successfully
[STDERR  ] 2018-02-08T14:44:24.916110331Z: [    3.323183] arp_tables: arp_tables: (C) 2002 David S. Miller
[STDERR  ] 2018-02-08T14:44:24.91611817Z: [    3.328584] NET: Registered protocol family 10
[STDERR  ] 2018-02-08T14:44:24.916123853Z: [    3.334095] Segment Routing with IPv6
[STDERR  ] 2018-02-08T14:44:24.916129305Z: [    3.337406] ip6_tables: (C) 2000-2006 Netfilter Core Team
[STDERR  ] 2018-02-08T14:44:24.916134771Z: [    3.343243] NET: Registered protocol family 17
[STDERR  ] 2018-02-08T14:44:24.916140263Z: [    3.347570] Bridge firewalling registered
[STDERR  ] 2018-02-08T14:44:24.916145896Z: [    3.351180] Ebtables v2.0 registered
[STDERR  ] 2018-02-08T14:44:24.916154836Z: [    3.354742] 8021q: 802.1Q VLAN Support v1.8
[STDERR  ] 2018-02-08T14:44:24.916160443Z: [    3.358341] 9pnet: Installing 9P2000 support
[STDERR  ] 2018-02-08T14:44:24.916165823Z: [    3.362463] Key type dns_resolver registered
[STDERR  ] 2018-02-08T14:44:24.916171264Z: [    3.367104] registered taskstats version 1
[STDERR  ] 2018-02-08T14:44:24.916176671Z: [    3.371297] ata2: SATA link down (SStatus 0 SControl 300)
[STDERR  ] 2018-02-08T14:44:24.916182121Z: [    3.376673] ata6: SATA link down (SStatus 0 SControl 300)
[STDERR  ] 2018-02-08T14:44:24.91618752Z: [    3.382019] ata5: SATA link down (SStatus 0 SControl 300)
[STDERR  ] 2018-02-08T14:44:24.916193032Z: [    3.387409] ata3: SATA link up 1.5 Gbps (SStatus 113 SControl 300)
[STDERR  ] 2018-02-08T14:44:24.916198562Z: [    3.393526] ata1: SATA link down (SStatus 0 SControl 300)
[STDERR  ] 2018-02-08T14:44:24.916203977Z: [    3.398800] ata4: SATA link down (SStatus 0 SControl 300)
[STDERR  ] 2018-02-08T14:44:24.916210181Z: [    3.407716] ata3.00: ATAPI: QEMU DVD-ROM, 2.5+, max UDMA/100
[STDERR  ] 2018-02-08T14:44:24.916218048Z: [    3.412704] ata3.00: applying bridge limits
[STDERR  ] 2018-02-08T14:44:24.916229491Z: [    3.419138] ata3.00: configured for UDMA/100
[STDERR  ] 2018-02-08T14:44:24.916235924Z: [    3.426213] scsi 2:0:0:0: CD-ROM            QEMU     QEMU DVD-ROM     2.5+ PQ: 0 ANSI: 5
[STDERR  ] 2018-02-08T14:44:24.91624175Z: [    3.433322] Key type big_key registered
[STDERR  ] 2018-02-08T14:44:24.916247337Z: [    3.441479] Key type encrypted registered
[STDERR  ] 2018-02-08T14:44:24.916252876Z: [    3.447180] rtc_cmos 00:00: setting system clock to 2018-02-08 14:44:20 UTC (1518101060)
[STDERR  ] 2018-02-08T14:44:24.916258764Z: [    3.454991] sr 2:0:0:0: [sr0] scsi3-mmc drive: 4x/4x cd/rw xa/form2 tray
[STDERR  ] 2018-02-08T14:44:24.916271767Z: [    3.460714] cdrom: Uniform CD-ROM driver Revision: 3.20
[STDERR  ] 2018-02-08T14:44:24.916277317Z: [    3.468121] sr 2:0:0:0: Attached scsi generic sg0 type 5
[STDERR  ] 2018-02-08T14:44:24.916286497Z: [    3.484900] Freeing unused kernel memory: 1500K
[STDERR  ] 2018-02-08T14:44:24.916292609Z: [    3.488920] Write protecting the kernel read-only data: 18432k
[STDERR  ] 2018-02-08T14:44:24.916298192Z: [    3.510452] Freeing unused kernel memory: 2024K
[STDERR  ] 2018-02-08T14:44:24.916303772Z: [    3.526337] Freeing unused kernel memory: 1144K
[STDERR  ] 2018-02-08T14:44:24.916309334Z: 
[STDERR  ] 2018-02-08T14:44:24.916315146Z: Welcome to LinuxKit
[STDERR  ] 2018-02-08T14:44:24.91632069Z: 
[STDERR  ] 2018-02-08T14:44:24.916326411Z:                         ##         .
[STDERR  ] 2018-02-08T14:44:24.916332811Z:                   ## ## ##        ==
[STDERR  ] 2018-02-08T14:44:24.916340428Z:                ## ## ## ## ##    ===
[STDERR  ] 2018-02-08T14:44:24.916346086Z:            /"""""""""""""""""\___/ ===
[STDERR  ] 2018-02-08T14:44:24.916351699Z:           {                       /  ===-
[STDERR  ] 2018-02-08T14:44:24.916359252Z:            \______ O           __/
[STDERR  ] 2018-02-08T14:44:24.916364768Z:              \    \         __/
[STDERR  ] 2018-02-08T14:44:24.9163704Z:               \____\_______/
[STDERR  ] 2018-02-08T14:44:24.916376081Z: 
[STDERR  ] 2018-02-08T14:44:24.916381733Z: Linux linuxkit-8684eb52833b 4.14.18-linuxkit #1 SMP Thu Feb 8 13:40:47 UTC 2018 x86_64 Linux
[STDERR  ] 2018-02-08T14:44:24.916387391Z: filename:       hello_world.ko
[STDERR  ] 2018-02-08T14:44:24.916392918Z: author:         Rolf Neugebauer <rolf.neugebauer@docker.com>
[STDERR  ] 2018-02-08T14:44:24.916398439Z: description:    A simple Hello World kernel module for testing
[STDERR  ] 2018-02-08T14:44:24.916403976Z: license:        GPL
[STDERR  ] 2018-02-08T14:44:24.916409572Z: depends:        
[STDERR  ] 2018-02-08T14:44:24.916415159Z: vermagic:       4.14.18-linuxkit SMP mod_unload modversions RANDSTRUCT_PLUGIN_f7ef7835be7f501b81f407771ae8096506e524e7e0aab47a97a3cdd8af2a2906
[STDERR  ] 2018-02-08T14:44:24.916421653Z: [    4.186529] hello_world: loading out-of-tree module taints kernel.
[STDERR  ] 2018-02-08T14:44:24.916427448Z: [    4.193300] Hello LinuxKit
[STDERR  ] 2018-02-08T14:44:24.916432943Z: [    4.200164] Goodbye LinuxKit.
[STDERR  ] 2018-02-08T14:44:24.916441139Z: Kernel module test suite PASSED
[STDERR  ] 2018-02-08T14:44:24.916446724Z: [    7.254441] ACPI: Preparing to enter system sleep state S5
[STDERR  ] 2018-02-08T14:44:24.916452211Z: [    7.260694] reboot: Power down
[STDERR  ] 2018-02-08T14:44:24.916457865Z: + grep -q Hello LinuxKit
[STDERR  ] 2018-02-08T14:44:24.916463399Z: + echo [    0.000000] Linux version 4.14.18-linuxkit (root@1253ddcdc60c) (gcc version 6.4.0 (Alpine 6.4.0)) #1 SMP Thu Feb 8 13:40:47 UTC 2018
[STDERR  ] 2018-02-08T14:44:24.916468969Z: [    0.000000] Command line: console=ttyS0 console=ttyAMA0
[STDERR  ] 2018-02-08T14:44:24.916474387Z: [    0.000000] x86/fpu: x87 FPU will use FXSAVE
[STDERR  ] 2018-02-08T14:44:24.91647983Z: [    0.000000] e820: BIOS-provided physical RAM map:
[STDERR  ] 2018-02-08T14:44:24.916485388Z: [    0.000000] BIOS-e820: [mem 0x0000000000000000-0x000000000009fbff] usable
[STDERR  ] 2018-02-08T14:44:24.91649288Z: [    0.000000] BIOS-e820: [mem 0x000000000009fc00-0x000000000009ffff] reserved
[STDERR  ] 2018-02-08T14:44:24.916501533Z: [    0.000000] BIOS-e820: [mem 0x00000000000f0000-0x00000000000fffff] reserved
[STDERR  ] 2018-02-08T14:44:24.916507204Z: [    0.000000] BIOS-e820: [mem 0x0000000000100000-0x000000003ffdefff] usable
[STDERR  ] 2018-02-08T14:44:24.916512722Z: [    0.000000] BIOS-e820: [mem 0x000000003ffdf000-0x000000003fffffff] reserved
[STDERR  ] 2018-02-08T14:44:24.916518159Z: [    0.000000] BIOS-e820: [mem 0x00000000b0000000-0x00000000bfffffff] reserved
[STDERR  ] 2018-02-08T14:44:24.916523601Z: [    0.000000] BIOS-e820: [mem 0x00000000fed1c000-0x00000000fed1ffff] reserved
[STDERR  ] 2018-02-08T14:44:24.916529061Z: [    0.000000] BIOS-e820: [mem 0x00000000feffc000-0x00000000feffffff] reserved
[STDERR  ] 2018-02-08T14:44:24.916534503Z: [    0.000000] BIOS-e820: [mem 0x00000000fffc0000-0x00000000ffffffff] reserved
[STDERR  ] 2018-02-08T14:44:24.916545045Z: [    0.000000] NX (Execute Disable) protection: active
[STDERR  ] 2018-02-08T14:44:24.916550848Z: [    0.000000] random: fast init done
[STDERR  ] 2018-02-08T14:44:24.916556415Z: [    0.000000] SMBIOS 2.8 present.
[STDERR  ] 2018-02-08T14:44:24.916561963Z: [    0.000000] DMI: QEMU Standard PC (Q35 + ICH9, 2009), BIOS rel-1.10.2-0-g5f4c7b1-prebuilt.qemu-project.org 04/01/2014
[STDERR  ] 2018-02-08T14:44:24.916568035Z: [    0.000000] Hypervisor detected: KVM
[STDERR  ] 2018-02-08T14:44:24.916573505Z: [    0.000000] tsc: Fast TSC calibration failed
[STDERR  ] 2018-02-08T14:44:24.916578982Z: [    0.000000] tsc: Unable to calibrate against PIT
[STDERR  ] 2018-02-08T14:44:24.916584458Z: [    0.000000] tsc: No reference (HPET/PMTIMER) available
[STDERR  ] 2018-02-08T14:44:24.916589997Z: [    0.000000] e820: last_pfn = 0x3ffdf max_arch_pfn = 0x400000000
[STDERR  ] 2018-02-08T14:44:24.916595565Z: [    0.000000] x86/PAT: PAT not supported by CPU.
[STDERR  ] 2018-02-08T14:44:24.916601017Z: [    0.000000] x86/PAT: Configuration [0-7]: WB  WT  UC- UC  WB  WT  UC- UC  
[STDERR  ] 2018-02-08T14:44:24.9166065Z: [    0.000000] found SMP MP-table at [mem 0x000f6aa0-0x000f6aaf] mapped at [ffffffffff200aa0]
[STDERR  ] 2018-02-08T14:44:24.916612338Z: [    0.000000] RAMDISK: [mem 0x3e6d5000-0x3ffcffff]
[STDERR  ] 2018-02-08T14:44:24.916619905Z: [    0.000000] ACPI: Early table checksum verification disabled
[STDERR  ] 2018-02-08T14:44:24.916625423Z: [    0.000000] ACPI: RSDP 0x00000000000F68B0 000014 (v00 BOCHS )
[STDERR  ] 2018-02-08T14:44:24.916632937Z: [    0.000000] ACPI: RSDT 0x000000003FFE20A8 000034 (v01 BOCHS  BXPCRSDT 00000001 BXPC 00000001)
[STDERR  ] 2018-02-08T14:44:24.916638532Z: [    0.000000] ACPI: FACP 0x000000003FFE1EC8 0000F4 (v03 BOCHS  BXPCFACP 00000001 BXPC 00000001)
[STDERR  ] 2018-02-08T14:44:24.916644104Z: [    0.000000] ACPI: DSDT 0x000000003FFE0040 001E88 (v01 BOCHS  BXPCDSDT 00000001 BXPC 00000001)
[STDERR  ] 2018-02-08T14:44:24.916649626Z: [    0.000000] ACPI: FACS 0x000000003FFE0000 000040
[STDERR  ] 2018-02-08T14:44:24.916657246Z: [    0.000000] ACPI: APIC 0x000000003FFE1FBC 000078 (v01 BOCHS  BXPCAPIC 00000001 BXPC 00000001)
[STDERR  ] 2018-02-08T14:44:24.916662747Z: [    0.000000] ACPI: HPET 0x000000003FFE2034 000038 (v01 BOCHS  BXPCHPET 00000001 BXPC 00000001)
[STDERR  ] 2018-02-08T14:44:24.916668235Z: [    0.000000] ACPI: MCFG 0x000000003FFE206C 00003C (v01 BOCHS  BXPCMCFG 00000001 BXPC 00000001)
[STDERR  ] 2018-02-08T14:44:24.916673706Z: [    0.000000] kvm-clock: Using msrs 4b564d01 and 4b564d00
[STDERR  ] 2018-02-08T14:44:24.916679227Z: [    0.000000] kvm-clock: cpu 0, msr 0:3ffdd001, primary cpu clock
[STDERR  ] 2018-02-08T14:44:24.916684713Z: [    0.000000] clocksource: kvm-clock: mask: 0xffffffffffffffff max_cycles: 0x1cd42e4dffb, max_idle_ns: 881590591483 ns
[STDERR  ] 2018-02-08T14:44:24.916690283Z: [    0.000000] Zone ranges:
[STDERR  ] 2018-02-08T14:44:24.916695878Z: [    0.000000]   DMA      [mem 0x0000000000001000-0x0000000000ffffff]
[STDERR  ] 2018-02-08T14:44:24.916701362Z: [    0.000000]   DMA32    [mem 0x0000000001000000-0x000000003ffdefff]
[STDERR  ] 2018-02-08T14:44:24.916706956Z: [    0.000000]   Normal   empty
[STDERR  ] 2018-02-08T14:44:24.916715373Z: [    0.000000]   Device   empty
[STDERR  ] 2018-02-08T14:44:24.916720922Z: [    0.000000] Movable zone start for each node
[STDERR  ] 2018-02-08T14:44:24.916726556Z: [    0.000000] Early memory node ranges
[STDERR  ] 2018-02-08T14:44:24.916732091Z: [    0.000000]   node   0: [mem 0x0000000000001000-0x000000000009efff]
[STDERR  ] 2018-02-08T14:44:24.916740091Z: [    0.000000]   node   0: [mem 0x0000000000100000-0x000000003ffdefff]
[STDERR  ] 2018-02-08T14:44:24.916745639Z: [    0.000000] Initmem setup node 0 [mem 0x0000000000001000-0x000000003ffdefff]
[STDERR  ] 2018-02-08T14:44:24.916751143Z: [    0.000000] ACPI: PM-Timer IO Port: 0x608
[STDERR  ] 2018-02-08T14:44:24.916756649Z: [    0.000000] ACPI: LAPIC_NMI (acpi_id[0xff] dfl dfl lint[0x1])
[STDERR  ] 2018-02-08T14:44:24.916765043Z: [    0.000000] IOAPIC[0]: apic_id 0, version 17, address 0xfec00000, GSI 0-23
[STDERR  ] 2018-02-08T14:44:24.916770746Z: [    0.000000] ACPI: INT_SRC_OVR (bus 0 bus_irq 0 global_irq 2 dfl dfl)
[STDERR  ] 2018-02-08T14:44:24.916776245Z: [    0.000000] ACPI: INT_SRC_OVR (bus 0 bus_irq 5 global_irq 5 high level)
[STDERR  ] 2018-02-08T14:44:24.916781714Z: [    0.000000] ACPI: INT_SRC_OVR (bus 0 bus_irq 9 global_irq 9 high level)
[STDERR  ] 2018-02-08T14:44:24.916787175Z: [    0.000000] ACPI: INT_SRC_OVR (bus 0 bus_irq 10 global_irq 10 high level)
[STDERR  ] 2018-02-08T14:44:24.916792626Z: [    0.000000] ACPI: INT_SRC_OVR (bus 0 bus_irq 11 global_irq 11 high level)
[STDERR  ] 2018-02-08T14:44:24.916798098Z: [    0.000000] Using ACPI (MADT) for SMP configuration information
[STDERR  ] 2018-02-08T14:44:24.916803545Z: [    0.000000] ACPI: HPET id: 0x8086a201 base: 0xfed00000
[STDERR  ] 2018-02-08T14:44:24.916808997Z: [    0.000000] smpboot: Allowing 1 CPUs, 0 hotplug CPUs
[STDERR  ] 2018-02-08T14:44:24.916814519Z: [    0.000000] e820: [mem 0x40000000-0xafffffff] available for PCI devices
[STDERR  ] 2018-02-08T14:44:24.91681994Z: [    0.000000] Booting paravirtualized kernel on KVM
[STDERR  ] 2018-02-08T14:44:24.916825535Z: [    0.000000] clocksource: refined-jiffies: mask: 0xffffffff max_cycles: 0xffffffff, max_idle_ns: 19112604462750000 ns
[STDERR  ] 2018-02-08T14:44:24.916834389Z: [    0.000000] setup_percpu: NR_CPUS:128 nr_cpumask_bits:128 nr_cpu_ids:1 nr_node_ids:1
[STDERR  ] 2018-02-08T14:44:24.916840119Z: [    0.000000] percpu: Embedded 44 pages/cpu @ffff8c06be400000 s143128 r8192 d28904 u2097152
[STDERR  ] 2018-02-08T14:44:24.916845636Z: [    0.000000] KVM setup async PF for cpu 0
[STDERR  ] 2018-02-08T14:44:24.9168511Z: [    0.000000] kvm-stealtime: cpu 0, msr 3e415f00
[STDERR  ] 2018-02-08T14:44:24.916856664Z: [    0.000000] Built 1 zonelists, mobility grouping on.  Total pages: 257896
[STDERR  ] 2018-02-08T14:44:24.9168622Z: [    0.000000] Kernel command line: console=ttyS0 console=ttyAMA0
[STDERR  ] 2018-02-08T14:44:24.916867673Z: [    0.000000] PID hash table entries: 4096 (order: 3, 32768 bytes)
[STDERR  ] 2018-02-08T14:44:24.916873128Z: [    0.000000] Dentry cache hash table entries: 131072 (order: 8, 1048576 bytes)
[STDERR  ] 2018-02-08T14:44:24.916880815Z: [    0.000000] Inode-cache hash table entries: 65536 (order: 7, 524288 bytes)
[STDERR  ] 2018-02-08T14:44:24.916886761Z: [    0.000000] Memory: 979268K/1048052K available (12300K kernel code, 1452K rwdata, 2952K rodata, 1500K init, 628K bss, 68784K reserved, 0K cma-reserved)
[STDERR  ] 2018-02-08T14:44:24.916892623Z: [    0.000000] Kernel/User page tables isolation: enabled
[STDERR  ] 2018-02-08T14:44:24.916898077Z: [    0.000000] ftrace: allocating 40626 entries in 159 pages
[STDERR  ] 2018-02-08T14:44:24.916903538Z: [    0.010000] Hierarchical RCU implementation.
[STDERR  ] 2018-02-08T14:44:24.916909021Z: [    0.010000] 	RCU restricting CPUs from NR_CPUS=128 to nr_cpu_ids=1.
[STDERR  ] 2018-02-08T14:44:24.9169145Z: [    0.010000] RCU: Adjusting geometry for rcu_fanout_leaf=16, nr_cpu_ids=1
[STDERR  ] 2018-02-08T14:44:24.916919936Z: [    0.010000] NR_IRQS: 8448, nr_irqs: 256, preallocated irqs: 16
[STDERR  ] 2018-02-08T14:44:24.916928104Z: [    0.010000] Console: colour VGA+ 80x25
[STDERR  ] 2018-02-08T14:44:24.91693379Z: [    0.010000] console [ttyS0] enabled
[STDERR  ] 2018-02-08T14:44:24.916939335Z: [    0.010000] clocksource: hpet: mask: 0xffffffff max_cycles: 0xffffffff, max_idle_ns: 19112604467 ns
[STDERR  ] 2018-02-08T14:44:24.916945168Z: [    0.010038] tsc: Detected 2299.942 MHz processor
[STDERR  ] 2018-02-08T14:44:24.916950677Z: [    0.013881] Calibrating delay loop (skipped) preset value.. 4599.88 BogoMIPS (lpj=22999420)
[STDERR  ] 2018-02-08T14:44:24.916958132Z: [    0.020035] pid_max: default: 32768 minimum: 301
[STDERR  ] 2018-02-08T14:44:24.916963578Z: [    0.023987] ACPI: Core revision 20170728
[STDERR  ] 2018-02-08T14:44:24.916969105Z: [    0.028130] ACPI: 1 ACPI AML tables successfully acquired and loaded
[STDERR  ] 2018-02-08T14:44:24.916977837Z: [    0.030102] Security Framework initialized
[STDERR  ] 2018-02-08T14:44:24.916983383Z: [    0.033597] Yama: becoming mindful.
[STDERR  ] 2018-02-08T14:44:24.916988835Z: [    0.040135] Mount-cache hash table entries: 2048 (order: 2, 16384 bytes)
[STDERR  ] 2018-02-08T14:44:24.916994312Z: [    0.045905] Mountpoint-cache hash table entries: 2048 (order: 2, 16384 bytes)
[STDERR  ] 2018-02-08T14:44:24.916999932Z: [    0.051327] CPU: Physical Processor ID: 0
[STDERR  ] 2018-02-08T14:44:24.917005432Z: [    0.060064] Last level iTLB entries: 4KB 0, 2MB 0, 4MB 0
[STDERR  ] 2018-02-08T14:44:24.917010801Z: [    0.065041] Last level dTLB entries: 4KB 0, 2MB 0, 4MB 0, 1GB 0
[STDERR  ] 2018-02-08T14:44:24.917016323Z: [    0.070034] Spectre V2 : Vulnerable: Minimal generic ASM retpoline
[STDERR  ] 2018-02-08T14:44:24.917021829Z: [    0.087128] Freeing SMP alternatives memory: 20K
[STDERR  ] 2018-02-08T14:44:24.917027305Z: [    0.090784] smpboot: Max logical packages: 1
[STDERR  ] 2018-02-08T14:44:24.917032772Z: [    0.096666] x2apic enabled
[STDERR  ] 2018-02-08T14:44:24.917047843Z: [    0.100029] Switched APIC routing to physical x2apic.
[STDERR  ] 2018-02-08T14:44:24.917053542Z: [    0.116182] ..TIMER: vector=0x30 apic1=0 pin1=2 apic2=-1 pin2=-1
[STDERR  ] 2018-02-08T14:44:24.917062275Z: [    0.120000] smpboot: CPU0: Intel QEMU Virtual CPU version 2.5+ (family: 0x6, model: 0x6, stepping: 0x3)
[STDERR  ] 2018-02-08T14:44:24.917067837Z: [    0.120000] Performance Events: PMU not available due to virtualization, using software events only.
[STDERR  ] 2018-02-08T14:44:24.917073847Z: [    0.130400] Hierarchical SRCU implementation.
[STDERR  ] 2018-02-08T14:44:24.917081489Z: [    0.134395] NMI watchdog: Perf event create on CPU 0 failed with -2
[STDERR  ] 2018-02-08T14:44:24.917087031Z: [    0.140007] NMI watchdog: Perf NMI watchdog permanently disabled
[STDERR  ] 2018-02-08T14:44:24.917092514Z: [    0.145130] smp: Bringing up secondary CPUs ...
[STDERR  ] 2018-02-08T14:44:24.917098088Z: [    0.150008] smp: Brought up 1 node, 1 CPU
[STDERR  ] 2018-02-08T14:44:24.917103582Z: [    0.153407] smpboot: Total of 1 processors activated (4599.88 BogoMIPS)
[STDERR  ] 2018-02-08T14:44:24.917109123Z: [    0.162166] devtmpfs: initialized
[STDERR  ] 2018-02-08T14:44:24.917114751Z: [    0.165193] x86/mm: Memory block size: 128MB
[STDERR  ] 2018-02-08T14:44:24.917120282Z: [    0.170487] clocksource: jiffies: mask: 0xffffffff max_cycles: 0xffffffff, max_idle_ns: 19112604462750000 ns
[STDERR  ] 2018-02-08T14:44:24.917128499Z: [    0.178662] futex hash table entries: 256 (order: 2, 16384 bytes)
[STDERR  ] 2018-02-08T14:44:24.917136122Z: [    0.180462] NET: Registered protocol family 16
[STDERR  ] 2018-02-08T14:44:24.917141745Z: [    0.184720] cpuidle: using governor ladder
[STDERR  ] 2018-02-08T14:44:24.917147395Z: [    0.190012] cpuidle: using governor menu
[STDERR  ] 2018-02-08T14:44:24.917152831Z: [    0.193514] ACPI: bus type PCI registered
[STDERR  ] 2018-02-08T14:44:24.917158356Z: [    0.200153] PCI: MMCONFIG for domain 0000 [bus 00-ff] at [mem 0xb0000000-0xbfffffff] (base 0xb0000000)
[STDERR  ] 2018-02-08T14:44:24.917164485Z: [    0.207848] PCI: MMCONFIG at [mem 0xb0000000-0xbfffffff] reserved in E820
[STDERR  ] 2018-02-08T14:44:24.917172723Z: [    0.210030] PCI: Using configuration type 1 for base access
[STDERR  ] 2018-02-08T14:44:24.917178411Z: [    0.220758] HugeTLB registered 2.00 MiB page size, pre-allocated 0 pages
[STDERR  ] 2018-02-08T14:44:24.917184081Z: [    0.226797] ACPI: Added _OSI(Module Device)
[STDERR  ] 2018-02-08T14:44:24.917189685Z: [    0.230015] ACPI: Added _OSI(Processor Device)
[STDERR  ] 2018-02-08T14:44:24.917197302Z: [    0.233771] ACPI: Added _OSI(3.0 _SCP Extensions)
[STDERR  ] 2018-02-08T14:44:24.917202797Z: [    0.237726] ACPI: Added _OSI(Processor Aggregator Device)
[STDERR  ] 2018-02-08T14:44:24.917208421Z: [    0.246060] ACPI: Interpreter enabled
[STDERR  ] 2018-02-08T14:44:24.917215328Z: [    0.250089] ACPI: (supports S0 S5)
[STDERR  ] 2018-02-08T14:44:24.917220904Z: [    0.253092] ACPI: Using IOAPIC for interrupt routing
[STDERR  ] 2018-02-08T14:44:24.917229623Z: [    0.257638] PCI: Using host bridge windows from ACPI; if necessary, use "pci=nocrs" and report a bug
[STDERR  ] 2018-02-08T14:44:24.917238322Z: [    0.260338] ACPI: Enabled 1 GPEs in block 00 to 3F
[STDERR  ] 2018-02-08T14:44:24.91724381Z: [    0.273740] ACPI: PCI Root Bridge [PCI0] (domain 0000 [bus 00-ff])
[STDERR  ] 2018-02-08T14:44:24.91724943Z: [    0.279131] acpi PNP0A08:00: _OSC: OS supports [ExtendedConfig ASPM ClockPM Segments MSI]
[STDERR  ] 2018-02-08T14:44:24.917255007Z: [    0.280204] acpi PNP0A08:00: _OSC: OS now controls [PCIeHotplug PME PCIeCapability]
[STDERR  ] 2018-02-08T14:44:24.917260655Z: [    0.290111] PCI host bridge to bus 0000:00
[STDERR  ] 2018-02-08T14:44:24.917271133Z: [    0.293608] pci_bus 0000:00: root bus resource [io  0x0000-0x0cf7 window]
[STDERR  ] 2018-02-08T14:44:24.917278378Z: [    0.300013] pci_bus 0000:00: root bus resource [io  0x0d00-0xffff window]
[STDERR  ] 2018-02-08T14:44:24.917284396Z: [    0.305723] pci_bus 0000:00: root bus resource [mem 0x000a0000-0x000bffff window]
[STDERR  ] 2018-02-08T14:44:24.917289852Z: [    0.310013] pci_bus 0000:00: root bus resource [mem 0xc0000000-0xfebfffff window]
[STDERR  ] 2018-02-08T14:44:24.917295329Z: [    0.320013] pci_bus 0000:00: root bus resource [bus 00-ff]
[STDERR  ] 2018-02-08T14:44:24.917300784Z: [    0.504319] pci 0000:00:1f.0: quirk: [io  0x0600-0x067f] claimed by ICH6 ACPI/GPIO/TCO
[STDERR  ] 2018-02-08T14:44:24.917306232Z: [    0.584761] ACPI: PCI Interrupt Link [LNKA] (IRQs 5 *10 11)
[STDERR  ] 2018-02-08T14:44:24.917311705Z: [    0.590344] ACPI: PCI Interrupt Link [LNKB] (IRQs 5 *10 11)
[STDERR  ] 2018-02-08T14:44:24.917317165Z: [    0.596007] ACPI: PCI Interrupt Link [LNKC] (IRQs 5 10 *11)
[STDERR  ] 2018-02-08T14:44:24.917322551Z: [    0.600342] ACPI: PCI Interrupt Link [LNKD] (IRQs 5 10 *11)
[STDERR  ] 2018-02-08T14:44:24.917328034Z: [    0.605617] ACPI: PCI Interrupt Link [LNKE] (IRQs 5 *10 11)
[STDERR  ] 2018-02-08T14:44:24.917333447Z: [    0.610301] ACPI: PCI Interrupt Link [LNKF] (IRQs 5 *10 11)
[STDERR  ] 2018-02-08T14:44:24.917338859Z: [    0.615727] ACPI: PCI Interrupt Link [LNKG] (IRQs 5 10 *11)
[STDERR  ] 2018-02-08T14:44:24.917344313Z: [    0.620321] ACPI: PCI Interrupt Link [LNKH] (IRQs 5 10 *11)
[STDERR  ] 2018-02-08T14:44:24.917349754Z: [    0.625670] ACPI: PCI Interrupt Link [GSIA] (IRQs *16)
[STDERR  ] 2018-02-08T14:44:24.917355306Z: [    0.630071] ACPI: PCI Interrupt Link [GSIB] (IRQs *17)
[STDERR  ] 2018-02-08T14:44:24.917362826Z: [    0.634921] ACPI: PCI Interrupt Link [GSIC] (IRQs *18)
[STDERR  ] 2018-02-08T14:44:24.917369924Z: [    0.640059] ACPI: PCI Interrupt Link [GSID] (IRQs *19)
[STDERR  ] 2018-02-08T14:44:24.917379465Z: [    0.644806] ACPI: PCI Interrupt Link [GSIE] (IRQs *20)
[STDERR  ] 2018-02-08T14:44:24.917384922Z: [    0.650064] ACPI: PCI Interrupt Link [GSIF] (IRQs *21)
[STDERR  ] 2018-02-08T14:44:24.917390363Z: [    0.654839] ACPI: PCI Interrupt Link [GSIG] (IRQs *22)
[STDERR  ] 2018-02-08T14:44:24.917395848Z: [    0.660056] ACPI: PCI Interrupt Link [GSIH] (IRQs *23)
[STDERR  ] 2018-02-08T14:44:24.917401315Z: [    0.673512] SCSI subsystem initialized
[STDERR  ] 2018-02-08T14:44:24.917406972Z: [    0.679747] ACPI: bus type USB registered
[STDERR  ] 2018-02-08T14:44:24.917415798Z: [    0.680704] usbcore: registered new interface driver usbfs
[STDERR  ] 2018-02-08T14:44:24.91742142Z: [    0.685777] usbcore: registered new interface driver hub
[STDERR  ] 2018-02-08T14:44:24.917426943Z: [    0.690164] usbcore: registered new device driver usb
[STDERR  ] 2018-02-08T14:44:24.91743239Z: [    0.694780] pps_core: LinuxPPS API ver. 1 registered
[STDERR  ] 2018-02-08T14:44:24.917437917Z: [    0.700111] pps_core: Software ver. 5.3.6 - Copyright 2005-2007 Rodolfo Giometti <giometti@linux.it>
[STDERR  ] 2018-02-08T14:44:24.917443414Z: [    0.710094] PTP clock support registered
[STDERR  ] 2018-02-08T14:44:24.917448878Z: [    0.715388] PCI: Using ACPI for IRQ routing
[STDERR  ] 2018-02-08T14:44:24.917454302Z: [    1.112709] NetLabel: Initializing
[STDERR  ] 2018-02-08T14:44:24.917462954Z: [    1.115777] NetLabel:  domain hash size = 128
[STDERR  ] 2018-02-08T14:44:24.917468479Z: [    1.119460] NetLabel:  protocols = UNLABELED CIPSOv4 CALIPSO
[STDERR  ] 2018-02-08T14:44:24.917474053Z: [    1.120648] NetLabel:  unlabeled traffic allowed by default
[STDERR  ] 2018-02-08T14:44:24.917479501Z: [    1.133224] HPET: 3 timers in total, 0 timers will be used for per-cpu timer
[STDERR  ] 2018-02-08T14:44:24.917487512Z: [    1.139437] hpet0: at MMIO 0xfed00000, IRQs 2, 8, 0
[STDERR  ] 2018-02-08T14:44:24.917493078Z: [    1.140021] hpet0: 3 comparators, 64-bit 100.000000 MHz counter
[STDERR  ] 2018-02-08T14:44:24.917498561Z: [    1.155522] clocksource: Switched to clocksource kvm-clock
[STDERR  ] 2018-02-08T14:44:24.917503977Z: [    1.298612] VFS: Disk quotas dquot_6.6.0
[STDERR  ] 2018-02-08T14:44:24.917515619Z: [    1.302758] VFS: Dquot-cache hash table entries: 512 (order 0, 4096 bytes)
[STDERR  ] 2018-02-08T14:44:24.917521163Z: [    1.309108] FS-Cache: Loaded
[STDERR  ] 2018-02-08T14:44:24.917528162Z: [    1.313251] CacheFiles: Loaded
[STDERR  ] 2018-02-08T14:44:24.917533794Z: [    1.316181] pnp: PnP ACPI init
[STDERR  ] 2018-02-08T14:44:24.917539247Z: [    1.321950] pnp: PnP ACPI: found 5 devices
[STDERR  ] 2018-02-08T14:44:24.917544701Z: [    1.341270] clocksource: acpi_pm: mask: 0xffffff max_cycles: 0xffffff, max_idle_ns: 2085701024 ns
[STDERR  ] 2018-02-08T14:44:24.917550302Z: [    1.349869] NET: Registered protocol family 2
[STDERR  ] 2018-02-08T14:44:24.917555743Z: [    1.356215] TCP established hash table entries: 8192 (order: 4, 65536 bytes)
[STDERR  ] 2018-02-08T14:44:24.917561237Z: [    1.363112] TCP bind hash table entries: 8192 (order: 5, 131072 bytes)
[STDERR  ] 2018-02-08T14:44:24.917566729Z: [    1.370470] TCP: Hash tables configured (established 8192 bind 8192)
[STDERR  ] 2018-02-08T14:44:24.917572285Z: [    1.377085] UDP hash table entries: 512 (order: 2, 16384 bytes)
[STDERR  ] 2018-02-08T14:44:24.917577766Z: [    1.382417] UDP-Lite hash table entries: 512 (order: 2, 16384 bytes)
[STDERR  ] 2018-02-08T14:44:24.917583366Z: [    1.388764] NET: Registered protocol family 1
[STDERR  ] 2018-02-08T14:44:24.917588849Z: [    1.393301] pci 0000:00:01.0: Video device with shadowed ROM at [mem 0x000c0000-0x000dffff]
[STDERR  ] 2018-02-08T14:44:24.917594397Z: [    1.401418] Trying to unpack rootfs image as initramfs...
[STDERR  ] 2018-02-08T14:44:24.917599984Z: [    2.637933] Freeing initrd memory: 25580K
[STDERR  ] 2018-02-08T14:44:24.917606886Z: [    2.647902] PCLMULQDQ-NI instructions are not detected.
[STDERR  ] 2018-02-08T14:44:24.917612431Z: [    2.653156] AVX or AES-NI instructions are not detected.
[STDERR  ] 2018-02-08T14:44:24.917620119Z: [    2.657639] CPU feature 'AVX registers' is not supported.
[STDERR  ] 2018-02-08T14:44:24.91762565Z: [    2.662380] CPU feature 'AVX registers' is not supported.
[STDERR  ] 2018-02-08T14:44:24.917631176Z: [    2.666857] CPU feature 'AVX registers' is not supported.
[STDERR  ] 2018-02-08T14:44:24.917636605Z: [    2.671451] CPU feature 'AVX registers' is not supported.
[STDERR  ] 2018-02-08T14:44:24.917642009Z: [    2.675955] AVX2 or AES-NI instructions are not detected.
[STDERR  ] 2018-02-08T14:44:24.917651331Z: [    2.680537] AVX2 instructions are not detected.
[STDERR  ] 2018-02-08T14:44:24.917656899Z: [    2.685925] audit: initializing netlink subsys (disabled)
[STDERR  ] 2018-02-08T14:44:24.917662392Z: [    2.693294] audit: type=2000 audit(1518101059.334:1): state=initialized audit_enabled=0 res=1
[STDERR  ] 2018-02-08T14:44:24.917667974Z: [    2.700830] workingset: timestamp_bits=46 max_order=18 bucket_order=0
[STDERR  ] 2018-02-08T14:44:24.917673528Z: [    2.707911] squashfs: version 4.0 (2009/01/31) Phillip Lougher
[STDERR  ] 2018-02-08T14:44:24.917678959Z: [    2.714012] FS-Cache: Netfs 'cifs' registered for caching
[STDERR  ] 2018-02-08T14:44:24.917684544Z: [    2.719931] fuse init (API version 7.26)
[STDERR  ] 2018-02-08T14:44:24.917690004Z: [    2.724321] SGI XFS with ACLs, security attributes, no debug enabled
[STDERR  ] 2018-02-08T14:44:24.917698644Z: [    2.731754] 9p: Installing v9fs 9p2000 file system support
[STDERR  ] 2018-02-08T14:44:24.917704174Z: [    2.736373] FS-Cache: Netfs '9p' registered for caching
[STDERR  ] 2018-02-08T14:44:24.917709676Z: [    2.747872] NET: Registered protocol family 38
[STDERR  ] 2018-02-08T14:44:24.917715335Z: [    2.751935] Key type asymmetric registered
[STDERR  ] 2018-02-08T14:44:24.917720782Z: [    2.755420] Asymmetric key parser 'x509' registered
[STDERR  ] 2018-02-08T14:44:24.91772622Z: [    2.759784] Block layer SCSI generic (bsg) driver version 0.4 loaded (major 248)
[STDERR  ] 2018-02-08T14:44:24.917732488Z: [    2.766235] io scheduler noop registered
[STDERR  ] 2018-02-08T14:44:24.917738019Z: [    2.769530] io scheduler deadline registered (default)
[STDERR  ] 2018-02-08T14:44:24.917743575Z: [    2.774546] io scheduler cfq registered
[STDERR  ] 2018-02-08T14:44:24.917749009Z: [    2.777915] io scheduler mq-deadline registered
[STDERR  ] 2018-02-08T14:44:24.917754456Z: [    2.781875] io scheduler kyber registered
[STDERR  ] 2018-02-08T14:44:24.917759968Z: [    2.786239] shpchp: Standard Hot Plug PCI Controller Driver version: 0.4
[STDERR  ] 2018-02-08T14:44:24.917765433Z: [    2.792321] hv_vmbus: registering driver hyperv_fb
[STDERR  ] 2018-02-08T14:44:24.917770871Z: [    2.797184] input: Power Button as /devices/LNXSYSTM:00/LNXPWRBN:00/input/input0
[STDERR  ] 2018-02-08T14:44:24.91777633Z: [    2.803624] ACPI: Power Button [PWRF]
[STDERR  ] 2018-02-08T14:44:24.917781785Z: [    2.809508] ACPI: PCI Interrupt Link [GSIG] enabled at IRQ 22
[STDERR  ] 2018-02-08T14:44:24.917787199Z: [    2.821801] ACPI: PCI Interrupt Link [GSIH] enabled at IRQ 23
[STDERR  ] 2018-02-08T14:44:24.917793517Z: [    2.833928] Serial: 8250/16550 driver, 4 ports, IRQ sharing disabled
[STDERR  ] 2018-02-08T14:44:24.917800831Z: [    2.873468] 00:04: ttyS0 at I/O 0x3f8 (irq = 4, base_baud = 115200) is a 16550A
[STDERR  ] 2018-02-08T14:44:24.917806367Z: [    2.881862] Non-volatile memory driver v1.3
[STDERR  ] 2018-02-08T14:44:24.91781205Z: [    2.887733] Hangcheck: starting hangcheck timer 0.9.1 (tick is 180 seconds, margin is 60 seconds).
[STDERR  ] 2018-02-08T14:44:24.917817605Z: [    2.895649] random: crng init done
[STDERR  ] 2018-02-08T14:44:24.917823059Z: [    2.912732] brd: module loaded
[STDERR  ] 2018-02-08T14:44:24.917828573Z: [    2.928536] loop: module loaded
[STDERR  ] 2018-02-08T14:44:24.917833982Z: [    2.951889] lpc_ich 0000:00:1f.0: I/O space for GPIO uninitialized
[STDERR  ] 2018-02-08T14:44:24.917839446Z: [    2.957727] VMware PVSCSI driver - version 1.0.7.0-k
[STDERR  ] 2018-02-08T14:44:24.917844932Z: [    2.962221] hv_vmbus: registering driver hv_storvsc
[STDERR  ] 2018-02-08T14:44:24.917850419Z: [    2.967896] ACPI: PCI Interrupt Link [GSIA] enabled at IRQ 16
[STDERR  ] 2018-02-08T14:44:24.917857786Z: [    2.976495] ahci 0000:00:1f.2: AHCI 0001.0000 32 slots 6 ports 1.5 Gbps 0x3f impl SATA mode
[STDERR  ] 2018-02-08T14:44:24.917863338Z: [    2.983709] ahci 0000:00:1f.2: flags: 64bit ncq only 
[STDERR  ] 2018-02-08T14:44:24.917868787Z: [    2.991724] scsi host0: ahci
[STDERR  ] 2018-02-08T14:44:24.917874331Z: [    2.994499] scsi host1: ahci
[STDERR  ] 2018-02-08T14:44:24.917882871Z: [    2.997090] scsi host2: ahci
[STDERR  ] 2018-02-08T14:44:24.91788844Z: [    2.999691] scsi host3: ahci
[STDERR  ] 2018-02-08T14:44:24.917894008Z: [    3.002278] scsi host4: ahci
[STDERR  ] 2018-02-08T14:44:24.917900907Z: [    3.004984] scsi host5: ahci
[STDERR  ] 2018-02-08T14:44:24.917906449Z: [    3.007686] ata1: SATA max UDMA/133 abar m4096@0xfebd2000 port 0xfebd2100 irq 24
[STDERR  ] 2018-02-08T14:44:24.917911978Z: [    3.014090] ata2: SATA max UDMA/133 abar m4096@0xfebd2000 port 0xfebd2180 irq 24
[STDERR  ] 2018-02-08T14:44:24.917917492Z: [    3.020454] ata3: SATA max UDMA/133 abar m4096@0xfebd2000 port 0xfebd2200 irq 24
[STDERR  ] 2018-02-08T14:44:24.917924757Z: [    3.026660] ata4: SATA max UDMA/133 abar m4096@0xfebd2000 port 0xfebd2280 irq 24
[STDERR  ] 2018-02-08T14:44:24.917933819Z: [    3.032950] ata5: SATA max UDMA/133 abar m4096@0xfebd2000 port 0xfebd2300 irq 24
[STDERR  ] 2018-02-08T14:44:24.917939288Z: [    3.039221] ata6: SATA max UDMA/133 abar m4096@0xfebd2000 port 0xfebd2380 irq 24
[STDERR  ] 2018-02-08T14:44:24.91794475Z: [    3.048996] tun: Universal TUN/TAP device driver, 1.6
[STDERR  ] 2018-02-08T14:44:24.917952203Z: [    3.058003] VMware vmxnet3 virtual NIC driver - version 1.4.a.0-k-NAPI
[STDERR  ] 2018-02-08T14:44:24.91795774Z: [    3.063602] hv_vmbus: registering driver hv_netvsc
[STDERR  ] 2018-02-08T14:44:24.917963242Z: [    3.067618] Fusion MPT base driver 3.04.20
[STDERR  ] 2018-02-08T14:44:24.917968708Z: [    3.071166] Copyright (c) 1999-2008 LSI Corporation
[STDERR  ] 2018-02-08T14:44:24.917974184Z: [    3.075400] Fusion MPT SPI Host driver 3.04.20
[STDERR  ] 2018-02-08T14:44:24.917981885Z: [    3.079736] i8042: PNP: PS/2 Controller [PNP0303:KBD,PNP0f13:MOU] at 0x60,0x64 irq 1,12
[STDERR  ] 2018-02-08T14:44:24.917987388Z: [    3.090427] serio: i8042 KBD port at 0x60,0x64 irq 1
[STDERR  ] 2018-02-08T14:44:24.917992841Z: [    3.094652] serio: i8042 AUX port at 0x60,0x64 irq 12
[STDERR  ] 2018-02-08T14:44:24.917999568Z: [    3.099198] hv_vmbus: registering driver hyperv_keyboard
[STDERR  ] 2018-02-08T14:44:24.918005128Z: [    3.104080] mousedev: PS/2 mouse device common for all mice
[STDERR  ] 2018-02-08T14:44:24.918010618Z: [    3.110431] input: AT Translated Set 2 keyboard as /devices/platform/i8042/serio0/input/input1
[STDERR  ] 2018-02-08T14:44:24.918016189Z: [    3.117863] input: PC Speaker as /devices/platform/pcspkr/input/input2
[STDERR  ] 2018-02-08T14:44:24.918021653Z: [    3.124319] rtc_cmos 00:00: RTC can wake from S4
[STDERR  ] 2018-02-08T14:44:24.918027098Z: [    3.129833] rtc_cmos 00:00: rtc core: registered rtc_cmos as rtc0
[STDERR  ] 2018-02-08T14:44:24.918032595Z: [    3.135885] rtc_cmos 00:00: alarms up to one day, y3k, 114 bytes nvram, hpet irqs
[STDERR  ] 2018-02-08T14:44:24.918038076Z: [    3.142294] i2c /dev entries driver
[STDERR  ] 2018-02-08T14:44:24.918043681Z: [    3.145830] device-mapper: ioctl: 4.37.0-ioctl (2017-09-20) initialised: dm-devel@redhat.com
[STDERR  ] 2018-02-08T14:44:24.918049261Z: [    3.154327] usbcore: registered new interface driver usbhid
[STDERR  ] 2018-02-08T14:44:24.918054714Z: [    3.157708] usbhid: USB HID core driver
[STDERR  ] 2018-02-08T14:44:24.918060154Z: [    3.161533] hv_utils: Registering HyperV Utility Driver
[STDERR  ] 2018-02-08T14:44:24.918065541Z: [    3.165950] hv_vmbus: registering driver hv_util
[STDERR  ] 2018-02-08T14:44:24.918071029Z: [    3.169858] hv_vmbus: registering driver hv_balloon
[STDERR  ] 2018-02-08T14:44:24.918076468Z: [    3.174219] oprofile: using NMI interrupt.
[STDERR  ] 2018-02-08T14:44:24.918081952Z: [    3.178078] GACT probability on
[STDERR  ] 2018-02-08T14:44:24.918087423Z: [    3.180869] Mirror/redirect action on
[STDERR  ] 2018-02-08T14:44:24.918113265Z: [    3.183976] Simple TC action Loaded
[STDERR  ] 2018-02-08T14:44:24.918119246Z: [    3.186941] u32 classifier
[STDERR  ] 2018-02-08T14:44:24.918124734Z: [    3.189269]     Performance counters on
[STDERR  ] 2018-02-08T14:44:24.918130196Z: [    3.192629]     input device check on
[STDERR  ] 2018-02-08T14:44:24.918138243Z: [    3.195744]     Actions configured
[STDERR  ] 2018-02-08T14:44:24.918147071Z: [    3.198797] Netfilter messages via NETLINK v0.30.
[STDERR  ] 2018-02-08T14:44:24.918152616Z: [    3.202888] nfnl_acct: registering with nfnetlink.
[STDERR  ] 2018-02-08T14:44:24.918158181Z: [    3.207166] nf_conntrack version 0.5.0 (8192 buckets, 32768 max)
[STDERR  ] 2018-02-08T14:44:24.918163771Z: [    3.212632] ctnetlink v0.93: registering with nfnetlink.
[STDERR  ] 2018-02-08T14:44:24.918169305Z: [    3.217747] nf_tables: (c) 2007-2009 Patrick McHardy <kaber@trash.net>
[STDERR  ] 2018-02-08T14:44:24.918174879Z: [    3.223639] nf_tables_compat: (c) 2012 Pablo Neira Ayuso <pablo@netfilter.org>
[STDERR  ] 2018-02-08T14:44:24.918180431Z: [    3.230619] xt_time: kernel timezone is -0000
[STDERR  ] 2018-02-08T14:44:24.918185975Z: [    3.234544] ip_set: protocol 6
[STDERR  ] 2018-02-08T14:44:24.918194655Z: [    3.237494] IPVS: Registered protocols (TCP, UDP, SCTP, AH, ESP)
[STDERR  ] 2018-02-08T14:44:24.918200305Z: [    3.242880] IPVS: Connection hash table configured (size=4096, memory=64Kbytes)
[STDERR  ] 2018-02-08T14:44:24.918205967Z: [    3.249585] IPVS: ipvs loaded.
[STDERR  ] 2018-02-08T14:44:24.918211577Z: [    3.252350] IPVS: [rr] scheduler registered.
[STDERR  ] 2018-02-08T14:44:24.918218973Z: [    3.255930] IPVS: [wrr] scheduler registered.
[STDERR  ] 2018-02-08T14:44:24.918224614Z: [    3.259578] IPVS: [lc] scheduler registered.
[STDERR  ] 2018-02-08T14:44:24.918234397Z: [    3.263664] IPVS: [wlc] scheduler registered.
[STDERR  ] 2018-02-08T14:44:24.918240029Z: [    3.267344] IPVS: [fo] scheduler registered.
[STDERR  ] 2018-02-08T14:44:24.918245766Z: [    3.271224] IPVS: [ovf] scheduler registered.
[STDERR  ] 2018-02-08T14:44:24.918252981Z: [    3.274886] IPVS: [lblc] scheduler registered.
[STDERR  ] 2018-02-08T14:44:24.918258676Z: [    3.278925] IPVS: [lblcr] scheduler registered.
[STDERR  ] 2018-02-08T14:44:24.918270763Z: [    3.282785] IPVS: [dh] scheduler registered.
[STDERR  ] 2018-02-08T14:44:24.918276257Z: [    3.286677] IPVS: [sh] scheduler registered.
[STDERR  ] 2018-02-08T14:44:24.918281901Z: [    3.290450] IPVS: [sed] scheduler registered.
[STDERR  ] 2018-02-08T14:44:24.91828753Z: [    3.294439] IPVS: [nq] scheduler registered.
[STDERR  ] 2018-02-08T14:44:24.918293104Z: [    3.298077] IPVS: ftp: loaded support on port[0] = 21
[STDERR  ] 2018-02-08T14:44:24.918298724Z: [    3.302918] ipip: IPv4 and MPLS over IPv4 tunneling driver
[STDERR  ] 2018-02-08T14:44:24.918304217Z: [    3.308209] gre: GRE over IPv4 demultiplexor driver
[STDERR  ] 2018-02-08T14:44:24.918314275Z: [    3.312690] ip_tables: (C) 2000-2006 Netfilter Core Team
[STDERR  ] 2018-02-08T14:44:24.918319961Z: [    3.317544] ipt_CLUSTERIP: ClusterIP Version 0.8 loaded successfully
[STDERR  ] 2018-02-08T14:44:24.918325568Z: [    3.323183] arp_tables: arp_tables: (C) 2002 David S. Miller
[STDERR  ] 2018-02-08T14:44:24.918331064Z: [    3.328584] NET: Registered protocol family 10
[STDERR  ] 2018-02-08T14:44:24.918336704Z: [    3.334095] Segment Routing with IPv6
[STDERR  ] 2018-02-08T14:44:24.918342259Z: [    3.337406] ip6_tables: (C) 2000-2006 Netfilter Core Team
[STDERR  ] 2018-02-08T14:44:24.918347804Z: [    3.343243] NET: Registered protocol family 17
[STDERR  ] 2018-02-08T14:44:24.918353396Z: [    3.347570] Bridge firewalling registered
[STDERR  ] 2018-02-08T14:44:24.918359014Z: [    3.351180] Ebtables v2.0 registered
[STDERR  ] 2018-02-08T14:44:24.91836465Z: [    3.354742] 8021q: 802.1Q VLAN Support v1.8
[STDERR  ] 2018-02-08T14:44:24.918370331Z: [    3.358341] 9pnet: Installing 9P2000 support
[STDERR  ] 2018-02-08T14:44:24.918375795Z: [    3.362463] Key type dns_resolver registered
[STDERR  ] 2018-02-08T14:44:24.9183817Z: [    3.367104] registered taskstats version 1
[STDERR  ] 2018-02-08T14:44:24.918387328Z: [    3.371297] ata2: SATA link down (SStatus 0 SControl 300)
[STDERR  ] 2018-02-08T14:44:24.918392814Z: [    3.376673] ata6: SATA link down (SStatus 0 SControl 300)
[STDERR  ] 2018-02-08T14:44:24.918398525Z: [    3.382019] ata5: SATA link down (SStatus 0 SControl 300)
[STDERR  ] 2018-02-08T14:44:24.918410622Z: [    3.387409] ata3: SATA link up 1.5 Gbps (SStatus 113 SControl 300)
[STDERR  ] 2018-02-08T14:44:24.918418329Z: [    3.393526] ata1: SATA link down (SStatus 0 SControl 300)
[STDERR  ] 2018-02-08T14:44:24.918425933Z: [    3.398800] ata4: SATA link down (SStatus 0 SControl 300)
[STDERR  ] 2018-02-08T14:44:24.918433999Z: [    3.407716] ata3.00: ATAPI: QEMU DVD-ROM, 2.5+, max UDMA/100
[STDERR  ] 2018-02-08T14:44:24.918442216Z: [    3.412704] ata3.00: applying bridge limits
[STDERR  ] 2018-02-08T14:44:24.918449773Z: [    3.419138] ata3.00: configured for UDMA/100
[STDERR  ] 2018-02-08T14:44:24.91845768Z: [    3.426213] scsi 2:0:0:0: CD-ROM            QEMU     QEMU DVD-ROM     2.5+ PQ: 0 ANSI: 5
[STDERR  ] 2018-02-08T14:44:24.918465811Z: [    3.433322] Key type big_key registered
[STDERR  ] 2018-02-08T14:44:24.918480329Z: [    3.441479] Key type encrypted registered
[STDERR  ] 2018-02-08T14:44:24.91848919Z: [    3.447180] rtc_cmos 00:00: setting system clock to 2018-02-08 14:44:20 UTC (1518101060)
[STDERR  ] 2018-02-08T14:44:24.918497985Z: [    3.454991] sr 2:0:0:0: [sr0] scsi3-mmc drive: 4x/4x cd/rw xa/form2 tray
[STDERR  ] 2018-02-08T14:44:24.91850662Z: [    3.460714] cdrom: Uniform CD-ROM driver Revision: 3.20
[STDERR  ] 2018-02-08T14:44:24.918514756Z: [    3.468121] sr 2:0:0:0: Attached scsi generic sg0 type 5
[STDERR  ] 2018-02-08T14:44:24.918558998Z: [    3.484900] Freeing unused kernel memory: 1500K
[STDERR  ] 2018-02-08T14:44:24.918569999Z: [    3.488920] Write protecting the kernel read-only data: 18432k
[STDERR  ] 2018-02-08T14:44:24.918578221Z: [    3.510452] Freeing unused kernel memory: 2024K
[STDERR  ] 2018-02-08T14:44:24.918585718Z: [    3.526337] Freeing unused kernel memory: 1144K
[STDERR  ] 2018-02-08T14:44:24.918593201Z: 
[STDERR  ] 2018-02-08T14:44:24.918601138Z: Welcome to LinuxKit
[STDERR  ] 2018-02-08T14:44:24.918609064Z: 
[STDERR  ] 2018-02-08T14:44:24.918617232Z:                         ##         .
[STDERR  ] 2018-02-08T14:44:24.918641685Z:                   ## ## ##        ==
[STDERR  ] 2018-02-08T14:44:24.918650153Z:                ## ## ## ## ##    ===
[STDERR  ] 2018-02-08T14:44:24.918658105Z:            /"""""""""""""""""\___/ ===
[STDERR  ] 2018-02-08T14:44:24.918668689Z:           {                       /  ===-
[STDERR  ] 2018-02-08T14:44:24.918676729Z:            \______ O           __/
[STDERR  ] 2018-02-08T14:44:24.918684618Z:              \    \         __/
[STDERR  ] 2018-02-08T14:44:24.918692721Z:               \____\_______/
[STDERR  ] 2018-02-08T14:44:24.918700587Z: 
[STDERR  ] 2018-02-08T14:44:24.918718683Z: Linux linuxkit-8684eb52833b 4.14.18-linuxkit #1 SMP Thu Feb 8 13:40:47 UTC 2018 x86_64 Linux
[STDERR  ] 2018-02-08T14:44:24.918729382Z: filename:       hello_world.ko
[STDERR  ] 2018-02-08T14:44:24.918737181Z: author:         Rolf Neugebauer <rolf.neugebauer@docker.com>
[STDERR  ] 2018-02-08T14:44:24.918745153Z: description:    A simple Hello World kernel module for testing
[STDERR  ] 2018-02-08T14:44:24.91875335Z: license:        GPL
[STDERR  ] 2018-02-08T14:44:24.918761516Z: depends:        
[STDERR  ] 2018-02-08T14:44:24.918770045Z: vermagic:       4.14.18-linuxkit SMP mod_unload modversions RANDSTRUCT_PLUGIN_f7ef7835be7f501b81f407771ae8096506e524e7e0aab47a97a3cdd8af2a2906
[STDERR  ] 2018-02-08T14:44:24.918788699Z: [    4.186529] hello_world: loading out-of-tree module taints kernel.
[STDERR  ] 2018-02-08T14:44:24.918797297Z: [    4.193300] Hello LinuxKit
[STDERR  ] 2018-02-08T14:44:24.918805166Z: [    4.200164] Goodbye LinuxKit.
[STDERR  ] 2018-02-08T14:44:24.918813731Z: Kernel module test suite PASSED
[STDERR  ] 2018-02-08T14:44:24.918821643Z: [    7.254441] ACPI: Preparing to enter system sleep state S5
[STDERR  ] 2018-02-08T14:44:24.91882978Z: [    7.260694] reboot: Power down
[STDERR  ] 2018-02-08T14:44:24.918837963Z: + exit 0
[STDERR  ] 2018-02-08T14:44:24.918846224Z: + clean_up
[STDERR  ] 2018-02-08T14:44:24.918854174Z: + docker rmi kmod-test
[STDOUT  ] 2018-02-08T14:44:24.939896623Z: Untagged: kmod-test:latest
[STDOUT  ] 2018-02-08T14:44:24.939949166Z: Deleted: sha256:a042715828d78f8dcdf4f710e16155b2ef3d73e7d18d5c8ad273cfe5524f7659
[STDOUT  ] 2018-02-08T14:44:24.939957137Z: Deleted: sha256:c4abbeffe85c09ca3f3ad5ac65c16829f1208f2449a70ca81bbeddcc93263cfb
[STDOUT  ] 2018-02-08T14:44:24.939963831Z: Deleted: sha256:bd7a915122cd7ea0f4ae6aefb15cbf11d706f415a17838f90f2f5b619bf8083b
[STDOUT  ] 2018-02-08T14:44:24.939981528Z: Deleted: sha256:23d921a64ddc7f8df7fb432254ec005866fc267b5ed46b882a9e927a230c2c8a
[STDOUT  ] 2018-02-08T14:44:24.939993656Z: Deleted: sha256:e4910d8e97c3ad3a44c6af961202b21266765d4f6f8f03015f436ffaadfbb390
[STDERR  ] 2018-02-08T14:44:24.941013509Z: + rm -rf kmod-cmdline kmod-initrd.img kmod-kernel kmod-state
[PASS    ] linuxkit.kernel.kmod_4.14.x 37.08s
