[INFO    ] 2017-07-20T14:49:47.587017244Z: Running Test linuxkit.security.ports in /tmp/build/test/cases/030_security/010_ports
[INFO    ] 2017-07-20T14:49:47.587098588Z: Running command: [/bin/sh -x /tmp/build/test/cases/030_security/010_ports/test.sh]
[STDERR  ] 2017-07-20T14:49:47.601408421Z: + set -e
[STDERR  ] 2017-07-20T14:49:47.601497486Z: + . /tmp/build/test/cases/_lib/lib.sh
[STDERR  ] 2017-07-20T14:49:47.601509635Z: + [ -f src/github.com/linuxkit/rtf/lib/lib.sh ]
[STDERR  ] 2017-07-20T14:49:47.601515852Z: + LINUXKIT_TMPDIR=/tmp/build/test/cases/_tmp
[STDERR  ] 2017-07-20T14:49:47.601522612Z: + [ -f /tmp/build/test/cases/_tmp/env.sh ]
[STDERR  ] 2017-07-20T14:49:47.601532272Z: + . /tmp/build/test/cases/_tmp/env.sh
[STDERR  ] 2017-07-20T14:49:47.601545524Z: + export LINUXKIT_EXAMPLES_DIR=/tmp/build/test/cases/../../examples
[STDERR  ] 2017-07-20T14:49:47.60155761Z: + export LINUXKIT_BLUEPRINTS_DIR=/tmp/build/test/cases/../../blueprints
[STDERR  ] 2017-07-20T14:49:47.601568769Z: + RT_CANCEL=253
[STDERR  ] 2017-07-20T14:49:47.601577912Z: + NAME=lsof
[STDERR  ] 2017-07-20T14:49:47.601587172Z: + trap clean_up EXIT
[STDERR  ] 2017-07-20T14:49:47.601593848Z: + moby build -output kernel+initrd -name lsof test.yml
[STDERR  ] 2017-07-20T14:49:47.632983353Z: Extract kernel image: linuxkit/kernel:4.9.38
[STDERR  ] 2017-07-20T14:49:49.343866073Z: Add init containers:
[STDERR  ] 2017-07-20T14:49:49.34393578Z: Process init image: linuxkit/init:d049e7b2074da5cd699a27defb47eb101142455d
[STDERR  ] 2017-07-20T14:49:50.635094644Z: Process init image: linuxkit/runc:d5cbeb95bdafedb82ad2cf11cff1a5da7fcae630
[STDERR  ] 2017-07-20T14:49:51.861166695Z: Add onboot containers:
[STDERR  ] 2017-07-20T14:49:51.861231924Z:   Create OCI config for alpine:3.6
[STDERR  ] 2017-07-20T14:49:51.997140365Z:   Create OCI config for linuxkit/poweroff:bce51402e293da0b653923a43c3c7be6e0effa05
[STDERR  ] 2017-07-20T14:49:53.219923392Z: Add files:
[STDERR  ] 2017-07-20T14:49:53.219975925Z:   check.sh
[STDERR  ] 2017-07-20T14:49:53.246794212Z: Create outputs:
[STDERR  ] 2017-07-20T14:49:56.264805664Z:   lsof-kernel lsof-initrd.img lsof-cmdline
[STDERR  ] 2017-07-20T14:49:56.30732117Z: + linuxkit run qemu -kernel lsof
[STDERR  ] 2017-07-20T14:49:56.328169136Z: Unable to find qemu-system-x86_64 within the $PATH. Using a container
[STDOUT  ] 2017-07-20T14:49:58.623850462Z: [    0.000000] Linux version 4.9.38-linuxkit (root@e1ede117fb1e) (gcc version 6.3.0 (Alpine 6.3.0) ) #1 SMP Tue Jul 18 09:12:54 UTC 2017
[STDOUT  ] 2017-07-20T14:49:58.624068435Z: [    0.000000] Command line: console=ttyS0 page_poison=1
[STDOUT  ] 2017-07-20T14:49:58.624387727Z: [    0.000000] x86/fpu: Legacy x87 FPU detected.
[STDOUT  ] 2017-07-20T14:49:58.624551591Z: [    0.000000] x86/fpu: Using 'eager' FPU context switches.
[STDOUT  ] 2017-07-20T14:49:58.624741938Z: [    0.000000] e820: BIOS-provided physical RAM map:
[STDOUT  ] 2017-07-20T14:49:58.624917611Z: [    0.000000] BIOS-e820: [mem 0x0000000000000000-0x000000000009fbff] usable
[STDOUT  ] 2017-07-20T14:49:58.625248951Z: [    0.000000] BIOS-e820: [mem 0x000000000009fc00-0x000000000009ffff] reserved
[STDOUT  ] 2017-07-20T14:49:58.625418401Z: [    0.000000] BIOS-e820: [mem 0x00000000000f0000-0x00000000000fffff] reserved
[STDOUT  ] 2017-07-20T14:49:58.625638152Z: [    0.000000] BIOS-e820: [mem 0x0000000000100000-0x000000003ffdefff] usable
[STDOUT  ] 2017-07-20T14:49:58.62597792Z: [    0.000000] BIOS-e820: [mem 0x000000003ffdf000-0x000000003fffffff] reserved
[STDOUT  ] 2017-07-20T14:49:58.626314696Z: [    0.000000] BIOS-e820: [mem 0x00000000b0000000-0x00000000bfffffff] reserved
[STDOUT  ] 2017-07-20T14:49:58.62648381Z: [    0.000000] BIOS-e820: [mem 0x00000000fed1c000-0x00000000fed1ffff] reserved
[STDOUT  ] 2017-07-20T14:49:58.626824786Z: [    0.000000] BIOS-e820: [mem 0x00000000fffc0000-0x00000000ffffffff] reserved
[STDOUT  ] 2017-07-20T14:49:58.626996679Z: [    0.000000] NX (Execute Disable) protection: active
[STDOUT  ] 2017-07-20T14:49:58.627014949Z: [    0.000000] SMBIOS 2.8 present.
[STDOUT  ] 2017-07-20T14:49:58.627324896Z: [    0.000000] e820: last_pfn = 0x3ffdf max_arch_pfn = 0x400000000
[STDOUT  ] 2017-07-20T14:49:58.627497366Z: [    0.000000] x86/PAT: Configuration [0-7]: WB  WC  UC- UC  WB  WC  UC- WT  
[STDOUT  ] 2017-07-20T14:49:58.627898088Z: [    0.000000] found SMP MP-table at [mem 0x000f6aa0-0x000f6aaf] mapped at [ffff9dc1000f6aa0]
[STDOUT  ] 2017-07-20T14:49:58.628016914Z: [    0.000000] RAMDISK: [mem 0x3eed8000-0x3ffcffff]
[STDOUT  ] 2017-07-20T14:49:58.628298936Z: [    0.000000] ACPI: Early table checksum verification disabled
[STDOUT  ] 2017-07-20T14:49:58.62848396Z: [    0.000000] ACPI: RSDP 0x00000000000F68C0 000014 (v00 BOCHS )
[STDOUT  ] 2017-07-20T14:49:58.628827946Z: [    0.000000] ACPI: RSDT 0x000000003FFE2404 000034 (v01 BOCHS  BXPCRSDT 00000001 BXPC 00000001)
[STDOUT  ] 2017-07-20T14:49:58.629160323Z: [    0.000000] ACPI: FACP 0x000000003FFE22A4 000074 (v01 BOCHS  BXPCFACP 00000001 BXPC 00000001)
[STDOUT  ] 2017-07-20T14:49:58.629566517Z: [    0.000000] ACPI: DSDT 0x000000003FFE0040 002264 (v01 BOCHS  BXPCDSDT 00000001 BXPC 00000001)
[STDOUT  ] 2017-07-20T14:49:58.629731161Z: [    0.000000] ACPI: FACS 0x000000003FFE0000 000040
[STDOUT  ] 2017-07-20T14:49:58.630057352Z: [    0.000000] ACPI: APIC 0x000000003FFE2318 000078 (v01 BOCHS  BXPCAPIC 00000001 BXPC 00000001)
[STDOUT  ] 2017-07-20T14:49:58.63037569Z: [    0.000000] ACPI: HPET 0x000000003FFE2390 000038 (v01 BOCHS  BXPCHPET 00000001 BXPC 00000001)
[STDOUT  ] 2017-07-20T14:49:58.630705545Z: [    0.000000] ACPI: MCFG 0x000000003FFE23C8 00003C (v01 BOCHS  BXPCMCFG 00000001 BXPC 00000001)
[STDOUT  ] 2017-07-20T14:49:58.630723988Z: [    0.000000] Zone ranges:
[STDOUT  ] 2017-07-20T14:49:58.630939928Z: [    0.000000]   DMA      [mem 0x0000000000001000-0x0000000000ffffff]
[STDOUT  ] 2017-07-20T14:49:58.631270622Z: [    0.000000]   DMA32    [mem 0x0000000001000000-0x000000003ffdefff]
[STDOUT  ] 2017-07-20T14:49:58.631289239Z: [    0.000000]   Normal   empty
[STDOUT  ] 2017-07-20T14:49:58.631501272Z: [    0.000000] Movable zone start for each node
[STDOUT  ] 2017-07-20T14:49:58.63165464Z: [    0.000000] Early memory node ranges
[STDOUT  ] 2017-07-20T14:49:58.631820679Z: [    0.000000]   node   0: [mem 0x0000000000001000-0x000000000009efff]
[STDOUT  ] 2017-07-20T14:49:58.632143207Z: [    0.000000]   node   0: [mem 0x0000000000100000-0x000000003ffdefff]
[STDOUT  ] 2017-07-20T14:49:58.632459667Z: [    0.000000] Initmem setup node 0 [mem 0x0000000000001000-0x000000003ffdefff]
[STDOUT  ] 2017-07-20T14:49:58.63262002Z: [    0.000000] ACPI: PM-Timer IO Port: 0x608
[STDOUT  ] 2017-07-20T14:49:58.632785069Z: [    0.000000] ACPI: LAPIC_NMI (acpi_id[0xff] dfl dfl lint[0x1])
[STDOUT  ] 2017-07-20T14:49:58.633086305Z: [    0.000000] IOAPIC[0]: apic_id 0, version 32, address 0xfec00000, GSI 0-23
[STDOUT  ] 2017-07-20T14:49:58.633341999Z: [    0.000000] ACPI: INT_SRC_OVR (bus 0 bus_irq 0 global_irq 2 dfl dfl)
[STDOUT  ] 2017-07-20T14:49:58.63358075Z: [    0.000000] ACPI: INT_SRC_OVR (bus 0 bus_irq 5 global_irq 5 high level)
[STDOUT  ] 2017-07-20T14:49:58.633733639Z: [    0.000000] ACPI: INT_SRC_OVR (bus 0 bus_irq 9 global_irq 9 high level)
[STDOUT  ] 2017-07-20T14:49:58.634054561Z: [    0.000000] ACPI: INT_SRC_OVR (bus 0 bus_irq 10 global_irq 10 high level)
[STDOUT  ] 2017-07-20T14:49:58.634311218Z: [    0.000000] ACPI: INT_SRC_OVR (bus 0 bus_irq 11 global_irq 11 high level)
[STDOUT  ] 2017-07-20T14:49:58.634463341Z: [    0.000000] Using ACPI (MADT) for SMP configuration information
[STDOUT  ] 2017-07-20T14:49:58.634622184Z: [    0.000000] ACPI: HPET id: 0x8086a201 base: 0xfed00000
[STDOUT  ] 2017-07-20T14:49:58.634940806Z: [    0.000000] smpboot: Allowing 1 CPUs, 0 hotplug CPUs
[STDOUT  ] 2017-07-20T14:49:58.63509344Z: [    0.000000] e820: [mem 0x40000000-0xafffffff] available for PCI devices
[STDOUT  ] 2017-07-20T14:49:58.635307982Z: [    0.000000] Booting paravirtualized kernel on bare hardware
[STDOUT  ] 2017-07-20T14:49:58.635773347Z: [    0.000000] clocksource: refined-jiffies: mask: 0xffffffff max_cycles: 0xffffffff, max_idle_ns: 19112604462750000 ns
[STDOUT  ] 2017-07-20T14:49:58.636020125Z: [    0.000000] setup_percpu: NR_CPUS:128 nr_cpumask_bits:128 nr_cpu_ids:1 nr_node_ids:1
[STDOUT  ] 2017-07-20T14:49:58.636256272Z: [    0.000000] percpu: Embedded 35 pages/cpu @ffff9dc13ec00000 s105176 r8192 d29992 u2097152
[STDOUT  ] 2017-07-20T14:49:58.636570309Z: [    0.000000] Built 1 zonelists in Zone order, mobility grouping on.  Total pages: 257896
[STDOUT  ] 2017-07-20T14:49:58.636744747Z: [    0.000000] Kernel command line: console=ttyS0 page_poison=1
[STDOUT  ] 2017-07-20T14:49:58.636962787Z: [    0.000000] PID hash table entries: 4096 (order: 3, 32768 bytes)
[STDOUT  ] 2017-07-20T14:49:58.63727043Z: [    0.000000] Dentry cache hash table entries: 131072 (order: 8, 1048576 bytes)
[STDOUT  ] 2017-07-20T14:49:58.637598081Z: [    0.000000] Inode-cache hash table entries: 65536 (order: 7, 524288 bytes)
[STDOUT  ] 2017-07-20T14:49:58.638055878Z: [    0.000000] Memory: 996796K/1048052K available (8026K kernel code, 1366K rwdata, 2696K rodata, 1380K init, 568K bss, 51256K reserved, 0K cma-reserved)
[STDOUT  ] 2017-07-20T14:49:58.638298174Z: [    0.000000] Hierarchical RCU implementation.
[STDOUT  ] 2017-07-20T14:49:58.638461409Z: [    0.000000] 	Build-time adjustment of leaf fanout to 64.
[STDOUT  ] 2017-07-20T14:49:58.638619357Z: [    0.000000] 	RCU restricting CPUs from NR_CPUS=128 to nr_cpu_ids=1.
[STDOUT  ] 2017-07-20T14:49:58.63893816Z: [    0.000000] RCU: Adjusting geometry for rcu_fanout_leaf=64, nr_cpu_ids=1
[STDOUT  ] 2017-07-20T14:49:58.639087562Z: [    0.000000] NR_IRQS:8448 nr_irqs:256 16
[STDOUT  ] 2017-07-20T14:49:58.639250651Z: [    0.000000] Console: colour VGA+ 80x25
[STDOUT  ] 2017-07-20T14:49:58.639640031Z: [    0.000000] console [ttyS0] enabled
[STDOUT  ] 2017-07-20T14:49:58.641770714Z: [    0.000000] allocated 2097152 bytes of page_ext
[STDOUT  ] 2017-07-20T14:49:58.645054941Z: [    0.000000] clocksource: hpet: mask: 0xffffffff max_cycles: 0xffffffff, max_idle_ns: 19112604467 ns
[STDOUT  ] 2017-07-20T14:49:58.682351089Z: [    0.000000] tsc: Fast TSC calibration using PIT
[STDOUT  ] 2017-07-20T14:49:58.683135152Z: [    0.000000] tsc: Detected 2600.044 MHz processor
[STDOUT  ] 2017-07-20T14:49:58.687244557Z: [    0.022301] Calibrating delay loop (skipped), value calculated using timer frequency.. 5200.08 BogoMIPS (lpj=26000440)
[STDOUT  ] 2017-07-20T14:49:58.687660123Z: [    0.030632] pid_max: default: 32768 minimum: 301
[STDOUT  ] 2017-07-20T14:49:58.688887221Z: [    0.031798] ACPI: Core revision 20160831
[STDOUT  ] 2017-07-20T14:49:58.733347096Z: [    0.076247] ACPI: 1 ACPI AML tables successfully acquired and loaded
[STDOUT  ] 2017-07-20T14:49:58.738545564Z: [    0.081607] Security Framework initialized
[STDOUT  ] 2017-07-20T14:49:58.739105426Z: [    0.082127] Yama: becoming mindful.
[STDOUT  ] 2017-07-20T14:49:58.74129205Z: [    0.084257] Mount-cache hash table entries: 2048 (order: 2, 16384 bytes)
[STDOUT  ] 2017-07-20T14:49:58.741953959Z: [    0.084894] Mountpoint-cache hash table entries: 2048 (order: 2, 16384 bytes)
[STDOUT  ] 2017-07-20T14:49:58.76378033Z: [    0.106650] Last level iTLB entries: 4KB 0, 2MB 0, 4MB 0
[STDOUT  ] 2017-07-20T14:49:58.764371654Z: [    0.107131] Last level dTLB entries: 4KB 0, 2MB 0, 4MB 0, 1GB 0
[STDOUT  ] 2017-07-20T14:49:59.070680795Z: [    0.413447] Freeing SMP alternatives memory: 20K (ffffffff88eb0000 - ffffffff88eb5000)
[STDOUT  ] 2017-07-20T14:49:59.081418082Z: [    0.424337] ftrace: allocating 35489 entries in 139 pages
[STDOUT  ] 2017-07-20T14:49:59.379104897Z: [    0.582143] smpboot: Max logical packages: 1
[STDOUT  ] 2017-07-20T14:49:59.38647146Z: [    0.589382] ..TIMER: vector=0x30 apic1=0 pin1=2 apic2=-1 pin2=-1
[STDOUT  ] 2017-07-20T14:49:59.608247206Z: [    0.690000] smpboot: CPU0: AMD QEMU Virtual CPU version 2.5+ (family: 0x6, model: 0x6, stepping: 0x3)
[STDOUT  ] 2017-07-20T14:49:59.60996034Z: [    0.690000] Performance Events: PMU not available due to virtualization, using software events only.
[STDOUT  ] 2017-07-20T14:49:59.62875841Z: [    0.701070] NMI watchdog: disabled (cpu0): hardware events not enabled
[STDOUT  ] 2017-07-20T14:49:59.62945477Z: [    0.701601] NMI watchdog: Shutting down hard lockup detector on all cpus
[STDOUT  ] 2017-07-20T14:49:59.633214418Z: [    0.705652] x86: Booted up 1 node, 1 CPUs
[STDOUT  ] 2017-07-20T14:49:59.633775058Z: [    0.706116] smpboot: Total of 1 processors activated (5200.08 BogoMIPS)
[STDOUT  ] 2017-07-20T14:49:59.648298731Z: [    0.720832] devtmpfs: initialized
[STDOUT  ] 2017-07-20T14:49:59.65583487Z: [    0.728380] x86/mm: Memory block size: 128MB
[STDOUT  ] 2017-07-20T14:49:59.721156647Z: [    0.792810] clocksource: jiffies: mask: 0xffffffff max_cycles: 0xffffffff, max_idle_ns: 19112604462750000 ns
[STDOUT  ] 2017-07-20T14:49:59.721959552Z: [    0.793831] futex hash table entries: 256 (order: 2, 16384 bytes)
[STDOUT  ] 2017-07-20T14:49:59.731616271Z: [    0.804013] NET: Registered protocol family 16
[STDOUT  ] 2017-07-20T14:49:59.741571449Z: [    0.814018] cpuidle: using governor ladder
[STDOUT  ] 2017-07-20T14:49:59.742043097Z: [    0.814525] cpuidle: using governor menu
[STDOUT  ] 2017-07-20T14:49:59.743347488Z: [    0.815772] ACPI: bus type PCI registered
[STDOUT  ] 2017-07-20T14:49:59.746807407Z: [    0.818923] PCI: MMCONFIG for domain 0000 [bus 00-ff] at [mem 0xb0000000-0xbfffffff] (base 0xb0000000)
[STDOUT  ] 2017-07-20T14:49:59.747777487Z: [    0.820067] PCI: MMCONFIG at [mem 0xb0000000-0xbfffffff] reserved in E820
[STDOUT  ] 2017-07-20T14:49:59.74903527Z: [    0.821475] PCI: Using configuration type 1 for base access
[STDOUT  ] 2017-07-20T14:49:59.80780904Z: [    0.880134] HugeTLB registered 2 MB page size, pre-allocated 0 pages
[STDOUT  ] 2017-07-20T14:49:59.823692543Z: [    0.896109] ACPI: Added _OSI(Module Device)
[STDOUT  ] 2017-07-20T14:49:59.824005111Z: [    0.896479] ACPI: Added _OSI(Processor Device)
[STDOUT  ] 2017-07-20T14:49:59.824444885Z: [    0.896893] ACPI: Added _OSI(3.0 _SCP Extensions)
[STDOUT  ] 2017-07-20T14:49:59.824832439Z: [    0.897224] ACPI: Added _OSI(Processor Aggregator Device)
[STDOUT  ] 2017-07-20T14:49:59.90047913Z: [    0.972920] ACPI: Interpreter enabled
[STDOUT  ] 2017-07-20T14:49:59.901366951Z: [    0.973985] ACPI: (supports S0 S5)
[STDOUT  ] 2017-07-20T14:49:59.901904517Z: [    0.974316] ACPI: Using IOAPIC for interrupt routing
[STDOUT  ] 2017-07-20T14:49:59.904970366Z: [    0.977205] PCI: Using host bridge windows from ACPI; if necessary, use "pci=nocrs" and report a bug
[STDOUT  ] 2017-07-20T14:49:59.97404812Z: [    1.046326] ACPI: PCI Root Bridge [PCI0] (domain 0000 [bus 00-ff])
[STDOUT  ] 2017-07-20T14:49:59.975276875Z: [    1.047587] acpi PNP0A08:00: _OSC: OS supports [ExtendedConfig ASPM ClockPM Segments MSI]
[STDOUT  ] 2017-07-20T14:49:59.98264949Z: [    1.054896] acpi PNP0A08:00: _OSC: OS now controls [PCIeHotplug PME PCIeCapability]
[STDOUT  ] 2017-07-20T14:49:59.986229947Z: [    1.058869] PCI host bridge to bus 0000:00
[STDOUT  ] 2017-07-20T14:49:59.987017989Z: [    1.059378] pci_bus 0000:00: root bus resource [io  0x0000-0x0cf7 window]
[STDOUT  ] 2017-07-20T14:49:59.987579741Z: [    1.059855] pci_bus 0000:00: root bus resource [io  0x0d00-0xffff window]
[STDOUT  ] 2017-07-20T14:49:59.988533271Z: [    1.060122] pci_bus 0000:00: root bus resource [mem 0x000a0000-0x000bffff window]
[STDOUT  ] 2017-07-20T14:49:59.988961729Z: [    1.060714] pci_bus 0000:00: root bus resource [mem 0xc0000000-0xfebfffff window]
[STDOUT  ] 2017-07-20T14:49:59.989519339Z: [    1.061534] pci_bus 0000:00: root bus resource [bus 00-ff]
[STDOUT  ] 2017-07-20T14:50:00.083020159Z: [    1.154369] pci 0000:00:1f.0: quirk: [io  0x0600-0x067f] claimed by ICH6 ACPI/GPIO/TCO
[STDOUT  ] 2017-07-20T14:50:00.143191724Z: [    1.215295] ACPI: PCI Interrupt Link [LNKA] (IRQs 5 *10 11)
[STDOUT  ] 2017-07-20T14:50:00.145937075Z: [    1.218300] ACPI: PCI Interrupt Link [LNKB] (IRQs 5 *10 11)
[STDOUT  ] 2017-07-20T14:50:00.149367182Z: [    1.221258] ACPI: PCI Interrupt Link [LNKC] (IRQs 5 10 *11)
[STDOUT  ] 2017-07-20T14:50:00.151522825Z: [    1.223431] ACPI: PCI Interrupt Link [LNKD] (IRQs 5 10 *11)
[STDOUT  ] 2017-07-20T14:50:00.154232074Z: [    1.226123] ACPI: PCI Interrupt Link [LNKE] (IRQs 5 *10 11)
[STDOUT  ] 2017-07-20T14:50:00.156189198Z: [    1.228144] ACPI: PCI Interrupt Link [LNKF] (IRQs 5 *10 11)
[STDOUT  ] 2017-07-20T14:50:00.158920654Z: [    1.231349] ACPI: PCI Interrupt Link [LNKG] (IRQs 5 10 *11)
[STDOUT  ] 2017-07-20T14:50:00.161369538Z: [    1.233715] ACPI: PCI Interrupt Link [LNKH] (IRQs 5 10 *11)
[STDOUT  ] 2017-07-20T14:50:00.162292857Z: [    1.234848] ACPI: PCI Interrupt Link [GSIA] (IRQs *16)
[STDOUT  ] 2017-07-20T14:50:00.163181472Z: [    1.235529] ACPI: PCI Interrupt Link [GSIB] (IRQs *17)
[STDOUT  ] 2017-07-20T14:50:00.163922015Z: [    1.236349] ACPI: PCI Interrupt Link [GSIC] (IRQs *18)
[STDOUT  ] 2017-07-20T14:50:00.164691649Z: [    1.237119] ACPI: PCI Interrupt Link [GSID] (IRQs *19)
[STDOUT  ] 2017-07-20T14:50:00.165345692Z: [    1.237901] ACPI: PCI Interrupt Link [GSIE] (IRQs *20)
[STDOUT  ] 2017-07-20T14:50:00.166192728Z: [    1.238614] ACPI: PCI Interrupt Link [GSIF] (IRQs *21)
[STDOUT  ] 2017-07-20T14:50:00.166860618Z: [    1.239377] ACPI: PCI Interrupt Link [GSIG] (IRQs *22)
[STDOUT  ] 2017-07-20T14:50:00.167718781Z: [    1.240249] ACPI: PCI Interrupt Link [GSIH] (IRQs *23)
[STDOUT  ] 2017-07-20T14:50:00.17178665Z: [    1.244140] ACPI: Enabled 2 GPEs in block 00 to 3F
[STDOUT  ] 2017-07-20T14:50:00.175952941Z: [    1.248590] SCSI subsystem initialized
[STDOUT  ] 2017-07-20T14:50:00.178258501Z: [    1.250769] ACPI: bus type USB registered
[STDOUT  ] 2017-07-20T14:50:00.179449528Z: [    1.251993] usbcore: registered new interface driver usbfs
[STDOUT  ] 2017-07-20T14:50:00.180480796Z: [    1.252967] usbcore: registered new interface driver hub
[STDOUT  ] 2017-07-20T14:50:00.181352045Z: [    1.253883] usbcore: registered new device driver usb
[STDOUT  ] 2017-07-20T14:50:00.182627328Z: [    1.255111] pps_core: LinuxPPS API ver. 1 registered
[STDOUT  ] 2017-07-20T14:50:00.183281042Z: [    1.255461] pps_core: Software ver. 5.3.6 - Copyright 2005-2007 Rodolfo Giometti <giometti@linux.it>
[STDOUT  ] 2017-07-20T14:50:00.183558468Z: [    1.256257] PTP clock support registered
[STDOUT  ] 2017-07-20T14:50:00.184803391Z: [    1.257432] wmi: Mapper loaded
[STDOUT  ] 2017-07-20T14:50:00.186177771Z: [    1.258661] PCI: Using ACPI for IRQ routing
[STDOUT  ] 2017-07-20T14:50:00.205626422Z: [    1.278013] NetLabel: Initializing
[STDOUT  ] 2017-07-20T14:50:00.205817201Z: [    1.278280] NetLabel:  domain hash size = 128
[STDOUT  ] 2017-07-20T14:50:00.206221648Z: [    1.278727] NetLabel:  protocols = UNLABELED CIPSOv4
[STDOUT  ] 2017-07-20T14:50:00.209268687Z: [    1.281780] NetLabel:  unlabeled traffic allowed by default
[STDOUT  ] 2017-07-20T14:50:00.210788698Z: [    1.283171] HPET: 3 timers in total, 0 timers will be used for per-cpu timer
[STDOUT  ] 2017-07-20T14:50:00.211905028Z: [    1.284111] hpet0: at MMIO 0xfed00000, IRQs 2, 8, 0
[STDOUT  ] 2017-07-20T14:50:00.212226584Z: [    1.284731] hpet0: 3 comparators, 64-bit 100.000000 MHz counter
[STDOUT  ] 2017-07-20T14:50:00.217761568Z: [    1.289567] clocksource: Switched to clocksource hpet
[STDOUT  ] 2017-07-20T14:50:00.474668398Z: [    1.537354] VFS: Disk quotas dquot_6.6.0
[STDOUT  ] 2017-07-20T14:50:00.475551567Z: [    1.538217] VFS: Dquot-cache hash table entries: 512 (order 0, 4096 bytes)
[STDOUT  ] 2017-07-20T14:50:00.479860147Z: [    1.542652] FS-Cache: Loaded
[STDOUT  ] 2017-07-20T14:50:00.485190573Z: [    1.548034] CacheFiles: Loaded
[STDOUT  ] 2017-07-20T14:50:00.486910879Z: [    1.549784] pnp: PnP ACPI init
[STDOUT  ] 2017-07-20T14:50:00.499205526Z: [    1.562016] pnp: PnP ACPI: found 5 devices
[STDOUT  ] 2017-07-20T14:50:00.550007195Z: [    1.612334] clocksource: acpi_pm: mask: 0xffffff max_cycles: 0xffffff, max_idle_ns: 2085701024 ns
[STDOUT  ] 2017-07-20T14:50:00.554507358Z: [    1.617225] NET: Registered protocol family 2
[STDOUT  ] 2017-07-20T14:50:00.562304458Z: [    1.624901] TCP established hash table entries: 8192 (order: 4, 65536 bytes)
[STDOUT  ] 2017-07-20T14:50:00.56306806Z: [    1.625836] TCP bind hash table entries: 8192 (order: 5, 131072 bytes)
[STDOUT  ] 2017-07-20T14:50:00.564011212Z: [    1.626566] TCP: Hash tables configured (established 8192 bind 8192)
[STDOUT  ] 2017-07-20T14:50:00.56601083Z: [    1.628682] UDP hash table entries: 512 (order: 2, 16384 bytes)
[STDOUT  ] 2017-07-20T14:50:00.56674433Z: [    1.629362] UDP-Lite hash table entries: 512 (order: 2, 16384 bytes)
[STDOUT  ] 2017-07-20T14:50:00.569440636Z: [    1.632159] NET: Registered protocol family 1
[STDOUT  ] 2017-07-20T14:50:00.570705341Z: [    1.633278] pci 0000:00:01.0: Video device with shadowed ROM at [mem 0x000c0000-0x000dffff]
[STDOUT  ] 2017-07-20T14:50:00.57906255Z: [    1.641865] Unpacking initramfs...
[STDOUT  ] 2017-07-20T14:50:03.107022159Z: [    4.169421] Freeing initrd memory: 17376K (ffff9dc13eed8000 - ffff9dc13ffd0000)
[STDOUT  ] 2017-07-20T14:50:03.134227854Z: [    4.196908] PCLMULQDQ-NI instructions are not detected.
[STDOUT  ] 2017-07-20T14:50:03.135998624Z: [    4.198557] AVX or AES-NI instructions are not detected.
[STDOUT  ] 2017-07-20T14:50:03.136416082Z: [    4.199121] CPU feature 'AVX registers' is not supported.
[STDOUT  ] 2017-07-20T14:50:03.137123374Z: [    4.199649] CPU feature 'AVX registers' is not supported.
[STDOUT  ] 2017-07-20T14:50:03.138036288Z: [    4.200711] CPU feature 'AVX registers' is not supported.
[STDOUT  ] 2017-07-20T14:50:03.1384736Z: [    4.201165] CPU feature 'AVX registers' is not supported.
[STDOUT  ] 2017-07-20T14:50:03.138947364Z: [    4.201690] AVX2 or AES-NI instructions are not detected.
[STDOUT  ] 2017-07-20T14:50:03.139481399Z: [    4.202181] AVX2 instructions are not detected.
[STDOUT  ] 2017-07-20T14:50:03.14641517Z: [    4.208875] audit: initializing netlink subsys (disabled)
[STDOUT  ] 2017-07-20T14:50:03.149746102Z: [    4.212215] audit: type=2000 audit(1500562201.210:1): initialized
[STDOUT  ] 2017-07-20T14:50:03.157143922Z: [    4.219599] workingset: timestamp_bits=46 max_order=18 bucket_order=0
[STDOUT  ] 2017-07-20T14:50:03.164450182Z: [    4.227220] FS-Cache: Netfs 'cifs' registered for caching
[STDOUT  ] 2017-07-20T14:50:03.165868435Z: [    4.228626] fuse init (API version 7.26)
[STDOUT  ] 2017-07-20T14:50:03.172268054Z: [    4.234731] SGI XFS with ACLs, security attributes, no debug enabled
[STDOUT  ] 2017-07-20T14:50:03.17661253Z: [    4.239138] 9p: Installing v9fs 9p2000 file system support
[STDOUT  ] 2017-07-20T14:50:03.177174863Z: [    4.239756] FS-Cache: Netfs '9p' registered for caching
[STDOUT  ] 2017-07-20T14:50:03.214164109Z: [    4.276848] NET: Registered protocol family 38
[STDOUT  ] 2017-07-20T14:50:03.215320088Z: [    4.278045] Key type asymmetric registered
[STDOUT  ] 2017-07-20T14:50:03.215740809Z: [    4.278441] Asymmetric key parser 'x509' registered
[STDOUT  ] 2017-07-20T14:50:03.217078988Z: [    4.279649] Block layer SCSI generic (bsg) driver version 0.4 loaded (major 251)
[STDOUT  ] 2017-07-20T14:50:03.219927477Z: [    4.282564] io scheduler noop registered
[STDOUT  ] 2017-07-20T14:50:03.220207843Z: [    4.282934] io scheduler deadline registered (default)
[STDOUT  ] 2017-07-20T14:50:03.221034377Z: [    4.283779] io scheduler cfq registered
[STDOUT  ] 2017-07-20T14:50:03.223995681Z: [    4.286670] pci_hotplug: PCI Hot Plug PCI Core version: 0.5
[STDOUT  ] 2017-07-20T14:50:03.224616018Z: [    4.287357] pciehp: PCI Express Hot Plug Controller Driver version: 0.4
[STDOUT  ] 2017-07-20T14:50:03.225793951Z: [    4.288271] shpchp: Standard Hot Plug PCI Controller Driver version: 0.4
[STDOUT  ] 2017-07-20T14:50:03.226590353Z: [    4.289286] hv_vmbus: registering driver hyperv_fb
[STDOUT  ] 2017-07-20T14:50:03.231709373Z: [    4.294278] input: Power Button as /devices/LNXSYSTM:00/LNXPWRBN:00/input/input0
[STDOUT  ] 2017-07-20T14:50:03.232837098Z: [    4.295526] ACPI: Power Button [PWRF]
[STDOUT  ] 2017-07-20T14:50:03.238391772Z: [    4.301145] GHES: HEST is not enabled!
[STDOUT  ] 2017-07-20T14:50:03.253111921Z: [    4.315542] ACPI: PCI Interrupt Link [GSIH] enabled at IRQ 23
[STDOUT  ] 2017-07-20T14:50:03.261646602Z: [    4.324201] xenfs: not registering filesystem on non-xen platform
[STDOUT  ] 2017-07-20T14:50:03.263954828Z: [    4.326501] Serial: 8250/16550 driver, 4 ports, IRQ sharing disabled
[STDOUT  ] 2017-07-20T14:50:03.288553546Z: [    4.350932] 00:04: ttyS0 at I/O 0x3f8 (irq = 4, base_baud = 115200) is a 16550A
[STDOUT  ] 2017-07-20T14:50:03.301224156Z: [    4.363877] Non-volatile memory driver v1.3
[STDOUT  ] 2017-07-20T14:50:03.308001401Z: [    4.370443] Hangcheck: starting hangcheck timer 0.9.1 (tick is 180 seconds, margin is 60 seconds).
[STDOUT  ] 2017-07-20T14:50:03.348560976Z: [    4.411283] loop: module loaded
[STDOUT  ] 2017-07-20T14:50:03.365613998Z: [    4.428230] nbd: registered device at major 43
[STDOUT  ] 2017-07-20T14:50:03.411512452Z: [    4.474172] lpc_ich 0000:00:1f.0: I/O space for GPIO uninitialized
[STDOUT  ] 2017-07-20T14:50:03.414055015Z: [    4.476763] VMware PVSCSI driver - version 1.0.7.0-k
[STDOUT  ] 2017-07-20T14:50:03.41506735Z: [    4.477815] hv_vmbus: registering driver hv_storvsc
[STDOUT  ] 2017-07-20T14:50:03.426188276Z: [    4.488806] ACPI: PCI Interrupt Link [GSIA] enabled at IRQ 16
[STDOUT  ] 2017-07-20T14:50:03.432829634Z: [    4.495648] ahci 0000:00:1f.2: AHCI 0001.0000 32 slots 6 ports 1.5 Gbps 0x3f impl SATA mode
[STDOUT  ] 2017-07-20T14:50:03.433601636Z: [    4.496193] ahci 0000:00:1f.2: flags: 64bit ncq only 
[STDOUT  ] 2017-07-20T14:50:03.456020118Z: [    4.518879] scsi host0: ahci
[STDOUT  ] 2017-07-20T14:50:03.462107486Z: [    4.524846] scsi host1: ahci
[STDOUT  ] 2017-07-20T14:50:03.465847128Z: [    4.528714] scsi host2: ahci
[STDOUT  ] 2017-07-20T14:50:03.469013199Z: [    4.531785] scsi host3: ahci
[STDOUT  ] 2017-07-20T14:50:03.471492368Z: [    4.534356] scsi host4: ahci
[STDOUT  ] 2017-07-20T14:50:03.473859712Z: [    4.536709] scsi host5: ahci
[STDOUT  ] 2017-07-20T14:50:03.475946014Z: [    4.538605] ata1: SATA max UDMA/133 abar m4096@0xfebf1000 port 0xfebf1100 irq 24
[STDOUT  ] 2017-07-20T14:50:03.476667985Z: [    4.539251] ata2: SATA max UDMA/133 abar m4096@0xfebf1000 port 0xfebf1180 irq 24
[STDOUT  ] 2017-07-20T14:50:03.477364429Z: [    4.539740] ata3: SATA max UDMA/133 abar m4096@0xfebf1000 port 0xfebf1200 irq 24
[STDOUT  ] 2017-07-20T14:50:03.478174895Z: [    4.540790] ata4: SATA max UDMA/133 abar m4096@0xfebf1000 port 0xfebf1280 irq 24
[STDOUT  ] 2017-07-20T14:50:03.478754671Z: [    4.541356] ata5: SATA max UDMA/133 abar m4096@0xfebf1000 port 0xfebf1300 irq 24
[STDOUT  ] 2017-07-20T14:50:03.479191179Z: [    4.541815] ata6: SATA max UDMA/133 abar m4096@0xfebf1000 port 0xfebf1380 irq 24
[STDOUT  ] 2017-07-20T14:50:03.494377202Z: [    4.556886] tun: Universal TUN/TAP device driver, 1.6
[STDOUT  ] 2017-07-20T14:50:03.494972606Z: [    4.557465] tun: (C) 1999-2004 Max Krasnyansky <maxk@qualcomm.com>
[STDOUT  ] 2017-07-20T14:50:03.498051838Z: [    4.560672] VMware vmxnet3 virtual NIC driver - version 1.4.a.0-k-NAPI
[STDOUT  ] 2017-07-20T14:50:03.499045767Z: [    4.561815] hv_vmbus: registering driver hv_netvsc
[STDOUT  ] 2017-07-20T14:50:03.499453904Z: [    4.562230] Fusion MPT base driver 3.04.20
[STDOUT  ] 2017-07-20T14:50:03.499753383Z: [    4.562569] Copyright (c) 1999-2008 LSI Corporation
[STDOUT  ] 2017-07-20T14:50:03.500508598Z: [    4.563268] Fusion MPT SPI Host driver 3.04.20
[STDOUT  ] 2017-07-20T14:50:03.502971403Z: [    4.565468] i8042: PNP: PS/2 Controller [PNP0303:KBD,PNP0f13:MOU] at 0x60,0x64 irq 1,12
[STDOUT  ] 2017-07-20T14:50:03.506892921Z: [    4.569619] serio: i8042 KBD port at 0x60,0x64 irq 1
[STDOUT  ] 2017-07-20T14:50:03.50801192Z: [    4.570754] serio: i8042 AUX port at 0x60,0x64 irq 12
[STDOUT  ] 2017-07-20T14:50:03.5113798Z: [    4.574070] hv_vmbus: registering driver hyperv_keyboard
[STDOUT  ] 2017-07-20T14:50:03.513677309Z: [    4.576394] mousedev: PS/2 mouse device common for all mice
[STDOUT  ] 2017-07-20T14:50:03.519072982Z: [    4.581579] input: AT Translated Set 2 keyboard as /devices/platform/i8042/serio0/input/input1
[STDOUT  ] 2017-07-20T14:50:03.522089182Z: [    4.584632] input: PC Speaker as /devices/platform/pcspkr/input/input2
[STDOUT  ] 2017-07-20T14:50:03.525723646Z: [    4.588497] rtc_cmos 00:00: RTC can wake from S4
[STDOUT  ] 2017-07-20T14:50:03.529683407Z: [    4.592259] rtc_cmos 00:00: rtc core: registered rtc_cmos as rtc0
[STDOUT  ] 2017-07-20T14:50:03.531185133Z: [    4.593729] rtc_cmos 00:00: alarms up to one day, y3k, 114 bytes nvram, hpet irqs
[STDOUT  ] 2017-07-20T14:50:03.531685938Z: [    4.594585] i2c /dev entries driver
[STDOUT  ] 2017-07-20T14:50:03.534261116Z: [    4.596771] device-mapper: ioctl: 4.35.0-ioctl (2016-06-23) initialised: dm-devel@redhat.com
[STDOUT  ] 2017-07-20T14:50:03.539564087Z: [    4.602160] usbcore: registered new interface driver usbhid
[STDOUT  ] 2017-07-20T14:50:03.539788817Z: [    4.602578] usbhid: USB HID core driver
[STDOUT  ] 2017-07-20T14:50:03.54050454Z: [    4.603218] hv_utils: Registering HyperV Utility Driver
[STDOUT  ] 2017-07-20T14:50:03.540817217Z: [    4.603563] hv_vmbus: registering driver hv_util
[STDOUT  ] 2017-07-20T14:50:03.541117208Z: [    4.603895] hv_vmbus: registering driver hv_balloon
[STDOUT  ] 2017-07-20T14:50:03.541727819Z: [    4.604480] oprofile: using NMI interrupt.
[STDOUT  ] 2017-07-20T14:50:03.543202862Z: [    4.606046] GACT probability on
[STDOUT  ] 2017-07-20T14:50:03.543736714Z: [    4.606616] Mirror/redirect action on
[STDOUT  ] 2017-07-20T14:50:03.544916419Z: [    4.607791] Simple TC action Loaded
[STDOUT  ] 2017-07-20T14:50:03.545720432Z: [    4.608601] u32 classifier
[STDOUT  ] 2017-07-20T14:50:03.546204055Z: [    4.608823]     Performance counters on
[STDOUT  ] 2017-07-20T14:50:03.546744577Z: [    4.609627]     input device check on
[STDOUT  ] 2017-07-20T14:50:03.547053061Z: [    4.609879]     Actions configured
[STDOUT  ] 2017-07-20T14:50:03.548486904Z: [    4.611192] Netfilter messages via NETLINK v0.30.
[STDOUT  ] 2017-07-20T14:50:03.549158099Z: [    4.611894] nfnl_acct: registering with nfnetlink.
[STDOUT  ] 2017-07-20T14:50:03.550936986Z: [    4.613606] nf_conntrack version 0.5.0 (8192 buckets, 32768 max)
[STDOUT  ] 2017-07-20T14:50:03.554268091Z: [    4.616960] ctnetlink v0.93: registering with nfnetlink.
[STDOUT  ] 2017-07-20T14:50:03.557803802Z: [    4.620533] nf_tables: (c) 2007-2009 Patrick McHardy <kaber@trash.net>
[STDOUT  ] 2017-07-20T14:50:03.558807849Z: [    4.621374] nf_tables_compat: (c) 2012 Pablo Neira Ayuso <pablo@netfilter.org>
[STDOUT  ] 2017-07-20T14:50:03.561330738Z: [    4.624039] xt_time: kernel timezone is -0000
[STDOUT  ] 2017-07-20T14:50:03.561776513Z: [    4.624689] ip_set: protocol 6
[STDOUT  ] 2017-07-20T14:50:03.562661796Z: [    4.625376] IPVS: Registered protocols (TCP, UDP, SCTP, AH, ESP)
[STDOUT  ] 2017-07-20T14:50:03.563418768Z: [    4.626045] IPVS: Connection hash table configured (size=4096, memory=64Kbytes)
[STDOUT  ] 2017-07-20T14:50:03.565148111Z: [    4.627795] IPVS: Creating netns size=2104 id=0
[STDOUT  ] 2017-07-20T14:50:03.568232851Z: [    4.631087] IPVS: ipvs loaded.
[STDOUT  ] 2017-07-20T14:50:03.568774546Z: [    4.631510] IPVS: [rr] scheduler registered.
[STDOUT  ] 2017-07-20T14:50:03.569179229Z: [    4.631870] IPVS: [wrr] scheduler registered.
[STDOUT  ] 2017-07-20T14:50:03.569524446Z: [    4.632203] IPVS: [lc] scheduler registered.
[STDOUT  ] 2017-07-20T14:50:03.569669607Z: [    4.632553] IPVS: [wlc] scheduler registered.
[STDOUT  ] 2017-07-20T14:50:03.570138159Z: [    4.632831] IPVS: [fo] scheduler registered.
[STDOUT  ] 2017-07-20T14:50:03.570461405Z: [    4.633153] IPVS: [ovf] scheduler registered.
[STDOUT  ] 2017-07-20T14:50:03.570928454Z: [    4.633683] IPVS: [lblc] scheduler registered.
[STDOUT  ] 2017-07-20T14:50:03.571392841Z: [    4.634165] IPVS: [lblcr] scheduler registered.
[STDOUT  ] 2017-07-20T14:50:03.5716981Z: [    4.634512] IPVS: [dh] scheduler registered.
[STDOUT  ] 2017-07-20T14:50:03.572003174Z: [    4.634833] IPVS: [sh] scheduler registered.
[STDOUT  ] 2017-07-20T14:50:03.572309512Z: [    4.635156] IPVS: [sed] scheduler registered.
[STDOUT  ] 2017-07-20T14:50:03.57263643Z: [    4.635460] IPVS: [nq] scheduler registered.
[STDOUT  ] 2017-07-20T14:50:03.573512373Z: [    4.636209] IPVS: ftp: loaded support on port[0] = 21
[STDOUT  ] 2017-07-20T14:50:03.574414748Z: [    4.637124] ipip: IPv4 and MPLS over IPv4 tunneling driver
[STDOUT  ] 2017-07-20T14:50:03.579536385Z: [    4.642187] gre: GRE over IPv4 demultiplexor driver
[STDOUT  ] 2017-07-20T14:50:03.582245937Z: [    4.644908] ip_tables: (C) 2000-2006 Netfilter Core Team
[STDOUT  ] 2017-07-20T14:50:03.586055021Z: [    4.648697] ipt_CLUSTERIP: ClusterIP Version 0.8 loaded successfully
[STDOUT  ] 2017-07-20T14:50:03.58677227Z: [    4.649536] arp_tables: arp_tables: (C) 2002 David S. Miller
[STDOUT  ] 2017-07-20T14:50:03.589816332Z: [    4.652423] NET: Registered protocol family 10
[STDOUT  ] 2017-07-20T14:50:03.599172725Z: [    4.661767] ip6_tables: (C) 2000-2006 Netfilter Core Team
[STDOUT  ] 2017-07-20T14:50:03.607608602Z: [    4.670059] NET: Registered protocol family 17
[STDOUT  ] 2017-07-20T14:50:03.60877087Z: [    4.671666] Bridge firewalling registered
[STDOUT  ] 2017-07-20T14:50:03.609293363Z: [    4.672194] Ebtables v2.0 registered
[STDOUT  ] 2017-07-20T14:50:03.611561602Z: [    4.674224] 8021q: 802.1Q VLAN Support v1.8
[STDOUT  ] 2017-07-20T14:50:03.613023187Z: [    4.675759] 9pnet: Installing 9P2000 support
[STDOUT  ] 2017-07-20T14:50:03.614643729Z: [    4.677304] Key type dns_resolver registered
[STDOUT  ] 2017-07-20T14:50:03.615666509Z: [    4.678358] microcode: AMD CPU family 0x6 not supported
[STDOUT  ] 2017-07-20T14:50:03.620035793Z: [    4.682683] registered taskstats version 1
[STDOUT  ] 2017-07-20T14:50:03.813386459Z: [    4.875872] ata3: SATA link up 1.5 Gbps (SStatus 113 SControl 300)
[STDOUT  ] 2017-07-20T14:50:03.817951311Z: [    4.880806] ata6: SATA link down (SStatus 0 SControl 300)
[STDOUT  ] 2017-07-20T14:50:03.819521014Z: [    4.882220] ata2: SATA link down (SStatus 0 SControl 300)
[STDOUT  ] 2017-07-20T14:50:03.820068751Z: [    4.882806] ata1: SATA link down (SStatus 0 SControl 300)
[STDOUT  ] 2017-07-20T14:50:03.820976352Z: [    4.883670] ata4: SATA link down (SStatus 0 SControl 300)
[STDOUT  ] 2017-07-20T14:50:03.821745999Z: [    4.884366] ata5: SATA link down (SStatus 0 SControl 300)
[STDOUT  ] 2017-07-20T14:50:03.829360068Z: [    4.891894] ata3.00: ATAPI: QEMU DVD-ROM, 2.5+, max UDMA/100
[STDOUT  ] 2017-07-20T14:50:03.829805304Z: [    4.892546] ata3.00: applying bridge limits
[STDOUT  ] 2017-07-20T14:50:03.832338077Z: [    4.895105] ata3.00: configured for UDMA/100
[STDOUT  ] 2017-07-20T14:50:03.857160763Z: [    4.919472] scsi 2:0:0:0: CD-ROM            QEMU     QEMU DVD-ROM     2.5+ PQ: 0 ANSI: 5
[STDOUT  ] 2017-07-20T14:50:03.883056129Z: [    4.945516] sr 2:0:0:0: [sr0] scsi3-mmc drive: 4x/4x cd/rw xa/form2 tray
[STDOUT  ] 2017-07-20T14:50:03.883865938Z: [    4.946432] cdrom: Uniform CD-ROM driver Revision: 3.20
[STDOUT  ] 2017-07-20T14:50:03.896087765Z: [    4.958857] Key type big_key registered
[STDOUT  ] 2017-07-20T14:50:03.898634443Z: [    4.961313] sr 2:0:0:0: Attached scsi generic sg0 type 5
[STDOUT  ] 2017-07-20T14:50:03.959754917Z: [    5.022480] Key type encrypted registered
[STDOUT  ] 2017-07-20T14:50:03.966337048Z: [    5.028865] rtc_cmos 00:00: setting system clock to 2017-07-20 14:50:03 UTC (1500562203)
[STDOUT  ] 2017-07-20T14:50:04.136401975Z: [    5.198884] Freeing unused kernel memory: 1380K (ffffffff88d57000 - ffffffff88eb0000)
[STDOUT  ] 2017-07-20T14:50:04.137055847Z: [    5.199603] Write protecting the kernel read-only data: 12288k
[STDOUT  ] 2017-07-20T14:50:04.140410376Z: [    5.203055] tsc: Refined TSC clocksource calibration: 2600.028 MHz
[STDOUT  ] 2017-07-20T14:50:04.141395936Z: [    5.203680] clocksource: tsc: mask: 0xffffffffffffffff max_cycles: 0x257a5699b94, max_idle_ns: 440795293402 ns
[STDOUT  ] 2017-07-20T14:50:04.148004566Z: [    5.210464] Freeing unused kernel memory: 152K (ffff9dc10d7da000 - ffff9dc10d800000)
[STDOUT  ] 2017-07-20T14:50:04.270109482Z: [    5.332561] Freeing unused kernel memory: 1400K (ffff9dc10daa2000 - ffff9dc10dc00000)
[STDOUT  ] 2017-07-20T14:50:05.158704839Z: [    6.221260] clocksource: Switched to clocksource tsc
[STDOUT  ] 2017-07-20T14:50:09.108649812Z: [   10.171013] e1000: Intel(R) PRO/1000 Network Driver - version 7.3.21-k8-NAPI
[STDOUT  ] 2017-07-20T14:50:09.109025034Z: [   10.171608] e1000: Copyright (c) 1999-2006 Intel Corporation.
[STDOUT  ] 2017-07-20T14:50:09.12524127Z: [   10.187728] ACPI: PCI Interrupt Link [GSIG] enabled at IRQ 22
[STDOUT  ] 2017-07-20T14:50:09.494554913Z: [   10.557070] e1000 0000:00:02.0 eth0: (PCI:33MHz:32-bit) 52:54:00:12:34:56
[STDOUT  ] 2017-07-20T14:50:09.495509501Z: [   10.558034] e1000 0000:00:02.0 eth0: Intel(R) PRO/1000 Network Connection
[STDOUT  ] 2017-07-20T14:50:09.960710118Z: 
[STDOUT  ] 2017-07-20T14:50:09.961378516Z: Welcome to LinuxKit
[STDOUT  ] 2017-07-20T14:50:09.961437868Z: 
[STDOUT  ] 2017-07-20T14:50:09.961924186Z:                         ##         .
[STDOUT  ] 2017-07-20T14:50:09.962264163Z:                   ## ## ##        ==
[STDOUT  ] 2017-07-20T14:50:09.9627892Z:                ## ## ## ## ##    ===
[STDOUT  ] 2017-07-20T14:50:09.9631439Z:            /"""""""""""""""""\___/ ===
[STDOUT  ] 2017-07-20T14:50:09.963490051Z:           {                       /  ===-
[STDOUT  ] 2017-07-20T14:50:09.963899987Z:            \______ O           __/
[STDOUT  ] 2017-07-20T14:50:09.964240287Z:              \    \         __/
[STDOUT  ] 2017-07-20T14:50:09.964739894Z:               \____\_______/
[STDOUT  ] 2017-07-20T14:50:09.964760835Z: 
[STDOUT  ] 2017-07-20T14:50:11.300201482Z: Ports test case PASSED
[STDOUT  ] 2017-07-20T14:50:11.373553827Z:  - 000-test
[STDOUT  ] 2017-07-20T14:50:22.508361497Z: [   23.570855] ACPI: Preparing to enter system sleep state S5
[STDOUT  ] 2017-07-20T14:50:22.50975192Z: [   23.572615] reboot: Power down
[STDERR  ] 2017-07-20T14:50:22.815082608Z: + exit 0
[STDERR  ] 2017-07-20T14:50:22.815120804Z: + clean_up
[STDERR  ] 2017-07-20T14:50:22.815127604Z: + rm -rf lsof-cmdline lsof-initrd.img lsof-kernel
[PASS    ] linuxkit.security.ports 35.23s
