[INFO    ] 2017-08-03T14:55:50.120331911Z: Running Test linuxkit.packages.format_mount.by_name in /tmp/build/test/cases/040_packages/008_format_mount/002_by_name
[INFO    ] 2017-08-03T14:55:50.120433159Z: Running command: [/bin/sh -x /tmp/build/test/cases/040_packages/008_format_mount/002_by_name/test.sh]
[STDERR  ] 2017-08-03T14:55:50.136114346Z: + set -e
[STDERR  ] 2017-08-03T14:55:50.136217868Z: + . /tmp/build/test/cases/_lib/lib.sh
[STDERR  ] 2017-08-03T14:55:50.13622935Z: + [ -f src/github.com/linuxkit/rtf/lib/lib.sh ]
[STDERR  ] 2017-08-03T14:55:50.13623994Z: + LINUXKIT_TMPDIR=/tmp/build/test/cases/_tmp
[STDERR  ] 2017-08-03T14:55:50.13624914Z: + [ -f /tmp/build/test/cases/_tmp/env.sh ]
[STDERR  ] 2017-08-03T14:55:50.136260347Z: + . /tmp/build/test/cases/_tmp/env.sh
[STDERR  ] 2017-08-03T14:55:50.136272814Z: + export LINUXKIT_EXAMPLES_DIR=/tmp/build/test/cases/../../examples
[STDERR  ] 2017-08-03T14:55:50.136284957Z: + export LINUXKIT_BLUEPRINTS_DIR=/tmp/build/test/cases/../../blueprints
[STDERR  ] 2017-08-03T14:55:50.136298431Z: + RT_CANCEL=253
[STDERR  ] 2017-08-03T14:55:50.136307726Z: + NAME=test-format
[STDERR  ] 2017-08-03T14:55:50.136335101Z: + trap clean_up EXIT
[STDERR  ] 2017-08-03T14:55:50.136344238Z: + [ linux = osx ]
[STDERR  ] 2017-08-03T14:55:50.136352173Z: + DEVICE=/dev/sda
[STDERR  ] 2017-08-03T14:55:50.136360727Z: + sed -e s,@DEVICE@,/dev/sda,g test.yml.in
[STDERR  ] 2017-08-03T14:55:50.177116138Z: + moby build -name test-format -output kernel+initrd test.yml
[STDERR  ] 2017-08-03T14:55:50.187831484Z: Extract kernel image: linuxkit/kernel:4.9.38
[STDERR  ] 2017-08-03T14:55:51.844700636Z: Add init containers:
[STDERR  ] 2017-08-03T14:55:51.844758079Z: Process init image: linuxkit/init:e3e376881faced5a890b6ceb3e8e899cbfd04ecd
[STDERR  ] 2017-08-03T14:55:53.122944446Z: Process init image: linuxkit/runc:842318b6ab524783554428c89a27d95af7bd2844
[STDERR  ] 2017-08-03T14:55:54.340579553Z: Add onboot containers:
[STDERR  ] 2017-08-03T14:55:54.340637762Z:   Create OCI config for linuxkit/format:efafddf9bc6165b5efaf09c532c15a1100a10e61
[STDERR  ] 2017-08-03T14:55:55.793164156Z:   Create OCI config for linuxkit/mount:a738ccad4e3e009b7c5f541226e9232a6287fa5d
[STDERR  ] 2017-08-03T14:55:57.025105572Z:   Create OCI config for alpine:3.6
[STDERR  ] 2017-08-03T14:55:58.283468965Z:   Create OCI config for linuxkit/poweroff:bce51402e293da0b653923a43c3c7be6e0effa05
[STDERR  ] 2017-08-03T14:55:59.535008437Z: Add files:
[STDERR  ] 2017-08-03T14:55:59.535084064Z:   check.sh
[STDERR  ] 2017-08-03T14:55:59.549041278Z: Create outputs:
[STDERR  ] 2017-08-03T14:56:03.819994014Z:   test-format-kernel test-format-initrd.img test-format-cmdline
[STDERR  ] 2017-08-03T14:56:03.867852612Z: + linuxkit run -disk file=test-format1.img,size=512M test-format
[STDERR  ] 2017-08-03T14:56:03.886686932Z: Unable to find qemu-system-x86_64 within the $PATH. Using a container
[STDERR  ] 2017-08-03T14:56:47.773679553Z: + RESULT=[    0.000000] Linux version 4.9.38-linuxkit (root@e1ede117fb1e) (gcc version 6.3.0 (Alpine 6.3.0) ) #1 SMP Thu Jul 20 16:07:02 UTC 2017
[STDERR  ] 2017-08-03T14:56:47.773731792Z: [    0.000000] Command line: console=ttyS0 page_poison=1
[STDERR  ] 2017-08-03T14:56:47.773740393Z: [    0.000000] x86/fpu: Legacy x87 FPU detected.
[STDERR  ] 2017-08-03T14:56:47.773747619Z: [    0.000000] x86/fpu: Using 'eager' FPU context switches.
[STDERR  ] 2017-08-03T14:56:47.773754365Z: [    0.000000] e820: BIOS-provided physical RAM map:
[STDERR  ] 2017-08-03T14:56:47.773772135Z: [    0.000000] BIOS-e820: [mem 0x0000000000000000-0x000000000009fbff] usable
[STDERR  ] 2017-08-03T14:56:47.773779583Z: [    0.000000] BIOS-e820: [mem 0x000000000009fc00-0x000000000009ffff] reserved
[STDERR  ] 2017-08-03T14:56:47.773785793Z: [    0.000000] BIOS-e820: [mem 0x00000000000f0000-0x00000000000fffff] reserved
[STDERR  ] 2017-08-03T14:56:47.773791968Z: [    0.000000] BIOS-e820: [mem 0x0000000000100000-0x000000003ffdefff] usable
[STDERR  ] 2017-08-03T14:56:47.773798233Z: [    0.000000] BIOS-e820: [mem 0x000000003ffdf000-0x000000003fffffff] reserved
[STDERR  ] 2017-08-03T14:56:47.773806119Z: [    0.000000] BIOS-e820: [mem 0x00000000b0000000-0x00000000bfffffff] reserved
[STDERR  ] 2017-08-03T14:56:47.773816576Z: [    0.000000] BIOS-e820: [mem 0x00000000fed1c000-0x00000000fed1ffff] reserved
[STDERR  ] 2017-08-03T14:56:47.773822498Z: [    0.000000] BIOS-e820: [mem 0x00000000fffc0000-0x00000000ffffffff] reserved
[STDERR  ] 2017-08-03T14:56:47.773828608Z: [    0.000000] NX (Execute Disable) protection: active
[STDERR  ] 2017-08-03T14:56:47.773834088Z: [    0.000000] SMBIOS 2.8 present.
[STDERR  ] 2017-08-03T14:56:47.773839843Z: [    0.000000] e820: last_pfn = 0x3ffdf max_arch_pfn = 0x400000000
[STDERR  ] 2017-08-03T14:56:47.773845927Z: [    0.000000] x86/PAT: Configuration [0-7]: WB  WC  UC- UC  WB  WC  UC- WT  
[STDERR  ] 2017-08-03T14:56:47.773852079Z: [    0.000000] found SMP MP-table at [mem 0x000f6aa0-0x000f6aaf] mapped at [ffff9960000f6aa0]
[STDERR  ] 2017-08-03T14:56:47.773866874Z: [    0.000000] RAMDISK: [mem 0x3e69d000-0x3ffcffff]
[STDERR  ] 2017-08-03T14:56:47.773879903Z: [    0.000000] ACPI: Early table checksum verification disabled
[STDERR  ] 2017-08-03T14:56:47.773885819Z: [    0.000000] ACPI: RSDP 0x00000000000F68C0 000014 (v00 BOCHS )
[STDERR  ] 2017-08-03T14:56:47.773891706Z: [    0.000000] ACPI: RSDT 0x000000003FFE2404 000034 (v01 BOCHS  BXPCRSDT 00000001 BXPC 00000001)
[STDERR  ] 2017-08-03T14:56:47.773897444Z: [    0.000000] ACPI: FACP 0x000000003FFE22A4 000074 (v01 BOCHS  BXPCFACP 00000001 BXPC 00000001)
[STDERR  ] 2017-08-03T14:56:47.77390305Z: [    0.000000] ACPI: DSDT 0x000000003FFE0040 002264 (v01 BOCHS  BXPCDSDT 00000001 BXPC 00000001)
[STDERR  ] 2017-08-03T14:56:47.773908913Z: [    0.000000] ACPI: FACS 0x000000003FFE0000 000040
[STDERR  ] 2017-08-03T14:56:47.773914406Z: [    0.000000] ACPI: APIC 0x000000003FFE2318 000078 (v01 BOCHS  BXPCAPIC 00000001 BXPC 00000001)
[STDERR  ] 2017-08-03T14:56:47.773919762Z: [    0.000000] ACPI: HPET 0x000000003FFE2390 000038 (v01 BOCHS  BXPCHPET 00000001 BXPC 00000001)
[STDERR  ] 2017-08-03T14:56:47.773925186Z: [    0.000000] ACPI: MCFG 0x000000003FFE23C8 00003C (v01 BOCHS  BXPCMCFG 00000001 BXPC 00000001)
[STDERR  ] 2017-08-03T14:56:47.773930639Z: [    0.000000] Zone ranges:
[STDERR  ] 2017-08-03T14:56:47.773936409Z: [    0.000000]   DMA      [mem 0x0000000000001000-0x0000000000ffffff]
[STDERR  ] 2017-08-03T14:56:47.77394203Z: [    0.000000]   DMA32    [mem 0x0000000001000000-0x000000003ffdefff]
[STDERR  ] 2017-08-03T14:56:47.773947346Z: [    0.000000]   Normal   empty
[STDERR  ] 2017-08-03T14:56:47.773952932Z: [    0.000000] Movable zone start for each node
[STDERR  ] 2017-08-03T14:56:47.773958279Z: [    0.000000] Early memory node ranges
[STDERR  ] 2017-08-03T14:56:47.773963642Z: [    0.000000]   node   0: [mem 0x0000000000001000-0x000000000009efff]
[STDERR  ] 2017-08-03T14:56:47.773969356Z: [    0.000000]   node   0: [mem 0x0000000000100000-0x000000003ffdefff]
[STDERR  ] 2017-08-03T14:56:47.773976742Z: [    0.000000] Initmem setup node 0 [mem 0x0000000000001000-0x000000003ffdefff]
[STDERR  ] 2017-08-03T14:56:47.773982223Z: [    0.000000] ACPI: PM-Timer IO Port: 0x608
[STDERR  ] 2017-08-03T14:56:47.773989124Z: [    0.000000] ACPI: LAPIC_NMI (acpi_id[0xff] dfl dfl lint[0x1])
[STDERR  ] 2017-08-03T14:56:47.773994999Z: [    0.000000] IOAPIC[0]: apic_id 0, version 32, address 0xfec00000, GSI 0-23
[STDERR  ] 2017-08-03T14:56:47.77400046Z: [    0.000000] ACPI: INT_SRC_OVR (bus 0 bus_irq 0 global_irq 2 dfl dfl)
[STDERR  ] 2017-08-03T14:56:47.774006085Z: [    0.000000] ACPI: INT_SRC_OVR (bus 0 bus_irq 5 global_irq 5 high level)
[STDERR  ] 2017-08-03T14:56:47.77401668Z: [    0.000000] ACPI: INT_SRC_OVR (bus 0 bus_irq 9 global_irq 9 high level)
[STDERR  ] 2017-08-03T14:56:47.774027377Z: [    0.000000] ACPI: INT_SRC_OVR (bus 0 bus_irq 10 global_irq 10 high level)
[STDERR  ] 2017-08-03T14:56:47.774034384Z: [    0.000000] ACPI: INT_SRC_OVR (bus 0 bus_irq 11 global_irq 11 high level)
[STDERR  ] 2017-08-03T14:56:47.774041393Z: [    0.000000] Using ACPI (MADT) for SMP configuration information
[STDERR  ] 2017-08-03T14:56:47.774047265Z: [    0.000000] ACPI: HPET id: 0x8086a201 base: 0xfed00000
[STDERR  ] 2017-08-03T14:56:47.774056274Z: [    0.000000] smpboot: Allowing 1 CPUs, 0 hotplug CPUs
[STDERR  ] 2017-08-03T14:56:47.774062243Z: [    0.000000] e820: [mem 0x40000000-0xafffffff] available for PCI devices
[STDERR  ] 2017-08-03T14:56:47.774068237Z: [    0.000000] Booting paravirtualized kernel on bare hardware
[STDERR  ] 2017-08-03T14:56:47.774073784Z: [    0.000000] clocksource: refined-jiffies: mask: 0xffffffff max_cycles: 0xffffffff, max_idle_ns: 19112604462750000 ns
[STDERR  ] 2017-08-03T14:56:47.774082331Z: [    0.000000] setup_percpu: NR_CPUS:128 nr_cpumask_bits:128 nr_cpu_ids:1 nr_node_ids:1
[STDERR  ] 2017-08-03T14:56:47.774087825Z: [    0.000000] percpu: Embedded 35 pages/cpu @ffff99603e400000 s105176 r8192 d29992 u2097152
[STDERR  ] 2017-08-03T14:56:47.774093274Z: [    0.000000] Built 1 zonelists in Zone order, mobility grouping on.  Total pages: 257896
[STDERR  ] 2017-08-03T14:56:47.774098768Z: [    0.000000] Kernel command line: console=ttyS0 page_poison=1
[STDERR  ] 2017-08-03T14:56:47.774104301Z: [    0.000000] PID hash table entries: 4096 (order: 3, 32768 bytes)
[STDERR  ] 2017-08-03T14:56:47.774110111Z: [    0.000000] Dentry cache hash table entries: 131072 (order: 8, 1048576 bytes)
[STDERR  ] 2017-08-03T14:56:47.774115871Z: [    0.000000] Inode-cache hash table entries: 65536 (order: 7, 524288 bytes)
[STDERR  ] 2017-08-03T14:56:47.774121613Z: [    0.000000] Memory: 988368K/1048052K available (8026K kernel code, 1366K rwdata, 2696K rodata, 1380K init, 568K bss, 59684K reserved, 0K cma-reserved)
[STDERR  ] 2017-08-03T14:56:47.77412985Z: [    0.000000] Hierarchical RCU implementation.
[STDERR  ] 2017-08-03T14:56:47.774135397Z: [    0.000000] 	Build-time adjustment of leaf fanout to 64.
[STDERR  ] 2017-08-03T14:56:47.774141208Z: [    0.000000] 	RCU restricting CPUs from NR_CPUS=128 to nr_cpu_ids=1.
[STDERR  ] 2017-08-03T14:56:47.774147011Z: [    0.000000] RCU: Adjusting geometry for rcu_fanout_leaf=64, nr_cpu_ids=1
[STDERR  ] 2017-08-03T14:56:47.774152748Z: [    0.000000] NR_IRQS:8448 nr_irqs:256 16
[STDERR  ] 2017-08-03T14:56:47.774158133Z: [    0.000000] Console: colour VGA+ 80x25
[STDERR  ] 2017-08-03T14:56:47.774163598Z: [    0.000000] console [ttyS0] enabled
[STDERR  ] 2017-08-03T14:56:47.774169154Z: [    0.000000] allocated 2097152 bytes of page_ext
[STDERR  ] 2017-08-03T14:56:47.774174556Z: [    0.000000] clocksource: hpet: mask: 0xffffffff max_cycles: 0xffffffff, max_idle_ns: 19112604467 ns
[STDERR  ] 2017-08-03T14:56:47.774184204Z: [    0.000000] tsc: Fast TSC calibration using PIT
[STDERR  ] 2017-08-03T14:56:47.774189665Z: [    0.000000] tsc: Detected 2599.984 MHz processor
[STDERR  ] 2017-08-03T14:56:47.774194946Z: [    0.032402] Calibrating delay loop (skipped), value calculated using timer frequency.. 5199.96 BogoMIPS (lpj=25999840)
[STDERR  ] 2017-08-03T14:56:47.774201345Z: [    0.033602] pid_max: default: 32768 minimum: 301
[STDERR  ] 2017-08-03T14:56:47.774206784Z: [    0.034632] ACPI: Core revision 20160831
[STDERR  ] 2017-08-03T14:56:47.774212321Z: [    0.079014] ACPI: 1 ACPI AML tables successfully acquired and loaded
[STDERR  ] 2017-08-03T14:56:47.774219789Z: [    0.084356] Security Framework initialized
[STDERR  ] 2017-08-03T14:56:47.774225348Z: [    0.084870] Yama: becoming mindful.
[STDERR  ] 2017-08-03T14:56:47.774230831Z: [    0.087078] Mount-cache hash table entries: 2048 (order: 2, 16384 bytes)
[STDERR  ] 2017-08-03T14:56:47.774237279Z: [    0.087682] Mountpoint-cache hash table entries: 2048 (order: 2, 16384 bytes)
[STDERR  ] 2017-08-03T14:56:47.774246852Z: [    0.108027] Last level iTLB entries: 4KB 0, 2MB 0, 4MB 0
[STDERR  ] 2017-08-03T14:56:47.774252598Z: [    0.108541] Last level dTLB entries: 4KB 0, 2MB 0, 4MB 0, 1GB 0
[STDERR  ] 2017-08-03T14:56:47.774262895Z: [    0.417664] Freeing SMP alternatives memory: 20K (ffffffff84eb0000 - ffffffff84eb5000)
[STDERR  ] 2017-08-03T14:56:47.774268649Z: [    0.430505] ftrace: allocating 35489 entries in 139 pages
[STDERR  ] 2017-08-03T14:56:47.774274149Z: [    0.611260] smpboot: Max logical packages: 1
[STDERR  ] 2017-08-03T14:56:47.774282898Z: [    0.618705] ..TIMER: vector=0x30 apic1=0 pin1=2 apic2=-1 pin2=-1
[STDERR  ] 2017-08-03T14:56:47.774288498Z: [    0.730000] smpboot: CPU0: AMD QEMU Virtual CPU version 2.5+ (family: 0x6, model: 0x6, stepping: 0x3)
[STDERR  ] 2017-08-03T14:56:47.774293975Z: [    0.730000] Performance Events: PMU not available due to virtualization, using software events only.
[STDERR  ] 2017-08-03T14:56:47.774299511Z: [    0.739306] NMI watchdog: disabled (cpu0): hardware events not enabled
[STDERR  ] 2017-08-03T14:56:47.774304974Z: [    0.740106] NMI watchdog: Shutting down hard lockup detector on all cpus
[STDERR  ] 2017-08-03T14:56:47.774311106Z: [    0.743949] x86: Booted up 1 node, 1 CPUs
[STDERR  ] 2017-08-03T14:56:47.774316636Z: [    0.744428] smpboot: Total of 1 processors activated (5199.96 BogoMIPS)
[STDERR  ] 2017-08-03T14:56:47.774321972Z: [    0.759127] devtmpfs: initialized
[STDERR  ] 2017-08-03T14:56:47.774327774Z: [    0.766449] x86/mm: Memory block size: 128MB
[STDERR  ] 2017-08-03T14:56:47.774338089Z: [    0.834245] clocksource: jiffies: mask: 0xffffffff max_cycles: 0xffffffff, max_idle_ns: 19112604462750000 ns
[STDERR  ] 2017-08-03T14:56:47.7743437Z: [    0.835227] futex hash table entries: 256 (order: 2, 16384 bytes)
[STDERR  ] 2017-08-03T14:56:47.774353555Z: [    0.845796] NET: Registered protocol family 16
[STDERR  ] 2017-08-03T14:56:47.774360295Z: [    0.857289] cpuidle: using governor ladder
[STDERR  ] 2017-08-03T14:56:47.774365932Z: [    0.857843] cpuidle: using governor menu
[STDERR  ] 2017-08-03T14:56:47.774371556Z: [    0.859224] ACPI: bus type PCI registered
[STDOUT  ] 2017-08-03T14:56:47.774326398Z: [    0.000000] Linux version 4.9.38-linuxkit (root@e1ede117fb1e) (gcc version 6.3.0 (Alpine 6.3.0) ) #1 SMP Thu Jul 20 16:07:02 UTC 2017
[STDERR  ] 2017-08-03T14:56:47.774382645Z: [    0.862673] PCI: MMCONFIG for domain 0000 [bus 00-ff] at [mem 0xb0000000-0xbfffffff] (base 0xb0000000)
[STDERR  ] 2017-08-03T14:56:47.774389973Z: [    0.863480] PCI: MMCONFIG at [mem 0xb0000000-0xbfffffff] reserved in E820
[STDOUT  ] 2017-08-03T14:56:47.774390385Z: [    0.000000] Command line: console=ttyS0 page_poison=1
[STDERR  ] 2017-08-03T14:56:47.774395703Z: [    0.865161] PCI: Using configuration type 1 for base access
[STDERR  ] 2017-08-03T14:56:47.77440424Z: [    0.939738] HugeTLB registered 2 MB page size, pre-allocated 0 pages
[STDOUT  ] 2017-08-03T14:56:47.774403542Z: [    0.000000] x86/fpu: Legacy x87 FPU detected.
[STDERR  ] 2017-08-03T14:56:47.774410486Z: [    0.957862] ACPI: Added _OSI(Module Device)
[STDERR  ] 2017-08-03T14:56:47.774416947Z: [    0.958203] ACPI: Added _OSI(Processor Device)
[STDOUT  ] 2017-08-03T14:56:47.77442041Z: [    0.000000] x86/fpu: Using 'eager' FPU context switches.
[STDERR  ] 2017-08-03T14:56:47.774423943Z: [    0.958584] ACPI: Added _OSI(3.0 _SCP Extensions)
[STDOUT  ] 2017-08-03T14:56:47.774429362Z: [    0.000000] e820: BIOS-provided physical RAM map:
[STDERR  ] 2017-08-03T14:56:47.774436182Z: [    0.958898] ACPI: Added _OSI(Processor Aggregator Device)
[STDERR  ] 2017-08-03T14:56:47.774443267Z: [    1.050530] ACPI: Interpreter enabled
[STDOUT  ] 2017-08-03T14:56:47.774439689Z: [    0.000000] BIOS-e820: [mem 0x0000000000000000-0x000000000009fbff] usable
[STDERR  ] 2017-08-03T14:56:47.774449713Z: [    1.051576] ACPI: (supports S0 S5)
[STDOUT  ] 2017-08-03T14:56:47.774449056Z: [    0.000000] BIOS-e820: [mem 0x000000000009fc00-0x000000000009ffff] reserved
[STDOUT  ] 2017-08-03T14:56:47.774481553Z: [    0.000000] BIOS-e820: [mem 0x00000000000f0000-0x00000000000fffff] reserved
[STDERR  ] 2017-08-03T14:56:47.774456466Z: [    1.051912] ACPI: Using IOAPIC for interrupt routing
[STDOUT  ] 2017-08-03T14:56:47.774514571Z: [    0.000000] BIOS-e820: [mem 0x0000000000100000-0x000000003ffdefff] usable
[STDOUT  ] 2017-08-03T14:56:47.774522861Z: [    0.000000] BIOS-e820: [mem 0x000000003ffdf000-0x000000003fffffff] reserved
[STDERR  ] 2017-08-03T14:56:47.774521517Z: [    1.054735] PCI: Using host bridge windows from ACPI; if necessary, use "pci=nocrs" and report a bug
[STDOUT  ] 2017-08-03T14:56:47.774530296Z: [    0.000000] BIOS-e820: [mem 0x00000000b0000000-0x00000000bfffffff] reserved
[STDERR  ] 2017-08-03T14:56:47.77453428Z: [    1.124444] ACPI: PCI Root Bridge [PCI0] (domain 0000 [bus 00-ff])
[STDOUT  ] 2017-08-03T14:56:47.77453735Z: [    0.000000] BIOS-e820: [mem 0x00000000fed1c000-0x00000000fed1ffff] reserved
[STDERR  ] 2017-08-03T14:56:47.774545624Z: [    1.125677] acpi PNP0A08:00: _OSC: OS supports [ExtendedConfig ASPM ClockPM Segments MSI]
[STDOUT  ] 2017-08-03T14:56:47.774544021Z: [    0.000000] BIOS-e820: [mem 0x00000000fffc0000-0x00000000ffffffff] reserved
[STDOUT  ] 2017-08-03T14:56:47.774554004Z: [    0.000000] NX (Execute Disable) protection: active
[STDERR  ] 2017-08-03T14:56:47.774556733Z: [    1.132828] acpi PNP0A08:00: _OSC: OS now controls [PCIeHotplug PME PCIeCapability]
[STDOUT  ] 2017-08-03T14:56:47.774562933Z: [    0.000000] SMBIOS 2.8 present.
[STDERR  ] 2017-08-03T14:56:47.774565144Z: [    1.137062] PCI host bridge to bus 0000:00
[STDOUT  ] 2017-08-03T14:56:47.774570988Z: [    0.000000] e820: last_pfn = 0x3ffdf max_arch_pfn = 0x400000000
[STDERR  ] 2017-08-03T14:56:47.774572807Z: [    1.137577] pci_bus 0000:00: root bus resource [io  0x0000-0x0cf7 window]
[STDOUT  ] 2017-08-03T14:56:47.774578936Z: [    0.000000] x86/PAT: Configuration [0-7]: WB  WC  UC- UC  WB  WC  UC- WT  
[STDERR  ] 2017-08-03T14:56:47.7745822Z: [    1.138079] pci_bus 0000:00: root bus resource [io  0x0d00-0xffff window]
[STDOUT  ] 2017-08-03T14:56:47.774586718Z: [    0.000000] found SMP MP-table at [mem 0x000f6aa0-0x000f6aaf] mapped at [ffff9960000f6aa0]
[STDERR  ] 2017-08-03T14:56:47.77459071Z: [    1.138548] pci_bus 0000:00: root bus resource [mem 0x000a0000-0x000bffff window]
[STDOUT  ] 2017-08-03T14:56:47.774595428Z: [    0.000000] RAMDISK: [mem 0x3e69d000-0x3ffcffff]
[STDERR  ] 2017-08-03T14:56:47.774597781Z: [    1.139040] pci_bus 0000:00: root bus resource [mem 0xc0000000-0xfebfffff window]
[STDOUT  ] 2017-08-03T14:56:47.774604197Z: [    0.000000] ACPI: Early table checksum verification disabled
[STDERR  ] 2017-08-03T14:56:47.774604886Z: [    1.139693] pci_bus 0000:00: root bus resource [bus 00-ff]
[STDERR  ] 2017-08-03T14:56:47.774611393Z: [    1.254724] pci 0000:00:1f.0: quirk: [io  0x0600-0x067f] claimed by ICH6 ACPI/GPIO/TCO
[STDOUT  ] 2017-08-03T14:56:47.774615638Z: [    0.000000] ACPI: RSDP 0x00000000000F68C0 000014 (v00 BOCHS )
[STDERR  ] 2017-08-03T14:56:47.774617997Z: [    1.319564] ACPI: PCI Interrupt Link [LNKA] (IRQs 5 *10 11)
[STDOUT  ] 2017-08-03T14:56:47.774624267Z: [    0.000000] ACPI: RSDT 0x000000003FFE2404 000034 (v01 BOCHS  BXPCRSDT 00000001 BXPC 00000001)
[STDERR  ] 2017-08-03T14:56:47.774626297Z: [    1.322597] ACPI: PCI Interrupt Link [LNKB] (IRQs 5 *10 11)
[STDOUT  ] 2017-08-03T14:56:47.774632983Z: [    0.000000] ACPI: FACP 0x000000003FFE22A4 000074 (v01 BOCHS  BXPCFACP 00000001 BXPC 00000001)
[STDERR  ] 2017-08-03T14:56:47.774635008Z: [    1.324653] ACPI: PCI Interrupt Link [LNKC] (IRQs 5 10 *11)
[STDOUT  ] 2017-08-03T14:56:47.774641964Z: [    0.000000] ACPI: DSDT 0x000000003FFE0040 002264 (v01 BOCHS  BXPCDSDT 00000001 BXPC 00000001)
[STDERR  ] 2017-08-03T14:56:47.774643901Z: [    1.326596] ACPI: PCI Interrupt Link [LNKD] (IRQs 5 10 *11)
[STDOUT  ] 2017-08-03T14:56:47.774649603Z: [    0.000000] ACPI: FACS 0x000000003FFE0000 000040
[STDOUT  ] 2017-08-03T14:56:47.77465645Z: [    0.000000] ACPI: APIC 0x000000003FFE2318 000078 (v01 BOCHS  BXPCAPIC 00000001 BXPC 00000001)
[STDERR  ] 2017-08-03T14:56:47.774650587Z: [    1.328509] ACPI: PCI Interrupt Link [LNKE] (IRQs 5 *10 11)
[STDERR  ] 2017-08-03T14:56:47.774663234Z: [    1.331657] ACPI: PCI Interrupt Link [LNKF] (IRQs 5 *10 11)
[STDERR  ] 2017-08-03T14:56:47.774670179Z: [    1.333690] ACPI: PCI Interrupt Link [LNKG] (IRQs 5 10 *11)
[STDOUT  ] 2017-08-03T14:56:47.774663792Z: [    0.000000] ACPI: HPET 0x000000003FFE2390 000038 (v01 BOCHS  BXPCHPET 00000001 BXPC 00000001)
[STDERR  ] 2017-08-03T14:56:47.774676328Z: [    1.335600] ACPI: PCI Interrupt Link [LNKH] (IRQs 5 10 *11)
[STDOUT  ] 2017-08-03T14:56:47.774679361Z: [    0.000000] ACPI: MCFG 0x000000003FFE23C8 00003C (v01 BOCHS  BXPCMCFG 00000001 BXPC 00000001)
[STDOUT  ] 2017-08-03T14:56:47.774689114Z: [    0.000000] Zone ranges:
[STDERR  ] 2017-08-03T14:56:47.774686907Z: [    1.336695] ACPI: PCI Interrupt Link [GSIA] (IRQs *16)
[STDOUT  ] 2017-08-03T14:56:47.774696957Z: [    0.000000]   DMA      [mem 0x0000000000001000-0x0000000000ffffff]
[STDERR  ] 2017-08-03T14:56:47.774699427Z: [    1.337577] ACPI: PCI Interrupt Link [GSIB] (IRQs *17)
[STDOUT  ] 2017-08-03T14:56:47.774704954Z: [    0.000000]   DMA32    [mem 0x0000000001000000-0x000000003ffdefff]
[STDERR  ] 2017-08-03T14:56:47.774706881Z: [    1.338388] ACPI: PCI Interrupt Link [GSIC] (IRQs *18)
[STDOUT  ] 2017-08-03T14:56:47.774712519Z: [    0.000000]   Normal   empty
[STDERR  ] 2017-08-03T14:56:47.774714442Z: [    1.339184] ACPI: PCI Interrupt Link [GSID] (IRQs *19)
[STDOUT  ] 2017-08-03T14:56:47.774723658Z: [    0.000000] Movable zone start for each node
[STDERR  ] 2017-08-03T14:56:47.774722529Z: [    1.340175] ACPI: PCI Interrupt Link [GSIE] (IRQs *20)
[STDERR  ] 2017-08-03T14:56:47.774730014Z: [    1.340996] ACPI: PCI Interrupt Link [GSIF] (IRQs *21)
[STDOUT  ] 2017-08-03T14:56:47.774731878Z: [    0.000000] Early memory node ranges
[STDERR  ] 2017-08-03T14:56:47.774736705Z: [    1.341798] ACPI: PCI Interrupt Link [GSIG] (IRQs *22)
[STDOUT  ] 2017-08-03T14:56:47.774739655Z: [    0.000000]   node   0: [mem 0x0000000000001000-0x000000000009efff]
[STDERR  ] 2017-08-03T14:56:47.774744002Z: [    1.342545] ACPI: PCI Interrupt Link [GSIH] (IRQs *23)
[STDOUT  ] 2017-08-03T14:56:47.774747351Z: [    0.000000]   node   0: [mem 0x0000000000100000-0x000000003ffdefff]
[STDERR  ] 2017-08-03T14:56:47.774751214Z: [    1.346557] ACPI: Enabled 2 GPEs in block 00 to 3F
[STDOUT  ] 2017-08-03T14:56:47.774755318Z: [    0.000000] Initmem setup node 0 [mem 0x0000000000001000-0x000000003ffdefff]
[STDERR  ] 2017-08-03T14:56:47.774761738Z: [    1.351157] SCSI subsystem initialized
[STDOUT  ] 2017-08-03T14:56:47.774762537Z: [    0.000000] ACPI: PM-Timer IO Port: 0x608
[STDERR  ] 2017-08-03T14:56:47.774769354Z: [    1.353083] ACPI: bus type USB registered
[STDOUT  ] 2017-08-03T14:56:47.774771498Z: [    0.000000] ACPI: LAPIC_NMI (acpi_id[0xff] dfl dfl lint[0x1])
[STDERR  ] 2017-08-03T14:56:47.774777118Z: [    1.354246] usbcore: registered new interface driver usbfs
[STDOUT  ] 2017-08-03T14:56:47.774778744Z: [    0.000000] IOAPIC[0]: apic_id 0, version 32, address 0xfec00000, GSI 0-23
[STDERR  ] 2017-08-03T14:56:47.774783661Z: [    1.355241] usbcore: registered new interface driver hub
[STDOUT  ] 2017-08-03T14:56:47.774786341Z: [    0.000000] ACPI: INT_SRC_OVR (bus 0 bus_irq 0 global_irq 2 dfl dfl)
[STDERR  ] 2017-08-03T14:56:47.774791105Z: [    1.356164] usbcore: registered new device driver usb
[STDOUT  ] 2017-08-03T14:56:47.774795381Z: [    0.000000] ACPI: INT_SRC_OVR (bus 0 bus_irq 5 global_irq 5 high level)
[STDERR  ] 2017-08-03T14:56:47.774798164Z: [    1.357426] pps_core: LinuxPPS API ver. 1 registered
[STDERR  ] 2017-08-03T14:56:47.774808084Z: [    1.357749] pps_core: Software ver. 5.3.6 - Copyright 2005-2007 Rodolfo Giometti <giometti@linux.it>
[STDOUT  ] 2017-08-03T14:56:47.774806485Z: [    0.000000] ACPI: INT_SRC_OVR (bus 0 bus_irq 9 global_irq 9 high level)
[STDERR  ] 2017-08-03T14:56:47.774813845Z: [    1.358535] PTP clock support registered
[STDOUT  ] 2017-08-03T14:56:47.774819025Z: [    0.000000] ACPI: INT_SRC_OVR (bus 0 bus_irq 10 global_irq 10 high level)
[STDERR  ] 2017-08-03T14:56:47.774820965Z: [    1.359843] wmi: Mapper loaded
[STDOUT  ] 2017-08-03T14:56:47.774831368Z: [    0.000000] ACPI: INT_SRC_OVR (bus 0 bus_irq 11 global_irq 11 high level)
[STDERR  ] 2017-08-03T14:56:47.774833243Z: [    1.361004] PCI: Using ACPI for IRQ routing
[STDOUT  ] 2017-08-03T14:56:47.77483914Z: [    0.000000] Using ACPI (MADT) for SMP configuration information
[STDERR  ] 2017-08-03T14:56:47.774840886Z: [    1.382582] NetLabel: Initializing
[STDOUT  ] 2017-08-03T14:56:47.774847395Z: [    0.000000] ACPI: HPET id: 0x8086a201 base: 0xfed00000
[STDERR  ] 2017-08-03T14:56:47.774849069Z: [    1.382830] NetLabel:  domain hash size = 128
[STDERR  ] 2017-08-03T14:56:47.774861928Z: [    1.383291] NetLabel:  protocols = UNLABELED CIPSOv4
[STDOUT  ] 2017-08-03T14:56:47.77485984Z: [    0.000000] smpboot: Allowing 1 CPUs, 0 hotplug CPUs
[STDERR  ] 2017-08-03T14:56:47.774868545Z: [    1.386149] NetLabel:  unlabeled traffic allowed by default
[STDOUT  ] 2017-08-03T14:56:47.774873079Z: [    0.000000] e820: [mem 0x40000000-0xafffffff] available for PCI devices
[STDERR  ] 2017-08-03T14:56:47.774874885Z: [    1.387493] HPET: 3 timers in total, 0 timers will be used for per-cpu timer
[STDOUT  ] 2017-08-03T14:56:47.774880416Z: [    0.000000] Booting paravirtualized kernel on bare hardware
[STDERR  ] 2017-08-03T14:56:47.774886398Z: [    1.388418] hpet0: at MMIO 0xfed00000, IRQs 2, 8, 0
[STDOUT  ] 2017-08-03T14:56:47.774888755Z: [    0.000000] clocksource: refined-jiffies: mask: 0xffffffff max_cycles: 0xffffffff, max_idle_ns: 19112604462750000 ns
[STDERR  ] 2017-08-03T14:56:47.774898253Z: [    1.388975] hpet0: 3 comparators, 64-bit 100.000000 MHz counter
[STDOUT  ] 2017-08-03T14:56:47.774900703Z: [    0.000000] setup_percpu: NR_CPUS:128 nr_cpumask_bits:128 nr_cpu_ids:1 nr_node_ids:1
[STDOUT  ] 2017-08-03T14:56:47.774908346Z: [    0.000000] percpu: Embedded 35 pages/cpu @ffff99603e400000 s105176 r8192 d29992 u2097152
[STDERR  ] 2017-08-03T14:56:47.774906106Z: [    1.396756] clocksource: Switched to clocksource hpet
[STDERR  ] 2017-08-03T14:56:47.77491391Z: [    1.661058] VFS: Disk quotas dquot_6.6.0
[STDOUT  ] 2017-08-03T14:56:47.774915429Z: [    0.000000] Built 1 zonelists in Zone order, mobility grouping on.  Total pages: 257896
[STDERR  ] 2017-08-03T14:56:47.774920578Z: [    1.661965] VFS: Dquot-cache hash table entries: 512 (order 0, 4096 bytes)
[STDERR  ] 2017-08-03T14:56:47.774927506Z: [    1.665998] FS-Cache: Loaded
[STDOUT  ] 2017-08-03T14:56:47.774923313Z: [    0.000000] Kernel command line: console=ttyS0 page_poison=1
[STDERR  ] 2017-08-03T14:56:47.774933486Z: [    1.671300] CacheFiles: Loaded
[STDOUT  ] 2017-08-03T14:56:47.774938106Z: [    0.000000] PID hash table entries: 4096 (order: 3, 32768 bytes)
[STDERR  ] 2017-08-03T14:56:47.774940743Z: [    1.673139] pnp: PnP ACPI init
[STDOUT  ] 2017-08-03T14:56:47.774946488Z: [    0.000000] Dentry cache hash table entries: 131072 (order: 8, 1048576 bytes)
[STDERR  ] 2017-08-03T14:56:47.774947229Z: [    1.686667] pnp: PnP ACPI: found 5 devices
[STDOUT  ] 2017-08-03T14:56:47.774953642Z: [    0.000000] Inode-cache hash table entries: 65536 (order: 7, 524288 bytes)
[STDERR  ] 2017-08-03T14:56:47.774957532Z: [    1.740655] clocksource: acpi_pm: mask: 0xffffff max_cycles: 0xffffff, max_idle_ns: 2085701024 ns
[STDOUT  ] 2017-08-03T14:56:47.77496552Z: [    0.000000] Memory: 988368K/1048052K available (8026K kernel code, 1366K rwdata, 2696K rodata, 1380K init, 568K bss, 59684K reserved, 0K cma-reserved)
[STDERR  ] 2017-08-03T14:56:47.774969942Z: [    1.745230] NET: Registered protocol family 2
[STDOUT  ] 2017-08-03T14:56:47.774977345Z: [    0.000000] Hierarchical RCU implementation.
[STDERR  ] 2017-08-03T14:56:47.77497915Z: [    1.754661] TCP established hash table entries: 8192 (order: 4, 65536 bytes)
[STDOUT  ] 2017-08-03T14:56:47.774984739Z: [    0.000000] 	Build-time adjustment of leaf fanout to 64.
[STDERR  ] 2017-08-03T14:56:47.77498649Z: [    1.755523] TCP bind hash table entries: 8192 (order: 5, 131072 bytes)
[STDERR  ] 2017-08-03T14:56:47.774993036Z: [    1.756332] TCP: Hash tables configured (established 8192 bind 8192)
[STDOUT  ] 2017-08-03T14:56:47.774996384Z: [    0.000000] 	RCU restricting CPUs from NR_CPUS=128 to nr_cpu_ids=1.
[STDERR  ] 2017-08-03T14:56:47.775001037Z: [    1.758235] UDP hash table entries: 512 (order: 2, 16384 bytes)
[STDOUT  ] 2017-08-03T14:56:47.77500666Z: [    0.000000] RCU: Adjusting geometry for rcu_fanout_leaf=64, nr_cpu_ids=1
[STDERR  ] 2017-08-03T14:56:47.775012371Z: [    1.758848] UDP-Lite hash table entries: 512 (order: 2, 16384 bytes)
[STDOUT  ] 2017-08-03T14:56:47.775013751Z: [    0.000000] NR_IRQS:8448 nr_irqs:256 16
[STDERR  ] 2017-08-03T14:56:47.775020154Z: [    1.761651] NET: Registered protocol family 1
[STDOUT  ] 2017-08-03T14:56:47.775024523Z: [    0.000000] Console: colour VGA+ 80x25
[STDERR  ] 2017-08-03T14:56:47.775031753Z: [    1.762654] pci 0000:00:01.0: Video device with shadowed ROM at [mem 0x000c0000-0x000dffff]
[STDOUT  ] 2017-08-03T14:56:47.775033916Z: [    0.000000] console [ttyS0] enabled
[STDERR  ] 2017-08-03T14:56:47.775039443Z: [    1.772061] Unpacking initramfs...
[STDERR  ] 2017-08-03T14:56:47.775045727Z: [    6.158765] Freeing initrd memory: 25804K (ffff99603e69d000 - ffff99603ffd0000)
[STDOUT  ] 2017-08-03T14:56:47.775048239Z: [    0.000000] allocated 2097152 bytes of page_ext
[STDERR  ] 2017-08-03T14:56:47.775053586Z: [    6.186242] PCLMULQDQ-NI instructions are not detected.
[STDOUT  ] 2017-08-03T14:56:47.775055414Z: [    0.000000] clocksource: hpet: mask: 0xffffffff max_cycles: 0xffffffff, max_idle_ns: 19112604467 ns
[STDERR  ] 2017-08-03T14:56:47.775060209Z: [    6.187819] AVX or AES-NI instructions are not detected.
[STDOUT  ] 2017-08-03T14:56:47.77506411Z: [    0.000000] tsc: Fast TSC calibration using PIT
[STDERR  ] 2017-08-03T14:56:47.775067614Z: [    6.188325] CPU feature 'AVX registers' is not supported.
[STDOUT  ] 2017-08-03T14:56:47.775071751Z: [    0.000000] tsc: Detected 2599.984 MHz processor
[STDERR  ] 2017-08-03T14:56:47.77507504Z: [    6.188798] CPU feature 'AVX registers' is not supported.
[STDERR  ] 2017-08-03T14:56:47.775081509Z: [    6.189211] CPU feature 'AVX registers' is not supported.
[STDOUT  ] 2017-08-03T14:56:47.77508063Z: [    0.032402] Calibrating delay loop (skipped), value calculated using timer frequency.. 5199.96 BogoMIPS (lpj=25999840)
[STDERR  ] 2017-08-03T14:56:47.775088193Z: [    6.189642] CPU feature 'AVX registers' is not supported.
[STDOUT  ] 2017-08-03T14:56:47.775094194Z: [    0.033602] pid_max: default: 32768 minimum: 301
[STDERR  ] 2017-08-03T14:56:47.77509729Z: [    6.191242] AVX2 or AES-NI instructions are not detected.
[STDOUT  ] 2017-08-03T14:56:47.775100944Z: [    0.034632] ACPI: Core revision 20160831
[STDERR  ] 2017-08-03T14:56:47.775104941Z: [    6.191648] AVX2 instructions are not detected.
[STDOUT  ] 2017-08-03T14:56:47.77510848Z: [    0.079014] ACPI: 1 ACPI AML tables successfully acquired and loaded
[STDERR  ] 2017-08-03T14:56:47.775112426Z: [    6.197359] audit: initializing netlink subsys (disabled)
[STDOUT  ] 2017-08-03T14:56:47.775118034Z: [    0.084356] Security Framework initialized
[STDERR  ] 2017-08-03T14:56:47.77511879Z: [    6.199067] audit: type=2000 audit(1501772172.190:1): initialized
[STDOUT  ] 2017-08-03T14:56:47.775125384Z: [    0.084870] Yama: becoming mindful.
[STDERR  ] 2017-08-03T14:56:47.775125944Z: [    6.207446] workingset: timestamp_bits=46 max_order=18 bucket_order=0
[STDOUT  ] 2017-08-03T14:56:47.77513231Z: [    0.087078] Mount-cache hash table entries: 2048 (order: 2, 16384 bytes)
[STDERR  ] 2017-08-03T14:56:47.775133991Z: [    6.214701] FS-Cache: Netfs 'cifs' registered for caching
[STDERR  ] 2017-08-03T14:56:47.775141667Z: [    6.215730] fuse init (API version 7.26)
[STDOUT  ] 2017-08-03T14:56:47.775139811Z: [    0.087682] Mountpoint-cache hash table entries: 2048 (order: 2, 16384 bytes)
[STDERR  ] 2017-08-03T14:56:47.775164117Z: [    6.218209] SGI XFS with ACLs, security attributes, no debug enabled
[STDOUT  ] 2017-08-03T14:56:47.77516668Z: [    0.108027] Last level iTLB entries: 4KB 0, 2MB 0, 4MB 0
[STDERR  ] 2017-08-03T14:56:47.775171618Z: [    6.222482] 9p: Installing v9fs 9p2000 file system support
[STDOUT  ] 2017-08-03T14:56:47.775179682Z: [    0.108541] Last level dTLB entries: 4KB 0, 2MB 0, 4MB 0, 1GB 0
[STDERR  ] 2017-08-03T14:56:47.775181522Z: [    6.223011] FS-Cache: Netfs '9p' registered for caching
[STDOUT  ] 2017-08-03T14:56:47.775187432Z: [    0.417664] Freeing SMP alternatives memory: 20K (ffffffff84eb0000 - ffffffff84eb5000)
[STDERR  ] 2017-08-03T14:56:47.775189402Z: [    6.260947] NET: Registered protocol family 38
[STDERR  ] 2017-08-03T14:56:47.775195985Z: [    6.261619] Key type asymmetric registered
[STDOUT  ] 2017-08-03T14:56:47.775195215Z: [    0.430505] ftrace: allocating 35489 entries in 139 pages
[STDOUT  ] 2017-08-03T14:56:47.775206044Z: [    0.611260] smpboot: Max logical packages: 1
[STDERR  ] 2017-08-03T14:56:47.775207458Z: [    6.262029] Asymmetric key parser 'x509' registered
[STDERR  ] 2017-08-03T14:56:47.775214014Z: [    6.263110] Block layer SCSI generic (bsg) driver version 0.4 loaded (major 251)
[STDERR  ] 2017-08-03T14:56:47.775220125Z: [    6.264847] io scheduler noop registered
[STDOUT  ] 2017-08-03T14:56:47.775217618Z: [    0.618705] ..TIMER: vector=0x30 apic1=0 pin1=2 apic2=-1 pin2=-1
[STDOUT  ] 2017-08-03T14:56:47.775225208Z: [    0.730000] smpboot: CPU0: AMD QEMU Virtual CPU version 2.5+ (family: 0x6, model: 0x6, stepping: 0x3)
[STDERR  ] 2017-08-03T14:56:47.775226434Z: [    6.265179] io scheduler deadline registered (default)
[STDOUT  ] 2017-08-03T14:56:47.77523264Z: [    0.730000] Performance Events: PMU not available due to virtualization, using software events only.
[STDERR  ] 2017-08-03T14:56:47.775234827Z: [    6.265885] io scheduler cfq registered
[STDOUT  ] 2017-08-03T14:56:47.775239984Z: [    0.739306] NMI watchdog: disabled (cpu0): hardware events not enabled
[STDERR  ] 2017-08-03T14:56:47.775241978Z: [    6.268581] pci_hotplug: PCI Hot Plug PCI Core version: 0.5
[STDOUT  ] 2017-08-03T14:56:47.775248101Z: [    0.740106] NMI watchdog: Shutting down hard lockup detector on all cpus
[STDERR  ] 2017-08-03T14:56:47.775249938Z: [    6.269307] pciehp: PCI Express Hot Plug Controller Driver version: 0.4
[STDOUT  ] 2017-08-03T14:56:47.775254977Z: [    0.743949] x86: Booted up 1 node, 1 CPUs
[STDERR  ] 2017-08-03T14:56:47.775261888Z: [    6.271430] shpchp: Standard Hot Plug PCI Controller Driver version: 0.4
[STDOUT  ] 2017-08-03T14:56:47.77526811Z: [    0.744428] smpboot: Total of 1 processors activated (5199.96 BogoMIPS)
[STDERR  ] 2017-08-03T14:56:47.775270157Z: [    6.272423] hv_vmbus: registering driver hyperv_fb
[STDERR  ] 2017-08-03T14:56:47.775277331Z: [    6.277240] input: Power Button as /devices/LNXSYSTM:00/LNXPWRBN:00/input/input0
[STDOUT  ] 2017-08-03T14:56:47.775275534Z: [    0.759127] devtmpfs: initialized
[STDOUT  ] 2017-08-03T14:56:47.775282911Z: [    0.766449] x86/mm: Memory block size: 128MB
[STDERR  ] 2017-08-03T14:56:47.775284007Z: [    6.278600] ACPI: Power Button [PWRF]
[STDOUT  ] 2017-08-03T14:56:47.775289765Z: [    0.834245] clocksource: jiffies: mask: 0xffffffff max_cycles: 0xffffffff, max_idle_ns: 19112604462750000 ns
[STDERR  ] 2017-08-03T14:56:47.775292337Z: [    6.283919] GHES: HEST is not enabled!
[STDOUT  ] 2017-08-03T14:56:47.775297147Z: [    0.835227] futex hash table entries: 256 (order: 2, 16384 bytes)
[STDERR  ] 2017-08-03T14:56:47.775299595Z: [    6.296075] ACPI: PCI Interrupt Link [GSIG] enabled at IRQ 22
[STDOUT  ] 2017-08-03T14:56:47.775304495Z: [    0.845796] NET: Registered protocol family 16
[STDERR  ] 2017-08-03T14:56:47.775307027Z: [    6.308863] ACPI: PCI Interrupt Link [GSIH] enabled at IRQ 23
[STDOUT  ] 2017-08-03T14:56:47.775312112Z: [    0.857289] cpuidle: using governor ladder
[STDERR  ] 2017-08-03T14:56:47.775319203Z: [    6.315124] xenfs: not registering filesystem on non-xen platform
[STDOUT  ] 2017-08-03T14:56:47.775320979Z: [    0.857843] cpuidle: using governor menu
[STDERR  ] 2017-08-03T14:56:47.775326895Z: [    6.317432] Serial: 8250/16550 driver, 4 ports, IRQ sharing disabled
[STDOUT  ] 2017-08-03T14:56:47.775328982Z: [    0.859224] ACPI: bus type PCI registered
[STDERR  ] 2017-08-03T14:56:47.775338373Z: [    6.341181] 00:04: ttyS0 at I/O 0x3f8 (irq = 4, base_baud = 115200) is a 16550A
[STDOUT  ] 2017-08-03T14:56:47.775340129Z: [    0.862673] PCI: MMCONFIG for domain 0000 [bus 00-ff] at [mem 0xb0000000-0xbfffffff] (base 0xb0000000)
[STDERR  ] 2017-08-03T14:56:47.775345932Z: [    6.353532] Non-volatile memory driver v1.3
[STDERR  ] 2017-08-03T14:56:47.775352269Z: [    6.359717] Hangcheck: starting hangcheck timer 0.9.1 (tick is 180 seconds, margin is 60 seconds).
[STDOUT  ] 2017-08-03T14:56:47.775347385Z: [    0.863480] PCI: MMCONFIG at [mem 0xb0000000-0xbfffffff] reserved in E820
[STDERR  ] 2017-08-03T14:56:47.775358428Z: [    6.399554] loop: module loaded
[STDOUT  ] 2017-08-03T14:56:47.775364933Z: [    0.865161] PCI: Using configuration type 1 for base access
[STDERR  ] 2017-08-03T14:56:47.775370355Z: [    6.415972] nbd: registered device at major 43
[STDOUT  ] 2017-08-03T14:56:47.775371903Z: [    0.939738] HugeTLB registered 2 MB page size, pre-allocated 0 pages
[STDERR  ] 2017-08-03T14:56:47.775376912Z: [    6.461176] lpc_ich 0000:00:1f.0: I/O space for GPIO uninitialized
[STDERR  ] 2017-08-03T14:56:47.775384971Z: [    6.463641] VMware PVSCSI driver - version 1.0.7.0-k
[STDOUT  ] 2017-08-03T14:56:47.775383249Z: [    0.957862] ACPI: Added _OSI(Module Device)
[STDERR  ] 2017-08-03T14:56:47.775391555Z: [    6.464633] hv_vmbus: registering driver hv_storvsc
[STDOUT  ] 2017-08-03T14:56:47.775390946Z: [    0.958203] ACPI: Added _OSI(Processor Device)
[STDOUT  ] 2017-08-03T14:56:47.775398522Z: [    0.958584] ACPI: Added _OSI(3.0 _SCP Extensions)
[STDERR  ] 2017-08-03T14:56:47.775398785Z: [    6.475354] ACPI: PCI Interrupt Link [GSIA] enabled at IRQ 16
[STDOUT  ] 2017-08-03T14:56:47.775405259Z: [    0.958898] ACPI: Added _OSI(Processor Aggregator Device)
[STDERR  ] 2017-08-03T14:56:47.775407522Z: [    6.482176] ahci 0000:00:1f.2: AHCI 0001.0000 32 slots 6 ports 1.5 Gbps 0x3f impl SATA mode
[STDOUT  ] 2017-08-03T14:56:47.775412582Z: [    1.050530] ACPI: Interpreter enabled
[STDERR  ] 2017-08-03T14:56:47.775414983Z: [    6.482960] ahci 0000:00:1f.2: flags: 64bit ncq only 
[STDOUT  ] 2017-08-03T14:56:47.775419953Z: [    1.051576] ACPI: (supports S0 S5)
[STDERR  ] 2017-08-03T14:56:47.775422226Z: [    6.504083] scsi host0: ahci
[STDERR  ] 2017-08-03T14:56:47.775428731Z: [    6.509525] scsi host1: ahci
[STDOUT  ] 2017-08-03T14:56:47.775427901Z: [    1.051912] ACPI: Using IOAPIC for interrupt routing
[STDERR  ] 2017-08-03T14:56:47.775435025Z: [    6.512284] scsi host2: ahci
[STDOUT  ] 2017-08-03T14:56:47.775434363Z: [    1.054735] PCI: Using host bridge windows from ACPI; if necessary, use "pci=nocrs" and report a bug
[STDERR  ] 2017-08-03T14:56:47.775441553Z: [    6.514728] scsi host3: ahci
[STDOUT  ] 2017-08-03T14:56:47.775445861Z: [    1.124444] ACPI: PCI Root Bridge [PCI0] (domain 0000 [bus 00-ff])
[STDERR  ] 2017-08-03T14:56:47.775448785Z: [    6.517156] scsi host4: ahci
[STDERR  ] 2017-08-03T14:56:47.775455328Z: [    6.519522] scsi host5: ahci
[STDOUT  ] 2017-08-03T14:56:47.775454456Z: [    1.125677] acpi PNP0A08:00: _OSC: OS supports [ExtendedConfig ASPM ClockPM Segments MSI]
[STDOUT  ] 2017-08-03T14:56:47.775461138Z: [    1.132828] acpi PNP0A08:00: _OSC: OS now controls [PCIeHotplug PME PCIeCapability]
[STDOUT  ] 2017-08-03T14:56:47.775467869Z: [    1.137062] PCI host bridge to bus 0000:00
[STDERR  ] 2017-08-03T14:56:47.775461915Z: [    6.521755] ata1: SATA max UDMA/133 abar m4096@0xfebd2000 port 0xfebd2100 irq 24
[STDOUT  ] 2017-08-03T14:56:47.775474125Z: [    1.137577] pci_bus 0000:00: root bus resource [io  0x0000-0x0cf7 window]
[STDERR  ] 2017-08-03T14:56:47.775478813Z: [    6.522340] ata2: SATA max UDMA/133 abar m4096@0xfebd2000 port 0xfebd2180 irq 24
[STDERR  ] 2017-08-03T14:56:47.775486259Z: [    6.522868] ata3: SATA max UDMA/133 abar m4096@0xfebd2000 port 0xfebd2200 irq 24
[STDOUT  ] 2017-08-03T14:56:47.775482757Z: [    1.138079] pci_bus 0000:00: root bus resource [io  0x0d00-0xffff window]
[STDOUT  ] 2017-08-03T14:56:47.77549162Z: [    1.138548] pci_bus 0000:00: root bus resource [mem 0x000a0000-0x000bffff window]
[STDOUT  ] 2017-08-03T14:56:47.775501269Z: [    1.139040] pci_bus 0000:00: root bus resource [mem 0xc0000000-0xfebfffff window]
[STDERR  ] 2017-08-03T14:56:47.775498314Z: [    6.523333] ata4: SATA max UDMA/133 abar m4096@0xfebd2000 port 0xfebd2280 irq 24
[STDERR  ] 2017-08-03T14:56:47.775506662Z: [    6.523809] ata5: SATA max UDMA/133 abar m4096@0xfebd2000 port 0xfebd2300 irq 24
[STDOUT  ] 2017-08-03T14:56:47.77550815Z: [    1.139693] pci_bus 0000:00: root bus resource [bus 00-ff]
[STDERR  ] 2017-08-03T14:56:47.775513319Z: [    6.524284] ata6: SATA max UDMA/133 abar m4096@0xfebd2000 port 0xfebd2380 irq 24
[STDOUT  ] 2017-08-03T14:56:47.775519019Z: [    1.254724] pci 0000:00:1f.0: quirk: [io  0x0600-0x067f] claimed by ICH6 ACPI/GPIO/TCO
[STDERR  ] 2017-08-03T14:56:47.775525589Z: [    6.538138] tun: Universal TUN/TAP device driver, 1.6
[STDOUT  ] 2017-08-03T14:56:47.775527416Z: [    1.319564] ACPI: PCI Interrupt Link [LNKA] (IRQs 5 *10 11)
[STDERR  ] 2017-08-03T14:56:47.775533429Z: [    6.538613] tun: (C) 1999-2004 Max Krasnyansky <maxk@qualcomm.com>
[STDOUT  ] 2017-08-03T14:56:47.775535646Z: [    1.322597] ACPI: PCI Interrupt Link [LNKB] (IRQs 5 *10 11)
[STDOUT  ] 2017-08-03T14:56:47.775543123Z: [    1.324653] ACPI: PCI Interrupt Link [LNKC] (IRQs 5 10 *11)
[STDERR  ] 2017-08-03T14:56:47.775540593Z: [    6.549671] VMware vmxnet3 virtual NIC driver - version 1.4.a.0-k-NAPI
[STDOUT  ] 2017-08-03T14:56:47.775550194Z: [    1.326596] ACPI: PCI Interrupt Link [LNKD] (IRQs 5 10 *11)
[STDERR  ] 2017-08-03T14:56:47.775548676Z: [    6.551330] hv_vmbus: registering driver hv_netvsc
[STDERR  ] 2017-08-03T14:56:47.775556299Z: [    6.551810] Fusion MPT base driver 3.04.20
[STDOUT  ] 2017-08-03T14:56:47.775557544Z: [    1.328509] ACPI: PCI Interrupt Link [LNKE] (IRQs 5 *10 11)
[STDERR  ] 2017-08-03T14:56:47.775563036Z: [    6.552140] Copyright (c) 1999-2008 LSI Corporation
[STDERR  ] 2017-08-03T14:56:47.775569507Z: [    6.552841] Fusion MPT SPI Host driver 3.04.20
[STDOUT  ] 2017-08-03T14:56:47.77556427Z: [    1.331657] ACPI: PCI Interrupt Link [LNKF] (IRQs 5 *10 11)
[STDOUT  ] 2017-08-03T14:56:47.775575819Z: [    1.333690] ACPI: PCI Interrupt Link [LNKG] (IRQs 5 10 *11)
[STDERR  ] 2017-08-03T14:56:47.775576009Z: [    6.555389] i8042: PNP: PS/2 Controller [PNP0303:KBD,PNP0f13:MOU] at 0x60,0x64 irq 1,12
[STDOUT  ] 2017-08-03T14:56:47.775582929Z: [    1.335600] ACPI: PCI Interrupt Link [LNKH] (IRQs 5 10 *11)
[STDERR  ] 2017-08-03T14:56:47.775585447Z: [    6.559495] serio: i8042 KBD port at 0x60,0x64 irq 1
[STDOUT  ] 2017-08-03T14:56:47.77559116Z: [    1.336695] ACPI: PCI Interrupt Link [GSIA] (IRQs *16)
[STDERR  ] 2017-08-03T14:56:47.775592083Z: [    6.560564] serio: i8042 AUX port at 0x60,0x64 irq 12
[STDOUT  ] 2017-08-03T14:56:47.775598477Z: [    1.337577] ACPI: PCI Interrupt Link [GSIB] (IRQs *17)
[STDERR  ] 2017-08-03T14:56:47.775600326Z: [    6.564042] hv_vmbus: registering driver hyperv_keyboard
[STDOUT  ] 2017-08-03T14:56:47.775605899Z: [    1.338388] ACPI: PCI Interrupt Link [GSIC] (IRQs *18)
[STDERR  ] 2017-08-03T14:56:47.775606859Z: [    6.566668] mousedev: PS/2 mouse device common for all mice
[STDOUT  ] 2017-08-03T14:56:47.77561273Z: [    1.339184] ACPI: PCI Interrupt Link [GSID] (IRQs *19)
[STDERR  ] 2017-08-03T14:56:47.775614519Z: [    6.571929] input: AT Translated Set 2 keyboard as /devices/platform/i8042/serio0/input/input1
[STDERR  ] 2017-08-03T14:56:47.775621226Z: [    6.575067] input: PC Speaker as /devices/platform/pcspkr/input/input2
[STDOUT  ] 2017-08-03T14:56:47.775620343Z: [    1.340175] ACPI: PCI Interrupt Link [GSIE] (IRQs *20)
[STDOUT  ] 2017-08-03T14:56:47.775627064Z: [    1.340996] ACPI: PCI Interrupt Link [GSIF] (IRQs *21)
[STDERR  ] 2017-08-03T14:56:47.775627602Z: [    6.579175] rtc_cmos 00:00: RTC can wake from S4
[STDOUT  ] 2017-08-03T14:56:47.775633959Z: [    1.341798] ACPI: PCI Interrupt Link [GSIG] (IRQs *22)
[STDERR  ] 2017-08-03T14:56:47.775635587Z: [    6.584538] rtc_cmos 00:00: rtc core: registered rtc_cmos as rtc0
[STDOUT  ] 2017-08-03T14:56:47.775641371Z: [    1.342545] ACPI: PCI Interrupt Link [GSIH] (IRQs *23)
[STDOUT  ] 2017-08-03T14:56:47.775649463Z: [    1.346557] ACPI: Enabled 2 GPEs in block 00 to 3F
[STDERR  ] 2017-08-03T14:56:47.775647737Z: [    6.585937] rtc_cmos 00:00: alarms up to one day, y3k, 114 bytes nvram, hpet irqs
[STDERR  ] 2017-08-03T14:56:47.775655121Z: [    6.586744] i2c /dev entries driver
[STDOUT  ] 2017-08-03T14:56:47.77565595Z: [    1.351157] SCSI subsystem initialized
[STDOUT  ] 2017-08-03T14:56:47.775664798Z: [    1.353083] ACPI: bus type USB registered
[STDERR  ] 2017-08-03T14:56:47.775661864Z: [    6.589482] device-mapper: ioctl: 4.35.0-ioctl (2016-06-23) initialised: dm-devel@redhat.com
[STDOUT  ] 2017-08-03T14:56:47.775673765Z: [    1.354246] usbcore: registered new interface driver usbfs
[STDERR  ] 2017-08-03T14:56:47.775675868Z: [    6.594414] usbcore: registered new interface driver usbhid
[STDERR  ] 2017-08-03T14:56:47.775683977Z: [    6.594653] usbhid: USB HID core driver
[STDOUT  ] 2017-08-03T14:56:47.775682053Z: [    1.355241] usbcore: registered new interface driver hub
[STDOUT  ] 2017-08-03T14:56:47.77568957Z: [    1.356164] usbcore: registered new device driver usb
[STDERR  ] 2017-08-03T14:56:47.77569059Z: [    6.595200] hv_utils: Registering HyperV Utility Driver
[STDERR  ] 2017-08-03T14:56:47.775699183Z: [    6.595393] hv_vmbus: registering driver hv_util
[STDOUT  ] 2017-08-03T14:56:47.775696488Z: [    1.357426] pps_core: LinuxPPS API ver. 1 registered
[STDOUT  ] 2017-08-03T14:56:47.775704538Z: [    1.357749] pps_core: Software ver. 5.3.6 - Copyright 2005-2007 Rodolfo Giometti <giometti@linux.it>
[STDERR  ] 2017-08-03T14:56:47.775706034Z: [    6.595612] hv_vmbus: registering driver hv_balloon
[STDOUT  ] 2017-08-03T14:56:47.775711623Z: [    1.358535] PTP clock support registered
[STDERR  ] 2017-08-03T14:56:47.775714315Z: [    6.596144] oprofile: using NMI interrupt.
[STDOUT  ] 2017-08-03T14:56:47.77571958Z: [    1.359843] wmi: Mapper loaded
[STDERR  ] 2017-08-03T14:56:47.775725375Z: [    6.597377] GACT probability on
[STDOUT  ] 2017-08-03T14:56:47.775726215Z: [    1.361004] PCI: Using ACPI for IRQ routing
[STDERR  ] 2017-08-03T14:56:47.77573232Z: [    6.597957] Mirror/redirect action on
[STDOUT  ] 2017-08-03T14:56:47.775734443Z: [    1.382582] NetLabel: Initializing
[STDERR  ] 2017-08-03T14:56:47.775739391Z: [    6.598809] Simple TC action Loaded
[STDOUT  ] 2017-08-03T14:56:47.77574173Z: [    1.382830] NetLabel:  domain hash size = 128
[STDOUT  ] 2017-08-03T14:56:47.77574895Z: [    1.383291] NetLabel:  protocols = UNLABELED CIPSOv4
[STDERR  ] 2017-08-03T14:56:47.775747153Z: [    6.599382] u32 classifier
[STDERR  ] 2017-08-03T14:56:47.775754597Z: [    6.599593]     Performance counters on
[STDOUT  ] 2017-08-03T14:56:47.775755715Z: [    1.386149] NetLabel:  unlabeled traffic allowed by default
[STDERR  ] 2017-08-03T14:56:47.775760858Z: [    6.599862]     input device check on
[STDOUT  ] 2017-08-03T14:56:47.775767718Z: [    1.387493] HPET: 3 timers in total, 0 timers will be used for per-cpu timer
[STDERR  ] 2017-08-03T14:56:47.775769605Z: [    6.600477]     Actions configured
[STDERR  ] 2017-08-03T14:56:47.775777578Z: [    6.601467] Netfilter messages via NETLINK v0.30.
[STDOUT  ] 2017-08-03T14:56:47.775775703Z: [    1.388418] hpet0: at MMIO 0xfed00000, IRQs 2, 8, 0
[STDERR  ] 2017-08-03T14:56:47.775783144Z: [    6.602132] nfnl_acct: registering with nfnetlink.
[STDOUT  ] 2017-08-03T14:56:47.775787011Z: [    1.388975] hpet0: 3 comparators, 64-bit 100.000000 MHz counter
[STDOUT  ] 2017-08-03T14:56:47.7757945Z: [    1.396756] clocksource: Switched to clocksource hpet
[STDERR  ] 2017-08-03T14:56:47.775792084Z: [    6.603523] nf_conntrack version 0.5.0 (8192 buckets, 32768 max)
[STDOUT  ] 2017-08-03T14:56:47.775801776Z: [    1.661058] VFS: Disk quotas dquot_6.6.0
[STDERR  ] 2017-08-03T14:56:47.775803551Z: [    6.606764] ctnetlink v0.93: registering with nfnetlink.
[STDOUT  ] 2017-08-03T14:56:47.775808326Z: [    1.661965] VFS: Dquot-cache hash table entries: 512 (order 0, 4096 bytes)
[STDERR  ] 2017-08-03T14:56:47.775810765Z: [    6.610654] nf_tables: (c) 2007-2009 Patrick McHardy <kaber@trash.net>
[STDOUT  ] 2017-08-03T14:56:47.775819631Z: [    1.665998] FS-Cache: Loaded
[STDERR  ] 2017-08-03T14:56:47.775821406Z: [    6.611608] nf_tables_compat: (c) 2012 Pablo Neira Ayuso <pablo@netfilter.org>
[STDERR  ] 2017-08-03T14:56:47.775829012Z: [    6.614114] xt_time: kernel timezone is -0000
[STDOUT  ] 2017-08-03T14:56:47.775827312Z: [    1.671300] CacheFiles: Loaded
[STDOUT  ] 2017-08-03T14:56:47.775834612Z: [    1.673139] pnp: PnP ACPI init
[STDERR  ] 2017-08-03T14:56:47.775835534Z: [    6.614786] ip_set: protocol 6
[STDOUT  ] 2017-08-03T14:56:47.775841628Z: [    1.686667] pnp: PnP ACPI: found 5 devices
[STDERR  ] 2017-08-03T14:56:47.775847406Z: [    6.615487] IPVS: Registered protocols (TCP, UDP, SCTP, AH, ESP)
[STDOUT  ] 2017-08-03T14:56:47.775852975Z: [    1.740655] clocksource: acpi_pm: mask: 0xffffff max_cycles: 0xffffff, max_idle_ns: 2085701024 ns
[STDERR  ] 2017-08-03T14:56:47.775854522Z: [    6.616152] IPVS: Connection hash table configured (size=4096, memory=64Kbytes)
[STDERR  ] 2017-08-03T14:56:47.775862792Z: [    6.617991] IPVS: Creating netns size=2104 id=0
[STDOUT  ] 2017-08-03T14:56:47.775860182Z: [    1.745230] NET: Registered protocol family 2
[STDERR  ] 2017-08-03T14:56:47.775872456Z: [    6.621214] IPVS: ipvs loaded.
[STDOUT  ] 2017-08-03T14:56:47.775874181Z: [    1.754661] TCP established hash table entries: 8192 (order: 4, 65536 bytes)
[STDERR  ] 2017-08-03T14:56:47.775883671Z: [    6.621593] IPVS: [rr] scheduler registered.
[STDOUT  ] 2017-08-03T14:56:47.775885412Z: [    1.755523] TCP bind hash table entries: 8192 (order: 5, 131072 bytes)
[STDERR  ] 2017-08-03T14:56:47.775894285Z: [    6.621901] IPVS: [wrr] scheduler registered.
[STDOUT  ] 2017-08-03T14:56:47.775896066Z: [    1.756332] TCP: Hash tables configured (established 8192 bind 8192)
[STDERR  ] 2017-08-03T14:56:47.775901824Z: [    6.622217] IPVS: [lc] scheduler registered.
[STDOUT  ] 2017-08-03T14:56:47.775902532Z: [    1.758235] UDP hash table entries: 512 (order: 2, 16384 bytes)
[STDOUT  ] 2017-08-03T14:56:47.775910576Z: [    1.758848] UDP-Lite hash table entries: 512 (order: 2, 16384 bytes)
[STDERR  ] 2017-08-03T14:56:47.775908628Z: [    6.622540] IPVS: [wlc] scheduler registered.
[STDOUT  ] 2017-08-03T14:56:47.775917165Z: [    1.761651] NET: Registered protocol family 1
[STDERR  ] 2017-08-03T14:56:47.775915858Z: [    6.622851] IPVS: [fo] scheduler registered.
[STDERR  ] 2017-08-03T14:56:47.775922864Z: [    6.623162] IPVS: [ovf] scheduler registered.
[STDOUT  ] 2017-08-03T14:56:47.775924274Z: [    1.762654] pci 0000:00:01.0: Video device with shadowed ROM at [mem 0x000c0000-0x000dffff]
[STDERR  ] 2017-08-03T14:56:47.775929592Z: [    6.623658] IPVS: [lblc] scheduler registered.
[STDOUT  ] 2017-08-03T14:56:47.775932409Z: [    1.772061] Unpacking initramfs...
[STDERR  ] 2017-08-03T14:56:47.775936702Z: [    6.624112] IPVS: [lblcr] scheduler registered.
[STDOUT  ] 2017-08-03T14:56:47.775939846Z: [    6.158765] Freeing initrd memory: 25804K (ffff99603e69d000 - ffff99603ffd0000)
[STDERR  ] 2017-08-03T14:56:47.775944922Z: [    6.624441] IPVS: [dh] scheduler registered.
[STDOUT  ] 2017-08-03T14:56:47.775946509Z: [    6.186242] PCLMULQDQ-NI instructions are not detected.
[STDOUT  ] 2017-08-03T14:56:47.775954594Z: [    6.187819] AVX or AES-NI instructions are not detected.
[STDERR  ] 2017-08-03T14:56:47.775951779Z: [    6.624769] IPVS: [sh] scheduler registered.
[STDERR  ] 2017-08-03T14:56:47.775959714Z: [    6.625054] IPVS: [sed] scheduler registered.
[STDOUT  ] 2017-08-03T14:56:47.775961355Z: [    6.188325] CPU feature 'AVX registers' is not supported.
[STDOUT  ] 2017-08-03T14:56:47.775969189Z: [    6.188798] CPU feature 'AVX registers' is not supported.
[STDERR  ] 2017-08-03T14:56:47.775966616Z: [    6.625321] IPVS: [nq] scheduler registered.
[STDERR  ] 2017-08-03T14:56:47.775974463Z: [    6.626047] IPVS: ftp: loaded support on port[0] = 21
[STDOUT  ] 2017-08-03T14:56:47.775976056Z: [    6.189211] CPU feature 'AVX registers' is not supported.
[STDERR  ] 2017-08-03T14:56:47.775981276Z: [    6.626919] ipip: IPv4 and MPLS over IPv4 tunneling driver
[STDOUT  ] 2017-08-03T14:56:47.775988723Z: [    6.189642] CPU feature 'AVX registers' is not supported.
[STDERR  ] 2017-08-03T14:56:47.775990039Z: [    6.631831] gre: GRE over IPv4 demultiplexor driver
[STDOUT  ] 2017-08-03T14:56:47.775996337Z: [    6.191242] AVX2 or AES-NI instructions are not detected.
[STDERR  ] 2017-08-03T14:56:47.775998237Z: [    6.634594] ip_tables: (C) 2000-2006 Netfilter Core Team
[STDOUT  ] 2017-08-03T14:56:47.776003633Z: [    6.191648] AVX2 instructions are not detected.
[STDERR  ] 2017-08-03T14:56:47.776005487Z: [    6.637886] ipt_CLUSTERIP: ClusterIP Version 0.8 loaded successfully
[STDOUT  ] 2017-08-03T14:56:47.776014353Z: [    6.197359] audit: initializing netlink subsys (disabled)
[STDERR  ] 2017-08-03T14:56:47.776016043Z: [    6.638746] arp_tables: arp_tables: (C) 2002 David S. Miller
[STDOUT  ] 2017-08-03T14:56:47.77602322Z: [    6.199067] audit: type=2000 audit(1501772172.190:1): initialized
[STDERR  ] 2017-08-03T14:56:47.776023786Z: [    6.641657] NET: Registered protocol family 10
[STDOUT  ] 2017-08-03T14:56:47.776030709Z: [    6.207446] workingset: timestamp_bits=46 max_order=18 bucket_order=0
[STDERR  ] 2017-08-03T14:56:47.776035326Z: [    6.651503] ip6_tables: (C) 2000-2006 Netfilter Core Team
[STDERR  ] 2017-08-03T14:56:47.776043709Z: [    6.661291] NET: Registered protocol family 17
[STDERR  ] 2017-08-03T14:56:47.776049127Z: [    6.662438] Bridge firewalling registered
[STDERR  ] 2017-08-03T14:56:47.776054526Z: [    6.663061] Ebtables v2.0 registered
[STDERR  ] 2017-08-03T14:56:47.77606156Z: [    6.665039] 8021q: 802.1Q VLAN Support v1.8
[STDERR  ] 2017-08-03T14:56:47.776067105Z: [    6.666528] 9pnet: Installing 9P2000 support
[STDERR  ] 2017-08-03T14:56:47.776072415Z: [    6.667964] Key type dns_resolver registered
[STDOUT  ] 2017-08-03T14:56:47.776075737Z: [    6.214701] FS-Cache: Netfs 'cifs' registered for caching
[STDERR  ] 2017-08-03T14:56:47.776082102Z: [    6.669121] microcode: AMD CPU family 0x6 not supported
[STDOUT  ] 2017-08-03T14:56:47.776084867Z: [    6.215730] fuse init (API version 7.26)
[STDERR  ] 2017-08-03T14:56:47.776090686Z: [    6.673561] registered taskstats version 1
[STDOUT  ] 2017-08-03T14:56:47.776096746Z: [    6.218209] SGI XFS with ACLs, security attributes, no debug enabled
[STDERR  ] 2017-08-03T14:56:47.776098807Z: [    6.853678] ata2: SATA link down (SStatus 0 SControl 300)
[STDOUT  ] 2017-08-03T14:56:47.776103953Z: [    6.222482] 9p: Installing v9fs 9p2000 file system support
[STDERR  ] 2017-08-03T14:56:47.776106239Z: [    6.857002] ata1: SATA link up 1.5 Gbps (SStatus 113 SControl 300)
[STDOUT  ] 2017-08-03T14:56:47.776115849Z: [    6.223011] FS-Cache: Netfs '9p' registered for caching
[STDERR  ] 2017-08-03T14:56:47.776113955Z: [    6.860606] ata5: SATA link down (SStatus 0 SControl 300)
[STDERR  ] 2017-08-03T14:56:47.77612181Z: [    6.861290] ata3: SATA link up 1.5 Gbps (SStatus 113 SControl 300)
[STDOUT  ] 2017-08-03T14:56:47.776123407Z: [    6.260947] NET: Registered protocol family 38
[STDERR  ] 2017-08-03T14:56:47.776128538Z: [    6.863032] ata3.00: ATAPI: QEMU DVD-ROM, 2.5+, max UDMA/100
[STDOUT  ] 2017-08-03T14:56:47.776131154Z: [    6.261619] Key type asymmetric registered
[STDERR  ] 2017-08-03T14:56:47.776135567Z: [    6.863507] ata3.00: applying bridge limits
[STDOUT  ] 2017-08-03T14:56:47.776138546Z: [    6.262029] Asymmetric key parser 'x509' registered
[STDERR  ] 2017-08-03T14:56:47.776142794Z: [    6.865323] ata3.00: configured for UDMA/100
[STDOUT  ] 2017-08-03T14:56:47.776146213Z: [    6.263110] Block layer SCSI generic (bsg) driver version 0.4 loaded (major 251)
[STDERR  ] 2017-08-03T14:56:47.77615059Z: [    6.867078] ata4: SATA link down (SStatus 0 SControl 300)
[STDOUT  ] 2017-08-03T14:56:47.776154328Z: [    6.264847] io scheduler noop registered
[STDERR  ] 2017-08-03T14:56:47.776157923Z: [    6.868369] ata1.00: ATA-7: QEMU HARDDISK, 2.5+, max UDMA/100
[STDOUT  ] 2017-08-03T14:56:47.776163268Z: [    6.265179] io scheduler deadline registered (default)
[STDERR  ] 2017-08-03T14:56:47.776164391Z: [    6.868879] ata1.00: 1048576 sectors, multi 16: LBA48 NCQ (depth 31/32)
[STDOUT  ] 2017-08-03T14:56:47.776175766Z: [    6.265885] io scheduler cfq registered
[STDERR  ] 2017-08-03T14:56:47.776177517Z: [    6.869405] ata1.00: applying bridge limits
[STDERR  ] 2017-08-03T14:56:47.776184804Z: [    6.870526] ata1.00: configured for UDMA/100
[STDOUT  ] 2017-08-03T14:56:47.776182243Z: [    6.268581] pci_hotplug: PCI Hot Plug PCI Core version: 0.5
[STDERR  ] 2017-08-03T14:56:47.776190421Z: [    6.880531] ata6: SATA link down (SStatus 0 SControl 300)
[STDOUT  ] 2017-08-03T14:56:47.77619378Z: [    6.269307] pciehp: PCI Express Hot Plug Controller Driver version: 0.4
[STDERR  ] 2017-08-03T14:56:47.776201978Z: [    6.885563] scsi 0:0:0:0: Direct-Access     ATA      QEMU HARDDISK    2.5+ PQ: 0 ANSI: 5
[STDOUT  ] 2017-08-03T14:56:47.776205211Z: [    6.271430] shpchp: Standard Hot Plug PCI Controller Driver version: 0.4
[STDOUT  ] 2017-08-03T14:56:47.776213037Z: [    6.272423] hv_vmbus: registering driver hyperv_fb
[STDOUT  ] 2017-08-03T14:56:47.776218646Z: [    6.277240] input: Power Button as /devices/LNXSYSTM:00/LNXPWRBN:00/input/input0
[STDERR  ] 2017-08-03T14:56:47.776211158Z: [    6.893646] sd 0:0:0:0: [sda] 1048576 512-byte logical blocks: (537 MB/512 MiB)
[STDERR  ] 2017-08-03T14:56:47.776224068Z: [    6.898244] sd 0:0:0:0: Attached scsi generic sg0 type 0
[STDOUT  ] 2017-08-03T14:56:47.776225438Z: [    6.278600] ACPI: Power Button [PWRF]
[STDERR  ] 2017-08-03T14:56:47.776231973Z: [    6.899960] sd 0:0:0:0: [sda] Write Protect is off
[STDOUT  ] 2017-08-03T14:56:47.776233324Z: [    6.283919] GHES: HEST is not enabled!
[STDERR  ] 2017-08-03T14:56:47.77624278Z: [    6.903182] sd 0:0:0:0: [sda] Write cache: enabled, read cache: enabled, doesn't support DPO or FUA
[STDOUT  ] 2017-08-03T14:56:47.776244846Z: [    6.296075] ACPI: PCI Interrupt Link [GSIG] enabled at IRQ 22
[STDERR  ] 2017-08-03T14:56:47.776249638Z: [    6.905714] scsi 2:0:0:0: CD-ROM            QEMU     QEMU DVD-ROM     2.5+ PQ: 0 ANSI: 5
[STDOUT  ] 2017-08-03T14:56:47.776252243Z: [    6.308863] ACPI: PCI Interrupt Link [GSIH] enabled at IRQ 23
[STDERR  ] 2017-08-03T14:56:47.776257193Z: [    6.926009] sr 2:0:0:0: [sr0] scsi3-mmc drive: 4x/4x cd/rw xa/form2 tray
[STDOUT  ] 2017-08-03T14:56:47.776259583Z: [    6.315124] xenfs: not registering filesystem on non-xen platform
[STDERR  ] 2017-08-03T14:56:47.77626502Z: [    6.926852] cdrom: Uniform CD-ROM driver Revision: 3.20
[STDOUT  ] 2017-08-03T14:56:47.776266188Z: [    6.317432] Serial: 8250/16550 driver, 4 ports, IRQ sharing disabled
[STDERR  ] 2017-08-03T14:56:47.776271917Z: [    6.938910] sr 2:0:0:0: Attached scsi generic sg1 type 5
[STDOUT  ] 2017-08-03T14:56:47.776273774Z: [    6.341181] 00:04: ttyS0 at I/O 0x3f8 (irq = 4, base_baud = 115200) is a 16550A
[STDOUT  ] 2017-08-03T14:56:47.7762809Z: [    6.353532] Non-volatile memory driver v1.3
[STDERR  ] 2017-08-03T14:56:47.776279087Z: [    6.943780] sd 0:0:0:0: [sda] Attached SCSI disk
[STDERR  ] 2017-08-03T14:56:47.776286417Z: [    6.997703] Key type big_key registered
[STDOUT  ] 2017-08-03T14:56:47.776287457Z: [    6.359717] Hangcheck: starting hangcheck timer 0.9.1 (tick is 180 seconds, margin is 60 seconds).
[STDERR  ] 2017-08-03T14:56:47.776293469Z: [    7.052498] Key type encrypted registered
[STDOUT  ] 2017-08-03T14:56:47.776296248Z: [    6.399554] loop: module loaded
[STDOUT  ] 2017-08-03T14:56:47.776303555Z: [    6.415972] nbd: registered device at major 43
[STDERR  ] 2017-08-03T14:56:47.776301368Z: [    7.058717] rtc_cmos 00:00: setting system clock to 2017-08-03 14:56:14 UTC (1501772174)
[STDERR  ] 2017-08-03T14:56:47.776308834Z: [    7.210395] Freeing unused kernel memory: 1380K (ffffffff84d57000 - ffffffff84eb0000)
[STDOUT  ] 2017-08-03T14:56:47.776309857Z: [    6.461176] lpc_ich 0000:00:1f.0: I/O space for GPIO uninitialized
[STDERR  ] 2017-08-03T14:56:47.776315522Z: [    7.211084] Write protecting the kernel read-only data: 12288k
[STDOUT  ] 2017-08-03T14:56:47.776317987Z: [    6.463641] VMware PVSCSI driver - version 1.0.7.0-k
[STDERR  ] 2017-08-03T14:56:47.776326244Z: [    7.214078] tsc: Refined TSC clocksource calibration: 2599.988 MHz
[STDOUT  ] 2017-08-03T14:56:47.776328124Z: [    6.464633] hv_vmbus: registering driver hv_storvsc
[STDERR  ] 2017-08-03T14:56:47.776333748Z: [    7.214691] clocksource: tsc: mask: 0xffffffffffffffff max_cycles: 0x257a30e14db, max_idle_ns: 440795278188 ns
[STDERR  ] 2017-08-03T14:56:47.776340385Z: [    7.221198] Freeing unused kernel memory: 152K (ffff9960327da000 - ffff996032800000)
[STDERR  ] 2017-08-03T14:56:47.776345778Z: [    7.352219] Freeing unused kernel memory: 1400K (ffff996032aa2000 - ffff996032c00000)
[STDOUT  ] 2017-08-03T14:56:47.776355464Z: [    6.475354] ACPI: PCI Interrupt Link [GSIA] enabled at IRQ 16
[STDERR  ] 2017-08-03T14:56:47.776360161Z: [    8.231010] clocksource: Switched to clocksource tsc
[STDOUT  ] 2017-08-03T14:56:47.776366847Z: [    6.482176] ahci 0000:00:1f.2: AHCI 0001.0000 32 slots 6 ports 1.5 Gbps 0x3f impl SATA mode
[STDERR  ] 2017-08-03T14:56:47.776367589Z: 
[STDERR  ] 2017-08-03T14:56:47.776376041Z: Welcome to LinuxKit
[STDOUT  ] 2017-08-03T14:56:47.776374017Z: [    6.482960] ahci 0000:00:1f.2: flags: 64bit ncq only 
[STDERR  ] 2017-08-03T14:56:47.776382867Z: 
[STDOUT  ] 2017-08-03T14:56:47.776381464Z: [    6.504083] scsi host0: ahci
[STDOUT  ] 2017-08-03T14:56:47.776389107Z: [    6.509525] scsi host1: ahci
[STDERR  ] 2017-08-03T14:56:47.776390037Z:                         ##         .
[STDOUT  ] 2017-08-03T14:56:47.776395734Z: [    6.512284] scsi host2: ahci
[STDERR  ] 2017-08-03T14:56:47.776398532Z:                   ## ## ##        ==
[STDOUT  ] 2017-08-03T14:56:47.776402887Z: [    6.514728] scsi host3: ahci
[STDERR  ] 2017-08-03T14:56:47.776405845Z:                ## ## ## ## ##    ===
[STDOUT  ] 2017-08-03T14:56:47.776409957Z: [    6.517156] scsi host4: ahci
[STDERR  ] 2017-08-03T14:56:47.776412978Z:            /"""""""""""""""""\___/ ===
[STDOUT  ] 2017-08-03T14:56:47.776417045Z: [    6.519522] scsi host5: ahci
[STDERR  ] 2017-08-03T14:56:47.776420018Z:           {                       /  ===-
[STDERR  ] 2017-08-03T14:56:47.776427332Z:            \______ O           __/
[STDOUT  ] 2017-08-03T14:56:47.776424094Z: [    6.521755] ata1: SATA max UDMA/133 abar m4096@0xfebd2000 port 0xfebd2100 irq 24
[STDOUT  ] 2017-08-03T14:56:47.776432561Z: [    6.522340] ata2: SATA max UDMA/133 abar m4096@0xfebd2000 port 0xfebd2180 irq 24
[STDERR  ] 2017-08-03T14:56:47.776433854Z:              \    \         __/
[STDOUT  ] 2017-08-03T14:56:47.776438831Z: [    6.522868] ata3: SATA max UDMA/133 abar m4096@0xfebd2000 port 0xfebd2200 irq 24
[STDOUT  ] 2017-08-03T14:56:47.776445392Z: [    6.523333] ata4: SATA max UDMA/133 abar m4096@0xfebd2000 port 0xfebd2280 irq 24
[STDERR  ] 2017-08-03T14:56:47.776446208Z:               \____\_______/
[STDOUT  ] 2017-08-03T14:56:47.776452093Z: [    6.523809] ata5: SATA max UDMA/133 abar m4096@0xfebd2000 port 0xfebd2300 irq 24
[STDERR  ] 2017-08-03T14:56:47.776454818Z: 
[STDOUT  ] 2017-08-03T14:56:47.776460173Z: [    6.524284] ata6: SATA max UDMA/133 abar m4096@0xfebd2000 port 0xfebd2380 irq 24
[STDERR  ] 2017-08-03T14:56:47.776461989Z: [   17.831243] IPVS: Creating netns size=2104 id=1
[STDOUT  ] 2017-08-03T14:56:47.776467129Z: [    6.538138] tun: Universal TUN/TAP device driver, 1.6
[STDOUT  ] 2017-08-03T14:56:47.776474289Z: [    6.538613] tun: (C) 1999-2004 Max Krasnyansky <maxk@qualcomm.com>
[STDERR  ] 2017-08-03T14:56:47.776469333Z: [   17.831796] IPVS: ftp: loaded support on port[0] = 21
[STDOUT  ] 2017-08-03T14:56:47.77648028Z: [    6.549671] VMware vmxnet3 virtual NIC driver - version 1.4.a.0-k-NAPI
[STDERR  ] 2017-08-03T14:56:47.776483298Z: 2017/08/03 14:56:25 Creating partition on /dev/sda
[STDERR  ] 2017-08-03T14:56:47.77649058Z: [   18.930377] random: fdisk: uninitialized urandom read (4 bytes read)
[STDOUT  ] 2017-08-03T14:56:47.776487339Z: [    6.551330] hv_vmbus: registering driver hv_netvsc
[STDOUT  ] 2017-08-03T14:56:47.776496425Z: [    6.551810] Fusion MPT base driver 3.04.20
[STDOUT  ] 2017-08-03T14:56:47.776501988Z: [    6.552140] Copyright (c) 1999-2008 LSI Corporation
[STDERR  ] 2017-08-03T14:56:47.776509725Z: [   18.969328]  sda:
[STDOUT  ] 2017-08-03T14:56:47.776514089Z: [    6.552841] Fusion MPT SPI Host driver 3.04.20
[STDERR  ] 2017-08-03T14:56:47.776521526Z: [   19.041120]  sda:
[STDOUT  ] 2017-08-03T14:56:47.776523092Z: [    6.555389] i8042: PNP: PS/2 Controller [PNP0303:KBD,PNP0f13:MOU] at 0x60,0x64 irq 1,12
[STDERR  ] 2017-08-03T14:56:47.776532092Z: [   19.047940] random: sfdisk: uninitialized urandom read (4 bytes read)
[STDOUT  ] 2017-08-03T14:56:47.776533778Z: [    6.559495] serio: i8042 KBD port at 0x60,0x64 irq 1
[STDOUT  ] 2017-08-03T14:56:47.776544449Z: [    6.560564] serio: i8042 AUX port at 0x60,0x64 irq 12
[STDERR  ] 2017-08-03T14:56:47.77654265Z: [   19.072709]  sda: sda1
[STDOUT  ] 2017-08-03T14:56:47.776551109Z: [    6.564042] hv_vmbus: registering driver hyperv_keyboard
[STDERR  ] 2017-08-03T14:56:47.776559929Z: [   19.135140]  sda: sda1
[STDOUT  ] 2017-08-03T14:56:47.776561713Z: [    6.566668] mousedev: PS/2 mouse device common for all mice
[STDOUT  ] 2017-08-03T14:56:47.776568265Z: [    6.571929] input: AT Translated Set 2 keyboard as /devices/platform/i8042/serio0/input/input1
[STDERR  ] 2017-08-03T14:56:47.77657085Z: [   20.733600] random: mkfs.ext4: uninitialized urandom read (16 bytes read)
[STDOUT  ] 2017-08-03T14:56:47.776575395Z: [    6.575067] input: PC Speaker as /devices/platform/pcspkr/input/input2
[STDOUT  ] 2017-08-03T14:56:47.776582122Z: [    6.579175] rtc_cmos 00:00: RTC can wake from S4
[STDOUT  ] 2017-08-03T14:56:47.776588693Z: [    6.584538] rtc_cmos 00:00: rtc core: registered rtc_cmos as rtc0
[STDERR  ] 2017-08-03T14:56:47.77658344Z: [   20.735617] random: mkfs.ext4: uninitialized urandom read (16 bytes read)
[STDOUT  ] 2017-08-03T14:56:47.776596579Z: [    6.585937] rtc_cmos 00:00: alarms up to one day, y3k, 114 bytes nvram, hpet irqs
[STDERR  ] 2017-08-03T14:56:47.776599435Z: 2017/08/03 14:56:28 Partition /dev/sda1 successfully created!
[STDOUT  ] 2017-08-03T14:56:47.776605616Z: [    6.586744] i2c /dev entries driver
[STDERR  ] 2017-08-03T14:56:47.776607053Z: [   25.440862] IPVS: Creating netns size=2104 id=2
[STDOUT  ] 2017-08-03T14:56:47.776612124Z: [    6.589482] device-mapper: ioctl: 4.35.0-ioctl (2016-06-23) initialised: dm-devel@redhat.com
[STDERR  ] 2017-08-03T14:56:47.776620424Z: [   25.441316] IPVS: ftp: loaded support on port[0] = 21
[STDERR  ] 2017-08-03T14:56:47.776627524Z: [   26.366038] EXT4-fs (sda1): couldn't mount as ext3 due to feature incompatibilities
[STDOUT  ] 2017-08-03T14:56:47.776625396Z: [    6.594414] usbcore: registered new interface driver usbhid
[STDERR  ] 2017-08-03T14:56:47.776634137Z: [   26.385901] EXT4-fs (sda1): couldn't mount as ext2 due to feature incompatibilities
[STDOUT  ] 2017-08-03T14:56:47.776636631Z: [    6.594653] usbhid: USB HID core driver
[STDERR  ] 2017-08-03T14:56:47.776640774Z: [   26.415368] EXT4-fs (sda1): mounted filesystem with ordered data mode. Opts: (null)
[STDOUT  ] 2017-08-03T14:56:47.776648213Z: [    6.595200] hv_utils: Registering HyperV Utility Driver
[STDERR  ] 2017-08-03T14:56:47.776654494Z: format_mount test suite PASSED
[STDOUT  ] 2017-08-03T14:56:47.776656233Z: [    6.595393] hv_vmbus: registering driver hv_util
[STDERR  ] 2017-08-03T14:56:47.776665491Z: [   34.912686] random: crng init done
[STDOUT  ] 2017-08-03T14:56:47.776667097Z: [    6.595612] hv_vmbus: registering driver hv_balloon
[STDOUT  ] 2017-08-03T14:56:47.776681663Z: [    6.596144] oprofile: using NMI interrupt.
[STDERR  ] 2017-08-03T14:56:47.776677509Z: [   40.139939] sd 0:0:0:0: [sda] Synchronizing SCSI cache
[STDOUT  ] 2017-08-03T14:56:47.77668843Z: [    6.597377] GACT probability on
[STDERR  ] 2017-08-03T14:56:47.776687814Z: [   40.143467] sd 0:0:0:0: [sda] Stopping disk
[STDOUT  ] 2017-08-03T14:56:47.776697134Z: [    6.597957] Mirror/redirect action on
[STDERR  ] 2017-08-03T14:56:47.776701797Z: [   40.146401] ACPI: Preparing to enter system sleep state S5
[STDERR  ] 2017-08-03T14:56:47.776712209Z: [   40.147462] reboot: Power down
[STDOUT  ] 2017-08-03T14:56:47.77670349Z: [    6.598809] Simple TC action Loaded
[STDOUT  ] 2017-08-03T14:56:47.776719587Z: [    6.599382] u32 classifier
[STDERR  ] 2017-08-03T14:56:47.776722717Z: + echo [    0.000000] Linux version 4.9.38-linuxkit (root@e1ede117fb1e) (gcc version 6.3.0 (Alpine 6.3.0) ) #1 SMP Thu Jul 20 16:07:02 UTC 2017
[STDERR  ] 2017-08-03T14:56:47.776731374Z: [    0.000000] Command line: console=ttyS0 page_poison=1
[STDOUT  ] 2017-08-03T14:56:47.776728519Z: [    6.599593]     Performance counters on
[STDOUT  ] 2017-08-03T14:56:47.776736926Z: [    6.599862]     input device check on
[STDERR  ] 2017-08-03T14:56:47.776738149Z: [    0.000000] x86/fpu: Legacy x87 FPU detected.
[STDOUT  ] 2017-08-03T14:56:47.776747149Z: [    6.600477]     Actions configured
[STDERR  ] 2017-08-03T14:56:47.776749077Z: [    0.000000] x86/fpu: Using 'eager' FPU context switches.
[STDERR  ] 2017-08-03T14:56:47.776756304Z: [    0.000000] e820: BIOS-provided physical RAM map:
[STDOUT  ] 2017-08-03T14:56:47.776754309Z: [    6.601467] Netfilter messages via NETLINK v0.30.
[STDOUT  ] 2017-08-03T14:56:47.776761999Z: [    6.602132] nfnl_acct: registering with nfnetlink.
[STDERR  ] 2017-08-03T14:56:47.77676316Z: [    0.000000] BIOS-e820: [mem 0x0000000000000000-0x000000000009fbff] usable
[STDOUT  ] 2017-08-03T14:56:47.776769408Z: [    6.603523] nf_conntrack version 0.5.0 (8192 buckets, 32768 max)
[STDERR  ] 2017-08-03T14:56:47.776771297Z: [    0.000000] BIOS-e820: [mem 0x000000000009fc00-0x000000000009ffff] reserved
[STDERR  ] 2017-08-03T14:56:47.77677824Z: [    0.000000] BIOS-e820: [mem 0x00000000000f0000-0x00000000000fffff] reserved
[STDOUT  ] 2017-08-03T14:56:47.776780745Z: [    6.606764] ctnetlink v0.93: registering with nfnetlink.
[STDERR  ] 2017-08-03T14:56:47.7767851Z: [    0.000000] BIOS-e820: [mem 0x0000000000100000-0x000000003ffdefff] usable
[STDOUT  ] 2017-08-03T14:56:47.776789265Z: [    6.610654] nf_tables: (c) 2007-2009 Patrick McHardy <kaber@trash.net>
[STDERR  ] 2017-08-03T14:56:47.776792568Z: [    0.000000] BIOS-e820: [mem 0x000000003ffdf000-0x000000003fffffff] reserved
[STDERR  ] 2017-08-03T14:56:47.776799345Z: [    0.000000] BIOS-e820: [mem 0x00000000b0000000-0x00000000bfffffff] reserved
[STDOUT  ] 2017-08-03T14:56:47.776802611Z: [    6.611608] nf_tables_compat: (c) 2012 Pablo Neira Ayuso <pablo@netfilter.org>
[STDERR  ] 2017-08-03T14:56:47.77680718Z: [    0.000000] BIOS-e820: [mem 0x00000000fed1c000-0x00000000fed1ffff] reserved
[STDOUT  ] 2017-08-03T14:56:47.776810345Z: [    6.614114] xt_time: kernel timezone is -0000
[STDERR  ] 2017-08-03T14:56:47.776815514Z: [    0.000000] BIOS-e820: [mem 0x00000000fffc0000-0x00000000ffffffff] reserved
[STDOUT  ] 2017-08-03T14:56:47.776817055Z: [    6.614786] ip_set: protocol 6
[STDERR  ] 2017-08-03T14:56:47.776822117Z: [    0.000000] NX (Execute Disable) protection: active
[STDOUT  ] 2017-08-03T14:56:47.776824518Z: [    6.615487] IPVS: Registered protocols (TCP, UDP, SCTP, AH, ESP)
[STDERR  ] 2017-08-03T14:56:47.776831012Z: [    0.000000] SMBIOS 2.8 present.
[STDOUT  ] 2017-08-03T14:56:47.776831201Z: [    6.616152] IPVS: Connection hash table configured (size=4096, memory=64Kbytes)
[STDOUT  ] 2017-08-03T14:56:47.776840434Z: [    6.617991] IPVS: Creating netns size=2104 id=0
[STDERR  ] 2017-08-03T14:56:47.776838242Z: [    0.000000] e820: last_pfn = 0x3ffdf max_arch_pfn = 0x400000000
[STDERR  ] 2017-08-03T14:56:47.776845788Z: [    0.000000] x86/PAT: Configuration [0-7]: WB  WC  UC- UC  WB  WC  UC- WT  
[STDOUT  ] 2017-08-03T14:56:47.77684737Z: [    6.621214] IPVS: ipvs loaded.
[STDERR  ] 2017-08-03T14:56:47.776852432Z: [    0.000000] found SMP MP-table at [mem 0x000f6aa0-0x000f6aaf] mapped at [ffff9960000f6aa0]
[STDOUT  ] 2017-08-03T14:56:47.776855032Z: [    6.621593] IPVS: [rr] scheduler registered.
[STDOUT  ] 2017-08-03T14:56:47.776862182Z: [    6.621901] IPVS: [wrr] scheduler registered.
[STDERR  ] 2017-08-03T14:56:47.77685956Z: [    0.000000] RAMDISK: [mem 0x3e69d000-0x3ffcffff]
[STDOUT  ] 2017-08-03T14:56:47.776868921Z: [    6.622217] IPVS: [lc] scheduler registered.
[STDERR  ] 2017-08-03T14:56:47.776867525Z: [    0.000000] ACPI: Early table checksum verification disabled
[STDERR  ] 2017-08-03T14:56:47.776880227Z: [    0.000000] ACPI: RSDP 0x00000000000F68C0 000014 (v00 BOCHS )
[STDOUT  ] 2017-08-03T14:56:47.776880511Z: [    6.622540] IPVS: [wlc] scheduler registered.
[STDERR  ] 2017-08-03T14:56:47.776887117Z: [    0.000000] ACPI: RSDT 0x000000003FFE2404 000034 (v01 BOCHS  BXPCRSDT 00000001 BXPC 00000001)
[STDOUT  ] 2017-08-03T14:56:47.776889665Z: [    6.622851] IPVS: [fo] scheduler registered.
[STDERR  ] 2017-08-03T14:56:47.77689441Z: [    0.000000] ACPI: FACP 0x000000003FFE22A4 000074 (v01 BOCHS  BXPCFACP 00000001 BXPC 00000001)
[STDOUT  ] 2017-08-03T14:56:47.77689703Z: [    6.623162] IPVS: [ovf] scheduler registered.
[STDERR  ] 2017-08-03T14:56:47.776904892Z: [    0.000000] ACPI: DSDT 0x000000003FFE0040 002264 (v01 BOCHS  BXPCDSDT 00000001 BXPC 00000001)
[STDOUT  ] 2017-08-03T14:56:47.776907002Z: [    6.623658] IPVS: [lblc] scheduler registered.
[STDERR  ] 2017-08-03T14:56:47.776912632Z: [    0.000000] ACPI: FACS 0x000000003FFE0000 000040
[STDOUT  ] 2017-08-03T14:56:47.77691454Z: [    6.624112] IPVS: [lblcr] scheduler registered.
[STDERR  ] 2017-08-03T14:56:47.776920132Z: [    0.000000] ACPI: APIC 0x000000003FFE2318 000078 (v01 BOCHS  BXPCAPIC 00000001 BXPC 00000001)
[STDOUT  ] 2017-08-03T14:56:47.77692254Z: [    6.624441] IPVS: [dh] scheduler registered.
[STDERR  ] 2017-08-03T14:56:47.776927604Z: [    0.000000] ACPI: HPET 0x000000003FFE2390 000038 (v01 BOCHS  BXPCHPET 00000001 BXPC 00000001)
[STDOUT  ] 2017-08-03T14:56:47.776930052Z: [    6.624769] IPVS: [sh] scheduler registered.
[STDOUT  ] 2017-08-03T14:56:47.776936566Z: [    6.625054] IPVS: [sed] scheduler registered.
[STDERR  ] 2017-08-03T14:56:47.776935238Z: [    0.000000] ACPI: MCFG 0x000000003FFE23C8 00003C (v01 BOCHS  BXPCMCFG 00000001 BXPC 00000001)
[STDERR  ] 2017-08-03T14:56:47.776941909Z: [    0.000000] Zone ranges:
[STDOUT  ] 2017-08-03T14:56:47.776947282Z: [    6.625321] IPVS: [nq] scheduler registered.
[STDERR  ] 2017-08-03T14:56:47.776947773Z: [    0.000000]   DMA      [mem 0x0000000000001000-0x0000000000ffffff]
[STDOUT  ] 2017-08-03T14:56:47.776953928Z: [    6.626047] IPVS: ftp: loaded support on port[0] = 21
[STDERR  ] 2017-08-03T14:56:47.776960406Z: [    0.000000]   DMA32    [mem 0x0000000001000000-0x000000003ffdefff]
[STDOUT  ] 2017-08-03T14:56:47.776962518Z: [    6.626919] ipip: IPv4 and MPLS over IPv4 tunneling driver
[STDOUT  ] 2017-08-03T14:56:47.776969159Z: [    6.631831] gre: GRE over IPv4 demultiplexor driver
[STDERR  ] 2017-08-03T14:56:47.776967839Z: [    0.000000]   Normal   empty
[STDOUT  ] 2017-08-03T14:56:47.776975863Z: [    6.634594] ip_tables: (C) 2000-2006 Netfilter Core Team
[STDERR  ] 2017-08-03T14:56:47.776974615Z: [    0.000000] Movable zone start for each node
[STDOUT  ] 2017-08-03T14:56:47.776982343Z: [    6.637886] ipt_CLUSTERIP: ClusterIP Version 0.8 loaded successfully
[STDERR  ] 2017-08-03T14:56:47.776985858Z: [    0.000000] Early memory node ranges
[STDOUT  ] 2017-08-03T14:56:47.776991202Z: [    6.638746] arp_tables: arp_tables: (C) 2002 David S. Miller
[STDERR  ] 2017-08-03T14:56:47.776992976Z: [    0.000000]   node   0: [mem 0x0000000000001000-0x000000000009efff]
[STDOUT  ] 2017-08-03T14:56:47.776998701Z: [    6.641657] NET: Registered protocol family 10
[STDERR  ] 2017-08-03T14:56:47.776999645Z: [    0.000000]   node   0: [mem 0x0000000000100000-0x000000003ffdefff]
[STDOUT  ] 2017-08-03T14:56:47.777006126Z: [    6.651503] ip6_tables: (C) 2000-2006 Netfilter Core Team
[STDERR  ] 2017-08-03T14:56:47.777006712Z: [    0.000000] Initmem setup node 0 [mem 0x0000000000001000-0x000000003ffdefff]
[STDOUT  ] 2017-08-03T14:56:47.777013098Z: [    6.661291] NET: Registered protocol family 17
[STDERR  ] 2017-08-03T14:56:47.777014842Z: [    0.000000] ACPI: PM-Timer IO Port: 0x608
[STDERR  ] 2017-08-03T14:56:47.777022261Z: [    0.000000] ACPI: LAPIC_NMI (acpi_id[0xff] dfl dfl lint[0x1])
[STDOUT  ] 2017-08-03T14:56:47.777020646Z: [    6.662438] Bridge firewalling registered
[STDOUT  ] 2017-08-03T14:56:47.777027991Z: [    6.663061] Ebtables v2.0 registered
[STDERR  ] 2017-08-03T14:56:47.777032201Z: [    0.000000] IOAPIC[0]: apic_id 0, version 32, address 0xfec00000, GSI 0-23
[STDOUT  ] 2017-08-03T14:56:47.777034928Z: [    6.665039] 8021q: 802.1Q VLAN Support v1.8
[STDERR  ] 2017-08-03T14:56:47.777040745Z: [    0.000000] ACPI: INT_SRC_OVR (bus 0 bus_irq 0 global_irq 2 dfl dfl)
[STDOUT  ] 2017-08-03T14:56:47.777047893Z: [    6.666528] 9pnet: Installing 9P2000 support
[STDERR  ] 2017-08-03T14:56:47.777049779Z: [    0.000000] ACPI: INT_SRC_OVR (bus 0 bus_irq 5 global_irq 5 high level)
[STDOUT  ] 2017-08-03T14:56:47.777055425Z: [    6.667964] Key type dns_resolver registered
[STDERR  ] 2017-08-03T14:56:47.777060582Z: [    0.000000] ACPI: INT_SRC_OVR (bus 0 bus_irq 9 global_irq 9 high level)
[STDOUT  ] 2017-08-03T14:56:47.777062892Z: [    6.669121] microcode: AMD CPU family 0x6 not supported
[STDERR  ] 2017-08-03T14:56:47.777067703Z: [    0.000000] ACPI: INT_SRC_OVR (bus 0 bus_irq 10 global_irq 10 high level)
[STDOUT  ] 2017-08-03T14:56:47.777070473Z: [    6.673561] registered taskstats version 1
[STDERR  ] 2017-08-03T14:56:47.777075845Z: [    0.000000] ACPI: INT_SRC_OVR (bus 0 bus_irq 11 global_irq 11 high level)
[STDOUT  ] 2017-08-03T14:56:47.777077072Z: [    6.853678] ata2: SATA link down (SStatus 0 SControl 300)
[STDERR  ] 2017-08-03T14:56:47.777083166Z: [    0.000000] Using ACPI (MADT) for SMP configuration information
[STDOUT  ] 2017-08-03T14:56:47.777084376Z: [    6.857002] ata1: SATA link up 1.5 Gbps (SStatus 113 SControl 300)
[STDERR  ] 2017-08-03T14:56:47.777089472Z: [    0.000000] ACPI: HPET id: 0x8086a201 base: 0xfed00000
[STDOUT  ] 2017-08-03T14:56:47.77709194Z: [    6.860606] ata5: SATA link down (SStatus 0 SControl 300)
[STDERR  ] 2017-08-03T14:56:47.777100654Z: [    0.000000] smpboot: Allowing 1 CPUs, 0 hotplug CPUs
[STDOUT  ] 2017-08-03T14:56:47.777104664Z: [    6.861290] ata3: SATA link up 1.5 Gbps (SStatus 113 SControl 300)
[STDERR  ] 2017-08-03T14:56:47.777107079Z: [    0.000000] e820: [mem 0x40000000-0xafffffff] available for PCI devices
[STDOUT  ] 2017-08-03T14:56:47.777113533Z: [    6.863032] ata3.00: ATAPI: QEMU DVD-ROM, 2.5+, max UDMA/100
[STDERR  ] 2017-08-03T14:56:47.777114119Z: [    0.000000] Booting paravirtualized kernel on bare hardware
[STDOUT  ] 2017-08-03T14:56:47.777121257Z: [    6.863507] ata3.00: applying bridge limits
[STDOUT  ] 2017-08-03T14:56:47.777128633Z: [    6.865323] ata3.00: configured for UDMA/100
[STDERR  ] 2017-08-03T14:56:47.777123237Z: [    0.000000] clocksource: refined-jiffies: mask: 0xffffffff max_cycles: 0xffffffff, max_idle_ns: 19112604462750000 ns
[STDOUT  ] 2017-08-03T14:56:47.777135199Z: [    6.867078] ata4: SATA link down (SStatus 0 SControl 300)
[STDERR  ] 2017-08-03T14:56:47.77713404Z: [    0.000000] setup_percpu: NR_CPUS:128 nr_cpumask_bits:128 nr_cpu_ids:1 nr_node_ids:1
[STDERR  ] 2017-08-03T14:56:47.777141692Z: [    0.000000] percpu: Embedded 35 pages/cpu @ffff99603e400000 s105176 r8192 d29992 u2097152
[STDOUT  ] 2017-08-03T14:56:47.777142773Z: [    6.868369] ata1.00: ATA-7: QEMU HARDDISK, 2.5+, max UDMA/100
[STDERR  ] 2017-08-03T14:56:47.77714796Z: [    0.000000] Built 1 zonelists in Zone order, mobility grouping on.  Total pages: 257896
[STDOUT  ] 2017-08-03T14:56:47.777154426Z: [    6.868879] ata1.00: 1048576 sectors, multi 16: LBA48 NCQ (depth 31/32)
[STDERR  ] 2017-08-03T14:56:47.7771578Z: [    0.000000] Kernel command line: console=ttyS0 page_poison=1
[STDOUT  ] 2017-08-03T14:56:47.777161872Z: [    6.869405] ata1.00: applying bridge limits
[STDERR  ] 2017-08-03T14:56:47.777165569Z: [    0.000000] PID hash table entries: 4096 (order: 3, 32768 bytes)
[STDOUT  ] 2017-08-03T14:56:47.777169217Z: [    6.870526] ata1.00: configured for UDMA/100
[STDERR  ] 2017-08-03T14:56:47.777172853Z: [    0.000000] Dentry cache hash table entries: 131072 (order: 8, 1048576 bytes)
[STDERR  ] 2017-08-03T14:56:47.777179832Z: [    0.000000] Inode-cache hash table entries: 65536 (order: 7, 524288 bytes)
[STDOUT  ] 2017-08-03T14:56:47.77717699Z: [    6.880531] ata6: SATA link down (SStatus 0 SControl 300)
[STDERR  ] 2017-08-03T14:56:47.7771855Z: [    0.000000] Memory: 988368K/1048052K available (8026K kernel code, 1366K rwdata, 2696K rodata, 1380K init, 568K bss, 59684K reserved, 0K cma-reserved)
[STDOUT  ] 2017-08-03T14:56:47.77719897Z: [    6.885563] scsi 0:0:0:0: Direct-Access     ATA      QEMU HARDDISK    2.5+ PQ: 0 ANSI: 5
[STDERR  ] 2017-08-03T14:56:47.777200542Z: [    0.000000] Hierarchical RCU implementation.
[STDOUT  ] 2017-08-03T14:56:47.777207033Z: [    6.893646] sd 0:0:0:0: [sda] 1048576 512-byte logical blocks: (537 MB/512 MiB)
[STDERR  ] 2017-08-03T14:56:47.777208982Z: [    0.000000] 	Build-time adjustment of leaf fanout to 64.
[STDERR  ] 2017-08-03T14:56:47.777219762Z: [    0.000000] 	RCU restricting CPUs from NR_CPUS=128 to nr_cpu_ids=1.
[STDOUT  ] 2017-08-03T14:56:47.7772176Z: [    6.898244] sd 0:0:0:0: Attached scsi generic sg0 type 0
[STDERR  ] 2017-08-03T14:56:47.777226374Z: [    0.000000] RCU: Adjusting geometry for rcu_fanout_leaf=64, nr_cpu_ids=1
[STDOUT  ] 2017-08-03T14:56:47.777227327Z: [    6.899960] sd 0:0:0:0: [sda] Write Protect is off
[STDOUT  ] 2017-08-03T14:56:47.777234573Z: [    6.903182] sd 0:0:0:0: [sda] Write cache: enabled, read cache: enabled, doesn't support DPO or FUA
[STDERR  ] 2017-08-03T14:56:47.77723817Z: [    0.000000] NR_IRQS:8448 nr_irqs:256 16
[STDOUT  ] 2017-08-03T14:56:47.777243073Z: [    6.905714] scsi 2:0:0:0: CD-ROM            QEMU     QEMU DVD-ROM     2.5+ PQ: 0 ANSI: 5
[STDERR  ] 2017-08-03T14:56:47.777245529Z: [    0.000000] Console: colour VGA+ 80x25
[STDOUT  ] 2017-08-03T14:56:47.77725061Z: [    6.926009] sr 2:0:0:0: [sr0] scsi3-mmc drive: 4x/4x cd/rw xa/form2 tray
[STDERR  ] 2017-08-03T14:56:47.777252754Z: [    0.000000] console [ttyS0] enabled
[STDOUT  ] 2017-08-03T14:56:47.777258123Z: [    6.926852] cdrom: Uniform CD-ROM driver Revision: 3.20
[STDERR  ] 2017-08-03T14:56:47.777260053Z: [    0.000000] allocated 2097152 bytes of page_ext
[STDOUT  ] 2017-08-03T14:56:47.777265623Z: [    6.938910] sr 2:0:0:0: Attached scsi generic sg1 type 5
[STDERR  ] 2017-08-03T14:56:47.777267397Z: [    0.000000] clocksource: hpet: mask: 0xffffffff max_cycles: 0xffffffff, max_idle_ns: 19112604467 ns
[STDOUT  ] 2017-08-03T14:56:47.777276321Z: [    6.943780] sd 0:0:0:0: [sda] Attached SCSI disk
[STDERR  ] 2017-08-03T14:56:47.77727882Z: [    0.000000] tsc: Fast TSC calibration using PIT
[STDOUT  ] 2017-08-03T14:56:47.777287917Z: [    6.997703] Key type big_key registered
[STDERR  ] 2017-08-03T14:56:47.777290063Z: [    0.000000] tsc: Detected 2599.984 MHz processor
[STDOUT  ] 2017-08-03T14:56:47.777299381Z: [    7.052498] Key type encrypted registered
[STDERR  ] 2017-08-03T14:56:47.7773018Z: [    0.032402] Calibrating delay loop (skipped), value calculated using timer frequency.. 5199.96 BogoMIPS (lpj=25999840)
[STDOUT  ] 2017-08-03T14:56:47.77731074Z: [    7.058717] rtc_cmos 00:00: setting system clock to 2017-08-03 14:56:14 UTC (1501772174)
[STDERR  ] 2017-08-03T14:56:47.777313395Z: [    0.033602] pid_max: default: 32768 minimum: 301
[STDOUT  ] 2017-08-03T14:56:47.777320944Z: [    7.210395] Freeing unused kernel memory: 1380K (ffffffff84d57000 - ffffffff84eb0000)
[STDERR  ] 2017-08-03T14:56:47.777324344Z: [    0.034632] ACPI: Core revision 20160831
[STDOUT  ] 2017-08-03T14:56:47.777338611Z: [    7.211084] Write protecting the kernel read-only data: 12288k
[STDERR  ] 2017-08-03T14:56:47.777342643Z: [    0.079014] ACPI: 1 ACPI AML tables successfully acquired and loaded
[STDOUT  ] 2017-08-03T14:56:47.77734675Z: [    7.214078] tsc: Refined TSC clocksource calibration: 2599.988 MHz
[STDOUT  ] 2017-08-03T14:56:47.777354614Z: [    7.214691] clocksource: tsc: mask: 0xffffffffffffffff max_cycles: 0x257a30e14db, max_idle_ns: 440795278188 ns
[STDERR  ] 2017-08-03T14:56:47.777351354Z: [    0.084356] Security Framework initialized
[STDERR  ] 2017-08-03T14:56:47.777360571Z: [    0.084870] Yama: becoming mindful.
[STDOUT  ] 2017-08-03T14:56:47.77736451Z: [    7.221198] Freeing unused kernel memory: 152K (ffff9960327da000 - ffff996032800000)
[STDERR  ] 2017-08-03T14:56:47.77736861Z: [    0.087078] Mount-cache hash table entries: 2048 (order: 2, 16384 bytes)
[STDOUT  ] 2017-08-03T14:56:47.777382811Z: [    7.352219] Freeing unused kernel memory: 1400K (ffff996032aa2000 - ffff996032c00000)
[STDERR  ] 2017-08-03T14:56:47.777384327Z: [    0.087682] Mountpoint-cache hash table entries: 2048 (order: 2, 16384 bytes)
[STDOUT  ] 2017-08-03T14:56:47.777394328Z: [    8.231010] clocksource: Switched to clocksource tsc
[STDERR  ] 2017-08-03T14:56:47.77739587Z: [    0.108027] Last level iTLB entries: 4KB 0, 2MB 0, 4MB 0
[STDOUT  ] 2017-08-03T14:56:47.777405554Z: 
[STDERR  ] 2017-08-03T14:56:47.777407125Z: [    0.108541] Last level dTLB entries: 4KB 0, 2MB 0, 4MB 0, 1GB 0
[STDOUT  ] 2017-08-03T14:56:47.777421462Z: Welcome to LinuxKit
[STDERR  ] 2017-08-03T14:56:47.777423021Z: [    0.417664] Freeing SMP alternatives memory: 20K (ffffffff84eb0000 - ffffffff84eb5000)
[STDOUT  ] 2017-08-03T14:56:47.777430258Z: 
[STDERR  ] 2017-08-03T14:56:47.777432066Z: [    0.430505] ftrace: allocating 35489 entries in 139 pages
[STDOUT  ] 2017-08-03T14:56:47.777438256Z:                         ##         .
[STDERR  ] 2017-08-03T14:56:47.777440098Z: [    0.611260] smpboot: Max logical packages: 1
[STDOUT  ] 2017-08-03T14:56:47.777445661Z:                   ## ## ##        ==
[STDERR  ] 2017-08-03T14:56:47.777447602Z: [    0.618705] ..TIMER: vector=0x30 apic1=0 pin1=2 apic2=-1 pin2=-1
[STDOUT  ] 2017-08-03T14:56:47.777452711Z:                ## ## ## ## ##    ===
[STDERR  ] 2017-08-03T14:56:47.777459296Z: [    0.730000] smpboot: CPU0: AMD QEMU Virtual CPU version 2.5+ (family: 0x6, model: 0x6, stepping: 0x3)
[STDOUT  ] 2017-08-03T14:56:47.777459672Z:            /"""""""""""""""""\___/ ===
[STDOUT  ] 2017-08-03T14:56:47.777468741Z:           {                       /  ===-
[STDERR  ] 2017-08-03T14:56:47.777466719Z: [    0.730000] Performance Events: PMU not available due to virtualization, using software events only.
[STDOUT  ] 2017-08-03T14:56:47.777477721Z:            \______ O           __/
[STDERR  ] 2017-08-03T14:56:47.777480355Z: [    0.739306] NMI watchdog: disabled (cpu0): hardware events not enabled
[STDOUT  ] 2017-08-03T14:56:47.777485006Z:              \    \         __/
[STDERR  ] 2017-08-03T14:56:47.777487819Z: [    0.740106] NMI watchdog: Shutting down hard lockup detector on all cpus
[STDOUT  ] 2017-08-03T14:56:47.777493174Z:               \____\_______/
[STDERR  ] 2017-08-03T14:56:47.777494965Z: [    0.743949] x86: Booted up 1 node, 1 CPUs
[STDOUT  ] 2017-08-03T14:56:47.777500115Z: 
[STDERR  ] 2017-08-03T14:56:47.777501519Z: [    0.744428] smpboot: Total of 1 processors activated (5199.96 BogoMIPS)
[STDOUT  ] 2017-08-03T14:56:47.777507096Z: [   17.831243] IPVS: Creating netns size=2104 id=1
[STDERR  ] 2017-08-03T14:56:47.777508611Z: [    0.759127] devtmpfs: initialized
[STDOUT  ] 2017-08-03T14:56:47.777513605Z: [   17.831796] IPVS: ftp: loaded support on port[0] = 21
[STDERR  ] 2017-08-03T14:56:47.777515916Z: [    0.766449] x86/mm: Memory block size: 128MB
[STDERR  ] 2017-08-03T14:56:47.777523076Z: [    0.834245] clocksource: jiffies: mask: 0xffffffff max_cycles: 0xffffffff, max_idle_ns: 19112604462750000 ns
[STDOUT  ] 2017-08-03T14:56:47.777521226Z: 2017/08/03 14:56:25 Creating partition on /dev/sda
[STDOUT  ] 2017-08-03T14:56:47.777534376Z: [   18.930377] random: fdisk: uninitialized urandom read (4 bytes read)
[STDERR  ] 2017-08-03T14:56:47.777535294Z: [    0.835227] futex hash table entries: 256 (order: 2, 16384 bytes)
[STDERR  ] 2017-08-03T14:56:47.777541996Z: [    0.845796] NET: Registered protocol family 16
[STDERR  ] 2017-08-03T14:56:47.777548791Z: [    0.857289] cpuidle: using governor ladder
[STDOUT  ] 2017-08-03T14:56:47.777544851Z: [   18.969328]  sda:
[STDERR  ] 2017-08-03T14:56:47.777555329Z: [    0.857843] cpuidle: using governor menu
[STDOUT  ] 2017-08-03T14:56:47.777557554Z: [   19.041120]  sda:
[STDERR  ] 2017-08-03T14:56:47.777561705Z: [    0.859224] ACPI: bus type PCI registered
[STDOUT  ] 2017-08-03T14:56:47.777569436Z: [   19.047940] random: sfdisk: uninitialized urandom read (4 bytes read)
[STDERR  ] 2017-08-03T14:56:47.777570889Z: [    0.862673] PCI: MMCONFIG for domain 0000 [bus 00-ff] at [mem 0xb0000000-0xbfffffff] (base 0xb0000000)
[STDOUT  ] 2017-08-03T14:56:47.777581272Z: [   19.072709]  sda: sda1
[STDERR  ] 2017-08-03T14:56:47.777583025Z: [    0.863480] PCI: MMCONFIG at [mem 0xb0000000-0xbfffffff] reserved in E820
[STDOUT  ] 2017-08-03T14:56:47.7775889Z: [   19.135140]  sda: sda1
[STDERR  ] 2017-08-03T14:56:47.777590842Z: [    0.865161] PCI: Using configuration type 1 for base access
[STDERR  ] 2017-08-03T14:56:47.777597869Z: [    0.939738] HugeTLB registered 2 MB page size, pre-allocated 0 pages
[STDOUT  ] 2017-08-03T14:56:47.77759604Z: [   20.733600] random: mkfs.ext4: uninitialized urandom read (16 bytes read)
[STDERR  ] 2017-08-03T14:56:47.777608109Z: [    0.957862] ACPI: Added _OSI(Module Device)
[STDOUT  ] 2017-08-03T14:56:47.777610143Z: [   20.735617] random: mkfs.ext4: uninitialized urandom read (16 bytes read)
[STDERR  ] 2017-08-03T14:56:47.777616177Z: [    0.958203] ACPI: Added _OSI(Processor Device)
[STDOUT  ] 2017-08-03T14:56:47.777618259Z: 2017/08/03 14:56:28 Partition /dev/sda1 successfully created!
[STDERR  ] 2017-08-03T14:56:47.777623466Z: [    0.958584] ACPI: Added _OSI(3.0 _SCP Extensions)
[STDOUT  ] 2017-08-03T14:56:47.777626072Z: [   25.440862] IPVS: Creating netns size=2104 id=2
[STDERR  ] 2017-08-03T14:56:47.777631236Z: [    0.958898] ACPI: Added _OSI(Processor Aggregator Device)
[STDOUT  ] 2017-08-03T14:56:47.777632822Z: [   25.441316] IPVS: ftp: loaded support on port[0] = 21
[STDERR  ] 2017-08-03T14:56:47.777637697Z: [    1.050530] ACPI: Interpreter enabled
[STDOUT  ] 2017-08-03T14:56:47.777640447Z: [   26.366038] EXT4-fs (sda1): couldn't mount as ext3 due to feature incompatibilities
[STDERR  ] 2017-08-03T14:56:47.777645657Z: [    1.051576] ACPI: (supports S0 S5)
[STDOUT  ] 2017-08-03T14:56:47.777647229Z: [   26.385901] EXT4-fs (sda1): couldn't mount as ext2 due to feature incompatibilities
[STDERR  ] 2017-08-03T14:56:47.777652157Z: [    1.051912] ACPI: Using IOAPIC for interrupt routing
[STDOUT  ] 2017-08-03T14:56:47.77765507Z: [   26.415368] EXT4-fs (sda1): mounted filesystem with ordered data mode. Opts: (null)
[STDERR  ] 2017-08-03T14:56:47.777660333Z: [    1.054735] PCI: Using host bridge windows from ACPI; if necessary, use "pci=nocrs" and report a bug
[STDOUT  ] 2017-08-03T14:56:47.777662817Z: format_mount test suite PASSED
[STDOUT  ] 2017-08-03T14:56:47.777670396Z: [   34.912686] random: crng init done
[STDERR  ] 2017-08-03T14:56:47.77766826Z: [    1.124444] ACPI: PCI Root Bridge [PCI0] (domain 0000 [bus 00-ff])
[STDERR  ] 2017-08-03T14:56:47.777680203Z: [    1.125677] acpi PNP0A08:00: _OSC: OS supports [ExtendedConfig ASPM ClockPM Segments MSI]
[STDOUT  ] 2017-08-03T14:56:47.777678506Z: [   40.139939] sd 0:0:0:0: [sda] Synchronizing SCSI cache
[STDOUT  ] 2017-08-03T14:56:47.777685676Z: [   40.143467] sd 0:0:0:0: [sda] Stopping disk
[STDERR  ] 2017-08-03T14:56:47.777687066Z: [    1.132828] acpi PNP0A08:00: _OSC: OS now controls [PCIeHotplug PME PCIeCapability]
[STDOUT  ] 2017-08-03T14:56:47.777692522Z: [   40.146401] ACPI: Preparing to enter system sleep state S5
[STDERR  ] 2017-08-03T14:56:47.777698793Z: [    1.137062] PCI host bridge to bus 0000:00
[STDOUT  ] 2017-08-03T14:56:47.777700652Z: [   40.147462] reboot: Power down
[STDERR  ] 2017-08-03T14:56:47.777708097Z: [    1.137577] pci_bus 0000:00: root bus resource [io  0x0000-0x0cf7 window]
[STDERR  ] 2017-08-03T14:56:47.777714496Z: [    1.138079] pci_bus 0000:00: root bus resource [io  0x0d00-0xffff window]
[STDERR  ] 2017-08-03T14:56:47.777719833Z: [    1.138548] pci_bus 0000:00: root bus resource [mem 0x000a0000-0x000bffff window]
[STDERR  ] 2017-08-03T14:56:47.777725126Z: [    1.139040] pci_bus 0000:00: root bus resource [mem 0xc0000000-0xfebfffff window]
[STDERR  ] 2017-08-03T14:56:47.777734123Z: [    1.139693] pci_bus 0000:00: root bus resource [bus 00-ff]
[STDERR  ] 2017-08-03T14:56:47.777739706Z: [    1.254724] pci 0000:00:1f.0: quirk: [io  0x0600-0x067f] claimed by ICH6 ACPI/GPIO/TCO
[STDERR  ] 2017-08-03T14:56:47.77774891Z: [    1.319564] ACPI: PCI Interrupt Link [LNKA] (IRQs 5 *10 11)
[STDERR  ] 2017-08-03T14:56:47.77775468Z: [    1.322597] ACPI: PCI Interrupt Link [LNKB] (IRQs 5 *10 11)
[STDERR  ] 2017-08-03T14:56:47.777763478Z: [    1.324653] ACPI: PCI Interrupt Link [LNKC] (IRQs 5 10 *11)
[STDERR  ] 2017-08-03T14:56:47.777768714Z: [    1.326596] ACPI: PCI Interrupt Link [LNKD] (IRQs 5 10 *11)
[STDERR  ] 2017-08-03T14:56:47.777773951Z: [    1.328509] ACPI: PCI Interrupt Link [LNKE] (IRQs 5 *10 11)
[STDERR  ] 2017-08-03T14:56:47.777779246Z: [    1.331657] ACPI: PCI Interrupt Link [LNKF] (IRQs 5 *10 11)
[STDERR  ] 2017-08-03T14:56:47.777787458Z: [    1.333690] ACPI: PCI Interrupt Link [LNKG] (IRQs 5 10 *11)
[STDERR  ] 2017-08-03T14:56:47.777793024Z: [    1.335600] ACPI: PCI Interrupt Link [LNKH] (IRQs 5 10 *11)
[STDERR  ] 2017-08-03T14:56:47.777798338Z: [    1.336695] ACPI: PCI Interrupt Link [GSIA] (IRQs *16)
[STDERR  ] 2017-08-03T14:56:47.777805474Z: [    1.337577] ACPI: PCI Interrupt Link [GSIB] (IRQs *17)
[STDERR  ] 2017-08-03T14:56:47.77781436Z: [    1.338388] ACPI: PCI Interrupt Link [GSIC] (IRQs *18)
[STDERR  ] 2017-08-03T14:56:47.777822663Z: [    1.339184] ACPI: PCI Interrupt Link [GSID] (IRQs *19)
[STDERR  ] 2017-08-03T14:56:47.777828757Z: [    1.340175] ACPI: PCI Interrupt Link [GSIE] (IRQs *20)
[STDERR  ] 2017-08-03T14:56:47.777833971Z: [    1.340996] ACPI: PCI Interrupt Link [GSIF] (IRQs *21)
[STDERR  ] 2017-08-03T14:56:47.777839207Z: [    1.341798] ACPI: PCI Interrupt Link [GSIG] (IRQs *22)
[STDERR  ] 2017-08-03T14:56:47.777850613Z: [    1.342545] ACPI: PCI Interrupt Link [GSIH] (IRQs *23)
[STDERR  ] 2017-08-03T14:56:47.77785585Z: [    1.346557] ACPI: Enabled 2 GPEs in block 00 to 3F
[STDERR  ] 2017-08-03T14:56:47.777861306Z: [    1.351157] SCSI subsystem initialized
[STDERR  ] 2017-08-03T14:56:47.777866651Z: [    1.353083] ACPI: bus type USB registered
[STDERR  ] 2017-08-03T14:56:47.777871971Z: [    1.354246] usbcore: registered new interface driver usbfs
[STDERR  ] 2017-08-03T14:56:47.777877264Z: [    1.355241] usbcore: registered new interface driver hub
[STDERR  ] 2017-08-03T14:56:47.777882556Z: [    1.356164] usbcore: registered new device driver usb
[STDERR  ] 2017-08-03T14:56:47.777887876Z: [    1.357426] pps_core: LinuxPPS API ver. 1 registered
[STDERR  ] 2017-08-03T14:56:47.77789673Z: [    1.357749] pps_core: Software ver. 5.3.6 - Copyright 2005-2007 Rodolfo Giometti <giometti@linux.it>
[STDERR  ] 2017-08-03T14:56:47.777902282Z: [    1.358535] PTP clock support registered
[STDERR  ] 2017-08-03T14:56:47.777907669Z: [    1.359843] wmi: Mapper loaded
[STDERR  ] 2017-08-03T14:56:47.777913139Z: [    1.361004] PCI: Using ACPI for IRQ routing
[STDERR  ] 2017-08-03T14:56:47.777922648Z: [    1.382582] NetLabel: Initializing
[STDERR  ] 2017-08-03T14:56:47.777928187Z: [    1.382830] NetLabel:  domain hash size = 128
[STDERR  ] 2017-08-03T14:56:47.777933444Z: [    1.383291] NetLabel:  protocols = UNLABELED CIPSOv4
[STDERR  ] 2017-08-03T14:56:47.777941508Z: [    1.386149] NetLabel:  unlabeled traffic allowed by default
[STDERR  ] 2017-08-03T14:56:47.777949747Z: [    1.387493] HPET: 3 timers in total, 0 timers will be used for per-cpu timer
[STDERR  ] 2017-08-03T14:56:47.777956931Z: [    1.388418] hpet0: at MMIO 0xfed00000, IRQs 2, 8, 0
[STDERR  ] 2017-08-03T14:56:47.777962361Z: [    1.388975] hpet0: 3 comparators, 64-bit 100.000000 MHz counter
[STDERR  ] 2017-08-03T14:56:47.777967844Z: [    1.396756] clocksource: Switched to clocksource hpet
[STDERR  ] 2017-08-03T14:56:47.777973331Z: [    1.661058] VFS: Disk quotas dquot_6.6.0
[STDERR  ] 2017-08-03T14:56:47.777978587Z: [    1.661965] VFS: Dquot-cache hash table entries: 512 (order 0, 4096 bytes)
[STDERR  ] 2017-08-03T14:56:47.777983994Z: [    1.665998] FS-Cache: Loaded
[STDERR  ] 2017-08-03T14:56:47.777989289Z: [    1.671300] CacheFiles: Loaded
[STDERR  ] 2017-08-03T14:56:47.777994694Z: [    1.673139] pnp: PnP ACPI init
[STDERR  ] 2017-08-03T14:56:47.778004609Z: [    1.686667] pnp: PnP ACPI: found 5 devices
[STDERR  ] 2017-08-03T14:56:47.778014578Z: [    1.740655] clocksource: acpi_pm: mask: 0xffffff max_cycles: 0xffffff, max_idle_ns: 2085701024 ns
[STDERR  ] 2017-08-03T14:56:47.778020338Z: [    1.745230] NET: Registered protocol family 2
[STDERR  ] 2017-08-03T14:56:47.778025644Z: [    1.754661] TCP established hash table entries: 8192 (order: 4, 65536 bytes)
[STDERR  ] 2017-08-03T14:56:47.778030921Z: [    1.755523] TCP bind hash table entries: 8192 (order: 5, 131072 bytes)
[STDERR  ] 2017-08-03T14:56:47.778040097Z: [    1.756332] TCP: Hash tables configured (established 8192 bind 8192)
[STDERR  ] 2017-08-03T14:56:47.778045468Z: [    1.758235] UDP hash table entries: 512 (order: 2, 16384 bytes)
[STDERR  ] 2017-08-03T14:56:47.778054155Z: [    1.758848] UDP-Lite hash table entries: 512 (order: 2, 16384 bytes)
[STDERR  ] 2017-08-03T14:56:47.778059822Z: [    1.761651] NET: Registered protocol family 1
[STDERR  ] 2017-08-03T14:56:47.778065183Z: [    1.762654] pci 0000:00:01.0: Video device with shadowed ROM at [mem 0x000c0000-0x000dffff]
[STDERR  ] 2017-08-03T14:56:47.778070595Z: [    1.772061] Unpacking initramfs...
[STDERR  ] 2017-08-03T14:56:47.778075908Z: [    6.158765] Freeing initrd memory: 25804K (ffff99603e69d000 - ffff99603ffd0000)
[STDERR  ] 2017-08-03T14:56:47.778081185Z: [    6.186242] PCLMULQDQ-NI instructions are not detected.
[STDERR  ] 2017-08-03T14:56:47.778086598Z: [    6.187819] AVX or AES-NI instructions are not detected.
[STDERR  ] 2017-08-03T14:56:47.778092383Z: [    6.188325] CPU feature 'AVX registers' is not supported.
[STDERR  ] 2017-08-03T14:56:47.77810067Z: [    6.188798] CPU feature 'AVX registers' is not supported.
[STDERR  ] 2017-08-03T14:56:47.778108642Z: [    6.189211] CPU feature 'AVX registers' is not supported.
[STDERR  ] 2017-08-03T14:56:47.778117413Z: [    6.189642] CPU feature 'AVX registers' is not supported.
[STDERR  ] 2017-08-03T14:56:47.778124905Z: [    6.191242] AVX2 or AES-NI instructions are not detected.
[STDERR  ] 2017-08-03T14:56:47.778135039Z: [    6.191648] AVX2 instructions are not detected.
[STDERR  ] 2017-08-03T14:56:47.778143043Z: [    6.197359] audit: initializing netlink subsys (disabled)
[STDERR  ] 2017-08-03T14:56:47.778151545Z: [    6.199067] audit: type=2000 audit(1501772172.190:1): initialized
