[INFO    ] 2018-06-29T16:44:04.437399219Z: Running Test linuxkit.packages.format_mount.by_label in /tmp/build/test/cases/040_packages/006_format_mount/001_by_label
[INFO    ] 2018-06-29T16:44:04.437537609Z: Running command: [/bin/sh -x /tmp/build/test/cases/040_packages/006_format_mount/001_by_label/test.sh]
[STDERR  ] 2018-06-29T16:44:04.471661054Z: + set -e
[STDERR  ] 2018-06-29T16:44:04.471757617Z: + . /tmp/build/test/cases/_lib/lib.sh
[STDERR  ] 2018-06-29T16:44:04.471786433Z: + [ -f src/github.com/linuxkit/rtf/lib/lib.sh ]
[STDERR  ] 2018-06-29T16:44:04.471801911Z: + LINUXKIT_TMPDIR=/tmp/build/test/cases/_tmp
[STDERR  ] 2018-06-29T16:44:04.471813862Z: + [ -f /tmp/build/test/cases/_tmp/env.sh ]
[STDERR  ] 2018-06-29T16:44:04.471827574Z: + . /tmp/build/test/cases/_tmp/env.sh
[STDERR  ] 2018-06-29T16:44:04.471840174Z: + export LINUXKIT_EXAMPLES_DIR=/tmp/build/test/cases/../../examples
[STDERR  ] 2018-06-29T16:44:04.471854657Z: + RT_CANCEL=253
[STDERR  ] 2018-06-29T16:44:04.471867306Z: + NAME=test-format
[STDERR  ] 2018-06-29T16:44:04.471881315Z: + DISK=disk.img
[STDERR  ] 2018-06-29T16:44:04.471913579Z: + trap clean_up EXIT
[STDERR  ] 2018-06-29T16:44:04.471925500Z: + linuxkit build -format kernel+initrd -name test-format test.yml
[STDERR  ] 2018-06-29T16:44:04.502914190Z: Extract kernel image: linuxkit/kernel:4.14.51
[STDERR  ] 2018-06-29T16:44:06.539481217Z: Add init containers:
[STDERR  ] 2018-06-29T16:44:06.539599680Z: Process init image: linuxkit/init:923355a5ed75f40ee394741829d42bf4b78cce46
[STDERR  ] 2018-06-29T16:44:07.788559456Z: Process init image: linuxkit/runc:v0.4
[STDERR  ] 2018-06-29T16:44:09.003415975Z: Add onboot containers:
[STDERR  ] 2018-06-29T16:44:09.003490705Z:   Create OCI config for linuxkit/format:v0.4
[STDERR  ] 2018-06-29T16:44:10.466480610Z:   Create OCI config for linuxkit/mount:v0.4
[STDERR  ] 2018-06-29T16:44:11.885052813Z:   Create OCI config for alpine:3.7
[STDERR  ] 2018-06-29T16:44:13.108580375Z:   Create OCI config for linuxkit/poweroff:d75d94d9603bde9ab95b914deed0d069d05d8b20
[STDERR  ] 2018-06-29T16:44:14.342761389Z: Add files:
[STDERR  ] 2018-06-29T16:44:14.342821530Z:   check.sh
[STDERR  ] 2018-06-29T16:44:14.343807870Z: Create outputs:
[STDERR  ] 2018-06-29T16:44:21.445064540Z:   test-format-kernel test-format-initrd.img test-format-cmdline
[STDERR  ] 2018-06-29T16:44:21.533739573Z: + linuxkit run -disk file=disk.img,size=512M test-format
[STDERR  ] 2018-06-29T16:44:21.559004601Z: Unable to find qemu-system-x86_64 within the $PATH. Using a container
[STDERR  ] 2018-06-29T16:45:04.869314671Z: + RESULT=[    0.000000] Linux version 4.14.51-linuxkit (root@d0a5c3056f66) (gcc version 6.4.0 (Alpine 6.4.0)) #1 SMP Fri Jun 22 13:17:09 UTC 2018
[STDERR  ] 2018-06-29T16:45:04.869415916Z: [    0.000000] Command line: console=ttyS0 console=ttyAMA0
[STDERR  ] 2018-06-29T16:45:04.869432459Z: [    0.000000] x86/fpu: x87 FPU will use FXSAVE
[STDERR  ] 2018-06-29T16:45:04.869448942Z: [    0.000000] e820: BIOS-provided physical RAM map:
[STDERR  ] 2018-06-29T16:45:04.869463315Z: [    0.000000] BIOS-e820: [mem 0x0000000000000000-0x000000000009fbff] usable
[STDERR  ] 2018-06-29T16:45:04.869480704Z: [    0.000000] BIOS-e820: [mem 0x000000000009fc00-0x000000000009ffff] reserved
[STDERR  ] 2018-06-29T16:45:04.869494809Z: [    0.000000] BIOS-e820: [mem 0x00000000000f0000-0x00000000000fffff] reserved
[STDERR  ] 2018-06-29T16:45:04.869509217Z: [    0.000000] BIOS-e820: [mem 0x0000000000100000-0x000000003ffdefff] usable
[STDERR  ] 2018-06-29T16:45:04.869523414Z: [    0.000000] BIOS-e820: [mem 0x000000003ffdf000-0x000000003fffffff] reserved
[STDERR  ] 2018-06-29T16:45:04.869537836Z: [    0.000000] BIOS-e820: [mem 0x00000000b0000000-0x00000000bfffffff] reserved
[STDERR  ] 2018-06-29T16:45:04.869580355Z: [    0.000000] BIOS-e820: [mem 0x00000000fed1c000-0x00000000fed1ffff] reserved
[STDERR  ] 2018-06-29T16:45:04.869608625Z: [    0.000000] BIOS-e820: [mem 0x00000000fffc0000-0x00000000ffffffff] reserved
[STDERR  ] 2018-06-29T16:45:04.869621053Z: [    0.000000] NX (Execute Disable) protection: active
[STDERR  ] 2018-06-29T16:45:04.869634283Z: [    0.000000] SMBIOS 2.8 present.
[STDERR  ] 2018-06-29T16:45:04.869655572Z: [    0.000000] DMI: QEMU Standard PC (Q35 + ICH9, 2009), BIOS rel-1.10.2-0-g5f4c7b1-prebuilt.qemu-project.org 04/01/2014
[STDERR  ] 2018-06-29T16:45:04.869672212Z: [    0.000000] tsc: Fast TSC calibration using PIT
[STDERR  ] 2018-06-29T16:45:04.869685864Z: [    0.000000] e820: last_pfn = 0x3ffdf max_arch_pfn = 0x400000000
[STDERR  ] 2018-06-29T16:45:04.869697910Z: [    0.000000] x86/PAT: Configuration [0-7]: WB  WC  UC- UC  WB  WP  UC- WT  
[STDERR  ] 2018-06-29T16:45:04.869710504Z: [    0.000000] found SMP MP-table at [mem 0x000f6aa0-0x000f6aaf] mapped at [ffffffffff200aa0]
[STDERR  ] 2018-06-29T16:45:04.869725045Z: [    0.000000] RAMDISK: [mem 0x3dce6000-0x3ffcffff]
[STDERR  ] 2018-06-29T16:45:04.869737669Z: [    0.000000] ACPI: Early table checksum verification disabled
[STDERR  ] 2018-06-29T16:45:04.869750512Z: [    0.000000] ACPI: RSDP 0x00000000000F68B0 000014 (v00 BOCHS )
[STDERR  ] 2018-06-29T16:45:04.869763457Z: [    0.000000] ACPI: RSDT 0x000000003FFE20A8 000034 (v01 BOCHS  BXPCRSDT 00000001 BXPC 00000001)
[STDERR  ] 2018-06-29T16:45:04.869776290Z: [    0.000000] ACPI: FACP 0x000000003FFE1EC8 0000F4 (v03 BOCHS  BXPCFACP 00000001 BXPC 00000001)
[STDERR  ] 2018-06-29T16:45:04.869788865Z: [    0.000000] ACPI: DSDT 0x000000003FFE0040 001E88 (v01 BOCHS  BXPCDSDT 00000001 BXPC 00000001)
[STDERR  ] 2018-06-29T16:45:04.869800951Z: [    0.000000] ACPI: FACS 0x000000003FFE0000 000040
[STDERR  ] 2018-06-29T16:45:04.869813435Z: [    0.000000] ACPI: APIC 0x000000003FFE1FBC 000078 (v01 BOCHS  BXPCAPIC 00000001 BXPC 00000001)
[STDERR  ] 2018-06-29T16:45:04.869825419Z: [    0.000000] ACPI: HPET 0x000000003FFE2034 000038 (v01 BOCHS  BXPCHPET 00000001 BXPC 00000001)
[STDERR  ] 2018-06-29T16:45:04.869837742Z: [    0.000000] ACPI: MCFG 0x000000003FFE206C 00003C (v01 BOCHS  BXPCMCFG 00000001 BXPC 00000001)
[STDERR  ] 2018-06-29T16:45:04.869853688Z: [    0.000000] Zone ranges:
[STDERR  ] 2018-06-29T16:45:04.869866568Z: [    0.000000]   DMA      [mem 0x0000000000001000-0x0000000000ffffff]
[STDERR  ] 2018-06-29T16:45:04.869878568Z: [    0.000000]   DMA32    [mem 0x0000000001000000-0x000000003ffdefff]
[STDERR  ] 2018-06-29T16:45:04.869892009Z: [    0.000000]   Normal   empty
[STDERR  ] 2018-06-29T16:45:04.869902895Z: [    0.000000]   Device   empty
[STDERR  ] 2018-06-29T16:45:04.869914054Z: [    0.000000] Movable zone start for each node
[STDERR  ] 2018-06-29T16:45:04.869925008Z: [    0.000000] Early memory node ranges
[STDERR  ] 2018-06-29T16:45:04.869937186Z: [    0.000000]   node   0: [mem 0x0000000000001000-0x000000000009efff]
[STDERR  ] 2018-06-29T16:45:04.869953998Z: [    0.000000]   node   0: [mem 0x0000000000100000-0x000000003ffdefff]
[STDERR  ] 2018-06-29T16:45:04.869965202Z: [    0.000000] Initmem setup node 0 [mem 0x0000000000001000-0x000000003ffdefff]
[STDERR  ] 2018-06-29T16:45:04.869976251Z: [    0.000000] ACPI: PM-Timer IO Port: 0x608
[STDERR  ] 2018-06-29T16:45:04.869987705Z: [    0.000000] ACPI: LAPIC_NMI (acpi_id[0xff] dfl dfl lint[0x1])
[STDERR  ] 2018-06-29T16:45:04.869999523Z: [    0.000000] IOAPIC[0]: apic_id 0, version 32, address 0xfec00000, GSI 0-23
[STDERR  ] 2018-06-29T16:45:04.870016128Z: [    0.000000] ACPI: INT_SRC_OVR (bus 0 bus_irq 0 global_irq 2 dfl dfl)
[STDERR  ] 2018-06-29T16:45:04.870027849Z: [    0.000000] ACPI: INT_SRC_OVR (bus 0 bus_irq 5 global_irq 5 high level)
[STDERR  ] 2018-06-29T16:45:04.870039438Z: [    0.000000] ACPI: INT_SRC_OVR (bus 0 bus_irq 9 global_irq 9 high level)
[STDERR  ] 2018-06-29T16:45:04.870052443Z: [    0.000000] ACPI: INT_SRC_OVR (bus 0 bus_irq 10 global_irq 10 high level)
[STDERR  ] 2018-06-29T16:45:04.870064421Z: [    0.000000] ACPI: INT_SRC_OVR (bus 0 bus_irq 11 global_irq 11 high level)
[STDERR  ] 2018-06-29T16:45:04.870080937Z: [    0.000000] Using ACPI (MADT) for SMP configuration information
[STDERR  ] 2018-06-29T16:45:04.870093524Z: [    0.000000] ACPI: HPET id: 0x8086a201 base: 0xfed00000
[STDERR  ] 2018-06-29T16:45:04.870113464Z: [    0.000000] smpboot: Allowing 1 CPUs, 0 hotplug CPUs
[STDERR  ] 2018-06-29T16:45:04.870130779Z: [    0.000000] e820: [mem 0x40000000-0xafffffff] available for PCI devices
[STDERR  ] 2018-06-29T16:45:04.870144189Z: [    0.000000] Booting paravirtualized kernel on bare hardware
[STDERR  ] 2018-06-29T16:45:04.870157352Z: [    0.000000] clocksource: refined-jiffies: mask: 0xffffffff max_cycles: 0xffffffff, max_idle_ns: 19112604462750000 ns
[STDERR  ] 2018-06-29T16:45:04.870170423Z: [    0.000000] random: get_random_bytes called from start_kernel+0x92/0x4c8 with crng_init=0
[STDERR  ] 2018-06-29T16:45:04.870182593Z: [    0.000000] setup_percpu: NR_CPUS:128 nr_cpumask_bits:128 nr_cpu_ids:1 nr_node_ids:1
[STDERR  ] 2018-06-29T16:45:04.870195722Z: [    0.000000] percpu: Embedded 44 pages/cpu @ffff8db93da00000 s143256 r8192 d28776 u2097152
[STDERR  ] 2018-06-29T16:45:04.870210993Z: [    0.000000] Built 1 zonelists, mobility grouping on.  Total pages: 257896
[STDERR  ] 2018-06-29T16:45:04.870224607Z: [    0.000000] Kernel command line: console=ttyS0 console=ttyAMA0
[STDERR  ] 2018-06-29T16:45:04.870236610Z: [    0.000000] PID hash table entries: 4096 (order: 3, 32768 bytes)
[STDERR  ] 2018-06-29T16:45:04.870248282Z: [    0.000000] Dentry cache hash table entries: 131072 (order: 8, 1048576 bytes)
[STDERR  ] 2018-06-29T16:45:04.870259966Z: [    0.000000] Inode-cache hash table entries: 65536 (order: 7, 524288 bytes)
[STDERR  ] 2018-06-29T16:45:04.870271878Z: [    0.000000] Memory: 969048K/1048052K available (12300K kernel code, 1459K rwdata, 2992K rodata, 1512K init, 632K bss, 79004K reserved, 0K cma-reserved)
[STDERR  ] 2018-06-29T16:45:04.870287583Z: [    0.000000] ftrace: allocating 41025 entries in 161 pages
[STDERR  ] 2018-06-29T16:45:04.870301655Z: [    0.000000] Hierarchical RCU implementation.
[STDERR  ] 2018-06-29T16:45:04.870313749Z: [    0.000000] 	RCU restricting CPUs from NR_CPUS=128 to nr_cpu_ids=1.
[STDERR  ] 2018-06-29T16:45:04.870325443Z: [    0.000000] RCU: Adjusting geometry for rcu_fanout_leaf=16, nr_cpu_ids=1
[STDERR  ] 2018-06-29T16:45:04.870337132Z: [    0.000000] NR_IRQS: 8448, nr_irqs: 256, preallocated irqs: 16
[STDERR  ] 2018-06-29T16:45:04.870348651Z: [    0.000000] Console: colour VGA+ 80x25
[STDERR  ] 2018-06-29T16:45:04.870360354Z: [    0.000000] console [ttyS0] enabled
[STDERR  ] 2018-06-29T16:45:04.870372213Z: [    0.000000] clocksource: hpet: mask: 0xffffffff max_cycles: 0xffffffff, max_idle_ns: 19112604467 ns
[STDERR  ] 2018-06-29T16:45:04.870384380Z: [    0.000000] tsc: Fast TSC calibration using PIT
[STDERR  ] 2018-06-29T16:45:04.870397255Z: [    0.000000] tsc: Detected 2599.650 MHz processor
[STDERR  ] 2018-06-29T16:45:04.870410560Z: [    0.001703] Calibrating delay loop (skipped), value calculated using timer frequency.. 5199.30 BogoMIPS (lpj=25996500)
[STDERR  ] 2018-06-29T16:45:04.870423548Z: [    0.002157] pid_max: default: 32768 minimum: 301
[STDERR  ] 2018-06-29T16:45:04.870437312Z: [    0.002915] ACPI: Core revision 20170728
[STDERR  ] 2018-06-29T16:45:04.870449206Z: [    0.036804] ACPI: 1 ACPI AML tables successfully acquired and loaded
[STDERR  ] 2018-06-29T16:45:04.870461083Z: [    0.038733] Security Framework initialized
[STDERR  ] 2018-06-29T16:45:04.870472965Z: [    0.039267] Yama: becoming mindful.
[STDERR  ] 2018-06-29T16:45:04.870484568Z: [    0.042274] Mount-cache hash table entries: 2048 (order: 2, 16384 bytes)
[STDERR  ] 2018-06-29T16:45:04.870509197Z: [    0.042743] Mountpoint-cache hash table entries: 2048 (order: 2, 16384 bytes)
[STDERR  ] 2018-06-29T16:45:04.870521014Z: [    0.060432] Last level iTLB entries: 4KB 0, 2MB 0, 4MB 0
[STDERR  ] 2018-06-29T16:45:04.870532578Z: [    0.060800] Last level dTLB entries: 4KB 0, 2MB 0, 4MB 0, 1GB 0
[STDERR  ] 2018-06-29T16:45:04.870543709Z: [    0.061261] Spectre V2 : Spectre mitigation: LFENCE not serializing, switching to generic retpoline
[STDERR  ] 2018-06-29T16:45:04.870563294Z: [    0.061744] Spectre V2 : Vulnerable: Minimal generic ASM retpoline
[STDERR  ] 2018-06-29T16:45:04.870583402Z: [    0.062123] Spectre V2 : Spectre v2 mitigation: Filling RSB on context switch
[STDERR  ] 2018-06-29T16:45:04.870601667Z: [    0.062554] Speculative Store Bypass: Vulnerable
[STDERR  ] 2018-06-29T16:45:04.870614445Z: [    0.351555] Freeing SMP alternatives memory: 20K
[STDERR  ] 2018-06-29T16:45:04.870624540Z: [    0.371844] smpboot: Max logical packages: 1
[STDERR  ] 2018-06-29T16:45:04.870633129Z: [    0.378272] ..TIMER: vector=0x30 apic1=0 pin1=2 apic2=-1 pin2=-1
[STDERR  ] 2018-06-29T16:45:04.870642017Z: [    0.490000] smpboot: CPU0: AMD QEMU Virtual CPU version 2.5+ (family: 0x6, model: 0x6, stepping: 0x3)
[STDERR  ] 2018-06-29T16:45:04.870650621Z: [    0.490000] Performance Events: PMU not available due to virtualization, using software events only.
[STDERR  ] 2018-06-29T16:45:04.870659062Z: [    0.491080] Hierarchical SRCU implementation.
[STDERR  ] 2018-06-29T16:45:04.870667855Z: [    0.498001] NMI watchdog: Perf event create on CPU 0 failed with -2
[STDERR  ] 2018-06-29T16:45:04.870678243Z: [    0.498475] NMI watchdog: Perf NMI watchdog permanently disabled
[STDERR  ] 2018-06-29T16:45:04.870686986Z: [    0.502827] smp: Bringing up secondary CPUs ...
[STDERR  ] 2018-06-29T16:45:04.870694686Z: [    0.503184] smp: Brought up 1 node, 1 CPU
[STDERR  ] 2018-06-29T16:45:04.870702532Z: [    0.503468] smpboot: Total of 1 processors activated (5199.30 BogoMIPS)
[STDERR  ] 2018-06-29T16:45:04.870710471Z: [    0.518424] devtmpfs: initialized
[STDERR  ] 2018-06-29T16:45:04.870718368Z: [    0.524323] x86/mm: Memory block size: 128MB
[STDERR  ] 2018-06-29T16:45:04.870734807Z: [    0.530762] evm: security.ima
[STDERR  ] 2018-06-29T16:45:04.870746632Z: [    0.530944] evm: security.capability
[STDERR  ] 2018-06-29T16:45:04.870757886Z: [    0.533839] clocksource: jiffies: mask: 0xffffffff max_cycles: 0xffffffff, max_idle_ns: 19112604462750000 ns
[STDERR  ] 2018-06-29T16:45:04.870770214Z: [    0.534528] futex hash table entries: 256 (order: 2, 16384 bytes)
[STDERR  ] 2018-06-29T16:45:04.870782923Z: [    0.544205] NET: Registered protocol family 16
[STDERR  ] 2018-06-29T16:45:04.870794041Z: [    0.550267] cpuidle: using governor ladder
[STDERR  ] 2018-06-29T16:45:04.870807842Z: [    0.550675] cpuidle: using governor menu
[STDERR  ] 2018-06-29T16:45:04.870821123Z: [    0.552613] ACPI: bus type PCI registered
[STDERR  ] 2018-06-29T16:45:04.870831309Z: [    0.555134] PCI: MMCONFIG for domain 0000 [bus 00-ff] at [mem 0xb0000000-0xbfffffff] (base 0xb0000000)
[STDERR  ] 2018-06-29T16:45:04.870843242Z: [    0.555961] PCI: MMCONFIG at [mem 0xb0000000-0xbfffffff] reserved in E820
[STDERR  ] 2018-06-29T16:45:04.870854697Z: [    0.556901] PCI: Using configuration type 1 for base access
[STDERR  ] 2018-06-29T16:45:04.870868356Z: [    0.592382] HugeTLB registered 2.00 MiB page size, pre-allocated 0 pages
[STDERR  ] 2018-06-29T16:45:04.870880384Z: [    0.603253] ACPI: Added _OSI(Module Device)
[STDERR  ] 2018-06-29T16:45:04.870892988Z: [    0.603586] ACPI: Added _OSI(Processor Device)
[STDERR  ] 2018-06-29T16:45:04.870904922Z: [    0.603842] ACPI: Added _OSI(3.0 _SCP Extensions)
[STDERR  ] 2018-06-29T16:45:04.870916547Z: [    0.604057] ACPI: Added _OSI(Processor Aggregator Device)
[STDERR  ] 2018-06-29T16:45:04.870928334Z: [    0.652694] ACPI: Interpreter enabled
[STDERR  ] 2018-06-29T16:45:04.870940550Z: [    0.653575] ACPI: (supports S0 S5)
[STDERR  ] 2018-06-29T16:45:04.870953194Z: [    0.653910] ACPI: Using IOAPIC for interrupt routing
[STDERR  ] 2018-06-29T16:45:04.870966335Z: [    0.656208] PCI: Using host bridge windows from ACPI; if necessary, use "pci=nocrs" and report a bug
[STDERR  ] 2018-06-29T16:45:04.870979085Z: [    0.659107] ACPI: Enabled 1 GPEs in block 00 to 3F
[STDERR  ] 2018-06-29T16:45:04.870988529Z: [    0.706368] ACPI: PCI Root Bridge [PCI0] (domain 0000 [bus 00-ff])
[STDERR  ] 2018-06-29T16:45:04.871003190Z: [    0.707293] acpi PNP0A08:00: _OSC: OS supports [ExtendedConfig ASPM ClockPM Segments MSI]
[STDERR  ] 2018-06-29T16:45:04.871012569Z: [    0.711892] acpi PNP0A08:00: _OSC: OS now controls [PCIeHotplug PME PCIeCapability]
[STDERR  ] 2018-06-29T16:45:04.871020916Z: [    0.715398] PCI host bridge to bus 0000:00
[STDERR  ] 2018-06-29T16:45:04.871032891Z: [    0.715907] pci_bus 0000:00: root bus resource [io  0x0000-0x0cf7 window]
[STDERR  ] 2018-06-29T16:45:04.871041572Z: [    0.716299] pci_bus 0000:00: root bus resource [io  0x0d00-0xffff window]
[STDERR  ] 2018-06-29T16:45:04.871049941Z: [    0.716609] pci_bus 0000:00: root bus resource [mem 0x000a0000-0x000bffff window]
[STDERR  ] 2018-06-29T16:45:04.871058001Z: [    0.716927] pci_bus 0000:00: root bus resource [mem 0xc0000000-0xfebfffff window]
[STDERR  ] 2018-06-29T16:45:04.871067618Z: [    0.717403] pci_bus 0000:00: root bus resource [bus 00-ff]
[STDERR  ] 2018-06-29T16:45:04.871077873Z: [    0.876860] pci 0000:00:1f.0: quirk: [io  0x0600-0x067f] claimed by ICH6 ACPI/GPIO/TCO
[STDERR  ] 2018-06-29T16:45:04.871086438Z: [    0.968284] ACPI: PCI Interrupt Link [LNKA] (IRQs 5 *10 11)
[STDERR  ] 2018-06-29T16:45:04.871094671Z: [    0.971457] ACPI: PCI Interrupt Link [LNKB] (IRQs 5 *10 11)
[STDERR  ] 2018-06-29T16:45:04.871102607Z: [    0.973231] ACPI: PCI Interrupt Link [LNKC] (IRQs 5 10 *11)
[STDERR  ] 2018-06-29T16:45:04.871110576Z: [    0.974714] ACPI: PCI Interrupt Link [LNKD] (IRQs 5 10 *11)
[STDERR  ] 2018-06-29T16:45:04.871118511Z: [    0.976022] ACPI: PCI Interrupt Link [LNKE] (IRQs 5 *10 11)
[STDERR  ] 2018-06-29T16:45:04.871126375Z: [    0.977164] ACPI: PCI Interrupt Link [LNKF] (IRQs 5 *10 11)
[STDERR  ] 2018-06-29T16:45:04.871134543Z: [    0.978399] ACPI: PCI Interrupt Link [LNKG] (IRQs 5 10 *11)
[STDERR  ] 2018-06-29T16:45:04.871142377Z: [    0.980640] ACPI: PCI Interrupt Link [LNKH] (IRQs 5 10 *11)
[STDERR  ] 2018-06-29T16:45:04.871150027Z: [    0.981355] ACPI: PCI Interrupt Link [GSIA] (IRQs *16)
[STDERR  ] 2018-06-29T16:45:04.871157778Z: [    0.981871] ACPI: PCI Interrupt Link [GSIB] (IRQs *17)
[STDERR  ] 2018-06-29T16:45:04.871165491Z: [    0.982332] ACPI: PCI Interrupt Link [GSIC] (IRQs *18)
[STDERR  ] 2018-06-29T16:45:04.871173287Z: [    0.982819] ACPI: PCI Interrupt Link [GSID] (IRQs *19)
[STDERR  ] 2018-06-29T16:45:04.871182675Z: [    0.983296] ACPI: PCI Interrupt Link [GSIE] (IRQs *20)
[STDERR  ] 2018-06-29T16:45:04.871190400Z: [    0.983740] ACPI: PCI Interrupt Link [GSIF] (IRQs *21)
[STDERR  ] 2018-06-29T16:45:04.871198121Z: [    0.984195] ACPI: PCI Interrupt Link [GSIG] (IRQs *22)
[STDERR  ] 2018-06-29T16:45:04.871205624Z: [    0.984669] ACPI: PCI Interrupt Link [GSIH] (IRQs *23)
[STDERR  ] 2018-06-29T16:45:04.871213585Z: [    0.993172] SCSI subsystem initialized
[STDERR  ] 2018-06-29T16:45:04.871222979Z: [    0.996000] ACPI: bus type USB registered
[STDERR  ] 2018-06-29T16:45:04.871230715Z: [    0.997049] usbcore: registered new interface driver usbfs
[STDERR  ] 2018-06-29T16:45:04.871238506Z: [    0.997788] usbcore: registered new interface driver hub
[STDERR  ] 2018-06-29T16:45:04.871246179Z: [    0.998536] usbcore: registered new device driver usb
[STDERR  ] 2018-06-29T16:45:04.871253897Z: [    0.999434] pps_core: LinuxPPS API ver. 1 registered
[STDERR  ] 2018-06-29T16:45:04.871261507Z: [    0.999709] pps_core: Software ver. 5.3.6 - Copyright 2005-2007 Rodolfo Giometti <giometti@linux.it>
[STDERR  ] 2018-06-29T16:45:04.871269471Z: [    1.000250] PTP clock support registered
[STDERR  ] 2018-06-29T16:45:04.871277137Z: [    1.002219] PCI: Using ACPI for IRQ routing
[STDERR  ] 2018-06-29T16:45:04.871284745Z: [    1.016393] NetLabel: Initializing
[STDERR  ] 2018-06-29T16:45:04.871292537Z: [    1.016583] NetLabel:  domain hash size = 128
[STDERR  ] 2018-06-29T16:45:04.871301884Z: [    1.016731] NetLabel:  protocols = UNLABELED CIPSOv4 CALIPSO
[STDERR  ] 2018-06-29T16:45:04.871309546Z: [    1.019688] NetLabel:  unlabeled traffic allowed by default
[STDERR  ] 2018-06-29T16:45:04.871317262Z: [    1.021722] HPET: 3 timers in total, 0 timers will be used for per-cpu timer
[STDERR  ] 2018-06-29T16:45:04.871328658Z: [    1.022414] hpet0: at MMIO 0xfed00000, IRQs 2, 8, 0
[STDERR  ] 2018-06-29T16:45:04.871336680Z: [    1.022791] hpet0: 3 comparators, 64-bit 100.000000 MHz counter
[STDERR  ] 2018-06-29T16:45:04.871346027Z: [    1.028964] clocksource: Switched to clocksource hpet
[STDERR  ] 2018-06-29T16:45:04.871358946Z: [    1.238687] VFS: Disk quotas dquot_6.6.0
[STDERR  ] 2018-06-29T16:45:04.871366896Z: [    1.239326] VFS: Dquot-cache hash table entries: 512 (order 0, 4096 bytes)
[STDERR  ] 2018-06-29T16:45:04.871375356Z: [    1.242918] FS-Cache: Loaded
[STDERR  ] 2018-06-29T16:45:04.871383510Z: [    1.249293] CacheFiles: Loaded
[STDERR  ] 2018-06-29T16:45:04.871392298Z: [    1.250563] pnp: PnP ACPI init
[STDERR  ] 2018-06-29T16:45:04.871401223Z: [    1.258484] pnp: PnP ACPI: found 5 devices
[STDERR  ] 2018-06-29T16:45:04.871410440Z: [    1.290522] clocksource: acpi_pm: mask: 0xffffff max_cycles: 0xffffff, max_idle_ns: 2085701024 ns
[STDERR  ] 2018-06-29T16:45:04.871418889Z: [    1.293803] NET: Registered protocol family 2
[STDERR  ] 2018-06-29T16:45:04.871427280Z: [    1.301092] TCP established hash table entries: 8192 (order: 4, 65536 bytes)
[STDERR  ] 2018-06-29T16:45:04.871437231Z: [    1.301889] TCP bind hash table entries: 8192 (order: 5, 131072 bytes)
[STDERR  ] 2018-06-29T16:45:04.871445341Z: [    1.302928] TCP: Hash tables configured (established 8192 bind 8192)
[STDERR  ] 2018-06-29T16:45:04.871453415Z: [    1.304907] UDP hash table entries: 512 (order: 2, 16384 bytes)
[STDERR  ] 2018-06-29T16:45:04.871461600Z: [    1.305426] UDP-Lite hash table entries: 512 (order: 2, 16384 bytes)
[STDERR  ] 2018-06-29T16:45:04.871469588Z: [    1.307723] NET: Registered protocol family 1
[STDERR  ] 2018-06-29T16:45:04.871477403Z: [    1.308703] pci 0000:00:01.0: Video device with shadowed ROM at [mem 0x000c0000-0x000dffff]
[STDERR  ] 2018-06-29T16:45:04.871486303Z: [    1.314347] Trying to unpack rootfs image as initramfs...
[STDERR  ] 2018-06-29T16:45:04.871494559Z: [    6.459611] Freeing initrd memory: 35752K
[STDERR  ] 2018-06-29T16:45:04.871502187Z: [    6.480963] PCLMULQDQ-NI instructions are not detected.
[STDERR  ] 2018-06-29T16:45:04.871510359Z: [    6.482252] AVX or AES-NI instructions are not detected.
[STDERR  ] 2018-06-29T16:45:04.871518453Z: [    6.482651] CPU feature 'AVX registers' is not supported.
[STDERR  ] 2018-06-29T16:45:04.871527610Z: [    6.483010] CPU feature 'AVX registers' is not supported.
[STDERR  ] 2018-06-29T16:45:04.871535631Z: [    6.483312] CPU feature 'AVX registers' is not supported.
[STDERR  ] 2018-06-29T16:45:04.871543520Z: [    6.483630] CPU feature 'AVX registers' is not supported.
[STDERR  ] 2018-06-29T16:45:04.871551797Z: [    6.483977] AVX2 or AES-NI instructions are not detected.
[STDERR  ] 2018-06-29T16:45:04.871560692Z: [    6.484292] AVX2 instructions are not detected.
[STDERR  ] 2018-06-29T16:45:04.871568500Z: [    6.488530] audit: initializing netlink subsys (disabled)
[STDERR  ] 2018-06-29T16:45:04.871582546Z: [    6.491308] audit: type=2000 audit(1530290670.490:1): state=initialized audit_enabled=0 res=1
[STDERR  ] 2018-06-29T16:45:04.871591068Z: [    6.495341] workingset: timestamp_bits=46 max_order=18 bucket_order=0
[STDERR  ] 2018-06-29T16:45:04.871599252Z: [    6.499195] squashfs: version 4.0 (2009/01/31) Phillip Lougher
[STDERR  ] 2018-06-29T16:45:04.871607936Z: [    6.502639] FS-Cache: Netfs 'cifs' registered for caching
[STDERR  ] 2018-06-29T16:45:04.871615888Z: [    6.503526] fuse init (API version 7.26)
[STDERR  ] 2018-06-29T16:45:04.871624202Z: [    6.505499] SGI XFS with ACLs, security attributes, no debug enabled
[STDERR  ] 2018-06-29T16:45:04.871632779Z: [    6.508818] 9p: Installing v9fs 9p2000 file system support
[STDERR  ] 2018-06-29T16:45:04.871640905Z: [    6.509231] FS-Cache: Netfs '9p' registered for caching
[STDERR  ] 2018-06-29T16:45:04.871648820Z: [    6.537289] NET: Registered protocol family 38
[STDERR  ] 2018-06-29T16:45:04.871656697Z: [    6.537797] Key type asymmetric registered
[STDERR  ] 2018-06-29T16:45:04.871667834Z: [    6.538129] Asymmetric key parser 'x509' registered
[STDERR  ] 2018-06-29T16:45:04.871676412Z: [    6.538944] Block layer SCSI generic (bsg) driver version 0.4 loaded (major 247)
[STDERR  ] 2018-06-29T16:45:04.871684226Z: [    6.541890] io scheduler noop registered
[STDERR  ] 2018-06-29T16:45:04.871695994Z: [    6.542236] io scheduler deadline registered (default)
[STDERR  ] 2018-06-29T16:45:04.871704161Z: [    6.543126] io scheduler cfq registered
[STDERR  ] 2018-06-29T16:45:04.871712046Z: [    6.543333] io scheduler mq-deadline registered
[STDERR  ] 2018-06-29T16:45:04.871719934Z: [    6.543514] io scheduler kyber registered
[STDERR  ] 2018-06-29T16:45:04.871729544Z: [    6.546170] shpchp: Standard Hot Plug PCI Controller Driver version: 0.4
[STDERR  ] 2018-06-29T16:45:04.871737462Z: [    6.546900] hv_vmbus: registering driver hyperv_fb
[STDERR  ] 2018-06-29T16:45:04.871745151Z: [    6.549515] input: Power Button as /devices/LNXSYSTM:00/LNXPWRBN:00/input/input0
[STDERR  ] 2018-06-29T16:45:04.871753067Z: [    6.552950] ACPI: Power Button [PWRF]
[STDERR  ] 2018-06-29T16:45:04.871760734Z: [    6.565503] ACPI: PCI Interrupt Link [GSIG] enabled at IRQ 22
[STDERR  ] 2018-06-29T16:45:04.871768614Z: [    6.577360] ACPI: PCI Interrupt Link [GSIH] enabled at IRQ 23
[STDERR  ] 2018-06-29T16:45:04.871776554Z: [    6.584118] Serial: 8250/16550 driver, 4 ports, IRQ sharing disabled
[STDERR  ] 2018-06-29T16:45:04.871784239Z: [    6.607998] 00:04: ttyS0 at I/O 0x3f8 (irq = 4, base_baud = 115200) is a 16550A
[STDERR  ] 2018-06-29T16:45:04.871793326Z: [    6.617106] Non-volatile memory driver v1.3
[STDERR  ] 2018-06-29T16:45:04.871801042Z: [    6.624611] Hangcheck: starting hangcheck timer 0.9.1 (tick is 180 seconds, margin is 60 seconds).
[STDERR  ] 2018-06-29T16:45:04.871809740Z: [    6.637562] random: fast init done
[STDERR  ] 2018-06-29T16:45:04.871817363Z: [    6.638736] random: crng init done
[STDERR  ] 2018-06-29T16:45:04.871824961Z: [    6.676231] brd: module loaded
[STDERR  ] 2018-06-29T16:45:04.871832762Z: [    6.700721] loop: module loaded
[STDERR  ] 2018-06-29T16:45:04.871842057Z: [    6.742163] lpc_ich 0000:00:1f.0: I/O space for GPIO uninitialized
[STDERR  ] 2018-06-29T16:45:04.871849685Z: [    6.744343] VMware PVSCSI driver - version 1.0.7.0-k
[STDERR  ] 2018-06-29T16:45:04.871859232Z: [    6.744969] hv_vmbus: registering driver hv_storvsc
[STDERR  ] 2018-06-29T16:45:04.871867090Z: [    6.753009] ACPI: PCI Interrupt Link [GSIA] enabled at IRQ 16
[STDERR  ] 2018-06-29T16:45:04.871874834Z: [    6.759006] ahci 0000:00:1f.2: AHCI 0001.0000 32 slots 6 ports 1.5 Gbps 0x3f impl SATA mode
[STDOUT  ] 2018-06-29T16:45:04.872207388Z: [    0.000000] Linux version 4.14.51-linuxkit (root@d0a5c3056f66) (gcc version 6.4.0 (Alpine 6.4.0)) #1 SMP Fri Jun 22 13:17:09 UTC 2018
[STDOUT  ] 2018-06-29T16:45:04.872254710Z: [    0.000000] Command line: console=ttyS0 console=ttyAMA0
[STDOUT  ] 2018-06-29T16:45:04.872262666Z: [    0.000000] x86/fpu: x87 FPU will use FXSAVE
[STDOUT  ] 2018-06-29T16:45:04.872270100Z: [    0.000000] e820: BIOS-provided physical RAM map:
[STDOUT  ] 2018-06-29T16:45:04.872277279Z: [    0.000000] BIOS-e820: [mem 0x0000000000000000-0x000000000009fbff] usable
[STDOUT  ] 2018-06-29T16:45:04.872284230Z: [    0.000000] BIOS-e820: [mem 0x000000000009fc00-0x000000000009ffff] reserved
[STDOUT  ] 2018-06-29T16:45:04.872290671Z: [    0.000000] BIOS-e820: [mem 0x00000000000f0000-0x00000000000fffff] reserved
[STDOUT  ] 2018-06-29T16:45:04.872296773Z: [    0.000000] BIOS-e820: [mem 0x0000000000100000-0x000000003ffdefff] usable
[STDOUT  ] 2018-06-29T16:45:04.872302786Z: [    0.000000] BIOS-e820: [mem 0x000000003ffdf000-0x000000003fffffff] reserved
[STDOUT  ] 2018-06-29T16:45:04.872308531Z: [    0.000000] BIOS-e820: [mem 0x00000000b0000000-0x00000000bfffffff] reserved
[STDOUT  ] 2018-06-29T16:45:04.872314821Z: [    0.000000] BIOS-e820: [mem 0x00000000fed1c000-0x00000000fed1ffff] reserved
[STDOUT  ] 2018-06-29T16:45:04.872320526Z: [    0.000000] BIOS-e820: [mem 0x00000000fffc0000-0x00000000ffffffff] reserved
[STDOUT  ] 2018-06-29T16:45:04.872333966Z: [    0.000000] NX (Execute Disable) protection: active
[STDOUT  ] 2018-06-29T16:45:04.872340418Z: [    0.000000] SMBIOS 2.8 present.
[STDOUT  ] 2018-06-29T16:45:04.872346907Z: [    0.000000] DMI: QEMU Standard PC (Q35 + ICH9, 2009), BIOS rel-1.10.2-0-g5f4c7b1-prebuilt.qemu-project.org 04/01/2014
[STDOUT  ] 2018-06-29T16:45:04.872358683Z: [    0.000000] tsc: Fast TSC calibration using PIT
[STDOUT  ] 2018-06-29T16:45:04.872365038Z: [    0.000000] e820: last_pfn = 0x3ffdf max_arch_pfn = 0x400000000
[STDOUT  ] 2018-06-29T16:45:04.872371444Z: [    0.000000] x86/PAT: Configuration [0-7]: WB  WC  UC- UC  WB  WP  UC- WT  
[STDOUT  ] 2018-06-29T16:45:04.872377591Z: [    0.000000] found SMP MP-table at [mem 0x000f6aa0-0x000f6aaf] mapped at [ffffffffff200aa0]
[STDOUT  ] 2018-06-29T16:45:04.872383996Z: [    0.000000] RAMDISK: [mem 0x3dce6000-0x3ffcffff]
[STDOUT  ] 2018-06-29T16:45:04.872390362Z: [    0.000000] ACPI: Early table checksum verification disabled
[STDOUT  ] 2018-06-29T16:45:04.872396528Z: [    0.000000] ACPI: RSDP 0x00000000000F68B0 000014 (v00 BOCHS )
[STDOUT  ] 2018-06-29T16:45:04.872402471Z: [    0.000000] ACPI: RSDT 0x000000003FFE20A8 000034 (v01 BOCHS  BXPCRSDT 00000001 BXPC 00000001)
[STDOUT  ] 2018-06-29T16:45:04.872408389Z: [    0.000000] ACPI: FACP 0x000000003FFE1EC8 0000F4 (v03 BOCHS  BXPCFACP 00000001 BXPC 00000001)
[STDOUT  ] 2018-06-29T16:45:04.872414362Z: [    0.000000] ACPI: DSDT 0x000000003FFE0040 001E88 (v01 BOCHS  BXPCDSDT 00000001 BXPC 00000001)
[STDOUT  ] 2018-06-29T16:45:04.872420155Z: [    0.000000] ACPI: FACS 0x000000003FFE0000 000040
[STDOUT  ] 2018-06-29T16:45:04.872426053Z: [    0.000000] ACPI: APIC 0x000000003FFE1FBC 000078 (v01 BOCHS  BXPCAPIC 00000001 BXPC 00000001)
[STDOUT  ] 2018-06-29T16:45:04.872431730Z: [    0.000000] ACPI: HPET 0x000000003FFE2034 000038 (v01 BOCHS  BXPCHPET 00000001 BXPC 00000001)
[STDOUT  ] 2018-06-29T16:45:04.872437566Z: [    0.000000] ACPI: MCFG 0x000000003FFE206C 00003C (v01 BOCHS  BXPCMCFG 00000001 BXPC 00000001)
[STDOUT  ] 2018-06-29T16:45:04.872443528Z: [    0.000000] Zone ranges:
[STDOUT  ] 2018-06-29T16:45:04.872450105Z: [    0.000000]   DMA      [mem 0x0000000000001000-0x0000000000ffffff]
[STDOUT  ] 2018-06-29T16:45:04.872456150Z: [    0.000000]   DMA32    [mem 0x0000000001000000-0x000000003ffdefff]
[STDOUT  ] 2018-06-29T16:45:04.872462550Z: [    0.000000]   Normal   empty
[STDOUT  ] 2018-06-29T16:45:04.872468365Z: [    0.000000]   Device   empty
[STDOUT  ] 2018-06-29T16:45:04.872475565Z: [    0.000000] Movable zone start for each node
[STDOUT  ] 2018-06-29T16:45:04.872483535Z: [    0.000000] Early memory node ranges
[STDOUT  ] 2018-06-29T16:45:04.872491188Z: [    0.000000]   node   0: [mem 0x0000000000001000-0x000000000009efff]
[STDOUT  ] 2018-06-29T16:45:04.872499562Z: [    0.000000]   node   0: [mem 0x0000000000100000-0x000000003ffdefff]
[STDOUT  ] 2018-06-29T16:45:04.872507889Z: [    0.000000] Initmem setup node 0 [mem 0x0000000000001000-0x000000003ffdefff]
[STDOUT  ] 2018-06-29T16:45:04.872516134Z: [    0.000000] ACPI: PM-Timer IO Port: 0x608
[STDOUT  ] 2018-06-29T16:45:04.872524610Z: [    0.000000] ACPI: LAPIC_NMI (acpi_id[0xff] dfl dfl lint[0x1])
[STDOUT  ] 2018-06-29T16:45:04.872532793Z: [    0.000000] IOAPIC[0]: apic_id 0, version 32, address 0xfec00000, GSI 0-23
[STDOUT  ] 2018-06-29T16:45:04.872541787Z: [    0.000000] ACPI: INT_SRC_OVR (bus 0 bus_irq 0 global_irq 2 dfl dfl)
[STDOUT  ] 2018-06-29T16:45:04.872551125Z: [    0.000000] ACPI: INT_SRC_OVR (bus 0 bus_irq 5 global_irq 5 high level)
[STDOUT  ] 2018-06-29T16:45:04.872560790Z: [    0.000000] ACPI: INT_SRC_OVR (bus 0 bus_irq 9 global_irq 9 high level)
[STDOUT  ] 2018-06-29T16:45:04.872569812Z: [    0.000000] ACPI: INT_SRC_OVR (bus 0 bus_irq 10 global_irq 10 high level)
[STDOUT  ] 2018-06-29T16:45:04.872585952Z: [    0.000000] ACPI: INT_SRC_OVR (bus 0 bus_irq 11 global_irq 11 high level)
[STDOUT  ] 2018-06-29T16:45:04.872592386Z: [    0.000000] Using ACPI (MADT) for SMP configuration information
[STDOUT  ] 2018-06-29T16:45:04.872598534Z: [    0.000000] ACPI: HPET id: 0x8086a201 base: 0xfed00000
[STDOUT  ] 2018-06-29T16:45:04.872608934Z: [    0.000000] smpboot: Allowing 1 CPUs, 0 hotplug CPUs
[STDOUT  ] 2018-06-29T16:45:04.872615448Z: [    0.000000] e820: [mem 0x40000000-0xafffffff] available for PCI devices
[STDOUT  ] 2018-06-29T16:45:04.872621375Z: [    0.000000] Booting paravirtualized kernel on bare hardware
[STDOUT  ] 2018-06-29T16:45:04.872631621Z: [    0.000000] clocksource: refined-jiffies: mask: 0xffffffff max_cycles: 0xffffffff, max_idle_ns: 19112604462750000 ns
[STDOUT  ] 2018-06-29T16:45:04.872637925Z: [    0.000000] random: get_random_bytes called from start_kernel+0x92/0x4c8 with crng_init=0
[STDOUT  ] 2018-06-29T16:45:04.872644421Z: [    0.000000] setup_percpu: NR_CPUS:128 nr_cpumask_bits:128 nr_cpu_ids:1 nr_node_ids:1
[STDOUT  ] 2018-06-29T16:45:04.872652356Z: [    0.000000] percpu: Embedded 44 pages/cpu @ffff8db93da00000 s143256 r8192 d28776 u2097152
[STDOUT  ] 2018-06-29T16:45:04.872658576Z: [    0.000000] Built 1 zonelists, mobility grouping on.  Total pages: 257896
[STDOUT  ] 2018-06-29T16:45:04.872664898Z: [    0.000000] Kernel command line: console=ttyS0 console=ttyAMA0
[STDOUT  ] 2018-06-29T16:45:04.872670931Z: [    0.000000] PID hash table entries: 4096 (order: 3, 32768 bytes)
[STDOUT  ] 2018-06-29T16:45:04.872676890Z: [    0.000000] Dentry cache hash table entries: 131072 (order: 8, 1048576 bytes)
[STDOUT  ] 2018-06-29T16:45:04.872682997Z: [    0.000000] Inode-cache hash table entries: 65536 (order: 7, 524288 bytes)
[STDOUT  ] 2018-06-29T16:45:04.872690488Z: [    0.000000] Memory: 969048K/1048052K available (12300K kernel code, 1459K rwdata, 2992K rodata, 1512K init, 632K bss, 79004K reserved, 0K cma-reserved)
[STDOUT  ] 2018-06-29T16:45:04.872703040Z: [    0.000000] ftrace: allocating 41025 entries in 161 pages
[STDOUT  ] 2018-06-29T16:45:04.872709244Z: [    0.000000] Hierarchical RCU implementation.
[STDOUT  ] 2018-06-29T16:45:04.872717707Z: [    0.000000] 	RCU restricting CPUs from NR_CPUS=128 to nr_cpu_ids=1.
[STDOUT  ] 2018-06-29T16:45:04.872724173Z: [    0.000000] RCU: Adjusting geometry for rcu_fanout_leaf=16, nr_cpu_ids=1
[STDOUT  ] 2018-06-29T16:45:04.872730797Z: [    0.000000] NR_IRQS: 8448, nr_irqs: 256, preallocated irqs: 16
[STDOUT  ] 2018-06-29T16:45:04.872737171Z: [    0.000000] Console: colour VGA+ 80x25
[STDOUT  ] 2018-06-29T16:45:04.872743273Z: [    0.000000] console [ttyS0] enabled
[STDOUT  ] 2018-06-29T16:45:04.872749067Z: [    0.000000] clocksource: hpet: mask: 0xffffffff max_cycles: 0xffffffff, max_idle_ns: 19112604467 ns
[STDOUT  ] 2018-06-29T16:45:04.872755907Z: [    0.000000] tsc: Fast TSC calibration using PIT
[STDOUT  ] 2018-06-29T16:45:04.872762067Z: [    0.000000] tsc: Detected 2599.650 MHz processor
[STDOUT  ] 2018-06-29T16:45:04.872768265Z: [    0.001703] Calibrating delay loop (skipped), value calculated using timer frequency.. 5199.30 BogoMIPS (lpj=25996500)
[STDOUT  ] 2018-06-29T16:45:04.872775644Z: [    0.002157] pid_max: default: 32768 minimum: 301
[STDOUT  ] 2018-06-29T16:45:04.872781458Z: [    0.002915] ACPI: Core revision 20170728
[STDOUT  ] 2018-06-29T16:45:04.872787548Z: [    0.036804] ACPI: 1 ACPI AML tables successfully acquired and loaded
[STDOUT  ] 2018-06-29T16:45:04.872794962Z: [    0.038733] Security Framework initialized
[STDOUT  ] 2018-06-29T16:45:04.872800778Z: [    0.039267] Yama: becoming mindful.
[STDOUT  ] 2018-06-29T16:45:04.872807184Z: [    0.042274] Mount-cache hash table entries: 2048 (order: 2, 16384 bytes)
[STDOUT  ] 2018-06-29T16:45:04.872813325Z: [    0.042743] Mountpoint-cache hash table entries: 2048 (order: 2, 16384 bytes)
[STDOUT  ] 2018-06-29T16:45:04.872819246Z: [    0.060432] Last level iTLB entries: 4KB 0, 2MB 0, 4MB 0
[STDOUT  ] 2018-06-29T16:45:04.872826119Z: [    0.060800] Last level dTLB entries: 4KB 0, 2MB 0, 4MB 0, 1GB 0
[STDOUT  ] 2018-06-29T16:45:04.872832145Z: [    0.061261] Spectre V2 : Spectre mitigation: LFENCE not serializing, switching to generic retpoline
[STDOUT  ] 2018-06-29T16:45:04.872837978Z: [    0.061744] Spectre V2 : Vulnerable: Minimal generic ASM retpoline
[STDOUT  ] 2018-06-29T16:45:04.872846897Z: [    0.062123] Spectre V2 : Spectre v2 mitigation: Filling RSB on context switch
[STDOUT  ] 2018-06-29T16:45:04.872852800Z: [    0.062554] Speculative Store Bypass: Vulnerable
[STDOUT  ] 2018-06-29T16:45:04.872858586Z: [    0.351555] Freeing SMP alternatives memory: 20K
[STDOUT  ] 2018-06-29T16:45:04.872867717Z: [    0.371844] smpboot: Max logical packages: 1
[STDOUT  ] 2018-06-29T16:45:04.872873550Z: [    0.378272] ..TIMER: vector=0x30 apic1=0 pin1=2 apic2=-1 pin2=-1
[STDOUT  ] 2018-06-29T16:45:04.872879365Z: [    0.490000] smpboot: CPU0: AMD QEMU Virtual CPU version 2.5+ (family: 0x6, model: 0x6, stepping: 0x3)
[STDOUT  ] 2018-06-29T16:45:04.872885138Z: [    0.490000] Performance Events: PMU not available due to virtualization, using software events only.
[STDOUT  ] 2018-06-29T16:45:04.872890983Z: [    0.491080] Hierarchical SRCU implementation.
[STDOUT  ] 2018-06-29T16:45:04.872896710Z: [    0.498001] NMI watchdog: Perf event create on CPU 0 failed with -2
[STDOUT  ] 2018-06-29T16:45:04.872902413Z: [    0.498475] NMI watchdog: Perf NMI watchdog permanently disabled
[STDOUT  ] 2018-06-29T16:45:04.872908659Z: [    0.502827] smp: Bringing up secondary CPUs ...
[STDOUT  ] 2018-06-29T16:45:04.872914640Z: [    0.503184] smp: Brought up 1 node, 1 CPU
[STDOUT  ] 2018-06-29T16:45:04.872920426Z: [    0.503468] smpboot: Total of 1 processors activated (5199.30 BogoMIPS)
[STDOUT  ] 2018-06-29T16:45:04.872926307Z: [    0.518424] devtmpfs: initialized
[STDOUT  ] 2018-06-29T16:45:04.872932017Z: [    0.524323] x86/mm: Memory block size: 128MB
[STDOUT  ] 2018-06-29T16:45:04.872937696Z: [    0.530762] evm: security.ima
[STDOUT  ] 2018-06-29T16:45:04.872943532Z: [    0.530944] evm: security.capability
[STDOUT  ] 2018-06-29T16:45:04.872949318Z: [    0.533839] clocksource: jiffies: mask: 0xffffffff max_cycles: 0xffffffff, max_idle_ns: 19112604462750000 ns
[STDOUT  ] 2018-06-29T16:45:04.872955451Z: [    0.534528] futex hash table entries: 256 (order: 2, 16384 bytes)
[STDOUT  ] 2018-06-29T16:45:04.872962628Z: [    0.544205] NET: Registered protocol family 16
[STDOUT  ] 2018-06-29T16:45:04.872968417Z: [    0.550267] cpuidle: using governor ladder
[STDOUT  ] 2018-06-29T16:45:04.872974092Z: [    0.550675] cpuidle: using governor menu
[STDOUT  ] 2018-06-29T16:45:04.872979779Z: [    0.552613] ACPI: bus type PCI registered
[STDOUT  ] 2018-06-29T16:45:04.872985465Z: [    0.555134] PCI: MMCONFIG for domain 0000 [bus 00-ff] at [mem 0xb0000000-0xbfffffff] (base 0xb0000000)
[STDOUT  ] 2018-06-29T16:45:04.872991571Z: [    0.555961] PCI: MMCONFIG at [mem 0xb0000000-0xbfffffff] reserved in E820
[STDOUT  ] 2018-06-29T16:45:04.872997322Z: [    0.556901] PCI: Using configuration type 1 for base access
[STDOUT  ] 2018-06-29T16:45:04.873003048Z: [    0.592382] HugeTLB registered 2.00 MiB page size, pre-allocated 0 pages
[STDOUT  ] 2018-06-29T16:45:04.873008820Z: [    0.603253] ACPI: Added _OSI(Module Device)
[STDOUT  ] 2018-06-29T16:45:04.873014584Z: [    0.603586] ACPI: Added _OSI(Processor Device)
[STDOUT  ] 2018-06-29T16:45:04.873020315Z: [    0.603842] ACPI: Added _OSI(3.0 _SCP Extensions)
[STDOUT  ] 2018-06-29T16:45:04.873026184Z: [    0.604057] ACPI: Added _OSI(Processor Aggregator Device)
[STDOUT  ] 2018-06-29T16:45:04.873031950Z: [    0.652694] ACPI: Interpreter enabled
[STDOUT  ] 2018-06-29T16:45:04.873039446Z: [    0.653575] ACPI: (supports S0 S5)
[STDOUT  ] 2018-06-29T16:45:04.873045174Z: [    0.653910] ACPI: Using IOAPIC for interrupt routing
[STDOUT  ] 2018-06-29T16:45:04.873050925Z: [    0.656208] PCI: Using host bridge windows from ACPI; if necessary, use "pci=nocrs" and report a bug
[STDOUT  ] 2018-06-29T16:45:04.873056734Z: [    0.659107] ACPI: Enabled 1 GPEs in block 00 to 3F
[STDOUT  ] 2018-06-29T16:45:04.873062482Z: [    0.706368] ACPI: PCI Root Bridge [PCI0] (domain 0000 [bus 00-ff])
[STDOUT  ] 2018-06-29T16:45:04.873068159Z: [    0.707293] acpi PNP0A08:00: _OSC: OS supports [ExtendedConfig ASPM ClockPM Segments MSI]
[STDOUT  ] 2018-06-29T16:45:04.873074043Z: [    0.711892] acpi PNP0A08:00: _OSC: OS now controls [PCIeHotplug PME PCIeCapability]
[STDOUT  ] 2018-06-29T16:45:04.873085055Z: [    0.715398] PCI host bridge to bus 0000:00
[STDOUT  ] 2018-06-29T16:45:04.873090830Z: [    0.715907] pci_bus 0000:00: root bus resource [io  0x0000-0x0cf7 window]
[STDOUT  ] 2018-06-29T16:45:04.873096553Z: [    0.716299] pci_bus 0000:00: root bus resource [io  0x0d00-0xffff window]
[STDOUT  ] 2018-06-29T16:45:04.873106594Z: [    0.716609] pci_bus 0000:00: root bus resource [mem 0x000a0000-0x000bffff window]
[STDOUT  ] 2018-06-29T16:45:04.873112524Z: [    0.716927] pci_bus 0000:00: root bus resource [mem 0xc0000000-0xfebfffff window]
[STDOUT  ] 2018-06-29T16:45:04.873118712Z: [    0.717403] pci_bus 0000:00: root bus resource [bus 00-ff]
[STDOUT  ] 2018-06-29T16:45:04.873124449Z: [    0.876860] pci 0000:00:1f.0: quirk: [io  0x0600-0x067f] claimed by ICH6 ACPI/GPIO/TCO
[STDOUT  ] 2018-06-29T16:45:04.873130224Z: [    0.968284] ACPI: PCI Interrupt Link [LNKA] (IRQs 5 *10 11)
[STDOUT  ] 2018-06-29T16:45:04.873135950Z: [    0.971457] ACPI: PCI Interrupt Link [LNKB] (IRQs 5 *10 11)
[STDOUT  ] 2018-06-29T16:45:04.873141773Z: [    0.973231] ACPI: PCI Interrupt Link [LNKC] (IRQs 5 10 *11)
[STDOUT  ] 2018-06-29T16:45:04.873147569Z: [    0.974714] ACPI: PCI Interrupt Link [LNKD] (IRQs 5 10 *11)
[STDOUT  ] 2018-06-29T16:45:04.873153246Z: [    0.976022] ACPI: PCI Interrupt Link [LNKE] (IRQs 5 *10 11)
[STDOUT  ] 2018-06-29T16:45:04.873160944Z: [    0.977164] ACPI: PCI Interrupt Link [LNKF] (IRQs 5 *10 11)
[STDOUT  ] 2018-06-29T16:45:04.873166633Z: [    0.978399] ACPI: PCI Interrupt Link [LNKG] (IRQs 5 10 *11)
[STDOUT  ] 2018-06-29T16:45:04.873172310Z: [    0.980640] ACPI: PCI Interrupt Link [LNKH] (IRQs 5 10 *11)
[STDOUT  ] 2018-06-29T16:45:04.873178093Z: [    0.981355] ACPI: PCI Interrupt Link [GSIA] (IRQs *16)
[STDOUT  ] 2018-06-29T16:45:04.873183820Z: [    0.981871] ACPI: PCI Interrupt Link [GSIB] (IRQs *17)
[STDOUT  ] 2018-06-29T16:45:04.873189661Z: [    0.982332] ACPI: PCI Interrupt Link [GSIC] (IRQs *18)
[STDOUT  ] 2018-06-29T16:45:04.873195479Z: [    0.982819] ACPI: PCI Interrupt Link [GSID] (IRQs *19)
[STDOUT  ] 2018-06-29T16:45:04.873201797Z: [    0.983296] ACPI: PCI Interrupt Link [GSIE] (IRQs *20)
[STDOUT  ] 2018-06-29T16:45:04.873207717Z: [    0.983740] ACPI: PCI Interrupt Link [GSIF] (IRQs *21)
[STDOUT  ] 2018-06-29T16:45:04.873213415Z: [    0.984195] ACPI: PCI Interrupt Link [GSIG] (IRQs *22)
[STDOUT  ] 2018-06-29T16:45:04.873219092Z: [    0.984669] ACPI: PCI Interrupt Link [GSIH] (IRQs *23)
[STDOUT  ] 2018-06-29T16:45:04.873224815Z: [    0.993172] SCSI subsystem initialized
[STDOUT  ] 2018-06-29T16:45:04.873231971Z: [    0.996000] ACPI: bus type USB registered
[STDOUT  ] 2018-06-29T16:45:04.873237923Z: [    0.997049] usbcore: registered new interface driver usbfs
[STDOUT  ] 2018-06-29T16:45:04.873243682Z: [    0.997788] usbcore: registered new interface driver hub
[STDOUT  ] 2018-06-29T16:45:04.873249597Z: [    0.998536] usbcore: registered new device driver usb
[STDOUT  ] 2018-06-29T16:45:04.873255377Z: [    0.999434] pps_core: LinuxPPS API ver. 1 registered
[STDOUT  ] 2018-06-29T16:45:04.873262976Z: [    0.999709] pps_core: Software ver. 5.3.6 - Copyright 2005-2007 Rodolfo Giometti <giometti@linux.it>
[STDOUT  ] 2018-06-29T16:45:04.873268742Z: [    1.000250] PTP clock support registered
[STDOUT  ] 2018-06-29T16:45:04.873274407Z: [    1.002219] PCI: Using ACPI for IRQ routing
[STDOUT  ] 2018-06-29T16:45:04.873280064Z: [    1.016393] NetLabel: Initializing
[STDOUT  ] 2018-06-29T16:45:04.873285722Z: [    1.016583] NetLabel:  domain hash size = 128
[STDOUT  ] 2018-06-29T16:45:04.873291385Z: [    1.016731] NetLabel:  protocols = UNLABELED CIPSOv4 CALIPSO
[STDOUT  ] 2018-06-29T16:45:04.873297233Z: [    1.019688] NetLabel:  unlabeled traffic allowed by default
[STDOUT  ] 2018-06-29T16:45:04.873303007Z: [    1.021722] HPET: 3 timers in total, 0 timers will be used for per-cpu timer
[STDOUT  ] 2018-06-29T16:45:04.873308749Z: [    1.022414] hpet0: at MMIO 0xfed00000, IRQs 2, 8, 0
[STDOUT  ] 2018-06-29T16:45:04.873317897Z: [    1.022791] hpet0: 3 comparators, 64-bit 100.000000 MHz counter
[STDOUT  ] 2018-06-29T16:45:04.873323709Z: [    1.028964] clocksource: Switched to clocksource hpet
[STDOUT  ] 2018-06-29T16:45:04.873329454Z: [    1.238687] VFS: Disk quotas dquot_6.6.0
[STDOUT  ] 2018-06-29T16:45:04.873335200Z: [    1.239326] VFS: Dquot-cache hash table entries: 512 (order 0, 4096 bytes)
[STDOUT  ] 2018-06-29T16:45:04.873344103Z: [    1.242918] FS-Cache: Loaded
[STDOUT  ] 2018-06-29T16:45:04.873349887Z: [    1.249293] CacheFiles: Loaded
[STDOUT  ] 2018-06-29T16:45:04.873356347Z: [    1.250563] pnp: PnP ACPI init
[STDOUT  ] 2018-06-29T16:45:04.873362184Z: [    1.258484] pnp: PnP ACPI: found 5 devices
[STDOUT  ] 2018-06-29T16:45:04.873367998Z: [    1.290522] clocksource: acpi_pm: mask: 0xffffff max_cycles: 0xffffff, max_idle_ns: 2085701024 ns
[STDOUT  ] 2018-06-29T16:45:04.873375381Z: [    1.293803] NET: Registered protocol family 2
[STDOUT  ] 2018-06-29T16:45:04.873381157Z: [    1.301092] TCP established hash table entries: 8192 (order: 4, 65536 bytes)
[STDOUT  ] 2018-06-29T16:45:04.873389142Z: [    1.301889] TCP bind hash table entries: 8192 (order: 5, 131072 bytes)
[STDOUT  ] 2018-06-29T16:45:04.873394930Z: [    1.302928] TCP: Hash tables configured (established 8192 bind 8192)
[STDOUT  ] 2018-06-29T16:45:04.873400668Z: [    1.304907] UDP hash table entries: 512 (order: 2, 16384 bytes)
[STDOUT  ] 2018-06-29T16:45:04.873406416Z: [    1.305426] UDP-Lite hash table entries: 512 (order: 2, 16384 bytes)
[STDOUT  ] 2018-06-29T16:45:04.873412070Z: [    1.307723] NET: Registered protocol family 1
[STDOUT  ] 2018-06-29T16:45:04.873417783Z: [    1.308703] pci 0000:00:01.0: Video device with shadowed ROM at [mem 0x000c0000-0x000dffff]
[STDOUT  ] 2018-06-29T16:45:04.873423544Z: [    1.314347] Trying to unpack rootfs image as initramfs...
[STDOUT  ] 2018-06-29T16:45:04.873429300Z: [    6.459611] Freeing initrd memory: 35752K
[STDOUT  ] 2018-06-29T16:45:04.873437046Z: [    6.480963] PCLMULQDQ-NI instructions are not detected.
[STDOUT  ] 2018-06-29T16:45:04.873442715Z: [    6.482252] AVX or AES-NI instructions are not detected.
[STDOUT  ] 2018-06-29T16:45:04.873448346Z: [    6.482651] CPU feature 'AVX registers' is not supported.
[STDOUT  ] 2018-06-29T16:45:04.873454094Z: [    6.483010] CPU feature 'AVX registers' is not supported.
[STDOUT  ] 2018-06-29T16:45:04.873459820Z: [    6.483312] CPU feature 'AVX registers' is not supported.
[STDOUT  ] 2018-06-29T16:45:04.873465825Z: [    6.483630] CPU feature 'AVX registers' is not supported.
[STDOUT  ] 2018-06-29T16:45:04.873471620Z: [    6.483977] AVX2 or AES-NI instructions are not detected.
[STDOUT  ] 2018-06-29T16:45:04.873478709Z: [    6.484292] AVX2 instructions are not detected.
[STDOUT  ] 2018-06-29T16:45:04.873484569Z: [    6.488530] audit: initializing netlink subsys (disabled)
[STDOUT  ] 2018-06-29T16:45:04.873490835Z: [    6.491308] audit: type=2000 audit(1530290670.490:1): state=initialized audit_enabled=0 res=1
[STDOUT  ] 2018-06-29T16:45:04.873497415Z: [    6.495341] workingset: timestamp_bits=46 max_order=18 bucket_order=0
[STDOUT  ] 2018-06-29T16:45:04.873503217Z: [    6.499195] squashfs: version 4.0 (2009/01/31) Phillip Lougher
[STDOUT  ] 2018-06-29T16:45:04.873509124Z: [    6.502639] FS-Cache: Netfs 'cifs' registered for caching
[STDOUT  ] 2018-06-29T16:45:04.873514874Z: [    6.503526] fuse init (API version 7.26)
[STDOUT  ] 2018-06-29T16:45:04.873521309Z: [    6.505499] SGI XFS with ACLs, security attributes, no debug enabled
[STDOUT  ] 2018-06-29T16:45:04.873527167Z: [    6.508818] 9p: Installing v9fs 9p2000 file system support
[STDOUT  ] 2018-06-29T16:45:04.873533104Z: [    6.509231] FS-Cache: Netfs '9p' registered for caching
[STDOUT  ] 2018-06-29T16:45:04.873538689Z: [    6.537289] NET: Registered protocol family 38
[STDOUT  ] 2018-06-29T16:45:04.873544488Z: [    6.537797] Key type asymmetric registered
[STDOUT  ] 2018-06-29T16:45:04.873550202Z: [    6.538129] Asymmetric key parser 'x509' registered
[STDOUT  ] 2018-06-29T16:45:04.873555843Z: [    6.538944] Block layer SCSI generic (bsg) driver version 0.4 loaded (major 247)
[STDOUT  ] 2018-06-29T16:45:04.873564941Z: [    6.541890] io scheduler noop registered
[STDOUT  ] 2018-06-29T16:45:04.873570700Z: [    6.542236] io scheduler deadline registered (default)
[STDOUT  ] 2018-06-29T16:45:04.873581202Z: [    6.543126] io scheduler cfq registered
[STDOUT  ] 2018-06-29T16:45:04.873590929Z: [    6.543333] io scheduler mq-deadline registered
[STDOUT  ] 2018-06-29T16:45:04.873596771Z: [    6.543514] io scheduler kyber registered
[STDOUT  ] 2018-06-29T16:45:04.873602518Z: [    6.546170] shpchp: Standard Hot Plug PCI Controller Driver version: 0.4
[STDOUT  ] 2018-06-29T16:45:04.873608491Z: [    6.546900] hv_vmbus: registering driver hyperv_fb
[STDOUT  ] 2018-06-29T16:45:04.873614129Z: [    6.549515] input: Power Button as /devices/LNXSYSTM:00/LNXPWRBN:00/input/input0
[STDOUT  ] 2018-06-29T16:45:04.873620230Z: [    6.552950] ACPI: Power Button [PWRF]
[STDOUT  ] 2018-06-29T16:45:04.873626057Z: [    6.565503] ACPI: PCI Interrupt Link [GSIG] enabled at IRQ 22
[STDOUT  ] 2018-06-29T16:45:04.873632182Z: [    6.577360] ACPI: PCI Interrupt Link [GSIH] enabled at IRQ 23
[STDOUT  ] 2018-06-29T16:45:04.873637909Z: [    6.584118] Serial: 8250/16550 driver, 4 ports, IRQ sharing disabled
[STDOUT  ] 2018-06-29T16:45:04.873643953Z: [    6.607998] 00:04: ttyS0 at I/O 0x3f8 (irq = 4, base_baud = 115200) is a 16550A
[STDOUT  ] 2018-06-29T16:45:04.873649815Z: [    6.617106] Non-volatile memory driver v1.3
[STDOUT  ] 2018-06-29T16:45:04.873656353Z: [    6.624611] Hangcheck: starting hangcheck timer 0.9.1 (tick is 180 seconds, margin is 60 seconds).
[STDOUT  ] 2018-06-29T16:45:04.873662956Z: [    6.637562] random: fast init done
[STDOUT  ] 2018-06-29T16:45:04.873669805Z: [    6.638736] random: crng init done
[STDOUT  ] 2018-06-29T16:45:04.873676127Z: [    6.676231] brd: module loaded
[STDOUT  ] 2018-06-29T16:45:04.873681899Z: [    6.700721] loop: module loaded
[STDOUT  ] 2018-06-29T16:45:04.873689342Z: [    6.742163] lpc_ich 0000:00:1f.0: I/O space for GPIO uninitialized
[STDOUT  ] 2018-06-29T16:45:04.873695152Z: [    6.744343] VMware PVSCSI driver - version 1.0.7.0-k
[STDOUT  ] 2018-06-29T16:45:04.873701014Z: [    6.744969] hv_vmbus: registering driver hv_storvsc
[STDOUT  ] 2018-06-29T16:45:04.873706883Z: [    6.753009] ACPI: PCI Interrupt Link [GSIA] enabled at IRQ 16
[STDOUT  ] 2018-06-29T16:45:04.873712812Z: [    6.759006] ahci 0000:00:1f.2: AHCI 0001.0000 32 slots 6 ports 1.5 Gbps 0x3f impl SATA mode
[STDOUT  ] 2018-06-29T16:45:04.873718748Z: [    6.759669] ahci 0000:00:1f.2: flags: 64bit ncq only 
[STDOUT  ] 2018-06-29T16:45:04.873724495Z: [    6.773620] scsi host0: ahci
[STDOUT  ] 2018-06-29T16:45:04.873730651Z: [    6.776320] scsi host1: ahci
[STDOUT  ] 2018-06-29T16:45:04.873736777Z: [    6.777693] scsi host2: ahci
[STDOUT  ] 2018-06-29T16:45:04.873742418Z: [    6.779104] scsi host3: ahci
[STDOUT  ] 2018-06-29T16:45:04.873748031Z: [    6.780746] scsi host4: ahci
[STDOUT  ] 2018-06-29T16:45:04.873754232Z: [    6.782217] scsi host5: ahci
[STDOUT  ] 2018-06-29T16:45:04.873759973Z: [    6.783399] ata1: SATA max UDMA/133 abar m4096@0xfebd2000 port 0xfebd2100 irq 24
[STDOUT  ] 2018-06-29T16:45:04.873765718Z: [    6.783831] ata2: SATA max UDMA/133 abar m4096@0xfebd2000 port 0xfebd2180 irq 24
[STDOUT  ] 2018-06-29T16:45:04.873771497Z: [    6.784202] ata3: SATA max UDMA/133 abar m4096@0xfebd2000 port 0xfebd2200 irq 24
[STDOUT  ] 2018-06-29T16:45:04.873777350Z: [    6.784535] ata4: SATA max UDMA/133 abar m4096@0xfebd2000 port 0xfebd2280 irq 24
[STDOUT  ] 2018-06-29T16:45:04.873783019Z: [    6.784887] ata5: SATA max UDMA/133 abar m4096@0xfebd2000 port 0xfebd2300 irq 24
[STDOUT  ] 2018-06-29T16:45:04.873790339Z: [    6.785187] ata6: SATA max UDMA/133 abar m4096@0xfebd2000 port 0xfebd2380 irq 24
[STDOUT  ] 2018-06-29T16:45:04.873796416Z: [    6.795108] tun: Universal TUN/TAP device driver, 1.6
[STDOUT  ] 2018-06-29T16:45:04.873802196Z: [    6.805585] VMware vmxnet3 virtual NIC driver - version 1.4.a.0-k-NAPI
[STDOUT  ] 2018-06-29T16:45:04.873807932Z: [    6.806276] hv_vmbus: registering driver hv_netvsc
[STDOUT  ] 2018-06-29T16:45:04.873818339Z: [    6.806566] Fusion MPT base driver 3.04.20
[STDOUT  ] 2018-06-29T16:45:04.873824213Z: [    6.806770] Copyright (c) 1999-2008 LSI Corporation
[STDOUT  ] 2018-06-29T16:45:04.873829957Z: [    6.807250] Fusion MPT SPI Host driver 3.04.20
[STDOUT  ] 2018-06-29T16:45:04.873838875Z: [    6.809010] i8042: PNP: PS/2 Controller [PNP0303:KBD,PNP0f13:MOU] at 0x60,0x64 irq 1,12
[STDOUT  ] 2018-06-29T16:45:04.873844737Z: [    6.813454] serio: i8042 KBD port at 0x60,0x64 irq 1
[STDOUT  ] 2018-06-29T16:45:04.873850509Z: [    6.814093] serio: i8042 AUX port at 0x60,0x64 irq 12
[STDOUT  ] 2018-06-29T16:45:04.873857847Z: [    6.816211] hv_vmbus: registering driver hyperv_keyboard
[STDOUT  ] 2018-06-29T16:45:04.873863697Z: [    6.817770] mousedev: PS/2 mouse device common for all mice
[STDOUT  ] 2018-06-29T16:45:04.873869398Z: [    6.822050] input: AT Translated Set 2 keyboard as /devices/platform/i8042/serio0/input/input1
[STDOUT  ] 2018-06-29T16:45:04.873875406Z: [    6.824406] input: PC Speaker as /devices/platform/pcspkr/input/input2
[STDOUT  ] 2018-06-29T16:45:04.873881712Z: [    6.828194] rtc_cmos 00:00: RTC can wake from S4
[STDOUT  ] 2018-06-29T16:45:04.873887550Z: [    6.831451] rtc_cmos 00:00: rtc core: registered rtc_cmos as rtc0
[STDOUT  ] 2018-06-29T16:45:04.873893669Z: [    6.832636] rtc_cmos 00:00: alarms up to one day, y3k, 114 bytes nvram, hpet irqs
[STDOUT  ] 2018-06-29T16:45:04.873899801Z: [    6.833286] i2c /dev entries driver
[STDOUT  ] 2018-06-29T16:45:04.873906927Z: [    6.835061] device-mapper: ioctl: 4.37.0-ioctl (2017-09-20) initialised: dm-devel@redhat.com
[STDOUT  ] 2018-06-29T16:45:04.873914756Z: [    6.838694] usbcore: registered new interface driver usbhid
[STDOUT  ] 2018-06-29T16:45:04.873921181Z: [    6.839008] usbhid: USB HID core driver
[STDOUT  ] 2018-06-29T16:45:04.873926924Z: [    6.839654] hv_utils: Registering HyperV Utility Driver
[STDOUT  ] 2018-06-29T16:45:04.873932575Z: [    6.840001] hv_vmbus: registering driver hv_util
[STDOUT  ] 2018-06-29T16:45:04.873938226Z: [    6.840137] hv_vmbus: registering driver hv_balloon
[STDOUT  ] 2018-06-29T16:45:04.873943960Z: [    6.841205] oprofile: using NMI interrupt.
[STDOUT  ] 2018-06-29T16:45:04.873949684Z: [    6.842264] GACT probability on
[STDOUT  ] 2018-06-29T16:45:04.873955464Z: [    6.842607] Mirror/redirect action on
[STDOUT  ] 2018-06-29T16:45:04.873961087Z: [    6.843148] Simple TC action Loaded
[STDOUT  ] 2018-06-29T16:45:04.873966719Z: [    6.843661] u32 classifier
[STDOUT  ] 2018-06-29T16:45:04.873972392Z: [    6.843810]     Performance counters on
[STDOUT  ] 2018-06-29T16:45:04.873978025Z: [    6.844030]     input device check on
[STDOUT  ] 2018-06-29T16:45:04.873983702Z: [    6.844193]     Actions configured
[STDOUT  ] 2018-06-29T16:45:04.873989335Z: [    6.844856] Netfilter messages via NETLINK v0.30.
[STDOUT  ] 2018-06-29T16:45:04.873995015Z: [    6.845374] nfnl_acct: registering with nfnetlink.
[STDOUT  ] 2018-06-29T16:45:04.874000688Z: [    6.846649] nf_conntrack version 0.5.0 (8192 buckets, 32768 max)
[STDOUT  ] 2018-06-29T16:45:04.874006381Z: [    6.849086] ctnetlink v0.93: registering with nfnetlink.
[STDOUT  ] 2018-06-29T16:45:04.874012034Z: [    6.852164] nf_tables: (c) 2007-2009 Patrick McHardy <kaber@trash.net>
[STDOUT  ] 2018-06-29T16:45:04.874017725Z: [    6.852966] nf_tables_compat: (c) 2012 Pablo Neira Ayuso <pablo@netfilter.org>
[STDOUT  ] 2018-06-29T16:45:04.874023771Z: [    6.855121] xt_time: kernel timezone is -0000
[STDOUT  ] 2018-06-29T16:45:04.874029461Z: [    6.855610] ip_set: protocol 6
[STDOUT  ] 2018-06-29T16:45:04.874035262Z: [    6.856308] IPVS: Registered protocols (TCP, UDP, SCTP, AH, ESP)
[STDOUT  ] 2018-06-29T16:45:04.874041067Z: [    6.856846] IPVS: Connection hash table configured (size=4096, memory=64Kbytes)
[STDOUT  ] 2018-06-29T16:45:04.874046847Z: [    6.860997] IPVS: ipvs loaded.
[STDOUT  ] 2018-06-29T16:45:04.874052756Z: [    6.861361] IPVS: [rr] scheduler registered.
[STDOUT  ] 2018-06-29T16:45:04.874058417Z: [    6.861627] IPVS: [wrr] scheduler registered.
[STDOUT  ] 2018-06-29T16:45:04.874067121Z: [    6.861860] IPVS: [lc] scheduler registered.
[STDOUT  ] 2018-06-29T16:45:04.874072813Z: [    6.862060] IPVS: [wlc] scheduler registered.
[STDOUT  ] 2018-06-29T16:45:04.874078449Z: [    6.862287] IPVS: [fo] scheduler registered.
[STDOUT  ] 2018-06-29T16:45:04.874087703Z: [    6.862508] IPVS: [ovf] scheduler registered.
[STDOUT  ] 2018-06-29T16:45:04.874093537Z: [    6.862874] IPVS: [lblc] scheduler registered.
[STDOUT  ] 2018-06-29T16:45:04.874099321Z: [    6.863246] IPVS: [lblcr] scheduler registered.
[STDOUT  ] 2018-06-29T16:45:04.874105068Z: [    6.863453] IPVS: [dh] scheduler registered.
[STDOUT  ] 2018-06-29T16:45:04.874110775Z: [    6.863758] IPVS: [sh] scheduler registered.
[STDOUT  ] 2018-06-29T16:45:04.874116379Z: [    6.864019] IPVS: [sed] scheduler registered.
[STDOUT  ] 2018-06-29T16:45:04.874123146Z: [    6.864253] IPVS: [nq] scheduler registered.
[STDOUT  ] 2018-06-29T16:45:04.874128758Z: [    6.864964] IPVS: ftp: loaded support on port[0] = 21
[STDOUT  ] 2018-06-29T16:45:04.874134493Z: [    6.865619] ipip: IPv4 and MPLS over IPv4 tunneling driver
[STDOUT  ] 2018-06-29T16:45:04.874141406Z: [    6.868807] gre: GRE over IPv4 demultiplexor driver
[STDOUT  ] 2018-06-29T16:45:04.874147788Z: [    6.871873] ip_tables: (C) 2000-2006 Netfilter Core Team
[STDOUT  ] 2018-06-29T16:45:04.874153416Z: [    6.875981] ipt_CLUSTERIP: ClusterIP Version 0.8 loaded successfully
[STDOUT  ] 2018-06-29T16:45:04.874159111Z: [    6.876721] arp_tables: arp_tables: (C) 2002 David S. Miller
[STDOUT  ] 2018-06-29T16:45:04.874164749Z: [    6.879333] NET: Registered protocol family 10
[STDOUT  ] 2018-06-29T16:45:04.874170568Z: [    6.891587] Segment Routing with IPv6
[STDOUT  ] 2018-06-29T16:45:04.874176192Z: [    6.892738] ip6_tables: (C) 2000-2006 Netfilter Core Team
[STDOUT  ] 2018-06-29T16:45:04.874181847Z: [    6.902661] NET: Registered protocol family 17
[STDOUT  ] 2018-06-29T16:45:04.874187519Z: [    6.903687] Bridge firewalling registered
[STDOUT  ] 2018-06-29T16:45:04.874193171Z: [    6.904329] Ebtables v2.0 registered
[STDOUT  ] 2018-06-29T16:45:04.874198826Z: [    6.907030] 8021q: 802.1Q VLAN Support v1.8
[STDOUT  ] 2018-06-29T16:45:04.874204459Z: [    6.908827] 9pnet: Installing 9P2000 support
[STDOUT  ] 2018-06-29T16:45:04.874210171Z: [    6.911127] Key type dns_resolver registered
[STDOUT  ] 2018-06-29T16:45:04.874267555Z: [    6.912569] sched_clock: Marking stable (6910277200, 0)->(7045594349, -135317149)
[STDOUT  ] 2018-06-29T16:45:04.874273671Z: [    6.916280] registered taskstats version 1
[STDOUT  ] 2018-06-29T16:45:04.874279407Z: [    7.123360] ata3: SATA link up 1.5 Gbps (SStatus 113 SControl 300)
[STDOUT  ] 2018-06-29T16:45:04.874285677Z: [    7.128887] ata3.00: ATAPI: QEMU DVD-ROM, 2.5+, max UDMA/100
[STDOUT  ] 2018-06-29T16:45:04.874291502Z: [    7.129348] ata3.00: applying bridge limits
[STDOUT  ] 2018-06-29T16:45:04.874297612Z: [    7.131082] ata2: SATA link down (SStatus 0 SControl 300)
[STDOUT  ] 2018-06-29T16:45:04.874303345Z: [    7.132410] ata1: SATA link up 1.5 Gbps (SStatus 113 SControl 300)
[STDOUT  ] 2018-06-29T16:45:04.874309244Z: [    7.133202] ata1.00: ATA-7: QEMU HARDDISK, 2.5+, max UDMA/100
[STDOUT  ] 2018-06-29T16:45:04.874315133Z: [    7.133513] ata1.00: 1048576 sectors, multi 16: LBA48 NCQ (depth 31/32)
[STDOUT  ] 2018-06-29T16:45:04.874321073Z: [    7.133982] ata1.00: applying bridge limits
[STDOUT  ] 2018-06-29T16:45:04.874327013Z: [    7.134887] ata1.00: configured for UDMA/100
[STDOUT  ] 2018-06-29T16:45:04.874332891Z: [    7.142796] ata6: SATA link down (SStatus 0 SControl 300)
[STDOUT  ] 2018-06-29T16:45:04.874340637Z: [    7.143263] ata5: SATA link down (SStatus 0 SControl 300)
[STDOUT  ] 2018-06-29T16:45:04.874366165Z: [    7.143613] ata4: SATA link down (SStatus 0 SControl 300)
[STDOUT  ] 2018-06-29T16:45:04.874372631Z: [    7.152141] ata3.00: configured for UDMA/100
[STDOUT  ] 2018-06-29T16:45:04.874388830Z: [    7.160094] scsi 0:0:0:0: Direct-Access     ATA      QEMU HARDDISK    2.5+ PQ: 0 ANSI: 5
[STDOUT  ] 2018-06-29T16:45:04.874399002Z: [    7.176068] sd 0:0:0:0: [sda] 1048576 512-byte logical blocks: (537 MB/512 MiB)
[STDOUT  ] 2018-06-29T16:45:04.874404858Z: [    7.178399] sd 0:0:0:0: [sda] Write Protect is off
[STDOUT  ] 2018-06-29T16:45:04.874410900Z: [    7.179347] sd 0:0:0:0: Attached scsi generic sg0 type 0
[STDOUT  ] 2018-06-29T16:45:04.874420423Z: [    7.181164] sd 0:0:0:0: [sda] Write cache: enabled, read cache: enabled, doesn't support DPO or FUA
[STDOUT  ] 2018-06-29T16:45:04.874427164Z: [    7.184337] scsi 2:0:0:0: CD-ROM            QEMU     QEMU DVD-ROM     2.5+ PQ: 0 ANSI: 5
[STDOUT  ] 2018-06-29T16:45:04.874433353Z: [    7.223174] sr 2:0:0:0: [sr0] scsi3-mmc drive: 4x/4x cd/rw xa/form2 tray
[STDOUT  ] 2018-06-29T16:45:04.874439361Z: [    7.223860] cdrom: Uniform CD-ROM driver Revision: 3.20
[STDOUT  ] 2018-06-29T16:45:04.874447204Z: [    7.231754] sd 0:0:0:0: [sda] Attached SCSI disk
[STDOUT  ] 2018-06-29T16:45:04.874453168Z: [    7.232251] sr 2:0:0:0: Attached scsi generic sg1 type 5
[STDOUT  ] 2018-06-29T16:45:04.874458984Z: [    7.256097] Key type big_key registered
[STDOUT  ] 2018-06-29T16:45:04.874465020Z: [    7.348164] Key type trusted registered
[STDOUT  ] 2018-06-29T16:45:04.874471074Z: [    7.427820] Key type encrypted registered
[STDOUT  ] 2018-06-29T16:45:04.874476922Z: [    7.428530] ima: No TPM chip found, activating TPM-bypass! (rc=-19)
[STDOUT  ] 2018-06-29T16:45:04.874483085Z: [    7.429002] ima: Allocated hash algorithm: sha256
[STDOUT  ] 2018-06-29T16:45:04.874488766Z: [    7.433076] evm: HMAC attrs: 0x1
[STDOUT  ] 2018-06-29T16:45:04.874494888Z: [    7.438486] rtc_cmos 00:00: setting system clock to 2018-06-29 16:44:31 UTC (1530290671)
[STDOUT  ] 2018-06-29T16:45:04.874501010Z: [    7.635808] Freeing unused kernel memory: 1512K
[STDOUT  ] 2018-06-29T16:45:04.874508984Z: [    7.636530] tsc: Refined TSC clocksource calibration: 2599.697 MHz
[STDOUT  ] 2018-06-29T16:45:04.874515569Z: [    7.637059] clocksource: tsc: mask: 0xffffffffffffffff max_cycles: 0x25791e3df32, max_idle_ns: 440795336257 ns
[STDOUT  ] 2018-06-29T16:45:04.874521986Z: [    7.650764] Write protecting the kernel read-only data: 18432k
[STDOUT  ] 2018-06-29T16:45:04.874527998Z: [    7.667940] Freeing unused kernel memory: 2024K
[STDOUT  ] 2018-06-29T16:45:04.874533905Z: [    7.717388] Freeing unused kernel memory: 1104K
[STDOUT  ] 2018-06-29T16:45:04.874539644Z: [    8.645688] clocksource: Switched to clocksource tsc
[STDOUT  ] 2018-06-29T16:45:04.874545509Z: 
[STDOUT  ] 2018-06-29T16:45:04.874551479Z: Welcome to LinuxKit
[STDOUT  ] 2018-06-29T16:45:04.874557418Z: 
[STDOUT  ] 2018-06-29T16:45:04.874563937Z:                         ##         .
[STDOUT  ] 2018-06-29T16:45:04.874570064Z:                   ## ## ##        ==
[STDOUT  ] 2018-06-29T16:45:04.874582433Z:                ## ## ## ## ##    ===
[STDOUT  ] 2018-06-29T16:45:04.874588590Z:            /"""""""""""""""""\___/ ===
[STDOUT  ] 2018-06-29T16:45:04.874594484Z:           {                       /  ===-
[STDOUT  ] 2018-06-29T16:45:04.874600540Z:            \______ O           __/
[STDOUT  ] 2018-06-29T16:45:04.874607245Z:              \    \         __/
[STDOUT  ] 2018-06-29T16:45:04.874613354Z:               \____\_______/
[STDOUT  ] 2018-06-29T16:45:04.874619140Z: 
[STDOUT  ] 2018-06-29T16:45:04.874625284Z: [   19.943529] IPVS: ftp: loaded support on port[0] = 21
[STDOUT  ] 2018-06-29T16:45:04.874631188Z: [   21.419505]  sda:
[STDOUT  ] 2018-06-29T16:45:04.874638475Z: [   21.487830]  sda:
[STDOUT  ] 2018-06-29T16:45:04.874644540Z: [   21.549283]  sda: sda1
[STDOUT  ] 2018-06-29T16:45:04.874650430Z: [   21.631649]  sda: sda1
[STDOUT  ] 2018-06-29T16:45:04.874656376Z: 2018/06/29 16:44:44 Creating partition on /dev/sda
[STDOUT  ] 2018-06-29T16:45:04.874663069Z: 2018/06/29 16:44:46 Partition /dev/sda1 successfully created!
[STDOUT  ] 2018-06-29T16:45:04.874675337Z: [   23.985004] IPVS: ftp: loaded support on port[0] = 21
[STDOUT  ] 2018-06-29T16:45:04.874681239Z: [   25.285984] EXT4-fs (sda1): mounted filesystem with ordered data mode. Opts: (null)
[STDOUT  ] 2018-06-29T16:45:04.874690339Z: format_mount test suite PASSED
[STDOUT  ] 2018-06-29T16:45:04.874696584Z: [   39.265728] sd 0:0:0:0: [sda] Synchronizing SCSI cache
[STDOUT  ] 2018-06-29T16:45:04.874702483Z: [   39.269046] sd 0:0:0:0: [sda] Stopping disk
[STDOUT  ] 2018-06-29T16:45:04.874709233Z: [   39.273558] ACPI: Preparing to enter system sleep state S5
[STDOUT  ] 2018-06-29T16:45:04.874718642Z: [   39.276649] reboot: Power down
[STDERR  ] 2018-06-29T16:45:04.871884508Z: [    6.759669] ahci 0000:00:1f.2: flags: 64bit ncq only 
[STDERR  ] 2018-06-29T16:45:04.874973807Z: [    6.773620] scsi host0: ahci
[STDERR  ] 2018-06-29T16:45:04.874987156Z: [    6.776320] scsi host1: ahci
[STDERR  ] 2018-06-29T16:45:04.874999630Z: [    6.777693] scsi host2: ahci
[STDERR  ] 2018-06-29T16:45:04.875010872Z: [    6.779104] scsi host3: ahci
[STDERR  ] 2018-06-29T16:45:04.875036787Z: [    6.780746] scsi host4: ahci
[STDERR  ] 2018-06-29T16:45:04.875048475Z: [    6.782217] scsi host5: ahci
[STDERR  ] 2018-06-29T16:45:04.875067039Z: [    6.783399] ata1: SATA max UDMA/133 abar m4096@0xfebd2000 port 0xfebd2100 irq 24
[STDERR  ] 2018-06-29T16:45:04.875080989Z: [    6.783831] ata2: SATA max UDMA/133 abar m4096@0xfebd2000 port 0xfebd2180 irq 24
[STDERR  ] 2018-06-29T16:45:04.875107823Z: [    6.784202] ata3: SATA max UDMA/133 abar m4096@0xfebd2000 port 0xfebd2200 irq 24
[STDERR  ] 2018-06-29T16:45:04.875143979Z: [    6.784535] ata4: SATA max UDMA/133 abar m4096@0xfebd2000 port 0xfebd2280 irq 24
[STDERR  ] 2018-06-29T16:45:04.875168223Z: [    6.784887] ata5: SATA max UDMA/133 abar m4096@0xfebd2000 port 0xfebd2300 irq 24
[STDERR  ] 2018-06-29T16:45:04.875202068Z: [    6.785187] ata6: SATA max UDMA/133 abar m4096@0xfebd2000 port 0xfebd2380 irq 24
[STDERR  ] 2018-06-29T16:45:04.875226993Z: [    6.795108] tun: Universal TUN/TAP device driver, 1.6
[STDERR  ] 2018-06-29T16:45:04.875262709Z: [    6.805585] VMware vmxnet3 virtual NIC driver - version 1.4.a.0-k-NAPI
[STDERR  ] 2018-06-29T16:45:04.875289083Z: [    6.806276] hv_vmbus: registering driver hv_netvsc
[STDERR  ] 2018-06-29T16:45:04.875318896Z: [    6.806566] Fusion MPT base driver 3.04.20
[STDERR  ] 2018-06-29T16:45:04.875358408Z: [    6.806770] Copyright (c) 1999-2008 LSI Corporation
[STDERR  ] 2018-06-29T16:45:04.875387213Z: [    6.807250] Fusion MPT SPI Host driver 3.04.20
[STDERR  ] 2018-06-29T16:45:04.875416789Z: [    6.809010] i8042: PNP: PS/2 Controller [PNP0303:KBD,PNP0f13:MOU] at 0x60,0x64 irq 1,12
[STDERR  ] 2018-06-29T16:45:04.875462173Z: [    6.813454] serio: i8042 KBD port at 0x60,0x64 irq 1
[STDERR  ] 2018-06-29T16:45:04.875490704Z: [    6.814093] serio: i8042 AUX port at 0x60,0x64 irq 12
[STDERR  ] 2018-06-29T16:45:04.875528723Z: [    6.816211] hv_vmbus: registering driver hyperv_keyboard
[STDERR  ] 2018-06-29T16:45:04.875560043Z: [    6.817770] mousedev: PS/2 mouse device common for all mice
[STDERR  ] 2018-06-29T16:45:04.875605381Z: [    6.822050] input: AT Translated Set 2 keyboard as /devices/platform/i8042/serio0/input/input1
[STDERR  ] 2018-06-29T16:45:04.875642522Z: [    6.824406] input: PC Speaker as /devices/platform/pcspkr/input/input2
[STDERR  ] 2018-06-29T16:45:04.875681313Z: [    6.828194] rtc_cmos 00:00: RTC can wake from S4
[STDERR  ] 2018-06-29T16:45:04.875710047Z: [    6.831451] rtc_cmos 00:00: rtc core: registered rtc_cmos as rtc0
[STDERR  ] 2018-06-29T16:45:04.875740499Z: [    6.832636] rtc_cmos 00:00: alarms up to one day, y3k, 114 bytes nvram, hpet irqs
[STDERR  ] 2018-06-29T16:45:04.875783451Z: [    6.833286] i2c /dev entries driver
[STDERR  ] 2018-06-29T16:45:04.875797733Z: [    6.835061] device-mapper: ioctl: 4.37.0-ioctl (2017-09-20) initialised: dm-devel@redhat.com
[STDERR  ] 2018-06-29T16:45:04.875817026Z: [    6.838694] usbcore: registered new interface driver usbhid
[STDERR  ] 2018-06-29T16:45:04.875854145Z: [    6.839008] usbhid: USB HID core driver
[STDERR  ] 2018-06-29T16:45:04.875879495Z: [    6.839654] hv_utils: Registering HyperV Utility Driver
[STDERR  ] 2018-06-29T16:45:04.878001460Z: [    6.840001] hv_vmbus: registering driver hv_util
[STDERR  ] 2018-06-29T16:45:04.878062597Z: [    6.840137] hv_vmbus: registering driver hv_balloon
[STDERR  ] 2018-06-29T16:45:04.878093028Z: [    6.841205] oprofile: using NMI interrupt.
[STDERR  ] 2018-06-29T16:45:04.878139536Z: [    6.842264] GACT probability on
[STDERR  ] 2018-06-29T16:45:04.878167360Z: [    6.842607] Mirror/redirect action on
[STDERR  ] 2018-06-29T16:45:04.878202829Z: [    6.843148] Simple TC action Loaded
[STDERR  ] 2018-06-29T16:45:04.878241222Z: [    6.843661] u32 classifier
[STDERR  ] 2018-06-29T16:45:04.878268723Z: [    6.843810]     Performance counters on
[STDERR  ] 2018-06-29T16:45:04.878306396Z: [    6.844030]     input device check on
[STDERR  ] 2018-06-29T16:45:04.878334440Z: [    6.844193]     Actions configured
[STDERR  ] 2018-06-29T16:45:04.878360980Z: [    6.844856] Netfilter messages via NETLINK v0.30.
[STDERR  ] 2018-06-29T16:45:04.878399819Z: [    6.845374] nfnl_acct: registering with nfnetlink.
[STDERR  ] 2018-06-29T16:45:04.878428626Z: [    6.846649] nf_conntrack version 0.5.0 (8192 buckets, 32768 max)
[STDERR  ] 2018-06-29T16:45:04.878466747Z: [    6.849086] ctnetlink v0.93: registering with nfnetlink.
[STDERR  ] 2018-06-29T16:45:04.878491139Z: [    6.852164] nf_tables: (c) 2007-2009 Patrick McHardy <kaber@trash.net>
[STDERR  ] 2018-06-29T16:45:04.878545479Z: [    6.852966] nf_tables_compat: (c) 2012 Pablo Neira Ayuso <pablo@netfilter.org>
[STDERR  ] 2018-06-29T16:45:04.878580479Z: [    6.855121] xt_time: kernel timezone is -0000
[STDERR  ] 2018-06-29T16:45:04.878618323Z: [    6.855610] ip_set: protocol 6
[STDERR  ] 2018-06-29T16:45:04.878649877Z: [    6.856308] IPVS: Registered protocols (TCP, UDP, SCTP, AH, ESP)
[STDERR  ] 2018-06-29T16:45:04.878677865Z: [    6.856846] IPVS: Connection hash table configured (size=4096, memory=64Kbytes)
[STDERR  ] 2018-06-29T16:45:04.878716551Z: [    6.860997] IPVS: ipvs loaded.
[STDERR  ] 2018-06-29T16:45:04.878742980Z: [    6.861361] IPVS: [rr] scheduler registered.
[STDERR  ] 2018-06-29T16:45:04.878784827Z: [    6.861627] IPVS: [wrr] scheduler registered.
[STDERR  ] 2018-06-29T16:45:04.878812536Z: [    6.861860] IPVS: [lc] scheduler registered.
[STDERR  ] 2018-06-29T16:45:04.878838230Z: [    6.862060] IPVS: [wlc] scheduler registered.
[STDERR  ] 2018-06-29T16:45:04.878877666Z: [    6.862287] IPVS: [fo] scheduler registered.
[STDERR  ] 2018-06-29T16:45:04.878905305Z: [    6.862508] IPVS: [ovf] scheduler registered.
[STDERR  ] 2018-06-29T16:45:04.878944055Z: [    6.862874] IPVS: [lblc] scheduler registered.
[STDERR  ] 2018-06-29T16:45:04.878972048Z: [    6.863246] IPVS: [lblcr] scheduler registered.
[STDERR  ] 2018-06-29T16:45:04.879003700Z: [    6.863453] IPVS: [dh] scheduler registered.
[STDERR  ] 2018-06-29T16:45:04.879042959Z: [    6.863758] IPVS: [sh] scheduler registered.
[STDERR  ] 2018-06-29T16:45:04.879070277Z: [    6.864019] IPVS: [sed] scheduler registered.
[STDERR  ] 2018-06-29T16:45:04.879106746Z: [    6.864253] IPVS: [nq] scheduler registered.
[STDERR  ] 2018-06-29T16:45:04.879135090Z: [    6.864964] IPVS: ftp: loaded support on port[0] = 21
[STDERR  ] 2018-06-29T16:45:04.879166901Z: [    6.865619] ipip: IPv4 and MPLS over IPv4 tunneling driver
[STDERR  ] 2018-06-29T16:45:04.879205965Z: [    6.868807] gre: GRE over IPv4 demultiplexor driver
[STDERR  ] 2018-06-29T16:45:04.879234254Z: [    6.871873] ip_tables: (C) 2000-2006 Netfilter Core Team
[STDERR  ] 2018-06-29T16:45:04.879273219Z: [    6.875981] ipt_CLUSTERIP: ClusterIP Version 0.8 loaded successfully
[STDERR  ] 2018-06-29T16:45:04.879303699Z: [    6.876721] arp_tables: arp_tables: (C) 2002 David S. Miller
[STDERR  ] 2018-06-29T16:45:04.879330659Z: [    6.879333] NET: Registered protocol family 10
[STDERR  ] 2018-06-29T16:45:04.879367953Z: [    6.891587] Segment Routing with IPv6
[STDERR  ] 2018-06-29T16:45:04.879406378Z: [    6.892738] ip6_tables: (C) 2000-2006 Netfilter Core Team
[STDERR  ] 2018-06-29T16:45:04.879445438Z: [    6.902661] NET: Registered protocol family 17
[STDERR  ] 2018-06-29T16:45:04.879474304Z: [    6.903687] Bridge firewalling registered
[STDERR  ] 2018-06-29T16:45:04.879518037Z: [    6.904329] Ebtables v2.0 registered
[STDERR  ] 2018-06-29T16:45:04.879546987Z: [    6.907030] 8021q: 802.1Q VLAN Support v1.8
[STDERR  ] 2018-06-29T16:45:04.879570793Z: [    6.908827] 9pnet: Installing 9P2000 support
[STDERR  ] 2018-06-29T16:45:04.879611927Z: [    6.911127] Key type dns_resolver registered
[STDERR  ] 2018-06-29T16:45:04.879644799Z: [    6.912569] sched_clock: Marking stable (6910277200, 0)->(7045594349, -135317149)
[STDERR  ] 2018-06-29T16:45:04.879684856Z: [    6.916280] registered taskstats version 1
[STDERR  ] 2018-06-29T16:45:04.879713996Z: [    7.123360] ata3: SATA link up 1.5 Gbps (SStatus 113 SControl 300)
[STDERR  ] 2018-06-29T16:45:04.879742120Z: [    7.128887] ata3.00: ATAPI: QEMU DVD-ROM, 2.5+, max UDMA/100
[STDERR  ] 2018-06-29T16:45:04.879783741Z: [    7.129348] ata3.00: applying bridge limits
[STDERR  ] 2018-06-29T16:45:04.879814679Z: [    7.131082] ata2: SATA link down (SStatus 0 SControl 300)
[STDERR  ] 2018-06-29T16:45:04.879851582Z: [    7.132410] ata1: SATA link up 1.5 Gbps (SStatus 113 SControl 300)
[STDERR  ] 2018-06-29T16:45:04.879878567Z: [    7.133202] ata1.00: ATA-7: QEMU HARDDISK, 2.5+, max UDMA/100
[STDERR  ] 2018-06-29T16:45:04.879926632Z: [    7.133513] ata1.00: 1048576 sectors, multi 16: LBA48 NCQ (depth 31/32)
[STDERR  ] 2018-06-29T16:45:04.879956434Z: [    7.133982] ata1.00: applying bridge limits
[STDERR  ] 2018-06-29T16:45:04.879993369Z: [    7.134887] ata1.00: configured for UDMA/100
[STDERR  ] 2018-06-29T16:45:04.880022148Z: [    7.142796] ata6: SATA link down (SStatus 0 SControl 300)
[STDERR  ] 2018-06-29T16:45:04.880050330Z: [    7.143263] ata5: SATA link down (SStatus 0 SControl 300)
[STDERR  ] 2018-06-29T16:45:04.880088186Z: [    7.143613] ata4: SATA link down (SStatus 0 SControl 300)
[STDERR  ] 2018-06-29T16:45:04.880117289Z: [    7.152141] ata3.00: configured for UDMA/100
[STDERR  ] 2018-06-29T16:45:04.880154434Z: [    7.160094] scsi 0:0:0:0: Direct-Access     ATA      QEMU HARDDISK    2.5+ PQ: 0 ANSI: 5
[STDERR  ] 2018-06-29T16:45:04.880184327Z: [    7.176068] sd 0:0:0:0: [sda] 1048576 512-byte logical blocks: (537 MB/512 MiB)
[STDERR  ] 2018-06-29T16:45:04.880211366Z: [    7.178399] sd 0:0:0:0: [sda] Write Protect is off
[STDERR  ] 2018-06-29T16:45:04.880249403Z: [    7.179347] sd 0:0:0:0: Attached scsi generic sg0 type 0
[STDERR  ] 2018-06-29T16:45:04.880277809Z: [    7.181164] sd 0:0:0:0: [sda] Write cache: enabled, read cache: enabled, doesn't support DPO or FUA
[STDERR  ] 2018-06-29T16:45:04.880316585Z: [    7.184337] scsi 2:0:0:0: CD-ROM            QEMU     QEMU DVD-ROM     2.5+ PQ: 0 ANSI: 5
[STDERR  ] 2018-06-29T16:45:04.880346148Z: [    7.223174] sr 2:0:0:0: [sr0] scsi3-mmc drive: 4x/4x cd/rw xa/form2 tray
[STDERR  ] 2018-06-29T16:45:04.880378549Z: [    7.223860] cdrom: Uniform CD-ROM driver Revision: 3.20
[STDERR  ] 2018-06-29T16:45:04.880423344Z: [    7.231754] sd 0:0:0:0: [sda] Attached SCSI disk
[STDERR  ] 2018-06-29T16:45:04.880450494Z: [    7.232251] sr 2:0:0:0: Attached scsi generic sg1 type 5
[STDERR  ] 2018-06-29T16:45:04.880489236Z: [    7.256097] Key type big_key registered
[STDERR  ] 2018-06-29T16:45:04.880517432Z: [    7.348164] Key type trusted registered
[STDERR  ] 2018-06-29T16:45:04.880544274Z: [    7.427820] Key type encrypted registered
[STDERR  ] 2018-06-29T16:45:04.880590403Z: [    7.428530] ima: No TPM chip found, activating TPM-bypass! (rc=-19)
[STDERR  ] 2018-06-29T16:45:04.880618131Z: [    7.429002] ima: Allocated hash algorithm: sha256
[STDERR  ] 2018-06-29T16:45:04.880654004Z: [    7.433076] evm: HMAC attrs: 0x1
[STDERR  ] 2018-06-29T16:45:04.880679907Z: [    7.438486] rtc_cmos 00:00: setting system clock to 2018-06-29 16:44:31 UTC (1530290671)
[STDERR  ] 2018-06-29T16:45:04.880710545Z: [    7.635808] Freeing unused kernel memory: 1512K
[STDERR  ] 2018-06-29T16:45:04.880749555Z: [    7.636530] tsc: Refined TSC clocksource calibration: 2599.697 MHz
[STDERR  ] 2018-06-29T16:45:04.880781785Z: [    7.637059] clocksource: tsc: mask: 0xffffffffffffffff max_cycles: 0x25791e3df32, max_idle_ns: 440795336257 ns
[STDERR  ] 2018-06-29T16:45:04.880829456Z: [    7.650764] Write protecting the kernel read-only data: 18432k
[STDERR  ] 2018-06-29T16:45:04.880857201Z: [    7.667940] Freeing unused kernel memory: 2024K
[STDERR  ] 2018-06-29T16:45:04.880885043Z: [    7.717388] Freeing unused kernel memory: 1104K
[STDERR  ] 2018-06-29T16:45:04.880912402Z: [    8.645688] clocksource: Switched to clocksource tsc
[STDERR  ] 2018-06-29T16:45:04.880944656Z: 
[STDERR  ] 2018-06-29T16:45:04.880981714Z: Welcome to LinuxKit
[STDERR  ] 2018-06-29T16:45:04.881005037Z: 
[STDERR  ] 2018-06-29T16:45:04.881027756Z:                         ##         .
[STDERR  ] 2018-06-29T16:45:04.881051282Z:                   ## ## ##        ==
[STDERR  ] 2018-06-29T16:45:04.881075552Z:                ## ## ## ## ##    ===
[STDERR  ] 2018-06-29T16:45:04.881099879Z:            /"""""""""""""""""\___/ ===
[STDERR  ] 2018-06-29T16:45:04.881124344Z:           {                       /  ===-
[STDERR  ] 2018-06-29T16:45:04.881152762Z:            \______ O           __/
[STDERR  ] 2018-06-29T16:45:04.881191455Z:              \    \         __/
[STDERR  ] 2018-06-29T16:45:04.881220035Z:               \____\_______/
[STDERR  ] 2018-06-29T16:45:04.881247410Z: 
[STDERR  ] 2018-06-29T16:45:04.881274539Z: [   19.943529] IPVS: ftp: loaded support on port[0] = 21
[STDERR  ] 2018-06-29T16:45:04.881301851Z: [   21.419505]  sda:
[STDERR  ] 2018-06-29T16:45:04.881330401Z: [   21.487830]  sda:
[STDERR  ] 2018-06-29T16:45:04.881358043Z: [   21.549283]  sda: sda1
[STDERR  ] 2018-06-29T16:45:04.881385719Z: [   21.631649]  sda: sda1
[STDERR  ] 2018-06-29T16:45:04.881412307Z: 2018/06/29 16:44:44 Creating partition on /dev/sda
[STDERR  ] 2018-06-29T16:45:04.881443497Z: 2018/06/29 16:44:46 Partition /dev/sda1 successfully created!
[STDERR  ] 2018-06-29T16:45:04.881471144Z: [   23.985004] IPVS: ftp: loaded support on port[0] = 21
[STDERR  ] 2018-06-29T16:45:04.881498512Z: [   25.285984] EXT4-fs (sda1): mounted filesystem with ordered data mode. Opts: (null)
[STDERR  ] 2018-06-29T16:45:04.881526368Z: format_mount test suite PASSED
[STDERR  ] 2018-06-29T16:45:04.881550332Z: [   39.265728] sd 0:0:0:0: [sda] Synchronizing SCSI cache
[STDERR  ] 2018-06-29T16:45:04.881590123Z: [   39.269046] sd 0:0:0:0: [sda] Stopping disk
[STDERR  ] 2018-06-29T16:45:04.881613612Z: [   39.273558] ACPI: Preparing to enter system sleep state S5
[STDERR  ] 2018-06-29T16:45:04.881637379Z: [   39.276649] reboot: Power down
[STDERR  ] 2018-06-29T16:45:04.881665604Z: + echo [    0.000000] Linux version 4.14.51-linuxkit (root@d0a5c3056f66) (gcc version 6.4.0 (Alpine 6.4.0)) #1 SMP Fri Jun 22 13:17:09 UTC 2018
[STDERR  ] 2018-06-29T16:45:04.881695577Z: [    0.000000] Command line: console=ttyS0 console=ttyAMA0
[STDERR  ] 2018-06-29T16:45:04.881730404Z: [    0.000000] x86/fpu: x87 FPU will use FXSAVE
[STDERR  ] 2018-06-29T16:45:04.881757608Z: [    0.000000] e820: BIOS-provided physical RAM map:
[STDERR  ] 2018-06-29T16:45:04.881785411Z: [    0.000000] BIOS-e820: [mem 0x0000000000000000-0x000000000009fbff] usable
[STDERR  ] 2018-06-29T16:45:04.881810298Z: [    0.000000] BIOS-e820: [mem 0x000000000009fc00-0x000000000009ffff] reserved
[STDERR  ] 2018-06-29T16:45:04.881834802Z: [    0.000000] BIOS-e820: [mem 0x00000000000f0000-0x00000000000fffff] reserved
[STDERR  ] 2018-06-29T16:45:04.881865131Z: [    0.000000] BIOS-e820: [mem 0x0000000000100000-0x000000003ffdefff] usable
[STDERR  ] 2018-06-29T16:45:04.881892693Z: [    0.000000] BIOS-e820: [mem 0x000000003ffdf000-0x000000003fffffff] reserved
[STDERR  ] 2018-06-29T16:45:04.881920137Z: [    0.000000] BIOS-e820: [mem 0x00000000b0000000-0x00000000bfffffff] reserved
[STDERR  ] 2018-06-29T16:45:04.881946875Z: [    0.000000] BIOS-e820: [mem 0x00000000fed1c000-0x00000000fed1ffff] reserved
[STDERR  ] 2018-06-29T16:45:04.881973261Z: [    0.000000] BIOS-e820: [mem 0x00000000fffc0000-0x00000000ffffffff] reserved
[STDERR  ] 2018-06-29T16:45:04.882001346Z: [    0.000000] NX (Execute Disable) protection: active
[STDERR  ] 2018-06-29T16:45:04.882028903Z: [    0.000000] SMBIOS 2.8 present.
[STDERR  ] 2018-06-29T16:45:04.882062994Z: [    0.000000] DMI: QEMU Standard PC (Q35 + ICH9, 2009), BIOS rel-1.10.2-0-g5f4c7b1-prebuilt.qemu-project.org 04/01/2014
[STDERR  ] 2018-06-29T16:45:04.882094209Z: [    0.000000] tsc: Fast TSC calibration using PIT
[STDERR  ] 2018-06-29T16:45:04.882119090Z: [    0.000000] e820: last_pfn = 0x3ffdf max_arch_pfn = 0x400000000
[STDERR  ] 2018-06-29T16:45:04.882147410Z: [    0.000000] x86/PAT: Configuration [0-7]: WB  WC  UC- UC  WB  WP  UC- WT  
[STDERR  ] 2018-06-29T16:45:04.882171642Z: [    0.000000] found SMP MP-table at [mem 0x000f6aa0-0x000f6aaf] mapped at [ffffffffff200aa0]
[STDERR  ] 2018-06-29T16:45:04.882196600Z: [    0.000000] RAMDISK: [mem 0x3dce6000-0x3ffcffff]
[STDERR  ] 2018-06-29T16:45:04.882219915Z: [    0.000000] ACPI: Early table checksum verification disabled
[STDERR  ] 2018-06-29T16:45:04.882247156Z: [    0.000000] ACPI: RSDP 0x00000000000F68B0 000014 (v00 BOCHS )
[STDERR  ] 2018-06-29T16:45:04.882285020Z: [    0.000000] ACPI: RSDT 0x000000003FFE20A8 000034 (v01 BOCHS  BXPCRSDT 00000001 BXPC 00000001)
[STDERR  ] 2018-06-29T16:45:04.882309352Z: [    0.000000] ACPI: FACP 0x000000003FFE1EC8 0000F4 (v03 BOCHS  BXPCFACP 00000001 BXPC 00000001)
[STDERR  ] 2018-06-29T16:45:04.882337254Z: [    0.000000] ACPI: DSDT 0x000000003FFE0040 001E88 (v01 BOCHS  BXPCDSDT 00000001 BXPC 00000001)
[STDERR  ] 2018-06-29T16:45:04.882361224Z: [    0.000000] ACPI: FACS 0x000000003FFE0000 000040
[STDERR  ] 2018-06-29T16:45:04.882386879Z: [    0.000000] ACPI: APIC 0x000000003FFE1FBC 000078 (v01 BOCHS  BXPCAPIC 00000001 BXPC 00000001)
[STDERR  ] 2018-06-29T16:45:04.882410067Z: [    0.000000] ACPI: HPET 0x000000003FFE2034 000038 (v01 BOCHS  BXPCHPET 00000001 BXPC 00000001)
[STDERR  ] 2018-06-29T16:45:04.882433387Z: [    0.000000] ACPI: MCFG 0x000000003FFE206C 00003C (v01 BOCHS  BXPCMCFG 00000001 BXPC 00000001)
[STDERR  ] 2018-06-29T16:45:04.882457387Z: [    0.000000] Zone ranges:
[STDERR  ] 2018-06-29T16:45:04.882479615Z: [    0.000000]   DMA      [mem 0x0000000000001000-0x0000000000ffffff]
[STDERR  ] 2018-06-29T16:45:04.882510119Z: [    0.000000]   DMA32    [mem 0x0000000001000000-0x000000003ffdefff]
[STDERR  ] 2018-06-29T16:45:04.882533299Z: [    0.000000]   Normal   empty
[STDERR  ] 2018-06-29T16:45:04.882557628Z: [    0.000000]   Device   empty
[STDERR  ] 2018-06-29T16:45:04.882586821Z: [    0.000000] Movable zone start for each node
[STDERR  ] 2018-06-29T16:45:04.882609711Z: [    0.000000] Early memory node ranges
[STDERR  ] 2018-06-29T16:45:04.882633508Z: [    0.000000]   node   0: [mem 0x0000000000001000-0x000000000009efff]
[STDERR  ] 2018-06-29T16:45:04.882656878Z: [    0.000000]   node   0: [mem 0x0000000000100000-0x000000003ffdefff]
[STDERR  ] 2018-06-29T16:45:04.882699791Z: [    0.000000] Initmem setup node 0 [mem 0x0000000000001000-0x000000003ffdefff]
[STDERR  ] 2018-06-29T16:45:04.882727088Z: [    0.000000] ACPI: PM-Timer IO Port: 0x608
[STDERR  ] 2018-06-29T16:45:04.882751857Z: [    0.000000] ACPI: LAPIC_NMI (acpi_id[0xff] dfl dfl lint[0x1])
[STDERR  ] 2018-06-29T16:45:04.882774776Z: [    0.000000] IOAPIC[0]: apic_id 0, version 32, address 0xfec00000, GSI 0-23
[STDERR  ] 2018-06-29T16:45:04.882819438Z: [    0.000000] ACPI: INT_SRC_OVR (bus 0 bus_irq 0 global_irq 2 dfl dfl)
[STDERR  ] 2018-06-29T16:45:04.882843152Z: [    0.000000] ACPI: INT_SRC_OVR (bus 0 bus_irq 5 global_irq 5 high level)
[STDERR  ] 2018-06-29T16:45:04.882866757Z: [    0.000000] ACPI: INT_SRC_OVR (bus 0 bus_irq 9 global_irq 9 high level)
[STDERR  ] 2018-06-29T16:45:04.882905390Z: [    0.000000] ACPI: INT_SRC_OVR (bus 0 bus_irq 10 global_irq 10 high level)
[STDERR  ] 2018-06-29T16:45:04.882930077Z: [    0.000000] ACPI: INT_SRC_OVR (bus 0 bus_irq 11 global_irq 11 high level)
[STDERR  ] 2018-06-29T16:45:04.882953320Z: [    0.000000] Using ACPI (MADT) for SMP configuration information
[STDERR  ] 2018-06-29T16:45:04.882983401Z: [    0.000000] ACPI: HPET id: 0x8086a201 base: 0xfed00000
[STDERR  ] 2018-06-29T16:45:04.883017198Z: [    0.000000] smpboot: Allowing 1 CPUs, 0 hotplug CPUs
[STDERR  ] 2018-06-29T16:45:04.883040330Z: [    0.000000] e820: [mem 0x40000000-0xafffffff] available for PCI devices
[STDERR  ] 2018-06-29T16:45:04.883073508Z: [    0.000000] Booting paravirtualized kernel on bare hardware
[STDERR  ] 2018-06-29T16:45:04.883097640Z: [    0.000000] clocksource: refined-jiffies: mask: 0xffffffff max_cycles: 0xffffffff, max_idle_ns: 19112604462750000 ns
[STDERR  ] 2018-06-29T16:45:04.883127880Z: [    0.000000] random: get_random_bytes called from start_kernel+0x92/0x4c8 with crng_init=0
[STDERR  ] 2018-06-29T16:45:04.883151765Z: [    0.000000] setup_percpu: NR_CPUS:128 nr_cpumask_bits:128 nr_cpu_ids:1 nr_node_ids:1
[STDERR  ] 2018-06-29T16:45:04.883174610Z: [    0.000000] percpu: Embedded 44 pages/cpu @ffff8db93da00000 s143256 r8192 d28776 u2097152
[STDERR  ] 2018-06-29T16:45:04.883200690Z: [    0.000000] Built 1 zonelists, mobility grouping on.  Total pages: 257896
[STDERR  ] 2018-06-29T16:45:04.883224123Z: [    0.000000] Kernel command line: console=ttyS0 console=ttyAMA0
[STDERR  ] 2018-06-29T16:45:04.883254525Z: [    0.000000] PID hash table entries: 4096 (order: 3, 32768 bytes)
[STDERR  ] 2018-06-29T16:45:04.883278388Z: [    0.000000] Dentry cache hash table entries: 131072 (order: 8, 1048576 bytes)
[STDERR  ] 2018-06-29T16:45:04.883301990Z: [    0.000000] Inode-cache hash table entries: 65536 (order: 7, 524288 bytes)
[STDERR  ] 2018-06-29T16:45:04.883334243Z: [    0.000000] Memory: 969048K/1048052K available (12300K kernel code, 1459K rwdata, 2992K rodata, 1512K init, 632K bss, 79004K reserved, 0K cma-reserved)
[STDERR  ] 2018-06-29T16:45:04.883362569Z: [    0.000000] ftrace: allocating 41025 entries in 161 pages
[STDERR  ] 2018-06-29T16:45:04.883389400Z: [    0.000000] Hierarchical RCU implementation.
[STDERR  ] 2018-06-29T16:45:04.883419339Z: [    0.000000] 	RCU restricting CPUs from NR_CPUS=128 to nr_cpu_ids=1.
[STDERR  ] 2018-06-29T16:45:04.883446763Z: [    0.000000] RCU: Adjusting geometry for rcu_fanout_leaf=16, nr_cpu_ids=1
[STDERR  ] 2018-06-29T16:45:04.883473098Z: [    0.000000] NR_IRQS: 8448, nr_irqs: 256, preallocated irqs: 16
[STDERR  ] 2018-06-29T16:45:04.883500799Z: [    0.000000] Console: colour VGA+ 80x25
[STDERR  ] 2018-06-29T16:45:04.883531596Z: [    0.000000] console [ttyS0] enabled
[STDERR  ] 2018-06-29T16:45:04.883557014Z: [    0.000000] clocksource: hpet: mask: 0xffffffff max_cycles: 0xffffffff, max_idle_ns: 19112604467 ns
[STDERR  ] 2018-06-29T16:45:04.883605898Z: [    0.000000] tsc: Fast TSC calibration using PIT
[STDERR  ] 2018-06-29T16:45:04.883630268Z: [    0.000000] tsc: Detected 2599.650 MHz processor
[STDERR  ] 2018-06-29T16:45:04.883653424Z: [    0.001703] Calibrating delay loop (skipped), value calculated using timer frequency.. 5199.30 BogoMIPS (lpj=25996500)
[STDERR  ] 2018-06-29T16:45:04.883678498Z: [    0.002157] pid_max: default: 32768 minimum: 301
[STDERR  ] 2018-06-29T16:45:04.883701809Z: [    0.002915] ACPI: Core revision 20170728
[STDERR  ] 2018-06-29T16:45:04.883724154Z: [    0.036804] ACPI: 1 ACPI AML tables successfully acquired and loaded
[STDERR  ] 2018-06-29T16:45:04.883748738Z: [    0.038733] Security Framework initialized
[STDERR  ] 2018-06-29T16:45:04.883772140Z: [    0.039267] Yama: becoming mindful.
[STDERR  ] 2018-06-29T16:45:04.883795103Z: [    0.042274] Mount-cache hash table entries: 2048 (order: 2, 16384 bytes)
[STDERR  ] 2018-06-29T16:45:04.883819266Z: [    0.042743] Mountpoint-cache hash table entries: 2048 (order: 2, 16384 bytes)
[STDERR  ] 2018-06-29T16:45:04.883843249Z: [    0.060432] Last level iTLB entries: 4KB 0, 2MB 0, 4MB 0
[STDERR  ] 2018-06-29T16:45:04.883867411Z: [    0.060800] Last level dTLB entries: 4KB 0, 2MB 0, 4MB 0, 1GB 0
[STDERR  ] 2018-06-29T16:45:04.883935392Z: [    0.061261] Spectre V2 : Spectre mitigation: LFENCE not serializing, switching to generic retpoline
[STDERR  ] 2018-06-29T16:45:04.883966929Z: [    0.061744] Spectre V2 : Vulnerable: Minimal generic ASM retpoline
[STDERR  ] 2018-06-29T16:45:04.883991253Z: [    0.062123] Spectre V2 : Spectre v2 mitigation: Filling RSB on context switch
[STDERR  ] 2018-06-29T16:45:04.884019437Z: [    0.062554] Speculative Store Bypass: Vulnerable
[STDERR  ] 2018-06-29T16:45:04.884069940Z: [    0.351555] Freeing SMP alternatives memory: 20K
[STDERR  ] 2018-06-29T16:45:04.884094323Z: [    0.371844] smpboot: Max logical packages: 1
[STDERR  ] 2018-06-29T16:45:04.884118274Z: [    0.378272] ..TIMER: vector=0x30 apic1=0 pin1=2 apic2=-1 pin2=-1
[STDERR  ] 2018-06-29T16:45:04.884149891Z: [    0.490000] smpboot: CPU0: AMD QEMU Virtual CPU version 2.5+ (family: 0x6, model: 0x6, stepping: 0x3)
[STDERR  ] 2018-06-29T16:45:04.884174659Z: [    0.490000] Performance Events: PMU not available due to virtualization, using software events only.
[STDERR  ] 2018-06-29T16:45:04.884202872Z: [    0.491080] Hierarchical SRCU implementation.
[STDERR  ] 2018-06-29T16:45:04.884226427Z: [    0.498001] NMI watchdog: Perf event create on CPU 0 failed with -2
[STDERR  ] 2018-06-29T16:45:04.884257435Z: [    0.498475] NMI watchdog: Perf NMI watchdog permanently disabled
[STDERR  ] 2018-06-29T16:45:04.884285273Z: [    0.502827] smp: Bringing up secondary CPUs ...
[STDERR  ] 2018-06-29T16:45:04.884308262Z: [    0.503184] smp: Brought up 1 node, 1 CPU
[STDERR  ] 2018-06-29T16:45:04.884331905Z: [    0.503468] smpboot: Total of 1 processors activated (5199.30 BogoMIPS)
[STDERR  ] 2018-06-29T16:45:04.884355609Z: [    0.518424] devtmpfs: initialized
[STDERR  ] 2018-06-29T16:45:04.884379266Z: [    0.524323] x86/mm: Memory block size: 128MB
[STDERR  ] 2018-06-29T16:45:04.884402402Z: [    0.530762] evm: security.ima
[STDERR  ] 2018-06-29T16:45:04.884424643Z: [    0.530944] evm: security.capability
[STDERR  ] 2018-06-29T16:45:04.884455229Z: [    0.533839] clocksource: jiffies: mask: 0xffffffff max_cycles: 0xffffffff, max_idle_ns: 19112604462750000 ns
[STDERR  ] 2018-06-29T16:45:04.884485355Z: [    0.534528] futex hash table entries: 256 (order: 2, 16384 bytes)
[STDERR  ] 2018-06-29T16:45:04.884513039Z: [    0.544205] NET: Registered protocol family 16
[STDERR  ] 2018-06-29T16:45:04.884543356Z: [    0.550267] cpuidle: using governor ladder
[STDERR  ] 2018-06-29T16:45:04.884570705Z: [    0.550675] cpuidle: using governor menu
[STDERR  ] 2018-06-29T16:45:04.884604943Z: [    0.552613] ACPI: bus type PCI registered
[STDERR  ] 2018-06-29T16:45:04.884632586Z: [    0.555134] PCI: MMCONFIG for domain 0000 [bus 00-ff] at [mem 0xb0000000-0xbfffffff] (base 0xb0000000)
[STDERR  ] 2018-06-29T16:45:04.884662304Z: [    0.555961] PCI: MMCONFIG at [mem 0xb0000000-0xbfffffff] reserved in E820
[STDERR  ] 2018-06-29T16:45:04.884691057Z: [    0.556901] PCI: Using configuration type 1 for base access
[STDERR  ] 2018-06-29T16:45:04.884718617Z: [    0.592382] HugeTLB registered 2.00 MiB page size, pre-allocated 0 pages
[STDERR  ] 2018-06-29T16:45:04.884745423Z: [    0.603253] ACPI: Added _OSI(Module Device)
[STDERR  ] 2018-06-29T16:45:04.884768397Z: [    0.603586] ACPI: Added _OSI(Processor Device)
[STDERR  ] 2018-06-29T16:45:04.884793014Z: [    0.603842] ACPI: Added _OSI(3.0 _SCP Extensions)
[STDERR  ] 2018-06-29T16:45:04.884816754Z: [    0.604057] ACPI: Added _OSI(Processor Aggregator Device)
[STDERR  ] 2018-06-29T16:45:04.884838745Z: [    0.652694] ACPI: Interpreter enabled
[STDERR  ] 2018-06-29T16:45:04.884862292Z: [    0.653575] ACPI: (supports S0 S5)
[STDERR  ] 2018-06-29T16:45:04.884884589Z: [    0.653910] ACPI: Using IOAPIC for interrupt routing
[STDERR  ] 2018-06-29T16:45:04.884916471Z: [    0.656208] PCI: Using host bridge windows from ACPI; if necessary, use "pci=nocrs" and report a bug
[STDERR  ] 2018-06-29T16:45:04.884950245Z: [    0.659107] ACPI: Enabled 1 GPEs in block 00 to 3F
[STDERR  ] 2018-06-29T16:45:04.884979493Z: [    0.706368] ACPI: PCI Root Bridge [PCI0] (domain 0000 [bus 00-ff])
[STDERR  ] 2018-06-29T16:45:04.885005359Z: [    0.707293] acpi PNP0A08:00: _OSC: OS supports [ExtendedConfig ASPM ClockPM Segments MSI]
[STDERR  ] 2018-06-29T16:45:04.885034028Z: [    0.711892] acpi PNP0A08:00: _OSC: OS now controls [PCIeHotplug PME PCIeCapability]
[STDERR  ] 2018-06-29T16:45:04.885061559Z: [    0.715398] PCI host bridge to bus 0000:00
[STDERR  ] 2018-06-29T16:45:04.885089705Z: [    0.715907] pci_bus 0000:00: root bus resource [io  0x0000-0x0cf7 window]
[STDERR  ] 2018-06-29T16:45:04.885124460Z: [    0.716299] pci_bus 0000:00: root bus resource [io  0x0d00-0xffff window]
[STDERR  ] 2018-06-29T16:45:04.885152139Z: [    0.716609] pci_bus 0000:00: root bus resource [mem 0x000a0000-0x000bffff window]
[STDERR  ] 2018-06-29T16:45:04.885183425Z: [    0.716927] pci_bus 0000:00: root bus resource [mem 0xc0000000-0xfebfffff window]
[STDERR  ] 2018-06-29T16:45:04.885216143Z: [    0.717403] pci_bus 0000:00: root bus resource [bus 00-ff]
[STDERR  ] 2018-06-29T16:45:04.885242432Z: [    0.876860] pci 0000:00:1f.0: quirk: [io  0x0600-0x067f] claimed by ICH6 ACPI/GPIO/TCO
[STDERR  ] 2018-06-29T16:45:04.885276100Z: [    0.968284] ACPI: PCI Interrupt Link [LNKA] (IRQs 5 *10 11)
[STDERR  ] 2018-06-29T16:45:04.885306828Z: [    0.971457] ACPI: PCI Interrupt Link [LNKB] (IRQs 5 *10 11)
[STDERR  ] 2018-06-29T16:45:04.885334762Z: [    0.973231] ACPI: PCI Interrupt Link [LNKC] (IRQs 5 10 *11)
[STDERR  ] 2018-06-29T16:45:04.885364609Z: [    0.974714] ACPI: PCI Interrupt Link [LNKD] (IRQs 5 10 *11)
[STDERR  ] 2018-06-29T16:45:04.885387866Z: [    0.976022] ACPI: PCI Interrupt Link [LNKE] (IRQs 5 *10 11)
[STDERR  ] 2018-06-29T16:45:04.885416086Z: [    0.977164] ACPI: PCI Interrupt Link [LNKF] (IRQs 5 *10 11)
[STDERR  ] 2018-06-29T16:45:04.885439915Z: [    0.978399] ACPI: PCI Interrupt Link [LNKG] (IRQs 5 10 *11)
[STDERR  ] 2018-06-29T16:45:04.885463837Z: [    0.980640] ACPI: PCI Interrupt Link [LNKH] (IRQs 5 10 *11)
[STDERR  ] 2018-06-29T16:45:04.885486313Z: [    0.981355] ACPI: PCI Interrupt Link [GSIA] (IRQs *16)
[STDERR  ] 2018-06-29T16:45:04.885509472Z: [    0.981871] ACPI: PCI Interrupt Link [GSIB] (IRQs *17)
[STDERR  ] 2018-06-29T16:45:04.885532024Z: [    0.982332] ACPI: PCI Interrupt Link [GSIC] (IRQs *18)
[STDERR  ] 2018-06-29T16:45:04.885558633Z: [    0.982819] ACPI: PCI Interrupt Link [GSID] (IRQs *19)
[STDERR  ] 2018-06-29T16:45:04.885588428Z: [    0.983296] ACPI: PCI Interrupt Link [GSIE] (IRQs *20)
[STDERR  ] 2018-06-29T16:45:04.885617827Z: [    0.983740] ACPI: PCI Interrupt Link [GSIF] (IRQs *21)
[STDERR  ] 2018-06-29T16:45:04.885644584Z: [    0.984195] ACPI: PCI Interrupt Link [GSIG] (IRQs *22)
[STDERR  ] 2018-06-29T16:45:04.885672667Z: [    0.984669] ACPI: PCI Interrupt Link [GSIH] (IRQs *23)
[STDERR  ] 2018-06-29T16:45:04.885701986Z: [    0.993172] SCSI subsystem initialized
[STDERR  ] 2018-06-29T16:45:04.885731966Z: [    0.996000] ACPI: bus type USB registered
[STDERR  ] 2018-06-29T16:45:04.885758091Z: [    0.997049] usbcore: registered new interface driver usbfs
[STDERR  ] 2018-06-29T16:45:04.885789807Z: [    0.997788] usbcore: registered new interface driver hub
[STDERR  ] 2018-06-29T16:45:04.885840127Z: [    0.998536] usbcore: registered new device driver usb
[STDERR  ] 2018-06-29T16:45:04.885866591Z: [    0.999434] pps_core: LinuxPPS API ver. 1 registered
[STDERR  ] 2018-06-29T16:45:04.885893280Z: [    0.999709] pps_core: Software ver. 5.3.6 - Copyright 2005-2007 Rodolfo Giometti <giometti@linux.it>
[STDERR  ] 2018-06-29T16:45:04.885933353Z: [    1.000250] PTP clock support registered
[STDERR  ] 2018-06-29T16:45:04.885970711Z: [    1.002219] PCI: Using ACPI for IRQ routing
[STDERR  ] 2018-06-29T16:45:04.885998360Z: [    1.016393] NetLabel: Initializing
[STDERR  ] 2018-06-29T16:45:04.886029532Z: [    1.016583] NetLabel:  domain hash size = 128
[STDERR  ] 2018-06-29T16:45:04.886057684Z: [    1.016731] NetLabel:  protocols = UNLABELED CIPSOv4 CALIPSO
[STDERR  ] 2018-06-29T16:45:04.886086798Z: [    1.019688] NetLabel:  unlabeled traffic allowed by default
[STDERR  ] 2018-06-29T16:45:04.886116251Z: [    1.021722] HPET: 3 timers in total, 0 timers will be used for per-cpu timer
[STDERR  ] 2018-06-29T16:45:04.886146357Z: [    1.022414] hpet0: at MMIO 0xfed00000, IRQs 2, 8, 0
[STDERR  ] 2018-06-29T16:45:04.886172915Z: [    1.022791] hpet0: 3 comparators, 64-bit 100.000000 MHz counter
[STDERR  ] 2018-06-29T16:45:04.886196938Z: [    1.028964] clocksource: Switched to clocksource hpet
[STDERR  ] 2018-06-29T16:45:04.886239386Z: [    1.238687] VFS: Disk quotas dquot_6.6.0
[STDERR  ] 2018-06-29T16:45:04.886275832Z: [    1.239326] VFS: Dquot-cache hash table entries: 512 (order 0, 4096 bytes)
[STDERR  ] 2018-06-29T16:45:04.886306187Z: [    1.242918] FS-Cache: Loaded
[STDERR  ] 2018-06-29T16:45:04.886331678Z: [    1.249293] CacheFiles: Loaded
[STDERR  ] 2018-06-29T16:45:04.886360471Z: [    1.250563] pnp: PnP ACPI init
[STDERR  ] 2018-06-29T16:45:04.886383346Z: [    1.258484] pnp: PnP ACPI: found 5 devices
[STDERR  ] 2018-06-29T16:45:04.886406066Z: [    1.290522] clocksource: acpi_pm: mask: 0xffffff max_cycles: 0xffffff, max_idle_ns: 2085701024 ns
[STDERR  ] 2018-06-29T16:45:04.886431096Z: [    1.293803] NET: Registered protocol family 2
[STDERR  ] 2018-06-29T16:45:04.886457748Z: [    1.301092] TCP established hash table entries: 8192 (order: 4, 65536 bytes)
[STDERR  ] 2018-06-29T16:45:04.886484188Z: [    1.301889] TCP bind hash table entries: 8192 (order: 5, 131072 bytes)
[STDERR  ] 2018-06-29T16:45:04.886511891Z: [    1.302928] TCP: Hash tables configured (established 8192 bind 8192)
[STDERR  ] 2018-06-29T16:45:04.886542757Z: [    1.304907] UDP hash table entries: 512 (order: 2, 16384 bytes)
[STDERR  ] 2018-06-29T16:45:04.886567473Z: [    1.305426] UDP-Lite hash table entries: 512 (order: 2, 16384 bytes)
[STDERR  ] 2018-06-29T16:45:04.886601595Z: [    1.307723] NET: Registered protocol family 1
[STDERR  ] 2018-06-29T16:45:04.886629403Z: [    1.308703] pci 0000:00:01.0: Video device with shadowed ROM at [mem 0x000c0000-0x000dffff]
[STDERR  ] 2018-06-29T16:45:04.886660078Z: [    1.314347] Trying to unpack rootfs image as initramfs...
[STDERR  ] 2018-06-29T16:45:04.886690958Z: [    6.459611] Freeing initrd memory: 35752K
[STDERR  ] 2018-06-29T16:45:04.886723117Z: [    6.480963] PCLMULQDQ-NI instructions are not detected.
[STDERR  ] 2018-06-29T16:45:04.886748121Z: [    6.482252] AVX or AES-NI instructions are not detected.
