[INFO    ] 2018-07-06T17:42:57.394964472Z: Running Test linuxkit.packages.containerd in /tmp/build/test/cases/040_packages/003_containerd
[INFO    ] 2018-07-06T17:42:57.395080575Z: Running command: [/bin/sh -x /tmp/build/test/cases/040_packages/003_containerd/test.sh]
[STDERR  ] 2018-07-06T17:42:57.465964149Z: + set -e
[STDERR  ] 2018-07-06T17:42:57.466050583Z: + . /tmp/build/test/cases/_lib/lib.sh
[STDERR  ] 2018-07-06T17:42:57.466061138Z: + [ -f src/github.com/linuxkit/rtf/lib/lib.sh ]
[STDERR  ] 2018-07-06T17:42:57.466075950Z: + LINUXKIT_TMPDIR=/tmp/build/test/cases/_tmp
[STDERR  ] 2018-07-06T17:42:57.466084285Z: + [ -f /tmp/build/test/cases/_tmp/env.sh ]
[STDERR  ] 2018-07-06T17:42:57.466093091Z: + . /tmp/build/test/cases/_tmp/env.sh
[STDERR  ] 2018-07-06T17:42:57.466102485Z: + export LINUXKIT_EXAMPLES_DIR=/tmp/build/test/cases/../../examples
[STDERR  ] 2018-07-06T17:42:57.466111479Z: + RT_CANCEL=253
[STDERR  ] 2018-07-06T17:42:57.466120462Z: + NAME=containerd
[STDERR  ] 2018-07-06T17:42:57.466129573Z: + trap clean_up EXIT
[STDERR  ] 2018-07-06T17:42:57.466146576Z: + linuxkit build -format kernel+initrd -name containerd test.yml
[STDERR  ] 2018-07-06T17:42:57.523218557Z: Extract kernel image: linuxkit/kernel:4.14.53
[STDERR  ] 2018-07-06T17:42:59.199146248Z: Add init containers:
[STDERR  ] 2018-07-06T17:42:59.199199920Z: Process init image: linuxkit/init:0e4af96fecc8f752c80d41c0b7d06570cc1dc6b2
[STDERR  ] 2018-07-06T17:43:00.430145052Z: Process init image: linuxkit/runc:v0.4
[STDERR  ] 2018-07-06T17:43:01.651712402Z: Process init image: linuxkit/containerd:27a4c84cc8fab2d5ea04342546ecd20453ec99b3
[STDERR  ] 2018-07-06T17:43:03.628189961Z: Process init image: linuxkit/ca-certificates:v0.4
[STDERR  ] 2018-07-06T17:43:04.814578741Z: Add onboot containers:
[STDERR  ] 2018-07-06T17:43:04.814632583Z:   Create OCI config for linuxkit/dhcpcd:1fe0db6b1eb7bcb1e4823e61e08afe6d48af7d16
[STDERR  ] 2018-07-06T17:43:06.336825787Z:   Create OCI config for linuxkit/sysctl:v0.4
[STDERR  ] 2018-07-06T17:43:07.699386051Z:   Create OCI config for linuxkit/format:v0.4
[STDERR  ] 2018-07-06T17:43:10.261252651Z:   Create OCI config for linuxkit/mount:v0.4
[STDERR  ] 2018-07-06T17:43:12.356798359Z:   Create OCI config for linuxkit/test-containerd:79f60de365c402369866ec1a20e807e4dfac70dd
[STDERR  ] 2018-07-06T17:43:14.551772329Z: Pull image: docker.io/linuxkit/test-containerd:79f60de365c402369866ec1a20e807e4dfac70dd@sha256:32f76a677466a3414661ddfd8855a42da67b7ab1b16eaee1e91f29693b2e11c5
[STDERR  ] 2018-07-06T17:43:34.455112545Z:   Create OCI config for linuxkit/poweroff:d75d94d9603bde9ab95b914deed0d069d05d8b20
[STDERR  ] 2018-07-06T17:43:36.381544567Z: Create outputs:
[STDERR  ] 2018-07-06T17:44:13.303644815Z:   containerd-kernel containerd-initrd.img containerd-cmdline
[STDERR  ] 2018-07-06T17:44:13.634579926Z: + linuxkit run -mem 2048 -disk size=2G containerd
[STDERR  ] 2018-07-06T17:44:13.658019524Z: Unable to find qemu-system-x86_64 within the $PATH. Using a container
[STDERR  ] 2018-07-06T17:53:05.690894083Z: + RESULT=[    0.000000] Linux version 4.14.53-linuxkit (root@bd72a9eaf0e9) (gcc version 6.4.0 (Alpine 6.4.0)) #1 SMP Tue Jul 3 13:29:41 UTC 2018
[STDERR  ] 2018-07-06T17:53:05.691003100Z: [    0.000000] Command line: console=ttyS0 console=ttyAMA0
[STDERR  ] 2018-07-06T17:53:05.691016105Z: [    0.000000] x86/fpu: x87 FPU will use FXSAVE
[STDERR  ] 2018-07-06T17:53:05.691027066Z: [    0.000000] e820: BIOS-provided physical RAM map:
[STDERR  ] 2018-07-06T17:53:05.691037591Z: [    0.000000] BIOS-e820: [mem 0x0000000000000000-0x000000000009fbff] usable
[STDERR  ] 2018-07-06T17:53:05.691049204Z: [    0.000000] BIOS-e820: [mem 0x000000000009fc00-0x000000000009ffff] reserved
[STDERR  ] 2018-07-06T17:53:05.691060418Z: [    0.000000] BIOS-e820: [mem 0x00000000000f0000-0x00000000000fffff] reserved
[STDERR  ] 2018-07-06T17:53:05.691074231Z: [    0.000000] BIOS-e820: [mem 0x0000000000100000-0x000000007ffdefff] usable
[STDERR  ] 2018-07-06T17:53:05.691087794Z: [    0.000000] BIOS-e820: [mem 0x000000007ffdf000-0x000000007fffffff] reserved
[STDERR  ] 2018-07-06T17:53:05.691103110Z: [    0.000000] BIOS-e820: [mem 0x00000000b0000000-0x00000000bfffffff] reserved
[STDERR  ] 2018-07-06T17:53:05.691122982Z: [    0.000000] BIOS-e820: [mem 0x00000000fed1c000-0x00000000fed1ffff] reserved
[STDERR  ] 2018-07-06T17:53:05.691132217Z: [    0.000000] BIOS-e820: [mem 0x00000000fffc0000-0x00000000ffffffff] reserved
[STDERR  ] 2018-07-06T17:53:05.691141237Z: [    0.000000] NX (Execute Disable) protection: active
[STDERR  ] 2018-07-06T17:53:05.691150453Z: [    0.000000] SMBIOS 2.8 present.
[STDERR  ] 2018-07-06T17:53:05.691159524Z: [    0.000000] DMI: QEMU Standard PC (Q35 + ICH9, 2009), BIOS rel-1.10.2-0-g5f4c7b1-prebuilt.qemu-project.org 04/01/2014
[STDERR  ] 2018-07-06T17:53:05.691175821Z: [    0.000000] tsc: Fast TSC calibration using PIT
[STDERR  ] 2018-07-06T17:53:05.691184299Z: [    0.000000] e820: last_pfn = 0x7ffdf max_arch_pfn = 0x400000000
[STDERR  ] 2018-07-06T17:53:05.691192616Z: [    0.000000] x86/PAT: Configuration [0-7]: WB  WC  UC- UC  WB  WP  UC- WT  
[STDERR  ] 2018-07-06T17:53:05.691200792Z: [    0.000000] found SMP MP-table at [mem 0x000f6aa0-0x000f6aaf] mapped at [ffffffffff200aa0]
[STDERR  ] 2018-07-06T17:53:05.691209644Z: [    0.000000] RAMDISK: [mem 0x708b7000-0x7ffcffff]
[STDERR  ] 2018-07-06T17:53:05.691218244Z: [    0.000000] ACPI: Early table checksum verification disabled
[STDERR  ] 2018-07-06T17:53:05.691226620Z: [    0.000000] ACPI: RSDP 0x00000000000F68B0 000014 (v00 BOCHS )
[STDERR  ] 2018-07-06T17:53:05.691234817Z: [    0.000000] ACPI: RSDT 0x000000007FFE20A8 000034 (v01 BOCHS  BXPCRSDT 00000001 BXPC 00000001)
[STDERR  ] 2018-07-06T17:53:05.691243908Z: [    0.000000] ACPI: FACP 0x000000007FFE1EC8 0000F4 (v03 BOCHS  BXPCFACP 00000001 BXPC 00000001)
[STDERR  ] 2018-07-06T17:53:05.691252584Z: [    0.000000] ACPI: DSDT 0x000000007FFE0040 001E88 (v01 BOCHS  BXPCDSDT 00000001 BXPC 00000001)
[STDERR  ] 2018-07-06T17:53:05.691261908Z: [    0.000000] ACPI: FACS 0x000000007FFE0000 000040
[STDERR  ] 2018-07-06T17:53:05.691270256Z: [    0.000000] ACPI: APIC 0x000000007FFE1FBC 000078 (v01 BOCHS  BXPCAPIC 00000001 BXPC 00000001)
[STDERR  ] 2018-07-06T17:53:05.691278564Z: [    0.000000] ACPI: HPET 0x000000007FFE2034 000038 (v01 BOCHS  BXPCHPET 00000001 BXPC 00000001)
[STDERR  ] 2018-07-06T17:53:05.691286980Z: [    0.000000] ACPI: MCFG 0x000000007FFE206C 00003C (v01 BOCHS  BXPCMCFG 00000001 BXPC 00000001)
[STDERR  ] 2018-07-06T17:53:05.691294994Z: [    0.000000] Zone ranges:
[STDERR  ] 2018-07-06T17:53:05.691303309Z: [    0.000000]   DMA      [mem 0x0000000000001000-0x0000000000ffffff]
[STDERR  ] 2018-07-06T17:53:05.692108403Z: [    0.000000]   DMA32    [mem 0x0000000001000000-0x000000007ffdefff]
[STDERR  ] 2018-07-06T17:53:05.692122634Z: [    0.000000]   Normal   empty
[STDERR  ] 2018-07-06T17:53:05.692134021Z: [    0.000000]   Device   empty
[STDERR  ] 2018-07-06T17:53:05.692144693Z: [    0.000000] Movable zone start for each node
[STDERR  ] 2018-07-06T17:53:05.692153930Z: [    0.000000] Early memory node ranges
[STDERR  ] 2018-07-06T17:53:05.692167189Z: [    0.000000]   node   0: [mem 0x0000000000001000-0x000000000009efff]
[STDERR  ] 2018-07-06T17:53:05.692175925Z: [    0.000000]   node   0: [mem 0x0000000000100000-0x000000007ffdefff]
[STDERR  ] 2018-07-06T17:53:05.692184595Z: [    0.000000] Initmem setup node 0 [mem 0x0000000000001000-0x000000007ffdefff]
[STDERR  ] 2018-07-06T17:53:05.692193143Z: [    0.000000] ACPI: PM-Timer IO Port: 0x608
[STDERR  ] 2018-07-06T17:53:05.692202224Z: [    0.000000] ACPI: LAPIC_NMI (acpi_id[0xff] dfl dfl lint[0x1])
[STDERR  ] 2018-07-06T17:53:05.692211663Z: [    0.000000] IOAPIC[0]: apic_id 0, version 32, address 0xfec00000, GSI 0-23
[STDERR  ] 2018-07-06T17:53:05.692221715Z: [    0.000000] ACPI: INT_SRC_OVR (bus 0 bus_irq 0 global_irq 2 dfl dfl)
[STDERR  ] 2018-07-06T17:53:05.692231740Z: [    0.000000] ACPI: INT_SRC_OVR (bus 0 bus_irq 5 global_irq 5 high level)
[STDERR  ] 2018-07-06T17:53:05.692240243Z: [    0.000000] ACPI: INT_SRC_OVR (bus 0 bus_irq 9 global_irq 9 high level)
[STDERR  ] 2018-07-06T17:53:05.692248642Z: [    0.000000] ACPI: INT_SRC_OVR (bus 0 bus_irq 10 global_irq 10 high level)
[STDERR  ] 2018-07-06T17:53:05.692271355Z: [    0.000000] ACPI: INT_SRC_OVR (bus 0 bus_irq 11 global_irq 11 high level)
[STDERR  ] 2018-07-06T17:53:05.692279603Z: [    0.000000] Using ACPI (MADT) for SMP configuration information
[STDERR  ] 2018-07-06T17:53:05.692288260Z: [    0.000000] ACPI: HPET id: 0x8086a201 base: 0xfed00000
[STDERR  ] 2018-07-06T17:53:05.692297526Z: [    0.000000] smpboot: Allowing 1 CPUs, 0 hotplug CPUs
[STDERR  ] 2018-07-06T17:53:05.692306545Z: [    0.000000] e820: [mem 0xc0000000-0xfed1bfff] available for PCI devices
[STDERR  ] 2018-07-06T17:53:05.692314811Z: [    0.000000] Booting paravirtualized kernel on bare hardware
[STDERR  ] 2018-07-06T17:53:05.692323203Z: [    0.000000] clocksource: refined-jiffies: mask: 0xffffffff max_cycles: 0xffffffff, max_idle_ns: 19112604462750000 ns
[STDERR  ] 2018-07-06T17:53:05.692332338Z: [    0.000000] random: get_random_bytes called from start_kernel+0x92/0x4c8 with crng_init=0
[STDERR  ] 2018-07-06T17:53:05.692341686Z: [    0.000000] setup_percpu: NR_CPUS:128 nr_cpumask_bits:128 nr_cpu_ids:1 nr_node_ids:1
[STDERR  ] 2018-07-06T17:53:05.692355485Z: [    0.000000] percpu: Embedded 44 pages/cpu @ffff9a64b0600000 s143256 r8192 d28776 u2097152
[STDERR  ] 2018-07-06T17:53:05.692363804Z: [    0.000000] Built 1 zonelists, mobility grouping on.  Total pages: 515944
[STDERR  ] 2018-07-06T17:53:05.692371711Z: [    0.000000] Kernel command line: console=ttyS0 console=ttyAMA0
[STDERR  ] 2018-07-06T17:53:05.692381981Z: [    0.000000] PID hash table entries: 4096 (order: 3, 32768 bytes)
[STDERR  ] 2018-07-06T17:53:05.692390807Z: [    0.000000] Dentry cache hash table entries: 262144 (order: 9, 2097152 bytes)
[STDERR  ] 2018-07-06T17:53:05.692398784Z: [    0.000000] Inode-cache hash table entries: 131072 (order: 8, 1048576 bytes)
[STDERR  ] 2018-07-06T17:53:05.692411516Z: [    0.000000] Memory: 1782420K/2096628K available (12300K kernel code, 1465K rwdata, 2992K rodata, 1512K init, 632K bss, 314208K reserved, 0K cma-reserved)
[STDERR  ] 2018-07-06T17:53:05.692434845Z: [    0.000000] ftrace: allocating 41032 entries in 161 pages
[STDERR  ] 2018-07-06T17:53:05.692442714Z: [    0.000000] Hierarchical RCU implementation.
[STDERR  ] 2018-07-06T17:53:05.692451468Z: [    0.000000] 	RCU restricting CPUs from NR_CPUS=128 to nr_cpu_ids=1.
[STDERR  ] 2018-07-06T17:53:05.692480520Z: [    0.000000] RCU: Adjusting geometry for rcu_fanout_leaf=16, nr_cpu_ids=1
[STDERR  ] 2018-07-06T17:53:05.692491018Z: [    0.000000] NR_IRQS: 8448, nr_irqs: 256, preallocated irqs: 16
[STDERR  ] 2018-07-06T17:53:05.692505410Z: [    0.000000] Console: colour VGA+ 80x25
[STDERR  ] 2018-07-06T17:53:05.692515043Z: [    0.000000] console [ttyS0] enabled
[STDERR  ] 2018-07-06T17:53:05.692523911Z: [    0.000000] clocksource: hpet: mask: 0xffffffff max_cycles: 0xffffffff, max_idle_ns: 19112604467 ns
[STDERR  ] 2018-07-06T17:53:05.692589590Z: [    0.000000] tsc: Fast TSC calibration using PIT
[STDERR  ] 2018-07-06T17:53:05.692600140Z: [    0.000000] tsc: Detected 2599.873 MHz processor
[STDERR  ] 2018-07-06T17:53:05.692609569Z: [    0.001720] Calibrating delay loop (skipped), value calculated using timer frequency.. 5199.74 BogoMIPS (lpj=25998730)
[STDERR  ] 2018-07-06T17:53:05.692618464Z: [    0.002192] pid_max: default: 32768 minimum: 301
[STDERR  ] 2018-07-06T17:53:05.692627161Z: [    0.002923] ACPI: Core revision 20170728
[STDERR  ] 2018-07-06T17:53:05.692635046Z: [    0.034793] ACPI: 1 ACPI AML tables successfully acquired and loaded
[STDERR  ] 2018-07-06T17:53:05.692645217Z: [    0.036803] Security Framework initialized
[STDERR  ] 2018-07-06T17:53:05.692655971Z: [    0.037100] Yama: becoming mindful.
[STDERR  ] 2018-07-06T17:53:05.692664659Z: [    0.039672] Mount-cache hash table entries: 4096 (order: 3, 32768 bytes)
[STDERR  ] 2018-07-06T17:53:05.692679586Z: [    0.040093] Mountpoint-cache hash table entries: 4096 (order: 3, 32768 bytes)
[STDERR  ] 2018-07-06T17:53:05.692697200Z: [    0.057077] Last level iTLB entries: 4KB 0, 2MB 0, 4MB 0
[STDERR  ] 2018-07-06T17:53:05.692710355Z: [    0.057528] Last level dTLB entries: 4KB 0, 2MB 0, 4MB 0, 1GB 0
[STDERR  ] 2018-07-06T17:53:05.692731055Z: [    0.057994] Spectre V2 : Spectre mitigation: LFENCE not serializing, switching to generic retpoline
[STDERR  ] 2018-07-06T17:53:05.692743526Z: [    0.058485] Spectre V2 : Vulnerable: Minimal generic ASM retpoline
[STDERR  ] 2018-07-06T17:53:05.692757063Z: [    0.058881] Spectre V2 : Spectre v2 mitigation: Filling RSB on context switch
[STDERR  ] 2018-07-06T17:53:05.692765127Z: [    0.059172] Speculative Store Bypass: Vulnerable
[STDERR  ] 2018-07-06T17:53:05.692774941Z: [    0.346634] Freeing SMP alternatives memory: 20K
[STDERR  ] 2018-07-06T17:53:05.692782822Z: [    0.366101] smpboot: Max logical packages: 1
[STDERR  ] 2018-07-06T17:53:05.692790968Z: [    0.373271] ..TIMER: vector=0x30 apic1=0 pin1=2 apic2=-1 pin2=-1
[STDERR  ] 2018-07-06T17:53:05.692799840Z: [    0.480000] smpboot: CPU0: AMD QEMU Virtual CPU version 2.5+ (family: 0x6, model: 0x6, stepping: 0x3)
[STDERR  ] 2018-07-06T17:53:05.692807917Z: [    0.480000] Performance Events: PMU not available due to virtualization, using software events only.
[STDERR  ] 2018-07-06T17:53:05.692818835Z: [    0.480370] Hierarchical SRCU implementation.
[STDERR  ] 2018-07-06T17:53:05.692829903Z: [    0.487999] NMI watchdog: Perf event create on CPU 0 failed with -2
[STDERR  ] 2018-07-06T17:53:05.692837771Z: [    0.488393] NMI watchdog: Perf NMI watchdog permanently disabled
[STDERR  ] 2018-07-06T17:53:05.692848505Z: [    0.492036] smp: Bringing up secondary CPUs ...
[STDERR  ] 2018-07-06T17:53:05.692856519Z: [    0.492419] smp: Brought up 1 node, 1 CPU
[STDERR  ] 2018-07-06T17:53:05.692871252Z: [    0.492851] smpboot: Total of 1 processors activated (5199.74 BogoMIPS)
[STDERR  ] 2018-07-06T17:53:05.692879093Z: [    0.508306] devtmpfs: initialized
[STDERR  ] 2018-07-06T17:53:05.692887688Z: [    0.514149] x86/mm: Memory block size: 128MB
[STDERR  ] 2018-07-06T17:53:05.692896016Z: [    0.521838] evm: security.ima
[STDERR  ] 2018-07-06T17:53:05.692907301Z: [    0.522057] evm: security.capability
[STDERR  ] 2018-07-06T17:53:05.692919690Z: [    0.525106] clocksource: jiffies: mask: 0xffffffff max_cycles: 0xffffffff, max_idle_ns: 19112604462750000 ns
[STDERR  ] 2018-07-06T17:53:05.692931141Z: [    0.525776] futex hash table entries: 256 (order: 2, 16384 bytes)
[STDERR  ] 2018-07-06T17:53:05.692943519Z: [    0.536039] NET: Registered protocol family 16
[STDERR  ] 2018-07-06T17:53:05.692955342Z: [    0.542153] cpuidle: using governor ladder
[STDERR  ] 2018-07-06T17:53:05.692974091Z: [    0.542577] cpuidle: using governor menu
[STDERR  ] 2018-07-06T17:53:05.692985504Z: [    0.544089] ACPI: bus type PCI registered
[STDERR  ] 2018-07-06T17:53:05.692995977Z: [    0.546537] PCI: MMCONFIG for domain 0000 [bus 00-ff] at [mem 0xb0000000-0xbfffffff] (base 0xb0000000)
[STDERR  ] 2018-07-06T17:53:05.693007136Z: [    0.548545] PCI: MMCONFIG at [mem 0xb0000000-0xbfffffff] reserved in E820
[STDERR  ] 2018-07-06T17:53:05.693018890Z: [    0.549312] PCI: Using configuration type 1 for base access
[STDERR  ] 2018-07-06T17:53:05.693029131Z: [    0.586423] HugeTLB registered 2.00 MiB page size, pre-allocated 0 pages
[STDERR  ] 2018-07-06T17:53:05.693039553Z: [    0.596882] ACPI: Added _OSI(Module Device)
[STDERR  ] 2018-07-06T17:53:05.693048870Z: [    0.597214] ACPI: Added _OSI(Processor Device)
[STDERR  ] 2018-07-06T17:53:05.693058458Z: [    0.597448] ACPI: Added _OSI(3.0 _SCP Extensions)
[STDERR  ] 2018-07-06T17:53:05.693068256Z: [    0.597643] ACPI: Added _OSI(Processor Aggregator Device)
[STDERR  ] 2018-07-06T17:53:05.693077422Z: [    0.643840] ACPI: Interpreter enabled
[STDERR  ] 2018-07-06T17:53:05.693085904Z: [    0.644723] ACPI: (supports S0 S5)
[STDERR  ] 2018-07-06T17:53:05.693093829Z: [    0.645050] ACPI: Using IOAPIC for interrupt routing
[STDERR  ] 2018-07-06T17:53:05.693103099Z: [    0.647331] PCI: Using host bridge windows from ACPI; if necessary, use "pci=nocrs" and report a bug
[STDERR  ] 2018-07-06T17:53:05.693111237Z: [    0.650485] ACPI: Enabled 1 GPEs in block 00 to 3F
[STDERR  ] 2018-07-06T17:53:05.693122725Z: [    0.696907] ACPI: PCI Root Bridge [PCI0] (domain 0000 [bus 00-ff])
[STDERR  ] 2018-07-06T17:53:05.693130574Z: [    0.697863] acpi PNP0A08:00: _OSC: OS supports [ExtendedConfig ASPM ClockPM Segments MSI]
[STDERR  ] 2018-07-06T17:53:05.693138914Z: [    0.702457] acpi PNP0A08:00: _OSC: OS now controls [PCIeHotplug PME PCIeCapability]
[STDERR  ] 2018-07-06T17:53:05.693146722Z: [    0.705819] PCI host bridge to bus 0000:00
[STDERR  ] 2018-07-06T17:53:05.693154815Z: [    0.706414] pci_bus 0000:00: root bus resource [io  0x0000-0x0cf7 window]
[STDERR  ] 2018-07-06T17:53:05.693163005Z: [    0.706790] pci_bus 0000:00: root bus resource [io  0x0d00-0xffff window]
[STDERR  ] 2018-07-06T17:53:05.693170491Z: [    0.707126] pci_bus 0000:00: root bus resource [mem 0x000a0000-0x000bffff window]
[STDERR  ] 2018-07-06T17:53:05.693178524Z: [    0.707468] pci_bus 0000:00: root bus resource [mem 0xc0000000-0xfebfffff window]
[STDERR  ] 2018-07-06T17:53:05.693193642Z: [    0.708006] pci_bus 0000:00: root bus resource [bus 00-ff]
[STDERR  ] 2018-07-06T17:53:05.693201319Z: [    0.871905] pci 0000:00:1f.0: quirk: [io  0x0600-0x067f] claimed by ICH6 ACPI/GPIO/TCO
[STDERR  ] 2018-07-06T17:53:05.693209303Z: [    0.958527] ACPI: PCI Interrupt Link [LNKA] (IRQs 5 *10 11)
[STDERR  ] 2018-07-06T17:53:05.693217207Z: [    0.962098] ACPI: PCI Interrupt Link [LNKB] (IRQs 5 *10 11)
[STDERR  ] 2018-07-06T17:53:05.693230729Z: [    0.963681] ACPI: PCI Interrupt Link [LNKC] (IRQs 5 10 *11)
[STDERR  ] 2018-07-06T17:53:05.693239141Z: [    0.965221] ACPI: PCI Interrupt Link [LNKD] (IRQs 5 10 *11)
[STDERR  ] 2018-07-06T17:53:05.693246686Z: [    0.966368] ACPI: PCI Interrupt Link [LNKE] (IRQs 5 *10 11)
[STDERR  ] 2018-07-06T17:53:05.693254918Z: [    0.967844] ACPI: PCI Interrupt Link [LNKF] (IRQs 5 *10 11)
[STDERR  ] 2018-07-06T17:53:05.693263076Z: [    0.969050] ACPI: PCI Interrupt Link [LNKG] (IRQs 5 10 *11)
[STDERR  ] 2018-07-06T17:53:05.693272480Z: [    0.971004] ACPI: PCI Interrupt Link [LNKH] (IRQs 5 10 *11)
[STDERR  ] 2018-07-06T17:53:05.693280392Z: [    0.971650] ACPI: PCI Interrupt Link [GSIA] (IRQs *16)
[STDERR  ] 2018-07-06T17:53:05.693287989Z: [    0.972228] ACPI: PCI Interrupt Link [GSIB] (IRQs *17)
[STDERR  ] 2018-07-06T17:53:05.693295974Z: [    0.972748] ACPI: PCI Interrupt Link [GSIC] (IRQs *18)
[STDERR  ] 2018-07-06T17:53:05.693304472Z: [    0.973290] ACPI: PCI Interrupt Link [GSID] (IRQs *19)
[STDERR  ] 2018-07-06T17:53:05.693312930Z: [    0.973824] ACPI: PCI Interrupt Link [GSIE] (IRQs *20)
[STDERR  ] 2018-07-06T17:53:05.693324793Z: [    0.974352] ACPI: PCI Interrupt Link [GSIF] (IRQs *21)
[STDERR  ] 2018-07-06T17:53:05.693332471Z: [    0.974877] ACPI: PCI Interrupt Link [GSIG] (IRQs *22)
[STDERR  ] 2018-07-06T17:53:05.693340481Z: [    0.975423] ACPI: PCI Interrupt Link [GSIH] (IRQs *23)
[STDERR  ] 2018-07-06T17:53:05.693348572Z: [    0.982231] SCSI subsystem initialized
[STDERR  ] 2018-07-06T17:53:05.693356442Z: [    0.985239] ACPI: bus type USB registered
[STDERR  ] 2018-07-06T17:53:05.693364592Z: [    0.986172] usbcore: registered new interface driver usbfs
[STDERR  ] 2018-07-06T17:53:05.693373689Z: [    0.986891] usbcore: registered new interface driver hub
[STDERR  ] 2018-07-06T17:53:05.693381444Z: [    0.987786] usbcore: registered new device driver usb
[STDERR  ] 2018-07-06T17:53:05.693388997Z: [    0.988717] pps_core: LinuxPPS API ver. 1 registered
[STDERR  ] 2018-07-06T17:53:05.693396574Z: [    0.989055] pps_core: Software ver. 5.3.6 - Copyright 2005-2007 Rodolfo Giometti <giometti@linux.it>
[STDERR  ] 2018-07-06T17:53:05.693404552Z: [    0.990322] PTP clock support registered
[STDERR  ] 2018-07-06T17:53:05.693413117Z: [    0.993018] PCI: Using ACPI for IRQ routing
[STDERR  ] 2018-07-06T17:53:05.693420661Z: [    1.010716] NetLabel: Initializing
[STDERR  ] 2018-07-06T17:53:05.693428282Z: [    1.010914] NetLabel:  domain hash size = 128
[STDERR  ] 2018-07-06T17:53:05.693438981Z: [    1.011227] NetLabel:  protocols = UNLABELED CIPSOv4 CALIPSO
[STDERR  ] 2018-07-06T17:53:05.693446685Z: [    1.014004] NetLabel:  unlabeled traffic allowed by default
[STDERR  ] 2018-07-06T17:53:05.693458500Z: [    1.015983] HPET: 3 timers in total, 0 timers will be used for per-cpu timer
[STDERR  ] 2018-07-06T17:53:05.693466255Z: [    1.016697] hpet0: at MMIO 0xfed00000, IRQs 2, 8, 0
[STDERR  ] 2018-07-06T17:53:05.693473715Z: [    1.017049] hpet0: 3 comparators, 64-bit 100.000000 MHz counter
[STDERR  ] 2018-07-06T17:53:05.693481663Z: [    1.021685] clocksource: Switched to clocksource hpet
[STDERR  ] 2018-07-06T17:53:05.693489957Z: [    1.213486] VFS: Disk quotas dquot_6.6.0
[STDERR  ] 2018-07-06T17:53:05.693497522Z: [    1.214131] VFS: Dquot-cache hash table entries: 512 (order 0, 4096 bytes)
[STDERR  ] 2018-07-06T17:53:05.693505436Z: [    1.217958] FS-Cache: Loaded
[STDERR  ] 2018-07-06T17:53:05.693514080Z: [    1.223378] CacheFiles: Loaded
[STDERR  ] 2018-07-06T17:53:05.693521598Z: [    1.224286] pnp: PnP ACPI init
[STDERR  ] 2018-07-06T17:53:05.693537072Z: [    1.231984] pnp: PnP ACPI: found 5 devices
[STDERR  ] 2018-07-06T17:53:05.693553230Z: [    1.264514] clocksource: acpi_pm: mask: 0xffffff max_cycles: 0xffffff, max_idle_ns: 2085701024 ns
[STDERR  ] 2018-07-06T17:53:05.693561875Z: [    1.267872] NET: Registered protocol family 2
[STDERR  ] 2018-07-06T17:53:05.693570507Z: [    1.275115] TCP established hash table entries: 16384 (order: 5, 131072 bytes)
[STDERR  ] 2018-07-06T17:53:05.693578144Z: [    1.277521] TCP bind hash table entries: 16384 (order: 6, 262144 bytes)
[STDERR  ] 2018-07-06T17:53:05.693585951Z: [    1.278361] TCP: Hash tables configured (established 16384 bind 16384)
[STDERR  ] 2018-07-06T17:53:05.693593528Z: [    1.280582] UDP hash table entries: 1024 (order: 3, 32768 bytes)
[STDERR  ] 2018-07-06T17:53:05.693601350Z: [    1.281216] UDP-Lite hash table entries: 1024 (order: 3, 32768 bytes)
[STDERR  ] 2018-07-06T17:53:05.693609377Z: [    1.283509] NET: Registered protocol family 1
[STDERR  ] 2018-07-06T17:53:05.693618194Z: [    1.284524] pci 0000:00:01.0: Video device with shadowed ROM at [mem 0x000c0000-0x000dffff]
[STDERR  ] 2018-07-06T17:53:05.693626239Z: [    1.289711] Trying to unpack rootfs image as initramfs...
[STDERR  ] 2018-07-06T17:53:05.693635967Z: [   27.252362] Freeing initrd memory: 253028K
[STDERR  ] 2018-07-06T17:53:05.693643761Z: [   27.272704] PCLMULQDQ-NI instructions are not detected.
[STDERR  ] 2018-07-06T17:53:05.693651609Z: [   27.274072] AVX or AES-NI instructions are not detected.
[STDERR  ] 2018-07-06T17:53:05.693659751Z: [   27.274631] CPU feature 'AVX registers' is not supported.
[STDERR  ] 2018-07-06T17:53:05.693671823Z: [   27.274964] CPU feature 'AVX registers' is not supported.
[STDERR  ] 2018-07-06T17:53:05.693679583Z: [   27.275299] CPU feature 'AVX registers' is not supported.
[STDERR  ] 2018-07-06T17:53:05.693687759Z: [   27.275640] CPU feature 'AVX registers' is not supported.
[STDERR  ] 2018-07-06T17:53:05.693695534Z: [   27.275953] AVX2 or AES-NI instructions are not detected.
[STDERR  ] 2018-07-06T17:53:05.693704107Z: [   27.276257] AVX2 instructions are not detected.
[STDERR  ] 2018-07-06T17:53:05.693712049Z: [   27.280973] audit: initializing netlink subsys (disabled)
[STDERR  ] 2018-07-06T17:53:05.693720001Z: [   27.285992] audit: type=2000 audit(1530899084.280:1): state=initialized audit_enabled=0 res=1
[STDERR  ] 2018-07-06T17:53:05.693727677Z: [   27.287154] workingset: timestamp_bits=46 max_order=19 bucket_order=0
[STDERR  ] 2018-07-06T17:53:05.693735796Z: [   27.292203] squashfs: version 4.0 (2009/01/31) Phillip Lougher
[STDERR  ] 2018-07-06T17:53:05.693743735Z: [   27.294919] FS-Cache: Netfs 'cifs' registered for caching
[STDERR  ] 2018-07-06T17:53:05.693752809Z: [   27.295803] fuse init (API version 7.26)
[STDERR  ] 2018-07-06T17:53:05.693760511Z: [   27.297801] SGI XFS with ACLs, security attributes, no debug enabled
[STDERR  ] 2018-07-06T17:53:05.693768179Z: [   27.301490] 9p: Installing v9fs 9p2000 file system support
[STDERR  ] 2018-07-06T17:53:05.693776523Z: [   27.302032] FS-Cache: Netfs '9p' registered for caching
[STDERR  ] 2018-07-06T17:53:05.693784387Z: [   27.327988] NET: Registered protocol family 38
[STDERR  ] 2018-07-06T17:53:05.693799003Z: [   27.328497] Key type asymmetric registered
[STDERR  ] 2018-07-06T17:53:05.693811329Z: [   27.328833] Asymmetric key parser 'x509' registered
[STDERR  ] 2018-07-06T17:53:05.693823138Z: [   27.329693] Block layer SCSI generic (bsg) driver version 0.4 loaded (major 247)
[STDERR  ] 2018-07-06T17:53:05.693835503Z: [   27.331534] io scheduler noop registered
[STDERR  ] 2018-07-06T17:53:05.693847610Z: [   27.331852] io scheduler deadline registered (default)
[STDERR  ] 2018-07-06T17:53:05.693859139Z: [   27.332702] io scheduler cfq registered
[STDERR  ] 2018-07-06T17:53:05.693869696Z: [   27.332944] io scheduler mq-deadline registered
[STDERR  ] 2018-07-06T17:53:05.693884876Z: [   27.333206] io scheduler kyber registered
[STDERR  ] 2018-07-06T17:53:05.693893891Z: [   27.336819] shpchp: Standard Hot Plug PCI Controller Driver version: 0.4
[STDERR  ] 2018-07-06T17:53:05.693908875Z: [   27.337517] hv_vmbus: registering driver hyperv_fb
[STDERR  ] 2018-07-06T17:53:05.693917893Z: [   27.341321] input: Power Button as /devices/LNXSYSTM:00/LNXPWRBN:00/input/input0
[STDERR  ] 2018-07-06T17:53:05.693926102Z: [   27.344083] ACPI: Power Button [PWRF]
[STDERR  ] 2018-07-06T17:53:05.693934119Z: [   27.355287] ACPI: PCI Interrupt Link [GSIG] enabled at IRQ 22
[STDERR  ] 2018-07-06T17:53:05.693945549Z: [   27.364826] ACPI: PCI Interrupt Link [GSIH] enabled at IRQ 23
[STDERR  ] 2018-07-06T17:53:05.693957033Z: [   27.371203] Serial: 8250/16550 driver, 4 ports, IRQ sharing disabled
[STDERR  ] 2018-07-06T17:53:05.693968228Z: [   27.394964] 00:04: ttyS0 at I/O 0x3f8 (irq = 4, base_baud = 115200) is a 16550A
[STDERR  ] 2018-07-06T17:53:05.693979749Z: [   27.404731] Non-volatile memory driver v1.3
[STDERR  ] 2018-07-06T17:53:05.693991090Z: [   27.412388] Hangcheck: starting hangcheck timer 0.9.1 (tick is 180 seconds, margin is 60 seconds).
[STDERR  ] 2018-07-06T17:53:05.694008680Z: [   27.420974] random: fast init done
[STDERR  ] 2018-07-06T17:53:05.694017201Z: [   27.422192] random: crng init done
[STDERR  ] 2018-07-06T17:53:05.694025824Z: [   27.463359] brd: module loaded
[STDERR  ] 2018-07-06T17:53:05.694037366Z: [   27.486196] loop: module loaded
[STDERR  ] 2018-07-06T17:53:05.694049782Z: [   27.524933] lpc_ich 0000:00:1f.0: I/O space for GPIO uninitialized
[STDERR  ] 2018-07-06T17:53:05.694061629Z: [   27.527025] VMware PVSCSI driver - version 1.0.7.0-k
[STDERR  ] 2018-07-06T17:53:05.694071456Z: [   27.527703] hv_vmbus: registering driver hv_storvsc
[STDERR  ] 2018-07-06T17:53:05.694087874Z: [   27.534671] ACPI: PCI Interrupt Link [GSIA] enabled at IRQ 16
[STDERR  ] 2018-07-06T17:53:05.694097346Z: [   27.541029] ahci 0000:00:1f.2: AHCI 0001.0000 32 slots 6 ports 1.5 Gbps 0x3f impl SATA mode
[STDERR  ] 2018-07-06T17:53:05.694106268Z: [   27.541378] ahci 0000:00:1f.2: flags: 64bit ncq only 
[STDERR  ] 2018-07-06T17:53:05.694114220Z: [   27.553750] scsi host0: ahci
[STDERR  ] 2018-07-06T17:53:05.694123001Z: [   27.557403] scsi host1: ahci
[STDERR  ] 2018-07-06T17:53:05.694131360Z: [   27.559253] scsi host2: ahci
[STDERR  ] 2018-07-06T17:53:05.694139209Z: [   27.560864] scsi host3: ahci
[STDERR  ] 2018-07-06T17:53:05.694147279Z: [   27.562183] scsi host4: ahci
[STDERR  ] 2018-07-06T17:53:05.694155372Z: [   27.563501] scsi host5: ahci
[STDERR  ] 2018-07-06T17:53:05.694163562Z: [   27.564639] ata1: SATA max UDMA/133 abar m4096@0xfebd2000 port 0xfebd2100 irq 24
[STDERR  ] 2018-07-06T17:53:05.694171426Z: [   27.565122] ata2: SATA max UDMA/133 abar m4096@0xfebd2000 port 0xfebd2180 irq 24
[STDERR  ] 2018-07-06T17:53:05.694178907Z: [   27.565508] ata3: SATA max UDMA/133 abar m4096@0xfebd2000 port 0xfebd2200 irq 24
[STDERR  ] 2018-07-06T17:53:05.694186332Z: [   27.565849] ata4: SATA max UDMA/133 abar m4096@0xfebd2000 port 0xfebd2280 irq 24
[STDERR  ] 2018-07-06T17:53:05.694194167Z: [   27.566215] ata5: SATA max UDMA/133 abar m4096@0xfebd2000 port 0xfebd2300 irq 24
[STDERR  ] 2018-07-06T17:53:05.694201691Z: [   27.566493] ata6: SATA max UDMA/133 abar m4096@0xfebd2000 port 0xfebd2380 irq 24
[STDERR  ] 2018-07-06T17:53:05.694213798Z: [   27.577639] tun: Universal TUN/TAP device driver, 1.6
[STDERR  ] 2018-07-06T17:53:05.694221548Z: [   27.588047] VMware vmxnet3 virtual NIC driver - version 1.4.a.0-k-NAPI
[STDERR  ] 2018-07-06T17:53:05.694237109Z: [   27.588942] hv_vmbus: registering driver hv_netvsc
[STDERR  ] 2018-07-06T17:53:05.694301257Z: [   27.589249] Fusion MPT base driver 3.04.20
[STDERR  ] 2018-07-06T17:53:05.694316954Z: [   27.589458] Copyright (c) 1999-2008 LSI Corporation
[STDERR  ] 2018-07-06T17:53:05.694326508Z: [   27.590048] Fusion MPT SPI Host driver 3.04.20
[STDERR  ] 2018-07-06T17:53:05.694334662Z: [   27.592073] i8042: PNP: PS/2 Controller [PNP0303:KBD,PNP0f13:MOU] at 0x60,0x64 irq 1,12
[STDERR  ] 2018-07-06T17:53:05.694349586Z: [   27.596228] serio: i8042 KBD port at 0x60,0x64 irq 1
[STDERR  ] 2018-07-06T17:53:05.694358103Z: [   27.596880] serio: i8042 AUX port at 0x60,0x64 irq 12
[STDERR  ] 2018-07-06T17:53:05.694365743Z: [   27.598800] hv_vmbus: registering driver hyperv_keyboard
[STDERR  ] 2018-07-06T17:53:05.694373466Z: [   27.600802] mousedev: PS/2 mouse device common for all mice
[STDERR  ] 2018-07-06T17:53:05.694381145Z: [   27.604515] input: AT Translated Set 2 keyboard as /devices/platform/i8042/serio0/input/input1
[STDERR  ] 2018-07-06T17:53:05.694388916Z: [   27.606549] input: PC Speaker as /devices/platform/pcspkr/input/input2
[STDERR  ] 2018-07-06T17:53:05.694397250Z: [   27.609652] rtc_cmos 00:00: RTC can wake from S4
[STDERR  ] 2018-07-06T17:53:05.694406022Z: [   27.612635] rtc_cmos 00:00: rtc core: registered rtc_cmos as rtc0
[STDERR  ] 2018-07-06T17:53:05.694414321Z: [   27.613739] rtc_cmos 00:00: alarms up to one day, y3k, 114 bytes nvram, hpet irqs
[STDERR  ] 2018-07-06T17:53:05.694422021Z: [   27.614298] i2c /dev entries driver
[STDERR  ] 2018-07-06T17:53:05.694430936Z: [   27.615985] device-mapper: ioctl: 4.37.0-ioctl (2017-09-20) initialised: dm-devel@redhat.com
[STDERR  ] 2018-07-06T17:53:05.694439259Z: [   27.619458] usbcore: registered new interface driver usbhid
[STDERR  ] 2018-07-06T17:53:05.694448324Z: [   27.619752] usbhid: USB HID core driver
[STDERR  ] 2018-07-06T17:53:05.694456595Z: [   27.620793] hv_utils: Registering HyperV Utility Driver
[STDERR  ] 2018-07-06T17:53:05.694464727Z: [   27.620996] hv_vmbus: registering driver hv_util
[STDERR  ] 2018-07-06T17:53:05.694472482Z: [   27.621234] hv_vmbus: registering driver hv_balloon
[STDERR  ] 2018-07-06T17:53:05.694480469Z: [   27.621666] oprofile: using NMI interrupt.
[STDERR  ] 2018-07-06T17:53:05.694497533Z: [   27.622650] GACT probability on
[STDERR  ] 2018-07-06T17:53:05.694505524Z: [   27.623020] Mirror/redirect action on
[STDERR  ] 2018-07-06T17:53:05.694513433Z: [   27.623550] Simple TC action Loaded
[STDERR  ] 2018-07-06T17:53:05.694520957Z: [   27.624027] u32 classifier
[STDERR  ] 2018-07-06T17:53:05.694528921Z: [   27.624198]     Performance counters on
[STDERR  ] 2018-07-06T17:53:05.694543924Z: [   27.624372]     input device check on
[STDERR  ] 2018-07-06T17:53:05.694564256Z: [   27.624565]     Actions configured
[STDERR  ] 2018-07-06T17:53:05.694572235Z: [   27.625246] Netfilter messages via NETLINK v0.30.
[STDERR  ] 2018-07-06T17:53:05.694580124Z: [   27.625797] nfnl_acct: registering with nfnetlink.
[STDERR  ] 2018-07-06T17:53:05.694588010Z: [   27.627144] nf_conntrack version 0.5.0 (16384 buckets, 65536 max)
[STDERR  ] 2018-07-06T17:53:05.694595895Z: [   27.629560] ctnetlink v0.93: registering with nfnetlink.
[STDERR  ] 2018-07-06T17:53:05.694603893Z: [   27.632722] nf_tables: (c) 2007-2009 Patrick McHardy <kaber@trash.net>
[STDERR  ] 2018-07-06T17:53:05.694611921Z: [   27.633498] nf_tables_compat: (c) 2012 Pablo Neira Ayuso <pablo@netfilter.org>
[STDERR  ] 2018-07-06T17:53:05.694619968Z: [   27.635675] xt_time: kernel timezone is -0000
[STDERR  ] 2018-07-06T17:53:05.694628098Z: [   27.636138] ip_set: protocol 6
[STDERR  ] 2018-07-06T17:53:05.694635894Z: [   27.636822] IPVS: Registered protocols (TCP, UDP, SCTP, AH, ESP)
[STDERR  ] 2018-07-06T17:53:05.694650615Z: [   27.637353] IPVS: Connection hash table configured (size=4096, memory=64Kbytes)
[STDERR  ] 2018-07-06T17:53:05.694667957Z: [   27.642346] IPVS: ipvs loaded.
[STDERR  ] 2018-07-06T17:53:05.694676540Z: [   27.642729] IPVS: [rr] scheduler registered.
[STDERR  ] 2018-07-06T17:53:05.694684680Z: [   27.643007] IPVS: [wrr] scheduler registered.
[STDERR  ] 2018-07-06T17:53:05.694693004Z: [   27.643244] IPVS: [lc] scheduler registered.
[STDERR  ] 2018-07-06T17:53:05.694700866Z: [   27.643480] IPVS: [wlc] scheduler registered.
[STDERR  ] 2018-07-06T17:53:05.694709008Z: [   27.643674] IPVS: [fo] scheduler registered.
[STDERR  ] 2018-07-06T17:53:05.694716963Z: [   27.643900] IPVS: [ovf] scheduler registered.
[STDERR  ] 2018-07-06T17:53:05.694724677Z: [   27.644253] IPVS: [lblc] scheduler registered.
[STDERR  ] 2018-07-06T17:53:05.694732462Z: [   27.644615] IPVS: [lblcr] scheduler registered.
[STDERR  ] 2018-07-06T17:53:05.694740293Z: [   27.644976] IPVS: [dh] scheduler registered.
[STDERR  ] 2018-07-06T17:53:05.694748022Z: [   27.645198] IPVS: [sh] scheduler registered.
[STDERR  ] 2018-07-06T17:53:05.694755728Z: [   27.645397] IPVS: [sed] scheduler registered.
[STDERR  ] 2018-07-06T17:53:05.694770622Z: [   27.645625] IPVS: [nq] scheduler registered.
[STDERR  ] 2018-07-06T17:53:05.694778256Z: [   27.646352] IPVS: ftp: loaded support on port[0] = 21
[STDERR  ] 2018-07-06T17:53:05.694788688Z: [   27.647044] ipip: IPv4 and MPLS over IPv4 tunneling driver
[STDERR  ] 2018-07-06T17:53:05.694797240Z: [   27.650678] gre: GRE over IPv4 demultiplexor driver
[STDERR  ] 2018-07-06T17:53:05.694804966Z: [   27.653177] ip_tables: (C) 2000-2006 Netfilter Core Team
[STDERR  ] 2018-07-06T17:53:05.694812737Z: [   27.656529] ipt_CLUSTERIP: ClusterIP Version 0.8 loaded successfully
[STDERR  ] 2018-07-06T17:53:05.694820673Z: [   27.657074] arp_tables: arp_tables: (C) 2002 David S. Miller
[STDERR  ] 2018-07-06T17:53:05.694829011Z: [   27.659740] NET: Registered protocol family 10
[STDERR  ] 2018-07-06T17:53:05.694836793Z: [   27.668600] Segment Routing with IPv6
[STDERR  ] 2018-07-06T17:53:05.694844172Z: [   27.669442] ip6_tables: (C) 2000-2006 Netfilter Core Team
[STDERR  ] 2018-07-06T17:53:05.694851681Z: [   27.676346] NET: Registered protocol family 17
[STDERR  ] 2018-07-06T17:53:05.694859185Z: [   27.677392] Bridge firewalling registered
[STDERR  ] 2018-07-06T17:53:05.694867048Z: [   27.677985] Ebtables v2.0 registered
[STDERR  ] 2018-07-06T17:53:05.694875252Z: [   27.679790] 8021q: 802.1Q VLAN Support v1.8
[STDERR  ] 2018-07-06T17:53:05.694887030Z: [   27.681558] 9pnet: Installing 9P2000 support
[STDERR  ] 2018-07-06T17:53:05.694894744Z: [   27.683041] Key type dns_resolver registered
[STDERR  ] 2018-07-06T17:53:05.694902602Z: [   27.684229] sched_clock: Marking stable (27680211920, 0)->(27798043547, -117831627)
[STDERR  ] 2018-07-06T17:53:05.694916793Z: [   27.687173] registered taskstats version 1
[STDERR  ] 2018-07-06T17:53:05.694924424Z: [   27.883011] Key type big_key registered
[STDERR  ] 2018-07-06T17:53:05.694932123Z: [   27.905973] ata3: SATA link up 1.5 Gbps (SStatus 113 SControl 300)
[STDERR  ] 2018-07-06T17:53:05.694939622Z: [   27.910372] ata2: SATA link down (SStatus 0 SControl 300)
[STDERR  ] 2018-07-06T17:53:05.694948075Z: [   27.912081] ata1: SATA link up 1.5 Gbps (SStatus 113 SControl 300)
[STDERR  ] 2018-07-06T17:53:05.694955626Z: [   27.914143] ata1.00: ATA-7: QEMU HARDDISK, 2.5+, max UDMA/100
[STDERR  ] 2018-07-06T17:53:05.694963252Z: [   27.914637] ata1.00: 4194304 sectors, multi 16: LBA48 NCQ (depth 31/32)
[STDERR  ] 2018-07-06T17:53:05.694977375Z: [   27.915238] ata1.00: applying bridge limits
[STDERR  ] 2018-07-06T17:53:05.694985053Z: [   27.917001] ata1.00: configured for UDMA/100
[STDERR  ] 2018-07-06T17:53:05.694992552Z: [   27.920436] ata5: SATA link down (SStatus 0 SControl 300)
[STDERR  ] 2018-07-06T17:53:05.695000349Z: [   27.920872] ata4: SATA link down (SStatus 0 SControl 300)
[STDERR  ] 2018-07-06T17:53:05.695007764Z: [   27.921660] ata3.00: ATAPI: QEMU DVD-ROM, 2.5+, max UDMA/100
[STDERR  ] 2018-07-06T17:53:05.695019652Z: [   27.921980] ata3.00: applying bridge limits
[STDERR  ] 2018-07-06T17:53:05.695035385Z: [   27.922507] ata3.00: configured for UDMA/100
[STDERR  ] 2018-07-06T17:53:05.695043272Z: [   27.931003] ata6: SATA link down (SStatus 0 SControl 300)
[STDERR  ] 2018-07-06T17:53:05.695050778Z: [   27.942167] scsi 0:0:0:0: Direct-Access     ATA      QEMU HARDDISK    2.5+ PQ: 0 ANSI: 5
[STDERR  ] 2018-07-06T17:53:05.695058513Z: [   27.951706] sd 0:0:0:0: Attached scsi generic sg0 type 0
[STDERR  ] 2018-07-06T17:53:05.695066017Z: [   27.957532] sd 0:0:0:0: [sda] 4194304 512-byte logical blocks: (2.15 GB/2.00 GiB)
[STDERR  ] 2018-07-06T17:53:05.695073587Z: [   27.961613] scsi 2:0:0:0: CD-ROM            QEMU     QEMU DVD-ROM     2.5+ PQ: 0 ANSI: 5
[STDERR  ] 2018-07-06T17:53:05.695081498Z: [   27.964896] sd 0:0:0:0: [sda] Write Protect is off
[STDERR  ] 2018-07-06T17:53:05.695089667Z: [   27.969016] sd 0:0:0:0: [sda] Write cache: enabled, read cache: enabled, doesn't support DPO or FUA
[STDERR  ] 2018-07-06T17:53:05.695097459Z: [   28.002739] sr 2:0:0:0: [sr0] scsi3-mmc drive: 4x/4x cd/rw xa/form2 tray
[STDERR  ] 2018-07-06T17:53:05.695110946Z: [   28.003415] cdrom: Uniform CD-ROM driver Revision: 3.20
[STDERR  ] 2018-07-06T17:53:05.695123299Z: [   28.008526] sd 0:0:0:0: [sda] Attached SCSI disk
[STDERR  ] 2018-07-06T17:53:05.695131341Z: [   28.010431] sr 2:0:0:0: Attached scsi generic sg1 type 5
[STDERR  ] 2018-07-06T17:53:05.695138885Z: [   28.025828] Key type trusted registered
[STDERR  ] 2018-07-06T17:53:05.695146787Z: [   28.093604] Key type encrypted registered
[STDERR  ] 2018-07-06T17:53:05.695154424Z: [   28.094289] ima: No TPM chip found, activating TPM-bypass! (rc=-19)
[STDERR  ] 2018-07-06T17:53:05.695161992Z: [   28.094814] ima: Allocated hash algorithm: sha256
[STDERR  ] 2018-07-06T17:53:05.695169729Z: [   28.098439] evm: HMAC attrs: 0x1
[STDERR  ] 2018-07-06T17:53:05.695177609Z: [   28.103231] rtc_cmos 00:00: setting system clock to 2018-07-06 17:44:45 UTC (1530899085)
[STDERR  ] 2018-07-06T17:53:05.695186199Z: [   28.252879] Freeing unused kernel memory: 1512K
[STDERR  ] 2018-07-06T17:53:05.695194007Z: [   28.270756] Write protecting the kernel read-only data: 18432k
[STDERR  ] 2018-07-06T17:53:05.695201766Z: [   28.283536] Freeing unused kernel memory: 2024K
[STDERR  ] 2018-07-06T17:53:05.695209408Z: [   28.343790] Freeing unused kernel memory: 1104K
[STDERR  ] 2018-07-06T17:53:05.695217191Z: [   28.344403] tsc: Refined TSC clocksource calibration: 2599.858 MHz
[STDERR  ] 2018-07-06T17:53:05.695228539Z: [   28.344976] clocksource: tsc: mask: 0xffffffffffffffff max_cycles: 0x2579b5c852a, max_idle_ns: 440795213189 ns
[STDERR  ] 2018-07-06T17:53:05.695236775Z: [   29.358588] clocksource: Switched to clocksource tsc
[STDERR  ] 2018-07-06T17:53:05.695244740Z: 
[STDERR  ] 2018-07-06T17:53:05.695253303Z: Welcome to LinuxKit
[STDERR  ] 2018-07-06T17:53:05.695265397Z: 
[STDERR  ] 2018-07-06T17:53:05.695275521Z:                         ##         .
[STDERR  ] 2018-07-06T17:53:05.695283896Z:                   ## ## ##        ==
[STDERR  ] 2018-07-06T17:53:05.695291766Z:                ## ## ## ## ##    ===
[STDERR  ] 2018-07-06T17:53:05.695303890Z:            /"""""""""""""""""\___/ ===
[STDERR  ] 2018-07-06T17:53:05.695311924Z:           {                       /  ===-
[STDERR  ] 2018-07-06T17:53:05.695320216Z:            \______ O           __/
[STDERR  ] 2018-07-06T17:53:05.695331523Z:              \    \         __/
[STDERR  ] 2018-07-06T17:53:05.695343172Z:               \____\_______/
[STDERR  ] 2018-07-06T17:53:05.695355125Z: 
[STDERR  ] 2018-07-06T17:53:05.695366873Z: [   94.027579] 8021q: adding VLAN 0 to HW filter on device eth0
[STDERR  ] 2018-07-06T17:53:05.695378321Z: eth0: waiting for carrier
[STDERR  ] 2018-07-06T17:53:05.695389556Z: eth0: carrier acquired
[STDERR  ] 2018-07-06T17:53:05.695398293Z: DUID 00:01:00:01:22:d2:67:4f:8e:34:92:e8:45:96
[STDERR  ] 2018-07-06T17:53:05.695406143Z: eth0: IAID 92:e8:45:96
[STDERR  ] 2018-07-06T17:53:05.695414172Z: eth0: adding address fe80::4cbe:512f:526a:24d2
[STDERR  ] 2018-07-06T17:53:05.695425370Z: eth0: soliciting an IPv6 router
[STDERR  ] 2018-07-06T17:53:05.695433413Z: eth0: soliciting a DHCP lease
[STDERR  ] 2018-07-06T17:53:05.695441194Z: eth0: offered 10.0.2.15 from 10.0.2.2
[STDERR  ] 2018-07-06T17:53:05.695449258Z: eth0: leased 10.0.2.15 for 86400 seconds
[STDERR  ] 2018-07-06T17:53:05.695462538Z: eth0: adding route to 10.0.2.0/24
[STDERR  ] 2018-07-06T17:53:05.695470100Z: eth0: adding default route via 10.0.2.2
[STDERR  ] 2018-07-06T17:53:05.695477642Z: exiting due to oneshot
[STDERR  ] 2018-07-06T17:53:05.695488237Z: dhcpcd exited
[STDERR  ] 2018-07-06T17:53:05.695495923Z: [   96.101558] IPVS: ftp: loaded support on port[0] = 21
[STDERR  ] 2018-07-06T17:53:05.695503426Z: [   97.343777]  sda:
[STDERR  ] 2018-07-06T17:53:05.695511778Z: [   97.415458]  sda:
[STDERR  ] 2018-07-06T17:53:05.695519835Z: [   97.479790]  sda: sda1
[STDERR  ] 2018-07-06T17:53:05.695528526Z: [   97.560903]  sda: sda1
[STDERR  ] 2018-07-06T17:53:05.695541935Z: 2018/07/06 17:45:54 Creating partition on /dev/sda
[STDERR  ] 2018-07-06T17:53:05.695550063Z: 2018/07/06 17:45:56 Partition /dev/sda1 successfully created!
[STDERR  ] 2018-07-06T17:53:05.695557980Z: [  100.423480] IPVS: ftp: loaded support on port[0] = 21
[STDERR  ] 2018-07-06T17:53:05.695565377Z: [  101.619182] EXT4-fs (sda1): mounted filesystem with ordered data mode. Opts: (null)
[STDERR  ] 2018-07-06T17:53:05.695573400Z: [  379.938862] XFS (loop1): Mounting V5 Filesystem
[STDERR  ] 2018-07-06T17:53:05.695582136Z: [  379.980842] XFS (loop1): Ending clean mount
[STDERR  ] 2018-07-06T17:53:05.695590022Z: [  380.106493] XFS (loop1): Unmounting Filesystem
[STDERR  ] 2018-07-06T17:53:05.695598049Z: [  413.340430] raid6: sse2x1   gen()   452 MB/s
[STDERR  ] 2018-07-06T17:53:05.695605857Z: [  413.510284] raid6: sse2x1   xor()   237 MB/s
[STDERR  ] 2018-07-06T17:53:05.695613957Z: [  413.680287] raid6: sse2x2   gen()   416 MB/s
[STDERR  ] 2018-07-06T17:53:05.695621828Z: [  413.850178] raid6: sse2x2   xor()   288 MB/s
[STDERR  ] 2018-07-06T17:53:05.695629615Z: [  414.020228] raid6: sse2x4   gen()   419 MB/s
[STDERR  ] 2018-07-06T17:53:05.695647045Z: [  414.190158] raid6: sse2x4   xor()   298 MB/s
[STDERR  ] 2018-07-06T17:53:05.695654891Z: [  414.190596] raid6: using algorithm sse2x1 gen() 452 MB/s
[STDERR  ] 2018-07-06T17:53:05.695662672Z: [  414.190958] raid6: .... xor() 237 MB/s, rmw enabled
[STDERR  ] 2018-07-06T17:53:05.695670667Z: [  414.191401] raid6: using intx1 recovery algorithm
[STDERR  ] 2018-07-06T17:53:05.695683577Z: [  414.280761] xor: measuring software checksum speed
[STDERR  ] 2018-07-06T17:53:05.695691269Z: [  414.380257]    prefetch64-sse:   760.400 MB/sec
[STDERR  ] 2018-07-06T17:53:05.695699444Z: [  414.480222]    generic_sse:   736.000 MB/sec
[STDERR  ] 2018-07-06T17:53:05.695712338Z: [  414.480456] xor: using function: prefetch64-sse (760.400 MB/sec)
[STDERR  ] 2018-07-06T17:53:05.695720124Z: [  414.674086] Btrfs loaded, crc32c=crc32c-generic
[STDERR  ] 2018-07-06T17:53:05.695727885Z: [  414.681922] BTRFS: device fsid 0251665e-660d-4236-afe9-471d42dc1a8a devid 1 transid 5 /dev/loop1
[STDERR  ] 2018-07-06T17:53:05.695735537Z: [  414.722516] BTRFS info (device loop1): disk space caching is enabled
[STDERR  ] 2018-07-06T17:53:05.695743393Z: [  414.723202] BTRFS info (device loop1): has skinny extents
[STDERR  ] 2018-07-06T17:53:05.695763779Z: [  414.723548] BTRFS info (device loop1): flagging fs with big metadata feature
[STDERR  ] 2018-07-06T17:53:05.695771423Z: [  414.775228] BTRFS info (device loop1): creating UUID tree
[STDERR  ] 2018-07-06T17:53:05.695779366Z: [  416.452823] BTRFS: device fsid 560d6f5e-81d9-474d-8d4f-c2db35af9f5b devid 1 transid 5 /dev/loop1
[STDERR  ] 2018-07-06T17:53:05.695793503Z: [  416.603943] BTRFS info (device loop1): disk space caching is enabled
[STDERR  ] 2018-07-06T17:53:05.695801441Z: [  416.604455] BTRFS info (device loop1): has skinny extents
[STDERR  ] 2018-07-06T17:53:05.695809203Z: [  416.604837] BTRFS info (device loop1): flagging fs with big metadata feature
[STDERR  ] 2018-07-06T17:53:05.695819908Z: [  416.640407] BTRFS info (device loop1): creating UUID tree
[STDERR  ] 2018-07-06T17:53:05.695827601Z: [  417.512563] BTRFS: device fsid 9c6c18fe-1167-4041-a1ea-e9b2eef01161 devid 1 transid 5 /dev/loop1
[STDERR  ] 2018-07-06T17:53:05.695835502Z: [  417.663952] BTRFS info (device loop1): disk space caching is enabled
[STDERR  ] 2018-07-06T17:53:05.695852314Z: [  417.664331] BTRFS info (device loop1): has skinny extents
[STDERR  ] 2018-07-06T17:53:05.695860370Z: [  417.664676] BTRFS info (device loop1): flagging fs with big metadata feature
[STDERR  ] 2018-07-06T17:53:05.695869924Z: [  417.698993] BTRFS info (device loop1): creating UUID tree
[STDERR  ] 2018-07-06T17:53:05.695881037Z: [  418.872564] BTRFS: device fsid 72f32375-1457-43e6-bdfa-82c9e7ec7e6c devid 1 transid 5 /dev/loop1
[STDERR  ] 2018-07-06T17:53:05.695892956Z: [  419.024019] BTRFS info (device loop1): disk space caching is enabled
[STDERR  ] 2018-07-06T17:53:05.696273936Z: [  419.024445] BTRFS info (device loop1): has skinny extents
[STDERR  ] 2018-07-06T17:53:05.696283616Z: [  419.024805] BTRFS info (device loop1): flagging fs with big metadata feature
[STDERR  ] 2018-07-06T17:53:05.696298943Z: [  419.059437] BTRFS info (device loop1): creating UUID tree
[STDERR  ] 2018-07-06T17:53:05.696306874Z: [  419.972586] BTRFS: device fsid 327f7cf6-f273-48e0-8a94-b3807c17b2bf devid 1 transid 5 /dev/loop1
[STDERR  ] 2018-07-06T17:53:05.696326581Z: [  420.123858] BTRFS info (device loop1): disk space caching is enabled
[STDERR  ] 2018-07-06T17:53:05.696335343Z: [  420.124313] BTRFS info (device loop1): has skinny extents
[STDERR  ] 2018-07-06T17:53:05.696343726Z: [  420.124549] BTRFS info (device loop1): flagging fs with big metadata feature
[STDERR  ] 2018-07-06T17:53:05.696352523Z: [  420.158697] BTRFS info (device loop1): creating UUID tree
[STDERR  ] 2018-07-06T17:53:05.696360249Z: [  420.952732] BTRFS: device fsid b48e17d3-9361-4f01-94d9-10ad84eba915 devid 1 transid 5 /dev/loop1
[STDERR  ] 2018-07-06T17:53:05.696397976Z: [  421.104055] BTRFS info (device loop1): disk space caching is enabled
[STDERR  ] 2018-07-06T17:53:05.696412257Z: [  421.104598] BTRFS info (device loop1): has skinny extents
[STDERR  ] 2018-07-06T17:53:05.696422921Z: [  421.104755] BTRFS info (device loop1): flagging fs with big metadata feature
[STDERR  ] 2018-07-06T17:53:05.696430832Z: [  421.140449] BTRFS info (device loop1): creating UUID tree
[STDERR  ] 2018-07-06T17:53:05.696445772Z: [  422.622783] BTRFS: device fsid 22935741-ff5e-4e4a-a61b-ba17c0c38ee7 devid 1 transid 5 /dev/loop1
[STDERR  ] 2018-07-06T17:53:05.696485086Z: [  422.784581] BTRFS info (device loop1): disk space caching is enabled
[STDERR  ] 2018-07-06T17:53:05.696493553Z: [  422.785040] BTRFS info (device loop1): has skinny extents
[STDERR  ] 2018-07-06T17:53:05.696504657Z: [  422.785179] BTRFS info (device loop1): flagging fs with big metadata feature
[STDERR  ] 2018-07-06T17:53:05.696515900Z: [  422.821137] BTRFS info (device loop1): creating UUID tree
[STDERR  ] 2018-07-06T17:53:05.696526368Z: [  424.472719] BTRFS: device fsid 9c50676f-5eee-478a-97ac-be498863aabe devid 1 transid 5 /dev/loop1
[STDERR  ] 2018-07-06T17:53:05.696546158Z: [  424.624106] BTRFS info (device loop1): disk space caching is enabled
[STDERR  ] 2018-07-06T17:53:05.696577436Z: [  424.624547] BTRFS info (device loop1): has skinny extents
[STDERR  ] 2018-07-06T17:53:05.696588827Z: [  424.624899] BTRFS info (device loop1): flagging fs with big metadata feature
[STDERR  ] 2018-07-06T17:53:05.696596946Z: [  424.659912] BTRFS info (device loop1): creating UUID tree
[STDERR  ] 2018-07-06T17:53:05.696607201Z: [  425.953863] BTRFS: device fsid 27bac515-017c-4f10-857f-16858fa432dd devid 1 transid 5 /dev/loop1
[STDERR  ] 2018-07-06T17:53:05.696618430Z: [  426.113934] BTRFS info (device loop1): disk space caching is enabled
[STDERR  ] 2018-07-06T17:53:05.696629031Z: [  426.114416] BTRFS info (device loop1): has skinny extents
[STDERR  ] 2018-07-06T17:53:05.696639542Z: [  426.114548] BTRFS info (device loop1): flagging fs with big metadata feature
[STDERR  ] 2018-07-06T17:53:05.696651888Z: [  426.149583] BTRFS info (device loop1): creating UUID tree
[STDERR  ] 2018-07-06T17:53:05.696662698Z: [  428.022907] BTRFS: device fsid 2372df14-97b1-4867-b1aa-bf8673db7fcd devid 1 transid 5 /dev/loop1
[STDERR  ] 2018-07-06T17:53:05.696673449Z: [  428.173783] BTRFS info (device loop1): disk space caching is enabled
[STDERR  ] 2018-07-06T17:53:05.696689427Z: [  428.174393] BTRFS info (device loop1): has skinny extents
[STDERR  ] 2018-07-06T17:53:05.696699817Z: [  428.174674] BTRFS info (device loop1): flagging fs with big metadata feature
[STDERR  ] 2018-07-06T17:53:05.696710291Z: [  428.207627] BTRFS info (device loop1): creating UUID tree
[STDERR  ] 2018-07-06T17:53:05.696720461Z: [  429.782651] BTRFS: device fsid 10af6d8c-4187-458c-a293-781ead8b4d67 devid 1 transid 5 /dev/loop1
[STDERR  ] 2018-07-06T17:53:05.696728504Z: [  429.934518] BTRFS info (device loop1): disk space caching is enabled
[STDERR  ] 2018-07-06T17:53:05.696736290Z: [  429.934952] BTRFS info (device loop1): has skinny extents
[STDERR  ] 2018-07-06T17:53:05.696744096Z: [  429.935263] BTRFS info (device loop1): flagging fs with big metadata feature
[STDERR  ] 2018-07-06T17:53:05.696754748Z: [  429.971057] BTRFS info (device loop1): creating UUID tree
[STDERR  ] 2018-07-06T17:53:05.696764745Z: [  431.782773] BTRFS: device fsid 8e04bdb9-3092-4e69-8641-8dcd7e3c10a1 devid 1 transid 5 /dev/loop1
[STDERR  ] 2018-07-06T17:53:05.696779940Z: [  431.934546] BTRFS info (device loop1): disk space caching is enabled
[STDERR  ] 2018-07-06T17:53:05.696787630Z: [  431.935022] BTRFS info (device loop1): has skinny extents
[STDERR  ] 2018-07-06T17:53:05.696797779Z: [  431.935369] BTRFS info (device loop1): flagging fs with big metadata feature
[STDERR  ] 2018-07-06T17:53:05.696805607Z: [  431.969746] BTRFS info (device loop1): creating UUID tree
[STDERR  ] 2018-07-06T17:53:05.696819072Z: [  437.562698] BTRFS: device fsid 1e033806-ca87-4f66-bdf4-f56018415404 devid 1 transid 5 /dev/loop1
[STDERR  ] 2018-07-06T17:53:05.696829375Z: [  437.713915] BTRFS info (device loop1): disk space caching is enabled
[STDERR  ] 2018-07-06T17:53:05.696837289Z: [  437.714337] BTRFS info (device loop1): has skinny extents
[STDERR  ] 2018-07-06T17:53:05.696847548Z: [  437.714561] BTRFS info (device loop1): flagging fs with big metadata feature
[STDERR  ] 2018-07-06T17:53:05.696860336Z: [  437.749421] BTRFS info (device loop1): creating UUID tree
[STDERR  ] 2018-07-06T17:53:05.696867946Z: [  438.762529] BTRFS: device fsid fb5c0ac2-3d4b-43e7-ae84-3d26edddf89a devid 1 transid 5 /dev/loop1
[STDERR  ] 2018-07-06T17:53:05.696879386Z: [  438.915768] BTRFS info (device loop1): disk space caching is enabled
[STDERR  ] 2018-07-06T17:53:05.696887107Z: [  438.916203] BTRFS info (device loop1): has skinny extents
[STDERR  ] 2018-07-06T17:53:05.696895188Z: [  438.916562] BTRFS info (device loop1): flagging fs with big metadata feature
[STDERR  ] 2018-07-06T17:53:05.696902890Z: [  438.951955] BTRFS info (device loop1): creating UUID tree
[STDERR  ] 2018-07-06T17:53:05.696925228Z: [  440.162718] BTRFS: device fsid 04ad5345-7388-4b8b-9396-c686f095c056 devid 1 transid 5 /dev/loop1
[STDERR  ] 2018-07-06T17:53:05.696938166Z: [  440.314001] BTRFS info (device loop1): disk space caching is enabled
[STDERR  ] 2018-07-06T17:53:05.696951337Z: [  440.314444] BTRFS info (device loop1): has skinny extents
[STDERR  ] 2018-07-06T17:53:05.696959173Z: [  440.314745] BTRFS info (device loop1): flagging fs with big metadata feature
[STDERR  ] 2018-07-06T17:53:05.696966756Z: [  440.348376] BTRFS info (device loop1): creating UUID tree
[STDERR  ] 2018-07-06T17:53:05.696974408Z: [  441.685091] BTRFS: device fsid a7f9bdb4-1663-4077-9166-8de6ee9db504 devid 1 transid 5 /dev/loop1
[STDERR  ] 2018-07-06T17:53:05.696986717Z: [  441.853345] BTRFS info (device loop1): disk space caching is enabled
[STDERR  ] 2018-07-06T17:53:05.696994297Z: [  441.853913] BTRFS info (device loop1): has skinny extents
[STDERR  ] 2018-07-06T17:53:05.697001930Z: [  441.854256] BTRFS info (device loop1): flagging fs with big metadata feature
[STDERR  ] 2018-07-06T17:53:05.697012958Z: [  441.904559] BTRFS info (device loop1): creating UUID tree
[STDERR  ] 2018-07-06T17:53:05.697021021Z: [  443.002484] BTRFS: device fsid 33e03b0d-fab2-4212-b442-eac4c8436d20 devid 1 transid 5 /dev/loop1
[STDERR  ] 2018-07-06T17:53:05.697028999Z: [  443.154060] BTRFS info (device loop1): disk space caching is enabled
[STDERR  ] 2018-07-06T17:53:05.697039279Z: [  443.154294] BTRFS info (device loop1): has skinny extents
[STDERR  ] 2018-07-06T17:53:05.697047311Z: [  443.154777] BTRFS info (device loop1): flagging fs with big metadata feature
[STDERR  ] 2018-07-06T17:53:05.697056385Z: [  443.187166] BTRFS info (device loop1): creating UUID tree
[STDERR  ] 2018-07-06T17:53:05.697066606Z: [  444.135480] BTRFS: device fsid 95655dff-dcd2-42ee-a7f2-a1a666364ec0 devid 1 transid 5 /dev/loop1
[STDERR  ] 2018-07-06T17:53:05.697075556Z: [  444.284368] BTRFS info (device loop1): disk space caching is enabled
[STDERR  ] 2018-07-06T17:53:05.697083530Z: [  444.284578] BTRFS info (device loop1): has skinny extents
[STDERR  ] 2018-07-06T17:53:05.697111327Z: [  444.285114] BTRFS info (device loop1): flagging fs with big metadata feature
[STDERR  ] 2018-07-06T17:53:05.697121953Z: [  444.318561] BTRFS info (device loop1): creating UUID tree
[STDERR  ] 2018-07-06T17:53:05.697131877Z: [  445.142825] BTRFS: device fsid 80fecad1-cbda-46db-98c9-4b6708c71373 devid 1 transid 5 /dev/loop1
[STDERR  ] 2018-07-06T17:53:05.697140069Z: [  445.294253] BTRFS info (device loop1): disk space caching is enabled
[STDERR  ] 2018-07-06T17:53:05.697147888Z: [  445.294864] BTRFS info (device loop1): has skinny extents
[STDERR  ] 2018-07-06T17:53:05.697155776Z: [  445.295098] BTRFS info (device loop1): flagging fs with big metadata feature
[STDERR  ] 2018-07-06T17:53:05.697163409Z: [  445.329165] BTRFS info (device loop1): creating UUID tree
[STDERR  ] 2018-07-06T17:53:05.697171566Z: v1.1.0-rc.2
[STDERR  ] 2018-07-06T17:53:05.697180200Z: f630d5f0a639d7d73a806f19f1a6157e768756a5
[STDERR  ] 2018-07-06T17:53:05.697188697Z:  root-test
[STDERR  ] 2018-07-06T17:53:05.697209885Z: ok  	github.com/containerd/containerd/archive	2.089s
[STDERR  ] 2018-07-06T17:53:05.697220764Z: ok  	github.com/containerd/containerd/metadata	6.799s
[STDERR  ] 2018-07-06T17:53:05.697228693Z: ok  	github.com/containerd/containerd/mount/lookup_test	1.209s
[STDERR  ] 2018-07-06T17:53:05.697243810Z: ok  	github.com/containerd/containerd/snapshots/btrfs	33.605s
[STDERR  ] 2018-07-06T17:53:05.697251586Z: ok  	github.com/containerd/containerd/snapshots/native	4.685s
[STDERR  ] 2018-07-06T17:53:05.697270205Z: ok  	github.com/containerd/containerd/snapshots/overlay	4.398s
[STDERR  ] 2018-07-06T17:53:05.697278383Z: containerd test suite PASSED
[STDERR  ] 2018-07-06T17:53:05.697287756Z: # github.com/containerd/containerd/mount/lookup_test (testmain)
[STDERR  ] 2018-07-06T17:53:05.697298265Z: loadinternal: cannot find runtime/cgo
[STDERR  ] 2018-07-06T17:53:05.697308734Z: [  527.125779] sd 0:0:0:0: [sda] Synchronizing SCSI cache
[STDERR  ] 2018-07-06T17:53:05.697316542Z: [  527.127377] sd 0:0:0:0: [sda] Stopping disk
[STDERR  ] 2018-07-06T17:53:05.697324769Z: [  527.130997] ACPI: Preparing to enter system sleep state S5
[STDERR  ] 2018-07-06T17:53:05.697342172Z: [  527.134236] reboot: Power down
[STDERR  ] 2018-07-06T17:53:05.697351006Z: + grep -q suite PASSED
[STDERR  ] 2018-07-06T17:53:05.697358983Z: + echo [    0.000000] Linux version 4.14.53-linuxkit (root@bd72a9eaf0e9) (gcc version 6.4.0 (Alpine 6.4.0)) #1 SMP Tue Jul 3 13:29:41 UTC 2018
[STDERR  ] 2018-07-06T17:53:05.697367644Z: [    0.000000] Command line: console=ttyS0 console=ttyAMA0
[STDERR  ] 2018-07-06T17:53:05.697381268Z: [    0.000000] x86/fpu: x87 FPU will use FXSAVE
[STDERR  ] 2018-07-06T17:53:05.697389017Z: [    0.000000] e820: BIOS-provided physical RAM map:
[STDERR  ] 2018-07-06T17:53:05.697397042Z: [    0.000000] BIOS-e820: [mem 0x0000000000000000-0x000000000009fbff] usable
[STDERR  ] 2018-07-06T17:53:05.697404858Z: [    0.000000] BIOS-e820: [mem 0x000000000009fc00-0x000000000009ffff] reserved
[STDERR  ] 2018-07-06T17:53:05.697423936Z: [    0.000000] BIOS-e820: [mem 0x00000000000f0000-0x00000000000fffff] reserved
[STDERR  ] 2018-07-06T17:53:05.697433188Z: [    0.000000] BIOS-e820: [mem 0x0000000000100000-0x000000007ffdefff] usable
[STDERR  ] 2018-07-06T17:53:05.697443788Z: [    0.000000] BIOS-e820: [mem 0x000000007ffdf000-0x000000007fffffff] reserved
[STDERR  ] 2018-07-06T17:53:05.697451769Z: [    0.000000] BIOS-e820: [mem 0x00000000b0000000-0x00000000bfffffff] reserved
[STDERR  ] 2018-07-06T17:53:05.697459581Z: [    0.000000] BIOS-e820: [mem 0x00000000fed1c000-0x00000000fed1ffff] reserved
[STDERR  ] 2018-07-06T17:53:05.697482302Z: [    0.000000] BIOS-e820: [mem 0x00000000fffc0000-0x00000000ffffffff] reserved
[STDERR  ] 2018-07-06T17:53:05.697492711Z: [    0.000000] NX (Execute Disable) protection: active
[STDERR  ] 2018-07-06T17:53:05.697500780Z: [    0.000000] SMBIOS 2.8 present.
[STDERR  ] 2018-07-06T17:53:05.697508640Z: [    0.000000] DMI: QEMU Standard PC (Q35 + ICH9, 2009), BIOS rel-1.10.2-0-g5f4c7b1-prebuilt.qemu-project.org 04/01/2014
[STDERR  ] 2018-07-06T17:53:05.697517641Z: [    0.000000] tsc: Fast TSC calibration using PIT
[STDERR  ] 2018-07-06T17:53:05.697525748Z: [    0.000000] e820: last_pfn = 0x7ffdf max_arch_pfn = 0x400000000
[STDERR  ] 2018-07-06T17:53:05.697539001Z: [    0.000000] x86/PAT: Configuration [0-7]: WB  WC  UC- UC  WB  WP  UC- WT  
[STDERR  ] 2018-07-06T17:53:05.697546661Z: [    0.000000] found SMP MP-table at [mem 0x000f6aa0-0x000f6aaf] mapped at [ffffffffff200aa0]
[STDERR  ] 2018-07-06T17:53:05.697554738Z: [    0.000000] RAMDISK: [mem 0x708b7000-0x7ffcffff]
[STDERR  ] 2018-07-06T17:53:05.697562985Z: [    0.000000] ACPI: Early table checksum verification disabled
[STDERR  ] 2018-07-06T17:53:05.697571051Z: [    0.000000] ACPI: RSDP 0x00000000000F68B0 000014 (v00 BOCHS )
[STDERR  ] 2018-07-06T17:53:05.697592254Z: [    0.000000] ACPI: RSDT 0x000000007FFE20A8 000034 (v01 BOCHS  BXPCRSDT 00000001 BXPC 00000001)
[STDERR  ] 2018-07-06T17:53:05.697611469Z: [    0.000000] ACPI: FACP 0x000000007FFE1EC8 0000F4 (v03 BOCHS  BXPCFACP 00000001 BXPC 00000001)
[STDERR  ] 2018-07-06T17:53:05.697619371Z: [    0.000000] ACPI: DSDT 0x000000007FFE0040 001E88 (v01 BOCHS  BXPCDSDT 00000001 BXPC 00000001)
[STDERR  ] 2018-07-06T17:53:05.697632605Z: [    0.000000] ACPI: FACS 0x000000007FFE0000 000040
[STDERR  ] 2018-07-06T17:53:05.697640974Z: [    0.000000] ACPI: APIC 0x000000007FFE1FBC 000078 (v01 BOCHS  BXPCAPIC 00000001 BXPC 00000001)
[STDERR  ] 2018-07-06T17:53:05.697652553Z: [    0.000000] ACPI: HPET 0x000000007FFE2034 000038 (v01 BOCHS  BXPCHPET 00000001 BXPC 00000001)
[STDERR  ] 2018-07-06T17:53:05.697660342Z: [    0.000000] ACPI: MCFG 0x000000007FFE206C 00003C (v01 BOCHS  BXPCMCFG 00000001 BXPC 00000001)
[STDERR  ] 2018-07-06T17:53:05.697668016Z: [    0.000000] Zone ranges:
[STDERR  ] 2018-07-06T17:53:05.697676475Z: [    0.000000]   DMA      [mem 0x0000000000001000-0x0000000000ffffff]
[STDERR  ] 2018-07-06T17:53:05.697684022Z: [    0.000000]   DMA32    [mem 0x0000000001000000-0x000000007ffdefff]
[STDERR  ] 2018-07-06T17:53:05.697691544Z: [    0.000000]   Normal   empty
[STDERR  ] 2018-07-06T17:53:05.697712653Z: [    0.000000]   Device   empty
[STDERR  ] 2018-07-06T17:53:05.697723542Z: [    0.000000] Movable zone start for each node
[STDERR  ] 2018-07-06T17:53:05.697731362Z: [    0.000000] Early memory node ranges
[STDERR  ] 2018-07-06T17:53:05.697741464Z: [    0.000000]   node   0: [mem 0x0000000000001000-0x000000000009efff]
[STDERR  ] 2018-07-06T17:53:05.697749753Z: [    0.000000]   node   0: [mem 0x0000000000100000-0x000000007ffdefff]
[STDERR  ] 2018-07-06T17:53:05.697765742Z: [    0.000000] Initmem setup node 0 [mem 0x0000000000001000-0x000000007ffdefff]
[STDERR  ] 2018-07-06T17:53:05.697785812Z: [    0.000000] ACPI: PM-Timer IO Port: 0x608
[STDERR  ] 2018-07-06T17:53:05.697809859Z: [    0.000000] ACPI: LAPIC_NMI (acpi_id[0xff] dfl dfl lint[0x1])
[STDERR  ] 2018-07-06T17:53:05.697823721Z: [    0.000000] IOAPIC[0]: apic_id 0, version 32, address 0xfec00000, GSI 0-23
[STDERR  ] 2018-07-06T17:53:05.697837778Z: [    0.000000] ACPI: INT_SRC_OVR (bus 0 bus_irq 0 global_irq 2 dfl dfl)
[STDERR  ] 2018-07-06T17:53:05.697848809Z: [    0.000000] ACPI: INT_SRC_OVR (bus 0 bus_irq 5 global_irq 5 high level)
[STDERR  ] 2018-07-06T17:53:05.697856995Z: [    0.000000] ACPI: INT_SRC_OVR (bus 0 bus_irq 9 global_irq 9 high level)
[STDERR  ] 2018-07-06T17:53:05.697864799Z: [    0.000000] ACPI: INT_SRC_OVR (bus 0 bus_irq 10 global_irq 10 high level)
[STDERR  ] 2018-07-06T17:53:05.697872637Z: [    0.000000] ACPI: INT_SRC_OVR (bus 0 bus_irq 11 global_irq 11 high level)
[STDERR  ] 2018-07-06T17:53:05.697880392Z: [    0.000000] Using ACPI (MADT) for SMP configuration information
[STDERR  ] 2018-07-06T17:53:05.697943645Z: [    0.000000] ACPI: HPET id: 0x8086a201 base: 0xfed00000
[STDERR  ] 2018-07-06T17:53:05.697951979Z: [    0.000000] smpboot: Allowing 1 CPUs, 0 hotplug CPUs
[STDERR  ] 2018-07-06T17:53:05.697959681Z: [    0.000000] e820: [mem 0xc0000000-0xfed1bfff] available for PCI devices
[STDERR  ] 2018-07-06T17:53:05.697967723Z: [    0.000000] Booting paravirtualized kernel on bare hardware
[STDERR  ] 2018-07-06T17:53:05.697975660Z: [    0.000000] clocksource: refined-jiffies: mask: 0xffffffff max_cycles: 0xffffffff, max_idle_ns: 19112604462750000 ns
[STDERR  ] 2018-07-06T17:53:05.697984965Z: [    0.000000] random: get_random_bytes called from start_kernel+0x92/0x4c8 with crng_init=0
[STDERR  ] 2018-07-06T17:53:05.697993244Z: [    0.000000] setup_percpu: NR_CPUS:128 nr_cpumask_bits:128 nr_cpu_ids:1 nr_node_ids:1
[STDERR  ] 2018-07-06T17:53:05.698000981Z: [    0.000000] percpu: Embedded 44 pages/cpu @ffff9a64b0600000 s143256 r8192 d28776 u2097152
[STDERR  ] 2018-07-06T17:53:05.698008535Z: [    0.000000] Built 1 zonelists, mobility grouping on.  Total pages: 515944
[STDERR  ] 2018-07-06T17:53:05.698016271Z: [    0.000000] Kernel command line: console=ttyS0 console=ttyAMA0
[STDERR  ] 2018-07-06T17:53:05.698024246Z: [    0.000000] PID hash table entries: 4096 (order: 3, 32768 bytes)
[STDERR  ] 2018-07-06T17:53:05.698033088Z: [    0.000000] Dentry cache hash table entries: 262144 (order: 9, 2097152 bytes)
[STDERR  ] 2018-07-06T17:53:05.698052537Z: [    0.000000] Inode-cache hash table entries: 131072 (order: 8, 1048576 bytes)
[STDERR  ] 2018-07-06T17:53:05.698067763Z: [    0.000000] Memory: 1782420K/2096628K available (12300K kernel code, 1465K rwdata, 2992K rodata, 1512K init, 632K bss, 314208K reserved, 0K cma-reserved)
[STDERR  ] 2018-07-06T17:53:05.698083611Z: [    0.000000] ftrace: allocating 41032 entries in 161 pages
[STDERR  ] 2018-07-06T17:53:05.698103187Z: [    0.000000] Hierarchical RCU implementation.
[STDERR  ] 2018-07-06T17:53:05.698111178Z: [    0.000000] 	RCU restricting CPUs from NR_CPUS=128 to nr_cpu_ids=1.
[STDERR  ] 2018-07-06T17:53:05.698118971Z: [    0.000000] RCU: Adjusting geometry for rcu_fanout_leaf=16, nr_cpu_ids=1
[STDERR  ] 2018-07-06T17:53:05.698127058Z: [    0.000000] NR_IRQS: 8448, nr_irqs: 256, preallocated irqs: 16
[STDERR  ] 2018-07-06T17:53:05.698135053Z: [    0.000000] Console: colour VGA+ 80x25
[STDERR  ] 2018-07-06T17:53:05.698174286Z: [    0.000000] console [ttyS0] enabled
[STDERR  ] 2018-07-06T17:53:05.698185667Z: [    0.000000] clocksource: hpet: mask: 0xffffffff max_cycles: 0xffffffff, max_idle_ns: 19112604467 ns
[STDERR  ] 2018-07-06T17:53:05.698195010Z: [    0.000000] tsc: Fast TSC calibration using PIT
[STDERR  ] 2018-07-06T17:53:05.698202951Z: [    0.000000] tsc: Detected 2599.873 MHz processor
[STDERR  ] 2018-07-06T17:53:05.698210616Z: [    0.001720] Calibrating delay loop (skipped), value calculated using timer frequency.. 5199.74 BogoMIPS (lpj=25998730)
[STDERR  ] 2018-07-06T17:53:05.698219421Z: [    0.002192] pid_max: default: 32768 minimum: 301
[STDERR  ] 2018-07-06T17:53:05.698227837Z: [    0.002923] ACPI: Core revision 20170728
[STDERR  ] 2018-07-06T17:53:05.698235642Z: [    0.034793] ACPI: 1 ACPI AML tables successfully acquired and loaded
[STDERR  ] 2018-07-06T17:53:05.698243437Z: [    0.036803] Security Framework initialized
[STDERR  ] 2018-07-06T17:53:05.698255076Z: [    0.037100] Yama: becoming mindful.
[STDERR  ] 2018-07-06T17:53:05.698265684Z: [    0.039672] Mount-cache hash table entries: 4096 (order: 3, 32768 bytes)
[STDERR  ] 2018-07-06T17:53:05.698273559Z: [    0.040093] Mountpoint-cache hash table entries: 4096 (order: 3, 32768 bytes)
[STDERR  ] 2018-07-06T17:53:05.698281786Z: [    0.057077] Last level iTLB entries: 4KB 0, 2MB 0, 4MB 0
[STDERR  ] 2018-07-06T17:53:05.698292590Z: [    0.057528] Last level dTLB entries: 4KB 0, 2MB 0, 4MB 0, 1GB 0
[STDERR  ] 2018-07-06T17:53:05.698300383Z: [    0.057994] Spectre V2 : Spectre mitigation: LFENCE not serializing, switching to generic retpoline
[STDERR  ] 2018-07-06T17:53:05.698308899Z: [    0.058485] Spectre V2 : Vulnerable: Minimal generic ASM retpoline
[STDERR  ] 2018-07-06T17:53:05.698316660Z: [    0.058881] Spectre V2 : Spectre v2 mitigation: Filling RSB on context switch
[STDERR  ] 2018-07-06T17:53:05.698324462Z: [    0.059172] Speculative Store Bypass: Vulnerable
[STDERR  ] 2018-07-06T17:53:05.698332393Z: [    0.346634] Freeing SMP alternatives memory: 20K
[STDERR  ] 2018-07-06T17:53:05.698340200Z: [    0.366101] smpboot: Max logical packages: 1
[STDERR  ] 2018-07-06T17:53:05.698348303Z: [    0.373271] ..TIMER: vector=0x30 apic1=0 pin1=2 apic2=-1 pin2=-1
[STDERR  ] 2018-07-06T17:53:05.698356096Z: [    0.480000] smpboot: CPU0: AMD QEMU Virtual CPU version 2.5+ (family: 0x6, model: 0x6, stepping: 0x3)
[STDERR  ] 2018-07-06T17:53:05.698378738Z: [    0.480000] Performance Events: PMU not available due to virtualization, using software events only.
[STDERR  ] 2018-07-06T17:53:05.698390032Z: [    0.480370] Hierarchical SRCU implementation.
[STDERR  ] 2018-07-06T17:53:05.698404797Z: [    0.487999] NMI watchdog: Perf event create on CPU 0 failed with -2
[STDERR  ] 2018-07-06T17:53:05.698412810Z: [    0.488393] NMI watchdog: Perf NMI watchdog permanently disabled
[STDERR  ] 2018-07-06T17:53:05.698420638Z: [    0.492036] smp: Bringing up secondary CPUs ...
[STDERR  ] 2018-07-06T17:53:05.698430375Z: [    0.492419] smp: Brought up 1 node, 1 CPU
[STDERR  ] 2018-07-06T17:53:05.698469428Z: [    0.492851] smpboot: Total of 1 processors activated (5199.74 BogoMIPS)
[STDERR  ] 2018-07-06T17:53:05.698485354Z: [    0.508306] devtmpfs: initialized
[STDERR  ] 2018-07-06T17:53:05.698502774Z: [    0.514149] x86/mm: Memory block size: 128MB
[STDERR  ] 2018-07-06T17:53:05.698511114Z: [    0.521838] evm: security.ima
[STDERR  ] 2018-07-06T17:53:05.698519758Z: [    0.522057] evm: security.capability
[STDERR  ] 2018-07-06T17:53:05.698540376Z: [    0.525106] clocksource: jiffies: mask: 0xffffffff max_cycles: 0xffffffff, max_idle_ns: 19112604462750000 ns
[STDERR  ] 2018-07-06T17:53:05.698565185Z: [    0.525776] futex hash table entries: 256 (order: 2, 16384 bytes)
[STDERR  ] 2018-07-06T17:53:05.698577553Z: [    0.536039] NET: Registered protocol family 16
[STDERR  ] 2018-07-06T17:53:05.698585367Z: [    0.542153] cpuidle: using governor ladder
[STDERR  ] 2018-07-06T17:53:05.698593066Z: [    0.542577] cpuidle: using governor menu
[STDERR  ] 2018-07-06T17:53:05.698604154Z: [    0.544089] ACPI: bus type PCI registered
[STDERR  ] 2018-07-06T17:53:05.698611901Z: [    0.546537] PCI: MMCONFIG for domain 0000 [bus 00-ff] at [mem 0xb0000000-0xbfffffff] (base 0xb0000000)
[STDERR  ] 2018-07-06T17:53:05.698633115Z: [    0.548545] PCI: MMCONFIG at [mem 0xb0000000-0xbfffffff] reserved in E820
[STDERR  ] 2018-07-06T17:53:05.698648036Z: [    0.549312] PCI: Using configuration type 1 for base access
[STDERR  ] 2018-07-06T17:53:05.698658313Z: [    0.586423] HugeTLB registered 2.00 MiB page size, pre-allocated 0 pages
[STDERR  ] 2018-07-06T17:53:05.698668751Z: [    0.596882] ACPI: Added _OSI(Module Device)
[STDERR  ] 2018-07-06T17:53:05.698676693Z: [    0.597214] ACPI: Added _OSI(Processor Device)
[STDERR  ] 2018-07-06T17:53:05.698687061Z: [    0.597448] ACPI: Added _OSI(3.0 _SCP Extensions)
[STDERR  ] 2018-07-06T17:53:05.698701707Z: [    0.597643] ACPI: Added _OSI(Processor Aggregator Device)
[STDERR  ] 2018-07-06T17:53:05.698713859Z: [    0.643840] ACPI: Interpreter enabled
[STDERR  ] 2018-07-06T17:53:05.698731288Z: [    0.644723] ACPI: (supports S0 S5)
[STDERR  ] 2018-07-06T17:53:05.698741635Z: [    0.645050] ACPI: Using IOAPIC for interrupt routing
[STDERR  ] 2018-07-06T17:53:05.698751785Z: [    0.647331] PCI: Using host bridge windows from ACPI; if necessary, use "pci=nocrs" and report a bug
[STDERR  ] 2018-07-06T17:53:05.698762116Z: [    0.650485] ACPI: Enabled 1 GPEs in block 00 to 3F
[STDERR  ] 2018-07-06T17:53:05.698769877Z: [    0.696907] ACPI: PCI Root Bridge [PCI0] (domain 0000 [bus 00-ff])
[STDERR  ] 2018-07-06T17:53:05.698780119Z: [    0.697863] acpi PNP0A08:00: _OSC: OS supports [ExtendedConfig ASPM ClockPM Segments MSI]
[STDERR  ] 2018-07-06T17:53:05.698793012Z: [    0.702457] acpi PNP0A08:00: _OSC: OS now controls [PCIeHotplug PME PCIeCapability]
[STDERR  ] 2018-07-06T17:53:05.698819574Z: [    0.705819] PCI host bridge to bus 0000:00
[STDERR  ] 2018-07-06T17:53:05.698837482Z: [    0.706414] pci_bus 0000:00: root bus resource [io  0x0000-0x0cf7 window]
[STDERR  ] 2018-07-06T17:53:05.698845461Z: [    0.706790] pci_bus 0000:00: root bus resource [io  0x0d00-0xffff window]
[STDERR  ] 2018-07-06T17:53:05.698853239Z: [    0.707126] pci_bus 0000:00: root bus resource [mem 0x000a0000-0x000bffff window]
[STDERR  ] 2018-07-06T17:53:05.698861438Z: [    0.707468] pci_bus 0000:00: root bus resource [mem 0xc0000000-0xfebfffff window]
[STDERR  ] 2018-07-06T17:53:05.698869218Z: [    0.708006] pci_bus 0000:00: root bus resource [bus 00-ff]
[STDERR  ] 2018-07-06T17:53:05.698885603Z: [    0.871905] pci 0000:00:1f.0: quirk: [io  0x0600-0x067f] claimed by ICH6 ACPI/GPIO/TCO
[STDERR  ] 2018-07-06T17:53:05.698896553Z: [    0.958527] ACPI: PCI Interrupt Link [LNKA] (IRQs 5 *10 11)
[STDERR  ] 2018-07-06T17:53:05.698904506Z: [    0.962098] ACPI: PCI Interrupt Link [LNKB] (IRQs 5 *10 11)
[STDERR  ] 2018-07-06T17:53:05.698912297Z: [    0.963681] ACPI: PCI Interrupt Link [LNKC] (IRQs 5 10 *11)
[STDERR  ] 2018-07-06T17:53:05.698927475Z: [    0.965221] ACPI: PCI Interrupt Link [LNKD] (IRQs 5 10 *11)
[STDERR  ] 2018-07-06T17:53:05.698935336Z: [    0.966368] ACPI: PCI Interrupt Link [LNKE] (IRQs 5 *10 11)
[STDERR  ] 2018-07-06T17:53:05.698951446Z: [    0.967844] ACPI: PCI Interrupt Link [LNKF] (IRQs 5 *10 11)
[STDERR  ] 2018-07-06T17:53:05.698959326Z: [    0.969050] ACPI: PCI Interrupt Link [LNKG] (IRQs 5 10 *11)
[STDERR  ] 2018-07-06T17:53:05.698967128Z: [    0.971004] ACPI: PCI Interrupt Link [LNKH] (IRQs 5 10 *11)
[STDERR  ] 2018-07-06T17:53:05.698975225Z: [    0.971650] ACPI: PCI Interrupt Link [GSIA] (IRQs *16)
[STDERR  ] 2018-07-06T17:53:05.699005430Z: [    0.972228] ACPI: PCI Interrupt Link [GSIB] (IRQs *17)
[STDERR  ] 2018-07-06T17:53:05.699016461Z: [    0.972748] ACPI: PCI Interrupt Link [GSIC] (IRQs *18)
[STDERR  ] 2018-07-06T17:53:05.699024302Z: [    0.973290] ACPI: PCI Interrupt Link [GSID] (IRQs *19)
[STDERR  ] 2018-07-06T17:53:05.699044459Z: [    0.973824] ACPI: PCI Interrupt Link [GSIE] (IRQs *20)
[STDERR  ] 2018-07-06T17:53:05.699056456Z: [    0.974352] ACPI: PCI Interrupt Link [GSIF] (IRQs *21)
[STDERR  ] 2018-07-06T17:53:05.699064929Z: [    0.974877] ACPI: PCI Interrupt Link [GSIG] (IRQs *22)
[STDERR  ] 2018-07-06T17:53:05.699072759Z: [    0.975423] ACPI: PCI Interrupt Link [GSIH] (IRQs *23)
[STDERR  ] 2018-07-06T17:53:05.699094605Z: [    0.982231] SCSI subsystem initialized
[STDERR  ] 2018-07-06T17:53:05.699105314Z: [    0.985239] ACPI: bus type USB registered
[STDERR  ] 2018-07-06T17:53:05.699113482Z: [    0.986172] usbcore: registered new interface driver usbfs
[STDERR  ] 2018-07-06T17:53:05.699121306Z: [    0.986891] usbcore: registered new interface driver hub
[STDERR  ] 2018-07-06T17:53:05.699128938Z: [    0.987786] usbcore: registered new device driver usb
[STDERR  ] 2018-07-06T17:53:05.699139162Z: [    0.988717] pps_core: LinuxPPS API ver. 1 registered
[STDERR  ] 2018-07-06T17:53:05.699146828Z: [    0.989055] pps_core: Software ver. 5.3.6 - Copyright 2005-2007 Rodolfo Giometti <giometti@linux.it>
[STDERR  ] 2018-07-06T17:53:05.699154751Z: [    0.990322] PTP clock support registered
[STDERR  ] 2018-07-06T17:53:05.699168873Z: [    0.993018] PCI: Using ACPI for IRQ routing
[STDERR  ] 2018-07-06T17:53:05.699176741Z: [    1.010716] NetLabel: Initializing
[STDERR  ] 2018-07-06T17:53:05.699187104Z: [    1.010914] NetLabel:  domain hash size = 128
[STDERR  ] 2018-07-06T17:53:05.699197078Z: [    1.011227] NetLabel:  protocols = UNLABELED CIPSOv4 CALIPSO
[STDERR  ] 2018-07-06T17:53:05.699207570Z: [    1.014004] NetLabel:  unlabeled traffic allowed by default
[STDERR  ] 2018-07-06T17:53:05.699215551Z: [    1.015983] HPET: 3 timers in total, 0 timers will be used for per-cpu timer
[STDERR  ] 2018-07-06T17:53:05.699225824Z: [    1.016697] hpet0: at MMIO 0xfed00000, IRQs 2, 8, 0
[STDERR  ] 2018-07-06T17:53:05.699238908Z: [    1.017049] hpet0: 3 comparators, 64-bit 100.000000 MHz counter
[STDERR  ] 2018-07-06T17:53:05.699252058Z: [    1.021685] clocksource: Switched to clocksource hpet
[STDERR  ] 2018-07-06T17:53:05.699259633Z: [    1.213486] VFS: Disk quotas dquot_6.6.0
[STDERR  ] 2018-07-06T17:53:05.699269935Z: [    1.214131] VFS: Dquot-cache hash table entries: 512 (order 0, 4096 bytes)
[STDERR  ] 2018-07-06T17:53:05.699277856Z: [    1.217958] FS-Cache: Loaded
[STDERR  ] 2018-07-06T17:53:05.699288793Z: [    1.223378] CacheFiles: Loaded
[STDERR  ] 2018-07-06T17:53:05.699300397Z: [    1.224286] pnp: PnP ACPI init
[STDERR  ] 2018-07-06T17:53:05.699310894Z: [    1.231984] pnp: PnP ACPI: found 5 devices
[STDERR  ] 2018-07-06T17:53:05.699324360Z: [    1.264514] clocksource: acpi_pm: mask: 0xffffff max_cycles: 0xffffff, max_idle_ns: 2085701024 ns
[STDERR  ] 2018-07-06T17:53:05.699332837Z: [    1.267872] NET: Registered protocol family 2
[STDERR  ] 2018-07-06T17:53:05.699346096Z: [    1.275115] TCP established hash table entries: 16384 (order: 5, 131072 bytes)
[STDERR  ] 2018-07-06T17:53:05.699354234Z: [    1.277521] TCP bind hash table entries: 16384 (order: 6, 262144 bytes)
[STDERR  ] 2018-07-06T17:53:05.699366120Z: [    1.278361] TCP: Hash tables configured (established 16384 bind 16384)
[STDERR  ] 2018-07-06T17:53:05.699376689Z: [    1.280582] UDP hash table entries: 1024 (order: 3, 32768 bytes)
[STDERR  ] 2018-07-06T17:53:05.699385012Z: [    1.281216] UDP-Lite hash table entries: 1024 (order: 3, 32768 bytes)
[STDERR  ] 2018-07-06T17:53:05.699392950Z: [    1.283509] NET: Registered protocol family 1
[STDERR  ] 2018-07-06T17:53:05.699400824Z: [    1.284524] pci 0000:00:01.0: Video device with shadowed ROM at [mem 0x000c0000-0x000dffff]
[STDERR  ] 2018-07-06T17:53:05.699408928Z: [    1.289711] Trying to unpack rootfs image as initramfs...
[STDERR  ] 2018-07-06T17:53:05.699419991Z: [   27.252362] Freeing initrd memory: 253028K
[STDERR  ] 2018-07-06T17:53:05.699427995Z: [   27.272704] PCLMULQDQ-NI instructions are not detected.
[STDERR  ] 2018-07-06T17:53:05.699435717Z: [   27.274072] AVX or AES-NI instructions are not detected.
[STDERR  ] 2018-07-06T17:53:05.699443789Z: [   27.274631] CPU feature 'AVX registers' is not supported.
[STDERR  ] 2018-07-06T17:53:05.699464227Z: [   27.274964] CPU feature 'AVX registers' is not supported.
[STDERR  ] 2018-07-06T17:53:05.699476350Z: [   27.275299] CPU feature 'AVX registers' is not supported.
[STDERR  ] 2018-07-06T17:53:05.699484285Z: [   27.275640] CPU feature 'AVX registers' is not supported.
[STDERR  ] 2018-07-06T17:53:05.699494759Z: [   27.275953] AVX2 or AES-NI instructions are not detected.
[STDERR  ] 2018-07-06T17:53:05.699505023Z: [   27.276257] AVX2 instructions are not detected.
[STDERR  ] 2018-07-06T17:53:05.699515228Z: [   27.280973] audit: initializing netlink subsys (disabled)
[STDERR  ] 2018-07-06T17:53:05.699525342Z: [   27.285992] audit: type=2000 audit(1530899084.280:1): state=initialized audit_enabled=0 res=1
[STDERR  ] 2018-07-06T17:53:05.699538309Z: [   27.287154] workingset: timestamp_bits=46 max_order=19 bucket_order=0
[STDERR  ] 2018-07-06T17:53:05.699545834Z: [   27.292203] squashfs: version 4.0 (2009/01/31) Phillip Lougher
[STDERR  ] 2018-07-06T17:53:05.699561422Z: [   27.294919] FS-Cache: Netfs 'cifs' registered for caching
[STDERR  ] 2018-07-06T17:53:05.699575814Z: [   27.295803] fuse init (API version 7.26)
[STDERR  ] 2018-07-06T17:53:05.699585822Z: [   27.297801] SGI XFS with ACLs, security attributes, no debug enabled
[STDERR  ] 2018-07-06T17:53:05.699593854Z: [   27.301490] 9p: Installing v9fs 9p2000 file system support
[STDERR  ] 2018-07-06T17:53:05.699604460Z: [   27.302032] FS-Cache: Netfs '9p' registered for caching
[STDERR  ] 2018-07-06T17:53:05.699612561Z: [   27.327988] NET: Registered protocol family 38
[STDERR  ] 2018-07-06T17:53:05.699620638Z: [   27.328497] Key type asymmetric registered
[STDERR  ] 2018-07-06T17:53:05.699628290Z: [   27.328833] Asymmetric key parser 'x509' registered
[STDERR  ] 2018-07-06T17:53:05.699635954Z: [   27.329693] Block layer SCSI generic (bsg) driver version 0.4 loaded (major 247)
[STDERR  ] 2018-07-06T17:53:05.699643695Z: [   27.331534] io scheduler noop registered
[STDERR  ] 2018-07-06T17:53:05.699651418Z: [   27.331852] io scheduler deadline registered (default)
[STDERR  ] 2018-07-06T17:53:05.699659178Z: [   27.332702] io scheduler cfq registered
[STDERR  ] 2018-07-06T17:53:05.699666720Z: [   27.332944] io scheduler mq-deadline registered
[STDERR  ] 2018-07-06T17:53:05.699676864Z: [   27.333206] io scheduler kyber registered
[STDERR  ] 2018-07-06T17:53:05.699684606Z: [   27.336819] shpchp: Standard Hot Plug PCI Controller Driver version: 0.4
[STDERR  ] 2018-07-06T17:53:05.699692387Z: [   27.337517] hv_vmbus: registering driver hyperv_fb
[STDERR  ] 2018-07-06T17:53:05.699705288Z: [   27.341321] input: Power Button as /devices/LNXSYSTM:00/LNXPWRBN:00/input/input0
[STDERR  ] 2018-07-06T17:53:05.699713159Z: [   27.344083] ACPI: Power Button [PWRF]
[STDERR  ] 2018-07-06T17:53:05.699721014Z: [   27.355287] ACPI: PCI Interrupt Link [GSIG] enabled at IRQ 22
[STDERR  ] 2018-07-06T17:53:05.699731063Z: [   27.364826] ACPI: PCI Interrupt Link [GSIH] enabled at IRQ 23
[STDERR  ] 2018-07-06T17:53:05.699738789Z: [   27.371203] Serial: 8250/16550 driver, 4 ports, IRQ sharing disabled
[STDERR  ] 2018-07-06T17:53:05.699749027Z: [   27.394964] 00:04: ttyS0 at I/O 0x3f8 (irq = 4, base_baud = 115200) is a 16550A
[STDERR  ] 2018-07-06T17:53:05.699756694Z: [   27.404731] Non-volatile memory driver v1.3
[STDERR  ] 2018-07-06T17:53:05.699764266Z: [   27.412388] Hangcheck: starting hangcheck timer 0.9.1 (tick is 180 seconds, margin is 60 seconds).
[STDERR  ] 2018-07-06T17:53:05.699786395Z: [   27.420974] random: fast init done
[STDERR  ] 2018-07-06T17:53:05.699797421Z: [   27.422192] random: crng init done
[STDERR  ] 2018-07-06T17:53:05.699813772Z: [   27.463359] brd: module loaded
[STDERR  ] 2018-07-06T17:53:05.699824585Z: [   27.486196] loop: module loaded
[STDERR  ] 2018-07-06T17:53:05.699832248Z: [   27.524933] lpc_ich 0000:00:1f.0: I/O space for GPIO uninitialized
[STDERR  ] 2018-07-06T17:53:05.699842868Z: [   27.527025] VMware PVSCSI driver - version 1.0.7.0-k
[STDERR  ] 2018-07-06T17:53:05.699850580Z: [   27.527703] hv_vmbus: registering driver hv_storvsc
[STDERR  ] 2018-07-06T17:53:05.699858767Z: [   27.534671] ACPI: PCI Interrupt Link [GSIA] enabled at IRQ 16
[STDERR  ] 2018-07-06T17:53:05.699869620Z: [   27.541029] ahci 0000:00:1f.2: AHCI 0001.0000 32 slots 6 ports 1.5 Gbps 0x3f impl SATA mode
[STDERR  ] 2018-07-06T17:53:05.699877844Z: [   27.541378] ahci 0000:00:1f.2: flags: 64bit ncq only 
[STDERR  ] 2018-07-06T17:53:05.699887806Z: [   27.553750] scsi host0: ahci
[STDERR  ] 2018-07-06T17:53:05.699910204Z: [   27.557403] scsi host1: ahci
[STDERR  ] 2018-07-06T17:53:05.699921088Z: [   27.559253] scsi host2: ahci
[STDERR  ] 2018-07-06T17:53:05.699932056Z: [   27.560864] scsi host3: ahci
[STDERR  ] 2018-07-06T17:53:05.699942152Z: [   27.562183] scsi host4: ahci
[STDERR  ] 2018-07-06T17:53:05.699952742Z: [   27.563501] scsi host5: ahci
[STDERR  ] 2018-07-06T17:53:05.699963301Z: [   27.564639] ata1: SATA max UDMA/133 abar m4096@0xfebd2000 port 0xfebd2100 irq 24
[STDERR  ] 2018-07-06T17:53:05.699979959Z: [   27.565122] ata2: SATA max UDMA/133 abar m4096@0xfebd2000 port 0xfebd2180 irq 24
[STDERR  ] 2018-07-06T17:53:05.700000945Z: [   27.565508] ata3: SATA max UDMA/133 abar m4096@0xfebd2000 port 0xfebd2200 irq 24
[STDERR  ] 2018-07-06T17:53:05.700016504Z: [   27.565849] ata4: SATA max UDMA/133 abar m4096@0xfebd2000 port 0xfebd2280 irq 24
[STDERR  ] 2018-07-06T17:53:05.700026920Z: [   27.566215] ata5: SATA max UDMA/133 abar m4096@0xfebd2000 port 0xfebd2300 irq 24
[STDERR  ] 2018-07-06T17:53:05.700037883Z: [   27.566493] ata6: SATA max UDMA/133 abar m4096@0xfebd2000 port 0xfebd2380 irq 24
[STDERR  ] 2018-07-06T17:53:05.700053235Z: [   27.577639] tun: Universal TUN/TAP device driver, 1.6
[STDERR  ] 2018-07-06T17:53:05.700066063Z: [   27.588047] VMware vmxnet3 virtual NIC driver - version 1.4.a.0-k-NAPI
[STDERR  ] 2018-07-06T17:53:05.700074210Z: [   27.588942] hv_vmbus: registering driver hv_netvsc
[STDERR  ] 2018-07-06T17:53:05.700084554Z: [   27.589249] Fusion MPT base driver 3.04.20
[STDERR  ] 2018-07-06T17:53:05.700092504Z: [   27.589458] Copyright (c) 1999-2008 LSI Corporation
[STDERR  ] 2018-07-06T17:53:05.700103465Z: [   27.590048] Fusion MPT SPI Host driver 3.04.20
[STDERR  ] 2018-07-06T17:53:05.700111305Z: [   27.592073] i8042: PNP: PS/2 Controller [PNP0303:KBD,PNP0f13:MOU] at 0x60,0x64 irq 1,12
[STDERR  ] 2018-07-06T17:53:05.700127092Z: [   27.596228] serio: i8042 KBD port at 0x60,0x64 irq 1
[STDERR  ] 2018-07-06T17:53:05.700134790Z: [   27.596880] serio: i8042 AUX port at 0x60,0x64 irq 12
[STDERR  ] 2018-07-06T17:53:05.700145160Z: [   27.598800] hv_vmbus: registering driver hyperv_keyboard
[STDERR  ] 2018-07-06T17:53:05.700152991Z: [   27.600802] mousedev: PS/2 mouse device common for all mice
[STDERR  ] 2018-07-06T17:53:05.700160732Z: [   27.604515] input: AT Translated Set 2 keyboard as /devices/platform/i8042/serio0/input/input1
[STDERR  ] 2018-07-06T17:53:05.700168323Z: [   27.606549] input: PC Speaker as /devices/platform/pcspkr/input/input2
[STDERR  ] 2018-07-06T17:53:05.700196471Z: [   27.609652] rtc_cmos 00:00: RTC can wake from S4
[STDERR  ] 2018-07-06T17:53:05.700214065Z: [   27.612635] rtc_cmos 00:00: rtc core: registered rtc_cmos as rtc0
[STDERR  ] 2018-07-06T17:53:05.700221921Z: [   27.613739] rtc_cmos 00:00: alarms up to one day, y3k, 114 bytes nvram, hpet irqs
[STDERR  ] 2018-07-06T17:53:05.700229781Z: [   27.614298] i2c /dev entries driver
[STDERR  ] 2018-07-06T17:53:05.700237404Z: [   27.615985] device-mapper: ioctl: 4.37.0-ioctl (2017-09-20) initialised: dm-devel@redhat.com
[STDERR  ] 2018-07-06T17:53:05.700252920Z: [   27.619458] usbcore: registered new interface driver usbhid
[STDERR  ] 2018-07-06T17:53:05.700265211Z: [   27.619752] usbhid: USB HID core driver
[STDERR  ] 2018-07-06T17:53:05.700273630Z: [   27.620793] hv_utils: Registering HyperV Utility Driver
[STDERR  ] 2018-07-06T17:53:05.700281912Z: [   27.620996] hv_vmbus: registering driver hv_util
[STDERR  ] 2018-07-06T17:53:05.700289980Z: [   27.621234] hv_vmbus: registering driver hv_balloon
[STDERR  ] 2018-07-06T17:53:05.700297695Z: [   27.621666] oprofile: using NMI interrupt.
[STDERR  ] 2018-07-06T17:53:05.700305391Z: [   27.622650] GACT probability on
[STDERR  ] 2018-07-06T17:53:05.700315912Z: [   27.623020] Mirror/redirect action on
[STDERR  ] 2018-07-06T17:53:05.700323590Z: [   27.623550] Simple TC action Loaded
[STDERR  ] 2018-07-06T17:53:05.700331444Z: [   27.624027] u32 classifier
[STDERR  ] 2018-07-06T17:53:05.700339228Z: [   27.624198]     Performance counters on
[STDERR  ] 2018-07-06T17:53:05.700346791Z: [   27.624372]     input device check on
[STDERR  ] 2018-07-06T17:53:05.700354263Z: [   27.624565]     Actions configured
[STDERR  ] 2018-07-06T17:53:05.700362078Z: [   27.625246] Netfilter messages via NETLINK v0.30.
[STDERR  ] 2018-07-06T17:53:05.700369766Z: [   27.625797] nfnl_acct: registering with nfnetlink.
[STDERR  ] 2018-07-06T17:53:05.700385325Z: [   27.627144] nf_conntrack version 0.5.0 (16384 buckets, 65536 max)
[STDERR  ] 2018-07-06T17:53:05.700393263Z: [   27.629560] ctnetlink v0.93: registering with nfnetlink.
[STDERR  ] 2018-07-06T17:53:05.700403268Z: [   27.632722] nf_tables: (c) 2007-2009 Patrick McHardy <kaber@trash.net>
[STDERR  ] 2018-07-06T17:53:05.700414493Z: [   27.633498] nf_tables_compat: (c) 2012 Pablo Neira Ayuso <pablo@netfilter.org>
[STDERR  ] 2018-07-06T17:53:05.700424877Z: [   27.635675] xt_time: kernel timezone is -0000
[STDERR  ] 2018-07-06T17:53:05.700434739Z: [   27.636138] ip_set: protocol 6
[STDERR  ] 2018-07-06T17:53:05.700443040Z: [   27.636822] IPVS: Registered protocols (TCP, UDP, SCTP, AH, ESP)
[STDERR  ] 2018-07-06T17:53:05.700453149Z: [   27.637353] IPVS: Connection hash table configured (size=4096, memory=64Kbytes)
[STDERR  ] 2018-07-06T17:53:05.700468650Z: [   27.642346] IPVS: ipvs loaded.
[STDERR  ] 2018-07-06T17:53:05.700477021Z: [   27.642729] IPVS: [rr] scheduler registered.
[STDERR  ] 2018-07-06T17:53:05.700491659Z: [   27.643007] IPVS: [wrr] scheduler registered.
[STDERR  ] 2018-07-06T17:53:05.700506654Z: [   27.643244] IPVS: [lc] scheduler registered.
[STDERR  ] 2018-07-06T17:53:05.700514343Z: [   27.643480] IPVS: [wlc] scheduler registered.
[STDERR  ] 2018-07-06T17:53:05.700524765Z: [   27.643674] IPVS: [fo] scheduler registered.
[STDERR  ] 2018-07-06T17:53:05.700550368Z: [   27.643900] IPVS: [ovf] scheduler registered.
[STDERR  ] 2018-07-06T17:53:05.700562120Z: [   27.644253] IPVS: [lblc] scheduler registered.
[STDERR  ] 2018-07-06T17:53:05.700569791Z: [   27.644615] IPVS: [lblcr] scheduler registered.
[STDERR  ] 2018-07-06T17:53:05.700579913Z: [   27.644976] IPVS: [dh] scheduler registered.
[STDERR  ] 2018-07-06T17:53:05.700589912Z: [   27.645198] IPVS: [sh] scheduler registered.
[STDERR  ] 2018-07-06T17:53:05.700600278Z: [   27.645397] IPVS: [sed] scheduler registered.
[STDERR  ] 2018-07-06T17:53:05.700608092Z: [   27.645625] IPVS: [nq] scheduler registered.
[STDERR  ] 2018-07-06T17:53:05.700617986Z: [   27.646352] IPVS: ftp: loaded support on port[0] = 21
[STDERR  ] 2018-07-06T17:53:05.700626471Z: [   27.647044] ipip: IPv4 and MPLS over IPv4 tunneling driver
[STDERR  ] 2018-07-06T17:53:05.700636702Z: [   27.650678] gre: GRE over IPv4 demultiplexor driver
[STDERR  ] 2018-07-06T17:53:05.700647082Z: [   27.653177] ip_tables: (C) 2000-2006 Netfilter Core Team
[STDERR  ] 2018-07-06T17:53:05.700654792Z: [   27.656529] ipt_CLUSTERIP: ClusterIP Version 0.8 loaded successfully
[STDERR  ] 2018-07-06T17:53:05.700664892Z: [   27.657074] arp_tables: arp_tables: (C) 2002 David S. Miller
[STDERR  ] 2018-07-06T17:53:05.700675050Z: [   27.659740] NET: Registered protocol family 10
[STDERR  ] 2018-07-06T17:53:05.700685300Z: [   27.668600] Segment Routing with IPv6
[STDERR  ] 2018-07-06T17:53:05.700699137Z: [   27.669442] ip6_tables: (C) 2000-2006 Netfilter Core Team
[STDERR  ] 2018-07-06T17:53:05.700716059Z: [   27.676346] NET: Registered protocol family 17
[STDERR  ] 2018-07-06T17:53:05.700725991Z: [   27.677392] Bridge firewalling registered
[STDERR  ] 2018-07-06T17:53:05.700738872Z: [   27.677985] Ebtables v2.0 registered
[STDERR  ] 2018-07-06T17:53:05.700749081Z: [   27.679790] 8021q: 802.1Q VLAN Support v1.8
[STDERR  ] 2018-07-06T17:53:05.700759196Z: [   27.681558] 9pnet: Installing 9P2000 support
[STDERR  ] 2018-07-06T17:53:05.700766829Z: [   27.683041] Key type dns_resolver registered
[STDERR  ] 2018-07-06T17:53:05.700776726Z: [   27.684229] sched_clock: Marking stable (27680211920, 0)->(27798043547, -117831627)
[STDERR  ] 2018-07-06T17:53:05.700784624Z: [   27.687173] registered taskstats version 1
[STDERR  ] 2018-07-06T17:53:05.700794879Z: [   27.883011] Key type big_key registered
[STDERR  ] 2018-07-06T17:53:05.700805136Z: [   27.905973] ata3: SATA link up 1.5 Gbps (SStatus 113 SControl 300)
[STDERR  ] 2018-07-06T17:53:05.700815365Z: [   27.910372] ata2: SATA link down (SStatus 0 SControl 300)
[STDERR  ] 2018-07-06T17:53:05.700823541Z: [   27.912081] ata1: SATA link up 1.5 Gbps (SStatus 113 SControl 300)
[STDERR  ] 2018-07-06T17:53:05.700833651Z: [   27.914143] ata1.00: ATA-7: QEMU HARDDISK, 2.5+, max UDMA/100
[STDERR  ] 2018-07-06T17:53:05.700841514Z: [   27.914637] ata1.00: 4194304 sectors, multi 16: LBA48 NCQ (depth 31/32)
[STDERR  ] 2018-07-06T17:53:05.700849275Z: [   27.915238] ata1.00: applying bridge limits
[STDERR  ] 2018-07-06T17:53:05.700863091Z: [   27.917001] ata1.00: configured for UDMA/100
[STDERR  ] 2018-07-06T17:53:05.700871051Z: [   27.920436] ata5: SATA link down (SStatus 0 SControl 300)
[STDERR  ] 2018-07-06T17:53:05.700888373Z: [   27.920872] ata4: SATA link down (SStatus 0 SControl 300)
[STDERR  ] 2018-07-06T17:53:05.700898957Z: [   27.921660] ata3.00: ATAPI: QEMU DVD-ROM, 2.5+, max UDMA/100
[STDERR  ] 2018-07-06T17:53:05.700907117Z: [   27.921980] ata3.00: applying bridge limits
[STDERR  ] 2018-07-06T17:53:05.700914776Z: [   27.922507] ata3.00: configured for UDMA/100
[STDERR  ] 2018-07-06T17:53:05.700938942Z: [   27.931003] ata6: SATA link down (SStatus 0 SControl 300)
[STDERR  ] 2018-07-06T17:53:05.700951479Z: [   27.942167] scsi 0:0:0:0: Direct-Access     ATA      QEMU HARDDISK    2.5+ PQ: 0 ANSI: 5
[STDERR  ] 2018-07-06T17:53:05.700965380Z: [   27.951706] sd 0:0:0:0: Attached scsi generic sg0 type 0
[STDERR  ] 2018-07-06T17:53:05.700975870Z: [   27.957532] sd 0:0:0:0: [sda] 4194304 512-byte logical blocks: (2.15 GB/2.00 GiB)
[STDERR  ] 2018-07-06T17:53:05.700983912Z: [   27.961613] scsi 2:0:0:0: CD-ROM            QEMU     QEMU DVD-ROM     2.5+ PQ: 0 ANSI: 5
[STDERR  ] 2018-07-06T17:53:05.700992214Z: [   27.964896] sd 0:0:0:0: [sda] Write Protect is off
[STDERR  ] 2018-07-06T17:53:05.701000085Z: [   27.969016] sd 0:0:0:0: [sda] Write cache: enabled, read cache: enabled, doesn't support DPO or FUA
[STDERR  ] 2018-07-06T17:53:05.701008314Z: [   28.002739] sr 2:0:0:0: [sr0] scsi3-mmc drive: 4x/4x cd/rw xa/form2 tray
[STDERR  ] 2018-07-06T17:53:05.701016473Z: [   28.003415] cdrom: Uniform CD-ROM driver Revision: 3.20
[STDERR  ] 2018-07-06T17:53:05.701024306Z: [   28.008526] sd 0:0:0:0: [sda] Attached SCSI disk
[STDERR  ] 2018-07-06T17:53:05.701037629Z: [   28.010431] sr 2:0:0:0: Attached scsi generic sg1 type 5
[STDERR  ] 2018-07-06T17:53:05.701051259Z: [   28.025828] Key type trusted registered
[STDERR  ] 2018-07-06T17:53:05.701067106Z: [   28.093604] Key type encrypted registered
[STDERR  ] 2018-07-06T17:53:05.701081844Z: [   28.094289] ima: No TPM chip found, activating TPM-bypass! (rc=-19)
[STDERR  ] 2018-07-06T17:53:05.701097309Z: [   28.094814] ima: Allocated hash algorithm: sha256
[STDERR  ] 2018-07-06T17:53:05.701119208Z: [   28.098439] evm: HMAC attrs: 0x1
[STDERR  ] 2018-07-06T17:53:05.701131657Z: [   28.103231] rtc_cmos 00:00: setting system clock to 2018-07-06 17:44:45 UTC (1530899085)
[STDERR  ] 2018-07-06T17:53:05.701140072Z: [   28.252879] Freeing unused kernel memory: 1512K
[STDERR  ] 2018-07-06T17:53:05.701154498Z: [   28.270756] Write protecting the kernel read-only data: 18432k
[STDERR  ] 2018-07-06T17:53:05.701162667Z: [   28.283536] Freeing unused kernel memory: 2024K
[STDERR  ] 2018-07-06T17:53:05.701170423Z: [   28.343790] Freeing unused kernel memory: 1104K
[STDERR  ] 2018-07-06T17:53:05.701178342Z: [   28.344403] tsc: Refined TSC clocksource calibration: 2599.858 MHz
[STDERR  ] 2018-07-06T17:53:05.701186289Z: [   28.344976] clocksource: tsc: mask: 0xffffffffffffffff max_cycles: 0x2579b5c852a, max_idle_ns: 440795213189 ns
[STDERR  ] 2018-07-06T17:53:05.701194844Z: [   29.358588] clocksource: Switched to clocksource tsc
[STDERR  ] 2018-07-06T17:53:05.701202370Z: 
[STDERR  ] 2018-07-06T17:53:05.701210550Z: Welcome to LinuxKit
[STDERR  ] 2018-07-06T17:53:05.701221023Z: 
[STDERR  ] 2018-07-06T17:53:05.701229105Z:                         ##         .
[STDERR  ] 2018-07-06T17:53:05.701239553Z:                   ## ## ##        ==
[STDERR  ] 2018-07-06T17:53:05.701259812Z:                ## ## ## ## ##    ===
[STDERR  ] 2018-07-06T17:53:05.701270320Z:            /"""""""""""""""""\___/ ===
[STDERR  ] 2018-07-06T17:53:05.701278685Z:           {                       /  ===-
[STDERR  ] 2018-07-06T17:53:05.701288864Z:            \______ O           __/
[STDERR  ] 2018-07-06T17:53:05.701303480Z:              \    \         __/
[STDERR  ] 2018-07-06T17:53:05.701311247Z:               \____\_______/
[STDERR  ] 2018-07-06T17:53:05.701321719Z: 
[STDERR  ] 2018-07-06T17:53:05.701332283Z: [   94.027579] 8021q: adding VLAN 0 to HW filter on device eth0
[STDERR  ] 2018-07-06T17:53:05.701346519Z: eth0: waiting for carrier
[STDERR  ] 2018-07-06T17:53:05.701360528Z: eth0: carrier acquired
[STDERR  ] 2018-07-06T17:53:05.701371337Z: DUID 00:01:00:01:22:d2:67:4f:8e:34:92:e8:45:96
[STDERR  ] 2018-07-06T17:53:05.701381618Z: eth0: IAID 92:e8:45:96
[STDERR  ] 2018-07-06T17:53:05.701389657Z: eth0: adding address fe80::4cbe:512f:526a:24d2
[STDERR  ] 2018-07-06T17:53:05.701397544Z: eth0: soliciting an IPv6 router
[STDERR  ] 2018-07-06T17:53:05.701405427Z: eth0: soliciting a DHCP lease
[STDERR  ] 2018-07-06T17:53:05.701413111Z: eth0: offered 10.0.2.15 from 10.0.2.2
[STDERR  ] 2018-07-06T17:53:05.701420748Z: eth0: leased 10.0.2.15 for 86400 seconds
[STDERR  ] 2018-07-06T17:53:05.701428408Z: eth0: adding route to 10.0.2.0/24
[STDERR  ] 2018-07-06T17:53:05.701436148Z: eth0: adding default route via 10.0.2.2
[STDERR  ] 2018-07-06T17:53:05.701443824Z: exiting due to oneshot
[STDERR  ] 2018-07-06T17:53:05.701451633Z: dhcpcd exited
[STDERR  ] 2018-07-06T17:53:05.701464080Z: [   96.101558] IPVS: ftp: loaded support on port[0] = 21
[STDERR  ] 2018-07-06T17:53:05.701471993Z: [   97.343777]  sda:
[STDERR  ] 2018-07-06T17:53:05.701482202Z: [   97.415458]  sda:
[STDERR  ] 2018-07-06T17:53:05.701489791Z: [   97.479790]  sda: sda1
[STDERR  ] 2018-07-06T17:53:05.701504840Z: [   97.560903]  sda: sda1
[STDERR  ] 2018-07-06T17:53:05.701512604Z: 2018/07/06 17:45:54 Creating partition on /dev/sda
[STDERR  ] 2018-07-06T17:53:05.701523060Z: 2018/07/06 17:45:56 Partition /dev/sda1 successfully created!
[STDERR  ] 2018-07-06T17:53:05.701543466Z: [  100.423480] IPVS: ftp: loaded support on port[0] = 21
[STDERR  ] 2018-07-06T17:53:05.701554033Z: [  101.619182] EXT4-fs (sda1): mounted filesystem with ordered data mode. Opts: (null)
[STDERR  ] 2018-07-06T17:53:05.701565539Z: [  379.938862] XFS (loop1): Mounting V5 Filesystem
[STDERR  ] 2018-07-06T17:53:05.701580633Z: [  379.980842] XFS (loop1): Ending clean mount
[STDERR  ] 2018-07-06T17:53:05.701588806Z: [  380.106493] XFS (loop1): Unmounting Filesystem
[STDERR  ] 2018-07-06T17:53:05.701603878Z: [  413.340430] raid6: sse2x1   gen()   452 MB/s
[STDERR  ] 2018-07-06T17:53:05.701614397Z: [  413.510284] raid6: sse2x1   xor()   237 MB/s
[STDERR  ] 2018-07-06T17:53:05.701622285Z: [  413.680287] raid6: sse2x2   gen()   416 MB/s
[STDERR  ] 2018-07-06T17:53:05.701629958Z: [  413.850178] raid6: sse2x2   xor()   288 MB/s
[STDERR  ] 2018-07-06T17:53:05.701637995Z: [  414.020228] raid6: sse2x4   gen()   419 MB/s
[STDERR  ] 2018-07-06T17:53:05.701651794Z: [  414.190158] raid6: sse2x4   xor()   298 MB/s
[STDERR  ] 2018-07-06T17:53:05.701659537Z: [  414.190596] raid6: using algorithm sse2x1 gen() 452 MB/s
[STDERR  ] 2018-07-06T17:53:05.701672456Z: [  414.190958] raid6: .... xor() 237 MB/s, rmw enabled
[STDERR  ] 2018-07-06T17:53:05.701680098Z: [  414.191401] raid6: using intx1 recovery algorithm
[STDERR  ] 2018-07-06T17:53:05.701690466Z: [  414.280761] xor: measuring software checksum speed
[STDERR  ] 2018-07-06T17:53:05.701698260Z: [  414.380257]    prefetch64-sse:   760.400 MB/sec
[STDERR  ] 2018-07-06T17:53:05.701706026Z: [  414.480222]    generic_sse:   736.000 MB/sec
[STDERR  ] 2018-07-06T17:53:05.701713911Z: [  414.480456] xor: using function: prefetch64-sse (760.400 MB/sec)
[STDERR  ] 2018-07-06T17:53:05.701721655Z: [  414.674086] Btrfs loaded, crc32c=crc32c-generic
[STDERR  ] 2018-07-06T17:53:05.701729490Z: [  414.681922] BTRFS: device fsid 0251665e-660d-4236-afe9-471d42dc1a8a devid 1 transid 5 /dev/loop1
[STDERR  ] 2018-07-06T17:53:05.701740231Z: [  414.722516] BTRFS info (device loop1): disk space caching is enabled
[STDERR  ] 2018-07-06T17:53:05.701748177Z: [  414.723202] BTRFS info (device loop1): has skinny extents
[STDERR  ] 2018-07-06T17:53:05.701755944Z: [  414.723548] BTRFS info (device loop1): flagging fs with big metadata feature
[STDERR  ] 2018-07-06T17:53:05.701771297Z: [  414.775228] BTRFS info (device loop1): creating UUID tree
[STDERR  ] 2018-07-06T17:53:05.701779202Z: [  416.452823] BTRFS: device fsid 560d6f5e-81d9-474d-8d4f-c2db35af9f5b devid 1 transid 5 /dev/loop1
[STDERR  ] 2018-07-06T17:53:05.701792999Z: [  416.603943] BTRFS info (device loop1): disk space caching is enabled
[STDERR  ] 2018-07-06T17:53:05.701803349Z: [  416.604455] BTRFS info (device loop1): has skinny extents
[STDERR  ] 2018-07-06T17:53:05.701811044Z: [  416.604837] BTRFS info (device loop1): flagging fs with big metadata feature
[STDERR  ] 2018-07-06T17:53:05.701818621Z: [  416.640407] BTRFS info (device loop1): creating UUID tree
[STDERR  ] 2018-07-06T17:53:05.701828836Z: [  417.512563] BTRFS: device fsid 9c6c18fe-1167-4041-a1ea-e9b2eef01161 devid 1 transid 5 /dev/loop1
[STDERR  ] 2018-07-06T17:53:05.701836595Z: [  417.663952] BTRFS info (device loop1): disk space caching is enabled
[STDERR  ] 2018-07-06T17:53:05.701844311Z: [  417.664331] BTRFS info (device loop1): has skinny extents
[STDERR  ] 2018-07-06T17:53:05.701854696Z: [  417.664676] BTRFS info (device loop1): flagging fs with big metadata feature
[STDERR  ] 2018-07-06T17:53:05.701862571Z: [  417.698993] BTRFS info (device loop1): creating UUID tree
[STDERR  ] 2018-07-06T17:53:05.701870416Z: [  418.872564] BTRFS: device fsid 72f32375-1457-43e6-bdfa-82c9e7ec7e6c devid 1 transid 5 /dev/loop1
[STDERR  ] 2018-07-06T17:53:05.701880562Z: [  419.024019] BTRFS info (device loop1): disk space caching is enabled
[STDERR  ] 2018-07-06T17:53:05.701888216Z: [  419.024445] BTRFS info (device loop1): has skinny extents
[STDERR  ] 2018-07-06T17:53:05.701903123Z: [  419.024805] BTRFS info (device loop1): flagging fs with big metadata feature
