[INFO    ] 2018-04-16T22:47:59.122540322Z: Running Test linuxkit.kernel.config_4.4.x in /tmp/build/test/cases/020_kernel/000_config_4.4.x
[INFO    ] 2018-04-16T22:47:59.122668568Z: Running command: [/bin/sh -x /tmp/build/test/cases/020_kernel/000_config_4.4.x/test.sh]
[STDERR  ] 2018-04-16T22:47:59.123612057Z: + set -e
[STDERR  ] 2018-04-16T22:47:59.123744578Z: + . /tmp/build/test/cases/_lib/lib.sh
[STDERR  ] 2018-04-16T22:47:59.123920880Z: + [ -f src/github.com/linuxkit/rtf/lib/lib.sh ]
[STDERR  ] 2018-04-16T22:47:59.124042297Z: + LINUXKIT_TMPDIR=/tmp/build/test/cases/_tmp
[STDERR  ] 2018-04-16T22:47:59.124181131Z: + [ -f /tmp/build/test/cases/_tmp/env.sh ]
[STDERR  ] 2018-04-16T22:47:59.124283809Z: + . /tmp/build/test/cases/_tmp/env.sh
[STDERR  ] 2018-04-16T22:47:59.124389771Z: + export LINUXKIT_EXAMPLES_DIR=/tmp/build/test/cases/../../examples
[STDERR  ] 2018-04-16T22:47:59.124485255Z: + RT_CANCEL=253
[STDERR  ] 2018-04-16T22:47:59.124554281Z: + NAME=kconfig
[STDERR  ] 2018-04-16T22:47:59.124635164Z: + trap clean_up EXIT
[STDERR  ] 2018-04-16T22:47:59.124742852Z: + linuxkit build -format kernel+initrd -name kconfig test.yml
[STDERR  ] 2018-04-16T22:47:59.172699174Z: Extract kernel image: linuxkit/kernel:4.4.128
[STDERR  ] 2018-04-16T22:48:00.428616146Z: Pull image: docker.io/linuxkit/kernel:4.4.128@sha256:85b13a7b36f9bd60b40599ed9fd76e877b282a3bab49a0d7837006749b432aad
[STDERR  ] 2018-04-16T22:48:05.373722044Z: Add init containers:
[STDERR  ] 2018-04-16T22:48:05.373810442Z: Process init image: linuxkit/init:v0.3
[STDERR  ] 2018-04-16T22:48:06.646917097Z: Process init image: linuxkit/runc:v0.3
[STDERR  ] 2018-04-16T22:48:07.840284798Z: Add onboot containers:
[STDERR  ] 2018-04-16T22:48:07.840345030Z:   Create OCI config for linuxkit/test-kernel-config:12d9e1153ea4eec2ddb155ab2a782faca5f503e0
[STDERR  ] 2018-04-16T22:48:09.304630826Z:   Create OCI config for linuxkit/poweroff:5740687bf0a6a0480922c0f59b3a4ca77c866cae
[STDERR  ] 2018-04-16T22:48:10.502679949Z: Create outputs:
[STDERR  ] 2018-04-16T22:48:14.559829866Z:   kconfig-kernel kconfig-initrd.img kconfig-cmdline
[STDERR  ] 2018-04-16T22:48:14.602658338Z: + linuxkit run kconfig
[STDERR  ] 2018-04-16T22:48:14.625681814Z: Unable to find qemu-system-x86_64 within the $PATH. Using a container
[STDERR  ] 2018-04-16T22:48:24.173973611Z: + RESULT=[    0.000000] Initializing cgroup subsys cpuset
[STDERR  ] 2018-04-16T22:48:24.174046139Z: [    0.000000] Initializing cgroup subsys cpu
[STDERR  ] 2018-04-16T22:48:24.174063337Z: [    0.000000] Initializing cgroup subsys cpuacct
[STDERR  ] 2018-04-16T22:48:24.174078441Z: [    0.000000] Linux version 4.4.128-linuxkit (root@067344b04d09) (gcc version 6.4.0 (Alpine 6.4.0) ) #1 SMP Sat Apr 14 11:30:36 UTC 2018
[STDERR  ] 2018-04-16T22:48:24.174094552Z: [    0.000000] Command line: console=ttyS0 console=ttyAMA0
[STDERR  ] 2018-04-16T22:48:24.174108948Z: [    0.000000] x86/fpu: Legacy x87 FPU detected.
[STDERR  ] 2018-04-16T22:48:24.174122724Z: [    0.000000] x86/fpu: Using 'lazy' FPU context switches.
[STDERR  ] 2018-04-16T22:48:24.174136063Z: [    0.000000] e820: BIOS-provided physical RAM map:
[STDERR  ] 2018-04-16T22:48:24.174149930Z: [    0.000000] BIOS-e820: [mem 0x0000000000000000-0x000000000009fbff] usable
[STDERR  ] 2018-04-16T22:48:24.174165299Z: [    0.000000] BIOS-e820: [mem 0x000000000009fc00-0x000000000009ffff] reserved
[STDERR  ] 2018-04-16T22:48:24.174180068Z: [    0.000000] BIOS-e820: [mem 0x00000000000f0000-0x00000000000fffff] reserved
[STDERR  ] 2018-04-16T22:48:24.174194283Z: [    0.000000] BIOS-e820: [mem 0x0000000000100000-0x000000003ffdefff] usable
[STDERR  ] 2018-04-16T22:48:24.174208175Z: [    0.000000] BIOS-e820: [mem 0x000000003ffdf000-0x000000003fffffff] reserved
[STDERR  ] 2018-04-16T22:48:24.174221797Z: [    0.000000] BIOS-e820: [mem 0x00000000b0000000-0x00000000bfffffff] reserved
[STDERR  ] 2018-04-16T22:48:24.174235457Z: [    0.000000] BIOS-e820: [mem 0x00000000fed1c000-0x00000000fed1ffff] reserved
[STDERR  ] 2018-04-16T22:48:24.174283939Z: [    0.000000] BIOS-e820: [mem 0x00000000feffc000-0x00000000feffffff] reserved
[STDERR  ] 2018-04-16T22:48:24.174305263Z: [    0.000000] BIOS-e820: [mem 0x00000000fffc0000-0x00000000ffffffff] reserved
[STDERR  ] 2018-04-16T22:48:24.174319491Z: [    0.000000] NX (Execute Disable) protection: active
[STDERR  ] 2018-04-16T22:48:24.174331861Z: [    0.000000] SMBIOS 2.8 present.
[STDERR  ] 2018-04-16T22:48:24.174345437Z: [    0.000000] Hypervisor detected: KVM
[STDERR  ] 2018-04-16T22:48:24.174357668Z: [    0.000000] e820: last_pfn = 0x3ffdf max_arch_pfn = 0x400000000
[STDERR  ] 2018-04-16T22:48:24.174370637Z: [    0.000000] x86/PAT: PAT not supported by CPU.
[STDERR  ] 2018-04-16T22:48:24.174382972Z: [    0.000000] x86/PAT: Configuration [0-7]: WB  WT  UC- UC  WB  WT  UC- UC  
[STDERR  ] 2018-04-16T22:48:24.174395732Z: [    0.000000] found SMP MP-table at [mem 0x000f6aa0-0x000f6aaf] mapped at [ffff8800000f6aa0]
[STDERR  ] 2018-04-16T22:48:24.174409183Z: [    0.000000] RAMDISK: [mem 0x3e90a000-0x3ffcffff]
[STDERR  ] 2018-04-16T22:48:24.174421368Z: [    0.000000] ACPI: Early table checksum verification disabled
[STDERR  ] 2018-04-16T22:48:24.174435505Z: [    0.000000] ACPI: RSDP 0x00000000000F68B0 000014 (v00 BOCHS )
[STDERR  ] 2018-04-16T22:48:24.174449497Z: [    0.000000] ACPI: RSDT 0x000000003FFE20A8 000034 (v01 BOCHS  BXPCRSDT 00000001 BXPC 00000001)
[STDERR  ] 2018-04-16T22:48:24.174464525Z: [    0.000000] ACPI: FACP 0x000000003FFE1EC8 0000F4 (v03 BOCHS  BXPCFACP 00000001 BXPC 00000001)
[STDERR  ] 2018-04-16T22:48:24.174479588Z: [    0.000000] ACPI: DSDT 0x000000003FFE0040 001E88 (v01 BOCHS  BXPCDSDT 00000001 BXPC 00000001)
[STDERR  ] 2018-04-16T22:48:24.174494655Z: [    0.000000] ACPI: FACS 0x000000003FFE0000 000040
[STDERR  ] 2018-04-16T22:48:24.174509964Z: [    0.000000] ACPI: APIC 0x000000003FFE1FBC 000078 (v01 BOCHS  BXPCAPIC 00000001 BXPC 00000001)
[STDERR  ] 2018-04-16T22:48:24.174524508Z: [    0.000000] ACPI: HPET 0x000000003FFE2034 000038 (v01 BOCHS  BXPCHPET 00000001 BXPC 00000001)
[STDERR  ] 2018-04-16T22:48:24.174539192Z: [    0.000000] ACPI: MCFG 0x000000003FFE206C 00003C (v01 BOCHS  BXPCMCFG 00000001 BXPC 00000001)
[STDERR  ] 2018-04-16T22:48:24.174554443Z: [    0.000000] kvm-clock: Using msrs 4b564d01 and 4b564d00
[STDERR  ] 2018-04-16T22:48:24.174569090Z: [    0.000000] kvm-clock: cpu 0, msr 0:3ffdd001, primary cpu clock
[STDERR  ] 2018-04-16T22:48:24.174583784Z: [    0.000000] clocksource: kvm-clock: mask: 0xffffffffffffffff max_cycles: 0x1cd42e4dffb, max_idle_ns: 881590591483 ns
[STDERR  ] 2018-04-16T22:48:24.174600852Z: [    0.000000] Zone ranges:
[STDERR  ] 2018-04-16T22:48:24.174615157Z: [    0.000000]   DMA      [mem 0x0000000000001000-0x0000000000ffffff]
[STDERR  ] 2018-04-16T22:48:24.174629624Z: [    0.000000]   DMA32    [mem 0x0000000001000000-0x000000003ffdefff]
[STDERR  ] 2018-04-16T22:48:24.174643732Z: [    0.000000]   Normal   empty
[STDERR  ] 2018-04-16T22:48:24.174657601Z: [    0.000000] Movable zone start for each node
[STDERR  ] 2018-04-16T22:48:24.174672059Z: [    0.000000] Early memory node ranges
[STDERR  ] 2018-04-16T22:48:24.174687964Z: [    0.000000]   node   0: [mem 0x0000000000001000-0x000000000009efff]
[STDERR  ] 2018-04-16T22:48:24.174701766Z: [    0.000000]   node   0: [mem 0x0000000000100000-0x000000003ffdefff]
[STDERR  ] 2018-04-16T22:48:24.174715710Z: [    0.000000] Initmem setup node 0 [mem 0x0000000000001000-0x000000003ffdefff]
[STDERR  ] 2018-04-16T22:48:24.174729504Z: [    0.000000] ACPI: PM-Timer IO Port: 0x608
[STDERR  ] 2018-04-16T22:48:24.174743084Z: [    0.000000] ACPI: LAPIC_NMI (acpi_id[0xff] dfl dfl lint[0x1])
[STDERR  ] 2018-04-16T22:48:24.174757664Z: [    0.000000] IOAPIC[0]: apic_id 0, version 17, address 0xfec00000, GSI 0-23
[STDERR  ] 2018-04-16T22:48:24.174772346Z: [    0.000000] ACPI: INT_SRC_OVR (bus 0 bus_irq 0 global_irq 2 dfl dfl)
[STDERR  ] 2018-04-16T22:48:24.174786739Z: [    0.000000] ACPI: INT_SRC_OVR (bus 0 bus_irq 5 global_irq 5 high level)
[STDERR  ] 2018-04-16T22:48:24.174807395Z: [    0.000000] ACPI: INT_SRC_OVR (bus 0 bus_irq 9 global_irq 9 high level)
[STDERR  ] 2018-04-16T22:48:24.174831279Z: [    0.000000] ACPI: INT_SRC_OVR (bus 0 bus_irq 10 global_irq 10 high level)
[STDERR  ] 2018-04-16T22:48:24.174849106Z: [    0.000000] ACPI: INT_SRC_OVR (bus 0 bus_irq 11 global_irq 11 high level)
[STDERR  ] 2018-04-16T22:48:24.174862235Z: [    0.000000] Using ACPI (MADT) for SMP configuration information
[STDERR  ] 2018-04-16T22:48:24.174876095Z: [    0.000000] ACPI: HPET id: 0x8086a201 base: 0xfed00000
[STDERR  ] 2018-04-16T22:48:24.174892115Z: [    0.000000] smpboot: Allowing 1 CPUs, 0 hotplug CPUs
[STDERR  ] 2018-04-16T22:48:24.174906824Z: [    0.000000] e820: [mem 0x40000000-0xafffffff] available for PCI devices
[STDERR  ] 2018-04-16T22:48:24.174920579Z: [    0.000000] Booting paravirtualized kernel on KVM
[STDERR  ] 2018-04-16T22:48:24.174934497Z: [    0.000000] clocksource: refined-jiffies: mask: 0xffffffff max_cycles: 0xffffffff, max_idle_ns: 19112604462750000 ns
[STDERR  ] 2018-04-16T22:48:24.174949563Z: [    0.000000] setup_percpu: NR_CPUS:128 nr_cpumask_bits:128 nr_cpu_ids:1 nr_node_ids:1
[STDERR  ] 2018-04-16T22:48:24.174964870Z: [    0.000000] PERCPU: Embedded 33 pages/cpu @ffff88003e600000 s97048 r8192 d29928 u2097152
[STDERR  ] 2018-04-16T22:48:24.174982039Z: [    0.000000] KVM setup async PF for cpu 0
[STDERR  ] 2018-04-16T22:48:24.174991517Z: [    0.000000] kvm-stealtime: cpu 0, msr 3e60fdc0
[STDERR  ] 2018-04-16T22:48:24.174999594Z: [    0.000000] Built 1 zonelists in Zone order, mobility grouping on.  Total pages: 257895
[STDERR  ] 2018-04-16T22:48:24.175008097Z: [    0.000000] Kernel command line: console=ttyS0 console=ttyAMA0
[STDERR  ] 2018-04-16T22:48:24.175016674Z: [    0.000000] PID hash table entries: 4096 (order: 3, 32768 bytes)
[STDERR  ] 2018-04-16T22:48:24.175026997Z: [    0.000000] Dentry cache hash table entries: 131072 (order: 8, 1048576 bytes)
[STDERR  ] 2018-04-16T22:48:24.175040025Z: [    0.000000] Inode-cache hash table entries: 65536 (order: 7, 524288 bytes)
[STDERR  ] 2018-04-16T22:48:24.175053577Z: [    0.000000] Memory: 990708K/1048052K available (7642K kernel code, 1279K rwdata, 2704K rodata, 1320K init, 688K bss, 57344K reserved, 0K cma-reserved)
[STDERR  ] 2018-04-16T22:48:24.175065123Z: [    0.000000] Kernel/User page tables isolation: enabled
[STDERR  ] 2018-04-16T22:48:24.175074985Z: [    0.000000] Hierarchical RCU implementation.
[STDERR  ] 2018-04-16T22:48:24.175083135Z: [    0.000000] 	Build-time adjustment of leaf fanout to 64.
[STDERR  ] 2018-04-16T22:48:24.175092052Z: [    0.000000] 	RCU restricting CPUs from NR_CPUS=128 to nr_cpu_ids=1.
[STDERR  ] 2018-04-16T22:48:24.175100745Z: [    0.000000] RCU: Adjusting geometry for rcu_fanout_leaf=64, nr_cpu_ids=1
[STDERR  ] 2018-04-16T22:48:24.175108704Z: [    0.000000] NR_IRQS:8448 nr_irqs:256 16
[STDERR  ] 2018-04-16T22:48:24.175116777Z: [    0.000000] Console: colour VGA+ 80x25
[STDERR  ] 2018-04-16T22:48:24.175124965Z: [    0.000000] console [ttyS0] enabled
[STDERR  ] 2018-04-16T22:48:24.175133546Z: [    0.000000] clocksource: hpet: mask: 0xffffffff max_cycles: 0xffffffff, max_idle_ns: 19112604467 ns
[STDERR  ] 2018-04-16T22:48:24.175142352Z: [    0.000000] tsc: Detected 2300.000 MHz processor
[STDERR  ] 2018-04-16T22:48:24.175150408Z: [    0.020000] Calibrating delay loop (skipped) preset value.. 4600.00 BogoMIPS (lpj=23000000)
[STDERR  ] 2018-04-16T22:48:24.175158494Z: [    0.020025] pid_max: default: 32768 minimum: 301
[STDERR  ] 2018-04-16T22:48:24.175167070Z: [    0.024038] ACPI: Core revision 20150930
[STDERR  ] 2018-04-16T22:48:24.175174908Z: [    0.028185] ACPI: 1 ACPI AML tables successfully acquired and loaded
[STDERR  ] 2018-04-16T22:48:24.175182579Z: [    0.034135] Security Framework initialized
[STDERR  ] 2018-04-16T22:48:24.175191028Z: [    0.037724] Yama: becoming mindful.
[STDERR  ] 2018-04-16T22:48:24.175198852Z: [    0.040061] Mount-cache hash table entries: 2048 (order: 2, 16384 bytes)
[STDERR  ] 2018-04-16T22:48:24.175206984Z: [    0.045922] Mountpoint-cache hash table entries: 2048 (order: 2, 16384 bytes)
[STDERR  ] 2018-04-16T22:48:24.175223844Z: [    0.050296] Initializing cgroup subsys io
[STDERR  ] 2018-04-16T22:48:24.175231884Z: [    0.053881] Initializing cgroup subsys memory
[STDERR  ] 2018-04-16T22:48:24.175243130Z: [    0.060040] Initializing cgroup subsys devices
[STDERR  ] 2018-04-16T22:48:24.175258575Z: [    0.063989] Initializing cgroup subsys freezer
[STDERR  ] 2018-04-16T22:48:24.175268086Z: [    0.070041] Initializing cgroup subsys net_cls
[STDERR  ] 2018-04-16T22:48:24.175276817Z: [    0.073927] Initializing cgroup subsys perf_event
[STDERR  ] 2018-04-16T22:48:24.175284837Z: [    0.078042] Initializing cgroup subsys net_prio
[STDERR  ] 2018-04-16T22:48:24.175292877Z: [    0.080035] Initializing cgroup subsys hugetlb
[STDERR  ] 2018-04-16T22:48:24.175300828Z: [    0.083979] Initializing cgroup subsys pids
[STDERR  ] 2018-04-16T22:48:24.175310035Z: [    0.090960] CPU: Physical Processor ID: 0
[STDERR  ] 2018-04-16T22:48:24.175318131Z: [    0.094851] Last level iTLB entries: 4KB 0, 2MB 0, 4MB 0
[STDERR  ] 2018-04-16T22:48:24.175326835Z: [    0.100025] Last level dTLB entries: 4KB 0, 2MB 0, 4MB 0, 1GB 0
[STDERR  ] 2018-04-16T22:48:24.175334998Z: [    0.105269] Spectre V2 : Vulnerable: Minimal generic ASM retpoline
[STDERR  ] 2018-04-16T22:48:24.175343325Z: [    0.192719] Freeing SMP alternatives memory: 20K
[STDERR  ] 2018-04-16T22:48:24.175351460Z: [    0.219300] ftrace: allocating 33482 entries in 131 pages
[STDERR  ] 2018-04-16T22:48:24.175360124Z: [    0.243804] ..TIMER: vector=0x30 apic1=0 pin1=2 apic2=-1 pin2=-1
[STDERR  ] 2018-04-16T22:48:24.175370678Z: [    0.250000] smpboot: CPU0: Intel QEMU Virtual CPU version 2.5+ (family: 0x6, model: 0x6, stepping: 0x3)
[STDERR  ] 2018-04-16T22:48:24.175379244Z: [    0.250000] Performance Events: Broken PMU hardware detected, using software events only.
[STDERR  ] 2018-04-16T22:48:24.175387347Z: [    0.260008] Failed to access perfctr msr (MSR c2 is 0)
[STDERR  ] 2018-04-16T22:48:24.175395786Z: [    0.270032] x86: Booted up 1 node, 1 CPUs
[STDERR  ] 2018-04-16T22:48:24.175403575Z: [    0.273541] smpboot: Total of 1 processors activated (4600.00 BogoMIPS)
[STDERR  ] 2018-04-16T22:48:24.175416124Z: [    0.280930] devtmpfs: initialized
[STDERR  ] 2018-04-16T22:48:24.175430733Z: [    0.287047] clocksource: jiffies: mask: 0xffffffff max_cycles: 0xffffffff, max_idle_ns: 19112604462750000 ns
[STDERR  ] 2018-04-16T22:48:24.175440031Z: [    0.290036] futex hash table entries: 256 (order: 2, 16384 bytes)
[STDERR  ] 2018-04-16T22:48:24.175448444Z: [    0.300309] NET: Registered protocol family 16
[STDERR  ] 2018-04-16T22:48:24.175457062Z: [    0.304408] cpuidle: using governor ladder
[STDERR  ] 2018-04-16T22:48:24.175465391Z: [    0.307989] cpuidle: using governor menu
[STDERR  ] 2018-04-16T22:48:24.175486180Z: [    0.310203] ACPI: bus type PCI registered
[STDERR  ] 2018-04-16T22:48:24.175494532Z: [    0.314071] PCI: MMCONFIG for domain 0000 [bus 00-ff] at [mem 0xb0000000-0xbfffffff] (base 0xb0000000)
[STDERR  ] 2018-04-16T22:48:24.175503427Z: [    0.320009] PCI: MMCONFIG at [mem 0xb0000000-0xbfffffff] reserved in E820
[STDERR  ] 2018-04-16T22:48:24.175511466Z: [    0.330020] PCI: Using configuration type 1 for base access
[STDERR  ] 2018-04-16T22:48:24.175519795Z: [    0.336413] ACPI: Added _OSI(Module Device)
[STDERR  ] 2018-04-16T22:48:24.175527972Z: [    0.340005] ACPI: Added _OSI(Processor Device)
[STDERR  ] 2018-04-16T22:48:24.175536040Z: [    0.343934] ACPI: Added _OSI(3.0 _SCP Extensions)
[STDERR  ] 2018-04-16T22:48:24.175544020Z: [    0.348011] ACPI: Added _OSI(Processor Aggregator Device)
[STDERR  ] 2018-04-16T22:48:24.175552364Z: [    0.354835] ACPI: Interpreter enabled
[STDERR  ] 2018-04-16T22:48:24.175560158Z: [    0.360015] ACPI: (supports S0 S5)
[STDERR  ] 2018-04-16T22:48:24.175571871Z: [    0.362989] ACPI: Using IOAPIC for interrupt routing
[STDERR  ] 2018-04-16T22:48:24.175580096Z: [    0.367552] PCI: Using host bridge windows from ACPI; if necessary, use "pci=nocrs" and report a bug
[STDERR  ] 2018-04-16T22:48:24.175593098Z: [    0.372756] ACPI: PCI Root Bridge [PCI0] (domain 0000 [bus 00-ff])
[STDERR  ] 2018-04-16T22:48:24.175602029Z: [    0.380012] acpi PNP0A08:00: _OSC: OS supports [ExtendedConfig ASPM ClockPM Segments MSI]
[STDERR  ] 2018-04-16T22:48:24.175613196Z: [    0.390177] acpi PNP0A08:00: _OSC: OS now controls [PCIeHotplug PME PCIeCapability]
[STDERR  ] 2018-04-16T22:48:24.175621453Z: [    0.396969] PCI host bridge to bus 0000:00
[STDERR  ] 2018-04-16T22:48:24.175629551Z: [    0.400010] pci_bus 0000:00: root bus resource [io  0x0000-0x0cf7 window]
[STDERR  ] 2018-04-16T22:48:24.175638612Z: [    0.405805] pci_bus 0000:00: root bus resource [io  0x0d00-0xffff window]
[STDERR  ] 2018-04-16T22:48:24.175646635Z: [    0.410008] pci_bus 0000:00: root bus resource [mem 0x000a0000-0x000bffff window]
[STDERR  ] 2018-04-16T22:48:24.175654540Z: [    0.420006] pci_bus 0000:00: root bus resource [mem 0xc0000000-0xfebfffff window]
[STDERR  ] 2018-04-16T22:48:24.175662711Z: [    0.426408] pci_bus 0000:00: root bus resource [bus 00-ff]
[STDERR  ] 2018-04-16T22:48:24.175671396Z: [    0.548424] pci 0000:00:1f.0: quirk: [io  0x0600-0x067f] claimed by ICH6 ACPI/GPIO/TCO
[STDERR  ] 2018-04-16T22:48:24.175679591Z: [    0.613698] ACPI: PCI Interrupt Link [LNKA] (IRQs 5 *10 11)
[STDERR  ] 2018-04-16T22:48:24.175687642Z: [    0.620602] ACPI: PCI Interrupt Link [LNKB] (IRQs 5 *10 11)
[STDERR  ] 2018-04-16T22:48:24.175695532Z: [    0.626612] ACPI: PCI Interrupt Link [LNKC] (IRQs 5 10 *11)
[STDERR  ] 2018-04-16T22:48:24.175704593Z: [    0.631849] ACPI: PCI Interrupt Link [LNKD] (IRQs 5 10 *11)
[STDERR  ] 2018-04-16T22:48:24.175712411Z: [    0.637856] ACPI: PCI Interrupt Link [LNKE] (IRQs 5 *10 11)
[STDERR  ] 2018-04-16T22:48:24.175720089Z: [    0.641867] ACPI: PCI Interrupt Link [LNKF] (IRQs 5 *10 11)
[STDERR  ] 2018-04-16T22:48:24.175727915Z: [    0.650292] ACPI: PCI Interrupt Link [LNKG] (IRQs 5 10 *11)
[STDERR  ] 2018-04-16T22:48:24.175735876Z: [    0.656180] ACPI: PCI Interrupt Link [LNKH] (IRQs 5 10 *11)
[STDERR  ] 2018-04-16T22:48:24.175743482Z: [    0.661735] ACPI: PCI Interrupt Link [GSIA] (IRQs *16)
[STDERR  ] 2018-04-16T22:48:24.175751069Z: [    0.666816] ACPI: PCI Interrupt Link [GSIB] (IRQs *17)
[STDERR  ] 2018-04-16T22:48:24.175758932Z: [    0.670909] ACPI: PCI Interrupt Link [GSIC] (IRQs *18)
[STDERR  ] 2018-04-16T22:48:24.175766576Z: [    0.675937] ACPI: PCI Interrupt Link [GSID] (IRQs *19)
[STDERR  ] 2018-04-16T22:48:24.175774240Z: [    0.680909] ACPI: PCI Interrupt Link [GSIE] (IRQs *20)
[STDERR  ] 2018-04-16T22:48:24.175782792Z: [    0.685837] ACPI: PCI Interrupt Link [GSIF] (IRQs *21)
[STDERR  ] 2018-04-16T22:48:24.175790551Z: [    0.690905] ACPI: PCI Interrupt Link [GSIG] (IRQs *22)
[STDERR  ] 2018-04-16T22:48:24.175798031Z: [    0.695872] ACPI: PCI Interrupt Link [GSIH] (IRQs *23)
[STDERR  ] 2018-04-16T22:48:24.175805586Z: [    0.701241] ACPI: Enabled 1 GPEs in block 00 to 3F
[STDERR  ] 2018-04-16T22:48:24.175813513Z: [    0.706274] SCSI subsystem initialized
[STDERR  ] 2018-04-16T22:48:24.175821149Z: [    0.710075] ACPI: bus type USB registered
[STDERR  ] 2018-04-16T22:48:24.175828604Z: [    0.713710] usbcore: registered new interface driver usbfs
[STDERR  ] 2018-04-16T22:48:24.175836447Z: [    0.718669] usbcore: registered new interface driver hub
[STDERR  ] 2018-04-16T22:48:24.175844220Z: [    0.720028] usbcore: registered new device driver usb
[STDERR  ] 2018-04-16T22:48:24.175851876Z: [    0.724615] pps_core: LinuxPPS API ver. 1 registered
[STDERR  ] 2018-04-16T22:48:24.175859698Z: [    0.730006] pps_core: Software ver. 5.3.6 - Copyright 2005-2007 Rodolfo Giometti <giometti@linux.it>
[STDERR  ] 2018-04-16T22:48:24.175868325Z: [    0.740028] PTP clock support registered
[STDERR  ] 2018-04-16T22:48:24.175876162Z: [    0.743627] wmi: Mapper loaded
[STDERR  ] 2018-04-16T22:48:24.175884205Z: [    0.746460] PCI: Using ACPI for IRQ routing
[STDERR  ] 2018-04-16T22:48:24.175892680Z: [    1.075363] NetLabel: Initializing
[STDERR  ] 2018-04-16T22:48:24.175900565Z: [    1.078369] NetLabel:  domain hash size = 128
[STDERR  ] 2018-04-16T22:48:24.175911332Z: [    1.080005] NetLabel:  protocols = UNLABELED CIPSOv4
[STDERR  ] 2018-04-16T22:48:24.175920080Z: [    1.084319] NetLabel:  unlabeled traffic allowed by default
[STDERR  ] 2018-04-16T22:48:24.175933622Z: [    1.090161] HPET: 3 timers in total, 0 timers will be used for per-cpu timer
[STDERR  ] 2018-04-16T22:48:24.175942892Z: [    1.096245] hpet0: at MMIO 0xfed00000, IRQs 2, 8, 0
[STDERR  ] 2018-04-16T22:48:24.175951252Z: [    1.101232] hpet0: 3 comparators, 64-bit 100.000000 MHz counter
[STDERR  ] 2018-04-16T22:48:24.175959753Z: [    1.110038] amd_nb: Cannot enumerate AMD northbridges
[STDERR  ] 2018-04-16T22:48:24.175968040Z: [    1.114081] clocksource: Switched to clocksource kvm-clock
[STDERR  ] 2018-04-16T22:48:24.175976411Z: [    1.125767] FS-Cache: Loaded
[STDERR  ] 2018-04-16T22:48:24.175984786Z: [    1.128685] CacheFiles: Loaded
[STDERR  ] 2018-04-16T22:48:24.175992718Z: [    1.131750] pnp: PnP ACPI init
[STDERR  ] 2018-04-16T22:48:24.176000418Z: [    1.135583] pnp: PnP ACPI: found 5 devices
[STDERR  ] 2018-04-16T22:48:24.176008347Z: [    1.145541] clocksource: acpi_pm: mask: 0xffffff max_cycles: 0xffffff, max_idle_ns: 2085701024 ns
[STDERR  ] 2018-04-16T22:48:24.176016552Z: [    1.153416] NET: Registered protocol family 2
[STDERR  ] 2018-04-16T22:48:24.176024171Z: [    1.157418] TCP established hash table entries: 8192 (order: 4, 65536 bytes)
[STDERR  ] 2018-04-16T22:48:24.176031998Z: [    1.163631] TCP bind hash table entries: 8192 (order: 5, 131072 bytes)
[STDERR  ] 2018-04-16T22:48:24.176043006Z: [    1.169268] TCP: Hash tables configured (established 8192 bind 8192)
[STDERR  ] 2018-04-16T22:48:24.176050806Z: [    1.176349] UDP hash table entries: 512 (order: 2, 16384 bytes)
[STDERR  ] 2018-04-16T22:48:24.176059516Z: [    1.181528] UDP-Lite hash table entries: 512 (order: 2, 16384 bytes)
[STDERR  ] 2018-04-16T22:48:24.176067493Z: [    1.187065] NET: Registered protocol family 1
[STDERR  ] 2018-04-16T22:48:24.176075518Z: [    1.191474] Unpacking initramfs...
[STDERR  ] 2018-04-16T22:48:24.176083567Z: [    1.586119] Freeing initrd memory: 23320K
[STDERR  ] 2018-04-16T22:48:24.176091856Z: [    1.590851] PCLMULQDQ-NI instructions are not detected.
[STDERR  ] 2018-04-16T22:48:24.176099891Z: [    1.595453] AVX or AES-NI instructions are not detected.
[STDERR  ] 2018-04-16T22:48:24.176107616Z: [    1.600201] CPU feature 'AVX registers' is not supported.
[STDERR  ] 2018-04-16T22:48:24.176115413Z: [    1.604882] CPU feature 'AVX registers' is not supported.
[STDERR  ] 2018-04-16T22:48:24.176124311Z: [    1.609632] CPU feature 'AVX registers' is not supported.
[STDERR  ] 2018-04-16T22:48:24.176132504Z: [    1.614544] CPU feature 'AVX registers' is not supported.
[STDERR  ] 2018-04-16T22:48:24.176140380Z: [    1.619322] AVX2 or AES-NI instructions are not detected.
[STDERR  ] 2018-04-16T22:48:24.176148318Z: [    1.624258] AVX2 instructions are not detected.
[STDERR  ] 2018-04-16T22:48:24.176158951Z: [    1.628447] audit: initializing netlink subsys (disabled)
[STDERR  ] 2018-04-16T22:48:24.176167152Z: [    1.633330] audit: type=2000 audit(1523918897.304:1): initialized
[STDERR  ] 2018-04-16T22:48:24.176175676Z: [    1.638918] HugeTLB registered 2 MB page size, pre-allocated 0 pages
[STDERR  ] 2018-04-16T22:48:24.176183822Z: [    1.644691] VFS: Disk quotas dquot_6.6.0
[STDERR  ] 2018-04-16T22:48:24.176191733Z: [    1.648198] VFS: Dquot-cache hash table entries: 512 (order 0, 4096 bytes)
[STDERR  ] 2018-04-16T22:48:24.176199598Z: [    1.654265] squashfs: version 4.0 (2009/01/31) Phillip Lougher
[STDERR  ] 2018-04-16T22:48:24.176207998Z: [    1.659389] FS-Cache: Netfs 'cifs' registered for caching
[STDERR  ] 2018-04-16T22:48:24.176215689Z: [    1.664153] fuse init (API version 7.23)
[STDERR  ] 2018-04-16T22:48:24.176223225Z: [    1.667665] SGI XFS with ACLs, security attributes, no debug enabled
[STDERR  ] 2018-04-16T22:48:24.176230856Z: [    1.673370] 9p: Installing v9fs 9p2000 file system support
[STDERR  ] 2018-04-16T22:48:24.176241764Z: [    1.678099] FS-Cache: Netfs '9p' registered for caching
[STDERR  ] 2018-04-16T22:48:24.176259502Z: [    1.682861] Key type big_key registered
[STDERR  ] 2018-04-16T22:48:24.176267553Z: [    1.688418] NET: Registered protocol family 38
[STDERR  ] 2018-04-16T22:48:24.176278475Z: [    1.692473] Key type asymmetric registered
[STDERR  ] 2018-04-16T22:48:24.176286335Z: [    1.696059] Asymmetric key parser 'x509' registered
[STDERR  ] 2018-04-16T22:48:24.176295106Z: [    1.700438] Block layer SCSI generic (bsg) driver version 0.4 loaded (major 251)
[STDERR  ] 2018-04-16T22:48:24.176302965Z: [    1.706845] io scheduler noop registered
[STDERR  ] 2018-04-16T22:48:24.176310765Z: [    1.710525] io scheduler deadline registered (default)
[STDERR  ] 2018-04-16T22:48:24.176318947Z: [    1.715032] io scheduler cfq registered
[STDERR  ] 2018-04-16T22:48:24.176326778Z: [    1.718472] pci_hotplug: PCI Hot Plug PCI Core version: 0.5
[STDERR  ] 2018-04-16T22:48:24.176334371Z: [    1.723412] pciehp: PCI Express Hot Plug Controller Driver version: 0.4
[STDERR  ] 2018-04-16T22:48:24.176342105Z: [    1.729156] shpchp: Standard Hot Plug PCI Controller Driver version: 0.4
[STDERR  ] 2018-04-16T22:48:24.176349740Z: [    1.735038] hv_vmbus: registering driver hyperv_fb
[STDERR  ] 2018-04-16T22:48:24.176357362Z: [    1.739342] input: Power Button as /devices/LNXSYSTM:00/LNXPWRBN:00/input/input0
[STDERR  ] 2018-04-16T22:48:24.176365178Z: [    1.745821] ACPI: Power Button [PWRF]
[STDERR  ] 2018-04-16T22:48:24.176372892Z: [    1.749397] GHES: HEST is not enabled!
[STDERR  ] 2018-04-16T22:48:24.176380805Z: [    1.753187] ACPI: PCI Interrupt Link [GSIG] enabled at IRQ 22
[STDERR  ] 2018-04-16T22:48:24.176388344Z: [    1.763434] ACPI: PCI Interrupt Link [GSIH] enabled at IRQ 23
[STDERR  ] 2018-04-16T22:48:24.176396087Z: [    1.774444] xenfs: not registering filesystem on non-xen platform
[STDERR  ] 2018-04-16T22:48:24.176403656Z: [    1.779908] Serial: 8250/16550 driver, 4 ports, IRQ sharing disabled
[STDERR  ] 2018-04-16T22:48:24.176417578Z: [    1.817743] 00:04: ttyS0 at I/O 0x3f8 (irq = 4, base_baud = 115200) is a 16550A
[STDERR  ] 2018-04-16T22:48:24.176425449Z: [    1.825265] Non-volatile memory driver v1.3
[STDERR  ] 2018-04-16T22:48:24.176433609Z: [    1.830415] Hangcheck: starting hangcheck timer 0.9.1 (tick is 180 seconds, margin is 60 seconds).
[STDERR  ] 2018-04-16T22:48:24.176441565Z: [    1.838725] random: nonblocking pool is initialized
[STDERR  ] 2018-04-16T22:48:24.176449318Z: [    1.844763] loop: module loaded
[STDERR  ] 2018-04-16T22:48:24.176457178Z: [    1.848878] nbd: registered device at major 43
[STDERR  ] 2018-04-16T22:48:24.176464831Z: [    1.854293] lpc_ich 0000:00:1f.0: I/O space for GPIO uninitialized
[STDERR  ] 2018-04-16T22:48:24.176472524Z: [    1.859858] VMware PVSCSI driver - version 1.0.5.0-k
[STDERR  ] 2018-04-16T22:48:24.176480631Z: [    1.864349] hv_vmbus: registering driver hv_storvsc
[STDERR  ] 2018-04-16T22:48:24.176488312Z: [    1.869105] ACPI: PCI Interrupt Link [GSIA] enabled at IRQ 16
[STDERR  ] 2018-04-16T22:48:24.176498132Z: [    1.876932] ahci 0000:00:1f.2: AHCI 0001.0000 32 slots 6 ports 1.5 Gbps 0x3f impl SATA mode
[STDERR  ] 2018-04-16T22:48:24.176506575Z: [    1.884296] ahci 0000:00:1f.2: flags: 64bit ncq only 
[STDERR  ] 2018-04-16T22:48:24.176514976Z: [    1.891729] scsi host0: ahci
[STDERR  ] 2018-04-16T22:48:24.176523273Z: [    1.894508] scsi host1: ahci
[STDERR  ] 2018-04-16T22:48:24.176531346Z: [    1.897210] scsi host2: ahci
[STDERR  ] 2018-04-16T22:48:24.176538827Z: [    1.899886] scsi host3: ahci
[STDERR  ] 2018-04-16T22:48:24.176546435Z: [    1.902680] scsi host4: ahci
[STDERR  ] 2018-04-16T22:48:24.176557020Z: [    1.905415] scsi host5: ahci
[STDERR  ] 2018-04-16T22:48:24.176564615Z: [    1.908116] ata1: SATA max UDMA/133 abar m4096@0xfebd2000 port 0xfebd2100 irq 24
[STDERR  ] 2018-04-16T22:48:24.176572475Z: [    1.914755] ata2: SATA max UDMA/133 abar m4096@0xfebd2000 port 0xfebd2180 irq 24
[STDERR  ] 2018-04-16T22:48:24.176580152Z: [    1.921676] ata3: SATA max UDMA/133 abar m4096@0xfebd2000 port 0xfebd2200 irq 24
[STDERR  ] 2018-04-16T22:48:24.176591253Z: [    1.928448] ata4: SATA max UDMA/133 abar m4096@0xfebd2000 port 0xfebd2280 irq 24
[STDERR  ] 2018-04-16T22:48:24.176598986Z: [    1.935298] ata5: SATA max UDMA/133 abar m4096@0xfebd2000 port 0xfebd2300 irq 24
[STDERR  ] 2018-04-16T22:48:24.176609462Z: [    1.942197] ata6: SATA max UDMA/133 abar m4096@0xfebd2000 port 0xfebd2380 irq 24
[STDERR  ] 2018-04-16T22:48:24.176617378Z: [    1.950542] tun: Universal TUN/TAP device driver, 1.6
[STDERR  ] 2018-04-16T22:48:24.176625865Z: [    1.955018] tun: (C) 1999-2004 Max Krasnyansky <maxk@qualcomm.com>
[STDERR  ] 2018-04-16T22:48:24.176633613Z: [    1.964231] VMware vmxnet3 virtual NIC driver - version 1.4.5.0-k-NAPI
[STDERR  ] 2018-04-16T22:48:24.176642060Z: [    1.969242] hv_vmbus: registering driver hv_netvsc
[STDERR  ] 2018-04-16T22:48:24.176649851Z: [    1.973023] Fusion MPT base driver 3.04.20
[STDERR  ] 2018-04-16T22:48:24.176657724Z: [    1.976237] Copyright (c) 1999-2008 LSI Corporation
[STDERR  ] 2018-04-16T22:48:24.176665444Z: [    1.980600] Fusion MPT SPI Host driver 3.04.20
[STDERR  ] 2018-04-16T22:48:24.176675906Z: [    1.984539] i8042: PNP: PS/2 Controller [PNP0303:KBD,PNP0f13:MOU] at 0x60,0x64 irq 1,12
[STDERR  ] 2018-04-16T22:48:24.176687062Z: [    1.994669] serio: i8042 KBD port at 0x60,0x64 irq 1
[STDERR  ] 2018-04-16T22:48:24.176694926Z: [    1.999232] serio: i8042 AUX port at 0x60,0x64 irq 12
[STDERR  ] 2018-04-16T22:48:24.176703438Z: [    2.004020] hv_vmbus: registering driver hyperv_keyboard
[STDERR  ] 2018-04-16T22:48:24.176711404Z: [    2.009007] mousedev: PS/2 mouse device common for all mice
[STDERR  ] 2018-04-16T22:48:24.176719084Z: [    2.015098] input: AT Translated Set 2 keyboard as /devices/platform/i8042/serio0/input/input1
[STDERR  ] 2018-04-16T22:48:24.176726969Z: [    2.022628] input: PC Speaker as /devices/platform/pcspkr/input/input2
[STDERR  ] 2018-04-16T22:48:24.176737422Z: [    2.029078] rtc_cmos 00:00: RTC can wake from S4
[STDERR  ] 2018-04-16T22:48:24.176745118Z: [    2.034544] rtc_cmos 00:00: rtc core: registered rtc_cmos as rtc0
[STDERR  ] 2018-04-16T22:48:24.176752795Z: [    2.040382] rtc_cmos 00:00: alarms up to one day, y3k, 114 bytes nvram, hpet irqs
[STDERR  ] 2018-04-16T22:48:24.176760733Z: [    2.046966] i2c /dev entries driver
[STDERR  ] 2018-04-16T22:48:24.176768264Z: [    2.050206] device-mapper: ioctl: 4.34.0-ioctl (2015-10-28) initialised: dm-devel@redhat.com
[STDERR  ] 2018-04-16T22:48:24.176776009Z: [    2.058280] usbcore: registered new interface driver usbhid
[STDERR  ] 2018-04-16T22:48:24.176784035Z: [    2.063356] usbhid: USB HID core driver
[STDERR  ] 2018-04-16T22:48:24.176791652Z: [    2.066922] hv_utils: Registering HyperV Utility Driver
[STDERR  ] 2018-04-16T22:48:24.176802478Z: [    2.071699] hv_vmbus: registering driver hv_util
[STDERR  ] 2018-04-16T22:48:24.176810205Z: [    2.075822] hv_vmbus: registering driver hv_balloon
[STDERR  ] 2018-04-16T22:48:24.176817805Z: [    2.080361] oprofile: using NMI interrupt.
[STDERR  ] 2018-04-16T22:48:24.176825626Z: [    2.084097] GACT probability on
[STDERR  ] 2018-04-16T22:48:24.176833445Z: [    2.086942] Mirror/redirect action on
[STDERR  ] 2018-04-16T22:48:24.176841098Z: [    2.090413] Simple TC action Loaded
[STDERR  ] 2018-04-16T22:48:24.176848687Z: [    2.093488] u32 classifier
[STDERR  ] 2018-04-16T22:48:24.176860311Z: [    2.095937]     Performance counters on
[STDERR  ] 2018-04-16T22:48:24.176868046Z: [    2.099254]     input device check on
[STDERR  ] 2018-04-16T22:48:24.176875640Z: [    2.102545]     Actions configured
[STDERR  ] 2018-04-16T22:48:24.176883311Z: [    2.105568] Netfilter messages via NETLINK v0.30.
[STDERR  ] 2018-04-16T22:48:24.176890998Z: [    2.109677] nfnl_acct: registering with nfnetlink.
[STDERR  ] 2018-04-16T22:48:24.176898678Z: [    2.113990] nf_conntrack version 0.5.0 (7922 buckets, 31688 max)
[STDERR  ] 2018-04-16T22:48:24.176906400Z: [    2.119310] ctnetlink v0.93: registering with nfnetlink.
[STDERR  ] 2018-04-16T22:48:24.176914040Z: [    2.124214] nf_tables: (c) 2007-2009 Patrick McHardy <kaber@trash.net>
[STDERR  ] 2018-04-16T22:48:24.176926029Z: [    2.129875] nf_tables_compat: (c) 2012 Pablo Neira Ayuso <pablo@netfilter.org>
[STDERR  ] 2018-04-16T22:48:24.176933984Z: [    2.136510] xt_time: kernel timezone is -0000
[STDERR  ] 2018-04-16T22:48:24.177336017Z: [    2.140390] ip_set: protocol 6
[STDERR  ] 2018-04-16T22:48:24.177359947Z: [    2.143091] IPVS: Registered protocols (TCP, UDP, SCTP, AH, ESP)
[STDERR  ] 2018-04-16T22:48:24.177374608Z: [    2.148331] IPVS: Connection hash table configured (size=4096, memory=64Kbytes)
[STDERR  ] 2018-04-16T22:48:24.177388677Z: [    2.154746] IPVS: Creating netns size=2096 id=0
[STDERR  ] 2018-04-16T22:48:24.177405845Z: [    2.159378] IPVS: ipvs loaded.
[STDERR  ] 2018-04-16T22:48:24.177424956Z: [    2.162139] IPVS: [rr] scheduler registered.
[STDERR  ] 2018-04-16T22:48:24.177438892Z: [    2.165887] IPVS: [wrr] scheduler registered.
[STDERR  ] 2018-04-16T22:48:24.177453481Z: [    2.169734] IPVS: [lc] scheduler registered.
[STDERR  ] 2018-04-16T22:48:24.177472170Z: [    2.173814] IPVS: [wlc] scheduler registered.
[STDERR  ] 2018-04-16T22:48:24.177489817Z: [    2.177603] IPVS: [fo] scheduler registered.
[STDERR  ] 2018-04-16T22:48:24.177503899Z: [    2.181462] IPVS: [ovf] scheduler registered.
[STDERR  ] 2018-04-16T22:48:24.177519943Z: [    2.185280] IPVS: [lblc] scheduler registered.
[STDERR  ] 2018-04-16T22:48:24.177534299Z: [    2.189198] IPVS: [lblcr] scheduler registered.
[STDERR  ] 2018-04-16T22:48:24.177552327Z: [    2.193395] IPVS: [dh] scheduler registered.
[STDERR  ] 2018-04-16T22:48:24.177569626Z: [    2.197085] IPVS: [sh] scheduler registered.
[STDERR  ] 2018-04-16T22:48:24.177586619Z: [    2.201003] IPVS: [sed] scheduler registered.
[STDERR  ] 2018-04-16T22:48:24.177603570Z: [    2.204790] IPVS: [nq] scheduler registered.
[STDERR  ] 2018-04-16T22:48:24.177622228Z: [    2.208504] IPVS: ftp: loaded support on port[0] = 21
[STDERR  ] 2018-04-16T22:48:24.177638199Z: [    2.213211] ipip: IPv4 over IPv4 tunneling driver
[STDERR  ] 2018-04-16T22:48:24.177654997Z: [    2.217471] gre: GRE over IPv4 demultiplexor driver
[STDERR  ] 2018-04-16T22:48:24.177676230Z: [    2.222200] ip_tables: (C) 2000-2006 Netfilter Core Team
[STDERR  ] 2018-04-16T22:48:24.177694032Z: [    2.226957] ipt_CLUSTERIP: ClusterIP Version 0.8 loaded successfully
[STDERR  ] 2018-04-16T22:48:24.177708870Z: [    2.232738] arp_tables: (C) 2002 David S. Miller
[STDERR  ] 2018-04-16T22:48:24.177725403Z: [    2.236943] NET: Registered protocol family 10
[STDERR  ] 2018-04-16T22:48:24.177741096Z: [    2.241241] ip6_tables: (C) 2000-2006 Netfilter Core Team
[STDERR  ] 2018-04-16T22:48:24.177754688Z: [    2.246530] NET: Registered protocol family 17
[STDERR  ] 2018-04-16T22:48:24.177767993Z: [    2.250734] bridge: automatic filtering via arp/ip/ip6tables has been deprecated. Update your scripts to load br_netfilter if you need this.
[STDERR  ] 2018-04-16T22:48:24.177785246Z: [    2.261922] Bridge firewalling registered
[STDERR  ] 2018-04-16T22:48:24.177797873Z: [    2.265431] Ebtables v2.0 registered
[STDERR  ] 2018-04-16T22:48:24.177824152Z: [    2.269003] 8021q: 802.1Q VLAN Support v1.8
[STDERR  ] 2018-04-16T22:48:24.177842176Z: [    2.272931] 9pnet: Installing 9P2000 support
[STDERR  ] 2018-04-16T22:48:24.177856268Z: [    2.276721] Key type dns_resolver registered
[STDERR  ] 2018-04-16T22:48:24.177873293Z: [    2.280829] registered taskstats version 1
[STDERR  ] 2018-04-16T22:48:24.177890217Z: [    2.289303] Key type encrypted registered
[STDERR  ] 2018-04-16T22:48:24.177904052Z: [    2.293406] ata1: SATA link down (SStatus 0 SControl 300)
[STDERR  ] 2018-04-16T22:48:24.177918857Z: [    2.298763] ata2: SATA link down (SStatus 0 SControl 300)
[STDERR  ] 2018-04-16T22:48:24.177935965Z: [    2.304168] ata3: SATA link up 1.5 Gbps (SStatus 113 SControl 300)
[STDERR  ] 2018-04-16T22:48:24.177954139Z: [    2.309920] ata3.00: ATAPI: QEMU DVD-ROM, 2.5+, max UDMA/100
[STDERR  ] 2018-04-16T22:48:24.177975788Z: [    2.314861] ata3.00: applying bridge limits
[STDERR  ] 2018-04-16T22:48:24.177993374Z: [    2.319213] ata4: SATA link down (SStatus 0 SControl 300)
[STDERR  ] 2018-04-16T22:48:24.178020134Z: [    2.324541] ata5: SATA link down (SStatus 0 SControl 300)
[STDERR  ] 2018-04-16T22:48:24.178037779Z: [    2.329903] ata6: SATA link down (SStatus 0 SControl 300)
[STDERR  ] 2018-04-16T22:48:24.178059863Z: [    2.336372] rtc_cmos 00:00: setting system clock to 2018-04-16 22:48:18 UTC (1523918898)
[STDERR  ] 2018-04-16T22:48:24.178076919Z: [    2.345052] ata3.00: configured for UDMA/100
[STDERR  ] 2018-04-16T22:48:24.178091197Z: [    2.349657] scsi 2:0:0:0: CD-ROM            QEMU     QEMU DVD-ROM     2.5+ PQ: 0 ANSI: 5
[STDERR  ] 2018-04-16T22:48:24.178108381Z: [    2.360741] sr 2:0:0:0: [sr0] scsi3-mmc drive: 4x/4x cd/rw xa/form2 tray
[STDERR  ] 2018-04-16T22:48:24.178123817Z: [    2.366562] cdrom: Uniform CD-ROM driver Revision: 3.20
[STDERR  ] 2018-04-16T22:48:24.178140921Z: [    2.371642] sr 2:0:0:0: Attached scsi generic sg0 type 5
[STDERR  ] 2018-04-16T22:48:24.178157459Z: [    2.378064] Freeing unused kernel memory: 1320K
[STDERR  ] 2018-04-16T22:48:24.178171997Z: [    2.382287] Write protecting the kernel read-only data: 12288k
[STDERR  ] 2018-04-16T22:48:24.178189237Z: [    2.387909] Freeing unused kernel memory: 540K
[STDERR  ] 2018-04-16T22:48:24.178206388Z: [    2.395957] Freeing unused kernel memory: 1392K
[STDERR  ] 2018-04-16T22:48:24.178231433Z: 
[STDERR  ] 2018-04-16T22:48:24.178249374Z: Welcome to LinuxKit
[STDERR  ] 2018-04-16T22:48:24.178274666Z: 
[STDERR  ] 2018-04-16T22:48:24.178291994Z:                         ##         .
[STDERR  ] 2018-04-16T22:48:24.178309648Z:                   ## ## ##        ==
[STDERR  ] 2018-04-16T22:48:24.178324028Z:                ## ## ## ## ##    ===
[STDERR  ] 2018-04-16T22:48:24.178340894Z:            /"""""""""""""""""\___/ ===
[STDERR  ] 2018-04-16T22:48:24.178354846Z:           {                       /  ===-
[STDERR  ] 2018-04-16T22:48:24.178371273Z:            \______ O           __/
[STDERR  ] 2018-04-16T22:48:24.178386093Z:              \    \         __/
[STDERR  ] 2018-04-16T22:48:24.178403396Z:               \____\_______/
[STDERR  ] 2018-04-16T22:48:24.178418279Z: 
[STDERR  ] 2018-04-16T22:48:24.178441930Z: [    3.006291] RPC: Registered named UNIX socket transport module.
[STDERR  ] 2018-04-16T22:48:24.178456666Z: [    3.011719] RPC: Registered udp transport module.
[STDERR  ] 2018-04-16T22:48:24.178473259Z: [    3.015839] RPC: Registered tcp transport module.
[STDERR  ] 2018-04-16T22:48:24.178490403Z: [    3.019950] RPC: Registered tcp NFSv4.1 backchannel transport module.
[STDERR  ] 2018-04-16T22:48:24.178504599Z: [    3.038610] FS-Cache: Netfs 'nfs' registered for caching
[STDERR  ] 2018-04-16T22:48:24.178519673Z: [    3.058913] Installing knfsd (copyright (C) 1996 okir@monad.swb.de).
[STDERR  ] 2018-04-16T22:48:24.178537259Z: [    3.068417] ntfs: driver 2.1.32 [Flags: R/O MODULE].
[STDERR  ] 2018-04-16T22:48:24.178554517Z: [    3.580251] tsc: Refined TSC clocksource calibration: 2299.998 MHz
[STDERR  ] 2018-04-16T22:48:24.178572727Z: [    3.585685] clocksource: tsc: mask: 0xffffffffffffffff max_cycles: 0x212733415c7, max_idle_ns: 440795236380 ns
[STDERR  ] 2018-04-16T22:48:24.178589981Z: starting kernel config sanity test with /proc/config.gz
[STDERR  ] 2018-04-16T22:48:24.178604508Z: kernel config test succeeded!
[STDERR  ] 2018-04-16T22:48:24.178619019Z: [37minfo: reading kernel config from /proc/config.gz ...[m
[STDERR  ] 2018-04-16T22:48:24.178635783Z: 
[STDERR  ] 2018-04-16T22:48:24.178652681Z: Generally Necessary:
[STDERR  ] 2018-04-16T22:48:24.178669967Z: - [37mcgroup hierarchy[m: [32mproperly mounted[m [/sys/fs/cgroup]
[STDERR  ] 2018-04-16T22:48:24.178692448Z: - [37mCONFIG_NAMESPACES[m: [32menabled[m
[STDERR  ] 2018-04-16T22:48:24.178709699Z: - [37mCONFIG_NET_NS[m: [32menabled[m
[STDERR  ] 2018-04-16T22:48:24.178726699Z: - [37mCONFIG_PID_NS[m: [32menabled[m
[STDERR  ] 2018-04-16T22:48:24.178743993Z: - [37mCONFIG_IPC_NS[m: [32menabled[m
[STDERR  ] 2018-04-16T22:48:24.178757859Z: - [37mCONFIG_UTS_NS[m: [32menabled[m
[STDERR  ] 2018-04-16T22:48:24.178779413Z: - [37mCONFIG_CGROUPS[m: [32menabled[m
[STDERR  ] 2018-04-16T22:48:24.178793499Z: - [37mCONFIG_CGROUP_CPUACCT[m: [32menabled[m
[STDERR  ] 2018-04-16T22:48:24.178811433Z: - [37mCONFIG_CGROUP_DEVICE[m: [32menabled[m
[STDERR  ] 2018-04-16T22:48:24.178834107Z: - [37mCONFIG_CGROUP_FREEZER[m: [32menabled[m
[STDERR  ] 2018-04-16T22:48:24.178852659Z: - [37mCONFIG_CGROUP_SCHED[m: [32menabled[m
[STDERR  ] 2018-04-16T22:48:24.178875985Z: - [37mCONFIG_CPUSETS[m: [32menabled[m
[STDERR  ] 2018-04-16T22:48:24.178891593Z: - [37mCONFIG_MEMCG[m: [32menabled[m
[STDERR  ] 2018-04-16T22:48:24.178906347Z: - [37mCONFIG_KEYS[m: [32menabled[m
[STDERR  ] 2018-04-16T22:48:24.178922776Z: - [37mCONFIG_VETH[m: [32menabled[m
[STDERR  ] 2018-04-16T22:48:24.178936568Z: - [37mCONFIG_BRIDGE[m: [32menabled[m
[STDERR  ] 2018-04-16T22:48:24.178950525Z: - [37mCONFIG_BRIDGE_NETFILTER[m: [32menabled[m
[STDERR  ] 2018-04-16T22:48:24.178967441Z: - [37mCONFIG_NF_NAT_IPV4[m: [32menabled[m
[STDERR  ] 2018-04-16T22:48:24.178989468Z: - [37mCONFIG_IP_NF_FILTER[m: [32menabled[m
[STDERR  ] 2018-04-16T22:48:24.179007690Z: - [37mCONFIG_IP_NF_TARGET_MASQUERADE[m: [32menabled[m
[STDERR  ] 2018-04-16T22:48:24.179030165Z: - [37mCONFIG_NETFILTER_XT_MATCH_ADDRTYPE[m: [32menabled[m
[STDERR  ] 2018-04-16T22:48:24.179047787Z: - [37mCONFIG_NETFILTER_XT_MATCH_CONNTRACK[m: [32menabled[m
[STDERR  ] 2018-04-16T22:48:24.179064813Z: - [37mCONFIG_NETFILTER_XT_MATCH_IPVS[m: [32menabled[m
[STDERR  ] 2018-04-16T22:48:24.179088345Z: - [37mCONFIG_IP_NF_NAT[m: [32menabled[m
[STDERR  ] 2018-04-16T22:48:24.179102687Z: - [37mCONFIG_NF_NAT[m: [32menabled[m
[STDERR  ] 2018-04-16T22:48:24.179126307Z: - [37mCONFIG_NF_NAT_NEEDED[m: [32menabled[m
[STDERR  ] 2018-04-16T22:48:24.179144118Z: - [37mCONFIG_POSIX_MQUEUE[m: [32menabled[m
[STDERR  ] 2018-04-16T22:48:24.179161140Z: - [37mCONFIG_DEVPTS_MULTIPLE_INSTANCES[m: [32menabled[m
[STDERR  ] 2018-04-16T22:48:24.179175067Z: 
[STDERR  ] 2018-04-16T22:48:24.179191538Z: Optional Features:
[STDERR  ] 2018-04-16T22:48:24.179206211Z: - [37mCONFIG_USER_NS[m: [32menabled[m
[STDERR  ] 2018-04-16T22:48:24.179223131Z: - [37mCONFIG_SECCOMP[m: [32menabled[m
[STDERR  ] 2018-04-16T22:48:24.179240400Z: - [37mCONFIG_CGROUP_PIDS[m: [32menabled[m
[STDERR  ] 2018-04-16T22:48:24.179270300Z: - [37mCONFIG_MEMCG_SWAP[m: [32menabled[m
[STDERR  ] 2018-04-16T22:48:24.179283858Z: - [37mCONFIG_MEMCG_SWAP_ENABLED[m: [32menabled[m
[STDERR  ] 2018-04-16T22:48:24.179297442Z:     [1;30m(cgroup swap accounting is currently enabled)[m
[STDERR  ] 2018-04-16T22:48:24.179310957Z: - [1mCONFIG_LEGACY_VSYSCALL_NONE[m: [1;31menabled[m
[STDERR  ] 2018-04-16T22:48:24.179326360Z:     [1;30m(containers using eglibc <= 2.13 will not work. Switch to[m
[STDERR  ] 2018-04-16T22:48:24.179344020Z:     [1;30m "CONFIG_VSYSCALL_[NATIVE|EMULATE]" or use "vsyscall=[native|emulate]"[m
[STDERR  ] 2018-04-16T22:48:24.179361153Z:     [1;30m on kernel command line. Note that this will disable ASLR for the,[m
[STDERR  ] 2018-04-16T22:48:24.179378158Z:     [1;30m VDSO which may assist in exploiting security vulnerabilities.)[m
[STDERR  ] 2018-04-16T22:48:24.179392533Z: - [37mCONFIG_MEMCG_KMEM[m: [32menabled[m
[STDERR  ] 2018-04-16T22:48:24.179409811Z: - [37mCONFIG_BLK_CGROUP[m: [32menabled[m
[STDERR  ] 2018-04-16T22:48:24.179426795Z: - [37mCONFIG_BLK_DEV_THROTTLING[m: [32menabled[m
[STDERR  ] 2018-04-16T22:48:24.179443768Z: - [37mCONFIG_IOSCHED_CFQ[m: [32menabled[m
[STDERR  ] 2018-04-16T22:48:24.179460849Z: - [37mCONFIG_CFQ_GROUP_IOSCHED[m: [32menabled[m
[STDERR  ] 2018-04-16T22:48:24.179475400Z: - [37mCONFIG_CGROUP_PERF[m: [32menabled[m
[STDERR  ] 2018-04-16T22:48:24.179492404Z: - [37mCONFIG_CGROUP_HUGETLB[m: [32menabled[m
[STDERR  ] 2018-04-16T22:48:24.179509658Z: - [37mCONFIG_NET_CLS_CGROUP[m: [32menabled[m
[STDERR  ] 2018-04-16T22:48:24.179526738Z: - [37mCONFIG_CGROUP_NET_PRIO[m: [32menabled[m
[STDERR  ] 2018-04-16T22:48:24.179540774Z: - [37mCONFIG_CFS_BANDWIDTH[m: [32menabled[m
[STDERR  ] 2018-04-16T22:48:24.179565397Z: - [37mCONFIG_FAIR_GROUP_SCHED[m: [32menabled[m
[STDERR  ] 2018-04-16T22:48:24.179582529Z: - [37mCONFIG_RT_GROUP_SCHED[m: [32menabled[m
[STDERR  ] 2018-04-16T22:48:24.179611895Z: - [37mCONFIG_IP_VS[m: [32menabled[m
[STDERR  ] 2018-04-16T22:48:24.179630200Z: - [37mCONFIG_IP_VS_NFCT[m: [32menabled[m
[STDERR  ] 2018-04-16T22:48:24.179644104Z: - [37mCONFIG_IP_VS_RR[m: [32menabled[m
[STDERR  ] 2018-04-16T22:48:24.179660727Z: - [37mCONFIG_EXT4_FS[m: [32menabled[m
[STDERR  ] 2018-04-16T22:48:24.179675015Z: - [37mCONFIG_EXT4_FS_POSIX_ACL[m: [32menabled[m
[STDERR  ] 2018-04-16T22:48:24.179691558Z: - [37mCONFIG_EXT4_FS_SECURITY[m: [32menabled[m
[STDERR  ] 2018-04-16T22:48:24.179708373Z: - Network Drivers:
[STDERR  ] 2018-04-16T22:48:24.179733507Z:   - "[34moverlay[m":
[STDERR  ] 2018-04-16T22:48:24.179751137Z:     - [37mCONFIG_VXLAN[m: [32menabled[m
[STDERR  ] 2018-04-16T22:48:24.179764842Z:       Optional (for encrypted networks):
[STDERR  ] 2018-04-16T22:48:24.179781667Z:       - [37mCONFIG_CRYPTO[m: [32menabled[m
[STDERR  ] 2018-04-16T22:48:24.179796055Z:       - [37mCONFIG_CRYPTO_AEAD[m: [32menabled[m
[STDERR  ] 2018-04-16T22:48:24.179812913Z:       - [37mCONFIG_CRYPTO_GCM[m: [32menabled[m
[STDERR  ] 2018-04-16T22:48:24.179830311Z:       - [37mCONFIG_CRYPTO_SEQIV[m: [32menabled[m
[STDERR  ] 2018-04-16T22:48:24.179847238Z:       - [37mCONFIG_CRYPTO_GHASH[m: [32menabled[m
[STDERR  ] 2018-04-16T22:48:24.179861508Z:       - [37mCONFIG_XFRM[m: [32menabled[m
[STDERR  ] 2018-04-16T22:48:24.179883651Z:       - [37mCONFIG_XFRM_USER[m: [32menabled (as module)[m
[STDERR  ] 2018-04-16T22:48:24.179901075Z:       - [37mCONFIG_XFRM_ALGO[m: [32menabled (as module)[m
[STDERR  ] 2018-04-16T22:48:24.179918091Z:       - [37mCONFIG_INET_ESP[m: [32menabled (as module)[m
[STDERR  ] 2018-04-16T22:48:24.179932398Z:       - [37mCONFIG_INET_XFRM_MODE_TRANSPORT[m: [32menabled (as module)[m
[STDERR  ] 2018-04-16T22:48:24.179949569Z:   - "[34mipvlan[m":
[STDERR  ] 2018-04-16T22:48:24.179964424Z:     - [37mCONFIG_IPVLAN[m: [32menabled[m
[STDERR  ] 2018-04-16T22:48:24.179978853Z:   - "[34mmacvlan[m":
[STDERR  ] 2018-04-16T22:48:24.179997424Z:     - [37mCONFIG_MACVLAN[m: [32menabled[m
[STDERR  ] 2018-04-16T22:48:24.180014633Z:     - [37mCONFIG_DUMMY[m: [32menabled (as module)[m
[STDERR  ] 2018-04-16T22:48:24.180031684Z:   - "[34mftp,tftp client in container[m":
[STDERR  ] 2018-04-16T22:48:24.180048275Z:     - [37mCONFIG_NF_NAT_FTP[m: [32menabled[m
[STDERR  ] 2018-04-16T22:48:24.180062377Z:     - [37mCONFIG_NF_CONNTRACK_FTP[m: [32menabled[m
[STDERR  ] 2018-04-16T22:48:24.180079800Z:     - [37mCONFIG_NF_NAT_TFTP[m: [32menabled[m
[STDERR  ] 2018-04-16T22:48:24.180097013Z:     - [37mCONFIG_NF_CONNTRACK_TFTP[m: [32menabled[m
[STDERR  ] 2018-04-16T22:48:24.180120540Z: - Storage Drivers:
[STDERR  ] 2018-04-16T22:48:24.180136380Z:   - "[34maufs[m":
[STDERR  ] 2018-04-16T22:48:24.180153980Z:     - [1mCONFIG_AUFS_FS[m: [1;31mmissing[m
[STDERR  ] 2018-04-16T22:48:24.180171158Z:   - "[34mbtrfs[m":
[STDERR  ] 2018-04-16T22:48:24.180189171Z:     - [37mCONFIG_BTRFS_FS[m: [32menabled (as module)[m
[STDERR  ] 2018-04-16T22:48:24.180205913Z:     - [37mCONFIG_BTRFS_FS_POSIX_ACL[m: [32menabled[m
[STDERR  ] 2018-04-16T22:48:24.180219826Z:   - "[34mdevicemapper[m":
[STDERR  ] 2018-04-16T22:48:24.180237214Z:     - [37mCONFIG_BLK_DEV_DM[m: [32menabled[m
[STDERR  ] 2018-04-16T22:48:24.180261140Z:     - [37mCONFIG_DM_THIN_PROVISIONING[m: [32menabled[m
[STDERR  ] 2018-04-16T22:48:24.180278880Z:   - "[34moverlay[m":
[STDERR  ] 2018-04-16T22:48:24.180293886Z:     - [37mCONFIG_OVERLAY_FS[m: [32menabled[m
[STDERR  ] 2018-04-16T22:48:24.180310953Z:   - "[34mzfs[m":
[STDERR  ] 2018-04-16T22:48:24.180328220Z:     - [1m/dev/zfs[m: [1;31mmissing[m
[STDERR  ] 2018-04-16T22:48:24.180349455Z:     - [1mzfs command[m: [1;31mmissing[m
[STDERR  ] 2018-04-16T22:48:24.180372213Z:     - [1mzpool command[m: [1;31mmissing[m
[STDERR  ] 2018-04-16T22:48:24.180385858Z: 
[STDERR  ] 2018-04-16T22:48:24.180399742Z: Limits:
[STDERR  ] 2018-04-16T22:48:24.180417607Z: [37m- /proc/sys/kernel/keys/root_maxkeys[m: [32m1000000[m
[STDERR  ] 2018-04-16T22:48:24.180439598Z: 
[STDERR  ] 2018-04-16T22:48:24.180457375Z: Kernel config test suite PASSED
[STDERR  ] 2018-04-16T22:48:24.180472142Z: [    7.138637] ACPI: Preparing to enter system sleep state S5
[STDERR  ] 2018-04-16T22:48:24.180489068Z: [    7.144481] reboot: Power down
[STDERR  ] 2018-04-16T22:48:24.180507264Z: + echo [    0.000000] Initializing cgroup subsys cpuset
[STDERR  ] 2018-04-16T22:48:24.180524846Z: [    0.000000] Initializing cgroup subsys cpu
[STDERR  ] 2018-04-16T22:48:24.180546602Z: [    0.000000] Initializing cgroup subsys cpuacct
[STDERR  ] 2018-04-16T22:48:24.180563780Z: [    0.000000] Linux version 4.4.128-linuxkit (root@067344b04d09) (gcc version 6.4.0 (Alpine 6.4.0) ) #1 SMP Sat Apr 14 11:30:36 UTC 2018
[STDERR  ] 2018-04-16T22:48:24.180582549Z: [    0.000000] Command line: console=ttyS0 console=ttyAMA0
[STDERR  ] 2018-04-16T22:48:24.180599860Z: [    0.000000] x86/fpu: Legacy x87 FPU detected.
[STDERR  ] 2018-04-16T22:48:24.180621268Z: [    0.000000] x86/fpu: Using 'lazy' FPU context switches.
[STDERR  ] 2018-04-16T22:48:24.180635228Z: [    0.000000] e820: BIOS-provided physical RAM map:
[STDERR  ] 2018-04-16T22:48:24.180651766Z: [    0.000000] BIOS-e820: [mem 0x0000000000000000-0x000000000009fbff] usable
[STDERR  ] 2018-04-16T22:48:24.180667767Z: [    0.000000] BIOS-e820: [mem 0x000000000009fc00-0x000000000009ffff] reserved
[STDERR  ] 2018-04-16T22:48:24.180685240Z: [    0.000000] BIOS-e820: [mem 0x00000000000f0000-0x00000000000fffff] reserved
[STDERR  ] 2018-04-16T22:48:24.180699871Z: [    0.000000] BIOS-e820: [mem 0x0000000000100000-0x000000003ffdefff] usable
[STDERR  ] 2018-04-16T22:48:24.180713697Z: [    0.000000] BIOS-e820: [mem 0x000000003ffdf000-0x000000003fffffff] reserved
[STDERR  ] 2018-04-16T22:48:24.180736387Z: [    0.000000] BIOS-e820: [mem 0x00000000b0000000-0x00000000bfffffff] reserved
[STDERR  ] 2018-04-16T22:48:24.180754089Z: [    0.000000] BIOS-e820: [mem 0x00000000fed1c000-0x00000000fed1ffff] reserved
[STDERR  ] 2018-04-16T22:48:24.180768467Z: [    0.000000] BIOS-e820: [mem 0x00000000feffc000-0x00000000feffffff] reserved
[STDERR  ] 2018-04-16T22:48:24.180782298Z: [    0.000000] BIOS-e820: [mem 0x00000000fffc0000-0x00000000ffffffff] reserved
[STDERR  ] 2018-04-16T22:48:24.180796191Z: [    0.000000] NX (Execute Disable) protection: active
[STDERR  ] 2018-04-16T22:48:24.180812940Z: [    0.000000] SMBIOS 2.8 present.
[STDERR  ] 2018-04-16T22:48:24.180828993Z: [    0.000000] Hypervisor detected: KVM
[STDERR  ] 2018-04-16T22:48:24.180846006Z: [    0.000000] e820: last_pfn = 0x3ffdf max_arch_pfn = 0x400000000
[STDERR  ] 2018-04-16T22:48:24.180859909Z: [    0.000000] x86/PAT: PAT not supported by CPU.
[STDERR  ] 2018-04-16T22:48:24.180873873Z: [    0.000000] x86/PAT: Configuration [0-7]: WB  WT  UC- UC  WB  WT  UC- UC  
[STDERR  ] 2018-04-16T22:48:24.180891106Z: [    0.000000] found SMP MP-table at [mem 0x000f6aa0-0x000f6aaf] mapped at [ffff8800000f6aa0]
[STDERR  ] 2018-04-16T22:48:24.180909271Z: [    0.000000] RAMDISK: [mem 0x3e90a000-0x3ffcffff]
[STDERR  ] 2018-04-16T22:48:24.180926106Z: [    0.000000] ACPI: Early table checksum verification disabled
[STDERR  ] 2018-04-16T22:48:24.180939814Z: [    0.000000] ACPI: RSDP 0x00000000000F68B0 000014 (v00 BOCHS )
[STDERR  ] 2018-04-16T22:48:24.182082754Z: [    0.000000] ACPI: RSDT 0x000000003FFE20A8 000034 (v01 BOCHS  BXPCRSDT 00000001 BXPC 00000001)
[STDERR  ] 2018-04-16T22:48:24.182101079Z: [    0.000000] ACPI: FACP 0x000000003FFE1EC8 0000F4 (v03 BOCHS  BXPCFACP 00000001 BXPC 00000001)
[STDERR  ] 2018-04-16T22:48:24.182114692Z: [    0.000000] ACPI: DSDT 0x000000003FFE0040 001E88 (v01 BOCHS  BXPCDSDT 00000001 BXPC 00000001)
[STDERR  ] 2018-04-16T22:48:24.182128496Z: [    0.000000] ACPI: FACS 0x000000003FFE0000 000040
[STDERR  ] 2018-04-16T22:48:24.182148227Z: [    0.000000] ACPI: APIC 0x000000003FFE1FBC 000078 (v01 BOCHS  BXPCAPIC 00000001 BXPC 00000001)
[STDERR  ] 2018-04-16T22:48:24.182164395Z: [    0.000000] ACPI: HPET 0x000000003FFE2034 000038 (v01 BOCHS  BXPCHPET 00000001 BXPC 00000001)
[STDERR  ] 2018-04-16T22:48:24.182181241Z: [    0.000000] ACPI: MCFG 0x000000003FFE206C 00003C (v01 BOCHS  BXPCMCFG 00000001 BXPC 00000001)
[STDERR  ] 2018-04-16T22:48:24.182194412Z: [    0.000000] kvm-clock: Using msrs 4b564d01 and 4b564d00
[STDERR  ] 2018-04-16T22:48:24.182207648Z: [    0.000000] kvm-clock: cpu 0, msr 0:3ffdd001, primary cpu clock
[STDERR  ] 2018-04-16T22:48:24.182220332Z: [    0.000000] clocksource: kvm-clock: mask: 0xffffffffffffffff max_cycles: 0x1cd42e4dffb, max_idle_ns: 881590591483 ns
[STDERR  ] 2018-04-16T22:48:24.182234201Z: [    0.000000] Zone ranges:
[STDERR  ] 2018-04-16T22:48:24.182247465Z: [    0.000000]   DMA      [mem 0x0000000000001000-0x0000000000ffffff]
[STDERR  ] 2018-04-16T22:48:24.182269176Z: [    0.000000]   DMA32    [mem 0x0000000001000000-0x000000003ffdefff]
[STDERR  ] 2018-04-16T22:48:24.182282259Z: [    0.000000]   Normal   empty
[STDERR  ] 2018-04-16T22:48:24.182295470Z: [    0.000000] Movable zone start for each node
[STDERR  ] 2018-04-16T22:48:24.182308141Z: [    0.000000] Early memory node ranges
[STDERR  ] 2018-04-16T22:48:24.182321119Z: [    0.000000]   node   0: [mem 0x0000000000001000-0x000000000009efff]
[STDERR  ] 2018-04-16T22:48:24.182334016Z: [    0.000000]   node   0: [mem 0x0000000000100000-0x000000003ffdefff]
[STDERR  ] 2018-04-16T22:48:24.182346952Z: [    0.000000] Initmem setup node 0 [mem 0x0000000000001000-0x000000003ffdefff]
[STDERR  ] 2018-04-16T22:48:24.182359668Z: [    0.000000] ACPI: PM-Timer IO Port: 0x608
[STDERR  ] 2018-04-16T22:48:24.182372458Z: [    0.000000] ACPI: LAPIC_NMI (acpi_id[0xff] dfl dfl lint[0x1])
[STDERR  ] 2018-04-16T22:48:24.182385215Z: [    0.000000] IOAPIC[0]: apic_id 0, version 17, address 0xfec00000, GSI 0-23
[STDERR  ] 2018-04-16T22:48:24.182400510Z: [    0.000000] ACPI: INT_SRC_OVR (bus 0 bus_irq 0 global_irq 2 dfl dfl)
[STDERR  ] 2018-04-16T22:48:24.182413159Z: [    0.000000] ACPI: INT_SRC_OVR (bus 0 bus_irq 5 global_irq 5 high level)
[STDERR  ] 2018-04-16T22:48:24.182426027Z: [    0.000000] ACPI: INT_SRC_OVR (bus 0 bus_irq 9 global_irq 9 high level)
[STDERR  ] 2018-04-16T22:48:24.182438743Z: [    0.000000] ACPI: INT_SRC_OVR (bus 0 bus_irq 10 global_irq 10 high level)
[STDERR  ] 2018-04-16T22:48:24.182451532Z: [    0.000000] ACPI: INT_SRC_OVR (bus 0 bus_irq 11 global_irq 11 high level)
[STDERR  ] 2018-04-16T22:48:24.182464108Z: [    0.000000] Using ACPI (MADT) for SMP configuration information
[STDERR  ] 2018-04-16T22:48:24.182476283Z: [    0.000000] ACPI: HPET id: 0x8086a201 base: 0xfed00000
[STDERR  ] 2018-04-16T22:48:24.182489267Z: [    0.000000] smpboot: Allowing 1 CPUs, 0 hotplug CPUs
[STDERR  ] 2018-04-16T22:48:24.182501992Z: [    0.000000] e820: [mem 0x40000000-0xafffffff] available for PCI devices
[STDERR  ] 2018-04-16T22:48:24.182520330Z: [    0.000000] Booting paravirtualized kernel on KVM
[STDERR  ] 2018-04-16T22:48:24.182533821Z: [    0.000000] clocksource: refined-jiffies: mask: 0xffffffff max_cycles: 0xffffffff, max_idle_ns: 19112604462750000 ns
[STDERR  ] 2018-04-16T22:48:24.182547632Z: [    0.000000] setup_percpu: NR_CPUS:128 nr_cpumask_bits:128 nr_cpu_ids:1 nr_node_ids:1
[STDERR  ] 2018-04-16T22:48:24.182560887Z: [    0.000000] PERCPU: Embedded 33 pages/cpu @ffff88003e600000 s97048 r8192 d29928 u2097152
[STDERR  ] 2018-04-16T22:48:24.182573728Z: [    0.000000] KVM setup async PF for cpu 0
[STDERR  ] 2018-04-16T22:48:24.182586349Z: [    0.000000] kvm-stealtime: cpu 0, msr 3e60fdc0
[STDERR  ] 2018-04-16T22:48:24.182598796Z: [    0.000000] Built 1 zonelists in Zone order, mobility grouping on.  Total pages: 257895
[STDERR  ] 2018-04-16T22:48:24.182614030Z: [    0.000000] Kernel command line: console=ttyS0 console=ttyAMA0
[STDERR  ] 2018-04-16T22:48:24.182626996Z: [    0.000000] PID hash table entries: 4096 (order: 3, 32768 bytes)
[STDERR  ] 2018-04-16T22:48:24.182639803Z: [    0.000000] Dentry cache hash table entries: 131072 (order: 8, 1048576 bytes)
[STDERR  ] 2018-04-16T22:48:24.182656934Z: [    0.000000] Inode-cache hash table entries: 65536 (order: 7, 524288 bytes)
[STDERR  ] 2018-04-16T22:48:24.182673223Z: [    0.000000] Memory: 990708K/1048052K available (7642K kernel code, 1279K rwdata, 2704K rodata, 1320K init, 688K bss, 57344K reserved, 0K cma-reserved)
[STDERR  ] 2018-04-16T22:48:24.182687127Z: [    0.000000] Kernel/User page tables isolation: enabled
[STDERR  ] 2018-04-16T22:48:24.182699768Z: [    0.000000] Hierarchical RCU implementation.
[STDERR  ] 2018-04-16T22:48:24.182717061Z: [    0.000000] 	Build-time adjustment of leaf fanout to 64.
[STDERR  ] 2018-04-16T22:48:24.182730163Z: [    0.000000] 	RCU restricting CPUs from NR_CPUS=128 to nr_cpu_ids=1.
[STDERR  ] 2018-04-16T22:48:24.182742954Z: [    0.000000] RCU: Adjusting geometry for rcu_fanout_leaf=64, nr_cpu_ids=1
[STDERR  ] 2018-04-16T22:48:24.182759741Z: [    0.000000] NR_IRQS:8448 nr_irqs:256 16
[STDERR  ] 2018-04-16T22:48:24.182773236Z: [    0.000000] Console: colour VGA+ 80x25
[STDERR  ] 2018-04-16T22:48:24.182785863Z: [    0.000000] console [ttyS0] enabled
[STDERR  ] 2018-04-16T22:48:24.182798376Z: [    0.000000] clocksource: hpet: mask: 0xffffffff max_cycles: 0xffffffff, max_idle_ns: 19112604467 ns
[STDERR  ] 2018-04-16T22:48:24.182815668Z: [    0.000000] tsc: Detected 2300.000 MHz processor
[STDERR  ] 2018-04-16T22:48:24.182828266Z: [    0.020000] Calibrating delay loop (skipped) preset value.. 4600.00 BogoMIPS (lpj=23000000)
[STDERR  ] 2018-04-16T22:48:24.182841224Z: [    0.020025] pid_max: default: 32768 minimum: 301
[STDERR  ] 2018-04-16T22:48:24.182853882Z: [    0.024038] ACPI: Core revision 20150930
[STDERR  ] 2018-04-16T22:48:24.182865933Z: [    0.028185] ACPI: 1 ACPI AML tables successfully acquired and loaded
[STDERR  ] 2018-04-16T22:48:24.182877604Z: [    0.034135] Security Framework initialized
[STDERR  ] 2018-04-16T22:48:24.182889008Z: [    0.037724] Yama: becoming mindful.
[STDERR  ] 2018-04-16T22:48:24.182905596Z: [    0.040061] Mount-cache hash table entries: 2048 (order: 2, 16384 bytes)
[STDERR  ] 2018-04-16T22:48:24.182918791Z: [    0.045922] Mountpoint-cache hash table entries: 2048 (order: 2, 16384 bytes)
[STDERR  ] 2018-04-16T22:48:24.182930915Z: [    0.050296] Initializing cgroup subsys io
[STDERR  ] 2018-04-16T22:48:24.182943215Z: [    0.053881] Initializing cgroup subsys memory
[STDERR  ] 2018-04-16T22:48:24.182955922Z: [    0.060040] Initializing cgroup subsys devices
[STDERR  ] 2018-04-16T22:48:24.182969149Z: [    0.063989] Initializing cgroup subsys freezer
[STDERR  ] 2018-04-16T22:48:24.182982173Z: [    0.070041] Initializing cgroup subsys net_cls
[STDERR  ] 2018-04-16T22:48:24.182994342Z: [    0.073927] Initializing cgroup subsys perf_event
[STDERR  ] 2018-04-16T22:48:24.183013670Z: [    0.078042] Initializing cgroup subsys net_prio
[STDERR  ] 2018-04-16T22:48:24.183026708Z: [    0.080035] Initializing cgroup subsys hugetlb
[STDERR  ] 2018-04-16T22:48:24.183039426Z: [    0.083979] Initializing cgroup subsys pids
[STDERR  ] 2018-04-16T22:48:24.183053264Z: [    0.090960] CPU: Physical Processor ID: 0
[STDERR  ] 2018-04-16T22:48:24.183065771Z: [    0.094851] Last level iTLB entries: 4KB 0, 2MB 0, 4MB 0
[STDERR  ] 2018-04-16T22:48:24.183079691Z: [    0.100025] Last level dTLB entries: 4KB 0, 2MB 0, 4MB 0, 1GB 0
[STDERR  ] 2018-04-16T22:48:24.183098682Z: [    0.105269] Spectre V2 : Vulnerable: Minimal generic ASM retpoline
[STDERR  ] 2018-04-16T22:48:24.183116391Z: [    0.192719] Freeing SMP alternatives memory: 20K
[STDERR  ] 2018-04-16T22:48:24.183129942Z: [    0.219300] ftrace: allocating 33482 entries in 131 pages
[STDERR  ] 2018-04-16T22:48:24.183142871Z: [    0.243804] ..TIMER: vector=0x30 apic1=0 pin1=2 apic2=-1 pin2=-1
[STDERR  ] 2018-04-16T22:48:24.183156862Z: [    0.250000] smpboot: CPU0: Intel QEMU Virtual CPU version 2.5+ (family: 0x6, model: 0x6, stepping: 0x3)
[STDERR  ] 2018-04-16T22:48:24.183170156Z: [    0.250000] Performance Events: Broken PMU hardware detected, using software events only.
[STDERR  ] 2018-04-16T22:48:24.183191311Z: [    0.260008] Failed to access perfctr msr (MSR c2 is 0)
[STDERR  ] 2018-04-16T22:48:24.183205042Z: [    0.270032] x86: Booted up 1 node, 1 CPUs
[STDERR  ] 2018-04-16T22:48:24.183228839Z: [    0.273541] smpboot: Total of 1 processors activated (4600.00 BogoMIPS)
[STDERR  ] 2018-04-16T22:48:24.183244222Z: [    0.280930] devtmpfs: initialized
[STDERR  ] 2018-04-16T22:48:24.183265873Z: [    0.287047] clocksource: jiffies: mask: 0xffffffff max_cycles: 0xffffffff, max_idle_ns: 19112604462750000 ns
[STDERR  ] 2018-04-16T22:48:24.183285117Z: [    0.290036] futex hash table entries: 256 (order: 2, 16384 bytes)
[STDERR  ] 2018-04-16T22:48:24.183299502Z: [    0.300309] NET: Registered protocol family 16
[STDERR  ] 2018-04-16T22:48:24.183316355Z: [    0.304408] cpuidle: using governor ladder
[STDERR  ] 2018-04-16T22:48:24.183330320Z: [    0.307989] cpuidle: using governor menu
[STDERR  ] 2018-04-16T22:48:24.183344224Z: [    0.310203] ACPI: bus type PCI registered
[STDERR  ] 2018-04-16T22:48:24.183360893Z: [    0.314071] PCI: MMCONFIG for domain 0000 [bus 00-ff] at [mem 0xb0000000-0xbfffffff] (base 0xb0000000)
[STDERR  ] 2018-04-16T22:48:24.183378333Z: [    0.320009] PCI: MMCONFIG at [mem 0xb0000000-0xbfffffff] reserved in E820
[STDERR  ] 2018-04-16T22:48:24.183392475Z: [    0.330020] PCI: Using configuration type 1 for base access
[STDERR  ] 2018-04-16T22:48:24.183408877Z: [    0.336413] ACPI: Added _OSI(Module Device)
[STDERR  ] 2018-04-16T22:48:24.183427282Z: [    0.340005] ACPI: Added _OSI(Processor Device)
[STDERR  ] 2018-04-16T22:48:24.183442104Z: [    0.343934] ACPI: Added _OSI(3.0 _SCP Extensions)
[STDERR  ] 2018-04-16T22:48:24.183459062Z: [    0.348011] ACPI: Added _OSI(Processor Aggregator Device)
[STDERR  ] 2018-04-16T22:48:24.183475995Z: [    0.354835] ACPI: Interpreter enabled
[STDERR  ] 2018-04-16T22:48:24.183498313Z: [    0.360015] ACPI: (supports S0 S5)
[STDERR  ] 2018-04-16T22:48:24.183516131Z: [    0.362989] ACPI: Using IOAPIC for interrupt routing
[STDERR  ] 2018-04-16T22:48:24.183533217Z: [    0.367552] PCI: Using host bridge windows from ACPI; if necessary, use "pci=nocrs" and report a bug
[STDERR  ] 2018-04-16T22:48:24.183550576Z: [    0.372756] ACPI: PCI Root Bridge [PCI0] (domain 0000 [bus 00-ff])
[STDERR  ] 2018-04-16T22:48:24.183568382Z: [    0.380012] acpi PNP0A08:00: _OSC: OS supports [ExtendedConfig ASPM ClockPM Segments MSI]
[STDERR  ] 2018-04-16T22:48:24.183583410Z: [    0.390177] acpi PNP0A08:00: _OSC: OS now controls [PCIeHotplug PME PCIeCapability]
[STDERR  ] 2018-04-16T22:48:24.183606437Z: [    0.396969] PCI host bridge to bus 0000:00
[STDERR  ] 2018-04-16T22:48:24.183623959Z: [    0.400010] pci_bus 0000:00: root bus resource [io  0x0000-0x0cf7 window]
[STDERR  ] 2018-04-16T22:48:24.183639157Z: [    0.405805] pci_bus 0000:00: root bus resource [io  0x0d00-0xffff window]
[STDERR  ] 2018-04-16T22:48:24.183655755Z: [    0.410008] pci_bus 0000:00: root bus resource [mem 0x000a0000-0x000bffff window]
[STDERR  ] 2018-04-16T22:48:24.183669775Z: [    0.420006] pci_bus 0000:00: root bus resource [mem 0xc0000000-0xfebfffff window]
[STDERR  ] 2018-04-16T22:48:24.183691930Z: [    0.426408] pci_bus 0000:00: root bus resource [bus 00-ff]
[STDERR  ] 2018-04-16T22:48:24.183709302Z: [    0.548424] pci 0000:00:1f.0: quirk: [io  0x0600-0x067f] claimed by ICH6 ACPI/GPIO/TCO
[STDERR  ] 2018-04-16T22:48:24.183727300Z: [    0.613698] ACPI: PCI Interrupt Link [LNKA] (IRQs 5 *10 11)
[STDERR  ] 2018-04-16T22:48:24.183750396Z: [    0.620602] ACPI: PCI Interrupt Link [LNKB] (IRQs 5 *10 11)
[STDERR  ] 2018-04-16T22:48:24.183767100Z: [    0.626612] ACPI: PCI Interrupt Link [LNKC] (IRQs 5 10 *11)
[STDERR  ] 2018-04-16T22:48:24.183781448Z: [    0.631849] ACPI: PCI Interrupt Link [LNKD] (IRQs 5 10 *11)
[STDERR  ] 2018-04-16T22:48:24.183800255Z: [    0.637856] ACPI: PCI Interrupt Link [LNKE] (IRQs 5 *10 11)
[STDERR  ] 2018-04-16T22:48:24.183817466Z: [    0.641867] ACPI: PCI Interrupt Link [LNKF] (IRQs 5 *10 11)
[STDERR  ] 2018-04-16T22:48:24.183834384Z: [    0.650292] ACPI: PCI Interrupt Link [LNKG] (IRQs 5 10 *11)
[STDERR  ] 2018-04-16T22:48:24.183856796Z: [    0.656180] ACPI: PCI Interrupt Link [LNKH] (IRQs 5 10 *11)
[STDERR  ] 2018-04-16T22:48:24.183873440Z: [    0.661735] ACPI: PCI Interrupt Link [GSIA] (IRQs *16)
[STDERR  ] 2018-04-16T22:48:24.183907946Z: [    0.666816] ACPI: PCI Interrupt Link [GSIB] (IRQs *17)
[STDERR  ] 2018-04-16T22:48:24.183926708Z: [    0.670909] ACPI: PCI Interrupt Link [GSIC] (IRQs *18)
[STDERR  ] 2018-04-16T22:48:24.183943368Z: [    0.675937] ACPI: PCI Interrupt Link [GSID] (IRQs *19)
[STDERR  ] 2018-04-16T22:48:24.183960262Z: [    0.680909] ACPI: PCI Interrupt Link [GSIE] (IRQs *20)
[STDERR  ] 2018-04-16T22:48:24.183976844Z: [    0.685837] ACPI: PCI Interrupt Link [GSIF] (IRQs *21)
[STDERR  ] 2018-04-16T22:48:24.183993291Z: [    0.690905] ACPI: PCI Interrupt Link [GSIG] (IRQs *22)
[STDERR  ] 2018-04-16T22:48:24.184007640Z: [    0.695872] ACPI: PCI Interrupt Link [GSIH] (IRQs *23)
[STDERR  ] 2018-04-16T22:48:24.184031029Z: [    0.701241] ACPI: Enabled 1 GPEs in block 00 to 3F
[STDERR  ] 2018-04-16T22:48:24.184047150Z: [    0.706274] SCSI subsystem initialized
[STDERR  ] 2018-04-16T22:48:24.184061246Z: [    0.710075] ACPI: bus type USB registered
[STDERR  ] 2018-04-16T22:48:24.184078082Z: [    0.713710] usbcore: registered new interface driver usbfs
[STDERR  ] 2018-04-16T22:48:24.184095100Z: [    0.718669] usbcore: registered new interface driver hub
[STDERR  ] 2018-04-16T22:48:24.184111968Z: [    0.720028] usbcore: registered new device driver usb
[STDERR  ] 2018-04-16T22:48:24.184125740Z: [    0.724615] pps_core: LinuxPPS API ver. 1 registered
[STDERR  ] 2018-04-16T22:48:24.184141573Z: [    0.730006] pps_core: Software ver. 5.3.6 - Copyright 2005-2007 Rodolfo Giometti <giometti@linux.it>
[STDERR  ] 2018-04-16T22:48:24.184157330Z: [    0.740028] PTP clock support registered
[STDERR  ] 2018-04-16T22:48:24.184181964Z: [    0.743627] wmi: Mapper loaded
[STDERR  ] 2018-04-16T22:48:24.184197182Z: [    0.746460] PCI: Using ACPI for IRQ routing
[STDERR  ] 2018-04-16T22:48:24.184214282Z: [    1.075363] NetLabel: Initializing
[STDERR  ] 2018-04-16T22:48:24.184230950Z: [    1.078369] NetLabel:  domain hash size = 128
[STDERR  ] 2018-04-16T22:48:24.184247322Z: [    1.080005] NetLabel:  protocols = UNLABELED CIPSOv4
[STDERR  ] 2018-04-16T22:48:24.184271933Z: [    1.084319] NetLabel:  unlabeled traffic allowed by default
[STDERR  ] 2018-04-16T22:48:24.184289351Z: [    1.090161] HPET: 3 timers in total, 0 timers will be used for per-cpu timer
[STDERR  ] 2018-04-16T22:48:24.184306309Z: [    1.096245] hpet0: at MMIO 0xfed00000, IRQs 2, 8, 0
[STDERR  ] 2018-04-16T22:48:24.184323473Z: [    1.101232] hpet0: 3 comparators, 64-bit 100.000000 MHz counter
[STDERR  ] 2018-04-16T22:48:24.184340406Z: [    1.110038] amd_nb: Cannot enumerate AMD northbridges
[STDERR  ] 2018-04-16T22:48:24.184363364Z: [    1.114081] clocksource: Switched to clocksource kvm-clock
[STDERR  ] 2018-04-16T22:48:24.184377333Z: [    1.125767] FS-Cache: Loaded
[STDERR  ] 2018-04-16T22:48:24.184393990Z: [    1.128685] CacheFiles: Loaded
[STDERR  ] 2018-04-16T22:48:24.184416191Z: [    1.131750] pnp: PnP ACPI init
[STDERR  ] 2018-04-16T22:48:24.184433691Z: [    1.135583] pnp: PnP ACPI: found 5 devices
[STDERR  ] 2018-04-16T22:48:24.184450606Z: [    1.145541] clocksource: acpi_pm: mask: 0xffffff max_cycles: 0xffffff, max_idle_ns: 2085701024 ns
[STDERR  ] 2018-04-16T22:48:24.184467853Z: [    1.153416] NET: Registered protocol family 2
[STDERR  ] 2018-04-16T22:48:24.184482002Z: [    1.157418] TCP established hash table entries: 8192 (order: 4, 65536 bytes)
[STDERR  ] 2018-04-16T22:48:24.184498897Z: [    1.163631] TCP bind hash table entries: 8192 (order: 5, 131072 bytes)
[STDERR  ] 2018-04-16T22:48:24.184516063Z: [    1.169268] TCP: Hash tables configured (established 8192 bind 8192)
[STDERR  ] 2018-04-16T22:48:24.184533200Z: [    1.176349] UDP hash table entries: 512 (order: 2, 16384 bytes)
[STDERR  ] 2018-04-16T22:48:24.184555071Z: [    1.181528] UDP-Lite hash table entries: 512 (order: 2, 16384 bytes)
[STDERR  ] 2018-04-16T22:48:24.184578423Z: [    1.187065] NET: Registered protocol family 1
[STDERR  ] 2018-04-16T22:48:24.184592490Z: [    1.191474] Unpacking initramfs...
[STDERR  ] 2018-04-16T22:48:24.184614577Z: [    1.586119] Freeing initrd memory: 23320K
[STDERR  ] 2018-04-16T22:48:24.184633234Z: [    1.590851] PCLMULQDQ-NI instructions are not detected.
[STDERR  ] 2018-04-16T22:48:24.184651217Z: [    1.595453] AVX or AES-NI instructions are not detected.
[STDERR  ] 2018-04-16T22:48:24.184668163Z: [    1.600201] CPU feature 'AVX registers' is not supported.
[STDERR  ] 2018-04-16T22:48:24.184681876Z: [    1.604882] CPU feature 'AVX registers' is not supported.
[STDERR  ] 2018-04-16T22:48:24.184698038Z: [    1.609632] CPU feature 'AVX registers' is not supported.
[STDERR  ] 2018-04-16T22:48:24.184712427Z: [    1.614544] CPU feature 'AVX registers' is not supported.
[STDERR  ] 2018-04-16T22:48:24.184729320Z: [    1.619322] AVX2 or AES-NI instructions are not detected.
[STDERR  ] 2018-04-16T22:48:24.184745497Z: [    1.624258] AVX2 instructions are not detected.
[STDERR  ] 2018-04-16T22:48:24.184765814Z: [    1.628447] audit: initializing netlink subsys (disabled)
[STDERR  ] 2018-04-16T22:48:24.184783178Z: [    1.633330] audit: type=2000 audit(1523918897.304:1): initialized
[STDERR  ] 2018-04-16T22:48:24.184797363Z: [    1.638918] HugeTLB registered 2 MB page size, pre-allocated 0 pages
[STDERR  ] 2018-04-16T22:48:24.184814038Z: [    1.644691] VFS: Disk quotas dquot_6.6.0
[STDERR  ] 2018-04-16T22:48:24.184830607Z: [    1.648198] VFS: Dquot-cache hash table entries: 512 (order 0, 4096 bytes)
[STDERR  ] 2018-04-16T22:48:24.184844947Z: [    1.654265] squashfs: version 4.0 (2009/01/31) Phillip Lougher
[STDERR  ] 2018-04-16T22:48:24.184861883Z: [    1.659389] FS-Cache: Netfs 'cifs' registered for caching
[STDERR  ] 2018-04-16T22:48:24.184875557Z: [    1.664153] fuse init (API version 7.23)
[STDERR  ] 2018-04-16T22:48:24.184892441Z: [    1.667665] SGI XFS with ACLs, security attributes, no debug enabled
[STDERR  ] 2018-04-16T22:48:24.184906947Z: [    1.673370] 9p: Installing v9fs 9p2000 file system support
[STDERR  ] 2018-04-16T22:48:24.184931098Z: [    1.678099] FS-Cache: Netfs '9p' registered for caching
[STDERR  ] 2018-04-16T22:48:24.184960338Z: [    1.682861] Key type big_key registered
[STDERR  ] 2018-04-16T22:48:24.184978791Z: [    1.688418] NET: Registered protocol family 38
[STDERR  ] 2018-04-16T22:48:24.184995898Z: [    1.692473] Key type asymmetric registered
[STDERR  ] 2018-04-16T22:48:24.185012751Z: [    1.696059] Asymmetric key parser 'x509' registered
[STDERR  ] 2018-04-16T22:48:24.185029712Z: [    1.700438] Block layer SCSI generic (bsg) driver version 0.4 loaded (major 251)
[STDERR  ] 2018-04-16T22:48:24.185053700Z: [    1.706845] io scheduler noop registered
[STDERR  ] 2018-04-16T22:48:24.185070130Z: [    1.710525] io scheduler deadline registered (default)
[STDERR  ] 2018-04-16T22:48:24.185084258Z: [    1.715032] io scheduler cfq registered
[STDERR  ] 2018-04-16T22:48:24.185101200Z: [    1.718472] pci_hotplug: PCI Hot Plug PCI Core version: 0.5
[STDERR  ] 2018-04-16T22:48:24.185118349Z: [    1.723412] pciehp: PCI Express Hot Plug Controller Driver version: 0.4
[STDERR  ] 2018-04-16T22:48:24.185135396Z: [    1.729156] shpchp: Standard Hot Plug PCI Controller Driver version: 0.4
[STDERR  ] 2018-04-16T22:48:24.185158954Z: [    1.735038] hv_vmbus: registering driver hyperv_fb
[STDERR  ] 2018-04-16T22:48:24.185175949Z: [    1.739342] input: Power Button as /devices/LNXSYSTM:00/LNXPWRBN:00/input/input0
[STDERR  ] 2018-04-16T22:48:24.185192920Z: [    1.745821] ACPI: Power Button [PWRF]
[STDERR  ] 2018-04-16T22:48:24.185209787Z: [    1.749397] GHES: HEST is not enabled!
[STDERR  ] 2018-04-16T22:48:24.185226641Z: [    1.753187] ACPI: PCI Interrupt Link [GSIG] enabled at IRQ 22
[STDERR  ] 2018-04-16T22:48:24.185240478Z: [    1.763434] ACPI: PCI Interrupt Link [GSIH] enabled at IRQ 23
[STDERR  ] 2018-04-16T22:48:24.185263363Z: [    1.774444] xenfs: not registering filesystem on non-xen platform
[STDERR  ] 2018-04-16T22:48:24.185286905Z: [    1.779908] Serial: 8250/16550 driver, 4 ports, IRQ sharing disabled
[STDERR  ] 2018-04-16T22:48:24.185303903Z: [    1.817743] 00:04: ttyS0 at I/O 0x3f8 (irq = 4, base_baud = 115200) is a 16550A
[STDERR  ] 2018-04-16T22:48:24.185322549Z: [    1.825265] Non-volatile memory driver v1.3
[STDERR  ] 2018-04-16T22:48:24.185340674Z: [    1.830415] Hangcheck: starting hangcheck timer 0.9.1 (tick is 180 seconds, margin is 60 seconds).
[STDERR  ] 2018-04-16T22:48:24.185357323Z: [    1.838725] random: nonblocking pool is initialized
[STDERR  ] 2018-04-16T22:48:24.185371709Z: [    1.844763] loop: module loaded
[STDERR  ] 2018-04-16T22:48:24.185389741Z: [    1.848878] nbd: registered device at major 43
[STDERR  ] 2018-04-16T22:48:24.185405778Z: [    1.854293] lpc_ich 0000:00:1f.0: I/O space for GPIO uninitialized
[STDERR  ] 2018-04-16T22:48:24.185420296Z: [    1.859858] VMware PVSCSI driver - version 1.0.5.0-k
[STDERR  ] 2018-04-16T22:48:24.185437276Z: [    1.864349] hv_vmbus: registering driver hv_storvsc
[STDERR  ] 2018-04-16T22:48:24.185454276Z: [    1.869105] ACPI: PCI Interrupt Link [GSIA] enabled at IRQ 16
[STDERR  ] 2018-04-16T22:48:24.185476369Z: [    1.876932] ahci 0000:00:1f.2: AHCI 0001.0000 32 slots 6 ports 1.5 Gbps 0x3f impl SATA mode
[STDERR  ] 2018-04-16T22:48:24.185493525Z: [    1.884296] ahci 0000:00:1f.2: flags: 64bit ncq only 
[STDERR  ] 2018-04-16T22:48:24.185510530Z: [    1.891729] scsi host0: ahci
[STDERR  ] 2018-04-16T22:48:24.185527089Z: [    1.894508] scsi host1: ahci
[STDERR  ] 2018-04-16T22:48:24.185542796Z: [    1.897210] scsi host2: ahci
[STDERR  ] 2018-04-16T22:48:24.185560165Z: [    1.899886] scsi host3: ahci
[STDERR  ] 2018-04-16T22:48:24.185577905Z: [    1.902680] scsi host4: ahci
[STDERR  ] 2018-04-16T22:48:24.185594491Z: [    1.905415] scsi host5: ahci
[STDERR  ] 2018-04-16T22:48:24.185610031Z: [    1.908116] ata1: SATA max UDMA/133 abar m4096@0xfebd2000 port 0xfebd2100 irq 24
[STDERR  ] 2018-04-16T22:48:24.185626800Z: [    1.914755] ata2: SATA max UDMA/133 abar m4096@0xfebd2000 port 0xfebd2180 irq 24
[STDERR  ] 2018-04-16T22:48:24.185640591Z: [    1.921676] ata3: SATA max UDMA/133 abar m4096@0xfebd2000 port 0xfebd2200 irq 24
[STDERR  ] 2018-04-16T22:48:24.185657463Z: [    1.928448] ata4: SATA max UDMA/133 abar m4096@0xfebd2000 port 0xfebd2280 irq 24
[STDERR  ] 2018-04-16T22:48:24.185674334Z: [    1.935298] ata5: SATA max UDMA/133 abar m4096@0xfebd2000 port 0xfebd2300 irq 24
[STDERR  ] 2018-04-16T22:48:24.185698740Z: [    1.942197] ata6: SATA max UDMA/133 abar m4096@0xfebd2000 port 0xfebd2380 irq 24
[STDERR  ] 2018-04-16T22:48:24.185718917Z: [    1.950542] tun: Universal TUN/TAP device driver, 1.6
[STDERR  ] 2018-04-16T22:48:24.185736710Z: [    1.955018] tun: (C) 1999-2004 Max Krasnyansky <maxk@qualcomm.com>
[STDERR  ] 2018-04-16T22:48:24.185753087Z: [    1.964231] VMware vmxnet3 virtual NIC driver - version 1.4.5.0-k-NAPI
[STDERR  ] 2018-04-16T22:48:24.185774172Z: [    1.969242] hv_vmbus: registering driver hv_netvsc
[STDERR  ] 2018-04-16T22:48:24.185792298Z: [    1.973023] Fusion MPT base driver 3.04.20
[STDERR  ] 2018-04-16T22:48:24.185815481Z: [    1.976237] Copyright (c) 1999-2008 LSI Corporation
[STDERR  ] 2018-04-16T22:48:24.185838428Z: [    1.980600] Fusion MPT SPI Host driver 3.04.20
[STDERR  ] 2018-04-16T22:48:24.185852253Z: [    1.984539] i8042: PNP: PS/2 Controller [PNP0303:KBD,PNP0f13:MOU] at 0x60,0x64 irq 1,12
[STDERR  ] 2018-04-16T22:48:24.185868758Z: [    1.994669] serio: i8042 KBD port at 0x60,0x64 irq 1
[STDERR  ] 2018-04-16T22:48:24.185882871Z: [    1.999232] serio: i8042 AUX port at 0x60,0x64 irq 12
[STDERR  ] 2018-04-16T22:48:24.185896972Z: [    2.004020] hv_vmbus: registering driver hyperv_keyboard
[STDERR  ] 2018-04-16T22:48:24.185913118Z: [    2.009007] mousedev: PS/2 mouse device common for all mice
[STDERR  ] 2018-04-16T22:48:24.185927577Z: [    2.015098] input: AT Translated Set 2 keyboard as /devices/platform/i8042/serio0/input/input1
[STDERR  ] 2018-04-16T22:48:24.185951235Z: [    2.022628] input: PC Speaker as /devices/platform/pcspkr/input/input2
[STDERR  ] 2018-04-16T22:48:24.185973866Z: [    2.029078] rtc_cmos 00:00: RTC can wake from S4
[STDERR  ] 2018-04-16T22:48:24.185987604Z: [    2.034544] rtc_cmos 00:00: rtc core: registered rtc_cmos as rtc0
[STDERR  ] 2018-04-16T22:48:24.186008657Z: [    2.040382] rtc_cmos 00:00: alarms up to one day, y3k, 114 bytes nvram, hpet irqs
[STDERR  ] 2018-04-16T22:48:24.186026284Z: [    2.046966] i2c /dev entries driver
[STDERR  ] 2018-04-16T22:48:24.186042697Z: [    2.050206] device-mapper: ioctl: 4.34.0-ioctl (2015-10-28) initialised: dm-devel@redhat.com
[STDERR  ] 2018-04-16T22:48:24.186058032Z: [    2.058280] usbcore: registered new interface driver usbhid
[STDERR  ] 2018-04-16T22:48:24.186074772Z: [    2.063356] usbhid: USB HID core driver
[STDERR  ] 2018-04-16T22:48:24.186091471Z: [    2.066922] hv_utils: Registering HyperV Utility Driver
[STDERR  ] 2018-04-16T22:48:24.186108175Z: [    2.071699] hv_vmbus: registering driver hv_util
[STDERR  ] 2018-04-16T22:48:24.186124918Z: [    2.075822] hv_vmbus: registering driver hv_balloon
[STDERR  ] 2018-04-16T22:48:24.186148237Z: [    2.080361] oprofile: using NMI interrupt.
[STDERR  ] 2018-04-16T22:48:24.186165195Z: [    2.084097] GACT probability on
[STDERR  ] 2018-04-16T22:48:24.186187390Z: [    2.086942] Mirror/redirect action on
[STDERR  ] 2018-04-16T22:48:24.186203495Z: [    2.090413] Simple TC action Loaded
[STDERR  ] 2018-04-16T22:48:24.186217299Z: [    2.093488] u32 classifier
[STDERR  ] 2018-04-16T22:48:24.186234418Z: [    2.095937]     Performance counters on
[STDERR  ] 2018-04-16T22:48:24.186248001Z: [    2.099254]     input device check on
[STDERR  ] 2018-04-16T22:48:24.186344155Z: [    2.102545]     Actions configured
[STDERR  ] 2018-04-16T22:48:24.186361771Z: [    2.105568] Netfilter messages via NETLINK v0.30.
[STDERR  ] 2018-04-16T22:48:24.186379098Z: [    2.109677] nfnl_acct: registering with nfnetlink.
[STDERR  ] 2018-04-16T22:48:24.186395944Z: [    2.113990] nf_conntrack version 0.5.0 (7922 buckets, 31688 max)
[STDERR  ] 2018-04-16T22:48:24.186420708Z: [    2.119310] ctnetlink v0.93: registering with nfnetlink.
[STDERR  ] 2018-04-16T22:48:24.186438378Z: [    2.124214] nf_tables: (c) 2007-2009 Patrick McHardy <kaber@trash.net>
[STDERR  ] 2018-04-16T22:48:24.186455371Z: [    2.129875] nf_tables_compat: (c) 2012 Pablo Neira Ayuso <pablo@netfilter.org>
[STDERR  ] 2018-04-16T22:48:24.186472335Z: [    2.136510] xt_time: kernel timezone is -0000
[STDERR  ] 2018-04-16T22:48:24.186486061Z: [    2.140390] ip_set: protocol 6
[STDERR  ] 2018-04-16T22:48:24.186502450Z: [    2.143091] IPVS: Registered protocols (TCP, UDP, SCTP, AH, ESP)
[STDERR  ] 2018-04-16T22:48:24.186516571Z: [    2.148331] IPVS: Connection hash table configured (size=4096, memory=64Kbytes)
[STDERR  ] 2018-04-16T22:48:24.186533393Z: [    2.154746] IPVS: Creating netns size=2096 id=0
[STDERR  ] 2018-04-16T22:48:24.186556813Z: [    2.159378] IPVS: ipvs loaded.
[STDERR  ] 2018-04-16T22:48:24.186573681Z: [    2.162139] IPVS: [rr] scheduler registered.
[STDERR  ] 2018-04-16T22:48:24.186590657Z: [    2.165887] IPVS: [wrr] scheduler registered.
[STDERR  ] 2018-04-16T22:48:24.186608071Z: [    2.169734] IPVS: [lc] scheduler registered.
[STDERR  ] 2018-04-16T22:48:24.186624904Z: [    2.173814] IPVS: [wlc] scheduler registered.
[STDERR  ] 2018-04-16T22:48:24.186641824Z: [    2.177603] IPVS: [fo] scheduler registered.
[STDERR  ] 2018-04-16T22:48:24.186658110Z: [    2.181462] IPVS: [ovf] scheduler registered.
[STDERR  ] 2018-04-16T22:48:24.186672052Z: [    2.185280] IPVS: [lblc] scheduler registered.
[STDERR  ] 2018-04-16T22:48:24.186688588Z: [    2.189198] IPVS: [lblcr] scheduler registered.
[STDERR  ] 2018-04-16T22:48:24.186705137Z: [    2.193395] IPVS: [dh] scheduler registered.
[STDERR  ] 2018-04-16T22:48:24.186721286Z: [    2.197085] IPVS: [sh] scheduler registered.
[STDERR  ] 2018-04-16T22:48:24.186736490Z: [    2.201003] IPVS: [sed] scheduler registered.
[STDERR  ] 2018-04-16T22:48:24.186753002Z: [    2.204790] IPVS: [nq] scheduler registered.
[STDERR  ] 2018-04-16T22:48:24.186766959Z: [    2.208504] IPVS: ftp: loaded support on port[0] = 21
[STDERR  ] 2018-04-16T22:48:24.186814224Z: [    2.213211] ipip: IPv4 over IPv4 tunneling driver
[STDERR  ] 2018-04-16T22:48:24.186827750Z: [    2.217471] gre: GRE over IPv4 demultiplexor driver
[STDERR  ] 2018-04-16T22:48:24.186849815Z: [    2.222200] ip_tables: (C) 2000-2006 Netfilter Core Team
[STDERR  ] 2018-04-16T22:48:24.186867830Z: [    2.226957] ipt_CLUSTERIP: ClusterIP Version 0.8 loaded successfully
[STDERR  ] 2018-04-16T22:48:24.186885090Z: [    2.232738] arp_tables: (C) 2002 David S. Miller
[STDERR  ] 2018-04-16T22:48:24.186908850Z: [    2.236943] NET: Registered protocol family 10
[STDERR  ] 2018-04-16T22:48:24.186923158Z: [    2.241241] ip6_tables: (C) 2000-2006 Netfilter Core Team
[STDERR  ] 2018-04-16T22:48:24.186940961Z: [    2.246530] NET: Registered protocol family 17
[STDERR  ] 2018-04-16T22:48:24.186958326Z: [    2.250734] bridge: automatic filtering via arp/ip/ip6tables has been deprecated. Update your scripts to load br_netfilter if you need this.
[STDERR  ] 2018-04-16T22:48:24.186976204Z: [    2.261922] Bridge firewalling registered
[STDERR  ] 2018-04-16T22:48:24.186990477Z: [    2.265431] Ebtables v2.0 registered
[STDERR  ] 2018-04-16T22:48:24.187007202Z: [    2.269003] 8021q: 802.1Q VLAN Support v1.8
[STDERR  ] 2018-04-16T22:48:24.187024197Z: [    2.272931] 9pnet: Installing 9P2000 support
[STDERR  ] 2018-04-16T22:48:24.187039313Z: [    2.276721] Key type dns_resolver registered
[STDERR  ] 2018-04-16T22:48:24.187055380Z: [    2.280829] registered taskstats version 1
[STDERR  ] 2018-04-16T22:48:24.187078894Z: [    2.289303] Key type encrypted registered
[STDERR  ] 2018-04-16T22:48:24.187093145Z: [    2.293406] ata1: SATA link down (SStatus 0 SControl 300)
[STDERR  ] 2018-04-16T22:48:24.187109618Z: [    2.298763] ata2: SATA link down (SStatus 0 SControl 300)
[STDERR  ] 2018-04-16T22:48:24.187133758Z: [    2.304168] ata3: SATA link up 1.5 Gbps (SStatus 113 SControl 300)
[STDERR  ] 2018-04-16T22:48:24.187151867Z: [    2.309920] ata3.00: ATAPI: QEMU DVD-ROM, 2.5+, max UDMA/100
[STDERR  ] 2018-04-16T22:48:24.187165333Z: [    2.314861] ata3.00: applying bridge limits
[STDERR  ] 2018-04-16T22:48:24.187178611Z: [    2.319213] ata4: SATA link down (SStatus 0 SControl 300)
[STDERR  ] 2018-04-16T22:48:24.187195780Z: [    2.324541] ata5: SATA link down (SStatus 0 SControl 300)
[STDERR  ] 2018-04-16T22:48:24.187212922Z: [    2.329903] ata6: SATA link down (SStatus 0 SControl 300)
[STDERR  ] 2018-04-16T22:48:24.187227132Z: [    2.336372] rtc_cmos 00:00: setting system clock to 2018-04-16 22:48:18 UTC (1523918898)
[STDERR  ] 2018-04-16T22:48:24.187244289Z: [    2.345052] ata3.00: configured for UDMA/100
[STDERR  ] 2018-04-16T22:48:24.187267989Z: [    2.349657] scsi 2:0:0:0: CD-ROM            QEMU     QEMU DVD-ROM     2.5+ PQ: 0 ANSI: 5
[STDERR  ] 2018-04-16T22:48:24.187285371Z: [    2.360741] sr 2:0:0:0: [sr0] scsi3-mmc drive: 4x/4x cd/rw xa/form2 tray
[STDERR  ] 2018-04-16T22:48:24.187302338Z: [    2.366562] cdrom: Uniform CD-ROM driver Revision: 3.20
[STDERR  ] 2018-04-16T22:48:24.187319407Z: [    2.371642] sr 2:0:0:0: Attached scsi generic sg0 type 5
[STDERR  ] 2018-04-16T22:48:24.187336432Z: [    2.378064] Freeing unused kernel memory: 1320K
[STDERR  ] 2018-04-16T22:48:24.187353140Z: [    2.382287] Write protecting the kernel read-only data: 12288k
[STDERR  ] 2018-04-16T22:48:24.187369865Z: [    2.387909] Freeing unused kernel memory: 540K
[STDERR  ] 2018-04-16T22:48:24.187383619Z: [    2.395957] Freeing unused kernel memory: 1392K
[STDERR  ] 2018-04-16T22:48:24.187404129Z: 
[STDERR  ] 2018-04-16T22:48:24.187418418Z: Welcome to LinuxKit
[STDERR  ] 2018-04-16T22:48:24.187435585Z: 
[STDERR  ] 2018-04-16T22:48:24.187452880Z:                         ##         .
[STDERR  ] 2018-04-16T22:48:24.187467309Z:                   ## ## ##        ==
[STDERR  ] 2018-04-16T22:48:24.187483331Z:                ## ## ## ## ##    ===
[STDERR  ] 2018-04-16T22:48:24.187497091Z:            /"""""""""""""""""\___/ ===
[STDERR  ] 2018-04-16T22:48:24.187510525Z:           {                       /  ===-
[STDERR  ] 2018-04-16T22:48:24.187533656Z:            \______ O           __/
[STDERR  ] 2018-04-16T22:48:24.187550440Z:              \    \         __/
[STDERR  ] 2018-04-16T22:48:24.187564478Z:               \____\_______/
[STDERR  ] 2018-04-16T22:48:24.187585778Z: 
[STDERR  ] 2018-04-16T22:48:24.187603602Z: [    3.006291] RPC: Registered named UNIX socket transport module.
[STDERR  ] 2018-04-16T22:48:24.187620900Z: [    3.011719] RPC: Registered udp transport module.
[STDERR  ] 2018-04-16T22:48:24.187634507Z: [    3.015839] RPC: Registered tcp transport module.
[STDERR  ] 2018-04-16T22:48:24.187650998Z: [    3.019950] RPC: Registered tcp NFSv4.1 backchannel transport module.
[STDERR  ] 2018-04-16T22:48:24.187671083Z: [    3.038610] FS-Cache: Netfs 'nfs' registered for caching
[STDERR  ] 2018-04-16T22:48:24.187687980Z: [    3.058913] Installing knfsd (copyright (C) 1996 okir@monad.swb.de).
[STDERR  ] 2018-04-16T22:48:24.187707080Z: [    3.068417] ntfs: driver 2.1.32 [Flags: R/O MODULE].
[STDERR  ] 2018-04-16T22:48:24.187721620Z: [    3.580251] tsc: Refined TSC clocksource calibration: 2299.998 MHz
[STDERR  ] 2018-04-16T22:48:24.187738631Z: [    3.585685] clocksource: tsc: mask: 0xffffffffffffffff max_cycles: 0x212733415c7, max_idle_ns: 440795236380 ns
[STDERR  ] 2018-04-16T22:48:24.187756273Z: starting kernel config sanity test with /proc/config.gz
[STDERR  ] 2018-04-16T22:48:24.187770565Z: kernel config test succeeded!
[STDERR  ] 2018-04-16T22:48:24.187787547Z: [37minfo: reading kernel config from /proc/config.gz ...[m
[STDERR  ] 2018-04-16T22:48:24.187804236Z: 
[STDERR  ] 2018-04-16T22:48:24.187820994Z: Generally Necessary:
[STDERR  ] 2018-04-16T22:48:24.187838173Z: - [37mcgroup hierarchy[m: [32mproperly mounted[m [/sys/fs/cgroup]
[STDERR  ] 2018-04-16T22:48:24.187855198Z: - [37mCONFIG_NAMESPACES[m: [32menabled[m
[STDERR  ] 2018-04-16T22:48:24.187868896Z: - [37mCONFIG_NET_NS[m: [32menabled[m
[STDERR  ] 2018-04-16T22:48:24.187886569Z: - [37mCONFIG_PID_NS[m: [32menabled[m
[STDERR  ] 2018-04-16T22:48:24.187903511Z: - [37mCONFIG_IPC_NS[m: [32menabled[m
[STDERR  ] 2018-04-16T22:48:24.187919591Z: - [37mCONFIG_UTS_NS[m: [32menabled[m
[STDERR  ] 2018-04-16T22:48:24.187933513Z: - [37mCONFIG_CGROUPS[m: [32menabled[m
[STDERR  ] 2018-04-16T22:48:24.187950332Z: - [37mCONFIG_CGROUP_CPUACCT[m: [32menabled[m
[STDERR  ] 2018-04-16T22:48:24.187966999Z: - [37mCONFIG_CGROUP_DEVICE[m: [32menabled[m
[STDERR  ] 2018-04-16T22:48:24.187983532Z: - [37mCONFIG_CGROUP_FREEZER[m: [32menabled[m
[STDERR  ] 2018-04-16T22:48:24.188000099Z: - [37mCONFIG_CGROUP_SCHED[m: [32menabled[m
[STDERR  ] 2018-04-16T22:48:24.188025405Z: - [37mCONFIG_CPUSETS[m: [32menabled[m
[STDERR  ] 2018-04-16T22:48:24.188042027Z: - [37mCONFIG_MEMCG[m: [32menabled[m
[STDERR  ] 2018-04-16T22:48:24.188055853Z: - [37mCONFIG_KEYS[m: [32menabled[m
[STDERR  ] 2018-04-16T22:48:24.188072774Z: - [37mCONFIG_VETH[m: [32menabled[m
[STDERR  ] 2018-04-16T22:48:24.188088778Z: - [37mCONFIG_BRIDGE[m: [32menabled[m
[STDERR  ] 2018-04-16T22:48:24.188102492Z: - [37mCONFIG_BRIDGE_NETFILTER[m: [32menabled[m
[STDERR  ] 2018-04-16T22:48:24.188119087Z: - [37mCONFIG_NF_NAT_IPV4[m: [32menabled[m
[STDERR  ] 2018-04-16T22:48:24.188135923Z: - [37mCONFIG_IP_NF_FILTER[m: [32menabled[m
[STDERR  ] 2018-04-16T22:48:24.188149540Z: - [37mCONFIG_IP_NF_TARGET_MASQUERADE[m: [32menabled[m
[STDERR  ] 2018-04-16T22:48:24.188166414Z: - [37mCONFIG_NETFILTER_XT_MATCH_ADDRTYPE[m: [32menabled[m
[STDERR  ] 2018-04-16T22:48:24.188188445Z: - [37mCONFIG_NETFILTER_XT_MATCH_CONNTRACK[m: [32menabled[m
[STDERR  ] 2018-04-16T22:48:24.188202913Z: - [37mCONFIG_NETFILTER_XT_MATCH_IPVS[m: [32menabled[m
[STDERR  ] 2018-04-16T22:48:24.188219653Z: - [37mCONFIG_IP_NF_NAT[m: [32menabled[m
[STDERR  ] 2018-04-16T22:48:24.188243526Z: - [37mCONFIG_NF_NAT[m: [32menabled[m
[STDERR  ] 2018-04-16T22:48:24.188266933Z: - [37mCONFIG_NF_NAT_NEEDED[m: [32menabled[m
[STDERR  ] 2018-04-16T22:48:24.188284440Z: - [37mCONFIG_POSIX_MQUEUE[m: [32menabled[m
[STDERR  ] 2018-04-16T22:48:24.188313550Z: - [37mCONFIG_DEVPTS_MULTIPLE_INSTANCES[m: [32menabled[m
[STDERR  ] 2018-04-16T22:48:24.188330863Z: 
[STDERR  ] 2018-04-16T22:48:24.188353240Z: Optional Features:
[STDERR  ] 2018-04-16T22:48:24.188375646Z: - [37mCONFIG_USER_NS[m: [32menabled[m
[STDERR  ] 2018-04-16T22:48:24.188393520Z: - [37mCONFIG_SECCOMP[m: [32menabled[m
[STDERR  ] 2018-04-16T22:48:24.188416243Z: - [37mCONFIG_CGROUP_PIDS[m: [32menabled[m
[STDERR  ] 2018-04-16T22:48:24.188433006Z: - [37mCONFIG_MEMCG_SWAP[m: [32menabled[m
[STDERR  ] 2018-04-16T22:48:24.188447960Z: - [37mCONFIG_MEMCG_SWAP_ENABLED[m: [32menabled[m
[STDERR  ] 2018-04-16T22:48:24.188464634Z:     [1;30m(cgroup swap accounting is currently enabled)[m
[STDERR  ] 2018-04-16T22:48:24.188481634Z: - [1mCONFIG_LEGACY_VSYSCALL_NONE[m: [1;31menabled[m
[STDERR  ] 2018-04-16T22:48:24.188498061Z:     [1;30m(containers using eglibc <= 2.13 will not work. Switch to[m
[STDERR  ] 2018-04-16T22:48:24.188515000Z:     [1;30m "CONFIG_VSYSCALL_[NATIVE|EMULATE]" or use "vsyscall=[native|emulate]"[m
[STDERR  ] 2018-04-16T22:48:24.188537983Z:     [1;30m on kernel command line. Note that this will disable ASLR for the,[m
[STDERR  ] 2018-04-16T22:48:24.188555988Z:     [1;30m VDSO which may assist in exploiting security vulnerabilities.)[m
[STDERR  ] 2018-04-16T22:48:24.188572568Z: - [37mCONFIG_MEMCG_KMEM[m: [32menabled[m
[STDERR  ] 2018-04-16T22:48:24.188589094Z: - [37mCONFIG_BLK_CGROUP[m: [32menabled[m
[STDERR  ] 2018-04-16T22:48:24.188605710Z: - [37mCONFIG_BLK_DEV_THROTTLING[m: [32menabled[m
[STDERR  ] 2018-04-16T22:48:24.188622624Z: - [37mCONFIG_IOSCHED_CFQ[m: [32menabled[m
[STDERR  ] 2018-04-16T22:48:24.188636500Z: - [37mCONFIG_CFQ_GROUP_IOSCHED[m: [32menabled[m
[STDERR  ] 2018-04-16T22:48:24.188652646Z: - [37mCONFIG_CGROUP_PERF[m: [32menabled[m
[STDERR  ] 2018-04-16T22:48:24.188668932Z: - [37mCONFIG_CGROUP_HUGETLB[m: [32menabled[m
[STDERR  ] 2018-04-16T22:48:24.188683070Z: - [37mCONFIG_NET_CLS_CGROUP[m: [32menabled[m
[STDERR  ] 2018-04-16T22:48:24.188699600Z: - [37mCONFIG_CGROUP_NET_PRIO[m: [32menabled[m
[STDERR  ] 2018-04-16T22:48:24.188716186Z: - [37mCONFIG_CFS_BANDWIDTH[m: [32menabled[m
[STDERR  ] 2018-04-16T22:48:24.188729886Z: - [37mCONFIG_FAIR_GROUP_SCHED[m: [32menabled[m
[STDERR  ] 2018-04-16T22:48:24.188752114Z: - [37mCONFIG_RT_GROUP_SCHED[m: [32menabled[m
[STDERR  ] 2018-04-16T22:48:24.188765761Z: - [37mCONFIG_IP_VS[m: [32menabled[m
[STDERR  ] 2018-04-16T22:48:24.188782654Z: - [37mCONFIG_IP_VS_NFCT[m: [32menabled[m
[STDERR  ] 2018-04-16T22:48:24.188799215Z: - [37mCONFIG_IP_VS_RR[m: [32menabled[m
[STDERR  ] 2018-04-16T22:48:24.188816103Z: - [37mCONFIG_EXT4_FS[m: [32menabled[m
[STDERR  ] 2018-04-16T22:48:24.188838495Z: - [37mCONFIG_EXT4_FS_POSIX_ACL[m: [32menabled[m
[STDERR  ] 2018-04-16T22:48:24.188855112Z: - [37mCONFIG_EXT4_FS_SECURITY[m: [32menabled[m
[STDERR  ] 2018-04-16T22:48:24.188869081Z: - Network Drivers:
[STDERR  ] 2018-04-16T22:48:24.188885855Z:   - "[34moverlay[m":
[STDERR  ] 2018-04-16T22:48:24.188902932Z:     - [37mCONFIG_VXLAN[m: [32menabled[m
[STDERR  ] 2018-04-16T22:48:24.188919534Z:       Optional (for encrypted networks):
[STDERR  ] 2018-04-16T22:48:24.188936277Z:       - [37mCONFIG_CRYPTO[m: [32menabled[m
[STDERR  ] 2018-04-16T22:48:24.189069530Z:       - [37mCONFIG_CRYPTO_AEAD[m: [32menabled[m
[STDERR  ] 2018-04-16T22:48:24.189085370Z:       - [37mCONFIG_CRYPTO_GCM[m: [32menabled[m
[STDERR  ] 2018-04-16T22:48:24.189105077Z:       - [37mCONFIG_CRYPTO_SEQIV[m: [32menabled[m
[STDERR  ] 2018-04-16T22:48:24.189117741Z:       - [37mCONFIG_CRYPTO_GHASH[m: [32menabled[m
[STDERR  ] 2018-04-16T22:48:24.189135815Z:       - [37mCONFIG_XFRM[m: [32menabled[m
[STDERR  ] 2018-04-16T22:48:24.189148403Z:       - [37mCONFIG_XFRM_USER[m: [32menabled (as module)[m
[STDERR  ] 2018-04-16T22:48:24.189162006Z:       - [37mCONFIG_XFRM_ALGO[m: [32menabled (as module)[m
[STDERR  ] 2018-04-16T22:48:24.189175148Z:       - [37mCONFIG_INET_ESP[m: [32menabled (as module)[m
[STDERR  ] 2018-04-16T22:48:24.189195340Z:       - [37mCONFIG_INET_XFRM_MODE_TRANSPORT[m: [32menabled (as module)[m
[STDERR  ] 2018-04-16T22:48:24.189208464Z:   - "[34mipvlan[m":
[STDERR  ] 2018-04-16T22:48:24.189225052Z:     - [37mCONFIG_IPVLAN[m: [32menabled[m
[STDERR  ] 2018-04-16T22:48:24.189238555Z:   - "[34mmacvlan[m":
[STDERR  ] 2018-04-16T22:48:24.189251220Z:     - [37mCONFIG_MACVLAN[m: [32menabled[m
[STDERR  ] 2018-04-16T22:48:24.189273670Z:     - [37mCONFIG_DUMMY[m: [32menabled (as module)[m
[STDERR  ] 2018-04-16T22:48:24.189286912Z:   - "[34mftp,tftp client in container[m":
[STDERR  ] 2018-04-16T22:48:24.189299817Z:     - [37mCONFIG_NF_NAT_FTP[m: [32menabled[m
[STDERR  ] 2018-04-16T22:48:24.189313523Z:     - [37mCONFIG_NF_CONNTRACK_FTP[m: [32menabled[m
[STDERR  ] 2018-04-16T22:48:24.189327485Z:     - [37mCONFIG_NF_NAT_TFTP[m: [32menabled[m
[STDERR  ] 2018-04-16T22:48:24.189340233Z:     - [37mCONFIG_NF_CONNTRACK_TFTP[m: [32menabled[m
[STDERR  ] 2018-04-16T22:48:24.189352358Z: - Storage Drivers:
[STDERR  ] 2018-04-16T22:48:24.189365224Z:   - "[34maufs[m":
[STDERR  ] 2018-04-16T22:48:24.189378936Z:     - [1mCONFIG_AUFS_FS[m: [1;31mmissing[m
[STDERR  ] 2018-04-16T22:48:24.189391555Z:   - "[34mbtrfs[m":
[STDERR  ] 2018-04-16T22:48:24.189405473Z:     - [37mCONFIG_BTRFS_FS[m: [32menabled (as module)[m
[STDERR  ] 2018-04-16T22:48:24.189418976Z:     - [37mCONFIG_BTRFS_FS_POSIX_ACL[m: [32menabled[m
[STDERR  ] 2018-04-16T22:48:24.189437405Z:   - "[34mdevicemapper[m":
[STDERR  ] 2018-04-16T22:48:24.189457333Z:     - [37mCONFIG_BLK_DEV_DM[m: [32menabled[m
[STDERR  ] 2018-04-16T22:48:24.189471135Z:     - [37mCONFIG_DM_THIN_PROVISIONING[m: [32menabled[m
[STDERR  ] 2018-04-16T22:48:24.189484234Z:   - "[34moverlay[m":
[STDERR  ] 2018-04-16T22:48:24.189497301Z:     - [37mCONFIG_OVERLAY_FS[m: [32menabled[m
[STDERR  ] 2018-04-16T22:48:24.189509931Z:   - "[34mzfs[m":
[STDERR  ] 2018-04-16T22:48:24.189522507Z:     - [1m/dev/zfs[m: [1;31mmissing[m
[STDERR  ] 2018-04-16T22:48:24.189534767Z:     - [1mzfs command[m: [1;31mmissing[m
[STDERR  ] 2018-04-16T22:48:24.189547687Z:     - [1mzpool command[m: [1;31mmissing[m
[STDERR  ] 2018-04-16T22:48:24.189560000Z: 
[STDERR  ] 2018-04-16T22:48:24.189573331Z: Limits:
[STDERR  ] 2018-04-16T22:48:24.189585520Z: [37m- /proc/sys/kernel/keys/root_maxkeys[m: [32m1000000[m
[STDERR  ] 2018-04-16T22:48:24.189597554Z: 
[STDERR  ] 2018-04-16T22:48:24.189609360Z: Kernel config test suite PASSED
[STDERR  ] 2018-04-16T22:48:24.189627136Z: [    7.138637] ACPI: Preparing to enter system sleep state S5
[STDERR  ] 2018-04-16T22:48:24.189639478Z: [    7.144481] reboot: Power down
[STDERR  ] 2018-04-16T22:48:24.189651845Z: + grep -q suite PASSED
[STDERR  ] 2018-04-16T22:48:24.189664124Z: + exit 0
[STDERR  ] 2018-04-16T22:48:24.189677761Z: + clean_up
[STDERR  ] 2018-04-16T22:48:24.189690255Z: + rm -rf kconfig-cmdline kconfig-initrd.img kconfig-kernel kconfig-state
[PASS    ] linuxkit.kernel.config_4.4.x 25.07s
