[INFO    ] 2017-12-07T05:09:35.409001942Z: Running Test linuxkit.packages.mkimage in /tmp/build/test/cases/040_packages/013_mkimage
[INFO    ] 2017-12-07T05:09:35.409170247Z: Running command: [/bin/sh -x /tmp/build/test/cases/040_packages/013_mkimage/test.sh]
[STDERR  ] 2017-12-07T05:09:35.439529443Z: + set -e
[STDERR  ] 2017-12-07T05:09:35.439671313Z: + . /tmp/build/test/cases/_lib/lib.sh
[STDERR  ] 2017-12-07T05:09:35.439687894Z: + [ -f src/github.com/linuxkit/rtf/lib/lib.sh ]
[STDERR  ] 2017-12-07T05:09:35.439698203Z: + LINUXKIT_TMPDIR=/tmp/build/test/cases/_tmp
[STDERR  ] 2017-12-07T05:09:35.439708343Z: + [ -f /tmp/build/test/cases/_tmp/env.sh ]
[STDERR  ] 2017-12-07T05:09:35.439718463Z: + . /tmp/build/test/cases/_tmp/env.sh
[STDERR  ] 2017-12-07T05:09:35.439728125Z: + export LINUXKIT_EXAMPLES_DIR=/tmp/build/test/cases/../../examples
[STDERR  ] 2017-12-07T05:09:35.439740084Z: + export LINUXKIT_BLUEPRINTS_DIR=/tmp/build/test/cases/../../blueprints
[STDERR  ] 2017-12-07T05:09:35.439750223Z: + RT_CANCEL=253
[STDERR  ] 2017-12-07T05:09:35.439759812Z: + trap clean_up EXIT
[STDERR  ] 2017-12-07T05:09:35.439770734Z: + linuxkit build -format kernel+initrd run.yml
[STDERR  ] 2017-12-07T05:09:35.497329482Z: Extract kernel image: linuxkit/kernel:4.9.65
[STDERR  ] 2017-12-07T05:09:36.690225943Z: time="2017-12-07T05:09:36Z" level=warning msg="certificate with CN Justin Cormack is near expiry" 
[STDERR  ] 2017-12-07T05:09:36.690352421Z: time="2017-12-07T05:09:36Z" level=warning msg="certificate with CN  is near expiry" 
[STDERR  ] 2017-12-07T05:09:36.737829195Z: time="2017-12-07T05:09:36Z" level=warning msg="certificate with CN Justin Cormack is near expiry" 
[STDERR  ] 2017-12-07T05:09:37.531289172Z: Add init containers:
[STDERR  ] 2017-12-07T05:09:37.531397242Z: Process init image: linuxkit/init:42a92119e1ca10380e0d33e26c0cbcf85b9b3558
[STDERR  ] 2017-12-07T05:09:38.569485628Z: time="2017-12-07T05:09:38Z" level=warning msg="certificate with CN Justin Cormack is near expiry" 
[STDERR  ] 2017-12-07T05:09:38.569597148Z: time="2017-12-07T05:09:38Z" level=warning msg="certificate with CN  is near expiry" 
[STDERR  ] 2017-12-07T05:09:38.574074131Z: time="2017-12-07T05:09:38Z" level=warning msg="certificate with CN Justin Cormack is near expiry" 
[STDERR  ] 2017-12-07T05:09:38.576509588Z: time="2017-12-07T05:09:38Z" level=warning msg="certificate with CN  is near expiry" 
[STDERR  ] 2017-12-07T05:09:38.923371332Z: Process init image: linuxkit/runc:1b0741d07949c0acc444cd6a04ee7f833443579d
[STDERR  ] 2017-12-07T05:09:39.968636986Z: time="2017-12-07T05:09:39Z" level=warning msg="certificate with CN  is near expiry" 
[STDERR  ] 2017-12-07T05:09:39.969117331Z: time="2017-12-07T05:09:39Z" level=warning msg="certificate with CN Justin Cormack is near expiry" 
[STDERR  ] 2017-12-07T05:09:39.972530098Z: time="2017-12-07T05:09:39Z" level=warning msg="certificate with CN Justin Cormack is near expiry" 
[STDERR  ] 2017-12-07T05:09:39.97461988Z: time="2017-12-07T05:09:39Z" level=warning msg="certificate with CN  is near expiry" 
[STDERR  ] 2017-12-07T05:09:40.18868537Z: Add onboot containers:
[STDERR  ] 2017-12-07T05:09:40.18878525Z:   Create OCI config for linuxkit/poweroff:280bd01daa8776fbe1f4d912977f1886b8374834
[STDERR  ] 2017-12-07T05:09:41.233856876Z: time="2017-12-07T05:09:41Z" level=warning msg="certificate with CN Justin Cormack is near expiry" 
[STDERR  ] 2017-12-07T05:09:41.234006478Z: time="2017-12-07T05:09:41Z" level=warning msg="certificate with CN Rolf Neugebauer is near expiry" 
[STDERR  ] 2017-12-07T05:09:41.234098909Z: time="2017-12-07T05:09:41Z" level=warning msg="certificate with CN  is near expiry" 
[STDERR  ] 2017-12-07T05:09:41.236001239Z: time="2017-12-07T05:09:41Z" level=warning msg="certificate with CN Rolf Neugebauer is near expiry" 
[STDERR  ] 2017-12-07T05:09:41.236794901Z: time="2017-12-07T05:09:41Z" level=warning msg="certificate with CN  is near expiry" 
[STDERR  ] 2017-12-07T05:09:41.438482943Z: Create outputs:
[STDERR  ] 2017-12-07T05:09:46.961446339Z:   run-kernel run-initrd.img run-cmdline
[STDERR  ] 2017-12-07T05:09:47.038982344Z: + linuxkit build -format kernel+initrd mkimage.yml
[STDERR  ] 2017-12-07T05:09:47.102650359Z: Extract kernel image: linuxkit/kernel:4.9.65
[STDERR  ] 2017-12-07T05:09:48.283620985Z: time="2017-12-07T05:09:48Z" level=warning msg="certificate with CN Justin Cormack is near expiry" 
[STDERR  ] 2017-12-07T05:09:48.28370048Z: time="2017-12-07T05:09:48Z" level=warning msg="certificate with CN  is near expiry" 
[STDERR  ] 2017-12-07T05:09:48.332491862Z: time="2017-12-07T05:09:48Z" level=warning msg="certificate with CN Justin Cormack is near expiry" 
[STDERR  ] 2017-12-07T05:09:49.246835248Z: Add init containers:
[STDERR  ] 2017-12-07T05:09:49.246955958Z: Process init image: linuxkit/init:42a92119e1ca10380e0d33e26c0cbcf85b9b3558
[STDERR  ] 2017-12-07T05:09:50.305191356Z: time="2017-12-07T05:09:50Z" level=warning msg="certificate with CN Justin Cormack is near expiry" 
[STDERR  ] 2017-12-07T05:09:50.305428997Z: time="2017-12-07T05:09:50Z" level=warning msg="certificate with CN  is near expiry" 
[STDERR  ] 2017-12-07T05:09:50.310058319Z: time="2017-12-07T05:09:50Z" level=warning msg="certificate with CN Justin Cormack is near expiry" 
[STDERR  ] 2017-12-07T05:09:50.311935489Z: time="2017-12-07T05:09:50Z" level=warning msg="certificate with CN  is near expiry" 
[STDERR  ] 2017-12-07T05:09:50.644789408Z: Process init image: linuxkit/runc:1b0741d07949c0acc444cd6a04ee7f833443579d
[STDERR  ] 2017-12-07T05:09:51.683113835Z: time="2017-12-07T05:09:51Z" level=warning msg="certificate with CN Justin Cormack is near expiry" 
[STDERR  ] 2017-12-07T05:09:51.683277209Z: time="2017-12-07T05:09:51Z" level=warning msg="certificate with CN  is near expiry" 
[STDERR  ] 2017-12-07T05:09:51.685699972Z: time="2017-12-07T05:09:51Z" level=warning msg="certificate with CN Justin Cormack is near expiry" 
[STDERR  ] 2017-12-07T05:09:51.687140385Z: time="2017-12-07T05:09:51Z" level=warning msg="certificate with CN  is near expiry" 
[STDERR  ] 2017-12-07T05:09:51.899020641Z: Add onboot containers:
[STDERR  ] 2017-12-07T05:09:51.899141055Z:   Create OCI config for linuxkit/mkimage:a5dd896053b08abea3141628f7245f4d16a5fc1f
[STDERR  ] 2017-12-07T05:09:53.001541496Z: time="2017-12-07T05:09:53Z" level=warning msg="certificate with CN Justin Cormack is near expiry" 
[STDERR  ] 2017-12-07T05:09:53.001856519Z: time="2017-12-07T05:09:53Z" level=warning msg="certificate with CN Rolf Neugebauer is near expiry" 
[STDERR  ] 2017-12-07T05:09:53.001924949Z: time="2017-12-07T05:09:53Z" level=warning msg="certificate with CN  is near expiry" 
[STDERR  ] 2017-12-07T05:09:53.004762701Z: time="2017-12-07T05:09:53Z" level=warning msg="certificate with CN Justin Cormack is near expiry" 
[STDERR  ] 2017-12-07T05:09:53.008863839Z: time="2017-12-07T05:09:53Z" level=warning msg="certificate with CN Rolf Neugebauer is near expiry" 
[STDERR  ] 2017-12-07T05:09:53.010756423Z: time="2017-12-07T05:09:53Z" level=warning msg="certificate with CN  is near expiry" 
[STDERR  ] 2017-12-07T05:09:53.037618314Z: Pull image: docker.io/linuxkit/mkimage:a5dd896053b08abea3141628f7245f4d16a5fc1f@sha256:429e2596b53511450fc0dc8bf00c1ba7cea1b548527dbbac2207247e602d5449
[STDERR  ] 2017-12-07T05:09:55.970399581Z:   Create OCI config for linuxkit/poweroff:280bd01daa8776fbe1f4d912977f1886b8374834
[STDERR  ] 2017-12-07T05:09:57.029486264Z: time="2017-12-07T05:09:57Z" level=warning msg="certificate with CN Justin Cormack is near expiry" 
[STDERR  ] 2017-12-07T05:09:57.029668667Z: time="2017-12-07T05:09:57Z" level=warning msg="certificate with CN Rolf Neugebauer is near expiry" 
[STDERR  ] 2017-12-07T05:09:57.029753834Z: time="2017-12-07T05:09:57Z" level=warning msg="certificate with CN  is near expiry" 
[STDERR  ] 2017-12-07T05:09:57.031763891Z: time="2017-12-07T05:09:57Z" level=warning msg="certificate with CN Rolf Neugebauer is near expiry" 
[STDERR  ] 2017-12-07T05:09:57.032609319Z: time="2017-12-07T05:09:57Z" level=warning msg="certificate with CN  is near expiry" 
[STDERR  ] 2017-12-07T05:09:57.256799397Z: Create outputs:
[STDERR  ] 2017-12-07T05:10:03.630708268Z:   mkimage-kernel mkimage-initrd.img mkimage-cmdline
[STDERR  ] 2017-12-07T05:10:03.711675799Z: + tar cf tarball.img run-kernel run-initrd.img run-cmdline
[STDERR  ] 2017-12-07T05:10:03.906560411Z: + linuxkit run qemu -disk disk.qcow2,size=200M,format=qcow2 -disk tarball.img,format=raw -kernel mkimage
[STDERR  ] 2017-12-07T05:10:03.946646106Z: Unable to find qemu-system-x86_64 within the $PATH. Using a container
[STDERR  ] 2017-12-07T05:10:04.760485369Z: Using existing disk [tarball.img] format raw
[STDOUT  ] 2017-12-07T05:10:07.030837005Z: [    0.000000] Linux version 4.9.65-linuxkit (root@c78110dc0cc9) (gcc version 6.3.0 (Alpine 6.3.0) ) #1 SMP Fri Nov 24 15:20:57 UTC 2017
[STDOUT  ] 2017-12-07T05:10:07.031309044Z: [    0.000000] Command line: console=ttyS0
[STDOUT  ] 2017-12-07T05:10:07.031343928Z: [    0.000000] x86/fpu: Legacy x87 FPU detected.
[STDOUT  ] 2017-12-07T05:10:07.031355935Z: [    0.000000] x86/fpu: Using 'eager' FPU context switches.
[STDOUT  ] 2017-12-07T05:10:07.031749881Z: [    0.000000] e820: BIOS-provided physical RAM map:
[STDOUT  ] 2017-12-07T05:10:07.032104718Z: [    0.000000] BIOS-e820: [mem 0x0000000000000000-0x000000000009fbff] usable
[STDOUT  ] 2017-12-07T05:10:07.032138603Z: [    0.000000] BIOS-e820: [mem 0x000000000009fc00-0x000000000009ffff] reserved
[STDOUT  ] 2017-12-07T05:10:07.03241183Z: [    0.000000] BIOS-e820: [mem 0x00000000000f0000-0x00000000000fffff] reserved
[STDOUT  ] 2017-12-07T05:10:07.03255553Z: [    0.000000] BIOS-e820: [mem 0x0000000000100000-0x000000003ffddfff] usable
[STDOUT  ] 2017-12-07T05:10:07.03282537Z: [    0.000000] BIOS-e820: [mem 0x000000003ffde000-0x000000003fffffff] reserved
[STDOUT  ] 2017-12-07T05:10:07.033059858Z: [    0.000000] BIOS-e820: [mem 0x00000000b0000000-0x00000000bfffffff] reserved
[STDOUT  ] 2017-12-07T05:10:07.03342652Z: [    0.000000] BIOS-e820: [mem 0x00000000fed1c000-0x00000000fed1ffff] reserved
[STDOUT  ] 2017-12-07T05:10:07.033535055Z: [    0.000000] BIOS-e820: [mem 0x00000000fffc0000-0x00000000ffffffff] reserved
[STDOUT  ] 2017-12-07T05:10:07.033852073Z: [    0.000000] NX (Execute Disable) protection: active
[STDOUT  ] 2017-12-07T05:10:07.033959487Z: [    0.000000] SMBIOS 2.8 present.
[STDOUT  ] 2017-12-07T05:10:07.034268134Z: [    0.000000] e820: last_pfn = 0x3ffde max_arch_pfn = 0x400000000
[STDOUT  ] 2017-12-07T05:10:07.034497901Z: [    0.000000] x86/PAT: Configuration [0-7]: WB  WC  UC- UC  WB  WC  UC- WT  
[STDOUT  ] 2017-12-07T05:10:07.034729055Z: [    0.000000] found SMP MP-table at [mem 0x000f6aa0-0x000f6aaf] mapped at [ffff912a400f6aa0]
[STDOUT  ] 2017-12-07T05:10:07.034931663Z: [    0.000000] RAMDISK: [mem 0x3e401000-0x3ffcffff]
[STDOUT  ] 2017-12-07T05:10:07.035136945Z: [    0.000000] ACPI: Early table checksum verification disabled
[STDOUT  ] 2017-12-07T05:10:07.03544678Z: [    0.000000] ACPI: RSDP 0x00000000000F68C0 000014 (v00 BOCHS )
[STDOUT  ] 2017-12-07T05:10:07.035655623Z: [    0.000000] ACPI: RSDT 0x000000003FFE2404 000034 (v01 BOCHS  BXPCRSDT 00000001 BXPC 00000001)
[STDOUT  ] 2017-12-07T05:10:07.03599088Z: [    0.000000] ACPI: FACP 0x000000003FFE22A4 000074 (v01 BOCHS  BXPCFACP 00000001 BXPC 00000001)
[STDOUT  ] 2017-12-07T05:10:07.036252693Z: [    0.000000] ACPI: DSDT 0x000000003FFE0040 002264 (v01 BOCHS  BXPCDSDT 00000001 BXPC 00000001)
[STDOUT  ] 2017-12-07T05:10:07.03642122Z: [    0.000000] ACPI: FACS 0x000000003FFE0000 000040
[STDOUT  ] 2017-12-07T05:10:07.036757023Z: [    0.000000] ACPI: APIC 0x000000003FFE2318 000078 (v01 BOCHS  BXPCAPIC 00000001 BXPC 00000001)
[STDOUT  ] 2017-12-07T05:10:07.037089954Z: [    0.000000] ACPI: HPET 0x000000003FFE2390 000038 (v01 BOCHS  BXPCHPET 00000001 BXPC 00000001)
[STDOUT  ] 2017-12-07T05:10:07.037341261Z: [    0.000000] ACPI: MCFG 0x000000003FFE23C8 00003C (v01 BOCHS  BXPCMCFG 00000001 BXPC 00000001)
[STDOUT  ] 2017-12-07T05:10:07.037514704Z: [    0.000000] Zone ranges:
[STDOUT  ] 2017-12-07T05:10:07.037704303Z: [    0.000000]   DMA      [mem 0x0000000000001000-0x0000000000ffffff]
[STDOUT  ] 2017-12-07T05:10:07.037857898Z: [    0.000000]   DMA32    [mem 0x0000000001000000-0x000000003ffddfff]
[STDOUT  ] 2017-12-07T05:10:07.038094648Z: [    0.000000]   Normal   empty
[STDOUT  ] 2017-12-07T05:10:07.038267437Z: [    0.000000] Movable zone start for each node
[STDOUT  ] 2017-12-07T05:10:07.038458863Z: [    0.000000] Early memory node ranges
[STDOUT  ] 2017-12-07T05:10:07.038712144Z: [    0.000000]   node   0: [mem 0x0000000000001000-0x000000000009efff]
[STDOUT  ] 2017-12-07T05:10:07.038867593Z: [    0.000000]   node   0: [mem 0x0000000000100000-0x000000003ffddfff]
[STDOUT  ] 2017-12-07T05:10:07.039020451Z: [    0.000000] Initmem setup node 0 [mem 0x0000000000001000-0x000000003ffddfff]
[STDOUT  ] 2017-12-07T05:10:07.039351748Z: [    0.000000] ACPI: PM-Timer IO Port: 0x608
[STDOUT  ] 2017-12-07T05:10:07.03945832Z: [    0.000000] ACPI: LAPIC_NMI (acpi_id[0xff] dfl dfl lint[0x1])
[STDOUT  ] 2017-12-07T05:10:07.03970706Z: [    0.000000] IOAPIC[0]: apic_id 0, version 32, address 0xfec00000, GSI 0-23
[STDOUT  ] 2017-12-07T05:10:07.039908454Z: [    0.000000] ACPI: INT_SRC_OVR (bus 0 bus_irq 0 global_irq 2 dfl dfl)
[STDOUT  ] 2017-12-07T05:10:07.040181971Z: [    0.000000] ACPI: INT_SRC_OVR (bus 0 bus_irq 5 global_irq 5 high level)
[STDOUT  ] 2017-12-07T05:10:07.040487305Z: [    0.000000] ACPI: INT_SRC_OVR (bus 0 bus_irq 9 global_irq 9 high level)
[STDOUT  ] 2017-12-07T05:10:07.04070707Z: [    0.000000] ACPI: INT_SRC_OVR (bus 0 bus_irq 10 global_irq 10 high level)
[STDOUT  ] 2017-12-07T05:10:07.041029054Z: [    0.000000] ACPI: INT_SRC_OVR (bus 0 bus_irq 11 global_irq 11 high level)
[STDOUT  ] 2017-12-07T05:10:07.041183508Z: [    0.000000] Using ACPI (MADT) for SMP configuration information
[STDOUT  ] 2017-12-07T05:10:07.041456578Z: [    0.000000] ACPI: HPET id: 0x8086a201 base: 0xfed00000
[STDOUT  ] 2017-12-07T05:10:07.041676411Z: [    0.000000] smpboot: Allowing 1 CPUs, 0 hotplug CPUs
[STDOUT  ] 2017-12-07T05:10:07.041851182Z: [    0.000000] e820: [mem 0x40000000-0xafffffff] available for PCI devices
[STDOUT  ] 2017-12-07T05:10:07.041962768Z: [    0.000000] Booting paravirtualized kernel on bare hardware
[STDOUT  ] 2017-12-07T05:10:07.042458275Z: [    0.000000] clocksource: refined-jiffies: mask: 0xffffffff max_cycles: 0xffffffff, max_idle_ns: 19112604462750000 ns
[STDOUT  ] 2017-12-07T05:10:07.042743709Z: [    0.000000] setup_percpu: NR_CPUS:128 nr_cpumask_bits:128 nr_cpu_ids:1 nr_node_ids:1
[STDOUT  ] 2017-12-07T05:10:07.042959346Z: [    0.000000] percpu: Embedded 35 pages/cpu @ffff912a7e200000 s105112 r8192 d30056 u2097152
[STDOUT  ] 2017-12-07T05:10:07.043280104Z: [    0.000000] Built 1 zonelists in Zone order, mobility grouping on.  Total pages: 257895
[STDOUT  ] 2017-12-07T05:10:07.043378945Z: [    0.000000] Kernel command line: console=ttyS0
[STDOUT  ] 2017-12-07T05:10:07.043655166Z: [    0.000000] PID hash table entries: 4096 (order: 3, 32768 bytes)
[STDOUT  ] 2017-12-07T05:10:07.043897678Z: [    0.000000] Dentry cache hash table entries: 131072 (order: 8, 1048576 bytes)
[STDOUT  ] 2017-12-07T05:10:07.044177432Z: [    0.000000] Inode-cache hash table entries: 65536 (order: 7, 524288 bytes)
[STDOUT  ] 2017-12-07T05:10:07.044553111Z: [    0.000000] Memory: 985692K/1048048K available (8048K kernel code, 1367K rwdata, 2700K rodata, 1380K init, 568K bss, 62356K reserved, 0K cma-reserved)
[STDOUT  ] 2017-12-07T05:10:07.044742584Z: [    0.000000] Hierarchical RCU implementation.
[STDOUT  ] 2017-12-07T05:10:07.044915988Z: [    0.000000] 	Build-time adjustment of leaf fanout to 64.
[STDOUT  ] 2017-12-07T05:10:07.045179654Z: [    0.000000] 	RCU restricting CPUs from NR_CPUS=128 to nr_cpu_ids=1.
[STDOUT  ] 2017-12-07T05:10:07.045475925Z: [    0.000000] RCU: Adjusting geometry for rcu_fanout_leaf=64, nr_cpu_ids=1
[STDOUT  ] 2017-12-07T05:10:07.045686788Z: [    0.000000] NR_IRQS:8448 nr_irqs:256 16
[STDOUT  ] 2017-12-07T05:10:07.045704738Z: [    0.000000] Console: colour VGA+ 80x25
[STDOUT  ] 2017-12-07T05:10:07.046127379Z: [    0.000000] console [ttyS0] enabled
[STDOUT  ] 2017-12-07T05:10:07.050394999Z: [    0.000000] clocksource: hpet: mask: 0xffffffff max_cycles: 0xffffffff, max_idle_ns: 19112604467 ns
[STDOUT  ] 2017-12-07T05:10:07.1287425Z: [    0.000000] tsc: Unable to calibrate against PIT
[STDOUT  ] 2017-12-07T05:10:07.129167268Z: [    0.000000] tsc: using HPET reference calibration
[STDOUT  ] 2017-12-07T05:10:07.129890871Z: [    0.000000] tsc: Detected 2600.097 MHz processor
[STDOUT  ] 2017-12-07T05:10:07.133965394Z: [    0.042694] Calibrating delay loop (skipped), value calculated using timer frequency.. 5200.19 BogoMIPS (lpj=26000970)
[STDOUT  ] 2017-12-07T05:10:07.13440432Z: [    0.044078] pid_max: default: 32768 minimum: 301
[STDOUT  ] 2017-12-07T05:10:07.135566057Z: [    0.045165] ACPI: Core revision 20160831
[STDOUT  ] 2017-12-07T05:10:07.190792133Z: [    0.098122] ACPI: 1 ACPI AML tables successfully acquired and loaded
[STDOUT  ] 2017-12-07T05:10:07.196199784Z: [    0.103913] Security Framework initialized
[STDOUT  ] 2017-12-07T05:10:07.196657157Z: [    0.104448] Yama: becoming mindful.
[STDOUT  ] 2017-12-07T05:10:07.199476315Z: [    0.106847] Mount-cache hash table entries: 2048 (order: 2, 16384 bytes)
[STDOUT  ] 2017-12-07T05:10:07.199969393Z: [    0.107521] Mountpoint-cache hash table entries: 2048 (order: 2, 16384 bytes)
[STDOUT  ] 2017-12-07T05:10:07.224150953Z: [    0.131620] Last level iTLB entries: 4KB 0, 2MB 0, 4MB 0
[STDOUT  ] 2017-12-07T05:10:07.224788769Z: [    0.132159] Last level dTLB entries: 4KB 0, 2MB 0, 4MB 0, 1GB 0
[STDOUT  ] 2017-12-07T05:10:07.637693949Z: [    0.544727] Freeing SMP alternatives memory: 20K
[STDOUT  ] 2017-12-07T05:10:07.650634235Z: [    0.557855] ftrace: allocating 35540 entries in 139 pages
[STDOUT  ] 2017-12-07T05:10:08.032037281Z: [    0.759021] smpboot: Max logical packages: 1
[STDOUT  ] 2017-12-07T05:10:08.040428388Z: [    0.766858] ..TIMER: vector=0x30 apic1=0 pin1=2 apic2=-1 pin2=-1
[STDOUT  ] 2017-12-07T05:10:08.263986042Z: [    0.880000] smpboot: CPU0: AMD QEMU Virtual CPU version 2.5+ (family: 0x6, model: 0x6, stepping: 0x3)
[STDOUT  ] 2017-12-07T05:10:08.265486142Z: [    0.880000] Performance Events: PMU not available due to virtualization, using software events only.
[STDOUT  ] 2017-12-07T05:10:08.288482524Z: [    0.894832] NMI watchdog: disabled (cpu0): hardware events not enabled
[STDOUT  ] 2017-12-07T05:10:08.288986888Z: [    0.895197] NMI watchdog: Shutting down hard lockup detector on all cpus
[STDOUT  ] 2017-12-07T05:10:08.294663079Z: [    0.900447] x86: Booted up 1 node, 1 CPUs
[STDOUT  ] 2017-12-07T05:10:08.295056376Z: [    0.900966] smpboot: Total of 1 processors activated (5200.19 BogoMIPS)
[STDOUT  ] 2017-12-07T05:10:08.316366238Z: [    0.922660] devtmpfs: initialized
[STDOUT  ] 2017-12-07T05:10:08.324387062Z: [    0.930874] x86/mm: Memory block size: 128MB
[STDOUT  ] 2017-12-07T05:10:08.400144501Z: [    1.006296] clocksource: jiffies: mask: 0xffffffff max_cycles: 0xffffffff, max_idle_ns: 19112604462750000 ns
[STDOUT  ] 2017-12-07T05:10:08.401167356Z: [    1.007697] futex hash table entries: 256 (order: 2, 16384 bytes)
[STDOUT  ] 2017-12-07T05:10:08.412789843Z: [    1.018545] NET: Registered protocol family 16
[STDOUT  ] 2017-12-07T05:10:08.426617338Z: [    1.032939] cpuidle: using governor ladder
[STDOUT  ] 2017-12-07T05:10:08.427165895Z: [    1.033750] cpuidle: using governor menu
[STDOUT  ] 2017-12-07T05:10:08.429512725Z: [    1.035877] ACPI: bus type PCI registered
[STDOUT  ] 2017-12-07T05:10:08.434400315Z: [    1.040619] PCI: MMCONFIG for domain 0000 [bus 00-ff] at [mem 0xb0000000-0xbfffffff] (base 0xb0000000)
[STDOUT  ] 2017-12-07T05:10:08.435201779Z: [    1.041694] PCI: MMCONFIG at [mem 0xb0000000-0xbfffffff] reserved in E820
[STDOUT  ] 2017-12-07T05:10:08.436789633Z: [    1.043327] PCI: Using configuration type 1 for base access
[STDOUT  ] 2017-12-07T05:10:08.503910369Z: [    1.110158] HugeTLB registered 2 MB page size, pre-allocated 0 pages
[STDOUT  ] 2017-12-07T05:10:08.519568362Z: [    1.126192] ACPI: Added _OSI(Module Device)
[STDOUT  ] 2017-12-07T05:10:08.520232244Z: [    1.126649] ACPI: Added _OSI(Processor Device)
[STDOUT  ] 2017-12-07T05:10:08.520527095Z: [    1.127197] ACPI: Added _OSI(3.0 _SCP Extensions)
[STDOUT  ] 2017-12-07T05:10:08.521113309Z: [    1.127627] ACPI: Added _OSI(Processor Aggregator Device)
[STDOUT  ] 2017-12-07T05:10:08.624143667Z: [    1.230276] ACPI: Interpreter enabled
[STDOUT  ] 2017-12-07T05:10:08.625240939Z: [    1.231513] ACPI: (supports S0 S5)
[STDOUT  ] 2017-12-07T05:10:08.625887137Z: [    1.231999] ACPI: Using IOAPIC for interrupt routing
[STDOUT  ] 2017-12-07T05:10:08.629623906Z: [    1.235407] PCI: Using host bridge windows from ACPI; if necessary, use "pci=nocrs" and report a bug
[STDOUT  ] 2017-12-07T05:10:08.715057521Z: [    1.320659] ACPI: PCI Root Bridge [PCI0] (domain 0000 [bus 00-ff])
[STDOUT  ] 2017-12-07T05:10:08.716799704Z: [    1.322622] acpi PNP0A08:00: _OSC: OS supports [ExtendedConfig ASPM ClockPM Segments MSI]
[STDOUT  ] 2017-12-07T05:10:08.724557275Z: [    1.330812] acpi PNP0A08:00: _OSC: OS now controls [PCIeHotplug PME PCIeCapability]
[STDOUT  ] 2017-12-07T05:10:08.730123203Z: [    1.336561] PCI host bridge to bus 0000:00
[STDOUT  ] 2017-12-07T05:10:08.730866831Z: [    1.337281] pci_bus 0000:00: root bus resource [io  0x0000-0x0cf7 window]
[STDOUT  ] 2017-12-07T05:10:08.731551418Z: [    1.337829] pci_bus 0000:00: root bus resource [io  0x0d00-0xffff window]
[STDOUT  ] 2017-12-07T05:10:08.73201207Z: [    1.338370] pci_bus 0000:00: root bus resource [mem 0x000a0000-0x000bffff window]
[STDOUT  ] 2017-12-07T05:10:08.732732864Z: [    1.338960] pci_bus 0000:00: root bus resource [mem 0xc0000000-0xfebfffff window]
[STDOUT  ] 2017-12-07T05:10:08.733664107Z: [    1.339926] pci_bus 0000:00: root bus resource [bus 00-ff]
[STDOUT  ] 2017-12-07T05:10:08.86887091Z: [    1.473576] pci 0000:00:1f.0: quirk: [io  0x0600-0x067f] claimed by ICH6 ACPI/GPIO/TCO
[STDOUT  ] 2017-12-07T05:10:08.947457028Z: [    1.553065] ACPI: PCI Interrupt Link [LNKA] (IRQs 5 *10 11)
[STDOUT  ] 2017-12-07T05:10:08.951146437Z: [    1.557293] ACPI: PCI Interrupt Link [LNKB] (IRQs 5 *10 11)
[STDOUT  ] 2017-12-07T05:10:08.954707019Z: [    1.560777] ACPI: PCI Interrupt Link [LNKC] (IRQs 5 10 *11)
[STDOUT  ] 2017-12-07T05:10:08.958182627Z: [    1.564501] ACPI: PCI Interrupt Link [LNKD] (IRQs 5 10 *11)
[STDOUT  ] 2017-12-07T05:10:08.960909804Z: [    1.567096] ACPI: PCI Interrupt Link [LNKE] (IRQs 5 *10 11)
[STDOUT  ] 2017-12-07T05:10:08.965114622Z: [    1.571051] ACPI: PCI Interrupt Link [LNKF] (IRQs 5 *10 11)
[STDOUT  ] 2017-12-07T05:10:08.967904845Z: [    1.573820] ACPI: PCI Interrupt Link [LNKG] (IRQs 5 10 *11)
[STDOUT  ] 2017-12-07T05:10:08.970372053Z: [    1.576444] ACPI: PCI Interrupt Link [LNKH] (IRQs 5 10 *11)
[STDOUT  ] 2017-12-07T05:10:08.971649283Z: [    1.577991] ACPI: PCI Interrupt Link [GSIA] (IRQs *16)
[STDOUT  ] 2017-12-07T05:10:08.972483541Z: [    1.578824] ACPI: PCI Interrupt Link [GSIB] (IRQs *17)
[STDOUT  ] 2017-12-07T05:10:08.973850128Z: [    1.579685] ACPI: PCI Interrupt Link [GSIC] (IRQs *18)
[STDOUT  ] 2017-12-07T05:10:08.974900493Z: [    1.580737] ACPI: PCI Interrupt Link [GSID] (IRQs *19)
[STDOUT  ] 2017-12-07T05:10:08.975843776Z: [    1.581692] ACPI: PCI Interrupt Link [GSIE] (IRQs *20)
[STDOUT  ] 2017-12-07T05:10:08.976704675Z: [    1.582563] ACPI: PCI Interrupt Link [GSIF] (IRQs *21)
[STDOUT  ] 2017-12-07T05:10:08.977510278Z: [    1.583412] ACPI: PCI Interrupt Link [GSIG] (IRQs *22)
[STDOUT  ] 2017-12-07T05:10:08.978330052Z: [    1.584222] ACPI: PCI Interrupt Link [GSIH] (IRQs *23)
[STDOUT  ] 2017-12-07T05:10:08.983750702Z: [    1.589298] ACPI: Enabled 2 GPEs in block 00 to 3F
[STDOUT  ] 2017-12-07T05:10:08.98981152Z: [    1.595337] SCSI subsystem initialized
[STDOUT  ] 2017-12-07T05:10:08.992127495Z: [    1.597928] ACPI: bus type USB registered
[STDOUT  ] 2017-12-07T05:10:08.994155641Z: [    1.600785] usbcore: registered new interface driver usbfs
[STDOUT  ] 2017-12-07T05:10:08.99515151Z: [    1.601696] usbcore: registered new interface driver hub
[STDOUT  ] 2017-12-07T05:10:08.996014235Z: [    1.602575] usbcore: registered new device driver usb
[STDOUT  ] 2017-12-07T05:10:08.997441833Z: [    1.603938] pps_core: LinuxPPS API ver. 1 registered
[STDOUT  ] 2017-12-07T05:10:08.998109003Z: [    1.604303] pps_core: Software ver. 5.3.6 - Copyright 2005-2007 Rodolfo Giometti <giometti@linux.it>
[STDOUT  ] 2017-12-07T05:10:08.998660619Z: [    1.605249] PTP clock support registered
[STDOUT  ] 2017-12-07T05:10:08.999950779Z: [    1.606666] wmi: Mapper loaded
[STDOUT  ] 2017-12-07T05:10:09.001964601Z: [    1.608174] PCI: Using ACPI for IRQ routing
[STDOUT  ] 2017-12-07T05:10:09.022213868Z: [    1.628493] NetLabel: Initializing
[STDOUT  ] 2017-12-07T05:10:09.022913338Z: [    1.628786] NetLabel:  domain hash size = 128
[STDOUT  ] 2017-12-07T05:10:09.023547568Z: [    1.629328] NetLabel:  protocols = UNLABELED CIPSOv4
[STDOUT  ] 2017-12-07T05:10:09.027103419Z: [    1.632766] NetLabel:  unlabeled traffic allowed by default
[STDOUT  ] 2017-12-07T05:10:09.028320707Z: [    1.634186] HPET: 3 timers in total, 0 timers will be used for per-cpu timer
[STDOUT  ] 2017-12-07T05:10:09.029178495Z: [    1.635044] hpet0: at MMIO 0xfed00000, IRQs 2, 8, 0
[STDOUT  ] 2017-12-07T05:10:09.029800969Z: [    1.635574] hpet0: 3 comparators, 64-bit 100.000000 MHz counter
[STDOUT  ] 2017-12-07T05:10:09.035363419Z: [    1.641738] clocksource: Switched to clocksource hpet
[STDOUT  ] 2017-12-07T05:10:09.316144868Z: [    1.920895] VFS: Disk quotas dquot_6.6.0
[STDOUT  ] 2017-12-07T05:10:09.317231575Z: [    1.921953] VFS: Dquot-cache hash table entries: 512 (order 0, 4096 bytes)
[STDOUT  ] 2017-12-07T05:10:09.321287689Z: [    1.926208] FS-Cache: Loaded
[STDOUT  ] 2017-12-07T05:10:09.326990081Z: [    1.931953] CacheFiles: Loaded
[STDOUT  ] 2017-12-07T05:10:09.32902071Z: [    1.933888] pnp: PnP ACPI init
[STDOUT  ] 2017-12-07T05:10:09.342120574Z: [    1.946999] pnp: PnP ACPI: found 5 devices
[STDOUT  ] 2017-12-07T05:10:09.395994847Z: [    2.000458] clocksource: acpi_pm: mask: 0xffffff max_cycles: 0xffffff, max_idle_ns: 2085701024 ns
[STDOUT  ] 2017-12-07T05:10:09.400331493Z: [    2.005070] NET: Registered protocol family 2
[STDOUT  ] 2017-12-07T05:10:09.410527174Z: [    2.015046] TCP established hash table entries: 8192 (order: 4, 65536 bytes)
[STDOUT  ] 2017-12-07T05:10:09.411136451Z: [    2.016057] TCP bind hash table entries: 8192 (order: 5, 131072 bytes)
[STDOUT  ] 2017-12-07T05:10:09.412059652Z: [    2.016841] TCP: Hash tables configured (established 8192 bind 8192)
[STDOUT  ] 2017-12-07T05:10:09.414105534Z: [    2.018980] UDP hash table entries: 512 (order: 2, 16384 bytes)
[STDOUT  ] 2017-12-07T05:10:09.415057739Z: [    2.019692] UDP-Lite hash table entries: 512 (order: 2, 16384 bytes)
[STDOUT  ] 2017-12-07T05:10:09.418367377Z: [    2.023188] NET: Registered protocol family 1
[STDOUT  ] 2017-12-07T05:10:09.419877599Z: [    2.024435] pci 0000:00:01.0: Video device with shadowed ROM at [mem 0x000c0000-0x000dffff]
[STDOUT  ] 2017-12-07T05:10:09.429909391Z: [    2.034774] Unpacking initramfs...
[STDOUT  ] 2017-12-07T05:10:13.54336773Z: [    6.148235] Freeing initrd memory: 28476K
[STDOUT  ] 2017-12-07T05:10:13.574674314Z: [    6.179523] PCLMULQDQ-NI instructions are not detected.
[STDOUT  ] 2017-12-07T05:10:13.578717084Z: [    6.183294] AVX or AES-NI instructions are not detected.
[STDOUT  ] 2017-12-07T05:10:13.57927144Z: [    6.184085] CPU feature 'AVX registers' is not supported.
[STDOUT  ] 2017-12-07T05:10:13.579864264Z: [    6.184684] CPU feature 'AVX registers' is not supported.
[STDOUT  ] 2017-12-07T05:10:13.580323757Z: [    6.185248] CPU feature 'AVX registers' is not supported.
[STDOUT  ] 2017-12-07T05:10:13.580791008Z: [    6.185743] CPU feature 'AVX registers' is not supported.
[STDOUT  ] 2017-12-07T05:10:13.581339984Z: [    6.186185] AVX2 or AES-NI instructions are not detected.
[STDOUT  ] 2017-12-07T05:10:13.581757658Z: [    6.186693] AVX2 instructions are not detected.
[STDOUT  ] 2017-12-07T05:10:13.592182562Z: [    6.197073] audit: initializing netlink subsys (disabled)
[STDOUT  ] 2017-12-07T05:10:13.594063625Z: [    6.198850] audit: type=2000 audit(1512623412.190:1): initialized
[STDOUT  ] 2017-12-07T05:10:13.610591143Z: [    6.213064] workingset: timestamp_bits=46 max_order=18 bucket_order=0
[STDOUT  ] 2017-12-07T05:10:13.616436064Z: [    6.221118] squashfs: version 4.0 (2009/01/31) Phillip Lougher
[STDOUT  ] 2017-12-07T05:10:13.619650512Z: [    6.224344] FS-Cache: Netfs 'cifs' registered for caching
[STDOUT  ] 2017-12-07T05:10:13.621305935Z: [    6.226163] fuse init (API version 7.26)
[STDOUT  ] 2017-12-07T05:10:13.624698139Z: [    6.229504] SGI XFS with ACLs, security attributes, no debug enabled
[STDOUT  ] 2017-12-07T05:10:13.629867733Z: [    6.234543] 9p: Installing v9fs 9p2000 file system support
[STDOUT  ] 2017-12-07T05:10:13.630418283Z: [    6.235338] FS-Cache: Netfs '9p' registered for caching
[STDOUT  ] 2017-12-07T05:10:13.670302333Z: [    6.275198] NET: Registered protocol family 38
[STDOUT  ] 2017-12-07T05:10:13.670860466Z: [    6.275835] Key type asymmetric registered
[STDOUT  ] 2017-12-07T05:10:13.671407986Z: [    6.276287] Asymmetric key parser 'x509' registered
[STDOUT  ] 2017-12-07T05:10:13.672919241Z: [    6.277466] Block layer SCSI generic (bsg) driver version 0.4 loaded (major 251)
[STDOUT  ] 2017-12-07T05:10:13.674792528Z: [    6.279592] io scheduler noop registered
[STDOUT  ] 2017-12-07T05:10:13.675412731Z: [    6.280006] io scheduler deadline registered (default)
[STDOUT  ] 2017-12-07T05:10:13.677376069Z: [    6.282273] io scheduler cfq registered
[STDOUT  ] 2017-12-07T05:10:13.68032592Z: [    6.285110] pci_hotplug: PCI Hot Plug PCI Core version: 0.5
[STDOUT  ] 2017-12-07T05:10:13.681178259Z: [    6.285884] pciehp: PCI Express Hot Plug Controller Driver version: 0.4
[STDOUT  ] 2017-12-07T05:10:13.682133417Z: [    6.286889] shpchp: Standard Hot Plug PCI Controller Driver version: 0.4
[STDOUT  ] 2017-12-07T05:10:13.683000083Z: [    6.287852] hv_vmbus: registering driver hyperv_fb
[STDOUT  ] 2017-12-07T05:10:13.68778028Z: [    6.292454] input: Power Button as /devices/LNXSYSTM:00/LNXPWRBN:00/input/input0
[STDOUT  ] 2017-12-07T05:10:13.688623888Z: [    6.293546] ACPI: Power Button [PWRF]
[STDOUT  ] 2017-12-07T05:10:13.694437641Z: [    6.299189] GHES: HEST is not enabled!
[STDOUT  ] 2017-12-07T05:10:13.707636397Z: [    6.312374] ACPI: PCI Interrupt Link [GSIG] enabled at IRQ 22
[STDOUT  ] 2017-12-07T05:10:13.724543229Z: [    6.329216] ACPI: PCI Interrupt Link [GSIH] enabled at IRQ 23
[STDOUT  ] 2017-12-07T05:10:13.731831139Z: [    6.336475] xenfs: not registering filesystem on non-xen platform
[STDOUT  ] 2017-12-07T05:10:13.734580457Z: [    6.339309] Serial: 8250/16550 driver, 4 ports, IRQ sharing disabled
[STDOUT  ] 2017-12-07T05:10:13.762295554Z: [    6.366879] 00:04: ttyS0 at I/O 0x3f8 (irq = 4, base_baud = 115200) is a 16550A
[STDOUT  ] 2017-12-07T05:10:13.777348461Z: [    6.382034] Non-volatile memory driver v1.3
[STDOUT  ] 2017-12-07T05:10:13.786315373Z: [    6.391146] Hangcheck: starting hangcheck timer 0.9.1 (tick is 180 seconds, margin is 60 seconds).
[STDOUT  ] 2017-12-07T05:10:13.792260407Z: [    6.397087] random: fast init done
[STDOUT  ] 2017-12-07T05:10:13.793709537Z: [    6.398571] random: crng init done
[STDOUT  ] 2017-12-07T05:10:13.834879196Z: [    6.439764] loop: module loaded
[STDOUT  ] 2017-12-07T05:10:13.853267771Z: [    6.458052] nbd: registered device at major 43
[STDOUT  ] 2017-12-07T05:10:13.901586665Z: [    6.506284] lpc_ich 0000:00:1f.0: I/O space for GPIO uninitialized
[STDOUT  ] 2017-12-07T05:10:13.904161888Z: [    6.508899] VMware PVSCSI driver - version 1.0.7.0-k
[STDOUT  ] 2017-12-07T05:10:13.906260242Z: [    6.510920] hv_vmbus: registering driver hv_storvsc
[STDOUT  ] 2017-12-07T05:10:13.920328687Z: [    6.524982] ACPI: PCI Interrupt Link [GSIA] enabled at IRQ 16
[STDOUT  ] 2017-12-07T05:10:13.931237761Z: [    6.535692] ahci 0000:00:1f.2: AHCI 0001.0000 32 slots 6 ports 1.5 Gbps 0x3f impl SATA mode
[STDOUT  ] 2017-12-07T05:10:13.932060464Z: [    6.536908] ahci 0000:00:1f.2: flags: 64bit ncq only 
[STDOUT  ] 2017-12-07T05:10:13.960423869Z: [    6.565267] scsi host0: ahci
[STDOUT  ] 2017-12-07T05:10:13.967412544Z: [    6.572282] scsi host1: ahci
[STDOUT  ] 2017-12-07T05:10:13.972379607Z: [    6.577159] scsi host2: ahci
[STDOUT  ] 2017-12-07T05:10:13.9759214Z: [    6.580688] scsi host3: ahci
[STDOUT  ] 2017-12-07T05:10:13.97896981Z: [    6.583965] scsi host4: ahci
[STDOUT  ] 2017-12-07T05:10:13.982040723Z: [    6.587033] scsi host5: ahci
[STDOUT  ] 2017-12-07T05:10:13.985298173Z: [    6.589950] ata1: SATA max UDMA/133 abar m4096@0xfebd2000 port 0xfebd2100 irq 24
[STDOUT  ] 2017-12-07T05:10:13.986755952Z: [    6.591334] ata2: SATA max UDMA/133 abar m4096@0xfebd2000 port 0xfebd2180 irq 24
[STDOUT  ] 2017-12-07T05:10:13.987498152Z: [    6.591999] ata3: SATA max UDMA/133 abar m4096@0xfebd2000 port 0xfebd2200 irq 24
[STDOUT  ] 2017-12-07T05:10:13.988112262Z: [    6.592729] ata4: SATA max UDMA/133 abar m4096@0xfebd2000 port 0xfebd2280 irq 24
[STDOUT  ] 2017-12-07T05:10:13.98872063Z: [    6.593340] ata5: SATA max UDMA/133 abar m4096@0xfebd2000 port 0xfebd2300 irq 24
[STDOUT  ] 2017-12-07T05:10:13.989158709Z: [    6.593929] ata6: SATA max UDMA/133 abar m4096@0xfebd2000 port 0xfebd2380 irq 24
[STDOUT  ] 2017-12-07T05:10:14.007150909Z: [    6.611691] tun: Universal TUN/TAP device driver, 1.6
[STDOUT  ] 2017-12-07T05:10:14.007618701Z: [    6.612353] tun: (C) 1999-2004 Max Krasnyansky <maxk@qualcomm.com>
[STDOUT  ] 2017-12-07T05:10:14.022997941Z: [    6.627595] VMware vmxnet3 virtual NIC driver - version 1.4.a.0-k-NAPI
[STDOUT  ] 2017-12-07T05:10:14.024023723Z: [    6.628908] hv_vmbus: registering driver hv_netvsc
[STDOUT  ] 2017-12-07T05:10:14.024540463Z: [    6.629450] Fusion MPT base driver 3.04.20
[STDOUT  ] 2017-12-07T05:10:14.025009736Z: [    6.629764] Copyright (c) 1999-2008 LSI Corporation
[STDOUT  ] 2017-12-07T05:10:14.026422349Z: [    6.631357] Fusion MPT SPI Host driver 3.04.20
[STDOUT  ] 2017-12-07T05:10:14.029534625Z: [    6.634191] i8042: PNP: PS/2 Controller [PNP0303:KBD,PNP0f13:MOU] at 0x60,0x64 irq 1,12
[STDOUT  ] 2017-12-07T05:10:14.034025048Z: [    6.638750] serio: i8042 KBD port at 0x60,0x64 irq 1
[STDOUT  ] 2017-12-07T05:10:14.035648729Z: [    6.640551] serio: i8042 AUX port at 0x60,0x64 irq 12
[STDOUT  ] 2017-12-07T05:10:14.039030123Z: [    6.643894] hv_vmbus: registering driver hyperv_keyboard
[STDOUT  ] 2017-12-07T05:10:14.041662923Z: [    6.646436] mousedev: PS/2 mouse device common for all mice
[STDOUT  ] 2017-12-07T05:10:14.047612427Z: [    6.652125] input: AT Translated Set 2 keyboard as /devices/platform/i8042/serio0/input/input1
[STDOUT  ] 2017-12-07T05:10:14.050951324Z: [    6.655667] input: PC Speaker as /devices/platform/pcspkr/input/input2
[STDOUT  ] 2017-12-07T05:10:14.05484565Z: [    6.659737] rtc_cmos 00:00: RTC can wake from S4
[STDOUT  ] 2017-12-07T05:10:14.059134656Z: [    6.663794] rtc_cmos 00:00: rtc core: registered rtc_cmos as rtc0
[STDOUT  ] 2017-12-07T05:10:14.060798675Z: [    6.665542] rtc_cmos 00:00: alarms up to one day, y3k, 114 bytes nvram, hpet irqs
[STDOUT  ] 2017-12-07T05:10:14.061458739Z: [    6.666386] i2c /dev entries driver
[STDOUT  ] 2017-12-07T05:10:14.064099819Z: [    6.668804] device-mapper: ioctl: 4.35.0-ioctl (2016-06-23) initialised: dm-devel@redhat.com
[STDOUT  ] 2017-12-07T05:10:14.069687487Z: [    6.674356] usbcore: registered new interface driver usbhid
[STDOUT  ] 2017-12-07T05:10:14.070016282Z: [    6.674859] usbhid: USB HID core driver
[STDOUT  ] 2017-12-07T05:10:14.070829879Z: [    6.675702] hv_utils: Registering HyperV Utility Driver
[STDOUT  ] 2017-12-07T05:10:14.071172239Z: [    6.676076] hv_vmbus: registering driver hv_util
[STDOUT  ] 2017-12-07T05:10:14.071702659Z: [    6.676451] hv_vmbus: registering driver hv_balloon
[STDOUT  ] 2017-12-07T05:10:14.072254548Z: [    6.677210] oprofile: using NMI interrupt.
[STDOUT  ] 2017-12-07T05:10:14.073553128Z: [    6.678638] GACT probability on
[STDOUT  ] 2017-12-07T05:10:14.074093681Z: [    6.679158] Mirror/redirect action on
[STDOUT  ] 2017-12-07T05:10:14.075537655Z: [    6.680424] Simple TC action Loaded
[STDOUT  ] 2017-12-07T05:10:14.076534334Z: [    6.681582] u32 classifier
[STDOUT  ] 2017-12-07T05:10:14.076857238Z: [    6.681848]     Performance counters on
[STDOUT  ] 2017-12-07T05:10:14.077229258Z: [    6.682200]     input device check on
[STDOUT  ] 2017-12-07T05:10:14.077532312Z: [    6.682523]     Actions configured
[STDOUT  ] 2017-12-07T05:10:14.078398042Z: [    6.683241] Netfilter messages via NETLINK v0.30.
[STDOUT  ] 2017-12-07T05:10:14.078938538Z: [    6.684015] nfnl_acct: registering with nfnetlink.
[STDOUT  ] 2017-12-07T05:10:14.080488296Z: [    6.685423] nf_conntrack version 0.5.0 (8192 buckets, 32768 max)
[STDOUT  ] 2017-12-07T05:10:14.083773209Z: [    6.688527] ctnetlink v0.93: registering with nfnetlink.
[STDOUT  ] 2017-12-07T05:10:14.087448019Z: [    6.692266] nf_tables: (c) 2007-2009 Patrick McHardy <kaber@trash.net>
[STDOUT  ] 2017-12-07T05:10:14.088410946Z: [    6.693323] nf_tables_compat: (c) 2012 Pablo Neira Ayuso <pablo@netfilter.org>
[STDOUT  ] 2017-12-07T05:10:14.090893715Z: [    6.695875] xt_time: kernel timezone is -0000
[STDOUT  ] 2017-12-07T05:10:14.091608243Z: [    6.696649] ip_set: protocol 6
[STDOUT  ] 2017-12-07T05:10:14.092650175Z: [    6.697424] IPVS: Registered protocols (TCP, UDP, SCTP, AH, ESP)
[STDOUT  ] 2017-12-07T05:10:14.0935268Z: [    6.698274] IPVS: Connection hash table configured (size=4096, memory=64Kbytes)
[STDOUT  ] 2017-12-07T05:10:14.096062703Z: [    6.700818] IPVS: Creating netns size=2104 id=0
[STDOUT  ] 2017-12-07T05:10:14.09914Z: [    6.704069] IPVS: ipvs loaded.
[STDOUT  ] 2017-12-07T05:10:14.09980123Z: [    6.704730] IPVS: [rr] scheduler registered.
[STDOUT  ] 2017-12-07T05:10:14.100278874Z: [    6.705127] IPVS: [wrr] scheduler registered.
[STDOUT  ] 2017-12-07T05:10:14.100591708Z: [    6.705541] IPVS: [lc] scheduler registered.
[STDOUT  ] 2017-12-07T05:10:14.10108046Z: [    6.705914] IPVS: [wlc] scheduler registered.
[STDOUT  ] 2017-12-07T05:10:14.101384908Z: [    6.706338] IPVS: [fo] scheduler registered.
[STDOUT  ] 2017-12-07T05:10:14.101707723Z: [    6.706698] IPVS: [ovf] scheduler registered.
[STDOUT  ] 2017-12-07T05:10:14.102355604Z: [    6.707293] IPVS: [lblc] scheduler registered.
[STDOUT  ] 2017-12-07T05:10:14.102896232Z: [    6.707833] IPVS: [lblcr] scheduler registered.
[STDOUT  ] 2017-12-07T05:10:14.103313148Z: [    6.708283] IPVS: [dh] scheduler registered.
[STDOUT  ] 2017-12-07T05:10:14.103712594Z: [    6.708661] IPVS: [sh] scheduler registered.
[STDOUT  ] 2017-12-07T05:10:14.104137307Z: [    6.709105] IPVS: [sed] scheduler registered.
[STDOUT  ] 2017-12-07T05:10:14.104617332Z: [    6.709457] IPVS: [nq] scheduler registered.
[STDOUT  ] 2017-12-07T05:10:14.106152201Z: [    6.711061] IPVS: ftp: loaded support on port[0] = 21
[STDOUT  ] 2017-12-07T05:10:14.10718781Z: [    6.712133] ipip: IPv4 and MPLS over IPv4 tunneling driver
[STDOUT  ] 2017-12-07T05:10:14.111983909Z: [    6.716679] gre: GRE over IPv4 demultiplexor driver
[STDOUT  ] 2017-12-07T05:10:14.115372111Z: [    6.719927] ip_tables: (C) 2000-2006 Netfilter Core Team
[STDOUT  ] 2017-12-07T05:10:14.119635659Z: [    6.724426] ipt_CLUSTERIP: ClusterIP Version 0.8 loaded successfully
[STDOUT  ] 2017-12-07T05:10:14.12044103Z: [    6.725383] arp_tables: arp_tables: (C) 2002 David S. Miller
[STDOUT  ] 2017-12-07T05:10:14.122903664Z: [    6.727837] NET: Registered protocol family 10
[STDOUT  ] 2017-12-07T05:10:14.133738096Z: [    6.738482] ip6_tables: (C) 2000-2006 Netfilter Core Team
[STDOUT  ] 2017-12-07T05:10:14.142727137Z: [    6.747528] NET: Registered protocol family 17
[STDOUT  ] 2017-12-07T05:10:14.14375372Z: [    6.748750] Bridge firewalling registered
[STDOUT  ] 2017-12-07T05:10:14.144461127Z: [    6.749397] Ebtables v2.0 registered
[STDOUT  ] 2017-12-07T05:10:14.14747736Z: [    6.752295] 8021q: 802.1Q VLAN Support v1.8
[STDOUT  ] 2017-12-07T05:10:14.149018203Z: [    6.753907] 9pnet: Installing 9P2000 support
[STDOUT  ] 2017-12-07T05:10:14.150617285Z: [    6.755503] Key type dns_resolver registered
[STDOUT  ] 2017-12-07T05:10:14.151696523Z: [    6.756623] microcode: AMD CPU family 0x6 not supported
[STDOUT  ] 2017-12-07T05:10:14.156583581Z: [    6.761412] registered taskstats version 1
[STDOUT  ] 2017-12-07T05:10:14.328662065Z: [    6.933435] ata4: SATA link down (SStatus 0 SControl 300)
[STDOUT  ] 2017-12-07T05:10:14.331858237Z: [    6.936651] ata3: SATA link up 1.5 Gbps (SStatus 113 SControl 300)
[STDOUT  ] 2017-12-07T05:10:14.335894831Z: [    6.940598] ata2: SATA link up 1.5 Gbps (SStatus 113 SControl 300)
[STDOUT  ] 2017-12-07T05:10:14.337877443Z: [    6.942760] ata2.00: ATA-7: QEMU HARDDISK, 2.5+, max UDMA/100
[STDOUT  ] 2017-12-07T05:10:14.338532023Z: [    6.943230] ata2.00: 58120 sectors, multi 16: LBA48 NCQ (depth 31/32)
[STDOUT  ] 2017-12-07T05:10:14.339017868Z: [    6.943986] ata2.00: applying bridge limits
[STDOUT  ] 2017-12-07T05:10:14.341084836Z: [    6.945917] ata1: SATA link up 1.5 Gbps (SStatus 113 SControl 300)
[STDOUT  ] 2017-12-07T05:10:14.34180518Z: [    6.946580] ata1.00: ATA-7: QEMU HARDDISK, 2.5+, max UDMA/100
[STDOUT  ] 2017-12-07T05:10:14.342219435Z: [    6.947043] ata1.00: 409600 sectors, multi 16: LBA48 NCQ (depth 31/32)
[STDOUT  ] 2017-12-07T05:10:14.342705922Z: [    6.947532] ata1.00: applying bridge limits
[STDOUT  ] 2017-12-07T05:10:14.343540911Z: [    6.948590] ata1.00: configured for UDMA/100
[STDOUT  ] 2017-12-07T05:10:14.345914902Z: [    6.950803] ata5: SATA link down (SStatus 0 SControl 300)
[STDOUT  ] 2017-12-07T05:10:14.346533841Z: [    6.951477] ata6: SATA link down (SStatus 0 SControl 300)
[STDOUT  ] 2017-12-07T05:10:14.348313581Z: [    6.952974] ata3.00: ATAPI: QEMU DVD-ROM, 2.5+, max UDMA/100
[STDOUT  ] 2017-12-07T05:10:14.348564684Z: [    6.953529] ata3.00: applying bridge limits
[STDOUT  ] 2017-12-07T05:10:14.349463877Z: [    6.954374] ata3.00: configured for UDMA/100
[STDOUT  ] 2017-12-07T05:10:14.363925677Z: [    6.968720] ata2.00: configured for UDMA/100
[STDOUT  ] 2017-12-07T05:10:14.372981353Z: [    6.977689] scsi 0:0:0:0: Direct-Access     ATA      QEMU HARDDISK    2.5+ PQ: 0 ANSI: 5
[STDOUT  ] 2017-12-07T05:10:14.385065591Z: [    6.989453] sd 0:0:0:0: [sda] 409600 512-byte logical blocks: (210 MB/200 MiB)
[STDOUT  ] 2017-12-07T05:10:14.3915235Z: [    6.996304] Key type big_key registered
[STDOUT  ] 2017-12-07T05:10:14.395690159Z: [    7.000098] sd 0:0:0:0: [sda] Write Protect is off
[STDOUT  ] 2017-12-07T05:10:14.406927647Z: [    7.011464] sd 0:0:0:0: [sda] Write cache: enabled, read cache: enabled, doesn't support DPO or FUA
[STDOUT  ] 2017-12-07T05:10:14.408014127Z: [    7.012908] sd 0:0:0:0: Attached scsi generic sg0 type 0
[STDOUT  ] 2017-12-07T05:10:14.41758656Z: [    7.022377] scsi 1:0:0:0: Direct-Access     ATA      QEMU HARDDISK    2.5+ PQ: 0 ANSI: 5
[STDOUT  ] 2017-12-07T05:10:14.422024446Z: [    7.026531] sd 1:0:0:0: [sdb] 58120 512-byte logical blocks: (29.8 MB/28.4 MiB)
[STDOUT  ] 2017-12-07T05:10:14.423743722Z: [    7.028554] sd 1:0:0:0: [sdb] Write Protect is off
[STDOUT  ] 2017-12-07T05:10:14.428668051Z: [    7.033247] sd 1:0:0:0: [sdb] Write cache: enabled, read cache: enabled, doesn't support DPO or FUA
[STDOUT  ] 2017-12-07T05:10:14.436895083Z: [    7.041581] sd 1:0:0:0: Attached scsi generic sg1 type 0
[STDOUT  ] 2017-12-07T05:10:14.452130066Z: [    7.056710] scsi 2:0:0:0: CD-ROM            QEMU     QEMU DVD-ROM     2.5+ PQ: 0 ANSI: 5
[STDOUT  ] 2017-12-07T05:10:14.482871085Z: [    7.087612] sd 0:0:0:0: [sda] Attached SCSI disk
[STDOUT  ] 2017-12-07T05:10:14.484051459Z: [    7.088986] sd 1:0:0:0: [sdb] Attached SCSI disk
[STDOUT  ] 2017-12-07T05:10:14.489697745Z: [    7.094245] sr 2:0:0:0: [sr0] scsi3-mmc drive: 4x/4x cd/rw xa/form2 tray
[STDOUT  ] 2017-12-07T05:10:14.490299903Z: [    7.095077] cdrom: Uniform CD-ROM driver Revision: 3.20
[STDOUT  ] 2017-12-07T05:10:14.507681386Z: [    7.112563] sr 2:0:0:0: Attached scsi generic sg2 type 5
[STDOUT  ] 2017-12-07T05:10:14.596664644Z: [    7.201293] tsc: Refined TSC clocksource calibration: 2599.997 MHz
[STDOUT  ] 2017-12-07T05:10:14.597469978Z: [    7.201889] clocksource: tsc: mask: 0xffffffffffffffff max_cycles: 0x257a391c223, max_idle_ns: 440795220104 ns
[STDOUT  ] 2017-12-07T05:10:14.616797545Z: [    7.221574] Key type encrypted registered
[STDOUT  ] 2017-12-07T05:10:14.624048412Z: [    7.228575] rtc_cmos 00:00: setting system clock to 2017-12-07 05:10:14 UTC (1512623414)
[STDOUT  ] 2017-12-07T05:10:14.784346882Z: [    7.388899] Freeing unused kernel memory: 1380K
[STDOUT  ] 2017-12-07T05:10:14.784644842Z: [    7.389398] Write protecting the kernel read-only data: 12288k
[STDOUT  ] 2017-12-07T05:10:14.792278514Z: [    7.396903] Freeing unused kernel memory: 128K
[STDOUT  ] 2017-12-07T05:10:14.909312082Z: [    7.514074] Freeing unused kernel memory: 1396K
[STDOUT  ] 2017-12-07T05:10:15.611959387Z: [    8.216651] clocksource: Switched to clocksource tsc
[STDOUT  ] 2017-12-07T05:10:22.952175796Z: 
[STDOUT  ] 2017-12-07T05:10:22.952839463Z: Welcome to LinuxKit
[STDOUT  ] 2017-12-07T05:10:22.953005052Z: 
[STDOUT  ] 2017-12-07T05:10:22.953498303Z:                         ##         .
[STDOUT  ] 2017-12-07T05:10:22.953988131Z:                   ## ## ##        ==
[STDOUT  ] 2017-12-07T05:10:22.954540396Z:                ## ## ## ## ##    ===
[STDOUT  ] 2017-12-07T05:10:22.956902013Z:            /"""""""""""""""""\___/ ===
[STDOUT  ] 2017-12-07T05:10:22.957588447Z:           {                       /  ===-
[STDOUT  ] 2017-12-07T05:10:22.957917914Z:            \______ O           __/
[STDOUT  ] 2017-12-07T05:10:22.958382879Z:              \    \         __/
[STDOUT  ] 2017-12-07T05:10:22.958724359Z:               \____\_______/
[STDOUT  ] 2017-12-07T05:10:22.958870367Z: 
[STDOUT  ] 2017-12-07T05:10:26.270007636Z: [   18.875001]  sda:
[STDOUT  ] 2017-12-07T05:10:26.342527987Z: [   18.947429]  sda:
[STDOUT  ] 2017-12-07T05:10:26.380169393Z: [   18.985013]  sda: sda1
[STDOUT  ] 2017-12-07T05:10:26.476131957Z: [   19.081109]  sda: sda1
[STDOUT  ] 2017-12-07T05:10:56.63596522Z: [   49.240966] EXT4-fs (sda1): couldn't mount as ext3 due to feature incompatibilities
[STDOUT  ] 2017-12-07T05:10:56.643041856Z: [   49.248137] EXT4-fs (sda1): couldn't mount as ext2 due to feature incompatibilities
[STDOUT  ] 2017-12-07T05:10:56.674684897Z: [   49.279530] EXT4-fs (sda1): mounted filesystem with ordered data mode. Opts: (null)
[STDOUT  ] 2017-12-07T05:10:58.530485273Z: /mnt is device /dev/sda1
[STDOUT  ] 2017-12-07T05:10:58.609281768Z: [   51.214068] extlinux: sending ioctl 4c05 to a partition!
[STDOUT  ] 2017-12-07T05:10:58.609911632Z: [   51.214827] extlinux: sending ioctl 4c03 to a partition!
[STDOUT  ] 2017-12-07T05:10:59.651529487Z: [   52.256070] umount: sending ioctl 4c01 to a partition!
[STDOUT  ] 2017-12-07T05:10:59.6901279Z: 1+0 records in
[STDOUT  ] 2017-12-07T05:10:59.69024688Z: 1+0 records out
[STDOUT  ] 2017-12-07T05:10:59.747900252Z: The bootable flag on partition 1 is enabled now.
[STDOUT  ] 2017-12-07T05:10:59.750545502Z: 
[STDOUT  ] 2017-12-07T05:10:59.750765219Z: The partition table has been altered.
[STDOUT  ] 2017-12-07T05:10:59.754335351Z: Calling ioctl() to re-read partition table.
[STDOUT  ] 2017-12-07T05:10:59.769828187Z: [   52.374703]  sda: sda1
[STDOUT  ] 2017-12-07T05:10:59.797300042Z: Syncing disks.
[STDOUT  ] 2017-12-07T05:11:31.953942912Z: [   84.558663] sd 1:0:0:0: [sdb] Synchronizing SCSI cache
[STDOUT  ] 2017-12-07T05:11:31.958872189Z: [   84.563261] sd 1:0:0:0: [sdb] Stopping disk
[STDOUT  ] 2017-12-07T05:11:31.960826006Z: [   84.565381] sd 0:0:0:0: [sda] Synchronizing SCSI cache
[STDOUT  ] 2017-12-07T05:11:31.962325114Z: [   84.567088] sd 0:0:0:0: [sda] Stopping disk
[STDOUT  ] 2017-12-07T05:11:31.968035451Z: [   84.572820] ACPI: Preparing to enter system sleep state S5
[STDOUT  ] 2017-12-07T05:11:31.969961106Z: [   84.574980] reboot: Power down
[STDERR  ] 2017-12-07T05:11:32.372383205Z: + linuxkit run qemu disk.qcow2
[STDERR  ] 2017-12-07T05:11:32.405130351Z: Unable to find qemu-system-x86_64 within the $PATH. Using a container
[STDERR  ] 2017-12-07T05:11:32.405215528Z: Using existing disk [disk.qcow2] format 
[STDOUT  ] 2017-12-07T05:11:40.807920603Z: [    0.000000] Linux version 4.9.65-linuxkit (root@c78110dc0cc9) (gcc version 6.3.0 (Alpine 6.3.0) ) #1 SMP Fri Nov 24 15:20:57 UTC 2017
[STDOUT  ] 2017-12-07T05:11:40.808337004Z: [    0.000000] Command line: BOOT_IMAGE=/kernel console=ttyS0 initrd=/initrd.img
[STDOUT  ] 2017-12-07T05:11:40.808362163Z: [    0.000000] x86/fpu: Legacy x87 FPU detected.
[STDOUT  ] 2017-12-07T05:11:40.808517279Z: [    0.000000] x86/fpu: Using 'eager' FPU context switches.
[STDOUT  ] 2017-12-07T05:11:40.808741614Z: [    0.000000] e820: BIOS-provided physical RAM map:
[STDOUT  ] 2017-12-07T05:11:40.809236304Z: [    0.000000] BIOS-e820: [mem 0x0000000000000000-0x000000000009fbff] usable
[STDOUT  ] 2017-12-07T05:11:40.809258458Z: [    0.000000] BIOS-e820: [mem 0x000000000009fc00-0x000000000009ffff] reserved
[STDOUT  ] 2017-12-07T05:11:40.809515177Z: [    0.000000] BIOS-e820: [mem 0x00000000000f0000-0x00000000000fffff] reserved
[STDOUT  ] 2017-12-07T05:11:40.809764313Z: [    0.000000] BIOS-e820: [mem 0x0000000000100000-0x000000003ffdefff] usable
[STDOUT  ] 2017-12-07T05:11:40.809945158Z: [    0.000000] BIOS-e820: [mem 0x000000003ffdf000-0x000000003fffffff] reserved
[STDOUT  ] 2017-12-07T05:11:40.810217753Z: [    0.000000] BIOS-e820: [mem 0x00000000b0000000-0x00000000bfffffff] reserved
[STDOUT  ] 2017-12-07T05:11:40.810394617Z: [    0.000000] BIOS-e820: [mem 0x00000000fed1c000-0x00000000fed1ffff] reserved
[STDOUT  ] 2017-12-07T05:11:40.81058413Z: [    0.000000] BIOS-e820: [mem 0x00000000fffc0000-0x00000000ffffffff] reserved
[STDOUT  ] 2017-12-07T05:11:40.811049778Z: [    0.000000] NX (Execute Disable) protection: active
[STDOUT  ] 2017-12-07T05:11:40.811070985Z: [    0.000000] SMBIOS 2.8 present.
[STDOUT  ] 2017-12-07T05:11:40.811345744Z: [    0.000000] e820: last_pfn = 0x3ffdf max_arch_pfn = 0x400000000
[STDOUT  ] 2017-12-07T05:11:40.811660309Z: [    0.000000] x86/PAT: Configuration [0-7]: WB  WC  UC- UC  WB  WC  UC- WT  
[STDOUT  ] 2017-12-07T05:11:40.811682468Z: [    0.000000] found SMP MP-table at [mem 0x000f6aa0-0x000f6aaf] mapped at [ffff9aad800f6aa0]
[STDOUT  ] 2017-12-07T05:11:40.811905232Z: [    0.000000] RAMDISK: [mem 0x3e9c5000-0x3ffdefff]
[STDOUT  ] 2017-12-07T05:11:40.812155065Z: [    0.000000] ACPI: Early table checksum verification disabled
[STDOUT  ] 2017-12-07T05:11:40.812255265Z: [    0.000000] ACPI: RSDP 0x00000000000F68C0 000014 (v00 BOCHS )
[STDOUT  ] 2017-12-07T05:11:40.812551175Z: [    0.000000] ACPI: RSDT 0x000000003FFE2404 000034 (v01 BOCHS  BXPCRSDT 00000001 BXPC 00000001)
[STDOUT  ] 2017-12-07T05:11:40.812869582Z: [    0.000000] ACPI: FACP 0x000000003FFE22A4 000074 (v01 BOCHS  BXPCFACP 00000001 BXPC 00000001)
[STDOUT  ] 2017-12-07T05:11:40.813219809Z: [    0.000000] ACPI: DSDT 0x000000003FFE0040 002264 (v01 BOCHS  BXPCDSDT 00000001 BXPC 00000001)
[STDOUT  ] 2017-12-07T05:11:40.813470259Z: [    0.000000] ACPI: FACS 0x000000003FFE0000 000040
[STDOUT  ] 2017-12-07T05:11:40.813893657Z: [    0.000000] ACPI: APIC 0x000000003FFE2318 000078 (v01 BOCHS  BXPCAPIC 00000001 BXPC 00000001)
[STDOUT  ] 2017-12-07T05:11:40.814081049Z: [    0.000000] ACPI: HPET 0x000000003FFE2390 000038 (v01 BOCHS  BXPCHPET 00000001 BXPC 00000001)
[STDOUT  ] 2017-12-07T05:11:40.814481793Z: [    0.000000] ACPI: MCFG 0x000000003FFE23C8 00003C (v01 BOCHS  BXPCMCFG 00000001 BXPC 00000001)
[STDOUT  ] 2017-12-07T05:11:40.814521879Z: [    0.000000] Zone ranges:
[STDOUT  ] 2017-12-07T05:11:40.814692037Z: [    0.000000]   DMA      [mem 0x0000000000001000-0x0000000000ffffff]
[STDOUT  ] 2017-12-07T05:11:40.815028531Z: [    0.000000]   DMA32    [mem 0x0000000001000000-0x000000003ffdefff]
[STDOUT  ] 2017-12-07T05:11:40.815049224Z: [    0.000000]   Normal   empty
[STDOUT  ] 2017-12-07T05:11:40.815280426Z: [    0.000000] Movable zone start for each node
[STDOUT  ] 2017-12-07T05:11:40.815463136Z: [    0.000000] Early memory node ranges
[STDOUT  ] 2017-12-07T05:11:40.815708397Z: [    0.000000]   node   0: [mem 0x0000000000001000-0x000000000009efff]
[STDOUT  ] 2017-12-07T05:11:40.815870827Z: [    0.000000]   node   0: [mem 0x0000000000100000-0x000000003ffdefff]
[STDOUT  ] 2017-12-07T05:11:40.816112004Z: [    0.000000] Initmem setup node 0 [mem 0x0000000000001000-0x000000003ffdefff]
[STDOUT  ] 2017-12-07T05:11:40.816284047Z: [    0.000000] ACPI: PM-Timer IO Port: 0x608
[STDOUT  ] 2017-12-07T05:11:40.816539424Z: [    0.000000] ACPI: LAPIC_NMI (acpi_id[0xff] dfl dfl lint[0x1])
[STDOUT  ] 2017-12-07T05:11:40.816796567Z: [    0.000000] IOAPIC[0]: apic_id 0, version 32, address 0xfec00000, GSI 0-23
[STDOUT  ] 2017-12-07T05:11:40.816962528Z: [    0.000000] ACPI: INT_SRC_OVR (bus 0 bus_irq 0 global_irq 2 dfl dfl)
[STDOUT  ] 2017-12-07T05:11:40.817261189Z: [    0.000000] ACPI: INT_SRC_OVR (bus 0 bus_irq 5 global_irq 5 high level)
[STDOUT  ] 2017-12-07T05:11:40.817558391Z: [    0.000000] ACPI: INT_SRC_OVR (bus 0 bus_irq 9 global_irq 9 high level)
[STDOUT  ] 2017-12-07T05:11:40.817946488Z: [    0.000000] ACPI: INT_SRC_OVR (bus 0 bus_irq 10 global_irq 10 high level)
[STDOUT  ] 2017-12-07T05:11:40.817987231Z: [    0.000000] ACPI: INT_SRC_OVR (bus 0 bus_irq 11 global_irq 11 high level)
[STDOUT  ] 2017-12-07T05:11:40.818097914Z: [    0.000000] Using ACPI (MADT) for SMP configuration information
[STDOUT  ] 2017-12-07T05:11:40.818382122Z: [    0.000000] ACPI: HPET id: 0x8086a201 base: 0xfed00000
[STDOUT  ] 2017-12-07T05:11:40.81849687Z: [    0.000000] smpboot: Allowing 1 CPUs, 0 hotplug CPUs
[STDOUT  ] 2017-12-07T05:11:40.818787423Z: [    0.000000] e820: [mem 0x40000000-0xafffffff] available for PCI devices
[STDOUT  ] 2017-12-07T05:11:40.818970856Z: [    0.000000] Booting paravirtualized kernel on bare hardware
[STDOUT  ] 2017-12-07T05:11:40.819344653Z: [    0.000000] clocksource: refined-jiffies: mask: 0xffffffff max_cycles: 0xffffffff, max_idle_ns: 19112604462750000 ns
[STDOUT  ] 2017-12-07T05:11:40.819662358Z: [    0.000000] setup_percpu: NR_CPUS:128 nr_cpumask_bits:128 nr_cpu_ids:1 nr_node_ids:1
[STDOUT  ] 2017-12-07T05:11:40.819992706Z: [    0.000000] percpu: Embedded 35 pages/cpu @ffff9aadbe600000 s105112 r8192 d30056 u2097152
[STDOUT  ] 2017-12-07T05:11:40.820245072Z: [    0.000000] Built 1 zonelists in Zone order, mobility grouping on.  Total pages: 257896
[STDOUT  ] 2017-12-07T05:11:40.82053941Z: [    0.000000] Kernel command line: BOOT_IMAGE=/kernel console=ttyS0 initrd=/initrd.img
[STDOUT  ] 2017-12-07T05:11:40.820812776Z: [    0.000000] PID hash table entries: 4096 (order: 3, 32768 bytes)
[STDOUT  ] 2017-12-07T05:11:40.820974949Z: [    0.000000] Dentry cache hash table entries: 131072 (order: 8, 1048576 bytes)
[STDOUT  ] 2017-12-07T05:11:40.821219584Z: [    0.000000] Inode-cache hash table entries: 65536 (order: 7, 524288 bytes)
[STDOUT  ] 2017-12-07T05:11:40.821814431Z: [    0.000000] Memory: 991540K/1048052K available (8048K kernel code, 1367K rwdata, 2700K rodata, 1380K init, 568K bss, 56512K reserved, 0K cma-reserved)
[STDOUT  ] 2017-12-07T05:11:40.822062514Z: [    0.000000] Hierarchical RCU implementation.
[STDOUT  ] 2017-12-07T05:11:40.822274466Z: [    0.000000] 	Build-time adjustment of leaf fanout to 64.
[STDOUT  ] 2017-12-07T05:11:40.822295951Z: [    0.000000] 	RCU restricting CPUs from NR_CPUS=128 to nr_cpu_ids=1.
[STDOUT  ] 2017-12-07T05:11:40.822594364Z: [    0.000000] RCU: Adjusting geometry for rcu_fanout_leaf=64, nr_cpu_ids=1
[STDOUT  ] 2017-12-07T05:11:40.822704485Z: [    0.000000] NR_IRQS:8448 nr_irqs:256 16
[STDOUT  ] 2017-12-07T05:11:40.822842241Z: [    0.000000] Console: colour VGA+ 80x25
[STDOUT  ] 2017-12-07T05:11:40.823217457Z: [    0.000000] console [ttyS0] enabled
[STDOUT  ] 2017-12-07T05:11:40.827289757Z: [    0.000000] clocksource: hpet: mask: 0xffffffff max_cycles: 0xffffffff, max_idle_ns: 19112604467 ns
[STDOUT  ] 2017-12-07T05:11:40.906796575Z: [    0.000000] tsc: Unable to calibrate against PIT
[STDOUT  ] 2017-12-07T05:11:40.907385067Z: [    0.000000] tsc: using HPET reference calibration
[STDOUT  ] 2017-12-07T05:11:40.907966387Z: [    0.000000] tsc: Detected 2600.100 MHz processor
[STDOUT  ] 2017-12-07T05:11:40.912262822Z: [    0.042734] Calibrating delay loop (skipped), value calculated using timer frequency.. 5200.20 BogoMIPS (lpj=26001000)
[STDOUT  ] 2017-12-07T05:11:40.912711967Z: [    0.044195] pid_max: default: 32768 minimum: 301
[STDOUT  ] 2017-12-07T05:11:40.914295747Z: [    0.045785] ACPI: Core revision 20160831
[STDOUT  ] 2017-12-07T05:11:40.964612374Z: [    0.094614] ACPI: 1 ACPI AML tables successfully acquired and loaded
[STDOUT  ] 2017-12-07T05:11:40.970363736Z: [    0.100506] Security Framework initialized
[STDOUT  ] 2017-12-07T05:11:40.970503986Z: [    0.100939] Yama: becoming mindful.
[STDOUT  ] 2017-12-07T05:11:40.974406592Z: [    0.104452] Mount-cache hash table entries: 2048 (order: 2, 16384 bytes)
[STDOUT  ] 2017-12-07T05:11:40.974978028Z: [    0.105238] Mountpoint-cache hash table entries: 2048 (order: 2, 16384 bytes)
[STDOUT  ] 2017-12-07T05:11:40.997256666Z: [    0.127393] Last level iTLB entries: 4KB 0, 2MB 0, 4MB 0
[STDOUT  ] 2017-12-07T05:11:40.997896474Z: [    0.127881] Last level dTLB entries: 4KB 0, 2MB 0, 4MB 0, 1GB 0
[STDOUT  ] 2017-12-07T05:11:41.364618262Z: [    0.494843] Freeing SMP alternatives memory: 20K
[STDOUT  ] 2017-12-07T05:11:41.376120884Z: [    0.506317] ftrace: allocating 35540 entries in 139 pages
[STDOUT  ] 2017-12-07T05:11:41.727365286Z: [    0.705851] smpboot: Max logical packages: 1
[STDOUT  ] 2017-12-07T05:11:41.73600019Z: [    0.716120] ..TIMER: vector=0x30 apic1=0 pin1=2 apic2=-1 pin2=-1
[STDOUT  ] 2017-12-07T05:11:41.951122507Z: [    0.820000] smpboot: CPU0: AMD QEMU Virtual CPU version 2.5+ (family: 0x6, model: 0x6, stepping: 0x3)
[STDOUT  ] 2017-12-07T05:11:41.952889841Z: [    0.820000] Performance Events: PMU not available due to virtualization, using software events only.
[STDOUT  ] 2017-12-07T05:11:41.976181951Z: [    0.835437] NMI watchdog: disabled (cpu0): hardware events not enabled
[STDOUT  ] 2017-12-07T05:11:41.976867194Z: [    0.835989] NMI watchdog: Shutting down hard lockup detector on all cpus
[STDOUT  ] 2017-12-07T05:11:41.982289826Z: [    0.840596] x86: Booted up 1 node, 1 CPUs
[STDOUT  ] 2017-12-07T05:11:41.982922431Z: [    0.841096] smpboot: Total of 1 processors activated (5200.20 BogoMIPS)
[STDOUT  ] 2017-12-07T05:11:42.000104555Z: [    0.859471] devtmpfs: initialized
[STDOUT  ] 2017-12-07T05:11:42.008000234Z: [    0.866703] x86/mm: Memory block size: 128MB
[STDOUT  ] 2017-12-07T05:11:42.081842268Z: [    0.940873] clocksource: jiffies: mask: 0xffffffff max_cycles: 0xffffffff, max_idle_ns: 19112604462750000 ns
[STDOUT  ] 2017-12-07T05:11:42.082565396Z: [    0.942073] futex hash table entries: 256 (order: 2, 16384 bytes)
[STDOUT  ] 2017-12-07T05:11:42.094106801Z: [    0.953425] NET: Registered protocol family 16
[STDOUT  ] 2017-12-07T05:11:42.105054344Z: [    0.964615] cpuidle: using governor ladder
[STDOUT  ] 2017-12-07T05:11:42.105523698Z: [    0.965123] cpuidle: using governor menu
[STDOUT  ] 2017-12-07T05:11:42.106962228Z: [    0.966700] ACPI: bus type PCI registered
[STDOUT  ] 2017-12-07T05:11:42.110962607Z: [    0.970000] PCI: MMCONFIG for domain 0000 [bus 00-ff] at [mem 0xb0000000-0xbfffffff] (base 0xb0000000)
[STDOUT  ] 2017-12-07T05:11:42.111820769Z: [    0.971123] PCI: MMCONFIG at [mem 0xb0000000-0xbfffffff] reserved in E820
[STDOUT  ] 2017-12-07T05:11:42.113301122Z: [    0.972751] PCI: Using configuration type 1 for base access
[STDOUT  ] 2017-12-07T05:11:42.175556559Z: [    1.035090] HugeTLB registered 2 MB page size, pre-allocated 0 pages
[STDOUT  ] 2017-12-07T05:11:42.189664596Z: [    1.049209] ACPI: Added _OSI(Module Device)
[STDOUT  ] 2017-12-07T05:11:42.190166717Z: [    1.049563] ACPI: Added _OSI(Processor Device)
[STDOUT  ] 2017-12-07T05:11:42.190410244Z: [    1.049946] ACPI: Added _OSI(3.0 _SCP Extensions)
[STDOUT  ] 2017-12-07T05:11:42.191165892Z: [    1.050000] ACPI: Added _OSI(Processor Aggregator Device)
[STDOUT  ] 2017-12-07T05:11:42.27892194Z: [    1.138102] ACPI: Interpreter enabled
[STDOUT  ] 2017-12-07T05:11:42.280489341Z: [    1.139326] ACPI: (supports S0 S5)
[STDOUT  ] 2017-12-07T05:11:42.281422584Z: [    1.140336] ACPI: Using IOAPIC for interrupt routing
[STDOUT  ] 2017-12-07T05:11:42.285642822Z: [    1.143827] PCI: Using host bridge windows from ACPI; if necessary, use "pci=nocrs" and report a bug
[STDOUT  ] 2017-12-07T05:11:42.368724872Z: [    1.228231] ACPI: PCI Root Bridge [PCI0] (domain 0000 [bus 00-ff])
[STDOUT  ] 2017-12-07T05:11:42.370354813Z: [    1.229585] acpi PNP0A08:00: _OSC: OS supports [ExtendedConfig ASPM ClockPM Segments MSI]
[STDOUT  ] 2017-12-07T05:11:42.378333927Z: [    1.237109] acpi PNP0A08:00: _OSC: OS now controls [PCIeHotplug PME PCIeCapability]
[STDOUT  ] 2017-12-07T05:11:42.382786392Z: [    1.242511] PCI host bridge to bus 0000:00
[STDOUT  ] 2017-12-07T05:11:42.383354447Z: [    1.242919] pci_bus 0000:00: root bus resource [io  0x0000-0x0cf7 window]
[STDOUT  ] 2017-12-07T05:11:42.384076512Z: [    1.243576] pci_bus 0000:00: root bus resource [io  0x0d00-0xffff window]
[STDOUT  ] 2017-12-07T05:11:42.384616947Z: [    1.244092] pci_bus 0000:00: root bus resource [mem 0x000a0000-0x000bffff window]
[STDOUT  ] 2017-12-07T05:11:42.384994989Z: [    1.244660] pci_bus 0000:00: root bus resource [mem 0xc0000000-0xfebfffff window]
[STDOUT  ] 2017-12-07T05:11:42.385736093Z: [    1.245386] pci_bus 0000:00: root bus resource [bus 00-ff]
[STDOUT  ] 2017-12-07T05:11:42.517949283Z: [    1.374750] pci 0000:00:1f.0: quirk: [io  0x0600-0x067f] claimed by ICH6 ACPI/GPIO/TCO
[STDOUT  ] 2017-12-07T05:11:42.591747435Z: [    1.450801] ACPI: PCI Interrupt Link [LNKA] (IRQs 5 *10 11)
[STDOUT  ] 2017-12-07T05:11:42.595611167Z: [    1.454927] ACPI: PCI Interrupt Link [LNKB] (IRQs 5 *10 11)
[STDOUT  ] 2017-12-07T05:11:42.598576742Z: [    1.457801] ACPI: PCI Interrupt Link [LNKC] (IRQs 5 10 *11)
[STDOUT  ] 2017-12-07T05:11:42.601438166Z: [    1.460737] ACPI: PCI Interrupt Link [LNKD] (IRQs 5 10 *11)
[STDOUT  ] 2017-12-07T05:11:42.603817932Z: [    1.463147] ACPI: PCI Interrupt Link [LNKE] (IRQs 5 *10 11)
[STDOUT  ] 2017-12-07T05:11:42.606059922Z: [    1.465598] ACPI: PCI Interrupt Link [LNKF] (IRQs 5 *10 11)
[STDOUT  ] 2017-12-07T05:11:42.608382657Z: [    1.467818] ACPI: PCI Interrupt Link [LNKG] (IRQs 5 10 *11)
[STDOUT  ] 2017-12-07T05:11:42.611264951Z: [    1.470606] ACPI: PCI Interrupt Link [LNKH] (IRQs 5 10 *11)
[STDOUT  ] 2017-12-07T05:11:42.612615019Z: [    1.472264] ACPI: PCI Interrupt Link [GSIA] (IRQs *16)
[STDOUT  ] 2017-12-07T05:11:42.613622944Z: [    1.473216] ACPI: PCI Interrupt Link [GSIB] (IRQs *17)
[STDOUT  ] 2017-12-07T05:11:42.614514317Z: [    1.474143] ACPI: PCI Interrupt Link [GSIC] (IRQs *18)
[STDOUT  ] 2017-12-07T05:11:42.615342491Z: [    1.475014] ACPI: PCI Interrupt Link [GSID] (IRQs *19)
[STDOUT  ] 2017-12-07T05:11:42.616300126Z: [    1.475908] ACPI: PCI Interrupt Link [GSIE] (IRQs *20)
[STDOUT  ] 2017-12-07T05:11:42.617139506Z: [    1.476808] ACPI: PCI Interrupt Link [GSIF] (IRQs *21)
[STDOUT  ] 2017-12-07T05:11:42.617974897Z: [    1.477711] ACPI: PCI Interrupt Link [GSIG] (IRQs *22)
[STDOUT  ] 2017-12-07T05:11:42.618744329Z: [    1.478457] ACPI: PCI Interrupt Link [GSIH] (IRQs *23)
[STDOUT  ] 2017-12-07T05:11:42.624395906Z: [    1.483587] ACPI: Enabled 2 GPEs in block 00 to 3F
[STDOUT  ] 2017-12-07T05:11:42.629658775Z: [    1.489508] SCSI subsystem initialized
[STDOUT  ] 2017-12-07T05:11:42.632671392Z: [    1.492285] ACPI: bus type USB registered
[STDOUT  ] 2017-12-07T05:11:42.63398055Z: [    1.493836] usbcore: registered new interface driver usbfs
[STDOUT  ] 2017-12-07T05:11:42.635055425Z: [    1.494748] usbcore: registered new interface driver hub
[STDOUT  ] 2017-12-07T05:11:42.635900568Z: [    1.495804] usbcore: registered new device driver usb
[STDOUT  ] 2017-12-07T05:11:42.637288304Z: [    1.497062] pps_core: LinuxPPS API ver. 1 registered
[STDOUT  ] 2017-12-07T05:11:42.637643949Z: [    1.497388] pps_core: Software ver. 5.3.6 - Copyright 2005-2007 Rodolfo Giometti <giometti@linux.it>
[STDOUT  ] 2017-12-07T05:11:42.637960537Z: [    1.497920] PTP clock support registered
[STDOUT  ] 2017-12-07T05:11:42.639216633Z: [    1.499154] wmi: Mapper loaded
[STDOUT  ] 2017-12-07T05:11:42.641762422Z: [    1.501405] PCI: Using ACPI for IRQ routing
[STDOUT  ] 2017-12-07T05:11:42.665090971Z: [    1.524772] NetLabel: Initializing
[STDOUT  ] 2017-12-07T05:11:42.665738561Z: [    1.525024] NetLabel:  domain hash size = 128
[STDOUT  ] 2017-12-07T05:11:42.66610713Z: [    1.525751] NetLabel:  protocols = UNLABELED CIPSOv4
[STDOUT  ] 2017-12-07T05:11:42.669627939Z: [    1.529050] NetLabel:  unlabeled traffic allowed by default
[STDOUT  ] 2017-12-07T05:11:42.67184192Z: [    1.530944] HPET: 3 timers in total, 0 timers will be used for per-cpu timer
[STDOUT  ] 2017-12-07T05:11:42.672918358Z: [    1.532226] hpet0: at MMIO 0xfed00000, IRQs 2, 8, 0
[STDOUT  ] 2017-12-07T05:11:42.673445788Z: [    1.532834] hpet0: 3 comparators, 64-bit 100.000000 MHz counter
[STDOUT  ] 2017-12-07T05:11:42.681062095Z: [    1.539182] clocksource: Switched to clocksource hpet
[STDOUT  ] 2017-12-07T05:11:42.988702562Z: [    1.838402] VFS: Disk quotas dquot_6.6.0
[STDOUT  ] 2017-12-07T05:11:42.989694924Z: [    1.839298] VFS: Dquot-cache hash table entries: 512 (order 0, 4096 bytes)
[STDOUT  ] 2017-12-07T05:11:42.994716585Z: [    1.844448] FS-Cache: Loaded
[STDOUT  ] 2017-12-07T05:11:43.003527772Z: [    1.853323] CacheFiles: Loaded
[STDOUT  ] 2017-12-07T05:11:43.00592902Z: [    1.855730] pnp: PnP ACPI init
[STDOUT  ] 2017-12-07T05:11:43.020835274Z: [    1.870607] pnp: PnP ACPI: found 5 devices
[STDOUT  ] 2017-12-07T05:11:43.076235554Z: [    1.925558] clocksource: acpi_pm: mask: 0xffffff max_cycles: 0xffffff, max_idle_ns: 2085701024 ns
[STDOUT  ] 2017-12-07T05:11:43.081724824Z: [    1.931517] NET: Registered protocol family 2
[STDOUT  ] 2017-12-07T05:11:43.091354109Z: [    1.940792] TCP established hash table entries: 8192 (order: 4, 65536 bytes)
[STDOUT  ] 2017-12-07T05:11:43.092234625Z: [    1.941925] TCP bind hash table entries: 8192 (order: 5, 131072 bytes)
[STDOUT  ] 2017-12-07T05:11:43.093120843Z: [    1.942808] TCP: Hash tables configured (established 8192 bind 8192)
[STDOUT  ] 2017-12-07T05:11:43.096161148Z: [    1.945707] UDP hash table entries: 512 (order: 2, 16384 bytes)
[STDOUT  ] 2017-12-07T05:11:43.096905341Z: [    1.946604] UDP-Lite hash table entries: 512 (order: 2, 16384 bytes)
[STDOUT  ] 2017-12-07T05:11:43.099927477Z: [    1.949577] NET: Registered protocol family 1
[STDOUT  ] 2017-12-07T05:11:43.101708694Z: [    1.951305] pci 0000:00:01.0: Video device with shadowed ROM at [mem 0x000c0000-0x000dffff]
[STDOUT  ] 2017-12-07T05:11:43.109356221Z: [    1.959048] Unpacking initramfs...
[STDOUT  ] 2017-12-07T05:11:46.512573489Z: [    5.362156] Freeing initrd memory: 22632K
[STDOUT  ] 2017-12-07T05:11:46.542903856Z: [    5.392637] PCLMULQDQ-NI instructions are not detected.
[STDOUT  ] 2017-12-07T05:11:46.544760681Z: [    5.394438] AVX or AES-NI instructions are not detected.
[STDOUT  ] 2017-12-07T05:11:46.545438063Z: [    5.395145] CPU feature 'AVX registers' is not supported.
[STDOUT  ] 2017-12-07T05:11:46.545872213Z: [    5.395690] CPU feature 'AVX registers' is not supported.
[STDOUT  ] 2017-12-07T05:11:46.546531305Z: [    5.396163] CPU feature 'AVX registers' is not supported.
[STDOUT  ] 2017-12-07T05:11:46.547033434Z: [    5.396788] CPU feature 'AVX registers' is not supported.
[STDOUT  ] 2017-12-07T05:11:46.547522868Z: [    5.397292] AVX2 or AES-NI instructions are not detected.
[STDOUT  ] 2017-12-07T05:11:46.547963048Z: [    5.397786] AVX2 instructions are not detected.
[STDOUT  ] 2017-12-07T05:11:46.559768679Z: [    5.409197] audit: initializing netlink subsys (disabled)
[STDOUT  ] 2017-12-07T05:11:46.565129272Z: [    5.414440] audit: type=2000 audit(1512623504.410:1): initialized
[STDOUT  ] 2017-12-07T05:11:46.578202751Z: [    5.427841] workingset: timestamp_bits=46 max_order=18 bucket_order=0
[STDOUT  ] 2017-12-07T05:11:46.586021353Z: [    5.435588] squashfs: version 4.0 (2009/01/31) Phillip Lougher
[STDOUT  ] 2017-12-07T05:11:46.589128891Z: [    5.438778] FS-Cache: Netfs 'cifs' registered for caching
[STDOUT  ] 2017-12-07T05:11:46.590573271Z: [    5.440430] fuse init (API version 7.26)
[STDOUT  ] 2017-12-07T05:11:46.59594786Z: [    5.445595] SGI XFS with ACLs, security attributes, no debug enabled
[STDOUT  ] 2017-12-07T05:11:46.601465628Z: [    5.451190] 9p: Installing v9fs 9p2000 file system support
[STDOUT  ] 2017-12-07T05:11:46.602082899Z: [    5.451816] FS-Cache: Netfs '9p' registered for caching
[STDOUT  ] 2017-12-07T05:11:46.641917859Z: [    5.491543] NET: Registered protocol family 38
[STDOUT  ] 2017-12-07T05:11:46.642490533Z: [    5.492289] Key type asymmetric registered
[STDOUT  ] 2017-12-07T05:11:46.643121638Z: [    5.492764] Asymmetric key parser 'x509' registered
[STDOUT  ] 2017-12-07T05:11:46.644756556Z: [    5.494332] Block layer SCSI generic (bsg) driver version 0.4 loaded (major 251)
[STDOUT  ] 2017-12-07T05:11:46.646868627Z: [    5.496684] io scheduler noop registered
[STDOUT  ] 2017-12-07T05:11:46.647368558Z: [    5.497104] io scheduler deadline registered (default)
[STDOUT  ] 2017-12-07T05:11:46.648419133Z: [    5.498380] io scheduler cfq registered
[STDOUT  ] 2017-12-07T05:11:46.654955082Z: [    5.504674] pci_hotplug: PCI Hot Plug PCI Core version: 0.5
[STDOUT  ] 2017-12-07T05:11:46.655802995Z: [    5.505498] pciehp: PCI Express Hot Plug Controller Driver version: 0.4
[STDOUT  ] 2017-12-07T05:11:46.656798957Z: [    5.506429] shpchp: Standard Hot Plug PCI Controller Driver version: 0.4
[STDOUT  ] 2017-12-07T05:11:46.657662054Z: [    5.507443] hv_vmbus: registering driver hyperv_fb
[STDOUT  ] 2017-12-07T05:11:46.662831734Z: [    5.512267] input: Power Button as /devices/LNXSYSTM:00/LNXPWRBN:00/input/input0
[STDOUT  ] 2017-12-07T05:11:46.6634723Z: [    5.513443] ACPI: Power Button [PWRF]
[STDOUT  ] 2017-12-07T05:11:46.672410804Z: [    5.521809] GHES: HEST is not enabled!
[STDOUT  ] 2017-12-07T05:11:46.686379379Z: [    5.535991] ACPI: PCI Interrupt Link [GSIG] enabled at IRQ 22
[STDOUT  ] 2017-12-07T05:11:46.705012456Z: [    5.554631] ACPI: PCI Interrupt Link [GSIH] enabled at IRQ 23
[STDOUT  ] 2017-12-07T05:11:46.712715361Z: [    5.562280] xenfs: not registering filesystem on non-xen platform
[STDOUT  ] 2017-12-07T05:11:46.715758712Z: [    5.565234] Serial: 8250/16550 driver, 4 ports, IRQ sharing disabled
[STDOUT  ] 2017-12-07T05:11:46.744013069Z: [    5.591362] 00:04: ttyS0 at I/O 0x3f8 (irq = 4, base_baud = 115200) is a 16550A
[STDOUT  ] 2017-12-07T05:11:46.760775781Z: [    5.610009] Non-volatile memory driver v1.3
[STDOUT  ] 2017-12-07T05:11:46.770744592Z: [    5.619863] Hangcheck: starting hangcheck timer 0.9.1 (tick is 180 seconds, margin is 60 seconds).
[STDOUT  ] 2017-12-07T05:11:46.777607632Z: [    5.627343] random: fast init done
[STDOUT  ] 2017-12-07T05:11:46.780391262Z: [    5.629722] random: crng init done
[STDOUT  ] 2017-12-07T05:11:46.826805242Z: [    5.676532] loop: module loaded
[STDOUT  ] 2017-12-07T05:11:46.845713965Z: [    5.695445] nbd: registered device at major 43
[STDOUT  ] 2017-12-07T05:11:46.898717393Z: [    5.748432] lpc_ich 0000:00:1f.0: I/O space for GPIO uninitialized
[STDOUT  ] 2017-12-07T05:11:46.902495224Z: [    5.751979] VMware PVSCSI driver - version 1.0.7.0-k
[STDOUT  ] 2017-12-07T05:11:46.903650996Z: [    5.753380] hv_vmbus: registering driver hv_storvsc
[STDOUT  ] 2017-12-07T05:11:46.918217894Z: [    5.767721] ACPI: PCI Interrupt Link [GSIA] enabled at IRQ 16
[STDOUT  ] 2017-12-07T05:11:46.928438625Z: [    5.777936] ahci 0000:00:1f.2: AHCI 0001.0000 32 slots 6 ports 1.5 Gbps 0x3f impl SATA mode
[STDOUT  ] 2017-12-07T05:11:46.929211396Z: [    5.779012] ahci 0000:00:1f.2: flags: 64bit ncq only 
[STDOUT  ] 2017-12-07T05:11:46.955745306Z: [    5.805336] scsi host0: ahci
[STDOUT  ] 2017-12-07T05:11:46.962479857Z: [    5.812296] scsi host1: ahci
[STDOUT  ] 2017-12-07T05:11:46.967529332Z: [    5.817222] scsi host2: ahci
[STDOUT  ] 2017-12-07T05:11:46.971133762Z: [    5.821051] scsi host3: ahci
[STDOUT  ] 2017-12-07T05:11:46.974420263Z: [    5.824166] scsi host4: ahci
[STDOUT  ] 2017-12-07T05:11:46.977660653Z: [    5.827479] scsi host5: ahci
[STDOUT  ] 2017-12-07T05:11:46.980390253Z: [    5.829914] ata1: SATA max UDMA/133 abar m4096@0xfebd2000 port 0xfebd2100 irq 24
[STDOUT  ] 2017-12-07T05:11:46.981807474Z: [    5.831385] ata2: SATA max UDMA/133 abar m4096@0xfebd2000 port 0xfebd2180 irq 24
[STDOUT  ] 2017-12-07T05:11:46.982446455Z: [    5.831966] ata3: SATA max UDMA/133 abar m4096@0xfebd2000 port 0xfebd2200 irq 24
[STDOUT  ] 2017-12-07T05:11:46.982959993Z: [    5.832574] ata4: SATA max UDMA/133 abar m4096@0xfebd2000 port 0xfebd2280 irq 24
[STDOUT  ] 2017-12-07T05:11:46.983424441Z: [    5.833117] ata5: SATA max UDMA/133 abar m4096@0xfebd2000 port 0xfebd2300 irq 24
[STDOUT  ] 2017-12-07T05:11:46.983985563Z: [    5.833736] ata6: SATA max UDMA/133 abar m4096@0xfebd2000 port 0xfebd2380 irq 24
[STDOUT  ] 2017-12-07T05:11:47.003527533Z: [    5.853079] tun: Universal TUN/TAP device driver, 1.6
[STDOUT  ] 2017-12-07T05:11:47.004115903Z: [    5.853640] tun: (C) 1999-2004 Max Krasnyansky <maxk@qualcomm.com>
[STDOUT  ] 2017-12-07T05:11:47.019565822Z: [    5.869233] VMware vmxnet3 virtual NIC driver - version 1.4.a.0-k-NAPI
[STDOUT  ] 2017-12-07T05:11:47.021938393Z: [    5.871580] hv_vmbus: registering driver hv_netvsc
[STDOUT  ] 2017-12-07T05:11:47.022324534Z: [    5.872198] Fusion MPT base driver 3.04.20
[STDOUT  ] 2017-12-07T05:11:47.022837309Z: [    5.872569] Copyright (c) 1999-2008 LSI Corporation
[STDOUT  ] 2017-12-07T05:11:47.023456349Z: [    5.873397] Fusion MPT SPI Host driver 3.04.20
[STDOUT  ] 2017-12-07T05:11:47.026475026Z: [    5.875846] i8042: PNP: PS/2 Controller [PNP0303:KBD,PNP0f13:MOU] at 0x60,0x64 irq 1,12
[STDOUT  ] 2017-12-07T05:11:47.032064915Z: [    5.881513] serio: i8042 KBD port at 0x60,0x64 irq 1
[STDOUT  ] 2017-12-07T05:11:47.032809572Z: [    5.882534] serio: i8042 AUX port at 0x60,0x64 irq 12
[STDOUT  ] 2017-12-07T05:11:47.036591653Z: [    5.886211] hv_vmbus: registering driver hyperv_keyboard
[STDOUT  ] 2017-12-07T05:11:47.039610786Z: [    5.889172] mousedev: PS/2 mouse device common for all mice
[STDOUT  ] 2017-12-07T05:11:47.046255635Z: [    5.895467] input: AT Translated Set 2 keyboard as /devices/platform/i8042/serio0/input/input1
[STDOUT  ] 2017-12-07T05:11:47.052611769Z: [    5.902009] input: PC Speaker as /devices/platform/pcspkr/input/input2
[STDOUT  ] 2017-12-07T05:11:47.057277831Z: [    5.907050] rtc_cmos 00:00: RTC can wake from S4
[STDOUT  ] 2017-12-07T05:11:47.062176767Z: [    5.911637] rtc_cmos 00:00: rtc core: registered rtc_cmos as rtc0
[STDOUT  ] 2017-12-07T05:11:47.063751982Z: [    5.913412] rtc_cmos 00:00: alarms up to one day, y3k, 114 bytes nvram, hpet irqs
[STDOUT  ] 2017-12-07T05:11:47.064501022Z: [    5.914331] i2c /dev entries driver
[STDOUT  ] 2017-12-07T05:11:47.067753228Z: [    5.917053] device-mapper: ioctl: 4.35.0-ioctl (2016-06-23) initialised: dm-devel@redhat.com
[STDOUT  ] 2017-12-07T05:11:47.073736073Z: [    5.923456] usbcore: registered new interface driver usbhid
[STDOUT  ] 2017-12-07T05:11:47.074012251Z: [    5.923799] usbhid: USB HID core driver
[STDOUT  ] 2017-12-07T05:11:47.074832614Z: [    5.924669] hv_utils: Registering HyperV Utility Driver
[STDOUT  ] 2017-12-07T05:11:47.075165198Z: [    5.925067] hv_vmbus: registering driver hv_util
[STDOUT  ] 2017-12-07T05:11:47.075622788Z: [    5.925435] hv_vmbus: registering driver hv_balloon
[STDOUT  ] 2017-12-07T05:11:47.076343791Z: [    5.926133] oprofile: using NMI interrupt.
[STDOUT  ] 2017-12-07T05:11:47.077820392Z: [    5.927697] GACT probability on
[STDOUT  ] 2017-12-07T05:11:47.078715797Z: [    5.928355] Mirror/redirect action on
[STDOUT  ] 2017-12-07T05:11:47.081309943Z: [    5.930991] Simple TC action Loaded
[STDOUT  ] 2017-12-07T05:11:47.081822425Z: [    5.931810] u32 classifier
[STDOUT  ] 2017-12-07T05:11:47.082146886Z: [    5.932034]     Performance counters on
[STDOUT  ] 2017-12-07T05:11:47.082463769Z: [    5.932362]     input device check on
[STDOUT  ] 2017-12-07T05:11:47.082849815Z: [    5.932678]     Actions configured
[STDOUT  ] 2017-12-07T05:11:47.083638919Z: [    5.933421] Netfilter messages via NETLINK v0.30.
[STDOUT  ] 2017-12-07T05:11:47.084432436Z: [    5.934231] nfnl_acct: registering with nfnetlink.
[STDOUT  ] 2017-12-07T05:11:47.086234794Z: [    5.935973] nf_conntrack version 0.5.0 (8192 buckets, 32768 max)
[STDOUT  ] 2017-12-07T05:11:47.08982891Z: [    5.939375] ctnetlink v0.93: registering with nfnetlink.
[STDOUT  ] 2017-12-07T05:11:47.093927878Z: [    5.943559] nf_tables: (c) 2007-2009 Patrick McHardy <kaber@trash.net>
[STDOUT  ] 2017-12-07T05:11:47.095152636Z: [    5.944719] nf_tables_compat: (c) 2012 Pablo Neira Ayuso <pablo@netfilter.org>
[STDOUT  ] 2017-12-07T05:11:47.098082643Z: [    5.947736] xt_time: kernel timezone is -0000
[STDOUT  ] 2017-12-07T05:11:47.098424354Z: [    5.948429] ip_set: protocol 6
[STDOUT  ] 2017-12-07T05:11:47.099393907Z: [    5.949144] IPVS: Registered protocols (TCP, UDP, SCTP, AH, ESP)
[STDOUT  ] 2017-12-07T05:11:47.100548388Z: [    5.950036] IPVS: Connection hash table configured (size=4096, memory=64Kbytes)
[STDOUT  ] 2017-12-07T05:11:47.103287443Z: [    5.953085] IPVS: Creating netns size=2104 id=0
[STDOUT  ] 2017-12-07T05:11:47.106567295Z: [    5.956322] IPVS: ipvs loaded.
[STDOUT  ] 2017-12-07T05:11:47.107250249Z: [    5.956743] IPVS: [rr] scheduler registered.
[STDOUT  ] 2017-12-07T05:11:47.107621579Z: [    5.957434] IPVS: [wrr] scheduler registered.
[STDOUT  ] 2017-12-07T05:11:47.108095339Z: [    5.957876] IPVS: [lc] scheduler registered.
[STDOUT  ] 2017-12-07T05:11:47.108415192Z: [    5.958269] IPVS: [wlc] scheduler registered.
[STDOUT  ] 2017-12-07T05:11:47.108740739Z: [    5.958642] IPVS: [fo] scheduler registered.
[STDOUT  ] 2017-12-07T05:11:47.109328289Z: [    5.958972] IPVS: [ovf] scheduler registered.
[STDOUT  ] 2017-12-07T05:11:47.110027856Z: [    5.959766] IPVS: [lblc] scheduler registered.
[STDOUT  ] 2017-12-07T05:11:47.111616445Z: [    5.961335] IPVS: [lblcr] scheduler registered.
[STDOUT  ] 2017-12-07T05:11:47.11216509Z: [    5.961844] IPVS: [dh] scheduler registered.
[STDOUT  ] 2017-12-07T05:11:47.112478934Z: [    5.962302] IPVS: [sh] scheduler registered.
[STDOUT  ] 2017-12-07T05:11:47.112839111Z: [    5.962707] IPVS: [sed] scheduler registered.
[STDOUT  ] 2017-12-07T05:11:47.113323131Z: [    5.963061] IPVS: [nq] scheduler registered.
[STDOUT  ] 2017-12-07T05:11:47.114208686Z: [    5.964052] IPVS: ftp: loaded support on port[0] = 21
[STDOUT  ] 2017-12-07T05:11:47.11549632Z: [    5.965270] ipip: IPv4 and MPLS over IPv4 tunneling driver
[STDOUT  ] 2017-12-07T05:11:47.121866383Z: [    5.971338] gre: GRE over IPv4 demultiplexor driver
[STDOUT  ] 2017-12-07T05:11:47.125118499Z: [    5.974814] ip_tables: (C) 2000-2006 Netfilter Core Team
[STDOUT  ] 2017-12-07T05:11:47.129067179Z: [    5.978602] ipt_CLUSTERIP: ClusterIP Version 0.8 loaded successfully
[STDOUT  ] 2017-12-07T05:11:47.129837285Z: [    5.979640] arp_tables: arp_tables: (C) 2002 David S. Miller
[STDOUT  ] 2017-12-07T05:11:47.133696423Z: [    5.983156] NET: Registered protocol family 10
[STDOUT  ] 2017-12-07T05:11:47.146152672Z: [    5.995776] ip6_tables: (C) 2000-2006 Netfilter Core Team
[STDOUT  ] 2017-12-07T05:11:47.159940858Z: [    6.009373] NET: Registered protocol family 17
[STDOUT  ] 2017-12-07T05:11:47.162659702Z: [    6.012156] Bridge firewalling registered
[STDOUT  ] 2017-12-07T05:11:47.163350928Z: [    6.013172] Ebtables v2.0 registered
[STDOUT  ] 2017-12-07T05:11:47.166661238Z: [    6.016187] 8021q: 802.1Q VLAN Support v1.8
[STDOUT  ] 2017-12-07T05:11:47.168435945Z: [    6.018227] 9pnet: Installing 9P2000 support
[STDOUT  ] 2017-12-07T05:11:47.171880007Z: [    6.021318] Key type dns_resolver registered
[STDOUT  ] 2017-12-07T05:11:47.17363619Z: [    6.023276] microcode: AMD CPU family 0x6 not supported
[STDOUT  ] 2017-12-07T05:11:47.179492071Z: [    6.029118] registered taskstats version 1
[STDOUT  ] 2017-12-07T05:11:47.315726394Z: [    6.165214] ata1: SATA link up 1.5 Gbps (SStatus 113 SControl 300)
[STDOUT  ] 2017-12-07T05:11:47.321384547Z: [    6.170965] ata4: SATA link down (SStatus 0 SControl 300)
[STDOUT  ] 2017-12-07T05:11:47.323734805Z: [    6.173322] ata2: SATA link down (SStatus 0 SControl 300)
[STDOUT  ] 2017-12-07T05:11:47.324439057Z: [    6.174243] ata3: SATA link up 1.5 Gbps (SStatus 113 SControl 300)
[STDOUT  ] 2017-12-07T05:11:47.326737003Z: [    6.176318] ata3.00: ATAPI: QEMU DVD-ROM, 2.5+, max UDMA/100
[STDOUT  ] 2017-12-07T05:11:47.32724738Z: [    6.177021] ata3.00: applying bridge limits
[STDOUT  ] 2017-12-07T05:11:47.3320732Z: [    6.181678] ata3.00: configured for UDMA/100
[STDOUT  ] 2017-12-07T05:11:47.334933227Z: [    6.184561] ata6: SATA link down (SStatus 0 SControl 300)
[STDOUT  ] 2017-12-07T05:11:47.335840572Z: [    6.185333] ata5: SATA link down (SStatus 0 SControl 300)
[STDOUT  ] 2017-12-07T05:11:47.341447681Z: [    6.191033] ata1.00: ATA-7: QEMU HARDDISK, 2.5+, max UDMA/100
[STDOUT  ] 2017-12-07T05:11:47.342184979Z: [    6.191729] ata1.00: 409600 sectors, multi 16: LBA48 NCQ (depth 31/32)
[STDOUT  ] 2017-12-07T05:11:47.342598646Z: [    6.192459] ata1.00: applying bridge limits
[STDOUT  ] 2017-12-07T05:11:47.343904853Z: [    6.193690] ata1.00: configured for UDMA/100
[STDOUT  ] 2017-12-07T05:11:47.372036851Z: [    6.221591] scsi 0:0:0:0: Direct-Access     ATA      QEMU HARDDISK    2.5+ PQ: 0 ANSI: 5
[STDOUT  ] 2017-12-07T05:11:47.394215979Z: [    6.243684] sd 0:0:0:0: [sda] 409600 512-byte logical blocks: (210 MB/200 MiB)
[STDOUT  ] 2017-12-07T05:11:47.402090098Z: [    6.251268] sd 0:0:0:0: Attached scsi generic sg0 type 0
[STDOUT  ] 2017-12-07T05:11:47.405505099Z: [    6.255230] sd 0:0:0:0: [sda] Write Protect is off
[STDOUT  ] 2017-12-07T05:11:47.414009276Z: [    6.263379] scsi 2:0:0:0: CD-ROM            QEMU     QEMU DVD-ROM     2.5+ PQ: 0 ANSI: 5
[STDOUT  ] 2017-12-07T05:11:47.419883769Z: [    6.269153] sd 0:0:0:0: [sda] Write cache: enabled, read cache: enabled, doesn't support DPO or FUA
[STDOUT  ] 2017-12-07T05:11:47.437819787Z: [    6.287332] sr 2:0:0:0: [sr0] scsi3-mmc drive: 4x/4x cd/rw xa/form2 tray
[STDOUT  ] 2017-12-07T05:11:47.438688206Z: [    6.288328] cdrom: Uniform CD-ROM driver Revision: 3.20
[STDOUT  ] 2017-12-07T05:11:47.451831396Z: [    6.301614]  sda: sda1
[STDOUT  ] 2017-12-07T05:11:47.473422476Z: [    6.323198] sr 2:0:0:0: Attached scsi generic sg1 type 5
[STDOUT  ] 2017-12-07T05:11:47.498015409Z: [    6.347681] sd 0:0:0:0: [sda] Attached SCSI disk
[STDOUT  ] 2017-12-07T05:11:47.521274176Z: [    6.371043] Key type big_key registered
[STDOUT  ] 2017-12-07T05:11:47.552235489Z: [    6.401554] tsc: Refined TSC clocksource calibration: 2599.995 MHz
[STDOUT  ] 2017-12-07T05:11:47.553113993Z: [    6.402455] clocksource: tsc: mask: 0xffffffffffffffff max_cycles: 0x257a376535a, max_idle_ns: 440795296166 ns
[STDOUT  ] 2017-12-07T05:11:47.670883214Z: [    6.520636] Key type encrypted registered
[STDOUT  ] 2017-12-07T05:11:47.679120674Z: [    6.528387] rtc_cmos 00:00: setting system clock to 2017-12-07 05:11:46 UTC (1512623506)
[STDOUT  ] 2017-12-07T05:11:47.837913704Z: [    6.687729] Freeing unused kernel memory: 1380K
[STDOUT  ] 2017-12-07T05:11:47.838380532Z: [    6.688329] Write protecting the kernel read-only data: 12288k
[STDOUT  ] 2017-12-07T05:11:47.846217094Z: [    6.695984] Freeing unused kernel memory: 128K
[STDOUT  ] 2017-12-07T05:11:47.963792982Z: [    6.813416] Freeing unused kernel memory: 1396K
[STDOUT  ] 2017-12-07T05:11:48.56662224Z: [    7.416370] clocksource: Switched to clocksource tsc
[STDOUT  ] 2017-12-07T05:11:55.601670238Z: 
[STDOUT  ] 2017-12-07T05:11:55.602302081Z: Welcome to LinuxKit
[STDOUT  ] 2017-12-07T05:11:55.602440514Z: 
[STDOUT  ] 2017-12-07T05:11:55.602883476Z:                         ##         .
[STDOUT  ] 2017-12-07T05:11:55.603402666Z:                   ## ## ##        ==
[STDOUT  ] 2017-12-07T05:11:55.603743867Z:                ## ## ## ## ##    ===
[STDOUT  ] 2017-12-07T05:11:55.604246682Z:            /"""""""""""""""""\___/ ===
[STDOUT  ] 2017-12-07T05:11:55.604575495Z:           {                       /  ===-
[STDOUT  ] 2017-12-07T05:11:55.605137942Z:            \______ O           __/
[STDOUT  ] 2017-12-07T05:11:55.605496841Z:              \    \         __/
[STDOUT  ] 2017-12-07T05:11:55.605803412Z:               \____\_______/
[STDOUT  ] 2017-12-07T05:11:55.605984495Z: 
[STDOUT  ] 2017-12-07T05:12:27.653693674Z: [   46.503570] sd 0:0:0:0: [sda] Synchronizing SCSI cache
[STDOUT  ] 2017-12-07T05:12:27.654994793Z: [   46.504906] sd 0:0:0:0: [sda] Stopping disk
[STDOUT  ] 2017-12-07T05:12:27.658653754Z: [   46.508401] ACPI: Preparing to enter system sleep state S5
[STDOUT  ] 2017-12-07T05:12:27.659754583Z: [   46.509683] reboot: Power down
[STDERR  ] 2017-12-07T05:12:28.006251703Z: + exit 0
[STDERR  ] 2017-12-07T05:12:28.006336158Z: + clean_up
[STDERR  ] 2017-12-07T05:12:28.006348894Z: + find . -depth -iname run* -not -iname *.yml -exec rm -rf {} ;
[STDERR  ] 2017-12-07T05:12:28.180994766Z: + find . -depth -iname mkimage* -not -iname *.yml -exec rm -rf {} ;
[STDERR  ] 2017-12-07T05:12:28.193351013Z: + find . -depth -iname disk.qcow2* -not -iname *.yml -exec rm -rf {} ;
[STDERR  ] 2017-12-07T05:12:28.203651794Z: + rm -f tarball.img
[PASS    ] linuxkit.packages.mkimage 172.80s
