[INFO    ] 2017-11-30T03:54:12.664381434Z: Running Test linuxkit.packages.mkimage in /tmp/build/test/cases/040_packages/013_mkimage
[INFO    ] 2017-11-30T03:54:12.664486918Z: Running command: [/bin/sh -x /tmp/build/test/cases/040_packages/013_mkimage/test.sh]
[STDERR  ] 2017-11-30T03:54:12.735953551Z: + set -e
[STDERR  ] 2017-11-30T03:54:12.736042566Z: + . /tmp/build/test/cases/_lib/lib.sh
[STDERR  ] 2017-11-30T03:54:12.736058796Z: + [ -f src/github.com/linuxkit/rtf/lib/lib.sh ]
[STDERR  ] 2017-11-30T03:54:12.736069963Z: + LINUXKIT_TMPDIR=/tmp/build/test/cases/_tmp
[STDERR  ] 2017-11-30T03:54:12.736080179Z: + [ -f /tmp/build/test/cases/_tmp/env.sh ]
[STDERR  ] 2017-11-30T03:54:12.736090941Z: + . /tmp/build/test/cases/_tmp/env.sh
[STDERR  ] 2017-11-30T03:54:12.736102386Z: + export LINUXKIT_EXAMPLES_DIR=/tmp/build/test/cases/../../examples
[STDERR  ] 2017-11-30T03:54:12.736113641Z: + export LINUXKIT_BLUEPRINTS_DIR=/tmp/build/test/cases/../../blueprints
[STDERR  ] 2017-11-30T03:54:12.736125166Z: + RT_CANCEL=253
[STDERR  ] 2017-11-30T03:54:12.736136989Z: + trap clean_up EXIT
[STDERR  ] 2017-11-30T03:54:12.736146477Z: + linuxkit build -format kernel+initrd run.yml
[STDERR  ] 2017-11-30T03:54:12.78642316Z: Extract kernel image: linuxkit/kernel:4.9.65
[STDERR  ] 2017-11-30T03:54:13.948372971Z: time="2017-11-30T03:54:13Z" level=warning msg="certificate with CN Justin Cormack is near expiry" 
[STDERR  ] 2017-11-30T03:54:13.984899945Z: time="2017-11-30T03:54:13Z" level=warning msg="certificate with CN Justin Cormack is near expiry" 
[STDERR  ] 2017-11-30T03:54:14.560541699Z: Add init containers:
[STDERR  ] 2017-11-30T03:54:14.560602078Z: Process init image: linuxkit/init:42a92119e1ca10380e0d33e26c0cbcf85b9b3558
[STDERR  ] 2017-11-30T03:54:15.603416823Z: time="2017-11-30T03:54:15Z" level=warning msg="certificate with CN Justin Cormack is near expiry" 
[STDERR  ] 2017-11-30T03:54:15.606534294Z: time="2017-11-30T03:54:15Z" level=warning msg="certificate with CN Justin Cormack is near expiry" 
[STDERR  ] 2017-11-30T03:54:15.856095308Z: Process init image: linuxkit/runc:1b0741d07949c0acc444cd6a04ee7f833443579d
[STDERR  ] 2017-11-30T03:54:16.8960443Z: time="2017-11-30T03:54:16Z" level=warning msg="certificate with CN Justin Cormack is near expiry" 
[STDERR  ] 2017-11-30T03:54:16.898264383Z: time="2017-11-30T03:54:16Z" level=warning msg="certificate with CN Justin Cormack is near expiry" 
[STDERR  ] 2017-11-30T03:54:17.094826429Z: Add onboot containers:
[STDERR  ] 2017-11-30T03:54:17.094883101Z:   Create OCI config for linuxkit/poweroff:280bd01daa8776fbe1f4d912977f1886b8374834
[STDERR  ] 2017-11-30T03:54:18.140809221Z: time="2017-11-30T03:54:18Z" level=warning msg="certificate with CN Justin Cormack is near expiry" 
[STDERR  ] 2017-11-30T03:54:18.14098321Z: time="2017-11-30T03:54:18Z" level=warning msg="certificate with CN Rolf Neugebauer is near expiry" 
[STDERR  ] 2017-11-30T03:54:18.142545815Z: time="2017-11-30T03:54:18Z" level=warning msg="certificate with CN Rolf Neugebauer is near expiry" 
[STDERR  ] 2017-11-30T03:54:18.292789904Z: Create outputs:
[STDERR  ] 2017-11-30T03:54:22.367684971Z:   run-kernel run-initrd.img run-cmdline
[STDERR  ] 2017-11-30T03:54:22.416364719Z: + linuxkit build -format kernel+initrd mkimage.yml
[STDERR  ] 2017-11-30T03:54:22.451374479Z: Extract kernel image: linuxkit/kernel:4.9.65
[STDERR  ] 2017-11-30T03:54:23.585262392Z: time="2017-11-30T03:54:23Z" level=warning msg="certificate with CN Justin Cormack is near expiry" 
[STDERR  ] 2017-11-30T03:54:23.623060478Z: time="2017-11-30T03:54:23Z" level=warning msg="certificate with CN Justin Cormack is near expiry" 
[STDERR  ] 2017-11-30T03:54:24.342048739Z: Add init containers:
[STDERR  ] 2017-11-30T03:54:24.342109059Z: Process init image: linuxkit/init:42a92119e1ca10380e0d33e26c0cbcf85b9b3558
[STDERR  ] 2017-11-30T03:54:25.383309969Z: time="2017-11-30T03:54:25Z" level=warning msg="certificate with CN Justin Cormack is near expiry" 
[STDERR  ] 2017-11-30T03:54:25.386811909Z: time="2017-11-30T03:54:25Z" level=warning msg="certificate with CN Justin Cormack is near expiry" 
[STDERR  ] 2017-11-30T03:54:25.63661971Z: Process init image: linuxkit/runc:1b0741d07949c0acc444cd6a04ee7f833443579d
[STDERR  ] 2017-11-30T03:54:26.671665402Z: time="2017-11-30T03:54:26Z" level=warning msg="certificate with CN Justin Cormack is near expiry" 
[STDERR  ] 2017-11-30T03:54:26.673875785Z: time="2017-11-30T03:54:26Z" level=warning msg="certificate with CN Justin Cormack is near expiry" 
[STDERR  ] 2017-11-30T03:54:26.849497439Z: Add onboot containers:
[STDERR  ] 2017-11-30T03:54:26.849556029Z:   Create OCI config for linuxkit/mkimage:a5dd896053b08abea3141628f7245f4d16a5fc1f
[STDERR  ] 2017-11-30T03:54:28.043131433Z: time="2017-11-30T03:54:28Z" level=warning msg="certificate with CN Justin Cormack is near expiry" 
[STDERR  ] 2017-11-30T03:54:28.043348161Z: time="2017-11-30T03:54:28Z" level=warning msg="certificate with CN Rolf Neugebauer is near expiry" 
[STDERR  ] 2017-11-30T03:54:28.04610744Z: time="2017-11-30T03:54:28Z" level=warning msg="certificate with CN Justin Cormack is near expiry" 
[STDERR  ] 2017-11-30T03:54:28.048936418Z: time="2017-11-30T03:54:28Z" level=warning msg="certificate with CN Rolf Neugebauer is near expiry" 
[STDERR  ] 2017-11-30T03:54:28.0733737Z: Pull image: docker.io/linuxkit/mkimage:a5dd896053b08abea3141628f7245f4d16a5fc1f@sha256:429e2596b53511450fc0dc8bf00c1ba7cea1b548527dbbac2207247e602d5449
[STDERR  ] 2017-11-30T03:54:31.039341169Z:   Create OCI config for linuxkit/poweroff:280bd01daa8776fbe1f4d912977f1886b8374834
[STDERR  ] 2017-11-30T03:54:32.076925004Z: time="2017-11-30T03:54:32Z" level=warning msg="certificate with CN Justin Cormack is near expiry" 
[STDERR  ] 2017-11-30T03:54:32.077092908Z: time="2017-11-30T03:54:32Z" level=warning msg="certificate with CN Rolf Neugebauer is near expiry" 
[STDERR  ] 2017-11-30T03:54:32.078677044Z: time="2017-11-30T03:54:32Z" level=warning msg="certificate with CN Rolf Neugebauer is near expiry" 
[STDERR  ] 2017-11-30T03:54:32.275415025Z: Create outputs:
[STDERR  ] 2017-11-30T03:54:37.017954349Z:   mkimage-kernel mkimage-initrd.img mkimage-cmdline
[STDERR  ] 2017-11-30T03:54:37.076668381Z: + tar cf tarball.img run-kernel run-initrd.img run-cmdline
[STDERR  ] 2017-11-30T03:54:37.217413535Z: + linuxkit run qemu -disk disk.qcow2,size=200M,format=qcow2 -disk tarball.img,format=raw -kernel mkimage
[STDERR  ] 2017-11-30T03:54:37.24009668Z: Unable to find qemu-system-x86_64 within the $PATH. Using a container
[STDERR  ] 2017-11-30T03:54:37.989279614Z: Using existing disk [tarball.img] format raw
[STDOUT  ] 2017-11-30T03:54:39.880894659Z: [    0.000000] Linux version 4.9.65-linuxkit (root@c78110dc0cc9) (gcc version 6.3.0 (Alpine 6.3.0) ) #1 SMP Fri Nov 24 15:20:57 UTC 2017
[STDOUT  ] 2017-11-30T03:54:39.881231587Z: [    0.000000] Command line: console=ttyS0
[STDOUT  ] 2017-11-30T03:54:39.881252824Z: [    0.000000] x86/fpu: Legacy x87 FPU detected.
[STDOUT  ] 2017-11-30T03:54:39.881674777Z: [    0.000000] x86/fpu: Using 'eager' FPU context switches.
[STDOUT  ] 2017-11-30T03:54:39.88204459Z: [    0.000000] e820: BIOS-provided physical RAM map:
[STDOUT  ] 2017-11-30T03:54:39.882253899Z: [    0.000000] BIOS-e820: [mem 0x0000000000000000-0x000000000009fbff] usable
[STDOUT  ] 2017-11-30T03:54:39.882363832Z: [    0.000000] BIOS-e820: [mem 0x000000000009fc00-0x000000000009ffff] reserved
[STDOUT  ] 2017-11-30T03:54:39.882613137Z: [    0.000000] BIOS-e820: [mem 0x00000000000f0000-0x00000000000fffff] reserved
[STDOUT  ] 2017-11-30T03:54:39.88285402Z: [    0.000000] BIOS-e820: [mem 0x0000000000100000-0x000000003ffddfff] usable
[STDOUT  ] 2017-11-30T03:54:39.883167974Z: [    0.000000] BIOS-e820: [mem 0x000000003ffde000-0x000000003fffffff] reserved
[STDOUT  ] 2017-11-30T03:54:39.883282221Z: [    0.000000] BIOS-e820: [mem 0x00000000b0000000-0x00000000bfffffff] reserved
[STDOUT  ] 2017-11-30T03:54:39.883860308Z: [    0.000000] BIOS-e820: [mem 0x00000000fed1c000-0x00000000fed1ffff] reserved
[STDOUT  ] 2017-11-30T03:54:39.88404461Z: [    0.000000] BIOS-e820: [mem 0x00000000fffc0000-0x00000000ffffffff] reserved
[STDOUT  ] 2017-11-30T03:54:39.884475307Z: [    0.000000] NX (Execute Disable) protection: active
[STDOUT  ] 2017-11-30T03:54:39.884514282Z: [    0.000000] SMBIOS 2.8 present.
[STDOUT  ] 2017-11-30T03:54:39.884989655Z: [    0.000000] e820: last_pfn = 0x3ffde max_arch_pfn = 0x400000000
[STDOUT  ] 2017-11-30T03:54:39.885008575Z: [    0.000000] x86/PAT: Configuration [0-7]: WB  WC  UC- UC  WB  WC  UC- WT  
[STDOUT  ] 2017-11-30T03:54:39.885290496Z: [    0.000000] found SMP MP-table at [mem 0x000f6aa0-0x000f6aaf] mapped at [ffff8f0c800f6aa0]
[STDOUT  ] 2017-11-30T03:54:39.885318801Z: [    0.000000] RAMDISK: [mem 0x3e401000-0x3ffcffff]
[STDOUT  ] 2017-11-30T03:54:39.885629972Z: [    0.000000] ACPI: Early table checksum verification disabled
[STDOUT  ] 2017-11-30T03:54:39.885840612Z: [    0.000000] ACPI: RSDP 0x00000000000F68C0 000014 (v00 BOCHS )
[STDOUT  ] 2017-11-30T03:54:39.886151912Z: [    0.000000] ACPI: RSDT 0x000000003FFE2404 000034 (v01 BOCHS  BXPCRSDT 00000001 BXPC 00000001)
[STDOUT  ] 2017-11-30T03:54:39.886406721Z: [    0.000000] ACPI: FACP 0x000000003FFE22A4 000074 (v01 BOCHS  BXPCFACP 00000001 BXPC 00000001)
[STDOUT  ] 2017-11-30T03:54:39.886734682Z: [    0.000000] ACPI: DSDT 0x000000003FFE0040 002264 (v01 BOCHS  BXPCDSDT 00000001 BXPC 00000001)
[STDOUT  ] 2017-11-30T03:54:39.886890532Z: [    0.000000] ACPI: FACS 0x000000003FFE0000 000040
[STDOUT  ] 2017-11-30T03:54:39.887229725Z: [    0.000000] ACPI: APIC 0x000000003FFE2318 000078 (v01 BOCHS  BXPCAPIC 00000001 BXPC 00000001)
[STDOUT  ] 2017-11-30T03:54:39.887545527Z: [    0.000000] ACPI: HPET 0x000000003FFE2390 000038 (v01 BOCHS  BXPCHPET 00000001 BXPC 00000001)
[STDOUT  ] 2017-11-30T03:54:39.88782438Z: [    0.000000] ACPI: MCFG 0x000000003FFE23C8 00003C (v01 BOCHS  BXPCMCFG 00000001 BXPC 00000001)
[STDOUT  ] 2017-11-30T03:54:39.887985234Z: [    0.000000] Zone ranges:
[STDOUT  ] 2017-11-30T03:54:39.88813745Z: [    0.000000]   DMA      [mem 0x0000000000001000-0x0000000000ffffff]
[STDOUT  ] 2017-11-30T03:54:39.888372399Z: [    0.000000]   DMA32    [mem 0x0000000001000000-0x000000003ffddfff]
[STDOUT  ] 2017-11-30T03:54:39.888479993Z: [    0.000000]   Normal   empty
[STDOUT  ] 2017-11-30T03:54:39.888661623Z: [    0.000000] Movable zone start for each node
[STDOUT  ] 2017-11-30T03:54:39.888802231Z: [    0.000000] Early memory node ranges
[STDOUT  ] 2017-11-30T03:54:39.889080418Z: [    0.000000]   node   0: [mem 0x0000000000001000-0x000000000009efff]
[STDOUT  ] 2017-11-30T03:54:39.889235974Z: [    0.000000]   node   0: [mem 0x0000000000100000-0x000000003ffddfff]
[STDOUT  ] 2017-11-30T03:54:39.889573253Z: [    0.000000] Initmem setup node 0 [mem 0x0000000000001000-0x000000003ffddfff]
[STDOUT  ] 2017-11-30T03:54:39.889734201Z: [    0.000000] ACPI: PM-Timer IO Port: 0x608
[STDOUT  ] 2017-11-30T03:54:39.889902531Z: [    0.000000] ACPI: LAPIC_NMI (acpi_id[0xff] dfl dfl lint[0x1])
[STDOUT  ] 2017-11-30T03:54:39.890198624Z: [    0.000000] IOAPIC[0]: apic_id 0, version 32, address 0xfec00000, GSI 0-23
[STDOUT  ] 2017-11-30T03:54:39.890310775Z: [    0.000000] ACPI: INT_SRC_OVR (bus 0 bus_irq 0 global_irq 2 dfl dfl)
[STDOUT  ] 2017-11-30T03:54:39.890605255Z: [    0.000000] ACPI: INT_SRC_OVR (bus 0 bus_irq 5 global_irq 5 high level)
[STDOUT  ] 2017-11-30T03:54:39.890872485Z: [    0.000000] ACPI: INT_SRC_OVR (bus 0 bus_irq 9 global_irq 9 high level)
[STDOUT  ] 2017-11-30T03:54:39.891050941Z: [    0.000000] ACPI: INT_SRC_OVR (bus 0 bus_irq 10 global_irq 10 high level)
[STDOUT  ] 2017-11-30T03:54:39.891458586Z: [    0.000000] ACPI: INT_SRC_OVR (bus 0 bus_irq 11 global_irq 11 high level)
[STDOUT  ] 2017-11-30T03:54:39.891620931Z: [    0.000000] Using ACPI (MADT) for SMP configuration information
[STDOUT  ] 2017-11-30T03:54:39.891796286Z: [    0.000000] ACPI: HPET id: 0x8086a201 base: 0xfed00000
[STDOUT  ] 2017-11-30T03:54:39.891974696Z: [    0.000000] smpboot: Allowing 1 CPUs, 0 hotplug CPUs
[STDOUT  ] 2017-11-30T03:54:39.892279213Z: [    0.000000] e820: [mem 0x40000000-0xafffffff] available for PCI devices
[STDOUT  ] 2017-11-30T03:54:39.892443327Z: [    0.000000] Booting paravirtualized kernel on bare hardware
[STDOUT  ] 2017-11-30T03:54:39.892766303Z: [    0.000000] clocksource: refined-jiffies: mask: 0xffffffff max_cycles: 0xffffffff, max_idle_ns: 19112604462750000 ns
[STDOUT  ] 2017-11-30T03:54:39.893030706Z: [    0.000000] setup_percpu: NR_CPUS:128 nr_cpumask_bits:128 nr_cpu_ids:1 nr_node_ids:1
[STDOUT  ] 2017-11-30T03:54:39.893431327Z: [    0.000000] percpu: Embedded 35 pages/cpu @ffff8f0cbe200000 s105112 r8192 d30056 u2097152
[STDOUT  ] 2017-11-30T03:54:39.893644013Z: [    0.000000] Built 1 zonelists in Zone order, mobility grouping on.  Total pages: 257895
[STDOUT  ] 2017-11-30T03:54:39.893819048Z: [    0.000000] Kernel command line: console=ttyS0
[STDOUT  ] 2017-11-30T03:54:39.894048814Z: [    0.000000] PID hash table entries: 4096 (order: 3, 32768 bytes)
[STDOUT  ] 2017-11-30T03:54:39.894327649Z: [    0.000000] Dentry cache hash table entries: 131072 (order: 8, 1048576 bytes)
[STDOUT  ] 2017-11-30T03:54:39.894559709Z: [    0.000000] Inode-cache hash table entries: 65536 (order: 7, 524288 bytes)
[STDOUT  ] 2017-11-30T03:54:39.895102806Z: [    0.000000] Memory: 985692K/1048048K available (8048K kernel code, 1367K rwdata, 2700K rodata, 1380K init, 568K bss, 62356K reserved, 0K cma-reserved)
[STDOUT  ] 2017-11-30T03:54:39.895203075Z: [    0.000000] Hierarchical RCU implementation.
[STDOUT  ] 2017-11-30T03:54:39.8954968Z: [    0.000000] 	Build-time adjustment of leaf fanout to 64.
[STDOUT  ] 2017-11-30T03:54:39.895604397Z: [    0.000000] 	RCU restricting CPUs from NR_CPUS=128 to nr_cpu_ids=1.
[STDOUT  ] 2017-11-30T03:54:39.895861239Z: [    0.000000] RCU: Adjusting geometry for rcu_fanout_leaf=64, nr_cpu_ids=1
[STDOUT  ] 2017-11-30T03:54:39.895982189Z: [    0.000000] NR_IRQS:8448 nr_irqs:256 16
[STDOUT  ] 2017-11-30T03:54:39.896238889Z: [    0.000000] Console: colour VGA+ 80x25
[STDOUT  ] 2017-11-30T03:54:39.896558129Z: [    0.000000] console [ttyS0] enabled
[STDOUT  ] 2017-11-30T03:54:39.899960221Z: [    0.000000] clocksource: hpet: mask: 0xffffffff max_cycles: 0xffffffff, max_idle_ns: 19112604467 ns
[STDOUT  ] 2017-11-30T03:54:39.978547454Z: [    0.000000] tsc: Unable to calibrate against PIT
[STDOUT  ] 2017-11-30T03:54:39.978931825Z: [    0.000000] tsc: using HPET reference calibration
[STDOUT  ] 2017-11-30T03:54:39.979571945Z: [    0.000000] tsc: Detected 2600.087 MHz processor
[STDOUT  ] 2017-11-30T03:54:39.983608477Z: [    0.042579] Calibrating delay loop (skipped), value calculated using timer frequency.. 5200.17 BogoMIPS (lpj=26000870)
[STDOUT  ] 2017-11-30T03:54:39.984252437Z: [    0.043952] pid_max: default: 32768 minimum: 301
[STDOUT  ] 2017-11-30T03:54:39.985330718Z: [    0.045225] ACPI: Core revision 20160831
[STDOUT  ] 2017-11-30T03:54:40.046026725Z: [    0.103334] ACPI: 1 ACPI AML tables successfully acquired and loaded
[STDOUT  ] 2017-11-30T03:54:40.050942648Z: [    0.108599] Security Framework initialized
[STDOUT  ] 2017-11-30T03:54:40.051262113Z: [    0.109108] Yama: becoming mindful.
[STDOUT  ] 2017-11-30T03:54:40.05439101Z: [    0.111981] Mount-cache hash table entries: 2048 (order: 2, 16384 bytes)
[STDOUT  ] 2017-11-30T03:54:40.05499927Z: [    0.112589] Mountpoint-cache hash table entries: 2048 (order: 2, 16384 bytes)
[STDOUT  ] 2017-11-30T03:54:40.07932657Z: [    0.137052] Last level iTLB entries: 4KB 0, 2MB 0, 4MB 0
[STDOUT  ] 2017-11-30T03:54:40.079948754Z: [    0.137526] Last level dTLB entries: 4KB 0, 2MB 0, 4MB 0, 1GB 0
[STDOUT  ] 2017-11-30T03:54:40.407303046Z: [    0.465099] Freeing SMP alternatives memory: 20K
[STDOUT  ] 2017-11-30T03:54:40.417948416Z: [    0.475473] ftrace: allocating 35540 entries in 139 pages
[STDOUT  ] 2017-11-30T03:54:40.711760688Z: [    0.639310] smpboot: Max logical packages: 1
[STDOUT  ] 2017-11-30T03:54:40.719494043Z: [    0.646720] ..TIMER: vector=0x30 apic1=0 pin1=2 apic2=-1 pin2=-1
[STDOUT  ] 2017-11-30T03:54:40.933725625Z: [    0.750000] smpboot: CPU0: AMD QEMU Virtual CPU version 2.5+ (family: 0x6, model: 0x6, stepping: 0x3)
[STDOUT  ] 2017-11-30T03:54:40.935452693Z: [    0.750000] Performance Events: PMU not available due to virtualization, using software events only.
[STDOUT  ] 2017-11-30T03:54:40.952824965Z: [    0.759627] NMI watchdog: disabled (cpu0): hardware events not enabled
[STDOUT  ] 2017-11-30T03:54:40.953743985Z: [    0.760076] NMI watchdog: Shutting down hard lockup detector on all cpus
[STDOUT  ] 2017-11-30T03:54:40.957636702Z: [    0.764135] x86: Booted up 1 node, 1 CPUs
[STDOUT  ] 2017-11-30T03:54:40.958398831Z: [    0.764641] smpboot: Total of 1 processors activated (5200.17 BogoMIPS)
[STDOUT  ] 2017-11-30T03:54:40.972215144Z: [    0.778926] devtmpfs: initialized
[STDOUT  ] 2017-11-30T03:54:40.978935197Z: [    0.786055] x86/mm: Memory block size: 128MB
[STDOUT  ] 2017-11-30T03:54:41.044528695Z: [    0.851198] clocksource: jiffies: mask: 0xffffffff max_cycles: 0xffffffff, max_idle_ns: 19112604462750000 ns
[STDOUT  ] 2017-11-30T03:54:41.045299615Z: [    0.852251] futex hash table entries: 256 (order: 2, 16384 bytes)
[STDOUT  ] 2017-11-30T03:54:41.055892175Z: [    0.862885] NET: Registered protocol family 16
[STDOUT  ] 2017-11-30T03:54:41.067270898Z: [    0.874273] cpuidle: using governor ladder
[STDOUT  ] 2017-11-30T03:54:41.067822123Z: [    0.874796] cpuidle: using governor menu
[STDOUT  ] 2017-11-30T03:54:41.069063661Z: [    0.876041] ACPI: bus type PCI registered
[STDOUT  ] 2017-11-30T03:54:41.072425687Z: [    0.878985] PCI: MMCONFIG for domain 0000 [bus 00-ff] at [mem 0xb0000000-0xbfffffff] (base 0xb0000000)
[STDOUT  ] 2017-11-30T03:54:41.073287237Z: [    0.879990] PCI: MMCONFIG at [mem 0xb0000000-0xbfffffff] reserved in E820
[STDOUT  ] 2017-11-30T03:54:41.074613135Z: [    0.881537] PCI: Using configuration type 1 for base access
[STDOUT  ] 2017-11-30T03:54:41.13121208Z: [    0.938126] HugeTLB registered 2 MB page size, pre-allocated 0 pages
[STDOUT  ] 2017-11-30T03:54:41.143420025Z: [    0.950321] ACPI: Added _OSI(Module Device)
[STDOUT  ] 2017-11-30T03:54:41.143862141Z: [    0.950803] ACPI: Added _OSI(Processor Device)
[STDOUT  ] 2017-11-30T03:54:41.144433885Z: [    0.951242] ACPI: Added _OSI(3.0 _SCP Extensions)
[STDOUT  ] 2017-11-30T03:54:41.144809342Z: [    0.951677] ACPI: Added _OSI(Processor Aggregator Device)
[STDOUT  ] 2017-11-30T03:54:41.219570924Z: [    1.026543] ACPI: Interpreter enabled
[STDOUT  ] 2017-11-30T03:54:41.220776814Z: [    1.027718] ACPI: (supports S0 S5)
[STDOUT  ] 2017-11-30T03:54:41.221305018Z: [    1.028111] ACPI: Using IOAPIC for interrupt routing
[STDOUT  ] 2017-11-30T03:54:41.225038641Z: [    1.031429] PCI: Using host bridge windows from ACPI; if necessary, use "pci=nocrs" and report a bug
[STDOUT  ] 2017-11-30T03:54:41.295827738Z: [    1.102356] ACPI: PCI Root Bridge [PCI0] (domain 0000 [bus 00-ff])
[STDOUT  ] 2017-11-30T03:54:41.29714383Z: [    1.103776] acpi PNP0A08:00: _OSC: OS supports [ExtendedConfig ASPM ClockPM Segments MSI]
[STDOUT  ] 2017-11-30T03:54:41.304454756Z: [    1.111217] acpi PNP0A08:00: _OSC: OS now controls [PCIeHotplug PME PCIeCapability]
[STDOUT  ] 2017-11-30T03:54:41.309904946Z: [    1.115740] PCI host bridge to bus 0000:00
[STDOUT  ] 2017-11-30T03:54:41.309957417Z: [    1.116122] pci_bus 0000:00: root bus resource [io  0x0000-0x0cf7 window]
[STDOUT  ] 2017-11-30T03:54:41.309972023Z: [    1.116348] pci_bus 0000:00: root bus resource [io  0x0d00-0xffff window]
[STDOUT  ] 2017-11-30T03:54:41.309983052Z: [    1.116548] pci_bus 0000:00: root bus resource [mem 0x000a0000-0x000bffff window]
[STDOUT  ] 2017-11-30T03:54:41.309993493Z: [    1.116773] pci_bus 0000:00: root bus resource [mem 0xc0000000-0xfebfffff window]
[STDOUT  ] 2017-11-30T03:54:41.31045255Z: [    1.117139] pci_bus 0000:00: root bus resource [bus 00-ff]
[STDOUT  ] 2017-11-30T03:54:41.418913772Z: [    1.222590] pci 0000:00:1f.0: quirk: [io  0x0600-0x067f] claimed by ICH6 ACPI/GPIO/TCO
[STDOUT  ] 2017-11-30T03:54:41.481343433Z: [    1.286654] ACPI: PCI Interrupt Link [LNKA] (IRQs 5 *10 11)
[STDOUT  ] 2017-11-30T03:54:41.484876579Z: [    1.291412] ACPI: PCI Interrupt Link [LNKB] (IRQs 5 *10 11)
[STDOUT  ] 2017-11-30T03:54:41.487623602Z: [    1.294248] ACPI: PCI Interrupt Link [LNKC] (IRQs 5 10 *11)
[STDOUT  ] 2017-11-30T03:54:41.490418748Z: [    1.296916] ACPI: PCI Interrupt Link [LNKD] (IRQs 5 10 *11)
[STDOUT  ] 2017-11-30T03:54:41.492592788Z: [    1.299099] ACPI: PCI Interrupt Link [LNKE] (IRQs 5 *10 11)
[STDOUT  ] 2017-11-30T03:54:41.495174011Z: [    1.301397] ACPI: PCI Interrupt Link [LNKF] (IRQs 5 *10 11)
[STDOUT  ] 2017-11-30T03:54:41.497357394Z: [    1.303676] ACPI: PCI Interrupt Link [LNKG] (IRQs 5 10 *11)
[STDOUT  ] 2017-11-30T03:54:41.499337527Z: [    1.305702] ACPI: PCI Interrupt Link [LNKH] (IRQs 5 10 *11)
[STDOUT  ] 2017-11-30T03:54:41.500432198Z: [    1.306866] ACPI: PCI Interrupt Link [GSIA] (IRQs *16)
[STDOUT  ] 2017-11-30T03:54:41.501237982Z: [    1.307747] ACPI: PCI Interrupt Link [GSIB] (IRQs *17)
[STDOUT  ] 2017-11-30T03:54:41.502026063Z: [    1.308626] ACPI: PCI Interrupt Link [GSIC] (IRQs *18)
[STDOUT  ] 2017-11-30T03:54:41.503135472Z: [    1.309382] ACPI: PCI Interrupt Link [GSID] (IRQs *19)
[STDOUT  ] 2017-11-30T03:54:41.503992776Z: [    1.310602] ACPI: PCI Interrupt Link [GSIE] (IRQs *20)
[STDOUT  ] 2017-11-30T03:54:41.504745796Z: [    1.311425] ACPI: PCI Interrupt Link [GSIF] (IRQs *21)
[STDOUT  ] 2017-11-30T03:54:41.505645132Z: [    1.312277] ACPI: PCI Interrupt Link [GSIG] (IRQs *22)
[STDOUT  ] 2017-11-30T03:54:41.506347572Z: [    1.313125] ACPI: PCI Interrupt Link [GSIH] (IRQs *23)
[STDOUT  ] 2017-11-30T03:54:41.51019274Z: [    1.316912] ACPI: Enabled 2 GPEs in block 00 to 3F
[STDOUT  ] 2017-11-30T03:54:41.514530202Z: [    1.321566] SCSI subsystem initialized
[STDOUT  ] 2017-11-30T03:54:41.51680858Z: [    1.323706] ACPI: bus type USB registered
[STDOUT  ] 2017-11-30T03:54:41.518073272Z: [    1.324969] usbcore: registered new interface driver usbfs
[STDOUT  ] 2017-11-30T03:54:41.519098243Z: [    1.325984] usbcore: registered new interface driver hub
[STDOUT  ] 2017-11-30T03:54:41.520070777Z: [    1.326930] usbcore: registered new device driver usb
[STDOUT  ] 2017-11-30T03:54:41.521287421Z: [    1.328265] pps_core: LinuxPPS API ver. 1 registered
[STDOUT  ] 2017-11-30T03:54:41.52203163Z: [    1.328651] pps_core: Software ver. 5.3.6 - Copyright 2005-2007 Rodolfo Giometti <giometti@linux.it>
[STDOUT  ] 2017-11-30T03:54:41.522694897Z: [    1.329589] PTP clock support registered
[STDOUT  ] 2017-11-30T03:54:41.524105449Z: [    1.331018] wmi: Mapper loaded
[STDOUT  ] 2017-11-30T03:54:41.525519868Z: [    1.332255] PCI: Using ACPI for IRQ routing
[STDOUT  ] 2017-11-30T03:54:41.544028201Z: [    1.350952] NetLabel: Initializing
[STDOUT  ] 2017-11-30T03:54:41.544448591Z: [    1.351204] NetLabel:  domain hash size = 128
[STDOUT  ] 2017-11-30T03:54:41.544836174Z: [    1.351698] NetLabel:  protocols = UNLABELED CIPSOv4
[STDOUT  ] 2017-11-30T03:54:41.547714793Z: [    1.354619] NetLabel:  unlabeled traffic allowed by default
[STDOUT  ] 2017-11-30T03:54:41.549341586Z: [    1.356021] HPET: 3 timers in total, 0 timers will be used for per-cpu timer
[STDOUT  ] 2017-11-30T03:54:41.550477228Z: [    1.357078] hpet0: at MMIO 0xfed00000, IRQs 2, 8, 0
[STDOUT  ] 2017-11-30T03:54:41.551162033Z: [    1.357745] hpet0: 3 comparators, 64-bit 100.000000 MHz counter
[STDOUT  ] 2017-11-30T03:54:41.561920679Z: [    1.367785] clocksource: Switched to clocksource hpet
[STDOUT  ] 2017-11-30T03:54:41.819843905Z: [    1.618233] VFS: Disk quotas dquot_6.6.0
[STDOUT  ] 2017-11-30T03:54:41.820819167Z: [    1.619137] VFS: Dquot-cache hash table entries: 512 (order 0, 4096 bytes)
[STDOUT  ] 2017-11-30T03:54:41.824857708Z: [    1.623441] FS-Cache: Loaded
[STDOUT  ] 2017-11-30T03:54:41.830342795Z: [    1.628645] CacheFiles: Loaded
[STDOUT  ] 2017-11-30T03:54:41.832576514Z: [    1.630961] pnp: PnP ACPI init
[STDOUT  ] 2017-11-30T03:54:41.845030716Z: [    1.643623] pnp: PnP ACPI: found 5 devices
[STDOUT  ] 2017-11-30T03:54:41.897295941Z: [    1.695546] clocksource: acpi_pm: mask: 0xffffff max_cycles: 0xffffff, max_idle_ns: 2085701024 ns
[STDOUT  ] 2017-11-30T03:54:41.901864802Z: [    1.699982] NET: Registered protocol family 2
[STDOUT  ] 2017-11-30T03:54:41.911338141Z: [    1.709488] TCP established hash table entries: 8192 (order: 4, 65536 bytes)
[STDOUT  ] 2017-11-30T03:54:41.912402983Z: [    1.710882] TCP bind hash table entries: 8192 (order: 5, 131072 bytes)
[STDOUT  ] 2017-11-30T03:54:41.91334113Z: [    1.711666] TCP: Hash tables configured (established 8192 bind 8192)
[STDOUT  ] 2017-11-30T03:54:41.915269086Z: [    1.713715] UDP hash table entries: 512 (order: 2, 16384 bytes)
[STDOUT  ] 2017-11-30T03:54:41.916029626Z: [    1.714372] UDP-Lite hash table entries: 512 (order: 2, 16384 bytes)
[STDOUT  ] 2017-11-30T03:54:41.918259483Z: [    1.716890] NET: Registered protocol family 1
[STDOUT  ] 2017-11-30T03:54:41.919615059Z: [    1.717897] pci 0000:00:01.0: Video device with shadowed ROM at [mem 0x000c0000-0x000dffff]
[STDOUT  ] 2017-11-30T03:54:41.92668712Z: [    1.725272] Unpacking initramfs...
[STDOUT  ] 2017-11-30T03:54:45.497193029Z: [    5.295661] Freeing initrd memory: 28476K
[STDOUT  ] 2017-11-30T03:54:45.52263583Z: [    5.320792] PCLMULQDQ-NI instructions are not detected.
[STDOUT  ] 2017-11-30T03:54:45.524293316Z: [    5.322604] AVX or AES-NI instructions are not detected.
[STDOUT  ] 2017-11-30T03:54:45.524706044Z: [    5.323179] CPU feature 'AVX registers' is not supported.
[STDOUT  ] 2017-11-30T03:54:45.525372692Z: [    5.323665] CPU feature 'AVX registers' is not supported.
[STDOUT  ] 2017-11-30T03:54:45.525681888Z: [    5.324133] CPU feature 'AVX registers' is not supported.
[STDOUT  ] 2017-11-30T03:54:45.526081248Z: [    5.324519] CPU feature 'AVX registers' is not supported.
[STDOUT  ] 2017-11-30T03:54:45.526479693Z: [    5.324989] AVX2 or AES-NI instructions are not detected.
[STDOUT  ] 2017-11-30T03:54:45.526979853Z: [    5.325430] AVX2 instructions are not detected.
[STDOUT  ] 2017-11-30T03:54:45.53439663Z: [    5.332621] audit: initializing netlink subsys (disabled)
[STDOUT  ] 2017-11-30T03:54:45.535901241Z: [    5.334400] audit: type=2000 audit(1512014084.330:1): initialized
[STDOUT  ] 2017-11-30T03:54:45.543674985Z: [    5.342031] workingset: timestamp_bits=46 max_order=18 bucket_order=0
[STDOUT  ] 2017-11-30T03:54:45.550445019Z: [    5.348247] squashfs: version 4.0 (2009/01/31) Phillip Lougher
[STDOUT  ] 2017-11-30T03:54:45.553146276Z: [    5.351603] FS-Cache: Netfs 'cifs' registered for caching
[STDOUT  ] 2017-11-30T03:54:45.554610049Z: [    5.353079] fuse init (API version 7.26)
[STDOUT  ] 2017-11-30T03:54:45.557302105Z: [    5.355576] SGI XFS with ACLs, security attributes, no debug enabled
[STDOUT  ] 2017-11-30T03:54:45.564105102Z: [    5.362521] 9p: Installing v9fs 9p2000 file system support
[STDOUT  ] 2017-11-30T03:54:45.564593224Z: [    5.363111] FS-Cache: Netfs '9p' registered for caching
[STDOUT  ] 2017-11-30T03:54:45.596594862Z: [    5.395000] NET: Registered protocol family 38
[STDOUT  ] 2017-11-30T03:54:45.597072231Z: [    5.395488] Key type asymmetric registered
[STDOUT  ] 2017-11-30T03:54:45.597486051Z: [    5.395942] Asymmetric key parser 'x509' registered
[STDOUT  ] 2017-11-30T03:54:45.598717642Z: [    5.397047] Block layer SCSI generic (bsg) driver version 0.4 loaded (major 251)
[STDOUT  ] 2017-11-30T03:54:45.600338888Z: [    5.398837] io scheduler noop registered
[STDOUT  ] 2017-11-30T03:54:45.600741378Z: [    5.399208] io scheduler deadline registered (default)
[STDOUT  ] 2017-11-30T03:54:45.602653584Z: [    5.401177] io scheduler cfq registered
[STDOUT  ] 2017-11-30T03:54:45.605567061Z: [    5.404042] pci_hotplug: PCI Hot Plug PCI Core version: 0.5
[STDOUT  ] 2017-11-30T03:54:45.606419891Z: [    5.404769] pciehp: PCI Express Hot Plug Controller Driver version: 0.4
[STDOUT  ] 2017-11-30T03:54:45.607328602Z: [    5.405663] shpchp: Standard Hot Plug PCI Controller Driver version: 0.4
[STDOUT  ] 2017-11-30T03:54:45.608004767Z: [    5.406541] hv_vmbus: registering driver hyperv_fb
[STDOUT  ] 2017-11-30T03:54:45.61151959Z: [    5.409677] input: Power Button as /devices/LNXSYSTM:00/LNXPWRBN:00/input/input0
[STDOUT  ] 2017-11-30T03:54:45.613335662Z: [    5.411800] ACPI: Power Button [PWRF]
[STDOUT  ] 2017-11-30T03:54:45.61797155Z: [    5.416610] GHES: HEST is not enabled!
[STDOUT  ] 2017-11-30T03:54:45.630375237Z: [    5.428727] ACPI: PCI Interrupt Link [GSIG] enabled at IRQ 22
[STDOUT  ] 2017-11-30T03:54:45.643665401Z: [    5.442073] ACPI: PCI Interrupt Link [GSIH] enabled at IRQ 23
[STDOUT  ] 2017-11-30T03:54:45.649584528Z: [    5.447889] xenfs: not registering filesystem on non-xen platform
[STDOUT  ] 2017-11-30T03:54:45.652092281Z: [    5.450467] Serial: 8250/16550 driver, 4 ports, IRQ sharing disabled
[STDOUT  ] 2017-11-30T03:54:45.677365542Z: [    5.475681] 00:04: ttyS0 at I/O 0x3f8 (irq = 4, base_baud = 115200) is a 16550A
[STDOUT  ] 2017-11-30T03:54:45.689855223Z: [    5.488131] Non-volatile memory driver v1.3
[STDOUT  ] 2017-11-30T03:54:45.696554871Z: [    5.494615] Hangcheck: starting hangcheck timer 0.9.1 (tick is 180 seconds, margin is 60 seconds).
[STDOUT  ] 2017-11-30T03:54:45.701466311Z: [    5.499879] random: fast init done
[STDOUT  ] 2017-11-30T03:54:45.702952157Z: [    5.501434] random: crng init done
[STDOUT  ] 2017-11-30T03:54:45.737248797Z: [    5.535743] loop: module loaded
[STDOUT  ] 2017-11-30T03:54:45.753101144Z: [    5.551558] nbd: registered device at major 43
[STDOUT  ] 2017-11-30T03:54:45.796800809Z: [    5.595168] lpc_ich 0000:00:1f.0: I/O space for GPIO uninitialized
[STDOUT  ] 2017-11-30T03:54:45.799128773Z: [    5.597485] VMware PVSCSI driver - version 1.0.7.0-k
[STDOUT  ] 2017-11-30T03:54:45.799950553Z: [    5.598447] hv_vmbus: registering driver hv_storvsc
[STDOUT  ] 2017-11-30T03:54:45.810495439Z: [    5.608788] ACPI: PCI Interrupt Link [GSIA] enabled at IRQ 16
[STDOUT  ] 2017-11-30T03:54:45.817229645Z: [    5.615400] ahci 0000:00:1f.2: AHCI 0001.0000 32 slots 6 ports 1.5 Gbps 0x3f impl SATA mode
[STDOUT  ] 2017-11-30T03:54:45.817798426Z: [    5.616186] ahci 0000:00:1f.2: flags: 64bit ncq only 
[STDOUT  ] 2017-11-30T03:54:45.838865821Z: [    5.637378] scsi host0: ahci
[STDOUT  ] 2017-11-30T03:54:45.844318388Z: [    5.642837] scsi host1: ahci
[STDOUT  ] 2017-11-30T03:54:45.846647665Z: [    5.645264] scsi host2: ahci
[STDOUT  ] 2017-11-30T03:54:45.850019495Z: [    5.648552] scsi host3: ahci
[STDOUT  ] 2017-11-30T03:54:45.852979307Z: [    5.651614] scsi host4: ahci
[STDOUT  ] 2017-11-30T03:54:45.855246153Z: [    5.653912] scsi host5: ahci
[STDOUT  ] 2017-11-30T03:54:45.857482181Z: [    5.655848] ata1: SATA max UDMA/133 abar m4096@0xfebd2000 port 0xfebd2100 irq 24
[STDOUT  ] 2017-11-30T03:54:45.858195712Z: [    5.656469] ata2: SATA max UDMA/133 abar m4096@0xfebd2000 port 0xfebd2180 irq 24
[STDOUT  ] 2017-11-30T03:54:45.858697905Z: [    5.657023] ata3: SATA max UDMA/133 abar m4096@0xfebd2000 port 0xfebd2200 irq 24
[STDOUT  ] 2017-11-30T03:54:45.859243493Z: [    5.657515] ata4: SATA max UDMA/133 abar m4096@0xfebd2000 port 0xfebd2280 irq 24
[STDOUT  ] 2017-11-30T03:54:45.85965898Z: [    5.658039] ata5: SATA max UDMA/133 abar m4096@0xfebd2000 port 0xfebd2300 irq 24
[STDOUT  ] 2017-11-30T03:54:45.8602055Z: [    5.658547] ata6: SATA max UDMA/133 abar m4096@0xfebd2000 port 0xfebd2380 irq 24
[STDOUT  ] 2017-11-30T03:54:45.873502305Z: [    5.671878] tun: Universal TUN/TAP device driver, 1.6
[STDOUT  ] 2017-11-30T03:54:45.873839911Z: [    5.672311] tun: (C) 1999-2004 Max Krasnyansky <maxk@qualcomm.com>
[STDOUT  ] 2017-11-30T03:54:45.885975222Z: [    5.684392] VMware vmxnet3 virtual NIC driver - version 1.4.a.0-k-NAPI
[STDOUT  ] 2017-11-30T03:54:45.886802002Z: [    5.685324] hv_vmbus: registering driver hv_netvsc
[STDOUT  ] 2017-11-30T03:54:45.887160427Z: [    5.685672] Fusion MPT base driver 3.04.20
[STDOUT  ] 2017-11-30T03:54:45.887496787Z: [    5.686009] Copyright (c) 1999-2008 LSI Corporation
[STDOUT  ] 2017-11-30T03:54:45.888087502Z: [    5.686625] Fusion MPT SPI Host driver 3.04.20
[STDOUT  ] 2017-11-30T03:54:45.890346598Z: [    5.688679] i8042: PNP: PS/2 Controller [PNP0303:KBD,PNP0f13:MOU] at 0x60,0x64 irq 1,12
[STDOUT  ] 2017-11-30T03:54:45.894545464Z: [    5.693151] serio: i8042 KBD port at 0x60,0x64 irq 1
[STDOUT  ] 2017-11-30T03:54:45.895219486Z: [    5.693777] serio: i8042 AUX port at 0x60,0x64 irq 12
[STDOUT  ] 2017-11-30T03:54:45.898343773Z: [    5.696830] hv_vmbus: registering driver hyperv_keyboard
[STDOUT  ] 2017-11-30T03:54:45.900604726Z: [    5.699092] mousedev: PS/2 mouse device common for all mice
[STDOUT  ] 2017-11-30T03:54:45.906156357Z: [    5.704276] input: AT Translated Set 2 keyboard as /devices/platform/i8042/serio0/input/input1
[STDOUT  ] 2017-11-30T03:54:45.909047046Z: [    5.707378] input: PC Speaker as /devices/platform/pcspkr/input/input2
[STDOUT  ] 2017-11-30T03:54:45.913116239Z: [    5.711544] rtc_cmos 00:00: RTC can wake from S4
[STDOUT  ] 2017-11-30T03:54:45.916596496Z: [    5.715014] rtc_cmos 00:00: rtc core: registered rtc_cmos as rtc0
[STDOUT  ] 2017-11-30T03:54:45.918018369Z: [    5.716406] rtc_cmos 00:00: alarms up to one day, y3k, 114 bytes nvram, hpet irqs
[STDOUT  ] 2017-11-30T03:54:45.918544766Z: [    5.717221] i2c /dev entries driver
[STDOUT  ] 2017-11-30T03:54:45.920855642Z: [    5.719134] device-mapper: ioctl: 4.35.0-ioctl (2016-06-23) initialised: dm-devel@redhat.com
[STDOUT  ] 2017-11-30T03:54:45.925855539Z: [    5.724180] usbcore: registered new interface driver usbhid
[STDOUT  ] 2017-11-30T03:54:45.926034832Z: [    5.724660] usbhid: USB HID core driver
[STDOUT  ] 2017-11-30T03:54:45.926874874Z: [    5.725322] hv_utils: Registering HyperV Utility Driver
[STDOUT  ] 2017-11-30T03:54:45.927192092Z: [    5.725666] hv_vmbus: registering driver hv_util
[STDOUT  ] 2017-11-30T03:54:45.927487746Z: [    5.726019] hv_vmbus: registering driver hv_balloon
[STDOUT  ] 2017-11-30T03:54:45.928115772Z: [    5.726670] oprofile: using NMI interrupt.
[STDOUT  ] 2017-11-30T03:54:45.929198666Z: [    5.727868] GACT probability on
[STDOUT  ] 2017-11-30T03:54:45.929831938Z: [    5.728387] Mirror/redirect action on
[STDOUT  ] 2017-11-30T03:54:45.930793299Z: [    5.729282] Simple TC action Loaded
[STDOUT  ] 2017-11-30T03:54:45.931625678Z: [    5.729994] u32 classifier
[STDOUT  ] 2017-11-30T03:54:45.932281112Z: [    5.730771]     Performance counters on
[STDOUT  ] 2017-11-30T03:54:45.932589799Z: [    5.731104]     input device check on
[STDOUT  ] 2017-11-30T03:54:45.93273403Z: [    5.731408]     Actions configured
[STDOUT  ] 2017-11-30T03:54:45.933883403Z: [    5.732324] Netfilter messages via NETLINK v0.30.
[STDOUT  ] 2017-11-30T03:54:45.934481969Z: [    5.733052] nfnl_acct: registering with nfnetlink.
[STDOUT  ] 2017-11-30T03:54:45.936193497Z: [    5.734519] nf_conntrack version 0.5.0 (8192 buckets, 32768 max)
[STDOUT  ] 2017-11-30T03:54:45.939173984Z: [    5.737625] ctnetlink v0.93: registering with nfnetlink.
[STDOUT  ] 2017-11-30T03:54:45.942735761Z: [    5.741159] nf_tables: (c) 2007-2009 Patrick McHardy <kaber@trash.net>
[STDOUT  ] 2017-11-30T03:54:45.943770555Z: [    5.742167] nf_tables_compat: (c) 2012 Pablo Neira Ayuso <pablo@netfilter.org>
[STDOUT  ] 2017-11-30T03:54:45.946163296Z: [    5.744645] xt_time: kernel timezone is -0000
[STDOUT  ] 2017-11-30T03:54:45.946602877Z: [    5.745290] ip_set: protocol 6
[STDOUT  ] 2017-11-30T03:54:45.947471877Z: [    5.745992] IPVS: Registered protocols (TCP, UDP, SCTP, AH, ESP)
[STDOUT  ] 2017-11-30T03:54:45.948323545Z: [    5.746709] IPVS: Connection hash table configured (size=4096, memory=64Kbytes)
[STDOUT  ] 2017-11-30T03:54:45.950066095Z: [    5.748581] IPVS: Creating netns size=2104 id=0
[STDOUT  ] 2017-11-30T03:54:45.953380257Z: [    5.751951] IPVS: ipvs loaded.
[STDOUT  ] 2017-11-30T03:54:45.95396731Z: [    5.752367] IPVS: [rr] scheduler registered.
[STDOUT  ] 2017-11-30T03:54:45.954354128Z: [    5.752781] IPVS: [wrr] scheduler registered.
[STDOUT  ] 2017-11-30T03:54:45.95453242Z: [    5.753117] IPVS: [lc] scheduler registered.
[STDOUT  ] 2017-11-30T03:54:45.954837644Z: [    5.753449] IPVS: [wlc] scheduler registered.
[STDOUT  ] 2017-11-30T03:54:45.955337473Z: [    5.753766] IPVS: [fo] scheduler registered.
[STDOUT  ] 2017-11-30T03:54:45.955497811Z: [    5.754106] IPVS: [ovf] scheduler registered.
[STDOUT  ] 2017-11-30T03:54:45.956054478Z: [    5.754607] IPVS: [lblc] scheduler registered.
[STDOUT  ] 2017-11-30T03:54:45.956568463Z: [    5.755113] IPVS: [lblcr] scheduler registered.
[STDOUT  ] 2017-11-30T03:54:45.956873456Z: [    5.755491] IPVS: [dh] scheduler registered.
[STDOUT  ] 2017-11-30T03:54:45.957171594Z: [    5.755794] IPVS: [sh] scheduler registered.
[STDOUT  ] 2017-11-30T03:54:45.9574872Z: [    5.756095] IPVS: [sed] scheduler registered.
[STDOUT  ] 2017-11-30T03:54:45.957784949Z: [    5.756405] IPVS: [nq] scheduler registered.
[STDOUT  ] 2017-11-30T03:54:45.95871012Z: [    5.757173] IPVS: ftp: loaded support on port[0] = 21
[STDOUT  ] 2017-11-30T03:54:45.959878328Z: [    5.758218] ipip: IPv4 and MPLS over IPv4 tunneling driver
[STDOUT  ] 2017-11-30T03:54:45.964854896Z: [    5.763318] gre: GRE over IPv4 demultiplexor driver
[STDOUT  ] 2017-11-30T03:54:45.967671683Z: [    5.766083] ip_tables: (C) 2000-2006 Netfilter Core Team
[STDOUT  ] 2017-11-30T03:54:45.971043651Z: [    5.769354] ipt_CLUSTERIP: ClusterIP Version 0.8 loaded successfully
[STDOUT  ] 2017-11-30T03:54:45.972140062Z: [    5.770675] arp_tables: arp_tables: (C) 2002 David S. Miller
[STDOUT  ] 2017-11-30T03:54:45.974560382Z: [    5.773021] NET: Registered protocol family 10
[STDOUT  ] 2017-11-30T03:54:45.984367762Z: [    5.782743] ip6_tables: (C) 2000-2006 Netfilter Core Team
[STDOUT  ] 2017-11-30T03:54:45.992758102Z: [    5.791344] NET: Registered protocol family 17
[STDOUT  ] 2017-11-30T03:54:45.993958328Z: [    5.792417] Bridge firewalling registered
[STDOUT  ] 2017-11-30T03:54:45.994435847Z: [    5.793086] Ebtables v2.0 registered
[STDOUT  ] 2017-11-30T03:54:45.996710811Z: [    5.795172] 8021q: 802.1Q VLAN Support v1.8
[STDOUT  ] 2017-11-30T03:54:45.998230867Z: [    5.796723] 9pnet: Installing 9P2000 support
[STDOUT  ] 2017-11-30T03:54:45.999806387Z: [    5.798291] Key type dns_resolver registered
[STDOUT  ] 2017-11-30T03:54:46.000804931Z: [    5.799328] microcode: AMD CPU family 0x6 not supported
[STDOUT  ] 2017-11-30T03:54:46.004957844Z: [    5.803499] registered taskstats version 1
[STDOUT  ] 2017-11-30T03:54:46.168603178Z: [    5.967069] Key type big_key registered
[STDOUT  ] 2017-11-30T03:54:46.192825816Z: [    5.991204] ata2: SATA link up 1.5 Gbps (SStatus 113 SControl 300)
[STDOUT  ] 2017-11-30T03:54:46.197447335Z: [    5.995832] ata1: SATA link up 1.5 Gbps (SStatus 113 SControl 300)
[STDOUT  ] 2017-11-30T03:54:46.199693813Z: [    5.998077] ata1.00: ATA-7: QEMU HARDDISK, 2.5+, max UDMA/100
[STDOUT  ] 2017-11-30T03:54:46.200215457Z: [    5.998567] ata1.00: 409600 sectors, multi 16: LBA48 NCQ (depth 31/32)
[STDOUT  ] 2017-11-30T03:54:46.200760391Z: [    5.999300] ata1.00: applying bridge limits
[STDOUT  ] 2017-11-30T03:54:46.203043742Z: [    6.001363] ata5: SATA link down (SStatus 0 SControl 300)
[STDOUT  ] 2017-11-30T03:54:46.204525235Z: [    6.002930] ata4: SATA link down (SStatus 0 SControl 300)
[STDOUT  ] 2017-11-30T03:54:46.205151615Z: [    6.003516] ata3: SATA link up 1.5 Gbps (SStatus 113 SControl 300)
[STDOUT  ] 2017-11-30T03:54:46.205930896Z: [    6.004447] ata3.00: ATAPI: QEMU DVD-ROM, 2.5+, max UDMA/100
[STDOUT  ] 2017-11-30T03:54:46.206343678Z: [    6.004840] ata3.00: applying bridge limits
[STDOUT  ] 2017-11-30T03:54:46.207449893Z: [    6.005920] ata3.00: configured for UDMA/100
[STDOUT  ] 2017-11-30T03:54:46.209423582Z: [    6.007804] ata2.00: ATA-7: QEMU HARDDISK, 2.5+, max UDMA/100
[STDOUT  ] 2017-11-30T03:54:46.209844053Z: [    6.008211] ata2.00: 58120 sectors, multi 16: LBA48 NCQ (depth 31/32)
[STDOUT  ] 2017-11-30T03:54:46.21031797Z: [    6.008740] ata2.00: applying bridge limits
[STDOUT  ] 2017-11-30T03:54:46.211321731Z: [    6.009651] ata2.00: configured for UDMA/100
[STDOUT  ] 2017-11-30T03:54:46.212391427Z: [    6.010787] ata6: SATA link down (SStatus 0 SControl 300)
[STDOUT  ] 2017-11-30T03:54:46.222372679Z: [    6.020757] ata1.00: configured for UDMA/100
[STDOUT  ] 2017-11-30T03:54:46.241130081Z: [    6.039220] scsi 0:0:0:0: Direct-Access     ATA      QEMU HARDDISK    2.5+ PQ: 0 ANSI: 5
[STDOUT  ] 2017-11-30T03:54:46.253989814Z: [    6.052571] sd 0:0:0:0: [sda] 409600 512-byte logical blocks: (210 MB/200 MiB)
[STDOUT  ] 2017-11-30T03:54:46.256969303Z: [    6.055388] sd 0:0:0:0: [sda] Write Protect is off
[STDOUT  ] 2017-11-30T03:54:46.26274824Z: [    6.061136] sd 0:0:0:0: [sda] Write cache: enabled, read cache: enabled, doesn't support DPO or FUA
[STDOUT  ] 2017-11-30T03:54:46.263775093Z: [    6.062304] sd 0:0:0:0: Attached scsi generic sg0 type 0
[STDOUT  ] 2017-11-30T03:54:46.275335826Z: [    6.073539] scsi 1:0:0:0: Direct-Access     ATA      QEMU HARDDISK    2.5+ PQ: 0 ANSI: 5
[STDOUT  ] 2017-11-30T03:54:46.279070376Z: [    6.077354] sd 1:0:0:0: [sdb] 58120 512-byte logical blocks: (29.8 MB/28.4 MiB)
[STDOUT  ] 2017-11-30T03:54:46.280733281Z: [    6.079197] sd 1:0:0:0: [sdb] Write Protect is off
[STDOUT  ] 2017-11-30T03:54:46.282458364Z: [    6.080682] sd 1:0:0:0: [sdb] Write cache: enabled, read cache: enabled, doesn't support DPO or FUA
[STDOUT  ] 2017-11-30T03:54:46.285350089Z: [    6.083850] sd 1:0:0:0: Attached scsi generic sg1 type 0
[STDOUT  ] 2017-11-30T03:54:46.306331154Z: [    6.104370] scsi 2:0:0:0: CD-ROM            QEMU     QEMU DVD-ROM     2.5+ PQ: 0 ANSI: 5
[STDOUT  ] 2017-11-30T03:54:46.325171427Z: [    6.123338] sr 2:0:0:0: [sr0] scsi3-mmc drive: 4x/4x cd/rw xa/form2 tray
[STDOUT  ] 2017-11-30T03:54:46.325906652Z: [    6.124240] cdrom: Uniform CD-ROM driver Revision: 3.20
[STDOUT  ] 2017-11-30T03:54:46.332304657Z: [    6.130695] sd 1:0:0:0: [sdb] Attached SCSI disk
[STDOUT  ] 2017-11-30T03:54:46.343451097Z: [    6.141752] sd 0:0:0:0: [sda] Attached SCSI disk
[STDOUT  ] 2017-11-30T03:54:46.344198827Z: [    6.142722] sr 2:0:0:0: Attached scsi generic sg2 type 5
[STDOUT  ] 2017-11-30T03:54:46.397995731Z: [    6.196494] Key type encrypted registered
[STDOUT  ] 2017-11-30T03:54:46.404336038Z: [    6.202595] rtc_cmos 00:00: setting system clock to 2017-11-30 03:54:45 UTC (1512014085)
[STDOUT  ] 2017-11-30T03:54:46.544225109Z: [    6.342723] Freeing unused kernel memory: 1380K
[STDOUT  ] 2017-11-30T03:54:46.545001894Z: [    6.343203] Write protecting the kernel read-only data: 12288k
[STDOUT  ] 2017-11-30T03:54:46.547130278Z: [    6.345459] tsc: Refined TSC clocksource calibration: 2599.997 MHz
[STDOUT  ] 2017-11-30T03:54:46.548104228Z: [    6.346093] clocksource: tsc: mask: 0xffffffffffffffff max_cycles: 0x257a391c223, max_idle_ns: 440795220104 ns
[STDOUT  ] 2017-11-30T03:54:46.553947391Z: [    6.352423] Freeing unused kernel memory: 128K
[STDOUT  ] 2017-11-30T03:54:46.656398304Z: [    6.454817] Freeing unused kernel memory: 1396K
[STDOUT  ] 2017-11-30T03:54:47.56310519Z: [    7.361410] clocksource: Switched to clocksource tsc
[STDOUT  ] 2017-11-30T03:54:53.660905904Z: 
[STDOUT  ] 2017-11-30T03:54:53.662234668Z: Welcome to LinuxKit
[STDOUT  ] 2017-11-30T03:54:53.662459482Z: 
[STDOUT  ] 2017-11-30T03:54:53.662973475Z:                         ##         .
[STDOUT  ] 2017-11-30T03:54:53.663310366Z:                   ## ## ##        ==
[STDOUT  ] 2017-11-30T03:54:53.663820372Z:                ## ## ## ## ##    ===
[STDOUT  ] 2017-11-30T03:54:53.664335146Z:            /"""""""""""""""""\___/ ===
[STDOUT  ] 2017-11-30T03:54:53.664667101Z:           {                       /  ===-
[STDOUT  ] 2017-11-30T03:54:53.665206391Z:            \______ O           __/
[STDOUT  ] 2017-11-30T03:54:53.665565506Z:              \    \         __/
[STDOUT  ] 2017-11-30T03:54:53.665862223Z:               \____\_______/
[STDOUT  ] 2017-11-30T03:54:53.666040193Z: 
[STDOUT  ] 2017-11-30T03:54:56.755080369Z: [   16.553651]  sda:
[STDOUT  ] 2017-11-30T03:54:56.813678662Z: [   16.612327]  sda:
[STDOUT  ] 2017-11-30T03:54:56.844543699Z: [   16.643126]  sda: sda1
[STDOUT  ] 2017-11-30T03:54:56.912594618Z: [   16.711257]  sda: sda1
[STDOUT  ] 2017-11-30T03:55:20.807755916Z: [   40.605263] EXT4-fs (sda1): couldn't mount as ext3 due to feature incompatibilities
[STDOUT  ] 2017-11-30T03:55:20.814532822Z: [   40.612776] EXT4-fs (sda1): couldn't mount as ext2 due to feature incompatibilities
[STDOUT  ] 2017-11-30T03:55:20.839137073Z: [   40.637447] EXT4-fs (sda1): mounted filesystem with ordered data mode. Opts: (null)
[STDOUT  ] 2017-11-30T03:55:22.297600473Z: /mnt is device /dev/sda1
[STDOUT  ] 2017-11-30T03:55:22.338199834Z: [   42.136779] extlinux: sending ioctl 4c05 to a partition!
[STDOUT  ] 2017-11-30T03:55:22.338324721Z: [   42.137073] extlinux: sending ioctl 4c03 to a partition!
[STDOUT  ] 2017-11-30T03:55:23.141880213Z: [   42.940403] umount: sending ioctl 4c01 to a partition!
[STDOUT  ] 2017-11-30T03:55:23.164435461Z: 1+0 records in
[STDOUT  ] 2017-11-30T03:55:23.164495432Z: 1+0 records out
[STDOUT  ] 2017-11-30T03:55:23.198665963Z: The bootable flag on partition 1 is enabled now.
[STDOUT  ] 2017-11-30T03:55:23.200379722Z: 
[STDOUT  ] 2017-11-30T03:55:23.200777234Z: The partition table has been altered.
[STDOUT  ] 2017-11-30T03:55:23.203440329Z: Calling ioctl() to re-read partition table.
[STDOUT  ] 2017-11-30T03:55:23.213128889Z: [   43.011739]  sda: sda1
[STDOUT  ] 2017-11-30T03:55:23.219494603Z: Syncing disks.
[STDOUT  ] 2017-11-30T03:55:54.516403932Z: [   74.314728] sd 1:0:0:0: [sdb] Synchronizing SCSI cache
[STDOUT  ] 2017-11-30T03:55:54.517297994Z: [   74.315966] sd 1:0:0:0: [sdb] Stopping disk
[STDOUT  ] 2017-11-30T03:55:54.518132981Z: [   74.316677] sd 0:0:0:0: [sda] Synchronizing SCSI cache
[STDOUT  ] 2017-11-30T03:55:54.518849395Z: [   74.317433] sd 0:0:0:0: [sda] Stopping disk
[STDOUT  ] 2017-11-30T03:55:54.52132758Z: [   74.319797] ACPI: Preparing to enter system sleep state S5
[STDOUT  ] 2017-11-30T03:55:54.522697331Z: [   74.321389] reboot: Power down
[STDERR  ] 2017-11-30T03:55:54.837097712Z: + linuxkit run qemu disk.qcow2
[STDERR  ] 2017-11-30T03:55:54.8583813Z: Unable to find qemu-system-x86_64 within the $PATH. Using a container
[STDERR  ] 2017-11-30T03:55:54.858424513Z: Using existing disk [disk.qcow2] format 
[STDOUT  ] 2017-11-30T03:56:01.408792532Z: [    0.000000] Linux version 4.9.65-linuxkit (root@c78110dc0cc9) (gcc version 6.3.0 (Alpine 6.3.0) ) #1 SMP Fri Nov 24 15:20:57 UTC 2017
[STDOUT  ] 2017-11-30T03:56:01.409013005Z: [    0.000000] Command line: BOOT_IMAGE=/kernel console=ttyS0 initrd=/initrd.img
[STDOUT  ] 2017-11-30T03:56:01.409279256Z: [    0.000000] x86/fpu: Legacy x87 FPU detected.
[STDOUT  ] 2017-11-30T03:56:01.409582267Z: [    0.000000] x86/fpu: Using 'eager' FPU context switches.
[STDOUT  ] 2017-11-30T03:56:01.409761649Z: [    0.000000] e820: BIOS-provided physical RAM map:
[STDOUT  ] 2017-11-30T03:56:01.409903979Z: [    0.000000] BIOS-e820: [mem 0x0000000000000000-0x000000000009fbff] usable
[STDOUT  ] 2017-11-30T03:56:01.410185724Z: [    0.000000] BIOS-e820: [mem 0x000000000009fc00-0x000000000009ffff] reserved
[STDOUT  ] 2017-11-30T03:56:01.410353709Z: [    0.000000] BIOS-e820: [mem 0x00000000000f0000-0x00000000000fffff] reserved
[STDOUT  ] 2017-11-30T03:56:01.410702256Z: [    0.000000] BIOS-e820: [mem 0x0000000000100000-0x000000003ffdefff] usable
[STDOUT  ] 2017-11-30T03:56:01.410924199Z: [    0.000000] BIOS-e820: [mem 0x000000003ffdf000-0x000000003fffffff] reserved
[STDOUT  ] 2017-11-30T03:56:01.411243192Z: [    0.000000] BIOS-e820: [mem 0x00000000b0000000-0x00000000bfffffff] reserved
[STDOUT  ] 2017-11-30T03:56:01.41141725Z: [    0.000000] BIOS-e820: [mem 0x00000000fed1c000-0x00000000fed1ffff] reserved
[STDOUT  ] 2017-11-30T03:56:01.411610544Z: [    0.000000] BIOS-e820: [mem 0x00000000fffc0000-0x00000000ffffffff] reserved
[STDOUT  ] 2017-11-30T03:56:01.411790211Z: [    0.000000] NX (Execute Disable) protection: active
[STDOUT  ] 2017-11-30T03:56:01.411981077Z: [    0.000000] SMBIOS 2.8 present.
[STDOUT  ] 2017-11-30T03:56:01.412219015Z: [    0.000000] e820: last_pfn = 0x3ffdf max_arch_pfn = 0x400000000
[STDOUT  ] 2017-11-30T03:56:01.412545435Z: [    0.000000] x86/PAT: Configuration [0-7]: WB  WC  UC- UC  WB  WC  UC- WT  
[STDOUT  ] 2017-11-30T03:56:01.412700836Z: [    0.000000] found SMP MP-table at [mem 0x000f6aa0-0x000f6aaf] mapped at [ffff9ca0000f6aa0]
[STDOUT  ] 2017-11-30T03:56:01.413043289Z: [    0.000000] RAMDISK: [mem 0x3e9c5000-0x3ffdefff]
[STDOUT  ] 2017-11-30T03:56:01.413181983Z: [    0.000000] ACPI: Early table checksum verification disabled
[STDOUT  ] 2017-11-30T03:56:01.413463665Z: [    0.000000] ACPI: RSDP 0x00000000000F68C0 000014 (v00 BOCHS )
[STDOUT  ] 2017-11-30T03:56:01.413683773Z: [    0.000000] ACPI: RSDT 0x000000003FFE2404 000034 (v01 BOCHS  BXPCRSDT 00000001 BXPC 00000001)
[STDOUT  ] 2017-11-30T03:56:01.414067856Z: [    0.000000] ACPI: FACP 0x000000003FFE22A4 000074 (v01 BOCHS  BXPCFACP 00000001 BXPC 00000001)
[STDOUT  ] 2017-11-30T03:56:01.41433318Z: [    0.000000] ACPI: DSDT 0x000000003FFE0040 002264 (v01 BOCHS  BXPCDSDT 00000001 BXPC 00000001)
[STDOUT  ] 2017-11-30T03:56:01.414436573Z: [    0.000000] ACPI: FACS 0x000000003FFE0000 000040
[STDOUT  ] 2017-11-30T03:56:01.414808304Z: [    0.000000] ACPI: APIC 0x000000003FFE2318 000078 (v01 BOCHS  BXPCAPIC 00000001 BXPC 00000001)
[STDOUT  ] 2017-11-30T03:56:01.4151971Z: [    0.000000] ACPI: HPET 0x000000003FFE2390 000038 (v01 BOCHS  BXPCHPET 00000001 BXPC 00000001)
[STDOUT  ] 2017-11-30T03:56:01.415853754Z: [    0.000000] ACPI: MCFG 0x000000003FFE23C8 00003C (v01 BOCHS  BXPCMCFG 00000001 BXPC 00000001)
[STDOUT  ] 2017-11-30T03:56:01.415882303Z: [    0.000000] Zone ranges:
[STDOUT  ] 2017-11-30T03:56:01.41617318Z: [    0.000000]   DMA      [mem 0x0000000000001000-0x0000000000ffffff]
[STDOUT  ] 2017-11-30T03:56:01.416856716Z: [    0.000000]   DMA32    [mem 0x0000000001000000-0x000000003ffdefff]
[STDOUT  ] 2017-11-30T03:56:01.416876134Z: [    0.000000]   Normal   empty
[STDOUT  ] 2017-11-30T03:56:01.416886659Z: [    0.000000] Movable zone start for each node
[STDOUT  ] 2017-11-30T03:56:01.416897859Z: [    0.000000] Early memory node ranges
[STDOUT  ] 2017-11-30T03:56:01.417416716Z: [    0.000000]   node   0: [mem 0x0000000000001000-0x000000000009efff]
[STDOUT  ] 2017-11-30T03:56:01.417434698Z: [    0.000000]   node   0: [mem 0x0000000000100000-0x000000003ffdefff]
[STDOUT  ] 2017-11-30T03:56:01.417574715Z: [    0.000000] Initmem setup node 0 [mem 0x0000000000001000-0x000000003ffdefff]
[STDOUT  ] 2017-11-30T03:56:01.417797712Z: [    0.000000] ACPI: PM-Timer IO Port: 0x608
[STDOUT  ] 2017-11-30T03:56:01.417898991Z: [    0.000000] ACPI: LAPIC_NMI (acpi_id[0xff] dfl dfl lint[0x1])
[STDOUT  ] 2017-11-30T03:56:01.418366762Z: [    0.000000] IOAPIC[0]: apic_id 0, version 32, address 0xfec00000, GSI 0-23
[STDOUT  ] 2017-11-30T03:56:01.418654413Z: [    0.000000] ACPI: INT_SRC_OVR (bus 0 bus_irq 0 global_irq 2 dfl dfl)
[STDOUT  ] 2017-11-30T03:56:01.418912137Z: [    0.000000] ACPI: INT_SRC_OVR (bus 0 bus_irq 5 global_irq 5 high level)
[STDOUT  ] 2017-11-30T03:56:01.419188677Z: [    0.000000] ACPI: INT_SRC_OVR (bus 0 bus_irq 9 global_irq 9 high level)
[STDOUT  ] 2017-11-30T03:56:01.419425633Z: [    0.000000] ACPI: INT_SRC_OVR (bus 0 bus_irq 10 global_irq 10 high level)
[STDOUT  ] 2017-11-30T03:56:01.41971151Z: [    0.000000] ACPI: INT_SRC_OVR (bus 0 bus_irq 11 global_irq 11 high level)
[STDOUT  ] 2017-11-30T03:56:01.41992648Z: [    0.000000] Using ACPI (MADT) for SMP configuration information
[STDOUT  ] 2017-11-30T03:56:01.420143514Z: [    0.000000] ACPI: HPET id: 0x8086a201 base: 0xfed00000
[STDOUT  ] 2017-11-30T03:56:01.420373738Z: [    0.000000] smpboot: Allowing 1 CPUs, 0 hotplug CPUs
[STDOUT  ] 2017-11-30T03:56:01.420738251Z: [    0.000000] e820: [mem 0x40000000-0xafffffff] available for PCI devices
[STDOUT  ] 2017-11-30T03:56:01.420915547Z: [    0.000000] Booting paravirtualized kernel on bare hardware
[STDOUT  ] 2017-11-30T03:56:01.421192937Z: [    0.000000] clocksource: refined-jiffies: mask: 0xffffffff max_cycles: 0xffffffff, max_idle_ns: 19112604462750000 ns
[STDOUT  ] 2017-11-30T03:56:01.421593711Z: [    0.000000] setup_percpu: NR_CPUS:128 nr_cpumask_bits:128 nr_cpu_ids:1 nr_node_ids:1
[STDOUT  ] 2017-11-30T03:56:01.421853697Z: [    0.000000] percpu: Embedded 35 pages/cpu @ffff9ca03e600000 s105112 r8192 d30056 u2097152
[STDOUT  ] 2017-11-30T03:56:01.422153229Z: [    0.000000] Built 1 zonelists in Zone order, mobility grouping on.  Total pages: 257896
[STDOUT  ] 2017-11-30T03:56:01.422316097Z: [    0.000000] Kernel command line: BOOT_IMAGE=/kernel console=ttyS0 initrd=/initrd.img
[STDOUT  ] 2017-11-30T03:56:01.422560687Z: [    0.000000] PID hash table entries: 4096 (order: 3, 32768 bytes)
[STDOUT  ] 2017-11-30T03:56:01.422901145Z: [    0.000000] Dentry cache hash table entries: 131072 (order: 8, 1048576 bytes)
[STDOUT  ] 2017-11-30T03:56:01.423131255Z: [    0.000000] Inode-cache hash table entries: 65536 (order: 7, 524288 bytes)
[STDOUT  ] 2017-11-30T03:56:01.423566689Z: [    0.000000] Memory: 991540K/1048052K available (8048K kernel code, 1367K rwdata, 2700K rodata, 1380K init, 568K bss, 56512K reserved, 0K cma-reserved)
[STDOUT  ] 2017-11-30T03:56:01.423828786Z: [    0.000000] Hierarchical RCU implementation.
[STDOUT  ] 2017-11-30T03:56:01.42397553Z: [    0.000000] 	Build-time adjustment of leaf fanout to 64.
[STDOUT  ] 2017-11-30T03:56:01.42423371Z: [    0.000000] 	RCU restricting CPUs from NR_CPUS=128 to nr_cpu_ids=1.
[STDOUT  ] 2017-11-30T03:56:01.42449339Z: [    0.000000] RCU: Adjusting geometry for rcu_fanout_leaf=64, nr_cpu_ids=1
[STDOUT  ] 2017-11-30T03:56:01.424650571Z: [    0.000000] NR_IRQS:8448 nr_irqs:256 16
[STDOUT  ] 2017-11-30T03:56:01.424720317Z: [    0.000000] Console: colour VGA+ 80x25
[STDOUT  ] 2017-11-30T03:56:01.4251462Z: [    0.000000] console [ttyS0] enabled
[STDOUT  ] 2017-11-30T03:56:01.428528598Z: [    0.000000] clocksource: hpet: mask: 0xffffffff max_cycles: 0xffffffff, max_idle_ns: 19112604467 ns
[STDOUT  ] 2017-11-30T03:56:01.464051213Z: [    0.000000] tsc: Fast TSC calibration using PIT
[STDOUT  ] 2017-11-30T03:56:01.469432529Z: [    0.000000] tsc: Detected 2599.984 MHz processor
[STDOUT  ] 2017-11-30T03:56:01.473596252Z: [    0.022529] Calibrating delay loop (skipped), value calculated using timer frequency.. 5199.96 BogoMIPS (lpj=25999840)
[STDOUT  ] 2017-11-30T03:56:01.474206282Z: [    0.024042] pid_max: default: 32768 minimum: 301
[STDOUT  ] 2017-11-30T03:56:01.475252972Z: [    0.025262] ACPI: Core revision 20160831
[STDOUT  ] 2017-11-30T03:56:01.522714526Z: [    0.072179] ACPI: 1 ACPI AML tables successfully acquired and loaded
[STDOUT  ] 2017-11-30T03:56:01.527653799Z: [    0.077384] Security Framework initialized
[STDOUT  ] 2017-11-30T03:56:01.528225792Z: [    0.077866] Yama: becoming mindful.
[STDOUT  ] 2017-11-30T03:56:01.530765681Z: [    0.080414] Mount-cache hash table entries: 2048 (order: 2, 16384 bytes)
[STDOUT  ] 2017-11-30T03:56:01.531666284Z: [    0.081009] Mountpoint-cache hash table entries: 2048 (order: 2, 16384 bytes)
[STDOUT  ] 2017-11-30T03:56:01.551936405Z: [    0.101501] Last level iTLB entries: 4KB 0, 2MB 0, 4MB 0
[STDOUT  ] 2017-11-30T03:56:01.552457352Z: [    0.102028] Last level dTLB entries: 4KB 0, 2MB 0, 4MB 0, 1GB 0
[STDOUT  ] 2017-11-30T03:56:01.878594903Z: [    0.428162] Freeing SMP alternatives memory: 20K
[STDOUT  ] 2017-11-30T03:56:01.889520466Z: [    0.438858] ftrace: allocating 35540 entries in 139 pages
[STDOUT  ] 2017-11-30T03:56:02.201052459Z: [    0.610535] smpboot: Max logical packages: 1
[STDOUT  ] 2017-11-30T03:56:02.208428959Z: [    0.617756] ..TIMER: vector=0x30 apic1=0 pin1=2 apic2=-1 pin2=-1
[STDOUT  ] 2017-11-30T03:56:02.431562042Z: [    0.730000] smpboot: CPU0: AMD QEMU Virtual CPU version 2.5+ (family: 0x6, model: 0x6, stepping: 0x3)
[STDOUT  ] 2017-11-30T03:56:02.433263744Z: [    0.730000] Performance Events: PMU not available due to virtualization, using software events only.
[STDOUT  ] 2017-11-30T03:56:02.450329292Z: [    0.738996] NMI watchdog: disabled (cpu0): hardware events not enabled
[STDOUT  ] 2017-11-30T03:56:02.451035781Z: [    0.739568] NMI watchdog: Shutting down hard lockup detector on all cpus
[STDOUT  ] 2017-11-30T03:56:02.455186045Z: [    0.743760] x86: Booted up 1 node, 1 CPUs
[STDOUT  ] 2017-11-30T03:56:02.455850767Z: [    0.744250] smpboot: Total of 1 processors activated (5199.96 BogoMIPS)
[STDOUT  ] 2017-11-30T03:56:02.473743721Z: [    0.761748] devtmpfs: initialized
[STDOUT  ] 2017-11-30T03:56:02.480335894Z: [    0.768335] x86/mm: Memory block size: 128MB
[STDOUT  ] 2017-11-30T03:56:02.549766094Z: [    0.838449] clocksource: jiffies: mask: 0xffffffff max_cycles: 0xffffffff, max_idle_ns: 19112604462750000 ns
[STDOUT  ] 2017-11-30T03:56:02.550738911Z: [    0.839543] futex hash table entries: 256 (order: 2, 16384 bytes)
[STDOUT  ] 2017-11-30T03:56:02.560975327Z: [    0.849363] NET: Registered protocol family 16
[STDOUT  ] 2017-11-30T03:56:02.571284165Z: [    0.860286] cpuidle: using governor ladder
[STDOUT  ] 2017-11-30T03:56:02.571899609Z: [    0.861013] cpuidle: using governor menu
[STDOUT  ] 2017-11-30T03:56:02.573410277Z: [    0.862382] ACPI: bus type PCI registered
[STDOUT  ] 2017-11-30T03:56:02.576531771Z: [    0.865497] PCI: MMCONFIG for domain 0000 [bus 00-ff] at [mem 0xb0000000-0xbfffffff] (base 0xb0000000)
[STDOUT  ] 2017-11-30T03:56:02.577342502Z: [    0.866273] PCI: MMCONFIG at [mem 0xb0000000-0xbfffffff] reserved in E820
[STDOUT  ] 2017-11-30T03:56:02.57868578Z: [    0.867737] PCI: Using configuration type 1 for base access
[STDOUT  ] 2017-11-30T03:56:02.636552589Z: [    0.925290] HugeTLB registered 2 MB page size, pre-allocated 0 pages
[STDOUT  ] 2017-11-30T03:56:02.648327272Z: [    0.937366] ACPI: Added _OSI(Module Device)
[STDOUT  ] 2017-11-30T03:56:02.648655333Z: [    0.937769] ACPI: Added _OSI(Processor Device)
[STDOUT  ] 2017-11-30T03:56:02.649137055Z: [    0.938197] ACPI: Added _OSI(3.0 _SCP Extensions)
[STDOUT  ] 2017-11-30T03:56:02.649505611Z: [    0.938560] ACPI: Added _OSI(Processor Aggregator Device)
[STDOUT  ] 2017-11-30T03:56:02.725749987Z: [    1.014772] ACPI: Interpreter enabled
[STDOUT  ] 2017-11-30T03:56:02.72697151Z: [    1.016038] ACPI: (supports S0 S5)
[STDOUT  ] 2017-11-30T03:56:02.727489928Z: [    1.016427] ACPI: Using IOAPIC for interrupt routing
[STDOUT  ] 2017-11-30T03:56:02.731137712Z: [    1.019482] PCI: Using host bridge windows from ACPI; if necessary, use "pci=nocrs" and report a bug
[STDOUT  ] 2017-11-30T03:56:02.796667232Z: [    1.085817] ACPI: PCI Root Bridge [PCI0] (domain 0000 [bus 00-ff])
[STDOUT  ] 2017-11-30T03:56:02.79814283Z: [    1.086988] acpi PNP0A08:00: _OSC: OS supports [ExtendedConfig ASPM ClockPM Segments MSI]
[STDOUT  ] 2017-11-30T03:56:02.805587701Z: [    1.094476] acpi PNP0A08:00: _OSC: OS now controls [PCIeHotplug PME PCIeCapability]
[STDOUT  ] 2017-11-30T03:56:02.809262568Z: [    1.098351] PCI host bridge to bus 0000:00
[STDOUT  ] 2017-11-30T03:56:02.80995998Z: [    1.098964] pci_bus 0000:00: root bus resource [io  0x0000-0x0cf7 window]
[STDOUT  ] 2017-11-30T03:56:02.810716536Z: [    1.099517] pci_bus 0000:00: root bus resource [io  0x0d00-0xffff window]
[STDOUT  ] 2017-11-30T03:56:02.811687463Z: [    1.100134] pci_bus 0000:00: root bus resource [mem 0x000a0000-0x000bffff window]
[STDOUT  ] 2017-11-30T03:56:02.812144359Z: [    1.100751] pci_bus 0000:00: root bus resource [mem 0xc0000000-0xfebfffff window]
[STDOUT  ] 2017-11-30T03:56:02.81278465Z: [    1.101554] pci_bus 0000:00: root bus resource [bus 00-ff]
[STDOUT  ] 2017-11-30T03:56:02.920291111Z: [    1.205607] pci 0000:00:1f.0: quirk: [io  0x0600-0x067f] claimed by ICH6 ACPI/GPIO/TCO
[STDOUT  ] 2017-11-30T03:56:02.984208287Z: [    1.272640] ACPI: PCI Interrupt Link [LNKA] (IRQs 5 *10 11)
[STDOUT  ] 2017-11-30T03:56:02.987154212Z: [    1.276126] ACPI: PCI Interrupt Link [LNKB] (IRQs 5 *10 11)
[STDOUT  ] 2017-11-30T03:56:02.989860603Z: [    1.278664] ACPI: PCI Interrupt Link [LNKC] (IRQs 5 10 *11)
[STDOUT  ] 2017-11-30T03:56:02.992252785Z: [    1.281062] ACPI: PCI Interrupt Link [LNKD] (IRQs 5 10 *11)
[STDOUT  ] 2017-11-30T03:56:02.994185501Z: [    1.283152] ACPI: PCI Interrupt Link [LNKE] (IRQs 5 *10 11)
[STDOUT  ] 2017-11-30T03:56:02.996357052Z: [    1.285144] ACPI: PCI Interrupt Link [LNKF] (IRQs 5 *10 11)
[STDOUT  ] 2017-11-30T03:56:02.998347737Z: [    1.287227] ACPI: PCI Interrupt Link [LNKG] (IRQs 5 10 *11)
[STDOUT  ] 2017-11-30T03:56:03.000587783Z: [    1.289295] ACPI: PCI Interrupt Link [LNKH] (IRQs 5 10 *11)
[STDOUT  ] 2017-11-30T03:56:03.001768669Z: [    1.290658] ACPI: PCI Interrupt Link [GSIA] (IRQs *16)
[STDOUT  ] 2017-11-30T03:56:03.002667964Z: [    1.291601] ACPI: PCI Interrupt Link [GSIB] (IRQs *17)
[STDOUT  ] 2017-11-30T03:56:03.00346659Z: [    1.292461] ACPI: PCI Interrupt Link [GSIC] (IRQs *18)
[STDOUT  ] 2017-11-30T03:56:03.004347515Z: [    1.293306] ACPI: PCI Interrupt Link [GSID] (IRQs *19)
[STDOUT  ] 2017-11-30T03:56:03.005172634Z: [    1.294165] ACPI: PCI Interrupt Link [GSIE] (IRQs *20)
[STDOUT  ] 2017-11-30T03:56:03.006052684Z: [    1.295035] ACPI: PCI Interrupt Link [GSIF] (IRQs *21)
[STDOUT  ] 2017-11-30T03:56:03.00689873Z: [    1.295892] ACPI: PCI Interrupt Link [GSIG] (IRQs *22)
[STDOUT  ] 2017-11-30T03:56:03.007656362Z: [    1.296756] ACPI: PCI Interrupt Link [GSIH] (IRQs *23)
[STDOUT  ] 2017-11-30T03:56:03.012067805Z: [    1.300962] ACPI: Enabled 2 GPEs in block 00 to 3F
[STDOUT  ] 2017-11-30T03:56:03.016209782Z: [    1.305479] SCSI subsystem initialized
[STDOUT  ] 2017-11-30T03:56:03.01851373Z: [    1.307611] ACPI: bus type USB registered
[STDOUT  ] 2017-11-30T03:56:03.019739531Z: [    1.308946] usbcore: registered new interface driver usbfs
[STDOUT  ] 2017-11-30T03:56:03.021013516Z: [    1.310256] usbcore: registered new interface driver hub
[STDOUT  ] 2017-11-30T03:56:03.021961206Z: [    1.311119] usbcore: registered new device driver usb
[STDOUT  ] 2017-11-30T03:56:03.023255473Z: [    1.312446] pps_core: LinuxPPS API ver. 1 registered
[STDOUT  ] 2017-11-30T03:56:03.023757253Z: [    1.312809] pps_core: Software ver. 5.3.6 - Copyright 2005-2007 Rodolfo Giometti <giometti@linux.it>
[STDOUT  ] 2017-11-30T03:56:03.024395963Z: [    1.313598] PTP clock support registered
[STDOUT  ] 2017-11-30T03:56:03.025677857Z: [    1.315015] wmi: Mapper loaded
[STDOUT  ] 2017-11-30T03:56:03.027031652Z: [    1.316274] PCI: Using ACPI for IRQ routing
[STDOUT  ] 2017-11-30T03:56:03.046109558Z: [    1.335168] NetLabel: Initializing
[STDOUT  ] 2017-11-30T03:56:03.046292402Z: [    1.335407] NetLabel:  domain hash size = 128
[STDOUT  ] 2017-11-30T03:56:03.046899306Z: [    1.335892] NetLabel:  protocols = UNLABELED CIPSOv4
[STDOUT  ] 2017-11-30T03:56:03.049782554Z: [    1.338866] NetLabel:  unlabeled traffic allowed by default
[STDOUT  ] 2017-11-30T03:56:03.051757665Z: [    1.340551] HPET: 3 timers in total, 0 timers will be used for per-cpu timer
[STDOUT  ] 2017-11-30T03:56:03.052872847Z: [    1.341574] hpet0: at MMIO 0xfed00000, IRQs 2, 8, 0
[STDOUT  ] 2017-11-30T03:56:03.053404796Z: [    1.342215] hpet0: 3 comparators, 64-bit 100.000000 MHz counter
[STDOUT  ] 2017-11-30T03:56:03.058844282Z: [    1.347684] clocksource: Switched to clocksource hpet
[STDOUT  ] 2017-11-30T03:56:03.322833233Z: [    1.604387] VFS: Disk quotas dquot_6.6.0
[STDOUT  ] 2017-11-30T03:56:03.323913088Z: [    1.605315] VFS: Dquot-cache hash table entries: 512 (order 0, 4096 bytes)
[STDOUT  ] 2017-11-30T03:56:03.327979721Z: [    1.609538] FS-Cache: Loaded
[STDOUT  ] 2017-11-30T03:56:03.333405837Z: [    1.615068] CacheFiles: Loaded
[STDOUT  ] 2017-11-30T03:56:03.335957557Z: [    1.617594] pnp: PnP ACPI init
[STDOUT  ] 2017-11-30T03:56:03.349599124Z: [    1.631147] pnp: PnP ACPI: found 5 devices
[STDOUT  ] 2017-11-30T03:56:03.40195896Z: [    1.683060] clocksource: acpi_pm: mask: 0xffffff max_cycles: 0xffffff, max_idle_ns: 2085701024 ns
[STDOUT  ] 2017-11-30T03:56:03.406095035Z: [    1.687540] NET: Registered protocol family 2
[STDOUT  ] 2017-11-30T03:56:03.414185679Z: [    1.695570] TCP established hash table entries: 8192 (order: 4, 65536 bytes)
[STDOUT  ] 2017-11-30T03:56:03.41496903Z: [    1.696556] TCP bind hash table entries: 8192 (order: 5, 131072 bytes)
[STDOUT  ] 2017-11-30T03:56:03.415766805Z: [    1.697301] TCP: Hash tables configured (established 8192 bind 8192)
[STDOUT  ] 2017-11-30T03:56:03.418609565Z: [    1.699840] UDP hash table entries: 512 (order: 2, 16384 bytes)
[STDOUT  ] 2017-11-30T03:56:03.419631098Z: [    1.700998] UDP-Lite hash table entries: 512 (order: 2, 16384 bytes)
[STDOUT  ] 2017-11-30T03:56:03.42199077Z: [    1.703526] NET: Registered protocol family 1
[STDOUT  ] 2017-11-30T03:56:03.42324242Z: [    1.704611] pci 0000:00:01.0: Video device with shadowed ROM at [mem 0x000c0000-0x000dffff]
[STDOUT  ] 2017-11-30T03:56:03.431441872Z: [    1.713099] Unpacking initramfs...
[STDOUT  ] 2017-11-30T03:56:06.412503645Z: [    4.694009] Freeing initrd memory: 22632K
[STDOUT  ] 2017-11-30T03:56:06.438090936Z: [    4.719616] PCLMULQDQ-NI instructions are not detected.
[STDOUT  ] 2017-11-30T03:56:06.440279115Z: [    4.721745] AVX or AES-NI instructions are not detected.
[STDOUT  ] 2017-11-30T03:56:06.440828844Z: [    4.722310] CPU feature 'AVX registers' is not supported.
[STDOUT  ] 2017-11-30T03:56:06.441267161Z: [    4.722767] CPU feature 'AVX registers' is not supported.
[STDOUT  ] 2017-11-30T03:56:06.441846609Z: [    4.723284] CPU feature 'AVX registers' is not supported.
[STDOUT  ] 2017-11-30T03:56:06.442281106Z: [    4.723768] CPU feature 'AVX registers' is not supported.
[STDOUT  ] 2017-11-30T03:56:06.442808066Z: [    4.724187] AVX2 or AES-NI instructions are not detected.
[STDOUT  ] 2017-11-30T03:56:06.443084706Z: [    4.724679] AVX2 instructions are not detected.
[STDOUT  ] 2017-11-30T03:56:06.45106936Z: [    4.732482] audit: initializing netlink subsys (disabled)
[STDOUT  ] 2017-11-30T03:56:06.453387087Z: [    4.734837] audit: type=2000 audit(1512014165.730:1): initialized
[STDOUT  ] 2017-11-30T03:56:06.46426732Z: [    4.745600] workingset: timestamp_bits=46 max_order=18 bucket_order=0
[STDOUT  ] 2017-11-30T03:56:06.471033954Z: [    4.752362] squashfs: version 4.0 (2009/01/31) Phillip Lougher
[STDOUT  ] 2017-11-30T03:56:06.47339379Z: [    4.754971] FS-Cache: Netfs 'cifs' registered for caching
[STDOUT  ] 2017-11-30T03:56:06.47456063Z: [    4.756173] fuse init (API version 7.26)
[STDOUT  ] 2017-11-30T03:56:06.478589243Z: [    4.759893] SGI XFS with ACLs, security attributes, no debug enabled
[STDOUT  ] 2017-11-30T03:56:06.483235714Z: [    4.764567] 9p: Installing v9fs 9p2000 file system support
[STDOUT  ] 2017-11-30T03:56:06.483631506Z: [    4.765258] FS-Cache: Netfs '9p' registered for caching
[STDOUT  ] 2017-11-30T03:56:06.517007456Z: [    4.798648] NET: Registered protocol family 38
[STDOUT  ] 2017-11-30T03:56:06.51761977Z: [    4.799221] Key type asymmetric registered
[STDOUT  ] 2017-11-30T03:56:06.518219278Z: [    4.799641] Asymmetric key parser 'x509' registered
[STDOUT  ] 2017-11-30T03:56:06.522175696Z: [    4.803476] Block layer SCSI generic (bsg) driver version 0.4 loaded (major 251)
[STDOUT  ] 2017-11-30T03:56:06.523743429Z: [    4.805189] io scheduler noop registered
[STDOUT  ] 2017-11-30T03:56:06.52402574Z: [    4.805562] io scheduler deadline registered (default)
[STDOUT  ] 2017-11-30T03:56:06.524971225Z: [    4.806527] io scheduler cfq registered
[STDOUT  ] 2017-11-30T03:56:06.527720154Z: [    4.809216] pci_hotplug: PCI Hot Plug PCI Core version: 0.5
[STDOUT  ] 2017-11-30T03:56:06.528689613Z: [    4.809927] pciehp: PCI Express Hot Plug Controller Driver version: 0.4
[STDOUT  ] 2017-11-30T03:56:06.530380512Z: [    4.811958] shpchp: Standard Hot Plug PCI Controller Driver version: 0.4
[STDOUT  ] 2017-11-30T03:56:06.531291101Z: [    4.812810] hv_vmbus: registering driver hyperv_fb
[STDOUT  ] 2017-11-30T03:56:06.534787948Z: [    4.816097] input: Power Button as /devices/LNXSYSTM:00/LNXPWRBN:00/input/input0
[STDOUT  ] 2017-11-30T03:56:06.535654446Z: [    4.817383] ACPI: Power Button [PWRF]
[STDOUT  ] 2017-11-30T03:56:06.541169365Z: [    4.822736] GHES: HEST is not enabled!
[STDOUT  ] 2017-11-30T03:56:06.553925292Z: [    4.835134] ACPI: PCI Interrupt Link [GSIG] enabled at IRQ 22
[STDOUT  ] 2017-11-30T03:56:06.569519444Z: [    4.850970] ACPI: PCI Interrupt Link [GSIH] enabled at IRQ 23
[STDOUT  ] 2017-11-30T03:56:06.575336849Z: [    4.856779] xenfs: not registering filesystem on non-xen platform
[STDOUT  ] 2017-11-30T03:56:06.577628703Z: [    4.859032] Serial: 8250/16550 driver, 4 ports, IRQ sharing disabled
[STDOUT  ] 2017-11-30T03:56:06.603168604Z: [    4.884459] 00:04: ttyS0 at I/O 0x3f8 (irq = 4, base_baud = 115200) is a 16550A
[STDOUT  ] 2017-11-30T03:56:06.615242441Z: [    4.896824] Non-volatile memory driver v1.3
[STDOUT  ] 2017-11-30T03:56:06.62201213Z: [    4.903134] Hangcheck: starting hangcheck timer 0.9.1 (tick is 180 seconds, margin is 60 seconds).
[STDOUT  ] 2017-11-30T03:56:06.626802746Z: [    4.908524] random: fast init done
[STDOUT  ] 2017-11-30T03:56:06.628369702Z: [    4.909905] random: crng init done
[STDOUT  ] 2017-11-30T03:56:06.663538821Z: [    4.945095] loop: module loaded
[STDOUT  ] 2017-11-30T03:56:06.679858661Z: [    4.961304] nbd: registered device at major 43
[STDOUT  ] 2017-11-30T03:56:06.723926358Z: [    5.005243] lpc_ich 0000:00:1f.0: I/O space for GPIO uninitialized
[STDOUT  ] 2017-11-30T03:56:06.726020132Z: [    5.007608] VMware PVSCSI driver - version 1.0.7.0-k
[STDOUT  ] 2017-11-30T03:56:06.727044696Z: [    5.008583] hv_vmbus: registering driver hv_storvsc
[STDOUT  ] 2017-11-30T03:56:06.738962788Z: [    5.020520] ACPI: PCI Interrupt Link [GSIA] enabled at IRQ 16
[STDOUT  ] 2017-11-30T03:56:06.74546454Z: [    5.026703] ahci 0000:00:1f.2: AHCI 0001.0000 32 slots 6 ports 1.5 Gbps 0x3f impl SATA mode
[STDOUT  ] 2017-11-30T03:56:06.74602977Z: [    5.027549] ahci 0000:00:1f.2: flags: 64bit ncq only 
[STDOUT  ] 2017-11-30T03:56:06.767848297Z: [    5.049546] scsi host0: ahci
[STDOUT  ] 2017-11-30T03:56:06.773592654Z: [    5.055211] scsi host1: ahci
[STDOUT  ] 2017-11-30T03:56:06.776049006Z: [    5.057771] scsi host2: ahci
[STDOUT  ] 2017-11-30T03:56:06.778628801Z: [    5.060383] scsi host3: ahci
[STDOUT  ] 2017-11-30T03:56:06.780998574Z: [    5.062736] scsi host4: ahci
[STDOUT  ] 2017-11-30T03:56:06.784071224Z: [    5.065738] scsi host5: ahci
[STDOUT  ] 2017-11-30T03:56:06.786670688Z: [    5.068193] ata1: SATA max UDMA/133 abar m4096@0xfebd2000 port 0xfebd2100 irq 24
[STDOUT  ] 2017-11-30T03:56:06.788418617Z: [    5.068759] ata2: SATA max UDMA/133 abar m4096@0xfebd2000 port 0xfebd2180 irq 24
[STDOUT  ] 2017-11-30T03:56:06.788457504Z: [    5.069093] ata3: SATA max UDMA/133 abar m4096@0xfebd2000 port 0xfebd2200 irq 24
[STDOUT  ] 2017-11-30T03:56:06.788471322Z: [    5.069324] ata4: SATA max UDMA/133 abar m4096@0xfebd2000 port 0xfebd2280 irq 24
[STDOUT  ] 2017-11-30T03:56:06.788482344Z: [    5.069571] ata5: SATA max UDMA/133 abar m4096@0xfebd2000 port 0xfebd2300 irq 24
[STDOUT  ] 2017-11-30T03:56:06.788492434Z: [    5.069829] ata6: SATA max UDMA/133 abar m4096@0xfebd2000 port 0xfebd2380 irq 24
[STDOUT  ] 2017-11-30T03:56:06.802138957Z: [    5.083637] tun: Universal TUN/TAP device driver, 1.6
[STDOUT  ] 2017-11-30T03:56:06.802842822Z: [    5.084060] tun: (C) 1999-2004 Max Krasnyansky <maxk@qualcomm.com>
[STDOUT  ] 2017-11-30T03:56:06.814379426Z: [    5.095738] VMware vmxnet3 virtual NIC driver - version 1.4.a.0-k-NAPI
[STDOUT  ] 2017-11-30T03:56:06.815304312Z: [    5.096853] hv_vmbus: registering driver hv_netvsc
[STDOUT  ] 2017-11-30T03:56:06.815650965Z: [    5.097189] Fusion MPT base driver 3.04.20
[STDOUT  ] 2017-11-30T03:56:06.81596835Z: [    5.097541] Copyright (c) 1999-2008 LSI Corporation
[STDOUT  ] 2017-11-30T03:56:06.816753994Z: [    5.098287] Fusion MPT SPI Host driver 3.04.20
[STDOUT  ] 2017-11-30T03:56:06.820114594Z: [    5.101474] i8042: PNP: PS/2 Controller [PNP0303:KBD,PNP0f13:MOU] at 0x60,0x64 irq 1,12
[STDOUT  ] 2017-11-30T03:56:06.824553912Z: [    5.106036] serio: i8042 KBD port at 0x60,0x64 irq 1
[STDOUT  ] 2017-11-30T03:56:06.825227196Z: [    5.106834] serio: i8042 AUX port at 0x60,0x64 irq 12
[STDOUT  ] 2017-11-30T03:56:06.829211612Z: [    5.110769] hv_vmbus: registering driver hyperv_keyboard
[STDOUT  ] 2017-11-30T03:56:06.831576464Z: [    5.113069] mousedev: PS/2 mouse device common for all mice
[STDOUT  ] 2017-11-30T03:56:06.836697613Z: [    5.117943] input: AT Translated Set 2 keyboard as /devices/platform/i8042/serio0/input/input1
[STDOUT  ] 2017-11-30T03:56:06.840151066Z: [    5.121567] input: PC Speaker as /devices/platform/pcspkr/input/input2
[STDOUT  ] 2017-11-30T03:56:06.843893896Z: [    5.125314] rtc_cmos 00:00: RTC can wake from S4
[STDOUT  ] 2017-11-30T03:56:06.847165601Z: [    5.128642] rtc_cmos 00:00: rtc core: registered rtc_cmos as rtc0
[STDOUT  ] 2017-11-30T03:56:06.84893548Z: [    5.130364] rtc_cmos 00:00: alarms up to one day, y3k, 114 bytes nvram, hpet irqs
[STDOUT  ] 2017-11-30T03:56:06.849593708Z: [    5.131309] i2c /dev entries driver
[STDOUT  ] 2017-11-30T03:56:06.85204006Z: [    5.133221] device-mapper: ioctl: 4.35.0-ioctl (2016-06-23) initialised: dm-devel@redhat.com
[STDOUT  ] 2017-11-30T03:56:06.8565958Z: [    5.138048] usbcore: registered new interface driver usbhid
[STDOUT  ] 2017-11-30T03:56:06.85698288Z: [    5.138519] usbhid: USB HID core driver
[STDOUT  ] 2017-11-30T03:56:06.857627454Z: [    5.139252] hv_utils: Registering HyperV Utility Driver
[STDOUT  ] 2017-11-30T03:56:06.858070896Z: [    5.139597] hv_vmbus: registering driver hv_util
[STDOUT  ] 2017-11-30T03:56:06.858522738Z: [    5.139985] hv_vmbus: registering driver hv_balloon
[STDOUT  ] 2017-11-30T03:56:06.85939406Z: [    5.141090] oprofile: using NMI interrupt.
[STDOUT  ] 2017-11-30T03:56:06.860448866Z: [    5.142172] GACT probability on
[STDOUT  ] 2017-11-30T03:56:06.861150051Z: [    5.142732] Mirror/redirect action on
[STDOUT  ] 2017-11-30T03:56:06.862179674Z: [    5.143776] Simple TC action Loaded
[STDOUT  ] 2017-11-30T03:56:06.862681122Z: [    5.144442] u32 classifier
[STDOUT  ] 2017-11-30T03:56:06.863035535Z: [    5.144631]     Performance counters on
[STDOUT  ] 2017-11-30T03:56:06.863341428Z: [    5.145003]     input device check on
[STDOUT  ] 2017-11-30T03:56:06.863760132Z: [    5.145285]     Actions configured
[STDOUT  ] 2017-11-30T03:56:06.86477827Z: [    5.146317] Netfilter messages via NETLINK v0.30.
[STDOUT  ] 2017-11-30T03:56:06.865422777Z: [    5.147033] nfnl_acct: registering with nfnetlink.
[STDOUT  ] 2017-11-30T03:56:06.866944064Z: [    5.148447] nf_conntrack version 0.5.0 (8192 buckets, 32768 max)
[STDOUT  ] 2017-11-30T03:56:06.870406674Z: [    5.151963] ctnetlink v0.93: registering with nfnetlink.
[STDOUT  ] 2017-11-30T03:56:06.873442721Z: [    5.154966] nf_tables: (c) 2007-2009 Patrick McHardy <kaber@trash.net>
[STDOUT  ] 2017-11-30T03:56:06.874522466Z: [    5.156026] nf_tables_compat: (c) 2012 Pablo Neira Ayuso <pablo@netfilter.org>
[STDOUT  ] 2017-11-30T03:56:06.878037121Z: [    5.159598] xt_time: kernel timezone is -0000
[STDOUT  ] 2017-11-30T03:56:06.878921402Z: [    5.160629] ip_set: protocol 6
[STDOUT  ] 2017-11-30T03:56:06.879869476Z: [    5.161288] IPVS: Registered protocols (TCP, UDP, SCTP, AH, ESP)
[STDOUT  ] 2017-11-30T03:56:06.880630197Z: [    5.162140] IPVS: Connection hash table configured (size=4096, memory=64Kbytes)
[STDOUT  ] 2017-11-30T03:56:06.882410865Z: [    5.163949] IPVS: Creating netns size=2104 id=0
[STDOUT  ] 2017-11-30T03:56:06.885148434Z: [    5.166874] IPVS: ipvs loaded.
[STDOUT  ] 2017-11-30T03:56:06.885637847Z: [    5.167289] IPVS: [rr] scheduler registered.
[STDOUT  ] 2017-11-30T03:56:06.886109213Z: [    5.167664] IPVS: [wrr] scheduler registered.
[STDOUT  ] 2017-11-30T03:56:06.886425517Z: [    5.168029] IPVS: [lc] scheduler registered.
[STDOUT  ] 2017-11-30T03:56:06.886717021Z: [    5.168365] IPVS: [wlc] scheduler registered.
[STDOUT  ] 2017-11-30T03:56:06.887195873Z: [    5.168733] IPVS: [fo] scheduler registered.
[STDOUT  ] 2017-11-30T03:56:06.887530513Z: [    5.169102] IPVS: [ovf] scheduler registered.
[STDOUT  ] 2017-11-30T03:56:06.888042538Z: [    5.169638] IPVS: [lblc] scheduler registered.
[STDOUT  ] 2017-11-30T03:56:06.889315467Z: [    5.170727] IPVS: [lblcr] scheduler registered.
[STDOUT  ] 2017-11-30T03:56:06.889811225Z: [    5.171187] IPVS: [dh] scheduler registered.
[STDOUT  ] 2017-11-30T03:56:06.890108845Z: [    5.171734] IPVS: [sh] scheduler registered.
[STDOUT  ] 2017-11-30T03:56:06.890475496Z: [    5.172149] IPVS: [sed] scheduler registered.
[STDOUT  ] 2017-11-30T03:56:06.891048208Z: [    5.172510] IPVS: [nq] scheduler registered.
[STDOUT  ] 2017-11-30T03:56:06.891847272Z: [    5.173416] IPVS: ftp: loaded support on port[0] = 21
[STDOUT  ] 2017-11-30T03:56:06.892872742Z: [    5.174471] ipip: IPv4 and MPLS over IPv4 tunneling driver
[STDOUT  ] 2017-11-30T03:56:06.897106391Z: [    5.178692] gre: GRE over IPv4 demultiplexor driver
[STDOUT  ] 2017-11-30T03:56:06.900652916Z: [    5.182132] ip_tables: (C) 2000-2006 Netfilter Core Team
[STDOUT  ] 2017-11-30T03:56:06.903898329Z: [    5.185371] ipt_CLUSTERIP: ClusterIP Version 0.8 loaded successfully
[STDOUT  ] 2017-11-30T03:56:06.904660225Z: [    5.186253] arp_tables: arp_tables: (C) 2002 David S. Miller
[STDOUT  ] 2017-11-30T03:56:06.907028765Z: [    5.188601] NET: Registered protocol family 10
[STDOUT  ] 2017-11-30T03:56:06.917040635Z: [    5.198458] ip6_tables: (C) 2000-2006 Netfilter Core Team
[STDOUT  ] 2017-11-30T03:56:06.925786351Z: [    5.207304] NET: Registered protocol family 17
[STDOUT  ] 2017-11-30T03:56:06.926889812Z: [    5.208496] Bridge firewalling registered
[STDOUT  ] 2017-11-30T03:56:06.927469111Z: [    5.209115] Ebtables v2.0 registered
[STDOUT  ] 2017-11-30T03:56:06.930264246Z: [    5.211723] 8021q: 802.1Q VLAN Support v1.8
[STDOUT  ] 2017-11-30T03:56:06.931759901Z: [    5.213279] 9pnet: Installing 9P2000 support
[STDOUT  ] 2017-11-30T03:56:06.933264798Z: [    5.214838] Key type dns_resolver registered
[STDOUT  ] 2017-11-30T03:56:06.934328999Z: [    5.215909] microcode: AMD CPU family 0x6 not supported
[STDOUT  ] 2017-11-30T03:56:06.93802755Z: [    5.219598] registered taskstats version 1
[STDOUT  ] 2017-11-30T03:56:07.106025481Z: [    5.387593] Key type big_key registered
[STDOUT  ] 2017-11-30T03:56:07.122925982Z: [    5.404431] ata2: SATA link down (SStatus 0 SControl 300)
[STDOUT  ] 2017-11-30T03:56:07.126587606Z: [    5.408005] ata1: SATA link up 1.5 Gbps (SStatus 113 SControl 300)
[STDOUT  ] 2017-11-30T03:56:07.131458401Z: [    5.412810] ata6: SATA link down (SStatus 0 SControl 300)
[STDOUT  ] 2017-11-30T03:56:07.132014989Z: [    5.413455] ata5: SATA link down (SStatus 0 SControl 300)
[STDOUT  ] 2017-11-30T03:56:07.132446072Z: [    5.414078] ata4: SATA link down (SStatus 0 SControl 300)
[STDOUT  ] 2017-11-30T03:56:07.133182853Z: [    5.414622] ata3: SATA link up 1.5 Gbps (SStatus 113 SControl 300)
[STDOUT  ] 2017-11-30T03:56:07.134986575Z: [    5.416522] ata3.00: ATAPI: QEMU DVD-ROM, 2.5+, max UDMA/100
[STDOUT  ] 2017-11-30T03:56:07.135528448Z: [    5.417046] ata3.00: applying bridge limits
[STDOUT  ] 2017-11-30T03:56:07.13740647Z: [    5.418945] ata3.00: configured for UDMA/100
[STDOUT  ] 2017-11-30T03:56:07.139678227Z: [    5.421090] ata1.00: ATA-7: QEMU HARDDISK, 2.5+, max UDMA/100
[STDOUT  ] 2017-11-30T03:56:07.140101824Z: [    5.421569] ata1.00: 409600 sectors, multi 16: LBA48 NCQ (depth 31/32)
[STDOUT  ] 2017-11-30T03:56:07.140549165Z: [    5.422186] ata1.00: applying bridge limits
[STDOUT  ] 2017-11-30T03:56:07.141297651Z: [    5.422919] ata1.00: configured for UDMA/100
[STDOUT  ] 2017-11-30T03:56:07.158731278Z: [    5.439832] scsi 0:0:0:0: Direct-Access     ATA      QEMU HARDDISK    2.5+ PQ: 0 ANSI: 5
[STDOUT  ] 2017-11-30T03:56:07.182298019Z: [    5.463475] sd 0:0:0:0: [sda] 409600 512-byte logical blocks: (210 MB/200 MiB)
[STDOUT  ] 2017-11-30T03:56:07.188299364Z: [    5.469733] sd 0:0:0:0: [sda] Write Protect is off
[STDOUT  ] 2017-11-30T03:56:07.189536707Z: [    5.471063] sd 0:0:0:0: Attached scsi generic sg0 type 0
[STDOUT  ] 2017-11-30T03:56:07.192538944Z: [    5.473828] sd 0:0:0:0: [sda] Write cache: enabled, read cache: enabled, doesn't support DPO or FUA
[STDOUT  ] 2017-11-30T03:56:07.202978434Z: [    5.484303] scsi 2:0:0:0: CD-ROM            QEMU     QEMU DVD-ROM     2.5+ PQ: 0 ANSI: 5
[STDOUT  ] 2017-11-30T03:56:07.221275723Z: [    5.502752] sr 2:0:0:0: [sr0] scsi3-mmc drive: 4x/4x cd/rw xa/form2 tray
[STDOUT  ] 2017-11-30T03:56:07.222007823Z: [    5.503503] cdrom: Uniform CD-ROM driver Revision: 3.20
[STDOUT  ] 2017-11-30T03:56:07.233982289Z: [    5.515622]  sda: sda1
[STDOUT  ] 2017-11-30T03:56:07.239756488Z: [    5.521459] sr 2:0:0:0: Attached scsi generic sg1 type 5
[STDOUT  ] 2017-11-30T03:56:07.260594909Z: [    5.542117] sd 0:0:0:0: [sda] Attached SCSI disk
[STDOUT  ] 2017-11-30T03:56:07.310994729Z: [    5.592540] Key type encrypted registered
[STDOUT  ] 2017-11-30T03:56:07.317246545Z: [    5.598469] rtc_cmos 00:00: setting system clock to 2017-11-30 03:56:06 UTC (1512014166)
[STDOUT  ] 2017-11-30T03:56:07.457958524Z: [    5.739497] Freeing unused kernel memory: 1380K
[STDOUT  ] 2017-11-30T03:56:07.458708478Z: [    5.739928] Write protecting the kernel read-only data: 12288k
[STDOUT  ] 2017-11-30T03:56:07.46586323Z: [    5.747434] Freeing unused kernel memory: 128K
[STDOUT  ] 2017-11-30T03:56:07.574044472Z: [    5.855602] Freeing unused kernel memory: 1396K
[STDOUT  ] 2017-11-30T03:56:07.575178148Z: [    5.856449] tsc: Refined TSC clocksource calibration: 2600.001 MHz
[STDOUT  ] 2017-11-30T03:56:07.576102765Z: [    5.857107] clocksource: tsc: mask: 0xffffffffffffffff max_cycles: 0x257a3ce1c4c, max_idle_ns: 440795206275 ns
[STDOUT  ] 2017-11-30T03:56:08.589549482Z: [    6.871039] clocksource: Switched to clocksource tsc
[STDOUT  ] 2017-11-30T03:56:14.340179947Z: 
[STDOUT  ] 2017-11-30T03:56:14.34075763Z: Welcome to LinuxKit
[STDOUT  ] 2017-11-30T03:56:14.34092476Z: 
[STDOUT  ] 2017-11-30T03:56:14.341483211Z:                         ##         .
[STDOUT  ] 2017-11-30T03:56:14.341835043Z:                   ## ## ##        ==
[STDOUT  ] 2017-11-30T03:56:14.342181384Z:                ## ## ## ## ##    ===
[STDOUT  ] 2017-11-30T03:56:14.342725721Z:            /"""""""""""""""""\___/ ===
[STDOUT  ] 2017-11-30T03:56:14.343035194Z:           {                       /  ===-
[STDOUT  ] 2017-11-30T03:56:14.343547637Z:            \______ O           __/
[STDOUT  ] 2017-11-30T03:56:14.343850902Z:              \    \         __/
[STDOUT  ] 2017-11-30T03:56:14.344209319Z:               \____\_______/
[STDOUT  ] 2017-11-30T03:56:14.344229643Z: 
[STDOUT  ] 2017-11-30T03:56:45.985909354Z: [   44.267414] sd 0:0:0:0: [sda] Synchronizing SCSI cache
[STDOUT  ] 2017-11-30T03:56:45.986931231Z: [   44.268540] sd 0:0:0:0: [sda] Stopping disk
[STDOUT  ] 2017-11-30T03:56:45.990041386Z: [   44.271565] ACPI: Preparing to enter system sleep state S5
[STDOUT  ] 2017-11-30T03:56:45.990954387Z: [   44.272663] reboot: Power down
[STDERR  ] 2017-11-30T03:56:46.299687636Z: + exit 0
[STDERR  ] 2017-11-30T03:56:46.299741983Z: + clean_up
[STDERR  ] 2017-11-30T03:56:46.299751164Z: + find . -depth -iname run* -not -iname *.yml -exec rm -rf {} ;
[STDERR  ] 2017-11-30T03:56:46.454790187Z: + find . -depth -iname mkimage* -not -iname *.yml -exec rm -rf {} ;
[STDERR  ] 2017-11-30T03:56:46.462225027Z: + find . -depth -iname disk.qcow2* -not -iname *.yml -exec rm -rf {} ;
[STDERR  ] 2017-11-30T03:56:46.468895217Z: + rm -f tarball.img
[PASS    ] linuxkit.packages.mkimage 153.81s
