[INFO    ] 2018-02-27T14:16:51.991262907Z: Running Test linuxkit.kernel.config_4.15.x in /tmp/with_clone10dd4576/test/cases/020_kernel/007_config_4.15.x
[STDERR  ] 2018-02-27T14:16:51.991341662Z: [    0.970239] ACPI: PCI Interrupt Link [LNKA] (IRQs 5 *10 11)
[STDERR  ] 2018-02-27T14:16:51.991372290Z: [    0.972305] ACPI: PCI Interrupt Link [LNKB] (IRQs 5 *10 11)
[STDERR  ] 2018-02-27T14:16:51.991398418Z: [    0.974085] ACPI: PCI Interrupt Link [LNKC] (IRQs 5 10 *11)
[STDERR  ] 2018-02-27T14:16:51.991414516Z: [    0.975902] ACPI: PCI Interrupt Link [LNKD] (IRQs 5 10 *11)
[STDERR  ] 2018-02-27T14:16:51.991434776Z: [    0.977671] ACPI: PCI Interrupt
[INFO    ] 2018-02-27T14:16:51.991445964Z: Running command: [/bin/sh -x /tmp/with_clone10dd4576/test/cases/020_kernel/007_config_4.15.x/test.sh]
[STDERR  ] 2018-02-27T14:16:51.991953233Z: + set -e
[STDERR  ] 2018-02-27T14:16:51.992011106Z: + . /tmp/with_clone10dd4576/test/cases/_lib/lib.sh
[STDERR  ] 2018-02-27T14:16:51.992029505Z: + [ -f src/github.com/linuxkit/rtf/lib/lib.sh ]
[STDERR  ] 2018-02-27T14:16:51.992050962Z: + LINUXKIT_TMPDIR=/tmp/with_clone10dd4576/test/cases/_tmp
[STDERR  ] 2018-02-27T14:16:51.992070898Z: + [ -f /tmp/with_clone10dd4576/test/cases/_tmp/env.sh ]
[STDERR  ] 2018-02-27T14:16:51.992088019Z: + . /tmp/with_clone10dd4576/test/cases/_tmp/env.sh
[STDERR  ] 2018-02-27T14:16:51.992110871Z: + export LINUXKIT_EXAMPLES_DIR=/tmp/with_clone10dd4576/test/cases/../../examples
[STDERR  ] 2018-02-27T14:16:51.992130147Z: + RT_CANCEL=253
[STDERR  ] 2018-02-27T14:16:51.992148229Z: + NAME=kconfig
[STDERR  ] 2018-02-27T14:16:51.992165543Z: + trap clean_up EXIT
[STDERR  ] 2018-02-27T14:16:51.992182872Z: + linuxkit build -format kernel+initrd -name kconfig test.yml
[STDERR  ] 2018-02-27T14:16:52.025250759Z: Extract kernel image: linuxkit/kernel:4.15.6
[STDERR  ] 2018-02-27T14:16:53.199005483Z: time="2018-02-27T14:16:53Z" level=warning msg="certificate with CN Justin Cormack is near expiry"
[STDERR  ] 2018-02-27T14:16:53.199810696Z: time="2018-02-27T14:16:53Z" level=warning msg="certificate with CN  is near expiry"
[STDERR  ] 2018-02-27T14:16:53.200031168Z: time="2018-02-27T14:16:53Z" level=warning msg="certificate with CN  is near expiry"
[STDERR  ] 2018-02-27T14:16:53.200240523Z: time="2018-02-27T14:16:53Z" level=warning msg="certificate with CN avi@atomicinc.com is near expiry"
[STDERR  ] 2018-02-27T14:16:53.200464010Z: time="2018-02-27T14:16:53Z" level=warning msg="certificate with CN Ian Campbell is near expiry"
[STDERR  ] 2018-02-27T14:16:53.255571939Z: time="2018-02-27T14:16:53Z" level=warning msg="certificate with CN Justin Cormack is near expiry"
[STDERR  ] 2018-02-27T14:16:56.831569487Z: Add init containers:
[STDERR  ] 2018-02-27T14:16:56.831645400Z: Process init image: linuxkit/init:d899eee3560a40aa3b4bdd67b3bb82703714b2b9
[STDERR  ] 2018-02-27T14:16:57.769749677Z: time="2018-02-27T14:16:57Z" level=warning msg="certificate with CN Justin Cormack is near expiry"
[STDERR  ] 2018-02-27T14:16:57.770050847Z: time="2018-02-27T14:16:57Z" level=warning msg="certificate with CN  is near expiry"
[STDERR  ] 2018-02-27T14:16:57.770415340Z: time="2018-02-27T14:16:57Z" level=warning msg="certificate with CN  is near expiry"
[STDERR  ] 2018-02-27T14:16:57.770576236Z: time="2018-02-27T14:16:57Z" level=warning msg="certificate with CN avi@atomicinc.com is near expiry"
[STDERR  ] 2018-02-27T14:16:57.770745894Z: time="2018-02-27T14:16:57Z" level=warning msg="certificate with CN Ian Campbell is near expiry"
[STDERR  ] 2018-02-27T14:16:57.775292146Z: time="2018-02-27T14:16:57Z" level=warning msg="certificate with CN Justin Cormack is near expiry"
[STDERR  ] 2018-02-27T14:16:57.776948406Z: time="2018-02-27T14:16:57Z" level=warning msg="certificate with CN  is near expiry"
[STDERR  ] 2018-02-27T14:16:57.777106773Z: time="2018-02-27T14:16:57Z" level=warning msg="certificate with CN Ian Campbell is near expiry"
[STDERR  ] 2018-02-27T14:16:58.739879026Z: Process init image: linuxkit/runc:7c39a68490a12cde830e1922f171c451fb08e731
[STDERR  ] 2018-02-27T14:16:59.723733168Z: time="2018-02-27T14:16:59Z" level=warning msg="certificate with CN  is near expiry"
[STDERR  ] 2018-02-27T14:16:59.723838611Z: time="2018-02-27T14:16:59Z" level=warning msg="certificate with CN avi@atomicinc.com is near expiry"
[STDERR  ] 2018-02-27T14:16:59.724001283Z: time="2018-02-27T14:16:59Z" level=warning msg="certificate with CN Ian Campbell is near expiry"
[STDERR  ] 2018-02-27T14:16:59.724241523Z: time="2018-02-27T14:16:59Z" level=warning msg="certificate with CN Justin Cormack is near expiry"
[STDERR  ] 2018-02-27T14:16:59.724412291Z: time="2018-02-27T14:16:59Z" level=warning msg="certificate with CN  is near expiry"
[STDERR  ] 2018-02-27T14:16:59.726835641Z: time="2018-02-27T14:16:59Z" level=warning msg="certificate with CN Justin Cormack is near expiry"
[STDERR  ] 2018-02-27T14:16:59.728376921Z: time="2018-02-27T14:16:59Z" level=warning msg="certificate with CN  is near expiry"
[STDERR  ] 2018-02-27T14:16:59.728544187Z: time="2018-02-27T14:16:59Z" level=warning msg="certificate with CN Ian Campbell is near expiry"
[STDERR  ] 2018-02-27T14:17:00.485166289Z: Add onboot containers:
[STDERR  ] 2018-02-27T14:17:00.485250231Z:   Create OCI config for linuxkit/test-kernel-config:f658811da20f069f71a863ba9469b4a2ae8910e1
[STDERR  ] 2018-02-27T14:17:01.462359351Z: time="2018-02-27T14:17:01Z" level=warning msg="certificate with CN Ian Campbell is near expiry"
[STDERR  ] 2018-02-27T14:17:01.462542522Z: time="2018-02-27T14:17:01Z" level=warning msg="certificate with CN Justin Cormack is near expiry"
[STDERR  ] 2018-02-27T14:17:01.462750607Z: time="2018-02-27T14:17:01Z" level=warning msg="certificate with CN Rolf Neugebauer is near expiry"
[STDERR  ] 2018-02-27T14:17:01.462851281Z: time="2018-02-27T14:17:01Z" level=warning msg="certificate with CN  is near expiry"
[STDERR  ] 2018-02-27T14:17:01.462972583Z: time="2018-02-27T14:17:01Z" level=warning msg="certificate with CN  is near expiry"
[STDERR  ] 2018-02-27T14:17:01.463099907Z: time="2018-02-27T14:17:01Z" level=warning msg="certificate with CN avi@atomicinc.com is near expiry"
[STDERR  ] 2018-02-27T14:17:01.464750774Z: time="2018-02-27T14:17:01Z" level=warning msg="certificate with CN Justin Cormack is near expiry"
[STDERR  ] 2018-02-27T14:17:01.466313298Z: time="2018-02-27T14:17:01Z" level=warning msg="certificate with CN Rolf Neugebauer is near expiry"
[STDERR  ] 2018-02-27T14:17:01.467215074Z: time="2018-02-27T14:17:01Z" level=warning msg="certificate with CN  is near expiry"
[STDERR  ] 2018-02-27T14:17:01.467335233Z: time="2018-02-27T14:17:01Z" level=warning msg="certificate with CN Ian Campbell is near expiry"
[STDERR  ] 2018-02-27T14:17:02.420665381Z:   Create OCI config for linuxkit/poweroff:f9a0a5e52fd2a97908bda33db2afffafe4a6a67d
[STDERR  ] 2018-02-27T14:17:03.421602149Z: time="2018-02-27T14:17:03Z" level=warning msg="certificate with CN Ian Campbell is near expiry"
[STDERR  ] 2018-02-27T14:17:03.421825918Z: time="2018-02-27T14:17:03Z" level=warning msg="certificate with CN Justin Cormack is near expiry"
[STDERR  ] 2018-02-27T14:17:03.422083799Z: time="2018-02-27T14:17:03Z" level=warning msg="certificate with CN Rolf Neugebauer is near expiry"
[STDERR  ] 2018-02-27T14:17:03.422225319Z: time="2018-02-27T14:17:03Z" level=warning msg="certificate with CN  is near expiry"
[STDERR  ] 2018-02-27T14:17:03.422380400Z: time="2018-02-27T14:17:03Z" level=warning msg="certificate with CN  is near expiry"
[STDERR  ] 2018-02-27T14:17:03.422525772Z: time="2018-02-27T14:17:03Z" level=warning msg="certificate with CN avi@atomicinc.com is near expiry"
[STDERR  ] 2018-02-27T14:17:03.430750330Z: time="2018-02-27T14:17:03Z" level=warning msg="certificate with CN Rolf Neugebauer is near expiry"
[STDERR  ] 2018-02-27T14:17:03.432299053Z: time="2018-02-27T14:17:03Z" level=warning msg="certificate with CN  is near expiry"
[STDERR  ] 2018-02-27T14:17:03.432458599Z: time="2018-02-27T14:17:03Z" level=warning msg="certificate with CN Ian Campbell is near expiry"
[STDERR  ] 2018-02-27T14:17:04.102601947Z: Create outputs:
[STDERR  ] 2018-02-27T14:17:08.949929299Z:   kconfig-kernel kconfig-initrd.img kconfig-cmdline
[STDERR  ] 2018-02-27T14:17:09.071433807Z: + linuxkit run kconfig
[STDERR  ] 2018-02-27T14:18:00.909968049Z: + RESULT=[    0.000000] Linux version 4.15.6-linuxkit (root@c44257df0400) (gcc version 6.4.0 (Alpine 6.4.0)) #1 SMP Mon Feb 26 14:39:59 UTC 2018
[STDERR  ] 2018-02-27T14:18:00.910055576Z: [    0.000000] Command line: console=ttyS0 console=ttyAMA0
[STDERR  ] 2018-02-27T14:18:00.910092213Z: [    0.000000] x86/fpu: x87 FPU will use FXSAVE
[STDERR  ] 2018-02-27T14:18:00.910116506Z: [    0.000000] e820: BIOS-provided physical RAM map:
[STDERR  ] 2018-02-27T14:18:00.910134961Z: [    0.000000] BIOS-e820: [mem 0x0000000000000000-0x000000000009fbff] usable
[STDERR  ] 2018-02-27T14:18:00.910153547Z: [    0.000000] BIOS-e820: [mem 0x000000000009fc00-0x000000000009ffff] reserved
[STDERR  ] 2018-02-27T14:18:00.910171796Z: [    0.000000] BIOS-e820: [mem 0x00000000000f0000-0x00000000000fffff] reserved
[STDERR  ] 2018-02-27T14:18:00.910189998Z: [    0.000000] BIOS-e820: [mem 0x0000000000100000-0x000000003ffdefff] usable
[STDERR  ] 2018-02-27T14:18:00.910207249Z: [    0.000000] BIOS-e820: [mem 0x000000003ffdf000-0x000000003fffffff] reserved
[STDERR  ] 2018-02-27T14:18:00.910223024Z: [    0.000000] BIOS-e820: [mem 0x00000000b0000000-0x00000000bfffffff] reserved
[STDERR  ] 2018-02-27T14:18:00.910238706Z: [    0.000000] BIOS-e820: [mem 0x00000000fed1c000-0x00000000fed1ffff] reserved
[STDERR  ] 2018-02-27T14:18:00.910259151Z: [    0.000000] BIOS-e820: [mem 0x00000000fffc0000-0x00000000ffffffff] reserved
[STDERR  ] 2018-02-27T14:18:00.910275903Z: [    0.000000] NX (Execute Disable) protection: active
[STDERR  ] 2018-02-27T14:18:00.910293273Z: [    0.000000] random: fast init done
[STDERR  ] 2018-02-27T14:18:00.910312325Z: [    0.000000] SMBIOS 2.8 present.
[STDERR  ] 2018-02-27T14:18:00.910327960Z: [    0.000000] DMI: QEMU Standard PC (Q35 + ICH9, 2009), BIOS rel-1.10.2-0-g5f4c7b1-prebuilt.qemu-project.org 04/01/2014
[STDERR  ] 2018-02-27T14:18:00.910347458Z: [    0.000000] e820: last_pfn = 0x3ffdf max_arch_pfn = 0x400000000
[STDERR  ] 2018-02-27T14:18:00.910364719Z: [    0.000000] x86/PAT: Configuration [0-7]: WB  WC  UC- UC  WB  WP  UC- WT  
[STDERR  ] 2018-02-27T14:18:00.910380880Z: [    0.000000] found SMP MP-table at [mem 0x000f6aa0-0x000f6aaf] mapped at [        (ptrval)]
[STDERR  ] 2018-02-27T14:18:00.910398495Z: [    0.000000] RAMDISK: [mem 0x3e68d000-0x3ffcffff]
[STDERR  ] 2018-02-27T14:18:00.910414783Z: [    0.000000] ACPI: Early table checksum verification disabled
[STDERR  ] 2018-02-27T14:18:00.910431861Z: [    0.000000] ACPI: RSDP 0x00000000000F68C0 000014 (v00 BOCHS )
[STDERR  ] 2018-02-27T14:18:00.910447845Z: [    0.000000] ACPI: RSDT 0x000000003FFE2404 000034 (v01 BOCHS  BXPCRSDT 00000001 BXPC 00000001)
[STDERR  ] 2018-02-27T14:18:00.910466724Z: [    0.000000] ACPI: FACP 0x000000003FFE22A4 000074 (v01 BOCHS  BXPCFACP 00000001 BXPC 00000001)
[STDERR  ] 2018-02-27T14:18:00.910483839Z: [    0.000000] ACPI: DSDT 0x000000003FFE0040 002264 (v01 BOCHS  BXPCDSDT 00000001 BXPC 00000001)
[STDERR  ] 2018-02-27T14:18:00.910501724Z: [    0.000000] ACPI: FACS 0x000000003FFE0000 000040
[STDERR  ] 2018-02-27T14:18:00.910517534Z: [    0.000000] ACPI: APIC 0x000000003FFE2318 000078 (v01 BOCHS  BXPCAPIC 00000001 BXPC 00000001)
[STDERR  ] 2018-02-27T14:18:00.910533838Z: [    0.000000] ACPI: HPET 0x000000003FFE2390 000038 (v01 BOCHS  BXPCHPET 00000001 BXPC 00000001)
[STDERR  ] 2018-02-27T14:18:00.910551181Z: [    0.000000] ACPI: MCFG 0x000000003FFE23C8 00003C (v01 BOCHS  BXPCMCFG 00000001 BXPC 00000001)
[STDERR  ] 2018-02-27T14:18:00.910568958Z: [    0.000000] tsc: Fast TSC calibration using PIT
[STDERR  ] 2018-02-27T14:18:00.910584640Z: [    0.000000] Zone ranges:
[STDERR  ] 2018-02-27T14:18:00.910605672Z: [    0.000000]   DMA      [mem 0x0000000000001000-0x0000000000ffffff]
[STDERR  ] 2018-02-27T14:18:00.910621603Z: [    0.000000]   DMA32    [mem 0x0000000001000000-0x000000003ffdefff]
[STDERR  ] 2018-02-27T14:18:00.910637965Z: [    0.000000]   Normal   empty
[STDERR  ] 2018-02-27T14:18:00.910655344Z: [    0.000000]   Device   empty
[STDERR  ] 2018-02-27T14:18:00.910672151Z: [    0.000000] Movable zone start for each node
[STDERR  ] 2018-02-27T14:18:00.910695525Z: [    0.000000] Early memory node ranges
[STDERR  ] 2018-02-27T14:18:00.910715100Z: [    0.000000]   node   0: [mem 0x0000000000001000-0x000000000009efff]
[STDERR  ] 2018-02-27T14:18:00.910730761Z: [    0.000000]   node   0: [mem 0x0000000000100000-0x000000003ffdefff]
[STDERR  ] 2018-02-27T14:18:00.910751677Z: [    0.000000] Initmem setup node 0 [mem 0x0000000000001000-0x000000003ffdefff]
[STDERR  ] 2018-02-27T14:18:00.910775642Z: [    0.000000] Reserved but unavailable: 98 pages
[STDERR  ] 2018-02-27T14:18:00.910791257Z: [    0.000000] ACPI: PM-Timer IO Port: 0x608
[STDERR  ] 2018-02-27T14:18:00.910806785Z: [    0.000000] ACPI: LAPIC_NMI (acpi_id[0xff] dfl dfl lint[0x1])
[STDERR  ] 2018-02-27T14:18:00.910822337Z: [    0.000000] IOAPIC[0]: apic_id 0, version 32, address 0xfec00000, GSI 0-23
[STDERR  ] 2018-02-27T14:18:00.910838177Z: [    0.000000] ACPI: INT_SRC_OVR (bus 0 bus_irq 0 global_irq 2 dfl dfl)
[STDERR  ] 2018-02-27T14:18:00.910854016Z: [    0.000000] ACPI: INT_SRC_OVR (bus 0 bus_irq 5 global_irq 5 high level)
[STDERR  ] 2018-02-27T14:18:00.910869466Z: [    0.000000] ACPI: INT_SRC_OVR (bus 0 bus_irq 9 global_irq 9 high level)
[STDERR  ] 2018-02-27T14:18:00.910891670Z: [    0.000000] ACPI: INT_SRC_OVR (bus 0 bus_irq 10 global_irq 10 high level)
[STDERR  ] 2018-02-27T14:18:00.910912989Z: [    0.000000] ACPI: INT_SRC_OVR (bus 0 bus_irq 11 global_irq 11 high level)
[STDERR  ] 2018-02-27T14:18:00.910930048Z: [    0.000000] Using ACPI (MADT) for SMP configuration information
[STDERR  ] 2018-02-27T14:18:00.910945931Z: [    0.000000] ACPI: HPET id: 0x8086a201 base: 0xfed00000
[STDERR  ] 2018-02-27T14:18:00.910962772Z: [    0.000000] smpboot: Allowing 1 CPUs, 0 hotplug CPUs
[STDERR  ] 2018-02-27T14:18:00.910979229Z: [    0.000000] e820: [mem 0x40000000-0xafffffff] available for PCI devices
[STDERR  ] 2018-02-27T14:18:00.910995046Z: [    0.000000] Booting paravirtualized kernel on bare hardware
[STDERR  ] 2018-02-27T14:18:00.911017514Z: [    0.000000] clocksource: refined-jiffies: mask: 0xffffffff max_cycles: 0xffffffff, max_idle_ns: 19112604462750000 ns
[STDERR  ] 2018-02-27T14:18:00.911033621Z: [    0.000000] setup_percpu: NR_CPUS:128 nr_cpumask_bits:128 nr_cpu_ids:1 nr_node_ids:1
[STDERR  ] 2018-02-27T14:18:00.911050483Z: [    0.000000] percpu: Embedded 44 pages/cpu @        (ptrval) s142872 r8192 d29160 u2097152
[STDERR  ] 2018-02-27T14:18:00.911068190Z: [    0.000000] Built 1 zonelists, mobility grouping on.  Total pages: 257896
[STDERR  ] 2018-02-27T14:18:00.911088446Z: [    0.000000] Kernel command line: console=ttyS0 console=ttyAMA0
[STDERR  ] 2018-02-27T14:18:00.911105121Z: [    0.000000] Dentry cache hash table entries: 131072 (order: 8, 1048576 bytes)
[STDERR  ] 2018-02-27T14:18:00.911121518Z: [    0.000000] Inode-cache hash table entries: 65536 (order: 7, 524288 bytes)
[STDERR  ] 2018-02-27T14:18:00.911137776Z: [    0.000000] Memory: 978952K/1048052K available (12300K kernel code, 1476K rwdata, 2984K rodata, 1508K init, 628K bss, 69100K reserved, 0K cma-reserved)
[STDERR  ] 2018-02-27T14:18:00.911156820Z: [    0.000000] ftrace: allocating 40996 entries in 161 pages
[STDERR  ] 2018-02-27T14:18:00.911173004Z: [    0.000000] Hierarchical RCU implementation.
[STDERR  ] 2018-02-27T14:18:00.911188768Z: [    0.000000] 	RCU restricting CPUs from NR_CPUS=128 to nr_cpu_ids=1.
[STDERR  ] 2018-02-27T14:18:00.911204364Z: [    0.000000] RCU: Adjusting geometry for rcu_fanout_leaf=16, nr_cpu_ids=1
[STDERR  ] 2018-02-27T14:18:00.911219946Z: [    0.000000] NR_IRQS: 8448, nr_irqs: 256, preallocated irqs: 16
[STDERR  ] 2018-02-27T14:18:00.911235405Z: [    0.000000] Console: colour VGA+ 80x25
[STDERR  ] 2018-02-27T14:18:00.911250978Z: [    0.000000] console [ttyS0] enabled
[STDERR  ] 2018-02-27T14:18:00.911266096Z: [    0.000000] ACPI: Core revision 20170831
[STDERR  ] 2018-02-27T14:18:00.911281155Z: [    0.000000] ACPI: 1 ACPI AML tables successfully acquired and loaded
[STDERR  ] 2018-02-27T14:18:00.911296474Z: [    0.000000] clocksource: hpet: mask: 0xffffffff max_cycles: 0xffffffff, max_idle_ns: 19112604467 ns
[STDERR  ] 2018-02-27T14:18:00.911318524Z: [    0.010000] APIC: Switch to symmetric I/O mode setup
[STDERR  ] 2018-02-27T14:18:00.911334718Z: [    0.010000] ..TIMER: vector=0x30 apic1=0 pin1=2 apic2=-1 pin2=-1
[STDERR  ] 2018-02-27T14:18:00.911354850Z: [    0.060000] tsc: Fast TSC calibration using PIT
[STDERR  ] 2018-02-27T14:18:00.911370209Z: [    0.070000] tsc: Detected 2300.059 MHz processor
[STDERR  ] 2018-02-27T14:18:00.911399634Z: [    0.070000] Calibrating delay loop (skipped), value calculated using timer frequency.. 4600.11 BogoMIPS (lpj=23000590)
[STDERR  ] 2018-02-27T14:18:00.911415959Z: [    0.070000] pid_max: default: 32768 minimum: 301
[STDERR  ] 2018-02-27T14:18:00.911431912Z: [    0.070000] Security Framework initialized
[STDERR  ] 2018-02-27T14:18:00.911447502Z: [    0.070000] Yama: becoming mindful.
[STDERR  ] 2018-02-27T14:18:00.911462957Z: [    0.070000] Mount-cache hash table entries: 2048 (order: 2, 16384 bytes)
[STDERR  ] 2018-02-27T14:18:00.911485261Z: [    0.080130] Mountpoint-cache hash table entries: 2048 (order: 2, 16384 bytes)
[STDERR  ] 2018-02-27T14:18:00.911501402Z: [    0.097543] Last level iTLB entries: 4KB 0, 2MB 0, 4MB 0
[STDERR  ] 2018-02-27T14:18:00.911516647Z: [    0.097929] Last level dTLB entries: 4KB 0, 2MB 0, 4MB 0, 1GB 0
[STDERR  ] 2018-02-27T14:18:00.911532044Z: [    0.098428] Spectre V2 : Spectre mitigation: LFENCE not serializing, switching to generic retpoline
[STDERR  ] 2018-02-27T14:18:00.911549097Z: [    0.099002] Spectre V2 : Vulnerable: Minimal generic ASM retpoline
[STDERR  ] 2018-02-27T14:18:00.911564274Z: [    0.099421] Spectre V2 : Spectre v2 mitigation: Filling RSB on context switch
[STDERR  ] 2018-02-27T14:18:00.911579570Z: [    0.392903] Freeing SMP alternatives memory: 20K
[STDERR  ] 2018-02-27T14:18:00.911594870Z: [    0.420000] smpboot: CPU0: AMD QEMU Virtual CPU version 2.5+ (family: 0x6, model: 0x6, stepping: 0x3)
[STDERR  ] 2018-02-27T14:18:00.911611474Z: [    0.420000] Performance Events: PMU not available due to virtualization, using software events only.
[STDERR  ] 2018-02-27T14:18:00.911628154Z: [    0.420292] Hierarchical SRCU implementation.
[STDERR  ] 2018-02-27T14:18:00.911643373Z: [    0.426127] NMI watchdog: Perf event create on CPU 0 failed with -2
[STDERR  ] 2018-02-27T14:18:00.911658378Z: [    0.426573] NMI watchdog: Perf NMI watchdog permanently disabled
[STDERR  ] 2018-02-27T14:18:00.911673898Z: [    0.430231] smp: Bringing up secondary CPUs ...
[STDERR  ] 2018-02-27T14:18:00.911689375Z: [    0.430589] smp: Brought up 1 node, 1 CPU
[STDERR  ] 2018-02-27T14:18:00.911704515Z: [    0.430898] smpboot: Max logical packages: 1
[STDERR  ] 2018-02-27T14:18:00.911720171Z: [    0.431235] smpboot: Total of 1 processors activated (4600.11 BogoMIPS)
[STDERR  ] 2018-02-27T14:18:00.911735658Z: [    0.444850] devtmpfs: initialized
[STDERR  ] 2018-02-27T14:18:00.911751222Z: [    0.449006] x86/mm: Memory block size: 128MB
[STDERR  ] 2018-02-27T14:18:00.911766891Z: [    0.458236] clocksource: jiffies: mask: 0xffffffff max_cycles: 0xffffffff, max_idle_ns: 19112604462750000 ns
[STDERR  ] 2018-02-27T14:18:00.911784031Z: [    0.459049] futex hash table entries: 256 (order: 2, 16384 bytes)
[STDERR  ] 2018-02-27T14:18:00.911800017Z: [    0.469538] NET: Registered protocol family 16
[STDERR  ] 2018-02-27T14:18:00.911815823Z: [    0.473295] audit: initializing netlink subsys (disabled)
[STDERR  ] 2018-02-27T14:18:00.911831466Z: [    0.478377] cpuidle: using governor ladder
[STDERR  ] 2018-02-27T14:18:00.911847333Z: [    0.478790] cpuidle: using governor menu
[STDERR  ] 2018-02-27T14:18:00.911863202Z: [    0.480535] audit: type=2000 audit(1519741033.470:1): state=initialized audit_enabled=0 res=1
[STDERR  ] 2018-02-27T14:18:00.911883530Z: [    0.481772] ACPI: bus type PCI registered
[STDERR  ] 2018-02-27T14:18:00.911899673Z: [    0.484236] PCI: MMCONFIG for domain 0000 [bus 00-ff] at [mem 0xb0000000-0xbfffffff] (base 0xb0000000)
[STDERR  ] 2018-02-27T14:18:00.911916702Z: [    0.485004] PCI: MMCONFIG at [mem 0xb0000000-0xbfffffff] reserved in E820
[STDERR  ] 2018-02-27T14:18:00.911934970Z: [    0.486028] PCI: Using configuration type 1 for base access
[STDERR  ] 2018-02-27T14:18:00.911955409Z: [    0.540638] HugeTLB registered 2.00 MiB page size, pre-allocated 0 pages
[STDERR  ] 2018-02-27T14:18:00.911976890Z: [    0.551640] ACPI: Added _OSI(Module Device)
[STDERR  ] 2018-02-27T14:18:00.911997135Z: [    0.551960] ACPI: Added _OSI(Processor Device)
[STDERR  ] 2018-02-27T14:18:00.912018329Z: [    0.552263] ACPI: Added _OSI(3.0 _SCP Extensions)
[STDERR  ] 2018-02-27T14:18:00.912033639Z: [    0.552546] ACPI: Added _OSI(Processor Aggregator Device)
[STDERR  ] 2018-02-27T14:18:00.912048120Z: [    0.626367] ACPI: Interpreter enabled
[STDERR  ] 2018-02-27T14:18:00.912063279Z: [    0.627124] ACPI: (supports S0 S5)
[STDERR  ] 2018-02-27T14:18:00.912079404Z: [    0.627453] ACPI: Using IOAPIC for interrupt routing
[STDERR  ] 2018-02-27T14:18:00.912094412Z: [    0.629116] PCI: Using host bridge windows from ACPI; if necessary, use "pci=nocrs" and report a bug
[STDERR  ] 2018-02-27T14:18:00.912111299Z: [    0.632717] ACPI: Enabled 2 GPEs in block 00 to 3F
[STDERR  ] 2018-02-27T14:18:00.912126511Z: [    0.699873] ACPI: PCI Root Bridge [PCI0] (domain 0000 [bus 00-ff])
[STDERR  ] 2018-02-27T14:18:00.912141908Z: [    0.700495] acpi PNP0A08:00: _OSC: OS supports [ExtendedConfig ASPM ClockPM Segments MSI]
[STDERR  ] 2018-02-27T14:18:00.912165772Z: [    0.705490] acpi PNP0A08:00: _OSC: OS now controls [PCIeHotplug PME PCIeCapability]
[STDERR  ] 2018-02-27T14:18:00.912183071Z: [    0.709213] PCI host bridge to bus 0000:00
[STDERR  ] 2018-02-27T14:18:00.912198095Z: [    0.710180] pci_bus 0000:00: root bus resource [io  0x0000-0x0cf7 window]
[STDERR  ] 2018-02-27T14:18:00.912213409Z: [    0.710639] pci_bus 0000:00: root bus resource [io  0x0d00-0xffff window]
[STDERR  ] 2018-02-27T14:18:00.912228776Z: [    0.711082] pci_bus 0000:00: root bus resource [mem 0x000a0000-0x000bffff window]
[STDERR  ] 2018-02-27T14:18:00.912249848Z: [    0.711557] pci_bus 0000:00: root bus resource [mem 0xc0000000-0xfebfffff window]
[STDERR  ] 2018-02-27T14:18:00.912265674Z: [    0.712137] pci_bus 0000:00: root bus resource [bus 00-ff]
[STDERR  ] 2018-02-27T14:18:00.912281596Z: [    0.814784] pci 0000:00:1f.0: quirk: [io  0x0600-0x067f] claimed by ICH6 ACPI/GPIO/TCO
[STDERR  ] 2018-02-27T14:18:00.912297713Z: [    0.871758] ACPI: PCI Interrupt Link [LNKA] (IRQs 5 *10 11)
[STDERR  ] 2018-02-27T14:18:00.912313012Z: [    0.873791] ACPI: PCI Interrupt Link [LNKB] (IRQs 5 *10 11)
[STDERR  ] 2018-02-27T14:18:00.912328492Z: [    0.875588] ACPI: PCI Interrupt Link [LNKC] (IRQs 5 10 *11)
[STDERR  ] 2018-02-27T14:18:00.912343899Z: [    0.877421] ACPI: PCI Interrupt Link [LNKD] (IRQs 5 10 *11)
[STDERR  ] 2018-02-27T14:18:00.912359427Z: [    0.879193] ACPI: PCI Interrupt Link [LNKE] (IRQs 5 *10 11)
[STDERR  ] 2018-02-27T14:18:00.912374795Z: [    0.881489] ACPI: PCI Interrupt Link [LNKF] (IRQs 5 *10 11)
[STDERR  ] 2018-02-27T14:18:00.912390510Z: [    0.883268] ACPI: PCI Interrupt Link [LNKG] (IRQs 5 10 *11)
[STDERR  ] 2018-02-27T14:18:00.912405974Z: [    0.885103] ACPI: PCI Interrupt Link [LNKH] (IRQs 5 10 *11)
[STDERR  ] 2018-02-27T14:18:00.912427766Z: [    0.885882] ACPI: PCI Interrupt Link [GSIA] (IRQs *16)
[STDERR  ] 2018-02-27T14:18:00.912443454Z: [    0.886493] ACPI: PCI Interrupt Link [GSIB] (IRQs *17)
[STDERR  ] 2018-02-27T14:18:00.912459266Z: [    0.887087] ACPI: PCI Interrupt Link [GSIC] (IRQs *18)
[STDERR  ] 2018-02-27T14:18:00.912479012Z: [    0.887716] ACPI: PCI Interrupt Link [GSID] (IRQs *19)
[STDERR  ] 2018-02-27T14:18:00.912495352Z: [    0.888301] ACPI: PCI Interrupt Link [GSIE] (IRQs *20)
[STDERR  ] 2018-02-27T14:18:00.912511759Z: [    0.888885] ACPI: PCI Interrupt Link [GSIF] (IRQs *21)
[STDERR  ] 2018-02-27T14:18:00.912527574Z: [    0.889467] ACPI: PCI Interrupt Link [GSIG] (IRQs *22)
[STDERR  ] 2018-02-27T14:18:00.912542785Z: [    0.890251] ACPI: PCI Interrupt Link [GSIH] (IRQs *23)
[STDERR  ] 2018-02-27T14:18:00.912558304Z: [    0.897416] SCSI subsystem initialized
[STDERR  ] 2018-02-27T14:18:00.912578274Z: [    0.899784] ACPI: bus type USB registered
[STDERR  ] 2018-02-27T14:18:00.912594675Z: [    0.900669] usbcore: registered new interface driver usbfs
[STDERR  ] 2018-02-27T14:18:00.912620115Z: [    0.901431] usbcore: registered new interface driver hub
[STDERR  ] 2018-02-27T14:18:00.912918648Z: [    0.902193] usbcore: registered new device driver usb
[STDERR  ] 2018-02-27T14:18:00.912953420Z: [    0.903137] pps_core: LinuxPPS API ver. 1 registered
[STDERR  ] 2018-02-27T14:18:00.913008327Z: [    0.903461] pps_core: Software ver. 5.3.6 - Copyright 2005-2007 Rodolfo Giometti <giometti@linux.it>
[STDERR  ] 2018-02-27T14:18:00.913053707Z: [    0.904155] PTP clock support registered
[STDERR  ] 2018-02-27T14:18:00.913086712Z: [    0.906273] PCI: Using ACPI for IRQ routing
[STDERR  ] 2018-02-27T14:18:00.913119905Z: [    0.924262] NetLabel: Initializing
[STDERR  ] 2018-02-27T14:18:00.913151915Z: [    0.924515] NetLabel:  domain hash size = 128
[STDERR  ] 2018-02-27T14:18:00.913184115Z: [    0.924805] NetLabel:  protocols = UNLABELED CIPSOv4 CALIPSO
[STDERR  ] 2018-02-27T14:18:00.913222247Z: [    0.926843] NetLabel:  unlabeled traffic allowed by default
[STDERR  ] 2018-02-27T14:18:00.913254554Z: [    0.928326] HPET: 3 timers in total, 0 timers will be used for per-cpu timer
[STDERR  ] 2018-02-27T14:18:00.913286356Z: [    0.929060] hpet0: at MMIO 0xfed00000, IRQs 2, 8, 0
[STDERR  ] 2018-02-27T14:18:00.913318429Z: [    0.929494] hpet0: 3 comparators, 64-bit 100.000000 MHz counter
[STDERR  ] 2018-02-27T14:18:00.913350598Z: [    0.934616] clocksource: Switched to clocksource hpet
[STDERR  ] 2018-02-27T14:18:00.913382733Z: [    1.259866] VFS: Disk quotas dquot_6.6.0
[STDERR  ] 2018-02-27T14:18:00.913415508Z: [    1.260718] VFS: Dquot-cache hash table entries: 512 (order 0, 4096 bytes)
[STDERR  ] 2018-02-27T14:18:00.913448753Z: [    1.263165] FS-Cache: Loaded
[STDERR  ] 2018-02-27T14:18:00.913488580Z: [    1.268003] CacheFiles: Loaded
[STDERR  ] 2018-02-27T14:18:00.913523725Z: [    1.268979] pnp: PnP ACPI init
[STDERR  ] 2018-02-27T14:18:00.913559109Z: [    1.280010] pnp: PnP ACPI: found 5 devices
[STDERR  ] 2018-02-27T14:18:00.913601702Z: [    1.322008] clocksource: acpi_pm: mask: 0xffffff max_cycles: 0xffffff, max_idle_ns: 2085701024 ns
[STDERR  ] 2018-02-27T14:18:00.913638233Z: [    1.324709] NET: Registered protocol family 2
[STDERR  ] 2018-02-27T14:18:00.913960359Z: [    1.331438] TCP established hash table entries: 8192 (order: 4, 65536 bytes)
[STDERR  ] 2018-02-27T14:18:00.914006155Z: [    1.332122] TCP bind hash table entries: 8192 (order: 5, 131072 bytes)
[STDERR  ] 2018-02-27T14:18:00.914023891Z: [    1.332763] TCP: Hash tables configured (established 8192 bind 8192)
[STDERR  ] 2018-02-27T14:18:00.914040608Z: [    1.335214] UDP hash table entries: 512 (order: 2, 16384 bytes)
[STDERR  ] 2018-02-27T14:18:00.914056658Z: [    1.335784] UDP-Lite hash table entries: 512 (order: 2, 16384 bytes)
[STDERR  ] 2018-02-27T14:18:00.914073259Z: [    1.338004] NET: Registered protocol family 1
[STDERR  ] 2018-02-27T14:18:00.914089435Z: [    1.338858] pci 0000:00:01.0: Video device with shadowed ROM at [mem 0x000c0000-0x000dffff]
[STDERR  ] 2018-02-27T14:18:00.914107858Z: [    1.344558] Trying to unpack rootfs image as initramfs...
[STDERR  ] 2018-02-27T14:18:00.914122693Z: [    6.204563] Freeing initrd memory: 25868K
[STDERR  ] 2018-02-27T14:18:00.914139064Z: [    6.229524] PCLMULQDQ-NI instructions are not detected.
[STDERR  ] 2018-02-27T14:18:00.914155431Z: [    6.231052] AVX or AES-NI instructions are not detected.
[STDERR  ] 2018-02-27T14:18:00.914171802Z: [    6.231474] CPU feature 'AVX registers' is not supported.
[STDERR  ] 2018-02-27T14:18:00.914187962Z: [    6.231849] CPU feature 'AVX registers' is not supported.
[STDERR  ] 2018-02-27T14:18:00.914203709Z: [    6.232229] CPU feature 'AVX registers' is not supported.
[STDERR  ] 2018-02-27T14:18:00.914219464Z: [    6.232617] CPU feature 'AVX registers' is not supported.
[STDERR  ] 2018-02-27T14:18:00.914235253Z: [    6.233039] AVX2 or AES-NI instructions are not detected.
[STDERR  ] 2018-02-27T14:18:00.914258555Z: [    6.233423] AVX2 instructions are not detected.
[STDERR  ] 2018-02-27T14:18:00.914274306Z: [    6.243901] workingset: timestamp_bits=46 max_order=18 bucket_order=0
[STDERR  ] 2018-02-27T14:18:00.914290977Z: [    6.248586] squashfs: version 4.0 (2009/01/31) Phillip Lougher
[STDERR  ] 2018-02-27T14:18:00.914311261Z: [    6.251303] FS-Cache: Netfs 'cifs' registered for caching
[STDERR  ] 2018-02-27T14:18:00.914328989Z: [    6.252170] fuse init (API version 7.26)
[STDERR  ] 2018-02-27T14:18:00.914345565Z: [    6.254203] SGI XFS with ACLs, security attributes, no debug enabled
[STDERR  ] 2018-02-27T14:18:00.914361581Z: [    6.258250] 9p: Installing v9fs 9p2000 file system support
[STDERR  ] 2018-02-27T14:18:00.914377788Z: [    6.258744] FS-Cache: Netfs '9p' registered for caching
[STDERR  ] 2018-02-27T14:18:00.914393703Z: [    6.298605] NET: Registered protocol family 38
[STDERR  ] 2018-02-27T14:18:00.914409424Z: [    6.299175] Key type asymmetric registered
[STDERR  ] 2018-02-27T14:18:00.914425020Z: [    6.299515] Asymmetric key parser 'x509' registered
[STDERR  ] 2018-02-27T14:18:00.914440637Z: [    6.301117] Block layer SCSI generic (bsg) driver version 0.4 loaded (major 248)
[STDERR  ] 2018-02-27T14:18:00.914456929Z: [    6.302477] io scheduler noop registered
[STDERR  ] 2018-02-27T14:18:00.914471740Z: [    6.302791] io scheduler deadline registered (default)
[STDERR  ] 2018-02-27T14:18:00.914487443Z: [    6.303769] io scheduler cfq registered
[STDERR  ] 2018-02-27T14:18:00.914503146Z: [    6.304065] io scheduler mq-deadline registered (default)
[STDERR  ] 2018-02-27T14:18:00.914520170Z: [    6.304421] io scheduler kyber registered
[STDERR  ] 2018-02-27T14:18:00.914537580Z: [    6.307122] shpchp: Standard Hot Plug PCI Controller Driver version: 0.4
[STDERR  ] 2018-02-27T14:18:00.914554057Z: [    6.307854] hv_vmbus: registering driver hyperv_fb
[STDERR  ] 2018-02-27T14:18:00.914570064Z: [    6.311533] input: Power Button as /devices/LNXSYSTM:00/LNXPWRBN:00/input/input0
[STDERR  ] 2018-02-27T14:18:00.914586343Z: [    6.314825] ACPI: Power Button [PWRF]
[STDERR  ] 2018-02-27T14:18:00.914603218Z: [    6.331500] ACPI: PCI Interrupt Link [GSIG] enabled at IRQ 22
[STDERR  ] 2018-02-27T14:18:00.914618532Z: [    6.343356] ACPI: PCI Interrupt Link [GSIH] enabled at IRQ 23
[STDERR  ] 2018-02-27T14:18:00.914635114Z: [    6.348174] Serial: 8250/16550 driver, 4 ports, IRQ sharing disabled
[STDERR  ] 2018-02-27T14:18:00.914651882Z: [    6.374322] 00:04: ttyS0 at I/O 0x3f8 (irq = 4, base_baud = 115200) is a 16550A
[STDERR  ] 2018-02-27T14:18:00.914669401Z: [    6.383372] Non-volatile memory driver v1.3
[STDERR  ] 2018-02-27T14:18:00.914685864Z: [    6.389096] Hangcheck: starting hangcheck timer 0.9.1 (tick is 180 seconds, margin is 60 seconds).
[STDERR  ] 2018-02-27T14:18:00.914702439Z: [    6.401221] random: crng init done
[STDERR  ] 2018-02-27T14:18:00.914717863Z: [    6.450693] brd: module loaded
[STDERR  ] 2018-02-27T14:18:00.914734196Z: [    6.481762] loop: module loaded
[STDERR  ] 2018-02-27T14:18:00.914751103Z: [    6.548879] lpc_ich 0000:00:1f.0: I/O space for GPIO uninitialized
[STDERR  ] 2018-02-27T14:18:00.914767289Z: [    6.552050] VMware PVSCSI driver - version 1.0.7.0-k
[STDERR  ] 2018-02-27T14:18:00.914783345Z: [    6.552874] hv_vmbus: registering driver hv_storvsc
[STDERR  ] 2018-02-27T14:18:00.914799972Z: [    6.564120] ACPI: PCI Interrupt Link [GSIA] enabled at IRQ 16
[STDERR  ] 2018-02-27T14:18:00.914816623Z: [    6.570000] ahci 0000:00:1f.2: AHCI 0001.0000 32 slots 6 ports 1.5 Gbps 0x3f impl SATA mode
[STDERR  ] 2018-02-27T14:18:00.914833633Z: [    6.570879] ahci 0000:00:1f.2: flags: 64bit ncq only 
[STDERR  ] 2018-02-27T14:18:00.914849828Z: [    6.586661] scsi host0: ahci
[STDERR  ] 2018-02-27T14:18:00.914866351Z: [    6.589648] scsi host1: ahci
[STDERR  ] 2018-02-27T14:18:00.914882425Z: [    6.591636] scsi host2: ahci
[STDERR  ] 2018-02-27T14:18:00.914899188Z: [    6.593419] scsi host3: ahci
[STDERR  ] 2018-02-27T14:18:00.914920558Z: [    6.595267] scsi host4: ahci
[STDERR  ] 2018-02-27T14:18:00.914937419Z: [    6.597024] scsi host5: ahci
[STDERR  ] 2018-02-27T14:18:00.914953960Z: [    6.598247] ata1: SATA max UDMA/133 abar m4096@0xfebd2000 port 0xfebd2100 irq 24
[STDERR  ] 2018-02-27T14:18:00.914970826Z: [    6.598769] ata2: SATA max UDMA/133 abar m4096@0xfebd2000 port 0xfebd2180 irq 24
[STDERR  ] 2018-02-27T14:18:00.914993052Z: [    6.599234] ata3: SATA max UDMA/133 abar m4096@0xfebd2000 port 0xfebd2200 irq 24
[STDERR  ] 2018-02-27T14:18:00.915009959Z: [    6.599689] ata4: SATA max UDMA/133 abar m4096@0xfebd2000 port 0xfebd2280 irq 24
[STDERR  ] 2018-02-27T14:18:00.915027075Z: [    6.600323] ata5: SATA max UDMA/133 abar m4096@0xfebd2000 port 0xfebd2300 irq 24
[STDERR  ] 2018-02-27T14:18:00.915044505Z: [    6.600782] ata6: SATA max UDMA/133 abar m4096@0xfebd2000 port 0xfebd2380 irq 24
[STDERR  ] 2018-02-27T14:18:00.915061426Z: [    6.612097] tun: Universal TUN/TAP device driver, 1.6
[STDERR  ] 2018-02-27T14:18:00.915085244Z: [    6.623310] VMware vmxnet3 virtual NIC driver - version 1.4.a.0-k-NAPI
[STDERR  ] 2018-02-27T14:18:00.915107049Z: [    6.624029] hv_vmbus: registering driver hv_netvsc
[STDERR  ] 2018-02-27T14:18:00.915123783Z: [    6.624377] Fusion MPT base driver 3.04.20
[STDERR  ] 2018-02-27T14:18:00.915140931Z: [    6.624641] Copyright (c) 1999-2008 LSI Corporation
[STDERR  ] 2018-02-27T14:18:00.915158027Z: [    6.625132] Fusion MPT SPI Host driver 3.04.20
[STDERR  ] 2018-02-27T14:18:00.915174539Z: [    6.627007] i8042: PNP: PS/2 Controller [PNP0303:KBD,PNP0f13:MOU] at 0x60,0x64 irq 1,12
[STDERR  ] 2018-02-27T14:18:00.915191571Z: [    6.631099] serio: i8042 KBD port at 0x60,0x64 irq 1
[STDERR  ] 2018-02-27T14:18:00.915208424Z: [    6.631685] serio: i8042 AUX port at 0x60,0x64 irq 12
[STDERR  ] 2018-02-27T14:18:00.915226178Z: [    6.634066] hv_vmbus: registering driver hyperv_keyboard
[STDERR  ] 2018-02-27T14:18:00.915243390Z: [    6.635813] mousedev: PS/2 mouse device common for all mice
[STDERR  ] 2018-02-27T14:18:00.915259886Z: [    6.639950] input: AT Translated Set 2 keyboard as /devices/platform/i8042/serio0/input/input1
[STDERR  ] 2018-02-27T14:18:00.915277389Z: [    6.641726] input: PC Speaker as /devices/platform/pcspkr/input/input2
[STDERR  ] 2018-02-27T14:18:00.915294962Z: [    6.646097] rtc_cmos 00:00: RTC can wake from S4
[STDERR  ] 2018-02-27T14:18:00.915311377Z: [    6.648852] rtc_cmos 00:00: rtc core: registered rtc_cmos as rtc0
[STDERR  ] 2018-02-27T14:18:00.915328383Z: [    6.649940] rtc_cmos 00:00: alarms up to one day, y3k, 114 bytes nvram, hpet irqs
[STDERR  ] 2018-02-27T14:18:00.915344982Z: [    6.650920] i2c /dev entries driver
[STDERR  ] 2018-02-27T14:18:00.915361544Z: [    6.652578] device-mapper: ioctl: 4.37.0-ioctl (2017-09-20) initialised: dm-devel@redhat.com
[STDERR  ] 2018-02-27T14:18:00.915379333Z: [    6.656654] usbcore: registered new interface driver usbhid
[STDERR  ] 2018-02-27T14:18:00.915396618Z: [    6.657041] usbhid: USB HID core driver
[STDERR  ] 2018-02-27T14:18:00.915414059Z: [    6.657710] hv_utils: Registering HyperV Utility Driver
[STDERR  ] 2018-02-27T14:18:00.915430993Z: [    6.658055] hv_vmbus: registering driver hv_util
[STDERR  ] 2018-02-27T14:18:00.915447730Z: [    6.658365] hv_vmbus: registering driver hv_balloon
[STDERR  ] 2018-02-27T14:18:00.915465458Z: [    6.658843] oprofile: using NMI interrupt.
[STDERR  ] 2018-02-27T14:18:00.915481907Z: [    6.659860] GACT probability on
[STDERR  ] 2018-02-27T14:18:00.915498355Z: [    6.660476] Mirror/redirect action on
[STDERR  ] 2018-02-27T14:18:00.915515503Z: [    6.661103] Simple TC action Loaded
[STDERR  ] 2018-02-27T14:18:00.915532434Z: [    6.661560] u32 classifier
[STDERR  ] 2018-02-27T14:18:00.915549490Z: [    6.661758]     Performance counters on
[STDERR  ] 2018-02-27T14:18:00.915566243Z: [    6.662010]     input device check on
[STDERR  ] 2018-02-27T14:18:00.915583109Z: [    6.662254]     Actions configured
[STDERR  ] 2018-02-27T14:18:00.915600836Z: [    6.662903] Netfilter messages via NETLINK v0.30.
[STDERR  ] 2018-02-27T14:18:00.915623838Z: [    6.663397] nfnl_acct: registering with nfnetlink.
[STDERR  ] 2018-02-27T14:18:00.915641816Z: [    6.664543] nf_conntrack version 0.5.0 (8192 buckets, 32768 max)
[STDERR  ] 2018-02-27T14:18:00.915658261Z: [    6.666693] ctnetlink v0.93: registering with nfnetlink.
[STDERR  ] 2018-02-27T14:18:00.915679875Z: [    6.669507] nf_tables: (c) 2007-2009 Patrick McHardy <kaber@trash.net>
[STDERR  ] 2018-02-27T14:18:00.915697034Z: [    6.670609] nf_tables_compat: (c) 2012 Pablo Neira Ayuso <pablo@netfilter.org>
[STDERR  ] 2018-02-27T14:18:00.915714116Z: [    6.672824] xt_time: kernel timezone is -0000
[STDERR  ] 2018-02-27T14:18:00.915730713Z: [    6.673349] ip_set: protocol 6
[STDERR  ] 2018-02-27T14:18:00.915747839Z: [    6.673996] IPVS: Registered protocols (TCP, UDP, SCTP, AH, ESP)
[STDERR  ] 2018-02-27T14:18:00.915764516Z: [    6.674580] IPVS: Connection hash table configured (size=4096, memory=64Kbytes)
[STDERR  ] 2018-02-27T14:18:00.915789719Z: [    6.678444] IPVS: ipvs loaded.
[STDERR  ] 2018-02-27T14:18:00.915808349Z: [    6.678781] IPVS: [rr] scheduler registered.
[STDERR  ] 2018-02-27T14:18:00.915824754Z: [    6.679099] IPVS: [wrr] scheduler registered.
[STDERR  ] 2018-02-27T14:18:00.915840598Z: [    6.679394] IPVS: [lc] scheduler registered.
[STDERR  ] 2018-02-27T14:18:00.915859253Z: [    6.679677] IPVS: [wlc] scheduler registered.
[STDERR  ] 2018-02-27T14:18:00.915876168Z: [    6.679971] IPVS: [fo] scheduler registered.
[STDERR  ] 2018-02-27T14:18:00.915893294Z: [    6.680574] IPVS: [ovf] scheduler registered.
[STDERR  ] 2018-02-27T14:18:00.915910746Z: [    6.681015] IPVS: [lblc] scheduler registered.
[STDERR  ] 2018-02-27T14:18:00.915927668Z: [    6.681404] IPVS: [lblcr] scheduler registered.
[STDERR  ] 2018-02-27T14:18:00.915944337Z: [    6.681722] IPVS: [dh] scheduler registered.
[STDERR  ] 2018-02-27T14:18:00.915961123Z: [    6.682012] IPVS: [sh] scheduler registered.
[STDERR  ] 2018-02-27T14:18:00.915977920Z: [    6.682305] IPVS: [sed] scheduler registered.
[STDERR  ] 2018-02-27T14:18:00.915997417Z: [    6.682599] IPVS: [nq] scheduler registered.
[STDERR  ] 2018-02-27T14:18:00.916015211Z: [    6.683311] IPVS: ftp: loaded support on port[0] = 21
[STDERR  ] 2018-02-27T14:18:00.916032690Z: [    6.684105] ipip: IPv4 and MPLS over IPv4 tunneling driver
[STDERR  ] 2018-02-27T14:18:00.916049917Z: [    6.687514] gre: GRE over IPv4 demultiplexor driver
[STDERR  ] 2018-02-27T14:18:00.916067674Z: [    6.689997] ip_tables: (C) 2000-2006 Netfilter Core Team
[STDERR  ] 2018-02-27T14:18:00.916085354Z: [    6.693920] ipt_CLUSTERIP: ClusterIP Version 0.8 loaded successfully
[STDERR  ] 2018-02-27T14:18:00.916103039Z: [    6.694494] arp_tables: arp_tables: (C) 2002 David S. Miller
[STDERR  ] 2018-02-27T14:18:00.916119730Z: [    6.696576] NET: Registered protocol family 10
[STDERR  ] 2018-02-27T14:18:00.916136697Z: [    6.705452] Segment Routing with IPv6
[STDERR  ] 2018-02-27T14:18:00.916160801Z: [    6.706305] ip6_tables: (C) 2000-2006 Netfilter Core Team
[STDERR  ] 2018-02-27T14:18:00.916179933Z: [    6.713833] NET: Registered protocol family 17
[STDERR  ] 2018-02-27T14:18:00.916197522Z: [    6.714792] Bridge firewalling registered
[STDERR  ] 2018-02-27T14:18:00.916214396Z: [    6.715268] Ebtables v2.0 registered
[STDERR  ] 2018-02-27T14:18:00.916231095Z: [    6.717135] 8021q: 802.1Q VLAN Support v1.8
[STDERR  ] 2018-02-27T14:18:00.916248159Z: [    6.718480] 9pnet: Installing 9P2000 support
[STDERR  ] 2018-02-27T14:18:00.916265711Z: [    6.719823] Key type dns_resolver registered
[STDERR  ] 2018-02-27T14:18:00.916282444Z: [    6.721472] sched_clock: Marking stable (6720205170, 0)->(6773906189, -53701019)
[STDERR  ] 2018-02-27T14:18:00.916299012Z: [    6.724715] registered taskstats version 1
[STDERR  ] 2018-02-27T14:18:00.916314718Z: [    6.933427] ata2: SATA link down (SStatus 0 SControl 300)
[STDERR  ] 2018-02-27T14:18:00.916330651Z: [    6.935288] ata1: SATA link down (SStatus 0 SControl 300)
[STDERR  ] 2018-02-27T14:18:00.916353500Z: [    6.939857] Key type big_key registered
[STDERR  ] 2018-02-27T14:18:00.916376523Z: [    6.942880] ata5: SATA link down (SStatus 0 SControl 300)
[STDERR  ] 2018-02-27T14:18:00.916393827Z: [    6.943513] ata4: SATA link down (SStatus 0 SControl 300)
[STDERR  ] 2018-02-27T14:18:00.916410389Z: [    6.944268] ata3: SATA link up 1.5 Gbps (SStatus 113 SControl 300)
[STDERR  ] 2018-02-27T14:18:00.916433965Z: [    6.947691] ata3.00: ATAPI: QEMU DVD-ROM, 2.5+, max UDMA/100
[STDERR  ] 2018-02-27T14:18:00.916452073Z: [    6.948206] ata3.00: applying bridge limits
[STDERR  ] 2018-02-27T14:18:00.916470073Z: [    6.949965] ata3.00: configured for UDMA/100
[STDERR  ] 2018-02-27T14:18:00.916486787Z: [    6.954726] ata6: SATA link down (SStatus 0 SControl 300)
[STDERR  ] 2018-02-27T14:18:00.916504193Z: [    6.966366] scsi 2:0:0:0: CD-ROM            QEMU     QEMU DVD-ROM     2.5+ PQ: 0 ANSI: 5
[STDERR  ] 2018-02-27T14:18:00.916522302Z: [    7.022958] sr 2:0:0:0: [sr0] scsi3-mmc drive: 4x/4x cd/rw xa/form2 tray
[STDERR  ] 2018-02-27T14:18:00.916544451Z: [    7.023626] cdrom: Uniform CD-ROM driver Revision: 3.20
[STDERR  ] 2018-02-27T14:18:00.916562573Z: [    7.033948] sr 2:0:0:0: Attached scsi generic sg0 type 5
[STDERR  ] 2018-02-27T14:18:00.916579532Z: [    7.048099] Key type encrypted registered
[STDERR  ] 2018-02-27T14:18:00.916596008Z: [    7.052679] rtc_cmos 00:00: setting system clock to 2018-02-27 14:17:20 UTC (1519741040)
[STDERR  ] 2018-02-27T14:18:00.916613114Z: [    7.241269] Freeing unused kernel memory: 1508K
[STDERR  ] 2018-02-27T14:18:00.916629459Z: [    7.241665] Write protecting the kernel read-only data: 18432k
[STDERR  ] 2018-02-27T14:18:00.916647393Z: [    7.258321] Freeing unused kernel memory: 2024K
[STDERR  ] 2018-02-27T14:18:00.916663744Z: [    7.341152] Freeing unused kernel memory: 1112K
[STDERR  ] 2018-02-27T14:18:00.916679811Z: [    7.341729] tsc: Refined TSC clocksource calibration: 2300.048 MHz
[STDERR  ] 2018-02-27T14:18:00.916698568Z: [    7.342241] clocksource: tsc: mask: 0xffffffffffffffff max_cycles: 0x2127627c0d2, max_idle_ns: 440795312232 ns
[STDERR  ] 2018-02-27T14:18:00.916715603Z: [    8.357986] clocksource: Switched to clocksource tsc
[STDERR  ] 2018-02-27T14:18:00.916732150Z: 
[STDERR  ] 2018-02-27T14:18:00.916747287Z: Welcome to LinuxKit
[STDERR  ] 2018-02-27T14:18:00.916761970Z: 
[STDERR  ] 2018-02-27T14:18:00.916776938Z:                         ##         .
[STDERR  ] 2018-02-27T14:18:00.916793387Z:                   ## ## ##        ==
[STDERR  ] 2018-02-27T14:18:00.916810197Z:                ## ## ## ## ##    ===
[STDERR  ] 2018-02-27T14:18:00.916826376Z:            /"""""""""""""""""\___/ ===
[STDERR  ] 2018-02-27T14:18:00.916842891Z:           {                       /  ===-
[STDERR  ] 2018-02-27T14:18:00.916858960Z:            \______ O           __/
[STDERR  ] 2018-02-27T14:18:00.916874581Z:              \    \         __/
[STDERR  ] 2018-02-27T14:18:00.916891238Z:               \____\_______/
[STDERR  ] 2018-02-27T14:18:00.916908125Z: 
[STDERR  ] 2018-02-27T14:18:00.916924023Z: starting kernel config sanity test with /proc/config.gz
[STDERR  ] 2018-02-27T14:18:00.916954053Z: [   25.393156] RPC: Registered named UNIX socket transport module.
[STDERR  ] 2018-02-27T14:18:00.916982936Z: [   25.393636] RPC: Registered udp transport module.
[STDERR  ] 2018-02-27T14:18:00.917010097Z: [   25.393956] RPC: Registered tcp transport module.
[STDERR  ] 2018-02-27T14:18:00.917040282Z: [   25.394266] RPC: Registered tcp NFSv4.1 backchannel transport module.
[STDERR  ] 2018-02-27T14:18:00.917070355Z: [   25.529406] FS-Cache: Netfs 'nfs' registered for caching
[STDERR  ] 2018-02-27T14:18:00.917091357Z: [   25.670652] Installing knfsd (copyright (C) 1996 okir@monad.swb.de).
[STDERR  ] 2018-02-27T14:18:00.917107527Z: [   25.736697] ntfs: driver 2.1.32 [Flags: R/O MODULE].
[STDERR  ] 2018-02-27T14:18:00.917123846Z: kernel config test succeeded!
[STDERR  ] 2018-02-27T14:18:00.917140212Z: [37minfo: reading kernel config from /proc/config.gz ...[m
[STDERR  ] 2018-02-27T14:18:00.917156473Z: 
[STDERR  ] 2018-02-27T14:18:00.917172081Z: Generally Necessary:
[STDERR  ] 2018-02-27T14:18:00.917193719Z: - [37mcgroup hierarchy[m: [32mproperly mounted[m [/sys/fs/cgroup]
[STDERR  ] 2018-02-27T14:18:00.917210122Z: - [37mCONFIG_NAMESPACES[m: [32menabled[m
[STDERR  ] 2018-02-27T14:18:00.917228621Z: - [37mCONFIG_NET_NS[m: [32menabled[m
[STDERR  ] 2018-02-27T14:18:00.917244284Z: - [37mCONFIG_PID_NS[m: [32menabled[m
[STDERR  ] 2018-02-27T14:18:00.917267550Z: - [37mCONFIG_IPC_NS[m: [32menabled[m
[STDERR  ] 2018-02-27T14:18:00.917282861Z: - [37mCONFIG_UTS_NS[m: [32menabled[m
[STDERR  ] 2018-02-27T14:18:00.917298347Z: - [37mCONFIG_CGROUPS[m: [32menabled[m
[STDERR  ] 2018-02-27T14:18:00.917312375Z: - [37mCONFIG_CGROUP_CPUACCT[m: [32menabled[m
[STDERR  ] 2018-02-27T14:18:00.917327355Z: - [37mCONFIG_CGROUP_DEVICE[m: [32menabled[m
[STDERR  ] 2018-02-27T14:18:00.917343039Z: - [37mCONFIG_CGROUP_FREEZER[m: [32menabled[m
[STDERR  ] 2018-02-27T14:18:00.917358671Z: - [37mCONFIG_CGROUP_SCHED[m: [32menabled[m
[STDERR  ] 2018-02-27T14:18:00.917412367Z: - [37mCONFIG_CPUSETS[m: [32menabled[m
[STDERR  ] 2018-02-27T14:18:00.917427610Z: - [37mCONFIG_MEMCG[m: [32menabled[m
[STDERR  ] 2018-02-27T14:18:00.917442378Z: - [37mCONFIG_KEYS[m: [32menabled[m
[STDERR  ] 2018-02-27T14:18:00.917456113Z: - [37mCONFIG_VETH[m: [32menabled[m
[STDERR  ] 2018-02-27T14:18:00.917472158Z: - [37mCONFIG_BRIDGE[m: [32menabled[m
[STDERR  ] 2018-02-27T14:18:00.917487838Z: - [37mCONFIG_BRIDGE_NETFILTER[m: [32menabled[m
[STDERR  ] 2018-02-27T14:18:00.917502341Z: - [37mCONFIG_NF_NAT_IPV4[m: [32menabled[m
[STDERR  ] 2018-02-27T14:18:00.917519343Z: - [37mCONFIG_IP_NF_FILTER[m: [32menabled[m
[STDERR  ] 2018-02-27T14:18:00.917535393Z: - [37mCONFIG_IP_NF_TARGET_MASQUERADE[m: [32menabled[m
[STDERR  ] 2018-02-27T14:18:00.917551288Z: - [37mCONFIG_NETFILTER_XT_MATCH_ADDRTYPE[m: [32menabled[m
[STDERR  ] 2018-02-27T14:18:00.917568283Z: - [37mCONFIG_NETFILTER_XT_MATCH_CONNTRACK[m: [32menabled[m
[STDERR  ] 2018-02-27T14:18:00.917584292Z: - [37mCONFIG_NETFILTER_XT_MATCH_IPVS[m: [32menabled[m
[STDERR  ] 2018-02-27T14:18:00.917600166Z: - [37mCONFIG_IP_NF_NAT[m: [32menabled[m
[STDERR  ] 2018-02-27T14:18:00.917615986Z: - [37mCONFIG_NF_NAT[m: [32menabled[m
[STDERR  ] 2018-02-27T14:18:00.917632367Z: - [37mCONFIG_NF_NAT_NEEDED[m: [32menabled[m
[STDERR  ] 2018-02-27T14:18:00.917648264Z: - [37mCONFIG_POSIX_MQUEUE[m: [32menabled[m
[STDERR  ] 2018-02-27T14:18:00.917664079Z: 
[STDERR  ] 2018-02-27T14:18:00.917680140Z: Optional Features:
[STDERR  ] 2018-02-27T14:18:00.917695353Z: - [37mCONFIG_USER_NS[m: [32menabled[m
[STDERR  ] 2018-02-27T14:18:00.917710647Z: - [37mCONFIG_SECCOMP[m: [32menabled[m
[STDERR  ] 2018-02-27T14:18:00.917725340Z: - [37mCONFIG_CGROUP_PIDS[m: [32menabled[m
[STDERR  ] 2018-02-27T14:18:00.917739134Z: - [37mCONFIG_MEMCG_SWAP[m: [32menabled[m
[STDERR  ] 2018-02-27T14:18:00.917752740Z: - [37mCONFIG_MEMCG_SWAP_ENABLED[m: [32menabled[m
[STDERR  ] 2018-02-27T14:18:00.917768062Z:     [1;30m(cgroup swap accounting is currently enabled)[m
[STDERR  ] 2018-02-27T14:18:00.917784258Z: - [1mCONFIG_LEGACY_VSYSCALL_NONE[m: [1;31menabled[m
[STDERR  ] 2018-02-27T14:18:00.917800519Z:     [1;30m(containers using eglibc <= 2.13 will not work. Switch to[m
[STDERR  ] 2018-02-27T14:18:00.917826235Z:     [1;30m "CONFIG_VSYSCALL_[NATIVE|EMULATE]" or use "vsyscall=[native|emulate]"[m
[STDERR  ] 2018-02-27T14:18:00.917843205Z:     [1;30m on kernel command line. Note that this will disable ASLR for the,[m
[STDERR  ] 2018-02-27T14:18:00.917861078Z:     [1;30m VDSO which may assist in exploiting security vulnerabilities.)[m
[STDERR  ] 2018-02-27T14:18:00.917878017Z: - [37mCONFIG_BLK_CGROUP[m: [32menabled[m
[STDERR  ] 2018-02-27T14:18:00.917894324Z: - [37mCONFIG_BLK_DEV_THROTTLING[m: [32menabled[m
[STDERR  ] 2018-02-27T14:18:00.917910023Z: - [37mCONFIG_IOSCHED_CFQ[m: [32menabled[m
[STDERR  ] 2018-02-27T14:18:00.917925805Z: - [37mCONFIG_CFQ_GROUP_IOSCHED[m: [32menabled[m
[STDERR  ] 2018-02-27T14:18:00.917944567Z: - [37mCONFIG_CGROUP_PERF[m: [32menabled[m
[STDERR  ] 2018-02-27T14:18:00.917968307Z: - [37mCONFIG_CGROUP_HUGETLB[m: [32menabled[m
[STDERR  ] 2018-02-27T14:18:00.917984750Z: - [37mCONFIG_NET_CLS_CGROUP[m: [32menabled[m
[STDERR  ] 2018-02-27T14:18:00.918000030Z: - [37mCONFIG_CGROUP_NET_PRIO[m: [32menabled[m
[STDERR  ] 2018-02-27T14:18:00.918020601Z: - [37mCONFIG_CFS_BANDWIDTH[m: [32menabled[m
[STDERR  ] 2018-02-27T14:18:00.918036128Z: - [37mCONFIG_FAIR_GROUP_SCHED[m: [32menabled[m
[STDERR  ] 2018-02-27T14:18:00.918051666Z: - [37mCONFIG_RT_GROUP_SCHED[m: [32menabled[m
[STDERR  ] 2018-02-27T14:18:00.918066686Z: - [37mCONFIG_IP_VS[m: [32menabled[m
[STDERR  ] 2018-02-27T14:18:00.918082374Z: - [37mCONFIG_IP_VS_NFCT[m: [32menabled[m
[STDERR  ] 2018-02-27T14:18:00.918097918Z: - [37mCONFIG_IP_VS_RR[m: [32menabled[m
[STDERR  ] 2018-02-27T14:18:00.918113545Z: - [37mCONFIG_EXT4_FS[m: [32menabled[m
[STDERR  ] 2018-02-27T14:18:00.918129027Z: - [37mCONFIG_EXT4_FS_POSIX_ACL[m: [32menabled[m
[STDERR  ] 2018-02-27T14:18:00.918144419Z: - [37mCONFIG_EXT4_FS_SECURITY[m: [32menabled[m
[STDERR  ] 2018-02-27T14:18:00.918159817Z: - Network Drivers:
[STDERR  ] 2018-02-27T14:18:00.918175320Z:   - "[34moverlay[m":
[STDERR  ] 2018-02-27T14:18:00.918192454Z:     - [37mCONFIG_VXLAN[m: [32menabled[m
[STDERR  ] 2018-02-27T14:18:00.918207327Z:       Optional (for encrypted networks):
[STDERR  ] 2018-02-27T14:18:00.918227091Z:       - [37mCONFIG_CRYPTO[m: [32menabled[m
[STDERR  ] 2018-02-27T14:18:00.918242592Z:       - [37mCONFIG_CRYPTO_AEAD[m: [32menabled[m
[STDERR  ] 2018-02-27T14:18:00.918258258Z:       - [37mCONFIG_CRYPTO_GCM[m: [32menabled[m
[STDERR  ] 2018-02-27T14:18:00.918272225Z:       - [37mCONFIG_CRYPTO_SEQIV[m: [32menabled[m
[STDERR  ] 2018-02-27T14:18:00.918287528Z:       - [37mCONFIG_CRYPTO_GHASH[m: [32menabled[m
[STDERR  ] 2018-02-27T14:18:00.918303022Z:       - [37mCONFIG_XFRM[m: [32menabled[m
[STDERR  ] 2018-02-27T14:18:00.918318892Z:       - [37mCONFIG_XFRM_USER[m: [32menabled (as module)[m
[STDERR  ] 2018-02-27T14:18:00.918334107Z:       - [37mCONFIG_XFRM_ALGO[m: [32menabled (as module)[m
[STDERR  ] 2018-02-27T14:18:00.918349622Z:       - [37mCONFIG_INET_ESP[m: [32menabled (as module)[m
[STDERR  ] 2018-02-27T14:18:00.918364973Z:       - [37mCONFIG_INET_XFRM_MODE_TRANSPORT[m: [32menabled (as module)[m
[STDERR  ] 2018-02-27T14:18:00.918381988Z:   - "[34mipvlan[m":
[STDERR  ] 2018-02-27T14:18:00.918399257Z:     - [37mCONFIG_IPVLAN[m: [32menabled[m
[STDERR  ] 2018-02-27T14:18:00.918415208Z:   - "[34mmacvlan[m":
[STDERR  ] 2018-02-27T14:18:00.918431665Z:     - [37mCONFIG_MACVLAN[m: [32menabled[m
[STDERR  ] 2018-02-27T14:18:00.918446596Z:     - [37mCONFIG_DUMMY[m: [32menabled (as module)[m
[STDERR  ] 2018-02-27T14:18:00.918464874Z:   - "[34mftp,tftp client in container[m":
[STDERR  ] 2018-02-27T14:18:00.918480919Z:     - [37mCONFIG_NF_NAT_FTP[m: [32menabled[m
[STDERR  ] 2018-02-27T14:18:00.918496334Z:     - [37mCONFIG_NF_CONNTRACK_FTP[m: [32menabled[m
[STDERR  ] 2018-02-27T14:18:00.918512835Z:     - [37mCONFIG_NF_NAT_TFTP[m: [32menabled[m
[STDERR  ] 2018-02-27T14:18:00.918528315Z:     - [37mCONFIG_NF_CONNTRACK_TFTP[m: [32menabled[m
[STDERR  ] 2018-02-27T14:18:00.918546176Z: - Storage Drivers:
[STDERR  ] 2018-02-27T14:18:00.918562683Z:   - "[34maufs[m":
[STDERR  ] 2018-02-27T14:18:00.918578818Z:     - [1mCONFIG_AUFS_FS[m: [1;31mmissing[m
[STDERR  ] 2018-02-27T14:18:00.918594467Z:   - "[34mbtrfs[m":
[STDERR  ] 2018-02-27T14:18:00.918610416Z:     - [37mCONFIG_BTRFS_FS[m: [32menabled (as module)[m
[STDERR  ] 2018-02-27T14:18:00.918625525Z:     - [37mCONFIG_BTRFS_FS_POSIX_ACL[m: [32menabled[m
[STDERR  ] 2018-02-27T14:18:00.918641352Z:   - "[34mdevicemapper[m":
[STDERR  ] 2018-02-27T14:18:00.918657387Z:     - [37mCONFIG_BLK_DEV_DM[m: [32menabled[m
[STDERR  ] 2018-02-27T14:18:00.918673491Z:     - [37mCONFIG_DM_THIN_PROVISIONING[m: [32menabled[m
[STDERR  ] 2018-02-27T14:18:00.918689474Z:   - "[34moverlay[m":
[STDERR  ] 2018-02-27T14:18:00.918713975Z:     - [37mCONFIG_OVERLAY_FS[m: [32menabled[m
[STDERR  ] 2018-02-27T14:18:00.918735196Z:   - "[34mzfs[m":
[STDERR  ] 2018-02-27T14:18:00.918751881Z:     - [1m/dev/zfs[m: [1;31mmissing[m
[STDERR  ] 2018-02-27T14:18:00.918767275Z:     - [1mzfs command[m: [1;31mmissing[m
[STDERR  ] 2018-02-27T14:18:00.918791594Z:     - [1mzpool command[m: [1;31mmissing[m
[STDERR  ] 2018-02-27T14:18:00.918806944Z: 
[STDERR  ] 2018-02-27T14:18:00.918823819Z: Limits:
[STDERR  ] 2018-02-27T14:18:00.918840722Z: [37m- /proc/sys/kernel/keys/root_maxkeys[m: [32m1000000[m
[STDERR  ] 2018-02-27T14:18:00.918856778Z: 
[STDERR  ] 2018-02-27T14:18:00.918872727Z: Kernel config test suite PASSED
[STDERR  ] 2018-02-27T14:18:00.918889082Z: [   46.713029] ACPI: Preparing to enter system sleep state S5
[STDERR  ] 2018-02-27T14:18:00.918905045Z: [   46.717382] reboot: Power down
[STDERR  ] 2018-02-27T14:18:00.918921020Z: + grep -q suite PASSED
[STDERR  ] 2018-02-27T14:18:00.920011648Z: + echo [    0.000000] Linux version 4.15.6-linuxkit (root@c44257df0400) (gcc version 6.4.0 (Alpine 6.4.0)) #1 SMP Mon Feb 26 14:39:59 UTC 2018
[STDERR  ] 2018-02-27T14:18:00.920038339Z: [    0.000000] Command line: console=ttyS0 console=ttyAMA0
[STDERR  ] 2018-02-27T14:18:00.920048516Z: [    0.000000] x86/fpu: x87 FPU will use FXSAVE
[STDERR  ] 2018-02-27T14:18:00.920063727Z: [    0.000000] e820: BIOS-provided physical RAM map:
[STDERR  ] 2018-02-27T14:18:00.920080476Z: [    0.000000] BIOS-e820: [mem 0x0000000000000000-0x000000000009fbff] usable
[STDERR  ] 2018-02-27T14:18:00.920099035Z: [    0.000000] BIOS-e820: [mem 0x000000000009fc00-0x000000000009ffff] reserved
[STDERR  ] 2018-02-27T14:18:00.920110006Z: [    0.000000] BIOS-e820: [mem 0x00000000000f0000-0x00000000000fffff] reserved
[STDERR  ] 2018-02-27T14:18:00.920119307Z: [    0.000000] BIOS-e820: [mem 0x0000000000100000-0x000000003ffdefff] usable
[STDERR  ] 2018-02-27T14:18:00.920128374Z: [    0.000000] BIOS-e820: [mem 0x000000003ffdf000-0x000000003fffffff] reserved
[STDERR  ] 2018-02-27T14:18:00.920140814Z: [    0.000000] BIOS-e820: [mem 0x00000000b0000000-0x00000000bfffffff] reserved
[STDERR  ] 2018-02-27T14:18:00.920150596Z: [    0.000000] BIOS-e820: [mem 0x00000000fed1c000-0x00000000fed1ffff] reserved
[STDERR  ] 2018-02-27T14:18:00.920159735Z: [    0.000000] BIOS-e820: [mem 0x00000000fffc0000-0x00000000ffffffff] reserved
[STDERR  ] 2018-02-27T14:18:00.920168755Z: [    0.000000] NX (Execute Disable) protection: active
[STDERR  ] 2018-02-27T14:18:00.920178067Z: [    0.000000] random: fast init done
[STDERR  ] 2018-02-27T14:18:00.920187209Z: [    0.000000] SMBIOS 2.8 present.
[STDERR  ] 2018-02-27T14:18:00.920197210Z: [    0.000000] DMI: QEMU Standard PC (Q35 + ICH9, 2009), BIOS rel-1.10.2-0-g5f4c7b1-prebuilt.qemu-project.org 04/01/2014
[STDERR  ] 2018-02-27T14:18:00.920208483Z: [    0.000000] e820: last_pfn = 0x3ffdf max_arch_pfn = 0x400000000
[STDERR  ] 2018-02-27T14:18:00.920217870Z: [    0.000000] x86/PAT: Configuration [0-7]: WB  WC  UC- UC  WB  WP  UC- WT  
[STDERR  ] 2018-02-27T14:18:00.920228320Z: [    0.000000] found SMP MP-table at [mem 0x000f6aa0-0x000f6aaf] mapped at [        (ptrval)]
[STDERR  ] 2018-02-27T14:18:00.920244773Z: [    0.000000] RAMDISK: [mem 0x3e68d000-0x3ffcffff]
[STDERR  ] 2018-02-27T14:18:00.920260432Z: [    0.000000] ACPI: Early table checksum verification disabled
[STDERR  ] 2018-02-27T14:18:00.920273959Z: [    0.000000] ACPI: RSDP 0x00000000000F68C0 000014 (v00 BOCHS )
[STDERR  ] 2018-02-27T14:18:00.920283200Z: [    0.000000] ACPI: RSDT 0x000000003FFE2404 000034 (v01 BOCHS  BXPCRSDT 00000001 BXPC 00000001)
[STDERR  ] 2018-02-27T14:18:00.920293743Z: [    0.000000] ACPI: FACP 0x000000003FFE22A4 000074 (v01 BOCHS  BXPCFACP 00000001 BXPC 00000001)
[STDERR  ] 2018-02-27T14:18:00.920302620Z: [    0.000000] ACPI: DSDT 0x000000003FFE0040 002264 (v01 BOCHS  BXPCDSDT 00000001 BXPC 00000001)
[STDERR  ] 2018-02-27T14:18:00.920311905Z: [    0.000000] ACPI: FACS 0x000000003FFE0000 000040
[STDERR  ] 2018-02-27T14:18:00.920320858Z: [    0.000000] ACPI: APIC 0x000000003FFE2318 000078 (v01 BOCHS  BXPCAPIC 00000001 BXPC 00000001)
[STDERR  ] 2018-02-27T14:18:00.920335978Z: [    0.000000] ACPI: HPET 0x000000003FFE2390 000038 (v01 BOCHS  BXPCHPET 00000001 BXPC 00000001)
[STDERR  ] 2018-02-27T14:18:00.920346379Z: [    0.000000] ACPI: MCFG 0x000000003FFE23C8 00003C (v01 BOCHS  BXPCMCFG 00000001 BXPC 00000001)
[STDERR  ] 2018-02-27T14:18:00.920358595Z: [    0.000000] tsc: Fast TSC calibration using PIT
[STDERR  ] 2018-02-27T14:18:00.920367912Z: [    0.000000] Zone ranges:
[STDERR  ] 2018-02-27T14:18:00.920377876Z: [    0.000000]   DMA      [mem 0x0000000000001000-0x0000000000ffffff]
[STDERR  ] 2018-02-27T14:18:00.920387801Z: [    0.000000]   DMA32    [mem 0x0000000001000000-0x000000003ffdefff]
[STDERR  ] 2018-02-27T14:18:00.920396773Z: [    0.000000]   Normal   empty
[STDERR  ] 2018-02-27T14:18:00.920409585Z: [    0.000000]   Device   empty
[STDERR  ] 2018-02-27T14:18:00.920426697Z: [    0.000000] Movable zone start for each node
[STDERR  ] 2018-02-27T14:18:00.920444832Z: [    0.000000] Early memory node ranges
[STDERR  ] 2018-02-27T14:18:00.920454601Z: [    0.000000]   node   0: [mem 0x0000000000001000-0x000000000009efff]
[STDERR  ] 2018-02-27T14:18:00.920464122Z: [    0.000000]   node   0: [mem 0x0000000000100000-0x000000003ffdefff]
[STDERR  ] 2018-02-27T14:18:00.920473458Z: [    0.000000] Initmem setup node 0 [mem 0x0000000000001000-0x000000003ffdefff]
[STDERR  ] 2018-02-27T14:18:00.920482789Z: [    0.000000] Reserved but unavailable: 98 pages
[STDERR  ] 2018-02-27T14:18:00.920491856Z: [    0.000000] ACPI: PM-Timer IO Port: 0x608
[STDERR  ] 2018-02-27T14:18:00.920503039Z: [    0.000000] ACPI: LAPIC_NMI (acpi_id[0xff] dfl dfl lint[0x1])
[STDERR  ] 2018-02-27T14:18:00.920512360Z: [    0.000000] IOAPIC[0]: apic_id 0, version 32, address 0xfec00000, GSI 0-23
[STDERR  ] 2018-02-27T14:18:00.920521674Z: [    0.000000] ACPI: INT_SRC_OVR (bus 0 bus_irq 0 global_irq 2 dfl dfl)
[STDERR  ] 2018-02-27T14:18:00.920532502Z: [    0.000000] ACPI: INT_SRC_OVR (bus 0 bus_irq 5 global_irq 5 high level)
[STDERR  ] 2018-02-27T14:18:00.920543133Z: [    0.000000] ACPI: INT_SRC_OVR (bus 0 bus_irq 9 global_irq 9 high level)
[STDERR  ] 2018-02-27T14:18:00.920552105Z: [    0.000000] ACPI: INT_SRC_OVR (bus 0 bus_irq 10 global_irq 10 high level)
[STDERR  ] 2018-02-27T14:18:00.920561012Z: [    0.000000] ACPI: INT_SRC_OVR (bus 0 bus_irq 11 global_irq 11 high level)
[STDERR  ] 2018-02-27T14:18:00.920569624Z: [    0.000000] Using ACPI (MADT) for SMP configuration information
[STDERR  ] 2018-02-27T14:18:00.920585872Z: [    0.000000] ACPI: HPET id: 0x8086a201 base: 0xfed00000
[STDERR  ] 2018-02-27T14:18:00.920602616Z: [    0.000000] smpboot: Allowing 1 CPUs, 0 hotplug CPUs
[STDERR  ] 2018-02-27T14:18:00.920617956Z: [    0.000000] e820: [mem 0x40000000-0xafffffff] available for PCI devices
[STDERR  ] 2018-02-27T14:18:00.920627881Z: [    0.000000] Booting paravirtualized kernel on bare hardware
[STDERR  ] 2018-02-27T14:18:00.920637005Z: [    0.000000] clocksource: refined-jiffies: mask: 0xffffffff max_cycles: 0xffffffff, max_idle_ns: 19112604462750000 ns
[STDERR  ] 2018-02-27T14:18:00.920646104Z: [    0.000000] setup_percpu: NR_CPUS:128 nr_cpumask_bits:128 nr_cpu_ids:1 nr_node_ids:1
[STDERR  ] 2018-02-27T14:18:00.920657985Z: [    0.000000] percpu: Embedded 44 pages/cpu @        (ptrval) s142872 r8192 d29160 u2097152
[STDERR  ] 2018-02-27T14:18:00.920667724Z: [    0.000000] Built 1 zonelists, mobility grouping on.  Total pages: 257896
[STDERR  ] 2018-02-27T14:18:00.920677776Z: [    0.000000] Kernel command line: console=ttyS0 console=ttyAMA0
[STDERR  ] 2018-02-27T14:18:00.920686974Z: [    0.000000] Dentry cache hash table entries: 131072 (order: 8, 1048576 bytes)
[STDERR  ] 2018-02-27T14:18:00.920695783Z: [    0.000000] Inode-cache hash table entries: 65536 (order: 7, 524288 bytes)
[STDERR  ] 2018-02-27T14:18:00.920705053Z: [    0.000000] Memory: 978952K/1048052K available (12300K kernel code, 1476K rwdata, 2984K rodata, 1508K init, 628K bss, 69100K reserved, 0K cma-reserved)
[STDERR  ] 2018-02-27T14:18:00.920716447Z: [    0.000000] ftrace: allocating 40996 entries in 161 pages
[STDERR  ] 2018-02-27T14:18:00.920729136Z: [    0.000000] Hierarchical RCU implementation.
[STDERR  ] 2018-02-27T14:18:00.920738366Z: [    0.000000] 	RCU restricting CPUs from NR_CPUS=128 to nr_cpu_ids=1.
[STDERR  ] 2018-02-27T14:18:00.920753525Z: [    0.000000] RCU: Adjusting geometry for rcu_fanout_leaf=16, nr_cpu_ids=1
[STDERR  ] 2018-02-27T14:18:00.920770394Z: [    0.000000] NR_IRQS: 8448, nr_irqs: 256, preallocated irqs: 16
[STDERR  ] 2018-02-27T14:18:00.920787200Z: [    0.000000] Console: colour VGA+ 80x25
[STDERR  ] 2018-02-27T14:18:00.920802248Z: [    0.000000] console [ttyS0] enabled
[STDERR  ] 2018-02-27T14:18:00.920811455Z: [    0.000000] ACPI: Core revision 20170831
[STDERR  ] 2018-02-27T14:18:00.920820225Z: [    0.000000] ACPI: 1 ACPI AML tables successfully acquired and loaded
[STDERR  ] 2018-02-27T14:18:00.920830041Z: [    0.000000] clocksource: hpet: mask: 0xffffffff max_cycles: 0xffffffff, max_idle_ns: 19112604467 ns
[STDERR  ] 2018-02-27T14:18:00.920840197Z: [    0.010000] APIC: Switch to symmetric I/O mode setup
[STDERR  ] 2018-02-27T14:18:00.920849570Z: [    0.010000] ..TIMER: vector=0x30 apic1=0 pin1=2 apic2=-1 pin2=-1
[STDERR  ] 2018-02-27T14:18:00.920858583Z: [    0.060000] tsc: Fast TSC calibration using PIT
[STDERR  ] 2018-02-27T14:18:00.920867601Z: [    0.070000] tsc: Detected 2300.059 MHz processor
[STDERR  ] 2018-02-27T14:18:00.920876596Z: [    0.070000] Calibrating delay loop (skipped), value calculated using timer frequency.. 4600.11 BogoMIPS (lpj=23000590)
[STDERR  ] 2018-02-27T14:18:00.920886039Z: [    0.070000] pid_max: default: 32768 minimum: 301
[STDERR  ] 2018-02-27T14:18:00.920894910Z: [    0.070000] Security Framework initialized
[STDERR  ] 2018-02-27T14:18:00.920905994Z: [    0.070000] Yama: becoming mindful.
[STDERR  ] 2018-02-27T14:18:00.920915276Z: [    0.070000] Mount-cache hash table entries: 2048 (order: 2, 16384 bytes)
[STDERR  ] 2018-02-27T14:18:00.920925298Z: [    0.080130] Mountpoint-cache hash table entries: 2048 (order: 2, 16384 bytes)
[STDERR  ] 2018-02-27T14:18:00.920941491Z: [    0.097543] Last level iTLB entries: 4KB 0, 2MB 0, 4MB 0
[STDERR  ] 2018-02-27T14:18:00.920958013Z: [    0.097929] Last level dTLB entries: 4KB 0, 2MB 0, 4MB 0, 1GB 0
[STDERR  ] 2018-02-27T14:18:00.920973384Z: [    0.098428] Spectre V2 : Spectre mitigation: LFENCE not serializing, switching to generic retpoline
[STDERR  ] 2018-02-27T14:18:00.920982878Z: [    0.099002] Spectre V2 : Vulnerable: Minimal generic ASM retpoline
[STDERR  ] 2018-02-27T14:18:00.920993128Z: [    0.099421] Spectre V2 : Spectre v2 mitigation: Filling RSB on context switch
[STDERR  ] 2018-02-27T14:18:00.921002990Z: [    0.392903] Freeing SMP alternatives memory: 20K
[STDERR  ] 2018-02-27T14:18:00.921012108Z: [    0.420000] smpboot: CPU0: AMD QEMU Virtual CPU version 2.5+ (family: 0x6, model: 0x6, stepping: 0x3)
[STDERR  ] 2018-02-27T14:18:00.921021186Z: [    0.420000] Performance Events: PMU not available due to virtualization, using software events only.
[STDERR  ] 2018-02-27T14:18:00.921030194Z: [    0.420292] Hierarchical SRCU implementation.
[STDERR  ] 2018-02-27T14:18:00.921039350Z: [    0.426127] NMI watchdog: Perf event create on CPU 0 failed with -2
[STDERR  ] 2018-02-27T14:18:00.921049334Z: [    0.426573] NMI watchdog: Perf NMI watchdog permanently disabled
[STDERR  ] 2018-02-27T14:18:00.921058643Z: [    0.430231] smp: Bringing up secondary CPUs ...
[STDERR  ] 2018-02-27T14:18:00.921067564Z: [    0.430589] smp: Brought up 1 node, 1 CPU
[STDERR  ] 2018-02-27T14:18:00.921076932Z: [    0.430898] smpboot: Max logical packages: 1
[STDERR  ] 2018-02-27T14:18:00.921088446Z: [    0.431235] smpboot: Total of 1 processors activated (4600.11 BogoMIPS)
[STDERR  ] 2018-02-27T14:18:00.921098244Z: [    0.444850] devtmpfs: initialized
[STDERR  ] 2018-02-27T14:18:00.921112323Z: [    0.449006] x86/mm: Memory block size: 128MB
[STDERR  ] 2018-02-27T14:18:00.921128842Z: [    0.458236] clocksource: jiffies: mask: 0xffffffff max_cycles: 0xffffffff, max_idle_ns: 19112604462750000 ns
[STDERR  ] 2018-02-27T14:18:00.921145364Z: [    0.459049] futex hash table entries: 256 (order: 2, 16384 bytes)
[STDERR  ] 2018-02-27T14:18:00.921157275Z: [    0.469538] NET: Registered protocol family 16
[STDERR  ] 2018-02-27T14:18:00.921166600Z: [    0.473295] audit: initializing netlink subsys (disabled)
[STDERR  ] 2018-02-27T14:18:00.921178581Z: [    0.478377] cpuidle: using governor ladder
[STDERR  ] 2018-02-27T14:18:00.921187573Z: [    0.478790] cpuidle: using governor menu
[STDERR  ] 2018-02-27T14:18:00.921196700Z: [    0.480535] audit: type=2000 audit(1519741033.470:1): state=initialized audit_enabled=0 res=1
[STDERR  ] 2018-02-27T14:18:00.921207193Z: [    0.481772] ACPI: bus type PCI registered
[STDERR  ] 2018-02-27T14:18:00.921216080Z: [    0.484236] PCI: MMCONFIG for domain 0000 [bus 00-ff] at [mem 0xb0000000-0xbfffffff] (base 0xb0000000)
[STDERR  ] 2018-02-27T14:18:00.921227349Z: [    0.485004] PCI: MMCONFIG at [mem 0xb0000000-0xbfffffff] reserved in E820
[STDERR  ] 2018-02-27T14:18:00.921237473Z: [    0.486028] PCI: Using configuration type 1 for base access
[STDERR  ] 2018-02-27T14:18:00.921246506Z: [    0.540638] HugeTLB registered 2.00 MiB page size, pre-allocated 0 pages
[STDERR  ] 2018-02-27T14:18:00.921256115Z: [    0.551640] ACPI: Added _OSI(Module Device)
[STDERR  ] 2018-02-27T14:18:00.921265203Z: [    0.551960] ACPI: Added _OSI(Processor Device)
[STDERR  ] 2018-02-27T14:18:00.921275478Z: [    0.552263] ACPI: Added _OSI(3.0 _SCP Extensions)
[STDERR  ] 2018-02-27T14:18:00.921290849Z: [    0.552546] ACPI: Added _OSI(Processor Aggregator Device)
[STDERR  ] 2018-02-27T14:18:00.921310197Z: [    0.626367] ACPI: Interpreter enabled
[STDERR  ] 2018-02-27T14:18:00.921320625Z: [    0.627124] ACPI: (supports S0 S5)
[STDERR  ] 2018-02-27T14:18:00.921329852Z: [    0.627453] ACPI: Using IOAPIC for interrupt routing
[STDERR  ] 2018-02-27T14:18:00.921338861Z: [    0.629116] PCI: Using host bridge windows from ACPI; if necessary, use "pci=nocrs" and report a bug
[STDERR  ] 2018-02-27T14:18:00.921350047Z: [    0.632717] ACPI: Enabled 2 GPEs in block 00 to 3F
[STDERR  ] 2018-02-27T14:18:00.921359129Z: [    0.699873] ACPI: PCI Root Bridge [PCI0] (domain 0000 [bus 00-ff])
[STDERR  ] 2018-02-27T14:18:00.921368929Z: [    0.700495] acpi PNP0A08:00: _OSC: OS supports [ExtendedConfig ASPM ClockPM Segments MSI]
[STDERR  ] 2018-02-27T14:18:00.921378652Z: [    0.705490] acpi PNP0A08:00: _OSC: OS now controls [PCIeHotplug PME PCIeCapability]
[STDERR  ] 2018-02-27T14:18:00.921387809Z: [    0.709213] PCI host bridge to bus 0000:00
[STDERR  ] 2018-02-27T14:18:00.921396913Z: [    0.710180] pci_bus 0000:00: root bus resource [io  0x0000-0x0cf7 window]
[STDERR  ] 2018-02-27T14:18:00.921406177Z: [    0.710639] pci_bus 0000:00: root bus resource [io  0x0d00-0xffff window]
[STDERR  ] 2018-02-27T14:18:00.921415702Z: [    0.711082] pci_bus 0000:00: root bus resource [mem 0x000a0000-0x000bffff window]
[STDERR  ] 2018-02-27T14:18:00.921424549Z: [    0.711557] pci_bus 0000:00: root bus resource [mem 0xc0000000-0xfebfffff window]
[STDERR  ] 2018-02-27T14:18:00.921433545Z: [    0.712137] pci_bus 0000:00: root bus resource [bus 00-ff]
[STDERR  ] 2018-02-27T14:18:00.921442960Z: [    0.814784] pci 0000:00:1f.0: quirk: [io  0x0600-0x067f] claimed by ICH6 ACPI/GPIO/TCO
[STDERR  ] 2018-02-27T14:18:00.921457534Z: [    0.871758] ACPI: PCI Interrupt Link [LNKA] (IRQs 5 *10 11)
[STDERR  ] 2018-02-27T14:18:00.921474247Z: [    0.873791] ACPI: PCI Interrupt Link [LNKB] (IRQs 5 *10 11)
[STDERR  ] 2018-02-27T14:18:00.921485306Z: [    0.875588] ACPI: PCI Interrupt Link [LNKC] (IRQs 5 10 *11)
[STDERR  ] 2018-02-27T14:18:00.921494231Z: [    0.877421] ACPI: PCI Interrupt Link [LNKD] (IRQs 5 10 *11)
[STDERR  ] 2018-02-27T14:18:00.921503292Z: [    0.879193] ACPI: PCI Interrupt Link [LNKE] (IRQs 5 *10 11)
[STDERR  ] 2018-02-27T14:18:00.921512278Z: [    0.881489] ACPI: PCI Interrupt Link [LNKF] (IRQs 5 *10 11)
[STDERR  ] 2018-02-27T14:18:00.921522801Z: [    0.883268] ACPI: PCI Interrupt Link [LNKG] (IRQs 5 10 *11)
[STDERR  ] 2018-02-27T14:18:00.921531886Z: [    0.885103] ACPI: PCI Interrupt Link [LNKH] (IRQs 5 10 *11)
[STDERR  ] 2018-02-27T14:18:00.921544187Z: [    0.885882] ACPI: PCI Interrupt Link [GSIA] (IRQs *16)
[STDERR  ] 2018-02-27T14:18:00.921553519Z: [    0.886493] ACPI: PCI Interrupt Link [GSIB] (IRQs *17)
[STDERR  ] 2018-02-27T14:18:00.921566935Z: [    0.887087] ACPI: PCI Interrupt Link [GSIC] (IRQs *18)
[STDERR  ] 2018-02-27T14:18:00.921575905Z: [    0.887716] ACPI: PCI Interrupt Link [GSID] (IRQs *19)
[STDERR  ] 2018-02-27T14:18:00.921585091Z: [    0.888301] ACPI: PCI Interrupt Link [GSIE] (IRQs *20)
[STDERR  ] 2018-02-27T14:18:00.921594041Z: [    0.888885] ACPI: PCI Interrupt Link [GSIF] (IRQs *21)
[STDERR  ] 2018-02-27T14:18:00.921602907Z: [    0.889467] ACPI: PCI Interrupt Link [GSIG] (IRQs *22)
[STDERR  ] 2018-02-27T14:18:00.921612327Z: [    0.890251] ACPI: PCI Interrupt Link [GSIH] (IRQs *23)
[STDERR  ] 2018-02-27T14:18:00.921625539Z: [    0.897416] SCSI subsystem initialized
[STDERR  ] 2018-02-27T14:18:00.921641646Z: [    0.899784] ACPI: bus type USB registered
[STDERR  ] 2018-02-27T14:18:00.921655893Z: [    0.900669] usbcore: registered new interface driver usbfs
[STDERR  ] 2018-02-27T14:18:00.921665094Z: [    0.901431] usbcore: registered new interface driver hub
[STDERR  ] 2018-02-27T14:18:00.921676628Z: [    0.902193] usbcore: registered new device driver usb
[STDERR  ] 2018-02-27T14:18:00.921685603Z: [    0.903137] pps_core: LinuxPPS API ver. 1 registered
[STDERR  ] 2018-02-27T14:18:00.921694553Z: [    0.903461] pps_core: Software ver. 5.3.6 - Copyright 2005-2007 Rodolfo Giometti <giometti@linux.it>
[STDERR  ] 2018-02-27T14:18:00.921703613Z: [    0.904155] PTP clock support registered
[STDERR  ] 2018-02-27T14:18:00.921712380Z: [    0.906273] PCI: Using ACPI for IRQ routing
[STDERR  ] 2018-02-27T14:18:00.921723372Z: [    0.924262] NetLabel: Initializing
[STDERR  ] 2018-02-27T14:18:00.921732228Z: [    0.924515] NetLabel:  domain hash size = 128
[STDERR  ] 2018-02-27T14:18:00.921741130Z: [    0.924805] NetLabel:  protocols = UNLABELED CIPSOv4 CALIPSO
[STDERR  ] 2018-02-27T14:18:00.921750096Z: [    0.926843] NetLabel:  unlabeled traffic allowed by default
[STDERR  ] 2018-02-27T14:18:00.921759132Z: [    0.928326] HPET: 3 timers in total, 0 timers will be used for per-cpu timer
[STDERR  ] 2018-02-27T14:18:00.921768247Z: [    0.929060] hpet0: at MMIO 0xfed00000, IRQs 2, 8, 0
[STDERR  ] 2018-02-27T14:18:00.921776993Z: [    0.929494] hpet0: 3 comparators, 64-bit 100.000000 MHz counter
[STDERR  ] 2018-02-27T14:18:00.921785881Z: [    0.934616] clocksource: Switched to clocksource hpet
[STDERR  ] 2018-02-27T14:18:00.921799815Z: [    1.259866] VFS: Disk quotas dquot_6.6.0
[STDERR  ] 2018-02-27T14:18:00.921819240Z: [    1.260718] VFS: Dquot-cache hash table entries: 512 (order 0, 4096 bytes)
[STDERR  ] 2018-02-27T14:18:00.921829460Z: [    1.263165] FS-Cache: Loaded
[STDERR  ] 2018-02-27T14:18:00.921838745Z: [    1.268003] CacheFiles: Loaded
[STDERR  ] 2018-02-27T14:18:00.921848328Z: [    1.268979] pnp: PnP ACPI init
[STDERR  ] 2018-02-27T14:18:00.921857421Z: [    1.280010] pnp: PnP ACPI: found 5 devices
[STDERR  ] 2018-02-27T14:18:00.921866572Z: [    1.322008] clocksource: acpi_pm: mask: 0xffffff max_cycles: 0xffffff, max_idle_ns: 2085701024 ns
[STDERR  ] 2018-02-27T14:18:00.921876152Z: [    1.324709] NET: Registered protocol family 2
[STDERR  ] 2018-02-27T14:18:00.921885006Z: [    1.331438] TCP established hash table entries: 8192 (order: 4, 65536 bytes)
[STDERR  ] 2018-02-27T14:18:00.921895116Z: [    1.332122] TCP bind hash table entries: 8192 (order: 5, 131072 bytes)
[STDERR  ] 2018-02-27T14:18:00.921904297Z: [    1.332763] TCP: Hash tables configured (established 8192 bind 8192)
[STDERR  ] 2018-02-27T14:18:00.921913967Z: [    1.335214] UDP hash table entries: 512 (order: 2, 16384 bytes)
[STDERR  ] 2018-02-27T14:18:00.921922919Z: [    1.335784] UDP-Lite hash table entries: 512 (order: 2, 16384 bytes)
[STDERR  ] 2018-02-27T14:18:00.921932256Z: [    1.338004] NET: Registered protocol family 1
[STDERR  ] 2018-02-27T14:18:00.921941086Z: [    1.338858] pci 0000:00:01.0: Video device with shadowed ROM at [mem 0x000c0000-0x000dffff]
[STDERR  ] 2018-02-27T14:18:00.921954625Z: [    1.344558] Trying to unpack rootfs image as initramfs...
[STDERR  ] 2018-02-27T14:18:00.921971039Z: [    6.204563] Freeing initrd memory: 25868K
[STDERR  ] 2018-02-27T14:18:00.921988397Z: [    6.229524] PCLMULQDQ-NI instructions are not detected.
[STDERR  ] 2018-02-27T14:18:00.922003952Z: [    6.231052] AVX or AES-NI instructions are not detected.
[STDERR  ] 2018-02-27T14:18:00.922013157Z: [    6.231474] CPU feature 'AVX registers' is not supported.
[STDERR  ] 2018-02-27T14:18:00.922024264Z: [    6.231849] CPU feature 'AVX registers' is not supported.
[STDERR  ] 2018-02-27T14:18:00.922033773Z: [    6.232229] CPU feature 'AVX registers' is not supported.
[STDERR  ] 2018-02-27T14:18:00.922042757Z: [    6.232617] CPU feature 'AVX registers' is not supported.
[STDERR  ] 2018-02-27T14:18:00.922051723Z: [    6.233039] AVX2 or AES-NI instructions are not detected.
[STDERR  ] 2018-02-27T14:18:00.922060723Z: [    6.233423] AVX2 instructions are not detected.
[STDERR  ] 2018-02-27T14:18:00.922069826Z: [    6.243901] workingset: timestamp_bits=46 max_order=18 bucket_order=0
[STDERR  ] 2018-02-27T14:18:00.922080095Z: [    6.248586] squashfs: version 4.0 (2009/01/31) Phillip Lougher
[STDERR  ] 2018-02-27T14:18:00.922089066Z: [    6.251303] FS-Cache: Netfs 'cifs' registered for caching
[STDERR  ] 2018-02-27T14:18:00.922097961Z: [    6.252170] fuse init (API version 7.26)
[STDERR  ] 2018-02-27T14:18:00.922108992Z: [    6.254203] SGI XFS with ACLs, security attributes, no debug enabled
[STDERR  ] 2018-02-27T14:18:00.922119069Z: [    6.258250] 9p: Installing v9fs 9p2000 file system support
[STDERR  ] 2018-02-27T14:18:00.922128011Z: [    6.258744] FS-Cache: Netfs '9p' registered for caching
[STDERR  ] 2018-02-27T14:18:00.922141548Z: [    6.298605] NET: Registered protocol family 38
[STDERR  ] 2018-02-27T14:18:00.922158616Z: [    6.299175] Key type asymmetric registered
[STDERR  ] 2018-02-27T14:18:00.922170496Z: [    6.299515] Asymmetric key parser 'x509' registered
[STDERR  ] 2018-02-27T14:18:00.922179506Z: [    6.301117] Block layer SCSI generic (bsg) driver version 0.4 loaded (major 248)
[STDERR  ] 2018-02-27T14:18:00.922189485Z: [    6.302477] io scheduler noop registered
[STDERR  ] 2018-02-27T14:18:00.922200550Z: [    6.302791] io scheduler deadline registered (default)
[STDERR  ] 2018-02-27T14:18:00.922209709Z: [    6.303769] io scheduler cfq registered
[STDERR  ] 2018-02-27T14:18:00.922218696Z: [    6.304065] io scheduler mq-deadline registered (default)
[STDERR  ] 2018-02-27T14:18:00.922227655Z: [    6.304421] io scheduler kyber registered
[STDERR  ] 2018-02-27T14:18:00.922236527Z: [    6.307122] shpchp: Standard Hot Plug PCI Controller Driver version: 0.4
[STDERR  ] 2018-02-27T14:18:00.922246465Z: [    6.307854] hv_vmbus: registering driver hyperv_fb
[STDERR  ] 2018-02-27T14:18:00.922257560Z: [    6.311533] input: Power Button as /devices/LNXSYSTM:00/LNXPWRBN:00/input/input0
[STDERR  ] 2018-02-27T14:18:00.922267770Z: [    6.314825] ACPI: Power Button [PWRF]
[STDERR  ] 2018-02-27T14:18:00.922276774Z: [    6.331500] ACPI: PCI Interrupt Link [GSIG] enabled at IRQ 22
[STDERR  ] 2018-02-27T14:18:00.922285866Z: [    6.343356] ACPI: PCI Interrupt Link [GSIH] enabled at IRQ 23
[STDERR  ] 2018-02-27T14:18:00.922294843Z: [    6.348174] Serial: 8250/16550 driver, 4 ports, IRQ sharing disabled
[STDERR  ] 2018-02-27T14:18:00.922305969Z: [    6.374322] 00:04: ttyS0 at I/O 0x3f8 (irq = 4, base_baud = 115200) is a 16550A
[STDERR  ] 2018-02-27T14:18:00.922322309Z: [    6.383372] Non-volatile memory driver v1.3
[STDERR  ] 2018-02-27T14:18:00.922336925Z: [    6.389096] Hangcheck: starting hangcheck timer 0.9.1 (tick is 180 seconds, margin is 60 seconds).
[STDERR  ] 2018-02-27T14:18:00.922346218Z: [    6.401221] random: crng init done
[STDERR  ] 2018-02-27T14:18:00.922355370Z: [    6.450693] brd: module loaded
[STDERR  ] 2018-02-27T14:18:00.922364886Z: [    6.481762] loop: module loaded
[STDERR  ] 2018-02-27T14:18:00.922374099Z: [    6.548879] lpc_ich 0000:00:1f.0: I/O space for GPIO uninitialized
[STDERR  ] 2018-02-27T14:18:00.922387206Z: [    6.552050] VMware PVSCSI driver - version 1.0.7.0-k
[STDERR  ] 2018-02-27T14:18:00.922396503Z: [    6.552874] hv_vmbus: registering driver hv_storvsc
[STDERR  ] 2018-02-27T14:18:00.922405399Z: [    6.564120] ACPI: PCI Interrupt Link [GSIA] enabled at IRQ 16
[STDERR  ] 2018-02-27T14:18:00.922416884Z: [    6.570000] ahci 0000:00:1f.2: AHCI 0001.0000 32 slots 6 ports 1.5 Gbps 0x3f impl SATA mode
[STDERR  ] 2018-02-27T14:18:00.922427166Z: [    6.570879] ahci 0000:00:1f.2: flags: 64bit ncq only 
[STDERR  ] 2018-02-27T14:18:00.922436775Z: [    6.586661] scsi host0: ahci
[STDERR  ] 2018-02-27T14:18:00.922446802Z: [    6.589648] scsi host1: ahci
[STDERR  ] 2018-02-27T14:18:00.922456002Z: [    6.591636] scsi host2: ahci
[STDERR  ] 2018-02-27T14:18:00.922465217Z: [    6.593419] scsi host3: ahci
[STDERR  ] 2018-02-27T14:18:00.922475570Z: [    6.595267] scsi host4: ahci
[STDERR  ] 2018-02-27T14:18:00.922493698Z: [    6.597024] scsi host5: ahci
[STDERR  ] 2018-02-27T14:18:00.922508581Z: [    6.598247] ata1: SATA max UDMA/133 abar m4096@0xfebd2000 port 0xfebd2100 irq 24
[STDERR  ] 2018-02-27T14:18:00.922518805Z: [    6.598769] ata2: SATA max UDMA/133 abar m4096@0xfebd2000 port 0xfebd2180 irq 24
[STDERR  ] 2018-02-27T14:18:00.922528471Z: [    6.599234] ata3: SATA max UDMA/133 abar m4096@0xfebd2000 port 0xfebd2200 irq 24
[STDERR  ] 2018-02-27T14:18:00.922537400Z: [    6.599689] ata4: SATA max UDMA/133 abar m4096@0xfebd2000 port 0xfebd2280 irq 24
[STDERR  ] 2018-02-27T14:18:00.922546555Z: [    6.600323] ata5: SATA max UDMA/133 abar m4096@0xfebd2000 port 0xfebd2300 irq 24
[STDERR  ] 2018-02-27T14:18:00.922555428Z: [    6.600782] ata6: SATA max UDMA/133 abar m4096@0xfebd2000 port 0xfebd2380 irq 24
[STDERR  ] 2018-02-27T14:18:00.922564433Z: [    6.612097] tun: Universal TUN/TAP device driver, 1.6
[STDERR  ] 2018-02-27T14:18:00.922573492Z: [    6.623310] VMware vmxnet3 virtual NIC driver - version 1.4.a.0-k-NAPI
[STDERR  ] 2018-02-27T14:18:00.922583134Z: [    6.624029] hv_vmbus: registering driver hv_netvsc
[STDERR  ] 2018-02-27T14:18:00.922592108Z: [    6.624377] Fusion MPT base driver 3.04.20
[STDERR  ] 2018-02-27T14:18:00.922601076Z: [    6.624641] Copyright (c) 1999-2008 LSI Corporation
[STDERR  ] 2018-02-27T14:18:00.922609890Z: [    6.625132] Fusion MPT SPI Host driver 3.04.20
[STDERR  ] 2018-02-27T14:18:00.922618583Z: [    6.627007] i8042: PNP: PS/2 Controller [PNP0303:KBD,PNP0f13:MOU] at 0x60,0x64 irq 1,12
[STDERR  ] 2018-02-27T14:18:00.922628276Z: [    6.631099] serio: i8042 KBD port at 0x60,0x64 irq 1
[STDERR  ] 2018-02-27T14:18:00.922637187Z: [    6.631685] serio: i8042 AUX port at 0x60,0x64 irq 12
[STDERR  ] 2018-02-27T14:18:00.922647163Z: [    6.634066] hv_vmbus: registering driver hyperv_keyboard
[STDERR  ] 2018-02-27T14:18:00.922665954Z: [    6.635813] mousedev: PS/2 mouse device common for all mice
[STDERR  ] 2018-02-27T14:18:00.922682430Z: [    6.639950] input: AT Translated Set 2 keyboard as /devices/platform/i8042/serio0/input/input1
[STDERR  ] 2018-02-27T14:18:00.922695371Z: [    6.641726] input: PC Speaker as /devices/platform/pcspkr/input/input2
[STDERR  ] 2018-02-27T14:18:00.922704348Z: [    6.646097] rtc_cmos 00:00: RTC can wake from S4
[STDERR  ] 2018-02-27T14:18:00.922713259Z: [    6.648852] rtc_cmos 00:00: rtc core: registered rtc_cmos as rtc0
[STDERR  ] 2018-02-27T14:18:00.922722194Z: [    6.649940] rtc_cmos 00:00: alarms up to one day, y3k, 114 bytes nvram, hpet irqs
[STDERR  ] 2018-02-27T14:18:00.922731231Z: [    6.650920] i2c /dev entries driver
[STDERR  ] 2018-02-27T14:18:00.922740033Z: [    6.652578] device-mapper: ioctl: 4.37.0-ioctl (2017-09-20) initialised: dm-devel@redhat.com
[STDERR  ] 2018-02-27T14:18:00.922749945Z: [    6.656654] usbcore: registered new interface driver usbhid
[STDERR  ] 2018-02-27T14:18:00.922758879Z: [    6.657041] usbhid: USB HID core driver
[STDERR  ] 2018-02-27T14:18:00.922767745Z: [    6.657710] hv_utils: Registering HyperV Utility Driver
[STDERR  ] 2018-02-27T14:18:00.922780021Z: [    6.658055] hv_vmbus: registering driver hv_util
[STDERR  ] 2018-02-27T14:18:00.922789054Z: [    6.658365] hv_vmbus: registering driver hv_balloon
[STDERR  ] 2018-02-27T14:18:00.922797774Z: [    6.658843] oprofile: using NMI interrupt.
[STDERR  ] 2018-02-27T14:18:00.922808835Z: [    6.659860] GACT probability on
[STDERR  ] 2018-02-27T14:18:00.922825943Z: [    6.660476] Mirror/redirect action on
[STDERR  ] 2018-02-27T14:18:00.922843360Z: [    6.661103] Simple TC action Loaded
[STDERR  ] 2018-02-27T14:18:00.922854899Z: [    6.661560] u32 classifier
[STDERR  ] 2018-02-27T14:18:00.922864920Z: [    6.661758]     Performance counters on
[STDERR  ] 2018-02-27T14:18:00.922873898Z: [    6.662010]     input device check on
[STDERR  ] 2018-02-27T14:18:00.922885100Z: [    6.662254]     Actions configured
[STDERR  ] 2018-02-27T14:18:00.922893951Z: [    6.662903] Netfilter messages via NETLINK v0.30.
[STDERR  ] 2018-02-27T14:18:00.922902921Z: [    6.663397] nfnl_acct: registering with nfnetlink.
[STDERR  ] 2018-02-27T14:18:00.922912110Z: [    6.664543] nf_conntrack version 0.5.0 (8192 buckets, 32768 max)
[STDERR  ] 2018-02-27T14:18:00.922921339Z: [    6.666693] ctnetlink v0.93: registering with nfnetlink.
[STDERR  ] 2018-02-27T14:18:00.922930367Z: [    6.669507] nf_tables: (c) 2007-2009 Patrick McHardy <kaber@trash.net>
[STDERR  ] 2018-02-27T14:18:00.922939422Z: [    6.670609] nf_tables_compat: (c) 2012 Pablo Neira Ayuso <pablo@netfilter.org>
[STDERR  ] 2018-02-27T14:18:00.922948503Z: [    6.672824] xt_time: kernel timezone is -0000
[STDERR  ] 2018-02-27T14:18:00.922957367Z: [    6.673349] ip_set: protocol 6
[STDERR  ] 2018-02-27T14:18:00.922966804Z: [    6.673996] IPVS: Registered protocols (TCP, UDP, SCTP, AH, ESP)
[STDERR  ] 2018-02-27T14:18:00.922975731Z: [    6.674580] IPVS: Connection hash table configured (size=4096, memory=64Kbytes)
[STDERR  ] 2018-02-27T14:18:00.922984730Z: [    6.678444] IPVS: ipvs loaded.
[STDERR  ] 2018-02-27T14:18:00.922998694Z: [    6.678781] IPVS: [rr] scheduler registered.
[STDERR  ] 2018-02-27T14:18:00.923015248Z: [    6.679099] IPVS: [wrr] scheduler registered.
[STDERR  ] 2018-02-27T14:18:00.923026664Z: [    6.679394] IPVS: [lc] scheduler registered.
[STDERR  ] 2018-02-27T14:18:00.923035642Z: [    6.679677] IPVS: [wlc] scheduler registered.
[STDERR  ] 2018-02-27T14:18:00.923044540Z: [    6.679971] IPVS: [fo] scheduler registered.
[STDERR  ] 2018-02-27T14:18:00.923053459Z: [    6.680574] IPVS: [ovf] scheduler registered.
[STDERR  ] 2018-02-27T14:18:00.923062569Z: [    6.681015] IPVS: [lblc] scheduler registered.
[STDERR  ] 2018-02-27T14:18:00.923074072Z: [    6.681404] IPVS: [lblcr] scheduler registered.
[STDERR  ] 2018-02-27T14:18:00.923083038Z: [    6.681722] IPVS: [dh] scheduler registered.
[STDERR  ] 2018-02-27T14:18:00.923092263Z: [    6.682012] IPVS: [sh] scheduler registered.
[STDERR  ] 2018-02-27T14:18:00.923101084Z: [    6.682305] IPVS: [sed] scheduler registered.
[STDERR  ] 2018-02-27T14:18:00.923110198Z: [    6.682599] IPVS: [nq] scheduler registered.
[STDERR  ] 2018-02-27T14:18:00.923119096Z: [    6.683311] IPVS: ftp: loaded support on port[0] = 21
[STDERR  ] 2018-02-27T14:18:00.923128096Z: [    6.684105] ipip: IPv4 and MPLS over IPv4 tunneling driver
[STDERR  ] 2018-02-27T14:18:00.923136853Z: [    6.687514] gre: GRE over IPv4 demultiplexor driver
[STDERR  ] 2018-02-27T14:18:00.923147594Z: [    6.689997] ip_tables: (C) 2000-2006 Netfilter Core Team
[STDERR  ] 2018-02-27T14:18:00.923156396Z: [    6.693920] ipt_CLUSTERIP: ClusterIP Version 0.8 loaded successfully
[STDERR  ] 2018-02-27T14:18:00.923171773Z: [    6.694494] arp_tables: arp_tables: (C) 2002 David S. Miller
[STDERR  ] 2018-02-27T14:18:00.923188067Z: [    6.696576] NET: Registered protocol family 10
[STDERR  ] 2018-02-27T14:18:00.923197462Z: [    6.705452] Segment Routing with IPv6
[STDERR  ] 2018-02-27T14:18:00.923206324Z: [    6.706305] ip6_tables: (C) 2000-2006 Netfilter Core Team
[STDERR  ] 2018-02-27T14:18:00.923215167Z: [    6.713833] NET: Registered protocol family 17
[STDERR  ] 2018-02-27T14:18:00.923224158Z: [    6.714792] Bridge firewalling registered
[STDERR  ] 2018-02-27T14:18:00.923236196Z: [    6.715268] Ebtables v2.0 registered
[STDERR  ] 2018-02-27T14:18:00.923247519Z: [    6.717135] 8021q: 802.1Q VLAN Support v1.8
[STDERR  ] 2018-02-27T14:18:00.923256407Z: [    6.718480] 9pnet: Installing 9P2000 support
[STDERR  ] 2018-02-27T14:18:00.923267820Z: [    6.719823] Key type dns_resolver registered
[STDERR  ] 2018-02-27T14:18:00.923276756Z: [    6.721472] sched_clock: Marking stable (6720205170, 0)->(6773906189, -53701019)
[STDERR  ] 2018-02-27T14:18:00.923286561Z: [    6.724715] registered taskstats version 1
[STDERR  ] 2018-02-27T14:18:00.923297557Z: [    6.933427] ata2: SATA link down (SStatus 0 SControl 300)
[STDERR  ] 2018-02-27T14:18:00.923306438Z: [    6.935288] ata1: SATA link down (SStatus 0 SControl 300)
[STDERR  ] 2018-02-27T14:18:00.923315151Z: [    6.939857] Key type big_key registered
[STDERR  ] 2018-02-27T14:18:00.923323913Z: [    6.942880] ata5: SATA link down (SStatus 0 SControl 300)
[STDERR  ] 2018-02-27T14:18:00.923336928Z: [    6.943513] ata4: SATA link down (SStatus 0 SControl 300)
[STDERR  ] 2018-02-27T14:18:00.923353363Z: [    6.944268] ata3: SATA link up 1.5 Gbps (SStatus 113 SControl 300)
[STDERR  ] 2018-02-27T14:18:00.923365796Z: [    6.947691] ata3.00: ATAPI: QEMU DVD-ROM, 2.5+, max UDMA/100
[STDERR  ] 2018-02-27T14:18:00.923374766Z: [    6.948206] ata3.00: applying bridge limits
[STDERR  ] 2018-02-27T14:18:00.923383603Z: [    6.949965] ata3.00: configured for UDMA/100
[STDERR  ] 2018-02-27T14:18:00.923392400Z: [    6.954726] ata6: SATA link down (SStatus 0 SControl 300)
[STDERR  ] 2018-02-27T14:18:00.923401187Z: [    6.966366] scsi 2:0:0:0: CD-ROM            QEMU     QEMU DVD-ROM     2.5+ PQ: 0 ANSI: 5
[STDERR  ] 2018-02-27T14:18:00.923410760Z: [    7.022958] sr 2:0:0:0: [sr0] scsi3-mmc drive: 4x/4x cd/rw xa/form2 tray
[STDERR  ] 2018-02-27T14:18:00.923424605Z: [    7.023626] cdrom: Uniform CD-ROM driver Revision: 3.20
[STDERR  ] 2018-02-27T14:18:00.923434168Z: [    7.033948] sr 2:0:0:0: Attached scsi generic sg0 type 5
[STDERR  ] 2018-02-27T14:18:00.923443514Z: [    7.048099] Key type encrypted registered
[STDERR  ] 2018-02-27T14:18:00.923452331Z: [    7.052679] rtc_cmos 00:00: setting system clock to 2018-02-27 14:17:20 UTC (1519741040)
[STDERR  ] 2018-02-27T14:18:00.923461968Z: [    7.241269] Freeing unused kernel memory: 1508K
[STDERR  ] 2018-02-27T14:18:00.923470940Z: [    7.241665] Write protecting the kernel read-only data: 18432k
[STDERR  ] 2018-02-27T14:18:00.923481830Z: [    7.258321] Freeing unused kernel memory: 2024K
[STDERR  ] 2018-02-27T14:18:00.923490648Z: [    7.341152] Freeing unused kernel memory: 1112K
[STDERR  ] 2018-02-27T14:18:00.923500158Z: [    7.341729] tsc: Refined TSC clocksource calibration: 2300.048 MHz
[STDERR  ] 2018-02-27T14:18:00.923515448Z: [    7.342241] clocksource: tsc: mask: 0xffffffffffffffff max_cycles: 0x2127627c0d2, max_idle_ns: 440795312232 ns
[STDERR  ] 2018-02-27T14:18:00.923531420Z: [    8.357986] clocksource: Switched to clocksource tsc
[STDERR  ] 2018-02-27T14:18:00.923540993Z: 
[STDERR  ] 2018-02-27T14:18:00.923550189Z: Welcome to LinuxKit
[STDERR  ] 2018-02-27T14:18:00.923559117Z: 
[STDERR  ] 2018-02-27T14:18:00.923570487Z:                         ##         .
[STDERR  ] 2018-02-27T14:18:00.923579877Z:                   ## ## ##        ==
[STDERR  ] 2018-02-27T14:18:00.923589228Z:                ## ## ## ## ##    ===
[STDERR  ] 2018-02-27T14:18:00.923598806Z:            /"""""""""""""""""\___/ ===
[STDERR  ] 2018-02-27T14:18:00.923607611Z:           {                       /  ===-
[STDERR  ] 2018-02-27T14:18:00.923616316Z:            \______ O           __/
[STDERR  ] 2018-02-27T14:18:00.923627589Z:              \    \         __/
[STDERR  ] 2018-02-27T14:18:00.923636497Z:               \____\_______/
[STDERR  ] 2018-02-27T14:18:00.923645229Z: 
[STDERR  ] 2018-02-27T14:18:00.923654454Z: starting kernel config sanity test with /proc/config.gz
[STDERR  ] 2018-02-27T14:18:00.923663344Z: [   25.393156] RPC: Registered named UNIX socket transport module.
[STDERR  ] 2018-02-27T14:18:00.923678623Z: [   25.393636] RPC: Registered udp transport module.
[STDERR  ] 2018-02-27T14:18:00.923695767Z: [   25.393956] RPC: Registered tcp transport module.
[STDERR  ] 2018-02-27T14:18:00.923707959Z: [   25.394266] RPC: Registered tcp NFSv4.1 backchannel transport module.
[STDERR  ] 2018-02-27T14:18:00.923720255Z: [   25.529406] FS-Cache: Netfs 'nfs' registered for caching
[STDERR  ] 2018-02-27T14:18:00.923729572Z: [   25.670652] Installing knfsd (copyright (C) 1996 okir@monad.swb.de).
[STDERR  ] 2018-02-27T14:18:00.923738581Z: [   25.736697] ntfs: driver 2.1.32 [Flags: R/O MODULE].
[STDERR  ] 2018-02-27T14:18:00.923747358Z: kernel config test succeeded!
[STDERR  ] 2018-02-27T14:18:00.923757053Z: [37minfo: reading kernel config from /proc/config.gz ...[m
[STDERR  ] 2018-02-27T14:18:00.923765827Z: 
[STDERR  ] 2018-02-27T14:18:00.923774771Z: Generally Necessary:
[STDERR  ] 2018-02-27T14:18:00.923783597Z: - [37mcgroup hierarchy[m: [32mproperly mounted[m [/sys/fs/cgroup]
[STDERR  ] 2018-02-27T14:18:00.923792351Z: - [37mCONFIG_NAMESPACES[m: [32menabled[m
[STDERR  ] 2018-02-27T14:18:00.923801041Z: - [37mCONFIG_NET_NS[m: [32menabled[m
[STDERR  ] 2018-02-27T14:18:00.923812416Z: - [37mCONFIG_PID_NS[m: [32menabled[m
[STDERR  ] 2018-02-27T14:18:00.923821541Z: - [37mCONFIG_IPC_NS[m: [32menabled[m
[STDERR  ] 2018-02-27T14:18:00.923830268Z: - [37mCONFIG_UTS_NS[m: [32menabled[m
[STDERR  ] 2018-02-27T14:18:00.923838853Z: - [37mCONFIG_CGROUPS[m: [32menabled[m
[STDERR  ] 2018-02-27T14:18:00.923852498Z: - [37mCONFIG_CGROUP_CPUACCT[m: [32menabled[m
[STDERR  ] 2018-02-27T14:18:00.923868863Z: - [37mCONFIG_CGROUP_DEVICE[m: [32menabled[m
[STDERR  ] 2018-02-27T14:18:00.923880652Z: - [37mCONFIG_CGROUP_FREEZER[m: [32menabled[m
[STDERR  ] 2018-02-27T14:18:00.923889503Z: - [37mCONFIG_CGROUP_SCHED[m: [32menabled[m
[STDERR  ] 2018-02-27T14:18:00.923905479Z: - [37mCONFIG_CPUSETS[m: [32menabled[m
[STDERR  ] 2018-02-27T14:18:00.923914211Z: - [37mCONFIG_MEMCG[m: [32menabled[m
[STDERR  ] 2018-02-27T14:18:00.923923045Z: - [37mCONFIG_KEYS[m: [32menabled[m
[STDERR  ] 2018-02-27T14:18:00.923931865Z: - [37mCONFIG_VETH[m: [32menabled[m
[STDERR  ] 2018-02-27T14:18:00.923940562Z: - [37mCONFIG_BRIDGE[m: [32menabled[m
[STDERR  ] 2018-02-27T14:18:00.923949280Z: - [37mCONFIG_BRIDGE_NETFILTER[m: [32menabled[m
[STDERR  ] 2018-02-27T14:18:00.923958122Z: - [37mCONFIG_NF_NAT_IPV4[m: [32menabled[m
[STDERR  ] 2018-02-27T14:18:00.923969147Z: - [37mCONFIG_IP_NF_FILTER[m: [32menabled[m
[STDERR  ] 2018-02-27T14:18:00.923977938Z: - [37mCONFIG_IP_NF_TARGET_MASQUERADE[m: [32menabled[m
[STDERR  ] 2018-02-27T14:18:00.923986852Z: - [37mCONFIG_NETFILTER_XT_MATCH_ADDRTYPE[m: [32menabled[m
[STDERR  ] 2018-02-27T14:18:00.923995665Z: - [37mCONFIG_NETFILTER_XT_MATCH_CONNTRACK[m: [32menabled[m
[STDERR  ] 2018-02-27T14:18:00.924008316Z: - [37mCONFIG_NETFILTER_XT_MATCH_IPVS[m: [32menabled[m
[STDERR  ] 2018-02-27T14:18:00.924022275Z: - [37mCONFIG_IP_NF_NAT[m: [32menabled[m
[STDERR  ] 2018-02-27T14:18:00.924038167Z: - [37mCONFIG_NF_NAT[m: [32menabled[m
[STDERR  ] 2018-02-27T14:18:00.924050727Z: - [37mCONFIG_NF_NAT_NEEDED[m: [32menabled[m
[STDERR  ] 2018-02-27T14:18:00.924059596Z: - [37mCONFIG_POSIX_MQUEUE[m: [32menabled[m
[STDERR  ] 2018-02-27T14:18:00.924068409Z: 
[STDERR  ] 2018-02-27T14:18:00.924077603Z: Optional Features:
[STDERR  ] 2018-02-27T14:18:00.924086524Z: - [37mCONFIG_USER_NS[m: [32menabled[m
[STDERR  ] 2018-02-27T14:18:00.924095408Z: - [37mCONFIG_SECCOMP[m: [32menabled[m
[STDERR  ] 2018-02-27T14:18:00.924104316Z: - [37mCONFIG_CGROUP_PIDS[m: [32menabled[m
[STDERR  ] 2018-02-27T14:18:00.924113337Z: - [37mCONFIG_MEMCG_SWAP[m: [32menabled[m
[STDERR  ] 2018-02-27T14:18:00.924122020Z: - [37mCONFIG_MEMCG_SWAP_ENABLED[m: [32menabled[m
[STDERR  ] 2018-02-27T14:18:00.924130919Z:     [1;30m(cgroup swap accounting is currently enabled)[m
[STDERR  ] 2018-02-27T14:18:00.924139685Z: - [1mCONFIG_LEGACY_VSYSCALL_NONE[m: [1;31menabled[m
[STDERR  ] 2018-02-27T14:18:00.924154233Z:     [1;30m(containers using eglibc <= 2.13 will not work. Switch to[m
[STDERR  ] 2018-02-27T14:18:00.924163433Z:     [1;30m "CONFIG_VSYSCALL_[NATIVE|EMULATE]" or use "vsyscall=[native|emulate]"[m
[STDERR  ] 2018-02-27T14:18:00.924172332Z:     [1;30m on kernel command line. Note that this will disable ASLR for the,[m
[STDERR  ] 2018-02-27T14:18:00.924184970Z:     [1;30m VDSO which may assist in exploiting security vulnerabilities.)[m
[STDERR  ] 2018-02-27T14:18:00.924200232Z: - [37mCONFIG_BLK_CGROUP[m: [32menabled[m
[STDERR  ] 2018-02-27T14:18:00.924216957Z: - [37mCONFIG_BLK_DEV_THROTTLING[m: [32menabled[m
[STDERR  ] 2018-02-27T14:18:00.924226158Z: - [37mCONFIG_IOSCHED_CFQ[m: [32menabled[m
[STDERR  ] 2018-02-27T14:18:00.924234916Z: - [37mCONFIG_CFQ_GROUP_IOSCHED[m: [32menabled[m
[STDERR  ] 2018-02-27T14:18:00.924246391Z: - [37mCONFIG_CGROUP_PERF[m: [32menabled[m
[STDERR  ] 2018-02-27T14:18:00.924255164Z: - [37mCONFIG_CGROUP_HUGETLB[m: [32menabled[m
[STDERR  ] 2018-02-27T14:18:00.924263970Z: - [37mCONFIG_NET_CLS_CGROUP[m: [32menabled[m
[STDERR  ] 2018-02-27T14:18:00.924272791Z: - [37mCONFIG_CGROUP_NET_PRIO[m: [32menabled[m
[STDERR  ] 2018-02-27T14:18:00.924284593Z: - [37mCONFIG_CFS_BANDWIDTH[m: [32menabled[m
[STDERR  ] 2018-02-27T14:18:00.924294037Z: - [37mCONFIG_FAIR_GROUP_SCHED[m: [32menabled[m
[STDERR  ] 2018-02-27T14:18:00.924303020Z: - [37mCONFIG_RT_GROUP_SCHED[m: [32menabled[m
[STDERR  ] 2018-02-27T14:18:00.924311736Z: - [37mCONFIG_IP_VS[m: [32menabled[m
[STDERR  ] 2018-02-27T14:18:00.924320623Z: - [37mCONFIG_IP_VS_NFCT[m: [32menabled[m
[STDERR  ] 2018-02-27T14:18:00.924329458Z: - [37mCONFIG_IP_VS_RR[m: [32menabled[m
[STDERR  ] 2018-02-27T14:18:00.924338353Z: - [37mCONFIG_EXT4_FS[m: [32menabled[m
[STDERR  ] 2018-02-27T14:18:00.924347140Z: - [37mCONFIG_EXT4_FS_POSIX_ACL[m: [32menabled[m
[STDERR  ] 2018-02-27T14:18:00.924356586Z: - [37mCONFIG_EXT4_FS_SECURITY[m: [32menabled[m
[STDERR  ] 2018-02-27T14:18:00.924372057Z: - Network Drivers:
[STDERR  ] 2018-02-27T14:18:00.924387963Z:   - "[34moverlay[m":
[STDERR  ] 2018-02-27T14:18:00.924400260Z:     - [37mCONFIG_VXLAN[m: [32menabled[m
[STDERR  ] 2018-02-27T14:18:00.924411399Z:       Optional (for encrypted networks):
[STDERR  ] 2018-02-27T14:18:00.924420321Z:       - [37mCONFIG_CRYPTO[m: [32menabled[m
[STDERR  ] 2018-02-27T14:18:00.924431391Z:       - [37mCONFIG_CRYPTO_AEAD[m: [32menabled[m
[STDERR  ] 2018-02-27T14:18:00.924440275Z:       - [37mCONFIG_CRYPTO_GCM[m: [32menabled[m
[STDERR  ] 2018-02-27T14:18:00.924449140Z:       - [37mCONFIG_CRYPTO_SEQIV[m: [32menabled[m
[STDERR  ] 2018-02-27T14:18:00.924457866Z:       - [37mCONFIG_CRYPTO_GHASH[m: [32menabled[m
[STDERR  ] 2018-02-27T14:18:00.924466533Z:       - [37mCONFIG_XFRM[m: [32menabled[m
[STDERR  ] 2018-02-27T14:18:00.924475313Z:       - [37mCONFIG_XFRM_USER[m: [32menabled (as module)[m
[STDERR  ] 2018-02-27T14:18:00.924484186Z:       - [37mCONFIG_XFRM_ALGO[m: [32menabled (as module)[m
[STDERR  ] 2018-02-27T14:18:00.924492865Z:       - [37mCONFIG_INET_ESP[m: [32menabled (as module)[m
[STDERR  ] 2018-02-27T14:18:00.924501668Z:       - [37mCONFIG_INET_XFRM_MODE_TRANSPORT[m: [32menabled (as module)[m
[STDERR  ] 2018-02-27T14:18:00.924510581Z:   - "[34mipvlan[m":
[STDERR  ] 2018-02-27T14:18:00.924520340Z:     - [37mCONFIG_IPVLAN[m: [32menabled[m
[STDERR  ] 2018-02-27T14:18:00.924531703Z:   - "[34mmacvlan[m":
[STDERR  ] 2018-02-27T14:18:00.924548228Z:     - [37mCONFIG_MACVLAN[m: [32menabled[m
[STDERR  ] 2018-02-27T14:18:00.924561856Z:     - [37mCONFIG_DUMMY[m: [32menabled (as module)[m
[STDERR  ] 2018-02-27T14:18:00.924570723Z:   - "[34mftp,tftp client in container[m":
[STDERR  ] 2018-02-27T14:18:00.924579746Z:     - [37mCONFIG_NF_NAT_FTP[m: [32menabled[m
[STDERR  ] 2018-02-27T14:18:00.924588530Z:     - [37mCONFIG_NF_CONNTRACK_FTP[m: [32menabled[m
[STDERR  ] 2018-02-27T14:18:00.924597393Z:     - [37mCONFIG_NF_NAT_TFTP[m: [32menabled[m
[STDERR  ] 2018-02-27T14:18:00.924609513Z:     - [37mCONFIG_NF_CONNTRACK_TFTP[m: [32menabled[m
[STDERR  ] 2018-02-27T14:18:00.924618629Z: - Storage Drivers:
[STDERR  ] 2018-02-27T14:18:00.924627668Z:   - "[34maufs[m":
[STDERR  ] 2018-02-27T14:18:00.924636377Z:     - [1mCONFIG_AUFS_FS[m: [1;31mmissing[m
[STDERR  ] 2018-02-27T14:18:00.924649843Z:   - "[34mbtrfs[m":
[STDERR  ] 2018-02-27T14:18:00.924658587Z:     - [37mCONFIG_BTRFS_FS[m: [32menabled (as module)[m
[STDERR  ] 2018-02-27T14:18:00.924667973Z:     - [37mCONFIG_BTRFS_FS_POSIX_ACL[m: [32menabled[m
[STDERR  ] 2018-02-27T14:18:00.924676900Z:   - "[34mdevicemapper[m":
[STDERR  ] 2018-02-27T14:18:00.924686631Z:     - [37mCONFIG_BLK_DEV_DM[m: [32menabled[m
[STDERR  ] 2018-02-27T14:18:00.924698589Z:     - [37mCONFIG_DM_THIN_PROVISIONING[m: [32menabled[m
[STDERR  ] 2018-02-27T14:18:00.924713936Z:   - "[34moverlay[m":
[STDERR  ] 2018-02-27T14:18:00.924730389Z:     - [37mCONFIG_OVERLAY_FS[m: [32menabled[m
[STDERR  ] 2018-02-27T14:18:00.924739397Z:   - "[34mzfs[m":
[STDERR  ] 2018-02-27T14:18:00.924748294Z:     - [1m/dev/zfs[m: [1;31mmissing[m
[STDERR  ] 2018-02-27T14:18:00.924756961Z:     - [1mzfs command[m: [1;31mmissing[m
[STDERR  ] 2018-02-27T14:18:00.924765661Z:     - [1mzpool command[m: [1;31mmissing[m
[STDERR  ] 2018-02-27T14:18:00.924777200Z: 
[STDERR  ] 2018-02-27T14:18:00.924786266Z: Limits:
[STDERR  ] 2018-02-27T14:18:00.924795271Z: [37m- /proc/sys/kernel/keys/root_maxkeys[m: [32m1000000[m
[STDERR  ] 2018-02-27T14:18:00.924804083Z: 
[STDERR  ] 2018-02-27T14:18:00.924813321Z: Kernel config test suite PASSED
