[INFO    ] 2017-10-31T11:32:08.208861107Z: Running Test linuxkit.packages.dhcpcd in /tmp/build/test/cases/040_packages/004_dhcpcd
[INFO    ] 2017-10-31T11:32:08.208992568Z: Running command: [/bin/sh -x /tmp/build/test/cases/040_packages/004_dhcpcd/test.sh]
[STDERR  ] 2017-10-31T11:32:08.258081291Z: + set -e
[STDERR  ] 2017-10-31T11:32:08.258145808Z: + . /tmp/build/test/cases/_lib/lib.sh
[STDERR  ] 2017-10-31T11:32:08.321546912Z: + [ -f src/github.com/linuxkit/rtf/lib/lib.sh ]
[STDERR  ] 2017-10-31T11:32:08.321594325Z: + LINUXKIT_TMPDIR=/tmp/build/test/cases/_tmp
[STDERR  ] 2017-10-31T11:32:08.321615076Z: + [ -f /tmp/build/test/cases/_tmp/env.sh ]
[STDERR  ] 2017-10-31T11:32:08.32222102Z: + . /tmp/build/test/cases/_tmp/env.sh
[STDERR  ] 2017-10-31T11:32:08.34319277Z: + export LINUXKIT_EXAMPLES_DIR=/tmp/build/test/cases/../../examples
[STDERR  ] 2017-10-31T11:32:08.343235981Z: + export LINUXKIT_BLUEPRINTS_DIR=/tmp/build/test/cases/../../blueprints
[STDERR  ] 2017-10-31T11:32:08.343264953Z: + RT_CANCEL=253
[STDERR  ] 2017-10-31T11:32:08.343272378Z: + NAME=dhcpcd
[STDERR  ] 2017-10-31T11:32:08.343282071Z: + trap clean_up EXIT
[STDERR  ] 2017-10-31T11:32:08.343290033Z: + moby build -format kernel+initrd -name dhcpcd test.yml
[STDERR  ] 2017-10-31T11:32:08.522319474Z: Extract kernel image: linuxkit/kernel:4.9.59
[STDERR  ] 2017-10-31T11:32:11.494036421Z: Add init containers:
[STDERR  ] 2017-10-31T11:32:11.494111576Z: Process init image: linuxkit/init:42a92119e1ca10380e0d33e26c0cbcf85b9b3558
[STDERR  ] 2017-10-31T11:32:13.537816894Z: Process init image: linuxkit/runc:817fdc592eac6cb7804fa1721a43a7f6e23fb50f
[STDERR  ] 2017-10-31T11:32:15.069775118Z: Add onboot containers:
[STDERR  ] 2017-10-31T11:32:15.069828194Z:   Create OCI config for linuxkit/dhcpcd:48831507404049660b960e4055f544917d90378e
[STDERR  ] 2017-10-31T11:32:16.407771953Z:   Create OCI config for alpine:3.6
[STDERR  ] 2017-10-31T11:32:18.30523083Z:   Create OCI config for linuxkit/poweroff:280bd01daa8776fbe1f4d912977f1886b8374834
[STDERR  ] 2017-10-31T11:32:19.385097543Z: time="2017-10-31T11:32:19Z" level=warning msg="certificate with CN Rolf Neugebauer is near expiry" 
[STDERR  ] 2017-10-31T11:32:19.386644008Z: time="2017-10-31T11:32:19Z" level=warning msg="certificate with CN Rolf Neugebauer is near expiry" 
[STDERR  ] 2017-10-31T11:32:19.538152125Z: Add files:
[STDERR  ] 2017-10-31T11:32:19.538209392Z:   check.sh
[STDERR  ] 2017-10-31T11:32:19.552077423Z: Create outputs:
[STDERR  ] 2017-10-31T11:32:23.893859183Z:   dhcpcd-kernel dhcpcd-initrd.img dhcpcd-cmdline
[STDERR  ] 2017-10-31T11:32:23.970972882Z: + linuxkit run dhcpcd
[STDERR  ] 2017-10-31T11:32:23.994379658Z: Unable to find qemu-system-x86_64 within the $PATH. Using a container
[STDERR  ] 2017-10-31T11:32:59.178149681Z: + RESULT=[    0.000000] Linux version 4.9.59-linuxkit (root@01324b49428a) (gcc version 6.3.0 (Alpine 6.3.0) ) #1 SMP Sat Oct 28 17:03:21 UTC 2017
[STDERR  ] 2017-10-31T11:32:59.178206938Z: [    0.000000] Command line: console=ttyS0 page_poison=1
[STDERR  ] 2017-10-31T11:32:59.17821807Z: [    0.000000] x86/fpu: Legacy x87 FPU detected.
[STDERR  ] 2017-10-31T11:32:59.178228754Z: [    0.000000] x86/fpu: Using 'eager' FPU context switches.
[STDERR  ] 2017-10-31T11:32:59.178238156Z: [    0.000000] e820: BIOS-provided physical RAM map:
[STDERR  ] 2017-10-31T11:32:59.178247666Z: [    0.000000] BIOS-e820: [mem 0x0000000000000000-0x000000000009fbff] usable
[STDERR  ] 2017-10-31T11:32:59.178257522Z: [    0.000000] BIOS-e820: [mem 0x000000000009fc00-0x000000000009ffff] reserved
[STDERR  ] 2017-10-31T11:32:59.178267309Z: [    0.000000] BIOS-e820: [mem 0x00000000000f0000-0x00000000000fffff] reserved
[STDERR  ] 2017-10-31T11:32:59.178276507Z: [    0.000000] BIOS-e820: [mem 0x0000000000100000-0x000000003ffdefff] usable
[STDERR  ] 2017-10-31T11:32:59.178285602Z: [    0.000000] BIOS-e820: [mem 0x000000003ffdf000-0x000000003fffffff] reserved
[STDERR  ] 2017-10-31T11:32:59.178294505Z: [    0.000000] BIOS-e820: [mem 0x00000000b0000000-0x00000000bfffffff] reserved
[STDERR  ] 2017-10-31T11:32:59.178303819Z: [    0.000000] BIOS-e820: [mem 0x00000000fed1c000-0x00000000fed1ffff] reserved
[STDERR  ] 2017-10-31T11:32:59.178321059Z: [    0.000000] BIOS-e820: [mem 0x00000000fffc0000-0x00000000ffffffff] reserved
[STDERR  ] 2017-10-31T11:32:59.178329508Z: [    0.000000] NX (Execute Disable) protection: active
[STDERR  ] 2017-10-31T11:32:59.178338091Z: [    0.000000] SMBIOS 2.8 present.
[STDERR  ] 2017-10-31T11:32:59.178346229Z: [    0.000000] e820: last_pfn = 0x3ffdf max_arch_pfn = 0x400000000
[STDERR  ] 2017-10-31T11:32:59.17835492Z: [    0.000000] x86/PAT: Configuration [0-7]: WB  WC  UC- UC  WB  WC  UC- WT  
[STDERR  ] 2017-10-31T11:32:59.178363373Z: [    0.000000] found SMP MP-table at [mem 0x000f6aa0-0x000f6aaf] mapped at [ffffa056000f6aa0]
[STDERR  ] 2017-10-31T11:32:59.178372171Z: [    0.000000] RAMDISK: [mem 0x3e648000-0x3ffcffff]
[STDERR  ] 2017-10-31T11:32:59.178380415Z: [    0.000000] ACPI: Early table checksum verification disabled
[STDERR  ] 2017-10-31T11:32:59.178395779Z: [    0.000000] ACPI: RSDP 0x00000000000F68C0 000014 (v00 BOCHS )
[STDERR  ] 2017-10-31T11:32:59.178405099Z: [    0.000000] ACPI: RSDT 0x000000003FFE2404 000034 (v01 BOCHS  BXPCRSDT 00000001 BXPC 00000001)
[STDERR  ] 2017-10-31T11:32:59.178413868Z: [    0.000000] ACPI: FACP 0x000000003FFE22A4 000074 (v01 BOCHS  BXPCFACP 00000001 BXPC 00000001)
[STDERR  ] 2017-10-31T11:32:59.178422663Z: [    0.000000] ACPI: DSDT 0x000000003FFE0040 002264 (v01 BOCHS  BXPCDSDT 00000001 BXPC 00000001)
[STDERR  ] 2017-10-31T11:32:59.178431346Z: [    0.000000] ACPI: FACS 0x000000003FFE0000 000040
[STDERR  ] 2017-10-31T11:32:59.178440401Z: [    0.000000] ACPI: APIC 0x000000003FFE2318 000078 (v01 BOCHS  BXPCAPIC 00000001 BXPC 00000001)
[STDERR  ] 2017-10-31T11:32:59.178448598Z: [    0.000000] ACPI: HPET 0x000000003FFE2390 000038 (v01 BOCHS  BXPCHPET 00000001 BXPC 00000001)
[STDERR  ] 2017-10-31T11:32:59.178457095Z: [    0.000000] ACPI: MCFG 0x000000003FFE23C8 00003C (v01 BOCHS  BXPCMCFG 00000001 BXPC 00000001)
[STDERR  ] 2017-10-31T11:32:59.178469643Z: [    0.000000] Zone ranges:
[STDERR  ] 2017-10-31T11:32:59.178478794Z: [    0.000000]   DMA      [mem 0x0000000000001000-0x0000000000ffffff]
[STDERR  ] 2017-10-31T11:32:59.178487049Z: [    0.000000]   DMA32    [mem 0x0000000001000000-0x000000003ffdefff]
[STDERR  ] 2017-10-31T11:32:59.178495391Z: [    0.000000]   Normal   empty
[STDERR  ] 2017-10-31T11:32:59.178504486Z: [    0.000000] Movable zone start for each node
[STDERR  ] 2017-10-31T11:32:59.178513016Z: [    0.000000] Early memory node ranges
[STDERR  ] 2017-10-31T11:32:59.178521291Z: [    0.000000]   node   0: [mem 0x0000000000001000-0x000000000009efff]
[STDERR  ] 2017-10-31T11:32:59.178529853Z: [    0.000000]   node   0: [mem 0x0000000000100000-0x000000003ffdefff]
[STDERR  ] 2017-10-31T11:32:59.178538263Z: [    0.000000] Initmem setup node 0 [mem 0x0000000000001000-0x000000003ffdefff]
[STDERR  ] 2017-10-31T11:32:59.178547956Z: [    0.000000] ACPI: PM-Timer IO Port: 0x608
[STDERR  ] 2017-10-31T11:32:59.178556749Z: [    0.000000] ACPI: LAPIC_NMI (acpi_id[0xff] dfl dfl lint[0x1])
[STDERR  ] 2017-10-31T11:32:59.178568072Z: [    0.000000] IOAPIC[0]: apic_id 0, version 32, address 0xfec00000, GSI 0-23
[STDERR  ] 2017-10-31T11:32:59.178576821Z: [    0.000000] ACPI: INT_SRC_OVR (bus 0 bus_irq 0 global_irq 2 dfl dfl)
[STDERR  ] 2017-10-31T11:32:59.178585492Z: [    0.000000] ACPI: INT_SRC_OVR (bus 0 bus_irq 5 global_irq 5 high level)
[STDERR  ] 2017-10-31T11:32:59.178593879Z: [    0.000000] ACPI: INT_SRC_OVR (bus 0 bus_irq 9 global_irq 9 high level)
[STDERR  ] 2017-10-31T11:32:59.178602212Z: [    0.000000] ACPI: INT_SRC_OVR (bus 0 bus_irq 10 global_irq 10 high level)
[STDERR  ] 2017-10-31T11:32:59.178610317Z: [    0.000000] ACPI: INT_SRC_OVR (bus 0 bus_irq 11 global_irq 11 high level)
[STDERR  ] 2017-10-31T11:32:59.178618453Z: [    0.000000] Using ACPI (MADT) for SMP configuration information
[STDERR  ] 2017-10-31T11:32:59.178627104Z: [    0.000000] ACPI: HPET id: 0x8086a201 base: 0xfed00000
[STDERR  ] 2017-10-31T11:32:59.178636067Z: [    0.000000] smpboot: Allowing 1 CPUs, 0 hotplug CPUs
[STDERR  ] 2017-10-31T11:32:59.178649402Z: [    0.000000] e820: [mem 0x40000000-0xafffffff] available for PCI devices
[STDERR  ] 2017-10-31T11:32:59.178657958Z: [    0.000000] Booting paravirtualized kernel on bare hardware
[STDERR  ] 2017-10-31T11:32:59.178666237Z: [    0.000000] clocksource: refined-jiffies: mask: 0xffffffff max_cycles: 0xffffffff, max_idle_ns: 19112604462750000 ns
[STDERR  ] 2017-10-31T11:32:59.178677352Z: [    0.000000] setup_percpu: NR_CPUS:128 nr_cpumask_bits:128 nr_cpu_ids:1 nr_node_ids:1
[STDERR  ] 2017-10-31T11:32:59.178685763Z: [    0.000000] percpu: Embedded 35 pages/cpu @ffffa0563e400000 s105240 r8192 d29928 u2097152
[STDERR  ] 2017-10-31T11:32:59.17869417Z: [    0.000000] Built 1 zonelists in Zone order, mobility grouping on.  Total pages: 257896
[STDERR  ] 2017-10-31T11:32:59.178702686Z: [    0.000000] Kernel command line: console=ttyS0 page_poison=1
[STDERR  ] 2017-10-31T11:32:59.178711168Z: [    0.000000] PID hash table entries: 4096 (order: 3, 32768 bytes)
[STDERR  ] 2017-10-31T11:32:59.178725044Z: [    0.000000] Dentry cache hash table entries: 131072 (order: 8, 1048576 bytes)
[STDERR  ] 2017-10-31T11:32:59.178734524Z: [    0.000000] Inode-cache hash table entries: 65536 (order: 7, 524288 bytes)
[STDERR  ] 2017-10-31T11:32:59.178743096Z: [    0.000000] Memory: 988028K/1048052K available (8053K kernel code, 1367K rwdata, 2704K rodata, 1380K init, 568K bss, 60024K reserved, 0K cma-reserved)
[STDERR  ] 2017-10-31T11:32:59.178753983Z: [    0.000000] Hierarchical RCU implementation.
[STDERR  ] 2017-10-31T11:32:59.178762291Z: [    0.000000] 	Build-time adjustment of leaf fanout to 64.
[STDERR  ] 2017-10-31T11:32:59.178770704Z: [    0.000000] 	RCU restricting CPUs from NR_CPUS=128 to nr_cpu_ids=1.
[STDERR  ] 2017-10-31T11:32:59.17877912Z: [    0.000000] RCU: Adjusting geometry for rcu_fanout_leaf=64, nr_cpu_ids=1
[STDERR  ] 2017-10-31T11:32:59.178787874Z: [    0.000000] NR_IRQS:8448 nr_irqs:256 16
[STDERR  ] 2017-10-31T11:32:59.178796068Z: [    0.000000] Console: colour VGA+ 80x25
[STDERR  ] 2017-10-31T11:32:59.178804255Z: [    0.000000] console [ttyS0] enabled
[STDERR  ] 2017-10-31T11:32:59.178812544Z: [    0.000000] allocated 2097152 bytes of page_ext
[STDERR  ] 2017-10-31T11:32:59.178820959Z: [    0.000000] clocksource: hpet: mask: 0xffffffff max_cycles: 0xffffffff, max_idle_ns: 19112604467 ns
[STDERR  ] 2017-10-31T11:32:59.178829315Z: [    0.000000] tsc: Fast TSC calibration using PIT
[STDERR  ] 2017-10-31T11:32:59.178837737Z: [    0.000000] tsc: Detected 2599.857 MHz processor
[STDERR  ] 2017-10-31T11:32:59.178846059Z: [    0.032398] Calibrating delay loop (skipped), value calculated using timer frequency.. 5199.71 BogoMIPS (lpj=25998570)
[STDERR  ] 2017-10-31T11:32:59.178854841Z: [    0.033516] pid_max: default: 32768 minimum: 301
[STDERR  ] 2017-10-31T11:32:59.178863622Z: [    0.034577] ACPI: Core revision 20160831
[STDERR  ] 2017-10-31T11:32:59.178871416Z: [    0.076421] ACPI: 1 ACPI AML tables successfully acquired and loaded
[STDERR  ] 2017-10-31T11:32:59.178879242Z: [    0.081099] Security Framework initialized
[STDERR  ] 2017-10-31T11:32:59.178886913Z: [    0.081556] Yama: becoming mindful.
[STDERR  ] 2017-10-31T11:32:59.178895451Z: [    0.084167] Mount-cache hash table entries: 2048 (order: 2, 16384 bytes)
[STDERR  ] 2017-10-31T11:32:59.178902928Z: [    0.084726] Mountpoint-cache hash table entries: 2048 (order: 2, 16384 bytes)
[STDERR  ] 2017-10-31T11:32:59.178911527Z: [    0.104273] Last level iTLB entries: 4KB 0, 2MB 0, 4MB 0
[STDERR  ] 2017-10-31T11:32:59.178920727Z: [    0.104731] Last level dTLB entries: 4KB 0, 2MB 0, 4MB 0, 1GB 0
[STDERR  ] 2017-10-31T11:32:59.178929388Z: [    0.386192] Freeing SMP alternatives memory: 20K
[STDERR  ] 2017-10-31T11:32:59.178938403Z: [    0.396297] ftrace: allocating 35584 entries in 140 pages
[STDERR  ] 2017-10-31T11:32:59.178946119Z: [    0.569649] smpboot: Max logical packages: 1
[STDERR  ] 2017-10-31T11:32:59.178953857Z: [    0.576308] ..TIMER: vector=0x30 apic1=0 pin1=2 apic2=-1 pin2=-1
[STDERR  ] 2017-10-31T11:32:59.178963297Z: [    0.680000] smpboot: CPU0: AMD QEMU Virtual CPU version 2.5+ (family: 0x6, model: 0x6, stepping: 0x3)
[STDERR  ] 2017-10-31T11:32:59.178977077Z: [    0.680000] Performance Events: PMU not available due to virtualization, using software events only.
[STDERR  ] 2017-10-31T11:32:59.178985908Z: [    0.689562] NMI watchdog: disabled (cpu0): hardware events not enabled
[STDERR  ] 2017-10-31T11:32:59.178995908Z: [    0.690105] NMI watchdog: Shutting down hard lockup detector on all cpus
[STDERR  ] 2017-10-31T11:32:59.179004568Z: [    0.693750] x86: Booted up 1 node, 1 CPUs
[STDERR  ] 2017-10-31T11:32:59.179013829Z: [    0.694180] smpboot: Total of 1 processors activated (5199.71 BogoMIPS)
[STDERR  ] 2017-10-31T11:32:59.179023166Z: [    0.709397] devtmpfs: initialized
[STDERR  ] 2017-10-31T11:32:59.17903197Z: [    0.714462] x86/mm: Memory block size: 128MB
[STDERR  ] 2017-10-31T11:32:59.179040349Z: [    0.777716] clocksource: jiffies: mask: 0xffffffff max_cycles: 0xffffffff, max_idle_ns: 19112604462750000 ns
[STDERR  ] 2017-10-31T11:32:59.179053959Z: [    0.778743] futex hash table entries: 256 (order: 2, 16384 bytes)
[STDERR  ] 2017-10-31T11:32:59.179063571Z: [    0.787849] NET: Registered protocol family 16
[STDERR  ] 2017-10-31T11:32:59.179074672Z: [    0.798793] cpuidle: using governor ladder
[STDERR  ] 2017-10-31T11:32:59.179084547Z: [    0.799347] cpuidle: using governor menu
[STDERR  ] 2017-10-31T11:32:59.179106803Z: [    0.800777] ACPI: bus type PCI registered
[STDERR  ] 2017-10-31T11:32:59.179115019Z: [    0.803686] PCI: MMCONFIG for domain 0000 [bus 00-ff] at [mem 0xb0000000-0xbfffffff] (base 0xb0000000)
[STDERR  ] 2017-10-31T11:32:59.179181739Z: [    0.804423] PCI: MMCONFIG at [mem 0xb0000000-0xbfffffff] reserved in E820
[STDERR  ] 2017-10-31T11:32:59.179191414Z: [    0.805822] PCI: Using configuration type 1 for base access
[STDERR  ] 2017-10-31T11:32:59.179200144Z: [    0.857843] HugeTLB registered 2 MB page size, pre-allocated 0 pages
[STDERR  ] 2017-10-31T11:32:59.179209266Z: [    0.872148] ACPI: Added _OSI(Module Device)
[STDERR  ] 2017-10-31T11:32:59.179217904Z: [    0.872489] ACPI: Added _OSI(Processor Device)
[STDERR  ] 2017-10-31T11:32:59.179226661Z: [    0.872784] ACPI: Added _OSI(3.0 _SCP Extensions)
[STDERR  ] 2017-10-31T11:32:59.179235876Z: [    0.873085] ACPI: Added _OSI(Processor Aggregator Device)
[STDERR  ] 2017-10-31T11:32:59.179244335Z: [    0.946187] ACPI: Interpreter enabled
[STDERR  ] 2017-10-31T11:32:59.179252573Z: [    0.947183] ACPI: (supports S0 S5)
[STDERR  ] 2017-10-31T11:32:59.179261147Z: [    0.947536] ACPI: Using IOAPIC for interrupt routing
[STDERR  ] 2017-10-31T11:32:59.179270376Z: [    0.950260] PCI: Using host bridge windows from ACPI; if necessary, use "pci=nocrs" and report a bug
[STDERR  ] 2017-10-31T11:32:59.179279172Z: [    1.011895] ACPI: PCI Root Bridge [PCI0] (domain 0000 [bus 00-ff])
[STDERR  ] 2017-10-31T11:32:59.179287495Z: [    1.013098] acpi PNP0A08:00: _OSC: OS supports [ExtendedConfig ASPM ClockPM Segments MSI]
[STDERR  ] 2017-10-31T11:32:59.17929589Z: [    1.019257] acpi PNP0A08:00: _OSC: OS now controls [PCIeHotplug PME PCIeCapability]
[STDERR  ] 2017-10-31T11:32:59.17930572Z: [    1.023183] PCI host bridge to bus 0000:00
[STDERR  ] 2017-10-31T11:32:59.179314906Z: [    1.023771] pci_bus 0000:00: root bus resource [io  0x0000-0x0cf7 window]
[STDERR  ] 2017-10-31T11:32:59.179323434Z: [    1.024214] pci_bus 0000:00: root bus resource [io  0x0d00-0xffff window]
[STDERR  ] 2017-10-31T11:32:59.179331659Z: [    1.024616] pci_bus 0000:00: root bus resource [mem 0x000a0000-0x000bffff window]
[STDERR  ] 2017-10-31T11:32:59.179339803Z: [    1.025055] pci_bus 0000:00: root bus resource [mem 0xc0000000-0xfebfffff window]
[STDERR  ] 2017-10-31T11:32:59.179348392Z: [    1.025408] pci_bus 0000:00: root bus resource [bus 00-ff]
[STDERR  ] 2017-10-31T11:32:59.179357095Z: [    1.162643] pci 0000:00:1f.0: quirk: [io  0x0600-0x067f] claimed by ICH6 ACPI/GPIO/TCO
[STDERR  ] 2017-10-31T11:32:59.179365516Z: [    1.243301] ACPI: PCI Interrupt Link [LNKA] (IRQs 5 *10 11)
[STDERR  ] 2017-10-31T11:32:59.179374835Z: [    1.245934] ACPI: PCI Interrupt Link [LNKB] (IRQs 5 *10 11)
[STDERR  ] 2017-10-31T11:32:59.179387886Z: [    1.247944] ACPI: PCI Interrupt Link [LNKC] (IRQs 5 10 *11)
[STDERR  ] 2017-10-31T11:32:59.179396757Z: [    1.250377] ACPI: PCI Interrupt Link [LNKD] (IRQs 5 10 *11)
[STDERR  ] 2017-10-31T11:32:59.179406244Z: [    1.251978] ACPI: PCI Interrupt Link [LNKE] (IRQs 5 *10 11)
[STDERR  ] 2017-10-31T11:32:59.179415495Z: [    1.253569] ACPI: PCI Interrupt Link [LNKF] (IRQs 5 *10 11)
[STDERR  ] 2017-10-31T11:32:59.179423336Z: [    1.255160] ACPI: PCI Interrupt Link [LNKG] (IRQs 5 10 *11)
[STDERR  ] 2017-10-31T11:32:59.179433062Z: [    1.256716] ACPI: PCI Interrupt Link [LNKH] (IRQs 5 10 *11)
[STDERR  ] 2017-10-31T11:32:59.179442833Z: [    1.257511] ACPI: PCI Interrupt Link [GSIA] (IRQs *16)
[STDERR  ] 2017-10-31T11:32:59.17945304Z: [    1.258184] ACPI: PCI Interrupt Link [GSIB] (IRQs *17)
[STDERR  ] 2017-10-31T11:32:59.17946757Z: [    1.258816] ACPI: PCI Interrupt Link [GSIC] (IRQs *18)
[STDERR  ] 2017-10-31T11:32:59.179478162Z: [    1.259489] ACPI: PCI Interrupt Link [GSID] (IRQs *19)
[STDERR  ] 2017-10-31T11:32:59.179486639Z: [    1.260215] ACPI: PCI Interrupt Link [GSIE] (IRQs *20)
[STDERR  ] 2017-10-31T11:32:59.179494855Z: [    1.260784] ACPI: PCI Interrupt Link [GSIF] (IRQs *21)
[STDERR  ] 2017-10-31T11:32:59.17950357Z: [    1.261356] ACPI: PCI Interrupt Link [GSIG] (IRQs *22)
[STDERR  ] 2017-10-31T11:32:59.179512709Z: [    1.261981] ACPI: PCI Interrupt Link [GSIH] (IRQs *23)
[STDERR  ] 2017-10-31T11:32:59.179536738Z: [    1.265827] ACPI: Enabled 2 GPEs in block 00 to 3F
[STDERR  ] 2017-10-31T11:32:59.179546267Z: [    1.270318] SCSI subsystem initialized
[STDERR  ] 2017-10-31T11:32:59.179555234Z: [    1.272213] ACPI: bus type USB registered
[STDERR  ] 2017-10-31T11:32:59.179567386Z: [    1.273246] usbcore: registered new interface driver usbfs
[STDERR  ] 2017-10-31T11:32:59.179578259Z: [    1.274145] usbcore: registered new interface driver hub
[STDERR  ] 2017-10-31T11:32:59.179586934Z: [    1.274947] usbcore: registered new device driver usb
[STDERR  ] 2017-10-31T11:32:59.179594768Z: [    1.276050] pps_core: LinuxPPS API ver. 1 registered
[STDERR  ] 2017-10-31T11:32:59.179602874Z: [    1.276325] pps_core: Software ver. 5.3.6 - Copyright 2005-2007 Rodolfo Giometti <giometti@linux.it>
[STDERR  ] 2017-10-31T11:32:59.179611816Z: [    1.277011] PTP clock support registered
[STDERR  ] 2017-10-31T11:32:59.179620425Z: [    1.278150] wmi: Mapper loaded
[STDERR  ] 2017-10-31T11:32:59.179628933Z: [    1.279285] PCI: Using ACPI for IRQ routing
[STDERR  ] 2017-10-31T11:32:59.179638169Z: [    1.298124] NetLabel: Initializing
[STDERR  ] 2017-10-31T11:32:59.17967597Z: [    1.298372] NetLabel:  domain hash size = 128
[STDERR  ] 2017-10-31T11:32:59.179686366Z: [    1.298712] NetLabel:  protocols = UNLABELED CIPSOv4
[STDERR  ] 2017-10-31T11:32:59.17969587Z: [    1.300797] NetLabel:  unlabeled traffic allowed by default
[STDERR  ] 2017-10-31T11:32:59.179704172Z: [    1.301810] HPET: 3 timers in total, 0 timers will be used for per-cpu timer
[STDERR  ] 2017-10-31T11:32:59.179713034Z: [    1.302598] hpet0: at MMIO 0xfed00000, IRQs 2, 8, 0
[STDERR  ] 2017-10-31T11:32:59.179722854Z: [    1.303054] hpet0: 3 comparators, 64-bit 100.000000 MHz counter
[STDERR  ] 2017-10-31T11:32:59.179732389Z: [    1.309287] clocksource: Switched to clocksource hpet
[STDERR  ] 2017-10-31T11:32:59.179741261Z: [    1.553925] VFS: Disk quotas dquot_6.6.0
[STDERR  ] 2017-10-31T11:32:59.179749778Z: [    1.554749] VFS: Dquot-cache hash table entries: 512 (order 0, 4096 bytes)
[STDERR  ] 2017-10-31T11:32:59.179759076Z: [    1.558333] FS-Cache: Loaded
[STDERR  ] 2017-10-31T11:32:59.179768121Z: [    1.563737] CacheFiles: Loaded
[STDERR  ] 2017-10-31T11:32:59.179780806Z: [    1.565375] pnp: PnP ACPI init
[STDERR  ] 2017-10-31T11:32:59.179789534Z: [    1.577399] pnp: PnP ACPI: found 5 devices
[STDERR  ] 2017-10-31T11:32:59.1797983Z: [    1.623601] clocksource: acpi_pm: mask: 0xffffff max_cycles: 0xffffff, max_idle_ns: 2085701024 ns
[STDERR  ] 2017-10-31T11:32:59.179813025Z: [    1.627392] NET: Registered protocol family 2
[STDERR  ] 2017-10-31T11:32:59.179827323Z: [    1.634982] TCP established hash table entries: 8192 (order: 4, 65536 bytes)
[STDERR  ] 2017-10-31T11:32:59.179836775Z: [    1.635780] TCP bind hash table entries: 8192 (order: 5, 131072 bytes)
[STDERR  ] 2017-10-31T11:32:59.179844827Z: [    1.636506] TCP: Hash tables configured (established 8192 bind 8192)
[STDERR  ] 2017-10-31T11:32:59.179853797Z: [    1.638786] UDP hash table entries: 512 (order: 2, 16384 bytes)
[STDERR  ] 2017-10-31T11:32:59.17986265Z: [    1.639352] UDP-Lite hash table entries: 512 (order: 2, 16384 bytes)
[STDERR  ] 2017-10-31T11:32:59.179871089Z: [    1.642513] NET: Registered protocol family 1
[STDERR  ] 2017-10-31T11:32:59.179879991Z: [    1.643357] pci 0000:00:01.0: Video device with shadowed ROM at [mem 0x000c0000-0x000dffff]
[STDERR  ] 2017-10-31T11:32:59.179888007Z: [    1.651900] Unpacking initramfs...
[STDERR  ] 2017-10-31T11:32:59.179901157Z: [    4.997815] Freeing initrd memory: 26144K
[STDERR  ] 2017-10-31T11:32:59.179909403Z: [    5.024518] PCLMULQDQ-NI instructions are not detected.
[STDERR  ] 2017-10-31T11:32:59.179918155Z: [    5.025904] AVX or AES-NI instructions are not detected.
[STDERR  ] 2017-10-31T11:32:59.179927243Z: [    5.026353] CPU feature 'AVX registers' is not supported.
[STDERR  ] 2017-10-31T11:32:59.179935717Z: [    5.026747] CPU feature 'AVX registers' is not supported.
[STDERR  ] 2017-10-31T11:32:59.179943756Z: [    5.027120] CPU feature 'AVX registers' is not supported.
[STDERR  ] 2017-10-31T11:32:59.17995236Z: [    5.027482] CPU feature 'AVX registers' is not supported.
[STDERR  ] 2017-10-31T11:32:59.179960463Z: [    5.027885] AVX2 or AES-NI instructions are not detected.
[STDERR  ] 2017-10-31T11:32:59.179968754Z: [    5.028242] AVX2 instructions are not detected.
[STDERR  ] 2017-10-31T11:32:59.179976389Z: [    5.034894] audit: initializing netlink subsys (disabled)
[STDERR  ] 2017-10-31T11:32:59.179984885Z: [    5.036614] audit: type=2000 audit(1509449550.030:1): initialized
[STDERR  ] 2017-10-31T11:32:59.179992927Z: [    5.044427] workingset: timestamp_bits=46 max_order=18 bucket_order=0
[STDERR  ] 2017-10-31T11:32:59.180001575Z: [    5.048779] squashfs: version 4.0 (2009/01/31) Phillip Lougher
[STDERR  ] 2017-10-31T11:32:59.180010956Z: [    5.051778] FS-Cache: Netfs 'cifs' registered for caching
[STDERR  ] 2017-10-31T11:32:59.180019235Z: [    5.052820] fuse init (API version 7.26)
[STDERR  ] 2017-10-31T11:32:59.180027229Z: [    5.055051] SGI XFS with ACLs, security attributes, no debug enabled
[STDERR  ] 2017-10-31T11:32:59.180035906Z: [    5.058715] 9p: Installing v9fs 9p2000 file system support
[STDERR  ] 2017-10-31T11:32:59.180044416Z: [    5.059189] FS-Cache: Netfs '9p' registered for caching
[STDERR  ] 2017-10-31T11:32:59.180052233Z: [    5.092244] NET: Registered protocol family 38
[STDERR  ] 2017-10-31T11:32:59.180060933Z: [    5.092848] Key type asymmetric registered
[STDERR  ] 2017-10-31T11:32:59.180069427Z: [    5.093184] Asymmetric key parser 'x509' registered
[STDERR  ] 2017-10-31T11:32:59.180078719Z: [    5.094122] Block layer SCSI generic (bsg) driver version 0.4 loaded (major 251)
[STDERR  ] 2017-10-31T11:32:59.180086967Z: [    5.095813] io scheduler noop registered
[STDERR  ] 2017-10-31T11:32:59.180096027Z: [    5.096155] io scheduler deadline registered (default)
[STDERR  ] 2017-10-31T11:32:59.180104445Z: [    5.096925] io scheduler cfq registered
[STDERR  ] 2017-10-31T11:32:59.180112917Z: [    5.099600] pci_hotplug: PCI Hot Plug PCI Core version: 0.5
[STDERR  ] 2017-10-31T11:32:59.180120529Z: [    5.101339] pciehp: PCI Express Hot Plug Controller Driver version: 0.4
[STDERR  ] 2017-10-31T11:32:59.180137037Z: [    5.102257] shpchp: Standard Hot Plug PCI Controller Driver version: 0.4
[STDERR  ] 2017-10-31T11:32:59.180154164Z: [    5.103099] hv_vmbus: registering driver hyperv_fb
[STDERR  ] 2017-10-31T11:32:59.180162437Z: [    5.106305] input: Power Button as /devices/LNXSYSTM:00/LNXPWRBN:00/input/input0
[STDERR  ] 2017-10-31T11:32:59.180171009Z: [    5.107454] ACPI: Power Button [PWRF]
[STDERR  ] 2017-10-31T11:32:59.180184415Z: [    5.113032] GHES: HEST is not enabled!
[STDERR  ] 2017-10-31T11:32:59.18019286Z: [    5.125467] ACPI: PCI Interrupt Link [GSIG] enabled at IRQ 22
[STDERR  ] 2017-10-31T11:32:59.180201143Z: [    5.140382] ACPI: PCI Interrupt Link [GSIH] enabled at IRQ 23
[STDERR  ] 2017-10-31T11:32:59.180209162Z: [    5.146131] xenfs: not registering filesystem on non-xen platform
[STDERR  ] 2017-10-31T11:32:59.180217696Z: [    5.148288] Serial: 8250/16550 driver, 4 ports, IRQ sharing disabled
[STDERR  ] 2017-10-31T11:32:59.18022672Z: [    5.173409] 00:04: ttyS0 at I/O 0x3f8 (irq = 4, base_baud = 115200) is a 16550A
[STDERR  ] 2017-10-31T11:32:59.180235609Z: [    5.185690] Non-volatile memory driver v1.3
[STDERR  ] 2017-10-31T11:32:59.180243855Z: [    5.193465] Hangcheck: starting hangcheck timer 0.9.1 (tick is 180 seconds, margin is 60 seconds).
[STDERR  ] 2017-10-31T11:32:59.18025774Z: [    5.231916] loop: module loaded
[STDERR  ] 2017-10-31T11:32:59.180267327Z: [    5.246890] nbd: registered device at major 43
[STDERR  ] 2017-10-31T11:32:59.180275542Z: [    5.288115] lpc_ich 0000:00:1f.0: I/O space for GPIO uninitialized
[STDERR  ] 2017-10-31T11:32:59.18028422Z: [    5.290529] VMware PVSCSI driver - version 1.0.7.0-k
[STDERR  ] 2017-10-31T11:32:59.180291587Z: [    5.291341] hv_vmbus: registering driver hv_storvsc
[STDERR  ] 2017-10-31T11:32:59.180297335Z: [    5.301932] ACPI: PCI Interrupt Link [GSIA] enabled at IRQ 16
[STDERR  ] 2017-10-31T11:32:59.180303058Z: [    5.308433] ahci 0000:00:1f.2: AHCI 0001.0000 32 slots 6 ports 1.5 Gbps 0x3f impl SATA mode
[STDERR  ] 2017-10-31T11:32:59.180309373Z: [    5.309208] ahci 0000:00:1f.2: flags: 64bit ncq only 
[STDERR  ] 2017-10-31T11:32:59.180315375Z: [    5.328998] scsi host0: ahci
[STDERR  ] 2017-10-31T11:32:59.180321583Z: [    5.334206] scsi host1: ahci
[STDERR  ] 2017-10-31T11:32:59.180327742Z: [    5.336524] scsi host2: ahci
[STDERR  ] 2017-10-31T11:32:59.180333178Z: [    5.338581] scsi host3: ahci
[STDERR  ] 2017-10-31T11:32:59.180338711Z: [    5.340869] scsi host4: ahci
[STDERR  ] 2017-10-31T11:32:59.180346624Z: [    5.343707] scsi host5: ahci
[STDERR  ] 2017-10-31T11:32:59.180352254Z: [    5.346400] ata1: SATA max UDMA/133 abar m4096@0xfebd2000 port 0xfebd2100 irq 24
[STDERR  ] 2017-10-31T11:32:59.180358613Z: [    5.346905] ata2: SATA max UDMA/133 abar m4096@0xfebd2000 port 0xfebd2180 irq 24
[STDERR  ] 2017-10-31T11:32:59.180364318Z: [    5.347320] ata3: SATA max UDMA/133 abar m4096@0xfebd2000 port 0xfebd2200 irq 24
[STDERR  ] 2017-10-31T11:32:59.180369836Z: [    5.347676] ata4: SATA max UDMA/133 abar m4096@0xfebd2000 port 0xfebd2280 irq 24
[STDERR  ] 2017-10-31T11:32:59.180378154Z: [    5.348031] ata5: SATA max UDMA/133 abar m4096@0xfebd2000 port 0xfebd2300 irq 24
[STDERR  ] 2017-10-31T11:32:59.180385688Z: [    5.348438] ata6: SATA max UDMA/133 abar m4096@0xfebd2000 port 0xfebd2380 irq 24
[STDERR  ] 2017-10-31T11:32:59.180391396Z: [    5.361525] tun: Universal TUN/TAP device driver, 1.6
[STDERR  ] 2017-10-31T11:32:59.180396986Z: [    5.361873] tun: (C) 1999-2004 Max Krasnyansky <maxk@qualcomm.com>
[STDERR  ] 2017-10-31T11:32:59.180402614Z: [    5.372402] VMware vmxnet3 virtual NIC driver - version 1.4.a.0-k-NAPI
[STDERR  ] 2017-10-31T11:32:59.180408157Z: [    5.373286] hv_vmbus: registering driver hv_netvsc
[STDERR  ] 2017-10-31T11:32:59.180414423Z: [    5.373609] Fusion MPT base driver 3.04.20
[STDERR  ] 2017-10-31T11:32:59.180420402Z: [    5.373885] Copyright (c) 1999-2008 LSI Corporation
[STDERR  ] 2017-10-31T11:32:59.180426615Z: [    5.374468] Fusion MPT SPI Host driver 3.04.20
[STDERR  ] 2017-10-31T11:32:59.180432023Z: [    5.376420] i8042: PNP: PS/2 Controller [PNP0303:KBD,PNP0f13:MOU] at 0x60,0x64 irq 1,12
[STDERR  ] 2017-10-31T11:32:59.180437891Z: [    5.380777] serio: i8042 KBD port at 0x60,0x64 irq 1
[STDERR  ] 2017-10-31T11:32:59.180443456Z: [    5.381505] serio: i8042 AUX port at 0x60,0x64 irq 12
[STDERR  ] 2017-10-31T11:32:59.180449012Z: [    5.384571] hv_vmbus: registering driver hyperv_keyboard
[STDERR  ] 2017-10-31T11:32:59.180458323Z: [    5.387359] mousedev: PS/2 mouse device common for all mice
[STDERR  ] 2017-10-31T11:32:59.180464069Z: [    5.392447] input: AT Translated Set 2 keyboard as /devices/platform/i8042/serio0/input/input1
[STDERR  ] 2017-10-31T11:32:59.180469803Z: [    5.395370] input: PC Speaker as /devices/platform/pcspkr/input/input2
[STDERR  ] 2017-10-31T11:32:59.180475492Z: [    5.398960] rtc_cmos 00:00: RTC can wake from S4
[STDERR  ] 2017-10-31T11:32:59.18048084Z: [    5.402554] rtc_cmos 00:00: rtc core: registered rtc_cmos as rtc0
[STDERR  ] 2017-10-31T11:32:59.180486828Z: [    5.403814] rtc_cmos 00:00: alarms up to one day, y3k, 114 bytes nvram, hpet irqs
[STDERR  ] 2017-10-31T11:32:59.180492408Z: [    5.404522] i2c /dev entries driver
[STDERR  ] 2017-10-31T11:32:59.180497946Z: [    5.406451] device-mapper: ioctl: 4.35.0-ioctl (2016-06-23) initialised: dm-devel@redhat.com
[STDERR  ] 2017-10-31T11:32:59.180508162Z: [    5.411553] usbcore: registered new interface driver usbhid
[STDERR  ] 2017-10-31T11:32:59.180513709Z: [    5.411879] usbhid: USB HID core driver
[STDERR  ] 2017-10-31T11:32:59.180519631Z: [    5.412506] hv_utils: Registering HyperV Utility Driver
[STDERR  ] 2017-10-31T11:32:59.180525184Z: [    5.412777] hv_vmbus: registering driver hv_util
[STDERR  ] 2017-10-31T11:32:59.180530833Z: [    5.413030] hv_vmbus: registering driver hv_balloon
[STDERR  ] 2017-10-31T11:32:59.180536321Z: [    5.413530] oprofile: using NMI interrupt.
[STDERR  ] 2017-10-31T11:32:59.180541761Z: [    5.414560] GACT probability on
[STDERR  ] 2017-10-31T11:32:59.180547191Z: [    5.415062] Mirror/redirect action on
[STDERR  ] 2017-10-31T11:32:59.180552484Z: [    5.415913] Simple TC action Loaded
[STDERR  ] 2017-10-31T11:32:59.180557793Z: [    5.416517] u32 classifier
[STDERR  ] 2017-10-31T11:32:59.180563287Z: [    5.416669]     Performance counters on
[STDERR  ] 2017-10-31T11:32:59.180568821Z: [    5.416870]     input device check on
[STDERR  ] 2017-10-31T11:32:59.18057431Z: [    5.417082]     Actions configured
[STDERR  ] 2017-10-31T11:32:59.180580195Z: [    5.417640] Netfilter messages via NETLINK v0.30.
[STDERR  ] 2017-10-31T11:32:59.180585819Z: [    5.418170] nfnl_acct: registering with nfnetlink.
[STDERR  ] 2017-10-31T11:32:59.180591509Z: [    5.419721] nf_conntrack version 0.5.0 (8192 buckets, 32768 max)
[STDERR  ] 2017-10-31T11:32:59.180597183Z: [    5.422963] ctnetlink v0.93: registering with nfnetlink.
[STDERR  ] 2017-10-31T11:32:59.180603144Z: [    5.426160] nf_tables: (c) 2007-2009 Patrick McHardy <kaber@trash.net>
[STDERR  ] 2017-10-31T11:32:59.18060856Z: [    5.426953] nf_tables_compat: (c) 2012 Pablo Neira Ayuso <pablo@netfilter.org>
[STDERR  ] 2017-10-31T11:32:59.180614752Z: [    5.429289] xt_time: kernel timezone is -0000
[STDERR  ] 2017-10-31T11:32:59.180620497Z: [    5.429869] ip_set: protocol 6
[STDERR  ] 2017-10-31T11:32:59.18062617Z: [    5.430887] IPVS: Registered protocols (TCP, UDP, SCTP, AH, ESP)
[STDERR  ] 2017-10-31T11:32:59.180632183Z: [    5.431488] IPVS: Connection hash table configured (size=4096, memory=64Kbytes)
[STDERR  ] 2017-10-31T11:32:59.180637675Z: [    5.433458] IPVS: Creating netns size=2104 id=0
[STDERR  ] 2017-10-31T11:32:59.180643172Z: [    5.435981] IPVS: ipvs loaded.
[STDERR  ] 2017-10-31T11:32:59.180648741Z: [    5.436314] IPVS: [rr] scheduler registered.
[STDERR  ] 2017-10-31T11:32:59.180654377Z: [    5.436643] IPVS: [wrr] scheduler registered.
[STDERR  ] 2017-10-31T11:32:59.180660375Z: [    5.436909] IPVS: [lc] scheduler registered.
[STDERR  ] 2017-10-31T11:32:59.18066581Z: [    5.437167] IPVS: [wlc] scheduler registered.
[STDERR  ] 2017-10-31T11:32:59.180671114Z: [    5.437405] IPVS: [fo] scheduler registered.
[STDERR  ] 2017-10-31T11:32:59.180676557Z: [    5.437663] IPVS: [ovf] scheduler registered.
[STDERR  ] 2017-10-31T11:32:59.180682073Z: [    5.438098] IPVS: [lblc] scheduler registered.
[STDERR  ] 2017-10-31T11:32:59.1806875Z: [    5.438565] IPVS: [lblcr] scheduler registered.
[STDERR  ] 2017-10-31T11:32:59.180692921Z: [    5.438880] IPVS: [dh] scheduler registered.
[STDERR  ] 2017-10-31T11:32:59.180701052Z: [    5.439126] IPVS: [sh] scheduler registered.
[STDERR  ] 2017-10-31T11:32:59.180706448Z: [    5.439363] IPVS: [sed] scheduler registered.
[STDERR  ] 2017-10-31T11:32:59.180711969Z: [    5.439607] IPVS: [nq] scheduler registered.
[STDERR  ] 2017-10-31T11:32:59.180719606Z: [    5.440752] IPVS: ftp: loaded support on port[0] = 21
[STDERR  ] 2017-10-31T11:32:59.180727059Z: [    5.441629] ipip: IPv4 and MPLS over IPv4 tunneling driver
[STDERR  ] 2017-10-31T11:32:59.180732463Z: [    5.445743] gre: GRE over IPv4 demultiplexor driver
[STDERR  ] 2017-10-31T11:32:59.180737973Z: [    5.448574] ip_tables: (C) 2000-2006 Netfilter Core Team
[STDERR  ] 2017-10-31T11:32:59.180743303Z: [    5.452292] ipt_CLUSTERIP: ClusterIP Version 0.8 loaded successfully
[STDERR  ] 2017-10-31T11:32:59.180748713Z: [    5.453006] arp_tables: arp_tables: (C) 2002 David S. Miller
[STDERR  ] 2017-10-31T11:32:59.18075707Z: [    5.455343] NET: Registered protocol family 10
[STDERR  ] 2017-10-31T11:32:59.180762514Z: [    5.464959] ip6_tables: (C) 2000-2006 Netfilter Core Team
[STDERR  ] 2017-10-31T11:32:59.180767873Z: [    5.473730] NET: Registered protocol family 17
[STDERR  ] 2017-10-31T11:32:59.180773336Z: [    5.474856] Bridge firewalling registered
[STDERR  ] 2017-10-31T11:32:59.180783999Z: [    5.475368] Ebtables v2.0 registered
[STDERR  ] 2017-10-31T11:32:59.180789496Z: [    5.477318] 8021q: 802.1Q VLAN Support v1.8
[STDERR  ] 2017-10-31T11:32:59.180794796Z: [    5.478787] 9pnet: Installing 9P2000 support
[STDERR  ] 2017-10-31T11:32:59.180801973Z: [    5.480734] Key type dns_resolver registered
[STDERR  ] 2017-10-31T11:32:59.180811012Z: [    5.481753] microcode: AMD CPU family 0x6 not supported
[STDERR  ] 2017-10-31T11:32:59.180816728Z: [    5.485334] registered taskstats version 1
[STDERR  ] 2017-10-31T11:32:59.180822098Z: [    5.659439] Key type big_key registered
[STDERR  ] 2017-10-31T11:32:59.180827562Z: [    5.684669] ata3: SATA link up 1.5 Gbps (SStatus 113 SControl 300)
[STDERR  ] 2017-10-31T11:32:59.180832911Z: [    5.688989] ata2: SATA link down (SStatus 0 SControl 300)
[STDERR  ] 2017-10-31T11:32:59.180838369Z: [    5.690891] ata1: SATA link down (SStatus 0 SControl 300)
[STDERR  ] 2017-10-31T11:32:59.180844133Z: [    5.691429] ata5: SATA link down (SStatus 0 SControl 300)
[STDERR  ] 2017-10-31T11:32:59.180849497Z: [    5.691876] ata4: SATA link down (SStatus 0 SControl 300)
[STDERR  ] 2017-10-31T11:32:59.18085487Z: [    5.694200] ata6: SATA link down (SStatus 0 SControl 300)
[STDERR  ] 2017-10-31T11:32:59.180860804Z: [    5.695979] ata3.00: ATAPI: QEMU DVD-ROM, 2.5+, max UDMA/100
[STDERR  ] 2017-10-31T11:32:59.180866414Z: [    5.696509] ata3.00: applying bridge limits
[STDERR  ] 2017-10-31T11:32:59.180871969Z: [    5.698309] ata3.00: configured for UDMA/100
[STDERR  ] 2017-10-31T11:32:59.18087735Z: [    5.718334] scsi 2:0:0:0: CD-ROM            QEMU     QEMU DVD-ROM     2.5+ PQ: 0 ANSI: 5
[STDERR  ] 2017-10-31T11:32:59.180883185Z: [    5.753435] sr 2:0:0:0: [sr0] scsi3-mmc drive: 4x/4x cd/rw xa/form2 tray
[STDERR  ] 2017-10-31T11:32:59.180889772Z: [    5.754126] cdrom: Uniform CD-ROM driver Revision: 3.20
[STDERR  ] 2017-10-31T11:32:59.180896405Z: [    5.764514] sr 2:0:0:0: Attached scsi generic sg0 type 5
[STDERR  ] 2017-10-31T11:32:59.180901954Z: [    5.819129] Key type encrypted registered
[STDERR  ] 2017-10-31T11:32:59.180907462Z: [    5.825067] rtc_cmos 00:00: setting system clock to 2017-10-31 11:32:31 UTC (1509449551)
[STDERR  ] 2017-10-31T11:32:59.1809154Z: [    5.970882] Freeing unused kernel memory: 1380K
[STDERR  ] 2017-10-31T11:32:59.180920972Z: [    5.971286] Write protecting the kernel read-only data: 12288k
[STDERR  ] 2017-10-31T11:32:59.180926403Z: [    5.978154] Freeing unused kernel memory: 124K
[STDERR  ] 2017-10-31T11:32:59.180932302Z: [    6.069931] Freeing unused kernel memory: 1392K
[STDERR  ] 2017-10-31T11:32:59.180937726Z: [    6.071039] tsc: Refined TSC clocksource calibration: 2599.872 MHz
[STDERR  ] 2017-10-31T11:32:59.180943659Z: [    6.071553] clocksource: tsc: mask: 0xffffffffffffffff max_cycles: 0x2579c32795f, max_idle_ns: 440795233932 ns
[STDERR  ] 2017-10-31T11:32:59.180952305Z: [    7.087675] clocksource: Switched to clocksource tsc
[STDERR  ] 2017-10-31T11:32:59.180957928Z: 
[STDERR  ] 2017-10-31T11:32:59.180965425Z: Welcome to LinuxKit
[STDERR  ] 2017-10-31T11:32:59.180971105Z: 
[STDERR  ] 2017-10-31T11:32:59.180976531Z:                         ##         .
[STDERR  ] 2017-10-31T11:32:59.18098203Z:                   ## ## ##        ==
[STDERR  ] 2017-10-31T11:32:59.18098739Z:                ## ## ## ## ##    ===
[STDERR  ] 2017-10-31T11:32:59.180992715Z:            /"""""""""""""""""\___/ ===
[STDERR  ] 2017-10-31T11:32:59.18099823Z:           {                       /  ===-
[STDERR  ] 2017-10-31T11:32:59.181003986Z:            \______ O           __/
[STDERR  ] 2017-10-31T11:32:59.181009388Z:              \    \         __/
[STDERR  ] 2017-10-31T11:32:59.181018857Z:               \____\_______/
[STDERR  ] 2017-10-31T11:32:59.18102437Z: 
[STDERR  ] 2017-10-31T11:32:59.181029809Z: [   18.965573] 8021q: adding VLAN 0 to HW filter on device eth0
[STDERR  ] 2017-10-31T11:32:59.181035178Z: eth0: waiting for carrier
[STDERR  ] 2017-10-31T11:32:59.181040575Z: eth0: carrier acquired
[STDERR  ] 2017-10-31T11:32:59.181045943Z: DUID 00:01:00:01:21:8b:1b:dc:d2:b0:5d:d2:10:12
[STDERR  ] 2017-10-31T11:32:59.181051751Z: eth0: IAID 5d:d2:10:12
[STDERR  ] 2017-10-31T11:32:59.18105712Z: [   19.077557] random: dhcpcd: uninitialized urandom read (112 bytes read)
[STDERR  ] 2017-10-31T11:32:59.181063509Z: eth0: adding address fe80::4c4:1696:dd0b:1a3d
[STDERR  ] 2017-10-31T11:32:59.181068919Z: eth0: soliciting an IPv6 router
[STDERR  ] 2017-10-31T11:32:59.181074369Z: eth0: soliciting a DHCP lease
[STDERR  ] 2017-10-31T11:32:59.181079793Z: eth0: offered 10.0.2.15 from 10.0.2.2
[STDERR  ] 2017-10-31T11:32:59.181086806Z: eth0: leased 10.0.2.15 for 86400 seconds
[STDERR  ] 2017-10-31T11:32:59.181092321Z: eth0: adding route to 10.0.2.0/24
[STDERR  ] 2017-10-31T11:32:59.181097716Z: eth0: adding default route via 10.0.2.2
[STDERR  ] 2017-10-31T11:32:59.181103127Z: exiting due to oneshot
[STDERR  ] 2017-10-31T11:32:59.181110132Z: dhcpcd exited
[STDERR  ] 2017-10-31T11:32:59.181115673Z: dhcpcd test suite PASSED
[STDERR  ] 2017-10-31T11:32:59.181121059Z: [   32.403711] ACPI: Preparing to enter system sleep state S5
[STDERR  ] 2017-10-31T11:32:59.181131484Z: [   32.405253] reboot: Power down
[STDERR  ] 2017-10-31T11:32:59.181137162Z: + echo [    0.000000] Linux version 4.9.59-linuxkit (root@01324b49428a) (gcc version 6.3.0 (Alpine 6.3.0) ) #1 SMP Sat Oct 28 17:03:21 UTC 2017
[STDERR  ] 2017-10-31T11:32:59.181143028Z: [    0.000000] Command line: console=ttyS0 page_poison=1
[STDERR  ] 2017-10-31T11:32:59.181148593Z: [    0.000000] x86/fpu: Legacy x87 FPU detected.
[STDERR  ] 2017-10-31T11:32:59.181153921Z: [    0.000000] x86/fpu: Using 'eager' FPU context switches.
[STDERR  ] 2017-10-31T11:32:59.181159227Z: [    0.000000] e820: BIOS-provided physical RAM map:
[STDERR  ] 2017-10-31T11:32:59.181164591Z: [    0.000000] BIOS-e820: [mem 0x0000000000000000-0x000000000009fbff] usable
[STDERR  ] 2017-10-31T11:32:59.18117002Z: [    0.000000] BIOS-e820: [mem 0x000000000009fc00-0x000000000009ffff] reserved
[STDERR  ] 2017-10-31T11:32:59.181175927Z: [    0.000000] BIOS-e820: [mem 0x00000000000f0000-0x00000000000fffff] reserved
[STDERR  ] 2017-10-31T11:32:59.181181419Z: [    0.000000] BIOS-e820: [mem 0x0000000000100000-0x000000003ffdefff] usable
[STDERR  ] 2017-10-31T11:32:59.181186762Z: [    0.000000] BIOS-e820: [mem 0x000000003ffdf000-0x000000003fffffff] reserved
[STDERR  ] 2017-10-31T11:32:59.181192092Z: [    0.000000] BIOS-e820: [mem 0x00000000b0000000-0x00000000bfffffff] reserved
[STDERR  ] 2017-10-31T11:32:59.181197782Z: [    0.000000] BIOS-e820: [mem 0x00000000fed1c000-0x00000000fed1ffff] reserved
[STDERR  ] 2017-10-31T11:32:59.181203159Z: [    0.000000] BIOS-e820: [mem 0x00000000fffc0000-0x00000000ffffffff] reserved
[STDERR  ] 2017-10-31T11:32:59.181208493Z: [    0.000000] NX (Execute Disable) protection: active
[STDERR  ] 2017-10-31T11:32:59.181216842Z: [    0.000000] SMBIOS 2.8 present.
[STDERR  ] 2017-10-31T11:32:59.181222225Z: [    0.000000] e820: last_pfn = 0x3ffdf max_arch_pfn = 0x400000000
[STDERR  ] 2017-10-31T11:32:59.181227583Z: [    0.000000] x86/PAT: Configuration [0-7]: WB  WC  UC- UC  WB  WC  UC- WT  
[STDERR  ] 2017-10-31T11:32:59.18123294Z: [    0.000000] found SMP MP-table at [mem 0x000f6aa0-0x000f6aaf] mapped at [ffffa056000f6aa0]
[STDERR  ] 2017-10-31T11:32:59.181238341Z: [    0.000000] RAMDISK: [mem 0x3e648000-0x3ffcffff]
[STDERR  ] 2017-10-31T11:32:59.181245479Z: [    0.000000] ACPI: Early table checksum verification disabled
[STDERR  ] 2017-10-31T11:32:59.181251088Z: [    0.000000] ACPI: RSDP 0x00000000000F68C0 000014 (v00 BOCHS )
[STDERR  ] 2017-10-31T11:32:59.181256441Z: [    0.000000] ACPI: RSDT 0x000000003FFE2404 000034 (v01 BOCHS  BXPCRSDT 00000001 BXPC 00000001)
[STDERR  ] 2017-10-31T11:32:59.18126466Z: [    0.000000] ACPI: FACP 0x000000003FFE22A4 000074 (v01 BOCHS  BXPCFACP 00000001 BXPC 00000001)
[STDERR  ] 2017-10-31T11:32:59.18127011Z: [    0.000000] ACPI: DSDT 0x000000003FFE0040 002264 (v01 BOCHS  BXPCDSDT 00000001 BXPC 00000001)
[STDERR  ] 2017-10-31T11:32:59.181275582Z: [    0.000000] ACPI: FACS 0x000000003FFE0000 000040
[STDERR  ] 2017-10-31T11:32:59.181281001Z: [    0.000000] ACPI: APIC 0x000000003FFE2318 000078 (v01 BOCHS  BXPCAPIC 00000001 BXPC 00000001)
[STDERR  ] 2017-10-31T11:32:59.181286347Z: [    0.000000] ACPI: HPET 0x000000003FFE2390 000038 (v01 BOCHS  BXPCHPET 00000001 BXPC 00000001)
[STDERR  ] 2017-10-31T11:32:59.181291709Z: [    0.000000] ACPI: MCFG 0x000000003FFE23C8 00003C (v01 BOCHS  BXPCMCFG 00000001 BXPC 00000001)
[STDERR  ] 2017-10-31T11:32:59.181297154Z: [    0.000000] Zone ranges:
[STDERR  ] 2017-10-31T11:32:59.181303941Z: [    0.000000]   DMA      [mem 0x0000000000001000-0x0000000000ffffff]
[STDERR  ] 2017-10-31T11:32:59.181309491Z: [    0.000000]   DMA32    [mem 0x0000000001000000-0x000000003ffdefff]
[STDERR  ] 2017-10-31T11:32:59.18131488Z: [    0.000000]   Normal   empty
[STDERR  ] 2017-10-31T11:32:59.181320667Z: [    0.000000] Movable zone start for each node
[STDERR  ] 2017-10-31T11:32:59.181326056Z: [    0.000000] Early memory node ranges
[STDERR  ] 2017-10-31T11:32:59.181331445Z: [    0.000000]   node   0: [mem 0x0000000000001000-0x000000000009efff]
[STDERR  ] 2017-10-31T11:32:59.181336882Z: [    0.000000]   node   0: [mem 0x0000000000100000-0x000000003ffdefff]
[STDERR  ] 2017-10-31T11:32:59.181342309Z: [    0.000000] Initmem setup node 0 [mem 0x0000000000001000-0x000000003ffdefff]
[STDERR  ] 2017-10-31T11:32:59.181348356Z: [    0.000000] ACPI: PM-Timer IO Port: 0x608
[STDERR  ] 2017-10-31T11:32:59.18135385Z: [    0.000000] ACPI: LAPIC_NMI (acpi_id[0xff] dfl dfl lint[0x1])
[STDERR  ] 2017-10-31T11:32:59.181359264Z: [    0.000000] IOAPIC[0]: apic_id 0, version 32, address 0xfec00000, GSI 0-23
[STDERR  ] 2017-10-31T11:32:59.18136494Z: [    0.000000] ACPI: INT_SRC_OVR (bus 0 bus_irq 0 global_irq 2 dfl dfl)
[STDERR  ] 2017-10-31T11:32:59.181370312Z: [    0.000000] ACPI: INT_SRC_OVR (bus 0 bus_irq 5 global_irq 5 high level)
[STDERR  ] 2017-10-31T11:32:59.181375636Z: [    0.000000] ACPI: INT_SRC_OVR (bus 0 bus_irq 9 global_irq 9 high level)
[STDERR  ] 2017-10-31T11:32:59.181380952Z: [    0.000000] ACPI: INT_SRC_OVR (bus 0 bus_irq 10 global_irq 10 high level)
[STDERR  ] 2017-10-31T11:32:59.181386362Z: [    0.000000] ACPI: INT_SRC_OVR (bus 0 bus_irq 11 global_irq 11 high level)
[STDERR  ] 2017-10-31T11:32:59.181391709Z: [    0.000000] Using ACPI (MADT) for SMP configuration information
[STDERR  ] 2017-10-31T11:32:59.181397618Z: [    0.000000] ACPI: HPET id: 0x8086a201 base: 0xfed00000
[STDERR  ] 2017-10-31T11:32:59.181403164Z: [    0.000000] smpboot: Allowing 1 CPUs, 0 hotplug CPUs
[STDERR  ] 2017-10-31T11:32:59.18140849Z: [    0.000000] e820: [mem 0x40000000-0xafffffff] available for PCI devices
[STDERR  ] 2017-10-31T11:32:59.181413878Z: [    0.000000] Booting paravirtualized kernel on bare hardware
[STDERR  ] 2017-10-31T11:32:59.18142013Z: [    0.000000] clocksource: refined-jiffies: mask: 0xffffffff max_cycles: 0xffffffff, max_idle_ns: 19112604462750000 ns
[STDERR  ] 2017-10-31T11:32:59.18142869Z: [    0.000000] setup_percpu: NR_CPUS:128 nr_cpumask_bits:128 nr_cpu_ids:1 nr_node_ids:1
[STDERR  ] 2017-10-31T11:32:59.18143422Z: [    0.000000] percpu: Embedded 35 pages/cpu @ffffa0563e400000 s105240 r8192 d29928 u2097152
[STDERR  ] 2017-10-31T11:32:59.181439614Z: [    0.000000] Built 1 zonelists in Zone order, mobility grouping on.  Total pages: 257896
[STDERR  ] 2017-10-31T11:32:59.181445025Z: [    0.000000] Kernel command line: console=ttyS0 page_poison=1
[STDERR  ] 2017-10-31T11:32:59.181450401Z: [    0.000000] PID hash table entries: 4096 (order: 3, 32768 bytes)
[STDERR  ] 2017-10-31T11:32:59.181455751Z: [    0.000000] Dentry cache hash table entries: 131072 (order: 8, 1048576 bytes)
[STDERR  ] 2017-10-31T11:32:59.181461177Z: [    0.000000] Inode-cache hash table entries: 65536 (order: 7, 524288 bytes)
[STDERR  ] 2017-10-31T11:32:59.181469613Z: [    0.000000] Memory: 988028K/1048052K available (8053K kernel code, 1367K rwdata, 2704K rodata, 1380K init, 568K bss, 60024K reserved, 0K cma-reserved)
[STDERR  ] 2017-10-31T11:32:59.181475311Z: [    0.000000] Hierarchical RCU implementation.
[STDERR  ] 2017-10-31T11:32:59.181482847Z: [    0.000000] 	Build-time adjustment of leaf fanout to 64.
[STDERR  ] 2017-10-31T11:32:59.181488425Z: [    0.000000] 	RCU restricting CPUs from NR_CPUS=128 to nr_cpu_ids=1.
[STDERR  ] 2017-10-31T11:32:59.181493763Z: [    0.000000] RCU: Adjusting geometry for rcu_fanout_leaf=64, nr_cpu_ids=1
[STDERR  ] 2017-10-31T11:32:59.181499021Z: [    0.000000] NR_IRQS:8448 nr_irqs:256 16
[STDERR  ] 2017-10-31T11:32:59.181504396Z: [    0.000000] Console: colour VGA+ 80x25
[STDERR  ] 2017-10-31T11:32:59.181509712Z: [    0.000000] console [ttyS0] enabled
[STDERR  ] 2017-10-31T11:32:59.181515036Z: [    0.000000] allocated 2097152 bytes of page_ext
[STDERR  ] 2017-10-31T11:32:59.181520512Z: [    0.000000] clocksource: hpet: mask: 0xffffffff max_cycles: 0xffffffff, max_idle_ns: 19112604467 ns
[STDERR  ] 2017-10-31T11:32:59.181526244Z: [    0.000000] tsc: Fast TSC calibration using PIT
[STDERR  ] 2017-10-31T11:32:59.181531581Z: [    0.000000] tsc: Detected 2599.857 MHz processor
[STDERR  ] 2017-10-31T11:32:59.181536932Z: [    0.032398] Calibrating delay loop (skipped), value calculated using timer frequency.. 5199.71 BogoMIPS (lpj=25998570)
[STDERR  ] 2017-10-31T11:32:59.181542366Z: [    0.033516] pid_max: default: 32768 minimum: 301
[STDERR  ] 2017-10-31T11:32:59.181547747Z: [    0.034577] ACPI: Core revision 20160831
[STDERR  ] 2017-10-31T11:32:59.181553066Z: [    0.076421] ACPI: 1 ACPI AML tables successfully acquired and loaded
[STDERR  ] 2017-10-31T11:32:59.181558512Z: [    0.081099] Security Framework initialized
[STDERR  ] 2017-10-31T11:32:59.18156616Z: [    0.081556] Yama: becoming mindful.
[STDERR  ] 2017-10-31T11:32:59.181572898Z: [    0.084167] Mount-cache hash table entries: 2048 (order: 2, 16384 bytes)
[STDERR  ] 2017-10-31T11:32:59.181578444Z: [    0.084726] Mountpoint-cache hash table entries: 2048 (order: 2, 16384 bytes)
[STDERR  ] 2017-10-31T11:32:59.181583788Z: [    0.104273] Last level iTLB entries: 4KB 0, 2MB 0, 4MB 0
[STDERR  ] 2017-10-31T11:32:59.181589243Z: [    0.104731] Last level dTLB entries: 4KB 0, 2MB 0, 4MB 0, 1GB 0
[STDERR  ] 2017-10-31T11:32:59.181594755Z: [    0.386192] Freeing SMP alternatives memory: 20K
[STDERR  ] 2017-10-31T11:32:59.181600116Z: [    0.396297] ftrace: allocating 35584 entries in 140 pages
[STDERR  ] 2017-10-31T11:32:59.181605581Z: [    0.569649] smpboot: Max logical packages: 1
[STDERR  ] 2017-10-31T11:32:59.181610905Z: [    0.576308] ..TIMER: vector=0x30 apic1=0 pin1=2 apic2=-1 pin2=-1
[STDERR  ] 2017-10-31T11:32:59.181616413Z: [    0.680000] smpboot: CPU0: AMD QEMU Virtual CPU version 2.5+ (family: 0x6, model: 0x6, stepping: 0x3)
[STDERR  ] 2017-10-31T11:32:59.181622176Z: [    0.680000] Performance Events: PMU not available due to virtualization, using software events only.
[STDERR  ] 2017-10-31T11:32:59.18162767Z: [    0.689562] NMI watchdog: disabled (cpu0): hardware events not enabled
[STDERR  ] 2017-10-31T11:32:59.181635993Z: [    0.690105] NMI watchdog: Shutting down hard lockup detector on all cpus
[STDERR  ] 2017-10-31T11:32:59.181641455Z: [    0.693750] x86: Booted up 1 node, 1 CPUs
[STDERR  ] 2017-10-31T11:32:59.18164702Z: [    0.694180] smpboot: Total of 1 processors activated (5199.71 BogoMIPS)
[STDERR  ] 2017-10-31T11:32:59.181652419Z: [    0.709397] devtmpfs: initialized
[STDERR  ] 2017-10-31T11:32:59.181657826Z: [    0.714462] x86/mm: Memory block size: 128MB
[STDERR  ] 2017-10-31T11:32:59.181663295Z: [    0.777716] clocksource: jiffies: mask: 0xffffffff max_cycles: 0xffffffff, max_idle_ns: 19112604462750000 ns
[STDERR  ] 2017-10-31T11:32:59.181671696Z: [    0.778743] futex hash table entries: 256 (order: 2, 16384 bytes)
[STDERR  ] 2017-10-31T11:32:59.181677789Z: [    0.787849] NET: Registered protocol family 16
[STDERR  ] 2017-10-31T11:32:59.181687322Z: [    0.798793] cpuidle: using governor ladder
[STDERR  ] 2017-10-31T11:32:59.181692747Z: [    0.799347] cpuidle: using governor menu
[STDERR  ] 2017-10-31T11:32:59.181698091Z: [    0.800777] ACPI: bus type PCI registered
[STDERR  ] 2017-10-31T11:32:59.1817034Z: [    0.803686] PCI: MMCONFIG for domain 0000 [bus 00-ff] at [mem 0xb0000000-0xbfffffff] (base 0xb0000000)
[STDERR  ] 2017-10-31T11:32:59.181708935Z: [    0.804423] PCI: MMCONFIG at [mem 0xb0000000-0xbfffffff] reserved in E820
[STDERR  ] 2017-10-31T11:32:59.181714298Z: [    0.805822] PCI: Using configuration type 1 for base access
[STDERR  ] 2017-10-31T11:32:59.181719838Z: [    0.857843] HugeTLB registered 2 MB page size, pre-allocated 0 pages
[STDERR  ] 2017-10-31T11:32:59.181725205Z: [    0.872148] ACPI: Added _OSI(Module Device)
[STDERR  ] 2017-10-31T11:32:59.181730552Z: [    0.872489] ACPI: Added _OSI(Processor Device)
[STDERR  ] 2017-10-31T11:32:59.181735879Z: [    0.872784] ACPI: Added _OSI(3.0 _SCP Extensions)
[STDERR  ] 2017-10-31T11:32:59.181741175Z: [    0.873085] ACPI: Added _OSI(Processor Aggregator Device)
[STDERR  ] 2017-10-31T11:32:59.181746582Z: [    0.946187] ACPI: Interpreter enabled
[STDERR  ] 2017-10-31T11:32:59.181751887Z: [    0.947183] ACPI: (supports S0 S5)
[STDERR  ] 2017-10-31T11:32:59.181757227Z: [    0.947536] ACPI: Using IOAPIC for interrupt routing
[STDERR  ] 2017-10-31T11:32:59.18176252Z: [    0.950260] PCI: Using host bridge windows from ACPI; if necessary, use "pci=nocrs" and report a bug
[STDERR  ] 2017-10-31T11:32:59.181767901Z: [    1.011895] ACPI: PCI Root Bridge [PCI0] (domain 0000 [bus 00-ff])
[STDERR  ] 2017-10-31T11:32:59.181786728Z: [    1.013098] acpi PNP0A08:00: _OSC: OS supports [ExtendedConfig ASPM ClockPM Segments MSI]
[STDERR  ] 2017-10-31T11:32:59.181793115Z: [    1.019257] acpi PNP0A08:00: _OSC: OS now controls [PCIeHotplug PME PCIeCapability]
[STDERR  ] 2017-10-31T11:32:59.181798458Z: [    1.023183] PCI host bridge to bus 0000:00
[STDERR  ] 2017-10-31T11:32:59.181803925Z: [    1.023771] pci_bus 0000:00: root bus resource [io  0x0000-0x0cf7 window]
[STDERR  ] 2017-10-31T11:32:59.181809563Z: [    1.024214] pci_bus 0000:00: root bus resource [io  0x0d00-0xffff window]
[STDERR  ] 2017-10-31T11:32:59.181815804Z: [    1.024616] pci_bus 0000:00: root bus resource [mem 0x000a0000-0x000bffff window]
[STDERR  ] 2017-10-31T11:32:59.181821197Z: [    1.025055] pci_bus 0000:00: root bus resource [mem 0xc0000000-0xfebfffff window]
[STDERR  ] 2017-10-31T11:32:59.181826559Z: [    1.025408] pci_bus 0000:00: root bus resource [bus 00-ff]
[STDERR  ] 2017-10-31T11:32:59.181832209Z: [    1.162643] pci 0000:00:1f.0: quirk: [io  0x0600-0x067f] claimed by ICH6 ACPI/GPIO/TCO
[STDERR  ] 2017-10-31T11:32:59.181837628Z: [    1.243301] ACPI: PCI Interrupt Link [LNKA] (IRQs 5 *10 11)
[STDERR  ] 2017-10-31T11:32:59.181843046Z: [    1.245934] ACPI: PCI Interrupt Link [LNKB] (IRQs 5 *10 11)
[STDERR  ] 2017-10-31T11:32:59.181848363Z: [    1.247944] ACPI: PCI Interrupt Link [LNKC] (IRQs 5 10 *11)
[STDERR  ] 2017-10-31T11:32:59.181853659Z: [    1.250377] ACPI: PCI Interrupt Link [LNKD] (IRQs 5 10 *11)
[STDERR  ] 2017-10-31T11:32:59.181864522Z: [    1.251978] ACPI: PCI Interrupt Link [LNKE] (IRQs 5 *10 11)
[STDERR  ] 2017-10-31T11:32:59.181872656Z: [    1.253569] ACPI: PCI Interrupt Link [LNKF] (IRQs 5 *10 11)
[STDERR  ] 2017-10-31T11:32:59.181878165Z: [    1.255160] ACPI: PCI Interrupt Link [LNKG] (IRQs 5 10 *11)
[STDERR  ] 2017-10-31T11:32:59.181883744Z: [    1.256716] ACPI: PCI Interrupt Link [LNKH] (IRQs 5 10 *11)
[STDERR  ] 2017-10-31T11:32:59.181889202Z: [    1.257511] ACPI: PCI Interrupt Link [GSIA] (IRQs *16)
[STDERR  ] 2017-10-31T11:32:59.18189467Z: [    1.258184] ACPI: PCI Interrupt Link [GSIB] (IRQs *17)
[STDERR  ] 2017-10-31T11:32:59.181900142Z: [    1.258816] ACPI: PCI Interrupt Link [GSIC] (IRQs *18)
[STDERR  ] 2017-10-31T11:32:59.18190557Z: [    1.259489] ACPI: PCI Interrupt Link [GSID] (IRQs *19)
[STDERR  ] 2017-10-31T11:32:59.18191104Z: [    1.260215] ACPI: PCI Interrupt Link [GSIE] (IRQs *20)
[STDERR  ] 2017-10-31T11:32:59.181920598Z: [    1.260784] ACPI: PCI Interrupt Link [GSIF] (IRQs *21)
[STDERR  ] 2017-10-31T11:32:59.18192602Z: [    1.261356] ACPI: PCI Interrupt Link [GSIG] (IRQs *22)
[STDERR  ] 2017-10-31T11:32:59.181931372Z: [    1.261981] ACPI: PCI Interrupt Link [GSIH] (IRQs *23)
[STDERR  ] 2017-10-31T11:32:59.181936684Z: [    1.265827] ACPI: Enabled 2 GPEs in block 00 to 3F
[STDERR  ] 2017-10-31T11:32:59.181943844Z: [    1.270318] SCSI subsystem initialized
[STDERR  ] 2017-10-31T11:32:59.181949259Z: [    1.272213] ACPI: bus type USB registered
[STDERR  ] 2017-10-31T11:32:59.181954612Z: [    1.273246] usbcore: registered new interface driver usbfs
[STDERR  ] 2017-10-31T11:32:59.181959992Z: [    1.274145] usbcore: registered new interface driver hub
[STDERR  ] 2017-10-31T11:32:59.181965296Z: [    1.274947] usbcore: registered new device driver usb
[STDERR  ] 2017-10-31T11:32:59.181970552Z: [    1.276050] pps_core: LinuxPPS API ver. 1 registered
[STDERR  ] 2017-10-31T11:32:59.181976056Z: [    1.276325] pps_core: Software ver. 5.3.6 - Copyright 2005-2007 Rodolfo Giometti <giometti@linux.it>
[STDERR  ] 2017-10-31T11:32:59.181981507Z: [    1.277011] PTP clock support registered
[STDERR  ] 2017-10-31T11:32:59.181986934Z: [    1.278150] wmi: Mapper loaded
[STDERR  ] 2017-10-31T11:32:59.181992251Z: [    1.279285] PCI: Using ACPI for IRQ routing
[STDERR  ] 2017-10-31T11:32:59.181997611Z: [    1.298124] NetLabel: Initializing
[STDERR  ] 2017-10-31T11:32:59.182004855Z: [    1.298372] NetLabel:  domain hash size = 128
[STDERR  ] 2017-10-31T11:32:59.18201027Z: [    1.298712] NetLabel:  protocols = UNLABELED CIPSOv4
[STDERR  ] 2017-10-31T11:32:59.182015613Z: [    1.300797] NetLabel:  unlabeled traffic allowed by default
[STDERR  ] 2017-10-31T11:32:59.182022663Z: [    1.301810] HPET: 3 timers in total, 0 timers will be used for per-cpu timer
[STDERR  ] 2017-10-31T11:32:59.182028092Z: [    1.302598] hpet0: at MMIO 0xfed00000, IRQs 2, 8, 0
[STDERR  ] 2017-10-31T11:32:59.182033423Z: [    1.303054] hpet0: 3 comparators, 64-bit 100.000000 MHz counter
[STDERR  ] 2017-10-31T11:32:59.182038766Z: [    1.309287] clocksource: Switched to clocksource hpet
[STDERR  ] 2017-10-31T11:32:59.182044073Z: [    1.553925] VFS: Disk quotas dquot_6.6.0
[STDERR  ] 2017-10-31T11:32:59.182049548Z: [    1.554749] VFS: Dquot-cache hash table entries: 512 (order 0, 4096 bytes)
[STDERR  ] 2017-10-31T11:32:59.182054975Z: [    1.558333] FS-Cache: Loaded
[STDERR  ] 2017-10-31T11:32:59.18206041Z: [    1.563737] CacheFiles: Loaded
[STDERR  ] 2017-10-31T11:32:59.182065778Z: [    1.565375] pnp: PnP ACPI init
[STDERR  ] 2017-10-31T11:32:59.18207111Z: [    1.577399] pnp: PnP ACPI: found 5 devices
[STDERR  ] 2017-10-31T11:32:59.182076468Z: [    1.623601] clocksource: acpi_pm: mask: 0xffffff max_cycles: 0xffffff, max_idle_ns: 2085701024 ns
[STDERR  ] 2017-10-31T11:32:59.182083208Z: [    1.627392] NET: Registered protocol family 2
[STDERR  ] 2017-10-31T11:32:59.182088552Z: [    1.634982] TCP established hash table entries: 8192 (order: 4, 65536 bytes)
[STDERR  ] 2017-10-31T11:32:59.18209455Z: [    1.635780] TCP bind hash table entries: 8192 (order: 5, 131072 bytes)
[STDERR  ] 2017-10-31T11:32:59.182103578Z: [    1.636506] TCP: Hash tables configured (established 8192 bind 8192)
[STDERR  ] 2017-10-31T11:32:59.18211025Z: [    1.638786] UDP hash table entries: 512 (order: 2, 16384 bytes)
[STDERR  ] 2017-10-31T11:32:59.182115668Z: [    1.639352] UDP-Lite hash table entries: 512 (order: 2, 16384 bytes)
[STDERR  ] 2017-10-31T11:32:59.18212108Z: [    1.642513] NET: Registered protocol family 1
[STDERR  ] 2017-10-31T11:32:59.182130518Z: [    1.643357] pci 0000:00:01.0: Video device with shadowed ROM at [mem 0x000c0000-0x000dffff]
[STDERR  ] 2017-10-31T11:32:59.182135928Z: [    1.651900] Unpacking initramfs...
[STDERR  ] 2017-10-31T11:32:59.182141245Z: [    4.997815] Freeing initrd memory: 26144K
[STDERR  ] 2017-10-31T11:32:59.182146638Z: [    5.024518] PCLMULQDQ-NI instructions are not detected.
[STDERR  ] 2017-10-31T11:32:59.182151959Z: [    5.025904] AVX or AES-NI instructions are not detected.
[STDERR  ] 2017-10-31T11:32:59.182160425Z: [    5.026353] CPU feature 'AVX registers' is not supported.
[STDERR  ] 2017-10-31T11:32:59.182165936Z: [    5.026747] CPU feature 'AVX registers' is not supported.
[STDERR  ] 2017-10-31T11:32:59.182171381Z: [    5.027120] CPU feature 'AVX registers' is not supported.
[STDERR  ] 2017-10-31T11:32:59.182176895Z: [    5.027482] CPU feature 'AVX registers' is not supported.
[STDERR  ] 2017-10-31T11:32:59.18218231Z: [    5.027885] AVX2 or AES-NI instructions are not detected.
[STDERR  ] 2017-10-31T11:32:59.182187745Z: [    5.028242] AVX2 instructions are not detected.
[STDERR  ] 2017-10-31T11:32:59.182193224Z: [    5.034894] audit: initializing netlink subsys (disabled)
[STDERR  ] 2017-10-31T11:32:59.182198482Z: [    5.036614] audit: type=2000 audit(1509449550.030:1): initialized
[STDERR  ] 2017-10-31T11:32:59.182203834Z: [    5.044427] workingset: timestamp_bits=46 max_order=18 bucket_order=0
[STDERR  ] 2017-10-31T11:32:59.182209402Z: [    5.048779] squashfs: version 4.0 (2009/01/31) Phillip Lougher
[STDERR  ] 2017-10-31T11:32:59.182214896Z: [    5.051778] FS-Cache: Netfs 'cifs' registered for caching
[STDERR  ] 2017-10-31T11:32:59.182220285Z: [    5.052820] fuse init (API version 7.26)
[STDERR  ] 2017-10-31T11:32:59.182225576Z: [    5.055051] SGI XFS with ACLs, security attributes, no debug enabled
[STDERR  ] 2017-10-31T11:32:59.182231174Z: [    5.058715] 9p: Installing v9fs 9p2000 file system support
[STDERR  ] 2017-10-31T11:32:59.182239023Z: [    5.059189] FS-Cache: Netfs '9p' registered for caching
[STDERR  ] 2017-10-31T11:32:59.182245094Z: [    5.092244] NET: Registered protocol family 38
[STDERR  ] 2017-10-31T11:32:59.182250424Z: [    5.092848] Key type asymmetric registered
[STDERR  ] 2017-10-31T11:32:59.182255812Z: [    5.093184] Asymmetric key parser 'x509' registered
[STDERR  ] 2017-10-31T11:32:59.18226307Z: [    5.094122] Block layer SCSI generic (bsg) driver version 0.4 loaded (major 251)
[STDERR  ] 2017-10-31T11:32:59.182269097Z: [    5.095813] io scheduler noop registered
[STDERR  ] 2017-10-31T11:32:59.182274457Z: [    5.096155] io scheduler deadline registered (default)
[STDERR  ] 2017-10-31T11:32:59.182279873Z: [    5.096925] io scheduler cfq registered
[STDERR  ] 2017-10-31T11:32:59.182285311Z: [    5.099600] pci_hotplug: PCI Hot Plug PCI Core version: 0.5
[STDERR  ] 2017-10-31T11:32:59.182290685Z: [    5.101339] pciehp: PCI Express Hot Plug Controller Driver version: 0.4
[STDERR  ] 2017-10-31T11:32:59.182296219Z: [    5.102257] shpchp: Standard Hot Plug PCI Controller Driver version: 0.4
[STDERR  ] 2017-10-31T11:32:59.182301641Z: [    5.103099] hv_vmbus: registering driver hyperv_fb
[STDERR  ] 2017-10-31T11:32:59.182307064Z: [    5.106305] input: Power Button as /devices/LNXSYSTM:00/LNXPWRBN:00/input/input0
[STDERR  ] 2017-10-31T11:32:59.182313266Z: [    5.107454] ACPI: Power Button [PWRF]
[STDERR  ] 2017-10-31T11:32:59.182318629Z: [    5.113032] GHES: HEST is not enabled!
[STDERR  ] 2017-10-31T11:32:59.18232409Z: [    5.125467] ACPI: PCI Interrupt Link [GSIG] enabled at IRQ 22
[STDERR  ] 2017-10-31T11:32:59.182330102Z: [    5.140382] ACPI: PCI Interrupt Link [GSIH] enabled at IRQ 23
[STDERR  ] 2017-10-31T11:32:59.182340048Z: [    5.146131] xenfs: not registering filesystem on non-xen platform
[STDERR  ] 2017-10-31T11:32:59.18234574Z: [    5.148288] Serial: 8250/16550 driver, 4 ports, IRQ sharing disabled
[STDERR  ] 2017-10-31T11:32:59.182351119Z: [    5.173409] 00:04: ttyS0 at I/O 0x3f8 (irq = 4, base_baud = 115200) is a 16550A
[STDERR  ] 2017-10-31T11:32:59.182356673Z: [    5.185690] Non-volatile memory driver v1.3
[STDERR  ] 2017-10-31T11:32:59.182362097Z: [    5.193465] Hangcheck: starting hangcheck timer 0.9.1 (tick is 180 seconds, margin is 60 seconds).
[STDERR  ] 2017-10-31T11:32:59.182367785Z: [    5.231916] loop: module loaded
[STDERR  ] 2017-10-31T11:32:59.182373154Z: [    5.246890] nbd: registered device at major 43
[STDERR  ] 2017-10-31T11:32:59.182378534Z: [    5.288115] lpc_ich 0000:00:1f.0: I/O space for GPIO uninitialized
[STDERR  ] 2017-10-31T11:32:59.182387583Z: [    5.290529] VMware PVSCSI driver - version 1.0.7.0-k
[STDERR  ] 2017-10-31T11:32:59.182392985Z: [    5.291341] hv_vmbus: registering driver hv_storvsc
[STDERR  ] 2017-10-31T11:32:59.18239829Z: [    5.301932] ACPI: PCI Interrupt Link [GSIA] enabled at IRQ 16
[STDERR  ] 2017-10-31T11:32:59.182403637Z: [    5.308433] ahci 0000:00:1f.2: AHCI 0001.0000 32 slots 6 ports 1.5 Gbps 0x3f impl SATA mode
[STDERR  ] 2017-10-31T11:32:59.182409014Z: [    5.309208] ahci 0000:00:1f.2: flags: 64bit ncq only 
[STDERR  ] 2017-10-31T11:32:59.182414413Z: [    5.328998] scsi host0: ahci
[STDERR  ] 2017-10-31T11:32:59.182419815Z: [    5.334206] scsi host1: ahci
[STDERR  ] 2017-10-31T11:32:59.182427269Z: [    5.336524] scsi host2: ahci
[STDERR  ] 2017-10-31T11:32:59.182432562Z: [    5.338581] scsi host3: ahci
[STDERR  ] 2017-10-31T11:32:59.182438017Z: [    5.340869] scsi host4: ahci
[STDERR  ] 2017-10-31T11:32:59.182443287Z: [    5.343707] scsi host5: ahci
[STDERR  ] 2017-10-31T11:32:59.18244862Z: [    5.346400] ata1: SATA max UDMA/133 abar m4096@0xfebd2000 port 0xfebd2100 irq 24
[STDERR  ] 2017-10-31T11:32:59.182454065Z: [    5.346905] ata2: SATA max UDMA/133 abar m4096@0xfebd2000 port 0xfebd2180 irq 24
[STDERR  ] 2017-10-31T11:32:59.182459444Z: [    5.347320] ata3: SATA max UDMA/133 abar m4096@0xfebd2000 port 0xfebd2200 irq 24
[STDERR  ] 2017-10-31T11:32:59.182464764Z: [    5.347676] ata4: SATA max UDMA/133 abar m4096@0xfebd2000 port 0xfebd2280 irq 24
[STDERR  ] 2017-10-31T11:32:59.182470462Z: [    5.348031] ata5: SATA max UDMA/133 abar m4096@0xfebd2000 port 0xfebd2300 irq 24
[STDERR  ] 2017-10-31T11:32:59.182475761Z: [    5.348438] ata6: SATA max UDMA/133 abar m4096@0xfebd2000 port 0xfebd2380 irq 24
[STDERR  ] 2017-10-31T11:32:59.182481106Z: [    5.361525] tun: Universal TUN/TAP device driver, 1.6
[STDERR  ] 2017-10-31T11:32:59.182486532Z: [    5.361873] tun: (C) 1999-2004 Max Krasnyansky <maxk@qualcomm.com>
[STDERR  ] 2017-10-31T11:32:59.182491946Z: [    5.372402] VMware vmxnet3 virtual NIC driver - version 1.4.a.0-k-NAPI
[STDERR  ] 2017-10-31T11:32:59.182497296Z: [    5.373286] hv_vmbus: registering driver hv_netvsc
[STDERR  ] 2017-10-31T11:32:59.182502592Z: [    5.373609] Fusion MPT base driver 3.04.20
[STDERR  ] 2017-10-31T11:32:59.182508002Z: [    5.373885] Copyright (c) 1999-2008 LSI Corporation
[STDERR  ] 2017-10-31T11:32:59.182513351Z: [    5.374468] Fusion MPT SPI Host driver 3.04.20
[STDERR  ] 2017-10-31T11:32:59.182520544Z: [    5.376420] i8042: PNP: PS/2 Controller [PNP0303:KBD,PNP0f13:MOU] at 0x60,0x64 irq 1,12
[STDERR  ] 2017-10-31T11:32:59.182525897Z: [    5.380777] serio: i8042 KBD port at 0x60,0x64 irq 1
[STDERR  ] 2017-10-31T11:32:59.182531169Z: [    5.381505] serio: i8042 AUX port at 0x60,0x64 irq 12
[STDERR  ] 2017-10-31T11:32:59.182536571Z: [    5.384571] hv_vmbus: registering driver hyperv_keyboard
[STDERR  ] 2017-10-31T11:32:59.182542019Z: [    5.387359] mousedev: PS/2 mouse device common for all mice
[STDERR  ] 2017-10-31T11:32:59.182547344Z: [    5.392447] input: AT Translated Set 2 keyboard as /devices/platform/i8042/serio0/input/input1
[STDERR  ] 2017-10-31T11:32:59.182555441Z: [    5.395370] input: PC Speaker as /devices/platform/pcspkr/input/input2
[STDERR  ] 2017-10-31T11:32:59.182560908Z: [    5.398960] rtc_cmos 00:00: RTC can wake from S4
[STDERR  ] 2017-10-31T11:32:59.182566235Z: [    5.402554] rtc_cmos 00:00: rtc core: registered rtc_cmos as rtc0
[STDERR  ] 2017-10-31T11:32:59.182572997Z: [    5.403814] rtc_cmos 00:00: alarms up to one day, y3k, 114 bytes nvram, hpet irqs
[STDERR  ] 2017-10-31T11:32:59.182578367Z: [    5.404522] i2c /dev entries driver
[STDERR  ] 2017-10-31T11:32:59.182583733Z: [    5.406451] device-mapper: ioctl: 4.35.0-ioctl (2016-06-23) initialised: dm-devel@redhat.com
[STDERR  ] 2017-10-31T11:32:59.182589136Z: [    5.411553] usbcore: registered new interface driver usbhid
[STDERR  ] 2017-10-31T11:32:59.182594619Z: [    5.411879] usbhid: USB HID core driver
[STDERR  ] 2017-10-31T11:32:59.182599947Z: [    5.412506] hv_utils: Registering HyperV Utility Driver
[STDERR  ] 2017-10-31T11:32:59.182610384Z: [    5.412777] hv_vmbus: registering driver hv_util
[STDERR  ] 2017-10-31T11:32:59.182615844Z: [    5.413030] hv_vmbus: registering driver hv_balloon
[STDERR  ] 2017-10-31T11:32:59.182621152Z: [    5.413530] oprofile: using NMI interrupt.
[STDERR  ] 2017-10-31T11:32:59.182626472Z: [    5.414560] GACT probability on
[STDERR  ] 2017-10-31T11:32:59.18263178Z: [    5.415062] Mirror/redirect action on
[STDERR  ] 2017-10-31T11:32:59.18263711Z: [    5.415913] Simple TC action Loaded
[STDERR  ] 2017-10-31T11:32:59.182642463Z: [    5.416517] u32 classifier
[STDERR  ] 2017-10-31T11:32:59.182647849Z: [    5.416669]     Performance counters on
[STDERR  ] 2017-10-31T11:32:59.182653226Z: [    5.416870]     input device check on
[STDERR  ] 2017-10-31T11:32:59.182658577Z: [    5.417082]     Actions configured
[STDERR  ] 2017-10-31T11:32:59.18266393Z: [    5.417640] Netfilter messages via NETLINK v0.30.
[STDERR  ] 2017-10-31T11:32:59.182669276Z: [    5.418170] nfnl_acct: registering with nfnetlink.
[STDERR  ] 2017-10-31T11:32:59.182674664Z: [    5.419721] nf_conntrack version 0.5.0 (8192 buckets, 32768 max)
[STDERR  ] 2017-10-31T11:32:59.182679991Z: [    5.422963] ctnetlink v0.93: registering with nfnetlink.
[STDERR  ] 2017-10-31T11:32:59.182685377Z: [    5.426160] nf_tables: (c) 2007-2009 Patrick McHardy <kaber@trash.net>
[STDERR  ] 2017-10-31T11:32:59.182690775Z: [    5.426953] nf_tables_compat: (c) 2012 Pablo Neira Ayuso <pablo@netfilter.org>
[STDERR  ] 2017-10-31T11:32:59.182696351Z: [    5.429289] xt_time: kernel timezone is -0000
[STDERR  ] 2017-10-31T11:32:59.182701716Z: [    5.429869] ip_set: protocol 6
[STDERR  ] 2017-10-31T11:32:59.182707048Z: [    5.430887] IPVS: Registered protocols (TCP, UDP, SCTP, AH, ESP)
[STDERR  ] 2017-10-31T11:32:59.182712432Z: [    5.431488] IPVS: Connection hash table configured (size=4096, memory=64Kbytes)
[STDERR  ] 2017-10-31T11:32:59.182719507Z: [    5.433458] IPVS: Creating netns size=2104 id=0
[STDERR  ] 2017-10-31T11:32:59.182724885Z: [    5.435981] IPVS: ipvs loaded.
[STDERR  ] 2017-10-31T11:32:59.182730247Z: [    5.436314] IPVS: [rr] scheduler registered.
[STDERR  ] 2017-10-31T11:32:59.182735617Z: [    5.436643] IPVS: [wrr] scheduler registered.
[STDERR  ] 2017-10-31T11:32:59.182740997Z: [    5.436909] IPVS: [lc] scheduler registered.
[STDERR  ] 2017-10-31T11:32:59.18274636Z: [    5.437167] IPVS: [wlc] scheduler registered.
[STDERR  ] 2017-10-31T11:32:59.182751628Z: [    5.437405] IPVS: [fo] scheduler registered.
[STDERR  ] 2017-10-31T11:32:59.182756886Z: [    5.437663] IPVS: [ovf] scheduler registered.
[STDERR  ] 2017-10-31T11:32:59.182762289Z: [    5.438098] IPVS: [lblc] scheduler registered.
[STDERR  ] 2017-10-31T11:32:59.182769525Z: [    5.438565] IPVS: [lblcr] scheduler registered.
[STDERR  ] 2017-10-31T11:32:59.182774855Z: [    5.438880] IPVS: [dh] scheduler registered.
[STDERR  ] 2017-10-31T11:32:59.182780183Z: [    5.439126] IPVS: [sh] scheduler registered.
[STDERR  ] 2017-10-31T11:32:59.18278564Z: [    5.439363] IPVS: [sed] scheduler registered.
[STDERR  ] 2017-10-31T11:32:59.182790993Z: [    5.439607] IPVS: [nq] scheduler registered.
[STDERR  ] 2017-10-31T11:32:59.182798983Z: [    5.440752] IPVS: ftp: loaded support on port[0] = 21
[STDERR  ] 2017-10-31T11:32:59.182804454Z: [    5.441629] ipip: IPv4 and MPLS over IPv4 tunneling driver
[STDERR  ] 2017-10-31T11:32:59.182809798Z: [    5.445743] gre: GRE over IPv4 demultiplexor driver
[STDERR  ] 2017-10-31T11:32:59.182815142Z: [    5.448574] ip_tables: (C) 2000-2006 Netfilter Core Team
[STDERR  ] 2017-10-31T11:32:59.182820471Z: [    5.452292] ipt_CLUSTERIP: ClusterIP Version 0.8 loaded successfully
[STDERR  ] 2017-10-31T11:32:59.182825798Z: [    5.453006] arp_tables: arp_tables: (C) 2002 David S. Miller
[STDERR  ] 2017-10-31T11:32:59.182831243Z: [    5.455343] NET: Registered protocol family 10
[STDERR  ] 2017-10-31T11:32:59.182836722Z: [    5.464959] ip6_tables: (C) 2000-2006 Netfilter Core Team
[STDERR  ] 2017-10-31T11:32:59.182842067Z: [    5.473730] NET: Registered protocol family 17
[STDERR  ] 2017-10-31T11:32:59.182850082Z: [    5.474856] Bridge firewalling registered
[STDERR  ] 2017-10-31T11:32:59.182855592Z: [    5.475368] Ebtables v2.0 registered
[STDERR  ] 2017-10-31T11:32:59.182860959Z: [    5.477318] 8021q: 802.1Q VLAN Support v1.8
[STDERR  ] 2017-10-31T11:32:59.182866274Z: [    5.478787] 9pnet: Installing 9P2000 support
[STDERR  ] 2017-10-31T11:32:59.182871585Z: [    5.480734] Key type dns_resolver registered
[STDERR  ] 2017-10-31T11:32:59.182876904Z: [    5.481753] microcode: AMD CPU family 0x6 not supported
[STDERR  ] 2017-10-31T11:32:59.182882243Z: [    5.485334] registered taskstats version 1
[STDERR  ] 2017-10-31T11:32:59.182887511Z: [    5.659439] Key type big_key registered
[STDERR  ] 2017-10-31T11:32:59.182892837Z: [    5.684669] ata3: SATA link up 1.5 Gbps (SStatus 113 SControl 300)
[STDERR  ] 2017-10-31T11:32:59.18289818Z: [    5.688989] ata2: SATA link down (SStatus 0 SControl 300)
[STDERR  ] 2017-10-31T11:32:59.182903521Z: [    5.690891] ata1: SATA link down (SStatus 0 SControl 300)
[STDERR  ] 2017-10-31T11:32:59.182908872Z: [    5.691429] ata5: SATA link down (SStatus 0 SControl 300)
[STDERR  ] 2017-10-31T11:32:59.182914195Z: [    5.691876] ata4: SATA link down (SStatus 0 SControl 300)
[STDERR  ] 2017-10-31T11:32:59.182921136Z: [    5.694200] ata6: SATA link down (SStatus 0 SControl 300)
[STDERR  ] 2017-10-31T11:32:59.182926485Z: [    5.695979] ata3.00: ATAPI: QEMU DVD-ROM, 2.5+, max UDMA/100
[STDERR  ] 2017-10-31T11:32:59.182931833Z: [    5.696509] ata3.00: applying bridge limits
[STDERR  ] 2017-10-31T11:32:59.182937213Z: [    5.698309] ata3.00: configured for UDMA/100
[STDERR  ] 2017-10-31T11:32:59.182942537Z: [    5.718334] scsi 2:0:0:0: CD-ROM            QEMU     QEMU DVD-ROM     2.5+ PQ: 0 ANSI: 5
[STDERR  ] 2017-10-31T11:32:59.182948034Z: [    5.753435] sr 2:0:0:0: [sr0] scsi3-mmc drive: 4x/4x cd/rw xa/form2 tray
[STDERR  ] 2017-10-31T11:32:59.182953401Z: [    5.754126] cdrom: Uniform CD-ROM driver Revision: 3.20
[STDERR  ] 2017-10-31T11:32:59.182958796Z: [    5.764514] sr 2:0:0:0: Attached scsi generic sg0 type 5
[STDERR  ] 2017-10-31T11:32:59.18296685Z: [    5.819129] Key type encrypted registered
[STDERR  ] 2017-10-31T11:32:59.182972285Z: [    5.825067] rtc_cmos 00:00: setting system clock to 2017-10-31 11:32:31 UTC (1509449551)
[STDERR  ] 2017-10-31T11:32:59.182977832Z: [    5.970882] Freeing unused kernel memory: 1380K
[STDERR  ] 2017-10-31T11:32:59.182983261Z: [    5.971286] Write protecting the kernel read-only data: 12288k
[STDERR  ] 2017-10-31T11:32:59.18298862Z: [    5.978154] Freeing unused kernel memory: 124K
[STDERR  ] 2017-10-31T11:32:59.18299394Z: [    6.069931] Freeing unused kernel memory: 1392K
[STDERR  ] 2017-10-31T11:32:59.183000627Z: [    6.071039] tsc: Refined TSC clocksource calibration: 2599.872 MHz
[STDERR  ] 2017-10-31T11:32:59.183006121Z: [    6.071553] clocksource: tsc: mask: 0xffffffffffffffff max_cycles: 0x2579c32795f, max_idle_ns: 440795233932 ns
[STDERR  ] 2017-10-31T11:32:59.183012137Z: [    7.087675] clocksource: Switched to clocksource tsc
[STDERR  ] 2017-10-31T11:32:59.183017489Z: 
[STDERR  ] 2017-10-31T11:32:59.183026426Z: Welcome to LinuxKit
[STDERR  ] 2017-10-31T11:32:59.183031988Z: 
[STDERR  ] 2017-10-31T11:32:59.183037342Z:                         ##         .
[STDERR  ] 2017-10-31T11:32:59.183042697Z:                   ## ## ##        ==
[STDERR  ] 2017-10-31T11:32:59.183048Z:                ## ## ## ## ##    ===
[STDERR  ] 2017-10-31T11:32:59.183053489Z:            /"""""""""""""""""\___/ ===
[STDERR  ] 2017-10-31T11:32:59.183059019Z:           {                       /  ===-
[STDERR  ] 2017-10-31T11:32:59.183064359Z:            \______ O           __/
[STDERR  ] 2017-10-31T11:32:59.183069751Z:              \    \         __/
[STDERR  ] 2017-10-31T11:32:59.183075163Z:               \____\_______/
[STDERR  ] 2017-10-31T11:32:59.183080857Z: 
[STDERR  ] 2017-10-31T11:32:59.183086509Z: [   18.965573] 8021q: adding VLAN 0 to HW filter on device eth0
[STDERR  ] 2017-10-31T11:32:59.183091888Z: eth0: waiting for carrier
[STDERR  ] 2017-10-31T11:32:59.183105395Z: eth0: carrier acquired
[STDERR  ] 2017-10-31T11:32:59.183110847Z: DUID 00:01:00:01:21:8b:1b:dc:d2:b0:5d:d2:10:12
[STDERR  ] 2017-10-31T11:32:59.183116259Z: eth0: IAID 5d:d2:10:12
[STDERR  ] 2017-10-31T11:32:59.183127447Z: [   19.077557] random: dhcpcd: uninitialized urandom read (112 bytes read)
[STDERR  ] 2017-10-31T11:32:59.183133259Z: eth0: adding address fe80::4c4:1696:dd0b:1a3d
[STDERR  ] 2017-10-31T11:32:59.18313859Z: eth0: soliciting an IPv6 router
[STDERR  ] 2017-10-31T11:32:59.183144016Z: eth0: soliciting a DHCP lease
[STDERR  ] 2017-10-31T11:32:59.183149772Z: eth0: offered 10.0.2.15 from 10.0.2.2
[STDERR  ] 2017-10-31T11:32:59.183155103Z: eth0: leased 10.0.2.15 for 86400 seconds
[STDERR  ] 2017-10-31T11:32:59.183161194Z: eth0: adding route to 10.0.2.0/24
[STDERR  ] 2017-10-31T11:32:59.183166685Z: eth0: adding default route via 10.0.2.2
[STDERR  ] 2017-10-31T11:32:59.183172103Z: exiting due to oneshot
[STDERR  ] 2017-10-31T11:32:59.183177469Z: dhcpcd exited
[STDERR  ] 2017-10-31T11:32:59.183183006Z: dhcpcd test suite PASSED
[STDERR  ] 2017-10-31T11:32:59.183188328Z: [   32.403711] ACPI: Preparing to enter system sleep state S5
[STDERR  ] 2017-10-31T11:32:59.183193827Z: [   32.405253] reboot: Power down
[STDERR  ] 2017-10-31T11:32:59.183199214Z: + grep -q suite PASSED
[STDOUT  ] 2017-10-31T11:32:59.183214189Z: [    0.000000] Linux version 4.9.59-linuxkit (root@01324b49428a) (gcc version 6.3.0 (Alpine 6.3.0) ) #1 SMP Sat Oct 28 17:03:21 UTC 2017
[STDOUT  ] 2017-10-31T11:32:59.183233334Z: [    0.000000] Command line: console=ttyS0 page_poison=1
[STDOUT  ] 2017-10-31T11:32:59.183238736Z: [    0.000000] x86/fpu: Legacy x87 FPU detected.
[STDOUT  ] 2017-10-31T11:32:59.183244087Z: [    0.000000] x86/fpu: Using 'eager' FPU context switches.
[STDOUT  ] 2017-10-31T11:32:59.183249512Z: [    0.000000] e820: BIOS-provided physical RAM map:
[STDOUT  ] 2017-10-31T11:32:59.183254962Z: [    0.000000] BIOS-e820: [mem 0x0000000000000000-0x000000000009fbff] usable
[STDOUT  ] 2017-10-31T11:32:59.183260443Z: [    0.000000] BIOS-e820: [mem 0x000000000009fc00-0x000000000009ffff] reserved
[STDOUT  ] 2017-10-31T11:32:59.183267163Z: [    0.000000] BIOS-e820: [mem 0x00000000000f0000-0x00000000000fffff] reserved
[STDOUT  ] 2017-10-31T11:32:59.183272577Z: [    0.000000] BIOS-e820: [mem 0x0000000000100000-0x000000003ffdefff] usable
[STDOUT  ] 2017-10-31T11:32:59.183278011Z: [    0.000000] BIOS-e820: [mem 0x000000003ffdf000-0x000000003fffffff] reserved
[STDOUT  ] 2017-10-31T11:32:59.183283477Z: [    0.000000] BIOS-e820: [mem 0x00000000b0000000-0x00000000bfffffff] reserved
[STDOUT  ] 2017-10-31T11:32:59.183288836Z: [    0.000000] BIOS-e820: [mem 0x00000000fed1c000-0x00000000fed1ffff] reserved
[STDOUT  ] 2017-10-31T11:32:59.183294388Z: [    0.000000] BIOS-e820: [mem 0x00000000fffc0000-0x00000000ffffffff] reserved
[STDOUT  ] 2017-10-31T11:32:59.183299743Z: [    0.000000] NX (Execute Disable) protection: active
[STDOUT  ] 2017-10-31T11:32:59.183305198Z: [    0.000000] SMBIOS 2.8 present.
[STDOUT  ] 2017-10-31T11:32:59.183310808Z: [    0.000000] e820: last_pfn = 0x3ffdf max_arch_pfn = 0x400000000
[STDOUT  ] 2017-10-31T11:32:59.183320395Z: [    0.000000] x86/PAT: Configuration [0-7]: WB  WC  UC- UC  WB  WC  UC- WT  
[STDOUT  ] 2017-10-31T11:32:59.183326079Z: [    0.000000] found SMP MP-table at [mem 0x000f6aa0-0x000f6aaf] mapped at [ffffa056000f6aa0]
[STDOUT  ] 2017-10-31T11:32:59.183331602Z: [    0.000000] RAMDISK: [mem 0x3e648000-0x3ffcffff]
[STDOUT  ] 2017-10-31T11:32:59.183336967Z: [    0.000000] ACPI: Early table checksum verification disabled
[STDOUT  ] 2017-10-31T11:32:59.183342453Z: [    0.000000] ACPI: RSDP 0x00000000000F68C0 000014 (v00 BOCHS )
[STDOUT  ] 2017-10-31T11:32:59.183347842Z: [    0.000000] ACPI: RSDT 0x000000003FFE2404 000034 (v01 BOCHS  BXPCRSDT 00000001 BXPC 00000001)
[STDOUT  ] 2017-10-31T11:32:59.183353393Z: [    0.000000] ACPI: FACP 0x000000003FFE22A4 000074 (v01 BOCHS  BXPCFACP 00000001 BXPC 00000001)
[STDOUT  ] 2017-10-31T11:32:59.183358896Z: [    0.000000] ACPI: DSDT 0x000000003FFE0040 002264 (v01 BOCHS  BXPCDSDT 00000001 BXPC 00000001)
[STDOUT  ] 2017-10-31T11:32:59.183367363Z: [    0.000000] ACPI: FACS 0x000000003FFE0000 000040
[STDOUT  ] 2017-10-31T11:32:59.183374594Z: [    0.000000] ACPI: APIC 0x000000003FFE2318 000078 (v01 BOCHS  BXPCAPIC 00000001 BXPC 00000001)
[STDOUT  ] 2017-10-31T11:32:59.18338Z: [    0.000000] ACPI: HPET 0x000000003FFE2390 000038 (v01 BOCHS  BXPCHPET 00000001 BXPC 00000001)
[STDOUT  ] 2017-10-31T11:32:59.183385588Z: [    0.000000] ACPI: MCFG 0x000000003FFE23C8 00003C (v01 BOCHS  BXPCMCFG 00000001 BXPC 00000001)
[STDOUT  ] 2017-10-31T11:32:59.183393109Z: [    0.000000] Zone ranges:
[STDOUT  ] 2017-10-31T11:32:59.183399018Z: [    0.000000]   DMA      [mem 0x0000000000001000-0x0000000000ffffff]
[STDOUT  ] 2017-10-31T11:32:59.18340494Z: [    0.000000]   DMA32    [mem 0x0000000001000000-0x000000003ffdefff]
[STDOUT  ] 2017-10-31T11:32:59.183410485Z: [    0.000000]   Normal   empty
[STDOUT  ] 2017-10-31T11:32:59.183415983Z: [    0.000000] Movable zone start for each node
[STDOUT  ] 2017-10-31T11:32:59.183421534Z: [    0.000000] Early memory node ranges
[STDOUT  ] 2017-10-31T11:32:59.183426917Z: [    0.000000]   node   0: [mem 0x0000000000001000-0x000000000009efff]
[STDOUT  ] 2017-10-31T11:32:59.183432234Z: [    0.000000]   node   0: [mem 0x0000000000100000-0x000000003ffdefff]
[STDOUT  ] 2017-10-31T11:32:59.183437595Z: [    0.000000] Initmem setup node 0 [mem 0x0000000000001000-0x000000003ffdefff]
[STDOUT  ] 2017-10-31T11:32:59.183443066Z: [    0.000000] ACPI: PM-Timer IO Port: 0x608
[STDOUT  ] 2017-10-31T11:32:59.183448472Z: [    0.000000] ACPI: LAPIC_NMI (acpi_id[0xff] dfl dfl lint[0x1])
[STDOUT  ] 2017-10-31T11:32:59.183453935Z: [    0.000000] IOAPIC[0]: apic_id 0, version 32, address 0xfec00000, GSI 0-23
[STDOUT  ] 2017-10-31T11:32:59.183459235Z: [    0.000000] ACPI: INT_SRC_OVR (bus 0 bus_irq 0 global_irq 2 dfl dfl)
[STDOUT  ] 2017-10-31T11:32:59.183464623Z: [    0.000000] ACPI: INT_SRC_OVR (bus 0 bus_irq 5 global_irq 5 high level)
[STDOUT  ] 2017-10-31T11:32:59.183470634Z: [    0.000000] ACPI: INT_SRC_OVR (bus 0 bus_irq 9 global_irq 9 high level)
[STDOUT  ] 2017-10-31T11:32:59.183476674Z: [    0.000000] ACPI: INT_SRC_OVR (bus 0 bus_irq 10 global_irq 10 high level)
[STDOUT  ] 2017-10-31T11:32:59.183482078Z: [    0.000000] ACPI: INT_SRC_OVR (bus 0 bus_irq 11 global_irq 11 high level)
[STDOUT  ] 2017-10-31T11:32:59.183487352Z: [    0.000000] Using ACPI (MADT) for SMP configuration information
[STDOUT  ] 2017-10-31T11:32:59.183492713Z: [    0.000000] ACPI: HPET id: 0x8086a201 base: 0xfed00000
[STDOUT  ] 2017-10-31T11:32:59.183499693Z: [    0.000000] smpboot: Allowing 1 CPUs, 0 hotplug CPUs
[STDOUT  ] 2017-10-31T11:32:59.18350511Z: [    0.000000] e820: [mem 0x40000000-0xafffffff] available for PCI devices
[STDOUT  ] 2017-10-31T11:32:59.183510636Z: [    0.000000] Booting paravirtualized kernel on bare hardware
[STDOUT  ] 2017-10-31T11:32:59.185512683Z: [    0.000000] clocksource: refined-jiffies: mask: 0xffffffff max_cycles: 0xffffffff, max_idle_ns: 19112604462750000 ns
[STDOUT  ] 2017-10-31T11:32:59.185542638Z: [    0.000000] setup_percpu: NR_CPUS:128 nr_cpumask_bits:128 nr_cpu_ids:1 nr_node_ids:1
[STDOUT  ] 2017-10-31T11:32:59.185558021Z: [    0.000000] percpu: Embedded 35 pages/cpu @ffffa0563e400000 s105240 r8192 d29928 u2097152
[STDOUT  ] 2017-10-31T11:32:59.185566832Z: [    0.000000] Built 1 zonelists in Zone order, mobility grouping on.  Total pages: 257896
[STDOUT  ] 2017-10-31T11:32:59.185588552Z: [    0.000000] Kernel command line: console=ttyS0 page_poison=1
[STDOUT  ] 2017-10-31T11:32:59.185601115Z: [    0.000000] PID hash table entries: 4096 (order: 3, 32768 bytes)
[STDOUT  ] 2017-10-31T11:32:59.185609556Z: [    0.000000] Dentry cache hash table entries: 131072 (order: 8, 1048576 bytes)
[STDOUT  ] 2017-10-31T11:32:59.185618871Z: [    0.000000] Inode-cache hash table entries: 65536 (order: 7, 524288 bytes)
[STDOUT  ] 2017-10-31T11:32:59.185628394Z: [    0.000000] Memory: 988028K/1048052K available (8053K kernel code, 1367K rwdata, 2704K rodata, 1380K init, 568K bss, 60024K reserved, 0K cma-reserved)
[STDOUT  ] 2017-10-31T11:32:59.185643843Z: [    0.000000] Hierarchical RCU implementation.
[STDOUT  ] 2017-10-31T11:32:59.185652768Z: [    0.000000] 	Build-time adjustment of leaf fanout to 64.
[STDOUT  ] 2017-10-31T11:32:59.185673162Z: [    0.000000] 	RCU restricting CPUs from NR_CPUS=128 to nr_cpu_ids=1.
[STDOUT  ] 2017-10-31T11:32:59.185681871Z: [    0.000000] RCU: Adjusting geometry for rcu_fanout_leaf=64, nr_cpu_ids=1
[STDOUT  ] 2017-10-31T11:32:59.185690281Z: [    0.000000] NR_IRQS:8448 nr_irqs:256 16
[STDOUT  ] 2017-10-31T11:32:59.185698189Z: [    0.000000] Console: colour VGA+ 80x25
[STDOUT  ] 2017-10-31T11:32:59.185706639Z: [    0.000000] console [ttyS0] enabled
[STDOUT  ] 2017-10-31T11:32:59.185714418Z: [    0.000000] allocated 2097152 bytes of page_ext
[STDOUT  ] 2017-10-31T11:32:59.185727351Z: [    0.000000] clocksource: hpet: mask: 0xffffffff max_cycles: 0xffffffff, max_idle_ns: 19112604467 ns
[STDOUT  ] 2017-10-31T11:32:59.185744466Z: [    0.000000] tsc: Fast TSC calibration using PIT
[STDOUT  ] 2017-10-31T11:32:59.185752634Z: [    0.000000] tsc: Detected 2599.857 MHz processor
[STDOUT  ] 2017-10-31T11:32:59.18576065Z: [    0.032398] Calibrating delay loop (skipped), value calculated using timer frequency.. 5199.71 BogoMIPS (lpj=25998570)
[STDOUT  ] 2017-10-31T11:32:59.185769457Z: [    0.033516] pid_max: default: 32768 minimum: 301
[STDOUT  ] 2017-10-31T11:32:59.185777415Z: [    0.034577] ACPI: Core revision 20160831
[STDOUT  ] 2017-10-31T11:32:59.185785664Z: [    0.076421] ACPI: 1 ACPI AML tables successfully acquired and loaded
[STDOUT  ] 2017-10-31T11:32:59.185793756Z: [    0.081099] Security Framework initialized
[STDOUT  ] 2017-10-31T11:32:59.185802066Z: [    0.081556] Yama: becoming mindful.
[STDOUT  ] 2017-10-31T11:32:59.185818013Z: [    0.084167] Mount-cache hash table entries: 2048 (order: 2, 16384 bytes)
[STDOUT  ] 2017-10-31T11:32:59.18582682Z: [    0.084726] Mountpoint-cache hash table entries: 2048 (order: 2, 16384 bytes)
[STDOUT  ] 2017-10-31T11:32:59.185835019Z: [    0.104273] Last level iTLB entries: 4KB 0, 2MB 0, 4MB 0
[STDOUT  ] 2017-10-31T11:32:59.185843327Z: [    0.104731] Last level dTLB entries: 4KB 0, 2MB 0, 4MB 0, 1GB 0
[STDOUT  ] 2017-10-31T11:32:59.185851859Z: [    0.386192] Freeing SMP alternatives memory: 20K
[STDOUT  ] 2017-10-31T11:32:59.185860002Z: [    0.396297] ftrace: allocating 35584 entries in 140 pages
[STDOUT  ] 2017-10-31T11:32:59.185867874Z: [    0.569649] smpboot: Max logical packages: 1
[STDOUT  ] 2017-10-31T11:32:59.185876081Z: [    0.576308] ..TIMER: vector=0x30 apic1=0 pin1=2 apic2=-1 pin2=-1
[STDOUT  ] 2017-10-31T11:32:59.185884098Z: [    0.680000] smpboot: CPU0: AMD QEMU Virtual CPU version 2.5+ (family: 0x6, model: 0x6, stepping: 0x3)
[STDOUT  ] 2017-10-31T11:32:59.185900511Z: [    0.680000] Performance Events: PMU not available due to virtualization, using software events only.
[STDOUT  ] 2017-10-31T11:32:59.185909536Z: [    0.689562] NMI watchdog: disabled (cpu0): hardware events not enabled
[STDOUT  ] 2017-10-31T11:32:59.185917277Z: [    0.690105] NMI watchdog: Shutting down hard lockup detector on all cpus
[STDOUT  ] 2017-10-31T11:32:59.185931565Z: [    0.693750] x86: Booted up 1 node, 1 CPUs
[STDOUT  ] 2017-10-31T11:32:59.18594167Z: [    0.694180] smpboot: Total of 1 processors activated (5199.71 BogoMIPS)
[STDOUT  ] 2017-10-31T11:32:59.185951088Z: [    0.709397] devtmpfs: initialized
[STDOUT  ] 2017-10-31T11:32:59.185959125Z: [    0.714462] x86/mm: Memory block size: 128MB
[STDOUT  ] 2017-10-31T11:32:59.185976267Z: [    0.777716] clocksource: jiffies: mask: 0xffffffff max_cycles: 0xffffffff, max_idle_ns: 19112604462750000 ns
[STDOUT  ] 2017-10-31T11:32:59.185984818Z: [    0.778743] futex hash table entries: 256 (order: 2, 16384 bytes)
[STDOUT  ] 2017-10-31T11:32:59.185993156Z: [    0.787849] NET: Registered protocol family 16
[STDOUT  ] 2017-10-31T11:32:59.186001421Z: [    0.798793] cpuidle: using governor ladder
[STDOUT  ] 2017-10-31T11:32:59.186009257Z: [    0.799347] cpuidle: using governor menu
[STDOUT  ] 2017-10-31T11:32:59.186020877Z: [    0.800777] ACPI: bus type PCI registered
[STDOUT  ] 2017-10-31T11:32:59.18602914Z: [    0.803686] PCI: MMCONFIG for domain 0000 [bus 00-ff] at [mem 0xb0000000-0xbfffffff] (base 0xb0000000)
[STDOUT  ] 2017-10-31T11:32:59.186037176Z: [    0.804423] PCI: MMCONFIG at [mem 0xb0000000-0xbfffffff] reserved in E820
[STDOUT  ] 2017-10-31T11:32:59.18605465Z: [    0.805822] PCI: Using configuration type 1 for base access
[STDOUT  ] 2017-10-31T11:32:59.186063265Z: [    0.857843] HugeTLB registered 2 MB page size, pre-allocated 0 pages
[STDOUT  ] 2017-10-31T11:32:59.18607194Z: [    0.872148] ACPI: Added _OSI(Module Device)
[STDOUT  ] 2017-10-31T11:32:59.186080106Z: [    0.872489] ACPI: Added _OSI(Processor Device)
[STDOUT  ] 2017-10-31T11:32:59.186088437Z: [    0.872784] ACPI: Added _OSI(3.0 _SCP Extensions)
[STDOUT  ] 2017-10-31T11:32:59.186096841Z: [    0.873085] ACPI: Added _OSI(Processor Aggregator Device)
[STDOUT  ] 2017-10-31T11:32:59.186105058Z: [    0.946187] ACPI: Interpreter enabled
[STDOUT  ] 2017-10-31T11:32:59.18611326Z: [    0.947183] ACPI: (supports S0 S5)
[STDOUT  ] 2017-10-31T11:32:59.186135512Z: [    0.947536] ACPI: Using IOAPIC for interrupt routing
[STDOUT  ] 2017-10-31T11:32:59.186145175Z: [    0.950260] PCI: Using host bridge windows from ACPI; if necessary, use "pci=nocrs" and report a bug
[STDOUT  ] 2017-10-31T11:32:59.186155798Z: [    1.011895] ACPI: PCI Root Bridge [PCI0] (domain 0000 [bus 00-ff])
[STDOUT  ] 2017-10-31T11:32:59.186166451Z: [    1.013098] acpi PNP0A08:00: _OSC: OS supports [ExtendedConfig ASPM ClockPM Segments MSI]
[STDOUT  ] 2017-10-31T11:32:59.186174173Z: [    1.019257] acpi PNP0A08:00: _OSC: OS now controls [PCIeHotplug PME PCIeCapability]
[STDOUT  ] 2017-10-31T11:32:59.186182712Z: [    1.023183] PCI host bridge to bus 0000:00
[STDOUT  ] 2017-10-31T11:32:59.186199348Z: [    1.023771] pci_bus 0000:00: root bus resource [io  0x0000-0x0cf7 window]
[STDOUT  ] 2017-10-31T11:32:59.186211655Z: [    1.024214] pci_bus 0000:00: root bus resource [io  0x0d00-0xffff window]
[STDOUT  ] 2017-10-31T11:32:59.186220032Z: [    1.024616] pci_bus 0000:00: root bus resource [mem 0x000a0000-0x000bffff window]
[STDOUT  ] 2017-10-31T11:32:59.186227459Z: [    1.025055] pci_bus 0000:00: root bus resource [mem 0xc0000000-0xfebfffff window]
[STDOUT  ] 2017-10-31T11:32:59.186236092Z: [    1.025408] pci_bus 0000:00: root bus resource [bus 00-ff]
[STDOUT  ] 2017-10-31T11:32:59.186244262Z: [    1.162643] pci 0000:00:1f.0: quirk: [io  0x0600-0x067f] claimed by ICH6 ACPI/GPIO/TCO
[STDOUT  ] 2017-10-31T11:32:59.186252647Z: [    1.243301] ACPI: PCI Interrupt Link [LNKA] (IRQs 5 *10 11)
[STDOUT  ] 2017-10-31T11:32:59.186260675Z: [    1.245934] ACPI: PCI Interrupt Link [LNKB] (IRQs 5 *10 11)
[STDOUT  ] 2017-10-31T11:32:59.186276906Z: [    1.247944] ACPI: PCI Interrupt Link [LNKC] (IRQs 5 10 *11)
[STDOUT  ] 2017-10-31T11:32:59.186287605Z: [    1.250377] ACPI: PCI Interrupt Link [LNKD] (IRQs 5 10 *11)
[STDOUT  ] 2017-10-31T11:32:59.186295381Z: [    1.251978] ACPI: PCI Interrupt Link [LNKE] (IRQs 5 *10 11)
[STDOUT  ] 2017-10-31T11:32:59.186303071Z: [    1.253569] ACPI: PCI Interrupt Link [LNKF] (IRQs 5 *10 11)
[STDOUT  ] 2017-10-31T11:32:59.186314663Z: [    1.255160] ACPI: PCI Interrupt Link [LNKG] (IRQs 5 10 *11)
[STDOUT  ] 2017-10-31T11:32:59.186322535Z: [    1.256716] ACPI: PCI Interrupt Link [LNKH] (IRQs 5 10 *11)
[STDOUT  ] 2017-10-31T11:32:59.186330662Z: [    1.257511] ACPI: PCI Interrupt Link [GSIA] (IRQs *16)
[STDOUT  ] 2017-10-31T11:32:59.186338441Z: [    1.258184] ACPI: PCI Interrupt Link [GSIB] (IRQs *17)
[STDOUT  ] 2017-10-31T11:32:59.18635546Z: [    1.258816] ACPI: PCI Interrupt Link [GSIC] (IRQs *18)
[STDOUT  ] 2017-10-31T11:32:59.186363584Z: [    1.259489] ACPI: PCI Interrupt Link [GSID] (IRQs *19)
[STDOUT  ] 2017-10-31T11:32:59.186371811Z: [    1.260215] ACPI: PCI Interrupt Link [GSIE] (IRQs *20)
[STDOUT  ] 2017-10-31T11:32:59.186380509Z: [    1.260784] ACPI: PCI Interrupt Link [GSIF] (IRQs *21)
[STDOUT  ] 2017-10-31T11:32:59.18638848Z: [    1.261356] ACPI: PCI Interrupt Link [GSIG] (IRQs *22)
[STDOUT  ] 2017-10-31T11:32:59.186399834Z: [    1.261981] ACPI: PCI Interrupt Link [GSIH] (IRQs *23)
[STDOUT  ] 2017-10-31T11:32:59.186407492Z: [    1.265827] ACPI: Enabled 2 GPEs in block 00 to 3F
[STDOUT  ] 2017-10-31T11:32:59.186415194Z: [    1.270318] SCSI subsystem initialized
[STDOUT  ] 2017-10-31T11:32:59.186434291Z: [    1.272213] ACPI: bus type USB registered
[STDOUT  ] 2017-10-31T11:32:59.186442364Z: [    1.273246] usbcore: registered new interface driver usbfs
[STDOUT  ] 2017-10-31T11:32:59.186450416Z: [    1.274145] usbcore: registered new interface driver hub
[STDOUT  ] 2017-10-31T11:32:59.18645775Z: [    1.274947] usbcore: registered new device driver usb
[STDOUT  ] 2017-10-31T11:32:59.186466163Z: [    1.276050] pps_core: LinuxPPS API ver. 1 registered
[STDOUT  ] 2017-10-31T11:32:59.186476799Z: [    1.276325] pps_core: Software ver. 5.3.6 - Copyright 2005-2007 Rodolfo Giometti <giometti@linux.it>
[STDOUT  ] 2017-10-31T11:32:59.186487366Z: [    1.277011] PTP clock support registered
[STDOUT  ] 2017-10-31T11:32:59.186504381Z: [    1.278150] wmi: Mapper loaded
[STDOUT  ] 2017-10-31T11:32:59.186513055Z: [    1.279285] PCI: Using ACPI for IRQ routing
[STDOUT  ] 2017-10-31T11:32:59.186520932Z: [    1.298124] NetLabel: Initializing
[STDOUT  ] 2017-10-31T11:32:59.186528931Z: [    1.298372] NetLabel:  domain hash size = 128
[STDOUT  ] 2017-10-31T11:32:59.186537059Z: [    1.298712] NetLabel:  protocols = UNLABELED CIPSOv4
[STDOUT  ] 2017-10-31T11:32:59.186544772Z: [    1.300797] NetLabel:  unlabeled traffic allowed by default
[STDOUT  ] 2017-10-31T11:32:59.186552801Z: [    1.301810] HPET: 3 timers in total, 0 timers will be used for per-cpu timer
[STDOUT  ] 2017-10-31T11:32:59.186561594Z: [    1.302598] hpet0: at MMIO 0xfed00000, IRQs 2, 8, 0
[STDOUT  ] 2017-10-31T11:32:59.186580935Z: [    1.303054] hpet0: 3 comparators, 64-bit 100.000000 MHz counter
[STDOUT  ] 2017-10-31T11:32:59.186589661Z: [    1.309287] clocksource: Switched to clocksource hpet
[STDOUT  ] 2017-10-31T11:32:59.186597713Z: [    1.553925] VFS: Disk quotas dquot_6.6.0
[STDOUT  ] 2017-10-31T11:32:59.186605799Z: [    1.554749] VFS: Dquot-cache hash table entries: 512 (order 0, 4096 bytes)
[STDOUT  ] 2017-10-31T11:32:59.186614399Z: [    1.558333] FS-Cache: Loaded
[STDOUT  ] 2017-10-31T11:32:59.186622573Z: [    1.563737] CacheFiles: Loaded
[STDOUT  ] 2017-10-31T11:32:59.186630769Z: [    1.565375] pnp: PnP ACPI init
[STDOUT  ] 2017-10-31T11:32:59.186639153Z: [    1.577399] pnp: PnP ACPI: found 5 devices
[STDOUT  ] 2017-10-31T11:32:59.186647174Z: [    1.623601] clocksource: acpi_pm: mask: 0xffffff max_cycles: 0xffffff, max_idle_ns: 2085701024 ns
[STDOUT  ] 2017-10-31T11:32:59.186664595Z: [    1.627392] NET: Registered protocol family 2
[STDOUT  ] 2017-10-31T11:32:59.186672554Z: [    1.634982] TCP established hash table entries: 8192 (order: 4, 65536 bytes)
[STDOUT  ] 2017-10-31T11:32:59.186681595Z: [    1.635780] TCP bind hash table entries: 8192 (order: 5, 131072 bytes)
[STDOUT  ] 2017-10-31T11:32:59.186689711Z: [    1.636506] TCP: Hash tables configured (established 8192 bind 8192)
[STDOUT  ] 2017-10-31T11:32:59.186697917Z: [    1.638786] UDP hash table entries: 512 (order: 2, 16384 bytes)
[STDOUT  ] 2017-10-31T11:32:59.186710251Z: [    1.639352] UDP-Lite hash table entries: 512 (order: 2, 16384 bytes)
[STDOUT  ] 2017-10-31T11:32:59.186719075Z: [    1.642513] NET: Registered protocol family 1
[STDOUT  ] 2017-10-31T11:32:59.186736645Z: [    1.643357] pci 0000:00:01.0: Video device with shadowed ROM at [mem 0x000c0000-0x000dffff]
[STDOUT  ] 2017-10-31T11:32:59.186745269Z: [    1.651900] Unpacking initramfs...
[STDOUT  ] 2017-10-31T11:32:59.186753416Z: [    4.997815] Freeing initrd memory: 26144K
[STDOUT  ] 2017-10-31T11:32:59.18676176Z: [    5.024518] PCLMULQDQ-NI instructions are not detected.
[STDOUT  ] 2017-10-31T11:32:59.186769757Z: [    5.025904] AVX or AES-NI instructions are not detected.
[STDOUT  ] 2017-10-31T11:32:59.186778251Z: [    5.026353] CPU feature 'AVX registers' is not supported.
[STDOUT  ] 2017-10-31T11:32:59.186791245Z: [    5.026747] CPU feature 'AVX registers' is not supported.
[STDOUT  ] 2017-10-31T11:32:59.1867998Z: [    5.027120] CPU feature 'AVX registers' is not supported.
[STDOUT  ] 2017-10-31T11:32:59.1868173Z: [    5.027482] CPU feature 'AVX registers' is not supported.
[STDOUT  ] 2017-10-31T11:32:59.186826102Z: [    5.027885] AVX2 or AES-NI instructions are not detected.
[STDOUT  ] 2017-10-31T11:32:59.186834599Z: [    5.028242] AVX2 instructions are not detected.
[STDOUT  ] 2017-10-31T11:32:59.186843014Z: [    5.034894] audit: initializing netlink subsys (disabled)
[STDOUT  ] 2017-10-31T11:32:59.186854113Z: [    5.036614] audit: type=2000 audit(1509449550.030:1): initialized
[STDOUT  ] 2017-10-31T11:32:59.186862762Z: [    5.044427] workingset: timestamp_bits=46 max_order=18 bucket_order=0
[STDOUT  ] 2017-10-31T11:32:59.186871545Z: [    5.048779] squashfs: version 4.0 (2009/01/31) Phillip Lougher
[STDOUT  ] 2017-10-31T11:32:59.186888164Z: [    5.051778] FS-Cache: Netfs 'cifs' registered for caching
[STDOUT  ] 2017-10-31T11:32:59.186897048Z: [    5.052820] fuse init (API version 7.26)
[STDOUT  ] 2017-10-31T11:32:59.186905187Z: [    5.055051] SGI XFS with ACLs, security attributes, no debug enabled
[STDOUT  ] 2017-10-31T11:32:59.186914788Z: [    5.058715] 9p: Installing v9fs 9p2000 file system support
[STDOUT  ] 2017-10-31T11:32:59.186925042Z: [    5.059189] FS-Cache: Netfs '9p' registered for caching
[STDOUT  ] 2017-10-31T11:32:59.186933264Z: [    5.092244] NET: Registered protocol family 38
[STDOUT  ] 2017-10-31T11:32:59.186941522Z: [    5.092848] Key type asymmetric registered
[STDOUT  ] 2017-10-31T11:32:59.186949857Z: [    5.093184] Asymmetric key parser 'x509' registered
[STDOUT  ] 2017-10-31T11:32:59.1869661Z: [    5.094122] Block layer SCSI generic (bsg) driver version 0.4 loaded (major 251)
[STDOUT  ] 2017-10-31T11:32:59.186975637Z: [    5.095813] io scheduler noop registered
[STDOUT  ] 2017-10-31T11:32:59.18698378Z: [    5.096155] io scheduler deadline registered (default)
[STDOUT  ] 2017-10-31T11:32:59.186992477Z: [    5.096925] io scheduler cfq registered
[STDOUT  ] 2017-10-31T11:32:59.187000548Z: [    5.099600] pci_hotplug: PCI Hot Plug PCI Core version: 0.5
[STDOUT  ] 2017-10-31T11:32:59.187008616Z: [    5.101339] pciehp: PCI Express Hot Plug Controller Driver version: 0.4
[STDOUT  ] 2017-10-31T11:32:59.187017044Z: [    5.102257] shpchp: Standard Hot Plug PCI Controller Driver version: 0.4
[STDOUT  ] 2017-10-31T11:32:59.187025457Z: [    5.103099] hv_vmbus: registering driver hyperv_fb
[STDOUT  ] 2017-10-31T11:32:59.187042246Z: [    5.106305] input: Power Button as /devices/LNXSYSTM:00/LNXPWRBN:00/input/input0
[STDOUT  ] 2017-10-31T11:32:59.187050788Z: [    5.107454] ACPI: Power Button [PWRF]
[STDOUT  ] 2017-10-31T11:32:59.187059241Z: [    5.113032] GHES: HEST is not enabled!
[STDOUT  ] 2017-10-31T11:32:59.187067619Z: [    5.125467] ACPI: PCI Interrupt Link [GSIG] enabled at IRQ 22
[STDOUT  ] 2017-10-31T11:32:59.187075799Z: [    5.140382] ACPI: PCI Interrupt Link [GSIH] enabled at IRQ 23
[STDOUT  ] 2017-10-31T11:32:59.187084162Z: [    5.146131] xenfs: not registering filesystem on non-xen platform
[STDOUT  ] 2017-10-31T11:32:59.187096114Z: [    5.148288] Serial: 8250/16550 driver, 4 ports, IRQ sharing disabled
[STDOUT  ] 2017-10-31T11:32:59.187113389Z: [    5.173409] 00:04: ttyS0 at I/O 0x3f8 (irq = 4, base_baud = 115200) is a 16550A
[STDOUT  ] 2017-10-31T11:32:59.187122557Z: [    5.185690] Non-volatile memory driver v1.3
[STDOUT  ] 2017-10-31T11:32:59.187137702Z: [    5.193465] Hangcheck: starting hangcheck timer 0.9.1 (tick is 180 seconds, margin is 60 seconds).
[STDOUT  ] 2017-10-31T11:32:59.187146108Z: [    5.231916] loop: module loaded
[STDOUT  ] 2017-10-31T11:32:59.187154801Z: [    5.246890] nbd: registered device at major 43
[STDOUT  ] 2017-10-31T11:32:59.187162876Z: [    5.288115] lpc_ich 0000:00:1f.0: I/O space for GPIO uninitialized
[STDOUT  ] 2017-10-31T11:32:59.187171566Z: [    5.290529] VMware PVSCSI driver - version 1.0.7.0-k
[STDOUT  ] 2017-10-31T11:32:59.187179657Z: [    5.291341] hv_vmbus: registering driver hv_storvsc
[STDOUT  ] 2017-10-31T11:32:59.187200843Z: [    5.301932] ACPI: PCI Interrupt Link [GSIA] enabled at IRQ 16
[STDOUT  ] 2017-10-31T11:32:59.187209219Z: [    5.308433] ahci 0000:00:1f.2: AHCI 0001.0000 32 slots 6 ports 1.5 Gbps 0x3f impl SATA mode
[STDOUT  ] 2017-10-31T11:32:59.187220258Z: [    5.309208] ahci 0000:00:1f.2: flags: 64bit ncq only 
[STDOUT  ] 2017-10-31T11:32:59.187228268Z: [    5.328998] scsi host0: ahci
[STDOUT  ] 2017-10-31T11:32:59.187236804Z: [    5.334206] scsi host1: ahci
[STDOUT  ] 2017-10-31T11:32:59.187244731Z: [    5.336524] scsi host2: ahci
[STDOUT  ] 2017-10-31T11:32:59.187252804Z: [    5.338581] scsi host3: ahci
[STDOUT  ] 2017-10-31T11:32:59.187269745Z: [    5.340869] scsi host4: ahci
