[INFO    ] 2017-12-01T11:39:36.639057664Z: Running Test linuxkit.kernel.config_4.9.x in /tmp/with_clone332dcec1/test/cases/020_kernel/001_config_4.9.x
[INFO    ] 2017-12-01T11:39:36.639164053Z: Running command: [/bin/sh -x /tmp/with_clone332dcec1/test/cases/020_kernel/001_config_4.9.x/test.sh]
[STDERR  ] 2017-12-01T11:39:36.63990972Z: + set -e
[STDERR  ] 2017-12-01T11:39:36.640068505Z: + . /tmp/with_clone332dcec1/test/cases/_lib/lib.sh
[STDERR  ] 2017-12-01T11:39:36.640200453Z: + [ -f src/github.com/linuxkit/rtf/lib/lib.sh ]
[STDERR  ] 2017-12-01T11:39:36.640282942Z: + LINUXKIT_TMPDIR=/tmp/with_clone332dcec1/test/cases/_tmp
[STDERR  ] 2017-12-01T11:39:36.640410918Z: + [ -f /tmp/with_clone332dcec1/test/cases/_tmp/env.sh ]
[STDERR  ] 2017-12-01T11:39:36.640484847Z: + . /tmp/with_clone332dcec1/test/cases/_tmp/env.sh
[STDERR  ] 2017-12-01T11:39:36.640586787Z: + export LINUXKIT_EXAMPLES_DIR=/tmp/with_clone332dcec1/test/cases/../../examples
[STDERR  ] 2017-12-01T11:39:36.640659053Z: + export LINUXKIT_BLUEPRINTS_DIR=/tmp/with_clone332dcec1/test/cases/../../blueprints
[STDERR  ] 2017-12-01T11:39:36.640740944Z: + RT_CANCEL=253
[STDERR  ] 2017-12-01T11:39:36.640797498Z: + NAME=kconfig
[STDERR  ] 2017-12-01T11:39:36.640897987Z: + trap clean_up EXIT
[STDERR  ] 2017-12-01T11:39:36.641041943Z: + linuxkit build -format kernel+initrd -name kconfig test.yml
[STDERR  ] 2017-12-01T11:39:36.684139161Z: Extract kernel image: linuxkit/kernel:4.9.65
[STDERR  ] 2017-12-01T11:39:37.870694707Z: time="2017-12-01T11:39:37Z" level=warning msg="certificate with CN Justin Cormack is near expiry" 
[STDERR  ] 2017-12-01T11:39:37.870898851Z: time="2017-12-01T11:39:37Z" level=warning msg="certificate with CN  is near expiry" 
[STDERR  ] 2017-12-01T11:39:37.941782335Z: time="2017-12-01T11:39:37Z" level=warning msg="certificate with CN Justin Cormack is near expiry" 
[STDERR  ] 2017-12-01T11:39:43.631104483Z: Add init containers:
[STDERR  ] 2017-12-01T11:39:43.631180864Z: Process init image: linuxkit/init:42a92119e1ca10380e0d33e26c0cbcf85b9b3558
[STDERR  ] 2017-12-01T11:39:44.640623081Z: time="2017-12-01T11:39:44Z" level=warning msg="certificate with CN  is near expiry" 
[STDERR  ] 2017-12-01T11:39:44.640974551Z: time="2017-12-01T11:39:44Z" level=warning msg="certificate with CN Justin Cormack is near expiry" 
[STDERR  ] 2017-12-01T11:39:44.644081345Z: time="2017-12-01T11:39:44Z" level=warning msg="certificate with CN Justin Cormack is near expiry" 
[STDERR  ] 2017-12-01T11:39:44.64916249Z: time="2017-12-01T11:39:44Z" level=warning msg="certificate with CN  is near expiry" 
[STDERR  ] 2017-12-01T11:39:46.306261423Z: Process init image: linuxkit/runc:1b0741d07949c0acc444cd6a04ee7f833443579d
[STDERR  ] 2017-12-01T11:39:47.302372445Z: time="2017-12-01T11:39:47Z" level=warning msg="certificate with CN Justin Cormack is near expiry" 
[STDERR  ] 2017-12-01T11:39:47.30273704Z: time="2017-12-01T11:39:47Z" level=warning msg="certificate with CN  is near expiry" 
[STDERR  ] 2017-12-01T11:39:47.306650409Z: time="2017-12-01T11:39:47Z" level=warning msg="certificate with CN Justin Cormack is near expiry" 
[STDERR  ] 2017-12-01T11:39:47.308984549Z: time="2017-12-01T11:39:47Z" level=warning msg="certificate with CN  is near expiry" 
[STDERR  ] 2017-12-01T11:39:48.238067155Z: Add onboot containers:
[STDERR  ] 2017-12-01T11:39:48.238184662Z:   Create OCI config for linuxkit/test-kernel-config:ff8fac1c318403aff3e2993dd9b130304e09f92e
[STDERR  ] 2017-12-01T11:39:49.306898169Z: time="2017-12-01T11:39:49Z" level=warning msg="certificate with CN Justin Cormack is near expiry" 
[STDERR  ] 2017-12-01T11:39:49.307307144Z: time="2017-12-01T11:39:49Z" level=warning msg="certificate with CN Rolf Neugebauer is near expiry" 
[STDERR  ] 2017-12-01T11:39:49.307490068Z: time="2017-12-01T11:39:49Z" level=warning msg="certificate with CN  is near expiry" 
[STDERR  ] 2017-12-01T11:39:49.310141129Z: time="2017-12-01T11:39:49Z" level=warning msg="certificate with CN Justin Cormack is near expiry" 
[STDERR  ] 2017-12-01T11:39:49.312409245Z: time="2017-12-01T11:39:49Z" level=warning msg="certificate with CN Rolf Neugebauer is near expiry" 
[STDERR  ] 2017-12-01T11:39:49.313519506Z: time="2017-12-01T11:39:49Z" level=warning msg="certificate with CN  is near expiry" 
[STDERR  ] 2017-12-01T11:39:50.354808976Z:   Create OCI config for linuxkit/poweroff:280bd01daa8776fbe1f4d912977f1886b8374834
[STDERR  ] 2017-12-01T11:39:51.413353108Z: time="2017-12-01T11:39:51Z" level=warning msg="certificate with CN Justin Cormack is near expiry" 
[STDERR  ] 2017-12-01T11:39:51.413759159Z: time="2017-12-01T11:39:51Z" level=warning msg="certificate with CN Rolf Neugebauer is near expiry" 
[STDERR  ] 2017-12-01T11:39:51.413918776Z: time="2017-12-01T11:39:51Z" level=warning msg="certificate with CN  is near expiry" 
[STDERR  ] 2017-12-01T11:39:51.416931244Z: time="2017-12-01T11:39:51Z" level=warning msg="certificate with CN Rolf Neugebauer is near expiry" 
[STDERR  ] 2017-12-01T11:39:51.41810079Z: time="2017-12-01T11:39:51Z" level=warning msg="certificate with CN  is near expiry" 
[STDERR  ] 2017-12-01T11:39:52.038000612Z: Create outputs:
[STDERR  ] 2017-12-01T11:39:58.813517941Z:   kconfig-kernel kconfig-initrd.img kconfig-cmdline
[STDERR  ] 2017-12-01T11:39:59.067862873Z: + linuxkit run kconfig
[STDERR  ] 2017-12-01T11:41:09.563365646Z: + RESULT=[    0.000000] Linux version 4.9.65-linuxkit (root@c78110dc0cc9) (gcc version 6.3.0 (Alpine 6.3.0) ) #1 SMP Fri Nov 24 15:20:57 UTC 2017
[STDERR  ] 2017-12-01T11:41:09.563427387Z: [    0.000000] Command line: console=ttyS0
[STDERR  ] 2017-12-01T11:41:09.563442379Z: [    0.000000] x86/fpu: Legacy x87 FPU detected.
[STDERR  ] 2017-12-01T11:41:09.563456229Z: [    0.000000] x86/fpu: Using 'eager' FPU context switches.
[STDERR  ] 2017-12-01T11:41:09.563469326Z: [    0.000000] e820: BIOS-provided physical RAM map:
[STDERR  ] 2017-12-01T11:41:09.563481766Z: [    0.000000] BIOS-e820: [mem 0x0000000000000000-0x000000000009fbff] usable
[STDERR  ] 2017-12-01T11:41:09.563494694Z: [    0.000000] BIOS-e820: [mem 0x000000000009fc00-0x000000000009ffff] reserved
[STDERR  ] 2017-12-01T11:41:09.563509945Z: [    0.000000] BIOS-e820: [mem 0x00000000000f0000-0x00000000000fffff] reserved
[STDERR  ] 2017-12-01T11:41:09.563523579Z: [    0.000000] BIOS-e820: [mem 0x0000000000100000-0x000000003ffdefff] usable
[STDERR  ] 2017-12-01T11:41:09.563536027Z: [    0.000000] BIOS-e820: [mem 0x000000003ffdf000-0x000000003fffffff] reserved
[STDERR  ] 2017-12-01T11:41:09.563548758Z: [    0.000000] BIOS-e820: [mem 0x00000000b0000000-0x00000000bfffffff] reserved
[STDERR  ] 2017-12-01T11:41:09.563562045Z: [    0.000000] BIOS-e820: [mem 0x00000000fed1c000-0x00000000fed1ffff] reserved
[STDERR  ] 2017-12-01T11:41:09.563574908Z: [    0.000000] BIOS-e820: [mem 0x00000000fffc0000-0x00000000ffffffff] reserved
[STDERR  ] 2017-12-01T11:41:09.563587075Z: [    0.000000] NX (Execute Disable) protection: active
[STDERR  ] 2017-12-01T11:41:09.563599525Z: [    0.000000] SMBIOS 2.8 present.
[STDERR  ] 2017-12-01T11:41:09.563611437Z: [    0.000000] e820: last_pfn = 0x3ffdf max_arch_pfn = 0x400000000
[STDERR  ] 2017-12-01T11:41:09.563623922Z: [    0.000000] x86/PAT: Configuration [0-7]: WB  WC  UC- UC  WB  WC  UC- WT  
[STDERR  ] 2017-12-01T11:41:09.563636353Z: [    0.000000] found SMP MP-table at [mem 0x000f6aa0-0x000f6aaf] mapped at [ffff9447800f6aa0]
[STDERR  ] 2017-12-01T11:41:09.563648904Z: [    0.000000] RAMDISK: [mem 0x3e7d1000-0x3ffcffff]
[STDERR  ] 2017-12-01T11:41:09.563661326Z: [    0.000000] ACPI: Early table checksum verification disabled
[STDERR  ] 2017-12-01T11:41:09.563674176Z: [    0.000000] ACPI: RSDP 0x00000000000F68C0 000014 (v00 BOCHS )
[STDERR  ] 2017-12-01T11:41:09.563685879Z: [    0.000000] ACPI: RSDT 0x000000003FFE2404 000034 (v01 BOCHS  BXPCRSDT 00000001 BXPC 00000001)
[STDERR  ] 2017-12-01T11:41:09.563714814Z: [    0.000000] ACPI: FACP 0x000000003FFE22A4 000074 (v01 BOCHS  BXPCFACP 00000001 BXPC 00000001)
[STDERR  ] 2017-12-01T11:41:09.563727018Z: [    0.000000] ACPI: DSDT 0x000000003FFE0040 002264 (v01 BOCHS  BXPCDSDT 00000001 BXPC 00000001)
[STDERR  ] 2017-12-01T11:41:09.563739404Z: [    0.000000] ACPI: FACS 0x000000003FFE0000 000040
[STDERR  ] 2017-12-01T11:41:09.563757371Z: [    0.000000] ACPI: APIC 0x000000003FFE2318 000078 (v01 BOCHS  BXPCAPIC 00000001 BXPC 00000001)
[STDERR  ] 2017-12-01T11:41:09.563770518Z: [    0.000000] ACPI: HPET 0x000000003FFE2390 000038 (v01 BOCHS  BXPCHPET 00000001 BXPC 00000001)
[STDERR  ] 2017-12-01T11:41:09.563782266Z: [    0.000000] ACPI: MCFG 0x000000003FFE23C8 00003C (v01 BOCHS  BXPCMCFG 00000001 BXPC 00000001)
[STDERR  ] 2017-12-01T11:41:09.563807253Z: [    0.000000] Zone ranges:
[STDERR  ] 2017-12-01T11:41:09.56381947Z: [    0.000000]   DMA      [mem 0x0000000000001000-0x0000000000ffffff]
[STDERR  ] 2017-12-01T11:41:09.563830962Z: [    0.000000]   DMA32    [mem 0x0000000001000000-0x000000003ffdefff]
[STDERR  ] 2017-12-01T11:41:09.563842876Z: [    0.000000]   Normal   empty
[STDERR  ] 2017-12-01T11:41:09.563854517Z: [    0.000000] Movable zone start for each node
[STDERR  ] 2017-12-01T11:41:09.563892075Z: [    0.000000] Early memory node ranges
[STDERR  ] 2017-12-01T11:41:09.563904671Z: [    0.000000]   node   0: [mem 0x0000000000001000-0x000000000009efff]
[STDERR  ] 2017-12-01T11:41:09.563916324Z: [    0.000000]   node   0: [mem 0x0000000000100000-0x000000003ffdefff]
[STDERR  ] 2017-12-01T11:41:09.563937296Z: [    0.000000] Initmem setup node 0 [mem 0x0000000000001000-0x000000003ffdefff]
[STDERR  ] 2017-12-01T11:41:09.563948924Z: [    0.000000] ACPI: PM-Timer IO Port: 0x608
[STDERR  ] 2017-12-01T11:41:09.56396631Z: [    0.000000] ACPI: LAPIC_NMI (acpi_id[0xff] dfl dfl lint[0x1])
[STDERR  ] 2017-12-01T11:41:09.563977444Z: [    0.000000] IOAPIC[0]: apic_id 0, version 32, address 0xfec00000, GSI 0-23
[STDERR  ] 2017-12-01T11:41:09.56398856Z: [    0.000000] ACPI: INT_SRC_OVR (bus 0 bus_irq 0 global_irq 2 dfl dfl)
[STDERR  ] 2017-12-01T11:41:09.563999578Z: [    0.000000] ACPI: INT_SRC_OVR (bus 0 bus_irq 5 global_irq 5 high level)
[STDERR  ] 2017-12-01T11:41:09.564017596Z: [    0.000000] ACPI: INT_SRC_OVR (bus 0 bus_irq 9 global_irq 9 high level)
[STDERR  ] 2017-12-01T11:41:09.564030062Z: [    0.000000] ACPI: INT_SRC_OVR (bus 0 bus_irq 10 global_irq 10 high level)
[STDERR  ] 2017-12-01T11:41:09.564041122Z: [    0.000000] ACPI: INT_SRC_OVR (bus 0 bus_irq 11 global_irq 11 high level)
[STDERR  ] 2017-12-01T11:41:09.564051576Z: [    0.000000] Using ACPI (MADT) for SMP configuration information
[STDERR  ] 2017-12-01T11:41:09.564062898Z: [    0.000000] ACPI: HPET id: 0x8086a201 base: 0xfed00000
[STDERR  ] 2017-12-01T11:41:09.564074988Z: [    0.000000] smpboot: Allowing 1 CPUs, 0 hotplug CPUs
[STDERR  ] 2017-12-01T11:41:09.564086172Z: [    0.000000] e820: [mem 0x40000000-0xafffffff] available for PCI devices
[STDERR  ] 2017-12-01T11:41:09.564097282Z: [    0.000000] Booting paravirtualized kernel on bare hardware
[STDERR  ] 2017-12-01T11:41:09.564109217Z: [    0.000000] clocksource: refined-jiffies: mask: 0xffffffff max_cycles: 0xffffffff, max_idle_ns: 19112604462750000 ns
[STDERR  ] 2017-12-01T11:41:09.564121612Z: [    0.000000] setup_percpu: NR_CPUS:128 nr_cpumask_bits:128 nr_cpu_ids:1 nr_node_ids:1
[STDERR  ] 2017-12-01T11:41:09.564132987Z: [    0.000000] percpu: Embedded 35 pages/cpu @ffff9447be400000 s105112 r8192 d30056 u2097152
[STDERR  ] 2017-12-01T11:41:09.564145317Z: [    0.000000] Built 1 zonelists in Zone order, mobility grouping on.  Total pages: 257896
[STDERR  ] 2017-12-01T11:41:09.564158266Z: [    0.000000] Kernel command line: console=ttyS0
[STDERR  ] 2017-12-01T11:41:09.564170879Z: [    0.000000] PID hash table entries: 4096 (order: 3, 32768 bytes)
[STDERR  ] 2017-12-01T11:41:09.564188567Z: [    0.000000] Dentry cache hash table entries: 131072 (order: 8, 1048576 bytes)
[STDERR  ] 2017-12-01T11:41:09.564199907Z: [    0.000000] Inode-cache hash table entries: 65536 (order: 7, 524288 bytes)
[STDERR  ] 2017-12-01T11:41:09.564218419Z: [    0.000000] Memory: 989600K/1048052K available (8048K kernel code, 1367K rwdata, 2700K rodata, 1380K init, 568K bss, 58452K reserved, 0K cma-reserved)
[STDERR  ] 2017-12-01T11:41:09.564230885Z: [    0.000000] Hierarchical RCU implementation.
[STDERR  ] 2017-12-01T11:41:09.564242465Z: [    0.000000] 	Build-time adjustment of leaf fanout to 64.
[STDERR  ] 2017-12-01T11:41:09.564258937Z: [    0.000000] 	RCU restricting CPUs from NR_CPUS=128 to nr_cpu_ids=1.
[STDERR  ] 2017-12-01T11:41:09.564270531Z: [    0.000000] RCU: Adjusting geometry for rcu_fanout_leaf=64, nr_cpu_ids=1
[STDERR  ] 2017-12-01T11:41:09.564281713Z: [    0.000000] NR_IRQS:8448 nr_irqs:256 16
[STDERR  ] 2017-12-01T11:41:09.564293519Z: [    0.000000] Console: colour VGA+ 80x25
[STDERR  ] 2017-12-01T11:41:09.564305013Z: [    0.000000] console [ttyS0] enabled
[STDERR  ] 2017-12-01T11:41:09.56431636Z: [    0.000000] clocksource: hpet: mask: 0xffffffff max_cycles: 0xffffffff, max_idle_ns: 19112604467 ns
[STDERR  ] 2017-12-01T11:41:09.564328248Z: [    0.000000] tsc: Unable to calibrate against PIT
[STDERR  ] 2017-12-01T11:41:09.564339518Z: [    0.000000] tsc: using HPET reference calibration
[STDERR  ] 2017-12-01T11:41:09.564350971Z: [    0.000000] tsc: Detected 2300.151 MHz processor
[STDERR  ] 2017-12-01T11:41:09.564362189Z: [    0.052234] Calibrating delay loop (skipped), value calculated using timer frequency.. 4600.30 BogoMIPS (lpj=23001510)
[STDERR  ] 2017-12-01T11:41:09.564374208Z: [    0.053886] pid_max: default: 32768 minimum: 301
[STDERR  ] 2017-12-01T11:41:09.56439364Z: [    0.055359] ACPI: Core revision 20160831
[STDERR  ] 2017-12-01T11:41:09.564405104Z: [    0.141567] ACPI: 1 ACPI AML tables successfully acquired and loaded
[STDERR  ] 2017-12-01T11:41:09.564416489Z: [    0.147588] Security Framework initialized
[STDERR  ] 2017-12-01T11:41:09.564427861Z: [    0.148204] Yama: becoming mindful.
[STDERR  ] 2017-12-01T11:41:09.564439186Z: [    0.151740] Mount-cache hash table entries: 2048 (order: 2, 16384 bytes)
[STDERR  ] 2017-12-01T11:41:09.564450599Z: [    0.152582] Mountpoint-cache hash table entries: 2048 (order: 2, 16384 bytes)
[STDERR  ] 2017-12-01T11:41:09.564461942Z: [    0.185243] Last level iTLB entries: 4KB 0, 2MB 0, 4MB 0
[STDERR  ] 2017-12-01T11:41:09.564473302Z: [    0.185954] Last level dTLB entries: 4KB 0, 2MB 0, 4MB 0, 1GB 0
[STDERR  ] 2017-12-01T11:41:09.564485019Z: [    1.140632] Freeing SMP alternatives memory: 20K
[STDERR  ] 2017-12-01T11:41:09.564496364Z: [    1.155459] ftrace: allocating 35540 entries in 139 pages
[STDERR  ] 2017-12-01T11:41:09.564507573Z: [    1.427762] smpboot: Max logical packages: 1
[STDERR  ] 2017-12-01T11:41:09.564518911Z: [    1.438216] ..TIMER: vector=0x30 apic1=0 pin1=2 apic2=-1 pin2=-1
[STDERR  ] 2017-12-01T11:41:09.56453016Z: [    1.550000] smpboot: CPU0: AMD QEMU Virtual CPU version 2.5+ (family: 0x6, model: 0x6, stepping: 0x3)
[STDERR  ] 2017-12-01T11:41:09.56454211Z: [    1.550000] Performance Events: PMU not available due to virtualization, using software events only.
[STDERR  ] 2017-12-01T11:41:09.564553747Z: [    1.570706] NMI watchdog: disabled (cpu0): hardware events not enabled
[STDERR  ] 2017-12-01T11:41:09.564570255Z: [    1.571418] NMI watchdog: Shutting down hard lockup detector on all cpus
[STDERR  ] 2017-12-01T11:41:09.564581668Z: [    1.575527] x86: Booted up 1 node, 1 CPUs
[STDERR  ] 2017-12-01T11:41:09.564592933Z: [    1.576092] smpboot: Total of 1 processors activated (4600.30 BogoMIPS)
[STDERR  ] 2017-12-01T11:41:09.564604293Z: [    1.600479] devtmpfs: initialized
[STDERR  ] 2017-12-01T11:41:09.564616612Z: [    1.608586] x86/mm: Memory block size: 128MB
[STDERR  ] 2017-12-01T11:41:09.564632596Z: [    1.725504] clocksource: jiffies: mask: 0xffffffff max_cycles: 0xffffffff, max_idle_ns: 19112604462750000 ns
[STDERR  ] 2017-12-01T11:41:09.564644037Z: [    1.726834] futex hash table entries: 256 (order: 2, 16384 bytes)
[STDERR  ] 2017-12-01T11:41:09.564655354Z: [    1.739848] NET: Registered protocol family 16
[STDERR  ] 2017-12-01T11:41:09.564671503Z: [    1.755974] cpuidle: using governor ladder
[STDERR  ] 2017-12-01T11:41:09.56468279Z: [    1.756646] cpuidle: using governor menu
[STDERR  ] 2017-12-01T11:41:09.564693998Z: [    1.758389] ACPI: bus type PCI registered
[STDERR  ] 2017-12-01T11:41:09.564710633Z: [    1.763289] PCI: MMCONFIG for domain 0000 [bus 00-ff] at [mem 0xb0000000-0xbfffffff] (base 0xb0000000)
[STDERR  ] 2017-12-01T11:41:09.564726778Z: [    1.764725] PCI: MMCONFIG at [mem 0xb0000000-0xbfffffff] reserved in E820
[STDERR  ] 2017-12-01T11:41:09.56474162Z: [    1.766864] PCI: Using configuration type 1 for base access
[STDERR  ] 2017-12-01T11:41:09.564753318Z: [    1.861651] HugeTLB registered 2 MB page size, pre-allocated 0 pages
[STDERR  ] 2017-12-01T11:41:09.564764623Z: [    1.877455] ACPI: Added _OSI(Module Device)
[STDERR  ] 2017-12-01T11:41:09.564775749Z: [    1.877963] ACPI: Added _OSI(Processor Device)
[STDERR  ] 2017-12-01T11:41:09.564786988Z: [    1.878451] ACPI: Added _OSI(3.0 _SCP Extensions)
[STDERR  ] 2017-12-01T11:41:09.564798209Z: [    1.878949] ACPI: Added _OSI(Processor Aggregator Device)
[STDERR  ] 2017-12-01T11:41:09.564824679Z: [    2.011515] ACPI: Interpreter enabled
[STDERR  ] 2017-12-01T11:41:09.564836244Z: [    2.012832] ACPI: (supports S0 S5)
[STDERR  ] 2017-12-01T11:41:09.564847364Z: [    2.013300] ACPI: Using IOAPIC for interrupt routing
[STDERR  ] 2017-12-01T11:41:09.564858486Z: [    2.016267] PCI: Using host bridge windows from ACPI; if necessary, use "pci=nocrs" and report a bug
[STDERR  ] 2017-12-01T11:41:09.564870485Z: [    2.126204] ACPI: PCI Root Bridge [PCI0] (domain 0000 [bus 00-ff])
[STDERR  ] 2017-12-01T11:41:09.564881623Z: [    2.127687] acpi PNP0A08:00: _OSC: OS supports [ExtendedConfig ASPM ClockPM Segments MSI]
[STDERR  ] 2017-12-01T11:41:09.564893441Z: [    2.137440] acpi PNP0A08:00: _OSC: OS now controls [PCIeHotplug PME PCIeCapability]
[STDERR  ] 2017-12-01T11:41:09.564904672Z: [    2.143731] PCI host bridge to bus 0000:00
[STDERR  ] 2017-12-01T11:41:09.564915833Z: [    2.144426] pci_bus 0000:00: root bus resource [io  0x0000-0x0cf7 window]
[STDERR  ] 2017-12-01T11:41:09.564927037Z: [    2.145165] pci_bus 0000:00: root bus resource [io  0x0d00-0xffff window]
[STDERR  ] 2017-12-01T11:41:09.564938133Z: [    2.145893] pci_bus 0000:00: root bus resource [mem 0x000a0000-0x000bffff window]
[STDERR  ] 2017-12-01T11:41:09.564949273Z: [    2.146664] pci_bus 0000:00: root bus resource [mem 0xc0000000-0xfebfffff window]
[STDERR  ] 2017-12-01T11:41:09.564960395Z: [    2.147641] pci_bus 0000:00: root bus resource [bus 00-ff]
[STDERR  ] 2017-12-01T11:41:09.564971579Z: [    2.324073] pci 0000:00:1f.0: quirk: [io  0x0600-0x067f] claimed by ICH6 ACPI/GPIO/TCO
[STDERR  ] 2017-12-01T11:41:09.564982734Z: [    2.424957] ACPI: PCI Interrupt Link [LNKA] (IRQs 5 *10 11)
[STDERR  ] 2017-12-01T11:41:09.564993933Z: [    2.428149] ACPI: PCI Interrupt Link [LNKB] (IRQs 5 *10 11)
[STDERR  ] 2017-12-01T11:41:09.565005104Z: [    2.431172] ACPI: PCI Interrupt Link [LNKC] (IRQs 5 10 *11)
[STDERR  ] 2017-12-01T11:41:09.565016209Z: [    2.433963] ACPI: PCI Interrupt Link [LNKD] (IRQs 5 10 *11)
[STDERR  ] 2017-12-01T11:41:09.565027586Z: [    2.437918] ACPI: PCI Interrupt Link [LNKE] (IRQs 5 *10 11)
[STDERR  ] 2017-12-01T11:41:09.565038623Z: [    2.440960] ACPI: PCI Interrupt Link [LNKF] (IRQs 5 *10 11)
[STDERR  ] 2017-12-01T11:41:09.56505647Z: [    2.443776] ACPI: PCI Interrupt Link [LNKG] (IRQs 5 10 *11)
[STDERR  ] 2017-12-01T11:41:09.565068043Z: [    2.446555] ACPI: PCI Interrupt Link [LNKH] (IRQs 5 10 *11)
[STDERR  ] 2017-12-01T11:41:09.565079088Z: [    2.447871] ACPI: PCI Interrupt Link [GSIA] (IRQs *16)
[STDERR  ] 2017-12-01T11:41:09.565094754Z: [    2.448892] ACPI: PCI Interrupt Link [GSIB] (IRQs *17)
[STDERR  ] 2017-12-01T11:41:09.565106058Z: [    2.449879] ACPI: PCI Interrupt Link [GSIC] (IRQs *18)
[STDERR  ] 2017-12-01T11:41:09.5651171Z: [    2.451045] ACPI: PCI Interrupt Link [GSID] (IRQs *19)
[STDERR  ] 2017-12-01T11:41:09.565128218Z: [    2.452033] ACPI: PCI Interrupt Link [GSIE] (IRQs *20)
[STDERR  ] 2017-12-01T11:41:09.565144527Z: [    2.453026] ACPI: PCI Interrupt Link [GSIF] (IRQs *21)
[STDERR  ] 2017-12-01T11:41:09.565154936Z: [    2.454012] ACPI: PCI Interrupt Link [GSIG] (IRQs *22)
[STDERR  ] 2017-12-01T11:41:09.565165204Z: [    2.454996] ACPI: PCI Interrupt Link [GSIH] (IRQs *23)
[STDERR  ] 2017-12-01T11:41:09.565175659Z: [    2.461211] ACPI: Enabled 2 GPEs in block 00 to 3F
[STDERR  ] 2017-12-01T11:41:09.565192445Z: [    2.468261] SCSI subsystem initialized
[STDERR  ] 2017-12-01T11:41:09.565203253Z: [    2.471578] ACPI: bus type USB registered
[STDERR  ] 2017-12-01T11:41:09.565213685Z: [    2.473357] usbcore: registered new interface driver usbfs
[STDERR  ] 2017-12-01T11:41:09.565224254Z: [    2.474765] usbcore: registered new interface driver hub
[STDERR  ] 2017-12-01T11:41:09.565234855Z: [    2.475988] usbcore: registered new device driver usb
[STDERR  ] 2017-12-01T11:41:09.565245288Z: [    2.477887] pps_core: LinuxPPS API ver. 1 registered
[STDERR  ] 2017-12-01T11:41:09.565255485Z: [    2.478438] pps_core: Software ver. 5.3.6 - Copyright 2005-2007 Rodolfo Giometti <giometti@linux.it>
[STDERR  ] 2017-12-01T11:41:09.565267322Z: [    2.479611] PTP clock support registered
[STDERR  ] 2017-12-01T11:41:09.565282694Z: [    2.481520] wmi: Mapper loaded
[STDERR  ] 2017-12-01T11:41:09.565294283Z: [    2.483177] PCI: Using ACPI for IRQ routing
[STDERR  ] 2017-12-01T11:41:09.565304936Z: [    2.515781] NetLabel: Initializing
[STDERR  ] 2017-12-01T11:41:09.565315143Z: [    2.516188] NetLabel:  domain hash size = 128
[STDERR  ] 2017-12-01T11:41:09.565325295Z: [    2.516654] NetLabel:  protocols = UNLABELED CIPSOv4
[STDERR  ] 2017-12-01T11:41:09.565335577Z: [    2.519815] NetLabel:  unlabeled traffic allowed by default
[STDERR  ] 2017-12-01T11:41:09.565346188Z: [    2.520941] HPET: 3 timers in total, 0 timers will be used for per-cpu timer
[STDERR  ] 2017-12-01T11:41:09.56535648Z: [    2.522137] hpet0: at MMIO 0xfed00000, IRQs 2, 8, 0
[STDERR  ] 2017-12-01T11:41:09.565372366Z: [    2.522898] hpet0: 3 comparators, 64-bit 100.000000 MHz counter
[STDERR  ] 2017-12-01T11:41:09.565382979Z: [    2.528740] clocksource: Switched to clocksource hpet
[STDERR  ] 2017-12-01T11:41:09.565393179Z: [    2.991244] VFS: Disk quotas dquot_6.6.0
[STDERR  ] 2017-12-01T11:41:09.565408933Z: [    2.992300] VFS: Dquot-cache hash table entries: 512 (order 0, 4096 bytes)
[STDERR  ] 2017-12-01T11:41:09.565419566Z: [    2.996649] FS-Cache: Loaded
[STDERR  ] 2017-12-01T11:41:09.565430404Z: [    3.005112] CacheFiles: Loaded
[STDERR  ] 2017-12-01T11:41:09.565441468Z: [    3.007734] pnp: PnP ACPI init
[STDERR  ] 2017-12-01T11:41:09.565454094Z: [    3.027124] pnp: PnP ACPI: found 5 devices
[STDERR  ] 2017-12-01T11:41:09.565464971Z: [    3.130585] clocksource: acpi_pm: mask: 0xffffff max_cycles: 0xffffff, max_idle_ns: 2085701024 ns
[STDERR  ] 2017-12-01T11:41:09.565476253Z: [    3.136895] NET: Registered protocol family 2
[STDERR  ] 2017-12-01T11:41:09.565487104Z: [    3.153249] TCP established hash table entries: 8192 (order: 4, 65536 bytes)
[STDERR  ] 2017-12-01T11:41:09.565498225Z: [    3.154968] TCP bind hash table entries: 8192 (order: 5, 131072 bytes)
[STDERR  ] 2017-12-01T11:41:09.565513005Z: [    3.156335] TCP: Hash tables configured (established 8192 bind 8192)
[STDERR  ] 2017-12-01T11:41:09.565524421Z: [    3.159667] UDP hash table entries: 512 (order: 2, 16384 bytes)
[STDERR  ] 2017-12-01T11:41:09.565535122Z: [    3.161238] UDP-Lite hash table entries: 512 (order: 2, 16384 bytes)
[STDERR  ] 2017-12-01T11:41:09.56554689Z: [    3.166562] NET: Registered protocol family 1
[STDERR  ] 2017-12-01T11:41:09.5655581Z: [    3.168255] pci 0000:00:01.0: Video device with shadowed ROM at [mem 0x000c0000-0x000dffff]
[STDERR  ] 2017-12-01T11:41:09.565570748Z: [    3.186782] Unpacking initramfs...
[STDERR  ] 2017-12-01T11:41:09.565581947Z: [   10.745602] Freeing initrd memory: 24572K
[STDERR  ] 2017-12-01T11:41:09.565592702Z: [   10.783209] PCLMULQDQ-NI instructions are not detected.
[STDERR  ] 2017-12-01T11:41:09.56560434Z: [   10.784767] AVX or AES-NI instructions are not detected.
[STDERR  ] 2017-12-01T11:41:09.565621923Z: [   10.785248] CPU feature 'AVX registers' is not supported.
[STDERR  ] 2017-12-01T11:41:09.565632925Z: [   10.785668] CPU feature 'AVX registers' is not supported.
[STDERR  ] 2017-12-01T11:41:09.565643559Z: [   10.786082] CPU feature 'AVX registers' is not supported.
[STDERR  ] 2017-12-01T11:41:09.565659678Z: [   10.786493] CPU feature 'AVX registers' is not supported.
[STDERR  ] 2017-12-01T11:41:09.565671277Z: [   10.786905] AVX2 or AES-NI instructions are not detected.
[STDERR  ] 2017-12-01T11:41:09.565682842Z: [   10.787306] AVX2 instructions are not detected.
[STDERR  ] 2017-12-01T11:41:09.565694274Z: [   10.797608] audit: initializing netlink subsys (disabled)
[STDERR  ] 2017-12-01T11:41:09.565705691Z: [   10.799986] audit: type=2000 audit(1512128412.790:1): initialized
[STDERR  ] 2017-12-01T11:41:09.565717238Z: [   10.812267] workingset: timestamp_bits=46 max_order=18 bucket_order=0
[STDERR  ] 2017-12-01T11:41:09.565734922Z: [   10.822446] squashfs: version 4.0 (2009/01/31) Phillip Lougher
[STDERR  ] 2017-12-01T11:41:09.565746541Z: [   10.825727] FS-Cache: Netfs 'cifs' registered for caching
[STDERR  ] 2017-12-01T11:41:09.56575773Z: [   10.826884] fuse init (API version 7.26)
[STDERR  ] 2017-12-01T11:41:09.565769265Z: [   10.830535] SGI XFS with ACLs, security attributes, no debug enabled
[STDERR  ] 2017-12-01T11:41:09.565780635Z: [   10.836419] 9p: Installing v9fs 9p2000 file system support
[STDERR  ] 2017-12-01T11:41:09.565792086Z: [   10.836979] FS-Cache: Netfs '9p' registered for caching
[STDERR  ] 2017-12-01T11:41:09.565807885Z: [   10.894270] NET: Registered protocol family 38
[STDERR  ] 2017-12-01T11:41:09.565819194Z: [   10.894955] Key type asymmetric registered
[STDERR  ] 2017-12-01T11:41:09.565830735Z: [   10.895325] Asymmetric key parser 'x509' registered
[STDERR  ] 2017-12-01T11:41:09.565842132Z: [   10.896304] Block layer SCSI generic (bsg) driver version 0.4 loaded (major 251)
[STDERR  ] 2017-12-01T11:41:09.565853276Z: [   10.898003] io scheduler noop registered
[STDERR  ] 2017-12-01T11:41:09.565864647Z: [   10.898339] io scheduler deadline registered (default)
[STDERR  ] 2017-12-01T11:41:09.565882487Z: [   10.899371] io scheduler cfq registered
[STDERR  ] 2017-12-01T11:41:09.565894222Z: [   10.903685] pci_hotplug: PCI Hot Plug PCI Core version: 0.5
[STDERR  ] 2017-12-01T11:41:09.565905579Z: [   10.904363] pciehp: PCI Express Hot Plug Controller Driver version: 0.4
[STDERR  ] 2017-12-01T11:41:09.565917114Z: [   10.905325] shpchp: Standard Hot Plug PCI Controller Driver version: 0.4
[STDERR  ] 2017-12-01T11:41:09.565928433Z: [   10.906299] hv_vmbus: registering driver hyperv_fb
[STDERR  ] 2017-12-01T11:41:09.565939767Z: [   10.911996] input: Power Button as /devices/LNXSYSTM:00/LNXPWRBN:00/input/input0
[STDERR  ] 2017-12-01T11:41:09.565951062Z: [   10.913400] ACPI: Power Button [PWRF]
[STDERR  ] 2017-12-01T11:41:09.565962499Z: [   10.921354] GHES: HEST is not enabled!
[STDERR  ] 2017-12-01T11:41:09.565973962Z: [   10.939558] ACPI: PCI Interrupt Link [GSIG] enabled at IRQ 22
[STDERR  ] 2017-12-01T11:41:09.565985444Z: [   10.960610] ACPI: PCI Interrupt Link [GSIH] enabled at IRQ 23
[STDERR  ] 2017-12-01T11:41:09.565997083Z: [   10.966688] xenfs: not registering filesystem on non-xen platform
[STDERR  ] 2017-12-01T11:41:09.566008406Z: [   10.969702] Serial: 8250/16550 driver, 4 ports, IRQ sharing disabled
[STDERR  ] 2017-12-01T11:41:09.56601981Z: [   11.001636] 00:04: ttyS0 at I/O 0x3f8 (irq = 4, base_baud = 115200) is a 16550A
[STDERR  ] 2017-12-01T11:41:09.566031124Z: [   11.018022] Non-volatile memory driver v1.3
[STDERR  ] 2017-12-01T11:41:09.566042479Z: [   11.027689] Hangcheck: starting hangcheck timer 0.9.1 (tick is 180 seconds, margin is 60 seconds).
[STDERR  ] 2017-12-01T11:41:09.566062097Z: [   11.031394] random: fast init done
[STDERR  ] 2017-12-01T11:41:09.566073944Z: [   11.032984] random: crng init done
[STDERR  ] 2017-12-01T11:41:09.56609032Z: [   11.093047] loop: module loaded
[STDERR  ] 2017-12-01T11:41:09.566107296Z: [   11.115121] nbd: registered device at major 43
[STDERR  ] 2017-12-01T11:41:09.566118778Z: [   11.191391] lpc_ich 0000:00:1f.0: I/O space for GPIO uninitialized
[STDERR  ] 2017-12-01T11:41:09.566130215Z: [   11.193901] VMware PVSCSI driver - version 1.0.7.0-k
[STDERR  ] 2017-12-01T11:41:09.56614172Z: [   11.194938] hv_vmbus: registering driver hv_storvsc
[STDERR  ] 2017-12-01T11:41:09.56615736Z: [   11.211971] ACPI: PCI Interrupt Link [GSIA] enabled at IRQ 16
[STDERR  ] 2017-12-01T11:41:09.566168926Z: [   11.222433] ahci 0000:00:1f.2: AHCI 0001.0000 32 slots 6 ports 1.5 Gbps 0x3f impl SATA mode
[STDERR  ] 2017-12-01T11:41:09.566181202Z: [   11.223207] ahci 0000:00:1f.2: flags: 64bit ncq only 
[STDERR  ] 2017-12-01T11:41:09.566198616Z: [   11.256805] scsi host0: ahci
[STDERR  ] 2017-12-01T11:41:09.56621026Z: [   11.262721] scsi host1: ahci
[STDERR  ] 2017-12-01T11:41:09.56622196Z: [   11.266102] scsi host2: ahci
[STDERR  ] 2017-12-01T11:41:09.566233552Z: [   11.269533] scsi host3: ahci
[STDERR  ] 2017-12-01T11:41:09.566250608Z: [   11.273189] scsi host4: ahci
[STDERR  ] 2017-12-01T11:41:09.566262045Z: [   11.276563] scsi host5: ahci
[STDERR  ] 2017-12-01T11:41:09.566273331Z: [   11.279324] ata1: SATA max UDMA/133 abar m4096@0xfebd2000 port 0xfebd2100 irq 24
[STDERR  ] 2017-12-01T11:41:09.566284776Z: [   11.279885] ata2: SATA max UDMA/133 abar m4096@0xfebd2000 port 0xfebd2180 irq 24
[STDERR  ] 2017-12-01T11:41:09.566296144Z: [   11.280626] ata3: SATA max UDMA/133 abar m4096@0xfebd2000 port 0xfebd2200 irq 24
[STDERR  ] 2017-12-01T11:41:09.566307503Z: [   11.281091] ata4: SATA max UDMA/133 abar m4096@0xfebd2000 port 0xfebd2280 irq 24
[STDERR  ] 2017-12-01T11:41:09.566318725Z: [   11.281549] ata5: SATA max UDMA/133 abar m4096@0xfebd2000 port 0xfebd2300 irq 24
[STDERR  ] 2017-12-01T11:41:09.566332833Z: [   11.282004] ata6: SATA max UDMA/133 abar m4096@0xfebd2000 port 0xfebd2380 irq 24
[STDERR  ] 2017-12-01T11:41:09.566344482Z: [   11.303361] tun: Universal TUN/TAP device driver, 1.6
[STDERR  ] 2017-12-01T11:41:09.566355997Z: [   11.303733] tun: (C) 1999-2004 Max Krasnyansky <maxk@qualcomm.com>
[STDERR  ] 2017-12-01T11:41:09.566367701Z: [   11.319514] VMware vmxnet3 virtual NIC driver - version 1.4.a.0-k-NAPI
[STDERR  ] 2017-12-01T11:41:09.566384849Z: [   11.320951] hv_vmbus: registering driver hv_netvsc
[STDERR  ] 2017-12-01T11:41:09.566396184Z: [   11.321317] Fusion MPT base driver 3.04.20
[STDERR  ] 2017-12-01T11:41:09.56640761Z: [   11.321594] Copyright (c) 1999-2008 LSI Corporation
[STDERR  ] 2017-12-01T11:41:09.566419046Z: [   11.322243] Fusion MPT SPI Host driver 3.04.20
[STDERR  ] 2017-12-01T11:41:09.566430476Z: [   11.325185] i8042: PNP: PS/2 Controller [PNP0303:KBD,PNP0f13:MOU] at 0x60,0x64 irq 1,12
[STDERR  ] 2017-12-01T11:41:09.566442406Z: [   11.331615] serio: i8042 KBD port at 0x60,0x64 irq 1
[STDERR  ] 2017-12-01T11:41:09.566453792Z: [   11.332329] serio: i8042 AUX port at 0x60,0x64 irq 12
[STDERR  ] 2017-12-01T11:41:09.566465104Z: [   11.335798] hv_vmbus: registering driver hyperv_keyboard
[STDERR  ] 2017-12-01T11:41:09.566476519Z: [   11.339999] mousedev: PS/2 mouse device common for all mice
[STDERR  ] 2017-12-01T11:41:09.566487926Z: [   11.347743] input: AT Translated Set 2 keyboard as /devices/platform/i8042/serio0/input/input1
[STDERR  ] 2017-12-01T11:41:09.566499939Z: [   11.352270] input: PC Speaker as /devices/platform/pcspkr/input/input2
[STDERR  ] 2017-12-01T11:41:09.566511192Z: [   11.357718] rtc_cmos 00:00: RTC can wake from S4
[STDERR  ] 2017-12-01T11:41:09.566522561Z: [   11.363105] rtc_cmos 00:00: rtc core: registered rtc_cmos as rtc0
[STDERR  ] 2017-12-01T11:41:09.566533935Z: [   11.364604] rtc_cmos 00:00: alarms up to one day, y3k, 114 bytes nvram, hpet irqs
[STDERR  ] 2017-12-01T11:41:09.56654536Z: [   11.365379] i2c /dev entries driver
[STDERR  ] 2017-12-01T11:41:09.566556729Z: [   11.368010] device-mapper: ioctl: 4.35.0-ioctl (2016-06-23) initialised: dm-devel@redhat.com
[STDERR  ] 2017-12-01T11:41:09.566568219Z: [   11.375439] usbcore: registered new interface driver usbhid
[STDERR  ] 2017-12-01T11:41:09.566592321Z: [   11.375851] usbhid: USB HID core driver
[STDERR  ] 2017-12-01T11:41:09.56660385Z: [   11.376538] hv_utils: Registering HyperV Utility Driver
[STDERR  ] 2017-12-01T11:41:09.566615147Z: [   11.376901] hv_vmbus: registering driver hv_util
[STDERR  ] 2017-12-01T11:41:09.566626538Z: [   11.377206] hv_vmbus: registering driver hv_balloon
[STDERR  ] 2017-12-01T11:41:09.566643071Z: [   11.377796] oprofile: using NMI interrupt.
[STDERR  ] 2017-12-01T11:41:09.566654663Z: [   11.379280] GACT probability on
[STDERR  ] 2017-12-01T11:41:09.566671809Z: [   11.380419] Mirror/redirect action on
[STDERR  ] 2017-12-01T11:41:09.566683664Z: [   11.381725] Simple TC action Loaded
[STDERR  ] 2017-12-01T11:41:09.566694993Z: [   11.382447] u32 classifier
[STDERR  ] 2017-12-01T11:41:09.566706415Z: [   11.382661]     Performance counters on
[STDERR  ] 2017-12-01T11:41:09.56671791Z: [   11.382924]     input device check on
[STDERR  ] 2017-12-01T11:41:09.566729651Z: [   11.383175]     Actions configured
[STDERR  ] 2017-12-01T11:41:09.566741094Z: [   11.383882] Netfilter messages via NETLINK v0.30.
[STDERR  ] 2017-12-01T11:41:09.566752405Z: [   11.384494] nfnl_acct: registering with nfnetlink.
[STDERR  ] 2017-12-01T11:41:09.566763814Z: [   11.386337] nf_conntrack version 0.5.0 (8192 buckets, 32768 max)
[STDERR  ] 2017-12-01T11:41:09.566775296Z: [   11.391540] ctnetlink v0.93: registering with nfnetlink.
[STDERR  ] 2017-12-01T11:41:09.566786906Z: [   11.396437] nf_tables: (c) 2007-2009 Patrick McHardy <kaber@trash.net>
[STDERR  ] 2017-12-01T11:41:09.566798229Z: [   11.397478] nf_tables_compat: (c) 2012 Pablo Neira Ayuso <pablo@netfilter.org>
[STDERR  ] 2017-12-01T11:41:09.566809781Z: [   11.401483] xt_time: kernel timezone is -0000
[STDERR  ] 2017-12-01T11:41:09.566821088Z: [   11.402125] ip_set: protocol 6
[STDERR  ] 2017-12-01T11:41:09.566832576Z: [   11.403001] IPVS: Registered protocols (TCP, UDP, SCTP, AH, ESP)
[STDERR  ] 2017-12-01T11:41:09.566844178Z: [   11.403644] IPVS: Connection hash table configured (size=4096, memory=64Kbytes)
[STDERR  ] 2017-12-01T11:41:09.566855789Z: [   11.406096] IPVS: Creating netns size=2104 id=0
[STDERR  ] 2017-12-01T11:41:09.566867209Z: [   11.411285] IPVS: ipvs loaded.
[STDERR  ] 2017-12-01T11:41:09.566878405Z: [   11.411691] IPVS: [rr] scheduler registered.
[STDERR  ] 2017-12-01T11:41:09.566889939Z: [   11.412038] IPVS: [wrr] scheduler registered.
[STDERR  ] 2017-12-01T11:41:09.566906331Z: [   11.412333] IPVS: [lc] scheduler registered.
[STDERR  ] 2017-12-01T11:41:09.566917809Z: [   11.412620] IPVS: [wlc] scheduler registered.
[STDERR  ] 2017-12-01T11:41:09.566928625Z: [   11.412912] IPVS: [fo] scheduler registered.
[STDERR  ] 2017-12-01T11:41:09.566939326Z: [   11.413202] IPVS: [ovf] scheduler registered.
[STDERR  ] 2017-12-01T11:41:09.566950259Z: [   11.413659] IPVS: [lblc] scheduler registered.
[STDERR  ] 2017-12-01T11:41:09.566961252Z: [   11.414121] IPVS: [lblcr] scheduler registered.
[STDERR  ] 2017-12-01T11:41:09.566979679Z: [   11.414455] IPVS: [dh] scheduler registered.
[STDERR  ] 2017-12-01T11:41:09.566990636Z: [   11.414745] IPVS: [sh] scheduler registered.
[STDERR  ] 2017-12-01T11:41:09.567001967Z: [   11.415033] IPVS: [sed] scheduler registered.
[STDERR  ] 2017-12-01T11:41:09.567012989Z: [   11.415329] IPVS: [nq] scheduler registered.
[STDERR  ] 2017-12-01T11:41:09.567024247Z: [   11.416210] IPVS: ftp: loaded support on port[0] = 21
[STDERR  ] 2017-12-01T11:41:09.567035551Z: [   11.417387] ipip: IPv4 and MPLS over IPv4 tunneling driver
[STDERR  ] 2017-12-01T11:41:09.567047603Z: [   11.424385] gre: GRE over IPv4 demultiplexor driver
[STDERR  ] 2017-12-01T11:41:09.567059707Z: [   11.428946] ip_tables: (C) 2000-2006 Netfilter Core Team
[STDERR  ] 2017-12-01T11:41:09.567071231Z: [   11.434520] ipt_CLUSTERIP: ClusterIP Version 0.8 loaded successfully
[STDERR  ] 2017-12-01T11:41:09.567081964Z: [   11.435368] arp_tables: arp_tables: (C) 2002 David S. Miller
[STDERR  ] 2017-12-01T11:41:09.567102551Z: [   11.438884] NET: Registered protocol family 10
[STDERR  ] 2017-12-01T11:41:09.567120986Z: [   11.455104] ip6_tables: (C) 2000-2006 Netfilter Core Team
[STDERR  ] 2017-12-01T11:41:09.567132589Z: [   11.468655] NET: Registered protocol family 17
[STDERR  ] 2017-12-01T11:41:09.567143363Z: [   11.470391] Bridge firewalling registered
[STDERR  ] 2017-12-01T11:41:09.567153382Z: [   11.471129] Ebtables v2.0 registered
[STDERR  ] 2017-12-01T11:41:09.567169304Z: [   11.474043] 8021q: 802.1Q VLAN Support v1.8
[STDERR  ] 2017-12-01T11:41:09.567181353Z: [   11.476469] 9pnet: Installing 9P2000 support
[STDERR  ] 2017-12-01T11:41:09.567192623Z: [   11.478572] Key type dns_resolver registered
[STDERR  ] 2017-12-01T11:41:09.567208Z: [   11.479693] microcode: AMD CPU family 0x6 not supported
[STDERR  ] 2017-12-01T11:41:09.567220628Z: [   11.485726] registered taskstats version 1
[STDERR  ] 2017-12-01T11:41:09.567232097Z: [   11.616096] ata2: SATA link down (SStatus 0 SControl 300)
[STDERR  ] 2017-12-01T11:41:09.567243342Z: [   11.619070] ata1: SATA link down (SStatus 0 SControl 300)
[STDERR  ] 2017-12-01T11:41:09.567254419Z: [   11.621074] ata3: SATA link up 1.5 Gbps (SStatus 113 SControl 300)
[STDERR  ] 2017-12-01T11:41:09.567265728Z: [   11.626667] ata3.00: ATAPI: QEMU DVD-ROM, 2.5+, max UDMA/100
[STDERR  ] 2017-12-01T11:41:09.567276885Z: [   11.627204] ata3.00: applying bridge limits
[STDERR  ] 2017-12-01T11:41:09.567287625Z: [   11.634449] ata4: SATA link down (SStatus 0 SControl 300)
[STDERR  ] 2017-12-01T11:41:09.567298506Z: [   11.635008] ata5: SATA link down (SStatus 0 SControl 300)
[STDERR  ] 2017-12-01T11:41:09.567316515Z: [   11.636278] ata6: SATA link down (SStatus 0 SControl 300)
[STDERR  ] 2017-12-01T11:41:09.567328165Z: [   11.637710] ata3.00: configured for UDMA/100
[STDERR  ] 2017-12-01T11:41:09.567339746Z: [   11.667812] scsi 2:0:0:0: CD-ROM            QEMU     QEMU DVD-ROM     2.5+ PQ: 0 ANSI: 5
[STDERR  ] 2017-12-01T11:41:09.567351215Z: [   11.705424] sr 2:0:0:0: [sr0] scsi3-mmc drive: 4x/4x cd/rw xa/form2 tray
[STDERR  ] 2017-12-01T11:41:09.567454194Z: [   11.706132] cdrom: Uniform CD-ROM driver Revision: 3.20
[STDERR  ] 2017-12-01T11:41:09.567470137Z: [   11.727037] sr 2:0:0:0: Attached scsi generic sg0 type 5
[STDERR  ] 2017-12-01T11:41:09.567481768Z: [   11.760699] tsc: Refined TSC clocksource calibration: 2300.035 MHz
[STDERR  ] 2017-12-01T11:41:09.567493019Z: [   11.761236] clocksource: tsc: mask: 0xffffffffffffffff max_cycles: 0x21275623ef1, max_idle_ns: 440795252285 ns
[STDERR  ] 2017-12-01T11:41:09.567504605Z: [   11.825024] Key type big_key registered
[STDERR  ] 2017-12-01T11:41:09.567526541Z: [   11.997207] Key type encrypted registered
[STDERR  ] 2017-12-01T11:41:09.567538569Z: [   12.004236] rtc_cmos 00:00: setting system clock to 2017-12-01 11:40:14 UTC (1512128414)
[STDERR  ] 2017-12-01T11:41:09.567550888Z: [   12.265364] Freeing unused kernel memory: 1380K
[STDERR  ] 2017-12-01T11:41:09.567562274Z: [   12.265805] Write protecting the kernel read-only data: 12288k
[STDERR  ] 2017-12-01T11:41:09.567573413Z: [   12.276816] Freeing unused kernel memory: 128K
[STDERR  ] 2017-12-01T11:41:09.567584788Z: [   12.457767] Freeing unused kernel memory: 1396K
[STDERR  ] 2017-12-01T11:41:09.567621693Z: [   12.776119] clocksource: Switched to clocksource tsc
[STDERR  ] 2017-12-01T11:41:09.567632468Z: 
[STDERR  ] 2017-12-01T11:41:09.567643711Z: Welcome to LinuxKit
[STDERR  ] 2017-12-01T11:41:09.567655017Z: 
[STDERR  ] 2017-12-01T11:41:09.567665972Z:                         ##         .
[STDERR  ] 2017-12-01T11:41:09.567676648Z:                   ## ## ##        ==
[STDERR  ] 2017-12-01T11:41:09.567686997Z:                ## ## ## ## ##    ===
[STDERR  ] 2017-12-01T11:41:09.567697116Z:            /"""""""""""""""""\___/ ===
[STDERR  ] 2017-12-01T11:41:09.567707521Z:           {                       /  ===-
[STDERR  ] 2017-12-01T11:41:09.567717721Z:            \______ O           __/
[STDERR  ] 2017-12-01T11:41:09.567727458Z:              \    \         __/
[STDERR  ] 2017-12-01T11:41:09.56773762Z:               \____\_______/
[STDERR  ] 2017-12-01T11:41:09.567748534Z: 
[STDERR  ] 2017-12-01T11:41:09.56781126Z: starting kernel config sanity test with /proc/config.gz
[STDERR  ] 2017-12-01T11:41:09.567825317Z: [   41.206451] RPC: Registered named UNIX socket transport module.
[STDERR  ] 2017-12-01T11:41:09.567838604Z: [   41.207243] RPC: Registered udp transport module.
[STDERR  ] 2017-12-01T11:41:09.567850993Z: [   41.207758] RPC: Registered tcp transport module.
[STDERR  ] 2017-12-01T11:41:09.567868228Z: [   41.208268] RPC: Registered tcp NFSv4.1 backchannel transport module.
[STDERR  ] 2017-12-01T11:41:09.567880157Z: [   41.390784] FS-Cache: Netfs 'nfs' registered for caching
[STDERR  ] 2017-12-01T11:41:09.567894092Z: [   41.567426] Installing knfsd (copyright (C) 1996 okir@monad.swb.de).
[STDERR  ] 2017-12-01T11:41:09.567905728Z: [   41.659465] ntfs: driver 2.1.32 [Flags: R/O MODULE].
[STDERR  ] 2017-12-01T11:41:09.567917891Z: kernel config test succeeded!
[STDERR  ] 2017-12-01T11:41:09.567964225Z: [37minfo: reading kernel config from /proc/config.gz ...[m
[STDERR  ] 2017-12-01T11:41:09.567977515Z: 
[STDERR  ] 2017-12-01T11:41:09.567988349Z: Generally Necessary:
[STDERR  ] 2017-12-01T11:41:09.568001612Z: - [37mcgroup hierarchy[m: [32mproperly mounted[m [/sys/fs/cgroup]
[STDERR  ] 2017-12-01T11:41:09.568013469Z: - [37mCONFIG_NAMESPACES[m: [32menabled[m
[STDERR  ] 2017-12-01T11:41:09.568025808Z: - [37mCONFIG_NET_NS[m: [32menabled[m
[STDERR  ] 2017-12-01T11:41:09.568037899Z: - [37mCONFIG_PID_NS[m: [32menabled[m
[STDERR  ] 2017-12-01T11:41:09.568049264Z: - [37mCONFIG_IPC_NS[m: [32menabled[m
[STDERR  ] 2017-12-01T11:41:09.568063666Z: - [37mCONFIG_UTS_NS[m: [32menabled[m
[STDERR  ] 2017-12-01T11:41:09.568074938Z: - [37mCONFIG_CGROUPS[m: [32menabled[m
[STDERR  ] 2017-12-01T11:41:09.568107757Z: - [37mCONFIG_CGROUP_CPUACCT[m: [32menabled[m
[STDERR  ] 2017-12-01T11:41:09.568122935Z: - [37mCONFIG_CGROUP_DEVICE[m: [32menabled[m
[STDERR  ] 2017-12-01T11:41:09.568135874Z: - [37mCONFIG_CGROUP_FREEZER[m: [32menabled[m
[STDERR  ] 2017-12-01T11:41:09.568149171Z: - [37mCONFIG_CGROUP_SCHED[m: [32menabled[m
[STDERR  ] 2017-12-01T11:41:09.568161756Z: - [37mCONFIG_CPUSETS[m: [32menabled[m
[STDERR  ] 2017-12-01T11:41:09.568174958Z: - [37mCONFIG_MEMCG[m: [32menabled[m
[STDERR  ] 2017-12-01T11:41:09.568186429Z: - [37mCONFIG_KEYS[m: [32menabled[m
[STDERR  ] 2017-12-01T11:41:09.568206463Z: - [37mCONFIG_VETH[m: [32menabled[m
[STDERR  ] 2017-12-01T11:41:09.568219571Z: - [37mCONFIG_BRIDGE[m: [32menabled[m
[STDERR  ] 2017-12-01T11:41:09.568232162Z: - [37mCONFIG_BRIDGE_NETFILTER[m: [32menabled[m
[STDERR  ] 2017-12-01T11:41:09.568244388Z: - [37mCONFIG_NF_NAT_IPV4[m: [32menabled[m
[STDERR  ] 2017-12-01T11:41:09.568277691Z: - [37mCONFIG_IP_NF_FILTER[m: [32menabled[m
[STDERR  ] 2017-12-01T11:41:09.568289623Z: - [37mCONFIG_IP_NF_TARGET_MASQUERADE[m: [32menabled[m
[STDERR  ] 2017-12-01T11:41:09.568302433Z: - [37mCONFIG_NETFILTER_XT_MATCH_ADDRTYPE[m: [32menabled[m
[STDERR  ] 2017-12-01T11:41:09.568314948Z: - [37mCONFIG_NETFILTER_XT_MATCH_CONNTRACK[m: [32menabled[m
[STDERR  ] 2017-12-01T11:41:09.568327191Z: - [37mCONFIG_NETFILTER_XT_MATCH_IPVS[m: [32menabled[m
[STDERR  ] 2017-12-01T11:41:09.568340208Z: - [37mCONFIG_IP_NF_NAT[m: [32menabled[m
[STDERR  ] 2017-12-01T11:41:09.568352045Z: - [37mCONFIG_NF_NAT[m: [32menabled[m
[STDERR  ] 2017-12-01T11:41:09.568365547Z: - [37mCONFIG_NF_NAT_NEEDED[m: [32menabled[m
[STDERR  ] 2017-12-01T11:41:09.568376573Z: - [37mCONFIG_POSIX_MQUEUE[m: [32menabled[m
[STDERR  ] 2017-12-01T11:41:09.568390887Z: 
[STDERR  ] 2017-12-01T11:41:09.568402132Z: Optional Features:
[STDERR  ] 2017-12-01T11:41:09.568423939Z: - [37mCONFIG_USER_NS[m: [32menabled[m
[STDERR  ] 2017-12-01T11:41:09.568448628Z: - [37mCONFIG_SECCOMP[m: [32menabled[m
[STDERR  ] 2017-12-01T11:41:09.568461294Z: - [37mCONFIG_CGROUP_PIDS[m: [32menabled[m
[STDERR  ] 2017-12-01T11:41:09.568474176Z: - [37mCONFIG_MEMCG_SWAP[m: [32menabled[m
[STDERR  ] 2017-12-01T11:41:09.56848553Z: - [37mCONFIG_MEMCG_SWAP_ENABLED[m: [32menabled[m
[STDERR  ] 2017-12-01T11:41:09.568512603Z:     [1;30m(cgroup swap accounting is currently enabled)[m
[STDERR  ] 2017-12-01T11:41:09.568527814Z: - [1mCONFIG_LEGACY_VSYSCALL_NONE[m: [1;31menabled[m
[STDERR  ] 2017-12-01T11:41:09.568538893Z:     [1;30m(containers using eglibc <= 2.13 will not work. Switch to[m
[STDERR  ] 2017-12-01T11:41:09.568553043Z:     [1;30m "CONFIG_VSYSCALL_[NATIVE|EMULATE]" or use "vsyscall=[native|emulate]"[m
[STDERR  ] 2017-12-01T11:41:09.568569796Z:     [1;30m on kernel command line. Note that this will disable ASLR for the,[m
[STDERR  ] 2017-12-01T11:41:09.568613005Z:     [1;30m VDSO which may assist in exploiting security vulnerabilities.)[m
[STDERR  ] 2017-12-01T11:41:09.568625089Z: - [37mCONFIG_BLK_CGROUP[m: [32menabled[m
[STDERR  ] 2017-12-01T11:41:09.568638845Z: - [37mCONFIG_BLK_DEV_THROTTLING[m: [32menabled[m
[STDERR  ] 2017-12-01T11:41:09.568650011Z: - [37mCONFIG_IOSCHED_CFQ[m: [32menabled[m
[STDERR  ] 2017-12-01T11:41:09.568664298Z: - [37mCONFIG_CFQ_GROUP_IOSCHED[m: [32menabled[m
[STDERR  ] 2017-12-01T11:41:09.568675455Z: - [37mCONFIG_CGROUP_PERF[m: [32menabled[m
[STDERR  ] 2017-12-01T11:41:09.568688934Z: - [37mCONFIG_CGROUP_HUGETLB[m: [32menabled[m
[STDERR  ] 2017-12-01T11:41:09.56870044Z: - [37mCONFIG_NET_CLS_CGROUP[m: [32menabled[m
[STDERR  ] 2017-12-01T11:41:09.568719962Z: - [37mCONFIG_CGROUP_NET_PRIO[m: [32menabled[m
[STDERR  ] 2017-12-01T11:41:09.568731649Z: - [37mCONFIG_CFS_BANDWIDTH[m: [32menabled[m
[STDERR  ] 2017-12-01T11:41:09.568763267Z: - [37mCONFIG_FAIR_GROUP_SCHED[m: [32menabled[m
[STDERR  ] 2017-12-01T11:41:09.568778052Z: - [37mCONFIG_RT_GROUP_SCHED[m: [32menabled[m
[STDERR  ] 2017-12-01T11:41:09.56878925Z: - [37mCONFIG_IP_VS[m: [32menabled[m
[STDERR  ] 2017-12-01T11:41:09.568803486Z: - [37mCONFIG_IP_VS_NFCT[m: [32menabled[m
[STDERR  ] 2017-12-01T11:41:09.568814594Z: - [37mCONFIG_IP_VS_RR[m: [32menabled[m
[STDERR  ] 2017-12-01T11:41:09.568826987Z: - [37mCONFIG_EXT4_FS[m: [32menabled[m
[STDERR  ] 2017-12-01T11:41:09.568839418Z: - [37mCONFIG_EXT4_FS_POSIX_ACL[m: [32menabled[m
[STDERR  ] 2017-12-01T11:41:09.568851021Z: - [37mCONFIG_EXT4_FS_SECURITY[m: [32menabled[m
[STDERR  ] 2017-12-01T11:41:09.568864723Z: - Network Drivers:
[STDERR  ] 2017-12-01T11:41:09.568875767Z:   - "[34moverlay[m":
[STDERR  ] 2017-12-01T11:41:09.568889564Z:     - [37mCONFIG_VXLAN[m: [32menabled[m
[STDERR  ] 2017-12-01T11:41:09.568901417Z:       Optional (for encrypted networks):
[STDERR  ] 2017-12-01T11:41:09.568934096Z:       - [37mCONFIG_CRYPTO[m: [32menabled[m
[STDERR  ] 2017-12-01T11:41:09.568953468Z:       - [37mCONFIG_CRYPTO_AEAD[m: [32menabled[m
[STDERR  ] 2017-12-01T11:41:09.568966542Z:       - [37mCONFIG_CRYPTO_GCM[m: [32menabled[m
[STDERR  ] 2017-12-01T11:41:09.568979184Z:       - [37mCONFIG_CRYPTO_SEQIV[m: [32menabled[m
[STDERR  ] 2017-12-01T11:41:09.568991314Z:       - [37mCONFIG_CRYPTO_GHASH[m: [32menabled[m
[STDERR  ] 2017-12-01T11:41:09.569004711Z:       - [37mCONFIG_XFRM[m: [32menabled[m
[STDERR  ] 2017-12-01T11:41:09.569015505Z:       - [37mCONFIG_XFRM_USER[m: [32menabled (as module)[m
[STDERR  ] 2017-12-01T11:41:09.56902968Z:       - [37mCONFIG_XFRM_ALGO[m: [32menabled (as module)[m
[STDERR  ] 2017-12-01T11:41:09.569040956Z:       - [37mCONFIG_INET_ESP[m: [32menabled (as module)[m
[STDERR  ] 2017-12-01T11:41:09.569063078Z:       - [37mCONFIG_INET_XFRM_MODE_TRANSPORT[m: [32menabled (as module)[m
[STDERR  ] 2017-12-01T11:41:09.569094984Z:   - "[34mipvlan[m":
[STDERR  ] 2017-12-01T11:41:09.569109372Z:     - [37mCONFIG_IPVLAN[m: [32menabled[m
[STDERR  ] 2017-12-01T11:41:09.56912111Z:   - "[34mmacvlan[m":
[STDERR  ] 2017-12-01T11:41:09.569133197Z:     - [37mCONFIG_MACVLAN[m: [32menabled[m
[STDERR  ] 2017-12-01T11:41:09.569145897Z:     - [37mCONFIG_DUMMY[m: [32menabled (as module)[m
[STDERR  ] 2017-12-01T11:41:09.569156885Z:   - "[34mftp,tftp client in container[m":
[STDERR  ] 2017-12-01T11:41:09.569177206Z:     - [37mCONFIG_NF_NAT_FTP[m: [32menabled[m
[STDERR  ] 2017-12-01T11:41:09.569197061Z:     - [37mCONFIG_NF_CONNTRACK_FTP[m: [32menabled[m
[STDERR  ] 2017-12-01T11:41:09.569208925Z:     - [37mCONFIG_NF_NAT_TFTP[m: [32menabled[m
[STDERR  ] 2017-12-01T11:41:09.569223095Z:     - [37mCONFIG_NF_CONNTRACK_TFTP[m: [32menabled[m
[STDERR  ] 2017-12-01T11:41:09.569243523Z: - Storage Drivers:
[STDERR  ] 2017-12-01T11:41:09.569274664Z:   - "[34maufs[m":
[STDERR  ] 2017-12-01T11:41:09.569287749Z:     - [1mCONFIG_AUFS_FS[m: [1;31mmissing[m
[STDERR  ] 2017-12-01T11:41:09.569300499Z:   - "[34mbtrfs[m":
[STDERR  ] 2017-12-01T11:41:09.569312647Z:     - [37mCONFIG_BTRFS_FS[m: [32menabled (as module)[m
[STDERR  ] 2017-12-01T11:41:09.569323901Z:     - [37mCONFIG_BTRFS_FS_POSIX_ACL[m: [32menabled[m
[STDERR  ] 2017-12-01T11:41:09.569338201Z:   - "[34mdevicemapper[m":
[STDERR  ] 2017-12-01T11:41:09.569349236Z:     - [37mCONFIG_BLK_DEV_DM[m: [32menabled[m
[STDERR  ] 2017-12-01T11:41:09.569362997Z:     - [37mCONFIG_DM_THIN_PROVISIONING[m: [32menabled[m
[STDERR  ] 2017-12-01T11:41:09.569374946Z:   - "[34moverlay[m":
[STDERR  ] 2017-12-01T11:41:09.569387215Z:     - [37mCONFIG_OVERLAY_FS[m: [32menabled[m
[STDERR  ] 2017-12-01T11:41:09.569420358Z:   - "[34mzfs[m":
[STDERR  ] 2017-12-01T11:41:09.56943292Z:     - [1m/dev/zfs[m: [1;31mmissing[m
[STDERR  ] 2017-12-01T11:41:09.569446524Z:     - [1mzfs command[m: [1;31mmissing[m
[STDERR  ] 2017-12-01T11:41:09.569458381Z:     - [1mzpool command[m: [1;31mmissing[m
[STDERR  ] 2017-12-01T11:41:09.569470711Z: 
[STDERR  ] 2017-12-01T11:41:09.569483679Z: Limits:
[STDERR  ] 2017-12-01T11:41:09.569495414Z: [37m- /proc/sys/kernel/keys/root_maxkeys[m: [32m1000000[m
[STDERR  ] 2017-12-01T11:41:09.569508127Z: 
[STDERR  ] 2017-12-01T11:41:09.569519557Z: Kernel config test suite PASSED
[STDERR  ] 2017-12-01T11:41:09.569533248Z: [   66.576704] ACPI: Preparing to enter system sleep state S5
[STDERR  ] 2017-12-01T11:41:09.569544561Z: [   66.581414] reboot: Power down
[STDERR  ] 2017-12-01T11:41:09.569558596Z: + grep -q suite PASSED
[STDERR  ] 2017-12-01T11:41:09.569591269Z: + echo [    0.000000] Linux version 4.9.65-linuxkit (root@c78110dc0cc9) (gcc version 6.3.0 (Alpine 6.3.0) ) #1 SMP Fri Nov 24 15:20:57 UTC 2017
[STDERR  ] 2017-12-01T11:41:09.569605423Z: [    0.000000] Command line: console=ttyS0
[STDERR  ] 2017-12-01T11:41:09.569617945Z: [    0.000000] x86/fpu: Legacy x87 FPU detected.
[STDERR  ] 2017-12-01T11:41:09.569629063Z: [    0.000000] x86/fpu: Using 'eager' FPU context switches.
[STDERR  ] 2017-12-01T11:41:09.569643333Z: [    0.000000] e820: BIOS-provided physical RAM map:
[STDERR  ] 2017-12-01T11:41:09.569654823Z: [    0.000000] BIOS-e820: [mem 0x0000000000000000-0x000000000009fbff] usable
[STDERR  ] 2017-12-01T11:41:09.569668663Z: [    0.000000] BIOS-e820: [mem 0x000000000009fc00-0x000000000009ffff] reserved
[STDERR  ] 2017-12-01T11:41:09.569680806Z: [    0.000000] BIOS-e820: [mem 0x00000000000f0000-0x00000000000fffff] reserved
[STDERR  ] 2017-12-01T11:41:09.569693667Z: [    0.000000] BIOS-e820: [mem 0x0000000000100000-0x000000003ffdefff] usable
[STDERR  ] 2017-12-01T11:41:09.569706221Z: [    0.000000] BIOS-e820: [mem 0x000000003ffdf000-0x000000003fffffff] reserved
[STDERR  ] 2017-12-01T11:41:09.569718808Z: [    0.000000] BIOS-e820: [mem 0x00000000b0000000-0x00000000bfffffff] reserved
[STDERR  ] 2017-12-01T11:41:09.569757097Z: [    0.000000] BIOS-e820: [mem 0x00000000fed1c000-0x00000000fed1ffff] reserved
[STDERR  ] 2017-12-01T11:41:09.56977047Z: [    0.000000] BIOS-e820: [mem 0x00000000fffc0000-0x00000000ffffffff] reserved
[STDERR  ] 2017-12-01T11:41:09.569783512Z: [    0.000000] NX (Execute Disable) protection: active
[STDERR  ] 2017-12-01T11:41:09.569805491Z: [    0.000000] SMBIOS 2.8 present.
[STDERR  ] 2017-12-01T11:41:09.56981782Z: [    0.000000] e820: last_pfn = 0x3ffdf max_arch_pfn = 0x400000000
[STDERR  ] 2017-12-01T11:41:09.569834696Z: [    0.000000] x86/PAT: Configuration [0-7]: WB  WC  UC- UC  WB  WC  UC- WT  
[STDERR  ] 2017-12-01T11:41:09.569846301Z: [    0.000000] found SMP MP-table at [mem 0x000f6aa0-0x000f6aaf] mapped at [ffff9447800f6aa0]
[STDERR  ] 2017-12-01T11:41:09.569867719Z: [    0.000000] RAMDISK: [mem 0x3e7d1000-0x3ffcffff]
[STDERR  ] 2017-12-01T11:41:09.569879023Z: [    0.000000] ACPI: Early table checksum verification disabled
[STDERR  ] 2017-12-01T11:41:09.569913536Z: [    0.000000] ACPI: RSDP 0x00000000000F68C0 000014 (v00 BOCHS )
[STDERR  ] 2017-12-01T11:41:09.569932433Z: [    0.000000] ACPI: RSDT 0x000000003FFE2404 000034 (v01 BOCHS  BXPCRSDT 00000001 BXPC 00000001)
[STDERR  ] 2017-12-01T11:41:09.569952124Z: [    0.000000] ACPI: FACP 0x000000003FFE22A4 000074 (v01 BOCHS  BXPCFACP 00000001 BXPC 00000001)
[STDERR  ] 2017-12-01T11:41:09.569964206Z: [    0.000000] ACPI: DSDT 0x000000003FFE0040 002264 (v01 BOCHS  BXPCDSDT 00000001 BXPC 00000001)
[STDERR  ] 2017-12-01T11:41:09.569978511Z: [    0.000000] ACPI: FACS 0x000000003FFE0000 000040
[STDERR  ] 2017-12-01T11:41:09.569990092Z: [    0.000000] ACPI: APIC 0x000000003FFE2318 000078 (v01 BOCHS  BXPCAPIC 00000001 BXPC 00000001)
[STDERR  ] 2017-12-01T11:41:09.570004859Z: [    0.000000] ACPI: HPET 0x000000003FFE2390 000038 (v01 BOCHS  BXPCHPET 00000001 BXPC 00000001)
[STDERR  ] 2017-12-01T11:41:09.570016411Z: [    0.000000] ACPI: MCFG 0x000000003FFE23C8 00003C (v01 BOCHS  BXPCMCFG 00000001 BXPC 00000001)
[STDERR  ] 2017-12-01T11:41:09.570030282Z: [    0.000000] Zone ranges:
[STDERR  ] 2017-12-01T11:41:09.570042332Z: [    0.000000]   DMA      [mem 0x0000000000001000-0x0000000000ffffff]
[STDERR  ] 2017-12-01T11:41:09.570073688Z: [    0.000000]   DMA32    [mem 0x0000000001000000-0x000000003ffdefff]
[STDERR  ] 2017-12-01T11:41:09.570088305Z: [    0.000000]   Normal   empty
[STDERR  ] 2017-12-01T11:41:09.570099484Z: [    0.000000] Movable zone start for each node
[STDERR  ] 2017-12-01T11:41:09.570112839Z: [    0.000000] Early memory node ranges
[STDERR  ] 2017-12-01T11:41:09.570124407Z: [    0.000000]   node   0: [mem 0x0000000000001000-0x000000000009efff]
[STDERR  ] 2017-12-01T11:41:09.570137383Z: [    0.000000]   node   0: [mem 0x0000000000100000-0x000000003ffdefff]
[STDERR  ] 2017-12-01T11:41:09.570149127Z: [    0.000000] Initmem setup node 0 [mem 0x0000000000001000-0x000000003ffdefff]
[STDERR  ] 2017-12-01T11:41:09.570164502Z: [    0.000000] ACPI: PM-Timer IO Port: 0x608
[STDERR  ] 2017-12-01T11:41:09.570177626Z: [    0.000000] ACPI: LAPIC_NMI (acpi_id[0xff] dfl dfl lint[0x1])
[STDERR  ] 2017-12-01T11:41:09.570189516Z: [    0.000000] IOAPIC[0]: apic_id 0, version 32, address 0xfec00000, GSI 0-23
[STDERR  ] 2017-12-01T11:41:09.570203418Z: [    0.000000] ACPI: INT_SRC_OVR (bus 0 bus_irq 0 global_irq 2 dfl dfl)
[STDERR  ] 2017-12-01T11:41:09.570214972Z: [    0.000000] ACPI: INT_SRC_OVR (bus 0 bus_irq 5 global_irq 5 high level)
[STDERR  ] 2017-12-01T11:41:09.570250276Z: [    0.000000] ACPI: INT_SRC_OVR (bus 0 bus_irq 9 global_irq 9 high level)
[STDERR  ] 2017-12-01T11:41:09.570261751Z: [    0.000000] ACPI: INT_SRC_OVR (bus 0 bus_irq 10 global_irq 10 high level)
[STDERR  ] 2017-12-01T11:41:09.570274071Z: [    0.000000] ACPI: INT_SRC_OVR (bus 0 bus_irq 11 global_irq 11 high level)
[STDERR  ] 2017-12-01T11:41:09.570287108Z: [    0.000000] Using ACPI (MADT) for SMP configuration information
[STDERR  ] 2017-12-01T11:41:09.570298592Z: [    0.000000] ACPI: HPET id: 0x8086a201 base: 0xfed00000
[STDERR  ] 2017-12-01T11:41:09.570312807Z: [    0.000000] smpboot: Allowing 1 CPUs, 0 hotplug CPUs
[STDERR  ] 2017-12-01T11:41:09.570323948Z: [    0.000000] e820: [mem 0x40000000-0xafffffff] available for PCI devices
[STDERR  ] 2017-12-01T11:41:09.570338526Z: [    0.000000] Booting paravirtualized kernel on bare hardware
[STDERR  ] 2017-12-01T11:41:09.570352278Z: [    0.000000] clocksource: refined-jiffies: mask: 0xffffffff max_cycles: 0xffffffff, max_idle_ns: 19112604462750000 ns
[STDERR  ] 2017-12-01T11:41:09.570367972Z: [    0.000000] setup_percpu: NR_CPUS:128 nr_cpumask_bits:128 nr_cpu_ids:1 nr_node_ids:1
[STDERR  ] 2017-12-01T11:41:09.570379933Z: [    0.000000] percpu: Embedded 35 pages/cpu @ffff9447be400000 s105112 r8192 d30056 u2097152
[STDERR  ] 2017-12-01T11:41:09.570420534Z: [    0.000000] Built 1 zonelists in Zone order, mobility grouping on.  Total pages: 257896
[STDERR  ] 2017-12-01T11:41:09.570432785Z: [    0.000000] Kernel command line: console=ttyS0
[STDERR  ] 2017-12-01T11:41:09.570446722Z: [    0.000000] PID hash table entries: 4096 (order: 3, 32768 bytes)
[STDERR  ] 2017-12-01T11:41:09.570458446Z: [    0.000000] Dentry cache hash table entries: 131072 (order: 8, 1048576 bytes)
[STDERR  ] 2017-12-01T11:41:09.570478123Z: [    0.000000] Inode-cache hash table entries: 65536 (order: 7, 524288 bytes)
[STDERR  ] 2017-12-01T11:41:09.570490244Z: [    0.000000] Memory: 989600K/1048052K available (8048K kernel code, 1367K rwdata, 2700K rodata, 1380K init, 568K bss, 58452K reserved, 0K cma-reserved)
[STDERR  ] 2017-12-01T11:41:09.570505629Z: [    0.000000] Hierarchical RCU implementation.
[STDERR  ] 2017-12-01T11:41:09.57051663Z: [    0.000000] 	Build-time adjustment of leaf fanout to 64.
[STDERR  ] 2017-12-01T11:41:09.570530724Z: [    0.000000] 	RCU restricting CPUs from NR_CPUS=128 to nr_cpu_ids=1.
[STDERR  ] 2017-12-01T11:41:09.570542257Z: [    0.000000] RCU: Adjusting geometry for rcu_fanout_leaf=64, nr_cpu_ids=1
[STDERR  ] 2017-12-01T11:41:09.570574916Z: [    0.000000] NR_IRQS:8448 nr_irqs:256 16
[STDERR  ] 2017-12-01T11:41:09.570595254Z: [    0.000000] Console: colour VGA+ 80x25
[STDERR  ] 2017-12-01T11:41:09.570609402Z: [    0.000000] console [ttyS0] enabled
[STDERR  ] 2017-12-01T11:41:09.570621256Z: [    0.000000] clocksource: hpet: mask: 0xffffffff max_cycles: 0xffffffff, max_idle_ns: 19112604467 ns
[STDERR  ] 2017-12-01T11:41:09.570637005Z: [    0.000000] tsc: Unable to calibrate against PIT
[STDERR  ] 2017-12-01T11:41:09.570650503Z: [    0.000000] tsc: using HPET reference calibration
[STDERR  ] 2017-12-01T11:41:09.570662712Z: [    0.000000] tsc: Detected 2300.151 MHz processor
[STDERR  ] 2017-12-01T11:41:09.570675649Z: [    0.052234] Calibrating delay loop (skipped), value calculated using timer frequency.. 4600.30 BogoMIPS (lpj=23001510)
[STDERR  ] 2017-12-01T11:41:09.570689026Z: [    0.053886] pid_max: default: 32768 minimum: 301
[STDERR  ] 2017-12-01T11:41:09.570702368Z: [    0.055359] ACPI: Core revision 20160831
[STDERR  ] 2017-12-01T11:41:09.570734135Z: [    0.141567] ACPI: 1 ACPI AML tables successfully acquired and loaded
[STDERR  ] 2017-12-01T11:41:09.570747474Z: [    0.147588] Security Framework initialized
[STDERR  ] 2017-12-01T11:41:09.570760133Z: [    0.148204] Yama: becoming mindful.
[STDERR  ] 2017-12-01T11:41:09.570771518Z: [    0.151740] Mount-cache hash table entries: 2048 (order: 2, 16384 bytes)
[STDERR  ] 2017-12-01T11:41:09.570785424Z: [    0.152582] Mountpoint-cache hash table entries: 2048 (order: 2, 16384 bytes)
[STDERR  ] 2017-12-01T11:41:09.570796444Z: [    0.185243] Last level iTLB entries: 4KB 0, 2MB 0, 4MB 0
[STDERR  ] 2017-12-01T11:41:09.570809475Z: [    0.185954] Last level dTLB entries: 4KB 0, 2MB 0, 4MB 0, 1GB 0
[STDERR  ] 2017-12-01T11:41:09.570821103Z: [    1.140632] Freeing SMP alternatives memory: 20K
[STDERR  ] 2017-12-01T11:41:09.570833892Z: [    1.155459] ftrace: allocating 35540 entries in 139 pages
[STDERR  ] 2017-12-01T11:41:09.570846313Z: [    1.427762] smpboot: Max logical packages: 1
[STDERR  ] 2017-12-01T11:41:09.570859114Z: [    1.438216] ..TIMER: vector=0x30 apic1=0 pin1=2 apic2=-1 pin2=-1
[STDERR  ] 2017-12-01T11:41:09.570872553Z: [    1.550000] smpboot: CPU0: AMD QEMU Virtual CPU version 2.5+ (family: 0x6, model: 0x6, stepping: 0x3)
[STDERR  ] 2017-12-01T11:41:09.570903972Z: [    1.550000] Performance Events: PMU not available due to virtualization, using software events only.
[STDERR  ] 2017-12-01T11:41:09.570925654Z: [    1.570706] NMI watchdog: disabled (cpu0): hardware events not enabled
[STDERR  ] 2017-12-01T11:41:09.570937478Z: [    1.571418] NMI watchdog: Shutting down hard lockup detector on all cpus
[STDERR  ] 2017-12-01T11:41:09.570958735Z: [    1.575527] x86: Booted up 1 node, 1 CPUs
[STDERR  ] 2017-12-01T11:41:09.570971335Z: [    1.576092] smpboot: Total of 1 processors activated (4600.30 BogoMIPS)
[STDERR  ] 2017-12-01T11:41:09.570989827Z: [    1.600479] devtmpfs: initialized
[STDERR  ] 2017-12-01T11:41:09.571002907Z: [    1.608586] x86/mm: Memory block size: 128MB
[STDERR  ] 2017-12-01T11:41:09.5710159Z: [    1.725504] clocksource: jiffies: mask: 0xffffffff max_cycles: 0xffffffff, max_idle_ns: 19112604462750000 ns
[STDERR  ] 2017-12-01T11:41:09.571029049Z: [    1.726834] futex hash table entries: 256 (order: 2, 16384 bytes)
[STDERR  ] 2017-12-01T11:41:09.571077089Z: [    1.739848] NET: Registered protocol family 16
[STDERR  ] 2017-12-01T11:41:09.571091833Z: [    1.755974] cpuidle: using governor ladder
[STDERR  ] 2017-12-01T11:41:09.571103089Z: [    1.756646] cpuidle: using governor menu
[STDERR  ] 2017-12-01T11:41:09.571116405Z: [    1.758389] ACPI: bus type PCI registered
[STDERR  ] 2017-12-01T11:41:09.57112843Z: [    1.763289] PCI: MMCONFIG for domain 0000 [bus 00-ff] at [mem 0xb0000000-0xbfffffff] (base 0xb0000000)
[STDERR  ] 2017-12-01T11:41:09.571142159Z: [    1.764725] PCI: MMCONFIG at [mem 0xb0000000-0xbfffffff] reserved in E820
[STDERR  ] 2017-12-01T11:41:09.57115417Z: [    1.766864] PCI: Using configuration type 1 for base access
[STDERR  ] 2017-12-01T11:41:09.571167073Z: [    1.861651] HugeTLB registered 2 MB page size, pre-allocated 0 pages
[STDERR  ] 2017-12-01T11:41:09.571179282Z: [    1.877455] ACPI: Added _OSI(Module Device)
[STDERR  ] 2017-12-01T11:41:09.571190786Z: [    1.877963] ACPI: Added _OSI(Processor Device)
[STDERR  ] 2017-12-01T11:41:09.571225305Z: [    1.878451] ACPI: Added _OSI(3.0 _SCP Extensions)
[STDERR  ] 2017-12-01T11:41:09.57123768Z: [    1.878949] ACPI: Added _OSI(Processor Aggregator Device)
[STDERR  ] 2017-12-01T11:41:09.571250661Z: [    2.011515] ACPI: Interpreter enabled
[STDERR  ] 2017-12-01T11:41:09.571269912Z: [    2.012832] ACPI: (supports S0 S5)
[STDERR  ] 2017-12-01T11:41:09.571284499Z: [    2.013300] ACPI: Using IOAPIC for interrupt routing
[STDERR  ] 2017-12-01T11:41:09.571295765Z: [    2.016267] PCI: Using host bridge windows from ACPI; if necessary, use "pci=nocrs" and report a bug
[STDERR  ] 2017-12-01T11:41:09.571310771Z: [    2.126204] ACPI: PCI Root Bridge [PCI0] (domain 0000 [bus 00-ff])
[STDERR  ] 2017-12-01T11:41:09.571322142Z: [    2.127687] acpi PNP0A08:00: _OSC: OS supports [ExtendedConfig ASPM ClockPM Segments MSI]
[STDERR  ] 2017-12-01T11:41:09.571336147Z: [    2.137440] acpi PNP0A08:00: _OSC: OS now controls [PCIeHotplug PME PCIeCapability]
[STDERR  ] 2017-12-01T11:41:09.57134786Z: [    2.143731] PCI host bridge to bus 0000:00
[STDERR  ] 2017-12-01T11:41:09.571358953Z: [    2.144426] pci_bus 0000:00: root bus resource [io  0x0000-0x0cf7 window]
[STDERR  ] 2017-12-01T11:41:09.571393781Z: [    2.145165] pci_bus 0000:00: root bus resource [io  0x0d00-0xffff window]
[STDERR  ] 2017-12-01T11:41:09.571405025Z: [    2.145893] pci_bus 0000:00: root bus resource [mem 0x000a0000-0x000bffff window]
[STDERR  ] 2017-12-01T11:41:09.571418679Z: [    2.146664] pci_bus 0000:00: root bus resource [mem 0xc0000000-0xfebfffff window]
[STDERR  ] 2017-12-01T11:41:09.571430521Z: [    2.147641] pci_bus 0000:00: root bus resource [bus 00-ff]
[STDERR  ] 2017-12-01T11:41:09.571443352Z: [    2.324073] pci 0000:00:1f.0: quirk: [io  0x0600-0x067f] claimed by ICH6 ACPI/GPIO/TCO
[STDERR  ] 2017-12-01T11:41:09.571457113Z: [    2.424957] ACPI: PCI Interrupt Link [LNKA] (IRQs 5 *10 11)
[STDERR  ] 2017-12-01T11:41:09.571470123Z: [    2.428149] ACPI: PCI Interrupt Link [LNKB] (IRQs 5 *10 11)
[STDERR  ] 2017-12-01T11:41:09.571483107Z: [    2.431172] ACPI: PCI Interrupt Link [LNKC] (IRQs 5 10 *11)
[STDERR  ] 2017-12-01T11:41:09.571494786Z: [    2.433963] ACPI: PCI Interrupt Link [LNKD] (IRQs 5 10 *11)
[STDERR  ] 2017-12-01T11:41:09.571508799Z: [    2.437918] ACPI: PCI Interrupt Link [LNKE] (IRQs 5 *10 11)
[STDERR  ] 2017-12-01T11:41:09.571520849Z: [    2.440960] ACPI: PCI Interrupt Link [LNKF] (IRQs 5 *10 11)
[STDERR  ] 2017-12-01T11:41:09.57156185Z: [    2.443776] ACPI: PCI Interrupt Link [LNKG] (IRQs 5 10 *11)
[STDERR  ] 2017-12-01T11:41:09.571572866Z: [    2.446555] ACPI: PCI Interrupt Link [LNKH] (IRQs 5 10 *11)
[STDERR  ] 2017-12-01T11:41:09.571596704Z: [    2.447871] ACPI: PCI Interrupt Link [GSIA] (IRQs *16)
[STDERR  ] 2017-12-01T11:41:09.571608971Z: [    2.448892] ACPI: PCI Interrupt Link [GSIB] (IRQs *17)
[STDERR  ] 2017-12-01T11:41:09.571622068Z: [    2.449879] ACPI: PCI Interrupt Link [GSIC] (IRQs *18)
[STDERR  ] 2017-12-01T11:41:09.571633275Z: [    2.451045] ACPI: PCI Interrupt Link [GSID] (IRQs *19)
[STDERR  ] 2017-12-01T11:41:09.571652323Z: [    2.452033] ACPI: PCI Interrupt Link [GSIE] (IRQs *20)
[STDERR  ] 2017-12-01T11:41:09.571664161Z: [    2.453026] ACPI: PCI Interrupt Link [GSIF] (IRQs *21)
[STDERR  ] 2017-12-01T11:41:09.571677463Z: [    2.454012] ACPI: PCI Interrupt Link [GSIG] (IRQs *22)
[STDERR  ] 2017-12-01T11:41:09.571688668Z: [    2.454996] ACPI: PCI Interrupt Link [GSIH] (IRQs *23)
[STDERR  ] 2017-12-01T11:41:09.571721218Z: [    2.461211] ACPI: Enabled 2 GPEs in block 00 to 3F
[STDERR  ] 2017-12-01T11:41:09.571735486Z: [    2.468261] SCSI subsystem initialized
[STDERR  ] 2017-12-01T11:41:09.57174663Z: [    2.471578] ACPI: bus type USB registered
[STDERR  ] 2017-12-01T11:41:09.571761424Z: [    2.473357] usbcore: registered new interface driver usbfs
[STDERR  ] 2017-12-01T11:41:09.571772856Z: [    2.474765] usbcore: registered new interface driver hub
[STDERR  ] 2017-12-01T11:41:09.571793215Z: [    2.475988] usbcore: registered new device driver usb
[STDERR  ] 2017-12-01T11:41:09.571805424Z: [    2.477887] pps_core: LinuxPPS API ver. 1 registered
[STDERR  ] 2017-12-01T11:41:09.571819347Z: [    2.478438] pps_core: Software ver. 5.3.6 - Copyright 2005-2007 Rodolfo Giometti <giometti@linux.it>
[STDERR  ] 2017-12-01T11:41:09.571831101Z: [    2.479611] PTP clock support registered
[STDERR  ] 2017-12-01T11:41:09.571845386Z: [    2.481520] wmi: Mapper loaded
[STDERR  ] 2017-12-01T11:41:09.57187613Z: [    2.483177] PCI: Using ACPI for IRQ routing
[STDERR  ] 2017-12-01T11:41:09.57188969Z: [    2.515781] NetLabel: Initializing
[STDERR  ] 2017-12-01T11:41:09.571903362Z: [    2.516188] NetLabel:  domain hash size = 128
[STDERR  ] 2017-12-01T11:41:09.57191465Z: [    2.516654] NetLabel:  protocols = UNLABELED CIPSOv4
[STDERR  ] 2017-12-01T11:41:09.571935442Z: [    2.519815] NetLabel:  unlabeled traffic allowed by default
[STDERR  ] 2017-12-01T11:41:09.571947162Z: [    2.520941] HPET: 3 timers in total, 0 timers will be used for per-cpu timer
[STDERR  ] 2017-12-01T11:41:09.571960369Z: [    2.522137] hpet0: at MMIO 0xfed00000, IRQs 2, 8, 0
[STDERR  ] 2017-12-01T11:41:09.571979547Z: [    2.522898] hpet0: 3 comparators, 64-bit 100.000000 MHz counter
[STDERR  ] 2017-12-01T11:41:09.571992012Z: [    2.528740] clocksource: Switched to clocksource hpet
[STDERR  ] 2017-12-01T11:41:09.572003612Z: [    2.991244] VFS: Disk quotas dquot_6.6.0
[STDERR  ] 2017-12-01T11:41:09.572016998Z: [    2.992300] VFS: Dquot-cache hash table entries: 512 (order 0, 4096 bytes)
[STDERR  ] 2017-12-01T11:41:09.572049747Z: [    2.996649] FS-Cache: Loaded
[STDERR  ] 2017-12-01T11:41:09.572061412Z: [    3.005112] CacheFiles: Loaded
[STDERR  ] 2017-12-01T11:41:09.572075527Z: [    3.007734] pnp: PnP ACPI init
[STDERR  ] 2017-12-01T11:41:09.572086769Z: [    3.027124] pnp: PnP ACPI: found 5 devices
[STDERR  ] 2017-12-01T11:41:09.57210097Z: [    3.130585] clocksource: acpi_pm: mask: 0xffffff max_cycles: 0xffffff, max_idle_ns: 2085701024 ns
[STDERR  ] 2017-12-01T11:41:09.572112769Z: [    3.136895] NET: Registered protocol family 2
[STDERR  ] 2017-12-01T11:41:09.572126586Z: [    3.153249] TCP established hash table entries: 8192 (order: 4, 65536 bytes)
[STDERR  ] 2017-12-01T11:41:09.572138036Z: [    3.154968] TCP bind hash table entries: 8192 (order: 5, 131072 bytes)
[STDERR  ] 2017-12-01T11:41:09.57214977Z: [    3.156335] TCP: Hash tables configured (established 8192 bind 8192)
[STDERR  ] 2017-12-01T11:41:09.572162511Z: [    3.159667] UDP hash table entries: 512 (order: 2, 16384 bytes)
[STDERR  ] 2017-12-01T11:41:09.572174138Z: [    3.161238] UDP-Lite hash table entries: 512 (order: 2, 16384 bytes)
[STDERR  ] 2017-12-01T11:41:09.572215978Z: [    3.166562] NET: Registered protocol family 1
[STDERR  ] 2017-12-01T11:41:09.572227181Z: [    3.168255] pci 0000:00:01.0: Video device with shadowed ROM at [mem 0x000c0000-0x000dffff]
[STDERR  ] 2017-12-01T11:41:09.572242673Z: [    3.186782] Unpacking initramfs...
[STDERR  ] 2017-12-01T11:41:09.57225395Z: [   10.745602] Freeing initrd memory: 24572K
[STDERR  ] 2017-12-01T11:41:09.57227319Z: [   10.783209] PCLMULQDQ-NI instructions are not detected.
[STDERR  ] 2017-12-01T11:41:09.572284708Z: [   10.784767] AVX or AES-NI instructions are not detected.
[STDERR  ] 2017-12-01T11:41:09.572299023Z: [   10.785248] CPU feature 'AVX registers' is not supported.
[STDERR  ] 2017-12-01T11:41:09.572310357Z: [   10.785668] CPU feature 'AVX registers' is not supported.
[STDERR  ] 2017-12-01T11:41:09.572324329Z: [   10.786082] CPU feature 'AVX registers' is not supported.
[STDERR  ] 2017-12-01T11:41:09.572336089Z: [   10.786493] CPU feature 'AVX registers' is not supported.
[STDERR  ] 2017-12-01T11:41:09.572366835Z: [   10.786905] AVX2 or AES-NI instructions are not detected.
[STDERR  ] 2017-12-01T11:41:09.572382471Z: [   10.787306] AVX2 instructions are not detected.
[STDERR  ] 2017-12-01T11:41:09.572402815Z: [   10.797608] audit: initializing netlink subsys (disabled)
[STDERR  ] 2017-12-01T11:41:09.572415822Z: [   10.799986] audit: type=2000 audit(1512128412.790:1): initialized
[STDERR  ] 2017-12-01T11:41:09.572427965Z: [   10.812267] workingset: timestamp_bits=46 max_order=18 bucket_order=0
[STDERR  ] 2017-12-01T11:41:09.572441029Z: [   10.822446] squashfs: version 4.0 (2009/01/31) Phillip Lougher
[STDERR  ] 2017-12-01T11:41:09.572452051Z: [   10.825727] FS-Cache: Netfs 'cifs' registered for caching
[STDERR  ] 2017-12-01T11:41:09.572466461Z: [   10.826884] fuse init (API version 7.26)
[STDERR  ] 2017-12-01T11:41:09.572478511Z: [   10.830535] SGI XFS with ACLs, security attributes, no debug enabled
[STDERR  ] 2017-12-01T11:41:09.572499976Z: [   10.836419] 9p: Installing v9fs 9p2000 file system support
[STDERR  ] 2017-12-01T11:41:09.572522924Z: [   10.836979] FS-Cache: Netfs '9p' registered for caching
[STDERR  ] 2017-12-01T11:41:09.572545483Z: [   10.894270] NET: Registered protocol family 38
[STDERR  ] 2017-12-01T11:41:09.572558055Z: [   10.894955] Key type asymmetric registered
[STDERR  ] 2017-12-01T11:41:09.57257043Z: [   10.895325] Asymmetric key parser 'x509' registered
[STDERR  ] 2017-12-01T11:41:09.572584373Z: [   10.896304] Block layer SCSI generic (bsg) driver version 0.4 loaded (major 251)
[STDERR  ] 2017-12-01T11:41:09.572595611Z: [   10.898003] io scheduler noop registered
[STDERR  ] 2017-12-01T11:41:09.572609595Z: [   10.898339] io scheduler deadline registered (default)
[STDERR  ] 2017-12-01T11:41:09.572629187Z: [   10.899371] io scheduler cfq registered
[STDERR  ] 2017-12-01T11:41:09.572645407Z: [   10.903685] pci_hotplug: PCI Hot Plug PCI Core version: 0.5
[STDERR  ] 2017-12-01T11:41:09.572660116Z: [   10.904363] pciehp: PCI Express Hot Plug Controller Driver version: 0.4
[STDERR  ] 2017-12-01T11:41:09.572671326Z: [   10.905325] shpchp: Standard Hot Plug PCI Controller Driver version: 0.4
[STDERR  ] 2017-12-01T11:41:09.572704567Z: [   10.906299] hv_vmbus: registering driver hyperv_fb
[STDERR  ] 2017-12-01T11:41:09.572719133Z: [   10.911996] input: Power Button as /devices/LNXSYSTM:00/LNXPWRBN:00/input/input0
[STDERR  ] 2017-12-01T11:41:09.572730471Z: [   10.913400] ACPI: Power Button [PWRF]
[STDERR  ] 2017-12-01T11:41:09.572752112Z: [   10.921354] GHES: HEST is not enabled!
[STDERR  ] 2017-12-01T11:41:09.572763965Z: [   10.939558] ACPI: PCI Interrupt Link [GSIG] enabled at IRQ 22
[STDERR  ] 2017-12-01T11:41:09.572777566Z: [   10.960610] ACPI: PCI Interrupt Link [GSIH] enabled at IRQ 23
[STDERR  ] 2017-12-01T11:41:09.572788886Z: [   10.966688] xenfs: not registering filesystem on non-xen platform
[STDERR  ] 2017-12-01T11:41:09.572803156Z: [   10.969702] Serial: 8250/16550 driver, 4 ports, IRQ sharing disabled
[STDERR  ] 2017-12-01T11:41:09.572814242Z: [   11.001636] 00:04: ttyS0 at I/O 0x3f8 (irq = 4, base_baud = 115200) is a 16550A
[STDERR  ] 2017-12-01T11:41:09.572835223Z: [   11.018022] Non-volatile memory driver v1.3
[STDERR  ] 2017-12-01T11:41:09.572867224Z: [   11.027689] Hangcheck: starting hangcheck timer 0.9.1 (tick is 180 seconds, margin is 60 seconds).
[STDERR  ] 2017-12-01T11:41:09.572882396Z: [   11.031394] random: fast init done
[STDERR  ] 2017-12-01T11:41:09.572898808Z: [   11.032984] random: crng init done
[STDERR  ] 2017-12-01T11:41:09.572913308Z: [   11.093047] loop: module loaded
[STDERR  ] 2017-12-01T11:41:09.572924837Z: [   11.115121] nbd: registered device at major 43
[STDERR  ] 2017-12-01T11:41:09.57294715Z: [   11.191391] lpc_ich 0000:00:1f.0: I/O space for GPIO uninitialized
[STDERR  ] 2017-12-01T11:41:09.572958952Z: [   11.193901] VMware PVSCSI driver - version 1.0.7.0-k
[STDERR  ] 2017-12-01T11:41:09.572973277Z: [   11.194938] hv_vmbus: registering driver hv_storvsc
[STDERR  ] 2017-12-01T11:41:09.572984421Z: [   11.211971] ACPI: PCI Interrupt Link [GSIA] enabled at IRQ 16
[STDERR  ] 2017-12-01T11:41:09.572998137Z: [   11.222433] ahci 0000:00:1f.2: AHCI 0001.0000 32 slots 6 ports 1.5 Gbps 0x3f impl SATA mode
[STDERR  ] 2017-12-01T11:41:09.573028494Z: [   11.223207] ahci 0000:00:1f.2: flags: 64bit ncq only 
[STDERR  ] 2017-12-01T11:41:09.573042005Z: [   11.256805] scsi host0: ahci
[STDERR  ] 2017-12-01T11:41:09.573052052Z: [   11.262721] scsi host1: ahci
[STDERR  ] 2017-12-01T11:41:09.573062137Z: [   11.266102] scsi host2: ahci
[STDERR  ] 2017-12-01T11:41:09.573071705Z: [   11.269533] scsi host3: ahci
[STDERR  ] 2017-12-01T11:41:09.573081443Z: [   11.273189] scsi host4: ahci
[STDERR  ] 2017-12-01T11:41:09.573104921Z: [   11.276563] scsi host5: ahci
[STDERR  ] 2017-12-01T11:41:09.573114662Z: [   11.279324] ata1: SATA max UDMA/133 abar m4096@0xfebd2000 port 0xfebd2100 irq 24
[STDERR  ] 2017-12-01T11:41:09.57312451Z: [   11.279885] ata2: SATA max UDMA/133 abar m4096@0xfebd2000 port 0xfebd2180 irq 24
[STDERR  ] 2017-12-01T11:41:09.573134782Z: [   11.280626] ata3: SATA max UDMA/133 abar m4096@0xfebd2000 port 0xfebd2200 irq 24
[STDERR  ] 2017-12-01T11:41:09.573145701Z: [   11.281091] ata4: SATA max UDMA/133 abar m4096@0xfebd2000 port 0xfebd2280 irq 24
[STDERR  ] 2017-12-01T11:41:09.573158571Z: [   11.281549] ata5: SATA max UDMA/133 abar m4096@0xfebd2000 port 0xfebd2300 irq 24
[STDERR  ] 2017-12-01T11:41:09.573193634Z: [   11.282004] ata6: SATA max UDMA/133 abar m4096@0xfebd2000 port 0xfebd2380 irq 24
[STDERR  ] 2017-12-01T11:41:09.573207223Z: [   11.303361] tun: Universal TUN/TAP device driver, 1.6
[STDERR  ] 2017-12-01T11:41:09.57322015Z: [   11.303733] tun: (C) 1999-2004 Max Krasnyansky <maxk@qualcomm.com>
[STDERR  ] 2017-12-01T11:41:09.573231631Z: [   11.319514] VMware vmxnet3 virtual NIC driver - version 1.4.a.0-k-NAPI
[STDERR  ] 2017-12-01T11:41:09.573245301Z: [   11.320951] hv_vmbus: registering driver hv_netvsc
[STDERR  ] 2017-12-01T11:41:09.573256597Z: [   11.321317] Fusion MPT base driver 3.04.20
[STDERR  ] 2017-12-01T11:41:09.573268524Z: [   11.321594] Copyright (c) 1999-2008 LSI Corporation
[STDERR  ] 2017-12-01T11:41:09.573281897Z: [   11.322243] Fusion MPT SPI Host driver 3.04.20
[STDERR  ] 2017-12-01T11:41:09.573293202Z: [   11.325185] i8042: PNP: PS/2 Controller [PNP0303:KBD,PNP0f13:MOU] at 0x60,0x64 irq 1,12
[STDERR  ] 2017-12-01T11:41:09.573307858Z: [   11.331615] serio: i8042 KBD port at 0x60,0x64 irq 1
[STDERR  ] 2017-12-01T11:41:09.573319066Z: [   11.332329] serio: i8042 AUX port at 0x60,0x64 irq 12
[STDERR  ] 2017-12-01T11:41:09.573333625Z: [   11.335798] hv_vmbus: registering driver hyperv_keyboard
[STDERR  ] 2017-12-01T11:41:09.573370037Z: [   11.339999] mousedev: PS/2 mouse device common for all mice
[STDERR  ] 2017-12-01T11:41:09.573390572Z: [   11.347743] input: AT Translated Set 2 keyboard as /devices/platform/i8042/serio0/input/input1
[STDERR  ] 2017-12-01T11:41:09.573402048Z: [   11.352270] input: PC Speaker as /devices/platform/pcspkr/input/input2
[STDERR  ] 2017-12-01T11:41:09.573414893Z: [   11.357718] rtc_cmos 00:00: RTC can wake from S4
[STDERR  ] 2017-12-01T11:41:09.573432961Z: [   11.363105] rtc_cmos 00:00: rtc core: registered rtc_cmos as rtc0
[STDERR  ] 2017-12-01T11:41:09.573446547Z: [   11.364604] rtc_cmos 00:00: alarms up to one day, y3k, 114 bytes nvram, hpet irqs
[STDERR  ] 2017-12-01T11:41:09.573457641Z: [   11.365379] i2c /dev entries driver
[STDERR  ] 2017-12-01T11:41:09.57347166Z: [   11.368010] device-mapper: ioctl: 4.35.0-ioctl (2016-06-23) initialised: dm-devel@redhat.com
[STDERR  ] 2017-12-01T11:41:09.573488223Z: [   11.375439] usbcore: registered new interface driver usbhid
[STDERR  ] 2017-12-01T11:41:09.57352237Z: [   11.375851] usbhid: USB HID core driver
[STDERR  ] 2017-12-01T11:41:09.573536598Z: [   11.376538] hv_utils: Registering HyperV Utility Driver
[STDERR  ] 2017-12-01T11:41:09.573549694Z: [   11.376901] hv_vmbus: registering driver hv_util
[STDERR  ] 2017-12-01T11:41:09.573562841Z: [   11.377206] hv_vmbus: registering driver hv_balloon
[STDERR  ] 2017-12-01T11:41:09.573575435Z: [   11.377796] oprofile: using NMI interrupt.
[STDERR  ] 2017-12-01T11:41:09.57358819Z: [   11.379280] GACT probability on
[STDERR  ] 2017-12-01T11:41:09.573599268Z: [   11.380419] Mirror/redirect action on
[STDERR  ] 2017-12-01T11:41:09.573613707Z: [   11.381725] Simple TC action Loaded
[STDERR  ] 2017-12-01T11:41:09.573624627Z: [   11.382447] u32 classifier
[STDERR  ] 2017-12-01T11:41:09.573637526Z: [   11.382661]     Performance counters on
[STDERR  ] 2017-12-01T11:41:09.573649107Z: [   11.382924]     input device check on
[STDERR  ] 2017-12-01T11:41:09.573660879Z: [   11.383175]     Actions configured
[STDERR  ] 2017-12-01T11:41:09.573699637Z: [   11.383882] Netfilter messages via NETLINK v0.30.
[STDERR  ] 2017-12-01T11:41:09.573725282Z: [   11.384494] nfnl_acct: registering with nfnetlink.
[STDERR  ] 2017-12-01T11:41:09.573737187Z: [   11.386337] nf_conntrack version 0.5.0 (8192 buckets, 32768 max)
[STDERR  ] 2017-12-01T11:41:09.573749804Z: [   11.391540] ctnetlink v0.93: registering with nfnetlink.
[STDERR  ] 2017-12-01T11:41:09.573762464Z: [   11.396437] nf_tables: (c) 2007-2009 Patrick McHardy <kaber@trash.net>
[STDERR  ] 2017-12-01T11:41:09.573782235Z: [   11.397478] nf_tables_compat: (c) 2012 Pablo Neira Ayuso <pablo@netfilter.org>
[STDERR  ] 2017-12-01T11:41:09.573793474Z: [   11.401483] xt_time: kernel timezone is -0000
[STDERR  ] 2017-12-01T11:41:09.573806192Z: [   11.402125] ip_set: protocol 6
[STDERR  ] 2017-12-01T11:41:09.573818826Z: [   11.403001] IPVS: Registered protocols (TCP, UDP, SCTP, AH, ESP)
[STDERR  ] 2017-12-01T11:41:09.573850447Z: [   11.403644] IPVS: Connection hash table configured (size=4096, memory=64Kbytes)
[STDERR  ] 2017-12-01T11:41:09.573865308Z: [   11.406096] IPVS: Creating netns size=2104 id=0
[STDERR  ] 2017-12-01T11:41:09.57387775Z: [   11.411285] IPVS: ipvs loaded.
[STDERR  ] 2017-12-01T11:41:09.573890805Z: [   11.411691] IPVS: [rr] scheduler registered.
[STDERR  ] 2017-12-01T11:41:09.573903694Z: [   11.412038] IPVS: [wrr] scheduler registered.
[STDERR  ] 2017-12-01T11:41:09.573924761Z: [   11.412333] IPVS: [lc] scheduler registered.
[STDERR  ] 2017-12-01T11:41:09.573936175Z: [   11.412620] IPVS: [wlc] scheduler registered.
[STDERR  ] 2017-12-01T11:41:09.573949422Z: [   11.412912] IPVS: [fo] scheduler registered.
[STDERR  ] 2017-12-01T11:41:09.573961544Z: [   11.413202] IPVS: [ovf] scheduler registered.
[STDERR  ] 2017-12-01T11:41:09.573972857Z: [   11.413659] IPVS: [lblc] scheduler registered.
[STDERR  ] 2017-12-01T11:41:09.573986454Z: [   11.414121] IPVS: [lblcr] scheduler registered.
[STDERR  ] 2017-12-01T11:41:09.574018647Z: [   11.414455] IPVS: [dh] scheduler registered.
[STDERR  ] 2017-12-01T11:41:09.574031993Z: [   11.414745] IPVS: [sh] scheduler registered.
[STDERR  ] 2017-12-01T11:41:09.574044652Z: [   11.415033] IPVS: [sed] scheduler registered.
[STDERR  ] 2017-12-01T11:41:09.574056429Z: [   11.415329] IPVS: [nq] scheduler registered.
[STDERR  ] 2017-12-01T11:41:09.574069703Z: [   11.416210] IPVS: ftp: loaded support on port[0] = 21
[STDERR  ] 2017-12-01T11:41:09.574081488Z: [   11.417387] ipip: IPv4 and MPLS over IPv4 tunneling driver
[STDERR  ] 2017-12-01T11:41:09.574102377Z: [   11.424385] gre: GRE over IPv4 demultiplexor driver
[STDERR  ] 2017-12-01T11:41:09.574113967Z: [   11.428946] ip_tables: (C) 2000-2006 Netfilter Core Team
[STDERR  ] 2017-12-01T11:41:09.574128169Z: [   11.434520] ipt_CLUSTERIP: ClusterIP Version 0.8 loaded successfully
[STDERR  ] 2017-12-01T11:41:09.574139545Z: [   11.435368] arp_tables: arp_tables: (C) 2002 David S. Miller
[STDERR  ] 2017-12-01T11:41:09.574158257Z: [   11.438884] NET: Registered protocol family 10
[STDERR  ] 2017-12-01T11:41:09.574190042Z: [   11.455104] ip6_tables: (C) 2000-2006 Netfilter Core Team
[STDERR  ] 2017-12-01T11:41:09.574202164Z: [   11.468655] NET: Registered protocol family 17
[STDERR  ] 2017-12-01T11:41:09.574215012Z: [   11.470391] Bridge firewalling registered
[STDERR  ] 2017-12-01T11:41:09.574226238Z: [   11.471129] Ebtables v2.0 registered
[STDERR  ] 2017-12-01T11:41:09.574240443Z: [   11.474043] 8021q: 802.1Q VLAN Support v1.8
[STDERR  ] 2017-12-01T11:41:09.574251404Z: [   11.476469] 9pnet: Installing 9P2000 support
[STDERR  ] 2017-12-01T11:41:09.574264407Z: [   11.478572] Key type dns_resolver registered
[STDERR  ] 2017-12-01T11:41:09.574283633Z: [   11.479693] microcode: AMD CPU family 0x6 not supported
[STDERR  ] 2017-12-01T11:41:09.574297398Z: [   11.485726] registered taskstats version 1
[STDERR  ] 2017-12-01T11:41:09.574308522Z: [   11.616096] ata2: SATA link down (SStatus 0 SControl 300)
[STDERR  ] 2017-12-01T11:41:09.57433884Z: [   11.619070] ata1: SATA link down (SStatus 0 SControl 300)
[STDERR  ] 2017-12-01T11:41:09.574354799Z: [   11.621074] ata3: SATA link up 1.5 Gbps (SStatus 113 SControl 300)
[STDERR  ] 2017-12-01T11:41:09.574366295Z: [   11.626667] ata3.00: ATAPI: QEMU DVD-ROM, 2.5+, max UDMA/100
[STDERR  ] 2017-12-01T11:41:09.574386643Z: [   11.627204] ata3.00: applying bridge limits
[STDERR  ] 2017-12-01T11:41:09.574399152Z: [   11.634449] ata4: SATA link down (SStatus 0 SControl 300)
[STDERR  ] 2017-12-01T11:41:09.574412137Z: [   11.635008] ata5: SATA link down (SStatus 0 SControl 300)
[STDERR  ] 2017-12-01T11:41:09.574423749Z: [   11.636278] ata6: SATA link down (SStatus 0 SControl 300)
[STDERR  ] 2017-12-01T11:41:09.574437609Z: [   11.637710] ata3.00: configured for UDMA/100
[STDERR  ] 2017-12-01T11:41:09.574449007Z: [   11.667812] scsi 2:0:0:0: CD-ROM            QEMU     QEMU DVD-ROM     2.5+ PQ: 0 ANSI: 5
[STDERR  ] 2017-12-01T11:41:09.574464357Z: [   11.705424] sr 2:0:0:0: [sr0] scsi3-mmc drive: 4x/4x cd/rw xa/form2 tray
[STDERR  ] 2017-12-01T11:41:09.574475729Z: [   11.706132] cdrom: Uniform CD-ROM driver Revision: 3.20
[STDERR  ] 2017-12-01T11:41:09.574507927Z: [   11.727037] sr 2:0:0:0: Attached scsi generic sg0 type 5
[STDERR  ] 2017-12-01T11:41:09.574522589Z: [   11.760699] tsc: Refined TSC clocksource calibration: 2300.035 MHz
[STDERR  ] 2017-12-01T11:41:09.574533999Z: [   11.761236] clocksource: tsc: mask: 0xffffffffffffffff max_cycles: 0x21275623ef1, max_idle_ns: 440795252285 ns
[STDERR  ] 2017-12-01T11:41:09.57454879Z: [   11.825024] Key type big_key registered
[STDERR  ] 2017-12-01T11:41:09.574560082Z: [   11.997207] Key type encrypted registered
[STDERR  ] 2017-12-01T11:41:09.574573529Z: [   12.004236] rtc_cmos 00:00: setting system clock to 2017-12-01 11:40:14 UTC (1512128414)
[STDERR  ] 2017-12-01T11:41:09.574585764Z: [   12.265364] Freeing unused kernel memory: 1380K
[STDERR  ] 2017-12-01T11:41:09.574598479Z: [   12.265805] Write protecting the kernel read-only data: 12288k
[STDERR  ] 2017-12-01T11:41:09.574611338Z: [   12.276816] Freeing unused kernel memory: 128K
[STDERR  ] 2017-12-01T11:41:09.574623846Z: [   12.457767] Freeing unused kernel memory: 1396K
[STDERR  ] 2017-12-01T11:41:09.574636583Z: [   12.776119] clocksource: Switched to clocksource tsc
[STDERR  ] 2017-12-01T11:41:09.574658801Z: 
[STDERR  ] 2017-12-01T11:41:09.574681653Z: Welcome to LinuxKit
[STDERR  ] 2017-12-01T11:41:09.574694204Z: 
[STDERR  ] 2017-12-01T11:41:09.574706239Z:                         ##         .
[STDERR  ] 2017-12-01T11:41:09.574720152Z:                   ## ## ##        ==
[STDERR  ] 2017-12-01T11:41:09.57473919Z:                ## ## ## ## ##    ===
[STDERR  ] 2017-12-01T11:41:09.574751124Z:            /"""""""""""""""""\___/ ===
[STDERR  ] 2017-12-01T11:41:09.574763017Z:           {                       /  ===-
[STDERR  ] 2017-12-01T11:41:09.574776674Z:            \______ O           __/
[STDERR  ] 2017-12-01T11:41:09.574788834Z:              \    \         __/
[STDERR  ] 2017-12-01T11:41:09.574806572Z:               \____\_______/
[STDERR  ] 2017-12-01T11:41:09.574839155Z: 
[STDERR  ] 2017-12-01T11:41:09.574854518Z: starting kernel config sanity test with /proc/config.gz
[STDERR  ] 2017-12-01T11:41:09.574870465Z: [   41.206451] RPC: Registered named UNIX socket transport module.
[STDERR  ] 2017-12-01T11:41:09.574885698Z: [   41.207243] RPC: Registered udp transport module.
[STDERR  ] 2017-12-01T11:41:09.574897107Z: [   41.207758] RPC: Registered tcp transport module.
[STDERR  ] 2017-12-01T11:41:09.574918385Z: [   41.208268] RPC: Registered tcp NFSv4.1 backchannel transport module.
[STDERR  ] 2017-12-01T11:41:09.574930403Z: [   41.390784] FS-Cache: Netfs 'nfs' registered for caching
[STDERR  ] 2017-12-01T11:41:09.574943503Z: [   41.567426] Installing knfsd (copyright (C) 1996 okir@monad.swb.de).
[STDERR  ] 2017-12-01T11:41:09.574955024Z: [   41.659465] ntfs: driver 2.1.32 [Flags: R/O MODULE].
[STDERR  ] 2017-12-01T11:41:09.57496899Z: kernel config test succeeded!
[STDERR  ] 2017-12-01T11:41:09.57500128Z: [37minfo: reading kernel config from /proc/config.gz ...[m
[STDERR  ] 2017-12-01T11:41:09.575014575Z: 
[STDERR  ] 2017-12-01T11:41:09.575041721Z: Generally Necessary:
[STDERR  ] 2017-12-01T11:41:09.575054534Z: - [37mcgroup hierarchy[m: [32mproperly mounted[m [/sys/fs/cgroup]
[STDERR  ] 2017-12-01T11:41:09.57506584Z: - [37mCONFIG_NAMESPACES[m: [32menabled[m
[STDERR  ] 2017-12-01T11:41:09.575079642Z: - [37mCONFIG_NET_NS[m: [32menabled[m
[STDERR  ] 2017-12-01T11:41:09.575090587Z: - [37mCONFIG_PID_NS[m: [32menabled[m
[STDERR  ] 2017-12-01T11:41:09.57510434Z: - [37mCONFIG_IPC_NS[m: [32menabled[m
[STDERR  ] 2017-12-01T11:41:09.575116052Z: - [37mCONFIG_UTS_NS[m: [32menabled[m
[STDERR  ] 2017-12-01T11:41:09.575128095Z: - [37mCONFIG_CGROUPS[m: [32menabled[m
[STDERR  ] 2017-12-01T11:41:09.575161461Z: - [37mCONFIG_CGROUP_CPUACCT[m: [32menabled[m
[STDERR  ] 2017-12-01T11:41:09.575174415Z: - [37mCONFIG_CGROUP_DEVICE[m: [32menabled[m
[STDERR  ] 2017-12-01T11:41:09.575187316Z: - [37mCONFIG_CGROUP_FREEZER[m: [32menabled[m
[STDERR  ] 2017-12-01T11:41:09.575207952Z: - [37mCONFIG_CGROUP_SCHED[m: [32menabled[m
[STDERR  ] 2017-12-01T11:41:09.575221658Z: - [37mCONFIG_CPUSETS[m: [32menabled[m
[STDERR  ] 2017-12-01T11:41:09.575232729Z: - [37mCONFIG_MEMCG[m: [32menabled[m
[STDERR  ] 2017-12-01T11:41:09.575246716Z: - [37mCONFIG_KEYS[m: [32menabled[m
[STDERR  ] 2017-12-01T11:41:09.575258148Z: - [37mCONFIG_VETH[m: [32menabled[m
[STDERR  ] 2017-12-01T11:41:09.575271792Z: - [37mCONFIG_BRIDGE[m: [32menabled[m
[STDERR  ] 2017-12-01T11:41:09.575283327Z: - [37mCONFIG_BRIDGE_NETFILTER[m: [32menabled[m
[STDERR  ] 2017-12-01T11:41:09.575294657Z: - [37mCONFIG_NF_NAT_IPV4[m: [32menabled[m
[STDERR  ] 2017-12-01T11:41:09.575328755Z: - [37mCONFIG_IP_NF_FILTER[m: [32menabled[m
[STDERR  ] 2017-12-01T11:41:09.575340765Z: - [37mCONFIG_IP_NF_TARGET_MASQUERADE[m: [32menabled[m
[STDERR  ] 2017-12-01T11:41:09.575352863Z: - [37mCONFIG_NETFILTER_XT_MATCH_ADDRTYPE[m: [32menabled[m
[STDERR  ] 2017-12-01T11:41:09.575365879Z: - [37mCONFIG_NETFILTER_XT_MATCH_CONNTRACK[m: [32menabled[m
[STDERR  ] 2017-12-01T11:41:09.575378014Z: - [37mCONFIG_NETFILTER_XT_MATCH_IPVS[m: [32menabled[m
[STDERR  ] 2017-12-01T11:41:09.575391318Z: - [37mCONFIG_IP_NF_NAT[m: [32menabled[m
[STDERR  ] 2017-12-01T11:41:09.575402793Z: - [37mCONFIG_NF_NAT[m: [32menabled[m
[STDERR  ] 2017-12-01T11:41:09.575416871Z: - [37mCONFIG_NF_NAT_NEEDED[m: [32menabled[m
[STDERR  ] 2017-12-01T11:41:09.575428304Z: - [37mCONFIG_POSIX_MQUEUE[m: [32menabled[m
[STDERR  ] 2017-12-01T11:41:09.575447757Z: 
[STDERR  ] 2017-12-01T11:41:09.575458967Z: Optional Features:
[STDERR  ] 2017-12-01T11:41:09.575492067Z: - [37mCONFIG_USER_NS[m: [32menabled[m
[STDERR  ] 2017-12-01T11:41:09.57550464Z: - [37mCONFIG_SECCOMP[m: [32menabled[m
[STDERR  ] 2017-12-01T11:41:09.575516111Z: - [37mCONFIG_CGROUP_PIDS[m: [32menabled[m
[STDERR  ] 2017-12-01T11:41:09.575534334Z: - [37mCONFIG_MEMCG_SWAP[m: [32menabled[m
[STDERR  ] 2017-12-01T11:41:09.575545981Z: - [37mCONFIG_MEMCG_SWAP_ENABLED[m: [32menabled[m
[STDERR  ] 2017-12-01T11:41:09.575560477Z:     [1;30m(cgroup swap accounting is currently enabled)[m
[STDERR  ] 2017-12-01T11:41:09.575571851Z: - [1mCONFIG_LEGACY_VSYSCALL_NONE[m: [1;31menabled[m
[STDERR  ] 2017-12-01T11:41:09.575596038Z:     [1;30m(containers using eglibc <= 2.13 will not work. Switch to[m
[STDERR  ] 2017-12-01T11:41:09.575609716Z:     [1;30m "CONFIG_VSYSCALL_[NATIVE|EMULATE]" or use "vsyscall=[native|emulate]"[m
[STDERR  ] 2017-12-01T11:41:09.575621237Z:     [1;30m on kernel command line. Note that this will disable ASLR for the,[m
[STDERR  ] 2017-12-01T11:41:09.575659693Z:     [1;30m VDSO which may assist in exploiting security vulnerabilities.)[m
[STDERR  ] 2017-12-01T11:41:09.575673998Z: - [37mCONFIG_BLK_CGROUP[m: [32menabled[m
[STDERR  ] 2017-12-01T11:41:09.575685874Z: - [37mCONFIG_BLK_DEV_THROTTLING[m: [32menabled[m
[STDERR  ] 2017-12-01T11:41:09.575699352Z: - [37mCONFIG_IOSCHED_CFQ[m: [32menabled[m
[STDERR  ] 2017-12-01T11:41:09.575716811Z: - [37mCONFIG_CFQ_GROUP_IOSCHED[m: [32menabled[m
[STDERR  ] 2017-12-01T11:41:09.575730194Z: - [37mCONFIG_CGROUP_PERF[m: [32menabled[m
[STDERR  ] 2017-12-01T11:41:09.575743262Z: - [37mCONFIG_CGROUP_HUGETLB[m: [32menabled[m
[STDERR  ] 2017-12-01T11:41:09.575756226Z: - [37mCONFIG_NET_CLS_CGROUP[m: [32menabled[m
[STDERR  ] 2017-12-01T11:41:09.57576845Z: - [37mCONFIG_CGROUP_NET_PRIO[m: [32menabled[m
[STDERR  ] 2017-12-01T11:41:09.575781794Z: - [37mCONFIG_CFS_BANDWIDTH[m: [32menabled[m
[STDERR  ] 2017-12-01T11:41:09.575792802Z: - [37mCONFIG_FAIR_GROUP_SCHED[m: [32menabled[m
[STDERR  ] 2017-12-01T11:41:09.575826501Z: - [37mCONFIG_RT_GROUP_SCHED[m: [32menabled[m
[STDERR  ] 2017-12-01T11:41:09.575839223Z: - [37mCONFIG_IP_VS[m: [32menabled[m
[STDERR  ] 2017-12-01T11:41:09.575853659Z: - [37mCONFIG_IP_VS_NFCT[m: [32menabled[m
[STDERR  ] 2017-12-01T11:41:09.575867523Z: - [37mCONFIG_IP_VS_RR[m: [32menabled[m
[STDERR  ] 2017-12-01T11:41:09.575879092Z: - [37mCONFIG_EXT4_FS[m: [32menabled[m
[STDERR  ] 2017-12-01T11:41:09.575892239Z: - [37mCONFIG_EXT4_FS_POSIX_ACL[m: [32menabled[m
[STDERR  ] 2017-12-01T11:41:09.575903052Z: - [37mCONFIG_EXT4_FS_SECURITY[m: [32menabled[m
[STDERR  ] 2017-12-01T11:41:09.575924444Z: - Network Drivers:
[STDERR  ] 2017-12-01T11:41:09.575935541Z:   - "[34moverlay[m":
[STDERR  ] 2017-12-01T11:41:09.575948932Z:     - [37mCONFIG_VXLAN[m: [32menabled[m
[STDERR  ] 2017-12-01T11:41:09.575961079Z:       Optional (for encrypted networks):
[STDERR  ] 2017-12-01T11:41:09.575973873Z:       - [37mCONFIG_CRYPTO[m: [32menabled[m
[STDERR  ] 2017-12-01T11:41:09.575986163Z:       - [37mCONFIG_CRYPTO_AEAD[m: [32menabled[m
[STDERR  ] 2017-12-01T11:41:09.576018204Z:       - [37mCONFIG_CRYPTO_GCM[m: [32menabled[m
[STDERR  ] 2017-12-01T11:41:09.576027976Z:       - [37mCONFIG_CRYPTO_SEQIV[m: [32menabled[m
[STDERR  ] 2017-12-01T11:41:09.576037419Z:       - [37mCONFIG_CRYPTO_GHASH[m: [32menabled[m
[STDERR  ] 2017-12-01T11:41:09.576054428Z:       - [37mCONFIG_XFRM[m: [32menabled[m
[STDERR  ] 2017-12-01T11:41:09.576063748Z:       - [37mCONFIG_XFRM_USER[m: [32menabled (as module)[m
[STDERR  ] 2017-12-01T11:41:09.576073606Z:       - [37mCONFIG_XFRM_ALGO[m: [32menabled (as module)[m
[STDERR  ] 2017-12-01T11:41:09.576083152Z:       - [37mCONFIG_INET_ESP[m: [32menabled (as module)[m
[STDERR  ] 2017-12-01T11:41:09.576092694Z:       - [37mCONFIG_INET_XFRM_MODE_TRANSPORT[m: [32menabled (as module)[m
[STDERR  ] 2017-12-01T11:41:09.578077352Z:   - "[34mipvlan[m":
[STDERR  ] 2017-12-01T11:41:09.578102648Z:     - [37mCONFIG_IPVLAN[m: [32menabled[m
[STDERR  ] 2017-12-01T11:41:09.57811431Z:   - "[34mmacvlan[m":
[STDERR  ] 2017-12-01T11:41:09.578126943Z:     - [37mCONFIG_MACVLAN[m: [32menabled[m
[STDERR  ] 2017-12-01T11:41:09.578139348Z:     - [37mCONFIG_DUMMY[m: [32menabled (as module)[m
[STDERR  ] 2017-12-01T11:41:09.578157459Z:   - "[34mftp,tftp client in container[m":
[STDERR  ] 2017-12-01T11:41:09.57817077Z:     - [37mCONFIG_NF_NAT_FTP[m: [32menabled[m
[STDERR  ] 2017-12-01T11:41:09.578183338Z:     - [37mCONFIG_NF_CONNTRACK_FTP[m: [32menabled[m
[STDERR  ] 2017-12-01T11:41:09.57819494Z:     - [37mCONFIG_NF_NAT_TFTP[m: [32menabled[m
[STDERR  ] 2017-12-01T11:41:09.578205613Z:     - [37mCONFIG_NF_CONNTRACK_TFTP[m: [32menabled[m
[STDERR  ] 2017-12-01T11:41:09.578217474Z: - Storage Drivers:
[STDERR  ] 2017-12-01T11:41:09.578230346Z:   - "[34maufs[m":
[STDERR  ] 2017-12-01T11:41:09.578241591Z:     - [1mCONFIG_AUFS_FS[m: [1;31mmissing[m
[STDERR  ] 2017-12-01T11:41:09.57825224Z:   - "[34mbtrfs[m":
[STDERR  ] 2017-12-01T11:41:09.578264684Z:     - [37mCONFIG_BTRFS_FS[m: [32menabled (as module)[m
[STDERR  ] 2017-12-01T11:41:09.578277338Z:     - [37mCONFIG_BTRFS_FS_POSIX_ACL[m: [32menabled[m
[STDERR  ] 2017-12-01T11:41:09.578288015Z:   - "[34mdevicemapper[m":
[STDERR  ] 2017-12-01T11:41:09.578298017Z:     - [37mCONFIG_BLK_DEV_DM[m: [32menabled[m
[STDERR  ] 2017-12-01T11:41:09.578308797Z:     - [37mCONFIG_DM_THIN_PROVISIONING[m: [32menabled[m
[STDERR  ] 2017-12-01T11:41:09.578321737Z:   - "[34moverlay[m":
[STDERR  ] 2017-12-01T11:41:09.57833368Z:     - [37mCONFIG_OVERLAY_FS[m: [32menabled[m
[STDERR  ] 2017-12-01T11:41:09.578344925Z:   - "[34mzfs[m":
[STDERR  ] 2017-12-01T11:41:09.57835681Z:     - [1m/dev/zfs[m: [1;31mmissing[m
[STDERR  ] 2017-12-01T11:41:09.578369047Z:     - [1mzfs command[m: [1;31mmissing[m
[STDERR  ] 2017-12-01T11:41:09.578380794Z:     - [1mzpool command[m: [1;31mmissing[m
[STDERR  ] 2017-12-01T11:41:09.578392985Z: 
[STDERR  ] 2017-12-01T11:41:09.578405484Z: Limits:
[STDERR  ] 2017-12-01T11:41:09.578417137Z: [37m- /proc/sys/kernel/keys/root_maxkeys[m: [32m1000000[m
[STDERR  ] 2017-12-01T11:41:09.578429224Z: 
[STDERR  ] 2017-12-01T11:41:09.578442304Z: Kernel config test suite PASSED
[STDERR  ] 2017-12-01T11:41:09.578454405Z: [   66.576704] ACPI: Preparing to enter system sleep state S5
[STDERR  ] 2017-12-01T11:41:09.57846617Z: [   66.581414] reboot: Power down
[STDERR  ] 2017-12-01T11:41:09.57850966Z: + exit 0
[STDERR  ] 2017-12-01T11:41:09.578534918Z: + clean_up
[STDERR  ] 2017-12-01T11:41:09.578546211Z: + rm -rf kconfig-cmdline kconfig-initrd.img kconfig-kernel kconfig-state
[PASS    ] linuxkit.kernel.config_4.9.x 92.95s
