[INFO    ] 2017-11-15T07:40:16.737100334Z: Running Test linuxkit.kernel.config_4.4.x in /tmp/build/test/cases/020_kernel/000_config_4.4.x
[INFO    ] 2017-11-15T07:40:16.737207319Z: Running command: [/bin/sh -x /tmp/build/test/cases/020_kernel/000_config_4.4.x/test.sh]
[STDERR  ] 2017-11-15T07:40:16.737738469Z: + set -e
[STDERR  ] 2017-11-15T07:40:16.737820644Z: + . /tmp/build/test/cases/_lib/lib.sh
[STDERR  ] 2017-11-15T07:40:16.737903166Z: + [ -f src/github.com/linuxkit/rtf/lib/lib.sh ]
[STDERR  ] 2017-11-15T07:40:16.737972801Z: + LINUXKIT_TMPDIR=/tmp/build/test/cases/_tmp
[STDERR  ] 2017-11-15T07:40:16.738040448Z: + [ -f /tmp/build/test/cases/_tmp/env.sh ]
[STDERR  ] 2017-11-15T07:40:16.738094548Z: + . /tmp/build/test/cases/_tmp/env.sh
[STDERR  ] 2017-11-15T07:40:16.738157153Z: + export LINUXKIT_EXAMPLES_DIR=/tmp/build/test/cases/../../examples
[STDERR  ] 2017-11-15T07:40:16.738210623Z: + export LINUXKIT_BLUEPRINTS_DIR=/tmp/build/test/cases/../../blueprints
[STDERR  ] 2017-11-15T07:40:16.738259478Z: + RT_CANCEL=253
[STDERR  ] 2017-11-15T07:40:16.738303838Z: + NAME=kconfig
[STDERR  ] 2017-11-15T07:40:16.738394448Z: + trap clean_up EXIT
[STDERR  ] 2017-11-15T07:40:16.738497478Z: + moby build -format kernel+initrd -name kconfig test.yml
[STDERR  ] 2017-11-15T07:40:16.764958529Z: Extract kernel image: linuxkit/kernel:4.4.97
[STDERR  ] 2017-11-15T07:40:18.052888348Z: Pull image: docker.io/linuxkit/kernel:4.4.97@sha256:e6e69285024fe3132137bb46dbb24b180f896ab6c1134f1fd2219ace62b37f8b
[STDERR  ] 2017-11-15T07:40:23.919406294Z: Add init containers:
[STDERR  ] 2017-11-15T07:40:23.91946961Z: Process init image: linuxkit/init:42a92119e1ca10380e0d33e26c0cbcf85b9b3558
[STDERR  ] 2017-11-15T07:40:25.131830782Z: Process init image: linuxkit/runc:817fdc592eac6cb7804fa1721a43a7f6e23fb50f
[STDERR  ] 2017-11-15T07:40:26.348269494Z: Add onboot containers:
[STDERR  ] 2017-11-15T07:40:26.348385882Z:   Create OCI config for linuxkit/test-kernel-config:ff8fac1c318403aff3e2993dd9b130304e09f92e
[STDERR  ] 2017-11-15T07:40:28.058187047Z: time="2017-11-15T07:40:28Z" level=warning msg="certificate with CN Rolf Neugebauer is near expiry" 
[STDERR  ] 2017-11-15T07:40:28.322191828Z: time="2017-11-15T07:40:28Z" level=warning msg="certificate with CN Rolf Neugebauer is near expiry" 
[STDERR  ] 2017-11-15T07:40:29.112262408Z:   Create OCI config for linuxkit/poweroff:280bd01daa8776fbe1f4d912977f1886b8374834
[STDERR  ] 2017-11-15T07:40:30.143080484Z: time="2017-11-15T07:40:30Z" level=warning msg="certificate with CN Rolf Neugebauer is near expiry" 
[STDERR  ] 2017-11-15T07:40:30.144764379Z: time="2017-11-15T07:40:30Z" level=warning msg="certificate with CN Rolf Neugebauer is near expiry" 
[STDERR  ] 2017-11-15T07:40:30.293665893Z: Create outputs:
[STDERR  ] 2017-11-15T07:40:34.363088154Z:   kconfig-kernel kconfig-initrd.img kconfig-cmdline
[STDERR  ] 2017-11-15T07:40:34.406340301Z: + linuxkit run kconfig
[STDERR  ] 2017-11-15T07:40:34.424924949Z: Unable to find qemu-system-x86_64 within the $PATH. Using a container
[STDERR  ] 2017-11-15T07:41:17.43735951Z: + RESULT=[    0.000000] Initializing cgroup subsys cpuset
[STDERR  ] 2017-11-15T07:41:17.437427568Z: [    0.000000] Initializing cgroup subsys cpu
[STDERR  ] 2017-11-15T07:41:17.437441706Z: [    0.000000] Initializing cgroup subsys cpuacct
[STDERR  ] 2017-11-15T07:41:17.437454341Z: [    0.000000] Linux version 4.4.97-linuxkit (root@d6d734ac23fd) (gcc version 6.3.0 (Alpine 6.3.0) ) #1 SMP Fri Nov 10 13:58:27 UTC 2017
[STDERR  ] 2017-11-15T07:41:17.437465781Z: [    0.000000] Command line: console=ttyS0
[STDERR  ] 2017-11-15T07:41:17.437478125Z: [    0.000000] x86/fpu: Legacy x87 FPU detected.
[STDERR  ] 2017-11-15T07:41:17.4375427Z: [    0.000000] x86/fpu: Using 'lazy' FPU context switches.
[STDERR  ] 2017-11-15T07:41:17.437570625Z: [    0.000000] e820: BIOS-provided physical RAM map:
[STDERR  ] 2017-11-15T07:41:17.437580688Z: [    0.000000] BIOS-e820: [mem 0x0000000000000000-0x000000000009fbff] usable
[STDERR  ] 2017-11-15T07:41:17.43759065Z: [    0.000000] BIOS-e820: [mem 0x000000000009fc00-0x000000000009ffff] reserved
[STDERR  ] 2017-11-15T07:41:17.437606525Z: [    0.000000] BIOS-e820: [mem 0x00000000000f0000-0x00000000000fffff] reserved
[STDERR  ] 2017-11-15T07:41:17.437618181Z: [    0.000000] BIOS-e820: [mem 0x0000000000100000-0x000000003ffdefff] usable
[STDERR  ] 2017-11-15T07:41:17.437627725Z: [    0.000000] BIOS-e820: [mem 0x000000003ffdf000-0x000000003fffffff] reserved
[STDERR  ] 2017-11-15T07:41:17.437637403Z: [    0.000000] BIOS-e820: [mem 0x00000000b0000000-0x00000000bfffffff] reserved
[STDERR  ] 2017-11-15T07:41:17.437647436Z: [    0.000000] BIOS-e820: [mem 0x00000000fed1c000-0x00000000fed1ffff] reserved
[STDERR  ] 2017-11-15T07:41:17.437657006Z: [    0.000000] BIOS-e820: [mem 0x00000000fffc0000-0x00000000ffffffff] reserved
[STDERR  ] 2017-11-15T07:41:17.437666881Z: [    0.000000] NX (Execute Disable) protection: active
[STDERR  ] 2017-11-15T07:41:17.437676642Z: [    0.000000] SMBIOS 2.8 present.
[STDERR  ] 2017-11-15T07:41:17.437687187Z: [    0.000000] e820: last_pfn = 0x3ffdf max_arch_pfn = 0x400000000
[STDERR  ] 2017-11-15T07:41:17.437700401Z: [    0.000000] x86/PAT: Configuration [0-7]: WB  WC  UC- UC  WB  WC  UC- WT  
[STDERR  ] 2017-11-15T07:41:17.437711364Z: [    0.000000] found SMP MP-table at [mem 0x000f6aa0-0x000f6aaf] mapped at [ffff8800000f6aa0]
[STDERR  ] 2017-11-15T07:41:17.437721479Z: [    0.000000] RAMDISK: [mem 0x3e8e5000-0x3ffcffff]
[STDERR  ] 2017-11-15T07:41:17.437731489Z: [    0.000000] ACPI: Early table checksum verification disabled
[STDERR  ] 2017-11-15T07:41:17.437741679Z: [    0.000000] ACPI: RSDP 0x00000000000F68C0 000014 (v00 BOCHS )
[STDERR  ] 2017-11-15T07:41:17.437751107Z: [    0.000000] ACPI: RSDT 0x000000003FFE2404 000034 (v01 BOCHS  BXPCRSDT 00000001 BXPC 00000001)
[STDERR  ] 2017-11-15T07:41:17.437761277Z: [    0.000000] ACPI: FACP 0x000000003FFE22A4 000074 (v01 BOCHS  BXPCFACP 00000001 BXPC 00000001)
[STDERR  ] 2017-11-15T07:41:17.437770499Z: [    0.000000] ACPI: DSDT 0x000000003FFE0040 002264 (v01 BOCHS  BXPCDSDT 00000001 BXPC 00000001)
[STDERR  ] 2017-11-15T07:41:17.437780739Z: [    0.000000] ACPI: FACS 0x000000003FFE0000 000040
[STDERR  ] 2017-11-15T07:41:17.437791034Z: [    0.000000] ACPI: APIC 0x000000003FFE2318 000078 (v01 BOCHS  BXPCAPIC 00000001 BXPC 00000001)
[STDERR  ] 2017-11-15T07:41:17.437801214Z: [    0.000000] ACPI: HPET 0x000000003FFE2390 000038 (v01 BOCHS  BXPCHPET 00000001 BXPC 00000001)
[STDERR  ] 2017-11-15T07:41:17.437810511Z: [    0.000000] ACPI: MCFG 0x000000003FFE23C8 00003C (v01 BOCHS  BXPCMCFG 00000001 BXPC 00000001)
[STDERR  ] 2017-11-15T07:41:17.437820401Z: [    0.000000] Zone ranges:
[STDERR  ] 2017-11-15T07:41:17.437830957Z: [    0.000000]   DMA      [mem 0x0000000000001000-0x0000000000ffffff]
[STDERR  ] 2017-11-15T07:41:17.437840632Z: [    0.000000]   DMA32    [mem 0x0000000001000000-0x000000003ffdefff]
[STDERR  ] 2017-11-15T07:41:17.437850544Z: [    0.000000]   Normal   empty
[STDERR  ] 2017-11-15T07:41:17.437864321Z: [    0.000000] Movable zone start for each node
[STDERR  ] 2017-11-15T07:41:17.437874902Z: [    0.000000] Early memory node ranges
[STDERR  ] 2017-11-15T07:41:17.437884686Z: [    0.000000]   node   0: [mem 0x0000000000001000-0x000000000009efff]
[STDERR  ] 2017-11-15T07:41:17.437895382Z: [    0.000000]   node   0: [mem 0x0000000000100000-0x000000003ffdefff]
[STDERR  ] 2017-11-15T07:41:17.437905141Z: [    0.000000] Initmem setup node 0 [mem 0x0000000000001000-0x000000003ffdefff]
[STDERR  ] 2017-11-15T07:41:17.437915074Z: [    0.000000] ACPI: PM-Timer IO Port: 0x608
[STDERR  ] 2017-11-15T07:41:17.437925386Z: [    0.000000] ACPI: LAPIC_NMI (acpi_id[0xff] dfl dfl lint[0x1])
[STDERR  ] 2017-11-15T07:41:17.437952414Z: [    0.000000] IOAPIC[0]: apic_id 0, version 32, address 0xfec00000, GSI 0-23
[STDERR  ] 2017-11-15T07:41:17.437964419Z: [    0.000000] ACPI: INT_SRC_OVR (bus 0 bus_irq 0 global_irq 2 dfl dfl)
[STDERR  ] 2017-11-15T07:41:17.437983662Z: [    0.000000] ACPI: INT_SRC_OVR (bus 0 bus_irq 5 global_irq 5 high level)
[STDERR  ] 2017-11-15T07:41:17.437995202Z: [    0.000000] ACPI: INT_SRC_OVR (bus 0 bus_irq 9 global_irq 9 high level)
[STDERR  ] 2017-11-15T07:41:17.438019106Z: [    0.000000] ACPI: INT_SRC_OVR (bus 0 bus_irq 10 global_irq 10 high level)
[STDERR  ] 2017-11-15T07:41:17.438029751Z: [    0.000000] ACPI: INT_SRC_OVR (bus 0 bus_irq 11 global_irq 11 high level)
[STDERR  ] 2017-11-15T07:41:17.438040176Z: [    0.000000] Using ACPI (MADT) for SMP configuration information
[STDERR  ] 2017-11-15T07:41:17.438049171Z: [    0.000000] ACPI: HPET id: 0x8086a201 base: 0xfed00000
[STDERR  ] 2017-11-15T07:41:17.438058786Z: [    0.000000] smpboot: Allowing 1 CPUs, 0 hotplug CPUs
[STDERR  ] 2017-11-15T07:41:17.438068907Z: [    0.000000] e820: [mem 0x40000000-0xafffffff] available for PCI devices
[STDERR  ] 2017-11-15T07:41:17.438095952Z: [    0.000000] Booting paravirtualized kernel on bare hardware
[STDERR  ] 2017-11-15T07:41:17.438105757Z: [    0.000000] clocksource: refined-jiffies: mask: 0xffffffff max_cycles: 0xffffffff, max_idle_ns: 19112604462750000 ns
[STDERR  ] 2017-11-15T07:41:17.438121564Z: [    0.000000] setup_percpu: NR_CPUS:128 nr_cpumask_bits:128 nr_cpu_ids:1 nr_node_ids:1
[STDERR  ] 2017-11-15T07:41:17.438131946Z: [    0.000000] PERCPU: Embedded 33 pages/cpu @ffff88003e600000 s95768 r8192 d31208 u2097152
[STDERR  ] 2017-11-15T07:41:17.438141644Z: [    0.000000] Built 1 zonelists in Zone order, mobility grouping on.  Total pages: 257896
[STDERR  ] 2017-11-15T07:41:17.438151519Z: [    0.000000] Kernel command line: console=ttyS0
[STDERR  ] 2017-11-15T07:41:17.438161247Z: [    0.000000] PID hash table entries: 4096 (order: 3, 32768 bytes)
[STDERR  ] 2017-11-15T07:41:17.438171199Z: [    0.000000] Dentry cache hash table entries: 131072 (order: 8, 1048576 bytes)
[STDERR  ] 2017-11-15T07:41:17.438181579Z: [    0.000000] Inode-cache hash table entries: 65536 (order: 7, 524288 bytes)
[STDERR  ] 2017-11-15T07:41:17.438192719Z: [    0.000000] Memory: 990624K/1048052K available (7629K kernel code, 1259K rwdata, 2700K rodata, 1296K init, 688K bss, 57428K reserved, 0K cma-reserved)
[STDERR  ] 2017-11-15T07:41:17.438214506Z: [    0.000000] Hierarchical RCU implementation.
[STDERR  ] 2017-11-15T07:41:17.438223727Z: [    0.000000] 	Build-time adjustment of leaf fanout to 64.
[STDERR  ] 2017-11-15T07:41:17.438232979Z: [    0.000000] 	RCU restricting CPUs from NR_CPUS=128 to nr_cpu_ids=1.
[STDERR  ] 2017-11-15T07:41:17.438242117Z: [    0.000000] RCU: Adjusting geometry for rcu_fanout_leaf=64, nr_cpu_ids=1
[STDERR  ] 2017-11-15T07:41:17.438252091Z: [    0.000000] NR_IRQS:8448 nr_irqs:256 16
[STDERR  ] 2017-11-15T07:41:17.438261686Z: [    0.000000] Console: colour VGA+ 80x25
[STDERR  ] 2017-11-15T07:41:17.438271101Z: [    0.000000] console [ttyS0] enabled
[STDERR  ] 2017-11-15T07:41:17.438280749Z: [    0.000000] clocksource: hpet: mask: 0xffffffff max_cycles: 0xffffffff, max_idle_ns: 19112604467 ns
[STDERR  ] 2017-11-15T07:41:17.438290567Z: [    0.000000] tsc: Fast TSC calibration using PIT
[STDERR  ] 2017-11-15T07:41:17.438299894Z: [    0.000000] tsc: Detected 2599.972 MHz processor
[STDERR  ] 2017-11-15T07:41:17.438308667Z: [    0.022313] Calibrating delay loop (skipped), value calculated using timer frequency.. 5199.94 BogoMIPS (lpj=25999720)
[STDERR  ] 2017-11-15T07:41:17.438318513Z: [    0.023565] pid_max: default: 32768 minimum: 301
[STDERR  ] 2017-11-15T07:41:17.438327402Z: [    0.024337] ACPI: Core revision 20150930
[STDERR  ] 2017-11-15T07:41:17.438336765Z: [    0.067974] ACPI: 1 ACPI AML tables successfully acquired and loaded
[STDERR  ] 2017-11-15T07:41:17.43834605Z: [    0.070398] Security Framework initialized
[STDERR  ] 2017-11-15T07:41:17.438355637Z: [    0.070694] Yama: becoming mindful.
[STDERR  ] 2017-11-15T07:41:17.438365163Z: [    0.074939] Mount-cache hash table entries: 2048 (order: 2, 16384 bytes)
[STDERR  ] 2017-11-15T07:41:17.438374793Z: [    0.075604] Mountpoint-cache hash table entries: 2048 (order: 2, 16384 bytes)
[STDERR  ] 2017-11-15T07:41:17.43839098Z: [    0.091076] Initializing cgroup subsys io
[STDERR  ] 2017-11-15T07:41:17.43840033Z: [    0.092062] Initializing cgroup subsys memory
[STDERR  ] 2017-11-15T07:41:17.438410045Z: [    0.093110] Initializing cgroup subsys devices
[STDERR  ] 2017-11-15T07:41:17.438423935Z: [    0.093748] Initializing cgroup subsys freezer
[STDERR  ] 2017-11-15T07:41:17.4384335Z: [    0.094377] Initializing cgroup subsys net_cls
[STDERR  ] 2017-11-15T07:41:17.438450903Z: [    0.094884] Initializing cgroup subsys perf_event
[STDERR  ] 2017-11-15T07:41:17.43846163Z: [    0.095443] Initializing cgroup subsys net_prio
[STDERR  ] 2017-11-15T07:41:17.43847143Z: [    0.095989] Initializing cgroup subsys hugetlb
[STDERR  ] 2017-11-15T07:41:17.438480253Z: [    0.096499] Initializing cgroup subsys pids
[STDERR  ] 2017-11-15T07:41:17.43849917Z: [    0.100798] Last level iTLB entries: 4KB 0, 2MB 0, 4MB 0
[STDERR  ] 2017-11-15T07:41:17.438509028Z: [    0.101313] Last level dTLB entries: 4KB 0, 2MB 0, 4MB 0, 1GB 0
[STDERR  ] 2017-11-15T07:41:17.43851902Z: [    0.354360] Freeing SMP alternatives memory: 20K
[STDERR  ] 2017-11-15T07:41:17.438528253Z: [    0.363583] ftrace: allocating 33431 entries in 131 pages
[STDERR  ] 2017-11-15T07:41:17.438538937Z: [    0.532373] ..TIMER: vector=0x30 apic1=0 pin1=2 apic2=-1 pin2=-1
[STDERR  ] 2017-11-15T07:41:17.43854965Z: [    0.640000] smpboot: CPU0: AMD QEMU Virtual CPU version 2.5+ (family: 0x6, model: 0x6, stepping: 0x3)
[STDERR  ] 2017-11-15T07:41:17.43856402Z: [    0.640000] Performance Events: Broken PMU hardware detected, using software events only.
[STDERR  ] 2017-11-15T07:41:17.43857485Z: [    0.640000] Failed to access perfctr msr (MSR c0010007 is 0)
[STDERR  ] 2017-11-15T07:41:17.438584793Z: [    0.645147] x86: Booted up 1 node, 1 CPUs
[STDERR  ] 2017-11-15T07:41:17.43859068Z: [    0.645634] smpboot: Total of 1 processors activated (5199.94 BogoMIPS)
[STDERR  ] 2017-11-15T07:41:17.438596783Z: [    0.654360] NMI watchdog: disabled (cpu0): hardware events not enabled
[STDERR  ] 2017-11-15T07:41:17.438603023Z: [    0.654872] NMI watchdog: Shutting down hard lockup detector on all cpus
[STDERR  ] 2017-11-15T07:41:17.438609147Z: [    0.664702] devtmpfs: initialized
[STDERR  ] 2017-11-15T07:41:17.438615975Z: [    0.734123] clocksource: jiffies: mask: 0xffffffff max_cycles: 0xffffffff, max_idle_ns: 19112604462750000 ns
[STDERR  ] 2017-11-15T07:41:17.43862276Z: [    0.735156] futex hash table entries: 256 (order: 2, 16384 bytes)
[STDERR  ] 2017-11-15T07:41:17.438629068Z: [    0.748529] NET: Registered protocol family 16
[STDERR  ] 2017-11-15T07:41:17.4386346Z: [    0.755699] cpuidle: using governor ladder
[STDERR  ] 2017-11-15T07:41:17.438640195Z: [    0.756216] cpuidle: using governor menu
[STDERR  ] 2017-11-15T07:41:17.438645925Z: [    0.757743] ACPI: bus type PCI registered
[STDERR  ] 2017-11-15T07:41:17.4386515Z: [    0.760890] PCI: MMCONFIG for domain 0000 [bus 00-ff] at [mem 0xb0000000-0xbfffffff] (base 0xb0000000)
[STDERR  ] 2017-11-15T07:41:17.43865749Z: [    0.761837] PCI: MMCONFIG at [mem 0xb0000000-0xbfffffff] reserved in E820
[STDERR  ] 2017-11-15T07:41:17.438663878Z: [    0.763248] PCI: Using configuration type 1 for base access
[STDERR  ] 2017-11-15T07:41:17.43866949Z: [    0.820616] ACPI: Added _OSI(Module Device)
[STDERR  ] 2017-11-15T07:41:17.438675112Z: [    0.820956] ACPI: Added _OSI(Processor Device)
[STDERR  ] 2017-11-15T07:41:17.438680632Z: [    0.821342] ACPI: Added _OSI(3.0 _SCP Extensions)
[STDERR  ] 2017-11-15T07:41:17.438686257Z: [    0.821650] ACPI: Added _OSI(Processor Aggregator Device)
[STDERR  ] 2017-11-15T07:41:17.43869177Z: [    0.895552] ACPI: Interpreter enabled
[STDERR  ] 2017-11-15T07:41:17.438703327Z: [    0.896495] ACPI: (supports S0 S5)
[STDERR  ] 2017-11-15T07:41:17.43870883Z: [    0.896884] ACPI: Using IOAPIC for interrupt routing
[STDERR  ] 2017-11-15T07:41:17.438714282Z: [    0.900160] PCI: Using host bridge windows from ACPI; if necessary, use "pci=nocrs" and report a bug
[STDERR  ] 2017-11-15T07:41:17.438725898Z: [    0.959580] ACPI: PCI Root Bridge [PCI0] (domain 0000 [bus 00-ff])
[STDERR  ] 2017-11-15T07:41:17.438732493Z: [    0.960860] acpi PNP0A08:00: _OSC: OS supports [ExtendedConfig ASPM ClockPM Segments MSI]
[STDERR  ] 2017-11-15T07:41:17.438743128Z: [    0.967394] acpi PNP0A08:00: _OSC: OS now controls [PCIeHotplug PME PCIeCapability]
[STDERR  ] 2017-11-15T07:41:17.438752147Z: [    0.971659] PCI host bridge to bus 0000:00
[STDERR  ] 2017-11-15T07:41:17.438758278Z: [    0.972217] pci_bus 0000:00: root bus resource [io  0x0000-0x0cf7 window]
[STDERR  ] 2017-11-15T07:41:17.438764475Z: [    0.972757] pci_bus 0000:00: root bus resource [io  0x0d00-0xffff window]
[STDERR  ] 2017-11-15T07:41:17.438770672Z: [    0.973215] pci_bus 0000:00: root bus resource [mem 0x000a0000-0x000bffff window]
[STDERR  ] 2017-11-15T07:41:17.43877618Z: [    0.973745] pci_bus 0000:00: root bus resource [mem 0xc0000000-0xfebfffff window]
[STDERR  ] 2017-11-15T07:41:17.438781818Z: [    0.974471] pci_bus 0000:00: root bus resource [bus 00-ff]
[STDERR  ] 2017-11-15T07:41:17.438787635Z: [    1.081363] pci 0000:00:1f.0: quirk: [io  0x0600-0x067f] claimed by ICH6 ACPI/GPIO/TCO
[STDERR  ] 2017-11-15T07:41:17.438793173Z: [    1.142390] ACPI: PCI Interrupt Link [LNKA] (IRQs 5 *10 11)
[STDERR  ] 2017-11-15T07:41:17.43879872Z: [    1.145337] ACPI: PCI Interrupt Link [LNKB] (IRQs 5 *10 11)
[STDERR  ] 2017-11-15T07:41:17.43880424Z: [    1.147611] ACPI: PCI Interrupt Link [LNKC] (IRQs 5 10 *11)
[STDERR  ] 2017-11-15T07:41:17.438810185Z: [    1.150299] ACPI: PCI Interrupt Link [LNKD] (IRQs 5 10 *11)
[STDERR  ] 2017-11-15T07:41:17.438815995Z: [    1.152135] ACPI: PCI Interrupt Link [LNKE] (IRQs 5 *10 11)
[STDERR  ] 2017-11-15T07:41:17.438821528Z: [    1.154515] ACPI: PCI Interrupt Link [LNKF] (IRQs 5 *10 11)
[STDERR  ] 2017-11-15T07:41:17.438826878Z: [    1.156393] ACPI: PCI Interrupt Link [LNKG] (IRQs 5 10 *11)
[STDERR  ] 2017-11-15T07:41:17.438836103Z: [    1.158303] ACPI: PCI Interrupt Link [LNKH] (IRQs 5 10 *11)
[STDERR  ] 2017-11-15T07:41:17.438841645Z: [    1.159294] ACPI: PCI Interrupt Link [GSIA] (IRQs *16)
[STDERR  ] 2017-11-15T07:41:17.438847788Z: [    1.160215] ACPI: PCI Interrupt Link [GSIB] (IRQs *17)
[STDERR  ] 2017-11-15T07:41:17.438853595Z: [    1.161112] ACPI: PCI Interrupt Link [GSIC] (IRQs *18)
[STDERR  ] 2017-11-15T07:41:17.438859458Z: [    1.161924] ACPI: PCI Interrupt Link [GSID] (IRQs *19)
[STDERR  ] 2017-11-15T07:41:17.438865512Z: [    1.162717] ACPI: PCI Interrupt Link [GSIE] (IRQs *20)
[STDERR  ] 2017-11-15T07:41:17.438871423Z: [    1.163550] ACPI: PCI Interrupt Link [GSIF] (IRQs *21)
[STDERR  ] 2017-11-15T07:41:17.438882348Z: [    1.164327] ACPI: PCI Interrupt Link [GSIG] (IRQs *22)
[STDERR  ] 2017-11-15T07:41:17.438888458Z: [    1.165063] ACPI: PCI Interrupt Link [GSIH] (IRQs *23)
[STDERR  ] 2017-11-15T07:41:17.43889391Z: [    1.169155] ACPI: Enabled 2 GPEs in block 00 to 3F
[STDERR  ] 2017-11-15T07:41:17.43889951Z: [    1.173427] SCSI subsystem initialized
[STDERR  ] 2017-11-15T07:41:17.43890501Z: [    1.175449] ACPI: bus type USB registered
[STDERR  ] 2017-11-15T07:41:17.438910515Z: [    1.176682] usbcore: registered new interface driver usbfs
[STDERR  ] 2017-11-15T07:41:17.438915998Z: [    1.177624] usbcore: registered new interface driver hub
[STDERR  ] 2017-11-15T07:41:17.438921498Z: [    1.178534] usbcore: registered new device driver usb
[STDERR  ] 2017-11-15T07:41:17.43893048Z: [    1.179856] pps_core: LinuxPPS API ver. 1 registered
[STDERR  ] 2017-11-15T07:41:17.438936035Z: [    1.180084] pps_core: Software ver. 5.3.6 - Copyright 2005-2007 Rodolfo Giometti <giometti@linux.it>
[STDERR  ] 2017-11-15T07:41:17.438943408Z: [    1.180849] PTP clock support registered
[STDERR  ] 2017-11-15T07:41:17.43895057Z: [    1.182255] wmi: Mapper loaded
[STDERR  ] 2017-11-15T07:41:17.438956718Z: [    1.183423] PCI: Using ACPI for IRQ routing
[STDERR  ] 2017-11-15T07:41:17.438962173Z: [    1.202431] NetLabel: Initializing
[STDERR  ] 2017-11-15T07:41:17.438967611Z: [    1.202685] NetLabel:  domain hash size = 128
[STDERR  ] 2017-11-15T07:41:17.438977084Z: [    1.203058] NetLabel:  protocols = UNLABELED CIPSOv4
[STDERR  ] 2017-11-15T07:41:17.438985329Z: [    1.205767] NetLabel:  unlabeled traffic allowed by default
[STDERR  ] 2017-11-15T07:41:17.438991451Z: [    1.207177] HPET: 3 timers in total, 0 timers will be used for per-cpu timer
[STDERR  ] 2017-11-15T07:41:17.439000636Z: [    1.208090] hpet0: at MMIO 0xfed00000, IRQs 2, 8, 0
[STDERR  ] 2017-11-15T07:41:17.439006941Z: [    1.208708] hpet0: 3 comparators, 64-bit 100.000000 MHz counter
[STDERR  ] 2017-11-15T07:41:17.439012621Z: [    1.213024] amd_nb: Cannot enumerate AMD northbridges
[STDERR  ] 2017-11-15T07:41:17.439018161Z: [    1.215631] clocksource: Switched to clocksource hpet
[STDERR  ] 2017-11-15T07:41:17.439023483Z: [    1.431432] FS-Cache: Loaded
[STDERR  ] 2017-11-15T07:41:17.439029281Z: [    1.437079] CacheFiles: Loaded
[STDERR  ] 2017-11-15T07:41:17.439035128Z: [    1.439298] pnp: PnP ACPI init
[STDERR  ] 2017-11-15T07:41:17.439040674Z: [    1.451793] pnp: PnP ACPI: found 5 devices
[STDERR  ] 2017-11-15T07:41:17.439046808Z: [    1.501668] clocksource: acpi_pm: mask: 0xffffff max_cycles: 0xffffff, max_idle_ns: 2085701024 ns
[STDERR  ] 2017-11-15T07:41:17.439052418Z: [    1.504867] NET: Registered protocol family 2
[STDERR  ] 2017-11-15T07:41:17.439057884Z: [    1.512670] TCP established hash table entries: 8192 (order: 4, 65536 bytes)
[STDERR  ] 2017-11-15T07:41:17.439063753Z: [    1.513517] TCP bind hash table entries: 8192 (order: 5, 131072 bytes)
[STDERR  ] 2017-11-15T07:41:17.439069501Z: [    1.514239] TCP: Hash tables configured (established 8192 bind 8192)
[STDERR  ] 2017-11-15T07:41:17.439074931Z: [    1.515713] UDP hash table entries: 512 (order: 2, 16384 bytes)
[STDERR  ] 2017-11-15T07:41:17.439080558Z: [    1.516304] UDP-Lite hash table entries: 512 (order: 2, 16384 bytes)
[STDERR  ] 2017-11-15T07:41:17.439086083Z: [    1.518732] NET: Registered protocol family 1
[STDERR  ] 2017-11-15T07:41:17.439091411Z: [    1.525560] Unpacking initramfs...
[STDERR  ] 2017-11-15T07:41:17.439096753Z: [    6.803667] Freeing initrd memory: 23468K
[STDERR  ] 2017-11-15T07:41:17.439102118Z: [    6.831304] PCLMULQDQ-NI instructions are not detected.
[STDERR  ] 2017-11-15T07:41:17.439110766Z: [    6.833021] AVX or AES-NI instructions are not detected.
[STDERR  ] 2017-11-15T07:41:17.439116734Z: [    6.833585] CPU feature 'AVX registers' is not supported.
[STDERR  ] 2017-11-15T07:41:17.439123139Z: [    6.834093] CPU feature 'AVX registers' is not supported.
[STDERR  ] 2017-11-15T07:41:17.439128598Z: [    6.834588] CPU feature 'AVX registers' is not supported.
[STDERR  ] 2017-11-15T07:41:17.439134749Z: [    6.835100] CPU feature 'AVX registers' is not supported.
[STDERR  ] 2017-11-15T07:41:17.439140153Z: [    6.835586] AVX2 or AES-NI instructions are not detected.
[STDERR  ] 2017-11-15T07:41:17.439145571Z: [    6.836040] AVX2 instructions are not detected.
[STDERR  ] 2017-11-15T07:41:17.439151101Z: [    6.843247] audit: initializing netlink subsys (disabled)
[STDERR  ] 2017-11-15T07:41:17.439156514Z: [    6.845988] audit: type=2000 audit(1510731641.840:1): initialized
[STDERR  ] 2017-11-15T07:41:17.439162021Z: [    6.853745] HugeTLB registered 2 MB page size, pre-allocated 0 pages
[STDERR  ] 2017-11-15T07:41:17.439167401Z: [    6.858957] VFS: Disk quotas dquot_6.6.0
[STDERR  ] 2017-11-15T07:41:17.439173024Z: [    6.859715] VFS: Dquot-cache hash table entries: 512 (order 0, 4096 bytes)
[STDERR  ] 2017-11-15T07:41:17.439178481Z: [    6.863491] squashfs: version 4.0 (2009/01/31) Phillip Lougher
[STDERR  ] 2017-11-15T07:41:17.439184726Z: [    6.866640] FS-Cache: Netfs 'cifs' registered for caching
[STDERR  ] 2017-11-15T07:41:17.439190503Z: [    6.867644] fuse init (API version 7.23)
[STDERR  ] 2017-11-15T07:41:17.439195991Z: [    6.869978] SGI XFS with ACLs, security attributes, no debug enabled
[STDERR  ] 2017-11-15T07:41:17.439201674Z: [    6.873091] 9p: Installing v9fs 9p2000 file system support
[STDERR  ] 2017-11-15T07:41:17.439207131Z: [    6.873598] FS-Cache: Netfs '9p' registered for caching
[STDERR  ] 2017-11-15T07:41:17.439216124Z: [    6.875389] Key type big_key registered
[STDERR  ] 2017-11-15T07:41:17.439221741Z: [    6.906240] NET: Registered protocol family 38
[STDERR  ] 2017-11-15T07:41:17.439227161Z: [    6.907001] Key type asymmetric registered
[STDERR  ] 2017-11-15T07:41:17.439235338Z: [    6.907425] Asymmetric key parser 'x509' registered
[STDERR  ] 2017-11-15T07:41:17.439241009Z: [    6.908573] Block layer SCSI generic (bsg) driver version 0.4 loaded (major 251)
[STDERR  ] 2017-11-15T07:41:17.439246429Z: [    6.911573] io scheduler noop registered
[STDERR  ] 2017-11-15T07:41:17.439251839Z: [    6.911960] io scheduler deadline registered (default)
[STDERR  ] 2017-11-15T07:41:17.439257288Z: [    6.912722] io scheduler cfq registered
[STDERR  ] 2017-11-15T07:41:17.439262534Z: [    6.915443] pci_hotplug: PCI Hot Plug PCI Core version: 0.5
[STDERR  ] 2017-11-15T07:41:17.439268131Z: [    6.916214] pciehp: PCI Express Hot Plug Controller Driver version: 0.4
[STDERR  ] 2017-11-15T07:41:17.439273646Z: [    6.917223] shpchp: Standard Hot Plug PCI Controller Driver version: 0.4
[STDERR  ] 2017-11-15T07:41:17.439279551Z: [    6.918244] hv_vmbus: registering driver hyperv_fb
[STDERR  ] 2017-11-15T07:41:17.439285184Z: [    6.922480] input: Power Button as /devices/LNXSYSTM:00/LNXPWRBN:00/input/input0
[STDERR  ] 2017-11-15T07:41:17.439290729Z: [    6.923680] ACPI: Power Button [PWRF]
[STDERR  ] 2017-11-15T07:41:17.439296011Z: [    6.931871] GHES: HEST is not enabled!
[STDERR  ] 2017-11-15T07:41:17.439301401Z: [    6.941757] ACPI: PCI Interrupt Link [GSIG] enabled at IRQ 22
[STDERR  ] 2017-11-15T07:41:17.439307196Z: [    6.953776] ACPI: PCI Interrupt Link [GSIH] enabled at IRQ 23
[STDERR  ] 2017-11-15T07:41:17.439312924Z: [    6.957821] xenfs: not registering filesystem on non-xen platform
[STDERR  ] 2017-11-15T07:41:17.439318414Z: [    6.960384] Serial: 8250/16550 driver, 4 ports, IRQ sharing disabled
[STDERR  ] 2017-11-15T07:41:17.439323839Z: [    6.986022] 00:04: ttyS0 at I/O 0x3f8 (irq = 4, base_baud = 115200) is a 16550A
[STDERR  ] 2017-11-15T07:41:17.439329158Z: [    6.998177] Non-volatile memory driver v1.3
[STDERR  ] 2017-11-15T07:41:17.439334651Z: [    7.004529] Hangcheck: starting hangcheck timer 0.9.1 (tick is 180 seconds, margin is 60 seconds).
[STDERR  ] 2017-11-15T07:41:17.439341021Z: [    7.010484] random: nonblocking pool is initialized
[STDERR  ] 2017-11-15T07:41:17.439346513Z: [    7.044676] loop: module loaded
[STDERR  ] 2017-11-15T07:41:17.439352239Z: [    7.058046] nbd: registered device at major 43
[STDERR  ] 2017-11-15T07:41:17.439359473Z: [    7.095685] lpc_ich 0000:00:1f.0: I/O space for GPIO uninitialized
[STDERR  ] 2017-11-15T07:41:17.439365123Z: [    7.098110] VMware PVSCSI driver - version 1.0.5.0-k
[STDERR  ] 2017-11-15T07:41:17.439371131Z: [    7.099122] hv_vmbus: registering driver hv_storvsc
[STDERR  ] 2017-11-15T07:41:17.439377961Z: [    7.109019] ACPI: PCI Interrupt Link [GSIA] enabled at IRQ 16
[STDERR  ] 2017-11-15T07:41:17.439383588Z: [    7.117926] ahci 0000:00:1f.2: AHCI 0001.0000 32 slots 6 ports 1.5 Gbps 0x3f impl SATA mode
[STDERR  ] 2017-11-15T07:41:17.439389076Z: [    7.118746] ahci 0000:00:1f.2: flags: 64bit ncq only 
[STDERR  ] 2017-11-15T07:41:17.439402049Z: [    7.138468] scsi host0: ahci
[STDERR  ] 2017-11-15T07:41:17.439407741Z: [    7.143056] scsi host1: ahci
[STDERR  ] 2017-11-15T07:41:17.439413593Z: [    7.145341] scsi host2: ahci
[STDERR  ] 2017-11-15T07:41:17.439419216Z: [    7.147557] scsi host3: ahci
[STDERR  ] 2017-11-15T07:41:17.439425131Z: [    7.149743] scsi host4: ahci
[STDERR  ] 2017-11-15T07:41:17.439430658Z: [    7.152319] scsi host5: ahci
[STDERR  ] 2017-11-15T07:41:17.439436198Z: [    7.154263] ata1: SATA max UDMA/133 abar m4096@0xfebd2000 port 0xfebd2100 irq 24
[STDERR  ] 2017-11-15T07:41:17.439442969Z: [    7.154856] ata2: SATA max UDMA/133 abar m4096@0xfebd2000 port 0xfebd2180 irq 24
[STDERR  ] 2017-11-15T07:41:17.439448604Z: [    7.155351] ata3: SATA max UDMA/133 abar m4096@0xfebd2000 port 0xfebd2200 irq 24
[STDERR  ] 2017-11-15T07:41:17.439458079Z: [    7.155828] ata4: SATA max UDMA/133 abar m4096@0xfebd2000 port 0xfebd2280 irq 24
[STDERR  ] 2017-11-15T07:41:17.439463854Z: [    7.156360] ata5: SATA max UDMA/133 abar m4096@0xfebd2000 port 0xfebd2300 irq 24
[STDERR  ] 2017-11-15T07:41:17.439469759Z: [    7.156795] ata6: SATA max UDMA/133 abar m4096@0xfebd2000 port 0xfebd2380 irq 24
[STDERR  ] 2017-11-15T07:41:17.439478381Z: [    7.169215] tun: Universal TUN/TAP device driver, 1.6
[STDERR  ] 2017-11-15T07:41:17.439484371Z: [    7.169616] tun: (C) 1999-2004 Max Krasnyansky <maxk@qualcomm.com>
[STDERR  ] 2017-11-15T07:41:17.439496089Z: [    7.180823] VMware vmxnet3 virtual NIC driver - version 1.4.5.0-k-NAPI
[STDERR  ] 2017-11-15T07:41:17.439504644Z: [    7.182001] hv_vmbus: registering driver hv_netvsc
[STDERR  ] 2017-11-15T07:41:17.439510518Z: [    7.182397] Fusion MPT base driver 3.04.20
[STDERR  ] 2017-11-15T07:41:17.439515933Z: [    7.182693] Copyright (c) 1999-2008 LSI Corporation
[STDERR  ] 2017-11-15T07:41:17.439521714Z: [    7.183440] Fusion MPT SPI Host driver 3.04.20
[STDERR  ] 2017-11-15T07:41:17.439526953Z: [    7.185724] i8042: PNP: PS/2 Controller [PNP0303:KBD,PNP0f13:MOU] at 0x60,0x64 irq 1,12
[STDERR  ] 2017-11-15T07:41:17.439532654Z: [    7.190659] serio: i8042 KBD port at 0x60,0x64 irq 1
[STDERR  ] 2017-11-15T07:41:17.439538263Z: [    7.191424] serio: i8042 AUX port at 0x60,0x64 irq 12
[STDERR  ] 2017-11-15T07:41:17.439544314Z: [    7.194579] hv_vmbus: registering driver hyperv_keyboard
[STDERR  ] 2017-11-15T07:41:17.439549678Z: [    7.196840] mousedev: PS/2 mouse device common for all mice
[STDERR  ] 2017-11-15T07:41:17.439555084Z: [    7.202098] input: AT Translated Set 2 keyboard as /devices/platform/i8042/serio0/input/input1
[STDERR  ] 2017-11-15T07:41:17.439560556Z: [    7.205166] input: PC Speaker as /devices/platform/pcspkr/input/input2
[STDERR  ] 2017-11-15T07:41:17.439566401Z: [    7.208932] rtc_cmos 00:00: RTC can wake from S4
[STDERR  ] 2017-11-15T07:41:17.439571863Z: [    7.212649] rtc_cmos 00:00: rtc core: registered rtc_cmos as rtc0
[STDERR  ] 2017-11-15T07:41:17.439581088Z: [    7.214006] rtc_cmos 00:00: alarms up to one day, y3k, 114 bytes nvram, hpet irqs
[STDERR  ] 2017-11-15T07:41:17.439587138Z: [    7.214791] i2c /dev entries driver
[STDERR  ] 2017-11-15T07:41:17.439592644Z: [    7.216867] device-mapper: ioctl: 4.34.0-ioctl (2015-10-28) initialised: dm-devel@redhat.com
[STDERR  ] 2017-11-15T07:41:17.439598383Z: [    7.222374] usbcore: registered new interface driver usbhid
[STDERR  ] 2017-11-15T07:41:17.439605701Z: [    7.222851] usbhid: USB HID core driver
[STDERR  ] 2017-11-15T07:41:17.439611119Z: [    7.223493] hv_utils: Registering HyperV Utility Driver
[STDERR  ] 2017-11-15T07:41:17.439616567Z: [    7.223848] hv_vmbus: registering driver hv_util
[STDERR  ] 2017-11-15T07:41:17.439622124Z: [    7.224226] hv_vmbus: registering driver hv_balloon
[STDERR  ] 2017-11-15T07:41:17.439627717Z: [    7.224887] oprofile: using NMI interrupt.
[STDERR  ] 2017-11-15T07:41:17.43963307Z: [    7.226140] GACT probability on
[STDERR  ] 2017-11-15T07:41:17.439638712Z: [    7.226571] Mirror/redirect action on
[STDERR  ] 2017-11-15T07:41:17.439644135Z: [    7.227114] Simple TC action Loaded
[STDERR  ] 2017-11-15T07:41:17.439649672Z: [    7.227556] u32 classifier
[STDERR  ] 2017-11-15T07:41:17.439655309Z: [    7.227778]     Performance counters on
[STDERR  ] 2017-11-15T07:41:17.439663792Z: [    7.228062]     input device check on
[STDERR  ] 2017-11-15T07:41:17.439669534Z: [    7.228305]     Actions configured
[STDERR  ] 2017-11-15T07:41:17.43967509Z: [    7.229168] Netfilter messages via NETLINK v0.30.
[STDERR  ] 2017-11-15T07:41:17.439680594Z: [    7.230626] nfnl_acct: registering with nfnetlink.
[STDERR  ] 2017-11-15T07:41:17.439686852Z: [    7.231757] nf_conntrack version 0.5.0 (7922 buckets, 31688 max)
[STDERR  ] 2017-11-15T07:41:17.439693272Z: [    7.235284] ctnetlink v0.93: registering with nfnetlink.
[STDERR  ] 2017-11-15T07:41:17.439698965Z: [    7.238587] nf_tables: (c) 2007-2009 Patrick McHardy <kaber@trash.net>
[STDERR  ] 2017-11-15T07:41:17.439710115Z: [    7.239483] nf_tables_compat: (c) 2012 Pablo Neira Ayuso <pablo@netfilter.org>
[STDERR  ] 2017-11-15T07:41:17.439716314Z: [    7.243121] xt_time: kernel timezone is -0000
[STDERR  ] 2017-11-15T07:41:17.439721795Z: [    7.243728] ip_set: protocol 6
[STDERR  ] 2017-11-15T07:41:17.439730395Z: [    7.244645] IPVS: Registered protocols (TCP, UDP, SCTP, AH, ESP)
[STDERR  ] 2017-11-15T07:41:17.43973617Z: [    7.245438] IPVS: Connection hash table configured (size=4096, memory=64Kbytes)
[STDERR  ] 2017-11-15T07:41:17.43974214Z: [    7.247329] IPVS: Creating netns size=2096 id=0
[STDERR  ] 2017-11-15T07:41:17.43974752Z: [    7.249793] IPVS: ipvs loaded.
[STDERR  ] 2017-11-15T07:41:17.43975358Z: [    7.250623] IPVS: [rr] scheduler registered.
[STDERR  ] 2017-11-15T07:41:17.439759007Z: [    7.250975] IPVS: [wrr] scheduler registered.
[STDERR  ] 2017-11-15T07:41:17.43976459Z: [    7.251334] IPVS: [lc] scheduler registered.
[STDERR  ] 2017-11-15T07:41:17.439769899Z: [    7.251669] IPVS: [wlc] scheduler registered.
[STDERR  ] 2017-11-15T07:41:17.439781015Z: [    7.252041] IPVS: [fo] scheduler registered.
[STDERR  ] 2017-11-15T07:41:17.43978652Z: [    7.252426] IPVS: [ovf] scheduler registered.
[STDERR  ] 2017-11-15T07:41:17.439792147Z: [    7.252994] IPVS: [lblc] scheduler registered.
[STDERR  ] 2017-11-15T07:41:17.43979774Z: [    7.253551] IPVS: [lblcr] scheduler registered.
[STDERR  ] 2017-11-15T07:41:17.439803375Z: [    7.253966] IPVS: [dh] scheduler registered.
[STDERR  ] 2017-11-15T07:41:17.43980874Z: [    7.254322] IPVS: [sh] scheduler registered.
[STDERR  ] 2017-11-15T07:41:17.439814467Z: [    7.254667] IPVS: [sed] scheduler registered.
[STDERR  ] 2017-11-15T07:41:17.439821625Z: [    7.255004] IPVS: [nq] scheduler registered.
[STDERR  ] 2017-11-15T07:41:17.439827489Z: [    7.255879] IPVS: ftp: loaded support on port[0] = 21
[STDERR  ] 2017-11-15T07:41:17.439833524Z: [    7.256776] ipip: IPv4 over IPv4 tunneling driver
[STDERR  ] 2017-11-15T07:41:17.439839125Z: [    7.261224] gre: GRE over IPv4 demultiplexor driver
[STDERR  ] 2017-11-15T07:41:17.439844805Z: [    7.264684] ip_tables: (C) 2000-2006 Netfilter Core Team
[STDERR  ] 2017-11-15T07:41:17.439850332Z: [    7.268015] ipt_CLUSTERIP: ClusterIP Version 0.8 loaded successfully
[STDERR  ] 2017-11-15T07:41:17.439856324Z: [    7.268907] arp_tables: (C) 2002 David S. Miller
[STDERR  ] 2017-11-15T07:41:17.439861922Z: [    7.271926] NET: Registered protocol family 10
[STDERR  ] 2017-11-15T07:41:17.439867404Z: [    7.280964] ip6_tables: (C) 2000-2006 Netfilter Core Team
[STDERR  ] 2017-11-15T07:41:17.439872932Z: [    7.289135] NET: Registered protocol family 17
[STDERR  ] 2017-11-15T07:41:17.43987841Z: [    7.290865] bridge: automatic filtering via arp/ip/ip6tables has been deprecated. Update your scripts to load br_netfilter if you need this.
[STDERR  ] 2017-11-15T07:41:17.439885552Z: [    7.292295] Bridge firewalling registered
[STDERR  ] 2017-11-15T07:41:17.439895799Z: [    7.293084] Ebtables v2.0 registered
[STDERR  ] 2017-11-15T07:41:17.439901494Z: [    7.295631] 8021q: 802.1Q VLAN Support v1.8
[STDERR  ] 2017-11-15T07:41:17.439906942Z: [    7.297213] 9pnet: Installing 9P2000 support
[STDERR  ] 2017-11-15T07:41:17.439912507Z: [    7.298987] Key type dns_resolver registered
[STDERR  ] 2017-11-15T07:41:17.439917967Z: [    7.299657] microcode: AMD CPU family 0x6 not supported
[STDERR  ] 2017-11-15T07:41:17.439923985Z: [    7.304350] registered taskstats version 1
[STDERR  ] 2017-11-15T07:41:17.439929452Z: [    7.448385] Key type encrypted registered
[STDERR  ] 2017-11-15T07:41:17.439934982Z: [    7.455741] rtc_cmos 00:00: setting system clock to 2017-11-15 07:40:43 UTC (1510731643)
[STDERR  ] 2017-11-15T07:41:17.439940867Z: [    7.511265] ata2: SATA link down (SStatus 0 SControl 300)
[STDERR  ] 2017-11-15T07:41:17.439946577Z: [    7.514503] ata3: SATA link up 1.5 Gbps (SStatus 113 SControl 300)
[STDERR  ] 2017-11-15T07:41:17.43995313Z: [    7.518633] ata3.00: ATAPI: QEMU DVD-ROM, 2.5+, max UDMA/100
[STDERR  ] 2017-11-15T07:41:17.439962084Z: [    7.519235] ata3.00: applying bridge limits
[STDERR  ] 2017-11-15T07:41:17.439967812Z: [    7.521088] ata4: SATA link down (SStatus 0 SControl 300)
[STDERR  ] 2017-11-15T07:41:17.439973315Z: [    7.521709] ata1: SATA link down (SStatus 0 SControl 300)
[STDERR  ] 2017-11-15T07:41:17.439978754Z: [    7.522571] ata5: SATA link down (SStatus 0 SControl 300)
[STDERR  ] 2017-11-15T07:41:17.439987315Z: [    7.522924] ata6: SATA link down (SStatus 0 SControl 300)
[STDERR  ] 2017-11-15T07:41:17.439993622Z: [    7.524309] ata3.00: configured for UDMA/100
[STDERR  ] 2017-11-15T07:41:17.440011227Z: [    7.536887] scsi 2:0:0:0: CD-ROM            QEMU     QEMU DVD-ROM     2.5+ PQ: 0 ANSI: 5
[STDERR  ] 2017-11-15T07:41:17.440017362Z: [    7.553192] sr 2:0:0:0: [sr0] scsi3-mmc drive: 4x/4x cd/rw xa/form2 tray
[STDERR  ] 2017-11-15T07:41:17.440023557Z: [    7.553950] cdrom: Uniform CD-ROM driver Revision: 3.20
[STDERR  ] 2017-11-15T07:41:17.440029587Z: [    7.561303] sr 2:0:0:0: Attached scsi generic sg0 type 5
[STDERR  ] 2017-11-15T07:41:17.440036272Z: [    7.703135] Freeing unused kernel memory: 1296K
[STDERR  ] 2017-11-15T07:41:17.440041802Z: [    7.703579] Write protecting the kernel read-only data: 12288k
[STDERR  ] 2017-11-15T07:41:17.44004784Z: [    7.714784] Freeing unused kernel memory: 552K
[STDERR  ] 2017-11-15T07:41:17.440053425Z: [    7.847295] Freeing unused kernel memory: 1396K
[STDERR  ] 2017-11-15T07:41:17.440059097Z: [    7.848126] tsc: Refined TSC clocksource calibration: 2599.998 MHz
[STDERR  ] 2017-11-15T07:41:17.440064742Z: [    7.848645] clocksource: tsc: mask: 0xffffffffffffffff max_cycles: 0x257a3a7b45f, max_idle_ns: 440795312762 ns
[STDERR  ] 2017-11-15T07:41:17.440071709Z: [    8.849439] clocksource: Switched to clocksource tsc
[STDERR  ] 2017-11-15T07:41:17.440077137Z: 
[STDERR  ] 2017-11-15T07:41:17.440083022Z: Welcome to LinuxKit
[STDERR  ] 2017-11-15T07:41:17.440088675Z: 
[STDERR  ] 2017-11-15T07:41:17.440094289Z:                         ##         .
[STDERR  ] 2017-11-15T07:41:17.44010022Z:                   ## ## ##        ==
[STDERR  ] 2017-11-15T07:41:17.440106475Z:                ## ## ## ## ##    ===
[STDERR  ] 2017-11-15T07:41:17.440112005Z:            /"""""""""""""""""\___/ ===
[STDERR  ] 2017-11-15T07:41:17.440117455Z:           {                       /  ===-
[STDERR  ] 2017-11-15T07:41:17.440122867Z:            \______ O           __/
[STDERR  ] 2017-11-15T07:41:17.440128577Z:              \    \         __/
[STDERR  ] 2017-11-15T07:41:17.44013406Z:               \____\_______/
[STDERR  ] 2017-11-15T07:41:17.44013962Z: 
[STDERR  ] 2017-11-15T07:41:17.440145387Z: starting kernel config sanity test with /proc/config.gz
[STDERR  ] 2017-11-15T07:41:17.44015087Z: [   20.724433] RPC: Registered named UNIX socket transport module.
[STDERR  ] 2017-11-15T07:41:17.440156277Z: [   20.724843] RPC: Registered udp transport module.
[STDERR  ] 2017-11-15T07:41:17.44016172Z: [   20.725303] RPC: Registered tcp transport module.
[STDERR  ] 2017-11-15T07:41:17.440167094Z: [   20.725634] RPC: Registered tcp NFSv4.1 backchannel transport module.
[STDERR  ] 2017-11-15T07:41:17.440172642Z: [   20.824208] FS-Cache: Netfs 'nfs' registered for caching
[STDERR  ] 2017-11-15T07:41:17.440178032Z: [   20.918935] Installing knfsd (copyright (C) 1996 okir@monad.swb.de).
[STDERR  ] 2017-11-15T07:41:17.440183725Z: [   20.970671] ntfs: driver 2.1.32 [Flags: R/O MODULE].
[STDERR  ] 2017-11-15T07:41:17.4401892Z: kernel config test succeeded!
[STDERR  ] 2017-11-15T07:41:17.440194839Z: [37minfo: reading kernel config from /proc/config.gz ...[m
[STDERR  ] 2017-11-15T07:41:17.440200209Z: 
[STDERR  ] 2017-11-15T07:41:17.440205699Z: Generally Necessary:
[STDERR  ] 2017-11-15T07:41:17.440211399Z: - [37mcgroup hierarchy[m: [32mproperly mounted[m [/sys/fs/cgroup]
[STDERR  ] 2017-11-15T07:41:17.440216917Z: - [37mCONFIG_NAMESPACES[m: [32menabled[m
[STDERR  ] 2017-11-15T07:41:17.440222319Z: - [37mCONFIG_NET_NS[m: [32menabled[m
[STDERR  ] 2017-11-15T07:41:17.440227704Z: - [37mCONFIG_PID_NS[m: [32menabled[m
[STDERR  ] 2017-11-15T07:41:17.44023747Z: - [37mCONFIG_IPC_NS[m: [32menabled[m
[STDERR  ] 2017-11-15T07:41:17.440247962Z: - [37mCONFIG_UTS_NS[m: [32menabled[m
[STDERR  ] 2017-11-15T07:41:17.440253768Z: - [37mCONFIG_CGROUPS[m: [32menabled[m
[STDERR  ] 2017-11-15T07:41:17.44025911Z: - [37mCONFIG_CGROUP_CPUACCT[m: [32menabled[m
[STDERR  ] 2017-11-15T07:41:17.440267646Z: - [37mCONFIG_CGROUP_DEVICE[m: [32menabled[m
[STDERR  ] 2017-11-15T07:41:17.440273701Z: - [37mCONFIG_CGROUP_FREEZER[m: [32menabled[m
[STDERR  ] 2017-11-15T07:41:17.440279131Z: - [37mCONFIG_CGROUP_SCHED[m: [32menabled[m
[STDERR  ] 2017-11-15T07:41:17.440284503Z: - [37mCONFIG_CPUSETS[m: [32menabled[m
[STDERR  ] 2017-11-15T07:41:17.44028996Z: - [37mCONFIG_MEMCG[m: [32menabled[m
[STDERR  ] 2017-11-15T07:41:17.440300548Z: - [37mCONFIG_KEYS[m: [32menabled[m
[STDERR  ] 2017-11-15T07:41:17.440308001Z: - [37mCONFIG_VETH[m: [32menabled[m
[STDERR  ] 2017-11-15T07:41:17.440319526Z: - [37mCONFIG_BRIDGE[m: [32menabled[m
[STDERR  ] 2017-11-15T07:41:17.440324926Z: - [37mCONFIG_BRIDGE_NETFILTER[m: [32menabled[m
[STDERR  ] 2017-11-15T07:41:17.440330443Z: - [37mCONFIG_NF_NAT_IPV4[m: [32menabled[m
[STDERR  ] 2017-11-15T07:41:17.440339546Z: - [37mCONFIG_IP_NF_FILTER[m: [32menabled[m
[STDERR  ] 2017-11-15T07:41:17.440345523Z: - [37mCONFIG_IP_NF_TARGET_MASQUERADE[m: [32menabled[m
[STDERR  ] 2017-11-15T07:41:17.44035095Z: - [37mCONFIG_NETFILTER_XT_MATCH_ADDRTYPE[m: [32menabled[m
[STDERR  ] 2017-11-15T07:41:17.440357303Z: - [37mCONFIG_NETFILTER_XT_MATCH_CONNTRACK[m: [32menabled[m
[STDERR  ] 2017-11-15T07:41:17.440362876Z: - [37mCONFIG_NETFILTER_XT_MATCH_IPVS[m: [32menabled[m
[STDERR  ] 2017-11-15T07:41:17.440368443Z: - [37mCONFIG_IP_NF_NAT[m: [32menabled[m
[STDERR  ] 2017-11-15T07:41:17.440373848Z: - [37mCONFIG_NF_NAT[m: [32menabled[m
[STDERR  ] 2017-11-15T07:41:17.4403794Z: - [37mCONFIG_NF_NAT_NEEDED[m: [32menabled[m
[STDERR  ] 2017-11-15T07:41:17.440389563Z: - [37mCONFIG_POSIX_MQUEUE[m: [32menabled[m
[STDERR  ] 2017-11-15T07:41:17.440395166Z: - [37mCONFIG_DEVPTS_MULTIPLE_INSTANCES[m: [32menabled[m
[STDERR  ] 2017-11-15T07:41:17.44040051Z: 
[STDERR  ] 2017-11-15T07:41:17.44040631Z: Optional Features:
[STDERR  ] 2017-11-15T07:41:17.440411938Z: - [37mCONFIG_USER_NS[m: [32menabled[m
[STDERR  ] 2017-11-15T07:41:17.440417323Z: - [37mCONFIG_SECCOMP[m: [32menabled[m
[STDERR  ] 2017-11-15T07:41:17.440422686Z: - [37mCONFIG_CGROUP_PIDS[m: [32menabled[m
[STDERR  ] 2017-11-15T07:41:17.44042885Z: - [37mCONFIG_MEMCG_SWAP[m: [32menabled[m
[STDERR  ] 2017-11-15T07:41:17.440434203Z: - [37mCONFIG_MEMCG_SWAP_ENABLED[m: [32menabled[m
[STDERR  ] 2017-11-15T07:41:17.440439575Z:     [1;30m(cgroup swap accounting is currently enabled)[m
[STDERR  ] 2017-11-15T07:41:17.440445106Z: - [1mCONFIG_LEGACY_VSYSCALL_NONE[m: [1;31menabled[m
[STDERR  ] 2017-11-15T07:41:17.440450853Z:     [1;30m(containers using eglibc <= 2.13 will not work. Switch to[m
[STDERR  ] 2017-11-15T07:41:17.44045652Z:     [1;30m "CONFIG_VSYSCALL_[NATIVE|EMULATE]" or use "vsyscall=[native|emulate]"[m
[STDERR  ] 2017-11-15T07:41:17.440462558Z:     [1;30m on kernel command line. Note that this will disable ASLR for the,[m
[STDERR  ] 2017-11-15T07:41:17.440468395Z:     [1;30m VDSO which may assist in exploiting security vulnerabilities.)[m
[STDERR  ] 2017-11-15T07:41:17.44047392Z: - [37mCONFIG_MEMCG_KMEM[m: [32menabled[m
[STDERR  ] 2017-11-15T07:41:17.440479253Z: - [37mCONFIG_BLK_CGROUP[m: [32menabled[m
[STDERR  ] 2017-11-15T07:41:17.440484766Z: - [37mCONFIG_BLK_DEV_THROTTLING[m: [32menabled[m
[STDERR  ] 2017-11-15T07:41:17.440495153Z: - [37mCONFIG_IOSCHED_CFQ[m: [32menabled[m
[STDERR  ] 2017-11-15T07:41:17.440500738Z: - [37mCONFIG_CFQ_GROUP_IOSCHED[m: [32menabled[m
[STDERR  ] 2017-11-15T07:41:17.440506061Z: - [37mCONFIG_CGROUP_PERF[m: [32menabled[m
[STDERR  ] 2017-11-15T07:41:17.440511476Z: - [37mCONFIG_CGROUP_HUGETLB[m: [32menabled[m
[STDERR  ] 2017-11-15T07:41:17.44051676Z: - [37mCONFIG_NET_CLS_CGROUP[m: [32menabled[m
[STDERR  ] 2017-11-15T07:41:17.440531631Z: - [37mCONFIG_CGROUP_NET_PRIO[m: [32menabled[m
[STDERR  ] 2017-11-15T07:41:17.440537273Z: - [37mCONFIG_CFS_BANDWIDTH[m: [32menabled[m
[STDERR  ] 2017-11-15T07:41:17.44054276Z: - [37mCONFIG_FAIR_GROUP_SCHED[m: [32menabled[m
[STDERR  ] 2017-11-15T07:41:17.440551921Z: - [37mCONFIG_RT_GROUP_SCHED[m: [32menabled[m
[STDERR  ] 2017-11-15T07:41:17.440557803Z: - [37mCONFIG_IP_VS[m: [32menabled[m
[STDERR  ] 2017-11-15T07:41:17.44056331Z: - [37mCONFIG_IP_VS_NFCT[m: [32menabled[m
[STDERR  ] 2017-11-15T07:41:17.440568816Z: - [37mCONFIG_IP_VS_RR[m: [32menabled[m
[STDERR  ] 2017-11-15T07:41:17.44057425Z: - [37mCONFIG_EXT4_FS[m: [32menabled[m
[STDERR  ] 2017-11-15T07:41:17.440579905Z: - [37mCONFIG_EXT4_FS_POSIX_ACL[m: [32menabled[m
[STDERR  ] 2017-11-15T07:41:17.440585303Z: - [37mCONFIG_EXT4_FS_SECURITY[m: [32menabled[m
[STDERR  ] 2017-11-15T07:41:17.440590786Z: - Network Drivers:
[STDERR  ] 2017-11-15T07:41:17.44059653Z:   - "[34moverlay[m":
[STDERR  ] 2017-11-15T07:41:17.440602973Z:     - [37mCONFIG_VXLAN[m: [32menabled[m
[STDERR  ] 2017-11-15T07:41:17.440608541Z:       Optional (for encrypted networks):
[STDERR  ] 2017-11-15T07:41:17.440614146Z:       - [37mCONFIG_CRYPTO[m: [32menabled[m
[STDERR  ] 2017-11-15T07:41:17.440619675Z:       - [37mCONFIG_CRYPTO_AEAD[m: [32menabled[m
[STDERR  ] 2017-11-15T07:41:17.4406251Z:       - [37mCONFIG_CRYPTO_GCM[m: [32menabled[m
[STDERR  ] 2017-11-15T07:41:17.440630816Z:       - [37mCONFIG_CRYPTO_SEQIV[m: [32menabled[m
[STDERR  ] 2017-11-15T07:41:17.440636231Z:       - [37mCONFIG_CRYPTO_GHASH[m: [32menabled[m
[STDERR  ] 2017-11-15T07:41:17.44064186Z:       - [37mCONFIG_XFRM[m: [32menabled[m
[STDERR  ] 2017-11-15T07:41:17.44064744Z:       - [37mCONFIG_XFRM_USER[m: [32menabled (as module)[m
[STDERR  ] 2017-11-15T07:41:17.440653928Z:       - [37mCONFIG_XFRM_ALGO[m: [32menabled (as module)[m
[STDERR  ] 2017-11-15T07:41:17.440659653Z:       - [37mCONFIG_INET_ESP[m: [32menabled (as module)[m
[STDERR  ] 2017-11-15T07:41:17.440665135Z:       - [37mCONFIG_INET_XFRM_MODE_TRANSPORT[m: [32menabled (as module)[m
[STDERR  ] 2017-11-15T07:41:17.440670566Z:   - "[34mipvlan[m":
[STDERR  ] 2017-11-15T07:41:17.440676178Z:     - [37mCONFIG_IPVLAN[m: [32menabled[m
[STDERR  ] 2017-11-15T07:41:17.440681615Z:   - "[34mmacvlan[m":
[STDERR  ] 2017-11-15T07:41:17.440687331Z:     - [37mCONFIG_MACVLAN[m: [32menabled[m
[STDERR  ] 2017-11-15T07:41:17.440697593Z:     - [37mCONFIG_DUMMY[m: [32menabled (as module)[m
[STDERR  ] 2017-11-15T07:41:17.44070822Z:   - "[34mftp,tftp client in container[m":
[STDERR  ] 2017-11-15T07:41:17.440717868Z:     - [37mCONFIG_NF_NAT_FTP[m: [32menabled[m
[STDERR  ] 2017-11-15T07:41:17.440723383Z:     - [37mCONFIG_NF_CONNTRACK_FTP[m: [32menabled[m
[STDERR  ] 2017-11-15T07:41:17.440728813Z:     - [37mCONFIG_NF_NAT_TFTP[m: [32menabled[m
[STDERR  ] 2017-11-15T07:41:17.44073421Z:     - [37mCONFIG_NF_CONNTRACK_TFTP[m: [32menabled[m
[STDERR  ] 2017-11-15T07:41:17.440739656Z: - Storage Drivers:
[STDERR  ] 2017-11-15T07:41:17.440745173Z:   - "[34maufs[m":
[STDERR  ] 2017-11-15T07:41:17.440750723Z:     - [1mCONFIG_AUFS_FS[m: [1;31mmissing[m
[STDERR  ] 2017-11-15T07:41:17.440756203Z:   - "[34mbtrfs[m":
[STDERR  ] 2017-11-15T07:41:17.440761526Z:     - [37mCONFIG_BTRFS_FS[m: [32menabled (as module)[m
[STDERR  ] 2017-11-15T07:41:17.44076699Z:     - [37mCONFIG_BTRFS_FS_POSIX_ACL[m: [32menabled[m
[STDERR  ] 2017-11-15T07:41:17.440772283Z:   - "[34mdevicemapper[m":
[STDERR  ] 2017-11-15T07:41:17.440777796Z:     - [37mCONFIG_BLK_DEV_DM[m: [32menabled[m
[STDERR  ] 2017-11-15T07:41:17.440783138Z:     - [37mCONFIG_DM_THIN_PROVISIONING[m: [32menabled[m
[STDERR  ] 2017-11-15T07:41:17.440788593Z:   - "[34moverlay[m":
[STDERR  ] 2017-11-15T07:41:17.440794181Z:     - [37mCONFIG_OVERLAY_FS[m: [32menabled[m
[STDERR  ] 2017-11-15T07:41:17.440799596Z:   - "[34mzfs[m":
[STDERR  ] 2017-11-15T07:41:17.440809876Z:     - [1m/dev/zfs[m: [1;31mmissing[m
[STDERR  ] 2017-11-15T07:41:17.44081554Z:     - [1mzfs command[m: [1;31mmissing[m
[STDERR  ] 2017-11-15T07:41:17.440820883Z:     - [1mzpool command[m: [1;31mmissing[m
[STDERR  ] 2017-11-15T07:41:17.440826275Z: 
[STDERR  ] 2017-11-15T07:41:17.440831971Z: Limits:
[STDERR  ] 2017-11-15T07:41:17.440841806Z: [37m- /proc/sys/kernel/keys/root_maxkeys[m: [32m1000000[m
[STDERR  ] 2017-11-15T07:41:17.440847708Z: 
[STDERR  ] 2017-11-15T07:41:17.440853141Z: Kernel config test suite PASSED
[STDERR  ] 2017-11-15T07:41:17.440858846Z: [   40.565000] ACPI: Preparing to enter system sleep state S5
[STDERR  ] 2017-11-15T07:41:17.440864203Z: [   40.571973] reboot: Power down
[STDERR  ] 2017-11-15T07:41:17.44086982Z: + grep -q suite PASSED
[STDERR  ] 2017-11-15T07:41:17.441648577Z: + echo [    0.000000] Initializing cgroup subsys cpuset
[STDERR  ] 2017-11-15T07:41:17.441679515Z: [    0.000000] Initializing cgroup subsys cpu
[STDERR  ] 2017-11-15T07:41:17.441691895Z: [    0.000000] Initializing cgroup subsys cpuacct
[STDERR  ] 2017-11-15T07:41:17.441702025Z: [    0.000000] Linux version 4.4.97-linuxkit (root@d6d734ac23fd) (gcc version 6.3.0 (Alpine 6.3.0) ) #1 SMP Fri Nov 10 13:58:27 UTC 2017
[STDERR  ] 2017-11-15T07:41:17.441712267Z: [    0.000000] Command line: console=ttyS0
[STDERR  ] 2017-11-15T07:41:17.441721505Z: [    0.000000] x86/fpu: Legacy x87 FPU detected.
[STDERR  ] 2017-11-15T07:41:17.441730778Z: [    0.000000] x86/fpu: Using 'lazy' FPU context switches.
[STDERR  ] 2017-11-15T07:41:17.441739447Z: [    0.000000] e820: BIOS-provided physical RAM map:
[STDERR  ] 2017-11-15T07:41:17.441748558Z: [    0.000000] BIOS-e820: [mem 0x0000000000000000-0x000000000009fbff] usable
[STDERR  ] 2017-11-15T07:41:17.441757527Z: [    0.000000] BIOS-e820: [mem 0x000000000009fc00-0x000000000009ffff] reserved
[STDERR  ] 2017-11-15T07:41:17.441766478Z: [    0.000000] BIOS-e820: [mem 0x00000000000f0000-0x00000000000fffff] reserved
[STDERR  ] 2017-11-15T07:41:17.441776788Z: [    0.000000] BIOS-e820: [mem 0x0000000000100000-0x000000003ffdefff] usable
[STDERR  ] 2017-11-15T07:41:17.441787723Z: [    0.000000] BIOS-e820: [mem 0x000000003ffdf000-0x000000003fffffff] reserved
[STDERR  ] 2017-11-15T07:41:17.441796725Z: [    0.000000] BIOS-e820: [mem 0x00000000b0000000-0x00000000bfffffff] reserved
[STDERR  ] 2017-11-15T07:41:17.441805633Z: [    0.000000] BIOS-e820: [mem 0x00000000fed1c000-0x00000000fed1ffff] reserved
[STDERR  ] 2017-11-15T07:41:17.441815288Z: [    0.000000] BIOS-e820: [mem 0x00000000fffc0000-0x00000000ffffffff] reserved
[STDERR  ] 2017-11-15T07:41:17.4418246Z: [    0.000000] NX (Execute Disable) protection: active
[STDERR  ] 2017-11-15T07:41:17.44183388Z: [    0.000000] SMBIOS 2.8 present.
[STDERR  ] 2017-11-15T07:41:17.441843727Z: [    0.000000] e820: last_pfn = 0x3ffdf max_arch_pfn = 0x400000000
[STDERR  ] 2017-11-15T07:41:17.441855843Z: [    0.000000] x86/PAT: Configuration [0-7]: WB  WC  UC- UC  WB  WC  UC- WT  
[STDERR  ] 2017-11-15T07:41:17.441866163Z: [    0.000000] found SMP MP-table at [mem 0x000f6aa0-0x000f6aaf] mapped at [ffff8800000f6aa0]
[STDERR  ] 2017-11-15T07:41:17.441876018Z: [    0.000000] RAMDISK: [mem 0x3e8e5000-0x3ffcffff]
[STDERR  ] 2017-11-15T07:41:17.441886035Z: [    0.000000] ACPI: Early table checksum verification disabled
[STDERR  ] 2017-11-15T07:41:17.441894735Z: [    0.000000] ACPI: RSDP 0x00000000000F68C0 000014 (v00 BOCHS )
[STDERR  ] 2017-11-15T07:41:17.441903565Z: [    0.000000] ACPI: RSDT 0x000000003FFE2404 000034 (v01 BOCHS  BXPCRSDT 00000001 BXPC 00000001)
[STDERR  ] 2017-11-15T07:41:17.441912542Z: [    0.000000] ACPI: FACP 0x000000003FFE22A4 000074 (v01 BOCHS  BXPCFACP 00000001 BXPC 00000001)
[STDERR  ] 2017-11-15T07:41:17.441921257Z: [    0.000000] ACPI: DSDT 0x000000003FFE0040 002264 (v01 BOCHS  BXPCDSDT 00000001 BXPC 00000001)
[STDERR  ] 2017-11-15T07:41:17.441939557Z: [    0.000000] ACPI: FACS 0x000000003FFE0000 000040
[STDERR  ] 2017-11-15T07:41:17.44194936Z: [    0.000000] ACPI: APIC 0x000000003FFE2318 000078 (v01 BOCHS  BXPCAPIC 00000001 BXPC 00000001)
[STDERR  ] 2017-11-15T07:41:17.44196786Z: [    0.000000] ACPI: HPET 0x000000003FFE2390 000038 (v01 BOCHS  BXPCHPET 00000001 BXPC 00000001)
[STDERR  ] 2017-11-15T07:41:17.441978075Z: [    0.000000] ACPI: MCFG 0x000000003FFE23C8 00003C (v01 BOCHS  BXPCMCFG 00000001 BXPC 00000001)
[STDERR  ] 2017-11-15T07:41:17.441996168Z: [    0.000000] Zone ranges:
[STDERR  ] 2017-11-15T07:41:17.44201415Z: [    0.000000]   DMA      [mem 0x0000000000001000-0x0000000000ffffff]
[STDERR  ] 2017-11-15T07:41:17.44202352Z: [    0.000000]   DMA32    [mem 0x0000000001000000-0x000000003ffdefff]
[STDERR  ] 2017-11-15T07:41:17.442033078Z: [    0.000000]   Normal   empty
[STDERR  ] 2017-11-15T07:41:17.442047885Z: [    0.000000] Movable zone start for each node
[STDERR  ] 2017-11-15T07:41:17.442057438Z: [    0.000000] Early memory node ranges
[STDERR  ] 2017-11-15T07:41:17.442066485Z: [    0.000000]   node   0: [mem 0x0000000000001000-0x000000000009efff]
[STDERR  ] 2017-11-15T07:41:17.442076277Z: [    0.000000]   node   0: [mem 0x0000000000100000-0x000000003ffdefff]
[STDERR  ] 2017-11-15T07:41:17.44208541Z: [    0.000000] Initmem setup node 0 [mem 0x0000000000001000-0x000000003ffdefff]
[STDERR  ] 2017-11-15T07:41:17.442100902Z: [    0.000000] ACPI: PM-Timer IO Port: 0x608
[STDERR  ] 2017-11-15T07:41:17.442115384Z: [    0.000000] ACPI: LAPIC_NMI (acpi_id[0xff] dfl dfl lint[0x1])
[STDERR  ] 2017-11-15T07:41:17.442124888Z: [    0.000000] IOAPIC[0]: apic_id 0, version 32, address 0xfec00000, GSI 0-23
[STDERR  ] 2017-11-15T07:41:17.442134194Z: [    0.000000] ACPI: INT_SRC_OVR (bus 0 bus_irq 0 global_irq 2 dfl dfl)
[STDERR  ] 2017-11-15T07:41:17.442143973Z: [    0.000000] ACPI: INT_SRC_OVR (bus 0 bus_irq 5 global_irq 5 high level)
[STDERR  ] 2017-11-15T07:41:17.442150024Z: [    0.000000] ACPI: INT_SRC_OVR (bus 0 bus_irq 9 global_irq 9 high level)
[STDERR  ] 2017-11-15T07:41:17.442155536Z: [    0.000000] ACPI: INT_SRC_OVR (bus 0 bus_irq 10 global_irq 10 high level)
[STDERR  ] 2017-11-15T07:41:17.442160911Z: [    0.000000] ACPI: INT_SRC_OVR (bus 0 bus_irq 11 global_irq 11 high level)
[STDERR  ] 2017-11-15T07:41:17.442166638Z: [    0.000000] Using ACPI (MADT) for SMP configuration information
[STDERR  ] 2017-11-15T07:41:17.442172333Z: [    0.000000] ACPI: HPET id: 0x8086a201 base: 0xfed00000
[STDERR  ] 2017-11-15T07:41:17.442177956Z: [    0.000000] smpboot: Allowing 1 CPUs, 0 hotplug CPUs
[STDERR  ] 2017-11-15T07:41:17.442188386Z: [    0.000000] e820: [mem 0x40000000-0xafffffff] available for PCI devices
[STDERR  ] 2017-11-15T07:41:17.442195548Z: [    0.000000] Booting paravirtualized kernel on bare hardware
[STDERR  ] 2017-11-15T07:41:17.442201169Z: [    0.000000] clocksource: refined-jiffies: mask: 0xffffffff max_cycles: 0xffffffff, max_idle_ns: 19112604462750000 ns
[STDERR  ] 2017-11-15T07:41:17.442209726Z: [    0.000000] setup_percpu: NR_CPUS:128 nr_cpumask_bits:128 nr_cpu_ids:1 nr_node_ids:1
[STDERR  ] 2017-11-15T07:41:17.442215476Z: [    0.000000] PERCPU: Embedded 33 pages/cpu @ffff88003e600000 s95768 r8192 d31208 u2097152
[STDERR  ] 2017-11-15T07:41:17.442220996Z: [    0.000000] Built 1 zonelists in Zone order, mobility grouping on.  Total pages: 257896
[STDERR  ] 2017-11-15T07:41:17.442226586Z: [    0.000000] Kernel command line: console=ttyS0
[STDERR  ] 2017-11-15T07:41:17.442232123Z: [    0.000000] PID hash table entries: 4096 (order: 3, 32768 bytes)
[STDERR  ] 2017-11-15T07:41:17.442237611Z: [    0.000000] Dentry cache hash table entries: 131072 (order: 8, 1048576 bytes)
[STDERR  ] 2017-11-15T07:41:17.442243518Z: [    0.000000] Inode-cache hash table entries: 65536 (order: 7, 524288 bytes)
[STDERR  ] 2017-11-15T07:41:17.442249331Z: [    0.000000] Memory: 990624K/1048052K available (7629K kernel code, 1259K rwdata, 2700K rodata, 1296K init, 688K bss, 57428K reserved, 0K cma-reserved)
[STDERR  ] 2017-11-15T07:41:17.442255888Z: [    0.000000] Hierarchical RCU implementation.
[STDERR  ] 2017-11-15T07:41:17.442261373Z: [    0.000000] 	Build-time adjustment of leaf fanout to 64.
[STDERR  ] 2017-11-15T07:41:17.442266848Z: [    0.000000] 	RCU restricting CPUs from NR_CPUS=128 to nr_cpu_ids=1.
[STDERR  ] 2017-11-15T07:41:17.442278136Z: [    0.000000] RCU: Adjusting geometry for rcu_fanout_leaf=64, nr_cpu_ids=1
[STDERR  ] 2017-11-15T07:41:17.442283856Z: [    0.000000] NR_IRQS:8448 nr_irqs:256 16
[STDERR  ] 2017-11-15T07:41:17.442289421Z: [    0.000000] Console: colour VGA+ 80x25
[STDERR  ] 2017-11-15T07:41:17.442297769Z: [    0.000000] console [ttyS0] enabled
[STDERR  ] 2017-11-15T07:41:17.442303288Z: [    0.000000] clocksource: hpet: mask: 0xffffffff max_cycles: 0xffffffff, max_idle_ns: 19112604467 ns
[STDERR  ] 2017-11-15T07:41:17.442310046Z: [    0.000000] tsc: Fast TSC calibration using PIT
[STDERR  ] 2017-11-15T07:41:17.442315494Z: [    0.000000] tsc: Detected 2599.972 MHz processor
[STDERR  ] 2017-11-15T07:41:17.442321039Z: [    0.022313] Calibrating delay loop (skipped), value calculated using timer frequency.. 5199.94 BogoMIPS (lpj=25999720)
[STDERR  ] 2017-11-15T07:41:17.442327031Z: [    0.023565] pid_max: default: 32768 minimum: 301
[STDERR  ] 2017-11-15T07:41:17.442332556Z: [    0.024337] ACPI: Core revision 20150930
[STDERR  ] 2017-11-15T07:41:17.442338514Z: [    0.067974] ACPI: 1 ACPI AML tables successfully acquired and loaded
[STDERR  ] 2017-11-15T07:41:17.442348119Z: [    0.070398] Security Framework initialized
[STDERR  ] 2017-11-15T07:41:17.442356656Z: [    0.070694] Yama: becoming mindful.
[STDERR  ] 2017-11-15T07:41:17.442365156Z: [    0.074939] Mount-cache hash table entries: 2048 (order: 2, 16384 bytes)
[STDERR  ] 2017-11-15T07:41:17.442374353Z: [    0.075604] Mountpoint-cache hash table entries: 2048 (order: 2, 16384 bytes)
[STDERR  ] 2017-11-15T07:41:17.442382396Z: [    0.091076] Initializing cgroup subsys io
[STDERR  ] 2017-11-15T07:41:17.442387933Z: [    0.092062] Initializing cgroup subsys memory
[STDERR  ] 2017-11-15T07:41:17.442393543Z: [    0.093110] Initializing cgroup subsys devices
[STDERR  ] 2017-11-15T07:41:17.442399101Z: [    0.093748] Initializing cgroup subsys freezer
[STDERR  ] 2017-11-15T07:41:17.442404531Z: [    0.094377] Initializing cgroup subsys net_cls
[STDERR  ] 2017-11-15T07:41:17.442409954Z: [    0.094884] Initializing cgroup subsys perf_event
[STDERR  ] 2017-11-15T07:41:17.442415274Z: [    0.095443] Initializing cgroup subsys net_prio
[STDERR  ] 2017-11-15T07:41:17.442420748Z: [    0.095989] Initializing cgroup subsys hugetlb
[STDERR  ] 2017-11-15T07:41:17.442426291Z: [    0.096499] Initializing cgroup subsys pids
[STDERR  ] 2017-11-15T07:41:17.442431771Z: [    0.100798] Last level iTLB entries: 4KB 0, 2MB 0, 4MB 0
[STDERR  ] 2017-11-15T07:41:17.442437296Z: [    0.101313] Last level dTLB entries: 4KB 0, 2MB 0, 4MB 0, 1GB 0
[STDERR  ] 2017-11-15T07:41:17.442442856Z: [    0.354360] Freeing SMP alternatives memory: 20K
[STDERR  ] 2017-11-15T07:41:17.442453948Z: [    0.363583] ftrace: allocating 33431 entries in 131 pages
[STDERR  ] 2017-11-15T07:41:17.442459429Z: [    0.532373] ..TIMER: vector=0x30 apic1=0 pin1=2 apic2=-1 pin2=-1
[STDERR  ] 2017-11-15T07:41:17.442464929Z: [    0.640000] smpboot: CPU0: AMD QEMU Virtual CPU version 2.5+ (family: 0x6, model: 0x6, stepping: 0x3)
[STDERR  ] 2017-11-15T07:41:17.442470916Z: [    0.640000] Performance Events: Broken PMU hardware detected, using software events only.
[STDERR  ] 2017-11-15T07:41:17.442476669Z: [    0.640000] Failed to access perfctr msr (MSR c0010007 is 0)
[STDERR  ] 2017-11-15T07:41:17.442482164Z: [    0.645147] x86: Booted up 1 node, 1 CPUs
[STDERR  ] 2017-11-15T07:41:17.442487764Z: [    0.645634] smpboot: Total of 1 processors activated (5199.94 BogoMIPS)
[STDERR  ] 2017-11-15T07:41:17.442498068Z: [    0.654360] NMI watchdog: disabled (cpu0): hardware events not enabled
[STDERR  ] 2017-11-15T07:41:17.442504164Z: [    0.654872] NMI watchdog: Shutting down hard lockup detector on all cpus
[STDERR  ] 2017-11-15T07:41:17.442509856Z: [    0.664702] devtmpfs: initialized
[STDERR  ] 2017-11-15T07:41:17.442515414Z: [    0.734123] clocksource: jiffies: mask: 0xffffffff max_cycles: 0xffffffff, max_idle_ns: 19112604462750000 ns
[STDERR  ] 2017-11-15T07:41:17.442525794Z: [    0.735156] futex hash table entries: 256 (order: 2, 16384 bytes)
[STDERR  ] 2017-11-15T07:41:17.442531644Z: [    0.748529] NET: Registered protocol family 16
[STDERR  ] 2017-11-15T07:41:17.442537164Z: [    0.755699] cpuidle: using governor ladder
[STDERR  ] 2017-11-15T07:41:17.442542699Z: [    0.756216] cpuidle: using governor menu
[STDERR  ] 2017-11-15T07:41:17.442551054Z: [    0.757743] ACPI: bus type PCI registered
[STDERR  ] 2017-11-15T07:41:17.442556814Z: [    0.760890] PCI: MMCONFIG for domain 0000 [bus 00-ff] at [mem 0xb0000000-0xbfffffff] (base 0xb0000000)
[STDERR  ] 2017-11-15T07:41:17.442567516Z: [    0.761837] PCI: MMCONFIG at [mem 0xb0000000-0xbfffffff] reserved in E820
[STDERR  ] 2017-11-15T07:41:17.442573236Z: [    0.763248] PCI: Using configuration type 1 for base access
[STDERR  ] 2017-11-15T07:41:17.442578736Z: [    0.820616] ACPI: Added _OSI(Module Device)
[STDERR  ] 2017-11-15T07:41:17.442584259Z: [    0.820956] ACPI: Added _OSI(Processor Device)
[STDERR  ] 2017-11-15T07:41:17.442589739Z: [    0.821342] ACPI: Added _OSI(3.0 _SCP Extensions)
[STDERR  ] 2017-11-15T07:41:17.442595284Z: [    0.821650] ACPI: Added _OSI(Processor Aggregator Device)
[STDERR  ] 2017-11-15T07:41:17.442600968Z: [    0.895552] ACPI: Interpreter enabled
[STDERR  ] 2017-11-15T07:41:17.442608603Z: [    0.896495] ACPI: (supports S0 S5)
[STDERR  ] 2017-11-15T07:41:17.442618294Z: [    0.896884] ACPI: Using IOAPIC for interrupt routing
[STDERR  ] 2017-11-15T07:41:17.442626656Z: [    0.900160] PCI: Using host bridge windows from ACPI; if necessary, use "pci=nocrs" and report a bug
[STDERR  ] 2017-11-15T07:41:17.442635951Z: [    0.959580] ACPI: PCI Root Bridge [PCI0] (domain 0000 [bus 00-ff])
[STDERR  ] 2017-11-15T07:41:17.442643178Z: [    0.960860] acpi PNP0A08:00: _OSC: OS supports [ExtendedConfig ASPM ClockPM Segments MSI]
[STDERR  ] 2017-11-15T07:41:17.442648718Z: [    0.967394] acpi PNP0A08:00: _OSC: OS now controls [PCIeHotplug PME PCIeCapability]
[STDERR  ] 2017-11-15T07:41:17.442654281Z: [    0.971659] PCI host bridge to bus 0000:00
[STDERR  ] 2017-11-15T07:41:17.442659788Z: [    0.972217] pci_bus 0000:00: root bus resource [io  0x0000-0x0cf7 window]
[STDERR  ] 2017-11-15T07:41:17.442665591Z: [    0.972757] pci_bus 0000:00: root bus resource [io  0x0d00-0xffff window]
[STDERR  ] 2017-11-15T07:41:17.442670988Z: [    0.973215] pci_bus 0000:00: root bus resource [mem 0x000a0000-0x000bffff window]
[STDERR  ] 2017-11-15T07:41:17.442677289Z: [    0.973745] pci_bus 0000:00: root bus resource [mem 0xc0000000-0xfebfffff window]
[STDERR  ] 2017-11-15T07:41:17.442682939Z: [    0.974471] pci_bus 0000:00: root bus resource [bus 00-ff]
[STDERR  ] 2017-11-15T07:41:17.442688458Z: [    1.081363] pci 0000:00:1f.0: quirk: [io  0x0600-0x067f] claimed by ICH6 ACPI/GPIO/TCO
[STDERR  ] 2017-11-15T07:41:17.442693928Z: [    1.142390] ACPI: PCI Interrupt Link [LNKA] (IRQs 5 *10 11)
[STDERR  ] 2017-11-15T07:41:17.442700046Z: [    1.145337] ACPI: PCI Interrupt Link [LNKB] (IRQs 5 *10 11)
[STDERR  ] 2017-11-15T07:41:17.442705686Z: [    1.147611] ACPI: PCI Interrupt Link [LNKC] (IRQs 5 10 *11)
[STDERR  ] 2017-11-15T07:41:17.442711231Z: [    1.150299] ACPI: PCI Interrupt Link [LNKD] (IRQs 5 10 *11)
[STDERR  ] 2017-11-15T07:41:17.442721554Z: [    1.152135] ACPI: PCI Interrupt Link [LNKE] (IRQs 5 *10 11)
[STDERR  ] 2017-11-15T07:41:17.442727284Z: [    1.154515] ACPI: PCI Interrupt Link [LNKF] (IRQs 5 *10 11)
[STDERR  ] 2017-11-15T07:41:17.442732707Z: [    1.156393] ACPI: PCI Interrupt Link [LNKG] (IRQs 5 10 *11)
[STDERR  ] 2017-11-15T07:41:17.442738244Z: [    1.158303] ACPI: PCI Interrupt Link [LNKH] (IRQs 5 10 *11)
[STDERR  ] 2017-11-15T07:41:17.442743652Z: [    1.159294] ACPI: PCI Interrupt Link [GSIA] (IRQs *16)
[STDERR  ] 2017-11-15T07:41:17.44274913Z: [    1.160215] ACPI: PCI Interrupt Link [GSIB] (IRQs *17)
[STDERR  ] 2017-11-15T07:41:17.442754637Z: [    1.161112] ACPI: PCI Interrupt Link [GSIC] (IRQs *18)
[STDERR  ] 2017-11-15T07:41:17.442779615Z: [    1.161924] ACPI: PCI Interrupt Link [GSID] (IRQs *19)
[STDERR  ] 2017-11-15T07:41:17.442785889Z: [    1.162717] ACPI: PCI Interrupt Link [GSIE] (IRQs *20)
[STDERR  ] 2017-11-15T07:41:17.442795405Z: [    1.163550] ACPI: PCI Interrupt Link [GSIF] (IRQs *21)
[STDERR  ] 2017-11-15T07:41:17.442800939Z: [    1.164327] ACPI: PCI Interrupt Link [GSIG] (IRQs *22)
[STDERR  ] 2017-11-15T07:41:17.442806425Z: [    1.165063] ACPI: PCI Interrupt Link [GSIH] (IRQs *23)
[STDERR  ] 2017-11-15T07:41:17.442815712Z: [    1.169155] ACPI: Enabled 2 GPEs in block 00 to 3F
[STDERR  ] 2017-11-15T07:41:17.442821582Z: [    1.173427] SCSI subsystem initialized
[STDERR  ] 2017-11-15T07:41:17.442827289Z: [    1.175449] ACPI: bus type USB registered
[STDERR  ] 2017-11-15T07:41:17.442832799Z: [    1.176682] usbcore: registered new interface driver usbfs
[STDERR  ] 2017-11-15T07:41:17.44283817Z: [    1.177624] usbcore: registered new interface driver hub
[STDERR  ] 2017-11-15T07:41:17.442843717Z: [    1.178534] usbcore: registered new device driver usb
[STDERR  ] 2017-11-15T07:41:17.442849244Z: [    1.179856] pps_core: LinuxPPS API ver. 1 registered
[STDERR  ] 2017-11-15T07:41:17.442854587Z: [    1.180084] pps_core: Software ver. 5.3.6 - Copyright 2005-2007 Rodolfo Giometti <giometti@linux.it>
[STDERR  ] 2017-11-15T07:41:17.442860202Z: [    1.180849] PTP clock support registered
[STDERR  ] 2017-11-15T07:41:17.442866487Z: [    1.182255] wmi: Mapper loaded
[STDERR  ] 2017-11-15T07:41:17.442872112Z: [    1.183423] PCI: Using ACPI for IRQ routing
[STDERR  ] 2017-11-15T07:41:17.442877479Z: [    1.202431] NetLabel: Initializing
[STDERR  ] 2017-11-15T07:41:17.442882742Z: [    1.202685] NetLabel:  domain hash size = 128
[STDERR  ] 2017-11-15T07:41:17.44288848Z: [    1.203058] NetLabel:  protocols = UNLABELED CIPSOv4
[STDERR  ] 2017-11-15T07:41:17.442898752Z: [    1.205767] NetLabel:  unlabeled traffic allowed by default
[STDERR  ] 2017-11-15T07:41:17.442904455Z: [    1.207177] HPET: 3 timers in total, 0 timers will be used for per-cpu timer
[STDERR  ] 2017-11-15T07:41:17.442909909Z: [    1.208090] hpet0: at MMIO 0xfed00000, IRQs 2, 8, 0
[STDERR  ] 2017-11-15T07:41:17.442915632Z: [    1.208708] hpet0: 3 comparators, 64-bit 100.000000 MHz counter
[STDERR  ] 2017-11-15T07:41:17.442925552Z: [    1.213024] amd_nb: Cannot enumerate AMD northbridges
[STDERR  ] 2017-11-15T07:41:17.442931297Z: [    1.215631] clocksource: Switched to clocksource hpet
[STDERR  ] 2017-11-15T07:41:17.442936692Z: [    1.431432] FS-Cache: Loaded
[STDERR  ] 2017-11-15T07:41:17.442946529Z: [    1.437079] CacheFiles: Loaded
[STDERR  ] 2017-11-15T07:41:17.442952017Z: [    1.439298] pnp: PnP ACPI init
[STDERR  ] 2017-11-15T07:41:17.442961894Z: [    1.451793] pnp: PnP ACPI: found 5 devices
[STDERR  ] 2017-11-15T07:41:17.44296729Z: [    1.501668] clocksource: acpi_pm: mask: 0xffffff max_cycles: 0xffffff, max_idle_ns: 2085701024 ns
[STDERR  ] 2017-11-15T07:41:17.442973059Z: [    1.504867] NET: Registered protocol family 2
[STDERR  ] 2017-11-15T07:41:17.442978474Z: [    1.512670] TCP established hash table entries: 8192 (order: 4, 65536 bytes)
[STDERR  ] 2017-11-15T07:41:17.442984345Z: [    1.513517] TCP bind hash table entries: 8192 (order: 5, 131072 bytes)
[STDERR  ] 2017-11-15T07:41:17.443021497Z: [    1.514239] TCP: Hash tables configured (established 8192 bind 8192)
[STDERR  ] 2017-11-15T07:41:17.443027407Z: [    1.515713] UDP hash table entries: 512 (order: 2, 16384 bytes)
[STDERR  ] 2017-11-15T07:41:17.443032862Z: [    1.516304] UDP-Lite hash table entries: 512 (order: 2, 16384 bytes)
[STDERR  ] 2017-11-15T07:41:17.443038747Z: [    1.518732] NET: Registered protocol family 1
[STDERR  ] 2017-11-15T07:41:17.443053749Z: [    1.525560] Unpacking initramfs...
[STDERR  ] 2017-11-15T07:41:17.443069199Z: [    6.803667] Freeing initrd memory: 23468K
[STDERR  ] 2017-11-15T07:41:17.44307588Z: [    6.831304] PCLMULQDQ-NI instructions are not detected.
[STDERR  ] 2017-11-15T07:41:17.44308402Z: [    6.833021] AVX or AES-NI instructions are not detected.
[STDERR  ] 2017-11-15T07:41:17.443092427Z: [    6.833585] CPU feature 'AVX registers' is not supported.
[STDERR  ] 2017-11-15T07:41:17.443098492Z: [    6.834093] CPU feature 'AVX registers' is not supported.
[STDERR  ] 2017-11-15T07:41:17.443108277Z: [    6.834588] CPU feature 'AVX registers' is not supported.
[STDERR  ] 2017-11-15T07:41:17.443114357Z: [    6.835100] CPU feature 'AVX registers' is not supported.
[STDERR  ] 2017-11-15T07:41:17.443119972Z: [    6.835586] AVX2 or AES-NI instructions are not detected.
[STDERR  ] 2017-11-15T07:41:17.443128497Z: [    6.836040] AVX2 instructions are not detected.
[STDERR  ] 2017-11-15T07:41:17.443134467Z: [    6.843247] audit: initializing netlink subsys (disabled)
[STDERR  ] 2017-11-15T07:41:17.443140117Z: [    6.845988] audit: type=2000 audit(1510731641.840:1): initialized
[STDERR  ] 2017-11-15T07:41:17.443145652Z: [    6.853745] HugeTLB registered 2 MB page size, pre-allocated 0 pages
[STDERR  ] 2017-11-15T07:41:17.443151805Z: [    6.858957] VFS: Disk quotas dquot_6.6.0
[STDERR  ] 2017-11-15T07:41:17.4431573Z: [    6.859715] VFS: Dquot-cache hash table entries: 512 (order 0, 4096 bytes)
[STDERR  ] 2017-11-15T07:41:17.443163174Z: [    6.863491] squashfs: version 4.0 (2009/01/31) Phillip Lougher
[STDERR  ] 2017-11-15T07:41:17.443168967Z: [    6.866640] FS-Cache: Netfs 'cifs' registered for caching
[STDERR  ] 2017-11-15T07:41:17.443174692Z: [    6.867644] fuse init (API version 7.23)
[STDERR  ] 2017-11-15T07:41:17.443180272Z: [    6.869978] SGI XFS with ACLs, security attributes, no debug enabled
[STDERR  ] 2017-11-15T07:41:17.443185865Z: [    6.873091] 9p: Installing v9fs 9p2000 file system support
[STDERR  ] 2017-11-15T07:41:17.44319755Z: [    6.873598] FS-Cache: Netfs '9p' registered for caching
[STDERR  ] 2017-11-15T07:41:17.443203327Z: [    6.875389] Key type big_key registered
[STDERR  ] 2017-11-15T07:41:17.443208949Z: [    6.906240] NET: Registered protocol family 38
[STDERR  ] 2017-11-15T07:41:17.443214507Z: [    6.907001] Key type asymmetric registered
[STDERR  ] 2017-11-15T07:41:17.44322Z: [    6.907425] Asymmetric key parser 'x509' registered
[STDERR  ] 2017-11-15T07:41:17.443225624Z: [    6.908573] Block layer SCSI generic (bsg) driver version 0.4 loaded (major 251)
[STDERR  ] 2017-11-15T07:41:17.443233197Z: [    6.911573] io scheduler noop registered
[STDERR  ] 2017-11-15T07:41:17.443242194Z: [    6.911960] io scheduler deadline registered (default)
[STDERR  ] 2017-11-15T07:41:17.443250919Z: [    6.912722] io scheduler cfq registered
[STDERR  ] 2017-11-15T07:41:17.443260017Z: [    6.915443] pci_hotplug: PCI Hot Plug PCI Core version: 0.5
[STDERR  ] 2017-11-15T07:41:17.443268942Z: [    6.916214] pciehp: PCI Express Hot Plug Controller Driver version: 0.4
[STDERR  ] 2017-11-15T07:41:17.443277707Z: [    6.917223] shpchp: Standard Hot Plug PCI Controller Driver version: 0.4
[STDERR  ] 2017-11-15T07:41:17.443286792Z: [    6.918244] hv_vmbus: registering driver hyperv_fb
[STDERR  ] 2017-11-15T07:41:17.443295845Z: [    6.922480] input: Power Button as /devices/LNXSYSTM:00/LNXPWRBN:00/input/input0
[STDERR  ] 2017-11-15T07:41:17.443305732Z: [    6.923680] ACPI: Power Button [PWRF]
[STDERR  ] 2017-11-15T07:41:17.443314683Z: [    6.931871] GHES: HEST is not enabled!
[STDERR  ] 2017-11-15T07:41:17.443322413Z: [    6.941757] ACPI: PCI Interrupt Link [GSIG] enabled at IRQ 22
[STDERR  ] 2017-11-15T07:41:17.443328016Z: [    6.953776] ACPI: PCI Interrupt Link [GSIH] enabled at IRQ 23
[STDERR  ] 2017-11-15T07:41:17.443333371Z: [    6.957821] xenfs: not registering filesystem on non-xen platform
[STDERR  ] 2017-11-15T07:41:17.443338761Z: [    6.960384] Serial: 8250/16550 driver, 4 ports, IRQ sharing disabled
[STDERR  ] 2017-11-15T07:41:17.443345315Z: [    6.986022] 00:04: ttyS0 at I/O 0x3f8 (irq = 4, base_baud = 115200) is a 16550A
[STDERR  ] 2017-11-15T07:41:17.443351086Z: [    6.998177] Non-volatile memory driver v1.3
[STDERR  ] 2017-11-15T07:41:17.443356526Z: [    7.004529] Hangcheck: starting hangcheck timer 0.9.1 (tick is 180 seconds, margin is 60 seconds).
[STDERR  ] 2017-11-15T07:41:17.443362143Z: [    7.010484] random: nonblocking pool is initialized
[STDERR  ] 2017-11-15T07:41:17.443367515Z: [    7.044676] loop: module loaded
[STDERR  ] 2017-11-15T07:41:17.443377765Z: [    7.058046] nbd: registered device at major 43
[STDERR  ] 2017-11-15T07:41:17.443383458Z: [    7.095685] lpc_ich 0000:00:1f.0: I/O space for GPIO uninitialized
[STDERR  ] 2017-11-15T07:41:17.443388903Z: [    7.098110] VMware PVSCSI driver - version 1.0.5.0-k
[STDERR  ] 2017-11-15T07:41:17.443397428Z: [    7.099122] hv_vmbus: registering driver hv_storvsc
[STDERR  ] 2017-11-15T07:41:17.443403328Z: [    7.109019] ACPI: PCI Interrupt Link [GSIA] enabled at IRQ 16
[STDERR  ] 2017-11-15T07:41:17.443414026Z: [    7.117926] ahci 0000:00:1f.2: AHCI 0001.0000 32 slots 6 ports 1.5 Gbps 0x3f impl SATA mode
[STDERR  ] 2017-11-15T07:41:17.443420128Z: [    7.118746] ahci 0000:00:1f.2: flags: 64bit ncq only 
[STDERR  ] 2017-11-15T07:41:17.443425536Z: [    7.138468] scsi host0: ahci
[STDERR  ] 2017-11-15T07:41:17.443431096Z: [    7.143056] scsi host1: ahci
[STDERR  ] 2017-11-15T07:41:17.443436608Z: [    7.145341] scsi host2: ahci
[STDERR  ] 2017-11-15T07:41:17.443442073Z: [    7.147557] scsi host3: ahci
[STDERR  ] 2017-11-15T07:41:17.443447525Z: [    7.149743] scsi host4: ahci
[STDERR  ] 2017-11-15T07:41:17.443453058Z: [    7.152319] scsi host5: ahci
[STDERR  ] 2017-11-15T07:41:17.443458548Z: [    7.154263] ata1: SATA max UDMA/133 abar m4096@0xfebd2000 port 0xfebd2100 irq 24
[STDERR  ] 2017-11-15T07:41:17.443464581Z: [    7.154856] ata2: SATA max UDMA/133 abar m4096@0xfebd2000 port 0xfebd2180 irq 24
[STDERR  ] 2017-11-15T07:41:17.443470368Z: [    7.155351] ata3: SATA max UDMA/133 abar m4096@0xfebd2000 port 0xfebd2200 irq 24
[STDERR  ] 2017-11-15T07:41:17.443475925Z: [    7.155828] ata4: SATA max UDMA/133 abar m4096@0xfebd2000 port 0xfebd2280 irq 24
[STDERR  ] 2017-11-15T07:41:17.443481395Z: [    7.156360] ata5: SATA max UDMA/133 abar m4096@0xfebd2000 port 0xfebd2300 irq 24
[STDERR  ] 2017-11-15T07:41:17.443487288Z: [    7.156795] ata6: SATA max UDMA/133 abar m4096@0xfebd2000 port 0xfebd2380 irq 24
[STDERR  ] 2017-11-15T07:41:17.443493396Z: [    7.169215] tun: Universal TUN/TAP device driver, 1.6
[STDERR  ] 2017-11-15T07:41:17.44349889Z: [    7.169616] tun: (C) 1999-2004 Max Krasnyansky <maxk@qualcomm.com>
[STDERR  ] 2017-11-15T07:41:17.443504418Z: [    7.180823] VMware vmxnet3 virtual NIC driver - version 1.4.5.0-k-NAPI
[STDERR  ] 2017-11-15T07:41:17.443510496Z: [    7.182001] hv_vmbus: registering driver hv_netvsc
[STDERR  ] 2017-11-15T07:41:17.443516058Z: [    7.182397] Fusion MPT base driver 3.04.20
[STDERR  ] 2017-11-15T07:41:17.44352157Z: [    7.182693] Copyright (c) 1999-2008 LSI Corporation
[STDERR  ] 2017-11-15T07:41:17.443529061Z: [    7.183440] Fusion MPT SPI Host driver 3.04.20
[STDERR  ] 2017-11-15T07:41:17.443534751Z: [    7.185724] i8042: PNP: PS/2 Controller [PNP0303:KBD,PNP0f13:MOU] at 0x60,0x64 irq 1,12
[STDERR  ] 2017-11-15T07:41:17.443540506Z: [    7.190659] serio: i8042 KBD port at 0x60,0x64 irq 1
[STDERR  ] 2017-11-15T07:41:17.4435461Z: [    7.191424] serio: i8042 AUX port at 0x60,0x64 irq 12
[STDERR  ] 2017-11-15T07:41:17.443557163Z: [    7.194579] hv_vmbus: registering driver hyperv_keyboard
[STDERR  ] 2017-11-15T07:41:17.443563045Z: [    7.196840] mousedev: PS/2 mouse device common for all mice
[STDERR  ] 2017-11-15T07:41:17.443568558Z: [    7.202098] input: AT Translated Set 2 keyboard as /devices/platform/i8042/serio0/input/input1
[STDERR  ] 2017-11-15T07:41:17.44357916Z: [    7.205166] input: PC Speaker as /devices/platform/pcspkr/input/input2
[STDERR  ] 2017-11-15T07:41:17.443585095Z: [    7.208932] rtc_cmos 00:00: RTC can wake from S4
[STDERR  ] 2017-11-15T07:41:17.443594751Z: [    7.212649] rtc_cmos 00:00: rtc core: registered rtc_cmos as rtc0
[STDERR  ] 2017-11-15T07:41:17.443600508Z: [    7.214006] rtc_cmos 00:00: alarms up to one day, y3k, 114 bytes nvram, hpet irqs
[STDERR  ] 2017-11-15T07:41:17.443606241Z: [    7.214791] i2c /dev entries driver
[STDERR  ] 2017-11-15T07:41:17.443611751Z: [    7.216867] device-mapper: ioctl: 4.34.0-ioctl (2015-10-28) initialised: dm-devel@redhat.com
[STDERR  ] 2017-11-15T07:41:17.443617591Z: [    7.222374] usbcore: registered new interface driver usbhid
[STDERR  ] 2017-11-15T07:41:17.443626788Z: [    7.222851] usbhid: USB HID core driver
[STDERR  ] 2017-11-15T07:41:17.443632376Z: [    7.223493] hv_utils: Registering HyperV Utility Driver
[STDERR  ] 2017-11-15T07:41:17.443638023Z: [    7.223848] hv_vmbus: registering driver hv_util
[STDERR  ] 2017-11-15T07:41:17.443646358Z: [    7.224226] hv_vmbus: registering driver hv_balloon
[STDERR  ] 2017-11-15T07:41:17.443652061Z: [    7.224887] oprofile: using NMI interrupt.
[STDERR  ] 2017-11-15T07:41:17.443657623Z: [    7.226140] GACT probability on
[STDERR  ] 2017-11-15T07:41:17.443663176Z: [    7.226571] Mirror/redirect action on
[STDERR  ] 2017-11-15T07:41:17.443668745Z: [    7.227114] Simple TC action Loaded
[STDERR  ] 2017-11-15T07:41:17.443674111Z: [    7.227556] u32 classifier
[STDERR  ] 2017-11-15T07:41:17.44367963Z: [    7.227778]     Performance counters on
[STDERR  ] 2017-11-15T07:41:17.443685078Z: [    7.228062]     input device check on
[STDERR  ] 2017-11-15T07:41:17.44369068Z: [    7.228305]     Actions configured
[STDERR  ] 2017-11-15T07:41:17.44369621Z: [    7.229168] Netfilter messages via NETLINK v0.30.
[STDERR  ] 2017-11-15T07:41:17.443701848Z: [    7.230626] nfnl_acct: registering with nfnetlink.
[STDERR  ] 2017-11-15T07:41:17.44370735Z: [    7.231757] nf_conntrack version 0.5.0 (7922 buckets, 31688 max)
[STDERR  ] 2017-11-15T07:41:17.443713228Z: [    7.235284] ctnetlink v0.93: registering with nfnetlink.
[STDERR  ] 2017-11-15T07:41:17.443718711Z: [    7.238587] nf_tables: (c) 2007-2009 Patrick McHardy <kaber@trash.net>
[STDERR  ] 2017-11-15T07:41:17.443724598Z: [    7.239483] nf_tables_compat: (c) 2012 Pablo Neira Ayuso <pablo@netfilter.org>
[STDERR  ] 2017-11-15T07:41:17.443730346Z: [    7.243121] xt_time: kernel timezone is -0000
[STDERR  ] 2017-11-15T07:41:17.443735975Z: [    7.243728] ip_set: protocol 6
[STDERR  ] 2017-11-15T07:41:17.443741335Z: [    7.244645] IPVS: Registered protocols (TCP, UDP, SCTP, AH, ESP)
[STDERR  ] 2017-11-15T07:41:17.443746813Z: [    7.245438] IPVS: Connection hash table configured (size=4096, memory=64Kbytes)
[STDERR  ] 2017-11-15T07:41:17.443752616Z: [    7.247329] IPVS: Creating netns size=2096 id=0
[STDERR  ] 2017-11-15T07:41:17.443758211Z: [    7.249793] IPVS: ipvs loaded.
[STDERR  ] 2017-11-15T07:41:17.443763598Z: [    7.250623] IPVS: [rr] scheduler registered.
[STDERR  ] 2017-11-15T07:41:17.443769108Z: [    7.250975] IPVS: [wrr] scheduler registered.
[STDERR  ] 2017-11-15T07:41:17.443774455Z: [    7.251334] IPVS: [lc] scheduler registered.
[STDERR  ] 2017-11-15T07:41:17.443779811Z: [    7.251669] IPVS: [wlc] scheduler registered.
[STDERR  ] 2017-11-15T07:41:17.443785256Z: [    7.252041] IPVS: [fo] scheduler registered.
[STDERR  ] 2017-11-15T07:41:17.443790675Z: [    7.252426] IPVS: [ovf] scheduler registered.
[STDERR  ] 2017-11-15T07:41:17.443802081Z: [    7.252994] IPVS: [lblc] scheduler registered.
[STDERR  ] 2017-11-15T07:41:17.443812456Z: [    7.253551] IPVS: [lblcr] scheduler registered.
[STDERR  ] 2017-11-15T07:41:17.44381809Z: [    7.253966] IPVS: [dh] scheduler registered.
[STDERR  ] 2017-11-15T07:41:17.443827628Z: [    7.254322] IPVS: [sh] scheduler registered.
[STDERR  ] 2017-11-15T07:41:17.443833326Z: [    7.254667] IPVS: [sed] scheduler registered.
[STDERR  ] 2017-11-15T07:41:17.443838735Z: [    7.255004] IPVS: [nq] scheduler registered.
[STDERR  ] 2017-11-15T07:41:17.443844138Z: [    7.255879] IPVS: ftp: loaded support on port[0] = 21
[STDERR  ] 2017-11-15T07:41:17.44384953Z: [    7.256776] ipip: IPv4 over IPv4 tunneling driver
[STDERR  ] 2017-11-15T07:41:17.443855088Z: [    7.261224] gre: GRE over IPv4 demultiplexor driver
[STDERR  ] 2017-11-15T07:41:17.443860705Z: [    7.264684] ip_tables: (C) 2000-2006 Netfilter Core Team
[STDERR  ] 2017-11-15T07:41:17.443866185Z: [    7.268015] ipt_CLUSTERIP: ClusterIP Version 0.8 loaded successfully
[STDERR  ] 2017-11-15T07:41:17.44387205Z: [    7.268907] arp_tables: (C) 2002 David S. Miller
[STDERR  ] 2017-11-15T07:41:17.443877613Z: [    7.271926] NET: Registered protocol family 10
[STDERR  ] 2017-11-15T07:41:17.443886056Z: [    7.280964] ip6_tables: (C) 2000-2006 Netfilter Core Team
[STDERR  ] 2017-11-15T07:41:17.443891948Z: [    7.289135] NET: Registered protocol family 17
[STDERR  ] 2017-11-15T07:41:17.443897678Z: [    7.290865] bridge: automatic filtering via arp/ip/ip6tables has been deprecated. Update your scripts to load br_netfilter if you need this.
[STDERR  ] 2017-11-15T07:41:17.4439071Z: [    7.292295] Bridge firewalling registered
[STDERR  ] 2017-11-15T07:41:17.443912742Z: [    7.293084] Ebtables v2.0 registered
[STDERR  ] 2017-11-15T07:41:17.443918107Z: [    7.295631] 8021q: 802.1Q VLAN Support v1.8
[STDERR  ] 2017-11-15T07:41:17.443923536Z: [    7.297213] 9pnet: Installing 9P2000 support
[STDERR  ] 2017-11-15T07:41:17.443928979Z: [    7.298987] Key type dns_resolver registered
[STDERR  ] 2017-11-15T07:41:17.443934566Z: [    7.299657] microcode: AMD CPU family 0x6 not supported
[STDERR  ] 2017-11-15T07:41:17.443940097Z: [    7.304350] registered taskstats version 1
[STDERR  ] 2017-11-15T07:41:17.443945679Z: [    7.448385] Key type encrypted registered
[STDERR  ] 2017-11-15T07:41:17.443951119Z: [    7.455741] rtc_cmos 00:00: setting system clock to 2017-11-15 07:40:43 UTC (1510731643)
[STDERR  ] 2017-11-15T07:41:17.443956849Z: [    7.511265] ata2: SATA link down (SStatus 0 SControl 300)
[STDERR  ] 2017-11-15T07:41:17.443962432Z: [    7.514503] ata3: SATA link up 1.5 Gbps (SStatus 113 SControl 300)
[STDERR  ] 2017-11-15T07:41:17.443970164Z: [    7.518633] ata3.00: ATAPI: QEMU DVD-ROM, 2.5+, max UDMA/100
[STDERR  ] 2017-11-15T07:41:17.443975897Z: [    7.519235] ata3.00: applying bridge limits
[STDERR  ] 2017-11-15T07:41:17.443981454Z: [    7.521088] ata4: SATA link down (SStatus 0 SControl 300)
[STDERR  ] 2017-11-15T07:41:17.443998899Z: [    7.521709] ata1: SATA link down (SStatus 0 SControl 300)
[STDERR  ] 2017-11-15T07:41:17.444005154Z: [    7.522571] ata5: SATA link down (SStatus 0 SControl 300)
[STDERR  ] 2017-11-15T07:41:17.444010726Z: [    7.522924] ata6: SATA link down (SStatus 0 SControl 300)
[STDERR  ] 2017-11-15T07:41:17.444016332Z: [    7.524309] ata3.00: configured for UDMA/100
[STDERR  ] 2017-11-15T07:41:17.444021799Z: [    7.536887] scsi 2:0:0:0: CD-ROM            QEMU     QEMU DVD-ROM     2.5+ PQ: 0 ANSI: 5
[STDERR  ] 2017-11-15T07:41:17.444027471Z: [    7.553192] sr 2:0:0:0: [sr0] scsi3-mmc drive: 4x/4x cd/rw xa/form2 tray
[STDERR  ] 2017-11-15T07:41:17.444033602Z: [    7.553950] cdrom: Uniform CD-ROM driver Revision: 3.20
[STDERR  ] 2017-11-15T07:41:17.444039181Z: [    7.561303] sr 2:0:0:0: Attached scsi generic sg0 type 5
[STDERR  ] 2017-11-15T07:41:17.444044497Z: [    7.703135] Freeing unused kernel memory: 1296K
[STDERR  ] 2017-11-15T07:41:17.444049991Z: [    7.703579] Write protecting the kernel read-only data: 12288k
[STDERR  ] 2017-11-15T07:41:17.444055596Z: [    7.714784] Freeing unused kernel memory: 552K
[STDERR  ] 2017-11-15T07:41:17.444061174Z: [    7.847295] Freeing unused kernel memory: 1396K
[STDERR  ] 2017-11-15T07:41:17.444066547Z: [    7.848126] tsc: Refined TSC clocksource calibration: 2599.998 MHz
[STDERR  ] 2017-11-15T07:41:17.444072074Z: [    7.848645] clocksource: tsc: mask: 0xffffffffffffffff max_cycles: 0x257a3a7b45f, max_idle_ns: 440795312762 ns
[STDERR  ] 2017-11-15T07:41:17.444077699Z: [    8.849439] clocksource: Switched to clocksource tsc
[STDERR  ] 2017-11-15T07:41:17.444083114Z: 
[STDERR  ] 2017-11-15T07:41:17.444088776Z: Welcome to LinuxKit
[STDERR  ] 2017-11-15T07:41:17.444094651Z: 
[STDERR  ] 2017-11-15T07:41:17.444099926Z:                         ##         .
[STDERR  ] 2017-11-15T07:41:17.444105552Z:                   ## ## ##        ==
[STDERR  ] 2017-11-15T07:41:17.444110919Z:                ## ## ## ## ##    ===
[STDERR  ] 2017-11-15T07:41:17.444116329Z:            /"""""""""""""""""\___/ ===
[STDERR  ] 2017-11-15T07:41:17.444121777Z:           {                       /  ===-
[STDERR  ] 2017-11-15T07:41:17.444131489Z:            \______ O           __/
[STDERR  ] 2017-11-15T07:41:17.444137269Z:              \    \         __/
[STDERR  ] 2017-11-15T07:41:17.444155109Z:               \____\_______/
[STDERR  ] 2017-11-15T07:41:17.444160656Z: 
[STDERR  ] 2017-11-15T07:41:17.444166254Z: starting kernel config sanity test with /proc/config.gz
[STDERR  ] 2017-11-15T07:41:17.444171679Z: [   20.724433] RPC: Registered named UNIX socket transport module.
[STDERR  ] 2017-11-15T07:41:17.444179959Z: [   20.724843] RPC: Registered udp transport module.
[STDERR  ] 2017-11-15T07:41:17.444185642Z: [   20.725303] RPC: Registered tcp transport module.
[STDERR  ] 2017-11-15T07:41:17.444191131Z: [   20.725634] RPC: Registered tcp NFSv4.1 backchannel transport module.
[STDERR  ] 2017-11-15T07:41:17.444196632Z: [   20.824208] FS-Cache: Netfs 'nfs' registered for caching
[STDERR  ] 2017-11-15T07:41:17.444202259Z: [   20.918935] Installing knfsd (copyright (C) 1996 okir@monad.swb.de).
[STDERR  ] 2017-11-15T07:41:17.444207901Z: [   20.970671] ntfs: driver 2.1.32 [Flags: R/O MODULE].
[STDERR  ] 2017-11-15T07:41:17.444218789Z: kernel config test succeeded!
[STDERR  ] 2017-11-15T07:41:17.444224389Z: [37minfo: reading kernel config from /proc/config.gz ...[m
[STDERR  ] 2017-11-15T07:41:17.444229767Z: 
[STDERR  ] 2017-11-15T07:41:17.444235131Z: Generally Necessary:
[STDERR  ] 2017-11-15T07:41:17.444243274Z: - [37mcgroup hierarchy[m: [32mproperly mounted[m [/sys/fs/cgroup]
[STDERR  ] 2017-11-15T07:41:17.444248824Z: - [37mCONFIG_NAMESPACES[m: [32menabled[m
[STDERR  ] 2017-11-15T07:41:17.444254294Z: - [37mCONFIG_NET_NS[m: [32menabled[m
[STDERR  ] 2017-11-15T07:41:17.444259727Z: - [37mCONFIG_PID_NS[m: [32menabled[m
[STDERR  ] 2017-11-15T07:41:17.444265539Z: - [37mCONFIG_IPC_NS[m: [32menabled[m
[STDERR  ] 2017-11-15T07:41:17.444270947Z: - [37mCONFIG_UTS_NS[m: [32menabled[m
[STDERR  ] 2017-11-15T07:41:17.444276429Z: - [37mCONFIG_CGROUPS[m: [32menabled[m
[STDERR  ] 2017-11-15T07:41:17.444281769Z: - [37mCONFIG_CGROUP_CPUACCT[m: [32menabled[m
[STDERR  ] 2017-11-15T07:41:17.444287196Z: - [37mCONFIG_CGROUP_DEVICE[m: [32menabled[m
[STDERR  ] 2017-11-15T07:41:17.444292699Z: - [37mCONFIG_CGROUP_FREEZER[m: [32menabled[m
[STDERR  ] 2017-11-15T07:41:17.444298344Z: - [37mCONFIG_CGROUP_SCHED[m: [32menabled[m
[STDERR  ] 2017-11-15T07:41:17.444303786Z: - [37mCONFIG_CPUSETS[m: [32menabled[m
[STDERR  ] 2017-11-15T07:41:17.444309244Z: - [37mCONFIG_MEMCG[m: [32menabled[m
[STDERR  ] 2017-11-15T07:41:17.444314621Z: - [37mCONFIG_KEYS[m: [32menabled[m
[STDERR  ] 2017-11-15T07:41:17.444320111Z: - [37mCONFIG_VETH[m: [32menabled[m
[STDERR  ] 2017-11-15T07:41:17.444325579Z: - [37mCONFIG_BRIDGE[m: [32menabled[m
[STDERR  ] 2017-11-15T07:41:17.444330952Z: - [37mCONFIG_BRIDGE_NETFILTER[m: [32menabled[m
[STDERR  ] 2017-11-15T07:41:17.444336319Z: - [37mCONFIG_NF_NAT_IPV4[m: [32menabled[m
[STDERR  ] 2017-11-15T07:41:17.444341714Z: - [37mCONFIG_IP_NF_FILTER[m: [32menabled[m
[STDERR  ] 2017-11-15T07:41:17.444347026Z: - [37mCONFIG_IP_NF_TARGET_MASQUERADE[m: [32menabled[m
[STDERR  ] 2017-11-15T07:41:17.444352612Z: - [37mCONFIG_NETFILTER_XT_MATCH_ADDRTYPE[m: [32menabled[m
[STDERR  ] 2017-11-15T07:41:17.444358121Z: - [37mCONFIG_NETFILTER_XT_MATCH_CONNTRACK[m: [32menabled[m
[STDERR  ] 2017-11-15T07:41:17.444363627Z: - [37mCONFIG_NETFILTER_XT_MATCH_IPVS[m: [32menabled[m
[STDERR  ] 2017-11-15T07:41:17.444369152Z: - [37mCONFIG_IP_NF_NAT[m: [32menabled[m
[STDERR  ] 2017-11-15T07:41:17.444378747Z: - [37mCONFIG_NF_NAT[m: [32menabled[m
[STDERR  ] 2017-11-15T07:41:17.444384602Z: - [37mCONFIG_NF_NAT_NEEDED[m: [32menabled[m
[STDERR  ] 2017-11-15T07:41:17.444390729Z: - [37mCONFIG_POSIX_MQUEUE[m: [32menabled[m
[STDERR  ] 2017-11-15T07:41:17.444396374Z: - [37mCONFIG_DEVPTS_MULTIPLE_INSTANCES[m: [32menabled[m
[STDERR  ] 2017-11-15T07:41:17.444402057Z: 
[STDERR  ] 2017-11-15T07:41:17.444407489Z: Optional Features:
[STDERR  ] 2017-11-15T07:41:17.444413742Z: - [37mCONFIG_USER_NS[m: [32menabled[m
[STDERR  ] 2017-11-15T07:41:17.444419262Z: - [37mCONFIG_SECCOMP[m: [32menabled[m
[STDERR  ] 2017-11-15T07:41:17.444424696Z: - [37mCONFIG_CGROUP_PIDS[m: [32menabled[m
[STDERR  ] 2017-11-15T07:41:17.444433674Z: - [37mCONFIG_MEMCG_SWAP[m: [32menabled[m
[STDERR  ] 2017-11-15T07:41:17.444439699Z: - [37mCONFIG_MEMCG_SWAP_ENABLED[m: [32menabled[m
[STDERR  ] 2017-11-15T07:41:17.444445176Z:     [1;30m(cgroup swap accounting is currently enabled)[m
[STDERR  ] 2017-11-15T07:41:17.444457931Z: - [1mCONFIG_LEGACY_VSYSCALL_NONE[m: [1;31menabled[m
[STDERR  ] 2017-11-15T07:41:17.444463799Z:     [1;30m(containers using eglibc <= 2.13 will not work. Switch to[m
[STDERR  ] 2017-11-15T07:41:17.444470499Z:     [1;30m "CONFIG_VSYSCALL_[NATIVE|EMULATE]" or use "vsyscall=[native|emulate]"[m
[STDERR  ] 2017-11-15T07:41:17.444476329Z:     [1;30m on kernel command line. Note that this will disable ASLR for the,[m
[STDERR  ] 2017-11-15T07:41:17.444483671Z:     [1;30m VDSO which may assist in exploiting security vulnerabilities.)[m
[STDERR  ] 2017-11-15T07:41:17.444489317Z: - [37mCONFIG_MEMCG_KMEM[m: [32menabled[m
[STDERR  ] 2017-11-15T07:41:17.444495021Z: - [37mCONFIG_BLK_CGROUP[m: [32menabled[m
[STDERR  ] 2017-11-15T07:41:17.444500476Z: - [37mCONFIG_BLK_DEV_THROTTLING[m: [32menabled[m
[STDERR  ] 2017-11-15T07:41:17.444506169Z: - [37mCONFIG_IOSCHED_CFQ[m: [32menabled[m
[STDERR  ] 2017-11-15T07:41:17.44451162Z: - [37mCONFIG_CFQ_GROUP_IOSCHED[m: [32menabled[m
[STDERR  ] 2017-11-15T07:41:17.444517317Z: - [37mCONFIG_CGROUP_PERF[m: [32menabled[m
[STDERR  ] 2017-11-15T07:41:17.444522808Z: - [37mCONFIG_CGROUP_HUGETLB[m: [32menabled[m
[STDERR  ] 2017-11-15T07:41:17.444528313Z: - [37mCONFIG_NET_CLS_CGROUP[m: [32menabled[m
[STDERR  ] 2017-11-15T07:41:17.444533847Z: - [37mCONFIG_CGROUP_NET_PRIO[m: [32menabled[m
[STDERR  ] 2017-11-15T07:41:17.444539488Z: - [37mCONFIG_CFS_BANDWIDTH[m: [32menabled[m
[STDERR  ] 2017-11-15T07:41:17.444545022Z: - [37mCONFIG_FAIR_GROUP_SCHED[m: [32menabled[m
[STDERR  ] 2017-11-15T07:41:17.444550632Z: - [37mCONFIG_RT_GROUP_SCHED[m: [32menabled[m
[STDERR  ] 2017-11-15T07:41:17.44455616Z: - [37mCONFIG_IP_VS[m: [32menabled[m
[STDERR  ] 2017-11-15T07:41:17.444564557Z: - [37mCONFIG_IP_VS_NFCT[m: [32menabled[m
[STDERR  ] 2017-11-15T07:41:17.444570183Z: - [37mCONFIG_IP_VS_RR[m: [32menabled[m
[STDERR  ] 2017-11-15T07:41:17.4445758Z: - [37mCONFIG_EXT4_FS[m: [32menabled[m
[STDERR  ] 2017-11-15T07:41:17.44458339Z: - [37mCONFIG_EXT4_FS_POSIX_ACL[m: [32menabled[m
[STDERR  ] 2017-11-15T07:41:17.444589122Z: - [37mCONFIG_EXT4_FS_SECURITY[m: [32menabled[m
[STDERR  ] 2017-11-15T07:41:17.444594575Z: - Network Drivers:
[STDERR  ] 2017-11-15T07:41:17.444600282Z:   - "[34moverlay[m":
[STDERR  ] 2017-11-15T07:41:17.444607708Z:     - [37mCONFIG_VXLAN[m: [32menabled[m
[STDERR  ] 2017-11-15T07:41:17.44461325Z:       Optional (for encrypted networks):
[STDERR  ] 2017-11-15T07:41:17.44461889Z:       - [37mCONFIG_CRYPTO[m: [32menabled[m
[STDERR  ] 2017-11-15T07:41:17.444624423Z:       - [37mCONFIG_CRYPTO_AEAD[m: [32menabled[m
[STDERR  ] 2017-11-15T07:41:17.444629948Z:       - [37mCONFIG_CRYPTO_GCM[m: [32menabled[m
[STDERR  ] 2017-11-15T07:41:17.444635457Z:       - [37mCONFIG_CRYPTO_SEQIV[m: [32menabled[m
[STDERR  ] 2017-11-15T07:41:17.444640822Z:       - [37mCONFIG_CRYPTO_GHASH[m: [32menabled[m
[STDERR  ] 2017-11-15T07:41:17.4446463Z:       - [37mCONFIG_XFRM[m: [32menabled[m
[STDERR  ] 2017-11-15T07:41:17.444651778Z:       - [37mCONFIG_XFRM_USER[m: [32menabled (as module)[m
[STDERR  ] 2017-11-15T07:41:17.444657238Z:       - [37mCONFIG_XFRM_ALGO[m: [32menabled (as module)[m
[STDERR  ] 2017-11-15T07:41:17.444662627Z:       - [37mCONFIG_INET_ESP[m: [32menabled (as module)[m
[STDERR  ] 2017-11-15T07:41:17.444668065Z:       - [37mCONFIG_INET_XFRM_MODE_TRANSPORT[m: [32menabled (as module)[m
[STDERR  ] 2017-11-15T07:41:17.44467352Z:   - "[34mipvlan[m":
[STDERR  ] 2017-11-15T07:41:17.444679003Z:     - [37mCONFIG_IPVLAN[m: [32menabled[m
[STDERR  ] 2017-11-15T07:41:17.444684355Z:   - "[34mmacvlan[m":
[STDERR  ] 2017-11-15T07:41:17.444689857Z:     - [37mCONFIG_MACVLAN[m: [32menabled[m
[STDERR  ] 2017-11-15T07:41:17.444698838Z:     - [37mCONFIG_DUMMY[m: [32menabled (as module)[m
[STDERR  ] 2017-11-15T07:41:17.44470442Z:   - "[34mftp,tftp client in container[m":
[STDERR  ] 2017-11-15T07:41:17.44470988Z:     - [37mCONFIG_NF_NAT_FTP[m: [32menabled[m
[STDERR  ] 2017-11-15T07:41:17.444718053Z:     - [37mCONFIG_NF_CONNTRACK_FTP[m: [32menabled[m
[STDERR  ] 2017-11-15T07:41:17.444723785Z:     - [37mCONFIG_NF_NAT_TFTP[m: [32menabled[m
[STDERR  ] 2017-11-15T07:41:17.444729275Z:     - [37mCONFIG_NF_CONNTRACK_TFTP[m: [32menabled[m
[STDERR  ] 2017-11-15T07:41:17.44473466Z: - Storage Drivers:
[STDERR  ] 2017-11-15T07:41:17.444740288Z:   - "[34maufs[m":
[STDERR  ] 2017-11-15T07:41:17.444745753Z:     - [1mCONFIG_AUFS_FS[m: [1;31mmissing[m
[STDERR  ] 2017-11-15T07:41:17.444751373Z:   - "[34mbtrfs[m":
[STDERR  ] 2017-11-15T07:41:17.444756745Z:     - [37mCONFIG_BTRFS_FS[m: [32menabled (as module)[m
[STDERR  ] 2017-11-15T07:41:17.444762175Z:     - [37mCONFIG_BTRFS_FS_POSIX_ACL[m: [32menabled[m
[STDERR  ] 2017-11-15T07:41:17.444767717Z:   - "[34mdevicemapper[m":
[STDERR  ] 2017-11-15T07:41:17.444773163Z:     - [37mCONFIG_BLK_DEV_DM[m: [32menabled[m
[STDERR  ] 2017-11-15T07:41:17.44477861Z:     - [37mCONFIG_DM_THIN_PROVISIONING[m: [32menabled[m
[STDERR  ] 2017-11-15T07:41:17.444784123Z:   - "[34moverlay[m":
[STDERR  ] 2017-11-15T07:41:17.444791925Z:     - [37mCONFIG_OVERLAY_FS[m: [32menabled[m
[STDERR  ] 2017-11-15T07:41:17.444800718Z:   - "[34mzfs[m":
[STDERR  ] 2017-11-15T07:41:17.44480904Z:     - [1m/dev/zfs[m: [1;31mmissing[m
[STDERR  ] 2017-11-15T07:41:17.444821863Z:     - [1mzfs command[m: [1;31mmissing[m
[STDERR  ] 2017-11-15T07:41:17.444831153Z:     - [1mzpool command[m: [1;31mmissing[m
[STDERR  ] 2017-11-15T07:41:17.444840752Z: 
[STDERR  ] 2017-11-15T07:41:17.444850197Z: Limits:
[STDERR  ] 2017-11-15T07:41:17.444858805Z: [37m- /proc/sys/kernel/keys/root_maxkeys[m: [32m1000000[m
[STDERR  ] 2017-11-15T07:41:17.44486568Z: 
[STDERR  ] 2017-11-15T07:41:17.44487126Z: Kernel config test suite PASSED
[STDERR  ] 2017-11-15T07:41:17.44487675Z: [   40.565000] ACPI: Preparing to enter system sleep state S5
[STDERR  ] 2017-11-15T07:41:17.444882222Z: [   40.571973] reboot: Power down
[STDERR  ] 2017-11-15T07:41:17.444950668Z: + exit 0
[STDERR  ] 2017-11-15T07:41:17.4449773Z: + clean_up
[STDERR  ] 2017-11-15T07:41:17.445041458Z: + rm -rf kconfig-cmdline kconfig-initrd.img kconfig-kernel kconfig-state
[PASS    ] linuxkit.kernel.config_4.4.x 60.71s
