[INFO    ] 2019-06-10T09:22:05.288848583Z: Running Test linuxkit.packages.extend.ext4 in /tmp/build/test/cases/040_packages/005_extend/000_ext4
[INFO    ] 2019-06-10T09:22:05.288998442Z: Running command: [/bin/sh -x /tmp/build/test/cases/040_packages/005_extend/000_ext4/test.sh]
[STDERR  ] 2019-06-10T09:22:05.389790668Z: + set -ex
[STDERR  ] 2019-06-10T09:22:05.390045563Z: + . /tmp/build/test/cases/_lib/lib.sh
[STDERR  ] 2019-06-10T09:22:05.390140189Z: + [ -f src/github.com/linuxkit/rtf/lib/lib.sh ]
[STDERR  ] 2019-06-10T09:22:05.390210114Z: + LINUXKIT_TMPDIR=/tmp/build/test/cases/_tmp
[STDERR  ] 2019-06-10T09:22:05.390258560Z: + [ -f /tmp/build/test/cases/_tmp/env.sh ]
[STDERR  ] 2019-06-10T09:22:05.390324769Z: + . /tmp/build/test/cases/_tmp/env.sh
[STDERR  ] 2019-06-10T09:22:05.390400294Z: + export LINUXKIT_EXAMPLES_DIR=/tmp/build/test/cases/../../examples
[STDERR  ] 2019-06-10T09:22:05.390455545Z: + RT_CANCEL=253
[STDERR  ] 2019-06-10T09:22:05.390538531Z: + NAME_CREATE=create-ext4
[STDERR  ] 2019-06-10T09:22:05.390608481Z: + NAME_EXTEND=extend-ext4
[STDERR  ] 2019-06-10T09:22:05.390727343Z: + DISK=disk.img
[STDERR  ] 2019-06-10T09:22:05.390807891Z: + trap clean_up EXIT
[STDERR  ] 2019-06-10T09:22:05.390884506Z: + linuxkit build -name create-ext4 -format kernel+initrd test-create.yml
[STDERR  ] 2019-06-10T09:22:05.423029741Z: Extract kernel image: linuxkit/kernel:4.19.49
[STDERR  ] 2019-06-10T09:22:07.359106457Z: Add init containers:
[STDERR  ] 2019-06-10T09:22:07.359184534Z: Process init image: linuxkit/init:v0.7
[STDERR  ] 2019-06-10T09:22:08.535938855Z: Process init image: linuxkit/runc:c1f0db27e71d948f3134b31ce76276f843849b0a
[STDERR  ] 2019-06-10T09:22:09.674343982Z: Add onboot containers:
[STDERR  ] 2019-06-10T09:22:09.674407029Z:   Create OCI config for linuxkit/format:v0.7
[STDERR  ] 2019-06-10T09:22:13.080150715Z:   Create OCI config for linuxkit/mount:v0.7
[STDERR  ] 2019-06-10T09:22:15.694220452Z:   Create OCI config for alpine:3.9
[STDERR  ] 2019-06-10T09:22:16.877011298Z:   Create OCI config for linuxkit/poweroff:b498d30dd9660090565537fceb9e757618737a85
[STDERR  ] 2019-06-10T09:22:18.035944809Z: Create outputs:
[STDERR  ] 2019-06-10T09:22:25.151950025Z:   create-ext4-kernel create-ext4-initrd.img create-ext4-cmdline
[STDERR  ] 2019-06-10T09:22:25.225018615Z: + linuxkit run -disk file=disk.img,format=raw,size=256M create-ext4
[STDOUT  ] 2019-06-10T09:22:26.099423649Z: [    0.000000] Linux version 4.19.49-linuxkit (root@fed2e0f7a11b) (gcc version 8.3.0 (Alpine 8.3.0)) #1 SMP Sun Jun 9 23:48:25 UTC 2019
[STDOUT  ] 2019-06-10T09:22:26.104265801Z: [    0.000000] Command line: console=ttyS0 console=ttyAMA0
[STDOUT  ] 2019-06-10T09:22:26.108249949Z: [    0.000000] x86/fpu: x87 FPU will use FXSAVE
[STDOUT  ] 2019-06-10T09:22:26.112112810Z: [    0.000000] BIOS-provided physical RAM map:
[STDOUT  ] 2019-06-10T09:22:26.118396902Z: [    0.000000] BIOS-e820: [mem 0x0000000000000000-0x000000000009fbff] usable
[STDOUT  ] 2019-06-10T09:22:26.124848243Z: [    0.000000] BIOS-e820: [mem 0x000000000009fc00-0x000000000009ffff] reserved
[STDOUT  ] 2019-06-10T09:22:26.131220163Z: [    0.000000] BIOS-e820: [mem 0x00000000000f0000-0x00000000000fffff] reserved
[STDOUT  ] 2019-06-10T09:22:26.137475613Z: [    0.000000] BIOS-e820: [mem 0x0000000000100000-0x000000003ffdefff] usable
[STDOUT  ] 2019-06-10T09:22:26.143853103Z: [    0.000000] BIOS-e820: [mem 0x000000003ffdf000-0x000000003fffffff] reserved
[STDOUT  ] 2019-06-10T09:22:26.150219154Z: [    0.000000] BIOS-e820: [mem 0x00000000b0000000-0x00000000bfffffff] reserved
[STDOUT  ] 2019-06-10T09:22:26.156624906Z: [    0.000000] BIOS-e820: [mem 0x00000000fed1c000-0x00000000fed1ffff] reserved
[STDOUT  ] 2019-06-10T09:22:26.162996051Z: [    0.000000] BIOS-e820: [mem 0x00000000feffc000-0x00000000feffffff] reserved
[STDOUT  ] 2019-06-10T09:22:26.169423986Z: [    0.000000] BIOS-e820: [mem 0x00000000fffc0000-0x00000000ffffffff] reserved
[STDOUT  ] 2019-06-10T09:22:26.173910490Z: [    0.000000] NX (Execute Disable) protection: active
[STDOUT  ] 2019-06-10T09:22:26.176838349Z: [    0.000000] SMBIOS 2.8 present.
[STDOUT  ] 2019-06-10T09:22:26.183443546Z: [    0.000000] DMI: QEMU Standard PC (Q35 + ICH9, 2009), BIOS 1.10.2-1 04/01/2014
[STDOUT  ] 2019-06-10T09:22:26.186822792Z: [    0.000000] Hypervisor detected: KVM
[STDOUT  ] 2019-06-10T09:22:26.191622677Z: [    0.000000] kvm-clock: Using msrs 4b564d01 and 4b564d00
[STDOUT  ] 2019-06-10T09:22:26.196881291Z: [    0.554451] kvm-clock: cpu 0, msr 3181c001, primary cpu clock
[STDOUT  ] 2019-06-10T09:22:26.206561720Z: [    0.554452] clocksource: kvm-clock: mask: 0xffffffffffffffff max_cycles: 0x1cd42e4dffb, max_idle_ns: 881590591483 ns
[STDOUT  ] 2019-06-10T09:22:26.210855469Z: [    0.554461] tsc: Detected 2299.792 MHz processor
[STDOUT  ] 2019-06-10T09:22:26.215762368Z: [    0.557642] last_pfn = 0x3ffdf max_arch_pfn = 0x400000000
[STDOUT  ] 2019-06-10T09:22:26.219844213Z: [    0.558282] x86/PAT: PAT not supported by CPU.
[STDOUT  ] 2019-06-10T09:22:26.226139227Z: [    0.558337] x86/PAT: Configuration [0-7]: WB  WT  UC- UC  WB  WT  UC- UC  
[STDOUT  ] 2019-06-10T09:22:26.231354252Z: [    0.568763] found SMP MP-table at [mem 0x000f6a90-0x000f6a9f]
[STDOUT  ] 2019-06-10T09:22:26.235604361Z: [    0.569111] RAMDISK: [mem 0x3d6a9000-0x3ffcffff]
[STDOUT  ] 2019-06-10T09:22:26.240764826Z: [    0.569316] ACPI: Early table checksum verification disabled
[STDOUT  ] 2019-06-10T09:22:26.246043995Z: [    0.569438] ACPI: RSDP 0x00000000000F68D0 000014 (v00 BOCHS )
[STDOUT  ] 2019-06-10T09:22:26.253820491Z: [    0.569449] ACPI: RSDT 0x000000003FFE2404 000034 (v01 BOCHS  BXPCRSDT 00000001 BXPC 00000001)
[STDOUT  ] 2019-06-10T09:22:26.261570383Z: [    0.569466] ACPI: FACP 0x000000003FFE22A4 000074 (v01 BOCHS  BXPCFACP 00000001 BXPC 00000001)
[STDOUT  ] 2019-06-10T09:22:26.269272188Z: [    0.569473] ACPI: DSDT 0x000000003FFE0040 002264 (v01 BOCHS  BXPCDSDT 00000001 BXPC 00000001)
[STDOUT  ] 2019-06-10T09:22:26.273451140Z: [    0.569477] ACPI: FACS 0x000000003FFE0000 000040
[STDOUT  ] 2019-06-10T09:22:26.281009268Z: [    0.569481] ACPI: APIC 0x000000003FFE2318 000078 (v01 BOCHS  BXPCAPIC 00000001 BXPC 00000001)
[STDOUT  ] 2019-06-10T09:22:26.288616076Z: [    0.569485] ACPI: HPET 0x000000003FFE2390 000038 (v01 BOCHS  BXPCHPET 00000001 BXPC 00000001)
[STDOUT  ] 2019-06-10T09:22:26.296194121Z: [    0.569489] ACPI: MCFG 0x000000003FFE23C8 00003C (v01 BOCHS  BXPCMCFG 00000001 BXPC 00000001)
[STDOUT  ] 2019-06-10T09:22:26.298495934Z: [    0.570444] Zone ranges:
[STDOUT  ] 2019-06-10T09:22:26.306979270Z: [    0.570447]   DMA      [mem 0x0000000000001000-0x0000000000ffffff]
[STDOUT  ] 2019-06-10T09:22:26.312635587Z: [    0.570451]   DMA32    [mem 0x0000000001000000-0x000000003ffdefff]
[STDOUT  ] 2019-06-10T09:22:26.315339146Z: [    0.570454]   Normal   empty
[STDOUT  ] 2019-06-10T09:22:26.318077087Z: [    0.570457]   Device   empty
[STDOUT  ] 2019-06-10T09:22:26.322000555Z: [    0.570460] Movable zone start for each node
[STDOUT  ] 2019-06-10T09:22:26.325432331Z: [    0.570462] Early memory node ranges
[STDOUT  ] 2019-06-10T09:22:26.331201218Z: [    0.570465]   node   0: [mem 0x0000000000001000-0x000000000009efff]
[STDOUT  ] 2019-06-10T09:22:26.336956316Z: [    0.570468]   node   0: [mem 0x0000000000100000-0x000000003ffdefff]
[STDOUT  ] 2019-06-10T09:22:26.341059470Z: [    0.571046] Reserved but unavailable: 98 pages
[STDOUT  ] 2019-06-10T09:22:26.347449172Z: [    0.571049] Initmem setup node 0 [mem 0x0000000000001000-0x000000003ffdefff]
[STDOUT  ] 2019-06-10T09:22:26.351151205Z: [    0.582554] ACPI: PM-Timer IO Port: 0x608
[STDOUT  ] 2019-06-10T09:22:26.356420584Z: [    0.582602] ACPI: LAPIC_NMI (acpi_id[0xff] dfl dfl lint[0x1])
[STDOUT  ] 2019-06-10T09:22:26.362685720Z: [    0.582854] IOAPIC[0]: apic_id 0, version 17, address 0xfec00000, GSI 0-23
[STDOUT  ] 2019-06-10T09:22:26.368524939Z: [    0.582858] ACPI: INT_SRC_OVR (bus 0 bus_irq 0 global_irq 2 dfl dfl)
[STDOUT  ] 2019-06-10T09:22:26.374630042Z: [    0.582860] ACPI: INT_SRC_OVR (bus 0 bus_irq 5 global_irq 5 high level)
[STDOUT  ] 2019-06-10T09:22:26.380661567Z: [    0.582861] ACPI: INT_SRC_OVR (bus 0 bus_irq 9 global_irq 9 high level)
[STDOUT  ] 2019-06-10T09:22:26.386851207Z: [    0.582868] ACPI: INT_SRC_OVR (bus 0 bus_irq 10 global_irq 10 high level)
[STDOUT  ] 2019-06-10T09:22:26.393073482Z: [    0.582869] ACPI: INT_SRC_OVR (bus 0 bus_irq 11 global_irq 11 high level)
[STDOUT  ] 2019-06-10T09:22:26.398542089Z: [    0.582876] Using ACPI (MADT) for SMP configuration information
[STDOUT  ] 2019-06-10T09:22:26.403283887Z: [    0.582879] ACPI: HPET id: 0x8086a201 base: 0xfed00000
[STDOUT  ] 2019-06-10T09:22:26.407817462Z: [    0.582910] smpboot: Allowing 1 CPUs, 0 hotplug CPUs
[STDOUT  ] 2019-06-10T09:22:26.413441600Z: [    0.583021] [mem 0x40000000-0xafffffff] available for PCI devices
[STDOUT  ] 2019-06-10T09:22:26.417761762Z: [    0.583022] Booting paravirtualized kernel on KVM
[STDOUT  ] 2019-06-10T09:22:26.427214672Z: [    0.583024] clocksource: refined-jiffies: mask: 0xffffffff max_cycles: 0xffffffff, max_idle_ns: 1910969940391419 ns
[STDOUT  ] 2019-06-10T09:22:26.434661743Z: [    0.685476] random: get_random_bytes called from start_kernel+0x91/0x512 with crng_init=0
[STDOUT  ] 2019-06-10T09:22:26.441680097Z: [    0.685489] setup_percpu: NR_CPUS:128 nr_cpumask_bits:128 nr_cpu_ids:1 nr_node_ids:1
[STDOUT  ] 2019-06-10T09:22:26.447700089Z: [    0.686172] percpu: Embedded 45 pages/cpu s145112 r8192 d31016 u2097152
[STDOUT  ] 2019-06-10T09:22:26.451327149Z: [    0.686300] KVM setup async PF for cpu 0
[STDOUT  ] 2019-06-10T09:22:26.455442966Z: [    0.686373] kvm-stealtime: cpu 0, msr 3c215e80
[STDOUT  ] 2019-06-10T09:22:26.461937471Z: [    0.686412] Built 1 zonelists, mobility grouping on.  Total pages: 257896
[STDOUT  ] 2019-06-10T09:22:26.467284084Z: [    0.686416] Kernel command line: console=ttyS0 console=ttyAMA0
[STDOUT  ] 2019-06-10T09:22:26.473761725Z: [    0.686589] Dentry cache hash table entries: 131072 (order: 8, 1048576 bytes)
[STDOUT  ] 2019-06-10T09:22:26.480006239Z: [    0.687142] Inode-cache hash table entries: 65536 (order: 7, 524288 bytes)
[STDOUT  ] 2019-06-10T09:22:26.492290756Z: [    0.690888] Memory: 959612K/1048052K available (12300K kernel code, 1577K rwdata, 3012K rodata, 1584K init, 2028K bss, 88440K reserved, 0K cma-reserved)
[STDOUT  ] 2019-06-10T09:22:26.497018659Z: [    0.691574] Kernel/User page tables isolation: enabled
[STDOUT  ] 2019-06-10T09:22:26.502044892Z: [    0.691674] ftrace: allocating 43126 entries in 169 pages
[STDOUT  ] 2019-06-10T09:22:26.506397495Z: [    0.713687] rcu: Hierarchical RCU implementation.
[STDOUT  ] 2019-06-10T09:22:26.512560056Z: [    0.713691] rcu: 	RCU restricting CPUs from NR_CPUS=128 to nr_cpu_ids=1.
[STDOUT  ] 2019-06-10T09:22:26.518670069Z: [    0.713697] rcu: Adjusting geometry for rcu_fanout_leaf=16, nr_cpu_ids=1
[STDOUT  ] 2019-06-10T09:22:26.524040246Z: [    0.716441] NR_IRQS: 8448, nr_irqs: 256, preallocated irqs: 16
[STDOUT  ] 2019-06-10T09:22:26.527485870Z: [    0.742767] Console: colour VGA+ 80x25
[STDOUT  ] 2019-06-10T09:22:26.530831405Z: [    1.184503] console [ttyS0] enabled
[STDOUT  ] 2019-06-10T09:22:26.534506853Z: [    1.187856] ACPI: Core revision 20180810
[STDOUT  ] 2019-06-10T09:22:26.543473676Z: [    1.192318] clocksource: hpet: mask: 0xffffffff max_cycles: 0xffffffff, max_idle_ns: 19112604467 ns
[STDOUT  ] 2019-06-10T09:22:26.548657594Z: [    1.201099] APIC: Switch to symmetric I/O mode setup
[STDOUT  ] 2019-06-10T09:22:26.553703451Z: [    1.208116] x2apic enabled
[STDOUT  ] 2019-06-10T09:22:26.560668604Z: [    1.213089] Switched APIC routing to physical x2apic.
[STDOUT  ] 2019-06-10T09:22:26.576109160Z: [    1.227618] ..TIMER: vector=0x30 apic1=0 pin1=2 apic2=-1 pin2=-1
[STDOUT  ] 2019-06-10T09:22:26.586047194Z: [    1.233316] clocksource: tsc-early: mask: 0xffffffffffffffff max_cycles: 0x212670b980e, max_idle_ns: 440795215582 ns
[STDOUT  ] 2019-06-10T09:22:26.593613237Z: [    1.243099] Calibrating delay loop (skipped) preset value.. 4599.58 BogoMIPS (lpj=2299792)
[STDOUT  ] 2019-06-10T09:22:26.598018009Z: [    1.244075] pid_max: default: 32768 minimum: 301
[STDOUT  ] 2019-06-10T09:22:26.601935126Z: [    1.245198] Security Framework initialized
[STDOUT  ] 2019-06-10T09:22:26.605279730Z: [    1.246074] Yama: becoming mindful.
[STDOUT  ] 2019-06-10T09:22:26.611535050Z: [    1.247126] Mount-cache hash table entries: 2048 (order: 2, 16384 bytes)
[STDOUT  ] 2019-06-10T09:22:26.618136626Z: [    1.248078] Mountpoint-cache hash table entries: 2048 (order: 2, 16384 bytes)
[STDOUT  ] 2019-06-10T09:22:26.632832037Z: [    1.251127] Last level iTLB entries: 4KB 0, 2MB 0, 4MB 0
[STDOUT  ] 2019-06-10T09:22:26.639240312Z: [    1.252073] Last level dTLB entries: 4KB 0, 2MB 0, 4MB 0, 1GB 0
[STDOUT  ] 2019-06-10T09:22:26.644335651Z: [    1.253074] Spectre V2 : Mitigation: Full generic retpoline
[STDOUT  ] 2019-06-10T09:22:26.651924551Z: [    1.254072] Spectre V2 : Spectre v2 / SpectreRSB mitigation: Filling RSB on context switch
[STDOUT  ] 2019-06-10T09:22:26.656361516Z: [    1.256071] Speculative Store Bypass: Vulnerable
[STDOUT  ] 2019-06-10T09:22:26.662364853Z: [    1.257092] MDS: Vulnerable: Clear CPU buffers attempted, no microcode
[STDOUT  ] 2019-06-10T09:22:26.675532896Z: [    1.267316] Freeing SMP alternatives memory: 20K
[STDOUT  ] 2019-06-10T09:22:26.786960740Z: [    1.270068] smpboot: CPU0: Intel QEMU Virtual CPU version 2.5+ (family: 0x6, model: 0x6, stepping: 0x3)
[STDOUT  ] 2019-06-10T09:22:26.806345518Z: [    1.270250] Performance Events: PMU not available due to virtualization, using software events only.
[STDOUT  ] 2019-06-10T09:22:26.811409415Z: [    1.272385] rcu: Hierarchical SRCU implementation.
[STDOUT  ] 2019-06-10T09:22:26.817071237Z: [    1.273218] NMI watchdog: Perf NMI watchdog permanently disabled
[STDOUT  ] 2019-06-10T09:22:26.822111787Z: [    1.275145] smp: Bringing up secondary CPUs ...
[STDOUT  ] 2019-06-10T09:22:26.825897100Z: [    1.276073] smp: Brought up 1 node, 1 CPU
[STDOUT  ] 2019-06-10T09:22:26.829907320Z: [    1.277073] smpboot: Max logical packages: 1
[STDOUT  ] 2019-06-10T09:22:26.836100280Z: [    1.278073] smpboot: Total of 1 processors activated (4599.58 BogoMIPS)
[STDOUT  ] 2019-06-10T09:22:26.840016774Z: [    1.280283] devtmpfs: initialized
[STDOUT  ] 2019-06-10T09:22:26.844081098Z: [    1.281151] x86/mm: Memory block size: 128MB
[STDOUT  ] 2019-06-10T09:22:26.853446493Z: [    1.283320] clocksource: jiffies: mask: 0xffffffff max_cycles: 0xffffffff, max_idle_ns: 1911260446275000 ns
[STDOUT  ] 2019-06-10T09:22:26.859063900Z: [    1.284078] futex hash table entries: 256 (order: 2, 16384 bytes)
[STDOUT  ] 2019-06-10T09:22:26.863544572Z: [    1.286188] NET: Registered protocol family 16
[STDOUT  ] 2019-06-10T09:22:26.868784345Z: [    1.287235] audit: initializing netlink subsys (disabled)
[STDOUT  ] 2019-06-10T09:22:26.876636423Z: [    1.288144] audit: type=2000 audit(1560158546.122:1): state=initialized audit_enabled=0 res=1
[STDOUT  ] 2019-06-10T09:22:26.880514673Z: [    1.289182] cpuidle: using governor ladder
[STDOUT  ] 2019-06-10T09:22:26.884210288Z: [    1.290074] cpuidle: using governor menu
[STDOUT  ] 2019-06-10T09:22:26.888167021Z: [    1.292209] ACPI: bus type PCI registered
[STDOUT  ] 2019-06-10T09:22:26.894044891Z: [    1.293072] acpiphp: ACPI Hot Plug PCI Controller Driver version: 0.5
[STDOUT  ] 2019-06-10T09:22:26.903023508Z: [    1.295339] PCI: MMCONFIG for domain 0000 [bus 00-ff] at [mem 0xb0000000-0xbfffffff] (base 0xb0000000)
[STDOUT  ] 2019-06-10T09:22:26.909211914Z: [    1.296078] PCI: MMCONFIG at [mem 0xb0000000-0xbfffffff] reserved in E820
[STDOUT  ] 2019-06-10T09:22:26.914446299Z: [    1.298090] PCI: Using configuration type 1 for base access
[STDOUT  ] 2019-06-10T09:22:26.922403998Z: [    1.301096] HugeTLB registered 2.00 MiB page size, pre-allocated 0 pages
[STDOUT  ] 2019-06-10T09:22:26.926601685Z: [    1.302239] cryptd: max_cpu_qlen set to 1000
[STDOUT  ] 2019-06-10T09:22:26.930745167Z: [    1.303268] ACPI: Added _OSI(Module Device)
[STDOUT  ] 2019-06-10T09:22:26.934853447Z: [    1.304074] ACPI: Added _OSI(Processor Device)
[STDOUT  ] 2019-06-10T09:22:26.939164603Z: [    1.305072] ACPI: Added _OSI(3.0 _SCP Extensions)
[STDOUT  ] 2019-06-10T09:22:26.944122188Z: [    1.306072] ACPI: Added _OSI(Processor Aggregator Device)
[STDOUT  ] 2019-06-10T09:22:26.948314627Z: [    1.307086] ACPI: Added _OSI(Linux-Dell-Video)
[STDOUT  ] 2019-06-10T09:22:26.953191460Z: [    1.308073] ACPI: Added _OSI(Linux-Lenovo-NV-HDMI-Audio)
[STDOUT  ] 2019-06-10T09:22:26.960363101Z: [    1.311300] ACPI: 1 ACPI AML tables successfully acquired and loaded
[STDOUT  ] 2019-06-10T09:22:26.966542631Z: [    1.314247] ACPI: Interpreter enabled
[STDOUT  ] 2019-06-10T09:22:26.969782945Z: [    1.315083] ACPI: (supports S0 S5)
[STDOUT  ] 2019-06-10T09:22:26.974597587Z: [    1.316073] ACPI: Using IOAPIC for interrupt routing
[STDOUT  ] 2019-06-10T09:22:26.982972531Z: [    1.317133] PCI: Using host bridge windows from ACPI; if necessary, use "pci=nocrs" and report a bug
[STDOUT  ] 2019-06-10T09:22:26.987679313Z: [    1.318351] ACPI: Enabled 2 GPEs in block 00 to 3F
[STDOUT  ] 2019-06-10T09:22:26.997091328Z: [    1.323248] ACPI: PCI Root Bridge [PCI0] (domain 0000 [bus 00-ff])
[STDOUT  ] 2019-06-10T09:22:27.004509495Z: [    1.324081] acpi PNP0A08:00: _OSC: OS supports [ExtendedConfig ASPM ClockPM Segments MSI]
[STDOUT  ] 2019-06-10T09:22:27.011193111Z: [    1.325194] acpi PNP0A08:00: _OSC: platform does not support [SHPCHotplug LTR]
[STDOUT  ] 2019-06-10T09:22:27.018327637Z: [    1.327161] acpi PNP0A08:00: _OSC: OS now controls [PCIeHotplug PME PCIeCapability]
[STDOUT  ] 2019-06-10T09:22:27.022528155Z: [    1.328469] PCI host bridge to bus 0000:00
[STDOUT  ] 2019-06-10T09:22:27.028695256Z: [    1.329075] pci_bus 0000:00: root bus resource [io  0x0000-0x0cf7 window]
[STDOUT  ] 2019-06-10T09:22:27.035028006Z: [    1.330085] pci_bus 0000:00: root bus resource [io  0x0d00-0xffff window]
[STDOUT  ] 2019-06-10T09:22:27.041856876Z: [    1.331076] pci_bus 0000:00: root bus resource [mem 0x000a0000-0x000bffff window]
[STDOUT  ] 2019-06-10T09:22:27.048696509Z: [    1.332075] pci_bus 0000:00: root bus resource [mem 0xc0000000-0xfebfffff window]
[STDOUT  ] 2019-06-10T09:22:27.053852405Z: [    1.333076] pci_bus 0000:00: root bus resource [bus 00-ff]
[STDOUT  ] 2019-06-10T09:22:27.133696871Z: [    1.403190] pci 0000:00:1f.0: quirk: [io  0x0600-0x067f] claimed by ICH6 ACPI/GPIO/TCO
[STDOUT  ] 2019-06-10T09:22:27.165714345Z: [    1.431303] ACPI: PCI Interrupt Link [LNKA] (IRQs 5 *10 11)
[STDOUT  ] 2019-06-10T09:22:27.171248672Z: [    1.432376] ACPI: PCI Interrupt Link [LNKB] (IRQs 5 *10 11)
[STDOUT  ] 2019-06-10T09:22:27.176631516Z: [    1.433366] ACPI: PCI Interrupt Link [LNKC] (IRQs 5 10 *11)
[STDOUT  ] 2019-06-10T09:22:27.182185282Z: [    1.434398] ACPI: PCI Interrupt Link [LNKD] (IRQs 5 10 *11)
[STDOUT  ] 2019-06-10T09:22:27.187613084Z: [    1.436363] ACPI: PCI Interrupt Link [LNKE] (IRQs 5 *10 11)
[STDOUT  ] 2019-06-10T09:22:27.193074044Z: [    1.437375] ACPI: PCI Interrupt Link [LNKF] (IRQs 5 *10 11)
[STDOUT  ] 2019-06-10T09:22:27.198485250Z: [    1.439226] ACPI: PCI Interrupt Link [LNKG] (IRQs 5 10 *11)
[STDOUT  ] 2019-06-10T09:22:27.203845854Z: [    1.440363] ACPI: PCI Interrupt Link [LNKH] (IRQs 5 10 *11)
[STDOUT  ] 2019-06-10T09:22:27.208721560Z: [    1.441223] ACPI: PCI Interrupt Link [GSIA] (IRQs *16)
[STDOUT  ] 2019-06-10T09:22:27.213512773Z: [    1.442090] ACPI: PCI Interrupt Link [GSIB] (IRQs *17)
[STDOUT  ] 2019-06-10T09:22:27.218257470Z: [    1.443091] ACPI: PCI Interrupt Link [GSIC] (IRQs *18)
[STDOUT  ] 2019-06-10T09:22:27.223059142Z: [    1.444089] ACPI: PCI Interrupt Link [GSID] (IRQs *19)
[STDOUT  ] 2019-06-10T09:22:27.228492176Z: [    1.445089] ACPI: PCI Interrupt Link [GSIE] (IRQs *20)
[STDOUT  ] 2019-06-10T09:22:27.233298229Z: [    1.446095] ACPI: PCI Interrupt Link [GSIF] (IRQs *21)
[STDOUT  ] 2019-06-10T09:22:27.237982977Z: [    1.447092] ACPI: PCI Interrupt Link [GSIG] (IRQs *22)
[STDOUT  ] 2019-06-10T09:22:27.242797215Z: [    1.448092] ACPI: PCI Interrupt Link [GSIH] (IRQs *23)
[STDOUT  ] 2019-06-10T09:22:27.246822958Z: [    1.450123] SCSI subsystem initialized
[STDOUT  ] 2019-06-10T09:22:27.250700206Z: [    1.451193] ACPI: bus type USB registered
[STDOUT  ] 2019-06-10T09:22:27.255734608Z: [    1.452110] usbcore: registered new interface driver usbfs
[STDOUT  ] 2019-06-10T09:22:27.260671929Z: [    1.453110] usbcore: registered new interface driver hub
[STDOUT  ] 2019-06-10T09:22:27.265486962Z: [    1.454107] usbcore: registered new device driver usb
[STDOUT  ] 2019-06-10T09:22:27.270087352Z: [    1.455103] pps_core: LinuxPPS API ver. 1 registered
[STDOUT  ] 2019-06-10T09:22:27.278430581Z: [    1.456073] pps_core: Software ver. 5.3.6 - Copyright 2005-2007 Rodolfo Giometti <giometti@linux.it>
[STDOUT  ] 2019-06-10T09:22:27.282106177Z: [    1.457088] PTP clock support registered
[STDOUT  ] 2019-06-10T09:22:27.286129308Z: [    1.459103] PCI: Using ACPI for IRQ routing
[STDOUT  ] 2019-06-10T09:22:27.735762118Z: [    1.907408] NetLabel: Initializing
[STDOUT  ] 2019-06-10T09:22:27.739806355Z: [    1.908073] NetLabel:  domain hash size = 128
[STDOUT  ] 2019-06-10T09:22:27.745131610Z: [    1.909071] NetLabel:  protocols = UNLABELED CIPSOv4 CALIPSO
[STDOUT  ] 2019-06-10T09:22:27.750316734Z: [    1.911105] NetLabel:  unlabeled traffic allowed by default
[STDOUT  ] 2019-06-10T09:22:27.757027256Z: [    1.912252] HPET: 3 timers in total, 0 timers will be used for per-cpu timer
[STDOUT  ] 2019-06-10T09:22:27.761689472Z: [    1.914071] hpet0: at MMIO 0xfed00000, IRQs 2, 8, 0
[STDOUT  ] 2019-06-10T09:22:27.767164958Z: [    1.915073] hpet0: 3 comparators, 64-bit 100.000000 MHz counter
[STDOUT  ] 2019-06-10T09:22:27.774839672Z: [    1.918112] clocksource: Switched to clocksource kvm-clock
[STDOUT  ] 2019-06-10T09:22:27.799187620Z: [    1.943920] VFS: Disk quotas dquot_6.6.0
[STDOUT  ] 2019-06-10T09:22:27.805516290Z: [    1.947690] VFS: Dquot-cache hash table entries: 512 (order 0, 4096 bytes)
[STDOUT  ] 2019-06-10T09:22:27.808398478Z: [    1.954167] FS-Cache: Loaded
[STDOUT  ] 2019-06-10T09:22:27.811408391Z: [    1.956970] CacheFiles: Loaded
[STDOUT  ] 2019-06-10T09:22:27.814348173Z: [    1.959893] pnp: PnP ACPI init
[STDOUT  ] 2019-06-10T09:22:27.819280721Z: [    1.963947] pnp: PnP ACPI: found 5 devices
[STDOUT  ] 2019-06-10T09:22:27.833615097Z: [    1.974025] clocksource: acpi_pm: mask: 0xffffff max_cycles: 0xffffff, max_idle_ns: 2085701024 ns
[STDOUT  ] 2019-06-10T09:22:27.837786429Z: [    1.982222] NET: Registered protocol family 2
[STDOUT  ] 2019-06-10T09:22:27.845868700Z: [    1.987207] tcp_listen_portaddr_hash hash table entries: 512 (order: 1, 8192 bytes)
[STDOUT  ] 2019-06-10T09:22:27.852287754Z: [    1.994356] TCP established hash table entries: 8192 (order: 4, 65536 bytes)
[STDOUT  ] 2019-06-10T09:22:27.858234305Z: [    2.000772] TCP bind hash table entries: 8192 (order: 5, 131072 bytes)
[STDOUT  ] 2019-06-10T09:22:27.864217738Z: [    2.006742] TCP: Hash tables configured (established 8192 bind 8192)
[STDOUT  ] 2019-06-10T09:22:27.869762572Z: [    2.012749] UDP hash table entries: 512 (order: 2, 16384 bytes)
[STDOUT  ] 2019-06-10T09:22:27.875695979Z: [    2.018231] UDP-Lite hash table entries: 512 (order: 2, 16384 bytes)
[STDOUT  ] 2019-06-10T09:22:27.879896140Z: [    2.024331] NET: Registered protocol family 1
[STDOUT  ] 2019-06-10T09:22:27.884058719Z: [    2.028388] NET: Registered protocol family 44
[STDOUT  ] 2019-06-10T09:22:27.891946536Z: [    2.032774] pci 0000:00:01.0: Video device with shadowed ROM at [mem 0x000c0000-0x000dffff]
[STDOUT  ] 2019-06-10T09:22:27.897306694Z: [    2.040833] Trying to unpack rootfs image as initramfs...
[STDOUT  ] 2019-06-10T09:22:28.692411694Z: [    2.837059] Freeing initrd memory: 42140K
[STDOUT  ] 2019-06-10T09:22:28.701596579Z: [    2.841059] clocksource: tsc: mask: 0xffffffffffffffff max_cycles: 0x212670b980e, max_idle_ns: 440795215582 ns
[STDOUT  ] 2019-06-10T09:22:28.707079863Z: [    2.850721] PCLMULQDQ-NI instructions are not detected.
[STDOUT  ] 2019-06-10T09:22:28.712026286Z: [    2.855608] AVX or AES-NI instructions are not detected.
[STDOUT  ] 2019-06-10T09:22:28.716941993Z: [    2.860501] CPU feature 'AVX registers' is not supported.
[STDOUT  ] 2019-06-10T09:22:28.722035091Z: [    2.865449] CPU feature 'AVX registers' is not supported.
[STDOUT  ] 2019-06-10T09:22:28.726982122Z: [    2.870505] CPU feature 'AVX registers' is not supported.
[STDOUT  ] 2019-06-10T09:22:28.732169381Z: [    2.875476] CPU feature 'AVX registers' is not supported.
[STDOUT  ] 2019-06-10T09:22:28.737116099Z: [    2.880661] AVX2 or AES-NI instructions are not detected.
[STDOUT  ] 2019-06-10T09:22:28.741293026Z: [    2.885608] AVX2 instructions are not detected.
[STDOUT  ] 2019-06-10T09:22:28.748083516Z: [    2.890432] workingset: timestamp_bits=46 max_order=18 bucket_order=0
[STDOUT  ] 2019-06-10T09:22:28.753966310Z: [    2.896970] squashfs: version 4.0 (2009/01/31) Phillip Lougher
[STDOUT  ] 2019-06-10T09:22:28.759009152Z: [    2.902550] FS-Cache: Netfs 'cifs' registered for caching
[STDOUT  ] 2019-06-10T09:22:28.762682564Z: [    2.907551] fuse init (API version 7.27)
[STDOUT  ] 2019-06-10T09:22:28.768606063Z: [    2.911287] SGI XFS with ACLs, security attributes, no debug enabled
[STDOUT  ] 2019-06-10T09:22:28.773968343Z: [    2.917300] 9p: Installing v9fs 9p2000 file system support
[STDOUT  ] 2019-06-10T09:22:28.778811556Z: [    2.922460] FS-Cache: Netfs '9p' registered for caching
[STDOUT  ] 2019-06-10T09:22:28.784465522Z: [    2.928659] NET: Registered protocol family 38
[STDOUT  ] 2019-06-10T09:22:28.788312646Z: [    2.932964] Key type asymmetric registered
[STDOUT  ] 2019-06-10T09:22:28.792993222Z: [    2.936893] Asymmetric key parser 'x509' registered
[STDOUT  ] 2019-06-10T09:22:28.799776981Z: [    2.941514] Block layer SCSI generic (bsg) driver version 0.4 loaded (major 247)
[STDOUT  ] 2019-06-10T09:22:28.803460230Z: [    2.948321] io scheduler noop registered
[STDOUT  ] 2019-06-10T09:22:28.808235607Z: [    2.951955] io scheduler deadline registered (default)
[STDOUT  ] 2019-06-10T09:22:28.811871637Z: [    2.956769] io scheduler cfq registered
[STDOUT  ] 2019-06-10T09:22:28.816792389Z: [    2.960367] io scheduler mq-deadline registered (default)
[STDOUT  ] 2019-06-10T09:22:28.820562667Z: [    2.965287] io scheduler kyber registered
[STDOUT  ] 2019-06-10T09:22:28.826927649Z: [    2.969240] shpchp: Standard Hot Plug PCI Controller Driver version: 0.4
[STDOUT  ] 2019-06-10T09:22:28.831415438Z: [    2.975441] hv_vmbus: registering driver hyperv_fb
[STDOUT  ] 2019-06-10T09:22:28.838391026Z: [    2.980029] input: Power Button as /devices/LNXSYSTM:00/LNXPWRBN:00/input/input0
[STDOUT  ] 2019-06-10T09:22:28.841860370Z: [    2.986897] ACPI: Power Button [PWRF]
[STDOUT  ] 2019-06-10T09:22:28.847468337Z: [    2.991053] PCI Interrupt Link [GSIG] enabled at IRQ 22
[STDOUT  ] 2019-06-10T09:22:28.858232806Z: [    3.001842] PCI Interrupt Link [GSIH] enabled at IRQ 23
[STDOUT  ] 2019-06-10T09:22:28.869780510Z: [    3.012362] Serial: 8250/16550 driver, 4 ports, IRQ sharing disabled
[STDOUT  ] 2019-06-10T09:22:28.910314120Z: [    3.052050] 00:04: ttyS0 at I/O 0x3f8 (irq = 4, base_baud = 115200) is a 16550A
[STDOUT  ] 2019-06-10T09:22:28.915177369Z: [    3.059753] Non-volatile memory driver v1.3
[STDOUT  ] 2019-06-10T09:22:28.924913968Z: [    3.065328] Hangcheck: starting hangcheck timer 0.9.1 (tick is 180 seconds, margin is 60 seconds).
[STDOUT  ] 2019-06-10T09:22:28.928471417Z: [    3.073662] random: fast init done
[STDOUT  ] 2019-06-10T09:22:28.932787956Z: [    3.078058] random: crng init done
[STDOUT  ] 2019-06-10T09:22:28.936817161Z: [    3.082397] brd: module loaded
[STDOUT  ] 2019-06-10T09:22:28.942185118Z: [    3.087692] loop: module loaded
[STDOUT  ] 2019-06-10T09:22:28.951473438Z: [    3.094339] lpc_ich 0000:00:1f.0: I/O space for GPIO uninitialized
[STDOUT  ] 2019-06-10T09:22:28.956137178Z: [    3.100063] VMware PVSCSI driver - version 1.0.7.0-k
[STDOUT  ] 2019-06-10T09:22:28.960709677Z: [    3.104633] hv_vmbus: registering driver hv_storvsc
[STDOUT  ] 2019-06-10T09:22:28.966352834Z: [    3.109987] PCI Interrupt Link [GSIA] enabled at IRQ 16
[STDOUT  ] 2019-06-10T09:22:28.977531028Z: [    3.118300] ahci 0000:00:1f.2: AHCI 0001.0000 32 slots 6 ports 1.5 Gbps 0x3f impl SATA mode
[STDOUT  ] 2019-06-10T09:22:28.982203103Z: [    3.126017] ahci 0000:00:1f.2: flags: 64bit ncq only 
[STDOUT  ] 2019-06-10T09:22:28.988797707Z: [    3.134529] scsi host0: ahci
[STDOUT  ] 2019-06-10T09:22:28.991632956Z: [    3.137387] scsi host1: ahci
[STDOUT  ] 2019-06-10T09:22:28.994457972Z: [    3.140209] scsi host2: ahci
[STDOUT  ] 2019-06-10T09:22:28.997297649Z: [    3.143031] scsi host3: ahci
[STDOUT  ] 2019-06-10T09:22:29.000090996Z: [    3.145866] scsi host4: ahci
[STDOUT  ] 2019-06-10T09:22:29.003027387Z: [    3.148707] scsi host5: ahci
[STDOUT  ] 2019-06-10T09:22:29.009820549Z: [    3.151605] ata1: SATA max UDMA/133 abar m4096@0xfebd2000 port 0xfebd2100 irq 24
[STDOUT  ] 2019-06-10T09:22:29.016609851Z: [    3.158361] ata2: SATA max UDMA/133 abar m4096@0xfebd2000 port 0xfebd2180 irq 24
[STDOUT  ] 2019-06-10T09:22:29.023390076Z: [    3.165148] ata3: SATA max UDMA/133 abar m4096@0xfebd2000 port 0xfebd2200 irq 24
[STDOUT  ] 2019-06-10T09:22:29.030161632Z: [    3.171905] ata4: SATA max UDMA/133 abar m4096@0xfebd2000 port 0xfebd2280 irq 24
[STDOUT  ] 2019-06-10T09:22:29.037023813Z: [    3.178701] ata5: SATA max UDMA/133 abar m4096@0xfebd2000 port 0xfebd2300 irq 24
[STDOUT  ] 2019-06-10T09:22:29.043874035Z: [    3.185590] ata6: SATA max UDMA/133 abar m4096@0xfebd2000 port 0xfebd2380 irq 24
[STDOUT  ] 2019-06-10T09:22:29.050799004Z: [    3.194613] tun: Universal TUN/TAP device driver, 1.6
[STDOUT  ] 2019-06-10T09:22:29.061640476Z: [    3.204162] VMware vmxnet3 virtual NIC driver - version 1.4.16.0-k-NAPI
[STDOUT  ] 2019-06-10T09:22:29.066083546Z: [    3.210180] hv_vmbus: registering driver hv_netvsc
[STDOUT  ] 2019-06-10T09:22:29.069916091Z: [    3.214583] Fusion MPT base driver 3.04.20
[STDOUT  ] 2019-06-10T09:22:29.074391991Z: [    3.218391] Copyright (c) 1999-2008 LSI Corporation
[STDOUT  ] 2019-06-10T09:22:29.078503270Z: [    3.222910] Fusion MPT SPI Host driver 3.04.20
[STDOUT  ] 2019-06-10T09:22:29.085893825Z: [    3.227154] i8042: PNP: PS/2 Controller [PNP0303:KBD,PNP0f13:MOU] at 0x60,0x64 irq 1,12
[STDOUT  ] 2019-06-10T09:22:29.094086788Z: [    3.238025] serio: i8042 KBD port at 0x60,0x64 irq 1
[STDOUT  ] 2019-06-10T09:22:29.098797933Z: [    3.242594] serio: i8042 AUX port at 0x60,0x64 irq 12
[STDOUT  ] 2019-06-10T09:22:29.103852976Z: [    3.247401] hv_vmbus: registering driver hyperv_keyboard
[STDOUT  ] 2019-06-10T09:22:29.109080930Z: [    3.252450] mousedev: PS/2 mouse device common for all mice
[STDOUT  ] 2019-06-10T09:22:29.118118062Z: [    3.258864] input: AT Translated Set 2 keyboard as /devices/platform/i8042/serio0/input/input1
[STDOUT  ] 2019-06-10T09:22:29.124157617Z: [    3.266698] input: PC Speaker as /devices/platform/pcspkr/input/input2
[STDOUT  ] 2019-06-10T09:22:29.129427869Z: [    3.273680] rtc_cmos 00:00: RTC can wake from S4
[STDOUT  ] 2019-06-10T09:22:29.136084092Z: [    3.280470] rtc_cmos 00:00: registered as rtc0
[STDOUT  ] 2019-06-10T09:22:29.142954169Z: [    3.284613] rtc_cmos 00:00: alarms up to one day, y3k, 114 bytes nvram, hpet irqs
[STDOUT  ] 2019-06-10T09:22:29.146305588Z: [    3.291450] i2c /dev entries driver
[STDOUT  ] 2019-06-10T09:22:29.154397574Z: [    3.295242] device-mapper: ioctl: 4.39.0-ioctl (2018-04-03) initialised: dm-devel@redhat.com
[STDOUT  ] 2019-06-10T09:22:29.160106077Z: [    3.303499] usbcore: registered new interface driver usbhid
[STDOUT  ] 2019-06-10T09:22:29.163734581Z: [    3.308611] usbhid: USB HID core driver
[STDOUT  ] 2019-06-10T09:22:29.168744880Z: [    3.312278] hv_utils: Registering HyperV Utility Driver
[STDOUT  ] 2019-06-10T09:22:29.173022062Z: [    3.317223] hv_vmbus: registering driver hv_util
[STDOUT  ] 2019-06-10T09:22:29.177519993Z: [    3.321513] hv_vmbus: registering driver hv_balloon
[STDOUT  ] 2019-06-10T09:22:29.181308715Z: [    3.325998] oprofile: using NMI interrupt.
[STDOUT  ] 2019-06-10T09:22:29.184291106Z: [    3.329853] GACT probability on
[STDOUT  ] 2019-06-10T09:22:29.187729927Z: [    3.332794] Mirror/redirect action on
[STDOUT  ] 2019-06-10T09:22:29.191021183Z: [    3.336221] Simple TC action Loaded
[STDOUT  ] 2019-06-10T09:22:29.193669188Z: [    3.339550] u32 classifier
[STDOUT  ] 2019-06-10T09:22:29.197218055Z: [    3.342147]     Performance counters on
[STDOUT  ] 2019-06-10T09:22:29.200590446Z: [    3.345695]     input device check on
[STDOUT  ] 2019-06-10T09:22:29.203767076Z: [    3.349078]     Actions configured
[STDOUT  ] 2019-06-10T09:22:29.208312652Z: [    3.352539] xt_time: kernel timezone is -0000
[STDOUT  ] 2019-06-10T09:22:29.214601068Z: [    3.356851] IPVS: Registered protocols (TCP, UDP, SCTP, AH, ESP)
[STDOUT  ] 2019-06-10T09:22:29.221451210Z: [    3.363202] IPVS: Connection hash table configured (size=4096, memory=64Kbytes)
[STDOUT  ] 2019-06-10T09:22:29.224441692Z: [    3.370076] IPVS: ipvs loaded.
[STDOUT  ] 2019-06-10T09:22:29.228494271Z: [    3.372953] IPVS: [rr] scheduler registered.
[STDOUT  ] 2019-06-10T09:22:29.232659317Z: [    3.376981] IPVS: [wrr] scheduler registered.
[STDOUT  ] 2019-06-10T09:22:29.236633819Z: [    3.381149] IPVS: [lc] scheduler registered.
[STDOUT  ] 2019-06-10T09:22:29.240737073Z: [    3.385136] IPVS: [wlc] scheduler registered.
[STDOUT  ] 2019-06-10T09:22:29.244728776Z: [    3.389220] IPVS: [fo] scheduler registered.
[STDOUT  ] 2019-06-10T09:22:29.248781346Z: [    3.393207] IPVS: [ovf] scheduler registered.
[STDOUT  ] 2019-06-10T09:22:29.252913632Z: [    3.397269] IPVS: [lblc] scheduler registered.
[STDOUT  ] 2019-06-10T09:22:29.257512474Z: [    3.401852] IPVS: [lblcr] scheduler registered.
[STDOUT  ] 2019-06-10T09:22:29.261513500Z: [    3.406016] IPVS: [dh] scheduler registered.
[STDOUT  ] 2019-06-10T09:22:29.265776647Z: [    3.410291] IPVS: [sh] scheduler registered.
[STDOUT  ] 2019-06-10T09:22:29.269739685Z: [    3.414255] IPVS: [mh] scheduler registered.
[STDOUT  ] 2019-06-10T09:22:29.274045474Z: [    3.418456] IPVS: [sed] scheduler registered.
[STDOUT  ] 2019-06-10T09:22:29.278058204Z: [    3.422523] IPVS: [nq] scheduler registered.
[STDOUT  ] 2019-06-10T09:22:29.282945191Z: [    3.426784] IPVS: ftp: loaded support on port[0] = 21
[STDOUT  ] 2019-06-10T09:22:29.288022571Z: [    3.431514] ipip: IPv4 and MPLS over IPv4 tunneling driver
[STDOUT  ] 2019-06-10T09:22:29.292910228Z: [    3.436900] gre: GRE over IPv4 demultiplexor driver
[STDOUT  ] 2019-06-10T09:22:29.298875903Z: [    3.441511] ipt_CLUSTERIP: ClusterIP Version 0.8 loaded successfully
[STDOUT  ] 2019-06-10T09:22:29.303254018Z: [    3.447645] NET: Registered protocol family 10
[STDOUT  ] 2019-06-10T09:22:29.306999449Z: [    3.452062] Segment Routing with IPv6
[STDOUT  ] 2019-06-10T09:22:29.311679448Z: [    3.456004] NET: Registered protocol family 17
[STDOUT  ] 2019-06-10T09:22:29.315427472Z: [    3.460225] Bridge firewalling registered
[STDOUT  ] 2019-06-10T09:22:29.319578204Z: [    3.464240] 8021q: 802.1Q VLAN Support v1.8
[STDOUT  ] 2019-06-10T09:22:29.323610421Z: [    3.468190] 9pnet: Installing 9P2000 support
[STDOUT  ] 2019-06-10T09:22:29.327829663Z: [    3.472359] Key type dns_resolver registered
[STDOUT  ] 2019-06-10T09:22:29.332020887Z: [    3.476392] NET: Registered protocol family 40
[STDOUT  ] 2019-06-10T09:22:29.336190321Z: [    3.480906] registered taskstats version 1
[STDOUT  ] 2019-06-10T09:22:29.347822197Z: [    3.492697] Key type big_key registered
[STDOUT  ] 2019-06-10T09:22:29.355103521Z: [    3.499950] Key type trusted registered
[STDOUT  ] 2019-06-10T09:22:29.360748503Z: [    3.504255] ata6: SATA link down (SStatus 0 SControl 300)
[STDOUT  ] 2019-06-10T09:22:29.366487531Z: [    3.510022] ata5: SATA link down (SStatus 0 SControl 300)
[STDOUT  ] 2019-06-10T09:22:29.372186386Z: [    3.515763] ata4: SATA link down (SStatus 0 SControl 300)
[STDOUT  ] 2019-06-10T09:22:29.378779649Z: [    3.521580] ata3: SATA link up 1.5 Gbps (SStatus 113 SControl 300)
[STDOUT  ] 2019-06-10T09:22:29.384740942Z: [    3.528273] ata2: SATA link down (SStatus 0 SControl 300)
[STDOUT  ] 2019-06-10T09:22:29.391194392Z: [    3.534062] ata1: SATA link up 1.5 Gbps (SStatus 113 SControl 300)
[STDOUT  ] 2019-06-10T09:22:29.398799523Z: [    3.542007] ata1.00: ATA-7: QEMU HARDDISK, 2.5+, max UDMA/100
[STDOUT  ] 2019-06-10T09:22:29.404527195Z: [    3.547287] ata1.00: 524288 sectors, multi 16: LBA48 NCQ (depth 32)
[STDOUT  ] 2019-06-10T09:22:29.408430054Z: [    3.553011] ata1.00: applying bridge limits
[STDOUT  ] 2019-06-10T09:22:29.413969432Z: [    3.557266] ata3.00: ATAPI: QEMU DVD-ROM, 2.5+, max UDMA/100
[STDOUT  ] 2019-06-10T09:22:29.417879382Z: [    3.562483] ata3.00: applying bridge limits
[STDOUT  ] 2019-06-10T09:22:29.424321515Z: [    3.568779] ata3.00: configured for UDMA/100
[STDOUT  ] 2019-06-10T09:22:29.428453405Z: [    3.573210] Key type encrypted registered
[STDOUT  ] 2019-06-10T09:22:29.433566347Z: [    3.576995] ima: No TPM chip found, activating TPM-bypass!
[STDOUT  ] 2019-06-10T09:22:29.438242671Z: [    3.582776] ata1.00: configured for UDMA/100
[STDOUT  ] 2019-06-10T09:22:29.445756004Z: [    3.586869] scsi 0:0:0:0: Direct-Access     ATA      QEMU HARDDISK    2.5+ PQ: 0 ANSI: 5
[STDOUT  ] 2019-06-10T09:22:29.450046222Z: [    3.594262] ima: Allocated hash algorithm: sha256
[STDOUT  ] 2019-06-10T09:22:29.454839515Z: [    3.598593] evm: Initialising EVM extended attributes:
[STDOUT  ] 2019-06-10T09:22:29.457677696Z: [    3.603345] evm: security.ima
[STDOUT  ] 2019-06-10T09:22:29.461016621Z: [    3.606161] evm: security.capability
[STDOUT  ] 2019-06-10T09:22:29.464068581Z: [    3.609507] evm: HMAC attrs: 0x1
[STDOUT  ] 2019-06-10T09:22:29.470845976Z: [    3.612773] sd 0:0:0:0: [sda] 524288 512-byte logical blocks: (268 MB/256 MiB)
[STDOUT  ] 2019-06-10T09:22:29.475847065Z: [    3.619452] sd 0:0:0:0: Attached scsi generic sg0 type 0
[STDOUT  ] 2019-06-10T09:22:29.480322218Z: [    3.624370] sd 0:0:0:0: [sda] Write Protect is off
[STDOUT  ] 2019-06-10T09:22:29.488281990Z: [    3.629329] scsi 2:0:0:0: CD-ROM            QEMU     QEMU DVD-ROM     2.5+ PQ: 0 ANSI: 5
[STDOUT  ] 2019-06-10T09:22:29.496451193Z: [    3.636803] sd 0:0:0:0: [sda] Write cache: enabled, read cache: enabled, doesn't support DPO or FUA
[STDOUT  ] 2019-06-10T09:22:29.506027887Z: [    3.647159] rtc_cmos 00:00: setting system clock to 2019-06-10 09:22:29 UTC (1560158549)
[STDOUT  ] 2019-06-10T09:22:29.511098066Z: [    3.655339] sd 0:0:0:0: [sda] Attached SCSI disk
[STDOUT  ] 2019-06-10T09:22:29.517916146Z: [    3.659682] Unstable clock detected, switching default tracing clock to "global"
[STDOUT  ] 2019-06-10T09:22:29.523220005Z: [    3.659682] If you want to keep using the local clock, then add:
[STDOUT  ] 2019-06-10T09:22:29.526118230Z: [    3.659682]   "trace_clock=local"
[STDOUT  ] 2019-06-10T09:22:29.529416215Z: [    3.659682] on the kernel command line
[STDOUT  ] 2019-06-10T09:22:29.536924542Z: [    3.679283] sr 2:0:0:0: [sr0] scsi3-mmc drive: 4x/4x cd/rw xa/form2 tray
[STDOUT  ] 2019-06-10T09:22:29.541723670Z: [    3.685450] cdrom: Uniform CD-ROM driver Revision: 3.20
[STDOUT  ] 2019-06-10T09:22:29.548023005Z: [    3.691617] sr 2:0:0:0: Attached scsi generic sg1 type 5
[STDOUT  ] 2019-06-10T09:22:29.555551884Z: [    3.699361] Freeing unused kernel image memory: 1584K
[STDOUT  ] 2019-06-10T09:22:29.562003554Z: [    3.705158] Write protecting the kernel read-only data: 18432k
[STDOUT  ] 2019-06-10T09:22:29.568892510Z: [    3.712736] Freeing unused kernel image memory: 2028K
[STDOUT  ] 2019-06-10T09:22:29.573949891Z: [    3.717764] Freeing unused kernel image memory: 1084K
[STDOUT  ] 2019-06-10T09:22:29.577453279Z: [    3.722519] Run /init as init process
[STDOUT  ] 2019-06-10T09:22:30.216302454Z: 
[STDOUT  ] 2019-06-10T09:22:30.217914530Z: Welcome to LinuxKit
[STDOUT  ] 2019-06-10T09:22:30.218606794Z: 
[STDOUT  ] 2019-06-10T09:22:30.221014444Z:                         ##         .
[STDOUT  ] 2019-06-10T09:22:30.223457453Z:                   ## ## ##        ==
[STDOUT  ] 2019-06-10T09:22:30.225843433Z:                ## ## ## ## ##    ===
[STDOUT  ] 2019-06-10T09:22:30.228314790Z:            /"""""""""""""""""\___/ ===
[STDOUT  ] 2019-06-10T09:22:30.230955297Z:           {                       /  ===-
[STDOUT  ] 2019-06-10T09:22:30.233249794Z:            \______ O           __/
[STDOUT  ] 2019-06-10T09:22:30.235265081Z:              \    \         __/
[STDOUT  ] 2019-06-10T09:22:30.237145356Z:               \____\_______/
[STDOUT  ] 2019-06-10T09:22:30.237664311Z: 
[STDOUT  ] 2019-06-10T09:22:30.316484828Z: [    4.460240] IPVS: ftp: loaded support on port[0] = 21
[STDOUT  ] 2019-06-10T09:22:30.429422935Z: [    4.575882]  sda:
[STDOUT  ] 2019-06-10T09:22:30.438039674Z: [    4.584544]  sda:
[STDOUT  ] 2019-06-10T09:22:30.708391313Z: [    4.854537]  sda: sda1
[STDOUT  ] 2019-06-10T09:22:30.714138209Z: [    4.860278]  sda: sda1
[STDOUT  ] 2019-06-10T09:22:31.829751450Z: 2019/06/10 09:22:29 Creating partition on /dev/sda
[STDOUT  ] 2019-06-10T09:22:31.834023155Z: 2019/06/10 09:22:30 Partition /dev/sda1 successfully created!
[STDOUT  ] 2019-06-10T09:22:31.891118957Z: [    6.034783] IPVS: ftp: loaded support on port[0] = 21
[STDOUT  ] 2019-06-10T09:22:31.971505501Z: [    6.112959] EXT4-fs (sda1): mounted filesystem with ordered data mode. Opts: (null)
[STDOUT  ] 2019-06-10T09:22:42.254085497Z: [   16.397640] sd 0:0:0:0: [sda] Synchronizing SCSI cache
[STDOUT  ] 2019-06-10T09:22:42.258328730Z: [   16.402856] sd 0:0:0:0: [sda] Stopping disk
[STDOUT  ] 2019-06-10T09:22:42.264560379Z: [   16.407954] ACPI: Preparing to enter system sleep state S5
[STDOUT  ] 2019-06-10T09:22:42.267808431Z: [   16.413380] reboot: Power down
[STDERR  ] 2019-06-10T09:22:42.288640753Z: + [ -f disk.img ]
[STDERR  ] 2019-06-10T09:22:42.288704371Z: + dd if=/dev/zero bs=1048576 count=256
[STDERR  ] 2019-06-10T09:22:42.514752283Z: 256+0 records in
[STDERR  ] 2019-06-10T09:22:42.514817199Z: 256+0 records out
[STDERR  ] 2019-06-10T09:22:42.514831248Z: 268435456 bytes (268 MB, 256 MiB) copied, 0.178261 s, 1.5 GB/s
[STDERR  ] 2019-06-10T09:22:42.515093902Z: + linuxkit build -format kernel+initrd -name extend-ext4 test.yml
[STDERR  ] 2019-06-10T09:22:42.577362476Z: Extract kernel image: linuxkit/kernel:4.19.49
[STDERR  ] 2019-06-10T09:22:44.547805031Z: Add init containers:
[STDERR  ] 2019-06-10T09:22:44.547878707Z: Process init image: linuxkit/init:v0.7
[STDERR  ] 2019-06-10T09:22:45.733775167Z: Process init image: linuxkit/runc:c1f0db27e71d948f3134b31ce76276f843849b0a
[STDERR  ] 2019-06-10T09:22:46.863762492Z: Add onboot containers:
[STDERR  ] 2019-06-10T09:22:46.863836905Z:   Create OCI config for linuxkit/extend:v0.7
[STDERR  ] 2019-06-10T09:22:48.893751233Z: Pull image: docker.io/linuxkit/extend:v0.7@sha256:b4819758fc64c32456df236db6176de92fec78c117f1e89d9a6156c1642d6427
[STDERR  ] 2019-06-10T09:22:55.013632931Z:   Create OCI config for linuxkit/mount:v0.7
[STDERR  ] 2019-06-10T09:22:56.842155146Z:   Create OCI config for alpine:3.9
[STDERR  ] 2019-06-10T09:22:58.023987005Z:   Create OCI config for linuxkit/poweroff:b498d30dd9660090565537fceb9e757618737a85
[STDERR  ] 2019-06-10T09:22:59.196417009Z: Add files:
[STDERR  ] 2019-06-10T09:22:59.196484548Z:   check.sh
[STDERR  ] 2019-06-10T09:22:59.215025199Z: Create outputs:
[STDERR  ] 2019-06-10T09:23:08.934780107Z:   extend-ext4-kernel extend-ext4-initrd.img extend-ext4-cmdline
[STDERR  ] 2019-06-10T09:23:09.026471291Z: + linuxkit run -disk file=disk.img extend-ext4
[STDERR  ] 2019-06-10T09:23:09.056138057Z: Using existing disk [disk.img] format 
[STDERR  ] 2019-06-10T09:23:09.074956612Z: WARNING: Image format was not specified for 'disk.img' and probing guessed raw.
[STDERR  ] 2019-06-10T09:23:09.075017900Z:          Automatically detecting the format is dangerous for raw images, write operations on block 0 will be restricted.
[STDERR  ] 2019-06-10T09:23:09.075034035Z:          Specify the 'raw' format explicitly to remove the restrictions.
[STDERR  ] 2019-06-10T09:23:27.112248827Z: + RESULT=[    0.000000] Linux version 4.19.49-linuxkit (root@fed2e0f7a11b) (gcc version 8.3.0 (Alpine 8.3.0)) #1 SMP Sun Jun 9 23:48:25 UTC 2019
[STDERR  ] 2019-06-10T09:23:27.112325658Z: [    0.000000] Command line: console=ttyS0 console=ttyAMA0
[STDERR  ] 2019-06-10T09:23:27.112339424Z: [    0.000000] x86/fpu: x87 FPU will use FXSAVE
[STDERR  ] 2019-06-10T09:23:27.112349772Z: [    0.000000] BIOS-provided physical RAM map:
[STDERR  ] 2019-06-10T09:23:27.112360643Z: [    0.000000] BIOS-e820: [mem 0x0000000000000000-0x000000000009fbff] usable
[STDERR  ] 2019-06-10T09:23:27.112380537Z: [    0.000000] BIOS-e820: [mem 0x000000000009fc00-0x000000000009ffff] reserved
[STDERR  ] 2019-06-10T09:23:27.112390180Z: [    0.000000] BIOS-e820: [mem 0x00000000000f0000-0x00000000000fffff] reserved
[STDERR  ] 2019-06-10T09:23:27.112412759Z: [    0.000000] BIOS-e820: [mem 0x0000000000100000-0x000000003ffdefff] usable
[STDERR  ] 2019-06-10T09:23:27.112427461Z: [    0.000000] BIOS-e820: [mem 0x000000003ffdf000-0x000000003fffffff] reserved
[STDERR  ] 2019-06-10T09:23:27.112436859Z: [    0.000000] BIOS-e820: [mem 0x00000000b0000000-0x00000000bfffffff] reserved
[STDERR  ] 2019-06-10T09:23:27.112445231Z: [    0.000000] BIOS-e820: [mem 0x00000000fed1c000-0x00000000fed1ffff] reserved
[STDERR  ] 2019-06-10T09:23:27.112453578Z: [    0.000000] BIOS-e820: [mem 0x00000000feffc000-0x00000000feffffff] reserved
[STDERR  ] 2019-06-10T09:23:27.112461909Z: [    0.000000] BIOS-e820: [mem 0x00000000fffc0000-0x00000000ffffffff] reserved
[STDERR  ] 2019-06-10T09:23:27.112470803Z: [    0.000000] NX (Execute Disable) protection: active
[STDERR  ] 2019-06-10T09:23:27.112480075Z: [    0.000000] SMBIOS 2.8 present.
[STDERR  ] 2019-06-10T09:23:27.112495083Z: [    0.000000] DMI: QEMU Standard PC (Q35 + ICH9, 2009), BIOS 1.10.2-1 04/01/2014
[STDERR  ] 2019-06-10T09:23:27.112503106Z: [    0.000000] Hypervisor detected: KVM
[STDERR  ] 2019-06-10T09:23:27.112537841Z: [    0.000000] kvm-clock: Using msrs 4b564d01 and 4b564d00
[STDERR  ] 2019-06-10T09:23:27.112549560Z: [    0.557437] kvm-clock: cpu 0, msr 2081c001, primary cpu clock
[STDERR  ] 2019-06-10T09:23:27.112557705Z: [    0.557437] clocksource: kvm-clock: mask: 0xffffffffffffffff max_cycles: 0x1cd42e4dffb, max_idle_ns: 881590591483 ns
[STDERR  ] 2019-06-10T09:23:27.112567945Z: [    0.557449] tsc: Detected 2299.792 MHz processor
[STDERR  ] 2019-06-10T09:23:27.112576705Z: [    0.560614] last_pfn = 0x3ffdf max_arch_pfn = 0x400000000
[STDERR  ] 2019-06-10T09:23:27.112585315Z: [    0.561252] x86/PAT: PAT not supported by CPU.
[STDERR  ] 2019-06-10T09:23:27.112593323Z: [    0.561310] x86/PAT: Configuration [0-7]: WB  WT  UC- UC  WB  WT  UC- UC  
[STDERR  ] 2019-06-10T09:23:27.112601353Z: [    0.571743] found SMP MP-table at [mem 0x000f6a90-0x000f6a9f]
[STDERR  ] 2019-06-10T09:23:27.112609503Z: [    0.572020] RAMDISK: [mem 0x3c4ca000-0x3ffcffff]
[STDERR  ] 2019-06-10T09:23:27.112617421Z: [    0.572236] ACPI: Early table checksum verification disabled
[STDERR  ] 2019-06-10T09:23:27.112625290Z: [    0.572370] ACPI: RSDP 0x00000000000F68D0 000014 (v00 BOCHS )
[STDERR  ] 2019-06-10T09:23:27.112633105Z: [    0.572381] ACPI: RSDT 0x000000003FFE2404 000034 (v01 BOCHS  BXPCRSDT 00000001 BXPC 00000001)
[STDERR  ] 2019-06-10T09:23:27.112642166Z: [    0.572398] ACPI: FACP 0x000000003FFE22A4 000074 (v01 BOCHS  BXPCFACP 00000001 BXPC 00000001)
[STDERR  ] 2019-06-10T09:23:27.112652403Z: [    0.572405] ACPI: DSDT 0x000000003FFE0040 002264 (v01 BOCHS  BXPCDSDT 00000001 BXPC 00000001)
[STDERR  ] 2019-06-10T09:23:27.112663640Z: [    0.572409] ACPI: FACS 0x000000003FFE0000 000040
[STDERR  ] 2019-06-10T09:23:27.112671367Z: [    0.572413] ACPI: APIC 0x000000003FFE2318 000078 (v01 BOCHS  BXPCAPIC 00000001 BXPC 00000001)
[STDERR  ] 2019-06-10T09:23:27.112682877Z: [    0.572417] ACPI: HPET 0x000000003FFE2390 000038 (v01 BOCHS  BXPCHPET 00000001 BXPC 00000001)
[STDERR  ] 2019-06-10T09:23:27.112690926Z: [    0.572421] ACPI: MCFG 0x000000003FFE23C8 00003C (v01 BOCHS  BXPCMCFG 00000001 BXPC 00000001)
[STDERR  ] 2019-06-10T09:23:27.112698891Z: [    0.573262] Zone ranges:
[STDERR  ] 2019-06-10T09:23:27.112708765Z: [    0.573265]   DMA      [mem 0x0000000000001000-0x0000000000ffffff]
[STDERR  ] 2019-06-10T09:23:27.112718968Z: [    0.573268]   DMA32    [mem 0x0000000001000000-0x000000003ffdefff]
[STDERR  ] 2019-06-10T09:23:27.112726851Z: [    0.573272]   Normal   empty
[STDERR  ] 2019-06-10T09:23:27.112734687Z: [    0.573275]   Device   empty
[STDERR  ] 2019-06-10T09:23:27.112742498Z: [    0.573277] Movable zone start for each node
[STDERR  ] 2019-06-10T09:23:27.112750450Z: [    0.573279] Early memory node ranges
[STDERR  ] 2019-06-10T09:23:27.112758141Z: [    0.573282]   node   0: [mem 0x0000000000001000-0x000000000009efff]
[STDERR  ] 2019-06-10T09:23:27.112765966Z: [    0.573285]   node   0: [mem 0x0000000000100000-0x000000003ffdefff]
[STDERR  ] 2019-06-10T09:23:27.112777570Z: [    0.573838] Reserved but unavailable: 98 pages
[STDERR  ] 2019-06-10T09:23:27.112785785Z: [    0.573841] Initmem setup node 0 [mem 0x0000000000001000-0x000000003ffdefff]
[STDERR  ] 2019-06-10T09:23:27.112793925Z: [    0.585292] ACPI: PM-Timer IO Port: 0x608
[STDERR  ] 2019-06-10T09:23:27.112801805Z: [    0.585338] ACPI: LAPIC_NMI (acpi_id[0xff] dfl dfl lint[0x1])
[STDERR  ] 2019-06-10T09:23:27.112809681Z: [    0.585584] IOAPIC[0]: apic_id 0, version 17, address 0xfec00000, GSI 0-23
[STDERR  ] 2019-06-10T09:23:27.112817622Z: [    0.585588] ACPI: INT_SRC_OVR (bus 0 bus_irq 0 global_irq 2 dfl dfl)
[STDERR  ] 2019-06-10T09:23:27.112825589Z: [    0.585590] ACPI: INT_SRC_OVR (bus 0 bus_irq 5 global_irq 5 high level)
[STDERR  ] 2019-06-10T09:23:27.112833390Z: [    0.585592] ACPI: INT_SRC_OVR (bus 0 bus_irq 9 global_irq 9 high level)
[STDERR  ] 2019-06-10T09:23:27.112845360Z: [    0.585597] ACPI: INT_SRC_OVR (bus 0 bus_irq 10 global_irq 10 high level)
[STDERR  ] 2019-06-10T09:23:27.112853213Z: [    0.585599] ACPI: INT_SRC_OVR (bus 0 bus_irq 11 global_irq 11 high level)
[STDERR  ] 2019-06-10T09:23:27.112861332Z: [    0.585606] Using ACPI (MADT) for SMP configuration information
[STDERR  ] 2019-06-10T09:23:27.112869210Z: [    0.585608] ACPI: HPET id: 0x8086a201 base: 0xfed00000
[STDERR  ] 2019-06-10T09:23:27.112876971Z: [    0.585647] smpboot: Allowing 1 CPUs, 0 hotplug CPUs
[STDERR  ] 2019-06-10T09:23:27.112884735Z: [    0.585768] [mem 0x40000000-0xafffffff] available for PCI devices
[STDERR  ] 2019-06-10T09:23:27.112897636Z: [    0.585770] Booting paravirtualized kernel on KVM
[STDERR  ] 2019-06-10T09:23:27.112909045Z: [    0.585772] clocksource: refined-jiffies: mask: 0xffffffff max_cycles: 0xffffffff, max_idle_ns: 1910969940391419 ns
[STDERR  ] 2019-06-10T09:23:27.112917582Z: [    0.689332] random: get_random_bytes called from start_kernel+0x91/0x512 with crng_init=0
[STDERR  ] 2019-06-10T09:23:27.112925420Z: [    0.689348] setup_percpu: NR_CPUS:128 nr_cpumask_bits:128 nr_cpu_ids:1 nr_node_ids:1
[STDERR  ] 2019-06-10T09:23:27.112933153Z: [    0.690073] percpu: Embedded 45 pages/cpu s145112 r8192 d31016 u2097152
[STDERR  ] 2019-06-10T09:23:27.112941813Z: [    0.690181] KVM setup async PF for cpu 0
[STDERR  ] 2019-06-10T09:23:27.112950703Z: [    0.690233] kvm-stealtime: cpu 0, msr 3b015e80
[STDERR  ] 2019-06-10T09:23:27.112958505Z: [    0.690261] Built 1 zonelists, mobility grouping on.  Total pages: 257896
[STDERR  ] 2019-06-10T09:23:27.112966299Z: [    0.690264] Kernel command line: console=ttyS0 console=ttyAMA0
[STDERR  ] 2019-06-10T09:23:27.112974074Z: [    0.690416] Dentry cache hash table entries: 131072 (order: 8, 1048576 bytes)
[STDERR  ] 2019-06-10T09:23:27.112984509Z: [    0.690504] Inode-cache hash table entries: 65536 (order: 7, 524288 bytes)
[STDERR  ] 2019-06-10T09:23:27.112993033Z: [    0.694324] Memory: 941444K/1048052K available (12300K kernel code, 1577K rwdata, 3012K rodata, 1584K init, 2028K bss, 106608K reserved, 0K cma-reserved)
[STDERR  ] 2019-06-10T09:23:27.113002540Z: [    0.694980] Kernel/User page tables isolation: enabled
[STDERR  ] 2019-06-10T09:23:27.113015627Z: [    0.695083] ftrace: allocating 43126 entries in 169 pages
[STDERR  ] 2019-06-10T09:23:27.113029032Z: [    0.716953] rcu: Hierarchical RCU implementation.
[STDERR  ] 2019-06-10T09:23:27.113069903Z: [    0.716956] rcu: 	RCU restricting CPUs from NR_CPUS=128 to nr_cpu_ids=1.
[STDERR  ] 2019-06-10T09:23:27.113078210Z: [    0.716958] rcu: Adjusting geometry for rcu_fanout_leaf=16, nr_cpu_ids=1
[STDERR  ] 2019-06-10T09:23:27.113086628Z: [    0.719707] NR_IRQS: 8448, nr_irqs: 256, preallocated irqs: 16
[STDERR  ] 2019-06-10T09:23:27.113094815Z: [    0.745913] Console: colour VGA+ 80x25
[STDERR  ] 2019-06-10T09:23:27.113103149Z: [    1.175151] console [ttyS0] enabled
[STDERR  ] 2019-06-10T09:23:27.113111156Z: [    1.178044] ACPI: Core revision 20180810
[STDERR  ] 2019-06-10T09:23:27.113119176Z: [    1.182029] clocksource: hpet: mask: 0xffffffff max_cycles: 0xffffffff, max_idle_ns: 19112604467 ns
[STDERR  ] 2019-06-10T09:23:27.113133124Z: [    1.189950] APIC: Switch to symmetric I/O mode setup
[STDERR  ] 2019-06-10T09:23:27.113141173Z: [    1.196505] x2apic enabled
[STDERR  ] 2019-06-10T09:23:27.113149103Z: [    1.200963] Switched APIC routing to physical x2apic.
[STDERR  ] 2019-06-10T09:23:27.113156984Z: [    1.214950] ..TIMER: vector=0x30 apic1=0 pin1=2 apic2=-1 pin2=-1
[STDERR  ] 2019-06-10T09:23:27.113164816Z: [    1.220072] clocksource: tsc-early: mask: 0xffffffffffffffff max_cycles: 0x212670b980e, max_idle_ns: 440795215582 ns
[STDERR  ] 2019-06-10T09:23:27.113173354Z: [    1.228741] Calibrating delay loop (skipped) preset value.. 4599.58 BogoMIPS (lpj=2299792)
[STDERR  ] 2019-06-10T09:23:27.113181348Z: [    1.229718] pid_max: default: 32768 minimum: 301
[STDERR  ] 2019-06-10T09:23:27.113189033Z: [    1.230833] Security Framework initialized
[STDERR  ] 2019-06-10T09:23:27.113202419Z: [    1.231717] Yama: becoming mindful.
[STDERR  ] 2019-06-10T09:23:27.113215053Z: [    1.232763] Mount-cache hash table entries: 2048 (order: 2, 16384 bytes)
[STDERR  ] 2019-06-10T09:23:27.113223032Z: [    1.233728] Mountpoint-cache hash table entries: 2048 (order: 2, 16384 bytes)
[STDERR  ] 2019-06-10T09:23:27.113231244Z: [    1.237761] Last level iTLB entries: 4KB 0, 2MB 0, 4MB 0
[STDERR  ] 2019-06-10T09:23:27.113242761Z: [    1.238715] Last level dTLB entries: 4KB 0, 2MB 0, 4MB 0, 1GB 0
[STDERR  ] 2019-06-10T09:23:27.113250822Z: [    1.239716] Spectre V2 : Mitigation: Full generic retpoline
[STDERR  ] 2019-06-10T09:23:27.113258852Z: [    1.240714] Spectre V2 : Spectre v2 / SpectreRSB mitigation: Filling RSB on context switch
[STDERR  ] 2019-06-10T09:23:27.113266787Z: [    1.241714] Speculative Store Bypass: Vulnerable
[STDERR  ] 2019-06-10T09:23:27.113274675Z: [    1.242736] MDS: Vulnerable: Clear CPU buffers attempted, no microcode
[STDERR  ] 2019-06-10T09:23:27.113282388Z: [    1.252991] Freeing SMP alternatives memory: 20K
[STDERR  ] 2019-06-10T09:23:27.113290167Z: [    1.255710] smpboot: CPU0: Intel QEMU Virtual CPU version 2.5+ (family: 0x6, model: 0x6, stepping: 0x3)
[STDERR  ] 2019-06-10T09:23:27.113298323Z: [    1.255890] Performance Events: PMU not available due to virtualization, using software events only.
[STDERR  ] 2019-06-10T09:23:27.113306825Z: [    1.258072] rcu: Hierarchical SRCU implementation.
[STDERR  ] 2019-06-10T09:23:27.113314877Z: [    1.258857] NMI watchdog: Perf NMI watchdog permanently disabled
[STDERR  ] 2019-06-10T09:23:27.113322966Z: [    1.260399] smp: Bringing up secondary CPUs ...
[STDERR  ] 2019-06-10T09:23:27.113330912Z: [    1.260718] smp: Brought up 1 node, 1 CPU
[STDERR  ] 2019-06-10T09:23:27.113341762Z: [    1.261715] smpboot: Max logical packages: 1
[STDERR  ] 2019-06-10T09:23:27.113349746Z: [    1.262714] smpboot: Total of 1 processors activated (4599.58 BogoMIPS)
[STDERR  ] 2019-06-10T09:23:27.113358007Z: [    1.264925] devtmpfs: initialized
[STDERR  ] 2019-06-10T09:23:27.113365725Z: [    1.265795] x86/mm: Memory block size: 128MB
[STDERR  ] 2019-06-10T09:23:27.113373489Z: [    1.267936] clocksource: jiffies: mask: 0xffffffff max_cycles: 0xffffffff, max_idle_ns: 1911260446275000 ns
[STDERR  ] 2019-06-10T09:23:27.113382307Z: [    1.268721] futex hash table entries: 256 (order: 2, 16384 bytes)
[STDERR  ] 2019-06-10T09:23:27.113392355Z: [    1.270004] NET: Registered protocol family 16
[STDERR  ] 2019-06-10T09:23:27.113403200Z: [    1.271819] audit: initializing netlink subsys (disabled)
[STDERR  ] 2019-06-10T09:23:27.113411141Z: [    1.272784] audit: type=2000 audit(1560158589.924:1): state=initialized audit_enabled=0 res=1
[STDERR  ] 2019-06-10T09:23:27.113422178Z: [    1.273813] cpuidle: using governor ladder
[STDERR  ] 2019-06-10T09:23:27.113429804Z: [    1.274715] cpuidle: using governor menu
[STDERR  ] 2019-06-10T09:23:27.113437597Z: [    1.275843] ACPI: bus type PCI registered
[STDERR  ] 2019-06-10T09:23:27.113445341Z: [    1.276714] acpiphp: ACPI Hot Plug PCI Controller Driver version: 0.5
[STDERR  ] 2019-06-10T09:23:27.113459717Z: [    1.278170] PCI: MMCONFIG for domain 0000 [bus 00-ff] at [mem 0xb0000000-0xbfffffff] (base 0xb0000000)
[STDERR  ] 2019-06-10T09:23:27.113471681Z: [    1.278719] PCI: MMCONFIG at [mem 0xb0000000-0xbfffffff] reserved in E820
[STDERR  ] 2019-06-10T09:23:27.113479574Z: [    1.279737] PCI: Using configuration type 1 for base access
[STDERR  ] 2019-06-10T09:23:27.113487247Z: [    1.282602] HugeTLB registered 2.00 MiB page size, pre-allocated 0 pages
[STDERR  ] 2019-06-10T09:23:27.113495011Z: [    1.283870] cryptd: max_cpu_qlen set to 1000
[STDERR  ] 2019-06-10T09:23:27.113502769Z: [    1.284880] ACPI: Added _OSI(Module Device)
[STDERR  ] 2019-06-10T09:23:27.113516693Z: [    1.285714] ACPI: Added _OSI(Processor Device)
[STDERR  ] 2019-06-10T09:23:27.113524853Z: [    1.286714] ACPI: Added _OSI(3.0 _SCP Extensions)
[STDERR  ] 2019-06-10T09:23:27.113535195Z: [    1.287714] ACPI: Added _OSI(Processor Aggregator Device)
[STDERR  ] 2019-06-10T09:23:27.113546424Z: [    1.288729] ACPI: Added _OSI(Linux-Dell-Video)
[STDERR  ] 2019-06-10T09:23:27.113554331Z: [    1.289715] ACPI: Added _OSI(Linux-Lenovo-NV-HDMI-Audio)
[STDERR  ] 2019-06-10T09:23:27.113562154Z: [    1.292333] ACPI: 1 ACPI AML tables successfully acquired and loaded
[STDERR  ] 2019-06-10T09:23:27.113570269Z: [    1.295773] ACPI: Interpreter enabled
[STDERR  ] 2019-06-10T09:23:27.113578177Z: [    1.296721] ACPI: (supports S0 S5)
[STDERR  ] 2019-06-10T09:23:27.113585996Z: [    1.297715] ACPI: Using IOAPIC for interrupt routing
[STDERR  ] 2019-06-10T09:23:27.113593917Z: [    1.298764] PCI: Using host bridge windows from ACPI; if necessary, use "pci=nocrs" and report a bug
[STDERR  ] 2019-06-10T09:23:27.113602604Z: [    1.299950] ACPI: Enabled 2 GPEs in block 00 to 3F
[STDERR  ] 2019-06-10T09:23:27.113610420Z: [    1.304386] ACPI: PCI Root Bridge [PCI0] (domain 0000 [bus 00-ff])
[STDERR  ] 2019-06-10T09:23:27.113618199Z: [    1.304722] acpi PNP0A08:00: _OSC: OS supports [ExtendedConfig ASPM ClockPM Segments MSI]
[STDERR  ] 2019-06-10T09:23:27.113626064Z: [    1.305824] acpi PNP0A08:00: _OSC: platform does not support [SHPCHotplug LTR]
[STDERR  ] 2019-06-10T09:23:27.113633749Z: [    1.306809] acpi PNP0A08:00: _OSC: OS now controls [PCIeHotplug PME PCIeCapability]
[STDERR  ] 2019-06-10T09:23:27.113641751Z: [    1.308117] PCI host bridge to bus 0000:00
[STDERR  ] 2019-06-10T09:23:27.113649482Z: [    1.308718] pci_bus 0000:00: root bus resource [io  0x0000-0x0cf7 window]
[STDERR  ] 2019-06-10T09:23:27.113657220Z: [    1.309716] pci_bus 0000:00: root bus resource [io  0x0d00-0xffff window]
[STDERR  ] 2019-06-10T09:23:27.113667520Z: [    1.310716] pci_bus 0000:00: root bus resource [mem 0x000a0000-0x000bffff window]
[STDERR  ] 2019-06-10T09:23:27.113675250Z: [    1.311715] pci_bus 0000:00: root bus resource [mem 0xc0000000-0xfebfffff window]
[STDERR  ] 2019-06-10T09:23:27.113683021Z: [    1.312717] pci_bus 0000:00: root bus resource [bus 00-ff]
[STDERR  ] 2019-06-10T09:23:27.113690768Z: [    1.380089] pci 0000:00:1f.0: quirk: [io  0x0600-0x067f] claimed by ICH6 ACPI/GPIO/TCO
[STDERR  ] 2019-06-10T09:23:27.113699293Z: [    1.407890] ACPI: PCI Interrupt Link [LNKA] (IRQs 5 *10 11)
[STDERR  ] 2019-06-10T09:23:27.113707193Z: [    1.409013] ACPI: PCI Interrupt Link [LNKB] (IRQs 5 *10 11)
[STDERR  ] 2019-06-10T09:23:27.113715013Z: [    1.410848] ACPI: PCI Interrupt Link [LNKC] (IRQs 5 10 *11)
[STDERR  ] 2019-06-10T09:23:27.113722852Z: [    1.411993] ACPI: PCI Interrupt Link [LNKD] (IRQs 5 10 *11)
[STDERR  ] 2019-06-10T09:23:27.113730540Z: [    1.412997] ACPI: PCI Interrupt Link [LNKE] (IRQs 5 *10 11)
[STDERR  ] 2019-06-10T09:23:27.113742130Z: [    1.414994] ACPI: PCI Interrupt Link [LNKF] (IRQs 5 *10 11)
[STDERR  ] 2019-06-10T09:23:27.113749839Z: [    1.415995] ACPI: PCI Interrupt Link [LNKG] (IRQs 5 10 *11)
[STDERR  ] 2019-06-10T09:23:27.113757555Z: [    1.416995] ACPI: PCI Interrupt Link [LNKH] (IRQs 5 10 *11)
[STDERR  ] 2019-06-10T09:23:27.113765223Z: [    1.417851] ACPI: PCI Interrupt Link [GSIA] (IRQs *16)
[STDERR  ] 2019-06-10T09:23:27.113772942Z: [    1.418726] ACPI: PCI Interrupt Link [GSIB] (IRQs *17)
[STDERR  ] 2019-06-10T09:23:27.113784240Z: [    1.419730] ACPI: PCI Interrupt Link [GSIC] (IRQs *18)
[STDERR  ] 2019-06-10T09:23:27.113792091Z: [    1.420730] ACPI: PCI Interrupt Link [GSID] (IRQs *19)
[STDERR  ] 2019-06-10T09:23:27.113799848Z: [    1.421729] ACPI: PCI Interrupt Link [GSIE] (IRQs *20)
[STDERR  ] 2019-06-10T09:23:27.113807440Z: [    1.422731] ACPI: PCI Interrupt Link [GSIF] (IRQs *21)
[STDERR  ] 2019-06-10T09:23:27.113815080Z: [    1.423731] ACPI: PCI Interrupt Link [GSIG] (IRQs *22)
[STDERR  ] 2019-06-10T09:23:27.113822705Z: [    1.424726] ACPI: PCI Interrupt Link [GSIH] (IRQs *23)
[STDERR  ] 2019-06-10T09:23:27.113830501Z: [    1.427094] SCSI subsystem initialized
[STDERR  ] 2019-06-10T09:23:27.113838213Z: [    1.428740] ACPI: bus type USB registered
[STDERR  ] 2019-06-10T09:23:27.113845865Z: [    1.429753] usbcore: registered new interface driver usbfs
[STDERR  ] 2019-06-10T09:23:27.113859060Z: [    1.430749] usbcore: registered new interface driver hub
[STDERR  ] 2019-06-10T09:23:27.113866765Z: [    1.431746] usbcore: registered new device driver usb
[STDERR  ] 2019-06-10T09:23:27.113875057Z: [    1.432744] pps_core: LinuxPPS API ver. 1 registered
[STDERR  ] 2019-06-10T09:23:27.113882818Z: [    1.433714] pps_core: Software ver. 5.3.6 - Copyright 2005-2007 Rodolfo Giometti <giometti@linux.it>
[STDERR  ] 2019-06-10T09:23:27.113892672Z: [    1.434727] PTP clock support registered
[STDERR  ] 2019-06-10T09:23:27.113900479Z: [    1.435821] PCI: Using ACPI for IRQ routing
[STDERR  ] 2019-06-10T09:23:27.113908427Z: [    1.887859] NetLabel: Initializing
[STDERR  ] 2019-06-10T09:23:27.113916353Z: [    1.888714] NetLabel:  domain hash size = 128
[STDERR  ] 2019-06-10T09:23:27.113923972Z: [    1.889713] NetLabel:  protocols = UNLABELED CIPSOv4 CALIPSO
[STDERR  ] 2019-06-10T09:23:27.113942273Z: [    1.890744] NetLabel:  unlabeled traffic allowed by default
[STDERR  ] 2019-06-10T09:23:27.113950083Z: [    1.891882] HPET: 3 timers in total, 0 timers will be used for per-cpu timer
[STDERR  ] 2019-06-10T09:23:27.113957844Z: [    1.892818] hpet0: at MMIO 0xfed00000, IRQs 2, 8, 0
[STDERR  ] 2019-06-10T09:23:27.113965566Z: [    1.893715] hpet0: 3 comparators, 64-bit 100.000000 MHz counter
[STDERR  ] 2019-06-10T09:23:27.113977425Z: [    1.896753] clocksource: Switched to clocksource kvm-clock
[STDERR  ] 2019-06-10T09:23:27.113985068Z: [    1.922514] VFS: Disk quotas dquot_6.6.0
[STDERR  ] 2019-06-10T09:23:27.113992717Z: [    1.926233] VFS: Dquot-cache hash table entries: 512 (order 0, 4096 bytes)
[STDERR  ] 2019-06-10T09:23:27.114003797Z: [    1.932505] FS-Cache: Loaded
[STDERR  ] 2019-06-10T09:23:27.114016029Z: [    1.935311] CacheFiles: Loaded
[STDERR  ] 2019-06-10T09:23:27.114024424Z: [    1.938208] pnp: PnP ACPI init
[STDERR  ] 2019-06-10T09:23:27.114032077Z: [    1.942167] pnp: PnP ACPI: found 5 devices
[STDERR  ] 2019-06-10T09:23:27.114039996Z: [    1.952096] clocksource: acpi_pm: mask: 0xffffff max_cycles: 0xffffff, max_idle_ns: 2085701024 ns
[STDERR  ] 2019-06-10T09:23:27.114048451Z: [    1.960133] NET: Registered protocol family 2
[STDERR  ] 2019-06-10T09:23:27.114059416Z: [    1.965056] tcp_listen_portaddr_hash hash table entries: 512 (order: 1, 8192 bytes)
[STDERR  ] 2019-06-10T09:23:27.114067609Z: [    1.972003] TCP established hash table entries: 8192 (order: 4, 65536 bytes)
[STDERR  ] 2019-06-10T09:23:27.114075875Z: [    1.978392] TCP bind hash table entries: 8192 (order: 5, 131072 bytes)
[STDERR  ] 2019-06-10T09:23:27.114084955Z: [    1.984306] TCP: Hash tables configured (established 8192 bind 8192)
[STDERR  ] 2019-06-10T09:23:27.114092807Z: [    1.990098] UDP hash table entries: 512 (order: 2, 16384 bytes)
[STDERR  ] 2019-06-10T09:23:27.114100856Z: [    1.995487] UDP-Lite hash table entries: 512 (order: 2, 16384 bytes)
[STDERR  ] 2019-06-10T09:23:27.114108662Z: [    2.001328] NET: Registered protocol family 1
[STDERR  ] 2019-06-10T09:23:27.114116494Z: [    2.005303] NET: Registered protocol family 44
[STDERR  ] 2019-06-10T09:23:27.114124196Z: [    2.009594] pci 0000:00:01.0: Video device with shadowed ROM at [mem 0x000c0000-0x000dffff]
[STDERR  ] 2019-06-10T09:23:27.114135561Z: [    2.017406] Trying to unpack rootfs image as initramfs...
[STDERR  ] 2019-06-10T09:23:27.114143545Z: [    3.142702] Freeing initrd memory: 60440K
[STDERR  ] 2019-06-10T09:23:27.114151138Z: [    3.146590] clocksource: tsc: mask: 0xffffffffffffffff max_cycles: 0x212670b980e, max_idle_ns: 440795215582 ns
[STDERR  ] 2019-06-10T09:23:27.114159231Z: [    3.157049] PCLMULQDQ-NI instructions are not detected.
[STDERR  ] 2019-06-10T09:23:27.114167375Z: [    3.161838] AVX or AES-NI instructions are not detected.
[STDERR  ] 2019-06-10T09:23:27.114178250Z: [    3.166588] CPU feature 'AVX registers' is not supported.
[STDERR  ] 2019-06-10T09:23:27.114186421Z: [    3.171422] CPU feature 'AVX registers' is not supported.
[STDERR  ] 2019-06-10T09:23:27.114194368Z: [    3.176322] CPU feature 'AVX registers' is not supported.
[STDERR  ] 2019-06-10T09:23:27.114205763Z: [    3.181152] CPU feature 'AVX registers' is not supported.
[STDERR  ] 2019-06-10T09:23:27.114213813Z: [    3.186000] AVX2 or AES-NI instructions are not detected.
[STDERR  ] 2019-06-10T09:23:27.114221793Z: [    3.190836] AVX2 instructions are not detected.
[STDERR  ] 2019-06-10T09:23:27.114229906Z: [    3.195454] workingset: timestamp_bits=46 max_order=18 bucket_order=0
[STDERR  ] 2019-06-10T09:23:27.114237987Z: [    3.201860] squashfs: version 4.0 (2009/01/31) Phillip Lougher
[STDERR  ] 2019-06-10T09:23:27.114246034Z: [    3.207334] FS-Cache: Netfs 'cifs' registered for caching
[STDERR  ] 2019-06-10T09:23:27.114254467Z: [    3.212288] fuse init (API version 7.27)
[STDERR  ] 2019-06-10T09:23:27.114262339Z: [    3.215946] SGI XFS with ACLs, security attributes, no debug enabled
[STDERR  ] 2019-06-10T09:23:27.114270610Z: [    3.221884] 9p: Installing v9fs 9p2000 file system support
[STDERR  ] 2019-06-10T09:23:27.114278735Z: [    3.226823] FS-Cache: Netfs '9p' registered for caching
[STDERR  ] 2019-06-10T09:23:27.114287013Z: [    3.232958] NET: Registered protocol family 38
[STDERR  ] 2019-06-10T09:23:27.114297175Z: [    3.237066] Key type asymmetric registered
[STDERR  ] 2019-06-10T09:23:27.114305149Z: [    3.241007] Asymmetric key parser 'x509' registered
[STDERR  ] 2019-06-10T09:23:27.114313140Z: [    3.245532] Block layer SCSI generic (bsg) driver version 0.4 loaded (major 247)
[STDERR  ] 2019-06-10T09:23:27.114321103Z: [    3.252287] io scheduler noop registered
[STDERR  ] 2019-06-10T09:23:27.114329159Z: [    3.255918] io scheduler deadline registered (default)
[STDERR  ] 2019-06-10T09:23:27.114337014Z: [    3.260664] io scheduler cfq registered
[STDERR  ] 2019-06-10T09:23:27.114345373Z: [    3.264177] io scheduler mq-deadline registered (default)
[STDERR  ] 2019-06-10T09:23:27.114357354Z: [    3.269021] io scheduler kyber registered
[STDERR  ] 2019-06-10T09:23:27.114365430Z: [    3.272788] shpchp: Standard Hot Plug PCI Controller Driver version: 0.4
[STDERR  ] 2019-06-10T09:23:27.114373375Z: [    3.278796] hv_vmbus: registering driver hyperv_fb
[STDERR  ] 2019-06-10T09:23:27.114381326Z: [    3.283200] input: Power Button as /devices/LNXSYSTM:00/LNXPWRBN:00/input/input0
[STDERR  ] 2019-06-10T09:23:27.114389344Z: [    3.289827] ACPI: Power Button [PWRF]
[STDERR  ] 2019-06-10T09:23:27.114397410Z: [    3.293942] PCI Interrupt Link [GSIG] enabled at IRQ 22
[STDERR  ] 2019-06-10T09:23:27.114405267Z: [    3.304400] PCI Interrupt Link [GSIH] enabled at IRQ 23
[STDERR  ] 2019-06-10T09:23:27.114413289Z: [    3.314659] Serial: 8250/16550 driver, 4 ports, IRQ sharing disabled
[STDERR  ] 2019-06-10T09:23:27.114423861Z: [    3.354113] 00:04: ttyS0 at I/O 0x3f8 (irq = 4, base_baud = 115200) is a 16550A
[STDERR  ] 2019-06-10T09:23:27.114431809Z: [    3.361601] Non-volatile memory driver v1.3
[STDERR  ] 2019-06-10T09:23:27.114439775Z: [    3.367133] Hangcheck: starting hangcheck timer 0.9.1 (tick is 180 seconds, margin is 60 seconds).
[STDERR  ] 2019-06-10T09:23:27.114450399Z: [    3.375415] random: fast init done
[STDERR  ] 2019-06-10T09:23:27.114460463Z: [    3.379436] random: crng init done
[STDERR  ] 2019-06-10T09:23:27.114471542Z: [    3.383800] brd: module loaded
[STDERR  ] 2019-06-10T09:23:27.114480096Z: [    3.389152] loop: module loaded
[STDERR  ] 2019-06-10T09:23:27.114488136Z: [    3.396584] lpc_ich 0000:00:1f.0: I/O space for GPIO uninitialized
[STDERR  ] 2019-06-10T09:23:27.114505142Z: [    3.402280] VMware PVSCSI driver - version 1.0.7.0-k
[STDERR  ] 2019-06-10T09:23:27.114517424Z: [    3.406809] hv_vmbus: registering driver hv_storvsc
[STDERR  ] 2019-06-10T09:23:27.114525281Z: [    3.411836] PCI Interrupt Link [GSIA] enabled at IRQ 16
[STDERR  ] 2019-06-10T09:23:27.114533233Z: [    3.420023] ahci 0000:00:1f.2: AHCI 0001.0000 32 slots 6 ports 1.5 Gbps 0x3f impl SATA mode
[STDERR  ] 2019-06-10T09:23:27.114541385Z: [    3.427490] ahci 0000:00:1f.2: flags: 64bit ncq only 
[STDERR  ] 2019-06-10T09:23:27.114552236Z: [    3.435838] scsi host0: ahci
[STDERR  ] 2019-06-10T09:23:27.114565394Z: [    3.438627] scsi host1: ahci
[STDERR  ] 2019-06-10T09:23:27.114573716Z: [    3.441412] scsi host2: ahci
[STDERR  ] 2019-06-10T09:23:27.114581642Z: [    3.444142] scsi host3: ahci
[STDERR  ] 2019-06-10T09:23:27.114589870Z: [    3.446915] scsi host4: ahci
[STDERR  ] 2019-06-10T09:23:27.114601215Z: [    3.449660] scsi host5: ahci
[STDERR  ] 2019-06-10T09:23:27.114608965Z: [    3.452395] ata1: SATA max UDMA/133 abar m4096@0xfebd2000 port 0xfebd2100 irq 24
[STDERR  ] 2019-06-10T09:23:27.114620738Z: [    3.459038] ata2: SATA max UDMA/133 abar m4096@0xfebd2000 port 0xfebd2180 irq 24
[STDERR  ] 2019-06-10T09:23:27.114631367Z: [    3.465644] ata3: SATA max UDMA/133 abar m4096@0xfebd2000 port 0xfebd2200 irq 24
[STDERR  ] 2019-06-10T09:23:27.114639108Z: [    3.472290] ata4: SATA max UDMA/133 abar m4096@0xfebd2000 port 0xfebd2280 irq 24
[STDERR  ] 2019-06-10T09:23:27.114647213Z: [    3.478935] ata5: SATA max UDMA/133 abar m4096@0xfebd2000 port 0xfebd2300 irq 24
[STDERR  ] 2019-06-10T09:23:27.114655011Z: [    3.485590] ata6: SATA max UDMA/133 abar m4096@0xfebd2000 port 0xfebd2380 irq 24
[STDERR  ] 2019-06-10T09:23:27.114662819Z: [    3.494634] tun: Universal TUN/TAP device driver, 1.6
[STDERR  ] 2019-06-10T09:23:27.114670716Z: [    3.504320] VMware vmxnet3 virtual NIC driver - version 1.4.16.0-k-NAPI
[STDERR  ] 2019-06-10T09:23:27.114679091Z: [    3.510327] hv_vmbus: registering driver hv_netvsc
[STDERR  ] 2019-06-10T09:23:27.114686889Z: [    3.514675] Fusion MPT base driver 3.04.20
[STDERR  ] 2019-06-10T09:23:27.114694656Z: [    3.518459] Copyright (c) 1999-2008 LSI Corporation
[STDERR  ] 2019-06-10T09:23:27.114702414Z: [    3.522867] Fusion MPT SPI Host driver 3.04.20
[STDERR  ] 2019-06-10T09:23:27.114713138Z: [    3.527090] i8042: PNP: PS/2 Controller [PNP0303:KBD,PNP0f13:MOU] at 0x60,0x64 irq 1,12
[STDERR  ] 2019-06-10T09:23:27.114721120Z: [    3.538000] serio: i8042 KBD port at 0x60,0x64 irq 1
[STDERR  ] 2019-06-10T09:23:27.114728893Z: [    3.542496] serio: i8042 AUX port at 0x60,0x64 irq 12
[STDERR  ] 2019-06-10T09:23:27.114739437Z: [    3.547241] hv_vmbus: registering driver hyperv_keyboard
[STDERR  ] 2019-06-10T09:23:27.114747169Z: [    3.552110] mousedev: PS/2 mouse device common for all mice
[STDERR  ] 2019-06-10T09:23:27.114754891Z: [    3.558857] input: AT Translated Set 2 keyboard as /devices/platform/i8042/serio0/input/input1
[STDERR  ] 2019-06-10T09:23:27.114765889Z: [    3.566836] input: PC Speaker as /devices/platform/pcspkr/input/input2
[STDERR  ] 2019-06-10T09:23:27.114773697Z: [    3.573097] rtc_cmos 00:00: RTC can wake from S4
[STDERR  ] 2019-06-10T09:23:27.114781483Z: [    3.580450] rtc_cmos 00:00: registered as rtc0
[STDERR  ] 2019-06-10T09:23:27.114789232Z: [    3.584518] rtc_cmos 00:00: alarms up to one day, y3k, 114 bytes nvram, hpet irqs
[STDERR  ] 2019-06-10T09:23:27.114799868Z: [    3.591219] i2c /dev entries driver
[STDERR  ] 2019-06-10T09:23:27.114807839Z: [    3.594811] device-mapper: ioctl: 4.39.0-ioctl (2018-04-03) initialised: dm-devel@redhat.com
[STDERR  ] 2019-06-10T09:23:27.114815631Z: [    3.602965] usbcore: registered new interface driver usbhid
[STDERR  ] 2019-06-10T09:23:27.114823311Z: [    3.607993] usbhid: USB HID core driver
[STDERR  ] 2019-06-10T09:23:27.114834793Z: [    3.611540] hv_utils: Registering HyperV Utility Driver
[STDERR  ] 2019-06-10T09:23:27.114842698Z: [    3.616209] hv_vmbus: registering driver hv_util
[STDERR  ] 2019-06-10T09:23:27.114850948Z: [    3.620356] hv_vmbus: registering driver hv_balloon
[STDERR  ] 2019-06-10T09:23:27.114858655Z: [    3.624861] oprofile: using NMI interrupt.
[STDERR  ] 2019-06-10T09:23:27.114866440Z: [    3.628630] GACT probability on
[STDERR  ] 2019-06-10T09:23:27.114874115Z: [    3.631502] Mirror/redirect action on
[STDERR  ] 2019-06-10T09:23:27.114881800Z: [    3.634846] Simple TC action Loaded
[STDERR  ] 2019-06-10T09:23:27.114889491Z: [    3.638055] u32 classifier
[STDERR  ] 2019-06-10T09:23:27.114897245Z: [    3.640565]     Performance counters on
[STDERR  ] 2019-06-10T09:23:27.114904816Z: [    3.644078]     input device check on
[STDERR  ] 2019-06-10T09:23:27.114918685Z: [    3.647415]     Actions configured
[STDERR  ] 2019-06-10T09:23:27.114926964Z: [    3.650836] xt_time: kernel timezone is -0000
[STDERR  ] 2019-06-10T09:23:27.114934700Z: [    3.654790] IPVS: Registered protocols (TCP, UDP, SCTP, AH, ESP)
[STDERR  ] 2019-06-10T09:23:27.115044026Z: [    3.660243] IPVS: Connection hash table configured (size=4096, memory=64Kbytes)
[STDERR  ] 2019-06-10T09:23:27.115052752Z: [    3.666852] IPVS: ipvs loaded.
[STDERR  ] 2019-06-10T09:23:27.115060551Z: [    3.669712] IPVS: [rr] scheduler registered.
[STDERR  ] 2019-06-10T09:23:27.115068595Z: [    3.673571] IPVS: [wrr] scheduler registered.
[STDERR  ] 2019-06-10T09:23:27.115076617Z: [    3.677558] IPVS: [lc] scheduler registered.
[STDERR  ] 2019-06-10T09:23:27.115084632Z: [    3.681421] IPVS: [wlc] scheduler registered.
[STDERR  ] 2019-06-10T09:23:27.115092829Z: [    3.685327] IPVS: [fo] scheduler registered.
[STDERR  ] 2019-06-10T09:23:27.115100932Z: [    3.689292] IPVS: [ovf] scheduler registered.
[STDERR  ] 2019-06-10T09:23:27.115108725Z: [    3.693322] IPVS: [lblc] scheduler registered.
[STDERR  ] 2019-06-10T09:23:27.115116901Z: [    3.697375] IPVS: [lblcr] scheduler registered.
[STDERR  ] 2019-06-10T09:23:27.115124812Z: [    3.701888] IPVS: [dh] scheduler registered.
[STDERR  ] 2019-06-10T09:23:27.115132530Z: [    3.705736] IPVS: [sh] scheduler registered.
[STDERR  ] 2019-06-10T09:23:27.115140236Z: [    3.709872] IPVS: [mh] scheduler registered.
[STDERR  ] 2019-06-10T09:23:27.115148256Z: [    3.713776] IPVS: [sed] scheduler registered.
[STDERR  ] 2019-06-10T09:23:27.115159346Z: [    3.717947] IPVS: [nq] scheduler registered.
[STDERR  ] 2019-06-10T09:23:27.115167402Z: [    3.721826] IPVS: ftp: loaded support on port[0] = 21
[STDERR  ] 2019-06-10T09:23:27.115175592Z: [    3.726702] ipip: IPv4 and MPLS over IPv4 tunneling driver
[STDERR  ] 2019-06-10T09:23:27.115183418Z: [    3.732024] gre: GRE over IPv4 demultiplexor driver
[STDERR  ] 2019-06-10T09:23:27.115191109Z: [    3.736538] ipt_CLUSTERIP: ClusterIP Version 0.8 loaded successfully
[STDERR  ] 2019-06-10T09:23:27.115198903Z: [    3.742528] NET: Registered protocol family 10
[STDERR  ] 2019-06-10T09:23:27.115206506Z: [    3.747042] Segment Routing with IPv6
[STDERR  ] 2019-06-10T09:23:27.115214167Z: [    3.751010] NET: Registered protocol family 17
[STDERR  ] 2019-06-10T09:23:27.115221752Z: [    3.755186] Bridge firewalling registered
[STDERR  ] 2019-06-10T09:23:27.115229494Z: [    3.759080] 8021q: 802.1Q VLAN Support v1.8
[STDERR  ] 2019-06-10T09:23:27.115237100Z: [    3.762931] 9pnet: Installing 9P2000 support
[STDERR  ] 2019-06-10T09:23:27.115244660Z: [    3.767153] Key type dns_resolver registered
[STDERR  ] 2019-06-10T09:23:27.115252370Z: [    3.771180] NET: Registered protocol family 40
[STDERR  ] 2019-06-10T09:23:27.115260609Z: [    3.775594] registered taskstats version 1
[STDERR  ] 2019-06-10T09:23:27.115268248Z: [    3.787431] Key type big_key registered
[STDERR  ] 2019-06-10T09:23:27.115276952Z: [    3.794683] Key type trusted registered
[STDERR  ] 2019-06-10T09:23:27.115284671Z: [    3.802018] Key type encrypted registered
[STDERR  ] 2019-06-10T09:23:27.115292510Z: [    3.806359] ata6: SATA link down (SStatus 0 SControl 300)
[STDERR  ] 2019-06-10T09:23:27.115304436Z: [    3.812369] ata5: SATA link down (SStatus 0 SControl 300)
[STDERR  ] 2019-06-10T09:23:27.115313030Z: [    3.818566] ata4: SATA link down (SStatus 0 SControl 300)
[STDERR  ] 2019-06-10T09:23:27.115326895Z: [    3.824501] ata3: SATA link up 1.5 Gbps (SStatus 113 SControl 300)
[STDERR  ] 2019-06-10T09:23:27.115334987Z: [    3.831161] ata2: SATA link down (SStatus 0 SControl 300)
[STDERR  ] 2019-06-10T09:23:27.115343033Z: [    3.837021] ata1: SATA link up 1.5 Gbps (SStatus 113 SControl 300)
[STDERR  ] 2019-06-10T09:23:27.115354217Z: [    3.843094] ima: No TPM chip found, activating TPM-bypass!
[STDERR  ] 2019-06-10T09:23:27.115362038Z: [    3.848047] ata3.00: ATAPI: QEMU DVD-ROM, 2.5+, max UDMA/100
[STDERR  ] 2019-06-10T09:23:27.115369700Z: [    3.853148] ata3.00: applying bridge limits
[STDERR  ] 2019-06-10T09:23:27.115384155Z: [    3.857375] ata1.00: ATA-7: QEMU HARDDISK, 2.5+, max UDMA/100
[STDERR  ] 2019-06-10T09:23:27.115392554Z: [    3.862546] ata1.00: 1048576 sectors, multi 16: LBA48 NCQ (depth 32)
[STDERR  ] 2019-06-10T09:23:27.115400611Z: [    3.868261] ata1.00: applying bridge limits
[STDERR  ] 2019-06-10T09:23:27.115408496Z: [    3.872346] ima: Allocated hash algorithm: sha256
[STDERR  ] 2019-06-10T09:23:27.115416699Z: [    3.876643] evm: Initialising EVM extended attributes:
[STDERR  ] 2019-06-10T09:23:27.115424898Z: [    3.881349] evm: security.ima
[STDERR  ] 2019-06-10T09:23:27.115432699Z: [    3.884087] evm: security.capability
[STDERR  ] 2019-06-10T09:23:27.115440521Z: [    3.887405] evm: HMAC attrs: 0x1
[STDERR  ] 2019-06-10T09:23:27.115448207Z: [    3.890705] ata3.00: configured for UDMA/100
[STDERR  ] 2019-06-10T09:23:27.115455925Z: [    3.895589] ata1.00: configured for UDMA/100
[STDERR  ] 2019-06-10T09:23:27.115463777Z: [    3.899621] scsi 0:0:0:0: Direct-Access     ATA      QEMU HARDDISK    2.5+ PQ: 0 ANSI: 5
[STDERR  ] 2019-06-10T09:23:27.115471892Z: [    3.907665] rtc_cmos 00:00: setting system clock to 2019-06-10 09:23:13 UTC (1560158593)
[STDERR  ] 2019-06-10T09:23:27.115479730Z: [    3.915082] sd 0:0:0:0: [sda] 1048576 512-byte logical blocks: (537 MB/512 MiB)
[STDERR  ] 2019-06-10T09:23:27.115487763Z: [    3.921797] sd 0:0:0:0: Attached scsi generic sg0 type 0
[STDERR  ] 2019-06-10T09:23:27.115495627Z: [    3.926595] sd 0:0:0:0: [sda] Write Protect is off
[STDERR  ] 2019-06-10T09:23:27.115503284Z: [    3.931050] Unstable clock detected, switching default tracing clock to "global"
[STDERR  ] 2019-06-10T09:23:27.115516133Z: [    3.931050] If you want to keep using the local clock, then add:
[STDERR  ] 2019-06-10T09:23:27.115524105Z: [    3.931050]   "trace_clock=local"
[STDERR  ] 2019-06-10T09:23:27.115534962Z: [    3.931050] on the kernel command line
[STDERR  ] 2019-06-10T09:23:27.115542707Z: [    3.949654] scsi 2:0:0:0: CD-ROM            QEMU     QEMU DVD-ROM     2.5+ PQ: 0 ANSI: 5
[STDERR  ] 2019-06-10T09:23:27.115550605Z: [    3.956927] sd 0:0:0:0: [sda] Write cache: enabled, read cache: enabled, doesn't support DPO or FUA
[STDERR  ] 2019-06-10T09:23:27.115558619Z: [    3.967087]  sda: sda1
[STDERR  ] 2019-06-10T09:23:27.115566434Z: [    3.969530] sd 0:0:0:0: [sda] Attached SCSI disk
[STDERR  ] 2019-06-10T09:23:27.115574286Z: [    3.980566] sr 2:0:0:0: [sr0] scsi3-mmc drive: 4x/4x cd/rw xa/form2 tray
[STDERR  ] 2019-06-10T09:23:27.115582198Z: [    3.986638] cdrom: Uniform CD-ROM driver Revision: 3.20
[STDERR  ] 2019-06-10T09:23:27.115590151Z: [    3.991928] sr 2:0:0:0: Attached scsi generic sg1 type 5
[STDERR  ] 2019-06-10T09:23:27.115598019Z: [    3.999744] Freeing unused kernel image memory: 1584K
[STDERR  ] 2019-06-10T09:23:27.115605808Z: [    4.005810] Write protecting the kernel read-only data: 18432k
[STDERR  ] 2019-06-10T09:23:27.115616250Z: [    4.013517] Freeing unused kernel image memory: 2028K
[STDERR  ] 2019-06-10T09:23:27.115624258Z: [    4.018400] Freeing unused kernel image memory: 1084K
[STDERR  ] 2019-06-10T09:23:27.115632114Z: [    4.023001] Run /init as init process
[STDERR  ] 2019-06-10T09:23:27.115644950Z: 
[STDERR  ] 2019-06-10T09:23:27.115653226Z: Welcome to LinuxKit
[STDERR  ] 2019-06-10T09:23:27.115666251Z: 
[STDERR  ] 2019-06-10T09:23:27.115674527Z:                         ##         .
[STDERR  ] 2019-06-10T09:23:27.115682389Z:                   ## ## ##        ==
[STDERR  ] 2019-06-10T09:23:27.115689941Z:                ## ## ## ## ##    ===
[STDERR  ] 2019-06-10T09:23:27.115697626Z:            /"""""""""""""""""\___/ ===
[STDERR  ] 2019-06-10T09:23:27.115705342Z:           {                       /  ===-
[STDERR  ] 2019-06-10T09:23:27.115713085Z:            \______ O           __/
[STDERR  ] 2019-06-10T09:23:27.115721110Z:              \    \         __/
[STDERR  ] 2019-06-10T09:23:27.115728760Z:               \____\_______/
[STDERR  ] 2019-06-10T09:23:27.115736502Z: 
[STDERR  ] 2019-06-10T09:23:27.115744261Z: [    4.971013] IPVS: ftp: loaded support on port[0] = 21
[STDERR  ] 2019-06-10T09:23:27.115755711Z: [    5.341446]  sda:
[STDERR  ] 2019-06-10T09:23:27.115763433Z: [    5.347497]  sda:
[STDERR  ] 2019-06-10T09:23:27.115771041Z: [    5.612387]  sda: sda1
[STDERR  ] 2019-06-10T09:23:27.115778752Z: [    5.870422]  sda: sda1
[STDERR  ] 2019-06-10T09:23:27.115790091Z: [    5.875924]  sda: sda1
[STDERR  ] 2019-06-10T09:23:27.115797699Z: 2019/06/10 09:23:16 Successfully resized /dev/sda
[STDERR  ] 2019-06-10T09:23:27.115805783Z: [    7.043504] IPVS: ftp: loaded support on port[0] = 21
[STDERR  ] 2019-06-10T09:23:27.115814474Z: [    7.108514] EXT4-fs (sda1): mounted filesystem with ordered data mode. Opts: (null)
[STDERR  ] 2019-06-10T09:23:27.115824096Z: extend test suite PASSED
[STDERR  ] 2019-06-10T09:23:27.115832383Z: + '[' -f /var/lib/docker/bar ]
[STDERR  ] 2019-06-10T09:23:27.115840300Z: + touch /var/lib/docker/foo
[STDERR  ] 2019-06-10T09:23:27.115848291Z: + grep -qE '[4-5][0-9]{2}\.[0-9]{1,}M'
[STDERR  ] 2019-06-10T09:23:27.115856849Z: + df -h
[STDERR  ] 2019-06-10T09:23:27.115864788Z: + printf 'extend test suite PASSED\n'
[STDERR  ] 2019-06-10T09:23:27.115875482Z: [   17.412462] sd 0:0:0:0: [sda] Synchronizing SCSI cache
[STDERR  ] 2019-06-10T09:23:27.115883188Z: [   17.418203] sd 0:0:0:0: [sda] Stopping disk
[STDERR  ] 2019-06-10T09:23:27.115890880Z: [   17.423429] ACPI: Preparing to enter system sleep state S5
[STDERR  ] 2019-06-10T09:23:27.115898616Z: [   17.429058] reboot: Power down
[STDERR  ] 2019-06-10T09:23:27.115906344Z: + echo [    0.000000] Linux version 4.19.49-linuxkit (root@fed2e0f7a11b) (gcc version 8.3.0 (Alpine 8.3.0)) #1 SMP Sun Jun 9 23:48:25 UTC 2019
[STDERR  ] 2019-06-10T09:23:27.115915727Z: [    0.000000] Command line: console=ttyS0 console=ttyAMA0
[STDERR  ] 2019-06-10T09:23:27.115923395Z: [    0.000000] x86/fpu: x87 FPU will use FXSAVE
[STDERR  ] 2019-06-10T09:23:27.115931293Z: [    0.000000] BIOS-provided physical RAM map:
[STDERR  ] 2019-06-10T09:23:27.115939132Z: [    0.000000] BIOS-e820: [mem 0x0000000000000000-0x000000000009fbff] usable
[STDERR  ] 2019-06-10T09:23:27.115948467Z: [    0.000000] BIOS-e820: [mem 0x000000000009fc00-0x000000000009ffff] reserved
[STDERR  ] 2019-06-10T09:23:27.115969688Z: [    0.000000] BIOS-e820: [mem 0x00000000000f0000-0x00000000000fffff] reserved
[STDERR  ] 2019-06-10T09:23:27.115980709Z: [    0.000000] BIOS-e820: [mem 0x0000000000100000-0x000000003ffdefff] usable
[STDERR  ] 2019-06-10T09:23:27.115995262Z: [    0.000000] BIOS-e820: [mem 0x000000003ffdf000-0x000000003fffffff] reserved
[STDERR  ] 2019-06-10T09:23:27.116093593Z: [    0.000000] BIOS-e820: [mem 0x00000000b0000000-0x00000000bfffffff] reserved
[STDERR  ] 2019-06-10T09:23:27.116189584Z: [    0.000000] BIOS-e820: [mem 0x00000000fed1c000-0x00000000fed1ffff] reserved
[STDERR  ] 2019-06-10T09:23:27.116218887Z: [    0.000000] BIOS-e820: [mem 0x00000000feffc000-0x00000000feffffff] reserved
[STDERR  ] 2019-06-10T09:23:27.116251133Z: [    0.000000] BIOS-e820: [mem 0x00000000fffc0000-0x00000000ffffffff] reserved
[STDERR  ] 2019-06-10T09:23:27.116280420Z: [    0.000000] NX (Execute Disable) protection: active
[STDERR  ] 2019-06-10T09:23:27.116309217Z: [    0.000000] SMBIOS 2.8 present.
[STDERR  ] 2019-06-10T09:23:27.116344064Z: [    0.000000] DMI: QEMU Standard PC (Q35 + ICH9, 2009), BIOS 1.10.2-1 04/01/2014
[STDERR  ] 2019-06-10T09:23:27.116373322Z: [    0.000000] Hypervisor detected: KVM
[STDERR  ] 2019-06-10T09:23:27.116403059Z: [    0.000000] kvm-clock: Using msrs 4b564d01 and 4b564d00
[STDERR  ] 2019-06-10T09:23:27.116432276Z: [    0.557437] kvm-clock: cpu 0, msr 2081c001, primary cpu clock
[STDERR  ] 2019-06-10T09:23:27.116460576Z: [    0.557437] clocksource: kvm-clock: mask: 0xffffffffffffffff max_cycles: 0x1cd42e4dffb, max_idle_ns: 881590591483 ns
[STDERR  ] 2019-06-10T09:23:27.116490817Z: [    0.557449] tsc: Detected 2299.792 MHz processor
[STDERR  ] 2019-06-10T09:23:27.116525934Z: [    0.560614] last_pfn = 0x3ffdf max_arch_pfn = 0x400000000
[STDERR  ] 2019-06-10T09:23:27.116552089Z: [    0.561252] x86/PAT: PAT not supported by CPU.
[STDERR  ] 2019-06-10T09:23:27.116589429Z: [    0.561310] x86/PAT: Configuration [0-7]: WB  WT  UC- UC  WB  WT  UC- UC  
[STDERR  ] 2019-06-10T09:23:27.116618303Z: [    0.571743] found SMP MP-table at [mem 0x000f6a90-0x000f6a9f]
[STDERR  ] 2019-06-10T09:23:27.116650811Z: [    0.572020] RAMDISK: [mem 0x3c4ca000-0x3ffcffff]
[STDERR  ] 2019-06-10T09:23:27.116679951Z: [    0.572236] ACPI: Early table checksum verification disabled
[STDERR  ] 2019-06-10T09:23:27.116705835Z: [    0.572370] ACPI: RSDP 0x00000000000F68D0 000014 (v00 BOCHS )
[STDERR  ] 2019-06-10T09:23:27.116737357Z: [    0.572381] ACPI: RSDT 0x000000003FFE2404 000034 (v01 BOCHS  BXPCRSDT 00000001 BXPC 00000001)
[STDERR  ] 2019-06-10T09:23:27.116766851Z: [    0.572398] ACPI: FACP 0x000000003FFE22A4 000074 (v01 BOCHS  BXPCFACP 00000001 BXPC 00000001)
[STDERR  ] 2019-06-10T09:23:27.116806650Z: [    0.572405] ACPI: DSDT 0x000000003FFE0040 002264 (v01 BOCHS  BXPCDSDT 00000001 BXPC 00000001)
[STDERR  ] 2019-06-10T09:23:27.116983009Z: [    0.572409] ACPI: FACS 0x000000003FFE0000 000040
[STDERR  ] 2019-06-10T09:23:27.117014996Z: [    0.572413] ACPI: APIC 0x000000003FFE2318 000078 (v01 BOCHS  BXPCAPIC 00000001 BXPC 00000001)
[STDERR  ] 2019-06-10T09:23:27.117117558Z: [    0.572417] ACPI: HPET 0x000000003FFE2390 000038 (v01 BOCHS  BXPCHPET 00000001 BXPC 00000001)
[STDERR  ] 2019-06-10T09:23:27.117155098Z: [    0.572421] ACPI: MCFG 0x000000003FFE23C8 00003C (v01 BOCHS  BXPCMCFG 00000001 BXPC 00000001)
[STDERR  ] 2019-06-10T09:23:27.117184857Z: [    0.573262] Zone ranges:
[STDERR  ] 2019-06-10T09:23:27.117213770Z: [    0.573265]   DMA      [mem 0x0000000000001000-0x0000000000ffffff]
[STDERR  ] 2019-06-10T09:23:27.117248332Z: [    0.573268]   DMA32    [mem 0x0000000001000000-0x000000003ffdefff]
[STDERR  ] 2019-06-10T09:23:27.117280351Z: [    0.573272]   Normal   empty
[STDERR  ] 2019-06-10T09:23:27.117309241Z: [    0.573275]   Device   empty
[STDERR  ] 2019-06-10T09:23:27.117335188Z: [    0.573277] Movable zone start for each node
[STDERR  ] 2019-06-10T09:23:27.117365847Z: [    0.573279] Early memory node ranges
[STDERR  ] 2019-06-10T09:23:27.117395333Z: [    0.573282]   node   0: [mem 0x0000000000001000-0x000000000009efff]
[STDERR  ] 2019-06-10T09:23:27.117423741Z: [    0.573285]   node   0: [mem 0x0000000000100000-0x000000003ffdefff]
[STDERR  ] 2019-06-10T09:23:27.117451802Z: [    0.573838] Reserved but unavailable: 98 pages
[STDERR  ] 2019-06-10T09:23:27.117484469Z: [    0.573841] Initmem setup node 0 [mem 0x0000000000001000-0x000000003ffdefff]
[STDERR  ] 2019-06-10T09:23:27.117517004Z: [    0.585292] ACPI: PM-Timer IO Port: 0x608
[STDERR  ] 2019-06-10T09:23:27.117548342Z: [    0.585338] ACPI: LAPIC_NMI (acpi_id[0xff] dfl dfl lint[0x1])
[STDERR  ] 2019-06-10T09:23:27.117578929Z: [    0.585584] IOAPIC[0]: apic_id 0, version 17, address 0xfec00000, GSI 0-23
[STDERR  ] 2019-06-10T09:23:27.117609039Z: [    0.585588] ACPI: INT_SRC_OVR (bus 0 bus_irq 0 global_irq 2 dfl dfl)
[STDERR  ] 2019-06-10T09:23:27.117637832Z: [    0.585590] ACPI: INT_SRC_OVR (bus 0 bus_irq 5 global_irq 5 high level)
[STDERR  ] 2019-06-10T09:23:27.117663877Z: [    0.585592] ACPI: INT_SRC_OVR (bus 0 bus_irq 9 global_irq 9 high level)
[STDERR  ] 2019-06-10T09:23:27.117701495Z: [    0.585597] ACPI: INT_SRC_OVR (bus 0 bus_irq 10 global_irq 10 high level)
[STDERR  ] 2019-06-10T09:23:27.117731383Z: [    0.585599] ACPI: INT_SRC_OVR (bus 0 bus_irq 11 global_irq 11 high level)
[STDERR  ] 2019-06-10T09:23:27.117760270Z: [    0.585606] Using ACPI (MADT) for SMP configuration information
[STDERR  ] 2019-06-10T09:23:27.117788226Z: [    0.585608] ACPI: HPET id: 0x8086a201 base: 0xfed00000
[STDERR  ] 2019-06-10T09:23:27.117817801Z: [    0.585647] smpboot: Allowing 1 CPUs, 0 hotplug CPUs
[STDERR  ] 2019-06-10T09:23:27.117846206Z: [    0.585768] [mem 0x40000000-0xafffffff] available for PCI devices
[STDERR  ] 2019-06-10T09:23:27.117874693Z: [    0.585770] Booting paravirtualized kernel on KVM
[STDERR  ] 2019-06-10T09:23:27.117907053Z: [    0.585772] clocksource: refined-jiffies: mask: 0xffffffff max_cycles: 0xffffffff, max_idle_ns: 1910969940391419 ns
[STDERR  ] 2019-06-10T09:23:27.117944722Z: [    0.689332] random: get_random_bytes called from start_kernel+0x91/0x512 with crng_init=0
[STDERR  ] 2019-06-10T09:23:27.117974912Z: [    0.689348] setup_percpu: NR_CPUS:128 nr_cpumask_bits:128 nr_cpu_ids:1 nr_node_ids:1
[STDERR  ] 2019-06-10T09:23:27.118003254Z: [    0.690073] percpu: Embedded 45 pages/cpu s145112 r8192 d31016 u2097152
[STDERR  ] 2019-06-10T09:23:27.118036904Z: [    0.690181] KVM setup async PF for cpu 0
[STDERR  ] 2019-06-10T09:23:27.118066449Z: [    0.690233] kvm-stealtime: cpu 0, msr 3b015e80
[STDERR  ] 2019-06-10T09:23:27.118092331Z: [    0.690261] Built 1 zonelists, mobility grouping on.  Total pages: 257896
[STDERR  ] 2019-06-10T09:23:27.118122523Z: [    0.690264] Kernel command line: console=ttyS0 console=ttyAMA0
[STDERR  ] 2019-06-10T09:23:27.118157515Z: [    0.690416] Dentry cache hash table entries: 131072 (order: 8, 1048576 bytes)
[STDERR  ] 2019-06-10T09:23:27.118186295Z: [    0.690504] Inode-cache hash table entries: 65536 (order: 7, 524288 bytes)
[STDERR  ] 2019-06-10T09:23:27.118213251Z: [    0.694324] Memory: 941444K/1048052K available (12300K kernel code, 1577K rwdata, 3012K rodata, 1584K init, 2028K bss, 106608K reserved, 0K cma-reserved)
[STDERR  ] 2019-06-10T09:23:27.118243092Z: [    0.694980] Kernel/User page tables isolation: enabled
[STDERR  ] 2019-06-10T09:23:27.118273547Z: [    0.695083] ftrace: allocating 43126 entries in 169 pages
[STDERR  ] 2019-06-10T09:23:27.118305529Z: [    0.716953] rcu: Hierarchical RCU implementation.
[STDERR  ] 2019-06-10T09:23:27.118333495Z: [    0.716956] rcu: 	RCU restricting CPUs from NR_CPUS=128 to nr_cpu_ids=1.
[STDERR  ] 2019-06-10T09:23:27.118361734Z: [    0.716958] rcu: Adjusting geometry for rcu_fanout_leaf=16, nr_cpu_ids=1
[STDERR  ] 2019-06-10T09:23:27.118390785Z: [    0.719707] NR_IRQS: 8448, nr_irqs: 256, preallocated irqs: 16
[STDERR  ] 2019-06-10T09:23:27.118418922Z: [    0.745913] Console: colour VGA+ 80x25
[STDERR  ] 2019-06-10T09:23:27.118446855Z: [    1.175151] console [ttyS0] enabled
[STDERR  ] 2019-06-10T09:23:27.118476494Z: [    1.178044] ACPI: Core revision 20180810
[STDERR  ] 2019-06-10T09:23:27.118502586Z: [    1.182029] clocksource: hpet: mask: 0xffffffff max_cycles: 0xffffffff, max_idle_ns: 19112604467 ns
[STDERR  ] 2019-06-10T09:23:27.118541315Z: [    1.189950] APIC: Switch to symmetric I/O mode setup
[STDERR  ] 2019-06-10T09:23:27.118573822Z: [    1.196505] x2apic enabled
[STDERR  ] 2019-06-10T09:23:27.118605848Z: [    1.200963] Switched APIC routing to physical x2apic.
[STDERR  ] 2019-06-10T09:23:27.118634599Z: [    1.214950] ..TIMER: vector=0x30 apic1=0 pin1=2 apic2=-1 pin2=-1
[STDERR  ] 2019-06-10T09:23:27.118663224Z: [    1.220072] clocksource: tsc-early: mask: 0xffffffffffffffff max_cycles: 0x212670b980e, max_idle_ns: 440795215582 ns
[STDERR  ] 2019-06-10T09:23:27.118691847Z: [    1.228741] Calibrating delay loop (skipped) preset value.. 4599.58 BogoMIPS (lpj=2299792)
[STDERR  ] 2019-06-10T09:23:27.118720809Z: [    1.229718] pid_max: default: 32768 minimum: 301
[STDERR  ] 2019-06-10T09:23:27.118749084Z: [    1.230833] Security Framework initialized
[STDERR  ] 2019-06-10T09:23:27.118793038Z: [    1.231717] Yama: becoming mindful.
[STDERR  ] 2019-06-10T09:23:27.118820016Z: [    1.232763] Mount-cache hash table entries: 2048 (order: 2, 16384 bytes)
[STDERR  ] 2019-06-10T09:23:27.118850828Z: [    1.233728] Mountpoint-cache hash table entries: 2048 (order: 2, 16384 bytes)
[STDERR  ] 2019-06-10T09:23:27.118880257Z: [    1.237761] Last level iTLB entries: 4KB 0, 2MB 0, 4MB 0
[STDERR  ] 2019-06-10T09:23:27.118908698Z: [    1.238715] Last level dTLB entries: 4KB 0, 2MB 0, 4MB 0, 1GB 0
[STDERR  ] 2019-06-10T09:23:27.118933932Z: [    1.239716] Spectre V2 : Mitigation: Full generic retpoline
[STDERR  ] 2019-06-10T09:23:27.118964786Z: [    1.240714] Spectre V2 : Spectre v2 / SpectreRSB mitigation: Filling RSB on context switch
[STDERR  ] 2019-06-10T09:23:27.119020168Z: [    1.241714] Speculative Store Bypass: Vulnerable
[STDERR  ] 2019-06-10T09:23:27.119055437Z: [    1.242736] MDS: Vulnerable: Clear CPU buffers attempted, no microcode
[STDERR  ] 2019-06-10T09:23:27.119084928Z: [    1.252991] Freeing SMP alternatives memory: 20K
[STDERR  ] 2019-06-10T09:23:27.119113364Z: [    1.255710] smpboot: CPU0: Intel QEMU Virtual CPU version 2.5+ (family: 0x6, model: 0x6, stepping: 0x3)
[STDERR  ] 2019-06-10T09:23:27.119142720Z: [    1.255890] Performance Events: PMU not available due to virtualization, using software events only.
[STDERR  ] 2019-06-10T09:23:27.119173123Z: [    1.258072] rcu: Hierarchical SRCU implementation.
[STDERR  ] 2019-06-10T09:23:27.119204791Z: [    1.258857] NMI watchdog: Perf NMI watchdog permanently disabled
[STDERR  ] 2019-06-10T09:23:27.119233424Z: [    1.260399] smp: Bringing up secondary CPUs ...
[STDERR  ] 2019-06-10T09:23:27.119262521Z: [    1.260718] smp: Brought up 1 node, 1 CPU
[STDERR  ] 2019-06-10T09:23:27.119290879Z: [    1.261715] smpboot: Max logical packages: 1
[STDERR  ] 2019-06-10T09:23:27.119323328Z: [    1.262714] smpboot: Total of 1 processors activated (4599.58 BogoMIPS)
[STDERR  ] 2019-06-10T09:23:27.119351737Z: [    1.264925] devtmpfs: initialized
[STDERR  ] 2019-06-10T09:23:27.119380302Z: [    1.265795] x86/mm: Memory block size: 128MB
[STDERR  ] 2019-06-10T09:23:27.119408869Z: [    1.267936] clocksource: jiffies: mask: 0xffffffff max_cycles: 0xffffffff, max_idle_ns: 1911260446275000 ns
[STDERR  ] 2019-06-10T09:23:27.119435304Z: [    1.268721] futex hash table entries: 256 (order: 2, 16384 bytes)
[STDERR  ] 2019-06-10T09:23:27.119465743Z: [    1.270004] NET: Registered protocol family 16
[STDERR  ] 2019-06-10T09:23:27.119494093Z: [    1.271819] audit: initializing netlink subsys (disabled)
[STDERR  ] 2019-06-10T09:23:27.119526914Z: [    1.272784] audit: type=2000 audit(1560158589.924:1): state=initialized audit_enabled=0 res=1
[STDERR  ] 2019-06-10T09:23:27.119556433Z: [    1.273813] cpuidle: using governor ladder
[STDERR  ] 2019-06-10T09:23:27.119584788Z: [    1.274715] cpuidle: using governor menu
[STDERR  ] 2019-06-10T09:23:27.119613821Z: [    1.275843] ACPI: bus type PCI registered
[STDERR  ] 2019-06-10T09:23:27.119643100Z: [    1.276714] acpiphp: ACPI Hot Plug PCI Controller Driver version: 0.5
[STDERR  ] 2019-06-10T09:23:27.119671468Z: [    1.278170] PCI: MMCONFIG for domain 0000 [bus 00-ff] at [mem 0xb0000000-0xbfffffff] (base 0xb0000000)
[STDERR  ] 2019-06-10T09:23:27.119703614Z: [    1.278719] PCI: MMCONFIG at [mem 0xb0000000-0xbfffffff] reserved in E820
[STDERR  ] 2019-06-10T09:23:27.119735491Z: [    1.279737] PCI: Using configuration type 1 for base access
[STDERR  ] 2019-06-10T09:23:27.119763847Z: [    1.282602] HugeTLB registered 2.00 MiB page size, pre-allocated 0 pages
[STDERR  ] 2019-06-10T09:23:27.119795815Z: [    1.283870] cryptd: max_cpu_qlen set to 1000
[STDERR  ] 2019-06-10T09:23:27.119824094Z: [    1.284880] ACPI: Added _OSI(Module Device)
[STDERR  ] 2019-06-10T09:23:27.119852279Z: [    1.285714] ACPI: Added _OSI(Processor Device)
[STDERR  ] 2019-06-10T09:23:27.119880294Z: [    1.286714] ACPI: Added _OSI(3.0 _SCP Extensions)
[STDERR  ] 2019-06-10T09:23:27.119908133Z: [    1.287714] ACPI: Added _OSI(Processor Aggregator Device)
[STDERR  ] 2019-06-10T09:23:27.119940946Z: [    1.288729] ACPI: Added _OSI(Linux-Dell-Video)
[STDERR  ] 2019-06-10T09:23:27.119976118Z: [    1.289715] ACPI: Added _OSI(Linux-Lenovo-NV-HDMI-Audio)
[STDERR  ] 2019-06-10T09:23:27.120004816Z: [    1.292333] ACPI: 1 ACPI AML tables successfully acquired and loaded
[STDERR  ] 2019-06-10T09:23:27.120037056Z: [    1.295773] ACPI: Interpreter enabled
[STDERR  ] 2019-06-10T09:23:27.120151694Z: [    1.296721] ACPI: (supports S0 S5)
[STDERR  ] 2019-06-10T09:23:27.120178625Z: [    1.297715] ACPI: Using IOAPIC for interrupt routing
[STDERR  ] 2019-06-10T09:23:27.120208953Z: [    1.298764] PCI: Using host bridge windows from ACPI; if necessary, use "pci=nocrs" and report a bug
[STDERR  ] 2019-06-10T09:23:27.120235445Z: [    1.299950] ACPI: Enabled 2 GPEs in block 00 to 3F
[STDERR  ] 2019-06-10T09:23:27.120263477Z: [    1.304386] ACPI: PCI Root Bridge [PCI0] (domain 0000 [bus 00-ff])
[STDERR  ] 2019-06-10T09:23:27.120301114Z: [    1.304722] acpi PNP0A08:00: _OSC: OS supports [ExtendedConfig ASPM ClockPM Segments MSI]
[STDERR  ] 2019-06-10T09:23:27.120328223Z: [    1.305824] acpi PNP0A08:00: _OSC: platform does not support [SHPCHotplug LTR]
[STDERR  ] 2019-06-10T09:23:27.120358716Z: [    1.306809] acpi PNP0A08:00: _OSC: OS now controls [PCIeHotplug PME PCIeCapability]
[STDERR  ] 2019-06-10T09:23:27.120387165Z: [    1.308117] PCI host bridge to bus 0000:00
[STDERR  ] 2019-06-10T09:23:27.120417132Z: [    1.308718] pci_bus 0000:00: root bus resource [io  0x0000-0x0cf7 window]
[STDERR  ] 2019-06-10T09:23:27.120447481Z: [    1.309716] pci_bus 0000:00: root bus resource [io  0x0d00-0xffff window]
