[INFO    ] 2018-07-10T22:14:21.019805088Z: Running Test linuxkit.packages.sysctl in /tmp/build/test/cases/040_packages/019_sysctl
[INFO    ] 2018-07-10T22:14:21.019993385Z: Running command: [/bin/sh -x /tmp/build/test/cases/040_packages/019_sysctl/test.sh]
[STDERR  ] 2018-07-10T22:14:21.043915265Z: + set -e
[STDERR  ] 2018-07-10T22:14:21.044006751Z: + . /tmp/build/test/cases/_lib/lib.sh
[STDERR  ] 2018-07-10T22:14:21.044019049Z: + [ -f src/github.com/linuxkit/rtf/lib/lib.sh ]
[STDERR  ] 2018-07-10T22:14:21.044031523Z: + LINUXKIT_TMPDIR=/tmp/build/test/cases/_tmp
[STDERR  ] 2018-07-10T22:14:21.044048224Z: + [ -f /tmp/build/test/cases/_tmp/env.sh ]
[STDERR  ] 2018-07-10T22:14:21.044060189Z: + . /tmp/build/test/cases/_tmp/env.sh
[STDERR  ] 2018-07-10T22:14:21.044068725Z: + export LINUXKIT_EXAMPLES_DIR=/tmp/build/test/cases/../../examples
[STDERR  ] 2018-07-10T22:14:21.044106883Z: + RT_CANCEL=253
[STDERR  ] 2018-07-10T22:14:21.044115606Z: + NAME=sysctl
[STDERR  ] 2018-07-10T22:14:21.044124307Z: + trap clean_up EXIT
[STDERR  ] 2018-07-10T22:14:21.044132887Z: + linuxkit build -format kernel+initrd -name sysctl test.yml
[STDERR  ] 2018-07-10T22:14:21.073432812Z: Extract kernel image: linuxkit/kernel:4.14.54
[STDERR  ] 2018-07-10T22:14:23.039796101Z: Add init containers:
[STDERR  ] 2018-07-10T22:14:23.039852803Z: Process init image: linuxkit/init:v0.5
[STDERR  ] 2018-07-10T22:14:24.480228886Z: Process init image: linuxkit/runc:v0.5
[STDERR  ] 2018-07-10T22:14:25.875502813Z: Add onboot containers:
[STDERR  ] 2018-07-10T22:14:25.875555892Z:   Create OCI config for linuxkit/sysctl:v0.5
[STDERR  ] 2018-07-10T22:14:27.435678966Z:   Create OCI config for alpine:3.8
[STDERR  ] 2018-07-10T22:14:28.828578621Z:   Create OCI config for linuxkit/poweroff:2687ed712690766b8156a77ac600005b532d2c7d
[STDERR  ] 2018-07-10T22:14:30.220281556Z: Add files:
[STDERR  ] 2018-07-10T22:14:30.220333301Z:   check.sh
[STDERR  ] 2018-07-10T22:14:30.235559349Z: Create outputs:
[STDERR  ] 2018-07-10T22:14:35.205626309Z:   sysctl-kernel sysctl-initrd.img sysctl-cmdline
[STDERR  ] 2018-07-10T22:14:35.264302494Z: + linuxkit run sysctl
[STDERR  ] 2018-07-10T22:14:35.288819753Z: Unable to find qemu-system-x86_64 within the $PATH. Using a container
[STDOUT  ] 2018-07-10T22:15:06.775548460Z: c[?7l[2J[0mSeaBIOS (version rel-1.11.1-0-g0551a4be2c-prebuilt.qemu-project.org)
[STDOUT  ] 2018-07-10T22:15:06.775649140Z: Machine UUID 5ee95584-bcca-4b6c-9fd1-8eb49eda8dcd
[STDOUT  ] 2018-07-10T22:15:06.775659651Z: 
[STDOUT  ] 2018-07-10T22:15:06.775675268Z: 
[STDOUT  ] 2018-07-10T22:15:06.775685120Z: iPXE (http://ipxe.org) 00:03.0 C980 PCI2.10 PnP PMM+3FF91230+3FEF1230 C980
[STDOUT  ] 2018-07-10T22:15:06.775694544Z: Press Ctrl-B to configure iPXE (PCI 00:03.0)...                                                                               
[STDOUT  ] 2018-07-10T22:15:06.775705460Z: 
[STDOUT  ] 2018-07-10T22:15:06.775714361Z: 
[STDOUT  ] 2018-07-10T22:15:06.775724938Z: Booting from ROM..c[?7l[2J[    0.000000] Linux version 4.14.54-linuxkit (root@2233aef63b78) (gcc version 6.4.0 (Alpine 6.4.0)) #1 SMP Tue Jul 10 10:23:45 UTC 2018
[STDOUT  ] 2018-07-10T22:15:06.775737634Z: [    0.000000] Command line: console=ttyS0 console=ttyAMA0
[STDOUT  ] 2018-07-10T22:15:06.775749086Z: [    0.000000] x86/fpu: x87 FPU will use FXSAVE
[STDOUT  ] 2018-07-10T22:15:06.775759801Z: [    0.000000] e820: BIOS-provided physical RAM map:
[STDOUT  ] 2018-07-10T22:15:06.775770415Z: [    0.000000] BIOS-e820: [mem 0x0000000000000000-0x000000000009fbff] usable
[STDOUT  ] 2018-07-10T22:15:06.775780192Z: [    0.000000] BIOS-e820: [mem 0x000000000009fc00-0x000000000009ffff] reserved
[STDOUT  ] 2018-07-10T22:15:06.775790320Z: [    0.000000] BIOS-e820: [mem 0x00000000000f0000-0x00000000000fffff] reserved
[STDOUT  ] 2018-07-10T22:15:06.775799904Z: [    0.000000] BIOS-e820: [mem 0x0000000000100000-0x000000003ffdefff] usable
[STDOUT  ] 2018-07-10T22:15:06.775809348Z: [    0.000000] BIOS-e820: [mem 0x000000003ffdf000-0x000000003fffffff] reserved
[STDOUT  ] 2018-07-10T22:15:06.775832146Z: [    0.000000] BIOS-e820: [mem 0x00000000b0000000-0x00000000bfffffff] reserved
[STDOUT  ] 2018-07-10T22:15:06.775848395Z: [    0.000000] BIOS-e820: [mem 0x00000000fed1c000-0x00000000fed1ffff] reserved
[STDOUT  ] 2018-07-10T22:15:06.775857410Z: [    0.000000] BIOS-e820: [mem 0x00000000fffc0000-0x00000000ffffffff] reserved
[STDOUT  ] 2018-07-10T22:15:06.775865780Z: [    0.000000] NX (Execute Disable) protection: active
[STDOUT  ] 2018-07-10T22:15:06.775874132Z: [    0.000000] SMBIOS 2.8 present.
[STDOUT  ] 2018-07-10T22:15:06.775883237Z: [    0.000000] DMI: QEMU Standard PC (Q35 + ICH9, 2009), BIOS rel-1.11.1-0-g0551a4be2c-prebuilt.qemu-project.org 04/01/2014
[STDOUT  ] 2018-07-10T22:15:06.775892058Z: [    0.000000] tsc: Fast TSC calibration using PIT
[STDOUT  ] 2018-07-10T22:15:06.775900978Z: [    0.000000] e820: last_pfn = 0x3ffdf max_arch_pfn = 0x400000000
[STDOUT  ] 2018-07-10T22:15:06.775909209Z: [    0.000000] x86/PAT: Configuration [0-7]: WB  WC  UC- UC  WB  WP  UC- WT  
[STDOUT  ] 2018-07-10T22:15:06.775917261Z: [    0.000000] found SMP MP-table at [mem 0x000f5b70-0x000f5b7f] mapped at [ffffffffff200b70]
[STDOUT  ] 2018-07-10T22:15:06.775927165Z: [    0.000000] RAMDISK: [mem 0x3e426000-0x3ffcffff]
[STDOUT  ] 2018-07-10T22:15:06.775935545Z: [    0.000000] ACPI: Early table checksum verification disabled
[STDOUT  ] 2018-07-10T22:15:06.775944198Z: [    0.000000] ACPI: RSDP 0x00000000000F5980 000014 (v00 BOCHS )
[STDOUT  ] 2018-07-10T22:15:06.775951907Z: [    0.000000] ACPI: RSDT 0x000000003FFE20D6 000034 (v01 BOCHS  BXPCRSDT 00000001 BXPC 00000001)
[STDOUT  ] 2018-07-10T22:15:06.775959706Z: [    0.000000] ACPI: FACP 0x000000003FFE1EF6 0000F4 (v03 BOCHS  BXPCFACP 00000001 BXPC 00000001)
[STDOUT  ] 2018-07-10T22:15:06.775967237Z: [    0.000000] ACPI: DSDT 0x000000003FFE0040 001EB6 (v01 BOCHS  BXPCDSDT 00000001 BXPC 00000001)
[STDOUT  ] 2018-07-10T22:15:06.775974666Z: [    0.000000] ACPI: FACS 0x000000003FFE0000 000040
[STDOUT  ] 2018-07-10T22:15:06.775982202Z: [    0.000000] ACPI: APIC 0x000000003FFE1FEA 000078 (v01 BOCHS  BXPCAPIC 00000001 BXPC 00000001)
[STDOUT  ] 2018-07-10T22:15:06.775989816Z: [    0.000000] ACPI: HPET 0x000000003FFE2062 000038 (v01 BOCHS  BXPCHPET 00000001 BXPC 00000001)
[STDOUT  ] 2018-07-10T22:15:06.775997127Z: [    0.000000] ACPI: MCFG 0x000000003FFE209A 00003C (v01 BOCHS  BXPCMCFG 00000001 BXPC 00000001)
[STDOUT  ] 2018-07-10T22:15:06.776025451Z: [    0.000000] Zone ranges:
[STDOUT  ] 2018-07-10T22:15:06.776032999Z: [    0.000000]   DMA      [mem 0x0000000000001000-0x0000000000ffffff]
[STDOUT  ] 2018-07-10T22:15:06.776040497Z: [    0.000000]   DMA32    [mem 0x0000000001000000-0x000000003ffdefff]
[STDOUT  ] 2018-07-10T22:15:06.776048131Z: [    0.000000]   Normal   empty
[STDOUT  ] 2018-07-10T22:15:06.776056484Z: [    0.000000]   Device   empty
[STDOUT  ] 2018-07-10T22:15:06.776064210Z: [    0.000000] Movable zone start for each node
[STDOUT  ] 2018-07-10T22:15:06.776087802Z: [    0.000000] Early memory node ranges
[STDOUT  ] 2018-07-10T22:15:06.776097883Z: [    0.000000]   node   0: [mem 0x0000000000001000-0x000000000009efff]
[STDOUT  ] 2018-07-10T22:15:06.776106113Z: [    0.000000]   node   0: [mem 0x0000000000100000-0x000000003ffdefff]
[STDOUT  ] 2018-07-10T22:15:06.776114323Z: [    0.000000] Initmem setup node 0 [mem 0x0000000000001000-0x000000003ffdefff]
[STDOUT  ] 2018-07-10T22:15:06.776124277Z: [    0.000000] ACPI: PM-Timer IO Port: 0x608
[STDOUT  ] 2018-07-10T22:15:06.776133957Z: [    0.000000] ACPI: LAPIC_NMI (acpi_id[0xff] dfl dfl lint[0x1])
[STDOUT  ] 2018-07-10T22:15:06.776142525Z: [    0.000000] IOAPIC[0]: apic_id 0, version 32, address 0xfec00000, GSI 0-23
[STDOUT  ] 2018-07-10T22:15:06.776150516Z: [    0.000000] ACPI: INT_SRC_OVR (bus 0 bus_irq 0 global_irq 2 dfl dfl)
[STDOUT  ] 2018-07-10T22:15:06.776158762Z: [    0.000000] ACPI: INT_SRC_OVR (bus 0 bus_irq 5 global_irq 5 high level)
[STDOUT  ] 2018-07-10T22:15:06.776166523Z: [    0.000000] ACPI: INT_SRC_OVR (bus 0 bus_irq 9 global_irq 9 high level)
[STDOUT  ] 2018-07-10T22:15:06.776180868Z: [    0.000000] ACPI: INT_SRC_OVR (bus 0 bus_irq 10 global_irq 10 high level)
[STDOUT  ] 2018-07-10T22:15:06.776193956Z: [    0.000000] ACPI: INT_SRC_OVR (bus 0 bus_irq 11 global_irq 11 high level)
[STDOUT  ] 2018-07-10T22:15:06.776202637Z: [    0.000000] Using ACPI (MADT) for SMP configuration information
[STDOUT  ] 2018-07-10T22:15:06.776211571Z: [    0.000000] ACPI: HPET id: 0x8086a201 base: 0xfed00000
[STDOUT  ] 2018-07-10T22:15:06.776220462Z: [    0.000000] smpboot: Allowing 1 CPUs, 0 hotplug CPUs
[STDOUT  ] 2018-07-10T22:15:06.776229097Z: [    0.000000] e820: [mem 0x40000000-0xafffffff] available for PCI devices
[STDOUT  ] 2018-07-10T22:15:06.776237665Z: [    0.000000] Booting paravirtualized kernel on bare hardware
[STDOUT  ] 2018-07-10T22:15:06.776249813Z: [    0.000000] clocksource: refined-jiffies: mask: 0xffffffff max_cycles: 0xffffffff, max_idle_ns: 19112604462750000 ns
[STDOUT  ] 2018-07-10T22:15:06.776259238Z: [    0.000000] random: get_random_bytes called from start_kernel+0x92/0x4cb with crng_init=0
[STDOUT  ] 2018-07-10T22:15:06.776267764Z: [    0.000000] setup_percpu: NR_CPUS:128 nr_cpumask_bits:128 nr_cpu_ids:1 nr_node_ids:1
[STDOUT  ] 2018-07-10T22:15:06.776276583Z: [    0.000000] percpu: Embedded 44 pages/cpu @ffff9f2afe200000 s143256 r8192 d28776 u2097152
[STDOUT  ] 2018-07-10T22:15:06.776285443Z: [    0.000000] Built 1 zonelists, mobility grouping on.  Total pages: 257896
[STDOUT  ] 2018-07-10T22:15:06.776294202Z: [    0.000000] Kernel command line: console=ttyS0 console=ttyAMA0
[STDOUT  ] 2018-07-10T22:15:06.776303833Z: [    0.000000] PID hash table entries: 4096 (order: 3, 32768 bytes)
[STDOUT  ] 2018-07-10T22:15:06.776313087Z: [    0.000000] Dentry cache hash table entries: 131072 (order: 8, 1048576 bytes)
[STDOUT  ] 2018-07-10T22:15:06.776321330Z: [    0.000000] Inode-cache hash table entries: 65536 (order: 7, 524288 bytes)
[STDOUT  ] 2018-07-10T22:15:06.776330722Z: [    0.000000] Memory: 976472K/1048052K available (12300K kernel code, 1465K rwdata, 2992K rodata, 1512K init, 632K bss, 71580K reserved, 0K cma-reserved)
[STDOUT  ] 2018-07-10T22:15:06.776340560Z: [    0.000000] ftrace: allocating 41045 entries in 161 pages
[STDOUT  ] 2018-07-10T22:15:06.776349289Z: [    0.000000] Hierarchical RCU implementation.
[STDOUT  ] 2018-07-10T22:15:06.776357790Z: [    0.000000] 	RCU restricting CPUs from NR_CPUS=128 to nr_cpu_ids=1.
[STDOUT  ] 2018-07-10T22:15:06.776366363Z: [    0.000000] RCU: Adjusting geometry for rcu_fanout_leaf=16, nr_cpu_ids=1
[STDOUT  ] 2018-07-10T22:15:06.776374666Z: [    0.000000] NR_IRQS: 8448, nr_irqs: 256, preallocated irqs: 16
[STDOUT  ] 2018-07-10T22:15:06.776382958Z: [    0.000000] Console: colour VGA+ 80x25
[STDOUT  ] 2018-07-10T22:15:06.776391293Z: [    0.000000] console [ttyS0] enabled
[STDOUT  ] 2018-07-10T22:15:06.776399500Z: [    0.000000] clocksource: hpet: mask: 0xffffffff max_cycles: 0xffffffff, max_idle_ns: 19112604467 ns
[STDOUT  ] 2018-07-10T22:15:06.776408175Z: [    0.000000] tsc: Fast TSC calibration using PIT
[STDOUT  ] 2018-07-10T22:15:06.776416719Z: [    0.000000] tsc: Detected 2599.661 MHz processor
[STDOUT  ] 2018-07-10T22:15:06.776424846Z: [    0.001766] Calibrating delay loop (skipped), value calculated using timer frequency.. 5199.32 BogoMIPS (lpj=25996610)
[STDOUT  ] 2018-07-10T22:15:06.776433396Z: [    0.002265] pid_max: default: 32768 minimum: 301
[STDOUT  ] 2018-07-10T22:15:06.776441532Z: [    0.002979] ACPI: Core revision 20170728
[STDOUT  ] 2018-07-10T22:15:06.776449665Z: [    0.038103] ACPI: 1 ACPI AML tables successfully acquired and loaded
[STDOUT  ] 2018-07-10T22:15:06.776457760Z: [    0.040422] Security Framework initialized
[STDOUT  ] 2018-07-10T22:15:06.776465959Z: [    0.040946] Yama: becoming mindful.
[STDOUT  ] 2018-07-10T22:15:06.776474094Z: [    0.043704] Mount-cache hash table entries: 2048 (order: 2, 16384 bytes)
[STDOUT  ] 2018-07-10T22:15:06.776482336Z: [    0.044199] Mountpoint-cache hash table entries: 2048 (order: 2, 16384 bytes)
[STDOUT  ] 2018-07-10T22:15:06.776491913Z: [    0.062706] Last level iTLB entries: 4KB 0, 2MB 0, 4MB 0
[STDOUT  ] 2018-07-10T22:15:06.776505653Z: [    0.063082] Last level dTLB entries: 4KB 0, 2MB 0, 4MB 0, 1GB 0
[STDOUT  ] 2018-07-10T22:15:06.776518134Z: [    0.063620] Spectre V2 : Spectre mitigation: LFENCE not serializing, switching to generic retpoline
[STDOUT  ] 2018-07-10T22:15:06.776526557Z: [    0.064138] Spectre V2 : Mitigation: Full generic retpoline
[STDOUT  ] 2018-07-10T22:15:06.776534885Z: [    0.064523] Spectre V2 : Spectre v2 mitigation: Filling RSB on context switch
[STDOUT  ] 2018-07-10T22:15:06.776543333Z: [    0.064970] Speculative Store Bypass: Vulnerable
[STDOUT  ] 2018-07-10T22:15:06.776552605Z: [    0.362576] Freeing SMP alternatives memory: 20K
[STDOUT  ] 2018-07-10T22:15:06.776561039Z: [    0.383233] smpboot: Max logical packages: 1
[STDOUT  ] 2018-07-10T22:15:06.776569200Z: [    0.389865] ..TIMER: vector=0x30 apic1=0 pin1=2 apic2=-1 pin2=-1
[STDOUT  ] 2018-07-10T22:15:06.776577791Z: [    0.490000] smpboot: CPU0: AMD QEMU Virtual CPU version 2.5+ (family: 0x6, model: 0x6, stepping: 0x3)
[STDOUT  ] 2018-07-10T22:15:06.776588947Z: [    0.490000] Performance Events: PMU not available due to virtualization, using software events only.
[STDOUT  ] 2018-07-10T22:15:06.776597102Z: [    0.491856] Hierarchical SRCU implementation.
[STDOUT  ] 2018-07-10T22:15:06.776604681Z: [    0.499094] NMI watchdog: Perf event create on CPU 0 failed with -2
[STDOUT  ] 2018-07-10T22:15:06.776612945Z: [    0.499520] NMI watchdog: Perf NMI watchdog permanently disabled
[STDOUT  ] 2018-07-10T22:15:06.776621398Z: [    0.503432] smp: Bringing up secondary CPUs ...
[STDOUT  ] 2018-07-10T22:15:06.776629613Z: [    0.503859] smp: Brought up 1 node, 1 CPU
[STDOUT  ] 2018-07-10T22:15:06.776637396Z: [    0.504277] smpboot: Total of 1 processors activated (5199.32 BogoMIPS)
[STDOUT  ] 2018-07-10T22:15:06.776645567Z: [    0.520768] devtmpfs: initialized
[STDOUT  ] 2018-07-10T22:15:06.776654094Z: [    0.526556] x86/mm: Memory block size: 128MB
[STDOUT  ] 2018-07-10T22:15:06.776663511Z: [    0.532089] evm: security.ima
[STDOUT  ] 2018-07-10T22:15:06.776677969Z: [    0.532292] evm: security.capability
[STDOUT  ] 2018-07-10T22:15:06.776686234Z: [    0.535396] clocksource: jiffies: mask: 0xffffffff max_cycles: 0xffffffff, max_idle_ns: 19112604462750000 ns
[STDOUT  ] 2018-07-10T22:15:06.776694403Z: [    0.536199] futex hash table entries: 256 (order: 2, 16384 bytes)
[STDOUT  ] 2018-07-10T22:15:06.776702537Z: [    0.547103] NET: Registered protocol family 16
[STDOUT  ] 2018-07-10T22:15:06.776709275Z: [    0.553271] cpuidle: using governor ladder
[STDOUT  ] 2018-07-10T22:15:06.776715508Z: [    0.553731] cpuidle: using governor menu
[STDOUT  ] 2018-07-10T22:15:06.776722069Z: [    0.555360] ACPI: bus type PCI registered
[STDOUT  ] 2018-07-10T22:15:06.776727620Z: [    0.557973] PCI: MMCONFIG for domain 0000 [bus 00-ff] at [mem 0xb0000000-0xbfffffff] (base 0xb0000000)
[STDOUT  ] 2018-07-10T22:15:06.776734684Z: [    0.558804] PCI: MMCONFIG at [mem 0xb0000000-0xbfffffff] reserved in E820
[STDOUT  ] 2018-07-10T22:15:06.776740660Z: [    0.559645] PCI: Using configuration type 1 for base access
[STDOUT  ] 2018-07-10T22:15:06.776754627Z: [    0.598325] HugeTLB registered 2.00 MiB page size, pre-allocated 0 pages
[STDOUT  ] 2018-07-10T22:15:06.776764267Z: [    0.609762] ACPI: Added _OSI(Module Device)
[STDOUT  ] 2018-07-10T22:15:06.776772783Z: [    0.610000] ACPI: Added _OSI(Processor Device)
[STDOUT  ] 2018-07-10T22:15:06.776781477Z: [    0.610150] ACPI: Added _OSI(3.0 _SCP Extensions)
[STDOUT  ] 2018-07-10T22:15:06.776790308Z: [    0.610349] ACPI: Added _OSI(Processor Aggregator Device)
[STDOUT  ] 2018-07-10T22:15:06.776799512Z: [    0.655918] ACPI: Interpreter enabled
[STDOUT  ] 2018-07-10T22:15:06.776808201Z: [    0.656809] ACPI: (supports S0 S5)
[STDOUT  ] 2018-07-10T22:15:06.776814925Z: [    0.657188] ACPI: Using IOAPIC for interrupt routing
[STDOUT  ] 2018-07-10T22:15:06.776821331Z: [    0.659701] PCI: Using host bridge windows from ACPI; if necessary, use "pci=nocrs" and report a bug
[STDOUT  ] 2018-07-10T22:15:06.776833025Z: [    0.662215] ACPI: Enabled 1 GPEs in block 00 to 3F
[STDOUT  ] 2018-07-10T22:15:06.776839194Z: [    0.706782] ACPI: PCI Root Bridge [PCI0] (domain 0000 [bus 00-ff])
[STDOUT  ] 2018-07-10T22:15:06.776850090Z: [    0.707811] acpi PNP0A08:00: _OSC: OS supports [ExtendedConfig ASPM ClockPM Segments MSI]
[STDOUT  ] 2018-07-10T22:15:06.776856976Z: [    0.712700] acpi PNP0A08:00: _OSC: OS now controls [PCIeHotplug PME PCIeCapability]
[STDOUT  ] 2018-07-10T22:15:06.776862836Z: [    0.716395] PCI host bridge to bus 0000:00
[STDOUT  ] 2018-07-10T22:15:06.776868958Z: [    0.717057] pci_bus 0000:00: root bus resource [io  0x0000-0x0cf7 window]
[STDOUT  ] 2018-07-10T22:15:06.776881977Z: [    0.717443] pci_bus 0000:00: root bus resource [io  0x0d00-0xffff window]
[STDOUT  ] 2018-07-10T22:15:06.776887788Z: [    0.717751] pci_bus 0000:00: root bus resource [mem 0x000a0000-0x000bffff window]
[STDOUT  ] 2018-07-10T22:15:06.776896851Z: [    0.718050] pci_bus 0000:00: root bus resource [mem 0xc0000000-0xfebfffff window]
[STDOUT  ] 2018-07-10T22:15:06.776902755Z: [    0.718394] pci_bus 0000:00: root bus resource [mem 0x100000000-0x8ffffffff window]
[STDOUT  ] 2018-07-10T22:15:06.776909503Z: [    0.718916] pci_bus 0000:00: root bus resource [bus 00-ff]
[STDOUT  ] 2018-07-10T22:15:06.776915324Z: [    0.814581] pci 0000:00:1f.0: quirk: [io  0x0600-0x067f] claimed by ICH6 ACPI/GPIO/TCO
[STDOUT  ] 2018-07-10T22:15:06.776921427Z: [    0.867356] ACPI: PCI Interrupt Link [LNKA] (IRQs 5 *10 11)
[STDOUT  ] 2018-07-10T22:15:06.776927554Z: [    0.869377] ACPI: PCI Interrupt Link [LNKB] (IRQs 5 *10 11)
[STDOUT  ] 2018-07-10T22:15:06.776933442Z: [    0.871452] ACPI: PCI Interrupt Link [LNKC] (IRQs 5 10 *11)
[STDOUT  ] 2018-07-10T22:15:06.776939274Z: [    0.872817] ACPI: PCI Interrupt Link [LNKD] (IRQs 5 10 *11)
[STDOUT  ] 2018-07-10T22:15:06.776945378Z: [    0.874146] ACPI: PCI Interrupt Link [LNKE] (IRQs 5 *10 11)
[STDOUT  ] 2018-07-10T22:15:06.776951570Z: [    0.875397] ACPI: PCI Interrupt Link [LNKF] (IRQs 5 *10 11)
[STDOUT  ] 2018-07-10T22:15:06.776957025Z: [    0.876627] ACPI: PCI Interrupt Link [LNKG] (IRQs 5 10 *11)
[STDOUT  ] 2018-07-10T22:15:06.776962505Z: [    0.877845] ACPI: PCI Interrupt Link [LNKH] (IRQs 5 10 *11)
[STDOUT  ] 2018-07-10T22:15:06.776967937Z: [    0.880488] ACPI: PCI Interrupt Link [GSIA] (IRQs *16)
[STDOUT  ] 2018-07-10T22:15:06.776973846Z: [    0.881084] ACPI: PCI Interrupt Link [GSIB] (IRQs *17)
[STDOUT  ] 2018-07-10T22:15:06.776979344Z: [    0.881652] ACPI: PCI Interrupt Link [GSIC] (IRQs *18)
[STDOUT  ] 2018-07-10T22:15:06.776984994Z: [    0.882226] ACPI: PCI Interrupt Link [GSID] (IRQs *19)
[STDOUT  ] 2018-07-10T22:15:06.776990727Z: [    0.882753] ACPI: PCI Interrupt Link [GSIE] (IRQs *20)
[STDOUT  ] 2018-07-10T22:15:06.776996790Z: [    0.883310] ACPI: PCI Interrupt Link [GSIF] (IRQs *21)
[STDOUT  ] 2018-07-10T22:15:06.777002585Z: [    0.883831] ACPI: PCI Interrupt Link [GSIG] (IRQs *22)
[STDOUT  ] 2018-07-10T22:15:06.777008088Z: [    0.884347] ACPI: PCI Interrupt Link [GSIH] (IRQs *23)
[STDOUT  ] 2018-07-10T22:15:06.777013513Z: [    0.891886] SCSI subsystem initialized
[STDOUT  ] 2018-07-10T22:15:06.777020418Z: [    0.894103] ACPI: bus type USB registered
[STDOUT  ] 2018-07-10T22:15:06.777026032Z: [    0.895031] usbcore: registered new interface driver usbfs
[STDOUT  ] 2018-07-10T22:15:06.777031496Z: [    0.895809] usbcore: registered new interface driver hub
[STDOUT  ] 2018-07-10T22:15:06.777036966Z: [    0.896573] usbcore: registered new device driver usb
[STDOUT  ] 2018-07-10T22:15:06.777042448Z: [    0.897515] pps_core: LinuxPPS API ver. 1 registered
[STDOUT  ] 2018-07-10T22:15:06.777048555Z: [    0.897816] pps_core: Software ver. 5.3.6 - Copyright 2005-2007 Rodolfo Giometti <giometti@linux.it>
[STDOUT  ] 2018-07-10T22:15:06.777054539Z: [    0.898456] PTP clock support registered
[STDOUT  ] 2018-07-10T22:15:06.777059900Z: [    0.900703] PCI: Using ACPI for IRQ routing
[STDOUT  ] 2018-07-10T22:15:06.777065347Z: [    0.914364] NetLabel: Initializing
[STDOUT  ] 2018-07-10T22:15:06.777070921Z: [    0.914642] NetLabel:  domain hash size = 128
[STDOUT  ] 2018-07-10T22:15:06.777081092Z: [    0.914902] NetLabel:  protocols = UNLABELED CIPSOv4 CALIPSO
[STDOUT  ] 2018-07-10T22:15:06.777090096Z: [    0.917809] NetLabel:  unlabeled traffic allowed by default
[STDOUT  ] 2018-07-10T22:15:06.777097405Z: [    0.919758] HPET: 3 timers in total, 0 timers will be used for per-cpu timer
[STDOUT  ] 2018-07-10T22:15:06.777103006Z: [    0.920434] hpet0: at MMIO 0xfed00000, IRQs 2, 8, 0
[STDOUT  ] 2018-07-10T22:15:06.777108364Z: [    0.920840] hpet0: 3 comparators, 64-bit 100.000000 MHz counter
[STDOUT  ] 2018-07-10T22:15:06.777113676Z: [    0.926009] clocksource: Switched to clocksource hpet
[STDOUT  ] 2018-07-10T22:15:06.777119110Z: [    1.116030] VFS: Disk quotas dquot_6.6.0
[STDOUT  ] 2018-07-10T22:15:06.777124394Z: [    1.116768] VFS: Dquot-cache hash table entries: 512 (order 0, 4096 bytes)
[STDOUT  ] 2018-07-10T22:15:06.777130705Z: [    1.120663] FS-Cache: Loaded
[STDOUT  ] 2018-07-10T22:15:06.777136175Z: [    1.127514] CacheFiles: Loaded
[STDOUT  ] 2018-07-10T22:15:06.777141593Z: [    1.128590] pnp: PnP ACPI init
[STDOUT  ] 2018-07-10T22:15:06.777147119Z: [    1.136435] pnp: PnP ACPI: found 5 devices
[STDOUT  ] 2018-07-10T22:15:06.777152461Z: [    1.170370] clocksource: acpi_pm: mask: 0xffffff max_cycles: 0xffffff, max_idle_ns: 2085701024 ns
[STDOUT  ] 2018-07-10T22:15:06.777157898Z: [    1.173736] NET: Registered protocol family 2
[STDOUT  ] 2018-07-10T22:15:06.777163287Z: [    1.181485] TCP established hash table entries: 8192 (order: 4, 65536 bytes)
[STDOUT  ] 2018-07-10T22:15:06.777168682Z: [    1.182293] TCP bind hash table entries: 8192 (order: 5, 131072 bytes)
[STDOUT  ] 2018-07-10T22:15:06.777179547Z: [    1.182914] TCP: Hash tables configured (established 8192 bind 8192)
[STDOUT  ] 2018-07-10T22:15:06.777188009Z: [    1.184920] UDP hash table entries: 512 (order: 2, 16384 bytes)
[STDOUT  ] 2018-07-10T22:15:06.777197350Z: [    1.185631] UDP-Lite hash table entries: 512 (order: 2, 16384 bytes)
[STDOUT  ] 2018-07-10T22:15:06.777205690Z: [    1.187987] NET: Registered protocol family 1
[STDOUT  ] 2018-07-10T22:15:06.777213749Z: [    1.188962] pci 0000:00:01.0: Video device with shadowed ROM at [mem 0x000c0000-0x000dffff]
[STDOUT  ] 2018-07-10T22:15:06.777221878Z: [    1.195140] Trying to unpack rootfs image as initramfs...
[STDOUT  ] 2018-07-10T22:15:06.777229735Z: [    4.311166] Freeing initrd memory: 28328K
[STDOUT  ] 2018-07-10T22:15:06.777236185Z: [    4.334803] PCLMULQDQ-NI instructions are not detected.
[STDOUT  ] 2018-07-10T22:15:06.777241621Z: [    4.336255] AVX or AES-NI instructions are not detected.
[STDOUT  ] 2018-07-10T22:15:06.777247386Z: [    4.336758] CPU feature 'AVX registers' is not supported.
[STDOUT  ] 2018-07-10T22:15:06.777252870Z: [    4.337098] CPU feature 'AVX registers' is not supported.
[STDOUT  ] 2018-07-10T22:15:06.777258127Z: [    4.337411] CPU feature 'AVX registers' is not supported.
[STDOUT  ] 2018-07-10T22:15:06.777263586Z: [    4.337774] CPU feature 'AVX registers' is not supported.
[STDOUT  ] 2018-07-10T22:15:06.777268959Z: [    4.338083] AVX2 or AES-NI instructions are not detected.
[STDOUT  ] 2018-07-10T22:15:06.777274460Z: [    4.338458] AVX2 instructions are not detected.
[STDOUT  ] 2018-07-10T22:15:06.777280071Z: [    4.343445] audit: initializing netlink subsys (disabled)
[STDOUT  ] 2018-07-10T22:15:06.777285361Z: [    4.348779] audit: type=2000 audit(1531260881.340:1): state=initialized audit_enabled=0 res=1
[STDOUT  ] 2018-07-10T22:15:06.777291396Z: [    4.349998] workingset: timestamp_bits=46 max_order=18 bucket_order=0
[STDOUT  ] 2018-07-10T22:15:06.777297420Z: [    4.355676] squashfs: version 4.0 (2009/01/31) Phillip Lougher
[STDOUT  ] 2018-07-10T22:15:06.777304851Z: [    4.358400] FS-Cache: Netfs 'cifs' registered for caching
[STDOUT  ] 2018-07-10T22:15:06.777310592Z: [    4.359464] fuse init (API version 7.26)
[STDOUT  ] 2018-07-10T22:15:06.777316150Z: [    4.363076] SGI XFS with ACLs, security attributes, no debug enabled
[STDOUT  ] 2018-07-10T22:15:06.777321926Z: [    4.366668] 9p: Installing v9fs 9p2000 file system support
[STDOUT  ] 2018-07-10T22:15:06.777331285Z: [    4.367132] FS-Cache: Netfs '9p' registered for caching
[STDOUT  ] 2018-07-10T22:15:06.777340092Z: [    4.398426] NET: Registered protocol family 38
[STDOUT  ] 2018-07-10T22:15:06.777345466Z: [    4.399049] Key type asymmetric registered
[STDOUT  ] 2018-07-10T22:15:06.777350817Z: [    4.399472] Asymmetric key parser 'x509' registered
[STDOUT  ] 2018-07-10T22:15:06.777356160Z: [    4.401766] Block layer SCSI generic (bsg) driver version 0.4 loaded (major 247)
[STDOUT  ] 2018-07-10T22:15:06.777362005Z: [    4.403569] io scheduler noop registered
[STDOUT  ] 2018-07-10T22:15:06.777368035Z: [    4.403863] io scheduler deadline registered (default)
[STDOUT  ] 2018-07-10T22:15:06.777373387Z: [    4.404655] io scheduler cfq registered
[STDOUT  ] 2018-07-10T22:15:06.777378660Z: [    4.404968] io scheduler mq-deadline registered
[STDOUT  ] 2018-07-10T22:15:06.777383900Z: [    4.405190] io scheduler kyber registered
[STDOUT  ] 2018-07-10T22:15:06.777389274Z: [    4.408933] shpchp: Standard Hot Plug PCI Controller Driver version: 0.4
[STDOUT  ] 2018-07-10T22:15:06.777400426Z: [    4.409743] hv_vmbus: registering driver hyperv_fb
[STDOUT  ] 2018-07-10T22:15:06.777405987Z: [    4.413594] input: Power Button as /devices/LNXSYSTM:00/LNXPWRBN:00/input/input0
[STDOUT  ] 2018-07-10T22:15:06.777411630Z: [    4.416652] ACPI: Power Button [PWRF]
[STDOUT  ] 2018-07-10T22:15:06.777417103Z: [    4.428249] ACPI: PCI Interrupt Link [GSIG] enabled at IRQ 22
[STDOUT  ] 2018-07-10T22:15:06.777422882Z: [    4.437556] ACPI: PCI Interrupt Link [GSIH] enabled at IRQ 23
[STDOUT  ] 2018-07-10T22:15:06.777428447Z: [    4.442201] Serial: 8250/16550 driver, 4 ports, IRQ sharing disabled
[STDOUT  ] 2018-07-10T22:15:06.777434577Z: [    4.466197] 00:04: ttyS0 at I/O 0x3f8 (irq = 4, base_baud = 115200) is a 16550A
[STDOUT  ] 2018-07-10T22:15:06.777440237Z: [    4.476506] Non-volatile memory driver v1.3
[STDOUT  ] 2018-07-10T22:15:06.777446195Z: [    4.484398] Hangcheck: starting hangcheck timer 0.9.1 (tick is 180 seconds, margin is 60 seconds).
[STDOUT  ] 2018-07-10T22:15:06.777452426Z: [    4.498052] random: fast init done
[STDOUT  ] 2018-07-10T22:15:06.777457956Z: [    4.499280] random: crng init done
[STDOUT  ] 2018-07-10T22:15:06.777463532Z: [    4.538894] brd: module loaded
[STDOUT  ] 2018-07-10T22:15:06.777469333Z: [    4.563799] loop: module loaded
[STDOUT  ] 2018-07-10T22:15:06.777475169Z: [    4.608023] lpc_ich 0000:00:1f.0: I/O space for GPIO uninitialized
[STDOUT  ] 2018-07-10T22:15:06.777480934Z: [    4.610560] VMware PVSCSI driver - version 1.0.7.0-k
[STDOUT  ] 2018-07-10T22:15:06.777486911Z: [    4.611238] hv_vmbus: registering driver hv_storvsc
[STDOUT  ] 2018-07-10T22:15:06.777493771Z: [    4.617320] ACPI: PCI Interrupt Link [GSIA] enabled at IRQ 16
[STDOUT  ] 2018-07-10T22:15:06.777499314Z: [    4.623973] ahci 0000:00:1f.2: AHCI 0001.0000 32 slots 6 ports 1.5 Gbps 0x3f impl SATA mode
[STDOUT  ] 2018-07-10T22:15:06.777506111Z: [    4.624651] ahci 0000:00:1f.2: flags: 64bit ncq only 
[STDOUT  ] 2018-07-10T22:15:06.777511612Z: [    4.637943] scsi host0: ahci
[STDOUT  ] 2018-07-10T22:15:06.777517135Z: [    4.641055] scsi host1: ahci
[STDOUT  ] 2018-07-10T22:15:06.777522404Z: [    4.642463] scsi host2: ahci
[STDOUT  ] 2018-07-10T22:15:06.777527757Z: [    4.644392] scsi host3: ahci
[STDOUT  ] 2018-07-10T22:15:06.777533006Z: [    4.646376] scsi host4: ahci
[STDOUT  ] 2018-07-10T22:15:06.777538360Z: [    4.648047] scsi host5: ahci
[STDOUT  ] 2018-07-10T22:15:06.777543771Z: [    4.649240] ata1: SATA max UDMA/133 abar m4096@0xfebd2000 port 0xfebd2100 irq 24
[STDOUT  ] 2018-07-10T22:15:06.777549275Z: [    4.649734] ata2: SATA max UDMA/133 abar m4096@0xfebd2000 port 0xfebd2180 irq 24
[STDOUT  ] 2018-07-10T22:15:06.777554598Z: [    4.650480] ata3: SATA max UDMA/133 abar m4096@0xfebd2000 port 0xfebd2200 irq 24
[STDOUT  ] 2018-07-10T22:15:06.777560273Z: [    4.650832] ata4: SATA max UDMA/133 abar m4096@0xfebd2000 port 0xfebd2280 irq 24
[STDOUT  ] 2018-07-10T22:15:06.777567329Z: [    4.651182] ata5: SATA max UDMA/133 abar m4096@0xfebd2000 port 0xfebd2300 irq 24
[STDOUT  ] 2018-07-10T22:15:06.777576471Z: [    4.651528] ata6: SATA max UDMA/133 abar m4096@0xfebd2000 port 0xfebd2380 irq 24
[STDOUT  ] 2018-07-10T22:15:06.777584071Z: [    4.662063] tun: Universal TUN/TAP device driver, 1.6
[STDOUT  ] 2018-07-10T22:15:06.777594377Z: [    4.673101] VMware vmxnet3 virtual NIC driver - version 1.4.a.0-k-NAPI
[STDOUT  ] 2018-07-10T22:15:06.777603001Z: [    4.673900] hv_vmbus: registering driver hv_netvsc
[STDOUT  ] 2018-07-10T22:15:06.777613094Z: [    4.674174] Fusion MPT base driver 3.04.20
[STDOUT  ] 2018-07-10T22:15:06.777621299Z: [    4.674296] Copyright (c) 1999-2008 LSI Corporation
[STDOUT  ] 2018-07-10T22:15:06.777631156Z: [    4.674819] Fusion MPT SPI Host driver 3.04.20
[STDOUT  ] 2018-07-10T22:15:06.777639268Z: [    4.676620] i8042: PNP: PS/2 Controller [PNP0303:KBD,PNP0f13:MOU] at 0x60,0x64 irq 1,12
[STDOUT  ] 2018-07-10T22:15:06.777645614Z: [    4.681277] serio: i8042 KBD port at 0x60,0x64 irq 1
[STDOUT  ] 2018-07-10T22:15:06.777651659Z: [    4.682099] serio: i8042 AUX port at 0x60,0x64 irq 12
[STDOUT  ] 2018-07-10T22:15:06.777657738Z: [    4.684259] hv_vmbus: registering driver hyperv_keyboard
[STDOUT  ] 2018-07-10T22:15:06.777663124Z: [    4.686094] mousedev: PS/2 mouse device common for all mice
[STDOUT  ] 2018-07-10T22:15:06.777673080Z: [    4.690019] input: AT Translated Set 2 keyboard as /devices/platform/i8042/serio0/input/input1
[STDOUT  ] 2018-07-10T22:15:06.777679165Z: [    4.691748] input: PC Speaker as /devices/platform/pcspkr/input/input2
[STDOUT  ] 2018-07-10T22:15:06.777685163Z: [    4.695983] rtc_cmos 00:00: RTC can wake from S4
[STDOUT  ] 2018-07-10T22:15:06.777690624Z: [    4.698913] rtc_cmos 00:00: rtc core: registered rtc_cmos as rtc0
[STDOUT  ] 2018-07-10T22:15:06.777696172Z: [    4.700434] rtc_cmos 00:00: alarms up to one day, y3k, 114 bytes nvram, hpet irqs
[STDOUT  ] 2018-07-10T22:15:06.777701786Z: [    4.701093] i2c /dev entries driver
[STDOUT  ] 2018-07-10T22:15:06.777707743Z: [    4.702878] device-mapper: ioctl: 4.37.0-ioctl (2017-09-20) initialised: dm-devel@redhat.com
[STDOUT  ] 2018-07-10T22:15:06.777713545Z: [    4.706596] usbcore: registered new interface driver usbhid
[STDOUT  ] 2018-07-10T22:15:06.777719524Z: [    4.706955] usbhid: USB HID core driver
[STDOUT  ] 2018-07-10T22:15:06.777725667Z: [    4.707726] hv_utils: Registering HyperV Utility Driver
[STDOUT  ] 2018-07-10T22:15:06.777732232Z: [    4.708063] hv_vmbus: registering driver hv_util
[STDOUT  ] 2018-07-10T22:15:06.777737963Z: [    4.708291] hv_vmbus: registering driver hv_balloon
[STDOUT  ] 2018-07-10T22:15:06.777743821Z: [    4.708807] oprofile: using NMI interrupt.
[STDOUT  ] 2018-07-10T22:15:06.777749310Z: [    4.709910] GACT probability on
[STDOUT  ] 2018-07-10T22:15:06.777754784Z: [    4.710643] Mirror/redirect action on
[STDOUT  ] 2018-07-10T22:15:06.777760239Z: [    4.711202] Simple TC action Loaded
[STDOUT  ] 2018-07-10T22:15:06.777765661Z: [    4.711710] u32 classifier
[STDOUT  ] 2018-07-10T22:15:06.777771787Z: [    4.711886]     Performance counters on
[STDOUT  ] 2018-07-10T22:15:06.777777554Z: [    4.712091]     input device check on
[STDOUT  ] 2018-07-10T22:15:06.777782971Z: [    4.712316]     Actions configured
[STDOUT  ] 2018-07-10T22:15:06.777788513Z: [    4.713031] Netfilter messages via NETLINK v0.30.
[STDOUT  ] 2018-07-10T22:15:06.777793971Z: [    4.713543] nfnl_acct: registering with nfnetlink.
[STDOUT  ] 2018-07-10T22:15:06.777799491Z: [    4.714971] nf_conntrack version 0.5.0 (8192 buckets, 32768 max)
[STDOUT  ] 2018-07-10T22:15:06.777805032Z: [    4.717404] ctnetlink v0.93: registering with nfnetlink.
[STDOUT  ] 2018-07-10T22:15:06.777810566Z: [    4.720827] nf_tables: (c) 2007-2009 Patrick McHardy <kaber@trash.net>
[STDOUT  ] 2018-07-10T22:15:06.777816944Z: [    4.721716] nf_tables_compat: (c) 2012 Pablo Neira Ayuso <pablo@netfilter.org>
[STDOUT  ] 2018-07-10T22:15:06.777822526Z: [    4.723931] xt_time: kernel timezone is -0000
[STDOUT  ] 2018-07-10T22:15:06.777827932Z: [    4.724473] ip_set: protocol 6
[STDOUT  ] 2018-07-10T22:15:06.777837595Z: [    4.725191] IPVS: Registered protocols (TCP, UDP, SCTP, AH, ESP)
[STDOUT  ] 2018-07-10T22:15:06.777846159Z: [    4.725781] IPVS: Connection hash table configured (size=4096, memory=64Kbytes)
[STDOUT  ] 2018-07-10T22:15:06.777852353Z: [    4.730655] IPVS: ipvs loaded.
[STDOUT  ] 2018-07-10T22:15:06.777857691Z: [    4.731063] IPVS: [rr] scheduler registered.
[STDOUT  ] 2018-07-10T22:15:06.777863967Z: [    4.731386] IPVS: [wrr] scheduler registered.
[STDOUT  ] 2018-07-10T22:15:06.777870145Z: [    4.731647] IPVS: [lc] scheduler registered.
[STDOUT  ] 2018-07-10T22:15:06.777875585Z: [    4.731888] IPVS: [wlc] scheduler registered.
[STDOUT  ] 2018-07-10T22:15:06.777880863Z: [    4.732129] IPVS: [fo] scheduler registered.
[STDOUT  ] 2018-07-10T22:15:06.777886139Z: [    4.732358] IPVS: [ovf] scheduler registered.
[STDOUT  ] 2018-07-10T22:15:06.777891435Z: [    4.732766] IPVS: [lblc] scheduler registered.
[STDOUT  ] 2018-07-10T22:15:06.777898572Z: [    4.733185] IPVS: [lblcr] scheduler registered.
[STDOUT  ] 2018-07-10T22:15:06.777904047Z: [    4.733481] IPVS: [dh] scheduler registered.
[STDOUT  ] 2018-07-10T22:15:06.777910229Z: [    4.733709] IPVS: [sh] scheduler registered.
[STDOUT  ] 2018-07-10T22:15:06.777915955Z: [    4.733936] IPVS: [sed] scheduler registered.
[STDOUT  ] 2018-07-10T22:15:06.777921536Z: [    4.734152] IPVS: [nq] scheduler registered.
[STDOUT  ] 2018-07-10T22:15:06.777927013Z: [    4.734897] IPVS: ftp: loaded support on port[0] = 21
[STDOUT  ] 2018-07-10T22:15:06.777932559Z: [    4.735702] ipip: IPv4 and MPLS over IPv4 tunneling driver
[STDOUT  ] 2018-07-10T22:15:06.777938538Z: [    4.739162] gre: GRE over IPv4 demultiplexor driver
[STDOUT  ] 2018-07-10T22:15:06.777943890Z: [    4.742429] ip_tables: (C) 2000-2006 Netfilter Core Team
[STDOUT  ] 2018-07-10T22:15:06.777949193Z: [    4.746109] ipt_CLUSTERIP: ClusterIP Version 0.8 loaded successfully
[STDOUT  ] 2018-07-10T22:15:06.777954683Z: [    4.746747] arp_tables: arp_tables: (C) 2002 David S. Miller
[STDOUT  ] 2018-07-10T22:15:06.777960054Z: [    4.748945] NET: Registered protocol family 10
[STDOUT  ] 2018-07-10T22:15:06.777965611Z: [    4.758318] Segment Routing with IPv6
[STDOUT  ] 2018-07-10T22:15:06.777971542Z: [    4.759267] ip6_tables: (C) 2000-2006 Netfilter Core Team
[STDOUT  ] 2018-07-10T22:15:06.777976829Z: [    4.766744] NET: Registered protocol family 17
[STDOUT  ] 2018-07-10T22:15:06.777982161Z: [    4.767858] Bridge firewalling registered
[STDOUT  ] 2018-07-10T22:15:06.777987562Z: [    4.768448] Ebtables v2.0 registered
[STDOUT  ] 2018-07-10T22:15:06.777998433Z: [    4.771098] 8021q: 802.1Q VLAN Support v1.8
[STDOUT  ] 2018-07-10T22:15:06.778003835Z: [    4.772461] 9pnet: Installing 9P2000 support
[STDOUT  ] 2018-07-10T22:15:06.778009207Z: [    4.774042] Key type dns_resolver registered
[STDOUT  ] 2018-07-10T22:15:06.778014528Z: [    4.775342] sched_clock: Marking stable (4770259630, 0)->(4903097723, -132838093)
[STDOUT  ] 2018-07-10T22:15:06.778020267Z: [    4.778630] registered taskstats version 1
[STDOUT  ] 2018-07-10T22:15:06.778026942Z: [    4.981502] Key type big_key registered
[STDOUT  ] 2018-07-10T22:15:06.778033105Z: [    4.985501] ata2: SATA link down (SStatus 0 SControl 300)
[STDOUT  ] 2018-07-10T22:15:06.778043034Z: [    4.987888] ata1: SATA link down (SStatus 0 SControl 300)
[STDOUT  ] 2018-07-10T22:15:06.778051428Z: [    4.994854] ata4: SATA link down (SStatus 0 SControl 300)
[STDOUT  ] 2018-07-10T22:15:06.778060161Z: [    4.995786] ata3: SATA link up 1.5 Gbps (SStatus 113 SControl 300)
[STDOUT  ] 2018-07-10T22:15:06.778070242Z: [    4.999504] ata3.00: ATAPI: QEMU DVD-ROM, 2.5+, max UDMA/100
[STDOUT  ] 2018-07-10T22:15:06.778078936Z: [    5.000605] ata3.00: applying bridge limits
[STDOUT  ] 2018-07-10T22:15:06.778087076Z: [    5.002127] ata6: SATA link down (SStatus 0 SControl 300)
[STDOUT  ] 2018-07-10T22:15:06.778094885Z: [    5.003009] ata5: SATA link down (SStatus 0 SControl 300)
[STDOUT  ] 2018-07-10T22:15:06.778100910Z: [    5.011531] ata3.00: configured for UDMA/100
[STDOUT  ] 2018-07-10T22:15:06.778110968Z: [    5.032208] scsi 2:0:0:0: CD-ROM            QEMU     QEMU DVD-ROM     2.5+ PQ: 0 ANSI: 5
[STDOUT  ] 2018-07-10T22:15:06.778119706Z: [    5.073618] sr 2:0:0:0: [sr0] scsi3-mmc drive: 4x/4x cd/rw xa/form2 tray
[STDOUT  ] 2018-07-10T22:15:06.778125962Z: [    5.074162] cdrom: Uniform CD-ROM driver Revision: 3.20
[STDOUT  ] 2018-07-10T22:15:06.778132143Z: [    5.081557] sr 2:0:0:0: Attached scsi generic sg0 type 5
[STDOUT  ] 2018-07-10T22:15:06.778138319Z: [    5.103822] Key type trusted registered
[STDOUT  ] 2018-07-10T22:15:06.778144410Z: [    5.174948] Key type encrypted registered
[STDOUT  ] 2018-07-10T22:15:06.778149988Z: [    5.175708] ima: No TPM chip found, activating TPM-bypass! (rc=-19)
[STDOUT  ] 2018-07-10T22:15:06.778155575Z: [    5.176237] ima: Allocated hash algorithm: sha256
[STDOUT  ] 2018-07-10T22:15:06.778161029Z: [    5.179897] evm: HMAC attrs: 0x1
[STDOUT  ] 2018-07-10T22:15:06.778166451Z: [    5.184882] rtc_cmos 00:00: setting system clock to 2018-07-10 22:14:42 UTC (1531260882)
[STDOUT  ] 2018-07-10T22:15:06.778172475Z: [    5.341354] Freeing unused kernel memory: 1512K
[STDOUT  ] 2018-07-10T22:15:06.778177829Z: [    5.360784] tsc: Refined TSC clocksource calibration: 2599.826 MHz
[STDOUT  ] 2018-07-10T22:15:06.778184326Z: [    5.361624] clocksource: tsc: mask: 0xffffffffffffffff max_cycles: 0x257997f3f2a, max_idle_ns: 440795308606 ns
[STDOUT  ] 2018-07-10T22:15:06.778190329Z: [    5.362770] Write protecting the kernel read-only data: 18432k
[STDOUT  ] 2018-07-10T22:15:06.778197491Z: [    5.376069] Freeing unused kernel memory: 2024K
[STDOUT  ] 2018-07-10T22:15:06.778203295Z: [    5.434132] Freeing unused kernel memory: 1104K
[STDOUT  ] 2018-07-10T22:15:06.778210336Z: [    6.372035] clocksource: Switched to clocksource tsc
[STDOUT  ] 2018-07-10T22:15:06.778215843Z: 
[STDOUT  ] 2018-07-10T22:15:06.778221677Z: Welcome to LinuxKit
[STDOUT  ] 2018-07-10T22:15:06.778227498Z: 
[STDOUT  ] 2018-07-10T22:15:06.778233206Z:                         ##         .
[STDOUT  ] 2018-07-10T22:15:06.778238652Z:                   ## ## ##        ==
[STDOUT  ] 2018-07-10T22:15:06.778244098Z:                ## ## ## ## ##    ===
[STDOUT  ] 2018-07-10T22:15:06.778249878Z:            /"""""""""""""""""\___/ ===
[STDOUT  ] 2018-07-10T22:15:06.778255670Z:           {                       /  ===-
[STDOUT  ] 2018-07-10T22:15:06.778260957Z:            \______ O           __/
[STDOUT  ] 2018-07-10T22:15:06.778266550Z:              \    \         __/
[STDOUT  ] 2018-07-10T22:15:06.778271953Z:               \____\_______/
[STDOUT  ] 2018-07-10T22:15:06.778279121Z: 
[STDOUT  ] 2018-07-10T22:15:06.778284664Z: sysctl test suite PASSED
[STDOUT  ] 2018-07-10T22:15:06.778290549Z: [   28.002050] ACPI: Preparing to enter system sleep state S5
[STDOUT  ] 2018-07-10T22:15:06.778296907Z: [   28.003830] reboot: Power down
[STDERR  ] 2018-07-10T22:15:06.778308650Z: + RESULT=c[?7l[2J[0mSeaBIOS (version rel-1.11.1-0-g0551a4be2c-prebuilt.qemu-project.org)
[STDERR  ] 2018-07-10T22:15:06.778328592Z: Machine UUID 5ee95584-bcca-4b6c-9fd1-8eb49eda8dcd
[STDERR  ] 2018-07-10T22:15:06.778340140Z: 
[STDERR  ] 2018-07-10T22:15:06.778356157Z: 
[STDERR  ] 2018-07-10T22:15:06.778366105Z: iPXE (http://ipxe.org) 00:03.0 C980 PCI2.10 PnP PMM+3FF91230+3FEF1230 C980
[STDERR  ] 2018-07-10T22:15:06.778378147Z: Press Ctrl-B to configure iPXE (PCI 00:03.0)...                                                                               
[STDERR  ] 2018-07-10T22:15:06.778389310Z: 
[STDERR  ] 2018-07-10T22:15:06.778399391Z: 
[STDERR  ] 2018-07-10T22:15:06.778409851Z: Booting from ROM..c[?7l[2J[    0.000000] Linux version 4.14.54-linuxkit (root@2233aef63b78) (gcc version 6.4.0 (Alpine 6.4.0)) #1 SMP Tue Jul 10 10:23:45 UTC 2018
[STDERR  ] 2018-07-10T22:15:06.778421047Z: [    0.000000] Command line: console=ttyS0 console=ttyAMA0
[STDERR  ] 2018-07-10T22:15:06.778432475Z: [    0.000000] x86/fpu: x87 FPU will use FXSAVE
[STDERR  ] 2018-07-10T22:15:06.778442798Z: [    0.000000] e820: BIOS-provided physical RAM map:
[STDERR  ] 2018-07-10T22:15:06.778462175Z: [    0.000000] BIOS-e820: [mem 0x0000000000000000-0x000000000009fbff] usable
[STDERR  ] 2018-07-10T22:15:06.778486617Z: [    0.000000] BIOS-e820: [mem 0x000000000009fc00-0x000000000009ffff] reserved
[STDERR  ] 2018-07-10T22:15:06.778529320Z: [    0.000000] BIOS-e820: [mem 0x00000000000f0000-0x00000000000fffff] reserved
[STDERR  ] 2018-07-10T22:15:06.778542353Z: [    0.000000] BIOS-e820: [mem 0x0000000000100000-0x000000003ffdefff] usable
[STDERR  ] 2018-07-10T22:15:06.778555147Z: [    0.000000] BIOS-e820: [mem 0x000000003ffdf000-0x000000003fffffff] reserved
[STDERR  ] 2018-07-10T22:15:06.778567960Z: [    0.000000] BIOS-e820: [mem 0x00000000b0000000-0x00000000bfffffff] reserved
[STDERR  ] 2018-07-10T22:15:06.778580870Z: [    0.000000] BIOS-e820: [mem 0x00000000fed1c000-0x00000000fed1ffff] reserved
[STDERR  ] 2018-07-10T22:15:06.778592871Z: [    0.000000] BIOS-e820: [mem 0x00000000fffc0000-0x00000000ffffffff] reserved
[STDERR  ] 2018-07-10T22:15:06.778606463Z: [    0.000000] NX (Execute Disable) protection: active
[STDERR  ] 2018-07-10T22:15:06.778619665Z: [    0.000000] SMBIOS 2.8 present.
[STDERR  ] 2018-07-10T22:15:06.778635570Z: [    0.000000] DMI: QEMU Standard PC (Q35 + ICH9, 2009), BIOS rel-1.11.1-0-g0551a4be2c-prebuilt.qemu-project.org 04/01/2014
[STDERR  ] 2018-07-10T22:15:06.778651026Z: [    0.000000] tsc: Fast TSC calibration using PIT
[STDERR  ] 2018-07-10T22:15:06.778664132Z: [    0.000000] e820: last_pfn = 0x3ffdf max_arch_pfn = 0x400000000
[STDERR  ] 2018-07-10T22:15:06.778723086Z: [    0.000000] x86/PAT: Configuration [0-7]: WB  WC  UC- UC  WB  WP  UC- WT  
[STDERR  ] 2018-07-10T22:15:06.778736149Z: [    0.000000] found SMP MP-table at [mem 0x000f5b70-0x000f5b7f] mapped at [ffffffffff200b70]
[STDERR  ] 2018-07-10T22:15:06.778751920Z: [    0.000000] RAMDISK: [mem 0x3e426000-0x3ffcffff]
[STDERR  ] 2018-07-10T22:15:06.778766956Z: [    0.000000] ACPI: Early table checksum verification disabled
[STDERR  ] 2018-07-10T22:15:06.778781858Z: [    0.000000] ACPI: RSDP 0x00000000000F5980 000014 (v00 BOCHS )
[STDERR  ] 2018-07-10T22:15:06.778794193Z: [    0.000000] ACPI: RSDT 0x000000003FFE20D6 000034 (v01 BOCHS  BXPCRSDT 00000001 BXPC 00000001)
[STDERR  ] 2018-07-10T22:15:06.778820760Z: [    0.000000] ACPI: FACP 0x000000003FFE1EF6 0000F4 (v03 BOCHS  BXPCFACP 00000001 BXPC 00000001)
[STDERR  ] 2018-07-10T22:15:06.778835322Z: [    0.000000] ACPI: DSDT 0x000000003FFE0040 001EB6 (v01 BOCHS  BXPCDSDT 00000001 BXPC 00000001)
[STDERR  ] 2018-07-10T22:15:06.778849674Z: [    0.000000] ACPI: FACS 0x000000003FFE0000 000040
[STDERR  ] 2018-07-10T22:15:06.778864167Z: [    0.000000] ACPI: APIC 0x000000003FFE1FEA 000078 (v01 BOCHS  BXPCAPIC 00000001 BXPC 00000001)
[STDERR  ] 2018-07-10T22:15:06.778876268Z: [    0.000000] ACPI: HPET 0x000000003FFE2062 000038 (v01 BOCHS  BXPCHPET 00000001 BXPC 00000001)
[STDERR  ] 2018-07-10T22:15:06.778890914Z: [    0.000000] ACPI: MCFG 0x000000003FFE209A 00003C (v01 BOCHS  BXPCMCFG 00000001 BXPC 00000001)
[STDERR  ] 2018-07-10T22:15:06.778905646Z: [    0.000000] Zone ranges:
[STDERR  ] 2018-07-10T22:15:06.778919253Z: [    0.000000]   DMA      [mem 0x0000000000001000-0x0000000000ffffff]
[STDERR  ] 2018-07-10T22:15:06.778943298Z: [    0.000000]   DMA32    [mem 0x0000000001000000-0x000000003ffdefff]
[STDERR  ] 2018-07-10T22:15:06.778958034Z: [    0.000000]   Normal   empty
[STDERR  ] 2018-07-10T22:15:06.778973063Z: [    0.000000]   Device   empty
[STDERR  ] 2018-07-10T22:15:06.778987403Z: [    0.000000] Movable zone start for each node
[STDERR  ] 2018-07-10T22:15:06.779002072Z: [    0.000000] Early memory node ranges
[STDERR  ] 2018-07-10T22:15:06.779016511Z: [    0.000000]   node   0: [mem 0x0000000000001000-0x000000000009efff]
[STDERR  ] 2018-07-10T22:15:06.779030753Z: [    0.000000]   node   0: [mem 0x0000000000100000-0x000000003ffdefff]
[STDERR  ] 2018-07-10T22:15:06.779050322Z: [    0.000000] Initmem setup node 0 [mem 0x0000000000001000-0x000000003ffdefff]
[STDERR  ] 2018-07-10T22:15:06.779062961Z: [    0.000000] ACPI: PM-Timer IO Port: 0x608
[STDERR  ] 2018-07-10T22:15:06.779081415Z: [    0.000000] ACPI: LAPIC_NMI (acpi_id[0xff] dfl dfl lint[0x1])
[STDERR  ] 2018-07-10T22:15:06.779100649Z: [    0.000000] IOAPIC[0]: apic_id 0, version 32, address 0xfec00000, GSI 0-23
[STDERR  ] 2018-07-10T22:15:06.779115482Z: [    0.000000] ACPI: INT_SRC_OVR (bus 0 bus_irq 0 global_irq 2 dfl dfl)
[STDERR  ] 2018-07-10T22:15:06.779129651Z: [    0.000000] ACPI: INT_SRC_OVR (bus 0 bus_irq 5 global_irq 5 high level)
[STDERR  ] 2018-07-10T22:15:06.779143733Z: [    0.000000] ACPI: INT_SRC_OVR (bus 0 bus_irq 9 global_irq 9 high level)
[STDERR  ] 2018-07-10T22:15:06.779157809Z: [    0.000000] ACPI: INT_SRC_OVR (bus 0 bus_irq 10 global_irq 10 high level)
[STDERR  ] 2018-07-10T22:15:06.779172031Z: [    0.000000] ACPI: INT_SRC_OVR (bus 0 bus_irq 11 global_irq 11 high level)
[STDERR  ] 2018-07-10T22:15:06.779183750Z: [    0.000000] Using ACPI (MADT) for SMP configuration information
[STDERR  ] 2018-07-10T22:15:06.779196826Z: [    0.000000] ACPI: HPET id: 0x8086a201 base: 0xfed00000
[STDERR  ] 2018-07-10T22:15:06.779211703Z: [    0.000000] smpboot: Allowing 1 CPUs, 0 hotplug CPUs
[STDERR  ] 2018-07-10T22:15:06.779227596Z: [    0.000000] e820: [mem 0x40000000-0xafffffff] available for PCI devices
[STDERR  ] 2018-07-10T22:15:06.779280164Z: [    0.000000] Booting paravirtualized kernel on bare hardware
[STDERR  ] 2018-07-10T22:15:06.779293330Z: [    0.000000] clocksource: refined-jiffies: mask: 0xffffffff max_cycles: 0xffffffff, max_idle_ns: 19112604462750000 ns
[STDERR  ] 2018-07-10T22:15:06.779308755Z: [    0.000000] random: get_random_bytes called from start_kernel+0x92/0x4cb with crng_init=0
[STDERR  ] 2018-07-10T22:15:06.779322970Z: [    0.000000] setup_percpu: NR_CPUS:128 nr_cpumask_bits:128 nr_cpu_ids:1 nr_node_ids:1
[STDERR  ] 2018-07-10T22:15:06.779337113Z: [    0.000000] percpu: Embedded 44 pages/cpu @ffff9f2afe200000 s143256 r8192 d28776 u2097152
[STDERR  ] 2018-07-10T22:15:06.779349443Z: [    0.000000] Built 1 zonelists, mobility grouping on.  Total pages: 257896
[STDERR  ] 2018-07-10T22:15:06.779368156Z: [    0.000000] Kernel command line: console=ttyS0 console=ttyAMA0
[STDERR  ] 2018-07-10T22:15:06.779380601Z: [    0.000000] PID hash table entries: 4096 (order: 3, 32768 bytes)
[STDERR  ] 2018-07-10T22:15:06.779394763Z: [    0.000000] Dentry cache hash table entries: 131072 (order: 8, 1048576 bytes)
[STDERR  ] 2018-07-10T22:15:06.779408683Z: [    0.000000] Inode-cache hash table entries: 65536 (order: 7, 524288 bytes)
[STDERR  ] 2018-07-10T22:15:06.779423289Z: [    0.000000] Memory: 976472K/1048052K available (12300K kernel code, 1465K rwdata, 2992K rodata, 1512K init, 632K bss, 71580K reserved, 0K cma-reserved)
[STDERR  ] 2018-07-10T22:15:06.779438039Z: [    0.000000] ftrace: allocating 41045 entries in 161 pages
[STDERR  ] 2018-07-10T22:15:06.779452443Z: [    0.000000] Hierarchical RCU implementation.
[STDERR  ] 2018-07-10T22:15:06.779466236Z: [    0.000000] 	RCU restricting CPUs from NR_CPUS=128 to nr_cpu_ids=1.
[STDERR  ] 2018-07-10T22:15:06.779478566Z: [    0.000000] RCU: Adjusting geometry for rcu_fanout_leaf=16, nr_cpu_ids=1
[STDERR  ] 2018-07-10T22:15:06.779496382Z: [    0.000000] NR_IRQS: 8448, nr_irqs: 256, preallocated irqs: 16
[STDERR  ] 2018-07-10T22:15:06.779507592Z: [    0.000000] Console: colour VGA+ 80x25
[STDERR  ] 2018-07-10T22:15:06.779518714Z: [    0.000000] console [ttyS0] enabled
[STDERR  ] 2018-07-10T22:15:06.779529446Z: [    0.000000] clocksource: hpet: mask: 0xffffffff max_cycles: 0xffffffff, max_idle_ns: 19112604467 ns
[STDERR  ] 2018-07-10T22:15:06.779541604Z: [    0.000000] tsc: Fast TSC calibration using PIT
[STDERR  ] 2018-07-10T22:15:06.779556067Z: [    0.000000] tsc: Detected 2599.661 MHz processor
[STDERR  ] 2018-07-10T22:15:06.779570266Z: [    0.001766] Calibrating delay loop (skipped), value calculated using timer frequency.. 5199.32 BogoMIPS (lpj=25996610)
[STDERR  ] 2018-07-10T22:15:06.779582450Z: [    0.002265] pid_max: default: 32768 minimum: 301
[STDERR  ] 2018-07-10T22:15:06.779596350Z: [    0.002979] ACPI: Core revision 20170728
[STDERR  ] 2018-07-10T22:15:06.779616607Z: [    0.038103] ACPI: 1 ACPI AML tables successfully acquired and loaded
[STDERR  ] 2018-07-10T22:15:06.779636314Z: [    0.040422] Security Framework initialized
[STDERR  ] 2018-07-10T22:15:06.779648619Z: [    0.040946] Yama: becoming mindful.
[STDERR  ] 2018-07-10T22:15:06.779660893Z: [    0.043704] Mount-cache hash table entries: 2048 (order: 2, 16384 bytes)
[STDERR  ] 2018-07-10T22:15:06.779680953Z: [    0.044199] Mountpoint-cache hash table entries: 2048 (order: 2, 16384 bytes)
[STDERR  ] 2018-07-10T22:15:06.779693437Z: [    0.062706] Last level iTLB entries: 4KB 0, 2MB 0, 4MB 0
[STDERR  ] 2018-07-10T22:15:06.779708079Z: [    0.063082] Last level dTLB entries: 4KB 0, 2MB 0, 4MB 0, 1GB 0
[STDERR  ] 2018-07-10T22:15:06.779722508Z: [    0.063620] Spectre V2 : Spectre mitigation: LFENCE not serializing, switching to generic retpoline
[STDERR  ] 2018-07-10T22:15:06.779739644Z: [    0.064138] Spectre V2 : Mitigation: Full generic retpoline
[STDERR  ] 2018-07-10T22:15:06.779753865Z: [    0.064523] Spectre V2 : Spectre v2 mitigation: Filling RSB on context switch
[STDERR  ] 2018-07-10T22:15:06.779768200Z: [    0.064970] Speculative Store Bypass: Vulnerable
[STDERR  ] 2018-07-10T22:15:06.779782286Z: [    0.362576] Freeing SMP alternatives memory: 20K
[STDERR  ] 2018-07-10T22:15:06.779794531Z: [    0.383233] smpboot: Max logical packages: 1
[STDERR  ] 2018-07-10T22:15:06.779808832Z: [    0.389865] ..TIMER: vector=0x30 apic1=0 pin1=2 apic2=-1 pin2=-1
[STDERR  ] 2018-07-10T22:15:06.779823278Z: [    0.490000] smpboot: CPU0: AMD QEMU Virtual CPU version 2.5+ (family: 0x6, model: 0x6, stepping: 0x3)
[STDERR  ] 2018-07-10T22:15:06.779837346Z: [    0.490000] Performance Events: PMU not available due to virtualization, using software events only.
[STDERR  ] 2018-07-10T22:15:06.779851461Z: [    0.491856] Hierarchical SRCU implementation.
[STDERR  ] 2018-07-10T22:15:06.779863516Z: [    0.499094] NMI watchdog: Perf event create on CPU 0 failed with -2
[STDERR  ] 2018-07-10T22:15:06.779879834Z: [    0.499520] NMI watchdog: Perf NMI watchdog permanently disabled
[STDERR  ] 2018-07-10T22:15:06.779900033Z: [    0.503432] smp: Bringing up secondary CPUs ...
[STDERR  ] 2018-07-10T22:15:06.779914892Z: [    0.503859] smp: Brought up 1 node, 1 CPU
[STDERR  ] 2018-07-10T22:15:06.779928981Z: [    0.504277] smpboot: Total of 1 processors activated (5199.32 BogoMIPS)
[STDERR  ] 2018-07-10T22:15:06.779942422Z: [    0.520768] devtmpfs: initialized
[STDERR  ] 2018-07-10T22:15:06.779957755Z: [    0.526556] x86/mm: Memory block size: 128MB
[STDERR  ] 2018-07-10T22:15:06.779973290Z: [    0.532089] evm: security.ima
[STDERR  ] 2018-07-10T22:15:06.779985300Z: [    0.532292] evm: security.capability
[STDERR  ] 2018-07-10T22:15:06.779999573Z: [    0.535396] clocksource: jiffies: mask: 0xffffffff max_cycles: 0xffffffff, max_idle_ns: 19112604462750000 ns
[STDERR  ] 2018-07-10T22:15:06.780013729Z: [    0.536199] futex hash table entries: 256 (order: 2, 16384 bytes)
[STDERR  ] 2018-07-10T22:15:06.780029714Z: [    0.547103] NET: Registered protocol family 16
[STDERR  ] 2018-07-10T22:15:06.780043947Z: [    0.553271] cpuidle: using governor ladder
[STDERR  ] 2018-07-10T22:15:06.780055748Z: [    0.553731] cpuidle: using governor menu
[STDERR  ] 2018-07-10T22:15:06.780069561Z: [    0.555360] ACPI: bus type PCI registered
[STDERR  ] 2018-07-10T22:15:06.780219722Z: [    0.557973] PCI: MMCONFIG for domain 0000 [bus 00-ff] at [mem 0xb0000000-0xbfffffff] (base 0xb0000000)
[STDERR  ] 2018-07-10T22:15:06.780235158Z: [    0.558804] PCI: MMCONFIG at [mem 0xb0000000-0xbfffffff] reserved in E820
[STDERR  ] 2018-07-10T22:15:06.780247758Z: [    0.559645] PCI: Using configuration type 1 for base access
[STDERR  ] 2018-07-10T22:15:06.780261694Z: [    0.598325] HugeTLB registered 2.00 MiB page size, pre-allocated 0 pages
[STDERR  ] 2018-07-10T22:15:06.780287219Z: [    0.609762] ACPI: Added _OSI(Module Device)
[STDERR  ] 2018-07-10T22:15:06.780301977Z: [    0.610000] ACPI: Added _OSI(Processor Device)
[STDERR  ] 2018-07-10T22:15:06.780315724Z: [    0.610150] ACPI: Added _OSI(3.0 _SCP Extensions)
[STDERR  ] 2018-07-10T22:15:06.780335453Z: [    0.610349] ACPI: Added _OSI(Processor Aggregator Device)
[STDERR  ] 2018-07-10T22:15:06.780364385Z: [    0.655918] ACPI: Interpreter enabled
[STDERR  ] 2018-07-10T22:15:06.780380585Z: [    0.656809] ACPI: (supports S0 S5)
[STDERR  ] 2018-07-10T22:15:06.780395771Z: [    0.657188] ACPI: Using IOAPIC for interrupt routing
[STDERR  ] 2018-07-10T22:15:06.780410805Z: [    0.659701] PCI: Using host bridge windows from ACPI; if necessary, use "pci=nocrs" and report a bug
[STDERR  ] 2018-07-10T22:15:06.780435726Z: [    0.662215] ACPI: Enabled 1 GPEs in block 00 to 3F
[STDERR  ] 2018-07-10T22:15:06.780449660Z: [    0.706782] ACPI: PCI Root Bridge [PCI0] (domain 0000 [bus 00-ff])
[STDERR  ] 2018-07-10T22:15:06.780462892Z: [    0.707811] acpi PNP0A08:00: _OSC: OS supports [ExtendedConfig ASPM ClockPM Segments MSI]
[STDERR  ] 2018-07-10T22:15:06.780481175Z: [    0.712700] acpi PNP0A08:00: _OSC: OS now controls [PCIeHotplug PME PCIeCapability]
[STDERR  ] 2018-07-10T22:15:06.780495925Z: [    0.716395] PCI host bridge to bus 0000:00
[STDERR  ] 2018-07-10T22:15:06.780520442Z: [    0.717057] pci_bus 0000:00: root bus resource [io  0x0000-0x0cf7 window]
[STDERR  ] 2018-07-10T22:15:06.780532931Z: [    0.717443] pci_bus 0000:00: root bus resource [io  0x0d00-0xffff window]
[STDERR  ] 2018-07-10T22:15:06.780547176Z: [    0.717751] pci_bus 0000:00: root bus resource [mem 0x000a0000-0x000bffff window]
[STDERR  ] 2018-07-10T22:15:06.780561725Z: [    0.718050] pci_bus 0000:00: root bus resource [mem 0xc0000000-0xfebfffff window]
[STDERR  ] 2018-07-10T22:15:06.780586058Z: [    0.718394] pci_bus 0000:00: root bus resource [mem 0x100000000-0x8ffffffff window]
[STDERR  ] 2018-07-10T22:15:06.780600900Z: [    0.718916] pci_bus 0000:00: root bus resource [bus 00-ff]
[STDERR  ] 2018-07-10T22:15:06.780615071Z: [    0.814581] pci 0000:00:1f.0: quirk: [io  0x0600-0x067f] claimed by ICH6 ACPI/GPIO/TCO
[STDERR  ] 2018-07-10T22:15:06.780629367Z: [    0.867356] ACPI: PCI Interrupt Link [LNKA] (IRQs 5 *10 11)
[STDERR  ] 2018-07-10T22:15:06.780643371Z: [    0.869377] ACPI: PCI Interrupt Link [LNKB] (IRQs 5 *10 11)
[STDERR  ] 2018-07-10T22:15:06.780665666Z: [    0.871452] ACPI: PCI Interrupt Link [LNKC] (IRQs 5 10 *11)
[STDERR  ] 2018-07-10T22:15:06.780685189Z: [    0.872817] ACPI: PCI Interrupt Link [LNKD] (IRQs 5 10 *11)
[STDERR  ] 2018-07-10T22:15:06.780699416Z: [    0.874146] ACPI: PCI Interrupt Link [LNKE] (IRQs 5 *10 11)
[STDERR  ] 2018-07-10T22:15:06.780709582Z: [    0.875397] ACPI: PCI Interrupt Link [LNKF] (IRQs 5 *10 11)
[STDERR  ] 2018-07-10T22:15:06.780722220Z: [    0.876627] ACPI: PCI Interrupt Link [LNKG] (IRQs 5 10 *11)
[STDERR  ] 2018-07-10T22:15:06.780741921Z: [    0.877845] ACPI: PCI Interrupt Link [LNKH] (IRQs 5 10 *11)
[STDERR  ] 2018-07-10T22:15:06.780754981Z: [    0.880488] ACPI: PCI Interrupt Link [GSIA] (IRQs *16)
[STDERR  ] 2018-07-10T22:15:06.780766216Z: [    0.881084] ACPI: PCI Interrupt Link [GSIB] (IRQs *17)
[STDERR  ] 2018-07-10T22:15:06.780778017Z: [    0.881652] ACPI: PCI Interrupt Link [GSIC] (IRQs *18)
[STDERR  ] 2018-07-10T22:15:06.780792587Z: [    0.882226] ACPI: PCI Interrupt Link [GSID] (IRQs *19)
[STDERR  ] 2018-07-10T22:15:06.780807039Z: [    0.882753] ACPI: PCI Interrupt Link [GSIE] (IRQs *20)
[STDERR  ] 2018-07-10T22:15:06.780829995Z: [    0.883310] ACPI: PCI Interrupt Link [GSIF] (IRQs *21)
[STDERR  ] 2018-07-10T22:15:06.780844195Z: [    0.883831] ACPI: PCI Interrupt Link [GSIG] (IRQs *22)
[STDERR  ] 2018-07-10T22:15:06.780858545Z: [    0.884347] ACPI: PCI Interrupt Link [GSIH] (IRQs *23)
[STDERR  ] 2018-07-10T22:15:06.780872517Z: [    0.891886] SCSI subsystem initialized
[STDERR  ] 2018-07-10T22:15:06.780886618Z: [    0.894103] ACPI: bus type USB registered
[STDERR  ] 2018-07-10T22:15:06.780900895Z: [    0.895031] usbcore: registered new interface driver usbfs
[STDERR  ] 2018-07-10T22:15:06.780913419Z: [    0.895809] usbcore: registered new interface driver hub
[STDERR  ] 2018-07-10T22:15:06.780928443Z: [    0.896573] usbcore: registered new device driver usb
[STDERR  ] 2018-07-10T22:15:06.780950704Z: [    0.897515] pps_core: LinuxPPS API ver. 1 registered
[STDERR  ] 2018-07-10T22:15:06.780967426Z: [    0.897816] pps_core: Software ver. 5.3.6 - Copyright 2005-2007 Rodolfo Giometti <giometti@linux.it>
[STDERR  ] 2018-07-10T22:15:06.780981755Z: [    0.898456] PTP clock support registered
[STDERR  ] 2018-07-10T22:15:06.780993624Z: [    0.900703] PCI: Using ACPI for IRQ routing
[STDERR  ] 2018-07-10T22:15:06.781005571Z: [    0.914364] NetLabel: Initializing
[STDERR  ] 2018-07-10T22:15:06.781017656Z: [    0.914642] NetLabel:  domain hash size = 128
[STDERR  ] 2018-07-10T22:15:06.781031820Z: [    0.914902] NetLabel:  protocols = UNLABELED CIPSOv4 CALIPSO
[STDERR  ] 2018-07-10T22:15:06.781050584Z: [    0.917809] NetLabel:  unlabeled traffic allowed by default
[STDERR  ] 2018-07-10T22:15:06.781064580Z: [    0.919758] HPET: 3 timers in total, 0 timers will be used for per-cpu timer
[STDERR  ] 2018-07-10T22:15:06.781076241Z: [    0.920434] hpet0: at MMIO 0xfed00000, IRQs 2, 8, 0
[STDERR  ] 2018-07-10T22:15:06.781087598Z: [    0.920840] hpet0: 3 comparators, 64-bit 100.000000 MHz counter
[STDERR  ] 2018-07-10T22:15:06.781099382Z: [    0.926009] clocksource: Switched to clocksource hpet
[STDERR  ] 2018-07-10T22:15:06.781111068Z: [    1.116030] VFS: Disk quotas dquot_6.6.0
[STDERR  ] 2018-07-10T22:15:06.781123049Z: [    1.116768] VFS: Dquot-cache hash table entries: 512 (order 0, 4096 bytes)
[STDERR  ] 2018-07-10T22:15:06.781135233Z: [    1.120663] FS-Cache: Loaded
[STDERR  ] 2018-07-10T22:15:06.781149200Z: [    1.127514] CacheFiles: Loaded
[STDERR  ] 2018-07-10T22:15:06.781164196Z: [    1.128590] pnp: PnP ACPI init
[STDERR  ] 2018-07-10T22:15:06.781176040Z: [    1.136435] pnp: PnP ACPI: found 5 devices
[STDERR  ] 2018-07-10T22:15:06.781190945Z: [    1.170370] clocksource: acpi_pm: mask: 0xffffff max_cycles: 0xffffff, max_idle_ns: 2085701024 ns
[STDERR  ] 2018-07-10T22:15:06.781205978Z: [    1.173736] NET: Registered protocol family 2
[STDERR  ] 2018-07-10T22:15:06.781219983Z: [    1.181485] TCP established hash table entries: 8192 (order: 4, 65536 bytes)
[STDERR  ] 2018-07-10T22:15:06.781234713Z: [    1.182293] TCP bind hash table entries: 8192 (order: 5, 131072 bytes)
[STDERR  ] 2018-07-10T22:15:06.781248973Z: [    1.182914] TCP: Hash tables configured (established 8192 bind 8192)
[STDERR  ] 2018-07-10T22:15:06.781263031Z: [    1.184920] UDP hash table entries: 512 (order: 2, 16384 bytes)
[STDERR  ] 2018-07-10T22:15:06.781281000Z: [    1.185631] UDP-Lite hash table entries: 512 (order: 2, 16384 bytes)
[STDERR  ] 2018-07-10T22:15:06.781294956Z: [    1.187987] NET: Registered protocol family 1
[STDERR  ] 2018-07-10T22:15:06.781307064Z: [    1.188962] pci 0000:00:01.0: Video device with shadowed ROM at [mem 0x000c0000-0x000dffff]
[STDERR  ] 2018-07-10T22:15:06.781320080Z: [    1.195140] Trying to unpack rootfs image as initramfs...
[STDERR  ] 2018-07-10T22:15:06.781331943Z: [    4.311166] Freeing initrd memory: 28328K
[STDERR  ] 2018-07-10T22:15:06.781343698Z: [    4.334803] PCLMULQDQ-NI instructions are not detected.
[STDERR  ] 2018-07-10T22:15:06.781357318Z: [    4.336255] AVX or AES-NI instructions are not detected.
[STDERR  ] 2018-07-10T22:15:06.781369370Z: [    4.336758] CPU feature 'AVX registers' is not supported.
[STDERR  ] 2018-07-10T22:15:06.781385756Z: [    4.337098] CPU feature 'AVX registers' is not supported.
[STDERR  ] 2018-07-10T22:15:06.781397326Z: [    4.337411] CPU feature 'AVX registers' is not supported.
[STDERR  ] 2018-07-10T22:15:06.781408800Z: [    4.337774] CPU feature 'AVX registers' is not supported.
[STDERR  ] 2018-07-10T22:15:06.781420304Z: [    4.338083] AVX2 or AES-NI instructions are not detected.
[STDERR  ] 2018-07-10T22:15:06.781431908Z: [    4.338458] AVX2 instructions are not detected.
[STDERR  ] 2018-07-10T22:15:06.781446327Z: [    4.343445] audit: initializing netlink subsys (disabled)
[STDERR  ] 2018-07-10T22:15:06.781475924Z: [    4.348779] audit: type=2000 audit(1531260881.340:1): state=initialized audit_enabled=0 res=1
[STDERR  ] 2018-07-10T22:15:06.781496533Z: [    4.349998] workingset: timestamp_bits=46 max_order=18 bucket_order=0
[STDERR  ] 2018-07-10T22:15:06.781512568Z: [    4.355676] squashfs: version 4.0 (2009/01/31) Phillip Lougher
[STDERR  ] 2018-07-10T22:15:06.781526997Z: [    4.358400] FS-Cache: Netfs 'cifs' registered for caching
[STDERR  ] 2018-07-10T22:15:06.781541162Z: [    4.359464] fuse init (API version 7.26)
[STDERR  ] 2018-07-10T22:15:06.781555480Z: [    4.363076] SGI XFS with ACLs, security attributes, no debug enabled
[STDERR  ] 2018-07-10T22:15:06.781569469Z: [    4.366668] 9p: Installing v9fs 9p2000 file system support
[STDERR  ] 2018-07-10T22:15:06.781581437Z: [    4.367132] FS-Cache: Netfs '9p' registered for caching
[STDERR  ] 2018-07-10T22:15:06.781593503Z: [    4.398426] NET: Registered protocol family 38
[STDERR  ] 2018-07-10T22:15:06.781605460Z: [    4.399049] Key type asymmetric registered
[STDERR  ] 2018-07-10T22:15:06.781619747Z: [    4.399472] Asymmetric key parser 'x509' registered
[STDERR  ] 2018-07-10T22:15:06.781650400Z: [    4.401766] Block layer SCSI generic (bsg) driver version 0.4 loaded (major 247)
[STDERR  ] 2018-07-10T22:15:06.781662772Z: [    4.403569] io scheduler noop registered
[STDERR  ] 2018-07-10T22:15:06.781681113Z: [    4.403863] io scheduler deadline registered (default)
[STDERR  ] 2018-07-10T22:15:06.781693053Z: [    4.404655] io scheduler cfq registered
[STDERR  ] 2018-07-10T22:15:06.781705305Z: [    4.404968] io scheduler mq-deadline registered
[STDERR  ] 2018-07-10T22:15:06.781717127Z: [    4.405190] io scheduler kyber registered
[STDERR  ] 2018-07-10T22:15:06.781731365Z: [    4.408933] shpchp: Standard Hot Plug PCI Controller Driver version: 0.4
[STDERR  ] 2018-07-10T22:15:06.781743052Z: [    4.409743] hv_vmbus: registering driver hyperv_fb
[STDERR  ] 2018-07-10T22:15:06.781759963Z: [    4.413594] input: Power Button as /devices/LNXSYSTM:00/LNXPWRBN:00/input/input0
[STDERR  ] 2018-07-10T22:15:06.781771889Z: [    4.416652] ACPI: Power Button [PWRF]
[STDERR  ] 2018-07-10T22:15:06.781785977Z: [    4.428249] ACPI: PCI Interrupt Link [GSIG] enabled at IRQ 22
[STDERR  ] 2018-07-10T22:15:06.781800195Z: [    4.437556] ACPI: PCI Interrupt Link [GSIH] enabled at IRQ 23
[STDERR  ] 2018-07-10T22:15:06.781814864Z: [    4.442201] Serial: 8250/16550 driver, 4 ports, IRQ sharing disabled
[STDERR  ] 2018-07-10T22:15:06.781827016Z: [    4.466197] 00:04: ttyS0 at I/O 0x3f8 (irq = 4, base_baud = 115200) is a 16550A
[STDERR  ] 2018-07-10T22:15:06.781841265Z: [    4.476506] Non-volatile memory driver v1.3
[STDERR  ] 2018-07-10T22:15:06.781855511Z: [    4.484398] Hangcheck: starting hangcheck timer 0.9.1 (tick is 180 seconds, margin is 60 seconds).
[STDERR  ] 2018-07-10T22:15:06.781870058Z: [    4.498052] random: fast init done
[STDERR  ] 2018-07-10T22:15:06.781884277Z: [    4.499280] random: crng init done
[STDERR  ] 2018-07-10T22:15:06.781895995Z: [    4.538894] brd: module loaded
[STDERR  ] 2018-07-10T22:15:06.781910583Z: [    4.563799] loop: module loaded
[STDERR  ] 2018-07-10T22:15:06.781925098Z: [    4.608023] lpc_ich 0000:00:1f.0: I/O space for GPIO uninitialized
[STDERR  ] 2018-07-10T22:15:06.781955135Z: [    4.610560] VMware PVSCSI driver - version 1.0.7.0-k
[STDERR  ] 2018-07-10T22:15:06.781966651Z: [    4.611238] hv_vmbus: registering driver hv_storvsc
[STDERR  ] 2018-07-10T22:15:06.781978058Z: [    4.617320] ACPI: PCI Interrupt Link [GSIA] enabled at IRQ 16
[STDERR  ] 2018-07-10T22:15:06.781996635Z: [    4.623973] ahci 0000:00:1f.2: AHCI 0001.0000 32 slots 6 ports 1.5 Gbps 0x3f impl SATA mode
[STDERR  ] 2018-07-10T22:15:06.782009319Z: [    4.624651] ahci 0000:00:1f.2: flags: 64bit ncq only 
[STDERR  ] 2018-07-10T22:15:06.782023196Z: [    4.637943] scsi host0: ahci
[STDERR  ] 2018-07-10T22:15:06.782035438Z: [    4.641055] scsi host1: ahci
[STDERR  ] 2018-07-10T22:15:06.782047197Z: [    4.642463] scsi host2: ahci
[STDERR  ] 2018-07-10T22:15:06.782058701Z: [    4.644392] scsi host3: ahci
[STDERR  ] 2018-07-10T22:15:06.782070498Z: [    4.646376] scsi host4: ahci
[STDERR  ] 2018-07-10T22:15:06.782092318Z: [    4.648047] scsi host5: ahci
[STDERR  ] 2018-07-10T22:15:06.782116483Z: [    4.649240] ata1: SATA max UDMA/133 abar m4096@0xfebd2000 port 0xfebd2100 irq 24
[STDERR  ] 2018-07-10T22:15:06.782135517Z: [    4.649734] ata2: SATA max UDMA/133 abar m4096@0xfebd2000 port 0xfebd2180 irq 24
[STDERR  ] 2018-07-10T22:15:06.782147486Z: [    4.650480] ata3: SATA max UDMA/133 abar m4096@0xfebd2000 port 0xfebd2200 irq 24
[STDERR  ] 2018-07-10T22:15:06.782172503Z: [    4.650832] ata4: SATA max UDMA/133 abar m4096@0xfebd2000 port 0xfebd2280 irq 24
[STDERR  ] 2018-07-10T22:15:06.782184851Z: [    4.651182] ata5: SATA max UDMA/133 abar m4096@0xfebd2000 port 0xfebd2300 irq 24
[STDERR  ] 2018-07-10T22:15:06.782203272Z: [    4.651528] ata6: SATA max UDMA/133 abar m4096@0xfebd2000 port 0xfebd2380 irq 24
[STDERR  ] 2018-07-10T22:15:06.782215278Z: [    4.662063] tun: Universal TUN/TAP device driver, 1.6
[STDERR  ] 2018-07-10T22:15:06.782227100Z: [    4.673101] VMware vmxnet3 virtual NIC driver - version 1.4.a.0-k-NAPI
[STDERR  ] 2018-07-10T22:15:06.782242130Z: [    4.673900] hv_vmbus: registering driver hv_netvsc
[STDERR  ] 2018-07-10T22:15:06.782254127Z: [    4.674174] Fusion MPT base driver 3.04.20
[STDERR  ] 2018-07-10T22:15:06.782266134Z: [    4.674296] Copyright (c) 1999-2008 LSI Corporation
[STDERR  ] 2018-07-10T22:15:06.782278469Z: [    4.674819] Fusion MPT SPI Host driver 3.04.20
[STDERR  ] 2018-07-10T22:15:06.782293366Z: [    4.676620] i8042: PNP: PS/2 Controller [PNP0303:KBD,PNP0f13:MOU] at 0x60,0x64 irq 1,12
[STDERR  ] 2018-07-10T22:15:06.782305903Z: [    4.681277] serio: i8042 KBD port at 0x60,0x64 irq 1
[STDERR  ] 2018-07-10T22:15:06.782331853Z: [    4.682099] serio: i8042 AUX port at 0x60,0x64 irq 12
[STDERR  ] 2018-07-10T22:15:06.782343611Z: [    4.684259] hv_vmbus: registering driver hyperv_keyboard
[STDERR  ] 2018-07-10T22:15:06.782363294Z: [    4.686094] mousedev: PS/2 mouse device common for all mice
[STDERR  ] 2018-07-10T22:15:06.782375492Z: [    4.690019] input: AT Translated Set 2 keyboard as /devices/platform/i8042/serio0/input/input1
[STDERR  ] 2018-07-10T22:15:06.782389470Z: [    4.691748] input: PC Speaker as /devices/platform/pcspkr/input/input2
[STDERR  ] 2018-07-10T22:15:06.782403666Z: [    4.695983] rtc_cmos 00:00: RTC can wake from S4
[STDERR  ] 2018-07-10T22:15:06.782417901Z: [    4.698913] rtc_cmos 00:00: rtc core: registered rtc_cmos as rtc0
[STDERR  ] 2018-07-10T22:15:06.782432304Z: [    4.700434] rtc_cmos 00:00: alarms up to one day, y3k, 114 bytes nvram, hpet irqs
[STDERR  ] 2018-07-10T22:15:06.782458956Z: [    4.701093] i2c /dev entries driver
[STDERR  ] 2018-07-10T22:15:06.782471120Z: [    4.702878] device-mapper: ioctl: 4.37.0-ioctl (2017-09-20) initialised: dm-devel@redhat.com
[STDERR  ] 2018-07-10T22:15:06.782483072Z: [    4.706596] usbcore: registered new interface driver usbhid
[STDERR  ] 2018-07-10T22:15:06.782497371Z: [    4.706955] usbhid: USB HID core driver
[STDERR  ] 2018-07-10T22:15:06.782523726Z: [    4.707726] hv_utils: Registering HyperV Utility Driver
[STDERR  ] 2018-07-10T22:15:06.782535936Z: [    4.708063] hv_vmbus: registering driver hv_util
[STDERR  ] 2018-07-10T22:15:06.782547739Z: [    4.708291] hv_vmbus: registering driver hv_balloon
[STDERR  ] 2018-07-10T22:15:06.782559586Z: [    4.708807] oprofile: using NMI interrupt.
[STDERR  ] 2018-07-10T22:15:06.782571933Z: [    4.709910] GACT probability on
[STDERR  ] 2018-07-10T22:15:06.782586249Z: [    4.710643] Mirror/redirect action on
[STDERR  ] 2018-07-10T22:15:06.782600275Z: [    4.711202] Simple TC action Loaded
[STDERR  ] 2018-07-10T22:15:06.782612165Z: [    4.711710] u32 classifier
[STDERR  ] 2018-07-10T22:15:06.782624064Z: [    4.711886]     Performance counters on
[STDERR  ] 2018-07-10T22:15:06.782637959Z: [    4.712091]     input device check on
[STDERR  ] 2018-07-10T22:15:06.782649971Z: [    4.712316]     Actions configured
[STDERR  ] 2018-07-10T22:15:06.782684375Z: [    4.713031] Netfilter messages via NETLINK v0.30.
[STDERR  ] 2018-07-10T22:15:06.782695963Z: [    4.713543] nfnl_acct: registering with nfnetlink.
[STDERR  ] 2018-07-10T22:15:06.782713358Z: [    4.714971] nf_conntrack version 0.5.0 (8192 buckets, 32768 max)
[STDERR  ] 2018-07-10T22:15:06.782735478Z: [    4.717404] ctnetlink v0.93: registering with nfnetlink.
[STDERR  ] 2018-07-10T22:15:06.782750975Z: [    4.720827] nf_tables: (c) 2007-2009 Patrick McHardy <kaber@trash.net>
[STDERR  ] 2018-07-10T22:15:06.782765638Z: [    4.721716] nf_tables_compat: (c) 2012 Pablo Neira Ayuso <pablo@netfilter.org>
[STDERR  ] 2018-07-10T22:15:06.782777313Z: [    4.723931] xt_time: kernel timezone is -0000
[STDERR  ] 2018-07-10T22:15:06.782789084Z: [    4.724473] ip_set: protocol 6
[STDERR  ] 2018-07-10T22:15:06.782801024Z: [    4.725191] IPVS: Registered protocols (TCP, UDP, SCTP, AH, ESP)
[STDERR  ] 2018-07-10T22:15:06.782820343Z: [    4.725781] IPVS: Connection hash table configured (size=4096, memory=64Kbytes)
[STDERR  ] 2018-07-10T22:15:06.782835196Z: [    4.730655] IPVS: ipvs loaded.
[STDERR  ] 2018-07-10T22:15:06.782846915Z: [    4.731063] IPVS: [rr] scheduler registered.
[STDERR  ] 2018-07-10T22:15:06.782858123Z: [    4.731386] IPVS: [wrr] scheduler registered.
[STDERR  ] 2018-07-10T22:15:06.782869961Z: [    4.731647] IPVS: [lc] scheduler registered.
[STDERR  ] 2018-07-10T22:15:06.782881900Z: [    4.731888] IPVS: [wlc] scheduler registered.
[STDERR  ] 2018-07-10T22:15:06.782907555Z: [    4.732129] IPVS: [fo] scheduler registered.
[STDERR  ] 2018-07-10T22:15:06.782925419Z: [    4.732358] IPVS: [ovf] scheduler registered.
[STDERR  ] 2018-07-10T22:15:06.782937087Z: [    4.732766] IPVS: [lblc] scheduler registered.
[STDERR  ] 2018-07-10T22:15:06.782948285Z: [    4.733185] IPVS: [lblcr] scheduler registered.
[STDERR  ] 2018-07-10T22:15:06.782969495Z: [    4.733481] IPVS: [dh] scheduler registered.
[STDERR  ] 2018-07-10T22:15:06.782985237Z: [    4.733709] IPVS: [sh] scheduler registered.
[STDERR  ] 2018-07-10T22:15:06.782997516Z: [    4.733936] IPVS: [sed] scheduler registered.
[STDERR  ] 2018-07-10T22:15:06.783009424Z: [    4.734152] IPVS: [nq] scheduler registered.
[STDERR  ] 2018-07-10T22:15:06.783020989Z: [    4.734897] IPVS: ftp: loaded support on port[0] = 21
[STDERR  ] 2018-07-10T22:15:06.783032947Z: [    4.735702] ipip: IPv4 and MPLS over IPv4 tunneling driver
[STDERR  ] 2018-07-10T22:15:06.783060609Z: [    4.739162] gre: GRE over IPv4 demultiplexor driver
[STDERR  ] 2018-07-10T22:15:06.783078497Z: [    4.742429] ip_tables: (C) 2000-2006 Netfilter Core Team
[STDERR  ] 2018-07-10T22:15:06.783090488Z: [    4.746109] ipt_CLUSTERIP: ClusterIP Version 0.8 loaded successfully
[STDERR  ] 2018-07-10T22:15:06.783102260Z: [    4.746747] arp_tables: arp_tables: (C) 2002 David S. Miller
[STDERR  ] 2018-07-10T22:15:06.783113916Z: [    4.748945] NET: Registered protocol family 10
[STDERR  ] 2018-07-10T22:15:06.783126001Z: [    4.758318] Segment Routing with IPv6
[STDERR  ] 2018-07-10T22:15:06.783137762Z: [    4.759267] ip6_tables: (C) 2000-2006 Netfilter Core Team
[STDERR  ] 2018-07-10T22:15:06.783152319Z: [    4.766744] NET: Registered protocol family 17
[STDERR  ] 2018-07-10T22:15:06.783166575Z: [    4.767858] Bridge firewalling registered
[STDERR  ] 2018-07-10T22:15:06.783178170Z: [    4.768448] Ebtables v2.0 registered
[STDERR  ] 2018-07-10T22:15:06.783190157Z: [    4.771098] 8021q: 802.1Q VLAN Support v1.8
[STDERR  ] 2018-07-10T22:15:06.783214338Z: [    4.772461] 9pnet: Installing 9P2000 support
[STDERR  ] 2018-07-10T22:15:06.783232643Z: [    4.774042] Key type dns_resolver registered
[STDERR  ] 2018-07-10T22:15:06.783252818Z: [    4.775342] sched_clock: Marking stable (4770259630, 0)->(4903097723, -132838093)
[STDERR  ] 2018-07-10T22:15:06.783264705Z: [    4.778630] registered taskstats version 1
[STDERR  ] 2018-07-10T22:15:06.783278683Z: [    4.981502] Key type big_key registered
[STDERR  ] 2018-07-10T22:15:06.783296100Z: [    4.985501] ata2: SATA link down (SStatus 0 SControl 300)
[STDERR  ] 2018-07-10T22:15:06.783312955Z: [    4.987888] ata1: SATA link down (SStatus 0 SControl 300)
[STDERR  ] 2018-07-10T22:15:06.783324811Z: [    4.994854] ata4: SATA link down (SStatus 0 SControl 300)
[STDERR  ] 2018-07-10T22:15:06.783341003Z: [    4.995786] ata3: SATA link up 1.5 Gbps (SStatus 113 SControl 300)
[STDERR  ] 2018-07-10T22:15:06.783357517Z: [    4.999504] ata3.00: ATAPI: QEMU DVD-ROM, 2.5+, max UDMA/100
[STDERR  ] 2018-07-10T22:15:06.783384827Z: [    5.000605] ata3.00: applying bridge limits
[STDERR  ] 2018-07-10T22:15:06.783400245Z: [    5.002127] ata6: SATA link down (SStatus 0 SControl 300)
[STDERR  ] 2018-07-10T22:15:06.783411880Z: [    5.003009] ata5: SATA link down (SStatus 0 SControl 300)
[STDERR  ] 2018-07-10T22:15:06.783423595Z: [    5.011531] ata3.00: configured for UDMA/100
[STDERR  ] 2018-07-10T22:15:06.783446148Z: [    5.032208] scsi 2:0:0:0: CD-ROM            QEMU     QEMU DVD-ROM     2.5+ PQ: 0 ANSI: 5
[STDERR  ] 2018-07-10T22:15:06.783458866Z: [    5.073618] sr 2:0:0:0: [sr0] scsi3-mmc drive: 4x/4x cd/rw xa/form2 tray
[STDERR  ] 2018-07-10T22:15:06.783473220Z: [    5.074162] cdrom: Uniform CD-ROM driver Revision: 3.20
[STDERR  ] 2018-07-10T22:15:06.783485103Z: [    5.081557] sr 2:0:0:0: Attached scsi generic sg0 type 5
[STDERR  ] 2018-07-10T22:15:06.783499608Z: [    5.103822] Key type trusted registered
[STDERR  ] 2018-07-10T22:15:06.783520827Z: [    5.174948] Key type encrypted registered
[STDERR  ] 2018-07-10T22:15:06.783532757Z: [    5.175708] ima: No TPM chip found, activating TPM-bypass! (rc=-19)
[STDERR  ] 2018-07-10T22:15:06.783545462Z: [    5.176237] ima: Allocated hash algorithm: sha256
[STDERR  ] 2018-07-10T22:15:06.783569436Z: [    5.179897] evm: HMAC attrs: 0x1
[STDERR  ] 2018-07-10T22:15:06.783582156Z: [    5.184882] rtc_cmos 00:00: setting system clock to 2018-07-10 22:14:42 UTC (1531260882)
[STDERR  ] 2018-07-10T22:15:06.783594290Z: [    5.341354] Freeing unused kernel memory: 1512K
[STDERR  ] 2018-07-10T22:15:06.783608848Z: [    5.360784] tsc: Refined TSC clocksource calibration: 2599.826 MHz
[STDERR  ] 2018-07-10T22:15:06.783635196Z: [    5.361624] clocksource: tsc: mask: 0xffffffffffffffff max_cycles: 0x257997f3f2a, max_idle_ns: 440795308606 ns
[STDERR  ] 2018-07-10T22:15:06.783647524Z: [    5.362770] Write protecting the kernel read-only data: 18432k
[STDERR  ] 2018-07-10T22:15:06.783661929Z: [    5.376069] Freeing unused kernel memory: 2024K
[STDERR  ] 2018-07-10T22:15:06.783682570Z: [    5.434132] Freeing unused kernel memory: 1104K
[STDERR  ] 2018-07-10T22:15:06.783696862Z: [    6.372035] clocksource: Switched to clocksource tsc
[STDERR  ] 2018-07-10T22:15:06.783710719Z: 
[STDERR  ] 2018-07-10T22:15:06.783725204Z: Welcome to LinuxKit
[STDERR  ] 2018-07-10T22:15:06.783737286Z: 
[STDERR  ] 2018-07-10T22:15:06.783748870Z:                         ##         .
[STDERR  ] 2018-07-10T22:15:06.783763541Z:                   ## ## ##        ==
[STDERR  ] 2018-07-10T22:15:06.783790177Z:                ## ## ## ## ##    ===
[STDERR  ] 2018-07-10T22:15:06.783802093Z:            /"""""""""""""""""\___/ ===
[STDERR  ] 2018-07-10T22:15:06.783814242Z:           {                       /  ===-
[STDERR  ] 2018-07-10T22:15:06.783829220Z:            \______ O           __/
[STDERR  ] 2018-07-10T22:15:06.783852034Z:              \    \         __/
[STDERR  ] 2018-07-10T22:15:06.783864229Z:               \____\_______/
[STDERR  ] 2018-07-10T22:15:06.783876125Z: 
[STDERR  ] 2018-07-10T22:15:06.783888114Z: sysctl test suite PASSED
[STDERR  ] 2018-07-10T22:15:06.783900078Z: [   28.002050] ACPI: Preparing to enter system sleep state S5
[STDERR  ] 2018-07-10T22:15:06.783921709Z: [   28.003830] reboot: Power down
[STDERR  ] 2018-07-10T22:15:06.783937044Z: + echo c[?7l[2J[0mSeaBIOS (version rel-1.11.1-0-g0551a4be2c-prebuilt.qemu-project.org)
[STDERR  ] 2018-07-10T22:15:06.783949696Z: Machine UUID 5ee95584-bcca-4b6c-9fd1-8eb49eda8dcd
[STDERR  ] 2018-07-10T22:15:06.783963775Z: 
[STDERR  ] 2018-07-10T22:15:06.783986825Z: 
[STDERR  ] 2018-07-10T22:15:06.784002835Z: iPXE (http://ipxe.org) 00:03.0 C980 PCI2.10 PnP PMM+3FF91230+3FEF1230 C980
[STDERR  ] 2018-07-10T22:15:06.784014548Z: Press Ctrl-B to configure iPXE (PCI 00:03.0)...                                                                               
[STDERR  ] 2018-07-10T22:15:06.784037474Z: 
[STDERR  ] 2018-07-10T22:15:06.784049191Z: 
[STDERR  ] 2018-07-10T22:15:06.784068346Z: Booting from ROM..c[?7l[2J[    0.000000] Linux version 4.14.54-linuxkit (root@2233aef63b78) (gcc version 6.4.0 (Alpine 6.4.0)) #1 SMP Tue Jul 10 10:23:45 UTC 2018
[STDERR  ] 2018-07-10T22:15:06.784107923Z: [    0.000000] Command line: console=ttyS0 console=ttyAMA0
[STDERR  ] 2018-07-10T22:15:06.784124651Z: [    0.000000] x86/fpu: x87 FPU will use FXSAVE
[STDERR  ] 2018-07-10T22:15:06.784136451Z: [    0.000000] e820: BIOS-provided physical RAM map:
[STDERR  ] 2018-07-10T22:15:06.784148381Z: [    0.000000] BIOS-e820: [mem 0x0000000000000000-0x000000000009fbff] usable
[STDERR  ] 2018-07-10T22:15:06.784163433Z: [    0.000000] BIOS-e820: [mem 0x000000000009fc00-0x000000000009ffff] reserved
[STDERR  ] 2018-07-10T22:15:06.784177248Z: [    0.000000] BIOS-e820: [mem 0x00000000000f0000-0x00000000000fffff] reserved
[STDERR  ] 2018-07-10T22:15:06.784192203Z: [    0.000000] BIOS-e820: [mem 0x0000000000100000-0x000000003ffdefff] usable
[STDERR  ] 2018-07-10T22:15:06.784206582Z: [    0.000000] BIOS-e820: [mem 0x000000003ffdf000-0x000000003fffffff] reserved
[STDERR  ] 2018-07-10T22:15:06.784236234Z: [    0.000000] BIOS-e820: [mem 0x00000000b0000000-0x00000000bfffffff] reserved
[STDERR  ] 2018-07-10T22:15:06.784248404Z: [    0.000000] BIOS-e820: [mem 0x00000000fed1c000-0x00000000fed1ffff] reserved
[STDERR  ] 2018-07-10T22:15:06.784260666Z: [    0.000000] BIOS-e820: [mem 0x00000000fffc0000-0x00000000ffffffff] reserved
[STDERR  ] 2018-07-10T22:15:06.784272795Z: [    0.000000] NX (Execute Disable) protection: active
[STDERR  ] 2018-07-10T22:15:06.784284910Z: [    0.000000] SMBIOS 2.8 present.
[STDERR  ] 2018-07-10T22:15:06.784300293Z: [    0.000000] DMI: QEMU Standard PC (Q35 + ICH9, 2009), BIOS rel-1.11.1-0-g0551a4be2c-prebuilt.qemu-project.org 04/01/2014
[STDERR  ] 2018-07-10T22:15:06.784325736Z: [    0.000000] tsc: Fast TSC calibration using PIT
[STDERR  ] 2018-07-10T22:15:06.784340972Z: [    0.000000] e820: last_pfn = 0x3ffdf max_arch_pfn = 0x400000000
[STDERR  ] 2018-07-10T22:15:06.784353052Z: [    0.000000] x86/PAT: Configuration [0-7]: WB  WC  UC- UC  WB  WP  UC- WT  
[STDERR  ] 2018-07-10T22:15:06.784364840Z: [    0.000000] found SMP MP-table at [mem 0x000f5b70-0x000f5b7f] mapped at [ffffffffff200b70]
[STDERR  ] 2018-07-10T22:15:06.784377796Z: [    0.000000] RAMDISK: [mem 0x3e426000-0x3ffcffff]
[STDERR  ] 2018-07-10T22:15:06.784390437Z: [    0.000000] ACPI: Early table checksum verification disabled
[STDERR  ] 2018-07-10T22:15:06.784405143Z: [    0.000000] ACPI: RSDP 0x00000000000F5980 000014 (v00 BOCHS )
[STDERR  ] 2018-07-10T22:15:06.784419148Z: [    0.000000] ACPI: RSDT 0x000000003FFE20D6 000034 (v01 BOCHS  BXPCRSDT 00000001 BXPC 00000001)
[STDERR  ] 2018-07-10T22:15:06.784433104Z: [    0.000000] ACPI: FACP 0x000000003FFE1EF6 0000F4 (v03 BOCHS  BXPCFACP 00000001 BXPC 00000001)
[STDERR  ] 2018-07-10T22:15:06.784445430Z: [    0.000000] ACPI: DSDT 0x000000003FFE0040 001EB6 (v01 BOCHS  BXPCDSDT 00000001 BXPC 00000001)
[STDERR  ] 2018-07-10T22:15:06.784459490Z: [    0.000000] ACPI: FACS 0x000000003FFE0000 000040
[STDERR  ] 2018-07-10T22:15:06.784473873Z: [    0.000000] ACPI: APIC 0x000000003FFE1FEA 000078 (v01 BOCHS  BXPCAPIC 00000001 BXPC 00000001)
[STDERR  ] 2018-07-10T22:15:06.784488534Z: [    0.000000] ACPI: HPET 0x000000003FFE2062 000038 (v01 BOCHS  BXPCHPET 00000001 BXPC 00000001)
[STDERR  ] 2018-07-10T22:15:06.784505611Z: [    0.000000] ACPI: MCFG 0x000000003FFE209A 00003C (v01 BOCHS  BXPCMCFG 00000001 BXPC 00000001)
[STDERR  ] 2018-07-10T22:15:06.784519678Z: [    0.000000] Zone ranges:
[STDERR  ] 2018-07-10T22:15:06.784532635Z: [    0.000000]   DMA      [mem 0x0000000000001000-0x0000000000ffffff]
[STDERR  ] 2018-07-10T22:15:06.784546633Z: [    0.000000]   DMA32    [mem 0x0000000001000000-0x000000003ffdefff]
[STDERR  ] 2018-07-10T22:15:06.784576042Z: [    0.000000]   Normal   empty
[STDERR  ] 2018-07-10T22:15:06.784604603Z: [    0.000000]   Device   empty
[STDERR  ] 2018-07-10T22:15:06.784625859Z: [    0.000000] Movable zone start for each node
[STDERR  ] 2018-07-10T22:15:06.784640270Z: [    0.000000] Early memory node ranges
[STDERR  ] 2018-07-10T22:15:06.784676612Z: [    0.000000]   node   0: [mem 0x0000000000001000-0x000000000009efff]
[STDERR  ] 2018-07-10T22:15:06.784696673Z: [    0.000000]   node   0: [mem 0x0000000000100000-0x000000003ffdefff]
[STDERR  ] 2018-07-10T22:15:06.784710756Z: [    0.000000] Initmem setup node 0 [mem 0x0000000000001000-0x000000003ffdefff]
[STDERR  ] 2018-07-10T22:15:06.784724811Z: [    0.000000] ACPI: PM-Timer IO Port: 0x608
[STDERR  ] 2018-07-10T22:15:06.784739153Z: [    0.000000] ACPI: LAPIC_NMI (acpi_id[0xff] dfl dfl lint[0x1])
[STDERR  ] 2018-07-10T22:15:06.784753246Z: [    0.000000] IOAPIC[0]: apic_id 0, version 32, address 0xfec00000, GSI 0-23
[STDERR  ] 2018-07-10T22:15:06.784767493Z: [    0.000000] ACPI: INT_SRC_OVR (bus 0 bus_irq 0 global_irq 2 dfl dfl)
[STDERR  ] 2018-07-10T22:15:06.784781578Z: [    0.000000] ACPI: INT_SRC_OVR (bus 0 bus_irq 5 global_irq 5 high level)
[STDERR  ] 2018-07-10T22:15:06.784831720Z: [    0.000000] ACPI: INT_SRC_OVR (bus 0 bus_irq 9 global_irq 9 high level)
[STDERR  ] 2018-07-10T22:15:06.784959157Z: [    0.000000] ACPI: INT_SRC_OVR (bus 0 bus_irq 10 global_irq 10 high level)
[STDERR  ] 2018-07-10T22:15:06.784971535Z: [    0.000000] ACPI: INT_SRC_OVR (bus 0 bus_irq 11 global_irq 11 high level)
[STDERR  ] 2018-07-10T22:15:06.784983357Z: [    0.000000] Using ACPI (MADT) for SMP configuration information
[STDERR  ] 2018-07-10T22:15:06.784995699Z: [    0.000000] ACPI: HPET id: 0x8086a201 base: 0xfed00000
[STDERR  ] 2018-07-10T22:15:06.785008278Z: [    0.000000] smpboot: Allowing 1 CPUs, 0 hotplug CPUs
[STDERR  ] 2018-07-10T22:15:06.785020478Z: [    0.000000] e820: [mem 0x40000000-0xafffffff] available for PCI devices
[STDERR  ] 2018-07-10T22:15:06.785033530Z: [    0.000000] Booting paravirtualized kernel on bare hardware
[STDERR  ] 2018-07-10T22:15:06.785045178Z: [    0.000000] clocksource: refined-jiffies: mask: 0xffffffff max_cycles: 0xffffffff, max_idle_ns: 19112604462750000 ns
[STDERR  ] 2018-07-10T22:15:06.785061174Z: [    0.000000] random: get_random_bytes called from start_kernel+0x92/0x4cb with crng_init=0
[STDERR  ] 2018-07-10T22:15:06.785075800Z: [    0.000000] setup_percpu: NR_CPUS:128 nr_cpumask_bits:128 nr_cpu_ids:1 nr_node_ids:1
[STDERR  ] 2018-07-10T22:15:06.785098386Z: [    0.000000] percpu: Embedded 44 pages/cpu @ffff9f2afe200000 s143256 r8192 d28776 u2097152
[STDERR  ] 2018-07-10T22:15:06.785113807Z: [    0.000000] Built 1 zonelists, mobility grouping on.  Total pages: 257896
[STDERR  ] 2018-07-10T22:15:06.785128460Z: [    0.000000] Kernel command line: console=ttyS0 console=ttyAMA0
[STDERR  ] 2018-07-10T22:15:06.785144307Z: [    0.000000] PID hash table entries: 4096 (order: 3, 32768 bytes)
[STDERR  ] 2018-07-10T22:15:06.785156354Z: [    0.000000] Dentry cache hash table entries: 131072 (order: 8, 1048576 bytes)
[STDERR  ] 2018-07-10T22:15:06.785171180Z: [    0.000000] Inode-cache hash table entries: 65536 (order: 7, 524288 bytes)
[STDERR  ] 2018-07-10T22:15:06.785185205Z: [    0.000000] Memory: 976472K/1048052K available (12300K kernel code, 1465K rwdata, 2992K rodata, 1512K init, 632K bss, 71580K reserved, 0K cma-reserved)
[STDERR  ] 2018-07-10T22:15:06.785198398Z: [    0.000000] ftrace: allocating 41045 entries in 161 pages
[STDERR  ] 2018-07-10T22:15:06.785210617Z: [    0.000000] Hierarchical RCU implementation.
[STDERR  ] 2018-07-10T22:15:06.785229735Z: [    0.000000] 	RCU restricting CPUs from NR_CPUS=128 to nr_cpu_ids=1.
[STDERR  ] 2018-07-10T22:15:06.785242886Z: [    0.000000] RCU: Adjusting geometry for rcu_fanout_leaf=16, nr_cpu_ids=1
[STDERR  ] 2018-07-10T22:15:06.785255384Z: [    0.000000] NR_IRQS: 8448, nr_irqs: 256, preallocated irqs: 16
[STDERR  ] 2018-07-10T22:15:06.785267676Z: [    0.000000] Console: colour VGA+ 80x25
[STDERR  ] 2018-07-10T22:15:06.785281812Z: [    0.000000] console [ttyS0] enabled
[STDERR  ] 2018-07-10T22:15:06.785294160Z: [    0.000000] clocksource: hpet: mask: 0xffffffff max_cycles: 0xffffffff, max_idle_ns: 19112604467 ns
[STDERR  ] 2018-07-10T22:15:06.785319185Z: [    0.000000] tsc: Fast TSC calibration using PIT
[STDERR  ] 2018-07-10T22:15:06.785353969Z: [    0.000000] tsc: Detected 2599.661 MHz processor
[STDERR  ] 2018-07-10T22:15:06.785372663Z: [    0.001766] Calibrating delay loop (skipped), value calculated using timer frequency.. 5199.32 BogoMIPS (lpj=25996610)
[STDERR  ] 2018-07-10T22:15:06.785387767Z: [    0.002265] pid_max: default: 32768 minimum: 301
[STDERR  ] 2018-07-10T22:15:06.785415118Z: [    0.002979] ACPI: Core revision 20170728
[STDERR  ] 2018-07-10T22:15:06.785430218Z: [    0.038103] ACPI: 1 ACPI AML tables successfully acquired and loaded
[STDERR  ] 2018-07-10T22:15:06.785442329Z: [    0.040422] Security Framework initialized
[STDERR  ] 2018-07-10T22:15:06.785456670Z: [    0.040946] Yama: becoming mindful.
[STDERR  ] 2018-07-10T22:15:06.785470716Z: [    0.043704] Mount-cache hash table entries: 2048 (order: 2, 16384 bytes)
[STDERR  ] 2018-07-10T22:15:06.785483088Z: [    0.044199] Mountpoint-cache hash table entries: 2048 (order: 2, 16384 bytes)
[STDERR  ] 2018-07-10T22:15:06.785507963Z: [    0.062706] Last level iTLB entries: 4KB 0, 2MB 0, 4MB 0
[STDERR  ] 2018-07-10T22:15:06.785523311Z: [    0.063082] Last level dTLB entries: 4KB 0, 2MB 0, 4MB 0, 1GB 0
[STDERR  ] 2018-07-10T22:15:06.785535149Z: [    0.063620] Spectre V2 : Spectre mitigation: LFENCE not serializing, switching to generic retpoline
[STDERR  ] 2018-07-10T22:15:06.785547401Z: [    0.064138] Spectre V2 : Mitigation: Full generic retpoline
[STDERR  ] 2018-07-10T22:15:06.785560884Z: [    0.064523] Spectre V2 : Spectre v2 mitigation: Filling RSB on context switch
[STDERR  ] 2018-07-10T22:15:06.785575274Z: [    0.064970] Speculative Store Bypass: Vulnerable
[STDERR  ] 2018-07-10T22:15:06.785589400Z: [    0.362576] Freeing SMP alternatives memory: 20K
[STDERR  ] 2018-07-10T22:15:06.785603676Z: [    0.383233] smpboot: Max logical packages: 1
[STDERR  ] 2018-07-10T22:15:06.785618028Z: [    0.389865] ..TIMER: vector=0x30 apic1=0 pin1=2 apic2=-1 pin2=-1
[STDERR  ] 2018-07-10T22:15:06.785632130Z: [    0.490000] smpboot: CPU0: AMD QEMU Virtual CPU version 2.5+ (family: 0x6, model: 0x6, stepping: 0x3)
[STDERR  ] 2018-07-10T22:15:06.785644317Z: [    0.490000] Performance Events: PMU not available due to virtualization, using software events only.
[STDERR  ] 2018-07-10T22:15:06.785680938Z: [    0.491856] Hierarchical SRCU implementation.
[STDERR  ] 2018-07-10T22:15:06.785696119Z: [    0.499094] NMI watchdog: Perf event create on CPU 0 failed with -2
[STDERR  ] 2018-07-10T22:15:06.785708761Z: [    0.499520] NMI watchdog: Perf NMI watchdog permanently disabled
[STDERR  ] 2018-07-10T22:15:06.785734638Z: [    0.503432] smp: Bringing up secondary CPUs ...
[STDERR  ] 2018-07-10T22:15:06.785746986Z: [    0.503859] smp: Brought up 1 node, 1 CPU
[STDERR  ] 2018-07-10T22:15:06.785759273Z: [    0.504277] smpboot: Total of 1 processors activated (5199.32 BogoMIPS)
[STDERR  ] 2018-07-10T22:15:06.785771360Z: [    0.520768] devtmpfs: initialized
[STDERR  ] 2018-07-10T22:15:06.785783906Z: [    0.526556] x86/mm: Memory block size: 128MB
[STDERR  ] 2018-07-10T22:15:06.785817091Z: [    0.532089] evm: security.ima
[STDERR  ] 2018-07-10T22:15:06.785829462Z: [    0.532292] evm: security.capability
[STDERR  ] 2018-07-10T22:15:06.785841603Z: [    0.535396] clocksource: jiffies: mask: 0xffffffff max_cycles: 0xffffffff, max_idle_ns: 19112604462750000 ns
[STDERR  ] 2018-07-10T22:15:06.785853570Z: [    0.536199] futex hash table entries: 256 (order: 2, 16384 bytes)
[STDERR  ] 2018-07-10T22:15:06.785865622Z: [    0.547103] NET: Registered protocol family 16
[STDERR  ] 2018-07-10T22:15:06.785882628Z: [    0.553271] cpuidle: using governor ladder
[STDERR  ] 2018-07-10T22:15:06.785896837Z: [    0.553731] cpuidle: using governor menu
[STDERR  ] 2018-07-10T22:15:06.785910984Z: [    0.555360] ACPI: bus type PCI registered
[STDERR  ] 2018-07-10T22:15:06.785923328Z: [    0.557973] PCI: MMCONFIG for domain 0000 [bus 00-ff] at [mem 0xb0000000-0xbfffffff] (base 0xb0000000)
[STDERR  ] 2018-07-10T22:15:06.785942713Z: [    0.558804] PCI: MMCONFIG at [mem 0xb0000000-0xbfffffff] reserved in E820
[STDERR  ] 2018-07-10T22:15:06.785980364Z: [    0.559645] PCI: Using configuration type 1 for base access
[STDERR  ] 2018-07-10T22:15:06.785998114Z: [    0.598325] HugeTLB registered 2.00 MiB page size, pre-allocated 0 pages
[STDERR  ] 2018-07-10T22:15:06.786009776Z: [    0.609762] ACPI: Added _OSI(Module Device)
[STDERR  ] 2018-07-10T22:15:06.786021817Z: [    0.610000] ACPI: Added _OSI(Processor Device)
[STDERR  ] 2018-07-10T22:15:06.786033830Z: [    0.610150] ACPI: Added _OSI(3.0 _SCP Extensions)
[STDERR  ] 2018-07-10T22:15:06.786048282Z: [    0.610349] ACPI: Added _OSI(Processor Aggregator Device)
[STDERR  ] 2018-07-10T22:15:06.786064864Z: [    0.655918] ACPI: Interpreter enabled
[STDERR  ] 2018-07-10T22:15:06.786079196Z: [    0.656809] ACPI: (supports S0 S5)
[STDERR  ] 2018-07-10T22:15:06.786093205Z: [    0.657188] ACPI: Using IOAPIC for interrupt routing
[STDERR  ] 2018-07-10T22:15:06.786110063Z: [    0.659701] PCI: Using host bridge windows from ACPI; if necessary, use "pci=nocrs" and report a bug
[STDERR  ] 2018-07-10T22:15:06.786122454Z: [    0.662215] ACPI: Enabled 1 GPEs in block 00 to 3F
[STDERR  ] 2018-07-10T22:15:06.786135956Z: [    0.706782] ACPI: PCI Root Bridge [PCI0] (domain 0000 [bus 00-ff])
[STDERR  ] 2018-07-10T22:15:06.786166217Z: [    0.707811] acpi PNP0A08:00: _OSC: OS supports [ExtendedConfig ASPM ClockPM Segments MSI]
[STDERR  ] 2018-07-10T22:15:06.786182048Z: [    0.712700] acpi PNP0A08:00: _OSC: OS now controls [PCIeHotplug PME PCIeCapability]
[STDERR  ] 2018-07-10T22:15:06.786196215Z: [    0.716395] PCI host bridge to bus 0000:00
[STDERR  ] 2018-07-10T22:15:06.786208438Z: [    0.717057] pci_bus 0000:00: root bus resource [io  0x0000-0x0cf7 window]
[STDERR  ] 2018-07-10T22:15:06.786222509Z: [    0.717443] pci_bus 0000:00: root bus resource [io  0x0d00-0xffff window]
[STDERR  ] 2018-07-10T22:15:06.786263627Z: [    0.717751] pci_bus 0000:00: root bus resource [mem 0x000a0000-0x000bffff window]
[STDERR  ] 2018-07-10T22:15:06.786278430Z: [    0.718050] pci_bus 0000:00: root bus resource [mem 0xc0000000-0xfebfffff window]
[STDERR  ] 2018-07-10T22:15:06.786290578Z: [    0.718394] pci_bus 0000:00: root bus resource [mem 0x100000000-0x8ffffffff window]
[STDERR  ] 2018-07-10T22:15:06.786322571Z: [    0.718916] pci_bus 0000:00: root bus resource [bus 00-ff]
[STDERR  ] 2018-07-10T22:15:06.786337976Z: [    0.814581] pci 0000:00:1f.0: quirk: [io  0x0600-0x067f] claimed by ICH6 ACPI/GPIO/TCO
[STDERR  ] 2018-07-10T22:15:06.786350102Z: [    0.867356] ACPI: PCI Interrupt Link [LNKA] (IRQs 5 *10 11)
[STDERR  ] 2018-07-10T22:15:06.786361885Z: [    0.869377] ACPI: PCI Interrupt Link [LNKB] (IRQs 5 *10 11)
[STDERR  ] 2018-07-10T22:15:06.786373638Z: [    0.871452] ACPI: PCI Interrupt Link [LNKC] (IRQs 5 10 *11)
[STDERR  ] 2018-07-10T22:15:06.786385382Z: [    0.872817] ACPI: PCI Interrupt Link [LNKD] (IRQs 5 10 *11)
[STDERR  ] 2018-07-10T22:15:06.786400153Z: [    0.874146] ACPI: PCI Interrupt Link [LNKE] (IRQs 5 *10 11)
[STDERR  ] 2018-07-10T22:15:06.786414638Z: [    0.875397] ACPI: PCI Interrupt Link [LNKF] (IRQs 5 *10 11)
[STDERR  ] 2018-07-10T22:15:06.786426892Z: [    0.876627] ACPI: PCI Interrupt Link [LNKG] (IRQs 5 10 *11)
[STDERR  ] 2018-07-10T22:15:06.786444707Z: [    0.877845] ACPI: PCI Interrupt Link [LNKH] (IRQs 5 10 *11)
[STDERR  ] 2018-07-10T22:15:06.786460215Z: [    0.880488] ACPI: PCI Interrupt Link [GSIA] (IRQs *16)
[STDERR  ] 2018-07-10T22:15:06.786476873Z: [    0.881084] ACPI: PCI Interrupt Link [GSIB] (IRQs *17)
[STDERR  ] 2018-07-10T22:15:06.786489030Z: [    0.881652] ACPI: PCI Interrupt Link [GSIC] (IRQs *18)
[STDERR  ] 2018-07-10T22:15:06.786508938Z: [    0.882226] ACPI: PCI Interrupt Link [GSID] (IRQs *19)
[STDERR  ] 2018-07-10T22:15:06.786519778Z: [    0.882753] ACPI: PCI Interrupt Link [GSIE] (IRQs *20)
[STDERR  ] 2018-07-10T22:15:06.786531587Z: [    0.883310] ACPI: PCI Interrupt Link [GSIF] (IRQs *21)
[STDERR  ] 2018-07-10T22:15:06.786543566Z: [    0.883831] ACPI: PCI Interrupt Link [GSIG] (IRQs *22)
[STDERR  ] 2018-07-10T22:15:06.786564120Z: [    0.884347] ACPI: PCI Interrupt Link [GSIH] (IRQs *23)
[STDERR  ] 2018-07-10T22:15:06.786584574Z: [    0.891886] SCSI subsystem initialized
[STDERR  ] 2018-07-10T22:15:06.786598788Z: [    0.894103] ACPI: bus type USB registered
[STDERR  ] 2018-07-10T22:15:06.786610940Z: [    0.895031] usbcore: registered new interface driver usbfs
[STDERR  ] 2018-07-10T22:15:06.786625115Z: [    0.895809] usbcore: registered new interface driver hub
[STDERR  ] 2018-07-10T22:15:06.786639621Z: [    0.896573] usbcore: registered new device driver usb
[STDERR  ] 2018-07-10T22:15:06.786653818Z: [    0.897515] pps_core: LinuxPPS API ver. 1 registered
[STDERR  ] 2018-07-10T22:15:06.786667906Z: [    0.897816] pps_core: Software ver. 5.3.6 - Copyright 2005-2007 Rodolfo Giometti <giometti@linux.it>
[STDERR  ] 2018-07-10T22:15:06.786690310Z: [    0.898456] PTP clock support registered
[STDERR  ] 2018-07-10T22:15:06.786704273Z: [    0.900703] PCI: Using ACPI for IRQ routing
[STDERR  ] 2018-07-10T22:15:06.786721661Z: [    0.914364] NetLabel: Initializing
[STDERR  ] 2018-07-10T22:15:06.786733978Z: [    0.914642] NetLabel:  domain hash size = 128
[STDERR  ] 2018-07-10T22:15:06.786747685Z: [    0.914902] NetLabel:  protocols = UNLABELED CIPSOv4 CALIPSO
[STDERR  ] 2018-07-10T22:15:06.786764908Z: [    0.917809] NetLabel:  unlabeled traffic allowed by default
[STDERR  ] 2018-07-10T22:15:06.786779227Z: [    0.919758] HPET: 3 timers in total, 0 timers will be used for per-cpu timer
[STDERR  ] 2018-07-10T22:15:06.786793634Z: [    0.920434] hpet0: at MMIO 0xfed00000, IRQs 2, 8, 0
[STDERR  ] 2018-07-10T22:15:06.786805840Z: [    0.920840] hpet0: 3 comparators, 64-bit 100.000000 MHz counter
[STDERR  ] 2018-07-10T22:15:06.786830892Z: [    0.926009] clocksource: Switched to clocksource hpet
[STDERR  ] 2018-07-10T22:15:06.786845179Z: [    1.116030] VFS: Disk quotas dquot_6.6.0
[STDERR  ] 2018-07-10T22:15:06.786859176Z: [    1.116768] VFS: Dquot-cache hash table entries: 512 (order 0, 4096 bytes)
[STDERR  ] 2018-07-10T22:15:06.786871454Z: [    1.120663] FS-Cache: Loaded
[STDERR  ] 2018-07-10T22:15:06.786888393Z: [    1.127514] CacheFiles: Loaded
[STDERR  ] 2018-07-10T22:15:06.786903198Z: [    1.128590] pnp: PnP ACPI init
[STDERR  ] 2018-07-10T22:15:06.786915563Z: [    1.136435] pnp: PnP ACPI: found 5 devices
[STDERR  ] 2018-07-10T22:15:06.786929544Z: [    1.170370] clocksource: acpi_pm: mask: 0xffffff max_cycles: 0xffffff, max_idle_ns: 2085701024 ns
[STDERR  ] 2018-07-10T22:15:06.786946717Z: [    1.173736] NET: Registered protocol family 2
[STDERR  ] 2018-07-10T22:15:06.786960834Z: [    1.181485] TCP established hash table entries: 8192 (order: 4, 65536 bytes)
[STDERR  ] 2018-07-10T22:15:06.786974863Z: [    1.182293] TCP bind hash table entries: 8192 (order: 5, 131072 bytes)
[STDERR  ] 2018-07-10T22:15:06.787002389Z: [    1.182914] TCP: Hash tables configured (established 8192 bind 8192)
[STDERR  ] 2018-07-10T22:15:06.787016403Z: [    1.184920] UDP hash table entries: 512 (order: 2, 16384 bytes)
[STDERR  ] 2018-07-10T22:15:06.787027747Z: [    1.185631] UDP-Lite hash table entries: 512 (order: 2, 16384 bytes)
[STDERR  ] 2018-07-10T22:15:06.787039358Z: [    1.187987] NET: Registered protocol family 1
[STDERR  ] 2018-07-10T22:15:06.787051700Z: [    1.188962] pci 0000:00:01.0: Video device with shadowed ROM at [mem 0x000c0000-0x000dffff]
[STDERR  ] 2018-07-10T22:15:06.787063834Z: [    1.195140] Trying to unpack rootfs image as initramfs...
[STDERR  ] 2018-07-10T22:15:06.787076089Z: [    4.311166] Freeing initrd memory: 28328K
[STDERR  ] 2018-07-10T22:15:06.787087854Z: [    4.334803] PCLMULQDQ-NI instructions are not detected.
[STDERR  ] 2018-07-10T22:15:06.787099870Z: [    4.336255] AVX or AES-NI instructions are not detected.
[STDERR  ] 2018-07-10T22:15:06.787117345Z: [    4.336758] CPU feature 'AVX registers' is not supported.
[STDERR  ] 2018-07-10T22:15:06.787129257Z: [    4.337098] CPU feature 'AVX registers' is not supported.
[STDERR  ] 2018-07-10T22:15:06.787143280Z: [    4.337411] CPU feature 'AVX registers' is not supported.
[STDERR  ] 2018-07-10T22:15:06.787163859Z: [    4.337774] CPU feature 'AVX registers' is not supported.
[STDERR  ] 2018-07-10T22:15:06.787182675Z: [    4.338083] AVX2 or AES-NI instructions are not detected.
[STDERR  ] 2018-07-10T22:15:06.787195671Z: [    4.338458] AVX2 instructions are not detected.
[STDERR  ] 2018-07-10T22:15:06.787208351Z: [    4.343445] audit: initializing netlink subsys (disabled)
[STDERR  ] 2018-07-10T22:15:06.787225905Z: [    4.348779] audit: type=2000 audit(1531260881.340:1): state=initialized audit_enabled=0 res=1
[STDERR  ] 2018-07-10T22:15:06.787240449Z: [    4.349998] workingset: timestamp_bits=46 max_order=18 bucket_order=0
[STDERR  ] 2018-07-10T22:15:06.787255029Z: [    4.355676] squashfs: version 4.0 (2009/01/31) Phillip Lougher
[STDERR  ] 2018-07-10T22:15:06.787269664Z: [    4.358400] FS-Cache: Netfs 'cifs' registered for caching
[STDERR  ] 2018-07-10T22:15:06.787283763Z: [    4.359464] fuse init (API version 7.26)
[STDERR  ] 2018-07-10T22:15:06.787297766Z: [    4.363076] SGI XFS with ACLs, security attributes, no debug enabled
[STDERR  ] 2018-07-10T22:15:06.787309755Z: [    4.366668] 9p: Installing v9fs 9p2000 file system support
[STDERR  ] 2018-07-10T22:15:06.787323831Z: [    4.367132] FS-Cache: Netfs '9p' registered for caching
[STDERR  ] 2018-07-10T22:15:06.787351489Z: [    4.398426] NET: Registered protocol family 38
[STDERR  ] 2018-07-10T22:15:06.787363611Z: [    4.399049] Key type asymmetric registered
[STDERR  ] 2018-07-10T22:15:06.787377475Z: [    4.399472] Asymmetric key parser 'x509' registered
[STDERR  ] 2018-07-10T22:15:06.787389548Z: [    4.401766] Block layer SCSI generic (bsg) driver version 0.4 loaded (major 247)
