[INFO    ] 2018-08-22T12:51:25.615039513Z: Running Test linuxkit.packages.extend.ext4 in /tmp/build/test/cases/040_packages/005_extend/000_ext4
[INFO    ] 2018-08-22T12:51:25.615210957Z: Running command: [/bin/sh -x /tmp/build/test/cases/040_packages/005_extend/000_ext4/test.sh]
[STDERR  ] 2018-08-22T12:51:25.695871479Z: + set -ex
[STDERR  ] 2018-08-22T12:51:25.695965134Z: + . /tmp/build/test/cases/_lib/lib.sh
[STDERR  ] 2018-08-22T12:51:25.695990524Z: + [ -f src/github.com/linuxkit/rtf/lib/lib.sh ]
[STDERR  ] 2018-08-22T12:51:25.696011804Z: + LINUXKIT_TMPDIR=/tmp/build/test/cases/_tmp
[STDERR  ] 2018-08-22T12:51:25.696032283Z: + [ -f /tmp/build/test/cases/_tmp/env.sh ]
[STDERR  ] 2018-08-22T12:51:25.696051565Z: + . /tmp/build/test/cases/_tmp/env.sh
[STDERR  ] 2018-08-22T12:51:25.696072243Z: + export LINUXKIT_EXAMPLES_DIR=/tmp/build/test/cases/../../examples
[STDERR  ] 2018-08-22T12:51:25.696093963Z: + RT_CANCEL=253
[STDERR  ] 2018-08-22T12:51:25.696112635Z: + NAME_CREATE=create-ext4
[STDERR  ] 2018-08-22T12:51:25.696131421Z: + NAME_EXTEND=extend-ext4
[STDERR  ] 2018-08-22T12:51:25.696151658Z: + DISK=disk.img
[STDERR  ] 2018-08-22T12:51:25.696170165Z: + trap clean_up EXIT
[STDERR  ] 2018-08-22T12:51:25.696188738Z: + linuxkit build -name create-ext4 -format kernel+initrd test-create.yml
[STDERR  ] 2018-08-22T12:51:25.731945254Z: Extract kernel image: linuxkit/kernel:4.14.63
[STDERR  ] 2018-08-22T12:51:27.655333585Z: Add init containers:
[STDERR  ] 2018-08-22T12:51:27.655411822Z: Process init image: linuxkit/init:v0.6
[STDERR  ] 2018-08-22T12:51:28.873272919Z: Process init image: linuxkit/runc:v0.6
[STDERR  ] 2018-08-22T12:51:30.019987064Z: Add onboot containers:
[STDERR  ] 2018-08-22T12:51:30.020060550Z:   Create OCI config for linuxkit/format:v0.6
[STDERR  ] 2018-08-22T12:51:31.551591311Z:   Create OCI config for linuxkit/mount:v0.6
[STDERR  ] 2018-08-22T12:51:33.107785044Z:   Create OCI config for alpine:3.8
[STDERR  ] 2018-08-22T12:51:34.301777723Z:   Create OCI config for linuxkit/poweroff:afe8f7dd0d47a7991c54519b0f09124cb8c4e300
[STDERR  ] 2018-08-22T12:51:35.479282685Z: Create outputs:
[STDERR  ] 2018-08-22T12:51:42.255395150Z:   create-ext4-kernel create-ext4-initrd.img create-ext4-cmdline
[STDERR  ] 2018-08-22T12:51:42.338189399Z: + linuxkit run -disk file=disk.img,format=raw,size=256M create-ext4
[STDOUT  ] 2018-08-22T12:51:45.707554843Z: [    0.000000] Linux version 4.14.63-linuxkit (root@rlin01) (gcc version 6.4.0 (Alpine 6.4.0)) #1 SMP Fri Aug 17 17:27:47 UTC 2018
[STDOUT  ] 2018-08-22T12:51:45.707919635Z: [    0.000000] Command line: console=ttyS0 console=ttyAMA0
[STDOUT  ] 2018-08-22T12:51:45.708150164Z: [    0.000000] x86/fpu: x87 FPU will use FXSAVE
[STDOUT  ] 2018-08-22T12:51:45.708408113Z: [    0.000000] e820: BIOS-provided physical RAM map:
[STDOUT  ] 2018-08-22T12:51:45.708794400Z: [    0.000000] BIOS-e820: [mem 0x0000000000000000-0x000000000009fbff] usable
[STDOUT  ] 2018-08-22T12:51:45.709154863Z: [    0.000000] BIOS-e820: [mem 0x000000000009fc00-0x000000000009ffff] reserved
[STDOUT  ] 2018-08-22T12:51:45.709560784Z: [    0.000000] BIOS-e820: [mem 0x00000000000f0000-0x00000000000fffff] reserved
[STDOUT  ] 2018-08-22T12:51:45.710014755Z: [    0.000000] BIOS-e820: [mem 0x0000000000100000-0x000000003ffdefff] usable
[STDOUT  ] 2018-08-22T12:51:45.710347202Z: [    0.000000] BIOS-e820: [mem 0x000000003ffdf000-0x000000003fffffff] reserved
[STDOUT  ] 2018-08-22T12:51:45.710779699Z: [    0.000000] BIOS-e820: [mem 0x00000000b0000000-0x00000000bfffffff] reserved
[STDOUT  ] 2018-08-22T12:51:45.711159360Z: [    0.000000] BIOS-e820: [mem 0x00000000fed1c000-0x00000000fed1ffff] reserved
[STDOUT  ] 2018-08-22T12:51:45.711567188Z: [    0.000000] BIOS-e820: [mem 0x00000000fffc0000-0x00000000ffffffff] reserved
[STDOUT  ] 2018-08-22T12:51:45.711832119Z: [    0.000000] NX (Execute Disable) protection: active
[STDOUT  ] 2018-08-22T12:51:45.711998517Z: [    0.000000] SMBIOS 2.8 present.
[STDOUT  ] 2018-08-22T12:51:45.712408099Z: [    0.000000] DMI: QEMU Standard PC (Q35 + ICH9, 2009), BIOS 1.10.2-1 04/01/2014
[STDOUT  ] 2018-08-22T12:51:45.712651349Z: [    0.000000] tsc: Fast TSC calibration failed
[STDOUT  ] 2018-08-22T12:51:45.712870552Z: [    0.000000] tsc: Unable to calibrate against PIT
[STDOUT  ] 2018-08-22T12:51:45.713142434Z: [    0.000000] tsc: No reference (HPET/PMTIMER) available
[STDOUT  ] 2018-08-22T12:51:45.713449596Z: [    0.000000] e820: last_pfn = 0x3ffdf max_arch_pfn = 0x400000000
[STDOUT  ] 2018-08-22T12:51:45.713859936Z: [    0.000000] x86/PAT: Configuration [0-7]: WB  WC  UC- UC  WB  WP  UC- WT  
[STDOUT  ] 2018-08-22T12:51:45.714309194Z: [    0.000000] found SMP MP-table at [mem 0x000f6a90-0x000f6a9f] mapped at [ffffffffff200a90]
[STDOUT  ] 2018-08-22T12:51:45.714600758Z: [    0.000000] RAMDISK: [mem 0x3dca2000-0x3ffcffff]
[STDOUT  ] 2018-08-22T12:51:45.714916980Z: [    0.000000] ACPI: Early table checksum verification disabled
[STDOUT  ] 2018-08-22T12:51:45.715210289Z: [    0.000000] ACPI: RSDP 0x00000000000F68D0 000014 (v00 BOCHS )
[STDOUT  ] 2018-08-22T12:51:45.715693033Z: [    0.000000] ACPI: RSDT 0x000000003FFE2404 000034 (v01 BOCHS  BXPCRSDT 00000001 BXPC 00000001)
[STDOUT  ] 2018-08-22T12:51:45.716126003Z: [    0.000000] ACPI: FACP 0x000000003FFE22A4 000074 (v01 BOCHS  BXPCFACP 00000001 BXPC 00000001)
[STDOUT  ] 2018-08-22T12:51:45.716622238Z: [    0.000000] ACPI: DSDT 0x000000003FFE0040 002264 (v01 BOCHS  BXPCDSDT 00000001 BXPC 00000001)
[STDOUT  ] 2018-08-22T12:51:45.716895376Z: [    0.000000] ACPI: FACS 0x000000003FFE0000 000040
[STDOUT  ] 2018-08-22T12:51:45.717324632Z: [    0.000000] ACPI: APIC 0x000000003FFE2318 000078 (v01 BOCHS  BXPCAPIC 00000001 BXPC 00000001)
[STDOUT  ] 2018-08-22T12:51:45.717793428Z: [    0.000000] ACPI: HPET 0x000000003FFE2390 000038 (v01 BOCHS  BXPCHPET 00000001 BXPC 00000001)
[STDOUT  ] 2018-08-22T12:51:45.718248634Z: [    0.000000] ACPI: MCFG 0x000000003FFE23C8 00003C (v01 BOCHS  BXPCMCFG 00000001 BXPC 00000001)
[STDOUT  ] 2018-08-22T12:51:45.718403315Z: [    0.000000] Zone ranges:
[STDOUT  ] 2018-08-22T12:51:45.718744795Z: [    0.000000]   DMA      [mem 0x0000000000001000-0x0000000000ffffff]
[STDOUT  ] 2018-08-22T12:51:45.719059907Z: [    0.000000]   DMA32    [mem 0x0000000001000000-0x000000003ffdefff]
[STDOUT  ] 2018-08-22T12:51:45.719213124Z: [    0.000000]   Normal   empty
[STDOUT  ] 2018-08-22T12:51:45.719375356Z: [    0.000000]   Device   empty
[STDOUT  ] 2018-08-22T12:51:45.719632319Z: [    0.000000] Movable zone start for each node
[STDOUT  ] 2018-08-22T12:51:45.719823082Z: [    0.000000] Early memory node ranges
[STDOUT  ] 2018-08-22T12:51:45.720141933Z: [    0.000000]   node   0: [mem 0x0000000000001000-0x000000000009efff]
[STDOUT  ] 2018-08-22T12:51:45.720491724Z: [    0.000000]   node   0: [mem 0x0000000000100000-0x000000003ffdefff]
[STDOUT  ] 2018-08-22T12:51:45.720869931Z: [    0.000000] Initmem setup node 0 [mem 0x0000000000001000-0x000000003ffdefff]
[STDOUT  ] 2018-08-22T12:51:45.721093390Z: [    0.000000] ACPI: PM-Timer IO Port: 0x608
[STDOUT  ] 2018-08-22T12:51:45.721396007Z: [    0.000000] ACPI: LAPIC_NMI (acpi_id[0xff] dfl dfl lint[0x1])
[STDOUT  ] 2018-08-22T12:51:45.721795381Z: [    0.000000] IOAPIC[0]: apic_id 0, version 32, address 0xfec00000, GSI 0-23
[STDOUT  ] 2018-08-22T12:51:45.722138883Z: [    0.000000] ACPI: INT_SRC_OVR (bus 0 bus_irq 0 global_irq 2 dfl dfl)
[STDOUT  ] 2018-08-22T12:51:45.722503108Z: [    0.000000] ACPI: INT_SRC_OVR (bus 0 bus_irq 5 global_irq 5 high level)
[STDOUT  ] 2018-08-22T12:51:45.722886110Z: [    0.000000] ACPI: INT_SRC_OVR (bus 0 bus_irq 9 global_irq 9 high level)
[STDOUT  ] 2018-08-22T12:51:45.723229216Z: [    0.000000] ACPI: INT_SRC_OVR (bus 0 bus_irq 10 global_irq 10 high level)
[STDOUT  ] 2018-08-22T12:51:45.723616472Z: [    0.000000] ACPI: INT_SRC_OVR (bus 0 bus_irq 11 global_irq 11 high level)
[STDOUT  ] 2018-08-22T12:51:45.723923313Z: [    0.000000] Using ACPI (MADT) for SMP configuration information
[STDOUT  ] 2018-08-22T12:51:45.724189455Z: [    0.000000] ACPI: HPET id: 0x8086a201 base: 0xfed00000
[STDOUT  ] 2018-08-22T12:51:45.724488879Z: [    0.000000] smpboot: Allowing 1 CPUs, 0 hotplug CPUs
[STDOUT  ] 2018-08-22T12:51:45.724862290Z: [    0.000000] e820: [mem 0x40000000-0xafffffff] available for PCI devices
[STDOUT  ] 2018-08-22T12:51:45.725149559Z: [    0.000000] Booting paravirtualized kernel on bare hardware
[STDOUT  ] 2018-08-22T12:51:45.725724538Z: [    0.000000] clocksource: refined-jiffies: mask: 0xffffffff max_cycles: 0xffffffff, max_idle_ns: 19112604462750000 ns
[STDOUT  ] 2018-08-22T12:51:45.726191765Z: [    0.000000] random: get_random_bytes called from start_kernel+0x92/0x4cb with crng_init=0
[STDOUT  ] 2018-08-22T12:51:45.726652664Z: [    0.000000] setup_percpu: NR_CPUS:128 nr_cpumask_bits:128 nr_cpu_ids:1 nr_node_ids:1
[STDOUT  ] 2018-08-22T12:51:45.727083704Z: [    0.000000] percpu: Embedded 44 pages/cpu @ffff99ca7da00000 s143256 r8192 d28776 u2097152
[STDOUT  ] 2018-08-22T12:51:45.727450355Z: [    0.000000] Built 1 zonelists, mobility grouping on.  Total pages: 257896
[STDOUT  ] 2018-08-22T12:51:45.727821591Z: [    0.000000] Kernel command line: console=ttyS0 console=ttyAMA0
[STDOUT  ] 2018-08-22T12:51:45.728155776Z: [    0.000000] PID hash table entries: 4096 (order: 3, 32768 bytes)
[STDOUT  ] 2018-08-22T12:51:45.728567376Z: [    0.000000] Dentry cache hash table entries: 131072 (order: 8, 1048576 bytes)
[STDOUT  ] 2018-08-22T12:51:45.728911650Z: [    0.000000] Inode-cache hash table entries: 65536 (order: 7, 524288 bytes)
[STDOUT  ] 2018-08-22T12:51:45.729631238Z: [    0.000000] Memory: 968764K/1048052K available (12300K kernel code, 1465K rwdata, 2996K rodata, 1516K init, 632K bss, 79288K reserved, 0K cma-reserved)
[STDOUT  ] 2018-08-22T12:51:45.729924673Z: [    0.000000] ftrace: allocating 41077 entries in 161 pages
[STDOUT  ] 2018-08-22T12:51:45.730154784Z: [    0.000000] Hierarchical RCU implementation.
[STDOUT  ] 2018-08-22T12:51:45.730601134Z: [    0.000000] 	RCU restricting CPUs from NR_CPUS=128 to nr_cpu_ids=1.
[STDOUT  ] 2018-08-22T12:51:45.730947710Z: [    0.000000] RCU: Adjusting geometry for rcu_fanout_leaf=16, nr_cpu_ids=1
[STDOUT  ] 2018-08-22T12:51:45.731247005Z: [    0.000000] NR_IRQS: 8448, nr_irqs: 256, preallocated irqs: 16
[STDOUT  ] 2018-08-22T12:51:45.731477509Z: [    0.000000] Console: colour VGA+ 80x25
[STDOUT  ] 2018-08-22T12:51:45.731820235Z: [    0.000000] console [ttyS0] enabled
[STDOUT  ] 2018-08-22T12:51:45.734981814Z: [    0.000000] clocksource: hpet: mask: 0xffffffff max_cycles: 0xffffffff, max_idle_ns: 19112604467 ns
[STDOUT  ] 2018-08-22T12:51:45.739597478Z: [    0.000000] tsc: Fast TSC calibration using PIT
[STDOUT  ] 2018-08-22T12:51:45.739969255Z: [    0.000000] tsc: Detected 2599.760 MHz processor
[STDOUT  ] 2018-08-22T12:51:45.742147334Z: [    0.001400] Calibrating delay loop (skipped), value calculated using timer frequency.. 5199.52 BogoMIPS (lpj=25997600)
[STDOUT  ] 2018-08-22T12:51:45.742566433Z: [    0.002210] pid_max: default: 32768 minimum: 301
[STDOUT  ] 2018-08-22T12:51:45.743293228Z: [    0.003026] ACPI: Core revision 20170728
[STDOUT  ] 2018-08-22T12:51:45.775991796Z: [    0.039332] ACPI: 1 ACPI AML tables successfully acquired and loaded
[STDOUT  ] 2018-08-22T12:51:45.777490255Z: [    0.041091] Security Framework initialized
[STDOUT  ] 2018-08-22T12:51:45.777877641Z: [    0.041524] Yama: becoming mindful.
[STDOUT  ] 2018-08-22T12:51:45.779875639Z: [    0.043335] Mount-cache hash table entries: 2048 (order: 2, 16384 bytes)
[STDOUT  ] 2018-08-22T12:51:45.780342805Z: [    0.043805] Mountpoint-cache hash table entries: 2048 (order: 2, 16384 bytes)
[STDOUT  ] 2018-08-22T12:51:45.795462719Z: [    0.058872] Last level iTLB entries: 4KB 0, 2MB 0, 4MB 0
[STDOUT  ] 2018-08-22T12:51:45.795869191Z: [    0.059266] Last level dTLB entries: 4KB 0, 2MB 0, 4MB 0, 1GB 0
[STDOUT  ] 2018-08-22T12:51:45.796768605Z: [    0.060067] Spectre V2 : Spectre mitigation: LFENCE not serializing, switching to generic retpoline
[STDOUT  ] 2018-08-22T12:51:45.797128470Z: [    0.060655] Spectre V2 : Mitigation: Full generic retpoline
[STDOUT  ] 2018-08-22T12:51:45.797621658Z: [    0.060989] Spectre V2 : Spectre v2 / SpectreRSB mitigation: Filling RSB on context switch
[STDOUT  ] 2018-08-22T12:51:45.797959358Z: [    0.061543] Speculative Store Bypass: Vulnerable
[STDOUT  ] 2018-08-22T12:51:46.032797097Z: [    0.296205] Freeing SMP alternatives memory: 20K
[STDOUT  ] 2018-08-22T12:51:46.049833006Z: [    0.312661] smpboot: Max logical packages: 1
[STDOUT  ] 2018-08-22T12:51:46.054493848Z: [    0.317307] ..TIMER: vector=0x30 apic1=0 pin1=2 apic2=-1 pin2=-1
[STDOUT  ] 2018-08-22T12:51:46.267427331Z: [    0.420000] smpboot: CPU0: AMD QEMU Virtual CPU version 2.5+ (family: 0x6, model: 0x6, stepping: 0x3)
[STDOUT  ] 2018-08-22T12:51:46.272980647Z: [    0.420000] Performance Events: PMU not available due to virtualization, using software events only.
[STDOUT  ] 2018-08-22T12:51:46.274791959Z: [    0.420000] Hierarchical SRCU implementation.
[STDOUT  ] 2018-08-22T12:51:46.280164738Z: [    0.422939] NMI watchdog: Perf event create on CPU 0 failed with -2
[STDOUT  ] 2018-08-22T12:51:46.280524912Z: [    0.423320] NMI watchdog: Perf NMI watchdog permanently disabled
[STDOUT  ] 2018-08-22T12:51:46.283559033Z: [    0.426370] smp: Bringing up secondary CPUs ...
[STDOUT  ] 2018-08-22T12:51:46.283871371Z: [    0.426777] smp: Brought up 1 node, 1 CPU
[STDOUT  ] 2018-08-22T12:51:46.284317120Z: [    0.427100] smpboot: Total of 1 processors activated (5199.52 BogoMIPS)
[STDOUT  ] 2018-08-22T12:51:46.297259408Z: [    0.440309] devtmpfs: initialized
[STDOUT  ] 2018-08-22T12:51:46.301183596Z: [    0.444215] x86/mm: Memory block size: 128MB
[STDOUT  ] 2018-08-22T12:51:46.305785519Z: [    0.448880] evm: security.ima
[STDOUT  ] 2018-08-22T12:51:46.305998421Z: [    0.449094] evm: security.capability
[STDOUT  ] 2018-08-22T12:51:46.309236068Z: [    0.452066] clocksource: jiffies: mask: 0xffffffff max_cycles: 0xffffffff, max_idle_ns: 19112604462750000 ns
[STDOUT  ] 2018-08-22T12:51:46.309728833Z: [    0.452746] futex hash table entries: 256 (order: 2, 16384 bytes)
[STDOUT  ] 2018-08-22T12:51:46.318307277Z: [    0.461318] NET: Registered protocol family 16
[STDOUT  ] 2018-08-22T12:51:46.323567333Z: [    0.466587] cpuidle: using governor ladder
[STDOUT  ] 2018-08-22T12:51:46.323935417Z: [    0.467002] cpuidle: using governor menu
[STDOUT  ] 2018-08-22T12:51:46.325248800Z: [    0.468299] ACPI: bus type PCI registered
[STDOUT  ] 2018-08-22T12:51:46.327882847Z: [    0.470581] PCI: MMCONFIG for domain 0000 [bus 00-ff] at [mem 0xb0000000-0xbfffffff] (base 0xb0000000)
[STDOUT  ] 2018-08-22T12:51:46.328452936Z: [    0.471276] PCI: MMCONFIG at [mem 0xb0000000-0xbfffffff] reserved in E820
[STDOUT  ] 2018-08-22T12:51:46.329266809Z: [    0.472155] PCI: Using configuration type 1 for base access
[STDOUT  ] 2018-08-22T12:51:46.371912007Z: [    0.514830] HugeTLB registered 2.00 MiB page size, pre-allocated 0 pages
[STDOUT  ] 2018-08-22T12:51:46.380749737Z: [    0.523780] ACPI: Added _OSI(Module Device)
[STDOUT  ] 2018-08-22T12:51:46.381024622Z: [    0.524087] ACPI: Added _OSI(Processor Device)
[STDOUT  ] 2018-08-22T12:51:46.381284917Z: [    0.524342] ACPI: Added _OSI(3.0 _SCP Extensions)
[STDOUT  ] 2018-08-22T12:51:46.381585867Z: [    0.524603] ACPI: Added _OSI(Processor Aggregator Device)
[STDOUT  ] 2018-08-22T12:51:46.434185578Z: [    0.576849] ACPI: Interpreter enabled
[STDOUT  ] 2018-08-22T12:51:46.434876748Z: [    0.577605] ACPI: (supports S0 S5)
[STDOUT  ] 2018-08-22T12:51:46.435222460Z: [    0.577894] ACPI: Using IOAPIC for interrupt routing
[STDOUT  ] 2018-08-22T12:51:46.437256204Z: [    0.579445] PCI: Using host bridge windows from ACPI; if necessary, use "pci=nocrs" and report a bug
[STDOUT  ] 2018-08-22T12:51:46.439890032Z: [    0.582254] ACPI: Enabled 2 GPEs in block 00 to 3F
[STDOUT  ] 2018-08-22T12:51:46.491803960Z: [    0.634706] ACPI: PCI Root Bridge [PCI0] (domain 0000 [bus 00-ff])
[STDOUT  ] 2018-08-22T12:51:46.492682527Z: [    0.635529] acpi PNP0A08:00: _OSC: OS supports [ExtendedConfig ASPM ClockPM Segments MSI]
[STDOUT  ] 2018-08-22T12:51:46.496290378Z: [    0.639160] acpi PNP0A08:00: _OSC: OS now controls [PCIeHotplug PME PCIeCapability]
[STDOUT  ] 2018-08-22T12:51:46.499269682Z: [    0.642347] PCI host bridge to bus 0000:00
[STDOUT  ] 2018-08-22T12:51:46.499834017Z: [    0.642785] pci_bus 0000:00: root bus resource [io  0x0000-0x0cf7 window]
[STDOUT  ] 2018-08-22T12:51:46.500227139Z: [    0.643197] pci_bus 0000:00: root bus resource [io  0x0d00-0xffff window]
[STDOUT  ] 2018-08-22T12:51:46.500679127Z: [    0.643562] pci_bus 0000:00: root bus resource [mem 0x000a0000-0x000bffff window]
[STDOUT  ] 2018-08-22T12:51:46.501085810Z: [    0.644017] pci_bus 0000:00: root bus resource [mem 0xc0000000-0xfebfffff window]
[STDOUT  ] 2018-08-22T12:51:46.501526862Z: [    0.644545] pci_bus 0000:00: root bus resource [bus 00-ff]
[STDOUT  ] 2018-08-22T12:51:46.547163143Z: [    0.688238] pci 0000:00:1f.0: quirk: [io  0x0600-0x067f] claimed by ICH6 ACPI/GPIO/TCO
[STDOUT  ] 2018-08-22T12:51:46.573406696Z: [    0.716238] ACPI: PCI Interrupt Link [LNKA] (IRQs 5 *10 11)
[STDOUT  ] 2018-08-22T12:51:46.574994998Z: [    0.717888] ACPI: PCI Interrupt Link [LNKB] (IRQs 5 *10 11)
[STDOUT  ] 2018-08-22T12:51:46.576373590Z: [    0.719238] ACPI: PCI Interrupt Link [LNKC] (IRQs 5 10 *11)
[STDOUT  ] 2018-08-22T12:51:46.578612717Z: [    0.720958] ACPI: PCI Interrupt Link [LNKD] (IRQs 5 10 *11)
[STDOUT  ] 2018-08-22T12:51:46.579942328Z: [    0.722330] ACPI: PCI Interrupt Link [LNKE] (IRQs 5 *10 11)
[STDOUT  ] 2018-08-22T12:51:46.581274168Z: [    0.723622] ACPI: PCI Interrupt Link [LNKF] (IRQs 5 *10 11)
[STDOUT  ] 2018-08-22T12:51:46.582641293Z: [    0.724986] ACPI: PCI Interrupt Link [LNKG] (IRQs 5 10 *11)
[STDOUT  ] 2018-08-22T12:51:46.583959562Z: [    0.726351] ACPI: PCI Interrupt Link [LNKH] (IRQs 5 10 *11)
[STDOUT  ] 2018-08-22T12:51:46.584602603Z: [    0.727000] ACPI: PCI Interrupt Link [GSIA] (IRQs *16)
[STDOUT  ] 2018-08-22T12:51:46.585120661Z: [    0.727529] ACPI: PCI Interrupt Link [GSIB] (IRQs *17)
[STDOUT  ] 2018-08-22T12:51:46.585660855Z: [    0.728053] ACPI: PCI Interrupt Link [GSIC] (IRQs *18)
[STDOUT  ] 2018-08-22T12:51:46.586183670Z: [    0.728585] ACPI: PCI Interrupt Link [GSID] (IRQs *19)
[STDOUT  ] 2018-08-22T12:51:46.586776929Z: [    0.729120] ACPI: PCI Interrupt Link [GSIE] (IRQs *20)
[STDOUT  ] 2018-08-22T12:51:46.587440005Z: [    0.730264] ACPI: PCI Interrupt Link [GSIF] (IRQs *21)
[STDOUT  ] 2018-08-22T12:51:46.587978511Z: [    0.730829] ACPI: PCI Interrupt Link [GSIG] (IRQs *22)
[STDOUT  ] 2018-08-22T12:51:46.588493866Z: [    0.731343] ACPI: PCI Interrupt Link [GSIH] (IRQs *23)
[STDOUT  ] 2018-08-22T12:51:46.595066259Z: [    0.737963] SCSI subsystem initialized
[STDOUT  ] 2018-08-22T12:51:46.597454335Z: [    0.740517] ACPI: bus type USB registered
[STDOUT  ] 2018-08-22T12:51:46.598346116Z: [    0.741354] usbcore: registered new interface driver usbfs
[STDOUT  ] 2018-08-22T12:51:46.599204057Z: [    0.742226] usbcore: registered new interface driver hub
[STDOUT  ] 2018-08-22T12:51:46.599973305Z: [    0.742998] usbcore: registered new device driver usb
[STDOUT  ] 2018-08-22T12:51:46.600819105Z: [    0.743849] pps_core: LinuxPPS API ver. 1 registered
[STDOUT  ] 2018-08-22T12:51:46.601275006Z: [    0.744136] pps_core: Software ver. 5.3.6 - Copyright 2005-2007 Rodolfo Giometti <giometti@linux.it>
[STDOUT  ] 2018-08-22T12:51:46.601711169Z: [    0.744745] PTP clock support registered
[STDOUT  ] 2018-08-22T12:51:46.604005878Z: [    0.746999] PCI: Using ACPI for IRQ routing
[STDOUT  ] 2018-08-22T12:51:46.618381195Z: [    0.761344] NetLabel: Initializing
[STDOUT  ] 2018-08-22T12:51:46.618657907Z: [    0.761632] NetLabel:  domain hash size = 128
[STDOUT  ] 2018-08-22T12:51:46.618970896Z: [    0.761900] NetLabel:  protocols = UNLABELED CIPSOv4 CALIPSO
[STDOUT  ] 2018-08-22T12:51:46.620825400Z: [    0.763742] NetLabel:  unlabeled traffic allowed by default
[STDOUT  ] 2018-08-22T12:51:46.622328718Z: [    0.765143] HPET: 3 timers in total, 0 timers will be used for per-cpu timer
[STDOUT  ] 2018-08-22T12:51:46.622913477Z: [    0.765827] hpet0: at MMIO 0xfed00000, IRQs 2, 8, 0
[STDOUT  ] 2018-08-22T12:51:46.623240407Z: [    0.766179] hpet0: 3 comparators, 64-bit 100.000000 MHz counter
[STDOUT  ] 2018-08-22T12:51:46.628298950Z: [    0.771362] clocksource: Switched to clocksource hpet
[STDOUT  ] 2018-08-22T12:51:46.868748803Z: [    1.010589] VFS: Disk quotas dquot_6.6.0
[STDOUT  ] 2018-08-22T12:51:46.869672386Z: [    1.011336] VFS: Dquot-cache hash table entries: 512 (order 0, 4096 bytes)
[STDOUT  ] 2018-08-22T12:51:46.871813162Z: [    1.013777] FS-Cache: Loaded
[STDOUT  ] 2018-08-22T12:51:46.876512443Z: [    1.018475] CacheFiles: Loaded
[STDOUT  ] 2018-08-22T12:51:46.877462761Z: [    1.019437] pnp: PnP ACPI init
[STDOUT  ] 2018-08-22T12:51:46.886635580Z: [    1.028510] pnp: PnP ACPI: found 5 devices
[STDOUT  ] 2018-08-22T12:51:46.924191960Z: [    1.065882] clocksource: acpi_pm: mask: 0xffffff max_cycles: 0xffffff, max_idle_ns: 2085701024 ns
[STDOUT  ] 2018-08-22T12:51:46.926499559Z: [    1.068405] NET: Registered protocol family 2
[STDOUT  ] 2018-08-22T12:51:46.933148369Z: [    1.074923] TCP established hash table entries: 8192 (order: 4, 65536 bytes)
[STDOUT  ] 2018-08-22T12:51:46.933843891Z: [    1.075628] TCP bind hash table entries: 8192 (order: 5, 131072 bytes)
[STDOUT  ] 2018-08-22T12:51:46.935001556Z: [    1.076745] TCP: Hash tables configured (established 8192 bind 8192)
[STDOUT  ] 2018-08-22T12:51:46.936778558Z: [    1.078590] UDP hash table entries: 512 (order: 2, 16384 bytes)
[STDOUT  ] 2018-08-22T12:51:46.937315155Z: [    1.079160] UDP-Lite hash table entries: 512 (order: 2, 16384 bytes)
[STDOUT  ] 2018-08-22T12:51:46.939772886Z: [    1.081657] NET: Registered protocol family 1
[STDOUT  ] 2018-08-22T12:51:46.940823077Z: [    1.082512] pci 0000:00:01.0: Video device with shadowed ROM at [mem 0x000c0000-0x000dffff]
[STDOUT  ] 2018-08-22T12:51:46.945704019Z: [    1.087512] Trying to unpack rootfs image as initramfs...
[STDOUT  ] 2018-08-22T12:51:52.736798533Z: [    6.878673] Freeing initrd memory: 36024K
[STDOUT  ] 2018-08-22T12:51:52.756462951Z: [    6.898305] PCLMULQDQ-NI instructions are not detected.
[STDOUT  ] 2018-08-22T12:51:52.757488200Z: [    6.899351] AVX or AES-NI instructions are not detected.
[STDOUT  ] 2018-08-22T12:51:52.757886307Z: [    6.899761] CPU feature 'AVX registers' is not supported.
[STDOUT  ] 2018-08-22T12:51:52.758550399Z: [    6.900166] CPU feature 'AVX registers' is not supported.
[STDOUT  ] 2018-08-22T12:51:52.758911439Z: [    6.900785] CPU feature 'AVX registers' is not supported.
[STDOUT  ] 2018-08-22T12:51:52.759243065Z: [    6.901129] CPU feature 'AVX registers' is not supported.
[STDOUT  ] 2018-08-22T12:51:52.759581246Z: [    6.901456] AVX2 or AES-NI instructions are not detected.
[STDOUT  ] 2018-08-22T12:51:52.759886277Z: [    6.901801] AVX2 instructions are not detected.
[STDOUT  ] 2018-08-22T12:51:52.763560692Z: [    6.905418] audit: initializing netlink subsys (disabled)
[STDOUT  ] 2018-08-22T12:51:52.769980031Z: [    6.911665] audit: type=2000 audit(1534942311.900:1): state=initialized audit_enabled=0 res=1
[STDOUT  ] 2018-08-22T12:51:52.771226054Z: [    6.913052] workingset: timestamp_bits=46 max_order=18 bucket_order=0
[STDOUT  ] 2018-08-22T12:51:52.775705563Z: [    6.917536] squashfs: version 4.0 (2009/01/31) Phillip Lougher
[STDOUT  ] 2018-08-22T12:51:52.777565659Z: [    6.919421] FS-Cache: Netfs 'cifs' registered for caching
[STDOUT  ] 2018-08-22T12:51:52.778902844Z: [    6.920834] fuse init (API version 7.26)
[STDOUT  ] 2018-08-22T12:51:52.780937764Z: [    6.922748] SGI XFS with ACLs, security attributes, no debug enabled
[STDOUT  ] 2018-08-22T12:51:52.783968538Z: [    6.925817] 9p: Installing v9fs 9p2000 file system support
[STDOUT  ] 2018-08-22T12:51:52.784386206Z: [    6.926273] FS-Cache: Netfs '9p' registered for caching
[STDOUT  ] 2018-08-22T12:51:52.814948650Z: [    6.956831] NET: Registered protocol family 38
[STDOUT  ] 2018-08-22T12:51:52.815436519Z: [    6.957381] Key type asymmetric registered
[STDOUT  ] 2018-08-22T12:51:52.815782253Z: [    6.957683] Asymmetric key parser 'x509' registered
[STDOUT  ] 2018-08-22T12:51:52.816508578Z: [    6.958299] Block layer SCSI generic (bsg) driver version 0.4 loaded (major 247)
[STDOUT  ] 2018-08-22T12:51:52.817572981Z: [    6.959505] io scheduler noop registered
[STDOUT  ] 2018-08-22T12:51:52.817979853Z: [    6.959806] io scheduler deadline registered (default)
[STDOUT  ] 2018-08-22T12:51:52.819627282Z: [    6.961565] io scheduler cfq registered
[STDOUT  ] 2018-08-22T12:51:52.819923299Z: [    6.961831] io scheduler mq-deadline registered
[STDOUT  ] 2018-08-22T12:51:52.820167117Z: [    6.962093] io scheduler kyber registered
[STDOUT  ] 2018-08-22T12:51:52.822711774Z: [    6.964506] shpchp: Standard Hot Plug PCI Controller Driver version: 0.4
[STDOUT  ] 2018-08-22T12:51:52.823281632Z: [    6.965190] hv_vmbus: registering driver hyperv_fb
[STDOUT  ] 2018-08-22T12:51:52.825937853Z: [    6.967703] input: Power Button as /devices/LNXSYSTM:00/LNXPWRBN:00/input/input0
[STDOUT  ] 2018-08-22T12:51:52.828150268Z: [    6.970005] ACPI: Power Button [PWRF]
[STDOUT  ] 2018-08-22T12:51:52.842791643Z: [    6.984608] ACPI: PCI Interrupt Link [GSIG] enabled at IRQ 22
[STDOUT  ] 2018-08-22T12:51:52.851418314Z: [    6.993242] ACPI: PCI Interrupt Link [GSIH] enabled at IRQ 23
[STDOUT  ] 2018-08-22T12:51:52.855051657Z: [    6.996840] Serial: 8250/16550 driver, 4 ports, IRQ sharing disabled
[STDOUT  ] 2018-08-22T12:51:52.879051133Z: [    7.020813] 00:04: ttyS0 at I/O 0x3f8 (irq = 4, base_baud = 115200) is a 16550A
[STDOUT  ] 2018-08-22T12:51:52.886485609Z: [    7.028390] Non-volatile memory driver v1.3
[STDOUT  ] 2018-08-22T12:51:52.891971894Z: [    7.033639] Hangcheck: starting hangcheck timer 0.9.1 (tick is 180 seconds, margin is 60 seconds).
[STDOUT  ] 2018-08-22T12:51:52.899155897Z: [    7.041092] random: fast init done
[STDOUT  ] 2018-08-22T12:51:52.900216376Z: [    7.042167] random: crng init done
[STDOUT  ] 2018-08-22T12:51:52.946007187Z: [    7.087939] brd: module loaded
[STDOUT  ] 2018-08-22T12:51:52.971717781Z: [    7.113652] loop: module loaded
[STDOUT  ] 2018-08-22T12:51:53.017265447Z: [    7.159067] lpc_ich 0000:00:1f.0: I/O space for GPIO uninitialized
[STDOUT  ] 2018-08-22T12:51:53.019191895Z: [    7.161063] VMware PVSCSI driver - version 1.0.7.0-k
[STDOUT  ] 2018-08-22T12:51:53.019764069Z: [    7.161655] hv_vmbus: registering driver hv_storvsc
[STDOUT  ] 2018-08-22T12:51:53.027147983Z: [    7.168957] ACPI: PCI Interrupt Link [GSIA] enabled at IRQ 16
[STDOUT  ] 2018-08-22T12:51:53.032934808Z: [    7.174628] ahci 0000:00:1f.2: AHCI 0001.0000 32 slots 6 ports 1.5 Gbps 0x3f impl SATA mode
[STDOUT  ] 2018-08-22T12:51:53.033342360Z: [    7.175241] ahci 0000:00:1f.2: flags: 64bit ncq only 
[STDOUT  ] 2018-08-22T12:51:53.046421086Z: [    7.188385] scsi host0: ahci
[STDOUT  ] 2018-08-22T12:51:53.049326674Z: [    7.191298] scsi host1: ahci
[STDOUT  ] 2018-08-22T12:51:53.050942155Z: [    7.192905] scsi host2: ahci
[STDOUT  ] 2018-08-22T12:51:53.052397145Z: [    7.194389] scsi host3: ahci
[STDOUT  ] 2018-08-22T12:51:53.053851457Z: [    7.195842] scsi host4: ahci
[STDOUT  ] 2018-08-22T12:51:53.055363086Z: [    7.197336] scsi host5: ahci
[STDOUT  ] 2018-08-22T12:51:53.056676138Z: [    7.198452] ata1: SATA max UDMA/133 abar m4096@0xfebd2000 port 0xfebd2100 irq 24
[STDOUT  ] 2018-08-22T12:51:53.057125780Z: [    7.198917] ata2: SATA max UDMA/133 abar m4096@0xfebd2000 port 0xfebd2180 irq 24
[STDOUT  ] 2018-08-22T12:51:53.057524108Z: [    7.199311] ata3: SATA max UDMA/133 abar m4096@0xfebd2000 port 0xfebd2200 irq 24
[STDOUT  ] 2018-08-22T12:51:53.057978433Z: [    7.199715] ata4: SATA max UDMA/133 abar m4096@0xfebd2000 port 0xfebd2280 irq 24
[STDOUT  ] 2018-08-22T12:51:53.058634679Z: [    7.200417] ata5: SATA max UDMA/133 abar m4096@0xfebd2000 port 0xfebd2300 irq 24
[STDOUT  ] 2018-08-22T12:51:53.059026692Z: [    7.200813] ata6: SATA max UDMA/133 abar m4096@0xfebd2000 port 0xfebd2380 irq 24
[STDOUT  ] 2018-08-22T12:51:53.069543840Z: [    7.211368] tun: Universal TUN/TAP device driver, 1.6
[STDOUT  ] 2018-08-22T12:51:53.079306736Z: [    7.221110] VMware vmxnet3 virtual NIC driver - version 1.4.a.0-k-NAPI
[STDOUT  ] 2018-08-22T12:51:53.080169289Z: [    7.222066] hv_vmbus: registering driver hv_netvsc
[STDOUT  ] 2018-08-22T12:51:53.080417367Z: [    7.222357] Fusion MPT base driver 3.04.20
[STDOUT  ] 2018-08-22T12:51:53.080692179Z: [    7.222594] Copyright (c) 1999-2008 LSI Corporation
[STDOUT  ] 2018-08-22T12:51:53.081136325Z: [    7.223059] Fusion MPT SPI Host driver 3.04.20
[STDOUT  ] 2018-08-22T12:51:53.083031658Z: [    7.224743] i8042: PNP: PS/2 Controller [PNP0303:KBD,PNP0f13:MOU] at 0x60,0x64 irq 1,12
[STDOUT  ] 2018-08-22T12:51:53.086452752Z: [    7.228335] serio: i8042 KBD port at 0x60,0x64 irq 1
[STDOUT  ] 2018-08-22T12:51:53.087038100Z: [    7.228900] serio: i8042 AUX port at 0x60,0x64 irq 12
[STDOUT  ] 2018-08-22T12:51:53.089480076Z: [    7.231360] hv_vmbus: registering driver hyperv_keyboard
[STDOUT  ] 2018-08-22T12:51:53.091295631Z: [    7.233159] mousedev: PS/2 mouse device common for all mice
[STDOUT  ] 2018-08-22T12:51:53.095011862Z: [    7.236722] input: AT Translated Set 2 keyboard as /devices/platform/i8042/serio0/input/input1
[STDOUT  ] 2018-08-22T12:51:53.096946260Z: [    7.238763] input: PC Speaker as /devices/platform/pcspkr/input/input2
[STDOUT  ] 2018-08-22T12:51:53.100388875Z: [    7.242296] rtc_cmos 00:00: RTC can wake from S4
[STDOUT  ] 2018-08-22T12:51:53.102943406Z: [    7.244772] rtc_cmos 00:00: rtc core: registered rtc_cmos as rtc0
[STDOUT  ] 2018-08-22T12:51:53.104046890Z: [    7.245822] rtc_cmos 00:00: alarms up to one day, y3k, 114 bytes nvram, hpet irqs
[STDOUT  ] 2018-08-22T12:51:53.104462401Z: [    7.246438] i2c /dev entries driver
[STDOUT  ] 2018-08-22T12:51:53.106349255Z: [    7.248054] device-mapper: ioctl: 4.37.0-ioctl (2017-09-20) initialised: dm-devel@redhat.com
[STDOUT  ] 2018-08-22T12:51:53.110236055Z: [    7.252043] usbcore: registered new interface driver usbhid
[STDOUT  ] 2018-08-22T12:51:53.110628218Z: [    7.252433] usbhid: USB HID core driver
[STDOUT  ] 2018-08-22T12:51:53.111325177Z: [    7.253214] hv_utils: Registering HyperV Utility Driver
[STDOUT  ] 2018-08-22T12:51:53.111583730Z: [    7.253505] hv_vmbus: registering driver hv_util
[STDOUT  ] 2018-08-22T12:51:53.111854071Z: [    7.253766] hv_vmbus: registering driver hv_balloon
[STDOUT  ] 2018-08-22T12:51:53.112263230Z: [    7.254213] oprofile: using NMI interrupt.
[STDOUT  ] 2018-08-22T12:51:53.113233888Z: [    7.255212] GACT probability on
[STDOUT  ] 2018-08-22T12:51:53.113592390Z: [    7.255551] Mirror/redirect action on
[STDOUT  ] 2018-08-22T12:51:53.114099140Z: [    7.256054] Simple TC action Loaded
[STDOUT  ] 2018-08-22T12:51:53.114487742Z: [    7.256490] u32 classifier
[STDOUT  ] 2018-08-22T12:51:53.114699744Z: [    7.256653]     Performance counters on
[STDOUT  ] 2018-08-22T12:51:53.114914051Z: [    7.256875]     input device check on
[STDOUT  ] 2018-08-22T12:51:53.115109457Z: [    7.257091]     Actions configured
[STDOUT  ] 2018-08-22T12:51:53.115730266Z: [    7.257639] Netfilter messages via NETLINK v0.30.
[STDOUT  ] 2018-08-22T12:51:53.116184690Z: [    7.258081] nfnl_acct: registering with nfnetlink.
[STDOUT  ] 2018-08-22T12:51:53.117437995Z: [    7.259292] nf_conntrack version 0.5.0 (8192 buckets, 32768 max)
[STDOUT  ] 2018-08-22T12:51:53.119855023Z: [    7.261734] ctnetlink v0.93: registering with nfnetlink.
[STDOUT  ] 2018-08-22T12:51:53.122289745Z: [    7.264086] nf_tables: (c) 2007-2009 Patrick McHardy <kaber@trash.net>
[STDOUT  ] 2018-08-22T12:51:53.123013868Z: [    7.264806] nf_tables_compat: (c) 2012 Pablo Neira Ayuso <pablo@netfilter.org>
[STDOUT  ] 2018-08-22T12:51:53.124857291Z: [    7.266785] xt_time: kernel timezone is -0000
[STDOUT  ] 2018-08-22T12:51:53.125244116Z: [    7.267239] ip_set: protocol 6
[STDOUT  ] 2018-08-22T12:51:53.125980780Z: [    7.267822] IPVS: Registered protocols (TCP, UDP, SCTP, AH, ESP)
[STDOUT  ] 2018-08-22T12:51:53.126591196Z: [    7.268382] IPVS: Connection hash table configured (size=4096, memory=64Kbytes)
[STDOUT  ] 2018-08-22T12:51:53.130057381Z: [    7.271987] IPVS: ipvs loaded.
[STDOUT  ] 2018-08-22T12:51:53.130426208Z: [    7.272351] IPVS: [rr] scheduler registered.
[STDOUT  ] 2018-08-22T12:51:53.130697173Z: [    7.272624] IPVS: [wrr] scheduler registered.
[STDOUT  ] 2018-08-22T12:51:53.130944474Z: [    7.272877] IPVS: [lc] scheduler registered.
[STDOUT  ] 2018-08-22T12:51:53.131181994Z: [    7.273122] IPVS: [wlc] scheduler registered.
[STDOUT  ] 2018-08-22T12:51:53.131413674Z: [    7.273361] IPVS: [fo] scheduler registered.
[STDOUT  ] 2018-08-22T12:51:53.131660998Z: [    7.273593] IPVS: [ovf] scheduler registered.
[STDOUT  ] 2018-08-22T12:51:53.132049139Z: [    7.273973] IPVS: [lblc] scheduler registered.
[STDOUT  ] 2018-08-22T12:51:53.132410131Z: [    7.274335] IPVS: [lblcr] scheduler registered.
[STDOUT  ] 2018-08-22T12:51:53.132678003Z: [    7.274607] IPVS: [dh] scheduler registered.
[STDOUT  ] 2018-08-22T12:51:53.132945008Z: [    7.274855] IPVS: [sh] scheduler registered.
[STDOUT  ] 2018-08-22T12:51:53.133163175Z: [    7.275099] IPVS: [sed] scheduler registered.
[STDOUT  ] 2018-08-22T12:51:53.133409545Z: [    7.275340] IPVS: [nq] scheduler registered.
[STDOUT  ] 2018-08-22T12:51:53.134100911Z: [    7.275973] IPVS: ftp: loaded support on port[0] = 21
[STDOUT  ] 2018-08-22T12:51:53.134919771Z: [    7.276747] ipip: IPv4 and MPLS over IPv4 tunneling driver
[STDOUT  ] 2018-08-22T12:51:53.137964466Z: [    7.279776] gre: GRE over IPv4 demultiplexor driver
[STDOUT  ] 2018-08-22T12:51:53.141046421Z: [    7.282901] ip_tables: (C) 2000-2006 Netfilter Core Team
[STDOUT  ] 2018-08-22T12:51:53.144030666Z: [    7.285822] ipt_CLUSTERIP: ClusterIP Version 0.8 loaded successfully
[STDOUT  ] 2018-08-22T12:51:53.144495776Z: [    7.286366] arp_tables: arp_tables: (C) 2002 David S. Miller
[STDOUT  ] 2018-08-22T12:51:53.146326809Z: [    7.288250] NET: Registered protocol family 10
[STDOUT  ] 2018-08-22T12:51:53.154279627Z: [    7.296165] Segment Routing with IPv6
[STDOUT  ] 2018-08-22T12:51:53.155160288Z: [    7.297028] ip6_tables: (C) 2000-2006 Netfilter Core Team
[STDOUT  ] 2018-08-22T12:51:53.161708082Z: [    7.303585] NET: Registered protocol family 17
[STDOUT  ] 2018-08-22T12:51:53.162547708Z: [    7.304479] Bridge firewalling registered
[STDOUT  ] 2018-08-22T12:51:53.162972406Z: [    7.304936] Ebtables v2.0 registered
[STDOUT  ] 2018-08-22T12:51:53.164572769Z: [    7.306484] 8021q: 802.1Q VLAN Support v1.8
[STDOUT  ] 2018-08-22T12:51:53.165693766Z: [    7.307619] 9pnet: Installing 9P2000 support
[STDOUT  ] 2018-08-22T12:51:53.166967096Z: [    7.308890] Key type dns_resolver registered
[STDOUT  ] 2018-08-22T12:51:53.168610951Z: [    7.310057] sched_clock: Marking stable (7300227720, 0)->(7418484939, -118257219)
[STDOUT  ] 2018-08-22T12:51:53.171483171Z: [    7.313406] registered taskstats version 1
[STDOUT  ] 2018-08-22T12:51:53.357305833Z: [    7.499186] Key type big_key registered
[STDOUT  ] 2018-08-22T12:51:53.391634144Z: [    7.533476] ata2: SATA link down (SStatus 0 SControl 300)
[STDOUT  ] 2018-08-22T12:51:53.393499291Z: [    7.535346] ata1: SATA link up 1.5 Gbps (SStatus 113 SControl 300)
[STDOUT  ] 2018-08-22T12:51:53.397072897Z: [    7.538925] ata1.00: ATA-7: QEMU HARDDISK, 2.5+, max UDMA/100
[STDOUT  ] 2018-08-22T12:51:53.397469400Z: [    7.539309] ata1.00: 524288 sectors, multi 16: LBA48 NCQ (depth 31/32)
[STDOUT  ] 2018-08-22T12:51:53.397866361Z: [    7.539810] ata1.00: applying bridge limits
[STDOUT  ] 2018-08-22T12:51:53.399394150Z: [    7.541285] ata4: SATA link down (SStatus 0 SControl 300)
[STDOUT  ] 2018-08-22T12:51:53.400010931Z: [    7.541856] ata3: SATA link up 1.5 Gbps (SStatus 113 SControl 300)
[STDOUT  ] 2018-08-22T12:51:53.400761293Z: [    7.542548] ata3.00: ATAPI: QEMU DVD-ROM, 2.5+, max UDMA/100
[STDOUT  ] 2018-08-22T12:51:53.401186616Z: [    7.543132] ata3.00: applying bridge limits
[STDOUT  ] 2018-08-22T12:51:53.402311424Z: [    7.544191] ata3.00: configured for UDMA/100
[STDOUT  ] 2018-08-22T12:51:53.407658104Z: [    7.549576] ata1.00: configured for UDMA/100
[STDOUT  ] 2018-08-22T12:51:53.414694901Z: [    7.556561] ata5: SATA link down (SStatus 0 SControl 300)
[STDOUT  ] 2018-08-22T12:51:53.415237364Z: [    7.557135] ata6: SATA link down (SStatus 0 SControl 300)
[STDOUT  ] 2018-08-22T12:51:53.431289190Z: [    7.573004] scsi 0:0:0:0: Direct-Access     ATA      QEMU HARDDISK    2.5+ PQ: 0 ANSI: 5
[STDOUT  ] 2018-08-22T12:51:53.436556469Z: [    7.578392] sd 0:0:0:0: Attached scsi generic sg0 type 0
[STDOUT  ] 2018-08-22T12:51:53.441255607Z: [    7.583032] sd 0:0:0:0: [sda] 524288 512-byte logical blocks: (268 MB/256 MiB)
[STDOUT  ] 2018-08-22T12:51:53.444736150Z: [    7.586451] scsi 2:0:0:0: CD-ROM            QEMU     QEMU DVD-ROM     2.5+ PQ: 0 ANSI: 5
[STDOUT  ] 2018-08-22T12:51:53.447734246Z: [    7.589634] sd 0:0:0:0: [sda] Write Protect is off
[STDOUT  ] 2018-08-22T12:51:53.449524433Z: [    7.591219] sd 0:0:0:0: [sda] Write cache: enabled, read cache: enabled, doesn't support DPO or FUA
[STDOUT  ] 2018-08-22T12:51:53.481018673Z: [    7.622705] sr 2:0:0:0: [sr0] scsi3-mmc drive: 4x/4x cd/rw xa/form2 tray
[STDOUT  ] 2018-08-22T12:51:53.481497694Z: [    7.623401] cdrom: Uniform CD-ROM driver Revision: 3.20
[STDOUT  ] 2018-08-22T12:51:53.484552420Z: [    7.626450] sd 0:0:0:0: [sda] Attached SCSI disk
[STDOUT  ] 2018-08-22T12:51:53.486200116Z: [    7.628065] sr 2:0:0:0: Attached scsi generic sg1 type 5
[STDOUT  ] 2018-08-22T12:51:53.493615414Z: [    7.635528] Key type trusted registered
[STDOUT  ] 2018-08-22T12:51:53.557670519Z: [    7.699571] Key type encrypted registered
[STDOUT  ] 2018-08-22T12:51:53.559076455Z: [    7.700916] ima: No TPM chip found, activating TPM-bypass! (rc=-19)
[STDOUT  ] 2018-08-22T12:51:53.559455957Z: [    7.701393] ima: Allocated hash algorithm: sha256
[STDOUT  ] 2018-08-22T12:51:53.561495102Z: [    7.703479] evm: HMAC attrs: 0x1
[STDOUT  ] 2018-08-22T12:51:53.565882278Z: [    7.707599] rtc_cmos 00:00: setting system clock to 2018-08-22 12:51:53 UTC (1534942313)
[STDOUT  ] 2018-08-22T12:51:53.706803192Z: [    7.848671] Freeing unused kernel memory: 1516K
[STDOUT  ] 2018-08-22T12:51:53.719074969Z: [    7.860864] Write protecting the kernel read-only data: 18432k
[STDOUT  ] 2018-08-22T12:51:53.731559997Z: [    7.873450] Freeing unused kernel memory: 2024K
[STDOUT  ] 2018-08-22T12:51:53.783935818Z: [    7.925824] Freeing unused kernel memory: 1100K
[STDOUT  ] 2018-08-22T12:51:53.784570578Z: [    7.926435] tsc: Refined TSC clocksource calibration: 2599.916 MHz
[STDOUT  ] 2018-08-22T12:51:53.785228113Z: [    7.926930] clocksource: tsc: mask: 0xffffffffffffffff max_cycles: 0x2579eca4b71, max_idle_ns: 440795235316 ns
[STDOUT  ] 2018-08-22T12:51:54.799087309Z: [    8.940959] clocksource: Switched to clocksource tsc
[STDOUT  ] 2018-08-22T12:52:15.625890385Z: 
[STDOUT  ] 2018-08-22T12:52:15.626375374Z: Welcome to LinuxKit
[STDOUT  ] 2018-08-22T12:52:15.626425747Z: 
[STDOUT  ] 2018-08-22T12:52:15.626716280Z:                         ##         .
[STDOUT  ] 2018-08-22T12:52:15.626990642Z:                   ## ## ##        ==
[STDOUT  ] 2018-08-22T12:52:15.627270516Z:                ## ## ## ## ##    ===
[STDOUT  ] 2018-08-22T12:52:15.627556133Z:            /"""""""""""""""""\___/ ===
[STDOUT  ] 2018-08-22T12:52:15.628502686Z:           {                       /  ===-
[STDOUT  ] 2018-08-22T12:52:15.628765787Z:            \______ O           __/
[STDOUT  ] 2018-08-22T12:52:15.629018461Z:              \    \         __/
[STDOUT  ] 2018-08-22T12:52:15.629240144Z:               \____\_______/
[STDOUT  ] 2018-08-22T12:52:15.629289104Z: 
[STDOUT  ] 2018-08-22T12:52:16.292814765Z: [   30.434736] IPVS: ftp: loaded support on port[0] = 21
[STDERR  ] 2018-08-22T12:52:17.258069788Z: main-loop: WARNING: I/O thread spun for 1000 iterations
[STDOUT  ] 2018-08-22T12:52:17.485924992Z: [   31.628031]  sda:
[STDOUT  ] 2018-08-22T12:52:17.556163247Z: [   31.698265]  sda:
[STDOUT  ] 2018-08-22T12:52:17.872512193Z: [   32.014600]  sda: sda1
[STDOUT  ] 2018-08-22T12:52:17.948948629Z: [   32.091025]  sda: sda1
[STDOUT  ] 2018-08-22T12:52:19.769486111Z: 2018/08/22 12:52:15 Creating partition on /dev/sda
[STDOUT  ] 2018-08-22T12:52:19.769907126Z: 2018/08/22 12:52:18 Partition /dev/sda1 successfully created!
[STDOUT  ] 2018-08-22T12:52:20.215004731Z: [   34.356956] IPVS: ftp: loaded support on port[0] = 21
[STDOUT  ] 2018-08-22T12:52:21.365640045Z: [   35.507393] EXT4-fs (sda1): mounted filesystem with ordered data mode. Opts: (null)
[STDOUT  ] 2018-08-22T12:52:35.181407884Z: [   49.323390] sd 0:0:0:0: [sda] Synchronizing SCSI cache
[STDOUT  ] 2018-08-22T12:52:35.182193399Z: [   49.324228] sd 0:0:0:0: [sda] Stopping disk
[STDOUT  ] 2018-08-22T12:52:35.184503787Z: [   49.326496] ACPI: Preparing to enter system sleep state S5
[STDOUT  ] 2018-08-22T12:52:35.185366240Z: [   49.327519] reboot: Power down
[STDERR  ] 2018-08-22T12:52:35.202644656Z: + [ -f disk.img ]
[STDERR  ] 2018-08-22T12:52:35.202714605Z: + dd if=/dev/zero bs=1048576 count=256
[STDERR  ] 2018-08-22T12:52:35.443642061Z: 256+0 records in
[STDERR  ] 2018-08-22T12:52:35.443700654Z: 256+0 records out
[STDERR  ] 2018-08-22T12:52:35.443719160Z: 268435456 bytes (268 MB, 256 MiB) copied, 0.190467 s, 1.4 GB/s
[STDERR  ] 2018-08-22T12:52:35.443929921Z: + linuxkit build -format kernel+initrd -name extend-ext4 test.yml
[STDERR  ] 2018-08-22T12:52:35.490890460Z: Extract kernel image: linuxkit/kernel:4.14.63
[STDERR  ] 2018-08-22T12:52:37.365865004Z: Add init containers:
[STDERR  ] 2018-08-22T12:52:37.365956351Z: Process init image: linuxkit/init:v0.6
[STDERR  ] 2018-08-22T12:52:38.600389943Z: Process init image: linuxkit/runc:v0.6
[STDERR  ] 2018-08-22T12:52:39.764673937Z: Add onboot containers:
[STDERR  ] 2018-08-22T12:52:39.764739092Z:   Create OCI config for linuxkit/extend:v0.6
[STDERR  ] 2018-08-22T12:52:41.790224749Z: Pull image: docker.io/linuxkit/extend:v0.6@sha256:591f7e0639764d310370618543aa273e79b734541f15a0b62014cc2514bc4f0c
[STDERR  ] 2018-08-22T12:52:47.360201929Z:   Create OCI config for linuxkit/mount:v0.6
[STDERR  ] 2018-08-22T12:52:48.801137671Z:   Create OCI config for alpine:3.8
[STDERR  ] 2018-08-22T12:52:49.991672966Z:   Create OCI config for linuxkit/poweroff:afe8f7dd0d47a7991c54519b0f09124cb8c4e300
[STDERR  ] 2018-08-22T12:52:51.159684075Z: Add files:
[STDERR  ] 2018-08-22T12:52:51.159755180Z:   check.sh
[STDERR  ] 2018-08-22T12:52:51.170078280Z: Create outputs:
[STDERR  ] 2018-08-22T12:53:00.070136045Z:   extend-ext4-kernel extend-ext4-initrd.img extend-ext4-cmdline
[STDERR  ] 2018-08-22T12:53:00.149203576Z: + linuxkit run -disk file=disk.img extend-ext4
[STDERR  ] 2018-08-22T12:53:00.181248453Z: Using existing disk [disk.img] format 
[STDERR  ] 2018-08-22T12:53:00.202152830Z: WARNING: Image format was not specified for 'disk.img' and probing guessed raw.
[STDERR  ] 2018-08-22T12:53:00.202209351Z:          Automatically detecting the format is dangerous for raw images, write operations on block 0 will be restricted.
[STDERR  ] 2018-08-22T12:53:00.202231011Z:          Specify the 'raw' format explicitly to remove the restrictions.
[STDOUT  ] 2018-08-22T12:53:48.770881407Z: [    0.000000] Linux version 4.14.63-linuxkit (root@rlin01) (gcc version 6.4.0 (Alpine 6.4.0)) #1 SMP Fri Aug 17 17:27:47 UTC 2018
[STDOUT  ] 2018-08-22T12:53:48.770958697Z: [    0.000000] Command line: console=ttyS0 console=ttyAMA0
[STDOUT  ] 2018-08-22T12:53:48.770974790Z: [    0.000000] x86/fpu: x87 FPU will use FXSAVE
[STDOUT  ] 2018-08-22T12:53:48.770990844Z: [    0.000000] e820: BIOS-provided physical RAM map:
[STDOUT  ] 2018-08-22T12:53:48.771007353Z: [    0.000000] BIOS-e820: [mem 0x0000000000000000-0x000000000009fbff] usable
[STDOUT  ] 2018-08-22T12:53:48.771022133Z: [    0.000000] BIOS-e820: [mem 0x000000000009fc00-0x000000000009ffff] reserved
[STDOUT  ] 2018-08-22T12:53:48.771043378Z: [    0.000000] BIOS-e820: [mem 0x00000000000f0000-0x00000000000fffff] reserved
[STDOUT  ] 2018-08-22T12:53:48.771058873Z: [    0.000000] BIOS-e820: [mem 0x0000000000100000-0x000000003ffdefff] usable
[STDOUT  ] 2018-08-22T12:53:48.771072772Z: [    0.000000] BIOS-e820: [mem 0x000000003ffdf000-0x000000003fffffff] reserved
[STDOUT  ] 2018-08-22T12:53:48.771086851Z: [    0.000000] BIOS-e820: [mem 0x00000000b0000000-0x00000000bfffffff] reserved
[STDOUT  ] 2018-08-22T12:53:48.771100484Z: [    0.000000] BIOS-e820: [mem 0x00000000fed1c000-0x00000000fed1ffff] reserved
[STDOUT  ] 2018-08-22T12:53:48.771115292Z: [    0.000000] BIOS-e820: [mem 0x00000000fffc0000-0x00000000ffffffff] reserved
[STDOUT  ] 2018-08-22T12:53:48.771130412Z: [    0.000000] NX (Execute Disable) protection: active
[STDOUT  ] 2018-08-22T12:53:48.771145870Z: [    0.000000] SMBIOS 2.8 present.
[STDOUT  ] 2018-08-22T12:53:48.771171857Z: [    0.000000] DMI: QEMU Standard PC (Q35 + ICH9, 2009), BIOS 1.10.2-1 04/01/2014
[STDOUT  ] 2018-08-22T12:53:48.771185814Z: [    0.000000] tsc: Fast TSC calibration using PIT
[STDOUT  ] 2018-08-22T12:53:48.771200487Z: [    0.000000] e820: last_pfn = 0x3ffdf max_arch_pfn = 0x400000000
[STDOUT  ] 2018-08-22T12:53:48.771213368Z: [    0.000000] x86/PAT: Configuration [0-7]: WB  WC  UC- UC  WB  WP  UC- WT  
[STDOUT  ] 2018-08-22T12:53:48.771226581Z: [    0.000000] found SMP MP-table at [mem 0x000f6a90-0x000f6a9f] mapped at [ffffffffff200a90]
[STDOUT  ] 2018-08-22T12:53:48.771240558Z: [    0.000000] RAMDISK: [mem 0x3cc73000-0x3ffcffff]
[STDOUT  ] 2018-08-22T12:53:48.771254893Z: [    0.000000] ACPI: Early table checksum verification disabled
[STDOUT  ] 2018-08-22T12:53:48.771268422Z: [    0.000000] ACPI: RSDP 0x00000000000F68D0 000014 (v00 BOCHS )
[STDOUT  ] 2018-08-22T12:53:48.771282796Z: [    0.000000] ACPI: RSDT 0x000000003FFE2404 000034 (v01 BOCHS  BXPCRSDT 00000001 BXPC 00000001)
[STDOUT  ] 2018-08-22T12:53:48.771296787Z: [    0.000000] ACPI: FACP 0x000000003FFE22A4 000074 (v01 BOCHS  BXPCFACP 00000001 BXPC 00000001)
[STDOUT  ] 2018-08-22T12:53:48.771310053Z: [    0.000000] ACPI: DSDT 0x000000003FFE0040 002264 (v01 BOCHS  BXPCDSDT 00000001 BXPC 00000001)
[STDOUT  ] 2018-08-22T12:53:48.771323804Z: [    0.000000] ACPI: FACS 0x000000003FFE0000 000040
[STDOUT  ] 2018-08-22T12:53:48.771337836Z: [    0.000000] ACPI: APIC 0x000000003FFE2318 000078 (v01 BOCHS  BXPCAPIC 00000001 BXPC 00000001)
[STDOUT  ] 2018-08-22T12:53:48.771351984Z: [    0.000000] ACPI: HPET 0x000000003FFE2390 000038 (v01 BOCHS  BXPCHPET 00000001 BXPC 00000001)
[STDOUT  ] 2018-08-22T12:53:48.771365883Z: [    0.000000] ACPI: MCFG 0x000000003FFE23C8 00003C (v01 BOCHS  BXPCMCFG 00000001 BXPC 00000001)
[STDOUT  ] 2018-08-22T12:53:48.771378278Z: [    0.000000] Zone ranges:
[STDOUT  ] 2018-08-22T12:53:48.771390592Z: [    0.000000]   DMA      [mem 0x0000000000001000-0x0000000000ffffff]
[STDOUT  ] 2018-08-22T12:53:48.771409929Z: [    0.000000]   DMA32    [mem 0x0000000001000000-0x000000003ffdefff]
[STDOUT  ] 2018-08-22T12:53:48.771423766Z: [    0.000000]   Normal   empty
[STDOUT  ] 2018-08-22T12:53:48.771436675Z: [    0.000000]   Device   empty
[STDOUT  ] 2018-08-22T12:53:48.771450987Z: [    0.000000] Movable zone start for each node
[STDOUT  ] 2018-08-22T12:53:48.771463983Z: [    0.000000] Early memory node ranges
[STDOUT  ] 2018-08-22T12:53:48.771476675Z: [    0.000000]   node   0: [mem 0x0000000000001000-0x000000000009efff]
[STDOUT  ] 2018-08-22T12:53:48.771489931Z: [    0.000000]   node   0: [mem 0x0000000000100000-0x000000003ffdefff]
[STDOUT  ] 2018-08-22T12:53:48.771502559Z: [    0.000000] Initmem setup node 0 [mem 0x0000000000001000-0x000000003ffdefff]
[STDOUT  ] 2018-08-22T12:53:48.771515592Z: [    0.000000] ACPI: PM-Timer IO Port: 0x608
[STDOUT  ] 2018-08-22T12:53:48.771529417Z: [    0.000000] ACPI: LAPIC_NMI (acpi_id[0xff] dfl dfl lint[0x1])
[STDOUT  ] 2018-08-22T12:53:48.771543673Z: [    0.000000] IOAPIC[0]: apic_id 0, version 32, address 0xfec00000, GSI 0-23
[STDOUT  ] 2018-08-22T12:53:48.771557436Z: [    0.000000] ACPI: INT_SRC_OVR (bus 0 bus_irq 0 global_irq 2 dfl dfl)
[STDOUT  ] 2018-08-22T12:53:48.771572141Z: [    0.000000] ACPI: INT_SRC_OVR (bus 0 bus_irq 5 global_irq 5 high level)
[STDOUT  ] 2018-08-22T12:53:48.771585341Z: [    0.000000] ACPI: INT_SRC_OVR (bus 0 bus_irq 9 global_irq 9 high level)
[STDOUT  ] 2018-08-22T12:53:48.771598122Z: [    0.000000] ACPI: INT_SRC_OVR (bus 0 bus_irq 10 global_irq 10 high level)
[STDOUT  ] 2018-08-22T12:53:48.771611404Z: [    0.000000] ACPI: INT_SRC_OVR (bus 0 bus_irq 11 global_irq 11 high level)
[STDOUT  ] 2018-08-22T12:53:48.771624882Z: [    0.000000] Using ACPI (MADT) for SMP configuration information
[STDOUT  ] 2018-08-22T12:53:48.771637190Z: [    0.000000] ACPI: HPET id: 0x8086a201 base: 0xfed00000
[STDOUT  ] 2018-08-22T12:53:48.771649664Z: [    0.000000] smpboot: Allowing 1 CPUs, 0 hotplug CPUs
[STDOUT  ] 2018-08-22T12:53:48.771662919Z: [    0.000000] e820: [mem 0x40000000-0xafffffff] available for PCI devices
[STDOUT  ] 2018-08-22T12:53:48.771682969Z: [    0.000000] Booting paravirtualized kernel on bare hardware
[STDOUT  ] 2018-08-22T12:53:48.771712522Z: [    0.000000] clocksource: refined-jiffies: mask: 0xffffffff max_cycles: 0xffffffff, max_idle_ns: 19112604462750000 ns
[STDOUT  ] 2018-08-22T12:53:48.771726556Z: [    0.000000] random: get_random_bytes called from start_kernel+0x92/0x4cb with crng_init=0
[STDOUT  ] 2018-08-22T12:53:48.771747726Z: [    0.000000] setup_percpu: NR_CPUS:128 nr_cpumask_bits:128 nr_cpu_ids:1 nr_node_ids:1
[STDOUT  ] 2018-08-22T12:53:48.771761013Z: [    0.000000] percpu: Embedded 44 pages/cpu @ffff92ffbca00000 s143256 r8192 d28776 u2097152
[STDOUT  ] 2018-08-22T12:53:48.771775308Z: [    0.000000] Built 1 zonelists, mobility grouping on.  Total pages: 257896
[STDOUT  ] 2018-08-22T12:53:48.771787386Z: [    0.000000] Kernel command line: console=ttyS0 console=ttyAMA0
[STDOUT  ] 2018-08-22T12:53:48.771799498Z: [    0.000000] PID hash table entries: 4096 (order: 3, 32768 bytes)
[STDOUT  ] 2018-08-22T12:53:48.771811184Z: [    0.000000] Dentry cache hash table entries: 131072 (order: 8, 1048576 bytes)
[STDOUT  ] 2018-08-22T12:53:48.771822958Z: [    0.000000] Inode-cache hash table entries: 65536 (order: 7, 524288 bytes)
[STDOUT  ] 2018-08-22T12:53:48.771835991Z: [    0.000000] Memory: 952200K/1048052K available (12300K kernel code, 1465K rwdata, 2996K rodata, 1516K init, 632K bss, 95852K reserved, 0K cma-reserved)
[STDOUT  ] 2018-08-22T12:53:48.771852948Z: [    0.000000] ftrace: allocating 41077 entries in 161 pages
[STDOUT  ] 2018-08-22T12:53:48.771866258Z: [    0.000000] Hierarchical RCU implementation.
[STDOUT  ] 2018-08-22T12:53:48.771880785Z: [    0.000000] 	RCU restricting CPUs from NR_CPUS=128 to nr_cpu_ids=1.
[STDOUT  ] 2018-08-22T12:53:48.771894792Z: [    0.000000] RCU: Adjusting geometry for rcu_fanout_leaf=16, nr_cpu_ids=1
[STDOUT  ] 2018-08-22T12:53:48.771907790Z: [    0.000000] NR_IRQS: 8448, nr_irqs: 256, preallocated irqs: 16
[STDOUT  ] 2018-08-22T12:53:48.771926216Z: [    0.000000] Console: colour VGA+ 80x25
[STDOUT  ] 2018-08-22T12:53:48.771939740Z: [    0.000000] console [ttyS0] enabled
[STDOUT  ] 2018-08-22T12:53:48.771951321Z: [    0.000000] clocksource: hpet: mask: 0xffffffff max_cycles: 0xffffffff, max_idle_ns: 19112604467 ns
[STDOUT  ] 2018-08-22T12:53:48.771963481Z: [    0.010000] tsc: Fast TSC calibration using PIT
[STDOUT  ] 2018-08-22T12:53:48.771976578Z: [    0.010000] tsc: Detected 2599.966 MHz processor
[STDOUT  ] 2018-08-22T12:53:48.771990161Z: [    0.010000] Calibrating delay loop (skipped), value calculated using timer frequency.. 5199.93 BogoMIPS (lpj=25999660)
[STDOUT  ] 2018-08-22T12:53:48.772003725Z: [    0.010000] pid_max: default: 32768 minimum: 301
[STDOUT  ] 2018-08-22T12:53:48.772017754Z: [    0.010000] ACPI: Core revision 20170728
[STDOUT  ] 2018-08-22T12:53:48.772031495Z: [    0.049284] ACPI: 1 ACPI AML tables successfully acquired and loaded
[STDOUT  ] 2018-08-22T12:53:48.772052959Z: [    0.051029] Security Framework initialized
[STDOUT  ] 2018-08-22T12:53:48.772066847Z: [    0.051392] Yama: becoming mindful.
[STDOUT  ] 2018-08-22T12:53:48.772080927Z: [    0.053171] Mount-cache hash table entries: 2048 (order: 2, 16384 bytes)
[STDOUT  ] 2018-08-22T12:53:48.772094883Z: [    0.053606] Mountpoint-cache hash table entries: 2048 (order: 2, 16384 bytes)
[STDOUT  ] 2018-08-22T12:53:48.772109095Z: [    0.067625] Last level iTLB entries: 4KB 0, 2MB 0, 4MB 0
[STDOUT  ] 2018-08-22T12:53:48.772122633Z: [    0.067999] Last level dTLB entries: 4KB 0, 2MB 0, 4MB 0, 1GB 0
[STDOUT  ] 2018-08-22T12:53:48.772136469Z: [    0.068445] Spectre V2 : Spectre mitigation: LFENCE not serializing, switching to generic retpoline
[STDOUT  ] 2018-08-22T12:53:48.772151300Z: [    0.069126] Spectre V2 : Mitigation: Full generic retpoline
[STDOUT  ] 2018-08-22T12:53:48.772164968Z: [    0.069556] Spectre V2 : Spectre v2 / SpectreRSB mitigation: Filling RSB on context switch
[STDOUT  ] 2018-08-22T12:53:48.772178690Z: [    0.070098] Speculative Store Bypass: Vulnerable
[STDOUT  ] 2018-08-22T12:53:48.772196563Z: [    0.297654] Freeing SMP alternatives memory: 20K
[STDOUT  ] 2018-08-22T12:53:48.772212845Z: [    0.314036] smpboot: Max logical packages: 1
[STDOUT  ] 2018-08-22T12:53:48.772227221Z: [    0.318189] ..TIMER: vector=0x30 apic1=0 pin1=2 apic2=-1 pin2=-1
[STDOUT  ] 2018-08-22T12:53:48.772241955Z: [    0.420000] smpboot: CPU0: AMD QEMU Virtual CPU version 2.5+ (family: 0x6, model: 0x6, stepping: 0x3)
[STDOUT  ] 2018-08-22T12:53:48.772256136Z: [    0.420000] Performance Events: PMU not available due to virtualization, using software events only.
[STDOUT  ] 2018-08-22T12:53:48.772270531Z: [    0.420000] Hierarchical SRCU implementation.
[STDOUT  ] 2018-08-22T12:53:48.772283973Z: [    0.422976] NMI watchdog: Perf event create on CPU 0 failed with -2
[STDOUT  ] 2018-08-22T12:53:48.772296758Z: [    0.423406] NMI watchdog: Perf NMI watchdog permanently disabled
[STDOUT  ] 2018-08-22T12:53:48.772309191Z: [    0.426462] smp: Bringing up secondary CPUs ...
[STDOUT  ] 2018-08-22T12:53:48.772321361Z: [    0.426803] smp: Brought up 1 node, 1 CPU
[STDOUT  ] 2018-08-22T12:53:48.772333551Z: [    0.427111] smpboot: Total of 1 processors activated (5199.93 BogoMIPS)
[STDOUT  ] 2018-08-22T12:53:48.772347295Z: [    0.440513] devtmpfs: initialized
[STDOUT  ] 2018-08-22T12:53:48.772361768Z: [    0.443915] x86/mm: Memory block size: 128MB
[STDOUT  ] 2018-08-22T12:53:48.772376500Z: [    0.448554] evm: security.ima
[STDOUT  ] 2018-08-22T12:53:48.772390243Z: [    0.448813] evm: security.capability
[STDOUT  ] 2018-08-22T12:53:48.772402546Z: [    0.452102] clocksource: jiffies: mask: 0xffffffff max_cycles: 0xffffffff, max_idle_ns: 19112604462750000 ns
[STDOUT  ] 2018-08-22T12:53:48.772414989Z: [    0.452783] futex hash table entries: 256 (order: 2, 16384 bytes)
[STDOUT  ] 2018-08-22T12:53:48.772427649Z: [    0.461324] NET: Registered protocol family 16
[STDOUT  ] 2018-08-22T12:53:48.772441081Z: [    0.466695] cpuidle: using governor ladder
[STDOUT  ] 2018-08-22T12:53:48.772456730Z: [    0.467078] cpuidle: using governor menu
[STDOUT  ] 2018-08-22T12:53:48.772469001Z: [    0.468362] ACPI: bus type PCI registered
[STDOUT  ] 2018-08-22T12:53:48.772481402Z: [    0.470843] PCI: MMCONFIG for domain 0000 [bus 00-ff] at [mem 0xb0000000-0xbfffffff] (base 0xb0000000)
[STDOUT  ] 2018-08-22T12:53:48.772493602Z: [    0.471581] PCI: MMCONFIG at [mem 0xb0000000-0xbfffffff] reserved in E820
[STDOUT  ] 2018-08-22T12:53:48.772506156Z: [    0.472485] PCI: Using configuration type 1 for base access
[STDOUT  ] 2018-08-22T12:53:48.772520764Z: [    0.515251] HugeTLB registered 2.00 MiB page size, pre-allocated 0 pages
[STDOUT  ] 2018-08-22T12:53:48.772534247Z: [    0.524748] ACPI: Added _OSI(Module Device)
[STDOUT  ] 2018-08-22T12:53:48.772548421Z: [    0.525066] ACPI: Added _OSI(Processor Device)
[STDOUT  ] 2018-08-22T12:53:48.772561822Z: [    0.525320] ACPI: Added _OSI(3.0 _SCP Extensions)
[STDOUT  ] 2018-08-22T12:53:48.772580402Z: [    0.525610] ACPI: Added _OSI(Processor Aggregator Device)
[STDOUT  ] 2018-08-22T12:53:48.772593693Z: [    0.577383] ACPI: Interpreter enabled
[STDOUT  ] 2018-08-22T12:53:48.772607202Z: [    0.578090] ACPI: (supports S0 S5)
[STDOUT  ] 2018-08-22T12:53:48.772621579Z: [    0.578378] ACPI: Using IOAPIC for interrupt routing
[STDOUT  ] 2018-08-22T12:53:48.772635499Z: [    0.580915] PCI: Using host bridge windows from ACPI; if necessary, use "pci=nocrs" and report a bug
[STDOUT  ] 2018-08-22T12:53:48.772648896Z: [    0.583545] ACPI: Enabled 2 GPEs in block 00 to 3F
[STDOUT  ] 2018-08-22T12:53:48.772661937Z: [    0.634000] ACPI: PCI Root Bridge [PCI0] (domain 0000 [bus 00-ff])
[STDOUT  ] 2018-08-22T12:53:48.772675445Z: [    0.634807] acpi PNP0A08:00: _OSC: OS supports [ExtendedConfig ASPM ClockPM Segments MSI]
[STDOUT  ] 2018-08-22T12:53:48.772689192Z: [    0.638372] acpi PNP0A08:00: _OSC: OS now controls [PCIeHotplug PME PCIeCapability]
[STDOUT  ] 2018-08-22T12:53:48.772713554Z: [    0.641687] PCI host bridge to bus 0000:00
[STDOUT  ] 2018-08-22T12:53:48.772727778Z: [    0.642114] pci_bus 0000:00: root bus resource [io  0x0000-0x0cf7 window]
[STDOUT  ] 2018-08-22T12:53:48.772744917Z: [    0.642504] pci_bus 0000:00: root bus resource [io  0x0d00-0xffff window]
[STDOUT  ] 2018-08-22T12:53:48.772759673Z: [    0.642898] pci_bus 0000:00: root bus resource [mem 0x000a0000-0x000bffff window]
[STDOUT  ] 2018-08-22T12:53:48.772773524Z: [    0.643317] pci_bus 0000:00: root bus resource [mem 0xc0000000-0xfebfffff window]
[STDOUT  ] 2018-08-22T12:53:48.772787596Z: [    0.643837] pci_bus 0000:00: root bus resource [bus 00-ff]
[STDOUT  ] 2018-08-22T12:53:48.772802681Z: [    0.685357] pci 0000:00:1f.0: quirk: [io  0x0600-0x067f] claimed by ICH6 ACPI/GPIO/TCO
[STDOUT  ] 2018-08-22T12:53:48.772816126Z: [    0.711527] ACPI: PCI Interrupt Link [LNKA] (IRQs 5 *10 11)
[STDOUT  ] 2018-08-22T12:53:48.772829891Z: [    0.713121] ACPI: PCI Interrupt Link [LNKB] (IRQs 5 *10 11)
[STDOUT  ] 2018-08-22T12:53:48.772844102Z: [    0.714408] ACPI: PCI Interrupt Link [LNKC] (IRQs 5 10 *11)
[STDOUT  ] 2018-08-22T12:53:48.772858096Z: [    0.715694] ACPI: PCI Interrupt Link [LNKD] (IRQs 5 10 *11)
[STDOUT  ] 2018-08-22T12:53:48.772871075Z: [    0.717013] ACPI: PCI Interrupt Link [LNKE] (IRQs 5 *10 11)
[STDOUT  ] 2018-08-22T12:53:48.772883287Z: [    0.718388] ACPI: PCI Interrupt Link [LNKF] (IRQs 5 *10 11)
[STDOUT  ] 2018-08-22T12:53:48.772895956Z: [    0.719684] ACPI: PCI Interrupt Link [LNKG] (IRQs 5 10 *11)
[STDOUT  ] 2018-08-22T12:53:48.772908213Z: [    0.720987] ACPI: PCI Interrupt Link [LNKH] (IRQs 5 10 *11)
[STDOUT  ] 2018-08-22T12:53:48.772921404Z: [    0.721629] ACPI: PCI Interrupt Link [GSIA] (IRQs *16)
[STDOUT  ] 2018-08-22T12:53:48.772934731Z: [    0.722134] ACPI: PCI Interrupt Link [GSIB] (IRQs *17)
[STDOUT  ] 2018-08-22T12:53:48.772949134Z: [    0.722600] ACPI: PCI Interrupt Link [GSIC] (IRQs *18)
[STDOUT  ] 2018-08-22T12:53:48.772961991Z: [    0.723068] ACPI: PCI Interrupt Link [GSID] (IRQs *19)
[STDOUT  ] 2018-08-22T12:53:48.772974508Z: [    0.723568] ACPI: PCI Interrupt Link [GSIE] (IRQs *20)
[STDOUT  ] 2018-08-22T12:53:48.772991656Z: [    0.724033] ACPI: PCI Interrupt Link [GSIF] (IRQs *21)
[STDOUT  ] 2018-08-22T12:53:48.773005516Z: [    0.724526] ACPI: PCI Interrupt Link [GSIG] (IRQs *22)
[STDOUT  ] 2018-08-22T12:53:48.773019067Z: [    0.724991] ACPI: PCI Interrupt Link [GSIH] (IRQs *23)
[STDOUT  ] 2018-08-22T12:53:48.773038325Z: [    0.732129] SCSI subsystem initialized
[STDOUT  ] 2018-08-22T12:53:48.773051398Z: [    0.734254] ACPI: bus type USB registered
[STDOUT  ] 2018-08-22T12:53:48.773064182Z: [    0.735045] usbcore: registered new interface driver usbfs
[STDOUT  ] 2018-08-22T12:53:48.773077325Z: [    0.735756] usbcore: registered new interface driver hub
[STDOUT  ] 2018-08-22T12:53:48.773090532Z: [    0.736627] usbcore: registered new device driver usb
[STDOUT  ] 2018-08-22T12:53:48.773103703Z: [    0.737531] pps_core: LinuxPPS API ver. 1 registered
[STDOUT  ] 2018-08-22T12:53:48.773116986Z: [    0.737890] pps_core: Software ver. 5.3.6 - Copyright 2005-2007 Rodolfo Giometti <giometti@linux.it>
[STDOUT  ] 2018-08-22T12:53:48.773130323Z: [    0.738619] PTP clock support registered
[STDOUT  ] 2018-08-22T12:53:48.773143256Z: [    0.740842] PCI: Using ACPI for IRQ routing
[STDOUT  ] 2018-08-22T12:53:48.773158578Z: [    0.753980] NetLabel: Initializing
[STDOUT  ] 2018-08-22T12:53:48.773171784Z: [    0.754242] NetLabel:  domain hash size = 128
[STDOUT  ] 2018-08-22T12:53:48.773184361Z: [    0.754491] NetLabel:  protocols = UNLABELED CIPSOv4 CALIPSO
[STDOUT  ] 2018-08-22T12:53:48.773197691Z: [    0.756244] NetLabel:  unlabeled traffic allowed by default
[STDOUT  ] 2018-08-22T12:53:48.773210919Z: [    0.757634] HPET: 3 timers in total, 0 timers will be used for per-cpu timer
[STDOUT  ] 2018-08-22T12:53:48.773223294Z: [    0.758347] hpet0: at MMIO 0xfed00000, IRQs 2, 8, 0
[STDOUT  ] 2018-08-22T12:53:48.773233365Z: [    0.758770] hpet0: 3 comparators, 64-bit 100.000000 MHz counter
[STDOUT  ] 2018-08-22T12:53:48.773243748Z: [    0.763406] clocksource: Switched to clocksource hpet
[STDOUT  ] 2018-08-22T12:53:48.773253475Z: [    0.987407] VFS: Disk quotas dquot_6.6.0
[STDOUT  ] 2018-08-22T12:53:48.773270571Z: [    0.988060] VFS: Dquot-cache hash table entries: 512 (order 0, 4096 bytes)
[STDOUT  ] 2018-08-22T12:53:48.773283923Z: [    0.990623] FS-Cache: Loaded
[STDOUT  ] 2018-08-22T12:53:48.773297073Z: [    0.994880] CacheFiles: Loaded
[STDOUT  ] 2018-08-22T12:53:48.773309438Z: [    0.995735] pnp: PnP ACPI init
[STDOUT  ] 2018-08-22T12:53:48.773321587Z: [    1.004445] pnp: PnP ACPI: found 5 devices
[STDOUT  ] 2018-08-22T12:53:48.773331845Z: [    1.039487] clocksource: acpi_pm: mask: 0xffffff max_cycles: 0xffffff, max_idle_ns: 2085701024 ns
[STDOUT  ] 2018-08-22T12:53:48.773342323Z: [    1.042032] NET: Registered protocol family 2
[STDOUT  ] 2018-08-22T12:53:48.773352788Z: [    1.047694] TCP established hash table entries: 8192 (order: 4, 65536 bytes)
[STDOUT  ] 2018-08-22T12:53:48.773366039Z: [    1.048431] TCP bind hash table entries: 8192 (order: 5, 131072 bytes)
[STDOUT  ] 2018-08-22T12:53:48.773379309Z: [    1.049558] TCP: Hash tables configured (established 8192 bind 8192)
[STDOUT  ] 2018-08-22T12:53:48.773391496Z: [    1.051641] UDP hash table entries: 512 (order: 2, 16384 bytes)
[STDOUT  ] 2018-08-22T12:53:48.773403632Z: [    1.052174] UDP-Lite hash table entries: 512 (order: 2, 16384 bytes)
[STDOUT  ] 2018-08-22T12:53:48.773416231Z: [    1.054118] NET: Registered protocol family 1
[STDOUT  ] 2018-08-22T12:53:48.773428333Z: [    1.054900] pci 0000:00:01.0: Video device with shadowed ROM at [mem 0x000c0000-0x000dffff]
[STDOUT  ] 2018-08-22T12:53:48.773444002Z: [    1.059449] Trying to unpack rootfs image as initramfs...
[STDOUT  ] 2018-08-22T12:53:48.773457726Z: [    8.898139] Freeing initrd memory: 52596K
[STDOUT  ] 2018-08-22T12:53:48.773470701Z: [    8.917437] PCLMULQDQ-NI instructions are not detected.
[STDOUT  ] 2018-08-22T12:53:48.773483923Z: [    8.918504] AVX or AES-NI instructions are not detected.
[STDOUT  ] 2018-08-22T12:53:48.773496105Z: [    8.918980] CPU feature 'AVX registers' is not supported.
[STDOUT  ] 2018-08-22T12:53:48.773512839Z: [    8.919406] CPU feature 'AVX registers' is not supported.
[STDOUT  ] 2018-08-22T12:53:48.773524914Z: [    8.919810] CPU feature 'AVX registers' is not supported.
[STDOUT  ] 2018-08-22T12:53:48.773538113Z: [    8.920574] CPU feature 'AVX registers' is not supported.
[STDOUT  ] 2018-08-22T12:53:48.773551288Z: [    8.920941] AVX2 or AES-NI instructions are not detected.
[STDOUT  ] 2018-08-22T12:53:48.773563735Z: [    8.921288] AVX2 instructions are not detected.
[STDOUT  ] 2018-08-22T12:53:48.773575821Z: [    8.925012] audit: initializing netlink subsys (disabled)
[STDOUT  ] 2018-08-22T12:53:48.773587828Z: [    8.927145] audit: type=2000 audit(1534942391.920:1): state=initialized audit_enabled=0 res=1
[STDOUT  ] 2018-08-22T12:53:48.773600076Z: [    8.932728] workingset: timestamp_bits=46 max_order=18 bucket_order=0
[STDOUT  ] 2018-08-22T12:53:48.773612262Z: [    8.937228] squashfs: version 4.0 (2009/01/31) Phillip Lougher
[STDOUT  ] 2018-08-22T12:53:48.773626030Z: [    8.939679] FS-Cache: Netfs 'cifs' registered for caching
[STDOUT  ] 2018-08-22T12:53:48.773639519Z: [    8.940973] fuse init (API version 7.26)
[STDOUT  ] 2018-08-22T12:53:48.773651488Z: [    8.942872] SGI XFS with ACLs, security attributes, no debug enabled
[STDOUT  ] 2018-08-22T12:53:48.773663415Z: [    8.945862] 9p: Installing v9fs 9p2000 file system support
[STDOUT  ] 2018-08-22T12:53:48.773675329Z: [    8.946290] FS-Cache: Netfs '9p' registered for caching
[STDOUT  ] 2018-08-22T12:53:48.773687125Z: [    8.977201] NET: Registered protocol family 38
[STDOUT  ] 2018-08-22T12:53:48.773710446Z: [    8.977758] Key type asymmetric registered
[STDOUT  ] 2018-08-22T12:53:48.773723104Z: [    8.978117] Asymmetric key parser 'x509' registered
[STDOUT  ] 2018-08-22T12:53:48.773734945Z: [    8.978764] Block layer SCSI generic (bsg) driver version 0.4 loaded (major 247)
[STDOUT  ] 2018-08-22T12:53:48.773748522Z: [    8.980480] io scheduler noop registered
[STDOUT  ] 2018-08-22T12:53:48.773761028Z: [    8.980813] io scheduler deadline registered (default)
[STDOUT  ] 2018-08-22T12:53:48.773776950Z: [    8.982184] io scheduler cfq registered
[STDOUT  ] 2018-08-22T12:53:48.773789936Z: [    8.982452] io scheduler mq-deadline registered
[STDOUT  ] 2018-08-22T12:53:48.773803025Z: [    8.982715] io scheduler kyber registered
[STDOUT  ] 2018-08-22T12:53:48.773815265Z: [    8.985140] shpchp: Standard Hot Plug PCI Controller Driver version: 0.4
[STDOUT  ] 2018-08-22T12:53:48.773827452Z: [    8.985773] hv_vmbus: registering driver hyperv_fb
[STDOUT  ] 2018-08-22T12:53:48.773839539Z: [    8.988252] input: Power Button as /devices/LNXSYSTM:00/LNXPWRBN:00/input/input0
[STDOUT  ] 2018-08-22T12:53:48.773851783Z: [    8.991427] ACPI: Power Button [PWRF]
[STDOUT  ] 2018-08-22T12:53:48.773864301Z: [    9.004854] ACPI: PCI Interrupt Link [GSIG] enabled at IRQ 22
[STDOUT  ] 2018-08-22T12:53:48.773877494Z: [    9.013397] ACPI: PCI Interrupt Link [GSIH] enabled at IRQ 23
[STDOUT  ] 2018-08-22T12:53:48.773889711Z: [    9.017036] Serial: 8250/16550 driver, 4 ports, IRQ sharing disabled
[STDOUT  ] 2018-08-22T12:53:48.773901529Z: [    9.040833] 00:04: ttyS0 at I/O 0x3f8 (irq = 4, base_baud = 115200) is a 16550A
[STDOUT  ] 2018-08-22T12:53:48.773913531Z: [    9.048605] Non-volatile memory driver v1.3
[STDOUT  ] 2018-08-22T12:53:48.773925672Z: [    9.054511] Hangcheck: starting hangcheck timer 0.9.1 (tick is 180 seconds, margin is 60 seconds).
[STDOUT  ] 2018-08-22T12:53:48.773937999Z: [    9.067452] random: fast init done
[STDOUT  ] 2018-08-22T12:53:48.773951114Z: [    9.068699] random: crng init done
[STDOUT  ] 2018-08-22T12:53:48.773964021Z: [    9.107684] brd: module loaded
[STDOUT  ] 2018-08-22T12:53:48.773975870Z: [    9.132785] loop: module loaded
[STDOUT  ] 2018-08-22T12:53:48.773988242Z: [    9.177942] lpc_ich 0000:00:1f.0: I/O space for GPIO uninitialized
[STDOUT  ] 2018-08-22T12:53:48.774000401Z: [    9.179601] VMware PVSCSI driver - version 1.0.7.0-k
[STDOUT  ] 2018-08-22T12:53:48.774012560Z: [    9.180520] hv_vmbus: registering driver hv_storvsc
[STDOUT  ] 2018-08-22T12:53:48.774064814Z: [    9.187514] ACPI: PCI Interrupt Link [GSIA] enabled at IRQ 16
[STDOUT  ] 2018-08-22T12:53:48.774078207Z: [    9.193024] ahci 0000:00:1f.2: AHCI 0001.0000 32 slots 6 ports 1.5 Gbps 0x3f impl SATA mode
[STDOUT  ] 2018-08-22T12:53:48.774091036Z: [    9.193714] ahci 0000:00:1f.2: flags: 64bit ncq only 
[STDOUT  ] 2018-08-22T12:53:48.774103269Z: [    9.207206] scsi host0: ahci
[STDOUT  ] 2018-08-22T12:53:48.774115605Z: [    9.209740] scsi host1: ahci
[STDOUT  ] 2018-08-22T12:53:48.774129274Z: [    9.211543] scsi host2: ahci
[STDOUT  ] 2018-08-22T12:53:48.774141644Z: [    9.213037] scsi host3: ahci
[STDOUT  ] 2018-08-22T12:53:48.774153713Z: [    9.214435] scsi host4: ahci
[STDOUT  ] 2018-08-22T12:53:48.774165526Z: [    9.215830] scsi host5: ahci
[STDOUT  ] 2018-08-22T12:53:48.774178332Z: [    9.216934] ata1: SATA max UDMA/133 abar m4096@0xfebd2000 port 0xfebd2100 irq 24
[STDOUT  ] 2018-08-22T12:53:48.774190596Z: [    9.217511] ata2: SATA max UDMA/133 abar m4096@0xfebd2000 port 0xfebd2180 irq 24
[STDOUT  ] 2018-08-22T12:53:48.774203519Z: [    9.218020] ata3: SATA max UDMA/133 abar m4096@0xfebd2000 port 0xfebd2200 irq 24
[STDOUT  ] 2018-08-22T12:53:48.774216248Z: [    9.218609] ata4: SATA max UDMA/133 abar m4096@0xfebd2000 port 0xfebd2280 irq 24
[STDOUT  ] 2018-08-22T12:53:48.774228197Z: [    9.219137] ata5: SATA max UDMA/133 abar m4096@0xfebd2000 port 0xfebd2300 irq 24
[STDOUT  ] 2018-08-22T12:53:48.774240074Z: [    9.219663] ata6: SATA max UDMA/133 abar m4096@0xfebd2000 port 0xfebd2380 irq 24
[STDOUT  ] 2018-08-22T12:53:48.774252126Z: [    9.229875] tun: Universal TUN/TAP device driver, 1.6
[STDOUT  ] 2018-08-22T12:53:48.774263965Z: [    9.238585] VMware vmxnet3 virtual NIC driver - version 1.4.a.0-k-NAPI
[STDOUT  ] 2018-08-22T12:53:48.774276451Z: [    9.239754] hv_vmbus: registering driver hv_netvsc
[STDOUT  ] 2018-08-22T12:53:48.774289419Z: [    9.240394] Fusion MPT base driver 3.04.20
[STDOUT  ] 2018-08-22T12:53:48.774301674Z: [    9.240630] Copyright (c) 1999-2008 LSI Corporation
[STDOUT  ] 2018-08-22T12:53:48.774317635Z: [    9.241140] Fusion MPT SPI Host driver 3.04.20
[STDOUT  ] 2018-08-22T12:53:48.774329685Z: [    9.242709] i8042: PNP: PS/2 Controller [PNP0303:KBD,PNP0f13:MOU] at 0x60,0x64 irq 1,12
[STDOUT  ] 2018-08-22T12:53:48.774347151Z: [    9.246212] serio: i8042 KBD port at 0x60,0x64 irq 1
[STDOUT  ] 2018-08-22T12:53:48.774360504Z: [    9.246893] serio: i8042 AUX port at 0x60,0x64 irq 12
[STDOUT  ] 2018-08-22T12:53:48.774373600Z: [    9.249111] hv_vmbus: registering driver hyperv_keyboard
[STDOUT  ] 2018-08-22T12:53:48.774385650Z: [    9.251201] mousedev: PS/2 mouse device common for all mice
[STDOUT  ] 2018-08-22T12:53:48.774397616Z: [    9.254717] input: AT Translated Set 2 keyboard as /devices/platform/i8042/serio0/input/input1
[STDOUT  ] 2018-08-22T12:53:48.774409668Z: [    9.256719] input: PC Speaker as /devices/platform/pcspkr/input/input2
[STDOUT  ] 2018-08-22T12:53:48.774422544Z: [    9.259806] rtc_cmos 00:00: RTC can wake from S4
[STDOUT  ] 2018-08-22T12:53:48.774434660Z: [    9.262615] rtc_cmos 00:00: rtc core: registered rtc_cmos as rtc0
[STDOUT  ] 2018-08-22T12:53:48.774447594Z: [    9.263636] rtc_cmos 00:00: alarms up to one day, y3k, 114 bytes nvram, hpet irqs
[STDOUT  ] 2018-08-22T12:53:48.774459720Z: [    9.264243] i2c /dev entries driver
[STDOUT  ] 2018-08-22T12:53:48.774471731Z: [    9.265831] device-mapper: ioctl: 4.37.0-ioctl (2017-09-20) initialised: dm-devel@redhat.com
[STDOUT  ] 2018-08-22T12:53:48.774485128Z: [    9.269296] usbcore: registered new interface driver usbhid
[STDOUT  ] 2018-08-22T12:53:48.774498379Z: [    9.269780] usbhid: USB HID core driver
[STDOUT  ] 2018-08-22T12:53:48.774510603Z: [    9.270810] hv_utils: Registering HyperV Utility Driver
[STDOUT  ] 2018-08-22T12:53:48.774523284Z: [    9.271130] hv_vmbus: registering driver hv_util
[STDOUT  ] 2018-08-22T12:53:48.774536062Z: [    9.271396] hv_vmbus: registering driver hv_balloon
[STDOUT  ] 2018-08-22T12:53:48.774548034Z: [    9.271808] oprofile: using NMI interrupt.
[STDOUT  ] 2018-08-22T12:53:48.774564179Z: [    9.272707] GACT probability on
[STDOUT  ] 2018-08-22T12:53:48.774576168Z: [    9.273034] Mirror/redirect action on
[STDOUT  ] 2018-08-22T12:53:48.774587980Z: [    9.273475] Simple TC action Loaded
[STDOUT  ] 2018-08-22T12:53:48.774600496Z: [    9.273859] u32 classifier
[STDOUT  ] 2018-08-22T12:53:48.774613402Z: [    9.274035]     Performance counters on
[STDOUT  ] 2018-08-22T12:53:48.774625116Z: [    9.274249]     input device check on
[STDOUT  ] 2018-08-22T12:53:48.774637007Z: [    9.274464]     Actions configured
[STDOUT  ] 2018-08-22T12:53:48.774648956Z: [    9.274989] Netfilter messages via NETLINK v0.30.
[STDOUT  ] 2018-08-22T12:53:48.774660732Z: [    9.275410] nfnl_acct: registering with nfnetlink.
[STDOUT  ] 2018-08-22T12:53:48.774672765Z: [    9.276571] nf_conntrack version 0.5.0 (8192 buckets, 32768 max)
[STDOUT  ] 2018-08-22T12:53:48.774686357Z: [    9.278797] ctnetlink v0.93: registering with nfnetlink.
[STDOUT  ] 2018-08-22T12:53:48.774707831Z: [    9.281866] nf_tables: (c) 2007-2009 Patrick McHardy <kaber@trash.net>
[STDOUT  ] 2018-08-22T12:53:48.774719734Z: [    9.282633] nf_tables_compat: (c) 2012 Pablo Neira Ayuso <pablo@netfilter.org>
[STDOUT  ] 2018-08-22T12:53:48.774733186Z: [    9.284557] xt_time: kernel timezone is -0000
[STDOUT  ] 2018-08-22T12:53:48.774745335Z: [    9.284975] ip_set: protocol 6
[STDOUT  ] 2018-08-22T12:53:48.774757565Z: [    9.285524] IPVS: Registered protocols (TCP, UDP, SCTP, AH, ESP)
[STDOUT  ] 2018-08-22T12:53:48.774770505Z: [    9.285994] IPVS: Connection hash table configured (size=4096, memory=64Kbytes)
[STDOUT  ] 2018-08-22T12:53:48.774782771Z: [    9.289111] IPVS: ipvs loaded.
[STDOUT  ] 2018-08-22T12:53:48.774795040Z: [    9.289468] IPVS: [rr] scheduler registered.
[STDOUT  ] 2018-08-22T12:53:48.774806942Z: [    9.289829] IPVS: [wrr] scheduler registered.
[STDOUT  ] 2018-08-22T12:53:48.774819113Z: [    9.290539] IPVS: [lc] scheduler registered.
[STDOUT  ] 2018-08-22T12:53:48.774831030Z: [    9.290797] IPVS: [wlc] scheduler registered.
[STDOUT  ] 2018-08-22T12:53:48.774846722Z: [    9.291051] IPVS: [fo] scheduler registered.
[STDOUT  ] 2018-08-22T12:53:48.774860571Z: [    9.291291] IPVS: [ovf] scheduler registered.
[STDOUT  ] 2018-08-22T12:53:48.774873939Z: [    9.291657] IPVS: [lblc] scheduler registered.
[STDOUT  ] 2018-08-22T12:53:48.774886573Z: [    9.292018] IPVS: [lblcr] scheduler registered.
[STDOUT  ] 2018-08-22T12:53:48.774898525Z: [    9.292295] IPVS: [dh] scheduler registered.
[STDOUT  ] 2018-08-22T12:53:48.774910568Z: [    9.292689] IPVS: [sh] scheduler registered.
[STDOUT  ] 2018-08-22T12:53:48.774922413Z: [    9.293079] IPVS: [sed] scheduler registered.
[STDOUT  ] 2018-08-22T12:53:48.774934308Z: [    9.293492] IPVS: [nq] scheduler registered.
[STDOUT  ] 2018-08-22T12:53:48.774946078Z: [    9.294241] IPVS: ftp: loaded support on port[0] = 21
[STDOUT  ] 2018-08-22T12:53:48.774959455Z: [    9.295124] ipip: IPv4 and MPLS over IPv4 tunneling driver
[STDOUT  ] 2018-08-22T12:53:48.774971704Z: [    9.298322] gre: GRE over IPv4 demultiplexor driver
[STDOUT  ] 2018-08-22T12:53:48.774984568Z: [    9.301065] ip_tables: (C) 2000-2006 Netfilter Core Team
[STDOUT  ] 2018-08-22T12:53:48.774996719Z: [    9.304058] ipt_CLUSTERIP: ClusterIP Version 0.8 loaded successfully
[STDOUT  ] 2018-08-22T12:53:48.775009444Z: [    9.304778] arp_tables: arp_tables: (C) 2002 David S. Miller
[STDOUT  ] 2018-08-22T12:53:48.775022273Z: [    9.306712] NET: Registered protocol family 10
[STDOUT  ] 2018-08-22T12:53:48.775047072Z: [    9.314774] Segment Routing with IPv6
[STDOUT  ] 2018-08-22T12:53:48.775059154Z: [    9.315624] ip6_tables: (C) 2000-2006 Netfilter Core Team
[STDOUT  ] 2018-08-22T12:53:48.775071127Z: [    9.322396] NET: Registered protocol family 17
[STDOUT  ] 2018-08-22T12:53:48.775083385Z: [    9.323238] Bridge firewalling registered
[STDOUT  ] 2018-08-22T12:53:48.775095566Z: [    9.323661] Ebtables v2.0 registered
[STDOUT  ] 2018-08-22T12:53:48.775107474Z: [    9.325203] 8021q: 802.1Q VLAN Support v1.8
[STDOUT  ] 2018-08-22T12:53:48.775119516Z: [    9.326318] 9pnet: Installing 9P2000 support
[STDOUT  ] 2018-08-22T12:53:48.775135189Z: [    9.327487] Key type dns_resolver registered
[STDOUT  ] 2018-08-22T12:53:48.775147375Z: [    9.328622] sched_clock: Marking stable (9320205730, 0)->(9427973344, -107767614)
[STDOUT  ] 2018-08-22T12:53:48.775159570Z: [    9.332220] registered taskstats version 1
[STDOUT  ] 2018-08-22T12:53:48.775171622Z: [    9.513762] Key type big_key registered
[STDOUT  ] 2018-08-22T12:53:48.775184386Z: [    9.555294] ata3: SATA link up 1.5 Gbps (SStatus 113 SControl 300)
[STDOUT  ] 2018-08-22T12:53:48.775195233Z: [    9.558580] ata3.00: ATAPI: QEMU DVD-ROM, 2.5+, max UDMA/100
[STDOUT  ] 2018-08-22T12:53:48.775204998Z: [    9.559129] ata3.00: applying bridge limits
[STDOUT  ] 2018-08-22T12:53:48.775214974Z: [    9.560923] ata6: SATA link down (SStatus 0 SControl 300)
[STDOUT  ] 2018-08-22T12:53:48.775225803Z: [    9.562134] ata2: SATA link down (SStatus 0 SControl 300)
[STDOUT  ] 2018-08-22T12:53:48.775239519Z: [    9.562558] ata1: SATA link up 1.5 Gbps (SStatus 113 SControl 300)
[STDOUT  ] 2018-08-22T12:53:48.775252492Z: [    9.563431] ata1.00: ATA-7: QEMU HARDDISK, 2.5+, max UDMA/100
[STDOUT  ] 2018-08-22T12:53:48.775267819Z: [    9.563774] ata1.00: 1048576 sectors, multi 16: LBA48 NCQ (depth 31/32)
[STDOUT  ] 2018-08-22T12:53:48.775277669Z: [    9.564211] ata1.00: applying bridge limits
[STDOUT  ] 2018-08-22T12:53:48.775287176Z: [    9.565173] ata1.00: configured for UDMA/100
[STDOUT  ] 2018-08-22T12:53:48.775297551Z: [    9.573554] ata4: SATA link down (SStatus 0 SControl 300)
[STDOUT  ] 2018-08-22T12:53:48.775308188Z: [    9.574199] ata5: SATA link down (SStatus 0 SControl 300)
[STDOUT  ] 2018-08-22T12:53:48.775317896Z: [    9.580977] ata3.00: configured for UDMA/100
[STDOUT  ] 2018-08-22T12:53:48.775327357Z: [    9.583778] scsi 0:0:0:0: Direct-Access     ATA      QEMU HARDDISK    2.5+ PQ: 0 ANSI: 5
[STDOUT  ] 2018-08-22T12:53:48.775336955Z: [    9.594440] sd 0:0:0:0: Attached scsi generic sg0 type 0
[STDOUT  ] 2018-08-22T12:53:48.775346605Z: [    9.598328] sd 0:0:0:0: [sda] 1048576 512-byte logical blocks: (537 MB/512 MiB)
[STDOUT  ] 2018-08-22T12:53:48.775362588Z: [    9.602292] scsi 2:0:0:0: CD-ROM            QEMU     QEMU DVD-ROM     2.5+ PQ: 0 ANSI: 5
[STDOUT  ] 2018-08-22T12:53:48.775373071Z: [    9.605478] sd 0:0:0:0: [sda] Write Protect is off
[STDOUT  ] 2018-08-22T12:53:48.775382859Z: [    9.611070] sd 0:0:0:0: [sda] Write cache: enabled, read cache: enabled, doesn't support DPO or FUA
[STDOUT  ] 2018-08-22T12:53:48.775393445Z: [    9.625573]  sda: sda1
[STDOUT  ] 2018-08-22T12:53:48.775403309Z: [    9.642547] sr 2:0:0:0: [sr0] scsi3-mmc drive: 4x/4x cd/rw xa/form2 tray
[STDOUT  ] 2018-08-22T12:53:48.775413130Z: [    9.643313] cdrom: Uniform CD-ROM driver Revision: 3.20
[STDOUT  ] 2018-08-22T12:53:48.775422782Z: [    9.649462] sd 0:0:0:0: [sda] Attached SCSI disk
[STDOUT  ] 2018-08-22T12:53:48.775432458Z: [    9.651139] sr 2:0:0:0: Attached scsi generic sg1 type 5
[STDOUT  ] 2018-08-22T12:53:48.775442165Z: [    9.652898] Key type trusted registered
[STDOUT  ] 2018-08-22T12:53:48.775451758Z: [    9.717149] Key type encrypted registered
[STDOUT  ] 2018-08-22T12:53:48.775461284Z: [    9.717797] ima: No TPM chip found, activating TPM-bypass! (rc=-19)
[STDOUT  ] 2018-08-22T12:53:48.775470929Z: [    9.718350] ima: Allocated hash algorithm: sha256
[STDOUT  ] 2018-08-22T12:53:48.775480802Z: [    9.721325] evm: HMAC attrs: 0x1
[STDOUT  ] 2018-08-22T12:53:48.775490412Z: [    9.724649] rtc_cmos 00:00: setting system clock to 2018-08-22 12:53:12 UTC (1534942392)
[STDOUT  ] 2018-08-22T12:53:48.775500219Z: [    9.868293] Freeing unused kernel memory: 1516K
[STDOUT  ] 2018-08-22T12:53:48.775509738Z: [    9.880795] Write protecting the kernel read-only data: 18432k
[STDOUT  ] 2018-08-22T12:53:48.775519923Z: [    9.893680] Freeing unused kernel memory: 2024K
[STDOUT  ] 2018-08-22T12:53:48.775529745Z: [    9.947958] Freeing unused kernel memory: 1100K
[STDOUT  ] 2018-08-22T12:53:48.775540475Z: [    9.948704] tsc: Refined TSC clocksource calibration: 2599.927 MHz
[STDOUT  ] 2018-08-22T12:53:48.775553894Z: [    9.949401] clocksource: tsc: mask: 0xffffffffffffffff max_cycles: 0x2579f6ee1bc, max_idle_ns: 440795239464 ns
[STDOUT  ] 2018-08-22T12:53:48.775563429Z: [   10.965229] clocksource: Switched to clocksource tsc
[STDOUT  ] 2018-08-22T12:53:48.775573013Z: 
[STDOUT  ] 2018-08-22T12:53:48.775582853Z: Welcome to LinuxKit
[STDOUT  ] 2018-08-22T12:53:48.775592908Z: 
[STDOUT  ] 2018-08-22T12:53:48.775602520Z:                         ##         .
[STDOUT  ] 2018-08-22T12:53:48.775612658Z:                   ## ## ##        ==
[STDOUT  ] 2018-08-22T12:53:48.775625982Z:                ## ## ## ## ##    ===
[STDOUT  ] 2018-08-22T12:53:48.775639179Z:            /"""""""""""""""""\___/ ===
[STDOUT  ] 2018-08-22T12:53:48.775649962Z:           {                       /  ===-
[STDOUT  ] 2018-08-22T12:53:48.775659516Z:            \______ O           __/
[STDOUT  ] 2018-08-22T12:53:48.775669471Z:              \    \         __/
[STDOUT  ] 2018-08-22T12:53:48.775679176Z:               \____\_______/
[STDOUT  ] 2018-08-22T12:53:48.775688805Z: 
[STDOUT  ] 2018-08-22T12:53:48.775707159Z: [   24.874647] IPVS: ftp: loaded support on port[0] = 21
[STDOUT  ] 2018-08-22T12:53:48.775717778Z: [   26.622373]  sda:
[STDOUT  ] 2018-08-22T12:53:48.775727391Z: [   26.700756]  sda:
[STDOUT  ] 2018-08-22T12:53:48.775737322Z: [   27.002088]  sda: sda1
[STDOUT  ] 2018-08-22T12:53:48.775747930Z: [   27.350822]  sda: sda1
[STDOUT  ] 2018-08-22T12:53:48.775757452Z: [   27.430903]  sda: sda1
[STDOUT  ] 2018-08-22T12:53:48.775767009Z: 2018/08/22 12:53:32 Successfully resized /dev/sda
[STDOUT  ] 2018-08-22T12:53:48.775777361Z: [   30.189985] IPVS: ftp: loaded support on port[0] = 21
[STDOUT  ] 2018-08-22T12:53:48.775787227Z: [   31.245719] EXT4-fs (sda1): mounted filesystem with ordered data mode. Opts: (null)
[STDOUT  ] 2018-08-22T12:53:48.775797047Z: extend test suite PASSED
[STDOUT  ] 2018-08-22T12:53:48.775806551Z: + '[' -f /var/lib/docker/bar ]
[STDOUT  ] 2018-08-22T12:53:48.775816158Z: + touch /var/lib/docker/foo
[STDOUT  ] 2018-08-22T12:53:48.775828639Z: + grep -qE '[4-5][0-9]{2}\.[0-9]{1,}M'
[STDOUT  ] 2018-08-22T12:53:48.775839034Z: + df -h
[STDOUT  ] 2018-08-22T12:53:48.775848643Z: + printf 'extend test suite PASSED
[STDOUT  ] 2018-08-22T12:53:48.775858226Z: '
[STDOUT  ] 2018-08-22T12:53:48.775868016Z: [   45.231332] sd 0:0:0:0: [sda] Synchronizing SCSI cache
[STDOUT  ] 2018-08-22T12:53:48.775877995Z: [   45.232150] sd 0:0:0:0: [sda] Stopping disk
[STDOUT  ] 2018-08-22T12:53:48.775887556Z: [   45.234366] ACPI: Preparing to enter system sleep state S5
[STDOUT  ] 2018-08-22T12:53:48.775897563Z: [   45.235333] reboot: Power down
[STDERR  ] 2018-08-22T12:53:48.775914371Z: + RESULT=[    0.000000] Linux version 4.14.63-linuxkit (root@rlin01) (gcc version 6.4.0 (Alpine 6.4.0)) #1 SMP Fri Aug 17 17:27:47 UTC 2018
[STDERR  ] 2018-08-22T12:53:48.775940066Z: [    0.000000] Command line: console=ttyS0 console=ttyAMA0
[STDERR  ] 2018-08-22T12:53:48.775960655Z: [    0.000000] x86/fpu: x87 FPU will use FXSAVE
[STDERR  ] 2018-08-22T12:53:48.775979244Z: [    0.000000] e820: BIOS-provided physical RAM map:
[STDERR  ] 2018-08-22T12:53:48.775996760Z: [    0.000000] BIOS-e820: [mem 0x0000000000000000-0x000000000009fbff] usable
[STDERR  ] 2018-08-22T12:53:48.776016711Z: [    0.000000] BIOS-e820: [mem 0x000000000009fc00-0x000000000009ffff] reserved
[STDERR  ] 2018-08-22T12:53:48.776040277Z: [    0.000000] BIOS-e820: [mem 0x00000000000f0000-0x00000000000fffff] reserved
[STDERR  ] 2018-08-22T12:53:48.776057587Z: [    0.000000] BIOS-e820: [mem 0x0000000000100000-0x000000003ffdefff] usable
[STDERR  ] 2018-08-22T12:53:48.776077101Z: [    0.000000] BIOS-e820: [mem 0x000000003ffdf000-0x000000003fffffff] reserved
[STDERR  ] 2018-08-22T12:53:48.776096311Z: [    0.000000] BIOS-e820: [mem 0x00000000b0000000-0x00000000bfffffff] reserved
[STDERR  ] 2018-08-22T12:53:48.776116208Z: [    0.000000] BIOS-e820: [mem 0x00000000fed1c000-0x00000000fed1ffff] reserved
[STDERR  ] 2018-08-22T12:53:48.776135057Z: [    0.000000] BIOS-e820: [mem 0x00000000fffc0000-0x00000000ffffffff] reserved
[STDERR  ] 2018-08-22T12:53:48.776159274Z: [    0.000000] NX (Execute Disable) protection: active
[STDERR  ] 2018-08-22T12:53:48.776179142Z: [    0.000000] SMBIOS 2.8 present.
[STDERR  ] 2018-08-22T12:53:48.776198235Z: [    0.000000] DMI: QEMU Standard PC (Q35 + ICH9, 2009), BIOS 1.10.2-1 04/01/2014
[STDERR  ] 2018-08-22T12:53:48.776217190Z: [    0.000000] tsc: Fast TSC calibration using PIT
[STDERR  ] 2018-08-22T12:53:48.776236553Z: [    0.000000] e820: last_pfn = 0x3ffdf max_arch_pfn = 0x400000000
[STDERR  ] 2018-08-22T12:53:48.776255724Z: [    0.000000] x86/PAT: Configuration [0-7]: WB  WC  UC- UC  WB  WP  UC- WT  
[STDERR  ] 2018-08-22T12:53:48.776274565Z: [    0.000000] found SMP MP-table at [mem 0x000f6a90-0x000f6a9f] mapped at [ffffffffff200a90]
[STDERR  ] 2018-08-22T12:53:48.776294236Z: [    0.000000] RAMDISK: [mem 0x3cc73000-0x3ffcffff]
[STDERR  ] 2018-08-22T12:53:48.776313502Z: [    0.000000] ACPI: Early table checksum verification disabled
[STDERR  ] 2018-08-22T12:53:48.776331426Z: [    0.000000] ACPI: RSDP 0x00000000000F68D0 000014 (v00 BOCHS )
[STDERR  ] 2018-08-22T12:53:48.776350976Z: [    0.000000] ACPI: RSDT 0x000000003FFE2404 000034 (v01 BOCHS  BXPCRSDT 00000001 BXPC 00000001)
[STDERR  ] 2018-08-22T12:53:48.776522012Z: [    0.000000] ACPI: FACP 0x000000003FFE22A4 000074 (v01 BOCHS  BXPCFACP 00000001 BXPC 00000001)
[STDERR  ] 2018-08-22T12:53:48.776544042Z: [    0.000000] ACPI: DSDT 0x000000003FFE0040 002264 (v01 BOCHS  BXPCDSDT 00000001 BXPC 00000001)
[STDERR  ] 2018-08-22T12:53:48.776563642Z: [    0.000000] ACPI: FACS 0x000000003FFE0000 000040
[STDERR  ] 2018-08-22T12:53:48.776584032Z: [    0.000000] ACPI: APIC 0x000000003FFE2318 000078 (v01 BOCHS  BXPCAPIC 00000001 BXPC 00000001)
[STDERR  ] 2018-08-22T12:53:48.776609049Z: [    0.000000] ACPI: HPET 0x000000003FFE2390 000038 (v01 BOCHS  BXPCHPET 00000001 BXPC 00000001)
[STDERR  ] 2018-08-22T12:53:48.776629648Z: [    0.000000] ACPI: MCFG 0x000000003FFE23C8 00003C (v01 BOCHS  BXPCMCFG 00000001 BXPC 00000001)
[STDERR  ] 2018-08-22T12:53:48.776658491Z: [    0.000000] Zone ranges:
[STDERR  ] 2018-08-22T12:53:48.776682659Z: [    0.000000]   DMA      [mem 0x0000000000001000-0x0000000000ffffff]
[STDERR  ] 2018-08-22T12:53:48.776712136Z: [    0.000000]   DMA32    [mem 0x0000000001000000-0x000000003ffdefff]
[STDERR  ] 2018-08-22T12:53:48.776735644Z: [    0.000000]   Normal   empty
[STDERR  ] 2018-08-22T12:53:48.776756123Z: [    0.000000]   Device   empty
[STDERR  ] 2018-08-22T12:53:48.776775834Z: [    0.000000] Movable zone start for each node
[STDERR  ] 2018-08-22T12:53:48.776795462Z: [    0.000000] Early memory node ranges
[STDERR  ] 2018-08-22T12:53:48.776814617Z: [    0.000000]   node   0: [mem 0x0000000000001000-0x000000000009efff]
[STDERR  ] 2018-08-22T12:53:48.776834696Z: [    0.000000]   node   0: [mem 0x0000000000100000-0x000000003ffdefff]
[STDERR  ] 2018-08-22T12:53:48.776854017Z: [    0.000000] Initmem setup node 0 [mem 0x0000000000001000-0x000000003ffdefff]
[STDERR  ] 2018-08-22T12:53:48.776873487Z: [    0.000000] ACPI: PM-Timer IO Port: 0x608
[STDERR  ] 2018-08-22T12:53:48.776894957Z: [    0.000000] ACPI: LAPIC_NMI (acpi_id[0xff] dfl dfl lint[0x1])
[STDERR  ] 2018-08-22T12:53:48.776914808Z: [    0.000000] IOAPIC[0]: apic_id 0, version 32, address 0xfec00000, GSI 0-23
[STDERR  ] 2018-08-22T12:53:48.776938548Z: [    0.000000] ACPI: INT_SRC_OVR (bus 0 bus_irq 0 global_irq 2 dfl dfl)
[STDERR  ] 2018-08-22T12:53:48.776958277Z: [    0.000000] ACPI: INT_SRC_OVR (bus 0 bus_irq 5 global_irq 5 high level)
[STDERR  ] 2018-08-22T12:53:48.776977731Z: [    0.000000] ACPI: INT_SRC_OVR (bus 0 bus_irq 9 global_irq 9 high level)
[STDERR  ] 2018-08-22T12:53:48.776996823Z: [    0.000000] ACPI: INT_SRC_OVR (bus 0 bus_irq 10 global_irq 10 high level)
[STDERR  ] 2018-08-22T12:53:48.777015978Z: [    0.000000] ACPI: INT_SRC_OVR (bus 0 bus_irq 11 global_irq 11 high level)
[STDERR  ] 2018-08-22T12:53:48.777041848Z: [    0.000000] Using ACPI (MADT) for SMP configuration information
[STDERR  ] 2018-08-22T12:53:48.777062394Z: [    0.000000] ACPI: HPET id: 0x8086a201 base: 0xfed00000
[STDERR  ] 2018-08-22T12:53:48.777091249Z: [    0.000000] smpboot: Allowing 1 CPUs, 0 hotplug CPUs
[STDERR  ] 2018-08-22T12:53:48.777110922Z: [    0.000000] e820: [mem 0x40000000-0xafffffff] available for PCI devices
[STDERR  ] 2018-08-22T12:53:48.777131825Z: [    0.000000] Booting paravirtualized kernel on bare hardware
[STDERR  ] 2018-08-22T12:53:48.777150931Z: [    0.000000] clocksource: refined-jiffies: mask: 0xffffffff max_cycles: 0xffffffff, max_idle_ns: 19112604462750000 ns
[STDERR  ] 2018-08-22T12:53:48.777171319Z: [    0.000000] random: get_random_bytes called from start_kernel+0x92/0x4cb with crng_init=0
[STDERR  ] 2018-08-22T12:53:48.777191236Z: [    0.000000] setup_percpu: NR_CPUS:128 nr_cpumask_bits:128 nr_cpu_ids:1 nr_node_ids:1
[STDERR  ] 2018-08-22T12:53:48.777210571Z: [    0.000000] percpu: Embedded 44 pages/cpu @ffff92ffbca00000 s143256 r8192 d28776 u2097152
[STDERR  ] 2018-08-22T12:53:48.777247800Z: [    0.000000] Built 1 zonelists, mobility grouping on.  Total pages: 257896
[STDERR  ] 2018-08-22T12:53:48.777300045Z: [    0.000000] Kernel command line: console=ttyS0 console=ttyAMA0
[STDERR  ] 2018-08-22T12:53:48.777323543Z: [    0.000000] PID hash table entries: 4096 (order: 3, 32768 bytes)
[STDERR  ] 2018-08-22T12:53:48.777342309Z: [    0.000000] Dentry cache hash table entries: 131072 (order: 8, 1048576 bytes)
[STDERR  ] 2018-08-22T12:53:48.777361750Z: [    0.000000] Inode-cache hash table entries: 65536 (order: 7, 524288 bytes)
[STDERR  ] 2018-08-22T12:53:48.777381095Z: [    0.000000] Memory: 952200K/1048052K available (12300K kernel code, 1465K rwdata, 2996K rodata, 1516K init, 632K bss, 95852K reserved, 0K cma-reserved)
[STDERR  ] 2018-08-22T12:53:48.777403642Z: [    0.000000] ftrace: allocating 41077 entries in 161 pages
[STDERR  ] 2018-08-22T12:53:48.777421928Z: [    0.000000] Hierarchical RCU implementation.
[STDERR  ] 2018-08-22T12:53:48.777441519Z: [    0.000000] 	RCU restricting CPUs from NR_CPUS=128 to nr_cpu_ids=1.
[STDERR  ] 2018-08-22T12:53:48.777465108Z: [    0.000000] RCU: Adjusting geometry for rcu_fanout_leaf=16, nr_cpu_ids=1
[STDERR  ] 2018-08-22T12:53:48.777488683Z: [    0.000000] NR_IRQS: 8448, nr_irqs: 256, preallocated irqs: 16
[STDERR  ] 2018-08-22T12:53:48.777508013Z: [    0.000000] Console: colour VGA+ 80x25
[STDERR  ] 2018-08-22T12:53:48.777527399Z: [    0.000000] console [ttyS0] enabled
[STDERR  ] 2018-08-22T12:53:48.777546212Z: [    0.000000] clocksource: hpet: mask: 0xffffffff max_cycles: 0xffffffff, max_idle_ns: 19112604467 ns
[STDERR  ] 2018-08-22T12:53:48.777568248Z: [    0.010000] tsc: Fast TSC calibration using PIT
[STDERR  ] 2018-08-22T12:53:48.777587596Z: [    0.010000] tsc: Detected 2599.966 MHz processor
[STDERR  ] 2018-08-22T12:53:48.777607321Z: [    0.010000] Calibrating delay loop (skipped), value calculated using timer frequency.. 5199.93 BogoMIPS (lpj=25999660)
[STDERR  ] 2018-08-22T12:53:48.777626674Z: [    0.010000] pid_max: default: 32768 minimum: 301
[STDERR  ] 2018-08-22T12:53:48.777645351Z: [    0.010000] ACPI: Core revision 20170728
[STDERR  ] 2018-08-22T12:53:48.777664668Z: [    0.049284] ACPI: 1 ACPI AML tables successfully acquired and loaded
[STDERR  ] 2018-08-22T12:53:48.777684162Z: [    0.051029] Security Framework initialized
[STDERR  ] 2018-08-22T12:53:48.777717382Z: [    0.051392] Yama: becoming mindful.
[STDERR  ] 2018-08-22T12:53:48.777737158Z: [    0.053171] Mount-cache hash table entries: 2048 (order: 2, 16384 bytes)
[STDERR  ] 2018-08-22T12:53:48.777755749Z: [    0.053606] Mountpoint-cache hash table entries: 2048 (order: 2, 16384 bytes)
[STDERR  ] 2018-08-22T12:53:48.777775279Z: [    0.067625] Last level iTLB entries: 4KB 0, 2MB 0, 4MB 0
[STDERR  ] 2018-08-22T12:53:48.777795509Z: [    0.067999] Last level dTLB entries: 4KB 0, 2MB 0, 4MB 0, 1GB 0
[STDERR  ] 2018-08-22T12:53:48.777817021Z: [    0.068445] Spectre V2 : Spectre mitigation: LFENCE not serializing, switching to generic retpoline
[STDERR  ] 2018-08-22T12:53:48.777836514Z: [    0.069126] Spectre V2 : Mitigation: Full generic retpoline
[STDERR  ] 2018-08-22T12:53:48.777860597Z: [    0.069556] Spectre V2 : Spectre v2 / SpectreRSB mitigation: Filling RSB on context switch
[STDERR  ] 2018-08-22T12:53:48.777880031Z: [    0.070098] Speculative Store Bypass: Vulnerable
[STDERR  ] 2018-08-22T12:53:48.777900097Z: [    0.297654] Freeing SMP alternatives memory: 20K
[STDERR  ] 2018-08-22T12:53:48.777919109Z: [    0.314036] smpboot: Max logical packages: 1
[STDERR  ] 2018-08-22T12:53:48.777938016Z: [    0.318189] ..TIMER: vector=0x30 apic1=0 pin1=2 apic2=-1 pin2=-1
[STDERR  ] 2018-08-22T12:53:48.777957143Z: [    0.420000] smpboot: CPU0: AMD QEMU Virtual CPU version 2.5+ (family: 0x6, model: 0x6, stepping: 0x3)
[STDERR  ] 2018-08-22T12:53:48.777976732Z: [    0.420000] Performance Events: PMU not available due to virtualization, using software events only.
[STDERR  ] 2018-08-22T12:53:48.777996185Z: [    0.420000] Hierarchical SRCU implementation.
[STDERR  ] 2018-08-22T12:53:48.778016063Z: [    0.422976] NMI watchdog: Perf event create on CPU 0 failed with -2
[STDERR  ] 2018-08-22T12:53:48.778059800Z: [    0.423406] NMI watchdog: Perf NMI watchdog permanently disabled
[STDERR  ] 2018-08-22T12:53:48.778079196Z: [    0.426462] smp: Bringing up secondary CPUs ...
[STDERR  ] 2018-08-22T12:53:48.778099197Z: [    0.426803] smp: Brought up 1 node, 1 CPU
[STDERR  ] 2018-08-22T12:53:48.778123182Z: [    0.427111] smpboot: Total of 1 processors activated (5199.93 BogoMIPS)
[STDERR  ] 2018-08-22T12:53:48.778146592Z: [    0.440513] devtmpfs: initialized
[STDERR  ] 2018-08-22T12:53:48.778166855Z: [    0.443915] x86/mm: Memory block size: 128MB
[STDERR  ] 2018-08-22T12:53:48.778188805Z: [    0.448554] evm: security.ima
[STDERR  ] 2018-08-22T12:53:48.778207590Z: [    0.448813] evm: security.capability
[STDERR  ] 2018-08-22T12:53:48.778224644Z: [    0.452102] clocksource: jiffies: mask: 0xffffffff max_cycles: 0xffffffff, max_idle_ns: 19112604462750000 ns
[STDERR  ] 2018-08-22T12:53:48.778241691Z: [    0.452783] futex hash table entries: 256 (order: 2, 16384 bytes)
[STDERR  ] 2018-08-22T12:53:48.778265240Z: [    0.461324] NET: Registered protocol family 16
[STDERR  ] 2018-08-22T12:53:48.778284512Z: [    0.466695] cpuidle: using governor ladder
[STDERR  ] 2018-08-22T12:53:48.778304721Z: [    0.467078] cpuidle: using governor menu
[STDERR  ] 2018-08-22T12:53:48.778324540Z: [    0.468362] ACPI: bus type PCI registered
[STDERR  ] 2018-08-22T12:53:48.778344180Z: [    0.470843] PCI: MMCONFIG for domain 0000 [bus 00-ff] at [mem 0xb0000000-0xbfffffff] (base 0xb0000000)
[STDERR  ] 2018-08-22T12:53:48.778362906Z: [    0.471581] PCI: MMCONFIG at [mem 0xb0000000-0xbfffffff] reserved in E820
[STDERR  ] 2018-08-22T12:53:48.778384354Z: [    0.472485] PCI: Using configuration type 1 for base access
[STDERR  ] 2018-08-22T12:53:48.778405034Z: [    0.515251] HugeTLB registered 2.00 MiB page size, pre-allocated 0 pages
[STDERR  ] 2018-08-22T12:53:48.778424320Z: [    0.524748] ACPI: Added _OSI(Module Device)
[STDERR  ] 2018-08-22T12:53:48.778443343Z: [    0.525066] ACPI: Added _OSI(Processor Device)
[STDERR  ] 2018-08-22T12:53:48.778461999Z: [    0.525320] ACPI: Added _OSI(3.0 _SCP Extensions)
[STDERR  ] 2018-08-22T12:53:48.778483060Z: [    0.525610] ACPI: Added _OSI(Processor Aggregator Device)
[STDERR  ] 2018-08-22T12:53:48.778502011Z: [    0.577383] ACPI: Interpreter enabled
[STDERR  ] 2018-08-22T12:53:48.778521473Z: [    0.578090] ACPI: (supports S0 S5)
[STDERR  ] 2018-08-22T12:53:48.778540069Z: [    0.578378] ACPI: Using IOAPIC for interrupt routing
[STDERR  ] 2018-08-22T12:53:48.778573026Z: [    0.580915] PCI: Using host bridge windows from ACPI; if necessary, use "pci=nocrs" and report a bug
[STDERR  ] 2018-08-22T12:53:48.778592842Z: [    0.583545] ACPI: Enabled 2 GPEs in block 00 to 3F
[STDERR  ] 2018-08-22T12:53:48.778611709Z: [    0.634000] ACPI: PCI Root Bridge [PCI0] (domain 0000 [bus 00-ff])
[STDERR  ] 2018-08-22T12:53:48.778630849Z: [    0.634807] acpi PNP0A08:00: _OSC: OS supports [ExtendedConfig ASPM ClockPM Segments MSI]
[STDERR  ] 2018-08-22T12:53:48.778650316Z: [    0.638372] acpi PNP0A08:00: _OSC: OS now controls [PCIeHotplug PME PCIeCapability]
[STDERR  ] 2018-08-22T12:53:48.778768673Z: [    0.641687] PCI host bridge to bus 0000:00
[STDERR  ] 2018-08-22T12:53:48.778824293Z: [    0.642114] pci_bus 0000:00: root bus resource [io  0x0000-0x0cf7 window]
[STDERR  ] 2018-08-22T12:53:48.778872346Z: [    0.642504] pci_bus 0000:00: root bus resource [io  0x0d00-0xffff window]
[STDERR  ] 2018-08-22T12:53:48.778925057Z: [    0.642898] pci_bus 0000:00: root bus resource [mem 0x000a0000-0x000bffff window]
[STDERR  ] 2018-08-22T12:53:48.779005217Z: [    0.643317] pci_bus 0000:00: root bus resource [mem 0xc0000000-0xfebfffff window]
[STDERR  ] 2018-08-22T12:53:48.779067469Z: [    0.643837] pci_bus 0000:00: root bus resource [bus 00-ff]
[STDERR  ] 2018-08-22T12:53:48.779118679Z: [    0.685357] pci 0000:00:1f.0: quirk: [io  0x0600-0x067f] claimed by ICH6 ACPI/GPIO/TCO
[STDERR  ] 2018-08-22T12:53:48.779495083Z: [    0.711527] ACPI: PCI Interrupt Link [LNKA] (IRQs 5 *10 11)
[STDERR  ] 2018-08-22T12:53:48.779560046Z: [    0.713121] ACPI: PCI Interrupt Link [LNKB] (IRQs 5 *10 11)
[STDERR  ] 2018-08-22T12:53:48.779612792Z: [    0.714408] ACPI: PCI Interrupt Link [LNKC] (IRQs 5 10 *11)
[STDERR  ] 2018-08-22T12:53:48.779664291Z: [    0.715694] ACPI: PCI Interrupt Link [LNKD] (IRQs 5 10 *11)
[STDERR  ] 2018-08-22T12:53:48.779729497Z: [    0.717013] ACPI: PCI Interrupt Link [LNKE] (IRQs 5 *10 11)
[STDERR  ] 2018-08-22T12:53:48.779789493Z: [    0.718388] ACPI: PCI Interrupt Link [LNKF] (IRQs 5 *10 11)
[STDERR  ] 2018-08-22T12:53:48.779844294Z: [    0.719684] ACPI: PCI Interrupt Link [LNKG] (IRQs 5 10 *11)
[STDERR  ] 2018-08-22T12:53:48.779894349Z: [    0.720987] ACPI: PCI Interrupt Link [LNKH] (IRQs 5 10 *11)
[STDERR  ] 2018-08-22T12:53:48.779945687Z: [    0.721629] ACPI: PCI Interrupt Link [GSIA] (IRQs *16)
[STDERR  ] 2018-08-22T12:53:48.779997894Z: [    0.722134] ACPI: PCI Interrupt Link [GSIB] (IRQs *17)
[STDERR  ] 2018-08-22T12:53:48.780059918Z: [    0.722600] ACPI: PCI Interrupt Link [GSIC] (IRQs *18)
[STDERR  ] 2018-08-22T12:53:48.780122948Z: [    0.723068] ACPI: PCI Interrupt Link [GSID] (IRQs *19)
[STDERR  ] 2018-08-22T12:53:48.780173549Z: [    0.723568] ACPI: PCI Interrupt Link [GSIE] (IRQs *20)
[STDERR  ] 2018-08-22T12:53:48.780223897Z: [    0.724033] ACPI: PCI Interrupt Link [GSIF] (IRQs *21)
[STDERR  ] 2018-08-22T12:53:48.780273897Z: [    0.724526] ACPI: PCI Interrupt Link [GSIG] (IRQs *22)
[STDERR  ] 2018-08-22T12:53:48.780324032Z: [    0.724991] ACPI: PCI Interrupt Link [GSIH] (IRQs *23)
[STDERR  ] 2018-08-22T12:53:48.780373897Z: [    0.732129] SCSI subsystem initialized
[STDERR  ] 2018-08-22T12:53:48.780422391Z: [    0.734254] ACPI: bus type USB registered
[STDERR  ] 2018-08-22T12:53:48.780473477Z: [    0.735045] usbcore: registered new interface driver usbfs
[STDERR  ] 2018-08-22T12:53:48.780525089Z: [    0.735756] usbcore: registered new interface driver hub
[STDERR  ] 2018-08-22T12:53:48.780575847Z: [    0.736627] usbcore: registered new device driver usb
[STDERR  ] 2018-08-22T12:53:48.780627356Z: [    0.737531] pps_core: LinuxPPS API ver. 1 registered
[STDERR  ] 2018-08-22T12:53:48.780677698Z: [    0.737890] pps_core: Software ver. 5.3.6 - Copyright 2005-2007 Rodolfo Giometti <giometti@linux.it>
[STDERR  ] 2018-08-22T12:53:48.780744653Z: [    0.738619] PTP clock support registered
[STDERR  ] 2018-08-22T12:53:48.780795556Z: [    0.740842] PCI: Using ACPI for IRQ routing
[STDERR  ] 2018-08-22T12:53:48.780845943Z: [    0.753980] NetLabel: Initializing
[STDERR  ] 2018-08-22T12:53:48.780894802Z: [    0.754242] NetLabel:  domain hash size = 128
