[INFO    ] 2019-03-17T18:45:13.777622173Z: Running Test linuxkit.kernel.kmod_4.20.x in /tmp/build/test/cases/020_kernel/016_kmod_4.20.x
[INFO    ] 2019-03-17T18:45:13.777811083Z: Running command: [/bin/sh -x /tmp/build/test/cases/020_kernel/016_kmod_4.20.x/test.sh]
[STDERR  ] 2019-03-17T18:45:13.778626850Z: + set -e
[STDERR  ] 2019-03-17T18:45:13.778705145Z: + . /tmp/build/test/cases/_lib/lib.sh
[STDERR  ] 2019-03-17T18:45:13.778720597Z: + [ -f src/github.com/linuxkit/rtf/lib/lib.sh ]
[STDERR  ] 2019-03-17T18:45:13.778735313Z: + LINUXKIT_TMPDIR=/tmp/build/test/cases/_tmp
[STDERR  ] 2019-03-17T18:45:13.778749235Z: + [ -f /tmp/build/test/cases/_tmp/env.sh ]
[STDERR  ] 2019-03-17T18:45:13.778763282Z: + . /tmp/build/test/cases/_tmp/env.sh
[STDERR  ] 2019-03-17T18:45:13.778778475Z: + export LINUXKIT_EXAMPLES_DIR=/tmp/build/test/cases/../../examples
[STDERR  ] 2019-03-17T18:45:13.778793899Z: + RT_CANCEL=253
[STDERR  ] 2019-03-17T18:45:13.778809356Z: + NAME=kmod
[STDERR  ] 2019-03-17T18:45:13.778836538Z: + IMAGE_NAME=kmod-test
[STDERR  ] 2019-03-17T18:45:13.778850459Z: + trap clean_up EXIT
[STDERR  ] 2019-03-17T18:45:13.778863918Z: + docker pull linuxkit/kernel:4.20.15
[STDOUT  ] 2019-03-17T18:45:14.943819663Z: 4.20.15: Pulling from linuxkit/kernel
[STDOUT  ] 2019-03-17T18:45:15.479958569Z: Digest: sha256:778c8fc933986befcaaa48f4b2b5bfbeab4182203000ad7cec04e8119a224269
[STDOUT  ] 2019-03-17T18:45:15.486785281Z: Status: Downloaded newer image for linuxkit/kernel:4.20.15
[STDERR  ] 2019-03-17T18:45:15.488882848Z: + docker build -t kmod-test .
[STDOUT  ] 2019-03-17T18:45:15.573383776Z: Sending build context to Docker daemon  8.704kB
[STDOUT  ] 2019-03-17T18:45:15.686069887Z: Step 1/12 : FROM linuxkit/kernel:4.20.15 AS ksrc
[STDOUT  ] 2019-03-17T18:45:15.686318991Z:  ---> c255cc6a54fd
[STDOUT  ] 2019-03-17T18:45:15.686505273Z: Step 2/12 : FROM linuxkit/alpine:5ce235f4fb55772e7f78871a70bfe26f774fe2b0 AS build
[STDOUT  ] 2019-03-17T18:45:15.686992139Z:  ---> 464cb75731f7
[STDOUT  ] 2019-03-17T18:45:15.687069410Z: Step 3/12 : RUN apk add build-base libelf-dev
[STDOUT  ] 2019-03-17T18:45:15.687474999Z:  ---> Using cache
[STDOUT  ] 2019-03-17T18:45:15.687543203Z:  ---> 4e7552dbd23b
[STDOUT  ] 2019-03-17T18:45:15.687624969Z: Step 4/12 : COPY --from=ksrc /kernel-dev.tar /
[STDOUT  ] 2019-03-17T18:45:16.990189910Z:  ---> 63e1346d15f9
[STDOUT  ] 2019-03-17T18:45:16.990251210Z: Step 5/12 : RUN tar xf kernel-dev.tar
[STDOUT  ] 2019-03-17T18:45:17.048604438Z:  ---> Running in 6f8d8e3e9a1a
[STDOUT  ] 2019-03-17T18:45:24.480082678Z: Removing intermediate container 6f8d8e3e9a1a
[STDOUT  ] 2019-03-17T18:45:24.480254845Z:  ---> a97a6ac40157
[STDOUT  ] 2019-03-17T18:45:24.480345280Z: Step 6/12 : WORKDIR /kmod
[STDOUT  ] 2019-03-17T18:45:24.562251231Z:  ---> Running in a44d2d54011b
[STDOUT  ] 2019-03-17T18:45:24.716607234Z: Removing intermediate container a44d2d54011b
[STDOUT  ] 2019-03-17T18:45:24.716724481Z:  ---> 7cc81ae0cb1d
[STDOUT  ] 2019-03-17T18:45:24.716815262Z: Step 7/12 : COPY ./src/* ./
[STDOUT  ] 2019-03-17T18:45:24.984265457Z:  ---> 8afe1cd491f1
[STDOUT  ] 2019-03-17T18:45:24.984325323Z: Step 8/12 : RUN make all
[STDOUT  ] 2019-03-17T18:45:25.047254026Z:  ---> Running in 93eb0fa0d535
[STDOUT  ] 2019-03-17T18:45:25.342659110Z: make -C /usr/src/linux-headers-4.20.15-linuxkit M=/kmod modules
[STDOUT  ] 2019-03-17T18:45:25.342731293Z: make[1]: Entering directory '/usr/src/linux-headers-4.20.15-linuxkit'
[STDOUT  ] 2019-03-17T18:45:26.803316169Z:   CC [M]  /kmod/hello_world.o
[STDOUT  ] 2019-03-17T18:45:27.093076862Z:   Building modules, stage 2.
[STDOUT  ] 2019-03-17T18:45:27.102401156Z:   MODPOST 1 modules
[STDOUT  ] 2019-03-17T18:45:27.119677161Z:   CC      /kmod/hello_world.mod.o
[STDOUT  ] 2019-03-17T18:45:27.367264765Z:   LD [M]  /kmod/hello_world.ko
[STDOUT  ] 2019-03-17T18:45:27.370334843Z: make[1]: Leaving directory '/usr/src/linux-headers-4.20.15-linuxkit'
[STDOUT  ] 2019-03-17T18:45:27.805622881Z: Removing intermediate container 93eb0fa0d535
[STDOUT  ] 2019-03-17T18:45:27.805740929Z:  ---> 6aad0c8e029b
[STDOUT  ] 2019-03-17T18:45:27.805861538Z: Step 9/12 : FROM alpine:3.9
[STDOUT  ] 2019-03-17T18:45:27.806129852Z:  ---> 5cb3aa00f899
[STDOUT  ] 2019-03-17T18:45:27.806225323Z: Step 10/12 : COPY --from=build /kmod/hello_world.ko /
[STDOUT  ] 2019-03-17T18:45:28.036856558Z:  ---> 71829a71065d
[STDOUT  ] 2019-03-17T18:45:28.037148407Z: Step 11/12 : COPY check.sh /check.sh
[STDOUT  ] 2019-03-17T18:45:28.244061609Z:  ---> 69912aee4ab1
[STDOUT  ] 2019-03-17T18:45:28.244208672Z: Step 12/12 : ENTRYPOINT ["/bin/sh", "/check.sh"]
[STDOUT  ] 2019-03-17T18:45:28.316765125Z:  ---> Running in 567c474bb8e3
[STDOUT  ] 2019-03-17T18:45:28.457614316Z: Removing intermediate container 567c474bb8e3
[STDOUT  ] 2019-03-17T18:45:28.457683558Z:  ---> d310965daca0
[STDOUT  ] 2019-03-17T18:45:28.457692067Z: Successfully built d310965daca0
[STDOUT  ] 2019-03-17T18:45:28.467148207Z: Successfully tagged kmod-test:latest
[STDERR  ] 2019-03-17T18:45:28.467219888Z: + linuxkit build -format kernel+initrd -name kmod test.yml
[STDERR  ] 2019-03-17T18:45:28.502786244Z: Extract kernel image: linuxkit/kernel:4.20.15
[STDERR  ] 2019-03-17T18:45:30.387881636Z: Add init containers:
[STDERR  ] 2019-03-17T18:45:30.388215404Z: Process init image: linuxkit/init:005807f5c6a74e23f485a6d1657818bdccb70cd0
[STDERR  ] 2019-03-17T18:45:31.566178502Z: Process init image: linuxkit/runc:606971451ea29b4238029804ca638f9f85caf5af
[STDERR  ] 2019-03-17T18:45:32.727610409Z: Add onboot containers:
[STDERR  ] 2019-03-17T18:45:32.727687279Z:   Create OCI config for kmod-test
[STDERR  ] 2019-03-17T18:45:32.831796989Z:   Create OCI config for linuxkit/poweroff:9f4e04f09bbb4a028f0a1f57d430e1ad3095ace1
[STDERR  ] 2019-03-17T18:45:33.999232410Z: Create outputs:
[STDERR  ] 2019-03-17T18:45:40.212143594Z:   kmod-kernel kmod-initrd.img kmod-cmdline
[STDERR  ] 2019-03-17T18:45:40.278186010Z: + linuxkit run kmod
[STDERR  ] 2019-03-17T18:45:48.373009689Z: + RESULT=[    0.000000] Linux version 4.20.15-linuxkit (root@905af8c3331d) (gcc version 8.2.0 (Alpine 8.2.0)) #1 SMP Sun Mar 10 19:42:28 UTC 2019
[STDERR  ] 2019-03-17T18:45:48.373114698Z: [    0.000000] Command line: console=ttyS0 console=ttyAMA0
[STDERR  ] 2019-03-17T18:45:48.373131819Z: [    0.000000] x86/fpu: x87 FPU will use FXSAVE
[STDERR  ] 2019-03-17T18:45:48.373145137Z: [    0.000000] BIOS-provided physical RAM map:
[STDERR  ] 2019-03-17T18:45:48.373157761Z: [    0.000000] BIOS-e820: [mem 0x0000000000000000-0x000000000009fbff] usable
[STDERR  ] 2019-03-17T18:45:48.373173112Z: [    0.000000] BIOS-e820: [mem 0x000000000009fc00-0x000000000009ffff] reserved
[STDERR  ] 2019-03-17T18:45:48.373186359Z: [    0.000000] BIOS-e820: [mem 0x00000000000f0000-0x00000000000fffff] reserved
[STDERR  ] 2019-03-17T18:45:48.373198061Z: [    0.000000] BIOS-e820: [mem 0x0000000000100000-0x000000003ffdefff] usable
[STDERR  ] 2019-03-17T18:45:48.373210318Z: [    0.000000] BIOS-e820: [mem 0x000000003ffdf000-0x000000003fffffff] reserved
[STDERR  ] 2019-03-17T18:45:48.373223143Z: [    0.000000] BIOS-e820: [mem 0x00000000b0000000-0x00000000bfffffff] reserved
[STDERR  ] 2019-03-17T18:45:48.373271385Z: [    0.000000] BIOS-e820: [mem 0x00000000fed1c000-0x00000000fed1ffff] reserved
[STDERR  ] 2019-03-17T18:45:48.373291562Z: [    0.000000] BIOS-e820: [mem 0x00000000feffc000-0x00000000feffffff] reserved
[STDERR  ] 2019-03-17T18:45:48.373306169Z: [    0.000000] BIOS-e820: [mem 0x00000000fffc0000-0x00000000ffffffff] reserved
[STDERR  ] 2019-03-17T18:45:48.373329911Z: [    0.000000] NX (Execute Disable) protection: active
[STDERR  ] 2019-03-17T18:45:48.373347517Z: [    0.000000] SMBIOS 2.8 present.
[STDERR  ] 2019-03-17T18:45:48.373362235Z: [    0.000000] DMI: QEMU Standard PC (Q35 + ICH9, 2009), BIOS 1.10.2-1 04/01/2014
[STDERR  ] 2019-03-17T18:45:48.373376906Z: [    0.000000] Hypervisor detected: KVM
[STDERR  ] 2019-03-17T18:45:48.373400437Z: [    0.000000] kvm-clock: Using msrs 4b564d01 and 4b564d00
[STDERR  ] 2019-03-17T18:45:48.373414379Z: [    0.551359] kvm-clock: cpu 0, msr e8c6001, primary cpu clock
[STDERR  ] 2019-03-17T18:45:48.373428322Z: [    0.551360] clocksource: kvm-clock: mask: 0xffffffffffffffff max_cycles: 0x1cd42e4dffb, max_idle_ns: 881590591483 ns
[STDERR  ] 2019-03-17T18:45:48.373462639Z: [    0.551367] tsc: Detected 2299.924 MHz processor
[STDERR  ] 2019-03-17T18:45:48.373481482Z: [    0.554661] last_pfn = 0x3ffdf max_arch_pfn = 0x400000000
[STDERR  ] 2019-03-17T18:45:48.373501348Z: [    0.555291] x86/PAT: PAT not supported by CPU.
[STDERR  ] 2019-03-17T18:45:48.373519788Z: [    0.555341] x86/PAT: Configuration [0-7]: WB  WT  UC- UC  WB  WT  UC- UC  
[STDERR  ] 2019-03-17T18:45:48.373533521Z: [    0.565477] found SMP MP-table at [mem 0x000f6a90-0x000f6a9f] mapped at [(____ptrval____)]
[STDERR  ] 2019-03-17T18:45:48.373555882Z: [    0.565783] RAMDISK: [mem 0x3df1d000-0x3ffcffff]
[STDERR  ] 2019-03-17T18:45:48.373606577Z: [    0.566008] ACPI: Early table checksum verification disabled
[STDERR  ] 2019-03-17T18:45:48.373626418Z: [    0.566137] ACPI: RSDP 0x00000000000F68D0 000014 (v00 BOCHS )
[STDERR  ] 2019-03-17T18:45:48.373639645Z: [    0.566146] ACPI: RSDT 0x000000003FFE2404 000034 (v01 BOCHS  BXPCRSDT 00000001 BXPC 00000001)
[STDERR  ] 2019-03-17T18:45:48.373653385Z: [    0.566153] ACPI: FACP 0x000000003FFE22A4 000074 (v01 BOCHS  BXPCFACP 00000001 BXPC 00000001)
[STDERR  ] 2019-03-17T18:45:48.373672971Z: [    0.566159] ACPI: DSDT 0x000000003FFE0040 002264 (v01 BOCHS  BXPCDSDT 00000001 BXPC 00000001)
[STDERR  ] 2019-03-17T18:45:48.373686732Z: [    0.566164] ACPI: FACS 0x000000003FFE0000 000040
[STDERR  ] 2019-03-17T18:45:48.373708266Z: [    0.566167] ACPI: APIC 0x000000003FFE2318 000078 (v01 BOCHS  BXPCAPIC 00000001 BXPC 00000001)
[STDERR  ] 2019-03-17T18:45:48.373721555Z: [    0.566171] ACPI: HPET 0x000000003FFE2390 000038 (v01 BOCHS  BXPCHPET 00000001 BXPC 00000001)
[STDERR  ] 2019-03-17T18:45:48.373735207Z: [    0.566175] ACPI: MCFG 0x000000003FFE23C8 00003C (v01 BOCHS  BXPCMCFG 00000001 BXPC 00000001)
[STDERR  ] 2019-03-17T18:45:48.373749230Z: [    0.567033] Zone ranges:
[STDERR  ] 2019-03-17T18:45:48.373768801Z: [    0.567036]   DMA      [mem 0x0000000000001000-0x0000000000ffffff]
[STDERR  ] 2019-03-17T18:45:48.373782829Z: [    0.567037]   DMA32    [mem 0x0000000001000000-0x000000003ffdefff]
[STDERR  ] 2019-03-17T18:45:48.373807573Z: [    0.567039]   Normal   empty
[STDERR  ] 2019-03-17T18:45:48.373820421Z: [    0.567040]   Device   empty
[STDERR  ] 2019-03-17T18:45:48.373834146Z: [    0.567041] Movable zone start for each node
[STDERR  ] 2019-03-17T18:45:48.373854366Z: [    0.567042] Early memory node ranges
[STDERR  ] 2019-03-17T18:45:48.373867127Z: [    0.567044]   node   0: [mem 0x0000000000001000-0x000000000009efff]
[STDERR  ] 2019-03-17T18:45:48.373880791Z: [    0.567045]   node   0: [mem 0x0000000000100000-0x000000003ffdefff]
[STDERR  ] 2019-03-17T18:45:48.373905565Z: [    0.567744] Zeroed struct page in unavailable ranges: 98 pages
[STDERR  ] 2019-03-17T18:45:48.373918765Z: [    0.567746] Initmem setup node 0 [mem 0x0000000000001000-0x000000003ffdefff]
[STDERR  ] 2019-03-17T18:45:48.373938165Z: [    0.580837] ACPI: PM-Timer IO Port: 0x608
[STDERR  ] 2019-03-17T18:45:48.373950818Z: [    0.580892] ACPI: LAPIC_NMI (acpi_id[0xff] dfl dfl lint[0x1])
[STDERR  ] 2019-03-17T18:45:48.373969327Z: [    0.581126] IOAPIC[0]: apic_id 0, version 17, address 0xfec00000, GSI 0-23
[STDERR  ] 2019-03-17T18:45:48.373983422Z: [    0.581129] ACPI: INT_SRC_OVR (bus 0 bus_irq 0 global_irq 2 dfl dfl)
[STDERR  ] 2019-03-17T18:45:48.373998359Z: [    0.581131] ACPI: INT_SRC_OVR (bus 0 bus_irq 5 global_irq 5 high level)
[STDERR  ] 2019-03-17T18:45:48.374017413Z: [    0.581133] ACPI: INT_SRC_OVR (bus 0 bus_irq 9 global_irq 9 high level)
[STDERR  ] 2019-03-17T18:45:48.374030456Z: [    0.581134] ACPI: INT_SRC_OVR (bus 0 bus_irq 10 global_irq 10 high level)
[STDERR  ] 2019-03-17T18:45:48.374044022Z: [    0.581136] ACPI: INT_SRC_OVR (bus 0 bus_irq 11 global_irq 11 high level)
[STDERR  ] 2019-03-17T18:45:48.374061474Z: [    0.581143] Using ACPI (MADT) for SMP configuration information
[STDERR  ] 2019-03-17T18:45:48.374074423Z: [    0.581145] ACPI: HPET id: 0x8086a201 base: 0xfed00000
[STDERR  ] 2019-03-17T18:45:48.374088776Z: [    0.581194] smpboot: Allowing 1 CPUs, 0 hotplug CPUs
[STDERR  ] 2019-03-17T18:45:48.374112715Z: [    0.581302] [mem 0x40000000-0xafffffff] available for PCI devices
[STDERR  ] 2019-03-17T18:45:48.374125824Z: [    0.581304] Booting paravirtualized kernel on KVM
[STDERR  ] 2019-03-17T18:45:48.374143091Z: [    0.581307] clocksource: refined-jiffies: mask: 0xffffffff max_cycles: 0xffffffff, max_idle_ns: 1910969940391419 ns
[STDERR  ] 2019-03-17T18:45:48.374161739Z: [    0.720075] random: get_random_bytes called from start_kernel+0x91/0x4fc with crng_init=0
[STDERR  ] 2019-03-17T18:45:48.374175262Z: [    0.720098] setup_percpu: NR_CPUS:128 nr_cpumask_bits:128 nr_cpu_ids:1 nr_node_ids:1
[STDERR  ] 2019-03-17T18:45:48.374196910Z: [    0.720997] percpu: Embedded 45 pages/cpu @(____ptrval____) s144664 r8192 d31464 u2097152
[STDERR  ] 2019-03-17T18:45:48.374209510Z: [    0.721116] KVM setup async PF for cpu 0
[STDERR  ] 2019-03-17T18:45:48.374229441Z: [    0.721168] kvm-stealtime: cpu 0, msr 3ca15e80
[STDERR  ] 2019-03-17T18:45:48.374289241Z: [    0.721190] Built 1 zonelists, mobility grouping on.  Total pages: 257896
[STDERR  ] 2019-03-17T18:45:48.374303262Z: [    0.721193] Kernel command line: console=ttyS0 console=ttyAMA0
[STDERR  ] 2019-03-17T18:45:48.374316890Z: [    0.721458] Dentry cache hash table entries: 131072 (order: 8, 1048576 bytes)
[STDERR  ] 2019-03-17T18:45:48.374330658Z: [    0.722062] Inode-cache hash table entries: 65536 (order: 7, 524288 bytes)
[STDERR  ] 2019-03-17T18:45:48.374350626Z: [    0.726126] Memory: 968732K/1048052K available (12292K kernel code, 1552K rwdata, 3092K rodata, 1584K init, 1348K bss, 79320K reserved, 0K cma-reserved)
[STDERR  ] 2019-03-17T18:45:48.374377340Z: [    0.726954] Kernel/User page tables isolation: enabled
[STDERR  ] 2019-03-17T18:45:48.374391095Z: [    0.726978] ftrace: allocating 43274 entries in 170 pages
[STDERR  ] 2019-03-17T18:45:48.374406231Z: [    0.747973] rcu: Hierarchical RCU implementation.
[STDERR  ] 2019-03-17T18:45:48.374424619Z: [    0.747976] rcu: 	RCU restricting CPUs from NR_CPUS=128 to nr_cpu_ids=1.
[STDERR  ] 2019-03-17T18:45:48.374441235Z: [    0.747979] rcu: RCU calculated value of scheduler-enlistment delay is 100 jiffies.
[STDERR  ] 2019-03-17T18:45:48.374460838Z: [    0.747980] rcu: Adjusting geometry for rcu_fanout_leaf=16, nr_cpu_ids=1
[STDERR  ] 2019-03-17T18:45:48.374479780Z: [    0.750881] NR_IRQS: 8448, nr_irqs: 256, preallocated irqs: 16
[STDERR  ] 2019-03-17T18:45:48.374494454Z: [    0.777546] Console: colour VGA+ 80x25
[STDERR  ] 2019-03-17T18:45:48.374513925Z: [    1.215924] printk: console [ttyS0] enabled
[STDERR  ] 2019-03-17T18:45:48.374526827Z: [    1.219678] ACPI: Core revision 20181003
[STDERR  ] 2019-03-17T18:45:48.374540202Z: [    1.224039] clocksource: hpet: mask: 0xffffffff max_cycles: 0xffffffff, max_idle_ns: 19112604467 ns
[STDERR  ] 2019-03-17T18:45:48.374557808Z: [    1.232642] APIC: Switch to symmetric I/O mode setup
[STDERR  ] 2019-03-17T18:45:48.374571726Z: [    1.239739] x2apic enabled
[STDERR  ] 2019-03-17T18:45:48.374585111Z: [    1.244364] Switched APIC routing to physical x2apic.
[STDERR  ] 2019-03-17T18:45:48.374598926Z: [    1.258571] ..TIMER: vector=0x30 apic1=0 pin1=2 apic2=-1 pin2=-1
[STDERR  ] 2019-03-17T18:45:48.374621499Z: [    1.264157] clocksource: tsc-early: mask: 0xffffffffffffffff max_cycles: 0x2126ed38629, max_idle_ns: 440795218029 ns
[STDERR  ] 2019-03-17T18:45:48.374640379Z: [    1.273604] Calibrating delay loop (skipped) preset value.. 4599.84 BogoMIPS (lpj=2299924)
[STDERR  ] 2019-03-17T18:45:48.374652977Z: [    1.274578] pid_max: default: 32768 minimum: 301
[STDERR  ] 2019-03-17T18:45:48.374670052Z: [    1.275668] LSM: Security Framework initializing
[STDERR  ] 2019-03-17T18:45:48.374682427Z: [    1.277574] Yama: becoming mindful.
[STDERR  ] 2019-03-17T18:45:48.374698817Z: [    1.278636] Mount-cache hash table entries: 2048 (order: 2, 16384 bytes)
[STDERR  ] 2019-03-17T18:45:48.374711471Z: [    1.279581] Mountpoint-cache hash table entries: 2048 (order: 2, 16384 bytes)
[STDERR  ] 2019-03-17T18:45:48.374724213Z: [    1.283628] Last level iTLB entries: 4KB 0, 2MB 0, 4MB 0
[STDERR  ] 2019-03-17T18:45:48.374763254Z: [    1.284578] Last level dTLB entries: 4KB 0, 2MB 0, 4MB 0, 1GB 0
[STDERR  ] 2019-03-17T18:45:48.374781246Z: [    1.285577] Spectre V2 : Mitigation: Full generic retpoline
[STDERR  ] 2019-03-17T18:45:48.374822094Z: [    1.286576] Spectre V2 : Spectre v2 / SpectreRSB mitigation: Filling RSB on context switch
[STDERR  ] 2019-03-17T18:45:48.374835020Z: [    1.288573] Speculative Store Bypass: Vulnerable
[STDERR  ] 2019-03-17T18:45:48.374853043Z: [    1.299475] Freeing SMP alternatives memory: 20K
[STDERR  ] 2019-03-17T18:45:48.374868031Z: [    1.301569] smpboot: CPU0: Intel QEMU Virtual CPU version 2.5+ (family: 0x6, model: 0x6, stepping: 0x3)
[STDERR  ] 2019-03-17T18:45:48.374881147Z: [    1.301770] Performance Events: PMU not available due to virtualization, using software events only.
[STDERR  ] 2019-03-17T18:45:48.374899259Z: [    1.303876] rcu: Hierarchical SRCU implementation.
[STDERR  ] 2019-03-17T18:45:48.374917551Z: [    1.304698] NMI watchdog: Perf NMI watchdog permanently disabled
[STDERR  ] 2019-03-17T18:45:48.374930655Z: [    1.306632] smp: Bringing up secondary CPUs ...
[STDERR  ] 2019-03-17T18:45:48.374944044Z: [    1.307576] smp: Brought up 1 node, 1 CPU
[STDERR  ] 2019-03-17T18:45:48.374957128Z: [    1.308574] smpboot: Max logical packages: 1
[STDERR  ] 2019-03-17T18:45:48.374973600Z: [    1.309574] smpboot: Total of 1 processors activated (4599.84 BogoMIPS)
[STDERR  ] 2019-03-17T18:45:48.374986588Z: [    1.311657] devtmpfs: initialized
[STDERR  ] 2019-03-17T18:45:48.375000477Z: [    1.312658] x86/mm: Memory block size: 128MB
[STDERR  ] 2019-03-17T18:45:48.375013256Z: [    1.314003] clocksource: jiffies: mask: 0xffffffff max_cycles: 0xffffffff, max_idle_ns: 1911260446275000 ns
[STDERR  ] 2019-03-17T18:45:48.375026768Z: [    1.314585] futex hash table entries: 256 (order: 2, 16384 bytes)
[STDERR  ] 2019-03-17T18:45:48.375044540Z: [    1.316832] NET: Registered protocol family 16
[STDERR  ] 2019-03-17T18:45:48.375056887Z: [    1.317746] audit: initializing netlink subsys (disabled)
[STDERR  ] 2019-03-17T18:45:48.375070267Z: [    1.318660] audit: type=2000 audit(1552848341.215:1): state=initialized audit_enabled=0 res=1
[STDERR  ] 2019-03-17T18:45:48.375138179Z: [    1.319695] cpuidle: using governor ladder
[STDERR  ] 2019-03-17T18:45:48.375158454Z: [    1.320577] cpuidle: using governor menu
[STDERR  ] 2019-03-17T18:45:48.375172266Z: [    1.321729] ACPI: bus type PCI registered
[STDERR  ] 2019-03-17T18:45:48.375185093Z: [    1.323054] PCI: MMCONFIG for domain 0000 [bus 00-ff] at [mem 0xb0000000-0xbfffffff] (base 0xb0000000)
[STDERR  ] 2019-03-17T18:45:48.375200685Z: [    1.323584] PCI: MMCONFIG at [mem 0xb0000000-0xbfffffff] reserved in E820
[STDERR  ] 2019-03-17T18:45:48.375213846Z: [    1.324598] PCI: Using configuration type 1 for base access
[STDERR  ] 2019-03-17T18:45:48.375227417Z: [    1.327932] HugeTLB registered 2.00 MiB page size, pre-allocated 0 pages
[STDERR  ] 2019-03-17T18:45:48.375288121Z: [    1.328766] cryptd: max_cpu_qlen set to 1000
[STDERR  ] 2019-03-17T18:45:48.375308267Z: [    1.329780] ACPI: Added _OSI(Module Device)
[STDERR  ] 2019-03-17T18:45:48.375323994Z: [    1.330578] ACPI: Added _OSI(Processor Device)
[STDERR  ] 2019-03-17T18:45:48.375337154Z: [    1.331576] ACPI: Added _OSI(3.0 _SCP Extensions)
[STDERR  ] 2019-03-17T18:45:48.375350028Z: [    1.332580] ACPI: Added _OSI(Processor Aggregator Device)
[STDERR  ] 2019-03-17T18:45:48.375364182Z: [    1.333602] ACPI: Added _OSI(Linux-Dell-Video)
[STDERR  ] 2019-03-17T18:45:48.375439149Z: [    1.334577] ACPI: Added _OSI(Linux-Lenovo-NV-HDMI-Audio)
[STDERR  ] 2019-03-17T18:45:48.375452972Z: [    1.337806] ACPI: 1 ACPI AML tables successfully acquired and loaded
[STDERR  ] 2019-03-17T18:45:48.375469787Z: [    1.340773] ACPI: Interpreter enabled
[STDERR  ] 2019-03-17T18:45:48.375488113Z: [    1.341589] ACPI: (supports S0 S5)
[STDERR  ] 2019-03-17T18:45:48.375501670Z: [    1.342578] ACPI: Using IOAPIC for interrupt routing
[STDERR  ] 2019-03-17T18:45:48.375529184Z: [    1.343649] PCI: Using host bridge windows from ACPI; if necessary, use "pci=nocrs" and report a bug
[STDERR  ] 2019-03-17T18:45:48.375542625Z: [    1.344805] ACPI: Enabled 2 GPEs in block 00 to 3F
[STDERR  ] 2019-03-17T18:45:48.375565833Z: [    1.350188] ACPI: PCI Root Bridge [PCI0] (domain 0000 [bus 00-ff])
[STDERR  ] 2019-03-17T18:45:48.375578354Z: [    1.350588] acpi PNP0A08:00: _OSC: OS supports [ExtendedConfig ASPM ClockPM Segments MSI]
[STDERR  ] 2019-03-17T18:45:48.375593557Z: [    1.351700] acpi PNP0A08:00: _OSC: platform does not support [SHPCHotplug LTR]
[STDERR  ] 2019-03-17T18:45:48.375606897Z: [    1.352678] acpi PNP0A08:00: _OSC: OS now controls [PCIeHotplug PME PCIeCapability]
[STDERR  ] 2019-03-17T18:45:48.375628280Z: [    1.353664] PCI host bridge to bus 0000:00
[STDERR  ] 2019-03-17T18:45:48.375641471Z: [    1.354578] pci_bus 0000:00: root bus resource [io  0x0000-0x0cf7 window]
[STDERR  ] 2019-03-17T18:45:48.375654288Z: [    1.355577] pci_bus 0000:00: root bus resource [io  0x0d00-0xffff window]
[STDERR  ] 2019-03-17T18:45:48.375670751Z: [    1.356579] pci_bus 0000:00: root bus resource [mem 0x000a0000-0x000bffff window]
[STDERR  ] 2019-03-17T18:45:48.375687026Z: [    1.357577] pci_bus 0000:00: root bus resource [mem 0xc0000000-0xfebfffff window]
[STDERR  ] 2019-03-17T18:45:48.375699802Z: [    1.358577] pci_bus 0000:00: root bus resource [bus 00-ff]
[STDERR  ] 2019-03-17T18:45:48.375712374Z: [    1.431299] pci 0000:00:1f.0: quirk: [io  0x0600-0x067f] claimed by ICH6 ACPI/GPIO/TCO
[STDERR  ] 2019-03-17T18:45:48.375759967Z: [    1.459999] ACPI: PCI Interrupt Link [LNKA] (IRQs 5 *10 11)
[STDERR  ] 2019-03-17T18:45:48.375773457Z: [    1.460883] ACPI: PCI Interrupt Link [LNKB] (IRQs 5 *10 11)
[STDERR  ] 2019-03-17T18:45:48.375785825Z: [    1.461888] ACPI: PCI Interrupt Link [LNKC] (IRQs 5 10 *11)
[STDERR  ] 2019-03-17T18:45:48.375807854Z: [    1.462870] ACPI: PCI Interrupt Link [LNKD] (IRQs 5 10 *11)
[STDERR  ] 2019-03-17T18:45:48.375821186Z: [    1.464735] ACPI: PCI Interrupt Link [LNKE] (IRQs 5 *10 11)
[STDERR  ] 2019-03-17T18:45:48.375834382Z: [    1.465867] ACPI: PCI Interrupt Link [LNKF] (IRQs 5 *10 11)
[STDERR  ] 2019-03-17T18:45:48.375847559Z: [    1.466873] ACPI: PCI Interrupt Link [LNKG] (IRQs 5 10 *11)
[STDERR  ] 2019-03-17T18:45:48.375862103Z: [    1.468732] ACPI: PCI Interrupt Link [LNKH] (IRQs 5 10 *11)
[STDERR  ] 2019-03-17T18:45:48.375877105Z: [    1.469726] ACPI: PCI Interrupt Link [GSIA] (IRQs *16)
[STDERR  ] 2019-03-17T18:45:48.375893645Z: [    1.470596] ACPI: PCI Interrupt Link [GSIB] (IRQs *17)
[STDERR  ] 2019-03-17T18:45:48.375906382Z: [    1.471594] ACPI: PCI Interrupt Link [GSIC] (IRQs *18)
[STDERR  ] 2019-03-17T18:45:48.375919076Z: [    1.472593] ACPI: PCI Interrupt Link [GSID] (IRQs *19)
[STDERR  ] 2019-03-17T18:45:48.375950463Z: [    1.473603] ACPI: PCI Interrupt Link [GSIE] (IRQs *20)
[STDERR  ] 2019-03-17T18:45:48.375962603Z: [    1.474596] ACPI: PCI Interrupt Link [GSIF] (IRQs *21)
[STDERR  ] 2019-03-17T18:45:48.376001977Z: [    1.475596] ACPI: PCI Interrupt Link [GSIG] (IRQs *22)
[STDERR  ] 2019-03-17T18:45:48.376014840Z: [    1.477590] ACPI: PCI Interrupt Link [GSIH] (IRQs *23)
[STDERR  ] 2019-03-17T18:45:48.376028091Z: [    1.479816] SCSI subsystem initialized
[STDERR  ] 2019-03-17T18:45:48.376040921Z: [    1.480697] ACPI: bus type USB registered
[STDERR  ] 2019-03-17T18:45:48.376054092Z: [    1.481625] usbcore: registered new interface driver usbfs
[STDERR  ] 2019-03-17T18:45:48.376093759Z: [    1.482618] usbcore: registered new interface driver hub
[STDERR  ] 2019-03-17T18:45:48.376110970Z: [    1.483616] usbcore: registered new device driver usb
[STDERR  ] 2019-03-17T18:45:48.376145067Z: [    1.484614] pps_core: LinuxPPS API ver. 1 registered
[STDERR  ] 2019-03-17T18:45:48.376158154Z: [    1.485576] pps_core: Software ver. 5.3.6 - Copyright 2005-2007 Rodolfo Giometti <giometti@linux.it>
[STDERR  ] 2019-03-17T18:45:48.376171839Z: [    1.486593] PTP clock support registered
[STDERR  ] 2019-03-17T18:45:48.376185410Z: [    1.487696] PCI: Using ACPI for IRQ routing
[STDERR  ] 2019-03-17T18:45:48.376205576Z: [    1.937573] NetLabel: Initializing
[STDERR  ] 2019-03-17T18:45:48.376218468Z: [    1.938573] NetLabel:  domain hash size = 128
[STDERR  ] 2019-03-17T18:45:48.376231978Z: [    1.939572] NetLabel:  protocols = UNLABELED CIPSOv4 CALIPSO
[STDERR  ] 2019-03-17T18:45:48.376317592Z: [    1.940615] NetLabel:  unlabeled traffic allowed by default
[STDERR  ] 2019-03-17T18:45:48.376332513Z: [    1.941763] HPET: 3 timers in total, 0 timers will be used for per-cpu timer
[STDERR  ] 2019-03-17T18:45:48.376346602Z: [    1.942704] hpet0: at MMIO 0xfed00000, IRQs 2, 8, 0
[STDERR  ] 2019-03-17T18:45:48.376361265Z: [    1.944577] hpet0: 3 comparators, 64-bit 100.000000 MHz counter
[STDERR  ] 2019-03-17T18:45:48.376375913Z: [    1.948619] clocksource: Switched to clocksource kvm-clock
[STDERR  ] 2019-03-17T18:45:48.376389262Z: [    1.978508] VFS: Disk quotas dquot_6.6.0
[STDERR  ] 2019-03-17T18:45:48.376445816Z: [    1.982198] VFS: Dquot-cache hash table entries: 512 (order 0, 4096 bytes)
[STDERR  ] 2019-03-17T18:45:48.376467251Z: [    1.988420] FS-Cache: Loaded
[STDERR  ] 2019-03-17T18:45:48.376529432Z: [    1.991193] CacheFiles: Loaded
[STDERR  ] 2019-03-17T18:45:48.376545448Z: [    1.994062] pnp: PnP ACPI init
[STDERR  ] 2019-03-17T18:45:48.376558847Z: [    1.997996] pnp: PnP ACPI: found 5 devices
[STDERR  ] 2019-03-17T18:45:48.376572368Z: [    2.008357] clocksource: acpi_pm: mask: 0xffffff max_cycles: 0xffffff, max_idle_ns: 2085701024 ns
[STDERR  ] 2019-03-17T18:45:48.376590999Z: [    2.016420] NET: Registered protocol family 2
[STDERR  ] 2019-03-17T18:45:48.376614432Z: [    2.021392] tcp_listen_portaddr_hash hash table entries: 512 (order: 1, 8192 bytes)
[STDERR  ] 2019-03-17T18:45:48.376630949Z: [    2.028248] TCP established hash table entries: 8192 (order: 4, 65536 bytes)
[STDERR  ] 2019-03-17T18:45:48.376645143Z: [    2.034654] TCP bind hash table entries: 8192 (order: 5, 131072 bytes)
[STDERR  ] 2019-03-17T18:45:48.376658258Z: [    2.040574] TCP: Hash tables configured (established 8192 bind 8192)
[STDERR  ] 2019-03-17T18:45:48.376671487Z: [    2.046346] UDP hash table entries: 512 (order: 2, 16384 bytes)
[STDERR  ] 2019-03-17T18:45:48.376684740Z: [    2.051693] UDP-Lite hash table entries: 512 (order: 2, 16384 bytes)
[STDERR  ] 2019-03-17T18:45:48.376697596Z: [    2.057507] NET: Registered protocol family 1
[STDERR  ] 2019-03-17T18:45:48.376710838Z: [    2.061450] NET: Registered protocol family 44
[STDERR  ] 2019-03-17T18:45:48.376724067Z: [    2.065861] pci 0000:00:01.0: Video device with shadowed ROM at [mem 0x000c0000-0x000dffff]
[STDERR  ] 2019-03-17T18:45:48.376773961Z: [    2.073720] Trying to unpack rootfs image as initramfs...
[STDERR  ] 2019-03-17T18:45:48.376800858Z: [    2.781403] Freeing initrd memory: 33484K
[STDERR  ] 2019-03-17T18:45:48.376814865Z: [    2.785343] clocksource: tsc: mask: 0xffffffffffffffff max_cycles: 0x2126ed38629, max_idle_ns: 440795218029 ns
[STDERR  ] 2019-03-17T18:45:48.376827917Z: [    2.839896] PCLMULQDQ-NI instructions are not detected.
[STDERR  ] 2019-03-17T18:45:48.376848698Z: [    2.846644] AVX or AES-NI instructions are not detected.
[STDERR  ] 2019-03-17T18:45:48.376862634Z: [    2.851468] CPU feature 'AVX registers' is not supported.
[STDERR  ] 2019-03-17T18:45:48.376876329Z: [    2.856323] CPU feature 'AVX registers' is not supported.
[STDERR  ] 2019-03-17T18:45:48.376889322Z: [    2.861225] CPU feature 'AVX registers' is not supported.
[STDERR  ] 2019-03-17T18:45:48.376902486Z: [    2.866058] CPU feature 'AVX registers' is not supported.
[STDERR  ] 2019-03-17T18:45:48.376915882Z: [    2.871043] AVX2 or AES-NI instructions are not detected.
[STDERR  ] 2019-03-17T18:45:48.376928774Z: [    2.875864] AVX2 instructions are not detected.
[STDERR  ] 2019-03-17T18:45:48.376945025Z: [    2.880580] workingset: timestamp_bits=46 max_order=18 bucket_order=0
[STDERR  ] 2019-03-17T18:45:48.376957871Z: [    2.886935] squashfs: version 4.0 (2009/01/31) Phillip Lougher
[STDERR  ] 2019-03-17T18:45:48.376970502Z: [    2.892400] FS-Cache: Netfs 'cifs' registered for caching
[STDERR  ] 2019-03-17T18:45:48.376990945Z: [    2.897424] fuse init (API version 7.28)
[STDERR  ] 2019-03-17T18:45:48.377011108Z: [    2.901157] SGI XFS with ACLs, security attributes, no debug enabled
[STDERR  ] 2019-03-17T18:45:48.377033350Z: [    2.907011] 9p: Installing v9fs 9p2000 file system support
[STDERR  ] 2019-03-17T18:45:48.377047251Z: [    2.911931] FS-Cache: Netfs '9p' registered for caching
[STDERR  ] 2019-03-17T18:45:48.377062694Z: [    3.048117] NET: Registered protocol family 38
[STDERR  ] 2019-03-17T18:45:48.377076000Z: [    3.052320] Key type asymmetric registered
[STDERR  ] 2019-03-17T18:45:48.377089240Z: [    3.056032] Asymmetric key parser 'x509' registered
[STDERR  ] 2019-03-17T18:45:48.377127068Z: [    3.060506] Block layer SCSI generic (bsg) driver version 0.4 loaded (major 247)
[STDERR  ] 2019-03-17T18:45:48.377139773Z: [    3.067137] io scheduler noop registered
[STDERR  ] 2019-03-17T18:45:48.377152454Z: [    3.070762] io scheduler deadline registered (default)
[STDERR  ] 2019-03-17T18:45:48.377166232Z: [    3.075460] io scheduler cfq registered
[STDERR  ] 2019-03-17T18:45:48.377180533Z: [    3.078951] io scheduler mq-deadline registered (default)
[STDERR  ] 2019-03-17T18:45:48.377218783Z: [    3.083776] io scheduler kyber registered
[STDERR  ] 2019-03-17T18:45:48.377232610Z: [    3.087507] shpchp: Standard Hot Plug PCI Controller Driver version: 0.4
[STDERR  ] 2019-03-17T18:45:48.377301755Z: [    3.093685] hv_vmbus: registering driver hyperv_fb
[STDERR  ] 2019-03-17T18:45:48.377315099Z: [    3.098154] input: Power Button as /devices/LNXSYSTM:00/LNXPWRBN:00/input/input0
[STDERR  ] 2019-03-17T18:45:48.377328406Z: [    3.104756] ACPI: Power Button [PWRF]
[STDERR  ] 2019-03-17T18:45:48.377342013Z: [    3.108901] PCI Interrupt Link [GSIG] enabled at IRQ 22
[STDERR  ] 2019-03-17T18:45:48.377356075Z: [    3.119407] PCI Interrupt Link [GSIH] enabled at IRQ 23
[STDERR  ] 2019-03-17T18:45:48.377369030Z: [    3.129858] Serial: 8250/16550 driver, 4 ports, IRQ sharing disabled
[STDERR  ] 2019-03-17T18:45:48.377388874Z: [    3.169524] 00:04: ttyS0 at I/O 0x3f8 (irq = 4, base_baud = 115200) is a 16550A
[STDERR  ] 2019-03-17T18:45:48.377466374Z: [    3.177018] Non-volatile memory driver v1.3
[STDERR  ] 2019-03-17T18:45:48.377486003Z: [    3.182538] Hangcheck: starting hangcheck timer 0.9.1 (tick is 180 seconds, margin is 60 seconds).
[STDERR  ] 2019-03-17T18:45:48.377506332Z: [    3.190812] random: fast init done
[STDERR  ] 2019-03-17T18:45:48.377519320Z: [    3.194753] random: crng init done
[STDERR  ] 2019-03-17T18:45:48.377532218Z: [    3.199371] brd: module loaded
[STDERR  ] 2019-03-17T18:45:48.377545571Z: [    3.204882] loop: module loaded
[STDERR  ] 2019-03-17T18:45:48.377569043Z: [    3.212072] lpc_ich 0000:00:1f.0: I/O space for GPIO uninitialized
[STDERR  ] 2019-03-17T18:45:48.377582653Z: [    3.217921] VMware PVSCSI driver - version 1.0.7.0-k
[STDERR  ] 2019-03-17T18:45:48.377596099Z: [    3.222450] hv_vmbus: registering driver hv_storvsc
[STDERR  ] 2019-03-17T18:45:48.377609280Z: [    3.227465] PCI Interrupt Link [GSIA] enabled at IRQ 16
[STDERR  ] 2019-03-17T18:45:48.377624531Z: [    3.235677] ahci 0000:00:1f.2: AHCI 0001.0000 32 slots 6 ports 1.5 Gbps 0x3f impl SATA mode
[STDERR  ] 2019-03-17T18:45:48.377639253Z: [    3.243075] ahci 0000:00:1f.2: flags: 64bit ncq only 
[STDERR  ] 2019-03-17T18:45:48.377652176Z: [    3.251398] scsi host0: ahci
[STDERR  ] 2019-03-17T18:45:48.377665047Z: [    3.259916] scsi host1: ahci
[STDERR  ] 2019-03-17T18:45:48.377678789Z: [    3.262727] scsi host2: ahci
[STDERR  ] 2019-03-17T18:45:48.377691486Z: [    3.265497] scsi host3: ahci
[STDERR  ] 2019-03-17T18:45:48.377707510Z: [    3.268259] scsi host4: ahci
[STDERR  ] 2019-03-17T18:45:48.377719791Z: [    3.271020] scsi host5: ahci
[STDERR  ] 2019-03-17T18:45:48.377733683Z: [    3.273803] ata1: SATA max UDMA/133 abar m4096@0xfebd2000 port 0xfebd2100 irq 24
[STDERR  ] 2019-03-17T18:45:48.377747378Z: [    3.280444] ata2: SATA max UDMA/133 abar m4096@0xfebd2000 port 0xfebd2180 irq 24
[STDERR  ] 2019-03-17T18:45:48.377769789Z: [    3.287174] ata3: SATA max UDMA/133 abar m4096@0xfebd2000 port 0xfebd2200 irq 24
[STDERR  ] 2019-03-17T18:45:48.377787634Z: [    3.293781] ata4: SATA max UDMA/133 abar m4096@0xfebd2000 port 0xfebd2280 irq 24
[STDERR  ] 2019-03-17T18:45:48.377812432Z: [    3.300340] ata5: SATA max UDMA/133 abar m4096@0xfebd2000 port 0xfebd2300 irq 24
[STDERR  ] 2019-03-17T18:45:48.377834504Z: [    3.306879] ata6: SATA max UDMA/133 abar m4096@0xfebd2000 port 0xfebd2380 irq 24
[STDERR  ] 2019-03-17T18:45:48.377847000Z: [    3.315864] tun: Universal TUN/TAP device driver, 1.6
[STDERR  ] 2019-03-17T18:45:48.377860306Z: [    3.325429] VMware vmxnet3 virtual NIC driver - version 1.4.16.0-k-NAPI
[STDERR  ] 2019-03-17T18:45:48.377897777Z: [    3.331403] hv_vmbus: registering driver hv_netvsc
[STDERR  ] 2019-03-17T18:45:48.377912850Z: [    3.335701] Fusion MPT base driver 3.04.20
[STDERR  ] 2019-03-17T18:45:48.377926158Z: [    3.339398] Copyright (c) 1999-2008 LSI Corporation
[STDERR  ] 2019-03-17T18:45:48.377940258Z: [    3.343767] Fusion MPT SPI Host driver 3.04.20
[STDERR  ] 2019-03-17T18:45:48.377953257Z: [    3.348004] i8042: PNP: PS/2 Controller [PNP0303:KBD,PNP0f13:MOU] at 0x60,0x64 irq 1,12
[STDERR  ] 2019-03-17T18:45:48.377997608Z: [    3.358784] serio: i8042 KBD port at 0x60,0x64 irq 1
[STDERR  ] 2019-03-17T18:45:48.378019616Z: [    3.363553] serio: i8042 AUX port at 0x60,0x64 irq 12
[STDERR  ] 2019-03-17T18:45:48.378032763Z: [    3.368199] hv_vmbus: registering driver hyperv_keyboard
[STDERR  ] 2019-03-17T18:45:48.378045841Z: [    3.373115] mousedev: PS/2 mouse device common for all mice
[STDERR  ] 2019-03-17T18:45:48.378058642Z: [    3.379479] input: AT Translated Set 2 keyboard as /devices/platform/i8042/serio0/input/input1
[STDERR  ] 2019-03-17T18:45:48.378072334Z: [    3.387215] input: PC Speaker as /devices/platform/pcspkr/input/input2
[STDERR  ] 2019-03-17T18:45:48.378085514Z: [    3.394095] rtc_cmos 00:00: RTC can wake from S4
[STDERR  ] 2019-03-17T18:45:48.378102204Z: [    3.400889] rtc_cmos 00:00: registered as rtc0
[STDERR  ] 2019-03-17T18:45:48.378119060Z: [    3.404922] rtc_cmos 00:00: alarms up to one day, y3k, 114 bytes nvram, hpet irqs
[STDERR  ] 2019-03-17T18:45:48.378132042Z: [    3.411493] i2c /dev entries driver
[STDERR  ] 2019-03-17T18:45:48.378144407Z: [    3.414799] device-mapper: ioctl: 4.39.0-ioctl (2018-04-03) initialised: dm-devel@redhat.com
[STDERR  ] 2019-03-17T18:45:48.378157573Z: [    3.428861] usbcore: registered new interface driver usbhid
[STDERR  ] 2019-03-17T18:45:48.378205860Z: [    3.433937] usbhid: USB HID core driver
[STDERR  ] 2019-03-17T18:45:48.378218567Z: [    3.437499] hv_utils: Registering HyperV Utility Driver
[STDERR  ] 2019-03-17T18:45:48.378231376Z: [    3.442176] hv_vmbus: registering driver hv_util
[STDERR  ] 2019-03-17T18:45:48.378298856Z: [    3.446329] hv_vmbus: registering driver hv_balloon
[STDERR  ] 2019-03-17T18:45:48.378313568Z: [    3.450692] oprofile: using NMI interrupt.
[STDERR  ] 2019-03-17T18:45:48.378326571Z: [    3.454457] GACT probability on
[STDERR  ] 2019-03-17T18:45:48.378341854Z: [    3.457382] Mirror/redirect action on
[STDERR  ] 2019-03-17T18:45:48.378355777Z: [    3.460715] Simple TC action Loaded
[STDERR  ] 2019-03-17T18:45:48.378369305Z: [    3.463880] u32 classifier
[STDERR  ] 2019-03-17T18:45:48.378382913Z: [    3.466372]     Performance counters on
[STDERR  ] 2019-03-17T18:45:48.378395305Z: [    3.469823]     input device check on
[STDERR  ] 2019-03-17T18:45:48.378417389Z: [    3.473286]     Actions configured
[STDERR  ] 2019-03-17T18:45:48.378431076Z: [    3.476735] xt_time: kernel timezone is -0000
[STDERR  ] 2019-03-17T18:45:48.378444383Z: [    3.480722] IPVS: Registered protocols (TCP, UDP, SCTP, AH, ESP)
[STDERR  ] 2019-03-17T18:45:48.378458708Z: [    3.486185] IPVS: Connection hash table configured (size=4096, memory=64Kbytes)
[STDERR  ] 2019-03-17T18:45:48.378472686Z: [    3.492814] IPVS: ipvs loaded.
[STDERR  ] 2019-03-17T18:45:48.378486247Z: [    3.495610] IPVS: [rr] scheduler registered.
[STDERR  ] 2019-03-17T18:45:48.378506423Z: [    3.499454] IPVS: [wrr] scheduler registered.
[STDERR  ] 2019-03-17T18:45:48.378519307Z: [    3.503368] IPVS: [lc] scheduler registered.
[STDERR  ] 2019-03-17T18:45:48.378545715Z: [    3.507222] IPVS: [wlc] scheduler registered.
[STDERR  ] 2019-03-17T18:45:48.378567615Z: [    3.511136] IPVS: [fo] scheduler registered.
[STDERR  ] 2019-03-17T18:45:48.378580678Z: [    3.514967] IPVS: [ovf] scheduler registered.
[STDERR  ] 2019-03-17T18:45:48.378594734Z: [    3.518867] IPVS: [lblc] scheduler registered.
[STDERR  ] 2019-03-17T18:45:48.378608006Z: [    3.523119] IPVS: [lblcr] scheduler registered.
[STDERR  ] 2019-03-17T18:45:48.378620774Z: [    3.527169] IPVS: [dh] scheduler registered.
[STDERR  ] 2019-03-17T18:45:48.378633594Z: [    3.531256] IPVS: [sh] scheduler registered.
[STDERR  ] 2019-03-17T18:45:48.378646397Z: [    3.535237] IPVS: [mh] scheduler registered.
[STDERR  ] 2019-03-17T18:45:48.378677140Z: [    3.539368] IPVS: [sed] scheduler registered.
[STDERR  ] 2019-03-17T18:45:48.378691292Z: [    3.543302] IPVS: [nq] scheduler registered.
[STDERR  ] 2019-03-17T18:45:48.378705460Z: [    3.547335] IPVS: ftp: loaded support on port[0] = 21
[STDERR  ] 2019-03-17T18:45:48.378719202Z: [    3.551925] ipip: IPv4 and MPLS over IPv4 tunneling driver
[STDERR  ] 2019-03-17T18:45:48.378732362Z: [    3.557213] gre: GRE over IPv4 demultiplexor driver
[STDERR  ] 2019-03-17T18:45:48.378749376Z: [    3.561749] ipt_CLUSTERIP: ClusterIP Version 0.8 loaded successfully
[STDERR  ] 2019-03-17T18:45:48.378762619Z: [    3.567712] NET: Registered protocol family 10
[STDERR  ] 2019-03-17T18:45:48.378775859Z: [    3.572122] Segment Routing with IPv6
[STDERR  ] 2019-03-17T18:45:48.378788964Z: [    3.576075] NET: Registered protocol family 17
[STDERR  ] 2019-03-17T18:45:48.378816238Z: [    3.580159] Bridge firewalling registered
[STDERR  ] 2019-03-17T18:45:48.378829398Z: [    3.584078] 8021q: 802.1Q VLAN Support v1.8
[STDERR  ] 2019-03-17T18:45:48.378841990Z: [    3.587950] 9pnet: Installing 9P2000 support
[STDERR  ] 2019-03-17T18:45:48.378855205Z: [    3.592072] Key type dns_resolver registered
[STDERR  ] 2019-03-17T18:45:48.378874551Z: [    3.596335] registered taskstats version 1
[STDERR  ] 2019-03-17T18:45:48.378887753Z: [    3.612920] Key type big_key registered
[STDERR  ] 2019-03-17T18:45:48.378904734Z: [    3.623183] Key type trusted registered
[STDERR  ] 2019-03-17T18:45:48.378917287Z: [    3.627698] ata4: SATA link down (SStatus 0 SControl 300)
[STDERR  ] 2019-03-17T18:45:48.378929720Z: [    3.633464] ata3: SATA link up 1.5 Gbps (SStatus 113 SControl 300)
[STDERR  ] 2019-03-17T18:45:48.378947301Z: [    3.639952] ata2: SATA link down (SStatus 0 SControl 300)
[STDERR  ] 2019-03-17T18:45:48.378977047Z: [    3.645541] ata1: SATA link down (SStatus 0 SControl 300)
[STDERR  ] 2019-03-17T18:45:48.378990539Z: [    3.651130] ata6: SATA link down (SStatus 0 SControl 300)
[STDERR  ] 2019-03-17T18:45:48.379003055Z: [    3.656712] ata5: SATA link down (SStatus 0 SControl 300)
[STDERR  ] 2019-03-17T18:45:48.379015609Z: [    3.663740] ata3.00: ATAPI: QEMU DVD-ROM, 2.5+, max UDMA/100
[STDERR  ] 2019-03-17T18:45:48.379029132Z: [    3.669004] ata3.00: applying bridge limits
[STDERR  ] 2019-03-17T18:45:48.379042256Z: [    3.675432] ata3.00: configured for UDMA/100
[STDERR  ] 2019-03-17T18:45:48.379054980Z: [    3.680715] scsi 2:0:0:0: CD-ROM            QEMU     QEMU DVD-ROM     2.5+ PQ: 0 ANSI: 5
[STDERR  ] 2019-03-17T18:45:48.379078012Z: [    3.689969] Key type encrypted registered
[STDERR  ] 2019-03-17T18:45:48.379090451Z: [    3.694736] ima: No TPM chip found, activating TPM-bypass!
[STDERR  ] 2019-03-17T18:45:48.379104342Z: [    3.700034] ima: Allocated hash algorithm: sha256
[STDERR  ] 2019-03-17T18:45:48.379118251Z: [    3.704382] evm: Initialising EVM extended attributes:
[STDERR  ] 2019-03-17T18:45:48.379131196Z: [    3.708982] evm: security.ima
[STDERR  ] 2019-03-17T18:45:48.379144138Z: [    3.711717] evm: security.capability
[STDERR  ] 2019-03-17T18:45:48.379157953Z: [    3.715010] evm: HMAC attrs: 0x1
[STDERR  ] 2019-03-17T18:45:48.379186475Z: [    3.718853] rtc_cmos 00:00: setting system clock to 2019-03-17 18:45:44 UTC (1552848344)
[STDERR  ] 2019-03-17T18:45:48.379200062Z: [    3.726099] Unstable clock detected, switching default tracing clock to "global"
[STDERR  ] 2019-03-17T18:45:48.379217983Z: [    3.726099] If you want to keep using the local clock, then add:
[STDERR  ] 2019-03-17T18:45:48.379231518Z: [    3.726099]   "trace_clock=local"
[STDERR  ] 2019-03-17T18:45:48.379317529Z: [    3.726099] on the kernel command line
[STDERR  ] 2019-03-17T18:45:48.379333793Z: [    3.745413] sr 2:0:0:0: [sr0] scsi3-mmc drive: 4x/4x cd/rw xa/form2 tray
[STDERR  ] 2019-03-17T18:45:48.379347154Z: [    3.751343] cdrom: Uniform CD-ROM driver Revision: 3.20
[STDERR  ] 2019-03-17T18:45:48.379360942Z: [    3.757446] sr 2:0:0:0: Attached scsi generic sg0 type 5
[STDERR  ] 2019-03-17T18:45:48.379374146Z: [    3.764377] Freeing unused kernel image memory: 1584K
[STDERR  ] 2019-03-17T18:45:48.379390989Z: [    3.770691] Write protecting the kernel read-only data: 18432k
[STDERR  ] 2019-03-17T18:45:48.379425714Z: [    3.778242] Freeing unused kernel image memory: 2036K
[STDERR  ] 2019-03-17T18:45:48.379457903Z: [    3.783119] Freeing unused kernel image memory: 1004K
[STDERR  ] 2019-03-17T18:45:48.379471415Z: [    3.787678] Run /init as init process
[STDERR  ] 2019-03-17T18:45:48.379484626Z: 
[STDERR  ] 2019-03-17T18:45:48.379497975Z: Welcome to LinuxKit
[STDERR  ] 2019-03-17T18:45:48.379511358Z: 
[STDERR  ] 2019-03-17T18:45:48.379524423Z:                         ##         .
[STDERR  ] 2019-03-17T18:45:48.379559419Z:                   ## ## ##        ==
[STDERR  ] 2019-03-17T18:45:48.379573405Z:                ## ## ## ## ##    ===
[STDERR  ] 2019-03-17T18:45:48.379586139Z:            /"""""""""""""""""\___/ ===
[STDERR  ] 2019-03-17T18:45:48.379599988Z:           {                       /  ===-
[STDERR  ] 2019-03-17T18:45:48.379613305Z:            \______ O           __/
[STDERR  ] 2019-03-17T18:45:48.379626603Z:              \    \         __/
[STDERR  ] 2019-03-17T18:45:48.379640130Z:               \____\_______/
[STDERR  ] 2019-03-17T18:45:48.379663090Z: 
[STDERR  ] 2019-03-17T18:45:48.379689406Z: [    4.307301] hello_world: loading out-of-tree module taints kernel.
[STDERR  ] 2019-03-17T18:45:48.379707094Z: [    4.313173] Hello LinuxKit
[STDERR  ] 2019-03-17T18:45:48.379720630Z: [    4.319935] Goodbye LinuxKit.
[STDERR  ] 2019-03-17T18:45:48.379733184Z: Linux linuxkit-1e02f3de1f75 4.20.15-linuxkit #1 SMP Sun Mar 10 19:42:28 UTC 2019 x86_64 Linux
[STDERR  ] 2019-03-17T18:45:48.379749486Z: filename:       hello_world.ko
[STDERR  ] 2019-03-17T18:45:48.379762802Z: author:         Rolf Neugebauer <rolf.neugebauer@docker.com>
[STDERR  ] 2019-03-17T18:45:48.379775905Z: description:    A simple Hello World kernel module for testing
[STDERR  ] 2019-03-17T18:45:48.379789212Z: license:        GPL
[STDERR  ] 2019-03-17T18:45:48.379814658Z: depends:        
[STDERR  ] 2019-03-17T18:45:48.379827540Z: vermagic:       4.20.15-linuxkit SMP mod_unload modversions RANDSTRUCT_PLUGIN_f33b34dcf451beb6b17aee923c8763338d7c140fc94ec892fbd38912be59a899
[STDERR  ] 2019-03-17T18:45:48.379841120Z: Kernel module test suite PASSED
[STDERR  ] 2019-03-17T18:45:48.379863358Z: [    7.444894] ACPI: Preparing to enter system sleep state S5
[STDERR  ] 2019-03-17T18:45:48.379877578Z: [    7.450483] reboot: Power down
[STDERR  ] 2019-03-17T18:45:48.379891017Z: + grep -q Hello LinuxKit
[STDERR  ] 2019-03-17T18:45:48.380919087Z: + echo [    0.000000] Linux version 4.20.15-linuxkit (root@905af8c3331d) (gcc version 8.2.0 (Alpine 8.2.0)) #1 SMP Sun Mar 10 19:42:28 UTC 2019
[STDERR  ] 2019-03-17T18:45:48.381010807Z: [    0.000000] Command line: console=ttyS0 console=ttyAMA0
[STDERR  ] 2019-03-17T18:45:48.381033451Z: [    0.000000] x86/fpu: x87 FPU will use FXSAVE
[STDERR  ] 2019-03-17T18:45:48.381049755Z: [    0.000000] BIOS-provided physical RAM map:
[STDERR  ] 2019-03-17T18:45:48.381066167Z: [    0.000000] BIOS-e820: [mem 0x0000000000000000-0x000000000009fbff] usable
[STDERR  ] 2019-03-17T18:45:48.381088870Z: [    0.000000] BIOS-e820: [mem 0x000000000009fc00-0x000000000009ffff] reserved
[STDERR  ] 2019-03-17T18:45:48.381101506Z: [    0.000000] BIOS-e820: [mem 0x00000000000f0000-0x00000000000fffff] reserved
[STDERR  ] 2019-03-17T18:45:48.381123027Z: [    0.000000] BIOS-e820: [mem 0x0000000000100000-0x000000003ffdefff] usable
[STDERR  ] 2019-03-17T18:45:48.381140829Z: [    0.000000] BIOS-e820: [mem 0x000000003ffdf000-0x000000003fffffff] reserved
[STDERR  ] 2019-03-17T18:45:48.381154414Z: [    0.000000] BIOS-e820: [mem 0x00000000b0000000-0x00000000bfffffff] reserved
[STDERR  ] 2019-03-17T18:45:48.381168046Z: [    0.000000] BIOS-e820: [mem 0x00000000fed1c000-0x00000000fed1ffff] reserved
[STDERR  ] 2019-03-17T18:45:48.381181714Z: [    0.000000] BIOS-e820: [mem 0x00000000feffc000-0x00000000feffffff] reserved
[STDERR  ] 2019-03-17T18:45:48.381194819Z: [    0.000000] BIOS-e820: [mem 0x00000000fffc0000-0x00000000ffffffff] reserved
[STDERR  ] 2019-03-17T18:45:48.381207937Z: [    0.000000] NX (Execute Disable) protection: active
[STDERR  ] 2019-03-17T18:45:48.381221008Z: [    0.000000] SMBIOS 2.8 present.
[STDERR  ] 2019-03-17T18:45:48.381234821Z: [    0.000000] DMI: QEMU Standard PC (Q35 + ICH9, 2009), BIOS 1.10.2-1 04/01/2014
[STDERR  ] 2019-03-17T18:45:48.381297568Z: [    0.000000] Hypervisor detected: KVM
[STDERR  ] 2019-03-17T18:45:48.381310582Z: [    0.000000] kvm-clock: Using msrs 4b564d01 and 4b564d00
[STDERR  ] 2019-03-17T18:45:48.381323531Z: [    0.551359] kvm-clock: cpu 0, msr e8c6001, primary cpu clock
[STDERR  ] 2019-03-17T18:45:48.381336866Z: [    0.551360] clocksource: kvm-clock: mask: 0xffffffffffffffff max_cycles: 0x1cd42e4dffb, max_idle_ns: 881590591483 ns
[STDERR  ] 2019-03-17T18:45:48.381351243Z: [    0.551367] tsc: Detected 2299.924 MHz processor
[STDERR  ] 2019-03-17T18:45:48.381363949Z: [    0.554661] last_pfn = 0x3ffdf max_arch_pfn = 0x400000000
[STDERR  ] 2019-03-17T18:45:48.381377030Z: [    0.555291] x86/PAT: PAT not supported by CPU.
[STDERR  ] 2019-03-17T18:45:48.381390082Z: [    0.555341] x86/PAT: Configuration [0-7]: WB  WT  UC- UC  WB  WT  UC- UC  
[STDERR  ] 2019-03-17T18:45:48.381408062Z: [    0.565477] found SMP MP-table at [mem 0x000f6a90-0x000f6a9f] mapped at [(____ptrval____)]
[STDERR  ] 2019-03-17T18:45:48.381422144Z: [    0.565783] RAMDISK: [mem 0x3df1d000-0x3ffcffff]
[STDERR  ] 2019-03-17T18:45:48.381435350Z: [    0.566008] ACPI: Early table checksum verification disabled
[STDERR  ] 2019-03-17T18:45:48.381448393Z: [    0.566137] ACPI: RSDP 0x00000000000F68D0 000014 (v00 BOCHS )
[STDERR  ] 2019-03-17T18:45:48.381461310Z: [    0.566146] ACPI: RSDT 0x000000003FFE2404 000034 (v01 BOCHS  BXPCRSDT 00000001 BXPC 00000001)
[STDERR  ] 2019-03-17T18:45:48.381474594Z: [    0.566153] ACPI: FACP 0x000000003FFE22A4 000074 (v01 BOCHS  BXPCFACP 00000001 BXPC 00000001)
[STDERR  ] 2019-03-17T18:45:48.381500601Z: [    0.566159] ACPI: DSDT 0x000000003FFE0040 002264 (v01 BOCHS  BXPCDSDT 00000001 BXPC 00000001)
[STDERR  ] 2019-03-17T18:45:48.381513919Z: [    0.566164] ACPI: FACS 0x000000003FFE0000 000040
[STDERR  ] 2019-03-17T18:45:48.381526955Z: [    0.566167] ACPI: APIC 0x000000003FFE2318 000078 (v01 BOCHS  BXPCAPIC 00000001 BXPC 00000001)
[STDERR  ] 2019-03-17T18:45:48.381545384Z: [    0.566171] ACPI: HPET 0x000000003FFE2390 000038 (v01 BOCHS  BXPCHPET 00000001 BXPC 00000001)
[STDERR  ] 2019-03-17T18:45:48.381558758Z: [    0.566175] ACPI: MCFG 0x000000003FFE23C8 00003C (v01 BOCHS  BXPCMCFG 00000001 BXPC 00000001)
[STDERR  ] 2019-03-17T18:45:48.381571775Z: [    0.567033] Zone ranges:
[STDERR  ] 2019-03-17T18:45:48.381644802Z: [    0.567036]   DMA      [mem 0x0000000000001000-0x0000000000ffffff]
[STDERR  ] 2019-03-17T18:45:48.381658452Z: [    0.567037]   DMA32    [mem 0x0000000001000000-0x000000003ffdefff]
[STDERR  ] 2019-03-17T18:45:48.381683294Z: [    0.567039]   Normal   empty
[STDERR  ] 2019-03-17T18:45:48.381697359Z: [    0.567040]   Device   empty
[STDERR  ] 2019-03-17T18:45:48.381710784Z: [    0.567041] Movable zone start for each node
[STDERR  ] 2019-03-17T18:45:48.381724260Z: [    0.567042] Early memory node ranges
[STDERR  ] 2019-03-17T18:45:48.381744052Z: [    0.567044]   node   0: [mem 0x0000000000001000-0x000000000009efff]
[STDERR  ] 2019-03-17T18:45:48.381760780Z: [    0.567045]   node   0: [mem 0x0000000000100000-0x000000003ffdefff]
[STDERR  ] 2019-03-17T18:45:48.381783481Z: [    0.567744] Zeroed struct page in unavailable ranges: 98 pages
[STDERR  ] 2019-03-17T18:45:48.381804801Z: [    0.567746] Initmem setup node 0 [mem 0x0000000000001000-0x000000003ffdefff]
[STDERR  ] 2019-03-17T18:45:48.381817980Z: [    0.580837] ACPI: PM-Timer IO Port: 0x608
[STDERR  ] 2019-03-17T18:45:48.381830799Z: [    0.580892] ACPI: LAPIC_NMI (acpi_id[0xff] dfl dfl lint[0x1])
[STDERR  ] 2019-03-17T18:45:48.381844108Z: [    0.581126] IOAPIC[0]: apic_id 0, version 17, address 0xfec00000, GSI 0-23
[STDERR  ] 2019-03-17T18:45:48.381856917Z: [    0.581129] ACPI: INT_SRC_OVR (bus 0 bus_irq 0 global_irq 2 dfl dfl)
[STDERR  ] 2019-03-17T18:45:48.381870103Z: [    0.581131] ACPI: INT_SRC_OVR (bus 0 bus_irq 5 global_irq 5 high level)
[STDERR  ] 2019-03-17T18:45:48.381883057Z: [    0.581133] ACPI: INT_SRC_OVR (bus 0 bus_irq 9 global_irq 9 high level)
[STDERR  ] 2019-03-17T18:45:48.381896074Z: [    0.581134] ACPI: INT_SRC_OVR (bus 0 bus_irq 10 global_irq 10 high level)
[STDERR  ] 2019-03-17T18:45:48.381921015Z: [    0.581136] ACPI: INT_SRC_OVR (bus 0 bus_irq 11 global_irq 11 high level)
[STDERR  ] 2019-03-17T18:45:48.381938097Z: [    0.581143] Using ACPI (MADT) for SMP configuration information
[STDERR  ] 2019-03-17T18:45:48.381951028Z: [    0.581145] ACPI: HPET id: 0x8086a201 base: 0xfed00000
[STDERR  ] 2019-03-17T18:45:48.381964206Z: [    0.581194] smpboot: Allowing 1 CPUs, 0 hotplug CPUs
[STDERR  ] 2019-03-17T18:45:48.381977641Z: [    0.581302] [mem 0x40000000-0xafffffff] available for PCI devices
[STDERR  ] 2019-03-17T18:45:48.381997899Z: [    0.581304] Booting paravirtualized kernel on KVM
[STDERR  ] 2019-03-17T18:45:48.382011253Z: [    0.581307] clocksource: refined-jiffies: mask: 0xffffffff max_cycles: 0xffffffff, max_idle_ns: 1910969940391419 ns
[STDERR  ] 2019-03-17T18:45:48.382024966Z: [    0.720075] random: get_random_bytes called from start_kernel+0x91/0x4fc with crng_init=0
[STDERR  ] 2019-03-17T18:45:48.382038063Z: [    0.720098] setup_percpu: NR_CPUS:128 nr_cpumask_bits:128 nr_cpu_ids:1 nr_node_ids:1
[STDERR  ] 2019-03-17T18:45:48.382054747Z: [    0.720997] percpu: Embedded 45 pages/cpu @(____ptrval____) s144664 r8192 d31464 u2097152
[STDERR  ] 2019-03-17T18:45:48.382073423Z: [    0.721116] KVM setup async PF for cpu 0
[STDERR  ] 2019-03-17T18:45:48.382086339Z: [    0.721168] kvm-stealtime: cpu 0, msr 3ca15e80
[STDERR  ] 2019-03-17T18:45:48.382103822Z: [    0.721190] Built 1 zonelists, mobility grouping on.  Total pages: 257896
[STDERR  ] 2019-03-17T18:45:48.382117326Z: [    0.721193] Kernel command line: console=ttyS0 console=ttyAMA0
[STDERR  ] 2019-03-17T18:45:48.382130213Z: [    0.721458] Dentry cache hash table entries: 131072 (order: 8, 1048576 bytes)
[STDERR  ] 2019-03-17T18:45:48.382146447Z: [    0.722062] Inode-cache hash table entries: 65536 (order: 7, 524288 bytes)
[STDERR  ] 2019-03-17T18:45:48.382159877Z: [    0.726126] Memory: 968732K/1048052K available (12292K kernel code, 1552K rwdata, 3092K rodata, 1584K init, 1348K bss, 79320K reserved, 0K cma-reserved)
[STDERR  ] 2019-03-17T18:45:48.382177731Z: [    0.726954] Kernel/User page tables isolation: enabled
[STDERR  ] 2019-03-17T18:45:48.382190941Z: [    0.726978] ftrace: allocating 43274 entries in 170 pages
[STDERR  ] 2019-03-17T18:45:48.382206905Z: [    0.747973] rcu: Hierarchical RCU implementation.
[STDERR  ] 2019-03-17T18:45:48.382227535Z: [    0.747976] rcu: 	RCU restricting CPUs from NR_CPUS=128 to nr_cpu_ids=1.
[STDERR  ] 2019-03-17T18:45:48.382279873Z: [    0.747979] rcu: RCU calculated value of scheduler-enlistment delay is 100 jiffies.
[STDERR  ] 2019-03-17T18:45:48.382297601Z: [    0.747980] rcu: Adjusting geometry for rcu_fanout_leaf=16, nr_cpu_ids=1
[STDERR  ] 2019-03-17T18:45:48.382310417Z: [    0.750881] NR_IRQS: 8448, nr_irqs: 256, preallocated irqs: 16
[STDERR  ] 2019-03-17T18:45:48.382333925Z: [    0.777546] Console: colour VGA+ 80x25
[STDERR  ] 2019-03-17T18:45:48.382347160Z: [    1.215924] printk: console [ttyS0] enabled
[STDERR  ] 2019-03-17T18:45:48.382360037Z: [    1.219678] ACPI: Core revision 20181003
[STDERR  ] 2019-03-17T18:45:48.382385602Z: [    1.224039] clocksource: hpet: mask: 0xffffffff max_cycles: 0xffffffff, max_idle_ns: 19112604467 ns
[STDERR  ] 2019-03-17T18:45:48.382399651Z: [    1.232642] APIC: Switch to symmetric I/O mode setup
[STDERR  ] 2019-03-17T18:45:48.382412788Z: [    1.239739] x2apic enabled
[STDERR  ] 2019-03-17T18:45:48.382429182Z: [    1.244364] Switched APIC routing to physical x2apic.
[STDERR  ] 2019-03-17T18:45:48.382445634Z: [    1.258571] ..TIMER: vector=0x30 apic1=0 pin1=2 apic2=-1 pin2=-1
[STDERR  ] 2019-03-17T18:45:48.382458765Z: [    1.264157] clocksource: tsc-early: mask: 0xffffffffffffffff max_cycles: 0x2126ed38629, max_idle_ns: 440795218029 ns
[STDERR  ] 2019-03-17T18:45:48.382471861Z: [    1.273604] Calibrating delay loop (skipped) preset value.. 4599.84 BogoMIPS (lpj=2299924)
[STDERR  ] 2019-03-17T18:45:48.382491064Z: [    1.274578] pid_max: default: 32768 minimum: 301
[STDERR  ] 2019-03-17T18:45:48.382504023Z: [    1.275668] LSM: Security Framework initializing
[STDERR  ] 2019-03-17T18:45:48.382549737Z: [    1.277574] Yama: becoming mindful.
[STDERR  ] 2019-03-17T18:45:48.382562690Z: [    1.278636] Mount-cache hash table entries: 2048 (order: 2, 16384 bytes)
[STDERR  ] 2019-03-17T18:45:48.382575768Z: [    1.279581] Mountpoint-cache hash table entries: 2048 (order: 2, 16384 bytes)
[STDERR  ] 2019-03-17T18:45:48.382588661Z: [    1.283628] Last level iTLB entries: 4KB 0, 2MB 0, 4MB 0
[STDERR  ] 2019-03-17T18:45:48.382601808Z: [    1.284578] Last level dTLB entries: 4KB 0, 2MB 0, 4MB 0, 1GB 0
[STDERR  ] 2019-03-17T18:45:48.382614881Z: [    1.285577] Spectre V2 : Mitigation: Full generic retpoline
[STDERR  ] 2019-03-17T18:45:48.382627870Z: [    1.286576] Spectre V2 : Spectre v2 / SpectreRSB mitigation: Filling RSB on context switch
[STDERR  ] 2019-03-17T18:45:48.382641000Z: [    1.288573] Speculative Store Bypass: Vulnerable
[STDERR  ] 2019-03-17T18:45:48.382654238Z: [    1.299475] Freeing SMP alternatives memory: 20K
[STDERR  ] 2019-03-17T18:45:48.382667419Z: [    1.301569] smpboot: CPU0: Intel QEMU Virtual CPU version 2.5+ (family: 0x6, model: 0x6, stepping: 0x3)
[STDERR  ] 2019-03-17T18:45:48.382680664Z: [    1.301770] Performance Events: PMU not available due to virtualization, using software events only.
[STDERR  ] 2019-03-17T18:45:48.382693999Z: [    1.303876] rcu: Hierarchical SRCU implementation.
[STDERR  ] 2019-03-17T18:45:48.382707221Z: [    1.304698] NMI watchdog: Perf NMI watchdog permanently disabled
[STDERR  ] 2019-03-17T18:45:48.382723226Z: [    1.306632] smp: Bringing up secondary CPUs ...
[STDERR  ] 2019-03-17T18:45:48.382736142Z: [    1.307576] smp: Brought up 1 node, 1 CPU
[STDERR  ] 2019-03-17T18:45:48.382749299Z: [    1.308574] smpboot: Max logical packages: 1
[STDERR  ] 2019-03-17T18:45:48.382767903Z: [    1.309574] smpboot: Total of 1 processors activated (4599.84 BogoMIPS)
[STDERR  ] 2019-03-17T18:45:48.382781011Z: [    1.311657] devtmpfs: initialized
[STDERR  ] 2019-03-17T18:45:48.382800952Z: [    1.312658] x86/mm: Memory block size: 128MB
[STDERR  ] 2019-03-17T18:45:48.382817605Z: [    1.314003] clocksource: jiffies: mask: 0xffffffff max_cycles: 0xffffffff, max_idle_ns: 1911260446275000 ns
[STDERR  ] 2019-03-17T18:45:48.382831735Z: [    1.314585] futex hash table entries: 256 (order: 2, 16384 bytes)
[STDERR  ] 2019-03-17T18:45:48.382844655Z: [    1.316832] NET: Registered protocol family 16
[STDERR  ] 2019-03-17T18:45:48.382857742Z: [    1.317746] audit: initializing netlink subsys (disabled)
[STDERR  ] 2019-03-17T18:45:48.382877975Z: [    1.318660] audit: type=2000 audit(1552848341.215:1): state=initialized audit_enabled=0 res=1
[STDERR  ] 2019-03-17T18:45:48.382910983Z: [    1.319695] cpuidle: using governor ladder
[STDERR  ] 2019-03-17T18:45:48.382929348Z: [    1.320577] cpuidle: using governor menu
[STDERR  ] 2019-03-17T18:45:48.382947554Z: [    1.321729] ACPI: bus type PCI registered
[STDERR  ] 2019-03-17T18:45:48.382966344Z: [    1.323054] PCI: MMCONFIG for domain 0000 [bus 00-ff] at [mem 0xb0000000-0xbfffffff] (base 0xb0000000)
[STDERR  ] 2019-03-17T18:45:48.382994422Z: [    1.323584] PCI: MMCONFIG at [mem 0xb0000000-0xbfffffff] reserved in E820
[STDERR  ] 2019-03-17T18:45:48.383007839Z: [    1.324598] PCI: Using configuration type 1 for base access
[STDERR  ] 2019-03-17T18:45:48.383020908Z: [    1.327932] HugeTLB registered 2.00 MiB page size, pre-allocated 0 pages
[STDERR  ] 2019-03-17T18:45:48.383036774Z: [    1.328766] cryptd: max_cpu_qlen set to 1000
[STDERR  ] 2019-03-17T18:45:48.383069799Z: [    1.329780] ACPI: Added _OSI(Module Device)
[STDERR  ] 2019-03-17T18:45:48.383086825Z: [    1.330578] ACPI: Added _OSI(Processor Device)
[STDERR  ] 2019-03-17T18:45:48.383099988Z: [    1.331576] ACPI: Added _OSI(3.0 _SCP Extensions)
[STDERR  ] 2019-03-17T18:45:48.383112842Z: [    1.332580] ACPI: Added _OSI(Processor Aggregator Device)
[STDERR  ] 2019-03-17T18:45:48.383130562Z: [    1.333602] ACPI: Added _OSI(Linux-Dell-Video)
[STDERR  ] 2019-03-17T18:45:48.383143964Z: [    1.334577] ACPI: Added _OSI(Linux-Lenovo-NV-HDMI-Audio)
[STDERR  ] 2019-03-17T18:45:48.383157116Z: [    1.337806] ACPI: 1 ACPI AML tables successfully acquired and loaded
[STDERR  ] 2019-03-17T18:45:48.383174544Z: [    1.340773] ACPI: Interpreter enabled
[STDERR  ] 2019-03-17T18:45:48.383187910Z: [    1.341589] ACPI: (supports S0 S5)
[STDERR  ] 2019-03-17T18:45:48.383201495Z: [    1.342578] ACPI: Using IOAPIC for interrupt routing
[STDERR  ] 2019-03-17T18:45:48.383234052Z: [    1.343649] PCI: Using host bridge windows from ACPI; if necessary, use "pci=nocrs" and report a bug
[STDERR  ] 2019-03-17T18:45:48.383301427Z: [    1.344805] ACPI: Enabled 2 GPEs in block 00 to 3F
[STDERR  ] 2019-03-17T18:45:48.383315253Z: [    1.350188] ACPI: PCI Root Bridge [PCI0] (domain 0000 [bus 00-ff])
[STDERR  ] 2019-03-17T18:45:48.383329373Z: [    1.350588] acpi PNP0A08:00: _OSC: OS supports [ExtendedConfig ASPM ClockPM Segments MSI]
[STDERR  ] 2019-03-17T18:45:48.383343082Z: [    1.351700] acpi PNP0A08:00: _OSC: platform does not support [SHPCHotplug LTR]
[STDERR  ] 2019-03-17T18:45:48.383356877Z: [    1.352678] acpi PNP0A08:00: _OSC: OS now controls [PCIeHotplug PME PCIeCapability]
[STDERR  ] 2019-03-17T18:45:48.383370387Z: [    1.353664] PCI host bridge to bus 0000:00
[STDERR  ] 2019-03-17T18:45:48.383383715Z: [    1.354578] pci_bus 0000:00: root bus resource [io  0x0000-0x0cf7 window]
[STDERR  ] 2019-03-17T18:45:48.383396618Z: [    1.355577] pci_bus 0000:00: root bus resource [io  0x0d00-0xffff window]
[STDERR  ] 2019-03-17T18:45:48.383409741Z: [    1.356579] pci_bus 0000:00: root bus resource [mem 0x000a0000-0x000bffff window]
[STDERR  ] 2019-03-17T18:45:48.383422739Z: [    1.357577] pci_bus 0000:00: root bus resource [mem 0xc0000000-0xfebfffff window]
[STDERR  ] 2019-03-17T18:45:48.383443604Z: [    1.358577] pci_bus 0000:00: root bus resource [bus 00-ff]
[STDERR  ] 2019-03-17T18:45:48.383465095Z: [    1.431299] pci 0000:00:1f.0: quirk: [io  0x0600-0x067f] claimed by ICH6 ACPI/GPIO/TCO
[STDERR  ] 2019-03-17T18:45:48.383488666Z: [    1.459999] ACPI: PCI Interrupt Link [LNKA] (IRQs 5 *10 11)
[STDERR  ] 2019-03-17T18:45:48.383506399Z: [    1.460883] ACPI: PCI Interrupt Link [LNKB] (IRQs 5 *10 11)
[STDERR  ] 2019-03-17T18:45:48.383519513Z: [    1.461888] ACPI: PCI Interrupt Link [LNKC] (IRQs 5 10 *11)
[STDERR  ] 2019-03-17T18:45:48.383532577Z: [    1.462870] ACPI: PCI Interrupt Link [LNKD] (IRQs 5 10 *11)
[STDERR  ] 2019-03-17T18:45:48.383550203Z: [    1.464735] ACPI: PCI Interrupt Link [LNKE] (IRQs 5 *10 11)
[STDERR  ] 2019-03-17T18:45:48.383563166Z: [    1.465867] ACPI: PCI Interrupt Link [LNKF] (IRQs 5 *10 11)
[STDERR  ] 2019-03-17T18:45:48.383586163Z: [    1.466873] ACPI: PCI Interrupt Link [LNKG] (IRQs 5 10 *11)
[STDERR  ] 2019-03-17T18:45:48.383600195Z: [    1.468732] ACPI: PCI Interrupt Link [LNKH] (IRQs 5 10 *11)
[STDERR  ] 2019-03-17T18:45:48.383613344Z: [    1.469726] ACPI: PCI Interrupt Link [GSIA] (IRQs *16)
[STDERR  ] 2019-03-17T18:45:48.383636834Z: [    1.470596] ACPI: PCI Interrupt Link [GSIB] (IRQs *17)
[STDERR  ] 2019-03-17T18:45:48.383654739Z: [    1.471594] ACPI: PCI Interrupt Link [GSIC] (IRQs *18)
[STDERR  ] 2019-03-17T18:45:48.383672648Z: [    1.472593] ACPI: PCI Interrupt Link [GSID] (IRQs *19)
[STDERR  ] 2019-03-17T18:45:48.383690208Z: [    1.473603] ACPI: PCI Interrupt Link [GSIE] (IRQs *20)
[STDERR  ] 2019-03-17T18:45:48.383703618Z: [    1.474596] ACPI: PCI Interrupt Link [GSIF] (IRQs *21)
[STDERR  ] 2019-03-17T18:45:48.383721093Z: [    1.475596] ACPI: PCI Interrupt Link [GSIG] (IRQs *22)
[STDERR  ] 2019-03-17T18:45:48.383737598Z: [    1.477590] ACPI: PCI Interrupt Link [GSIH] (IRQs *23)
[STDERR  ] 2019-03-17T18:45:48.383753794Z: [    1.479816] SCSI subsystem initialized
[STDERR  ] 2019-03-17T18:45:48.383785854Z: [    1.480697] ACPI: bus type USB registered
[STDERR  ] 2019-03-17T18:45:48.383806233Z: [    1.481625] usbcore: registered new interface driver usbfs
[STDERR  ] 2019-03-17T18:45:48.383820152Z: [    1.482618] usbcore: registered new interface driver hub
[STDERR  ] 2019-03-17T18:45:48.383839557Z: [    1.483616] usbcore: registered new device driver usb
[STDERR  ] 2019-03-17T18:45:48.383852517Z: [    1.484614] pps_core: LinuxPPS API ver. 1 registered
[STDERR  ] 2019-03-17T18:45:48.383866071Z: [    1.485576] pps_core: Software ver. 5.3.6 - Copyright 2005-2007 Rodolfo Giometti <giometti@linux.it>
[STDERR  ] 2019-03-17T18:45:48.383880289Z: [    1.486593] PTP clock support registered
[STDERR  ] 2019-03-17T18:45:48.383901462Z: [    1.487696] PCI: Using ACPI for IRQ routing
[STDERR  ] 2019-03-17T18:45:48.383914866Z: [    1.937573] NetLabel: Initializing
[STDERR  ] 2019-03-17T18:45:48.383928229Z: [    1.938573] NetLabel:  domain hash size = 128
[STDERR  ] 2019-03-17T18:45:48.383941492Z: [    1.939572] NetLabel:  protocols = UNLABELED CIPSOv4 CALIPSO
[STDERR  ] 2019-03-17T18:45:48.383954593Z: [    1.940615] NetLabel:  unlabeled traffic allowed by default
[STDERR  ] 2019-03-17T18:45:48.383971197Z: [    1.941763] HPET: 3 timers in total, 0 timers will be used for per-cpu timer
[STDERR  ] 2019-03-17T18:45:48.383984323Z: [    1.942704] hpet0: at MMIO 0xfed00000, IRQs 2, 8, 0
[STDERR  ] 2019-03-17T18:45:48.383997364Z: [    1.944577] hpet0: 3 comparators, 64-bit 100.000000 MHz counter
[STDERR  ] 2019-03-17T18:45:48.384010566Z: [    1.948619] clocksource: Switched to clocksource kvm-clock
[STDERR  ] 2019-03-17T18:45:48.384023396Z: [    1.978508] VFS: Disk quotas dquot_6.6.0
[STDERR  ] 2019-03-17T18:45:48.384040126Z: [    1.982198] VFS: Dquot-cache hash table entries: 512 (order 0, 4096 bytes)
[STDERR  ] 2019-03-17T18:45:48.384053423Z: [    1.988420] FS-Cache: Loaded
[STDERR  ] 2019-03-17T18:45:48.384071413Z: [    1.991193] CacheFiles: Loaded
[STDERR  ] 2019-03-17T18:45:48.384087983Z: [    1.994062] pnp: PnP ACPI init
[STDERR  ] 2019-03-17T18:45:48.384102322Z: [    1.997996] pnp: PnP ACPI: found 5 devices
[STDERR  ] 2019-03-17T18:45:48.384118166Z: [    2.008357] clocksource: acpi_pm: mask: 0xffffff max_cycles: 0xffffff, max_idle_ns: 2085701024 ns
[STDERR  ] 2019-03-17T18:45:48.384131552Z: [    2.016420] NET: Registered protocol family 2
[STDERR  ] 2019-03-17T18:45:48.384149098Z: [    2.021392] tcp_listen_portaddr_hash hash table entries: 512 (order: 1, 8192 bytes)
[STDERR  ] 2019-03-17T18:45:48.384167740Z: [    2.028248] TCP established hash table entries: 8192 (order: 4, 65536 bytes)
[STDERR  ] 2019-03-17T18:45:48.384180978Z: [    2.034654] TCP bind hash table entries: 8192 (order: 5, 131072 bytes)
[STDERR  ] 2019-03-17T18:45:48.384211514Z: [    2.040574] TCP: Hash tables configured (established 8192 bind 8192)
[STDERR  ] 2019-03-17T18:45:48.384229036Z: [    2.046346] UDP hash table entries: 512 (order: 2, 16384 bytes)
[STDERR  ] 2019-03-17T18:45:48.384290429Z: [    2.051693] UDP-Lite hash table entries: 512 (order: 2, 16384 bytes)
[STDERR  ] 2019-03-17T18:45:48.384304239Z: [    2.057507] NET: Registered protocol family 1
[STDERR  ] 2019-03-17T18:45:48.384317839Z: [    2.061450] NET: Registered protocol family 44
[STDERR  ] 2019-03-17T18:45:48.384337591Z: [    2.065861] pci 0000:00:01.0: Video device with shadowed ROM at [mem 0x000c0000-0x000dffff]
[STDERR  ] 2019-03-17T18:45:48.384351444Z: [    2.073720] Trying to unpack rootfs image as initramfs...
[STDERR  ] 2019-03-17T18:45:48.384374932Z: [    2.781403] Freeing initrd memory: 33484K
[STDERR  ] 2019-03-17T18:45:48.384388511Z: [    2.785343] clocksource: tsc: mask: 0xffffffffffffffff max_cycles: 0x2126ed38629, max_idle_ns: 440795218029 ns
[STDERR  ] 2019-03-17T18:45:48.384438162Z: [    2.839896] PCLMULQDQ-NI instructions are not detected.
[STDERR  ] 2019-03-17T18:45:48.384455607Z: [    2.846644] AVX or AES-NI instructions are not detected.
[STDERR  ] 2019-03-17T18:45:48.384468757Z: [    2.851468] CPU feature 'AVX registers' is not supported.
[STDERR  ] 2019-03-17T18:45:48.384553016Z: [    2.856323] CPU feature 'AVX registers' is not supported.
[STDERR  ] 2019-03-17T18:45:48.384566444Z: [    2.861225] CPU feature 'AVX registers' is not supported.
[STDERR  ] 2019-03-17T18:45:48.384579425Z: [    2.866058] CPU feature 'AVX registers' is not supported.
[STDERR  ] 2019-03-17T18:45:48.384592433Z: [    2.871043] AVX2 or AES-NI instructions are not detected.
[STDERR  ] 2019-03-17T18:45:48.384626814Z: [    2.875864] AVX2 instructions are not detected.
[STDERR  ] 2019-03-17T18:45:48.384640339Z: [    2.880580] workingset: timestamp_bits=46 max_order=18 bucket_order=0
[STDERR  ] 2019-03-17T18:45:48.384653673Z: [    2.886935] squashfs: version 4.0 (2009/01/31) Phillip Lougher
[STDERR  ] 2019-03-17T18:45:48.384666615Z: [    2.892400] FS-Cache: Netfs 'cifs' registered for caching
[STDERR  ] 2019-03-17T18:45:48.384725597Z: [    2.897424] fuse init (API version 7.28)
[STDERR  ] 2019-03-17T18:45:48.384738210Z: [    2.901157] SGI XFS with ACLs, security attributes, no debug enabled
[STDERR  ] 2019-03-17T18:45:48.384750870Z: [    2.907011] 9p: Installing v9fs 9p2000 file system support
[STDERR  ] 2019-03-17T18:45:48.384763804Z: [    2.911931] FS-Cache: Netfs '9p' registered for caching
[STDERR  ] 2019-03-17T18:45:48.384776817Z: [    3.048117] NET: Registered protocol family 38
[STDERR  ] 2019-03-17T18:45:48.384796420Z: [    3.052320] Key type asymmetric registered
[STDERR  ] 2019-03-17T18:45:48.384815966Z: [    3.056032] Asymmetric key parser 'x509' registered
[STDERR  ] 2019-03-17T18:45:48.384829647Z: [    3.060506] Block layer SCSI generic (bsg) driver version 0.4 loaded (major 247)
[STDERR  ] 2019-03-17T18:45:48.384862474Z: [    3.067137] io scheduler noop registered
[STDERR  ] 2019-03-17T18:45:48.384875671Z: [    3.070762] io scheduler deadline registered (default)
[STDERR  ] 2019-03-17T18:45:48.384891586Z: [    3.075460] io scheduler cfq registered
[STDERR  ] 2019-03-17T18:45:48.384904637Z: [    3.078951] io scheduler mq-deadline registered (default)
[STDERR  ] 2019-03-17T18:45:48.384918100Z: [    3.083776] io scheduler kyber registered
[STDERR  ] 2019-03-17T18:45:48.384931189Z: [    3.087507] shpchp: Standard Hot Plug PCI Controller Driver version: 0.4
[STDERR  ] 2019-03-17T18:45:48.384963323Z: [    3.093685] hv_vmbus: registering driver hyperv_fb
[STDERR  ] 2019-03-17T18:45:48.384978143Z: [    3.098154] input: Power Button as /devices/LNXSYSTM:00/LNXPWRBN:00/input/input0
[STDERR  ] 2019-03-17T18:45:48.384992036Z: [    3.104756] ACPI: Power Button [PWRF]
[STDERR  ] 2019-03-17T18:45:48.385005462Z: [    3.108901] PCI Interrupt Link [GSIG] enabled at IRQ 22
[STDERR  ] 2019-03-17T18:45:48.385022512Z: [    3.119407] PCI Interrupt Link [GSIH] enabled at IRQ 23
[STDERR  ] 2019-03-17T18:45:48.385035313Z: [    3.129858] Serial: 8250/16550 driver, 4 ports, IRQ sharing disabled
[STDERR  ] 2019-03-17T18:45:48.385048302Z: [    3.169524] 00:04: ttyS0 at I/O 0x3f8 (irq = 4, base_baud = 115200) is a 16550A
[STDERR  ] 2019-03-17T18:45:48.385061036Z: [    3.177018] Non-volatile memory driver v1.3
[STDERR  ] 2019-03-17T18:45:48.385074842Z: [    3.182538] Hangcheck: starting hangcheck timer 0.9.1 (tick is 180 seconds, margin is 60 seconds).
[STDERR  ] 2019-03-17T18:45:48.385097629Z: [    3.190812] random: fast init done
[STDERR  ] 2019-03-17T18:45:48.385111432Z: [    3.194753] random: crng init done
[STDERR  ] 2019-03-17T18:45:48.385124554Z: [    3.199371] brd: module loaded
[STDERR  ] 2019-03-17T18:45:48.385143498Z: [    3.204882] loop: module loaded
[STDERR  ] 2019-03-17T18:45:48.385156502Z: [    3.212072] lpc_ich 0000:00:1f.0: I/O space for GPIO uninitialized
[STDERR  ] 2019-03-17T18:45:48.385179101Z: [    3.217921] VMware PVSCSI driver - version 1.0.7.0-k
[STDERR  ] 2019-03-17T18:45:48.385192006Z: [    3.222450] hv_vmbus: registering driver hv_storvsc
[STDERR  ] 2019-03-17T18:45:48.385204615Z: [    3.227465] PCI Interrupt Link [GSIA] enabled at IRQ 16
[STDERR  ] 2019-03-17T18:45:48.385302595Z: [    3.235677] ahci 0000:00:1f.2: AHCI 0001.0000 32 slots 6 ports 1.5 Gbps 0x3f impl SATA mode
[STDERR  ] 2019-03-17T18:45:48.385331746Z: [    3.243075] ahci 0000:00:1f.2: flags: 64bit ncq only 
[STDERR  ] 2019-03-17T18:45:48.385344256Z: [    3.251398] scsi host0: ahci
[STDERR  ] 2019-03-17T18:45:48.385357137Z: [    3.259916] scsi host1: ahci
[STDERR  ] 2019-03-17T18:45:48.385370308Z: [    3.262727] scsi host2: ahci
[STDERR  ] 2019-03-17T18:45:48.385382840Z: [    3.265497] scsi host3: ahci
[STDERR  ] 2019-03-17T18:45:48.385397274Z: [    3.268259] scsi host4: ahci
[STDERR  ] 2019-03-17T18:45:48.385410527Z: [    3.271020] scsi host5: ahci
[STDERR  ] 2019-03-17T18:45:48.385423589Z: [    3.273803] ata1: SATA max UDMA/133 abar m4096@0xfebd2000 port 0xfebd2100 irq 24
[STDERR  ] 2019-03-17T18:45:48.385452448Z: [    3.280444] ata2: SATA max UDMA/133 abar m4096@0xfebd2000 port 0xfebd2180 irq 24
[STDERR  ] 2019-03-17T18:45:48.385474863Z: [    3.287174] ata3: SATA max UDMA/133 abar m4096@0xfebd2000 port 0xfebd2200 irq 24
[STDERR  ] 2019-03-17T18:45:48.385488341Z: [    3.293781] ata4: SATA max UDMA/133 abar m4096@0xfebd2000 port 0xfebd2280 irq 24
[STDERR  ] 2019-03-17T18:45:48.385501177Z: [    3.300340] ata5: SATA max UDMA/133 abar m4096@0xfebd2000 port 0xfebd2300 irq 24
[STDERR  ] 2019-03-17T18:45:48.385514805Z: [    3.306879] ata6: SATA max UDMA/133 abar m4096@0xfebd2000 port 0xfebd2380 irq 24
[STDERR  ] 2019-03-17T18:45:48.385528401Z: [    3.315864] tun: Universal TUN/TAP device driver, 1.6
[STDERR  ] 2019-03-17T18:45:48.385551019Z: [    3.325429] VMware vmxnet3 virtual NIC driver - version 1.4.16.0-k-NAPI
[STDERR  ] 2019-03-17T18:45:48.385563719Z: [    3.331403] hv_vmbus: registering driver hv_netvsc
[STDERR  ] 2019-03-17T18:45:48.385580711Z: [    3.335701] Fusion MPT base driver 3.04.20
[STDERR  ] 2019-03-17T18:45:48.385604173Z: [    3.339398] Copyright (c) 1999-2008 LSI Corporation
[STDERR  ] 2019-03-17T18:45:48.385617284Z: [    3.343767] Fusion MPT SPI Host driver 3.04.20
[STDERR  ] 2019-03-17T18:45:48.385636145Z: [    3.348004] i8042: PNP: PS/2 Controller [PNP0303:KBD,PNP0f13:MOU] at 0x60,0x64 irq 1,12
[STDERR  ] 2019-03-17T18:45:48.385649534Z: [    3.358784] serio: i8042 KBD port at 0x60,0x64 irq 1
[STDERR  ] 2019-03-17T18:45:48.385666663Z: [    3.363553] serio: i8042 AUX port at 0x60,0x64 irq 12
[STDERR  ] 2019-03-17T18:45:48.385679744Z: [    3.368199] hv_vmbus: registering driver hyperv_keyboard
[STDERR  ] 2019-03-17T18:45:48.385700315Z: [    3.373115] mousedev: PS/2 mouse device common for all mice
[STDERR  ] 2019-03-17T18:45:48.385713449Z: [    3.379479] input: AT Translated Set 2 keyboard as /devices/platform/i8042/serio0/input/input1
[STDERR  ] 2019-03-17T18:45:48.385727274Z: [    3.387215] input: PC Speaker as /devices/platform/pcspkr/input/input2
[STDERR  ] 2019-03-17T18:45:48.385739498Z: [    3.394095] rtc_cmos 00:00: RTC can wake from S4
[STDERR  ] 2019-03-17T18:45:48.385752153Z: [    3.400889] rtc_cmos 00:00: registered as rtc0
[STDERR  ] 2019-03-17T18:45:48.385764827Z: [    3.404922] rtc_cmos 00:00: alarms up to one day, y3k, 114 bytes nvram, hpet irqs
[STDERR  ] 2019-03-17T18:45:48.385777593Z: [    3.411493] i2c /dev entries driver
[STDERR  ] 2019-03-17T18:45:48.385800057Z: [    3.414799] device-mapper: ioctl: 4.39.0-ioctl (2018-04-03) initialised: dm-devel@redhat.com
[STDERR  ] 2019-03-17T18:45:48.385821186Z: [    3.428861] usbcore: registered new interface driver usbhid
[STDERR  ] 2019-03-17T18:45:48.385834172Z: [    3.433937] usbhid: USB HID core driver
[STDERR  ] 2019-03-17T18:45:48.385846909Z: [    3.437499] hv_utils: Registering HyperV Utility Driver
[STDERR  ] 2019-03-17T18:45:48.385863955Z: [    3.442176] hv_vmbus: registering driver hv_util
[STDERR  ] 2019-03-17T18:45:48.385881268Z: [    3.446329] hv_vmbus: registering driver hv_balloon
[STDERR  ] 2019-03-17T18:45:48.385931904Z: [    3.450692] oprofile: using NMI interrupt.
[STDERR  ] 2019-03-17T18:45:48.385945368Z: [    3.454457] GACT probability on
[STDERR  ] 2019-03-17T18:45:48.385958845Z: [    3.457382] Mirror/redirect action on
[STDERR  ] 2019-03-17T18:45:48.385971869Z: [    3.460715] Simple TC action Loaded
[STDERR  ] 2019-03-17T18:45:48.385984585Z: [    3.463880] u32 classifier
[STDERR  ] 2019-03-17T18:45:48.385997016Z: [    3.466372]     Performance counters on
[STDERR  ] 2019-03-17T18:45:48.386009489Z: [    3.469823]     input device check on
[STDERR  ] 2019-03-17T18:45:48.386022245Z: [    3.473286]     Actions configured
[STDERR  ] 2019-03-17T18:45:48.386034844Z: [    3.476735] xt_time: kernel timezone is -0000
[STDERR  ] 2019-03-17T18:45:48.386047471Z: [    3.480722] IPVS: Registered protocols (TCP, UDP, SCTP, AH, ESP)
[STDERR  ] 2019-03-17T18:45:48.386060651Z: [    3.486185] IPVS: Connection hash table configured (size=4096, memory=64Kbytes)
[STDERR  ] 2019-03-17T18:45:48.386072628Z: [    3.492814] IPVS: ipvs loaded.
[STDERR  ] 2019-03-17T18:45:48.386084958Z: [    3.495610] IPVS: [rr] scheduler registered.
[STDERR  ] 2019-03-17T18:45:48.386123057Z: [    3.499454] IPVS: [wrr] scheduler registered.
[STDERR  ] 2019-03-17T18:45:48.386155646Z: [    3.503368] IPVS: [lc] scheduler registered.
[STDERR  ] 2019-03-17T18:45:48.386168942Z: [    3.507222] IPVS: [wlc] scheduler registered.
[STDERR  ] 2019-03-17T18:45:48.386188797Z: [    3.511136] IPVS: [fo] scheduler registered.
[STDERR  ] 2019-03-17T18:45:48.386206864Z: [    3.514967] IPVS: [ovf] scheduler registered.
[STDERR  ] 2019-03-17T18:45:48.386220013Z: [    3.518867] IPVS: [lblc] scheduler registered.
[STDERR  ] 2019-03-17T18:45:48.386232855Z: [    3.523119] IPVS: [lblcr] scheduler registered.
[STDERR  ] 2019-03-17T18:45:48.386305747Z: [    3.527169] IPVS: [dh] scheduler registered.
[STDERR  ] 2019-03-17T18:45:48.386318574Z: [    3.531256] IPVS: [sh] scheduler registered.
[STDERR  ] 2019-03-17T18:45:48.386331067Z: [    3.535237] IPVS: [mh] scheduler registered.
[STDERR  ] 2019-03-17T18:45:48.386347470Z: [    3.539368] IPVS: [sed] scheduler registered.
[STDERR  ] 2019-03-17T18:45:48.386360460Z: [    3.543302] IPVS: [nq] scheduler registered.
[STDERR  ] 2019-03-17T18:45:48.386373888Z: [    3.547335] IPVS: ftp: loaded support on port[0] = 21
[STDERR  ] 2019-03-17T18:45:48.386387192Z: [    3.551925] ipip: IPv4 and MPLS over IPv4 tunneling driver
[STDERR  ] 2019-03-17T18:45:48.386400246Z: [    3.557213] gre: GRE over IPv4 demultiplexor driver
[STDERR  ] 2019-03-17T18:45:48.386412821Z: [    3.561749] ipt_CLUSTERIP: ClusterIP Version 0.8 loaded successfully
[STDERR  ] 2019-03-17T18:45:48.386429602Z: [    3.567712] NET: Registered protocol family 10
[STDERR  ] 2019-03-17T18:45:48.386482335Z: [    3.572122] Segment Routing with IPv6
[STDERR  ] 2019-03-17T18:45:48.386508536Z: [    3.576075] NET: Registered protocol family 17
[STDERR  ] 2019-03-17T18:45:48.386521150Z: [    3.580159] Bridge firewalling registered
[STDERR  ] 2019-03-17T18:45:48.386533610Z: [    3.584078] 8021q: 802.1Q VLAN Support v1.8
[STDERR  ] 2019-03-17T18:45:48.386546699Z: [    3.587950] 9pnet: Installing 9P2000 support
[STDERR  ] 2019-03-17T18:45:48.386559671Z: [    3.592072] Key type dns_resolver registered
[STDERR  ] 2019-03-17T18:45:48.386576233Z: [    3.596335] registered taskstats version 1
[STDERR  ] 2019-03-17T18:45:48.386588548Z: [    3.612920] Key type big_key registered
[STDERR  ] 2019-03-17T18:45:48.386601448Z: [    3.623183] Key type trusted registered
[STDERR  ] 2019-03-17T18:45:48.386614662Z: [    3.627698] ata4: SATA link down (SStatus 0 SControl 300)
[STDERR  ] 2019-03-17T18:45:48.386634732Z: [    3.633464] ata3: SATA link up 1.5 Gbps (SStatus 113 SControl 300)
[STDERR  ] 2019-03-17T18:45:48.386654827Z: [    3.639952] ata2: SATA link down (SStatus 0 SControl 300)
[STDERR  ] 2019-03-17T18:45:48.386676123Z: [    3.645541] ata1: SATA link down (SStatus 0 SControl 300)
[STDERR  ] 2019-03-17T18:45:48.386694195Z: [    3.651130] ata6: SATA link down (SStatus 0 SControl 300)
[STDERR  ] 2019-03-17T18:45:48.386724496Z: [    3.656712] ata5: SATA link down (SStatus 0 SControl 300)
[STDERR  ] 2019-03-17T18:45:48.386743013Z: [    3.663740] ata3.00: ATAPI: QEMU DVD-ROM, 2.5+, max UDMA/100
[STDERR  ] 2019-03-17T18:45:48.386755742Z: [    3.669004] ata3.00: applying bridge limits
[STDERR  ] 2019-03-17T18:45:48.386768431Z: [    3.675432] ata3.00: configured for UDMA/100
[STDERR  ] 2019-03-17T18:45:48.386781363Z: [    3.680715] scsi 2:0:0:0: CD-ROM            QEMU     QEMU DVD-ROM     2.5+ PQ: 0 ANSI: 5
[STDERR  ] 2019-03-17T18:45:48.386802782Z: [    3.689969] Key type encrypted registered
[STDERR  ] 2019-03-17T18:45:48.386816113Z: [    3.694736] ima: No TPM chip found, activating TPM-bypass!
[STDERR  ] 2019-03-17T18:45:48.386829030Z: [    3.700034] ima: Allocated hash algorithm: sha256
[STDERR  ] 2019-03-17T18:45:48.386841446Z: [    3.704382] evm: Initialising EVM extended attributes:
[STDERR  ] 2019-03-17T18:45:48.386854260Z: [    3.708982] evm: security.ima
[STDERR  ] 2019-03-17T18:45:48.386867661Z: [    3.711717] evm: security.capability
[STDERR  ] 2019-03-17T18:45:48.386880642Z: [    3.715010] evm: HMAC attrs: 0x1
[STDERR  ] 2019-03-17T18:45:48.386894035Z: [    3.718853] rtc_cmos 00:00: setting system clock to 2019-03-17 18:45:44 UTC (1552848344)
[STDERR  ] 2019-03-17T18:45:48.386917420Z: [    3.726099] Unstable clock detected, switching default tracing clock to "global"
[STDERR  ] 2019-03-17T18:45:48.386930103Z: [    3.726099] If you want to keep using the local clock, then add:
[STDERR  ] 2019-03-17T18:45:48.386943336Z: [    3.726099]   "trace_clock=local"
[STDERR  ] 2019-03-17T18:45:48.386959961Z: [    3.726099] on the kernel command line
[STDERR  ] 2019-03-17T18:45:48.386972880Z: [    3.745413] sr 2:0:0:0: [sr0] scsi3-mmc drive: 4x/4x cd/rw xa/form2 tray
[STDERR  ] 2019-03-17T18:45:48.386986161Z: [    3.751343] cdrom: Uniform CD-ROM driver Revision: 3.20
[STDERR  ] 2019-03-17T18:45:48.386999118Z: [    3.757446] sr 2:0:0:0: Attached scsi generic sg0 type 5
[STDERR  ] 2019-03-17T18:45:48.387016743Z: [    3.764377] Freeing unused kernel image memory: 1584K
[STDERR  ] 2019-03-17T18:45:48.387029476Z: [    3.770691] Write protecting the kernel read-only data: 18432k
[STDERR  ] 2019-03-17T18:45:48.387051851Z: [    3.778242] Freeing unused kernel image memory: 2036K
[STDERR  ] 2019-03-17T18:45:48.387072875Z: [    3.783119] Freeing unused kernel image memory: 1004K
[STDERR  ] 2019-03-17T18:45:48.387086250Z: [    3.787678] Run /init as init process
[STDERR  ] 2019-03-17T18:45:48.387098856Z: 
[STDERR  ] 2019-03-17T18:45:48.387111879Z: Welcome to LinuxKit
[STDERR  ] 2019-03-17T18:45:48.387124919Z: 
[STDERR  ] 2019-03-17T18:45:48.387137835Z:                         ##         .
[STDERR  ] 2019-03-17T18:45:48.387162968Z:                   ## ## ##        ==
[STDERR  ] 2019-03-17T18:45:48.387176698Z:                ## ## ## ## ##    ===
[STDERR  ] 2019-03-17T18:45:48.387189007Z:            /"""""""""""""""""\___/ ===
[STDERR  ] 2019-03-17T18:45:48.387202473Z:           {                       /  ===-
[STDERR  ] 2019-03-17T18:45:48.387215565Z:            \______ O           __/
[STDERR  ] 2019-03-17T18:45:48.387283593Z:              \    \         __/
[STDERR  ] 2019-03-17T18:45:48.387314969Z:               \____\_______/
[STDERR  ] 2019-03-17T18:45:48.387330528Z: 
[STDERR  ] 2019-03-17T18:45:48.387344077Z: [    4.307301] hello_world: loading out-of-tree module taints kernel.
[STDERR  ] 2019-03-17T18:45:48.387358000Z: [    4.313173] Hello LinuxKit
[STDERR  ] 2019-03-17T18:45:48.387373525Z: [    4.319935] Goodbye LinuxKit.
[STDERR  ] 2019-03-17T18:45:48.387394197Z: Linux linuxkit-1e02f3de1f75 4.20.15-linuxkit #1 SMP Sun Mar 10 19:42:28 UTC 2019 x86_64 Linux
[STDERR  ] 2019-03-17T18:45:48.387407907Z: filename:       hello_world.ko
[STDERR  ] 2019-03-17T18:45:48.387420848Z: author:         Rolf Neugebauer <rolf.neugebauer@docker.com>
[STDERR  ] 2019-03-17T18:45:48.387438686Z: description:    A simple Hello World kernel module for testing
[STDERR  ] 2019-03-17T18:45:48.387460881Z: license:        GPL
[STDERR  ] 2019-03-17T18:45:48.387473533Z: depends:        
[STDERR  ] 2019-03-17T18:45:48.387486378Z: vermagic:       4.20.15-linuxkit SMP mod_unload modversions RANDSTRUCT_PLUGIN_f33b34dcf451beb6b17aee923c8763338d7c140fc94ec892fbd38912be59a899
[STDERR  ] 2019-03-17T18:45:48.387501624Z: Kernel module test suite PASSED
[STDERR  ] 2019-03-17T18:45:48.387514301Z: [    7.444894] ACPI: Preparing to enter system sleep state S5
[STDERR  ] 2019-03-17T18:45:48.387902985Z: [    7.450483] reboot: Power down
[STDERR  ] 2019-03-17T18:45:48.388034288Z: + exit 0
[STDERR  ] 2019-03-17T18:45:48.388055998Z: + clean_up
[STDERR  ] 2019-03-17T18:45:48.388071042Z: + docker rmi kmod-test
[STDOUT  ] 2019-03-17T18:45:48.530697903Z: Untagged: kmod-test:latest
[STDOUT  ] 2019-03-17T18:45:48.530772031Z: Deleted: sha256:d310965daca0622a52bb5fd8151773af4b68bc81b5ff1ee6260c1c0bd2a444f8
[STDOUT  ] 2019-03-17T18:45:48.530784507Z: Deleted: sha256:69912aee4ab1aca06e87cc08df484fc5380ab76542aaabf76ef7724f48e11705
[STDOUT  ] 2019-03-17T18:45:48.530801500Z: Deleted: sha256:6ac79a66c8fe2e076dfc79d07c7d2ab4312c73a140c47ca57758e54520e0808e
[STDOUT  ] 2019-03-17T18:45:48.530811417Z: Deleted: sha256:71829a71065d32e1afdb66d5a13aa50271f42392a41cb7156ecf6bfa7a0360df
[STDOUT  ] 2019-03-17T18:45:48.530820565Z: Deleted: sha256:8e5053b30908889bbd73d8368603bc01ffc4aef80b1da54e85de791b9f580432
[STDERR  ] 2019-03-17T18:45:48.532444037Z: + rm -rf kmod-cmdline kmod-initrd.img kmod-kernel kmod-state
[PASS    ] linuxkit.kernel.kmod_4.20.x 34.76s
