[INFO    ] 2018-04-03T15:59:38.289581550Z: Running Test linuxkit.kernel.kmod_4.15.x in /tmp/build/test/cases/020_kernel/017_kmod_4.15.x
[INFO    ] 2018-04-03T15:59:38.289725279Z: Running command: [/bin/sh -x /tmp/build/test/cases/020_kernel/017_kmod_4.15.x/test.sh]
[STDERR  ] 2018-04-03T15:59:38.328727096Z: + set -e
[STDERR  ] 2018-04-03T15:59:38.328821531Z: + . /tmp/build/test/cases/_lib/lib.sh
[STDERR  ] 2018-04-03T15:59:38.328841756Z: + [ -f src/github.com/linuxkit/rtf/lib/lib.sh ]
[STDERR  ] 2018-04-03T15:59:38.328857856Z: + LINUXKIT_TMPDIR=/tmp/build/test/cases/_tmp
[STDERR  ] 2018-04-03T15:59:38.328872331Z: + [ -f /tmp/build/test/cases/_tmp/env.sh ]
[STDERR  ] 2018-04-03T15:59:38.328886865Z: + . /tmp/build/test/cases/_tmp/env.sh
[STDERR  ] 2018-04-03T15:59:38.328910763Z: + export LINUXKIT_EXAMPLES_DIR=/tmp/build/test/cases/../../examples
[STDERR  ] 2018-04-03T15:59:38.328927156Z: + RT_CANCEL=253
[STDERR  ] 2018-04-03T15:59:38.328941686Z: + NAME=kmod
[STDERR  ] 2018-04-03T15:59:38.328974374Z: + IMAGE_NAME=kmod-test
[STDERR  ] 2018-04-03T15:59:38.328991623Z: + trap clean_up EXIT
[STDERR  ] 2018-04-03T15:59:38.329007252Z: + docker pull linuxkit/kernel:4.15.15
[STDOUT  ] 2018-04-03T15:59:39.553671360Z: 4.15.15: Pulling from linuxkit/kernel
[STDOUT  ] 2018-04-03T15:59:40.028557282Z: Digest: sha256:bb1771719aeca25f4afe1dc5eb23da62c592ac208021b5029c70c286bd75f3f3
[STDOUT  ] 2018-04-03T15:59:40.033216942Z: Status: Downloaded newer image for linuxkit/kernel:4.15.15
[STDERR  ] 2018-04-03T15:59:40.034388817Z: + docker build -t kmod-test .
[STDOUT  ] 2018-04-03T15:59:40.119845848Z: Sending build context to Docker daemon  8.704kB
[STDOUT  ] 2018-04-03T15:59:40.233277171Z: Step 1/12 : FROM linuxkit/kernel:4.15.15 AS ksrc
[STDOUT  ] 2018-04-03T15:59:40.233494068Z:  ---> fb64b5cc8d7b
[STDOUT  ] 2018-04-03T15:59:40.233517568Z: Step 2/12 : FROM linuxkit/alpine:d307c8a386fa3f32cddda9409b9687e191cdd6f1 AS build
[STDOUT  ] 2018-04-03T15:59:40.233948583Z:  ---> 4d01d9a77113
[STDOUT  ] 2018-04-03T15:59:40.233970698Z: Step 3/12 : RUN apk add build-base libelf-dev
[STDOUT  ] 2018-04-03T15:59:40.234288717Z:  ---> Using cache
[STDOUT  ] 2018-04-03T15:59:40.234311999Z:  ---> 29225be654f5
[STDOUT  ] 2018-04-03T15:59:40.234397089Z: Step 4/12 : COPY --from=ksrc /kernel-dev.tar /
[STDOUT  ] 2018-04-03T15:59:41.722889819Z:  ---> 0f42f901689a
[STDOUT  ] 2018-04-03T15:59:41.745795442Z: Removing intermediate container 68142d92274d
[STDOUT  ] 2018-04-03T15:59:41.745847112Z: Step 5/12 : RUN tar xf kernel-dev.tar
[STDOUT  ] 2018-04-03T15:59:41.824759833Z:  ---> Running in 99221cda6bee
[STDOUT  ] 2018-04-03T15:59:48.543495778Z:  ---> 7e4876c26c88
[STDOUT  ] 2018-04-03T15:59:48.959856247Z: Removing intermediate container 99221cda6bee
[STDOUT  ] 2018-04-03T15:59:48.959923614Z: Step 6/12 : WORKDIR /kmod
[STDOUT  ] 2018-04-03T15:59:49.262451120Z:  ---> d7300b89cb64
[STDOUT  ] 2018-04-03T15:59:49.268089713Z: Removing intermediate container 3589b7201c57
[STDOUT  ] 2018-04-03T15:59:49.268145942Z: Step 7/12 : COPY ./src/* ./
[STDOUT  ] 2018-04-03T15:59:49.834267666Z:  ---> 1815933c128c
[STDOUT  ] 2018-04-03T15:59:49.840875162Z: Removing intermediate container 238c70fbe928
[STDOUT  ] 2018-04-03T15:59:49.840925736Z: Step 8/12 : RUN make all
[STDOUT  ] 2018-04-03T15:59:49.921070855Z:  ---> Running in f6edd5261868
[STDOUT  ] 2018-04-03T15:59:50.269258064Z: make -C /usr/src/linux-headers-4.15.15-linuxkit M=/kmod modules
[STDOUT  ] 2018-04-03T15:59:50.271560628Z: make[1]: Entering directory '/usr/src/linux-headers-4.15.15-linuxkit'
[STDOUT  ] 2018-04-03T15:59:50.273724462Z: [91mgetconf: LFS_CFLAGS: unknown variable
[STDOUT  ] 2018-04-03T15:59:50.274238127Z: [0m[91mgetconf: LFS_LDFLAGS: unknown variable
[STDOUT  ] 2018-04-03T15:59:50.274657369Z: [0m[91mgetconf: LFS_LIBS: unknown variable
[STDOUT  ] 2018-04-03T15:59:51.379386045Z: [0m  CC [M]  /kmod/hello_world.o
[STDOUT  ] 2018-04-03T15:59:51.603009934Z:   Building modules, stage 2.
[STDOUT  ] 2018-04-03T15:59:51.613472644Z:   MODPOST 1 modules
[STDOUT  ] 2018-04-03T15:59:51.629164110Z:   CC      /kmod/hello_world.mod.o
[STDOUT  ] 2018-04-03T15:59:51.850652851Z:   LD [M]  /kmod/hello_world.ko
[STDOUT  ] 2018-04-03T15:59:51.854002039Z: make[1]: Leaving directory '/usr/src/linux-headers-4.15.15-linuxkit'
[STDOUT  ] 2018-04-03T15:59:52.278758220Z:  ---> e8a1157de6b4
[STDOUT  ] 2018-04-03T15:59:52.287896059Z: Removing intermediate container f6edd5261868
[STDOUT  ] 2018-04-03T15:59:52.287947404Z: Step 9/12 : FROM alpine:3.7
[STDOUT  ] 2018-04-03T15:59:52.288301559Z:  ---> 3fd9065eaf02
[STDOUT  ] 2018-04-03T15:59:52.288326444Z: Step 10/12 : COPY --from=build /kmod/hello_world.ko /
[STDOUT  ] 2018-04-03T15:59:52.656204512Z:  ---> a1683c5ca8cc
[STDOUT  ] 2018-04-03T15:59:52.663168593Z: Removing intermediate container 9ff87d55d420
[STDOUT  ] 2018-04-03T15:59:52.663222051Z: Step 11/12 : COPY check.sh /check.sh
[STDOUT  ] 2018-04-03T15:59:53.026825567Z:  ---> b4e86cf0ee6c
[STDOUT  ] 2018-04-03T15:59:53.033674713Z: Removing intermediate container c36f30ba0c3f
[STDOUT  ] 2018-04-03T15:59:53.033753372Z: Step 12/12 : ENTRYPOINT /bin/sh /check.sh
[STDOUT  ] 2018-04-03T15:59:53.110317376Z:  ---> Running in 0905960965ba
[STDOUT  ] 2018-04-03T15:59:53.263379830Z:  ---> d9d2216ef0f9
[STDOUT  ] 2018-04-03T15:59:53.269939991Z: Removing intermediate container 0905960965ba
[STDOUT  ] 2018-04-03T15:59:53.270003505Z: Successfully built d9d2216ef0f9
[STDOUT  ] 2018-04-03T15:59:53.275727169Z: Successfully tagged kmod-test:latest
[STDERR  ] 2018-04-03T15:59:53.313048715Z: + linuxkit build -format kernel+initrd -name kmod test.yml
[STDERR  ] 2018-04-03T15:59:53.339679247Z: Extract kernel image: linuxkit/kernel:4.15.15
[STDERR  ] 2018-04-03T15:59:55.428091926Z: Add init containers:
[STDERR  ] 2018-04-03T15:59:55.428154068Z: Process init image: linuxkit/init:be60dd1cb15ad39225512b6753304571d8c2fb17
[STDERR  ] 2018-04-03T15:59:56.663231462Z: Process init image: linuxkit/runc:17e8c06e48ac220be79b2476e39b4d7feb905524
[STDERR  ] 2018-04-03T15:59:57.885283886Z: Add onboot containers:
[STDERR  ] 2018-04-03T15:59:57.885358634Z:   Create OCI config for kmod-test
[STDERR  ] 2018-04-03T15:59:58.027279791Z:   Create OCI config for linuxkit/poweroff:f9a0a5e52fd2a97908bda33db2afffafe4a6a67d
[STDERR  ] 2018-04-03T15:59:59.236573486Z: Create outputs:
[STDERR  ] 2018-04-03T16:00:04.843770787Z:   kmod-kernel kmod-initrd.img kmod-cmdline
[STDERR  ] 2018-04-03T16:00:04.899550163Z: + linuxkit run kmod
[STDERR  ] 2018-04-03T16:00:04.923256265Z: Unable to find qemu-system-x86_64 within the $PATH. Using a container
[STDERR  ] 2018-04-03T16:00:14.731346576Z: + RESULT=[    0.000000] Linux version 4.15.15-linuxkit (root@1addec4162a6) (gcc version 6.4.0 (Alpine 6.4.0)) #1 SMP Sun Apr 1 17:00:39 UTC 2018
[STDERR  ] 2018-04-03T16:00:14.731422334Z: [    0.000000] Command line: console=ttyS0 console=ttyAMA0
[STDERR  ] 2018-04-03T16:00:14.731451608Z: [    0.000000] x86/fpu: x87 FPU will use FXSAVE
[STDERR  ] 2018-04-03T16:00:14.731467414Z: [    0.000000] e820: BIOS-provided physical RAM map:
[STDERR  ] 2018-04-03T16:00:14.731487237Z: [    0.000000] BIOS-e820: [mem 0x0000000000000000-0x000000000009fbff] usable
[STDERR  ] 2018-04-03T16:00:14.731505738Z: [    0.000000] BIOS-e820: [mem 0x000000000009fc00-0x000000000009ffff] reserved
[STDERR  ] 2018-04-03T16:00:14.731523122Z: [    0.000000] BIOS-e820: [mem 0x00000000000f0000-0x00000000000fffff] reserved
[STDERR  ] 2018-04-03T16:00:14.731541383Z: [    0.000000] BIOS-e820: [mem 0x0000000000100000-0x000000003ffdefff] usable
[STDERR  ] 2018-04-03T16:00:14.731558974Z: [    0.000000] BIOS-e820: [mem 0x000000003ffdf000-0x000000003fffffff] reserved
[STDERR  ] 2018-04-03T16:00:14.731575025Z: [    0.000000] BIOS-e820: [mem 0x00000000b0000000-0x00000000bfffffff] reserved
[STDERR  ] 2018-04-03T16:00:14.731589870Z: [    0.000000] BIOS-e820: [mem 0x00000000fed1c000-0x00000000fed1ffff] reserved
[STDERR  ] 2018-04-03T16:00:14.731604805Z: [    0.000000] BIOS-e820: [mem 0x00000000feffc000-0x00000000feffffff] reserved
[STDERR  ] 2018-04-03T16:00:14.731619389Z: [    0.000000] BIOS-e820: [mem 0x00000000fffc0000-0x00000000ffffffff] reserved
[STDERR  ] 2018-04-03T16:00:14.731635018Z: [    0.000000] NX (Execute Disable) protection: active
[STDERR  ] 2018-04-03T16:00:14.731671125Z: [    0.000000] random: fast init done
[STDERR  ] 2018-04-03T16:00:14.731687247Z: [    0.000000] SMBIOS 2.8 present.
[STDERR  ] 2018-04-03T16:00:14.731704065Z: [    0.000000] DMI: QEMU Standard PC (Q35 + ICH9, 2009), BIOS rel-1.10.2-0-g5f4c7b1-prebuilt.qemu-project.org 04/01/2014
[STDERR  ] 2018-04-03T16:00:14.731719804Z: [    0.000000] Hypervisor detected: KVM
[STDERR  ] 2018-04-03T16:00:14.731734010Z: [    0.000000] e820: last_pfn = 0x3ffdf max_arch_pfn = 0x400000000
[STDERR  ] 2018-04-03T16:00:14.731748867Z: [    0.000000] x86/PAT: PAT not supported by CPU.
[STDERR  ] 2018-04-03T16:00:14.731762824Z: [    0.000000] x86/PAT: Configuration [0-7]: WB  WT  UC- UC  WB  WT  UC- UC  
[STDERR  ] 2018-04-03T16:00:14.731777327Z: [    0.000000] found SMP MP-table at [mem 0x000f6aa0-0x000f6aaf] mapped at [        (ptrval)]
[STDERR  ] 2018-04-03T16:00:14.731792287Z: [    0.000000] RAMDISK: [mem 0x3e58f000-0x3ffcffff]
[STDERR  ] 2018-04-03T16:00:14.731816080Z: [    0.000000] ACPI: Early table checksum verification disabled
[STDERR  ] 2018-04-03T16:00:14.731831014Z: [    0.000000] ACPI: RSDP 0x00000000000F68B0 000014 (v00 BOCHS )
[STDERR  ] 2018-04-03T16:00:14.731844971Z: [    0.000000] ACPI: RSDT 0x000000003FFE20A8 000034 (v01 BOCHS  BXPCRSDT 00000001 BXPC 00000001)
[STDERR  ] 2018-04-03T16:00:14.731862453Z: [    0.000000] ACPI: FACP 0x000000003FFE1EC8 0000F4 (v03 BOCHS  BXPCFACP 00000001 BXPC 00000001)
[STDERR  ] 2018-04-03T16:00:14.731876917Z: [    0.000000] ACPI: DSDT 0x000000003FFE0040 001E88 (v01 BOCHS  BXPCDSDT 00000001 BXPC 00000001)
[STDERR  ] 2018-04-03T16:00:14.731891531Z: [    0.000000] ACPI: FACS 0x000000003FFE0000 000040
[STDERR  ] 2018-04-03T16:00:14.731905450Z: [    0.000000] ACPI: APIC 0x000000003FFE1FBC 000078 (v01 BOCHS  BXPCAPIC 00000001 BXPC 00000001)
[STDERR  ] 2018-04-03T16:00:14.731918529Z: [    0.000000] ACPI: HPET 0x000000003FFE2034 000038 (v01 BOCHS  BXPCHPET 00000001 BXPC 00000001)
[STDERR  ] 2018-04-03T16:00:14.731931775Z: [    0.000000] ACPI: MCFG 0x000000003FFE206C 00003C (v01 BOCHS  BXPCMCFG 00000001 BXPC 00000001)
[STDERR  ] 2018-04-03T16:00:14.731945000Z: [    0.000000] kvm-clock: cpu 0, msr 0:3ffdc001, primary cpu clock
[STDERR  ] 2018-04-03T16:00:14.731958587Z: [    0.000000] kvm-clock: Using msrs 4b564d01 and 4b564d00
[STDERR  ] 2018-04-03T16:00:14.731971758Z: [    0.000000] clocksource: kvm-clock: mask: 0xffffffffffffffff max_cycles: 0x1cd42e4dffb, max_idle_ns: 881590591483 ns
[STDERR  ] 2018-04-03T16:00:14.732016889Z: [    0.000000] Zone ranges:
[STDERR  ] 2018-04-03T16:00:14.732054989Z: [    0.000000]   DMA      [mem 0x0000000000001000-0x0000000000ffffff]
[STDERR  ] 2018-04-03T16:00:14.732072501Z: [    0.000000]   DMA32    [mem 0x0000000001000000-0x000000003ffdefff]
[STDERR  ] 2018-04-03T16:00:14.732087585Z: [    0.000000]   Normal   empty
[STDERR  ] 2018-04-03T16:00:14.732101728Z: [    0.000000]   Device   empty
[STDERR  ] 2018-04-03T16:00:14.732115403Z: [    0.000000] Movable zone start for each node
[STDERR  ] 2018-04-03T16:00:14.732130690Z: [    0.000000] Early memory node ranges
[STDERR  ] 2018-04-03T16:00:14.732145894Z: [    0.000000]   node   0: [mem 0x0000000000001000-0x000000000009efff]
[STDERR  ] 2018-04-03T16:00:14.732163777Z: [    0.000000]   node   0: [mem 0x0000000000100000-0x000000003ffdefff]
[STDERR  ] 2018-04-03T16:00:14.732178314Z: [    0.000000] Initmem setup node 0 [mem 0x0000000000001000-0x000000003ffdefff]
[STDERR  ] 2018-04-03T16:00:14.732192699Z: [    0.000000] Reserved but unavailable: 98 pages
[STDERR  ] 2018-04-03T16:00:14.732207243Z: [    0.000000] ACPI: PM-Timer IO Port: 0x608
[STDERR  ] 2018-04-03T16:00:14.732221943Z: [    0.000000] ACPI: LAPIC_NMI (acpi_id[0xff] dfl dfl lint[0x1])
[STDERR  ] 2018-04-03T16:00:14.732240595Z: [    0.000000] IOAPIC[0]: apic_id 0, version 17, address 0xfec00000, GSI 0-23
[STDERR  ] 2018-04-03T16:00:14.732254868Z: [    0.000000] ACPI: INT_SRC_OVR (bus 0 bus_irq 0 global_irq 2 dfl dfl)
[STDERR  ] 2018-04-03T16:00:14.732268735Z: [    0.000000] ACPI: INT_SRC_OVR (bus 0 bus_irq 5 global_irq 5 high level)
[STDERR  ] 2018-04-03T16:00:14.732291792Z: [    0.000000] ACPI: INT_SRC_OVR (bus 0 bus_irq 9 global_irq 9 high level)
[STDERR  ] 2018-04-03T16:00:14.732306526Z: [    0.000000] ACPI: INT_SRC_OVR (bus 0 bus_irq 10 global_irq 10 high level)
[STDERR  ] 2018-04-03T16:00:14.732324249Z: [    0.000000] ACPI: INT_SRC_OVR (bus 0 bus_irq 11 global_irq 11 high level)
[STDERR  ] 2018-04-03T16:00:14.732339403Z: [    0.000000] Using ACPI (MADT) for SMP configuration information
[STDERR  ] 2018-04-03T16:00:14.732355283Z: [    0.000000] ACPI: HPET id: 0x8086a201 base: 0xfed00000
[STDERR  ] 2018-04-03T16:00:14.732369632Z: [    0.000000] smpboot: Allowing 1 CPUs, 0 hotplug CPUs
[STDERR  ] 2018-04-03T16:00:14.732383743Z: [    0.000000] e820: [mem 0x40000000-0xafffffff] available for PCI devices
[STDERR  ] 2018-04-03T16:00:14.732398103Z: [    0.000000] Booting paravirtualized kernel on KVM
[STDERR  ] 2018-04-03T16:00:14.732422259Z: [    0.000000] clocksource: refined-jiffies: mask: 0xffffffff max_cycles: 0xffffffff, max_idle_ns: 19112604462750000 ns
[STDERR  ] 2018-04-03T16:00:14.732438275Z: [    0.000000] setup_percpu: NR_CPUS:128 nr_cpumask_bits:128 nr_cpu_ids:1 nr_node_ids:1
[STDERR  ] 2018-04-03T16:00:14.732452706Z: [    0.000000] percpu: Embedded 44 pages/cpu @        (ptrval) s142936 r8192 d29096 u2097152
[STDERR  ] 2018-04-03T16:00:14.732467203Z: [    0.000000] KVM setup async PF for cpu 0
[STDERR  ] 2018-04-03T16:00:14.732481371Z: [    0.000000] kvm-stealtime: cpu 0, msr 3e215f40
[STDERR  ] 2018-04-03T16:00:14.732496086Z: [    0.000000] Built 1 zonelists, mobility grouping on.  Total pages: 257896
[STDERR  ] 2018-04-03T16:00:14.732509243Z: [    0.000000] Kernel command line: console=ttyS0 console=ttyAMA0
[STDERR  ] 2018-04-03T16:00:14.732518723Z: [    0.000000] Dentry cache hash table entries: 131072 (order: 8, 1048576 bytes)
[STDERR  ] 2018-04-03T16:00:14.732527303Z: [    0.000000] Inode-cache hash table entries: 65536 (order: 7, 524288 bytes)
[STDERR  ] 2018-04-03T16:00:14.732536355Z: [    0.000000] Memory: 977888K/1048052K available (12300K kernel code, 1480K rwdata, 3012K rodata, 1516K init, 632K bss, 70164K reserved, 0K cma-reserved)
[STDERR  ] 2018-04-03T16:00:14.732548685Z: [    0.000000] Kernel/User page tables isolation: enabled
[STDERR  ] 2018-04-03T16:00:14.732560276Z: [    0.000000] ftrace: allocating 41309 entries in 162 pages
[STDERR  ] 2018-04-03T16:00:14.732569758Z: [    0.010000] Hierarchical RCU implementation.
[STDERR  ] 2018-04-03T16:00:14.732577921Z: [    0.010000] 	RCU restricting CPUs from NR_CPUS=128 to nr_cpu_ids=1.
[STDERR  ] 2018-04-03T16:00:14.732586310Z: [    0.010000] RCU: Adjusting geometry for rcu_fanout_leaf=16, nr_cpu_ids=1
[STDERR  ] 2018-04-03T16:00:14.732594863Z: [    0.010000] NR_IRQS: 8448, nr_irqs: 256, preallocated irqs: 16
[STDERR  ] 2018-04-03T16:00:14.732602872Z: [    0.010000] Console: colour VGA+ 80x25
[STDERR  ] 2018-04-03T16:00:14.732611072Z: [    0.010000] console [ttyS0] enabled
[STDERR  ] 2018-04-03T16:00:14.732619376Z: [    0.010000] ACPI: Core revision 20170831
[STDERR  ] 2018-04-03T16:00:14.732627598Z: [    0.010000] ACPI: 1 ACPI AML tables successfully acquired and loaded
[STDERR  ] 2018-04-03T16:00:14.732635899Z: [    0.010000] clocksource: hpet: mask: 0xffffffff max_cycles: 0xffffffff, max_idle_ns: 19112604467 ns
[STDERR  ] 2018-04-03T16:00:14.732645288Z: [    0.010056] APIC: Switch to symmetric I/O mode setup
[STDERR  ] 2018-04-03T16:00:14.732653607Z: [    0.017097] x2apic enabled
[STDERR  ] 2018-04-03T16:00:14.732662007Z: [    0.020030] Switched APIC routing to physical x2apic.
[STDERR  ] 2018-04-03T16:00:14.732670311Z: [    0.036225] ..TIMER: vector=0x30 apic1=0 pin1=2 apic2=-1 pin2=-1
[STDERR  ] 2018-04-03T16:00:14.732678625Z: [    0.040000] tsc: Detected 2299.996 MHz processor
[STDERR  ] 2018-04-03T16:00:14.732686815Z: [    0.040000] Calibrating delay loop (skipped) preset value.. 4599.99 BogoMIPS (lpj=22999960)
[STDERR  ] 2018-04-03T16:00:14.732697750Z: [    0.040012] pid_max: default: 32768 minimum: 301
[STDERR  ] 2018-04-03T16:00:14.732712571Z: [    0.050130] Security Framework initialized
[STDERR  ] 2018-04-03T16:00:14.732721591Z: [    0.054555] Yama: becoming mindful.
[STDERR  ] 2018-04-03T16:00:14.732729890Z: [    0.060076] Mount-cache hash table entries: 2048 (order: 2, 16384 bytes)
[STDERR  ] 2018-04-03T16:00:14.732738308Z: [    0.067467] Mountpoint-cache hash table entries: 2048 (order: 2, 16384 bytes)
[STDERR  ] 2018-04-03T16:00:14.732749248Z: [    0.070879] CPU: Physical Processor ID: 0
[STDERR  ] 2018-04-03T16:00:14.732757652Z: [    0.085706] Last level iTLB entries: 4KB 0, 2MB 0, 4MB 0
[STDERR  ] 2018-04-03T16:00:14.732765990Z: [    0.090013] Last level dTLB entries: 4KB 0, 2MB 0, 4MB 0, 1GB 0
[STDERR  ] 2018-04-03T16:00:14.732774345Z: [    0.096576] Spectre V2 : Vulnerable: Minimal generic ASM retpoline
[STDERR  ] 2018-04-03T16:00:14.732786661Z: [    0.112043] Freeing SMP alternatives memory: 20K
[STDERR  ] 2018-04-03T16:00:14.732796012Z: [    0.120000] smpboot: CPU0: Intel QEMU Virtual CPU version 2.5+ (family: 0x6, model: 0x6, stepping: 0x3)
[STDERR  ] 2018-04-03T16:00:14.732809758Z: [    0.120153] Performance Events: PMU not available due to virtualization, using software events only.
[STDERR  ] 2018-04-03T16:00:14.732819036Z: [    0.130395] Hierarchical SRCU implementation.
[STDERR  ] 2018-04-03T16:00:14.732827421Z: [    0.140148] NMI watchdog: Perf event create on CPU 0 failed with -2
[STDERR  ] 2018-04-03T16:00:14.732835714Z: [    0.146934] NMI watchdog: Perf NMI watchdog permanently disabled
[STDERR  ] 2018-04-03T16:00:14.732844183Z: [    0.150114] smp: Bringing up secondary CPUs ...
[STDERR  ] 2018-04-03T16:00:14.732857323Z: [    0.160014] smp: Brought up 1 node, 1 CPU
[STDERR  ] 2018-04-03T16:00:14.732866030Z: [    0.164141] smpboot: Max logical packages: 1
[STDERR  ] 2018-04-03T16:00:14.732874221Z: [    0.170015] smpboot: Total of 1 processors activated (4599.99 BogoMIPS)
[STDERR  ] 2018-04-03T16:00:14.732882707Z: [    0.178119] devtmpfs: initialized
[STDERR  ] 2018-04-03T16:00:14.732891001Z: [    0.180099] x86/mm: Memory block size: 128MB
[STDERR  ] 2018-04-03T16:00:14.732899311Z: [    0.184786] evm: security.ima
[STDERR  ] 2018-04-03T16:00:14.732907710Z: [    0.190010] evm: security.capability
[STDERR  ] 2018-04-03T16:00:14.732916019Z: [    0.193888] clocksource: jiffies: mask: 0xffffffff max_cycles: 0xffffffff, max_idle_ns: 19112604462750000 ns
[STDERR  ] 2018-04-03T16:00:14.732927452Z: [    0.200034] futex hash table entries: 256 (order: 2, 16384 bytes)
[STDERR  ] 2018-04-03T16:00:14.732936054Z: [    0.210291] NET: Registered protocol family 16
[STDERR  ] 2018-04-03T16:00:14.732944543Z: [    0.215086] audit: initializing netlink subsys (disabled)
[STDERR  ] 2018-04-03T16:00:14.732952868Z: [    0.220212] cpuidle: using governor ladder
[STDERR  ] 2018-04-03T16:00:14.732961436Z: [    0.224502] cpuidle: using governor menu
[STDERR  ] 2018-04-03T16:00:14.732969548Z: [    0.228777] ACPI: bus type PCI registered
[STDERR  ] 2018-04-03T16:00:14.732977776Z: [    0.230025] audit: type=2000 audit(1522771206.700:1): state=initialized audit_enabled=0 res=1
[STDERR  ] 2018-04-03T16:00:14.732993947Z: [    0.240497] PCI: MMCONFIG for domain 0000 [bus 00-ff] at [mem 0xb0000000-0xbfffffff] (base 0xb0000000)
[STDERR  ] 2018-04-03T16:00:14.733003546Z: [    0.250031] PCI: MMCONFIG at [mem 0xb0000000-0xbfffffff] reserved in E820
[STDERR  ] 2018-04-03T16:00:14.733011937Z: [    0.256842] PCI: Using configuration type 1 for base access
[STDERR  ] 2018-04-03T16:00:14.733022986Z: [    0.261655] HugeTLB registered 2.00 MiB page size, pre-allocated 0 pages
[STDERR  ] 2018-04-03T16:00:14.733031350Z: [    0.270335] ACPI: Added _OSI(Module Device)
[STDERR  ] 2018-04-03T16:00:14.733039957Z: [    0.274627] ACPI: Added _OSI(Processor Device)
[STDERR  ] 2018-04-03T16:00:14.733048147Z: [    0.280019] ACPI: Added _OSI(3.0 _SCP Extensions)
[STDERR  ] 2018-04-03T16:00:14.733058657Z: [    0.284790] ACPI: Added _OSI(Processor Aggregator Device)
[STDERR  ] 2018-04-03T16:00:14.733067202Z: [    0.295242] ACPI: Interpreter enabled
[STDERR  ] 2018-04-03T16:00:14.733078962Z: [    0.300070] ACPI: (supports S0 S5)
[STDERR  ] 2018-04-03T16:00:14.733087555Z: [    0.303574] ACPI: Using IOAPIC for interrupt routing
[STDERR  ] 2018-04-03T16:00:14.733095906Z: [    0.310096] PCI: Using host bridge windows from ACPI; if necessary, use "pci=nocrs" and report a bug
[STDERR  ] 2018-04-03T16:00:14.733104382Z: [    0.320320] ACPI: Enabled 1 GPEs in block 00 to 3F
[STDERR  ] 2018-04-03T16:00:14.733112529Z: [    0.329499] ACPI: PCI Root Bridge [PCI0] (domain 0000 [bus 00-ff])
[STDERR  ] 2018-04-03T16:00:14.733120832Z: [    0.330025] acpi PNP0A08:00: _OSC: OS supports [ExtendedConfig ASPM ClockPM Segments MSI]
[STDERR  ] 2018-04-03T16:00:14.733129429Z: [    0.340254] acpi PNP0A08:00: _OSC: OS now controls [PCIeHotplug PME PCIeCapability]
[STDERR  ] 2018-04-03T16:00:14.733137749Z: [    0.350172] PCI host bridge to bus 0000:00
[STDERR  ] 2018-04-03T16:00:14.733148567Z: [    0.354498] pci_bus 0000:00: root bus resource [io  0x0000-0x0cf7 window]
[STDERR  ] 2018-04-03T16:00:14.733160361Z: [    0.360017] pci_bus 0000:00: root bus resource [io  0x0d00-0xffff window]
[STDERR  ] 2018-04-03T16:00:14.733168686Z: [    0.370018] pci_bus 0000:00: root bus resource [mem 0x000a0000-0x000bffff window]
[STDERR  ] 2018-04-03T16:00:14.733176943Z: [    0.377804] pci_bus 0000:00: root bus resource [mem 0xc0000000-0xfebfffff window]
[STDERR  ] 2018-04-03T16:00:14.733185363Z: [    0.380019] pci_bus 0000:00: root bus resource [bus 00-ff]
[STDERR  ] 2018-04-03T16:00:14.733193955Z: [    0.520724] pci 0000:00:1f.0: quirk: [io  0x0600-0x067f] claimed by ICH6 ACPI/GPIO/TCO
[STDERR  ] 2018-04-03T16:00:14.733202395Z: [    0.584026] ACPI: PCI Interrupt Link [LNKA] (IRQs 5 *10 11)
[STDERR  ] 2018-04-03T16:00:14.733210643Z: [    0.590444] ACPI: PCI Interrupt Link [LNKB] (IRQs 5 *10 11)
[STDERR  ] 2018-04-03T16:00:14.733218977Z: [    0.596711] ACPI: PCI Interrupt Link [LNKC] (IRQs 5 10 *11)
[STDERR  ] 2018-04-03T16:00:14.733227258Z: [    0.600389] ACPI: PCI Interrupt Link [LNKD] (IRQs 5 10 *11)
[STDERR  ] 2018-04-03T16:00:14.733235382Z: [    0.610370] ACPI: PCI Interrupt Link [LNKE] (IRQs 5 *10 11)
[STDERR  ] 2018-04-03T16:00:14.733243577Z: [    0.616853] ACPI: PCI Interrupt Link [LNKF] (IRQs 5 *10 11)
[STDERR  ] 2018-04-03T16:00:14.733251810Z: [    0.620331] ACPI: PCI Interrupt Link [LNKG] (IRQs 5 10 *11)
[STDERR  ] 2018-04-03T16:00:14.733260749Z: [    0.630328] ACPI: PCI Interrupt Link [LNKH] (IRQs 5 10 *11)
[STDERR  ] 2018-04-03T16:00:14.733271421Z: [    0.636374] ACPI: PCI Interrupt Link [GSIA] (IRQs *16)
[STDERR  ] 2018-04-03T16:00:14.733279855Z: [    0.640047] ACPI: PCI Interrupt Link [GSIB] (IRQs *17)
[STDERR  ] 2018-04-03T16:00:14.733288017Z: [    0.645654] ACPI: PCI Interrupt Link [GSIC] (IRQs *18)
[STDERR  ] 2018-04-03T16:00:14.733296264Z: [    0.650049] ACPI: PCI Interrupt Link [GSID] (IRQs *19)
[STDERR  ] 2018-04-03T16:00:14.733304472Z: [    0.655584] ACPI: PCI Interrupt Link [GSIE] (IRQs *20)
[STDERR  ] 2018-04-03T16:00:14.733312944Z: [    0.660047] ACPI: PCI Interrupt Link [GSIF] (IRQs *21)
[STDERR  ] 2018-04-03T16:00:14.733321002Z: [    0.670048] ACPI: PCI Interrupt Link [GSIG] (IRQs *22)
[STDERR  ] 2018-04-03T16:00:14.733329033Z: [    0.675910] ACPI: PCI Interrupt Link [GSIH] (IRQs *23)
[STDERR  ] 2018-04-03T16:00:14.733337253Z: [    0.680507] SCSI subsystem initialized
[STDERR  ] 2018-04-03T16:00:14.733345501Z: [    0.684719] ACPI: bus type USB registered
[STDERR  ] 2018-04-03T16:00:14.733353595Z: [    0.690068] usbcore: registered new interface driver usbfs
[STDERR  ] 2018-04-03T16:00:14.733361727Z: [    0.696140] usbcore: registered new interface driver hub
[STDERR  ] 2018-04-03T16:00:14.733372615Z: [    0.700057] usbcore: registered new device driver usb
[STDERR  ] 2018-04-03T16:00:14.733381123Z: [    0.705638] pps_core: LinuxPPS API ver. 1 registered
[STDERR  ] 2018-04-03T16:00:14.733391617Z: [    0.710012] pps_core: Software ver. 5.3.6 - Copyright 2005-2007 Rodolfo Giometti <giometti@linux.it>
[STDERR  ] 2018-04-03T16:00:14.733400197Z: [    0.720031] PTP clock support registered
[STDERR  ] 2018-04-03T16:00:14.733411715Z: [    0.724288] PCI: Using ACPI for IRQ routing
[STDERR  ] 2018-04-03T16:00:14.733420522Z: [    1.128558] NetLabel: Initializing
[STDERR  ] 2018-04-03T16:00:14.733429021Z: [    1.130011] NetLabel:  domain hash size = 128
[STDERR  ] 2018-04-03T16:00:14.733439703Z: [    1.134858] NetLabel:  protocols = UNLABELED CIPSOv4 CALIPSO
[STDERR  ] 2018-04-03T16:00:14.733448757Z: [    1.140066] NetLabel:  unlabeled traffic allowed by default
[STDERR  ] 2018-04-03T16:00:14.733457015Z: [    1.146149] HPET: 3 timers in total, 0 timers will be used for per-cpu timer
[STDERR  ] 2018-04-03T16:00:14.733467652Z: [    1.150154] hpet0: at MMIO 0xfed00000, IRQs 2, 8, 0
[STDERR  ] 2018-04-03T16:00:14.733479066Z: [    1.160010] hpet0: 3 comparators, 64-bit 100.000000 MHz counter
[STDERR  ] 2018-04-03T16:00:14.733487226Z: [    1.173617] clocksource: Switched to clocksource kvm-clock
[STDERR  ] 2018-04-03T16:00:14.733495759Z: [    1.249695] VFS: Disk quotas dquot_6.6.0
[STDERR  ] 2018-04-03T16:00:14.733507963Z: [    1.253981] VFS: Dquot-cache hash table entries: 512 (order 0, 4096 bytes)
[STDERR  ] 2018-04-03T16:00:14.733516355Z: [    1.261298] FS-Cache: Loaded
[STDERR  ] 2018-04-03T16:00:14.733527197Z: [    1.264494] CacheFiles: Loaded
[STDERR  ] 2018-04-03T16:00:14.733537804Z: [    1.267793] pnp: PnP ACPI init
[STDERR  ] 2018-04-03T16:00:14.733546190Z: [    1.272715] pnp: PnP ACPI: found 5 devices
[STDERR  ] 2018-04-03T16:00:14.733554555Z: [    1.286040] clocksource: acpi_pm: mask: 0xffffff max_cycles: 0xffffff, max_idle_ns: 2085701024 ns
[STDERR  ] 2018-04-03T16:00:14.733562883Z: [    1.295093] NET: Registered protocol family 2
[STDERR  ] 2018-04-03T16:00:14.733571109Z: [    1.299746] TCP established hash table entries: 8192 (order: 4, 65536 bytes)
[STDERR  ] 2018-04-03T16:00:14.733579493Z: [    1.306919] TCP bind hash table entries: 8192 (order: 5, 131072 bytes)
[STDERR  ] 2018-04-03T16:00:14.733587886Z: [    1.313656] TCP: Hash tables configured (established 8192 bind 8192)
[STDERR  ] 2018-04-03T16:00:14.733596284Z: [    1.321848] UDP hash table entries: 512 (order: 2, 16384 bytes)
[STDERR  ] 2018-04-03T16:00:14.733604616Z: [    1.328068] UDP-Lite hash table entries: 512 (order: 2, 16384 bytes)
[STDERR  ] 2018-04-03T16:00:14.733612881Z: [    1.334879] NET: Registered protocol family 1
[STDERR  ] 2018-04-03T16:00:14.733621499Z: [    1.339569] pci 0000:00:01.0: Video device with shadowed ROM at [mem 0x000c0000-0x000dffff]
[STDERR  ] 2018-04-03T16:00:14.733630181Z: [    1.348521] Trying to unpack rootfs image as initramfs...
[STDERR  ] 2018-04-03T16:00:14.733638244Z: [    2.637592] Freeing initrd memory: 26884K
[STDERR  ] 2018-04-03T16:00:14.733646297Z: [    2.646554] PCLMULQDQ-NI instructions are not detected.
[STDERR  ] 2018-04-03T16:00:14.733654439Z: [    2.652455] AVX or AES-NI instructions are not detected.
[STDERR  ] 2018-04-03T16:00:14.733662890Z: [    2.658026] CPU feature 'AVX registers' is not supported.
[STDERR  ] 2018-04-03T16:00:14.733670857Z: [    2.663705] CPU feature 'AVX registers' is not supported.
[STDERR  ] 2018-04-03T16:00:14.733678941Z: [    2.669285] CPU feature 'AVX registers' is not supported.
[STDERR  ] 2018-04-03T16:00:14.733689395Z: [    2.674960] CPU feature 'AVX registers' is not supported.
[STDERR  ] 2018-04-03T16:00:14.733697845Z: [    2.680620] AVX2 or AES-NI instructions are not detected.
[STDERR  ] 2018-04-03T16:00:14.733707683Z: [    2.686231] AVX2 instructions are not detected.
[STDERR  ] 2018-04-03T16:00:14.733715872Z: [    2.692756] workingset: timestamp_bits=46 max_order=18 bucket_order=0
[STDERR  ] 2018-04-03T16:00:14.733724188Z: [    2.700402] squashfs: version 4.0 (2009/01/31) Phillip Lougher
[STDERR  ] 2018-04-03T16:00:14.733732362Z: [    2.706883] FS-Cache: Netfs 'cifs' registered for caching
[STDERR  ] 2018-04-03T16:00:14.733740670Z: [    2.713646] fuse init (API version 7.26)
[STDERR  ] 2018-04-03T16:00:14.733751212Z: [    2.718135] SGI XFS with ACLs, security attributes, no debug enabled
[STDERR  ] 2018-04-03T16:00:14.733759206Z: [    2.726869] 9p: Installing v9fs 9p2000 file system support
[STDERR  ] 2018-04-03T16:00:14.733771402Z: [    2.732598] FS-Cache: Netfs '9p' registered for caching
[STDERR  ] 2018-04-03T16:00:14.733780049Z: [    2.743879] NET: Registered protocol family 38
[STDERR  ] 2018-04-03T16:00:14.733788268Z: [    2.748424] Key type asymmetric registered
[STDERR  ] 2018-04-03T16:00:14.733796526Z: [    2.752755] Asymmetric key parser 'x509' registered
[STDERR  ] 2018-04-03T16:00:14.733804757Z: [    2.757885] Block layer SCSI generic (bsg) driver version 0.4 loaded (major 247)
[STDERR  ] 2018-04-03T16:00:14.733813052Z: [    2.765913] io scheduler noop registered
[STDERR  ] 2018-04-03T16:00:14.733821261Z: [    2.769979] io scheduler deadline registered (default)
[STDERR  ] 2018-04-03T16:00:14.733829446Z: [    2.775533] io scheduler cfq registered
[STDERR  ] 2018-04-03T16:00:14.733837568Z: [    2.779547] io scheduler mq-deadline registered (default)
[STDERR  ] 2018-04-03T16:00:14.733846117Z: [    2.785218] io scheduler kyber registered
[STDERR  ] 2018-04-03T16:00:14.733858030Z: [    2.789815] shpchp: Standard Hot Plug PCI Controller Driver version: 0.4
[STDERR  ] 2018-04-03T16:00:14.733866561Z: [    2.796621] hv_vmbus: registering driver hyperv_fb
[STDERR  ] 2018-04-03T16:00:14.733874770Z: [    2.801883] input: Power Button as /devices/LNXSYSTM:00/LNXPWRBN:00/input/input0
[STDERR  ] 2018-04-03T16:00:14.733883122Z: [    2.809652] ACPI: Power Button [PWRF]
[STDERR  ] 2018-04-03T16:00:14.733891343Z: [    2.815016] ACPI: PCI Interrupt Link [GSIG] enabled at IRQ 22
[STDERR  ] 2018-04-03T16:00:14.733899845Z: [    2.827281] ACPI: PCI Interrupt Link [GSIH] enabled at IRQ 23
[STDERR  ] 2018-04-03T16:00:14.733910196Z: [    2.839203] Serial: 8250/16550 driver, 4 ports, IRQ sharing disabled
[STDERR  ] 2018-04-03T16:00:14.733921025Z: [    2.880037] 00:04: ttyS0 at I/O 0x3f8 (irq = 4, base_baud = 115200) is a 16550A
[STDERR  ] 2018-04-03T16:00:14.733929494Z: [    2.889354] Non-volatile memory driver v1.3
[STDERR  ] 2018-04-03T16:00:14.733937553Z: [    2.895703] Hangcheck: starting hangcheck timer 0.9.1 (tick is 180 seconds, margin is 60 seconds).
[STDERR  ] 2018-04-03T16:00:14.733946054Z: [    2.906079] random: crng init done
[STDERR  ] 2018-04-03T16:00:14.733954335Z: [    2.921380] brd: module loaded
[STDERR  ] 2018-04-03T16:00:14.733962825Z: [    2.937373] loop: module loaded
[STDERR  ] 2018-04-03T16:00:14.733971102Z: [    2.953652] lpc_ich 0000:00:1f.0: I/O space for GPIO uninitialized
[STDERR  ] 2018-04-03T16:00:14.733979605Z: [    2.960696] VMware PVSCSI driver - version 1.0.7.0-k
[STDERR  ] 2018-04-03T16:00:14.733993376Z: [    2.966024] hv_vmbus: registering driver hv_storvsc
[STDERR  ] 2018-04-03T16:00:14.734002736Z: [    2.972207] ACPI: PCI Interrupt Link [GSIA] enabled at IRQ 16
[STDERR  ] 2018-04-03T16:00:14.734010924Z: [    2.982072] ahci 0000:00:1f.2: AHCI 0001.0000 32 slots 6 ports 1.5 Gbps 0x3f impl SATA mode
[STDERR  ] 2018-04-03T16:00:14.734019713Z: [    2.991223] ahci 0000:00:1f.2: flags: 64bit ncq only 
[STDERR  ] 2018-04-03T16:00:14.734029784Z: [    3.000399] scsi host0: ahci
[STDERR  ] 2018-04-03T16:00:14.734040556Z: [    3.003606] scsi host1: ahci
[STDERR  ] 2018-04-03T16:00:14.734048907Z: [    3.006884] scsi host2: ahci
[STDERR  ] 2018-04-03T16:00:14.734060271Z: [    3.010198] scsi host3: ahci
[STDERR  ] 2018-04-03T16:00:14.734073315Z: [    3.013409] scsi host4: ahci
[STDERR  ] 2018-04-03T16:00:14.734087411Z: [    3.016618] scsi host5: ahci
[STDERR  ] 2018-04-03T16:00:14.734101131Z: [    3.019927] ata1: SATA max UDMA/133 abar m4096@0xfebd2000 port 0xfebd2100 irq 24
[STDERR  ] 2018-04-03T16:00:14.734115308Z: [    3.027464] ata2: SATA max UDMA/133 abar m4096@0xfebd2000 port 0xfebd2180 irq 24
[STDERR  ] 2018-04-03T16:00:14.734128474Z: [    3.035234] ata3: SATA max UDMA/133 abar m4096@0xfebd2000 port 0xfebd2200 irq 24
[STDERR  ] 2018-04-03T16:00:14.734139830Z: [    3.042934] ata4: SATA max UDMA/133 abar m4096@0xfebd2000 port 0xfebd2280 irq 24
[STDERR  ] 2018-04-03T16:00:14.734148562Z: [    3.050528] ata5: SATA max UDMA/133 abar m4096@0xfebd2000 port 0xfebd2300 irq 24
[STDERR  ] 2018-04-03T16:00:14.734161228Z: [    3.058305] ata6: SATA max UDMA/133 abar m4096@0xfebd2000 port 0xfebd2380 irq 24
[STDERR  ] 2018-04-03T16:00:14.734170131Z: [    3.068329] tun: Universal TUN/TAP device driver, 1.6
[STDERR  ] 2018-04-03T16:00:14.734178718Z: [    3.078134] VMware vmxnet3 virtual NIC driver - version 1.4.a.0-k-NAPI
[STDERR  ] 2018-04-03T16:00:14.734187144Z: [    3.084987] hv_vmbus: registering driver hv_netvsc
[STDERR  ] 2018-04-03T16:00:14.734195730Z: [    3.089780] Fusion MPT base driver 3.04.20
[STDERR  ] 2018-04-03T16:00:14.734204095Z: [    3.094042] Copyright (c) 1999-2008 LSI Corporation
[STDERR  ] 2018-04-03T16:00:14.734212408Z: [    3.099055] Fusion MPT SPI Host driver 3.04.20
[STDERR  ] 2018-04-03T16:00:14.734220776Z: [    3.103851] i8042: PNP: PS/2 Controller [PNP0303:KBD,PNP0f13:MOU] at 0x60,0x64 irq 1,12
[STDERR  ] 2018-04-03T16:00:14.734229567Z: [    3.115435] serio: i8042 KBD port at 0x60,0x64 irq 1
[STDERR  ] 2018-04-03T16:00:14.734241864Z: [    3.120699] serio: i8042 AUX port at 0x60,0x64 irq 12
[STDERR  ] 2018-04-03T16:00:14.734253002Z: [    3.126131] hv_vmbus: registering driver hyperv_keyboard
[STDERR  ] 2018-04-03T16:00:14.734261758Z: [    3.132017] mousedev: PS/2 mouse device common for all mice
[STDERR  ] 2018-04-03T16:00:14.734270374Z: [    3.139081] input: AT Translated Set 2 keyboard as /devices/platform/i8042/serio0/input/input1
[STDERR  ] 2018-04-03T16:00:14.734279050Z: [    3.147854] input: PC Speaker as /devices/platform/pcspkr/input/input2
[STDERR  ] 2018-04-03T16:00:14.734290578Z: [    3.154919] rtc_cmos 00:00: RTC can wake from S4
[STDERR  ] 2018-04-03T16:00:14.734298950Z: [    3.161950] rtc_cmos 00:00: rtc core: registered rtc_cmos as rtc0
[STDERR  ] 2018-04-03T16:00:14.734309140Z: [    3.169137] rtc_cmos 00:00: alarms up to one day, y3k, 114 bytes nvram, hpet irqs
[STDERR  ] 2018-04-03T16:00:14.734317784Z: [    3.176713] i2c /dev entries driver
[STDERR  ] 2018-04-03T16:00:14.734327854Z: [    3.180988] device-mapper: ioctl: 4.37.0-ioctl (2017-09-20) initialised: dm-devel@redhat.com
[STDERR  ] 2018-04-03T16:00:14.734336594Z: [    3.191628] usbcore: registered new interface driver usbhid
[STDERR  ] 2018-04-03T16:00:14.734344880Z: [    3.198024] usbhid: USB HID core driver
[STDERR  ] 2018-04-03T16:00:14.734353528Z: [    3.202554] hv_utils: Registering HyperV Utility Driver
[STDERR  ] 2018-04-03T16:00:14.734361622Z: [    3.208297] hv_vmbus: registering driver hv_util
[STDERR  ] 2018-04-03T16:00:14.734369700Z: [    3.213596] hv_vmbus: registering driver hv_balloon
[STDERR  ] 2018-04-03T16:00:14.734377801Z: [    3.219037] oprofile: using NMI interrupt.
[STDERR  ] 2018-04-03T16:00:14.734386042Z: [    3.223469] GACT probability on
[STDERR  ] 2018-04-03T16:00:14.734396670Z: [    3.226701] Mirror/redirect action on
[STDERR  ] 2018-04-03T16:00:14.734404928Z: [    3.230667] Simple TC action Loaded
[STDERR  ] 2018-04-03T16:00:14.734413134Z: [    3.234251] u32 classifier
[STDERR  ] 2018-04-03T16:00:14.734421538Z: [    3.237077]     Performance counters on
[STDERR  ] 2018-04-03T16:00:14.734429861Z: [    3.241232]     input device check on
[STDERR  ] 2018-04-03T16:00:14.734438224Z: [    3.245137]     Actions configured
[STDERR  ] 2018-04-03T16:00:14.734446448Z: [    3.248744] Netfilter messages via NETLINK v0.30.
[STDERR  ] 2018-04-03T16:00:14.734454661Z: [    3.253817] nfnl_acct: registering with nfnetlink.
[STDERR  ] 2018-04-03T16:00:14.734463088Z: [    3.258761] nf_conntrack version 0.5.0 (8192 buckets, 32768 max)
[STDERR  ] 2018-04-03T16:00:14.734471274Z: [    3.264969] ctnetlink v0.93: registering with nfnetlink.
[STDERR  ] 2018-04-03T16:00:14.734479491Z: [    3.270514] nf_tables: (c) 2007-2009 Patrick McHardy <kaber@trash.net>
[STDERR  ] 2018-04-03T16:00:14.734487711Z: [    3.279208] nf_tables_compat: (c) 2012 Pablo Neira Ayuso <pablo@netfilter.org>
[STDERR  ] 2018-04-03T16:00:14.734496377Z: [    3.287080] xt_time: kernel timezone is -0000
[STDERR  ] 2018-04-03T16:00:14.734504708Z: [    3.292087] ip_set: protocol 6
[STDERR  ] 2018-04-03T16:00:14.734513026Z: [    3.295224] IPVS: Registered protocols (TCP, UDP, SCTP, AH, ESP)
[STDERR  ] 2018-04-03T16:00:14.734526366Z: [    3.301677] IPVS: Connection hash table configured (size=4096, memory=64Kbytes)
[STDERR  ] 2018-04-03T16:00:14.734535151Z: [    3.309337] IPVS: ipvs loaded.
[STDERR  ] 2018-04-03T16:00:14.734543480Z: [    3.312527] IPVS: [rr] scheduler registered.
[STDERR  ] 2018-04-03T16:00:14.734552013Z: [    3.317235] IPVS: [wrr] scheduler registered.
[STDERR  ] 2018-04-03T16:00:14.734560207Z: [    3.321714] IPVS: [lc] scheduler registered.
[STDERR  ] 2018-04-03T16:00:14.734568897Z: [    3.326367] IPVS: [wlc] scheduler registered.
[STDERR  ] 2018-04-03T16:00:14.734579024Z: [    3.330883] IPVS: [fo] scheduler registered.
[STDERR  ] 2018-04-03T16:00:14.734587366Z: [    3.335559] IPVS: [ovf] scheduler registered.
[STDERR  ] 2018-04-03T16:00:14.734595653Z: [    3.339983] IPVS: [lblc] scheduler registered.
[STDERR  ] 2018-04-03T16:00:14.734603853Z: [    3.344864] IPVS: [lblcr] scheduler registered.
[STDERR  ] 2018-04-03T16:00:14.734615966Z: [    3.349440] IPVS: [dh] scheduler registered.
[STDERR  ] 2018-04-03T16:00:14.734624708Z: [    3.354229] IPVS: [sh] scheduler registered.
[STDERR  ] 2018-04-03T16:00:14.734632817Z: [    3.358797] IPVS: [sed] scheduler registered.
[STDERR  ] 2018-04-03T16:00:14.734641067Z: [    3.363788] IPVS: [nq] scheduler registered.
[STDERR  ] 2018-04-03T16:00:14.734649368Z: [    3.368295] IPVS: ftp: loaded support on port[0] = 21
[STDERR  ] 2018-04-03T16:00:14.734657597Z: [    3.374065] ipip: IPv4 and MPLS over IPv4 tunneling driver
[STDERR  ] 2018-04-03T16:00:14.734666027Z: [    3.380267] gre: GRE over IPv4 demultiplexor driver
[STDERR  ] 2018-04-03T16:00:14.734674186Z: [    3.385530] ip_tables: (C) 2000-2006 Netfilter Core Team
[STDERR  ] 2018-04-03T16:00:14.734682320Z: [    3.391643] ata5: SATA link down (SStatus 0 SControl 300)
[STDERR  ] 2018-04-03T16:00:14.734698555Z: [    3.397942] ata4: SATA link down (SStatus 0 SControl 300)
[STDERR  ] 2018-04-03T16:00:14.734711155Z: [    3.404291] ata3: SATA link up 1.5 Gbps (SStatus 113 SControl 300)
[STDERR  ] 2018-04-03T16:00:14.734726226Z: [    3.411116] ata2: SATA link down (SStatus 0 SControl 300)
[STDERR  ] 2018-04-03T16:00:14.734744587Z: [    3.417500] ata1: SATA link down (SStatus 0 SControl 300)
[STDERR  ] 2018-04-03T16:00:14.734758334Z: [    3.423885] ata6: SATA link down (SStatus 0 SControl 300)
[STDERR  ] 2018-04-03T16:00:14.734771602Z: [    3.429644] ipt_CLUSTERIP: ClusterIP Version 0.8 loaded successfully
[STDERR  ] 2018-04-03T16:00:14.734781043Z: [    3.436227] ata3.00: ATAPI: QEMU DVD-ROM, 2.5+, max UDMA/100
[STDERR  ] 2018-04-03T16:00:14.734789546Z: [    3.442048] ata3.00: applying bridge limits
[STDERR  ] 2018-04-03T16:00:14.734797897Z: [    3.446653] arp_tables: arp_tables: (C) 2002 David S. Miller
[STDERR  ] 2018-04-03T16:00:14.734806268Z: [    3.453235] ata3.00: configured for UDMA/100
[STDERR  ] 2018-04-03T16:00:14.734814603Z: [    3.458885] scsi 2:0:0:0: CD-ROM            QEMU     QEMU DVD-ROM     2.5+ PQ: 0 ANSI: 5
[STDERR  ] 2018-04-03T16:00:14.734825438Z: [    3.468221] NET: Registered protocol family 10
[STDERR  ] 2018-04-03T16:00:14.734833781Z: [    3.474807] Segment Routing with IPv6
[STDERR  ] 2018-04-03T16:00:14.734842100Z: [    3.478929] ip6_tables: (C) 2000-2006 Netfilter Core Team
[STDERR  ] 2018-04-03T16:00:14.734853377Z: [    3.485462] NET: Registered protocol family 17
[STDERR  ] 2018-04-03T16:00:14.734867352Z: [    3.490501] Bridge firewalling registered
[STDERR  ] 2018-04-03T16:00:14.734885469Z: [    3.494596] Ebtables v2.0 registered
[STDERR  ] 2018-04-03T16:00:14.734897923Z: [    3.498298] 8021q: 802.1Q VLAN Support v1.8
[STDERR  ] 2018-04-03T16:00:14.734912516Z: [    3.502692] 9pnet: Installing 9P2000 support
[STDERR  ] 2018-04-03T16:00:14.734927362Z: [    3.507094] Key type dns_resolver registered
[STDERR  ] 2018-04-03T16:00:14.734935933Z: [    3.512169] registered taskstats version 1
[STDERR  ] 2018-04-03T16:00:14.734944383Z: [    3.520938] sr 2:0:0:0: [sr0] scsi3-mmc drive: 4x/4x cd/rw xa/form2 tray
[STDERR  ] 2018-04-03T16:00:14.734952943Z: [    3.528704] cdrom: Uniform CD-ROM driver Revision: 3.20
[STDERR  ] 2018-04-03T16:00:14.734966440Z: [    3.538939] sr 2:0:0:0: Attached scsi generic sg0 type 5
[STDERR  ] 2018-04-03T16:00:14.734975813Z: [    3.544996] Key type big_key registered
[STDERR  ] 2018-04-03T16:00:14.734983989Z: [    3.552866] Key type trusted registered
[STDERR  ] 2018-04-03T16:00:14.735000560Z: [    3.560273] Key type encrypted registered
[STDERR  ] 2018-04-03T16:00:14.735009000Z: [    3.564590] ima: No TPM chip found, activating TPM-bypass! (rc=-19)
[STDERR  ] 2018-04-03T16:00:14.735017396Z: [    3.571574] evm: HMAC attrs: 0x1
[STDERR  ] 2018-04-03T16:00:14.735029059Z: [    3.576917] rtc_cmos 00:00: setting system clock to 2018-04-03 16:00:10 UTC (1522771210)
[STDERR  ] 2018-04-03T16:00:14.735037833Z: [    3.589981] Freeing unused kernel memory: 1516K
[STDERR  ] 2018-04-03T16:00:14.735046046Z: [    3.594774] Write protecting the kernel read-only data: 18432k
[STDERR  ] 2018-04-03T16:00:14.735058836Z: [    3.601596] Freeing unused kernel memory: 2024K
[STDERR  ] 2018-04-03T16:00:14.735067920Z: [    3.609222] Freeing unused kernel memory: 1084K
[STDERR  ] 2018-04-03T16:00:14.735075867Z: 
[STDERR  ] 2018-04-03T16:00:14.735086760Z: Welcome to LinuxKit
[STDERR  ] 2018-04-03T16:00:14.735103373Z: 
[STDERR  ] 2018-04-03T16:00:14.735111777Z:                         ##         .
[STDERR  ] 2018-04-03T16:00:14.735120094Z:                   ## ## ##        ==
[STDERR  ] 2018-04-03T16:00:14.735128343Z:                ## ## ## ## ##    ===
[STDERR  ] 2018-04-03T16:00:14.735141920Z:            /"""""""""""""""""\___/ ===
[STDERR  ] 2018-04-03T16:00:14.735155311Z:           {                       /  ===-
[STDERR  ] 2018-04-03T16:00:14.735168869Z:            \______ O           __/
[STDERR  ] 2018-04-03T16:00:14.735182020Z:              \    \         __/
[STDERR  ] 2018-04-03T16:00:14.735195113Z:               \____\_______/
[STDERR  ] 2018-04-03T16:00:14.735205282Z: 
[STDERR  ] 2018-04-03T16:00:14.735213532Z: [    4.141510] hello_world: loading out-of-tree module taints kernel.
[STDERR  ] 2018-04-03T16:00:14.735222818Z: [    4.149886] Hello LinuxKit
[STDERR  ] 2018-04-03T16:00:14.735231298Z: [    4.156566] Goodbye LinuxKit.
[STDERR  ] 2018-04-03T16:00:14.735239766Z: Linux linuxkit-feded2537393 4.15.15-linuxkit #1 SMP Sun Apr 1 17:00:39 UTC 2018 x86_64 Linux
[STDERR  ] 2018-04-03T16:00:14.735248542Z: filename:       hello_world.ko
[STDERR  ] 2018-04-03T16:00:14.735256693Z: author:         Rolf Neugebauer <rolf.neugebauer@docker.com>
[STDERR  ] 2018-04-03T16:00:14.735265249Z: description:    A simple Hello World kernel module for testing
[STDERR  ] 2018-04-03T16:00:14.735278772Z: license:        GPL
[STDERR  ] 2018-04-03T16:00:14.735287312Z: depends:        
[STDERR  ] 2018-04-03T16:00:14.735295683Z: vermagic:       4.15.15-linuxkit SMP mod_unload modversions RANDSTRUCT_PLUGIN_8a1054c1ea521edb1d979a7c9c1238be039a7927983290b4fb71358907640b35
[STDERR  ] 2018-04-03T16:00:14.735305049Z: Kernel module test suite PASSED
[STDERR  ] 2018-04-03T16:00:14.735313129Z: [    7.234206] ACPI: Preparing to enter system sleep state S5
[STDERR  ] 2018-04-03T16:00:14.735321613Z: [    7.242090] reboot: Power down
[STDERR  ] 2018-04-03T16:00:14.735329980Z: + echo [    0.000000] Linux version 4.15.15-linuxkit (root@1addec4162a6) (gcc version 6.4.0 (Alpine 6.4.0)) #1 SMP Sun Apr 1 17:00:39 UTC 2018
[STDERR  ] 2018-04-03T16:00:14.735338620Z: [    0.000000] Command line: console=ttyS0 console=ttyAMA0
[STDERR  ] 2018-04-03T16:00:14.735351473Z: [    0.000000] x86/fpu: x87 FPU will use FXSAVE
[STDERR  ] 2018-04-03T16:00:14.735368169Z: [    0.000000] e820: BIOS-provided physical RAM map:
[STDERR  ] 2018-04-03T16:00:14.735376665Z: [    0.000000] BIOS-e820: [mem 0x0000000000000000-0x000000000009fbff] usable
[STDERR  ] 2018-04-03T16:00:14.735385327Z: [    0.000000] BIOS-e820: [mem 0x000000000009fc00-0x000000000009ffff] reserved
[STDERR  ] 2018-04-03T16:00:14.735407356Z: [    0.000000] BIOS-e820: [mem 0x00000000000f0000-0x00000000000fffff] reserved
[STDERR  ] 2018-04-03T16:00:14.735421582Z: [    0.000000] BIOS-e820: [mem 0x0000000000100000-0x000000003ffdefff] usable
[STDERR  ] 2018-04-03T16:00:14.735440271Z: [    0.000000] BIOS-e820: [mem 0x000000003ffdf000-0x000000003fffffff] reserved
[STDERR  ] 2018-04-03T16:00:14.735453967Z: [    0.000000] BIOS-e820: [mem 0x00000000b0000000-0x00000000bfffffff] reserved
[STDERR  ] 2018-04-03T16:00:14.735466605Z: [    0.000000] BIOS-e820: [mem 0x00000000fed1c000-0x00000000fed1ffff] reserved
[STDERR  ] 2018-04-03T16:00:14.735478935Z: [    0.000000] BIOS-e820: [mem 0x00000000feffc000-0x00000000feffffff] reserved
[STDERR  ] 2018-04-03T16:00:14.735492707Z: [    0.000000] BIOS-e820: [mem 0x00000000fffc0000-0x00000000ffffffff] reserved
[STDERR  ] 2018-04-03T16:00:14.735508056Z: [    0.000000] NX (Execute Disable) protection: active
[STDERR  ] 2018-04-03T16:00:14.735525896Z: [    0.000000] random: fast init done
[STDERR  ] 2018-04-03T16:00:14.735540405Z: [    0.000000] SMBIOS 2.8 present.
[STDERR  ] 2018-04-03T16:00:14.735562020Z: [    0.000000] DMI: QEMU Standard PC (Q35 + ICH9, 2009), BIOS rel-1.10.2-0-g5f4c7b1-prebuilt.qemu-project.org 04/01/2014
[STDERR  ] 2018-04-03T16:00:14.735585111Z: [    0.000000] Hypervisor detected: KVM
[STDERR  ] 2018-04-03T16:00:14.735599327Z: [    0.000000] e820: last_pfn = 0x3ffdf max_arch_pfn = 0x400000000
[STDERR  ] 2018-04-03T16:00:14.735615467Z: [    0.000000] x86/PAT: PAT not supported by CPU.
[STDERR  ] 2018-04-03T16:00:14.735628895Z: [    0.000000] x86/PAT: Configuration [0-7]: WB  WT  UC- UC  WB  WT  UC- UC  
[STDERR  ] 2018-04-03T16:00:14.735643980Z: [    0.000000] found SMP MP-table at [mem 0x000f6aa0-0x000f6aaf] mapped at [        (ptrval)]
[STDERR  ] 2018-04-03T16:00:14.735658693Z: [    0.000000] RAMDISK: [mem 0x3e58f000-0x3ffcffff]
[STDERR  ] 2018-04-03T16:00:14.735673353Z: [    0.000000] ACPI: Early table checksum verification disabled
[STDERR  ] 2018-04-03T16:00:14.735687242Z: [    0.000000] ACPI: RSDP 0x00000000000F68B0 000014 (v00 BOCHS )
[STDERR  ] 2018-04-03T16:00:14.735695929Z: [    0.000000] ACPI: RSDT 0x000000003FFE20A8 000034 (v01 BOCHS  BXPCRSDT 00000001 BXPC 00000001)
[STDERR  ] 2018-04-03T16:00:14.735705602Z: [    0.000000] ACPI: FACP 0x000000003FFE1EC8 0000F4 (v03 BOCHS  BXPCFACP 00000001 BXPC 00000001)
[STDERR  ] 2018-04-03T16:00:14.735714000Z: [    0.000000] ACPI: DSDT 0x000000003FFE0040 001E88 (v01 BOCHS  BXPCDSDT 00000001 BXPC 00000001)
[STDERR  ] 2018-04-03T16:00:14.735722247Z: [    0.000000] ACPI: FACS 0x000000003FFE0000 000040
[STDERR  ] 2018-04-03T16:00:14.735730616Z: [    0.000000] ACPI: APIC 0x000000003FFE1FBC 000078 (v01 BOCHS  BXPCAPIC 00000001 BXPC 00000001)
[STDERR  ] 2018-04-03T16:00:14.735738929Z: [    0.000000] ACPI: HPET 0x000000003FFE2034 000038 (v01 BOCHS  BXPCHPET 00000001 BXPC 00000001)
[STDERR  ] 2018-04-03T16:00:14.735747345Z: [    0.000000] ACPI: MCFG 0x000000003FFE206C 00003C (v01 BOCHS  BXPCMCFG 00000001 BXPC 00000001)
[STDERR  ] 2018-04-03T16:00:14.735761809Z: [    0.000000] kvm-clock: cpu 0, msr 0:3ffdc001, primary cpu clock
[STDERR  ] 2018-04-03T16:00:14.735770145Z: [    0.000000] kvm-clock: Using msrs 4b564d01 and 4b564d00
[STDERR  ] 2018-04-03T16:00:14.735778421Z: [    0.000000] clocksource: kvm-clock: mask: 0xffffffffffffffff max_cycles: 0x1cd42e4dffb, max_idle_ns: 881590591483 ns
[STDERR  ] 2018-04-03T16:00:14.735787639Z: [    0.000000] Zone ranges:
[STDERR  ] 2018-04-03T16:00:14.735796163Z: [    0.000000]   DMA      [mem 0x0000000000001000-0x0000000000ffffff]
[STDERR  ] 2018-04-03T16:00:14.735804588Z: [    0.000000]   DMA32    [mem 0x0000000001000000-0x000000003ffdefff]
[STDERR  ] 2018-04-03T16:00:14.735817410Z: [    0.000000]   Normal   empty
[STDERR  ] 2018-04-03T16:00:14.735830510Z: [    0.000000]   Device   empty
[STDERR  ] 2018-04-03T16:00:14.735839110Z: [    0.000000] Movable zone start for each node
[STDERR  ] 2018-04-03T16:00:14.735847266Z: [    0.000000] Early memory node ranges
[STDERR  ] 2018-04-03T16:00:14.735855479Z: [    0.000000]   node   0: [mem 0x0000000000001000-0x000000000009efff]
[STDERR  ] 2018-04-03T16:00:14.735864012Z: [    0.000000]   node   0: [mem 0x0000000000100000-0x000000003ffdefff]
[STDERR  ] 2018-04-03T16:00:14.735881684Z: [    0.000000] Initmem setup node 0 [mem 0x0000000000001000-0x000000003ffdefff]
[STDERR  ] 2018-04-03T16:00:14.735896677Z: [    0.000000] Reserved but unavailable: 98 pages
[STDERR  ] 2018-04-03T16:00:14.735911560Z: [    0.000000] ACPI: PM-Timer IO Port: 0x608
[STDERR  ] 2018-04-03T16:00:14.735920066Z: [    0.000000] ACPI: LAPIC_NMI (acpi_id[0xff] dfl dfl lint[0x1])
[STDERR  ] 2018-04-03T16:00:14.735928457Z: [    0.000000] IOAPIC[0]: apic_id 0, version 17, address 0xfec00000, GSI 0-23
[STDERR  ] 2018-04-03T16:00:14.735943761Z: [    0.000000] ACPI: INT_SRC_OVR (bus 0 bus_irq 0 global_irq 2 dfl dfl)
[STDERR  ] 2018-04-03T16:00:14.735958580Z: [    0.000000] ACPI: INT_SRC_OVR (bus 0 bus_irq 5 global_irq 5 high level)
[STDERR  ] 2018-04-03T16:00:14.735971946Z: [    0.000000] ACPI: INT_SRC_OVR (bus 0 bus_irq 9 global_irq 9 high level)
[STDERR  ] 2018-04-03T16:00:14.735984712Z: [    0.000000] ACPI: INT_SRC_OVR (bus 0 bus_irq 10 global_irq 10 high level)
[STDERR  ] 2018-04-03T16:00:14.736007839Z: [    0.000000] ACPI: INT_SRC_OVR (bus 0 bus_irq 11 global_irq 11 high level)
[STDERR  ] 2018-04-03T16:00:14.736022612Z: [    0.000000] Using ACPI (MADT) for SMP configuration information
[STDERR  ] 2018-04-03T16:00:14.736031137Z: [    0.000000] ACPI: HPET id: 0x8086a201 base: 0xfed00000
[STDERR  ] 2018-04-03T16:00:14.736574749Z: [    0.000000] smpboot: Allowing 1 CPUs, 0 hotplug CPUs
[STDERR  ] 2018-04-03T16:00:14.736640970Z: [    0.000000] e820: [mem 0x40000000-0xafffffff] available for PCI devices
[STDERR  ] 2018-04-03T16:00:14.736701350Z: [    0.000000] Booting paravirtualized kernel on KVM
[STDERR  ] 2018-04-03T16:00:14.736736294Z: [    0.000000] clocksource: refined-jiffies: mask: 0xffffffff max_cycles: 0xffffffff, max_idle_ns: 19112604462750000 ns
[STDERR  ] 2018-04-03T16:00:14.736785743Z: [    0.000000] setup_percpu: NR_CPUS:128 nr_cpumask_bits:128 nr_cpu_ids:1 nr_node_ids:1
[STDERR  ] 2018-04-03T16:00:14.736819032Z: [    0.000000] percpu: Embedded 44 pages/cpu @        (ptrval) s142936 r8192 d29096 u2097152
[STDERR  ] 2018-04-03T16:00:14.736868222Z: [    0.000000] KVM setup async PF for cpu 0
[STDERR  ] 2018-04-03T16:00:14.737221341Z: [    0.000000] kvm-stealtime: cpu 0, msr 3e215f40
[STDERR  ] 2018-04-03T16:00:14.737338085Z: [    0.000000] Built 1 zonelists, mobility grouping on.  Total pages: 257896
[STDERR  ] 2018-04-03T16:00:14.737397444Z: [    0.000000] Kernel command line: console=ttyS0 console=ttyAMA0
[STDERR  ] 2018-04-03T16:00:14.737458848Z: [    0.000000] Dentry cache hash table entries: 131072 (order: 8, 1048576 bytes)
[STDERR  ] 2018-04-03T16:00:14.737519606Z: [    0.000000] Inode-cache hash table entries: 65536 (order: 7, 524288 bytes)
[STDERR  ] 2018-04-03T16:00:14.737585150Z: [    0.000000] Memory: 977888K/1048052K available (12300K kernel code, 1480K rwdata, 3012K rodata, 1516K init, 632K bss, 70164K reserved, 0K cma-reserved)
[STDERR  ] 2018-04-03T16:00:14.737667458Z: [    0.000000] Kernel/User page tables isolation: enabled
[STDERR  ] 2018-04-03T16:00:14.737718777Z: [    0.000000] ftrace: allocating 41309 entries in 162 pages
[STDERR  ] 2018-04-03T16:00:14.737790760Z: [    0.010000] Hierarchical RCU implementation.
[STDERR  ] 2018-04-03T16:00:14.737862967Z: [    0.010000] 	RCU restricting CPUs from NR_CPUS=128 to nr_cpu_ids=1.
[STDERR  ] 2018-04-03T16:00:14.737931284Z: [    0.010000] RCU: Adjusting geometry for rcu_fanout_leaf=16, nr_cpu_ids=1
[STDERR  ] 2018-04-03T16:00:14.738024188Z: [    0.010000] NR_IRQS: 8448, nr_irqs: 256, preallocated irqs: 16
[STDERR  ] 2018-04-03T16:00:14.738062803Z: [    0.010000] Console: colour VGA+ 80x25
[STDERR  ] 2018-04-03T16:00:14.738111059Z: [    0.010000] console [ttyS0] enabled
[STDERR  ] 2018-04-03T16:00:14.738143263Z: [    0.010000] ACPI: Core revision 20170831
[STDERR  ] 2018-04-03T16:00:14.738189356Z: [    0.010000] ACPI: 1 ACPI AML tables successfully acquired and loaded
[STDERR  ] 2018-04-03T16:00:14.738220779Z: [    0.010000] clocksource: hpet: mask: 0xffffffff max_cycles: 0xffffffff, max_idle_ns: 19112604467 ns
[STDERR  ] 2018-04-03T16:00:14.738279479Z: [    0.010056] APIC: Switch to symmetric I/O mode setup
[STDERR  ] 2018-04-03T16:00:14.738317811Z: [    0.017097] x2apic enabled
[STDERR  ] 2018-04-03T16:00:14.738366364Z: [    0.020030] Switched APIC routing to physical x2apic.
[STDERR  ] 2018-04-03T16:00:14.738401286Z: [    0.036225] ..TIMER: vector=0x30 apic1=0 pin1=2 apic2=-1 pin2=-1
[STDERR  ] 2018-04-03T16:00:14.738450029Z: [    0.040000] tsc: Detected 2299.996 MHz processor
[STDERR  ] 2018-04-03T16:00:14.738485104Z: [    0.040000] Calibrating delay loop (skipped) preset value.. 4599.99 BogoMIPS (lpj=22999960)
[STDERR  ] 2018-04-03T16:00:14.738536259Z: [    0.040012] pid_max: default: 32768 minimum: 301
[STDERR  ] 2018-04-03T16:00:14.738566864Z: [    0.050130] Security Framework initialized
[STDERR  ] 2018-04-03T16:00:14.738618766Z: [    0.054555] Yama: becoming mindful.
[STDERR  ] 2018-04-03T16:00:14.738653384Z: [    0.060076] Mount-cache hash table entries: 2048 (order: 2, 16384 bytes)
[STDERR  ] 2018-04-03T16:00:14.738715828Z: [    0.067467] Mountpoint-cache hash table entries: 2048 (order: 2, 16384 bytes)
[STDERR  ] 2018-04-03T16:00:14.738752057Z: [    0.070879] CPU: Physical Processor ID: 0
[STDERR  ] 2018-04-03T16:00:14.738802288Z: [    0.085706] Last level iTLB entries: 4KB 0, 2MB 0, 4MB 0
[STDERR  ] 2018-04-03T16:00:14.738841944Z: [    0.090013] Last level dTLB entries: 4KB 0, 2MB 0, 4MB 0, 1GB 0
[STDERR  ] 2018-04-03T16:00:14.738899398Z: [    0.096576] Spectre V2 : Vulnerable: Minimal generic ASM retpoline
[STDERR  ] 2018-04-03T16:00:14.738932967Z: [    0.112043] Freeing SMP alternatives memory: 20K
[STDERR  ] 2018-04-03T16:00:14.738985240Z: [    0.120000] smpboot: CPU0: Intel QEMU Virtual CPU version 2.5+ (family: 0x6, model: 0x6, stepping: 0x3)
[STDERR  ] 2018-04-03T16:00:14.739032294Z: [    0.120153] Performance Events: PMU not available due to virtualization, using software events only.
[STDERR  ] 2018-04-03T16:00:14.739088541Z: [    0.130395] Hierarchical SRCU implementation.
[STDERR  ] 2018-04-03T16:00:14.739123269Z: [    0.140148] NMI watchdog: Perf event create on CPU 0 failed with -2
[STDERR  ] 2018-04-03T16:00:14.739182109Z: [    0.146934] NMI watchdog: Perf NMI watchdog permanently disabled
[STDERR  ] 2018-04-03T16:00:14.739230938Z: [    0.150114] smp: Bringing up secondary CPUs ...
[STDERR  ] 2018-04-03T16:00:14.739272111Z: [    0.160014] smp: Brought up 1 node, 1 CPU
[STDERR  ] 2018-04-03T16:00:14.739322841Z: [    0.164141] smpboot: Max logical packages: 1
[STDERR  ] 2018-04-03T16:00:14.739357793Z: [    0.170015] smpboot: Total of 1 processors activated (4599.99 BogoMIPS)
[STDERR  ] 2018-04-03T16:00:14.739407603Z: [    0.178119] devtmpfs: initialized
[STDERR  ] 2018-04-03T16:00:14.739440658Z: [    0.180099] x86/mm: Memory block size: 128MB
[STDERR  ] 2018-04-03T16:00:14.739487187Z: [    0.184786] evm: security.ima
[STDERR  ] 2018-04-03T16:00:14.739524789Z: [    0.190010] evm: security.capability
[STDERR  ] 2018-04-03T16:00:14.739572210Z: [    0.193888] clocksource: jiffies: mask: 0xffffffff max_cycles: 0xffffffff, max_idle_ns: 19112604462750000 ns
[STDERR  ] 2018-04-03T16:00:14.739613104Z: [    0.200034] futex hash table entries: 256 (order: 2, 16384 bytes)
[STDERR  ] 2018-04-03T16:00:14.739662717Z: [    0.210291] NET: Registered protocol family 16
[STDERR  ] 2018-04-03T16:00:14.739695140Z: [    0.215086] audit: initializing netlink subsys (disabled)
[STDERR  ] 2018-04-03T16:00:14.739739873Z: [    0.220212] cpuidle: using governor ladder
[STDERR  ] 2018-04-03T16:00:14.739777902Z: [    0.224502] cpuidle: using governor menu
[STDERR  ] 2018-04-03T16:00:14.739826208Z: [    0.228777] ACPI: bus type PCI registered
[STDERR  ] 2018-04-03T16:00:14.739860880Z: [    0.230025] audit: type=2000 audit(1522771206.700:1): state=initialized audit_enabled=0 res=1
[STDERR  ] 2018-04-03T16:00:14.739909499Z: [    0.240497] PCI: MMCONFIG for domain 0000 [bus 00-ff] at [mem 0xb0000000-0xbfffffff] (base 0xb0000000)
[STDERR  ] 2018-04-03T16:00:14.739943196Z: [    0.250031] PCI: MMCONFIG at [mem 0xb0000000-0xbfffffff] reserved in E820
[STDERR  ] 2018-04-03T16:00:14.740002265Z: [    0.256842] PCI: Using configuration type 1 for base access
[STDERR  ] 2018-04-03T16:00:14.740098825Z: [    0.261655] HugeTLB registered 2.00 MiB page size, pre-allocated 0 pages
[STDERR  ] 2018-04-03T16:00:14.740148007Z: [    0.270335] ACPI: Added _OSI(Module Device)
[STDERR  ] 2018-04-03T16:00:14.740184169Z: [    0.274627] ACPI: Added _OSI(Processor Device)
[STDERR  ] 2018-04-03T16:00:14.740229450Z: [    0.280019] ACPI: Added _OSI(3.0 _SCP Extensions)
[STDERR  ] 2018-04-03T16:00:14.740263895Z: [    0.284790] ACPI: Added _OSI(Processor Aggregator Device)
[STDERR  ] 2018-04-03T16:00:14.740294158Z: [    0.295242] ACPI: Interpreter enabled
[STDERR  ] 2018-04-03T16:00:14.740339434Z: [    0.300070] ACPI: (supports S0 S5)
[STDERR  ] 2018-04-03T16:00:14.740370282Z: [    0.303574] ACPI: Using IOAPIC for interrupt routing
[STDERR  ] 2018-04-03T16:00:14.740418375Z: [    0.310096] PCI: Using host bridge windows from ACPI; if necessary, use "pci=nocrs" and report a bug
[STDERR  ] 2018-04-03T16:00:14.740475682Z: [    0.320320] ACPI: Enabled 1 GPEs in block 00 to 3F
[STDERR  ] 2018-04-03T16:00:14.740509149Z: [    0.329499] ACPI: PCI Root Bridge [PCI0] (domain 0000 [bus 00-ff])
[STDERR  ] 2018-04-03T16:00:14.740555158Z: [    0.330025] acpi PNP0A08:00: _OSC: OS supports [ExtendedConfig ASPM ClockPM Segments MSI]
[STDERR  ] 2018-04-03T16:00:14.740589347Z: [    0.340254] acpi PNP0A08:00: _OSC: OS now controls [PCIeHotplug PME PCIeCapability]
[STDERR  ] 2018-04-03T16:00:14.740637734Z: [    0.350172] PCI host bridge to bus 0000:00
[STDERR  ] 2018-04-03T16:00:14.740669675Z: [    0.354498] pci_bus 0000:00: root bus resource [io  0x0000-0x0cf7 window]
[STDERR  ] 2018-04-03T16:00:14.740721616Z: [    0.360017] pci_bus 0000:00: root bus resource [io  0x0d00-0xffff window]
[STDERR  ] 2018-04-03T16:00:14.740759601Z: [    0.370018] pci_bus 0000:00: root bus resource [mem 0x000a0000-0x000bffff window]
[STDERR  ] 2018-04-03T16:00:14.740794338Z: [    0.377804] pci_bus 0000:00: root bus resource [mem 0xc0000000-0xfebfffff window]
[STDERR  ] 2018-04-03T16:00:14.740847427Z: [    0.380019] pci_bus 0000:00: root bus resource [bus 00-ff]
[STDERR  ] 2018-04-03T16:00:14.740881998Z: [    0.520724] pci 0000:00:1f.0: quirk: [io  0x0600-0x067f] claimed by ICH6 ACPI/GPIO/TCO
[STDERR  ] 2018-04-03T16:00:14.740917698Z: [    0.584026] ACPI: PCI Interrupt Link [LNKA] (IRQs 5 *10 11)
[STDERR  ] 2018-04-03T16:00:14.740964001Z: [    0.590444] ACPI: PCI Interrupt Link [LNKB] (IRQs 5 *10 11)
[STDERR  ] 2018-04-03T16:00:14.741012469Z: [    0.596711] ACPI: PCI Interrupt Link [LNKC] (IRQs 5 10 *11)
[STDERR  ] 2018-04-03T16:00:14.741048611Z: [    0.600389] ACPI: PCI Interrupt Link [LNKD] (IRQs 5 10 *11)
[STDERR  ] 2018-04-03T16:00:14.741084241Z: [    0.610370] ACPI: PCI Interrupt Link [LNKE] (IRQs 5 *10 11)
[STDERR  ] 2018-04-03T16:00:14.741120864Z: [    0.616853] ACPI: PCI Interrupt Link [LNKF] (IRQs 5 *10 11)
[STDERR  ] 2018-04-03T16:00:14.741155701Z: [    0.620331] ACPI: PCI Interrupt Link [LNKG] (IRQs 5 10 *11)
[STDERR  ] 2018-04-03T16:00:14.741207322Z: [    0.630328] ACPI: PCI Interrupt Link [LNKH] (IRQs 5 10 *11)
[STDERR  ] 2018-04-03T16:00:14.741243033Z: [    0.636374] ACPI: PCI Interrupt Link [GSIA] (IRQs *16)
[STDERR  ] 2018-04-03T16:00:14.741276404Z: [    0.640047] ACPI: PCI Interrupt Link [GSIB] (IRQs *17)
[STDERR  ] 2018-04-03T16:00:14.741308992Z: [    0.645654] ACPI: PCI Interrupt Link [GSIC] (IRQs *18)
[STDERR  ] 2018-04-03T16:00:14.741342194Z: [    0.650049] ACPI: PCI Interrupt Link [GSID] (IRQs *19)
[STDERR  ] 2018-04-03T16:00:14.741374308Z: [    0.655584] ACPI: PCI Interrupt Link [GSIE] (IRQs *20)
[STDERR  ] 2018-04-03T16:00:14.741404619Z: [    0.660047] ACPI: PCI Interrupt Link [GSIF] (IRQs *21)
[STDERR  ] 2018-04-03T16:00:14.741437787Z: [    0.670048] ACPI: PCI Interrupt Link [GSIG] (IRQs *22)
[STDERR  ] 2018-04-03T16:00:14.741471029Z: [    0.675910] ACPI: PCI Interrupt Link [GSIH] (IRQs *23)
[STDERR  ] 2018-04-03T16:00:14.741511054Z: [    0.680507] SCSI subsystem initialized
[STDERR  ] 2018-04-03T16:00:14.741552621Z: [    0.684719] ACPI: bus type USB registered
[STDERR  ] 2018-04-03T16:00:14.741607426Z: [    0.690068] usbcore: registered new interface driver usbfs
[STDERR  ] 2018-04-03T16:00:14.741645210Z: [    0.696140] usbcore: registered new interface driver hub
[STDERR  ] 2018-04-03T16:00:14.741679106Z: [    0.700057] usbcore: registered new device driver usb
[STDERR  ] 2018-04-03T16:00:14.741711389Z: [    0.705638] pps_core: LinuxPPS API ver. 1 registered
[STDERR  ] 2018-04-03T16:00:14.741743036Z: [    0.710012] pps_core: Software ver. 5.3.6 - Copyright 2005-2007 Rodolfo Giometti <giometti@linux.it>
[STDERR  ] 2018-04-03T16:00:14.741774244Z: [    0.720031] PTP clock support registered
[STDERR  ] 2018-04-03T16:00:14.741803481Z: [    0.724288] PCI: Using ACPI for IRQ routing
[STDERR  ] 2018-04-03T16:00:14.741834714Z: [    1.128558] NetLabel: Initializing
[STDERR  ] 2018-04-03T16:00:14.741867112Z: [    1.130011] NetLabel:  domain hash size = 128
[STDERR  ] 2018-04-03T16:00:14.741910041Z: [    1.134858] NetLabel:  protocols = UNLABELED CIPSOv4 CALIPSO
[STDERR  ] 2018-04-03T16:00:14.741942841Z: [    1.140066] NetLabel:  unlabeled traffic allowed by default
[STDERR  ] 2018-04-03T16:00:14.741975383Z: [    1.146149] HPET: 3 timers in total, 0 timers will be used for per-cpu timer
[STDERR  ] 2018-04-03T16:00:14.742023658Z: [    1.150154] hpet0: at MMIO 0xfed00000, IRQs 2, 8, 0
[STDERR  ] 2018-04-03T16:00:14.742056732Z: [    1.160010] hpet0: 3 comparators, 64-bit 100.000000 MHz counter
[STDERR  ] 2018-04-03T16:00:14.742088727Z: [    1.173617] clocksource: Switched to clocksource kvm-clock
[STDERR  ] 2018-04-03T16:00:14.742120303Z: [    1.249695] VFS: Disk quotas dquot_6.6.0
[STDERR  ] 2018-04-03T16:00:14.742153845Z: [    1.253981] VFS: Dquot-cache hash table entries: 512 (order 0, 4096 bytes)
[STDERR  ] 2018-04-03T16:00:14.742186134Z: [    1.261298] FS-Cache: Loaded
[STDERR  ] 2018-04-03T16:00:14.742221070Z: [    1.264494] CacheFiles: Loaded
[STDERR  ] 2018-04-03T16:00:14.742253454Z: [    1.267793] pnp: PnP ACPI init
[STDERR  ] 2018-04-03T16:00:14.742302254Z: [    1.272715] pnp: PnP ACPI: found 5 devices
[STDERR  ] 2018-04-03T16:00:14.742337876Z: [    1.286040] clocksource: acpi_pm: mask: 0xffffff max_cycles: 0xffffff, max_idle_ns: 2085701024 ns
[STDERR  ] 2018-04-03T16:00:14.742375054Z: [    1.295093] NET: Registered protocol family 2
[STDERR  ] 2018-04-03T16:00:14.742407907Z: [    1.299746] TCP established hash table entries: 8192 (order: 4, 65536 bytes)
[STDERR  ] 2018-04-03T16:00:14.742440541Z: [    1.306919] TCP bind hash table entries: 8192 (order: 5, 131072 bytes)
[STDERR  ] 2018-04-03T16:00:14.742473454Z: [    1.313656] TCP: Hash tables configured (established 8192 bind 8192)
[STDERR  ] 2018-04-03T16:00:14.742504874Z: [    1.321848] UDP hash table entries: 512 (order: 2, 16384 bytes)
[STDERR  ] 2018-04-03T16:00:14.742541111Z: [    1.328068] UDP-Lite hash table entries: 512 (order: 2, 16384 bytes)
[STDERR  ] 2018-04-03T16:00:14.742575801Z: [    1.334879] NET: Registered protocol family 1
[STDERR  ] 2018-04-03T16:00:14.742607194Z: [    1.339569] pci 0000:00:01.0: Video device with shadowed ROM at [mem 0x000c0000-0x000dffff]
[STDERR  ] 2018-04-03T16:00:14.742636632Z: [    1.348521] Trying to unpack rootfs image as initramfs...
[STDERR  ] 2018-04-03T16:00:14.742669572Z: [    2.637592] Freeing initrd memory: 26884K
[STDERR  ] 2018-04-03T16:00:14.742702402Z: [    2.646554] PCLMULQDQ-NI instructions are not detected.
[STDERR  ] 2018-04-03T16:00:14.742736304Z: [    2.652455] AVX or AES-NI instructions are not detected.
[STDERR  ] 2018-04-03T16:00:14.742769708Z: [    2.658026] CPU feature 'AVX registers' is not supported.
[STDERR  ] 2018-04-03T16:00:14.742803530Z: [    2.663705] CPU feature 'AVX registers' is not supported.
[STDERR  ] 2018-04-03T16:00:14.742837281Z: [    2.669285] CPU feature 'AVX registers' is not supported.
[STDERR  ] 2018-04-03T16:00:14.742868574Z: [    2.674960] CPU feature 'AVX registers' is not supported.
[STDERR  ] 2018-04-03T16:00:14.742906839Z: [    2.680620] AVX2 or AES-NI instructions are not detected.
[STDERR  ] 2018-04-03T16:00:14.742949800Z: [    2.686231] AVX2 instructions are not detected.
[STDERR  ] 2018-04-03T16:00:14.742996546Z: [    2.692756] workingset: timestamp_bits=46 max_order=18 bucket_order=0
[STDERR  ] 2018-04-03T16:00:14.743037117Z: [    2.700402] squashfs: version 4.0 (2009/01/31) Phillip Lougher
[STDERR  ] 2018-04-03T16:00:14.743081766Z: [    2.706883] FS-Cache: Netfs 'cifs' registered for caching
[STDERR  ] 2018-04-03T16:00:14.743118636Z: [    2.713646] fuse init (API version 7.26)
[STDERR  ] 2018-04-03T16:00:14.743153917Z: [    2.718135] SGI XFS with ACLs, security attributes, no debug enabled
[STDERR  ] 2018-04-03T16:00:14.743190857Z: [    2.726869] 9p: Installing v9fs 9p2000 file system support
[STDERR  ] 2018-04-03T16:00:14.743226844Z: [    2.732598] FS-Cache: Netfs '9p' registered for caching
[STDERR  ] 2018-04-03T16:00:14.743258414Z: [    2.743879] NET: Registered protocol family 38
[STDERR  ] 2018-04-03T16:00:14.743304472Z: [    2.748424] Key type asymmetric registered
[STDERR  ] 2018-04-03T16:00:14.743335479Z: [    2.752755] Asymmetric key parser 'x509' registered
[STDERR  ] 2018-04-03T16:00:14.743371760Z: [    2.757885] Block layer SCSI generic (bsg) driver version 0.4 loaded (major 247)
[STDERR  ] 2018-04-03T16:00:14.743402369Z: [    2.765913] io scheduler noop registered
[STDERR  ] 2018-04-03T16:00:14.743439680Z: [    2.769979] io scheduler deadline registered (default)
[STDERR  ] 2018-04-03T16:00:14.743473666Z: [    2.775533] io scheduler cfq registered
[STDERR  ] 2018-04-03T16:00:14.743507740Z: [    2.779547] io scheduler mq-deadline registered (default)
[STDERR  ] 2018-04-03T16:00:14.743543483Z: [    2.785218] io scheduler kyber registered
[STDERR  ] 2018-04-03T16:00:14.743576313Z: [    2.789815] shpchp: Standard Hot Plug PCI Controller Driver version: 0.4
[STDERR  ] 2018-04-03T16:00:14.743609641Z: [    2.796621] hv_vmbus: registering driver hyperv_fb
[STDERR  ] 2018-04-03T16:00:14.743664132Z: [    2.801883] input: Power Button as /devices/LNXSYSTM:00/LNXPWRBN:00/input/input0
[STDERR  ] 2018-04-03T16:00:14.743699749Z: [    2.809652] ACPI: Power Button [PWRF]
[STDERR  ] 2018-04-03T16:00:14.743735759Z: [    2.815016] ACPI: PCI Interrupt Link [GSIG] enabled at IRQ 22
[STDERR  ] 2018-04-03T16:00:14.743768979Z: [    2.827281] ACPI: PCI Interrupt Link [GSIH] enabled at IRQ 23
[STDERR  ] 2018-04-03T16:00:14.743798810Z: [    2.839203] Serial: 8250/16550 driver, 4 ports, IRQ sharing disabled
[STDERR  ] 2018-04-03T16:00:14.743830359Z: [    2.880037] 00:04: ttyS0 at I/O 0x3f8 (irq = 4, base_baud = 115200) is a 16550A
[STDERR  ] 2018-04-03T16:00:14.743858970Z: [    2.889354] Non-volatile memory driver v1.3
[STDERR  ] 2018-04-03T16:00:14.743890813Z: [    2.895703] Hangcheck: starting hangcheck timer 0.9.1 (tick is 180 seconds, margin is 60 seconds).
[STDERR  ] 2018-04-03T16:00:14.743933721Z: [    2.906079] random: crng init done
[STDERR  ] 2018-04-03T16:00:14.743969580Z: [    2.921380] brd: module loaded
[STDERR  ] 2018-04-03T16:00:14.744015261Z: [    2.937373] loop: module loaded
[STDERR  ] 2018-04-03T16:00:14.744069636Z: [    2.953652] lpc_ich 0000:00:1f.0: I/O space for GPIO uninitialized
[STDERR  ] 2018-04-03T16:00:14.744111201Z: [    2.960696] VMware PVSCSI driver - version 1.0.7.0-k
[STDERR  ] 2018-04-03T16:00:14.744150231Z: [    2.966024] hv_vmbus: registering driver hv_storvsc
[STDERR  ] 2018-04-03T16:00:14.744187445Z: [    2.972207] ACPI: PCI Interrupt Link [GSIA] enabled at IRQ 16
[STDERR  ] 2018-04-03T16:00:14.744219337Z: [    2.982072] ahci 0000:00:1f.2: AHCI 0001.0000 32 slots 6 ports 1.5 Gbps 0x3f impl SATA mode
[STDERR  ] 2018-04-03T16:00:14.744257988Z: [    2.991223] ahci 0000:00:1f.2: flags: 64bit ncq only 
[STDERR  ] 2018-04-03T16:00:14.744290724Z: [    3.000399] scsi host0: ahci
[STDERR  ] 2018-04-03T16:00:14.744322472Z: [    3.003606] scsi host1: ahci
[STDERR  ] 2018-04-03T16:00:14.744354530Z: [    3.006884] scsi host2: ahci
[STDERR  ] 2018-04-03T16:00:14.744386419Z: [    3.010198] scsi host3: ahci
[STDERR  ] 2018-04-03T16:00:14.744418764Z: [    3.013409] scsi host4: ahci
[STDERR  ] 2018-04-03T16:00:14.744457422Z: [    3.016618] scsi host5: ahci
[STDERR  ] 2018-04-03T16:00:14.744491993Z: [    3.019927] ata1: SATA max UDMA/133 abar m4096@0xfebd2000 port 0xfebd2100 irq 24
[STDERR  ] 2018-04-03T16:00:14.744527732Z: [    3.027464] ata2: SATA max UDMA/133 abar m4096@0xfebd2000 port 0xfebd2180 irq 24
[STDERR  ] 2018-04-03T16:00:14.744562862Z: [    3.035234] ata3: SATA max UDMA/133 abar m4096@0xfebd2000 port 0xfebd2200 irq 24
[STDERR  ] 2018-04-03T16:00:14.744597977Z: [    3.042934] ata4: SATA max UDMA/133 abar m4096@0xfebd2000 port 0xfebd2280 irq 24
[STDERR  ] 2018-04-03T16:00:14.744631684Z: [    3.050528] ata5: SATA max UDMA/133 abar m4096@0xfebd2000 port 0xfebd2300 irq 24
[STDERR  ] 2018-04-03T16:00:14.744665330Z: [    3.058305] ata6: SATA max UDMA/133 abar m4096@0xfebd2000 port 0xfebd2380 irq 24
[STDERR  ] 2018-04-03T16:00:14.744700693Z: [    3.068329] tun: Universal TUN/TAP device driver, 1.6
[STDERR  ] 2018-04-03T16:00:14.744747424Z: [    3.078134] VMware vmxnet3 virtual NIC driver - version 1.4.a.0-k-NAPI
[STDERR  ] 2018-04-03T16:00:14.744782587Z: [    3.084987] hv_vmbus: registering driver hv_netvsc
[STDERR  ] 2018-04-03T16:00:14.744817168Z: [    3.089780] Fusion MPT base driver 3.04.20
[STDERR  ] 2018-04-03T16:00:14.744851764Z: [    3.094042] Copyright (c) 1999-2008 LSI Corporation
[STDERR  ] 2018-04-03T16:00:14.744887639Z: [    3.099055] Fusion MPT SPI Host driver 3.04.20
[STDERR  ] 2018-04-03T16:00:14.744919612Z: [    3.103851] i8042: PNP: PS/2 Controller [PNP0303:KBD,PNP0f13:MOU] at 0x60,0x64 irq 1,12
[STDERR  ] 2018-04-03T16:00:14.744956411Z: [    3.115435] serio: i8042 KBD port at 0x60,0x64 irq 1
[STDERR  ] 2018-04-03T16:00:14.745000599Z: [    3.120699] serio: i8042 AUX port at 0x60,0x64 irq 12
[STDERR  ] 2018-04-03T16:00:14.745041952Z: [    3.126131] hv_vmbus: registering driver hyperv_keyboard
[STDERR  ] 2018-04-03T16:00:14.745077492Z: [    3.132017] mousedev: PS/2 mouse device common for all mice
[STDERR  ] 2018-04-03T16:00:14.745111254Z: [    3.139081] input: AT Translated Set 2 keyboard as /devices/platform/i8042/serio0/input/input1
[STDERR  ] 2018-04-03T16:00:14.745146059Z: [    3.147854] input: PC Speaker as /devices/platform/pcspkr/input/input2
[STDERR  ] 2018-04-03T16:00:14.745180280Z: [    3.154919] rtc_cmos 00:00: RTC can wake from S4
[STDERR  ] 2018-04-03T16:00:14.745217050Z: [    3.161950] rtc_cmos 00:00: rtc core: registered rtc_cmos as rtc0
[STDERR  ] 2018-04-03T16:00:14.745252059Z: [    3.169137] rtc_cmos 00:00: alarms up to one day, y3k, 114 bytes nvram, hpet irqs
[STDERR  ] 2018-04-03T16:00:14.745285808Z: [    3.176713] i2c /dev entries driver
[STDERR  ] 2018-04-03T16:00:14.745323656Z: [    3.180988] device-mapper: ioctl: 4.37.0-ioctl (2017-09-20) initialised: dm-devel@redhat.com
[STDERR  ] 2018-04-03T16:00:14.745358884Z: [    3.191628] usbcore: registered new interface driver usbhid
[STDERR  ] 2018-04-03T16:00:14.745392870Z: [    3.198024] usbhid: USB HID core driver
[STDERR  ] 2018-04-03T16:00:14.745427134Z: [    3.202554] hv_utils: Registering HyperV Utility Driver
[STDERR  ] 2018-04-03T16:00:14.745468105Z: [    3.208297] hv_vmbus: registering driver hv_util
[STDERR  ] 2018-04-03T16:00:14.745506912Z: [    3.213596] hv_vmbus: registering driver hv_balloon
[STDERR  ] 2018-04-03T16:00:14.745545841Z: [    3.219037] oprofile: using NMI interrupt.
[STDERR  ] 2018-04-03T16:00:14.745579307Z: [    3.223469] GACT probability on
[STDERR  ] 2018-04-03T16:00:14.745612181Z: [    3.226701] Mirror/redirect action on
[STDERR  ] 2018-04-03T16:00:14.745654312Z: [    3.230667] Simple TC action Loaded
[STDERR  ] 2018-04-03T16:00:14.745714516Z: [    3.234251] u32 classifier
[STDERR  ] 2018-04-03T16:00:14.745757467Z: [    3.237077]     Performance counters on
[STDERR  ] 2018-04-03T16:00:14.745793545Z: [    3.241232]     input device check on
[STDERR  ] 2018-04-03T16:00:14.745827886Z: [    3.245137]     Actions configured
[STDERR  ] 2018-04-03T16:00:14.745867011Z: [    3.248744] Netfilter messages via NETLINK v0.30.
[STDERR  ] 2018-04-03T16:00:14.745903206Z: [    3.253817] nfnl_acct: registering with nfnetlink.
[STDERR  ] 2018-04-03T16:00:14.745943618Z: [    3.258761] nf_conntrack version 0.5.0 (8192 buckets, 32768 max)
[STDERR  ] 2018-04-03T16:00:14.745983291Z: [    3.264969] ctnetlink v0.93: registering with nfnetlink.
[STDERR  ] 2018-04-03T16:00:14.746026705Z: [    3.270514] nf_tables: (c) 2007-2009 Patrick McHardy <kaber@trash.net>
[STDERR  ] 2018-04-03T16:00:14.746063309Z: [    3.279208] nf_tables_compat: (c) 2012 Pablo Neira Ayuso <pablo@netfilter.org>
[STDERR  ] 2018-04-03T16:00:14.746100685Z: [    3.287080] xt_time: kernel timezone is -0000
[STDERR  ] 2018-04-03T16:00:14.746139201Z: [    3.292087] ip_set: protocol 6
[STDERR  ] 2018-04-03T16:00:14.746173028Z: [    3.295224] IPVS: Registered protocols (TCP, UDP, SCTP, AH, ESP)
[STDERR  ] 2018-04-03T16:00:14.746211145Z: [    3.301677] IPVS: Connection hash table configured (size=4096, memory=64Kbytes)
[STDERR  ] 2018-04-03T16:00:14.746249639Z: [    3.309337] IPVS: ipvs loaded.
[STDERR  ] 2018-04-03T16:00:14.746313918Z: [    3.312527] IPVS: [rr] scheduler registered.
[STDERR  ] 2018-04-03T16:00:14.746350144Z: [    3.317235] IPVS: [wrr] scheduler registered.
[STDERR  ] 2018-04-03T16:00:14.746384311Z: [    3.321714] IPVS: [lc] scheduler registered.
[STDERR  ] 2018-04-03T16:00:14.746417090Z: [    3.326367] IPVS: [wlc] scheduler registered.
[STDERR  ] 2018-04-03T16:00:14.746450921Z: [    3.330883] IPVS: [fo] scheduler registered.
[STDERR  ] 2018-04-03T16:00:14.746484333Z: [    3.335559] IPVS: [ovf] scheduler registered.
[STDERR  ] 2018-04-03T16:00:14.746517702Z: [    3.339983] IPVS: [lblc] scheduler registered.
[STDERR  ] 2018-04-03T16:00:14.746556151Z: [    3.344864] IPVS: [lblcr] scheduler registered.
[STDERR  ] 2018-04-03T16:00:14.746595897Z: [    3.349440] IPVS: [dh] scheduler registered.
[STDERR  ] 2018-04-03T16:00:14.746629404Z: [    3.354229] IPVS: [sh] scheduler registered.
[STDERR  ] 2018-04-03T16:00:14.746664325Z: [    3.358797] IPVS: [sed] scheduler registered.
[STDERR  ] 2018-04-03T16:00:14.746698964Z: [    3.363788] IPVS: [nq] scheduler registered.
[STDERR  ] 2018-04-03T16:00:14.746731485Z: [    3.368295] IPVS: ftp: loaded support on port[0] = 21
[STDERR  ] 2018-04-03T16:00:14.746767552Z: [    3.374065] ipip: IPv4 and MPLS over IPv4 tunneling driver
[STDERR  ] 2018-04-03T16:00:14.746806047Z: [    3.380267] gre: GRE over IPv4 demultiplexor driver
[STDERR  ] 2018-04-03T16:00:14.746840704Z: [    3.385530] ip_tables: (C) 2000-2006 Netfilter Core Team
[STDERR  ] 2018-04-03T16:00:14.746874208Z: [    3.391643] ata5: SATA link down (SStatus 0 SControl 300)
[STDERR  ] 2018-04-03T16:00:14.746908870Z: [    3.397942] ata4: SATA link down (SStatus 0 SControl 300)
[STDERR  ] 2018-04-03T16:00:14.746948374Z: [    3.404291] ata3: SATA link up 1.5 Gbps (SStatus 113 SControl 300)
[STDERR  ] 2018-04-03T16:00:14.746984524Z: [    3.411116] ata2: SATA link down (SStatus 0 SControl 300)
[STDERR  ] 2018-04-03T16:00:14.747032165Z: [    3.417500] ata1: SATA link down (SStatus 0 SControl 300)
[STDERR  ] 2018-04-03T16:00:14.747062747Z: [    3.423885] ata6: SATA link down (SStatus 0 SControl 300)
[STDERR  ] 2018-04-03T16:00:14.747103423Z: [    3.429644] ipt_CLUSTERIP: ClusterIP Version 0.8 loaded successfully
[STDERR  ] 2018-04-03T16:00:14.747140392Z: [    3.436227] ata3.00: ATAPI: QEMU DVD-ROM, 2.5+, max UDMA/100
[STDERR  ] 2018-04-03T16:00:14.747175797Z: [    3.442048] ata3.00: applying bridge limits
[STDERR  ] 2018-04-03T16:00:14.747211797Z: [    3.446653] arp_tables: arp_tables: (C) 2002 David S. Miller
[STDERR  ] 2018-04-03T16:00:14.747242541Z: [    3.453235] ata3.00: configured for UDMA/100
[STDERR  ] 2018-04-03T16:00:14.747276529Z: [    3.458885] scsi 2:0:0:0: CD-ROM            QEMU     QEMU DVD-ROM     2.5+ PQ: 0 ANSI: 5
[STDERR  ] 2018-04-03T16:00:14.747309197Z: [    3.468221] NET: Registered protocol family 10
[STDERR  ] 2018-04-03T16:00:14.747340783Z: [    3.474807] Segment Routing with IPv6
[STDERR  ] 2018-04-03T16:00:14.747373281Z: [    3.478929] ip6_tables: (C) 2000-2006 Netfilter Core Team
[STDERR  ] 2018-04-03T16:00:14.747403745Z: [    3.485462] NET: Registered protocol family 17
[STDERR  ] 2018-04-03T16:00:14.747444641Z: [    3.490501] Bridge firewalling registered
[STDERR  ] 2018-04-03T16:00:14.747480830Z: [    3.494596] Ebtables v2.0 registered
[STDERR  ] 2018-04-03T16:00:14.747514695Z: [    3.498298] 8021q: 802.1Q VLAN Support v1.8
[STDERR  ] 2018-04-03T16:00:14.747552583Z: [    3.502692] 9pnet: Installing 9P2000 support
[STDERR  ] 2018-04-03T16:00:14.747585910Z: [    3.507094] Key type dns_resolver registered
[STDERR  ] 2018-04-03T16:00:14.747618186Z: [    3.512169] registered taskstats version 1
[STDERR  ] 2018-04-03T16:00:14.747651771Z: [    3.520938] sr 2:0:0:0: [sr0] scsi3-mmc drive: 4x/4x cd/rw xa/form2 tray
[STDERR  ] 2018-04-03T16:00:14.747686657Z: [    3.528704] cdrom: Uniform CD-ROM driver Revision: 3.20
[STDERR  ] 2018-04-03T16:00:14.747720622Z: [    3.538939] sr 2:0:0:0: Attached scsi generic sg0 type 5
[STDERR  ] 2018-04-03T16:00:14.747752519Z: [    3.544996] Key type big_key registered
[STDERR  ] 2018-04-03T16:00:14.747791093Z: [    3.552866] Key type trusted registered
[STDERR  ] 2018-04-03T16:00:14.747819145Z: [    3.560273] Key type encrypted registered
[STDERR  ] 2018-04-03T16:00:14.747846989Z: [    3.564590] ima: No TPM chip found, activating TPM-bypass! (rc=-19)
[STDERR  ] 2018-04-03T16:00:14.747876309Z: [    3.571574] evm: HMAC attrs: 0x1
[STDERR  ] 2018-04-03T16:00:14.747904923Z: [    3.576917] rtc_cmos 00:00: setting system clock to 2018-04-03 16:00:10 UTC (1522771210)
[STDERR  ] 2018-04-03T16:00:14.747936443Z: [    3.589981] Freeing unused kernel memory: 1516K
[STDERR  ] 2018-04-03T16:00:14.747964593Z: [    3.594774] Write protecting the kernel read-only data: 18432k
[STDERR  ] 2018-04-03T16:00:14.748002988Z: [    3.601596] Freeing unused kernel memory: 2024K
[STDERR  ] 2018-04-03T16:00:14.748065128Z: [    3.609222] Freeing unused kernel memory: 1084K
[STDERR  ] 2018-04-03T16:00:14.748101650Z: 
[STDERR  ] 2018-04-03T16:00:14.748136245Z: Welcome to LinuxKit
[STDERR  ] 2018-04-03T16:00:14.748167078Z: 
[STDERR  ] 2018-04-03T16:00:14.748196899Z:                         ##         .
[STDERR  ] 2018-04-03T16:00:14.748229966Z:                   ## ## ##        ==
[STDERR  ] 2018-04-03T16:00:14.748257203Z:                ## ## ## ## ##    ===
[STDERR  ] 2018-04-03T16:00:14.748293812Z:            /"""""""""""""""""\___/ ===
[STDERR  ] 2018-04-03T16:00:14.748322981Z:           {                       /  ===-
[STDERR  ] 2018-04-03T16:00:14.748351165Z:            \______ O           __/
[STDERR  ] 2018-04-03T16:00:14.748379787Z:              \    \         __/
[STDERR  ] 2018-04-03T16:00:14.748410978Z:               \____\_______/
[STDERR  ] 2018-04-03T16:00:14.748444550Z: 
[STDERR  ] 2018-04-03T16:00:14.748478421Z: [    4.141510] hello_world: loading out-of-tree module taints kernel.
[STDERR  ] 2018-04-03T16:00:14.748513247Z: [    4.149886] Hello LinuxKit
[STDERR  ] 2018-04-03T16:00:14.748545402Z: [    4.156566] Goodbye LinuxKit.
[STDERR  ] 2018-04-03T16:00:14.748575758Z: Linux linuxkit-feded2537393 4.15.15-linuxkit #1 SMP Sun Apr 1 17:00:39 UTC 2018 x86_64 Linux
[STDERR  ] 2018-04-03T16:00:14.748610096Z: filename:       hello_world.ko
[STDERR  ] 2018-04-03T16:00:14.748643894Z: author:         Rolf Neugebauer <rolf.neugebauer@docker.com>
[STDERR  ] 2018-04-03T16:00:14.748675832Z: description:    A simple Hello World kernel module for testing
[STDERR  ] 2018-04-03T16:00:14.748710438Z: license:        GPL
[STDERR  ] 2018-04-03T16:00:14.748742158Z: depends:        
[STDERR  ] 2018-04-03T16:00:14.748773890Z: vermagic:       4.15.15-linuxkit SMP mod_unload modversions RANDSTRUCT_PLUGIN_8a1054c1ea521edb1d979a7c9c1238be039a7927983290b4fb71358907640b35
[STDERR  ] 2018-04-03T16:00:14.748809761Z: Kernel module test suite PASSED
[STDERR  ] 2018-04-03T16:00:14.748842119Z: [    7.234206] ACPI: Preparing to enter system sleep state S5
[STDERR  ] 2018-04-03T16:00:14.748871051Z: [    7.242090] reboot: Power down
[STDERR  ] 2018-04-03T16:00:14.748905738Z: + grep -q Hello LinuxKit
[STDERR  ] 2018-04-03T16:00:14.748936561Z: + exit 0
[STDERR  ] 2018-04-03T16:00:14.748977260Z: + clean_up
[STDERR  ] 2018-04-03T16:00:14.749026613Z: + docker rmi kmod-test
[STDOUT  ] 2018-04-03T16:00:14.763409487Z: Untagged: kmod-test:latest
[STDOUT  ] 2018-04-03T16:00:14.763470331Z: Deleted: sha256:d9d2216ef0f9fe1960360ede15c607d610165fe492207c50dd7164c6ee0e128f
[STDOUT  ] 2018-04-03T16:00:14.763483129Z: Deleted: sha256:b4e86cf0ee6c35c8e87ba20c12338b7b4e14c907605ad46e61e95e0acae9c557
[STDOUT  ] 2018-04-03T16:00:14.763494116Z: Deleted: sha256:38dc1ca6de071af1c0cbed7b40086ae4edf8bda71e73d1f82b9064a429c75104
[STDOUT  ] 2018-04-03T16:00:14.763506754Z: Deleted: sha256:a1683c5ca8cc058fb4e3ef2609af9e03a10fe9758e6f66a33636fcc2e162cc5b
[STDOUT  ] 2018-04-03T16:00:14.763519321Z: Deleted: sha256:a745a8a37e39eb146ee855a8fbcc30d54f6e014f316ac70fb6ee91ea64bf6737
[STDERR  ] 2018-04-03T16:00:14.764446790Z: + rm -rf kmod-cmdline kmod-initrd.img kmod-kernel kmod-state
[PASS    ] linuxkit.kernel.kmod_4.15.x 36.48s
