[INFO    ] 2018-10-16T10:32:10.887919857Z: Running Test linuxkit.kernel.kmod_4.4.x in /tmp/build/test/cases/020_kernel/010_kmod_4.4.x
[INFO    ] 2018-10-16T10:32:10.888061242Z: Running command: [/bin/sh -x /tmp/build/test/cases/020_kernel/010_kmod_4.4.x/test.sh]
[STDERR  ] 2018-10-16T10:32:10.888743222Z: + set -e
[STDERR  ] 2018-10-16T10:32:10.888792136Z: + . /tmp/build/test/cases/_lib/lib.sh
[STDERR  ] 2018-10-16T10:32:10.888808016Z: + [ -f src/github.com/linuxkit/rtf/lib/lib.sh ]
[STDERR  ] 2018-10-16T10:32:10.888820844Z: + LINUXKIT_TMPDIR=/tmp/build/test/cases/_tmp
[STDERR  ] 2018-10-16T10:32:10.888834518Z: + [ -f /tmp/build/test/cases/_tmp/env.sh ]
[STDERR  ] 2018-10-16T10:32:10.888849202Z: + . /tmp/build/test/cases/_tmp/env.sh
[STDERR  ] 2018-10-16T10:32:10.888862027Z: + export LINUXKIT_EXAMPLES_DIR=/tmp/build/test/cases/../../examples
[STDERR  ] 2018-10-16T10:32:10.888884921Z: + RT_CANCEL=253
[STDERR  ] 2018-10-16T10:32:10.888896784Z: + NAME=kmod
[STDERR  ] 2018-10-16T10:32:10.888908978Z: + IMAGE_NAME=kmod-test
[STDERR  ] 2018-10-16T10:32:10.888923415Z: + trap clean_up EXIT
[STDERR  ] 2018-10-16T10:32:10.888935882Z: + docker pull linuxkit/kernel:4.4.159
[STDOUT  ] 2018-10-16T10:32:12.093828872Z: 4.4.159: Pulling from linuxkit/kernel
[STDOUT  ] 2018-10-16T10:32:12.482031259Z: Digest: sha256:67a4d89fec0384390e071b3fb422be6c605a8d180eac195696484ba532d86dbb
[STDOUT  ] 2018-10-16T10:32:12.486264987Z: Status: Downloaded newer image for linuxkit/kernel:4.4.159
[STDERR  ] 2018-10-16T10:32:12.488243616Z: + docker build -t kmod-test .
[STDOUT  ] 2018-10-16T10:32:12.628206201Z: Sending build context to Docker daemon  8.704kB
[STDOUT  ] 2018-10-16T10:32:12.703572015Z: Step 1/12 : FROM linuxkit/kernel:4.4.159 AS ksrc
[STDOUT  ] 2018-10-16T10:32:12.703701791Z:  ---> 90269fe06d68
[STDOUT  ] 2018-10-16T10:32:12.703835024Z: Step 2/12 : FROM linuxkit/alpine:3683c9a66cd4da40bd7d6c7da599b2dcd738b559 AS build
[STDOUT  ] 2018-10-16T10:32:14.078205431Z: 3683c9a66cd4da40bd7d6c7da599b2dcd738b559: Pulling from linuxkit/alpine
[STDOUT  ] 2018-10-16T10:32:14.507711902Z: 8e3ba11ec2a2: Already exists
[STDOUT  ] 2018-10-16T10:32:14.516244882Z: ee5b4c35d047: Pulling fs layer
[STDOUT  ] 2018-10-16T10:32:14.516333703Z: bf97877be042: Pulling fs layer
[STDOUT  ] 2018-10-16T10:32:14.516399340Z: 8f7ab6276d3e: Pulling fs layer
[STDOUT  ] 2018-10-16T10:32:14.516931321Z: e381c3f0e5f4: Pulling fs layer
[STDOUT  ] 2018-10-16T10:32:14.516957170Z: 937f1f77e521: Pulling fs layer
[STDOUT  ] 2018-10-16T10:32:14.516978146Z: 3427f0ba0ccd: Pulling fs layer
[STDOUT  ] 2018-10-16T10:32:14.516988471Z: 35fea6e88de6: Pulling fs layer
[STDOUT  ] 2018-10-16T10:32:14.517006367Z: cd2abab23c83: Pulling fs layer
[STDOUT  ] 2018-10-16T10:32:14.517016197Z: 508c4c399b5e: Pulling fs layer
[STDOUT  ] 2018-10-16T10:32:14.517026510Z: e381c3f0e5f4: Waiting
[STDOUT  ] 2018-10-16T10:32:14.517035874Z: 937f1f77e521: Waiting
[STDOUT  ] 2018-10-16T10:32:14.517046292Z: 3427f0ba0ccd: Waiting
[STDOUT  ] 2018-10-16T10:32:14.517055818Z: 35fea6e88de6: Waiting
[STDOUT  ] 2018-10-16T10:32:14.517065390Z: cd2abab23c83: Waiting
[STDOUT  ] 2018-10-16T10:32:14.517085958Z: 508c4c399b5e: Waiting
[STDOUT  ] 2018-10-16T10:32:15.013849313Z: bf97877be042: Verifying Checksum
[STDOUT  ] 2018-10-16T10:32:15.013912939Z: bf97877be042: Download complete
[STDOUT  ] 2018-10-16T10:32:15.023361648Z: ee5b4c35d047: Verifying Checksum
[STDOUT  ] 2018-10-16T10:32:15.023410245Z: ee5b4c35d047: Download complete
[STDOUT  ] 2018-10-16T10:32:15.046863448Z: 8f7ab6276d3e: Verifying Checksum
[STDOUT  ] 2018-10-16T10:32:15.047049366Z: 8f7ab6276d3e: Download complete
[STDOUT  ] 2018-10-16T10:32:15.111563339Z: ee5b4c35d047: Pull complete
[STDOUT  ] 2018-10-16T10:32:15.207532031Z: bf97877be042: Pull complete
[STDOUT  ] 2018-10-16T10:32:15.297866177Z: 8f7ab6276d3e: Pull complete
[STDOUT  ] 2018-10-16T10:32:15.485110054Z: 3427f0ba0ccd: Verifying Checksum
[STDOUT  ] 2018-10-16T10:32:15.485155865Z: 3427f0ba0ccd: Download complete
[STDOUT  ] 2018-10-16T10:32:15.580511081Z: 937f1f77e521: Verifying Checksum
[STDOUT  ] 2018-10-16T10:32:15.580696557Z: 937f1f77e521: Download complete
[STDOUT  ] 2018-10-16T10:32:16.081024397Z: cd2abab23c83: Verifying Checksum
[STDOUT  ] 2018-10-16T10:32:16.081189920Z: cd2abab23c83: Download complete
[STDOUT  ] 2018-10-16T10:32:16.654691080Z: 35fea6e88de6: Verifying Checksum
[STDOUT  ] 2018-10-16T10:32:16.654736672Z: 35fea6e88de6: Download complete
[STDOUT  ] 2018-10-16T10:32:16.755486601Z: 508c4c399b5e: Verifying Checksum
[STDOUT  ] 2018-10-16T10:32:16.755539128Z: 508c4c399b5e: Download complete
[STDOUT  ] 2018-10-16T10:32:18.834137804Z: e381c3f0e5f4: Verifying Checksum
[STDOUT  ] 2018-10-16T10:32:18.834324557Z: e381c3f0e5f4: Download complete
[STDOUT  ] 2018-10-16T10:32:23.721823117Z: e381c3f0e5f4: Pull complete
[STDOUT  ] 2018-10-16T10:32:24.545283552Z: 937f1f77e521: Pull complete
[STDOUT  ] 2018-10-16T10:32:24.639153231Z: 3427f0ba0ccd: Pull complete
[STDOUT  ] 2018-10-16T10:32:26.580645340Z: 35fea6e88de6: Pull complete
[STDOUT  ] 2018-10-16T10:32:26.692198726Z: cd2abab23c83: Pull complete
[STDOUT  ] 2018-10-16T10:32:26.797319662Z: 508c4c399b5e: Pull complete
[STDOUT  ] 2018-10-16T10:32:26.810066565Z: Digest: sha256:7777d4ca3151e6975bd96b7126d0f8a1756759a5f91e3abbdd8d202f20916319
[STDOUT  ] 2018-10-16T10:32:26.816193041Z: Status: Downloaded newer image for linuxkit/alpine:3683c9a66cd4da40bd7d6c7da599b2dcd738b559
[STDOUT  ] 2018-10-16T10:32:26.816930553Z:  ---> 9e5cfc2c8a33
[STDOUT  ] 2018-10-16T10:32:26.817044477Z: Step 3/12 : RUN apk add build-base libelf-dev
[STDOUT  ] 2018-10-16T10:32:26.893424227Z:  ---> Running in d4159923759c
[STDOUT  ] 2018-10-16T10:32:27.250510012Z: (1/21) Installing binutils (2.30-r5)
[STDOUT  ] 2018-10-16T10:32:27.338665897Z: (2/21) Installing libmagic (5.32-r0)
[STDOUT  ] 2018-10-16T10:32:27.357425240Z: (3/21) Installing file (5.32-r0)
[STDOUT  ] 2018-10-16T10:32:27.358077394Z: (4/21) Installing gmp (6.1.2-r1)
[STDOUT  ] 2018-10-16T10:32:27.362730140Z: (5/21) Installing isl (0.18-r0)
[STDOUT  ] 2018-10-16T10:32:27.376221164Z: (6/21) Installing libgomp (6.4.0-r8)
[STDOUT  ] 2018-10-16T10:32:27.378004611Z: (7/21) Installing libatomic (6.4.0-r8)
[STDOUT  ] 2018-10-16T10:32:27.378600163Z: (8/21) Installing pkgconf (1.5.1-r0)
[STDOUT  ] 2018-10-16T10:32:27.380307603Z: (9/21) Installing libgcc (6.4.0-r8)
[STDOUT  ] 2018-10-16T10:32:27.381340300Z: (10/21) Installing mpfr3 (3.1.5-r1)
[STDOUT  ] 2018-10-16T10:32:27.385186684Z: (11/21) Installing mpc1 (1.0.3-r1)
[STDOUT  ] 2018-10-16T10:32:27.386433775Z: (12/21) Installing libstdc++ (6.4.0-r8)
[STDOUT  ] 2018-10-16T10:32:27.396465205Z: (13/21) Installing gcc (6.4.0-r8)
[STDOUT  ] 2018-10-16T10:32:28.036088421Z: (14/21) Installing musl-dev (1.1.19-r10)
[STDOUT  ] 2018-10-16T10:32:28.113732363Z: (15/21) Installing libc-dev (0.7.1-r0)
[STDOUT  ] 2018-10-16T10:32:28.113971453Z: (16/21) Installing g++ (6.4.0-r8)
[STDOUT  ] 2018-10-16T10:32:28.832152894Z: (17/21) Installing make (4.2.1-r2)
[STDOUT  ] 2018-10-16T10:32:28.835618550Z: (18/21) Installing fortify-headers (0.9-r0)
[STDOUT  ] 2018-10-16T10:32:28.836986215Z: (19/21) Installing build-base (0.5-r1)
[STDOUT  ] 2018-10-16T10:32:28.837018639Z: (20/21) Installing libelf (0.8.13-r3)
[STDOUT  ] 2018-10-16T10:32:28.838255288Z: (21/21) Installing libelf-dev (0.8.13-r3)
[STDOUT  ] 2018-10-16T10:32:28.843670415Z: Executing busybox-1.28.4-r1.trigger
[STDOUT  ] 2018-10-16T10:32:28.853095962Z: OK: 166 MiB in 34 packages
[STDOUT  ] 2018-10-16T10:32:31.701177459Z: Removing intermediate container d4159923759c
[STDOUT  ] 2018-10-16T10:32:31.701289928Z:  ---> b885046ed767
[STDOUT  ] 2018-10-16T10:32:31.701370585Z: Step 4/12 : COPY --from=ksrc /kernel-dev.tar /
[STDOUT  ] 2018-10-16T10:32:32.870410469Z:  ---> a221b08db961
[STDOUT  ] 2018-10-16T10:32:32.870543663Z: Step 5/12 : RUN tar xf kernel-dev.tar
[STDOUT  ] 2018-10-16T10:32:32.927036755Z:  ---> Running in 0a5497846fe8
[STDOUT  ] 2018-10-16T10:32:39.974285451Z: Removing intermediate container 0a5497846fe8
[STDOUT  ] 2018-10-16T10:32:39.974378906Z:  ---> 8e15e85a99d1
[STDOUT  ] 2018-10-16T10:32:39.974456538Z: Step 6/12 : WORKDIR /kmod
[STDOUT  ] 2018-10-16T10:32:40.047422542Z:  ---> Running in 10b9845eba07
[STDOUT  ] 2018-10-16T10:32:40.215152599Z: Removing intermediate container 10b9845eba07
[STDOUT  ] 2018-10-16T10:32:40.215260319Z:  ---> c0acfb65f1a9
[STDOUT  ] 2018-10-16T10:32:40.215318882Z: Step 7/12 : COPY ./src/* ./
[STDOUT  ] 2018-10-16T10:32:40.481536117Z:  ---> 7f29ea795540
[STDOUT  ] 2018-10-16T10:32:40.481667025Z: Step 8/12 : RUN make all
[STDOUT  ] 2018-10-16T10:32:40.538104966Z:  ---> Running in a5b9233d54dc
[STDOUT  ] 2018-10-16T10:32:40.821470012Z: make -C /usr/src/linux-headers-4.4.159-linuxkit M=/kmod modules
[STDOUT  ] 2018-10-16T10:32:40.821525741Z: make[1]: Entering directory '/usr/src/linux-headers-4.4.159-linuxkit'
[STDOUT  ] 2018-10-16T10:32:41.664750260Z:   CC [M]  /kmod/hello_world.o
[STDOUT  ] 2018-10-16T10:32:41.871520280Z:   Building modules, stage 2.
[STDOUT  ] 2018-10-16T10:32:41.879532641Z:   MODPOST 1 modules
[STDOUT  ] 2018-10-16T10:32:41.893378763Z:   CC      /kmod/hello_world.mod.o
[STDOUT  ] 2018-10-16T10:32:42.082181486Z:   LD [M]  /kmod/hello_world.ko
[STDOUT  ] 2018-10-16T10:32:42.085199363Z: make[1]: Leaving directory '/usr/src/linux-headers-4.4.159-linuxkit'
[STDOUT  ] 2018-10-16T10:32:42.517296130Z: Removing intermediate container a5b9233d54dc
[STDOUT  ] 2018-10-16T10:32:42.517447624Z:  ---> d7f580d9850a
[STDOUT  ] 2018-10-16T10:32:42.517598285Z: Step 9/12 : FROM alpine:3.8
[STDOUT  ] 2018-10-16T10:32:42.517681879Z:  ---> 196d12cf6ab1
[STDOUT  ] 2018-10-16T10:32:42.517772480Z: Step 10/12 : COPY --from=build /kmod/hello_world.ko /
[STDOUT  ] 2018-10-16T10:32:42.722998131Z:  ---> c707ffacc87a
[STDOUT  ] 2018-10-16T10:32:42.723151198Z: Step 11/12 : COPY check.sh /check.sh
[STDOUT  ] 2018-10-16T10:32:42.913285341Z:  ---> a0dde96bfd59
[STDOUT  ] 2018-10-16T10:32:42.913345312Z: Step 12/12 : ENTRYPOINT ["/bin/sh", "/check.sh"]
[STDOUT  ] 2018-10-16T10:32:42.967199256Z:  ---> Running in b37f0dc6f041
[STDOUT  ] 2018-10-16T10:32:43.112887076Z: Removing intermediate container b37f0dc6f041
[STDOUT  ] 2018-10-16T10:32:43.113007365Z:  ---> 007eb36f56bb
[STDOUT  ] 2018-10-16T10:32:43.113108593Z: Successfully built 007eb36f56bb
[STDOUT  ] 2018-10-16T10:32:43.126660636Z: Successfully tagged kmod-test:latest
[STDERR  ] 2018-10-16T10:32:43.128382669Z: + linuxkit build -format kernel+initrd -name kmod test.yml
[STDERR  ] 2018-10-16T10:32:43.186760751Z: Extract kernel image: linuxkit/kernel:4.4.159
[STDERR  ] 2018-10-16T10:32:45.022542707Z: Add init containers:
[STDERR  ] 2018-10-16T10:32:45.022615948Z: Process init image: linuxkit/init:6eb0158059b056a1567236280880cb87f03ff008
[STDERR  ] 2018-10-16T10:32:46.287774334Z: Process init image: linuxkit/runc:6cf26a0403376de3b5396cb676b88eea4f37aff8
[STDERR  ] 2018-10-16T10:32:47.452078150Z: Add onboot containers:
[STDERR  ] 2018-10-16T10:32:47.452138193Z:   Create OCI config for kmod-test
[STDERR  ] 2018-10-16T10:32:47.577231964Z:   Create OCI config for linuxkit/poweroff:afe8f7dd0d47a7991c54519b0f09124cb8c4e300
[STDERR  ] 2018-10-16T10:32:48.788749561Z: Create outputs:
[STDERR  ] 2018-10-16T10:32:53.067177977Z:   kmod-kernel kmod-initrd.img kmod-cmdline
[STDERR  ] 2018-10-16T10:32:53.155481198Z: + linuxkit run kmod
[STDERR  ] 2018-10-16T10:33:01.352880952Z: + RESULT=[    0.000000] Initializing cgroup subsys cpuset
[STDERR  ] 2018-10-16T10:33:01.352959635Z: [    0.000000] Initializing cgroup subsys cpu
[STDERR  ] 2018-10-16T10:33:01.352984560Z: [    0.000000] Initializing cgroup subsys cpuacct
[STDERR  ] 2018-10-16T10:33:01.352997575Z: [    0.000000] Linux version 4.4.159-linuxkit (root@4692e70674ab) (gcc version 6.4.0 (Alpine 6.4.0) ) #1 SMP Fri Oct 5 23:47:27 UTC 2018
[STDERR  ] 2018-10-16T10:33:01.353011053Z: [    0.000000] Command line: console=ttyS0 console=ttyAMA0
[STDERR  ] 2018-10-16T10:33:01.353024630Z: [    0.000000] x86/fpu: Legacy x87 FPU detected.
[STDERR  ] 2018-10-16T10:33:01.353037724Z: [    0.000000] e820: BIOS-provided physical RAM map:
[STDERR  ] 2018-10-16T10:33:01.353049349Z: [    0.000000] BIOS-e820: [mem 0x0000000000000000-0x000000000009fbff] usable
[STDERR  ] 2018-10-16T10:33:01.353062991Z: [    0.000000] BIOS-e820: [mem 0x000000000009fc00-0x000000000009ffff] reserved
[STDERR  ] 2018-10-16T10:33:01.353087704Z: [    0.000000] BIOS-e820: [mem 0x00000000000f0000-0x00000000000fffff] reserved
[STDERR  ] 2018-10-16T10:33:01.353101357Z: [    0.000000] BIOS-e820: [mem 0x0000000000100000-0x000000003ffdefff] usable
[STDERR  ] 2018-10-16T10:33:01.353114431Z: [    0.000000] BIOS-e820: [mem 0x000000003ffdf000-0x000000003fffffff] reserved
[STDERR  ] 2018-10-16T10:33:01.353132337Z: [    0.000000] BIOS-e820: [mem 0x00000000b0000000-0x00000000bfffffff] reserved
[STDERR  ] 2018-10-16T10:33:01.353145306Z: [    0.000000] BIOS-e820: [mem 0x00000000fed1c000-0x00000000fed1ffff] reserved
[STDERR  ] 2018-10-16T10:33:01.353157882Z: [    0.000000] BIOS-e820: [mem 0x00000000feffc000-0x00000000feffffff] reserved
[STDERR  ] 2018-10-16T10:33:01.353170421Z: [    0.000000] BIOS-e820: [mem 0x00000000fffc0000-0x00000000ffffffff] reserved
[STDERR  ] 2018-10-16T10:33:01.353182102Z: [    0.000000] NX (Execute Disable) protection: active
[STDERR  ] 2018-10-16T10:33:01.353193226Z: [    0.000000] SMBIOS 2.8 present.
[STDERR  ] 2018-10-16T10:33:01.353206735Z: [    0.000000] Hypervisor detected: KVM
[STDERR  ] 2018-10-16T10:33:01.353218314Z: [    0.000000] e820: last_pfn = 0x3ffdf max_arch_pfn = 0x400000000
[STDERR  ] 2018-10-16T10:33:01.353230113Z: [    0.000000] x86/PAT: PAT not supported by CPU.
[STDERR  ] 2018-10-16T10:33:01.353241711Z: [    0.000000] x86/PAT: Configuration [0-7]: WB  WT  UC- UC  WB  WT  UC- UC  
[STDERR  ] 2018-10-16T10:33:01.353253341Z: [    0.000000] found SMP MP-table at [mem 0x000f6a90-0x000f6a9f] mapped at [ffff8800000f6a90]
[STDERR  ] 2018-10-16T10:33:01.353266459Z: [    0.000000] RAMDISK: [mem 0x3e855000-0x3ffcffff]
[STDERR  ] 2018-10-16T10:33:01.353280441Z: [    0.000000] ACPI: Early table checksum verification disabled
[STDERR  ] 2018-10-16T10:33:01.353294465Z: [    0.000000] ACPI: RSDP 0x00000000000F68D0 000014 (v00 BOCHS )
[STDERR  ] 2018-10-16T10:33:01.353307580Z: [    0.000000] ACPI: RSDT 0x000000003FFE2404 000034 (v01 BOCHS  BXPCRSDT 00000001 BXPC 00000001)
[STDERR  ] 2018-10-16T10:33:01.353319746Z: [    0.000000] ACPI: FACP 0x000000003FFE22A4 000074 (v01 BOCHS  BXPCFACP 00000001 BXPC 00000001)
[STDERR  ] 2018-10-16T10:33:01.353333482Z: [    0.000000] ACPI: DSDT 0x000000003FFE0040 002264 (v01 BOCHS  BXPCDSDT 00000001 BXPC 00000001)
[STDERR  ] 2018-10-16T10:33:01.353345922Z: [    0.000000] ACPI: FACS 0x000000003FFE0000 000040
[STDERR  ] 2018-10-16T10:33:01.353358849Z: [    0.000000] ACPI: APIC 0x000000003FFE2318 000078 (v01 BOCHS  BXPCAPIC 00000001 BXPC 00000001)
[STDERR  ] 2018-10-16T10:33:01.353371062Z: [    0.000000] ACPI: HPET 0x000000003FFE2390 000038 (v01 BOCHS  BXPCHPET 00000001 BXPC 00000001)
[STDERR  ] 2018-10-16T10:33:01.353382964Z: [    0.000000] ACPI: MCFG 0x000000003FFE23C8 00003C (v01 BOCHS  BXPCMCFG 00000001 BXPC 00000001)
[STDERR  ] 2018-10-16T10:33:01.353395206Z: [    0.000000] kvm-clock: Using msrs 4b564d01 and 4b564d00
[STDERR  ] 2018-10-16T10:33:01.353418319Z: [    0.000000] kvm-clock: cpu 0, msr 0:3ffdd001, primary cpu clock
[STDERR  ] 2018-10-16T10:33:01.353439624Z: [    0.000000] clocksource: kvm-clock: mask: 0xffffffffffffffff max_cycles: 0x1cd42e4dffb, max_idle_ns: 881590591483 ns
[STDERR  ] 2018-10-16T10:33:01.353452885Z: [    0.000000] Zone ranges:
[STDERR  ] 2018-10-16T10:33:01.353467690Z: [    0.000000]   DMA      [mem 0x0000000000001000-0x0000000000ffffff]
[STDERR  ] 2018-10-16T10:33:01.353479072Z: [    0.000000]   DMA32    [mem 0x0000000001000000-0x000000003ffdefff]
[STDERR  ] 2018-10-16T10:33:01.353490865Z: [    0.000000]   Normal   empty
[STDERR  ] 2018-10-16T10:33:01.353502501Z: [    0.000000] Movable zone start for each node
[STDERR  ] 2018-10-16T10:33:01.353514449Z: [    0.000000] Early memory node ranges
[STDERR  ] 2018-10-16T10:33:01.353526435Z: [    0.000000]   node   0: [mem 0x0000000000001000-0x000000000009efff]
[STDERR  ] 2018-10-16T10:33:01.353537421Z: [    0.000000]   node   0: [mem 0x0000000000100000-0x000000003ffdefff]
[STDERR  ] 2018-10-16T10:33:01.353553233Z: [    0.000000] Initmem setup node 0 [mem 0x0000000000001000-0x000000003ffdefff]
[STDERR  ] 2018-10-16T10:33:01.353568391Z: [    0.000000] ACPI: PM-Timer IO Port: 0x608
[STDERR  ] 2018-10-16T10:33:01.353579392Z: [    0.000000] ACPI: LAPIC_NMI (acpi_id[0xff] dfl dfl lint[0x1])
[STDERR  ] 2018-10-16T10:33:01.353590039Z: [    0.000000] IOAPIC[0]: apic_id 0, version 17, address 0xfec00000, GSI 0-23
[STDERR  ] 2018-10-16T10:33:01.353611169Z: [    0.000000] ACPI: INT_SRC_OVR (bus 0 bus_irq 0 global_irq 2 dfl dfl)
[STDERR  ] 2018-10-16T10:33:01.353621843Z: [    0.000000] ACPI: INT_SRC_OVR (bus 0 bus_irq 5 global_irq 5 high level)
[STDERR  ] 2018-10-16T10:33:01.353633204Z: [    0.000000] ACPI: INT_SRC_OVR (bus 0 bus_irq 9 global_irq 9 high level)
[STDERR  ] 2018-10-16T10:33:01.353645427Z: [    0.000000] ACPI: INT_SRC_OVR (bus 0 bus_irq 10 global_irq 10 high level)
[STDERR  ] 2018-10-16T10:33:01.353657462Z: [    0.000000] ACPI: INT_SRC_OVR (bus 0 bus_irq 11 global_irq 11 high level)
[STDERR  ] 2018-10-16T10:33:01.353669195Z: [    0.000000] Using ACPI (MADT) for SMP configuration information
[STDERR  ] 2018-10-16T10:33:01.353681756Z: [    0.000000] ACPI: HPET id: 0x8086a201 base: 0xfed00000
[STDERR  ] 2018-10-16T10:33:01.353696978Z: [    0.000000] smpboot: Allowing 1 CPUs, 0 hotplug CPUs
[STDERR  ] 2018-10-16T10:33:01.353708690Z: [    0.000000] e820: [mem 0x40000000-0xafffffff] available for PCI devices
[STDERR  ] 2018-10-16T10:33:01.353720392Z: [    0.000000] Booting paravirtualized kernel on KVM
[STDERR  ] 2018-10-16T10:33:01.353732937Z: [    0.000000] clocksource: refined-jiffies: mask: 0xffffffff max_cycles: 0xffffffff, max_idle_ns: 19112604462750000 ns
[STDERR  ] 2018-10-16T10:33:01.353745290Z: [    0.000000] setup_percpu: NR_CPUS:128 nr_cpumask_bits:128 nr_cpu_ids:1 nr_node_ids:1
[STDERR  ] 2018-10-16T10:33:01.353762979Z: [    0.000000] PERCPU: Embedded 33 pages/cpu @ffff88003e600000 s97112 r8192 d29864 u2097152
[STDERR  ] 2018-10-16T10:33:01.353774809Z: [    0.000000] KVM setup async PF for cpu 0
[STDERR  ] 2018-10-16T10:33:01.353788971Z: [    0.000000] kvm-stealtime: cpu 0, msr 3e60fe00
[STDERR  ] 2018-10-16T10:33:01.353800468Z: [    0.000000] Built 1 zonelists in Zone order, mobility grouping on.  Total pages: 257895
[STDERR  ] 2018-10-16T10:33:01.353822972Z: [    0.000000] Kernel command line: console=ttyS0 console=ttyAMA0
[STDERR  ] 2018-10-16T10:33:01.353834734Z: [    0.000000] PID hash table entries: 4096 (order: 3, 32768 bytes)
[STDERR  ] 2018-10-16T10:33:01.353846151Z: [    0.000000] Dentry cache hash table entries: 131072 (order: 8, 1048576 bytes)
[STDERR  ] 2018-10-16T10:33:01.353857707Z: [    0.000000] Inode-cache hash table entries: 65536 (order: 7, 524288 bytes)
[STDERR  ] 2018-10-16T10:33:01.353869618Z: [    0.000000] Memory: 989956K/1048052K available (7702K kernel code, 1300K rwdata, 2720K rodata, 1324K init, 688K bss, 58096K reserved, 0K cma-reserved)
[STDERR  ] 2018-10-16T10:33:01.353882256Z: [    0.000000] Kernel/User page tables isolation: enabled
[STDERR  ] 2018-10-16T10:33:01.353893862Z: [    0.000000] Hierarchical RCU implementation.
[STDERR  ] 2018-10-16T10:33:01.353913567Z: [    0.000000] 	Build-time adjustment of leaf fanout to 64.
[STDERR  ] 2018-10-16T10:33:01.353930775Z: [    0.000000] 	RCU restricting CPUs from NR_CPUS=128 to nr_cpu_ids=1.
[STDERR  ] 2018-10-16T10:33:01.353942337Z: [    0.000000] RCU: Adjusting geometry for rcu_fanout_leaf=64, nr_cpu_ids=1
[STDERR  ] 2018-10-16T10:33:01.353956065Z: [    0.000000] NR_IRQS:8448 nr_irqs:256 16
[STDERR  ] 2018-10-16T10:33:01.353967659Z: [    0.000000] Console: colour VGA+ 80x25
[STDERR  ] 2018-10-16T10:33:01.353980521Z: [    0.000000] console [ttyS0] enabled
[STDERR  ] 2018-10-16T10:33:01.353991198Z: [    0.000000] clocksource: hpet: mask: 0xffffffff max_cycles: 0xffffffff, max_idle_ns: 19112604467 ns
[STDERR  ] 2018-10-16T10:33:01.354003221Z: [    0.000000] tsc: Detected 2299.960 MHz processor
[STDERR  ] 2018-10-16T10:33:01.354014726Z: [    0.020000] Calibrating delay loop (skipped) preset value.. 4599.92 BogoMIPS (lpj=22999600)
[STDERR  ] 2018-10-16T10:33:01.354025748Z: [    0.022862] pid_max: default: 32768 minimum: 301
[STDERR  ] 2018-10-16T10:33:01.354040703Z: [    0.027346] ACPI: Core revision 20150930
[STDERR  ] 2018-10-16T10:33:01.354050743Z: [    0.030815] ACPI: 1 ACPI AML tables successfully acquired and loaded
[STDERR  ] 2018-10-16T10:33:01.354061528Z: [    0.037268] Security Framework initialized
[STDERR  ] 2018-10-16T10:33:01.354072699Z: [    0.040024] Yama: becoming mindful.
[STDERR  ] 2018-10-16T10:33:01.354084269Z: [    0.043478] Mount-cache hash table entries: 2048 (order: 2, 16384 bytes)
[STDERR  ] 2018-10-16T10:33:01.354097926Z: [    0.050029] Mountpoint-cache hash table entries: 2048 (order: 2, 16384 bytes)
[STDERR  ] 2018-10-16T10:33:01.354110526Z: [    0.060241] Initializing cgroup subsys io
[STDERR  ] 2018-10-16T10:33:01.354122853Z: [    0.064141] Initializing cgroup subsys memory
[STDERR  ] 2018-10-16T10:33:01.354134789Z: [    0.068379] Initializing cgroup subsys devices
[STDERR  ] 2018-10-16T10:33:01.354177324Z: [    0.070028] Initializing cgroup subsys freezer
[STDERR  ] 2018-10-16T10:33:01.354191742Z: [    0.074364] Initializing cgroup subsys net_cls
[STDERR  ] 2018-10-16T10:33:01.354202406Z: [    0.080027] Initializing cgroup subsys perf_event
[STDERR  ] 2018-10-16T10:33:01.354214001Z: [    0.084613] Initializing cgroup subsys net_prio
[STDERR  ] 2018-10-16T10:33:01.354226351Z: [    0.090031] Initializing cgroup subsys hugetlb
[STDERR  ] 2018-10-16T10:33:01.354238234Z: [    0.094366] Initializing cgroup subsys pids
[STDERR  ] 2018-10-16T10:33:01.354249577Z: [    0.099036] CPU: Physical Processor ID: 0
[STDERR  ] 2018-10-16T10:33:01.354259995Z: [    0.100232] Last level iTLB entries: 4KB 0, 2MB 0, 4MB 0
[STDERR  ] 2018-10-16T10:33:01.354271504Z: [    0.105409] Last level dTLB entries: 4KB 0, 2MB 0, 4MB 0, 1GB 0
[STDERR  ] 2018-10-16T10:33:01.354283601Z: [    0.110024] Spectre V2 : Mitigation: Full generic retpoline
[STDERR  ] 2018-10-16T10:33:01.354294248Z: [    0.120022] Spectre V2 : Spectre v2 / SpectreRSB mitigation: Filling RSB on context switch
[STDERR  ] 2018-10-16T10:33:01.354306309Z: [    0.127941] Speculative Store Bypass: Vulnerable
[STDERR  ] 2018-10-16T10:33:01.354317387Z: [    0.250400] Freeing SMP alternatives memory: 20K
[STDERR  ] 2018-10-16T10:33:01.354329086Z: [    0.285539] ftrace: allocating 33593 entries in 132 pages
[STDERR  ] 2018-10-16T10:33:01.354340727Z: [    0.338854] ..TIMER: vector=0x30 apic1=0 pin1=2 apic2=-1 pin2=-1
[STDERR  ] 2018-10-16T10:33:01.354355960Z: [    0.340000] smpboot: CPU0: Intel QEMU Virtual CPU version 2.5+ (family: 0x6, model: 0x6, stepping: 0x3)
[STDERR  ] 2018-10-16T10:33:01.354370255Z: [    0.340000] Performance Events: Broken PMU hardware detected, using software events only.
[STDERR  ] 2018-10-16T10:33:01.354382570Z: [    0.356498] Failed to access perfctr msr (MSR c2 is 0)
[STDERR  ] 2018-10-16T10:33:01.354397736Z: [    0.360315] x86: Booted up 1 node, 1 CPUs
[STDERR  ] 2018-10-16T10:33:01.354418014Z: [    0.364649] smpboot: Total of 1 processors activated (4599.92 BogoMIPS)
[STDERR  ] 2018-10-16T10:33:01.354430157Z: [    0.372235] devtmpfs: initialized
[STDERR  ] 2018-10-16T10:33:01.354450525Z: [    0.383429] clocksource: jiffies: mask: 0xffffffff max_cycles: 0xffffffff, max_idle_ns: 19112604462750000 ns
[STDERR  ] 2018-10-16T10:33:01.354461880Z: [    0.390050] futex hash table entries: 256 (order: 2, 16384 bytes)
[STDERR  ] 2018-10-16T10:33:01.354477077Z: [    0.400336] NET: Registered protocol family 16
[STDERR  ] 2018-10-16T10:33:01.354488407Z: [    0.404890] cpuidle: using governor ladder
[STDERR  ] 2018-10-16T10:33:01.354500036Z: [    0.408998] cpuidle: using governor menu
[STDERR  ] 2018-10-16T10:33:01.354511753Z: [    0.410258] ACPI: bus type PCI registered
[STDERR  ] 2018-10-16T10:33:01.354524196Z: [    0.414697] PCI: MMCONFIG for domain 0000 [bus 00-ff] at [mem 0xb0000000-0xbfffffff] (base 0xb0000000)
[STDERR  ] 2018-10-16T10:33:01.354536701Z: [    0.420010] PCI: MMCONFIG at [mem 0xb0000000-0xbfffffff] reserved in E820
[STDERR  ] 2018-10-16T10:33:01.354548358Z: [    0.430037] PCI: Using configuration type 1 for base access
[STDERR  ] 2018-10-16T10:33:01.354565852Z: [    0.440776] ACPI: Added _OSI(Module Device)
[STDERR  ] 2018-10-16T10:33:01.354580246Z: [    0.444959] ACPI: Added _OSI(Processor Device)
[STDERR  ] 2018-10-16T10:33:01.354592536Z: [    0.449250] ACPI: Added _OSI(3.0 _SCP Extensions)
[STDERR  ] 2018-10-16T10:33:01.354604733Z: [    0.450008] ACPI: Added _OSI(Processor Aggregator Device)
[STDERR  ] 2018-10-16T10:33:01.354616683Z: [    0.463150] ACPI: Interpreter enabled
[STDERR  ] 2018-10-16T10:33:01.354627724Z: [    0.466738] ACPI: (supports S0 S5)
[STDERR  ] 2018-10-16T10:33:01.354639646Z: [    0.470009] ACPI: Using IOAPIC for interrupt routing
[STDERR  ] 2018-10-16T10:33:01.354651915Z: [    0.474972] PCI: Using host bridge windows from ACPI; if necessary, use "pci=nocrs" and report a bug
[STDERR  ] 2018-10-16T10:33:01.354663351Z: [    0.483184] ACPI: PCI Root Bridge [PCI0] (domain 0000 [bus 00-ff])
[STDERR  ] 2018-10-16T10:33:01.354676150Z: [    0.490018] acpi PNP0A08:00: _OSC: OS supports [ExtendedConfig ASPM ClockPM Segments MSI]
[STDERR  ] 2018-10-16T10:33:01.354689187Z: [    0.500143] acpi PNP0A08:00: _OSC: OS now controls [PCIeHotplug PME PCIeCapability]
[STDERR  ] 2018-10-16T10:33:01.354701619Z: [    0.507618] PCI host bridge to bus 0000:00
[STDERR  ] 2018-10-16T10:33:01.354712841Z: [    0.510012] pci_bus 0000:00: root bus resource [io  0x0000-0x0cf7 window]
[STDERR  ] 2018-10-16T10:33:01.354724558Z: [    0.516581] pci_bus 0000:00: root bus resource [io  0x0d00-0xffff window]
[STDERR  ] 2018-10-16T10:33:01.354735612Z: [    0.520023] pci_bus 0000:00: root bus resource [mem 0x000a0000-0x000bffff window]
[STDERR  ] 2018-10-16T10:33:01.354746980Z: [    0.530011] pci_bus 0000:00: root bus resource [mem 0xc0000000-0xfebfffff window]
[STDERR  ] 2018-10-16T10:33:01.354777089Z: [    0.540012] pci_bus 0000:00: root bus resource [bus 00-ff]
[STDERR  ] 2018-10-16T10:33:01.354789227Z: [    0.616173] pci 0000:00:1f.0: quirk: [io  0x0600-0x067f] claimed by ICH6 ACPI/GPIO/TCO
[STDERR  ] 2018-10-16T10:33:01.354800850Z: [    0.649212] ACPI: PCI Interrupt Link [LNKA] (IRQs 5 *10 11)
[STDERR  ] 2018-10-16T10:33:01.354824597Z: [    0.651861] ACPI: PCI Interrupt Link [LNKB] (IRQs 5 *10 11)
[STDERR  ] 2018-10-16T10:33:01.354836499Z: [    0.662096] ACPI: PCI Interrupt Link [LNKC] (IRQs 5 10 *11)
[STDERR  ] 2018-10-16T10:33:01.354848162Z: [    0.668471] ACPI: PCI Interrupt Link [LNKD] (IRQs 5 10 *11)
[STDERR  ] 2018-10-16T10:33:01.354859809Z: [    0.671857] ACPI: PCI Interrupt Link [LNKE] (IRQs 5 *10 11)
[STDERR  ] 2018-10-16T10:33:01.354871146Z: [    0.680767] ACPI: PCI Interrupt Link [LNKF] (IRQs 5 *10 11)
[STDERR  ] 2018-10-16T10:33:01.354885590Z: [    0.686933] ACPI: PCI Interrupt Link [LNKG] (IRQs 5 10 *11)
[STDERR  ] 2018-10-16T10:33:01.354899022Z: [    0.691904] ACPI: PCI Interrupt Link [LNKH] (IRQs 5 10 *11)
[STDERR  ] 2018-10-16T10:33:01.354910776Z: [    0.698373] ACPI: PCI Interrupt Link [GSIA] (IRQs *16)
[STDERR  ] 2018-10-16T10:33:01.354922188Z: [    0.700942] ACPI: PCI Interrupt Link [GSIB] (IRQs *17)
[STDERR  ] 2018-10-16T10:33:01.354935157Z: [    0.710474] ACPI: PCI Interrupt Link [GSIC] (IRQs *18)
[STDERR  ] 2018-10-16T10:33:01.354952125Z: [    0.715817] ACPI: PCI Interrupt Link [GSID] (IRQs *19)
[STDERR  ] 2018-10-16T10:33:01.354963994Z: [    0.720949] ACPI: PCI Interrupt Link [GSIE] (IRQs *20)
[STDERR  ] 2018-10-16T10:33:01.354975894Z: [    0.726165] ACPI: PCI Interrupt Link [GSIF] (IRQs *21)
[STDERR  ] 2018-10-16T10:33:01.354987462Z: [    0.730951] ACPI: PCI Interrupt Link [GSIG] (IRQs *22)
[STDERR  ] 2018-10-16T10:33:01.354998385Z: [    0.736208] ACPI: PCI Interrupt Link [GSIH] (IRQs *23)
[STDERR  ] 2018-10-16T10:33:01.355009683Z: [    0.741320] ACPI: Enabled 2 GPEs in block 00 to 3F
[STDERR  ] 2018-10-16T10:33:01.355020981Z: [    0.746492] SCSI subsystem initialized
[STDERR  ] 2018-10-16T10:33:01.355033189Z: [    0.750254] ACPI: bus type USB registered
[STDERR  ] 2018-10-16T10:33:01.355045170Z: [    0.754180] usbcore: registered new interface driver usbfs
[STDERR  ] 2018-10-16T10:33:01.355056826Z: [    0.760045] usbcore: registered new interface driver hub
[STDERR  ] 2018-10-16T10:33:01.355071426Z: [    0.765353] usbcore: registered new device driver usb
[STDERR  ] 2018-10-16T10:33:01.355085326Z: [    0.770054] pps_core: LinuxPPS API ver. 1 registered
[STDERR  ] 2018-10-16T10:33:01.355096611Z: [    0.775113] pps_core: Software ver. 5.3.6 - Copyright 2005-2007 Rodolfo Giometti <giometti@linux.it>
[STDERR  ] 2018-10-16T10:33:01.355108601Z: [    0.780037] PTP clock support registered
[STDERR  ] 2018-10-16T10:33:01.355119674Z: [    0.790052] wmi: Mapper loaded
[STDERR  ] 2018-10-16T10:33:01.355130264Z: [    0.793025] PCI: Using ACPI for IRQ routing
[STDERR  ] 2018-10-16T10:33:01.355141165Z: [    1.269440] NetLabel: Initializing
[STDERR  ] 2018-10-16T10:33:01.355152743Z: [    1.270009] NetLabel:  domain hash size = 128
[STDERR  ] 2018-10-16T10:33:01.355163476Z: [    1.274292] NetLabel:  protocols = UNLABELED CIPSOv4
[STDERR  ] 2018-10-16T10:33:01.355174743Z: [    1.280036] NetLabel:  unlabeled traffic allowed by default
[STDERR  ] 2018-10-16T10:33:01.355190910Z: [    1.285554] HPET: 3 timers in total, 0 timers will be used for per-cpu timer
[STDERR  ] 2018-10-16T10:33:01.355206186Z: [    1.290123] hpet0: at MMIO 0xfed00000, IRQs 2, 8, 0
[STDERR  ] 2018-10-16T10:33:01.355217791Z: [    1.295331] hpet0: 3 comparators, 64-bit 100.000000 MHz counter
[STDERR  ] 2018-10-16T10:33:01.355232543Z: [    1.310052] amd_nb: Cannot enumerate AMD northbridges
[STDERR  ] 2018-10-16T10:33:01.355244217Z: [    1.315019] clocksource: Switched to clocksource kvm-clock
[STDERR  ] 2018-10-16T10:33:01.355255560Z: [    1.338010] FS-Cache: Loaded
[STDERR  ] 2018-10-16T10:33:01.355266682Z: [    1.341088] CacheFiles: Loaded
[STDERR  ] 2018-10-16T10:33:01.355278489Z: [    1.344124] pnp: PnP ACPI init
[STDERR  ] 2018-10-16T10:33:01.355290312Z: [    1.348233] pnp: PnP ACPI: found 5 devices
[STDERR  ] 2018-10-16T10:33:01.355302325Z: [    1.358561] clocksource: acpi_pm: mask: 0xffffff max_cycles: 0xffffff, max_idle_ns: 2085701024 ns
[STDERR  ] 2018-10-16T10:33:01.355317152Z: [    1.367230] NET: Registered protocol family 2
[STDERR  ] 2018-10-16T10:33:01.355331265Z: [    1.371709] TCP established hash table entries: 8192 (order: 4, 65536 bytes)
[STDERR  ] 2018-10-16T10:33:01.355345974Z: [    1.378437] TCP bind hash table entries: 8192 (order: 5, 131072 bytes)
[STDERR  ] 2018-10-16T10:33:01.355356755Z: [    1.384756] TCP: Hash tables configured (established 8192 bind 8192)
[STDERR  ] 2018-10-16T10:33:01.355367255Z: [    1.390941] UDP hash table entries: 512 (order: 2, 16384 bytes)
[STDERR  ] 2018-10-16T10:33:01.355378554Z: [    1.396710] UDP-Lite hash table entries: 512 (order: 2, 16384 bytes)
[STDERR  ] 2018-10-16T10:33:01.355389280Z: [    1.402933] NET: Registered protocol family 1
[STDERR  ] 2018-10-16T10:33:01.355411185Z: [    1.407743] Unpacking initramfs...
[STDERR  ] 2018-10-16T10:33:01.355423605Z: [    1.859116] Freeing initrd memory: 24044K
[STDERR  ] 2018-10-16T10:33:01.355438853Z: [    1.866003] PCLMULQDQ-NI instructions are not detected.
[STDERR  ] 2018-10-16T10:33:01.355451061Z: [    1.871510] AVX or AES-NI instructions are not detected.
[STDERR  ] 2018-10-16T10:33:01.355474644Z: [    1.876390] CPU feature 'AVX registers' is not supported.
[STDERR  ] 2018-10-16T10:33:01.355490147Z: [    1.881555] CPU feature 'AVX registers' is not supported.
[STDERR  ] 2018-10-16T10:33:01.355502738Z: [    1.886672] CPU feature 'AVX registers' is not supported.
[STDERR  ] 2018-10-16T10:33:01.355514901Z: [    1.891919] CPU feature 'AVX registers' is not supported.
[STDERR  ] 2018-10-16T10:33:01.355526580Z: [    1.896944] AVX2 or AES-NI instructions are not detected.
[STDERR  ] 2018-10-16T10:33:01.355537450Z: [    1.902190] AVX2 instructions are not detected.
[STDERR  ] 2018-10-16T10:33:01.355548829Z: [    1.906721] audit: initializing netlink subsys (disabled)
[STDERR  ] 2018-10-16T10:33:01.355559937Z: [    1.912081] audit: type=2000 audit(1539685975.780:1): initialized
[STDERR  ] 2018-10-16T10:33:01.355572469Z: [    1.918480] HugeTLB registered 2 MB page size, pre-allocated 0 pages
[STDERR  ] 2018-10-16T10:33:01.355588664Z: [    1.924987] VFS: Disk quotas dquot_6.6.0
[STDERR  ] 2018-10-16T10:33:01.355601607Z: [    1.928815] VFS: Dquot-cache hash table entries: 512 (order 0, 4096 bytes)
[STDERR  ] 2018-10-16T10:33:01.355614345Z: [    1.935759] squashfs: version 4.0 (2009/01/31) Phillip Lougher
[STDERR  ] 2018-10-16T10:33:01.355626836Z: [    1.941617] FS-Cache: Netfs 'cifs' registered for caching
[STDERR  ] 2018-10-16T10:33:01.355639451Z: [    1.946839] fuse init (API version 7.23)
[STDERR  ] 2018-10-16T10:33:01.355651911Z: [    1.950844] SGI XFS with ACLs, security attributes, no debug enabled
[STDERR  ] 2018-10-16T10:33:01.355663712Z: [    1.957149] 9p: Installing v9fs 9p2000 file system support
[STDERR  ] 2018-10-16T10:33:01.355675496Z: [    1.962520] FS-Cache: Netfs '9p' registered for caching
[STDERR  ] 2018-10-16T10:33:01.355686691Z: [    1.967627] Key type big_key registered
[STDERR  ] 2018-10-16T10:33:01.355697299Z: [    1.972765] NET: Registered protocol family 38
[STDERR  ] 2018-10-16T10:33:01.355708593Z: [    1.977088] Key type asymmetric registered
[STDERR  ] 2018-10-16T10:33:01.355718307Z: [    1.981174] Asymmetric key parser 'x509' registered
[STDERR  ] 2018-10-16T10:33:01.355728627Z: [    1.985881] Block layer SCSI generic (bsg) driver version 0.4 loaded (major 251)
[STDERR  ] 2018-10-16T10:33:01.355738551Z: [    1.994595] io scheduler noop registered
[STDERR  ] 2018-10-16T10:33:01.355749623Z: [    1.998408] io scheduler deadline registered (default)
[STDERR  ] 2018-10-16T10:33:01.355762124Z: [    2.003608] io scheduler cfq registered
[STDERR  ] 2018-10-16T10:33:01.355776154Z: [    2.007452] pci_hotplug: PCI Hot Plug PCI Core version: 0.5
[STDERR  ] 2018-10-16T10:33:01.355791779Z: [    2.012895] pciehp: PCI Express Hot Plug Controller Driver version: 0.4
[STDERR  ] 2018-10-16T10:33:01.355804288Z: [    2.019221] shpchp: Standard Hot Plug PCI Controller Driver version: 0.4
[STDERR  ] 2018-10-16T10:33:01.355833196Z: [    2.029182] hv_vmbus: registering driver hyperv_fb
[STDERR  ] 2018-10-16T10:33:01.355893966Z: [    2.034020] input: Power Button as /devices/LNXSYSTM:00/LNXPWRBN:00/input/input0
[STDERR  ] 2018-10-16T10:33:01.355932490Z: [    2.041389] ACPI: Power Button [PWRF]
[STDERR  ] 2018-10-16T10:33:01.355965749Z: [    2.045242] GHES: HEST is not enabled!
[STDERR  ] 2018-10-16T10:33:01.355997703Z: [    2.049277] ACPI: PCI Interrupt Link [GSIG] enabled at IRQ 22
[STDERR  ] 2018-10-16T10:33:01.356034044Z: [    2.060758] ACPI: PCI Interrupt Link [GSIH] enabled at IRQ 23
[STDERR  ] 2018-10-16T10:33:01.356067656Z: [    2.072082] xenfs: not registering filesystem on non-xen platform
[STDERR  ] 2018-10-16T10:33:01.356103389Z: [    2.078124] Serial: 8250/16550 driver, 4 ports, IRQ sharing disabled
[STDERR  ] 2018-10-16T10:33:01.356135630Z: [    2.119144] 00:04: ttyS0 at I/O 0x3f8 (irq = 4, base_baud = 115200) is a 16550A
[STDERR  ] 2018-10-16T10:33:01.356170960Z: [    2.127202] Non-volatile memory driver v1.3
[STDERR  ] 2018-10-16T10:33:01.356209448Z: [    2.133042] Hangcheck: starting hangcheck timer 0.9.1 (tick is 180 seconds, margin is 60 seconds).
[STDERR  ] 2018-10-16T10:33:01.356252209Z: [    2.142464] random: nonblocking pool is initialized
[STDERR  ] 2018-10-16T10:33:01.356284630Z: [    2.149447] loop: module loaded
[STDERR  ] 2018-10-16T10:33:01.356320657Z: [    2.152965] nbd: registered device at major 43
[STDERR  ] 2018-10-16T10:33:01.356355293Z: [    2.158406] lpc_ich 0000:00:1f.0: I/O space for GPIO uninitialized
[STDERR  ] 2018-10-16T10:33:01.356389833Z: [    2.163928] VMware PVSCSI driver - version 1.0.5.0-k
[STDERR  ] 2018-10-16T10:33:01.356436326Z: [    2.168246] hv_vmbus: registering driver hv_storvsc
[STDERR  ] 2018-10-16T10:33:01.356470112Z: [    2.173016] ACPI: PCI Interrupt Link [GSIA] enabled at IRQ 16
[STDERR  ] 2018-10-16T10:33:01.356509075Z: [    2.181544] ahci 0000:00:1f.2: AHCI 0001.0000 32 slots 6 ports 1.5 Gbps 0x3f impl SATA mode
[STDERR  ] 2018-10-16T10:33:01.356543815Z: [    2.188754] ahci 0000:00:1f.2: flags: 64bit ncq only 
[STDERR  ] 2018-10-16T10:33:01.356577316Z: [    2.197334] scsi host0: ahci
[STDERR  ] 2018-10-16T10:33:01.356616245Z: [    2.199970] scsi host1: ahci
[STDERR  ] 2018-10-16T10:33:01.356654370Z: [    2.202697] scsi host2: ahci
[STDERR  ] 2018-10-16T10:33:01.356687370Z: [    2.205309] scsi host3: ahci
[STDERR  ] 2018-10-16T10:33:01.356726692Z: [    2.207930] scsi host4: ahci
[STDERR  ] 2018-10-16T10:33:01.356759018Z: [    2.210631] scsi host5: ahci
[STDERR  ] 2018-10-16T10:33:01.356796851Z: [    2.213241] ata1: SATA max UDMA/133 abar m4096@0xfebd2000 port 0xfebd2100 irq 24
[STDERR  ] 2018-10-16T10:33:01.356844095Z: [    2.219618] ata2: SATA max UDMA/133 abar m4096@0xfebd2000 port 0xfebd2180 irq 24
[STDERR  ] 2018-10-16T10:33:01.356877577Z: [    2.226004] ata3: SATA max UDMA/133 abar m4096@0xfebd2000 port 0xfebd2200 irq 24
[STDERR  ] 2018-10-16T10:33:01.356910123Z: [    2.232495] ata4: SATA max UDMA/133 abar m4096@0xfebd2000 port 0xfebd2280 irq 24
[STDERR  ] 2018-10-16T10:33:01.356942995Z: [    2.238822] ata5: SATA max UDMA/133 abar m4096@0xfebd2000 port 0xfebd2300 irq 24
[STDERR  ] 2018-10-16T10:33:01.356975699Z: [    2.245220] ata6: SATA max UDMA/133 abar m4096@0xfebd2000 port 0xfebd2380 irq 24
[STDERR  ] 2018-10-16T10:33:01.357007490Z: [    2.253591] tun: Universal TUN/TAP device driver, 1.6
[STDERR  ] 2018-10-16T10:33:01.357041814Z: [    2.257964] tun: (C) 1999-2004 Max Krasnyansky <maxk@qualcomm.com>
[STDERR  ] 2018-10-16T10:33:01.357079177Z: [    2.268583] VMware vmxnet3 virtual NIC driver - version 1.4.5.0-k-NAPI
[STDERR  ] 2018-10-16T10:33:01.357121055Z: [    2.275460] hv_vmbus: registering driver hv_netvsc
[STDERR  ] 2018-10-16T10:33:01.357172099Z: [    2.280186] Fusion MPT base driver 3.04.20
[STDERR  ] 2018-10-16T10:33:01.357209914Z: [    2.284142] Copyright (c) 1999-2008 LSI Corporation
[STDERR  ] 2018-10-16T10:33:01.357254509Z: [    2.288874] Fusion MPT SPI Host driver 3.04.20
[STDERR  ] 2018-10-16T10:33:01.357289171Z: [    2.293324] usbcore: registered new interface driver usb-storage
[STDERR  ] 2018-10-16T10:33:01.357323267Z: [    2.299044] i8042: PNP: PS/2 Controller [PNP0303:KBD,PNP0f13:MOU] at 0x60,0x64 irq 1,12
[STDERR  ] 2018-10-16T10:33:01.357367939Z: [    2.310821] serio: i8042 KBD port at 0x60,0x64 irq 1
[STDERR  ] 2018-10-16T10:33:01.357407573Z: [    2.315584] serio: i8042 AUX port at 0x60,0x64 irq 12
[STDERR  ] 2018-10-16T10:33:01.357439142Z: [    2.320657] hv_vmbus: registering driver hyperv_keyboard
[STDERR  ] 2018-10-16T10:33:01.357562858Z: [    2.325832] mousedev: PS/2 mouse device common for all mice
[STDERR  ] 2018-10-16T10:33:01.357606095Z: [    2.332591] input: AT Translated Set 2 keyboard as /devices/platform/i8042/serio0/input/input1
[STDERR  ] 2018-10-16T10:33:01.357652938Z: [    2.340969] input: PC Speaker as /devices/platform/pcspkr/input/input2
[STDERR  ] 2018-10-16T10:33:01.357694586Z: [    2.346989] rtc_cmos 00:00: RTC can wake from S4
[STDERR  ] 2018-10-16T10:33:01.357733815Z: [    2.353453] rtc_cmos 00:00: rtc core: registered rtc_cmos as rtc0
[STDERR  ] 2018-10-16T10:33:01.357771117Z: [    2.359523] rtc_cmos 00:00: alarms up to one day, y3k, 114 bytes nvram, hpet irqs
[STDERR  ] 2018-10-16T10:33:01.357835109Z: [    2.366023] i2c /dev entries driver
[STDERR  ] 2018-10-16T10:33:01.357874453Z: [    2.369157] device-mapper: ioctl: 4.34.0-ioctl (2015-10-28) initialised: dm-devel@redhat.com
[STDERR  ] 2018-10-16T10:33:01.357910504Z: [    2.376913] usbcore: registered new interface driver usbhid
[STDERR  ] 2018-10-16T10:33:01.357944316Z: [    2.381708] usbhid: USB HID core driver
[STDERR  ] 2018-10-16T10:33:01.357977561Z: [    2.385078] hv_utils: Registering HyperV Utility Driver
[STDERR  ] 2018-10-16T10:33:01.358010541Z: [    2.389561] hv_vmbus: registering driver hv_util
[STDERR  ] 2018-10-16T10:33:01.358043952Z: [    2.393609] hv_vmbus: registering driver hv_balloon
[STDERR  ] 2018-10-16T10:33:01.358118690Z: [    2.397832] oprofile: using NMI interrupt.
[STDERR  ] 2018-10-16T10:33:01.358179822Z: [    2.401473] GACT probability on
[STDERR  ] 2018-10-16T10:33:01.358217949Z: [    2.404217] Mirror/redirect action on
[STDERR  ] 2018-10-16T10:33:01.358261418Z: [    2.407482] Simple TC action Loaded
[STDERR  ] 2018-10-16T10:33:01.358317917Z: [    2.410647] u32 classifier
[STDERR  ] 2018-10-16T10:33:01.358361615Z: [    2.413066]     Performance counters on
[STDERR  ] 2018-10-16T10:33:01.358415700Z: [    2.416420]     input device check on
[STDERR  ] 2018-10-16T10:33:01.358462075Z: [    2.419617]     Actions configured
[STDERR  ] 2018-10-16T10:33:01.358499749Z: [    2.422715] Netfilter messages via NETLINK v0.30.
[STDERR  ] 2018-10-16T10:33:01.358542346Z: [    2.426868] nfnl_acct: registering with nfnetlink.
[STDERR  ] 2018-10-16T10:33:01.358581058Z: [    2.431060] nf_conntrack version 0.5.0 (7922 buckets, 31688 max)
[STDERR  ] 2018-10-16T10:33:01.358623935Z: [    2.436414] ctnetlink v0.93: registering with nfnetlink.
[STDERR  ] 2018-10-16T10:33:01.358665872Z: [    2.441195] nf_tables: (c) 2007-2009 Patrick McHardy <kaber@trash.net>
[STDERR  ] 2018-10-16T10:33:01.358706075Z: [    2.446899] nf_tables_compat: (c) 2012 Pablo Neira Ayuso <pablo@netfilter.org>
[STDERR  ] 2018-10-16T10:33:01.358748047Z: [    2.453429] xt_time: kernel timezone is -0000
[STDERR  ] 2018-10-16T10:33:01.358806294Z: [    2.457273] ip_set: protocol 6
[STDERR  ] 2018-10-16T10:33:01.358863197Z: [    2.459999] IPVS: Registered protocols (TCP, UDP, SCTP, AH, ESP)
[STDERR  ] 2018-10-16T10:33:01.358935605Z: [    2.465140] IPVS: Connection hash table configured (size=4096, memory=64Kbytes)
[STDERR  ] 2018-10-16T10:33:01.358976832Z: [    2.471364] IPVS: Creating netns size=2096 id=0
[STDERR  ] 2018-10-16T10:33:01.359030889Z: [    2.476084] IPVS: ipvs loaded.
[STDERR  ] 2018-10-16T10:33:01.359075014Z: [    2.478709] IPVS: [rr] scheduler registered.
[STDERR  ] 2018-10-16T10:33:01.359116862Z: [    2.482783] IPVS: [wrr] scheduler registered.
[STDERR  ] 2018-10-16T10:33:01.359156615Z: [    2.486578] IPVS: [lc] scheduler registered.
[STDERR  ] 2018-10-16T10:33:01.359195370Z: [    2.490406] IPVS: [wlc] scheduler registered.
[STDERR  ] 2018-10-16T10:33:01.359234303Z: [    2.494223] IPVS: [fo] scheduler registered.
[STDERR  ] 2018-10-16T10:33:01.359273241Z: [    2.497896] IPVS: [ovf] scheduler registered.
[STDERR  ] 2018-10-16T10:33:01.359314845Z: [    2.501922] IPVS: [lblc] scheduler registered.
[STDERR  ] 2018-10-16T10:33:01.359352589Z: [    2.505835] IPVS: [lblcr] scheduler registered.
[STDERR  ] 2018-10-16T10:33:01.359391077Z: [    2.509818] IPVS: [dh] scheduler registered.
[STDERR  ] 2018-10-16T10:33:01.359443480Z: [    2.513662] IPVS: [sh] scheduler registered.
[STDERR  ] 2018-10-16T10:33:01.359481930Z: [    2.517419] IPVS: [sed] scheduler registered.
[STDERR  ] 2018-10-16T10:33:01.359561781Z: [    2.521545] IPVS: [nq] scheduler registered.
[STDERR  ] 2018-10-16T10:33:01.359602970Z: [    2.525287] IPVS: ftp: loaded support on port[0] = 21
[STDERR  ] 2018-10-16T10:33:01.359642420Z: [    2.529772] ipip: IPv4 over IPv4 tunneling driver
[STDERR  ] 2018-10-16T10:33:01.359692975Z: [    2.534128] gre: GRE over IPv4 demultiplexor driver
[STDERR  ] 2018-10-16T10:33:01.359730713Z: [    2.538783] ip_tables: (C) 2000-2006 Netfilter Core Team
[STDERR  ] 2018-10-16T10:33:01.359775764Z: [    2.543882] ipt_CLUSTERIP: ClusterIP Version 0.8 loaded successfully
[STDERR  ] 2018-10-16T10:33:01.359840700Z: [    2.549502] arp_tables: (C) 2002 David S. Miller
[STDERR  ] 2018-10-16T10:33:01.359881697Z: [    2.553811] NET: Registered protocol family 10
[STDERR  ] 2018-10-16T10:33:01.359924077Z: [    2.558040] ip6_tables: (C) 2000-2006 Netfilter Core Team
[STDERR  ] 2018-10-16T10:33:01.359977804Z: [    2.563808] NET: Registered protocol family 17
[STDERR  ] 2018-10-16T10:33:01.360022905Z: [    2.567770] bridge: automatic filtering via arp/ip/ip6tables has been deprecated. Update your scripts to load br_netfilter if you need this.
[STDERR  ] 2018-10-16T10:33:01.360066081Z: [    2.578963] Bridge firewalling registered
[STDERR  ] 2018-10-16T10:33:01.360106088Z: [    2.582732] Ebtables v2.0 registered
[STDERR  ] 2018-10-16T10:33:01.360144530Z: [    2.586285] 8021q: 802.1Q VLAN Support v1.8
[STDERR  ] 2018-10-16T10:33:01.360190521Z: [    2.590268] 9pnet: Installing 9P2000 support
[STDERR  ] 2018-10-16T10:33:01.360240915Z: [    2.594092] Key type dns_resolver registered
[STDERR  ] 2018-10-16T10:33:01.360290690Z: [    2.598068] registered taskstats version 1
[STDERR  ] 2018-10-16T10:33:01.360337377Z: [    2.602405] ata1: SATA link down (SStatus 0 SControl 300)
[STDERR  ] 2018-10-16T10:33:01.360375556Z: [    2.607944] ata2: SATA link down (SStatus 0 SControl 300)
[STDERR  ] 2018-10-16T10:33:01.360424443Z: [    2.613591] ata3: SATA link up 1.5 Gbps (SStatus 113 SControl 300)
[STDERR  ] 2018-10-16T10:33:01.360477300Z: [    2.619379] ata3.00: ATAPI: QEMU DVD-ROM, 2.5+, max UDMA/100
[STDERR  ] 2018-10-16T10:33:01.360528983Z: [    2.624418] ata3.00: applying bridge limits
[STDERR  ] 2018-10-16T10:33:01.360568069Z: [    2.628944] ata4: SATA link down (SStatus 0 SControl 300)
[STDERR  ] 2018-10-16T10:33:01.360605576Z: [    2.634483] ata5: SATA link down (SStatus 0 SControl 300)
[STDERR  ] 2018-10-16T10:33:01.360647028Z: [    2.639855] ata6: SATA link down (SStatus 0 SControl 300)
[STDERR  ] 2018-10-16T10:33:01.360695928Z: [    2.649192] ata3.00: configured for UDMA/100
[STDERR  ] 2018-10-16T10:33:01.360738502Z: [    2.655168] Key type encrypted registered
[STDERR  ] 2018-10-16T10:33:01.360788540Z: [    2.660688] scsi 2:0:0:0: CD-ROM            QEMU     QEMU DVD-ROM     2.5+ PQ: 0 ANSI: 5
[STDERR  ] 2018-10-16T10:33:01.360842517Z: [    2.670442] rtc_cmos 00:00: setting system clock to 2018-10-16 10:32:57 UTC (1539685977)
[STDERR  ] 2018-10-16T10:33:01.360885191Z: [    2.680747] sr 2:0:0:0: [sr0] scsi3-mmc drive: 4x/4x cd/rw xa/form2 tray
[STDERR  ] 2018-10-16T10:33:01.360940384Z: [    2.687144] cdrom: Uniform CD-ROM driver Revision: 3.20
[STDERR  ] 2018-10-16T10:33:01.360989279Z: [    2.692761] sr 2:0:0:0: Attached scsi generic sg0 type 5
[STDERR  ] 2018-10-16T10:33:01.361043749Z: [    2.699380] Freeing unused kernel memory: 1324K
[STDERR  ] 2018-10-16T10:33:01.361085372Z: [    2.703839] Write protecting the kernel read-only data: 12288k
[STDERR  ] 2018-10-16T10:33:01.361137976Z: [    2.709701] Freeing unused kernel memory: 480K
[STDERR  ] 2018-10-16T10:33:01.361176599Z: [    2.717607] Freeing unused kernel memory: 1376K
[STDERR  ] 2018-10-16T10:33:01.361228546Z: 
[STDERR  ] 2018-10-16T10:33:01.361270163Z: Welcome to LinuxKit
[STDERR  ] 2018-10-16T10:33:01.361310157Z: 
[STDERR  ] 2018-10-16T10:33:01.361363296Z:                         ##         .
[STDERR  ] 2018-10-16T10:33:01.361424580Z:                   ## ## ##        ==
[STDERR  ] 2018-10-16T10:33:01.361464817Z:                ## ## ## ## ##    ===
[STDERR  ] 2018-10-16T10:33:01.361507669Z:            /"""""""""""""""""\___/ ===
[STDERR  ] 2018-10-16T10:33:01.361556007Z:           {                       /  ===-
[STDERR  ] 2018-10-16T10:33:01.361596341Z:            \______ O           __/
[STDERR  ] 2018-10-16T10:33:01.361646464Z:              \    \         __/
[STDERR  ] 2018-10-16T10:33:01.361689215Z:               \____\_______/
[STDERR  ] 2018-10-16T10:33:01.361730509Z: 
[STDERR  ] 2018-10-16T10:33:01.361781774Z: [    3.057497] hello_world: loading out-of-tree module taints kernel.
[STDERR  ] 2018-10-16T10:33:01.361845607Z: [    3.064703] Hello LinuxKit
[STDERR  ] 2018-10-16T10:33:01.361893646Z: [    3.070736] Goodbye LinuxKit.
[STDERR  ] 2018-10-16T10:33:01.361936893Z: Linux linuxkit-22fb4f7bd15b 4.4.159-linuxkit #1 SMP Fri Oct 5 23:47:27 UTC 2018 x86_64 Linux
[STDERR  ] 2018-10-16T10:33:01.361982036Z: filename:       hello_world.ko
[STDERR  ] 2018-10-16T10:33:01.362022441Z: author:         Rolf Neugebauer <rolf.neugebauer@docker.com>
[STDERR  ] 2018-10-16T10:33:01.362061402Z: description:    A simple Hello World kernel module for testing
[STDERR  ] 2018-10-16T10:33:01.362114528Z: license:        GPL
[STDERR  ] 2018-10-16T10:33:01.362202255Z: depends:        
[STDERR  ] 2018-10-16T10:33:01.362241295Z: vermagic:       4.4.159-linuxkit SMP mod_unload 
[STDERR  ] 2018-10-16T10:33:01.362291913Z: Kernel module test suite PASSED
[STDERR  ] 2018-10-16T10:33:01.362333372Z: [    6.142369] ACPI: Preparing to enter system sleep state S5
[STDERR  ] 2018-10-16T10:33:01.362379584Z: [    6.147793] reboot: Power down
[STDERR  ] 2018-10-16T10:33:01.362430890Z: + echo [    0.000000] Initializing cgroup subsys cpuset
[STDERR  ] 2018-10-16T10:33:01.362472442Z: [    0.000000] Initializing cgroup subsys cpu
[STDERR  ] 2018-10-16T10:33:01.362522272Z: [    0.000000] Initializing cgroup subsys cpuacct
[STDERR  ] 2018-10-16T10:33:01.362569497Z: [    0.000000] Linux version 4.4.159-linuxkit (root@4692e70674ab) (gcc version 6.4.0 (Alpine 6.4.0) ) #1 SMP Fri Oct 5 23:47:27 UTC 2018
[STDERR  ] 2018-10-16T10:33:01.362615307Z: [    0.000000] Command line: console=ttyS0 console=ttyAMA0
[STDERR  ] 2018-10-16T10:33:01.362679484Z: [    0.000000] x86/fpu: Legacy x87 FPU detected.
[STDERR  ] 2018-10-16T10:33:01.362721380Z: [    0.000000] e820: BIOS-provided physical RAM map:
[STDERR  ] 2018-10-16T10:33:01.362769507Z: [    0.000000] BIOS-e820: [mem 0x0000000000000000-0x000000000009fbff] usable
[STDERR  ] 2018-10-16T10:33:01.362847001Z: [    0.000000] BIOS-e820: [mem 0x000000000009fc00-0x000000000009ffff] reserved
[STDERR  ] 2018-10-16T10:33:01.362892963Z: [    0.000000] BIOS-e820: [mem 0x00000000000f0000-0x00000000000fffff] reserved
[STDERR  ] 2018-10-16T10:33:01.362934811Z: [    0.000000] BIOS-e820: [mem 0x0000000000100000-0x000000003ffdefff] usable
[STDERR  ] 2018-10-16T10:33:01.362982344Z: [    0.000000] BIOS-e820: [mem 0x000000003ffdf000-0x000000003fffffff] reserved
[STDERR  ] 2018-10-16T10:33:01.363025825Z: [    0.000000] BIOS-e820: [mem 0x00000000b0000000-0x00000000bfffffff] reserved
[STDERR  ] 2018-10-16T10:33:01.363087962Z: [    0.000000] BIOS-e820: [mem 0x00000000fed1c000-0x00000000fed1ffff] reserved
[STDERR  ] 2018-10-16T10:33:01.363130407Z: [    0.000000] BIOS-e820: [mem 0x00000000feffc000-0x00000000feffffff] reserved
[STDERR  ] 2018-10-16T10:33:01.363200009Z: [    0.000000] BIOS-e820: [mem 0x00000000fffc0000-0x00000000ffffffff] reserved
[STDERR  ] 2018-10-16T10:33:01.363247997Z: [    0.000000] NX (Execute Disable) protection: active
[STDERR  ] 2018-10-16T10:33:01.363290882Z: [    0.000000] SMBIOS 2.8 present.
[STDERR  ] 2018-10-16T10:33:01.363333267Z: [    0.000000] Hypervisor detected: KVM
[STDERR  ] 2018-10-16T10:33:01.363376155Z: [    0.000000] e820: last_pfn = 0x3ffdf max_arch_pfn = 0x400000000
[STDERR  ] 2018-10-16T10:33:01.363426606Z: [    0.000000] x86/PAT: PAT not supported by CPU.
[STDERR  ] 2018-10-16T10:33:01.363468736Z: [    0.000000] x86/PAT: Configuration [0-7]: WB  WT  UC- UC  WB  WT  UC- UC  
[STDERR  ] 2018-10-16T10:33:01.363512054Z: [    0.000000] found SMP MP-table at [mem 0x000f6a90-0x000f6a9f] mapped at [ffff8800000f6a90]
[STDERR  ] 2018-10-16T10:33:01.363556299Z: [    0.000000] RAMDISK: [mem 0x3e855000-0x3ffcffff]
[STDERR  ] 2018-10-16T10:33:01.363610781Z: [    0.000000] ACPI: Early table checksum verification disabled
[STDERR  ] 2018-10-16T10:33:01.363653660Z: [    0.000000] ACPI: RSDP 0x00000000000F68D0 000014 (v00 BOCHS )
[STDERR  ] 2018-10-16T10:33:01.363699366Z: [    0.000000] ACPI: RSDT 0x000000003FFE2404 000034 (v01 BOCHS  BXPCRSDT 00000001 BXPC 00000001)
[STDERR  ] 2018-10-16T10:33:01.363764401Z: [    0.000000] ACPI: FACP 0x000000003FFE22A4 000074 (v01 BOCHS  BXPCFACP 00000001 BXPC 00000001)
[STDERR  ] 2018-10-16T10:33:01.363807784Z: [    0.000000] ACPI: DSDT 0x000000003FFE0040 002264 (v01 BOCHS  BXPCDSDT 00000001 BXPC 00000001)
[STDERR  ] 2018-10-16T10:33:01.363862961Z: [    0.000000] ACPI: FACS 0x000000003FFE0000 000040
[STDERR  ] 2018-10-16T10:33:01.363905050Z: [    0.000000] ACPI: APIC 0x000000003FFE2318 000078 (v01 BOCHS  BXPCAPIC 00000001 BXPC 00000001)
[STDERR  ] 2018-10-16T10:33:01.363979490Z: [    0.000000] ACPI: HPET 0x000000003FFE2390 000038 (v01 BOCHS  BXPCHPET 00000001 BXPC 00000001)
[STDERR  ] 2018-10-16T10:33:01.364020628Z: [    0.000000] ACPI: MCFG 0x000000003FFE23C8 00003C (v01 BOCHS  BXPCMCFG 00000001 BXPC 00000001)
[STDERR  ] 2018-10-16T10:33:01.364063904Z: [    0.000000] kvm-clock: Using msrs 4b564d01 and 4b564d00
[STDERR  ] 2018-10-16T10:33:01.364154561Z: [    0.000000] kvm-clock: cpu 0, msr 0:3ffdd001, primary cpu clock
[STDERR  ] 2018-10-16T10:33:01.364217912Z: [    0.000000] clocksource: kvm-clock: mask: 0xffffffffffffffff max_cycles: 0x1cd42e4dffb, max_idle_ns: 881590591483 ns
[STDERR  ] 2018-10-16T10:33:01.364262692Z: [    0.000000] Zone ranges:
[STDERR  ] 2018-10-16T10:33:01.364305800Z: [    0.000000]   DMA      [mem 0x0000000000001000-0x0000000000ffffff]
[STDERR  ] 2018-10-16T10:33:01.364352743Z: [    0.000000]   DMA32    [mem 0x0000000001000000-0x000000003ffdefff]
[STDERR  ] 2018-10-16T10:33:01.364394465Z: [    0.000000]   Normal   empty
[STDERR  ] 2018-10-16T10:33:01.364445586Z: [    0.000000] Movable zone start for each node
[STDERR  ] 2018-10-16T10:33:01.364487899Z: [    0.000000] Early memory node ranges
[STDERR  ] 2018-10-16T10:33:01.364556299Z: [    0.000000]   node   0: [mem 0x0000000000001000-0x000000000009efff]
[STDERR  ] 2018-10-16T10:33:01.364599633Z: [    0.000000]   node   0: [mem 0x0000000000100000-0x000000003ffdefff]
[STDERR  ] 2018-10-16T10:33:01.364643119Z: [    0.000000] Initmem setup node 0 [mem 0x0000000000001000-0x000000003ffdefff]
[STDERR  ] 2018-10-16T10:33:01.364696270Z: [    0.000000] ACPI: PM-Timer IO Port: 0x608
[STDERR  ] 2018-10-16T10:33:01.364738130Z: [    0.000000] ACPI: LAPIC_NMI (acpi_id[0xff] dfl dfl lint[0x1])
[STDERR  ] 2018-10-16T10:33:01.364778719Z: [    0.000000] IOAPIC[0]: apic_id 0, version 17, address 0xfec00000, GSI 0-23
[STDERR  ] 2018-10-16T10:33:01.364853596Z: [    0.000000] ACPI: INT_SRC_OVR (bus 0 bus_irq 0 global_irq 2 dfl dfl)
[STDERR  ] 2018-10-16T10:33:01.364898312Z: [    0.000000] ACPI: INT_SRC_OVR (bus 0 bus_irq 5 global_irq 5 high level)
[STDERR  ] 2018-10-16T10:33:01.364939033Z: [    0.000000] ACPI: INT_SRC_OVR (bus 0 bus_irq 9 global_irq 9 high level)
[STDERR  ] 2018-10-16T10:33:01.365000927Z: [    0.000000] ACPI: INT_SRC_OVR (bus 0 bus_irq 10 global_irq 10 high level)
[STDERR  ] 2018-10-16T10:33:01.365052616Z: [    0.000000] ACPI: INT_SRC_OVR (bus 0 bus_irq 11 global_irq 11 high level)
[STDERR  ] 2018-10-16T10:33:01.365098102Z: [    0.000000] Using ACPI (MADT) for SMP configuration information
[STDERR  ] 2018-10-16T10:33:01.365141483Z: [    0.000000] ACPI: HPET id: 0x8086a201 base: 0xfed00000
[STDERR  ] 2018-10-16T10:33:01.365186572Z: [    0.000000] smpboot: Allowing 1 CPUs, 0 hotplug CPUs
[STDERR  ] 2018-10-16T10:33:01.365226084Z: [    0.000000] e820: [mem 0x40000000-0xafffffff] available for PCI devices
[STDERR  ] 2018-10-16T10:33:01.365295916Z: [    0.000000] Booting paravirtualized kernel on KVM
[STDERR  ] 2018-10-16T10:33:01.365355500Z: [    0.000000] clocksource: refined-jiffies: mask: 0xffffffff max_cycles: 0xffffffff, max_idle_ns: 19112604462750000 ns
[STDERR  ] 2018-10-16T10:33:01.365412089Z: [    0.000000] setup_percpu: NR_CPUS:128 nr_cpumask_bits:128 nr_cpu_ids:1 nr_node_ids:1
[STDERR  ] 2018-10-16T10:33:01.365455376Z: [    0.000000] PERCPU: Embedded 33 pages/cpu @ffff88003e600000 s97112 r8192 d29864 u2097152
[STDERR  ] 2018-10-16T10:33:01.365496394Z: [    0.000000] KVM setup async PF for cpu 0
[STDERR  ] 2018-10-16T10:33:01.365553656Z: [    0.000000] kvm-stealtime: cpu 0, msr 3e60fe00
[STDERR  ] 2018-10-16T10:33:01.365603117Z: [    0.000000] Built 1 zonelists in Zone order, mobility grouping on.  Total pages: 257895
[STDERR  ] 2018-10-16T10:33:01.365661160Z: [    0.000000] Kernel command line: console=ttyS0 console=ttyAMA0
[STDERR  ] 2018-10-16T10:33:01.365699470Z: [    0.000000] PID hash table entries: 4096 (order: 3, 32768 bytes)
[STDERR  ] 2018-10-16T10:33:01.365741302Z: [    0.000000] Dentry cache hash table entries: 131072 (order: 8, 1048576 bytes)
[STDERR  ] 2018-10-16T10:33:01.365806845Z: [    0.000000] Inode-cache hash table entries: 65536 (order: 7, 524288 bytes)
[STDERR  ] 2018-10-16T10:33:01.365860815Z: [    0.000000] Memory: 989956K/1048052K available (7702K kernel code, 1300K rwdata, 2720K rodata, 1324K init, 688K bss, 58096K reserved, 0K cma-reserved)
[STDERR  ] 2018-10-16T10:33:01.365928826Z: [    0.000000] Kernel/User page tables isolation: enabled
[STDERR  ] 2018-10-16T10:33:01.365968221Z: [    0.000000] Hierarchical RCU implementation.
[STDERR  ] 2018-10-16T10:33:01.366015659Z: [    0.000000] 	Build-time adjustment of leaf fanout to 64.
[STDERR  ] 2018-10-16T10:33:01.366053221Z: [    0.000000] 	RCU restricting CPUs from NR_CPUS=128 to nr_cpu_ids=1.
[STDERR  ] 2018-10-16T10:33:01.366110473Z: [    0.000000] RCU: Adjusting geometry for rcu_fanout_leaf=64, nr_cpu_ids=1
[STDERR  ] 2018-10-16T10:33:01.366171831Z: [    0.000000] NR_IRQS:8448 nr_irqs:256 16
[STDERR  ] 2018-10-16T10:33:01.366213154Z: [    0.000000] Console: colour VGA+ 80x25
[STDERR  ] 2018-10-16T10:33:01.366253795Z: [    0.000000] console [ttyS0] enabled
[STDERR  ] 2018-10-16T10:33:01.366313245Z: [    0.000000] clocksource: hpet: mask: 0xffffffff max_cycles: 0xffffffff, max_idle_ns: 19112604467 ns
[STDERR  ] 2018-10-16T10:33:01.366363050Z: [    0.000000] tsc: Detected 2299.960 MHz processor
[STDERR  ] 2018-10-16T10:33:01.366434898Z: [    0.020000] Calibrating delay loop (skipped) preset value.. 4599.92 BogoMIPS (lpj=22999600)
[STDERR  ] 2018-10-16T10:33:01.366481057Z: [    0.022862] pid_max: default: 32768 minimum: 301
[STDERR  ] 2018-10-16T10:33:01.366521816Z: [    0.027346] ACPI: Core revision 20150930
[STDERR  ] 2018-10-16T10:33:01.366560670Z: [    0.030815] ACPI: 1 ACPI AML tables successfully acquired and loaded
[STDERR  ] 2018-10-16T10:33:01.366638865Z: [    0.037268] Security Framework initialized
[STDERR  ] 2018-10-16T10:33:01.366694198Z: [    0.040024] Yama: becoming mindful.
[STDERR  ] 2018-10-16T10:33:01.366735287Z: [    0.043478] Mount-cache hash table entries: 2048 (order: 2, 16384 bytes)
[STDERR  ] 2018-10-16T10:33:01.366774265Z: [    0.050029] Mountpoint-cache hash table entries: 2048 (order: 2, 16384 bytes)
[STDERR  ] 2018-10-16T10:33:01.366842585Z: [    0.060241] Initializing cgroup subsys io
[STDERR  ] 2018-10-16T10:33:01.366886242Z: [    0.064141] Initializing cgroup subsys memory
[STDERR  ] 2018-10-16T10:33:01.366928197Z: [    0.068379] Initializing cgroup subsys devices
[STDERR  ] 2018-10-16T10:33:01.366979795Z: [    0.070028] Initializing cgroup subsys freezer
[STDERR  ] 2018-10-16T10:33:01.367018603Z: [    0.074364] Initializing cgroup subsys net_cls
[STDERR  ] 2018-10-16T10:33:01.367065323Z: [    0.080027] Initializing cgroup subsys perf_event
[STDERR  ] 2018-10-16T10:33:01.367105253Z: [    0.084613] Initializing cgroup subsys net_prio
[STDERR  ] 2018-10-16T10:33:01.367153170Z: [    0.090031] Initializing cgroup subsys hugetlb
[STDERR  ] 2018-10-16T10:33:01.367195130Z: [    0.094366] Initializing cgroup subsys pids
[STDERR  ] 2018-10-16T10:33:01.367233962Z: [    0.099036] CPU: Physical Processor ID: 0
[STDERR  ] 2018-10-16T10:33:01.367274825Z: [    0.100232] Last level iTLB entries: 4KB 0, 2MB 0, 4MB 0
[STDERR  ] 2018-10-16T10:33:01.367325628Z: [    0.105409] Last level dTLB entries: 4KB 0, 2MB 0, 4MB 0, 1GB 0
[STDERR  ] 2018-10-16T10:33:01.367374700Z: [    0.110024] Spectre V2 : Mitigation: Full generic retpoline
[STDERR  ] 2018-10-16T10:33:01.367441419Z: [    0.120022] Spectre V2 : Spectre v2 / SpectreRSB mitigation: Filling RSB on context switch
[STDERR  ] 2018-10-16T10:33:01.367499261Z: [    0.127941] Speculative Store Bypass: Vulnerable
[STDERR  ] 2018-10-16T10:33:01.367540933Z: [    0.250400] Freeing SMP alternatives memory: 20K
[STDERR  ] 2018-10-16T10:33:01.367580241Z: [    0.285539] ftrace: allocating 33593 entries in 132 pages
[STDERR  ] 2018-10-16T10:33:01.367629181Z: [    0.338854] ..TIMER: vector=0x30 apic1=0 pin1=2 apic2=-1 pin2=-1
[STDERR  ] 2018-10-16T10:33:01.367668095Z: [    0.340000] smpboot: CPU0: Intel QEMU Virtual CPU version 2.5+ (family: 0x6, model: 0x6, stepping: 0x3)
[STDERR  ] 2018-10-16T10:33:01.367716834Z: [    0.340000] Performance Events: Broken PMU hardware detected, using software events only.
[STDERR  ] 2018-10-16T10:33:01.367767476Z: [    0.356498] Failed to access perfctr msr (MSR c2 is 0)
[STDERR  ] 2018-10-16T10:33:01.367826785Z: [    0.360315] x86: Booted up 1 node, 1 CPUs
[STDERR  ] 2018-10-16T10:33:01.367868217Z: [    0.364649] smpboot: Total of 1 processors activated (4599.92 BogoMIPS)
[STDERR  ] 2018-10-16T10:33:01.367913605Z: [    0.372235] devtmpfs: initialized
[STDERR  ] 2018-10-16T10:33:01.367955719Z: [    0.383429] clocksource: jiffies: mask: 0xffffffff max_cycles: 0xffffffff, max_idle_ns: 19112604462750000 ns
[STDERR  ] 2018-10-16T10:33:01.368015497Z: [    0.390050] futex hash table entries: 256 (order: 2, 16384 bytes)
[STDERR  ] 2018-10-16T10:33:01.368065815Z: [    0.400336] NET: Registered protocol family 16
[STDERR  ] 2018-10-16T10:33:01.368110258Z: [    0.404890] cpuidle: using governor ladder
[STDERR  ] 2018-10-16T10:33:01.368153156Z: [    0.408998] cpuidle: using governor menu
[STDERR  ] 2018-10-16T10:33:01.368192596Z: [    0.410258] ACPI: bus type PCI registered
[STDERR  ] 2018-10-16T10:33:01.368232074Z: [    0.414697] PCI: MMCONFIG for domain 0000 [bus 00-ff] at [mem 0xb0000000-0xbfffffff] (base 0xb0000000)
[STDERR  ] 2018-10-16T10:33:01.368273110Z: [    0.420010] PCI: MMCONFIG at [mem 0xb0000000-0xbfffffff] reserved in E820
[STDERR  ] 2018-10-16T10:33:01.368328891Z: [    0.430037] PCI: Using configuration type 1 for base access
[STDERR  ] 2018-10-16T10:33:01.368371541Z: [    0.440776] ACPI: Added _OSI(Module Device)
[STDERR  ] 2018-10-16T10:33:01.368419893Z: [    0.444959] ACPI: Added _OSI(Processor Device)
[STDERR  ] 2018-10-16T10:33:01.368460572Z: [    0.449250] ACPI: Added _OSI(3.0 _SCP Extensions)
[STDERR  ] 2018-10-16T10:33:01.368500836Z: [    0.450008] ACPI: Added _OSI(Processor Aggregator Device)
[STDERR  ] 2018-10-16T10:33:01.368538478Z: [    0.463150] ACPI: Interpreter enabled
[STDERR  ] 2018-10-16T10:33:01.368578624Z: [    0.466738] ACPI: (supports S0 S5)
[STDERR  ] 2018-10-16T10:33:01.368616777Z: [    0.470009] ACPI: Using IOAPIC for interrupt routing
[STDERR  ] 2018-10-16T10:33:01.368655313Z: [    0.474972] PCI: Using host bridge windows from ACPI; if necessary, use "pci=nocrs" and report a bug
[STDERR  ] 2018-10-16T10:33:01.368721558Z: [    0.483184] ACPI: PCI Root Bridge [PCI0] (domain 0000 [bus 00-ff])
[STDERR  ] 2018-10-16T10:33:01.368759090Z: [    0.490018] acpi PNP0A08:00: _OSC: OS supports [ExtendedConfig ASPM ClockPM Segments MSI]
[STDERR  ] 2018-10-16T10:33:01.368798142Z: [    0.500143] acpi PNP0A08:00: _OSC: OS now controls [PCIeHotplug PME PCIeCapability]
[STDERR  ] 2018-10-16T10:33:01.368853070Z: [    0.507618] PCI host bridge to bus 0000:00
[STDERR  ] 2018-10-16T10:33:01.368891089Z: [    0.510012] pci_bus 0000:00: root bus resource [io  0x0000-0x0cf7 window]
[STDERR  ] 2018-10-16T10:33:01.368947631Z: [    0.516581] pci_bus 0000:00: root bus resource [io  0x0d00-0xffff window]
[STDERR  ] 2018-10-16T10:33:01.368996615Z: [    0.520023] pci_bus 0000:00: root bus resource [mem 0x000a0000-0x000bffff window]
[STDERR  ] 2018-10-16T10:33:01.369064524Z: [    0.530011] pci_bus 0000:00: root bus resource [mem 0xc0000000-0xfebfffff window]
[STDERR  ] 2018-10-16T10:33:01.369106902Z: [    0.540012] pci_bus 0000:00: root bus resource [bus 00-ff]
[STDERR  ] 2018-10-16T10:33:01.369164212Z: [    0.616173] pci 0000:00:1f.0: quirk: [io  0x0600-0x067f] claimed by ICH6 ACPI/GPIO/TCO
[STDERR  ] 2018-10-16T10:33:01.369215323Z: [    0.649212] ACPI: PCI Interrupt Link [LNKA] (IRQs 5 *10 11)
[STDERR  ] 2018-10-16T10:33:01.369257942Z: [    0.651861] ACPI: PCI Interrupt Link [LNKB] (IRQs 5 *10 11)
[STDERR  ] 2018-10-16T10:33:01.369307969Z: [    0.662096] ACPI: PCI Interrupt Link [LNKC] (IRQs 5 10 *11)
[STDERR  ] 2018-10-16T10:33:01.369373569Z: [    0.668471] ACPI: PCI Interrupt Link [LNKD] (IRQs 5 10 *11)
[STDERR  ] 2018-10-16T10:33:01.369424756Z: [    0.671857] ACPI: PCI Interrupt Link [LNKE] (IRQs 5 *10 11)
[STDERR  ] 2018-10-16T10:33:01.369466451Z: [    0.680767] ACPI: PCI Interrupt Link [LNKF] (IRQs 5 *10 11)
[STDERR  ] 2018-10-16T10:33:01.369533385Z: [    0.686933] ACPI: PCI Interrupt Link [LNKG] (IRQs 5 10 *11)
[STDERR  ] 2018-10-16T10:33:01.369589158Z: [    0.691904] ACPI: PCI Interrupt Link [LNKH] (IRQs 5 10 *11)
[STDERR  ] 2018-10-16T10:33:01.369646880Z: [    0.698373] ACPI: PCI Interrupt Link [GSIA] (IRQs *16)
[STDERR  ] 2018-10-16T10:33:01.369685420Z: [    0.700942] ACPI: PCI Interrupt Link [GSIB] (IRQs *17)
[STDERR  ] 2018-10-16T10:33:01.369732602Z: [    0.710474] ACPI: PCI Interrupt Link [GSIC] (IRQs *18)
[STDERR  ] 2018-10-16T10:33:01.369772300Z: [    0.715817] ACPI: PCI Interrupt Link [GSID] (IRQs *19)
[STDERR  ] 2018-10-16T10:33:01.369827684Z: [    0.720949] ACPI: PCI Interrupt Link [GSIE] (IRQs *20)
[STDERR  ] 2018-10-16T10:33:01.369868290Z: [    0.726165] ACPI: PCI Interrupt Link [GSIF] (IRQs *21)
[STDERR  ] 2018-10-16T10:33:01.369927712Z: [    0.730951] ACPI: PCI Interrupt Link [GSIG] (IRQs *22)
[STDERR  ] 2018-10-16T10:33:01.369966952Z: [    0.736208] ACPI: PCI Interrupt Link [GSIH] (IRQs *23)
[STDERR  ] 2018-10-16T10:33:01.370015573Z: [    0.741320] ACPI: Enabled 2 GPEs in block 00 to 3F
[STDERR  ] 2018-10-16T10:33:01.370052468Z: [    0.746492] SCSI subsystem initialized
[STDERR  ] 2018-10-16T10:33:01.370117267Z: [    0.750254] ACPI: bus type USB registered
[STDERR  ] 2018-10-16T10:33:01.370211369Z: [    0.754180] usbcore: registered new interface driver usbfs
[STDERR  ] 2018-10-16T10:33:01.370253707Z: [    0.760045] usbcore: registered new interface driver hub
[STDERR  ] 2018-10-16T10:33:01.370291829Z: [    0.765353] usbcore: registered new device driver usb
[STDERR  ] 2018-10-16T10:33:01.370328613Z: [    0.770054] pps_core: LinuxPPS API ver. 1 registered
[STDERR  ] 2018-10-16T10:33:01.370381820Z: [    0.775113] pps_core: Software ver. 5.3.6 - Copyright 2005-2007 Rodolfo Giometti <giometti@linux.it>
[STDERR  ] 2018-10-16T10:33:01.370444369Z: [    0.780037] PTP clock support registered
[STDERR  ] 2018-10-16T10:33:01.370481811Z: [    0.790052] wmi: Mapper loaded
[STDERR  ] 2018-10-16T10:33:01.370519470Z: [    0.793025] PCI: Using ACPI for IRQ routing
[STDERR  ] 2018-10-16T10:33:01.370556956Z: [    1.269440] NetLabel: Initializing
[STDERR  ] 2018-10-16T10:33:01.370595904Z: [    1.270009] NetLabel:  domain hash size = 128
[STDERR  ] 2018-10-16T10:33:01.370651849Z: [    1.274292] NetLabel:  protocols = UNLABELED CIPSOv4
[STDERR  ] 2018-10-16T10:33:01.370690370Z: [    1.280036] NetLabel:  unlabeled traffic allowed by default
[STDERR  ] 2018-10-16T10:33:01.370728273Z: [    1.285554] HPET: 3 timers in total, 0 timers will be used for per-cpu timer
[STDERR  ] 2018-10-16T10:33:01.370781110Z: [    1.290123] hpet0: at MMIO 0xfed00000, IRQs 2, 8, 0
[STDERR  ] 2018-10-16T10:33:01.370838753Z: [    1.295331] hpet0: 3 comparators, 64-bit 100.000000 MHz counter
[STDERR  ] 2018-10-16T10:33:01.370890544Z: [    1.310052] amd_nb: Cannot enumerate AMD northbridges
[STDERR  ] 2018-10-16T10:33:01.371472862Z: [    1.315019] clocksource: Switched to clocksource kvm-clock
[STDERR  ] 2018-10-16T10:33:01.371491906Z: [    1.338010] FS-Cache: Loaded
[STDERR  ] 2018-10-16T10:33:01.371518575Z: [    1.341088] CacheFiles: Loaded
[STDERR  ] 2018-10-16T10:33:01.371531146Z: [    1.344124] pnp: PnP ACPI init
[STDERR  ] 2018-10-16T10:33:01.371543486Z: [    1.348233] pnp: PnP ACPI: found 5 devices
[STDERR  ] 2018-10-16T10:33:01.371560735Z: [    1.358561] clocksource: acpi_pm: mask: 0xffffff max_cycles: 0xffffff, max_idle_ns: 2085701024 ns
[STDERR  ] 2018-10-16T10:33:01.371581538Z: [    1.367230] NET: Registered protocol family 2
[STDERR  ] 2018-10-16T10:33:01.371602781Z: [    1.371709] TCP established hash table entries: 8192 (order: 4, 65536 bytes)
[STDERR  ] 2018-10-16T10:33:01.371615378Z: [    1.378437] TCP bind hash table entries: 8192 (order: 5, 131072 bytes)
[STDERR  ] 2018-10-16T10:33:01.371628203Z: [    1.384756] TCP: Hash tables configured (established 8192 bind 8192)
[STDERR  ] 2018-10-16T10:33:01.371639462Z: [    1.390941] UDP hash table entries: 512 (order: 2, 16384 bytes)
[STDERR  ] 2018-10-16T10:33:01.371651465Z: [    1.396710] UDP-Lite hash table entries: 512 (order: 2, 16384 bytes)
[STDERR  ] 2018-10-16T10:33:01.371663522Z: [    1.402933] NET: Registered protocol family 1
[STDERR  ] 2018-10-16T10:33:01.371675911Z: [    1.407743] Unpacking initramfs...
[STDERR  ] 2018-10-16T10:33:01.371687851Z: [    1.859116] Freeing initrd memory: 24044K
[STDERR  ] 2018-10-16T10:33:01.371700371Z: [    1.866003] PCLMULQDQ-NI instructions are not detected.
[STDERR  ] 2018-10-16T10:33:01.371716336Z: [    1.871510] AVX or AES-NI instructions are not detected.
[STDERR  ] 2018-10-16T10:33:01.371729205Z: [    1.876390] CPU feature 'AVX registers' is not supported.
[STDERR  ] 2018-10-16T10:33:01.371741672Z: [    1.881555] CPU feature 'AVX registers' is not supported.
[STDERR  ] 2018-10-16T10:33:01.371753732Z: [    1.886672] CPU feature 'AVX registers' is not supported.
[STDERR  ] 2018-10-16T10:33:01.371765580Z: [    1.891919] CPU feature 'AVX registers' is not supported.
[STDERR  ] 2018-10-16T10:33:01.371777665Z: [    1.896944] AVX2 or AES-NI instructions are not detected.
[STDERR  ] 2018-10-16T10:33:01.371789920Z: [    1.902190] AVX2 instructions are not detected.
[STDERR  ] 2018-10-16T10:33:01.371802566Z: [    1.906721] audit: initializing netlink subsys (disabled)
[STDERR  ] 2018-10-16T10:33:01.371828237Z: [    1.912081] audit: type=2000 audit(1539685975.780:1): initialized
[STDERR  ] 2018-10-16T10:33:01.371841264Z: [    1.918480] HugeTLB registered 2 MB page size, pre-allocated 0 pages
[STDERR  ] 2018-10-16T10:33:01.371853594Z: [    1.924987] VFS: Disk quotas dquot_6.6.0
[STDERR  ] 2018-10-16T10:33:01.371866549Z: [    1.928815] VFS: Dquot-cache hash table entries: 512 (order 0, 4096 bytes)
[STDERR  ] 2018-10-16T10:33:01.371894374Z: [    1.935759] squashfs: version 4.0 (2009/01/31) Phillip Lougher
[STDERR  ] 2018-10-16T10:33:01.371906636Z: [    1.941617] FS-Cache: Netfs 'cifs' registered for caching
[STDERR  ] 2018-10-16T10:33:01.371922028Z: [    1.946839] fuse init (API version 7.23)
[STDERR  ] 2018-10-16T10:33:01.371934791Z: [    1.950844] SGI XFS with ACLs, security attributes, no debug enabled
[STDERR  ] 2018-10-16T10:33:01.371953773Z: [    1.957149] 9p: Installing v9fs 9p2000 file system support
[STDERR  ] 2018-10-16T10:33:01.372012599Z: [    1.962520] FS-Cache: Netfs '9p' registered for caching
[STDERR  ] 2018-10-16T10:33:01.372024908Z: [    1.967627] Key type big_key registered
[STDERR  ] 2018-10-16T10:33:01.372044639Z: [    1.972765] NET: Registered protocol family 38
[STDERR  ] 2018-10-16T10:33:01.372056453Z: [    1.977088] Key type asymmetric registered
[STDERR  ] 2018-10-16T10:33:01.372067816Z: [    1.981174] Asymmetric key parser 'x509' registered
[STDERR  ] 2018-10-16T10:33:01.372079140Z: [    1.985881] Block layer SCSI generic (bsg) driver version 0.4 loaded (major 251)
[STDERR  ] 2018-10-16T10:33:01.372090791Z: [    1.994595] io scheduler noop registered
[STDERR  ] 2018-10-16T10:33:01.372102330Z: [    1.998408] io scheduler deadline registered (default)
[STDERR  ] 2018-10-16T10:33:01.372115357Z: [    2.003608] io scheduler cfq registered
[STDERR  ] 2018-10-16T10:33:01.372128087Z: [    2.007452] pci_hotplug: PCI Hot Plug PCI Core version: 0.5
[STDERR  ] 2018-10-16T10:33:01.372140453Z: [    2.012895] pciehp: PCI Express Hot Plug Controller Driver version: 0.4
[STDERR  ] 2018-10-16T10:33:01.372161252Z: [    2.019221] shpchp: Standard Hot Plug PCI Controller Driver version: 0.4
[STDERR  ] 2018-10-16T10:33:01.372174951Z: [    2.029182] hv_vmbus: registering driver hyperv_fb
[STDERR  ] 2018-10-16T10:33:01.372193158Z: [    2.034020] input: Power Button as /devices/LNXSYSTM:00/LNXPWRBN:00/input/input0
[STDERR  ] 2018-10-16T10:33:01.372205762Z: [    2.041389] ACPI: Power Button [PWRF]
[STDERR  ] 2018-10-16T10:33:01.372217670Z: [    2.045242] GHES: HEST is not enabled!
[STDERR  ] 2018-10-16T10:33:01.372229650Z: [    2.049277] ACPI: PCI Interrupt Link [GSIG] enabled at IRQ 22
[STDERR  ] 2018-10-16T10:33:01.372241688Z: [    2.060758] ACPI: PCI Interrupt Link [GSIH] enabled at IRQ 23
[STDERR  ] 2018-10-16T10:33:01.372253697Z: [    2.072082] xenfs: not registering filesystem on non-xen platform
[STDERR  ] 2018-10-16T10:33:01.372272065Z: [    2.078124] Serial: 8250/16550 driver, 4 ports, IRQ sharing disabled
[STDERR  ] 2018-10-16T10:33:01.372292922Z: [    2.119144] 00:04: ttyS0 at I/O 0x3f8 (irq = 4, base_baud = 115200) is a 16550A
[STDERR  ] 2018-10-16T10:33:01.372305569Z: [    2.127202] Non-volatile memory driver v1.3
[STDERR  ] 2018-10-16T10:33:01.372321817Z: [    2.133042] Hangcheck: starting hangcheck timer 0.9.1 (tick is 180 seconds, margin is 60 seconds).
[STDERR  ] 2018-10-16T10:33:01.372335096Z: [    2.142464] random: nonblocking pool is initialized
[STDERR  ] 2018-10-16T10:33:01.372347087Z: [    2.149447] loop: module loaded
[STDERR  ] 2018-10-16T10:33:01.372359334Z: [    2.152965] nbd: registered device at major 43
[STDERR  ] 2018-10-16T10:33:01.372371189Z: [    2.158406] lpc_ich 0000:00:1f.0: I/O space for GPIO uninitialized
[STDERR  ] 2018-10-16T10:33:01.372382886Z: [    2.163928] VMware PVSCSI driver - version 1.0.5.0-k
[STDERR  ] 2018-10-16T10:33:01.372394780Z: [    2.168246] hv_vmbus: registering driver hv_storvsc
[STDERR  ] 2018-10-16T10:33:01.372416330Z: [    2.173016] ACPI: PCI Interrupt Link [GSIA] enabled at IRQ 16
[STDERR  ] 2018-10-16T10:33:01.372434897Z: [    2.181544] ahci 0000:00:1f.2: AHCI 0001.0000 32 slots 6 ports 1.5 Gbps 0x3f impl SATA mode
[STDERR  ] 2018-10-16T10:33:01.372447355Z: [    2.188754] ahci 0000:00:1f.2: flags: 64bit ncq only 
[STDERR  ] 2018-10-16T10:33:01.372466330Z: [    2.197334] scsi host0: ahci
[STDERR  ] 2018-10-16T10:33:01.372478298Z: [    2.199970] scsi host1: ahci
[STDERR  ] 2018-10-16T10:33:01.372490069Z: [    2.202697] scsi host2: ahci
[STDERR  ] 2018-10-16T10:33:01.372501982Z: [    2.205309] scsi host3: ahci
[STDERR  ] 2018-10-16T10:33:01.372513690Z: [    2.207930] scsi host4: ahci
[STDERR  ] 2018-10-16T10:33:01.372525493Z: [    2.210631] scsi host5: ahci
[STDERR  ] 2018-10-16T10:33:01.372537303Z: [    2.213241] ata1: SATA max UDMA/133 abar m4096@0xfebd2000 port 0xfebd2100 irq 24
[STDERR  ] 2018-10-16T10:33:01.372549185Z: [    2.219618] ata2: SATA max UDMA/133 abar m4096@0xfebd2000 port 0xfebd2180 irq 24
[STDERR  ] 2018-10-16T10:33:01.372561061Z: [    2.226004] ata3: SATA max UDMA/133 abar m4096@0xfebd2000 port 0xfebd2200 irq 24
[STDERR  ] 2018-10-16T10:33:01.372579253Z: [    2.232495] ata4: SATA max UDMA/133 abar m4096@0xfebd2000 port 0xfebd2280 irq 24
[STDERR  ] 2018-10-16T10:33:01.372591137Z: [    2.238822] ata5: SATA max UDMA/133 abar m4096@0xfebd2000 port 0xfebd2300 irq 24
[STDERR  ] 2018-10-16T10:33:01.372603177Z: [    2.245220] ata6: SATA max UDMA/133 abar m4096@0xfebd2000 port 0xfebd2380 irq 24
[STDERR  ] 2018-10-16T10:33:01.372615215Z: [    2.253591] tun: Universal TUN/TAP device driver, 1.6
[STDERR  ] 2018-10-16T10:33:01.372626958Z: [    2.257964] tun: (C) 1999-2004 Max Krasnyansky <maxk@qualcomm.com>
[STDERR  ] 2018-10-16T10:33:01.372638674Z: [    2.268583] VMware vmxnet3 virtual NIC driver - version 1.4.5.0-k-NAPI
[STDERR  ] 2018-10-16T10:33:01.372656859Z: [    2.275460] hv_vmbus: registering driver hv_netvsc
[STDERR  ] 2018-10-16T10:33:01.372668989Z: [    2.280186] Fusion MPT base driver 3.04.20
[STDERR  ] 2018-10-16T10:33:01.372681409Z: [    2.284142] Copyright (c) 1999-2008 LSI Corporation
[STDERR  ] 2018-10-16T10:33:01.372693552Z: [    2.288874] Fusion MPT SPI Host driver 3.04.20
[STDERR  ] 2018-10-16T10:33:01.372705474Z: [    2.293324] usbcore: registered new interface driver usb-storage
[STDERR  ] 2018-10-16T10:33:01.372723903Z: [    2.299044] i8042: PNP: PS/2 Controller [PNP0303:KBD,PNP0f13:MOU] at 0x60,0x64 irq 1,12
[STDERR  ] 2018-10-16T10:33:01.372736286Z: [    2.310821] serio: i8042 KBD port at 0x60,0x64 irq 1
[STDERR  ] 2018-10-16T10:33:01.372748346Z: [    2.315584] serio: i8042 AUX port at 0x60,0x64 irq 12
[STDERR  ] 2018-10-16T10:33:01.372760551Z: [    2.320657] hv_vmbus: registering driver hyperv_keyboard
[STDERR  ] 2018-10-16T10:33:01.372772497Z: [    2.325832] mousedev: PS/2 mouse device common for all mice
[STDERR  ] 2018-10-16T10:33:01.372784393Z: [    2.332591] input: AT Translated Set 2 keyboard as /devices/platform/i8042/serio0/input/input1
[STDERR  ] 2018-10-16T10:33:01.372796318Z: [    2.340969] input: PC Speaker as /devices/platform/pcspkr/input/input2
[STDERR  ] 2018-10-16T10:33:01.372808270Z: [    2.346989] rtc_cmos 00:00: RTC can wake from S4
[STDERR  ] 2018-10-16T10:33:01.372836785Z: [    2.353453] rtc_cmos 00:00: rtc core: registered rtc_cmos as rtc0
[STDERR  ] 2018-10-16T10:33:01.372852503Z: [    2.359523] rtc_cmos 00:00: alarms up to one day, y3k, 114 bytes nvram, hpet irqs
[STDERR  ] 2018-10-16T10:33:01.372864759Z: [    2.366023] i2c /dev entries driver
[STDERR  ] 2018-10-16T10:33:01.372883569Z: [    2.369157] device-mapper: ioctl: 4.34.0-ioctl (2015-10-28) initialised: dm-devel@redhat.com
[STDERR  ] 2018-10-16T10:33:01.372901913Z: [    2.376913] usbcore: registered new interface driver usbhid
[STDERR  ] 2018-10-16T10:33:01.372914289Z: [    2.381708] usbhid: USB HID core driver
[STDERR  ] 2018-10-16T10:33:01.372926786Z: [    2.385078] hv_utils: Registering HyperV Utility Driver
[STDERR  ] 2018-10-16T10:33:01.372944976Z: [    2.389561] hv_vmbus: registering driver hv_util
[STDERR  ] 2018-10-16T10:33:01.372957008Z: [    2.393609] hv_vmbus: registering driver hv_balloon
[STDERR  ] 2018-10-16T10:33:01.372969005Z: [    2.397832] oprofile: using NMI interrupt.
[STDERR  ] 2018-10-16T10:33:01.372981160Z: [    2.401473] GACT probability on
[STDERR  ] 2018-10-16T10:33:01.372993652Z: [    2.404217] Mirror/redirect action on
[STDERR  ] 2018-10-16T10:33:01.373005690Z: [    2.407482] Simple TC action Loaded
[STDERR  ] 2018-10-16T10:33:01.373017668Z: [    2.410647] u32 classifier
[STDERR  ] 2018-10-16T10:33:01.373029636Z: [    2.413066]     Performance counters on
[STDERR  ] 2018-10-16T10:33:01.373041382Z: [    2.416420]     input device check on
[STDERR  ] 2018-10-16T10:33:01.373053188Z: [    2.419617]     Actions configured
[STDERR  ] 2018-10-16T10:33:01.373065137Z: [    2.422715] Netfilter messages via NETLINK v0.30.
[STDERR  ] 2018-10-16T10:33:01.373077358Z: [    2.426868] nfnl_acct: registering with nfnetlink.
[STDERR  ] 2018-10-16T10:33:01.373089192Z: [    2.431060] nf_conntrack version 0.5.0 (7922 buckets, 31688 max)
[STDERR  ] 2018-10-16T10:33:01.373101064Z: [    2.436414] ctnetlink v0.93: registering with nfnetlink.
[STDERR  ] 2018-10-16T10:33:01.373112746Z: [    2.441195] nf_tables: (c) 2007-2009 Patrick McHardy <kaber@trash.net>
[STDERR  ] 2018-10-16T10:33:01.373124808Z: [    2.446899] nf_tables_compat: (c) 2012 Pablo Neira Ayuso <pablo@netfilter.org>
[STDERR  ] 2018-10-16T10:33:01.373136605Z: [    2.453429] xt_time: kernel timezone is -0000
[STDERR  ] 2018-10-16T10:33:01.373155459Z: [    2.457273] ip_set: protocol 6
[STDERR  ] 2018-10-16T10:33:01.373167054Z: [    2.459999] IPVS: Registered protocols (TCP, UDP, SCTP, AH, ESP)
[STDERR  ] 2018-10-16T10:33:01.373178873Z: [    2.465140] IPVS: Connection hash table configured (size=4096, memory=64Kbytes)
[STDERR  ] 2018-10-16T10:33:01.373191198Z: [    2.471364] IPVS: Creating netns size=2096 id=0
[STDERR  ] 2018-10-16T10:33:01.373203087Z: [    2.476084] IPVS: ipvs loaded.
[STDERR  ] 2018-10-16T10:33:01.373221327Z: [    2.478709] IPVS: [rr] scheduler registered.
[STDERR  ] 2018-10-16T10:33:01.373233028Z: [    2.482783] IPVS: [wrr] scheduler registered.
[STDERR  ] 2018-10-16T10:33:01.373245783Z: [    2.486578] IPVS: [lc] scheduler registered.
[STDERR  ] 2018-10-16T10:33:01.373263763Z: [    2.490406] IPVS: [wlc] scheduler registered.
[STDERR  ] 2018-10-16T10:33:01.373275572Z: [    2.494223] IPVS: [fo] scheduler registered.
[STDERR  ] 2018-10-16T10:33:01.373291591Z: [    2.497896] IPVS: [ovf] scheduler registered.
[STDERR  ] 2018-10-16T10:33:01.373303560Z: [    2.501922] IPVS: [lblc] scheduler registered.
[STDERR  ] 2018-10-16T10:33:01.373315210Z: [    2.505835] IPVS: [lblcr] scheduler registered.
[STDERR  ] 2018-10-16T10:33:01.373327027Z: [    2.509818] IPVS: [dh] scheduler registered.
[STDERR  ] 2018-10-16T10:33:01.373349266Z: [    2.513662] IPVS: [sh] scheduler registered.
[STDERR  ] 2018-10-16T10:33:01.373361048Z: [    2.517419] IPVS: [sed] scheduler registered.
[STDERR  ] 2018-10-16T10:33:01.373375229Z: [    2.521545] IPVS: [nq] scheduler registered.
[STDERR  ] 2018-10-16T10:33:01.373387059Z: [    2.525287] IPVS: ftp: loaded support on port[0] = 21
[STDERR  ] 2018-10-16T10:33:01.373411566Z: [    2.529772] ipip: IPv4 over IPv4 tunneling driver
[STDERR  ] 2018-10-16T10:33:01.373423468Z: [    2.534128] gre: GRE over IPv4 demultiplexor driver
[STDERR  ] 2018-10-16T10:33:01.373438990Z: [    2.538783] ip_tables: (C) 2000-2006 Netfilter Core Team
[STDERR  ] 2018-10-16T10:33:01.373450904Z: [    2.543882] ipt_CLUSTERIP: ClusterIP Version 0.8 loaded successfully
[STDERR  ] 2018-10-16T10:33:01.373468842Z: [    2.549502] arp_tables: (C) 2002 David S. Miller
[STDERR  ] 2018-10-16T10:33:01.373480913Z: [    2.553811] NET: Registered protocol family 10
[STDERR  ] 2018-10-16T10:33:01.373492904Z: [    2.558040] ip6_tables: (C) 2000-2006 Netfilter Core Team
[STDERR  ] 2018-10-16T10:33:01.373504843Z: [    2.563808] NET: Registered protocol family 17
[STDERR  ] 2018-10-16T10:33:01.373516698Z: [    2.567770] bridge: automatic filtering via arp/ip/ip6tables has been deprecated. Update your scripts to load br_netfilter if you need this.
[STDERR  ] 2018-10-16T10:33:01.373528513Z: [    2.578963] Bridge firewalling registered
[STDERR  ] 2018-10-16T10:33:01.373546007Z: [    2.582732] Ebtables v2.0 registered
[STDERR  ] 2018-10-16T10:33:01.373557541Z: [    2.586285] 8021q: 802.1Q VLAN Support v1.8
[STDERR  ] 2018-10-16T10:33:01.373569593Z: [    2.590268] 9pnet: Installing 9P2000 support
[STDERR  ] 2018-10-16T10:33:01.373581524Z: [    2.594092] Key type dns_resolver registered
[STDERR  ] 2018-10-16T10:33:01.373593031Z: [    2.598068] registered taskstats version 1
[STDERR  ] 2018-10-16T10:33:01.373605227Z: [    2.602405] ata1: SATA link down (SStatus 0 SControl 300)
[STDERR  ] 2018-10-16T10:33:01.373627210Z: [    2.607944] ata2: SATA link down (SStatus 0 SControl 300)
[STDERR  ] 2018-10-16T10:33:01.373639299Z: [    2.613591] ata3: SATA link up 1.5 Gbps (SStatus 113 SControl 300)
[STDERR  ] 2018-10-16T10:33:01.373651601Z: [    2.619379] ata3.00: ATAPI: QEMU DVD-ROM, 2.5+, max UDMA/100
[STDERR  ] 2018-10-16T10:33:01.373675260Z: [    2.624418] ata3.00: applying bridge limits
[STDERR  ] 2018-10-16T10:33:01.373687080Z: [    2.628944] ata4: SATA link down (SStatus 0 SControl 300)
[STDERR  ] 2018-10-16T10:33:01.373698242Z: [    2.634483] ata5: SATA link down (SStatus 0 SControl 300)
[STDERR  ] 2018-10-16T10:33:01.373709708Z: [    2.639855] ata6: SATA link down (SStatus 0 SControl 300)
[STDERR  ] 2018-10-16T10:33:01.373721165Z: [    2.649192] ata3.00: configured for UDMA/100
[STDERR  ] 2018-10-16T10:33:01.373732967Z: [    2.655168] Key type encrypted registered
[STDERR  ] 2018-10-16T10:33:01.373751201Z: [    2.660688] scsi 2:0:0:0: CD-ROM            QEMU     QEMU DVD-ROM     2.5+ PQ: 0 ANSI: 5
[STDERR  ] 2018-10-16T10:33:01.373763715Z: [    2.670442] rtc_cmos 00:00: setting system clock to 2018-10-16 10:32:57 UTC (1539685977)
[STDERR  ] 2018-10-16T10:33:01.373775535Z: [    2.680747] sr 2:0:0:0: [sr0] scsi3-mmc drive: 4x/4x cd/rw xa/form2 tray
[STDERR  ] 2018-10-16T10:33:01.373788373Z: [    2.687144] cdrom: Uniform CD-ROM driver Revision: 3.20
[STDERR  ] 2018-10-16T10:33:01.373804589Z: [    2.692761] sr 2:0:0:0: Attached scsi generic sg0 type 5
[STDERR  ] 2018-10-16T10:33:01.373827343Z: [    2.699380] Freeing unused kernel memory: 1324K
[STDERR  ] 2018-10-16T10:33:01.373839419Z: [    2.703839] Write protecting the kernel read-only data: 12288k
[STDERR  ] 2018-10-16T10:33:01.373858843Z: [    2.709701] Freeing unused kernel memory: 480K
[STDERR  ] 2018-10-16T10:33:01.373871860Z: [    2.717607] Freeing unused kernel memory: 1376K
[STDERR  ] 2018-10-16T10:33:01.373884318Z: 
[STDERR  ] 2018-10-16T10:33:01.373897050Z: Welcome to LinuxKit
[STDERR  ] 2018-10-16T10:33:01.373909896Z: 
[STDERR  ] 2018-10-16T10:33:01.373922118Z:                         ##         .
[STDERR  ] 2018-10-16T10:33:01.373934732Z:                   ## ## ##        ==
[STDERR  ] 2018-10-16T10:33:01.373946526Z:                ## ## ## ## ##    ===
[STDERR  ] 2018-10-16T10:33:01.373958618Z:            /"""""""""""""""""\___/ ===
[STDERR  ] 2018-10-16T10:33:01.373971239Z:           {                       /  ===-
[STDERR  ] 2018-10-16T10:33:01.373984764Z:            \______ O           __/
[STDERR  ] 2018-10-16T10:33:01.373997182Z:              \    \         __/
[STDERR  ] 2018-10-16T10:33:01.374009812Z:               \____\_______/
[STDERR  ] 2018-10-16T10:33:01.374027418Z: 
[STDERR  ] 2018-10-16T10:33:01.374040554Z: [    3.057497] hello_world: loading out-of-tree module taints kernel.
[STDERR  ] 2018-10-16T10:33:01.374052738Z: [    3.064703] Hello LinuxKit
[STDERR  ] 2018-10-16T10:33:01.374065112Z: [    3.070736] Goodbye LinuxKit.
[STDERR  ] 2018-10-16T10:33:01.374084628Z: Linux linuxkit-22fb4f7bd15b 4.4.159-linuxkit #1 SMP Fri Oct 5 23:47:27 UTC 2018 x86_64 Linux
[STDERR  ] 2018-10-16T10:33:01.374098222Z: filename:       hello_world.ko
[STDERR  ] 2018-10-16T10:33:01.374110936Z: author:         Rolf Neugebauer <rolf.neugebauer@docker.com>
[STDERR  ] 2018-10-16T10:33:01.374122862Z: description:    A simple Hello World kernel module for testing
[STDERR  ] 2018-10-16T10:33:01.374135897Z: license:        GPL
[STDERR  ] 2018-10-16T10:33:01.374385253Z: depends:        
[STDERR  ] 2018-10-16T10:33:01.374439277Z: vermagic:       4.4.159-linuxkit SMP mod_unload 
[STDERR  ] 2018-10-16T10:33:01.374483482Z: Kernel module test suite PASSED
[STDERR  ] 2018-10-16T10:33:01.374518216Z: [    6.142369] ACPI: Preparing to enter system sleep state S5
[STDERR  ] 2018-10-16T10:33:01.374551738Z: [    6.147793] reboot: Power down
[STDERR  ] 2018-10-16T10:33:01.374584771Z: + grep -q Hello LinuxKit
[STDERR  ] 2018-10-16T10:33:01.374618371Z: + exit 0
[STDERR  ] 2018-10-16T10:33:01.374651980Z: + clean_up
[STDERR  ] 2018-10-16T10:33:01.374683368Z: + docker rmi kmod-test
[STDOUT  ] 2018-10-16T10:33:01.436551091Z: Untagged: kmod-test:latest
[STDOUT  ] 2018-10-16T10:33:01.436610068Z: Deleted: sha256:007eb36f56bb088760c3c2cd4ffaa7ba73c3c5b42ba40434b1c24263696f2fef
[STDOUT  ] 2018-10-16T10:33:01.436623728Z: Deleted: sha256:a0dde96bfd5997bccd3ed333dfdc44e11c1ff8581e80eec85649221e6db700f2
[STDOUT  ] 2018-10-16T10:33:01.436633611Z: Deleted: sha256:15f3285e714c340dc5170d6b67d2d15b95ac38f2582529db331bccb482b8a2e7
[STDOUT  ] 2018-10-16T10:33:01.436643141Z: Deleted: sha256:c707ffacc87afa37153d6b1edda54e12183d2d448d50809d8b4e6f462e6f3c94
[STDOUT  ] 2018-10-16T10:33:01.436651062Z: Deleted: sha256:d3180a66ee31e6b27a05626a0c86ef731178eabbd840c48cfee5bc11d1b64aa0
[STDERR  ] 2018-10-16T10:33:01.438306622Z: + rm -rf kmod-cmdline kmod-initrd.img kmod-kernel kmod-state
[PASS    ] linuxkit.kernel.kmod_4.4.x 50.56s
