[INFO    ] 2019-02-02T12:07:58.387567000Z: Running Test linuxkit.packages.wireguard in /tmp/build/test/cases/040_packages/023_wireguard
[STDERR  ] 2019-02-02T12:07:58.387667611Z: [    1.312463] Speculative Store Bypass: Vulnerable
[INFO    ] 2019-02-02T12:07:58.387739352Z: Running command: [/bin/sh -x /tmp/build/test/cases/040_packages/023_wireguard/test.sh]
[STDERR  ] 2019-02-02T12:07:58.387742786Z: [    1.324154] Freeing SMP alternatives memory: 20K
[STDERR  ] 2019-02-02T12:07:58.387808985Z: [    1.326453] smpboot: CPU0: Intel QEMU Virtual CPU version 2.5+ (family: 0x6, model: 0x6, stepping: 0x3)
[STDERR  ] 2019-02-02T12:07:58.387851151Z: [    1.326686] Performance Events: PMU not available due to virtualization, using software events only.
[STDERR  ] 2019-02-02T12:07:58.387871831Z: [    1.329493] rcu: Hierarchical SRCU implementation.
[STDERR  ] 2019-02-02T12:07:58.387884482Z: [    1.330601] NMI watchdog: Perf NMI watchdog permanently disabled
[STDERR  ] 2019-02-02T12:07:58.387896781Z: [    1.332522] smp: Bringing up secondary CPUs ...
[STDERR  ] 2019-02-02T12:07:58.387909943Z: [    1.334459] smp: Brought up 1 node, 1 CPU
[STDERR  ] 2019-02-02T12:07:58.387922523Z: [    1.335459] smpboot: Max logical packages: 1
[STDERR  ] 2019-02-02T12:07:58.387935399Z: [    1.336460] smpboot: Total of 1 processors activated (4599.83 BogoMIPS)
[STDERR  ] 2019-02-02T12:07:58.387948184Z: [    1.338723] devtmpfs: initialized
[STDERR  ] 2019-02-02T12:07:58.387963966Z: [    1.339547] x86/mm: Memory block size: 128MB
[STDERR  ] 2019-02-02T12:07:58.387985831Z: [    1.341458] clocksource: jiffies: mask: 0xffffffff max_cycles: 0xffffffff, max_idle_ns: 1911260446275000 ns
[STDERR  ] 2019-02-02T12:07:58.387998693Z: [    1.342467] futex hash table entries: 256 (order: 2, 16384 bytes)
[STDERR  ] 2019-02-02T12:07:58.388011141Z: [    1.343762] NET: Registered protocol family 16
[STDERR  ] 2019-02-02T12:07:58.388022962Z: [    1.344630] audit: initializing netlink subsys (disabled)
[STDERR  ] 2019-02-02T12:07:58.388035244Z: [    1.345612] cpuidle: using governor ladder
[STDERR  ] 2019-02-02T12:07:58.388048036Z: [    1.346462] cpuidle: using governor menu
[STDERR  ] 2019-02-02T12:07:58.388060376Z: [    1.347620] ACPI: bus type PCI registered
[STDERR  ] 2019-02-02T12:07:58.388072668Z: [    1.349750] audit: type=2000 audit(1549109264.395:1): state=initialized audit_enabled=0 res=1
[STDERR  ] 2019-02-02T12:07:58.388085359Z: [    1.350474] PCI: MMCONFIG for domain 0000 [bus 00-ff] at [mem 0xb0000000-0xbfffffff] (base 0xb0000000)
[STDERR  ] 2019-02-02T12:07:58.388098331Z: [    1.351500] PCI: MMCONFIG at [mem 0xb0000000-0xbfffffff] reserved in E820
[STDERR  ] 2019-02-02T12:07:58.388110436Z: [    1.352476] PCI: Using configuration type 1 for base access
[STDERR  ] 2019-02-02T12:07:58.388122691Z: [    1.355674] HugeTLB registered 2.00 MiB page size, pre-allocated 0 pages
[STDERR  ] 2019-02-02T12:07:58.388135334Z: [    1.357535] cryptd: max_cpu_qlen set to 1000
[STDERR  ] 2019-02-02T12:07:58.388147487Z: [    1.358643] ACPI: Added _OSI(Module Device)
[STDERR  ] 2019-02-02T12:07:58.388162988Z: [    1.359461] ACPI: Added _OSI(Processor Device)
[STDERR  ] 2019-02-02T12:07:58.388175859Z: [    1.360460] ACPI: Added _OSI(3.0 _SCP Extensions)
[STDERR  ] 2019-02-02T12:07:58.388187865Z: [    1.361460] ACPI: Added _OSI(Processor Aggregator Device)
[STDERR  ] 2019-02-02T12:07:58.388208472Z: [    1.362477] ACPI: Added _OSI(Linux-Dell-Video)
[STDERR  ] 2019-02-02T12:07:58.388220115Z: [    1.363461] ACPI: Added _OSI(Linux-Lenovo-NV-HDMI-Audio)
[STDERR  ] 2019-02-02T12:07:58.388232204Z: [    1.366502] ACPI: 1 ACPI AML tables successfully acquired and loaded
[STDERR  ] 2019-02-02T12:07:58.388244917Z: [    1.370625] ACPI: Interpreter enabled
[STDERR  ] 2019-02-02T12:07:58.388273470Z: [    1.371467] ACPI: (supports S0 S5)
[STDERR  ] 2019-02-02T12:07:58.388285778Z: [    1.372460] ACPI: Using IOAPIC for interrupt routing
[STDERR  ] 2019-02-02T12:07:58.388300965Z: [    1.373522] PCI: Using host bridge windows from ACPI; if necessary, use "pci=nocrs" and report a bug
[STDERR  ] 2019-02-02T12:07:58.388318192Z: [    1.374695] ACPI: Enabled 2 GPEs in block 00 to 3F
[STDERR  ] 2019-02-02T12:07:58.388351478Z: [    1.379580] ACPI: PCI Root Bridge [PCI0] (domain 0000 [bus 00-ff])
[STDERR  ] 2019-02-02T12:07:58.388364220Z: [    1.380471] acpi PNP0A08:00: _OSC: OS supports [ExtendedConfig ASPM ClockPM Segments MSI]
[STDERR  ] 2019-02-02T12:07:58.388377014Z: [    1.381574] acpi PNP0A08:00: _OSC: platform does not support [SHPCHotplug LTR]
[STDERR  ] 2019-02-02T12:07:58.388390946Z: [    1.382557] acpi 
[STDERR  ] 2019-02-02T12:07:58.408218270Z: + set -e
[STDERR  ] 2019-02-02T12:07:58.408308312Z: + . /tmp/build/test/cases/_lib/lib.sh
[STDERR  ] 2019-02-02T12:07:58.408326800Z: + [ -f src/github.com/linuxkit/rtf/lib/lib.sh ]
[STDERR  ] 2019-02-02T12:07:58.408339549Z: + LINUXKIT_TMPDIR=/tmp/build/test/cases/_tmp
[STDERR  ] 2019-02-02T12:07:58.408351740Z: + [ -f /tmp/build/test/cases/_tmp/env.sh ]
[STDERR  ] 2019-02-02T12:07:58.408373960Z: + . /tmp/build/test/cases/_tmp/env.sh
[STDERR  ] 2019-02-02T12:07:58.408397001Z: + export LINUXKIT_EXAMPLES_DIR=/tmp/build/test/cases/../../examples
[STDERR  ] 2019-02-02T12:07:58.408409659Z: + RT_CANCEL=253
[STDERR  ] 2019-02-02T12:07:58.408422539Z: + NAME=wireguard
[STDERR  ] 2019-02-02T12:07:58.408434291Z: + trap clean_up EXIT
[STDERR  ] 2019-02-02T12:07:58.408453669Z: + linuxkit build -format kernel+initrd -name wireguard test.yml
[STDERR  ] 2019-02-02T12:07:58.440858852Z: Extract kernel image: linuxkit/kernel:4.19.19
[STDERR  ] 2019-02-02T12:08:00.274478810Z: Add init containers:
[STDERR  ] 2019-02-02T12:08:00.274549116Z: Process init image: linuxkit/init:e0dced91adbfba34c53cd673760e011f410638ff
[STDERR  ] 2019-02-02T12:08:01.453558361Z: Process init image: linuxkit/runc:b87c49e73eb14ba73d23eabf75423e987a043209
[STDERR  ] 2019-02-02T12:08:02.636922639Z: Process init image: linuxkit/containerd:cf158d5f56c5b4867f29f0fc3ec49ea505e99333
[STDERR  ] 2019-02-02T12:08:03.856738366Z: Process init image: linuxkit/ca-certificates:v0.6
[STDERR  ] 2019-02-02T12:08:05.014398596Z: Add onboot containers:
[STDERR  ] 2019-02-02T12:08:05.014477122Z:   Create OCI config for linuxkit/dhcpcd:v0.6
[STDERR  ] 2019-02-02T12:08:06.233424115Z:   Create OCI config for linuxkit/ip:v0.6
[STDERR  ] 2019-02-02T12:08:07.587873150Z: time="2019-02-02T12:08:07Z" level=warning msg="Error getting targets/rolf: valid signatures did not meet threshold for targets/rolf"
[STDERR  ] 2019-02-02T12:08:10.197936016Z:   Create OCI config for linuxkit/ip:v0.6
[STDERR  ] 2019-02-02T12:08:11.346558556Z: time="2019-02-02T12:08:11Z" level=warning msg="Error getting targets/rolf: valid signatures did not meet threshold for targets/rolf"
[STDERR  ] 2019-02-02T12:08:11.680025222Z: Add onshutdown containers:
[STDERR  ] 2019-02-02T12:08:11.680088672Z:   Create OCI config for alpine:3.8
[STDERR  ] 2019-02-02T12:08:12.841830543Z: Add service containers:
[STDERR  ] 2019-02-02T12:08:12.842015888Z:   Create OCI config for nginx:1.13.7
[STDERR  ] 2019-02-02T12:08:13.958748412Z: Pull image: docker.io/library/nginx:1.13.7@sha256:edc8182581fdaa985a39b3021836aa09a69f9b966d1a0ff2f338be6f2fbfe238
[STDERR  ] 2019-02-02T12:08:18.885927668Z:   Create OCI config for alpine:3.8
[STDERR  ] 2019-02-02T12:08:20.079324367Z: Add files:
[STDERR  ] 2019-02-02T12:08:20.079476161Z:   etc/wireguard/wg0.conf
[STDERR  ] 2019-02-02T12:08:20.079505347Z:   etc/wireguard/wg1.conf
[STDERR  ] 2019-02-02T12:08:20.079518234Z:   check.sh
[STDERR  ] 2019-02-02T12:08:20.119637219Z: Create outputs:
[STDERR  ] 2019-02-02T12:08:35.615988431Z:   wireguard-kernel wireguard-initrd.img wireguard-cmdline
[STDERR  ] 2019-02-02T12:08:35.760230489Z: + linuxkit run wireguard
[STDOUT  ] 2019-02-02T12:08:51.320007977Z: [    0.000000] Linux version 4.19.19-linuxkit (root@51b31d12d2bf) (gcc version 6.4.0 (Alpine 6.4.0)) #1 SMP Sat Feb 2 00:05:43 UTC 2019
[STDERR  ] 2019-02-02T12:08:51.304634020Z: + RESULT=[    0.000000] Linux version 4.19.19-linuxkit (root@51b31d12d2bf) (gcc version 6.4.0 (Alpine 6.4.0)) #1 SMP Sat Feb 2 00:05:43 UTC 2019
[STDERR  ] 2019-02-02T12:08:51.414447443Z: [    0.000000] Command line: console=ttyS0 console=ttyAMA0
[STDERR  ] 2019-02-02T12:08:51.414476875Z: [    0.000000] x86/fpu: x87 FPU will use FXSAVE
[STDERR  ] 2019-02-02T12:08:51.414491385Z: [    0.000000] BIOS-provided physical RAM map:
[STDERR  ] 2019-02-02T12:08:51.414504702Z: [    0.000000] BIOS-e820: [mem 0x0000000000000000-0x000000000009fbff] usable
[STDERR  ] 2019-02-02T12:08:51.414518905Z: [    0.000000] BIOS-e820: [mem 0x000000000009fc00-0x000000000009ffff] reserved
[STDERR  ] 2019-02-02T12:08:51.414531873Z: [    0.000000] BIOS-e820: [mem 0x00000000000f0000-0x00000000000fffff] reserved
[STDERR  ] 2019-02-02T12:08:51.414557296Z: [    0.000000] BIOS-e820: [mem 0x0000000000100000-0x000000003ffdefff] usable
[STDERR  ] 2019-02-02T12:08:51.414570205Z: [    0.000000] BIOS-e820: [mem 0x000000003ffdf000-0x000000003fffffff] reserved
[STDERR  ] 2019-02-02T12:08:51.414592993Z: [    0.000000] BIOS-e820: [mem 0x00000000b0000000-0x00000000bfffffff] reserved
[STDERR  ] 2019-02-02T12:08:51.414607081Z: [    0.000000] BIOS-e820: [mem 0x00000000fed1c000-0x00000000fed1ffff] reserved
[STDERR  ] 2019-02-02T12:08:51.414619384Z: [    0.000000] BIOS-e820: [mem 0x00000000feffc000-0x00000000feffffff] reserved
[STDERR  ] 2019-02-02T12:08:51.414636236Z: [    0.000000] BIOS-e820: [mem 0x00000000fffc0000-0x00000000ffffffff] reserved
[STDERR  ] 2019-02-02T12:08:51.414647464Z: [    0.000000] NX (Execute Disable) protection: active
[STDERR  ] 2019-02-02T12:08:51.414659769Z: [    0.000000] SMBIOS 2.8 present.
[STDERR  ] 2019-02-02T12:08:51.414672580Z: [    0.000000] DMI: QEMU Standard PC (Q35 + ICH9, 2009), BIOS 1.10.2-1 04/01/2014
[STDERR  ] 2019-02-02T12:08:51.414799452Z: [    0.000000] Hypervisor detected: KVM
[STDOUT  ] 2019-02-02T12:08:51.414805522Z: [    0.000000] Command line: console=ttyS0 console=ttyAMA0
[STDERR  ] 2019-02-02T12:08:51.414814422Z: [    0.000000] kvm-clock: Using msrs 4b564d01 and 4b564d00
[STDOUT  ] 2019-02-02T12:08:51.414824527Z: [    0.000000] x86/fpu: x87 FPU will use FXSAVE
[STDERR  ] 2019-02-02T12:08:51.414827285Z: [    0.606933] kvm-clock: cpu 0, msr 32824001, primary cpu clock
[STDERR  ] 2019-02-02T12:08:51.414843752Z: [    0.606934] clocksource: kvm-clock: mask: 0xffffffffffffffff max_cycles: 0x1cd42e4dffb, max_idle_ns: 881590591483 ns
[STDERR  ] 2019-02-02T12:08:51.414858269Z: [    0.606937] tsc: Detected 2299.918 MHz processor
[STDERR  ] 2019-02-02T12:08:51.414875878Z: [    0.610247] last_pfn = 0x3ffdf max_arch_pfn = 0x400000000
[STDERR  ] 2019-02-02T12:08:51.414888048Z: [    0.610906] x86/PAT: PAT not supported by CPU.
[STDERR  ] 2019-02-02T12:08:51.414900847Z: [    0.610962] x86/PAT: Configuration [0-7]: WB  WT  UC- UC  WB  WT  UC- UC  
[STDERR  ] 2019-02-02T12:08:51.414914456Z: [    0.621569] found SMP MP-table at [mem 0x000f6a90-0x000f6a9f] mapped at [(____ptrval____)]
[STDERR  ] 2019-02-02T12:08:51.414927945Z: [    0.621844] RAMDISK: [mem 0x3a0d8000-0x3ffcffff]
[STDERR  ] 2019-02-02T12:08:51.414941259Z: [    0.622034] ACPI: Early table checksum verification disabled
[STDERR  ] 2019-02-02T12:08:51.414954790Z: [    0.622157] ACPI: RSDP 0x00000000000F68D0 000014 (v00 BOCHS )
[STDERR  ] 2019-02-02T12:08:51.414971331Z: [    0.622167] ACPI: RSDT 0x000000003FFE2404 000034 (v01 BOCHS  BXPCRSDT 00000001 BXPC 00000001)
[STDERR  ] 2019-02-02T12:08:51.414984396Z: [    0.622174] ACPI: FACP 0x000000003FFE22A4 000074 (v01 BOCHS  BXPCFACP 00000001 BXPC 00000001)
[STDOUT  ] 2019-02-02T12:08:51.414834880Z: [    0.000000] BIOS-provided physical RAM map:
[STDOUT  ] 2019-02-02T12:08:51.415011290Z: [    0.000000] BIOS-e820: [mem 0x0000000000000000-0x000000000009fbff] usable
[STDOUT  ] 2019-02-02T12:08:51.415055342Z: [    0.000000] BIOS-e820: [mem 0x000000000009fc00-0x000000000009ffff] reserved
[STDOUT  ] 2019-02-02T12:08:51.415065156Z: [    0.000000] BIOS-e820: [mem 0x00000000000f0000-0x00000000000fffff] reserved
[STDOUT  ] 2019-02-02T12:08:51.415077386Z: [    0.000000] BIOS-e820: [mem 0x0000000000100000-0x000000003ffdefff] usable
[STDOUT  ] 2019-02-02T12:08:51.415086682Z: [    0.000000] BIOS-e820: [mem 0x000000003ffdf000-0x000000003fffffff] reserved
[STDOUT  ] 2019-02-02T12:08:51.415106335Z: [    0.000000] BIOS-e820: [mem 0x00000000b0000000-0x00000000bfffffff] reserved
[STDOUT  ] 2019-02-02T12:08:51.415115935Z: [    0.000000] BIOS-e820: [mem 0x00000000fed1c000-0x00000000fed1ffff] reserved
[STDOUT  ] 2019-02-02T12:08:51.415123885Z: [    0.000000] BIOS-e820: [mem 0x00000000feffc000-0x00000000feffffff] reserved
[STDOUT  ] 2019-02-02T12:08:51.415134842Z: [    0.000000] BIOS-e820: [mem 0x00000000fffc0000-0x00000000ffffffff] reserved
[STDOUT  ] 2019-02-02T12:08:51.415143269Z: [    0.000000] NX (Execute Disable) protection: active
[STDERR  ] 2019-02-02T12:08:51.415009009Z: [    0.622182] ACPI: DSDT 0x000000003FFE0040 002264 (v01 BOCHS  BXPCDSDT 00000001 BXPC 00000001)
[STDERR  ] 2019-02-02T12:08:51.415166242Z: [    0.622187] ACPI: FACS 0x000000003FFE0000 000040
[STDERR  ] 2019-02-02T12:08:51.415181927Z: [    0.622191] ACPI: APIC 0x000000003FFE2318 000078 (v01 BOCHS  BXPCAPIC 00000001 BXPC 00000001)
[STDERR  ] 2019-02-02T12:08:51.415210052Z: [    0.622195] ACPI: HPET 0x000000003FFE2390 000038 (v01 BOCHS  BXPCHPET 00000001 BXPC 00000001)
[STDERR  ] 2019-02-02T12:08:51.415223458Z: [    0.622199] ACPI: MCFG 0x000000003FFE23C8 00003C (v01 BOCHS  BXPCMCFG 00000001 BXPC 00000001)
[STDERR  ] 2019-02-02T12:08:51.415236098Z: [    0.622964] Zone ranges:
[STDERR  ] 2019-02-02T12:08:51.415256143Z: [    0.622966]   DMA      [mem 0x0000000000001000-0x0000000000ffffff]
[STDERR  ] 2019-02-02T12:08:51.415268866Z: [    0.622968]   DMA32    [mem 0x0000000001000000-0x000000003ffdefff]
[STDERR  ] 2019-02-02T12:08:51.415281459Z: [    0.622969]   Normal   empty
[STDERR  ] 2019-02-02T12:08:51.415297754Z: [    0.622971]   Device   empty
[STDERR  ] 2019-02-02T12:08:51.415308548Z: [    0.622972] Movable zone start for each node
[STDERR  ] 2019-02-02T12:08:51.415327662Z: [    0.622973] Early memory node ranges
[STDERR  ] 2019-02-02T12:08:51.415360515Z: [    0.622974]   node   0: [mem 0x0000000000001000-0x000000000009efff]
[STDOUT  ] 2019-02-02T12:08:51.415152312Z: [    0.000000] SMBIOS 2.8 present.
[STDOUT  ] 2019-02-02T12:08:51.415401999Z: [    0.000000] DMI: QEMU Standard PC (Q35 + ICH9, 2009), BIOS 1.10.2-1 04/01/2014
[STDOUT  ] 2019-02-02T12:08:51.415412897Z: [    0.000000] Hypervisor detected: KVM
[STDOUT  ] 2019-02-02T12:08:51.415421802Z: [    0.000000] kvm-clock: Using msrs 4b564d01 and 4b564d00
[STDOUT  ] 2019-02-02T12:08:51.415430906Z: [    0.606933] kvm-clock: cpu 0, msr 32824001, primary cpu clock
[STDOUT  ] 2019-02-02T12:08:51.415439327Z: [    0.606934] clocksource: kvm-clock: mask: 0xffffffffffffffff max_cycles: 0x1cd42e4dffb, max_idle_ns: 881590591483 ns
[STDOUT  ] 2019-02-02T12:08:51.415446873Z: [    0.606937] tsc: Detected 2299.918 MHz processor
[STDOUT  ] 2019-02-02T12:08:51.415452675Z: [    0.610247] last_pfn = 0x3ffdf max_arch_pfn = 0x400000000
[STDOUT  ] 2019-02-02T12:08:51.415458576Z: [    0.610906] x86/PAT: PAT not supported by CPU.
[STDOUT  ] 2019-02-02T12:08:51.415465400Z: [    0.610962] x86/PAT: Configuration [0-7]: WB  WT  UC- UC  WB  WT  UC- UC  
[STDOUT  ] 2019-02-02T12:08:51.415474190Z: [    0.621569] found SMP MP-table at [mem 0x000f6a90-0x000f6a9f] mapped at [(____ptrval____)]
[STDOUT  ] 2019-02-02T12:08:51.415491612Z: [    0.621844] RAMDISK: [mem 0x3a0d8000-0x3ffcffff]
[STDERR  ] 2019-02-02T12:08:51.415391907Z: [    0.622975]   node   0: [mem 0x0000000000100000-0x000000003ffdefff]
[STDOUT  ] 2019-02-02T12:08:51.415500562Z: [    0.622034] ACPI: Early table checksum verification disabled
[STDOUT  ] 2019-02-02T12:08:51.415510526Z: [    0.622157] ACPI: RSDP 0x00000000000F68D0 000014 (v00 BOCHS )
[STDOUT  ] 2019-02-02T12:08:51.415520384Z: [    0.622167] ACPI: RSDT 0x000000003FFE2404 000034 (v01 BOCHS  BXPCRSDT 00000001 BXPC 00000001)
[STDOUT  ] 2019-02-02T12:08:51.415529186Z: [    0.622174] ACPI: FACP 0x000000003FFE22A4 000074 (v01 BOCHS  BXPCFACP 00000001 BXPC 00000001)
[STDOUT  ] 2019-02-02T12:08:51.415541366Z: [    0.622182] ACPI: DSDT 0x000000003FFE0040 002264 (v01 BOCHS  BXPCDSDT 00000001 BXPC 00000001)
[STDOUT  ] 2019-02-02T12:08:51.415547878Z: [    0.622187] ACPI: FACS 0x000000003FFE0000 000040
[STDOUT  ] 2019-02-02T12:08:51.415557023Z: [    0.622191] ACPI: APIC 0x000000003FFE2318 000078 (v01 BOCHS  BXPCAPIC 00000001 BXPC 00000001)
[STDOUT  ] 2019-02-02T12:08:51.415564179Z: [    0.622195] ACPI: HPET 0x000000003FFE2390 000038 (v01 BOCHS  BXPCHPET 00000001 BXPC 00000001)
[STDOUT  ] 2019-02-02T12:08:51.415572593Z: [    0.622199] ACPI: MCFG 0x000000003FFE23C8 00003C (v01 BOCHS  BXPCMCFG 00000001 BXPC 00000001)
[STDERR  ] 2019-02-02T12:08:51.415500673Z: [    0.623588] Reserved but unavailable: 98 pages
[STDOUT  ] 2019-02-02T12:08:51.415581035Z: [    0.622964] Zone ranges:
[STDERR  ] 2019-02-02T12:08:51.415602514Z: [    0.623590] Initmem setup node 0 [mem 0x0000000000001000-0x000000003ffdefff]
[STDERR  ] 2019-02-02T12:08:51.415618578Z: [    0.637138] ACPI: PM-Timer IO Port: 0x608
[STDOUT  ] 2019-02-02T12:08:51.415590008Z: [    0.622966]   DMA      [mem 0x0000000000001000-0x0000000000ffffff]
[STDERR  ] 2019-02-02T12:08:51.415637000Z: [    0.637193] ACPI: LAPIC_NMI (acpi_id[0xff] dfl dfl lint[0x1])
[STDOUT  ] 2019-02-02T12:08:51.415642934Z: [    0.622968]   DMA32    [mem 0x0000000001000000-0x000000003ffdefff]
[STDOUT  ] 2019-02-02T12:08:51.415651751Z: [    0.622969]   Normal   empty
[STDOUT  ] 2019-02-02T12:08:51.415661730Z: [    0.622971]   Device   empty
[STDOUT  ] 2019-02-02T12:08:51.415670400Z: [    0.622972] Movable zone start for each node
[STDOUT  ] 2019-02-02T12:08:51.415678904Z: [    0.622973] Early memory node ranges
[STDOUT  ] 2019-02-02T12:08:51.415686985Z: [    0.622974]   node   0: [mem 0x0000000000001000-0x000000000009efff]
[STDOUT  ] 2019-02-02T12:08:51.415695300Z: [    0.622975]   node   0: [mem 0x0000000000100000-0x000000003ffdefff]
[STDOUT  ] 2019-02-02T12:08:51.415703676Z: [    0.623588] Reserved but unavailable: 98 pages
[STDOUT  ] 2019-02-02T12:08:51.415715322Z: [    0.623590] Initmem setup node 0 [mem 0x0000000000001000-0x000000003ffdefff]
[STDOUT  ] 2019-02-02T12:08:51.415724303Z: [    0.637138] ACPI: PM-Timer IO Port: 0x608
[STDOUT  ] 2019-02-02T12:08:51.415733019Z: [    0.637193] ACPI: LAPIC_NMI (acpi_id[0xff] dfl dfl lint[0x1])
[STDOUT  ] 2019-02-02T12:08:51.415742558Z: [    0.637457] IOAPIC[0]: apic_id 0, version 17, address 0xfec00000, GSI 0-23
[STDOUT  ] 2019-02-02T12:08:51.415751904Z: [    0.637461] ACPI: INT_SRC_OVR (bus 0 bus_irq 0 global_irq 2 dfl dfl)
[STDOUT  ] 2019-02-02T12:08:51.415760099Z: [    0.637463] ACPI: INT_SRC_OVR (bus 0 bus_irq 5 global_irq 5 high level)
[STDOUT  ] 2019-02-02T12:08:51.415770111Z: [    0.637465] ACPI: INT_SRC_OVR (bus 0 bus_irq 9 global_irq 9 high level)
[STDOUT  ] 2019-02-02T12:08:51.415778255Z: [    0.637467] ACPI: INT_SRC_OVR (bus 0 bus_irq 10 global_irq 10 high level)
[STDOUT  ] 2019-02-02T12:08:51.415786524Z: [    0.637468] ACPI: INT_SRC_OVR (bus 0 bus_irq 11 global_irq 11 high level)
[STDOUT  ] 2019-02-02T12:08:51.415794544Z: [    0.637475] Using ACPI (MADT) for SMP configuration information
[STDOUT  ] 2019-02-02T12:08:51.415803002Z: [    0.637478] ACPI: HPET id: 0x8086a201 base: 0xfed00000
[STDOUT  ] 2019-02-02T12:08:51.415979781Z: [    0.637513] smpboot: Allowing 1 CPUs, 0 hotplug CPUs
[STDOUT  ] 2019-02-02T12:08:51.415990250Z: [    0.637615] [mem 0x40000000-0xafffffff] available for PCI devices
[STDERR  ] 2019-02-02T12:08:51.415649431Z: [    0.637457] IOAPIC[0]: apic_id 0, version 17, address 0xfec00000, GSI 0-23
[STDOUT  ] 2019-02-02T12:08:51.416010337Z: [    0.637617] Booting paravirtualized kernel on KVM
[STDERR  ] 2019-02-02T12:08:51.416002345Z: [    0.637461] ACPI: INT_SRC_OVR (bus 0 bus_irq 0 global_irq 2 dfl dfl)
[STDOUT  ] 2019-02-02T12:08:51.416019024Z: [    0.637619] clocksource: refined-jiffies: mask: 0xffffffff max_cycles: 0xffffffff, max_idle_ns: 1910969940391419 ns
[STDOUT  ] 2019-02-02T12:08:51.416028140Z: [    0.745130] random: get_random_bytes called from start_kernel+0x92/0x52b with crng_init=0
[STDERR  ] 2019-02-02T12:08:51.416022120Z: [    0.637463] ACPI: INT_SRC_OVR (bus 0 bus_irq 5 global_irq 5 high level)
[STDOUT  ] 2019-02-02T12:08:51.416037230Z: [    0.745148] setup_percpu: NR_CPUS:128 nr_cpumask_bits:128 nr_cpu_ids:1 nr_node_ids:1
[STDOUT  ] 2019-02-02T12:08:51.416052294Z: [    0.745918] percpu: Embedded 45 pages/cpu @(____ptrval____) s145112 r8192 d31016 u2097152
[STDOUT  ] 2019-02-02T12:08:51.416061952Z: [    0.746014] KVM setup async PF for cpu 0
[STDOUT  ] 2019-02-02T12:08:51.416070628Z: [    0.746070] kvm-stealtime: cpu 0, msr 38c15e80
[STDOUT  ] 2019-02-02T12:08:51.416078600Z: [    0.746096] Built 1 zonelists, mobility grouping on.  Total pages: 257896
[STDOUT  ] 2019-02-02T12:08:51.416086797Z: [    0.746098] Kernel command line: console=ttyS0 console=ttyAMA0
[STDOUT  ] 2019-02-02T12:08:51.416096029Z: [    0.746251] Dentry cache hash table entries: 131072 (order: 8, 1048576 bytes)
[STDOUT  ] 2019-02-02T12:08:51.416107587Z: [    0.746524] Inode-cache hash table entries: 65536 (order: 7, 524288 bytes)
[STDOUT  ] 2019-02-02T12:08:51.416116351Z: [    0.750072] Memory: 904692K/1048052K available (12300K kernel code, 1579K rwdata, 3052K rodata, 1588K init, 1996K bss, 143360K reserved, 0K cma-reserved)
[STDOUT  ] 2019-02-02T12:08:51.416126050Z: [    0.750881] Kernel/User page tables isolation: enabled
[STDERR  ] 2019-02-02T12:08:51.416034897Z: [    0.637465] ACPI: INT_SRC_OVR (bus 0 bus_irq 9 global_irq 9 high level)
[STDERR  ] 2019-02-02T12:08:51.416136199Z: [    0.637467] ACPI: INT_SRC_OVR (bus 0 bus_irq 10 global_irq 10 high level)
[STDERR  ] 2019-02-02T12:08:51.416148293Z: [    0.637468] ACPI: INT_SRC_OVR (bus 0 bus_irq 11 global_irq 11 high level)
[STDERR  ] 2019-02-02T12:08:51.416159202Z: [    0.637475] Using ACPI (MADT) for SMP configuration information
[STDERR  ] 2019-02-02T12:08:51.416170175Z: [    0.637478] ACPI: HPET id: 0x8086a201 base: 0xfed00000
[STDERR  ] 2019-02-02T12:08:51.416181232Z: [    0.637513] smpboot: Allowing 1 CPUs, 0 hotplug CPUs
[STDERR  ] 2019-02-02T12:08:51.416193214Z: [    0.637615] [mem 0x40000000-0xafffffff] available for PCI devices
[STDOUT  ] 2019-02-02T12:08:51.416207905Z: [    0.750970] ftrace: allocating 42976 entries in 168 pages
[STDOUT  ] 2019-02-02T12:08:51.416218568Z: [    0.768215] rcu: Hierarchical RCU implementation.
[STDOUT  ] 2019-02-02T12:08:51.416227478Z: [    0.768218] rcu: 	RCU restricting CPUs from NR_CPUS=128 to nr_cpu_ids=1.
[STDOUT  ] 2019-02-02T12:08:51.416235666Z: [    0.768220] rcu: Adjusting geometry for rcu_fanout_leaf=16, nr_cpu_ids=1
[STDERR  ] 2019-02-02T12:08:51.416205559Z: [    0.637617] Booting paravirtualized kernel on KVM
[STDOUT  ] 2019-02-02T12:08:51.416244218Z: [    0.771360] NR_IRQS: 8448, nr_irqs: 256, preallocated irqs: 16
[STDERR  ] 2019-02-02T12:08:51.416288865Z: [    0.637619] clocksource: refined-jiffies: mask: 0xffffffff max_cycles: 0xffffffff, max_idle_ns: 1910969940391419 ns
[STDOUT  ] 2019-02-02T12:08:51.416299250Z: [    0.798488] Console: colour VGA+ 80x25
[STDERR  ] 2019-02-02T12:08:51.416302100Z: [    0.745130] random: get_random_bytes called from start_kernel+0x92/0x52b with crng_init=0
[STDERR  ] 2019-02-02T12:08:51.416315081Z: [    0.745148] setup_percpu: NR_CPUS:128 nr_cpumask_bits:128 nr_cpu_ids:1 nr_node_ids:1
[STDOUT  ] 2019-02-02T12:08:51.416308600Z: [    1.264570] console [ttyS0] enabled
[STDERR  ] 2019-02-02T12:08:51.416330369Z: [    0.745918] percpu: Embedded 45 pages/cpu @(____ptrval____) s145112 r8192 d31016 u2097152
[STDOUT  ] 2019-02-02T12:08:51.416335439Z: [    1.267973] ACPI: Core revision 20180810
[STDOUT  ] 2019-02-02T12:08:51.416349700Z: [    1.272577] clocksource: hpet: mask: 0xffffffff max_cycles: 0xffffffff, max_idle_ns: 19112604467 ns
[STDERR  ] 2019-02-02T12:08:51.416343804Z: [    0.746014] KVM setup async PF for cpu 0
[STDERR  ] 2019-02-02T12:08:51.416357235Z: [    0.746070] kvm-stealtime: cpu 0, msr 38c15e80
[STDERR  ] 2019-02-02T12:08:51.416376949Z: [    0.746096] Built 1 zonelists, mobility grouping on.  Total pages: 257896
[STDERR  ] 2019-02-02T12:08:51.416403114Z: [    0.746098] Kernel command line: console=ttyS0 console=ttyAMA0
[STDERR  ] 2019-02-02T12:08:51.416414917Z: [    0.746251] Dentry cache hash table entries: 131072 (order: 8, 1048576 bytes)
[STDERR  ] 2019-02-02T12:08:51.416426432Z: [    0.746524] Inode-cache hash table entries: 65536 (order: 7, 524288 bytes)
[STDERR  ] 2019-02-02T12:08:51.416444559Z: [    0.750072] Memory: 904692K/1048052K available (12300K kernel code, 1579K rwdata, 3052K rodata, 1588K init, 1996K bss, 143360K reserved, 0K cma-reserved)
[STDERR  ] 2019-02-02T12:08:51.416465697Z: [    0.750881] Kernel/User page tables isolation: enabled
[STDERR  ] 2019-02-02T12:08:51.416479010Z: [    0.750970] ftrace: allocating 42976 entries in 168 pages
[STDERR  ] 2019-02-02T12:08:51.416490777Z: [    0.768215] rcu: Hierarchical RCU implementation.
[STDERR  ] 2019-02-02T12:08:51.416511261Z: [    0.768218] rcu: 	RCU restricting CPUs from NR_CPUS=128 to nr_cpu_ids=1.
[STDERR  ] 2019-02-02T12:08:51.416535004Z: [    0.768220] rcu: Adjusting geometry for rcu_fanout_leaf=16, nr_cpu_ids=1
[STDERR  ] 2019-02-02T12:08:51.416546472Z: [    0.771360] NR_IRQS: 8448, nr_irqs: 256, preallocated irqs: 16
[STDERR  ] 2019-02-02T12:08:51.416557929Z: [    0.798488] Console: colour VGA+ 80x25
[STDERR  ] 2019-02-02T12:08:51.416571262Z: [    1.264570] console [ttyS0] enabled
[STDERR  ] 2019-02-02T12:08:51.416583853Z: [    1.267973] ACPI: Core revision 20180810
[STDERR  ] 2019-02-02T12:08:51.416596090Z: [    1.272577] clocksource: hpet: mask: 0xffffffff max_cycles: 0xffffffff, max_idle_ns: 19112604467 ns
[STDERR  ] 2019-02-02T12:08:51.416609008Z: [    1.281886] APIC: Switch to symmetric I/O mode setup
[STDERR  ] 2019-02-02T12:08:51.416621109Z: [    1.289311] x2apic enabled
[STDERR  ] 2019-02-02T12:08:51.416633237Z: [    1.294464] Switched APIC routing to physical x2apic.
[STDERR  ] 2019-02-02T12:08:51.416645713Z: [    1.310545] ..TIMER: vector=0x30 apic1=0 pin1=2 apic2=-1 pin2=-1
[STDERR  ] 2019-02-02T12:08:51.416663480Z: [    1.316607] clocksource: tsc-early: mask: 0xffffffffffffffff max_cycles: 0x2126e795dfc, max_idle_ns: 440795229039 ns
[STDOUT  ] 2019-02-02T12:08:51.416358875Z: [    1.281886] APIC: Switch to symmetric I/O mode setup
[STDERR  ] 2019-02-02T12:08:51.416790061Z: [    1.326943] Calibrating delay loop (skipped) preset value.. 4599.83 BogoMIPS (lpj=2299918)
[STDOUT  ] 2019-02-02T12:08:51.416791029Z: [    1.289311] x2apic enabled
[STDOUT  ] 2019-02-02T12:08:51.416824821Z: [    1.294464] Switched APIC routing to physical x2apic.
[STDOUT  ] 2019-02-02T12:08:51.416834437Z: [    1.310545] ..TIMER: vector=0x30 apic1=0 pin1=2 apic2=-1 pin2=-1
[STDOUT  ] 2019-02-02T12:08:51.416843090Z: [    1.316607] clocksource: tsc-early: mask: 0xffffffffffffffff max_cycles: 0x2126e795dfc, max_idle_ns: 440795229039 ns
[STDOUT  ] 2019-02-02T12:08:51.416852164Z: [    1.326943] Calibrating delay loop (skipped) preset value.. 4599.83 BogoMIPS (lpj=2299918)
[STDOUT  ] 2019-02-02T12:08:51.416864741Z: [    1.327916] pid_max: default: 32768 minimum: 301
[STDOUT  ] 2019-02-02T12:08:51.416873385Z: [    1.329049] Security Framework initialized
[STDOUT  ] 2019-02-02T12:08:51.416881918Z: [    1.329919] Yama: becoming mindful.
[STDOUT  ] 2019-02-02T12:08:51.416891405Z: [    1.330973] Mount-cache hash table entries: 2048 (order: 2, 16384 bytes)
[STDERR  ] 2019-02-02T12:08:51.416812860Z: [    1.327916] pid_max: default: 32768 minimum: 301
[STDOUT  ] 2019-02-02T12:08:51.416900618Z: [    1.331944] Mountpoint-cache hash table entries: 2048 (order: 2, 16384 bytes)
[STDERR  ] 2019-02-02T12:08:51.416903752Z: [    1.329049] Security Framework initialized
[STDERR  ] 2019-02-02T12:08:51.416916355Z: [    1.329919] Yama: becoming mindful.
[STDERR  ] 2019-02-02T12:08:51.416935513Z: [    1.330973] Mount-cache hash table entries: 2048 (order: 2, 16384 bytes)
[STDERR  ] 2019-02-02T12:08:51.416951927Z: [    1.331944] Mountpoint-cache hash table entries: 2048 (order: 2, 16384 bytes)
[STDERR  ] 2019-02-02T12:08:51.416964400Z: [    1.334960] Last level iTLB entries: 4KB 0, 2MB 0, 4MB 0
[STDERR  ] 2019-02-02T12:08:51.416988093Z: [    1.335918] Last level dTLB entries: 4KB 0, 2MB 0, 4MB 0, 1GB 0
[STDERR  ] 2019-02-02T12:08:51.417001124Z: [    1.336918] Spectre V2 : Mitigation: Full generic retpoline
[STDERR  ] 2019-02-02T12:08:51.417013480Z: [    1.337917] Spectre V2 : Spectre v2 / SpectreRSB mitigation: Filling RSB on context switch
[STDERR  ] 2019-02-02T12:08:51.417040657Z: [    1.338918] Speculative Store Bypass: Vulnerable
[STDOUT  ] 2019-02-02T12:08:51.417050976Z: [    1.334960] Last level iTLB entries: 4KB 0, 2MB 0, 4MB 0
[STDERR  ] 2019-02-02T12:08:51.417058195Z: [    1.351133] Freeing SMP alternatives memory: 20K
[STDOUT  ] 2019-02-02T12:08:51.417062224Z: [    1.335918] Last level dTLB entries: 4KB 0, 2MB 0, 4MB 0, 1GB 0
[STDOUT  ] 2019-02-02T12:08:51.417071008Z: [    1.336918] Spectre V2 : Mitigation: Full generic retpoline
[STDERR  ] 2019-02-02T12:08:51.417070594Z: [    1.353908] smpboot: CPU0: Intel QEMU Virtual CPU version 2.5+ (family: 0x6, model: 0x6, stepping: 0x3)
[STDOUT  ] 2019-02-02T12:08:51.417079434Z: [    1.337917] Spectre V2 : Spectre v2 / SpectreRSB mitigation: Filling RSB on context switch
[STDERR  ] 2019-02-02T12:08:51.417086948Z: [    1.354238] Performance Events: PMU not available due to virtualization, using software events only.
[STDOUT  ] 2019-02-02T12:08:51.417088839Z: [    1.338918] Speculative Store Bypass: Vulnerable
[STDOUT  ] 2019-02-02T12:08:51.417098286Z: [    1.351133] Freeing SMP alternatives memory: 20K
[STDOUT  ] 2019-02-02T12:08:51.417112836Z: [    1.353908] smpboot: CPU0: Intel QEMU Virtual CPU version 2.5+ (family: 0x6, model: 0x6, stepping: 0x3)
[STDOUT  ] 2019-02-02T12:08:51.417122489Z: [    1.354238] Performance Events: PMU not available due to virtualization, using software events only.
[STDOUT  ] 2019-02-02T12:08:51.417130960Z: [    1.356251] rcu: Hierarchical SRCU implementation.
[STDOUT  ] 2019-02-02T12:08:51.417139691Z: [    1.357124] NMI watchdog: Perf NMI watchdog permanently disabled
[STDOUT  ] 2019-02-02T12:08:51.417148414Z: [    1.358954] smp: Bringing up secondary CPUs ...
[STDOUT  ] 2019-02-02T12:08:51.417157158Z: [    1.359917] smp: Brought up 1 node, 1 CPU
[STDOUT  ] 2019-02-02T12:08:51.417165680Z: [    1.360915] smpboot: Max logical packages: 1
[STDOUT  ] 2019-02-02T12:08:51.417174216Z: [    1.362916] smpboot: Total of 1 processors activated (4599.83 BogoMIPS)
[STDOUT  ] 2019-02-02T12:08:51.417192015Z: [    1.365281] devtmpfs: initialized
[STDOUT  ] 2019-02-02T12:08:51.417201433Z: [    1.367011] x86/mm: Memory block size: 128MB
[STDOUT  ] 2019-02-02T12:08:51.417220401Z: [    1.368402] clocksource: jiffies: mask: 0xffffffff max_cycles: 0xffffffff, max_idle_ns: 1911260446275000 ns
[STDOUT  ] 2019-02-02T12:08:51.417232096Z: [    1.368929] futex hash table entries: 256 (order: 2, 16384 bytes)
[STDOUT  ] 2019-02-02T12:08:51.417240956Z: [    1.370215] NET: Registered protocol family 16
[STDOUT  ] 2019-02-02T12:08:51.417249086Z: [    1.371092] audit: initializing netlink subsys (disabled)
[STDOUT  ] 2019-02-02T12:08:51.417257649Z: [    1.372077] cpuidle: using governor ladder
[STDOUT  ] 2019-02-02T12:08:51.417266642Z: [    1.372922] cpuidle: using governor menu
[STDOUT  ] 2019-02-02T12:08:51.417290063Z: [    1.374081] ACPI: bus type PCI registered
[STDOUT  ] 2019-02-02T12:08:51.417298431Z: [    1.374936] audit: type=2000 audit(1549109316.741:1): state=initialized audit_enabled=0 res=1
[STDOUT  ] 2019-02-02T12:08:51.417306817Z: [    1.376436] PCI: MMCONFIG for domain 0000 [bus 00-ff] at [mem 0xb0000000-0xbfffffff] (base 0xb0000000)
[STDOUT  ] 2019-02-02T12:08:51.417339049Z: [    1.376920] PCI: MMCONFIG at [mem 0xb0000000-0xbfffffff] reserved in E820
[STDERR  ] 2019-02-02T12:08:51.417099438Z: [    1.356251] rcu: Hierarchical SRCU implementation.
[STDOUT  ] 2019-02-02T12:08:51.417348551Z: [    1.377934] PCI: Using configuration type 1 for base access
[STDERR  ] 2019-02-02T12:08:51.417355898Z: [    1.357124] NMI watchdog: Perf NMI watchdog permanently disabled
[STDOUT  ] 2019-02-02T12:08:51.417357600Z: [    1.381999] HugeTLB registered 2.00 MiB page size, pre-allocated 0 pages
[STDERR  ] 2019-02-02T12:08:51.417370085Z: [    1.358954] smp: Bringing up secondary CPUs ...
[STDOUT  ] 2019-02-02T12:08:51.417376637Z: [    1.383152] cryptd: max_cpu_qlen set to 1000
[STDOUT  ] 2019-02-02T12:08:51.417400522Z: [    1.384117] ACPI: Added _OSI(Module Device)
[STDOUT  ] 2019-02-02T12:08:51.417416640Z: [    1.384916] ACPI: Added _OSI(Processor Device)
[STDOUT  ] 2019-02-02T12:08:51.417425717Z: [    1.385914] ACPI: Added _OSI(3.0 _SCP Extensions)
[STDOUT  ] 2019-02-02T12:08:51.417434600Z: [    1.386915] ACPI: Added _OSI(Processor Aggregator Device)
[STDOUT  ] 2019-02-02T12:08:51.417443051Z: [    1.387932] ACPI: Added _OSI(Linux-Dell-Video)
[STDOUT  ] 2019-02-02T12:08:51.417451251Z: [    1.388915] ACPI: Added _OSI(Linux-Lenovo-NV-HDMI-Audio)
[STDOUT  ] 2019-02-02T12:08:51.417459434Z: [    1.392115] ACPI: 1 ACPI AML tables successfully acquired and loaded
[STDOUT  ] 2019-02-02T12:08:51.417467699Z: [    1.396106] ACPI: Interpreter enabled
[STDOUT  ] 2019-02-02T12:08:51.417475750Z: [    1.396928] ACPI: (supports S0 S5)
[STDOUT  ] 2019-02-02T12:08:51.417484137Z: [    1.397921] ACPI: Using IOAPIC for interrupt routing
[STDERR  ] 2019-02-02T12:08:51.417398019Z: [    1.359917] smp: Brought up 1 node, 1 CPU
[STDOUT  ] 2019-02-02T12:08:51.417492800Z: [    1.398982] PCI: Using host bridge windows from ACPI; if necessary, use "pci=nocrs" and report a bug
[STDOUT  ] 2019-02-02T12:08:51.417501550Z: [    1.400146] ACPI: Enabled 2 GPEs in block 00 to 3F
[STDOUT  ] 2019-02-02T12:08:51.417510010Z: [    1.405269] ACPI: PCI Root Bridge [PCI0] (domain 0000 [bus 00-ff])
[STDOUT  ] 2019-02-02T12:08:51.417520132Z: [    1.405927] acpi PNP0A08:00: _OSC: OS supports [ExtendedConfig ASPM ClockPM Segments MSI]
[STDOUT  ] 2019-02-02T12:08:51.417528365Z: [    1.407036] acpi PNP0A08:00: _OSC: platform does not support [SHPCHotplug LTR]
[STDOUT  ] 2019-02-02T12:08:51.417536409Z: [    1.408022] acpi PNP0A08:00: _OSC: OS now controls [PCIeHotplug PME PCIeCapability]
[STDOUT  ] 2019-02-02T12:08:51.417544817Z: [    1.409005] PCI host bridge to bus 0000:00
[STDOUT  ] 2019-02-02T12:08:51.417552910Z: [    1.409925] pci_bus 0000:00: root bus resource [io  0x0000-0x0cf7 window]
[STDOUT  ] 2019-02-02T12:08:51.417561883Z: [    1.410920] pci_bus 0000:00: root bus resource [io  0x0d00-0xffff window]
[STDERR  ] 2019-02-02T12:08:51.417493571Z: [    1.360915] smpboot: Max logical packages: 1
[STDOUT  ] 2019-02-02T12:08:51.417570268Z: [    1.412915] pci_bus 0000:00: root bus resource [mem 0x000a0000-0x000bffff window]
[STDOUT  ] 2019-02-02T12:08:51.417581121Z: [    1.413918] pci_bus 0000:00: root bus resource [mem 0xc0000000-0xfebfffff window]
[STDERR  ] 2019-02-02T12:08:51.417578105Z: [    1.362916] smpboot: Total of 1 processors activated (4599.83 BogoMIPS)
[STDOUT  ] 2019-02-02T12:08:51.417589608Z: [    1.414919] pci_bus 0000:00: root bus resource [bus 00-ff]
[STDOUT  ] 2019-02-02T12:08:51.417598468Z: [    1.487270] pci 0000:00:1f.0: quirk: [io  0x0600-0x067f] claimed by ICH6 ACPI/GPIO/TCO
[STDOUT  ] 2019-02-02T12:08:51.417609019Z: [    1.515095] ACPI: PCI Interrupt Link [LNKA] (IRQs 5 *10 11)
[STDOUT  ] 2019-02-02T12:08:51.417620578Z: [    1.516251] ACPI: PCI Interrupt Link [LNKB] (IRQs 5 *10 11)
[STDOUT  ] 2019-02-02T12:08:51.417629211Z: [    1.517229] ACPI: PCI Interrupt Link [LNKC] (IRQs 5 10 *11)
[STDOUT  ] 2019-02-02T12:08:51.417637244Z: [    1.519009] ACPI: PCI Interrupt Link [LNKD] (IRQs 5 10 *11)
[STDOUT  ] 2019-02-02T12:08:51.417645297Z: [    1.520222] ACPI: PCI Interrupt Link [LNKE] (IRQs 5 *10 11)
[STDOUT  ] 2019-02-02T12:08:51.417657074Z: [    1.521229] ACPI: PCI Interrupt Link [LNKF] (IRQs 5 *10 11)
[STDOUT  ] 2019-02-02T12:08:51.417665226Z: [    1.522248] ACPI: PCI Interrupt Link [LNKG] (IRQs 5 10 *11)
[STDERR  ] 2019-02-02T12:08:51.417591684Z: [    1.365281] devtmpfs: initialized
[STDERR  ] 2019-02-02T12:08:51.417722926Z: [    1.367011] x86/mm: Memory block size: 128MB
[STDERR  ] 2019-02-02T12:08:51.417732385Z: [    1.368402] clocksource: jiffies: mask: 0xffffffff max_cycles: 0xffffffff, max_idle_ns: 1911260446275000 ns
[STDERR  ] 2019-02-02T12:08:51.417741106Z: [    1.368929] futex hash table entries: 256 (order: 2, 16384 bytes)
[STDERR  ] 2019-02-02T12:08:51.417749509Z: [    1.370215] NET: Registered protocol family 16
[STDERR  ] 2019-02-02T12:08:51.417757454Z: [    1.371092] audit: initializing netlink subsys (disabled)
[STDERR  ] 2019-02-02T12:08:51.417769448Z: [    1.372077] cpuidle: using governor ladder
[STDERR  ] 2019-02-02T12:08:51.417777358Z: [    1.372922] cpuidle: using governor menu
[STDERR  ] 2019-02-02T12:08:51.417785173Z: [    1.374081] ACPI: bus type PCI registered
[STDERR  ] 2019-02-02T12:08:51.417792817Z: [    1.374936] audit: type=2000 audit(1549109316.741:1): state=initialized audit_enabled=0 res=1
[STDERR  ] 2019-02-02T12:08:51.417801159Z: [    1.376436] PCI: MMCONFIG for domain 0000 [bus 00-ff] at [mem 0xb0000000-0xbfffffff] (base 0xb0000000)
[STDERR  ] 2019-02-02T12:08:51.417809278Z: [    1.376920] PCI: MMCONFIG at [mem 0xb0000000-0xbfffffff] reserved in E820
[STDERR  ] 2019-02-02T12:08:51.417817657Z: [    1.377934] PCI: Using configuration type 1 for base access
[STDERR  ] 2019-02-02T12:08:51.417825375Z: [    1.381999] HugeTLB registered 2.00 MiB page size, pre-allocated 0 pages
[STDERR  ] 2019-02-02T12:08:51.417833422Z: [    1.383152] cryptd: max_cpu_qlen set to 1000
[STDERR  ] 2019-02-02T12:08:51.417844556Z: [    1.384117] ACPI: Added _OSI(Module Device)
[STDERR  ] 2019-02-02T12:08:51.417852291Z: [    1.384916] ACPI: Added _OSI(Processor Device)
[STDERR  ] 2019-02-02T12:08:51.417859962Z: [    1.385914] ACPI: Added _OSI(3.0 _SCP Extensions)
[STDERR  ] 2019-02-02T12:08:51.417867522Z: [    1.386915] ACPI: Added _OSI(Processor Aggregator Device)
[STDERR  ] 2019-02-02T12:08:51.417875456Z: [    1.387932] ACPI: Added _OSI(Linux-Dell-Video)
[STDERR  ] 2019-02-02T12:08:51.417885613Z: [    1.388915] ACPI: Added _OSI(Linux-Lenovo-NV-HDMI-Audio)
[STDERR  ] 2019-02-02T12:08:51.417893388Z: [    1.392115] ACPI: 1 ACPI AML tables successfully acquired and loaded
[STDERR  ] 2019-02-02T12:08:51.417902536Z: [    1.396106] ACPI: Interpreter enabled
[STDERR  ] 2019-02-02T12:08:51.417913844Z: [    1.396928] ACPI: (supports S0 S5)
[STDOUT  ] 2019-02-02T12:08:51.417673246Z: [    1.523231] ACPI: PCI Interrupt Link [LNKH] (IRQs 5 10 *11)
[STDOUT  ] 2019-02-02T12:08:51.417932943Z: [    1.524925] ACPI: PCI Interrupt Link [GSIA] (IRQs *16)
[STDOUT  ] 2019-02-02T12:08:51.417941375Z: [    1.525942] ACPI: PCI Interrupt Link [GSIB] (IRQs *17)
[STDOUT  ] 2019-02-02T12:08:51.417950175Z: [    1.526935] ACPI: PCI Interrupt Link [GSIC] (IRQs *18)
[STDOUT  ] 2019-02-02T12:08:51.417958365Z: [    1.527932] ACPI: PCI Interrupt Link [GSID] (IRQs *19)
[STDOUT  ] 2019-02-02T12:08:51.417966570Z: [    1.528935] ACPI: PCI Interrupt Link [GSIE] (IRQs *20)
[STDOUT  ] 2019-02-02T12:08:51.417977712Z: [    1.529940] ACPI: PCI Interrupt Link [GSIF] (IRQs *21)
[STDOUT  ] 2019-02-02T12:08:51.417985956Z: [    1.530933] ACPI: PCI Interrupt Link [GSIG] (IRQs *22)
[STDOUT  ] 2019-02-02T12:08:51.417993926Z: [    1.531935] ACPI: PCI Interrupt Link [GSIH] (IRQs *23)
[STDOUT  ] 2019-02-02T12:08:51.418002556Z: [    1.534171] SCSI subsystem initialized
[STDERR  ] 2019-02-02T12:08:51.418010035Z: [    1.397921] ACPI: Using IOAPIC for interrupt routing
[STDERR  ] 2019-02-02T12:08:51.418023709Z: [    1.398982] PCI: Using host bridge windows from ACPI; if necessary, use "pci=nocrs" and report a bug
[STDERR  ] 2019-02-02T12:08:51.418035258Z: [    1.400146] ACPI: Enabled 2 GPEs in block 00 to 3F
[STDERR  ] 2019-02-02T12:08:51.418050538Z: [    1.405269] ACPI: PCI Root Bridge [PCI0] (domain 0000 [bus 00-ff])
[STDERR  ] 2019-02-02T12:08:51.418066572Z: [    1.405927] acpi PNP0A08:00: _OSC: OS supports [ExtendedConfig ASPM ClockPM Segments MSI]
[STDERR  ] 2019-02-02T12:08:51.418078678Z: [    1.407036] acpi PNP0A08:00: _OSC: platform does not support [SHPCHotplug LTR]
[STDERR  ] 2019-02-02T12:08:51.418092240Z: [    1.408022] acpi PNP0A08:00: _OSC: OS now controls [PCIeHotplug PME PCIeCapability]
[STDERR  ] 2019-02-02T12:08:51.418103652Z: [    1.409005] PCI host bridge to bus 0000:00
[STDERR  ] 2019-02-02T12:08:51.418115493Z: [    1.409925] pci_bus 0000:00: root bus resource [io  0x0000-0x0cf7 window]
[STDERR  ] 2019-02-02T12:08:51.418127742Z: [    1.410920] pci_bus 0000:00: root bus resource [io  0x0d00-0xffff window]
[STDERR  ] 2019-02-02T12:08:51.418143513Z: [    1.412915] pci_bus 0000:00: root bus resource [mem 0x000a0000-0x000bffff window]
[STDERR  ] 2019-02-02T12:08:51.418186116Z: [    1.413918] pci_bus 0000:00: root bus resource [mem 0xc0000000-0xfebfffff window]
[STDERR  ] 2019-02-02T12:08:51.418198079Z: [    1.414919] pci_bus 0000:00: root bus resource [bus 00-ff]
[STDERR  ] 2019-02-02T12:08:51.418210305Z: [    1.487270] pci 0000:00:1f.0: quirk: [io  0x0600-0x067f] claimed by ICH6 ACPI/GPIO/TCO
[STDERR  ] 2019-02-02T12:08:51.418222265Z: [    1.515095] ACPI: PCI Interrupt Link [LNKA] (IRQs 5 *10 11)
[STDERR  ] 2019-02-02T12:08:51.418234404Z: [    1.516251] ACPI: PCI Interrupt Link [LNKB] (IRQs 5 *10 11)
[STDERR  ] 2019-02-02T12:08:51.418246272Z: [    1.517229] ACPI: PCI Interrupt Link [LNKC] (IRQs 5 10 *11)
[STDERR  ] 2019-02-02T12:08:51.418258212Z: [    1.519009] ACPI: PCI Interrupt Link [LNKD] (IRQs 5 10 *11)
[STDERR  ] 2019-02-02T12:08:51.418270224Z: [    1.520222] ACPI: PCI Interrupt Link [LNKE] (IRQs 5 *10 11)
[STDERR  ] 2019-02-02T12:08:51.418282664Z: [    1.521229] ACPI: PCI Interrupt Link [LNKF] (IRQs 5 *10 11)
[STDERR  ] 2019-02-02T12:08:51.418294691Z: [    1.522248] ACPI: PCI Interrupt Link [LNKG] (IRQs 5 10 *11)
[STDERR  ] 2019-02-02T12:08:51.418306384Z: [    1.523231] ACPI: PCI Interrupt Link [LNKH] (IRQs 5 10 *11)
[STDERR  ] 2019-02-02T12:08:51.418318385Z: [    1.524925] ACPI: PCI Interrupt Link [GSIA] (IRQs *16)
[STDERR  ] 2019-02-02T12:08:51.418330731Z: [    1.525942] ACPI: PCI Interrupt Link [GSIB] (IRQs *17)
[STDOUT  ] 2019-02-02T12:08:51.418011329Z: [    1.535918] ACPI: bus type USB registered
[STDERR  ] 2019-02-02T12:08:51.418362417Z: [    1.526935] ACPI: PCI Interrupt Link [GSIC] (IRQs *18)
[STDERR  ] 2019-02-02T12:08:51.418391097Z: [    1.527932] ACPI: PCI Interrupt Link [GSID] (IRQs *19)
[STDERR  ] 2019-02-02T12:08:51.418402563Z: [    1.528935] ACPI: PCI Interrupt Link [GSIE] (IRQs *20)
[STDERR  ] 2019-02-02T12:08:51.418414487Z: [    1.529940] ACPI: PCI Interrupt Link [GSIF] (IRQs *21)
[STDERR  ] 2019-02-02T12:08:51.418438876Z: [    1.530933] ACPI: PCI Interrupt Link [GSIG] (IRQs *22)
[STDERR  ] 2019-02-02T12:08:51.418456507Z: [    1.531935] ACPI: PCI Interrupt Link [GSIH] (IRQs *23)
[STDERR  ] 2019-02-02T12:08:51.418470608Z: [    1.534171] SCSI subsystem initialized
[STDERR  ] 2019-02-02T12:08:51.418482289Z: [    1.535918] ACPI: bus type USB registered
[STDERR  ] 2019-02-02T12:08:51.418494633Z: [    1.536957] usbcore: registered new interface driver usbfs
[STDERR  ] 2019-02-02T12:08:51.418506401Z: [    1.537941] usbcore: registered new interface driver hub
[STDERR  ] 2019-02-02T12:08:51.418518351Z: [    1.538960] usbcore: registered new device driver usb
[STDERR  ] 2019-02-02T12:08:51.418530266Z: [    1.539956] pps_core: LinuxPPS API ver. 1 registered
[STDERR  ] 2019-02-02T12:08:51.418542143Z: [    1.540915] pps_core: Software ver. 5.3.6 - Copyright 2005-2007 Rodolfo Giometti <giometti@linux.it>
[STDERR  ] 2019-02-02T12:08:51.418554669Z: [    1.541933] PTP clock support registered
[STDERR  ] 2019-02-02T12:08:51.418567111Z: [    1.543025] PCI: Using ACPI for IRQ routing
[STDERR  ] 2019-02-02T12:08:51.418579088Z: [    2.026254] NetLabel: Initializing
[STDERR  ] 2019-02-02T12:08:51.418590168Z: [    2.026917] NetLabel:  domain hash size = 128
[STDERR  ] 2019-02-02T12:08:51.418602162Z: [    2.027914] NetLabel:  protocols = UNLABELED CIPSOv4 CALIPSO
[STDERR  ] 2019-02-02T12:08:51.418623531Z: [    2.028958] NetLabel:  unlabeled traffic allowed by default
[STDERR  ] 2019-02-02T12:08:51.418635296Z: [    2.030098] HPET: 3 timers in total, 0 timers will be used for per-cpu timer
[STDERR  ] 2019-02-02T12:08:51.418647184Z: [    2.031030] hpet0: at MMIO 0xfed00000, IRQs 2, 8, 0
[STDOUT  ] 2019-02-02T12:08:51.418373140Z: [    1.536957] usbcore: registered new interface driver usbfs
[STDERR  ] 2019-02-02T12:08:51.418662514Z: [    2.031914] hpet0: 3 comparators, 64-bit 100.000000 MHz counter
[STDOUT  ] 2019-02-02T12:08:51.418688796Z: [    1.537941] usbcore: registered new interface driver hub
[STDOUT  ] 2019-02-02T12:08:51.418699466Z: [    1.538960] usbcore: registered new device driver usb
[STDOUT  ] 2019-02-02T12:08:51.418716972Z: [    1.539956] pps_core: LinuxPPS API ver. 1 registered
[STDOUT  ] 2019-02-02T12:08:51.418725326Z: [    1.540915] pps_core: Software ver. 5.3.6 - Copyright 2005-2007 Rodolfo Giometti <giometti@linux.it>
[STDOUT  ] 2019-02-02T12:08:51.418734238Z: [    1.541933] PTP clock support registered
[STDOUT  ] 2019-02-02T12:08:51.418742788Z: [    1.543025] PCI: Using ACPI for IRQ routing
[STDOUT  ] 2019-02-02T12:08:51.418751397Z: [    2.026254] NetLabel: Initializing
[STDERR  ] 2019-02-02T12:08:51.418675475Z: [    2.034954] clocksource: Switched to clocksource kvm-clock
[STDERR  ] 2019-02-02T12:08:51.418769984Z: [    2.070836] VFS: Disk quotas dquot_6.6.0
[STDERR  ] 2019-02-02T12:08:51.418782679Z: [    2.074822] VFS: Dquot-cache hash table entries: 512 (order 0, 4096 bytes)
[STDERR  ] 2019-02-02T12:08:51.418794470Z: [    2.081624] FS-Cache: Loaded
[STDERR  ] 2019-02-02T12:08:51.418806718Z: [    2.084672] CacheFiles: Loaded
[STDERR  ] 2019-02-02T12:08:51.418818424Z: [    2.087767] pnp: PnP ACPI init
[STDERR  ] 2019-02-02T12:08:51.418830646Z: [    2.092057] pnp: PnP ACPI: found 5 devices
[STDERR  ] 2019-02-02T12:08:51.418853258Z: [    2.102587] clocksource: acpi_pm: mask: 0xffffff max_cycles: 0xffffff, max_idle_ns: 2085701024 ns
[STDERR  ] 2019-02-02T12:08:51.418865452Z: [    2.111298] NET: Registered protocol family 2
[STDERR  ] 2019-02-02T12:08:51.418877583Z: [    2.116685] tcp_listen_portaddr_hash hash table entries: 512 (order: 1, 8192 bytes)
[STDERR  ] 2019-02-02T12:08:51.418893390Z: [    2.124142] TCP established hash table entries: 8192 (order: 4, 65536 bytes)
[STDERR  ] 2019-02-02T12:08:51.418911425Z: [    2.131054] TCP bind hash table entries: 8192 (order: 5, 131072 bytes)
[STDERR  ] 2019-02-02T12:08:51.418923832Z: [    2.137560] TCP: Hash tables configured (established 8192 bind 8192)
[STDERR  ] 2019-02-02T12:08:51.418935753Z: [    2.143836] UDP hash table entries: 512 (order: 2, 16384 bytes)
[STDERR  ] 2019-02-02T12:08:51.418948276Z: [    2.149652] UDP-Lite hash table entries: 512 (order: 2, 16384 bytes)
[STDERR  ] 2019-02-02T12:08:51.418959890Z: [    2.155984] NET: Registered protocol family 1
[STDERR  ] 2019-02-02T12:08:51.418974671Z: [    2.160303] NET: Registered protocol family 44
[STDERR  ] 2019-02-02T12:08:51.418986521Z: [    2.165005] pci 0000:00:01.0: Video device with shadowed ROM at [mem 0x000c0000-0x000dffff]
[STDERR  ] 2019-02-02T12:08:51.419000849Z: [    2.173521] Trying to unpack rootfs image as initramfs...
[STDERR  ] 2019-02-02T12:08:51.419013639Z: [    4.283660] Freeing initrd memory: 97248K
[STDERR  ] 2019-02-02T12:08:51.419032048Z: [    4.287874] clocksource: tsc: mask: 0xffffffffffffffff max_cycles: 0x2126e795dfc, max_idle_ns: 440795229039 ns
[STDOUT  ] 2019-02-02T12:08:51.418760885Z: [    2.026917] NetLabel:  domain hash size = 128
[STDERR  ] 2019-02-02T12:08:51.419045550Z: [    4.299116] PCLMULQDQ-NI instructions are not detected.
[STDOUT  ] 2019-02-02T12:08:51.419053553Z: [    2.027914] NetLabel:  protocols = UNLABELED CIPSOv4 CALIPSO
[STDERR  ] 2019-02-02T12:08:51.419056826Z: [    4.304176] AVX or AES-NI instructions are not detected.
[STDOUT  ] 2019-02-02T12:08:51.419069307Z: [    2.028958] NetLabel:  unlabeled traffic allowed by default
[STDOUT  ] 2019-02-02T12:08:51.419079118Z: [    2.030098] HPET: 3 timers in total, 0 timers will be used for per-cpu timer
[STDOUT  ] 2019-02-02T12:08:51.419093294Z: [    2.031030] hpet0: at MMIO 0xfed00000, IRQs 2, 8, 0
[STDOUT  ] 2019-02-02T12:08:51.419101584Z: [    2.031914] hpet0: 3 comparators, 64-bit 100.000000 MHz counter
[STDOUT  ] 2019-02-02T12:08:51.419110401Z: [    2.034954] clocksource: Switched to clocksource kvm-clock
[STDOUT  ] 2019-02-02T12:08:51.419118729Z: [    2.070836] VFS: Disk quotas dquot_6.6.0
[STDOUT  ] 2019-02-02T12:08:51.419127015Z: [    2.074822] VFS: Dquot-cache hash table entries: 512 (order 0, 4096 bytes)
[STDOUT  ] 2019-02-02T12:08:51.419135897Z: [    2.081624] FS-Cache: Loaded
[STDOUT  ] 2019-02-02T12:08:51.419145825Z: [    2.084672] CacheFiles: Loaded
[STDOUT  ] 2019-02-02T12:08:51.419158794Z: [    2.087767] pnp: PnP ACPI init
[STDOUT  ] 2019-02-02T12:08:51.419194362Z: [    2.092057] pnp: PnP ACPI: found 5 devices
[STDOUT  ] 2019-02-02T12:08:51.419203929Z: [    2.102587] clocksource: acpi_pm: mask: 0xffffff max_cycles: 0xffffff, max_idle_ns: 2085701024 ns
[STDERR  ] 2019-02-02T12:08:51.419228942Z: [    4.309649] CPU feature 'AVX registers' is not supported.
[STDERR  ] 2019-02-02T12:08:51.419244829Z: [    4.314967] CPU feature 'AVX registers' is not supported.
[STDERR  ] 2019-02-02T12:08:51.419257426Z: [    4.320287] CPU feature 'AVX registers' is not supported.
[STDERR  ] 2019-02-02T12:08:51.419269251Z: [    4.325638] CPU feature 'AVX registers' is not supported.
[STDERR  ] 2019-02-02T12:08:51.419293443Z: [    4.330959] AVX2 or AES-NI instructions are not detected.
[STDERR  ] 2019-02-02T12:08:51.419306800Z: [    4.336284] AVX2 instructions are not detected.
[STDERR  ] 2019-02-02T12:08:51.419319146Z: [    4.341481] workingset: timestamp_bits=46 max_order=18 bucket_order=0
[STDERR  ] 2019-02-02T12:08:51.419331183Z: [    4.347707] squashfs: version 4.0 (2009/01/31) Phillip Lougher
[STDERR  ] 2019-02-02T12:08:51.419346260Z: [    4.353055] FS-Cache: Netfs 'cifs' registered for caching
[STDERR  ] 2019-02-02T12:08:51.419358205Z: [    4.358013] fuse init (API version 7.27)
[STDERR  ] 2019-02-02T12:08:51.419370286Z: [    4.361710] SGI XFS with ACLs, security attributes, no debug enabled
[STDERR  ] 2019-02-02T12:08:51.419398436Z: [    4.367648] 9p: Installing v9fs 9p2000 file system support
[STDERR  ] 2019-02-02T12:08:51.419411058Z: [    4.372631] FS-Cache: Netfs '9p' registered for caching
[STDERR  ] 2019-02-02T12:08:51.419423576Z: [    4.377496] pstore: using deflate compression
[STDERR  ] 2019-02-02T12:08:51.419436025Z: [    4.383012] NET: Registered protocol family 38
[STDERR  ] 2019-02-02T12:08:51.419448090Z: [    4.387173] Key type asymmetric registered
[STDERR  ] 2019-02-02T12:08:51.419460109Z: [    4.391000] Asymmetric key parser 'x509' registered
[STDERR  ] 2019-02-02T12:08:51.419472030Z: [    4.395434] Block layer SCSI generic (bsg) driver version 0.4 loaded (major 247)
[STDERR  ] 2019-02-02T12:08:51.419484327Z: [    4.402043] io scheduler noop registered
[STDERR  ] 2019-02-02T12:08:51.419496245Z: [    4.405614] io scheduler deadline registered (default)
[STDERR  ] 2019-02-02T12:08:51.419507991Z: [    4.410251] io scheduler cfq registered
[STDERR  ] 2019-02-02T12:08:51.419523969Z: [    4.413741] io scheduler mq-deadline registered (default)
[STDOUT  ] 2019-02-02T12:08:51.419213525Z: [    2.111298] NET: Registered protocol family 2
[STDOUT  ] 2019-02-02T12:08:51.419544412Z: [    2.116685] tcp_listen_portaddr_hash hash table entries: 512 (order: 1, 8192 bytes)
[STDOUT  ] 2019-02-02T12:08:51.419554732Z: [    2.124142] TCP established hash table entries: 8192 (order: 4, 65536 bytes)
[STDOUT  ] 2019-02-02T12:08:51.419563553Z: [    2.131054] TCP bind hash table entries: 8192 (order: 5, 131072 bytes)
[STDOUT  ] 2019-02-02T12:08:51.419572439Z: [    2.137560] TCP: Hash tables configured (established 8192 bind 8192)
[STDOUT  ] 2019-02-02T12:08:51.419580680Z: [    2.143836] UDP hash table entries: 512 (order: 2, 16384 bytes)
[STDOUT  ] 2019-02-02T12:08:51.419589251Z: [    2.149652] UDP-Lite hash table entries: 512 (order: 2, 16384 bytes)
[STDOUT  ] 2019-02-02T12:08:51.419605664Z: [    2.155984] NET: Registered protocol family 1
[STDOUT  ] 2019-02-02T12:08:51.419614148Z: [    2.160303] NET: Registered protocol family 44
[STDOUT  ] 2019-02-02T12:08:51.419626135Z: [    2.165005] pci 0000:00:01.0: Video device with shadowed ROM at [mem 0x000c0000-0x000dffff]
[STDOUT  ] 2019-02-02T12:08:51.419682009Z: [    2.173521] Trying to unpack rootfs image as initramfs...
[STDOUT  ] 2019-02-02T12:08:51.419692263Z: [    4.283660] Freeing initrd memory: 97248K
[STDOUT  ] 2019-02-02T12:08:51.419700792Z: [    4.287874] clocksource: tsc: mask: 0xffffffffffffffff max_cycles: 0x2126e795dfc, max_idle_ns: 440795229039 ns
[STDOUT  ] 2019-02-02T12:08:51.419709662Z: [    4.299116] PCLMULQDQ-NI instructions are not detected.
[STDOUT  ] 2019-02-02T12:08:51.419726263Z: [    4.304176] AVX or AES-NI instructions are not detected.
[STDOUT  ] 2019-02-02T12:08:51.419735086Z: [    4.309649] CPU feature 'AVX registers' is not supported.
[STDOUT  ] 2019-02-02T12:08:51.419743330Z: [    4.314967] CPU feature 'AVX registers' is not supported.
[STDOUT  ] 2019-02-02T12:08:51.419751753Z: [    4.320287] CPU feature 'AVX registers' is not supported.
[STDOUT  ] 2019-02-02T12:08:51.419760141Z: [    4.325638] CPU feature 'AVX registers' is not supported.
[STDOUT  ] 2019-02-02T12:08:51.419768552Z: [    4.330959] AVX2 or AES-NI instructions are not detected.
[STDOUT  ] 2019-02-02T12:08:51.419777034Z: [    4.336284] AVX2 instructions are not detected.
[STDOUT  ] 2019-02-02T12:08:51.419792651Z: [    4.341481] workingset: timestamp_bits=46 max_order=18 bucket_order=0
[STDOUT  ] 2019-02-02T12:08:51.419801676Z: [    4.347707] squashfs: version 4.0 (2009/01/31) Phillip Lougher
[STDOUT  ] 2019-02-02T12:08:51.419810107Z: [    4.353055] FS-Cache: Netfs 'cifs' registered for caching
[STDOUT  ] 2019-02-02T12:08:51.419818516Z: [    4.358013] fuse init (API version 7.27)
[STDOUT  ] 2019-02-02T12:08:51.419826632Z: [    4.361710] SGI XFS with ACLs, security attributes, no debug enabled
[STDOUT  ] 2019-02-02T12:08:51.419834940Z: [    4.367648] 9p: Installing v9fs 9p2000 file system support
[STDOUT  ] 2019-02-02T12:08:51.419856297Z: [    4.372631] FS-Cache: Netfs '9p' registered for caching
[STDOUT  ] 2019-02-02T12:08:51.419864897Z: [    4.377496] pstore: using deflate compression
[STDOUT  ] 2019-02-02T12:08:51.419873070Z: [    4.383012] NET: Registered protocol family 38
[STDOUT  ] 2019-02-02T12:08:51.419881906Z: [    4.387173] Key type asymmetric registered
[STDOUT  ] 2019-02-02T12:08:51.419890308Z: [    4.391000] Asymmetric key parser 'x509' registered
[STDOUT  ] 2019-02-02T12:08:51.419898344Z: [    4.395434] Block layer SCSI generic (bsg) driver version 0.4 loaded (major 247)
[STDOUT  ] 2019-02-02T12:08:51.419906453Z: [    4.402043] io scheduler noop registered
[STDOUT  ] 2019-02-02T12:08:51.419914595Z: [    4.405614] io scheduler deadline registered (default)
[STDOUT  ] 2019-02-02T12:08:51.419922612Z: [    4.410251] io scheduler cfq registered
[STDOUT  ] 2019-02-02T12:08:51.419930822Z: [    4.413741] io scheduler mq-deadline registered (default)
[STDOUT  ] 2019-02-02T12:08:51.419939117Z: [    4.418582] io scheduler kyber registered
[STDOUT  ] 2019-02-02T12:08:51.419947414Z: [    4.422304] shpchp: Standard Hot Plug PCI Controller Driver version: 0.4
[STDOUT  ] 2019-02-02T12:08:51.419956330Z: [    4.428277] hv_vmbus: registering driver hyperv_fb
[STDOUT  ] 2019-02-02T12:08:51.419964998Z: [    4.432708] input: Power Button as /devices/LNXSYSTM:00/LNXPWRBN:00/input/input0
[STDOUT  ] 2019-02-02T12:08:51.419984580Z: [    4.439335] ACPI: Power Button [PWRF]
[STDOUT  ] 2019-02-02T12:08:51.419992945Z: [    4.443477] PCI Interrupt Link [GSIG] enabled at IRQ 22
[STDOUT  ] 2019-02-02T12:08:51.420001190Z: [    4.454824] PCI Interrupt Link [GSIH] enabled at IRQ 23
[STDOUT  ] 2019-02-02T12:08:51.420009512Z: [    4.466068] Serial: 8250/16550 driver, 4 ports, IRQ sharing disabled
[STDOUT  ] 2019-02-02T12:08:51.420017653Z: [    4.507249] 00:04: ttyS0 at I/O 0x3f8 (irq = 4, base_baud = 115200) is a 16550A
[STDOUT  ] 2019-02-02T12:08:51.420030486Z: [    4.515511] Non-volatile memory driver v1.3
[STDOUT  ] 2019-02-02T12:08:51.420039809Z: [    4.521481] Hangcheck: starting hangcheck timer 0.9.1 (tick is 180 seconds, margin is 60 seconds).
[STDOUT  ] 2019-02-02T12:08:51.420048326Z: [    4.530309] random: fast init done
[STDOUT  ] 2019-02-02T12:08:51.420056392Z: [    4.534890] random: crng init done
[STDOUT  ] 2019-02-02T12:08:51.420064375Z: [    4.539583] brd: module loaded
[STDOUT  ] 2019-02-02T12:08:51.420072589Z: [    4.548771] loop: module loaded
[STDOUT  ] 2019-02-02T12:08:51.420080758Z: [    4.557222] lpc_ich 0000:00:1f.0: I/O space for GPIO uninitialized
[STDOUT  ] 2019-02-02T12:08:51.420088762Z: [    4.563408] VMware PVSCSI driver - version 1.0.7.0-k
[STDOUT  ] 2019-02-02T12:08:51.420096934Z: [    4.568457] hv_vmbus: registering driver hv_storvsc
[STDOUT  ] 2019-02-02T12:08:51.420108400Z: [    4.573920] PCI Interrupt Link [GSIA] enabled at IRQ 16
[STDOUT  ] 2019-02-02T12:08:51.420116995Z: [    4.582714] ahci 0000:00:1f.2: AHCI 0001.0000 32 slots 6 ports 1.5 Gbps 0x3f impl SATA mode
[STDOUT  ] 2019-02-02T12:08:51.420125911Z: [    4.590793] ahci 0000:00:1f.2: flags: 64bit ncq only 
[STDOUT  ] 2019-02-02T12:08:51.420133958Z: [    4.599771] scsi host0: ahci
[STDOUT  ] 2019-02-02T12:08:51.420142023Z: [    4.602833] scsi host1: ahci
[STDOUT  ] 2019-02-02T12:08:51.420150103Z: [    4.605854] scsi host2: ahci
[STDOUT  ] 2019-02-02T12:08:51.420158069Z: [    4.608871] scsi host3: ahci
[STDOUT  ] 2019-02-02T12:08:51.420166050Z: [    4.611835] scsi host4: ahci
[STDOUT  ] 2019-02-02T12:08:51.420174040Z: [    4.614814] scsi host5: ahci
[STDOUT  ] 2019-02-02T12:08:51.420196149Z: [    4.617793] ata1: SATA max UDMA/133 abar m4096@0xfebd2000 port 0xfebd2100 irq 24
[STDOUT  ] 2019-02-02T12:08:51.420213784Z: [    4.624983] ata2: SATA max UDMA/133 abar m4096@0xfebd2000 port 0xfebd2180 irq 24
[STDOUT  ] 2019-02-02T12:08:51.420222471Z: [    4.632219] ata3: SATA max UDMA/133 abar m4096@0xfebd2000 port 0xfebd2200 irq 24
[STDOUT  ] 2019-02-02T12:08:51.420230654Z: [    4.640761] ata4: SATA max UDMA/133 abar m4096@0xfebd2000 port 0xfebd2280 irq 24
[STDOUT  ] 2019-02-02T12:08:51.420238721Z: [    4.647683] ata5: SATA max UDMA/133 abar m4096@0xfebd2000 port 0xfebd2300 irq 24
[STDOUT  ] 2019-02-02T12:08:51.420246868Z: [    4.654831] ata6: SATA max UDMA/133 abar m4096@0xfebd2000 port 0xfebd2380 irq 24
[STDOUT  ] 2019-02-02T12:08:51.420255028Z: [    4.664517] tun: Universal TUN/TAP device driver, 1.6
[STDOUT  ] 2019-02-02T12:08:51.420263246Z: [    4.674686] VMware vmxnet3 virtual NIC driver - version 1.4.16.0-k-NAPI
[STDOUT  ] 2019-02-02T12:08:51.420271688Z: [    4.681152] hv_vmbus: registering driver hv_netvsc
[STDOUT  ] 2019-02-02T12:08:51.420280540Z: [    4.685867] Fusion MPT base driver 3.04.20
[STDOUT  ] 2019-02-02T12:08:51.420288920Z: [    4.689912] Copyright (c) 1999-2008 LSI Corporation
[STDOUT  ] 2019-02-02T12:08:51.420297137Z: [    4.694831] Fusion MPT SPI Host driver 3.04.20
[STDOUT  ] 2019-02-02T12:08:51.420305248Z: [    4.699309] i8042: PNP: PS/2 Controller [PNP0303:KBD,PNP0f13:MOU] at 0x60,0x64 irq 1,12
[STDOUT  ] 2019-02-02T12:08:51.420313647Z: [    4.710990] serio: i8042 KBD port at 0x60,0x64 irq 1
[STDOUT  ] 2019-02-02T12:08:51.420321738Z: [    4.715827] serio: i8042 AUX port at 0x60,0x64 irq 12
[STDOUT  ] 2019-02-02T12:08:51.420330026Z: [    4.720849] hv_vmbus: registering driver hyperv_keyboard
[STDOUT  ] 2019-02-02T12:08:51.420338162Z: [    4.726091] mousedev: PS/2 mouse device common for all mice
[STDOUT  ] 2019-02-02T12:08:51.420348745Z: [    4.732980] input: AT Translated Set 2 keyboard as /devices/platform/i8042/serio0/input/input1
[STDOUT  ] 2019-02-02T12:08:51.420357753Z: [    4.741368] input: PC Speaker as /devices/platform/pcspkr/input/input2
[STDOUT  ] 2019-02-02T12:08:51.420366089Z: [    4.748098] rtc_cmos 00:00: RTC can wake from S4
[STDOUT  ] 2019-02-02T12:08:51.420374233Z: [    4.756275] rtc_cmos 00:00: registered as rtc0
[STDOUT  ] 2019-02-02T12:08:51.420398263Z: [    4.760821] rtc_cmos 00:00: alarms up to one day, y3k, 114 bytes nvram, hpet irqs
[STDOUT  ] 2019-02-02T12:08:51.420410671Z: [    4.768009] i2c /dev entries driver
[STDOUT  ] 2019-02-02T12:08:51.420421541Z: [    4.771847] device-mapper: ioctl: 4.39.0-ioctl (2018-04-03) initialised: dm-devel@redhat.com
[STDOUT  ] 2019-02-02T12:08:51.420432813Z: [    4.780500] usbcore: registered new interface driver usbhid
[STDOUT  ] 2019-02-02T12:08:51.421207526Z: [    4.786019] usbhid: USB HID core driver
[STDOUT  ] 2019-02-02T12:08:51.421218817Z: [    4.789866] hv_utils: Registering HyperV Utility Driver
[STDOUT  ] 2019-02-02T12:08:51.421227726Z: [    4.794991] hv_vmbus: registering driver hv_util
[STDOUT  ] 2019-02-02T12:08:51.421236662Z: [    4.799467] hv_vmbus: registering driver hv_balloon
[STDOUT  ] 2019-02-02T12:08:51.421244929Z: [    4.804180] oprofile: using NMI interrupt.
[STDOUT  ] 2019-02-02T12:08:51.421258579Z: [    4.808236] GACT probability on
[STDOUT  ] 2019-02-02T12:08:51.421267107Z: [    4.811333] Mirror/redirect action on
[STDOUT  ] 2019-02-02T12:08:51.421400498Z: [    4.814947] Simple TC action Loaded
[STDOUT  ] 2019-02-02T12:08:51.421413163Z: [    4.818373] u32 classifier
[STDOUT  ] 2019-02-02T12:08:51.421421672Z: [    4.821176]     Performance counters on
[STDOUT  ] 2019-02-02T12:08:51.421429774Z: [    4.824932]     input device check on
[STDOUT  ] 2019-02-02T12:08:51.421437869Z: [    4.828527]     Actions configured
[STDOUT  ] 2019-02-02T12:08:51.421446129Z: [    4.832252] xt_time: kernel timezone is -0000
[STDOUT  ] 2019-02-02T12:08:51.421454218Z: [    4.836600] IPVS: Registered protocols (TCP, UDP, SCTP, AH, ESP)
[STDOUT  ] 2019-02-02T12:08:51.421462281Z: [    4.842426] IPVS: Connection hash table configured (size=4096, memory=64Kbytes)
[STDOUT  ] 2019-02-02T12:08:51.421471511Z: [    4.849625] IPVS: ipvs loaded.
[STDOUT  ] 2019-02-02T12:08:51.421480528Z: [    4.852712] IPVS: [rr] scheduler registered.
[STDOUT  ] 2019-02-02T12:08:51.421488701Z: [    4.856920] IPVS: [wrr] scheduler registered.
[STDOUT  ] 2019-02-02T12:08:51.421496759Z: [    4.861217] IPVS: [lc] scheduler registered.
[STDOUT  ] 2019-02-02T12:08:51.421504944Z: [    4.865422] IPVS: [wlc] scheduler registered.
[STDOUT  ] 2019-02-02T12:08:51.421513121Z: [    4.870075] IPVS: [fo] scheduler registered.
[STDOUT  ] 2019-02-02T12:08:51.421521188Z: [    4.874268] IPVS: [ovf] scheduler registered.
[STDOUT  ] 2019-02-02T12:08:51.421530244Z: [    4.878851] IPVS: [lblc] scheduler registered.
[STDOUT  ] 2019-02-02T12:08:51.421538421Z: [    4.883223] IPVS: [lblcr] scheduler registered.
[STDOUT  ] 2019-02-02T12:08:51.421546577Z: [    4.888124] IPVS: [dh] scheduler registered.
[STDOUT  ] 2019-02-02T12:08:51.421554750Z: [    4.892356] IPVS: [sh] scheduler registered.
[STDOUT  ] 2019-02-02T12:08:51.421563088Z: [    4.896838] IPVS: [mh] scheduler registered.
[STDOUT  ] 2019-02-02T12:08:51.421574090Z: [    4.901066] IPVS: [sed] scheduler registered.
[STDOUT  ] 2019-02-02T12:08:51.421581908Z: [    4.905617] IPVS: [nq] scheduler registered.
[STDOUT  ] 2019-02-02T12:08:51.421587481Z: [    4.909807] IPVS: ftp: loaded support on port[0] = 21
[STDOUT  ] 2019-02-02T12:08:51.421593044Z: [    4.915109] ipip: IPv4 and MPLS over IPv4 tunneling driver
[STDOUT  ] 2019-02-02T12:08:51.421598586Z: [    4.921025] gre: GRE over IPv4 demultiplexor driver
[STDOUT  ] 2019-02-02T12:08:51.421604104Z: [    4.926267] ipt_CLUSTERIP: ClusterIP Version 0.8 loaded successfully
[STDOUT  ] 2019-02-02T12:08:51.421609733Z: [    4.932776] NET: Registered protocol family 10
[STDOUT  ] 2019-02-02T12:08:51.421615163Z: [    4.938103] Segment Routing with IPv6
[STDOUT  ] 2019-02-02T12:08:51.421620716Z: [    4.942188] NET: Registered protocol family 17
[STDOUT  ] 2019-02-02T12:08:51.421626265Z: [    4.947009] Bridge firewalling registered
[STDOUT  ] 2019-02-02T12:08:51.421631665Z: [    4.951201] 8021q: 802.1Q VLAN Support v1.8
[STDOUT  ] 2019-02-02T12:08:51.421637082Z: [    4.955654] 9pnet: Installing 9P2000 support
[STDOUT  ] 2019-02-02T12:08:51.421644318Z: [    4.959984] Key type dns_resolver registered
[STDOUT  ] 2019-02-02T12:08:51.421652826Z: [    4.964747] registered taskstats version 1
[STDOUT  ] 2019-02-02T12:08:51.421666890Z: [    4.975321] ata4: SATA link down (SStatus 0 SControl 300)
[STDOUT  ] 2019-02-02T12:08:51.421674103Z: [    4.981553] ata1: SATA link down (SStatus 0 SControl 300)
[STDOUT  ] 2019-02-02T12:08:51.421679818Z: [    4.987753] ata3: SATA link up 1.5 Gbps (SStatus 113 SControl 300)
[STDOUT  ] 2019-02-02T12:08:51.421687598Z: [    4.994857] ata2: SATA link down (SStatus 0 SControl 300)
[STDOUT  ] 2019-02-02T12:08:51.421693136Z: [    5.001013] ata6: SATA link down (SStatus 0 SControl 300)
[STDOUT  ] 2019-02-02T12:08:51.421707940Z: [    5.007178] ata5: SATA link down (SStatus 0 SControl 300)
[STDOUT  ] 2019-02-02T12:08:51.421716700Z: [    5.014160] ata3.00: ATAPI: QEMU DVD-ROM, 2.5+, max UDMA/100
[STDOUT  ] 2019-02-02T12:08:51.421725058Z: [    5.019745] ata3.00: applying bridge limits
[STDOUT  ] 2019-02-02T12:08:51.421736907Z: [    5.026674] ata3.00: configured for UDMA/100
[STDOUT  ] 2019-02-02T12:08:51.421745268Z: [    5.032253] scsi 2:0:0:0: CD-ROM            QEMU     QEMU DVD-ROM     2.5+ PQ: 0 ANSI: 5
[STDOUT  ] 2019-02-02T12:08:51.421754079Z: [    5.040108] Key type big_key registered
[STDOUT  ] 2019-02-02T12:08:51.421761988Z: [    5.049699] Key type trusted registered
[STDOUT  ] 2019-02-02T12:08:51.421767462Z: [    5.057799] Key type encrypted registered
[STDOUT  ] 2019-02-02T12:08:51.421772907Z: [    5.061896] ima: No TPM chip found, activating TPM-bypass!
[STDOUT  ] 2019-02-02T12:08:51.421778448Z: [    5.068151] sr 2:0:0:0: [sr0] scsi3-mmc drive: 4x/4x cd/rw xa/form2 tray
[STDOUT  ] 2019-02-02T12:08:51.421786777Z: [    5.074723] cdrom: Uniform CD-ROM driver Revision: 3.20
[STDOUT  ] 2019-02-02T12:08:51.421792293Z: [    5.079982] ima: Allocated hash algorithm: sha256
[STDOUT  ] 2019-02-02T12:08:51.421797782Z: [    5.084738] evm: Initialising EVM extended attributes:
[STDOUT  ] 2019-02-02T12:08:51.421803282Z: [    5.089772] evm: security.ima
[STDOUT  ] 2019-02-02T12:08:51.421811189Z: [    5.092752] evm: security.capability
[STDOUT  ] 2019-02-02T12:08:51.421816569Z: [    5.096287] evm: HMAC attrs: 0x1
[STDOUT  ] 2019-02-02T12:08:51.421823363Z: [    5.100133] sr 2:0:0:0: Attached scsi generic sg0 type 5
[STDOUT  ] 2019-02-02T12:08:51.421831743Z: [    5.106334] rtc_cmos 00:00: setting system clock to 2019-02-02 12:08:40 UTC (1549109320)
[STDOUT  ] 2019-02-02T12:08:51.421843779Z: [    5.114241] Unstable clock detected, switching default tracing clock to "global"
[STDOUT  ] 2019-02-02T12:08:51.421852129Z: [    5.114241] If you want to keep using the local clock, then add:
[STDOUT  ] 2019-02-02T12:08:51.421860654Z: [    5.114241]   "trace_clock=local"
[STDOUT  ] 2019-02-02T12:08:51.421866283Z: [    5.114241] on the kernel command line
[STDOUT  ] 2019-02-02T12:08:51.421871777Z: [    5.138321] Freeing unused kernel image memory: 1588K
[STDOUT  ] 2019-02-02T12:08:51.421877102Z: [    5.144999] Write protecting the kernel read-only data: 18432k
[STDOUT  ] 2019-02-02T12:08:51.421882579Z: [    5.151712] Freeing unused kernel image memory: 2028K
[STDOUT  ] 2019-02-02T12:08:51.421888041Z: [    5.157114] Freeing unused kernel image memory: 1044K
[STDOUT  ] 2019-02-02T12:08:51.421893425Z: [    5.162159] Run /init as init process
[STDOUT  ] 2019-02-02T12:08:51.421898774Z: 
[STDOUT  ] 2019-02-02T12:08:51.421905186Z: Welcome to LinuxKit
[STDOUT  ] 2019-02-02T12:08:51.421911259Z: 
[STDOUT  ] 2019-02-02T12:08:51.421919766Z:                         ##         .
[STDOUT  ] 2019-02-02T12:08:51.421928314Z:                   ## ## ##        ==
[STDOUT  ] 2019-02-02T12:08:51.421936937Z:                ## ## ## ## ##    ===
[STDOUT  ] 2019-02-02T12:08:51.421944946Z:            /"""""""""""""""""\___/ ===
[STDOUT  ] 2019-02-02T12:08:51.421952942Z:           {                       /  ===-
[STDOUT  ] 2019-02-02T12:08:51.421963764Z:            \______ O           __/
[STDOUT  ] 2019-02-02T12:08:51.421971763Z:              \    \         __/
[STDOUT  ] 2019-02-02T12:08:51.421979839Z:               \____\_______/
[STDOUT  ] 2019-02-02T12:08:51.421987999Z: 
[STDOUT  ] 2019-02-02T12:08:51.421996362Z: [    6.478805] 8021q: adding VLAN 0 to HW filter on device eth0
[STDOUT  ] 2019-02-02T12:08:51.422014361Z: eth0: waiting for carrier
[STDOUT  ] 2019-02-02T12:08:51.422022748Z: eth0: carrier acquired
[STDOUT  ] 2019-02-02T12:08:51.422030865Z: DUID 00:04:22:92:9d:cb:6c:fa:4e:67:9b:e0:08:e6:af:1b:60:a0
[STDOUT  ] 2019-02-02T12:08:51.422038827Z: eth0: IAID 35:9e:61:8b
[STDOUT  ] 2019-02-02T12:08:51.422050009Z: eth0: adding address fe80::e848:8174:1fe:f75
[STDOUT  ] 2019-02-02T12:08:51.422058109Z: eth0: soliciting an IPv6 router
[STDOUT  ] 2019-02-02T12:08:51.422066271Z: eth0: soliciting a DHCP lease
[STDOUT  ] 2019-02-02T12:08:51.422074390Z: eth0: offered 10.0.2.15 from 10.0.2.2
[STDOUT  ] 2019-02-02T12:08:51.422082650Z: eth0: leased 10.0.2.15 for 86400 seconds
[STDOUT  ] 2019-02-02T12:08:51.422094791Z: eth0: adding route to 10.0.2.0/24
[STDOUT  ] 2019-02-02T12:08:51.422102944Z: eth0: adding default route via 10.0.2.2
[STDOUT  ] 2019-02-02T12:08:51.422111016Z: exiting due to oneshot
[STDOUT  ] 2019-02-02T12:08:51.422119145Z: dhcpcd exited
[STDOUT  ] 2019-02-02T12:08:51.422127738Z: [    6.571800] IPVS: ftp: loaded support on port[0] = 21
[STDOUT  ] 2019-02-02T12:08:51.422135950Z: [    6.614820] wireguard: loading out-of-tree module taints kernel.
[STDOUT  ] 2019-02-02T12:08:51.422144112Z: [    6.622835] wireguard: WireGuard 0.0.20190123 loaded. See www.wireguard.com for information.
[STDOUT  ] 2019-02-02T12:08:51.422172007Z: [    6.630995] wireguard: Copyright (C) 2015-2019 Jason A. Donenfeld <Jason@zx2c4.com>. All Rights Reserved.
[STDOUT  ] 2019-02-02T12:08:51.422180702Z: Created interface wg0 type wireguard
[STDOUT  ] 2019-02-02T12:08:51.422194747Z: Moved interface wg0 to pid 314
[STDOUT  ] 2019-02-02T12:08:51.422202907Z: [#] wg setconf wg0 /dev/fd/63
[STDOUT  ] 2019-02-02T12:08:51.422210884Z: [#] ip address add 192.168.2.1/24 dev wg0
[STDOUT  ] 2019-02-02T12:08:51.422218901Z: Warning: one or more unrecognized netlink attributes
[STDOUT  ] 2019-02-02T12:08:51.422226857Z: [#] ip link set mtu 65456 dev wg0
[STDOUT  ] 2019-02-02T12:08:51.422235257Z: [#] ip link set wg0 up
[STDOUT  ] 2019-02-02T12:08:51.422243943Z: Warning: one or more unrecognized netlink attributes
[STDOUT  ] 2019-02-02T12:08:51.422251934Z: [#] ip route add 0.0.0.0/0 dev wg0
[STDOUT  ] 2019-02-02T12:08:51.422260235Z: [    6.749102] IPVS: ftp: loaded support on port[0] = 21
[STDOUT  ] 2019-02-02T12:08:51.422268233Z: Created interface wg1 type wireguard
[STDOUT  ] 2019-02-02T12:08:51.422276321Z: Moved interface wg1 to pid 372
[STDOUT  ] 2019-02-02T12:08:51.422284538Z: [#] wg setconf wg1 /dev/fd/63
[STDOUT  ] 2019-02-02T12:08:51.422292685Z: [#] ip address add 192.168.2.2/24 dev wg1
[STDOUT  ] 2019-02-02T12:08:51.422300794Z: Warning: one or more unrecognized netlink attributes
[STDOUT  ] 2019-02-02T12:08:51.422308843Z: [#] ip link set mtu 65456 dev wg1
[STDOUT  ] 2019-02-02T12:08:51.422317223Z: [#] ip link set wg1 up
[STDOUT  ] 2019-02-02T12:08:51.422325740Z: Warning: one or more unrecognized netlink attributes
[STDOUT  ] 2019-02-02T12:08:51.422333780Z: [#] ip route add 0.0.0.0/0 dev wg1
[STDOUT  ] 2019-02-02T12:08:51.422342363Z: [34mINFO[0m[2019-02-02T12:08:41.580102122Z] starting containerd                           [34mrevision[0m=9754871865f7fe2f4e74d43e2fc7ccd237edcbce [34mversion[0m=v1.2.2
[STDOUT  ] 2019-02-02T12:08:51.422351071Z: [34mINFO[0m[2019-02-02T12:08:41.590492962Z] loading plugin "io.containerd.content.v1.content"...  [34mtype[0m=io.containerd.content.v1
[STDOUT  ] 2019-02-02T12:08:51.422362609Z: [34mINFO[0m[2019-02-02T12:08:41.598707705Z] loading plugin "io.containerd.snapshotter.v1.btrfs"...  [34mtype[0m=io.containerd.snapshotter.v1
[STDOUT  ] 2019-02-02T12:08:51.422396767Z: [33mWARN[0m[2019-02-02T12:08:41.607293311Z] failed to load plugin io.containerd.snapshotter.v1.btrfs  [33merror[0m="path /var/lib/containerd/io.containerd.snapshotter.v1.btrfs must be a btrfs filesystem to be used with the btrfs snapshotter"
[STDOUT  ] 2019-02-02T12:08:51.422413318Z: [34mINFO[0m[2019-02-02T12:08:41.620640244Z] loading plugin "io.containerd.snapshotter.v1.aufs"...  [34mtype[0m=io.containerd.snapshotter.v1
[STDOUT  ] 2019-02-02T12:08:51.422425869Z: [33mWARN[0m[2019-02-02T12:08:41.631267849Z] failed to load plugin io.containerd.snapshotter.v1.aufs  [33merror[0m="modprobe aufs failed: "modprobe: module aufs not found in modules.dep
[STDOUT  ] 2019-02-02T12:08:51.422439249Z: ": exit status 1"
[STDOUT  ] 2019-02-02T12:08:51.422447968Z: [34mINFO[0m[2019-02-02T12:08:41.642939135Z] loading plugin "io.containerd.snapshotter.v1.native"...  [34mtype[0m=io.containerd.snapshotter.v1
[STDOUT  ] 2019-02-02T12:08:51.422457116Z: [34mINFO[0m[2019-02-02T12:08:41.651437485Z] loading plugin "io.containerd.snapshotter.v1.overlayfs"...  [34mtype[0m=io.containerd.snapshotter.v1
[STDOUT  ] 2019-02-02T12:08:51.422465621Z: [34mINFO[0m[2019-02-02T12:08:41.660188695Z] loading plugin "io.containerd.snapshotter.v1.zfs"...  [34mtype[0m=io.containerd.snapshotter.v1
[STDOUT  ] 2019-02-02T12:08:51.422478159Z: [33mWARN[0m[2019-02-02T12:08:41.668977497Z] failed to load plugin io.containerd.snapshotter.v1.zfs  [33merror[0m="path /var/lib/containerd/io.containerd.snapshotter.v1.zfs must be a zfs filesystem to be used with the zfs snapshotter"
[STDOUT  ] 2019-02-02T12:08:51.422489795Z: [34mINFO[0m[2019-02-02T12:08:41.682021967Z] loading plugin "io.containerd.metadata.v1.bolt"...  [34mtype[0m=io.containerd.metadata.v1
[STDOUT  ] 2019-02-02T12:08:51.422501383Z: [33mWARN[0m[2019-02-02T12:08:41.689972173Z] could not use snapshotter btrfs in metadata plugin  [33merror[0m="path /var/lib/containerd/io.containerd.snapshotter.v1.btrfs must be a btrfs filesystem to be used with the btrfs snapshotter"
[STDOUT  ] 2019-02-02T12:08:51.422509707Z: [33mWARN[0m[2019-02-02T12:08:41.703192694Z] could not use snapshotter aufs in metadata plugin  [33merror[0m="modprobe aufs failed: "modprobe: module aufs not found in modules.dep
[STDOUT  ] 2019-02-02T12:08:51.422517810Z: ": exit status 1"
[STDOUT  ] 2019-02-02T12:08:51.422526096Z: [33mWARN[0m[2019-02-02T12:08:41.714456280Z] could not use snapshotter zfs in metadata plugin  [33merror[0m="path /var/lib/containerd/io.containerd.snapshotter.v1.zfs must be a zfs filesystem to be used with the zfs snapshotter"
[STDOUT  ] 2019-02-02T12:08:51.422534401Z: [34mINFO[0m[2019-02-02T12:08:41.727612250Z] loading plugin "io.containerd.differ.v1.walking"...  [34mtype[0m=io.containerd.differ.v1
[STDOUT  ] 2019-02-02T12:08:51.422542612Z: [34mINFO[0m[2019-02-02T12:08:41.735492624Z] loading plugin "io.containerd.gc.v1.scheduler"...  [34mtype[0m=io.containerd.gc.v1
[STDOUT  ] 2019-02-02T12:08:51.422551761Z: [34mINFO[0m[2019-02-02T12:08:41.743323253Z] loading plugin "io.containerd.service.v1.containers-service"...  [34mtype[0m=io.containerd.service.v1
[STDOUT  ] 2019-02-02T12:08:51.422561231Z: [34mINFO[0m[2019-02-02T12:08:41.751916513Z] loading plugin "io.containerd.service.v1.content-service"...  [34mtype[0m=io.containerd.service.v1
[STDOUT  ] 2019-02-02T12:08:51.422570020Z: [34mINFO[0m[2019-02-02T12:08:41.760423010Z] loading plugin "io.containerd.service.v1.diff-service"...  [34mtype[0m=io.containerd.service.v1
[STDOUT  ] 2019-02-02T12:08:51.422578307Z: [34mINFO[0m[2019-02-02T12:08:41.768531022Z] loading plugin "io.containerd.service.v1.images-service"...  [34mtype[0m=io.containerd.service.v1
[STDOUT  ] 2019-02-02T12:08:51.422586461Z: [34mINFO[0m[2019-02-02T12:08:41.776953579Z] loading plugin "io.containerd.service.v1.leases-service"...  [34mtype[0m=io.containerd.service.v1
[STDOUT  ] 2019-02-02T12:08:51.422594725Z: [34mINFO[0m[2019-02-02T12:08:41.785377704Z] loading plugin "io.containerd.service.v1.namespaces-service"...  [34mtype[0m=io.containerd.service.v1
[STDOUT  ] 2019-02-02T12:08:51.422602584Z: [34mINFO[0m[2019-02-02T12:08:41.794128247Z] loading plugin "io.containerd.service.v1.snapshots-service"...  [34mtype[0m=io.containerd.service.v1
[STDOUT  ] 2019-02-02T12:08:51.422610635Z: [34mINFO[0m[2019-02-02T12:08:41.802631650Z] loading plugin "io.containerd.runtime.v1.linux"...  [34mtype[0m=io.containerd.runtime.v1
[STDOUT  ] 2019-02-02T12:08:51.422623124Z: [34mINFO[0m[2019-02-02T12:08:41.810624541Z] loading plugin "io.containerd.runtime.v2.task"...  [34mtype[0m=io.containerd.runtime.v2
[STDOUT  ] 2019-02-02T12:08:51.422631281Z: [34mINFO[0m[2019-02-02T12:08:41.818562235Z] loading plugin "io.containerd.monitor.v1.cgroups"...  [34mtype[0m=io.containerd.monitor.v1
[STDOUT  ] 2019-02-02T12:08:51.422639709Z: [34mINFO[0m[2019-02-02T12:08:41.827089395Z] loading plugin "io.containerd.service.v1.tasks-service"...  [34mtype[0m=io.containerd.service.v1
[STDOUT  ] 2019-02-02T12:08:51.422657139Z: [34mINFO[0m[2019-02-02T12:08:41.835416892Z] loading plugin "io.containerd.internal.v1.restart"...  [34mtype[0m=io.containerd.internal.v1
[STDOUT  ] 2019-02-02T12:08:51.422666047Z: [34mINFO[0m[2019-02-02T12:08:41.843776702Z] loading plugin "io.containerd.grpc.v1.containers"...  [34mtype[0m=io.containerd.grpc.v1
[STDOUT  ] 2019-02-02T12:08:51.422677786Z: [34mINFO[0m[2019-02-02T12:08:41.851684932Z] loading plugin "io.containerd.grpc.v1.content"...  [34mtype[0m=io.containerd.grpc.v1
[STDOUT  ] 2019-02-02T12:08:51.422686321Z: [34mINFO[0m[2019-02-02T12:08:41.859562105Z] loading plugin "io.containerd.grpc.v1.diff"...  [34mtype[0m=io.containerd.grpc.v1
[STDOUT  ] 2019-02-02T12:08:51.422694780Z: [34mINFO[0m[2019-02-02T12:08:41.867144086Z] loading plugin "io.containerd.grpc.v1.events"...  [34mtype[0m=io.containerd.grpc.v1
[STDOUT  ] 2019-02-02T12:08:51.422703058Z: [34mINFO[0m[2019-02-02T12:08:41.874896185Z] loading plugin "io.containerd.grpc.v1.healthcheck"...  [34mtype[0m=io.containerd.grpc.v1
[STDOUT  ] 2019-02-02T12:08:51.422711225Z: [34mINFO[0m[2019-02-02T12:08:41.882679329Z] loading plugin "io.containerd.grpc.v1.images"...  [34mtype[0m=io.containerd.grpc.v1
[STDOUT  ] 2019-02-02T12:08:51.422719568Z: [34mINFO[0m[2019-02-02T12:08:41.890380379Z] loading plugin "io.containerd.grpc.v1.leases"...  [34mtype[0m=io.containerd.grpc.v1
[STDOUT  ] 2019-02-02T12:08:51.422728331Z: [34mINFO[0m[2019-02-02T12:08:41.898248987Z] loading plugin "io.containerd.grpc.v1.namespaces"...  [34mtype[0m=io.containerd.grpc.v1
[STDOUT  ] 2019-02-02T12:08:51.422736486Z: [34mINFO[0m[2019-02-02T12:08:41.906179363Z] loading plugin "io.containerd.internal.v1.opt"...  [34mtype[0m=io.containerd.internal.v1
[STDOUT  ] 2019-02-02T12:08:51.422744634Z: [33mWARN[0m[2019-02-02T12:08:41.914154579Z] failed to load plugin io.containerd.internal.v1.opt  [33merror[0m="mkdir /opt: read-only file system"
[STDOUT  ] 2019-02-02T12:08:51.422752762Z: [34mINFO[0m[2019-02-02T12:08:41.922961950Z] loading plugin "io.containerd.grpc.v1.snapshots"...  [34mtype[0m=io.containerd.grpc.v1
[STDOUT  ] 2019-02-02T12:08:51.422761037Z: [34mINFO[0m[2019-02-02T12:08:41.930771280Z] loading plugin "io.containerd.grpc.v1.tasks"...  [34mtype[0m=io.containerd.grpc.v1
[STDOUT  ] 2019-02-02T12:08:51.422769270Z: [34mINFO[0m[2019-02-02T12:08:41.938600057Z] loading plugin "io.containerd.grpc.v1.version"...  [34mtype[0m=io.containerd.grpc.v1
[STDOUT  ] 2019-02-02T12:08:51.422779699Z: [34mINFO[0m[2019-02-02T12:08:41.946606710Z] loading plugin "io.containerd.grpc.v1.introspection"...  [34mtype[0m=io.containerd.grpc.v1
[STDOUT  ] 2019-02-02T12:08:51.422787751Z: [34mINFO[0m[2019-02-02T12:08:41.954962131Z] serving...                                    [34maddress[0m="/run/containerd/debug.sock"
[STDOUT  ] 2019-02-02T12:08:51.422795858Z: [34mINFO[0m[2019-02-02T12:08:41.963039046Z] serving...                                    [34maddress[0m="/run/containerd/containerd.sock"
[STDOUT  ] 2019-02-02T12:08:51.422804193Z: [34mINFO[0m[2019-02-02T12:08:41.971357616Z] containerd successfully booted in 0.391873s  
[STDOUT  ] 2019-02-02T12:08:51.422813372Z: [34mINFO[0m[2019-02-02T12:08:42.060981870Z] shim containerd-shim started                  [34maddress[0m="/containerd-shim/services.linuxkit/nginx/shim.sock" [34mdebug[0m=false [34mpid[0m=425
[STDOUT  ] 2019-02-02T12:08:51.422821868Z: [34mINFO[0m[2019-02-02T12:08:42.208954744Z] shim containerd-shim started                  [34maddress[0m="/containerd-shim/services.linuxkit/test/shim.sock" [34mdebug[0m=false [34mpid[0m=470
[STDOUT  ] 2019-02-02T12:08:51.422835273Z: wireguard test suite PASSED
[STDOUT  ] 2019-02-02T12:08:51.422843495Z: The system is going down NOW!
[STDOUT  ] 2019-02-02T12:08:51.422851579Z: Sent SIGTERM to all processes
[STDOUT  ] 2019-02-02T12:08:51.422859540Z: Sent SIGKILL to all processes
[STDOUT  ] 2019-02-02T12:08:51.422867589Z: Requesting system poweroff
[STDOUT  ] 2019-02-02T12:08:51.422875785Z: [   14.824627] ACPI: Preparing to enter system sleep state S5
[STDOUT  ] 2019-02-02T12:08:51.422884307Z: [   14.830433] reboot: Power down
[STDERR  ] 2019-02-02T12:08:51.422931126Z: [    4.418582] io scheduler kyber registered
[STDERR  ] 2019-02-02T12:08:51.422972931Z: [    4.422304] shpchp: Standard Hot Plug PCI Controller Driver version: 0.4
[STDERR  ] 2019-02-02T12:08:51.422984746Z: [    4.428277] hv_vmbus: registering driver hyperv_fb
[STDERR  ] 2019-02-02T12:08:51.422995364Z: [    4.432708] input: Power Button as /devices/LNXSYSTM:00/LNXPWRBN:00/input/input0
[STDERR  ] 2019-02-02T12:08:51.423010861Z: [    4.439335] ACPI: Power Button [PWRF]
[STDERR  ] 2019-02-02T12:08:51.423021577Z: [    4.443477] PCI Interrupt Link [GSIG] enabled at IRQ 22
[STDERR  ] 2019-02-02T12:08:51.423037852Z: [    4.454824] PCI Interrupt Link [GSIH] enabled at IRQ 23
[STDERR  ] 2019-02-02T12:08:51.423050129Z: [    4.466068] Serial: 8250/16550 driver, 4 ports, IRQ sharing disabled
[STDERR  ] 2019-02-02T12:08:51.423062378Z: [    4.507249] 00:04: ttyS0 at I/O 0x3f8 (irq = 4, base_baud = 115200) is a 16550A
[STDERR  ] 2019-02-02T12:08:51.423074519Z: [    4.515511] Non-volatile memory driver v1.3
[STDERR  ] 2019-02-02T12:08:51.423091990Z: [    4.521481] Hangcheck: starting hangcheck timer 0.9.1 (tick is 180 seconds, margin is 60 seconds).
[STDERR  ] 2019-02-02T12:08:51.423104771Z: [    4.530309] random: fast init done
[STDERR  ] 2019-02-02T12:08:51.423117297Z: [    4.534890] random: crng init done
[STDERR  ] 2019-02-02T12:08:51.423129169Z: [    4.539583] brd: module loaded
[STDERR  ] 2019-02-02T12:08:51.423141146Z: [    4.548771] loop: module loaded
[STDERR  ] 2019-02-02T12:08:51.423156418Z: [    4.557222] lpc_ich 0000:00:1f.0: I/O space for GPIO uninitialized
[STDERR  ] 2019-02-02T12:08:51.423172407Z: [    4.563408] VMware PVSCSI driver - version 1.0.7.0-k
[STDERR  ] 2019-02-02T12:08:51.423184446Z: [    4.568457] hv_vmbus: registering driver hv_storvsc
[STDERR  ] 2019-02-02T12:08:51.423199242Z: [    4.573920] PCI Interrupt Link [GSIA] enabled at IRQ 16
[STDERR  ] 2019-02-02T12:08:51.423211570Z: [    4.582714] ahci 0000:00:1f.2: AHCI 0001.0000 32 slots 6 ports 1.5 Gbps 0x3f impl SATA mode
[STDERR  ] 2019-02-02T12:08:51.423224833Z: [    4.590793] ahci 0000:00:1f.2: flags: 64bit ncq only 
[STDERR  ] 2019-02-02T12:08:51.423246003Z: [    4.599771] scsi host0: ahci
[STDERR  ] 2019-02-02T12:08:51.423258394Z: [    4.602833] scsi host1: ahci
[STDERR  ] 2019-02-02T12:08:51.423269859Z: [    4.605854] scsi host2: ahci
[STDERR  ] 2019-02-02T12:08:51.423281932Z: [    4.608871] scsi host3: ahci
[STDERR  ] 2019-02-02T12:08:51.423293970Z: [    4.611835] scsi host4: ahci
[STDERR  ] 2019-02-02T12:08:51.423306605Z: [    4.614814] scsi host5: ahci
[STDERR  ] 2019-02-02T12:08:51.423318452Z: [    4.617793] ata1: SATA max UDMA/133 abar m4096@0xfebd2000 port 0xfebd2100 irq 24
[STDERR  ] 2019-02-02T12:08:51.423330832Z: [    4.624983] ata2: SATA max UDMA/133 abar m4096@0xfebd2000 port 0xfebd2180 irq 24
[STDERR  ] 2019-02-02T12:08:51.423346899Z: [    4.632219] ata3: SATA max UDMA/133 abar m4096@0xfebd2000 port 0xfebd2200 irq 24
[STDERR  ] 2019-02-02T12:08:51.423358592Z: [    4.640761] ata4: SATA max UDMA/133 abar m4096@0xfebd2000 port 0xfebd2280 irq 24
[STDERR  ] 2019-02-02T12:08:51.423374683Z: [    4.647683] ata5: SATA max UDMA/133 abar m4096@0xfebd2000 port 0xfebd2300 irq 24
[STDERR  ] 2019-02-02T12:08:51.423400827Z: [    4.654831] ata6: SATA max UDMA/133 abar m4096@0xfebd2000 port 0xfebd2380 irq 24
[STDERR  ] 2019-02-02T12:08:51.423412828Z: [    4.664517] tun: Universal TUN/TAP device driver, 1.6
[STDERR  ] 2019-02-02T12:08:51.423431582Z: [    4.674686] VMware vmxnet3 virtual NIC driver - version 1.4.16.0-k-NAPI
[STDERR  ] 2019-02-02T12:08:51.423443595Z: [    4.681152] hv_vmbus: registering driver hv_netvsc
[STDERR  ] 2019-02-02T12:08:51.423455785Z: [    4.685867] Fusion MPT base driver 3.04.20
[STDERR  ] 2019-02-02T12:08:51.423471043Z: [    4.689912] Copyright (c) 1999-2008 LSI Corporation
[STDERR  ] 2019-02-02T12:08:51.423486943Z: [    4.694831] Fusion MPT SPI Host driver 3.04.20
[STDERR  ] 2019-02-02T12:08:51.423501801Z: [    4.699309] i8042: PNP: PS/2 Controller [PNP0303:KBD,PNP0f13:MOU] at 0x60,0x64 irq 1,12
[STDERR  ] 2019-02-02T12:08:51.423513822Z: [    4.710990] serio: i8042 KBD port at 0x60,0x64 irq 1
[STDERR  ] 2019-02-02T12:08:51.423529102Z: [    4.715827] serio: i8042 AUX port at 0x60,0x64 irq 12
[STDERR  ] 2019-02-02T12:08:51.423541763Z: [    4.720849] hv_vmbus: registering driver hyperv_keyboard
[STDERR  ] 2019-02-02T12:08:51.423557327Z: [    4.726091] mousedev: PS/2 mouse device common for all mice
[STDERR  ] 2019-02-02T12:08:51.423575315Z: [    4.732980] input: AT Translated Set 2 keyboard as /devices/platform/i8042/serio0/input/input1
[STDERR  ] 2019-02-02T12:08:51.423591597Z: [    4.741368] input: PC Speaker as /devices/platform/pcspkr/input/input2
[STDERR  ] 2019-02-02T12:08:51.423603646Z: [    4.748098] rtc_cmos 00:00: RTC can wake from S4
[STDERR  ] 2019-02-02T12:08:51.423615947Z: [    4.756275] rtc_cmos 00:00: registered as rtc0
[STDERR  ] 2019-02-02T12:08:51.423632016Z: [    4.760821] rtc_cmos 00:00: alarms up to one day, y3k, 114 bytes nvram, hpet irqs
[STDERR  ] 2019-02-02T12:08:51.423648185Z: [    4.768009] i2c /dev entries driver
[STDERR  ] 2019-02-02T12:08:51.423664121Z: [    4.771847] device-mapper: ioctl: 4.39.0-ioctl (2018-04-03) initialised: dm-devel@redhat.com
[STDERR  ] 2019-02-02T12:08:51.423676201Z: [    4.780500] usbcore: registered new interface driver usbhid
[STDERR  ] 2019-02-02T12:08:51.423694709Z: [    4.786019] usbhid: USB HID core driver
[STDERR  ] 2019-02-02T12:08:51.423706782Z: [    4.789866] hv_utils: Registering HyperV Utility Driver
[STDERR  ] 2019-02-02T12:08:51.423719226Z: [    4.794991] hv_vmbus: registering driver hv_util
[STDERR  ] 2019-02-02T12:08:51.423731259Z: [    4.799467] hv_vmbus: registering driver hv_balloon
[STDERR  ] 2019-02-02T12:08:51.423756496Z: [    4.804180] oprofile: using NMI interrupt.
[STDERR  ] 2019-02-02T12:08:51.423768248Z: [    4.808236] GACT probability on
[STDERR  ] 2019-02-02T12:08:51.423780155Z: [    4.811333] Mirror/redirect action on
[STDERR  ] 2019-02-02T12:08:51.423791776Z: [    4.814947] Simple TC action Loaded
[STDERR  ] 2019-02-02T12:08:51.423807487Z: [    4.818373] u32 classifier
[STDERR  ] 2019-02-02T12:08:51.423819578Z: [    4.821176]     Performance counters on
[STDERR  ] 2019-02-02T12:08:51.423831675Z: [    4.824932]     input device check on
[STDERR  ] 2019-02-02T12:08:51.423842848Z: [    4.828527]     Actions configured
[STDERR  ] 2019-02-02T12:08:51.423854648Z: [    4.832252] xt_time: kernel timezone is -0000
[STDERR  ] 2019-02-02T12:08:51.423869198Z: [    4.836600] IPVS: Registered protocols (TCP, UDP, SCTP, AH, ESP)
[STDERR  ] 2019-02-02T12:08:51.423881272Z: [    4.842426] IPVS: Connection hash table configured (size=4096, memory=64Kbytes)
[STDERR  ] 2019-02-02T12:08:51.423893362Z: [    4.849625] IPVS: ipvs loaded.
[STDERR  ] 2019-02-02T12:08:51.423905182Z: [    4.852712] IPVS: [rr] scheduler registered.
[STDERR  ] 2019-02-02T12:08:51.423938087Z: [    4.856920] IPVS: [wrr] scheduler registered.
[STDERR  ] 2019-02-02T12:08:51.423953775Z: [    4.861217] IPVS: [lc] scheduler registered.
[STDERR  ] 2019-02-02T12:08:51.423965201Z: [    4.865422] IPVS: [wlc] scheduler registered.
[STDERR  ] 2019-02-02T12:08:51.423976691Z: [    4.870075] IPVS: [fo] scheduler registered.
[STDERR  ] 2019-02-02T12:08:51.423993964Z: [    4.874268] IPVS: [ovf] scheduler registered.
[STDERR  ] 2019-02-02T12:08:51.424025731Z: [    4.878851] IPVS: [lblc] scheduler registered.
[STDERR  ] 2019-02-02T12:08:51.424046186Z: [    4.883223] IPVS: [lblcr] scheduler registered.
[STDERR  ] 2019-02-02T12:08:51.424058513Z: [    4.888124] IPVS: [dh] scheduler registered.
[STDERR  ] 2019-02-02T12:08:51.424070904Z: [    4.892356] IPVS: [sh] scheduler registered.
[STDERR  ] 2019-02-02T12:08:51.424082574Z: [    4.896838] IPVS: [mh] scheduler registered.
[STDERR  ] 2019-02-02T12:08:51.424114543Z: [    4.901066] IPVS: [sed] scheduler registered.
[STDERR  ] 2019-02-02T12:08:51.424130416Z: [    4.905617] IPVS: [nq] scheduler registered.
[STDERR  ] 2019-02-02T12:08:51.424142414Z: [    4.909807] IPVS: ftp: loaded support on port[0] = 21
[STDERR  ] 2019-02-02T12:08:51.424154236Z: [    4.915109] ipip: IPv4 and MPLS over IPv4 tunneling driver
[STDERR  ] 2019-02-02T12:08:51.424166229Z: [    4.921025] gre: GRE over IPv4 demultiplexor driver
[STDERR  ] 2019-02-02T12:08:51.424203185Z: [    4.926267] ipt_CLUSTERIP: ClusterIP Version 0.8 loaded successfully
[STDERR  ] 2019-02-02T12:08:51.424216244Z: [    4.932776] NET: Registered protocol family 10
[STDERR  ] 2019-02-02T12:08:51.424231233Z: [    4.938103] Segment Routing with IPv6
[STDERR  ] 2019-02-02T12:08:51.424243391Z: [    4.942188] NET: Registered protocol family 17
[STDERR  ] 2019-02-02T12:08:51.424274222Z: [    4.947009] Bridge firewalling registered
[STDERR  ] 2019-02-02T12:08:51.424286302Z: [    4.951201] 8021q: 802.1Q VLAN Support v1.8
[STDERR  ] 2019-02-02T12:08:51.424298229Z: [    4.955654] 9pnet: Installing 9P2000 support
[STDERR  ] 2019-02-02T12:08:51.424310172Z: [    4.959984] Key type dns_resolver registered
[STDERR  ] 2019-02-02T12:08:51.424322147Z: [    4.964747] registered taskstats version 1
[STDERR  ] 2019-02-02T12:08:51.424349501Z: [    4.975321] ata4: SATA link down (SStatus 0 SControl 300)
[STDERR  ] 2019-02-02T12:08:51.424365202Z: [    4.981553] ata1: SATA link down (SStatus 0 SControl 300)
[STDERR  ] 2019-02-02T12:08:51.424377285Z: [    4.987753] ata3: SATA link up 1.5 Gbps (SStatus 113 SControl 300)
[STDERR  ] 2019-02-02T12:08:51.424401859Z: [    4.994857] ata2: SATA link down (SStatus 0 SControl 300)
[STDERR  ] 2019-02-02T12:08:51.424428765Z: [    5.001013] ata6: SATA link down (SStatus 0 SControl 300)
[STDERR  ] 2019-02-02T12:08:51.424444674Z: [    5.007178] ata5: SATA link down (SStatus 0 SControl 300)
[STDERR  ] 2019-02-02T12:08:51.424456533Z: [    5.014160] ata3.00: ATAPI: QEMU DVD-ROM, 2.5+, max UDMA/100
[STDERR  ] 2019-02-02T12:08:51.424468665Z: [    5.019745] ata3.00: applying bridge limits
[STDERR  ] 2019-02-02T12:08:51.424480675Z: [    5.026674] ata3.00: configured for UDMA/100
[STDERR  ] 2019-02-02T12:08:51.424492791Z: [    5.032253] scsi 2:0:0:0: CD-ROM            QEMU     QEMU DVD-ROM     2.5+ PQ: 0 ANSI: 5
[STDERR  ] 2019-02-02T12:08:51.424521666Z: [    5.040108] Key type big_key registered
[STDERR  ] 2019-02-02T12:08:51.424533653Z: [    5.049699] Key type trusted registered
[STDERR  ] 2019-02-02T12:08:51.424545834Z: [    5.057799] Key type encrypted registered
[STDERR  ] 2019-02-02T12:08:51.424558058Z: [    5.061896] ima: No TPM chip found, activating TPM-bypass!
[STDERR  ] 2019-02-02T12:08:51.424570074Z: [    5.068151] sr 2:0:0:0: [sr0] scsi3-mmc drive: 4x/4x cd/rw xa/form2 tray
[STDERR  ] 2019-02-02T12:08:51.424600412Z: [    5.074723] cdrom: Uniform CD-ROM driver Revision: 3.20
[STDERR  ] 2019-02-02T12:08:51.424612238Z: [    5.079982] ima: Allocated hash algorithm: sha256
[STDERR  ] 2019-02-02T12:08:51.424624277Z: [    5.084738] evm: Initialising EVM extended attributes:
[STDERR  ] 2019-02-02T12:08:51.424639138Z: [    5.089772] evm: security.ima
[STDERR  ] 2019-02-02T12:08:51.424651149Z: [    5.092752] evm: security.capability
[STDERR  ] 2019-02-02T12:08:51.424687786Z: [    5.096287] evm: HMAC attrs: 0x1
[STDERR  ] 2019-02-02T12:08:51.424701667Z: [    5.100133] sr 2:0:0:0: Attached scsi generic sg0 type 5
[STDERR  ] 2019-02-02T12:08:51.424713511Z: [    5.106334] rtc_cmos 00:00: setting system clock to 2019-02-02 12:08:40 UTC (1549109320)
[STDERR  ] 2019-02-02T12:08:51.424729239Z: [    5.114241] Unstable clock detected, switching default tracing clock to "global"
[STDERR  ] 2019-02-02T12:08:51.424765803Z: [    5.114241] If you want to keep using the local clock, then add:
[STDERR  ] 2019-02-02T12:08:51.424778168Z: [    5.114241]   "trace_clock=local"
[STDERR  ] 2019-02-02T12:08:51.424790373Z: [    5.114241] on the kernel command line
[STDERR  ] 2019-02-02T12:08:51.424802736Z: [    5.138321] Freeing unused kernel image memory: 1588K
[STDERR  ] 2019-02-02T12:08:51.424814689Z: [    5.144999] Write protecting the kernel read-only data: 18432k
[STDERR  ] 2019-02-02T12:08:51.424842307Z: [    5.151712] Freeing unused kernel image memory: 2028K
[STDERR  ] 2019-02-02T12:08:51.424854516Z: [    5.157114] Freeing unused kernel image memory: 1044K
[STDERR  ] 2019-02-02T12:08:51.424865926Z: [    5.162159] Run /init as init process
[STDERR  ] 2019-02-02T12:08:51.424884805Z: 
[STDERR  ] 2019-02-02T12:08:51.424897405Z: Welcome to LinuxKit
[STDERR  ] 2019-02-02T12:08:51.424909975Z: 
[STDERR  ] 2019-02-02T12:08:51.424932983Z:                         ##         .
[STDERR  ] 2019-02-02T12:08:51.424944952Z:                   ## ## ##        ==
[STDERR  ] 2019-02-02T12:08:51.424956696Z:                ## ## ## ## ##    ===
[STDERR  ] 2019-02-02T12:08:51.424970648Z:            /"""""""""""""""""\___/ ===
[STDERR  ] 2019-02-02T12:08:51.424985565Z:           {                       /  ===-
[STDERR  ] 2019-02-02T12:08:51.424997780Z:            \______ O           __/
[STDERR  ] 2019-02-02T12:08:51.425010010Z:              \    \         __/
[STDERR  ] 2019-02-02T12:08:51.425022092Z:               \____\_______/
[STDERR  ] 2019-02-02T12:08:51.425033798Z: 
[STDERR  ] 2019-02-02T12:08:51.425046678Z: [    6.478805] 8021q: adding VLAN 0 to HW filter on device eth0
[STDERR  ] 2019-02-02T12:08:51.425058862Z: eth0: waiting for carrier
[STDERR  ] 2019-02-02T12:08:51.425070880Z: eth0: carrier acquired
[STDERR  ] 2019-02-02T12:08:51.425082540Z: DUID 00:04:22:92:9d:cb:6c:fa:4e:67:9b:e0:08:e6:af:1b:60:a0
[STDERR  ] 2019-02-02T12:08:51.425094595Z: eth0: IAID 35:9e:61:8b
[STDERR  ] 2019-02-02T12:08:51.425105773Z: eth0: adding address fe80::e848:8174:1fe:f75
[STDERR  ] 2019-02-02T12:08:51.425117956Z: eth0: soliciting an IPv6 router
[STDERR  ] 2019-02-02T12:08:51.425130020Z: eth0: soliciting a DHCP lease
[STDERR  ] 2019-02-02T12:08:51.425141890Z: eth0: offered 10.0.2.15 from 10.0.2.2
[STDERR  ] 2019-02-02T12:08:51.425153784Z: eth0: leased 10.0.2.15 for 86400 seconds
[STDERR  ] 2019-02-02T12:08:51.425165663Z: eth0: adding route to 10.0.2.0/24
[STDERR  ] 2019-02-02T12:08:51.425177469Z: eth0: adding default route via 10.0.2.2
[STDERR  ] 2019-02-02T12:08:51.425189511Z: exiting due to oneshot
[STDERR  ] 2019-02-02T12:08:51.425201591Z: dhcpcd exited
[STDERR  ] 2019-02-02T12:08:51.425214255Z: [    6.571800] IPVS: ftp: loaded support on port[0] = 21
[STDERR  ] 2019-02-02T12:08:51.425226204Z: [    6.614820] wireguard: loading out-of-tree module taints kernel.
[STDERR  ] 2019-02-02T12:08:51.425252013Z: [    6.622835] wireguard: WireGuard 0.0.20190123 loaded. See www.wireguard.com for information.
[STDERR  ] 2019-02-02T12:08:51.425264411Z: [    6.630995] wireguard: Copyright (C) 2015-2019 Jason A. Donenfeld <Jason@zx2c4.com>. All Rights Reserved.
[STDERR  ] 2019-02-02T12:08:51.425276184Z: Created interface wg0 type wireguard
[STDERR  ] 2019-02-02T12:08:51.425288284Z: Moved interface wg0 to pid 314
[STDERR  ] 2019-02-02T12:08:51.425300564Z: [#] wg setconf wg0 /dev/fd/63
[STDERR  ] 2019-02-02T12:08:51.425312420Z: [#] ip address add 192.168.2.1/24 dev wg0
[STDERR  ] 2019-02-02T12:08:51.425324362Z: Warning: one or more unrecognized netlink attributes
[STDERR  ] 2019-02-02T12:08:51.425336445Z: [#] ip link set mtu 65456 dev wg0
[STDERR  ] 2019-02-02T12:08:51.425348500Z: [#] ip link set wg0 up
[STDERR  ] 2019-02-02T12:08:51.425360509Z: Warning: one or more unrecognized netlink attributes
[STDERR  ] 2019-02-02T12:08:51.425371863Z: [#] ip route add 0.0.0.0/0 dev wg0
[STDERR  ] 2019-02-02T12:08:51.425397431Z: [    6.749102] IPVS: ftp: loaded support on port[0] = 21
[STDERR  ] 2019-02-02T12:08:51.425409455Z: Created interface wg1 type wireguard
[STDERR  ] 2019-02-02T12:08:51.425432455Z: Moved interface wg1 to pid 372
[STDERR  ] 2019-02-02T12:08:51.425448507Z: [#] wg setconf wg1 /dev/fd/63
[STDERR  ] 2019-02-02T12:08:51.425459882Z: [#] ip address add 192.168.2.2/24 dev wg1
[STDERR  ] 2019-02-02T12:08:51.425471641Z: Warning: one or more unrecognized netlink attributes
[STDERR  ] 2019-02-02T12:08:51.425483132Z: [#] ip link set mtu 65456 dev wg1
[STDERR  ] 2019-02-02T12:08:51.425494491Z: [#] ip link set wg1 up
[STDERR  ] 2019-02-02T12:08:51.425506203Z: Warning: one or more unrecognized netlink attributes
[STDERR  ] 2019-02-02T12:08:51.425520374Z: [#] ip route add 0.0.0.0/0 dev wg1
[STDERR  ] 2019-02-02T12:08:51.425532667Z: [34mINFO[0m[2019-02-02T12:08:41.580102122Z] starting containerd                           [34mrevision[0m=9754871865f7fe2f4e74d43e2fc7ccd237edcbce [34mversion[0m=v1.2.2
[STDERR  ] 2019-02-02T12:08:51.425550818Z: [34mINFO[0m[2019-02-02T12:08:41.590492962Z] loading plugin "io.containerd.content.v1.content"...  [34mtype[0m=io.containerd.content.v1
[STDERR  ] 2019-02-02T12:08:51.425566803Z: [34mINFO[0m[2019-02-02T12:08:41.598707705Z] loading plugin "io.containerd.snapshotter.v1.btrfs"...  [34mtype[0m=io.containerd.snapshotter.v1
[STDERR  ] 2019-02-02T12:08:51.425579631Z: [33mWARN[0m[2019-02-02T12:08:41.607293311Z] failed to load plugin io.containerd.snapshotter.v1.btrfs  [33merror[0m="path /var/lib/containerd/io.containerd.snapshotter.v1.btrfs must be a btrfs filesystem to be used with the btrfs snapshotter"
[STDERR  ] 2019-02-02T12:08:51.425592866Z: [34mINFO[0m[2019-02-02T12:08:41.620640244Z] loading plugin "io.containerd.snapshotter.v1.aufs"...  [34mtype[0m=io.containerd.snapshotter.v1
[STDERR  ] 2019-02-02T12:08:51.425605576Z: [33mWARN[0m[2019-02-02T12:08:41.631267849Z] failed to load plugin io.containerd.snapshotter.v1.aufs  [33merror[0m="modprobe aufs failed: "modprobe: module aufs not found in modules.dep\n": exit status 1"
[STDERR  ] 2019-02-02T12:08:51.425618570Z: [34mINFO[0m[2019-02-02T12:08:41.642939135Z] loading plugin "io.containerd.snapshotter.v1.native"...  [34mtype[0m=io.containerd.snapshotter.v1
[STDERR  ] 2019-02-02T12:08:51.425630877Z: [34mINFO[0m[2019-02-02T12:08:41.651437485Z] loading plugin "io.containerd.snapshotter.v1.overlayfs"...  [34mtype[0m=io.containerd.snapshotter.v1
