[INFO    ] 2019-06-06T13:36:48.216518243Z: Running Test linuxkit.kernel.config_4.19.x in /tmp/build/test/cases/020_kernel/005_config_4.19.x
[STDERR  ] 2019-06-06T13:36:48.216617359Z: [    0.000000] Initmem setup node 0 [mem 0x0000000000001000-0x000000003ffdefff]
[STDERR  ] 2019-06-06T13:36:48.216642879Z: [    0.000000] ACPI: PM-Timer IO Port: 0x608
[STDERR  ] 2019-06-06T13:36:48.216658630Z: [    0.000000] ACPI: LAPIC_NMI (acpi_id[0xff] dfl dfl lint[0x1])
[STDERR  ] 2019-06-06T13:36:48.216675522Z: [    0.000000] IOAPIC[0]: apic_id 0, version 17, address 0xfec00000, GSI 0-23
[STDERR  ] 2019-06-06T13:36:48.216689258Z: [    0.000000] ACPI: INT_SRC_OVR (bus 0 bus_irq 0 global_irq 2 dfl dfl)
[INFO    ] 2019-06-06T13:36:48.216697339Z: Running command: [/bin/sh -x /tmp/build/test/cases/020_kernel/005_config_4.19.x/test.sh]
[STDERR  ] 2019-06-06T13:36:48.216703453Z: [    0.000000] ACPI: INT_SRC_OVR (bus 0 bus_irq 5 global_irq 5 high level)
[STDERR  ] 2019-06-06T13:36:48.216716110Z: [    0.000000] ACPI: INT_SRC_OVR (bus 0 bus_irq 9 global_irq 9 high level)
[STDERR  ] 2019-06-06T13:36:48.216737713Z: [    0.000000] ACPI: INT_SRC_OVR (bus 0 bus_irq 10 global_irq 10 high level)
[STDERR  ] 2019-06-06T13:36:48.216750526Z: [    0.000000] ACPI: INT_SRC_OVR (bus 0 bus_irq 11 global_irq 11 high level)
[STDERR  ] 2019-06-06T13:36:48.216763945Z: [    0.000000] Using ACPI (MADT) for SMP configuration information
[STDERR  ] 2019-06-06T13:36:48.216792544Z: [    0.000000] ACPI: HPET id: 0x8086a201 base: 0xfed00000
[STDERR  ] 2019-06-06T13:36:48.216805803Z: [    0.000000] smpboot: Allowing 1 CPUs, 0 hotplug CPUs
[STDERR  ] 2019-06-06T13:36:48.216819310Z: [    0.000000] e820: [mem 0x40000000-0xafffffff] available for PCI devices
[STDERR  ] 2019-06-06T13:36:48.216864870Z: [    0.000000] Booting paravirtualized kernel on KVM
[STDERR  ] 2019-06-06T13:36:48.216891353Z: [    0.000000] clocksource: refined-jiffies: mask: 0xffffffff max_cycles: 0xffffffff, max_idle_ns: 1910969940391419 ns
[STDERR  ] 2019-06-06T13:36:48.216906196Z: [    0.000000] random: get_random_bytes called from start_kernel+0x91/0x4b2 with crng_init=0
[STDERR  ] 2019-06-06T13:36:48.216925645Z: [    0.000000] setup_percpu: NR_CPUS:128 nr_cpumask_bits:128 nr_cpu_ids:1 nr_node_ids:1
[STDERR  ] 2019-06-06T13:36:48.216938261Z: [    0.000000] percpu: Embedded 45 pages/cpu s144216 r8192 d31912 u2097152
[STDERR  ] 2019-06-06T13:36:48.216952730Z: [    0
[STDERR  ] 2019-06-06T13:36:48.234524733Z: + set -e
[STDERR  ] 2019-06-06T13:36:48.234639150Z: + . /tmp/build/test/cases/_lib/lib.sh
[STDERR  ] 2019-06-06T13:36:48.234658599Z: + [ -f src/github.com/linuxkit/rtf/lib/lib.sh ]
[STDERR  ] 2019-06-06T13:36:48.234672687Z: + LINUXKIT_TMPDIR=/tmp/build/test/cases/_tmp
[STDERR  ] 2019-06-06T13:36:48.234686047Z: + [ -f /tmp/build/test/cases/_tmp/env.sh ]
[STDERR  ] 2019-06-06T13:36:48.234698908Z: + . /tmp/build/test/cases/_tmp/env.sh
[STDERR  ] 2019-06-06T13:36:48.234712899Z: + export LINUXKIT_EXAMPLES_DIR=/tmp/build/test/cases/../../examples
[STDERR  ] 2019-06-06T13:36:48.234744947Z: + RT_CANCEL=253
[STDERR  ] 2019-06-06T13:36:48.234760756Z: + NAME=kconfig
[STDERR  ] 2019-06-06T13:36:48.234776124Z: + trap clean_up EXIT
[STDERR  ] 2019-06-06T13:36:48.234791803Z: + linuxkit build -format kernel+initrd -name kconfig test.yml
[STDERR  ] 2019-06-06T13:36:48.272284957Z: Extract kernel image: linuxkit/kernel:4.19.47
[STDERR  ] 2019-06-06T13:36:50.119850158Z: Add init containers:
[STDERR  ] 2019-06-06T13:36:50.119920285Z: Process init image: linuxkit/init:v0.7
[STDERR  ] 2019-06-06T13:36:51.304445356Z: Process init image: linuxkit/runc:c1f0db27e71d948f3134b31ce76276f843849b0a
[STDERR  ] 2019-06-06T13:36:52.432927842Z: Add onboot containers:
[STDERR  ] 2019-06-06T13:36:52.433007466Z:   Create OCI config for linuxkit/test-kernel-config:0e9308f871ac86c680d64836a050547a2feebb36
[STDERR  ] 2019-06-06T13:36:53.818877317Z:   Create OCI config for linuxkit/poweroff:b498d30dd9660090565537fceb9e757618737a85
[STDERR  ] 2019-06-06T13:36:54.977452121Z: Create outputs:
[STDERR  ] 2019-06-06T13:37:00.985464042Z:   kconfig-kernel kconfig-initrd.img kconfig-cmdline
[STDERR  ] 2019-06-06T13:37:01.049024385Z: + linuxkit run kconfig
[STDERR  ] 2019-06-06T13:37:10.465645467Z: + RESULT=[    0.000000] Linux version 4.19.47-linuxkit (root@5990f4b80ed1) (gcc version 8.3.0 (Alpine 8.3.0)) #1 SMP Sat Jun 1 16:59:48 UTC 2019
[STDERR  ] 2019-06-06T13:37:10.465749539Z: [    0.000000] Command line: console=ttyS0 console=ttyAMA0
[STDERR  ] 2019-06-06T13:37:10.465768724Z: [    0.000000] x86/fpu: x87 FPU will use FXSAVE
[STDERR  ] 2019-06-06T13:37:10.465782885Z: [    0.000000] BIOS-provided physical RAM map:
[STDERR  ] 2019-06-06T13:37:10.465795751Z: [    0.000000] BIOS-e820: [mem 0x0000000000000000-0x000000000009fbff] usable
[STDERR  ] 2019-06-06T13:37:10.465809659Z: [    0.000000] BIOS-e820: [mem 0x000000000009fc00-0x000000000009ffff] reserved
[STDERR  ] 2019-06-06T13:37:10.465823434Z: [    0.000000] BIOS-e820: [mem 0x00000000000f0000-0x00000000000fffff] reserved
[STDERR  ] 2019-06-06T13:37:10.465835828Z: [    0.000000] BIOS-e820: [mem 0x0000000000100000-0x000000003ffdefff] usable
[STDERR  ] 2019-06-06T13:37:10.465848616Z: [    0.000000] BIOS-e820: [mem 0x000000003ffdf000-0x000000003fffffff] reserved
[STDERR  ] 2019-06-06T13:37:10.465860688Z: [    0.000000] BIOS-e820: [mem 0x00000000b0000000-0x00000000bfffffff] reserved
[STDERR  ] 2019-06-06T13:37:10.465873258Z: [    0.000000] BIOS-e820: [mem 0x00000000fed1c000-0x00000000fed1ffff] reserved
[STDERR  ] 2019-06-06T13:37:10.465887842Z: [    0.000000] BIOS-e820: [mem 0x00000000feffc000-0x00000000feffffff] reserved
[STDERR  ] 2019-06-06T13:37:10.465902000Z: [    0.000000] BIOS-e820: [mem 0x00000000fffc0000-0x00000000ffffffff] reserved
[STDERR  ] 2019-06-06T13:37:10.465916197Z: [    0.000000] NX (Execute Disable) protection: active
[STDERR  ] 2019-06-06T13:37:10.465931129Z: [    0.000000] SMBIOS 2.8 present.
[STDERR  ] 2019-06-06T13:37:10.465945925Z: [    0.000000] DMI: QEMU Standard PC (Q35 + ICH9, 2009), BIOS 1.10.2-1 04/01/2014
[STDERR  ] 2019-06-06T13:37:10.465957804Z: [    0.000000] Hypervisor detected: KVM
[STDERR  ] 2019-06-06T13:37:10.465973684Z: [    0.000000] kvm-clock: Using msrs 4b564d01 and 4b564d00
[STDERR  ] 2019-06-06T13:37:10.465987771Z: [    0.558437] kvm-clock: cpu 0, msr 1e81e001, primary cpu clock
[STDERR  ] 2019-06-06T13:37:10.466002008Z: [    0.558437] clocksource: kvm-clock: mask: 0xffffffffffffffff max_cycles: 0x1cd42e4dffb, max_idle_ns: 881590591483 ns
[STDERR  ] 2019-06-06T13:37:10.466019829Z: [    0.558450] tsc: Detected 2299.794 MHz processor
[STDERR  ] 2019-06-06T13:37:10.466033358Z: [    0.561664] last_pfn = 0x3ffdf max_arch_pfn = 0x400000000
[STDERR  ] 2019-06-06T13:37:10.466046644Z: [    0.562293] x86/PAT: PAT not supported by CPU.
[STDERR  ] 2019-06-06T13:37:10.466069474Z: [    0.562351] x86/PAT: Configuration [0-7]: WB  WT  UC- UC  WB  WT  UC- UC  
[STDERR  ] 2019-06-06T13:37:10.466083638Z: [    0.572940] found SMP MP-table at [mem 0x000f6a90-0x000f6a9f]
[STDERR  ] 2019-06-06T13:37:10.466097970Z: [    0.573356] RAMDISK: [mem 0x3e00f000-0x3ffcffff]
[STDERR  ] 2019-06-06T13:37:10.466128607Z: [    0.573581] ACPI: Early table checksum verification disabled
[STDERR  ] 2019-06-06T13:37:10.466146348Z: [    0.573719] ACPI: RSDP 0x00000000000F68D0 000014 (v00 BOCHS )
[STDERR  ] 2019-06-06T13:37:10.466159115Z: [    0.573728] ACPI: RSDT 0x000000003FFE2404 000034 (v01 BOCHS  BXPCRSDT 00000001 BXPC 00000001)
[STDERR  ] 2019-06-06T13:37:10.466177501Z: [    0.573743] ACPI: FACP 0x000000003FFE22A4 000074 (v01 BOCHS  BXPCFACP 00000001 BXPC 00000001)
[STDERR  ] 2019-06-06T13:37:10.466190501Z: [    0.573750] ACPI: DSDT 0x000000003FFE0040 002264 (v01 BOCHS  BXPCDSDT 00000001 BXPC 00000001)
[STDERR  ] 2019-06-06T13:37:10.466204022Z: [    0.573755] ACPI: FACS 0x000000003FFE0000 000040
[STDERR  ] 2019-06-06T13:37:10.466238271Z: [    0.573759] ACPI: APIC 0x000000003FFE2318 000078 (v01 BOCHS  BXPCAPIC 00000001 BXPC 00000001)
[STDERR  ] 2019-06-06T13:37:10.466253630Z: [    0.573763] ACPI: HPET 0x000000003FFE2390 000038 (v01 BOCHS  BXPCHPET 00000001 BXPC 00000001)
[STDERR  ] 2019-06-06T13:37:10.466266850Z: [    0.573767] ACPI: MCFG 0x000000003FFE23C8 00003C (v01 BOCHS  BXPCMCFG 00000001 BXPC 00000001)
[STDERR  ] 2019-06-06T13:37:10.466291770Z: [    0.574533] Zone ranges:
[STDERR  ] 2019-06-06T13:37:10.466311341Z: [    0.574535]   DMA      [mem 0x0000000000001000-0x0000000000ffffff]
[STDERR  ] 2019-06-06T13:37:10.466324774Z: [    0.574537]   DMA32    [mem 0x0000000001000000-0x000000003ffdefff]
[STDERR  ] 2019-06-06T13:37:10.466337089Z: [    0.574538]   Normal   empty
[STDERR  ] 2019-06-06T13:37:10.466349828Z: [    0.574540]   Device   empty
[STDERR  ] 2019-06-06T13:37:10.466367002Z: [    0.574541] Movable zone start for each node
[STDERR  ] 2019-06-06T13:37:10.466385585Z: [    0.574542] Early memory node ranges
[STDERR  ] 2019-06-06T13:37:10.466398171Z: [    0.574544]   node   0: [mem 0x0000000000001000-0x000000000009efff]
[STDERR  ] 2019-06-06T13:37:10.466410277Z: [    0.574545]   node   0: [mem 0x0000000000100000-0x000000003ffdefff]
[STDERR  ] 2019-06-06T13:37:10.466422740Z: [    0.575067] Reserved but unavailable: 98 pages
[STDERR  ] 2019-06-06T13:37:10.466435566Z: [    0.575069] Initmem setup node 0 [mem 0x0000000000001000-0x000000003ffdefff]
[STDERR  ] 2019-06-06T13:37:10.466463484Z: [    0.586480] ACPI: PM-Timer IO Port: 0x608
[STDERR  ] 2019-06-06T13:37:10.466484427Z: [    0.586529] ACPI: LAPIC_NMI (acpi_id[0xff] dfl dfl lint[0x1])
[STDERR  ] 2019-06-06T13:37:10.466497167Z: [    0.586796] IOAPIC[0]: apic_id 0, version 17, address 0xfec00000, GSI 0-23
[STDERR  ] 2019-06-06T13:37:10.466514173Z: [    0.586800] ACPI: INT_SRC_OVR (bus 0 bus_irq 0 global_irq 2 dfl dfl)
[STDERR  ] 2019-06-06T13:37:10.466530703Z: [    0.586802] ACPI: INT_SRC_OVR (bus 0 bus_irq 5 global_irq 5 high level)
[STDERR  ] 2019-06-06T13:37:10.466543092Z: [    0.586804] ACPI: INT_SRC_OVR (bus 0 bus_irq 9 global_irq 9 high level)
[STDERR  ] 2019-06-06T13:37:10.466556009Z: [    0.586810] ACPI: INT_SRC_OVR (bus 0 bus_irq 10 global_irq 10 high level)
[STDERR  ] 2019-06-06T13:37:10.466575834Z: [    0.586812] ACPI: INT_SRC_OVR (bus 0 bus_irq 11 global_irq 11 high level)
[STDERR  ] 2019-06-06T13:37:10.466589114Z: [    0.586820] Using ACPI (MADT) for SMP configuration information
[STDERR  ] 2019-06-06T13:37:10.466602010Z: [    0.586822] ACPI: HPET id: 0x8086a201 base: 0xfed00000
[STDERR  ] 2019-06-06T13:37:10.466616512Z: [    0.586865] smpboot: Allowing 1 CPUs, 0 hotplug CPUs
[STDERR  ] 2019-06-06T13:37:10.466631595Z: [    0.586988] [mem 0x40000000-0xafffffff] available for PCI devices
[STDERR  ] 2019-06-06T13:37:10.466643396Z: [    0.586989] Booting paravirtualized kernel on KVM
[STDERR  ] 2019-06-06T13:37:10.466659634Z: [    0.586991] clocksource: refined-jiffies: mask: 0xffffffff max_cycles: 0xffffffff, max_idle_ns: 1910969940391419 ns
[STDERR  ] 2019-06-06T13:37:10.466672240Z: [    0.689825] random: get_random_bytes called from start_kernel+0x91/0x512 with crng_init=0
[STDERR  ] 2019-06-06T13:37:10.466685078Z: [    0.689845] setup_percpu: NR_CPUS:128 nr_cpumask_bits:128 nr_cpu_ids:1 nr_node_ids:1
[STDERR  ] 2019-06-06T13:37:10.466709605Z: [    0.690634] percpu: Embedded 45 pages/cpu s145112 r8192 d31016 u2097152
[STDERR  ] 2019-06-06T13:37:10.466722726Z: [    0.690743] KVM setup async PF for cpu 0
[STDERR  ] 2019-06-06T13:37:10.466735278Z: [    0.690796] kvm-stealtime: cpu 0, msr 3cc15e80
[STDERR  ] 2019-06-06T13:37:10.466751704Z: [    0.690825] Built 1 zonelists, mobility grouping on.  Total pages: 257896
[STDERR  ] 2019-06-06T13:37:10.466764521Z: [    0.690828] Kernel command line: console=ttyS0 console=ttyAMA0
[STDERR  ] 2019-06-06T13:37:10.466777351Z: [    0.690973] Dentry cache hash table entries: 131072 (order: 8, 1048576 bytes)
[STDERR  ] 2019-06-06T13:37:10.466789926Z: [    0.690997] Inode-cache hash table entries: 65536 (order: 7, 524288 bytes)
[STDERR  ] 2019-06-06T13:37:10.466809634Z: [    0.694739] Memory: 968620K/1048052K available (12300K kernel code, 1583K rwdata, 3012K rodata, 1588K init, 2020K bss, 79432K reserved, 0K cma-reserved)
[STDERR  ] 2019-06-06T13:37:10.466828072Z: [    0.695507] Kernel/User page tables isolation: enabled
[STDERR  ] 2019-06-06T13:37:10.466841014Z: [    0.695667] ftrace: allocating 43122 entries in 169 pages
[STDERR  ] 2019-06-06T13:37:10.466857101Z: [    0.718458] rcu: Hierarchical RCU implementation.
[STDERR  ] 2019-06-06T13:37:10.466872698Z: [    0.718462] rcu: 	RCU restricting CPUs from NR_CPUS=128 to nr_cpu_ids=1.
[STDERR  ] 2019-06-06T13:37:10.466884836Z: [    0.718464] rcu: Adjusting geometry for rcu_fanout_leaf=16, nr_cpu_ids=1
[STDERR  ] 2019-06-06T13:37:10.466906164Z: [    0.721217] NR_IRQS: 8448, nr_irqs: 256, preallocated irqs: 16
[STDERR  ] 2019-06-06T13:37:10.466919199Z: [    0.747841] Console: colour VGA+ 80x25
[STDERR  ] 2019-06-06T13:37:10.466931877Z: [    1.185126] console [ttyS0] enabled
[STDERR  ] 2019-06-06T13:37:10.466956004Z: [    1.188367] ACPI: Core revision 20180810
[STDERR  ] 2019-06-06T13:37:10.466968302Z: [    1.192789] clocksource: hpet: mask: 0xffffffff max_cycles: 0xffffffff, max_idle_ns: 19112604467 ns
[STDERR  ] 2019-06-06T13:37:10.466980927Z: [    1.201679] APIC: Switch to symmetric I/O mode setup
[STDERR  ] 2019-06-06T13:37:10.466993489Z: [    1.208226] x2apic enabled
[STDERR  ] 2019-06-06T13:37:10.467009266Z: [    1.212681] Switched APIC routing to physical x2apic.
[STDERR  ] 2019-06-06T13:37:10.467021310Z: [    1.227049] ..TIMER: vector=0x30 apic1=0 pin1=2 apic2=-1 pin2=-1
[STDERR  ] 2019-06-06T13:37:10.467033442Z: [    1.232788] clocksource: tsc-early: mask: 0xffffffffffffffff max_cycles: 0x2126729a497, max_idle_ns: 440795257173 ns
[STDERR  ] 2019-06-06T13:37:10.467046009Z: [    1.243907] Calibrating delay loop (skipped) preset value.. 4599.58 BogoMIPS (lpj=2299794)
[STDERR  ] 2019-06-06T13:37:10.467066932Z: [    1.244886] pid_max: default: 32768 minimum: 301
[STDERR  ] 2019-06-06T13:37:10.467079477Z: [    1.246002] Security Framework initialized
[STDERR  ] 2019-06-06T13:37:10.467092316Z: [    1.246884] Yama: becoming mindful.
[STDERR  ] 2019-06-06T13:37:10.467110127Z: [    1.247927] Mount-cache hash table entries: 2048 (order: 2, 16384 bytes)
[STDERR  ] 2019-06-06T13:37:10.467126468Z: [    1.248890] Mountpoint-cache hash table entries: 2048 (order: 2, 16384 bytes)
[STDERR  ] 2019-06-06T13:37:10.467138728Z: [    1.251933] Last level iTLB entries: 4KB 0, 2MB 0, 4MB 0
[STDERR  ] 2019-06-06T13:37:10.467156887Z: [    1.252888] Last level dTLB entries: 4KB 0, 2MB 0, 4MB 0, 1GB 0
[STDERR  ] 2019-06-06T13:37:10.467174549Z: [    1.253888] Spectre V2 : Mitigation: Full generic retpoline
[STDERR  ] 2019-06-06T13:37:10.467186724Z: [    1.254884] Spectre V2 : Spectre v2 / SpectreRSB mitigation: Filling RSB on context switch
[STDERR  ] 2019-06-06T13:37:10.467203354Z: [    1.255884] Speculative Store Bypass: Vulnerable
[STDERR  ] 2019-06-06T13:37:10.467217359Z: [    1.256902] MDS: Vulnerable: Clear CPU buffers attempted, no microcode
[STDERR  ] 2019-06-06T13:37:10.467233596Z: [    1.267056] Freeing SMP alternatives memory: 20K
[STDERR  ] 2019-06-06T13:37:10.467245634Z: [    1.269878] smpboot: CPU0: Intel QEMU Virtual CPU version 2.5+ (family: 0x6, model: 0x6, stepping: 0x3)
[STDERR  ] 2019-06-06T13:37:10.467268801Z: [    1.270063] Performance Events: PMU not available due to virtualization, using software events only.
[STDERR  ] 2019-06-06T13:37:10.467282361Z: [    1.272300] rcu: Hierarchical SRCU implementation.
[STDERR  ] 2019-06-06T13:37:10.467294573Z: [    1.273021] NMI watchdog: Perf NMI watchdog permanently disabled
[STDERR  ] 2019-06-06T13:37:10.467311238Z: [    1.274963] smp: Bringing up secondary CPUs ...
[STDERR  ] 2019-06-06T13:37:10.467323890Z: [    1.275887] smp: Brought up 1 node, 1 CPU
[STDERR  ] 2019-06-06T13:37:10.467340967Z: [    1.276885] smpboot: Max logical packages: 1
[STDERR  ] 2019-06-06T13:37:10.467358771Z: [    1.277887] smpboot: Total of 1 processors activated (4599.58 BogoMIPS)
[STDERR  ] 2019-06-06T13:37:10.467371264Z: [    1.280020] devtmpfs: initialized
[STDERR  ] 2019-06-06T13:37:10.467384472Z: [    1.280969] x86/mm: Memory block size: 128MB
[STDERR  ] 2019-06-06T13:37:10.467398405Z: [    1.282320] clocksource: jiffies: mask: 0xffffffff max_cycles: 0xffffffff, max_idle_ns: 1911260446275000 ns
[STDERR  ] 2019-06-06T13:37:10.467414854Z: [    1.282892] futex hash table entries: 256 (order: 2, 16384 bytes)
[STDERR  ] 2019-06-06T13:37:10.467433036Z: [    1.284184] NET: Registered protocol family 16
[STDERR  ] 2019-06-06T13:37:10.467455960Z: [    1.285041] audit: initializing netlink subsys (disabled)
[STDERR  ] 2019-06-06T13:37:10.467469183Z: [    1.286030] cpuidle: using governor ladder
[STDERR  ] 2019-06-06T13:37:10.467481853Z: [    1.286887] cpuidle: using governor menu
[STDERR  ] 2019-06-06T13:37:10.467501190Z: [    1.288011] ACPI: bus type PCI registered
[STDERR  ] 2019-06-06T13:37:10.467514041Z: [    1.288885] acpiphp: ACPI Hot Plug PCI Controller Driver version: 0.5
[STDERR  ] 2019-06-06T13:37:10.467527107Z: [    1.289896] audit: type=2000 audit(1559828221.946:1): state=initialized audit_enabled=0 res=1
[STDERR  ] 2019-06-06T13:37:10.467546312Z: [    1.292456] PCI: MMCONFIG for domain 0000 [bus 00-ff] at [mem 0xb0000000-0xbfffffff] (base 0xb0000000)
[STDERR  ] 2019-06-06T13:37:10.467558536Z: [    1.292891] PCI: MMCONFIG at [mem 0xb0000000-0xbfffffff] reserved in E820
[STDERR  ] 2019-06-06T13:37:10.467574719Z: [    1.293902] PCI: Using configuration type 1 for base access
[STDERR  ] 2019-06-06T13:37:10.467587036Z: [    1.297287] HugeTLB registered 2.00 MiB page size, pre-allocated 0 pages
[STDERR  ] 2019-06-06T13:37:10.467603111Z: [    1.298071] cryptd: max_cpu_qlen set to 1000
[STDERR  ] 2019-06-06T13:37:10.467615345Z: [    1.299068] ACPI: Added _OSI(Module Device)
[STDERR  ] 2019-06-06T13:37:10.467627532Z: [    1.299894] ACPI: Added _OSI(Processor Device)
[STDERR  ] 2019-06-06T13:37:10.467639026Z: [    1.300884] ACPI: Added _OSI(3.0 _SCP Extensions)
[STDERR  ] 2019-06-06T13:37:10.467651099Z: [    1.301885] ACPI: Added _OSI(Processor Aggregator Device)
[STDERR  ] 2019-06-06T13:37:10.467666554Z: [    1.302906] ACPI: Added _OSI(Linux-Dell-Video)
[STDERR  ] 2019-06-06T13:37:10.467680240Z: [    1.303885] ACPI: Added _OSI(Linux-Lenovo-NV-HDMI-Audio)
[STDERR  ] 2019-06-06T13:37:10.467693926Z: [    1.306469] ACPI: 1 ACPI AML tables successfully acquired and loaded
[STDERR  ] 2019-06-06T13:37:10.467706806Z: [    1.310062] ACPI: Interpreter enabled
[STDERR  ] 2019-06-06T13:37:10.467720466Z: [    1.310896] ACPI: (supports S0 S5)
[STDERR  ] 2019-06-06T13:37:10.467733288Z: [    1.311884] ACPI: Using IOAPIC for interrupt routing
[STDERR  ] 2019-06-06T13:37:10.467754141Z: [    1.312950] PCI: Using host bridge windows from ACPI; if necessary, use "pci=nocrs" and report a bug
[STDERR  ] 2019-06-06T13:37:10.467766794Z: [    1.315096] ACPI: Enabled 2 GPEs in block 00 to 3F
[STDERR  ] 2019-06-06T13:37:10.467779965Z: [    1.320185] ACPI: PCI Root Bridge [PCI0] (domain 0000 [bus 00-ff])
[STDERR  ] 2019-06-06T13:37:10.467796231Z: [    1.320899] acpi PNP0A08:00: _OSC: OS supports [ExtendedConfig ASPM ClockPM Segments MSI]
[STDERR  ] 2019-06-06T13:37:10.467808829Z: [    1.321999] acpi PNP0A08:00: _OSC: platform does not support [SHPCHotplug LTR]
[STDERR  ] 2019-06-06T13:37:10.467839570Z: [    1.322981] acpi PNP0A08:00: _OSC: OS now controls [PCIeHotplug PME PCIeCapability]
[STDERR  ] 2019-06-06T13:37:10.467853828Z: [    1.324293] PCI host bridge to bus 0000:00
[STDERR  ] 2019-06-06T13:37:10.467866671Z: [    1.324888] pci_bus 0000:00: root bus resource [io  0x0000-0x0cf7 window]
[STDERR  ] 2019-06-06T13:37:10.467878842Z: [    1.325886] pci_bus 0000:00: root bus resource [io  0x0d00-0xffff window]
[STDERR  ] 2019-06-06T13:37:10.467891132Z: [    1.326888] pci_bus 0000:00: root bus resource [mem 0x000a0000-0x000bffff window]
[STDERR  ] 2019-06-06T13:37:10.467903500Z: [    1.327889] pci_bus 0000:00: root bus resource [mem 0xc0000000-0xfebfffff window]
[STDERR  ] 2019-06-06T13:37:10.467916133Z: [    1.328890] pci_bus 0000:00: root bus resource [bus 00-ff]
[STDERR  ] 2019-06-06T13:37:10.467930297Z: [    1.397475] pci 0000:00:1f.0: quirk: [io  0x0600-0x067f] claimed by ICH6 ACPI/GPIO/TCO
[STDERR  ] 2019-06-06T13:37:10.467943628Z: [    1.425794] ACPI: PCI Interrupt Link [LNKA] (IRQs 5 *10 11)
[STDERR  ] 2019-06-06T13:37:10.467956204Z: [    1.426189] ACPI: PCI Interrupt Link [LNKB] (IRQs 5 *10 11)
[STDERR  ] 2019-06-06T13:37:10.467975288Z: [    1.427200] ACPI: PCI Interrupt Link [LNKC] (IRQs 5 10 *11)
[STDERR  ] 2019-06-06T13:37:10.467988994Z: [    1.428886] ACPI: PCI Interrupt Link [LNKD] (IRQs 5 10 *11)
[STDERR  ] 2019-06-06T13:37:10.468001981Z: [    1.430179] ACPI: PCI Interrupt Link [LNKE] (IRQs 5 *10 11)
[STDERR  ] 2019-06-06T13:37:10.468014913Z: [    1.431162] ACPI: PCI Interrupt Link [LNKF] (IRQs 5 *10 11)
[STDERR  ] 2019-06-06T13:37:10.468035207Z: [    1.433050] ACPI: PCI Interrupt Link [LNKG] (IRQs 5 10 *11)
[STDERR  ] 2019-06-06T13:37:10.468048902Z: [    1.434177] ACPI: PCI Interrupt Link [LNKH] (IRQs 5 10 *11)
[STDERR  ] 2019-06-06T13:37:10.468062455Z: [    1.435025] ACPI: PCI Interrupt Link [GSIA] (IRQs *16)
[STDERR  ] 2019-06-06T13:37:10.468078157Z: [    1.435903] ACPI: PCI Interrupt Link [GSIB] (IRQs *17)
[STDERR  ] 2019-06-06T13:37:10.468090258Z: [    1.436911] ACPI: PCI Interrupt Link [GSIC] (IRQs *18)
[STDERR  ] 2019-06-06T13:37:10.468102782Z: [    1.437910] ACPI: PCI Interrupt Link [GSID] (IRQs *19)
[STDERR  ] 2019-06-06T13:37:10.468120055Z: [    1.438905] ACPI: PCI Interrupt Link [GSIE] (IRQs *20)
[STDERR  ] 2019-06-06T13:37:10.468132329Z: [    1.439905] ACPI: PCI Interrupt Link [GSIF] (IRQs *21)
[STDERR  ] 2019-06-06T13:37:10.468144511Z: [    1.440913] ACPI: PCI Interrupt Link [GSIG] (IRQs *22)
[STDERR  ] 2019-06-06T13:37:10.468157200Z: [    1.441911] ACPI: PCI Interrupt Link [GSIH] (IRQs *23)
[STDERR  ] 2019-06-06T13:37:10.468170908Z: [    1.443348] SCSI subsystem initialized
[STDERR  ] 2019-06-06T13:37:10.468184891Z: [    1.444030] ACPI: bus type USB registered
[STDERR  ] 2019-06-06T13:37:10.468204508Z: [    1.444915] usbcore: registered new interface driver usbfs
[STDERR  ] 2019-06-06T13:37:10.468218034Z: [    1.445924] usbcore: registered new interface driver hub
[STDERR  ] 2019-06-06T13:37:10.468231505Z: [    1.446925] usbcore: registered new device driver usb
[STDERR  ] 2019-06-06T13:37:10.468244274Z: [    1.447931] pps_core: LinuxPPS API ver. 1 registered
[STDERR  ] 2019-06-06T13:37:10.468260776Z: [    1.448884] pps_core: Software ver. 5.3.6 - Copyright 2005-2007 Rodolfo Giometti <giometti@linux.it>
[STDERR  ] 2019-06-06T13:37:10.468274509Z: [    1.449893] PTP clock support registered
[STDERR  ] 2019-06-06T13:37:10.468289289Z: [    1.451942] PCI: Using ACPI for IRQ routing
[STDERR  ] 2019-06-06T13:37:10.468302757Z: [    1.909244] NetLabel: Initializing
[STDERR  ] 2019-06-06T13:37:10.468315853Z: [    1.909884] NetLabel:  domain hash size = 128
[STDERR  ] 2019-06-06T13:37:10.468328496Z: [    1.910884] NetLabel:  protocols = UNLABELED CIPSOv4 CALIPSO
[STDERR  ] 2019-06-06T13:37:10.468340925Z: [    1.911916] NetLabel:  unlabeled traffic allowed by default
[STDERR  ] 2019-06-06T13:37:10.468354141Z: [    1.913055] HPET: 3 timers in total, 0 timers will be used for per-cpu timer
[STDERR  ] 2019-06-06T13:37:10.468366384Z: [    1.913995] hpet0: at MMIO 0xfed00000, IRQs 2, 8, 0
[STDERR  ] 2019-06-06T13:37:10.468383961Z: [    1.914884] hpet0: 3 comparators, 64-bit 100.000000 MHz counter
[STDERR  ] 2019-06-06T13:37:10.468396678Z: [    1.917924] clocksource: Switched to clocksource kvm-clock
[STDERR  ] 2019-06-06T13:37:10.468409162Z: [    1.944498] VFS: Disk quotas dquot_6.6.0
[STDERR  ] 2019-06-06T13:37:10.468421231Z: [    1.948370] VFS: Dquot-cache hash table entries: 512 (order 0, 4096 bytes)
[STDERR  ] 2019-06-06T13:37:10.468434337Z: [    1.954724] FS-Cache: Loaded
[STDERR  ] 2019-06-06T13:37:10.468462034Z: [    1.957572] CacheFiles: Loaded
[STDERR  ] 2019-06-06T13:37:10.468477524Z: [    1.960486] pnp: PnP ACPI init
[STDERR  ] 2019-06-06T13:37:10.468489652Z: [    1.964502] pnp: PnP ACPI: found 5 devices
[STDERR  ] 2019-06-06T13:37:10.468502067Z: [    1.974632] clocksource: acpi_pm: mask: 0xffffff max_cycles: 0xffffff, max_idle_ns: 2085701024 ns
[STDERR  ] 2019-06-06T13:37:10.468515860Z: [    1.982873] NET: Registered protocol family 2
[STDERR  ] 2019-06-06T13:37:10.468529120Z: [    1.987835] tcp_listen_portaddr_hash hash table entries: 512 (order: 1, 8192 bytes)
[STDERR  ] 2019-06-06T13:37:10.468548027Z: [    1.994988] TCP established hash table entries: 8192 (order: 4, 65536 bytes)
[STDERR  ] 2019-06-06T13:37:10.468560948Z: [    2.001492] TCP bind hash table entries: 8192 (order: 5, 131072 bytes)
[STDERR  ] 2019-06-06T13:37:10.468573410Z: [    2.007530] TCP: Hash tables configured (established 8192 bind 8192)
[STDERR  ] 2019-06-06T13:37:10.468586443Z: [    2.013459] UDP hash table entries: 512 (order: 2, 16384 bytes)
[STDERR  ] 2019-06-06T13:37:10.468598868Z: [    2.019003] UDP-Lite hash table entries: 512 (order: 2, 16384 bytes)
[STDERR  ] 2019-06-06T13:37:10.468616068Z: [    2.025055] NET: Registered protocol family 1
[STDERR  ] 2019-06-06T13:37:10.468628989Z: [    2.029151] NET: Registered protocol family 44
[STDERR  ] 2019-06-06T13:37:10.468641144Z: [    2.033567] pci 0000:00:01.0: Video device with shadowed ROM at [mem 0x000c0000-0x000dffff]
[STDERR  ] 2019-06-06T13:37:10.468653688Z: [    2.041289] Trying to unpack rootfs image as initramfs...
[STDERR  ] 2019-06-06T13:37:10.468670949Z: [    2.662219] Freeing initrd memory: 32516K
[STDERR  ] 2019-06-06T13:37:10.468683053Z: [    2.666261] clocksource: tsc: mask: 0xffffffffffffffff max_cycles: 0x2126729a497, max_idle_ns: 440795257173 ns
[STDERR  ] 2019-06-06T13:37:10.468695713Z: [    2.677241] PCLMULQDQ-NI instructions are not detected.
[STDERR  ] 2019-06-06T13:37:10.468712432Z: [    2.682246] AVX or AES-NI instructions are not detected.
[STDERR  ] 2019-06-06T13:37:10.468728413Z: [    2.687161] CPU feature 'AVX registers' is not supported.
[STDERR  ] 2019-06-06T13:37:10.468740653Z: [    2.692163] CPU feature 'AVX registers' is not supported.
[STDERR  ] 2019-06-06T13:37:10.468752666Z: [    2.697166] CPU feature 'AVX registers' is not supported.
[STDERR  ] 2019-06-06T13:37:10.468765422Z: [    2.702125] CPU feature 'AVX registers' is not supported.
[STDERR  ] 2019-06-06T13:37:10.468777356Z: [    2.707135] AVX2 or AES-NI instructions are not detected.
[STDERR  ] 2019-06-06T13:37:10.468789514Z: [    2.712137] AVX2 instructions are not detected.
[STDERR  ] 2019-06-06T13:37:10.468801772Z: [    2.717057] workingset: timestamp_bits=46 max_order=18 bucket_order=0
[STDERR  ] 2019-06-06T13:37:10.468818736Z: [    2.722972] squashfs: version 4.0 (2009/01/31) Phillip Lougher
[STDERR  ] 2019-06-06T13:37:10.468831327Z: [    2.728052] FS-Cache: Netfs 'cifs' registered for caching
[STDERR  ] 2019-06-06T13:37:10.468843885Z: [    2.732715] fuse init (API version 7.27)
[STDERR  ] 2019-06-06T13:37:10.468856291Z: [    2.736238] SGI XFS with ACLs, security attributes, no debug enabled
[STDERR  ] 2019-06-06T13:37:10.468868995Z: [    2.741827] 9p: Installing v9fs 9p2000 file system support
[STDERR  ] 2019-06-06T13:37:10.468883330Z: [    2.746535] FS-Cache: Netfs '9p' registered for caching
[STDERR  ] 2019-06-06T13:37:10.468896263Z: [    2.752450] NET: Registered protocol family 38
[STDERR  ] 2019-06-06T13:37:10.468908579Z: [    2.756367] Key type asymmetric registered
[STDERR  ] 2019-06-06T13:37:10.468927446Z: [    2.760031] Asymmetric key parser 'x509' registered
[STDERR  ] 2019-06-06T13:37:10.468940040Z: [    2.764224] Block layer SCSI generic (bsg) driver version 0.4 loaded (major 247)
[STDERR  ] 2019-06-06T13:37:10.468952538Z: [    2.770503] io scheduler noop registered
[STDERR  ] 2019-06-06T13:37:10.468965659Z: [    2.773920] io scheduler deadline registered (default)
[STDERR  ] 2019-06-06T13:37:10.468979193Z: [    2.778346] io scheduler cfq registered
[STDERR  ] 2019-06-06T13:37:10.468991850Z: [    2.781733] io scheduler mq-deadline registered (default)
[STDERR  ] 2019-06-06T13:37:10.469004372Z: [    2.786341] io scheduler kyber registered
[STDERR  ] 2019-06-06T13:37:10.469016499Z: [    2.789961] shpchp: Standard Hot Plug PCI Controller Driver version: 0.4
[STDERR  ] 2019-06-06T13:37:10.469029034Z: [    2.795724] hv_vmbus: registering driver hyperv_fb
[STDERR  ] 2019-06-06T13:37:10.469042841Z: [    2.799950] input: Power Button as /devices/LNXSYSTM:00/LNXPWRBN:00/input/input0
[STDERR  ] 2019-06-06T13:37:10.469055227Z: [    2.806133] ACPI: Power Button [PWRF]
[STDERR  ] 2019-06-06T13:37:10.469072135Z: [    2.810027] PCI Interrupt Link [GSIG] enabled at IRQ 22
[STDERR  ] 2019-06-06T13:37:10.469086304Z: [    2.820370] PCI Interrupt Link [GSIH] enabled at IRQ 23
[STDERR  ] 2019-06-06T13:37:10.469098423Z: [    2.830657] Serial: 8250/16550 driver, 4 ports, IRQ sharing disabled
[STDERR  ] 2019-06-06T13:37:10.469110677Z: [    2.872213] 00:04: ttyS0 at I/O 0x3f8 (irq = 4, base_baud = 115200) is a 16550A
[STDERR  ] 2019-06-06T13:37:10.469123410Z: [    2.879840] Non-volatile memory driver v1.3
[STDERR  ] 2019-06-06T13:37:10.469144714Z: [    2.885505] Hangcheck: starting hangcheck timer 0.9.1 (tick is 180 seconds, margin is 60 seconds).
[STDERR  ] 2019-06-06T13:37:10.469159745Z: [    2.894006] random: fast init done
[STDERR  ] 2019-06-06T13:37:10.469178545Z: [    2.898103] random: crng init done
[STDERR  ] 2019-06-06T13:37:10.469190671Z: [    2.902526] brd: module loaded
[STDERR  ] 2019-06-06T13:37:10.469203516Z: [    2.908756] loop: module loaded
[STDERR  ] 2019-06-06T13:37:10.469223255Z: [    2.915619] lpc_ich 0000:00:1f.0: I/O space for GPIO uninitialized
[STDERR  ] 2019-06-06T13:37:10.469234950Z: [    2.921482] VMware PVSCSI driver - version 1.0.7.0-k
[STDERR  ] 2019-06-06T13:37:10.469247717Z: [    2.926071] hv_vmbus: registering driver hv_storvsc
[STDERR  ] 2019-06-06T13:37:10.469259840Z: [    2.931275] PCI Interrupt Link [GSIA] enabled at IRQ 16
[STDERR  ] 2019-06-06T13:37:10.469289306Z: [    2.939678] ahci 0000:00:1f.2: AHCI 0001.0000 32 slots 6 ports 1.5 Gbps 0x3f impl SATA mode
[STDERR  ] 2019-06-06T13:37:10.469303912Z: [    2.947310] ahci 0000:00:1f.2: flags: 64bit ncq only 
[STDERR  ] 2019-06-06T13:37:10.469316435Z: [    2.955787] scsi host0: ahci
[STDERR  ] 2019-06-06T13:37:10.469328499Z: [    2.958660] scsi host1: ahci
[STDERR  ] 2019-06-06T13:37:10.469341491Z: [    2.961503] scsi host2: ahci
[STDERR  ] 2019-06-06T13:37:10.469353907Z: [    2.964357] scsi host3: ahci
[STDERR  ] 2019-06-06T13:37:10.469366483Z: [    2.967178] scsi host4: ahci
[STDERR  ] 2019-06-06T13:37:10.469389973Z: [    2.970034] scsi host5: ahci
[STDERR  ] 2019-06-06T13:37:10.469402017Z: [    2.972982] ata1: SATA max UDMA/133 abar m4096@0xfebd2000 port 0xfebd2100 irq 24
[STDERR  ] 2019-06-06T13:37:10.469414439Z: [    2.979846] ata2: SATA max UDMA/133 abar m4096@0xfebd2000 port 0xfebd2180 irq 24
[STDERR  ] 2019-06-06T13:37:10.469426573Z: [    2.986568] ata3: SATA max UDMA/133 abar m4096@0xfebd2000 port 0xfebd2200 irq 24
[STDERR  ] 2019-06-06T13:37:10.469438515Z: [    2.993385] ata4: SATA max UDMA/133 abar m4096@0xfebd2000 port 0xfebd2280 irq 24
[STDERR  ] 2019-06-06T13:37:10.469461766Z: [    3.000149] ata5: SATA max UDMA/133 abar m4096@0xfebd2000 port 0xfebd2300 irq 24
[STDERR  ] 2019-06-06T13:37:10.469474567Z: [    3.006879] ata6: SATA max UDMA/133 abar m4096@0xfebd2000 port 0xfebd2380 irq 24
[STDERR  ] 2019-06-06T13:37:10.469487691Z: [    3.016176] tun: Universal TUN/TAP device driver, 1.6
[STDERR  ] 2019-06-06T13:37:10.469507771Z: [    3.025970] VMware vmxnet3 virtual NIC driver - version 1.4.16.0-k-NAPI
[STDERR  ] 2019-06-06T13:37:10.469520570Z: [    3.032097] hv_vmbus: registering driver hv_netvsc
[STDERR  ] 2019-06-06T13:37:10.469531907Z: [    3.036553] Fusion MPT base driver 3.04.20
[STDERR  ] 2019-06-06T13:37:10.469544341Z: [    3.040643] Copyright (c) 1999-2008 LSI Corporation
[STDERR  ] 2019-06-06T13:37:10.469557087Z: [    3.045193] Fusion MPT SPI Host driver 3.04.20
[STDERR  ] 2019-06-06T13:37:10.469570727Z: [    3.049440] i8042: PNP: PS/2 Controller [PNP0303:KBD,PNP0f13:MOU] at 0x60,0x64 irq 1,12
[STDERR  ] 2019-06-06T13:37:10.469583445Z: [    3.060740] serio: i8042 KBD port at 0x60,0x64 irq 1
[STDERR  ] 2019-06-06T13:37:10.469596621Z: [    3.065356] serio: i8042 AUX port at 0x60,0x64 irq 12
[STDERR  ] 2019-06-06T13:37:10.469609495Z: [    3.070134] hv_vmbus: registering driver hyperv_keyboard
[STDERR  ] 2019-06-06T13:37:10.469622065Z: [    3.075164] mousedev: PS/2 mouse device common for all mice
[STDERR  ] 2019-06-06T13:37:10.469634770Z: [    3.081667] input: AT Translated Set 2 keyboard as /devices/platform/i8042/serio0/input/input1
[STDERR  ] 2019-06-06T13:37:10.469655755Z: [    3.089763] input: PC Speaker as /devices/platform/pcspkr/input/input2
[STDERR  ] 2019-06-06T13:37:10.469671488Z: [    3.096159] rtc_cmos 00:00: RTC can wake from S4
[STDERR  ] 2019-06-06T13:37:10.469684309Z: [    3.103730] rtc_cmos 00:00: registered as rtc0
[STDERR  ] 2019-06-06T13:37:10.469696325Z: [    3.107953] rtc_cmos 00:00: alarms up to one day, y3k, 114 bytes nvram, hpet irqs
[STDERR  ] 2019-06-06T13:37:10.469709209Z: [    3.114655] i2c /dev entries driver
[STDERR  ] 2019-06-06T13:37:10.469726492Z: [    3.118347] device-mapper: ioctl: 4.39.0-ioctl (2018-04-03) initialised: dm-devel@redhat.com
[STDERR  ] 2019-06-06T13:37:10.469741750Z: [    3.126693] usbcore: registered new interface driver usbhid
[STDERR  ] 2019-06-06T13:37:10.469754383Z: [    3.131894] usbhid: USB HID core driver
[STDERR  ] 2019-06-06T13:37:10.469771383Z: [    3.135500] hv_utils: Registering HyperV Utility Driver
[STDERR  ] 2019-06-06T13:37:10.469783932Z: [    3.140298] hv_vmbus: registering driver hv_util
[STDERR  ] 2019-06-06T13:37:10.469796185Z: [    3.144531] hv_vmbus: registering driver hv_balloon
[STDERR  ] 2019-06-06T13:37:10.469809443Z: [    3.149042] oprofile: using NMI interrupt.
[STDERR  ] 2019-06-06T13:37:10.469821590Z: [    3.152953] GACT probability on
[STDERR  ] 2019-06-06T13:37:10.469834202Z: [    3.155961] Mirror/redirect action on
[STDERR  ] 2019-06-06T13:37:10.469846023Z: [    3.159362] Simple TC action Loaded
[STDERR  ] 2019-06-06T13:37:10.469858198Z: [    3.162681] u32 classifier
[STDERR  ] 2019-06-06T13:37:10.469872757Z: [    3.165305]     Performance counters on
[STDERR  ] 2019-06-06T13:37:10.469884267Z: [    3.168851]     input device check on
[STDERR  ] 2019-06-06T13:37:10.469896161Z: [    3.172286]     Actions configured
[STDERR  ] 2019-06-06T13:37:10.469908414Z: [    3.175816] xt_time: kernel timezone is -0000
[STDERR  ] 2019-06-06T13:37:10.469921597Z: [    3.179951] IPVS: Registered protocols (TCP, UDP, SCTP, AH, ESP)
[STDERR  ] 2019-06-06T13:37:10.469934968Z: [    3.185503] IPVS: Connection hash table configured (size=4096, memory=64Kbytes)
[STDERR  ] 2019-06-06T13:37:10.469947428Z: [    3.192280] IPVS: ipvs loaded.
[STDERR  ] 2019-06-06T13:37:10.469961626Z: [    3.195118] IPVS: [rr] scheduler registered.
[STDERR  ] 2019-06-06T13:37:10.469973830Z: [    3.199073] IPVS: [wrr] scheduler registered.
[STDERR  ] 2019-06-06T13:37:10.469986620Z: [    3.203059] IPVS: [lc] scheduler registered.
[STDERR  ] 2019-06-06T13:37:10.469999104Z: [    3.207002] IPVS: [wlc] scheduler registered.
[STDERR  ] 2019-06-06T13:37:10.470011641Z: [    3.210988] IPVS: [fo] scheduler registered.
[STDERR  ] 2019-06-06T13:37:10.470023964Z: [    3.214959] IPVS: [ovf] scheduler registered.
[STDERR  ] 2019-06-06T13:37:10.470040240Z: [    3.219004] IPVS: [lblc] scheduler registered.
[STDERR  ] 2019-06-06T13:37:10.470052810Z: [    3.223389] IPVS: [lblcr] scheduler registered.
[STDERR  ] 2019-06-06T13:37:10.470072285Z: [    3.227573] IPVS: [dh] scheduler registered.
[STDERR  ] 2019-06-06T13:37:10.470087341Z: [    3.231752] IPVS: [sh] scheduler registered.
[STDERR  ] 2019-06-06T13:37:10.470099612Z: [    3.235712] IPVS: [mh] scheduler registered.
[STDERR  ] 2019-06-06T13:37:10.470112299Z: [    3.239940] IPVS: [sed] scheduler registered.
[STDERR  ] 2019-06-06T13:37:10.470124653Z: [    3.243980] IPVS: [nq] scheduler registered.
[STDERR  ] 2019-06-06T13:37:10.470137417Z: [    3.248164] IPVS: ftp: loaded support on port[0] = 21
[STDERR  ] 2019-06-06T13:37:10.470155038Z: [    3.252948] ipip: IPv4 and MPLS over IPv4 tunneling driver
[STDERR  ] 2019-06-06T13:37:10.470168222Z: [    3.258365] gre: GRE over IPv4 demultiplexor driver
[STDERR  ] 2019-06-06T13:37:10.470180825Z: [    3.263001] ipt_CLUSTERIP: ClusterIP Version 0.8 loaded successfully
[STDERR  ] 2019-06-06T13:37:10.470193405Z: [    3.269192] NET: Registered protocol family 10
[STDERR  ] 2019-06-06T13:37:10.470205861Z: [    3.273644] Segment Routing with IPv6
[STDERR  ] 2019-06-06T13:37:10.470237814Z: [    3.277647] NET: Registered protocol family 17
[STDERR  ] 2019-06-06T13:37:10.470258167Z: [    3.281835] Bridge firewalling registered
[STDERR  ] 2019-06-06T13:37:10.470270477Z: [    3.285817] 8021q: 802.1Q VLAN Support v1.8
[STDERR  ] 2019-06-06T13:37:10.470282844Z: [    3.289727] 9pnet: Installing 9P2000 support
[STDERR  ] 2019-06-06T13:37:10.470295281Z: [    3.294037] Key type dns_resolver registered
[STDERR  ] 2019-06-06T13:37:10.470311988Z: [    3.298084] NET: Registered protocol family 40
[STDERR  ] 2019-06-06T13:37:10.470324794Z: [    3.302589] registered taskstats version 1
[STDERR  ] 2019-06-06T13:37:10.470358879Z: [    3.315045] Key type big_key registered
[STDERR  ] 2019-06-06T13:37:10.470371299Z: [    3.322583] Key type trusted registered
[STDERR  ] 2019-06-06T13:37:10.470383847Z: [    3.327540] ata4: SATA link down (SStatus 0 SControl 300)
[STDERR  ] 2019-06-06T13:37:10.470397230Z: [    3.333383] ata3: SATA link up 1.5 Gbps (SStatus 113 SControl 300)
[STDERR  ] 2019-06-06T13:37:10.470410056Z: [    3.340029] ata2: SATA link down (SStatus 0 SControl 300)
[STDERR  ] 2019-06-06T13:37:10.470423578Z: [    3.345761] ata1: SATA link down (SStatus 0 SControl 300)
[STDERR  ] 2019-06-06T13:37:10.470436418Z: [    3.351490] ata6: SATA link down (SStatus 0 SControl 300)
[STDERR  ] 2019-06-06T13:37:10.470455285Z: [    3.357300] ata5: SATA link down (SStatus 0 SControl 300)
[STDERR  ] 2019-06-06T13:37:10.470468336Z: [    3.363977] ata3.00: ATAPI: QEMU DVD-ROM, 2.5+, max UDMA/100
[STDERR  ] 2019-06-06T13:37:10.470481916Z: [    3.369257] ata3.00: applying bridge limits
[STDERR  ] 2019-06-06T13:37:10.470494669Z: [    3.374428] ata3.00: configured for UDMA/100
[STDERR  ] 2019-06-06T13:37:10.470507251Z: [    3.381539] scsi 2:0:0:0: CD-ROM            QEMU     QEMU DVD-ROM     2.5+ PQ: 0 ANSI: 5
[STDERR  ] 2019-06-06T13:37:10.470520079Z: [    3.389014] Key type encrypted registered
[STDERR  ] 2019-06-06T13:37:10.470532570Z: [    3.392821] ima: No TPM chip found, activating TPM-bypass!
[STDERR  ] 2019-06-06T13:37:10.470546586Z: [    3.399373] ima: Allocated hash algorithm: sha256
[STDERR  ] 2019-06-06T13:37:10.470559649Z: [    3.403792] evm: Initialising EVM extended attributes:
[STDERR  ] 2019-06-06T13:37:10.470572180Z: [    3.408529] evm: security.ima
[STDERR  ] 2019-06-06T13:37:10.470585561Z: [    3.411310] evm: security.capability
[STDERR  ] 2019-06-06T13:37:10.470598262Z: [    3.414651] evm: HMAC attrs: 0x1
[STDERR  ] 2019-06-06T13:37:10.470610884Z: [    3.418567] rtc_cmos 00:00: setting system clock to 2019-06-06 13:37:04 UTC (1559828224)
[STDERR  ] 2019-06-06T13:37:10.470624464Z: [    3.426071] Unstable clock detected, switching default tracing clock to "global"
[STDERR  ] 2019-06-06T13:37:10.470636654Z: [    3.426071] If you want to keep using the local clock, then add:
[STDERR  ] 2019-06-06T13:37:10.470649046Z: [    3.426071]   "trace_clock=local"
[STDERR  ] 2019-06-06T13:37:10.470661304Z: [    3.426071] on the kernel command line
[STDERR  ] 2019-06-06T13:37:10.470679916Z: [    3.445274] sr 2:0:0:0: [sr0] scsi3-mmc drive: 4x/4x cd/rw xa/form2 tray
[STDERR  ] 2019-06-06T13:37:10.470696294Z: [    3.451426] cdrom: Uniform CD-ROM driver Revision: 3.20
[STDERR  ] 2019-06-06T13:37:10.470708731Z: [    3.458269] sr 2:0:0:0: Attached scsi generic sg0 type 5
[STDERR  ] 2019-06-06T13:37:10.470721802Z: [    3.466303] Freeing unused kernel image memory: 1588K
[STDERR  ] 2019-06-06T13:37:10.470734310Z: [    3.472977] Write protecting the kernel read-only data: 18432k
[STDERR  ] 2019-06-06T13:37:10.470747697Z: [    3.480661] Freeing unused kernel image memory: 2028K
[STDERR  ] 2019-06-06T13:37:10.470760377Z: [    3.485663] Freeing unused kernel image memory: 1084K
[STDERR  ] 2019-06-06T13:37:10.470776048Z: [    3.490344] Run /init as init process
[STDERR  ] 2019-06-06T13:37:10.470788205Z: 
[STDERR  ] 2019-06-06T13:37:10.470801095Z: Welcome to LinuxKit
[STDERR  ] 2019-06-06T13:37:10.470817653Z: 
[STDERR  ] 2019-06-06T13:37:10.470829613Z:                         ##         .
[STDERR  ] 2019-06-06T13:37:10.470841450Z:                   ## ## ##        ==
[STDERR  ] 2019-06-06T13:37:10.470858817Z:                ## ## ## ## ##    ===
[STDERR  ] 2019-06-06T13:37:10.470872006Z:            /"""""""""""""""""\___/ ===
[STDERR  ] 2019-06-06T13:37:10.470884226Z:           {                       /  ===-
[STDERR  ] 2019-06-06T13:37:10.470898239Z:            \______ O           __/
[STDERR  ] 2019-06-06T13:37:10.470911218Z:              \    \         __/
[STDERR  ] 2019-06-06T13:37:10.470923965Z:               \____\_______/
[STDERR  ] 2019-06-06T13:37:10.470936162Z: 
[STDERR  ] 2019-06-06T13:37:10.470948899Z: [    4.419466] RPC: Registered named UNIX socket transport module.
[STDERR  ] 2019-06-06T13:37:10.470962220Z: [    4.425001] RPC: Registered udp transport module.
[STDERR  ] 2019-06-06T13:37:10.470980515Z: [    4.429294] RPC: Registered tcp transport module.
[STDERR  ] 2019-06-06T13:37:10.470992239Z: [    4.433680] RPC: Registered tcp NFSv4.1 backchannel transport module.
[STDERR  ] 2019-06-06T13:37:10.471004619Z: [    4.449759] FS-Cache: Netfs 'nfs' registered for caching
[STDERR  ] 2019-06-06T13:37:10.471018360Z: [    4.465003] Installing knfsd (copyright (C) 1996 okir@monad.swb.de).
[STDERR  ] 2019-06-06T13:37:10.471031028Z: [    4.474206] ntfs: driver 2.1.32 [Flags: R/O MODULE].
[STDERR  ] 2019-06-06T13:37:10.471043562Z: starting kernel config sanity test with /proc/config.gz
[STDERR  ] 2019-06-06T13:37:10.471059326Z: kernel config test succeeded!
[STDERR  ] 2019-06-06T13:37:10.471071878Z: [37minfo: reading kernel config from /proc/config.gz ...[m
[STDERR  ] 2019-06-06T13:37:10.471084692Z: 
[STDERR  ] 2019-06-06T13:37:10.471097390Z: Generally Necessary:
[STDERR  ] 2019-06-06T13:37:10.471109972Z: - [37mcgroup hierarchy[m: [32mproperly mounted[m [/sys/fs/cgroup]
[STDERR  ] 2019-06-06T13:37:10.471122093Z: - [37mCONFIG_NAMESPACES[m: [32menabled[m
[STDERR  ] 2019-06-06T13:37:10.471134424Z: - [37mCONFIG_NET_NS[m: [32menabled[m
[STDERR  ] 2019-06-06T13:37:10.471146634Z: - [37mCONFIG_PID_NS[m: [32menabled[m
[STDERR  ] 2019-06-06T13:37:10.471158648Z: - [37mCONFIG_IPC_NS[m: [32menabled[m
[STDERR  ] 2019-06-06T13:37:10.471170823Z: - [37mCONFIG_UTS_NS[m: [32menabled[m
[STDERR  ] 2019-06-06T13:37:10.471183275Z: - [37mCONFIG_CGROUPS[m: [32menabled[m
[STDERR  ] 2019-06-06T13:37:10.471196094Z: - [37mCONFIG_CGROUP_CPUACCT[m: [32menabled[m
[STDERR  ] 2019-06-06T13:37:10.471208190Z: - [37mCONFIG_CGROUP_DEVICE[m: [32menabled[m
[STDERR  ] 2019-06-06T13:37:10.471220507Z: - [37mCONFIG_CGROUP_FREEZER[m: [32menabled[m
[STDERR  ] 2019-06-06T13:37:10.471243821Z: - [37mCONFIG_CGROUP_SCHED[m: [32menabled[m
[STDERR  ] 2019-06-06T13:37:10.471256503Z: - [37mCONFIG_CPUSETS[m: [32menabled[m
[STDERR  ] 2019-06-06T13:37:10.471271807Z: - [37mCONFIG_MEMCG[m: [32menabled[m
[STDERR  ] 2019-06-06T13:37:10.471284134Z: - [37mCONFIG_KEYS[m: [32menabled[m
[STDERR  ] 2019-06-06T13:37:10.471304745Z: - [37mCONFIG_VETH[m: [32menabled[m
[STDERR  ] 2019-06-06T13:37:10.471322247Z: - [37mCONFIG_BRIDGE[m: [32menabled[m
[STDERR  ] 2019-06-06T13:37:10.471334919Z: - [37mCONFIG_BRIDGE_NETFILTER[m: [32menabled[m
[STDERR  ] 2019-06-06T13:37:10.471347863Z: - [37mCONFIG_NF_NAT_IPV4[m: [32menabled[m
[STDERR  ] 2019-06-06T13:37:10.471360421Z: - [37mCONFIG_IP_NF_FILTER[m: [32menabled[m
[STDERR  ] 2019-06-06T13:37:10.471373141Z: - [37mCONFIG_IP_NF_TARGET_MASQUERADE[m: [32menabled[m
[STDERR  ] 2019-06-06T13:37:10.471385755Z: - [37mCONFIG_NETFILTER_XT_MATCH_ADDRTYPE[m: [32menabled[m
[STDERR  ] 2019-06-06T13:37:10.471398723Z: - [37mCONFIG_NETFILTER_XT_MATCH_CONNTRACK[m: [32menabled[m
[STDERR  ] 2019-06-06T13:37:10.471411066Z: - [37mCONFIG_NETFILTER_XT_MATCH_IPVS[m: [32menabled[m
[STDERR  ] 2019-06-06T13:37:10.471423981Z: - [37mCONFIG_IP_NF_NAT[m: [32menabled[m
[STDERR  ] 2019-06-06T13:37:10.471436085Z: - [37mCONFIG_NF_NAT[m: [32menabled[m
[STDERR  ] 2019-06-06T13:37:10.471457288Z: - [37mCONFIG_NF_NAT_NEEDED[m: [32menabled[m
[STDERR  ] 2019-06-06T13:37:10.471469347Z: - [37mCONFIG_POSIX_MQUEUE[m: [32menabled[m
[STDERR  ] 2019-06-06T13:37:10.471485493Z: 
[STDERR  ] 2019-06-06T13:37:10.471502934Z: Optional Features:
[STDERR  ] 2019-06-06T13:37:10.471514922Z: - [37mCONFIG_USER_NS[m: [32menabled[m
[STDERR  ] 2019-06-06T13:37:10.471527235Z: - [37mCONFIG_SECCOMP[m: [32menabled[m
[STDERR  ] 2019-06-06T13:37:10.471539403Z: - [37mCONFIG_CGROUP_PIDS[m: [32menabled[m
[STDERR  ] 2019-06-06T13:37:10.471551126Z: - [37mCONFIG_MEMCG_SWAP[m: [32menabled[m
[STDERR  ] 2019-06-06T13:37:10.471562546Z: - [37mCONFIG_MEMCG_SWAP_ENABLED[m: [32menabled[m
[STDERR  ] 2019-06-06T13:37:10.471576915Z:     [1;30m(cgroup swap accounting is currently enabled)[m
[STDERR  ] 2019-06-06T13:37:10.471589000Z: - [1mCONFIG_LEGACY_VSYSCALL_NONE[m: [1;31menabled[m
[STDERR  ] 2019-06-06T13:37:10.471601297Z:     [1;30m(containers using eglibc <= 2.13 will not work. Switch to[m
[STDERR  ] 2019-06-06T13:37:10.471614083Z:     [1;30m "CONFIG_VSYSCALL_[NATIVE|EMULATE]" or use "vsyscall=[native|emulate]"[m
[STDERR  ] 2019-06-06T13:37:10.471625780Z:     [1;30m on kernel command line. Note that this will disable ASLR for the,[m
[STDERR  ] 2019-06-06T13:37:10.471637716Z:     [1;30m VDSO which may assist in exploiting security vulnerabilities.)[m
[STDERR  ] 2019-06-06T13:37:10.471649710Z: - [37mCONFIG_BLK_CGROUP[m: [32menabled[m
[STDERR  ] 2019-06-06T13:37:10.471662293Z: - [37mCONFIG_BLK_DEV_THROTTLING[m: [32menabled[m
[STDERR  ] 2019-06-06T13:37:10.471674575Z: - [37mCONFIG_IOSCHED_CFQ[m: [32menabled[m
[STDERR  ] 2019-06-06T13:37:10.471686850Z: - [37mCONFIG_CFQ_GROUP_IOSCHED[m: [32menabled[m
[STDERR  ] 2019-06-06T13:37:10.471699255Z: - [37mCONFIG_CGROUP_PERF[m: [32menabled[m
[STDERR  ] 2019-06-06T13:37:10.471710931Z: - [37mCONFIG_CGROUP_HUGETLB[m: [32menabled[m
[STDERR  ] 2019-06-06T13:37:10.471722989Z: - [37mCONFIG_NET_CLS_CGROUP[m: [32menabled[m
[STDERR  ] 2019-06-06T13:37:10.471735778Z: - [37mCONFIG_CGROUP_NET_PRIO[m: [32menabled[m
[STDERR  ] 2019-06-06T13:37:10.471747893Z: - [37mCONFIG_CFS_BANDWIDTH[m: [32menabled[m
[STDERR  ] 2019-06-06T13:37:10.471763406Z: - [37mCONFIG_FAIR_GROUP_SCHED[m: [32menabled[m
[STDERR  ] 2019-06-06T13:37:10.471775901Z: - [37mCONFIG_RT_GROUP_SCHED[m: [32menabled[m
[STDERR  ] 2019-06-06T13:37:10.471787884Z: - [37mCONFIG_IP_NF_TARGET_REDIRECT[m: [32menabled[m
[STDERR  ] 2019-06-06T13:37:10.471799963Z: - [37mCONFIG_IP_VS[m: [32menabled[m
[STDERR  ] 2019-06-06T13:37:10.471811523Z: - [37mCONFIG_IP_VS_NFCT[m: [32menabled[m
[STDERR  ] 2019-06-06T13:37:10.471823497Z: - [37mCONFIG_IP_VS_PROTO_TCP[m: [32menabled[m
[STDERR  ] 2019-06-06T13:37:10.471839157Z: - [37mCONFIG_IP_VS_PROTO_UDP[m: [32menabled[m
[STDERR  ] 2019-06-06T13:37:10.471851015Z: - [37mCONFIG_IP_VS_RR[m: [32menabled[m
[STDERR  ] 2019-06-06T13:37:10.471863061Z: - [37mCONFIG_EXT4_FS[m: [32menabled[m
[STDERR  ] 2019-06-06T13:37:10.471875158Z: - [37mCONFIG_EXT4_FS_POSIX_ACL[m: [32menabled[m
[STDERR  ] 2019-06-06T13:37:10.471892759Z: - [37mCONFIG_EXT4_FS_SECURITY[m: [32menabled[m
[STDERR  ] 2019-06-06T13:37:10.471904795Z: - Network Drivers:
[STDERR  ] 2019-06-06T13:37:10.471917188Z:   - "[34moverlay[m":
[STDERR  ] 2019-06-06T13:37:10.471929347Z:     - [37mCONFIG_VXLAN[m: [32menabled[m
[STDERR  ] 2019-06-06T13:37:10.471941551Z:       Optional (for encrypted networks):
[STDERR  ] 2019-06-06T13:37:10.471953946Z:       - [37mCONFIG_CRYPTO[m: [32menabled[m
[STDERR  ] 2019-06-06T13:37:10.471965853Z:       - [37mCONFIG_CRYPTO_AEAD[m: [32menabled[m
[STDERR  ] 2019-06-06T13:37:10.471977542Z:       - [37mCONFIG_CRYPTO_GCM[m: [32menabled[m
[STDERR  ] 2019-06-06T13:37:10.471989780Z:       - [37mCONFIG_CRYPTO_SEQIV[m: [32menabled[m
[STDERR  ] 2019-06-06T13:37:10.472002146Z:       - [37mCONFIG_CRYPTO_GHASH[m: [32menabled[m
[STDERR  ] 2019-06-06T13:37:10.472014322Z:       - [37mCONFIG_XFRM[m: [32menabled[m
[STDERR  ] 2019-06-06T13:37:10.472026746Z:       - [37mCONFIG_XFRM_USER[m: [32menabled (as module)[m
[STDERR  ] 2019-06-06T13:37:10.472039151Z:       - [37mCONFIG_XFRM_ALGO[m: [32menabled (as module)[m
[STDERR  ] 2019-06-06T13:37:10.472056954Z:       - [37mCONFIG_INET_ESP[m: [32menabled (as module)[m
[STDERR  ] 2019-06-06T13:37:10.472069450Z:       - [37mCONFIG_INET_XFRM_MODE_TRANSPORT[m: [32menabled (as module)[m
[STDERR  ] 2019-06-06T13:37:10.472081582Z:   - "[34mipvlan[m":
[STDERR  ] 2019-06-06T13:37:10.472095072Z:     - [37mCONFIG_IPVLAN[m: [32menabled[m
[STDERR  ] 2019-06-06T13:37:10.472109843Z:   - "[34mmacvlan[m":
[STDERR  ] 2019-06-06T13:37:10.472121681Z:     - [37mCONFIG_MACVLAN[m: [32menabled[m
[STDERR  ] 2019-06-06T13:37:10.472133819Z:     - [37mCONFIG_DUMMY[m: [32menabled (as module)[m
[STDERR  ] 2019-06-06T13:37:10.472187892Z:   - "[34mftp,tftp client in container[m":
[STDERR  ] 2019-06-06T13:37:10.472201416Z:     - [37mCONFIG_NF_NAT_FTP[m: [32menabled[m
[STDERR  ] 2019-06-06T13:37:10.472213645Z:     - [37mCONFIG_NF_CONNTRACK_FTP[m: [32menabled[m
[STDERR  ] 2019-06-06T13:37:10.472225583Z:     - [37mCONFIG_NF_NAT_TFTP[m: [32menabled[m
[STDERR  ] 2019-06-06T13:37:10.472237368Z:     - [37mCONFIG_NF_CONNTRACK_TFTP[m: [32menabled[m
[STDERR  ] 2019-06-06T13:37:10.472249486Z: - Storage Drivers:
[STDERR  ] 2019-06-06T13:37:10.472263790Z:   - "[34maufs[m":
[STDERR  ] 2019-06-06T13:37:10.472277372Z:     - [1mCONFIG_AUFS_FS[m: [1;31mmissing[m
[STDERR  ] 2019-06-06T13:37:10.472289612Z:   - "[34mbtrfs[m":
[STDERR  ] 2019-06-06T13:37:10.472301734Z:     - [37mCONFIG_BTRFS_FS[m: [32menabled (as module)[m
[STDERR  ] 2019-06-06T13:37:10.472314279Z:     - [37mCONFIG_BTRFS_FS_POSIX_ACL[m: [32menabled[m
[STDERR  ] 2019-06-06T13:37:10.472326607Z:   - "[34mdevicemapper[m":
[STDERR  ] 2019-06-06T13:37:10.472338391Z:     - [37mCONFIG_BLK_DEV_DM[m: [32menabled[m
[STDERR  ] 2019-06-06T13:37:10.472350479Z:     - [37mCONFIG_DM_THIN_PROVISIONING[m: [32menabled[m
[STDERR  ] 2019-06-06T13:37:10.472366049Z:   - "[34moverlay[m":
[STDERR  ] 2019-06-06T13:37:10.472377985Z:     - [37mCONFIG_OVERLAY_FS[m: [32menabled[m
[STDERR  ] 2019-06-06T13:37:10.472390640Z:   - "[34mzfs[m":
[STDERR  ] 2019-06-06T13:37:10.472403084Z:     - [1m/dev/zfs[m: [1;31mmissing[m
[STDERR  ] 2019-06-06T13:37:10.472415357Z:     - [1mzfs command[m: [1;31mmissing[m
[STDERR  ] 2019-06-06T13:37:10.472427874Z:     - [1mzpool command[m: [1;31mmissing[m
[STDERR  ] 2019-06-06T13:37:10.472440821Z: 
[STDERR  ] 2019-06-06T13:37:10.472462544Z: Limits:
[STDERR  ] 2019-06-06T13:37:10.472474591Z: [37m- /proc/sys/kernel/keys/root_maxkeys[m: [32m1000000[m
[STDERR  ] 2019-06-06T13:37:10.472487450Z: 
[STDERR  ] 2019-06-06T13:37:10.472499675Z: Kernel config test suite PASSED
[STDERR  ] 2019-06-06T13:37:10.472512218Z: [    8.748371] ACPI: Preparing to enter system sleep state S5
[STDERR  ] 2019-06-06T13:37:10.472524279Z: [    8.753698] reboot: Power down
[STDERR  ] 2019-06-06T13:37:10.472796430Z: + grep -q suite PASSED
[STDERR  ] 2019-06-06T13:37:10.473564505Z: + echo [    0.000000] Linux version 4.19.47-linuxkit (root@5990f4b80ed1) (gcc version 8.3.0 (Alpine 8.3.0)) #1 SMP Sat Jun 1 16:59:48 UTC 2019
[STDERR  ] 2019-06-06T13:37:10.473604626Z: [    0.000000] Command line: console=ttyS0 console=ttyAMA0
[STDERR  ] 2019-06-06T13:37:10.473618198Z: [    0.000000] x86/fpu: x87 FPU will use FXSAVE
[STDERR  ] 2019-06-06T13:37:10.473631131Z: [    0.000000] BIOS-provided physical RAM map:
[STDERR  ] 2019-06-06T13:37:10.473645807Z: [    0.000000] BIOS-e820: [mem 0x0000000000000000-0x000000000009fbff] usable
[STDERR  ] 2019-06-06T13:37:10.473659188Z: [    0.000000] BIOS-e820: [mem 0x000000000009fc00-0x000000000009ffff] reserved
[STDERR  ] 2019-06-06T13:37:10.473671796Z: [    0.000000] BIOS-e820: [mem 0x00000000000f0000-0x00000000000fffff] reserved
[STDERR  ] 2019-06-06T13:37:10.473689508Z: [    0.000000] BIOS-e820: [mem 0x0000000000100000-0x000000003ffdefff] usable
[STDERR  ] 2019-06-06T13:37:10.473702189Z: [    0.000000] BIOS-e820: [mem 0x000000003ffdf000-0x000000003fffffff] reserved
[STDERR  ] 2019-06-06T13:37:10.473714903Z: [    0.000000] BIOS-e820: [mem 0x00000000b0000000-0x00000000bfffffff] reserved
[STDERR  ] 2019-06-06T13:37:10.473734801Z: [    0.000000] BIOS-e820: [mem 0x00000000fed1c000-0x00000000fed1ffff] reserved
[STDERR  ] 2019-06-06T13:37:10.473747700Z: [    0.000000] BIOS-e820: [mem 0x00000000feffc000-0x00000000feffffff] reserved
[STDERR  ] 2019-06-06T13:37:10.473760180Z: [    0.000000] BIOS-e820: [mem 0x00000000fffc0000-0x00000000ffffffff] reserved
[STDERR  ] 2019-06-06T13:37:10.473772881Z: [    0.000000] NX (Execute Disable) protection: active
[STDERR  ] 2019-06-06T13:37:10.473785344Z: [    0.000000] SMBIOS 2.8 present.
[STDERR  ] 2019-06-06T13:37:10.473802315Z: [    0.000000] DMI: QEMU Standard PC (Q35 + ICH9, 2009), BIOS 1.10.2-1 04/01/2014
[STDERR  ] 2019-06-06T13:37:10.473815159Z: [    0.000000] Hypervisor detected: KVM
[STDERR  ] 2019-06-06T13:37:10.473828164Z: [    0.000000] kvm-clock: Using msrs 4b564d01 and 4b564d00
[STDERR  ] 2019-06-06T13:37:10.473840627Z: [    0.558437] kvm-clock: cpu 0, msr 1e81e001, primary cpu clock
[STDERR  ] 2019-06-06T13:37:10.473853150Z: [    0.558437] clocksource: kvm-clock: mask: 0xffffffffffffffff max_cycles: 0x1cd42e4dffb, max_idle_ns: 881590591483 ns
[STDERR  ] 2019-06-06T13:37:10.473867208Z: [    0.558450] tsc: Detected 2299.794 MHz processor
[STDERR  ] 2019-06-06T13:37:10.473882639Z: [    0.561664] last_pfn = 0x3ffdf max_arch_pfn = 0x400000000
[STDERR  ] 2019-06-06T13:37:10.473897773Z: [    0.562293] x86/PAT: PAT not supported by CPU.
[STDERR  ] 2019-06-06T13:37:10.473910149Z: [    0.562351] x86/PAT: Configuration [0-7]: WB  WT  UC- UC  WB  WT  UC- UC  
[STDERR  ] 2019-06-06T13:37:10.473921948Z: [    0.572940] found SMP MP-table at [mem 0x000f6a90-0x000f6a9f]
[STDERR  ] 2019-06-06T13:37:10.473934474Z: [    0.573356] RAMDISK: [mem 0x3e00f000-0x3ffcffff]
[STDERR  ] 2019-06-06T13:37:10.473946947Z: [    0.573581] ACPI: Early table checksum verification disabled
[STDERR  ] 2019-06-06T13:37:10.473959394Z: [    0.573719] ACPI: RSDP 0x00000000000F68D0 000014 (v00 BOCHS )
[STDERR  ] 2019-06-06T13:37:10.473971400Z: [    0.573728] ACPI: RSDT 0x000000003FFE2404 000034 (v01 BOCHS  BXPCRSDT 00000001 BXPC 00000001)
[STDERR  ] 2019-06-06T13:37:10.473984780Z: [    0.573743] ACPI: FACP 0x000000003FFE22A4 000074 (v01 BOCHS  BXPCFACP 00000001 BXPC 00000001)
[STDERR  ] 2019-06-06T13:37:10.473996899Z: [    0.573750] ACPI: DSDT 0x000000003FFE0040 002264 (v01 BOCHS  BXPCDSDT 00000001 BXPC 00000001)
[STDERR  ] 2019-06-06T13:37:10.474009070Z: [    0.573755] ACPI: FACS 0x000000003FFE0000 000040
[STDERR  ] 2019-06-06T13:37:10.474021938Z: [    0.573759] ACPI: APIC 0x000000003FFE2318 000078 (v01 BOCHS  BXPCAPIC 00000001 BXPC 00000001)
[STDERR  ] 2019-06-06T13:37:10.474037450Z: [    0.573763] ACPI: HPET 0x000000003FFE2390 000038 (v01 BOCHS  BXPCHPET 00000001 BXPC 00000001)
[STDERR  ] 2019-06-06T13:37:10.474050253Z: [    0.573767] ACPI: MCFG 0x000000003FFE23C8 00003C (v01 BOCHS  BXPCMCFG 00000001 BXPC 00000001)
[STDERR  ] 2019-06-06T13:37:10.474062478Z: [    0.574533] Zone ranges:
[STDERR  ] 2019-06-06T13:37:10.474081673Z: [    0.574535]   DMA      [mem 0x0000000000001000-0x0000000000ffffff]
[STDERR  ] 2019-06-06T13:37:10.474094128Z: [    0.574537]   DMA32    [mem 0x0000000001000000-0x000000003ffdefff]
[STDERR  ] 2019-06-06T13:37:10.474108057Z: [    0.574538]   Normal   empty
[STDERR  ] 2019-06-06T13:37:10.474127904Z: [    0.574540]   Device   empty
[STDERR  ] 2019-06-06T13:37:10.474140594Z: [    0.574541] Movable zone start for each node
[STDERR  ] 2019-06-06T13:37:10.474152682Z: [    0.574542] Early memory node ranges
[STDERR  ] 2019-06-06T13:37:10.474164744Z: [    0.574544]   node   0: [mem 0x0000000000001000-0x000000000009efff]
[STDERR  ] 2019-06-06T13:37:10.474177283Z: [    0.574545]   node   0: [mem 0x0000000000100000-0x000000003ffdefff]
[STDERR  ] 2019-06-06T13:37:10.474190002Z: [    0.575067] Reserved but unavailable: 98 pages
[STDERR  ] 2019-06-06T13:37:10.474202404Z: [    0.575069] Initmem setup node 0 [mem 0x0000000000001000-0x000000003ffdefff]
[STDERR  ] 2019-06-06T13:37:10.474238401Z: [    0.586480] ACPI: PM-Timer IO Port: 0x608
[STDERR  ] 2019-06-06T13:37:10.474256980Z: [    0.586529] ACPI: LAPIC_NMI (acpi_id[0xff] dfl dfl lint[0x1])
[STDERR  ] 2019-06-06T13:37:10.474269789Z: [    0.586796] IOAPIC[0]: apic_id 0, version 17, address 0xfec00000, GSI 0-23
[STDERR  ] 2019-06-06T13:37:10.474282287Z: [    0.586800] ACPI: INT_SRC_OVR (bus 0 bus_irq 0 global_irq 2 dfl dfl)
[STDERR  ] 2019-06-06T13:37:10.474294969Z: [    0.586802] ACPI: INT_SRC_OVR (bus 0 bus_irq 5 global_irq 5 high level)
[STDERR  ] 2019-06-06T13:37:10.474307172Z: [    0.586804] ACPI: INT_SRC_OVR (bus 0 bus_irq 9 global_irq 9 high level)
[STDERR  ] 2019-06-06T13:37:10.474324680Z: [    0.586810] ACPI: INT_SRC_OVR (bus 0 bus_irq 10 global_irq 10 high level)
[STDERR  ] 2019-06-06T13:37:10.474336740Z: [    0.586812] ACPI: INT_SRC_OVR (bus 0 bus_irq 11 global_irq 11 high level)
[STDERR  ] 2019-06-06T13:37:10.474348906Z: [    0.586820] Using ACPI (MADT) for SMP configuration information
[STDERR  ] 2019-06-06T13:37:10.474366232Z: [    0.586822] ACPI: HPET id: 0x8086a201 base: 0xfed00000
[STDERR  ] 2019-06-06T13:37:10.474379081Z: [    0.586865] smpboot: Allowing 1 CPUs, 0 hotplug CPUs
[STDERR  ] 2019-06-06T13:37:10.474391491Z: [    0.586988] [mem 0x40000000-0xafffffff] available for PCI devices
[STDERR  ] 2019-06-06T13:37:10.474403824Z: [    0.586989] Booting paravirtualized kernel on KVM
[STDERR  ] 2019-06-06T13:37:10.474415693Z: [    0.586991] clocksource: refined-jiffies: mask: 0xffffffff max_cycles: 0xffffffff, max_idle_ns: 1910969940391419 ns
[STDERR  ] 2019-06-06T13:37:10.474428623Z: [    0.689825] random: get_random_bytes called from start_kernel+0x91/0x512 with crng_init=0
[STDERR  ] 2019-06-06T13:37:10.474441243Z: [    0.689845] setup_percpu: NR_CPUS:128 nr_cpumask_bits:128 nr_cpu_ids:1 nr_node_ids:1
[STDERR  ] 2019-06-06T13:37:10.474462612Z: [    0.690634] percpu: Embedded 45 pages/cpu s145112 r8192 d31016 u2097152
[STDERR  ] 2019-06-06T13:37:10.474475361Z: [    0.690743] KVM setup async PF for cpu 0
[STDERR  ] 2019-06-06T13:37:10.474487982Z: [    0.690796] kvm-stealtime: cpu 0, msr 3cc15e80
[STDERR  ] 2019-06-06T13:37:10.474500305Z: [    0.690825] Built 1 zonelists, mobility grouping on.  Total pages: 257896
[STDERR  ] 2019-06-06T13:37:10.474515631Z: [    0.690828] Kernel command line: console=ttyS0 console=ttyAMA0
[STDERR  ] 2019-06-06T13:37:10.474527973Z: [    0.690973] Dentry cache hash table entries: 131072 (order: 8, 1048576 bytes)
[STDERR  ] 2019-06-06T13:37:10.474540570Z: [    0.690997] Inode-cache hash table entries: 65536 (order: 7, 524288 bytes)
[STDERR  ] 2019-06-06T13:37:10.474556777Z: [    0.694739] Memory: 968620K/1048052K available (12300K kernel code, 1583K rwdata, 3012K rodata, 1588K init, 2020K bss, 79432K reserved, 0K cma-reserved)
[STDERR  ] 2019-06-06T13:37:10.474569579Z: [    0.695507] Kernel/User page tables isolation: enabled
[STDERR  ] 2019-06-06T13:37:10.474581738Z: [    0.695667] ftrace: allocating 43122 entries in 169 pages
[STDERR  ] 2019-06-06T13:37:10.474593995Z: [    0.718458] rcu: Hierarchical RCU implementation.
[STDERR  ] 2019-06-06T13:37:10.474610457Z: [    0.718462] rcu: 	RCU restricting CPUs from NR_CPUS=128 to nr_cpu_ids=1.
[STDERR  ] 2019-06-06T13:37:10.474623153Z: [    0.718464] rcu: Adjusting geometry for rcu_fanout_leaf=16, nr_cpu_ids=1
[STDERR  ] 2019-06-06T13:37:10.474635607Z: [    0.721217] NR_IRQS: 8448, nr_irqs: 256, preallocated irqs: 16
[STDERR  ] 2019-06-06T13:37:10.474647859Z: [    0.747841] Console: colour VGA+ 80x25
[STDERR  ] 2019-06-06T13:37:10.474659790Z: [    1.185126] console [ttyS0] enabled
[STDERR  ] 2019-06-06T13:37:10.474675841Z: [    1.188367] ACPI: Core revision 20180810
[STDERR  ] 2019-06-06T13:37:10.474690963Z: [    1.192789] clocksource: hpet: mask: 0xffffffff max_cycles: 0xffffffff, max_idle_ns: 19112604467 ns
[STDERR  ] 2019-06-06T13:37:10.474703450Z: [    1.201679] APIC: Switch to symmetric I/O mode setup
[STDERR  ] 2019-06-06T13:37:10.474715761Z: [    1.208226] x2apic enabled
[STDERR  ] 2019-06-06T13:37:10.474728735Z: [    1.212681] Switched APIC routing to physical x2apic.
[STDERR  ] 2019-06-06T13:37:10.474740910Z: [    1.227049] ..TIMER: vector=0x30 apic1=0 pin1=2 apic2=-1 pin2=-1
[STDERR  ] 2019-06-06T13:37:10.474756881Z: [    1.232788] clocksource: tsc-early: mask: 0xffffffffffffffff max_cycles: 0x2126729a497, max_idle_ns: 440795257173 ns
[STDERR  ] 2019-06-06T13:37:10.474769415Z: [    1.243907] Calibrating delay loop (skipped) preset value.. 4599.58 BogoMIPS (lpj=2299794)
[STDERR  ] 2019-06-06T13:37:10.474781546Z: [    1.244886] pid_max: default: 32768 minimum: 301
[STDERR  ] 2019-06-06T13:37:10.474793929Z: [    1.246002] Security Framework initialized
[STDERR  ] 2019-06-06T13:37:10.474809130Z: [    1.246884] Yama: becoming mindful.
[STDERR  ] 2019-06-06T13:37:10.474822636Z: [    1.247927] Mount-cache hash table entries: 2048 (order: 2, 16384 bytes)
[STDERR  ] 2019-06-06T13:37:10.474835501Z: [    1.248890] Mountpoint-cache hash table entries: 2048 (order: 2, 16384 bytes)
[STDERR  ] 2019-06-06T13:37:10.474847140Z: [    1.251933] Last level iTLB entries: 4KB 0, 2MB 0, 4MB 0
[STDERR  ] 2019-06-06T13:37:10.474859135Z: [    1.252888] Last level dTLB entries: 4KB 0, 2MB 0, 4MB 0, 1GB 0
[STDERR  ] 2019-06-06T13:37:10.474871896Z: [    1.253888] Spectre V2 : Mitigation: Full generic retpoline
[STDERR  ] 2019-06-06T13:37:10.474884438Z: [    1.254884] Spectre V2 : Spectre v2 / SpectreRSB mitigation: Filling RSB on context switch
[STDERR  ] 2019-06-06T13:37:10.474897020Z: [    1.255884] Speculative Store Bypass: Vulnerable
[STDERR  ] 2019-06-06T13:37:10.474909346Z: [    1.256902] MDS: Vulnerable: Clear CPU buffers attempted, no microcode
[STDERR  ] 2019-06-06T13:37:10.474921531Z: [    1.267056] Freeing SMP alternatives memory: 20K
[STDERR  ] 2019-06-06T13:37:10.474933314Z: [    1.269878] smpboot: CPU0: Intel QEMU Virtual CPU version 2.5+ (family: 0x6, model: 0x6, stepping: 0x3)
[STDERR  ] 2019-06-06T13:37:10.474945898Z: [    1.270063] Performance Events: PMU not available due to virtualization, using software events only.
[STDERR  ] 2019-06-06T13:37:10.474957958Z: [    1.272300] rcu: Hierarchical SRCU implementation.
[STDERR  ] 2019-06-06T13:37:10.474969955Z: [    1.273021] NMI watchdog: Perf NMI watchdog permanently disabled
[STDERR  ] 2019-06-06T13:37:10.474982655Z: [    1.274963] smp: Bringing up secondary CPUs ...
[STDERR  ] 2019-06-06T13:37:10.474994862Z: [    1.275887] smp: Brought up 1 node, 1 CPU
[STDERR  ] 2019-06-06T13:37:10.475007102Z: [    1.276885] smpboot: Max logical packages: 1
[STDERR  ] 2019-06-06T13:37:10.475018775Z: [    1.277887] smpboot: Total of 1 processors activated (4599.58 BogoMIPS)
[STDERR  ] 2019-06-06T13:37:10.475030572Z: [    1.280020] devtmpfs: initialized
[STDERR  ] 2019-06-06T13:37:10.475043017Z: [    1.280969] x86/mm: Memory block size: 128MB
[STDERR  ] 2019-06-06T13:37:10.475055533Z: [    1.282320] clocksource: jiffies: mask: 0xffffffff max_cycles: 0xffffffff, max_idle_ns: 1911260446275000 ns
[STDERR  ] 2019-06-06T13:37:10.475068328Z: [    1.282892] futex hash table entries: 256 (order: 2, 16384 bytes)
[STDERR  ] 2019-06-06T13:37:10.475085390Z: [    1.284184] NET: Registered protocol family 16
[STDERR  ] 2019-06-06T13:37:10.475098204Z: [    1.285041] audit: initializing netlink subsys (disabled)
[STDERR  ] 2019-06-06T13:37:10.475110538Z: [    1.286030] cpuidle: using governor ladder
[STDERR  ] 2019-06-06T13:37:10.475122374Z: [    1.286887] cpuidle: using governor menu
[STDERR  ] 2019-06-06T13:37:10.475134448Z: [    1.288011] ACPI: bus type PCI registered
[STDERR  ] 2019-06-06T13:37:10.475153084Z: [    1.288885] acpiphp: ACPI Hot Plug PCI Controller Driver version: 0.5
[STDERR  ] 2019-06-06T13:37:10.475167050Z: [    1.289896] audit: type=2000 audit(1559828221.946:1): state=initialized audit_enabled=0 res=1
[STDERR  ] 2019-06-06T13:37:10.475179992Z: [    1.292456] PCI: MMCONFIG for domain 0000 [bus 00-ff] at [mem 0xb0000000-0xbfffffff] (base 0xb0000000)
[STDERR  ] 2019-06-06T13:37:10.475192594Z: [    1.292891] PCI: MMCONFIG at [mem 0xb0000000-0xbfffffff] reserved in E820
[STDERR  ] 2019-06-06T13:37:10.475207658Z: [    1.293902] PCI: Using configuration type 1 for base access
[STDERR  ] 2019-06-06T13:37:10.475220250Z: [    1.297287] HugeTLB registered 2.00 MiB page size, pre-allocated 0 pages
[STDERR  ] 2019-06-06T13:37:10.475237070Z: [    1.298071] cryptd: max_cpu_qlen set to 1000
[STDERR  ] 2019-06-06T13:37:10.475249268Z: [    1.299068] ACPI: Added _OSI(Module Device)
[STDERR  ] 2019-06-06T13:37:10.475261652Z: [    1.299894] ACPI: Added _OSI(Processor Device)
[STDERR  ] 2019-06-06T13:37:10.475273720Z: [    1.300884] ACPI: Added _OSI(3.0 _SCP Extensions)
[STDERR  ] 2019-06-06T13:37:10.475289596Z: [    1.301885] ACPI: Added _OSI(Processor Aggregator Device)
[STDERR  ] 2019-06-06T13:37:10.475304390Z: [    1.302906] ACPI: Added _OSI(Linux-Dell-Video)
[STDERR  ] 2019-06-06T13:37:10.475317020Z: [    1.303885] ACPI: Added _OSI(Linux-Lenovo-NV-HDMI-Audio)
[STDERR  ] 2019-06-06T13:37:10.475329603Z: [    1.306469] ACPI: 1 ACPI AML tables successfully acquired and loaded
[STDERR  ] 2019-06-06T13:37:10.475341902Z: [    1.310062] ACPI: Interpreter enabled
[STDERR  ] 2019-06-06T13:37:10.475354442Z: [    1.310896] ACPI: (supports S0 S5)
[STDERR  ] 2019-06-06T13:37:10.475366549Z: [    1.311884] ACPI: Using IOAPIC for interrupt routing
[STDERR  ] 2019-06-06T13:37:10.475378241Z: [    1.312950] PCI: Using host bridge windows from ACPI; if necessary, use "pci=nocrs" and report a bug
[STDERR  ] 2019-06-06T13:37:10.475390134Z: [    1.315096] ACPI: Enabled 2 GPEs in block 00 to 3F
[STDERR  ] 2019-06-06T13:37:10.475402029Z: [    1.320185] ACPI: PCI Root Bridge [PCI0] (domain 0000 [bus 00-ff])
[STDERR  ] 2019-06-06T13:37:10.475414312Z: [    1.320899] acpi PNP0A08:00: _OSC: OS supports [ExtendedConfig ASPM ClockPM Segments MSI]
[STDERR  ] 2019-06-06T13:37:10.475426853Z: [    1.321999] acpi PNP0A08:00: _OSC: platform does not support [SHPCHotplug LTR]
[STDERR  ] 2019-06-06T13:37:10.475439244Z: [    1.322981] acpi PNP0A08:00: _OSC: OS now controls [PCIeHotplug PME PCIeCapability]
[STDERR  ] 2019-06-06T13:37:10.475459983Z: [    1.324293] PCI host bridge to bus 0000:00
[STDERR  ] 2019-06-06T13:37:10.475472299Z: [    1.324888] pci_bus 0000:00: root bus resource [io  0x0000-0x0cf7 window]
[STDERR  ] 2019-06-06T13:37:10.475484052Z: [    1.325886] pci_bus 0000:00: root bus resource [io  0x0d00-0xffff window]
[STDERR  ] 2019-06-06T13:37:10.475496505Z: [    1.326888] pci_bus 0000:00: root bus resource [mem 0x000a0000-0x000bffff window]
[STDERR  ] 2019-06-06T13:37:10.475508940Z: [    1.327889] pci_bus 0000:00: root bus resource [mem 0xc0000000-0xfebfffff window]
[STDERR  ] 2019-06-06T13:37:10.475521791Z: [    1.328890] pci_bus 0000:00: root bus resource [bus 00-ff]
[STDERR  ] 2019-06-06T13:37:10.475533826Z: [    1.397475] pci 0000:00:1f.0: quirk: [io  0x0600-0x067f] claimed by ICH6 ACPI/GPIO/TCO
[STDERR  ] 2019-06-06T13:37:10.475545448Z: [    1.425794] ACPI: PCI Interrupt Link [LNKA] (IRQs 5 *10 11)
[STDERR  ] 2019-06-06T13:37:10.475557561Z: [    1.426189] ACPI: PCI Interrupt Link [LNKB] (IRQs 5 *10 11)
[STDERR  ] 2019-06-06T13:37:10.475569265Z: [    1.427200] ACPI: PCI Interrupt Link [LNKC] (IRQs 5 10 *11)
[STDERR  ] 2019-06-06T13:37:10.475586129Z: [    1.428886] ACPI: PCI Interrupt Link [LNKD] (IRQs 5 10 *11)
[STDERR  ] 2019-06-06T13:37:10.475598307Z: [    1.430179] ACPI: PCI Interrupt Link [LNKE] (IRQs 5 *10 11)
[STDERR  ] 2019-06-06T13:37:10.475610759Z: [    1.431162] ACPI: PCI Interrupt Link [LNKF] (IRQs 5 *10 11)
[STDERR  ] 2019-06-06T13:37:10.475622954Z: [    1.433050] ACPI: PCI Interrupt Link [LNKG] (IRQs 5 10 *11)
[STDERR  ] 2019-06-06T13:37:10.475635312Z: [    1.434177] ACPI: PCI Interrupt Link [LNKH] (IRQs 5 10 *11)
[STDERR  ] 2019-06-06T13:37:10.475649841Z: [    1.435025] ACPI: PCI Interrupt Link [GSIA] (IRQs *16)
[STDERR  ] 2019-06-06T13:37:10.475665090Z: [    1.435903] ACPI: PCI Interrupt Link [GSIB] (IRQs *17)
[STDERR  ] 2019-06-06T13:37:10.475677296Z: [    1.436911] ACPI: PCI Interrupt Link [GSIC] (IRQs *18)
[STDERR  ] 2019-06-06T13:37:10.475689667Z: [    1.437910] ACPI: PCI Interrupt Link [GSID] (IRQs *19)
[STDERR  ] 2019-06-06T13:37:10.475701614Z: [    1.438905] ACPI: PCI Interrupt Link [GSIE] (IRQs *20)
[STDERR  ] 2019-06-06T13:37:10.475713982Z: [    1.439905] ACPI: PCI Interrupt Link [GSIF] (IRQs *21)
[STDERR  ] 2019-06-06T13:37:10.475730367Z: [    1.440913] ACPI: PCI Interrupt Link [GSIG] (IRQs *22)
[STDERR  ] 2019-06-06T13:37:10.475742727Z: [    1.441911] ACPI: PCI Interrupt Link [GSIH] (IRQs *23)
[STDERR  ] 2019-06-06T13:37:10.475754414Z: [    1.443348] SCSI subsystem initialized
[STDERR  ] 2019-06-06T13:37:10.475769415Z: [    1.444030] ACPI: bus type USB registered
[STDERR  ] 2019-06-06T13:37:10.475781346Z: [    1.444915] usbcore: registered new interface driver usbfs
[STDERR  ] 2019-06-06T13:37:10.475793383Z: [    1.445924] usbcore: registered new interface driver hub
[STDERR  ] 2019-06-06T13:37:10.475805803Z: [    1.446925] usbcore: registered new device driver usb
[STDERR  ] 2019-06-06T13:37:10.475817721Z: [    1.447931] pps_core: LinuxPPS API ver. 1 registered
[STDERR  ] 2019-06-06T13:37:10.475831777Z: [    1.448884] pps_core: Software ver. 5.3.6 - Copyright 2005-2007 Rodolfo Giometti <giometti@linux.it>
[STDERR  ] 2019-06-06T13:37:10.475844305Z: [    1.449893] PTP clock support registered
[STDERR  ] 2019-06-06T13:37:10.475856602Z: [    1.451942] PCI: Using ACPI for IRQ routing
[STDERR  ] 2019-06-06T13:37:10.475868708Z: [    1.909244] NetLabel: Initializing
[STDERR  ] 2019-06-06T13:37:10.475884357Z: [    1.909884] NetLabel:  domain hash size = 128
[STDERR  ] 2019-06-06T13:37:10.475896428Z: [    1.910884] NetLabel:  protocols = UNLABELED CIPSOv4 CALIPSO
[STDERR  ] 2019-06-06T13:37:10.475908102Z: [    1.911916] NetLabel:  unlabeled traffic allowed by default
[STDERR  ] 2019-06-06T13:37:10.475920122Z: [    1.913055] HPET: 3 timers in total, 0 timers will be used for per-cpu timer
[STDERR  ] 2019-06-06T13:37:10.475932564Z: [    1.913995] hpet0: at MMIO 0xfed00000, IRQs 2, 8, 0
[STDERR  ] 2019-06-06T13:37:10.475944760Z: [    1.914884] hpet0: 3 comparators, 64-bit 100.000000 MHz counter
[STDERR  ] 2019-06-06T13:37:10.475960909Z: [    1.917924] clocksource: Switched to clocksource kvm-clock
[STDERR  ] 2019-06-06T13:37:10.475973267Z: [    1.944498] VFS: Disk quotas dquot_6.6.0
[STDERR  ] 2019-06-06T13:37:10.475985220Z: [    1.948370] VFS: Dquot-cache hash table entries: 512 (order 0, 4096 bytes)
[STDERR  ] 2019-06-06T13:37:10.475997269Z: [    1.954724] FS-Cache: Loaded
[STDERR  ] 2019-06-06T13:37:10.476010566Z: [    1.957572] CacheFiles: Loaded
[STDERR  ] 2019-06-06T13:37:10.476023293Z: [    1.960486] pnp: PnP ACPI init
[STDERR  ] 2019-06-06T13:37:10.476036212Z: [    1.964502] pnp: PnP ACPI: found 5 devices
[STDERR  ] 2019-06-06T13:37:10.476048528Z: [    1.974632] clocksource: acpi_pm: mask: 0xffffff max_cycles: 0xffffff, max_idle_ns: 2085701024 ns
[STDERR  ] 2019-06-06T13:37:10.476060919Z: [    1.982873] NET: Registered protocol family 2
[STDERR  ] 2019-06-06T13:37:10.476072356Z: [    1.987835] tcp_listen_portaddr_hash hash table entries: 512 (order: 1, 8192 bytes)
[STDERR  ] 2019-06-06T13:37:10.476084180Z: [    1.994988] TCP established hash table entries: 8192 (order: 4, 65536 bytes)
[STDERR  ] 2019-06-06T13:37:10.476104179Z: [    2.001492] TCP bind hash table entries: 8192 (order: 5, 131072 bytes)
[STDERR  ] 2019-06-06T13:37:10.476117278Z: [    2.007530] TCP: Hash tables configured (established 8192 bind 8192)
[STDERR  ] 2019-06-06T13:37:10.476128994Z: [    2.013459] UDP hash table entries: 512 (order: 2, 16384 bytes)
[STDERR  ] 2019-06-06T13:37:10.476141692Z: [    2.019003] UDP-Lite hash table entries: 512 (order: 2, 16384 bytes)
[STDERR  ] 2019-06-06T13:37:10.476153522Z: [    2.025055] NET: Registered protocol family 1
[STDERR  ] 2019-06-06T13:37:10.476166099Z: [    2.029151] NET: Registered protocol family 44
[STDERR  ] 2019-06-06T13:37:10.476178447Z: [    2.033567] pci 0000:00:01.0: Video device with shadowed ROM at [mem 0x000c0000-0x000dffff]
[STDERR  ] 2019-06-06T13:37:10.476190525Z: [    2.041289] Trying to unpack rootfs image as initramfs...
[STDERR  ] 2019-06-06T13:37:10.476203121Z: [    2.662219] Freeing initrd memory: 32516K
[STDERR  ] 2019-06-06T13:37:10.476216217Z: [    2.666261] clocksource: tsc: mask: 0xffffffffffffffff max_cycles: 0x2126729a497, max_idle_ns: 440795257173 ns
[STDERR  ] 2019-06-06T13:37:10.476237827Z: [    2.677241] PCLMULQDQ-NI instructions are not detected.
[STDERR  ] 2019-06-06T13:37:10.476250526Z: [    2.682246] AVX or AES-NI instructions are not detected.
[STDERR  ] 2019-06-06T13:37:10.476262255Z: [    2.687161] CPU feature 'AVX registers' is not supported.
[STDERR  ] 2019-06-06T13:37:10.476274823Z: [    2.692163] CPU feature 'AVX registers' is not supported.
[STDERR  ] 2019-06-06T13:37:10.476287319Z: [    2.697166] CPU feature 'AVX registers' is not supported.
[STDERR  ] 2019-06-06T13:37:10.476303181Z: [    2.702125] CPU feature 'AVX registers' is not supported.
[STDERR  ] 2019-06-06T13:37:10.476315574Z: [    2.707135] AVX2 or AES-NI instructions are not detected.
[STDERR  ] 2019-06-06T13:37:10.476327155Z: [    2.712137] AVX2 instructions are not detected.
[STDERR  ] 2019-06-06T13:37:10.476339034Z: [    2.717057] workingset: timestamp_bits=46 max_order=18 bucket_order=0
[STDERR  ] 2019-06-06T13:37:10.476351164Z: [    2.722972] squashfs: version 4.0 (2009/01/31) Phillip Lougher
[STDERR  ] 2019-06-06T13:37:10.476363441Z: [    2.728052] FS-Cache: Netfs 'cifs' registered for caching
[STDERR  ] 2019-06-06T13:37:10.476375756Z: [    2.732715] fuse init (API version 7.27)
[STDERR  ] 2019-06-06T13:37:10.476387794Z: [    2.736238] SGI XFS with ACLs, security attributes, no debug enabled
[STDERR  ] 2019-06-06T13:37:10.476400222Z: [    2.741827] 9p: Installing v9fs 9p2000 file system support
[STDERR  ] 2019-06-06T13:37:10.476412357Z: [    2.746535] FS-Cache: Netfs '9p' registered for caching
[STDERR  ] 2019-06-06T13:37:10.476424171Z: [    2.752450] NET: Registered protocol family 38
[STDERR  ] 2019-06-06T13:37:10.476436158Z: [    2.756367] Key type asymmetric registered
[STDERR  ] 2019-06-06T13:37:10.476454561Z: [    2.760031] Asymmetric key parser 'x509' registered
[STDERR  ] 2019-06-06T13:37:10.476467068Z: [    2.764224] Block layer SCSI generic (bsg) driver version 0.4 loaded (major 247)
[STDERR  ] 2019-06-06T13:37:10.476479475Z: [    2.770503] io scheduler noop registered
[STDERR  ] 2019-06-06T13:37:10.476491485Z: [    2.773920] io scheduler deadline registered (default)
[STDERR  ] 2019-06-06T13:37:10.476502821Z: [    2.778346] io scheduler cfq registered
[STDERR  ] 2019-06-06T13:37:10.476518613Z: [    2.781733] io scheduler mq-deadline registered (default)
[STDERR  ] 2019-06-06T13:37:10.476530925Z: [    2.786341] io scheduler kyber registered
[STDERR  ] 2019-06-06T13:37:10.476543146Z: [    2.789961] shpchp: Standard Hot Plug PCI Controller Driver version: 0.4
[STDERR  ] 2019-06-06T13:37:10.476557804Z: [    2.795724] hv_vmbus: registering driver hyperv_fb
[STDERR  ] 2019-06-06T13:37:10.476569799Z: [    2.799950] input: Power Button as /devices/LNXSYSTM:00/LNXPWRBN:00/input/input0
[STDERR  ] 2019-06-06T13:37:10.476581822Z: [    2.806133] ACPI: Power Button [PWRF]
[STDERR  ] 2019-06-06T13:37:10.476593627Z: [    2.810027] PCI Interrupt Link [GSIG] enabled at IRQ 22
[STDERR  ] 2019-06-06T13:37:10.476609908Z: [    2.820370] PCI Interrupt Link [GSIH] enabled at IRQ 23
[STDERR  ] 2019-06-06T13:37:10.476624707Z: [    2.830657] Serial: 8250/16550 driver, 4 ports, IRQ sharing disabled
[STDERR  ] 2019-06-06T13:37:10.476637125Z: [    2.872213] 00:04: ttyS0 at I/O 0x3f8 (irq = 4, base_baud = 115200) is a 16550A
[STDERR  ] 2019-06-06T13:37:10.476649571Z: [    2.879840] Non-volatile memory driver v1.3
[STDERR  ] 2019-06-06T13:37:10.476689672Z: [    2.885505] Hangcheck: starting hangcheck timer 0.9.1 (tick is 180 seconds, margin is 60 seconds).
[STDERR  ] 2019-06-06T13:37:10.476703518Z: [    2.894006] random: fast init done
[STDERR  ] 2019-06-06T13:37:10.476715929Z: [    2.898103] random: crng init done
[STDERR  ] 2019-06-06T13:37:10.476727967Z: [    2.902526] brd: module loaded
[STDERR  ] 2019-06-06T13:37:10.476744395Z: [    2.908756] loop: module loaded
[STDERR  ] 2019-06-06T13:37:10.476756916Z: [    2.915619] lpc_ich 0000:00:1f.0: I/O space for GPIO uninitialized
[STDERR  ] 2019-06-06T13:37:10.476773018Z: [    2.921482] VMware PVSCSI driver - version 1.0.7.0-k
[STDERR  ] 2019-06-06T13:37:10.476792471Z: [    2.926071] hv_vmbus: registering driver hv_storvsc
[STDERR  ] 2019-06-06T13:37:10.476807587Z: [    2.931275] PCI Interrupt Link [GSIA] enabled at IRQ 16
[STDERR  ] 2019-06-06T13:37:10.476819778Z: [    2.939678] ahci 0000:00:1f.2: AHCI 0001.0000 32 slots 6 ports 1.5 Gbps 0x3f impl SATA mode
[STDERR  ] 2019-06-06T13:37:10.476832802Z: [    2.947310] ahci 0000:00:1f.2: flags: 64bit ncq only 
[STDERR  ] 2019-06-06T13:37:10.476844808Z: [    2.955787] scsi host0: ahci
[STDERR  ] 2019-06-06T13:37:10.476856495Z: [    2.958660] scsi host1: ahci
[STDERR  ] 2019-06-06T13:37:10.476873070Z: [    2.961503] scsi host2: ahci
[STDERR  ] 2019-06-06T13:37:10.476886270Z: [    2.964357] scsi host3: ahci
[STDERR  ] 2019-06-06T13:37:10.476898957Z: [    2.967178] scsi host4: ahci
[STDERR  ] 2019-06-06T13:37:10.476913515Z: [    2.970034] scsi host5: ahci
[STDERR  ] 2019-06-06T13:37:10.476925181Z: [    2.972982] ata1: SATA max UDMA/133 abar m4096@0xfebd2000 port 0xfebd2100 irq 24
[STDERR  ] 2019-06-06T13:37:10.476937070Z: [    2.979846] ata2: SATA max UDMA/133 abar m4096@0xfebd2000 port 0xfebd2180 irq 24
[STDERR  ] 2019-06-06T13:37:10.476949321Z: [    2.986568] ata3: SATA max UDMA/133 abar m4096@0xfebd2000 port 0xfebd2200 irq 24
[STDERR  ] 2019-06-06T13:37:10.476962105Z: [    2.993385] ata4: SATA max UDMA/133 abar m4096@0xfebd2000 port 0xfebd2280 irq 24
[STDERR  ] 2019-06-06T13:37:10.476974161Z: [    3.000149] ata5: SATA max UDMA/133 abar m4096@0xfebd2000 port 0xfebd2300 irq 24
[STDERR  ] 2019-06-06T13:37:10.476986786Z: [    3.006879] ata6: SATA max UDMA/133 abar m4096@0xfebd2000 port 0xfebd2380 irq 24
[STDERR  ] 2019-06-06T13:37:10.476998907Z: [    3.016176] tun: Universal TUN/TAP device driver, 1.6
[STDERR  ] 2019-06-06T13:37:10.477010916Z: [    3.025970] VMware vmxnet3 virtual NIC driver - version 1.4.16.0-k-NAPI
[STDERR  ] 2019-06-06T13:37:10.477022903Z: [    3.032097] hv_vmbus: registering driver hv_netvsc
[STDERR  ] 2019-06-06T13:37:10.477035202Z: [    3.036553] Fusion MPT base driver 3.04.20
[STDERR  ] 2019-06-06T13:37:10.477047715Z: [    3.040643] Copyright (c) 1999-2008 LSI Corporation
[STDERR  ] 2019-06-06T13:37:10.477060018Z: [    3.045193] Fusion MPT SPI Host driver 3.04.20
[STDERR  ] 2019-06-06T13:37:10.477072517Z: [    3.049440] i8042: PNP: PS/2 Controller [PNP0303:KBD,PNP0f13:MOU] at 0x60,0x64 irq 1,12
[STDERR  ] 2019-06-06T13:37:10.477086099Z: [    3.060740] serio: i8042 KBD port at 0x60,0x64 irq 1
[STDERR  ] 2019-06-06T13:37:10.477098141Z: [    3.065356] serio: i8042 AUX port at 0x60,0x64 irq 12
[STDERR  ] 2019-06-06T13:37:10.477110247Z: [    3.070134] hv_vmbus: registering driver hyperv_keyboard
[STDERR  ] 2019-06-06T13:37:10.477121670Z: [    3.075164] mousedev: PS/2 mouse device common for all mice
[STDERR  ] 2019-06-06T13:37:10.477134014Z: [    3.081667] input: AT Translated Set 2 keyboard as /devices/platform/i8042/serio0/input/input1
[STDERR  ] 2019-06-06T13:37:10.477146833Z: [    3.089763] input: PC Speaker as /devices/platform/pcspkr/input/input2
[STDERR  ] 2019-06-06T13:37:10.477164143Z: [    3.096159] rtc_cmos 00:00: RTC can wake from S4
[STDERR  ] 2019-06-06T13:37:10.477176653Z: [    3.103730] rtc_cmos 00:00: registered as rtc0
[STDERR  ] 2019-06-06T13:37:10.477188797Z: [    3.107953] rtc_cmos 00:00: alarms up to one day, y3k, 114 bytes nvram, hpet irqs
[STDERR  ] 2019-06-06T13:37:10.477200478Z: [    3.114655] i2c /dev entries driver
[STDERR  ] 2019-06-06T13:37:10.477215048Z: [    3.118347] device-mapper: ioctl: 4.39.0-ioctl (2018-04-03) initialised: dm-devel@redhat.com
[STDERR  ] 2019-06-06T13:37:10.477227551Z: [    3.126693] usbcore: registered new interface driver usbhid
[STDERR  ] 2019-06-06T13:37:10.477243098Z: [    3.131894] usbhid: USB HID core driver
[STDERR  ] 2019-06-06T13:37:10.477254991Z: [    3.135500] hv_utils: Registering HyperV Utility Driver
[STDERR  ] 2019-06-06T13:37:10.477267323Z: [    3.140298] hv_vmbus: registering driver hv_util
[STDERR  ] 2019-06-06T13:37:10.477279920Z: [    3.144531] hv_vmbus: registering driver hv_balloon
[STDERR  ] 2019-06-06T13:37:10.477295351Z: [    3.149042] oprofile: using NMI interrupt.
[STDERR  ] 2019-06-06T13:37:10.477311606Z: [    3.152953] GACT probability on
[STDERR  ] 2019-06-06T13:37:10.477325144Z: [    3.155961] Mirror/redirect action on
[STDERR  ] 2019-06-06T13:37:10.477337506Z: [    3.159362] Simple TC action Loaded
[STDERR  ] 2019-06-06T13:37:10.477349837Z: [    3.162681] u32 classifier
[STDERR  ] 2019-06-06T13:37:10.477362379Z: [    3.165305]     Performance counters on
[STDERR  ] 2019-06-06T13:37:10.477374170Z: [    3.168851]     input device check on
[STDERR  ] 2019-06-06T13:37:10.477385951Z: [    3.172286]     Actions configured
[STDERR  ] 2019-06-06T13:37:10.477398065Z: [    3.175816] xt_time: kernel timezone is -0000
[STDERR  ] 2019-06-06T13:37:10.477410389Z: [    3.179951] IPVS: Registered protocols (TCP, UDP, SCTP, AH, ESP)
[STDERR  ] 2019-06-06T13:37:10.477422451Z: [    3.185503] IPVS: Connection hash table configured (size=4096, memory=64Kbytes)
[STDERR  ] 2019-06-06T13:37:10.477437944Z: [    3.192280] IPVS: ipvs loaded.
[STDERR  ] 2019-06-06T13:37:10.477457456Z: [    3.195118] IPVS: [rr] scheduler registered.
[STDERR  ] 2019-06-06T13:37:10.477469927Z: [    3.199073] IPVS: [wrr] scheduler registered.
[STDERR  ] 2019-06-06T13:37:10.477481829Z: [    3.203059] IPVS: [lc] scheduler registered.
[STDERR  ] 2019-06-06T13:37:10.477493651Z: [    3.207002] IPVS: [wlc] scheduler registered.
[STDERR  ] 2019-06-06T13:37:10.477506329Z: [    3.210988] IPVS: [fo] scheduler registered.
[STDERR  ] 2019-06-06T13:37:10.477518811Z: [    3.214959] IPVS: [ovf] scheduler registered.
[STDERR  ] 2019-06-06T13:37:10.477531028Z: [    3.219004] IPVS: [lblc] scheduler registered.
[STDERR  ] 2019-06-06T13:37:10.477542815Z: [    3.223389] IPVS: [lblcr] scheduler registered.
[STDERR  ] 2019-06-06T13:37:10.477557170Z: [    3.227573] IPVS: [dh] scheduler registered.
[STDERR  ] 2019-06-06T13:37:10.477569407Z: [    3.231752] IPVS: [sh] scheduler registered.
[STDERR  ] 2019-06-06T13:37:10.477581650Z: [    3.235712] IPVS: [mh] scheduler registered.
[STDERR  ] 2019-06-06T13:37:10.477594148Z: [    3.239940] IPVS: [sed] scheduler registered.
[STDERR  ] 2019-06-06T13:37:10.477606562Z: [    3.243980] IPVS: [nq] scheduler registered.
[STDERR  ] 2019-06-06T13:37:10.477618475Z: [    3.248164] IPVS: ftp: loaded support on port[0] = 21
[STDERR  ] 2019-06-06T13:37:10.477630244Z: [    3.252948] ipip: IPv4 and MPLS over IPv4 tunneling driver
[STDERR  ] 2019-06-06T13:37:10.477642147Z: [    3.258365] gre: GRE over IPv4 demultiplexor driver
[STDERR  ] 2019-06-06T13:37:10.477654688Z: [    3.263001] ipt_CLUSTERIP: ClusterIP Version 0.8 loaded successfully
[STDERR  ] 2019-06-06T13:37:10.477666419Z: [    3.269192] NET: Registered protocol family 10
[STDERR  ] 2019-06-06T13:37:10.477678775Z: [    3.273644] Segment Routing with IPv6
[STDERR  ] 2019-06-06T13:37:10.477693867Z: [    3.277647] NET: Registered protocol family 17
[STDERR  ] 2019-06-06T13:37:10.477705681Z: [    3.281835] Bridge firewalling registered
[STDERR  ] 2019-06-06T13:37:10.477728037Z: [    3.285817] 8021q: 802.1Q VLAN Support v1.8
[STDERR  ] 2019-06-06T13:37:10.477740570Z: [    3.289727] 9pnet: Installing 9P2000 support
[STDERR  ] 2019-06-06T13:37:10.477752597Z: [    3.294037] Key type dns_resolver registered
[STDERR  ] 2019-06-06T13:37:10.477765283Z: [    3.298084] NET: Registered protocol family 40
[STDERR  ] 2019-06-06T13:37:10.477777687Z: [    3.302589] registered taskstats version 1
[STDERR  ] 2019-06-06T13:37:10.477793691Z: [    3.315045] Key type big_key registered
[STDERR  ] 2019-06-06T13:37:10.477805620Z: [    3.322583] Key type trusted registered
[STDERR  ] 2019-06-06T13:37:10.477821254Z: [    3.327540] ata4: SATA link down (SStatus 0 SControl 300)
[STDERR  ] 2019-06-06T13:37:10.477833973Z: [    3.333383] ata3: SATA link up 1.5 Gbps (SStatus 113 SControl 300)
[STDERR  ] 2019-06-06T13:37:10.477846409Z: [    3.340029] ata2: SATA link down (SStatus 0 SControl 300)
[STDERR  ] 2019-06-06T13:37:10.477858750Z: [    3.345761] ata1: SATA link down (SStatus 0 SControl 300)
[STDERR  ] 2019-06-06T13:37:10.477870820Z: [    3.351490] ata6: SATA link down (SStatus 0 SControl 300)
[STDERR  ] 2019-06-06T13:37:10.477888829Z: [    3.357300] ata5: SATA link down (SStatus 0 SControl 300)
[STDERR  ] 2019-06-06T13:37:10.477900953Z: [    3.363977] ata3.00: ATAPI: QEMU DVD-ROM, 2.5+, max UDMA/100
[STDERR  ] 2019-06-06T13:37:10.477915031Z: [    3.369257] ata3.00: applying bridge limits
[STDERR  ] 2019-06-06T13:37:10.477927232Z: [    3.374428] ata3.00: configured for UDMA/100
[STDERR  ] 2019-06-06T13:37:10.477939586Z: [    3.381539] scsi 2:0:0:0: CD-ROM            QEMU     QEMU DVD-ROM     2.5+ PQ: 0 ANSI: 5
[STDERR  ] 2019-06-06T13:37:10.477951833Z: [    3.389014] Key type encrypted registered
[STDERR  ] 2019-06-06T13:37:10.477964707Z: [    3.392821] ima: No TPM chip found, activating TPM-bypass!
[STDERR  ] 2019-06-06T13:37:10.477976785Z: [    3.399373] ima: Allocated hash algorithm: sha256
[STDERR  ] 2019-06-06T13:37:10.477988594Z: [    3.403792] evm: Initialising EVM extended attributes:
[STDERR  ] 2019-06-06T13:37:10.478000609Z: [    3.408529] evm: security.ima
[STDERR  ] 2019-06-06T13:37:10.478013478Z: [    3.411310] evm: security.capability
[STDERR  ] 2019-06-06T13:37:10.478025884Z: [    3.414651] evm: HMAC attrs: 0x1
[STDERR  ] 2019-06-06T13:37:10.478038008Z: [    3.418567] rtc_cmos 00:00: setting system clock to 2019-06-06 13:37:04 UTC (1559828224)
[STDERR  ] 2019-06-06T13:37:10.478052687Z: [    3.426071] Unstable clock detected, switching default tracing clock to "global"
[STDERR  ] 2019-06-06T13:37:10.478065004Z: [    3.426071] If you want to keep using the local clock, then add:
[STDERR  ] 2019-06-06T13:37:10.478077526Z: [    3.426071]   "trace_clock=local"
[STDERR  ] 2019-06-06T13:37:10.478090218Z: [    3.426071] on the kernel command line
[STDERR  ] 2019-06-06T13:37:10.478102179Z: [    3.445274] sr 2:0:0:0: [sr0] scsi3-mmc drive: 4x/4x cd/rw xa/form2 tray
[STDERR  ] 2019-06-06T13:37:10.478114483Z: [    3.451426] cdrom: Uniform CD-ROM driver Revision: 3.20
[STDERR  ] 2019-06-06T13:37:10.478125923Z: [    3.458269] sr 2:0:0:0: Attached scsi generic sg0 type 5
[STDERR  ] 2019-06-06T13:37:10.478137858Z: [    3.466303] Freeing unused kernel image memory: 1588K
[STDERR  ] 2019-06-06T13:37:10.478150182Z: [    3.472977] Write protecting the kernel read-only data: 18432k
[STDERR  ] 2019-06-06T13:37:10.478165228Z: [    3.480661] Freeing unused kernel image memory: 2028K
[STDERR  ] 2019-06-06T13:37:10.478177741Z: [    3.485663] Freeing unused kernel image memory: 1084K
[STDERR  ] 2019-06-06T13:37:10.478190005Z: [    3.490344] Run /init as init process
[STDERR  ] 2019-06-06T13:37:10.478202422Z: 
[STDERR  ] 2019-06-06T13:37:10.478242695Z: Welcome to LinuxKit
[STDERR  ] 2019-06-06T13:37:10.478254636Z: 
[STDERR  ] 2019-06-06T13:37:10.478265444Z:                         ##         .
[STDERR  ] 2019-06-06T13:37:10.478277062Z:                   ## ## ##        ==
[STDERR  ] 2019-06-06T13:37:10.478288246Z:                ## ## ## ## ##    ===
[STDERR  ] 2019-06-06T13:37:10.478307985Z:            /"""""""""""""""""\___/ ===
[STDERR  ] 2019-06-06T13:37:10.478319539Z:           {                       /  ===-
[STDERR  ] 2019-06-06T13:37:10.478331232Z:            \______ O           __/
[STDERR  ] 2019-06-06T13:37:10.478343755Z:              \    \         __/
[STDERR  ] 2019-06-06T13:37:10.478355964Z:               \____\_______/
[STDERR  ] 2019-06-06T13:37:10.478368390Z: 
[STDERR  ] 2019-06-06T13:37:10.478380467Z: [    4.419466] RPC: Registered named UNIX socket transport module.
[STDERR  ] 2019-06-06T13:37:10.478392153Z: [    4.425001] RPC: Registered udp transport module.
[STDERR  ] 2019-06-06T13:37:10.478403953Z: [    4.429294] RPC: Registered tcp transport module.
[STDERR  ] 2019-06-06T13:37:10.478419026Z: [    4.433680] RPC: Registered tcp NFSv4.1 backchannel transport module.
[STDERR  ] 2019-06-06T13:37:10.478431169Z: [    4.449759] FS-Cache: Netfs 'nfs' registered for caching
[STDERR  ] 2019-06-06T13:37:10.478449169Z: [    4.465003] Installing knfsd (copyright (C) 1996 okir@monad.swb.de).
[STDERR  ] 2019-06-06T13:37:10.478462242Z: [    4.474206] ntfs: driver 2.1.32 [Flags: R/O MODULE].
[STDERR  ] 2019-06-06T13:37:10.478481599Z: starting kernel config sanity test with /proc/config.gz
[STDERR  ] 2019-06-06T13:37:10.478492457Z: kernel config test succeeded!
[STDERR  ] 2019-06-06T13:37:10.478505144Z: [37minfo: reading kernel config from /proc/config.gz ...[m
[STDERR  ] 2019-06-06T13:37:10.478516356Z: 
[STDERR  ] 2019-06-06T13:37:10.478532339Z: Generally Necessary:
[STDERR  ] 2019-06-06T13:37:10.478552764Z: - [37mcgroup hierarchy[m: [32mproperly mounted[m [/sys/fs/cgroup]
[STDERR  ] 2019-06-06T13:37:10.478565973Z: - [37mCONFIG_NAMESPACES[m: [32menabled[m
[STDERR  ] 2019-06-06T13:37:10.478578398Z: - [37mCONFIG_NET_NS[m: [32menabled[m
[STDERR  ] 2019-06-06T13:37:10.478590030Z: - [37mCONFIG_PID_NS[m: [32menabled[m
[STDERR  ] 2019-06-06T13:37:10.478601637Z: - [37mCONFIG_IPC_NS[m: [32menabled[m
[STDERR  ] 2019-06-06T13:37:10.478612807Z: - [37mCONFIG_UTS_NS[m: [32menabled[m
[STDERR  ] 2019-06-06T13:37:10.478624747Z: - [37mCONFIG_CGROUPS[m: [32menabled[m
[STDERR  ] 2019-06-06T13:37:10.478639998Z: - [37mCONFIG_CGROUP_CPUACCT[m: [32menabled[m
[STDERR  ] 2019-06-06T13:37:10.478652047Z: - [37mCONFIG_CGROUP_DEVICE[m: [32menabled[m
[STDERR  ] 2019-06-06T13:37:10.478663732Z: - [37mCONFIG_CGROUP_FREEZER[m: [32menabled[m
[STDERR  ] 2019-06-06T13:37:10.478675385Z: - [37mCONFIG_CGROUP_SCHED[m: [32menabled[m
[STDERR  ] 2019-06-06T13:37:10.478689997Z: - [37mCONFIG_CPUSETS[m: [32menabled[m
[STDERR  ] 2019-06-06T13:37:10.478701877Z: - [37mCONFIG_MEMCG[m: [32menabled[m
[STDERR  ] 2019-06-06T13:37:10.478714061Z: - [37mCONFIG_KEYS[m: [32menabled[m
[STDERR  ] 2019-06-06T13:37:10.478726582Z: - [37mCONFIG_VETH[m: [32menabled[m
[STDERR  ] 2019-06-06T13:37:10.478738715Z: - [37mCONFIG_BRIDGE[m: [32menabled[m
[STDERR  ] 2019-06-06T13:37:10.478753513Z: - [37mCONFIG_BRIDGE_NETFILTER[m: [32menabled[m
[STDERR  ] 2019-06-06T13:37:10.478765398Z: - [37mCONFIG_NF_NAT_IPV4[m: [32menabled[m
[STDERR  ] 2019-06-06T13:37:10.478777161Z: - [37mCONFIG_IP_NF_FILTER[m: [32menabled[m
[STDERR  ] 2019-06-06T13:37:10.478789316Z: - [37mCONFIG_IP_NF_TARGET_MASQUERADE[m: [32menabled[m
[STDERR  ] 2019-06-06T13:37:10.478802393Z: - [37mCONFIG_NETFILTER_XT_MATCH_ADDRTYPE[m: [32menabled[m
[STDERR  ] 2019-06-06T13:37:10.478815279Z: - [37mCONFIG_NETFILTER_XT_MATCH_CONNTRACK[m: [32menabled[m
[STDERR  ] 2019-06-06T13:37:10.478828003Z: - [37mCONFIG_NETFILTER_XT_MATCH_IPVS[m: [32menabled[m
[STDERR  ] 2019-06-06T13:37:10.478840389Z: - [37mCONFIG_IP_NF_NAT[m: [32menabled[m
[STDERR  ] 2019-06-06T13:37:10.478872409Z: - [37mCONFIG_NF_NAT[m: [32menabled[m
[STDERR  ] 2019-06-06T13:37:10.478884161Z: - [37mCONFIG_NF_NAT_NEEDED[m: [32menabled[m
[STDERR  ] 2019-06-06T13:37:10.478895756Z: - [37mCONFIG_POSIX_MQUEUE[m: [32menabled[m
[STDERR  ] 2019-06-06T13:37:10.478907265Z: 
[STDERR  ] 2019-06-06T13:37:10.478918916Z: Optional Features:
[STDERR  ] 2019-06-06T13:37:10.478937277Z: - [37mCONFIG_USER_NS[m: [32menabled[m
[STDERR  ] 2019-06-06T13:37:10.478955304Z: - [37mCONFIG_SECCOMP[m: [32menabled[m
[STDERR  ] 2019-06-06T13:37:10.478966547Z: - [37mCONFIG_CGROUP_PIDS[m: [32menabled[m
[STDERR  ] 2019-06-06T13:37:10.478978842Z: - [37mCONFIG_MEMCG_SWAP[m: [32menabled[m
[STDERR  ] 2019-06-06T13:37:10.478991123Z: - [37mCONFIG_MEMCG_SWAP_ENABLED[m: [32menabled[m
[STDERR  ] 2019-06-06T13:37:10.479007451Z:     [1;30m(cgroup swap accounting is currently enabled)[m
[STDERR  ] 2019-06-06T13:37:10.479019681Z: - [1mCONFIG_LEGACY_VSYSCALL_NONE[m: [1;31menabled[m
[STDERR  ] 2019-06-06T13:37:10.479032531Z:     [1;30m(containers using eglibc <= 2.13 will not work. Switch to[m
[STDERR  ] 2019-06-06T13:37:10.479045791Z:     [1;30m "CONFIG_VSYSCALL_[NATIVE|EMULATE]" or use "vsyscall=[native|emulate]"[m
[STDERR  ] 2019-06-06T13:37:10.479059482Z:     [1;30m on kernel command line. Note that this will disable ASLR for the,[m
[STDERR  ] 2019-06-06T13:37:10.479072257Z:     [1;30m VDSO which may assist in exploiting security vulnerabilities.)[m
[STDERR  ] 2019-06-06T13:37:10.479111935Z: - [37mCONFIG_BLK_CGROUP[m: [32menabled[m
[STDERR  ] 2019-06-06T13:37:10.479124554Z: - [37mCONFIG_BLK_DEV_THROTTLING[m: [32menabled[m
[STDERR  ] 2019-06-06T13:37:10.479139346Z: - [37mCONFIG_IOSCHED_CFQ[m: [32menabled[m
[STDERR  ] 2019-06-06T13:37:10.479151323Z: - [37mCONFIG_CFQ_GROUP_IOSCHED[m: [32menabled[m
[STDERR  ] 2019-06-06T13:37:10.479163004Z: - [37mCONFIG_CGROUP_PERF[m: [32menabled[m
[STDERR  ] 2019-06-06T13:37:10.479175461Z: - [37mCONFIG_CGROUP_HUGETLB[m: [32menabled[m
[STDERR  ] 2019-06-06T13:37:10.479187109Z: - [37mCONFIG_NET_CLS_CGROUP[m: [32menabled[m
[STDERR  ] 2019-06-06T13:37:10.479198842Z: - [37mCONFIG_CGROUP_NET_PRIO[m: [32menabled[m
[STDERR  ] 2019-06-06T13:37:10.479214908Z: - [37mCONFIG_CFS_BANDWIDTH[m: [32menabled[m
[STDERR  ] 2019-06-06T13:37:10.479226932Z: - [37mCONFIG_FAIR_GROUP_SCHED[m: [32menabled[m
[STDERR  ] 2019-06-06T13:37:10.479239433Z: - [37mCONFIG_RT_GROUP_SCHED[m: [32menabled[m
[STDERR  ] 2019-06-06T13:37:10.479251644Z: - [37mCONFIG_IP_NF_TARGET_REDIRECT[m: [32menabled[m
[STDERR  ] 2019-06-06T13:37:10.479262940Z: - [37mCONFIG_IP_VS[m: [32menabled[m
[STDERR  ] 2019-06-06T13:37:10.479273848Z: - [37mCONFIG_IP_VS_NFCT[m: [32menabled[m
[STDERR  ] 2019-06-06T13:37:10.479284803Z: - [37mCONFIG_IP_VS_PROTO_TCP[m: [32menabled[m
[STDERR  ] 2019-06-06T13:37:10.479562944Z: - [37mCONFIG_IP_VS_PROTO_UDP[m: [32menabled[m
[STDERR  ] 2019-06-06T13:37:10.479585603Z: - [37mCONFIG_IP_VS_RR[m: [32menabled[m
[STDERR  ] 2019-06-06T13:37:10.479604256Z: - [37mCONFIG_EXT4_FS[m: [32menabled[m
[STDERR  ] 2019-06-06T13:37:10.479616559Z: - [37mCONFIG_EXT4_FS_POSIX_ACL[m: [32menabled[m
[STDERR  ] 2019-06-06T13:37:10.479629685Z: - [37mCONFIG_EXT4_FS_SECURITY[m: [32menabled[m
[STDERR  ] 2019-06-06T13:37:10.479641873Z: - Network Drivers:
[STDERR  ] 2019-06-06T13:37:10.479655389Z:   - "[34moverlay[m":
[STDERR  ] 2019-06-06T13:37:10.479669232Z:     - [37mCONFIG_VXLAN[m: [32menabled[m
[STDERR  ] 2019-06-06T13:37:10.479681147Z:       Optional (for encrypted networks):
[STDERR  ] 2019-06-06T13:37:10.479693536Z:       - [37mCONFIG_CRYPTO[m: [32menabled[m
[STDERR  ] 2019-06-06T13:37:10.479705618Z:       - [37mCONFIG_CRYPTO_AEAD[m: [32menabled[m
[STDERR  ] 2019-06-06T13:37:10.479718354Z:       - [37mCONFIG_CRYPTO_GCM[m: [32menabled[m
[STDERR  ] 2019-06-06T13:37:10.479730983Z:       - [37mCONFIG_CRYPTO_SEQIV[m: [32menabled[m
[STDERR  ] 2019-06-06T13:37:10.479743512Z:       - [37mCONFIG_CRYPTO_GHASH[m: [32menabled[m
[STDERR  ] 2019-06-06T13:37:10.479755712Z:       - [37mCONFIG_XFRM[m: [32menabled[m
[STDERR  ] 2019-06-06T13:37:10.479768473Z:       - [37mCONFIG_XFRM_USER[m: [32menabled (as module)[m
[STDERR  ] 2019-06-06T13:37:10.479781815Z:       - [37mCONFIG_XFRM_ALGO[m: [32menabled (as module)[m
[STDERR  ] 2019-06-06T13:37:10.479794687Z:       - [37mCONFIG_INET_ESP[m: [32menabled (as module)[m
[STDERR  ] 2019-06-06T13:37:10.479817040Z:       - [37mCONFIG_INET_XFRM_MODE_TRANSPORT[m: [32menabled (as module)[m
[STDERR  ] 2019-06-06T13:37:10.479830537Z:   - "[34mipvlan[m":
[STDERR  ] 2019-06-06T13:37:10.479843260Z:     - [37mCONFIG_IPVLAN[m: [32menabled[m
[STDERR  ] 2019-06-06T13:37:10.479855358Z:   - "[34mmacvlan[m":
[STDERR  ] 2019-06-06T13:37:10.479874884Z:     - [37mCONFIG_MACVLAN[m: [32menabled[m
[STDERR  ] 2019-06-06T13:37:10.479887261Z:     - [37mCONFIG_DUMMY[m: [32menabled (as module)[m
[STDERR  ] 2019-06-06T13:37:10.479898914Z:   - "[34mftp,tftp client in container[m":
[STDERR  ] 2019-06-06T13:37:10.479914532Z:     - [37mCONFIG_NF_NAT_FTP[m: [32menabled[m
[STDERR  ] 2019-06-06T13:37:10.479927022Z:     - [37mCONFIG_NF_CONNTRACK_FTP[m: [32menabled[m
[STDERR  ] 2019-06-06T13:37:10.479939188Z:     - [37mCONFIG_NF_NAT_TFTP[m: [32menabled[m
[STDERR  ] 2019-06-06T13:37:10.479951423Z:     - [37mCONFIG_NF_CONNTRACK_TFTP[m: [32menabled[m
[STDERR  ] 2019-06-06T13:37:10.479965603Z: - Storage Drivers:
[STDERR  ] 2019-06-06T13:37:10.479978472Z:   - "[34maufs[m":
[STDERR  ] 2019-06-06T13:37:10.479995310Z:     - [1mCONFIG_AUFS_FS[m: [1;31mmissing[m
[STDERR  ] 2019-06-06T13:37:10.480007795Z:   - "[34mbtrfs[m":
[STDERR  ] 2019-06-06T13:37:10.480019932Z:     - [37mCONFIG_BTRFS_FS[m: [32menabled (as module)[m
[STDERR  ] 2019-06-06T13:37:10.480032263Z:     - [37mCONFIG_BTRFS_FS_POSIX_ACL[m: [32menabled[m
[STDERR  ] 2019-06-06T13:37:10.480044368Z:   - "[34mdevicemapper[m":
[STDERR  ] 2019-06-06T13:37:10.480057157Z:     - [37mCONFIG_BLK_DEV_DM[m: [32menabled[m
[STDERR  ] 2019-06-06T13:37:10.480069473Z:     - [37mCONFIG_DM_THIN_PROVISIONING[m: [32menabled[m
[STDERR  ] 2019-06-06T13:37:10.480082304Z:   - "[34moverlay[m":
[STDERR  ] 2019-06-06T13:37:10.480094838Z:     - [37mCONFIG_OVERLAY_FS[m: [32menabled[m
[STDERR  ] 2019-06-06T13:37:10.480106960Z:   - "[34mzfs[m":
[STDERR  ] 2019-06-06T13:37:10.480121256Z:     - [1m/dev/zfs[m: [1;31mmissing[m
[STDERR  ] 2019-06-06T13:37:10.480133715Z:     - [1mzfs command[m: [1;31mmissing[m
[STDERR  ] 2019-06-06T13:37:10.480146468Z:     - [1mzpool command[m: [1;31mmissing[m
[STDERR  ] 2019-06-06T13:37:10.480158821Z: 
[STDERR  ] 2019-06-06T13:37:10.480171880Z: Limits:
[STDERR  ] 2019-06-06T13:37:10.480184373Z: [37m- /proc/sys/kernel/keys/root_maxkeys[m: [32m1000000[m
[STDERR  ] 2019-06-06T13:37:10.480196745Z: 
[STDERR  ] 2019-06-06T13:37:10.480209252Z: Kernel config test suite PASSED
[STDERR  ] 2019-06-06T13:37:10.480221387Z: [    8.748371] ACPI: Preparing to enter system sleep state S5
[STDERR  ] 2019-06-06T13:37:10.480234003Z: [    8.753698] reboot: Power down
