[INFO    ] 2019-05-27T22:13:00.471184468Z: Running Test linuxkit.kernel.config_4.19.x in /tmp/build/test/cases/020_kernel/005_config_4.19.x
[INFO    ] 2019-05-27T22:13:00.471396963Z: Running command: [/bin/sh -x /tmp/build/test/cases/020_kernel/005_config_4.19.x/test.sh]
[STDERR  ] 2019-05-27T22:13:00.472198368Z: + set -e
[STDERR  ] 2019-05-27T22:13:00.472258201Z: + . /tmp/build/test/cases/_lib/lib.sh
[STDERR  ] 2019-05-27T22:13:00.472280659Z: + [ -f src/github.com/linuxkit/rtf/lib/lib.sh ]
[STDERR  ] 2019-05-27T22:13:00.472294406Z: + LINUXKIT_TMPDIR=/tmp/build/test/cases/_tmp
[STDERR  ] 2019-05-27T22:13:00.472338284Z: + [ -f /tmp/build/test/cases/_tmp/env.sh ]
[STDERR  ] 2019-05-27T22:13:00.472354036Z: + . /tmp/build/test/cases/_tmp/env.sh
[STDERR  ] 2019-05-27T22:13:00.472367997Z: + export LINUXKIT_EXAMPLES_DIR=/tmp/build/test/cases/../../examples
[STDERR  ] 2019-05-27T22:13:00.472385594Z: + RT_CANCEL=253
[STDERR  ] 2019-05-27T22:13:00.472399592Z: + NAME=kconfig
[STDERR  ] 2019-05-27T22:13:00.472413209Z: + trap clean_up EXIT
[STDERR  ] 2019-05-27T22:13:00.472432701Z: + linuxkit build -format kernel+initrd -name kconfig test.yml
[STDERR  ] 2019-05-27T22:13:00.537655836Z: Extract kernel image: linuxkit/kernel:4.19.46
[STDERR  ] 2019-05-27T22:13:02.497224837Z: Add init containers:
[STDERR  ] 2019-05-27T22:13:02.497288890Z: Process init image: linuxkit/init:v0.7
[STDERR  ] 2019-05-27T22:13:03.784908621Z: Process init image: linuxkit/runc:v0.7
[STDERR  ] 2019-05-27T22:13:04.961726070Z: Add onboot containers:
[STDERR  ] 2019-05-27T22:13:04.961813616Z:   Create OCI config for linuxkit/test-kernel-config:0e9308f871ac86c680d64836a050547a2feebb36
[STDERR  ] 2019-05-27T22:13:06.409530711Z:   Create OCI config for linuxkit/poweroff:b498d30dd9660090565537fceb9e757618737a85
[STDERR  ] 2019-05-27T22:13:07.605158607Z: Create outputs:
[STDERR  ] 2019-05-27T22:13:13.968733234Z:   kconfig-kernel kconfig-initrd.img kconfig-cmdline
[STDERR  ] 2019-05-27T22:13:14.045052733Z: + linuxkit run kconfig
[STDERR  ] 2019-05-27T22:13:23.530320675Z: + RESULT=[    0.000000] Linux version 4.19.46-linuxkit (root@eb216a843060) (gcc version 8.3.0 (Alpine 8.3.0)) #1 SMP Mon May 27 08:26:00 UTC 2019
[STDERR  ] 2019-05-27T22:13:23.530403622Z: [    0.000000] Command line: console=ttyS0 console=ttyAMA0
[STDERR  ] 2019-05-27T22:13:23.530419828Z: [    0.000000] x86/fpu: x87 FPU will use FXSAVE
[STDERR  ] 2019-05-27T22:13:23.530434155Z: [    0.000000] BIOS-provided physical RAM map:
[STDERR  ] 2019-05-27T22:13:23.530449157Z: [    0.000000] BIOS-e820: [mem 0x0000000000000000-0x000000000009fbff] usable
[STDERR  ] 2019-05-27T22:13:23.530476327Z: [    0.000000] BIOS-e820: [mem 0x000000000009fc00-0x000000000009ffff] reserved
[STDERR  ] 2019-05-27T22:13:23.530490865Z: [    0.000000] BIOS-e820: [mem 0x00000000000f0000-0x00000000000fffff] reserved
[STDERR  ] 2019-05-27T22:13:23.530503523Z: [    0.000000] BIOS-e820: [mem 0x0000000000100000-0x000000003ffdefff] usable
[STDERR  ] 2019-05-27T22:13:23.530516879Z: [    0.000000] BIOS-e820: [mem 0x000000003ffdf000-0x000000003fffffff] reserved
[STDERR  ] 2019-05-27T22:13:23.530531273Z: [    0.000000] BIOS-e820: [mem 0x00000000b0000000-0x00000000bfffffff] reserved
[STDERR  ] 2019-05-27T22:13:23.530546396Z: [    0.000000] BIOS-e820: [mem 0x00000000fed1c000-0x00000000fed1ffff] reserved
[STDERR  ] 2019-05-27T22:13:23.530568952Z: [    0.000000] BIOS-e820: [mem 0x00000000feffc000-0x00000000feffffff] reserved
[STDERR  ] 2019-05-27T22:13:23.530582573Z: [    0.000000] BIOS-e820: [mem 0x00000000fffc0000-0x00000000ffffffff] reserved
[STDERR  ] 2019-05-27T22:13:23.530599740Z: [    0.000000] NX (Execute Disable) protection: active
[STDERR  ] 2019-05-27T22:13:23.530613002Z: [    0.000000] SMBIOS 2.8 present.
[STDERR  ] 2019-05-27T22:13:23.530627079Z: [    0.000000] DMI: QEMU Standard PC (Q35 + ICH9, 2009), BIOS 1.10.2-1 04/01/2014
[STDERR  ] 2019-05-27T22:13:23.530639333Z: [    0.000000] Hypervisor detected: KVM
[STDERR  ] 2019-05-27T22:13:23.530652496Z: [    0.000000] kvm-clock: Using msrs 4b564d01 and 4b564d00
[STDERR  ] 2019-05-27T22:13:23.530665543Z: [    0.585385] kvm-clock: cpu 0, msr 2f81e001, primary cpu clock
[STDERR  ] 2019-05-27T22:13:23.530685665Z: [    0.585385] clocksource: kvm-clock: mask: 0xffffffffffffffff max_cycles: 0x1cd42e4dffb, max_idle_ns: 881590591483 ns
[STDERR  ] 2019-05-27T22:13:23.530699435Z: [    0.585398] tsc: Detected 2299.772 MHz processor
[STDERR  ] 2019-05-27T22:13:23.530713327Z: [    0.589155] last_pfn = 0x3ffdf max_arch_pfn = 0x400000000
[STDERR  ] 2019-05-27T22:13:23.530726799Z: [    0.589811] x86/PAT: PAT not supported by CPU.
[STDERR  ] 2019-05-27T22:13:23.530739642Z: [    0.589869] x86/PAT: Configuration [0-7]: WB  WT  UC- UC  WB  WT  UC- UC  
[STDERR  ] 2019-05-27T22:13:23.530752518Z: [    0.600598] found SMP MP-table at [mem 0x000f6a90-0x000f6a9f]
[STDERR  ] 2019-05-27T22:13:23.530765257Z: [    0.600928] RAMDISK: [mem 0x3e00f000-0x3ffcffff]
[STDERR  ] 2019-05-27T22:13:23.530779344Z: [    0.601170] ACPI: Early table checksum verification disabled
[STDERR  ] 2019-05-27T22:13:23.530792186Z: [    0.601317] ACPI: RSDP 0x00000000000F68D0 000014 (v00 BOCHS )
[STDERR  ] 2019-05-27T22:13:23.530807239Z: [    0.601326] ACPI: RSDT 0x000000003FFE2404 000034 (v01 BOCHS  BXPCRSDT 00000001 BXPC 00000001)
[STDERR  ] 2019-05-27T22:13:23.530821313Z: [    0.601348] ACPI: FACP 0x000000003FFE22A4 000074 (v01 BOCHS  BXPCFACP 00000001 BXPC 00000001)
[STDERR  ] 2019-05-27T22:13:23.530834462Z: [    0.601355] ACPI: DSDT 0x000000003FFE0040 002264 (v01 BOCHS  BXPCDSDT 00000001 BXPC 00000001)
[STDERR  ] 2019-05-27T22:13:23.530846247Z: [    0.601360] ACPI: FACS 0x000000003FFE0000 000040
[STDERR  ] 2019-05-27T22:13:23.530858642Z: [    0.601363] ACPI: APIC 0x000000003FFE2318 000078 (v01 BOCHS  BXPCAPIC 00000001 BXPC 00000001)
[STDERR  ] 2019-05-27T22:13:23.530878804Z: [    0.601367] ACPI: HPET 0x000000003FFE2390 000038 (v01 BOCHS  BXPCHPET 00000001 BXPC 00000001)
[STDERR  ] 2019-05-27T22:13:23.530891569Z: [    0.601371] ACPI: MCFG 0x000000003FFE23C8 00003C (v01 BOCHS  BXPCMCFG 00000001 BXPC 00000001)
[STDERR  ] 2019-05-27T22:13:23.530904536Z: [    0.602539] Zone ranges:
[STDERR  ] 2019-05-27T22:13:23.530920541Z: [    0.602541]   DMA      [mem 0x0000000000001000-0x0000000000ffffff]
[STDERR  ] 2019-05-27T22:13:23.530932864Z: [    0.602544]   DMA32    [mem 0x0000000001000000-0x000000003ffdefff]
[STDERR  ] 2019-05-27T22:13:23.530945199Z: [    0.602545]   Normal   empty
[STDERR  ] 2019-05-27T22:13:23.530971248Z: [    0.602547]   Device   empty
[STDERR  ] 2019-05-27T22:13:23.530990000Z: [    0.602548] Movable zone start for each node
[STDERR  ] 2019-05-27T22:13:23.531002433Z: [    0.602549] Early memory node ranges
[STDERR  ] 2019-05-27T22:13:23.531020676Z: [    0.602550]   node   0: [mem 0x0000000000001000-0x000000000009efff]
[STDERR  ] 2019-05-27T22:13:23.531034292Z: [    0.602552]   node   0: [mem 0x0000000000100000-0x000000003ffdefff]
[STDERR  ] 2019-05-27T22:13:23.531046854Z: [    0.603534] Reserved but unavailable: 98 pages
[STDERR  ] 2019-05-27T22:13:23.531059472Z: [    0.603537] Initmem setup node 0 [mem 0x0000000000001000-0x000000003ffdefff]
[STDERR  ] 2019-05-27T22:13:23.531077521Z: [    0.618231] ACPI: PM-Timer IO Port: 0x608
[STDERR  ] 2019-05-27T22:13:23.531092115Z: [    0.618280] ACPI: LAPIC_NMI (acpi_id[0xff] dfl dfl lint[0x1])
[STDERR  ] 2019-05-27T22:13:23.531105401Z: [    0.618545] IOAPIC[0]: apic_id 0, version 17, address 0xfec00000, GSI 0-23
[STDERR  ] 2019-05-27T22:13:23.531118044Z: [    0.618549] ACPI: INT_SRC_OVR (bus 0 bus_irq 0 global_irq 2 dfl dfl)
[STDERR  ] 2019-05-27T22:13:23.531132002Z: [    0.618552] ACPI: INT_SRC_OVR (bus 0 bus_irq 5 global_irq 5 high level)
[STDERR  ] 2019-05-27T22:13:23.531147638Z: [    0.618553] ACPI: INT_SRC_OVR (bus 0 bus_irq 9 global_irq 9 high level)
[STDERR  ] 2019-05-27T22:13:23.531160566Z: [    0.618555] ACPI: INT_SRC_OVR (bus 0 bus_irq 10 global_irq 10 high level)
[STDERR  ] 2019-05-27T22:13:23.531173692Z: [    0.618556] ACPI: INT_SRC_OVR (bus 0 bus_irq 11 global_irq 11 high level)
[STDERR  ] 2019-05-27T22:13:23.531186613Z: [    0.618564] Using ACPI (MADT) for SMP configuration information
[STDERR  ] 2019-05-27T22:13:23.531199690Z: [    0.618566] ACPI: HPET id: 0x8086a201 base: 0xfed00000
[STDERR  ] 2019-05-27T22:13:23.531216420Z: [    0.618609] smpboot: Allowing 1 CPUs, 0 hotplug CPUs
[STDERR  ] 2019-05-27T22:13:23.531230304Z: [    0.618734] [mem 0x40000000-0xafffffff] available for PCI devices
[STDERR  ] 2019-05-27T22:13:23.531243263Z: [    0.618736] Booting paravirtualized kernel on KVM
[STDERR  ] 2019-05-27T22:13:23.531255097Z: [    0.618739] clocksource: refined-jiffies: mask: 0xffffffff max_cycles: 0xffffffff, max_idle_ns: 1910969940391419 ns
[STDERR  ] 2019-05-27T22:13:23.531267885Z: [    0.726109] random: get_random_bytes called from start_kernel+0x91/0x512 with crng_init=0
[STDERR  ] 2019-05-27T22:13:23.531280163Z: [    0.726133] setup_percpu: NR_CPUS:128 nr_cpumask_bits:128 nr_cpu_ids:1 nr_node_ids:1
[STDERR  ] 2019-05-27T22:13:23.531292806Z: [    0.727460] percpu: Embedded 45 pages/cpu s145112 r8192 d31016 u2097152
[STDERR  ] 2019-05-27T22:13:23.531305044Z: [    0.727573] KVM setup async PF for cpu 0
[STDERR  ] 2019-05-27T22:13:23.531320623Z: [    0.727625] kvm-stealtime: cpu 0, msr 3cc15e80
[STDERR  ] 2019-05-27T22:13:23.531333287Z: [    0.727659] Built 1 zonelists, mobility grouping on.  Total pages: 257896
[STDERR  ] 2019-05-27T22:13:23.531345777Z: [    0.727663] Kernel command line: console=ttyS0 console=ttyAMA0
[STDERR  ] 2019-05-27T22:13:23.531388720Z: [    0.727834] Dentry cache hash table entries: 131072 (order: 8, 1048576 bytes)
[STDERR  ] 2019-05-27T22:13:23.531403816Z: [    0.727871] Inode-cache hash table entries: 65536 (order: 7, 524288 bytes)
[STDERR  ] 2019-05-27T22:13:23.531427445Z: [    0.732452] Memory: 968620K/1048052K available (12300K kernel code, 1583K rwdata, 3012K rodata, 1588K init, 2020K bss, 79432K reserved, 0K cma-reserved)
[STDERR  ] 2019-05-27T22:13:23.531442654Z: [    0.733734] Kernel/User page tables isolation: enabled
[STDERR  ] 2019-05-27T22:13:23.531455543Z: [    0.733844] ftrace: allocating 43120 entries in 169 pages
[STDERR  ] 2019-05-27T22:13:23.531468197Z: [    0.757873] rcu: Hierarchical RCU implementation.
[STDERR  ] 2019-05-27T22:13:23.531481532Z: [    0.757877] rcu: 	RCU restricting CPUs from NR_CPUS=128 to nr_cpu_ids=1.
[STDERR  ] 2019-05-27T22:13:23.531494729Z: [    0.757880] rcu: Adjusting geometry for rcu_fanout_leaf=16, nr_cpu_ids=1
[STDERR  ] 2019-05-27T22:13:23.531507465Z: [    0.760811] NR_IRQS: 8448, nr_irqs: 256, preallocated irqs: 16
[STDERR  ] 2019-05-27T22:13:23.531520380Z: [    0.787639] Console: colour VGA+ 80x25
[STDERR  ] 2019-05-27T22:13:23.531533079Z: [    1.213095] console [ttyS0] enabled
[STDERR  ] 2019-05-27T22:13:23.531550681Z: [    1.216084] ACPI: Core revision 20180810
[STDERR  ] 2019-05-27T22:13:23.531562558Z: [    1.220183] clocksource: hpet: mask: 0xffffffff max_cycles: 0xffffffff, max_idle_ns: 19112604467 ns
[STDERR  ] 2019-05-27T22:13:23.531575613Z: [    1.228379] APIC: Switch to symmetric I/O mode setup
[STDERR  ] 2019-05-27T22:13:23.531587916Z: [    1.234681] x2apic enabled
[STDERR  ] 2019-05-27T22:13:23.531600944Z: [    1.238800] Switched APIC routing to physical x2apic.
[STDERR  ] 2019-05-27T22:13:23.531614142Z: [    1.252956] ..TIMER: vector=0x30 apic1=0 pin1=2 apic2=-1 pin2=-1
[STDERR  ] 2019-05-27T22:13:23.531629815Z: [    1.258105] clocksource: tsc-early: mask: 0xffffffffffffffff max_cycles: 0x21265dad080, max_idle_ns: 440795220475 ns
[STDERR  ] 2019-05-27T22:13:23.531642682Z: [    1.266830] Calibrating delay loop (skipped) preset value.. 4599.54 BogoMIPS (lpj=2299772)
[STDERR  ] 2019-05-27T22:13:23.531656103Z: [    1.267808] pid_max: default: 32768 minimum: 301
[STDERR  ] 2019-05-27T22:13:23.531668632Z: [    1.268915] Security Framework initialized
[STDERR  ] 2019-05-27T22:13:23.531680917Z: [    1.269808] Yama: becoming mindful.
[STDERR  ] 2019-05-27T22:13:23.531692544Z: [    1.270851] Mount-cache hash table entries: 2048 (order: 2, 16384 bytes)
[STDERR  ] 2019-05-27T22:13:23.531705602Z: [    1.271811] Mountpoint-cache hash table entries: 2048 (order: 2, 16384 bytes)
[STDERR  ] 2019-05-27T22:13:23.531719919Z: [    1.275807] Last level iTLB entries: 4KB 0, 2MB 0, 4MB 0
[STDERR  ] 2019-05-27T22:13:23.531736797Z: [    1.276808] Last level dTLB entries: 4KB 0, 2MB 0, 4MB 0, 1GB 0
[STDERR  ] 2019-05-27T22:13:23.531749734Z: [    1.277808] Spectre V2 : Mitigation: Full generic retpoline
[STDERR  ] 2019-05-27T22:13:23.531763168Z: [    1.278806] Spectre V2 : Spectre v2 / SpectreRSB mitigation: Filling RSB on context switch
[STDERR  ] 2019-05-27T22:13:23.531780049Z: [    1.279807] Speculative Store Bypass: Vulnerable
[STDERR  ] 2019-05-27T22:13:23.531792477Z: [    1.280825] MDS: Vulnerable: Clear CPU buffers attempted, no microcode
[STDERR  ] 2019-05-27T22:13:23.531804945Z: [    1.291540] Freeing SMP alternatives memory: 20K
[STDERR  ] 2019-05-27T22:13:23.531817425Z: [    1.293800] smpboot: CPU0: Intel QEMU Virtual CPU version 2.5+ (family: 0x6, model: 0x6, stepping: 0x3)
[STDERR  ] 2019-05-27T22:13:23.531830735Z: [    1.293990] Performance Events: PMU not available due to virtualization, using software events only.
[STDERR  ] 2019-05-27T22:13:23.531843789Z: [    1.296132] rcu: Hierarchical SRCU implementation.
[STDERR  ] 2019-05-27T22:13:23.531856195Z: [    1.296962] NMI watchdog: Perf NMI watchdog permanently disabled
[STDERR  ] 2019-05-27T22:13:23.531869011Z: [    1.298890] smp: Bringing up secondary CPUs ...
[STDERR  ] 2019-05-27T22:13:23.531881535Z: [    1.299809] smp: Brought up 1 node, 1 CPU
[STDERR  ] 2019-05-27T22:13:23.531899361Z: [    1.300806] smpboot: Max logical packages: 1
[STDERR  ] 2019-05-27T22:13:23.531912172Z: [    1.301805] smpboot: Total of 1 processors activated (4599.54 BogoMIPS)
[STDERR  ] 2019-05-27T22:13:23.531928227Z: [    1.303836] devtmpfs: initialized
[STDERR  ] 2019-05-27T22:13:23.531941448Z: [    1.304872] x86/mm: Memory block size: 128MB
[STDERR  ] 2019-05-27T22:13:23.531969723Z: [    1.306219] clocksource: jiffies: mask: 0xffffffff max_cycles: 0xffffffff, max_idle_ns: 1911260446275000 ns
[STDERR  ] 2019-05-27T22:13:23.531990060Z: [    1.306818] futex hash table entries: 256 (order: 2, 16384 bytes)
[STDERR  ] 2019-05-27T22:13:23.532001557Z: [    1.308096] NET: Registered protocol family 16
[STDERR  ] 2019-05-27T22:13:23.532012470Z: [    1.308967] audit: initializing netlink subsys (disabled)
[STDERR  ] 2019-05-27T22:13:23.532024899Z: [    1.309961] cpuidle: using governor ladder
[STDERR  ] 2019-05-27T22:13:23.532037850Z: [    1.310810] cpuidle: using governor menu
[STDERR  ] 2019-05-27T22:13:23.532050668Z: [    1.311951] ACPI: bus type PCI registered
[STDERR  ] 2019-05-27T22:13:23.532063336Z: [    1.312807] acpiphp: ACPI Hot Plug PCI Controller Driver version: 0.5
[STDERR  ] 2019-05-27T22:13:23.532082027Z: [    1.313821] audit: type=2000 audit(1558995194.997:1): state=initialized audit_enabled=0 res=1
[STDERR  ] 2019-05-27T22:13:23.532098403Z: [    1.316250] PCI: MMCONFIG for domain 0000 [bus 00-ff] at [mem 0xb0000000-0xbfffffff] (base 0xb0000000)
[STDERR  ] 2019-05-27T22:13:23.532110795Z: [    1.316813] PCI: MMCONFIG at [mem 0xb0000000-0xbfffffff] reserved in E820
[STDERR  ] 2019-05-27T22:13:23.532123010Z: [    1.317835] PCI: Using configuration type 1 for base access
[STDERR  ] 2019-05-27T22:13:23.532135512Z: [    1.321187] HugeTLB registered 2.00 MiB page size, pre-allocated 0 pages
[STDERR  ] 2019-05-27T22:13:23.532147521Z: [    1.321992] cryptd: max_cpu_qlen set to 1000
[STDERR  ] 2019-05-27T22:13:23.532160297Z: [    1.323010] ACPI: Added _OSI(Module Device)
[STDERR  ] 2019-05-27T22:13:23.532174097Z: [    1.323825] ACPI: Added _OSI(Processor Device)
[STDERR  ] 2019-05-27T22:13:23.532187203Z: [    1.324806] ACPI: Added _OSI(3.0 _SCP Extensions)
[STDERR  ] 2019-05-27T22:13:23.532199591Z: [    1.325806] ACPI: Added _OSI(Processor Aggregator Device)
[STDERR  ] 2019-05-27T22:13:23.532211643Z: [    1.326829] ACPI: Added _OSI(Linux-Dell-Video)
[STDERR  ] 2019-05-27T22:13:23.532224110Z: [    1.327810] ACPI: Added _OSI(Linux-Lenovo-NV-HDMI-Audio)
[STDERR  ] 2019-05-27T22:13:23.532236827Z: [    1.330368] ACPI: 1 ACPI AML tables successfully acquired and loaded
[STDERR  ] 2019-05-27T22:13:23.532249880Z: [    1.333947] ACPI: Interpreter enabled
[STDERR  ] 2019-05-27T22:13:23.532266644Z: [    1.334819] ACPI: (supports S0 S5)
[STDERR  ] 2019-05-27T22:13:23.532280053Z: [    1.335807] ACPI: Using IOAPIC for interrupt routing
[STDERR  ] 2019-05-27T22:13:23.532292868Z: [    1.336872] PCI: Using host bridge windows from ACPI; if necessary, use "pci=nocrs" and report a bug
[STDERR  ] 2019-05-27T22:13:23.532306449Z: [    1.338035] ACPI: Enabled 2 GPEs in block 00 to 3F
[STDERR  ] 2019-05-27T22:13:23.532322849Z: [    1.342963] ACPI: PCI Root Bridge [PCI0] (domain 0000 [bus 00-ff])
[STDERR  ] 2019-05-27T22:13:23.532335765Z: [    1.343819] acpi PNP0A08:00: _OSC: OS supports [ExtendedConfig ASPM ClockPM Segments MSI]
[STDERR  ] 2019-05-27T22:13:23.532349592Z: [    1.344911] acpi PNP0A08:00: _OSC: platform does not support [SHPCHotplug LTR]
[STDERR  ] 2019-05-27T22:13:23.532362161Z: [    1.346829] acpi PNP0A08:00: _OSC: OS now controls [PCIeHotplug PME PCIeCapability]
[STDERR  ] 2019-05-27T22:13:23.532375190Z: [    1.348199] PCI host bridge to bus 0000:00
[STDERR  ] 2019-05-27T22:13:23.532388163Z: [    1.348816] pci_bus 0000:00: root bus resource [io  0x0000-0x0cf7 window]
[STDERR  ] 2019-05-27T22:13:23.532400868Z: [    1.349810] pci_bus 0000:00: root bus resource [io  0x0d00-0xffff window]
[STDERR  ] 2019-05-27T22:13:23.532416035Z: [    1.350809] pci_bus 0000:00: root bus resource [mem 0x000a0000-0x000bffff window]
[STDERR  ] 2019-05-27T22:13:23.532430695Z: [    1.351810] pci_bus 0000:00: root bus resource [mem 0xc0000000-0xfebfffff window]
[STDERR  ] 2019-05-27T22:13:23.532443178Z: [    1.352812] pci_bus 0000:00: root bus resource [bus 00-ff]
[STDERR  ] 2019-05-27T22:13:23.532455288Z: [    1.425294] pci 0000:00:1f.0: quirk: [io  0x0600-0x067f] claimed by ICH6 ACPI/GPIO/TCO
[STDERR  ] 2019-05-27T22:13:23.532471173Z: [    1.453586] ACPI: PCI Interrupt Link [LNKA] (IRQs 5 *10 11)
[STDERR  ] 2019-05-27T22:13:23.532483285Z: [    1.454123] ACPI: PCI Interrupt Link [LNKB] (IRQs 5 *10 11)
[STDERR  ] 2019-05-27T22:13:23.532495816Z: [    1.455823] ACPI: PCI Interrupt Link [LNKC] (IRQs 5 10 *11)
[STDERR  ] 2019-05-27T22:13:23.532508113Z: [    1.457119] ACPI: PCI Interrupt Link [LNKD] (IRQs 5 10 *11)
[STDERR  ] 2019-05-27T22:13:23.532520246Z: [    1.458111] ACPI: PCI Interrupt Link [LNKE] (IRQs 5 *10 11)
[STDERR  ] 2019-05-27T22:13:23.532532402Z: [    1.459094] ACPI: PCI Interrupt Link [LNKF] (IRQs 5 *10 11)
[STDERR  ] 2019-05-27T22:13:23.532544576Z: [    1.460095] ACPI: PCI Interrupt Link [LNKG] (IRQs 5 10 *11)
[STDERR  ] 2019-05-27T22:13:23.532556668Z: [    1.461959] ACPI: PCI Interrupt Link [LNKH] (IRQs 5 10 *11)
[STDERR  ] 2019-05-27T22:13:23.532574889Z: [    1.462965] ACPI: PCI Interrupt Link [GSIA] (IRQs *16)
[STDERR  ] 2019-05-27T22:13:23.532588229Z: [    1.463824] ACPI: PCI Interrupt Link [GSIB] (IRQs *17)
[STDERR  ] 2019-05-27T22:13:23.532600644Z: [    1.464832] ACPI: PCI Interrupt Link [GSIC] (IRQs *18)
[STDERR  ] 2019-05-27T22:13:23.532615902Z: [    1.465826] ACPI: PCI Interrupt Link [GSID] (IRQs *19)
[STDERR  ] 2019-05-27T22:13:23.532628294Z: [    1.466832] ACPI: PCI Interrupt Link [GSIE] (IRQs *20)
[STDERR  ] 2019-05-27T22:13:23.532640938Z: [    1.467832] ACPI: PCI Interrupt Link [GSIF] (IRQs *21)
[STDERR  ] 2019-05-27T22:13:23.532652640Z: [    1.468834] ACPI: PCI Interrupt Link [GSIG] (IRQs *22)
[STDERR  ] 2019-05-27T22:13:23.532664240Z: [    1.469830] ACPI: PCI Interrupt Link [GSIH] (IRQs *23)
[STDERR  ] 2019-05-27T22:13:23.532676643Z: [    1.471922] SCSI subsystem initialized
[STDERR  ] 2019-05-27T22:13:23.532690882Z: [    1.472925] ACPI: bus type USB registered
[STDERR  ] 2019-05-27T22:13:23.532702581Z: [    1.473854] usbcore: registered new interface driver usbfs
[STDERR  ] 2019-05-27T22:13:23.532714222Z: [    1.474833] usbcore: registered new interface driver hub
[STDERR  ] 2019-05-27T22:13:23.532725805Z: [    1.475869] usbcore: registered new device driver usb
[STDERR  ] 2019-05-27T22:13:23.532737415Z: [    1.476837] pps_core: LinuxPPS API ver. 1 registered
[STDERR  ] 2019-05-27T22:13:23.532752797Z: [    1.477805] pps_core: Software ver. 5.3.6 - Copyright 2005-2007 Rodolfo Giometti <giometti@linux.it>
[STDERR  ] 2019-05-27T22:13:23.532769421Z: [    1.478823] PTP clock support registered
[STDERR  ] 2019-05-27T22:13:23.532781215Z: [    1.479905] PCI: Using ACPI for IRQ routing
[STDERR  ] 2019-05-27T22:13:23.532792975Z: [    1.931588] NetLabel: Initializing
[STDERR  ] 2019-05-27T22:13:23.532805372Z: [    1.931805] NetLabel:  domain hash size = 128
[STDERR  ] 2019-05-27T22:13:23.532817736Z: [    1.932807] NetLabel:  protocols = UNLABELED CIPSOv4 CALIPSO
[STDERR  ] 2019-05-27T22:13:23.532830755Z: [    1.933845] NetLabel:  unlabeled traffic allowed by default
[STDERR  ] 2019-05-27T22:13:23.532843218Z: [    1.934975] HPET: 3 timers in total, 0 timers will be used for per-cpu timer
[STDERR  ] 2019-05-27T22:13:23.532855840Z: [    1.935914] hpet0: at MMIO 0xfed00000, IRQs 2, 8, 0
[STDERR  ] 2019-05-27T22:13:23.532872000Z: [    1.936807] hpet0: 3 comparators, 64-bit 100.000000 MHz counter
[STDERR  ] 2019-05-27T22:13:23.532884798Z: [    1.940859] clocksource: Switched to clocksource kvm-clock
[STDERR  ] 2019-05-27T22:13:23.532897847Z: [    1.968191] VFS: Disk quotas dquot_6.6.0
[STDERR  ] 2019-05-27T22:13:23.532913088Z: [    1.972130] VFS: Dquot-cache hash table entries: 512 (order 0, 4096 bytes)
[STDERR  ] 2019-05-27T22:13:23.532927145Z: [    1.978452] FS-Cache: Loaded
[STDERR  ] 2019-05-27T22:13:23.532939691Z: [    1.981286] CacheFiles: Loaded
[STDERR  ] 2019-05-27T22:13:23.532962332Z: [    1.984158] pnp: PnP ACPI init
[STDERR  ] 2019-05-27T22:13:23.532975022Z: [    1.988136] pnp: PnP ACPI: found 5 devices
[STDERR  ] 2019-05-27T22:13:23.532994094Z: [    1.998203] clocksource: acpi_pm: mask: 0xffffff max_cycles: 0xffffff, max_idle_ns: 2085701024 ns
[STDERR  ] 2019-05-27T22:13:23.533007064Z: [    2.006305] NET: Registered protocol family 2
[STDERR  ] 2019-05-27T22:13:23.533020030Z: [    2.011225] tcp_listen_portaddr_hash hash table entries: 512 (order: 1, 8192 bytes)
[STDERR  ] 2019-05-27T22:13:23.533032586Z: [    2.018199] TCP established hash table entries: 8192 (order: 4, 65536 bytes)
[STDERR  ] 2019-05-27T22:13:23.533045420Z: [    2.024565] TCP bind hash table entries: 8192 (order: 5, 131072 bytes)
[STDERR  ] 2019-05-27T22:13:23.533057934Z: [    2.030538] TCP: Hash tables configured (established 8192 bind 8192)
[STDERR  ] 2019-05-27T22:13:23.533071687Z: [    2.036469] UDP hash table entries: 512 (order: 2, 16384 bytes)
[STDERR  ] 2019-05-27T22:13:23.533084101Z: [    2.041865] UDP-Lite hash table entries: 512 (order: 2, 16384 bytes)
[STDERR  ] 2019-05-27T22:13:23.533097191Z: [    2.047694] NET: Registered protocol family 1
[STDERR  ] 2019-05-27T22:13:23.533113887Z: [    2.051743] NET: Registered protocol family 44
[STDERR  ] 2019-05-27T22:13:23.533129898Z: [    2.056081] pci 0000:00:01.0: Video device with shadowed ROM at [mem 0x000c0000-0x000dffff]
[STDERR  ] 2019-05-27T22:13:23.533142467Z: [    2.064001] Trying to unpack rootfs image as initramfs...
[STDERR  ] 2019-05-27T22:13:23.533154955Z: [    2.686733] Freeing initrd memory: 32516K
[STDERR  ] 2019-05-27T22:13:23.533167175Z: [    2.690662] clocksource: tsc: mask: 0xffffffffffffffff max_cycles: 0x21265dad080, max_idle_ns: 440795220475 ns
[STDERR  ] 2019-05-27T22:13:23.533183392Z: [    2.701398] PCLMULQDQ-NI instructions are not detected.
[STDERR  ] 2019-05-27T22:13:23.533195785Z: [    2.706270] AVX or AES-NI instructions are not detected.
[STDERR  ] 2019-05-27T22:13:23.533208167Z: [    2.711206] CPU feature 'AVX registers' is not supported.
[STDERR  ] 2019-05-27T22:13:23.533220723Z: [    2.716186] CPU feature 'AVX registers' is not supported.
[STDERR  ] 2019-05-27T22:13:23.533235006Z: [    2.721131] CPU feature 'AVX registers' is not supported.
[STDERR  ] 2019-05-27T22:13:23.533246501Z: [    2.726060] CPU feature 'AVX registers' is not supported.
[STDERR  ] 2019-05-27T22:13:23.533258391Z: [    2.730970] AVX2 or AES-NI instructions are not detected.
[STDERR  ] 2019-05-27T22:13:23.533270727Z: [    2.735867] AVX2 instructions are not detected.
[STDERR  ] 2019-05-27T22:13:23.533282852Z: [    2.740717] workingset: timestamp_bits=46 max_order=18 bucket_order=0
[STDERR  ] 2019-05-27T22:13:23.533298804Z: [    2.747111] squashfs: version 4.0 (2009/01/31) Phillip Lougher
[STDERR  ] 2019-05-27T22:13:23.533314859Z: [    2.752531] FS-Cache: Netfs 'cifs' registered for caching
[STDERR  ] 2019-05-27T22:13:23.533328008Z: [    2.757508] fuse init (API version 7.27)
[STDERR  ] 2019-05-27T22:13:23.533341414Z: [    2.761271] SGI XFS with ACLs, security attributes, no debug enabled
[STDERR  ] 2019-05-27T22:13:23.533355371Z: [    2.767288] 9p: Installing v9fs 9p2000 file system support
[STDERR  ] 2019-05-27T22:13:23.533367526Z: [    2.772336] FS-Cache: Netfs '9p' registered for caching
[STDERR  ] 2019-05-27T22:13:23.533380123Z: [    2.779211] NET: Registered protocol family 38
[STDERR  ] 2019-05-27T22:13:23.533395422Z: [    2.783383] Key type asymmetric registered
[STDERR  ] 2019-05-27T22:13:23.533412902Z: [    2.787267] Asymmetric key parser 'x509' registered
[STDERR  ] 2019-05-27T22:13:23.533435358Z: [    2.791750] Block layer SCSI generic (bsg) driver version 0.4 loaded (major 247)
[STDERR  ] 2019-05-27T22:13:23.533453790Z: [    2.798532] io scheduler noop registered
[STDERR  ] 2019-05-27T22:13:23.533465240Z: [    2.802180] io scheduler deadline registered (default)
[STDERR  ] 2019-05-27T22:13:23.533477218Z: [    2.806986] io scheduler cfq registered
[STDERR  ] 2019-05-27T22:13:23.533490089Z: [    2.810508] io scheduler mq-deadline registered (default)
[STDERR  ] 2019-05-27T22:13:23.533502588Z: [    2.815430] io scheduler kyber registered
[STDERR  ] 2019-05-27T22:13:23.533514733Z: [    2.819300] shpchp: Standard Hot Plug PCI Controller Driver version: 0.4
[STDERR  ] 2019-05-27T22:13:23.533526112Z: [    2.825392] hv_vmbus: registering driver hyperv_fb
[STDERR  ] 2019-05-27T22:13:23.533537501Z: [    2.829985] input: Power Button as /devices/LNXSYSTM:00/LNXPWRBN:00/input/input0
[STDERR  ] 2019-05-27T22:13:23.533549851Z: [    2.836722] ACPI: Power Button [PWRF]
[STDERR  ] 2019-05-27T22:13:23.533563363Z: [    2.841192] PCI Interrupt Link [GSIG] enabled at IRQ 22
[STDERR  ] 2019-05-27T22:13:23.533576299Z: [    2.851508] PCI Interrupt Link [GSIH] enabled at IRQ 23
[STDERR  ] 2019-05-27T22:13:23.533588500Z: [    2.862036] Serial: 8250/16550 driver, 4 ports, IRQ sharing disabled
[STDERR  ] 2019-05-27T22:13:23.533600715Z: [    2.901912] 00:04: ttyS0 at I/O 0x3f8 (irq = 4, base_baud = 115200) is a 16550A
[STDERR  ] 2019-05-27T22:13:23.533612758Z: [    2.909439] Non-volatile memory driver v1.3
[STDERR  ] 2019-05-27T22:13:23.533630325Z: [    2.914923] Hangcheck: starting hangcheck timer 0.9.1 (tick is 180 seconds, margin is 60 seconds).
[STDERR  ] 2019-05-27T22:13:23.533647674Z: [    2.923192] random: fast init done
[STDERR  ] 2019-05-27T22:13:23.533660544Z: [    2.927167] random: crng init done
[STDERR  ] 2019-05-27T22:13:23.533672839Z: [    2.931509] brd: module loaded
[STDERR  ] 2019-05-27T22:13:23.533686229Z: [    2.938455] loop: module loaded
[STDERR  ] 2019-05-27T22:13:23.533699040Z: [    2.945266] lpc_ich 0000:00:1f.0: I/O space for GPIO uninitialized
[STDERR  ] 2019-05-27T22:13:23.533713413Z: [    2.951016] VMware PVSCSI driver - version 1.0.7.0-k
[STDERR  ] 2019-05-27T22:13:23.533726365Z: [    2.955563] hv_vmbus: registering driver hv_storvsc
[STDERR  ] 2019-05-27T22:13:23.533738914Z: [    2.960628] PCI Interrupt Link [GSIA] enabled at IRQ 16
[STDERR  ] 2019-05-27T22:13:23.533753617Z: [    2.968953] ahci 0000:00:1f.2: AHCI 0001.0000 32 slots 6 ports 1.5 Gbps 0x3f impl SATA mode
[STDERR  ] 2019-05-27T22:13:23.533767295Z: [    2.976512] ahci 0000:00:1f.2: flags: 64bit ncq only 
[STDERR  ] 2019-05-27T22:13:23.533779762Z: [    2.984953] scsi host0: ahci
[STDERR  ] 2019-05-27T22:13:23.533792753Z: [    2.987884] scsi host1: ahci
[STDERR  ] 2019-05-27T22:13:23.533805260Z: [    2.990711] scsi host2: ahci
[STDERR  ] 2019-05-27T22:13:23.533817978Z: [    2.993798] scsi host3: ahci
[STDERR  ] 2019-05-27T22:13:23.533831007Z: [    2.996708] scsi host4: ahci
[STDERR  ] 2019-05-27T22:13:23.533843318Z: [    2.999482] scsi host5: ahci
[STDERR  ] 2019-05-27T22:13:23.533855717Z: [    3.002301] ata1: SATA max UDMA/133 abar m4096@0xfebd2000 port 0xfebd2100 irq 24
[STDERR  ] 2019-05-27T22:13:23.533873736Z: [    3.009002] ata2: SATA max UDMA/133 abar m4096@0xfebd2000 port 0xfebd2180 irq 24
[STDERR  ] 2019-05-27T22:13:23.533885420Z: [    3.015667] ata3: SATA max UDMA/133 abar m4096@0xfebd2000 port 0xfebd2200 irq 24
[STDERR  ] 2019-05-27T22:13:23.533898784Z: [    3.022365] ata4: SATA max UDMA/133 abar m4096@0xfebd2000 port 0xfebd2280 irq 24
[STDERR  ] 2019-05-27T22:13:23.533913847Z: [    3.029072] ata5: SATA max UDMA/133 abar m4096@0xfebd2000 port 0xfebd2300 irq 24
[STDERR  ] 2019-05-27T22:13:23.533926029Z: [    3.035740] ata6: SATA max UDMA/133 abar m4096@0xfebd2000 port 0xfebd2380 irq 24
[STDERR  ] 2019-05-27T22:13:23.533942030Z: [    3.044896] tun: Universal TUN/TAP device driver, 1.6
[STDERR  ] 2019-05-27T22:13:23.533966261Z: [    3.054405] VMware vmxnet3 virtual NIC driver - version 1.4.16.0-k-NAPI
[STDERR  ] 2019-05-27T22:13:23.533979205Z: [    3.060578] hv_vmbus: registering driver hv_netvsc
[STDERR  ] 2019-05-27T22:13:23.533999257Z: [    3.064983] Fusion MPT base driver 3.04.20
[STDERR  ] 2019-05-27T22:13:23.534012691Z: [    3.068745] Copyright (c) 1999-2008 LSI Corporation
[STDERR  ] 2019-05-27T22:13:23.534025494Z: [    3.073246] Fusion MPT SPI Host driver 3.04.20
[STDERR  ] 2019-05-27T22:13:23.534038055Z: [    3.077447] i8042: PNP: PS/2 Controller [PNP0303:KBD,PNP0f13:MOU] at 0x60,0x64 irq 1,12
[STDERR  ] 2019-05-27T22:13:23.534050872Z: [    3.088390] serio: i8042 KBD port at 0x60,0x64 irq 1
[STDERR  ] 2019-05-27T22:13:23.534064144Z: [    3.092949] serio: i8042 AUX port at 0x60,0x64 irq 12
[STDERR  ] 2019-05-27T22:13:23.534078844Z: [    3.097711] hv_vmbus: registering driver hyperv_keyboard
[STDERR  ] 2019-05-27T22:13:23.534091423Z: [    3.102628] mousedev: PS/2 mouse device common for all mice
[STDERR  ] 2019-05-27T22:13:23.534104337Z: [    3.109188] input: AT Translated Set 2 keyboard as /devices/platform/i8042/serio0/input/input1
[STDERR  ] 2019-05-27T22:13:23.534118400Z: [    3.117004] input: PC Speaker as /devices/platform/pcspkr/input/input2
[STDERR  ] 2019-05-27T22:13:23.534131615Z: [    3.124037] rtc_cmos 00:00: RTC can wake from S4
[STDERR  ] 2019-05-27T22:13:23.534144887Z: [    3.130869] rtc_cmos 00:00: registered as rtc0
[STDERR  ] 2019-05-27T22:13:23.534161965Z: [    3.134988] rtc_cmos 00:00: alarms up to one day, y3k, 114 bytes nvram, hpet irqs
[STDERR  ] 2019-05-27T22:13:23.534175041Z: [    3.141759] i2c /dev entries driver
[STDERR  ] 2019-05-27T22:13:23.534187702Z: [    3.145330] device-mapper: ioctl: 4.39.0-ioctl (2018-04-03) initialised: dm-devel@redhat.com
[STDERR  ] 2019-05-27T22:13:23.534207100Z: [    3.153468] usbcore: registered new interface driver usbhid
[STDERR  ] 2019-05-27T22:13:23.534220414Z: [    3.158606] usbhid: USB HID core driver
[STDERR  ] 2019-05-27T22:13:23.534233334Z: [    3.162230] hv_utils: Registering HyperV Utility Driver
[STDERR  ] 2019-05-27T22:13:23.534246451Z: [    3.166974] hv_vmbus: registering driver hv_util
[STDERR  ] 2019-05-27T22:13:23.534259276Z: [    3.171182] hv_vmbus: registering driver hv_balloon
[STDERR  ] 2019-05-27T22:13:23.534272032Z: [    3.175633] oprofile: using NMI interrupt.
[STDERR  ] 2019-05-27T22:13:23.534284540Z: [    3.179441] GACT probability on
[STDERR  ] 2019-05-27T22:13:23.534297621Z: [    3.182390] Mirror/redirect action on
[STDERR  ] 2019-05-27T22:13:23.534310161Z: [    3.185899] Simple TC action Loaded
[STDERR  ] 2019-05-27T22:13:23.534322565Z: [    3.189239] u32 classifier
[STDERR  ] 2019-05-27T22:13:23.534334036Z: [    3.191757]     Performance counters on
[STDERR  ] 2019-05-27T22:13:23.534346740Z: [    3.195277]     input device check on
[STDERR  ] 2019-05-27T22:13:23.534364152Z: [    3.198645]     Actions configured
[STDERR  ] 2019-05-27T22:13:23.534376161Z: [    3.202147] xt_time: kernel timezone is -0000
[STDERR  ] 2019-05-27T22:13:23.534388773Z: [    3.206255] IPVS: Registered protocols (TCP, UDP, SCTP, AH, ESP)
[STDERR  ] 2019-05-27T22:13:23.534444789Z: [    3.211786] IPVS: Connection hash table configured (size=4096, memory=64Kbytes)
[STDERR  ] 2019-05-27T22:13:23.534490918Z: [    3.218582] IPVS: ipvs loaded.
[STDERR  ] 2019-05-27T22:13:23.534535186Z: [    3.221452] IPVS: [rr] scheduler registered.
[STDERR  ] 2019-05-27T22:13:23.534579409Z: [    3.225364] IPVS: [wrr] scheduler registered.
[STDERR  ] 2019-05-27T22:13:23.534615428Z: [    3.229344] IPVS: [lc] scheduler registered.
[STDERR  ] 2019-05-27T22:13:23.534652748Z: [    3.233240] IPVS: [wlc] scheduler registered.
[STDERR  ] 2019-05-27T22:13:23.534696216Z: [    3.237459] IPVS: [fo] scheduler registered.
[STDERR  ] 2019-05-27T22:13:23.534733719Z: [    3.241414] IPVS: [ovf] scheduler registered.
[STDERR  ] 2019-05-27T22:13:23.534771932Z: [    3.245388] IPVS: [lblc] scheduler registered.
[STDERR  ] 2019-05-27T22:13:23.534825274Z: [    3.249431] IPVS: [lblcr] scheduler registered.
[STDERR  ] 2019-05-27T22:13:23.534870037Z: [    3.254005] IPVS: [dh] scheduler registered.
[STDERR  ] 2019-05-27T22:13:23.534921606Z: [    3.258065] IPVS: [sh] scheduler registered.
[STDERR  ] 2019-05-27T22:13:23.534977196Z: [    3.262088] IPVS: [mh] scheduler registered.
[STDERR  ] 2019-05-27T22:13:23.535036735Z: [    3.266053] IPVS: [sed] scheduler registered.
[STDERR  ] 2019-05-27T22:13:23.535079587Z: [    3.270172] IPVS: [nq] scheduler registered.
[STDERR  ] 2019-05-27T22:13:23.535125075Z: [    3.274251] IPVS: ftp: loaded support on port[0] = 21
[STDERR  ] 2019-05-27T22:13:23.535179365Z: [    3.279068] ipip: IPv4 and MPLS over IPv4 tunneling driver
[STDERR  ] 2019-05-27T22:13:23.535225490Z: [    3.284447] gre: GRE over IPv4 demultiplexor driver
[STDERR  ] 2019-05-27T22:13:23.535272104Z: [    3.289028] ipt_CLUSTERIP: ClusterIP Version 0.8 loaded successfully
[STDERR  ] 2019-05-27T22:13:23.535316920Z: [    3.295186] NET: Registered protocol family 10
[STDERR  ] 2019-05-27T22:13:23.535392223Z: [    3.300422] Segment Routing with IPv6
[STDERR  ] 2019-05-27T22:13:23.535442551Z: [    3.304190] NET: Registered protocol family 17
[STDERR  ] 2019-05-27T22:13:23.535494553Z: [    3.308583] Bridge firewalling registered
[STDERR  ] 2019-05-27T22:13:23.535540241Z: [    3.312300] 8021q: 802.1Q VLAN Support v1.8
[STDERR  ] 2019-05-27T22:13:23.535592650Z: [    3.316536] 9pnet: Installing 9P2000 support
[STDERR  ] 2019-05-27T22:13:23.535637755Z: [    3.320502] Key type dns_resolver registered
[STDERR  ] 2019-05-27T22:13:23.535683229Z: [    3.324749] NET: Registered protocol family 40
[STDERR  ] 2019-05-27T22:13:23.535728435Z: [    3.329081] registered taskstats version 1
[STDERR  ] 2019-05-27T22:13:23.535772009Z: [    3.341114] Key type big_key registered
[STDERR  ] 2019-05-27T22:13:23.535825958Z: [    3.348932] Key type trusted registered
[STDERR  ] 2019-05-27T22:13:23.535872610Z: [    3.356492] Key type encrypted registered
[STDERR  ] 2019-05-27T22:13:23.535917925Z: [    3.360917] ata6: SATA link down (SStatus 0 SControl 300)
[STDERR  ] 2019-05-27T22:13:23.535990853Z: [    3.366624] ata5: SATA link down (SStatus 0 SControl 300)
[STDERR  ] 2019-05-27T22:13:23.536033695Z: [    3.372306] ata4: SATA link down (SStatus 0 SControl 300)
[STDERR  ] 2019-05-27T22:13:23.536081758Z: [    3.378086] ata3: SATA link up 1.5 Gbps (SStatus 113 SControl 300)
[STDERR  ] 2019-05-27T22:13:23.536131952Z: [    3.384767] ata2: SATA link down (SStatus 0 SControl 300)
[STDERR  ] 2019-05-27T22:13:23.536175003Z: [    3.390434] ata1: SATA link down (SStatus 0 SControl 300)
[STDERR  ] 2019-05-27T22:13:23.536222311Z: [    3.395595] ima: No TPM chip found, activating TPM-bypass!
[STDERR  ] 2019-05-27T22:13:23.536273901Z: [    3.400643] ata3.00: ATAPI: QEMU DVD-ROM, 2.5+, max UDMA/100
[STDERR  ] 2019-05-27T22:13:23.536318142Z: [    3.405765] ata3.00: applying bridge limits
[STDERR  ] 2019-05-27T22:13:23.536363889Z: [    3.409965] ima: Allocated hash algorithm: sha256
[STDERR  ] 2019-05-27T22:13:23.536407907Z: [    3.414296] evm: Initialising EVM extended attributes:
[STDERR  ] 2019-05-27T22:13:23.536452778Z: [    3.418979] evm: security.ima
[STDERR  ] 2019-05-27T22:13:23.536497104Z: [    3.421760] evm: security.capability
[STDERR  ] 2019-05-27T22:13:23.536542327Z: [    3.425051] evm: HMAC attrs: 0x1
[STDERR  ] 2019-05-27T22:13:23.536595745Z: [    3.428313] ata3.00: configured for UDMA/100
[STDERR  ] 2019-05-27T22:13:23.536641454Z: [    3.433364] scsi 2:0:0:0: CD-ROM            QEMU     QEMU DVD-ROM     2.5+ PQ: 0 ANSI: 5
[STDERR  ] 2019-05-27T22:13:23.536689966Z: [    3.442967] rtc_cmos 00:00: setting system clock to 2019-05-27 22:13:17 UTC (1558995197)
[STDERR  ] 2019-05-27T22:13:23.536738218Z: [    3.450347] Unstable clock detected, switching default tracing clock to "global"
[STDERR  ] 2019-05-27T22:13:23.536785087Z: [    3.450347] If you want to keep using the local clock, then add:
[STDERR  ] 2019-05-27T22:13:23.536840604Z: [    3.450347]   "trace_clock=local"
[STDERR  ] 2019-05-27T22:13:23.536884238Z: [    3.450347] on the kernel command line
[STDERR  ] 2019-05-27T22:13:23.536931697Z: [    3.471185] sr 2:0:0:0: [sr0] scsi3-mmc drive: 4x/4x cd/rw xa/form2 tray
[STDERR  ] 2019-05-27T22:13:23.536999983Z: [    3.477303] cdrom: Uniform CD-ROM driver Revision: 3.20
[STDERR  ] 2019-05-27T22:13:23.537049034Z: [    3.482629] sr 2:0:0:0: Attached scsi generic sg0 type 5
[STDERR  ] 2019-05-27T22:13:23.537092969Z: [    3.495719] Freeing unused kernel image memory: 1588K
[STDERR  ] 2019-05-27T22:13:23.537138097Z: [    3.502021] Write protecting the kernel read-only data: 18432k
[STDERR  ] 2019-05-27T22:13:23.537182493Z: [    3.509718] Freeing unused kernel image memory: 2028K
[STDERR  ] 2019-05-27T22:13:23.537230235Z: [    3.514690] Freeing unused kernel image memory: 1084K
[STDERR  ] 2019-05-27T22:13:23.537276860Z: [    3.519312] Run /init as init process
[STDERR  ] 2019-05-27T22:13:23.537324010Z: 
[STDERR  ] 2019-05-27T22:13:23.537372030Z: Welcome to LinuxKit
[STDERR  ] 2019-05-27T22:13:23.537417842Z: 
[STDERR  ] 2019-05-27T22:13:23.537462126Z:                         ##         .
[STDERR  ] 2019-05-27T22:13:23.537514024Z:                   ## ## ##        ==
[STDERR  ] 2019-05-27T22:13:23.537558993Z:                ## ## ## ## ##    ===
[STDERR  ] 2019-05-27T22:13:23.537604048Z:            /"""""""""""""""""\___/ ===
[STDERR  ] 2019-05-27T22:13:23.537648935Z:           {                       /  ===-
[STDERR  ] 2019-05-27T22:13:23.537692277Z:            \______ O           __/
[STDERR  ] 2019-05-27T22:13:23.537737470Z:              \    \         __/
[STDERR  ] 2019-05-27T22:13:23.537778424Z:               \____\_______/
[STDERR  ] 2019-05-27T22:13:23.537825941Z: 
[STDERR  ] 2019-05-27T22:13:23.537869465Z: [    4.457177] RPC: Registered named UNIX socket transport module.
[STDERR  ] 2019-05-27T22:13:23.537921058Z: [    4.462657] RPC: Registered udp transport module.
[STDERR  ] 2019-05-27T22:13:23.537976687Z: [    4.467017] RPC: Registered tcp transport module.
[STDERR  ] 2019-05-27T22:13:23.538031684Z: [    4.471315] RPC: Registered tcp NFSv4.1 backchannel transport module.
[STDERR  ] 2019-05-27T22:13:23.538079378Z: [    4.487506] FS-Cache: Netfs 'nfs' registered for caching
[STDERR  ] 2019-05-27T22:13:23.538123719Z: [    4.503254] Installing knfsd (copyright (C) 1996 okir@monad.swb.de).
[STDERR  ] 2019-05-27T22:13:23.538170676Z: [    4.512499] ntfs: driver 2.1.32 [Flags: R/O MODULE].
[STDERR  ] 2019-05-27T22:13:23.538217122Z: starting kernel config sanity test with /proc/config.gz
[STDERR  ] 2019-05-27T22:13:23.538261579Z: kernel config test succeeded!
[STDERR  ] 2019-05-27T22:13:23.538306977Z: [37minfo: reading kernel config from /proc/config.gz ...[m
[STDERR  ] 2019-05-27T22:13:23.538351037Z: 
[STDERR  ] 2019-05-27T22:13:23.538397007Z: Generally Necessary:
[STDERR  ] 2019-05-27T22:13:23.538440755Z: - [37mcgroup hierarchy[m: [32mproperly mounted[m [/sys/fs/cgroup]
[STDERR  ] 2019-05-27T22:13:23.538486888Z: - [37mCONFIG_NAMESPACES[m: [32menabled[m
[STDERR  ] 2019-05-27T22:13:23.538531620Z: - [37mCONFIG_NET_NS[m: [32menabled[m
[STDERR  ] 2019-05-27T22:13:23.538575938Z: - [37mCONFIG_PID_NS[m: [32menabled[m
[STDERR  ] 2019-05-27T22:13:23.538621555Z: - [37mCONFIG_IPC_NS[m: [32menabled[m
[STDERR  ] 2019-05-27T22:13:23.538665636Z: - [37mCONFIG_UTS_NS[m: [32menabled[m
[STDERR  ] 2019-05-27T22:13:23.538718185Z: - [37mCONFIG_CGROUPS[m: [32menabled[m
[STDERR  ] 2019-05-27T22:13:23.538762216Z: - [37mCONFIG_CGROUP_CPUACCT[m: [32menabled[m
[STDERR  ] 2019-05-27T22:13:23.538806852Z: - [37mCONFIG_CGROUP_DEVICE[m: [32menabled[m
[STDERR  ] 2019-05-27T22:13:23.538853676Z: - [37mCONFIG_CGROUP_FREEZER[m: [32menabled[m
[STDERR  ] 2019-05-27T22:13:23.538897484Z: - [37mCONFIG_CGROUP_SCHED[m: [32menabled[m
[STDERR  ] 2019-05-27T22:13:23.538940858Z: - [37mCONFIG_CPUSETS[m: [32menabled[m
[STDERR  ] 2019-05-27T22:13:23.539008121Z: - [37mCONFIG_MEMCG[m: [32menabled[m
[STDERR  ] 2019-05-27T22:13:23.539051996Z: - [37mCONFIG_KEYS[m: [32menabled[m
[STDERR  ] 2019-05-27T22:13:23.539103693Z: - [37mCONFIG_VETH[m: [32menabled[m
[STDERR  ] 2019-05-27T22:13:23.539148563Z: - [37mCONFIG_BRIDGE[m: [32menabled[m
[STDERR  ] 2019-05-27T22:13:23.539192102Z: - [37mCONFIG_BRIDGE_NETFILTER[m: [32menabled[m
[STDERR  ] 2019-05-27T22:13:23.539235974Z: - [37mCONFIG_NF_NAT_IPV4[m: [32menabled[m
[STDERR  ] 2019-05-27T22:13:23.539280117Z: - [37mCONFIG_IP_NF_FILTER[m: [32menabled[m
[STDERR  ] 2019-05-27T22:13:23.539324662Z: - [37mCONFIG_IP_NF_TARGET_MASQUERADE[m: [32menabled[m
[STDERR  ] 2019-05-27T22:13:23.539424734Z: - [37mCONFIG_NETFILTER_XT_MATCH_ADDRTYPE[m: [32menabled[m
[STDERR  ] 2019-05-27T22:13:23.539470305Z: - [37mCONFIG_NETFILTER_XT_MATCH_CONNTRACK[m: [32menabled[m
[STDERR  ] 2019-05-27T22:13:23.539515593Z: - [37mCONFIG_NETFILTER_XT_MATCH_IPVS[m: [32menabled[m
[STDERR  ] 2019-05-27T22:13:23.539559005Z: - [37mCONFIG_IP_NF_NAT[m: [32menabled[m
[STDERR  ] 2019-05-27T22:13:23.539602821Z: - [37mCONFIG_NF_NAT[m: [32menabled[m
[STDERR  ] 2019-05-27T22:13:23.539648027Z: - [37mCONFIG_NF_NAT_NEEDED[m: [32menabled[m
[STDERR  ] 2019-05-27T22:13:23.539689046Z: - [37mCONFIG_POSIX_MQUEUE[m: [32menabled[m
[STDERR  ] 2019-05-27T22:13:23.539733376Z: 
[STDERR  ] 2019-05-27T22:13:23.539780354Z: Optional Features:
[STDERR  ] 2019-05-27T22:13:23.539833349Z: - [37mCONFIG_USER_NS[m: [32menabled[m
[STDERR  ] 2019-05-27T22:13:23.539878675Z: - [37mCONFIG_SECCOMP[m: [32menabled[m
[STDERR  ] 2019-05-27T22:13:23.539922763Z: - [37mCONFIG_CGROUP_PIDS[m: [32menabled[m
[STDERR  ] 2019-05-27T22:13:23.539987927Z: - [37mCONFIG_MEMCG_SWAP[m: [32menabled[m
[STDERR  ] 2019-05-27T22:13:23.540033024Z: - [37mCONFIG_MEMCG_SWAP_ENABLED[m: [32menabled[m
[STDERR  ] 2019-05-27T22:13:23.540079465Z:     [1;30m(cgroup swap accounting is currently enabled)[m
[STDERR  ] 2019-05-27T22:13:23.540130127Z: - [1mCONFIG_LEGACY_VSYSCALL_NONE[m: [1;31menabled[m
[STDERR  ] 2019-05-27T22:13:23.540176371Z:     [1;30m(containers using eglibc <= 2.13 will not work. Switch to[m
[STDERR  ] 2019-05-27T22:13:23.540220208Z:     [1;30m "CONFIG_VSYSCALL_[NATIVE|EMULATE]" or use "vsyscall=[native|emulate]"[m
[STDERR  ] 2019-05-27T22:13:23.540265609Z:     [1;30m on kernel command line. Note that this will disable ASLR for the,[m
[STDERR  ] 2019-05-27T22:13:23.540310915Z:     [1;30m VDSO which may assist in exploiting security vulnerabilities.)[m
[STDERR  ] 2019-05-27T22:13:23.540355163Z: - [37mCONFIG_BLK_CGROUP[m: [32menabled[m
[STDERR  ] 2019-05-27T22:13:23.540399662Z: - [37mCONFIG_BLK_DEV_THROTTLING[m: [32menabled[m
[STDERR  ] 2019-05-27T22:13:23.540444064Z: - [37mCONFIG_IOSCHED_CFQ[m: [32menabled[m
[STDERR  ] 2019-05-27T22:13:23.540488672Z: - [37mCONFIG_CFQ_GROUP_IOSCHED[m: [32menabled[m
[STDERR  ] 2019-05-27T22:13:23.540533313Z: - [37mCONFIG_CGROUP_PERF[m: [32menabled[m
[STDERR  ] 2019-05-27T22:13:23.540578024Z: - [37mCONFIG_CGROUP_HUGETLB[m: [32menabled[m
[STDERR  ] 2019-05-27T22:13:23.540621985Z: - [37mCONFIG_NET_CLS_CGROUP[m: [32menabled[m
[STDERR  ] 2019-05-27T22:13:23.540666325Z: - [37mCONFIG_CGROUP_NET_PRIO[m: [32menabled[m
[STDERR  ] 2019-05-27T22:13:23.540709764Z: - [37mCONFIG_CFS_BANDWIDTH[m: [32menabled[m
[STDERR  ] 2019-05-27T22:13:23.540752978Z: - [37mCONFIG_FAIR_GROUP_SCHED[m: [32menabled[m
[STDERR  ] 2019-05-27T22:13:23.540801985Z: - [37mCONFIG_RT_GROUP_SCHED[m: [32menabled[m
[STDERR  ] 2019-05-27T22:13:23.540845730Z: - [37mCONFIG_IP_NF_TARGET_REDIRECT[m: [32menabled[m
[STDERR  ] 2019-05-27T22:13:23.540890559Z: - [37mCONFIG_IP_VS[m: [32menabled[m
[STDERR  ] 2019-05-27T22:13:23.540938412Z: - [37mCONFIG_IP_VS_NFCT[m: [32menabled[m
[STDERR  ] 2019-05-27T22:13:23.541000270Z: - [37mCONFIG_IP_VS_PROTO_TCP[m: [32menabled[m
[STDERR  ] 2019-05-27T22:13:23.541062875Z: - [37mCONFIG_IP_VS_PROTO_UDP[m: [32menabled[m
[STDERR  ] 2019-05-27T22:13:23.541106806Z: - [37mCONFIG_IP_VS_RR[m: [32menabled[m
[STDERR  ] 2019-05-27T22:13:23.541150919Z: - [37mCONFIG_EXT4_FS[m: [32menabled[m
[STDERR  ] 2019-05-27T22:13:23.541196471Z: - [37mCONFIG_EXT4_FS_POSIX_ACL[m: [32menabled[m
[STDERR  ] 2019-05-27T22:13:23.541239740Z: - [37mCONFIG_EXT4_FS_SECURITY[m: [32menabled[m
[STDERR  ] 2019-05-27T22:13:23.541306356Z: - Network Drivers:
[STDERR  ] 2019-05-27T22:13:23.541350407Z:   - "[34moverlay[m":
[STDERR  ] 2019-05-27T22:13:23.541392189Z:     - [37mCONFIG_VXLAN[m: [32menabled[m
[STDERR  ] 2019-05-27T22:13:23.541438573Z:       Optional (for encrypted networks):
[STDERR  ] 2019-05-27T22:13:23.541483109Z:       - [37mCONFIG_CRYPTO[m: [32menabled[m
[STDERR  ] 2019-05-27T22:13:23.541531323Z:       - [37mCONFIG_CRYPTO_AEAD[m: [32menabled[m
[STDERR  ] 2019-05-27T22:13:23.541576054Z:       - [37mCONFIG_CRYPTO_GCM[m: [32menabled[m
[STDERR  ] 2019-05-27T22:13:23.541619113Z:       - [37mCONFIG_CRYPTO_SEQIV[m: [32menabled[m
[STDERR  ] 2019-05-27T22:13:23.541663103Z:       - [37mCONFIG_CRYPTO_GHASH[m: [32menabled[m
[STDERR  ] 2019-05-27T22:13:23.541710657Z:       - [37mCONFIG_XFRM[m: [32menabled[m
[STDERR  ] 2019-05-27T22:13:23.541760978Z:       - [37mCONFIG_XFRM_USER[m: [32menabled (as module)[m
[STDERR  ] 2019-05-27T22:13:23.541808157Z:       - [37mCONFIG_XFRM_ALGO[m: [32menabled (as module)[m
[STDERR  ] 2019-05-27T22:13:23.541851101Z:       - [37mCONFIG_INET_ESP[m: [32menabled (as module)[m
[STDERR  ] 2019-05-27T22:13:23.541894452Z:       - [37mCONFIG_INET_XFRM_MODE_TRANSPORT[m: [32menabled (as module)[m
[STDERR  ] 2019-05-27T22:13:23.541938443Z:   - "[34mipvlan[m":
[STDERR  ] 2019-05-27T22:13:23.541997268Z:     - [37mCONFIG_IPVLAN[m: [32menabled[m
[STDERR  ] 2019-05-27T22:13:23.542042164Z:   - "[34mmacvlan[m":
[STDERR  ] 2019-05-27T22:13:23.542086619Z:     - [37mCONFIG_MACVLAN[m: [32menabled[m
[STDERR  ] 2019-05-27T22:13:23.542129888Z:     - [37mCONFIG_DUMMY[m: [32menabled (as module)[m
[STDERR  ] 2019-05-27T22:13:23.542186623Z:   - "[34mftp,tftp client in container[m":
[STDERR  ] 2019-05-27T22:13:23.542230347Z:     - [37mCONFIG_NF_NAT_FTP[m: [32menabled[m
[STDERR  ] 2019-05-27T22:13:23.542271584Z:     - [37mCONFIG_NF_CONNTRACK_FTP[m: [32menabled[m
[STDERR  ] 2019-05-27T22:13:23.542318326Z:     - [37mCONFIG_NF_NAT_TFTP[m: [32menabled[m
[STDERR  ] 2019-05-27T22:13:23.542365444Z:     - [37mCONFIG_NF_CONNTRACK_TFTP[m: [32menabled[m
[STDERR  ] 2019-05-27T22:13:23.542411988Z: - Storage Drivers:
[STDERR  ] 2019-05-27T22:13:23.542455631Z:   - "[34maufs[m":
[STDERR  ] 2019-05-27T22:13:23.542502619Z:     - [1mCONFIG_AUFS_FS[m: [1;31mmissing[m
[STDERR  ] 2019-05-27T22:13:23.542547602Z:   - "[34mbtrfs[m":
[STDERR  ] 2019-05-27T22:13:23.542591543Z:     - [37mCONFIG_BTRFS_FS[m: [32menabled (as module)[m
[STDERR  ] 2019-05-27T22:13:23.542639457Z:     - [37mCONFIG_BTRFS_FS_POSIX_ACL[m: [32menabled[m
[STDERR  ] 2019-05-27T22:13:23.542683177Z:   - "[34mdevicemapper[m":
[STDERR  ] 2019-05-27T22:13:23.542728228Z:     - [37mCONFIG_BLK_DEV_DM[m: [32menabled[m
[STDERR  ] 2019-05-27T22:13:23.542776071Z:     - [37mCONFIG_DM_THIN_PROVISIONING[m: [32menabled[m
[STDERR  ] 2019-05-27T22:13:23.542819872Z:   - "[34moverlay[m":
[STDERR  ] 2019-05-27T22:13:23.542869517Z:     - [37mCONFIG_OVERLAY_FS[m: [32menabled[m
[STDERR  ] 2019-05-27T22:13:23.542913679Z:   - "[34mzfs[m":
[STDERR  ] 2019-05-27T22:13:23.542968241Z:     - [1m/dev/zfs[m: [1;31mmissing[m
[STDERR  ] 2019-05-27T22:13:23.543032358Z:     - [1mzfs command[m: [1;31mmissing[m
[STDERR  ] 2019-05-27T22:13:23.543077287Z:     - [1mzpool command[m: [1;31mmissing[m
[STDERR  ] 2019-05-27T22:13:23.543121295Z: 
[STDERR  ] 2019-05-27T22:13:23.543174204Z: Limits:
[STDERR  ] 2019-05-27T22:13:23.543218468Z: [37m- /proc/sys/kernel/keys/root_maxkeys[m: [32m1000000[m
[STDERR  ] 2019-05-27T22:13:23.543267109Z: 
[STDERR  ] 2019-05-27T22:13:23.543310713Z: Kernel config test suite PASSED
[STDERR  ] 2019-05-27T22:13:23.543413015Z: [    8.808388] ACPI: Preparing to enter system sleep state S5
[STDERR  ] 2019-05-27T22:13:23.543462460Z: [    8.813439] reboot: Power down
[STDERR  ] 2019-05-27T22:13:23.543506962Z: + grep -q suite PASSED
[STDERR  ] 2019-05-27T22:13:23.543548859Z: + echo [    0.000000] Linux version 4.19.46-linuxkit (root@eb216a843060) (gcc version 8.3.0 (Alpine 8.3.0)) #1 SMP Mon May 27 08:26:00 UTC 2019
[STDERR  ] 2019-05-27T22:13:23.543598331Z: [    0.000000] Command line: console=ttyS0 console=ttyAMA0
[STDERR  ] 2019-05-27T22:13:23.543645663Z: [    0.000000] x86/fpu: x87 FPU will use FXSAVE
[STDERR  ] 2019-05-27T22:13:23.543689124Z: [    0.000000] BIOS-provided physical RAM map:
[STDERR  ] 2019-05-27T22:13:23.543741653Z: [    0.000000] BIOS-e820: [mem 0x0000000000000000-0x000000000009fbff] usable
[STDERR  ] 2019-05-27T22:13:23.543787220Z: [    0.000000] BIOS-e820: [mem 0x000000000009fc00-0x000000000009ffff] reserved
[STDERR  ] 2019-05-27T22:13:23.543831875Z: [    0.000000] BIOS-e820: [mem 0x00000000000f0000-0x00000000000fffff] reserved
[STDERR  ] 2019-05-27T22:13:23.543876702Z: [    0.000000] BIOS-e820: [mem 0x0000000000100000-0x000000003ffdefff] usable
[STDERR  ] 2019-05-27T22:13:23.543921114Z: [    0.000000] BIOS-e820: [mem 0x000000003ffdf000-0x000000003fffffff] reserved
[STDERR  ] 2019-05-27T22:13:23.543991370Z: [    0.000000] BIOS-e820: [mem 0x00000000b0000000-0x00000000bfffffff] reserved
[STDERR  ] 2019-05-27T22:13:23.544037943Z: [    0.000000] BIOS-e820: [mem 0x00000000fed1c000-0x00000000fed1ffff] reserved
[STDERR  ] 2019-05-27T22:13:23.544081872Z: [    0.000000] BIOS-e820: [mem 0x00000000feffc000-0x00000000feffffff] reserved
[STDERR  ] 2019-05-27T22:13:23.544129648Z: [    0.000000] BIOS-e820: [mem 0x00000000fffc0000-0x00000000ffffffff] reserved
[STDERR  ] 2019-05-27T22:13:23.544174268Z: [    0.000000] NX (Execute Disable) protection: active
[STDERR  ] 2019-05-27T22:13:23.544219018Z: [    0.000000] SMBIOS 2.8 present.
[STDERR  ] 2019-05-27T22:13:23.544263745Z: [    0.000000] DMI: QEMU Standard PC (Q35 + ICH9, 2009), BIOS 1.10.2-1 04/01/2014
[STDERR  ] 2019-05-27T22:13:23.544315963Z: [    0.000000] Hypervisor detected: KVM
[STDERR  ] 2019-05-27T22:13:23.544357312Z: [    0.000000] kvm-clock: Using msrs 4b564d01 and 4b564d00
[STDERR  ] 2019-05-27T22:13:23.544403419Z: [    0.585385] kvm-clock: cpu 0, msr 2f81e001, primary cpu clock
[STDERR  ] 2019-05-27T22:13:23.544447645Z: [    0.585385] clocksource: kvm-clock: mask: 0xffffffffffffffff max_cycles: 0x1cd42e4dffb, max_idle_ns: 881590591483 ns
[STDERR  ] 2019-05-27T22:13:23.544494820Z: [    0.585398] tsc: Detected 2299.772 MHz processor
[STDERR  ] 2019-05-27T22:13:23.544541810Z: [    0.589155] last_pfn = 0x3ffdf max_arch_pfn = 0x400000000
[STDERR  ] 2019-05-27T22:13:23.544586099Z: [    0.589811] x86/PAT: PAT not supported by CPU.
[STDERR  ] 2019-05-27T22:13:23.544630166Z: [    0.589869] x86/PAT: Configuration [0-7]: WB  WT  UC- UC  WB  WT  UC- UC  
[STDERR  ] 2019-05-27T22:13:23.544674725Z: [    0.600598] found SMP MP-table at [mem 0x000f6a90-0x000f6a9f]
[STDERR  ] 2019-05-27T22:13:23.545624330Z: [    0.600928] RAMDISK: [mem 0x3e00f000-0x3ffcffff]
[STDERR  ] 2019-05-27T22:13:23.545720578Z: [    0.601170] ACPI: Early table checksum verification disabled
[STDERR  ] 2019-05-27T22:13:23.545774900Z: [    0.601317] ACPI: RSDP 0x00000000000F68D0 000014 (v00 BOCHS )
[STDERR  ] 2019-05-27T22:13:23.545927352Z: [    0.601326] ACPI: RSDT 0x000000003FFE2404 000034 (v01 BOCHS  BXPCRSDT 00000001 BXPC 00000001)
[PASS    ] linuxkit.kernel.config_4.19.x 23.07s
[STDERR  ] 2019-05-27T22:13:23.545996551Z: [    0.601348] ACPI: FACP 0x000000003FFE22A4 000074 (v01 BOCHS  BXPCFACP 00000001 BXPC 00000001)
