[INFO    ] 2018-04-05T15:55:10.093517414Z: Running Test linuxkit.kernel.config_4.14.x in /tmp/build/test/cases/020_kernel/006_config_4.14.x
[STDERR  ] 2018-04-05T15:55:10.093570866Z: Optional Features:
[STDERR  ] 2018-04-05T15:55:10.093596256Z: - [37mCONFIG_USER_NS[m: [32menabled[m
[STDERR  ] 2018-04-05T15:55:10.093620062Z: - [37mCONFIG_SECCOMP[m: [32menabled[m
[STDERR  ] 2018-04-05T15:55:10.093634975Z: - [37mCONFIG_CGROUP_PIDS[m: [32menabled[m
[INFO    ] 2018-04-05T15:55:10.093651927Z: Running command: [/bin/sh -x /tmp/build/test/cases/020_kernel/006_config_4.14.x/test.sh]
[STDERR  ] 2018-04-05T15:55:10.093648879Z: - [37mCONFIG_MEMCG_SWAP[m: [32menabled[m
[STDERR  ] 2018-04-05T15:55:10.093662802Z: - [37mCONFIG_MEMCG_SWAP_ENABLED[m: [32menabled[m
[STDERR  ] 2018-04-05T15:55:10.093676414Z:     [1;30m(cgroup swap accounting is currently enabled)[m
[STDERR  ] 2018-04-05T15:55:10.093690162Z: - [1mCONFIG_LEGACY_VSYSCALL_NONE[m: [1;31menabled[m
[STDERR  ] 2018-04-05T15:55:10.093704697Z:     [1;30m(containers using eglibc <= 2.13 will not work. Switch to[m
[STDERR  ] 2018-04-05T15:55:10.093719222Z:     [1;30m "CONFIG_VSYSCALL_[NATIVE|EMULATE]" or use "vsyscall=[native|emulate]"[m
[STDERR  ] 2018-04-05T15:55:10.093733180Z:     [1;30m on kernel command line. Note that this will disable ASLR for the,[m
[STDERR  ] 2018-04-05T15:55:10.093747940Z:     [1;30m VDSO which may assist in exploiting security vulnerabilities.)[m
[STDERR  ] 2018-04-05T15:55:10.093761700Z: - [37mCONFIG_BLK_CGROUP[m: [32menabled[m
[STDERR  ] 2018-04-05T15:55:10.093788297Z: - [37mCONFIG_BLK_DEV_THROTTLING[m: [32menabled[m
[STDERR  ] 2018-04-05T15:55:10.093803122Z: - [37mCONFIG_IOSCHED_CFQ[m: [32menabled[m
[STDERR  ] 2018-04-05T15:55:10.093816628Z: - [37mCONFIG_CFQ_GROUP_IOSCHED[m: [32menabled[m
[STDERR  ] 2018-04-05T15:55:10.093828877Z: - [37mCONFIG_CGROUP_PERF[m: [32menabled[m
[STDERR  ] 2018-04-05T15:55:10.093837648Z: - [37mCONFIG_CGROUP_HUGETLB[m: [32menabled[m
[STDERR  ] 2018-04-05T15:55:10.093850428Z: - [37mCONFIG_NET_CLS_CGROUP[m: [32menabled[m
[STDERR  ] 2018-04-05T15:55:10.093858639Z: - [37mCONFIG_CGROUP_NET_PRIO[m: [32menabled[m
[STDERR  ] 2018-04-05T15:55:10.093868020Z: - [37mCONFIG_C
[STDERR  ] 2018-04-05T15:55:10.094373772Z: + set -e
[STDERR  ] 2018-04-05T15:55:10.094423125Z: + . /tmp/build/test/cases/_lib/lib.sh
[STDERR  ] 2018-04-05T15:55:10.094439788Z: + [ -f src/github.com/linuxkit/rtf/lib/lib.sh ]
[STDERR  ] 2018-04-05T15:55:10.094454258Z: + LINUXKIT_TMPDIR=/tmp/build/test/cases/_tmp
[STDERR  ] 2018-04-05T15:55:10.094468071Z: + [ -f /tmp/build/test/cases/_tmp/env.sh ]
[STDERR  ] 2018-04-05T15:55:10.094481942Z: + . /tmp/build/test/cases/_tmp/env.sh
[STDERR  ] 2018-04-05T15:55:10.094495834Z: + export LINUXKIT_EXAMPLES_DIR=/tmp/build/test/cases/../../examples
[STDERR  ] 2018-04-05T15:55:10.094511657Z: + RT_CANCEL=253
[STDERR  ] 2018-04-05T15:55:10.094546034Z: + NAME=kconfig
[STDERR  ] 2018-04-05T15:55:10.094560941Z: + trap clean_up EXIT
[STDERR  ] 2018-04-05T15:55:10.094573421Z: + linuxkit build -format kernel+initrd -name kconfig test.yml
[STDERR  ] 2018-04-05T15:55:10.139991522Z: Extract kernel image: linuxkit/kernel:4.14.32
[STDERR  ] 2018-04-05T15:55:11.748165581Z: Add init containers:
[STDERR  ] 2018-04-05T15:55:11.748236041Z: Process init image: linuxkit/init:be60dd1cb15ad39225512b6753304571d8c2fb17
[STDERR  ] 2018-04-05T15:55:12.973516034Z: Process init image: linuxkit/runc:17e8c06e48ac220be79b2476e39b4d7feb905524
[STDERR  ] 2018-04-05T15:55:14.140030736Z: Add onboot containers:
[STDERR  ] 2018-04-05T15:55:14.140088938Z:   Create OCI config for linuxkit/test-kernel-config:a3eb5aa39ed8e426cc2b33606820edc59301ae4d
[STDERR  ] 2018-04-05T15:55:15.540731143Z:   Create OCI config for linuxkit/poweroff:f9a0a5e52fd2a97908bda33db2afffafe4a6a67d
[STDERR  ] 2018-04-05T15:55:16.738963844Z: Create outputs:
[STDERR  ] 2018-04-05T15:55:21.645006307Z:   kconfig-kernel kconfig-initrd.img kconfig-cmdline
[STDERR  ] 2018-04-05T15:55:21.691570000Z: + linuxkit run kconfig
[STDERR  ] 2018-04-05T15:55:21.713938341Z: Unable to find qemu-system-x86_64 within the $PATH. Using a container
[STDERR  ] 2018-04-05T15:55:31.324027163Z: + RESULT=[    0.000000] Linux version 4.14.32-linuxkit (root@d8cf80697563) (gcc version 6.4.0 (Alpine 6.4.0)) #1 SMP Sun Apr 1 17:10:10 UTC 2018
[STDERR  ] 2018-04-05T15:55:31.324108704Z: [    0.000000] Command line: console=ttyS0 console=ttyAMA0
[STDERR  ] 2018-04-05T15:55:31.324125088Z: [    0.000000] x86/fpu: x87 FPU will use FXSAVE
[STDERR  ] 2018-04-05T15:55:31.324140897Z: [    0.000000] e820: BIOS-provided physical RAM map:
[STDERR  ] 2018-04-05T15:55:31.324171965Z: [    0.000000] BIOS-e820: [mem 0x0000000000000000-0x000000000009fbff] usable
[STDERR  ] 2018-04-05T15:55:31.324195332Z: [    0.000000] BIOS-e820: [mem 0x000000000009fc00-0x000000000009ffff] reserved
[STDERR  ] 2018-04-05T15:55:31.324214967Z: [    0.000000] BIOS-e820: [mem 0x00000000000f0000-0x00000000000fffff] reserved
[STDERR  ] 2018-04-05T15:55:31.324228203Z: [    0.000000] BIOS-e820: [mem 0x0000000000100000-0x000000003ffdefff] usable
[STDERR  ] 2018-04-05T15:55:31.324241211Z: [    0.000000] BIOS-e820: [mem 0x000000003ffdf000-0x000000003fffffff] reserved
[STDERR  ] 2018-04-05T15:55:31.324260037Z: [    0.000000] BIOS-e820: [mem 0x00000000b0000000-0x00000000bfffffff] reserved
[STDERR  ] 2018-04-05T15:55:31.324274907Z: [    0.000000] BIOS-e820: [mem 0x00000000fed1c000-0x00000000fed1ffff] reserved
[STDERR  ] 2018-04-05T15:55:31.324289049Z: [    0.000000] BIOS-e820: [mem 0x00000000feffc000-0x00000000feffffff] reserved
[STDERR  ] 2018-04-05T15:55:31.324303078Z: [    0.000000] BIOS-e820: [mem 0x00000000fffc0000-0x00000000ffffffff] reserved
[STDERR  ] 2018-04-05T15:55:31.324316163Z: [    0.000000] NX (Execute Disable) protection: active
[STDERR  ] 2018-04-05T15:55:31.324331364Z: [    0.000000] random: fast init done
[STDERR  ] 2018-04-05T15:55:31.324345522Z: [    0.000000] SMBIOS 2.8 present.
[STDERR  ] 2018-04-05T15:55:31.324358817Z: [    0.000000] DMI: QEMU Standard PC (Q35 + ICH9, 2009), BIOS rel-1.10.2-0-g5f4c7b1-prebuilt.qemu-project.org 04/01/2014
[STDERR  ] 2018-04-05T15:55:31.324374083Z: [    0.000000] Hypervisor detected: KVM
[STDERR  ] 2018-04-05T15:55:31.324388458Z: [    0.000000] tsc: Unable to calibrate against PIT
[STDERR  ] 2018-04-05T15:55:31.324401440Z: [    0.000000] tsc: No reference (HPET/PMTIMER) available
[STDERR  ] 2018-04-05T15:55:31.324415722Z: [    0.000000] e820: last_pfn = 0x3ffdf max_arch_pfn = 0x400000000
[STDERR  ] 2018-04-05T15:55:31.324436831Z: [    0.000000] x86/PAT: PAT not supported by CPU.
[STDERR  ] 2018-04-05T15:55:31.324450958Z: [    0.000000] x86/PAT: Configuration [0-7]: WB  WT  UC- UC  WB  WT  UC- UC  
[STDERR  ] 2018-04-05T15:55:31.324465069Z: [    0.000000] found SMP MP-table at [mem 0x000f6aa0-0x000f6aaf] mapped at [ffffffffff200aa0]
[STDERR  ] 2018-04-05T15:55:31.324479882Z: [    0.000000] RAMDISK: [mem 0x3e5bc000-0x3ffcffff]
[STDERR  ] 2018-04-05T15:55:31.324493983Z: [    0.000000] ACPI: Early table checksum verification disabled
[STDERR  ] 2018-04-05T15:55:31.324507942Z: [    0.000000] ACPI: RSDP 0x00000000000F68B0 000014 (v00 BOCHS )
[STDERR  ] 2018-04-05T15:55:31.324522661Z: [    0.000000] ACPI: RSDT 0x000000003FFE20A8 000034 (v01 BOCHS  BXPCRSDT 00000001 BXPC 00000001)
[STDERR  ] 2018-04-05T15:55:31.324538468Z: [    0.000000] ACPI: FACP 0x000000003FFE1EC8 0000F4 (v03 BOCHS  BXPCFACP 00000001 BXPC 00000001)
[STDERR  ] 2018-04-05T15:55:31.324553690Z: [    0.000000] ACPI: DSDT 0x000000003FFE0040 001E88 (v01 BOCHS  BXPCDSDT 00000001 BXPC 00000001)
[STDERR  ] 2018-04-05T15:55:31.324569250Z: [    0.000000] ACPI: FACS 0x000000003FFE0000 000040
[STDERR  ] 2018-04-05T15:55:31.324582828Z: [    0.000000] ACPI: APIC 0x000000003FFE1FBC 000078 (v01 BOCHS  BXPCAPIC 00000001 BXPC 00000001)
[STDERR  ] 2018-04-05T15:55:31.324604910Z: [    0.000000] ACPI: HPET 0x000000003FFE2034 000038 (v01 BOCHS  BXPCHPET 00000001 BXPC 00000001)
[STDERR  ] 2018-04-05T15:55:31.324618748Z: [    0.000000] ACPI: MCFG 0x000000003FFE206C 00003C (v01 BOCHS  BXPCMCFG 00000001 BXPC 00000001)
[STDERR  ] 2018-04-05T15:55:31.324633666Z: [    0.000000] kvm-clock: Using msrs 4b564d01 and 4b564d00
[STDERR  ] 2018-04-05T15:55:31.324655248Z: [    0.000000] kvm-clock: cpu 0, msr 0:3ffdd001, primary cpu clock
[STDERR  ] 2018-04-05T15:55:31.324674130Z: [    0.000000] clocksource: kvm-clock: mask: 0xffffffffffffffff max_cycles: 0x1cd42e4dffb, max_idle_ns: 881590591483 ns
[STDERR  ] 2018-04-05T15:55:31.324695963Z: [    0.000000] Zone ranges:
[STDERR  ] 2018-04-05T15:55:31.324711399Z: [    0.000000]   DMA      [mem 0x0000000000001000-0x0000000000ffffff]
[STDERR  ] 2018-04-05T15:55:31.324725777Z: [    0.000000]   DMA32    [mem 0x0000000001000000-0x000000003ffdefff]
[STDERR  ] 2018-04-05T15:55:31.324739103Z: [    0.000000]   Normal   empty
[STDERR  ] 2018-04-05T15:55:31.324761424Z: [    0.000000]   Device   empty
[STDERR  ] 2018-04-05T15:55:31.324774598Z: [    0.000000] Movable zone start for each node
[STDERR  ] 2018-04-05T15:55:31.324791427Z: [    0.000000] Early memory node ranges
[STDERR  ] 2018-04-05T15:55:31.324804834Z: [    0.000000]   node   0: [mem 0x0000000000001000-0x000000000009efff]
[STDERR  ] 2018-04-05T15:55:31.324824780Z: [    0.000000]   node   0: [mem 0x0000000000100000-0x000000003ffdefff]
[STDERR  ] 2018-04-05T15:55:31.324838322Z: [    0.000000] Initmem setup node 0 [mem 0x0000000000001000-0x000000003ffdefff]
[STDERR  ] 2018-04-05T15:55:31.324852678Z: [    0.000000] ACPI: PM-Timer IO Port: 0x608
[STDERR  ] 2018-04-05T15:55:31.324866004Z: [    0.000000] ACPI: LAPIC_NMI (acpi_id[0xff] dfl dfl lint[0x1])
[STDERR  ] 2018-04-05T15:55:31.324879360Z: [    0.000000] IOAPIC[0]: apic_id 0, version 17, address 0xfec00000, GSI 0-23
[STDERR  ] 2018-04-05T15:55:31.324891929Z: [    0.000000] ACPI: INT_SRC_OVR (bus 0 bus_irq 0 global_irq 2 dfl dfl)
[STDERR  ] 2018-04-05T15:55:31.324904869Z: [    0.000000] ACPI: INT_SRC_OVR (bus 0 bus_irq 5 global_irq 5 high level)
[STDERR  ] 2018-04-05T15:55:31.324928534Z: [    0.000000] ACPI: INT_SRC_OVR (bus 0 bus_irq 9 global_irq 9 high level)
[STDERR  ] 2018-04-05T15:55:31.324943664Z: [    0.000000] ACPI: INT_SRC_OVR (bus 0 bus_irq 10 global_irq 10 high level)
[STDERR  ] 2018-04-05T15:55:31.324956733Z: [    0.000000] ACPI: INT_SRC_OVR (bus 0 bus_irq 11 global_irq 11 high level)
[STDERR  ] 2018-04-05T15:55:31.324970091Z: [    0.000000] Using ACPI (MADT) for SMP configuration information
[STDERR  ] 2018-04-05T15:55:31.324982949Z: [    0.000000] ACPI: HPET id: 0x8086a201 base: 0xfed00000
[STDERR  ] 2018-04-05T15:55:31.324995781Z: [    0.000000] smpboot: Allowing 1 CPUs, 0 hotplug CPUs
[STDERR  ] 2018-04-05T15:55:31.325008992Z: [    0.000000] e820: [mem 0x40000000-0xafffffff] available for PCI devices
[STDERR  ] 2018-04-05T15:55:31.325022620Z: [    0.000000] Booting paravirtualized kernel on KVM
[STDERR  ] 2018-04-05T15:55:31.325035443Z: [    0.000000] clocksource: refined-jiffies: mask: 0xffffffff max_cycles: 0xffffffff, max_idle_ns: 19112604462750000 ns
[STDERR  ] 2018-04-05T15:55:31.325049475Z: [    0.000000] setup_percpu: NR_CPUS:128 nr_cpumask_bits:128 nr_cpu_ids:1 nr_node_ids:1
[STDERR  ] 2018-04-05T15:55:31.325063315Z: [    0.000000] percpu: Embedded 44 pages/cpu @ffff8aa47e200000 s143256 r8192 d28776 u2097152
[STDERR  ] 2018-04-05T15:55:31.325075926Z: [    0.000000] KVM setup async PF for cpu 0
[STDERR  ] 2018-04-05T15:55:31.325089961Z: [    0.000000] kvm-stealtime: cpu 0, msr 3e215f40
[STDERR  ] 2018-04-05T15:55:31.325106435Z: [    0.000000] Built 1 zonelists, mobility grouping on.  Total pages: 257896
[STDERR  ] 2018-04-05T15:55:31.325126883Z: [    0.000000] Kernel command line: console=ttyS0 console=ttyAMA0
[STDERR  ] 2018-04-05T15:55:31.325147635Z: [    0.000000] PID hash table entries: 4096 (order: 3, 32768 bytes)
[STDERR  ] 2018-04-05T15:55:31.325160892Z: [    0.000000] Dentry cache hash table entries: 131072 (order: 8, 1048576 bytes)
[STDERR  ] 2018-04-05T15:55:31.325175306Z: [    0.000000] Inode-cache hash table entries: 65536 (order: 7, 524288 bytes)
[STDERR  ] 2018-04-05T15:55:31.325188943Z: [    0.000000] Memory: 978096K/1048052K available (12300K kernel code, 1458K rwdata, 2988K rodata, 1508K init, 632K bss, 69956K reserved, 0K cma-reserved)
[STDERR  ] 2018-04-05T15:55:31.325209835Z: [    0.000000] Kernel/User page tables isolation: enabled
[STDERR  ] 2018-04-05T15:55:31.325224570Z: [    0.000000] ftrace: allocating 40957 entries in 160 pages
[STDERR  ] 2018-04-05T15:55:31.325242383Z: [    0.010000] Hierarchical RCU implementation.
[STDERR  ] 2018-04-05T15:55:31.325255806Z: [    0.010000] 	RCU restricting CPUs from NR_CPUS=128 to nr_cpu_ids=1.
[STDERR  ] 2018-04-05T15:55:31.325263893Z: [    0.010000] RCU: Adjusting geometry for rcu_fanout_leaf=16, nr_cpu_ids=1
[STDERR  ] 2018-04-05T15:55:31.325271832Z: [    0.010000] NR_IRQS: 8448, nr_irqs: 256, preallocated irqs: 16
[STDERR  ] 2018-04-05T15:55:31.325279829Z: [    0.010000] Console: colour VGA+ 80x25
[STDERR  ] 2018-04-05T15:55:31.325292085Z: [    0.010000] console [ttyS0] enabled
[STDERR  ] 2018-04-05T15:55:31.325299932Z: [    0.010000] clocksource: hpet: mask: 0xffffffff max_cycles: 0xffffffff, max_idle_ns: 19112604467 ns
[STDERR  ] 2018-04-05T15:55:31.325308823Z: [    0.010031] tsc: Detected 2300.000 MHz processor
[STDERR  ] 2018-04-05T15:55:31.325316679Z: [    0.014174] Calibrating delay loop (skipped) preset value.. 4600.00 BogoMIPS (lpj=23000000)
[STDERR  ] 2018-04-05T15:55:31.325324899Z: [    0.020029] pid_max: default: 32768 minimum: 301
[STDERR  ] 2018-04-05T15:55:31.325332709Z: [    0.024244] ACPI: Core revision 20170728
[STDERR  ] 2018-04-05T15:55:31.325340493Z: [    0.030317] ACPI: 1 ACPI AML tables successfully acquired and loaded
[STDERR  ] 2018-04-05T15:55:31.325352613Z: [    0.036083] Security Framework initialized
[STDERR  ] 2018-04-05T15:55:31.325360565Z: [    0.039804] Yama: becoming mindful.
[STDERR  ] 2018-04-05T15:55:31.325368336Z: [    0.040079] Mount-cache hash table entries: 2048 (order: 2, 16384 bytes)
[STDERR  ] 2018-04-05T15:55:31.325376216Z: [    0.046040] Mountpoint-cache hash table entries: 2048 (order: 2, 16384 bytes)
[STDERR  ] 2018-04-05T15:55:31.325383994Z: [    0.050785] CPU: Physical Processor ID: 0
[STDERR  ] 2018-04-05T15:55:31.325391825Z: [    0.065583] Last level iTLB entries: 4KB 0, 2MB 0, 4MB 0
[STDERR  ] 2018-04-05T15:55:31.325399858Z: [    0.070028] Last level dTLB entries: 4KB 0, 2MB 0, 4MB 0, 1GB 0
[STDERR  ] 2018-04-05T15:55:31.325458771Z: [    0.075345] Spectre V2 : Vulnerable: Minimal generic ASM retpoline
[STDERR  ] 2018-04-05T15:55:31.325471569Z: [    0.084431] Freeing SMP alternatives memory: 20K
[STDERR  ] 2018-04-05T15:55:31.325479607Z: [    0.090498] smpboot: Max logical packages: 1
[STDERR  ] 2018-04-05T15:55:31.325487474Z: [    0.096248] x2apic enabled
[STDERR  ] 2018-04-05T15:55:31.325501094Z: [    0.100022] Switched APIC routing to physical x2apic.
[STDERR  ] 2018-04-05T15:55:31.325509467Z: [    0.113804] ..TIMER: vector=0x30 apic1=0 pin1=2 apic2=-1 pin2=-1
[STDERR  ] 2018-04-05T15:55:31.325517334Z: [    0.120000] smpboot: CPU0: Intel QEMU Virtual CPU version 2.5+ (family: 0x6, model: 0x6, stepping: 0x3)
[STDERR  ] 2018-04-05T15:55:31.325525638Z: [    0.120000] Performance Events: PMU not available due to virtualization, using software events only.
[STDERR  ] 2018-04-05T15:55:31.325539401Z: [    0.130391] Hierarchical SRCU implementation.
[STDERR  ] 2018-04-05T15:55:31.325547248Z: [    0.134483] NMI watchdog: Perf event create on CPU 0 failed with -2
[STDERR  ] 2018-04-05T15:55:31.325557979Z: [    0.140005] NMI watchdog: Perf NMI watchdog permanently disabled
[STDERR  ] 2018-04-05T15:55:31.325571281Z: [    0.145428] smp: Bringing up secondary CPUs ...
[STDERR  ] 2018-04-05T15:55:31.325579372Z: [    0.150005] smp: Brought up 1 node, 1 CPU
[STDERR  ] 2018-04-05T15:55:31.325587135Z: [    0.153647] smpboot: Total of 1 processors activated (4600.00 BogoMIPS)
[STDERR  ] 2018-04-05T15:55:31.325596502Z: [    0.161735] devtmpfs: initialized
[STDERR  ] 2018-04-05T15:55:31.325604264Z: [    0.164895] x86/mm: Memory block size: 128MB
[STDERR  ] 2018-04-05T15:55:31.325616644Z: [    0.170275] evm: security.ima
[STDERR  ] 2018-04-05T15:55:31.325624424Z: [    0.173018] evm: security.capability
[STDERR  ] 2018-04-05T15:55:31.325632079Z: [    0.176475] clocksource: jiffies: mask: 0xffffffff max_cycles: 0xffffffff, max_idle_ns: 19112604462750000 ns
[STDERR  ] 2018-04-05T15:55:31.325645088Z: [    0.180016] futex hash table entries: 256 (order: 2, 16384 bytes)
[STDERR  ] 2018-04-05T15:55:31.325653144Z: [    0.190248] NET: Registered protocol family 16
[STDERR  ] 2018-04-05T15:55:31.325664095Z: [    0.194512] cpuidle: using governor ladder
[STDERR  ] 2018-04-05T15:55:31.325676937Z: [    0.200006] cpuidle: using governor menu
[STDERR  ] 2018-04-05T15:55:31.325684986Z: [    0.203846] ACPI: bus type PCI registered
[STDERR  ] 2018-04-05T15:55:31.325692772Z: [    0.207918] PCI: MMCONFIG for domain 0000 [bus 00-ff] at [mem 0xb0000000-0xbfffffff] (base 0xb0000000)
[STDERR  ] 2018-04-05T15:55:31.325700882Z: [    0.210010] PCI: MMCONFIG at [mem 0xb0000000-0xbfffffff] reserved in E820
[STDERR  ] 2018-04-05T15:55:31.325713304Z: [    0.220021] PCI: Using configuration type 1 for base access
[STDERR  ] 2018-04-05T15:55:31.325721379Z: [    0.230211] HugeTLB registered 2.00 MiB page size, pre-allocated 0 pages
[STDERR  ] 2018-04-05T15:55:31.325729172Z: [    0.236541] ACPI: Added _OSI(Module Device)
[STDERR  ] 2018-04-05T15:55:31.325736858Z: [    0.240008] ACPI: Added _OSI(Processor Device)
[STDERR  ] 2018-04-05T15:55:31.325744621Z: [    0.244009] ACPI: Added _OSI(3.0 _SCP Extensions)
[STDERR  ] 2018-04-05T15:55:31.325752324Z: [    0.248254] ACPI: Added _OSI(Processor Aggregator Device)
[STDERR  ] 2018-04-05T15:55:31.325759944Z: [    0.254862] ACPI: Interpreter enabled
[STDERR  ] 2018-04-05T15:55:31.325767637Z: [    0.260044] ACPI: (supports S0 S5)
[STDERR  ] 2018-04-05T15:55:31.325775195Z: [    0.263139] ACPI: Using IOAPIC for interrupt routing
[STDERR  ] 2018-04-05T15:55:31.325782839Z: [    0.267769] PCI: Using host bridge windows from ACPI; if necessary, use "pci=nocrs" and report a bug
[STDERR  ] 2018-04-05T15:55:31.325790806Z: [    0.270269] ACPI: Enabled 1 GPEs in block 00 to 3F
[STDERR  ] 2018-04-05T15:55:31.325798495Z: [    0.283393] ACPI: PCI Root Bridge [PCI0] (domain 0000 [bus 00-ff])
[STDERR  ] 2018-04-05T15:55:31.325806158Z: [    0.290017] acpi PNP0A08:00: _OSC: OS supports [ExtendedConfig ASPM ClockPM Segments MSI]
[STDERR  ] 2018-04-05T15:55:31.325813991Z: [    0.297440] acpi PNP0A08:00: _OSC: OS now controls [PCIeHotplug PME PCIeCapability]
[STDERR  ] 2018-04-05T15:55:31.325821707Z: [    0.300081] PCI host bridge to bus 0000:00
[STDERR  ] 2018-04-05T15:55:31.325829494Z: [    0.303797] pci_bus 0000:00: root bus resource [io  0x0000-0x0cf7 window]
[STDERR  ] 2018-04-05T15:55:31.325837130Z: [    0.310007] pci_bus 0000:00: root bus resource [io  0x0d00-0xffff window]
[STDERR  ] 2018-04-05T15:55:31.325847105Z: [    0.320006] pci_bus 0000:00: root bus resource [mem 0x000a0000-0x000bffff window]
[STDERR  ] 2018-04-05T15:55:31.325866669Z: [    0.326705] pci_bus 0000:00: root bus resource [mem 0xc0000000-0xfebfffff window]
[STDERR  ] 2018-04-05T15:55:31.325874534Z: [    0.330007] pci_bus 0000:00: root bus resource [bus 00-ff]
[STDERR  ] 2018-04-05T15:55:31.325886736Z: [    0.462407] pci 0000:00:1f.0: quirk: [io  0x0600-0x067f] claimed by ICH6 ACPI/GPIO/TCO
[STDERR  ] 2018-04-05T15:55:31.325894601Z: [    0.521231] ACPI: PCI Interrupt Link [LNKA] (IRQs 5 *10 11)
[STDERR  ] 2018-04-05T15:55:31.325902391Z: [    0.528257] ACPI: PCI Interrupt Link [LNKB] (IRQs 5 *10 11)
[STDERR  ] 2018-04-05T15:55:31.325910021Z: [    0.530323] ACPI: PCI Interrupt Link [LNKC] (IRQs 5 10 *11)
[STDERR  ] 2018-04-05T15:55:31.325940640Z: [    0.535669] ACPI: PCI Interrupt Link [LNKD] (IRQs 5 10 *11)
[STDERR  ] 2018-04-05T15:55:31.325950418Z: [    0.540313] ACPI: PCI Interrupt Link [LNKE] (IRQs 5 *10 11)
[STDERR  ] 2018-04-05T15:55:31.325958147Z: [    0.550277] ACPI: PCI Interrupt Link [LNKF] (IRQs 5 *10 11)
[STDERR  ] 2018-04-05T15:55:31.325965965Z: [    0.555693] ACPI: PCI Interrupt Link [LNKG] (IRQs 5 10 *11)
[STDERR  ] 2018-04-05T15:55:31.325973758Z: [    0.560280] ACPI: PCI Interrupt Link [LNKH] (IRQs 5 10 *11)
[STDERR  ] 2018-04-05T15:55:31.325981463Z: [    0.565652] ACPI: PCI Interrupt Link [GSIA] (IRQs *16)
[STDERR  ] 2018-04-05T15:55:31.325992990Z: [    0.570026] ACPI: PCI Interrupt Link [GSIB] (IRQs *17)
[STDERR  ] 2018-04-05T15:55:31.326001118Z: [    0.574876] ACPI: PCI Interrupt Link [GSIC] (IRQs *18)
[STDERR  ] 2018-04-05T15:55:31.326008727Z: [    0.580029] ACPI: PCI Interrupt Link [GSID] (IRQs *19)
[STDERR  ] 2018-04-05T15:55:31.326032845Z: [    0.584874] ACPI: PCI Interrupt Link [GSIE] (IRQs *20)
[STDERR  ] 2018-04-05T15:55:31.326040945Z: [    0.590023] ACPI: PCI Interrupt Link [GSIF] (IRQs *21)
[STDERR  ] 2018-04-05T15:55:31.326048647Z: [    0.594769] ACPI: PCI Interrupt Link [GSIG] (IRQs *22)
[STDERR  ] 2018-04-05T15:55:31.326056210Z: [    0.600026] ACPI: PCI Interrupt Link [GSIH] (IRQs *23)
[STDERR  ] 2018-04-05T15:55:31.326063821Z: [    0.605061] SCSI subsystem initialized
[STDERR  ] 2018-04-05T15:55:31.326071563Z: [    0.608710] ACPI: bus type USB registered
[STDERR  ] 2018-04-05T15:55:31.326084219Z: [    0.610039] usbcore: registered new interface driver usbfs
[STDERR  ] 2018-04-05T15:55:31.326091895Z: [    0.614993] usbcore: registered new interface driver hub
[STDERR  ] 2018-04-05T15:55:31.326099691Z: [    0.620043] usbcore: registered new device driver usb
[STDERR  ] 2018-04-05T15:55:31.326107437Z: [    0.625020] pps_core: LinuxPPS API ver. 1 registered
[STDERR  ] 2018-04-05T15:55:31.326115075Z: [    0.630006] pps_core: Software ver. 5.3.6 - Copyright 2005-2007 Rodolfo Giometti <giometti@linux.it>
[STDERR  ] 2018-04-05T15:55:31.326123070Z: [    0.640026] PTP clock support registered
[STDERR  ] 2018-04-05T15:55:31.326134971Z: [    0.643692] PCI: Using ACPI for IRQ routing
[STDERR  ] 2018-04-05T15:55:31.326142971Z: [    0.985643] NetLabel: Initializing
[STDERR  ] 2018-04-05T15:55:31.326150702Z: [    0.988832] NetLabel:  domain hash size = 128
[STDERR  ] 2018-04-05T15:55:31.326158331Z: [    0.990004] NetLabel:  protocols = UNLABELED CIPSOv4 CALIPSO
[STDERR  ] 2018-04-05T15:55:31.326167820Z: [    0.995126] NetLabel:  unlabeled traffic allowed by default
[STDERR  ] 2018-04-05T15:55:31.326175880Z: [    1.000208] HPET: 3 timers in total, 0 timers will be used for per-cpu timer
[STDERR  ] 2018-04-05T15:55:31.326183757Z: [    1.006646] hpet0: at MMIO 0xfed00000, IRQs 2, 8, 0
[STDERR  ] 2018-04-05T15:55:31.326191619Z: [    1.010006] hpet0: 3 comparators, 64-bit 100.000000 MHz counter
[STDERR  ] 2018-04-05T15:55:31.326204033Z: [    1.024580] clocksource: Switched to clocksource kvm-clock
[STDERR  ] 2018-04-05T15:55:31.326211819Z: [    1.040901] VFS: Disk quotas dquot_6.6.0
[STDERR  ] 2018-04-05T15:55:31.326219416Z: [    1.044826] VFS: Dquot-cache hash table entries: 512 (order 0, 4096 bytes)
[STDERR  ] 2018-04-05T15:55:31.326227309Z: [    1.051466] FS-Cache: Loaded
[STDERR  ] 2018-04-05T15:55:31.326235126Z: [    1.054253] CacheFiles: Loaded
[STDERR  ] 2018-04-05T15:55:31.326242739Z: [    1.057157] pnp: PnP ACPI init
[STDERR  ] 2018-04-05T15:55:31.326254564Z: [    1.061174] pnp: PnP ACPI: found 5 devices
[STDERR  ] 2018-04-05T15:55:31.326262431Z: [    1.071056] clocksource: acpi_pm: mask: 0xffffff max_cycles: 0xffffff, max_idle_ns: 2085701024 ns
[STDERR  ] 2018-04-05T15:55:31.326274508Z: [    1.079446] NET: Registered protocol family 2
[STDERR  ] 2018-04-05T15:55:31.326282357Z: [    1.083765] TCP established hash table entries: 8192 (order: 4, 65536 bytes)
[STDERR  ] 2018-04-05T15:55:31.326290333Z: [    1.090377] TCP bind hash table entries: 8192 (order: 5, 131072 bytes)
[STDERR  ] 2018-04-05T15:55:31.326301956Z: [    1.097145] TCP: Hash tables configured (established 8192 bind 8192)
[STDERR  ] 2018-04-05T15:55:31.326309850Z: [    1.103268] UDP hash table entries: 512 (order: 2, 16384 bytes)
[STDERR  ] 2018-04-05T15:55:31.326317571Z: [    1.108760] UDP-Lite hash table entries: 512 (order: 2, 16384 bytes)
[STDERR  ] 2018-04-05T15:55:31.326325175Z: [    1.114953] NET: Registered protocol family 1
[STDERR  ] 2018-04-05T15:55:31.326332991Z: [    1.119238] pci 0000:00:01.0: Video device with shadowed ROM at [mem 0x000c0000-0x000dffff]
[STDERR  ] 2018-04-05T15:55:31.326345261Z: [    1.127297] Trying to unpack rootfs image as initramfs...
[STDERR  ] 2018-04-05T15:55:31.326356109Z: [    1.589163] Freeing initrd memory: 26704K
[STDERR  ] 2018-04-05T15:55:31.326363959Z: [    1.595299] PCLMULQDQ-NI instructions are not detected.
[STDERR  ] 2018-04-05T15:55:31.326371754Z: [    1.600236] AVX or AES-NI instructions are not detected.
[STDERR  ] 2018-04-05T15:55:31.326382609Z: [    1.604998] CPU feature 'AVX registers' is not supported.
[STDERR  ] 2018-04-05T15:55:31.326390890Z: [    1.609808] CPU feature 'AVX registers' is not supported.
[STDERR  ] 2018-04-05T15:55:31.326398581Z: [    1.614757] CPU feature 'AVX registers' is not supported.
[STDERR  ] 2018-04-05T15:55:31.326406372Z: [    1.619620] CPU feature 'AVX registers' is not supported.
[STDERR  ] 2018-04-05T15:55:31.326413967Z: [    1.624570] AVX2 or AES-NI instructions are not detected.
[STDERR  ] 2018-04-05T15:55:31.326421641Z: [    1.629408] AVX2 instructions are not detected.
[STDERR  ] 2018-04-05T15:55:31.326429596Z: [    1.633838] audit: initializing netlink subsys (disabled)
[STDERR  ] 2018-04-05T15:55:31.326437265Z: [    1.639066] audit: type=2000 audit(1522943724.607:1): state=initialized audit_enabled=0 res=1
[STDERR  ] 2018-04-05T15:55:31.326445127Z: [    1.646847] workingset: timestamp_bits=46 max_order=18 bucket_order=0
[STDERR  ] 2018-04-05T15:55:31.326452943Z: [    1.652907] squashfs: version 4.0 (2009/01/31) Phillip Lougher
[STDERR  ] 2018-04-05T15:55:31.326463638Z: [    1.658242] FS-Cache: Netfs 'cifs' registered for caching
[STDERR  ] 2018-04-05T15:55:31.326471234Z: [    1.663231] fuse init (API version 7.26)
[STDERR  ] 2018-04-05T15:55:31.326478923Z: [    1.666910] SGI XFS with ACLs, security attributes, no debug enabled
[STDERR  ] 2018-04-05T15:55:31.326486678Z: [    1.672870] 9p: Installing v9fs 9p2000 file system support
[STDERR  ] 2018-04-05T15:55:31.326494296Z: [    1.677811] FS-Cache: Netfs '9p' registered for caching
[STDERR  ] 2018-04-05T15:55:31.326502068Z: [    1.683688] NET: Registered protocol family 38
[STDERR  ] 2018-04-05T15:55:31.326509749Z: [    1.687742] Key type asymmetric registered
[STDERR  ] 2018-04-05T15:55:31.326517329Z: [    1.691531] Asymmetric key parser 'x509' registered
[STDERR  ] 2018-04-05T15:55:31.326525015Z: [    1.695927] Block layer SCSI generic (bsg) driver version 0.4 loaded (major 247)
[STDERR  ] 2018-04-05T15:55:31.326532854Z: [    1.702636] io scheduler noop registered
[STDERR  ] 2018-04-05T15:55:31.326543928Z: [    1.706300] io scheduler deadline registered (default)
[STDERR  ] 2018-04-05T15:55:31.326551629Z: [    1.711194] io scheduler cfq registered
[STDERR  ] 2018-04-05T15:55:31.326562703Z: [    1.714659] io scheduler mq-deadline registered
[STDERR  ] 2018-04-05T15:55:31.326570321Z: [    1.718757] io scheduler kyber registered
[STDERR  ] 2018-04-05T15:55:31.326578109Z: [    1.722606] shpchp: Standard Hot Plug PCI Controller Driver version: 0.4
[STDERR  ] 2018-04-05T15:55:31.326585954Z: [    1.728611] hv_vmbus: registering driver hyperv_fb
[STDERR  ] 2018-04-05T15:55:31.326593655Z: [    1.733160] input: Power Button as /devices/LNXSYSTM:00/LNXPWRBN:00/input/input0
[STDERR  ] 2018-04-05T15:55:31.326601421Z: [    1.739776] ACPI: Power Button [PWRF]
[STDERR  ] 2018-04-05T15:55:31.326609161Z: [    1.743862] ACPI: PCI Interrupt Link [GSIG] enabled at IRQ 22
[STDERR  ] 2018-04-05T15:55:31.326616866Z: [    1.754450] ACPI: PCI Interrupt Link [GSIH] enabled at IRQ 23
[STDERR  ] 2018-04-05T15:55:31.326624433Z: [    1.765143] Serial: 8250/16550 driver, 4 ports, IRQ sharing disabled
[STDERR  ] 2018-04-05T15:55:31.326632100Z: [    1.803064] 00:04: ttyS0 at I/O 0x3f8 (irq = 4, base_baud = 115200) is a 16550A
[STDERR  ] 2018-04-05T15:55:31.326639744Z: [    1.810845] Non-volatile memory driver v1.3
[STDERR  ] 2018-04-05T15:55:31.326649433Z: [    1.816588] Hangcheck: starting hangcheck timer 0.9.1 (tick is 180 seconds, margin is 60 seconds).
[STDERR  ] 2018-04-05T15:55:31.326657714Z: [    1.825123] random: crng init done
[STDERR  ] 2018-04-05T15:55:31.326665598Z: [    1.830612] brd: module loaded
[STDERR  ] 2018-04-05T15:55:31.326673227Z: [    1.835613] loop: module loaded
[STDERR  ] 2018-04-05T15:55:31.326683626Z: [    1.842156] lpc_ich 0000:00:1f.0: I/O space for GPIO uninitialized
[STDERR  ] 2018-04-05T15:55:31.326691638Z: [    1.847898] VMware PVSCSI driver - version 1.0.7.0-k
[STDERR  ] 2018-04-05T15:55:31.326702235Z: [    1.852572] hv_vmbus: registering driver hv_storvsc
[STDERR  ] 2018-04-05T15:55:31.326710014Z: [    1.857635] ACPI: PCI Interrupt Link [GSIA] enabled at IRQ 16
[STDERR  ] 2018-04-05T15:55:31.326719194Z: [    1.865661] ahci 0000:00:1f.2: AHCI 0001.0000 32 slots 6 ports 1.5 Gbps 0x3f impl SATA mode
[STDERR  ] 2018-04-05T15:55:31.326727360Z: [    1.873211] ahci 0000:00:1f.2: flags: 64bit ncq only 
[STDERR  ] 2018-04-05T15:55:31.326738854Z: [    1.880852] scsi host0: ahci
[STDERR  ] 2018-04-05T15:55:31.326746582Z: [    1.883670] scsi host1: ahci
[STDERR  ] 2018-04-05T15:55:31.326756120Z: [    1.886403] scsi host2: ahci
[STDERR  ] 2018-04-05T15:55:31.326763935Z: [    1.889200] scsi host3: ahci
[STDERR  ] 2018-04-05T15:55:31.326771531Z: [    1.892039] scsi host4: ahci
[STDERR  ] 2018-04-05T15:55:31.326779208Z: [    1.894810] scsi host5: ahci
[STDERR  ] 2018-04-05T15:55:31.326786942Z: [    1.897659] ata1: SATA max UDMA/133 abar m4096@0xfebd2000 port 0xfebd2100 irq 24
[STDERR  ] 2018-04-05T15:55:31.326797909Z: [    1.904425] ata2: SATA max UDMA/133 abar m4096@0xfebd2000 port 0xfebd2180 irq 24
[STDERR  ] 2018-04-05T15:55:31.326805646Z: [    1.911096] ata3: SATA max UDMA/133 abar m4096@0xfebd2000 port 0xfebd2200 irq 24
[STDERR  ] 2018-04-05T15:55:31.326813304Z: [    1.917707] ata4: SATA max UDMA/133 abar m4096@0xfebd2000 port 0xfebd2280 irq 24
[STDERR  ] 2018-04-05T15:55:31.326821020Z: [    1.924436] ata5: SATA max UDMA/133 abar m4096@0xfebd2000 port 0xfebd2300 irq 24
[STDERR  ] 2018-04-05T15:55:31.326828653Z: [    1.931117] ata6: SATA max UDMA/133 abar m4096@0xfebd2000 port 0xfebd2380 irq 24
[STDERR  ] 2018-04-05T15:55:31.326836242Z: [    1.939546] tun: Universal TUN/TAP device driver, 1.6
[STDERR  ] 2018-04-05T15:55:31.326844014Z: [    1.947931] VMware vmxnet3 virtual NIC driver - version 1.4.a.0-k-NAPI
[STDERR  ] 2018-04-05T15:55:31.326851768Z: [    1.954108] hv_vmbus: registering driver hv_netvsc
[STDERR  ] 2018-04-05T15:55:31.326859378Z: [    1.958543] Fusion MPT base driver 3.04.20
[STDERR  ] 2018-04-05T15:55:31.326866971Z: [    1.962501] Copyright (c) 1999-2008 LSI Corporation
[STDERR  ] 2018-04-05T15:55:31.326874551Z: [    1.966968] Fusion MPT SPI Host driver 3.04.20
[STDERR  ] 2018-04-05T15:55:31.326882148Z: [    1.971408] i8042: PNP: PS/2 Controller [PNP0303:KBD,PNP0f13:MOU] at 0x60,0x64 irq 1,12
[STDERR  ] 2018-04-05T15:55:31.326889947Z: [    1.981696] serio: i8042 KBD port at 0x60,0x64 irq 1
[STDERR  ] 2018-04-05T15:55:31.326897619Z: [    1.986163] serio: i8042 AUX port at 0x60,0x64 irq 12
[STDERR  ] 2018-04-05T15:55:31.326905337Z: [    1.990953] hv_vmbus: registering driver hyperv_keyboard
[STDERR  ] 2018-04-05T15:55:31.326912954Z: [    1.995850] mousedev: PS/2 mouse device common for all mice
[STDERR  ] 2018-04-05T15:55:31.326927252Z: [    2.002078] input: AT Translated Set 2 keyboard as /devices/platform/i8042/serio0/input/input1
[STDERR  ] 2018-04-05T15:55:31.326935594Z: [    2.009915] input: PC Speaker as /devices/platform/pcspkr/input/input2
[STDERR  ] 2018-04-05T15:55:31.326943281Z: [    2.016748] rtc_cmos 00:00: RTC can wake from S4
[STDERR  ] 2018-04-05T15:55:31.326951076Z: [    2.022367] rtc_cmos 00:00: rtc core: registered rtc_cmos as rtc0
[STDERR  ] 2018-04-05T15:55:31.326962399Z: [    2.028713] rtc_cmos 00:00: alarms up to one day, y3k, 114 bytes nvram, hpet irqs
[STDERR  ] 2018-04-05T15:55:31.326970170Z: [    2.035510] i2c /dev entries driver
[STDERR  ] 2018-04-05T15:55:31.326977943Z: [    2.038821] device-mapper: ioctl: 4.37.0-ioctl (2017-09-20) initialised: dm-devel@redhat.com
[STDERR  ] 2018-04-05T15:55:31.326986053Z: [    2.047478] usbcore: registered new interface driver usbhid
[STDERR  ] 2018-04-05T15:55:31.326993825Z: [    2.052719] usbhid: USB HID core driver
[STDERR  ] 2018-04-05T15:55:31.327001433Z: [    2.056287] hv_utils: Registering HyperV Utility Driver
[STDERR  ] 2018-04-05T15:55:31.327012363Z: [    2.061100] hv_vmbus: registering driver hv_util
[STDERR  ] 2018-04-05T15:55:31.327022857Z: [    2.065311] hv_vmbus: registering driver hv_balloon
[STDERR  ] 2018-04-05T15:55:31.327033632Z: [    2.069712] oprofile: using NMI interrupt.
[STDERR  ] 2018-04-05T15:55:31.327041525Z: [    2.073578] GACT probability on
[STDERR  ] 2018-04-05T15:55:31.327049310Z: [    2.076463] Mirror/redirect action on
[STDERR  ] 2018-04-05T15:55:31.327056857Z: [    2.079778] Simple TC action Loaded
[STDERR  ] 2018-04-05T15:55:31.327064343Z: [    2.083010] u32 classifier
[STDERR  ] 2018-04-05T15:55:31.327072065Z: [    2.085491]     Performance counters on
[STDERR  ] 2018-04-05T15:55:31.327079632Z: [    2.088978]     input device check on
[STDERR  ] 2018-04-05T15:55:31.327087223Z: [    2.092392]     Actions configured
[STDERR  ] 2018-04-05T15:55:31.327094754Z: [    2.095487] Netfilter messages via NETLINK v0.30.
[STDERR  ] 2018-04-05T15:55:31.327102445Z: [    2.100775] nfnl_acct: registering with nfnetlink.
[STDERR  ] 2018-04-05T15:55:31.327112348Z: [    2.105147] nf_conntrack version 0.5.0 (8192 buckets, 32768 max)
[STDERR  ] 2018-04-05T15:55:31.327120045Z: [    2.110700] ctnetlink v0.93: registering with nfnetlink.
[STDERR  ] 2018-04-05T15:55:31.327127657Z: [    2.115521] nf_tables: (c) 2007-2009 Patrick McHardy <kaber@trash.net>
[STDERR  ] 2018-04-05T15:55:31.327135405Z: [    2.121453] nf_tables_compat: (c) 2012 Pablo Neira Ayuso <pablo@netfilter.org>
[STDERR  ] 2018-04-05T15:55:31.327143205Z: [    2.127977] xt_time: kernel timezone is -0000
[STDERR  ] 2018-04-05T15:55:31.327150830Z: [    2.132049] ip_set: protocol 6
[STDERR  ] 2018-04-05T15:55:31.327158498Z: [    2.134836] IPVS: Registered protocols (TCP, UDP, SCTP, AH, ESP)
[STDERR  ] 2018-04-05T15:55:31.327166169Z: [    2.140410] IPVS: Connection hash table configured (size=4096, memory=64Kbytes)
[STDERR  ] 2018-04-05T15:55:31.327176105Z: [    2.147035] IPVS: ipvs loaded.
[STDERR  ] 2018-04-05T15:55:31.327183905Z: [    2.149863] IPVS: [rr] scheduler registered.
[STDERR  ] 2018-04-05T15:55:31.327191664Z: [    2.154033] IPVS: [wrr] scheduler registered.
[STDERR  ] 2018-04-05T15:55:31.327199226Z: [    2.158010] IPVS: [lc] scheduler registered.
[STDERR  ] 2018-04-05T15:55:31.327206846Z: [    2.162212] IPVS: [wlc] scheduler registered.
[STDERR  ] 2018-04-05T15:55:31.327214418Z: [    2.166142] IPVS: [fo] scheduler registered.
[STDERR  ] 2018-04-05T15:55:31.327222082Z: [    2.170342] IPVS: [ovf] scheduler registered.
[STDERR  ] 2018-04-05T15:55:31.327232944Z: [    2.174314] IPVS: [lblc] scheduler registered.
[STDERR  ] 2018-04-05T15:55:31.327240478Z: [    2.178580] IPVS: [lblcr] scheduler registered.
[STDERR  ] 2018-04-05T15:55:31.327248020Z: [    2.182696] IPVS: [dh] scheduler registered.
[STDERR  ] 2018-04-05T15:55:31.327258498Z: [    2.186784] IPVS: [sh] scheduler registered.
[STDERR  ] 2018-04-05T15:55:31.327266202Z: [    2.190690] IPVS: [sed] scheduler registered.
[STDERR  ] 2018-04-05T15:55:31.327273815Z: [    2.194943] IPVS: [nq] scheduler registered.
[STDERR  ] 2018-04-05T15:55:31.327281378Z: [    2.198784] IPVS: ftp: loaded support on port[0] = 21
[STDERR  ] 2018-04-05T15:55:31.327289091Z: [    2.203709] ipip: IPv4 and MPLS over IPv4 tunneling driver
[STDERR  ] 2018-04-05T15:55:31.327298398Z: [    2.208999] gre: GRE over IPv4 demultiplexor driver
[STDERR  ] 2018-04-05T15:55:31.327306307Z: [    2.213553] ip_tables: (C) 2000-2006 Netfilter Core Team
[STDERR  ] 2018-04-05T15:55:31.327313938Z: [    2.218694] ipt_CLUSTERIP: ClusterIP Version 0.8 loaded successfully
[STDERR  ] 2018-04-05T15:55:31.327321786Z: [    2.224653] arp_tables: arp_tables: (C) 2002 David S. Miller
[STDERR  ] 2018-04-05T15:55:31.327329642Z: [    2.230084] NET: Registered protocol family 10
[STDERR  ] 2018-04-05T15:55:31.327337418Z: [    2.234413] Segment Routing with IPv6
[STDERR  ] 2018-04-05T15:55:31.327345018Z: [    2.238076] ip6_tables: (C) 2000-2006 Netfilter Core Team
[STDERR  ] 2018-04-05T15:55:31.327352771Z: [    2.243527] NET: Registered protocol family 17
[STDERR  ] 2018-04-05T15:55:31.327363236Z: [    2.247593] Bridge firewalling registered
[STDERR  ] 2018-04-05T15:55:31.327371185Z: [    2.251620] Ebtables v2.0 registered
[STDERR  ] 2018-04-05T15:55:31.327378802Z: [    2.254871] 8021q: 802.1Q VLAN Support v1.8
[STDERR  ] 2018-04-05T15:55:31.327389755Z: [    2.258930] 9pnet: Installing 9P2000 support
[STDERR  ] 2018-04-05T15:55:31.327397452Z: [    2.262903] Key type dns_resolver registered
[STDERR  ] 2018-04-05T15:55:31.327407076Z: [    2.267424] ata2: SATA link down (SStatus 0 SControl 300)
[STDERR  ] 2018-04-05T15:55:31.327414995Z: [    2.272930] ata1: SATA link down (SStatus 0 SControl 300)
[STDERR  ] 2018-04-05T15:55:31.327422666Z: [    2.278349] ata6: SATA link down (SStatus 0 SControl 300)
[STDERR  ] 2018-04-05T15:55:31.327435750Z: [    2.283863] ata5: SATA link down (SStatus 0 SControl 300)
[STDERR  ] 2018-04-05T15:55:31.327448031Z: [    2.289313] ata4: SATA link down (SStatus 0 SControl 300)
[STDERR  ] 2018-04-05T15:55:31.327455985Z: [    2.294809] ata3: SATA link up 1.5 Gbps (SStatus 113 SControl 300)
[STDERR  ] 2018-04-05T15:55:31.327463875Z: [    2.301145] registered taskstats version 1
[STDERR  ] 2018-04-05T15:55:31.327471488Z: [    2.304982] ata3.00: ATAPI: QEMU DVD-ROM, 2.5+, max UDMA/100
[STDERR  ] 2018-04-05T15:55:31.327479184Z: [    2.310235] ata3.00: applying bridge limits
[STDERR  ] 2018-04-05T15:55:31.327486706Z: [    2.317544] ata3.00: configured for UDMA/100
[STDERR  ] 2018-04-05T15:55:31.327494383Z: [    2.325453] scsi 2:0:0:0: CD-ROM            QEMU     QEMU DVD-ROM     2.5+ PQ: 0 ANSI: 5
[STDERR  ] 2018-04-05T15:55:31.327502352Z: [    2.333109] Key type big_key registered
[STDERR  ] 2018-04-05T15:55:31.327509971Z: [    2.341121] Key type trusted registered
[STDERR  ] 2018-04-05T15:55:31.327517605Z: [    2.347587] Key type encrypted registered
[STDERR  ] 2018-04-05T15:55:31.327525455Z: [    2.351384] ima: No TPM chip found, activating TPM-bypass! (rc=-19)
[STDERR  ] 2018-04-05T15:55:31.327533151Z: [    2.356977] evm: HMAC attrs: 0x1
[STDERR  ] 2018-04-05T15:55:31.327544510Z: [    2.360813] sr 2:0:0:0: [sr0] scsi3-mmc drive: 4x/4x cd/rw xa/form2 tray
[STDERR  ] 2018-04-05T15:55:31.327555295Z: [    2.366813] cdrom: Uniform CD-ROM driver Revision: 3.20
[STDERR  ] 2018-04-05T15:55:31.327563031Z: [    2.373106] rtc_cmos 00:00: setting system clock to 2018-04-05 15:55:25 UTC (1522943725)
[STDERR  ] 2018-04-05T15:55:31.327574835Z: [    2.380963] sr 2:0:0:0: Attached scsi generic sg0 type 5
[STDERR  ] 2018-04-05T15:55:31.327582595Z: [    2.390117] Freeing unused kernel memory: 1508K
[STDERR  ] 2018-04-05T15:55:31.327590246Z: [    2.394294] Write protecting the kernel read-only data: 18432k
[STDERR  ] 2018-04-05T15:55:31.327597946Z: [    2.400425] Freeing unused kernel memory: 2024K
[STDERR  ] 2018-04-05T15:55:31.327605771Z: [    2.407806] Freeing unused kernel memory: 1108K
[STDERR  ] 2018-04-05T15:55:31.327613275Z: 
[STDERR  ] 2018-04-05T15:55:31.327621034Z: Welcome to LinuxKit
[STDERR  ] 2018-04-05T15:55:31.327632591Z: 
[STDERR  ] 2018-04-05T15:55:31.327640437Z:                         ##         .
[STDERR  ] 2018-04-05T15:55:31.327648257Z:                   ## ## ##        ==
[STDERR  ] 2018-04-05T15:55:31.327655786Z:                ## ## ## ## ##    ===
[STDERR  ] 2018-04-05T15:55:31.327663381Z:            /"""""""""""""""""\___/ ===
[STDERR  ] 2018-04-05T15:55:31.327674114Z:           {                       /  ===-
[STDERR  ] 2018-04-05T15:55:31.327683252Z:            \______ O           __/
[STDERR  ] 2018-04-05T15:55:31.327692446Z:              \    \         __/
[STDERR  ] 2018-04-05T15:55:31.327700193Z:               \____\_______/
[STDERR  ] 2018-04-05T15:55:31.327708243Z: 
[STDERR  ] 2018-04-05T15:55:31.327715873Z: [    3.210987] RPC: Registered named UNIX socket transport module.
[STDERR  ] 2018-04-05T15:55:31.327723776Z: [    3.216531] RPC: Registered udp transport module.
[STDERR  ] 2018-04-05T15:55:31.327731543Z: [    3.220983] RPC: Registered tcp transport module.
[STDERR  ] 2018-04-05T15:55:31.327739133Z: [    3.225289] RPC: Registered tcp NFSv4.1 backchannel transport module.
[STDERR  ] 2018-04-05T15:55:31.327750076Z: [    3.236419] FS-Cache: Netfs 'nfs' registered for caching
[STDERR  ] 2018-04-05T15:55:31.327758067Z: [    3.246826] Installing knfsd (copyright (C) 1996 okir@monad.swb.de).
[STDERR  ] 2018-04-05T15:55:31.327768700Z: [    3.255337] ntfs: driver 2.1.32 [Flags: R/O MODULE].
[STDERR  ] 2018-04-05T15:55:31.327776649Z: starting kernel config sanity test with /proc/config.gz
[STDERR  ] 2018-04-05T15:55:31.327784256Z: kernel config test succeeded!
[STDERR  ] 2018-04-05T15:55:31.327793863Z: [37minfo: reading kernel config from /proc/config.gz ...[m
[STDERR  ] 2018-04-05T15:55:31.327801656Z: 
[STDERR  ] 2018-04-05T15:55:31.327809336Z: Generally Necessary:
[STDERR  ] 2018-04-05T15:55:31.327817089Z: - [37mcgroup hierarchy[m: [32mproperly mounted[m [/sys/fs/cgroup]
[STDERR  ] 2018-04-05T15:55:31.327824884Z: - [37mCONFIG_NAMESPACES[m: [32menabled[m
[STDERR  ] 2018-04-05T15:55:31.327837147Z: - [37mCONFIG_NET_NS[m: [32menabled[m
[STDERR  ] 2018-04-05T15:55:31.327844687Z: - [37mCONFIG_PID_NS[m: [32menabled[m
[STDERR  ] 2018-04-05T15:55:31.327852363Z: - [37mCONFIG_IPC_NS[m: [32menabled[m
[STDERR  ] 2018-04-05T15:55:31.327859898Z: - [37mCONFIG_UTS_NS[m: [32menabled[m
[STDERR  ] 2018-04-05T15:55:31.327867505Z: - [37mCONFIG_CGROUPS[m: [32menabled[m
[STDERR  ] 2018-04-05T15:55:31.327875158Z: - [37mCONFIG_CGROUP_CPUACCT[m: [32menabled[m
[STDERR  ] 2018-04-05T15:55:31.327887598Z: - [37mCONFIG_CGROUP_DEVICE[m: [32menabled[m
[STDERR  ] 2018-04-05T15:55:31.327895325Z: - [37mCONFIG_CGROUP_FREEZER[m: [32menabled[m
[STDERR  ] 2018-04-05T15:55:31.327903023Z: - [37mCONFIG_CGROUP_SCHED[m: [32menabled[m
[STDERR  ] 2018-04-05T15:55:31.327910736Z: - [37mCONFIG_CPUSETS[m: [32menabled[m
[STDERR  ] 2018-04-05T15:55:31.327923571Z: - [37mCONFIG_MEMCG[m: [32menabled[m
[STDERR  ] 2018-04-05T15:55:31.327931931Z: - [37mCONFIG_KEYS[m: [32menabled[m
[STDERR  ] 2018-04-05T15:55:31.327939454Z: - [37mCONFIG_VETH[m: [32menabled[m
[STDERR  ] 2018-04-05T15:55:31.327947243Z: - [37mCONFIG_BRIDGE[m: [32menabled[m
[STDERR  ] 2018-04-05T15:55:31.327959387Z: - [37mCONFIG_BRIDGE_NETFILTER[m: [32menabled[m
[STDERR  ] 2018-04-05T15:55:31.327967210Z: - [37mCONFIG_NF_NAT_IPV4[m: [32menabled[m
[STDERR  ] 2018-04-05T15:55:31.327974802Z: - [37mCONFIG_IP_NF_FILTER[m: [32menabled[m
[STDERR  ] 2018-04-05T15:55:31.327982349Z: - [37mCONFIG_IP_NF_TARGET_MASQUERADE[m: [32menabled[m
[STDERR  ] 2018-04-05T15:55:31.327994984Z: - [37mCONFIG_NETFILTER_XT_MATCH_ADDRTYPE[m: [32menabled[m
[STDERR  ] 2018-04-05T15:55:31.328004368Z: - [37mCONFIG_NETFILTER_XT_MATCH_CONNTRACK[m: [32menabled[m
[STDERR  ] 2018-04-05T15:55:31.328012424Z: - [37mCONFIG_NETFILTER_XT_MATCH_IPVS[m: [32menabled[m
[STDERR  ] 2018-04-05T15:55:31.328020199Z: - [37mCONFIG_IP_NF_NAT[m: [32menabled[m
[STDERR  ] 2018-04-05T15:55:31.328027935Z: - [37mCONFIG_NF_NAT[m: [32menabled[m
[STDERR  ] 2018-04-05T15:55:31.328035466Z: - [37mCONFIG_NF_NAT_NEEDED[m: [32menabled[m
[STDERR  ] 2018-04-05T15:55:31.328043299Z: - [37mCONFIG_POSIX_MQUEUE[m: [32menabled[m
[STDERR  ] 2018-04-05T15:55:31.328051066Z: 
[STDERR  ] 2018-04-05T15:55:31.328058903Z: Optional Features:
[STDERR  ] 2018-04-05T15:55:31.328066642Z: - [37mCONFIG_USER_NS[m: [32menabled[m
[STDERR  ] 2018-04-05T15:55:31.328074323Z: - [37mCONFIG_SECCOMP[m: [32menabled[m
[STDERR  ] 2018-04-05T15:55:31.328081973Z: - [37mCONFIG_CGROUP_PIDS[m: [32menabled[m
[STDERR  ] 2018-04-05T15:55:31.328089589Z: - [37mCONFIG_MEMCG_SWAP[m: [32menabled[m
[STDERR  ] 2018-04-05T15:55:31.328097375Z: - [37mCONFIG_MEMCG_SWAP_ENABLED[m: [32menabled[m
[STDERR  ] 2018-04-05T15:55:31.328104922Z:     [1;30m(cgroup swap accounting is currently enabled)[m
[STDERR  ] 2018-04-05T15:55:31.328112552Z: - [1mCONFIG_LEGACY_VSYSCALL_NONE[m: [1;31menabled[m
[STDERR  ] 2018-04-05T15:55:31.328120213Z:     [1;30m(containers using eglibc <= 2.13 will not work. Switch to[m
[STDERR  ] 2018-04-05T15:55:31.328130910Z:     [1;30m "CONFIG_VSYSCALL_[NATIVE|EMULATE]" or use "vsyscall=[native|emulate]"[m
[STDERR  ] 2018-04-05T15:55:31.328138775Z:     [1;30m on kernel command line. Note that this will disable ASLR for the,[m
[STDERR  ] 2018-04-05T15:55:31.328154249Z:     [1;30m VDSO which may assist in exploiting security vulnerabilities.)[m
[STDERR  ] 2018-04-05T15:55:31.328166433Z: - [37mCONFIG_BLK_CGROUP[m: [32menabled[m
[STDERR  ] 2018-04-05T15:55:31.328174270Z: - [37mCONFIG_BLK_DEV_THROTTLING[m: [32menabled[m
[STDERR  ] 2018-04-05T15:55:31.328185899Z: - [37mCONFIG_IOSCHED_CFQ[m: [32menabled[m
[STDERR  ] 2018-04-05T15:55:31.328198057Z: - [37mCONFIG_CFQ_GROUP_IOSCHED[m: [32menabled[m
[STDERR  ] 2018-04-05T15:55:31.328205946Z: - [37mCONFIG_CGROUP_PERF[m: [32menabled[m
[STDERR  ] 2018-04-05T15:55:31.328217795Z: - [37mCONFIG_CGROUP_HUGETLB[m: [32menabled[m
[STDERR  ] 2018-04-05T15:55:31.328225508Z: - [37mCONFIG_NET_CLS_CGROUP[m: [32menabled[m
[STDERR  ] 2018-04-05T15:55:31.328233053Z: - [37mCONFIG_CGROUP_NET_PRIO[m: [32menabled[m
[STDERR  ] 2018-04-05T15:55:31.328240562Z: - [37mCONFIG_CFS_BANDWIDTH[m: [32menabled[m
[STDERR  ] 2018-04-05T15:55:31.328248314Z: - [37mCONFIG_FAIR_GROUP_SCHED[m: [32menabled[m
[STDERR  ] 2018-04-05T15:55:31.328255961Z: - [37mCONFIG_RT_GROUP_SCHED[m: [32menabled[m
[STDERR  ] 2018-04-05T15:55:31.328263591Z: - [37mCONFIG_IP_VS[m: [32menabled[m
[STDERR  ] 2018-04-05T15:55:31.328271269Z: - [37mCONFIG_IP_VS_NFCT[m: [32menabled[m
[STDERR  ] 2018-04-05T15:55:31.328278848Z: - [37mCONFIG_IP_VS_RR[m: [32menabled[m
[STDERR  ] 2018-04-05T15:55:31.328286481Z: - [37mCONFIG_EXT4_FS[m: [32menabled[m
[STDERR  ] 2018-04-05T15:55:31.328293938Z: - [37mCONFIG_EXT4_FS_POSIX_ACL[m: [32menabled[m
[STDERR  ] 2018-04-05T15:55:31.328305516Z: - [37mCONFIG_EXT4_FS_SECURITY[m: [32menabled[m
[STDERR  ] 2018-04-05T15:55:31.328313083Z: - Network Drivers:
[STDERR  ] 2018-04-05T15:55:31.328320814Z:   - "[34moverlay[m":
[STDERR  ] 2018-04-05T15:55:31.328328434Z:     - [37mCONFIG_VXLAN[m: [32menabled[m
[STDERR  ] 2018-04-05T15:55:31.328336028Z:       Optional (for encrypted networks):
[STDERR  ] 2018-04-05T15:55:31.328343691Z:       - [37mCONFIG_CRYPTO[m: [32menabled[m
[STDERR  ] 2018-04-05T15:55:31.328351185Z:       - [37mCONFIG_CRYPTO_AEAD[m: [32menabled[m
[STDERR  ] 2018-04-05T15:55:31.328358808Z:       - [37mCONFIG_CRYPTO_GCM[m: [32menabled[m
[STDERR  ] 2018-04-05T15:55:31.328366322Z:       - [37mCONFIG_CRYPTO_SEQIV[m: [32menabled[m
[STDERR  ] 2018-04-05T15:55:31.328373952Z:       - [37mCONFIG_CRYPTO_GHASH[m: [32menabled[m
[STDERR  ] 2018-04-05T15:55:31.328381632Z:       - [37mCONFIG_XFRM[m: [32menabled[m
[STDERR  ] 2018-04-05T15:55:31.328389198Z:       - [37mCONFIG_XFRM_USER[m: [32menabled (as module)[m
[STDERR  ] 2018-04-05T15:55:31.328396912Z:       - [37mCONFIG_XFRM_ALGO[m: [32menabled (as module)[m
[STDERR  ] 2018-04-05T15:55:31.328404554Z:       - [37mCONFIG_INET_ESP[m: [32menabled (as module)[m
[STDERR  ] 2018-04-05T15:55:31.328412156Z:       - [37mCONFIG_INET_XFRM_MODE_TRANSPORT[m: [32menabled (as module)[m
[STDERR  ] 2018-04-05T15:55:31.328419989Z:   - "[34mipvlan[m":
[STDERR  ] 2018-04-05T15:55:31.328427631Z:     - [37mCONFIG_IPVLAN[m: [32menabled[m
[STDERR  ] 2018-04-05T15:55:31.328435218Z:   - "[34mmacvlan[m":
[STDERR  ] 2018-04-05T15:55:31.328442931Z:     - [37mCONFIG_MACVLAN[m: [32menabled[m
[STDERR  ] 2018-04-05T15:55:31.328450774Z:     - [37mCONFIG_DUMMY[m: [32menabled (as module)[m
[STDERR  ] 2018-04-05T15:55:31.328458822Z:   - "[34mftp,tftp client in container[m":
[STDERR  ] 2018-04-05T15:55:31.328466423Z:     - [37mCONFIG_NF_NAT_FTP[m: [32menabled[m
[STDERR  ] 2018-04-05T15:55:31.328474009Z:     - [37mCONFIG_NF_CONNTRACK_FTP[m: [32menabled[m
[STDERR  ] 2018-04-05T15:55:31.328481622Z:     - [37mCONFIG_NF_NAT_TFTP[m: [32menabled[m
[STDERR  ] 2018-04-05T15:55:31.328493302Z:     - [37mCONFIG_NF_CONNTRACK_TFTP[m: [32menabled[m
[STDERR  ] 2018-04-05T15:55:31.328504120Z: - Storage Drivers:
[STDERR  ] 2018-04-05T15:55:31.328515931Z:   - "[34maufs[m":
[STDERR  ] 2018-04-05T15:55:31.328523560Z:     - [1mCONFIG_AUFS_FS[m: [1;31mmissing[m
[STDERR  ] 2018-04-05T15:55:31.328531261Z:   - "[34mbtrfs[m":
[STDERR  ] 2018-04-05T15:55:31.328541839Z:     - [37mCONFIG_BTRFS_FS[m: [32menabled (as module)[m
[STDERR  ] 2018-04-05T15:55:31.328553940Z:     - [37mCONFIG_BTRFS_FS_POSIX_ACL[m: [32menabled[m
[STDERR  ] 2018-04-05T15:55:31.328561786Z:   - "[34mdevicemapper[m":
[STDERR  ] 2018-04-05T15:55:31.328569455Z:     - [37mCONFIG_BLK_DEV_DM[m: [32menabled[m
[STDERR  ] 2018-04-05T15:55:31.328577147Z:     - [37mCONFIG_DM_THIN_PROVISIONING[m: [32menabled[m
[STDERR  ] 2018-04-05T15:55:31.328584844Z:   - "[34moverlay[m":
[STDERR  ] 2018-04-05T15:55:31.328592480Z:     - [37mCONFIG_OVERLAY_FS[m: [32menabled[m
[STDERR  ] 2018-04-05T15:55:31.328600127Z:   - "[34mzfs[m":
[STDERR  ] 2018-04-05T15:55:31.328607800Z:     - [1m/dev/zfs[m: [1;31mmissing[m
[STDERR  ] 2018-04-05T15:55:31.328615368Z:     - [1mzfs command[m: [1;31mmissing[m
[STDERR  ] 2018-04-05T15:55:31.328622915Z:     - [1mzpool command[m: [1;31mmissing[m
[STDERR  ] 2018-04-05T15:55:31.328630462Z: 
[STDERR  ] 2018-04-05T15:55:31.328638193Z: Limits:
[STDERR  ] 2018-04-05T15:55:31.328645968Z: [37m- /proc/sys/kernel/keys/root_maxkeys[m: [32m1000000[m
[STDERR  ] 2018-04-05T15:55:31.328653517Z: 
[STDERR  ] 2018-04-05T15:55:31.328661080Z: Kernel config test suite PASSED
[STDERR  ] 2018-04-05T15:55:31.328668708Z: [    7.438903] ACPI: Preparing to enter system sleep state S5
[STDERR  ] 2018-04-05T15:55:31.328676237Z: [    7.445131] reboot: Power down
[STDERR  ] 2018-04-05T15:55:31.328683801Z: + grep -q suite PASSED
[STDERR  ] 2018-04-05T15:55:31.329839689Z: + echo [    0.000000] Linux version 4.14.32-linuxkit (root@d8cf80697563) (gcc version 6.4.0 (Alpine 6.4.0)) #1 SMP Sun Apr 1 17:10:10 UTC 2018
[STDERR  ] 2018-04-05T15:55:31.329887661Z: [    0.000000] Command line: console=ttyS0 console=ttyAMA0
[STDERR  ] 2018-04-05T15:55:31.329909681Z: [    0.000000] x86/fpu: x87 FPU will use FXSAVE
[STDERR  ] 2018-04-05T15:55:31.329923106Z: [    0.000000] e820: BIOS-provided physical RAM map:
[STDERR  ] 2018-04-05T15:55:31.329936697Z: [    0.000000] BIOS-e820: [mem 0x0000000000000000-0x000000000009fbff] usable
[STDERR  ] 2018-04-05T15:55:31.329950625Z: [    0.000000] BIOS-e820: [mem 0x000000000009fc00-0x000000000009ffff] reserved
[STDERR  ] 2018-04-05T15:55:31.329969265Z: [    0.000000] BIOS-e820: [mem 0x00000000000f0000-0x00000000000fffff] reserved
[STDERR  ] 2018-04-05T15:55:31.329984681Z: [    0.000000] BIOS-e820: [mem 0x0000000000100000-0x000000003ffdefff] usable
[STDERR  ] 2018-04-05T15:55:31.329997594Z: [    0.000000] BIOS-e820: [mem 0x000000003ffdf000-0x000000003fffffff] reserved
[STDERR  ] 2018-04-05T15:55:31.330009992Z: [    0.000000] BIOS-e820: [mem 0x00000000b0000000-0x00000000bfffffff] reserved
[STDERR  ] 2018-04-05T15:55:31.330023445Z: [    0.000000] BIOS-e820: [mem 0x00000000fed1c000-0x00000000fed1ffff] reserved
[STDERR  ] 2018-04-05T15:55:31.330036668Z: [    0.000000] BIOS-e820: [mem 0x00000000feffc000-0x00000000feffffff] reserved
[STDERR  ] 2018-04-05T15:55:31.330049834Z: [    0.000000] BIOS-e820: [mem 0x00000000fffc0000-0x00000000ffffffff] reserved
[STDERR  ] 2018-04-05T15:55:31.330067085Z: [    0.000000] NX (Execute Disable) protection: active
[STDERR  ] 2018-04-05T15:55:31.330080954Z: [    0.000000] random: fast init done
[STDERR  ] 2018-04-05T15:55:31.330098001Z: [    0.000000] SMBIOS 2.8 present.
[STDERR  ] 2018-04-05T15:55:31.330110262Z: [    0.000000] DMI: QEMU Standard PC (Q35 + ICH9, 2009), BIOS rel-1.10.2-0-g5f4c7b1-prebuilt.qemu-project.org 04/01/2014
[STDERR  ] 2018-04-05T15:55:31.330126968Z: [    0.000000] Hypervisor detected: KVM
[STDERR  ] 2018-04-05T15:55:31.330139967Z: [    0.000000] tsc: Unable to calibrate against PIT
[STDERR  ] 2018-04-05T15:55:31.330152833Z: [    0.000000] tsc: No reference (HPET/PMTIMER) available
[STDERR  ] 2018-04-05T15:55:31.330165544Z: [    0.000000] e820: last_pfn = 0x3ffdf max_arch_pfn = 0x400000000
[STDERR  ] 2018-04-05T15:55:31.330185794Z: [    0.000000] x86/PAT: PAT not supported by CPU.
[STDERR  ] 2018-04-05T15:55:31.330198771Z: [    0.000000] x86/PAT: Configuration [0-7]: WB  WT  UC- UC  WB  WT  UC- UC  
[STDERR  ] 2018-04-05T15:55:31.330218438Z: [    0.000000] found SMP MP-table at [mem 0x000f6aa0-0x000f6aaf] mapped at [ffffffffff200aa0]
[STDERR  ] 2018-04-05T15:55:31.330234198Z: [    0.000000] RAMDISK: [mem 0x3e5bc000-0x3ffcffff]
[STDERR  ] 2018-04-05T15:55:31.330247367Z: [    0.000000] ACPI: Early table checksum verification disabled
[STDERR  ] 2018-04-05T15:55:31.330260165Z: [    0.000000] ACPI: RSDP 0x00000000000F68B0 000014 (v00 BOCHS )
[STDERR  ] 2018-04-05T15:55:31.330272854Z: [    0.000000] ACPI: RSDT 0x000000003FFE20A8 000034 (v01 BOCHS  BXPCRSDT 00000001 BXPC 00000001)
[STDERR  ] 2018-04-05T15:55:31.330285698Z: [    0.000000] ACPI: FACP 0x000000003FFE1EC8 0000F4 (v03 BOCHS  BXPCFACP 00000001 BXPC 00000001)
[STDERR  ] 2018-04-05T15:55:31.330298367Z: [    0.000000] ACPI: DSDT 0x000000003FFE0040 001E88 (v01 BOCHS  BXPCDSDT 00000001 BXPC 00000001)
[STDERR  ] 2018-04-05T15:55:31.330310973Z: [    0.000000] ACPI: FACS 0x000000003FFE0000 000040
[STDERR  ] 2018-04-05T15:55:31.330326589Z: [    0.000000] ACPI: APIC 0x000000003FFE1FBC 000078 (v01 BOCHS  BXPCAPIC 00000001 BXPC 00000001)
[STDERR  ] 2018-04-05T15:55:31.330339438Z: [    0.000000] ACPI: HPET 0x000000003FFE2034 000038 (v01 BOCHS  BXPCHPET 00000001 BXPC 00000001)
[STDERR  ] 2018-04-05T15:55:31.330352153Z: [    0.000000] ACPI: MCFG 0x000000003FFE206C 00003C (v01 BOCHS  BXPCMCFG 00000001 BXPC 00000001)
[STDERR  ] 2018-04-05T15:55:31.330365089Z: [    0.000000] kvm-clock: Using msrs 4b564d01 and 4b564d00
[STDERR  ] 2018-04-05T15:55:31.330377895Z: [    0.000000] kvm-clock: cpu 0, msr 0:3ffdd001, primary cpu clock
[STDERR  ] 2018-04-05T15:55:31.330393920Z: [    0.000000] clocksource: kvm-clock: mask: 0xffffffffffffffff max_cycles: 0x1cd42e4dffb, max_idle_ns: 881590591483 ns
[STDERR  ] 2018-04-05T15:55:31.330408690Z: [    0.000000] Zone ranges:
[STDERR  ] 2018-04-05T15:55:31.330439641Z: [    0.000000]   DMA      [mem 0x0000000000001000-0x0000000000ffffff]
[STDERR  ] 2018-04-05T15:55:31.330453364Z: [    0.000000]   DMA32    [mem 0x0000000001000000-0x000000003ffdefff]
[STDERR  ] 2018-04-05T15:55:31.330465990Z: [    0.000000]   Normal   empty
[STDERR  ] 2018-04-05T15:55:31.330478701Z: [    0.000000]   Device   empty
[STDERR  ] 2018-04-05T15:55:31.330491472Z: [    0.000000] Movable zone start for each node
[STDERR  ] 2018-04-05T15:55:31.330504330Z: [    0.000000] Early memory node ranges
[STDERR  ] 2018-04-05T15:55:31.330517140Z: [    0.000000]   node   0: [mem 0x0000000000001000-0x000000000009efff]
[STDERR  ] 2018-04-05T15:55:31.330530074Z: [    0.000000]   node   0: [mem 0x0000000000100000-0x000000003ffdefff]
[STDERR  ] 2018-04-05T15:55:31.330542817Z: [    0.000000] Initmem setup node 0 [mem 0x0000000000001000-0x000000003ffdefff]
[STDERR  ] 2018-04-05T15:55:31.330555733Z: [    0.000000] ACPI: PM-Timer IO Port: 0x608
[STDERR  ] 2018-04-05T15:55:31.330568419Z: [    0.000000] ACPI: LAPIC_NMI (acpi_id[0xff] dfl dfl lint[0x1])
[STDERR  ] 2018-04-05T15:55:31.330581259Z: [    0.000000] IOAPIC[0]: apic_id 0, version 17, address 0xfec00000, GSI 0-23
[STDERR  ] 2018-04-05T15:55:31.330594006Z: [    0.000000] ACPI: INT_SRC_OVR (bus 0 bus_irq 0 global_irq 2 dfl dfl)
[STDERR  ] 2018-04-05T15:55:31.330612710Z: [    0.000000] ACPI: INT_SRC_OVR (bus 0 bus_irq 5 global_irq 5 high level)
[STDERR  ] 2018-04-05T15:55:31.330625554Z: [    0.000000] ACPI: INT_SRC_OVR (bus 0 bus_irq 9 global_irq 9 high level)
[STDERR  ] 2018-04-05T15:55:31.330640813Z: [    0.000000] ACPI: INT_SRC_OVR (bus 0 bus_irq 10 global_irq 10 high level)
[STDERR  ] 2018-04-05T15:55:31.330653730Z: [    0.000000] ACPI: INT_SRC_OVR (bus 0 bus_irq 11 global_irq 11 high level)
[STDERR  ] 2018-04-05T15:55:31.330666510Z: [    0.000000] Using ACPI (MADT) for SMP configuration information
[STDERR  ] 2018-04-05T15:55:31.330679832Z: [    0.000000] ACPI: HPET id: 0x8086a201 base: 0xfed00000
[STDERR  ] 2018-04-05T15:55:31.330699909Z: [    0.000000] smpboot: Allowing 1 CPUs, 0 hotplug CPUs
[STDERR  ] 2018-04-05T15:55:31.330713576Z: [    0.000000] e820: [mem 0x40000000-0xafffffff] available for PCI devices
[STDERR  ] 2018-04-05T15:55:31.330731005Z: [    0.000000] Booting paravirtualized kernel on KVM
[STDERR  ] 2018-04-05T15:55:31.330743894Z: [    0.000000] clocksource: refined-jiffies: mask: 0xffffffff max_cycles: 0xffffffff, max_idle_ns: 19112604462750000 ns
[STDERR  ] 2018-04-05T15:55:31.330759979Z: [    0.000000] setup_percpu: NR_CPUS:128 nr_cpumask_bits:128 nr_cpu_ids:1 nr_node_ids:1
[STDERR  ] 2018-04-05T15:55:31.330773019Z: [    0.000000] percpu: Embedded 44 pages/cpu @ffff8aa47e200000 s143256 r8192 d28776 u2097152
[STDERR  ] 2018-04-05T15:55:31.330785942Z: [    0.000000] KVM setup async PF for cpu 0
[STDERR  ] 2018-04-05T15:55:31.330798805Z: [    0.000000] kvm-stealtime: cpu 0, msr 3e215f40
[STDERR  ] 2018-04-05T15:55:31.330811833Z: [    0.000000] Built 1 zonelists, mobility grouping on.  Total pages: 257896
[STDERR  ] 2018-04-05T15:55:31.330824743Z: [    0.000000] Kernel command line: console=ttyS0 console=ttyAMA0
[STDERR  ] 2018-04-05T15:55:31.330837391Z: [    0.000000] PID hash table entries: 4096 (order: 3, 32768 bytes)
[STDERR  ] 2018-04-05T15:55:31.330850089Z: [    0.000000] Dentry cache hash table entries: 131072 (order: 8, 1048576 bytes)
[STDERR  ] 2018-04-05T15:55:31.330862947Z: [    0.000000] Inode-cache hash table entries: 65536 (order: 7, 524288 bytes)
[STDERR  ] 2018-04-05T15:55:31.330876059Z: [    0.000000] Memory: 978096K/1048052K available (12300K kernel code, 1458K rwdata, 2988K rodata, 1508K init, 632K bss, 69956K reserved, 0K cma-reserved)
[STDERR  ] 2018-04-05T15:55:31.330889980Z: [    0.000000] Kernel/User page tables isolation: enabled
[STDERR  ] 2018-04-05T15:55:31.330903514Z: [    0.000000] ftrace: allocating 40957 entries in 160 pages
[STDERR  ] 2018-04-05T15:55:31.330916389Z: [    0.010000] Hierarchical RCU implementation.
[STDERR  ] 2018-04-05T15:55:31.330929747Z: [    0.010000] 	RCU restricting CPUs from NR_CPUS=128 to nr_cpu_ids=1.
[STDERR  ] 2018-04-05T15:55:31.330942754Z: [    0.010000] RCU: Adjusting geometry for rcu_fanout_leaf=16, nr_cpu_ids=1
[STDERR  ] 2018-04-05T15:55:31.330955406Z: [    0.010000] NR_IRQS: 8448, nr_irqs: 256, preallocated irqs: 16
[STDERR  ] 2018-04-05T15:55:31.330968157Z: [    0.010000] Console: colour VGA+ 80x25
[STDERR  ] 2018-04-05T15:55:31.330980931Z: [    0.010000] console [ttyS0] enabled
[STDERR  ] 2018-04-05T15:55:31.330993622Z: [    0.010000] clocksource: hpet: mask: 0xffffffff max_cycles: 0xffffffff, max_idle_ns: 19112604467 ns
[STDERR  ] 2018-04-05T15:55:31.331006712Z: [    0.010031] tsc: Detected 2300.000 MHz processor
[STDERR  ] 2018-04-05T15:55:31.331019286Z: [    0.014174] Calibrating delay loop (skipped) preset value.. 4600.00 BogoMIPS (lpj=23000000)
[STDERR  ] 2018-04-05T15:55:31.331032517Z: [    0.020029] pid_max: default: 32768 minimum: 301
[STDERR  ] 2018-04-05T15:55:31.331045364Z: [    0.024244] ACPI: Core revision 20170728
[STDERR  ] 2018-04-05T15:55:31.331058022Z: [    0.030317] ACPI: 1 ACPI AML tables successfully acquired and loaded
[STDERR  ] 2018-04-05T15:55:31.331070686Z: [    0.036083] Security Framework initialized
[STDERR  ] 2018-04-05T15:55:31.331086581Z: [    0.039804] Yama: becoming mindful.
[STDERR  ] 2018-04-05T15:55:31.331099242Z: [    0.040079] Mount-cache hash table entries: 2048 (order: 2, 16384 bytes)
[STDERR  ] 2018-04-05T15:55:31.331115017Z: [    0.046040] Mountpoint-cache hash table entries: 2048 (order: 2, 16384 bytes)
[STDERR  ] 2018-04-05T15:55:31.331133011Z: [    0.050785] CPU: Physical Processor ID: 0
[STDERR  ] 2018-04-05T15:55:31.331145881Z: [    0.065583] Last level iTLB entries: 4KB 0, 2MB 0, 4MB 0
[STDERR  ] 2018-04-05T15:55:31.331158659Z: [    0.070028] Last level dTLB entries: 4KB 0, 2MB 0, 4MB 0, 1GB 0
[STDERR  ] 2018-04-05T15:55:31.331171595Z: [    0.075345] Spectre V2 : Vulnerable: Minimal generic ASM retpoline
[STDERR  ] 2018-04-05T15:55:31.331184524Z: [    0.084431] Freeing SMP alternatives memory: 20K
[STDERR  ] 2018-04-05T15:55:31.331204364Z: [    0.090498] smpboot: Max logical packages: 1
[STDERR  ] 2018-04-05T15:55:31.331217669Z: [    0.096248] x2apic enabled
[STDERR  ] 2018-04-05T15:55:31.331230771Z: [    0.100022] Switched APIC routing to physical x2apic.
[STDERR  ] 2018-04-05T15:55:31.331250649Z: [    0.113804] ..TIMER: vector=0x30 apic1=0 pin1=2 apic2=-1 pin2=-1
[STDERR  ] 2018-04-05T15:55:31.331264385Z: [    0.120000] smpboot: CPU0: Intel QEMU Virtual CPU version 2.5+ (family: 0x6, model: 0x6, stepping: 0x3)
[STDERR  ] 2018-04-05T15:55:31.331282200Z: [    0.120000] Performance Events: PMU not available due to virtualization, using software events only.
[STDERR  ] 2018-04-05T15:55:31.331301701Z: [    0.130391] Hierarchical SRCU implementation.
[STDERR  ] 2018-04-05T15:55:31.331317145Z: [    0.134483] NMI watchdog: Perf event create on CPU 0 failed with -2
[STDERR  ] 2018-04-05T15:55:31.331330251Z: [    0.140005] NMI watchdog: Perf NMI watchdog permanently disabled
[STDERR  ] 2018-04-05T15:55:31.331343331Z: [    0.145428] smp: Bringing up secondary CPUs ...
[STDERR  ] 2018-04-05T15:55:31.331356109Z: [    0.150005] smp: Brought up 1 node, 1 CPU
[STDERR  ] 2018-04-05T15:55:31.331369000Z: [    0.153647] smpboot: Total of 1 processors activated (4600.00 BogoMIPS)
[STDERR  ] 2018-04-05T15:55:31.331381943Z: [    0.161735] devtmpfs: initialized
[STDERR  ] 2018-04-05T15:55:31.331394456Z: [    0.164895] x86/mm: Memory block size: 128MB
[STDERR  ] 2018-04-05T15:55:31.331407234Z: [    0.170275] evm: security.ima
[STDERR  ] 2018-04-05T15:55:31.331426089Z: [    0.173018] evm: security.capability
[STDERR  ] 2018-04-05T15:55:31.331440157Z: [    0.176475] clocksource: jiffies: mask: 0xffffffff max_cycles: 0xffffffff, max_idle_ns: 19112604462750000 ns
[STDERR  ] 2018-04-05T15:55:31.331454047Z: [    0.180016] futex hash table entries: 256 (order: 2, 16384 bytes)
[STDERR  ] 2018-04-05T15:55:31.331466765Z: [    0.190248] NET: Registered protocol family 16
[STDERR  ] 2018-04-05T15:55:31.331498031Z: [    0.194512] cpuidle: using governor ladder
[STDERR  ] 2018-04-05T15:55:31.331512850Z: [    0.200006] cpuidle: using governor menu
[STDERR  ] 2018-04-05T15:55:31.331525799Z: [    0.203846] ACPI: bus type PCI registered
[STDERR  ] 2018-04-05T15:55:31.331538637Z: [    0.207918] PCI: MMCONFIG for domain 0000 [bus 00-ff] at [mem 0xb0000000-0xbfffffff] (base 0xb0000000)
[STDERR  ] 2018-04-05T15:55:31.331551755Z: [    0.210010] PCI: MMCONFIG at [mem 0xb0000000-0xbfffffff] reserved in E820
[STDERR  ] 2018-04-05T15:55:31.331567431Z: [    0.220021] PCI: Using configuration type 1 for base access
[STDERR  ] 2018-04-05T15:55:31.331580791Z: [    0.230211] HugeTLB registered 2.00 MiB page size, pre-allocated 0 pages
[STDERR  ] 2018-04-05T15:55:31.331593840Z: [    0.236541] ACPI: Added _OSI(Module Device)
[STDERR  ] 2018-04-05T15:55:31.331609910Z: [    0.240008] ACPI: Added _OSI(Processor Device)
[STDERR  ] 2018-04-05T15:55:31.331622913Z: [    0.244009] ACPI: Added _OSI(3.0 _SCP Extensions)
[STDERR  ] 2018-04-05T15:55:31.331635680Z: [    0.248254] ACPI: Added _OSI(Processor Aggregator Device)
[STDERR  ] 2018-04-05T15:55:31.331650997Z: [    0.254862] ACPI: Interpreter enabled
[STDERR  ] 2018-04-05T15:55:31.331663836Z: [    0.260044] ACPI: (supports S0 S5)
[STDERR  ] 2018-04-05T15:55:31.331676439Z: [    0.263139] ACPI: Using IOAPIC for interrupt routing
[STDERR  ] 2018-04-05T15:55:31.331689155Z: [    0.267769] PCI: Using host bridge windows from ACPI; if necessary, use "pci=nocrs" and report a bug
[STDERR  ] 2018-04-05T15:55:31.331702157Z: [    0.270269] ACPI: Enabled 1 GPEs in block 00 to 3F
[STDERR  ] 2018-04-05T15:55:31.331714949Z: [    0.283393] ACPI: PCI Root Bridge [PCI0] (domain 0000 [bus 00-ff])
[STDERR  ] 2018-04-05T15:55:31.331730615Z: [    0.290017] acpi PNP0A08:00: _OSC: OS supports [ExtendedConfig ASPM ClockPM Segments MSI]
[STDERR  ] 2018-04-05T15:55:31.331748616Z: [    0.297440] acpi PNP0A08:00: _OSC: OS now controls [PCIeHotplug PME PCIeCapability]
[STDERR  ] 2018-04-05T15:55:31.331761578Z: [    0.300081] PCI host bridge to bus 0000:00
[STDERR  ] 2018-04-05T15:55:31.331779476Z: [    0.303797] pci_bus 0000:00: root bus resource [io  0x0000-0x0cf7 window]
[STDERR  ] 2018-04-05T15:55:31.331792901Z: [    0.310007] pci_bus 0000:00: root bus resource [io  0x0d00-0xffff window]
[STDERR  ] 2018-04-05T15:55:31.331810755Z: [    0.320006] pci_bus 0000:00: root bus resource [mem 0x000a0000-0x000bffff window]
[STDERR  ] 2018-04-05T15:55:31.331823743Z: [    0.326705] pci_bus 0000:00: root bus resource [mem 0xc0000000-0xfebfffff window]
[STDERR  ] 2018-04-05T15:55:31.331836419Z: [    0.330007] pci_bus 0000:00: root bus resource [bus 00-ff]
[STDERR  ] 2018-04-05T15:55:31.331849403Z: [    0.462407] pci 0000:00:1f.0: quirk: [io  0x0600-0x067f] claimed by ICH6 ACPI/GPIO/TCO
[STDERR  ] 2018-04-05T15:55:31.331862272Z: [    0.521231] ACPI: PCI Interrupt Link [LNKA] (IRQs 5 *10 11)
[STDERR  ] 2018-04-05T15:55:31.331875003Z: [    0.528257] ACPI: PCI Interrupt Link [LNKB] (IRQs 5 *10 11)
[STDERR  ] 2018-04-05T15:55:31.331887954Z: [    0.530323] ACPI: PCI Interrupt Link [LNKC] (IRQs 5 10 *11)
[STDERR  ] 2018-04-05T15:55:31.331900961Z: [    0.535669] ACPI: PCI Interrupt Link [LNKD] (IRQs 5 10 *11)
[STDERR  ] 2018-04-05T15:55:31.331923254Z: [    0.540313] ACPI: PCI Interrupt Link [LNKE] (IRQs 5 *10 11)
[STDERR  ] 2018-04-05T15:55:31.331936558Z: [    0.550277] ACPI: PCI Interrupt Link [LNKF] (IRQs 5 *10 11)
[STDERR  ] 2018-04-05T15:55:31.331949168Z: [    0.555693] ACPI: PCI Interrupt Link [LNKG] (IRQs 5 10 *11)
[STDERR  ] 2018-04-05T15:55:31.331962021Z: [    0.560280] ACPI: PCI Interrupt Link [LNKH] (IRQs 5 10 *11)
[STDERR  ] 2018-04-05T15:55:31.331974721Z: [    0.565652] ACPI: PCI Interrupt Link [GSIA] (IRQs *16)
[STDERR  ] 2018-04-05T15:55:31.331987901Z: [    0.570026] ACPI: PCI Interrupt Link [GSIB] (IRQs *17)
[STDERR  ] 2018-04-05T15:55:31.332000645Z: [    0.574876] ACPI: PCI Interrupt Link [GSIC] (IRQs *18)
[STDERR  ] 2018-04-05T15:55:31.332013159Z: [    0.580029] ACPI: PCI Interrupt Link [GSID] (IRQs *19)
[STDERR  ] 2018-04-05T15:55:31.332026574Z: [    0.584874] ACPI: PCI Interrupt Link [GSIE] (IRQs *20)
[STDERR  ] 2018-04-05T15:55:31.332039831Z: [    0.590023] ACPI: PCI Interrupt Link [GSIF] (IRQs *21)
[STDERR  ] 2018-04-05T15:55:31.332053078Z: [    0.594769] ACPI: PCI Interrupt Link [GSIG] (IRQs *22)
[STDERR  ] 2018-04-05T15:55:31.332065473Z: [    0.600026] ACPI: PCI Interrupt Link [GSIH] (IRQs *23)
[STDERR  ] 2018-04-05T15:55:31.332081154Z: [    0.605061] SCSI subsystem initialized
[STDERR  ] 2018-04-05T15:55:31.332093986Z: [    0.608710] ACPI: bus type USB registered
[STDERR  ] 2018-04-05T15:55:31.332106555Z: [    0.610039] usbcore: registered new interface driver usbfs
[STDERR  ] 2018-04-05T15:55:31.332119977Z: [    0.614993] usbcore: registered new interface driver hub
[STDERR  ] 2018-04-05T15:55:31.332128622Z: [    0.620043] usbcore: registered new device driver usb
[STDERR  ] 2018-04-05T15:55:31.332136344Z: [    0.625020] pps_core: LinuxPPS API ver. 1 registered
[STDERR  ] 2018-04-05T15:55:31.332146237Z: [    0.630006] pps_core: Software ver. 5.3.6 - Copyright 2005-2007 Rodolfo Giometti <giometti@linux.it>
[STDERR  ] 2018-04-05T15:55:31.332154407Z: [    0.640026] PTP clock support registered
[STDERR  ] 2018-04-05T15:55:31.332162068Z: [    0.643692] PCI: Using ACPI for IRQ routing
[STDERR  ] 2018-04-05T15:55:31.332169806Z: [    0.985643] NetLabel: Initializing
[STDERR  ] 2018-04-05T15:55:31.332177548Z: [    0.988832] NetLabel:  domain hash size = 128
[STDERR  ] 2018-04-05T15:55:31.332185317Z: [    0.990004] NetLabel:  protocols = UNLABELED CIPSOv4 CALIPSO
[STDERR  ] 2018-04-05T15:55:31.332193007Z: [    0.995126] NetLabel:  unlabeled traffic allowed by default
[STDERR  ] 2018-04-05T15:55:31.332200624Z: [    1.000208] HPET: 3 timers in total, 0 timers will be used for per-cpu timer
[STDERR  ] 2018-04-05T15:55:31.332212782Z: [    1.006646] hpet0: at MMIO 0xfed00000, IRQs 2, 8, 0
[STDERR  ] 2018-04-05T15:55:31.332220700Z: [    1.010006] hpet0: 3 comparators, 64-bit 100.000000 MHz counter
[STDERR  ] 2018-04-05T15:55:31.332228424Z: [    1.024580] clocksource: Switched to clocksource kvm-clock
[STDERR  ] 2018-04-05T15:55:31.332240014Z: [    1.040901] VFS: Disk quotas dquot_6.6.0
[STDERR  ] 2018-04-05T15:55:31.332247960Z: [    1.044826] VFS: Dquot-cache hash table entries: 512 (order 0, 4096 bytes)
[STDERR  ] 2018-04-05T15:55:31.332259258Z: [    1.051466] FS-Cache: Loaded
[STDERR  ] 2018-04-05T15:55:31.332267066Z: [    1.054253] CacheFiles: Loaded
[STDERR  ] 2018-04-05T15:55:31.332276835Z: [    1.057157] pnp: PnP ACPI init
[STDERR  ] 2018-04-05T15:55:31.332284702Z: [    1.061174] pnp: PnP ACPI: found 5 devices
[STDERR  ] 2018-04-05T15:55:31.332295629Z: [    1.071056] clocksource: acpi_pm: mask: 0xffffff max_cycles: 0xffffff, max_idle_ns: 2085701024 ns
[STDERR  ] 2018-04-05T15:55:31.332303933Z: [    1.079446] NET: Registered protocol family 2
[STDERR  ] 2018-04-05T15:55:31.332311574Z: [    1.083765] TCP established hash table entries: 8192 (order: 4, 65536 bytes)
[STDERR  ] 2018-04-05T15:55:31.332319410Z: [    1.090377] TCP bind hash table entries: 8192 (order: 5, 131072 bytes)
[STDERR  ] 2018-04-05T15:55:31.332327199Z: [    1.097145] TCP: Hash tables configured (established 8192 bind 8192)
[STDERR  ] 2018-04-05T15:55:31.332336853Z: [    1.103268] UDP hash table entries: 512 (order: 2, 16384 bytes)
[STDERR  ] 2018-04-05T15:55:31.332344823Z: [    1.108760] UDP-Lite hash table entries: 512 (order: 2, 16384 bytes)
[STDERR  ] 2018-04-05T15:55:31.332352601Z: [    1.114953] NET: Registered protocol family 1
[STDERR  ] 2018-04-05T15:55:31.332362214Z: [    1.119238] pci 0000:00:01.0: Video device with shadowed ROM at [mem 0x000c0000-0x000dffff]
[STDERR  ] 2018-04-05T15:55:31.332370612Z: [    1.127297] Trying to unpack rootfs image as initramfs...
[STDERR  ] 2018-04-05T15:55:31.332378481Z: [    1.589163] Freeing initrd memory: 26704K
[STDERR  ] 2018-04-05T15:55:31.332386043Z: [    1.595299] PCLMULQDQ-NI instructions are not detected.
[STDERR  ] 2018-04-05T15:55:31.332397233Z: [    1.600236] AVX or AES-NI instructions are not detected.
[STDERR  ] 2018-04-05T15:55:31.332404901Z: [    1.604998] CPU feature 'AVX registers' is not supported.
[STDERR  ] 2018-04-05T15:55:31.332412603Z: [    1.609808] CPU feature 'AVX registers' is not supported.
[STDERR  ] 2018-04-05T15:55:31.332426453Z: [    1.614757] CPU feature 'AVX registers' is not supported.
[STDERR  ] 2018-04-05T15:55:31.332434661Z: [    1.619620] CPU feature 'AVX registers' is not supported.
[STDERR  ] 2018-04-05T15:55:31.332442328Z: [    1.624570] AVX2 or AES-NI instructions are not detected.
[STDERR  ] 2018-04-05T15:55:31.332450066Z: [    1.629408] AVX2 instructions are not detected.
[STDERR  ] 2018-04-05T15:55:31.332459839Z: [    1.633838] audit: initializing netlink subsys (disabled)
[STDERR  ] 2018-04-05T15:55:31.332467696Z: [    1.639066] audit: type=2000 audit(1522943724.607:1): state=initialized audit_enabled=0 res=1
[STDERR  ] 2018-04-05T15:55:31.332475696Z: [    1.646847] workingset: timestamp_bits=46 max_order=18 bucket_order=0
[STDERR  ] 2018-04-05T15:55:31.332483550Z: [    1.652907] squashfs: version 4.0 (2009/01/31) Phillip Lougher
[STDERR  ] 2018-04-05T15:55:31.332491263Z: [    1.658242] FS-Cache: Netfs 'cifs' registered for caching
[STDERR  ] 2018-04-05T15:55:31.332499146Z: [    1.663231] fuse init (API version 7.26)
[STDERR  ] 2018-04-05T15:55:31.332506950Z: [    1.666910] SGI XFS with ACLs, security attributes, no debug enabled
[STDERR  ] 2018-04-05T15:55:31.332514552Z: [    1.672870] 9p: Installing v9fs 9p2000 file system support
[STDERR  ] 2018-04-05T15:55:31.332522208Z: [    1.677811] FS-Cache: Netfs '9p' registered for caching
[STDERR  ] 2018-04-05T15:55:31.332529886Z: [    1.683688] NET: Registered protocol family 38
[STDERR  ] 2018-04-05T15:55:31.332537459Z: [    1.687742] Key type asymmetric registered
[STDERR  ] 2018-04-05T15:55:31.332545132Z: [    1.691531] Asymmetric key parser 'x509' registered
[STDERR  ] 2018-04-05T15:55:31.332554690Z: [    1.695927] Block layer SCSI generic (bsg) driver version 0.4 loaded (major 247)
[STDERR  ] 2018-04-05T15:55:31.332562487Z: [    1.702636] io scheduler noop registered
[STDERR  ] 2018-04-05T15:55:31.332577285Z: [    1.706300] io scheduler deadline registered (default)
[STDERR  ] 2018-04-05T15:55:31.332585855Z: [    1.711194] io scheduler cfq registered
[STDERR  ] 2018-04-05T15:55:31.332593449Z: [    1.714659] io scheduler mq-deadline registered
[STDERR  ] 2018-04-05T15:55:31.332605515Z: [    1.718757] io scheduler kyber registered
[STDERR  ] 2018-04-05T15:55:31.332613282Z: [    1.722606] shpchp: Standard Hot Plug PCI Controller Driver version: 0.4
[STDERR  ] 2018-04-05T15:55:31.332621069Z: [    1.728611] hv_vmbus: registering driver hyperv_fb
[STDERR  ] 2018-04-05T15:55:31.332628752Z: [    1.733160] input: Power Button as /devices/LNXSYSTM:00/LNXPWRBN:00/input/input0
[STDERR  ] 2018-04-05T15:55:31.332638406Z: [    1.739776] ACPI: Power Button [PWRF]
[STDERR  ] 2018-04-05T15:55:31.332646167Z: [    1.743862] ACPI: PCI Interrupt Link [GSIG] enabled at IRQ 22
[STDERR  ] 2018-04-05T15:55:31.332653898Z: [    1.754450] ACPI: PCI Interrupt Link [GSIH] enabled at IRQ 23
[STDERR  ] 2018-04-05T15:55:31.332661612Z: [    1.765143] Serial: 8250/16550 driver, 4 ports, IRQ sharing disabled
[STDERR  ] 2018-04-05T15:55:31.332669336Z: [    1.803064] 00:04: ttyS0 at I/O 0x3f8 (irq = 4, base_baud = 115200) is a 16550A
[STDERR  ] 2018-04-05T15:55:31.332677066Z: [    1.810845] Non-volatile memory driver v1.3
[STDERR  ] 2018-04-05T15:55:31.332684766Z: [    1.816588] Hangcheck: starting hangcheck timer 0.9.1 (tick is 180 seconds, margin is 60 seconds).
[STDERR  ] 2018-04-05T15:55:31.332693572Z: [    1.825123] random: crng init done
[STDERR  ] 2018-04-05T15:55:31.332704955Z: [    1.830612] brd: module loaded
[STDERR  ] 2018-04-05T15:55:31.332712889Z: [    1.835613] loop: module loaded
[STDERR  ] 2018-04-05T15:55:31.332720731Z: [    1.842156] lpc_ich 0000:00:1f.0: I/O space for GPIO uninitialized
[STDERR  ] 2018-04-05T15:55:31.332728813Z: [    1.847898] VMware PVSCSI driver - version 1.0.7.0-k
[STDERR  ] 2018-04-05T15:55:31.332736536Z: [    1.852572] hv_vmbus: registering driver hv_storvsc
[STDERR  ] 2018-04-05T15:55:31.332744489Z: [    1.857635] ACPI: PCI Interrupt Link [GSIA] enabled at IRQ 16
[STDERR  ] 2018-04-05T15:55:31.332752476Z: [    1.865661] ahci 0000:00:1f.2: AHCI 0001.0000 32 slots 6 ports 1.5 Gbps 0x3f impl SATA mode
[STDERR  ] 2018-04-05T15:55:31.332760435Z: [    1.873211] ahci 0000:00:1f.2: flags: 64bit ncq only 
[STDERR  ] 2018-04-05T15:55:31.332770344Z: [    1.880852] scsi host0: ahci
[STDERR  ] 2018-04-05T15:55:31.332778118Z: [    1.883670] scsi host1: ahci
[STDERR  ] 2018-04-05T15:55:31.332785678Z: [    1.886403] scsi host2: ahci
[STDERR  ] 2018-04-05T15:55:31.332793226Z: [    1.889200] scsi host3: ahci
[STDERR  ] 2018-04-05T15:55:31.332800965Z: [    1.892039] scsi host4: ahci
[STDERR  ] 2018-04-05T15:55:31.332808622Z: [    1.894810] scsi host5: ahci
[STDERR  ] 2018-04-05T15:55:31.332816407Z: [    1.897659] ata1: SATA max UDMA/133 abar m4096@0xfebd2000 port 0xfebd2100 irq 24
[STDERR  ] 2018-04-05T15:55:31.332824225Z: [    1.904425] ata2: SATA max UDMA/133 abar m4096@0xfebd2000 port 0xfebd2180 irq 24
[STDERR  ] 2018-04-05T15:55:31.332832296Z: [    1.911096] ata3: SATA max UDMA/133 abar m4096@0xfebd2000 port 0xfebd2200 irq 24
[STDERR  ] 2018-04-05T15:55:31.332840531Z: [    1.917707] ata4: SATA max UDMA/133 abar m4096@0xfebd2000 port 0xfebd2280 irq 24
[STDERR  ] 2018-04-05T15:55:31.332848225Z: [    1.924436] ata5: SATA max UDMA/133 abar m4096@0xfebd2000 port 0xfebd2300 irq 24
[STDERR  ] 2018-04-05T15:55:31.332858334Z: [    1.931117] ata6: SATA max UDMA/133 abar m4096@0xfebd2000 port 0xfebd2380 irq 24
[STDERR  ] 2018-04-05T15:55:31.332871148Z: [    1.939546] tun: Universal TUN/TAP device driver, 1.6
[STDERR  ] 2018-04-05T15:55:31.332884048Z: [    1.947931] VMware vmxnet3 virtual NIC driver - version 1.4.a.0-k-NAPI
[STDERR  ] 2018-04-05T15:55:31.332897461Z: [    1.954108] hv_vmbus: registering driver hv_netvsc
[STDERR  ] 2018-04-05T15:55:31.332912925Z: [    1.958543] Fusion MPT base driver 3.04.20
[STDERR  ] 2018-04-05T15:55:31.332926581Z: [    1.962501] Copyright (c) 1999-2008 LSI Corporation
[STDERR  ] 2018-04-05T15:55:31.332945695Z: [    1.966968] Fusion MPT SPI Host driver 3.04.20
[STDERR  ] 2018-04-05T15:55:31.332959497Z: [    1.971408] i8042: PNP: PS/2 Controller [PNP0303:KBD,PNP0f13:MOU] at 0x60,0x64 irq 1,12
[STDERR  ] 2018-04-05T15:55:31.332978071Z: [    1.981696] serio: i8042 KBD port at 0x60,0x64 irq 1
[STDERR  ] 2018-04-05T15:55:31.332996961Z: [    1.986163] serio: i8042 AUX port at 0x60,0x64 irq 12
[STDERR  ] 2018-04-05T15:55:31.333008944Z: [    1.990953] hv_vmbus: registering driver hyperv_keyboard
[STDERR  ] 2018-04-05T15:55:31.333016815Z: [    1.995850] mousedev: PS/2 mouse device common for all mice
[STDERR  ] 2018-04-05T15:55:31.333024683Z: [    2.002078] input: AT Translated Set 2 keyboard as /devices/platform/i8042/serio0/input/input1
[STDERR  ] 2018-04-05T15:55:31.333036421Z: [    2.009915] input: PC Speaker as /devices/platform/pcspkr/input/input2
[STDERR  ] 2018-04-05T15:55:31.333046663Z: [    2.016748] rtc_cmos 00:00: RTC can wake from S4
[STDERR  ] 2018-04-05T15:55:31.333054548Z: [    2.022367] rtc_cmos 00:00: rtc core: registered rtc_cmos as rtc0
[STDERR  ] 2018-04-05T15:55:31.333062572Z: [    2.028713] rtc_cmos 00:00: alarms up to one day, y3k, 114 bytes nvram, hpet irqs
[STDERR  ] 2018-04-05T15:55:31.333070421Z: [    2.035510] i2c /dev entries driver
[STDERR  ] 2018-04-05T15:55:31.333078104Z: [    2.038821] device-mapper: ioctl: 4.37.0-ioctl (2017-09-20) initialised: dm-devel@redhat.com
[STDERR  ] 2018-04-05T15:55:31.333089452Z: [    2.047478] usbcore: registered new interface driver usbhid
[STDERR  ] 2018-04-05T15:55:31.333097219Z: [    2.052719] usbhid: USB HID core driver
[STDERR  ] 2018-04-05T15:55:31.333105006Z: [    2.056287] hv_utils: Registering HyperV Utility Driver
[STDERR  ] 2018-04-05T15:55:31.333112736Z: [    2.061100] hv_vmbus: registering driver hv_util
[STDERR  ] 2018-04-05T15:55:31.333120414Z: [    2.065311] hv_vmbus: registering driver hv_balloon
[STDERR  ] 2018-04-05T15:55:31.333131404Z: [    2.069712] oprofile: using NMI interrupt.
[STDERR  ] 2018-04-05T15:55:31.333139085Z: [    2.073578] GACT probability on
[STDERR  ] 2018-04-05T15:55:31.333151467Z: [    2.076463] Mirror/redirect action on
[STDERR  ] 2018-04-05T15:55:31.333159069Z: [    2.079778] Simple TC action Loaded
[STDERR  ] 2018-04-05T15:55:31.333166696Z: [    2.083010] u32 classifier
[STDERR  ] 2018-04-05T15:55:31.333174510Z: [    2.085491]     Performance counters on
[STDERR  ] 2018-04-05T15:55:31.333182136Z: [    2.088978]     input device check on
[STDERR  ] 2018-04-05T15:55:31.333189809Z: [    2.092392]     Actions configured
[STDERR  ] 2018-04-05T15:55:31.333203809Z: [    2.095487] Netfilter messages via NETLINK v0.30.
[STDERR  ] 2018-04-05T15:55:31.333217236Z: [    2.100775] nfnl_acct: registering with nfnetlink.
[STDERR  ] 2018-04-05T15:55:31.333229767Z: [    2.105147] nf_conntrack version 0.5.0 (8192 buckets, 32768 max)
[STDERR  ] 2018-04-05T15:55:31.333237885Z: [    2.110700] ctnetlink v0.93: registering with nfnetlink.
[STDERR  ] 2018-04-05T15:55:31.333245716Z: [    2.115521] nf_tables: (c) 2007-2009 Patrick McHardy <kaber@trash.net>
[STDERR  ] 2018-04-05T15:55:31.333253616Z: [    2.121453] nf_tables_compat: (c) 2012 Pablo Neira Ayuso <pablo@netfilter.org>
[STDERR  ] 2018-04-05T15:55:31.333261333Z: [    2.127977] xt_time: kernel timezone is -0000
[STDERR  ] 2018-04-05T15:55:31.333269130Z: [    2.132049] ip_set: protocol 6
[STDERR  ] 2018-04-05T15:55:31.333276890Z: [    2.134836] IPVS: Registered protocols (TCP, UDP, SCTP, AH, ESP)
[STDERR  ] 2018-04-05T15:55:31.333284696Z: [    2.140410] IPVS: Connection hash table configured (size=4096, memory=64Kbytes)
[STDERR  ] 2018-04-05T15:55:31.333292360Z: [    2.147035] IPVS: ipvs loaded.
[STDERR  ] 2018-04-05T15:55:31.333299949Z: [    2.149863] IPVS: [rr] scheduler registered.
[STDERR  ] 2018-04-05T15:55:31.333307565Z: [    2.154033] IPVS: [wrr] scheduler registered.
[STDERR  ] 2018-04-05T15:55:31.333315325Z: [    2.158010] IPVS: [lc] scheduler registered.
[STDERR  ] 2018-04-05T15:55:31.333322967Z: [    2.162212] IPVS: [wlc] scheduler registered.
[STDERR  ] 2018-04-05T15:55:31.333333970Z: [    2.166142] IPVS: [fo] scheduler registered.
[STDERR  ] 2018-04-05T15:55:31.333342136Z: [    2.170342] IPVS: [ovf] scheduler registered.
[STDERR  ] 2018-04-05T15:55:31.333349764Z: [    2.174314] IPVS: [lblc] scheduler registered.
[STDERR  ] 2018-04-05T15:55:31.333360887Z: [    2.178580] IPVS: [lblcr] scheduler registered.
[STDERR  ] 2018-04-05T15:55:31.333368673Z: [    2.182696] IPVS: [dh] scheduler registered.
[STDERR  ] 2018-04-05T15:55:31.333376298Z: [    2.186784] IPVS: [sh] scheduler registered.
[STDERR  ] 2018-04-05T15:55:31.333383933Z: [    2.190690] IPVS: [sed] scheduler registered.
[STDERR  ] 2018-04-05T15:55:31.333787688Z: [    2.194943] IPVS: [nq] scheduler registered.
[STDERR  ] 2018-04-05T15:55:31.333850434Z: [    2.198784] IPVS: ftp: loaded support on port[0] = 21
[STDERR  ] 2018-04-05T15:55:31.333890843Z: [    2.203709] ipip: IPv4 and MPLS over IPv4 tunneling driver
[STDERR  ] 2018-04-05T15:55:31.333905274Z: [    2.208999] gre: GRE over IPv4 demultiplexor driver
[STDERR  ] 2018-04-05T15:55:31.333923686Z: [    2.213553] ip_tables: (C) 2000-2006 Netfilter Core Team
[STDERR  ] 2018-04-05T15:55:31.333939162Z: [    2.218694] ipt_CLUSTERIP: ClusterIP Version 0.8 loaded successfully
[STDERR  ] 2018-04-05T15:55:31.333957073Z: [    2.224653] arp_tables: arp_tables: (C) 2002 David S. Miller
[STDERR  ] 2018-04-05T15:55:31.333971859Z: [    2.230084] NET: Registered protocol family 10
[STDERR  ] 2018-04-05T15:55:31.334018353Z: [    2.234413] Segment Routing with IPv6
[STDERR  ] 2018-04-05T15:55:31.334032542Z: [    2.238076] ip6_tables: (C) 2000-2006 Netfilter Core Team
[STDERR  ] 2018-04-05T15:55:31.334046071Z: [    2.243527] NET: Registered protocol family 17
[STDERR  ] 2018-04-05T15:55:31.334059757Z: [    2.247593] Bridge firewalling registered
[STDERR  ] 2018-04-05T15:55:31.334092555Z: [    2.251620] Ebtables v2.0 registered
[STDERR  ] 2018-04-05T15:55:31.334115804Z: [    2.254871] 8021q: 802.1Q VLAN Support v1.8
[STDERR  ] 2018-04-05T15:55:31.334130066Z: [    2.258930] 9pnet: Installing 9P2000 support
[STDERR  ] 2018-04-05T15:55:31.334158570Z: [    2.262903] Key type dns_resolver registered
[STDERR  ] 2018-04-05T15:55:31.334178840Z: [    2.267424] ata2: SATA link down (SStatus 0 SControl 300)
[STDERR  ] 2018-04-05T15:55:31.334197332Z: [    2.272930] ata1: SATA link down (SStatus 0 SControl 300)
[STDERR  ] 2018-04-05T15:55:31.334214640Z: [    2.278349] ata6: SATA link down (SStatus 0 SControl 300)
[STDERR  ] 2018-04-05T15:55:31.334228472Z: [    2.283863] ata5: SATA link down (SStatus 0 SControl 300)
[STDERR  ] 2018-04-05T15:55:31.334257347Z: [    2.289313] ata4: SATA link down (SStatus 0 SControl 300)
[STDERR  ] 2018-04-05T15:55:31.334275603Z: [    2.294809] ata3: SATA link up 1.5 Gbps (SStatus 113 SControl 300)
[STDERR  ] 2018-04-05T15:55:31.334297461Z: [    2.301145] registered taskstats version 1
[STDERR  ] 2018-04-05T15:55:31.334316132Z: [    2.304982] ata3.00: ATAPI: QEMU DVD-ROM, 2.5+, max UDMA/100
[STDERR  ] 2018-04-05T15:55:31.334330310Z: [    2.310235] ata3.00: applying bridge limits
[STDERR  ] 2018-04-05T15:55:31.334348439Z: [    2.317544] ata3.00: configured for UDMA/100
[STDERR  ] 2018-04-05T15:55:31.334366481Z: [    2.325453] scsi 2:0:0:0: CD-ROM            QEMU     QEMU DVD-ROM     2.5+ PQ: 0 ANSI: 5
[STDERR  ] 2018-04-05T15:55:31.334384149Z: [    2.333109] Key type big_key registered
[STDERR  ] 2018-04-05T15:55:31.334397785Z: [    2.341121] Key type trusted registered
[STDERR  ] 2018-04-05T15:55:31.334434599Z: [    2.347587] Key type encrypted registered
[STDERR  ] 2018-04-05T15:55:31.334461855Z: [    2.351384] ima: No TPM chip found, activating TPM-bypass! (rc=-19)
[STDERR  ] 2018-04-05T15:55:31.334479005Z: [    2.356977] evm: HMAC attrs: 0x1
[STDERR  ] 2018-04-05T15:55:31.334500508Z: [    2.360813] sr 2:0:0:0: [sr0] scsi3-mmc drive: 4x/4x cd/rw xa/form2 tray
[STDERR  ] 2018-04-05T15:55:31.334518291Z: [    2.366813] cdrom: Uniform CD-ROM driver Revision: 3.20
[STDERR  ] 2018-04-05T15:55:31.334538988Z: [    2.373106] rtc_cmos 00:00: setting system clock to 2018-04-05 15:55:25 UTC (1522943725)
[STDERR  ] 2018-04-05T15:55:31.334563086Z: [    2.380963] sr 2:0:0:0: Attached scsi generic sg0 type 5
[STDERR  ] 2018-04-05T15:55:31.334577733Z: [    2.390117] Freeing unused kernel memory: 1508K
[STDERR  ] 2018-04-05T15:55:31.334602851Z: [    2.394294] Write protecting the kernel read-only data: 18432k
[STDERR  ] 2018-04-05T15:55:31.334620191Z: [    2.400425] Freeing unused kernel memory: 2024K
[STDERR  ] 2018-04-05T15:55:31.334634166Z: [    2.407806] Freeing unused kernel memory: 1108K
[STDERR  ] 2018-04-05T15:55:31.334662766Z: 
[STDERR  ] 2018-04-05T15:55:31.334682977Z: Welcome to LinuxKit
[STDERR  ] 2018-04-05T15:55:31.334700605Z: 
[STDERR  ] 2018-04-05T15:55:31.334717839Z:                         ##         .
[STDERR  ] 2018-04-05T15:55:31.334731844Z:                   ## ## ##        ==
[STDERR  ] 2018-04-05T15:55:31.334757432Z:                ## ## ## ## ##    ===
[STDERR  ] 2018-04-05T15:55:31.334771708Z:            /"""""""""""""""""\___/ ===
[STDERR  ] 2018-04-05T15:55:31.334788941Z:           {                       /  ===-
[STDERR  ] 2018-04-05T15:55:31.334806108Z:            \______ O           __/
[STDERR  ] 2018-04-05T15:55:31.334820636Z:              \    \         __/
[STDERR  ] 2018-04-05T15:55:31.334835490Z:               \____\_______/
[STDERR  ] 2018-04-05T15:55:31.334853177Z: 
[STDERR  ] 2018-04-05T15:55:31.334870410Z: [    3.210987] RPC: Registered named UNIX socket transport module.
[STDERR  ] 2018-04-05T15:55:31.334888003Z: [    3.216531] RPC: Registered udp transport module.
[STDERR  ] 2018-04-05T15:55:31.334915230Z: [    3.220983] RPC: Registered tcp transport module.
[STDERR  ] 2018-04-05T15:55:31.334929470Z: [    3.225289] RPC: Registered tcp NFSv4.1 backchannel transport module.
[STDERR  ] 2018-04-05T15:55:31.334944343Z: [    3.236419] FS-Cache: Netfs 'nfs' registered for caching
[STDERR  ] 2018-04-05T15:55:31.334958294Z: [    3.246826] Installing knfsd (copyright (C) 1996 okir@monad.swb.de).
[STDERR  ] 2018-04-05T15:55:31.334975863Z: [    3.255337] ntfs: driver 2.1.32 [Flags: R/O MODULE].
[STDERR  ] 2018-04-05T15:55:31.334990548Z: starting kernel config sanity test with /proc/config.gz
[STDERR  ] 2018-04-05T15:55:31.335008556Z: kernel config test succeeded!
[STDERR  ] 2018-04-05T15:55:31.335026051Z: [37minfo: reading kernel config from /proc/config.gz ...[m
[STDERR  ] 2018-04-05T15:55:31.335043298Z: 
[STDERR  ] 2018-04-05T15:55:31.335057055Z: Generally Necessary:
[STDERR  ] 2018-04-05T15:55:31.335074113Z: - [37mcgroup hierarchy[m: [32mproperly mounted[m [/sys/fs/cgroup]
[STDERR  ] 2018-04-05T15:55:31.335101523Z: - [37mCONFIG_NAMESPACES[m: [32menabled[m
[STDERR  ] 2018-04-05T15:55:31.335115473Z: - [37mCONFIG_NET_NS[m: [32menabled[m
[STDERR  ] 2018-04-05T15:55:31.335132236Z: - [37mCONFIG_PID_NS[m: [32menabled[m
[STDERR  ] 2018-04-05T15:55:31.335146673Z: - [37mCONFIG_IPC_NS[m: [32menabled[m
[STDERR  ] 2018-04-05T15:55:31.335160766Z: - [37mCONFIG_UTS_NS[m: [32menabled[m
[STDERR  ] 2018-04-05T15:55:31.335177783Z: - [37mCONFIG_CGROUPS[m: [32menabled[m
[STDERR  ] 2018-04-05T15:55:31.335195122Z: - [37mCONFIG_CGROUP_CPUACCT[m: [32menabled[m
[STDERR  ] 2018-04-05T15:55:31.335219247Z: - [37mCONFIG_CGROUP_DEVICE[m: [32menabled[m
[STDERR  ] 2018-04-05T15:55:31.335236820Z: - [37mCONFIG_CGROUP_FREEZER[m: [32menabled[m
[STDERR  ] 2018-04-05T15:55:31.335251220Z: - [37mCONFIG_CGROUP_SCHED[m: [32menabled[m
[STDERR  ] 2018-04-05T15:55:31.335266000Z: - [37mCONFIG_CPUSETS[m: [32menabled[m
[STDERR  ] 2018-04-05T15:55:31.335283486Z: - [37mCONFIG_MEMCG[m: [32menabled[m
[STDERR  ] 2018-04-05T15:55:31.335301555Z: - [37mCONFIG_KEYS[m: [32menabled[m
[STDERR  ] 2018-04-05T15:55:31.335318225Z: - [37mCONFIG_VETH[m: [32menabled[m
[STDERR  ] 2018-04-05T15:55:31.335332526Z: - [37mCONFIG_BRIDGE[m: [32menabled[m
[STDERR  ] 2018-04-05T15:55:31.335346801Z: - [37mCONFIG_BRIDGE_NETFILTER[m: [32menabled[m
[STDERR  ] 2018-04-05T15:55:31.335361943Z: - [37mCONFIG_NF_NAT_IPV4[m: [32menabled[m
[STDERR  ] 2018-04-05T15:55:31.335391576Z: - [37mCONFIG_IP_NF_FILTER[m: [32menabled[m
[STDERR  ] 2018-04-05T15:55:31.335410406Z: - [37mCONFIG_IP_NF_TARGET_MASQUERADE[m: [32menabled[m
[STDERR  ] 2018-04-05T15:55:31.335434948Z: - [37mCONFIG_NETFILTER_XT_MATCH_ADDRTYPE[m: [32menabled[m
[STDERR  ] 2018-04-05T15:55:31.335454805Z: - [37mCONFIG_NETFILTER_XT_MATCH_CONNTRACK[m: [32menabled[m
[STDERR  ] 2018-04-05T15:55:31.335473317Z: - [37mCONFIG_NETFILTER_XT_MATCH_IPVS[m: [32menabled[m
[STDERR  ] 2018-04-05T15:55:31.335498328Z: - [37mCONFIG_IP_NF_NAT[m: [32menabled[m
[STDERR  ] 2018-04-05T15:55:31.335512205Z: - [37mCONFIG_NF_NAT[m: [32menabled[m
[STDERR  ] 2018-04-05T15:55:31.335526242Z: - [37mCONFIG_NF_NAT_NEEDED[m: [32menabled[m
[STDERR  ] 2018-04-05T15:55:31.335554356Z: - [37mCONFIG_POSIX_MQUEUE[m: [32menabled[m
[STDERR  ] 2018-04-05T15:55:31.335572264Z: 
[STDERR  ] 2018-04-05T15:55:31.335589289Z: Optional Features:
[STDERR  ] 2018-04-05T15:55:31.335604707Z: - [37mCONFIG_USER_NS[m: [32menabled[m
[STDERR  ] 2018-04-05T15:55:31.335618353Z: - [37mCONFIG_SECCOMP[m: [32menabled[m
[STDERR  ] 2018-04-05T15:55:31.335633373Z: - [37mCONFIG_CGROUP_PIDS[m: [32menabled[m
[STDERR  ] 2018-04-05T15:55:31.335651085Z: - [37mCONFIG_MEMCG_SWAP[m: [32menabled[m
[STDERR  ] 2018-04-05T15:55:31.335667647Z: - [37mCONFIG_MEMCG_SWAP_ENABLED[m: [32menabled[m
[STDERR  ] 2018-04-05T15:55:31.335681978Z:     [1;30m(cgroup swap accounting is currently enabled)[m
[STDERR  ] 2018-04-05T15:55:31.335707187Z: - [1mCONFIG_LEGACY_VSYSCALL_NONE[m: [1;31menabled[m
[STDERR  ] 2018-04-05T15:55:31.335722138Z:     [1;30m(containers using eglibc <= 2.13 will not work. Switch to[m
[STDERR  ] 2018-04-05T15:55:31.335739198Z:     [1;30m "CONFIG_VSYSCALL_[NATIVE|EMULATE]" or use "vsyscall=[native|emulate]"[m
[STDERR  ] 2018-04-05T15:55:31.335753376Z:     [1;30m on kernel command line. Note that this will disable ASLR for the,[m
[STDERR  ] 2018-04-05T15:55:31.335767415Z:     [1;30m VDSO which may assist in exploiting security vulnerabilities.)[m
[STDERR  ] 2018-04-05T15:55:31.335784049Z: - [37mCONFIG_BLK_CGROUP[m: [32menabled[m
[STDERR  ] 2018-04-05T15:55:31.335801480Z: - [37mCONFIG_BLK_DEV_THROTTLING[m: [32menabled[m
[STDERR  ] 2018-04-05T15:55:31.335816777Z: - [37mCONFIG_IOSCHED_CFQ[m: [32menabled[m
[STDERR  ] 2018-04-05T15:55:31.335831939Z: - [37mCONFIG_CFQ_GROUP_IOSCHED[m: [32menabled[m
[STDERR  ] 2018-04-05T15:55:31.335849363Z: - [37mCONFIG_CGROUP_PERF[m: [32menabled[m
[STDERR  ] 2018-04-05T15:55:31.335867048Z: - [37mCONFIG_CGROUP_HUGETLB[m: [32menabled[m
[STDERR  ] 2018-04-05T15:55:31.335884214Z: - [37mCONFIG_NET_CLS_CGROUP[m: [32menabled[m
[STDERR  ] 2018-04-05T15:55:31.335898041Z: - [37mCONFIG_CGROUP_NET_PRIO[m: [32menabled[m
[STDERR  ] 2018-04-05T15:55:31.335920970Z: - [37mCONFIG_CFS_BANDWIDTH[m: [32menabled[m
[STDERR  ] 2018-04-05T15:55:31.335935754Z: - [37mCONFIG_FAIR_GROUP_SCHED[m: [32menabled[m
[STDERR  ] 2018-04-05T15:55:31.335949360Z: - [37mCONFIG_RT_GROUP_SCHED[m: [32menabled[m
[STDERR  ] 2018-04-05T15:55:31.335963255Z: - [37mCONFIG_IP_VS[m: [32menabled[m
[STDERR  ] 2018-04-05T15:55:31.335980606Z: - [37mCONFIG_IP_VS_NFCT[m: [32menabled[m
[STDERR  ] 2018-04-05T15:55:31.335994679Z: - [37mCONFIG_IP_VS_RR[m: [32menabled[m
[STDERR  ] 2018-04-05T15:55:31.336008434Z: - [37mCONFIG_EXT4_FS[m: [32menabled[m
[STDERR  ] 2018-04-05T15:55:31.336034046Z: - [37mCONFIG_EXT4_FS_POSIX_ACL[m: [32menabled[m
[STDERR  ] 2018-04-05T15:55:31.336051383Z: - [37mCONFIG_EXT4_FS_SECURITY[m: [32menabled[m
[STDERR  ] 2018-04-05T15:55:31.336065186Z: - Network Drivers:
[STDERR  ] 2018-04-05T15:55:31.336079777Z:   - "[34moverlay[m":
[STDERR  ] 2018-04-05T15:55:31.336096976Z:     - [37mCONFIG_VXLAN[m: [32menabled[m
[STDERR  ] 2018-04-05T15:55:31.336111453Z:       Optional (for encrypted networks):
[STDERR  ] 2018-04-05T15:55:31.336128432Z:       - [37mCONFIG_CRYPTO[m: [32menabled[m
[STDERR  ] 2018-04-05T15:55:31.336145614Z:       - [37mCONFIG_CRYPTO_AEAD[m: [32menabled[m
[STDERR  ] 2018-04-05T15:55:31.336165036Z:       - [37mCONFIG_CRYPTO_GCM[m: [32menabled[m
[STDERR  ] 2018-04-05T15:55:31.336190276Z:       - [37mCONFIG_CRYPTO_SEQIV[m: [32menabled[m
[STDERR  ] 2018-04-05T15:55:31.336208425Z:       - [37mCONFIG_CRYPTO_GHASH[m: [32menabled[m
[STDERR  ] 2018-04-05T15:55:31.336227293Z:       - [37mCONFIG_XFRM[m: [32menabled[m
[STDERR  ] 2018-04-05T15:55:31.336245163Z:       - [37mCONFIG_XFRM_USER[m: [32menabled (as module)[m
[STDERR  ] 2018-04-05T15:55:31.336258891Z:       - [37mCONFIG_XFRM_ALGO[m: [32menabled (as module)[m
[STDERR  ] 2018-04-05T15:55:31.336276611Z:       - [37mCONFIG_INET_ESP[m: [32menabled (as module)[m
[STDERR  ] 2018-04-05T15:55:31.336293385Z:       - [37mCONFIG_INET_XFRM_MODE_TRANSPORT[m: [32menabled (as module)[m
[STDERR  ] 2018-04-05T15:55:31.336307896Z:   - "[34mipvlan[m":
[STDERR  ] 2018-04-05T15:55:31.336324992Z:     - [37mCONFIG_IPVLAN[m: [32menabled[m
[STDERR  ] 2018-04-05T15:55:31.336345905Z:   - "[34mmacvlan[m":
[STDERR  ] 2018-04-05T15:55:31.336363615Z:     - [37mCONFIG_MACVLAN[m: [32menabled[m
[STDERR  ] 2018-04-05T15:55:31.336379959Z:     - [37mCONFIG_DUMMY[m: [32menabled (as module)[m
[STDERR  ] 2018-04-05T15:55:31.336394124Z:   - "[34mftp,tftp client in container[m":
[STDERR  ] 2018-04-05T15:55:31.336407224Z:     - [37mCONFIG_NF_NAT_FTP[m: [32menabled[m
[STDERR  ] 2018-04-05T15:55:31.336429139Z:     - [37mCONFIG_NF_CONNTRACK_FTP[m: [32menabled[m
[STDERR  ] 2018-04-05T15:55:31.336447598Z:     - [37mCONFIG_NF_NAT_TFTP[m: [32menabled[m
[STDERR  ] 2018-04-05T15:55:31.336464593Z:     - [37mCONFIG_NF_CONNTRACK_TFTP[m: [32menabled[m
[STDERR  ] 2018-04-05T15:55:31.336481028Z: - Storage Drivers:
[STDERR  ] 2018-04-05T15:55:31.336495131Z:   - "[34maufs[m":
[STDERR  ] 2018-04-05T15:55:31.336510526Z:     - [1mCONFIG_AUFS_FS[m: [1;31mmissing[m
[STDERR  ] 2018-04-05T15:55:31.336525639Z:   - "[34mbtrfs[m":
[STDERR  ] 2018-04-05T15:55:31.336543106Z:     - [37mCONFIG_BTRFS_FS[m: [32menabled (as module)[m
[STDERR  ] 2018-04-05T15:55:31.336559617Z:     - [37mCONFIG_BTRFS_FS_POSIX_ACL[m: [32menabled[m
[STDERR  ] 2018-04-05T15:55:31.336573951Z:   - "[34mdevicemapper[m":
[STDERR  ] 2018-04-05T15:55:31.336587864Z:     - [37mCONFIG_BLK_DEV_DM[m: [32menabled[m
[STDERR  ] 2018-04-05T15:55:31.336601561Z:     - [37mCONFIG_DM_THIN_PROVISIONING[m: [32menabled[m
[STDERR  ] 2018-04-05T15:55:31.336619281Z:   - "[34moverlay[m":
[STDERR  ] 2018-04-05T15:55:31.336644216Z:     - [37mCONFIG_OVERLAY_FS[m: [32menabled[m
[STDERR  ] 2018-04-05T15:55:31.336659172Z:   - "[34mzfs[m":
[STDERR  ] 2018-04-05T15:55:31.336672960Z:     - [1m/dev/zfs[m: [1;31mmissing[m
[STDERR  ] 2018-04-05T15:55:31.336687210Z:     - [1mzfs command[m: [1;31mmissing[m
[STDERR  ] 2018-04-05T15:55:31.336701123Z:     - [1mzpool command[m: [1;31mmissing[m
[STDERR  ] 2018-04-05T15:55:31.336718527Z: 
[STDERR  ] 2018-04-05T15:55:31.336735674Z: Limits:
[STDERR  ] 2018-04-05T15:55:31.336761625Z: [37m- /proc/sys/kernel/keys/root_maxkeys[m: [32m1000000[m
[STDERR  ] 2018-04-05T15:55:31.336775865Z: 
[STDERR  ] 2018-04-05T15:55:31.336792943Z: Kernel config test suite PASSED
[STDERR  ] 2018-04-05T15:55:31.336810972Z: [    7.438903] ACPI: Preparing to enter system sleep state S5
[STDERR  ] 2018-04-05T15:55:31.336840405Z: [    7.445131] reboot: Power down
[STDERR  ] 2018-04-05T15:55:31.336859312Z: + exit 0
[STDERR  ] 2018-04-05T15:55:31.336875936Z: + clean_up
[STDERR  ] 2018-04-05T15:55:31.336890331Z: + rm -rf kconfig-cmdline kconfig-initrd.img kconfig-kernel kconfig-state
[PASS    ] linuxkit.kernel.config_4.14.x 21.25s
