[INFO    ] 2018-12-29T22:11:12.993884419Z: Running Test linuxkit.kernel.config_4.9.x in /tmp/build/test/cases/020_kernel/001_config_4.9.x
[STDERR  ] 2018-12-29T22:11:12.993925241Z: [    0.784893] pps_core: Software ver. 5.3.6 - Copyright 2005-2007 Rodolfo Giometti <giometti@linux.it>
[STDERR  ] 2018-12-29T22:11:12.993945711Z: [    0.790034] PTP clock support registered
[STDERR  ] 2018-12-29T22:11:12.993977456Z: [    0.793878] wmi: Mapper loaded
[STDERR  ] 2018-12-29T22:11:12.993996882Z: [    0.800091] PCI: Using ACPI for IRQ routing
[STDERR  ] 2018-12-29T22:11:12.994010168Z: [    1.276918] NetLabel: Initializing
[STDERR  ] 2018-12-29T22:11:12.994023128Z: [    1.280007] NetLabel:  domain hash size = 128
[STDERR  ] 2018-12-29T22:11:12.994036464Z: [    1.284209] NetLabel:  protocols = UNLABELED CIPSOv4
[INFO    ] 2018-12-29T22:11:12.994049268Z: Running command: [/bin/sh -x /tmp/build/test/cases/020_kernel/001_config_4.9.x/test.sh]
[STDERR  ] 2018-12-29T22:11:12.994054199Z: [    1.288966] NetLabel:  unlabeled traffic allowed by default
[STDERR  ] 2018-12-29T22:11:12.994066559Z: [    1.290193] HPET: 3 timers in total, 0 timers will be used for per-cpu timer
[STDERR  ] 2018-12-29T22:11:12.994079726Z: [    1.300117] hpet0: at MMIO 0xfed00000, IRQs 2, 8, 0
[STDERR  ] 2018-12-29T22:11:12.994091903Z: [    1.305251] hpet0: 3 comparators, 64-bit 100.000000 MHz counter
[STDERR  ] 2018-12-29T22:11:12.994104585Z: [    1.313600] amd_nb: Cannot enumerate AMD northbridges
[STDERR  ] 2018-12-29T22:11:12.994116664Z: [    1.320031] clocksource: Switched to clocksource kvm-clock
[STDERR  ] 2018-12-29T22:11:12.994135393Z: [    1.342226] FS-Cache: Loaded
[STDERR  ] 2018-12-29T22:11:12.994154023Z: [    1.345242] CacheFiles: Loaded
[STDERR  ] 2018-12-29T22:11:12.994165424Z: [    1.348299] pnp: PnP ACPI init
[STDERR  ] 2018-12-29T22:11:12.994177292Z: [    1.352521] pnp: PnP ACPI: found 5 devices
[STDERR  ] 2018-12-29T22:11:12.994188166Z: [    1.362923] clocksource: acpi_pm: mask: 0xffffff max_cycles: 0xffffff, max_idle_ns: 2085701024 ns
[STDERR  ] 2018-12-29T22:11:12.994200206Z: [    1.371557] NET: Registered protocol family 2
[STDERR  ] 2018-12-29T22:11:12.994211688Z: [    1.376031] TCP established hash table entries: 8192 (order: 4, 65536 bytes)
[STDERR  ] 2018-12-29T22:11:12.994230701Z: [    1.382982] TCP bind hash table entries: 8192 (order: 5, 131072 bytes)
[STDERR  ] 2018-12-29T22:11:12.994242429Z: [    1.389228] TCP: Hash tables configured (established 8192 bind 8192)
[STDERR  ] 2018-12-29T22:11:12.994255071Z: [    1.395575] UDP hash table entries: 512 (ord
[STDERR  ] 2018-12-29T22:11:12.994714165Z: + set -e
[STDERR  ] 2018-12-29T22:11:12.994763088Z: + . /tmp/build/test/cases/_lib/lib.sh
[STDERR  ] 2018-12-29T22:11:12.994776201Z: + [ -f src/github.com/linuxkit/rtf/lib/lib.sh ]
[STDERR  ] 2018-12-29T22:11:12.994788756Z: + LINUXKIT_TMPDIR=/tmp/build/test/cases/_tmp
[STDERR  ] 2018-12-29T22:11:12.994816512Z: + [ -f /tmp/build/test/cases/_tmp/env.sh ]
[STDERR  ] 2018-12-29T22:11:12.994828839Z: + . /tmp/build/test/cases/_tmp/env.sh
[STDERR  ] 2018-12-29T22:11:12.994845156Z: + export LINUXKIT_EXAMPLES_DIR=/tmp/build/test/cases/../../examples
[STDERR  ] 2018-12-29T22:11:12.994867341Z: + RT_CANCEL=253
[STDERR  ] 2018-12-29T22:11:12.994878704Z: + NAME=kconfig
[STDERR  ] 2018-12-29T22:11:12.994893008Z: + trap clean_up EXIT
[STDERR  ] 2018-12-29T22:11:12.994905249Z: + linuxkit build -format kernel+initrd -name kconfig test.yml
[STDERR  ] 2018-12-29T22:11:13.036642545Z: Extract kernel image: linuxkit/kernel:4.9.147
[STDERR  ] 2018-12-29T22:11:14.291010262Z: Pull image: docker.io/linuxkit/kernel:4.9.147@sha256:4922ee01d8f2d38951c18d837ae5232a9d59e83308613d00e5ebbf9c0a9b79bd
[STDERR  ] 2018-12-29T22:11:20.327326709Z: Add init containers:
[STDERR  ] 2018-12-29T22:11:20.327389702Z: Process init image: linuxkit/init:c563953a2277eb73a89d89f70e4b6dcdcfebc2d1
[STDERR  ] 2018-12-29T22:11:21.598218455Z: Process init image: linuxkit/runc:83d0edb4552b1a5df1f0976f05f442829eac38fe
[STDERR  ] 2018-12-29T22:11:22.871380171Z: Add onboot containers:
[STDERR  ] 2018-12-29T22:11:22.871441061Z:   Create OCI config for linuxkit/test-kernel-config:1aaef970b5f70791d74d6f980ad38af4035948f8
[STDERR  ] 2018-12-29T22:11:24.220552508Z:   Create OCI config for linuxkit/poweroff:afe8f7dd0d47a7991c54519b0f09124cb8c4e300
[STDERR  ] 2018-12-29T22:11:25.384983558Z: Create outputs:
[STDERR  ] 2018-12-29T22:11:30.063736203Z:   kconfig-kernel kconfig-initrd.img kconfig-cmdline
[STDERR  ] 2018-12-29T22:11:30.118976837Z: + linuxkit run kconfig
[STDERR  ] 2018-12-29T22:11:40.137895737Z: + RESULT=[    0.000000] Linux version 4.9.147-linuxkit (root@ba39cd5ee93e) (gcc version 6.4.0 (Alpine 6.4.0) ) #1 SMP Sat Dec 22 12:43:38 UTC 2018
[STDERR  ] 2018-12-29T22:11:40.137988057Z: [    0.000000] Command line: console=ttyS0 console=ttyAMA0
[STDERR  ] 2018-12-29T22:11:40.138003324Z: [    0.000000] x86/fpu: Legacy x87 FPU detected.
[STDERR  ] 2018-12-29T22:11:40.138017728Z: [    0.000000] e820: BIOS-provided physical RAM map:
[STDERR  ] 2018-12-29T22:11:40.138031333Z: [    0.000000] BIOS-e820: [mem 0x0000000000000000-0x000000000009fbff] usable
[STDERR  ] 2018-12-29T22:11:40.138044789Z: [    0.000000] BIOS-e820: [mem 0x000000000009fc00-0x000000000009ffff] reserved
[STDERR  ] 2018-12-29T22:11:40.138057204Z: [    0.000000] BIOS-e820: [mem 0x00000000000f0000-0x00000000000fffff] reserved
[STDERR  ] 2018-12-29T22:11:40.138078948Z: [    0.000000] BIOS-e820: [mem 0x0000000000100000-0x000000003ffdefff] usable
[STDERR  ] 2018-12-29T22:11:40.138092533Z: [    0.000000] BIOS-e820: [mem 0x000000003ffdf000-0x000000003fffffff] reserved
[STDERR  ] 2018-12-29T22:11:40.138106651Z: [    0.000000] BIOS-e820: [mem 0x00000000b0000000-0x00000000bfffffff] reserved
[STDERR  ] 2018-12-29T22:11:40.138119683Z: [    0.000000] BIOS-e820: [mem 0x00000000fed1c000-0x00000000fed1ffff] reserved
[STDERR  ] 2018-12-29T22:11:40.138133412Z: [    0.000000] BIOS-e820: [mem 0x00000000feffc000-0x00000000feffffff] reserved
[STDERR  ] 2018-12-29T22:11:40.138152950Z: [    0.000000] BIOS-e820: [mem 0x00000000fffc0000-0x00000000ffffffff] reserved
[STDERR  ] 2018-12-29T22:11:40.138164823Z: [    0.000000] NX (Execute Disable) protection: active
[STDERR  ] 2018-12-29T22:11:40.138177633Z: [    0.000000] SMBIOS 2.8 present.
[STDERR  ] 2018-12-29T22:11:40.138189010Z: [    0.000000] Hypervisor detected: KVM
[STDERR  ] 2018-12-29T22:11:40.138199887Z: [    0.000000] e820: last_pfn = 0x3ffdf max_arch_pfn = 0x400000000
[STDERR  ] 2018-12-29T22:11:40.138211893Z: [    0.000000] x86/PAT: PAT not supported by CPU.
[STDERR  ] 2018-12-29T22:11:40.138235819Z: [    0.000000] x86/PAT: Configuration [0-7]: WB  WT  UC- UC  WB  WT  UC- UC  
[STDERR  ] 2018-12-29T22:11:40.138246657Z: [    0.000000] found SMP MP-table at [mem 0x000f6a90-0x000f6a9f] mapped at [ffff94bd400f6a90]
[STDERR  ] 2018-12-29T22:11:40.138258438Z: [    0.000000] RAMDISK: [mem 0x3e5d9000-0x3ffcffff]
[STDERR  ] 2018-12-29T22:11:40.138269769Z: [    0.000000] ACPI: Early table checksum verification disabled
[STDERR  ] 2018-12-29T22:11:40.138281807Z: [    0.000000] ACPI: RSDP 0x00000000000F68D0 000014 (v00 BOCHS )
[STDERR  ] 2018-12-29T22:11:40.138294697Z: [    0.000000] ACPI: RSDT 0x000000003FFE2404 000034 (v01 BOCHS  BXPCRSDT 00000001 BXPC 00000001)
[STDERR  ] 2018-12-29T22:11:40.138308123Z: [    0.000000] ACPI: FACP 0x000000003FFE22A4 000074 (v01 BOCHS  BXPCFACP 00000001 BXPC 00000001)
[STDERR  ] 2018-12-29T22:11:40.138321006Z: [    0.000000] ACPI: DSDT 0x000000003FFE0040 002264 (v01 BOCHS  BXPCDSDT 00000001 BXPC 00000001)
[STDERR  ] 2018-12-29T22:11:40.138333726Z: [    0.000000] ACPI: FACS 0x000000003FFE0000 000040
[STDERR  ] 2018-12-29T22:11:40.138346658Z: [    0.000000] ACPI: APIC 0x000000003FFE2318 000078 (v01 BOCHS  BXPCAPIC 00000001 BXPC 00000001)
[STDERR  ] 2018-12-29T22:11:40.138357910Z: [    0.000000] ACPI: HPET 0x000000003FFE2390 000038 (v01 BOCHS  BXPCHPET 00000001 BXPC 00000001)
[STDERR  ] 2018-12-29T22:11:40.138385512Z: [    0.000000] ACPI: MCFG 0x000000003FFE23C8 00003C (v01 BOCHS  BXPCMCFG 00000001 BXPC 00000001)
[STDERR  ] 2018-12-29T22:11:40.138399098Z: [    0.000000] kvm-clock: Using msrs 4b564d01 and 4b564d00
[STDERR  ] 2018-12-29T22:11:40.138433249Z: [    0.000000] kvm-clock: cpu 0, msr 0:3ffdd001, primary cpu clock
[STDERR  ] 2018-12-29T22:11:40.138465267Z: [    0.000000] clocksource: kvm-clock: mask: 0xffffffffffffffff max_cycles: 0x1cd42e4dffb, max_idle_ns: 881590591483 ns
[STDERR  ] 2018-12-29T22:11:40.138478111Z: [    0.000000] Zone ranges:
[STDERR  ] 2018-12-29T22:11:40.138497336Z: [    0.000000]   DMA      [mem 0x0000000000001000-0x0000000000ffffff]
[STDERR  ] 2018-12-29T22:11:40.138525434Z: [    0.000000]   DMA32    [mem 0x0000000001000000-0x000000003ffdefff]
[STDERR  ] 2018-12-29T22:11:40.138538355Z: [    0.000000]   Normal   empty
[STDERR  ] 2018-12-29T22:11:40.138551681Z: [    0.000000] Movable zone start for each node
[STDERR  ] 2018-12-29T22:11:40.138563823Z: [    0.000000] Early memory node ranges
[STDERR  ] 2018-12-29T22:11:40.138576418Z: [    0.000000]   node   0: [mem 0x0000000000001000-0x000000000009efff]
[STDERR  ] 2018-12-29T22:11:40.138588598Z: [    0.000000]   node   0: [mem 0x0000000000100000-0x000000003ffdefff]
[STDERR  ] 2018-12-29T22:11:40.138607982Z: [    0.000000] Initmem setup node 0 [mem 0x0000000000001000-0x000000003ffdefff]
[STDERR  ] 2018-12-29T22:11:40.138624100Z: [    0.000000] ACPI: PM-Timer IO Port: 0x608
[STDERR  ] 2018-12-29T22:11:40.138636137Z: [    0.000000] ACPI: LAPIC_NMI (acpi_id[0xff] dfl dfl lint[0x1])
[STDERR  ] 2018-12-29T22:11:40.138648494Z: [    0.000000] IOAPIC[0]: apic_id 0, version 17, address 0xfec00000, GSI 0-23
[STDERR  ] 2018-12-29T22:11:40.138660610Z: [    0.000000] ACPI: INT_SRC_OVR (bus 0 bus_irq 0 global_irq 2 dfl dfl)
[STDERR  ] 2018-12-29T22:11:40.138677509Z: [    0.000000] ACPI: INT_SRC_OVR (bus 0 bus_irq 5 global_irq 5 high level)
[STDERR  ] 2018-12-29T22:11:40.138689118Z: [    0.000000] ACPI: INT_SRC_OVR (bus 0 bus_irq 9 global_irq 9 high level)
[STDERR  ] 2018-12-29T22:11:40.138703938Z: [    0.000000] ACPI: INT_SRC_OVR (bus 0 bus_irq 10 global_irq 10 high level)
[STDERR  ] 2018-12-29T22:11:40.138722414Z: [    0.000000] ACPI: INT_SRC_OVR (bus 0 bus_irq 11 global_irq 11 high level)
[STDERR  ] 2018-12-29T22:11:40.138734157Z: [    0.000000] Using ACPI (MADT) for SMP configuration information
[STDERR  ] 2018-12-29T22:11:40.138745670Z: [    0.000000] ACPI: HPET id: 0x8086a201 base: 0xfed00000
[STDERR  ] 2018-12-29T22:11:40.138757207Z: [    0.000000] smpboot: Allowing 1 CPUs, 0 hotplug CPUs
[STDERR  ] 2018-12-29T22:11:40.138772191Z: [    0.000000] e820: [mem 0x40000000-0xafffffff] available for PCI devices
[STDERR  ] 2018-12-29T22:11:40.138783846Z: [    0.000000] Booting paravirtualized kernel on KVM
[STDERR  ] 2018-12-29T22:11:40.138795629Z: [    0.000000] clocksource: refined-jiffies: mask: 0xffffffff max_cycles: 0xffffffff, max_idle_ns: 19112604462750000 ns
[STDERR  ] 2018-12-29T22:11:40.138807274Z: [    0.000000] setup_percpu: NR_CPUS:128 nr_cpumask_bits:128 nr_cpu_ids:1 nr_node_ids:1
[STDERR  ] 2018-12-29T22:11:40.138819106Z: [    0.000000] percpu: Embedded 36 pages/cpu @ffff94bd7e200000 s107096 r8192 d32168 u2097152
[STDERR  ] 2018-12-29T22:11:40.138830425Z: [    0.000000] KVM setup async PF for cpu 0
[STDERR  ] 2018-12-29T22:11:40.138841332Z: [    0.000000] kvm-stealtime: cpu 0, msr 3e20fe40
[STDERR  ] 2018-12-29T22:11:40.138852213Z: [    0.000000] Built 1 zonelists in Zone order, mobility grouping on.  Total pages: 257896
[STDERR  ] 2018-12-29T22:11:40.138863612Z: [    0.000000] Kernel command line: console=ttyS0 console=ttyAMA0
[STDERR  ] 2018-12-29T22:11:40.138874309Z: [    0.000000] PID hash table entries: 4096 (order: 3, 32768 bytes)
[STDERR  ] 2018-12-29T22:11:40.138885012Z: [    0.000000] Dentry cache hash table entries: 131072 (order: 8, 1048576 bytes)
[STDERR  ] 2018-12-29T22:11:40.138895932Z: [    0.000000] Inode-cache hash table entries: 65536 (order: 7, 524288 bytes)
[STDERR  ] 2018-12-29T22:11:40.138920471Z: [    0.000000] Memory: 987572K/1048052K available (8115K kernel code, 1393K rwdata, 2712K rodata, 1404K init, 516K bss, 60480K reserved, 0K cma-reserved)
[STDERR  ] 2018-12-29T22:11:40.138947217Z: [    0.000000] Kernel/User page tables isolation: enabled
[STDERR  ] 2018-12-29T22:11:40.138963624Z: [    0.000000] Hierarchical RCU implementation.
[STDERR  ] 2018-12-29T22:11:40.138979924Z: [    0.000000] 	Build-time adjustment of leaf fanout to 64.
[STDERR  ] 2018-12-29T22:11:40.138992308Z: [    0.000000] 	RCU restricting CPUs from NR_CPUS=128 to nr_cpu_ids=1.
[STDERR  ] 2018-12-29T22:11:40.139003904Z: [    0.000000] RCU: Adjusting geometry for rcu_fanout_leaf=64, nr_cpu_ids=1
[STDERR  ] 2018-12-29T22:11:40.139020568Z: [    0.000000] NR_IRQS:8448 nr_irqs:256 16
[STDERR  ] 2018-12-29T22:11:40.139033605Z: [    0.000000] Console: colour VGA+ 80x25
[STDERR  ] 2018-12-29T22:11:40.139044997Z: [    0.000000] console [ttyS0] enabled
[STDERR  ] 2018-12-29T22:11:40.139063473Z: [    0.000000] clocksource: hpet: mask: 0xffffffff max_cycles: 0xffffffff, max_idle_ns: 19112604467 ns
[STDERR  ] 2018-12-29T22:11:40.139076394Z: [    0.000000] tsc: Detected 2299.920 MHz processor
[STDERR  ] 2018-12-29T22:11:40.139088370Z: [    0.020000] Calibrating delay loop (skipped) preset value.. 4599.84 BogoMIPS (lpj=22999200)
[STDERR  ] 2018-12-29T22:11:40.139101887Z: [    0.022876] pid_max: default: 32768 minimum: 301
[STDERR  ] 2018-12-29T22:11:40.139113945Z: [    0.027421] ACPI: Core revision 20160831
[STDERR  ] 2018-12-29T22:11:40.139125740Z: [    0.030875] ACPI: 1 ACPI AML tables successfully acquired and loaded
[STDERR  ] 2018-12-29T22:11:40.139137549Z: [    0.037157] Security Framework initialized
[STDERR  ] 2018-12-29T22:11:40.139149178Z: [    0.040028] Yama: becoming mindful.
[STDERR  ] 2018-12-29T22:11:40.139160741Z: [    0.043519] Mount-cache hash table entries: 2048 (order: 2, 16384 bytes)
[STDERR  ] 2018-12-29T22:11:40.139172340Z: [    0.050033] Mountpoint-cache hash table entries: 2048 (order: 2, 16384 bytes)
[STDERR  ] 2018-12-29T22:11:40.139183869Z: [    0.060975] Last level iTLB entries: 4KB 0, 2MB 0, 4MB 0
[STDERR  ] 2018-12-29T22:11:40.139201636Z: [    0.066162] Last level dTLB entries: 4KB 0, 2MB 0, 4MB 0, 1GB 0
[STDERR  ] 2018-12-29T22:11:40.139213385Z: [    0.070029] Spectre V2 : Mitigation: Full generic retpoline
[STDERR  ] 2018-12-29T22:11:40.139224968Z: [    0.075450] Spectre V2 : Spectre v2 / SpectreRSB mitigation: Filling RSB on context switch
[STDERR  ] 2018-12-29T22:11:40.139236600Z: [    0.080028] Speculative Store Bypass: Vulnerable
[STDERR  ] 2018-12-29T22:11:40.139248269Z: [    0.219304] Freeing SMP alternatives memory: 20K
[STDERR  ] 2018-12-29T22:11:40.139259803Z: [    0.256323] ftrace: allocating 35624 entries in 140 pages
[STDERR  ] 2018-12-29T22:11:40.139427885Z: [    0.290182] smpboot: Max logical packages: 1
[STDERR  ] 2018-12-29T22:11:40.139440831Z: [    0.302282] x2apic enabled
[STDERR  ] 2018-12-29T22:11:40.139465067Z: [    0.310029] Switched APIC routing to physical x2apic.
[STDERR  ] 2018-12-29T22:11:40.139476132Z: [    0.325574] ..TIMER: vector=0x30 apic1=0 pin1=2 apic2=-1 pin2=-1
[STDERR  ] 2018-12-29T22:11:40.139505070Z: [    0.330000] smpboot: CPU0: Intel QEMU Virtual CPU version 2.5+ (family: 0x6, model: 0x6, stepping: 0x3)
[STDERR  ] 2018-12-29T22:11:40.139518114Z: [    0.330000] Performance Events: PMU not available due to virtualization, using software events only.
[STDERR  ] 2018-12-29T22:11:40.139530052Z: [    0.350812] x86: Booted up 1 node, 1 CPUs
[STDERR  ] 2018-12-29T22:11:40.139541732Z: [    0.355182] smpboot: Total of 1 processors activated (4599.84 BogoMIPS)
[STDERR  ] 2018-12-29T22:11:40.139554212Z: [    0.362269] devtmpfs: initialized
[STDERR  ] 2018-12-29T22:11:40.139566353Z: [    0.365635] x86/mm: Memory block size: 128MB
[STDERR  ] 2018-12-29T22:11:40.139583394Z: [    0.373838] clocksource: jiffies: mask: 0xffffffff max_cycles: 0xffffffff, max_idle_ns: 19112604462750000 ns
[STDERR  ] 2018-12-29T22:11:40.139606583Z: [    0.380031] futex hash table entries: 256 (order: 2, 16384 bytes)
[STDERR  ] 2018-12-29T22:11:40.139619083Z: [    0.390236] NET: Registered protocol family 16
[STDERR  ] 2018-12-29T22:11:40.139630752Z: [    0.394847] cpuidle: using governor ladder
[STDERR  ] 2018-12-29T22:11:40.139642328Z: [    0.400015] cpuidle: using governor menu
[STDERR  ] 2018-12-29T22:11:40.139659674Z: [    0.404195] ACPI: bus type PCI registered
[STDERR  ] 2018-12-29T22:11:40.139677872Z: [    0.408553] PCI: MMCONFIG for domain 0000 [bus 00-ff] at [mem 0xb0000000-0xbfffffff] (base 0xb0000000)
[STDERR  ] 2018-12-29T22:11:40.139690023Z: [    0.410015] PCI: MMCONFIG at [mem 0xb0000000-0xbfffffff] reserved in E820
[STDERR  ] 2018-12-29T22:11:40.139701803Z: [    0.420028] PCI: Using configuration type 1 for base access
[STDERR  ] 2018-12-29T22:11:40.139719520Z: [    0.431735] HugeTLB registered 2 MB page size, pre-allocated 0 pages
[STDERR  ] 2018-12-29T22:11:40.139738774Z: [    0.438351] ACPI: Added _OSI(Module Device)
[STDERR  ] 2018-12-29T22:11:40.139750971Z: [    0.440012] ACPI: Added _OSI(Processor Device)
[STDERR  ] 2018-12-29T22:11:40.139762482Z: [    0.444275] ACPI: Added _OSI(3.0 _SCP Extensions)
[STDERR  ] 2018-12-29T22:11:40.139773522Z: [    0.450008] ACPI: Added _OSI(Processor Aggregator Device)
[STDERR  ] 2018-12-29T22:11:40.139785403Z: [    0.460202] ACPI: Interpreter enabled
[STDERR  ] 2018-12-29T22:11:40.139796461Z: [    0.463837] ACPI: (supports S0 S5)
[STDERR  ] 2018-12-29T22:11:40.139808476Z: [    0.467137] ACPI: Using IOAPIC for interrupt routing
[STDERR  ] 2018-12-29T22:11:40.139820607Z: [    0.470091] PCI: Using host bridge windows from ACPI; if necessary, use "pci=nocrs" and report a bug
[STDERR  ] 2018-12-29T22:11:40.139832268Z: [    0.483302] ACPI: PCI Root Bridge [PCI0] (domain 0000 [bus 00-ff])
[STDERR  ] 2018-12-29T22:11:40.139843384Z: [    0.490022] acpi PNP0A08:00: _OSC: OS supports [ExtendedConfig ASPM ClockPM Segments MSI]
[STDERR  ] 2018-12-29T22:11:40.139855317Z: [    0.498067] acpi PNP0A08:00: _OSC: OS now controls [PCIeHotplug PME PCIeCapability]
[STDERR  ] 2018-12-29T22:11:40.139875030Z: [    0.500123] PCI host bridge to bus 0000:00
[STDERR  ] 2018-12-29T22:11:40.139886247Z: [    0.510013] pci_bus 0000:00: root bus resource [io  0x0000-0x0cf7 window]
[STDERR  ] 2018-12-29T22:11:40.139898181Z: [    0.516544] pci_bus 0000:00: root bus resource [io  0x0d00-0xffff window]
[STDERR  ] 2018-12-29T22:11:40.139916273Z: [    0.520011] pci_bus 0000:00: root bus resource [mem 0x000a0000-0x000bffff window]
[STDERR  ] 2018-12-29T22:11:40.139927632Z: [    0.530012] pci_bus 0000:00: root bus resource [mem 0xc0000000-0xfebfffff window]
[STDERR  ] 2018-12-29T22:11:40.139939934Z: [    0.540011] pci_bus 0000:00: root bus resource [bus 00-ff]
[STDERR  ] 2018-12-29T22:11:40.139952885Z: [    0.616232] pci 0000:00:1f.0: quirk: [io  0x0600-0x067f] claimed by ICH6 ACPI/GPIO/TCO
[STDERR  ] 2018-12-29T22:11:40.139964656Z: [    0.649722] ACPI: PCI Interrupt Link [LNKA] (IRQs 5 *10 11)
[STDERR  ] 2018-12-29T22:11:40.139976445Z: [    0.651887] ACPI: PCI Interrupt Link [LNKB] (IRQs 5 *10 11)
[STDERR  ] 2018-12-29T22:11:40.139988599Z: [    0.661940] ACPI: PCI Interrupt Link [LNKC] (IRQs 5 10 *11)
[STDERR  ] 2018-12-29T22:11:40.140000533Z: [    0.668216] ACPI: PCI Interrupt Link [LNKD] (IRQs 5 10 *11)
[STDERR  ] 2018-12-29T22:11:40.140018658Z: [    0.671905] ACPI: PCI Interrupt Link [LNKE] (IRQs 5 *10 11)
[STDERR  ] 2018-12-29T22:11:40.140031352Z: [    0.681157] ACPI: PCI Interrupt Link [LNKF] (IRQs 5 *10 11)
[STDERR  ] 2018-12-29T22:11:40.140043487Z: [    0.687388] ACPI: PCI Interrupt Link [LNKG] (IRQs 5 10 *11)
[STDERR  ] 2018-12-29T22:11:40.140054638Z: [    0.691882] ACPI: PCI Interrupt Link [LNKH] (IRQs 5 10 *11)
[STDERR  ] 2018-12-29T22:11:40.140065627Z: [    0.700155] ACPI: PCI Interrupt Link [GSIA] (IRQs *16)
[STDERR  ] 2018-12-29T22:11:40.140076528Z: [    0.705427] ACPI: PCI Interrupt Link [GSIB] (IRQs *17)
[STDERR  ] 2018-12-29T22:11:40.140088087Z: [    0.710476] ACPI: PCI Interrupt Link [GSIC] (IRQs *18)
[STDERR  ] 2018-12-29T22:11:40.140099676Z: [    0.715785] ACPI: PCI Interrupt Link [GSID] (IRQs *19)
[STDERR  ] 2018-12-29T22:11:40.140111468Z: [    0.721000] ACPI: PCI Interrupt Link [GSIE] (IRQs *20)
[STDERR  ] 2018-12-29T22:11:40.140123204Z: [    0.726312] ACPI: PCI Interrupt Link [GSIF] (IRQs *21)
[STDERR  ] 2018-12-29T22:11:40.140134851Z: [    0.730949] ACPI: PCI Interrupt Link [GSIG] (IRQs *22)
[STDERR  ] 2018-12-29T22:11:40.140151278Z: [    0.736323] ACPI: PCI Interrupt Link [GSIH] (IRQs *23)
[STDERR  ] 2018-12-29T22:11:40.140163033Z: [    0.741365] ACPI: Enabled 2 GPEs in block 00 to 3F
[STDERR  ] 2018-12-29T22:11:40.140181213Z: [    0.746735] SCSI subsystem initialized
[STDERR  ] 2018-12-29T22:11:40.140193230Z: [    0.750121] ACPI: bus type USB registered
[STDERR  ] 2018-12-29T22:11:40.140208749Z: [    0.754115] usbcore: registered new interface driver usbfs
[STDERR  ] 2018-12-29T22:11:40.140219858Z: [    0.760049] usbcore: registered new interface driver hub
[STDERR  ] 2018-12-29T22:11:40.140231602Z: [    0.765199] usbcore: registered new device driver usb
[STDERR  ] 2018-12-29T22:11:40.140243605Z: [    0.770051] pps_core: LinuxPPS API ver. 1 registered
[STDERR  ] 2018-12-29T22:11:40.140255030Z: [    0.774826] pps_core: Software ver. 5.3.6 - Copyright 2005-2007 Rodolfo Giometti <giometti@linux.it>
[STDERR  ] 2018-12-29T22:11:40.140267538Z: [    0.780024] PTP clock support registered
[STDERR  ] 2018-12-29T22:11:40.140279422Z: [    0.783938] PCI: Using ACPI for IRQ routing
[STDERR  ] 2018-12-29T22:11:40.140290780Z: [    1.262530] NetLabel: Initializing
[STDERR  ] 2018-12-29T22:11:40.140301732Z: [    1.265902] NetLabel:  domain hash size = 128
[STDERR  ] 2018-12-29T22:11:40.140320132Z: [    1.270007] NetLabel:  protocols = UNLABELED CIPSOv4
[STDERR  ] 2018-12-29T22:11:40.140339948Z: [    1.274849] NetLabel:  unlabeled traffic allowed by default
[STDERR  ] 2018-12-29T22:11:40.140351705Z: [    1.280012] HPET: 3 timers in total, 0 timers will be used for per-cpu timer
[STDERR  ] 2018-12-29T22:11:40.140364007Z: [    1.286910] hpet0: at MMIO 0xfed00000, IRQs 2, 8, 0
[STDERR  ] 2018-12-29T22:11:40.140383799Z: [    1.291308] hpet0: 3 comparators, 64-bit 100.000000 MHz counter
[STDERR  ] 2018-12-29T22:11:40.140395420Z: [    1.301224] clocksource: Switched to clocksource kvm-clock
[STDERR  ] 2018-12-29T22:11:40.140406110Z: [    1.323557] VFS: Disk quotas dquot_6.6.0
[STDERR  ] 2018-12-29T22:11:40.140434708Z: [    1.327496] VFS: Dquot-cache hash table entries: 512 (order 0, 4096 bytes)
[STDERR  ] 2018-12-29T22:11:40.140457834Z: [    1.334313] FS-Cache: Loaded
[STDERR  ] 2018-12-29T22:11:40.140473684Z: [    1.337268] CacheFiles: Loaded
[STDERR  ] 2018-12-29T22:11:40.140484585Z: [    1.340402] pnp: PnP ACPI init
[STDERR  ] 2018-12-29T22:11:40.140503751Z: [    1.344569] pnp: PnP ACPI: found 5 devices
[STDERR  ] 2018-12-29T22:11:40.140514827Z: [    1.354908] clocksource: acpi_pm: mask: 0xffffff max_cycles: 0xffffff, max_idle_ns: 2085701024 ns
[STDERR  ] 2018-12-29T22:11:40.140537649Z: [    1.363635] NET: Registered protocol family 2
[STDERR  ] 2018-12-29T22:11:40.140552816Z: [    1.368121] TCP established hash table entries: 8192 (order: 4, 65536 bytes)
[STDERR  ] 2018-12-29T22:11:40.140564983Z: [    1.374991] TCP bind hash table entries: 8192 (order: 5, 131072 bytes)
[STDERR  ] 2018-12-29T22:11:40.140576860Z: [    1.381410] TCP: Hash tables configured (established 8192 bind 8192)
[STDERR  ] 2018-12-29T22:11:40.140588592Z: [    1.387591] UDP hash table entries: 512 (order: 2, 16384 bytes)
[STDERR  ] 2018-12-29T22:11:40.140601332Z: [    1.393381] UDP-Lite hash table entries: 512 (order: 2, 16384 bytes)
[STDERR  ] 2018-12-29T22:11:40.140616913Z: [    1.398771] NET: Registered protocol family 1
[STDERR  ] 2018-12-29T22:11:40.140628945Z: [    1.403272] pci 0000:00:01.0: Video device with shadowed ROM at [mem 0x000c0000-0x000dffff]
[STDERR  ] 2018-12-29T22:11:40.140662714Z: [    1.411863] Unpacking initramfs...
[STDERR  ] 2018-12-29T22:11:40.140674622Z: [    1.929411] Freeing initrd memory: 26588K
[STDERR  ] 2018-12-29T22:11:40.140685716Z: [    1.934557] PCLMULQDQ-NI instructions are not detected.
[STDERR  ] 2018-12-29T22:11:40.140703331Z: [    1.939705] AVX or AES-NI instructions are not detected.
[STDERR  ] 2018-12-29T22:11:40.140715123Z: [    1.944950] CPU feature 'AVX registers' is not supported.
[STDERR  ] 2018-12-29T22:11:40.140727148Z: [    1.950232] CPU feature 'AVX registers' is not supported.
[STDERR  ] 2018-12-29T22:11:40.140743555Z: [    1.955451] CPU feature 'AVX registers' is not supported.
[STDERR  ] 2018-12-29T22:11:40.140754999Z: [    1.960747] CPU feature 'AVX registers' is not supported.
[STDERR  ] 2018-12-29T22:11:40.140766885Z: [    1.965949] AVX2 or AES-NI instructions are not detected.
[STDERR  ] 2018-12-29T22:11:40.140785093Z: [    1.971256] AVX2 instructions are not detected.
[STDERR  ] 2018-12-29T22:11:40.140800497Z: [    1.976043] audit: initializing netlink subsys (disabled)
[STDERR  ] 2018-12-29T22:11:40.140811122Z: [    1.981488] audit: type=2000 audit(1546121492.805:1): initialized
[STDERR  ] 2018-12-29T22:11:40.140822131Z: [    1.987222] workingset: timestamp_bits=46 max_order=18 bucket_order=0
[STDERR  ] 2018-12-29T22:11:40.140832584Z: [    1.993912] squashfs: version 4.0 (2009/01/31) Phillip Lougher
[STDERR  ] 2018-12-29T22:11:40.140842656Z: [    1.999685] FS-Cache: Netfs 'cifs' registered for caching
[STDERR  ] 2018-12-29T22:11:40.140852911Z: [    2.005044] fuse init (API version 7.26)
[STDERR  ] 2018-12-29T22:11:40.140864443Z: [    2.009008] SGI XFS with ACLs, security attributes, no debug enabled
[STDERR  ] 2018-12-29T22:11:40.140884648Z: [    2.015368] 9p: Installing v9fs 9p2000 file system support
[STDERR  ] 2018-12-29T22:11:40.140897353Z: [    2.020832] FS-Cache: Netfs '9p' registered for caching
[STDERR  ] 2018-12-29T22:11:40.140908862Z: [    2.027019] NET: Registered protocol family 38
[STDERR  ] 2018-12-29T22:11:40.140920420Z: [    2.031504] Key type asymmetric registered
[STDERR  ] 2018-12-29T22:11:40.140931771Z: [    2.035486] Asymmetric key parser 'x509' registered
[STDERR  ] 2018-12-29T22:11:40.140950057Z: [    2.040386] Block layer SCSI generic (bsg) driver version 0.4 loaded (major 251)
[STDERR  ] 2018-12-29T22:11:40.140968109Z: [    2.047554] io scheduler noop registered
[STDERR  ] 2018-12-29T22:11:40.140980001Z: [    2.051450] io scheduler deadline registered (default)
[STDERR  ] 2018-12-29T22:11:40.140991006Z: [    2.056564] io scheduler cfq registered
[STDERR  ] 2018-12-29T22:11:40.141002901Z: [    2.060545] pci_hotplug: PCI Hot Plug PCI Core version: 0.5
[STDERR  ] 2018-12-29T22:11:40.141015235Z: [    2.065966] pciehp: PCI Express Hot Plug Controller Driver version: 0.4
[STDERR  ] 2018-12-29T22:11:40.141027424Z: [    2.072533] shpchp: Standard Hot Plug PCI Controller Driver version: 0.4
[STDERR  ] 2018-12-29T22:11:40.141039433Z: [    2.078986] hv_vmbus: registering driver hyperv_fb
[STDERR  ] 2018-12-29T22:11:40.141051149Z: [    2.083858] input: Power Button as /devices/LNXSYSTM:00/LNXPWRBN:00/input/input0
[STDERR  ] 2018-12-29T22:11:40.141063909Z: [    2.091077] ACPI: Power Button [PWRF]
[STDERR  ] 2018-12-29T22:11:40.141076184Z: [    2.095050] GHES: HEST is not enabled!
[STDERR  ] 2018-12-29T22:11:40.141088692Z: [    2.099141] ACPI: PCI Interrupt Link [GSIG] enabled at IRQ 22
[STDERR  ] 2018-12-29T22:11:40.141101125Z: [    2.110786] ACPI: PCI Interrupt Link [GSIH] enabled at IRQ 23
[STDERR  ] 2018-12-29T22:11:40.141112938Z: [    2.122339] xenfs: not registering filesystem on non-xen platform
[STDERR  ] 2018-12-29T22:11:40.141133663Z: [    2.128540] Serial: 8250/16550 driver, 4 ports, IRQ sharing disabled
[STDERR  ] 2018-12-29T22:11:40.141145798Z: [    2.169695] 00:04: ttyS0 at I/O 0x3f8 (irq = 4, base_baud = 115200) is a 16550A
[STDERR  ] 2018-12-29T22:11:40.141161909Z: [    2.177924] Non-volatile memory driver v1.3
[STDERR  ] 2018-12-29T22:11:40.141209872Z: [    2.183861] Hangcheck: starting hangcheck timer 0.9.1 (tick is 180 seconds, margin is 60 seconds).
[STDERR  ] 2018-12-29T22:11:40.141253018Z: [    2.192865] random: fast init done
[STDERR  ] 2018-12-29T22:11:40.141289836Z: [    2.196637] random: crng init done
[STDERR  ] 2018-12-29T22:11:40.141324708Z: [    2.203343] loop: module loaded
[STDERR  ] 2018-12-29T22:11:40.141359640Z: [    2.207524] nbd: registered device at major 43
[STDERR  ] 2018-12-29T22:11:40.141393341Z: [    2.213769] lpc_ich 0000:00:1f.0: I/O space for GPIO uninitialized
[STDERR  ] 2018-12-29T22:11:40.141437773Z: [    2.219805] VMware PVSCSI driver - version 1.0.7.0-k
[STDERR  ] 2018-12-29T22:11:40.141507422Z: [    2.224728] hv_vmbus: registering driver hv_storvsc
[STDERR  ] 2018-12-29T22:11:40.141549650Z: [    2.230116] ACPI: PCI Interrupt Link [GSIA] enabled at IRQ 16
[STDERR  ] 2018-12-29T22:11:40.141590643Z: [    2.239504] ahci 0000:00:1f.2: AHCI 0001.0000 32 slots 6 ports 1.5 Gbps 0x3f impl SATA mode
[STDERR  ] 2018-12-29T22:11:40.141639616Z: [    2.247648] ahci 0000:00:1f.2: flags: 64bit ncq only 
[STDERR  ] 2018-12-29T22:11:40.141680813Z: [    2.256650] scsi host0: ahci
[STDERR  ] 2018-12-29T22:11:40.141721410Z: [    2.259650] scsi host1: ahci
[STDERR  ] 2018-12-29T22:11:40.141761539Z: [    2.262697] scsi host2: ahci
[STDERR  ] 2018-12-29T22:11:40.141810532Z: [    2.265673] scsi host3: ahci
[STDERR  ] 2018-12-29T22:11:40.141852762Z: [    2.268625] scsi host4: ahci
[STDERR  ] 2018-12-29T22:11:40.141894154Z: [    2.271637] scsi host5: ahci
[STDERR  ] 2018-12-29T22:11:40.141931680Z: [    2.274586] ata1: SATA max UDMA/133 abar m4096@0xfebd2000 port 0xfebd2100 irq 24
[STDERR  ] 2018-12-29T22:11:40.141973333Z: [    2.281839] ata2: SATA max UDMA/133 abar m4096@0xfebd2000 port 0xfebd2180 irq 24
[STDERR  ] 2018-12-29T22:11:40.142019790Z: [    2.288990] ata3: SATA max UDMA/133 abar m4096@0xfebd2000 port 0xfebd2200 irq 24
[STDERR  ] 2018-12-29T22:11:40.142061060Z: [    2.296283] ata4: SATA max UDMA/133 abar m4096@0xfebd2000 port 0xfebd2280 irq 24
[STDERR  ] 2018-12-29T22:11:40.142107972Z: [    2.303499] ata5: SATA max UDMA/133 abar m4096@0xfebd2000 port 0xfebd2300 irq 24
[STDERR  ] 2018-12-29T22:11:40.142149051Z: [    2.310709] ata6: SATA max UDMA/133 abar m4096@0xfebd2000 port 0xfebd2380 irq 24
[STDERR  ] 2018-12-29T22:11:40.142183307Z: [    2.320703] tun: Universal TUN/TAP device driver, 1.6
[STDERR  ] 2018-12-29T22:11:40.142215303Z: [    2.325708] tun: (C) 1999-2004 Max Krasnyansky <maxk@qualcomm.com>
[STDERR  ] 2018-12-29T22:11:40.142250804Z: [    2.336461] VMware vmxnet3 virtual NIC driver - version 1.4.a.0-k-NAPI
[STDERR  ] 2018-12-29T22:11:40.142284266Z: [    2.342874] hv_vmbus: registering driver hv_netvsc
[STDERR  ] 2018-12-29T22:11:40.142329072Z: [    2.347554] Fusion MPT base driver 3.04.20
[STDERR  ] 2018-12-29T22:11:40.142369727Z: [    2.351632] Copyright (c) 1999-2008 LSI Corporation
[STDERR  ] 2018-12-29T22:11:40.142417786Z: [    2.356344] Fusion MPT SPI Host driver 3.04.20
[STDERR  ] 2018-12-29T22:11:40.142471947Z: [    2.360905] i8042: PNP: PS/2 Controller [PNP0303:KBD,PNP0f13:MOU] at 0x60,0x64 irq 1,12
[STDERR  ] 2018-12-29T22:11:40.142524075Z: [    2.372627] serio: i8042 KBD port at 0x60,0x64 irq 1
[STDERR  ] 2018-12-29T22:11:40.142561426Z: [    2.377461] serio: i8042 AUX port at 0x60,0x64 irq 12
[STDERR  ] 2018-12-29T22:11:40.142603890Z: [    2.382558] hv_vmbus: registering driver hyperv_keyboard
[STDERR  ] 2018-12-29T22:11:40.142642450Z: [    2.387800] mousedev: PS/2 mouse device common for all mice
[STDERR  ] 2018-12-29T22:11:40.142680634Z: [    2.394222] input: AT Translated Set 2 keyboard as /devices/platform/i8042/serio0/input/input1
[STDERR  ] 2018-12-29T22:11:40.142723917Z: [    2.401668] input: PC Speaker as /devices/platform/pcspkr/input/input2
[STDERR  ] 2018-12-29T22:11:40.142764291Z: [    2.409002] rtc_cmos 00:00: RTC can wake from S4
[STDERR  ] 2018-12-29T22:11:40.142804821Z: [    2.415317] rtc_cmos 00:00: rtc core: registered rtc_cmos as rtc0
[STDERR  ] 2018-12-29T22:11:40.142843452Z: [    2.422181] rtc_cmos 00:00: alarms up to one day, y3k, 114 bytes nvram, hpet irqs
[STDERR  ] 2018-12-29T22:11:40.142885333Z: [    2.429414] i2c /dev entries driver
[STDERR  ] 2018-12-29T22:11:40.142925359Z: [    2.433319] device-mapper: ioctl: 4.35.0-ioctl (2016-06-23) initialised: dm-devel@redhat.com
[STDERR  ] 2018-12-29T22:11:40.142966974Z: [    2.442326] usbcore: registered new interface driver usbhid
[STDERR  ] 2018-12-29T22:11:40.143005543Z: [    2.447760] usbhid: USB HID core driver
[STDERR  ] 2018-12-29T22:11:40.143046630Z: [    2.451637] hv_utils: Registering HyperV Utility Driver
[STDERR  ] 2018-12-29T22:11:40.143086481Z: [    2.456654] hv_vmbus: registering driver hv_util
[STDERR  ] 2018-12-29T22:11:40.143132900Z: [    2.461229] hv_vmbus: registering driver hv_balloon
[STDERR  ] 2018-12-29T22:11:40.143171524Z: [    2.465959] oprofile: using NMI interrupt.
[STDERR  ] 2018-12-29T22:11:40.143214539Z: [    2.470000] GACT probability on
[STDERR  ] 2018-12-29T22:11:40.143254538Z: [    2.473178] Mirror/redirect action on
[STDERR  ] 2018-12-29T22:11:40.143319173Z: [    2.476759] Simple TC action Loaded
[STDERR  ] 2018-12-29T22:11:40.143380026Z: [    2.480237] u32 classifier
[STDERR  ] 2018-12-29T22:11:40.143420804Z: [    2.482878]     Performance counters on
[STDERR  ] 2018-12-29T22:11:40.143480746Z: [    2.486660]     input device check on
[STDERR  ] 2018-12-29T22:11:40.143526836Z: [    2.490313]     Actions configured
[STDERR  ] 2018-12-29T22:11:40.143566087Z: [    2.493630] Netfilter messages via NETLINK v0.30.
[STDERR  ] 2018-12-29T22:11:40.143606053Z: [    2.498199] nfnl_acct: registering with nfnetlink.
[STDERR  ] 2018-12-29T22:11:40.143647257Z: [    2.503001] nf_conntrack version 0.5.0 (8192 buckets, 32768 max)
[STDERR  ] 2018-12-29T22:11:40.143697898Z: [    2.510629] ctnetlink v0.93: registering with nfnetlink.
[STDERR  ] 2018-12-29T22:11:40.143746728Z: [    2.515845] nf_tables: (c) 2007-2009 Patrick McHardy <kaber@trash.net>
[STDERR  ] 2018-12-29T22:11:40.143809757Z: [    2.522207] nf_tables_compat: (c) 2012 Pablo Neira Ayuso <pablo@netfilter.org>
[STDERR  ] 2018-12-29T22:11:40.143859074Z: [    2.529237] xt_time: kernel timezone is -0000
[STDERR  ] 2018-12-29T22:11:40.143898770Z: [    2.533694] ip_set: protocol 6
[STDERR  ] 2018-12-29T22:11:40.143943106Z: [    2.536717] IPVS: Registered protocols (TCP, UDP, SCTP, AH, ESP)
[STDERR  ] 2018-12-29T22:11:40.143986212Z: [    2.542846] IPVS: Connection hash table configured (size=4096, memory=64Kbytes)
[STDERR  ] 2018-12-29T22:11:40.144029952Z: [    2.550335] IPVS: Creating netns size=2104 id=0
[STDERR  ] 2018-12-29T22:11:40.144069359Z: [    2.556125] IPVS: ipvs loaded.
[STDERR  ] 2018-12-29T22:11:40.144120198Z: [    2.559103] IPVS: [rr] scheduler registered.
[STDERR  ] 2018-12-29T22:11:40.144174050Z: [    2.563588] IPVS: [wrr] scheduler registered.
[STDERR  ] 2018-12-29T22:11:40.144230072Z: [    2.566915] IPVS: [lc] scheduler registered.
[STDERR  ] 2018-12-29T22:11:40.144271018Z: [    2.571269] IPVS: [wlc] scheduler registered.
[STDERR  ] 2018-12-29T22:11:40.144322516Z: [    2.575516] IPVS: [fo] scheduler registered.
[STDERR  ] 2018-12-29T22:11:40.144371683Z: [    2.579931] IPVS: [ovf] scheduler registered.
[STDERR  ] 2018-12-29T22:11:40.144430618Z: [    2.584256] IPVS: [lblc] scheduler registered.
[STDERR  ] 2018-12-29T22:11:40.144499301Z: [    2.588833] IPVS: [lblcr] scheduler registered.
[STDERR  ] 2018-12-29T22:11:40.144551679Z: [    2.593288] IPVS: [dh] scheduler registered.
[STDERR  ] 2018-12-29T22:11:40.144598832Z: [    2.597701] IPVS: [sh] scheduler registered.
[STDERR  ] 2018-12-29T22:11:40.144643419Z: [    2.601915] IPVS: [sed] scheduler registered.
[STDERR  ] 2018-12-29T22:11:40.144683717Z: [    2.606455] IPVS: [nq] scheduler registered.
[STDERR  ] 2018-12-29T22:11:40.144731852Z: [    2.610701] IPVS: ftp: loaded support on port[0] = 21
[STDERR  ] 2018-12-29T22:11:40.144774375Z: [    2.616038] ipip: IPv4 and MPLS over IPv4 tunneling driver
[STDERR  ] 2018-12-29T22:11:40.144816534Z: [    2.621812] gre: GRE over IPv4 demultiplexor driver
[STDERR  ] 2018-12-29T22:11:40.144857526Z: [    2.627209] ip_tables: (C) 2000-2006 Netfilter Core Team
[STDERR  ] 2018-12-29T22:11:40.144897049Z: [    2.632774] ipt_CLUSTERIP: ClusterIP Version 0.8 loaded successfully
[STDERR  ] 2018-12-29T22:11:40.144944899Z: [    2.639221] arp_tables: arp_tables: (C) 2002 David S. Miller
[STDERR  ] 2018-12-29T22:11:40.144985478Z: [    2.645392] ata2: SATA link down (SStatus 0 SControl 300)
[STDERR  ] 2018-12-29T22:11:40.145027438Z: [    2.651512] ata1: SATA link down (SStatus 0 SControl 300)
[STDERR  ] 2018-12-29T22:11:40.145068201Z: [    2.657534] ata4: SATA link down (SStatus 0 SControl 300)
[STDERR  ] 2018-12-29T22:11:40.145121024Z: [    2.663719] ata3: SATA link up 1.5 Gbps (SStatus 113 SControl 300)
[STDERR  ] 2018-12-29T22:11:40.145169443Z: [    2.670711] ata6: SATA link down (SStatus 0 SControl 300)
[STDERR  ] 2018-12-29T22:11:40.145209753Z: [    2.676779] ata5: SATA link down (SStatus 0 SControl 300)
[STDERR  ] 2018-12-29T22:11:40.145251766Z: [    2.682533] NET: Registered protocol family 10
[STDERR  ] 2018-12-29T22:11:40.145303422Z: [    2.687048] ata3.00: ATAPI: QEMU DVD-ROM, 2.5+, max UDMA/100
[STDERR  ] 2018-12-29T22:11:40.145348422Z: [    2.692616] ata3.00: applying bridge limits
[STDERR  ] 2018-12-29T22:11:40.145388994Z: [    2.697250] ip6_tables: (C) 2000-2006 Netfilter Core Team
[STDERR  ] 2018-12-29T22:11:40.145428479Z: [    2.702877] ata3.00: configured for UDMA/100
[STDERR  ] 2018-12-29T22:11:40.145480343Z: [    2.708618] NET: Registered protocol family 17
[STDERR  ] 2018-12-29T22:11:40.145527171Z: [    2.713435] scsi 2:0:0:0: CD-ROM            QEMU     QEMU DVD-ROM     2.5+ PQ: 0 ANSI: 5
[STDERR  ] 2018-12-29T22:11:40.145569111Z: [    2.721132] Bridge firewalling registered
[STDERR  ] 2018-12-29T22:11:40.145606583Z: [    2.725037] Ebtables v2.0 registered
[STDERR  ] 2018-12-29T22:11:40.145646508Z: [    2.728816] 8021q: 802.1Q VLAN Support v1.8
[STDERR  ] 2018-12-29T22:11:40.145688074Z: [    2.734336] 9pnet: Installing 9P2000 support
[STDERR  ] 2018-12-29T22:11:40.145727821Z: [    2.738565] Key type dns_resolver registered
[STDERR  ] 2018-12-29T22:11:40.145767577Z: [    2.743144] registered taskstats version 1
[STDERR  ] 2018-12-29T22:11:40.145814478Z: [    2.750950] sr 2:0:0:0: [sr0] scsi3-mmc drive: 4x/4x cd/rw xa/form2 tray
[STDERR  ] 2018-12-29T22:11:40.145856520Z: [    2.757412] cdrom: Uniform CD-ROM driver Revision: 3.20
[STDERR  ] 2018-12-29T22:11:40.145896129Z: [    2.764187] sr 2:0:0:0: Attached scsi generic sg0 type 5
[STDERR  ] 2018-12-29T22:11:40.145935633Z: [    2.773311] Key type big_key registered
[STDERR  ] 2018-12-29T22:11:40.145972866Z: [    2.784015] Key type encrypted registered
[STDERR  ] 2018-12-29T22:11:40.146014410Z: [    2.790127] rtc_cmos 00:00: setting system clock to 2018-12-29 22:11:34 UTC (1546121494)
[STDERR  ] 2018-12-29T22:11:40.146055099Z: [    2.801279] Freeing unused kernel memory: 1404K
[STDERR  ] 2018-12-29T22:11:40.146094360Z: [    2.805679] Write protecting the kernel read-only data: 12288k
[STDERR  ] 2018-12-29T22:11:40.146133912Z: [    2.811640] Freeing unused kernel memory: 64K
[STDERR  ] 2018-12-29T22:11:40.146177220Z: [    2.819874] Freeing unused kernel memory: 1384K
[STDERR  ] 2018-12-29T22:11:40.146217382Z: 
[STDERR  ] 2018-12-29T22:11:40.146256917Z: Welcome to LinuxKit
[STDERR  ] 2018-12-29T22:11:40.146297463Z: 
[STDERR  ] 2018-12-29T22:11:40.146336654Z:                         ##         .
[STDERR  ] 2018-12-29T22:11:40.146375761Z:                   ## ## ##        ==
[STDERR  ] 2018-12-29T22:11:40.146415925Z:                ## ## ## ## ##    ===
[STDERR  ] 2018-12-29T22:11:40.146466239Z:            /"""""""""""""""""\___/ ===
[STDERR  ] 2018-12-29T22:11:40.146513598Z:           {                       /  ===-
[STDERR  ] 2018-12-29T22:11:40.146552652Z:            \______ O           __/
[STDERR  ] 2018-12-29T22:11:40.146593511Z:              \    \         __/
[STDERR  ] 2018-12-29T22:11:40.146632278Z:               \____\_______/
[STDERR  ] 2018-12-29T22:11:40.146680912Z: 
[STDERR  ] 2018-12-29T22:11:40.146719094Z: [    3.672093] RPC: Registered named UNIX socket transport module.
[STDERR  ] 2018-12-29T22:11:40.146758501Z: [    3.677351] RPC: Registered udp transport module.
[STDERR  ] 2018-12-29T22:11:40.146798353Z: [    3.681548] RPC: Registered tcp transport module.
[STDERR  ] 2018-12-29T22:11:40.146838711Z: [    3.685635] RPC: Registered tcp NFSv4.1 backchannel transport module.
[STDERR  ] 2018-12-29T22:11:40.146878684Z: [    3.712736] FS-Cache: Netfs 'nfs' registered for caching
[STDERR  ] 2018-12-29T22:11:40.146936208Z: [    3.741129] Installing knfsd (copyright (C) 1996 okir@monad.swb.de).
[STDERR  ] 2018-12-29T22:11:40.146976338Z: [    3.753053] ntfs: driver 2.1.32 [Flags: R/O MODULE].
[STDERR  ] 2018-12-29T22:11:40.147022212Z: starting kernel config sanity test with /proc/config.gz
[STDERR  ] 2018-12-29T22:11:40.147063321Z: kernel config test succeeded!
[STDERR  ] 2018-12-29T22:11:40.147102602Z: [37minfo: reading kernel config from /proc/config.gz ...[m
[STDERR  ] 2018-12-29T22:11:40.147141605Z: 
[STDERR  ] 2018-12-29T22:11:40.147193681Z: Generally Necessary:
[STDERR  ] 2018-12-29T22:11:40.147237241Z: - [37mcgroup hierarchy[m: [32mproperly mounted[m [/sys/fs/cgroup]
[STDERR  ] 2018-12-29T22:11:40.147304417Z: - [37mCONFIG_NAMESPACES[m: [32menabled[m
[STDERR  ] 2018-12-29T22:11:40.147351759Z: - [37mCONFIG_NET_NS[m: [32menabled[m
[STDERR  ] 2018-12-29T22:11:40.147391358Z: - [37mCONFIG_PID_NS[m: [32menabled[m
[STDERR  ] 2018-12-29T22:11:40.147430454Z: - [37mCONFIG_IPC_NS[m: [32menabled[m
[STDERR  ] 2018-12-29T22:11:40.147481552Z: - [37mCONFIG_UTS_NS[m: [32menabled[m
[STDERR  ] 2018-12-29T22:11:40.147535840Z: - [37mCONFIG_CGROUPS[m: [32menabled[m
[STDERR  ] 2018-12-29T22:11:40.147574461Z: - [37mCONFIG_CGROUP_CPUACCT[m: [32menabled[m
[STDERR  ] 2018-12-29T22:11:40.147614171Z: - [37mCONFIG_CGROUP_DEVICE[m: [32menabled[m
[STDERR  ] 2018-12-29T22:11:40.147659260Z: - [37mCONFIG_CGROUP_FREEZER[m: [32menabled[m
[STDERR  ] 2018-12-29T22:11:40.147699688Z: - [37mCONFIG_CGROUP_SCHED[m: [32menabled[m
[STDERR  ] 2018-12-29T22:11:40.147739402Z: - [37mCONFIG_CPUSETS[m: [32menabled[m
[STDERR  ] 2018-12-29T22:11:40.147778609Z: - [37mCONFIG_MEMCG[m: [32menabled[m
[STDERR  ] 2018-12-29T22:11:40.147818737Z: - [37mCONFIG_KEYS[m: [32menabled[m
[STDERR  ] 2018-12-29T22:11:40.147859110Z: - [37mCONFIG_VETH[m: [32menabled[m
[STDERR  ] 2018-12-29T22:11:40.147898514Z: - [37mCONFIG_BRIDGE[m: [32menabled[m
[STDERR  ] 2018-12-29T22:11:40.147935630Z: - [37mCONFIG_BRIDGE_NETFILTER[m: [32menabled[m
[STDERR  ] 2018-12-29T22:11:40.147982218Z: - [37mCONFIG_NF_NAT_IPV4[m: [32menabled[m
[STDERR  ] 2018-12-29T22:11:40.148027704Z: - [37mCONFIG_IP_NF_FILTER[m: [32menabled[m
[STDERR  ] 2018-12-29T22:11:40.148066568Z: - [37mCONFIG_IP_NF_TARGET_MASQUERADE[m: [32menabled[m
[STDERR  ] 2018-12-29T22:11:40.148105873Z: - [37mCONFIG_NETFILTER_XT_MATCH_ADDRTYPE[m: [32menabled[m
[STDERR  ] 2018-12-29T22:11:40.148144269Z: - [37mCONFIG_NETFILTER_XT_MATCH_CONNTRACK[m: [32menabled[m
[STDERR  ] 2018-12-29T22:11:40.148193819Z: - [37mCONFIG_NETFILTER_XT_MATCH_IPVS[m: [32menabled[m
[STDERR  ] 2018-12-29T22:11:40.148233060Z: - [37mCONFIG_IP_NF_NAT[m: [32menabled[m
[STDERR  ] 2018-12-29T22:11:40.148294433Z: - [37mCONFIG_NF_NAT[m: [32menabled[m
[STDERR  ] 2018-12-29T22:11:40.148334767Z: - [37mCONFIG_NF_NAT_NEEDED[m: [32menabled[m
[STDERR  ] 2018-12-29T22:11:40.148372504Z: - [37mCONFIG_POSIX_MQUEUE[m: [32menabled[m
[STDERR  ] 2018-12-29T22:11:40.148413201Z: 
[STDERR  ] 2018-12-29T22:11:40.148461869Z: Optional Features:
[STDERR  ] 2018-12-29T22:11:40.148510676Z: - [37mCONFIG_USER_NS[m: [32menabled[m
[STDERR  ] 2018-12-29T22:11:40.148557592Z: - [37mCONFIG_SECCOMP[m: [32menabled[m
[STDERR  ] 2018-12-29T22:11:40.148597517Z: - [37mCONFIG_CGROUP_PIDS[m: [32menabled[m
[STDERR  ] 2018-12-29T22:11:40.148636778Z: - [37mCONFIG_MEMCG_SWAP[m: [32menabled[m
[STDERR  ] 2018-12-29T22:11:40.148676539Z: - [37mCONFIG_MEMCG_SWAP_ENABLED[m: [32menabled[m
[STDERR  ] 2018-12-29T22:11:40.148715811Z:     [1;30m(cgroup swap accounting is currently enabled)[m
[STDERR  ] 2018-12-29T22:11:40.148754575Z: - [1mCONFIG_LEGACY_VSYSCALL_NONE[m: [1;31menabled[m
[STDERR  ] 2018-12-29T22:11:40.148788806Z:     [1;30m(containers using eglibc <= 2.13 will not work. Switch to[m
[STDERR  ] 2018-12-29T22:11:40.148823444Z:     [1;30m "CONFIG_VSYSCALL_[NATIVE|EMULATE]" or use "vsyscall=[native|emulate]"[m
[STDERR  ] 2018-12-29T22:11:40.148864588Z:     [1;30m on kernel command line. Note that this will disable ASLR for the,[m
[STDERR  ] 2018-12-29T22:11:40.148898971Z:     [1;30m VDSO which may assist in exploiting security vulnerabilities.)[m
[STDERR  ] 2018-12-29T22:11:40.148939121Z: - [37mCONFIG_BLK_CGROUP[m: [32menabled[m
[STDERR  ] 2018-12-29T22:11:40.148972583Z: - [37mCONFIG_BLK_DEV_THROTTLING[m: [32menabled[m
[STDERR  ] 2018-12-29T22:11:40.149006882Z: - [37mCONFIG_IOSCHED_CFQ[m: [32menabled[m
[STDERR  ] 2018-12-29T22:11:40.149040619Z: - [37mCONFIG_CFQ_GROUP_IOSCHED[m: [32menabled[m
[STDERR  ] 2018-12-29T22:11:40.149072514Z: - [37mCONFIG_CGROUP_PERF[m: [32menabled[m
[STDERR  ] 2018-12-29T22:11:40.149111414Z: - [37mCONFIG_CGROUP_HUGETLB[m: [32menabled[m
[STDERR  ] 2018-12-29T22:11:40.149150297Z: - [37mCONFIG_NET_CLS_CGROUP[m: [32menabled[m
[STDERR  ] 2018-12-29T22:11:40.149190226Z: - [37mCONFIG_CGROUP_NET_PRIO[m: [32menabled[m
[STDERR  ] 2018-12-29T22:11:40.149229540Z: - [37mCONFIG_CFS_BANDWIDTH[m: [32menabled[m
[STDERR  ] 2018-12-29T22:11:40.149267898Z: - [37mCONFIG_FAIR_GROUP_SCHED[m: [32menabled[m
[STDERR  ] 2018-12-29T22:11:40.149307211Z: - [37mCONFIG_RT_GROUP_SCHED[m: [32menabled[m
[STDERR  ] 2018-12-29T22:11:40.149345766Z: - [37mCONFIG_IP_VS[m: [32menabled[m
[STDERR  ] 2018-12-29T22:11:40.149385091Z: - [37mCONFIG_IP_VS_NFCT[m: [32menabled[m
[STDERR  ] 2018-12-29T22:11:40.149424250Z: - [37mCONFIG_IP_VS_RR[m: [32menabled[m
[STDERR  ] 2018-12-29T22:11:40.149478745Z: - [37mCONFIG_EXT4_FS[m: [32menabled[m
[STDERR  ] 2018-12-29T22:11:40.149530260Z: - [37mCONFIG_EXT4_FS_POSIX_ACL[m: [32menabled[m
[STDERR  ] 2018-12-29T22:11:40.149570323Z: - [37mCONFIG_EXT4_FS_SECURITY[m: [32menabled[m
[STDERR  ] 2018-12-29T22:11:40.149614798Z: - Network Drivers:
[STDERR  ] 2018-12-29T22:11:40.149659755Z:   - "[34moverlay[m":
[STDERR  ] 2018-12-29T22:11:40.149701477Z:     - [37mCONFIG_VXLAN[m: [32menabled[m
[STDERR  ] 2018-12-29T22:11:40.149752978Z:       Optional (for encrypted networks):
[STDERR  ] 2018-12-29T22:11:40.149795598Z:       - [37mCONFIG_CRYPTO[m: [32menabled[m
[STDERR  ] 2018-12-29T22:11:40.149839971Z:       - [37mCONFIG_CRYPTO_AEAD[m: [32menabled[m
[STDERR  ] 2018-12-29T22:11:40.149889079Z:       - [37mCONFIG_CRYPTO_GCM[m: [32menabled[m
[STDERR  ] 2018-12-29T22:11:40.149932571Z:       - [37mCONFIG_CRYPTO_SEQIV[m: [32menabled[m
[STDERR  ] 2018-12-29T22:11:40.149973004Z:       - [37mCONFIG_CRYPTO_GHASH[m: [32menabled[m
[STDERR  ] 2018-12-29T22:11:40.150012717Z:       - [37mCONFIG_XFRM[m: [32menabled[m
[STDERR  ] 2018-12-29T22:11:40.150053636Z:       - [37mCONFIG_XFRM_USER[m: [32menabled (as module)[m
[STDERR  ] 2018-12-29T22:11:40.150094328Z:       - [37mCONFIG_XFRM_ALGO[m: [32menabled (as module)[m
[STDERR  ] 2018-12-29T22:11:40.150138444Z:       - [37mCONFIG_INET_ESP[m: [32menabled (as module)[m
[STDERR  ] 2018-12-29T22:11:40.150179450Z:       - [37mCONFIG_INET_XFRM_MODE_TRANSPORT[m: [32menabled (as module)[m
[STDERR  ] 2018-12-29T22:11:40.150219274Z:   - "[34mipvlan[m":
[STDERR  ] 2018-12-29T22:11:40.150258575Z:     - [37mCONFIG_IPVLAN[m: [32menabled[m
[STDERR  ] 2018-12-29T22:11:40.150297883Z:   - "[34mmacvlan[m":
[STDERR  ] 2018-12-29T22:11:40.150338096Z:     - [37mCONFIG_MACVLAN[m: [32menabled[m
[STDERR  ] 2018-12-29T22:11:40.150377581Z:     - [37mCONFIG_DUMMY[m: [32menabled (as module)[m
[STDERR  ] 2018-12-29T22:11:40.150417304Z:   - "[34mftp,tftp client in container[m":
[STDERR  ] 2018-12-29T22:11:40.150470334Z:     - [37mCONFIG_NF_NAT_FTP[m: [32menabled[m
[STDERR  ] 2018-12-29T22:11:40.150517421Z:     - [37mCONFIG_NF_CONNTRACK_FTP[m: [32menabled[m
[STDERR  ] 2018-12-29T22:11:40.150556844Z:     - [37mCONFIG_NF_NAT_TFTP[m: [32menabled[m
[STDERR  ] 2018-12-29T22:11:40.150597470Z:     - [37mCONFIG_NF_CONNTRACK_TFTP[m: [32menabled[m
[STDERR  ] 2018-12-29T22:11:40.150636632Z: - Storage Drivers:
[STDERR  ] 2018-12-29T22:11:40.150687333Z:   - "[34maufs[m":
[STDERR  ] 2018-12-29T22:11:40.150726287Z:     - [1mCONFIG_AUFS_FS[m: [1;31mmissing[m
[STDERR  ] 2018-12-29T22:11:40.150765126Z:   - "[34mbtrfs[m":
[STDERR  ] 2018-12-29T22:11:40.150803906Z:     - [37mCONFIG_BTRFS_FS[m: [32menabled (as module)[m
[STDERR  ] 2018-12-29T22:11:40.150857134Z:     - [37mCONFIG_BTRFS_FS_POSIX_ACL[m: [32menabled[m
[STDERR  ] 2018-12-29T22:11:40.150896119Z:   - "[34mdevicemapper[m":
[STDERR  ] 2018-12-29T22:11:40.150940886Z:     - [37mCONFIG_BLK_DEV_DM[m: [32menabled[m
[STDERR  ] 2018-12-29T22:11:40.150978104Z:     - [37mCONFIG_DM_THIN_PROVISIONING[m: [32menabled[m
[STDERR  ] 2018-12-29T22:11:40.151027758Z:   - "[34moverlay[m":
[STDERR  ] 2018-12-29T22:11:40.151141279Z:     - [37mCONFIG_OVERLAY_FS[m: [32menabled[m
[STDERR  ] 2018-12-29T22:11:40.151154345Z:   - "[34mzfs[m":
[STDERR  ] 2018-12-29T22:11:40.151167560Z:     - [1m/dev/zfs[m: [1;31mmissing[m
[STDERR  ] 2018-12-29T22:11:40.151180039Z:     - [1mzfs command[m: [1;31mmissing[m
[STDERR  ] 2018-12-29T22:11:40.151200721Z:     - [1mzpool command[m: [1;31mmissing[m
[STDERR  ] 2018-12-29T22:11:40.151212310Z: 
[STDERR  ] 2018-12-29T22:11:40.151231575Z: Limits:
[PASS    ] linuxkit.kernel.config_4.9.x 27.16s
[STDERR  ] 2018-12-29T22:11:40.151244182Z: [37m- /proc/sys/kernel/keys/root_maxkeys[m: [32m1000000[m
