[INFO    ] 2018-02-28T19:35:37.368025968Z: Running Test linuxkit.security.ports in /tmp/build/test/cases/030_security/010_ports
[INFO    ] 2018-02-28T19:35:37.368141527Z: Running command: [/bin/sh -x /tmp/build/test/cases/030_security/010_ports/test.sh]
[STDERR  ] 2018-02-28T19:35:37.368626769Z: + set -e
[STDERR  ] 2018-02-28T19:35:37.368687692Z: + . /tmp/build/test/cases/_lib/lib.sh
[STDERR  ] 2018-02-28T19:35:37.368704555Z: + [ -f src/github.com/linuxkit/rtf/lib/lib.sh ]
[STDERR  ] 2018-02-28T19:35:37.368728222Z: + LINUXKIT_TMPDIR=/tmp/build/test/cases/_tmp
[STDERR  ] 2018-02-28T19:35:37.368743518Z: + [ -f /tmp/build/test/cases/_tmp/env.sh ]
[STDERR  ] 2018-02-28T19:35:37.368758822Z: + . /tmp/build/test/cases/_tmp/env.sh
[STDERR  ] 2018-02-28T19:35:37.368783619Z: + export LINUXKIT_EXAMPLES_DIR=/tmp/build/test/cases/../../examples
[STDERR  ] 2018-02-28T19:35:37.368809245Z: + RT_CANCEL=253
[STDERR  ] 2018-02-28T19:35:37.368823632Z: + NAME=lsof
[STDERR  ] 2018-02-28T19:35:37.368837155Z: + trap clean_up EXIT
[STDERR  ] 2018-02-28T19:35:37.368850596Z: + linuxkit build -format kernel+initrd -name lsof test.yml
[STDERR  ] 2018-02-28T19:35:37.420392363Z: Extract kernel image: linuxkit/kernel:4.9.81
[STDERR  ] 2018-02-28T19:35:38.557871290Z: time="2018-02-28T19:35:38Z" level=warning msg="certificate with CN avi@atomicinc.com is near expiry"
[STDERR  ] 2018-02-28T19:35:38.557941809Z: time="2018-02-28T19:35:38Z" level=warning msg="certificate with CN Ian Campbell is near expiry"
[STDERR  ] 2018-02-28T19:35:38.558206653Z: time="2018-02-28T19:35:38Z" level=warning msg="certificate with CN Justin Cormack is near expiry"
[STDERR  ] 2018-02-28T19:35:38.558272869Z: time="2018-02-28T19:35:38Z" level=warning msg="certificate with CN  is near expiry"
[STDERR  ] 2018-02-28T19:35:38.558427252Z: time="2018-02-28T19:35:38Z" level=warning msg="certificate with CN  is near expiry"
[STDERR  ] 2018-02-28T19:35:38.616497688Z: time="2018-02-28T19:35:38Z" level=warning msg="certificate with CN Justin Cormack is near expiry"
[STDERR  ] 2018-02-28T19:35:38.993505591Z: Add init containers:
[STDERR  ] 2018-02-28T19:35:38.993575992Z: Process init image: linuxkit/init:d899eee3560a40aa3b4bdd67b3bb82703714b2b9
[STDERR  ] 2018-02-28T19:35:40.021859368Z: time="2018-02-28T19:35:40Z" level=warning msg="certificate with CN Justin Cormack is near expiry"
[STDERR  ] 2018-02-28T19:35:40.022055528Z: time="2018-02-28T19:35:40Z" level=warning msg="certificate with CN  is near expiry"
[STDERR  ] 2018-02-28T19:35:40.022082888Z: time="2018-02-28T19:35:40Z" level=warning msg="certificate with CN  is near expiry"
[STDERR  ] 2018-02-28T19:35:40.022258688Z: time="2018-02-28T19:35:40Z" level=warning msg="certificate with CN avi@atomicinc.com is near expiry"
[STDERR  ] 2018-02-28T19:35:40.022394562Z: time="2018-02-28T19:35:40Z" level=warning msg="certificate with CN Ian Campbell is near expiry"
[STDERR  ] 2018-02-28T19:35:40.026812269Z: time="2018-02-28T19:35:40Z" level=warning msg="certificate with CN Justin Cormack is near expiry"
[STDERR  ] 2018-02-28T19:35:40.028459253Z: time="2018-02-28T19:35:40Z" level=warning msg="certificate with CN  is near expiry"
[STDERR  ] 2018-02-28T19:35:40.028555739Z: time="2018-02-28T19:35:40Z" level=warning msg="certificate with CN Ian Campbell is near expiry"
[STDERR  ] 2018-02-28T19:35:40.197354749Z: Process init image: linuxkit/runc:7c39a68490a12cde830e1922f171c451fb08e731
[STDERR  ] 2018-02-28T19:35:41.218424811Z: time="2018-02-28T19:35:41Z" level=warning msg="certificate with CN Justin Cormack is near expiry"
[STDERR  ] 2018-02-28T19:35:41.218607820Z: time="2018-02-28T19:35:41Z" level=warning msg="certificate with CN  is near expiry"
[STDERR  ] 2018-02-28T19:35:41.218636456Z: time="2018-02-28T19:35:41Z" level=warning msg="certificate with CN  is near expiry"
[STDERR  ] 2018-02-28T19:35:41.218740228Z: time="2018-02-28T19:35:41Z" level=warning msg="certificate with CN avi@atomicinc.com is near expiry"
[STDERR  ] 2018-02-28T19:35:41.218860626Z: time="2018-02-28T19:35:41Z" level=warning msg="certificate with CN Ian Campbell is near expiry"
[STDERR  ] 2018-02-28T19:35:41.221211378Z: time="2018-02-28T19:35:41Z" level=warning msg="certificate with CN Justin Cormack is near expiry"
[STDERR  ] 2018-02-28T19:35:41.222535819Z: time="2018-02-28T19:35:41Z" level=warning msg="certificate with CN  is near expiry"
[STDERR  ] 2018-02-28T19:35:41.222569495Z: time="2018-02-28T19:35:41Z" level=warning msg="certificate with CN Ian Campbell is near expiry"
[STDERR  ] 2018-02-28T19:35:41.372413144Z: Add onboot containers:
[STDERR  ] 2018-02-28T19:35:41.372487835Z:   Create OCI config for alpine:3.7
[STDERR  ] 2018-02-28T19:35:41.505688236Z:   Create OCI config for linuxkit/poweroff:f9a0a5e52fd2a97908bda33db2afffafe4a6a67d
[STDERR  ] 2018-02-28T19:35:42.566350562Z: time="2018-02-28T19:35:42Z" level=warning msg="certificate with CN Rolf Neugebauer is near expiry"
[STDERR  ] 2018-02-28T19:35:42.566430060Z: time="2018-02-28T19:35:42Z" level=warning msg="certificate with CN  is near expiry"
[STDERR  ] 2018-02-28T19:35:42.566574131Z: time="2018-02-28T19:35:42Z" level=warning msg="certificate with CN  is near expiry"
[STDERR  ] 2018-02-28T19:35:42.566600274Z: time="2018-02-28T19:35:42Z" level=warning msg="certificate with CN avi@atomicinc.com is near expiry"
[STDERR  ] 2018-02-28T19:35:42.566758362Z: time="2018-02-28T19:35:42Z" level=warning msg="certificate with CN Ian Campbell is near expiry"
[STDERR  ] 2018-02-28T19:35:42.566845298Z: time="2018-02-28T19:35:42Z" level=warning msg="certificate with CN Justin Cormack is near expiry"
[STDERR  ] 2018-02-28T19:35:42.568568028Z: time="2018-02-28T19:35:42Z" level=warning msg="certificate with CN Rolf Neugebauer is near expiry"
[STDERR  ] 2018-02-28T19:35:42.569332740Z: time="2018-02-28T19:35:42Z" level=warning msg="certificate with CN  is near expiry"
[STDERR  ] 2018-02-28T19:35:42.569467095Z: time="2018-02-28T19:35:42Z" level=warning msg="certificate with CN Ian Campbell is near expiry"
[STDERR  ] 2018-02-28T19:35:42.739450717Z: Add files:
[STDERR  ] 2018-02-28T19:35:42.739534589Z:   check.sh
[STDERR  ] 2018-02-28T19:35:42.748353295Z: Create outputs:
[STDERR  ] 2018-02-28T19:35:46.941621257Z:   lsof-kernel lsof-initrd.img lsof-cmdline
[STDERR  ] 2018-02-28T19:35:46.983812612Z: + linuxkit run qemu -kernel lsof
[STDERR  ] 2018-02-28T19:35:47.006783713Z: Unable to find qemu-system-x86_64 within the $PATH. Using a container
[STDOUT  ] 2018-02-28T19:35:48.243988302Z: [    0.000000] Linux version 4.9.81-linuxkit (root@131493a180c4) (gcc version 6.4.0 (Alpine 6.4.0) ) #1 SMP Tue Feb 13 18:31:25 UTC 2018
[STDOUT  ] 2018-02-28T19:35:48.249282744Z: [    0.000000] Command line: console=ttyS0 page_poison=1
[STDOUT  ] 2018-02-28T19:35:48.253933556Z: [    0.000000] x86/fpu: Legacy x87 FPU detected.
[STDOUT  ] 2018-02-28T19:35:48.259440881Z: [    0.000000] x86/fpu: Using 'eager' FPU context switches.
[STDOUT  ] 2018-02-28T19:35:48.264447192Z: [    0.000000] e820: BIOS-provided physical RAM map:
[STDOUT  ] 2018-02-28T19:35:48.271401588Z: [    0.000000] BIOS-e820: [mem 0x0000000000000000-0x000000000009fbff] usable
[STDOUT  ] 2018-02-28T19:35:48.278732715Z: [    0.000000] BIOS-e820: [mem 0x000000000009fc00-0x000000000009ffff] reserved
[STDOUT  ] 2018-02-28T19:35:48.286195383Z: [    0.000000] BIOS-e820: [mem 0x00000000000f0000-0x00000000000fffff] reserved
[STDOUT  ] 2018-02-28T19:35:48.293467097Z: [    0.000000] BIOS-e820: [mem 0x0000000000100000-0x000000003ffdefff] usable
[STDOUT  ] 2018-02-28T19:35:48.300747422Z: [    0.000000] BIOS-e820: [mem 0x000000003ffdf000-0x000000003fffffff] reserved
[STDOUT  ] 2018-02-28T19:35:48.307977371Z: [    0.000000] BIOS-e820: [mem 0x00000000b0000000-0x00000000bfffffff] reserved
[STDOUT  ] 2018-02-28T19:35:48.315054786Z: [    0.000000] BIOS-e820: [mem 0x00000000fed1c000-0x00000000fed1ffff] reserved
[STDOUT  ] 2018-02-28T19:35:48.322421538Z: [    0.000000] BIOS-e820: [mem 0x00000000feffc000-0x00000000feffffff] reserved
[STDOUT  ] 2018-02-28T19:35:48.329348075Z: [    0.000000] BIOS-e820: [mem 0x00000000fffc0000-0x00000000ffffffff] reserved
[STDOUT  ] 2018-02-28T19:35:48.334282880Z: [    0.000000] NX (Execute Disable) protection: active
[STDOUT  ] 2018-02-28T19:35:48.337506298Z: [    0.000000] SMBIOS 2.8 present.
[STDOUT  ] 2018-02-28T19:35:48.341171636Z: [    0.000000] Hypervisor detected: KVM
[STDOUT  ] 2018-02-28T19:35:48.347339999Z: [    0.000000] e820: last_pfn = 0x3ffdf max_arch_pfn = 0x400000000
[STDOUT  ] 2018-02-28T19:35:48.352112702Z: [    0.000000] x86/PAT: PAT not supported by CPU.
[STDOUT  ] 2018-02-28T19:35:48.359368807Z: [    0.000000] x86/PAT: Configuration [0-7]: WB  WT  UC- UC  WB  WT  UC- UC  
[STDOUT  ] 2018-02-28T19:35:48.367861000Z: [    0.000000] found SMP MP-table at [mem 0x000f6aa0-0x000f6aaf] mapped at [ffff8d81c00f6aa0]
[STDOUT  ] 2018-02-28T19:35:48.372553459Z: [    0.000000] RAMDISK: [mem 0x3e801000-0x3ffcffff]
[STDOUT  ] 2018-02-28T19:35:48.378333438Z: [    0.000000] ACPI: Early table checksum verification disabled
[STDOUT  ] 2018-02-28T19:35:48.384196727Z: [    0.000000] ACPI: RSDP 0x00000000000F68B0 000014 (v00 BOCHS )
[STDOUT  ] 2018-02-28T19:35:48.392763770Z: [    0.000000] ACPI: RSDT 0x000000003FFE20A8 000034 (v01 BOCHS  BXPCRSDT 00000001 BXPC 00000001)
[STDOUT  ] 2018-02-28T19:35:48.401261913Z: [    0.000000] ACPI: FACP 0x000000003FFE1EC8 0000F4 (v03 BOCHS  BXPCFACP 00000001 BXPC 00000001)
[STDOUT  ] 2018-02-28T19:35:48.409986356Z: [    0.000000] ACPI: DSDT 0x000000003FFE0040 001E88 (v01 BOCHS  BXPCDSDT 00000001 BXPC 00000001)
[STDOUT  ] 2018-02-28T19:35:48.414607544Z: [    0.000000] ACPI: FACS 0x000000003FFE0000 000040
[STDOUT  ] 2018-02-28T19:35:48.423262654Z: [    0.000000] ACPI: APIC 0x000000003FFE1FBC 000078 (v01 BOCHS  BXPCAPIC 00000001 BXPC 00000001)
[STDOUT  ] 2018-02-28T19:35:48.431890343Z: [    0.000000] ACPI: HPET 0x000000003FFE2034 000038 (v01 BOCHS  BXPCHPET 00000001 BXPC 00000001)
[STDOUT  ] 2018-02-28T19:35:48.440638356Z: [    0.000000] ACPI: MCFG 0x000000003FFE206C 00003C (v01 BOCHS  BXPCMCFG 00000001 BXPC 00000001)
[STDOUT  ] 2018-02-28T19:35:48.445814495Z: [    0.000000] kvm-clock: Using msrs 4b564d01 and 4b564d00
[STDOUT  ] 2018-02-28T19:35:48.451791646Z: [    0.000000] kvm-clock: cpu 0, msr 0:3ffdd001, primary cpu clock
[STDOUT  ] 2018-02-28T19:35:48.462512829Z: [    0.000000] clocksource: kvm-clock: mask: 0xffffffffffffffff max_cycles: 0x1cd42e4dffb, max_idle_ns: 881590591483 ns
[STDOUT  ] 2018-02-28T19:35:48.465063841Z: [    0.000000] Zone ranges:
[STDOUT  ] 2018-02-28T19:35:48.471306963Z: [    0.000000]   DMA      [mem 0x0000000000001000-0x0000000000ffffff]
[STDOUT  ] 2018-02-28T19:35:48.477574633Z: [    0.000000]   DMA32    [mem 0x0000000001000000-0x000000003ffdefff]
[STDOUT  ] 2018-02-28T19:35:48.480971768Z: [    0.000000]   Normal   empty
[STDOUT  ] 2018-02-28T19:35:48.485280862Z: [    0.000000] Movable zone start for each node
[STDOUT  ] 2018-02-28T19:35:48.489076291Z: [    0.000000] Early memory node ranges
[STDOUT  ] 2018-02-28T19:35:48.495344365Z: [    0.000000]   node   0: [mem 0x0000000000001000-0x000000000009efff]
[STDOUT  ] 2018-02-28T19:35:48.501860678Z: [    0.000000]   node   0: [mem 0x0000000000100000-0x000000003ffdefff]
[STDOUT  ] 2018-02-28T19:35:48.508856088Z: [    0.000000] Initmem setup node 0 [mem 0x0000000000001000-0x000000003ffdefff]
[STDOUT  ] 2018-02-28T19:35:48.513031295Z: [    0.000000] ACPI: PM-Timer IO Port: 0x608
[STDOUT  ] 2018-02-28T19:35:48.518840004Z: [    0.000000] ACPI: LAPIC_NMI (acpi_id[0xff] dfl dfl lint[0x1])
[STDOUT  ] 2018-02-28T19:35:48.525723174Z: [    0.000000] IOAPIC[0]: apic_id 0, version 17, address 0xfec00000, GSI 0-23
[STDOUT  ] 2018-02-28T19:35:48.532108362Z: [    0.000000] ACPI: INT_SRC_OVR (bus 0 bus_irq 0 global_irq 2 dfl dfl)
[STDOUT  ] 2018-02-28T19:35:48.538868848Z: [    0.000000] ACPI: INT_SRC_OVR (bus 0 bus_irq 5 global_irq 5 high level)
[STDOUT  ] 2018-02-28T19:35:48.545526908Z: [    0.000000] ACPI: INT_SRC_OVR (bus 0 bus_irq 9 global_irq 9 high level)
[STDOUT  ] 2018-02-28T19:35:48.552374129Z: [    0.000000] ACPI: INT_SRC_OVR (bus 0 bus_irq 10 global_irq 10 high level)
[STDOUT  ] 2018-02-28T19:35:48.559233755Z: [    0.000000] ACPI: INT_SRC_OVR (bus 0 bus_irq 11 global_irq 11 high level)
[STDOUT  ] 2018-02-28T19:35:48.565336339Z: [    0.000000] Using ACPI (MADT) for SMP configuration information
[STDOUT  ] 2018-02-28T19:35:48.570452715Z: [    0.000000] ACPI: HPET id: 0x8086a201 base: 0xfed00000
[STDOUT  ] 2018-02-28T19:35:48.575485828Z: [    0.000000] smpboot: Allowing 1 CPUs, 0 hotplug CPUs
[STDOUT  ] 2018-02-28T19:35:48.582170274Z: [    0.000000] e820: [mem 0x40000000-0xafffffff] available for PCI devices
[STDOUT  ] 2018-02-28T19:35:48.586922840Z: [    0.000000] Booting paravirtualized kernel on KVM
[STDOUT  ] 2018-02-28T19:35:48.597490315Z: [    0.000000] clocksource: refined-jiffies: mask: 0xffffffff max_cycles: 0xffffffff, max_idle_ns: 19112604462750000 ns
[STDOUT  ] 2018-02-28T19:35:48.605273296Z: [    0.000000] setup_percpu: NR_CPUS:128 nr_cpumask_bits:128 nr_cpu_ids:1 nr_node_ids:1
[STDOUT  ] 2018-02-28T19:35:48.613484369Z: [    0.000000] percpu: Embedded 36 pages/cpu @ffff8d81fe600000 s106904 r8192 d32360 u2097152
[STDOUT  ] 2018-02-28T19:35:48.617458583Z: [    0.000000] KVM setup async PF for cpu 0
[STDOUT  ] 2018-02-28T19:35:48.622033757Z: [    0.000000] kvm-stealtime: cpu 0, msr 3e60fd80
[STDOUT  ] 2018-02-28T19:35:48.630193426Z: [    0.000000] Built 1 zonelists in Zone order, mobility grouping on.  Total pages: 257896
[STDOUT  ] 2018-02-28T19:35:48.635901158Z: [    0.000000] Kernel command line: console=ttyS0 page_poison=1
[STDOUT  ] 2018-02-28T19:35:48.641992313Z: [    0.000000] PID hash table entries: 4096 (order: 3, 32768 bytes)
[STDOUT  ] 2018-02-28T19:35:48.649116950Z: [    0.000000] Dentry cache hash table entries: 131072 (order: 8, 1048576 bytes)
[STDOUT  ] 2018-02-28T19:35:48.656009003Z: [    0.000000] Inode-cache hash table entries: 65536 (order: 7, 524288 bytes)
[STDOUT  ] 2018-02-28T19:35:48.669521088Z: [    0.000000] Memory: 989744K/1048052K available (8054K kernel code, 1391K rwdata, 2700K rodata, 1404K init, 564K bss, 58308K reserved, 0K cma-reserved)
[STDOUT  ] 2018-02-28T19:35:48.674765964Z: [    0.000000] Kernel/User page tables isolation: enabled
[STDOUT  ] 2018-02-28T19:35:48.679373951Z: [    0.000000] Hierarchical RCU implementation.
[STDOUT  ] 2018-02-28T19:35:48.685073105Z: [    0.000000] 	Build-time adjustment of leaf fanout to 64.
[STDOUT  ] 2018-02-28T19:35:48.691750392Z: [    0.000000] 	RCU restricting CPUs from NR_CPUS=128 to nr_cpu_ids=1.
[STDOUT  ] 2018-02-28T19:35:48.698749874Z: [    0.000000] RCU: Adjusting geometry for rcu_fanout_leaf=64, nr_cpu_ids=1
[STDOUT  ] 2018-02-28T19:35:48.702791853Z: [    0.000000] NR_IRQS:8448 nr_irqs:256 16
[STDOUT  ] 2018-02-28T19:35:48.708008042Z: [    0.000000] Console: colour VGA+ 80x25
[STDOUT  ] 2018-02-28T19:35:48.711508183Z: [    0.000000] console [ttyS0] enabled
[STDOUT  ] 2018-02-28T19:35:48.716687410Z: [    0.000000] allocated 2097152 bytes of page_ext
[STDOUT  ] 2018-02-28T19:35:48.726481097Z: [    0.000000] clocksource: hpet: mask: 0xffffffff max_cycles: 0xffffffff, max_idle_ns: 19112604467 ns
[STDOUT  ] 2018-02-28T19:35:48.731948145Z: [    0.000000] tsc: Detected 2300.000 MHz processor
[STDOUT  ] 2018-02-28T19:35:48.740772595Z: [    0.020000] Calibrating delay loop (skipped) preset value.. 4600.00 BogoMIPS (lpj=23000000)
[STDOUT  ] 2018-02-28T19:35:48.745569598Z: [    0.023031] pid_max: default: 32768 minimum: 301
[STDOUT  ] 2018-02-28T19:35:48.750086831Z: [    0.027874] ACPI: Core revision 20160831
[STDOUT  ] 2018-02-28T19:35:48.757628669Z: [    0.030756] ACPI: 1 ACPI AML tables successfully acquired and loaded
[STDOUT  ] 2018-02-28T19:35:48.762384769Z: [    0.040099] Security Framework initialized
[STDOUT  ] 2018-02-28T19:35:48.766072215Z: [    0.044624] Yama: becoming mindful.
[STDOUT  ] 2018-02-28T19:35:48.773670254Z: [    0.048289] Mount-cache hash table entries: 2048 (order: 2, 16384 bytes)
[STDOUT  ] 2018-02-28T19:35:48.781504078Z: [    0.050041] Mountpoint-cache hash table entries: 2048 (order: 2, 16384 bytes)
[STDOUT  ] 2018-02-28T19:35:48.787774856Z: [    0.061545] CPU: Physical Processor ID: 0
[STDOUT  ] 2018-02-28T19:35:48.793940776Z: [    0.070315] Last level iTLB entries: 4KB 0, 2MB 0, 4MB 0
[STDOUT  ] 2018-02-28T19:35:48.800584703Z: [    0.076176] Last level dTLB entries: 4KB 0, 2MB 0, 4MB 0, 1GB 0
[STDOUT  ] 2018-02-28T19:35:48.807607531Z: [    0.080038] Spectre V2 : Vulnerable: Minimal generic ASM retpoline
[STDOUT  ] 2018-02-28T19:35:48.934386080Z: [    0.211659] Freeing SMP alternatives memory: 20K
[STDOUT  ] 2018-02-28T19:35:48.970380047Z: [    0.247269] ftrace: allocating 35563 entries in 139 pages
[STDOUT  ] 2018-02-28T19:35:49.549333030Z: [    0.260157] smpboot: Max logical packages: 1
[STDOUT  ] 2018-02-28T19:35:49.554621616Z: [    0.272128] x2apic enabled
[STDOUT  ] 2018-02-28T19:35:49.563256833Z: [    0.280036] Switched APIC routing to physical x2apic.
[STDOUT  ] 2018-02-28T19:35:49.579827880Z: [    0.295869] ..TIMER: vector=0x30 apic1=0 pin1=2 apic2=-1 pin2=-1
[STDOUT  ] 2018-02-28T19:35:49.708129754Z: [    0.300000] smpboot: CPU0: Intel QEMU Virtual CPU version 2.5+ (family: 0x6, model: 0x6, stepping: 0x3)
[STDOUT  ] 2018-02-28T19:35:49.726049930Z: [    0.300015] Performance Events: PMU not available due to virtualization, using software events only.
[STDOUT  ] 2018-02-28T19:35:49.731507235Z: [    0.317968] x86: Booted up 1 node, 1 CPUs
[STDOUT  ] 2018-02-28T19:35:49.738799061Z: [    0.320007] smpboot: Total of 1 processors activated (4600.00 BogoMIPS)
[STDOUT  ] 2018-02-28T19:35:49.744474438Z: [    0.332132] devtmpfs: initialized
[STDOUT  ] 2018-02-28T19:35:49.748952399Z: [    0.335638] x86/mm: Memory block size: 128MB
[STDOUT  ] 2018-02-28T19:35:49.761419029Z: [    0.342583] clocksource: jiffies: mask: 0xffffffff max_cycles: 0xffffffff, max_idle_ns: 19112604462750000 ns
[STDOUT  ] 2018-02-28T19:35:49.767565229Z: [    0.350069] futex hash table entries: 256 (order: 2, 16384 bytes)
[STDOUT  ] 2018-02-28T19:35:49.772475661Z: [    0.360274] NET: Registered protocol family 16
[STDOUT  ] 2018-02-28T19:35:49.777158263Z: [    0.365157] cpuidle: using governor ladder
[STDOUT  ] 2018-02-28T19:35:49.781283414Z: [    0.369464] cpuidle: using governor menu
[STDOUT  ] 2018-02-28T19:35:49.785694326Z: [    0.370346] ACPI: bus type PCI registered
[STDOUT  ] 2018-02-28T19:35:49.795499196Z: [    0.374970] PCI: MMCONFIG for domain 0000 [bus 00-ff] at [mem 0xb0000000-0xbfffffff] (base 0xb0000000)
[STDOUT  ] 2018-02-28T19:35:49.802828891Z: [    0.380015] PCI: MMCONFIG at [mem 0xb0000000-0xbfffffff] reserved in E820
[STDOUT  ] 2018-02-28T19:35:49.808757403Z: [    0.390029] PCI: Using configuration type 1 for base access
[STDOUT  ] 2018-02-28T19:35:49.816960282Z: [    0.401736] HugeTLB registered 2 MB page size, pre-allocated 0 pages
[STDOUT  ] 2018-02-28T19:35:49.822066845Z: [    0.410371] ACPI: Added _OSI(Module Device)
[STDOUT  ] 2018-02-28T19:35:49.826860748Z: [    0.414674] ACPI: Added _OSI(Processor Device)
[STDOUT  ] 2018-02-28T19:35:49.832322742Z: [    0.419480] ACPI: Added _OSI(3.0 _SCP Extensions)
[STDOUT  ] 2018-02-28T19:35:49.838076283Z: [    0.420011] ACPI: Added _OSI(Processor Aggregator Device)
[STDOUT  ] 2018-02-28T19:35:49.846972701Z: [    0.435097] ACPI: Interpreter enabled
[STDOUT  ] 2018-02-28T19:35:49.850606694Z: [    0.438877] ACPI: (supports S0 S5)
[STDOUT  ] 2018-02-28T19:35:49.855830729Z: [    0.440010] ACPI: Using IOAPIC for interrupt routing
[STDOUT  ] 2018-02-28T19:35:49.865038631Z: [    0.445340] PCI: Using host bridge windows from ACPI; if necessary, use "pci=nocrs" and report a bug
[STDOUT  ] 2018-02-28T19:35:49.875035756Z: [    0.461311] ACPI: PCI Root Bridge [PCI0] (domain 0000 [bus 00-ff])
[STDOUT  ] 2018-02-28T19:35:49.883440148Z: [    0.467543] acpi PNP0A08:00: _OSC: OS supports [ExtendedConfig ASPM ClockPM Segments MSI]
[STDOUT  ] 2018-02-28T19:35:49.891415889Z: [    0.470199] acpi PNP0A08:00: _OSC: OS now controls [PCIeHotplug PME PCIeCapability]
[STDOUT  ] 2018-02-28T19:35:49.895746837Z: [    0.480114] PCI host bridge to bus 0000:00
[STDOUT  ] 2018-02-28T19:35:49.902663976Z: [    0.484303] pci_bus 0000:00: root bus resource [io  0x0000-0x0cf7 window]
[STDOUT  ] 2018-02-28T19:35:49.909567265Z: [    0.490014] pci_bus 0000:00: root bus resource [io  0x0d00-0xffff window]
[STDOUT  ] 2018-02-28T19:35:49.917079368Z: [    0.500016] pci_bus 0000:00: root bus resource [mem 0x000a0000-0x000bffff window]
[STDOUT  ] 2018-02-28T19:35:49.924727689Z: [    0.507485] pci_bus 0000:00: root bus resource [mem 0xc0000000-0xfebfffff window]
[STDOUT  ] 2018-02-28T19:35:49.930336125Z: [    0.510021] pci_bus 0000:00: root bus resource [bus 00-ff]
[STDOUT  ] 2018-02-28T19:35:50.060085604Z: [    0.644173] pci 0000:00:1f.0: quirk: [io  0x0600-0x067f] claimed by ICH6 ACPI/GPIO/TCO
[STDOUT  ] 2018-02-28T19:35:50.120239508Z: [    0.704820] ACPI: PCI Interrupt Link [LNKA] (IRQs 5 *10 11)
[STDOUT  ] 2018-02-28T19:35:50.127334480Z: [    0.712233] ACPI: PCI Interrupt Link [LNKB] (IRQs 5 *10 11)
[STDOUT  ] 2018-02-28T19:35:50.134523241Z: [    0.720315] ACPI: PCI Interrupt Link [LNKC] (IRQs 5 10 *11)
[STDOUT  ] 2018-02-28T19:35:50.141769684Z: [    0.727448] ACPI: PCI Interrupt Link [LNKD] (IRQs 5 10 *11)
[STDOUT  ] 2018-02-28T19:35:50.148961055Z: [    0.732198] ACPI: PCI Interrupt Link [LNKE] (IRQs 5 *10 11)
[STDOUT  ] 2018-02-28T19:35:50.156015457Z: [    0.741405] ACPI: PCI Interrupt Link [LNKF] (IRQs 5 *10 11)
[STDOUT  ] 2018-02-28T19:35:50.163215207Z: [    0.748442] ACPI: PCI Interrupt Link [LNKG] (IRQs 5 10 *11)
[STDOUT  ] 2018-02-28T19:35:50.170526128Z: [    0.752324] ACPI: PCI Interrupt Link [LNKH] (IRQs 5 10 *11)
[STDOUT  ] 2018-02-28T19:35:50.176754502Z: [    0.762156] ACPI: PCI Interrupt Link [GSIA] (IRQs *16)
[STDOUT  ] 2018-02-28T19:35:50.182771626Z: [    0.768168] ACPI: PCI Interrupt Link [GSIB] (IRQs *17)
[STDOUT  ] 2018-02-28T19:35:50.189308137Z: [    0.771094] ACPI: PCI Interrupt Link [GSIC] (IRQs *18)
[STDOUT  ] 2018-02-28T19:35:50.195216023Z: [    0.781221] ACPI: PCI Interrupt Link [GSID] (IRQs *19)
[STDOUT  ] 2018-02-28T19:35:50.201155271Z: [    0.787129] ACPI: PCI Interrupt Link [GSIE] (IRQs *20)
[STDOUT  ] 2018-02-28T19:35:50.207415538Z: [    0.791104] ACPI: PCI Interrupt Link [GSIF] (IRQs *21)
[STDOUT  ] 2018-02-28T19:35:50.213463199Z: [    0.797318] ACPI: PCI Interrupt Link [GSIG] (IRQs *22)
[STDOUT  ] 2018-02-28T19:35:50.219456081Z: [    0.801152] ACPI: PCI Interrupt Link [GSIH] (IRQs *23)
[STDOUT  ] 2018-02-28T19:35:50.226032611Z: [    0.811487] ACPI: Enabled 1 GPEs in block 00 to 3F
[STDOUT  ] 2018-02-28T19:35:50.231347491Z: [    0.818199] SCSI subsystem initialized
[STDOUT  ] 2018-02-28T19:35:50.235866228Z: [    0.820098] ACPI: bus type USB registered
[STDOUT  ] 2018-02-28T19:35:50.241751930Z: [    0.824539] usbcore: registered new interface driver usbfs
[STDOUT  ] 2018-02-28T19:35:50.247515858Z: [    0.830047] usbcore: registered new interface driver hub
[STDOUT  ] 2018-02-28T19:35:50.253026636Z: [    0.840040] usbcore: registered new device driver usb
[STDOUT  ] 2018-02-28T19:35:50.259312285Z: [    0.845553] pps_core: LinuxPPS API ver. 1 registered
[STDOUT  ] 2018-02-28T19:35:50.269033365Z: [    0.850009] pps_core: Software ver. 5.3.6 - Copyright 2005-2007 Rodolfo Giometti <giometti@linux.it>
[STDOUT  ] 2018-02-28T19:35:50.273283970Z: [    0.860035] PTP clock support registered
[STDOUT  ] 2018-02-28T19:35:50.277967616Z: [    0.864416] PCI: Using ACPI for IRQ routing
[STDOUT  ] 2018-02-28T19:35:50.669369080Z: [    1.258067] NetLabel: Initializing
[STDOUT  ] 2018-02-28T19:35:50.674016775Z: [    1.260008] NetLabel:  domain hash size = 128
[STDOUT  ] 2018-02-28T19:35:50.679313941Z: [    1.264668] NetLabel:  protocols = UNLABELED CIPSOv4
[STDOUT  ] 2018-02-28T19:35:50.685398223Z: [    1.270038] NetLabel:  unlabeled traffic allowed by default
[STDOUT  ] 2018-02-28T19:35:50.688768075Z: [    1.276103] wmi: Mapper loaded
[STDOUT  ] 2018-02-28T19:35:50.696381943Z: [    1.280179] HPET: 3 timers in total, 0 timers will be used for per-cpu timer
[STDOUT  ] 2018-02-28T19:35:50.702425629Z: [    1.287763] hpet0: at MMIO 0xfed00000, IRQs 2, 8, 0
[STDOUT  ] 2018-02-28T19:35:50.710764754Z: [    1.291505] hpet0: 3 comparators, 64-bit 100.000000 MHz counter
[STDOUT  ] 2018-02-28T19:35:50.720562314Z: [    1.303621] clocksource: Switched to clocksource kvm-clock
[STDOUT  ] 2018-02-28T19:35:50.740927117Z: [    1.322004] VFS: Disk quotas dquot_6.6.0
[STDOUT  ] 2018-02-28T19:35:50.748570432Z: [    1.326544] VFS: Dquot-cache hash table entries: 512 (order 0, 4096 bytes)
[STDOUT  ] 2018-02-28T19:35:50.752047238Z: [    1.334317] FS-Cache: Loaded
[STDOUT  ] 2018-02-28T19:35:50.755576969Z: [    1.337776] CacheFiles: Loaded
[STDOUT  ] 2018-02-28T19:35:50.758982640Z: [    1.341261] pnp: PnP ACPI init
[STDOUT  ] 2018-02-28T19:35:50.764400077Z: [    1.345662] pnp: PnP ACPI: found 5 devices
[STDOUT  ] 2018-02-28T19:35:50.780724230Z: [    1.357095] clocksource: acpi_pm: mask: 0xffffff max_cycles: 0xffffff, max_idle_ns: 2085701024 ns
[STDOUT  ] 2018-02-28T19:35:50.785214206Z: [    1.366401] NET: Registered protocol family 2
[STDOUT  ] 2018-02-28T19:35:50.792741958Z: [    1.371170] TCP established hash table entries: 8192 (order: 4, 65536 bytes)
[STDOUT  ] 2018-02-28T19:35:50.799304223Z: [    1.378274] TCP bind hash table entries: 8192 (order: 5, 131072 bytes)
[STDOUT  ] 2018-02-28T19:35:50.805745531Z: [    1.384955] TCP: Hash tables configured (established 8192 bind 8192)
[STDOUT  ] 2018-02-28T19:35:50.811952363Z: [    1.391461] UDP hash table entries: 512 (order: 2, 16384 bytes)
[STDOUT  ] 2018-02-28T19:35:50.818324061Z: [    1.397473] UDP-Lite hash table entries: 512 (order: 2, 16384 bytes)
[STDOUT  ] 2018-02-28T19:35:50.823118913Z: [    1.404095] NET: Registered protocol family 1
[STDOUT  ] 2018-02-28T19:35:50.831651474Z: [    1.408913] pci 0000:00:01.0: Video device with shadowed ROM at [mem 0x000c0000-0x000dffff]
[STDOUT  ] 2018-02-28T19:35:50.835793068Z: [    1.417769] Unpacking initramfs...
[STDOUT  ] 2018-02-28T19:35:51.566430886Z: [    2.147650] Freeing initrd memory: 24380K
[STDOUT  ] 2018-02-28T19:35:51.577261967Z: [    2.157326] PCLMULQDQ-NI instructions are not detected.
[STDOUT  ] 2018-02-28T19:35:51.583102824Z: [    2.163085] AVX or AES-NI instructions are not detected.
[STDOUT  ] 2018-02-28T19:35:51.588503377Z: [    2.168613] CPU feature 'AVX registers' is not supported.
[STDOUT  ] 2018-02-28T19:35:51.594133132Z: [    2.174211] CPU feature 'AVX registers' is not supported.
[STDOUT  ] 2018-02-28T19:35:51.599502766Z: [    2.179649] CPU feature 'AVX registers' is not supported.
[STDOUT  ] 2018-02-28T19:35:51.605536073Z: [    2.185171] CPU feature 'AVX registers' is not supported.
[STDOUT  ] 2018-02-28T19:35:51.611107344Z: [    2.191156] AVX2 or AES-NI instructions are not detected.
[STDOUT  ] 2018-02-28T19:35:51.615640337Z: [    2.196620] AVX2 instructions are not detected.
[STDOUT  ] 2018-02-28T19:35:51.622032907Z: [    2.201996] audit: initializing netlink subsys (disabled)
[STDOUT  ] 2018-02-28T19:35:51.628479323Z: [    2.207972] audit: type=2000 audit(1519846550.321:1): initialized
[STDOUT  ] 2018-02-28T19:35:51.635768514Z: [    2.214754] workingset: timestamp_bits=46 max_order=18 bucket_order=0
[STDOUT  ] 2018-02-28T19:35:51.642153292Z: [    2.221788] squashfs: version 4.0 (2009/01/31) Phillip Lougher
[STDOUT  ] 2018-02-28T19:35:51.648303041Z: [    2.228379] FS-Cache: Netfs 'cifs' registered for caching
[STDOUT  ] 2018-02-28T19:35:51.652763379Z: [    2.234392] fuse init (API version 7.26)
[STDOUT  ] 2018-02-28T19:35:51.659506189Z: [    2.238627] SGI XFS with ACLs, security attributes, no debug enabled
[STDOUT  ] 2018-02-28T19:35:51.667407991Z: [    2.247256] 9p: Installing v9fs 9p2000 file system support
[STDOUT  ] 2018-02-28T19:35:51.672760271Z: [    2.253012] FS-Cache: Netfs '9p' registered for caching
[STDOUT  ] 2018-02-28T19:35:51.682898772Z: [    2.263780] NET: Registered protocol family 38
[STDOUT  ] 2018-02-28T19:35:51.687092490Z: [    2.268404] Key type asymmetric registered
[STDOUT  ] 2018-02-28T19:35:51.692067350Z: [    2.272735] Asymmetric key parser 'x509' registered
[STDOUT  ] 2018-02-28T19:35:51.699558912Z: [    2.277777] Block layer SCSI generic (bsg) driver version 0.4 loaded (major 251)
[STDOUT  ] 2018-02-28T19:35:51.704143593Z: [    2.285654] io scheduler noop registered
[STDOUT  ] 2018-02-28T19:35:51.709517611Z: [    2.289746] io scheduler deadline registered (default)
[STDOUT  ] 2018-02-28T19:35:51.713498060Z: [    2.295154] io scheduler cfq registered
[STDOUT  ] 2018-02-28T19:35:51.719570041Z: [    2.299412] pci_hotplug: PCI Hot Plug PCI Core version: 0.5
[STDOUT  ] 2018-02-28T19:35:51.726315241Z: [    2.305216] pciehp: PCI Express Hot Plug Controller Driver version: 0.4
[STDOUT  ] 2018-02-28T19:35:51.733070725Z: [    2.312017] shpchp: Standard Hot Plug PCI Controller Driver version: 0.4
[STDOUT  ] 2018-02-28T19:35:51.738100430Z: [    2.318723] hv_vmbus: registering driver hyperv_fb
[STDOUT  ] 2018-02-28T19:35:51.745783993Z: [    2.323853] input: Power Button as /devices/LNXSYSTM:00/LNXPWRBN:00/input/input0
[STDOUT  ] 2018-02-28T19:35:51.749524372Z: [    2.331384] ACPI: Power Button [PWRF]
[STDOUT  ] 2018-02-28T19:35:51.753956917Z: [    2.335757] GHES: HEST is not enabled!
[STDOUT  ] 2018-02-28T19:35:51.760402574Z: [    2.340125] ACPI: PCI Interrupt Link [GSIG] enabled at IRQ 22
[STDOUT  ] 2018-02-28T19:35:51.772294163Z: [    2.352054] ACPI: PCI Interrupt Link [GSIH] enabled at IRQ 23
[STDOUT  ] 2018-02-28T19:35:51.784572742Z: [    2.363850] xenfs: not registering filesystem on non-xen platform
[STDOUT  ] 2018-02-28T19:35:51.791114512Z: [    2.370327] Serial: 8250/16550 driver, 4 ports, IRQ sharing disabled
[STDOUT  ] 2018-02-28T19:35:51.832934003Z: [    2.410691] 00:04: ttyS0 at I/O 0x3f8 (irq = 4, base_baud = 115200) is a 16550A
[STDOUT  ] 2018-02-28T19:35:51.838860069Z: [    2.419815] Non-volatile memory driver v1.3
[STDOUT  ] 2018-02-28T19:35:51.850590524Z: [    2.426634] Hangcheck: starting hangcheck timer 0.9.1 (tick is 180 seconds, margin is 60 seconds).
[STDOUT  ] 2018-02-28T19:35:51.854567329Z: [    2.436437] random: fast init done
[STDOUT  ] 2018-02-28T19:35:51.860641537Z: [    2.442621] random: crng init done
[STDOUT  ] 2018-02-28T19:35:51.875764546Z: [    2.457925] loop: module loaded
[STDOUT  ] 2018-02-28T19:35:51.896385172Z: [    2.476882] nbd: registered device at major 43
[STDOUT  ] 2018-02-28T19:35:51.908076133Z: [    2.486794] lpc_ich 0000:00:1f.0: I/O space for GPIO uninitialized
[STDOUT  ] 2018-02-28T19:35:51.913767800Z: [    2.493874] VMware PVSCSI driver - version 1.0.7.0-k
[STDOUT  ] 2018-02-28T19:35:51.919052135Z: [    2.499297] hv_vmbus: registering driver hv_storvsc
[STDOUT  ] 2018-02-28T19:35:51.926056048Z: [    2.505346] ACPI: PCI Interrupt Link [GSIA] enabled at IRQ 16
[STDOUT  ] 2018-02-28T19:35:51.938228786Z: [    2.514779] ahci 0000:00:1f.2: AHCI 0001.0000 32 slots 6 ports 1.5 Gbps 0x3f impl SATA mode
[STDOUT  ] 2018-02-28T19:35:51.943902626Z: [    2.523885] ahci 0000:00:1f.2: flags: 64bit ncq only 
[STDOUT  ] 2018-02-28T19:35:51.950482446Z: [    2.532992] scsi host0: ahci
[STDOUT  ] 2018-02-28T19:35:51.953957569Z: [    2.536235] scsi host1: ahci
[STDOUT  ] 2018-02-28T19:35:51.957002978Z: [    2.539599] scsi host2: ahci
[STDOUT  ] 2018-02-28T19:35:51.960213840Z: [    2.542809] scsi host3: ahci
[STDOUT  ] 2018-02-28T19:35:51.963430627Z: [    2.545932] scsi host4: ahci
[STDOUT  ] 2018-02-28T19:35:51.966653891Z: [    2.549164] scsi host5: ahci
[STDOUT  ] 2018-02-28T19:35:51.974400554Z: [    2.552451] ata1: SATA max UDMA/133 abar m4096@0xfebd2000 port 0xfebd2100 irq 24
[STDOUT  ] 2018-02-28T19:35:51.981970372Z: [    2.559961] ata2: SATA max UDMA/133 abar m4096@0xfebd2000 port 0xfebd2180 irq 24
[STDOUT  ] 2018-02-28T19:35:51.989697344Z: [    2.567720] ata3: SATA max UDMA/133 abar m4096@0xfebd2000 port 0xfebd2200 irq 24
[STDOUT  ] 2018-02-28T19:35:51.997149973Z: [    2.575336] ata4: SATA max UDMA/133 abar m4096@0xfebd2000 port 0xfebd2280 irq 24
[STDOUT  ] 2018-02-28T19:35:52.004716292Z: [    2.582866] ata5: SATA max UDMA/133 abar m4096@0xfebd2000 port 0xfebd2300 irq 24
[STDOUT  ] 2018-02-28T19:35:52.012308555Z: [    2.590442] ata6: SATA max UDMA/133 abar m4096@0xfebd2000 port 0xfebd2380 irq 24
[STDOUT  ] 2018-02-28T19:35:52.018116201Z: [    2.598565] tun: Universal TUN/TAP device driver, 1.6
[STDOUT  ] 2018-02-28T19:35:52.024594539Z: [    2.603802] tun: (C) 1999-2004 Max Krasnyansky <maxk@qualcomm.com>
[STDOUT  ] 2018-02-28T19:35:52.037196257Z: [    2.616120] VMware vmxnet3 virtual NIC driver - version 1.4.a.0-k-NAPI
[STDOUT  ] 2018-02-28T19:35:52.042201149Z: [    2.622803] hv_vmbus: registering driver hv_netvsc
[STDOUT  ] 2018-02-28T19:35:52.046303712Z: [    2.627708] Fusion MPT base driver 3.04.20
[STDOUT  ] 2018-02-28T19:35:52.051391935Z: [    2.631976] Copyright (c) 1999-2008 LSI Corporation
[STDOUT  ] 2018-02-28T19:35:52.055934607Z: [    2.636919] Fusion MPT SPI Host driver 3.04.20
[STDOUT  ] 2018-02-28T19:35:52.064122122Z: [    2.641627] i8042: PNP: PS/2 Controller [PNP0303:KBD,PNP0f13:MOU] at 0x60,0x64 irq 1,12
[STDOUT  ] 2018-02-28T19:35:52.072777260Z: [    2.653275] serio: i8042 KBD port at 0x60,0x64 irq 1
[STDOUT  ] 2018-02-28T19:35:52.077925703Z: [    2.658301] serio: i8042 AUX port at 0x60,0x64 irq 12
[STDOUT  ] 2018-02-28T19:35:52.083471030Z: [    2.663662] hv_vmbus: registering driver hyperv_keyboard
[STDOUT  ] 2018-02-28T19:35:52.089297525Z: [    2.669211] mousedev: PS/2 mouse device common for all mice
[STDOUT  ] 2018-02-28T19:35:52.099442318Z: [    2.676324] input: AT Translated Set 2 keyboard as /devices/platform/i8042/serio0/input/input1
[STDOUT  ] 2018-02-28T19:35:52.106211850Z: [    2.685129] input: PC Speaker as /devices/platform/pcspkr/input/input2
[STDOUT  ] 2018-02-28T19:35:52.111464217Z: [    2.692269] rtc_cmos 00:00: RTC can wake from S4
[STDOUT  ] 2018-02-28T19:35:52.119950306Z: [    2.699262] rtc_cmos 00:00: rtc core: registered rtc_cmos as rtc0
[STDOUT  ] 2018-02-28T19:35:52.128368654Z: [    2.706349] rtc_cmos 00:00: alarms up to one day, y3k, 114 bytes nvram, hpet irqs
[STDOUT  ] 2018-02-28T19:35:52.132082180Z: [    2.714059] i2c /dev entries driver
[STDOUT  ] 2018-02-28T19:35:52.140852656Z: [    2.717752] device-mapper: ioctl: 4.35.0-ioctl (2016-06-23) initialised: dm-devel@redhat.com
[STDOUT  ] 2018-02-28T19:35:52.147996135Z: [    2.727210] usbcore: registered new interface driver usbhid
[STDOUT  ] 2018-02-28T19:35:52.152282776Z: [    2.733594] usbhid: USB HID core driver
[STDOUT  ] 2018-02-28T19:35:52.158173355Z: [    2.737974] hv_utils: Registering HyperV Utility Driver
[STDOUT  ] 2018-02-28T19:35:52.163442868Z: [    2.743863] hv_vmbus: registering driver hv_util
[STDOUT  ] 2018-02-28T19:35:52.168617625Z: [    2.749053] hv_vmbus: registering driver hv_balloon
[STDOUT  ] 2018-02-28T19:35:52.172975811Z: [    2.754302] oprofile: using NMI interrupt.
[STDOUT  ] 2018-02-28T19:35:52.176475794Z: [    2.758699] GACT probability on
[STDOUT  ] 2018-02-28T19:35:52.180238763Z: [    2.762057] Mirror/redirect action on
[STDOUT  ] 2018-02-28T19:35:52.183953707Z: [    2.765872] Simple TC action Loaded
[STDOUT  ] 2018-02-28T19:35:52.186802921Z: [    2.769474] u32 classifier
[STDOUT  ] 2018-02-28T19:35:52.190832930Z: [    2.772391]     Performance counters on
[STDOUT  ] 2018-02-28T19:35:52.194482050Z: [    2.776338]     input device check on
[STDOUT  ] 2018-02-28T19:35:52.198125657Z: [    2.780162]     Actions configured
[STDOUT  ] 2018-02-28T19:35:52.202932498Z: [    2.783650] Netfilter messages via NETLINK v0.30.
[STDOUT  ] 2018-02-28T19:35:52.207988773Z: [    2.788576] nfnl_acct: registering with nfnetlink.
[STDOUT  ] 2018-02-28T19:35:52.214212827Z: [    2.793646] nf_conntrack version 0.5.0 (8192 buckets, 32768 max)
[STDOUT  ] 2018-02-28T19:35:52.219727974Z: [    2.799826] ctnetlink v0.93: registering with nfnetlink.
[STDOUT  ] 2018-02-28T19:35:52.226554664Z: [    2.805463] nf_tables: (c) 2007-2009 Patrick McHardy <kaber@trash.net>
[STDOUT  ] 2018-02-28T19:35:52.234015258Z: [    2.812256] nf_tables_compat: (c) 2012 Pablo Neira Ayuso <pablo@netfilter.org>
[STDOUT  ] 2018-02-28T19:35:52.238603532Z: [    2.819741] xt_time: kernel timezone is -0000
[STDOUT  ] 2018-02-28T19:35:52.241888490Z: [    2.824311] ip_set: protocol 6
[STDOUT  ] 2018-02-28T19:35:52.247949747Z: [    2.827516] IPVS: Registered protocols (TCP, UDP, SCTP, AH, ESP)
[STDOUT  ] 2018-02-28T19:35:52.255963580Z: [    2.834173] IPVS: Connection hash table configured (size=4096, memory=64Kbytes)
[STDOUT  ] 2018-02-28T19:35:52.260988246Z: [    2.841924] IPVS: Creating netns size=2104 id=0
[STDOUT  ] 2018-02-28T19:35:52.265307725Z: [    2.847759] IPVS: ipvs loaded.
[STDOUT  ] 2018-02-28T19:35:52.269777489Z: [    2.851010] IPVS: [rr] scheduler registered.
[STDOUT  ] 2018-02-28T19:35:52.274493042Z: [    2.855691] IPVS: [wrr] scheduler registered.
[STDOUT  ] 2018-02-28T19:35:52.278928813Z: [    2.860183] IPVS: [lc] scheduler registered.
[STDOUT  ] 2018-02-28T19:35:52.283775473Z: [    2.864859] IPVS: [wlc] scheduler registered.
[STDOUT  ] 2018-02-28T19:35:52.288136463Z: [    2.869296] IPVS: [fo] scheduler registered.
[STDOUT  ] 2018-02-28T19:35:52.292791379Z: [    2.873979] IPVS: [ovf] scheduler registered.
[STDOUT  ] 2018-02-28T19:35:52.297444027Z: [    2.878399] IPVS: [lblc] scheduler registered.
[STDOUT  ] 2018-02-28T19:35:52.302329824Z: [    2.883295] IPVS: [lblcr] scheduler registered.
[STDOUT  ] 2018-02-28T19:35:52.306624960Z: [    2.887851] IPVS: [dh] scheduler registered.
[STDOUT  ] 2018-02-28T19:35:52.311239810Z: [    2.892533] IPVS: [sh] scheduler registered.
[STDOUT  ] 2018-02-28T19:35:52.315676128Z: [    2.896851] IPVS: [sed] scheduler registered.
[STDOUT  ] 2018-02-28T19:35:52.320408684Z: [    2.901596] IPVS: [nq] scheduler registered.
[STDOUT  ] 2018-02-28T19:35:52.325655543Z: [    2.905930] IPVS: ftp: loaded support on port[0] = 21
[STDOUT  ] 2018-02-28T19:35:52.331776385Z: [    2.911647] ipip: IPv4 and MPLS over IPv4 tunneling driver
[STDOUT  ] 2018-02-28T19:35:52.337223690Z: [    2.917736] gre: GRE over IPv4 demultiplexor driver
[STDOUT  ] 2018-02-28T19:35:52.343269444Z: [    2.923433] ip_tables: (C) 2000-2006 Netfilter Core Team
[STDOUT  ] 2018-02-28T19:35:52.350081263Z: [    2.929236] ipt_CLUSTERIP: ClusterIP Version 0.8 loaded successfully
[STDOUT  ] 2018-02-28T19:35:52.356079510Z: [    2.935988] arp_tables: arp_tables: (C) 2002 David S. Miller
[STDOUT  ] 2018-02-28T19:35:52.362313383Z: [    2.942319] ata6: SATA link down (SStatus 0 SControl 300)
[STDOUT  ] 2018-02-28T19:35:52.368444838Z: [    2.948573] ata5: SATA link down (SStatus 0 SControl 300)
[STDOUT  ] 2018-02-28T19:35:52.374638140Z: [    2.954832] ata4: SATA link down (SStatus 0 SControl 300)
[STDOUT  ] 2018-02-28T19:35:52.381827257Z: [    2.961063] ata3: SATA link up 1.5 Gbps (SStatus 113 SControl 300)
[STDOUT  ] 2018-02-28T19:35:52.387953792Z: [    2.967835] ata3.00: ATAPI: QEMU DVD-ROM, 2.5+, max UDMA/100
[STDOUT  ] 2018-02-28T19:35:52.392382001Z: [    2.973645] ata3.00: applying bridge limits
[STDOUT  ] 2018-02-28T19:35:52.398626111Z: [    2.978727] ata2: SATA link down (SStatus 0 SControl 300)
[STDOUT  ] 2018-02-28T19:35:52.404877942Z: [    2.985004] ata1: SATA link down (SStatus 0 SControl 300)
[STDOUT  ] 2018-02-28T19:35:52.410376980Z: [    2.991096] NET: Registered protocol family 10
[STDOUT  ] 2018-02-28T19:35:52.416469876Z: [    2.996324] ip6_tables: (C) 2000-2006 Netfilter Core Team
[STDOUT  ] 2018-02-28T19:35:52.421959325Z: [    3.002800] NET: Registered protocol family 17
[STDOUT  ] 2018-02-28T19:35:52.426134244Z: [    3.007592] Bridge firewalling registered
[STDOUT  ] 2018-02-28T19:35:52.431387141Z: [    3.012115] ata3.00: configured for UDMA/100
[STDOUT  ] 2018-02-28T19:35:52.435926241Z: [    3.017676] Ebtables v2.0 registered
[STDOUT  ] 2018-02-28T19:35:52.445389155Z: [    3.021998] scsi 2:0:0:0: CD-ROM            QEMU     QEMU DVD-ROM     2.5+ PQ: 0 ANSI: 5
[STDOUT  ] 2018-02-28T19:35:52.450048590Z: [    3.031316] 8021q: 802.1Q VLAN Support v1.8
[STDOUT  ] 2018-02-28T19:35:52.454420659Z: [    3.035660] 9pnet: Installing 9P2000 support
[STDOUT  ] 2018-02-28T19:35:52.460518003Z: [    3.041434] Key type dns_resolver registered
[STDOUT  ] 2018-02-28T19:35:52.465647150Z: [    3.046554] registered taskstats version 1
[STDOUT  ] 2018-02-28T19:35:52.475779440Z: [    3.057338] Key type big_key registered
[STDOUT  ] 2018-02-28T19:35:52.484103953Z: [    3.062260] sr 2:0:0:0: [sr0] scsi3-mmc drive: 4x/4x cd/rw xa/form2 tray
[STDOUT  ] 2018-02-28T19:35:52.490032650Z: [    3.069721] cdrom: Uniform CD-ROM driver Revision: 3.20
[STDOUT  ] 2018-02-28T19:35:52.501335363Z: [    3.081033] sr 2:0:0:0: Attached scsi generic sg0 type 5
[STDOUT  ] 2018-02-28T19:35:52.507474538Z: [    3.088745] Key type encrypted registered
[STDOUT  ] 2018-02-28T19:35:52.517535749Z: [    3.094942] rtc_cmos 00:00: setting system clock to 2018-02-28 19:35:52 UTC (1519846552)
[STDOUT  ] 2018-02-28T19:35:52.525862601Z: [    3.106372] Freeing unused kernel memory: 1404K
[STDOUT  ] 2018-02-28T19:35:52.532378467Z: [    3.111552] Write protecting the kernel read-only data: 12288k
[STDOUT  ] 2018-02-28T19:35:52.537686113Z: [    3.118331] Freeing unused kernel memory: 124K
[STDOUT  ] 2018-02-28T19:35:52.546506771Z: [    3.127372] Freeing unused kernel memory: 1396K
[STDOUT  ] 2018-02-28T19:35:52.918878999Z: 
[STDOUT  ] 2018-02-28T19:35:52.920637525Z: Welcome to LinuxKit
[STDOUT  ] 2018-02-28T19:35:52.922392018Z: 
[STDOUT  ] 2018-02-28T19:35:52.925838361Z:                         ##         .
[STDOUT  ] 2018-02-28T19:35:52.928998649Z:                   ## ## ##        ==
[STDOUT  ] 2018-02-28T19:35:52.932156154Z:                ## ## ## ## ##    ===
[STDOUT  ] 2018-02-28T19:35:52.935603588Z:            /"""""""""""""""""\___/ ===
[STDOUT  ] 2018-02-28T19:35:52.938958322Z:           {                       /  ===-
[STDOUT  ] 2018-02-28T19:35:52.941877866Z:            \______ O           __/
[STDOUT  ] 2018-02-28T19:35:52.944688675Z:              \    \         __/
[STDOUT  ] 2018-02-28T19:35:52.947426493Z:               \____\_______/
[STDOUT  ] 2018-02-28T19:35:52.948180182Z: 
[STDOUT  ] 2018-02-28T19:35:53.013565013Z: container_linux.go:348: starting container process caused "process_linux.go:402: container init caused \"rootfs_linux.go:58: mounting \\\"/check.sh\\\" to rootfs \\\"/containers/onboot/000-test/rootfs\\\" at \\\"/containers/onboot/000-test/rootfs/check.sh\\\" caused \\\"open /containers/onboot/000-test/rootfs/check.sh: read-only file system\\\"\""
[STDOUT  ] 2018-02-28T19:35:53.020604399Z: Error creating 000-test: exit status 1
[STDOUT  ] 2018-02-28T19:36:03.077548827Z: [   13.655948] ACPI: Preparing to enter system sleep state S5
[STDOUT  ] 2018-02-28T19:36:03.082379669Z: [   13.663910] reboot: Power down
[STDERR  ] 2018-02-28T19:36:03.376167592Z: + exit 0
[STDERR  ] 2018-02-28T19:36:03.376230484Z: + clean_up
[STDERR  ] 2018-02-28T19:36:03.376246133Z: + rm -rf lsof-cmdline lsof-initrd.img lsof-kernel lsof-state
[PASS    ] linuxkit.security.ports 26.01s
