[INFO    ] 2018-07-27T18:21:32.983108949Z: Running Test linuxkit.kernel.kmod_4.4.x in /tmp/build/test/cases/020_kernel/010_kmod_4.4.x
[STDERR  ] 2018-07-27T18:21:32.983117998Z: [    0.658721] NetLabel:  unlabeled traffic allowed by default
[STDERR  ] 2018-07-27T18:21:32.983149407Z: [    0.660497] HPET: 3 timers in total, 0 timers will be used for per-cpu timer
[STDERR  ] 2018-07-27T18:21:32.983180466Z: [    0.661261] hpet0: at MMIO 0xfed00000, IRQs 2, 8, 0
[STDERR  ] 2018-07-27T18:21:32.983198483Z: [    0.661624] hpet0: 3 comparators, 64-bit 100.000000 MHz counter
[STDERR  ] 2018-07-27T18:21:32.983216904Z: [    0.666380] clocksource: Switched to clocksource tsc-early
[STDERR  ] 2018-07-27T18:21:32.983235264Z: [    0.910733] VFS: Disk quotas dquot_6.6.0
[STDERR  ] 2018-07-27T18:21:32.983255465Z: [    0.911401] VFS: Dquot-cache hash table entries: 512 (order 0, 4096 bytes)
[INFO    ] 2018-07-27T18:21:32.983270414Z: Running command: [/bin/sh -x /tmp/build/test/cases/020_kernel/010_kmod_4.4.x/test.sh]
[STDERR  ] 2018-07-27T18:21:32.983272765Z: [    0.913955] FS-Cache: Loaded
[STDERR  ] 2018-07-27T18:21:32.983291027Z: [    0.918293] CacheFiles: Loaded
[STDERR  ] 2018-07-27T18:21:32.983308559Z: [    0.919176] pnp: PnP ACPI init
[STDERR  ] 2018-07-27T18:21:32.983326128Z: [    0.927106] pnp: PnP ACPI: found 5 devices
[STDERR  ] 2018-07-27T18:21:32.983344234Z: [    0.958267] clocksource: acpi_pm: mask: 0xffffff max_cycles: 0xffffff, max_idle_ns: 2085701024 ns
[STDERR  ] 2018-07-27T18:21:32.983364083Z: [    0.960660] NET: Registered protocol family 2
[STDERR  ] 2018-07-27T18:21:32.983381886Z: [    0.966333] tcp_listen_portaddr_hash hash table entries: 512 (order: 1, 8192 bytes)
[STDERR  ] 2018-07-27T18:21:32.983401366Z: [    0.966982] TCP established hash table entries: 8192 (order: 4, 65536 bytes)
[STDERR  ] 2018-07-27T18:21:32.983420990Z: [    0.967656] TCP bind hash table entries: 8192 (order: 5, 131072 bytes)
[STDERR  ] 2018-07-27T18:21:32.983440831Z: [    0.9686
[STDERR  ] 2018-07-27T18:21:32.984012097Z: + set -e
[STDERR  ] 2018-07-27T18:21:32.984051939Z: + . /tmp/build/test/cases/_lib/lib.sh
[STDERR  ] 2018-07-27T18:21:32.984074171Z: + [ -f src/github.com/linuxkit/rtf/lib/lib.sh ]
[STDERR  ] 2018-07-27T18:21:32.984152360Z: + LINUXKIT_TMPDIR=/tmp/build/test/cases/_tmp
[STDERR  ] 2018-07-27T18:21:32.984173345Z: + [ -f /tmp/build/test/cases/_tmp/env.sh ]
[STDERR  ] 2018-07-27T18:21:32.984192508Z: + . /tmp/build/test/cases/_tmp/env.sh
[STDERR  ] 2018-07-27T18:21:32.984211917Z: + export LINUXKIT_EXAMPLES_DIR=/tmp/build/test/cases/../../examples
[STDERR  ] 2018-07-27T18:21:32.984231022Z: + RT_CANCEL=253
[STDERR  ] 2018-07-27T18:21:32.984251923Z: + NAME=kmod
[STDERR  ] 2018-07-27T18:21:32.984272364Z: + IMAGE_NAME=kmod-test
[STDERR  ] 2018-07-27T18:21:32.984291255Z: + trap clean_up EXIT
[STDERR  ] 2018-07-27T18:21:32.984311516Z: + docker pull linuxkit/kernel:4.4.144
[STDOUT  ] 2018-07-27T18:21:34.208310174Z: 4.4.144: Pulling from linuxkit/kernel
[STDOUT  ] 2018-07-27T18:21:34.631814043Z: Digest: sha256:358f66b1b3603cc60a92a218fb2ac9f1899cf6a9d403a9f0aa6d94cb4a2a9126
[STDOUT  ] 2018-07-27T18:21:34.636756009Z: Status: Downloaded newer image for linuxkit/kernel:4.4.144
[STDERR  ] 2018-07-27T18:21:34.638333679Z: + docker build -t kmod-test .
[STDOUT  ] 2018-07-27T18:21:34.763352664Z: Sending build context to Docker daemon  8.704kB
[STDOUT  ] 2018-07-27T18:21:34.951464258Z: Step 1/12 : FROM linuxkit/kernel:4.4.144 AS ksrc
[STDOUT  ] 2018-07-27T18:21:34.951637873Z:  ---> 3beec1e46daf
[STDOUT  ] 2018-07-27T18:21:34.951846293Z: Step 2/12 : FROM linuxkit/alpine:3683c9a66cd4da40bd7d6c7da599b2dcd738b559 AS build
[STDOUT  ] 2018-07-27T18:21:36.071579519Z: 3683c9a66cd4da40bd7d6c7da599b2dcd738b559: Pulling from linuxkit/alpine
[STDOUT  ] 2018-07-27T18:21:36.446607928Z: 8e3ba11ec2a2: Already exists
[STDOUT  ] 2018-07-27T18:21:36.452819816Z: ee5b4c35d047: Pulling fs layer
[STDOUT  ] 2018-07-27T18:21:36.453005184Z: bf97877be042: Pulling fs layer
[STDOUT  ] 2018-07-27T18:21:36.453131022Z: 8f7ab6276d3e: Pulling fs layer
[STDOUT  ] 2018-07-27T18:21:36.453332193Z: e381c3f0e5f4: Pulling fs layer
[STDOUT  ] 2018-07-27T18:21:36.453481423Z: 937f1f77e521: Pulling fs layer
[STDOUT  ] 2018-07-27T18:21:36.453730692Z: 3427f0ba0ccd: Pulling fs layer
[STDOUT  ] 2018-07-27T18:21:36.453872938Z: 35fea6e88de6: Pulling fs layer
[STDOUT  ] 2018-07-27T18:21:36.453983762Z: cd2abab23c83: Pulling fs layer
[STDOUT  ] 2018-07-27T18:21:36.454096407Z: 508c4c399b5e: Pulling fs layer
[STDOUT  ] 2018-07-27T18:21:36.454182983Z: e381c3f0e5f4: Waiting
[STDOUT  ] 2018-07-27T18:21:36.454288115Z: 937f1f77e521: Waiting
[STDOUT  ] 2018-07-27T18:21:36.454325341Z: 3427f0ba0ccd: Waiting
[STDOUT  ] 2018-07-27T18:21:36.454339849Z: 35fea6e88de6: Waiting
[STDOUT  ] 2018-07-27T18:21:36.454428662Z: cd2abab23c83: Waiting
[STDOUT  ] 2018-07-27T18:21:36.454458831Z: 508c4c399b5e: Waiting
[STDOUT  ] 2018-07-27T18:21:36.929215205Z: bf97877be042: Verifying Checksum
[STDOUT  ] 2018-07-27T18:21:36.930510666Z: bf97877be042: Download complete
[STDOUT  ] 2018-07-27T18:21:36.956191013Z: ee5b4c35d047: Download complete
[STDOUT  ] 2018-07-27T18:21:36.993947341Z: 8f7ab6276d3e: Download complete
[STDOUT  ] 2018-07-27T18:21:37.055693212Z: ee5b4c35d047: Pull complete
[STDOUT  ] 2018-07-27T18:21:37.159511418Z: bf97877be042: Pull complete
[STDOUT  ] 2018-07-27T18:21:37.256790336Z: 8f7ab6276d3e: Pull complete
[STDOUT  ] 2018-07-27T18:21:37.457550061Z: 3427f0ba0ccd: Verifying Checksum
[STDOUT  ] 2018-07-27T18:21:37.457622660Z: 3427f0ba0ccd: Download complete
[STDOUT  ] 2018-07-27T18:21:37.535377719Z: 937f1f77e521: Verifying Checksum
[STDOUT  ] 2018-07-27T18:21:37.535428812Z: 937f1f77e521: Download complete
[STDOUT  ] 2018-07-27T18:21:38.024643081Z: cd2abab23c83: Verifying Checksum
[STDOUT  ] 2018-07-27T18:21:38.024691037Z: cd2abab23c83: Download complete
[STDOUT  ] 2018-07-27T18:21:38.716366101Z: 508c4c399b5e: Verifying Checksum
[STDOUT  ] 2018-07-27T18:21:38.716437235Z: 508c4c399b5e: Download complete
[STDOUT  ] 2018-07-27T18:21:39.030648565Z: 35fea6e88de6: Verifying Checksum
[STDOUT  ] 2018-07-27T18:21:39.030717872Z: 35fea6e88de6: Download complete
[STDOUT  ] 2018-07-27T18:21:43.100452721Z: e381c3f0e5f4: Verifying Checksum
[STDOUT  ] 2018-07-27T18:21:43.100500298Z: e381c3f0e5f4: Download complete
[STDOUT  ] 2018-07-27T18:21:49.012384328Z: e381c3f0e5f4: Pull complete
[STDOUT  ] 2018-07-27T18:21:49.395371058Z: 937f1f77e521: Pull complete
[STDOUT  ] 2018-07-27T18:21:49.482662871Z: 3427f0ba0ccd: Pull complete
[STDOUT  ] 2018-07-27T18:21:51.878390447Z: 35fea6e88de6: Pull complete
[STDOUT  ] 2018-07-27T18:21:55.142355285Z: cd2abab23c83: Pull complete
[STDOUT  ] 2018-07-27T18:21:55.263855790Z: 508c4c399b5e: Pull complete
[STDOUT  ] 2018-07-27T18:21:55.272018129Z: Digest: sha256:7777d4ca3151e6975bd96b7126d0f8a1756759a5f91e3abbdd8d202f20916319
[STDOUT  ] 2018-07-27T18:21:55.277693934Z: Status: Downloaded newer image for linuxkit/alpine:3683c9a66cd4da40bd7d6c7da599b2dcd738b559
[STDOUT  ] 2018-07-27T18:21:55.278643700Z:  ---> 9e5cfc2c8a33
[STDOUT  ] 2018-07-27T18:21:55.278745820Z: Step 3/12 : RUN apk add build-base libelf-dev
[STDOUT  ] 2018-07-27T18:21:55.340408698Z:  ---> Running in d92205b66859
[STDOUT  ] 2018-07-27T18:21:55.652676423Z: (1/21) Installing binutils (2.30-r5)
[STDOUT  ] 2018-07-27T18:21:55.739336628Z: (2/21) Installing libmagic (5.32-r0)
[STDOUT  ] 2018-07-27T18:21:55.758720693Z: (3/21) Installing file (5.32-r0)
[STDOUT  ] 2018-07-27T18:21:55.759311980Z: (4/21) Installing gmp (6.1.2-r1)
[STDOUT  ] 2018-07-27T18:21:55.765242761Z: (5/21) Installing isl (0.18-r0)
[STDOUT  ] 2018-07-27T18:21:55.779916789Z: (6/21) Installing libgomp (6.4.0-r8)
[STDOUT  ] 2018-07-27T18:21:55.781684629Z: (7/21) Installing libatomic (6.4.0-r8)
[STDOUT  ] 2018-07-27T18:21:55.782329874Z: (8/21) Installing pkgconf (1.5.1-r0)
[STDOUT  ] 2018-07-27T18:21:55.784008371Z: (9/21) Installing libgcc (6.4.0-r8)
[STDOUT  ] 2018-07-27T18:21:55.785073903Z: (10/21) Installing mpfr3 (3.1.5-r1)
[STDOUT  ] 2018-07-27T18:21:55.788986218Z: (11/21) Installing mpc1 (1.0.3-r1)
[STDOUT  ] 2018-07-27T18:21:55.790165562Z: (12/21) Installing libstdc++ (6.4.0-r8)
[STDOUT  ] 2018-07-27T18:21:55.800226886Z: (13/21) Installing gcc (6.4.0-r8)
[STDOUT  ] 2018-07-27T18:21:56.441001349Z: (14/21) Installing musl-dev (1.1.19-r10)
[STDOUT  ] 2018-07-27T18:21:56.524787202Z: (15/21) Installing libc-dev (0.7.1-r0)
[STDOUT  ] 2018-07-27T18:21:56.524992217Z: (16/21) Installing g++ (6.4.0-r8)
[STDOUT  ] 2018-07-27T18:21:57.344590252Z: (17/21) Installing make (4.2.1-r2)
[STDOUT  ] 2018-07-27T18:21:57.347383502Z: (18/21) Installing fortify-headers (0.9-r0)
[STDOUT  ] 2018-07-27T18:21:57.348570939Z: (19/21) Installing build-base (0.5-r1)
[STDOUT  ] 2018-07-27T18:21:57.348749184Z: (20/21) Installing libelf (0.8.13-r3)
[STDOUT  ] 2018-07-27T18:21:57.349846343Z: (21/21) Installing libelf-dev (0.8.13-r3)
[STDOUT  ] 2018-07-27T18:21:57.355664707Z: Executing busybox-1.28.4-r1.trigger
[STDOUT  ] 2018-07-27T18:21:57.366616077Z: OK: 166 MiB in 34 packages
[STDOUT  ] 2018-07-27T18:22:00.548425725Z: Removing intermediate container d92205b66859
[STDOUT  ] 2018-07-27T18:22:00.548528910Z:  ---> 8cff5bd2df27
[STDOUT  ] 2018-07-27T18:22:00.548647767Z: Step 4/12 : COPY --from=ksrc /kernel-dev.tar /
[STDOUT  ] 2018-07-27T18:22:02.093934669Z:  ---> 73e6cede2083
[STDOUT  ] 2018-07-27T18:22:02.093988248Z: Step 5/12 : RUN tar xf kernel-dev.tar
[STDOUT  ] 2018-07-27T18:22:02.146669038Z:  ---> Running in a992dbb189ad
[STDOUT  ] 2018-07-27T18:22:12.061151498Z: Removing intermediate container a992dbb189ad
[STDOUT  ] 2018-07-27T18:22:12.061207311Z:  ---> 73a9c06ca6c5
[STDOUT  ] 2018-07-27T18:22:12.061221652Z: Step 6/12 : WORKDIR /kmod
[STDOUT  ] 2018-07-27T18:22:12.522176213Z:  ---> Running in a324bd526bbc
[STDOUT  ] 2018-07-27T18:22:12.727009964Z: Removing intermediate container a324bd526bbc
[STDOUT  ] 2018-07-27T18:22:12.727117908Z:  ---> b7471469e984
[STDOUT  ] 2018-07-27T18:22:12.727199139Z: Step 7/12 : COPY ./src/* ./
[STDOUT  ] 2018-07-27T18:22:12.997515822Z:  ---> 53cb4d241e1e
[STDOUT  ] 2018-07-27T18:22:12.997567351Z: Step 8/12 : RUN make all
[STDOUT  ] 2018-07-27T18:22:13.046584917Z:  ---> Running in 5df7f1600a7e
[STDOUT  ] 2018-07-27T18:22:13.370604327Z: make -C /usr/src/linux-headers-4.4.144-linuxkit M=/kmod modules
[STDOUT  ] 2018-07-27T18:22:13.370754906Z: make[1]: Entering directory '/usr/src/linux-headers-4.4.144-linuxkit'
[STDOUT  ] 2018-07-27T18:22:14.254314684Z:   CC [M]  /kmod/hello_world.o
[STDOUT  ] 2018-07-27T18:22:14.472119955Z:   Building modules, stage 2.
[STDOUT  ] 2018-07-27T18:22:14.480724689Z:   MODPOST 1 modules
[STDOUT  ] 2018-07-27T18:22:14.495079281Z:   CC      /kmod/hello_world.mod.o
[STDOUT  ] 2018-07-27T18:22:14.697727587Z:   LD [M]  /kmod/hello_world.ko
[STDOUT  ] 2018-07-27T18:22:14.700721028Z: make[1]: Leaving directory '/usr/src/linux-headers-4.4.144-linuxkit'
[STDOUT  ] 2018-07-27T18:22:15.124387999Z: Removing intermediate container 5df7f1600a7e
[STDOUT  ] 2018-07-27T18:22:15.124573745Z:  ---> 30e118a96ab5
[STDOUT  ] 2018-07-27T18:22:15.124698074Z: Step 9/12 : FROM alpine:3.8
[STDOUT  ] 2018-07-27T18:22:15.124935303Z:  ---> 11cd0b38bc3c
[STDOUT  ] 2018-07-27T18:22:15.125025309Z: Step 10/12 : COPY --from=build /kmod/hello_world.ko /
[STDOUT  ] 2018-07-27T18:22:15.346272354Z:  ---> 569cf80254d0
[STDOUT  ] 2018-07-27T18:22:15.346459859Z: Step 11/12 : COPY check.sh /check.sh
[STDOUT  ] 2018-07-27T18:22:15.545124518Z:  ---> 33379388b8d7
[STDOUT  ] 2018-07-27T18:22:15.545251996Z: Step 12/12 : ENTRYPOINT ["/bin/sh", "/check.sh"]
[STDOUT  ] 2018-07-27T18:22:15.601941450Z:  ---> Running in 83a9f5ef9338
[STDOUT  ] 2018-07-27T18:22:15.723048137Z: Removing intermediate container 83a9f5ef9338
[STDOUT  ] 2018-07-27T18:22:15.723117328Z:  ---> df2fac22395c
[STDOUT  ] 2018-07-27T18:22:15.723538049Z: Successfully built df2fac22395c
[STDOUT  ] 2018-07-27T18:22:15.729910858Z: Successfully tagged kmod-test:latest
[STDERR  ] 2018-07-27T18:22:15.731279203Z: + linuxkit build -format kernel+initrd -name kmod test.yml
[STDERR  ] 2018-07-27T18:22:15.765504559Z: Extract kernel image: linuxkit/kernel:4.4.144
[STDERR  ] 2018-07-27T18:22:17.561085414Z: Add init containers:
[STDERR  ] 2018-07-27T18:22:17.561158432Z: Process init image: linuxkit/init:v0.6
[STDERR  ] 2018-07-27T18:22:18.811024472Z: Process init image: linuxkit/runc:v0.6
[STDERR  ] 2018-07-27T18:22:19.950082112Z: Add onboot containers:
[STDERR  ] 2018-07-27T18:22:19.950155296Z:   Create OCI config for kmod-test
[STDERR  ] 2018-07-27T18:22:20.061206795Z:   Create OCI config for linuxkit/poweroff:afe8f7dd0d47a7991c54519b0f09124cb8c4e300
[STDERR  ] 2018-07-27T18:22:21.229411868Z: Create outputs:
[STDERR  ] 2018-07-27T18:22:25.328789830Z:   kmod-kernel kmod-initrd.img kmod-cmdline
[STDERR  ] 2018-07-27T18:22:25.374653981Z: + linuxkit run kmod
[STDERR  ] 2018-07-27T18:22:41.279789154Z: + RESULT=[    0.000000] Initializing cgroup subsys cpuset
[STDERR  ] 2018-07-27T18:22:41.279876873Z: [    0.000000] Initializing cgroup subsys cpu
[STDERR  ] 2018-07-27T18:22:41.279899519Z: [    0.000000] Initializing cgroup subsys cpuacct
[STDERR  ] 2018-07-27T18:22:41.279919888Z: [    0.000000] Linux version 4.4.144-linuxkit (root@556d8fd08418) (gcc version 6.4.0 (Alpine 6.4.0) ) #1 SMP Wed Jul 25 21:58:11 UTC 2018
[STDERR  ] 2018-07-27T18:22:41.279939752Z: [    0.000000] Command line: console=ttyS0 console=ttyAMA0
[STDERR  ] 2018-07-27T18:22:41.279958226Z: [    0.000000] x86/fpu: Legacy x87 FPU detected.
[STDERR  ] 2018-07-27T18:22:41.279978467Z: [    0.000000] e820: BIOS-provided physical RAM map:
[STDERR  ] 2018-07-27T18:22:41.279998787Z: [    0.000000] BIOS-e820: [mem 0x0000000000000000-0x000000000009fbff] usable
[STDERR  ] 2018-07-27T18:22:41.280018581Z: [    0.000000] BIOS-e820: [mem 0x000000000009fc00-0x000000000009ffff] reserved
[STDERR  ] 2018-07-27T18:22:41.280048282Z: [    0.000000] BIOS-e820: [mem 0x00000000000f0000-0x00000000000fffff] reserved
[STDERR  ] 2018-07-27T18:22:41.280068209Z: [    0.000000] BIOS-e820: [mem 0x0000000000100000-0x000000003ffdefff] usable
[STDERR  ] 2018-07-27T18:22:41.280085309Z: [    0.000000] BIOS-e820: [mem 0x000000003ffdf000-0x000000003fffffff] reserved
[STDERR  ] 2018-07-27T18:22:41.280106859Z: [    0.000000] BIOS-e820: [mem 0x00000000b0000000-0x00000000bfffffff] reserved
[STDERR  ] 2018-07-27T18:22:41.280123889Z: [    0.000000] BIOS-e820: [mem 0x00000000fed1c000-0x00000000fed1ffff] reserved
[STDERR  ] 2018-07-27T18:22:41.280140560Z: [    0.000000] BIOS-e820: [mem 0x00000000fffc0000-0x00000000ffffffff] reserved
[STDERR  ] 2018-07-27T18:22:41.280158437Z: [    0.000000] NX (Execute Disable) protection: active
[STDERR  ] 2018-07-27T18:22:41.280180727Z: [    0.000000] SMBIOS 2.8 present.
[STDERR  ] 2018-07-27T18:22:41.280200374Z: [    0.000000] Kernel/User page tables isolation: disabled
[STDERR  ] 2018-07-27T18:22:41.280218347Z: [    0.000000] e820: last_pfn = 0x3ffdf max_arch_pfn = 0x400000000
[STDERR  ] 2018-07-27T18:22:41.280237075Z: [    0.000000] x86/PAT: Configuration [0-7]: WB  WC  UC- UC  WB  WC  UC- WT  
[STDERR  ] 2018-07-27T18:22:41.280256326Z: [    0.000000] found SMP MP-table at [mem 0x000f6a90-0x000f6a9f] mapped at [ffff8800000f6a90]
[STDERR  ] 2018-07-27T18:22:41.280275423Z: [    0.000000] RAMDISK: [mem 0x3e858000-0x3ffcffff]
[STDERR  ] 2018-07-27T18:22:41.280295271Z: [    0.000000] ACPI: Early table checksum verification disabled
[STDERR  ] 2018-07-27T18:22:41.280314385Z: [    0.000000] ACPI: RSDP 0x00000000000F68D0 000014 (v00 BOCHS )
[STDERR  ] 2018-07-27T18:22:41.280332066Z: [    0.000000] ACPI: RSDT 0x000000003FFE2404 000034 (v01 BOCHS  BXPCRSDT 00000001 BXPC 00000001)
[STDERR  ] 2018-07-27T18:22:41.280350010Z: [    0.000000] ACPI: FACP 0x000000003FFE22A4 000074 (v01 BOCHS  BXPCFACP 00000001 BXPC 00000001)
[STDERR  ] 2018-07-27T18:22:41.280381979Z: [    0.000000] ACPI: DSDT 0x000000003FFE0040 002264 (v01 BOCHS  BXPCDSDT 00000001 BXPC 00000001)
[STDERR  ] 2018-07-27T18:22:41.280401721Z: [    0.000000] ACPI: FACS 0x000000003FFE0000 000040
[STDERR  ] 2018-07-27T18:22:41.280421719Z: [    0.000000] ACPI: APIC 0x000000003FFE2318 000078 (v01 BOCHS  BXPCAPIC 00000001 BXPC 00000001)
[STDERR  ] 2018-07-27T18:22:41.280440799Z: [    0.000000] ACPI: HPET 0x000000003FFE2390 000038 (v01 BOCHS  BXPCHPET 00000001 BXPC 00000001)
[STDERR  ] 2018-07-27T18:22:41.280461337Z: [    0.000000] ACPI: MCFG 0x000000003FFE23C8 00003C (v01 BOCHS  BXPCMCFG 00000001 BXPC 00000001)
[STDERR  ] 2018-07-27T18:22:41.280488950Z: [    0.000000] Zone ranges:
[STDERR  ] 2018-07-27T18:22:41.280518751Z: [    0.000000]   DMA      [mem 0x0000000000001000-0x0000000000ffffff]
[STDERR  ] 2018-07-27T18:22:41.280538754Z: [    0.000000]   DMA32    [mem 0x0000000001000000-0x000000003ffdefff]
[STDERR  ] 2018-07-27T18:22:41.280561235Z: [    0.000000]   Normal   empty
[STDERR  ] 2018-07-27T18:22:41.280581707Z: [    0.000000] Movable zone start for each node
[STDERR  ] 2018-07-27T18:22:41.280601236Z: [    0.000000] Early memory node ranges
[STDERR  ] 2018-07-27T18:22:41.280620862Z: [    0.000000]   node   0: [mem 0x0000000000001000-0x000000000009efff]
[STDERR  ] 2018-07-27T18:22:41.280640666Z: [    0.000000]   node   0: [mem 0x0000000000100000-0x000000003ffdefff]
[STDERR  ] 2018-07-27T18:22:41.280668725Z: [    0.000000] Initmem setup node 0 [mem 0x0000000000001000-0x000000003ffdefff]
[STDERR  ] 2018-07-27T18:22:41.280691842Z: [    0.000000] ACPI: PM-Timer IO Port: 0x608
[STDERR  ] 2018-07-27T18:22:41.280711745Z: [    0.000000] ACPI: LAPIC_NMI (acpi_id[0xff] dfl dfl lint[0x1])
[STDERR  ] 2018-07-27T18:22:41.280731711Z: [    0.000000] IOAPIC[0]: apic_id 0, version 32, address 0xfec00000, GSI 0-23
[STDERR  ] 2018-07-27T18:22:41.280751162Z: [    0.000000] ACPI: INT_SRC_OVR (bus 0 bus_irq 0 global_irq 2 dfl dfl)
[STDERR  ] 2018-07-27T18:22:41.280770391Z: [    0.000000] ACPI: INT_SRC_OVR (bus 0 bus_irq 5 global_irq 5 high level)
[STDERR  ] 2018-07-27T18:22:41.280795685Z: [    0.000000] ACPI: INT_SRC_OVR (bus 0 bus_irq 9 global_irq 9 high level)
[STDERR  ] 2018-07-27T18:22:41.280892543Z: [    0.000000] ACPI: INT_SRC_OVR (bus 0 bus_irq 10 global_irq 10 high level)
[STDERR  ] 2018-07-27T18:22:41.280911551Z: [    0.000000] ACPI: INT_SRC_OVR (bus 0 bus_irq 11 global_irq 11 high level)
[STDERR  ] 2018-07-27T18:22:41.280934452Z: [    0.000000] Using ACPI (MADT) for SMP configuration information
[STDERR  ] 2018-07-27T18:22:41.280954909Z: [    0.000000] ACPI: HPET id: 0x8086a201 base: 0xfed00000
[STDERR  ] 2018-07-27T18:22:41.280973949Z: [    0.000000] smpboot: Allowing 1 CPUs, 0 hotplug CPUs
[STDERR  ] 2018-07-27T18:22:41.280993595Z: [    0.000000] e820: [mem 0x40000000-0xafffffff] available for PCI devices
[STDERR  ] 2018-07-27T18:22:41.281014196Z: [    0.000000] Booting paravirtualized kernel on bare hardware
[STDERR  ] 2018-07-27T18:22:41.281033232Z: [    0.000000] clocksource: refined-jiffies: mask: 0xffffffff max_cycles: 0xffffffff, max_idle_ns: 19112604462750000 ns
[STDERR  ] 2018-07-27T18:22:41.281053597Z: [    0.000000] setup_percpu: NR_CPUS:128 nr_cpumask_bits:128 nr_cpu_ids:1 nr_node_ids:1
[STDERR  ] 2018-07-27T18:22:41.281072986Z: [    0.000000] PERCPU: Embedded 33 pages/cpu @ffff88003e600000 s97112 r8192 d29864 u2097152
[STDERR  ] 2018-07-27T18:22:41.281093039Z: [    0.000000] Built 1 zonelists in Zone order, mobility grouping on.  Total pages: 257895
[STDERR  ] 2018-07-27T18:22:41.281112615Z: [    0.000000] Kernel command line: console=ttyS0 console=ttyAMA0
[STDERR  ] 2018-07-27T18:22:41.281132722Z: [    0.000000] PID hash table entries: 4096 (order: 3, 32768 bytes)
[STDERR  ] 2018-07-27T18:22:41.281156615Z: [    0.000000] Dentry cache hash table entries: 131072 (order: 8, 1048576 bytes)
[STDERR  ] 2018-07-27T18:22:41.281176610Z: [    0.000000] Inode-cache hash table entries: 65536 (order: 7, 524288 bytes)
[STDERR  ] 2018-07-27T18:22:41.281201665Z: [    0.000000] Memory: 989980K/1048052K available (7696K kernel code, 1300K rwdata, 2720K rodata, 1320K init, 688K bss, 58072K reserved, 0K cma-reserved)
[STDERR  ] 2018-07-27T18:22:41.281232018Z: [    0.000000] Hierarchical RCU implementation.
[STDERR  ] 2018-07-27T18:22:41.281251389Z: [    0.000000] 	Build-time adjustment of leaf fanout to 64.
[STDERR  ] 2018-07-27T18:22:41.281273176Z: [    0.000000] 	RCU restricting CPUs from NR_CPUS=128 to nr_cpu_ids=1.
[STDERR  ] 2018-07-27T18:22:41.281295988Z: [    0.000000] RCU: Adjusting geometry for rcu_fanout_leaf=64, nr_cpu_ids=1
[STDERR  ] 2018-07-27T18:22:41.281314626Z: [    0.000000] NR_IRQS:8448 nr_irqs:256 16
[STDERR  ] 2018-07-27T18:22:41.281337051Z: [    0.000000] Console: colour VGA+ 80x25
[STDERR  ] 2018-07-27T18:22:41.281355423Z: [    0.000000] console [ttyS0] enabled
[STDERR  ] 2018-07-27T18:22:41.281377726Z: [    0.000000] clocksource: hpet: mask: 0xffffffff max_cycles: 0xffffffff, max_idle_ns: 19112604467 ns
[STDERR  ] 2018-07-27T18:22:41.281397609Z: [    0.000000] tsc: Fast TSC calibration using PIT
[STDERR  ] 2018-07-27T18:22:41.281417281Z: [    0.000000] tsc: Detected 2599.871 MHz processor
[STDERR  ] 2018-07-27T18:22:41.281436262Z: [    0.031416] Calibrating delay loop (skipped), value calculated using timer frequency.. 5199.74 BogoMIPS (lpj=25998710)
[STDERR  ] 2018-07-27T18:22:41.281457993Z: [    0.032358] pid_max: default: 32768 minimum: 301
[STDERR  ] 2018-07-27T18:22:41.281481199Z: [    0.033008] ACPI: Core revision 20150930
[STDERR  ] 2018-07-27T18:22:41.281501215Z: [    0.066460] ACPI: 1 ACPI AML tables successfully acquired and loaded
[STDERR  ] 2018-07-27T18:22:41.281520566Z: [    0.067911] Security Framework initialized
[STDERR  ] 2018-07-27T18:22:41.281539620Z: [    0.068239] Yama: becoming mindful.
[STDERR  ] 2018-07-27T18:22:41.281558714Z: [    0.071214] Mount-cache hash table entries: 2048 (order: 2, 16384 bytes)
[STDERR  ] 2018-07-27T18:22:41.281581450Z: [    0.071705] Mountpoint-cache hash table entries: 2048 (order: 2, 16384 bytes)
[STDERR  ] 2018-07-27T18:22:41.281604957Z: [    0.083294] Initializing cgroup subsys io
[STDERR  ] 2018-07-27T18:22:41.281624030Z: [    0.083992] Initializing cgroup subsys memory
[STDERR  ] 2018-07-27T18:22:41.281643644Z: [    0.084668] Initializing cgroup subsys devices
[STDERR  ] 2018-07-27T18:22:41.281662400Z: [    0.085054] Initializing cgroup subsys freezer
[STDERR  ] 2018-07-27T18:22:41.281682185Z: [    0.085476] Initializing cgroup subsys net_cls
[STDERR  ] 2018-07-27T18:22:41.281704387Z: [    0.085861] Initializing cgroup subsys perf_event
[STDERR  ] 2018-07-27T18:22:41.281723764Z: [    0.086258] Initializing cgroup subsys net_prio
[STDERR  ] 2018-07-27T18:22:41.281746572Z: [    0.086677] Initializing cgroup subsys hugetlb
[STDERR  ] 2018-07-27T18:22:41.281769031Z: [    0.087055] Initializing cgroup subsys pids
[STDERR  ] 2018-07-27T18:22:41.281791624Z: [    0.089230] Last level iTLB entries: 4KB 0, 2MB 0, 4MB 0
[STDERR  ] 2018-07-27T18:22:41.281816885Z: [    0.089704] Last level dTLB entries: 4KB 0, 2MB 0, 4MB 0, 1GB 0
[STDERR  ] 2018-07-27T18:22:41.281840427Z: [    0.090138] Spectre V2 : Spectre mitigation: LFENCE not serializing, switching to generic retpoline
[STDERR  ] 2018-07-27T18:22:41.281863321Z: [    0.090896] Spectre V2 : Mitigation: Full generic retpoline
[STDERR  ] 2018-07-27T18:22:41.281883536Z: [    0.091408] Spectre V2 : Spectre v2 mitigation: Filling RSB on context switch
[STDERR  ] 2018-07-27T18:22:41.281903294Z: [    0.092039] Speculative Store Bypass: Vulnerable
[STDERR  ] 2018-07-27T18:22:41.281923242Z: [    0.303311] Freeing SMP alternatives memory: 20K
[STDERR  ] 2018-07-27T18:22:41.281942736Z: [    0.309252] ftrace: allocating 33567 entries in 132 pages
[STDERR  ] 2018-07-27T18:22:41.281965413Z: [    0.454896] ..TIMER: vector=0x30 apic1=0 pin1=2 apic2=-1 pin2=-1
[STDERR  ] 2018-07-27T18:22:41.281985360Z: [    0.560000] smpboot: CPU0: AMD QEMU Virtual CPU version 2.5+ (family: 0x6, model: 0x6, stepping: 0x3)
[STDERR  ] 2018-07-27T18:22:41.282005685Z: [    0.560000] Performance Events: Broken PMU hardware detected, using software events only.
[STDERR  ] 2018-07-27T18:22:41.282032994Z: [    0.560000] Failed to access perfctr msr (MSR c0010007 is 0)
[STDERR  ] 2018-07-27T18:22:41.282051818Z: [    0.562047] x86: Booted up 1 node, 1 CPUs
[STDERR  ] 2018-07-27T18:22:41.282067784Z: [    0.562419] smpboot: Total of 1 processors activated (5199.74 BogoMIPS)
[STDERR  ] 2018-07-27T18:22:41.282084330Z: [    0.567327] NMI watchdog: disabled (cpu0): hardware events not enabled
[STDERR  ] 2018-07-27T18:22:41.282109191Z: [    0.567843] NMI watchdog: Shutting down hard lockup detector on all cpus
[STDERR  ] 2018-07-27T18:22:41.282132528Z: [    0.577419] devtmpfs: initialized
[STDERR  ] 2018-07-27T18:22:41.282150532Z: [    0.628899] clocksource: jiffies: mask: 0xffffffff max_cycles: 0xffffffff, max_idle_ns: 19112604462750000 ns
[STDERR  ] 2018-07-27T18:22:41.282169691Z: [    0.629805] futex hash table entries: 256 (order: 2, 16384 bytes)
[STDERR  ] 2018-07-27T18:22:41.282189509Z: [    0.641190] NET: Registered protocol family 16
[STDERR  ] 2018-07-27T18:22:41.282208173Z: [    0.646832] cpuidle: using governor ladder
[STDERR  ] 2018-07-27T18:22:41.282249469Z: [    0.647356] cpuidle: using governor menu
[STDERR  ] 2018-07-27T18:22:41.282269015Z: [    0.648523] ACPI: bus type PCI registered
[STDERR  ] 2018-07-27T18:22:41.282288591Z: [    0.651898] PCI: MMCONFIG for domain 0000 [bus 00-ff] at [mem 0xb0000000-0xbfffffff] (base 0xb0000000)
[STDERR  ] 2018-07-27T18:22:41.282307807Z: [    0.652591] PCI: MMCONFIG at [mem 0xb0000000-0xbfffffff] reserved in E820
[STDERR  ] 2018-07-27T18:22:41.282328339Z: [    0.653807] PCI: Using configuration type 1 for base access
[STDERR  ] 2018-07-27T18:22:41.282347004Z: [    0.700225] ACPI: Added _OSI(Module Device)
[STDERR  ] 2018-07-27T18:22:41.282367013Z: [    0.700563] ACPI: Added _OSI(Processor Device)
[STDERR  ] 2018-07-27T18:22:41.282390144Z: [    0.700843] ACPI: Added _OSI(3.0 _SCP Extensions)
[STDERR  ] 2018-07-27T18:22:41.282409869Z: [    0.701108] ACPI: Added _OSI(Processor Aggregator Device)
[STDERR  ] 2018-07-27T18:22:41.282428726Z: [    0.758910] ACPI: Interpreter enabled
[STDERR  ] 2018-07-27T18:22:41.282447589Z: [    0.759710] ACPI: (supports S0 S5)
[STDERR  ] 2018-07-27T18:22:41.282472823Z: [    0.760124] ACPI: Using IOAPIC for interrupt routing
[STDERR  ] 2018-07-27T18:22:41.282491681Z: [    0.761777] PCI: Using host bridge windows from ACPI; if necessary, use "pci=nocrs" and report a bug
[STDERR  ] 2018-07-27T18:22:41.282511062Z: [    0.809481] ACPI: PCI Root Bridge [PCI0] (domain 0000 [bus 00-ff])
[STDERR  ] 2018-07-27T18:22:41.282532122Z: [    0.810474] acpi PNP0A08:00: _OSC: OS supports [ExtendedConfig ASPM ClockPM Segments MSI]
[STDERR  ] 2018-07-27T18:22:41.282551774Z: [    0.814504] acpi PNP0A08:00: _OSC: OS now controls [PCIeHotplug PME PCIeCapability]
[STDERR  ] 2018-07-27T18:22:41.282570857Z: [    0.817453] PCI host bridge to bus 0000:00
[STDERR  ] 2018-07-27T18:22:41.282593405Z: [    0.817872] pci_bus 0000:00: root bus resource [io  0x0000-0x0cf7 window]
[STDERR  ] 2018-07-27T18:22:41.282612329Z: [    0.818346] pci_bus 0000:00: root bus resource [io  0x0d00-0xffff window]
[STDERR  ] 2018-07-27T18:22:41.282632077Z: [    0.818820] pci_bus 0000:00: root bus resource [mem 0x000a0000-0x000bffff window]
[STDERR  ] 2018-07-27T18:22:41.282651198Z: [    0.819325] pci_bus 0000:00: root bus resource [mem 0xc0000000-0xfebfffff window]
[STDERR  ] 2018-07-27T18:22:41.282670578Z: [    0.820179] pci_bus 0000:00: root bus resource [bus 00-ff]
[STDERR  ] 2018-07-27T18:22:41.282691500Z: [    0.862157] pci 0000:00:1f.0: quirk: [io  0x0600-0x067f] claimed by ICH6 ACPI/GPIO/TCO
[STDERR  ] 2018-07-27T18:22:41.282710433Z: [    0.890417] ACPI: PCI Interrupt Link [LNKA] (IRQs 5 *10 11)
[STDERR  ] 2018-07-27T18:22:41.282729958Z: [    0.892176] ACPI: PCI Interrupt Link [LNKB] (IRQs 5 *10 11)
[STDERR  ] 2018-07-27T18:22:41.282748654Z: [    0.893522] ACPI: PCI Interrupt Link [LNKC] (IRQs 5 10 *11)
[STDERR  ] 2018-07-27T18:22:41.282767438Z: [    0.894774] ACPI: PCI Interrupt Link [LNKD] (IRQs 5 10 *11)
[STDERR  ] 2018-07-27T18:22:41.282791842Z: [    0.896040] ACPI: PCI Interrupt Link [LNKE] (IRQs 5 *10 11)
[STDERR  ] 2018-07-27T18:22:41.282817816Z: [    0.897295] ACPI: PCI Interrupt Link [LNKF] (IRQs 5 *10 11)
[STDERR  ] 2018-07-27T18:22:41.282837024Z: [    0.898678] ACPI: PCI Interrupt Link [LNKG] (IRQs 5 10 *11)
[STDERR  ] 2018-07-27T18:22:41.282856887Z: [    0.900306] ACPI: PCI Interrupt Link [LNKH] (IRQs 5 10 *11)
[STDERR  ] 2018-07-27T18:22:41.282876328Z: [    0.901063] ACPI: PCI Interrupt Link [GSIA] (IRQs *16)
[STDERR  ] 2018-07-27T18:22:41.282895671Z: [    0.901561] ACPI: PCI Interrupt Link [GSIB] (IRQs *17)
[STDERR  ] 2018-07-27T18:22:41.282918931Z: [    0.902056] ACPI: PCI Interrupt Link [GSIC] (IRQs *18)
[STDERR  ] 2018-07-27T18:22:41.282938446Z: [    0.902546] ACPI: PCI Interrupt Link [GSID] (IRQs *19)
[STDERR  ] 2018-07-27T18:22:41.282960890Z: [    0.903057] ACPI: PCI Interrupt Link [GSIE] (IRQs *20)
[STDERR  ] 2018-07-27T18:22:41.282984322Z: [    0.903562] ACPI: PCI Interrupt Link [GSIF] (IRQs *21)
[STDERR  ] 2018-07-27T18:22:41.283004542Z: [    0.904085] ACPI: PCI Interrupt Link [GSIG] (IRQs *22)
[STDERR  ] 2018-07-27T18:22:41.283023474Z: [    0.904585] ACPI: PCI Interrupt Link [GSIH] (IRQs *23)
[STDERR  ] 2018-07-27T18:22:41.283043231Z: [    0.907871] ACPI: Enabled 2 GPEs in block 00 to 3F
[STDERR  ] 2018-07-27T18:22:41.283062278Z: [    0.911460] SCSI subsystem initialized
[STDERR  ] 2018-07-27T18:22:41.283084533Z: [    0.913074] ACPI: bus type USB registered
[STDERR  ] 2018-07-27T18:22:41.283111708Z: [    0.913959] usbcore: registered new interface driver usbfs
[STDERR  ] 2018-07-27T18:22:41.283131205Z: [    0.914642] usbcore: registered new interface driver hub
[STDERR  ] 2018-07-27T18:22:41.283149507Z: [    0.915356] usbcore: registered new device driver usb
[STDERR  ] 2018-07-27T18:22:41.283168369Z: [    0.916352] pps_core: LinuxPPS API ver. 1 registered
[STDERR  ] 2018-07-27T18:22:41.283187450Z: [    0.916731] pps_core: Software ver. 5.3.6 - Copyright 2005-2007 Rodolfo Giometti <giometti@linux.it>
[STDERR  ] 2018-07-27T18:22:41.283210296Z: [    0.917532] PTP clock support registered
[STDERR  ] 2018-07-27T18:22:41.283236175Z: [    0.918540] wmi: Mapper loaded
[STDERR  ] 2018-07-27T18:22:41.283257771Z: [    0.919544] PCI: Using ACPI for IRQ routing
[STDERR  ] 2018-07-27T18:22:41.283276847Z: [    0.933391] NetLabel: Initializing
[STDERR  ] 2018-07-27T18:22:41.283296632Z: [    0.933652] NetLabel:  domain hash size = 128
[STDERR  ] 2018-07-27T18:22:41.283315120Z: [    0.933904] NetLabel:  protocols = UNLABELED CIPSOv4
[STDERR  ] 2018-07-27T18:22:41.283334383Z: [    0.935356] NetLabel:  unlabeled traffic allowed by default
[STDERR  ] 2018-07-27T18:22:41.283354389Z: [    0.936222] HPET: 3 timers in total, 0 timers will be used for per-cpu timer
[STDERR  ] 2018-07-27T18:22:41.283373602Z: [    0.936847] hpet0: at MMIO 0xfed00000, IRQs 2, 8, 0
[STDERR  ] 2018-07-27T18:22:41.283395500Z: [    0.937303] hpet0: 3 comparators, 64-bit 100.000000 MHz counter
[STDERR  ] 2018-07-27T18:22:41.283414537Z: [    0.943840] amd_nb: Cannot enumerate AMD northbridges
[STDERR  ] 2018-07-27T18:22:41.283439872Z: [    0.944728] clocksource: Switched to clocksource hpet
[STDERR  ] 2018-07-27T18:22:41.283464578Z: [    1.100807] FS-Cache: Loaded
[STDERR  ] 2018-07-27T18:22:41.283483247Z: [    1.103968] CacheFiles: Loaded
[STDERR  ] 2018-07-27T18:22:41.283503095Z: [    1.105627] pnp: PnP ACPI init
[STDERR  ] 2018-07-27T18:22:41.283522578Z: [    1.114685] pnp: PnP ACPI: found 5 devices
[STDERR  ] 2018-07-27T18:22:41.283541823Z: [    1.156063] clocksource: acpi_pm: mask: 0xffffff max_cycles: 0xffffff, max_idle_ns: 2085701024 ns
[STDERR  ] 2018-07-27T18:22:41.283561103Z: [    1.158008] NET: Registered protocol family 2
[STDERR  ] 2018-07-27T18:22:41.283578925Z: [    1.164185] TCP established hash table entries: 8192 (order: 4, 65536 bytes)
[STDERR  ] 2018-07-27T18:22:41.283597956Z: [    1.164937] TCP bind hash table entries: 8192 (order: 5, 131072 bytes)
[STDERR  ] 2018-07-27T18:22:41.283616466Z: [    1.165626] TCP: Hash tables configured (established 8192 bind 8192)
[STDERR  ] 2018-07-27T18:22:41.283640614Z: [    1.166995] UDP hash table entries: 512 (order: 2, 16384 bytes)
[STDERR  ] 2018-07-27T18:22:41.283658849Z: [    1.167600] UDP-Lite hash table entries: 512 (order: 2, 16384 bytes)
[STDERR  ] 2018-07-27T18:22:41.283677885Z: [    1.169586] NET: Registered protocol family 1
[STDERR  ] 2018-07-27T18:22:41.283697384Z: [    1.175431] Unpacking initramfs...
[STDERR  ] 2018-07-27T18:22:41.283716735Z: [    3.829055] Freeing initrd memory: 24032K
[STDERR  ] 2018-07-27T18:22:41.283735714Z: [    3.846678] PCLMULQDQ-NI instructions are not detected.
[STDERR  ] 2018-07-27T18:22:41.283757386Z: [    3.847720] AVX or AES-NI instructions are not detected.
[STDERR  ] 2018-07-27T18:22:41.283776718Z: [    3.848199] CPU feature 'AVX registers' is not supported.
[STDERR  ] 2018-07-27T18:22:41.283796307Z: [    3.848656] CPU feature 'AVX registers' is not supported.
[STDERR  ] 2018-07-27T18:22:41.283823014Z: [    3.849071] CPU feature 'AVX registers' is not supported.
[STDERR  ] 2018-07-27T18:22:41.283842119Z: [    3.849489] CPU feature 'AVX registers' is not supported.
[STDERR  ] 2018-07-27T18:22:41.283860569Z: [    3.849922] AVX2 or AES-NI instructions are not detected.
[STDERR  ] 2018-07-27T18:22:41.283879346Z: [    3.850735] AVX2 instructions are not detected.
[STDERR  ] 2018-07-27T18:22:41.283898818Z: [    3.855112] audit: initializing netlink subsys (disabled)
[STDERR  ] 2018-07-27T18:22:41.283921437Z: [    3.856375] audit: type=2000 audit(1532715748.850:1): initialized
[STDERR  ] 2018-07-27T18:22:41.283945926Z: [    3.863368] HugeTLB registered 2 MB page size, pre-allocated 0 pages
[STDERR  ] 2018-07-27T18:22:41.283970600Z: [    3.866514] VFS: Disk quotas dquot_6.6.0
[STDERR  ] 2018-07-27T18:22:41.283991560Z: [    3.867142] VFS: Dquot-cache hash table entries: 512 (order 0, 4096 bytes)
[STDERR  ] 2018-07-27T18:22:41.284010629Z: [    3.869971] squashfs: version 4.0 (2009/01/31) Phillip Lougher
[STDERR  ] 2018-07-27T18:22:41.284029186Z: [    3.873050] FS-Cache: Netfs 'cifs' registered for caching
[STDERR  ] 2018-07-27T18:22:41.284048690Z: [    3.873783] fuse init (API version 7.23)
[STDERR  ] 2018-07-27T18:22:41.284067556Z: [    3.875775] SGI XFS with ACLs, security attributes, no debug enabled
[STDERR  ] 2018-07-27T18:22:41.284086674Z: [    3.878037] 9p: Installing v9fs 9p2000 file system support
[STDERR  ] 2018-07-27T18:22:41.284109500Z: [    3.878592] FS-Cache: Netfs '9p' registered for caching
[STDERR  ] 2018-07-27T18:22:41.284130715Z: [    3.880828] Key type big_key registered
[STDERR  ] 2018-07-27T18:22:41.284150095Z: [    3.905927] NET: Registered protocol family 38
[STDERR  ] 2018-07-27T18:22:41.284169340Z: [    3.906421] Key type asymmetric registered
[STDERR  ] 2018-07-27T18:22:41.284188509Z: [    3.906695] Asymmetric key parser 'x509' registered
[STDERR  ] 2018-07-27T18:22:41.284208139Z: [    3.907434] Block layer SCSI generic (bsg) driver version 0.4 loaded (major 251)
[STDERR  ] 2018-07-27T18:22:41.284226838Z: [    3.908584] io scheduler noop registered
[STDERR  ] 2018-07-27T18:22:41.284246267Z: [    3.908919] io scheduler deadline registered (default)
[STDERR  ] 2018-07-27T18:22:41.284268484Z: [    3.909507] io scheduler cfq registered
[STDERR  ] 2018-07-27T18:22:41.284288107Z: [    3.913057] pci_hotplug: PCI Hot Plug PCI Core version: 0.5
[STDERR  ] 2018-07-27T18:22:41.284309618Z: [    3.913618] pciehp: PCI Express Hot Plug Controller Driver version: 0.4
[STDERR  ] 2018-07-27T18:22:41.284329708Z: [    3.914332] shpchp: Standard Hot Plug PCI Controller Driver version: 0.4
[STDERR  ] 2018-07-27T18:22:41.284349306Z: [    3.915048] hv_vmbus: registering driver hyperv_fb
[STDERR  ] 2018-07-27T18:22:41.284369336Z: [    3.917660] input: Power Button as /devices/LNXSYSTM:00/LNXPWRBN:00/input/input0
[STDERR  ] 2018-07-27T18:22:41.284388390Z: [    3.918587] ACPI: Power Button [PWRF]
[STDERR  ] 2018-07-27T18:22:41.284407426Z: [    3.923529] GHES: HEST is not enabled!
[STDERR  ] 2018-07-27T18:22:41.284425730Z: [    3.931717] ACPI: PCI Interrupt Link [GSIG] enabled at IRQ 22
[STDERR  ] 2018-07-27T18:22:41.284449759Z: [    3.939689] ACPI: PCI Interrupt Link [GSIH] enabled at IRQ 23
[STDERR  ] 2018-07-27T18:22:41.284469731Z: [    3.942719] xenfs: not registering filesystem on non-xen platform
[STDERR  ] 2018-07-27T18:22:41.284489132Z: [    3.944671] Serial: 8250/16550 driver, 4 ports, IRQ sharing disabled
[STDERR  ] 2018-07-27T18:22:41.284508614Z: [    3.970796] 00:04: ttyS0 at I/O 0x3f8 (irq = 4, base_baud = 115200) is a 16550A
[STDERR  ] 2018-07-27T18:22:41.284528405Z: [    3.979392] Non-volatile memory driver v1.3
[STDERR  ] 2018-07-27T18:22:41.284550593Z: [    3.984691] Hangcheck: starting hangcheck timer 0.9.1 (tick is 180 seconds, margin is 60 seconds).
[STDERR  ] 2018-07-27T18:22:41.284573276Z: [    3.989280] random: nonblocking pool is initialized
[STDERR  ] 2018-07-27T18:22:41.284592264Z: [    4.016945] loop: module loaded
[STDERR  ] 2018-07-27T18:22:41.284611525Z: [    4.026118] nbd: registered device at major 43
[STDERR  ] 2018-07-27T18:22:41.284630293Z: [    4.055965] lpc_ich 0000:00:1f.0: I/O space for GPIO uninitialized
[STDERR  ] 2018-07-27T18:22:41.284648767Z: [    4.057319] VMware PVSCSI driver - version 1.0.5.0-k
[STDERR  ] 2018-07-27T18:22:41.284667346Z: [    4.057937] hv_vmbus: registering driver hv_storvsc
[STDERR  ] 2018-07-27T18:22:41.284686233Z: [    4.064873] ACPI: PCI Interrupt Link [GSIA] enabled at IRQ 16
[STDERR  ] 2018-07-27T18:22:41.284706978Z: [    4.071214] ahci 0000:00:1f.2: AHCI 0001.0000 32 slots 6 ports 1.5 Gbps 0x3f impl SATA mode
[STDERR  ] 2018-07-27T18:22:41.284729454Z: [    4.071785] ahci 0000:00:1f.2: flags: 64bit ncq only 
[STDERR  ] 2018-07-27T18:22:41.284748128Z: [    4.087730] scsi host0: ahci
[STDERR  ] 2018-07-27T18:22:41.284771019Z: [    4.090543] scsi host1: ahci
[STDERR  ] 2018-07-27T18:22:41.284792630Z: [    4.092290] scsi host2: ahci
[STDERR  ] 2018-07-27T18:22:41.284826270Z: [    4.093883] scsi host3: ahci
[STDERR  ] 2018-07-27T18:22:41.284848031Z: [    4.095462] scsi host4: ahci
[STDERR  ] 2018-07-27T18:22:41.284866743Z: [    4.097095] scsi host5: ahci
[STDERR  ] 2018-07-27T18:22:41.284885683Z: [    4.098518] ata1: SATA max UDMA/133 abar m4096@0xfebd2000 port 0xfebd2100 irq 24
[STDERR  ] 2018-07-27T18:22:41.284905274Z: [    4.098969] ata2: SATA max UDMA/133 abar m4096@0xfebd2000 port 0xfebd2180 irq 24
[STDERR  ] 2018-07-27T18:22:41.284932711Z: [    4.099381] ata3: SATA max UDMA/133 abar m4096@0xfebd2000 port 0xfebd2200 irq 24
[STDERR  ] 2018-07-27T18:22:41.284952891Z: [    4.099854] ata4: SATA max UDMA/133 abar m4096@0xfebd2000 port 0xfebd2280 irq 24
[STDERR  ] 2018-07-27T18:22:41.284972631Z: [    4.100549] ata5: SATA max UDMA/133 abar m4096@0xfebd2000 port 0xfebd2300 irq 24
[STDERR  ] 2018-07-27T18:22:41.284991415Z: [    4.100955] ata6: SATA max UDMA/133 abar m4096@0xfebd2000 port 0xfebd2380 irq 24
[STDERR  ] 2018-07-27T18:22:41.285010733Z: [    4.110027] tun: Universal TUN/TAP device driver, 1.6
[STDERR  ] 2018-07-27T18:22:41.285030198Z: [    4.110680] tun: (C) 1999-2004 Max Krasnyansky <maxk@qualcomm.com>
[STDERR  ] 2018-07-27T18:22:41.285057173Z: [    4.119630] VMware vmxnet3 virtual NIC driver - version 1.4.5.0-k-NAPI
[STDERR  ] 2018-07-27T18:22:41.285076819Z: [    4.121052] hv_vmbus: registering driver hv_netvsc
[STDERR  ] 2018-07-27T18:22:41.285095842Z: [    4.121458] Fusion MPT base driver 3.04.20
[STDERR  ] 2018-07-27T18:22:41.285114082Z: [    4.121737] Copyright (c) 1999-2008 LSI Corporation
[STDERR  ] 2018-07-27T18:22:41.285133106Z: [    4.122374] Fusion MPT SPI Host driver 3.04.20
[STDERR  ] 2018-07-27T18:22:41.285152631Z: [    4.123613] usbcore: registered new interface driver usb-storage
[STDERR  ] 2018-07-27T18:22:41.285172509Z: [    4.125066] i8042: PNP: PS/2 Controller [PNP0303:KBD,PNP0f13:MOU] at 0x60,0x64 irq 1,12
[STDERR  ] 2018-07-27T18:22:41.285191383Z: [    4.128493] serio: i8042 KBD port at 0x60,0x64 irq 1
[STDERR  ] 2018-07-27T18:22:41.285209630Z: [    4.129059] serio: i8042 AUX port at 0x60,0x64 irq 12
[STDERR  ] 2018-07-27T18:22:41.285228937Z: [    4.132272] hv_vmbus: registering driver hyperv_keyboard
[STDERR  ] 2018-07-27T18:22:41.285253987Z: [    4.134071] mousedev: PS/2 mouse device common for all mice
[STDERR  ] 2018-07-27T18:22:41.285278008Z: [    4.138086] input: AT Translated Set 2 keyboard as /devices/platform/i8042/serio0/input/input1
[STDERR  ] 2018-07-27T18:22:41.285301625Z: [    4.141106] input: PC Speaker as /devices/platform/pcspkr/input/input2
[STDERR  ] 2018-07-27T18:22:41.285320757Z: [    4.144347] rtc_cmos 00:00: RTC can wake from S4
[STDERR  ] 2018-07-27T18:22:41.285343378Z: [    4.147055] rtc_cmos 00:00: rtc core: registered rtc_cmos as rtc0
[STDERR  ] 2018-07-27T18:22:41.285368469Z: [    4.148299] rtc_cmos 00:00: alarms up to one day, y3k, 114 bytes nvram, hpet irqs
[STDERR  ] 2018-07-27T18:22:41.285387569Z: [    4.149094] i2c /dev entries driver
[STDERR  ] 2018-07-27T18:22:41.285406277Z: [    4.151029] device-mapper: ioctl: 4.34.0-ioctl (2015-10-28) initialised: dm-devel@redhat.com
[STDERR  ] 2018-07-27T18:22:41.285424860Z: [    4.155458] usbcore: registered new interface driver usbhid
[STDERR  ] 2018-07-27T18:22:41.285444170Z: [    4.155851] usbhid: USB HID core driver
[STDERR  ] 2018-07-27T18:22:41.285464485Z: [    4.156383] hv_utils: Registering HyperV Utility Driver
[STDERR  ] 2018-07-27T18:22:41.285491333Z: [    4.156685] hv_vmbus: registering driver hv_util
[STDERR  ] 2018-07-27T18:22:41.285511263Z: [    4.157006] hv_vmbus: registering driver hv_balloon
[STDERR  ] 2018-07-27T18:22:41.285529476Z: [    4.157446] oprofile: using NMI interrupt.
[STDERR  ] 2018-07-27T18:22:41.285549491Z: [    4.158368] GACT probability on
[STDERR  ] 2018-07-27T18:22:41.285568686Z: [    4.158679] Mirror/redirect action on
[STDERR  ] 2018-07-27T18:22:41.285588408Z: [    4.159018] Simple TC action Loaded
[STDERR  ] 2018-07-27T18:22:41.285606835Z: [    4.159332] u32 classifier
[STDERR  ] 2018-07-27T18:22:41.285625769Z: [    4.159495]     Performance counters on
[STDERR  ] 2018-07-27T18:22:41.285644544Z: [    4.159714]     input device check on
[STDERR  ] 2018-07-27T18:22:41.285664412Z: [    4.159965]     Actions configured
[STDERR  ] 2018-07-27T18:22:41.285682536Z: [    4.160966] Netfilter messages via NETLINK v0.30.
[STDERR  ] 2018-07-27T18:22:41.285701910Z: [    4.161502] nfnl_acct: registering with nfnetlink.
[STDERR  ] 2018-07-27T18:22:41.285720561Z: [    4.162348] nf_conntrack version 0.5.0 (7922 buckets, 31688 max)
[STDERR  ] 2018-07-27T18:22:41.285739625Z: [    4.165447] ctnetlink v0.93: registering with nfnetlink.
[STDERR  ] 2018-07-27T18:22:41.285758791Z: [    4.168072] nf_tables: (c) 2007-2009 Patrick McHardy <kaber@trash.net>
[STDERR  ] 2018-07-27T18:22:41.285777565Z: [    4.168893] nf_tables_compat: (c) 2012 Pablo Neira Ayuso <pablo@netfilter.org>
[STDERR  ] 2018-07-27T18:22:41.285796652Z: [    4.172018] xt_time: kernel timezone is -0000
[STDERR  ] 2018-07-27T18:22:41.285824549Z: [    4.172538] ip_set: protocol 6
[STDERR  ] 2018-07-27T18:22:41.285843848Z: [    4.173116] IPVS: Registered protocols (TCP, UDP, SCTP, AH, ESP)
[STDERR  ] 2018-07-27T18:22:41.285866323Z: [    4.173668] IPVS: Connection hash table configured (size=4096, memory=64Kbytes)
[STDERR  ] 2018-07-27T18:22:41.285888107Z: [    4.175155] IPVS: Creating netns size=2096 id=0
[STDERR  ] 2018-07-27T18:22:41.285907089Z: [    4.177136] IPVS: ipvs loaded.
[STDERR  ] 2018-07-27T18:22:41.285929419Z: [    4.177484] IPVS: [rr] scheduler registered.
[STDERR  ] 2018-07-27T18:22:41.285950755Z: [    4.177833] IPVS: [wrr] scheduler registered.
[STDERR  ] 2018-07-27T18:22:41.285970288Z: [    4.178153] IPVS: [lc] scheduler registered.
[STDERR  ] 2018-07-27T18:22:41.285988369Z: [    4.178476] IPVS: [wlc] scheduler registered.
[STDERR  ] 2018-07-27T18:22:41.286007807Z: [    4.178796] IPVS: [fo] scheduler registered.
[STDERR  ] 2018-07-27T18:22:41.286027377Z: [    4.179110] IPVS: [ovf] scheduler registered.
[STDERR  ] 2018-07-27T18:22:41.286046860Z: [    4.179625] IPVS: [lblc] scheduler registered.
[STDERR  ] 2018-07-27T18:22:41.286066010Z: [    4.180417] IPVS: [lblcr] scheduler registered.
[STDERR  ] 2018-07-27T18:22:41.286084976Z: [    4.180808] IPVS: [dh] scheduler registered.
[STDERR  ] 2018-07-27T18:22:41.286108710Z: [    4.181072] IPVS: [sh] scheduler registered.
[STDERR  ] 2018-07-27T18:22:41.286127568Z: [    4.181337] IPVS: [sed] scheduler registered.
[STDERR  ] 2018-07-27T18:22:41.286146887Z: [    4.181655] IPVS: [nq] scheduler registered.
[STDERR  ] 2018-07-27T18:22:41.286165688Z: [    4.182233] IPVS: ftp: loaded support on port[0] = 21
[STDERR  ] 2018-07-27T18:22:41.286184386Z: [    4.182866] ipip: IPv4 over IPv4 tunneling driver
[STDERR  ] 2018-07-27T18:22:41.286206477Z: [    4.186252] gre: GRE over IPv4 demultiplexor driver
[STDERR  ] 2018-07-27T18:22:41.286261994Z: [    4.188875] ip_tables: (C) 2000-2006 Netfilter Core Team
[STDERR  ] 2018-07-27T18:22:41.286290158Z: [    4.192097] ipt_CLUSTERIP: ClusterIP Version 0.8 loaded successfully
[STDERR  ] 2018-07-27T18:22:41.286331309Z: [    4.192765] arp_tables: (C) 2002 David S. Miller
[STDERR  ] 2018-07-27T18:22:41.286351464Z: [    4.194933] NET: Registered protocol family 10
[STDERR  ] 2018-07-27T18:22:41.286373956Z: [    4.202488] ip6_tables: (C) 2000-2006 Netfilter Core Team
[STDERR  ] 2018-07-27T18:22:41.286416476Z: [    4.209434] NET: Registered protocol family 17
[STDERR  ] 2018-07-27T18:22:41.286438980Z: [    4.210881] bridge: automatic filtering via arp/ip/ip6tables has been deprecated. Update your scripts to load br_netfilter if you need this.
[STDERR  ] 2018-07-27T18:22:41.286460331Z: [    4.212092] Bridge firewalling registered
[STDERR  ] 2018-07-27T18:22:41.286499070Z: [    4.212672] Ebtables v2.0 registered
[STDERR  ] 2018-07-27T18:22:41.286519269Z: [    4.214612] 8021q: 802.1Q VLAN Support v1.8
[STDERR  ] 2018-07-27T18:22:41.286538214Z: [    4.215802] 9pnet: Installing 9P2000 support
[STDERR  ] 2018-07-27T18:22:41.286581654Z: [    4.217229] Key type dns_resolver registered
[STDERR  ] 2018-07-27T18:22:41.286605689Z: [    4.221528] registered taskstats version 1
[STDERR  ] 2018-07-27T18:22:41.286625131Z: [    4.357368] Key type encrypted registered
[STDERR  ] 2018-07-27T18:22:41.286667033Z: [    4.362048] rtc_cmos 00:00: setting system clock to 2018-07-27 18:22:30 UTC (1532715750)
[STDERR  ] 2018-07-27T18:22:41.286685955Z: [    4.451182] ata4: SATA link down (SStatus 0 SControl 300)
[STDERR  ] 2018-07-27T18:22:41.286705603Z: [    4.452907] ata2: SATA link down (SStatus 0 SControl 300)
[STDERR  ] 2018-07-27T18:22:41.286743046Z: [    4.453373] ata1: SATA link down (SStatus 0 SControl 300)
[STDERR  ] 2018-07-27T18:22:41.286766084Z: [    4.454196] ata3: SATA link up 1.5 Gbps (SStatus 113 SControl 300)
[STDERR  ] 2018-07-27T18:22:41.286785605Z: [    4.458720] ata3.00: ATAPI: QEMU DVD-ROM, 2.5+, max UDMA/100
[STDERR  ] 2018-07-27T18:22:41.286826319Z: [    4.459172] ata3.00: applying bridge limits
[STDERR  ] 2018-07-27T18:22:41.286849202Z: [    4.460560] ata5: SATA link down (SStatus 0 SControl 300)
[STDERR  ] 2018-07-27T18:22:41.286868686Z: [    4.461017] ata6: SATA link down (SStatus 0 SControl 300)
[STDERR  ] 2018-07-27T18:22:41.286905667Z: [    4.461981] ata3.00: configured for UDMA/100
[STDERR  ] 2018-07-27T18:22:41.286926543Z: [    4.471864] scsi 2:0:0:0: CD-ROM            QEMU     QEMU DVD-ROM     2.5+ PQ: 0 ANSI: 5
[STDERR  ] 2018-07-27T18:22:41.286988242Z: [    4.482868] sr 2:0:0:0: [sr0] scsi3-mmc drive: 4x/4x cd/rw xa/form2 tray
[STDERR  ] 2018-07-27T18:22:41.287012266Z: [    4.483422] cdrom: Uniform CD-ROM driver Revision: 3.20
[STDERR  ] 2018-07-27T18:22:41.287031622Z: [    4.488835] sr 2:0:0:0: Attached scsi generic sg0 type 5
[STDERR  ] 2018-07-27T18:22:41.287070564Z: [    4.601491] Freeing unused kernel memory: 1320K
[STDERR  ] 2018-07-27T18:22:41.287096932Z: [    4.601853] Write protecting the kernel read-only data: 12288k
[STDERR  ] 2018-07-27T18:22:41.287116297Z: [    4.608141] Freeing unused kernel memory: 484K
[STDERR  ] 2018-07-27T18:22:41.287151721Z: [    4.690570] Freeing unused kernel memory: 1376K
[STDERR  ] 2018-07-27T18:22:41.287175910Z: [    4.830623] tsc: Refined TSC clocksource calibration: 2599.859 MHz
[STDERR  ] 2018-07-27T18:22:41.287196030Z: [    4.831054] clocksource: tsc: mask: 0xffffffffffffffff max_cycles: 0x2579b7276cd, max_idle_ns: 440795305842 ns
[STDERR  ] 2018-07-27T18:22:41.287237004Z: [    5.837725] clocksource: Switched to clocksource tsc
[STDERR  ] 2018-07-27T18:22:41.287257192Z: 
[STDERR  ] 2018-07-27T18:22:41.287278879Z: Welcome to LinuxKit
[STDERR  ] 2018-07-27T18:22:41.287314380Z: 
[STDERR  ] 2018-07-27T18:22:41.287335363Z:                         ##         .
[STDERR  ] 2018-07-27T18:22:41.287353958Z:                   ## ## ##        ==
[STDERR  ] 2018-07-27T18:22:41.287372780Z:                ## ## ## ## ##    ===
[STDERR  ] 2018-07-27T18:22:41.287417465Z:            /"""""""""""""""""\___/ ===
[STDERR  ] 2018-07-27T18:22:41.287439954Z:           {                       /  ===-
[STDERR  ] 2018-07-27T18:22:41.287458880Z:            \______ O           __/
[STDERR  ] 2018-07-27T18:22:41.287497623Z:              \    \         __/
[STDERR  ] 2018-07-27T18:22:41.287517300Z:               \____\_______/
[STDERR  ] 2018-07-27T18:22:41.287536901Z: 
[STDERR  ] 2018-07-27T18:22:41.287573965Z: [   10.463750] hello_world: loading out-of-tree module taints kernel.
[STDERR  ] 2018-07-27T18:22:41.287593492Z: [   10.466337] Hello LinuxKit
[STDERR  ] 2018-07-27T18:22:41.287614266Z: [   10.542328] Goodbye LinuxKit.
[STDERR  ] 2018-07-27T18:22:41.287650568Z: Linux linuxkit-4aca25451790 4.4.144-linuxkit #1 SMP Wed Jul 25 21:58:11 UTC 2018 x86_64 Linux
[STDERR  ] 2018-07-27T18:22:41.287672928Z: filename:       hello_world.ko
[STDERR  ] 2018-07-27T18:22:41.287691891Z: author:         Rolf Neugebauer <rolf.neugebauer@docker.com>
[STDERR  ] 2018-07-27T18:22:41.287727733Z: description:    A simple Hello World kernel module for testing
[STDERR  ] 2018-07-27T18:22:41.287754446Z: license:        GPL
[STDERR  ] 2018-07-27T18:22:41.287774294Z: depends:        
[STDERR  ] 2018-07-27T18:22:41.287814953Z: vermagic:       4.4.144-linuxkit SMP mod_unload 
[STDERR  ] 2018-07-27T18:22:41.287839304Z: Kernel module test suite PASSED
[STDERR  ] 2018-07-27T18:22:41.287857921Z: [   14.631126] ACPI: Preparing to enter system sleep state S5
[STDERR  ] 2018-07-27T18:22:41.287894383Z: [   14.632205] reboot: Power down
[STDERR  ] 2018-07-27T18:22:41.288169026Z: + grep -q Hello LinuxKit
[STDERR  ] 2018-07-27T18:22:41.289617377Z: + echo [    0.000000] Initializing cgroup subsys cpuset
[STDERR  ] 2018-07-27T18:22:41.289655061Z: [    0.000000] Initializing cgroup subsys cpu
[STDERR  ] 2018-07-27T18:22:41.289673772Z: [    0.000000] Initializing cgroup subsys cpuacct
[STDERR  ] 2018-07-27T18:22:41.289811063Z: [    0.000000] Linux version 4.4.144-linuxkit (root@556d8fd08418) (gcc version 6.4.0 (Alpine 6.4.0) ) #1 SMP Wed Jul 25 21:58:11 UTC 2018
[STDERR  ] 2018-07-27T18:22:41.289833217Z: [    0.000000] Command line: console=ttyS0 console=ttyAMA0
[STDERR  ] 2018-07-27T18:22:41.289899190Z: [    0.000000] x86/fpu: Legacy x87 FPU detected.
[STDERR  ] 2018-07-27T18:22:41.289920143Z: [    0.000000] e820: BIOS-provided physical RAM map:
[STDERR  ] 2018-07-27T18:22:41.289989941Z: [    0.000000] BIOS-e820: [mem 0x0000000000000000-0x000000000009fbff] usable
[STDERR  ] 2018-07-27T18:22:41.290062024Z: [    0.000000] BIOS-e820: [mem 0x000000000009fc00-0x000000000009ffff] reserved
[STDERR  ] 2018-07-27T18:22:41.290152755Z: [    0.000000] BIOS-e820: [mem 0x00000000000f0000-0x00000000000fffff] reserved
[STDERR  ] 2018-07-27T18:22:41.290261734Z: [    0.000000] BIOS-e820: [mem 0x0000000000100000-0x000000003ffdefff] usable
[STDERR  ] 2018-07-27T18:22:41.290304811Z: [    0.000000] BIOS-e820: [mem 0x000000003ffdf000-0x000000003fffffff] reserved
[STDERR  ] 2018-07-27T18:22:41.290462962Z: [    0.000000] BIOS-e820: [mem 0x00000000b0000000-0x00000000bfffffff] reserved
[STDERR  ] 2018-07-27T18:22:41.290483958Z: [    0.000000] BIOS-e820: [mem 0x00000000fed1c000-0x00000000fed1ffff] reserved
[STDERR  ] 2018-07-27T18:22:41.290510230Z: [    0.000000] BIOS-e820: [mem 0x00000000fffc0000-0x00000000ffffffff] reserved
[STDERR  ] 2018-07-27T18:22:41.290584482Z: [    0.000000] NX (Execute Disable) protection: active
[STDERR  ] 2018-07-27T18:22:41.290662652Z: [    0.000000] SMBIOS 2.8 present.
[STDERR  ] 2018-07-27T18:22:41.290739789Z: [    0.000000] Kernel/User page tables isolation: disabled
[STDERR  ] 2018-07-27T18:22:41.290805129Z: [    0.000000] e820: last_pfn = 0x3ffdf max_arch_pfn = 0x400000000
[STDERR  ] 2018-07-27T18:22:41.290826774Z: [    0.000000] x86/PAT: Configuration [0-7]: WB  WC  UC- UC  WB  WC  UC- WT  
[STDERR  ] 2018-07-27T18:22:41.290925384Z: [    0.000000] found SMP MP-table at [mem 0x000f6a90-0x000f6a9f] mapped at [ffff8800000f6a90]
[STDERR  ] 2018-07-27T18:22:41.291012410Z: [    0.000000] RAMDISK: [mem 0x3e858000-0x3ffcffff]
[STDERR  ] 2018-07-27T18:22:41.291160707Z: [    0.000000] ACPI: Early table checksum verification disabled
[STDERR  ] 2018-07-27T18:22:41.291203750Z: [    0.000000] ACPI: RSDP 0x00000000000F68D0 000014 (v00 BOCHS )
[STDERR  ] 2018-07-27T18:22:41.291222383Z: [    0.000000] ACPI: RSDT 0x000000003FFE2404 000034 (v01 BOCHS  BXPCRSDT 00000001 BXPC 00000001)
[STDERR  ] 2018-07-27T18:22:41.291241021Z: [    0.000000] ACPI: FACP 0x000000003FFE22A4 000074 (v01 BOCHS  BXPCFACP 00000001 BXPC 00000001)
[STDERR  ] 2018-07-27T18:22:41.291332244Z: [    0.000000] ACPI: DSDT 0x000000003FFE0040 002264 (v01 BOCHS  BXPCDSDT 00000001 BXPC 00000001)
[STDERR  ] 2018-07-27T18:22:41.291371038Z: [    0.000000] ACPI: FACS 0x000000003FFE0000 000040
[STDERR  ] 2018-07-27T18:22:41.291388855Z: [    0.000000] ACPI: APIC 0x000000003FFE2318 000078 (v01 BOCHS  BXPCAPIC 00000001 BXPC 00000001)
[STDERR  ] 2018-07-27T18:22:41.291405354Z: [    0.000000] ACPI: HPET 0x000000003FFE2390 000038 (v01 BOCHS  BXPCHPET 00000001 BXPC 00000001)
[STDERR  ] 2018-07-27T18:22:41.291493047Z: [    0.000000] ACPI: MCFG 0x000000003FFE23C8 00003C (v01 BOCHS  BXPCMCFG 00000001 BXPC 00000001)
[STDERR  ] 2018-07-27T18:22:41.291553816Z: [    0.000000] Zone ranges:
[STDERR  ] 2018-07-27T18:22:41.291574136Z: [    0.000000]   DMA      [mem 0x0000000000001000-0x0000000000ffffff]
[STDERR  ] 2018-07-27T18:22:41.291654389Z: [    0.000000]   DMA32    [mem 0x0000000001000000-0x000000003ffdefff]
[STDERR  ] 2018-07-27T18:22:41.291741614Z: [    0.000000]   Normal   empty
[STDERR  ] 2018-07-27T18:22:41.291823315Z: [    0.000000] Movable zone start for each node
[STDERR  ] 2018-07-27T18:22:41.291906877Z: [    0.000000] Early memory node ranges
[STDERR  ] 2018-07-27T18:22:41.291929380Z: [    0.000000]   node   0: [mem 0x0000000000001000-0x000000000009efff]
[STDERR  ] 2018-07-27T18:22:41.292083602Z: [    0.000000]   node   0: [mem 0x0000000000100000-0x000000003ffdefff]
[STDERR  ] 2018-07-27T18:22:41.292129928Z: [    0.000000] Initmem setup node 0 [mem 0x0000000000001000-0x000000003ffdefff]
[STDERR  ] 2018-07-27T18:22:41.292149947Z: [    0.000000] ACPI: PM-Timer IO Port: 0x608
[STDERR  ] 2018-07-27T18:22:41.292176103Z: [    0.000000] ACPI: LAPIC_NMI (acpi_id[0xff] dfl dfl lint[0x1])
[STDERR  ] 2018-07-27T18:22:41.292252441Z: [    0.000000] IOAPIC[0]: apic_id 0, version 32, address 0xfec00000, GSI 0-23
[STDERR  ] 2018-07-27T18:22:41.292341579Z: [    0.000000] ACPI: INT_SRC_OVR (bus 0 bus_irq 0 global_irq 2 dfl dfl)
[STDERR  ] 2018-07-27T18:22:41.292425935Z: [    0.000000] ACPI: INT_SRC_OVR (bus 0 bus_irq 5 global_irq 5 high level)
[STDERR  ] 2018-07-27T18:22:41.292474369Z: [    0.000000] ACPI: INT_SRC_OVR (bus 0 bus_irq 9 global_irq 9 high level)
[STDERR  ] 2018-07-27T18:22:41.292493505Z: [    0.000000] ACPI: INT_SRC_OVR (bus 0 bus_irq 10 global_irq 10 high level)
[STDERR  ] 2018-07-27T18:22:41.292512368Z: [    0.000000] ACPI: INT_SRC_OVR (bus 0 bus_irq 11 global_irq 11 high level)
[STDERR  ] 2018-07-27T18:22:41.292611950Z: [    0.000000] Using ACPI (MADT) for SMP configuration information
[STDERR  ] 2018-07-27T18:22:41.292654750Z: [    0.000000] ACPI: HPET id: 0x8086a201 base: 0xfed00000
[STDERR  ] 2018-07-27T18:22:41.292672350Z: [    0.000000] smpboot: Allowing 1 CPUs, 0 hotplug CPUs
[STDERR  ] 2018-07-27T18:22:41.292751053Z: [    0.000000] e820: [mem 0x40000000-0xafffffff] available for PCI devices
[STDERR  ] 2018-07-27T18:22:41.292771376Z: [    0.000000] Booting paravirtualized kernel on bare hardware
[STDERR  ] 2018-07-27T18:22:41.292839166Z: [    0.000000] clocksource: refined-jiffies: mask: 0xffffffff max_cycles: 0xffffffff, max_idle_ns: 19112604462750000 ns
[STDERR  ] 2018-07-27T18:22:41.292927511Z: [    0.000000] setup_percpu: NR_CPUS:128 nr_cpumask_bits:128 nr_cpu_ids:1 nr_node_ids:1
[STDERR  ] 2018-07-27T18:22:41.292996313Z: [    0.000000] PERCPU: Embedded 33 pages/cpu @ffff88003e600000 s97112 r8192 d29864 u2097152
[STDERR  ] 2018-07-27T18:22:41.293021826Z: [    0.000000] Built 1 zonelists in Zone order, mobility grouping on.  Total pages: 257895
[STDERR  ] 2018-07-27T18:22:41.293096733Z: [    0.000000] Kernel command line: console=ttyS0 console=ttyAMA0
[STDERR  ] 2018-07-27T18:22:41.293190350Z: [    0.000000] PID hash table entries: 4096 (order: 3, 32768 bytes)
[STDERR  ] 2018-07-27T18:22:41.293230478Z: [    0.000000] Dentry cache hash table entries: 131072 (order: 8, 1048576 bytes)
[STDERR  ] 2018-07-27T18:22:41.293258003Z: [    0.000000] Inode-cache hash table entries: 65536 (order: 7, 524288 bytes)
[STDERR  ] 2018-07-27T18:22:41.293277761Z: [    0.000000] Memory: 989980K/1048052K available (7696K kernel code, 1300K rwdata, 2720K rodata, 1320K init, 688K bss, 58072K reserved, 0K cma-reserved)
[STDERR  ] 2018-07-27T18:22:41.293358416Z: [    0.000000] Hierarchical RCU implementation.
[STDERR  ] 2018-07-27T18:22:41.293437264Z: [    0.000000] 	Build-time adjustment of leaf fanout to 64.
[STDERR  ] 2018-07-27T18:22:41.293457488Z: [    0.000000] 	RCU restricting CPUs from NR_CPUS=128 to nr_cpu_ids=1.
[STDERR  ] 2018-07-27T18:22:41.293526915Z: [    0.000000] RCU: Adjusting geometry for rcu_fanout_leaf=64, nr_cpu_ids=1
[STDERR  ] 2018-07-27T18:22:41.293610364Z: [    0.000000] NR_IRQS:8448 nr_irqs:256 16
[STDERR  ] 2018-07-27T18:22:41.293682729Z: [    0.000000] Console: colour VGA+ 80x25
[STDERR  ] 2018-07-27T18:22:41.293757299Z: [    0.000000] console [ttyS0] enabled
[STDERR  ] 2018-07-27T18:22:41.293780623Z: [    0.000000] clocksource: hpet: mask: 0xffffffff max_cycles: 0xffffffff, max_idle_ns: 19112604467 ns
[STDERR  ] 2018-07-27T18:22:41.293848100Z: [    0.000000] tsc: Fast TSC calibration using PIT
[STDERR  ] 2018-07-27T18:22:41.293867945Z: [    0.000000] tsc: Detected 2599.871 MHz processor
[STDERR  ] 2018-07-27T18:22:41.293885833Z: [    0.031416] Calibrating delay loop (skipped), value calculated using timer frequency.. 5199.74 BogoMIPS (lpj=25998710)
[STDERR  ] 2018-07-27T18:22:41.293961905Z: [    0.032358] pid_max: default: 32768 minimum: 301
[STDERR  ] 2018-07-27T18:22:41.293983005Z: [    0.033008] ACPI: Core revision 20150930
[STDERR  ] 2018-07-27T18:22:41.294001721Z: [    0.066460] ACPI: 1 ACPI AML tables successfully acquired and loaded
[STDERR  ] 2018-07-27T18:22:41.294030915Z: [    0.067911] Security Framework initialized
[STDERR  ] 2018-07-27T18:22:41.294107785Z: [    0.068239] Yama: becoming mindful.
[STDERR  ] 2018-07-27T18:22:41.294127591Z: [    0.071214] Mount-cache hash table entries: 2048 (order: 2, 16384 bytes)
[STDERR  ] 2018-07-27T18:22:41.294145427Z: [    0.071705] Mountpoint-cache hash table entries: 2048 (order: 2, 16384 bytes)
[STDERR  ] 2018-07-27T18:22:41.294163830Z: [    0.083294] Initializing cgroup subsys io
[STDERR  ] 2018-07-27T18:22:41.294182195Z: [    0.083992] Initializing cgroup subsys memory
[STDERR  ] 2018-07-27T18:22:41.294200771Z: [    0.084668] Initializing cgroup subsys devices
[STDERR  ] 2018-07-27T18:22:41.294391731Z: [    0.085054] Initializing cgroup subsys freezer
[STDERR  ] 2018-07-27T18:22:41.294413703Z: [    0.085476] Initializing cgroup subsys net_cls
[STDERR  ] 2018-07-27T18:22:41.294451566Z: [    0.085861] Initializing cgroup subsys perf_event
[STDERR  ] 2018-07-27T18:22:41.294479140Z: [    0.086258] Initializing cgroup subsys net_prio
[STDERR  ] 2018-07-27T18:22:41.294498530Z: [    0.086677] Initializing cgroup subsys hugetlb
[STDERR  ] 2018-07-27T18:22:41.294528352Z: [    0.087055] Initializing cgroup subsys pids
[STDERR  ] 2018-07-27T18:22:41.294552776Z: [    0.089230] Last level iTLB entries: 4KB 0, 2MB 0, 4MB 0
[STDERR  ] 2018-07-27T18:22:41.294574184Z: [    0.089704] Last level dTLB entries: 4KB 0, 2MB 0, 4MB 0, 1GB 0
[STDERR  ] 2018-07-27T18:22:41.294599523Z: [    0.090138] Spectre V2 : Spectre mitigation: LFENCE not serializing, switching to generic retpoline
[STDERR  ] 2018-07-27T18:22:41.294619862Z: [    0.090896] Spectre V2 : Mitigation: Full generic retpoline
[STDERR  ] 2018-07-27T18:22:41.294639642Z: [    0.091408] Spectre V2 : Spectre v2 mitigation: Filling RSB on context switch
[STDERR  ] 2018-07-27T18:22:41.294660257Z: [    0.092039] Speculative Store Bypass: Vulnerable
[STDERR  ] 2018-07-27T18:22:41.294679104Z: [    0.303311] Freeing SMP alternatives memory: 20K
[STDERR  ] 2018-07-27T18:22:41.294779474Z: [    0.309252] ftrace: allocating 33567 entries in 132 pages
[STDERR  ] 2018-07-27T18:22:41.294805172Z: [    0.454896] ..TIMER: vector=0x30 apic1=0 pin1=2 apic2=-1 pin2=-1
[STDERR  ] 2018-07-27T18:22:41.294831842Z: [    0.560000] smpboot: CPU0: AMD QEMU Virtual CPU version 2.5+ (family: 0x6, model: 0x6, stepping: 0x3)
[STDERR  ] 2018-07-27T18:22:41.294852304Z: [    0.560000] Performance Events: Broken PMU hardware detected, using software events only.
[STDERR  ] 2018-07-27T18:22:41.294872225Z: [    0.560000] Failed to access perfctr msr (MSR c0010007 is 0)
[STDERR  ] 2018-07-27T18:22:41.294891643Z: [    0.562047] x86: Booted up 1 node, 1 CPUs
[STDERR  ] 2018-07-27T18:22:41.294911509Z: [    0.562419] smpboot: Total of 1 processors activated (5199.74 BogoMIPS)
[STDERR  ] 2018-07-27T18:22:41.294935911Z: [    0.567327] NMI watchdog: disabled (cpu0): hardware events not enabled
[STDERR  ] 2018-07-27T18:22:41.294956232Z: [    0.567843] NMI watchdog: Shutting down hard lockup detector on all cpus
[STDERR  ] 2018-07-27T18:22:41.294975814Z: [    0.577419] devtmpfs: initialized
[STDERR  ] 2018-07-27T18:22:41.294994119Z: [    0.628899] clocksource: jiffies: mask: 0xffffffff max_cycles: 0xffffffff, max_idle_ns: 19112604462750000 ns
[STDERR  ] 2018-07-27T18:22:41.295012359Z: [    0.629805] futex hash table entries: 256 (order: 2, 16384 bytes)
[STDERR  ] 2018-07-27T18:22:41.295040437Z: [    0.641190] NET: Registered protocol family 16
[STDERR  ] 2018-07-27T18:22:41.295060931Z: [    0.646832] cpuidle: using governor ladder
[STDERR  ] 2018-07-27T18:22:41.295078768Z: [    0.647356] cpuidle: using governor menu
[STDERR  ] 2018-07-27T18:22:41.295113347Z: [    0.648523] ACPI: bus type PCI registered
[STDERR  ] 2018-07-27T18:22:41.295134508Z: [    0.651898] PCI: MMCONFIG for domain 0000 [bus 00-ff] at [mem 0xb0000000-0xbfffffff] (base 0xb0000000)
[STDERR  ] 2018-07-27T18:22:41.295154142Z: [    0.652591] PCI: MMCONFIG at [mem 0xb0000000-0xbfffffff] reserved in E820
[STDERR  ] 2018-07-27T18:22:41.295172349Z: [    0.653807] PCI: Using configuration type 1 for base access
[STDERR  ] 2018-07-27T18:22:41.295193656Z: [    0.700225] ACPI: Added _OSI(Module Device)
[STDERR  ] 2018-07-27T18:22:41.295214030Z: [    0.700563] ACPI: Added _OSI(Processor Device)
[STDERR  ] 2018-07-27T18:22:41.295242421Z: [    0.700843] ACPI: Added _OSI(3.0 _SCP Extensions)
[STDERR  ] 2018-07-27T18:22:41.295262046Z: [    0.701108] ACPI: Added _OSI(Processor Aggregator Device)
[STDERR  ] 2018-07-27T18:22:41.295279299Z: [    0.758910] ACPI: Interpreter enabled
[STDERR  ] 2018-07-27T18:22:41.295323048Z: [    0.759710] ACPI: (supports S0 S5)
[STDERR  ] 2018-07-27T18:22:41.295342117Z: [    0.760124] ACPI: Using IOAPIC for interrupt routing
[STDERR  ] 2018-07-27T18:22:41.295373387Z: [    0.761777] PCI: Using host bridge windows from ACPI; if necessary, use "pci=nocrs" and report a bug
[STDERR  ] 2018-07-27T18:22:41.295394806Z: [    0.809481] ACPI: PCI Root Bridge [PCI0] (domain 0000 [bus 00-ff])
[STDERR  ] 2018-07-27T18:22:41.295499481Z: [    0.810474] acpi PNP0A08:00: _OSC: OS supports [ExtendedConfig ASPM ClockPM Segments MSI]
[STDERR  ] 2018-07-27T18:22:41.295558661Z: [    0.814504] acpi PNP0A08:00: _OSC: OS now controls [PCIeHotplug PME PCIeCapability]
[STDERR  ] 2018-07-27T18:22:41.295615498Z: [    0.817453] PCI host bridge to bus 0000:00
[STDERR  ] 2018-07-27T18:22:41.295675123Z: [    0.817872] pci_bus 0000:00: root bus resource [io  0x0000-0x0cf7 window]
[STDERR  ] 2018-07-27T18:22:41.295733356Z: [    0.818346] pci_bus 0000:00: root bus resource [io  0x0d00-0xffff window]
[STDERR  ] 2018-07-27T18:22:41.295788400Z: [    0.818820] pci_bus 0000:00: root bus resource [mem 0x000a0000-0x000bffff window]
[STDERR  ] 2018-07-27T18:22:41.295849649Z: [    0.819325] pci_bus 0000:00: root bus resource [mem 0xc0000000-0xfebfffff window]
[STDERR  ] 2018-07-27T18:22:41.295914414Z: [    0.820179] pci_bus 0000:00: root bus resource [bus 00-ff]
[STDERR  ] 2018-07-27T18:22:41.295971513Z: [    0.862157] pci 0000:00:1f.0: quirk: [io  0x0600-0x067f] claimed by ICH6 ACPI/GPIO/TCO
[STDERR  ] 2018-07-27T18:22:41.296028632Z: [    0.890417] ACPI: PCI Interrupt Link [LNKA] (IRQs 5 *10 11)
[STDERR  ] 2018-07-27T18:22:41.296082628Z: [    0.892176] ACPI: PCI Interrupt Link [LNKB] (IRQs 5 *10 11)
[STDERR  ] 2018-07-27T18:22:41.296136999Z: [    0.893522] ACPI: PCI Interrupt Link [LNKC] (IRQs 5 10 *11)
[STDERR  ] 2018-07-27T18:22:41.296184666Z: [    0.894774] ACPI: PCI Interrupt Link [LNKD] (IRQs 5 10 *11)
[STDERR  ] 2018-07-27T18:22:41.296233756Z: [    0.896040] ACPI: PCI Interrupt Link [LNKE] (IRQs 5 *10 11)
[STDERR  ] 2018-07-27T18:22:41.296300868Z: [    0.897295] ACPI: PCI Interrupt Link [LNKF] (IRQs 5 *10 11)
[STDERR  ] 2018-07-27T18:22:41.296372980Z: [    0.898678] ACPI: PCI Interrupt Link [LNKG] (IRQs 5 10 *11)
[STDERR  ] 2018-07-27T18:22:41.296453841Z: [    0.900306] ACPI: PCI Interrupt Link [LNKH] (IRQs 5 10 *11)
[STDERR  ] 2018-07-27T18:22:41.296518026Z: [    0.901063] ACPI: PCI Interrupt Link [GSIA] (IRQs *16)
[STDERR  ] 2018-07-27T18:22:41.296569109Z: [    0.901561] ACPI: PCI Interrupt Link [GSIB] (IRQs *17)
[STDERR  ] 2018-07-27T18:22:41.296622653Z: [    0.902056] ACPI: PCI Interrupt Link [GSIC] (IRQs *18)
[STDERR  ] 2018-07-27T18:22:41.296682147Z: [    0.902546] ACPI: PCI Interrupt Link [GSID] (IRQs *19)
[STDERR  ] 2018-07-27T18:22:41.296745081Z: [    0.903057] ACPI: PCI Interrupt Link [GSIE] (IRQs *20)
[STDERR  ] 2018-07-27T18:22:41.296823630Z: [    0.903562] ACPI: PCI Interrupt Link [GSIF] (IRQs *21)
[STDERR  ] 2018-07-27T18:22:41.296885819Z: [    0.904085] ACPI: PCI Interrupt Link [GSIG] (IRQs *22)
[STDERR  ] 2018-07-27T18:22:41.296909313Z: [    0.904585] ACPI: PCI Interrupt Link [GSIH] (IRQs *23)
[STDERR  ] 2018-07-27T18:22:41.296929539Z: [    0.907871] ACPI: Enabled 2 GPEs in block 00 to 3F
[STDERR  ] 2018-07-27T18:22:41.296948761Z: [    0.911460] SCSI subsystem initialized
[STDERR  ] 2018-07-27T18:22:41.296968763Z: [    0.913074] ACPI: bus type USB registered
[STDERR  ] 2018-07-27T18:22:41.296989591Z: [    0.913959] usbcore: registered new interface driver usbfs
[STDERR  ] 2018-07-27T18:22:41.297008375Z: [    0.914642] usbcore: registered new interface driver hub
[STDERR  ] 2018-07-27T18:22:41.297027837Z: [    0.915356] usbcore: registered new device driver usb
[STDERR  ] 2018-07-27T18:22:41.297056704Z: [    0.916352] pps_core: LinuxPPS API ver. 1 registered
[STDERR  ] 2018-07-27T18:22:41.297088250Z: [    0.916731] pps_core: Software ver. 5.3.6 - Copyright 2005-2007 Rodolfo Giometti <giometti@linux.it>
[STDERR  ] 2018-07-27T18:22:41.297117204Z: [    0.917532] PTP clock support registered
[STDERR  ] 2018-07-27T18:22:41.297146168Z: [    0.918540] wmi: Mapper loaded
[STDERR  ] 2018-07-27T18:22:41.297176016Z: [    0.919544] PCI: Using ACPI for IRQ routing
[STDERR  ] 2018-07-27T18:22:41.297195948Z: [    0.933391] NetLabel: Initializing
[STDERR  ] 2018-07-27T18:22:41.297215037Z: [    0.933652] NetLabel:  domain hash size = 128
[STDERR  ] 2018-07-27T18:22:41.297235453Z: [    0.933904] NetLabel:  protocols = UNLABELED CIPSOv4
[STDERR  ] 2018-07-27T18:22:41.297264352Z: [    0.935356] NetLabel:  unlabeled traffic allowed by default
[STDERR  ] 2018-07-27T18:22:41.297283569Z: [    0.936222] HPET: 3 timers in total, 0 timers will be used for per-cpu timer
[STDERR  ] 2018-07-27T18:22:41.297303554Z: [    0.936847] hpet0: at MMIO 0xfed00000, IRQs 2, 8, 0
[STDERR  ] 2018-07-27T18:22:41.297331902Z: [    0.937303] hpet0: 3 comparators, 64-bit 100.000000 MHz counter
[STDERR  ] 2018-07-27T18:22:41.297358356Z: [    0.943840] amd_nb: Cannot enumerate AMD northbridges
[STDERR  ] 2018-07-27T18:22:41.297377406Z: [    0.944728] clocksource: Switched to clocksource hpet
[STDERR  ] 2018-07-27T18:22:41.297397496Z: [    1.100807] FS-Cache: Loaded
[STDERR  ] 2018-07-27T18:22:41.297418157Z: [    1.103968] CacheFiles: Loaded
[STDERR  ] 2018-07-27T18:22:41.297438307Z: [    1.105627] pnp: PnP ACPI init
[STDERR  ] 2018-07-27T18:22:41.297459469Z: [    1.114685] pnp: PnP ACPI: found 5 devices
[STDERR  ] 2018-07-27T18:22:41.297480092Z: [    1.156063] clocksource: acpi_pm: mask: 0xffffff max_cycles: 0xffffff, max_idle_ns: 2085701024 ns
[STDERR  ] 2018-07-27T18:22:41.297503814Z: [    1.158008] NET: Registered protocol family 2
[STDERR  ] 2018-07-27T18:22:41.297523554Z: [    1.164185] TCP established hash table entries: 8192 (order: 4, 65536 bytes)
[STDERR  ] 2018-07-27T18:22:41.297542441Z: [    1.164937] TCP bind hash table entries: 8192 (order: 5, 131072 bytes)
[STDERR  ] 2018-07-27T18:22:41.297580361Z: [    1.165626] TCP: Hash tables configured (established 8192 bind 8192)
[STDERR  ] 2018-07-27T18:22:41.297599700Z: [    1.166995] UDP hash table entries: 512 (order: 2, 16384 bytes)
[STDERR  ] 2018-07-27T18:22:41.297618505Z: [    1.167600] UDP-Lite hash table entries: 512 (order: 2, 16384 bytes)
[STDERR  ] 2018-07-27T18:22:41.297638162Z: [    1.169586] NET: Registered protocol family 1
[STDERR  ] 2018-07-27T18:22:41.297658675Z: [    1.175431] Unpacking initramfs...
[STDERR  ] 2018-07-27T18:22:41.297679102Z: [    3.829055] Freeing initrd memory: 24032K
[STDERR  ] 2018-07-27T18:22:41.297713427Z: [    3.846678] PCLMULQDQ-NI instructions are not detected.
[STDERR  ] 2018-07-27T18:22:41.297733013Z: [    3.847720] AVX or AES-NI instructions are not detected.
[STDERR  ] 2018-07-27T18:22:41.297752310Z: [    3.848199] CPU feature 'AVX registers' is not supported.
[STDERR  ] 2018-07-27T18:22:41.297771451Z: [    3.848656] CPU feature 'AVX registers' is not supported.
[STDERR  ] 2018-07-27T18:22:41.297799542Z: [    3.849071] CPU feature 'AVX registers' is not supported.
[STDERR  ] 2018-07-27T18:22:41.297818636Z: [    3.849489] CPU feature 'AVX registers' is not supported.
[STDERR  ] 2018-07-27T18:22:41.297838976Z: [    3.849922] AVX2 or AES-NI instructions are not detected.
[STDERR  ] 2018-07-27T18:22:41.297858166Z: [    3.850735] AVX2 instructions are not detected.
[STDERR  ] 2018-07-27T18:22:41.297877415Z: [    3.855112] audit: initializing netlink subsys (disabled)
[STDERR  ] 2018-07-27T18:22:41.297897126Z: [    3.856375] audit: type=2000 audit(1532715748.850:1): initialized
[STDERR  ] 2018-07-27T18:22:41.297916657Z: [    3.863368] HugeTLB registered 2 MB page size, pre-allocated 0 pages
[STDERR  ] 2018-07-27T18:22:41.297936902Z: [    3.866514] VFS: Disk quotas dquot_6.6.0
[STDERR  ] 2018-07-27T18:22:41.297964888Z: [    3.867142] VFS: Dquot-cache hash table entries: 512 (order 0, 4096 bytes)
[STDERR  ] 2018-07-27T18:22:41.297984003Z: [    3.869971] squashfs: version 4.0 (2009/01/31) Phillip Lougher
[STDERR  ] 2018-07-27T18:22:41.298004358Z: [    3.873050] FS-Cache: Netfs 'cifs' registered for caching
[STDERR  ] 2018-07-27T18:22:41.298024917Z: [    3.873783] fuse init (API version 7.23)
[STDERR  ] 2018-07-27T18:22:41.298045458Z: [    3.875775] SGI XFS with ACLs, security attributes, no debug enabled
[STDERR  ] 2018-07-27T18:22:41.298065561Z: [    3.878037] 9p: Installing v9fs 9p2000 file system support
[STDERR  ] 2018-07-27T18:22:41.298084420Z: [    3.878592] FS-Cache: Netfs '9p' registered for caching
[STDERR  ] 2018-07-27T18:22:41.298104346Z: [    3.880828] Key type big_key registered
[STDERR  ] 2018-07-27T18:22:41.298123409Z: [    3.905927] NET: Registered protocol family 38
[STDERR  ] 2018-07-27T18:22:41.298142926Z: [    3.906421] Key type asymmetric registered
[STDERR  ] 2018-07-27T18:22:41.298174654Z: [    3.906695] Asymmetric key parser 'x509' registered
[STDERR  ] 2018-07-27T18:22:41.298193937Z: [    3.907434] Block layer SCSI generic (bsg) driver version 0.4 loaded (major 251)
[STDERR  ] 2018-07-27T18:22:41.298240180Z: [    3.908584] io scheduler noop registered
[STDERR  ] 2018-07-27T18:22:41.298264386Z: [    3.908919] io scheduler deadline registered (default)
[STDERR  ] 2018-07-27T18:22:41.298282285Z: [    3.909507] io scheduler cfq registered
[STDERR  ] 2018-07-27T18:22:41.298299564Z: [    3.913057] pci_hotplug: PCI Hot Plug PCI Core version: 0.5
[STDERR  ] 2018-07-27T18:22:41.298334306Z: [    3.913618] pciehp: PCI Express Hot Plug Controller Driver version: 0.4
[STDERR  ] 2018-07-27T18:22:41.298353061Z: [    3.914332] shpchp: Standard Hot Plug PCI Controller Driver version: 0.4
[STDERR  ] 2018-07-27T18:22:41.298377116Z: [    3.915048] hv_vmbus: registering driver hyperv_fb
[STDERR  ] 2018-07-27T18:22:41.298395960Z: [    3.917660] input: Power Button as /devices/LNXSYSTM:00/LNXPWRBN:00/input/input0
[STDERR  ] 2018-07-27T18:22:41.298416799Z: [    3.918587] ACPI: Power Button [PWRF]
[STDERR  ] 2018-07-27T18:22:41.298435949Z: [    3.923529] GHES: HEST is not enabled!
[STDERR  ] 2018-07-27T18:22:41.298456450Z: [    3.931717] ACPI: PCI Interrupt Link [GSIG] enabled at IRQ 22
[STDERR  ] 2018-07-27T18:22:41.298476273Z: [    3.939689] ACPI: PCI Interrupt Link [GSIH] enabled at IRQ 23
[STDERR  ] 2018-07-27T18:22:41.298496375Z: [    3.942719] xenfs: not registering filesystem on non-xen platform
[STDERR  ] 2018-07-27T18:22:41.298517517Z: [    3.944671] Serial: 8250/16550 driver, 4 ports, IRQ sharing disabled
[STDERR  ] 2018-07-27T18:22:41.298537871Z: [    3.970796] 00:04: ttyS0 at I/O 0x3f8 (irq = 4, base_baud = 115200) is a 16550A
[STDERR  ] 2018-07-27T18:22:41.298557290Z: [    3.979392] Non-volatile memory driver v1.3
[STDERR  ] 2018-07-27T18:22:41.298577509Z: [    3.984691] Hangcheck: starting hangcheck timer 0.9.1 (tick is 180 seconds, margin is 60 seconds).
[STDERR  ] 2018-07-27T18:22:41.298597037Z: [    3.989280] random: nonblocking pool is initialized
[STDERR  ] 2018-07-27T18:22:41.298616838Z: [    4.016945] loop: module loaded
[STDERR  ] 2018-07-27T18:22:41.298636789Z: [    4.026118] nbd: registered device at major 43
[STDERR  ] 2018-07-27T18:22:41.298658374Z: [    4.055965] lpc_ich 0000:00:1f.0: I/O space for GPIO uninitialized
[STDERR  ] 2018-07-27T18:22:41.298677984Z: [    4.057319] VMware PVSCSI driver - version 1.0.5.0-k
[STDERR  ] 2018-07-27T18:22:41.298697741Z: [    4.057937] hv_vmbus: registering driver hv_storvsc
[STDERR  ] 2018-07-27T18:22:41.298716924Z: [    4.064873] ACPI: PCI Interrupt Link [GSIA] enabled at IRQ 16
[STDERR  ] 2018-07-27T18:22:41.298744295Z: [    4.071214] ahci 0000:00:1f.2: AHCI 0001.0000 32 slots 6 ports 1.5 Gbps 0x3f impl SATA mode
[STDERR  ] 2018-07-27T18:22:41.298762416Z: [    4.071785] ahci 0000:00:1f.2: flags: 64bit ncq only 
[STDERR  ] 2018-07-27T18:22:41.298780770Z: [    4.087730] scsi host0: ahci
[STDERR  ] 2018-07-27T18:22:41.298798946Z: [    4.090543] scsi host1: ahci
[STDERR  ] 2018-07-27T18:22:41.298815893Z: [    4.092290] scsi host2: ahci
[STDERR  ] 2018-07-27T18:22:41.298833240Z: [    4.093883] scsi host3: ahci
[STDERR  ] 2018-07-27T18:22:41.298851922Z: [    4.095462] scsi host4: ahci
[STDERR  ] 2018-07-27T18:22:41.298870599Z: [    4.097095] scsi host5: ahci
[STDERR  ] 2018-07-27T18:22:41.298890186Z: [    4.098518] ata1: SATA max UDMA/133 abar m4096@0xfebd2000 port 0xfebd2100 irq 24
[STDERR  ] 2018-07-27T18:22:41.298908727Z: [    4.098969] ata2: SATA max UDMA/133 abar m4096@0xfebd2000 port 0xfebd2180 irq 24
[STDERR  ] 2018-07-27T18:22:41.298927236Z: [    4.099381] ata3: SATA max UDMA/133 abar m4096@0xfebd2000 port 0xfebd2200 irq 24
[STDERR  ] 2018-07-27T18:22:41.298946129Z: [    4.099854] ata4: SATA max UDMA/133 abar m4096@0xfebd2000 port 0xfebd2280 irq 24
[STDERR  ] 2018-07-27T18:22:41.298965090Z: [    4.100549] ata5: SATA max UDMA/133 abar m4096@0xfebd2000 port 0xfebd2300 irq 24
[STDERR  ] 2018-07-27T18:22:41.298991499Z: [    4.100955] ata6: SATA max UDMA/133 abar m4096@0xfebd2000 port 0xfebd2380 irq 24
[STDERR  ] 2018-07-27T18:22:41.299009412Z: [    4.110027] tun: Universal TUN/TAP device driver, 1.6
[STDERR  ] 2018-07-27T18:22:41.299029001Z: [    4.110680] tun: (C) 1999-2004 Max Krasnyansky <maxk@qualcomm.com>
[STDERR  ] 2018-07-27T18:22:41.299053525Z: [    4.119630] VMware vmxnet3 virtual NIC driver - version 1.4.5.0-k-NAPI
[STDERR  ] 2018-07-27T18:22:41.299072788Z: [    4.121052] hv_vmbus: registering driver hv_netvsc
[STDERR  ] 2018-07-27T18:22:41.299099339Z: [    4.121458] Fusion MPT base driver 3.04.20
[STDERR  ] 2018-07-27T18:22:41.299129932Z: [    4.121737] Copyright (c) 1999-2008 LSI Corporation
[STDERR  ] 2018-07-27T18:22:41.299156138Z: [    4.122374] Fusion MPT SPI Host driver 3.04.20
[STDERR  ] 2018-07-27T18:22:41.299174024Z: [    4.123613] usbcore: registered new interface driver usb-storage
[STDERR  ] 2018-07-27T18:22:41.299195880Z: [    4.125066] i8042: PNP: PS/2 Controller [PNP0303:KBD,PNP0f13:MOU] at 0x60,0x64 irq 1,12
[STDERR  ] 2018-07-27T18:22:41.299213776Z: [    4.128493] serio: i8042 KBD port at 0x60,0x64 irq 1
[STDERR  ] 2018-07-27T18:22:41.299231109Z: [    4.129059] serio: i8042 AUX port at 0x60,0x64 irq 12
[STDERR  ] 2018-07-27T18:22:41.299248416Z: [    4.132272] hv_vmbus: registering driver hyperv_keyboard
[STDERR  ] 2018-07-27T18:22:41.299265210Z: [    4.134071] mousedev: PS/2 mouse device common for all mice
[STDERR  ] 2018-07-27T18:22:41.299281580Z: [    4.138086] input: AT Translated Set 2 keyboard as /devices/platform/i8042/serio0/input/input1
[STDERR  ] 2018-07-27T18:22:41.299299862Z: [    4.141106] input: PC Speaker as /devices/platform/pcspkr/input/input2
[STDERR  ] 2018-07-27T18:22:41.299325502Z: [    4.144347] rtc_cmos 00:00: RTC can wake from S4
[STDERR  ] 2018-07-27T18:22:41.299343267Z: [    4.147055] rtc_cmos 00:00: rtc core: registered rtc_cmos as rtc0
[STDERR  ] 2018-07-27T18:22:41.299362168Z: [    4.148299] rtc_cmos 00:00: alarms up to one day, y3k, 114 bytes nvram, hpet irqs
[STDERR  ] 2018-07-27T18:22:41.299380378Z: [    4.149094] i2c /dev entries driver
[STDERR  ] 2018-07-27T18:22:41.299591455Z: [    4.151029] device-mapper: ioctl: 4.34.0-ioctl (2015-10-28) initialised: dm-devel@redhat.com
[STDERR  ] 2018-07-27T18:22:41.299642809Z: [    4.155458] usbcore: registered new interface driver usbhid
[STDERR  ] 2018-07-27T18:22:41.299691246Z: [    4.155851] usbhid: USB HID core driver
[STDERR  ] 2018-07-27T18:22:41.299745596Z: [    4.156383] hv_utils: Registering HyperV Utility Driver
[STDERR  ] 2018-07-27T18:22:41.299806257Z: [    4.156685] hv_vmbus: registering driver hv_util
[STDERR  ] 2018-07-27T18:22:41.299852962Z: [    4.157006] hv_vmbus: registering driver hv_balloon
[STDERR  ] 2018-07-27T18:22:41.299899451Z: [    4.157446] oprofile: using NMI interrupt.
[STDERR  ] 2018-07-27T18:22:41.299946828Z: [    4.158368] GACT probability on
[STDERR  ] 2018-07-27T18:22:41.300039292Z: [    4.158679] Mirror/redirect action on
[STDERR  ] 2018-07-27T18:22:41.300092333Z: [    4.159018] Simple TC action Loaded
[STDERR  ] 2018-07-27T18:22:41.300141749Z: [    4.159332] u32 classifier
[STDERR  ] 2018-07-27T18:22:41.300193507Z: [    4.159495]     Performance counters on
[STDERR  ] 2018-07-27T18:22:41.300246299Z: [    4.159714]     input device check on
[STDERR  ] 2018-07-27T18:22:41.300300498Z: [    4.159965]     Actions configured
[STDERR  ] 2018-07-27T18:22:41.300361592Z: [    4.160966] Netfilter messages via NETLINK v0.30.
[STDERR  ] 2018-07-27T18:22:41.300411890Z: [    4.161502] nfnl_acct: registering with nfnetlink.
[STDERR  ] 2018-07-27T18:22:41.300476439Z: [    4.162348] nf_conntrack version 0.5.0 (7922 buckets, 31688 max)
[STDERR  ] 2018-07-27T18:22:41.300529267Z: [    4.165447] ctnetlink v0.93: registering with nfnetlink.
[STDERR  ] 2018-07-27T18:22:41.300585880Z: [    4.168072] nf_tables: (c) 2007-2009 Patrick McHardy <kaber@trash.net>
[STDERR  ] 2018-07-27T18:22:41.300633062Z: [    4.168893] nf_tables_compat: (c) 2012 Pablo Neira Ayuso <pablo@netfilter.org>
[STDERR  ] 2018-07-27T18:22:41.300678956Z: [    4.172018] xt_time: kernel timezone is -0000
[STDERR  ] 2018-07-27T18:22:41.300944979Z: [    4.172538] ip_set: protocol 6
[STDERR  ] 2018-07-27T18:22:41.300992075Z: [    4.173116] IPVS: Registered protocols (TCP, UDP, SCTP, AH, ESP)
[STDERR  ] 2018-07-27T18:22:41.301038408Z: [    4.173668] IPVS: Connection hash table configured (size=4096, memory=64Kbytes)
[STDERR  ] 2018-07-27T18:22:41.301117315Z: [    4.175155] IPVS: Creating netns size=2096 id=0
[STDERR  ] 2018-07-27T18:22:41.301167599Z: [    4.177136] IPVS: ipvs loaded.
[STDERR  ] 2018-07-27T18:22:41.301227972Z: [    4.177484] IPVS: [rr] scheduler registered.
[STDERR  ] 2018-07-27T18:22:41.301278772Z: [    4.177833] IPVS: [wrr] scheduler registered.
[STDERR  ] 2018-07-27T18:22:41.301350852Z: [    4.178153] IPVS: [lc] scheduler registered.
[STDERR  ] 2018-07-27T18:22:41.301411097Z: [    4.178476] IPVS: [wlc] scheduler registered.
[STDERR  ] 2018-07-27T18:22:41.301477824Z: [    4.178796] IPVS: [fo] scheduler registered.
[STDERR  ] 2018-07-27T18:22:41.301529064Z: [    4.179110] IPVS: [ovf] scheduler registered.
[STDERR  ] 2018-07-27T18:22:41.301590280Z: [    4.179625] IPVS: [lblc] scheduler registered.
[STDERR  ] 2018-07-27T18:22:41.301651629Z: [    4.180417] IPVS: [lblcr] scheduler registered.
[STDERR  ] 2018-07-27T18:22:41.301709043Z: [    4.180808] IPVS: [dh] scheduler registered.
[STDERR  ] 2018-07-27T18:22:41.301760093Z: [    4.181072] IPVS: [sh] scheduler registered.
[STDERR  ] 2018-07-27T18:22:41.301822640Z: [    4.181337] IPVS: [sed] scheduler registered.
[STDERR  ] 2018-07-27T18:22:41.301881418Z: [    4.181655] IPVS: [nq] scheduler registered.
[STDERR  ] 2018-07-27T18:22:41.301932981Z: [    4.182233] IPVS: ftp: loaded support on port[0] = 21
[STDERR  ] 2018-07-27T18:22:41.301992439Z: [    4.182866] ipip: IPv4 over IPv4 tunneling driver
[STDERR  ] 2018-07-27T18:22:41.302075160Z: [    4.186252] gre: GRE over IPv4 demultiplexor driver
[STDERR  ] 2018-07-27T18:22:41.302143411Z: [    4.188875] ip_tables: (C) 2000-2006 Netfilter Core Team
[STDERR  ] 2018-07-27T18:22:41.302193628Z: [    4.192097] ipt_CLUSTERIP: ClusterIP Version 0.8 loaded successfully
[STDERR  ] 2018-07-27T18:22:41.302276977Z: [    4.192765] arp_tables: (C) 2002 David S. Miller
[STDERR  ] 2018-07-27T18:22:41.302352957Z: [    4.194933] NET: Registered protocol family 10
[STDERR  ] 2018-07-27T18:22:41.302407842Z: [    4.202488] ip6_tables: (C) 2000-2006 Netfilter Core Team
[STDERR  ] 2018-07-27T18:22:41.302466251Z: [    4.209434] NET: Registered protocol family 17
[STDERR  ] 2018-07-27T18:22:41.302519063Z: [    4.210881] bridge: automatic filtering via arp/ip/ip6tables has been deprecated. Update your scripts to load br_netfilter if you need this.
[STDERR  ] 2018-07-27T18:22:41.302582545Z: [    4.212092] Bridge firewalling registered
[STDERR  ] 2018-07-27T18:22:41.302646531Z: [    4.212672] Ebtables v2.0 registered
[STDERR  ] 2018-07-27T18:22:41.302707513Z: [    4.214612] 8021q: 802.1Q VLAN Support v1.8
[STDERR  ] 2018-07-27T18:22:41.302769827Z: [    4.215802] 9pnet: Installing 9P2000 support
[STDERR  ] 2018-07-27T18:22:41.302822610Z: [    4.217229] Key type dns_resolver registered
[STDERR  ] 2018-07-27T18:22:41.302884820Z: [    4.221528] registered taskstats version 1
[STDERR  ] 2018-07-27T18:22:41.302949536Z: [    4.357368] Key type encrypted registered
[STDERR  ] 2018-07-27T18:22:41.303009890Z: [    4.362048] rtc_cmos 00:00: setting system clock to 2018-07-27 18:22:30 UTC (1532715750)
[STDERR  ] 2018-07-27T18:22:41.303078857Z: [    4.451182] ata4: SATA link down (SStatus 0 SControl 300)
[STDERR  ] 2018-07-27T18:22:41.303139017Z: [    4.452907] ata2: SATA link down (SStatus 0 SControl 300)
[STDERR  ] 2018-07-27T18:22:41.303190820Z: [    4.453373] ata1: SATA link down (SStatus 0 SControl 300)
[STDERR  ] 2018-07-27T18:22:41.303240532Z: [    4.454196] ata3: SATA link up 1.5 Gbps (SStatus 113 SControl 300)
[STDERR  ] 2018-07-27T18:22:41.303294056Z: [    4.458720] ata3.00: ATAPI: QEMU DVD-ROM, 2.5+, max UDMA/100
[STDERR  ] 2018-07-27T18:22:41.303366843Z: [    4.459172] ata3.00: applying bridge limits
[STDERR  ] 2018-07-27T18:22:41.303426266Z: [    4.460560] ata5: SATA link down (SStatus 0 SControl 300)
[STDERR  ] 2018-07-27T18:22:41.303482614Z: [    4.461017] ata6: SATA link down (SStatus 0 SControl 300)
[STDERR  ] 2018-07-27T18:22:41.303551226Z: [    4.461981] ata3.00: configured for UDMA/100
[STDERR  ] 2018-07-27T18:22:41.303607248Z: [    4.471864] scsi 2:0:0:0: CD-ROM            QEMU     QEMU DVD-ROM     2.5+ PQ: 0 ANSI: 5
[STDERR  ] 2018-07-27T18:22:41.303666330Z: [    4.482868] sr 2:0:0:0: [sr0] scsi3-mmc drive: 4x/4x cd/rw xa/form2 tray
[STDERR  ] 2018-07-27T18:22:41.303732698Z: [    4.483422] cdrom: Uniform CD-ROM driver Revision: 3.20
[STDERR  ] 2018-07-27T18:22:41.303781234Z: [    4.488835] sr 2:0:0:0: Attached scsi generic sg0 type 5
[STDERR  ] 2018-07-27T18:22:41.303853019Z: [    4.601491] Freeing unused kernel memory: 1320K
[STDERR  ] 2018-07-27T18:22:41.303916972Z: [    4.601853] Write protecting the kernel read-only data: 12288k
[STDERR  ] 2018-07-27T18:22:41.303972461Z: [    4.608141] Freeing unused kernel memory: 484K
[STDERR  ] 2018-07-27T18:22:41.304034818Z: [    4.690570] Freeing unused kernel memory: 1376K
[STDERR  ] 2018-07-27T18:22:41.304082050Z: [    4.830623] tsc: Refined TSC clocksource calibration: 2599.859 MHz
[STDERR  ] 2018-07-27T18:22:41.304128742Z: [    4.831054] clocksource: tsc: mask: 0xffffffffffffffff max_cycles: 0x2579b7276cd, max_idle_ns: 440795305842 ns
[STDERR  ] 2018-07-27T18:22:41.304175983Z: [    5.837725] clocksource: Switched to clocksource tsc
[STDERR  ] 2018-07-27T18:22:41.304231495Z: 
[STDERR  ] 2018-07-27T18:22:41.304294789Z: Welcome to LinuxKit
[STDERR  ] 2018-07-27T18:22:41.304354639Z: 
[STDERR  ] 2018-07-27T18:22:41.304401349Z:                         ##         .
[STDERR  ] 2018-07-27T18:22:41.304453458Z:                   ## ## ##        ==
[STDERR  ] 2018-07-27T18:22:41.304508590Z:                ## ## ## ## ##    ===
[STDERR  ] 2018-07-27T18:22:41.304555150Z:            /"""""""""""""""""\___/ ===
[STDERR  ] 2018-07-27T18:22:41.304635234Z:           {                       /  ===-
[STDERR  ] 2018-07-27T18:22:41.304679388Z:            \______ O           __/
[STDERR  ] 2018-07-27T18:22:41.304727711Z:              \    \         __/
[STDERR  ] 2018-07-27T18:22:41.304781708Z:               \____\_______/
[STDERR  ] 2018-07-27T18:22:41.304835770Z: 
[STDERR  ] 2018-07-27T18:22:41.304889204Z: [   10.463750] hello_world: loading out-of-tree module taints kernel.
[STDERR  ] 2018-07-27T18:22:41.304935550Z: [   10.466337] Hello LinuxKit
[STDERR  ] 2018-07-27T18:22:41.304981545Z: [   10.542328] Goodbye LinuxKit.
[STDERR  ] 2018-07-27T18:22:41.305048710Z: Linux linuxkit-4aca25451790 4.4.144-linuxkit #1 SMP Wed Jul 25 21:58:11 UTC 2018 x86_64 Linux
[STDERR  ] 2018-07-27T18:22:41.305104162Z: filename:       hello_world.ko
[STDERR  ] 2018-07-27T18:22:41.305159114Z: author:         Rolf Neugebauer <rolf.neugebauer@docker.com>
[STDERR  ] 2018-07-27T18:22:41.305210747Z: description:    A simple Hello World kernel module for testing
[STDERR  ] 2018-07-27T18:22:41.305268701Z: license:        GPL
[STDERR  ] 2018-07-27T18:22:41.305320902Z: depends:        
[STDERR  ] 2018-07-27T18:22:41.305373140Z: vermagic:       4.4.144-linuxkit SMP mod_unload 
[STDERR  ] 2018-07-27T18:22:41.305419901Z: Kernel module test suite PASSED
[STDERR  ] 2018-07-27T18:22:41.305473468Z: [   14.631126] ACPI: Preparing to enter system sleep state S5
[STDERR  ] 2018-07-27T18:22:41.305528952Z: [   14.632205] reboot: Power down
[STDERR  ] 2018-07-27T18:22:41.305576881Z: + exit 0
[STDERR  ] 2018-07-27T18:22:41.305631259Z: + clean_up
[STDERR  ] 2018-07-27T18:22:41.305685720Z: + docker rmi kmod-test
[STDOUT  ] 2018-07-27T18:22:41.378356630Z: Untagged: kmod-test:latest
[STDOUT  ] 2018-07-27T18:22:41.378411923Z: Deleted: sha256:df2fac22395c3846f882aaca5c3f64b3bf1f867c7506f765d9340c306abcf50f
[STDOUT  ] 2018-07-27T18:22:41.378445967Z: Deleted: sha256:33379388b8d76d6fb317ca698de4a790d953d134e0517330169eae582991ea97
[STDOUT  ] 2018-07-27T18:22:41.378458329Z: Deleted: sha256:a3ebddee6444270e72433d9015800ab7e0bc1e2dd6212b69dccae5b2f0df1454
[STDOUT  ] 2018-07-27T18:22:41.378470520Z: Deleted: sha256:569cf80254d09f7deb19df6e1915fb6e6d5b75e4938fa7be033047b8602d0685
[STDOUT  ] 2018-07-27T18:22:41.378482901Z: Deleted: sha256:84184ebf9c0ae36a059adbb4f46255e67b525ffa0560e842dc1fb6721a01f774
[STDERR  ] 2018-07-27T18:22:41.379751298Z: + rm -rf kmod-cmdline kmod-initrd.img kmod-kernel kmod-state
[PASS    ] linuxkit.kernel.kmod_4.4.x 68.40s
