[INFO    ] 2018-06-09T12:43:14.435545441Z: Running Test linuxkit.kernel.kmod_4.15.x in /tmp/build/test/cases/020_kernel/017_kmod_4.15.x
[INFO    ] 2018-06-09T12:43:14.435695452Z: Running command: [/bin/sh -x /tmp/build/test/cases/020_kernel/017_kmod_4.15.x/test.sh]
[STDERR  ] 2018-06-09T12:43:14.462526522Z: + set -e
[STDERR  ] 2018-06-09T12:43:14.462608013Z: + . /tmp/build/test/cases/_lib/lib.sh
[STDERR  ] 2018-06-09T12:43:14.462624077Z: + [ -f src/github.com/linuxkit/rtf/lib/lib.sh ]
[STDERR  ] 2018-06-09T12:43:14.463106009Z: + LINUXKIT_TMPDIR=/tmp/build/test/cases/_tmp
[STDERR  ] 2018-06-09T12:43:14.463155131Z: + [ -f /tmp/build/test/cases/_tmp/env.sh ]
[STDERR  ] 2018-06-09T12:43:14.463169225Z: + . /tmp/build/test/cases/_tmp/env.sh
[STDERR  ] 2018-06-09T12:43:14.463234583Z: + export LINUXKIT_EXAMPLES_DIR=/tmp/build/test/cases/../../examples
[STDERR  ] 2018-06-09T12:43:14.463268061Z: + RT_CANCEL=253
[STDERR  ] 2018-06-09T12:43:14.463286669Z: + NAME=kmod
[STDERR  ] 2018-06-09T12:43:14.463299535Z: + IMAGE_NAME=kmod-test
[STDERR  ] 2018-06-09T12:43:14.463354787Z: + trap clean_up EXIT
[STDERR  ] 2018-06-09T12:43:14.463372523Z: + docker pull linuxkit/kernel:4.15.18
[STDOUT  ] 2018-06-09T12:43:15.717586621Z: 4.15.18: Pulling from linuxkit/kernel
[STDOUT  ] 2018-06-09T12:43:16.135557960Z: Digest: sha256:b0d9e245e34f029371c9ae178565979e927f3bebd2cfef7d5252609c11460ecf
[STDOUT  ] 2018-06-09T12:43:16.141206157Z: Status: Downloaded newer image for linuxkit/kernel:4.15.18
[STDERR  ] 2018-06-09T12:43:16.142295800Z: + docker build -t kmod-test .
[STDOUT  ] 2018-06-09T12:43:16.180668781Z: Sending build context to Docker daemon  8.704kB
[STDOUT  ] 2018-06-09T12:43:16.341275827Z: Step 1/12 : FROM linuxkit/kernel:4.15.18 AS ksrc
[STDOUT  ] 2018-06-09T12:43:16.341326669Z:  ---> 8114975bb7ff
[STDOUT  ] 2018-06-09T12:43:16.341337142Z: Step 2/12 : FROM linuxkit/alpine:f3cd219615428b2bd943411723eb28875275fae7 AS build
[STDOUT  ] 2018-06-09T12:43:16.341347893Z:  ---> 9577d6001cc2
[STDOUT  ] 2018-06-09T12:43:16.341356830Z: Step 3/12 : RUN apk add build-base libelf-dev
[STDOUT  ] 2018-06-09T12:43:16.341365820Z:  ---> Using cache
[STDOUT  ] 2018-06-09T12:43:16.341374681Z:  ---> 1ba6a9af6da2
[STDOUT  ] 2018-06-09T12:43:16.341383818Z: Step 4/12 : COPY --from=ksrc /kernel-dev.tar /
[STDOUT  ] 2018-06-09T12:43:18.175531439Z:  ---> ff543b9dcd43
[STDOUT  ] 2018-06-09T12:43:18.195292201Z: Removing intermediate container e91e84857f15
[STDOUT  ] 2018-06-09T12:43:18.195336488Z: Step 5/12 : RUN tar xf kernel-dev.tar
[STDOUT  ] 2018-06-09T12:43:18.280833397Z:  ---> Running in 883946d1396b
[STDOUT  ] 2018-06-09T12:43:24.455616620Z:  ---> f09050bea923
[STDOUT  ] 2018-06-09T12:43:24.841031465Z: Removing intermediate container 883946d1396b
[STDOUT  ] 2018-06-09T12:43:24.841099318Z: Step 6/12 : WORKDIR /kmod
[STDOUT  ] 2018-06-09T12:43:25.139284519Z:  ---> 5b76088a8be0
[STDOUT  ] 2018-06-09T12:43:25.145561111Z: Removing intermediate container 98b96baa594b
[STDOUT  ] 2018-06-09T12:43:25.145627599Z: Step 7/12 : COPY ./src/* ./
[STDOUT  ] 2018-06-09T12:43:25.623386854Z:  ---> 882c973d96a0
[STDOUT  ] 2018-06-09T12:43:25.628765775Z: Removing intermediate container 0b740e63d24e
[STDOUT  ] 2018-06-09T12:43:25.628803177Z: Step 8/12 : RUN make all
[STDOUT  ] 2018-06-09T12:43:25.704336770Z:  ---> Running in 265bc5eeacb1
[STDOUT  ] 2018-06-09T12:43:26.009437131Z: make -C /usr/src/linux-headers-4.15.18-linuxkit M=/kmod modules
[STDOUT  ] 2018-06-09T12:43:26.010364784Z: make[1]: Entering directory '/usr/src/linux-headers-4.15.18-linuxkit'
[STDOUT  ] 2018-06-09T12:43:26.013037577Z: [91mgetconf: LFS_CFLAGS: unknown variable
[STDOUT  ] 2018-06-09T12:43:26.013652965Z: [0m[91mgetconf: LFS_LDFLAGS: unknown variable
[STDOUT  ] 2018-06-09T12:43:26.013786085Z: [0m[91mgetconf: LFS_LIBS: unknown variable
[STDOUT  ] 2018-06-09T12:43:27.602102571Z: [0m  CC [M]  /kmod/hello_world.o
[STDOUT  ] 2018-06-09T12:43:27.820455047Z:   Building modules, stage 2.
[STDOUT  ] 2018-06-09T12:43:27.833108646Z:   MODPOST 1 modules
[STDOUT  ] 2018-06-09T12:43:27.847229548Z:   CC      /kmod/hello_world.mod.o
[STDOUT  ] 2018-06-09T12:43:28.034474675Z:   LD [M]  /kmod/hello_world.ko
[STDOUT  ] 2018-06-09T12:43:28.037379898Z: make[1]: Leaving directory '/usr/src/linux-headers-4.15.18-linuxkit'
[STDOUT  ] 2018-06-09T12:43:28.450979332Z:  ---> 5b2437646021
[STDOUT  ] 2018-06-09T12:43:28.457787105Z: Removing intermediate container 265bc5eeacb1
[STDOUT  ] 2018-06-09T12:43:28.457827170Z: Step 9/12 : FROM alpine:3.7
[STDOUT  ] 2018-06-09T12:43:28.458157976Z:  ---> 3fd9065eaf02
[STDOUT  ] 2018-06-09T12:43:28.458178978Z: Step 10/12 : COPY --from=build /kmod/hello_world.ko /
[STDOUT  ] 2018-06-09T12:43:28.803268673Z:  ---> dd58c7c95f04
[STDOUT  ] 2018-06-09T12:43:28.808026193Z: Removing intermediate container d05b18b836f4
[STDOUT  ] 2018-06-09T12:43:28.808070636Z: Step 11/12 : COPY check.sh /check.sh
[STDOUT  ] 2018-06-09T12:43:29.143374859Z:  ---> 8a31eb864e1a
[STDOUT  ] 2018-06-09T12:43:29.148461478Z: Removing intermediate container af2420ca2c32
[STDOUT  ] 2018-06-09T12:43:29.148502607Z: Step 12/12 : ENTRYPOINT /bin/sh /check.sh
[STDOUT  ] 2018-06-09T12:43:29.239707085Z:  ---> Running in 1c923e14f8f1
[STDOUT  ] 2018-06-09T12:43:29.408112527Z:  ---> 14eeb3e6a656
[STDOUT  ] 2018-06-09T12:43:29.414138697Z: Removing intermediate container 1c923e14f8f1
[STDOUT  ] 2018-06-09T12:43:29.414175180Z: Successfully built 14eeb3e6a656
[STDOUT  ] 2018-06-09T12:43:29.418611877Z: Successfully tagged kmod-test:latest
[STDERR  ] 2018-06-09T12:43:29.452977853Z: + linuxkit build -format kernel+initrd -name kmod test.yml
[STDERR  ] 2018-06-09T12:43:29.765651613Z: Extract kernel image: linuxkit/kernel:4.15.18
[STDERR  ] 2018-06-09T12:43:31.445429505Z: Add init containers:
[STDERR  ] 2018-06-09T12:43:31.445493928Z: Process init image: linuxkit/init:d0bf64f4cea42bea71e7d8f8832ba497bb822e89
[STDERR  ] 2018-06-09T12:43:32.684571395Z: Process init image: linuxkit/runc:acba8886e4b1318457c711700f695a02fef9493d
[STDERR  ] 2018-06-09T12:43:33.912080181Z: Add onboot containers:
[STDERR  ] 2018-06-09T12:43:33.912138352Z:   Create OCI config for kmod-test
[STDERR  ] 2018-06-09T12:43:34.045194574Z:   Create OCI config for linuxkit/poweroff:5740687bf0a6a0480922c0f59b3a4ca77c866cae
[STDERR  ] 2018-06-09T12:43:35.230036419Z: Create outputs:
[STDERR  ] 2018-06-09T12:43:39.886301054Z:   kmod-kernel kmod-initrd.img kmod-cmdline
[STDERR  ] 2018-06-09T12:43:39.938010781Z: + linuxkit run kmod
[STDERR  ] 2018-06-09T12:43:40.125585765Z: Unable to find qemu-system-x86_64 within the $PATH. Using a container
[STDERR  ] 2018-06-09T12:43:58.888820384Z: + RESULT=[    0.000000] Linux version 4.15.18-linuxkit (root@2c3ec16d5a10) (gcc version 6.4.0 (Alpine 6.4.0)) #1 SMP Mon Apr 23 11:01:45 UTC 2018
[STDERR  ] 2018-06-09T12:43:58.888886525Z: [    0.000000] Command line: console=ttyS0 console=ttyAMA0
[STDERR  ] 2018-06-09T12:43:58.888904715Z: [    0.000000] x86/fpu: x87 FPU will use FXSAVE
[STDERR  ] 2018-06-09T12:43:58.888917572Z: [    0.000000] e820: BIOS-provided physical RAM map:
[STDERR  ] 2018-06-09T12:43:58.888932597Z: [    0.000000] BIOS-e820: [mem 0x0000000000000000-0x000000000009fbff] usable
[STDERR  ] 2018-06-09T12:43:58.888946514Z: [    0.000000] BIOS-e820: [mem 0x000000000009fc00-0x000000000009ffff] reserved
[STDERR  ] 2018-06-09T12:43:58.888961314Z: [    0.000000] BIOS-e820: [mem 0x00000000000f0000-0x00000000000fffff] reserved
[STDERR  ] 2018-06-09T12:43:58.888979621Z: [    0.000000] BIOS-e820: [mem 0x0000000000100000-0x000000003ffdefff] usable
[STDERR  ] 2018-06-09T12:43:58.888992929Z: [    0.000000] BIOS-e820: [mem 0x000000003ffdf000-0x000000003fffffff] reserved
[STDERR  ] 2018-06-09T12:43:58.889009923Z: [    0.000000] BIOS-e820: [mem 0x00000000b0000000-0x00000000bfffffff] reserved
[STDERR  ] 2018-06-09T12:43:58.889033290Z: [    0.000000] BIOS-e820: [mem 0x00000000fed1c000-0x00000000fed1ffff] reserved
[STDERR  ] 2018-06-09T12:43:58.889047871Z: [    0.000000] BIOS-e820: [mem 0x00000000fffc0000-0x00000000ffffffff] reserved
[STDERR  ] 2018-06-09T12:43:58.889059294Z: [    0.000000] NX (Execute Disable) protection: active
[STDERR  ] 2018-06-09T12:43:58.889070895Z: [    0.000000] random: fast init done
[STDERR  ] 2018-06-09T12:43:58.889087153Z: [    0.000000] SMBIOS 2.8 present.
[STDERR  ] 2018-06-09T12:43:58.889102757Z: [    0.000000] DMI: QEMU Standard PC (Q35 + ICH9, 2009), BIOS rel-1.10.2-0-g5f4c7b1-prebuilt.qemu-project.org 04/01/2014
[STDERR  ] 2018-06-09T12:43:58.889118728Z: [    0.000000] e820: last_pfn = 0x3ffdf max_arch_pfn = 0x400000000
[STDERR  ] 2018-06-09T12:43:58.889130891Z: [    0.000000] x86/PAT: Configuration [0-7]: WB  WC  UC- UC  WB  WP  UC- WT  
[STDERR  ] 2018-06-09T12:43:58.889142542Z: [    0.000000] found SMP MP-table at [mem 0x000f6aa0-0x000f6aaf] mapped at [        (ptrval)]
[STDERR  ] 2018-06-09T12:43:58.889155621Z: [    0.000000] RAMDISK: [mem 0x3e551000-0x3ffcffff]
[STDERR  ] 2018-06-09T12:43:58.889169409Z: [    0.000000] ACPI: Early table checksum verification disabled
[STDERR  ] 2018-06-09T12:43:58.889181811Z: [    0.000000] ACPI: RSDP 0x00000000000F68B0 000014 (v00 BOCHS )
[STDERR  ] 2018-06-09T12:43:58.889194119Z: [    0.000000] ACPI: RSDT 0x000000003FFE20A8 000034 (v01 BOCHS  BXPCRSDT 00000001 BXPC 00000001)
[STDERR  ] 2018-06-09T12:43:58.889206172Z: [    0.000000] ACPI: FACP 0x000000003FFE1EC8 0000F4 (v03 BOCHS  BXPCFACP 00000001 BXPC 00000001)
[STDERR  ] 2018-06-09T12:43:58.889232214Z: [    0.000000] ACPI: DSDT 0x000000003FFE0040 001E88 (v01 BOCHS  BXPCDSDT 00000001 BXPC 00000001)
[STDERR  ] 2018-06-09T12:43:58.889245544Z: [    0.000000] ACPI: FACS 0x000000003FFE0000 000040
[STDERR  ] 2018-06-09T12:43:58.889260057Z: [    0.000000] ACPI: APIC 0x000000003FFE1FBC 000078 (v01 BOCHS  BXPCAPIC 00000001 BXPC 00000001)
[STDERR  ] 2018-06-09T12:43:58.889271777Z: [    0.000000] ACPI: HPET 0x000000003FFE2034 000038 (v01 BOCHS  BXPCHPET 00000001 BXPC 00000001)
[STDERR  ] 2018-06-09T12:43:58.889284018Z: [    0.000000] ACPI: MCFG 0x000000003FFE206C 00003C (v01 BOCHS  BXPCMCFG 00000001 BXPC 00000001)
[STDERR  ] 2018-06-09T12:43:58.889296218Z: [    0.000000] tsc: Fast TSC calibration using PIT
[STDERR  ] 2018-06-09T12:43:58.889308136Z: [    0.000000] Zone ranges:
[STDERR  ] 2018-06-09T12:43:58.889319605Z: [    0.000000]   DMA      [mem 0x0000000000001000-0x0000000000ffffff]
[STDERR  ] 2018-06-09T12:43:58.889331592Z: [    0.000000]   DMA32    [mem 0x0000000001000000-0x000000003ffdefff]
[STDERR  ] 2018-06-09T12:43:58.889344429Z: [    0.000000]   Normal   empty
[STDERR  ] 2018-06-09T12:43:58.889356520Z: [    0.000000]   Device   empty
[STDERR  ] 2018-06-09T12:43:58.889368885Z: [    0.000000] Movable zone start for each node
[STDERR  ] 2018-06-09T12:43:58.889381424Z: [    0.000000] Early memory node ranges
[STDERR  ] 2018-06-09T12:43:58.889393525Z: [    0.000000]   node   0: [mem 0x0000000000001000-0x000000000009efff]
[STDERR  ] 2018-06-09T12:43:58.889406172Z: [    0.000000]   node   0: [mem 0x0000000000100000-0x000000003ffdefff]
[STDERR  ] 2018-06-09T12:43:58.889417447Z: [    0.000000] Initmem setup node 0 [mem 0x0000000000001000-0x000000003ffdefff]
[STDERR  ] 2018-06-09T12:43:58.889429902Z: [    0.000000] Reserved but unavailable: 98 pages
[STDERR  ] 2018-06-09T12:43:58.889442411Z: [    0.000000] ACPI: PM-Timer IO Port: 0x608
[STDERR  ] 2018-06-09T12:43:58.889455999Z: [    0.000000] ACPI: LAPIC_NMI (acpi_id[0xff] dfl dfl lint[0x1])
[STDERR  ] 2018-06-09T12:43:58.889470809Z: [    0.000000] IOAPIC[0]: apic_id 0, version 32, address 0xfec00000, GSI 0-23
[STDERR  ] 2018-06-09T12:43:58.889508238Z: [    0.000000] ACPI: INT_SRC_OVR (bus 0 bus_irq 0 global_irq 2 dfl dfl)
[STDERR  ] 2018-06-09T12:43:58.889522950Z: [    0.000000] ACPI: INT_SRC_OVR (bus 0 bus_irq 5 global_irq 5 high level)
[STDERR  ] 2018-06-09T12:43:58.889535109Z: [    0.000000] ACPI: INT_SRC_OVR (bus 0 bus_irq 9 global_irq 9 high level)
[STDERR  ] 2018-06-09T12:43:58.889556273Z: [    0.000000] ACPI: INT_SRC_OVR (bus 0 bus_irq 10 global_irq 10 high level)
[STDERR  ] 2018-06-09T12:43:58.889568038Z: [    0.000000] ACPI: INT_SRC_OVR (bus 0 bus_irq 11 global_irq 11 high level)
[STDERR  ] 2018-06-09T12:43:58.889580765Z: [    0.000000] Using ACPI (MADT) for SMP configuration information
[STDERR  ] 2018-06-09T12:43:58.889593347Z: [    0.000000] ACPI: HPET id: 0x8086a201 base: 0xfed00000
[STDERR  ] 2018-06-09T12:43:58.889613496Z: [    0.000000] smpboot: Allowing 1 CPUs, 0 hotplug CPUs
[STDERR  ] 2018-06-09T12:43:58.889625650Z: [    0.000000] e820: [mem 0x40000000-0xafffffff] available for PCI devices
[STDERR  ] 2018-06-09T12:43:58.889638156Z: [    0.000000] Booting paravirtualized kernel on bare hardware
[STDERR  ] 2018-06-09T12:43:58.889649972Z: [    0.000000] clocksource: refined-jiffies: mask: 0xffffffff max_cycles: 0xffffffff, max_idle_ns: 19112604462750000 ns
[STDERR  ] 2018-06-09T12:43:58.889661714Z: [    0.000000] setup_percpu: NR_CPUS:128 nr_cpumask_bits:128 nr_cpu_ids:1 nr_node_ids:1
[STDERR  ] 2018-06-09T12:43:58.889676926Z: [    0.000000] percpu: Embedded 44 pages/cpu @        (ptrval) s142936 r8192 d29096 u2097152
[STDERR  ] 2018-06-09T12:43:58.889688796Z: [    0.000000] Built 1 zonelists, mobility grouping on.  Total pages: 257896
[STDERR  ] 2018-06-09T12:43:58.889700617Z: [    0.000000] Kernel command line: console=ttyS0 console=ttyAMA0
[STDERR  ] 2018-06-09T12:43:58.889711830Z: [    0.000000] Dentry cache hash table entries: 131072 (order: 8, 1048576 bytes)
[STDERR  ] 2018-06-09T12:43:58.889722461Z: [    0.000000] Inode-cache hash table entries: 65536 (order: 7, 524288 bytes)
[STDERR  ] 2018-06-09T12:43:58.889733965Z: [    0.000000] Memory: 977652K/1048052K available (12300K kernel code, 1480K rwdata, 3012K rodata, 1520K init, 632K bss, 70400K reserved, 0K cma-reserved)
[STDERR  ] 2018-06-09T12:43:58.889752735Z: [    0.000000] ftrace: allocating 41314 entries in 162 pages
[STDERR  ] 2018-06-09T12:43:58.889764783Z: [    0.000000] Hierarchical RCU implementation.
[STDERR  ] 2018-06-09T12:43:58.889776836Z: [    0.000000] 	RCU restricting CPUs from NR_CPUS=128 to nr_cpu_ids=1.
[STDERR  ] 2018-06-09T12:43:58.889790697Z: [    0.000000] RCU: Adjusting geometry for rcu_fanout_leaf=16, nr_cpu_ids=1
[STDERR  ] 2018-06-09T12:43:58.889803759Z: [    0.000000] NR_IRQS: 8448, nr_irqs: 256, preallocated irqs: 16
[STDERR  ] 2018-06-09T12:43:58.889815430Z: [    0.000000] Console: colour VGA+ 80x25
[STDERR  ] 2018-06-09T12:43:58.889826781Z: [    0.000000] console [ttyS0] enabled
[STDERR  ] 2018-06-09T12:43:58.889838101Z: [    0.000000] ACPI: Core revision 20170831
[STDERR  ] 2018-06-09T12:43:58.889850040Z: [    0.000000] ACPI: 1 ACPI AML tables successfully acquired and loaded
[STDERR  ] 2018-06-09T12:43:58.889861197Z: [    0.000000] clocksource: hpet: mask: 0xffffffff max_cycles: 0xffffffff, max_idle_ns: 19112604467 ns
[STDERR  ] 2018-06-09T12:43:58.889873790Z: [    0.010000] APIC: Switch to symmetric I/O mode setup
[STDERR  ] 2018-06-09T12:43:58.889885898Z: [    0.010000] ..TIMER: vector=0x30 apic1=0 pin1=2 apic2=-1 pin2=-1
[STDERR  ] 2018-06-09T12:43:58.889896753Z: [    0.060000] tsc: Fast TSC calibration using PIT
[STDERR  ] 2018-06-09T12:43:58.889909256Z: [    0.060000] tsc: Detected 2600.007 MHz processor
[STDERR  ] 2018-06-09T12:43:58.889921038Z: [    0.060000] Calibrating delay loop (skipped), value calculated using timer frequency.. 5200.01 BogoMIPS (lpj=26000070)
[STDERR  ] 2018-06-09T12:43:58.889933690Z: [    0.060000] pid_max: default: 32768 minimum: 301
[STDERR  ] 2018-06-09T12:43:58.889944088Z: [    0.070924] Security Framework initialized
[STDERR  ] 2018-06-09T12:43:58.889958856Z: [    0.071339] Yama: becoming mindful.
[STDERR  ] 2018-06-09T12:43:58.889971125Z: [    0.073212] Mount-cache hash table entries: 2048 (order: 2, 16384 bytes)
[STDERR  ] 2018-06-09T12:43:58.889983227Z: [    0.073588] Mountpoint-cache hash table entries: 2048 (order: 2, 16384 bytes)
[STDERR  ] 2018-06-09T12:43:58.889994546Z: [    0.091585] Last level iTLB entries: 4KB 0, 2MB 0, 4MB 0
[STDERR  ] 2018-06-09T12:43:58.890011367Z: [    0.091942] Last level dTLB entries: 4KB 0, 2MB 0, 4MB 0, 1GB 0
[STDERR  ] 2018-06-09T12:43:58.890026953Z: [    0.092339] Spectre V2 : Spectre mitigation: LFENCE not serializing, switching to generic retpoline
[STDERR  ] 2018-06-09T12:43:58.890038852Z: [    0.092778] Spectre V2 : Vulnerable: Minimal generic ASM retpoline
[STDERR  ] 2018-06-09T12:43:58.890049144Z: [    0.093117] Spectre V2 : Spectre v2 mitigation: Filling RSB on context switch
[STDERR  ] 2018-06-09T12:43:58.890060538Z: [    0.351476] Freeing SMP alternatives memory: 20K
[STDERR  ] 2018-06-09T12:43:58.890068411Z: [    0.380000] smpboot: CPU0: AMD QEMU Virtual CPU version 2.5+ (family: 0x6, model: 0x6, stepping: 0x3)
[STDERR  ] 2018-06-09T12:43:58.890076598Z: [    0.380000] Performance Events: PMU not available due to virtualization, using software events only.
[STDERR  ] 2018-06-09T12:43:58.890085293Z: [    0.381085] Hierarchical SRCU implementation.
[STDERR  ] 2018-06-09T12:43:58.890093112Z: [    0.389640] NMI watchdog: Perf event create on CPU 0 failed with -2
[STDERR  ] 2018-06-09T12:43:58.890103542Z: [    0.390142] NMI watchdog: Perf NMI watchdog permanently disabled
[STDERR  ] 2018-06-09T12:43:58.890111440Z: [    0.393558] smp: Bringing up secondary CPUs ...
[STDERR  ] 2018-06-09T12:43:58.890119090Z: [    0.393863] smp: Brought up 1 node, 1 CPU
[STDERR  ] 2018-06-09T12:43:58.890126669Z: [    0.394120] smpboot: Max logical packages: 1
[STDERR  ] 2018-06-09T12:43:58.890134233Z: [    0.394408] smpboot: Total of 1 processors activated (5200.01 BogoMIPS)
[STDERR  ] 2018-06-09T12:43:58.890141907Z: [    0.407167] devtmpfs: initialized
[STDERR  ] 2018-06-09T12:43:58.890150003Z: [    0.413293] x86/mm: Memory block size: 128MB
[STDERR  ] 2018-06-09T12:43:58.890157586Z: [    0.417563] evm: security.ima
[STDERR  ] 2018-06-09T12:43:58.890165387Z: [    0.417746] evm: security.capability
[STDERR  ] 2018-06-09T12:43:58.890175592Z: [    0.421212] clocksource: jiffies: mask: 0xffffffff max_cycles: 0xffffffff, max_idle_ns: 19112604462750000 ns
[STDERR  ] 2018-06-09T12:43:58.890184212Z: [    0.421897] futex hash table entries: 256 (order: 2, 16384 bytes)
[STDERR  ] 2018-06-09T12:43:58.890195058Z: [    0.432147] NET: Registered protocol family 16
[STDERR  ] 2018-06-09T12:43:58.890202617Z: [    0.435100] audit: initializing netlink subsys (disabled)
[STDERR  ] 2018-06-09T12:43:58.890210658Z: [    0.439744] cpuidle: using governor ladder
[STDERR  ] 2018-06-09T12:43:58.890218182Z: [    0.440614] audit: type=2000 audit(1528548222.430:1): state=initialized audit_enabled=0 res=1
[STDERR  ] 2018-06-09T12:43:58.890226162Z: [    0.441596] cpuidle: using governor menu
[STDERR  ] 2018-06-09T12:43:58.890233633Z: [    0.443050] ACPI: bus type PCI registered
[STDERR  ] 2018-06-09T12:43:58.890241284Z: [    0.445330] PCI: MMCONFIG for domain 0000 [bus 00-ff] at [mem 0xb0000000-0xbfffffff] (base 0xb0000000)
[STDERR  ] 2018-06-09T12:43:58.890248819Z: [    0.446033] PCI: MMCONFIG at [mem 0xb0000000-0xbfffffff] reserved in E820
[STDERR  ] 2018-06-09T12:43:58.890256307Z: [    0.449281] PCI: Using configuration type 1 for base access
[STDERR  ] 2018-06-09T12:43:58.890263855Z: [    0.493048] HugeTLB registered 2.00 MiB page size, pre-allocated 0 pages
[STDERR  ] 2018-06-09T12:43:58.890271440Z: [    0.503192] ACPI: Added _OSI(Module Device)
[STDERR  ] 2018-06-09T12:43:58.890278972Z: [    0.503504] ACPI: Added _OSI(Processor Device)
[STDERR  ] 2018-06-09T12:43:58.890288628Z: [    0.503741] ACPI: Added _OSI(3.0 _SCP Extensions)
[STDERR  ] 2018-06-09T12:43:58.890296127Z: [    0.503948] ACPI: Added _OSI(Processor Aggregator Device)
[STDERR  ] 2018-06-09T12:43:58.890303566Z: [    0.546258] ACPI: Interpreter enabled
[STDERR  ] 2018-06-09T12:43:58.890311001Z: [    0.547207] ACPI: (supports S0 S5)
[STDERR  ] 2018-06-09T12:43:58.890318443Z: [    0.547519] ACPI: Using IOAPIC for interrupt routing
[STDERR  ] 2018-06-09T12:43:58.890325803Z: [    0.549628] PCI: Using host bridge windows from ACPI; if necessary, use "pci=nocrs" and report a bug
[STDERR  ] 2018-06-09T12:43:58.890339598Z: [    0.553142] ACPI: Enabled 1 GPEs in block 00 to 3F
[STDERR  ] 2018-06-09T12:43:58.890347092Z: [    0.595731] ACPI: PCI Root Bridge [PCI0] (domain 0000 [bus 00-ff])
[STDERR  ] 2018-06-09T12:43:58.890354644Z: [    0.596670] acpi PNP0A08:00: _OSC: OS supports [ExtendedConfig ASPM ClockPM Segments MSI]
[STDERR  ] 2018-06-09T12:43:58.890362702Z: [    0.600411] acpi PNP0A08:00: _OSC: OS now controls [PCIeHotplug PME PCIeCapability]
[STDERR  ] 2018-06-09T12:43:58.890373900Z: [    0.604004] PCI host bridge to bus 0000:00
[STDERR  ] 2018-06-09T12:43:58.890381470Z: [    0.604489] pci_bus 0000:00: root bus resource [io  0x0000-0x0cf7 window]
[STDERR  ] 2018-06-09T12:43:58.890391523Z: [    0.604811] pci_bus 0000:00: root bus resource [io  0x0d00-0xffff window]
[STDERR  ] 2018-06-09T12:43:58.890398882Z: [    0.605163] pci_bus 0000:00: root bus resource [mem 0x000a0000-0x000bffff window]
[STDERR  ] 2018-06-09T12:43:58.890406443Z: [    0.605493] pci_bus 0000:00: root bus resource [mem 0xc0000000-0xfebfffff window]
[STDERR  ] 2018-06-09T12:43:58.890413900Z: [    0.605989] pci_bus 0000:00: root bus resource [bus 00-ff]
[STDERR  ] 2018-06-09T12:43:58.890421422Z: [    0.751669] pci 0000:00:1f.0: quirk: [io  0x0600-0x067f] claimed by ICH6 ACPI/GPIO/TCO
[STDERR  ] 2018-06-09T12:43:58.890428989Z: [    0.836015] ACPI: PCI Interrupt Link [LNKA] (IRQs 5 *10 11)
[STDERR  ] 2018-06-09T12:43:58.890436449Z: [    0.837725] ACPI: PCI Interrupt Link [LNKB] (IRQs 5 *10 11)
[STDERR  ] 2018-06-09T12:43:58.890444017Z: [    0.839075] ACPI: PCI Interrupt Link [LNKC] (IRQs 5 10 *11)
[STDERR  ] 2018-06-09T12:43:58.890451420Z: [    0.840750] ACPI: PCI Interrupt Link [LNKD] (IRQs 5 10 *11)
[STDERR  ] 2018-06-09T12:43:58.890458963Z: [    0.841923] ACPI: PCI Interrupt Link [LNKE] (IRQs 5 *10 11)
[STDERR  ] 2018-06-09T12:43:58.890466392Z: [    0.843207] ACPI: PCI Interrupt Link [LNKF] (IRQs 5 *10 11)
[STDERR  ] 2018-06-09T12:43:58.890476085Z: [    0.844304] ACPI: PCI Interrupt Link [LNKG] (IRQs 5 10 *11)
[STDERR  ] 2018-06-09T12:43:58.890490040Z: [    0.845432] ACPI: PCI Interrupt Link [LNKH] (IRQs 5 10 *11)
[STDERR  ] 2018-06-09T12:43:58.890497460Z: [    0.846001] ACPI: PCI Interrupt Link [GSIA] (IRQs *16)
[STDERR  ] 2018-06-09T12:43:58.890504882Z: [    0.846509] ACPI: PCI Interrupt Link [GSIB] (IRQs *17)
[STDERR  ] 2018-06-09T12:43:58.890513964Z: [    0.846979] ACPI: PCI Interrupt Link [GSIC] (IRQs *18)
[STDERR  ] 2018-06-09T12:43:58.890521639Z: [    0.847498] ACPI: PCI Interrupt Link [GSID] (IRQs *19)
[STDERR  ] 2018-06-09T12:43:58.890529331Z: [    0.848009] ACPI: PCI Interrupt Link [GSIE] (IRQs *20)
[STDERR  ] 2018-06-09T12:43:58.890537169Z: [    0.848506] ACPI: PCI Interrupt Link [GSIF] (IRQs *21)
[STDERR  ] 2018-06-09T12:43:58.890545385Z: [    0.848972] ACPI: PCI Interrupt Link [GSIG] (IRQs *22)
[STDERR  ] 2018-06-09T12:43:58.890553180Z: [    0.849474] ACPI: PCI Interrupt Link [GSIH] (IRQs *23)
[STDERR  ] 2018-06-09T12:43:58.890560740Z: [    0.856991] SCSI subsystem initialized
[STDERR  ] 2018-06-09T12:43:58.890568144Z: [    0.859128] ACPI: bus type USB registered
[STDERR  ] 2018-06-09T12:43:58.890575637Z: [    0.860153] usbcore: registered new interface driver usbfs
[STDERR  ] 2018-06-09T12:43:58.890583114Z: [    0.860839] usbcore: registered new interface driver hub
[STDERR  ] 2018-06-09T12:43:58.890593186Z: [    0.861616] usbcore: registered new device driver usb
[STDERR  ] 2018-06-09T12:43:58.890600724Z: [    0.862589] pps_core: LinuxPPS API ver. 1 registered
[STDERR  ] 2018-06-09T12:43:58.890608147Z: [    0.862835] pps_core: Software ver. 5.3.6 - Copyright 2005-2007 Rodolfo Giometti <giometti@linux.it>
[STDERR  ] 2018-06-09T12:43:58.890615874Z: [    0.863354] PTP clock support registered
[STDERR  ] 2018-06-09T12:43:58.890623276Z: [    0.865472] PCI: Using ACPI for IRQ routing
[STDERR  ] 2018-06-09T12:43:58.890633128Z: [    0.879404] NetLabel: Initializing
[STDERR  ] 2018-06-09T12:43:58.890640606Z: [    0.879695] NetLabel:  domain hash size = 128
[STDERR  ] 2018-06-09T12:43:58.890648149Z: [    0.880087] NetLabel:  protocols = UNLABELED CIPSOv4 CALIPSO
[STDERR  ] 2018-06-09T12:43:58.890659009Z: [    0.882157] NetLabel:  unlabeled traffic allowed by default
[STDERR  ] 2018-06-09T12:43:58.890666689Z: [    0.883581] HPET: 3 timers in total, 0 timers will be used for per-cpu timer
[STDERR  ] 2018-06-09T12:43:58.890674236Z: [    0.884238] hpet0: at MMIO 0xfed00000, IRQs 2, 8, 0
[STDERR  ] 2018-06-09T12:43:58.890681700Z: [    0.884611] hpet0: 3 comparators, 64-bit 100.000000 MHz counter
[STDERR  ] 2018-06-09T12:43:58.890694464Z: [    0.890843] clocksource: Switched to clocksource hpet
[STDERR  ] 2018-06-09T12:43:58.890702092Z: [    1.078659] VFS: Disk quotas dquot_6.6.0
[STDERR  ] 2018-06-09T12:43:58.890709535Z: [    1.079291] VFS: Dquot-cache hash table entries: 512 (order 0, 4096 bytes)
[STDERR  ] 2018-06-09T12:43:58.890717105Z: [    1.082577] FS-Cache: Loaded
[STDERR  ] 2018-06-09T12:43:58.890725165Z: [    1.087596] CacheFiles: Loaded
[STDERR  ] 2018-06-09T12:43:58.890732631Z: [    1.088880] pnp: PnP ACPI init
[STDERR  ] 2018-06-09T12:43:58.890740029Z: [    1.095706] pnp: PnP ACPI: found 5 devices
[STDERR  ] 2018-06-09T12:43:58.890747652Z: [    1.125329] clocksource: acpi_pm: mask: 0xffffff max_cycles: 0xffffff, max_idle_ns: 2085701024 ns
[STDERR  ] 2018-06-09T12:43:58.890755186Z: [    1.128681] NET: Registered protocol family 2
[STDERR  ] 2018-06-09T12:43:58.890764134Z: [    1.135508] TCP established hash table entries: 8192 (order: 4, 65536 bytes)
[STDERR  ] 2018-06-09T12:43:58.890771735Z: [    1.136218] TCP bind hash table entries: 8192 (order: 5, 131072 bytes)
[STDERR  ] 2018-06-09T12:43:58.890779380Z: [    1.136857] TCP: Hash tables configured (established 8192 bind 8192)
[STDERR  ] 2018-06-09T12:43:58.890788621Z: [    1.141070] UDP hash table entries: 512 (order: 2, 16384 bytes)
[STDERR  ] 2018-06-09T12:43:58.890796281Z: [    1.141618] UDP-Lite hash table entries: 512 (order: 2, 16384 bytes)
[STDERR  ] 2018-06-09T12:43:58.890803679Z: [    1.143751] NET: Registered protocol family 1
[STDERR  ] 2018-06-09T12:43:58.890811210Z: [    1.144599] pci 0000:00:01.0: Video device with shadowed ROM at [mem 0x000c0000-0x000dffff]
[STDERR  ] 2018-06-09T12:43:58.890818826Z: [    1.149716] Trying to unpack rootfs image as initramfs...
[STDERR  ] 2018-06-09T12:43:58.890826352Z: [    4.375500] Freeing initrd memory: 27132K
[STDERR  ] 2018-06-09T12:43:58.890833820Z: [    4.398043] PCLMULQDQ-NI instructions are not detected.
[STDERR  ] 2018-06-09T12:43:58.890841255Z: [    4.399441] AVX or AES-NI instructions are not detected.
[STDERR  ] 2018-06-09T12:43:58.890849139Z: [    4.399890] CPU feature 'AVX registers' is not supported.
[STDERR  ] 2018-06-09T12:43:58.890858702Z: [    4.400547] CPU feature 'AVX registers' is not supported.
[STDERR  ] 2018-06-09T12:43:58.890866159Z: [    4.400880] CPU feature 'AVX registers' is not supported.
[STDERR  ] 2018-06-09T12:43:58.890873582Z: [    4.401202] CPU feature 'AVX registers' is not supported.
[STDERR  ] 2018-06-09T12:43:58.890881010Z: [    4.401522] AVX2 or AES-NI instructions are not detected.
[STDERR  ] 2018-06-09T12:43:58.890888569Z: [    4.401812] AVX2 instructions are not detected.
[STDERR  ] 2018-06-09T12:43:58.890895944Z: [    4.409489] workingset: timestamp_bits=46 max_order=18 bucket_order=0
[STDERR  ] 2018-06-09T12:43:58.890905006Z: [    4.413550] squashfs: version 4.0 (2009/01/31) Phillip Lougher
[STDERR  ] 2018-06-09T12:43:58.890912644Z: [    4.415413] FS-Cache: Netfs 'cifs' registered for caching
[STDERR  ] 2018-06-09T12:43:58.890921798Z: [    4.417414] fuse init (API version 7.26)
[STDERR  ] 2018-06-09T12:43:58.890930989Z: [    4.419301] SGI XFS with ACLs, security attributes, no debug enabled
[STDERR  ] 2018-06-09T12:43:58.890938519Z: [    4.423059] 9p: Installing v9fs 9p2000 file system support
[STDERR  ] 2018-06-09T12:43:58.890946054Z: [    4.423467] FS-Cache: Netfs '9p' registered for caching
[STDERR  ] 2018-06-09T12:43:58.890953518Z: [    4.451734] NET: Registered protocol family 38
[STDERR  ] 2018-06-09T12:43:58.890961060Z: [    4.452337] Key type asymmetric registered
[STDERR  ] 2018-06-09T12:43:58.890968468Z: [    4.452656] Asymmetric key parser 'x509' registered
[STDERR  ] 2018-06-09T12:43:58.890979368Z: [    4.453411] Block layer SCSI generic (bsg) driver version 0.4 loaded (major 247)
[STDERR  ] 2018-06-09T12:43:58.890986910Z: [    4.454992] io scheduler noop registered
[STDERR  ] 2018-06-09T12:43:58.890994292Z: [    4.455319] io scheduler deadline registered (default)
[STDERR  ] 2018-06-09T12:43:58.891004649Z: [    4.456311] io scheduler cfq registered
[STDERR  ] 2018-06-09T12:43:58.891012183Z: [    4.456621] io scheduler mq-deadline registered (default)
[STDERR  ] 2018-06-09T12:43:58.891019612Z: [    4.456859] io scheduler kyber registered
[STDERR  ] 2018-06-09T12:43:58.891026988Z: [    4.459407] shpchp: Standard Hot Plug PCI Controller Driver version: 0.4
[STDERR  ] 2018-06-09T12:43:58.891034589Z: [    4.460446] hv_vmbus: registering driver hyperv_fb
[STDERR  ] 2018-06-09T12:43:58.891043747Z: [    4.463431] input: Power Button as /devices/LNXSYSTM:00/LNXPWRBN:00/input/input0
[STDERR  ] 2018-06-09T12:43:58.891051340Z: [    4.466061] ACPI: Power Button [PWRF]
[STDERR  ] 2018-06-09T12:43:58.891058761Z: [    4.476217] ACPI: PCI Interrupt Link [GSIG] enabled at IRQ 22
[STDERR  ] 2018-06-09T12:43:58.891066231Z: [    4.485140] ACPI: PCI Interrupt Link [GSIH] enabled at IRQ 23
[STDERR  ] 2018-06-09T12:43:58.891073691Z: [    4.491063] Serial: 8250/16550 driver, 4 ports, IRQ sharing disabled
[STDERR  ] 2018-06-09T12:43:58.891081223Z: [    4.514385] 00:04: ttyS0 at I/O 0x3f8 (irq = 4, base_baud = 115200) is a 16550A
[STDERR  ] 2018-06-09T12:43:58.891088657Z: [    4.524335] Non-volatile memory driver v1.3
[STDERR  ] 2018-06-09T12:43:58.891096175Z: [    4.529965] Hangcheck: starting hangcheck timer 0.9.1 (tick is 180 seconds, margin is 60 seconds).
[STDERR  ] 2018-06-09T12:43:58.891106110Z: [    4.541149] random: crng init done
[STDERR  ] 2018-06-09T12:43:58.891113617Z: [    4.578072] brd: module loaded
[STDERR  ] 2018-06-09T12:43:58.891123120Z: [    4.601615] loop: module loaded
[STDERR  ] 2018-06-09T12:43:58.891130697Z: [    4.637968] lpc_ich 0000:00:1f.0: I/O space for GPIO uninitialized
[STDERR  ] 2018-06-09T12:43:58.891138146Z: [    4.640035] VMware PVSCSI driver - version 1.0.7.0-k
[STDERR  ] 2018-06-09T12:43:58.891145603Z: [    4.640951] hv_vmbus: registering driver hv_storvsc
[STDERR  ] 2018-06-09T12:43:58.891153108Z: [    4.647279] ACPI: PCI Interrupt Link [GSIA] enabled at IRQ 16
[STDERR  ] 2018-06-09T12:43:58.891160508Z: [    4.653270] ahci 0000:00:1f.2: AHCI 0001.0000 32 slots 6 ports 1.5 Gbps 0x3f impl SATA mode
[STDERR  ] 2018-06-09T12:43:58.891168405Z: [    4.653810] ahci 0000:00:1f.2: flags: 64bit ncq only 
[STDERR  ] 2018-06-09T12:43:58.891175893Z: [    4.665354] scsi host0: ahci
[STDERR  ] 2018-06-09T12:43:58.891183475Z: [    4.667800] scsi host1: ahci
[STDERR  ] 2018-06-09T12:43:58.891190806Z: [    4.669108] scsi host2: ahci
[STDERR  ] 2018-06-09T12:43:58.891198149Z: [    4.670590] scsi host3: ahci
[STDERR  ] 2018-06-09T12:43:58.891205545Z: [    4.671880] scsi host4: ahci
[STDERR  ] 2018-06-09T12:43:58.891215111Z: [    4.673117] scsi host5: ahci
[STDERR  ] 2018-06-09T12:43:58.891222520Z: [    4.674130] ata1: SATA max UDMA/133 abar m4096@0xfebd2000 port 0xfebd2100 irq 24
[STDERR  ] 2018-06-09T12:43:58.891231839Z: [    4.674504] ata2: SATA max UDMA/133 abar m4096@0xfebd2000 port 0xfebd2180 irq 24
[STDERR  ] 2018-06-09T12:43:58.891239436Z: [    4.674824] ata3: SATA max UDMA/133 abar m4096@0xfebd2000 port 0xfebd2200 irq 24
[STDERR  ] 2018-06-09T12:43:58.891246851Z: [    4.675132] ata4: SATA max UDMA/133 abar m4096@0xfebd2000 port 0xfebd2280 irq 24
[STDERR  ] 2018-06-09T12:43:58.891256091Z: [    4.675459] ata5: SATA max UDMA/133 abar m4096@0xfebd2000 port 0xfebd2300 irq 24
[STDERR  ] 2018-06-09T12:43:58.891263557Z: [    4.675782] ata6: SATA max UDMA/133 abar m4096@0xfebd2000 port 0xfebd2380 irq 24
[STDERR  ] 2018-06-09T12:43:58.891270990Z: [    4.685890] tun: Universal TUN/TAP device driver, 1.6
[STDERR  ] 2018-06-09T12:43:58.891278488Z: [    4.696160] VMware vmxnet3 virtual NIC driver - version 1.4.a.0-k-NAPI
[STDERR  ] 2018-06-09T12:43:58.891288846Z: [    4.696805] hv_vmbus: registering driver hv_netvsc
[STDERR  ] 2018-06-09T12:43:58.891296358Z: [    4.697131] Fusion MPT base driver 3.04.20
[STDERR  ] 2018-06-09T12:43:58.891305638Z: [    4.697456] Copyright (c) 1999-2008 LSI Corporation
[STDERR  ] 2018-06-09T12:43:58.891313016Z: [    4.698000] Fusion MPT SPI Host driver 3.04.20
[STDERR  ] 2018-06-09T12:43:58.891323156Z: [    4.699601] i8042: PNP: PS/2 Controller [PNP0303:KBD,PNP0f13:MOU] at 0x60,0x64 irq 1,12
[STDERR  ] 2018-06-09T12:43:58.891330984Z: [    4.703465] serio: i8042 KBD port at 0x60,0x64 irq 1
[STDERR  ] 2018-06-09T12:43:58.891338473Z: [    4.704016] serio: i8042 AUX port at 0x60,0x64 irq 12
[STDERR  ] 2018-06-09T12:43:58.891345843Z: [    4.705792] hv_vmbus: registering driver hyperv_keyboard
[STDERR  ] 2018-06-09T12:43:58.891354837Z: [    4.707264] mousedev: PS/2 mouse device common for all mice
[STDERR  ] 2018-06-09T12:43:58.891362394Z: [    4.711049] input: AT Translated Set 2 keyboard as /devices/platform/i8042/serio0/input/input1
[STDERR  ] 2018-06-09T12:43:58.891371807Z: [    4.712763] input: PC Speaker as /devices/platform/pcspkr/input/input2
[STDERR  ] 2018-06-09T12:43:58.891379198Z: [    4.715775] rtc_cmos 00:00: RTC can wake from S4
[STDERR  ] 2018-06-09T12:43:58.891386677Z: [    4.718425] rtc_cmos 00:00: rtc core: registered rtc_cmos as rtc0
[STDERR  ] 2018-06-09T12:43:58.891394090Z: [    4.719450] rtc_cmos 00:00: alarms up to one day, y3k, 114 bytes nvram, hpet irqs
[STDERR  ] 2018-06-09T12:43:58.891401516Z: [    4.719992] i2c /dev entries driver
[STDERR  ] 2018-06-09T12:43:58.891409013Z: [    4.721888] device-mapper: ioctl: 4.37.0-ioctl (2017-09-20) initialised: dm-devel@redhat.com
[STDERR  ] 2018-06-09T12:43:58.891416499Z: [    4.725120] usbcore: registered new interface driver usbhid
[STDERR  ] 2018-06-09T12:43:58.891424039Z: [    4.725375] usbhid: USB HID core driver
[STDERR  ] 2018-06-09T12:43:58.891431538Z: [    4.725969] hv_utils: Registering HyperV Utility Driver
[STDERR  ] 2018-06-09T12:43:58.891439049Z: [    4.726233] hv_vmbus: registering driver hv_util
[STDERR  ] 2018-06-09T12:43:58.891446533Z: [    4.726423] hv_vmbus: registering driver hv_balloon
[STDERR  ] 2018-06-09T12:43:58.891455540Z: [    4.726849] oprofile: using NMI interrupt.
[STDERR  ] 2018-06-09T12:43:58.891462943Z: [    4.727843] GACT probability on
[STDERR  ] 2018-06-09T12:43:58.891470450Z: [    4.728183] Mirror/redirect action on
[STDERR  ] 2018-06-09T12:43:58.891483155Z: [    4.728758] Simple TC action Loaded
[STDERR  ] 2018-06-09T12:43:58.891490784Z: [    4.729140] u32 classifier
[STDERR  ] 2018-06-09T12:43:58.891498283Z: [    4.729294]     Performance counters on
[STDERR  ] 2018-06-09T12:43:58.891505807Z: [    4.729444]     input device check on
[STDERR  ] 2018-06-09T12:43:58.891515467Z: [    4.729607]     Actions configured
[STDERR  ] 2018-06-09T12:43:58.891522987Z: [    4.730599] Netfilter messages via NETLINK v0.30.
[STDERR  ] 2018-06-09T12:43:58.891530446Z: [    4.731108] nfnl_acct: registering with nfnetlink.
[STDERR  ] 2018-06-09T12:43:58.891537860Z: [    4.732187] nf_conntrack version 0.5.0 (8192 buckets, 32768 max)
[STDERR  ] 2018-06-09T12:43:58.891545358Z: [    4.733949] ctnetlink v0.93: registering with nfnetlink.
[STDERR  ] 2018-06-09T12:43:58.891552774Z: [    4.736743] nf_tables: (c) 2007-2009 Patrick McHardy <kaber@trash.net>
[STDERR  ] 2018-06-09T12:43:58.891560305Z: [    4.737484] nf_tables_compat: (c) 2012 Pablo Neira Ayuso <pablo@netfilter.org>
[STDERR  ] 2018-06-09T12:43:58.891567760Z: [    4.739454] xt_time: kernel timezone is -0000
[STDERR  ] 2018-06-09T12:43:58.891577032Z: [    4.739915] ip_set: protocol 6
[STDERR  ] 2018-06-09T12:43:58.891584529Z: [    4.740881] IPVS: Registered protocols (TCP, UDP, SCTP, AH, ESP)
[STDERR  ] 2018-06-09T12:43:58.891592044Z: [    4.741416] IPVS: Connection hash table configured (size=4096, memory=64Kbytes)
[STDERR  ] 2018-06-09T12:43:58.891599443Z: [    4.744955] IPVS: ipvs loaded.
[STDERR  ] 2018-06-09T12:43:58.891606860Z: [    4.745296] IPVS: [rr] scheduler registered.
[STDERR  ] 2018-06-09T12:43:58.891618275Z: [    4.745532] IPVS: [wrr] scheduler registered.
[STDERR  ] 2018-06-09T12:43:58.891625786Z: [    4.745734] IPVS: [lc] scheduler registered.
[STDERR  ] 2018-06-09T12:43:58.891633246Z: [    4.745929] IPVS: [wlc] scheduler registered.
[STDERR  ] 2018-06-09T12:43:58.891640588Z: [    4.746134] IPVS: [fo] scheduler registered.
[STDERR  ] 2018-06-09T12:43:58.891648079Z: [    4.746312] IPVS: [ovf] scheduler registered.
[STDERR  ] 2018-06-09T12:43:58.891658504Z: [    4.746676] IPVS: [lblc] scheduler registered.
[STDERR  ] 2018-06-09T12:43:58.891666112Z: [    4.747010] IPVS: [lblcr] scheduler registered.
[STDERR  ] 2018-06-09T12:43:58.891673803Z: [    4.747233] IPVS: [dh] scheduler registered.
[STDERR  ] 2018-06-09T12:43:58.891681210Z: [    4.747403] IPVS: [sh] scheduler registered.
[STDERR  ] 2018-06-09T12:43:58.891688771Z: [    4.747610] IPVS: [sed] scheduler registered.
[STDERR  ] 2018-06-09T12:43:58.891696346Z: [    4.747789] IPVS: [nq] scheduler registered.
[STDERR  ] 2018-06-09T12:43:58.891703831Z: [    4.748490] IPVS: ftp: loaded support on port[0] = 21
[STDERR  ] 2018-06-09T12:43:58.891711349Z: [    4.749121] ipip: IPv4 and MPLS over IPv4 tunneling driver
[STDERR  ] 2018-06-09T12:43:58.891718826Z: [    4.752508] gre: GRE over IPv4 demultiplexor driver
[STDERR  ] 2018-06-09T12:43:58.891728040Z: [    4.754880] ip_tables: (C) 2000-2006 Netfilter Core Team
[STDERR  ] 2018-06-09T12:43:58.891735501Z: [    4.758238] ipt_CLUSTERIP: ClusterIP Version 0.8 loaded successfully
[STDERR  ] 2018-06-09T12:43:58.891743051Z: [    4.758728] arp_tables: arp_tables: (C) 2002 David S. Miller
[STDERR  ] 2018-06-09T12:43:58.891750513Z: [    4.762780] NET: Registered protocol family 10
[STDERR  ] 2018-06-09T12:43:58.891757977Z: [    4.771052] Segment Routing with IPv6
[STDERR  ] 2018-06-09T12:43:58.891767192Z: [    4.771885] ip6_tables: (C) 2000-2006 Netfilter Core Team
[STDERR  ] 2018-06-09T12:43:58.891774676Z: [    4.778222] NET: Registered protocol family 17
[STDERR  ] 2018-06-09T12:43:58.891783915Z: [    4.779147] Bridge firewalling registered
[STDERR  ] 2018-06-09T12:43:58.891791437Z: [    4.779624] Ebtables v2.0 registered
[STDERR  ] 2018-06-09T12:43:58.891801148Z: [    4.781896] 8021q: 802.1Q VLAN Support v1.8
[STDERR  ] 2018-06-09T12:43:58.891808607Z: [    4.783142] 9pnet: Installing 9P2000 support
[STDERR  ] 2018-06-09T12:43:58.891815991Z: [    4.784518] Key type dns_resolver registered
[STDERR  ] 2018-06-09T12:43:58.891823559Z: [    4.785768] sched_clock: Marking stable (4780190290, 0)->(4866929759, -86739469)
[STDERR  ] 2018-06-09T12:43:58.891831148Z: [    4.788442] registered taskstats version 1
[STDERR  ] 2018-06-09T12:43:58.891838576Z: [    4.966237] Key type big_key registered
[STDERR  ] 2018-06-09T12:43:58.891845982Z: [    5.012913] ata3: SATA link up 1.5 Gbps (SStatus 113 SControl 300)
[STDERR  ] 2018-06-09T12:43:58.891855335Z: [    5.016830] ata2: SATA link down (SStatus 0 SControl 300)
[STDERR  ] 2018-06-09T12:43:58.891862773Z: [    5.018492] ata1: SATA link down (SStatus 0 SControl 300)
[STDERR  ] 2018-06-09T12:43:58.891870173Z: [    5.021964] ata6: SATA link down (SStatus 0 SControl 300)
[STDERR  ] 2018-06-09T12:43:58.891877650Z: [    5.025304] ata3.00: ATAPI: QEMU DVD-ROM, 2.5+, max UDMA/100
[STDERR  ] 2018-06-09T12:43:58.891885133Z: [    5.025694] ata3.00: applying bridge limits
[STDERR  ] 2018-06-09T12:43:58.891892540Z: [    5.026949] ata5: SATA link down (SStatus 0 SControl 300)
[STDERR  ] 2018-06-09T12:43:58.891899995Z: [    5.027379] ata4: SATA link down (SStatus 0 SControl 300)
[STDERR  ] 2018-06-09T12:43:58.891907486Z: [    5.030945] ata3.00: configured for UDMA/100
[STDERR  ] 2018-06-09T12:43:58.891914948Z: [    5.051834] scsi 2:0:0:0: CD-ROM            QEMU     QEMU DVD-ROM     2.5+ PQ: 0 ANSI: 5
[STDERR  ] 2018-06-09T12:43:58.891922548Z: [    5.063966] Key type trusted registered
[STDERR  ] 2018-06-09T12:43:58.891929982Z: [    5.095671] sr 2:0:0:0: [sr0] scsi3-mmc drive: 4x/4x cd/rw xa/form2 tray
[STDERR  ] 2018-06-09T12:43:58.891939245Z: [    5.096296] cdrom: Uniform CD-ROM driver Revision: 3.20
[STDERR  ] 2018-06-09T12:43:58.891950554Z: [    5.107062] sr 2:0:0:0: Attached scsi generic sg0 type 5
[STDERR  ] 2018-06-09T12:43:58.891958172Z: [    5.138317] Key type encrypted registered
[STDERR  ] 2018-06-09T12:43:58.891965645Z: [    5.138988] ima: No TPM chip found, activating TPM-bypass! (rc=-19)
[STDERR  ] 2018-06-09T12:43:58.891973112Z: [    5.143156] evm: HMAC attrs: 0x1
[STDERR  ] 2018-06-09T12:43:58.891983346Z: [    5.146842] rtc_cmos 00:00: setting system clock to 2018-06-09 12:43:47 UTC (1528548227)
[STDERR  ] 2018-06-09T12:43:58.891993513Z: [    5.295201] Freeing unused kernel memory: 1520K
[STDERR  ] 2018-06-09T12:43:58.892001070Z: [    5.295452] Write protecting the kernel read-only data: 18432k
[STDERR  ] 2018-06-09T12:43:58.892011138Z: [    5.307157] Freeing unused kernel memory: 2024K
[STDERR  ] 2018-06-09T12:43:58.892020750Z: [    5.336340] Freeing unused kernel memory: 1084K
[STDERR  ] 2018-06-09T12:43:58.892028297Z: [    5.440553] tsc: Refined TSC clocksource calibration: 2599.921 MHz
[STDERR  ] 2018-06-09T12:43:58.892035933Z: [    5.441171] clocksource: tsc: mask: 0xffffffffffffffff max_cycles: 0x2579f1c968b, max_idle_ns: 440795314142 ns
[STDERR  ] 2018-06-09T12:43:58.892043547Z: [    6.454730] clocksource: Switched to clocksource tsc
[STDERR  ] 2018-06-09T12:43:58.892051030Z: 
[STDERR  ] 2018-06-09T12:43:58.892058902Z: Welcome to LinuxKit
[STDERR  ] 2018-06-09T12:43:58.892066524Z: 
[STDERR  ] 2018-06-09T12:43:58.892074819Z:                         ##         .
[STDERR  ] 2018-06-09T12:43:58.892082273Z:                   ## ## ##        ==
[STDERR  ] 2018-06-09T12:43:58.892089641Z:                ## ## ## ## ##    ===
[STDERR  ] 2018-06-09T12:43:58.892100581Z:            /"""""""""""""""""\___/ ===
[STDERR  ] 2018-06-09T12:43:58.892108093Z:           {                       /  ===-
[STDERR  ] 2018-06-09T12:43:58.892115446Z:            \______ O           __/
[STDERR  ] 2018-06-09T12:43:58.892122932Z:              \    \         __/
[STDERR  ] 2018-06-09T12:43:58.892132033Z:               \____\_______/
[STDERR  ] 2018-06-09T12:43:58.892139563Z: 
[STDERR  ] 2018-06-09T12:43:58.892146944Z: [   11.360475] hello_world: loading out-of-tree module taints kernel.
[STDERR  ] 2018-06-09T12:43:58.892154518Z: [   11.368227] Hello LinuxKit
[STDERR  ] 2018-06-09T12:43:58.892161921Z: [   11.452237] Goodbye LinuxKit.
[STDERR  ] 2018-06-09T12:43:58.892169552Z: Linux linuxkit-824cd1e5a07a 4.15.18-linuxkit #1 SMP Mon Apr 23 11:01:45 UTC 2018 x86_64 Linux
[STDERR  ] 2018-06-09T12:43:58.892177195Z: filename:       hello_world.ko
[STDERR  ] 2018-06-09T12:43:58.892184656Z: author:         Rolf Neugebauer <rolf.neugebauer@docker.com>
[STDERR  ] 2018-06-09T12:43:58.892192055Z: description:    A simple Hello World kernel module for testing
[STDERR  ] 2018-06-09T12:43:58.892199763Z: license:        GPL
[STDERR  ] 2018-06-09T12:43:58.892207341Z: depends:        
[STDERR  ] 2018-06-09T12:43:58.892214848Z: vermagic:       4.15.18-linuxkit SMP mod_unload modversions RANDSTRUCT_PLUGIN_523e39bc52ed28cac1f8698a1ef3e5e5ef45adf2804968e3c7b39cc4bc84bfe3
[STDERR  ] 2018-06-09T12:43:58.892222690Z: Kernel module test suite PASSED
[STDERR  ] 2018-06-09T12:43:58.892230106Z: [   15.524878] ACPI: Preparing to enter system sleep state S5
[STDERR  ] 2018-06-09T12:43:58.892237546Z: [   15.526324] reboot: Power down
[STDERR  ] 2018-06-09T12:43:58.892245180Z: + grep -q Hello LinuxKit
[STDERR  ] 2018-06-09T12:43:58.893262485Z: + echo [    0.000000] Linux version 4.15.18-linuxkit (root@2c3ec16d5a10) (gcc version 6.4.0 (Alpine 6.4.0)) #1 SMP Mon Apr 23 11:01:45 UTC 2018
[STDERR  ] 2018-06-09T12:43:58.893325708Z: [    0.000000] Command line: console=ttyS0 console=ttyAMA0
[STDERR  ] 2018-06-09T12:43:58.893379383Z: [    0.000000] x86/fpu: x87 FPU will use FXSAVE
[STDERR  ] 2018-06-09T12:43:58.893417109Z: [    0.000000] e820: BIOS-provided physical RAM map:
[STDERR  ] 2018-06-09T12:43:58.893442850Z: [    0.000000] BIOS-e820: [mem 0x0000000000000000-0x000000000009fbff] usable
[STDERR  ] 2018-06-09T12:43:58.893466613Z: [    0.000000] BIOS-e820: [mem 0x000000000009fc00-0x000000000009ffff] reserved
[STDERR  ] 2018-06-09T12:43:58.893634271Z: [    0.000000] BIOS-e820: [mem 0x00000000000f0000-0x00000000000fffff] reserved
[STDERR  ] 2018-06-09T12:43:58.893667296Z: [    0.000000] BIOS-e820: [mem 0x0000000000100000-0x000000003ffdefff] usable
[STDERR  ] 2018-06-09T12:43:58.893683850Z: [    0.000000] BIOS-e820: [mem 0x000000003ffdf000-0x000000003fffffff] reserved
[STDERR  ] 2018-06-09T12:43:58.893705738Z: [    0.000000] BIOS-e820: [mem 0x00000000b0000000-0x00000000bfffffff] reserved
[STDERR  ] 2018-06-09T12:43:58.893724547Z: [    0.000000] BIOS-e820: [mem 0x00000000fed1c000-0x00000000fed1ffff] reserved
[STDERR  ] 2018-06-09T12:43:58.893798644Z: [    0.000000] BIOS-e820: [mem 0x00000000fffc0000-0x00000000ffffffff] reserved
[STDERR  ] 2018-06-09T12:43:58.893818596Z: [    0.000000] NX (Execute Disable) protection: active
[STDERR  ] 2018-06-09T12:43:58.893835360Z: [    0.000000] random: fast init done
[STDERR  ] 2018-06-09T12:43:58.893848651Z: [    0.000000] SMBIOS 2.8 present.
[STDERR  ] 2018-06-09T12:43:58.893864199Z: [    0.000000] DMI: QEMU Standard PC (Q35 + ICH9, 2009), BIOS rel-1.10.2-0-g5f4c7b1-prebuilt.qemu-project.org 04/01/2014
[STDERR  ] 2018-06-09T12:43:58.893877699Z: [    0.000000] e820: last_pfn = 0x3ffdf max_arch_pfn = 0x400000000
[STDERR  ] 2018-06-09T12:43:58.893894059Z: [    0.000000] x86/PAT: Configuration [0-7]: WB  WC  UC- UC  WB  WP  UC- WT  
[STDERR  ] 2018-06-09T12:43:58.893908654Z: [    0.000000] found SMP MP-table at [mem 0x000f6aa0-0x000f6aaf] mapped at [        (ptrval)]
[STDERR  ] 2018-06-09T12:43:58.893923980Z: [    0.000000] RAMDISK: [mem 0x3e551000-0x3ffcffff]
[STDERR  ] 2018-06-09T12:43:58.893936492Z: [    0.000000] ACPI: Early table checksum verification disabled
[STDERR  ] 2018-06-09T12:43:58.893962848Z: [    0.000000] ACPI: RSDP 0x00000000000F68B0 000014 (v00 BOCHS )
[STDERR  ] 2018-06-09T12:43:58.893977307Z: [    0.000000] ACPI: RSDT 0x000000003FFE20A8 000034 (v01 BOCHS  BXPCRSDT 00000001 BXPC 00000001)
[STDERR  ] 2018-06-09T12:43:58.894013368Z: [    0.000000] ACPI: FACP 0x000000003FFE1EC8 0000F4 (v03 BOCHS  BXPCFACP 00000001 BXPC 00000001)
[STDERR  ] 2018-06-09T12:43:58.894026244Z: [    0.000000] ACPI: DSDT 0x000000003FFE0040 001E88 (v01 BOCHS  BXPCDSDT 00000001 BXPC 00000001)
[STDERR  ] 2018-06-09T12:43:58.894053047Z: [    0.000000] ACPI: FACS 0x000000003FFE0000 000040
[STDERR  ] 2018-06-09T12:43:58.894067802Z: [    0.000000] ACPI: APIC 0x000000003FFE1FBC 000078 (v01 BOCHS  BXPCAPIC 00000001 BXPC 00000001)
[STDERR  ] 2018-06-09T12:43:58.894085772Z: [    0.000000] ACPI: HPET 0x000000003FFE2034 000038 (v01 BOCHS  BXPCHPET 00000001 BXPC 00000001)
[STDERR  ] 2018-06-09T12:43:58.894100758Z: [    0.000000] ACPI: MCFG 0x000000003FFE206C 00003C (v01 BOCHS  BXPCMCFG 00000001 BXPC 00000001)
[STDERR  ] 2018-06-09T12:43:58.894113011Z: [    0.000000] tsc: Fast TSC calibration using PIT
[STDERR  ] 2018-06-09T12:43:58.894138077Z: [    0.000000] Zone ranges:
[STDERR  ] 2018-06-09T12:43:58.894153495Z: [    0.000000]   DMA      [mem 0x0000000000001000-0x0000000000ffffff]
[STDERR  ] 2018-06-09T12:43:58.894166174Z: [    0.000000]   DMA32    [mem 0x0000000001000000-0x000000003ffdefff]
[STDERR  ] 2018-06-09T12:43:58.894180247Z: [    0.000000]   Normal   empty
[STDERR  ] 2018-06-09T12:43:58.894192741Z: [    0.000000]   Device   empty
[STDERR  ] 2018-06-09T12:43:58.894205334Z: [    0.000000] Movable zone start for each node
[STDERR  ] 2018-06-09T12:43:58.894218124Z: [    0.000000] Early memory node ranges
[STDERR  ] 2018-06-09T12:43:58.894233047Z: [    0.000000]   node   0: [mem 0x0000000000001000-0x000000000009efff]
[STDERR  ] 2018-06-09T12:43:58.894247535Z: [    0.000000]   node   0: [mem 0x0000000000100000-0x000000003ffdefff]
[STDERR  ] 2018-06-09T12:43:58.894261907Z: [    0.000000] Initmem setup node 0 [mem 0x0000000000001000-0x000000003ffdefff]
[STDERR  ] 2018-06-09T12:43:58.894276471Z: [    0.000000] Reserved but unavailable: 98 pages
[STDERR  ] 2018-06-09T12:43:58.894303422Z: [    0.000000] ACPI: PM-Timer IO Port: 0x608
[STDERR  ] 2018-06-09T12:43:58.894336544Z: [    0.000000] ACPI: LAPIC_NMI (acpi_id[0xff] dfl dfl lint[0x1])
[STDERR  ] 2018-06-09T12:43:58.894352302Z: [    0.000000] IOAPIC[0]: apic_id 0, version 32, address 0xfec00000, GSI 0-23
[STDERR  ] 2018-06-09T12:43:58.894367075Z: [    0.000000] ACPI: INT_SRC_OVR (bus 0 bus_irq 0 global_irq 2 dfl dfl)
[STDERR  ] 2018-06-09T12:43:58.894379171Z: [    0.000000] ACPI: INT_SRC_OVR (bus 0 bus_irq 5 global_irq 5 high level)
[STDERR  ] 2018-06-09T12:43:58.894413164Z: [    0.000000] ACPI: INT_SRC_OVR (bus 0 bus_irq 9 global_irq 9 high level)
[STDERR  ] 2018-06-09T12:43:58.894429220Z: [    0.000000] ACPI: INT_SRC_OVR (bus 0 bus_irq 10 global_irq 10 high level)
[STDERR  ] 2018-06-09T12:43:58.894441199Z: [    0.000000] ACPI: INT_SRC_OVR (bus 0 bus_irq 11 global_irq 11 high level)
[STDERR  ] 2018-06-09T12:43:58.894453570Z: [    0.000000] Using ACPI (MADT) for SMP configuration information
[STDERR  ] 2018-06-09T12:43:58.894466291Z: [    0.000000] ACPI: HPET id: 0x8086a201 base: 0xfed00000
[STDERR  ] 2018-06-09T12:43:58.894481091Z: [    0.000000] smpboot: Allowing 1 CPUs, 0 hotplug CPUs
[STDERR  ] 2018-06-09T12:43:58.894492995Z: [    0.000000] e820: [mem 0x40000000-0xafffffff] available for PCI devices
[STDERR  ] 2018-06-09T12:43:58.894504374Z: [    0.000000] Booting paravirtualized kernel on bare hardware
[STDERR  ] 2018-06-09T12:43:58.894519035Z: [    0.000000] clocksource: refined-jiffies: mask: 0xffffffff max_cycles: 0xffffffff, max_idle_ns: 19112604462750000 ns
[STDERR  ] 2018-06-09T12:43:58.894531647Z: [    0.000000] setup_percpu: NR_CPUS:128 nr_cpumask_bits:128 nr_cpu_ids:1 nr_node_ids:1
[STDERR  ] 2018-06-09T12:43:58.894546912Z: [    0.000000] percpu: Embedded 44 pages/cpu @        (ptrval) s142936 r8192 d29096 u2097152
[STDERR  ] 2018-06-09T12:43:58.894563113Z: [    0.000000] Built 1 zonelists, mobility grouping on.  Total pages: 257896
[STDERR  ] 2018-06-09T12:43:58.894576141Z: [    0.000000] Kernel command line: console=ttyS0 console=ttyAMA0
[STDERR  ] 2018-06-09T12:43:58.894590351Z: [    0.000000] Dentry cache hash table entries: 131072 (order: 8, 1048576 bytes)
[STDERR  ] 2018-06-09T12:43:58.894604599Z: [    0.000000] Inode-cache hash table entries: 65536 (order: 7, 524288 bytes)
[STDERR  ] 2018-06-09T12:43:58.894617556Z: [    0.000000] Memory: 977652K/1048052K available (12300K kernel code, 1480K rwdata, 3012K rodata, 1520K init, 632K bss, 70400K reserved, 0K cma-reserved)
[STDERR  ] 2018-06-09T12:43:58.894632103Z: [    0.000000] ftrace: allocating 41314 entries in 162 pages
[STDERR  ] 2018-06-09T12:43:58.894644842Z: [    0.000000] Hierarchical RCU implementation.
[STDERR  ] 2018-06-09T12:43:58.894660100Z: [    0.000000] 	RCU restricting CPUs from NR_CPUS=128 to nr_cpu_ids=1.
[STDERR  ] 2018-06-09T12:43:58.894672715Z: [    0.000000] RCU: Adjusting geometry for rcu_fanout_leaf=16, nr_cpu_ids=1
[STDERR  ] 2018-06-09T12:43:58.894689436Z: [    0.000000] NR_IRQS: 8448, nr_irqs: 256, preallocated irqs: 16
[STDERR  ] 2018-06-09T12:43:58.894704453Z: [    0.000000] Console: colour VGA+ 80x25
[STDERR  ] 2018-06-09T12:43:58.894716534Z: [    0.000000] console [ttyS0] enabled
[STDERR  ] 2018-06-09T12:43:58.894739664Z: [    0.000000] ACPI: Core revision 20170831
[STDERR  ] 2018-06-09T12:43:58.894754370Z: [    0.000000] ACPI: 1 ACPI AML tables successfully acquired and loaded
[STDERR  ] 2018-06-09T12:43:58.894771526Z: [    0.000000] clocksource: hpet: mask: 0xffffffff max_cycles: 0xffffffff, max_idle_ns: 19112604467 ns
[STDERR  ] 2018-06-09T12:43:58.894786146Z: [    0.010000] APIC: Switch to symmetric I/O mode setup
[STDERR  ] 2018-06-09T12:43:58.894798344Z: [    0.010000] ..TIMER: vector=0x30 apic1=0 pin1=2 apic2=-1 pin2=-1
[STDERR  ] 2018-06-09T12:43:58.894820605Z: [    0.060000] tsc: Fast TSC calibration using PIT
[STDERR  ] 2018-06-09T12:43:58.894836512Z: [    0.060000] tsc: Detected 2600.007 MHz processor
[STDERR  ] 2018-06-09T12:43:58.894849230Z: [    0.060000] Calibrating delay loop (skipped), value calculated using timer frequency.. 5200.01 BogoMIPS (lpj=26000070)
[STDERR  ] 2018-06-09T12:43:58.894864375Z: [    0.060000] pid_max: default: 32768 minimum: 301
[STDERR  ] 2018-06-09T12:43:58.894882290Z: [    0.070924] Security Framework initialized
[STDERR  ] 2018-06-09T12:43:58.894902295Z: [    0.071339] Yama: becoming mindful.
[STDERR  ] 2018-06-09T12:43:58.894917549Z: [    0.073212] Mount-cache hash table entries: 2048 (order: 2, 16384 bytes)
[STDERR  ] 2018-06-09T12:43:58.894930135Z: [    0.073588] Mountpoint-cache hash table entries: 2048 (order: 2, 16384 bytes)
[STDERR  ] 2018-06-09T12:43:58.894946820Z: [    0.091585] Last level iTLB entries: 4KB 0, 2MB 0, 4MB 0
[STDERR  ] 2018-06-09T12:43:58.894971341Z: [    0.091942] Last level dTLB entries: 4KB 0, 2MB 0, 4MB 0, 1GB 0
[STDERR  ] 2018-06-09T12:43:58.895000869Z: [    0.092339] Spectre V2 : Spectre mitigation: LFENCE not serializing, switching to generic retpoline
[STDERR  ] 2018-06-09T12:43:58.895015852Z: [    0.092778] Spectre V2 : Vulnerable: Minimal generic ASM retpoline
[STDERR  ] 2018-06-09T12:43:58.895030333Z: [    0.093117] Spectre V2 : Spectre v2 mitigation: Filling RSB on context switch
[STDERR  ] 2018-06-09T12:43:58.895058465Z: [    0.351476] Freeing SMP alternatives memory: 20K
[STDERR  ] 2018-06-09T12:43:58.895071270Z: [    0.380000] smpboot: CPU0: AMD QEMU Virtual CPU version 2.5+ (family: 0x6, model: 0x6, stepping: 0x3)
[STDERR  ] 2018-06-09T12:43:58.895089735Z: [    0.380000] Performance Events: PMU not available due to virtualization, using software events only.
[STDERR  ] 2018-06-09T12:43:58.895104384Z: [    0.381085] Hierarchical SRCU implementation.
[STDERR  ] 2018-06-09T12:43:58.895119022Z: [    0.389640] NMI watchdog: Perf event create on CPU 0 failed with -2
[STDERR  ] 2018-06-09T12:43:58.895133421Z: [    0.390142] NMI watchdog: Perf NMI watchdog permanently disabled
[STDERR  ] 2018-06-09T12:43:58.895145991Z: [    0.393558] smp: Bringing up secondary CPUs ...
[STDERR  ] 2018-06-09T12:43:58.895158219Z: [    0.393863] smp: Brought up 1 node, 1 CPU
[STDERR  ] 2018-06-09T12:43:58.895171748Z: [    0.394120] smpboot: Max logical packages: 1
[STDERR  ] 2018-06-09T12:43:58.895189340Z: [    0.394408] smpboot: Total of 1 processors activated (5200.01 BogoMIPS)
[STDERR  ] 2018-06-09T12:43:58.895204068Z: [    0.407167] devtmpfs: initialized
[STDERR  ] 2018-06-09T12:43:58.895218624Z: [    0.413293] x86/mm: Memory block size: 128MB
[STDERR  ] 2018-06-09T12:43:58.895237807Z: [    0.417563] evm: security.ima
[STDERR  ] 2018-06-09T12:43:58.895250690Z: [    0.417746] evm: security.capability
[STDERR  ] 2018-06-09T12:43:58.895262857Z: [    0.421212] clocksource: jiffies: mask: 0xffffffff max_cycles: 0xffffffff, max_idle_ns: 19112604462750000 ns
[STDERR  ] 2018-06-09T12:43:58.895277602Z: [    0.421897] futex hash table entries: 256 (order: 2, 16384 bytes)
[STDERR  ] 2018-06-09T12:43:58.895290177Z: [    0.432147] NET: Registered protocol family 16
[STDERR  ] 2018-06-09T12:43:58.895302752Z: [    0.435100] audit: initializing netlink subsys (disabled)
[STDERR  ] 2018-06-09T12:43:58.895319601Z: [    0.439744] cpuidle: using governor ladder
[STDERR  ] 2018-06-09T12:43:58.895333995Z: [    0.440614] audit: type=2000 audit(1528548222.430:1): state=initialized audit_enabled=0 res=1
[STDERR  ] 2018-06-09T12:43:58.895346479Z: [    0.441596] cpuidle: using governor menu
[STDERR  ] 2018-06-09T12:43:58.895369767Z: [    0.443050] ACPI: bus type PCI registered
[STDERR  ] 2018-06-09T12:43:58.895385645Z: [    0.445330] PCI: MMCONFIG for domain 0000 [bus 00-ff] at [mem 0xb0000000-0xbfffffff] (base 0xb0000000)
[STDERR  ] 2018-06-09T12:43:58.895398676Z: [    0.446033] PCI: MMCONFIG at [mem 0xb0000000-0xbfffffff] reserved in E820
[STDERR  ] 2018-06-09T12:43:58.895411856Z: [    0.449281] PCI: Using configuration type 1 for base access
[STDERR  ] 2018-06-09T12:43:58.895424326Z: [    0.493048] HugeTLB registered 2.00 MiB page size, pre-allocated 0 pages
[STDERR  ] 2018-06-09T12:43:58.895441020Z: [    0.503192] ACPI: Added _OSI(Module Device)
[STDERR  ] 2018-06-09T12:43:58.895452702Z: [    0.503504] ACPI: Added _OSI(Processor Device)
[STDERR  ] 2018-06-09T12:43:58.895465122Z: [    0.503741] ACPI: Added _OSI(3.0 _SCP Extensions)
[STDERR  ] 2018-06-09T12:43:58.895499245Z: [    0.503948] ACPI: Added _OSI(Processor Aggregator Device)
[STDERR  ] 2018-06-09T12:43:58.895512185Z: [    0.546258] ACPI: Interpreter enabled
[STDERR  ] 2018-06-09T12:43:58.895524856Z: [    0.547207] ACPI: (supports S0 S5)
[STDERR  ] 2018-06-09T12:43:58.895537461Z: [    0.547519] ACPI: Using IOAPIC for interrupt routing
[STDERR  ] 2018-06-09T12:43:58.895554193Z: [    0.549628] PCI: Using host bridge windows from ACPI; if necessary, use "pci=nocrs" and report a bug
[STDERR  ] 2018-06-09T12:43:58.895571455Z: [    0.553142] ACPI: Enabled 1 GPEs in block 00 to 3F
[STDERR  ] 2018-06-09T12:43:58.895586500Z: [    0.595731] ACPI: PCI Root Bridge [PCI0] (domain 0000 [bus 00-ff])
[STDERR  ] 2018-06-09T12:43:58.895598846Z: [    0.596670] acpi PNP0A08:00: _OSC: OS supports [ExtendedConfig ASPM ClockPM Segments MSI]
[STDERR  ] 2018-06-09T12:43:58.895613668Z: [    0.600411] acpi PNP0A08:00: _OSC: OS now controls [PCIeHotplug PME PCIeCapability]
[STDERR  ] 2018-06-09T12:43:58.895628137Z: [    0.604004] PCI host bridge to bus 0000:00
[STDERR  ] 2018-06-09T12:43:58.895640401Z: [    0.604489] pci_bus 0000:00: root bus resource [io  0x0000-0x0cf7 window]
[STDERR  ] 2018-06-09T12:43:58.895656629Z: [    0.604811] pci_bus 0000:00: root bus resource [io  0x0d00-0xffff window]
[STDERR  ] 2018-06-09T12:43:58.895673692Z: [    0.605163] pci_bus 0000:00: root bus resource [mem 0x000a0000-0x000bffff window]
[STDERR  ] 2018-06-09T12:43:58.895688316Z: [    0.605493] pci_bus 0000:00: root bus resource [mem 0xc0000000-0xfebfffff window]
[STDERR  ] 2018-06-09T12:43:58.895702921Z: [    0.605989] pci_bus 0000:00: root bus resource [bus 00-ff]
[STDERR  ] 2018-06-09T12:43:58.895717385Z: [    0.751669] pci 0000:00:1f.0: quirk: [io  0x0600-0x067f] claimed by ICH6 ACPI/GPIO/TCO
[STDERR  ] 2018-06-09T12:43:58.895733272Z: [    0.836015] ACPI: PCI Interrupt Link [LNKA] (IRQs 5 *10 11)
[STDERR  ] 2018-06-09T12:43:58.895745649Z: [    0.837725] ACPI: PCI Interrupt Link [LNKB] (IRQs 5 *10 11)
[STDERR  ] 2018-06-09T12:43:58.895766958Z: [    0.839075] ACPI: PCI Interrupt Link [LNKC] (IRQs 5 10 *11)
[STDERR  ] 2018-06-09T12:43:58.895781382Z: [    0.840750] ACPI: PCI Interrupt Link [LNKD] (IRQs 5 10 *11)
[STDERR  ] 2018-06-09T12:43:58.895793752Z: [    0.841923] ACPI: PCI Interrupt Link [LNKE] (IRQs 5 *10 11)
[STDERR  ] 2018-06-09T12:43:58.895807955Z: [    0.843207] ACPI: PCI Interrupt Link [LNKF] (IRQs 5 *10 11)
[STDERR  ] 2018-06-09T12:43:58.895829525Z: [    0.844304] ACPI: PCI Interrupt Link [LNKG] (IRQs 5 10 *11)
[STDERR  ] 2018-06-09T12:43:58.895844205Z: [    0.845432] ACPI: PCI Interrupt Link [LNKH] (IRQs 5 10 *11)
[STDERR  ] 2018-06-09T12:43:58.895859760Z: [    0.846001] ACPI: PCI Interrupt Link [GSIA] (IRQs *16)
[STDERR  ] 2018-06-09T12:43:58.895872428Z: [    0.846509] ACPI: PCI Interrupt Link [GSIB] (IRQs *17)
[STDERR  ] 2018-06-09T12:43:58.895886651Z: [    0.846979] ACPI: PCI Interrupt Link [GSIC] (IRQs *18)
[STDERR  ] 2018-06-09T12:43:58.895899167Z: [    0.847498] ACPI: PCI Interrupt Link [GSID] (IRQs *19)
[STDERR  ] 2018-06-09T12:43:58.895912001Z: [    0.848009] ACPI: PCI Interrupt Link [GSIE] (IRQs *20)
[STDERR  ] 2018-06-09T12:43:58.895935944Z: [    0.848506] ACPI: PCI Interrupt Link [GSIF] (IRQs *21)
[STDERR  ] 2018-06-09T12:43:58.895951670Z: [    0.848972] ACPI: PCI Interrupt Link [GSIG] (IRQs *22)
[STDERR  ] 2018-06-09T12:43:58.895966362Z: [    0.849474] ACPI: PCI Interrupt Link [GSIH] (IRQs *23)
[STDERR  ] 2018-06-09T12:43:58.895986428Z: [    0.856991] SCSI subsystem initialized
[STDERR  ] 2018-06-09T12:43:58.896004441Z: [    0.859128] ACPI: bus type USB registered
[STDERR  ] 2018-06-09T12:43:58.896019510Z: [    0.860153] usbcore: registered new interface driver usbfs
[STDERR  ] 2018-06-09T12:43:58.896036452Z: [    0.860839] usbcore: registered new interface driver hub
[STDERR  ] 2018-06-09T12:43:58.896050970Z: [    0.861616] usbcore: registered new device driver usb
[STDERR  ] 2018-06-09T12:43:58.896067694Z: [    0.862589] pps_core: LinuxPPS API ver. 1 registered
[STDERR  ] 2018-06-09T12:43:58.896094505Z: [    0.862835] pps_core: Software ver. 5.3.6 - Copyright 2005-2007 Rodolfo Giometti <giometti@linux.it>
[STDERR  ] 2018-06-09T12:43:58.896110250Z: [    0.863354] PTP clock support registered
[STDERR  ] 2018-06-09T12:43:58.896123142Z: [    0.865472] PCI: Using ACPI for IRQ routing
[STDERR  ] 2018-06-09T12:43:58.896135503Z: [    0.879404] NetLabel: Initializing
[STDERR  ] 2018-06-09T12:43:58.896161187Z: [    0.879695] NetLabel:  domain hash size = 128
[STDERR  ] 2018-06-09T12:43:58.896173786Z: [    0.880087] NetLabel:  protocols = UNLABELED CIPSOv4 CALIPSO
[STDERR  ] 2018-06-09T12:43:58.896186281Z: [    0.882157] NetLabel:  unlabeled traffic allowed by default
[STDERR  ] 2018-06-09T12:43:58.896201206Z: [    0.883581] HPET: 3 timers in total, 0 timers will be used for per-cpu timer
[STDERR  ] 2018-06-09T12:43:58.896213915Z: [    0.884238] hpet0: at MMIO 0xfed00000, IRQs 2, 8, 0
[STDERR  ] 2018-06-09T12:43:58.896226463Z: [    0.884611] hpet0: 3 comparators, 64-bit 100.000000 MHz counter
[STDERR  ] 2018-06-09T12:43:58.896252941Z: [    0.890843] clocksource: Switched to clocksource hpet
[STDERR  ] 2018-06-09T12:43:58.896269068Z: [    1.078659] VFS: Disk quotas dquot_6.6.0
[STDERR  ] 2018-06-09T12:43:58.896281562Z: [    1.079291] VFS: Dquot-cache hash table entries: 512 (order 0, 4096 bytes)
[STDERR  ] 2018-06-09T12:43:58.896294398Z: [    1.082577] FS-Cache: Loaded
[STDERR  ] 2018-06-09T12:43:58.896309108Z: [    1.087596] CacheFiles: Loaded
[STDERR  ] 2018-06-09T12:43:58.896321532Z: [    1.088880] pnp: PnP ACPI init
[STDERR  ] 2018-06-09T12:43:58.896334497Z: [    1.095706] pnp: PnP ACPI: found 5 devices
[STDERR  ] 2018-06-09T12:43:58.896347348Z: [    1.125329] clocksource: acpi_pm: mask: 0xffffff max_cycles: 0xffffff, max_idle_ns: 2085701024 ns
[STDERR  ] 2018-06-09T12:43:58.896365051Z: [    1.128681] NET: Registered protocol family 2
[STDERR  ] 2018-06-09T12:43:58.896377616Z: [    1.135508] TCP established hash table entries: 8192 (order: 4, 65536 bytes)
[STDERR  ] 2018-06-09T12:43:58.896391903Z: [    1.136218] TCP bind hash table entries: 8192 (order: 5, 131072 bytes)
[STDERR  ] 2018-06-09T12:43:58.896415883Z: [    1.136857] TCP: Hash tables configured (established 8192 bind 8192)
[STDERR  ] 2018-06-09T12:43:58.896427969Z: [    1.141070] UDP hash table entries: 512 (order: 2, 16384 bytes)
[STDERR  ] 2018-06-09T12:43:58.896440338Z: [    1.141618] UDP-Lite hash table entries: 512 (order: 2, 16384 bytes)
[STDERR  ] 2018-06-09T12:43:58.896452879Z: [    1.143751] NET: Registered protocol family 1
[STDERR  ] 2018-06-09T12:43:58.896465118Z: [    1.144599] pci 0000:00:01.0: Video device with shadowed ROM at [mem 0x000c0000-0x000dffff]
[STDERR  ] 2018-06-09T12:43:58.896482406Z: [    1.149716] Trying to unpack rootfs image as initramfs...
[STDERR  ] 2018-06-09T12:43:58.896495167Z: [    4.375500] Freeing initrd memory: 27132K
[STDERR  ] 2018-06-09T12:43:58.896507602Z: [    4.398043] PCLMULQDQ-NI instructions are not detected.
[STDERR  ] 2018-06-09T12:43:58.896520136Z: [    4.399441] AVX or AES-NI instructions are not detected.
[STDERR  ] 2018-06-09T12:43:58.896534779Z: [    4.399890] CPU feature 'AVX registers' is not supported.
[STDERR  ] 2018-06-09T12:43:58.896560004Z: [    4.400547] CPU feature 'AVX registers' is not supported.
[STDERR  ] 2018-06-09T12:43:58.896575250Z: [    4.400880] CPU feature 'AVX registers' is not supported.
[STDERR  ] 2018-06-09T12:43:58.896590048Z: [    4.401202] CPU feature 'AVX registers' is not supported.
[STDERR  ] 2018-06-09T12:43:58.896602215Z: [    4.401522] AVX2 or AES-NI instructions are not detected.
[STDERR  ] 2018-06-09T12:43:58.896614515Z: [    4.401812] AVX2 instructions are not detected.
[STDERR  ] 2018-06-09T12:43:58.896628965Z: [    4.409489] workingset: timestamp_bits=46 max_order=18 bucket_order=0
[STDERR  ] 2018-06-09T12:43:58.896653330Z: [    4.413550] squashfs: version 4.0 (2009/01/31) Phillip Lougher
[STDERR  ] 2018-06-09T12:43:58.896666007Z: [    4.415413] FS-Cache: Netfs 'cifs' registered for caching
[STDERR  ] 2018-06-09T12:43:58.896678481Z: [    4.417414] fuse init (API version 7.26)
[STDERR  ] 2018-06-09T12:43:58.896695738Z: [    4.419301] SGI XFS with ACLs, security attributes, no debug enabled
[STDERR  ] 2018-06-09T12:43:58.896710581Z: [    4.423059] 9p: Installing v9fs 9p2000 file system support
[STDERR  ] 2018-06-09T12:43:58.896725595Z: [    4.423467] FS-Cache: Netfs '9p' registered for caching
[STDERR  ] 2018-06-09T12:43:58.896737971Z: [    4.451734] NET: Registered protocol family 38
[STDERR  ] 2018-06-09T12:43:58.896756875Z: [    4.452337] Key type asymmetric registered
[STDERR  ] 2018-06-09T12:43:58.896774366Z: [    4.452656] Asymmetric key parser 'x509' registered
[STDERR  ] 2018-06-09T12:43:58.896791377Z: [    4.453411] Block layer SCSI generic (bsg) driver version 0.4 loaded (major 247)
[STDERR  ] 2018-06-09T12:43:58.896803480Z: [    4.454992] io scheduler noop registered
[STDERR  ] 2018-06-09T12:43:58.896815919Z: [    4.455319] io scheduler deadline registered (default)
[STDERR  ] 2018-06-09T12:43:58.896830162Z: [    4.456311] io scheduler cfq registered
[STDERR  ] 2018-06-09T12:43:58.896844372Z: [    4.456621] io scheduler mq-deadline registered (default)
[STDERR  ] 2018-06-09T12:43:58.896856959Z: [    4.456859] io scheduler kyber registered
[STDERR  ] 2018-06-09T12:43:58.896871097Z: [    4.459407] shpchp: Standard Hot Plug PCI Controller Driver version: 0.4
[STDERR  ] 2018-06-09T12:43:58.896882827Z: [    4.460446] hv_vmbus: registering driver hyperv_fb
[STDERR  ] 2018-06-09T12:43:58.896895220Z: [    4.463431] input: Power Button as /devices/LNXSYSTM:00/LNXPWRBN:00/input/input0
[STDERR  ] 2018-06-09T12:43:58.896909419Z: [    4.466061] ACPI: Power Button [PWRF]
[STDERR  ] 2018-06-09T12:43:58.896923845Z: [    4.476217] ACPI: PCI Interrupt Link [GSIG] enabled at IRQ 22
[STDERR  ] 2018-06-09T12:43:58.896940639Z: [    4.485140] ACPI: PCI Interrupt Link [GSIH] enabled at IRQ 23
[STDERR  ] 2018-06-09T12:43:58.896954919Z: [    4.491063] Serial: 8250/16550 driver, 4 ports, IRQ sharing disabled
[STDERR  ] 2018-06-09T12:43:58.896967243Z: [    4.514385] 00:04: ttyS0 at I/O 0x3f8 (irq = 4, base_baud = 115200) is a 16550A
[STDERR  ] 2018-06-09T12:43:58.896987697Z: [    4.524335] Non-volatile memory driver v1.3
[STDERR  ] 2018-06-09T12:43:58.897002420Z: [    4.529965] Hangcheck: starting hangcheck timer 0.9.1 (tick is 180 seconds, margin is 60 seconds).
[STDERR  ] 2018-06-09T12:43:58.897014956Z: [    4.541149] random: crng init done
[STDERR  ] 2018-06-09T12:43:58.897032079Z: [    4.578072] brd: module loaded
[STDERR  ] 2018-06-09T12:43:58.897044539Z: [    4.601615] loop: module loaded
[STDERR  ] 2018-06-09T12:43:58.897057082Z: [    4.637968] lpc_ich 0000:00:1f.0: I/O space for GPIO uninitialized
[STDERR  ] 2018-06-09T12:43:58.897069433Z: [    4.640035] VMware PVSCSI driver - version 1.0.7.0-k
[STDERR  ] 2018-06-09T12:43:58.897083346Z: [    4.640951] hv_vmbus: registering driver hv_storvsc
[STDERR  ] 2018-06-09T12:43:58.897120386Z: [    4.647279] ACPI: PCI Interrupt Link [GSIA] enabled at IRQ 16
[STDERR  ] 2018-06-09T12:43:58.897136165Z: [    4.653270] ahci 0000:00:1f.2: AHCI 0001.0000 32 slots 6 ports 1.5 Gbps 0x3f impl SATA mode
[STDERR  ] 2018-06-09T12:43:58.897164597Z: [    4.653810] ahci 0000:00:1f.2: flags: 64bit ncq only 
[STDERR  ] 2018-06-09T12:43:58.897177395Z: [    4.665354] scsi host0: ahci
[STDERR  ] 2018-06-09T12:43:58.897198494Z: [    4.667800] scsi host1: ahci
[STDERR  ] 2018-06-09T12:43:58.897210710Z: [    4.669108] scsi host2: ahci
[STDERR  ] 2018-06-09T12:43:58.899125867Z: [    4.670590] scsi host3: ahci
[STDERR  ] 2018-06-09T12:43:58.899147285Z: [    4.671880] scsi host4: ahci
[STDERR  ] 2018-06-09T12:43:58.899159490Z: [    4.673117] scsi host5: ahci
[STDERR  ] 2018-06-09T12:43:58.899170703Z: [    4.674130] ata1: SATA max UDMA/133 abar m4096@0xfebd2000 port 0xfebd2100 irq 24
[STDERR  ] 2018-06-09T12:43:58.899183715Z: [    4.674504] ata2: SATA max UDMA/133 abar m4096@0xfebd2000 port 0xfebd2180 irq 24
[STDERR  ] 2018-06-09T12:43:58.899195483Z: [    4.674824] ata3: SATA max UDMA/133 abar m4096@0xfebd2000 port 0xfebd2200 irq 24
[STDERR  ] 2018-06-09T12:43:58.899219577Z: [    4.675132] ata4: SATA max UDMA/133 abar m4096@0xfebd2000 port 0xfebd2280 irq 24
[STDERR  ] 2018-06-09T12:43:58.899235537Z: [    4.675459] ata5: SATA max UDMA/133 abar m4096@0xfebd2000 port 0xfebd2300 irq 24
[STDERR  ] 2018-06-09T12:43:58.899250249Z: [    4.675782] ata6: SATA max UDMA/133 abar m4096@0xfebd2000 port 0xfebd2380 irq 24
[STDERR  ] 2018-06-09T12:43:58.899265778Z: [    4.685890] tun: Universal TUN/TAP device driver, 1.6
[STDERR  ] 2018-06-09T12:43:58.899285110Z: [    4.696160] VMware vmxnet3 virtual NIC driver - version 1.4.a.0-k-NAPI
[STDERR  ] 2018-06-09T12:43:58.899300156Z: [    4.696805] hv_vmbus: registering driver hv_netvsc
[STDERR  ] 2018-06-09T12:43:58.899313230Z: [    4.697131] Fusion MPT base driver 3.04.20
[STDERR  ] 2018-06-09T12:43:58.899326699Z: [    4.697456] Copyright (c) 1999-2008 LSI Corporation
[STDERR  ] 2018-06-09T12:43:58.899339362Z: [    4.698000] Fusion MPT SPI Host driver 3.04.20
[STDERR  ] 2018-06-09T12:43:58.899354225Z: [    4.699601] i8042: PNP: PS/2 Controller [PNP0303:KBD,PNP0f13:MOU] at 0x60,0x64 irq 1,12
[STDERR  ] 2018-06-09T12:43:58.899367341Z: [    4.703465] serio: i8042 KBD port at 0x60,0x64 irq 1
[STDERR  ] 2018-06-09T12:43:58.899380208Z: [    4.704016] serio: i8042 AUX port at 0x60,0x64 irq 12
[STDERR  ] 2018-06-09T12:43:58.899392935Z: [    4.705792] hv_vmbus: registering driver hyperv_keyboard
[STDERR  ] 2018-06-09T12:43:58.899409202Z: [    4.707264] mousedev: PS/2 mouse device common for all mice
[STDERR  ] 2018-06-09T12:43:58.899426373Z: [    4.711049] input: AT Translated Set 2 keyboard as /devices/platform/i8042/serio0/input/input1
[STDERR  ] 2018-06-09T12:43:58.899441130Z: [    4.712763] input: PC Speaker as /devices/platform/pcspkr/input/input2
[STDERR  ] 2018-06-09T12:43:58.899453613Z: [    4.715775] rtc_cmos 00:00: RTC can wake from S4
[STDERR  ] 2018-06-09T12:43:58.899468108Z: [    4.718425] rtc_cmos 00:00: rtc core: registered rtc_cmos as rtc0
[STDERR  ] 2018-06-09T12:43:58.899479988Z: [    4.719450] rtc_cmos 00:00: alarms up to one day, y3k, 114 bytes nvram, hpet irqs
[STDERR  ] 2018-06-09T12:43:58.899492483Z: [    4.719992] i2c /dev entries driver
[STDERR  ] 2018-06-09T12:43:58.899505069Z: [    4.721888] device-mapper: ioctl: 4.37.0-ioctl (2017-09-20) initialised: dm-devel@redhat.com
[STDERR  ] 2018-06-09T12:43:58.899517898Z: [    4.725120] usbcore: registered new interface driver usbhid
[STDERR  ] 2018-06-09T12:43:58.899532409Z: [    4.725375] usbhid: USB HID core driver
[STDERR  ] 2018-06-09T12:43:58.899547285Z: [    4.725969] hv_utils: Registering HyperV Utility Driver
[STDERR  ] 2018-06-09T12:43:58.899561864Z: [    4.726233] hv_vmbus: registering driver hv_util
[STDERR  ] 2018-06-09T12:43:58.899578546Z: [    4.726423] hv_vmbus: registering driver hv_balloon
[STDERR  ] 2018-06-09T12:43:58.899591302Z: [    4.726849] oprofile: using NMI interrupt.
[STDERR  ] 2018-06-09T12:43:58.899605392Z: [    4.727843] GACT probability on
[STDERR  ] 2018-06-09T12:43:58.899617746Z: [    4.728183] Mirror/redirect action on
[STDERR  ] 2018-06-09T12:43:58.899632211Z: [    4.728758] Simple TC action Loaded
[STDERR  ] 2018-06-09T12:43:58.899644574Z: [    4.729140] u32 classifier
[STDERR  ] 2018-06-09T12:43:58.899677558Z: [    4.729294]     Performance counters on
[STDERR  ] 2018-06-09T12:43:58.899689683Z: [    4.729444]     input device check on
[STDERR  ] 2018-06-09T12:43:58.899702039Z: [    4.729607]     Actions configured
[STDERR  ] 2018-06-09T12:43:58.899714768Z: [    4.730599] Netfilter messages via NETLINK v0.30.
[STDERR  ] 2018-06-09T12:43:58.899739890Z: [    4.731108] nfnl_acct: registering with nfnetlink.
[STDERR  ] 2018-06-09T12:43:58.899755466Z: [    4.732187] nf_conntrack version 0.5.0 (8192 buckets, 32768 max)
[STDERR  ] 2018-06-09T12:43:58.899768179Z: [    4.733949] ctnetlink v0.93: registering with nfnetlink.
[STDERR  ] 2018-06-09T12:43:58.899781487Z: [    4.736743] nf_tables: (c) 2007-2009 Patrick McHardy <kaber@trash.net>
[STDERR  ] 2018-06-09T12:43:58.899801128Z: [    4.737484] nf_tables_compat: (c) 2012 Pablo Neira Ayuso <pablo@netfilter.org>
[STDERR  ] 2018-06-09T12:43:58.899822075Z: [    4.739454] xt_time: kernel timezone is -0000
[STDERR  ] 2018-06-09T12:43:58.899834824Z: [    4.739915] ip_set: protocol 6
[STDERR  ] 2018-06-09T12:43:58.899849749Z: [    4.740881] IPVS: Registered protocols (TCP, UDP, SCTP, AH, ESP)
[STDERR  ] 2018-06-09T12:43:58.899862232Z: [    4.741416] IPVS: Connection hash table configured (size=4096, memory=64Kbytes)
[STDERR  ] 2018-06-09T12:43:58.899879147Z: [    4.744955] IPVS: ipvs loaded.
[STDERR  ] 2018-06-09T12:43:58.899893973Z: [    4.745296] IPVS: [rr] scheduler registered.
[STDERR  ] 2018-06-09T12:43:58.899908668Z: [    4.745532] IPVS: [wrr] scheduler registered.
[STDERR  ] 2018-06-09T12:43:58.899921540Z: [    4.745734] IPVS: [lc] scheduler registered.
[STDERR  ] 2018-06-09T12:43:58.899935768Z: [    4.745929] IPVS: [wlc] scheduler registered.
[STDERR  ] 2018-06-09T12:43:58.899948020Z: [    4.746134] IPVS: [fo] scheduler registered.
[STDERR  ] 2018-06-09T12:43:58.899960349Z: [    4.746312] IPVS: [ovf] scheduler registered.
[STDERR  ] 2018-06-09T12:43:58.899983390Z: [    4.746676] IPVS: [lblc] scheduler registered.
[STDERR  ] 2018-06-09T12:43:58.899997810Z: [    4.747010] IPVS: [lblcr] scheduler registered.
[STDERR  ] 2018-06-09T12:43:58.900020004Z: [    4.747233] IPVS: [dh] scheduler registered.
[STDERR  ] 2018-06-09T12:43:58.900034681Z: [    4.747403] IPVS: [sh] scheduler registered.
[STDERR  ] 2018-06-09T12:43:58.900046692Z: [    4.747610] IPVS: [sed] scheduler registered.
[STDERR  ] 2018-06-09T12:43:58.900059397Z: [    4.747789] IPVS: [nq] scheduler registered.
[STDERR  ] 2018-06-09T12:43:58.900071599Z: [    4.748490] IPVS: ftp: loaded support on port[0] = 21
[STDERR  ] 2018-06-09T12:43:58.900086414Z: [    4.749121] ipip: IPv4 and MPLS over IPv4 tunneling driver
[STDERR  ] 2018-06-09T12:43:58.900112004Z: [    4.752508] gre: GRE over IPv4 demultiplexor driver
[STDERR  ] 2018-06-09T12:43:58.900124158Z: [    4.754880] ip_tables: (C) 2000-2006 Netfilter Core Team
[STDERR  ] 2018-06-09T12:43:58.900138721Z: [    4.758238] ipt_CLUSTERIP: ClusterIP Version 0.8 loaded successfully
[STDERR  ] 2018-06-09T12:43:58.900151944Z: [    4.758728] arp_tables: arp_tables: (C) 2002 David S. Miller
[STDERR  ] 2018-06-09T12:43:58.900164566Z: [    4.762780] NET: Registered protocol family 10
[STDERR  ] 2018-06-09T12:43:58.900177461Z: [    4.771052] Segment Routing with IPv6
[STDERR  ] 2018-06-09T12:43:58.900192375Z: [    4.771885] ip6_tables: (C) 2000-2006 Netfilter Core Team
[STDERR  ] 2018-06-09T12:43:58.900207447Z: [    4.778222] NET: Registered protocol family 17
[STDERR  ] 2018-06-09T12:43:58.900222134Z: [    4.779147] Bridge firewalling registered
[STDERR  ] 2018-06-09T12:43:58.900234586Z: [    4.779624] Ebtables v2.0 registered
[STDERR  ] 2018-06-09T12:43:58.900249088Z: [    4.781896] 8021q: 802.1Q VLAN Support v1.8
[STDERR  ] 2018-06-09T12:43:58.900261476Z: [    4.783142] 9pnet: Installing 9P2000 support
[STDERR  ] 2018-06-09T12:43:58.900274103Z: [    4.784518] Key type dns_resolver registered
[STDERR  ] 2018-06-09T12:43:58.900301337Z: [    4.785768] sched_clock: Marking stable (4780190290, 0)->(4866929759, -86739469)
[STDERR  ] 2018-06-09T12:43:58.900313957Z: [    4.788442] registered taskstats version 1
[STDERR  ] 2018-06-09T12:43:58.900326296Z: [    4.966237] Key type big_key registered
[STDERR  ] 2018-06-09T12:43:58.900338614Z: [    5.012913] ata3: SATA link up 1.5 Gbps (SStatus 113 SControl 300)
[STDERR  ] 2018-06-09T12:43:58.900356093Z: [    5.016830] ata2: SATA link down (SStatus 0 SControl 300)
[STDERR  ] 2018-06-09T12:43:58.900368672Z: [    5.018492] ata1: SATA link down (SStatus 0 SControl 300)
[STDERR  ] 2018-06-09T12:43:58.900383188Z: [    5.021964] ata6: SATA link down (SStatus 0 SControl 300)
[STDERR  ] 2018-06-09T12:43:58.900395832Z: [    5.025304] ata3.00: ATAPI: QEMU DVD-ROM, 2.5+, max UDMA/100
[STDERR  ] 2018-06-09T12:43:58.900408475Z: [    5.025694] ata3.00: applying bridge limits
[STDERR  ] 2018-06-09T12:43:58.900423040Z: [    5.026949] ata5: SATA link down (SStatus 0 SControl 300)
[STDERR  ] 2018-06-09T12:43:58.900435517Z: [    5.027379] ata4: SATA link down (SStatus 0 SControl 300)
[STDERR  ] 2018-06-09T12:43:58.900454547Z: [    5.030945] ata3.00: configured for UDMA/100
[STDERR  ] 2018-06-09T12:43:58.900479110Z: [    5.051834] scsi 2:0:0:0: CD-ROM            QEMU     QEMU DVD-ROM     2.5+ PQ: 0 ANSI: 5
[STDERR  ] 2018-06-09T12:43:58.900510981Z: [    5.063966] Key type trusted registered
[STDERR  ] 2018-06-09T12:43:58.900528037Z: [    5.095671] sr 2:0:0:0: [sr0] scsi3-mmc drive: 4x/4x cd/rw xa/form2 tray
[STDERR  ] 2018-06-09T12:43:58.900543934Z: [    5.096296] cdrom: Uniform CD-ROM driver Revision: 3.20
[STDERR  ] 2018-06-09T12:43:58.900569937Z: [    5.107062] sr 2:0:0:0: Attached scsi generic sg0 type 5
[STDERR  ] 2018-06-09T12:43:58.900582879Z: [    5.138317] Key type encrypted registered
[STDERR  ] 2018-06-09T12:43:58.900607117Z: [    5.138988] ima: No TPM chip found, activating TPM-bypass! (rc=-19)
[STDERR  ] 2018-06-09T12:43:58.900620031Z: [    5.143156] evm: HMAC attrs: 0x1
[STDERR  ] 2018-06-09T12:43:58.900632821Z: [    5.146842] rtc_cmos 00:00: setting system clock to 2018-06-09 12:43:47 UTC (1528548227)
[STDERR  ] 2018-06-09T12:43:58.900646102Z: [    5.295201] Freeing unused kernel memory: 1520K
[STDERR  ] 2018-06-09T12:43:58.900659269Z: [    5.295452] Write protecting the kernel read-only data: 18432k
[STDERR  ] 2018-06-09T12:43:58.900685590Z: [    5.307157] Freeing unused kernel memory: 2024K
[STDERR  ] 2018-06-09T12:43:58.900699982Z: [    5.336340] Freeing unused kernel memory: 1084K
[STDERR  ] 2018-06-09T12:43:58.900712718Z: [    5.440553] tsc: Refined TSC clocksource calibration: 2599.921 MHz
[STDERR  ] 2018-06-09T12:43:58.900725569Z: [    5.441171] clocksource: tsc: mask: 0xffffffffffffffff max_cycles: 0x2579f1c968b, max_idle_ns: 440795314142 ns
[STDERR  ] 2018-06-09T12:43:58.900741279Z: [    6.454730] clocksource: Switched to clocksource tsc
[STDERR  ] 2018-06-09T12:43:58.900766519Z: 
[STDERR  ] 2018-06-09T12:43:58.900782457Z: Welcome to LinuxKit
[STDERR  ] 2018-06-09T12:43:58.900797165Z: 
[STDERR  ] 2018-06-09T12:43:58.900811718Z:                         ##         .
[STDERR  ] 2018-06-09T12:43:58.900826172Z:                   ## ## ##        ==
[STDERR  ] 2018-06-09T12:43:58.900838559Z:                ## ## ## ## ##    ===
[STDERR  ] 2018-06-09T12:43:58.900851124Z:            /"""""""""""""""""\___/ ===
[STDERR  ] 2018-06-09T12:43:58.900865774Z:           {                       /  ===-
[STDERR  ] 2018-06-09T12:43:58.900878701Z:            \______ O           __/
[STDERR  ] 2018-06-09T12:43:58.900892598Z:              \    \         __/
[STDERR  ] 2018-06-09T12:43:58.900905273Z:               \____\_______/
[STDERR  ] 2018-06-09T12:43:58.900922332Z: 
[STDERR  ] 2018-06-09T12:43:58.900934802Z: [   11.360475] hello_world: loading out-of-tree module taints kernel.
[STDERR  ] 2018-06-09T12:43:58.900950002Z: [   11.368227] Hello LinuxKit
[STDERR  ] 2018-06-09T12:43:58.900964815Z: [   11.452237] Goodbye LinuxKit.
[STDERR  ] 2018-06-09T12:43:58.900990214Z: Linux linuxkit-824cd1e5a07a 4.15.18-linuxkit #1 SMP Mon Apr 23 11:01:45 UTC 2018 x86_64 Linux
[STDERR  ] 2018-06-09T12:43:58.901006117Z: filename:       hello_world.ko
[STDERR  ] 2018-06-09T12:43:58.901018251Z: author:         Rolf Neugebauer <rolf.neugebauer@docker.com>
[STDERR  ] 2018-06-09T12:43:58.901031109Z: description:    A simple Hello World kernel module for testing
[STDERR  ] 2018-06-09T12:43:58.901045323Z: license:        GPL
[STDERR  ] 2018-06-09T12:43:58.901057839Z: depends:        
[STDERR  ] 2018-06-09T12:43:58.901072548Z: vermagic:       4.15.18-linuxkit SMP mod_unload modversions RANDSTRUCT_PLUGIN_523e39bc52ed28cac1f8698a1ef3e5e5ef45adf2804968e3c7b39cc4bc84bfe3
[STDERR  ] 2018-06-09T12:43:58.901088133Z: Kernel module test suite PASSED
[STDERR  ] 2018-06-09T12:43:58.901102668Z: [   15.524878] ACPI: Preparing to enter system sleep state S5
[STDERR  ] 2018-06-09T12:43:58.901114588Z: [   15.526324] reboot: Power down
[STDERR  ] 2018-06-09T12:43:58.901136919Z: + exit 0
[STDERR  ] 2018-06-09T12:43:58.901152019Z: + clean_up
[STDERR  ] 2018-06-09T12:43:58.901173862Z: + docker rmi kmod-test
[STDOUT  ] 2018-06-09T12:43:58.918189300Z: Untagged: kmod-test:latest
[STDOUT  ] 2018-06-09T12:43:58.918232538Z: Deleted: sha256:14eeb3e6a656a7b8fbd73a3ae7c815ee0de4914117d6be3ced30f820b0bbcd88
[STDOUT  ] 2018-06-09T12:43:58.918240171Z: Deleted: sha256:8a31eb864e1a5a603fbb90e96b67e7909270a4bc4d70557488ce8077b5ce8ba6
[STDOUT  ] 2018-06-09T12:43:58.918246363Z: Deleted: sha256:5a68c1f8ac1087647f0d8a272e57676b45c961b83c877279a8269a2aac62efc7
[STDOUT  ] 2018-06-09T12:43:58.918259175Z: Deleted: sha256:dd58c7c95f04bb009ff69aa04c0e51a38582d830757c67d21d067846ccccf468
[STDOUT  ] 2018-06-09T12:43:58.918267741Z: Deleted: sha256:f49416fb5bdbc83a137885bfa76b53699e0ae2fc53203615517f382a617b8572
[STDERR  ] 2018-06-09T12:43:58.919020205Z: + rm -rf kmod-cmdline kmod-initrd.img kmod-kernel kmod-state
[PASS    ] linuxkit.kernel.kmod_4.15.x 44.49s
