[INFO    ] 2018-12-22T22:45:02.663490673Z: Running Test linuxkit.packages.wireguard in /tmp/build/test/cases/040_packages/023_wireguard
[STDERR  ] 2018-12-22T22:45:02.663572753Z: [    0.000000] percpu: Embedded 45 pages/cpu @ffff941b7e000000 s144216 r8192 d31912 u2097152
[STDERR  ] 2018-12-22T22:45:02.663593893Z: [    0.000000] KVM setup async PF for cpu 0
[STDERR  ] 2018-12-22T22:45:02.663607726Z: [    0.000000] kvm-stealtime: cpu 0, msr 3e015f40
[STDERR  ] 2018-12-22T22:45:02.663628120Z: [    0.000000] Built 1 zonelists, mobility grouping on.  Total pages: 257896
[STDERR  ] 2018-12-22T22:45:02.663642194Z: [    0.000000] Kernel command line: console=ttyS0 console=ttyAMA0
[STDERR  ] 2018-12-22T22:45:02.663657857Z: [    0.000000] PID hash table entries: 4096 (order: 3, 32768 bytes)
[INFO    ] 2018-12-22T22:45:02.663654719Z: Running command: [/bin/sh -x /tmp/build/test/cases/040_packages/023_wireguard/test.sh]
[STDERR  ] 2018-12-22T22:45:02.663670449Z: [    0.000000] Dentry cache hash table entries: 131072 (order: 8, 1048576 bytes)
[STDERR  ] 2018-12-22T22:45:02.663683537Z: [    0.000000] Inode-cache hash table entries: 65536 (order: 7, 524288 bytes)
[STDERR  ] 2018-12-22T22:45:02.663696984Z: [    0.000000] Memory: 975312K/1048052K available (12300K kernel code, 1451K rwdata, 2964K rodata, 1536K init, 580K bss, 72740K reserved, 0K cma-reserved)
[STDERR  ] 2018-12-22T22:45:02.663711915Z: [    0.000000] Kernel/User page tables isolation: enabled
[STDERR  ] 2018-12-22T22:45:02.663723754Z: [    0.000000] ftrace: allocating 40617 entries in 159 pages
[STDERR  ] 2018-12-22T22:45:02.663735639Z: [    0.001000] Hierarchical RCU implementation.
[STDERR  ] 2018-12-22T22:45:02.663748044Z: [    0.001000] 	RCU restricting CPUs from NR_CPUS=128 to nr_cpu_ids=1.
[STDERR  ] 2018-12-22T22:45:02.663761530Z: [    0.001000] RCU: Adjusting geometry for rcu_fanout_leaf=16, nr_cpu_ids=1
[STDERR  ] 2018-12-22T22:45:02.663773351Z: [    0.001000] NR_IRQS: 8448, nr_irqs: 256, preallocated irqs: 16
[STDERR  ] 2018-12-22T22:45:02.663785142Z: [    0.001000] Console: colour VGA+ 80x25
[STDERR  ] 2018-12-22T22:45:02.663810011Z: [    0.001000] console [ttyS0] enabled
[STDERR  ] 2018-12-22T22:45:02.663829872Z: [    0.001000] clocksource: hpet: mask: 0xffffffff max_cycles: 0xffffffff, max_idle_ns: 19112604467 ns
[STDERR  ] 2018-12-22T22:45:02.663842705Z: [    0.001024] tsc: Detected 2299.896 MHz processor
[STDERR  ] 2018-12-22T22:45:02.663858389Z: [    0.002026] Calibrating delay loop (skipped) preset value.. 4599.79 BogoMIPS (lpj=2299896)
[STDERR  ] 2018-12-22T22:45:02.663871371Z: [    0.003025] pid_max: default: 32768 minimum: 301
[STDERR  ] 2018-12-22T22:45:02.663883440Z: [    0.004056] ACPI: Core revision 20170728
[STDERR  ] 2018-12-22T22:45:02.663897397Z: [    0.006686] ACPI: 1 ACPI AML tables successfully acquired and loaded
[STDERR  ] 2018-12-22T22:45:02.663909604Z: [    0.008101] Security Framework initialized
[STDERR  ] 2018-12-22T22:45:02.663945507Z: [
[STDERR  ] 2018-12-22T22:45:02.680691034Z: + set -e
[STDERR  ] 2018-12-22T22:45:02.680784168Z: + . /tmp/build/test/cases/_lib/lib.sh
[STDERR  ] 2018-12-22T22:45:02.680799317Z: + [ -f src/github.com/linuxkit/rtf/lib/lib.sh ]
[STDERR  ] 2018-12-22T22:45:02.680813117Z: + LINUXKIT_TMPDIR=/tmp/build/test/cases/_tmp
[STDERR  ] 2018-12-22T22:45:02.680825961Z: + [ -f /tmp/build/test/cases/_tmp/env.sh ]
[STDERR  ] 2018-12-22T22:45:02.680837973Z: + . /tmp/build/test/cases/_tmp/env.sh
[STDERR  ] 2018-12-22T22:45:02.680850029Z: + export LINUXKIT_EXAMPLES_DIR=/tmp/build/test/cases/../../examples
[STDERR  ] 2018-12-22T22:45:02.680864816Z: + RT_CANCEL=253
[STDERR  ] 2018-12-22T22:45:02.680878909Z: + NAME=wireguard
[STDERR  ] 2018-12-22T22:45:02.680892765Z: + trap clean_up EXIT
[STDERR  ] 2018-12-22T22:45:02.680918410Z: + linuxkit build -format kernel+initrd -name wireguard test.yml
[STDERR  ] 2018-12-22T22:45:02.712799836Z: Extract kernel image: linuxkit/kernel:4.14.89
[STDERR  ] 2018-12-22T22:45:04.714534504Z: Add init containers:
[STDERR  ] 2018-12-22T22:45:04.714597725Z: Process init image: linuxkit/init:c563953a2277eb73a89d89f70e4b6dcdcfebc2d1
[STDERR  ] 2018-12-22T22:45:05.909786354Z: Process init image: linuxkit/runc:83d0edb4552b1a5df1f0976f05f442829eac38fe
[STDERR  ] 2018-12-22T22:45:07.042275869Z: Process init image: linuxkit/containerd:326b096cd5fbab0f864e52721d036cade67599d6
[STDERR  ] 2018-12-22T22:45:08.239821096Z: Process init image: linuxkit/ca-certificates:v0.6
[STDERR  ] 2018-12-22T22:45:09.364848708Z: Add onboot containers:
[STDERR  ] 2018-12-22T22:45:09.364911293Z:   Create OCI config for linuxkit/dhcpcd:v0.6
[STDERR  ] 2018-12-22T22:45:10.489770693Z:   Create OCI config for linuxkit/ip:v0.6
[STDERR  ] 2018-12-22T22:45:11.698642659Z: time="2018-12-22T22:45:11Z" level=warning msg="Error getting targets/rolf: valid signatures did not meet threshold for targets/rolf"
[STDERR  ] 2018-12-22T22:45:13.542098077Z:   Create OCI config for linuxkit/ip:v0.6
[STDERR  ] 2018-12-22T22:45:14.679651023Z: time="2018-12-22T22:45:14Z" level=warning msg="Error getting targets/rolf: valid signatures did not meet threshold for targets/rolf"
[STDERR  ] 2018-12-22T22:45:15.065340762Z: Add onshutdown containers:
[STDERR  ] 2018-12-22T22:45:15.065409960Z:   Create OCI config for alpine:3.8
[STDERR  ] 2018-12-22T22:45:16.217810832Z: Add service containers:
[STDERR  ] 2018-12-22T22:45:16.217882456Z:   Create OCI config for nginx:1.13.7
[STDERR  ] 2018-12-22T22:45:17.314263990Z: Pull image: docker.io/library/nginx:1.13.7@sha256:edc8182581fdaa985a39b3021836aa09a69f9b966d1a0ff2f338be6f2fbfe238
[STDERR  ] 2018-12-22T22:45:22.110940640Z:   Create OCI config for alpine:3.8
[STDERR  ] 2018-12-22T22:45:23.289646625Z: Add files:
[STDERR  ] 2018-12-22T22:45:23.289703053Z:   etc/wireguard/wg0.conf
[STDERR  ] 2018-12-22T22:45:23.289720568Z:   etc/wireguard/wg1.conf
[STDERR  ] 2018-12-22T22:45:23.289734638Z:   check.sh
[STDERR  ] 2018-12-22T22:45:23.307204443Z: Create outputs:
[STDERR  ] 2018-12-22T22:45:38.402679183Z:   wireguard-kernel wireguard-initrd.img wireguard-cmdline
[STDERR  ] 2018-12-22T22:45:38.540449927Z: + linuxkit run wireguard
[STDERR  ] 2018-12-22T22:45:53.195613540Z: + RESULT=[    0.000000] Linux version 4.14.89-linuxkit (root@dadeb9b61230) (gcc version 6.4.0 (Alpine 6.4.0)) #1 SMP Wed Dec 19 23:00:02 UTC 2018
[STDERR  ] 2018-12-22T22:45:53.195687481Z: [    0.000000] Command line: console=ttyS0 console=ttyAMA0
[STDERR  ] 2018-12-22T22:45:53.195702790Z: [    0.000000] x86/fpu: x87 FPU will use FXSAVE
[STDERR  ] 2018-12-22T22:45:53.195716780Z: [    0.000000] e820: BIOS-provided physical RAM map:
[STDERR  ] 2018-12-22T22:45:53.195731519Z: [    0.000000] BIOS-e820: [mem 0x0000000000000000-0x000000000009fbff] usable
[STDERR  ] 2018-12-22T22:45:53.195745132Z: [    0.000000] BIOS-e820: [mem 0x000000000009fc00-0x000000000009ffff] reserved
[STDERR  ] 2018-12-22T22:45:53.195758201Z: [    0.000000] BIOS-e820: [mem 0x00000000000f0000-0x00000000000fffff] reserved
[STDERR  ] 2018-12-22T22:45:53.195771166Z: [    0.000000] BIOS-e820: [mem 0x0000000000100000-0x000000003ffdefff] usable
[STDERR  ] 2018-12-22T22:45:53.195793001Z: [    0.000000] BIOS-e820: [mem 0x000000003ffdf000-0x000000003fffffff] reserved
[STDERR  ] 2018-12-22T22:45:53.195805421Z: [    0.000000] BIOS-e820: [mem 0x00000000b0000000-0x00000000bfffffff] reserved
[STDERR  ] 2018-12-22T22:45:53.195819242Z: [    0.000000] BIOS-e820: [mem 0x00000000fed1c000-0x00000000fed1ffff] reserved
[STDERR  ] 2018-12-22T22:45:53.195831879Z: [    0.000000] BIOS-e820: [mem 0x00000000feffc000-0x00000000feffffff] reserved
[STDERR  ] 2018-12-22T22:45:53.195844953Z: [    0.000000] BIOS-e820: [mem 0x00000000fffc0000-0x00000000ffffffff] reserved
[STDERR  ] 2018-12-22T22:45:53.195857430Z: [    0.000000] NX (Execute Disable) protection: active
[STDERR  ] 2018-12-22T22:45:53.195870120Z: [    0.000000] SMBIOS 2.8 present.
[STDERR  ] 2018-12-22T22:45:53.195895399Z: [    0.000000] DMI: QEMU Standard PC (Q35 + ICH9, 2009), BIOS 1.10.2-1 04/01/2014
[STDERR  ] 2018-12-22T22:45:53.195906458Z: [    0.000000] Hypervisor detected: KVM
[STDERR  ] 2018-12-22T22:45:53.195942708Z: [    0.000000] tsc: Fast TSC calibration failed
[STDERR  ] 2018-12-22T22:45:53.195971545Z: [    0.000000] tsc: Unable to calibrate against PIT
[STDERR  ] 2018-12-22T22:45:53.195988487Z: [    0.000000] tsc: No reference (HPET/PMTIMER) available
[STDERR  ] 2018-12-22T22:45:53.196000284Z: [    0.000000] e820: last_pfn = 0x3ffdf max_arch_pfn = 0x400000000
[STDERR  ] 2018-12-22T22:45:53.196010883Z: [    0.000000] x86/PAT: PAT not supported by CPU.
[STDERR  ] 2018-12-22T22:45:53.196022003Z: [    0.000000] x86/PAT: Configuration [0-7]: WB  WT  UC- UC  WB  WT  UC- UC  
[STDERR  ] 2018-12-22T22:45:53.196032803Z: [    0.000000] found SMP MP-table at [mem 0x000f6a90-0x000f6a9f] mapped at [ffffffffff200a90]
[STDERR  ] 2018-12-22T22:45:53.196043725Z: [    0.000000] RAMDISK: [mem 0x3a0a8000-0x3ffcffff]
[STDERR  ] 2018-12-22T22:45:53.196054312Z: [    0.000000] ACPI: Early table checksum verification disabled
[STDERR  ] 2018-12-22T22:45:53.196066154Z: [    0.000000] ACPI: RSDP 0x00000000000F68D0 000014 (v00 BOCHS )
[STDERR  ] 2018-12-22T22:45:53.196077156Z: [    0.000000] ACPI: RSDT 0x000000003FFE2404 000034 (v01 BOCHS  BXPCRSDT 00000001 BXPC 00000001)
[STDERR  ] 2018-12-22T22:45:53.196088995Z: [    0.000000] ACPI: FACP 0x000000003FFE22A4 000074 (v01 BOCHS  BXPCFACP 00000001 BXPC 00000001)
[STDERR  ] 2018-12-22T22:45:53.196101029Z: [    0.000000] ACPI: DSDT 0x000000003FFE0040 002264 (v01 BOCHS  BXPCDSDT 00000001 BXPC 00000001)
[STDERR  ] 2018-12-22T22:45:53.196113212Z: [    0.000000] ACPI: FACS 0x000000003FFE0000 000040
[STDERR  ] 2018-12-22T22:45:53.196125360Z: [    0.000000] ACPI: APIC 0x000000003FFE2318 000078 (v01 BOCHS  BXPCAPIC 00000001 BXPC 00000001)
[STDERR  ] 2018-12-22T22:45:53.196137385Z: [    0.000000] ACPI: HPET 0x000000003FFE2390 000038 (v01 BOCHS  BXPCHPET 00000001 BXPC 00000001)
[STDERR  ] 2018-12-22T22:45:53.196154298Z: [    0.000000] ACPI: MCFG 0x000000003FFE23C8 00003C (v01 BOCHS  BXPCMCFG 00000001 BXPC 00000001)
[STDERR  ] 2018-12-22T22:45:53.196166423Z: [    0.000000] kvm-clock: Using msrs 4b564d01 and 4b564d00
[STDERR  ] 2018-12-22T22:45:53.196178195Z: [    0.000000] kvm-clock: cpu 0, msr 0:3ffdd001, primary cpu clock
[STDERR  ] 2018-12-22T22:45:53.196193358Z: [    0.000000] clocksource: kvm-clock: mask: 0xffffffffffffffff max_cycles: 0x1cd42e4dffb, max_idle_ns: 881590591483 ns
[STDERR  ] 2018-12-22T22:45:53.196205754Z: [    0.000000] Zone ranges:
[STDERR  ] 2018-12-22T22:45:53.196217808Z: [    0.000000]   DMA      [mem 0x0000000000001000-0x0000000000ffffff]
[STDERR  ] 2018-12-22T22:45:53.196236856Z: [    0.000000]   DMA32    [mem 0x0000000001000000-0x000000003ffdefff]
[STDERR  ] 2018-12-22T22:45:53.196248272Z: [    0.000000]   Normal   empty
[STDERR  ] 2018-12-22T22:45:53.196259693Z: [    0.000000]   Device   empty
[STDERR  ] 2018-12-22T22:45:53.196274154Z: [    0.000000] Movable zone start for each node
[STDERR  ] 2018-12-22T22:45:53.196285204Z: [    0.000000] Early memory node ranges
[STDERR  ] 2018-12-22T22:45:53.196296842Z: [    0.000000]   node   0: [mem 0x0000000000001000-0x000000000009efff]
[STDERR  ] 2018-12-22T22:45:53.196308855Z: [    0.000000]   node   0: [mem 0x0000000000100000-0x000000003ffdefff]
[STDERR  ] 2018-12-22T22:45:53.196323366Z: [    0.000000] Initmem setup node 0 [mem 0x0000000000001000-0x000000003ffdefff]
[STDERR  ] 2018-12-22T22:45:53.196335055Z: [    0.000000] ACPI: PM-Timer IO Port: 0x608
[STDERR  ] 2018-12-22T22:45:53.196346330Z: [    0.000000] ACPI: LAPIC_NMI (acpi_id[0xff] dfl dfl lint[0x1])
[STDERR  ] 2018-12-22T22:45:53.196360737Z: [    0.000000] IOAPIC[0]: apic_id 0, version 17, address 0xfec00000, GSI 0-23
[STDERR  ] 2018-12-22T22:45:53.196372193Z: [    0.000000] ACPI: INT_SRC_OVR (bus 0 bus_irq 0 global_irq 2 dfl dfl)
[STDERR  ] 2018-12-22T22:45:53.196383440Z: [    0.000000] ACPI: INT_SRC_OVR (bus 0 bus_irq 5 global_irq 5 high level)
[STDERR  ] 2018-12-22T22:45:53.196399747Z: [    0.000000] ACPI: INT_SRC_OVR (bus 0 bus_irq 9 global_irq 9 high level)
[STDERR  ] 2018-12-22T22:45:53.196411195Z: [    0.000000] ACPI: INT_SRC_OVR (bus 0 bus_irq 10 global_irq 10 high level)
[STDERR  ] 2018-12-22T22:45:53.196424543Z: [    0.000000] ACPI: INT_SRC_OVR (bus 0 bus_irq 11 global_irq 11 high level)
[STDERR  ] 2018-12-22T22:45:53.196439786Z: [    0.000000] Using ACPI (MADT) for SMP configuration information
[STDERR  ] 2018-12-22T22:45:53.196451387Z: [    0.000000] ACPI: HPET id: 0x8086a201 base: 0xfed00000
[STDERR  ] 2018-12-22T22:45:53.196463158Z: [    0.000000] smpboot: Allowing 1 CPUs, 0 hotplug CPUs
[STDERR  ] 2018-12-22T22:45:53.196475802Z: [    0.000000] e820: [mem 0x40000000-0xafffffff] available for PCI devices
[STDERR  ] 2018-12-22T22:45:53.196489356Z: [    0.000000] Booting paravirtualized kernel on KVM
[STDERR  ] 2018-12-22T22:45:53.196500321Z: [    0.000000] clocksource: refined-jiffies: mask: 0xffffffff max_cycles: 0xffffffff, max_idle_ns: 1910969940391419 ns
[STDERR  ] 2018-12-22T22:45:53.196512330Z: [    0.000000] random: get_random_bytes called from start_kernel+0x92/0x4d1 with crng_init=0
[STDERR  ] 2018-12-22T22:45:53.196523481Z: [    0.000000] setup_percpu: NR_CPUS:128 nr_cpumask_bits:128 nr_cpu_ids:1 nr_node_ids:1
[STDERR  ] 2018-12-22T22:45:53.196538250Z: [    0.000000] percpu: Embedded 45 pages/cpu @ffff9c9c39e00000 s144216 r8192 d31912 u2097152
[STDERR  ] 2018-12-22T22:45:53.196549522Z: [    0.000000] KVM setup async PF for cpu 0
[STDERR  ] 2018-12-22T22:45:53.196563373Z: [    0.000000] kvm-stealtime: cpu 0, msr 39e15f40
[STDERR  ] 2018-12-22T22:45:53.196574478Z: [    0.000000] Built 1 zonelists, mobility grouping on.  Total pages: 257896
[STDERR  ] 2018-12-22T22:45:53.196585176Z: [    0.000000] Kernel command line: console=ttyS0 console=ttyAMA0
[STDERR  ] 2018-12-22T22:45:53.196595498Z: [    0.000000] PID hash table entries: 4096 (order: 3, 32768 bytes)
[STDERR  ] 2018-12-22T22:45:53.196605738Z: [    0.000000] Dentry cache hash table entries: 131072 (order: 8, 1048576 bytes)
[STDERR  ] 2018-12-22T22:45:53.196619776Z: [    0.000000] Inode-cache hash table entries: 65536 (order: 7, 524288 bytes)
[STDERR  ] 2018-12-22T22:45:53.196632555Z: [    0.000000] Memory: 907416K/1048052K available (12300K kernel code, 1451K rwdata, 2964K rodata, 1536K init, 580K bss, 140636K reserved, 0K cma-reserved)
[STDERR  ] 2018-12-22T22:45:53.196647746Z: [    0.000000] Kernel/User page tables isolation: enabled
[STDERR  ] 2018-12-22T22:45:53.196659532Z: [    0.000000] ftrace: allocating 40617 entries in 159 pages
[STDERR  ] 2018-12-22T22:45:53.196670998Z: [    0.001000] Hierarchical RCU implementation.
[STDERR  ] 2018-12-22T22:45:53.196682289Z: [    0.001000] 	RCU restricting CPUs from NR_CPUS=128 to nr_cpu_ids=1.
[STDERR  ] 2018-12-22T22:45:53.196694570Z: [    0.001000] RCU: Adjusting geometry for rcu_fanout_leaf=16, nr_cpu_ids=1
[STDERR  ] 2018-12-22T22:45:53.196705965Z: [    0.001000] NR_IRQS: 8448, nr_irqs: 256, preallocated irqs: 16
[STDERR  ] 2018-12-22T22:45:53.196716726Z: [    0.001000] Console: colour VGA+ 80x25
[STDERR  ] 2018-12-22T22:45:53.196731984Z: [    0.001000] console [ttyS0] enabled
[STDERR  ] 2018-12-22T22:45:53.196744252Z: [    0.001000] clocksource: hpet: mask: 0xffffffff max_cycles: 0xffffffff, max_idle_ns: 19112604467 ns
[STDERR  ] 2018-12-22T22:45:53.196758067Z: [    0.001029] tsc: Detected 2299.896 MHz processor
[STDERR  ] 2018-12-22T22:45:53.196770260Z: [    0.002027] Calibrating delay loop (skipped) preset value.. 4599.79 BogoMIPS (lpj=2299896)
[STDERR  ] 2018-12-22T22:45:53.196782164Z: [    0.003025] pid_max: default: 32768 minimum: 301
[STDERR  ] 2018-12-22T22:45:53.196794913Z: [    0.004048] ACPI: Core revision 20170728
[STDERR  ] 2018-12-22T22:45:53.196806594Z: [    0.005698] ACPI: 1 ACPI AML tables successfully acquired and loaded
[STDERR  ] 2018-12-22T22:45:53.196818952Z: [    0.006114] Security Framework initialized
[STDERR  ] 2018-12-22T22:45:53.196830245Z: [    0.007024] Yama: becoming mindful.
[STDERR  ] 2018-12-22T22:45:53.196846745Z: [    0.008066] Mount-cache hash table entries: 2048 (order: 2, 16384 bytes)
[STDERR  ] 2018-12-22T22:45:53.196858256Z: [    0.009029] Mountpoint-cache hash table entries: 2048 (order: 2, 16384 bytes)
[STDERR  ] 2018-12-22T22:45:53.196870147Z: [    0.012063] Last level iTLB entries: 4KB 0, 2MB 0, 4MB 0
[STDERR  ] 2018-12-22T22:45:53.196888954Z: [    0.013028] Last level dTLB entries: 4KB 0, 2MB 0, 4MB 0, 1GB 0
[STDERR  ] 2018-12-22T22:45:53.196904543Z: [    0.014030] Spectre V2 : Mitigation: Full generic retpoline
[STDERR  ] 2018-12-22T22:45:53.196916846Z: [    0.016021] Spectre V2 : Spectre v2 / SpectreRSB mitigation: Filling RSB on context switch
[STDERR  ] 2018-12-22T22:45:53.196929195Z: [    0.017033] Speculative Store Bypass: Vulnerable
[STDERR  ] 2018-12-22T22:45:53.196941991Z: [    0.024443] Freeing SMP alternatives memory: 20K
[STDERR  ] 2018-12-22T22:45:53.196953071Z: [    0.026581] smpboot: Max logical packages: 1
[STDERR  ] 2018-12-22T22:45:53.196976777Z: [    0.030444] x2apic enabled
[STDERR  ] 2018-12-22T22:45:53.196989249Z: [    0.031023] Switched APIC routing to physical x2apic.
[STDERR  ] 2018-12-22T22:45:53.197004446Z: [    0.043000] ..TIMER: vector=0x30 apic1=0 pin1=2 apic2=-1 pin2=-1
[STDERR  ] 2018-12-22T22:45:53.197015862Z: [    0.043000] smpboot: CPU0: Intel QEMU Virtual CPU version 2.5+ (family: 0x6, model: 0x6, stepping: 0x3)
[STDERR  ] 2018-12-22T22:45:53.197031288Z: [    0.043126] Performance Events: PMU not available due to virtualization, using software events only.
[STDERR  ] 2018-12-22T22:45:53.197044962Z: [    0.047350] Hierarchical SRCU implementation.
[STDERR  ] 2018-12-22T22:45:53.197056919Z: [    0.049049] NMI watchdog: Perf event create on CPU 0 failed with -2
[STDERR  ] 2018-12-22T22:45:53.197068571Z: [    0.050004] NMI watchdog: Perf NMI watchdog permanently disabled
[STDERR  ] 2018-12-22T22:45:53.197080396Z: [    0.052041] smp: Bringing up secondary CPUs ...
[STDERR  ] 2018-12-22T22:45:53.197091778Z: [    0.053004] smp: Brought up 1 node, 1 CPU
[STDERR  ] 2018-12-22T22:45:53.197103575Z: [    0.054004] smpboot: Total of 1 processors activated (4599.79 BogoMIPS)
[STDERR  ] 2018-12-22T22:45:53.197115665Z: [    0.058077] devtmpfs: initialized
[STDERR  ] 2018-12-22T22:45:53.197128884Z: [    0.059075] x86/mm: Memory block size: 128MB
[STDERR  ] 2018-12-22T22:45:53.197141246Z: [    0.060249] evm: security.ima
[STDERR  ] 2018-12-22T22:45:53.197153487Z: [    0.061003] evm: security.capability
[STDERR  ] 2018-12-22T22:45:53.197167950Z: [    0.062174] clocksource: jiffies: mask: 0xffffffff max_cycles: 0xffffffff, max_idle_ns: 1911260446275000 ns
[STDERR  ] 2018-12-22T22:45:53.197179564Z: [    0.063013] futex hash table entries: 256 (order: 2, 16384 bytes)
[STDERR  ] 2018-12-22T22:45:53.197191931Z: [    0.065112] NET: Registered protocol family 16
[STDERR  ] 2018-12-22T22:45:53.197203825Z: [    0.066196] cpuidle: using governor ladder
[STDERR  ] 2018-12-22T22:45:53.197215006Z: [    0.067005] cpuidle: using governor menu
[STDERR  ] 2018-12-22T22:45:53.197236221Z: [    0.068118] ACPI: bus type PCI registered
[STDERR  ] 2018-12-22T22:45:53.197247730Z: [    0.070064] PCI: MMCONFIG for domain 0000 [bus 00-ff] at [mem 0xb0000000-0xbfffffff] (base 0xb0000000)
[STDERR  ] 2018-12-22T22:45:53.197259387Z: [    0.071016] PCI: MMCONFIG at [mem 0xb0000000-0xbfffffff] reserved in E820
[STDERR  ] 2018-12-22T22:45:53.197272255Z: [    0.072022] PCI: Using configuration type 1 for base access
[STDERR  ] 2018-12-22T22:45:53.197284892Z: [    0.074877] HugeTLB registered 2.00 MiB page size, pre-allocated 0 pages
[STDERR  ] 2018-12-22T22:45:53.197297302Z: [    0.075272] ACPI: Added _OSI(Module Device)
[STDERR  ] 2018-12-22T22:45:53.197310104Z: [    0.076016] ACPI: Added _OSI(Processor Device)
[STDERR  ] 2018-12-22T22:45:53.197322710Z: [    0.077004] ACPI: Added _OSI(3.0 _SCP Extensions)
[STDERR  ] 2018-12-22T22:45:53.197333671Z: [    0.078004] ACPI: Added _OSI(Processor Aggregator Device)
[STDERR  ] 2018-12-22T22:45:53.197344777Z: [    0.084191] ACPI: Interpreter enabled
[STDERR  ] 2018-12-22T22:45:53.197364667Z: [    0.085011] ACPI: (supports S0 S5)
[STDERR  ] 2018-12-22T22:45:53.197376496Z: [    0.086004] ACPI: Using IOAPIC for interrupt routing
[STDERR  ] 2018-12-22T22:45:53.197388310Z: [    0.087059] PCI: Using host bridge windows from ACPI; if necessary, use "pci=nocrs" and report a bug
[STDERR  ] 2018-12-22T22:45:53.197401553Z: [    0.088407] ACPI: Enabled 2 GPEs in block 00 to 3F
[STDERR  ] 2018-12-22T22:45:53.197416863Z: [    0.093919] ACPI: PCI Root Bridge [PCI0] (domain 0000 [bus 00-ff])
[STDERR  ] 2018-12-22T22:45:53.197431282Z: [    0.094011] acpi PNP0A08:00: _OSC: OS supports [ExtendedConfig ASPM ClockPM Segments MSI]
[STDERR  ] 2018-12-22T22:45:53.197443412Z: [    0.095148] acpi PNP0A08:00: _OSC: OS now controls [PCIeHotplug PME PCIeCapability]
[STDERR  ] 2018-12-22T22:45:53.197455559Z: [    0.096063] PCI host bridge to bus 0000:00
[STDERR  ] 2018-12-22T22:45:53.197467494Z: [    0.097007] pci_bus 0000:00: root bus resource [io  0x0000-0x0cf7 window]
[STDERR  ] 2018-12-22T22:45:53.197479038Z: [    0.098006] pci_bus 0000:00: root bus resource [io  0x0d00-0xffff window]
[STDERR  ] 2018-12-22T22:45:53.197489820Z: [    0.099006] pci_bus 0000:00: root bus resource [mem 0x000a0000-0x000bffff window]
[STDERR  ] 2018-12-22T22:45:53.197500854Z: [    0.100007] pci_bus 0000:00: root bus resource [mem 0xc0000000-0xfebfffff window]
[STDERR  ] 2018-12-22T22:45:53.197511599Z: [    0.101007] pci_bus 0000:00: root bus resource [bus 00-ff]
[STDERR  ] 2018-12-22T22:45:53.197522692Z: [    0.169297] pci 0000:00:1f.0: quirk: [io  0x0600-0x067f] claimed by ICH6 ACPI/GPIO/TCO
[STDERR  ] 2018-12-22T22:45:53.197535404Z: [    0.196167] ACPI: PCI Interrupt Link [LNKA] (IRQs 5 *10 11)
[STDERR  ] 2018-12-22T22:45:53.197547307Z: [    0.197312] ACPI: PCI Interrupt Link [LNKB] (IRQs 5 *10 11)
[STDERR  ] 2018-12-22T22:45:53.197561575Z: [    0.198318] ACPI: PCI Interrupt Link [LNKC] (IRQs 5 10 *11)
[STDERR  ] 2018-12-22T22:45:53.197572687Z: [    0.199314] ACPI: PCI Interrupt Link [LNKD] (IRQs 5 10 *11)
[STDERR  ] 2018-12-22T22:45:53.197587128Z: [    0.201187] ACPI: PCI Interrupt Link [LNKE] (IRQs 5 *10 11)
[STDERR  ] 2018-12-22T22:45:53.197598613Z: [    0.202302] ACPI: PCI Interrupt Link [LNKF] (IRQs 5 *10 11)
[STDERR  ] 2018-12-22T22:45:53.197610593Z: [    0.203294] ACPI: PCI Interrupt Link [LNKG] (IRQs 5 10 *11)
[STDERR  ] 2018-12-22T22:45:53.197622304Z: [    0.204289] ACPI: PCI Interrupt Link [LNKH] (IRQs 5 10 *11)
[STDERR  ] 2018-12-22T22:45:53.197633292Z: [    0.205153] ACPI: PCI Interrupt Link [GSIA] (IRQs *16)
[STDERR  ] 2018-12-22T22:45:53.197644810Z: [    0.206019] ACPI: PCI Interrupt Link [GSIB] (IRQs *17)
[STDERR  ] 2018-12-22T22:45:53.197656529Z: [    0.207022] ACPI: PCI Interrupt Link [GSIC] (IRQs *18)
[STDERR  ] 2018-12-22T22:45:53.197668370Z: [    0.208019] ACPI: PCI Interrupt Link [GSID] (IRQs *19)
[STDERR  ] 2018-12-22T22:45:53.197679150Z: [    0.209019] ACPI: PCI Interrupt Link [GSIE] (IRQs *20)
[STDERR  ] 2018-12-22T22:45:53.197690459Z: [    0.210019] ACPI: PCI Interrupt Link [GSIF] (IRQs *21)
[STDERR  ] 2018-12-22T22:45:53.197706533Z: [    0.211029] ACPI: PCI Interrupt Link [GSIG] (IRQs *22)
[STDERR  ] 2018-12-22T22:45:53.197718160Z: [    0.213016] ACPI: PCI Interrupt Link [GSIH] (IRQs *23)
[STDERR  ] 2018-12-22T22:45:53.197732517Z: [    0.215376] SCSI subsystem initialized
[STDERR  ] 2018-12-22T22:45:53.197743543Z: [    0.216101] ACPI: bus type USB registered
[STDERR  ] 2018-12-22T22:45:53.197754897Z: [    0.217037] usbcore: registered new interface driver usbfs
[STDERR  ] 2018-12-22T22:45:53.197766254Z: [    0.218022] usbcore: registered new interface driver hub
[STDERR  ] 2018-12-22T22:45:53.197777465Z: [    0.219033] usbcore: registered new device driver usb
[STDERR  ] 2018-12-22T22:45:53.197789081Z: [    0.220033] pps_core: LinuxPPS API ver. 1 registered
[STDERR  ] 2018-12-22T22:45:53.197800222Z: [    0.221003] pps_core: Software ver. 5.3.6 - Copyright 2005-2007 Rodolfo Giometti <giometti@linux.it>
[STDERR  ] 2018-12-22T22:45:53.197816742Z: [    0.222011] PTP clock support registered
[STDERR  ] 2018-12-22T22:45:53.197835574Z: [    0.223105] PCI: Using ACPI for IRQ routing
[STDERR  ] 2018-12-22T22:45:53.197846832Z: [    0.700890] NetLabel: Initializing
[STDERR  ] 2018-12-22T22:45:53.197858299Z: [    0.701004] NetLabel:  domain hash size = 128
[STDERR  ] 2018-12-22T22:45:53.197870384Z: [    0.702003] NetLabel:  protocols = UNLABELED CIPSOv4 CALIPSO
[STDERR  ] 2018-12-22T22:45:53.197886398Z: [    0.703047] NetLabel:  unlabeled traffic allowed by default
[STDERR  ] 2018-12-22T22:45:53.197898863Z: [    0.704183] HPET: 3 timers in total, 0 timers will be used for per-cpu timer
[STDERR  ] 2018-12-22T22:45:53.197911170Z: [    0.705114] hpet0: at MMIO 0xfed00000, IRQs 2, 8, 0
[STDERR  ] 2018-12-22T22:45:53.197939211Z: [    0.706004] hpet0: 3 comparators, 64-bit 100.000000 MHz counter
[STDERR  ] 2018-12-22T22:45:53.197951436Z: [    0.710045] clocksource: Switched to clocksource kvm-clock
[STDERR  ] 2018-12-22T22:45:53.197976870Z: [    0.735088] VFS: Disk quotas dquot_6.6.0
[STDERR  ] 2018-12-22T22:45:53.197989259Z: [    0.739113] VFS: Dquot-cache hash table entries: 512 (order 0, 4096 bytes)
[STDERR  ] 2018-12-22T22:45:53.198002878Z: [    0.745729] FS-Cache: Loaded
[STDERR  ] 2018-12-22T22:45:53.198015394Z: [    0.748681] CacheFiles: Loaded
[STDERR  ] 2018-12-22T22:45:53.198027414Z: [    0.751740] pnp: PnP ACPI init
[STDERR  ] 2018-12-22T22:45:53.198039762Z: [    0.755944] pnp: PnP ACPI: found 5 devices
[STDERR  ] 2018-12-22T22:45:53.198051842Z: [    0.766154] clocksource: acpi_pm: mask: 0xffffff max_cycles: 0xffffff, max_idle_ns: 2085701024 ns
[STDERR  ] 2018-12-22T22:45:53.198064203Z: [    0.774698] NET: Registered protocol family 2
[STDERR  ] 2018-12-22T22:45:53.198076444Z: [    0.779209] TCP established hash table entries: 8192 (order: 4, 65536 bytes)
[STDERR  ] 2018-12-22T22:45:53.198088048Z: [    0.785956] TCP bind hash table entries: 8192 (order: 5, 131072 bytes)
[STDERR  ] 2018-12-22T22:45:53.198099460Z: [    0.792900] TCP: Hash tables configured (established 8192 bind 8192)
[STDERR  ] 2018-12-22T22:45:53.198111013Z: [    0.799133] UDP hash table entries: 512 (order: 2, 16384 bytes)
[STDERR  ] 2018-12-22T22:45:53.198122490Z: [    0.804814] UDP-Lite hash table entries: 512 (order: 2, 16384 bytes)
[STDERR  ] 2018-12-22T22:45:53.198137291Z: [    0.810998] NET: Registered protocol family 1
[STDERR  ] 2018-12-22T22:45:53.198148675Z: [    0.815488] pci 0000:00:01.0: Video device with shadowed ROM at [mem 0x000c0000-0x000dffff]
[STDERR  ] 2018-12-22T22:45:53.198160149Z: [    0.824131] Trying to unpack rootfs image as initramfs...
[STDERR  ] 2018-12-22T22:45:53.198171735Z: [    2.612209] Freeing initrd memory: 97440K
[STDERR  ] 2018-12-22T22:45:53.198183088Z: [    2.616321] clocksource: tsc: mask: 0xffffffffffffffff max_cycles: 0x2126d2ecbb1, max_idle_ns: 440795314672 ns
[STDERR  ] 2018-12-22T22:45:53.198195146Z: [    2.626484] PCLMULQDQ-NI instructions are not detected.
[STDERR  ] 2018-12-22T22:45:53.198210133Z: [    2.631672] AVX or AES-NI instructions are not detected.
[STDERR  ] 2018-12-22T22:45:53.198228411Z: [    2.636802] CPU feature 'AVX registers' is not supported.
[STDERR  ] 2018-12-22T22:45:53.198240395Z: [    2.642036] CPU feature 'AVX registers' is not supported.
[STDERR  ] 2018-12-22T22:45:53.198251151Z: [    2.647188] CPU feature 'AVX registers' is not supported.
[STDERR  ] 2018-12-22T22:45:53.198261755Z: [    2.652368] CPU feature 'AVX registers' is not supported.
[STDERR  ] 2018-12-22T22:45:53.198272274Z: [    2.657539] AVX2 or AES-NI instructions are not detected.
[STDERR  ] 2018-12-22T22:45:53.198282794Z: [    2.662761] AVX2 instructions are not detected.
[STDERR  ] 2018-12-22T22:45:53.198296345Z: [    2.667304] audit: initializing netlink subsys (disabled)
[STDERR  ] 2018-12-22T22:45:53.198306882Z: [    2.672954] audit: type=2000 audit(1545518742.115:1): state=initialized audit_enabled=0 res=1
[STDERR  ] 2018-12-22T22:45:53.198320782Z: [    2.681132] workingset: timestamp_bits=46 max_order=18 bucket_order=0
[STDERR  ] 2018-12-22T22:45:53.198331358Z: [    2.687710] squashfs: version 4.0 (2009/01/31) Phillip Lougher
[STDERR  ] 2018-12-22T22:45:53.198346246Z: [    2.693413] FS-Cache: Netfs 'cifs' registered for caching
[STDERR  ] 2018-12-22T22:45:53.198356768Z: [    2.698664] fuse init (API version 7.26)
[STDERR  ] 2018-12-22T22:45:53.198367545Z: [    2.702574] SGI XFS with ACLs, security attributes, no debug enabled
[STDERR  ] 2018-12-22T22:45:53.198378478Z: [    2.708834] 9p: Installing v9fs 9p2000 file system support
[STDERR  ] 2018-12-22T22:45:53.198394286Z: [    2.714104] FS-Cache: Netfs '9p' registered for caching
[STDERR  ] 2018-12-22T22:45:53.198406325Z: [    2.720446] NET: Registered protocol family 38
[STDERR  ] 2018-12-22T22:45:53.198417412Z: [    2.724788] Key type asymmetric registered
[STDERR  ] 2018-12-22T22:45:53.198428981Z: [    2.728906] Asymmetric key parser 'x509' registered
[STDERR  ] 2018-12-22T22:45:53.198443635Z: [    2.733635] Block layer SCSI generic (bsg) driver version 0.4 loaded (major 247)
[STDERR  ] 2018-12-22T22:45:53.198455069Z: [    2.740990] io scheduler noop registered
[STDERR  ] 2018-12-22T22:45:53.198466883Z: [    2.744826] io scheduler deadline registered (default)
[STDERR  ] 2018-12-22T22:45:53.198479254Z: [    2.749832] io scheduler cfq registered
[STDERR  ] 2018-12-22T22:45:53.198494525Z: [    2.753590] io scheduler mq-deadline registered
[STDERR  ] 2018-12-22T22:45:53.198506027Z: [    2.757983] io scheduler kyber registered
[STDERR  ] 2018-12-22T22:45:53.198517399Z: [    2.762017] shpchp: Standard Hot Plug PCI Controller Driver version: 0.4
[STDERR  ] 2018-12-22T22:45:53.198529157Z: [    2.768536] hv_vmbus: registering driver hyperv_fb
[STDERR  ] 2018-12-22T22:45:53.198540923Z: [    2.773284] input: Power Button as /devices/LNXSYSTM:00/LNXPWRBN:00/input/input0
[STDERR  ] 2018-12-22T22:45:53.198556197Z: [    2.780410] ACPI: Power Button [PWRF]
[STDERR  ] 2018-12-22T22:45:53.198567848Z: [    2.784738] ACPI: PCI Interrupt Link [GSIG] enabled at IRQ 22
[STDERR  ] 2018-12-22T22:45:53.198579601Z: [    2.796424] ACPI: PCI Interrupt Link [GSIH] enabled at IRQ 23
[STDERR  ] 2018-12-22T22:45:53.198591099Z: [    2.808116] Serial: 8250/16550 driver, 4 ports, IRQ sharing disabled
[STDERR  ] 2018-12-22T22:45:53.198603324Z: [    2.848794] 00:04: ttyS0 at I/O 0x3f8 (irq = 4, base_baud = 115200) is a 16550A
[STDERR  ] 2018-12-22T22:45:53.198614873Z: [    2.856761] Non-volatile memory driver v1.3
[STDERR  ] 2018-12-22T22:45:53.198626639Z: [    2.862506] Hangcheck: starting hangcheck timer 0.9.1 (tick is 180 seconds, margin is 60 seconds).
[STDERR  ] 2018-12-22T22:45:53.198640494Z: [    2.871338] random: fast init done
[STDERR  ] 2018-12-22T22:45:53.198652172Z: [    2.875596] random: crng init done
[STDERR  ] 2018-12-22T22:45:53.198663713Z: [    2.880208] brd: module loaded
[STDERR  ] 2018-12-22T22:45:53.198675551Z: [    2.885660] loop: module loaded
[STDERR  ] 2018-12-22T22:45:53.198687216Z: [    2.893705] lpc_ich 0000:00:1f.0: I/O space for GPIO uninitialized
[STDERR  ] 2018-12-22T22:45:53.198698816Z: [    2.899732] VMware PVSCSI driver - version 1.0.7.0-k
[STDERR  ] 2018-12-22T22:45:53.198710486Z: [    2.904504] hv_vmbus: registering driver hv_storvsc
[STDERR  ] 2018-12-22T22:45:53.198722786Z: [    2.909722] ACPI: PCI Interrupt Link [GSIA] enabled at IRQ 16
[STDERR  ] 2018-12-22T22:45:53.198735187Z: [    2.918873] ahci 0000:00:1f.2: AHCI 0001.0000 32 slots 6 ports 1.5 Gbps 0x3f impl SATA mode
[STDERR  ] 2018-12-22T22:45:53.198750608Z: [    2.926777] ahci 0000:00:1f.2: flags: 64bit ncq only 
[STDERR  ] 2018-12-22T22:45:53.198761925Z: [    2.935674] scsi host0: ahci
[STDERR  ] 2018-12-22T22:45:53.198775229Z: [    2.938598] scsi host1: ahci
[STDERR  ] 2018-12-22T22:45:53.198786050Z: [    2.941541] scsi host2: ahci
[STDERR  ] 2018-12-22T22:45:53.198796567Z: [    2.944475] scsi host3: ahci
[STDERR  ] 2018-12-22T22:45:53.198806901Z: [    2.947423] scsi host4: ahci
[STDERR  ] 2018-12-22T22:45:53.198820339Z: [    2.950404] scsi host5: ahci
[STDERR  ] 2018-12-22T22:45:53.198833982Z: [    2.953352] ata1: SATA max UDMA/133 abar m4096@0xfebd2000 port 0xfebd2100 irq 24
[STDERR  ] 2018-12-22T22:45:53.198844998Z: [    2.960456] ata2: SATA max UDMA/133 abar m4096@0xfebd2000 port 0xfebd2180 irq 24
[STDERR  ] 2018-12-22T22:45:53.198861457Z: [    2.967526] ata3: SATA max UDMA/133 abar m4096@0xfebd2000 port 0xfebd2200 irq 24
[STDERR  ] 2018-12-22T22:45:53.198876729Z: [    2.974574] ata4: SATA max UDMA/133 abar m4096@0xfebd2000 port 0xfebd2280 irq 24
[STDERR  ] 2018-12-22T22:45:53.198894629Z: [    2.981618] ata5: SATA max UDMA/133 abar m4096@0xfebd2000 port 0xfebd2300 irq 24
[STDERR  ] 2018-12-22T22:45:53.198906856Z: [    2.988711] ata6: SATA max UDMA/133 abar m4096@0xfebd2000 port 0xfebd2380 irq 24
[STDERR  ] 2018-12-22T22:45:53.198918978Z: [    2.998267] tun: Universal TUN/TAP device driver, 1.6
[STDERR  ] 2018-12-22T22:45:53.198931488Z: [    3.007910] VMware vmxnet3 virtual NIC driver - version 1.4.a.0-k-NAPI
[STDERR  ] 2018-12-22T22:45:53.198943351Z: [    3.014177] hv_vmbus: registering driver hv_netvsc
[STDERR  ] 2018-12-22T22:45:53.198954735Z: [    3.018800] Fusion MPT base driver 3.04.20
[STDERR  ] 2018-12-22T22:45:53.198977967Z: [    3.022769] Copyright (c) 1999-2008 LSI Corporation
[STDERR  ] 2018-12-22T22:45:53.198989518Z: [    3.027454] Fusion MPT SPI Host driver 3.04.20
[STDERR  ] 2018-12-22T22:45:53.198999309Z: [    3.031795] i8042: PNP: PS/2 Controller [PNP0303:KBD,PNP0f13:MOU] at 0x60,0x64 irq 1,12
[STDERR  ] 2018-12-22T22:45:53.199009782Z: [    3.043400] serio: i8042 KBD port at 0x60,0x64 irq 1
[STDERR  ] 2018-12-22T22:45:53.199024460Z: [    3.048167] serio: i8042 AUX port at 0x60,0x64 irq 12
[STDERR  ] 2018-12-22T22:45:53.199037175Z: [    3.053159] hv_vmbus: registering driver hyperv_keyboard
[STDERR  ] 2018-12-22T22:45:53.199049710Z: [    3.058372] mousedev: PS/2 mouse device common for all mice
[STDERR  ] 2018-12-22T22:45:53.199061820Z: [    3.065153] input: AT Translated Set 2 keyboard as /devices/platform/i8042/serio0/input/input1
[STDERR  ] 2018-12-22T22:45:53.199074844Z: [    3.073370] input: PC Speaker as /devices/platform/pcspkr/input/input2
[STDERR  ] 2018-12-22T22:45:53.199086902Z: [    3.079995] rtc_cmos 00:00: RTC can wake from S4
[STDERR  ] 2018-12-22T22:45:53.199100550Z: [    3.086867] rtc_cmos 00:00: rtc core: registered rtc_cmos as rtc0
[STDERR  ] 2018-12-22T22:45:53.199112239Z: [    3.093579] rtc_cmos 00:00: alarms up to one day, y3k, 114 bytes nvram, hpet irqs
[STDERR  ] 2018-12-22T22:45:53.199154195Z: [    3.100701] i2c /dev entries driver
[STDERR  ] 2018-12-22T22:45:53.199177496Z: [    3.104207] device-mapper: ioctl: 4.37.0-ioctl (2017-09-20) initialised: dm-devel@redhat.com
[STDERR  ] 2018-12-22T22:45:53.199189632Z: [    3.113042] usbcore: registered new interface driver usbhid
[STDERR  ] 2018-12-22T22:45:53.199201849Z: [    3.118429] usbhid: USB HID core driver
[STDERR  ] 2018-12-22T22:45:53.199215370Z: [    3.122255] hv_utils: Registering HyperV Utility Driver
[STDERR  ] 2018-12-22T22:45:53.199235020Z: [    3.127301] hv_vmbus: registering driver hv_util
[STDERR  ] 2018-12-22T22:45:53.199254181Z: [    3.131755] hv_vmbus: registering driver hv_balloon
[STDERR  ] 2018-12-22T22:45:53.199266085Z: [    3.136447] oprofile: using NMI interrupt.
[STDERR  ] 2018-12-22T22:45:53.199283889Z: [    3.140457] GACT probability on
[STDERR  ] 2018-12-22T22:45:53.199299849Z: [    3.143527] Mirror/redirect action on
[STDERR  ] 2018-12-22T22:45:53.199312436Z: [    3.147084] Simple TC action Loaded
[STDERR  ] 2018-12-22T22:45:53.199324291Z: [    3.150465] u32 classifier
[STDERR  ] 2018-12-22T22:45:53.199336689Z: [    3.153175]     Performance counters on
[STDERR  ] 2018-12-22T22:45:53.199371609Z: [    3.156922]     input device check on
[STDERR  ] 2018-12-22T22:45:53.199386336Z: [    3.160488]     Actions configured
[STDERR  ] 2018-12-22T22:45:53.199397718Z: [    3.163824] Netfilter messages via NETLINK v0.30.
[STDERR  ] 2018-12-22T22:45:53.199409876Z: [    3.168358] nfnl_acct: registering with nfnetlink.
[STDERR  ] 2018-12-22T22:45:53.199422357Z: [    3.172977] nf_conntrack version 0.5.0 (8192 buckets, 32768 max)
[STDERR  ] 2018-12-22T22:45:53.199434599Z: [    3.178801] ctnetlink v0.93: registering with nfnetlink.
[STDERR  ] 2018-12-22T22:45:53.199474839Z: [    3.183986] nf_tables: (c) 2007-2009 Patrick McHardy <kaber@trash.net>
[STDERR  ] 2018-12-22T22:45:53.199493008Z: [    3.190276] nf_tables_compat: (c) 2012 Pablo Neira Ayuso <pablo@netfilter.org>
[STDERR  ] 2018-12-22T22:45:53.199504577Z: [    3.197234] xt_time: kernel timezone is -0000
[STDERR  ] 2018-12-22T22:45:53.199520913Z: [    3.201728] ip_set: protocol 6
[STDERR  ] 2018-12-22T22:45:53.199533332Z: [    3.204817] ipip: IPv4 and MPLS over IPv4 tunneling driver
[STDERR  ] 2018-12-22T22:45:53.199552471Z: [    3.210512] gre: GRE over IPv4 demultiplexor driver
[STDERR  ] 2018-12-22T22:45:53.199571965Z: [    3.215590] ip_tables: (C) 2000-2006 Netfilter Core Team
[STDERR  ] 2018-12-22T22:45:53.199590423Z: [    3.220978] arp_tables: arp_tables: (C) 2002 David S. Miller
[STDERR  ] 2018-12-22T22:45:53.199602977Z: [    3.226639] NET: Registered protocol family 10
[STDERR  ] 2018-12-22T22:45:53.199618744Z: [    3.231372] Segment Routing with IPv6
[STDERR  ] 2018-12-22T22:45:53.199631366Z: [    3.235099] ip6_tables: (C) 2000-2006 Netfilter Core Team
[STDERR  ] 2018-12-22T22:45:53.199643836Z: [    3.240417] NET: Registered protocol family 17
[STDERR  ] 2018-12-22T22:45:53.199656006Z: [    3.244371] Bridge firewalling registered
[STDERR  ] 2018-12-22T22:45:53.199687566Z: [    3.248188] 8021q: 802.1Q VLAN Support v1.8
[STDERR  ] 2018-12-22T22:45:53.199704991Z: [    3.251942] 9pnet: Installing 9P2000 support
[STDERR  ] 2018-12-22T22:45:53.199719381Z: [    3.255931] Key type dns_resolver registered
[STDERR  ] 2018-12-22T22:45:53.199731213Z: [    3.259877] registered taskstats version 1
[STDERR  ] 2018-12-22T22:45:53.199743624Z: [    3.271652] Key type big_key registered
[STDERR  ] 2018-12-22T22:45:53.199755645Z: [    3.279290] Key type trusted registered
[STDERR  ] 2018-12-22T22:45:53.199767620Z: [    3.286790] Key type encrypted registered
[STDERR  ] 2018-12-22T22:45:53.199779604Z: [    3.290968] ima: No TPM chip found, activating TPM-bypass! (rc=-19)
[STDERR  ] 2018-12-22T22:45:53.199813496Z: [    3.297201] ima: Allocated hash algorithm: sha256
[STDERR  ] 2018-12-22T22:45:53.199829798Z: [    3.301751] evm: HMAC attrs: 0x1
[STDERR  ] 2018-12-22T22:45:53.199842019Z: [    3.305598] ata4: SATA link down (SStatus 0 SControl 300)
[STDERR  ] 2018-12-22T22:45:53.199853933Z: [    3.311696] ata3: SATA link up 1.5 Gbps (SStatus 113 SControl 300)
[STDERR  ] 2018-12-22T22:45:53.199869255Z: [    3.318724] ata2: SATA link down (SStatus 0 SControl 300)
[STDERR  ] 2018-12-22T22:45:53.199883969Z: [    3.324852] ata1: SATA link down (SStatus 0 SControl 300)
[STDERR  ] 2018-12-22T22:45:53.199940434Z: [    3.330922] ata6: SATA link down (SStatus 0 SControl 300)
[STDERR  ] 2018-12-22T22:45:53.199957741Z: [    3.336855] ata5: SATA link down (SStatus 0 SControl 300)
[STDERR  ] 2018-12-22T22:45:53.199979779Z: [    3.344422] rtc_cmos 00:00: setting system clock to 2018-12-22 22:45:43 UTC (1545518743)
[STDERR  ] 2018-12-22T22:45:53.199997726Z: [    3.352113] ata3.00: ATAPI: QEMU DVD-ROM, 2.5+, max UDMA/100
[STDERR  ] 2018-12-22T22:45:53.200010065Z: [    3.357523] ata3.00: applying bridge limits
[STDERR  ] 2018-12-22T22:45:53.200022197Z: [    3.363821] ata3.00: configured for UDMA/100
[STDERR  ] 2018-12-22T22:45:53.200055170Z: [    3.369172] scsi 2:0:0:0: CD-ROM            QEMU     QEMU DVD-ROM     2.5+ PQ: 0 ANSI: 5
[STDERR  ] 2018-12-22T22:45:53.200071290Z: [    3.392965] sr 2:0:0:0: [sr0] scsi3-mmc drive: 4x/4x cd/rw xa/form2 tray
[STDERR  ] 2018-12-22T22:45:53.200090818Z: [    3.399462] cdrom: Uniform CD-ROM driver Revision: 3.20
[STDERR  ] 2018-12-22T22:45:53.200106914Z: [    3.405093] sr 2:0:0:0: Attached scsi generic sg0 type 5
[STDERR  ] 2018-12-22T22:45:53.200119075Z: [    3.412190] Freeing unused kernel memory: 1536K
[STDERR  ] 2018-12-22T22:45:53.200130600Z: [    3.418085] Write protecting the kernel read-only data: 18432k
[STDERR  ] 2018-12-22T22:45:53.200150521Z: [    3.424565] Freeing unused kernel memory: 2024K
[STDERR  ] 2018-12-22T22:45:53.200162870Z: [    3.431892] Freeing unused kernel memory: 1132K
[STDERR  ] 2018-12-22T22:45:53.200183730Z: 
[STDERR  ] 2018-12-22T22:45:53.200196259Z: Welcome to LinuxKit
[STDERR  ] 2018-12-22T22:45:53.200208480Z: 
[STDERR  ] 2018-12-22T22:45:53.200228201Z:                         ##         .
[STDERR  ] 2018-12-22T22:45:53.200244345Z:                   ## ## ##        ==
[STDERR  ] 2018-12-22T22:45:53.200255962Z:                ## ## ## ## ##    ===
[STDERR  ] 2018-12-22T22:45:53.200271299Z:            /"""""""""""""""""\___/ ===
[STDERR  ] 2018-12-22T22:45:53.200287315Z:           {                       /  ===-
[STDERR  ] 2018-12-22T22:45:53.200299304Z:            \______ O           __/
[STDERR  ] 2018-12-22T22:45:53.200311374Z:              \    \         __/
[STDERR  ] 2018-12-22T22:45:53.200323605Z:               \____\_______/
[STDERR  ] 2018-12-22T22:45:53.200337457Z: 
[STDERR  ] 2018-12-22T22:45:53.200372460Z: [    4.568229] 8021q: adding VLAN 0 to HW filter on device eth0
[STDERR  ] 2018-12-22T22:45:53.200388492Z: eth0: waiting for carrier
[STDERR  ] 2018-12-22T22:45:53.200400500Z: eth0: carrier acquired
[STDERR  ] 2018-12-22T22:45:53.200417350Z: DUID 00:04:fb:f2:30:52:41:09:4a:65:9a:05:1c:92:ea:62:19:dd
[STDERR  ] 2018-12-22T22:45:53.200429523Z: eth0: IAID 8d:1f:10:fb
[STDERR  ] 2018-12-22T22:45:53.200441591Z: eth0: adding address fe80::1c7b:657d:a72e:9c21
[STDERR  ] 2018-12-22T22:45:53.200478222Z: eth0: soliciting an IPv6 router
[STDERR  ] 2018-12-22T22:45:53.200494057Z: eth0: soliciting a DHCP lease
[STDERR  ] 2018-12-22T22:45:53.200506219Z: eth0: offered 10.0.2.15 from 10.0.2.2
[STDERR  ] 2018-12-22T22:45:53.200524721Z: eth0: leased 10.0.2.15 for 86400 seconds
[STDERR  ] 2018-12-22T22:45:53.200537528Z: eth0: adding route to 10.0.2.0/24
[STDERR  ] 2018-12-22T22:45:53.200569368Z: eth0: adding default route via 10.0.2.2
[STDERR  ] 2018-12-22T22:45:53.200587053Z: exiting due to oneshot
[STDERR  ] 2018-12-22T22:45:53.200603469Z: dhcpcd exited
[STDERR  ] 2018-12-22T22:45:53.200620775Z: [    4.669774] wireguard: loading out-of-tree module taints kernel.
[STDERR  ] 2018-12-22T22:45:53.200633729Z: [    4.677930] wireguard: WireGuard 0.0.20181218 loaded. See www.wireguard.com for information.
[STDERR  ] 2018-12-22T22:45:53.200665080Z: [    4.686068] wireguard: Copyright (C) 2015-2018 Jason A. Donenfeld <Jason@zx2c4.com>. All Rights Reserved.
[STDERR  ] 2018-12-22T22:45:53.200685832Z: Created interface wg0 type wireguard
[STDERR  ] 2018-12-22T22:45:53.200701453Z: Moved interface wg0 to pid 312
[STDERR  ] 2018-12-22T22:45:53.200711821Z: [#] wg setconf wg0 /dev/fd/63
[STDERR  ] 2018-12-22T22:45:53.200723281Z: [#] ip address add 192.168.2.1/24 dev wg0
[STDERR  ] 2018-12-22T22:45:53.200734314Z: Warning: one or more unrecognized netlink attributes
[STDERR  ] 2018-12-22T22:45:53.200744644Z: [#] ip link set mtu 65456 dev wg0
[STDERR  ] 2018-12-22T22:45:53.200755939Z: [#] ip link set wg0 up
[STDERR  ] 2018-12-22T22:45:53.200767594Z: Warning: one or more unrecognized netlink attributes
[STDERR  ] 2018-12-22T22:45:53.200779637Z: [#] ip route add 0.0.0.0/0 dev wg0
[STDERR  ] 2018-12-22T22:45:53.200792075Z: Created interface wg1 type wireguard
[STDERR  ] 2018-12-22T22:45:53.200803807Z: Moved interface wg1 to pid 376
[STDERR  ] 2018-12-22T22:45:53.200815751Z: [#] wg setconf wg1 /dev/fd/63
[STDERR  ] 2018-12-22T22:45:53.200827457Z: [#] ip address add 192.168.2.2/24 dev wg1
[STDERR  ] 2018-12-22T22:45:53.200839945Z: Warning: one or more unrecognized netlink attributes
[STDERR  ] 2018-12-22T22:45:53.200852133Z: [#] ip link set mtu 65456 dev wg1
[STDERR  ] 2018-12-22T22:45:53.200866449Z: [#] ip link set wg1 up
[STDERR  ] 2018-12-22T22:45:53.200878528Z: Warning: one or more unrecognized netlink attributes
[STDERR  ] 2018-12-22T22:45:53.200894294Z: [#] ip route add 0.0.0.0/0 dev wg1
[STDERR  ] 2018-12-22T22:45:53.200906576Z: [34mINFO[0m[2018-12-22T22:45:44.475451080Z] starting containerd                           [34mrevision[0m=c4446665cb9c30056f4998ed953e6d4ff22c7c39 [34mversion[0m=v1.2.0
[STDERR  ] 2018-12-22T22:45:53.200932783Z: [34mINFO[0m[2018-12-22T22:45:44.485519799Z] loading plugin "io.containerd.content.v1.content"...  [34mtype[0m=io.containerd.content.v1
[STDERR  ] 2018-12-22T22:45:53.200955134Z: [34mINFO[0m[2018-12-22T22:45:44.493471758Z] loading plugin "io.containerd.snapshotter.v1.btrfs"...  [34mtype[0m=io.containerd.snapshotter.v1
[STDERR  ] 2018-12-22T22:45:53.200979483Z: [33mWARN[0m[2018-12-22T22:45:44.501974098Z] failed to load plugin io.containerd.snapshotter.v1.btrfs  [33merror[0m="path /var/lib/containerd/io.containerd.snapshotter.v1.btrfs must be a btrfs filesystem to be used with the btrfs snapshotter"
[STDERR  ] 2018-12-22T22:45:53.201000595Z: [34mINFO[0m[2018-12-22T22:45:44.515381361Z] loading plugin "io.containerd.snapshotter.v1.aufs"...  [34mtype[0m=io.containerd.snapshotter.v1
[STDERR  ] 2018-12-22T22:45:53.201036754Z: [33mWARN[0m[2018-12-22T22:45:44.525798461Z] failed to load plugin io.containerd.snapshotter.v1.aufs  [33merror[0m="modprobe aufs failed: "modprobe: module aufs not found in modules.dep\n": exit status 1"
[STDERR  ] 2018-12-22T22:45:53.201053818Z: [34mINFO[0m[2018-12-22T22:45:44.537199438Z] loading plugin "io.containerd.snapshotter.v1.native"...  [34mtype[0m=io.containerd.snapshotter.v1
[STDERR  ] 2018-12-22T22:45:53.201065696Z: [34mINFO[0m[2018-12-22T22:45:44.545814952Z] loading plugin "io.containerd.snapshotter.v1.overlayfs"...  [34mtype[0m=io.containerd.snapshotter.v1
[STDERR  ] 2018-12-22T22:45:53.201082530Z: [34mINFO[0m[2018-12-22T22:45:44.554433394Z] loading plugin "io.containerd.snapshotter.v1.zfs"...  [34mtype[0m=io.containerd.snapshotter.v1
[STDERR  ] 2018-12-22T22:45:53.201100626Z: [33mWARN[0m[2018-12-22T22:45:44.563010555Z] failed to load plugin io.containerd.snapshotter.v1.zfs  [33merror[0m="path /var/lib/containerd/io.containerd.snapshotter.v1.zfs must be a zfs filesystem to be used with the zfs snapshotter"
[STDERR  ] 2018-12-22T22:45:53.201115356Z: [34mINFO[0m[2018-12-22T22:45:44.576328307Z] loading plugin "io.containerd.metadata.v1.bolt"...  [34mtype[0m=io.containerd.metadata.v1
[STDERR  ] 2018-12-22T22:45:53.201134034Z: [33mWARN[0m[2018-12-22T22:45:44.584204085Z] could not use snapshotter zfs in metadata plugin  [33merror[0m="path /var/lib/containerd/io.containerd.snapshotter.v1.zfs must be a zfs filesystem to be used with the zfs snapshotter"
[STDERR  ] 2018-12-22T22:45:53.201146547Z: [33mWARN[0m[2018-12-22T22:45:44.596831095Z] could not use snapshotter btrfs in metadata plugin  [33merror[0m="path /var/lib/containerd/io.containerd.snapshotter.v1.btrfs must be a btrfs filesystem to be used with the btrfs snapshotter"
[STDERR  ] 2018-12-22T22:45:53.201159374Z: [33mWARN[0m[2018-12-22T22:45:44.609777724Z] could not use snapshotter aufs in metadata plugin  [33merror[0m="modprobe aufs failed: "modprobe: module aufs not found in modules.dep\n": exit status 1"
[STDERR  ] 2018-12-22T22:45:53.201172086Z: [34mINFO[0m[2018-12-22T22:45:44.621068704Z] loading plugin "io.containerd.differ.v1.walking"...  [34mtype[0m=io.containerd.differ.v1
[STDERR  ] 2018-12-22T22:45:53.201183979Z: [34mINFO[0m[2018-12-22T22:45:44.628862978Z] loading plugin "io.containerd.gc.v1.scheduler"...  [34mtype[0m=io.containerd.gc.v1
[STDERR  ] 2018-12-22T22:45:53.201195922Z: [34mINFO[0m[2018-12-22T22:45:44.636445538Z] loading plugin "io.containerd.service.v1.containers-service"...  [34mtype[0m=io.containerd.service.v1
[STDERR  ] 2018-12-22T22:45:53.201208454Z: [34mINFO[0m[2018-12-22T22:45:44.644871990Z] loading plugin "io.containerd.service.v1.content-service"...  [34mtype[0m=io.containerd.service.v1
[STDERR  ] 2018-12-22T22:45:53.201227641Z: [34mINFO[0m[2018-12-22T22:45:44.653302380Z] loading plugin "io.containerd.service.v1.diff-service"...  [34mtype[0m=io.containerd.service.v1
[STDERR  ] 2018-12-22T22:45:53.201242585Z: [34mINFO[0m[2018-12-22T22:45:44.661352888Z] loading plugin "io.containerd.service.v1.images-service"...  [34mtype[0m=io.containerd.service.v1
[STDERR  ] 2018-12-22T22:45:53.201254703Z: [34mINFO[0m[2018-12-22T22:45:44.669599985Z] loading plugin "io.containerd.service.v1.leases-service"...  [34mtype[0m=io.containerd.service.v1
[STDERR  ] 2018-12-22T22:45:53.201271699Z: [34mINFO[0m[2018-12-22T22:45:44.677887907Z] loading plugin "io.containerd.service.v1.namespaces-service"...  [34mtype[0m=io.containerd.service.v1
[STDERR  ] 2018-12-22T22:45:53.201284010Z: [34mINFO[0m[2018-12-22T22:45:44.686401276Z] loading plugin "io.containerd.service.v1.snapshots-service"...  [34mtype[0m=io.containerd.service.v1
[STDERR  ] 2018-12-22T22:45:53.201335262Z: [34mINFO[0m[2018-12-22T22:45:44.694792097Z] loading plugin "io.containerd.runtime.v1.linux"...  [34mtype[0m=io.containerd.runtime.v1
[STDERR  ] 2018-12-22T22:45:53.201362081Z: [34mINFO[0m[2018-12-22T22:45:44.702584642Z] loading plugin "io.containerd.runtime.v2.task"...  [34mtype[0m=io.containerd.runtime.v2
[STDERR  ] 2018-12-22T22:45:53.201378555Z: [34mINFO[0m[2018-12-22T22:45:44.710472305Z] loading plugin "io.containerd.monitor.v1.cgroups"...  [34mtype[0m=io.containerd.monitor.v1
[STDERR  ] 2018-12-22T22:45:53.201390579Z: [34mINFO[0m[2018-12-22T22:45:44.718886419Z] loading plugin "io.containerd.service.v1.tasks-service"...  [34mtype[0m=io.containerd.service.v1
[STDERR  ] 2018-12-22T22:45:53.201402507Z: [34mINFO[0m[2018-12-22T22:45:44.727008670Z] loading plugin "io.containerd.internal.v1.restart"...  [34mtype[0m=io.containerd.internal.v1
[STDERR  ] 2018-12-22T22:45:53.201417031Z: [34mINFO[0m[2018-12-22T22:45:44.735116624Z] loading plugin "io.containerd.grpc.v1.containers"...  [34mtype[0m=io.containerd.grpc.v1
[STDERR  ] 2018-12-22T22:45:53.201428869Z: [34mINFO[0m[2018-12-22T22:45:44.742811147Z] loading plugin "io.containerd.grpc.v1.content"...  [34mtype[0m=io.containerd.grpc.v1
[STDERR  ] 2018-12-22T22:45:53.201444214Z: [34mINFO[0m[2018-12-22T22:45:44.750361193Z] loading plugin "io.containerd.grpc.v1.diff"...  [34mtype[0m=io.containerd.grpc.v1
[STDERR  ] 2018-12-22T22:45:53.201456467Z: [34mINFO[0m[2018-12-22T22:45:44.758064115Z] loading plugin "io.containerd.grpc.v1.events"...  [34mtype[0m=io.containerd.grpc.v1
[STDERR  ] 2018-12-22T22:45:53.201468666Z: [34mINFO[0m[2018-12-22T22:45:44.765591612Z] loading plugin "io.containerd.grpc.v1.healthcheck"...  [34mtype[0m=io.containerd.grpc.v1
[STDERR  ] 2018-12-22T22:45:53.201484299Z: [34mINFO[0m[2018-12-22T22:45:44.773374589Z] loading plugin "io.containerd.grpc.v1.images"...  [34mtype[0m=io.containerd.grpc.v1
[STDERR  ] 2018-12-22T22:45:53.201497123Z: [34mINFO[0m[2018-12-22T22:45:44.780986257Z] loading plugin "io.containerd.grpc.v1.leases"...  [34mtype[0m=io.containerd.grpc.v1
[STDERR  ] 2018-12-22T22:45:53.201509359Z: [34mINFO[0m[2018-12-22T22:45:44.788490347Z] loading plugin "io.containerd.grpc.v1.namespaces"...  [34mtype[0m=io.containerd.grpc.v1
[STDERR  ] 2018-12-22T22:45:53.201521309Z: [34mINFO[0m[2018-12-22T22:45:44.796265496Z] loading plugin "io.containerd.internal.v1.opt"...  [34mtype[0m=io.containerd.internal.v1
[STDERR  ] 2018-12-22T22:45:53.201533628Z: [33mWARN[0m[2018-12-22T22:45:44.804010513Z] failed to load plugin io.containerd.internal.v1.opt  [33merror[0m="mkdir /opt: read-only file system"
[STDERR  ] 2018-12-22T22:45:53.201545769Z: [34mINFO[0m[2018-12-22T22:45:44.812432399Z] loading plugin "io.containerd.grpc.v1.snapshots"...  [34mtype[0m=io.containerd.grpc.v1
[STDERR  ] 2018-12-22T22:45:53.201557327Z: [34mINFO[0m[2018-12-22T22:45:44.820181953Z] loading plugin "io.containerd.grpc.v1.tasks"...  [34mtype[0m=io.containerd.grpc.v1
[STDERR  ] 2018-12-22T22:45:53.201570021Z: [34mINFO[0m[2018-12-22T22:45:44.827695768Z] loading plugin "io.containerd.grpc.v1.version"...  [34mtype[0m=io.containerd.grpc.v1
[STDERR  ] 2018-12-22T22:45:53.201582584Z: [34mINFO[0m[2018-12-22T22:45:44.835330158Z] loading plugin "io.containerd.grpc.v1.introspection"...  [34mtype[0m=io.containerd.grpc.v1
[STDERR  ] 2018-12-22T22:45:53.201593801Z: [34mINFO[0m[2018-12-22T22:45:44.843440214Z] serving...                                    [34maddress[0m="/run/containerd/debug.sock"
[STDERR  ] 2018-12-22T22:45:53.201605851Z: [34mINFO[0m[2018-12-22T22:45:44.851402679Z] serving...                                    [34maddress[0m="/run/containerd/containerd.sock"
[STDERR  ] 2018-12-22T22:45:53.201623272Z: [34mINFO[0m[2018-12-22T22:45:44.860268714Z] containerd successfully booted in 0.385350s  
[STDERR  ] 2018-12-22T22:45:53.201635148Z: [34mINFO[0m[2018-12-22T22:45:44.904904535Z] shim containerd-shim started                  [34maddress[0m="/containerd-shim/services.linuxkit/nginx/shim.sock" [34mdebug[0m=false [34mpid[0m=431
[STDERR  ] 2018-12-22T22:45:53.201652042Z: [34mINFO[0m[2018-12-22T22:45:45.011659717Z] shim containerd-shim started                  [34maddress[0m="/containerd-shim/services.linuxkit/test/shim.sock" [34mdebug[0m=false [34mpid[0m=475
[STDERR  ] 2018-12-22T22:45:53.201669616Z: wireguard test suite PASSED
[STDERR  ] 2018-12-22T22:45:53.201682168Z: The system is going down NOW!
[STDERR  ] 2018-12-22T22:45:53.201694139Z: Sent SIGTERM to all processes
[STDERR  ] 2018-12-22T22:45:53.201706106Z: Sent SIGKILL to all processes
[STDERR  ] 2018-12-22T22:45:53.201718153Z: Requesting system poweroff
[STDERR  ] 2018-12-22T22:45:53.201731223Z: [   12.674344] ACPI: Preparing to enter system sleep state S5
[STDERR  ] 2018-12-22T22:45:53.201743667Z: [   12.680341] reboot: Power down
[STDERR  ] 2018-12-22T22:45:53.201755586Z: + echo [    0.000000] Linux version 4.14.89-linuxkit (root@dadeb9b61230) (gcc version 6.4.0 (Alpine 6.4.0)) #1 SMP Wed Dec 19 23:00:02 UTC 2018
[STDERR  ] 2018-12-22T22:45:53.201769582Z: [    0.000000] Command line: console=ttyS0 console=ttyAMA0
[STDERR  ] 2018-12-22T22:45:53.201781634Z: [    0.000000] x86/fpu: x87 FPU will use FXSAVE
[STDERR  ] 2018-12-22T22:45:53.201793724Z: [    0.000000] e820: BIOS-provided physical RAM map:
[STDERR  ] 2018-12-22T22:45:53.201805212Z: [    0.000000] BIOS-e820: [mem 0x0000000000000000-0x000000000009fbff] usable
[STDERR  ] 2018-12-22T22:45:53.201817496Z: [    0.000000] BIOS-e820: [mem 0x000000000009fc00-0x000000000009ffff] reserved
[STDERR  ] 2018-12-22T22:45:53.201829118Z: [    0.000000] BIOS-e820: [mem 0x00000000000f0000-0x00000000000fffff] reserved
[STDERR  ] 2018-12-22T22:45:53.201841783Z: [    0.000000] BIOS-e820: [mem 0x0000000000100000-0x000000003ffdefff] usable
[STDERR  ] 2018-12-22T22:45:53.201854044Z: [    0.000000] BIOS-e820: [mem 0x000000003ffdf000-0x000000003fffffff] reserved
[STDERR  ] 2018-12-22T22:45:53.201869156Z: [    0.000000] BIOS-e820: [mem 0x00000000b0000000-0x00000000bfffffff] reserved
[STDERR  ] 2018-12-22T22:45:53.201880901Z: [    0.000000] BIOS-e820: [mem 0x00000000fed1c000-0x00000000fed1ffff] reserved
[STDERR  ] 2018-12-22T22:45:53.201893357Z: [    0.000000] BIOS-e820: [mem 0x00000000feffc000-0x00000000feffffff] reserved
[STDERR  ] 2018-12-22T22:45:53.201905729Z: [    0.000000] BIOS-e820: [mem 0x00000000fffc0000-0x00000000ffffffff] reserved
[STDERR  ] 2018-12-22T22:45:53.201917438Z: [    0.000000] NX (Execute Disable) protection: active
[STDERR  ] 2018-12-22T22:45:53.201929102Z: [    0.000000] SMBIOS 2.8 present.
[STDERR  ] 2018-12-22T22:45:53.201941382Z: [    0.000000] DMI: QEMU Standard PC (Q35 + ICH9, 2009), BIOS 1.10.2-1 04/01/2014
[STDERR  ] 2018-12-22T22:45:53.201956119Z: [    0.000000] Hypervisor detected: KVM
[STDERR  ] 2018-12-22T22:45:53.201978736Z: [    0.000000] tsc: Fast TSC calibration failed
[STDERR  ] 2018-12-22T22:45:53.201991068Z: [    0.000000] tsc: Unable to calibrate against PIT
[STDERR  ] 2018-12-22T22:45:53.202004603Z: [    0.000000] tsc: No reference (HPET/PMTIMER) available
[STDERR  ] 2018-12-22T22:45:53.202016904Z: [    0.000000] e820: last_pfn = 0x3ffdf max_arch_pfn = 0x400000000
[STDERR  ] 2018-12-22T22:45:53.202028653Z: [    0.000000] x86/PAT: PAT not supported by CPU.
[STDERR  ] 2018-12-22T22:45:53.202040911Z: [    0.000000] x86/PAT: Configuration [0-7]: WB  WT  UC- UC  WB  WT  UC- UC  
[STDERR  ] 2018-12-22T22:45:53.202052994Z: [    0.000000] found SMP MP-table at [mem 0x000f6a90-0x000f6a9f] mapped at [ffffffffff200a90]
[STDERR  ] 2018-12-22T22:45:53.202065486Z: [    0.000000] RAMDISK: [mem 0x3a0a8000-0x3ffcffff]
[STDERR  ] 2018-12-22T22:45:53.202082399Z: [    0.000000] ACPI: Early table checksum verification disabled
[STDERR  ] 2018-12-22T22:45:53.202094673Z: [    0.000000] ACPI: RSDP 0x00000000000F68D0 000014 (v00 BOCHS )
[STDERR  ] 2018-12-22T22:45:53.202106934Z: [    0.000000] ACPI: RSDT 0x000000003FFE2404 000034 (v01 BOCHS  BXPCRSDT 00000001 BXPC 00000001)
[STDERR  ] 2018-12-22T22:45:53.202119042Z: [    0.000000] ACPI: FACP 0x000000003FFE22A4 000074 (v01 BOCHS  BXPCFACP 00000001 BXPC 00000001)
[STDERR  ] 2018-12-22T22:45:53.202133937Z: [    0.000000] ACPI: DSDT 0x000000003FFE0040 002264 (v01 BOCHS  BXPCDSDT 00000001 BXPC 00000001)
[STDERR  ] 2018-12-22T22:45:53.202149751Z: [    0.000000] ACPI: FACS 0x000000003FFE0000 000040
[STDERR  ] 2018-12-22T22:45:53.202161841Z: [    0.000000] ACPI: APIC 0x000000003FFE2318 000078 (v01 BOCHS  BXPCAPIC 00000001 BXPC 00000001)
[STDERR  ] 2018-12-22T22:45:53.202173881Z: [    0.000000] ACPI: HPET 0x000000003FFE2390 000038 (v01 BOCHS  BXPCHPET 00000001 BXPC 00000001)
[STDERR  ] 2018-12-22T22:45:53.202187589Z: [    0.000000] ACPI: MCFG 0x000000003FFE23C8 00003C (v01 BOCHS  BXPCMCFG 00000001 BXPC 00000001)
[STDERR  ] 2018-12-22T22:45:53.202199107Z: [    0.000000] kvm-clock: Using msrs 4b564d01 and 4b564d00
[STDERR  ] 2018-12-22T22:45:53.202211604Z: [    0.000000] kvm-clock: cpu 0, msr 0:3ffdd001, primary cpu clock
[STDERR  ] 2018-12-22T22:45:53.202235412Z: [    0.000000] clocksource: kvm-clock: mask: 0xffffffffffffffff max_cycles: 0x1cd42e4dffb, max_idle_ns: 881590591483 ns
[STDERR  ] 2018-12-22T22:45:53.202250176Z: [    0.000000] Zone ranges:
[STDERR  ] 2018-12-22T22:45:53.202262589Z: [    0.000000]   DMA      [mem 0x0000000000001000-0x0000000000ffffff]
[STDERR  ] 2018-12-22T22:45:53.202275399Z: [    0.000000]   DMA32    [mem 0x0000000001000000-0x000000003ffdefff]
[STDERR  ] 2018-12-22T22:45:53.202287477Z: [    0.000000]   Normal   empty
[STDERR  ] 2018-12-22T22:45:53.202299321Z: [    0.000000]   Device   empty
[STDERR  ] 2018-12-22T22:45:53.202311597Z: [    0.000000] Movable zone start for each node
[STDERR  ] 2018-12-22T22:45:53.202323793Z: [    0.000000] Early memory node ranges
[STDERR  ] 2018-12-22T22:45:53.202335848Z: [    0.000000]   node   0: [mem 0x0000000000001000-0x000000000009efff]
[STDERR  ] 2018-12-22T22:45:53.202347829Z: [    0.000000]   node   0: [mem 0x0000000000100000-0x000000003ffdefff]
[STDERR  ] 2018-12-22T22:45:53.202359716Z: [    0.000000] Initmem setup node 0 [mem 0x0000000000001000-0x000000003ffdefff]
[STDERR  ] 2018-12-22T22:45:53.202373696Z: [    0.000000] ACPI: PM-Timer IO Port: 0x608
[STDERR  ] 2018-12-22T22:45:53.202386376Z: [    0.000000] ACPI: LAPIC_NMI (acpi_id[0xff] dfl dfl lint[0x1])
[STDERR  ] 2018-12-22T22:45:53.202398226Z: [    0.000000] IOAPIC[0]: apic_id 0, version 17, address 0xfec00000, GSI 0-23
[STDERR  ] 2018-12-22T22:45:53.202410336Z: [    0.000000] ACPI: INT_SRC_OVR (bus 0 bus_irq 0 global_irq 2 dfl dfl)
[STDERR  ] 2018-12-22T22:45:53.202422422Z: [    0.000000] ACPI: INT_SRC_OVR (bus 0 bus_irq 5 global_irq 5 high level)
[STDERR  ] 2018-12-22T22:45:53.202433850Z: [    0.000000] ACPI: INT_SRC_OVR (bus 0 bus_irq 9 global_irq 9 high level)
[STDERR  ] 2018-12-22T22:45:53.202446003Z: [    0.000000] ACPI: INT_SRC_OVR (bus 0 bus_irq 10 global_irq 10 high level)
[STDERR  ] 2018-12-22T22:45:53.202459685Z: [    0.000000] ACPI: INT_SRC_OVR (bus 0 bus_irq 11 global_irq 11 high level)
[STDERR  ] 2018-12-22T22:45:53.202471659Z: [    0.000000] Using ACPI (MADT) for SMP configuration information
[STDERR  ] 2018-12-22T22:45:53.202483830Z: [    0.000000] ACPI: HPET id: 0x8086a201 base: 0xfed00000
[STDERR  ] 2018-12-22T22:45:53.202495681Z: [    0.000000] smpboot: Allowing 1 CPUs, 0 hotplug CPUs
[STDERR  ] 2018-12-22T22:45:53.202507554Z: [    0.000000] e820: [mem 0x40000000-0xafffffff] available for PCI devices
[STDERR  ] 2018-12-22T22:45:53.202519697Z: [    0.000000] Booting paravirtualized kernel on KVM
[STDERR  ] 2018-12-22T22:45:53.202531842Z: [    0.000000] clocksource: refined-jiffies: mask: 0xffffffff max_cycles: 0xffffffff, max_idle_ns: 1910969940391419 ns
[STDERR  ] 2018-12-22T22:45:53.202544216Z: [    0.000000] random: get_random_bytes called from start_kernel+0x92/0x4d1 with crng_init=0
[STDERR  ] 2018-12-22T22:45:53.202560885Z: [    0.000000] setup_percpu: NR_CPUS:128 nr_cpumask_bits:128 nr_cpu_ids:1 nr_node_ids:1
[STDERR  ] 2018-12-22T22:45:53.202572936Z: [    0.000000] percpu: Embedded 45 pages/cpu @ffff9c9c39e00000 s144216 r8192 d31912 u2097152
[STDERR  ] 2018-12-22T22:45:53.202590193Z: [    0.000000] KVM setup async PF for cpu 0
[STDERR  ] 2018-12-22T22:45:53.202603074Z: [    0.000000] kvm-stealtime: cpu 0, msr 39e15f40
[STDERR  ] 2018-12-22T22:45:53.202615242Z: [    0.000000] Built 1 zonelists, mobility grouping on.  Total pages: 257896
[STDERR  ] 2018-12-22T22:45:53.202633243Z: [    0.000000] Kernel command line: console=ttyS0 console=ttyAMA0
[STDERR  ] 2018-12-22T22:45:53.202645443Z: [    0.000000] PID hash table entries: 4096 (order: 3, 32768 bytes)
[STDERR  ] 2018-12-22T22:45:53.202659018Z: [    0.000000] Dentry cache hash table entries: 131072 (order: 8, 1048576 bytes)
[STDERR  ] 2018-12-22T22:45:53.202671102Z: [    0.000000] Inode-cache hash table entries: 65536 (order: 7, 524288 bytes)
[STDERR  ] 2018-12-22T22:45:53.202683538Z: [    0.000000] Memory: 907416K/1048052K available (12300K kernel code, 1451K rwdata, 2964K rodata, 1536K init, 580K bss, 140636K reserved, 0K cma-reserved)
[STDERR  ] 2018-12-22T22:45:53.202696003Z: [    0.000000] Kernel/User page tables isolation: enabled
[STDERR  ] 2018-12-22T22:45:53.202707779Z: [    0.000000] ftrace: allocating 40617 entries in 159 pages
[STDERR  ] 2018-12-22T22:45:53.202720128Z: [    0.001000] Hierarchical RCU implementation.
[STDERR  ] 2018-12-22T22:45:53.202731590Z: [    0.001000] 	RCU restricting CPUs from NR_CPUS=128 to nr_cpu_ids=1.
[STDERR  ] 2018-12-22T22:45:53.202743087Z: [    0.001000] RCU: Adjusting geometry for rcu_fanout_leaf=16, nr_cpu_ids=1
[STDERR  ] 2018-12-22T22:45:53.202755039Z: [    0.001000] NR_IRQS: 8448, nr_irqs: 256, preallocated irqs: 16
[STDERR  ] 2018-12-22T22:45:53.202767141Z: [    0.001000] Console: colour VGA+ 80x25
[STDERR  ] 2018-12-22T22:45:53.202779338Z: [    0.001000] console [ttyS0] enabled
[STDERR  ] 2018-12-22T22:45:53.202793533Z: [    0.001000] clocksource: hpet: mask: 0xffffffff max_cycles: 0xffffffff, max_idle_ns: 19112604467 ns
[STDERR  ] 2018-12-22T22:45:53.202806067Z: [    0.001029] tsc: Detected 2299.896 MHz processor
[STDERR  ] 2018-12-22T22:45:53.202827215Z: [    0.002027] Calibrating delay loop (skipped) preset value.. 4599.79 BogoMIPS (lpj=2299896)
[STDERR  ] 2018-12-22T22:45:53.202839341Z: [    0.003025] pid_max: default: 32768 minimum: 301
[STDERR  ] 2018-12-22T22:45:53.202851342Z: [    0.004048] ACPI: Core revision 20170728
[STDERR  ] 2018-12-22T22:45:53.202863019Z: [    0.005698] ACPI: 1 ACPI AML tables successfully acquired and loaded
[STDERR  ] 2018-12-22T22:45:53.202875195Z: [    0.006114] Security Framework initialized
[STDERR  ] 2018-12-22T22:45:53.202887412Z: [    0.007024] Yama: becoming mindful.
[STDERR  ] 2018-12-22T22:45:53.202899251Z: [    0.008066] Mount-cache hash table entries: 2048 (order: 2, 16384 bytes)
[STDERR  ] 2018-12-22T22:45:53.202911218Z: [    0.009029] Mountpoint-cache hash table entries: 2048 (order: 2, 16384 bytes)
[STDERR  ] 2018-12-22T22:45:53.202926055Z: [    0.012063] Last level iTLB entries: 4KB 0, 2MB 0, 4MB 0
[STDERR  ] 2018-12-22T22:45:53.202938158Z: [    0.013028] Last level dTLB entries: 4KB 0, 2MB 0, 4MB 0, 1GB 0
[STDERR  ] 2018-12-22T22:45:53.202950404Z: [    0.014030] Spectre V2 : Mitigation: Full generic retpoline
[STDERR  ] 2018-12-22T22:45:53.202974438Z: [    0.016021] Spectre V2 : Spectre v2 / SpectreRSB mitigation: Filling RSB on context switch
[STDERR  ] 2018-12-22T22:45:53.202987089Z: [    0.017033] Speculative Store Bypass: Vulnerable
[STDERR  ] 2018-12-22T22:45:53.202999314Z: [    0.024443] Freeing SMP alternatives memory: 20K
[STDERR  ] 2018-12-22T22:45:53.203011222Z: [    0.026581] smpboot: Max logical packages: 1
[STDERR  ] 2018-12-22T22:45:53.203023296Z: [    0.030444] x2apic enabled
[STDERR  ] 2018-12-22T22:45:53.203035071Z: [    0.031023] Switched APIC routing to physical x2apic.
[STDERR  ] 2018-12-22T22:45:53.203342948Z: [    0.043000] ..TIMER: vector=0x30 apic1=0 pin1=2 apic2=-1 pin2=-1
[STDERR  ] 2018-12-22T22:45:53.203399771Z: [    0.043000] smpboot: CPU0: Intel QEMU Virtual CPU version 2.5+ (family: 0x6, model: 0x6, stepping: 0x3)
[STDERR  ] 2018-12-22T22:45:53.203704788Z: [    0.043126] Performance Events: PMU not available due to virtualization, using software events only.
[STDERR  ] 2018-12-22T22:45:53.203758846Z: [    0.047350] Hierarchical SRCU implementation.
[STDERR  ] 2018-12-22T22:45:53.203806187Z: [    0.049049] NMI watchdog: Perf event create on CPU 0 failed with -2
[STDERR  ] 2018-12-22T22:45:53.203848877Z: [    0.050004] NMI watchdog: Perf NMI watchdog permanently disabled
[STDERR  ] 2018-12-22T22:45:53.203892526Z: [    0.052041] smp: Bringing up secondary CPUs ...
[STDERR  ] 2018-12-22T22:45:53.203951041Z: [    0.053004] smp: Brought up 1 node, 1 CPU
[STDERR  ] 2018-12-22T22:45:53.204006173Z: [    0.054004] smpboot: Total of 1 processors activated (4599.79 BogoMIPS)
[STDERR  ] 2018-12-22T22:45:53.204066408Z: [    0.058077] devtmpfs: initialized
[STDERR  ] 2018-12-22T22:45:53.204109633Z: [    0.059075] x86/mm: Memory block size: 128MB
[STDERR  ] 2018-12-22T22:45:53.204150905Z: [    0.060249] evm: security.ima
[STDERR  ] 2018-12-22T22:45:53.204191984Z: [    0.061003] evm: security.capability
[STDERR  ] 2018-12-22T22:45:53.204246130Z: [    0.062174] clocksource: jiffies: mask: 0xffffffff max_cycles: 0xffffffff, max_idle_ns: 1911260446275000 ns
[STDERR  ] 2018-12-22T22:45:53.204291511Z: [    0.063013] futex hash table entries: 256 (order: 2, 16384 bytes)
[STDERR  ] 2018-12-22T22:45:53.204332280Z: [    0.065112] NET: Registered protocol family 16
[STDERR  ] 2018-12-22T22:45:53.204376746Z: [    0.066196] cpuidle: using governor ladder
[STDERR  ] 2018-12-22T22:45:53.204416333Z: [    0.067005] cpuidle: using governor menu
[STDERR  ] 2018-12-22T22:45:53.204457522Z: [    0.068118] ACPI: bus type PCI registered
[STDERR  ] 2018-12-22T22:45:53.204499257Z: [    0.070064] PCI: MMCONFIG for domain 0000 [bus 00-ff] at [mem 0xb0000000-0xbfffffff] (base 0xb0000000)
[STDERR  ] 2018-12-22T22:45:53.204539333Z: [    0.071016] PCI: MMCONFIG at [mem 0xb0000000-0xbfffffff] reserved in E820
[STDERR  ] 2018-12-22T22:45:53.204581428Z: [    0.072022] PCI: Using configuration type 1 for base access
[STDERR  ] 2018-12-22T22:45:53.204625953Z: [    0.074877] HugeTLB registered 2.00 MiB page size, pre-allocated 0 pages
[STDERR  ] 2018-12-22T22:45:53.204665140Z: [    0.075272] ACPI: Added _OSI(Module Device)
[STDERR  ] 2018-12-22T22:45:53.204714037Z: [    0.076016] ACPI: Added _OSI(Processor Device)
[STDERR  ] 2018-12-22T22:45:53.204753459Z: [    0.077004] ACPI: Added _OSI(3.0 _SCP Extensions)
[STDERR  ] 2018-12-22T22:45:53.204796539Z: [    0.078004] ACPI: Added _OSI(Processor Aggregator Device)
[STDERR  ] 2018-12-22T22:45:53.204836874Z: [    0.084191] ACPI: Interpreter enabled
[STDERR  ] 2018-12-22T22:45:53.204878318Z: [    0.085011] ACPI: (supports S0 S5)
[STDERR  ] 2018-12-22T22:45:53.204919178Z: [    0.086004] ACPI: Using IOAPIC for interrupt routing
[STDERR  ] 2018-12-22T22:45:53.204971349Z: [    0.087059] PCI: Using host bridge windows from ACPI; if necessary, use "pci=nocrs" and report a bug
[STDERR  ] 2018-12-22T22:45:53.205018737Z: [    0.088407] ACPI: Enabled 2 GPEs in block 00 to 3F
[STDERR  ] 2018-12-22T22:45:53.205060461Z: [    0.093919] ACPI: PCI Root Bridge [PCI0] (domain 0000 [bus 00-ff])
[STDERR  ] 2018-12-22T22:45:53.205103589Z: [    0.094011] acpi PNP0A08:00: _OSC: OS supports [ExtendedConfig ASPM ClockPM Segments MSI]
[STDERR  ] 2018-12-22T22:45:53.205145837Z: [    0.095148] acpi PNP0A08:00: _OSC: OS now controls [PCIeHotplug PME PCIeCapability]
[STDERR  ] 2018-12-22T22:45:53.205186594Z: [    0.096063] PCI host bridge to bus 0000:00
[STDERR  ] 2018-12-22T22:45:53.205235282Z: [    0.097007] pci_bus 0000:00: root bus resource [io  0x0000-0x0cf7 window]
[STDERR  ] 2018-12-22T22:45:53.205275253Z: [    0.098006] pci_bus 0000:00: root bus resource [io  0x0d00-0xffff window]
[STDERR  ] 2018-12-22T22:45:53.205324844Z: [    0.099006] pci_bus 0000:00: root bus resource [mem 0x000a0000-0x000bffff window]
[STDERR  ] 2018-12-22T22:45:53.205364439Z: [    0.100007] pci_bus 0000:00: root bus resource [mem 0xc0000000-0xfebfffff window]
[STDERR  ] 2018-12-22T22:45:53.205405063Z: [    0.101007] pci_bus 0000:00: root bus resource [bus 00-ff]
[STDERR  ] 2018-12-22T22:45:53.205455461Z: [    0.169297] pci 0000:00:1f.0: quirk: [io  0x0600-0x067f] claimed by ICH6 ACPI/GPIO/TCO
[STDERR  ] 2018-12-22T22:45:53.205497935Z: [    0.196167] ACPI: PCI Interrupt Link [LNKA] (IRQs 5 *10 11)
[STDERR  ] 2018-12-22T22:45:53.205537518Z: [    0.197312] ACPI: PCI Interrupt Link [LNKB] (IRQs 5 *10 11)
[STDERR  ] 2018-12-22T22:45:53.205580403Z: [    0.198318] ACPI: PCI Interrupt Link [LNKC] (IRQs 5 10 *11)
[STDERR  ] 2018-12-22T22:45:53.205622195Z: [    0.199314] ACPI: PCI Interrupt Link [LNKD] (IRQs 5 10 *11)
[STDERR  ] 2018-12-22T22:45:53.205663746Z: [    0.201187] ACPI: PCI Interrupt Link [LNKE] (IRQs 5 *10 11)
[STDERR  ] 2018-12-22T22:45:53.205703935Z: [    0.202302] ACPI: PCI Interrupt Link [LNKF] (IRQs 5 *10 11)
[STDERR  ] 2018-12-22T22:45:53.205745924Z: [    0.203294] ACPI: PCI Interrupt Link [LNKG] (IRQs 5 10 *11)
[STDERR  ] 2018-12-22T22:45:53.205788563Z: [    0.204289] ACPI: PCI Interrupt Link [LNKH] (IRQs 5 10 *11)
[STDERR  ] 2018-12-22T22:45:53.205830692Z: [    0.205153] ACPI: PCI Interrupt Link [GSIA] (IRQs *16)
[STDERR  ] 2018-12-22T22:45:53.205870320Z: [    0.206019] ACPI: PCI Interrupt Link [GSIB] (IRQs *17)
[STDERR  ] 2018-12-22T22:45:53.205911685Z: [    0.207022] ACPI: PCI Interrupt Link [GSIC] (IRQs *18)
[STDERR  ] 2018-12-22T22:45:53.205952368Z: [    0.208019] ACPI: PCI Interrupt Link [GSID] (IRQs *19)
[STDERR  ] 2018-12-22T22:45:53.206007528Z: [    0.209019] ACPI: PCI Interrupt Link [GSIE] (IRQs *20)
[STDERR  ] 2018-12-22T22:45:53.206048256Z: [    0.210019] ACPI: PCI Interrupt Link [GSIF] (IRQs *21)
[STDERR  ] 2018-12-22T22:45:53.206086926Z: [    0.211029] ACPI: PCI Interrupt Link [GSIG] (IRQs *22)
[STDOUT  ] 2018-12-22T22:45:53.206151461Z: [    0.000000] Linux version 4.14.89-linuxkit (root@dadeb9b61230) (gcc version 6.4.0 (Alpine 6.4.0)) #1 SMP Wed Dec 19 23:00:02 UTC 2018
[STDOUT  ] 2018-12-22T22:45:53.206180009Z: [    0.000000] Command line: console=ttyS0 console=ttyAMA0
[STDOUT  ] 2018-12-22T22:45:53.206190024Z: [    0.000000] x86/fpu: x87 FPU will use FXSAVE
[STDOUT  ] 2018-12-22T22:45:53.206199833Z: [    0.000000] e820: BIOS-provided physical RAM map:
[STDOUT  ] 2018-12-22T22:45:53.206209448Z: [    0.000000] BIOS-e820: [mem 0x0000000000000000-0x000000000009fbff] usable
[STDOUT  ] 2018-12-22T22:45:53.206231050Z: [    0.000000] BIOS-e820: [mem 0x000000000009fc00-0x000000000009ffff] reserved
[STDOUT  ] 2018-12-22T22:45:53.206240451Z: [    0.000000] BIOS-e820: [mem 0x00000000000f0000-0x00000000000fffff] reserved
[STDOUT  ] 2018-12-22T22:45:53.206249442Z: [    0.000000] BIOS-e820: [mem 0x0000000000100000-0x000000003ffdefff] usable
[STDOUT  ] 2018-12-22T22:45:53.206257736Z: [    0.000000] BIOS-e820: [mem 0x000000003ffdf000-0x000000003fffffff] reserved
[STDOUT  ] 2018-12-22T22:45:53.206269256Z: [    0.000000] BIOS-e820: [mem 0x00000000b0000000-0x00000000bfffffff] reserved
[STDOUT  ] 2018-12-22T22:45:53.206278194Z: [    0.000000] BIOS-e820: [mem 0x00000000fed1c000-0x00000000fed1ffff] reserved
[STDOUT  ] 2018-12-22T22:45:53.206287578Z: [    0.000000] BIOS-e820: [mem 0x00000000feffc000-0x00000000feffffff] reserved
[STDOUT  ] 2018-12-22T22:45:53.206296063Z: [    0.000000] BIOS-e820: [mem 0x00000000fffc0000-0x00000000ffffffff] reserved
[STDOUT  ] 2018-12-22T22:45:53.206305175Z: [    0.000000] NX (Execute Disable) protection: active
[STDOUT  ] 2018-12-22T22:45:53.206314643Z: [    0.000000] SMBIOS 2.8 present.
[STDOUT  ] 2018-12-22T22:45:53.206323769Z: [    0.000000] DMI: QEMU Standard PC (Q35 + ICH9, 2009), BIOS 1.10.2-1 04/01/2014
[STDOUT  ] 2018-12-22T22:45:53.206332495Z: [    0.000000] Hypervisor detected: KVM
[STDOUT  ] 2018-12-22T22:45:53.206342909Z: [    0.000000] tsc: Fast TSC calibration failed
[STDOUT  ] 2018-12-22T22:45:53.206357343Z: [    0.000000] tsc: Unable to calibrate against PIT
[STDOUT  ] 2018-12-22T22:45:53.206367132Z: [    0.000000] tsc: No reference (HPET/PMTIMER) available
[STDOUT  ] 2018-12-22T22:45:53.206376500Z: [    0.000000] e820: last_pfn = 0x3ffdf max_arch_pfn = 0x400000000
[STDOUT  ] 2018-12-22T22:45:53.206385440Z: [    0.000000] x86/PAT: PAT not supported by CPU.
[STDOUT  ] 2018-12-22T22:45:53.206398737Z: [    0.000000] x86/PAT: Configuration [0-7]: WB  WT  UC- UC  WB  WT  UC- UC  
[STDOUT  ] 2018-12-22T22:45:53.206407947Z: [    0.000000] found SMP MP-table at [mem 0x000f6a90-0x000f6a9f] mapped at [ffffffffff200a90]
[STDOUT  ] 2018-12-22T22:45:53.206417554Z: [    0.000000] RAMDISK: [mem 0x3a0a8000-0x3ffcffff]
[STDOUT  ] 2018-12-22T22:45:53.206426335Z: [    0.000000] ACPI: Early table checksum verification disabled
[STDOUT  ] 2018-12-22T22:45:53.206434967Z: [    0.000000] ACPI: RSDP 0x00000000000F68D0 000014 (v00 BOCHS )
[STDOUT  ] 2018-12-22T22:45:53.206443998Z: [    0.000000] ACPI: RSDT 0x000000003FFE2404 000034 (v01 BOCHS  BXPCRSDT 00000001 BXPC 00000001)
[STDOUT  ] 2018-12-22T22:45:53.206453073Z: [    0.000000] ACPI: FACP 0x000000003FFE22A4 000074 (v01 BOCHS  BXPCFACP 00000001 BXPC 00000001)
[STDOUT  ] 2018-12-22T22:45:53.206464407Z: [    0.000000] ACPI: DSDT 0x000000003FFE0040 002264 (v01 BOCHS  BXPCDSDT 00000001 BXPC 00000001)
[STDOUT  ] 2018-12-22T22:45:53.206472955Z: [    0.000000] ACPI: FACS 0x000000003FFE0000 000040
[STDOUT  ] 2018-12-22T22:45:53.206481761Z: [    0.000000] ACPI: APIC 0x000000003FFE2318 000078 (v01 BOCHS  BXPCAPIC 00000001 BXPC 00000001)
[STDOUT  ] 2018-12-22T22:45:53.206490559Z: [    0.000000] ACPI: HPET 0x000000003FFE2390 000038 (v01 BOCHS  BXPCHPET 00000001 BXPC 00000001)
[STDOUT  ] 2018-12-22T22:45:53.206499413Z: [    0.000000] ACPI: MCFG 0x000000003FFE23C8 00003C (v01 BOCHS  BXPCMCFG 00000001 BXPC 00000001)
[STDOUT  ] 2018-12-22T22:45:53.206508347Z: [    0.000000] kvm-clock: Using msrs 4b564d01 and 4b564d00
[STDOUT  ] 2018-12-22T22:45:53.206517198Z: [    0.000000] kvm-clock: cpu 0, msr 0:3ffdd001, primary cpu clock
[STDOUT  ] 2018-12-22T22:45:53.206525699Z: [    0.000000] clocksource: kvm-clock: mask: 0xffffffffffffffff max_cycles: 0x1cd42e4dffb, max_idle_ns: 881590591483 ns
[STDOUT  ] 2018-12-22T22:45:53.206534938Z: [    0.000000] Zone ranges:
[STDOUT  ] 2018-12-22T22:45:53.206546550Z: [    0.000000]   DMA      [mem 0x0000000000001000-0x0000000000ffffff]
[STDOUT  ] 2018-12-22T22:45:53.206555434Z: [    0.000000]   DMA32    [mem 0x0000000001000000-0x000000003ffdefff]
[STDOUT  ] 2018-12-22T22:45:53.206564015Z: [    0.000000]   Normal   empty
[STDOUT  ] 2018-12-22T22:45:53.206572780Z: [    0.000000]   Device   empty
[STDOUT  ] 2018-12-22T22:45:53.206581594Z: [    0.000000] Movable zone start for each node
[STDOUT  ] 2018-12-22T22:45:53.206590577Z: [    0.000000] Early memory node ranges
[STDOUT  ] 2018-12-22T22:45:53.206599019Z: [    0.000000]   node   0: [mem 0x0000000000001000-0x000000000009efff]
[STDOUT  ] 2018-12-22T22:45:53.206607589Z: [    0.000000]   node   0: [mem 0x0000000000100000-0x000000003ffdefff]
[STDOUT  ] 2018-12-22T22:45:53.206615914Z: [    0.000000] Initmem setup node 0 [mem 0x0000000000001000-0x000000003ffdefff]
[STDOUT  ] 2018-12-22T22:45:53.206624915Z: [    0.000000] ACPI: PM-Timer IO Port: 0x608
[STDOUT  ] 2018-12-22T22:45:53.206633806Z: [    0.000000] ACPI: LAPIC_NMI (acpi_id[0xff] dfl dfl lint[0x1])
[STDOUT  ] 2018-12-22T22:45:53.206642921Z: [    0.000000] IOAPIC[0]: apic_id 0, version 17, address 0xfec00000, GSI 0-23
[STDOUT  ] 2018-12-22T22:45:53.206653722Z: [    0.000000] ACPI: INT_SRC_OVR (bus 0 bus_irq 0 global_irq 2 dfl dfl)
[STDOUT  ] 2018-12-22T22:45:53.206662541Z: [    0.000000] ACPI: INT_SRC_OVR (bus 0 bus_irq 5 global_irq 5 high level)
[STDOUT  ] 2018-12-22T22:45:53.206671223Z: [    0.000000] ACPI: INT_SRC_OVR (bus 0 bus_irq 9 global_irq 9 high level)
[STDOUT  ] 2018-12-22T22:45:53.206679859Z: [    0.000000] ACPI: INT_SRC_OVR (bus 0 bus_irq 10 global_irq 10 high level)
[STDOUT  ] 2018-12-22T22:45:53.206688317Z: [    0.000000] ACPI: INT_SRC_OVR (bus 0 bus_irq 11 global_irq 11 high level)
[STDOUT  ] 2018-12-22T22:45:53.206699821Z: [    0.000000] Using ACPI (MADT) for SMP configuration information
[STDOUT  ] 2018-12-22T22:45:53.206708240Z: [    0.000000] ACPI: HPET id: 0x8086a201 base: 0xfed00000
[STDOUT  ] 2018-12-22T22:45:53.206717307Z: [    0.000000] smpboot: Allowing 1 CPUs, 0 hotplug CPUs
[STDOUT  ] 2018-12-22T22:45:53.206734621Z: [    0.000000] e820: [mem 0x40000000-0xafffffff] available for PCI devices
[STDOUT  ] 2018-12-22T22:45:53.206745816Z: [    0.000000] Booting paravirtualized kernel on KVM
[STDOUT  ] 2018-12-22T22:45:53.206754373Z: [    0.000000] clocksource: refined-jiffies: mask: 0xffffffff max_cycles: 0xffffffff, max_idle_ns: 1910969940391419 ns
[STDOUT  ] 2018-12-22T22:45:53.206763510Z: [    0.000000] random: get_random_bytes called from start_kernel+0x92/0x4d1 with crng_init=0
[STDOUT  ] 2018-12-22T22:45:53.206771973Z: [    0.000000] setup_percpu: NR_CPUS:128 nr_cpumask_bits:128 nr_cpu_ids:1 nr_node_ids:1
[STDOUT  ] 2018-12-22T22:45:53.206780752Z: [    0.000000] percpu: Embedded 45 pages/cpu @ffff9c9c39e00000 s144216 r8192 d31912 u2097152
[STDOUT  ] 2018-12-22T22:45:53.206789670Z: [    0.000000] KVM setup async PF for cpu 0
[STDOUT  ] 2018-12-22T22:45:53.206798520Z: [    0.000000] kvm-stealtime: cpu 0, msr 39e15f40
[STDOUT  ] 2018-12-22T22:45:53.206809837Z: [    0.000000] Built 1 zonelists, mobility grouping on.  Total pages: 257896
[STDOUT  ] 2018-12-22T22:45:53.206818403Z: [    0.000000] Kernel command line: console=ttyS0 console=ttyAMA0
[STDOUT  ] 2018-12-22T22:45:53.206827211Z: [    0.000000] PID hash table entries: 4096 (order: 3, 32768 bytes)
[STDOUT  ] 2018-12-22T22:45:53.206835821Z: [    0.000000] Dentry cache hash table entries: 131072 (order: 8, 1048576 bytes)
[STDOUT  ] 2018-12-22T22:45:53.206843999Z: [    0.000000] Inode-cache hash table entries: 65536 (order: 7, 524288 bytes)
[STDOUT  ] 2018-12-22T22:45:53.206852732Z: [    0.000000] Memory: 907416K/1048052K available (12300K kernel code, 1451K rwdata, 2964K rodata, 1536K init, 580K bss, 140636K reserved, 0K cma-reserved)
[STDOUT  ] 2018-12-22T22:45:53.206861606Z: [    0.000000] Kernel/User page tables isolation: enabled
[STDOUT  ] 2018-12-22T22:45:53.206870529Z: [    0.000000] ftrace: allocating 40617 entries in 159 pages
[STDOUT  ] 2018-12-22T22:45:53.206879549Z: [    0.001000] Hierarchical RCU implementation.
[STDOUT  ] 2018-12-22T22:45:53.206888178Z: [    0.001000] 	RCU restricting CPUs from NR_CPUS=128 to nr_cpu_ids=1.
[STDOUT  ] 2018-12-22T22:45:53.206896804Z: [    0.001000] RCU: Adjusting geometry for rcu_fanout_leaf=16, nr_cpu_ids=1
[STDOUT  ] 2018-12-22T22:45:53.206905521Z: [    0.001000] NR_IRQS: 8448, nr_irqs: 256, preallocated irqs: 16
[STDOUT  ] 2018-12-22T22:45:53.206914423Z: [    0.001000] Console: colour VGA+ 80x25
[STDOUT  ] 2018-12-22T22:45:53.206923110Z: [    0.001000] console [ttyS0] enabled
[STDOUT  ] 2018-12-22T22:45:53.206931793Z: [    0.001000] clocksource: hpet: mask: 0xffffffff max_cycles: 0xffffffff, max_idle_ns: 19112604467 ns
[STDOUT  ] 2018-12-22T22:45:53.206940610Z: [    0.001029] tsc: Detected 2299.896 MHz processor
[STDOUT  ] 2018-12-22T22:45:53.206949349Z: [    0.002027] Calibrating delay loop (skipped) preset value.. 4599.79 BogoMIPS (lpj=2299896)
[STDOUT  ] 2018-12-22T22:45:53.206958226Z: [    0.003025] pid_max: default: 32768 minimum: 301
[STDOUT  ] 2018-12-22T22:45:53.206978184Z: [    0.004048] ACPI: Core revision 20170728
[STDOUT  ] 2018-12-22T22:45:53.206986487Z: [    0.005698] ACPI: 1 ACPI AML tables successfully acquired and loaded
[STDOUT  ] 2018-12-22T22:45:53.206995276Z: [    0.006114] Security Framework initialized
[STDOUT  ] 2018-12-22T22:45:53.207004285Z: [    0.007024] Yama: becoming mindful.
[STDOUT  ] 2018-12-22T22:45:53.207013009Z: [    0.008066] Mount-cache hash table entries: 2048 (order: 2, 16384 bytes)
[STDOUT  ] 2018-12-22T22:45:53.207021346Z: [    0.009029] Mountpoint-cache hash table entries: 2048 (order: 2, 16384 bytes)
[STDOUT  ] 2018-12-22T22:45:53.207029787Z: [    0.012063] Last level iTLB entries: 4KB 0, 2MB 0, 4MB 0
[STDOUT  ] 2018-12-22T22:45:53.207042422Z: [    0.013028] Last level dTLB entries: 4KB 0, 2MB 0, 4MB 0, 1GB 0
[STDOUT  ] 2018-12-22T22:45:53.207051322Z: [    0.014030] Spectre V2 : Mitigation: Full generic retpoline
[STDOUT  ] 2018-12-22T22:45:53.207060290Z: [    0.016021] Spectre V2 : Spectre v2 / SpectreRSB mitigation: Filling RSB on context switch
[STDOUT  ] 2018-12-22T22:45:53.207073630Z: [    0.017033] Speculative Store Bypass: Vulnerable
[STDOUT  ] 2018-12-22T22:45:53.207082690Z: [    0.024443] Freeing SMP alternatives memory: 20K
[STDOUT  ] 2018-12-22T22:45:53.207091555Z: [    0.026581] smpboot: Max logical packages: 1
[STDOUT  ] 2018-12-22T22:45:53.207100206Z: [    0.030444] x2apic enabled
[STDOUT  ] 2018-12-22T22:45:53.207108894Z: [    0.031023] Switched APIC routing to physical x2apic.
[STDOUT  ] 2018-12-22T22:45:53.207117682Z: [    0.043000] ..TIMER: vector=0x30 apic1=0 pin1=2 apic2=-1 pin2=-1
[STDOUT  ] 2018-12-22T22:45:53.207126136Z: [    0.043000] smpboot: CPU0: Intel QEMU Virtual CPU version 2.5+ (family: 0x6, model: 0x6, stepping: 0x3)
[STDOUT  ] 2018-12-22T22:45:53.207134965Z: [    0.043126] Performance Events: PMU not available due to virtualization, using software events only.
[STDOUT  ] 2018-12-22T22:45:53.207143925Z: [    0.047350] Hierarchical SRCU implementation.
[STDOUT  ] 2018-12-22T22:45:53.207152782Z: [    0.049049] NMI watchdog: Perf event create on CPU 0 failed with -2
[STDOUT  ] 2018-12-22T22:45:53.207163923Z: [    0.050004] NMI watchdog: Perf NMI watchdog permanently disabled
[STDOUT  ] 2018-12-22T22:45:53.207172868Z: [    0.052041] smp: Bringing up secondary CPUs ...
[STDOUT  ] 2018-12-22T22:45:53.207182483Z: [    0.053004] smp: Brought up 1 node, 1 CPU
[STDOUT  ] 2018-12-22T22:45:53.207190945Z: [    0.054004] smpboot: Total of 1 processors activated (4599.79 BogoMIPS)
[STDOUT  ] 2018-12-22T22:45:53.207199646Z: [    0.058077] devtmpfs: initialized
[STDOUT  ] 2018-12-22T22:45:53.207208260Z: [    0.059075] x86/mm: Memory block size: 128MB
[STDOUT  ] 2018-12-22T22:45:53.207217175Z: [    0.060249] evm: security.ima
[STDOUT  ] 2018-12-22T22:45:53.207232708Z: [    0.061003] evm: security.capability
[STDOUT  ] 2018-12-22T22:45:53.207241528Z: [    0.062174] clocksource: jiffies: mask: 0xffffffff max_cycles: 0xffffffff, max_idle_ns: 1911260446275000 ns
[STDOUT  ] 2018-12-22T22:45:53.207250521Z: [    0.063013] futex hash table entries: 256 (order: 2, 16384 bytes)
[STDOUT  ] 2018-12-22T22:45:53.207259404Z: [    0.065112] NET: Registered protocol family 16
[STDOUT  ] 2018-12-22T22:45:53.207268098Z: [    0.066196] cpuidle: using governor ladder
[STDOUT  ] 2018-12-22T22:45:53.207276957Z: [    0.067005] cpuidle: using governor menu
[STDOUT  ] 2018-12-22T22:45:53.207285577Z: [    0.068118] ACPI: bus type PCI registered
[STDOUT  ] 2018-12-22T22:45:53.207297807Z: [    0.070064] PCI: MMCONFIG for domain 0000 [bus 00-ff] at [mem 0xb0000000-0xbfffffff] (base 0xb0000000)
[STDOUT  ] 2018-12-22T22:45:53.207306941Z: [    0.071016] PCI: MMCONFIG at [mem 0xb0000000-0xbfffffff] reserved in E820
[STDOUT  ] 2018-12-22T22:45:53.207315947Z: [    0.072022] PCI: Using configuration type 1 for base access
[STDOUT  ] 2018-12-22T22:45:53.207324470Z: [    0.074877] HugeTLB registered 2.00 MiB page size, pre-allocated 0 pages
[STDOUT  ] 2018-12-22T22:45:53.207333455Z: [    0.075272] ACPI: Added _OSI(Module Device)
[STDOUT  ] 2018-12-22T22:45:53.207347404Z: [    0.076016] ACPI: Added _OSI(Processor Device)
[STDOUT  ] 2018-12-22T22:45:53.207356230Z: [    0.077004] ACPI: Added _OSI(3.0 _SCP Extensions)
[STDOUT  ] 2018-12-22T22:45:53.207364990Z: [    0.078004] ACPI: Added _OSI(Processor Aggregator Device)
[STDOUT  ] 2018-12-22T22:45:53.207373516Z: [    0.084191] ACPI: Interpreter enabled
[STDOUT  ] 2018-12-22T22:45:53.207382264Z: [    0.085011] ACPI: (supports S0 S5)
[STDOUT  ] 2018-12-22T22:45:53.207391082Z: [    0.086004] ACPI: Using IOAPIC for interrupt routing
[STDOUT  ] 2018-12-22T22:45:53.207400116Z: [    0.087059] PCI: Using host bridge windows from ACPI; if necessary, use "pci=nocrs" and report a bug
[STDOUT  ] 2018-12-22T22:45:53.207412920Z: [    0.088407] ACPI: Enabled 2 GPEs in block 00 to 3F
[STDOUT  ] 2018-12-22T22:45:53.207421636Z: [    0.093919] ACPI: PCI Root Bridge [PCI0] (domain 0000 [bus 00-ff])
[STDOUT  ] 2018-12-22T22:45:53.207430321Z: [    0.094011] acpi PNP0A08:00: _OSC: OS supports [ExtendedConfig ASPM ClockPM Segments MSI]
[STDOUT  ] 2018-12-22T22:45:53.207441886Z: [    0.095148] acpi PNP0A08:00: _OSC: OS now controls [PCIeHotplug PME PCIeCapability]
[STDOUT  ] 2018-12-22T22:45:53.207450882Z: [    0.096063] PCI host bridge to bus 0000:00
[STDOUT  ] 2018-12-22T22:45:53.207461540Z: [    0.097007] pci_bus 0000:00: root bus resource [io  0x0000-0x0cf7 window]
[STDOUT  ] 2018-12-22T22:45:53.207470168Z: [    0.098006] pci_bus 0000:00: root bus resource [io  0x0d00-0xffff window]
[STDOUT  ] 2018-12-22T22:45:53.207479057Z: [    0.099006] pci_bus 0000:00: root bus resource [mem 0x000a0000-0x000bffff window]
[STDOUT  ] 2018-12-22T22:45:53.207487859Z: [    0.100007] pci_bus 0000:00: root bus resource [mem 0xc0000000-0xfebfffff window]
[STDOUT  ] 2018-12-22T22:45:53.207496466Z: [    0.101007] pci_bus 0000:00: root bus resource [bus 00-ff]
[STDOUT  ] 2018-12-22T22:45:53.207507444Z: [    0.169297] pci 0000:00:1f.0: quirk: [io  0x0600-0x067f] claimed by ICH6 ACPI/GPIO/TCO
[STDOUT  ] 2018-12-22T22:45:53.207516114Z: [    0.196167] ACPI: PCI Interrupt Link [LNKA] (IRQs 5 *10 11)
[STDOUT  ] 2018-12-22T22:45:53.207524608Z: [    0.197312] ACPI: PCI Interrupt Link [LNKB] (IRQs 5 *10 11)
[STDOUT  ] 2018-12-22T22:45:53.207533512Z: [    0.198318] ACPI: PCI Interrupt Link [LNKC] (IRQs 5 10 *11)
[STDOUT  ] 2018-12-22T22:45:53.207542496Z: [    0.199314] ACPI: PCI Interrupt Link [LNKD] (IRQs 5 10 *11)
[STDOUT  ] 2018-12-22T22:45:53.207551135Z: [    0.201187] ACPI: PCI Interrupt Link [LNKE] (IRQs 5 *10 11)
[STDOUT  ] 2018-12-22T22:45:53.207559834Z: [    0.202302] ACPI: PCI Interrupt Link [LNKF] (IRQs 5 *10 11)
[STDOUT  ] 2018-12-22T22:45:53.207568694Z: [    0.203294] ACPI: PCI Interrupt Link [LNKG] (IRQs 5 10 *11)
[STDOUT  ] 2018-12-22T22:45:53.207577322Z: [    0.204289] ACPI: PCI Interrupt Link [LNKH] (IRQs 5 10 *11)
[STDOUT  ] 2018-12-22T22:45:53.207585292Z: [    0.205153] ACPI: PCI Interrupt Link [GSIA] (IRQs *16)
[STDOUT  ] 2018-12-22T22:45:53.207593918Z: [    0.206019] ACPI: PCI Interrupt Link [GSIB] (IRQs *17)
[STDOUT  ] 2018-12-22T22:45:53.207602453Z: [    0.207022] ACPI: PCI Interrupt Link [GSIC] (IRQs *18)
[STDOUT  ] 2018-12-22T22:45:53.207610752Z: [    0.208019] ACPI: PCI Interrupt Link [GSID] (IRQs *19)
[STDOUT  ] 2018-12-22T22:45:53.207619547Z: [    0.209019] ACPI: PCI Interrupt Link [GSIE] (IRQs *20)
[STDOUT  ] 2018-12-22T22:45:53.207628409Z: [    0.210019] ACPI: PCI Interrupt Link [GSIF] (IRQs *21)
[STDOUT  ] 2018-12-22T22:45:53.207636917Z: [    0.211029] ACPI: PCI Interrupt Link [GSIG] (IRQs *22)
[STDOUT  ] 2018-12-22T22:45:53.207645608Z: [    0.213016] ACPI: PCI Interrupt Link [GSIH] (IRQs *23)
[STDOUT  ] 2018-12-22T22:45:53.207654484Z: [    0.215376] SCSI subsystem initialized
[STDOUT  ] 2018-12-22T22:45:53.207663132Z: [    0.216101] ACPI: bus type USB registered
[STDOUT  ] 2018-12-22T22:45:53.207671748Z: [    0.217037] usbcore: registered new interface driver usbfs
[STDOUT  ] 2018-12-22T22:45:53.207680327Z: [    0.218022] usbcore: registered new interface driver hub
[STDOUT  ] 2018-12-22T22:45:53.207691179Z: [    0.219033] usbcore: registered new device driver usb
[STDOUT  ] 2018-12-22T22:45:53.207699900Z: [    0.220033] pps_core: LinuxPPS API ver. 1 registered
[STDOUT  ] 2018-12-22T22:45:53.207708789Z: [    0.221003] pps_core: Software ver. 5.3.6 - Copyright 2005-2007 Rodolfo Giometti <giometti@linux.it>
[STDOUT  ] 2018-12-22T22:45:53.207717745Z: [    0.222011] PTP clock support registered
[STDOUT  ] 2018-12-22T22:45:53.207726089Z: [    0.223105] PCI: Using ACPI for IRQ routing
[STDOUT  ] 2018-12-22T22:45:53.207735056Z: [    0.700890] NetLabel: Initializing
[STDOUT  ] 2018-12-22T22:45:53.207744066Z: [    0.701004] NetLabel:  domain hash size = 128
[STDOUT  ] 2018-12-22T22:45:53.207752962Z: [    0.702003] NetLabel:  protocols = UNLABELED CIPSOv4 CALIPSO
[STDOUT  ] 2018-12-22T22:45:53.207765302Z: [    0.703047] NetLabel:  unlabeled traffic allowed by default
[STDOUT  ] 2018-12-22T22:45:53.207773833Z: [    0.704183] HPET: 3 timers in total, 0 timers will be used for per-cpu timer
[STDOUT  ] 2018-12-22T22:45:53.207782273Z: [    0.705114] hpet0: at MMIO 0xfed00000, IRQs 2, 8, 0
[STDOUT  ] 2018-12-22T22:45:53.207794347Z: [    0.706004] hpet0: 3 comparators, 64-bit 100.000000 MHz counter
[STDOUT  ] 2018-12-22T22:45:53.207803417Z: [    0.710045] clocksource: Switched to clocksource kvm-clock
[STDOUT  ] 2018-12-22T22:45:53.207811854Z: [    0.735088] VFS: Disk quotas dquot_6.6.0
[STDOUT  ] 2018-12-22T22:45:53.207820550Z: [    0.739113] VFS: Dquot-cache hash table entries: 512 (order 0, 4096 bytes)
[STDOUT  ] 2018-12-22T22:45:53.207829318Z: [    0.745729] FS-Cache: Loaded
[STDOUT  ] 2018-12-22T22:45:53.207838234Z: [    0.748681] CacheFiles: Loaded
[STDOUT  ] 2018-12-22T22:45:53.207846899Z: [    0.751740] pnp: PnP ACPI init
[STDOUT  ] 2018-12-22T22:45:53.207855585Z: [    0.755944] pnp: PnP ACPI: found 5 devices
[STDOUT  ] 2018-12-22T22:45:53.207863832Z: [    0.766154] clocksource: acpi_pm: mask: 0xffffff max_cycles: 0xffffff, max_idle_ns: 2085701024 ns
[STDOUT  ] 2018-12-22T22:45:53.207872790Z: [    0.774698] NET: Registered protocol family 2
[STDOUT  ] 2018-12-22T22:45:53.207884268Z: [    0.779209] TCP established hash table entries: 8192 (order: 4, 65536 bytes)
[STDOUT  ] 2018-12-22T22:45:53.207892821Z: [    0.785956] TCP bind hash table entries: 8192 (order: 5, 131072 bytes)
[STDOUT  ] 2018-12-22T22:45:53.207901455Z: [    0.792900] TCP: Hash tables configured (established 8192 bind 8192)
[STDOUT  ] 2018-12-22T22:45:53.207910095Z: [    0.799133] UDP hash table entries: 512 (order: 2, 16384 bytes)
[STDOUT  ] 2018-12-22T22:45:53.208025973Z: [    0.804814] UDP-Lite hash table entries: 512 (order: 2, 16384 bytes)
[STDOUT  ] 2018-12-22T22:45:53.208038123Z: [    0.810998] NET: Registered protocol family 1
[STDOUT  ] 2018-12-22T22:45:53.208047243Z: [    0.815488] pci 0000:00:01.0: Video device with shadowed ROM at [mem 0x000c0000-0x000dffff]
[STDOUT  ] 2018-12-22T22:45:53.208058563Z: [    0.824131] Trying to unpack rootfs image as initramfs...
[STDOUT  ] 2018-12-22T22:45:53.208067276Z: [    2.612209] Freeing initrd memory: 97440K
[STDOUT  ] 2018-12-22T22:45:53.208076010Z: [    2.616321] clocksource: tsc: mask: 0xffffffffffffffff max_cycles: 0x2126d2ecbb1, max_idle_ns: 440795314672 ns
[STDOUT  ] 2018-12-22T22:45:53.208085035Z: [    2.626484] PCLMULQDQ-NI instructions are not detected.
[STDOUT  ] 2018-12-22T22:45:53.208093891Z: [    2.631672] AVX or AES-NI instructions are not detected.
[STDOUT  ] 2018-12-22T22:45:53.208102407Z: [    2.636802] CPU feature 'AVX registers' is not supported.
[STDOUT  ] 2018-12-22T22:45:53.208110879Z: [    2.642036] CPU feature 'AVX registers' is not supported.
[STDOUT  ] 2018-12-22T22:45:53.208119193Z: [    2.647188] CPU feature 'AVX registers' is not supported.
[STDOUT  ] 2018-12-22T22:45:53.208127720Z: [    2.652368] CPU feature 'AVX registers' is not supported.
[STDOUT  ] 2018-12-22T22:45:53.208136720Z: [    2.657539] AVX2 or AES-NI instructions are not detected.
[STDOUT  ] 2018-12-22T22:45:53.208145689Z: [    2.662761] AVX2 instructions are not detected.
[STDOUT  ] 2018-12-22T22:45:53.208154288Z: [    2.667304] audit: initializing netlink subsys (disabled)
[STDOUT  ] 2018-12-22T22:45:53.208162799Z: [    2.672954] audit: type=2000 audit(1545518742.115:1): state=initialized audit_enabled=0 res=1
[STDOUT  ] 2018-12-22T22:45:53.208171641Z: [    2.681132] workingset: timestamp_bits=46 max_order=18 bucket_order=0
[STDOUT  ] 2018-12-22T22:45:53.208180743Z: [    2.687710] squashfs: version 4.0 (2009/01/31) Phillip Lougher
[STDOUT  ] 2018-12-22T22:45:53.208191632Z: [    2.693413] FS-Cache: Netfs 'cifs' registered for caching
[STDOUT  ] 2018-12-22T22:45:53.208200220Z: [    2.698664] fuse init (API version 7.26)
[STDOUT  ] 2018-12-22T22:45:53.208208513Z: [    2.702574] SGI XFS with ACLs, security attributes, no debug enabled
[STDOUT  ] 2018-12-22T22:45:53.208230722Z: [    2.708834] 9p: Installing v9fs 9p2000 file system support
[STDOUT  ] 2018-12-22T22:45:53.208239746Z: [    2.714104] FS-Cache: Netfs '9p' registered for caching
[STDOUT  ] 2018-12-22T22:45:53.208248639Z: [    2.720446] NET: Registered protocol family 38
[STDOUT  ] 2018-12-22T22:45:53.208259796Z: [    2.724788] Key type asymmetric registered
[STDOUT  ] 2018-12-22T22:45:53.208271319Z: [    2.728906] Asymmetric key parser 'x509' registered
[STDOUT  ] 2018-12-22T22:45:53.208280075Z: [    2.733635] Block layer SCSI generic (bsg) driver version 0.4 loaded (major 247)
[STDOUT  ] 2018-12-22T22:45:53.208288453Z: [    2.740990] io scheduler noop registered
[STDOUT  ] 2018-12-22T22:45:53.208296949Z: [    2.744826] io scheduler deadline registered (default)
[STDOUT  ] 2018-12-22T22:45:53.208305867Z: [    2.749832] io scheduler cfq registered
[STDOUT  ] 2018-12-22T22:45:53.208314629Z: [    2.753590] io scheduler mq-deadline registered
[STDOUT  ] 2018-12-22T22:45:53.208323718Z: [    2.757983] io scheduler kyber registered
[STDOUT  ] 2018-12-22T22:45:53.208332559Z: [    2.762017] shpchp: Standard Hot Plug PCI Controller Driver version: 0.4
[STDOUT  ] 2018-12-22T22:45:53.208341499Z: [    2.768536] hv_vmbus: registering driver hyperv_fb
[STDOUT  ] 2018-12-22T22:45:53.208350383Z: [    2.773284] input: Power Button as /devices/LNXSYSTM:00/LNXPWRBN:00/input/input0
[STDOUT  ] 2018-12-22T22:45:53.208359230Z: [    2.780410] ACPI: Power Button [PWRF]
[STDOUT  ] 2018-12-22T22:45:53.208367663Z: [    2.784738] ACPI: PCI Interrupt Link [GSIG] enabled at IRQ 22
[STDOUT  ] 2018-12-22T22:45:53.208376809Z: [    2.796424] ACPI: PCI Interrupt Link [GSIH] enabled at IRQ 23
[STDOUT  ] 2018-12-22T22:45:53.208385501Z: [    2.808116] Serial: 8250/16550 driver, 4 ports, IRQ sharing disabled
[STDOUT  ] 2018-12-22T22:45:53.208394282Z: [    2.848794] 00:04: ttyS0 at I/O 0x3f8 (irq = 4, base_baud = 115200) is a 16550A
[STDOUT  ] 2018-12-22T22:45:53.208403189Z: [    2.856761] Non-volatile memory driver v1.3
[STDOUT  ] 2018-12-22T22:45:53.208411889Z: [    2.862506] Hangcheck: starting hangcheck timer 0.9.1 (tick is 180 seconds, margin is 60 seconds).
[STDOUT  ] 2018-12-22T22:45:53.208421048Z: [    2.871338] random: fast init done
[STDOUT  ] 2018-12-22T22:45:53.208429993Z: [    2.875596] random: crng init done
[STDOUT  ] 2018-12-22T22:45:53.208438807Z: [    2.880208] brd: module loaded
[STDOUT  ] 2018-12-22T22:45:53.208447677Z: [    2.885660] loop: module loaded
[STDOUT  ] 2018-12-22T22:45:53.208456082Z: [    2.893705] lpc_ich 0000:00:1f.0: I/O space for GPIO uninitialized
[STDOUT  ] 2018-12-22T22:45:53.208464485Z: [    2.899732] VMware PVSCSI driver - version 1.0.7.0-k
[STDOUT  ] 2018-12-22T22:45:53.208473281Z: [    2.904504] hv_vmbus: registering driver hv_storvsc
[STDOUT  ] 2018-12-22T22:45:53.208482145Z: [    2.909722] ACPI: PCI Interrupt Link [GSIA] enabled at IRQ 16
[STDOUT  ] 2018-12-22T22:45:53.208490758Z: [    2.918873] ahci 0000:00:1f.2: AHCI 0001.0000 32 slots 6 ports 1.5 Gbps 0x3f impl SATA mode
[STDOUT  ] 2018-12-22T22:45:53.208499513Z: [    2.926777] ahci 0000:00:1f.2: flags: 64bit ncq only 
[STDOUT  ] 2018-12-22T22:45:53.208508364Z: [    2.935674] scsi host0: ahci
[STDOUT  ] 2018-12-22T22:45:53.208517223Z: [    2.938598] scsi host1: ahci
[STDOUT  ] 2018-12-22T22:45:53.208526401Z: [    2.941541] scsi host2: ahci
[STDOUT  ] 2018-12-22T22:45:53.208536824Z: [    2.944475] scsi host3: ahci
[STDOUT  ] 2018-12-22T22:45:53.208545279Z: [    2.947423] scsi host4: ahci
[STDOUT  ] 2018-12-22T22:45:53.208553764Z: [    2.950404] scsi host5: ahci
[STDOUT  ] 2018-12-22T22:45:53.208562530Z: [    2.953352] ata1: SATA max UDMA/133 abar m4096@0xfebd2000 port 0xfebd2100 irq 24
[STDOUT  ] 2018-12-22T22:45:53.208571434Z: [    2.960456] ata2: SATA max UDMA/133 abar m4096@0xfebd2000 port 0xfebd2180 irq 24
[STDOUT  ] 2018-12-22T22:45:53.208580419Z: [    2.967526] ata3: SATA max UDMA/133 abar m4096@0xfebd2000 port 0xfebd2200 irq 24
[STDOUT  ] 2018-12-22T22:45:53.208598047Z: [    2.974574] ata4: SATA max UDMA/133 abar m4096@0xfebd2000 port 0xfebd2280 irq 24
[STDOUT  ] 2018-12-22T22:45:53.208609898Z: [    2.981618] ata5: SATA max UDMA/133 abar m4096@0xfebd2000 port 0xfebd2300 irq 24
[STDOUT  ] 2018-12-22T22:45:53.208618402Z: [    2.988711] ata6: SATA max UDMA/133 abar m4096@0xfebd2000 port 0xfebd2380 irq 24
[STDOUT  ] 2018-12-22T22:45:53.208626670Z: [    2.998267] tun: Universal TUN/TAP device driver, 1.6
[STDOUT  ] 2018-12-22T22:45:53.208642158Z: [    3.007910] VMware vmxnet3 virtual NIC driver - version 1.4.a.0-k-NAPI
[STDOUT  ] 2018-12-22T22:45:53.208651266Z: [    3.014177] hv_vmbus: registering driver hv_netvsc
[STDOUT  ] 2018-12-22T22:45:53.208659868Z: [    3.018800] Fusion MPT base driver 3.04.20
[STDOUT  ] 2018-12-22T22:45:53.208668812Z: [    3.022769] Copyright (c) 1999-2008 LSI Corporation
[STDOUT  ] 2018-12-22T22:45:53.208677676Z: [    3.027454] Fusion MPT SPI Host driver 3.04.20
[STDOUT  ] 2018-12-22T22:45:53.208686507Z: [    3.031795] i8042: PNP: PS/2 Controller [PNP0303:KBD,PNP0f13:MOU] at 0x60,0x64 irq 1,12
[STDOUT  ] 2018-12-22T22:45:53.208695129Z: [    3.043400] serio: i8042 KBD port at 0x60,0x64 irq 1
[STDOUT  ] 2018-12-22T22:45:53.208703690Z: [    3.048167] serio: i8042 AUX port at 0x60,0x64 irq 12
[STDOUT  ] 2018-12-22T22:45:53.208714643Z: [    3.053159] hv_vmbus: registering driver hyperv_keyboard
[STDOUT  ] 2018-12-22T22:45:53.208726093Z: [    3.058372] mousedev: PS/2 mouse device common for all mice
[STDOUT  ] 2018-12-22T22:45:53.208735076Z: [    3.065153] input: AT Translated Set 2 keyboard as /devices/platform/i8042/serio0/input/input1
[STDOUT  ] 2018-12-22T22:45:53.208744020Z: [    3.073370] input: PC Speaker as /devices/platform/pcspkr/input/input2
[STDOUT  ] 2018-12-22T22:45:53.208752571Z: [    3.079995] rtc_cmos 00:00: RTC can wake from S4
[STDOUT  ] 2018-12-22T22:45:53.208761227Z: [    3.086867] rtc_cmos 00:00: rtc core: registered rtc_cmos as rtc0
[STDOUT  ] 2018-12-22T22:45:53.208770064Z: [    3.093579] rtc_cmos 00:00: alarms up to one day, y3k, 114 bytes nvram, hpet irqs
