[INFO    ] 2018-07-17T11:27:45.247584430Z: Running Test linuxkit.kernel.config_4.14.x in /tmp/build/test/cases/020_kernel/006_config_4.14.x
[INFO    ] 2018-07-17T11:27:45.247738340Z: Running command: [/bin/sh -x /tmp/build/test/cases/020_kernel/006_config_4.14.x/test.sh]
[STDERR  ] 2018-07-17T11:27:45.248389461Z: + set -e
[STDERR  ] 2018-07-17T11:27:45.248460343Z: + . /tmp/build/test/cases/_lib/lib.sh
[STDERR  ] 2018-07-17T11:27:45.248481406Z: + [ -f src/github.com/linuxkit/rtf/lib/lib.sh ]
[STDERR  ] 2018-07-17T11:27:45.248502496Z: + LINUXKIT_TMPDIR=/tmp/build/test/cases/_tmp
[STDERR  ] 2018-07-17T11:27:45.248524368Z: + [ -f /tmp/build/test/cases/_tmp/env.sh ]
[STDERR  ] 2018-07-17T11:27:45.248544685Z: + . /tmp/build/test/cases/_tmp/env.sh
[STDERR  ] 2018-07-17T11:27:45.248565872Z: + export LINUXKIT_EXAMPLES_DIR=/tmp/build/test/cases/../../examples
[STDERR  ] 2018-07-17T11:27:45.248589968Z: + RT_CANCEL=253
[STDERR  ] 2018-07-17T11:27:45.248612033Z: + NAME=kconfig
[STDERR  ] 2018-07-17T11:27:45.248631804Z: + trap clean_up EXIT
[STDERR  ] 2018-07-17T11:27:45.248651120Z: + linuxkit build -format kernel+initrd -name kconfig test.yml
[STDERR  ] 2018-07-17T11:27:45.327208740Z: Extract kernel image: linuxkit/kernel:4.14.55
[STDERR  ] 2018-07-17T11:27:47.159169408Z: Add init containers:
[STDERR  ] 2018-07-17T11:27:47.159245428Z: Process init image: linuxkit/init:598439400c1e4bf8c25c63c98b2d3e83b1382be9
[STDERR  ] 2018-07-17T11:27:48.371393504Z: Process init image: linuxkit/runc:v0.5
[STDERR  ] 2018-07-17T11:27:49.515851296Z: Add onboot containers:
[STDERR  ] 2018-07-17T11:27:49.515927010Z:   Create OCI config for linuxkit/test-kernel-config:a780a39198cf98e2b93b773b36f9fc40a278edd0
[STDERR  ] 2018-07-17T11:27:50.952497119Z:   Create OCI config for linuxkit/poweroff:2687ed712690766b8156a77ac600005b532d2c7d
[STDERR  ] 2018-07-17T11:27:52.130390086Z: Create outputs:
[STDERR  ] 2018-07-17T11:27:57.063862783Z:   kconfig-kernel kconfig-initrd.img kconfig-cmdline
[STDERR  ] 2018-07-17T11:27:57.121679408Z: + linuxkit run kconfig
[STDERR  ] 2018-07-17T11:28:38.049589262Z: + RESULT=[    0.000000] Linux version 4.14.55-linuxkit (root@baf0c275cb44) (gcc version 6.4.0 (Alpine 6.4.0)) #1 SMP Sat Jul 14 12:37:09 UTC 2018
[STDERR  ] 2018-07-17T11:28:38.049672092Z: [    0.000000] Command line: console=ttyS0 console=ttyAMA0
[STDERR  ] 2018-07-17T11:28:38.049695109Z: [    0.000000] x86/fpu: x87 FPU will use FXSAVE
[STDERR  ] 2018-07-17T11:28:38.049716742Z: [    0.000000] e820: BIOS-provided physical RAM map:
[STDERR  ] 2018-07-17T11:28:38.049737489Z: [    0.000000] BIOS-e820: [mem 0x0000000000000000-0x000000000009fbff] usable
[STDERR  ] 2018-07-17T11:28:38.049758971Z: [    0.000000] BIOS-e820: [mem 0x000000000009fc00-0x000000000009ffff] reserved
[STDERR  ] 2018-07-17T11:28:38.049778865Z: [    0.000000] BIOS-e820: [mem 0x00000000000f0000-0x00000000000fffff] reserved
[STDERR  ] 2018-07-17T11:28:38.049801599Z: [    0.000000] BIOS-e820: [mem 0x0000000000100000-0x000000003ffdefff] usable
[STDERR  ] 2018-07-17T11:28:38.049820496Z: [    0.000000] BIOS-e820: [mem 0x000000003ffdf000-0x000000003fffffff] reserved
[STDERR  ] 2018-07-17T11:28:38.049851066Z: [    0.000000] BIOS-e820: [mem 0x00000000b0000000-0x00000000bfffffff] reserved
[STDERR  ] 2018-07-17T11:28:38.049874041Z: [    0.000000] BIOS-e820: [mem 0x00000000fed1c000-0x00000000fed1ffff] reserved
[STDERR  ] 2018-07-17T11:28:38.049892042Z: [    0.000000] BIOS-e820: [mem 0x00000000fffc0000-0x00000000ffffffff] reserved
[STDERR  ] 2018-07-17T11:28:38.049910871Z: [    0.000000] NX (Execute Disable) protection: active
[STDERR  ] 2018-07-17T11:28:38.049931545Z: [    0.000000] SMBIOS 2.8 present.
[STDERR  ] 2018-07-17T11:28:38.049964955Z: [    0.000000] DMI: QEMU Standard PC (Q35 + ICH9, 2009), BIOS 1.10.2-1 04/01/2014
[STDERR  ] 2018-07-17T11:28:38.049984181Z: [    0.000000] tsc: Fast TSC calibration failed
[STDERR  ] 2018-07-17T11:28:38.050004010Z: [    0.000000] tsc: Unable to calibrate against PIT
[STDERR  ] 2018-07-17T11:28:38.050024296Z: [    0.000000] tsc: No reference (HPET/PMTIMER) available
[STDERR  ] 2018-07-17T11:28:38.050044592Z: [    0.000000] e820: last_pfn = 0x3ffdf max_arch_pfn = 0x400000000
[STDERR  ] 2018-07-17T11:28:38.050072019Z: [    0.000000] x86/PAT: Configuration [0-7]: WB  WC  UC- UC  WB  WP  UC- WT  
[STDERR  ] 2018-07-17T11:28:38.050092331Z: [    0.000000] found SMP MP-table at [mem 0x000f6a90-0x000f6a9f] mapped at [ffffffffff200a90]
[STDERR  ] 2018-07-17T11:28:38.050115768Z: [    0.000000] RAMDISK: [mem 0x3e4ef000-0x3ffcffff]
[STDERR  ] 2018-07-17T11:28:38.050135958Z: [    0.000000] ACPI: Early table checksum verification disabled
[STDERR  ] 2018-07-17T11:28:38.050155213Z: [    0.000000] ACPI: RSDP 0x00000000000F68D0 000014 (v00 BOCHS )
[STDERR  ] 2018-07-17T11:28:38.050174923Z: [    0.000000] ACPI: RSDT 0x000000003FFE2404 000034 (v01 BOCHS  BXPCRSDT 00000001 BXPC 00000001)
[STDERR  ] 2018-07-17T11:28:38.050243746Z: [    0.000000] ACPI: FACP 0x000000003FFE22A4 000074 (v01 BOCHS  BXPCFACP 00000001 BXPC 00000001)
[STDERR  ] 2018-07-17T11:28:38.050263417Z: [    0.000000] ACPI: DSDT 0x000000003FFE0040 002264 (v01 BOCHS  BXPCDSDT 00000001 BXPC 00000001)
[STDERR  ] 2018-07-17T11:28:38.050283656Z: [    0.000000] ACPI: FACS 0x000000003FFE0000 000040
[STDERR  ] 2018-07-17T11:28:38.050302903Z: [    0.000000] ACPI: APIC 0x000000003FFE2318 000078 (v01 BOCHS  BXPCAPIC 00000001 BXPC 00000001)
[STDERR  ] 2018-07-17T11:28:38.050322610Z: [    0.000000] ACPI: HPET 0x000000003FFE2390 000038 (v01 BOCHS  BXPCHPET 00000001 BXPC 00000001)
[STDERR  ] 2018-07-17T11:28:38.050341855Z: [    0.000000] ACPI: MCFG 0x000000003FFE23C8 00003C (v01 BOCHS  BXPCMCFG 00000001 BXPC 00000001)
[STDERR  ] 2018-07-17T11:28:38.050361663Z: [    0.000000] Zone ranges:
[STDERR  ] 2018-07-17T11:28:38.050408965Z: [    0.000000]   DMA      [mem 0x0000000000001000-0x0000000000ffffff]
[STDERR  ] 2018-07-17T11:28:38.050431334Z: [    0.000000]   DMA32    [mem 0x0000000001000000-0x000000003ffdefff]
[STDERR  ] 2018-07-17T11:28:38.050450663Z: [    0.000000]   Normal   empty
[STDERR  ] 2018-07-17T11:28:38.050470630Z: [    0.000000]   Device   empty
[STDERR  ] 2018-07-17T11:28:38.050491084Z: [    0.000000] Movable zone start for each node
[STDERR  ] 2018-07-17T11:28:38.050511281Z: [    0.000000] Early memory node ranges
[STDERR  ] 2018-07-17T11:28:38.050531053Z: [    0.000000]   node   0: [mem 0x0000000000001000-0x000000000009efff]
[STDERR  ] 2018-07-17T11:28:38.050550052Z: [    0.000000]   node   0: [mem 0x0000000000100000-0x000000003ffdefff]
[STDERR  ] 2018-07-17T11:28:38.050569877Z: [    0.000000] Initmem setup node 0 [mem 0x0000000000001000-0x000000003ffdefff]
[STDERR  ] 2018-07-17T11:28:38.050589541Z: [    0.000000] ACPI: PM-Timer IO Port: 0x608
[STDERR  ] 2018-07-17T11:28:38.050612294Z: [    0.000000] ACPI: LAPIC_NMI (acpi_id[0xff] dfl dfl lint[0x1])
[STDERR  ] 2018-07-17T11:28:38.050636557Z: [    0.000000] IOAPIC[0]: apic_id 0, version 32, address 0xfec00000, GSI 0-23
[STDERR  ] 2018-07-17T11:28:38.050655768Z: [    0.000000] ACPI: INT_SRC_OVR (bus 0 bus_irq 0 global_irq 2 dfl dfl)
[STDERR  ] 2018-07-17T11:28:38.050682629Z: [    0.000000] ACPI: INT_SRC_OVR (bus 0 bus_irq 5 global_irq 5 high level)
[STDERR  ] 2018-07-17T11:28:38.050708881Z: [    0.000000] ACPI: INT_SRC_OVR (bus 0 bus_irq 9 global_irq 9 high level)
[STDERR  ] 2018-07-17T11:28:38.050728232Z: [    0.000000] ACPI: INT_SRC_OVR (bus 0 bus_irq 10 global_irq 10 high level)
[STDERR  ] 2018-07-17T11:28:38.050747025Z: [    0.000000] ACPI: INT_SRC_OVR (bus 0 bus_irq 11 global_irq 11 high level)
[STDERR  ] 2018-07-17T11:28:38.050767076Z: [    0.000000] Using ACPI (MADT) for SMP configuration information
[STDERR  ] 2018-07-17T11:28:38.050787324Z: [    0.000000] ACPI: HPET id: 0x8086a201 base: 0xfed00000
[STDERR  ] 2018-07-17T11:28:38.050816561Z: [    0.000000] smpboot: Allowing 1 CPUs, 0 hotplug CPUs
[STDERR  ] 2018-07-17T11:28:38.050839046Z: [    0.000000] e820: [mem 0x40000000-0xafffffff] available for PCI devices
[STDERR  ] 2018-07-17T11:28:38.050860282Z: [    0.000000] Booting paravirtualized kernel on bare hardware
[STDERR  ] 2018-07-17T11:28:38.050879206Z: [    0.000000] clocksource: refined-jiffies: mask: 0xffffffff max_cycles: 0xffffffff, max_idle_ns: 19112604462750000 ns
[STDERR  ] 2018-07-17T11:28:38.050904111Z: [    0.000000] random: get_random_bytes called from start_kernel+0x92/0x4cb with crng_init=0
[STDERR  ] 2018-07-17T11:28:38.050927976Z: [    0.000000] setup_percpu: NR_CPUS:128 nr_cpumask_bits:128 nr_cpu_ids:1 nr_node_ids:1
[STDERR  ] 2018-07-17T11:28:38.050947576Z: [    0.000000] percpu: Embedded 44 pages/cpu @ffff99a37e200000 s143256 r8192 d28776 u2097152
[STDERR  ] 2018-07-17T11:28:38.050968139Z: [    0.000000] Built 1 zonelists, mobility grouping on.  Total pages: 257896
[STDERR  ] 2018-07-17T11:28:38.050987094Z: [    0.000000] Kernel command line: console=ttyS0 console=ttyAMA0
[STDERR  ] 2018-07-17T11:28:38.051006512Z: [    0.000000] PID hash table entries: 4096 (order: 3, 32768 bytes)
[STDERR  ] 2018-07-17T11:28:38.051025954Z: [    0.000000] Dentry cache hash table entries: 131072 (order: 8, 1048576 bytes)
[STDERR  ] 2018-07-17T11:28:38.051045108Z: [    0.000000] Inode-cache hash table entries: 65536 (order: 7, 524288 bytes)
[STDERR  ] 2018-07-17T11:28:38.051064588Z: [    0.000000] Memory: 977268K/1048052K available (12300K kernel code, 1465K rwdata, 2996K rodata, 1512K init, 632K bss, 70784K reserved, 0K cma-reserved)
[STDERR  ] 2018-07-17T11:28:38.051085924Z: [    0.000000] ftrace: allocating 41047 entries in 161 pages
[STDERR  ] 2018-07-17T11:28:38.051108230Z: [    0.000000] Hierarchical RCU implementation.
[STDERR  ] 2018-07-17T11:28:38.051130154Z: [    0.000000] 	RCU restricting CPUs from NR_CPUS=128 to nr_cpu_ids=1.
[STDERR  ] 2018-07-17T11:28:38.051149438Z: [    0.000000] RCU: Adjusting geometry for rcu_fanout_leaf=16, nr_cpu_ids=1
[STDERR  ] 2018-07-17T11:28:38.051172048Z: [    0.000000] NR_IRQS: 8448, nr_irqs: 256, preallocated irqs: 16
[STDERR  ] 2018-07-17T11:28:38.051191802Z: [    0.000000] Console: colour VGA+ 80x25
[STDERR  ] 2018-07-17T11:28:38.051210858Z: [    0.000000] console [ttyS0] enabled
[STDERR  ] 2018-07-17T11:28:38.051231105Z: [    0.000000] clocksource: hpet: mask: 0xffffffff max_cycles: 0xffffffff, max_idle_ns: 19112604467 ns
[STDERR  ] 2018-07-17T11:28:38.051250381Z: [    0.010000] tsc: Fast TSC calibration using PIT
[STDERR  ] 2018-07-17T11:28:38.051270200Z: [    0.010000] tsc: Detected 2599.759 MHz processor
[STDERR  ] 2018-07-17T11:28:38.051289947Z: [    0.010000] Calibrating delay loop (skipped), value calculated using timer frequency.. 5199.51 BogoMIPS (lpj=25997590)
[STDERR  ] 2018-07-17T11:28:38.051310313Z: [    0.010000] pid_max: default: 32768 minimum: 301
[STDERR  ] 2018-07-17T11:28:38.051329647Z: [    0.010000] ACPI: Core revision 20170728
[STDERR  ] 2018-07-17T11:28:38.051349444Z: [    0.048140] ACPI: 1 ACPI AML tables successfully acquired and loaded
[STDERR  ] 2018-07-17T11:28:38.051368320Z: [    0.049679] Security Framework initialized
[STDERR  ] 2018-07-17T11:28:38.051397855Z: [    0.050161] Yama: becoming mindful.
[STDERR  ] 2018-07-17T11:28:38.051420364Z: [    0.051892] Mount-cache hash table entries: 2048 (order: 2, 16384 bytes)
[STDERR  ] 2018-07-17T11:28:38.051439542Z: [    0.052330] Mountpoint-cache hash table entries: 2048 (order: 2, 16384 bytes)
[STDERR  ] 2018-07-17T11:28:38.051461959Z: [    0.066192] Last level iTLB entries: 4KB 0, 2MB 0, 4MB 0
[STDERR  ] 2018-07-17T11:28:38.051482827Z: [    0.066647] Last level dTLB entries: 4KB 0, 2MB 0, 4MB 0, 1GB 0
[STDERR  ] 2018-07-17T11:28:38.051503394Z: [    0.067079] Spectre V2 : Spectre mitigation: LFENCE not serializing, switching to generic retpoline
[STDERR  ] 2018-07-17T11:28:38.051523375Z: [    0.067617] Spectre V2 : Mitigation: Full generic retpoline
[STDERR  ] 2018-07-17T11:28:38.051543029Z: [    0.068045] Spectre V2 : Spectre v2 mitigation: Filling RSB on context switch
[STDERR  ] 2018-07-17T11:28:38.051565967Z: [    0.068657] Speculative Store Bypass: Vulnerable
[STDERR  ] 2018-07-17T11:28:38.051585857Z: [    0.294056] Freeing SMP alternatives memory: 20K
[STDERR  ] 2018-07-17T11:28:38.051604667Z: [    0.309650] smpboot: Max logical packages: 1
[STDERR  ] 2018-07-17T11:28:38.051623812Z: [    0.313955] ..TIMER: vector=0x30 apic1=0 pin1=2 apic2=-1 pin2=-1
[STDERR  ] 2018-07-17T11:28:38.051647284Z: [    0.420000] smpboot: CPU0: AMD QEMU Virtual CPU version 2.5+ (family: 0x6, model: 0x6, stepping: 0x3)
[STDERR  ] 2018-07-17T11:28:38.051666804Z: [    0.420000] Performance Events: PMU not available due to virtualization, using software events only.
[STDERR  ] 2018-07-17T11:28:38.051687950Z: [    0.420000] Hierarchical SRCU implementation.
[STDERR  ] 2018-07-17T11:28:38.051707435Z: [    0.423775] NMI watchdog: Perf event create on CPU 0 failed with -2
[STDERR  ] 2018-07-17T11:28:38.051726522Z: [    0.424178] NMI watchdog: Perf NMI watchdog permanently disabled
[STDERR  ] 2018-07-17T11:28:38.051743655Z: [    0.427060] smp: Bringing up secondary CPUs ...
[STDERR  ] 2018-07-17T11:28:38.051761181Z: [    0.427502] smp: Brought up 1 node, 1 CPU
[STDERR  ] 2018-07-17T11:28:38.051779028Z: [    0.427875] smpboot: Total of 1 processors activated (5199.51 BogoMIPS)
[STDERR  ] 2018-07-17T11:28:38.051797357Z: [    0.440766] devtmpfs: initialized
[STDERR  ] 2018-07-17T11:28:38.051816667Z: [    0.444027] x86/mm: Memory block size: 128MB
[STDERR  ] 2018-07-17T11:28:38.051838185Z: [    0.448472] evm: security.ima
[STDERR  ] 2018-07-17T11:28:38.051857750Z: [    0.448699] evm: security.capability
[STDERR  ] 2018-07-17T11:28:38.051882152Z: [    0.451532] clocksource: jiffies: mask: 0xffffffff max_cycles: 0xffffffff, max_idle_ns: 19112604462750000 ns
[STDERR  ] 2018-07-17T11:28:38.051905289Z: [    0.452226] futex hash table entries: 256 (order: 2, 16384 bytes)
[STDERR  ] 2018-07-17T11:28:38.051925088Z: [    0.460522] NET: Registered protocol family 16
[STDERR  ] 2018-07-17T11:28:38.051944639Z: [    0.465767] cpuidle: using governor ladder
[STDERR  ] 2018-07-17T11:28:38.051963724Z: [    0.466240] cpuidle: using governor menu
[STDERR  ] 2018-07-17T11:28:38.051982209Z: [    0.467493] ACPI: bus type PCI registered
[STDERR  ] 2018-07-17T11:28:38.052000978Z: [    0.469604] PCI: MMCONFIG for domain 0000 [bus 00-ff] at [mem 0xb0000000-0xbfffffff] (base 0xb0000000)
[STDERR  ] 2018-07-17T11:28:38.052020715Z: [    0.470240] PCI: MMCONFIG at [mem 0xb0000000-0xbfffffff] reserved in E820
[STDERR  ] 2018-07-17T11:28:38.052040540Z: [    0.471212] PCI: Using configuration type 1 for base access
[STDERR  ] 2018-07-17T11:28:38.052060482Z: [    0.511362] HugeTLB registered 2.00 MiB page size, pre-allocated 0 pages
[STDERR  ] 2018-07-17T11:28:38.052080471Z: [    0.520294] ACPI: Added _OSI(Module Device)
[STDERR  ] 2018-07-17T11:28:38.052099780Z: [    0.520608] ACPI: Added _OSI(Processor Device)
[STDERR  ] 2018-07-17T11:28:38.052124446Z: [    0.520848] ACPI: Added _OSI(3.0 _SCP Extensions)
[STDERR  ] 2018-07-17T11:28:38.052143510Z: [    0.521135] ACPI: Added _OSI(Processor Aggregator Device)
[STDERR  ] 2018-07-17T11:28:38.052162900Z: [    0.571323] ACPI: Interpreter enabled
[STDERR  ] 2018-07-17T11:28:38.052182672Z: [    0.572023] ACPI: (supports S0 S5)
[STDERR  ] 2018-07-17T11:28:38.052204950Z: [    0.572324] ACPI: Using IOAPIC for interrupt routing
[STDERR  ] 2018-07-17T11:28:38.052224447Z: [    0.573839] PCI: Using host bridge windows from ACPI; if necessary, use "pci=nocrs" and report a bug
[STDERR  ] 2018-07-17T11:28:38.052243774Z: [    0.576407] ACPI: Enabled 2 GPEs in block 00 to 3F
[STDERR  ] 2018-07-17T11:28:38.052265351Z: [    0.625821] ACPI: PCI Root Bridge [PCI0] (domain 0000 [bus 00-ff])
[STDERR  ] 2018-07-17T11:28:38.052285048Z: [    0.626631] acpi PNP0A08:00: _OSC: OS supports [ExtendedConfig ASPM ClockPM Segments MSI]
[STDERR  ] 2018-07-17T11:28:38.052306045Z: [    0.630323] acpi PNP0A08:00: _OSC: OS now controls [PCIeHotplug PME PCIeCapability]
[STDERR  ] 2018-07-17T11:28:38.052330150Z: [    0.633111] PCI host bridge to bus 0000:00
[STDERR  ] 2018-07-17T11:28:38.052349660Z: [    0.633613] pci_bus 0000:00: root bus resource [io  0x0000-0x0cf7 window]
[STDERR  ] 2018-07-17T11:28:38.052371876Z: [    0.634008] pci_bus 0000:00: root bus resource [io  0x0d00-0xffff window]
[STDERR  ] 2018-07-17T11:28:38.052403617Z: [    0.634394] pci_bus 0000:00: root bus resource [mem 0x000a0000-0x000bffff window]
[STDERR  ] 2018-07-17T11:28:38.052427584Z: [    0.634808] pci_bus 0000:00: root bus resource [mem 0xc0000000-0xfebfffff window]
[STDERR  ] 2018-07-17T11:28:38.052449883Z: [    0.635328] pci_bus 0000:00: root bus resource [bus 00-ff]
[STDERR  ] 2018-07-17T11:28:38.052468645Z: [    0.675655] pci 0000:00:1f.0: quirk: [io  0x0600-0x067f] claimed by ICH6 ACPI/GPIO/TCO
[STDERR  ] 2018-07-17T11:28:38.052488349Z: [    0.701977] ACPI: PCI Interrupt Link [LNKA] (IRQs 5 *10 11)
[STDERR  ] 2018-07-17T11:28:38.052507226Z: [    0.703528] ACPI: PCI Interrupt Link [LNKB] (IRQs 5 *10 11)
[STDERR  ] 2018-07-17T11:28:38.052525756Z: [    0.704814] ACPI: PCI Interrupt Link [LNKC] (IRQs 5 10 *11)
[STDERR  ] 2018-07-17T11:28:38.052544692Z: [    0.706243] ACPI: PCI Interrupt Link [LNKD] (IRQs 5 10 *11)
[STDERR  ] 2018-07-17T11:28:38.052563582Z: [    0.707654] ACPI: PCI Interrupt Link [LNKE] (IRQs 5 *10 11)
[STDERR  ] 2018-07-17T11:28:38.052582526Z: [    0.708990] ACPI: PCI Interrupt Link [LNKF] (IRQs 5 *10 11)
[STDERR  ] 2018-07-17T11:28:38.052601886Z: [    0.710657] ACPI: PCI Interrupt Link [LNKG] (IRQs 5 10 *11)
[STDERR  ] 2018-07-17T11:28:38.052620766Z: [    0.711954] ACPI: PCI Interrupt Link [LNKH] (IRQs 5 10 *11)
[STDERR  ] 2018-07-17T11:28:38.052639942Z: [    0.712592] ACPI: PCI Interrupt Link [GSIA] (IRQs *16)
[STDERR  ] 2018-07-17T11:28:38.052659546Z: [    0.713107] ACPI: PCI Interrupt Link [GSIB] (IRQs *17)
[STDERR  ] 2018-07-17T11:28:38.052678704Z: [    0.713583] ACPI: PCI Interrupt Link [GSIC] (IRQs *18)
[STDERR  ] 2018-07-17T11:28:38.052700457Z: [    0.714114] ACPI: PCI Interrupt Link [GSID] (IRQs *19)
[STDERR  ] 2018-07-17T11:28:38.052719723Z: [    0.714579] ACPI: PCI Interrupt Link [GSIE] (IRQs *20)
[STDERR  ] 2018-07-17T11:28:38.052738405Z: [    0.715067] ACPI: PCI Interrupt Link [GSIF] (IRQs *21)
[STDERR  ] 2018-07-17T11:28:38.052757645Z: [    0.715538] ACPI: PCI Interrupt Link [GSIG] (IRQs *22)
[STDERR  ] 2018-07-17T11:28:38.052776264Z: [    0.716016] ACPI: PCI Interrupt Link [GSIH] (IRQs *23)
[STDERR  ] 2018-07-17T11:28:38.052795534Z: [    0.722788] SCSI subsystem initialized
[STDERR  ] 2018-07-17T11:28:38.052814695Z: [    0.724854] ACPI: bus type USB registered
[STDERR  ] 2018-07-17T11:28:38.052836111Z: [    0.725591] usbcore: registered new interface driver usbfs
[STDERR  ] 2018-07-17T11:28:38.052855032Z: [    0.726219] usbcore: registered new interface driver hub
[STDERR  ] 2018-07-17T11:28:38.052874420Z: [    0.726941] usbcore: registered new device driver usb
[STDERR  ] 2018-07-17T11:28:38.052933742Z: [    0.727811] pps_core: LinuxPPS API ver. 1 registered
[STDERR  ] 2018-07-17T11:28:38.052953636Z: [    0.728186] pps_core: Software ver. 5.3.6 - Copyright 2005-2007 Rodolfo Giometti <giometti@linux.it>
[STDERR  ] 2018-07-17T11:28:38.052980988Z: [    0.728982] PTP clock support registered
[STDERR  ] 2018-07-17T11:28:38.053019735Z: [    0.731033] PCI: Using ACPI for IRQ routing
[STDERR  ] 2018-07-17T11:28:38.053039637Z: [    0.744163] NetLabel: Initializing
[STDERR  ] 2018-07-17T11:28:38.053058593Z: [    0.744417] NetLabel:  domain hash size = 128
[STDERR  ] 2018-07-17T11:28:38.053096015Z: [    0.744685] NetLabel:  protocols = UNLABELED CIPSOv4 CALIPSO
[STDERR  ] 2018-07-17T11:28:38.053116017Z: [    0.746375] NetLabel:  unlabeled traffic allowed by default
[STDERR  ] 2018-07-17T11:28:38.053135216Z: [    0.747671] HPET: 3 timers in total, 0 timers will be used for per-cpu timer
[STDERR  ] 2018-07-17T11:28:38.053174697Z: [    0.748393] hpet0: at MMIO 0xfed00000, IRQs 2, 8, 0
[STDERR  ] 2018-07-17T11:28:38.053196035Z: [    0.748817] hpet0: 3 comparators, 64-bit 100.000000 MHz counter
[STDERR  ] 2018-07-17T11:28:38.053219785Z: [    0.755402] clocksource: Switched to clocksource hpet
[STDERR  ] 2018-07-17T11:28:38.053256713Z: [    0.969857] VFS: Disk quotas dquot_6.6.0
[STDERR  ] 2018-07-17T11:28:38.053285435Z: [    0.970726] VFS: Dquot-cache hash table entries: 512 (order 0, 4096 bytes)
[STDERR  ] 2018-07-17T11:28:38.053311921Z: [    0.972787] FS-Cache: Loaded
[STDERR  ] 2018-07-17T11:28:38.053351597Z: [    0.976831] CacheFiles: Loaded
[STDERR  ] 2018-07-17T11:28:38.053375803Z: [    0.977662] pnp: PnP ACPI init
[STDERR  ] 2018-07-17T11:28:38.053419350Z: [    0.985755] pnp: PnP ACPI: found 5 devices
[STDERR  ] 2018-07-17T11:28:38.053438828Z: [    1.018619] clocksource: acpi_pm: mask: 0xffffff max_cycles: 0xffffff, max_idle_ns: 2085701024 ns
[STDERR  ] 2018-07-17T11:28:38.053458543Z: [    1.021934] NET: Registered protocol family 2
[STDERR  ] 2018-07-17T11:28:38.053493788Z: [    1.027322] TCP established hash table entries: 8192 (order: 4, 65536 bytes)
[STDERR  ] 2018-07-17T11:28:38.053514666Z: [    1.027993] TCP bind hash table entries: 8192 (order: 5, 131072 bytes)
[STDERR  ] 2018-07-17T11:28:38.053534067Z: [    1.029025] TCP: Hash tables configured (established 8192 bind 8192)
[STDERR  ] 2018-07-17T11:28:38.053553637Z: [    1.031012] UDP hash table entries: 512 (order: 2, 16384 bytes)
[STDERR  ] 2018-07-17T11:28:38.053590259Z: [    1.031523] UDP-Lite hash table entries: 512 (order: 2, 16384 bytes)
[STDERR  ] 2018-07-17T11:28:38.053612931Z: [    1.033361] NET: Registered protocol family 1
[STDERR  ] 2018-07-17T11:28:38.053631871Z: [    1.034174] pci 0000:00:01.0: Video device with shadowed ROM at [mem 0x000c0000-0x000dffff]
[STDERR  ] 2018-07-17T11:28:38.053669351Z: [    1.038653] Trying to unpack rootfs image as initramfs...
[STDERR  ] 2018-07-17T11:28:38.053689330Z: [    4.747957] Freeing initrd memory: 27524K
[STDERR  ] 2018-07-17T11:28:38.053708126Z: [    4.767010] PCLMULQDQ-NI instructions are not detected.
[STDERR  ] 2018-07-17T11:28:38.053744023Z: [    4.768170] AVX or AES-NI instructions are not detected.
[STDERR  ] 2018-07-17T11:28:38.053767778Z: [    4.768720] CPU feature 'AVX registers' is not supported.
[STDERR  ] 2018-07-17T11:28:38.053786397Z: [    4.769214] CPU feature 'AVX registers' is not supported.
[STDERR  ] 2018-07-17T11:28:38.053820574Z: [    4.769721] CPU feature 'AVX registers' is not supported.
[STDERR  ] 2018-07-17T11:28:38.053844287Z: [    4.770465] CPU feature 'AVX registers' is not supported.
[STDERR  ] 2018-07-17T11:28:38.053863005Z: [    4.770830] AVX2 or AES-NI instructions are not detected.
[STDERR  ] 2018-07-17T11:28:38.053881433Z: [    4.771192] AVX2 instructions are not detected.
[STDERR  ] 2018-07-17T11:28:38.053917428Z: [    4.774754] audit: initializing netlink subsys (disabled)
[STDERR  ] 2018-07-17T11:28:38.053939143Z: [    4.776711] audit: type=2000 audit(1531826883.770:1): state=initialized audit_enabled=0 res=1
[STDERR  ] 2018-07-17T11:28:38.053961130Z: [    4.782006] workingset: timestamp_bits=46 max_order=18 bucket_order=0
[STDERR  ] 2018-07-17T11:28:38.053996801Z: [    4.785925] squashfs: version 4.0 (2009/01/31) Phillip Lougher
[STDERR  ] 2018-07-17T11:28:38.054016621Z: [    4.787783] FS-Cache: Netfs 'cifs' registered for caching
[STDERR  ] 2018-07-17T11:28:38.054035206Z: [    4.788522] fuse init (API version 7.26)
[STDERR  ] 2018-07-17T11:28:38.054073409Z: [    4.790867] SGI XFS with ACLs, security attributes, no debug enabled
[STDERR  ] 2018-07-17T11:28:38.054099771Z: [    4.793902] 9p: Installing v9fs 9p2000 file system support
[STDERR  ] 2018-07-17T11:28:38.054118962Z: [    4.794340] FS-Cache: Netfs '9p' registered for caching
[STDERR  ] 2018-07-17T11:28:38.054155051Z: [    4.822921] NET: Registered protocol family 38
[STDERR  ] 2018-07-17T11:28:38.054174855Z: [    4.823461] Key type asymmetric registered
[STDERR  ] 2018-07-17T11:28:38.054194430Z: [    4.823757] Asymmetric key parser 'x509' registered
[STDERR  ] 2018-07-17T11:28:38.054229409Z: [    4.824335] Block layer SCSI generic (bsg) driver version 0.4 loaded (major 247)
[STDERR  ] 2018-07-17T11:28:38.054256626Z: [    4.825478] io scheduler noop registered
[STDERR  ] 2018-07-17T11:28:38.054278466Z: [    4.825762] io scheduler deadline registered (default)
[STDERR  ] 2018-07-17T11:28:38.054338785Z: [    4.826418] io scheduler cfq registered
[STDERR  ] 2018-07-17T11:28:38.054359581Z: [    4.826668] io scheduler mq-deadline registered
[STDERR  ] 2018-07-17T11:28:38.054383818Z: [    4.826931] io scheduler kyber registered
[STDERR  ] 2018-07-17T11:28:38.054423812Z: [    4.829212] shpchp: Standard Hot Plug PCI Controller Driver version: 0.4
[STDERR  ] 2018-07-17T11:28:38.054445703Z: [    4.829862] hv_vmbus: registering driver hyperv_fb
[STDERR  ] 2018-07-17T11:28:38.054465222Z: [    4.833706] input: Power Button as /devices/LNXSYSTM:00/LNXPWRBN:00/input/input0
[STDERR  ] 2018-07-17T11:28:38.054499424Z: [    4.836022] ACPI: Power Button [PWRF]
[STDERR  ] 2018-07-17T11:28:38.054522930Z: [    4.848675] ACPI: PCI Interrupt Link [GSIG] enabled at IRQ 22
[STDERR  ] 2018-07-17T11:28:38.054541397Z: [    4.857740] ACPI: PCI Interrupt Link [GSIH] enabled at IRQ 23
[STDERR  ] 2018-07-17T11:28:38.054560098Z: [    4.862365] Serial: 8250/16550 driver, 4 ports, IRQ sharing disabled
[STDERR  ] 2018-07-17T11:28:38.054596736Z: [    4.887096] 00:04: ttyS0 at I/O 0x3f8 (irq = 4, base_baud = 115200) is a 16550A
[STDERR  ] 2018-07-17T11:28:38.054616022Z: [    4.894618] Non-volatile memory driver v1.3
[STDERR  ] 2018-07-17T11:28:38.054635459Z: [    4.899606] Hangcheck: starting hangcheck timer 0.9.1 (tick is 180 seconds, margin is 60 seconds).
[STDERR  ] 2018-07-17T11:28:38.054672088Z: [    4.907919] random: fast init done
[STDERR  ] 2018-07-17T11:28:38.054691162Z: [    4.908959] random: crng init done
[STDERR  ] 2018-07-17T11:28:38.054710458Z: [    4.950585] brd: module loaded
[STDERR  ] 2018-07-17T11:28:38.054746356Z: [    4.973976] loop: module loaded
[STDERR  ] 2018-07-17T11:28:38.054769829Z: [    5.019910] lpc_ich 0000:00:1f.0: I/O space for GPIO uninitialized
[STDERR  ] 2018-07-17T11:28:38.054788863Z: [    5.021829] VMware PVSCSI driver - version 1.0.7.0-k
[STDERR  ] 2018-07-17T11:28:38.054807387Z: [    5.022378] hv_vmbus: registering driver hv_storvsc
[STDERR  ] 2018-07-17T11:28:38.054848044Z: [    5.029139] ACPI: PCI Interrupt Link [GSIA] enabled at IRQ 16
[STDERR  ] 2018-07-17T11:28:38.054870760Z: [    5.034576] ahci 0000:00:1f.2: AHCI 0001.0000 32 slots 6 ports 1.5 Gbps 0x3f impl SATA mode
[STDERR  ] 2018-07-17T11:28:38.054889948Z: [    5.035174] ahci 0000:00:1f.2: flags: 64bit ncq only 
[STDERR  ] 2018-07-17T11:28:38.054929992Z: [    5.048310] scsi host0: ahci
[STDERR  ] 2018-07-17T11:28:38.054948932Z: [    5.051176] scsi host1: ahci
[STDERR  ] 2018-07-17T11:28:38.054971464Z: [    5.052592] scsi host2: ahci
[STDERR  ] 2018-07-17T11:28:38.055011414Z: [    5.054041] scsi host3: ahci
[STDERR  ] 2018-07-17T11:28:38.055030867Z: [    5.055381] scsi host4: ahci
[STDERR  ] 2018-07-17T11:28:38.055050004Z: [    5.056728] scsi host5: ahci
[STDERR  ] 2018-07-17T11:28:38.055090523Z: [    5.057862] ata1: SATA max UDMA/133 abar m4096@0xfebd2000 port 0xfebd2100 irq 24
[STDERR  ] 2018-07-17T11:28:38.055110857Z: [    5.058448] ata2: SATA max UDMA/133 abar m4096@0xfebd2000 port 0xfebd2180 irq 24
[STDERR  ] 2018-07-17T11:28:38.055129745Z: [    5.058968] ata3: SATA max UDMA/133 abar m4096@0xfebd2000 port 0xfebd2200 irq 24
[STDERR  ] 2018-07-17T11:28:38.055166264Z: [    5.059503] ata4: SATA max UDMA/133 abar m4096@0xfebd2000 port 0xfebd2280 irq 24
[STDERR  ] 2018-07-17T11:28:38.055186261Z: [    5.060025] ata5: SATA max UDMA/133 abar m4096@0xfebd2000 port 0xfebd2300 irq 24
[STDERR  ] 2018-07-17T11:28:38.055207973Z: [    5.060755] ata6: SATA max UDMA/133 abar m4096@0xfebd2000 port 0xfebd2380 irq 24
[STDERR  ] 2018-07-17T11:28:38.055243590Z: [    5.070299] tun: Universal TUN/TAP device driver, 1.6
[STDERR  ] 2018-07-17T11:28:38.055263069Z: [    5.079566] VMware vmxnet3 virtual NIC driver - version 1.4.a.0-k-NAPI
[STDERR  ] 2018-07-17T11:28:38.055281672Z: [    5.081389] hv_vmbus: registering driver hv_netvsc
[STDERR  ] 2018-07-17T11:28:38.055323813Z: [    5.081718] Fusion MPT base driver 3.04.20
[STDERR  ] 2018-07-17T11:28:38.055343584Z: [    5.081992] Copyright (c) 1999-2008 LSI Corporation
[STDERR  ] 2018-07-17T11:28:38.055362482Z: [    5.082465] Fusion MPT SPI Host driver 3.04.20
[STDERR  ] 2018-07-17T11:28:38.055403843Z: [    5.084149] i8042: PNP: PS/2 Controller [PNP0303:KBD,PNP0f13:MOU] at 0x60,0x64 irq 1,12
[STDERR  ] 2018-07-17T11:28:38.055426895Z: [    5.087595] serio: i8042 KBD port at 0x60,0x64 irq 1
[STDERR  ] 2018-07-17T11:28:38.055453397Z: [    5.088169] serio: i8042 AUX port at 0x60,0x64 irq 12
[STDERR  ] 2018-07-17T11:28:38.055489112Z: [    5.090674] hv_vmbus: registering driver hyperv_keyboard
[STDERR  ] 2018-07-17T11:28:38.055511138Z: [    5.092378] mousedev: PS/2 mouse device common for all mice
[STDERR  ] 2018-07-17T11:28:38.055529714Z: [    5.095772] input: AT Translated Set 2 keyboard as /devices/platform/i8042/serio0/input/input1
[STDERR  ] 2018-07-17T11:28:38.055564940Z: [    5.097763] input: PC Speaker as /devices/platform/pcspkr/input/input2
[STDERR  ] 2018-07-17T11:28:38.055584792Z: [    5.101214] rtc_cmos 00:00: RTC can wake from S4
[STDERR  ] 2018-07-17T11:28:38.055603494Z: [    5.103531] rtc_cmos 00:00: rtc core: registered rtc_cmos as rtc0
[STDERR  ] 2018-07-17T11:28:38.055622326Z: [    5.104548] rtc_cmos 00:00: alarms up to one day, y3k, 114 bytes nvram, hpet irqs
[STDERR  ] 2018-07-17T11:28:38.055658547Z: [    5.105196] i2c /dev entries driver
[STDERR  ] 2018-07-17T11:28:38.055680688Z: [    5.106698] device-mapper: ioctl: 4.37.0-ioctl (2017-09-20) initialised: dm-devel@redhat.com
[STDERR  ] 2018-07-17T11:28:38.055701547Z: [    5.110017] usbcore: registered new interface driver usbhid
[STDERR  ] 2018-07-17T11:28:38.055738151Z: [    5.110740] usbhid: USB HID core driver
[STDERR  ] 2018-07-17T11:28:38.055759186Z: [    5.111550] hv_utils: Registering HyperV Utility Driver
[STDERR  ] 2018-07-17T11:28:38.055778854Z: [    5.111888] hv_vmbus: registering driver hv_util
[STDERR  ] 2018-07-17T11:28:38.055815096Z: [    5.112170] hv_vmbus: registering driver hv_balloon
[STDERR  ] 2018-07-17T11:28:38.055839761Z: [    5.112604] oprofile: using NMI interrupt.
[STDERR  ] 2018-07-17T11:28:38.055859039Z: [    5.113498] GACT probability on
[STDERR  ] 2018-07-17T11:28:38.055907712Z: [    5.113843] Mirror/redirect action on
[STDERR  ] 2018-07-17T11:28:38.055926116Z: [    5.114292] Simple TC action Loaded
[STDERR  ] 2018-07-17T11:28:38.055944528Z: [    5.114668] u32 classifier
[STDERR  ] 2018-07-17T11:28:38.055981033Z: [    5.114837]     Performance counters on
[STDERR  ] 2018-07-17T11:28:38.055999972Z: [    5.115071]     input device check on
[STDERR  ] 2018-07-17T11:28:38.056018594Z: [    5.115318]     Actions configured
[STDERR  ] 2018-07-17T11:28:38.056036867Z: [    5.115860] Netfilter messages via NETLINK v0.30.
[STDERR  ] 2018-07-17T11:28:38.056075359Z: [    5.116285] nfnl_acct: registering with nfnetlink.
[STDERR  ] 2018-07-17T11:28:38.056094458Z: [    5.117276] nf_conntrack version 0.5.0 (8192 buckets, 32768 max)
[STDERR  ] 2018-07-17T11:28:38.056113298Z: [    5.119035] ctnetlink v0.93: registering with nfnetlink.
[STDERR  ] 2018-07-17T11:28:38.056148817Z: [    5.122250] nf_tables: (c) 2007-2009 Patrick McHardy <kaber@trash.net>
[STDERR  ] 2018-07-17T11:28:38.056167908Z: [    5.122931] nf_tables_compat: (c) 2012 Pablo Neira Ayuso <pablo@netfilter.org>
[STDERR  ] 2018-07-17T11:28:38.056187554Z: [    5.124825] xt_time: kernel timezone is -0000
[STDERR  ] 2018-07-17T11:28:38.056223716Z: [    5.125282] ip_set: protocol 6
[STDERR  ] 2018-07-17T11:28:38.056245735Z: [    5.125830] IPVS: Registered protocols (TCP, UDP, SCTP, AH, ESP)
[STDERR  ] 2018-07-17T11:28:38.056264163Z: [    5.126329] IPVS: Connection hash table configured (size=4096, memory=64Kbytes)
[STDERR  ] 2018-07-17T11:28:38.056300437Z: [    5.129421] IPVS: ipvs loaded.
[STDERR  ] 2018-07-17T11:28:38.056324208Z: [    5.129720] IPVS: [rr] scheduler registered.
[STDERR  ] 2018-07-17T11:28:38.056344808Z: [    5.130461] IPVS: [wrr] scheduler registered.
[STDERR  ] 2018-07-17T11:28:38.056393115Z: [    5.130731] IPVS: [lc] scheduler registered.
[STDERR  ] 2018-07-17T11:28:38.056412482Z: [    5.130991] IPVS: [wlc] scheduler registered.
[STDERR  ] 2018-07-17T11:28:38.056431929Z: [    5.131248] IPVS: [fo] scheduler registered.
[STDERR  ] 2018-07-17T11:28:38.056479209Z: [    5.131538] IPVS: [ovf] scheduler registered.
[STDERR  ] 2018-07-17T11:28:38.056498708Z: [    5.131919] IPVS: [lblc] scheduler registered.
[STDERR  ] 2018-07-17T11:28:38.056523037Z: [    5.132280] IPVS: [lblcr] scheduler registered.
[STDERR  ] 2018-07-17T11:28:38.056560140Z: [    5.132559] IPVS: [dh] scheduler registered.
[STDERR  ] 2018-07-17T11:28:38.056579480Z: [    5.132816] IPVS: [sh] scheduler registered.
[STDERR  ] 2018-07-17T11:28:38.056599301Z: [    5.133080] IPVS: [sed] scheduler registered.
[STDERR  ] 2018-07-17T11:28:38.056634517Z: [    5.133341] IPVS: [nq] scheduler registered.
[STDERR  ] 2018-07-17T11:28:38.056654218Z: [    5.133995] IPVS: ftp: loaded support on port[0] = 21
[STDERR  ] 2018-07-17T11:28:38.056683270Z: [    5.134845] ipip: IPv4 and MPLS over IPv4 tunneling driver
[STDERR  ] 2018-07-17T11:28:38.056725049Z: [    5.138409] gre: GRE over IPv4 demultiplexor driver
[STDERR  ] 2018-07-17T11:28:38.056744447Z: [    5.140996] ip_tables: (C) 2000-2006 Netfilter Core Team
[STDERR  ] 2018-07-17T11:28:38.056763991Z: [    5.143780] ipt_CLUSTERIP: ClusterIP Version 0.8 loaded successfully
[STDERR  ] 2018-07-17T11:28:38.056802335Z: [    5.144311] arp_tables: arp_tables: (C) 2002 David S. Miller
[STDERR  ] 2018-07-17T11:28:38.056821814Z: [    5.146075] NET: Registered protocol family 10
[STDERR  ] 2018-07-17T11:28:38.056841587Z: [    5.153657] Segment Routing with IPv6
[STDERR  ] 2018-07-17T11:28:38.056917006Z: [    5.154516] ip6_tables: (C) 2000-2006 Netfilter Core Team
[STDERR  ] 2018-07-17T11:28:38.056955580Z: [    5.160777] NET: Registered protocol family 17
[STDERR  ] 2018-07-17T11:28:38.056976689Z: [    5.161672] Bridge firewalling registered
[STDERR  ] 2018-07-17T11:28:38.056995710Z: [    5.162137] Ebtables v2.0 registered
[STDERR  ] 2018-07-17T11:28:38.057015292Z: [    5.163664] 8021q: 802.1Q VLAN Support v1.8
[STDERR  ] 2018-07-17T11:28:38.057054845Z: [    5.164775] 9pnet: Installing 9P2000 support
[STDERR  ] 2018-07-17T11:28:38.057084293Z: [    5.166046] Key type dns_resolver registered
[STDERR  ] 2018-07-17T11:28:38.057103491Z: [    5.167169] sched_clock: Marking stable (5160221230, 0)->(5269662985, -109441755)
[STDERR  ] 2018-07-17T11:28:38.057139554Z: [    5.170432] registered taskstats version 1
[STDERR  ] 2018-07-17T11:28:38.057162411Z: [    5.351236] Key type big_key registered
[STDERR  ] 2018-07-17T11:28:38.057194826Z: [    5.395772] ata2: SATA link down (SStatus 0 SControl 300)
[STDERR  ] 2018-07-17T11:28:38.057236730Z: [    5.397824] ata1: SATA link down (SStatus 0 SControl 300)
[STDERR  ] 2018-07-17T11:28:38.057283737Z: [    5.403950] ata4: SATA link down (SStatus 0 SControl 300)
[STDERR  ] 2018-07-17T11:28:38.057306641Z: [    5.404691] ata3: SATA link up 1.5 Gbps (SStatus 113 SControl 300)
[STDERR  ] 2018-07-17T11:28:38.057326424Z: [    5.407488] ata3.00: ATAPI: QEMU DVD-ROM, 2.5+, max UDMA/100
[STDERR  ] 2018-07-17T11:28:38.057346240Z: [    5.408023] ata3.00: applying bridge limits
[STDERR  ] 2018-07-17T11:28:38.057365292Z: [    5.414886] ata6: SATA link down (SStatus 0 SControl 300)
[STDERR  ] 2018-07-17T11:28:38.057390378Z: [    5.415424] ata5: SATA link down (SStatus 0 SControl 300)
[STDERR  ] 2018-07-17T11:28:38.057409891Z: [    5.416438] ata3.00: configured for UDMA/100
[STDERR  ] 2018-07-17T11:28:38.057428868Z: [    5.426229] scsi 2:0:0:0: CD-ROM            QEMU     QEMU DVD-ROM     2.5+ PQ: 0 ANSI: 5
[STDERR  ] 2018-07-17T11:28:38.057449545Z: [    5.446847] Key type trusted registered
[STDERR  ] 2018-07-17T11:28:38.057469102Z: [    5.463040] sr 2:0:0:0: [sr0] scsi3-mmc drive: 4x/4x cd/rw xa/form2 tray
[STDERR  ] 2018-07-17T11:28:38.057519058Z: [    5.463602] cdrom: Uniform CD-ROM driver Revision: 3.20
[STDERR  ] 2018-07-17T11:28:38.057538143Z: [    5.468175] sr 2:0:0:0: Attached scsi generic sg0 type 5
[STDERR  ] 2018-07-17T11:28:38.057562269Z: [    5.519048] Key type encrypted registered
[STDERR  ] 2018-07-17T11:28:38.057581442Z: [    5.519931] ima: No TPM chip found, activating TPM-bypass! (rc=-19)
[STDERR  ] 2018-07-17T11:28:38.057600539Z: [    5.521209] ima: Allocated hash algorithm: sha256
[STDERR  ] 2018-07-17T11:28:38.057619558Z: [    5.523417] evm: HMAC attrs: 0x1
[STDERR  ] 2018-07-17T11:28:38.057638615Z: [    5.526888] rtc_cmos 00:00: setting system clock to 2018-07-17 11:28:05 UTC (1531826885)
[STDERR  ] 2018-07-17T11:28:38.057661298Z: [    5.661996] Freeing unused kernel memory: 1512K
[STDERR  ] 2018-07-17T11:28:38.057680268Z: [    5.680813] Write protecting the kernel read-only data: 18432k
[STDERR  ] 2018-07-17T11:28:38.057699442Z: [    5.693088] Freeing unused kernel memory: 2024K
[STDERR  ] 2018-07-17T11:28:38.057718813Z: [    5.739565] Freeing unused kernel memory: 1100K
[STDERR  ] 2018-07-17T11:28:38.057737516Z: [    5.762307] tsc: Refined TSC clocksource calibration: 2599.815 MHz
[STDERR  ] 2018-07-17T11:28:38.057757153Z: [    5.762830] clocksource: tsc: mask: 0xffffffffffffffff max_cycles: 0x25798d52fc5, max_idle_ns: 440795319669 ns
[STDERR  ] 2018-07-17T11:28:38.057776260Z: [    6.779078] clocksource: Switched to clocksource tsc
[STDERR  ] 2018-07-17T11:28:38.057805110Z: 
[STDERR  ] 2018-07-17T11:28:38.057825329Z: Welcome to LinuxKit
[STDERR  ] 2018-07-17T11:28:38.057844933Z: 
[STDERR  ] 2018-07-17T11:28:38.057863844Z:                         ##         .
[STDERR  ] 2018-07-17T11:28:38.057901508Z:                   ## ## ##        ==
[STDERR  ] 2018-07-17T11:28:38.057921101Z:                ## ## ## ## ##    ===
[STDERR  ] 2018-07-17T11:28:38.057939933Z:            /"""""""""""""""""\___/ ===
[STDERR  ] 2018-07-17T11:28:38.057959241Z:           {                       /  ===-
[STDERR  ] 2018-07-17T11:28:38.057987119Z:            \______ O           __/
[STDERR  ] 2018-07-17T11:28:38.058006593Z:              \    \         __/
[STDERR  ] 2018-07-17T11:28:38.058026237Z:               \____\_______/
[STDERR  ] 2018-07-17T11:28:38.058054488Z: 
[STDERR  ] 2018-07-17T11:28:38.058075291Z: [   19.272407] RPC: Registered named UNIX socket transport module.
[STDERR  ] 2018-07-17T11:28:38.058094527Z: [   19.272841] RPC: Registered udp transport module.
[STDERR  ] 2018-07-17T11:28:38.058113745Z: [   19.273121] RPC: Registered tcp transport module.
[STDERR  ] 2018-07-17T11:28:38.058132734Z: [   19.273404] RPC: Registered tcp NFSv4.1 backchannel transport module.
[STDERR  ] 2018-07-17T11:28:38.058151732Z: [   19.383051] FS-Cache: Netfs 'nfs' registered for caching
[STDERR  ] 2018-07-17T11:28:38.058170863Z: [   19.499513] Installing knfsd (copyright (C) 1996 okir@monad.swb.de).
[STDERR  ] 2018-07-17T11:28:38.058189565Z: [   19.557344] ntfs: driver 2.1.32 [Flags: R/O MODULE].
[STDERR  ] 2018-07-17T11:28:38.058209260Z: starting kernel config sanity test with /proc/config.gz
[STDERR  ] 2018-07-17T11:28:38.058238052Z: kernel config test succeeded!
[STDERR  ] 2018-07-17T11:28:38.058257957Z: [37minfo: reading kernel config from /proc/config.gz ...[m
[STDERR  ] 2018-07-17T11:28:38.058276532Z: 
[STDERR  ] 2018-07-17T11:28:38.058295389Z: Generally Necessary:
[STDERR  ] 2018-07-17T11:28:38.058314716Z: - [37mcgroup hierarchy[m: [32mproperly mounted[m [/sys/fs/cgroup]
[STDERR  ] 2018-07-17T11:28:38.058340912Z: - [37mCONFIG_NAMESPACES[m: [32menabled[m
[STDERR  ] 2018-07-17T11:28:38.058360710Z: - [37mCONFIG_NET_NS[m: [32menabled[m
[STDERR  ] 2018-07-17T11:28:38.058386195Z: - [37mCONFIG_PID_NS[m: [32menabled[m
[STDERR  ] 2018-07-17T11:28:38.058404941Z: - [37mCONFIG_IPC_NS[m: [32menabled[m
[STDERR  ] 2018-07-17T11:28:38.058424711Z: - [37mCONFIG_UTS_NS[m: [32menabled[m
[STDERR  ] 2018-07-17T11:28:38.058444650Z: - [37mCONFIG_CGROUPS[m: [32menabled[m
[STDERR  ] 2018-07-17T11:28:38.058463714Z: - [37mCONFIG_CGROUP_CPUACCT[m: [32menabled[m
[STDERR  ] 2018-07-17T11:28:38.058482775Z: - [37mCONFIG_CGROUP_DEVICE[m: [32menabled[m
[STDERR  ] 2018-07-17T11:28:38.058501259Z: - [37mCONFIG_CGROUP_FREEZER[m: [32menabled[m
[STDERR  ] 2018-07-17T11:28:38.058525435Z: - [37mCONFIG_CGROUP_SCHED[m: [32menabled[m
[STDERR  ] 2018-07-17T11:28:38.058544528Z: - [37mCONFIG_CPUSETS[m: [32menabled[m
[STDERR  ] 2018-07-17T11:28:38.058563600Z: - [37mCONFIG_MEMCG[m: [32menabled[m
[STDERR  ] 2018-07-17T11:28:38.058606603Z: - [37mCONFIG_KEYS[m: [32menabled[m
[STDERR  ] 2018-07-17T11:28:38.058645846Z: - [37mCONFIG_VETH[m: [32menabled[m
[STDERR  ] 2018-07-17T11:28:38.058669582Z: - [37mCONFIG_BRIDGE[m: [32menabled[m
[STDERR  ] 2018-07-17T11:28:38.058701115Z: - [37mCONFIG_BRIDGE_NETFILTER[m: [32menabled[m
[STDERR  ] 2018-07-17T11:28:38.058721104Z: - [37mCONFIG_NF_NAT_IPV4[m: [32menabled[m
[STDERR  ] 2018-07-17T11:28:38.058744352Z: - [37mCONFIG_IP_NF_FILTER[m: [32menabled[m
[STDERR  ] 2018-07-17T11:28:38.058762536Z: - [37mCONFIG_IP_NF_TARGET_MASQUERADE[m: [32menabled[m
[STDERR  ] 2018-07-17T11:28:38.058786256Z: - [37mCONFIG_NETFILTER_XT_MATCH_ADDRTYPE[m: [32menabled[m
[STDERR  ] 2018-07-17T11:28:38.058805396Z: - [37mCONFIG_NETFILTER_XT_MATCH_CONNTRACK[m: [32menabled[m
[STDERR  ] 2018-07-17T11:28:38.058824800Z: - [37mCONFIG_NETFILTER_XT_MATCH_IPVS[m: [32menabled[m
[STDERR  ] 2018-07-17T11:28:38.058844475Z: - [37mCONFIG_IP_NF_NAT[m: [32menabled[m
[STDERR  ] 2018-07-17T11:28:38.058864195Z: - [37mCONFIG_NF_NAT[m: [32menabled[m
[STDERR  ] 2018-07-17T11:28:38.058883305Z: - [37mCONFIG_NF_NAT_NEEDED[m: [32menabled[m
[STDERR  ] 2018-07-17T11:28:38.058902790Z: - [37mCONFIG_POSIX_MQUEUE[m: [32menabled[m
[STDERR  ] 2018-07-17T11:28:38.058922605Z: 
[STDERR  ] 2018-07-17T11:28:38.058942355Z: Optional Features:
[STDERR  ] 2018-07-17T11:28:38.058962984Z: - [37mCONFIG_USER_NS[m: [32menabled[m
[STDERR  ] 2018-07-17T11:28:38.058981744Z: - [37mCONFIG_SECCOMP[m: [32menabled[m
[STDERR  ] 2018-07-17T11:28:38.058999346Z: - [37mCONFIG_CGROUP_PIDS[m: [32menabled[m
[STDERR  ] 2018-07-17T11:28:38.059018345Z: - [37mCONFIG_MEMCG_SWAP[m: [32menabled[m
[STDERR  ] 2018-07-17T11:28:38.059037717Z: - [37mCONFIG_MEMCG_SWAP_ENABLED[m: [32menabled[m
[STDERR  ] 2018-07-17T11:28:38.059065759Z:     [1;30m(cgroup swap accounting is currently enabled)[m
[STDERR  ] 2018-07-17T11:28:38.059085238Z: - [1mCONFIG_LEGACY_VSYSCALL_NONE[m: [1;31menabled[m
[STDERR  ] 2018-07-17T11:28:38.059104600Z:     [1;30m(containers using eglibc <= 2.13 will not work. Switch to[m
[STDERR  ] 2018-07-17T11:28:38.059123581Z:     [1;30m "CONFIG_VSYSCALL_[NATIVE|EMULATE]" or use "vsyscall=[native|emulate]"[m
[STDERR  ] 2018-07-17T11:28:38.059142768Z:     [1;30m on kernel command line. Note that this will disable ASLR for the,[m
[STDERR  ] 2018-07-17T11:28:38.059161878Z:     [1;30m VDSO which may assist in exploiting security vulnerabilities.)[m
[STDERR  ] 2018-07-17T11:28:38.059181605Z: - [37mCONFIG_BLK_CGROUP[m: [32menabled[m
[STDERR  ] 2018-07-17T11:28:38.059200970Z: - [37mCONFIG_BLK_DEV_THROTTLING[m: [32menabled[m
[STDERR  ] 2018-07-17T11:28:38.059220499Z: - [37mCONFIG_IOSCHED_CFQ[m: [32menabled[m
[STDERR  ] 2018-07-17T11:28:38.059239137Z: - [37mCONFIG_CFQ_GROUP_IOSCHED[m: [32menabled[m
[STDERR  ] 2018-07-17T11:28:38.059258165Z: - [37mCONFIG_CGROUP_PERF[m: [32menabled[m
[STDERR  ] 2018-07-17T11:28:38.059277275Z: - [37mCONFIG_CGROUP_HUGETLB[m: [32menabled[m
[STDERR  ] 2018-07-17T11:28:38.059296591Z: - [37mCONFIG_NET_CLS_CGROUP[m: [32menabled[m
[STDERR  ] 2018-07-17T11:28:38.059316326Z: - [37mCONFIG_CGROUP_NET_PRIO[m: [32menabled[m
[STDERR  ] 2018-07-17T11:28:38.059335409Z: - [37mCONFIG_CFS_BANDWIDTH[m: [32menabled[m
[STDERR  ] 2018-07-17T11:28:38.059354393Z: - [37mCONFIG_FAIR_GROUP_SCHED[m: [32menabled[m
[STDERR  ] 2018-07-17T11:28:38.059388894Z: - [37mCONFIG_RT_GROUP_SCHED[m: [32menabled[m
[STDERR  ] 2018-07-17T11:28:38.059408569Z: - [37mCONFIG_IP_VS[m: [32menabled[m
[STDERR  ] 2018-07-17T11:28:38.059427431Z: - [37mCONFIG_IP_VS_NFCT[m: [32menabled[m
[STDERR  ] 2018-07-17T11:28:38.059446918Z: - [37mCONFIG_IP_VS_RR[m: [32menabled[m
[STDERR  ] 2018-07-17T11:28:38.059483704Z: - [37mCONFIG_EXT4_FS[m: [32menabled[m
[STDERR  ] 2018-07-17T11:28:38.059503333Z: - [37mCONFIG_EXT4_FS_POSIX_ACL[m: [32menabled[m
[STDERR  ] 2018-07-17T11:28:38.059522253Z: - [37mCONFIG_EXT4_FS_SECURITY[m: [32menabled[m
[STDERR  ] 2018-07-17T11:28:38.059541112Z: - Network Drivers:
[STDERR  ] 2018-07-17T11:28:38.059559828Z:   - "[34moverlay[m":
[STDERR  ] 2018-07-17T11:28:38.059603511Z:     - [37mCONFIG_VXLAN[m: [32menabled[m
[STDERR  ] 2018-07-17T11:28:38.059627268Z:       Optional (for encrypted networks):
[STDERR  ] 2018-07-17T11:28:38.059647087Z:       - [37mCONFIG_CRYPTO[m: [32menabled[m
[STDERR  ] 2018-07-17T11:28:38.059665398Z:       - [37mCONFIG_CRYPTO_AEAD[m: [32menabled[m
[STDERR  ] 2018-07-17T11:28:38.059684860Z:       - [37mCONFIG_CRYPTO_GCM[m: [32menabled[m
[STDERR  ] 2018-07-17T11:28:38.059703618Z:       - [37mCONFIG_CRYPTO_SEQIV[m: [32menabled[m
[STDERR  ] 2018-07-17T11:28:38.059723184Z:       - [37mCONFIG_CRYPTO_GHASH[m: [32menabled[m
[STDERR  ] 2018-07-17T11:28:38.059741931Z:       - [37mCONFIG_XFRM[m: [32menabled[m
[STDERR  ] 2018-07-17T11:28:38.059761463Z:       - [37mCONFIG_XFRM_USER[m: [32menabled (as module)[m
[STDERR  ] 2018-07-17T11:28:38.059780350Z:       - [37mCONFIG_XFRM_ALGO[m: [32menabled (as module)[m
[STDERR  ] 2018-07-17T11:28:38.059799007Z:       - [37mCONFIG_INET_ESP[m: [32menabled (as module)[m
[STDERR  ] 2018-07-17T11:28:38.059817988Z:       - [37mCONFIG_INET_XFRM_MODE_TRANSPORT[m: [32menabled (as module)[m
[STDERR  ] 2018-07-17T11:28:38.059846423Z:   - "[34mipvlan[m":
[STDERR  ] 2018-07-17T11:28:38.059869262Z:     - [37mCONFIG_IPVLAN[m: [32menabled[m
[STDERR  ] 2018-07-17T11:28:38.059887752Z:   - "[34mmacvlan[m":
[STDERR  ] 2018-07-17T11:28:38.059907381Z:     - [37mCONFIG_MACVLAN[m: [32menabled[m
[STDERR  ] 2018-07-17T11:28:38.059951144Z:     - [37mCONFIG_DUMMY[m: [32menabled (as module)[m
[STDERR  ] 2018-07-17T11:28:38.059969911Z:   - "[34mftp,tftp client in container[m":
[STDERR  ] 2018-07-17T11:28:38.059998394Z:     - [37mCONFIG_NF_NAT_FTP[m: [32menabled[m
[STDERR  ] 2018-07-17T11:28:38.060029906Z:     - [37mCONFIG_NF_CONNTRACK_FTP[m: [32menabled[m
[STDERR  ] 2018-07-17T11:28:38.060048340Z:     - [37mCONFIG_NF_NAT_TFTP[m: [32menabled[m
[STDERR  ] 2018-07-17T11:28:38.060067182Z:     - [37mCONFIG_NF_CONNTRACK_TFTP[m: [32menabled[m
[STDERR  ] 2018-07-17T11:28:38.060094935Z: - Storage Drivers:
[STDERR  ] 2018-07-17T11:28:38.060114460Z:   - "[34maufs[m":
[STDERR  ] 2018-07-17T11:28:38.060133749Z:     - [1mCONFIG_AUFS_FS[m: [1;31mmissing[m
[STDERR  ] 2018-07-17T11:28:38.060153048Z:   - "[34mbtrfs[m":
[STDERR  ] 2018-07-17T11:28:38.060172066Z:     - [37mCONFIG_BTRFS_FS[m: [32menabled (as module)[m
[STDERR  ] 2018-07-17T11:28:38.060191387Z:     - [37mCONFIG_BTRFS_FS_POSIX_ACL[m: [32menabled[m
[STDERR  ] 2018-07-17T11:28:38.060220809Z:   - "[34mdevicemapper[m":
[STDERR  ] 2018-07-17T11:28:38.060239966Z:     - [37mCONFIG_BLK_DEV_DM[m: [32menabled[m
[STDERR  ] 2018-07-17T11:28:38.060258874Z:     - [37mCONFIG_DM_THIN_PROVISIONING[m: [32menabled[m
[STDERR  ] 2018-07-17T11:28:38.060278078Z:   - "[34moverlay[m":
[STDERR  ] 2018-07-17T11:28:38.060297224Z:     - [37mCONFIG_OVERLAY_FS[m: [32menabled[m
[STDERR  ] 2018-07-17T11:28:38.060315531Z:   - "[34mzfs[m":
[STDERR  ] 2018-07-17T11:28:38.060335404Z:     - [1m/dev/zfs[m: [1;31mmissing[m
[STDERR  ] 2018-07-17T11:28:38.060354546Z:     - [1mzfs command[m: [1;31mmissing[m
[STDERR  ] 2018-07-17T11:28:38.060373632Z:     - [1mzpool command[m: [1;31mmissing[m
[STDERR  ] 2018-07-17T11:28:38.060399052Z: 
[STDERR  ] 2018-07-17T11:28:38.060418582Z: Limits:
[STDERR  ] 2018-07-17T11:28:38.060447419Z: [37m- /proc/sys/kernel/keys/root_maxkeys[m: [32m1000000[m
[STDERR  ] 2018-07-17T11:28:38.060465848Z: 
[STDERR  ] 2018-07-17T11:28:38.060484512Z: Kernel config test suite PASSED
[STDERR  ] 2018-07-17T11:28:38.060503930Z: [   37.731173] ACPI: Preparing to enter system sleep state S5
[STDERR  ] 2018-07-17T11:28:38.060527800Z: [   37.734860] reboot: Power down
[STDERR  ] 2018-07-17T11:28:38.060710372Z: + grep -q suite PASSED
[STDERR  ] 2018-07-17T11:28:38.062357922Z: + echo [    0.000000] Linux version 4.14.55-linuxkit (root@baf0c275cb44) (gcc version 6.4.0 (Alpine 6.4.0)) #1 SMP Sat Jul 14 12:37:09 UTC 2018
[STDERR  ] 2018-07-17T11:28:38.062407743Z: [    0.000000] Command line: console=ttyS0 console=ttyAMA0
[STDERR  ] 2018-07-17T11:28:38.062429371Z: [    0.000000] x86/fpu: x87 FPU will use FXSAVE
[STDERR  ] 2018-07-17T11:28:38.062455611Z: [    0.000000] e820: BIOS-provided physical RAM map:
[STDERR  ] 2018-07-17T11:28:38.062474190Z: [    0.000000] BIOS-e820: [mem 0x0000000000000000-0x000000000009fbff] usable
[STDERR  ] 2018-07-17T11:28:38.062492551Z: [    0.000000] BIOS-e820: [mem 0x000000000009fc00-0x000000000009ffff] reserved
[STDERR  ] 2018-07-17T11:28:38.062614762Z: [    0.000000] BIOS-e820: [mem 0x00000000000f0000-0x00000000000fffff] reserved
[STDERR  ] 2018-07-17T11:28:38.062633480Z: [    0.000000] BIOS-e820: [mem 0x0000000000100000-0x000000003ffdefff] usable
[STDERR  ] 2018-07-17T11:28:38.062651765Z: [    0.000000] BIOS-e820: [mem 0x000000003ffdf000-0x000000003fffffff] reserved
[STDERR  ] 2018-07-17T11:28:38.062670712Z: [    0.000000] BIOS-e820: [mem 0x00000000b0000000-0x00000000bfffffff] reserved
[STDERR  ] 2018-07-17T11:28:38.062689228Z: [    0.000000] BIOS-e820: [mem 0x00000000fed1c000-0x00000000fed1ffff] reserved
[STDERR  ] 2018-07-17T11:28:38.062708769Z: [    0.000000] BIOS-e820: [mem 0x00000000fffc0000-0x00000000ffffffff] reserved
[STDERR  ] 2018-07-17T11:28:38.062728593Z: [    0.000000] NX (Execute Disable) protection: active
[STDERR  ] 2018-07-17T11:28:38.062748069Z: [    0.000000] SMBIOS 2.8 present.
[STDERR  ] 2018-07-17T11:28:38.062767135Z: [    0.000000] DMI: QEMU Standard PC (Q35 + ICH9, 2009), BIOS 1.10.2-1 04/01/2014
[STDERR  ] 2018-07-17T11:28:38.062785413Z: [    0.000000] tsc: Fast TSC calibration failed
[STDERR  ] 2018-07-17T11:28:38.062805727Z: [    0.000000] tsc: Unable to calibrate against PIT
[STDERR  ] 2018-07-17T11:28:38.062824698Z: [    0.000000] tsc: No reference (HPET/PMTIMER) available
[STDERR  ] 2018-07-17T11:28:38.062843505Z: [    0.000000] e820: last_pfn = 0x3ffdf max_arch_pfn = 0x400000000
[STDERR  ] 2018-07-17T11:28:38.062864266Z: [    0.000000] x86/PAT: Configuration [0-7]: WB  WC  UC- UC  WB  WP  UC- WT  
[STDERR  ] 2018-07-17T11:28:38.062924898Z: [    0.000000] found SMP MP-table at [mem 0x000f6a90-0x000f6a9f] mapped at [ffffffffff200a90]
[STDERR  ] 2018-07-17T11:28:38.062945410Z: [    0.000000] RAMDISK: [mem 0x3e4ef000-0x3ffcffff]
[STDERR  ] 2018-07-17T11:28:38.062964871Z: [    0.000000] ACPI: Early table checksum verification disabled
[STDERR  ] 2018-07-17T11:28:38.062984466Z: [    0.000000] ACPI: RSDP 0x00000000000F68D0 000014 (v00 BOCHS )
[STDERR  ] 2018-07-17T11:28:38.063003661Z: [    0.000000] ACPI: RSDT 0x000000003FFE2404 000034 (v01 BOCHS  BXPCRSDT 00000001 BXPC 00000001)
[STDERR  ] 2018-07-17T11:28:38.063035476Z: [    0.000000] ACPI: FACP 0x000000003FFE22A4 000074 (v01 BOCHS  BXPCFACP 00000001 BXPC 00000001)
[STDERR  ] 2018-07-17T11:28:38.063056487Z: [    0.000000] ACPI: DSDT 0x000000003FFE0040 002264 (v01 BOCHS  BXPCDSDT 00000001 BXPC 00000001)
[STDERR  ] 2018-07-17T11:28:38.063075910Z: [    0.000000] ACPI: FACS 0x000000003FFE0000 000040
[STDERR  ] 2018-07-17T11:28:38.063094014Z: [    0.000000] ACPI: APIC 0x000000003FFE2318 000078 (v01 BOCHS  BXPCAPIC 00000001 BXPC 00000001)
[STDERR  ] 2018-07-17T11:28:38.063114324Z: [    0.000000] ACPI: HPET 0x000000003FFE2390 000038 (v01 BOCHS  BXPCHPET 00000001 BXPC 00000001)
[STDERR  ] 2018-07-17T11:28:38.063133894Z: [    0.000000] ACPI: MCFG 0x000000003FFE23C8 00003C (v01 BOCHS  BXPCMCFG 00000001 BXPC 00000001)
[STDERR  ] 2018-07-17T11:28:38.063162671Z: [    0.000000] Zone ranges:
[STDERR  ] 2018-07-17T11:28:38.063182435Z: [    0.000000]   DMA      [mem 0x0000000000001000-0x0000000000ffffff]
[STDERR  ] 2018-07-17T11:28:38.063210496Z: [    0.000000]   DMA32    [mem 0x0000000001000000-0x000000003ffdefff]
[STDERR  ] 2018-07-17T11:28:38.063236712Z: [    0.000000]   Normal   empty
[STDERR  ] 2018-07-17T11:28:38.063255380Z: [    0.000000]   Device   empty
[STDERR  ] 2018-07-17T11:28:38.063273645Z: [    0.000000] Movable zone start for each node
[STDERR  ] 2018-07-17T11:28:38.063293726Z: [    0.000000] Early memory node ranges
[STDERR  ] 2018-07-17T11:28:38.063312152Z: [    0.000000]   node   0: [mem 0x0000000000001000-0x000000000009efff]
[STDERR  ] 2018-07-17T11:28:38.063329979Z: [    0.000000]   node   0: [mem 0x0000000000100000-0x000000003ffdefff]
[STDERR  ] 2018-07-17T11:28:38.063359605Z: [    0.000000] Initmem setup node 0 [mem 0x0000000000001000-0x000000003ffdefff]
[STDERR  ] 2018-07-17T11:28:38.063377412Z: [    0.000000] ACPI: PM-Timer IO Port: 0x608
[STDERR  ] 2018-07-17T11:28:38.063396770Z: [    0.000000] ACPI: LAPIC_NMI (acpi_id[0xff] dfl dfl lint[0x1])
[STDERR  ] 2018-07-17T11:28:38.063424402Z: [    0.000000] IOAPIC[0]: apic_id 0, version 32, address 0xfec00000, GSI 0-23
[STDERR  ] 2018-07-17T11:28:38.063443423Z: [    0.000000] ACPI: INT_SRC_OVR (bus 0 bus_irq 0 global_irq 2 dfl dfl)
[STDERR  ] 2018-07-17T11:28:38.063461644Z: [    0.000000] ACPI: INT_SRC_OVR (bus 0 bus_irq 5 global_irq 5 high level)
[STDERR  ] 2018-07-17T11:28:38.063481212Z: [    0.000000] ACPI: INT_SRC_OVR (bus 0 bus_irq 9 global_irq 9 high level)
[STDERR  ] 2018-07-17T11:28:38.063499147Z: [    0.000000] ACPI: INT_SRC_OVR (bus 0 bus_irq 10 global_irq 10 high level)
[STDERR  ] 2018-07-17T11:28:38.063516511Z: [    0.000000] ACPI: INT_SRC_OVR (bus 0 bus_irq 11 global_irq 11 high level)
[STDERR  ] 2018-07-17T11:28:38.063535277Z: [    0.000000] Using ACPI (MADT) for SMP configuration information
[STDERR  ] 2018-07-17T11:28:38.063553428Z: [    0.000000] ACPI: HPET id: 0x8086a201 base: 0xfed00000
[STDERR  ] 2018-07-17T11:28:38.063571568Z: [    0.000000] smpboot: Allowing 1 CPUs, 0 hotplug CPUs
[STDERR  ] 2018-07-17T11:28:38.063589916Z: [    0.000000] e820: [mem 0x40000000-0xafffffff] available for PCI devices
[STDERR  ] 2018-07-17T11:28:38.063616389Z: [    0.000000] Booting paravirtualized kernel on bare hardware
[STDERR  ] 2018-07-17T11:28:38.063633823Z: [    0.000000] clocksource: refined-jiffies: mask: 0xffffffff max_cycles: 0xffffffff, max_idle_ns: 19112604462750000 ns
[STDERR  ] 2018-07-17T11:28:38.063652843Z: [    0.000000] random: get_random_bytes called from start_kernel+0x92/0x4cb with crng_init=0
[STDERR  ] 2018-07-17T11:28:38.063689800Z: [    0.000000] setup_percpu: NR_CPUS:128 nr_cpumask_bits:128 nr_cpu_ids:1 nr_node_ids:1
[STDERR  ] 2018-07-17T11:28:38.063708037Z: [    0.000000] percpu: Embedded 44 pages/cpu @ffff99a37e200000 s143256 r8192 d28776 u2097152
[STDERR  ] 2018-07-17T11:28:38.063726426Z: [    0.000000] Built 1 zonelists, mobility grouping on.  Total pages: 257896
[STDERR  ] 2018-07-17T11:28:38.063744495Z: [    0.000000] Kernel command line: console=ttyS0 console=ttyAMA0
[STDERR  ] 2018-07-17T11:28:38.063763293Z: [    0.000000] PID hash table entries: 4096 (order: 3, 32768 bytes)
[STDERR  ] 2018-07-17T11:28:38.063781548Z: [    0.000000] Dentry cache hash table entries: 131072 (order: 8, 1048576 bytes)
[STDERR  ] 2018-07-17T11:28:38.063799637Z: [    0.000000] Inode-cache hash table entries: 65536 (order: 7, 524288 bytes)
[STDERR  ] 2018-07-17T11:28:38.063817810Z: [    0.000000] Memory: 977268K/1048052K available (12300K kernel code, 1465K rwdata, 2996K rodata, 1512K init, 632K bss, 70784K reserved, 0K cma-reserved)
[STDERR  ] 2018-07-17T11:28:38.063836837Z: [    0.000000] ftrace: allocating 41047 entries in 161 pages
[STDERR  ] 2018-07-17T11:28:38.063854710Z: [    0.000000] Hierarchical RCU implementation.
[STDERR  ] 2018-07-17T11:28:38.063892233Z: [    0.000000] 	RCU restricting CPUs from NR_CPUS=128 to nr_cpu_ids=1.
[STDERR  ] 2018-07-17T11:28:38.063910479Z: [    0.000000] RCU: Adjusting geometry for rcu_fanout_leaf=16, nr_cpu_ids=1
[STDERR  ] 2018-07-17T11:28:38.063928250Z: [    0.000000] NR_IRQS: 8448, nr_irqs: 256, preallocated irqs: 16
[STDERR  ] 2018-07-17T11:28:38.063946588Z: [    0.000000] Console: colour VGA+ 80x25
[STDERR  ] 2018-07-17T11:28:38.063964574Z: [    0.000000] console [ttyS0] enabled
[STDERR  ] 2018-07-17T11:28:38.063987213Z: [    0.000000] clocksource: hpet: mask: 0xffffffff max_cycles: 0xffffffff, max_idle_ns: 19112604467 ns
[STDERR  ] 2018-07-17T11:28:38.064005489Z: [    0.010000] tsc: Fast TSC calibration using PIT
[STDERR  ] 2018-07-17T11:28:38.064024038Z: [    0.010000] tsc: Detected 2599.759 MHz processor
[STDERR  ] 2018-07-17T11:28:38.064041962Z: [    0.010000] Calibrating delay loop (skipped), value calculated using timer frequency.. 5199.51 BogoMIPS (lpj=25997590)
[STDERR  ] 2018-07-17T11:28:38.064064853Z: [    0.010000] pid_max: default: 32768 minimum: 301
[STDERR  ] 2018-07-17T11:28:38.064082966Z: [    0.010000] ACPI: Core revision 20170728
[STDERR  ] 2018-07-17T11:28:38.064102337Z: [    0.048140] ACPI: 1 ACPI AML tables successfully acquired and loaded
[STDERR  ] 2018-07-17T11:28:38.064129627Z: [    0.049679] Security Framework initialized
[STDERR  ] 2018-07-17T11:28:38.064148096Z: [    0.050161] Yama: becoming mindful.
[STDERR  ] 2018-07-17T11:28:38.064173620Z: [    0.051892] Mount-cache hash table entries: 2048 (order: 2, 16384 bytes)
[STDERR  ] 2018-07-17T11:28:38.064192048Z: [    0.052330] Mountpoint-cache hash table entries: 2048 (order: 2, 16384 bytes)
[STDERR  ] 2018-07-17T11:28:38.064209867Z: [    0.066192] Last level iTLB entries: 4KB 0, 2MB 0, 4MB 0
[STDERR  ] 2018-07-17T11:28:38.064228284Z: [    0.066647] Last level dTLB entries: 4KB 0, 2MB 0, 4MB 0, 1GB 0
[STDERR  ] 2018-07-17T11:28:38.064246562Z: [    0.067079] Spectre V2 : Spectre mitigation: LFENCE not serializing, switching to generic retpoline
[STDERR  ] 2018-07-17T11:28:38.064265914Z: [    0.067617] Spectre V2 : Mitigation: Full generic retpoline
[STDERR  ] 2018-07-17T11:28:38.064283898Z: [    0.068045] Spectre V2 : Spectre v2 mitigation: Filling RSB on context switch
[STDERR  ] 2018-07-17T11:28:38.064302140Z: [    0.068657] Speculative Store Bypass: Vulnerable
[STDERR  ] 2018-07-17T11:28:38.064320159Z: [    0.294056] Freeing SMP alternatives memory: 20K
[STDERR  ] 2018-07-17T11:28:38.064338153Z: [    0.309650] smpboot: Max logical packages: 1
[STDERR  ] 2018-07-17T11:28:38.064356089Z: [    0.313955] ..TIMER: vector=0x30 apic1=0 pin1=2 apic2=-1 pin2=-1
[STDERR  ] 2018-07-17T11:28:38.064382594Z: [    0.420000] smpboot: CPU0: AMD QEMU Virtual CPU version 2.5+ (family: 0x6, model: 0x6, stepping: 0x3)
[STDERR  ] 2018-07-17T11:28:38.064401161Z: [    0.420000] Performance Events: PMU not available due to virtualization, using software events only.
[STDERR  ] 2018-07-17T11:28:38.064434347Z: [    0.420000] Hierarchical SRCU implementation.
[STDERR  ] 2018-07-17T11:28:38.064452451Z: [    0.423775] NMI watchdog: Perf event create on CPU 0 failed with -2
[STDERR  ] 2018-07-17T11:28:38.064479920Z: [    0.424178] NMI watchdog: Perf NMI watchdog permanently disabled
[STDERR  ] 2018-07-17T11:28:38.064498212Z: [    0.427060] smp: Bringing up secondary CPUs ...
[STDERR  ] 2018-07-17T11:28:38.064516275Z: [    0.427502] smp: Brought up 1 node, 1 CPU
[STDERR  ] 2018-07-17T11:28:38.064534338Z: [    0.427875] smpboot: Total of 1 processors activated (5199.51 BogoMIPS)
[STDERR  ] 2018-07-17T11:28:38.064552455Z: [    0.440766] devtmpfs: initialized
[STDERR  ] 2018-07-17T11:28:38.064570523Z: [    0.444027] x86/mm: Memory block size: 128MB
[STDERR  ] 2018-07-17T11:28:38.064588525Z: [    0.448472] evm: security.ima
[STDERR  ] 2018-07-17T11:28:38.064614165Z: [    0.448699] evm: security.capability
[STDERR  ] 2018-07-17T11:28:38.064632150Z: [    0.451532] clocksource: jiffies: mask: 0xffffffff max_cycles: 0xffffffff, max_idle_ns: 19112604462750000 ns
[STDERR  ] 2018-07-17T11:28:38.064650115Z: [    0.452226] futex hash table entries: 256 (order: 2, 16384 bytes)
[STDERR  ] 2018-07-17T11:28:38.064672497Z: [    0.460522] NET: Registered protocol family 16
[STDERR  ] 2018-07-17T11:28:38.064690498Z: [    0.465767] cpuidle: using governor ladder
[STDERR  ] 2018-07-17T11:28:38.064708602Z: [    0.466240] cpuidle: using governor menu
[STDERR  ] 2018-07-17T11:28:38.064726654Z: [    0.467493] ACPI: bus type PCI registered
[STDERR  ] 2018-07-17T11:28:38.064748970Z: [    0.469604] PCI: MMCONFIG for domain 0000 [bus 00-ff] at [mem 0xb0000000-0xbfffffff] (base 0xb0000000)
[STDERR  ] 2018-07-17T11:28:38.064767295Z: [    0.470240] PCI: MMCONFIG at [mem 0xb0000000-0xbfffffff] reserved in E820
[STDERR  ] 2018-07-17T11:28:38.064785284Z: [    0.471212] PCI: Using configuration type 1 for base access
[STDERR  ] 2018-07-17T11:28:38.064803267Z: [    0.511362] HugeTLB registered 2.00 MiB page size, pre-allocated 0 pages
[STDERR  ] 2018-07-17T11:28:38.064824730Z: [    0.520294] ACPI: Added _OSI(Module Device)
[STDERR  ] 2018-07-17T11:28:38.064842744Z: [    0.520608] ACPI: Added _OSI(Processor Device)
[STDERR  ] 2018-07-17T11:28:38.064861890Z: [    0.520848] ACPI: Added _OSI(3.0 _SCP Extensions)
[STDERR  ] 2018-07-17T11:28:38.064921540Z: [    0.521135] ACPI: Added _OSI(Processor Aggregator Device)
[STDERR  ] 2018-07-17T11:28:38.064940790Z: [    0.571323] ACPI: Interpreter enabled
[STDERR  ] 2018-07-17T11:28:38.064958485Z: [    0.572023] ACPI: (supports S0 S5)
[STDERR  ] 2018-07-17T11:28:38.064976640Z: [    0.572324] ACPI: Using IOAPIC for interrupt routing
[STDERR  ] 2018-07-17T11:28:38.064995294Z: [    0.573839] PCI: Using host bridge windows from ACPI; if necessary, use "pci=nocrs" and report a bug
[STDERR  ] 2018-07-17T11:28:38.065013208Z: [    0.576407] ACPI: Enabled 2 GPEs in block 00 to 3F
[STDERR  ] 2018-07-17T11:28:38.065031066Z: [    0.625821] ACPI: PCI Root Bridge [PCI0] (domain 0000 [bus 00-ff])
[STDERR  ] 2018-07-17T11:28:38.065048919Z: [    0.626631] acpi PNP0A08:00: _OSC: OS supports [ExtendedConfig ASPM ClockPM Segments MSI]
[STDERR  ] 2018-07-17T11:28:38.065067135Z: [    0.630323] acpi PNP0A08:00: _OSC: OS now controls [PCIeHotplug PME PCIeCapability]
[STDERR  ] 2018-07-17T11:28:38.065085714Z: [    0.633111] PCI host bridge to bus 0000:00
[STDERR  ] 2018-07-17T11:28:38.065103764Z: [    0.633613] pci_bus 0000:00: root bus resource [io  0x0000-0x0cf7 window]
[STDERR  ] 2018-07-17T11:28:38.065121529Z: [    0.634008] pci_bus 0000:00: root bus resource [io  0x0d00-0xffff window]
[STDERR  ] 2018-07-17T11:28:38.065144803Z: [    0.634394] pci_bus 0000:00: root bus resource [mem 0x000a0000-0x000bffff window]
[STDERR  ] 2018-07-17T11:28:38.065162692Z: [    0.634808] pci_bus 0000:00: root bus resource [mem 0xc0000000-0xfebfffff window]
[STDERR  ] 2018-07-17T11:28:38.065190482Z: [    0.635328] pci_bus 0000:00: root bus resource [bus 00-ff]
[STDERR  ] 2018-07-17T11:28:38.065208241Z: [    0.675655] pci 0000:00:1f.0: quirk: [io  0x0600-0x067f] claimed by ICH6 ACPI/GPIO/TCO
[STDERR  ] 2018-07-17T11:28:38.065226379Z: [    0.701977] ACPI: PCI Interrupt Link [LNKA] (IRQs 5 *10 11)
[STDERR  ] 2018-07-17T11:28:38.065244304Z: [    0.703528] ACPI: PCI Interrupt Link [LNKB] (IRQs 5 *10 11)
[STDERR  ] 2018-07-17T11:28:38.065262723Z: [    0.704814] ACPI: PCI Interrupt Link [LNKC] (IRQs 5 10 *11)
[STDERR  ] 2018-07-17T11:28:38.065280546Z: [    0.706243] ACPI: PCI Interrupt Link [LNKD] (IRQs 5 10 *11)
[STDERR  ] 2018-07-17T11:28:38.065307299Z: [    0.707654] ACPI: PCI Interrupt Link [LNKE] (IRQs 5 *10 11)
[STDERR  ] 2018-07-17T11:28:38.065325532Z: [    0.708990] ACPI: PCI Interrupt Link [LNKF] (IRQs 5 *10 11)
[STDERR  ] 2018-07-17T11:28:38.065343470Z: [    0.710657] ACPI: PCI Interrupt Link [LNKG] (IRQs 5 10 *11)
[STDERR  ] 2018-07-17T11:28:38.065361465Z: [    0.711954] ACPI: PCI Interrupt Link [LNKH] (IRQs 5 10 *11)
[STDERR  ] 2018-07-17T11:28:38.065379118Z: [    0.712592] ACPI: PCI Interrupt Link [GSIA] (IRQs *16)
[STDERR  ] 2018-07-17T11:28:38.065397080Z: [    0.713107] ACPI: PCI Interrupt Link [GSIB] (IRQs *17)
[STDERR  ] 2018-07-17T11:28:38.065414960Z: [    0.713583] ACPI: PCI Interrupt Link [GSIC] (IRQs *18)
[STDERR  ] 2018-07-17T11:28:38.065432630Z: [    0.714114] ACPI: PCI Interrupt Link [GSID] (IRQs *19)
[STDERR  ] 2018-07-17T11:28:38.065450481Z: [    0.714579] ACPI: PCI Interrupt Link [GSIE] (IRQs *20)
[STDERR  ] 2018-07-17T11:28:38.065468205Z: [    0.715067] ACPI: PCI Interrupt Link [GSIF] (IRQs *21)
[STDERR  ] 2018-07-17T11:28:38.065486269Z: [    0.715538] ACPI: PCI Interrupt Link [GSIG] (IRQs *22)
[STDERR  ] 2018-07-17T11:28:38.065507956Z: [    0.716016] ACPI: PCI Interrupt Link [GSIH] (IRQs *23)
[STDERR  ] 2018-07-17T11:28:38.065535653Z: [    0.722788] SCSI subsystem initialized
[STDERR  ] 2018-07-17T11:28:38.065553684Z: [    0.724854] ACPI: bus type USB registered
[STDERR  ] 2018-07-17T11:28:38.065571404Z: [    0.725591] usbcore: registered new interface driver usbfs
[STDERR  ] 2018-07-17T11:28:38.065593193Z: [    0.726219] usbcore: registered new interface driver hub
[STDERR  ] 2018-07-17T11:28:38.065611064Z: [    0.726941] usbcore: registered new device driver usb
[STDERR  ] 2018-07-17T11:28:38.065629856Z: [    0.727811] pps_core: LinuxPPS API ver. 1 registered
[STDERR  ] 2018-07-17T11:28:38.065647587Z: [    0.728186] pps_core: Software ver. 5.3.6 - Copyright 2005-2007 Rodolfo Giometti <giometti@linux.it>
[STDERR  ] 2018-07-17T11:28:38.065665705Z: [    0.728982] PTP clock support registered
[STDERR  ] 2018-07-17T11:28:38.065683880Z: [    0.731033] PCI: Using ACPI for IRQ routing
[STDERR  ] 2018-07-17T11:28:38.065701904Z: [    0.744163] NetLabel: Initializing
[STDERR  ] 2018-07-17T11:28:38.065719478Z: [    0.744417] NetLabel:  domain hash size = 128
[STDERR  ] 2018-07-17T11:28:38.065737403Z: [    0.744685] NetLabel:  protocols = UNLABELED CIPSOv4 CALIPSO
[STDERR  ] 2018-07-17T11:28:38.065755083Z: [    0.746375] NetLabel:  unlabeled traffic allowed by default
[STDERR  ] 2018-07-17T11:28:38.065773119Z: [    0.747671] HPET: 3 timers in total, 0 timers will be used for per-cpu timer
[STDERR  ] 2018-07-17T11:28:38.065791327Z: [    0.748393] hpet0: at MMIO 0xfed00000, IRQs 2, 8, 0
[STDERR  ] 2018-07-17T11:28:38.065816874Z: [    0.748817] hpet0: 3 comparators, 64-bit 100.000000 MHz counter
[STDERR  ] 2018-07-17T11:28:38.065834918Z: [    0.755402] clocksource: Switched to clocksource hpet
[STDERR  ] 2018-07-17T11:28:38.065852442Z: [    0.969857] VFS: Disk quotas dquot_6.6.0
[STDERR  ] 2018-07-17T11:28:38.065885475Z: [    0.970726] VFS: Dquot-cache hash table entries: 512 (order 0, 4096 bytes)
[STDERR  ] 2018-07-17T11:28:38.065903771Z: [    0.972787] FS-Cache: Loaded
[STDERR  ] 2018-07-17T11:28:38.065921905Z: [    0.976831] CacheFiles: Loaded
[STDERR  ] 2018-07-17T11:28:38.065940012Z: [    0.977662] pnp: PnP ACPI init
[STDERR  ] 2018-07-17T11:28:38.065958137Z: [    0.985755] pnp: PnP ACPI: found 5 devices
[STDERR  ] 2018-07-17T11:28:38.065976378Z: [    1.018619] clocksource: acpi_pm: mask: 0xffffff max_cycles: 0xffffff, max_idle_ns: 2085701024 ns
[STDERR  ] 2018-07-17T11:28:38.065995515Z: [    1.021934] NET: Registered protocol family 2
[STDERR  ] 2018-07-17T11:28:38.066013050Z: [    1.027322] TCP established hash table entries: 8192 (order: 4, 65536 bytes)
[STDERR  ] 2018-07-17T11:28:38.066038824Z: [    1.027993] TCP bind hash table entries: 8192 (order: 5, 131072 bytes)
[STDERR  ] 2018-07-17T11:28:38.066056675Z: [    1.029025] TCP: Hash tables configured (established 8192 bind 8192)
[STDERR  ] 2018-07-17T11:28:38.066074895Z: [    1.031012] UDP hash table entries: 512 (order: 2, 16384 bytes)
[STDERR  ] 2018-07-17T11:28:38.066093153Z: [    1.031523] UDP-Lite hash table entries: 512 (order: 2, 16384 bytes)
[STDERR  ] 2018-07-17T11:28:38.066110911Z: [    1.033361] NET: Registered protocol family 1
[STDERR  ] 2018-07-17T11:28:38.066136483Z: [    1.034174] pci 0000:00:01.0: Video device with shadowed ROM at [mem 0x000c0000-0x000dffff]
[STDERR  ] 2018-07-17T11:28:38.066159445Z: [    1.038653] Trying to unpack rootfs image as initramfs...
[STDERR  ] 2018-07-17T11:28:38.066178175Z: [    4.747957] Freeing initrd memory: 27524K
[STDERR  ] 2018-07-17T11:28:38.066196116Z: [    4.767010] PCLMULQDQ-NI instructions are not detected.
[STDERR  ] 2018-07-17T11:28:38.066221216Z: [    4.768170] AVX or AES-NI instructions are not detected.
[STDERR  ] 2018-07-17T11:28:38.066239193Z: [    4.768720] CPU feature 'AVX registers' is not supported.
[STDERR  ] 2018-07-17T11:28:38.066256829Z: [    4.769214] CPU feature 'AVX registers' is not supported.
[STDERR  ] 2018-07-17T11:28:38.066274831Z: [    4.769721] CPU feature 'AVX registers' is not supported.
[STDERR  ] 2018-07-17T11:28:38.066296628Z: [    4.770465] CPU feature 'AVX registers' is not supported.
[STDERR  ] 2018-07-17T11:28:38.066314435Z: [    4.770830] AVX2 or AES-NI instructions are not detected.
[STDERR  ] 2018-07-17T11:28:38.066332241Z: [    4.771192] AVX2 instructions are not detected.
[STDERR  ] 2018-07-17T11:28:38.066349796Z: [    4.774754] audit: initializing netlink subsys (disabled)
[STDERR  ] 2018-07-17T11:28:38.066370827Z: [    4.776711] audit: type=2000 audit(1531826883.770:1): state=initialized audit_enabled=0 res=1
[STDERR  ] 2018-07-17T11:28:38.066389848Z: [    4.782006] workingset: timestamp_bits=46 max_order=18 bucket_order=0
[STDERR  ] 2018-07-17T11:28:38.066407753Z: [    4.785925] squashfs: version 4.0 (2009/01/31) Phillip Lougher
[STDERR  ] 2018-07-17T11:28:38.066425760Z: [    4.787783] FS-Cache: Netfs 'cifs' registered for caching
[STDERR  ] 2018-07-17T11:28:38.066443766Z: [    4.788522] fuse init (API version 7.26)
[STDERR  ] 2018-07-17T11:28:38.066465591Z: [    4.790867] SGI XFS with ACLs, security attributes, no debug enabled
[STDERR  ] 2018-07-17T11:28:38.066483908Z: [    4.793902] 9p: Installing v9fs 9p2000 file system support
[STDERR  ] 2018-07-17T11:28:38.066501839Z: [    4.794340] FS-Cache: Netfs '9p' registered for caching
[STDERR  ] 2018-07-17T11:28:38.066519556Z: [    4.822921] NET: Registered protocol family 38
[STDERR  ] 2018-07-17T11:28:38.066537912Z: [    4.823461] Key type asymmetric registered
[STDERR  ] 2018-07-17T11:28:38.066555482Z: [    4.823757] Asymmetric key parser 'x509' registered
[STDERR  ] 2018-07-17T11:28:38.066583852Z: [    4.824335] Block layer SCSI generic (bsg) driver version 0.4 loaded (major 247)
[STDERR  ] 2018-07-17T11:28:38.066609697Z: [    4.825478] io scheduler noop registered
[STDERR  ] 2018-07-17T11:28:38.066627584Z: [    4.825762] io scheduler deadline registered (default)
[STDERR  ] 2018-07-17T11:28:38.066645470Z: [    4.826418] io scheduler cfq registered
[STDERR  ] 2018-07-17T11:28:38.066663533Z: [    4.826668] io scheduler mq-deadline registered
[STDERR  ] 2018-07-17T11:28:38.066681587Z: [    4.826931] io scheduler kyber registered
[STDERR  ] 2018-07-17T11:28:38.066699148Z: [    4.829212] shpchp: Standard Hot Plug PCI Controller Driver version: 0.4
[STDERR  ] 2018-07-17T11:28:38.066717166Z: [    4.829862] hv_vmbus: registering driver hyperv_fb
[STDERR  ] 2018-07-17T11:28:38.066734952Z: [    4.833706] input: Power Button as /devices/LNXSYSTM:00/LNXPWRBN:00/input/input0
[STDERR  ] 2018-07-17T11:28:38.066752682Z: [    4.836022] ACPI: Power Button [PWRF]
[STDERR  ] 2018-07-17T11:28:38.066770844Z: [    4.848675] ACPI: PCI Interrupt Link [GSIG] enabled at IRQ 22
[STDERR  ] 2018-07-17T11:28:38.066788874Z: [    4.857740] ACPI: PCI Interrupt Link [GSIH] enabled at IRQ 23
[STDERR  ] 2018-07-17T11:28:38.066806672Z: [    4.862365] Serial: 8250/16550 driver, 4 ports, IRQ sharing disabled
[STDERR  ] 2018-07-17T11:28:38.066824624Z: [    4.887096] 00:04: ttyS0 at I/O 0x3f8 (irq = 4, base_baud = 115200) is a 16550A
[STDERR  ] 2018-07-17T11:28:38.066850150Z: [    4.894618] Non-volatile memory driver v1.3
[STDERR  ] 2018-07-17T11:28:38.066872733Z: [    4.899606] Hangcheck: starting hangcheck timer 0.9.1 (tick is 180 seconds, margin is 60 seconds).
[STDERR  ] 2018-07-17T11:28:38.066897002Z: [    4.907919] random: fast init done
[STDERR  ] 2018-07-17T11:28:38.066915079Z: [    4.908959] random: crng init done
[STDERR  ] 2018-07-17T11:28:38.066940644Z: [    4.950585] brd: module loaded
[STDERR  ] 2018-07-17T11:28:38.066958698Z: [    4.973976] loop: module loaded
[STDERR  ] 2018-07-17T11:28:38.066976527Z: [    5.019910] lpc_ich 0000:00:1f.0: I/O space for GPIO uninitialized
[STDERR  ] 2018-07-17T11:28:38.066994360Z: [    5.021829] VMware PVSCSI driver - version 1.0.7.0-k
[STDERR  ] 2018-07-17T11:28:38.067015700Z: [    5.022378] hv_vmbus: registering driver hv_storvsc
[STDERR  ] 2018-07-17T11:28:38.067033661Z: [    5.029139] ACPI: PCI Interrupt Link [GSIA] enabled at IRQ 16
[STDERR  ] 2018-07-17T11:28:38.067051939Z: [    5.034576] ahci 0000:00:1f.2: AHCI 0001.0000 32 slots 6 ports 1.5 Gbps 0x3f impl SATA mode
[STDERR  ] 2018-07-17T11:28:38.067080968Z: [    5.035174] ahci 0000:00:1f.2: flags: 64bit ncq only 
[STDERR  ] 2018-07-17T11:28:38.067098898Z: [    5.048310] scsi host0: ahci
[STDERR  ] 2018-07-17T11:28:38.067117067Z: [    5.051176] scsi host1: ahci
[STDERR  ] 2018-07-17T11:28:38.067142925Z: [    5.052592] scsi host2: ahci
[STDERR  ] 2018-07-17T11:28:38.067177959Z: [    5.054041] scsi host3: ahci
[STDERR  ] 2018-07-17T11:28:38.067196815Z: [    5.055381] scsi host4: ahci
[STDERR  ] 2018-07-17T11:28:38.067214760Z: [    5.056728] scsi host5: ahci
[STDERR  ] 2018-07-17T11:28:38.067238768Z: [    5.057862] ata1: SATA max UDMA/133 abar m4096@0xfebd2000 port 0xfebd2100 irq 24
[STDERR  ] 2018-07-17T11:28:38.067257298Z: [    5.058448] ata2: SATA max UDMA/133 abar m4096@0xfebd2000 port 0xfebd2180 irq 24
[STDERR  ] 2018-07-17T11:28:38.067274925Z: [    5.058968] ata3: SATA max UDMA/133 abar m4096@0xfebd2000 port 0xfebd2200 irq 24
[STDERR  ] 2018-07-17T11:28:38.067296522Z: [    5.059503] ata4: SATA max UDMA/133 abar m4096@0xfebd2000 port 0xfebd2280 irq 24
[STDERR  ] 2018-07-17T11:28:38.067314532Z: [    5.060025] ata5: SATA max UDMA/133 abar m4096@0xfebd2000 port 0xfebd2300 irq 24
[STDERR  ] 2018-07-17T11:28:38.067339825Z: [    5.060755] ata6: SATA max UDMA/133 abar m4096@0xfebd2000 port 0xfebd2380 irq 24
[STDERR  ] 2018-07-17T11:28:38.067357543Z: [    5.070299] tun: Universal TUN/TAP device driver, 1.6
[STDERR  ] 2018-07-17T11:28:38.067375201Z: [    5.079566] VMware vmxnet3 virtual NIC driver - version 1.4.a.0-k-NAPI
[STDERR  ] 2018-07-17T11:28:38.067393455Z: [    5.081389] hv_vmbus: registering driver hv_netvsc
[STDERR  ] 2018-07-17T11:28:38.067411305Z: [    5.081718] Fusion MPT base driver 3.04.20
[STDERR  ] 2018-07-17T11:28:38.067429106Z: [    5.081992] Copyright (c) 1999-2008 LSI Corporation
[STDERR  ] 2018-07-17T11:28:38.067447272Z: [    5.082465] Fusion MPT SPI Host driver 3.04.20
[STDERR  ] 2018-07-17T11:28:38.067472547Z: [    5.084149] i8042: PNP: PS/2 Controller [PNP0303:KBD,PNP0f13:MOU] at 0x60,0x64 irq 1,12
[STDERR  ] 2018-07-17T11:28:38.067498966Z: [    5.087595] serio: i8042 KBD port at 0x60,0x64 irq 1
[STDERR  ] 2018-07-17T11:28:38.067524225Z: [    5.088169] serio: i8042 AUX port at 0x60,0x64 irq 12
[STDERR  ] 2018-07-17T11:28:38.067542063Z: [    5.090674] hv_vmbus: registering driver hyperv_keyboard
[STDERR  ] 2018-07-17T11:28:38.067559929Z: [    5.092378] mousedev: PS/2 mouse device common for all mice
[STDERR  ] 2018-07-17T11:28:38.067577865Z: [    5.095772] input: AT Translated Set 2 keyboard as /devices/platform/i8042/serio0/input/input1
[STDERR  ] 2018-07-17T11:28:38.067595887Z: [    5.097763] input: PC Speaker as /devices/platform/pcspkr/input/input2
[STDERR  ] 2018-07-17T11:28:38.067613739Z: [    5.101214] rtc_cmos 00:00: RTC can wake from S4
[STDERR  ] 2018-07-17T11:28:38.067631730Z: [    5.103531] rtc_cmos 00:00: rtc core: registered rtc_cmos as rtc0
[STDERR  ] 2018-07-17T11:28:38.067649777Z: [    5.104548] rtc_cmos 00:00: alarms up to one day, y3k, 114 bytes nvram, hpet irqs
[STDERR  ] 2018-07-17T11:28:38.067667550Z: [    5.105196] i2c /dev entries driver
[STDERR  ] 2018-07-17T11:28:38.067685110Z: [    5.106698] device-mapper: ioctl: 4.37.0-ioctl (2017-09-20) initialised: dm-devel@redhat.com
[STDERR  ] 2018-07-17T11:28:38.067703275Z: [    5.110017] usbcore: registered new interface driver usbhid
[STDERR  ] 2018-07-17T11:28:38.067720917Z: [    5.110740] usbhid: USB HID core driver
[STDERR  ] 2018-07-17T11:28:38.067738521Z: [    5.111550] hv_utils: Registering HyperV Utility Driver
[STDERR  ] 2018-07-17T11:28:38.067756965Z: [    5.111888] hv_vmbus: registering driver hv_util
[STDERR  ] 2018-07-17T11:28:38.067775423Z: [    5.112170] hv_vmbus: registering driver hv_balloon
[STDERR  ] 2018-07-17T11:28:38.067792935Z: [    5.112604] oprofile: using NMI interrupt.
[STDERR  ] 2018-07-17T11:28:38.067810619Z: [    5.113498] GACT probability on
[STDERR  ] 2018-07-17T11:28:38.067832273Z: [    5.113843] Mirror/redirect action on
[STDERR  ] 2018-07-17T11:28:38.067857391Z: [    5.114292] Simple TC action Loaded
[STDERR  ] 2018-07-17T11:28:38.067884806Z: [    5.114668] u32 classifier
[STDERR  ] 2018-07-17T11:28:38.067902984Z: [    5.114837]     Performance counters on
[STDERR  ] 2018-07-17T11:28:38.067920659Z: [    5.115071]     input device check on
[STDERR  ] 2018-07-17T11:28:38.067938344Z: [    5.115318]     Actions configured
[STDERR  ] 2018-07-17T11:28:38.067960989Z: [    5.115860] Netfilter messages via NETLINK v0.30.
[STDERR  ] 2018-07-17T11:28:38.067987402Z: [    5.116285] nfnl_acct: registering with nfnetlink.
[STDERR  ] 2018-07-17T11:28:38.068005523Z: [    5.117276] nf_conntrack version 0.5.0 (8192 buckets, 32768 max)
[STDERR  ] 2018-07-17T11:28:38.068023413Z: [    5.119035] ctnetlink v0.93: registering with nfnetlink.
[STDERR  ] 2018-07-17T11:28:38.068041508Z: [    5.122250] nf_tables: (c) 2007-2009 Patrick McHardy <kaber@trash.net>
[STDERR  ] 2018-07-17T11:28:38.068076672Z: [    5.122931] nf_tables_compat: (c) 2012 Pablo Neira Ayuso <pablo@netfilter.org>
[STDERR  ] 2018-07-17T11:28:38.068094559Z: [    5.124825] xt_time: kernel timezone is -0000
[STDERR  ] 2018-07-17T11:28:38.068111252Z: [    5.125282] ip_set: protocol 6
[STDERR  ] 2018-07-17T11:28:38.068129320Z: [    5.125830] IPVS: Registered protocols (TCP, UDP, SCTP, AH, ESP)
[STDERR  ] 2018-07-17T11:28:38.068147077Z: [    5.126329] IPVS: Connection hash table configured (size=4096, memory=64Kbytes)
[STDERR  ] 2018-07-17T11:28:38.068164880Z: [    5.129421] IPVS: ipvs loaded.
[STDERR  ] 2018-07-17T11:28:38.068182823Z: [    5.129720] IPVS: [rr] scheduler registered.
[STDERR  ] 2018-07-17T11:28:38.068200247Z: [    5.130461] IPVS: [wrr] scheduler registered.
[STDERR  ] 2018-07-17T11:28:38.068218089Z: [    5.130731] IPVS: [lc] scheduler registered.
[STDERR  ] 2018-07-17T11:28:38.068236133Z: [    5.130991] IPVS: [wlc] scheduler registered.
[STDERR  ] 2018-07-17T11:28:38.068259887Z: [    5.131248] IPVS: [fo] scheduler registered.
[STDERR  ] 2018-07-17T11:28:38.068278854Z: [    5.131538] IPVS: [ovf] scheduler registered.
[STDERR  ] 2018-07-17T11:28:38.068305489Z: [    5.131919] IPVS: [lblc] scheduler registered.
[STDERR  ] 2018-07-17T11:28:38.068323586Z: [    5.132280] IPVS: [lblcr] scheduler registered.
[STDERR  ] 2018-07-17T11:28:38.068341652Z: [    5.132559] IPVS: [dh] scheduler registered.
[STDERR  ] 2018-07-17T11:28:38.068359751Z: [    5.132816] IPVS: [sh] scheduler registered.
[STDERR  ] 2018-07-17T11:28:38.068377473Z: [    5.133080] IPVS: [sed] scheduler registered.
[STDERR  ] 2018-07-17T11:28:38.068395378Z: [    5.133341] IPVS: [nq] scheduler registered.
[STDERR  ] 2018-07-17T11:28:38.068418783Z: [    5.133995] IPVS: ftp: loaded support on port[0] = 21
[STDERR  ] 2018-07-17T11:28:38.068446017Z: [    5.134845] ipip: IPv4 and MPLS over IPv4 tunneling driver
[STDERR  ] 2018-07-17T11:28:38.068463646Z: [    5.138409] gre: GRE over IPv4 demultiplexor driver
[STDERR  ] 2018-07-17T11:28:38.068481321Z: [    5.140996] ip_tables: (C) 2000-2006 Netfilter Core Team
[STDERR  ] 2018-07-17T11:28:38.068499560Z: [    5.143780] ipt_CLUSTERIP: ClusterIP Version 0.8 loaded successfully
[STDERR  ] 2018-07-17T11:28:38.068517452Z: [    5.144311] arp_tables: arp_tables: (C) 2002 David S. Miller
[STDERR  ] 2018-07-17T11:28:38.068535337Z: [    5.146075] NET: Registered protocol family 10
[STDERR  ] 2018-07-17T11:28:38.068562239Z: [    5.153657] Segment Routing with IPv6
[STDERR  ] 2018-07-17T11:28:38.068580122Z: [    5.154516] ip6_tables: (C) 2000-2006 Netfilter Core Team
[STDERR  ] 2018-07-17T11:28:38.068598061Z: [    5.160777] NET: Registered protocol family 17
[STDERR  ] 2018-07-17T11:28:38.068616686Z: [    5.161672] Bridge firewalling registered
[STDERR  ] 2018-07-17T11:28:38.068634649Z: [    5.162137] Ebtables v2.0 registered
[STDERR  ] 2018-07-17T11:28:38.068652598Z: [    5.163664] 8021q: 802.1Q VLAN Support v1.8
[STDERR  ] 2018-07-17T11:28:38.068670462Z: [    5.164775] 9pnet: Installing 9P2000 support
[STDERR  ] 2018-07-17T11:28:38.068706034Z: [    5.166046] Key type dns_resolver registered
[STDERR  ] 2018-07-17T11:28:38.068728058Z: [    5.167169] sched_clock: Marking stable (5160221230, 0)->(5269662985, -109441755)
[STDERR  ] 2018-07-17T11:28:38.068746090Z: [    5.170432] registered taskstats version 1
[STDERR  ] 2018-07-17T11:28:38.068763806Z: [    5.351236] Key type big_key registered
[STDERR  ] 2018-07-17T11:28:38.068789539Z: [    5.395772] ata2: SATA link down (SStatus 0 SControl 300)
[STDERR  ] 2018-07-17T11:28:38.068807080Z: [    5.397824] ata1: SATA link down (SStatus 0 SControl 300)
[STDERR  ] 2018-07-17T11:28:38.068830569Z: [    5.403950] ata4: SATA link down (SStatus 0 SControl 300)
[STDERR  ] 2018-07-17T11:28:38.068853240Z: [    5.404691] ata3: SATA link up 1.5 Gbps (SStatus 113 SControl 300)
[STDERR  ] 2018-07-17T11:28:38.068871562Z: [    5.407488] ata3.00: ATAPI: QEMU DVD-ROM, 2.5+, max UDMA/100
[STDERR  ] 2018-07-17T11:28:38.069264537Z: [    5.408023] ata3.00: applying bridge limits
[STDERR  ] 2018-07-17T11:28:38.069310281Z: [    5.414886] ata6: SATA link down (SStatus 0 SControl 300)
[STDERR  ] 2018-07-17T11:28:38.069358661Z: [    5.415424] ata5: SATA link down (SStatus 0 SControl 300)
[STDERR  ] 2018-07-17T11:28:38.069413926Z: [    5.416438] ata3.00: configured for UDMA/100
[STDERR  ] 2018-07-17T11:28:38.069460384Z: [    5.426229] scsi 2:0:0:0: CD-ROM            QEMU     QEMU DVD-ROM     2.5+ PQ: 0 ANSI: 5
[STDERR  ] 2018-07-17T11:28:38.069506898Z: [    5.446847] Key type trusted registered
[STDERR  ] 2018-07-17T11:28:38.069552552Z: [    5.463040] sr 2:0:0:0: [sr0] scsi3-mmc drive: 4x/4x cd/rw xa/form2 tray
[STDERR  ] 2018-07-17T11:28:38.069596242Z: [    5.463602] cdrom: Uniform CD-ROM driver Revision: 3.20
[STDERR  ] 2018-07-17T11:28:38.069686100Z: [    5.468175] sr 2:0:0:0: Attached scsi generic sg0 type 5
[STDERR  ] 2018-07-17T11:28:38.069750508Z: [    5.519048] Key type encrypted registered
[STDERR  ] 2018-07-17T11:28:38.069820770Z: [    5.519931] ima: No TPM chip found, activating TPM-bypass! (rc=-19)
[STDERR  ] 2018-07-17T11:28:38.069901635Z: [    5.521209] ima: Allocated hash algorithm: sha256
[STDERR  ] 2018-07-17T11:28:38.069938215Z: [    5.523417] evm: HMAC attrs: 0x1
[STDERR  ] 2018-07-17T11:28:38.069958039Z: [    5.526888] rtc_cmos 00:00: setting system clock to 2018-07-17 11:28:05 UTC (1531826885)
[STDERR  ] 2018-07-17T11:28:38.069987032Z: [    5.661996] Freeing unused kernel memory: 1512K
[STDERR  ] 2018-07-17T11:28:38.070009049Z: [    5.680813] Write protecting the kernel read-only data: 18432k
[STDERR  ] 2018-07-17T11:28:38.070037889Z: [    5.693088] Freeing unused kernel memory: 2024K
[STDERR  ] 2018-07-17T11:28:38.070072099Z: [    5.739565] Freeing unused kernel memory: 1100K
[STDERR  ] 2018-07-17T11:28:38.070091665Z: [    5.762307] tsc: Refined TSC clocksource calibration: 2599.815 MHz
[PASS    ] linuxkit.kernel.config_4.14.x 52.82s
[STDERR  ] 2018-07-17T11:28:38.070112342Z: [    5.762830] clocksource: tsc: mask: 0xffffffffffffffff max_cycles: 0x25798d52fc5, max_idle_ns: 440795319669 ns
