[INFO    ] 2018-03-31T02:05:10.597898281Z: Running Test linuxkit.kernel.kmod_4.4.x in /tmp/build/test/cases/020_kernel/010_kmod_4.4.x
[INFO    ] 2018-03-31T02:05:10.598044252Z: Running command: [/bin/sh -x /tmp/build/test/cases/020_kernel/010_kmod_4.4.x/test.sh]
[STDERR  ] 2018-03-31T02:05:10.598128006Z: [    0.000000] random: fast init done
[STDERR  ] 2018-03-31T02:05:10.598150374Z: [    0.000000] SMBIOS 2.8 present.
[STDERR  ] 2018-03-31T02:05:10.598164803Z: [    0.000000] DMI: QEMU Standard PC (Q35 + ICH9, 2009), BIOS rel-1.10.2-0-g5f4c7b1-prebuilt.qemu-project.org 04/01/2014
[STDERR  ] 2018-03-31T02:05:10.598181012Z: [    0.000000] Hypervisor detected: KVM
[STDERR  ] 2018-03-31T02:05:10.598195027Z: [    0.000000] e820: last_pfn = 0x3ffdf max_arch_pfn = 0x400000000
[STDERR  ] 2018-03-31T02:05:10.598209332Z: [    0.000000] x86/PAT: PAT not supported by CPU.
[STDERR  ] 2018-03-31T02:05:10.598222467Z: [    0.000000] x86/PAT: Configuration [0-7]: WB  WT  UC- UC  WB  WT  UC- UC  
[STDERR  ] 2018-03-31T02:05:10.598231617Z: [    0.000000] found SMP MP-table at [mem 0x000f6aa0-0x000f6aaf] mapped at [        (ptrval)]
[STDERR  ] 2018-03-31T02:05:10.598241043Z: [    0.000000] RAMDISK: [mem 0x3e587000-0x3ffcffff]
[STDERR  ] 2018-03-31T02:05:10.598249810Z: [    0.000000] ACPI: Early table checksum verification disabled
[STDERR  ] 2018-03-31T02:05:10.598259277Z: [    0.000000] ACPI: RSDP 0x00000000000F68B0 000014 (v00 BOCHS )
[STDERR  ] 2018-03-31T02:05:10.598275204Z: [    0.000000] ACPI: RSDT 0x000000003FFE20A8 000034 (v01 BOCHS  BXPCRSDT 00000001 BXPC 00000001)
[STDERR  ] 2018-03-31T02:05:10.598294420Z: [    0.000000] ACPI: FACP 0x000000003FFE1EC8 0000F4 (v03 BOCHS  BXPCFACP 00000001 BXPC 00000001)
[STDERR  ] 2018-03-31T02:05:10.598303055Z: [    0.000000] ACPI: DSDT 0x000000003FFE0040 001E88 (v01 BOCHS  BXPCDSDT 00000001 BXPC 00000001)
[STDERR  ] 2018-03-31T02:05:10.598311619Z: [    0.000000] ACPI: FACS 0x000000003FFE0000 000040
[STDERR  ] 2018-03-31T02:05:10.598327939Z: [    0.000000] ACPI: APIC 0x000000003FFE1FBC 000078 (v01 BOCHS  BXPCAPIC 00000001 BXPC 00000001)
[STDERR  ] 2018-03-31T02:05:10.598336480Z: [    0.000000] ACPI: HPET 0x000000003FFE2034 000038 (v01 BOCHS  BXPCHPET 00000001 BXPC 00000001)
[STDERR  ] 2018-03-31T02:05:10.598344820Z: [    0.000000] ACPI: MCFG 0x000000003FFE206C 00003C (v01 BOCHS  BXPCMCFG 00000001 BXPC 00000001)
[STDERR  ] 2018-03-31T02:05:10.598353652Z: [    0.000000] kvm-clock: cpu 0, msr 0:3ffdc001, primary cpu clock
[STDERR  ] 2018-03-31T02:05:10.598362293Z: [    0.000000] kvm-clock: Using msrs 4b564d01 and 4b564d00
[STDERR  ] 2018-03-31T02:05:10.598370974Z: [    0.000000] clocksource: kvm-clock: mask: 0xffffffffffffffff max_cycles: 0x1cd42e4dffb, max_idle_ns: 881590591483 ns
[STDERR  ] 2018-03-31T02:05:10.598384837Z: [    0.000000] Zone ranges:
[STDERR  ] 2018-03-31T02:05:10.598393504Z: [    0.000000]   DMA      [mem 0x0000000000001000-0x0000000000ffffff]
[STDERR  ] 2018-03-31T02:05:10.598401510Z: [    0.000000]   DMA32    [mem 0x0000000001000000-0x000000003ffdefff]
[STDERR  ] 2018-03-31T02:05:10.598409628Z: [    0.000000]   Normal   empty
[STDERR  ] 2018-03-31T02:05:10.598422103Z: [    0.000000]   Device   empty
[STDERR  ] 2018-03-31T02:05:10.598430079Z: [    0.000000] Movable zone start for each node
[STDERR  ] 2018-03-31T02:05:10.598438455Z: [    0.000000] Early memory node ranges
[STDERR  ] 2018-03-31T02:05:10.598446627Z: [    0.000000]   node   0: [mem 0x0000000000001000-0x000000000009efff]
[STDERR  ] 2018-03-31T02:05:10.598454973Z: [    0.000000]   node   0: [mem 0x0000000000100000-0x000000003ffdefff]
[STDERR  ] 2018-03-31T02:05:10.598462987Z: [    0.000000] Initmem setup node 0 [mem 0x0000000000001000-0x000000003ffdefff]
[STDERR  ] 2018-03-31T02:05:10.598470895Z: [    0.000000] Reserved but unavailable: 98 pages
[STDERR  ] 2018-03-31T02:05:10.598478726Z: [    0.000000] ACPI: PM-Timer IO Port: 0x608
[STDERR  ] 2018-03-31T02:05:10.598487423Z: [    0.000000] ACPI: LAPIC_NMI (acpi_id[0xff] dfl dfl lint[0x1])
[STDERR  ] 2018-03-31T02:05:10.598495306Z: [    0.000000] IOAPIC[0]: apic_id 0, version 17, address 0xfec00000, GSI 0-23
[STDERR  ] 2018-03-31T02:05:10.598506970Z: [    0.000000] ACPI: INT_SRC_OVR (bus 0 bus_irq 0 global_irq 2 dfl dfl)
[STDERR  ] 2018-03-31T02:05:10.598519563Z: [    0.000000] ACPI: INT_SRC_OVR (bus 0 bus_irq 5 global_irq 5 high level)
[STDERR  ] 2018-03-31T02:05:10.598527400Z: [    0.000000] ACPI: INT_SRC_OVR (bus 0 bus_irq 9 global_irq 9 high level)
[STDERR  ] 2018-03-31T02:05:10.598534914Z: [    0.000000] ACPI: INT_SRC_OVR (bus 0 bus_irq 10 global_irq 10 high level)
[STDERR  ] 2018-03-31T02:05:10.598542830Z: [    0.000000] ACPI: INT_SRC_OVR (bus 0 bus_irq 11 global_irq 11 high level)
[STDERR  ] 2018-03-31T02:05:10.598550475Z: [    0.000000] Using ACPI (MADT) for SMP configuration information
[STDERR  ] 2018-03-31T02:05:10.598558390Z: [    0.000000] ACPI: HPET id: 0x8086a201 base: 0xfed00000
[STDERR  ] 2018-03-31T02:05:10.598566214Z: [    0.000000] smpboot: Allowing 1 CPUs, 0 hotplug CPUs
[STDERR  ] 2018-03-31T02:05:10.598575543Z: [    0.000000] e820: [mem 0x40000000-0xafffffff] ava
[STDERR  ] 2018-03-31T02:05:10.599137824Z: + set -e
[STDERR  ] 2018-03-31T02:05:10.599218895Z: + . /tmp/build/test/cases/_lib/lib.sh
[STDERR  ] 2018-03-31T02:05:10.599306573Z: + [ -f src/github.com/linuxkit/rtf/lib/lib.sh ]
[STDERR  ] 2018-03-31T02:05:10.599353230Z: + LINUXKIT_TMPDIR=/tmp/build/test/cases/_tmp
[STDERR  ] 2018-03-31T02:05:10.599386734Z: + [ -f /tmp/build/test/cases/_tmp/env.sh ]
[STDERR  ] 2018-03-31T02:05:10.599417323Z: + . /tmp/build/test/cases/_tmp/env.sh
[STDERR  ] 2018-03-31T02:05:10.599453575Z: + export LINUXKIT_EXAMPLES_DIR=/tmp/build/test/cases/../../examples
[STDERR  ] 2018-03-31T02:05:10.599488247Z: + RT_CANCEL=253
[STDERR  ] 2018-03-31T02:05:10.599523672Z: + NAME=kmod
[STDERR  ] 2018-03-31T02:05:10.599557787Z: + IMAGE_NAME=kmod-test
[STDERR  ] 2018-03-31T02:05:10.599606919Z: + trap clean_up EXIT
[STDERR  ] 2018-03-31T02:05:10.599644733Z: + docker pull linuxkit/kernel:4.4.123
[STDOUT  ] 2018-03-31T02:05:11.752025158Z: 4.4.123: Pulling from linuxkit/kernel
[STDOUT  ] 2018-03-31T02:05:12.146870350Z: Digest: sha256:af523c52fb3976dedba6ad171f31752eda52ac050a0a55e2d577dff80da2a440
[STDOUT  ] 2018-03-31T02:05:12.150393447Z: Status: Downloaded newer image for linuxkit/kernel:4.4.123
[STDERR  ] 2018-03-31T02:05:12.151470303Z: + docker build -t kmod-test .
[STDOUT  ] 2018-03-31T02:05:12.324616920Z: Sending build context to Docker daemon  8.704kB
[STDOUT  ] 2018-03-31T02:05:12.433050937Z: Step 1/12 : FROM linuxkit/kernel:4.4.123 AS ksrc
[STDOUT  ] 2018-03-31T02:05:12.444618749Z:  ---> 80a3c7c01441
[STDOUT  ] 2018-03-31T02:05:12.444666694Z: Step 2/12 : FROM linuxkit/alpine:d307c8a386fa3f32cddda9409b9687e191cdd6f1 AS build
[STDOUT  ] 2018-03-31T02:05:13.545550253Z: d307c8a386fa3f32cddda9409b9687e191cdd6f1: Pulling from linuxkit/alpine
[STDOUT  ] 2018-03-31T02:05:13.939585027Z: 2fdfe1cd78c2: Pulling fs layer
[STDOUT  ] 2018-03-31T02:05:13.940496948Z: 826a7b0d9a3c: Pulling fs layer
[STDOUT  ] 2018-03-31T02:05:13.940525549Z: 564629b993f1: Pulling fs layer
[STDOUT  ] 2018-03-31T02:05:13.940535919Z: 649b4c2935f2: Pulling fs layer
[STDOUT  ] 2018-03-31T02:05:13.940545171Z: 895423fcce3e: Pulling fs layer
[STDOUT  ] 2018-03-31T02:05:13.940553997Z: 4dc165278b76: Pulling fs layer
[STDOUT  ] 2018-03-31T02:05:13.940562501Z: 9ba1d45a1f12: Pulling fs layer
[STDOUT  ] 2018-03-31T02:05:13.940589709Z: 6a7e3200ed7e: Pulling fs layer
[STDOUT  ] 2018-03-31T02:05:13.940599902Z: 086d93d2737b: Pulling fs layer
[STDOUT  ] 2018-03-31T02:05:13.940609207Z: 649b4c2935f2: Waiting
[STDOUT  ] 2018-03-31T02:05:13.940618394Z: 895423fcce3e: Waiting
[STDOUT  ] 2018-03-31T02:05:13.940628193Z: 4dc165278b76: Waiting
[STDOUT  ] 2018-03-31T02:05:13.940638384Z: 9ba1d45a1f12: Waiting
[STDOUT  ] 2018-03-31T02:05:13.940649168Z: 6a7e3200ed7e: Waiting
[STDOUT  ] 2018-03-31T02:05:13.940658923Z: 086d93d2737b: Waiting
[STDOUT  ] 2018-03-31T02:05:14.345875407Z: 564629b993f1: Download complete
[STDOUT  ] 2018-03-31T02:05:14.351284266Z: 826a7b0d9a3c: Download complete
[STDOUT  ] 2018-03-31T02:05:14.387997716Z: 2fdfe1cd78c2: Verifying Checksum
[STDOUT  ] 2018-03-31T02:05:14.617514336Z: 2fdfe1cd78c2: Pull complete
[STDOUT  ] 2018-03-31T02:05:14.724715215Z: 826a7b0d9a3c: Pull complete
[STDOUT  ] 2018-03-31T02:05:14.753379315Z: 649b4c2935f2: Verifying Checksum
[STDOUT  ] 2018-03-31T02:05:14.753445690Z: 649b4c2935f2: Download complete
[STDOUT  ] 2018-03-31T02:05:14.789604693Z: 564629b993f1: Pull complete
[STDOUT  ] 2018-03-31T02:05:14.882196665Z: 649b4c2935f2: Pull complete
[STDOUT  ] 2018-03-31T02:05:14.893107534Z: 4dc165278b76: Verifying Checksum
[STDOUT  ] 2018-03-31T02:05:14.893248515Z: 4dc165278b76: Download complete
[STDOUT  ] 2018-03-31T02:05:15.158574888Z: 9ba1d45a1f12: Download complete
[STDOUT  ] 2018-03-31T02:05:15.563370579Z: 086d93d2737b: Verifying Checksum
[STDOUT  ] 2018-03-31T02:05:15.563431491Z: 086d93d2737b: Download complete
[STDOUT  ] 2018-03-31T02:05:16.267162982Z: 6a7e3200ed7e: Verifying Checksum
[STDOUT  ] 2018-03-31T02:05:16.267213599Z: 6a7e3200ed7e: Download complete
[STDOUT  ] 2018-03-31T02:05:18.162471502Z: 895423fcce3e: Verifying Checksum
[STDOUT  ] 2018-03-31T02:05:18.162528156Z: 895423fcce3e: Download complete
[STDOUT  ] 2018-03-31T02:05:22.614948216Z: 895423fcce3e: Pull complete
[STDOUT  ] 2018-03-31T02:05:23.043370707Z: 4dc165278b76: Pull complete
[STDOUT  ] 2018-03-31T02:05:23.179799186Z: 9ba1d45a1f12: Pull complete
[STDOUT  ] 2018-03-31T02:05:25.210544560Z: 6a7e3200ed7e: Pull complete
[STDOUT  ] 2018-03-31T02:05:25.331491125Z: 086d93d2737b: Pull complete
[STDOUT  ] 2018-03-31T02:05:25.337695670Z: Digest: sha256:23ff38309514359a1436f7ce80333da7ee097fcd50ef66300f1483edb2d8a8ed
[STDOUT  ] 2018-03-31T02:05:25.342789606Z: Status: Downloaded newer image for linuxkit/alpine:d307c8a386fa3f32cddda9409b9687e191cdd6f1
[STDOUT  ] 2018-03-31T02:05:25.343411466Z:  ---> 4d01d9a77113
[STDOUT  ] 2018-03-31T02:05:25.343437071Z: Step 3/12 : RUN apk add build-base libelf-dev
[STDOUT  ] 2018-03-31T02:05:25.414395752Z:  ---> Running in a82431aead42
[STDOUT  ] 2018-03-31T02:05:25.739056703Z: (1/20) Installing binutils-libs (2.28-r3)
[STDOUT  ] 2018-03-31T02:05:25.759957622Z: (2/20) Installing binutils (2.28-r3)
[STDOUT  ] 2018-03-31T02:05:25.807860420Z: (3/20) Installing gmp (6.1.2-r1)
[STDOUT  ] 2018-03-31T02:05:25.813329815Z: (4/20) Installing isl (0.18-r0)
[STDOUT  ] 2018-03-31T02:05:25.826074410Z: (5/20) Installing libgomp (6.4.0-r5)
[STDOUT  ] 2018-03-31T02:05:25.827628103Z: (6/20) Installing libatomic (6.4.0-r5)
[STDOUT  ] 2018-03-31T02:05:25.828220296Z: (7/20) Installing pkgconf (1.3.10-r0)
[STDOUT  ] 2018-03-31T02:05:25.829660394Z: (8/20) Installing libgcc (6.4.0-r5)
[STDOUT  ] 2018-03-31T02:05:25.830658399Z: (9/20) Installing mpfr3 (3.1.5-r1)
[STDOUT  ] 2018-03-31T02:05:25.834241629Z: (10/20) Installing mpc1 (1.0.3-r1)
[STDOUT  ] 2018-03-31T02:05:25.835357575Z: (11/20) Installing libstdc++ (6.4.0-r5)
[STDOUT  ] 2018-03-31T02:05:25.844545256Z: (12/20) Installing gcc (6.4.0-r5)
[STDOUT  ] 2018-03-31T02:05:26.434972695Z: (13/20) Installing musl-dev (1.1.18-r2)
[STDOUT  ] 2018-03-31T02:05:26.506913434Z: (14/20) Installing libc-dev (0.7.1-r0)
[STDOUT  ] 2018-03-31T02:05:26.507212939Z: (15/20) Installing g++ (6.4.0-r5)
[STDOUT  ] 2018-03-31T02:05:27.121668135Z: (16/20) Installing make (4.2.1-r0)
[STDOUT  ] 2018-03-31T02:05:27.124950195Z: (17/20) Installing fortify-headers (0.9-r0)
[STDOUT  ] 2018-03-31T02:05:27.126243665Z: (18/20) Installing build-base (0.5-r0)
[STDOUT  ] 2018-03-31T02:05:27.126385227Z: (19/20) Installing libelf (0.8.13-r3)
[STDOUT  ] 2018-03-31T02:05:27.127702925Z: (20/20) Installing libelf-dev (0.8.13-r3)
[STDOUT  ] 2018-03-31T02:05:27.131780964Z: Executing busybox-1.27.2-r6.trigger
[STDOUT  ] 2018-03-31T02:05:27.182573915Z: OK: 159 MiB in 31 packages
[STDOUT  ] 2018-03-31T02:05:30.838209300Z:  ---> e8110284d955
[STDOUT  ] 2018-03-31T02:05:30.952130697Z: Removing intermediate container a82431aead42
[STDOUT  ] 2018-03-31T02:05:30.952191130Z: Step 4/12 : COPY --from=ksrc /kernel-dev.tar /
[STDOUT  ] 2018-03-31T02:05:32.262456213Z:  ---> 11130a1f8498
[STDOUT  ] 2018-03-31T02:05:32.279519771Z: Removing intermediate container 0161c5a2d498
[STDOUT  ] 2018-03-31T02:05:32.279588610Z: Step 5/12 : RUN tar xf kernel-dev.tar
[STDOUT  ] 2018-03-31T02:05:32.375109342Z:  ---> Running in f406f73c68d1
[STDOUT  ] 2018-03-31T02:05:38.626174117Z:  ---> 39dc98040ed2
[STDOUT  ] 2018-03-31T02:05:38.976210563Z: Removing intermediate container f406f73c68d1
[STDOUT  ] 2018-03-31T02:05:38.976316260Z: Step 6/12 : WORKDIR /kmod
[STDOUT  ] 2018-03-31T02:05:39.262124928Z:  ---> f41e66f61c0b
[STDOUT  ] 2018-03-31T02:05:39.267707942Z: Removing intermediate container 15f18bb90c88
[STDOUT  ] 2018-03-31T02:05:39.267846387Z: Step 7/12 : COPY ./src/* ./
[STDOUT  ] 2018-03-31T02:05:39.786491794Z:  ---> 71d1ad5ed501
[STDOUT  ] 2018-03-31T02:05:39.792715779Z: Removing intermediate container 4eeee5a2303f
[STDOUT  ] 2018-03-31T02:05:39.792778246Z: Step 8/12 : RUN make all
[STDOUT  ] 2018-03-31T02:05:39.888483721Z:  ---> Running in 5916ecb4bf8e
[STDOUT  ] 2018-03-31T02:05:40.189954422Z: make -C /usr/src/linux-headers-4.4.123-linuxkit M=/kmod modules
[STDOUT  ] 2018-03-31T02:05:40.191222355Z: make[1]: Entering directory '/usr/src/linux-headers-4.4.123-linuxkit'
[STDOUT  ] 2018-03-31T02:05:40.849116141Z:   CC [M]  /kmod/hello_world.o
[STDOUT  ] 2018-03-31T02:05:41.042902941Z:   Building modules, stage 2.
[STDOUT  ] 2018-03-31T02:05:41.050913366Z:   MODPOST 1 modules
[STDOUT  ] 2018-03-31T02:05:41.064655600Z:   CC      /kmod/hello_world.mod.o
[STDOUT  ] 2018-03-31T02:05:41.246730871Z:   LD [M]  /kmod/hello_world.ko
[STDOUT  ] 2018-03-31T02:05:41.249937316Z: make[1]: Leaving directory '/usr/src/linux-headers-4.4.123-linuxkit'
[STDOUT  ] 2018-03-31T02:05:41.682328307Z:  ---> d3da4186b190
[STDOUT  ] 2018-03-31T02:05:41.688640160Z: Removing intermediate container 5916ecb4bf8e
[STDOUT  ] 2018-03-31T02:05:41.688681538Z: Step 9/12 : FROM alpine:3.7
[STDOUT  ] 2018-03-31T02:05:41.689015125Z:  ---> 3fd9065eaf02
[STDOUT  ] 2018-03-31T02:05:41.689038110Z: Step 10/12 : COPY --from=build /kmod/hello_world.ko /
[STDOUT  ] 2018-03-31T02:05:42.074219342Z:  ---> 06cbba319e3a
[STDOUT  ] 2018-03-31T02:05:42.079893292Z: Removing intermediate container 55ec68f387af
[STDOUT  ] 2018-03-31T02:05:42.080007114Z: Step 11/12 : COPY check.sh /check.sh
[STDOUT  ] 2018-03-31T02:05:42.466157946Z:  ---> 7b6d253e01d4
[STDOUT  ] 2018-03-31T02:05:42.471950360Z: Removing intermediate container a9394c42c9b1
[STDOUT  ] 2018-03-31T02:05:42.472002880Z: Step 12/12 : ENTRYPOINT /bin/sh /check.sh
[STDOUT  ] 2018-03-31T02:05:42.547599596Z:  ---> Running in 47c8ffaafbd2
[STDOUT  ] 2018-03-31T02:05:42.682922296Z:  ---> 7924754c3acc
[STDOUT  ] 2018-03-31T02:05:42.688722864Z: Removing intermediate container 47c8ffaafbd2
[STDOUT  ] 2018-03-31T02:05:42.688847299Z: Successfully built 7924754c3acc
[STDOUT  ] 2018-03-31T02:05:42.693088609Z: Successfully tagged kmod-test:latest
[STDERR  ] 2018-03-31T02:05:42.772514218Z: + linuxkit build -format kernel+initrd -name kmod test.yml
[STDERR  ] 2018-03-31T02:05:43.204214138Z: Extract kernel image: linuxkit/kernel:4.4.123
[STDERR  ] 2018-03-31T02:05:44.877143525Z: Add init containers:
[STDERR  ] 2018-03-31T02:05:44.877223716Z: Process init image: linuxkit/init:7af4e32f31f04d6c63d457c502d2f69344db7d72
[STDERR  ] 2018-03-31T02:05:46.097115303Z: Process init image: linuxkit/runc:e4b01b68b225d694a60f8b335258bd2144971239
[STDERR  ] 2018-03-31T02:05:47.291837433Z: Add onboot containers:
[STDERR  ] 2018-03-31T02:05:47.291918553Z:   Create OCI config for kmod-test
[STDERR  ] 2018-03-31T02:05:47.466294322Z:   Create OCI config for linuxkit/poweroff:f9a0a5e52fd2a97908bda33db2afffafe4a6a67d
[STDERR  ] 2018-03-31T02:05:48.681812098Z: Create outputs:
[STDERR  ] 2018-03-31T02:05:52.686464260Z:   kmod-kernel kmod-initrd.img kmod-cmdline
[STDERR  ] 2018-03-31T02:05:52.736417140Z: + linuxkit run kmod
[STDERR  ] 2018-03-31T02:05:52.760182275Z: Unable to find qemu-system-x86_64 within the $PATH. Using a container
[STDERR  ] 2018-03-31T02:06:03.050309704Z: + RESULT=[    0.000000] Initializing cgroup subsys cpuset
[STDERR  ] 2018-03-31T02:06:03.050395560Z: [    0.000000] Initializing cgroup subsys cpu
[STDERR  ] 2018-03-31T02:06:03.050411516Z: [    0.000000] Initializing cgroup subsys cpuacct
[STDERR  ] 2018-03-31T02:06:03.050437220Z: [    0.000000] Linux version 4.4.123-linuxkit (root@8f13e2a25119) (gcc version 6.4.0 (Alpine 6.4.0) ) #1 SMP Thu Mar 22 21:54:11 UTC 2018
[STDERR  ] 2018-03-31T02:06:03.050453849Z: [    0.000000] Command line: console=ttyS0 console=ttyAMA0
[STDERR  ] 2018-03-31T02:06:03.050488320Z: [    0.000000] x86/fpu: Legacy x87 FPU detected.
[STDERR  ] 2018-03-31T02:06:03.050503798Z: [    0.000000] x86/fpu: Using 'lazy' FPU context switches.
[STDERR  ] 2018-03-31T02:06:03.050518986Z: [    0.000000] e820: BIOS-provided physical RAM map:
[STDERR  ] 2018-03-31T02:06:03.050534255Z: [    0.000000] BIOS-e820: [mem 0x0000000000000000-0x000000000009fbff] usable
[STDERR  ] 2018-03-31T02:06:03.050550211Z: [    0.000000] BIOS-e820: [mem 0x000000000009fc00-0x000000000009ffff] reserved
[STDERR  ] 2018-03-31T02:06:03.050565599Z: [    0.000000] BIOS-e820: [mem 0x00000000000f0000-0x00000000000fffff] reserved
[STDERR  ] 2018-03-31T02:06:03.050579662Z: [    0.000000] BIOS-e820: [mem 0x0000000000100000-0x000000003ffdefff] usable
[STDERR  ] 2018-03-31T02:06:03.050600845Z: [    0.000000] BIOS-e820: [mem 0x000000003ffdf000-0x000000003fffffff] reserved
[STDERR  ] 2018-03-31T02:06:03.050613765Z: [    0.000000] BIOS-e820: [mem 0x00000000b0000000-0x00000000bfffffff] reserved
[STDERR  ] 2018-03-31T02:06:03.050628993Z: [    0.000000] BIOS-e820: [mem 0x00000000fed1c000-0x00000000fed1ffff] reserved
[STDERR  ] 2018-03-31T02:06:03.050645058Z: [    0.000000] BIOS-e820: [mem 0x00000000feffc000-0x00000000feffffff] reserved
[STDERR  ] 2018-03-31T02:06:03.050659966Z: [    0.000000] BIOS-e820: [mem 0x00000000fffc0000-0x00000000ffffffff] reserved
[STDERR  ] 2018-03-31T02:06:03.050674386Z: [    0.000000] NX (Execute Disable) protection: active
[STDERR  ] 2018-03-31T02:06:03.050695611Z: [    0.000000] SMBIOS 2.8 present.
[STDERR  ] 2018-03-31T02:06:03.050719579Z: [    0.000000] Hypervisor detected: KVM
[STDERR  ] 2018-03-31T02:06:03.050742384Z: [    0.000000] e820: last_pfn = 0x3ffdf max_arch_pfn = 0x400000000
[STDERR  ] 2018-03-31T02:06:03.050755709Z: [    0.000000] x86/PAT: PAT not supported by CPU.
[STDERR  ] 2018-03-31T02:06:03.050776975Z: [    0.000000] x86/PAT: Configuration [0-7]: WB  WT  UC- UC  WB  WT  UC- UC  
[STDERR  ] 2018-03-31T02:06:03.050792906Z: [    0.000000] found SMP MP-table at [mem 0x000f6aa0-0x000f6aaf] mapped at [ffff8800000f6aa0]
[STDERR  ] 2018-03-31T02:06:03.050808169Z: [    0.000000] RAMDISK: [mem 0x3e92c000-0x3ffcffff]
[STDERR  ] 2018-03-31T02:06:03.050821379Z: [    0.000000] ACPI: Early table checksum verification disabled
[STDERR  ] 2018-03-31T02:06:03.050834120Z: [    0.000000] ACPI: RSDP 0x00000000000F68B0 000014 (v00 BOCHS )
[STDERR  ] 2018-03-31T02:06:03.050853100Z: [    0.000000] ACPI: RSDT 0x000000003FFE20A8 000034 (v01 BOCHS  BXPCRSDT 00000001 BXPC 00000001)
[STDERR  ] 2018-03-31T02:06:03.050866745Z: [    0.000000] ACPI: FACP 0x000000003FFE1EC8 0000F4 (v03 BOCHS  BXPCFACP 00000001 BXPC 00000001)
[STDERR  ] 2018-03-31T02:06:03.050880595Z: [    0.000000] ACPI: DSDT 0x000000003FFE0040 001E88 (v01 BOCHS  BXPCDSDT 00000001 BXPC 00000001)
[STDERR  ] 2018-03-31T02:06:03.050899125Z: [    0.000000] ACPI: FACS 0x000000003FFE0000 000040
[STDERR  ] 2018-03-31T02:06:03.050913242Z: [    0.000000] ACPI: APIC 0x000000003FFE1FBC 000078 (v01 BOCHS  BXPCAPIC 00000001 BXPC 00000001)
[STDERR  ] 2018-03-31T02:06:03.050926706Z: [    0.000000] ACPI: HPET 0x000000003FFE2034 000038 (v01 BOCHS  BXPCHPET 00000001 BXPC 00000001)
[STDERR  ] 2018-03-31T02:06:03.050939447Z: [    0.000000] ACPI: MCFG 0x000000003FFE206C 00003C (v01 BOCHS  BXPCMCFG 00000001 BXPC 00000001)
[STDERR  ] 2018-03-31T02:06:03.050952106Z: [    0.000000] kvm-clock: Using msrs 4b564d01 and 4b564d00
[STDERR  ] 2018-03-31T02:06:03.050964576Z: [    0.000000] kvm-clock: cpu 0, msr 0:3ffdd001, primary cpu clock
[STDERR  ] 2018-03-31T02:06:03.050976859Z: [    0.000000] clocksource: kvm-clock: mask: 0xffffffffffffffff max_cycles: 0x1cd42e4dffb, max_idle_ns: 881590591483 ns
[STDERR  ] 2018-03-31T02:06:03.050996584Z: [    0.000000] Zone ranges:
[STDERR  ] 2018-03-31T02:06:03.051014956Z: [    0.000000]   DMA      [mem 0x0000000000001000-0x0000000000ffffff]
[STDERR  ] 2018-03-31T02:06:03.051027895Z: [    0.000000]   DMA32    [mem 0x0000000001000000-0x000000003ffdefff]
[STDERR  ] 2018-03-31T02:06:03.051041345Z: [    0.000000]   Normal   empty
[STDERR  ] 2018-03-31T02:06:03.051062658Z: [    0.000000] Movable zone start for each node
[STDERR  ] 2018-03-31T02:06:03.051077612Z: [    0.000000] Early memory node ranges
[STDERR  ] 2018-03-31T02:06:03.051091013Z: [    0.000000]   node   0: [mem 0x0000000000001000-0x000000000009efff]
[STDERR  ] 2018-03-31T02:06:03.051105991Z: [    0.000000]   node   0: [mem 0x0000000000100000-0x000000003ffdefff]
[STDERR  ] 2018-03-31T02:06:03.051147056Z: [    0.000000] Initmem setup node 0 [mem 0x0000000000001000-0x000000003ffdefff]
[STDERR  ] 2018-03-31T02:06:03.051160435Z: [    0.000000] ACPI: PM-Timer IO Port: 0x608
[STDERR  ] 2018-03-31T02:06:03.051179827Z: [    0.000000] ACPI: LAPIC_NMI (acpi_id[0xff] dfl dfl lint[0x1])
[STDERR  ] 2018-03-31T02:06:03.051192985Z: [    0.000000] IOAPIC[0]: apic_id 0, version 17, address 0xfec00000, GSI 0-23
[STDERR  ] 2018-03-31T02:06:03.051205922Z: [    0.000000] ACPI: INT_SRC_OVR (bus 0 bus_irq 0 global_irq 2 dfl dfl)
[STDERR  ] 2018-03-31T02:06:03.051218812Z: [    0.000000] ACPI: INT_SRC_OVR (bus 0 bus_irq 5 global_irq 5 high level)
[STDERR  ] 2018-03-31T02:06:03.051231751Z: [    0.000000] ACPI: INT_SRC_OVR (bus 0 bus_irq 9 global_irq 9 high level)
[STDERR  ] 2018-03-31T02:06:03.051244546Z: [    0.000000] ACPI: INT_SRC_OVR (bus 0 bus_irq 10 global_irq 10 high level)
[STDERR  ] 2018-03-31T02:06:03.051266976Z: [    0.000000] ACPI: INT_SRC_OVR (bus 0 bus_irq 11 global_irq 11 high level)
[STDERR  ] 2018-03-31T02:06:03.051280167Z: [    0.000000] Using ACPI (MADT) for SMP configuration information
[STDERR  ] 2018-03-31T02:06:03.051300595Z: [    0.000000] ACPI: HPET id: 0x8086a201 base: 0xfed00000
[STDERR  ] 2018-03-31T02:06:03.051314258Z: [    0.000000] smpboot: Allowing 1 CPUs, 0 hotplug CPUs
[STDERR  ] 2018-03-31T02:06:03.051327949Z: [    0.000000] e820: [mem 0x40000000-0xafffffff] available for PCI devices
[STDERR  ] 2018-03-31T02:06:03.051340933Z: [    0.000000] Booting paravirtualized kernel on KVM
[STDERR  ] 2018-03-31T02:06:03.051353285Z: [    0.000000] clocksource: refined-jiffies: mask: 0xffffffff max_cycles: 0xffffffff, max_idle_ns: 19112604462750000 ns
[STDERR  ] 2018-03-31T02:06:03.051365862Z: [    0.000000] setup_percpu: NR_CPUS:128 nr_cpumask_bits:128 nr_cpu_ids:1 nr_node_ids:1
[STDERR  ] 2018-03-31T02:06:03.051386135Z: [    0.000000] PERCPU: Embedded 33 pages/cpu @ffff88003e600000 s97048 r8192 d29928 u2097152
[STDERR  ] 2018-03-31T02:06:03.051398813Z: [    0.000000] KVM setup async PF for cpu 0
[STDERR  ] 2018-03-31T02:06:03.051411813Z: [    0.000000] kvm-stealtime: cpu 0, msr 3e60fdc0
[STDERR  ] 2018-03-31T02:06:03.051425055Z: [    0.000000] Built 1 zonelists in Zone order, mobility grouping on.  Total pages: 257895
[STDERR  ] 2018-03-31T02:06:03.051438666Z: [    0.000000] Kernel command line: console=ttyS0 console=ttyAMA0
[STDERR  ] 2018-03-31T02:06:03.051451612Z: [    0.000000] PID hash table entries: 4096 (order: 3, 32768 bytes)
[STDERR  ] 2018-03-31T02:06:03.051464747Z: [    0.000000] Dentry cache hash table entries: 131072 (order: 8, 1048576 bytes)
[STDERR  ] 2018-03-31T02:06:03.051478185Z: [    0.000000] Inode-cache hash table entries: 65536 (order: 7, 524288 bytes)
[STDERR  ] 2018-03-31T02:06:03.051501506Z: [    0.000000] Memory: 990844K/1048052K available (7638K kernel code, 1278K rwdata, 2704K rodata, 1320K init, 688K bss, 57208K reserved, 0K cma-reserved)
[STDERR  ] 2018-03-31T02:06:03.051523816Z: [    0.000000] Kernel/User page tables isolation: enabled
[STDERR  ] 2018-03-31T02:06:03.051536915Z: [    0.000000] Hierarchical RCU implementation.
[STDERR  ] 2018-03-31T02:06:03.051544912Z: [    0.000000] 	Build-time adjustment of leaf fanout to 64.
[STDERR  ] 2018-03-31T02:06:03.051552553Z: [    0.000000] 	RCU restricting CPUs from NR_CPUS=128 to nr_cpu_ids=1.
[STDERR  ] 2018-03-31T02:06:03.051569472Z: [    0.000000] RCU: Adjusting geometry for rcu_fanout_leaf=64, nr_cpu_ids=1
[STDERR  ] 2018-03-31T02:06:03.051577429Z: [    0.000000] NR_IRQS:8448 nr_irqs:256 16
[STDERR  ] 2018-03-31T02:06:03.051585193Z: [    0.000000] Console: colour VGA+ 80x25
[STDERR  ] 2018-03-31T02:06:03.051592876Z: [    0.000000] console [ttyS0] enabled
[STDERR  ] 2018-03-31T02:06:03.051605198Z: [    0.000000] clocksource: hpet: mask: 0xffffffff max_cycles: 0xffffffff, max_idle_ns: 19112604467 ns
[STDERR  ] 2018-03-31T02:06:03.051613167Z: [    0.000000] tsc: Detected 2300.000 MHz processor
[STDERR  ] 2018-03-31T02:06:03.051620846Z: [    0.020000] Calibrating delay loop (skipped) preset value.. 4600.00 BogoMIPS (lpj=23000000)
[STDERR  ] 2018-03-31T02:06:03.051628972Z: [    0.023090] pid_max: default: 32768 minimum: 301
[STDERR  ] 2018-03-31T02:06:03.051636662Z: [    0.028004] ACPI: Core revision 20150930
[STDERR  ] 2018-03-31T02:06:03.051644306Z: [    0.030674] ACPI: 1 ACPI AML tables successfully acquired and loaded
[STDERR  ] 2018-03-31T02:06:03.051652673Z: [    0.040343] Security Framework initialized
[STDERR  ] 2018-03-31T02:06:03.051660333Z: [    0.045493] Yama: becoming mindful.
[STDERR  ] 2018-03-31T02:06:03.051667746Z: [    0.050079] Mount-cache hash table entries: 2048 (order: 2, 16384 bytes)
[STDERR  ] 2018-03-31T02:06:03.051675392Z: [    0.057764] Mountpoint-cache hash table entries: 2048 (order: 2, 16384 bytes)
[STDERR  ] 2018-03-31T02:06:03.051683060Z: [    0.060300] Initializing cgroup subsys io
[STDERR  ] 2018-03-31T02:06:03.051694649Z: [    0.070032] Initializing cgroup subsys memory
[STDERR  ] 2018-03-31T02:06:03.051702675Z: [    0.074953] Initializing cgroup subsys devices
[STDERR  ] 2018-03-31T02:06:03.051710265Z: [    0.080041] Initializing cgroup subsys freezer
[STDERR  ] 2018-03-31T02:06:03.051717851Z: [    0.085081] Initializing cgroup subsys net_cls
[STDERR  ] 2018-03-31T02:06:03.051729618Z: [    0.090042] Initializing cgroup subsys perf_event
[STDERR  ] 2018-03-31T02:06:03.051737224Z: [    0.095803] Initializing cgroup subsys net_prio
[STDERR  ] 2018-03-31T02:06:03.051744818Z: [    0.100048] Initializing cgroup subsys hugetlb
[STDERR  ] 2018-03-31T02:06:03.051752544Z: [    0.105037] Initializing cgroup subsys pids
[STDERR  ] 2018-03-31T02:06:03.051766438Z: [    0.111225] CPU: Physical Processor ID: 0
[STDERR  ] 2018-03-31T02:06:03.051780487Z: [    0.120139] Last level iTLB entries: 4KB 0, 2MB 0, 4MB 0
[STDERR  ] 2018-03-31T02:06:03.051790529Z: [    0.126440] Last level dTLB entries: 4KB 0, 2MB 0, 4MB 0, 1GB 0
[STDERR  ] 2018-03-31T02:06:03.051798179Z: [    0.130036] Spectre V2 : Vulnerable: Minimal generic ASM retpoline
[STDERR  ] 2018-03-31T02:06:03.051806144Z: [    0.247421] Freeing SMP alternatives memory: 20K
[STDERR  ] 2018-03-31T02:06:03.051813940Z: [    0.282818] ftrace: allocating 33470 entries in 131 pages
[STDERR  ] 2018-03-31T02:06:03.051821540Z: [    0.311230] ..TIMER: vector=0x30 apic1=0 pin1=2 apic2=-1 pin2=-1
[STDERR  ] 2018-03-31T02:06:03.051835382Z: [    0.320000] smpboot: CPU0: Intel QEMU Virtual CPU version 2.5+ (family: 0x6, model: 0x6, stepping: 0x3)
[STDERR  ] 2018-03-31T02:06:03.051845729Z: [    0.320056] Performance Events: Broken PMU hardware detected, using software events only.
[STDERR  ] 2018-03-31T02:06:03.051854191Z: [    0.336572] Failed to access perfctr msr (MSR c2 is 0)
[STDERR  ] 2018-03-31T02:06:03.051861882Z: [    0.340308] x86: Booted up 1 node, 1 CPUs
[STDERR  ] 2018-03-31T02:06:03.051869715Z: [    0.344965] smpboot: Total of 1 processors activated (4600.00 BogoMIPS)
[STDERR  ] 2018-03-31T02:06:03.051912059Z: [    0.351994] devtmpfs: initialized
[STDERR  ] 2018-03-31T02:06:03.051925752Z: [    0.362785] clocksource: jiffies: mask: 0xffffffff max_cycles: 0xffffffff, max_idle_ns: 19112604462750000 ns
[STDERR  ] 2018-03-31T02:06:03.051938507Z: [    0.370043] futex hash table entries: 256 (order: 2, 16384 bytes)
[STDERR  ] 2018-03-31T02:06:03.051951432Z: [    0.380352] NET: Registered protocol family 16
[STDERR  ] 2018-03-31T02:06:03.051964156Z: [    0.385492] cpuidle: using governor ladder
[STDERR  ] 2018-03-31T02:06:03.051982967Z: [    0.390028] cpuidle: using governor menu
[STDERR  ] 2018-03-31T02:06:03.052019142Z: [    0.394715] ACPI: bus type PCI registered
[STDERR  ] 2018-03-31T02:06:03.052033453Z: [    0.400528] PCI: MMCONFIG for domain 0000 [bus 00-ff] at [mem 0xb0000000-0xbfffffff] (base 0xb0000000)
[STDERR  ] 2018-03-31T02:06:03.052046295Z: [    0.410014] PCI: MMCONFIG at [mem 0xb0000000-0xbfffffff] reserved in E820
[STDERR  ] 2018-03-31T02:06:03.052056924Z: [    0.420028] PCI: Using configuration type 1 for base access
[STDERR  ] 2018-03-31T02:06:03.052064879Z: [    0.427807] ACPI: Added _OSI(Module Device)
[STDERR  ] 2018-03-31T02:06:03.052072580Z: [    0.430009] ACPI: Added _OSI(Processor Device)
[STDERR  ] 2018-03-31T02:06:03.052080272Z: [    0.434678] ACPI: Added _OSI(3.0 _SCP Extensions)
[STDERR  ] 2018-03-31T02:06:03.052087952Z: [    0.440011] ACPI: Added _OSI(Processor Aggregator Device)
[STDERR  ] 2018-03-31T02:06:03.052095495Z: [    0.453309] ACPI: Interpreter enabled
[STDERR  ] 2018-03-31T02:06:03.052103260Z: [    0.457231] ACPI: (supports S0 S5)
[STDERR  ] 2018-03-31T02:06:03.052110984Z: [    0.460009] ACPI: Using IOAPIC for interrupt routing
[STDERR  ] 2018-03-31T02:06:03.052118639Z: [    0.465636] PCI: Using host bridge windows from ACPI; if necessary, use "pci=nocrs" and report a bug
[STDERR  ] 2018-03-31T02:06:03.052126532Z: [    0.480289] ACPI: PCI Root Bridge [PCI0] (domain 0000 [bus 00-ff])
[STDERR  ] 2018-03-31T02:06:03.052134306Z: [    0.487725] acpi PNP0A08:00: _OSC: OS supports [ExtendedConfig ASPM ClockPM Segments MSI]
[STDERR  ] 2018-03-31T02:06:03.052142135Z: [    0.490190] acpi PNP0A08:00: _OSC: OS now controls [PCIeHotplug PME PCIeCapability]
[STDERR  ] 2018-03-31T02:06:03.052149727Z: [    0.500103] PCI host bridge to bus 0000:00
[STDERR  ] 2018-03-31T02:06:03.052162446Z: [    0.510009] pci_bus 0000:00: root bus resource [io  0x0000-0x0cf7 window]
[STDERR  ] 2018-03-31T02:06:03.052170267Z: [    0.517831] pci_bus 0000:00: root bus resource [io  0x0d00-0xffff window]
[STDERR  ] 2018-03-31T02:06:03.052177931Z: [    0.520017] pci_bus 0000:00: root bus resource [mem 0x000a0000-0x000bffff window]
[STDERR  ] 2018-03-31T02:06:03.052190522Z: [    0.530016] pci_bus 0000:00: root bus resource [mem 0xc0000000-0xfebfffff window]
[STDERR  ] 2018-03-31T02:06:03.052198245Z: [    0.540016] pci_bus 0000:00: root bus resource [bus 00-ff]
[STDERR  ] 2018-03-31T02:06:03.052205933Z: [    0.670481] pci 0000:00:1f.0: quirk: [io  0x0600-0x067f] claimed by ICH6 ACPI/GPIO/TCO
[STDERR  ] 2018-03-31T02:06:03.052213636Z: [    0.739749] ACPI: PCI Interrupt Link [LNKA] (IRQs 5 *10 11)
[STDERR  ] 2018-03-31T02:06:03.052225646Z: [    0.743509] ACPI: PCI Interrupt Link [LNKB] (IRQs 5 *10 11)
[STDERR  ] 2018-03-31T02:06:03.052233399Z: [    0.752775] ACPI: PCI Interrupt Link [LNKC] (IRQs 5 10 *11)
[STDERR  ] 2018-03-31T02:06:03.052241119Z: [    0.762733] ACPI: PCI Interrupt Link [LNKD] (IRQs 5 10 *11)
[STDERR  ] 2018-03-31T02:06:03.052249212Z: [    0.772888] ACPI: PCI Interrupt Link [LNKE] (IRQs 5 *10 11)
[STDERR  ] 2018-03-31T02:06:03.052292760Z: [    0.782897] ACPI: PCI Interrupt Link [LNKF] (IRQs 5 *10 11)
[STDERR  ] 2018-03-31T02:06:03.052300844Z: [    0.792918] ACPI: PCI Interrupt Link [LNKG] (IRQs 5 10 *11)
[STDERR  ] 2018-03-31T02:06:03.052308944Z: [    0.802883] ACPI: PCI Interrupt Link [LNKH] (IRQs 5 10 *11)
[STDERR  ] 2018-03-31T02:06:03.052316655Z: [    0.812562] ACPI: PCI Interrupt Link [GSIA] (IRQs *16)
[STDERR  ] 2018-03-31T02:06:03.052324256Z: [    0.821410] ACPI: PCI Interrupt Link [GSIB] (IRQs *17)
[STDERR  ] 2018-03-31T02:06:03.052332402Z: [    0.831442] ACPI: PCI Interrupt Link [GSIC] (IRQs *18)
[STDERR  ] 2018-03-31T02:06:03.052339982Z: [    0.841417] ACPI: PCI Interrupt Link [GSID] (IRQs *19)
[STDERR  ] 2018-03-31T02:06:03.052347571Z: [    0.851366] ACPI: PCI Interrupt Link [GSIE] (IRQs *20)
[STDERR  ] 2018-03-31T02:06:03.052360098Z: [    0.861319] ACPI: PCI Interrupt Link [GSIF] (IRQs *21)
[STDERR  ] 2018-03-31T02:06:03.052373159Z: [    0.870035] ACPI: PCI Interrupt Link [GSIG] (IRQs *22)
[STDERR  ] 2018-03-31T02:06:03.052384820Z: [    0.877831] ACPI: PCI Interrupt Link [GSIH] (IRQs *23)
[STDERR  ] 2018-03-31T02:06:03.052392729Z: [    0.881777] ACPI: Enabled 1 GPEs in block 00 to 3F
[STDERR  ] 2018-03-31T02:06:03.052400256Z: [    0.890370] SCSI subsystem initialized
[STDERR  ] 2018-03-31T02:06:03.052412332Z: [    0.896231] ACPI: bus type USB registered
[STDERR  ] 2018-03-31T02:06:03.052420022Z: [    0.900067] usbcore: registered new interface driver usbfs
[STDERR  ] 2018-03-31T02:06:03.052427586Z: [    0.910049] usbcore: registered new interface driver hub
[STDERR  ] 2018-03-31T02:06:03.052435456Z: [    0.920049] usbcore: registered new device driver usb
[STDERR  ] 2018-03-31T02:06:03.052443015Z: [    0.930062] pps_core: LinuxPPS API ver. 1 registered
[STDERR  ] 2018-03-31T02:06:03.052450611Z: [    0.940007] pps_core: Software ver. 5.3.6 - Copyright 2005-2007 Rodolfo Giometti <giometti@linux.it>
[STDERR  ] 2018-03-31T02:06:03.052458527Z: [    0.950075] PTP clock support registered
[STDERR  ] 2018-03-31T02:06:03.052468416Z: [    0.955722] wmi: Mapper loaded
[STDERR  ] 2018-03-31T02:06:03.052481258Z: [    0.960071] PCI: Using ACPI for IRQ routing
[STDERR  ] 2018-03-31T02:06:03.052494555Z: [    1.361212] NetLabel: Initializing
[STDERR  ] 2018-03-31T02:06:03.052505949Z: [    1.365423] NetLabel:  domain hash size = 128
[STDERR  ] 2018-03-31T02:06:03.052518087Z: [    1.370008] NetLabel:  protocols = UNLABELED CIPSOv4
[STDERR  ] 2018-03-31T02:06:03.052531059Z: [    1.376310] NetLabel:  unlabeled traffic allowed by default
[STDERR  ] 2018-03-31T02:06:03.052542866Z: [    1.380241] HPET: 3 timers in total, 0 timers will be used for per-cpu timer
[STDERR  ] 2018-03-31T02:06:03.052560426Z: [    1.390142] hpet0: at MMIO 0xfed00000, IRQs 2, 8, 0
[STDERR  ] 2018-03-31T02:06:03.052574766Z: [    1.400006] hpet0: 3 comparators, 64-bit 100.000000 MHz counter
[STDERR  ] 2018-03-31T02:06:03.052600319Z: [    1.408583] amd_nb: Cannot enumerate AMD northbridges
[STDERR  ] 2018-03-31T02:06:03.052610302Z: [    1.410033] clocksource: Switched to clocksource kvm-clock
[STDERR  ] 2018-03-31T02:06:03.052617949Z: [    1.439375] FS-Cache: Loaded
[STDERR  ] 2018-03-31T02:06:03.052631944Z: [    1.443344] CacheFiles: Loaded
[STDERR  ] 2018-03-31T02:06:03.052639562Z: [    1.447232] pnp: PnP ACPI init
[STDERR  ] 2018-03-31T02:06:03.052647084Z: [    1.452799] pnp: PnP ACPI: found 5 devices
[STDERR  ] 2018-03-31T02:06:03.052659698Z: [    1.463791] clocksource: acpi_pm: mask: 0xffffff max_cycles: 0xffffff, max_idle_ns: 2085701024 ns
[STDERR  ] 2018-03-31T02:06:03.052667833Z: [    1.476681] NET: Registered protocol family 2
[STDERR  ] 2018-03-31T02:06:03.052675498Z: [    1.483297] TCP established hash table entries: 8192 (order: 4, 65536 bytes)
[STDERR  ] 2018-03-31T02:06:03.052683331Z: [    1.493470] TCP bind hash table entries: 8192 (order: 5, 131072 bytes)
[STDERR  ] 2018-03-31T02:06:03.052690902Z: [    1.502966] TCP: Hash tables configured (established 8192 bind 8192)
[STDERR  ] 2018-03-31T02:06:03.052698438Z: [    1.512039] UDP hash table entries: 512 (order: 2, 16384 bytes)
[STDERR  ] 2018-03-31T02:06:03.052706124Z: [    1.520476] UDP-Lite hash table entries: 512 (order: 2, 16384 bytes)
[STDERR  ] 2018-03-31T02:06:03.052713726Z: [    1.529602] NET: Registered protocol family 1
[STDERR  ] 2018-03-31T02:06:03.052721295Z: [    1.536485] Unpacking initramfs...
[STDERR  ] 2018-03-31T02:06:03.052728780Z: [    2.285411] Freeing initrd memory: 23184K
[STDERR  ] 2018-03-31T02:06:03.052736225Z: [    2.298671] PCLMULQDQ-NI instructions are not detected.
[STDERR  ] 2018-03-31T02:06:03.052748235Z: [    2.306030] AVX or AES-NI instructions are not detected.
[STDERR  ] 2018-03-31T02:06:03.052757887Z: [    2.313668] CPU feature 'AVX registers' is not supported.
[STDERR  ] 2018-03-31T02:06:03.052766418Z: [    2.321409] CPU feature 'AVX registers' is not supported.
[STDERR  ] 2018-03-31T02:06:03.052774096Z: [    2.328764] CPU feature 'AVX registers' is not supported.
[STDERR  ] 2018-03-31T02:06:03.052781732Z: [    2.336304] CPU feature 'AVX registers' is not supported.
[STDERR  ] 2018-03-31T02:06:03.052793622Z: [    2.343824] AVX2 or AES-NI instructions are not detected.
[STDERR  ] 2018-03-31T02:06:03.052801339Z: [    2.351622] AVX2 instructions are not detected.
[STDERR  ] 2018-03-31T02:06:03.052808962Z: [    2.358147] audit: initializing netlink subsys (disabled)
[STDERR  ] 2018-03-31T02:06:03.052816615Z: [    2.365934] audit: type=2000 audit(1522461956.375:1): initialized
[STDERR  ] 2018-03-31T02:06:03.052828784Z: [    2.375413] HugeTLB registered 2 MB page size, pre-allocated 0 pages
[STDERR  ] 2018-03-31T02:06:03.052836520Z: [    2.384497] VFS: Disk quotas dquot_6.6.0
[STDERR  ] 2018-03-31T02:06:03.052844080Z: [    2.390177] VFS: Dquot-cache hash table entries: 512 (order 0, 4096 bytes)
[STDERR  ] 2018-03-31T02:06:03.052856336Z: [    2.399849] squashfs: version 4.0 (2009/01/31) Phillip Lougher
[STDERR  ] 2018-03-31T02:06:03.052864139Z: [    2.408472] FS-Cache: Netfs 'cifs' registered for caching
[STDERR  ] 2018-03-31T02:06:03.052871844Z: [    2.416134] fuse init (API version 7.23)
[STDERR  ] 2018-03-31T02:06:03.052879449Z: [    2.421926] SGI XFS with ACLs, security attributes, no debug enabled
[STDERR  ] 2018-03-31T02:06:03.052887167Z: [    2.431087] 9p: Installing v9fs 9p2000 file system support
[STDERR  ] 2018-03-31T02:06:03.052894846Z: [    2.438735] FS-Cache: Netfs '9p' registered for caching
[STDERR  ] 2018-03-31T02:06:03.052902327Z: [    2.446344] Key type big_key registered
[STDERR  ] 2018-03-31T02:06:03.052909887Z: [    2.464174] NET: Registered protocol family 38
[STDERR  ] 2018-03-31T02:06:03.052917312Z: [    2.470670] Key type asymmetric registered
[STDERR  ] 2018-03-31T02:06:03.052924825Z: [    2.476441] Asymmetric key parser 'x509' registered
[STDERR  ] 2018-03-31T02:06:03.052932359Z: [    2.483803] Block layer SCSI generic (bsg) driver version 0.4 loaded (major 251)
[STDERR  ] 2018-03-31T02:06:03.052946299Z: [    2.494812] io scheduler noop registered
[STDERR  ] 2018-03-31T02:06:03.052954125Z: [    2.500152] io scheduler deadline registered (default)
[STDERR  ] 2018-03-31T02:06:03.052961796Z: [    2.506696] io scheduler cfq registered
[STDERR  ] 2018-03-31T02:06:03.052969378Z: [    2.512562] pci_hotplug: PCI Hot Plug PCI Core version: 0.5
[STDERR  ] 2018-03-31T02:06:03.052976885Z: [    2.520410] pciehp: PCI Express Hot Plug Controller Driver version: 0.4
[STDERR  ] 2018-03-31T02:06:03.052984567Z: [    2.529644] shpchp: Standard Hot Plug PCI Controller Driver version: 0.4
[STDERR  ] 2018-03-31T02:06:03.052992132Z: [    2.539025] hv_vmbus: registering driver hyperv_fb
[STDERR  ] 2018-03-31T02:06:03.052999699Z: [    2.545607] input: Power Button as /devices/LNXSYSTM:00/LNXPWRBN:00/input/input0
[STDERR  ] 2018-03-31T02:06:03.053007342Z: [    2.556328] ACPI: Power Button [PWRF]
[STDERR  ] 2018-03-31T02:06:03.053014885Z: [    2.562063] GHES: HEST is not enabled!
[STDERR  ] 2018-03-31T02:06:03.053025006Z: [    2.567394] ACPI: PCI Interrupt Link [GSIG] enabled at IRQ 22
[STDERR  ] 2018-03-31T02:06:03.053032655Z: [    2.581815] ACPI: PCI Interrupt Link [GSIH] enabled at IRQ 23
[STDERR  ] 2018-03-31T02:06:03.053040311Z: [    2.595874] xenfs: not registering filesystem on non-xen platform
[STDERR  ] 2018-03-31T02:06:03.053050399Z: [    2.603118] Serial: 8250/16550 driver, 4 ports, IRQ sharing disabled
[STDERR  ] 2018-03-31T02:06:03.053058146Z: [    2.644150] 00:04: ttyS0 at I/O 0x3f8 (irq = 4, base_baud = 115200) is a 16550A
[STDERR  ] 2018-03-31T02:06:03.053065760Z: [    2.654139] Non-volatile memory driver v1.3
[STDERR  ] 2018-03-31T02:06:03.053073862Z: [    2.661033] Hangcheck: starting hangcheck timer 0.9.1 (tick is 180 seconds, margin is 60 seconds).
[STDERR  ] 2018-03-31T02:06:03.053081679Z: [    2.672137] random: nonblocking pool is initialized
[STDERR  ] 2018-03-31T02:06:03.053091998Z: [    2.687319] loop: module loaded
[STDERR  ] 2018-03-31T02:06:03.053099775Z: [    2.693154] nbd: registered device at major 43
[STDERR  ] 2018-03-31T02:06:03.053107478Z: [    2.699978] lpc_ich 0000:00:1f.0: I/O space for GPIO uninitialized
[STDERR  ] 2018-03-31T02:06:03.053119969Z: [    2.707114] VMware PVSCSI driver - version 1.0.5.0-k
[STDERR  ] 2018-03-31T02:06:03.053127938Z: [    2.712844] hv_vmbus: registering driver hv_storvsc
[STDERR  ] 2018-03-31T02:06:03.053135647Z: [    2.719115] ACPI: PCI Interrupt Link [GSIA] enabled at IRQ 16
[STDERR  ] 2018-03-31T02:06:03.053144962Z: [    2.729001] ahci 0000:00:1f.2: AHCI 0001.0000 32 slots 6 ports 1.5 Gbps 0x3f impl SATA mode
[STDERR  ] 2018-03-31T02:06:03.053155882Z: [    2.739057] ahci 0000:00:1f.2: flags: 64bit ncq only 
[STDERR  ] 2018-03-31T02:06:03.053163658Z: [    2.748500] scsi host0: ahci
[STDERR  ] 2018-03-31T02:06:03.053179456Z: [    2.752002] scsi host1: ahci
[STDERR  ] 2018-03-31T02:06:03.053187465Z: [    2.755458] scsi host2: ahci
[STDERR  ] 2018-03-31T02:06:03.053194951Z: [    2.758850] scsi host3: ahci
[STDERR  ] 2018-03-31T02:06:03.053204232Z: [    2.762391] scsi host4: ahci
[STDERR  ] 2018-03-31T02:06:03.053211840Z: [    2.765776] scsi host5: ahci
[STDERR  ] 2018-03-31T02:06:03.053221180Z: [    2.769210] ata1: SATA max UDMA/133 abar m4096@0xfebd2000 port 0xfebd2100 irq 24
[STDERR  ] 2018-03-31T02:06:03.053228945Z: [    2.777919] ata2: SATA max UDMA/133 abar m4096@0xfebd2000 port 0xfebd2180 irq 24
[STDERR  ] 2018-03-31T02:06:03.053236659Z: [    2.786458] ata3: SATA max UDMA/133 abar m4096@0xfebd2000 port 0xfebd2200 irq 24
[STDERR  ] 2018-03-31T02:06:03.053244191Z: [    2.795533] ata4: SATA max UDMA/133 abar m4096@0xfebd2000 port 0xfebd2280 irq 24
[STDERR  ] 2018-03-31T02:06:03.053251858Z: [    2.804141] ata5: SATA max UDMA/133 abar m4096@0xfebd2000 port 0xfebd2300 irq 24
[STDERR  ] 2018-03-31T02:06:03.053267306Z: [    2.812769] ata6: SATA max UDMA/133 abar m4096@0xfebd2000 port 0xfebd2380 irq 24
[STDERR  ] 2018-03-31T02:06:03.053275054Z: [    2.822326] tun: Universal TUN/TAP device driver, 1.6
[STDERR  ] 2018-03-31T02:06:03.053286679Z: [    2.827642] tun: (C) 1999-2004 Max Krasnyansky <maxk@qualcomm.com>
[STDERR  ] 2018-03-31T02:06:03.053294461Z: [    2.838201] VMware vmxnet3 virtual NIC driver - version 1.4.5.0-k-NAPI
[STDERR  ] 2018-03-31T02:06:03.053302131Z: [    2.845817] hv_vmbus: registering driver hv_netvsc
[STDERR  ] 2018-03-31T02:06:03.053312210Z: [    2.851496] Fusion MPT base driver 3.04.20
[STDERR  ] 2018-03-31T02:06:03.053319759Z: [    2.856375] Copyright (c) 1999-2008 LSI Corporation
[STDERR  ] 2018-03-31T02:06:03.053327381Z: [    2.861569] Fusion MPT SPI Host driver 3.04.20
[STDERR  ] 2018-03-31T02:06:03.053335131Z: [    2.866366] i8042: PNP: PS/2 Controller [PNP0303:KBD,PNP0f13:MOU] at 0x60,0x64 irq 1,12
[STDERR  ] 2018-03-31T02:06:03.053342901Z: [    2.878252] serio: i8042 KBD port at 0x60,0x64 irq 1
[STDERR  ] 2018-03-31T02:06:03.053350541Z: [    2.883490] serio: i8042 AUX port at 0x60,0x64 irq 12
[STDERR  ] 2018-03-31T02:06:03.053358292Z: [    2.888816] hv_vmbus: registering driver hyperv_keyboard
[STDERR  ] 2018-03-31T02:06:03.053365945Z: [    2.894722] mousedev: PS/2 mouse device common for all mice
[STDERR  ] 2018-03-31T02:06:03.053377981Z: [    2.902441] input: AT Translated Set 2 keyboard as /devices/platform/i8042/serio0/input/input1
[STDERR  ] 2018-03-31T02:06:03.053385991Z: [    2.911693] input: PC Speaker as /devices/platform/pcspkr/input/input2
[STDERR  ] 2018-03-31T02:06:03.053393548Z: [    2.918790] rtc_cmos 00:00: RTC can wake from S4
[STDERR  ] 2018-03-31T02:06:03.053403012Z: [    2.926075] rtc_cmos 00:00: rtc core: registered rtc_cmos as rtc0
[STDERR  ] 2018-03-31T02:06:03.053413245Z: [    2.934155] rtc_cmos 00:00: alarms up to one day, y3k, 114 bytes nvram, hpet irqs
[STDERR  ] 2018-03-31T02:06:03.053422958Z: [    2.942970] i2c /dev entries driver
[STDERR  ] 2018-03-31T02:06:03.053430770Z: [    2.947229] device-mapper: ioctl: 4.34.0-ioctl (2015-10-28) initialised: dm-devel@redhat.com
[STDERR  ] 2018-03-31T02:06:03.053438678Z: [    2.957795] usbcore: registered new interface driver usbhid
[STDERR  ] 2018-03-31T02:06:03.053446445Z: [    2.964522] usbhid: USB HID core driver
[STDERR  ] 2018-03-31T02:06:03.053454154Z: [    2.968960] hv_utils: Registering HyperV Utility Driver
[STDERR  ] 2018-03-31T02:06:03.053465094Z: [    2.975153] hv_vmbus: registering driver hv_util
[STDERR  ] 2018-03-31T02:06:03.053472998Z: [    2.980523] hv_vmbus: registering driver hv_balloon
[STDERR  ] 2018-03-31T02:06:03.053483443Z: [    2.986108] oprofile: using NMI interrupt.
[STDERR  ] 2018-03-31T02:06:03.053491398Z: [    2.990649] GACT probability on
[STDERR  ] 2018-03-31T02:06:03.053499072Z: [    2.994024] Mirror/redirect action on
[STDERR  ] 2018-03-31T02:06:03.053506688Z: [    2.997864] Simple TC action Loaded
[STDERR  ] 2018-03-31T02:06:03.053514339Z: [    3.002177] u32 classifier
[STDERR  ] 2018-03-31T02:06:03.053522031Z: [    3.005060]     Performance counters on
[STDERR  ] 2018-03-31T02:06:03.053533770Z: [    3.009075]     input device check on
[STDERR  ] 2018-03-31T02:06:03.053541430Z: [    3.013011]     Actions configured
[STDERR  ] 2018-03-31T02:06:03.053548941Z: [    3.016702] Netfilter messages via NETLINK v0.30.
[STDERR  ] 2018-03-31T02:06:03.053556645Z: [    3.021769] nfnl_acct: registering with nfnetlink.
[STDERR  ] 2018-03-31T02:06:03.053571844Z: [    3.026891] nf_conntrack version 0.5.0 (7922 buckets, 31688 max)
[STDERR  ] 2018-03-31T02:06:03.053579563Z: [    3.033660] ctnetlink v0.93: registering with nfnetlink.
[STDERR  ] 2018-03-31T02:06:03.053588958Z: [    3.039586] nf_tables: (c) 2007-2009 Patrick McHardy <kaber@trash.net>
[STDERR  ] 2018-03-31T02:06:03.053596774Z: [    3.047275] nf_tables_compat: (c) 2012 Pablo Neira Ayuso <pablo@netfilter.org>
[STDERR  ] 2018-03-31T02:06:03.053604363Z: [    3.055746] xt_time: kernel timezone is -0000
[STDERR  ] 2018-03-31T02:06:03.053612119Z: [    3.060565] ip_set: protocol 6
[STDERR  ] 2018-03-31T02:06:03.053622214Z: [    3.063947] IPVS: Registered protocols (TCP, UDP, SCTP, AH, ESP)
[STDERR  ] 2018-03-31T02:06:03.053629941Z: [    3.071019] IPVS: Connection hash table configured (size=4096, memory=64Kbytes)
[STDERR  ] 2018-03-31T02:06:03.053641070Z: [    3.078834] IPVS: Creating netns size=2096 id=0
[STDERR  ] 2018-03-31T02:06:03.053648681Z: [    3.084614] IPVS: ipvs loaded.
[STDERR  ] 2018-03-31T02:06:03.053656430Z: [    3.087870] IPVS: [rr] scheduler registered.
[STDERR  ] 2018-03-31T02:06:03.053663959Z: [    3.092811] IPVS: [wrr] scheduler registered.
[STDERR  ] 2018-03-31T02:06:03.053673552Z: [    3.097357] IPVS: [lc] scheduler registered.
[STDERR  ] 2018-03-31T02:06:03.053681145Z: [    3.101925] IPVS: [wlc] scheduler registered.
[STDERR  ] 2018-03-31T02:06:03.053691541Z: [    3.106487] IPVS: [fo] scheduler registered.
[STDERR  ] 2018-03-31T02:06:03.053699346Z: [    3.111323] IPVS: [ovf] scheduler registered.
[STDERR  ] 2018-03-31T02:06:03.053706950Z: [    3.115866] IPVS: [lblc] scheduler registered.
[STDERR  ] 2018-03-31T02:06:03.053714618Z: [    3.120766] IPVS: [lblcr] scheduler registered.
[STDERR  ] 2018-03-31T02:06:03.053722174Z: [    3.125446] IPVS: [dh] scheduler registered.
[STDERR  ] 2018-03-31T02:06:03.053735135Z: [    3.130787] IPVS: [sh] scheduler registered.
[STDERR  ] 2018-03-31T02:06:03.053742786Z: [    3.135416] IPVS: [sed] scheduler registered.
[STDERR  ] 2018-03-31T02:06:03.053750312Z: [    3.140250] IPVS: [nq] scheduler registered.
[STDERR  ] 2018-03-31T02:06:03.053764321Z: [    3.145073] IPVS: ftp: loaded support on port[0] = 21
[STDERR  ] 2018-03-31T02:06:03.053779083Z: [    3.150795] ipip: IPv4 over IPv4 tunneling driver
[STDERR  ] 2018-03-31T02:06:03.053790654Z: [    3.155858] gre: GRE over IPv4 demultiplexor driver
[STDERR  ] 2018-03-31T02:06:03.053798794Z: [    3.161486] ip_tables: (C) 2000-2006 Netfilter Core Team
[STDERR  ] 2018-03-31T02:06:03.053806585Z: [    3.167180] ipt_CLUSTERIP: ClusterIP Version 0.8 loaded successfully
[STDERR  ] 2018-03-31T02:06:03.053814305Z: [    3.174683] ata1: SATA link down (SStatus 0 SControl 300)
[STDERR  ] 2018-03-31T02:06:03.053821892Z: [    3.181133] ata2: SATA link down (SStatus 0 SControl 300)
[STDERR  ] 2018-03-31T02:06:03.053831991Z: [    3.187936] ata3: SATA link up 1.5 Gbps (SStatus 113 SControl 300)
[STDERR  ] 2018-03-31T02:06:03.053839611Z: [    3.195776] ata4: SATA link down (SStatus 0 SControl 300)
[STDERR  ] 2018-03-31T02:06:03.053850665Z: [    3.202516] ata5: SATA link down (SStatus 0 SControl 300)
[STDERR  ] 2018-03-31T02:06:03.053858441Z: [    3.209075] ata6: SATA link down (SStatus 0 SControl 300)
[STDERR  ] 2018-03-31T02:06:03.053867791Z: [    3.215409] arp_tables: (C) 2002 David S. Miller
[STDERR  ] 2018-03-31T02:06:03.053875344Z: [    3.220348] ata3.00: ATAPI: QEMU DVD-ROM, 2.5+, max UDMA/100
[STDERR  ] 2018-03-31T02:06:03.053882905Z: [    3.226156] ata3.00: applying bridge limits
[STDERR  ] 2018-03-31T02:06:03.053890444Z: [    3.231148] NET: Registered protocol family 10
[STDERR  ] 2018-03-31T02:06:03.053899832Z: [    3.236405] ip6_tables: (C) 2000-2006 Netfilter Core Team
[STDERR  ] 2018-03-31T02:06:03.053907395Z: [    3.242414] ata3.00: configured for UDMA/100
[STDERR  ] 2018-03-31T02:06:03.053914885Z: [    3.248889] NET: Registered protocol family 17
[STDERR  ] 2018-03-31T02:06:03.053922365Z: [    3.254098] scsi 2:0:0:0: CD-ROM            QEMU     QEMU DVD-ROM     2.5+ PQ: 0 ANSI: 5
[STDERR  ] 2018-03-31T02:06:03.053932164Z: [    3.264011] bridge: automatic filtering via arp/ip/ip6tables has been deprecated. Update your scripts to load br_netfilter if you need this.
[STDERR  ] 2018-03-31T02:06:03.053941355Z: [    3.278268] Bridge firewalling registered
[STDERR  ] 2018-03-31T02:06:03.053950685Z: [    3.283528] sr 2:0:0:0: [sr0] scsi3-mmc drive: 4x/4x cd/rw xa/form2 tray
[STDERR  ] 2018-03-31T02:06:03.053960570Z: [    3.291378] cdrom: Uniform CD-ROM driver Revision: 3.20
[STDERR  ] 2018-03-31T02:06:03.053970428Z: [    3.297698] Ebtables v2.0 registered
[STDERR  ] 2018-03-31T02:06:03.053978001Z: [    3.302423] 8021q: 802.1Q VLAN Support v1.8
[STDERR  ] 2018-03-31T02:06:03.053985518Z: [    3.307383] 9pnet: Installing 9P2000 support
[STDERR  ] 2018-03-31T02:06:03.053992906Z: [    3.313026] sr 2:0:0:0: Attached scsi generic sg0 type 5
[STDERR  ] 2018-03-31T02:06:03.054004138Z: [    3.319210] Key type dns_resolver registered
[STDERR  ] 2018-03-31T02:06:03.054014198Z: [    3.324466] registered taskstats version 1
[STDERR  ] 2018-03-31T02:06:03.054024352Z: [    3.334869] Key type encrypted registered
[STDERR  ] 2018-03-31T02:06:03.054031888Z: [    3.341825] rtc_cmos 00:00: setting system clock to 2018-03-31 02:05:58 UTC (1522461958)
[STDERR  ] 2018-03-31T02:06:03.054039743Z: [    3.354268] Freeing unused kernel memory: 1320K
[STDERR  ] 2018-03-31T02:06:03.054047241Z: [    3.359551] Write protecting the kernel read-only data: 12288k
[STDERR  ] 2018-03-31T02:06:03.054055017Z: [    3.366787] Freeing unused kernel memory: 544K
[STDERR  ] 2018-03-31T02:06:03.054062519Z: [    3.376103] Freeing unused kernel memory: 1392K
[STDERR  ] 2018-03-31T02:06:03.054069994Z: 
[STDERR  ] 2018-03-31T02:06:03.054077621Z: Welcome to LinuxKit
[STDERR  ] 2018-03-31T02:06:03.054085175Z: 
[STDERR  ] 2018-03-31T02:06:03.054092559Z:                         ##         .
[STDERR  ] 2018-03-31T02:06:03.054100278Z:                   ## ## ##        ==
[STDERR  ] 2018-03-31T02:06:03.054107605Z:                ## ## ## ## ##    ===
[STDERR  ] 2018-03-31T02:06:03.054115050Z:            /"""""""""""""""""\___/ ===
[STDERR  ] 2018-03-31T02:06:03.054124290Z:           {                       /  ===-
[STDERR  ] 2018-03-31T02:06:03.054133254Z:            \______ O           __/
[STDERR  ] 2018-03-31T02:06:03.054140664Z:              \    \         __/
[STDERR  ] 2018-03-31T02:06:03.054148650Z:               \____\_______/
[STDERR  ] 2018-03-31T02:06:03.054158346Z: 
[STDERR  ] 2018-03-31T02:06:03.054165905Z: [    3.855775] hello_world: loading out-of-tree module taints kernel.
[STDERR  ] 2018-03-31T02:06:03.054175457Z: [    3.863880] Hello LinuxKit
[STDERR  ] 2018-03-31T02:06:03.054183048Z: [    3.870185] Goodbye LinuxKit.
[STDERR  ] 2018-03-31T02:06:03.054190598Z: Linux linuxkit-ae59ce202a98 4.4.123-linuxkit #1 SMP Thu Mar 22 21:54:11 UTC 2018 x86_64 Linux
[STDERR  ] 2018-03-31T02:06:03.054198414Z: filename:       hello_world.ko
[STDERR  ] 2018-03-31T02:06:03.054205892Z: author:         Rolf Neugebauer <rolf.neugebauer@docker.com>
[STDERR  ] 2018-03-31T02:06:03.054216644Z: description:    A simple Hello World kernel module for testing
[STDERR  ] 2018-03-31T02:06:03.054224621Z: license:        GPL
[STDERR  ] 2018-03-31T02:06:03.054232225Z: depends:        
[STDERR  ] 2018-03-31T02:06:03.054239814Z: vermagic:       4.4.123-linuxkit SMP mod_unload 
[STDERR  ] 2018-03-31T02:06:03.054247495Z: Kernel module test suite PASSED
[STDERR  ] 2018-03-31T02:06:03.054260841Z: [    6.944610] ACPI: Preparing to enter system sleep state S5
[STDERR  ] 2018-03-31T02:06:03.054268595Z: [    6.952594] reboot: Power down
[STDERR  ] 2018-03-31T02:06:03.054276105Z: + echo [    0.000000] Initializing cgroup subsys cpuset
[STDERR  ] 2018-03-31T02:06:03.054288910Z: [    0.000000] Initializing cgroup subsys cpu
[STDERR  ] 2018-03-31T02:06:03.054296535Z: [    0.000000] Initializing cgroup subsys cpuacct
[STDERR  ] 2018-03-31T02:06:03.054304348Z: [    0.000000] Linux version 4.4.123-linuxkit (root@8f13e2a25119) (gcc version 6.4.0 (Alpine 6.4.0) ) #1 SMP Thu Mar 22 21:54:11 UTC 2018
[STDERR  ] 2018-03-31T02:06:03.054312725Z: [    0.000000] Command line: console=ttyS0 console=ttyAMA0
[STDERR  ] 2018-03-31T02:06:03.054320598Z: [    0.000000] x86/fpu: Legacy x87 FPU detected.
[STDERR  ] 2018-03-31T02:06:03.054331774Z: [    0.000000] x86/fpu: Using 'lazy' FPU context switches.
[STDERR  ] 2018-03-31T02:06:03.054339431Z: [    0.000000] e820: BIOS-provided physical RAM map:
[STDERR  ] 2018-03-31T02:06:03.054346950Z: [    0.000000] BIOS-e820: [mem 0x0000000000000000-0x000000000009fbff] usable
[STDERR  ] 2018-03-31T02:06:03.054354631Z: [    0.000000] BIOS-e820: [mem 0x000000000009fc00-0x000000000009ffff] reserved
[STDERR  ] 2018-03-31T02:06:03.054362223Z: [    0.000000] BIOS-e820: [mem 0x00000000000f0000-0x00000000000fffff] reserved
[STDERR  ] 2018-03-31T02:06:03.054369775Z: [    0.000000] BIOS-e820: [mem 0x0000000000100000-0x000000003ffdefff] usable
[STDERR  ] 2018-03-31T02:06:03.054382605Z: [    0.000000] BIOS-e820: [mem 0x000000003ffdf000-0x000000003fffffff] reserved
[STDERR  ] 2018-03-31T02:06:03.054390481Z: [    0.000000] BIOS-e820: [mem 0x00000000b0000000-0x00000000bfffffff] reserved
[STDERR  ] 2018-03-31T02:06:03.054399837Z: [    0.000000] BIOS-e820: [mem 0x00000000fed1c000-0x00000000fed1ffff] reserved
[STDERR  ] 2018-03-31T02:06:03.054408204Z: [    0.000000] BIOS-e820: [mem 0x00000000feffc000-0x00000000feffffff] reserved
[STDERR  ] 2018-03-31T02:06:03.054415770Z: [    0.000000] BIOS-e820: [mem 0x00000000fffc0000-0x00000000ffffffff] reserved
[STDERR  ] 2018-03-31T02:06:03.054426483Z: [    0.000000] NX (Execute Disable) protection: active
[STDERR  ] 2018-03-31T02:06:03.054434377Z: [    0.000000] SMBIOS 2.8 present.
[STDERR  ] 2018-03-31T02:06:03.054442041Z: [    0.000000] Hypervisor detected: KVM
[STDERR  ] 2018-03-31T02:06:03.054449751Z: [    0.000000] e820: last_pfn = 0x3ffdf max_arch_pfn = 0x400000000
[STDERR  ] 2018-03-31T02:06:03.054457490Z: [    0.000000] x86/PAT: PAT not supported by CPU.
[STDERR  ] 2018-03-31T02:06:03.054467421Z: [    0.000000] x86/PAT: Configuration [0-7]: WB  WT  UC- UC  WB  WT  UC- UC  
[STDERR  ] 2018-03-31T02:06:03.054475131Z: [    0.000000] found SMP MP-table at [mem 0x000f6aa0-0x000f6aaf] mapped at [ffff8800000f6aa0]
[STDERR  ] 2018-03-31T02:06:03.054482983Z: [    0.000000] RAMDISK: [mem 0x3e92c000-0x3ffcffff]
[STDERR  ] 2018-03-31T02:06:03.054492395Z: [    0.000000] ACPI: Early table checksum verification disabled
[STDERR  ] 2018-03-31T02:06:03.054500045Z: [    0.000000] ACPI: RSDP 0x00000000000F68B0 000014 (v00 BOCHS )
[STDERR  ] 2018-03-31T02:06:03.054509248Z: [    0.000000] ACPI: RSDT 0x000000003FFE20A8 000034 (v01 BOCHS  BXPCRSDT 00000001 BXPC 00000001)
[STDERR  ] 2018-03-31T02:06:03.054517044Z: [    0.000000] ACPI: FACP 0x000000003FFE1EC8 0000F4 (v03 BOCHS  BXPCFACP 00000001 BXPC 00000001)
[STDERR  ] 2018-03-31T02:06:03.054527344Z: [    0.000000] ACPI: DSDT 0x000000003FFE0040 001E88 (v01 BOCHS  BXPCDSDT 00000001 BXPC 00000001)
[STDERR  ] 2018-03-31T02:06:03.054534994Z: [    0.000000] ACPI: FACS 0x000000003FFE0000 000040
[STDERR  ] 2018-03-31T02:06:03.054545681Z: [    0.000000] ACPI: APIC 0x000000003FFE1FBC 000078 (v01 BOCHS  BXPCAPIC 00000001 BXPC 00000001)
[STDERR  ] 2018-03-31T02:06:03.054553591Z: [    0.000000] ACPI: HPET 0x000000003FFE2034 000038 (v01 BOCHS  BXPCHPET 00000001 BXPC 00000001)
[STDERR  ] 2018-03-31T02:06:03.054561125Z: [    0.000000] ACPI: MCFG 0x000000003FFE206C 00003C (v01 BOCHS  BXPCMCFG 00000001 BXPC 00000001)
[STDERR  ] 2018-03-31T02:06:03.054568764Z: [    0.000000] kvm-clock: Using msrs 4b564d01 and 4b564d00
[STDERR  ] 2018-03-31T02:06:03.054576423Z: [    0.000000] kvm-clock: cpu 0, msr 0:3ffdd001, primary cpu clock
[STDERR  ] 2018-03-31T02:06:03.054584052Z: [    0.000000] clocksource: kvm-clock: mask: 0xffffffffffffffff max_cycles: 0x1cd42e4dffb, max_idle_ns: 881590591483 ns
[STDERR  ] 2018-03-31T02:06:03.054591964Z: [    0.000000] Zone ranges:
[STDERR  ] 2018-03-31T02:06:03.054601201Z: [    0.000000]   DMA      [mem 0x0000000000001000-0x0000000000ffffff]
[STDERR  ] 2018-03-31T02:06:03.054608786Z: [    0.000000]   DMA32    [mem 0x0000000001000000-0x000000003ffdefff]
[STDERR  ] 2018-03-31T02:06:03.054616272Z: [    0.000000]   Normal   empty
[STDERR  ] 2018-03-31T02:06:03.054623791Z: [    0.000000] Movable zone start for each node
[STDERR  ] 2018-03-31T02:06:03.054635345Z: [    0.000000] Early memory node ranges
[STDERR  ] 2018-03-31T02:06:03.054647437Z: [    0.000000]   node   0: [mem 0x0000000000001000-0x000000000009efff]
[STDERR  ] 2018-03-31T02:06:03.054654968Z: [    0.000000]   node   0: [mem 0x0000000000100000-0x000000003ffdefff]
[STDERR  ] 2018-03-31T02:06:03.054666563Z: [    0.000000] Initmem setup node 0 [mem 0x0000000000001000-0x000000003ffdefff]
[STDERR  ] 2018-03-31T02:06:03.054674258Z: [    0.000000] ACPI: PM-Timer IO Port: 0x608
[STDERR  ] 2018-03-31T02:06:03.054683590Z: [    0.000000] ACPI: LAPIC_NMI (acpi_id[0xff] dfl dfl lint[0x1])
[STDERR  ] 2018-03-31T02:06:03.054694603Z: [    0.000000] IOAPIC[0]: apic_id 0, version 17, address 0xfec00000, GSI 0-23
[STDERR  ] 2018-03-31T02:06:03.054702335Z: [    0.000000] ACPI: INT_SRC_OVR (bus 0 bus_irq 0 global_irq 2 dfl dfl)
[STDERR  ] 2018-03-31T02:06:03.054709879Z: [    0.000000] ACPI: INT_SRC_OVR (bus 0 bus_irq 5 global_irq 5 high level)
[STDERR  ] 2018-03-31T02:06:03.054717351Z: [    0.000000] ACPI: INT_SRC_OVR (bus 0 bus_irq 9 global_irq 9 high level)
[STDERR  ] 2018-03-31T02:06:03.054724886Z: [    0.000000] ACPI: INT_SRC_OVR (bus 0 bus_irq 10 global_irq 10 high level)
[STDERR  ] 2018-03-31T02:06:03.054734984Z: [    0.000000] ACPI: INT_SRC_OVR (bus 0 bus_irq 11 global_irq 11 high level)
[STDERR  ] 2018-03-31T02:06:03.054742570Z: [    0.000000] Using ACPI (MADT) for SMP configuration information
[STDERR  ] 2018-03-31T02:06:03.054750072Z: [    0.000000] ACPI: HPET id: 0x8086a201 base: 0xfed00000
[STDERR  ] 2018-03-31T02:06:03.054760814Z: [    0.000000] smpboot: Allowing 1 CPUs, 0 hotplug CPUs
[STDERR  ] 2018-03-31T02:06:03.054773546Z: [    0.000000] e820: [mem 0x40000000-0xafffffff] available for PCI devices
[STDERR  ] 2018-03-31T02:06:03.054781430Z: [    0.000000] Booting paravirtualized kernel on KVM
[STDERR  ] 2018-03-31T02:06:03.054789065Z: [    0.000000] clocksource: refined-jiffies: mask: 0xffffffff max_cycles: 0xffffffff, max_idle_ns: 19112604462750000 ns
[STDERR  ] 2018-03-31T02:06:03.054797675Z: [    0.000000] setup_percpu: NR_CPUS:128 nr_cpumask_bits:128 nr_cpu_ids:1 nr_node_ids:1
[STDERR  ] 2018-03-31T02:06:03.054809125Z: [    0.000000] PERCPU: Embedded 33 pages/cpu @ffff88003e600000 s97048 r8192 d29928 u2097152
[STDERR  ] 2018-03-31T02:06:03.054816935Z: [    0.000000] KVM setup async PF for cpu 0
[STDERR  ] 2018-03-31T02:06:03.054824548Z: [    0.000000] kvm-stealtime: cpu 0, msr 3e60fdc0
[STDERR  ] 2018-03-31T02:06:03.054832179Z: [    0.000000] Built 1 zonelists in Zone order, mobility grouping on.  Total pages: 257895
[STDERR  ] 2018-03-31T02:06:03.054839957Z: [    0.000000] Kernel command line: console=ttyS0 console=ttyAMA0
[STDERR  ] 2018-03-31T02:06:03.054847750Z: [    0.000000] PID hash table entries: 4096 (order: 3, 32768 bytes)
[STDERR  ] 2018-03-31T02:06:03.054858795Z: [    0.000000] Dentry cache hash table entries: 131072 (order: 8, 1048576 bytes)
[STDERR  ] 2018-03-31T02:06:03.054866604Z: [    0.000000] Inode-cache hash table entries: 65536 (order: 7, 524288 bytes)
[STDERR  ] 2018-03-31T02:06:03.054874345Z: [    0.000000] Memory: 990844K/1048052K available (7638K kernel code, 1278K rwdata, 2704K rodata, 1320K init, 688K bss, 57208K reserved, 0K cma-reserved)
[STDERR  ] 2018-03-31T02:06:03.054884311Z: [    0.000000] Kernel/User page tables isolation: enabled
[STDERR  ] 2018-03-31T02:06:03.054892234Z: [    0.000000] Hierarchical RCU implementation.
[STDERR  ] 2018-03-31T02:06:03.054899917Z: [    0.000000] 	Build-time adjustment of leaf fanout to 64.
[STDERR  ] 2018-03-31T02:06:03.054907517Z: [    0.000000] 	RCU restricting CPUs from NR_CPUS=128 to nr_cpu_ids=1.
[STDERR  ] 2018-03-31T02:06:03.054919994Z: [    0.000000] RCU: Adjusting geometry for rcu_fanout_leaf=64, nr_cpu_ids=1
[STDERR  ] 2018-03-31T02:06:03.054927645Z: [    0.000000] NR_IRQS:8448 nr_irqs:256 16
[STDERR  ] 2018-03-31T02:06:03.054935230Z: [    0.000000] Console: colour VGA+ 80x25
[STDERR  ] 2018-03-31T02:06:03.054942910Z: [    0.000000] console [ttyS0] enabled
[STDERR  ] 2018-03-31T02:06:03.054952919Z: [    0.000000] clocksource: hpet: mask: 0xffffffff max_cycles: 0xffffffff, max_idle_ns: 19112604467 ns
[STDERR  ] 2018-03-31T02:06:03.054963005Z: [    0.000000] tsc: Detected 2300.000 MHz processor
[STDERR  ] 2018-03-31T02:06:03.054970666Z: [    0.020000] Calibrating delay loop (skipped) preset value.. 4600.00 BogoMIPS (lpj=23000000)
[STDERR  ] 2018-03-31T02:06:03.054978586Z: [    0.023090] pid_max: default: 32768 minimum: 301
[STDERR  ] 2018-03-31T02:06:03.054986068Z: [    0.028004] ACPI: Core revision 20150930
[STDERR  ] 2018-03-31T02:06:03.054993610Z: [    0.030674] ACPI: 1 ACPI AML tables successfully acquired and loaded
[STDERR  ] 2018-03-31T02:06:03.055004597Z: [    0.040343] Security Framework initialized
[STDERR  ] 2018-03-31T02:06:03.055014717Z: [    0.045493] Yama: becoming mindful.
[STDERR  ] 2018-03-31T02:06:03.055022398Z: [    0.050079] Mount-cache hash table entries: 2048 (order: 2, 16384 bytes)
[STDERR  ] 2018-03-31T02:06:03.055030268Z: [    0.057764] Mountpoint-cache hash table entries: 2048 (order: 2, 16384 bytes)
[STDERR  ] 2018-03-31T02:06:03.055037998Z: [    0.060300] Initializing cgroup subsys io
[STDERR  ] 2018-03-31T02:06:03.055045554Z: [    0.070032] Initializing cgroup subsys memory
[STDERR  ] 2018-03-31T02:06:03.055054888Z: [    0.074953] Initializing cgroup subsys devices
[STDERR  ] 2018-03-31T02:06:03.055062538Z: [    0.080041] Initializing cgroup subsys freezer
[STDERR  ] 2018-03-31T02:06:03.055070046Z: [    0.085081] Initializing cgroup subsys net_cls
[STDERR  ] 2018-03-31T02:06:03.055077710Z: [    0.090042] Initializing cgroup subsys perf_event
[STDERR  ] 2018-03-31T02:06:03.055085304Z: [    0.095803] Initializing cgroup subsys net_prio
[STDERR  ] 2018-03-31T02:06:03.055094692Z: [    0.100048] Initializing cgroup subsys hugetlb
[STDERR  ] 2018-03-31T02:06:03.055102251Z: [    0.105037] Initializing cgroup subsys pids
[STDERR  ] 2018-03-31T02:06:03.055114619Z: [    0.111225] CPU: Physical Processor ID: 0
[STDERR  ] 2018-03-31T02:06:03.055124492Z: [    0.120139] Last level iTLB entries: 4KB 0, 2MB 0, 4MB 0
[STDERR  ] 2018-03-31T02:06:03.055132183Z: [    0.126440] Last level dTLB entries: 4KB 0, 2MB 0, 4MB 0, 1GB 0
[STDERR  ] 2018-03-31T02:06:03.055141283Z: [    0.130036] Spectre V2 : Vulnerable: Minimal generic ASM retpoline
[STDERR  ] 2018-03-31T02:06:03.055423866Z: [    0.247421] Freeing SMP alternatives memory: 20K
[STDERR  ] 2018-03-31T02:06:03.055462584Z: [    0.282818] ftrace: allocating 33470 entries in 131 pages
[STDERR  ] 2018-03-31T02:06:03.055493495Z: [    0.311230] ..TIMER: vector=0x30 apic1=0 pin1=2 apic2=-1 pin2=-1
[STDERR  ] 2018-03-31T02:06:03.055523319Z: [    0.320000] smpboot: CPU0: Intel QEMU Virtual CPU version 2.5+ (family: 0x6, model: 0x6, stepping: 0x3)
[STDERR  ] 2018-03-31T02:06:03.055573191Z: [    0.320056] Performance Events: Broken PMU hardware detected, using software events only.
[STDERR  ] 2018-03-31T02:06:03.055611701Z: [    0.336572] Failed to access perfctr msr (MSR c2 is 0)
[STDERR  ] 2018-03-31T02:06:03.055641418Z: [    0.340308] x86: Booted up 1 node, 1 CPUs
[STDERR  ] 2018-03-31T02:06:03.055669141Z: [    0.344965] smpboot: Total of 1 processors activated (4600.00 BogoMIPS)
[STDERR  ] 2018-03-31T02:06:03.055700686Z: [    0.351994] devtmpfs: initialized
[STDERR  ] 2018-03-31T02:06:03.055728404Z: [    0.362785] clocksource: jiffies: mask: 0xffffffff max_cycles: 0xffffffff, max_idle_ns: 19112604462750000 ns
[STDERR  ] 2018-03-31T02:06:03.055756418Z: [    0.370043] futex hash table entries: 256 (order: 2, 16384 bytes)
[STDERR  ] 2018-03-31T02:06:03.055787278Z: [    0.380352] NET: Registered protocol family 16
[STDERR  ] 2018-03-31T02:06:03.055815905Z: [    0.385492] cpuidle: using governor ladder
[STDERR  ] 2018-03-31T02:06:03.055843972Z: [    0.390028] cpuidle: using governor menu
[STDERR  ] 2018-03-31T02:06:03.056451685Z: [    0.394715] ACPI: bus type PCI registered
[STDERR  ] 2018-03-31T02:06:03.056498234Z: [    0.400528] PCI: MMCONFIG for domain 0000 [bus 00-ff] at [mem 0xb0000000-0xbfffffff] (base 0xb0000000)
[STDERR  ] 2018-03-31T02:06:03.056517274Z: [    0.410014] PCI: MMCONFIG at [mem 0xb0000000-0xbfffffff] reserved in E820
[STDERR  ] 2018-03-31T02:06:03.056532792Z: [    0.420028] PCI: Using configuration type 1 for base access
[STDERR  ] 2018-03-31T02:06:03.056545554Z: [    0.427807] ACPI: Added _OSI(Module Device)
[STDERR  ] 2018-03-31T02:06:03.056561939Z: [    0.430009] ACPI: Added _OSI(Processor Device)
[STDERR  ] 2018-03-31T02:06:03.056575251Z: [    0.434678] ACPI: Added _OSI(3.0 _SCP Extensions)
[STDERR  ] 2018-03-31T02:06:03.056588839Z: [    0.440011] ACPI: Added _OSI(Processor Aggregator Device)
[STDERR  ] 2018-03-31T02:06:03.056602152Z: [    0.453309] ACPI: Interpreter enabled
[STDERR  ] 2018-03-31T02:06:03.056624679Z: [    0.457231] ACPI: (supports S0 S5)
[STDERR  ] 2018-03-31T02:06:03.056637715Z: [    0.460009] ACPI: Using IOAPIC for interrupt routing
[STDERR  ] 2018-03-31T02:06:03.056650958Z: [    0.465636] PCI: Using host bridge windows from ACPI; if necessary, use "pci=nocrs" and report a bug
[STDERR  ] 2018-03-31T02:06:03.056664094Z: [    0.480289] ACPI: PCI Root Bridge [PCI0] (domain 0000 [bus 00-ff])
[STDERR  ] 2018-03-31T02:06:03.056677791Z: [    0.487725] acpi PNP0A08:00: _OSC: OS supports [ExtendedConfig ASPM ClockPM Segments MSI]
[STDERR  ] 2018-03-31T02:06:03.056693144Z: [    0.490190] acpi PNP0A08:00: _OSC: OS now controls [PCIeHotplug PME PCIeCapability]
[STDERR  ] 2018-03-31T02:06:03.056706191Z: [    0.500103] PCI host bridge to bus 0000:00
[STDERR  ] 2018-03-31T02:06:03.056719250Z: [    0.510009] pci_bus 0000:00: root bus resource [io  0x0000-0x0cf7 window]
[STDERR  ] 2018-03-31T02:06:03.056733555Z: [    0.517831] pci_bus 0000:00: root bus resource [io  0x0d00-0xffff window]
[STDERR  ] 2018-03-31T02:06:03.056746854Z: [    0.520017] pci_bus 0000:00: root bus resource [mem 0x000a0000-0x000bffff window]
[STDERR  ] 2018-03-31T02:06:03.056779624Z: [    0.530016] pci_bus 0000:00: root bus resource [mem 0xc0000000-0xfebfffff window]
[STDERR  ] 2018-03-31T02:06:03.056794299Z: [    0.540016] pci_bus 0000:00: root bus resource [bus 00-ff]
[STDERR  ] 2018-03-31T02:06:03.056806894Z: [    0.670481] pci 0000:00:1f.0: quirk: [io  0x0600-0x067f] claimed by ICH6 ACPI/GPIO/TCO
[STDERR  ] 2018-03-31T02:06:03.056820459Z: [    0.739749] ACPI: PCI Interrupt Link [LNKA] (IRQs 5 *10 11)
[STDERR  ] 2018-03-31T02:06:03.056838744Z: [    0.743509] ACPI: PCI Interrupt Link [LNKB] (IRQs 5 *10 11)
[STDERR  ] 2018-03-31T02:06:03.056852635Z: [    0.752775] ACPI: PCI Interrupt Link [LNKC] (IRQs 5 10 *11)
[STDERR  ] 2018-03-31T02:06:03.056865361Z: [    0.762733] ACPI: PCI Interrupt Link [LNKD] (IRQs 5 10 *11)
[STDERR  ] 2018-03-31T02:06:03.056880648Z: [    0.772888] ACPI: PCI Interrupt Link [LNKE] (IRQs 5 *10 11)
[STDERR  ] 2018-03-31T02:06:03.056894654Z: [    0.782897] ACPI: PCI Interrupt Link [LNKF] (IRQs 5 *10 11)
[STDERR  ] 2018-03-31T02:06:03.056914750Z: [    0.792918] ACPI: PCI Interrupt Link [LNKG] (IRQs 5 10 *11)
[STDERR  ] 2018-03-31T02:06:03.056933443Z: [    0.802883] ACPI: PCI Interrupt Link [LNKH] (IRQs 5 10 *11)
[STDERR  ] 2018-03-31T02:06:03.056948706Z: [    0.812562] ACPI: PCI Interrupt Link [GSIA] (IRQs *16)
[STDERR  ] 2018-03-31T02:06:03.056963097Z: [    0.821410] ACPI: PCI Interrupt Link [GSIB] (IRQs *17)
[STDERR  ] 2018-03-31T02:06:03.056976611Z: [    0.831442] ACPI: PCI Interrupt Link [GSIC] (IRQs *18)
[STDERR  ] 2018-03-31T02:06:03.056989865Z: [    0.841417] ACPI: PCI Interrupt Link [GSID] (IRQs *19)
[STDERR  ] 2018-03-31T02:06:03.057003578Z: [    0.851366] ACPI: PCI Interrupt Link [GSIE] (IRQs *20)
[STDERR  ] 2018-03-31T02:06:03.057017452Z: [    0.861319] ACPI: PCI Interrupt Link [GSIF] (IRQs *21)
[STDERR  ] 2018-03-31T02:06:03.057030838Z: [    0.870035] ACPI: PCI Interrupt Link [GSIG] (IRQs *22)
[STDERR  ] 2018-03-31T02:06:03.057044198Z: [    0.877831] ACPI: PCI Interrupt Link [GSIH] (IRQs *23)
[STDERR  ] 2018-03-31T02:06:03.057062161Z: [    0.881777] ACPI: Enabled 1 GPEs in block 00 to 3F
[STDERR  ] 2018-03-31T02:06:03.057076092Z: [    0.890370] SCSI subsystem initialized
[STDERR  ] 2018-03-31T02:06:03.057089528Z: [    0.896231] ACPI: bus type USB registered
[STDERR  ] 2018-03-31T02:06:03.057105865Z: [    0.900067] usbcore: registered new interface driver usbfs
[STDERR  ] 2018-03-31T02:06:03.057119745Z: [    0.910049] usbcore: registered new interface driver hub
[STDERR  ] 2018-03-31T02:06:03.057132990Z: [    0.920049] usbcore: registered new device driver usb
[STDERR  ] 2018-03-31T02:06:03.057146658Z: [    0.930062] pps_core: LinuxPPS API ver. 1 registered
[STDERR  ] 2018-03-31T02:06:03.057160052Z: [    0.940007] pps_core: Software ver. 5.3.6 - Copyright 2005-2007 Rodolfo Giometti <giometti@linux.it>
[STDERR  ] 2018-03-31T02:06:03.057176911Z: [    0.950075] PTP clock support registered
[STDERR  ] 2018-03-31T02:06:03.057196955Z: [    0.955722] wmi: Mapper loaded
[STDERR  ] 2018-03-31T02:06:03.057211718Z: [    0.960071] PCI: Using ACPI for IRQ routing
[STDERR  ] 2018-03-31T02:06:03.057225551Z: [    1.361212] NetLabel: Initializing
[STDERR  ] 2018-03-31T02:06:03.057239223Z: [    1.365423] NetLabel:  domain hash size = 128
[STDERR  ] 2018-03-31T02:06:03.057253051Z: [    1.370008] NetLabel:  protocols = UNLABELED CIPSOv4
[STDERR  ] 2018-03-31T02:06:03.057267170Z: [    1.376310] NetLabel:  unlabeled traffic allowed by default
[STDERR  ] 2018-03-31T02:06:03.057279891Z: [    1.380241] HPET: 3 timers in total, 0 timers will be used for per-cpu timer
[STDERR  ] 2018-03-31T02:06:03.057292734Z: [    1.390142] hpet0: at MMIO 0xfed00000, IRQs 2, 8, 0
[STDERR  ] 2018-03-31T02:06:03.057305999Z: [    1.400006] hpet0: 3 comparators, 64-bit 100.000000 MHz counter
[STDERR  ] 2018-03-31T02:06:03.057320126Z: [    1.408583] amd_nb: Cannot enumerate AMD northbridges
[STDERR  ] 2018-03-31T02:06:03.057334246Z: [    1.410033] clocksource: Switched to clocksource kvm-clock
[STDERR  ] 2018-03-31T02:06:03.057348766Z: [    1.439375] FS-Cache: Loaded
[STDERR  ] 2018-03-31T02:06:03.057361815Z: [    1.443344] CacheFiles: Loaded
[STDERR  ] 2018-03-31T02:06:03.057377731Z: [    1.447232] pnp: PnP ACPI init
[STDERR  ] 2018-03-31T02:06:03.057389792Z: [    1.452799] pnp: PnP ACPI: found 5 devices
[STDERR  ] 2018-03-31T02:06:03.057403019Z: [    1.463791] clocksource: acpi_pm: mask: 0xffffff max_cycles: 0xffffff, max_idle_ns: 2085701024 ns
[STDERR  ] 2018-03-31T02:06:03.057417005Z: [    1.476681] NET: Registered protocol family 2
[STDERR  ] 2018-03-31T02:06:03.057430778Z: [    1.483297] TCP established hash table entries: 8192 (order: 4, 65536 bytes)
[STDERR  ] 2018-03-31T02:06:03.057443137Z: [    1.493470] TCP bind hash table entries: 8192 (order: 5, 131072 bytes)
[STDERR  ] 2018-03-31T02:06:03.057456104Z: [    1.502966] TCP: Hash tables configured (established 8192 bind 8192)
[STDERR  ] 2018-03-31T02:06:03.057471843Z: [    1.512039] UDP hash table entries: 512 (order: 2, 16384 bytes)
[STDERR  ] 2018-03-31T02:06:03.057488199Z: [    1.520476] UDP-Lite hash table entries: 512 (order: 2, 16384 bytes)
[STDERR  ] 2018-03-31T02:06:03.057508657Z: [    1.529602] NET: Registered protocol family 1
[STDERR  ] 2018-03-31T02:06:03.057523159Z: [    1.536485] Unpacking initramfs...
[STDERR  ] 2018-03-31T02:06:03.057539478Z: [    2.285411] Freeing initrd memory: 23184K
[STDERR  ] 2018-03-31T02:06:03.057553065Z: [    2.298671] PCLMULQDQ-NI instructions are not detected.
[STDERR  ] 2018-03-31T02:06:03.057567254Z: [    2.306030] AVX or AES-NI instructions are not detected.
[STDERR  ] 2018-03-31T02:06:03.057592254Z: [    2.313668] CPU feature 'AVX registers' is not supported.
[STDERR  ] 2018-03-31T02:06:03.057605732Z: [    2.321409] CPU feature 'AVX registers' is not supported.
[STDERR  ] 2018-03-31T02:06:03.057620692Z: [    2.328764] CPU feature 'AVX registers' is not supported.
[STDERR  ] 2018-03-31T02:06:03.057634770Z: [    2.336304] CPU feature 'AVX registers' is not supported.
[STDERR  ] 2018-03-31T02:06:03.057650532Z: [    2.343824] AVX2 or AES-NI instructions are not detected.
[STDERR  ] 2018-03-31T02:06:03.057665558Z: [    2.351622] AVX2 instructions are not detected.
[STDERR  ] 2018-03-31T02:06:03.057679850Z: [    2.358147] audit: initializing netlink subsys (disabled)
[STDERR  ] 2018-03-31T02:06:03.057693790Z: [    2.365934] audit: type=2000 audit(1522461956.375:1): initialized
[STDERR  ] 2018-03-31T02:06:03.057706675Z: [    2.375413] HugeTLB registered 2 MB page size, pre-allocated 0 pages
[STDERR  ] 2018-03-31T02:06:03.057720517Z: [    2.384497] VFS: Disk quotas dquot_6.6.0
[STDERR  ] 2018-03-31T02:06:03.057733664Z: [    2.390177] VFS: Dquot-cache hash table entries: 512 (order 0, 4096 bytes)
[STDERR  ] 2018-03-31T02:06:03.057747434Z: [    2.399849] squashfs: version 4.0 (2009/01/31) Phillip Lougher
[STDERR  ] 2018-03-31T02:06:03.057773646Z: [    2.408472] FS-Cache: Netfs 'cifs' registered for caching
[STDERR  ] 2018-03-31T02:06:03.057796508Z: [    2.416134] fuse init (API version 7.23)
[STDERR  ] 2018-03-31T02:06:03.057810061Z: [    2.421926] SGI XFS with ACLs, security attributes, no debug enabled
[STDERR  ] 2018-03-31T02:06:03.057824123Z: [    2.431087] 9p: Installing v9fs 9p2000 file system support
[STDERR  ] 2018-03-31T02:06:03.057842197Z: [    2.438735] FS-Cache: Netfs '9p' registered for caching
[STDERR  ] 2018-03-31T02:06:03.057857479Z: [    2.446344] Key type big_key registered
[STDERR  ] 2018-03-31T02:06:03.057872739Z: [    2.464174] NET: Registered protocol family 38
[STDERR  ] 2018-03-31T02:06:03.057888851Z: [    2.470670] Key type asymmetric registered
[STDERR  ] 2018-03-31T02:06:03.057902704Z: [    2.476441] Asymmetric key parser 'x509' registered
[STDERR  ] 2018-03-31T02:06:03.057917218Z: [    2.483803] Block layer SCSI generic (bsg) driver version 0.4 loaded (major 251)
[STDERR  ] 2018-03-31T02:06:03.057934911Z: [    2.494812] io scheduler noop registered
[STDERR  ] 2018-03-31T02:06:03.057949721Z: [    2.500152] io scheduler deadline registered (default)
[STDERR  ] 2018-03-31T02:06:03.057963410Z: [    2.506696] io scheduler cfq registered
[STDERR  ] 2018-03-31T02:06:03.057977130Z: [    2.512562] pci_hotplug: PCI Hot Plug PCI Core version: 0.5
[STDERR  ] 2018-03-31T02:06:03.057991430Z: [    2.520410] pciehp: PCI Express Hot Plug Controller Driver version: 0.4
[STDERR  ] 2018-03-31T02:06:03.058005166Z: [    2.529644] shpchp: Standard Hot Plug PCI Controller Driver version: 0.4
[STDERR  ] 2018-03-31T02:06:03.058019535Z: [    2.539025] hv_vmbus: registering driver hyperv_fb
[STDERR  ] 2018-03-31T02:06:03.058562058Z: [    2.545607] input: Power Button as /devices/LNXSYSTM:00/LNXPWRBN:00/input/input0
[STDERR  ] 2018-03-31T02:06:03.058584651Z: [    2.556328] ACPI: Power Button [PWRF]
[STDERR  ] 2018-03-31T02:06:03.058599295Z: [    2.562063] GHES: HEST is not enabled!
[STDERR  ] 2018-03-31T02:06:03.058613804Z: [    2.567394] ACPI: PCI Interrupt Link [GSIG] enabled at IRQ 22
[STDERR  ] 2018-03-31T02:06:03.058629215Z: [    2.581815] ACPI: PCI Interrupt Link [GSIH] enabled at IRQ 23
[STDERR  ] 2018-03-31T02:06:03.058647548Z: [    2.595874] xenfs: not registering filesystem on non-xen platform
[STDERR  ] 2018-03-31T02:06:03.058670103Z: [    2.603118] Serial: 8250/16550 driver, 4 ports, IRQ sharing disabled
[STDERR  ] 2018-03-31T02:06:03.058706205Z: [    2.644150] 00:04: ttyS0 at I/O 0x3f8 (irq = 4, base_baud = 115200) is a 16550A
[STDERR  ] 2018-03-31T02:06:03.058725679Z: [    2.654139] Non-volatile memory driver v1.3
[STDERR  ] 2018-03-31T02:06:03.058745504Z: [    2.661033] Hangcheck: starting hangcheck timer 0.9.1 (tick is 180 seconds, margin is 60 seconds).
[STDERR  ] 2018-03-31T02:06:03.058771917Z: [    2.672137] random: nonblocking pool is initialized
[STDERR  ] 2018-03-31T02:06:03.058791247Z: [    2.687319] loop: module loaded
[STDERR  ] 2018-03-31T02:06:03.058809085Z: [    2.693154] nbd: registered device at major 43
[STDERR  ] 2018-03-31T02:06:03.058823489Z: [    2.699978] lpc_ich 0000:00:1f.0: I/O space for GPIO uninitialized
[STDERR  ] 2018-03-31T02:06:03.058838718Z: [    2.707114] VMware PVSCSI driver - version 1.0.5.0-k
[STDERR  ] 2018-03-31T02:06:03.058853836Z: [    2.712844] hv_vmbus: registering driver hv_storvsc
[STDERR  ] 2018-03-31T02:06:03.058868329Z: [    2.719115] ACPI: PCI Interrupt Link [GSIA] enabled at IRQ 16
[STDERR  ] 2018-03-31T02:06:03.058883613Z: [    2.729001] ahci 0000:00:1f.2: AHCI 0001.0000 32 slots 6 ports 1.5 Gbps 0x3f impl SATA mode
[STDERR  ] 2018-03-31T02:06:03.058902763Z: [    2.739057] ahci 0000:00:1f.2: flags: 64bit ncq only 
[STDERR  ] 2018-03-31T02:06:03.058920517Z: [    2.748500] scsi host0: ahci
[STDERR  ] 2018-03-31T02:06:03.058935593Z: [    2.752002] scsi host1: ahci
[STDERR  ] 2018-03-31T02:06:03.058969233Z: [    2.755458] scsi host2: ahci
[STDERR  ] 2018-03-31T02:06:03.058987711Z: [    2.758850] scsi host3: ahci
[STDERR  ] 2018-03-31T02:06:03.059001805Z: [    2.762391] scsi host4: ahci
[STDERR  ] 2018-03-31T02:06:03.059019003Z: [    2.765776] scsi host5: ahci
[STDERR  ] 2018-03-31T02:06:03.059042180Z: [    2.769210] ata1: SATA max UDMA/133 abar m4096@0xfebd2000 port 0xfebd2100 irq 24
[STDERR  ] 2018-03-31T02:06:03.059059570Z: [    2.777919] ata2: SATA max UDMA/133 abar m4096@0xfebd2000 port 0xfebd2180 irq 24
[STDERR  ] 2018-03-31T02:06:03.059077727Z: [    2.786458] ata3: SATA max UDMA/133 abar m4096@0xfebd2000 port 0xfebd2200 irq 24
[STDERR  ] 2018-03-31T02:06:03.059092914Z: [    2.795533] ata4: SATA max UDMA/133 abar m4096@0xfebd2000 port 0xfebd2280 irq 24
[STDERR  ] 2018-03-31T02:06:03.059107818Z: [    2.804141] ata5: SATA max UDMA/133 abar m4096@0xfebd2000 port 0xfebd2300 irq 24
[STDERR  ] 2018-03-31T02:06:03.059144547Z: [    2.812769] ata6: SATA max UDMA/133 abar m4096@0xfebd2000 port 0xfebd2380 irq 24
[STDERR  ] 2018-03-31T02:06:03.059163650Z: [    2.822326] tun: Universal TUN/TAP device driver, 1.6
[STDERR  ] 2018-03-31T02:06:03.059178978Z: [    2.827642] tun: (C) 1999-2004 Max Krasnyansky <maxk@qualcomm.com>
[STDERR  ] 2018-03-31T02:06:03.059207384Z: [    2.838201] VMware vmxnet3 virtual NIC driver - version 1.4.5.0-k-NAPI
[STDERR  ] 2018-03-31T02:06:03.059229354Z: [    2.845817] hv_vmbus: registering driver hv_netvsc
[STDERR  ] 2018-03-31T02:06:03.059248084Z: [    2.851496] Fusion MPT base driver 3.04.20
[STDERR  ] 2018-03-31T02:06:03.059265274Z: [    2.856375] Copyright (c) 1999-2008 LSI Corporation
[STDERR  ] 2018-03-31T02:06:03.059283734Z: [    2.861569] Fusion MPT SPI Host driver 3.04.20
[STDERR  ] 2018-03-31T02:06:03.059298680Z: [    2.866366] i8042: PNP: PS/2 Controller [PNP0303:KBD,PNP0f13:MOU] at 0x60,0x64 irq 1,12
[STDERR  ] 2018-03-31T02:06:03.059317014Z: [    2.878252] serio: i8042 KBD port at 0x60,0x64 irq 1
[STDERR  ] 2018-03-31T02:06:03.059332356Z: [    2.883490] serio: i8042 AUX port at 0x60,0x64 irq 12
[STDERR  ] 2018-03-31T02:06:03.059350742Z: [    2.888816] hv_vmbus: registering driver hyperv_keyboard
[STDERR  ] 2018-03-31T02:06:03.059371220Z: [    2.894722] mousedev: PS/2 mouse device common for all mice
[STDERR  ] 2018-03-31T02:06:03.059387089Z: [    2.902441] input: AT Translated Set 2 keyboard as /devices/platform/i8042/serio0/input/input1
[STDERR  ] 2018-03-31T02:06:03.059405517Z: [    2.911693] input: PC Speaker as /devices/platform/pcspkr/input/input2
[STDERR  ] 2018-03-31T02:06:03.059430347Z: [    2.918790] rtc_cmos 00:00: RTC can wake from S4
[STDERR  ] 2018-03-31T02:06:03.059445320Z: [    2.926075] rtc_cmos 00:00: rtc core: registered rtc_cmos as rtc0
[STDERR  ] 2018-03-31T02:06:03.059460613Z: [    2.934155] rtc_cmos 00:00: alarms up to one day, y3k, 114 bytes nvram, hpet irqs
[STDERR  ] 2018-03-31T02:06:03.059487438Z: [    2.942970] i2c /dev entries driver
[STDERR  ] 2018-03-31T02:06:03.059507304Z: [    2.947229] device-mapper: ioctl: 4.34.0-ioctl (2015-10-28) initialised: dm-devel@redhat.com
[STDERR  ] 2018-03-31T02:06:03.059525598Z: [    2.957795] usbcore: registered new interface driver usbhid
[STDERR  ] 2018-03-31T02:06:03.059544084Z: [    2.964522] usbhid: USB HID core driver
[STDERR  ] 2018-03-31T02:06:03.059561162Z: [    2.968960] hv_utils: Registering HyperV Utility Driver
[STDERR  ] 2018-03-31T02:06:03.059579829Z: [    2.975153] hv_vmbus: registering driver hv_util
[STDERR  ] 2018-03-31T02:06:03.059597977Z: [    2.980523] hv_vmbus: registering driver hv_balloon
[STDERR  ] 2018-03-31T02:06:03.059617740Z: [    2.986108] oprofile: using NMI interrupt.
[STDERR  ] 2018-03-31T02:06:03.059633247Z: [    2.990649] GACT probability on
[STDERR  ] 2018-03-31T02:06:03.059648989Z: [    2.994024] Mirror/redirect action on
[STDERR  ] 2018-03-31T02:06:03.059665082Z: [    2.997864] Simple TC action Loaded
[STDERR  ] 2018-03-31T02:06:03.059682917Z: [    3.002177] u32 classifier
[STDERR  ] 2018-03-31T02:06:03.059700750Z: [    3.005060]     Performance counters on
[STDERR  ] 2018-03-31T02:06:03.059715223Z: [    3.009075]     input device check on
[STDERR  ] 2018-03-31T02:06:03.059732929Z: [    3.013011]     Actions configured
[STDERR  ] 2018-03-31T02:06:03.059748610Z: [    3.016702] Netfilter messages via NETLINK v0.30.
[STDERR  ] 2018-03-31T02:06:03.059774323Z: [    3.021769] nfnl_acct: registering with nfnetlink.
[STDERR  ] 2018-03-31T02:06:03.059800133Z: [    3.026891] nf_conntrack version 0.5.0 (7922 buckets, 31688 max)
[STDERR  ] 2018-03-31T02:06:03.059815125Z: [    3.033660] ctnetlink v0.93: registering with nfnetlink.
[STDERR  ] 2018-03-31T02:06:03.059830982Z: [    3.039586] nf_tables: (c) 2007-2009 Patrick McHardy <kaber@trash.net>
[STDERR  ] 2018-03-31T02:06:03.059849223Z: [    3.047275] nf_tables_compat: (c) 2012 Pablo Neira Ayuso <pablo@netfilter.org>
[STDERR  ] 2018-03-31T02:06:03.059864927Z: [    3.055746] xt_time: kernel timezone is -0000
[STDERR  ] 2018-03-31T02:06:03.059901922Z: [    3.060565] ip_set: protocol 6
[STDERR  ] 2018-03-31T02:06:03.059919553Z: [    3.063947] IPVS: Registered protocols (TCP, UDP, SCTP, AH, ESP)
[STDERR  ] 2018-03-31T02:06:03.059934880Z: [    3.071019] IPVS: Connection hash table configured (size=4096, memory=64Kbytes)
[STDERR  ] 2018-03-31T02:06:03.059953176Z: [    3.078834] IPVS: Creating netns size=2096 id=0
[STDERR  ] 2018-03-31T02:06:03.059969338Z: [    3.084614] IPVS: ipvs loaded.
[STDERR  ] 2018-03-31T02:06:03.060003138Z: [    3.087870] IPVS: [rr] scheduler registered.
[STDERR  ] 2018-03-31T02:06:03.060021511Z: [    3.092811] IPVS: [wrr] scheduler registered.
[STDERR  ] 2018-03-31T02:06:03.060036257Z: [    3.097357] IPVS: [lc] scheduler registered.
[STDERR  ] 2018-03-31T02:06:03.060055345Z: [    3.101925] IPVS: [wlc] scheduler registered.
[STDERR  ] 2018-03-31T02:06:03.060070394Z: [    3.106487] IPVS: [fo] scheduler registered.
[STDERR  ] 2018-03-31T02:06:03.060088487Z: [    3.111323] IPVS: [ovf] scheduler registered.
[STDERR  ] 2018-03-31T02:06:03.060107038Z: [    3.115866] IPVS: [lblc] scheduler registered.
[STDERR  ] 2018-03-31T02:06:03.060121657Z: [    3.120766] IPVS: [lblcr] scheduler registered.
[STDERR  ] 2018-03-31T02:06:03.060139165Z: [    3.125446] IPVS: [dh] scheduler registered.
[STDERR  ] 2018-03-31T02:06:03.060155389Z: [    3.130787] IPVS: [sh] scheduler registered.
[STDERR  ] 2018-03-31T02:06:03.060173722Z: [    3.135416] IPVS: [sed] scheduler registered.
[STDERR  ] 2018-03-31T02:06:03.060191684Z: [    3.140250] IPVS: [nq] scheduler registered.
[STDERR  ] 2018-03-31T02:06:03.060210704Z: [    3.145073] IPVS: ftp: loaded support on port[0] = 21
[STDERR  ] 2018-03-31T02:06:03.060236736Z: [    3.150795] ipip: IPv4 over IPv4 tunneling driver
[STDERR  ] 2018-03-31T02:06:03.060256802Z: [    3.155858] gre: GRE over IPv4 demultiplexor driver
[STDERR  ] 2018-03-31T02:06:03.060271013Z: [    3.161486] ip_tables: (C) 2000-2006 Netfilter Core Team
[STDERR  ] 2018-03-31T02:06:03.060285756Z: [    3.167180] ipt_CLUSTERIP: ClusterIP Version 0.8 loaded successfully
[STDERR  ] 2018-03-31T02:06:03.060300557Z: [    3.174683] ata1: SATA link down (SStatus 0 SControl 300)
[STDERR  ] 2018-03-31T02:06:03.060315417Z: [    3.181133] ata2: SATA link down (SStatus 0 SControl 300)
[STDERR  ] 2018-03-31T02:06:03.060330344Z: [    3.187936] ata3: SATA link up 1.5 Gbps (SStatus 113 SControl 300)
[STDERR  ] 2018-03-31T02:06:03.060348933Z: [    3.195776] ata4: SATA link down (SStatus 0 SControl 300)
[STDERR  ] 2018-03-31T02:06:03.060363938Z: [    3.202516] ata5: SATA link down (SStatus 0 SControl 300)
[STDERR  ] 2018-03-31T02:06:03.060383918Z: [    3.209075] ata6: SATA link down (SStatus 0 SControl 300)
[STDERR  ] 2018-03-31T02:06:03.060402397Z: [    3.215409] arp_tables: (C) 2002 David S. Miller
[STDERR  ] 2018-03-31T02:06:03.060418056Z: [    3.220348] ata3.00: ATAPI: QEMU DVD-ROM, 2.5+, max UDMA/100
[STDERR  ] 2018-03-31T02:06:03.060451504Z: [    3.226156] ata3.00: applying bridge limits
[STDERR  ] 2018-03-31T02:06:03.060470977Z: [    3.231148] NET: Registered protocol family 10
[STDERR  ] 2018-03-31T02:06:03.060489858Z: [    3.236405] ip6_tables: (C) 2000-2006 Netfilter Core Team
[STDERR  ] 2018-03-31T02:06:03.060508613Z: [    3.242414] ata3.00: configured for UDMA/100
[STDERR  ] 2018-03-31T02:06:03.060522903Z: [    3.248889] NET: Registered protocol family 17
[STDERR  ] 2018-03-31T02:06:03.060541074Z: [    3.254098] scsi 2:0:0:0: CD-ROM            QEMU     QEMU DVD-ROM     2.5+ PQ: 0 ANSI: 5
[STDERR  ] 2018-03-31T02:06:03.060565660Z: [    3.264011] bridge: automatic filtering via arp/ip/ip6tables has been deprecated. Update your scripts to load br_netfilter if you need this.
[STDERR  ] 2018-03-31T02:06:03.060585722Z: [    3.278268] Bridge firewalling registered
[STDERR  ] 2018-03-31T02:06:03.060601957Z: [    3.283528] sr 2:0:0:0: [sr0] scsi3-mmc drive: 4x/4x cd/rw xa/form2 tray
[STDERR  ] 2018-03-31T02:06:03.060634996Z: [    3.291378] cdrom: Uniform CD-ROM driver Revision: 3.20
[STDERR  ] 2018-03-31T02:06:03.060654307Z: [    3.297698] Ebtables v2.0 registered
[STDERR  ] 2018-03-31T02:06:03.060672447Z: [    3.302423] 8021q: 802.1Q VLAN Support v1.8
[STDERR  ] 2018-03-31T02:06:03.060687354Z: [    3.307383] 9pnet: Installing 9P2000 support
[STDERR  ] 2018-03-31T02:06:03.060701884Z: [    3.313026] sr 2:0:0:0: Attached scsi generic sg0 type 5
[STDERR  ] 2018-03-31T02:06:03.060720443Z: [    3.319210] Key type dns_resolver registered
[STDERR  ] 2018-03-31T02:06:03.060738693Z: [    3.324466] registered taskstats version 1
[STDERR  ] 2018-03-31T02:06:03.060763784Z: [    3.334869] Key type encrypted registered
[STDERR  ] 2018-03-31T02:06:03.060782860Z: [    3.341825] rtc_cmos 00:00: setting system clock to 2018-03-31 02:05:58 UTC (1522461958)
[STDERR  ] 2018-03-31T02:06:03.060798725Z: [    3.354268] Freeing unused kernel memory: 1320K
[STDERR  ] 2018-03-31T02:06:03.060830913Z: [    3.359551] Write protecting the kernel read-only data: 12288k
[STDERR  ] 2018-03-31T02:06:03.060856194Z: [    3.366787] Freeing unused kernel memory: 544K
[STDERR  ] 2018-03-31T02:06:03.060875587Z: [    3.376103] Freeing unused kernel memory: 1392K
[STDERR  ] 2018-03-31T02:06:03.060890131Z: 
[STDERR  ] 2018-03-31T02:06:03.060920998Z: Welcome to LinuxKit
[STDERR  ] 2018-03-31T02:06:03.060939423Z: 
[STDERR  ] 2018-03-31T02:06:03.060963025Z:                         ##         .
[STDERR  ] 2018-03-31T02:06:03.060981820Z:                   ## ## ##        ==
[STDERR  ] 2018-03-31T02:06:03.060996049Z:                ## ## ## ## ##    ===
[STDERR  ] 2018-03-31T02:06:03.061013507Z:            /"""""""""""""""""\___/ ===
[STDERR  ] 2018-03-31T02:06:03.061032205Z:           {                       /  ===-
[STDERR  ] 2018-03-31T02:06:03.061057767Z:            \______ O           __/
[STDERR  ] 2018-03-31T02:06:03.061072774Z:              \    \         __/
[STDERR  ] 2018-03-31T02:06:03.061087573Z:               \____\_______/
[STDERR  ] 2018-03-31T02:06:03.061105542Z: 
[STDERR  ] 2018-03-31T02:06:03.061124467Z: [    3.855775] hello_world: loading out-of-tree module taints kernel.
[STDERR  ] 2018-03-31T02:06:03.061142925Z: [    3.863880] Hello LinuxKit
[STDERR  ] 2018-03-31T02:06:03.061159971Z: [    3.870185] Goodbye LinuxKit.
[STDERR  ] 2018-03-31T02:06:03.061174891Z: Linux linuxkit-ae59ce202a98 4.4.123-linuxkit #1 SMP Thu Mar 22 21:54:11 UTC 2018 x86_64 Linux
[STDERR  ] 2018-03-31T02:06:03.061189207Z: filename:       hello_world.ko
[STDERR  ] 2018-03-31T02:06:03.061204644Z: author:         Rolf Neugebauer <rolf.neugebauer@docker.com>
[STDERR  ] 2018-03-31T02:06:03.061224242Z: description:    A simple Hello World kernel module for testing
[STDERR  ] 2018-03-31T02:06:03.061239129Z: license:        GPL
[STDERR  ] 2018-03-31T02:06:03.061272863Z: depends:        
[STDERR  ] 2018-03-31T02:06:03.061291678Z: vermagic:       4.4.123-linuxkit SMP mod_unload 
[STDERR  ] 2018-03-31T02:06:03.061310978Z: Kernel module test suite PASSED
[STDERR  ] 2018-03-31T02:06:03.061329522Z: [    6.944610] ACPI: Preparing to enter system sleep state S5
[STDERR  ] 2018-03-31T02:06:03.061345317Z: [    6.952594] reboot: Power down
[STDERR  ] 2018-03-31T02:06:03.061363002Z: + grep -q Hello LinuxKit
[STDERR  ] 2018-03-31T02:06:03.061379334Z: + exit 0
[STDERR  ] 2018-03-31T02:06:03.061396849Z: + clean_up
[STDERR  ] 2018-03-31T02:06:03.061415698Z: + docker rmi kmod-test
[STDOUT  ] 2018-03-31T02:06:03.082069535Z: Untagged: kmod-test:latest
[STDOUT  ] 2018-03-31T02:06:03.082133321Z: Deleted: sha256:7924754c3accb920a21cd412b1259c18320ad123f404666dd4ac637ba08aefc1
[STDOUT  ] 2018-03-31T02:06:03.082155588Z: Deleted: sha256:7b6d253e01d4807bc8daeeda053c8986b4dd7f14130b70b402abb48bcf5788ed
[STDOUT  ] 2018-03-31T02:06:03.082163120Z: Deleted: sha256:9db977fdcff2deb636d7e97d5c4d01a3ebd1d70a5c4972c57f9103d52149cf64
[STDOUT  ] 2018-03-31T02:06:03.082169395Z: Deleted: sha256:06cbba319e3a94dc2bdd89f9dd61153bc63327debc973b2888a626568aa70151
[STDOUT  ] 2018-03-31T02:06:03.082175453Z: Deleted: sha256:46f9d261e17df6c13724912e458abeef3d35aac1a81589bccc25930702769c09
[STDERR  ] 2018-03-31T02:06:03.082942941Z: + rm -rf kmod-cmdline kmod-initrd.img kmod-kernel kmod-state
[PASS    ] linuxkit.kernel.kmod_4.4.x 52.49s
