[INFO    ] 2019-09-10T11:04:25.680156782Z: Running Test linuxkit.packages.format_mount.by_label in /tmp/build/test/cases/040_packages/006_format_mount/001_by_label
[INFO    ] 2019-09-10T11:04:25.680283254Z: Running command: [/bin/sh -x /tmp/build/test/cases/040_packages/006_format_mount/001_by_label/test.sh]
[STDERR  ] 2019-09-10T11:04:25.706576923Z: + set -e
[STDERR  ] 2019-09-10T11:04:25.706693691Z: + . /tmp/build/test/cases/_lib/lib.sh
[STDERR  ] 2019-09-10T11:04:25.706774816Z: + [ -f src/github.com/linuxkit/rtf/lib/lib.sh ]
[STDERR  ] 2019-09-10T11:04:25.706823082Z: + LINUXKIT_TMPDIR=/tmp/build/test/cases/_tmp
[STDERR  ] 2019-09-10T11:04:25.706886216Z: + [ -f /tmp/build/test/cases/_tmp/env.sh ]
[STDERR  ] 2019-09-10T11:04:25.706962018Z: + . /tmp/build/test/cases/_tmp/env.sh
[STDERR  ] 2019-09-10T11:04:25.707007708Z: + export LINUXKIT_EXAMPLES_DIR=/tmp/build/test/cases/../../examples
[STDERR  ] 2019-09-10T11:04:25.707073781Z: + RT_CANCEL=253
[STDERR  ] 2019-09-10T11:04:25.707119453Z: + NAME=test-format
[STDERR  ] 2019-09-10T11:04:25.707182751Z: + DISK=disk.img
[STDERR  ] 2019-09-10T11:04:25.707229575Z: + trap clean_up EXIT
[STDERR  ] 2019-09-10T11:04:25.707302025Z: + linuxkit build -format kernel+initrd -name test-format test.yml
[STDERR  ] 2019-09-10T11:04:25.737829402Z: Extract kernel image: linuxkit/kernel:4.19.51
[STDERR  ] 2019-09-10T11:04:27.499604008Z: Add init containers:
[STDERR  ] 2019-09-10T11:04:27.499669112Z: Process init image: linuxkit/init:1a0c6b624708b5a9e58b9a608a9ce3164e7b2908
[STDERR  ] 2019-09-10T11:04:28.676058380Z: Process init image: linuxkit/runc:c1f0db27e71d948f3134b31ce76276f843849b0a
[STDERR  ] 2019-09-10T11:04:29.822984518Z: Add onboot containers:
[STDERR  ] 2019-09-10T11:04:29.823066080Z:   Create OCI config for linuxkit/format:v0.7
[STDERR  ] 2019-09-10T11:04:31.193482822Z:   Create OCI config for linuxkit/mount:v0.7
[STDERR  ] 2019-09-10T11:04:32.537122728Z:   Create OCI config for alpine:3.9
[STDERR  ] 2019-09-10T11:04:33.701141351Z:   Create OCI config for linuxkit/poweroff:b498d30dd9660090565537fceb9e757618737a85
[STDERR  ] 2019-09-10T11:04:34.853610947Z: Add files:
[STDERR  ] 2019-09-10T11:04:34.853670959Z:   check.sh
[STDERR  ] 2019-09-10T11:04:34.854382381Z: Create outputs:
[STDERR  ] 2019-09-10T11:04:41.692831184Z:   test-format-kernel test-format-initrd.img test-format-cmdline
[STDERR  ] 2019-09-10T11:04:41.761926293Z: + linuxkit run -disk file=disk.img,size=512M test-format
[STDERR  ] 2019-09-10T11:04:58.533607925Z: + RESULT=[    0.000000] Linux version 4.19.51-linuxkit (root@5e22f1a454b5) (gcc version 8.3.0 (Alpine 8.3.0)) #1 SMP Mon Jun 17 08:07:30 UTC 2019
[STDERR  ] 2019-09-10T11:04:58.533686729Z: [    0.000000] Command line: console=ttyS0 console=ttyAMA0
[STDERR  ] 2019-09-10T11:04:58.533699618Z: [    0.000000] x86/fpu: x87 FPU will use FXSAVE
[STDERR  ] 2019-09-10T11:04:58.533711879Z: [    0.000000] BIOS-provided physical RAM map:
[STDERR  ] 2019-09-10T11:04:58.533723996Z: [    0.000000] BIOS-e820: [mem 0x0000000000000000-0x000000000009fbff] usable
[STDERR  ] 2019-09-10T11:04:58.533742358Z: [    0.000000] BIOS-e820: [mem 0x000000000009fc00-0x000000000009ffff] reserved
[STDERR  ] 2019-09-10T11:04:58.533753852Z: [    0.000000] BIOS-e820: [mem 0x00000000000f0000-0x00000000000fffff] reserved
[STDERR  ] 2019-09-10T11:04:58.533764808Z: [    0.000000] BIOS-e820: [mem 0x0000000000100000-0x000000003ffdefff] usable
[STDERR  ] 2019-09-10T11:04:58.533779560Z: [    0.000000] BIOS-e820: [mem 0x000000003ffdf000-0x000000003fffffff] reserved
[STDERR  ] 2019-09-10T11:04:58.533790012Z: [    0.000000] BIOS-e820: [mem 0x00000000b0000000-0x00000000bfffffff] reserved
[STDERR  ] 2019-09-10T11:04:58.533800040Z: [    0.000000] BIOS-e820: [mem 0x00000000fed1c000-0x00000000fed1ffff] reserved
[STDERR  ] 2019-09-10T11:04:58.533810106Z: [    0.000000] BIOS-e820: [mem 0x00000000feffc000-0x00000000feffffff] reserved
[STDERR  ] 2019-09-10T11:04:58.533819999Z: [    0.000000] BIOS-e820: [mem 0x00000000fffc0000-0x00000000ffffffff] reserved
[STDERR  ] 2019-09-10T11:04:58.533832852Z: [    0.000000] NX (Execute Disable) protection: active
[STDERR  ] 2019-09-10T11:04:58.533989912Z: [    0.000000] SMBIOS 2.8 present.
[STDERR  ] 2019-09-10T11:04:58.534012936Z: [    0.000000] DMI: QEMU Standard PC (Q35 + ICH9, 2009), BIOS 1.10.2-1 04/01/2014
[STDERR  ] 2019-09-10T11:04:58.534028789Z: [    0.000000] Hypervisor detected: KVM
[STDERR  ] 2019-09-10T11:04:58.534040329Z: [    0.000000] kvm-clock: Using msrs 4b564d01 and 4b564d00
[STDERR  ] 2019-09-10T11:04:58.534059765Z: [    0.519358] kvm-clock: cpu 0, msr 3581e001, primary cpu clock
[STDERR  ] 2019-09-10T11:04:58.534074687Z: [    0.519358] clocksource: kvm-clock: mask: 0xffffffffffffffff max_cycles: 0x1cd42e4dffb, max_idle_ns: 881590591483 ns
[STDERR  ] 2019-09-10T11:04:58.534092835Z: [    0.519366] tsc: Detected 2299.792 MHz processor
[STDERR  ] 2019-09-10T11:04:58.534103853Z: [    0.522431] last_pfn = 0x3ffdf max_arch_pfn = 0x400000000
[STDERR  ] 2019-09-10T11:04:58.534114189Z: [    0.522964] x86/PAT: PAT not supported by CPU.
[STDERR  ] 2019-09-10T11:04:58.534124756Z: [    0.523031] x86/PAT: Configuration [0-7]: WB  WT  UC- UC  WB  WT  UC- UC  
[STDERR  ] 2019-09-10T11:04:58.534135601Z: [    0.533273] found SMP MP-table at [mem 0x000f6a90-0x000f6a9f]
[STDERR  ] 2019-09-10T11:04:58.534145793Z: [    0.533554] RAMDISK: [mem 0x3d6a2000-0x3ffcffff]
[STDERR  ] 2019-09-10T11:04:58.534155087Z: [    0.533740] ACPI: Early table checksum verification disabled
[STDERR  ] 2019-09-10T11:04:58.534165798Z: [    0.533868] ACPI: RSDP 0x00000000000F68D0 000014 (v00 BOCHS )
[STDERR  ] 2019-09-10T11:04:58.534176116Z: [    0.533876] ACPI: RSDT 0x000000003FFE2404 000034 (v01 BOCHS  BXPCRSDT 00000001 BXPC 00000001)
[STDERR  ] 2019-09-10T11:04:58.534187115Z: [    0.533891] ACPI: FACP 0x000000003FFE22A4 000074 (v01 BOCHS  BXPCFACP 00000001 BXPC 00000001)
[STDERR  ] 2019-09-10T11:04:58.534198423Z: [    0.533897] ACPI: DSDT 0x000000003FFE0040 002264 (v01 BOCHS  BXPCDSDT 00000001 BXPC 00000001)
[STDERR  ] 2019-09-10T11:04:58.534209987Z: [    0.533901] ACPI: FACS 0x000000003FFE0000 000040
[STDERR  ] 2019-09-10T11:04:58.534220673Z: [    0.533905] ACPI: APIC 0x000000003FFE2318 000078 (v01 BOCHS  BXPCAPIC 00000001 BXPC 00000001)
[STDERR  ] 2019-09-10T11:04:58.534231640Z: [    0.533909] ACPI: HPET 0x000000003FFE2390 000038 (v01 BOCHS  BXPCHPET 00000001 BXPC 00000001)
[STDERR  ] 2019-09-10T11:04:58.534242292Z: [    0.533913] ACPI: MCFG 0x000000003FFE23C8 00003C (v01 BOCHS  BXPCMCFG 00000001 BXPC 00000001)
[STDERR  ] 2019-09-10T11:04:58.534252976Z: [    0.534745] Zone ranges:
[STDERR  ] 2019-09-10T11:04:58.534263786Z: [    0.534747]   DMA      [mem 0x0000000000001000-0x0000000000ffffff]
[STDERR  ] 2019-09-10T11:04:58.534274073Z: [    0.534749]   DMA32    [mem 0x0000000001000000-0x000000003ffdefff]
[STDERR  ] 2019-09-10T11:04:58.534287148Z: [    0.534751]   Normal   empty
[STDERR  ] 2019-09-10T11:04:58.534298039Z: [    0.534752]   Device   empty
[STDERR  ] 2019-09-10T11:04:58.534309559Z: [    0.534753] Movable zone start for each node
[STDERR  ] 2019-09-10T11:04:58.534320994Z: [    0.534754] Early memory node ranges
[STDERR  ] 2019-09-10T11:04:58.534335215Z: [    0.534755]   node   0: [mem 0x0000000000001000-0x000000000009efff]
[STDERR  ] 2019-09-10T11:04:58.534349427Z: [    0.534756]   node   0: [mem 0x0000000000100000-0x000000003ffdefff]
[STDERR  ] 2019-09-10T11:04:58.534360030Z: [    0.535335] Reserved but unavailable: 98 pages
[STDERR  ] 2019-09-10T11:04:58.534372765Z: [    0.535337] Initmem setup node 0 [mem 0x0000000000001000-0x000000003ffdefff]
[STDERR  ] 2019-09-10T11:04:58.534382982Z: [    0.545961] ACPI: PM-Timer IO Port: 0x608
[STDERR  ] 2019-09-10T11:04:58.534392887Z: [    0.546004] ACPI: LAPIC_NMI (acpi_id[0xff] dfl dfl lint[0x1])
[STDERR  ] 2019-09-10T11:04:58.534403717Z: [    0.546244] IOAPIC[0]: apic_id 0, version 17, address 0xfec00000, GSI 0-23
[STDERR  ] 2019-09-10T11:04:58.534414641Z: [    0.546247] ACPI: INT_SRC_OVR (bus 0 bus_irq 0 global_irq 2 dfl dfl)
[STDERR  ] 2019-09-10T11:04:58.534425009Z: [    0.546249] ACPI: INT_SRC_OVR (bus 0 bus_irq 5 global_irq 5 high level)
[STDERR  ] 2019-09-10T11:04:58.534435185Z: [    0.546251] ACPI: INT_SRC_OVR (bus 0 bus_irq 9 global_irq 9 high level)
[STDERR  ] 2019-09-10T11:04:58.534454529Z: [    0.546256] ACPI: INT_SRC_OVR (bus 0 bus_irq 10 global_irq 10 high level)
[STDERR  ] 2019-09-10T11:04:58.534465895Z: [    0.546257] ACPI: INT_SRC_OVR (bus 0 bus_irq 11 global_irq 11 high level)
[STDERR  ] 2019-09-10T11:04:58.534476228Z: [    0.546265] Using ACPI (MADT) for SMP configuration information
[STDERR  ] 2019-09-10T11:04:58.534486504Z: [    0.546267] ACPI: HPET id: 0x8086a201 base: 0xfed00000
[STDERR  ] 2019-09-10T11:04:58.534497185Z: [    0.546302] smpboot: Allowing 1 CPUs, 0 hotplug CPUs
[STDERR  ] 2019-09-10T11:04:58.534507805Z: [    0.546420] [mem 0x40000000-0xafffffff] available for PCI devices
[STDERR  ] 2019-09-10T11:04:58.534521537Z: [    0.546422] Booting paravirtualized kernel on KVM
[STDERR  ] 2019-09-10T11:04:58.534532343Z: [    0.546424] clocksource: refined-jiffies: mask: 0xffffffff max_cycles: 0xffffffff, max_idle_ns: 1910969940391419 ns
[STDERR  ] 2019-09-10T11:04:58.534543951Z: [    0.641203] random: get_random_bytes called from start_kernel+0x91/0x512 with crng_init=0
[STDERR  ] 2019-09-10T11:04:58.534554845Z: [    0.641222] setup_percpu: NR_CPUS:128 nr_cpumask_bits:128 nr_cpu_ids:1 nr_node_ids:1
[STDERR  ] 2019-09-10T11:04:58.534565959Z: [    0.642087] percpu: Embedded 45 pages/cpu s145112 r8192 d31016 u2097152
[STDERR  ] 2019-09-10T11:04:58.534575836Z: [    0.642175] KVM setup async PF for cpu 0
[STDERR  ] 2019-09-10T11:04:58.534585991Z: [    0.642223] kvm-stealtime: cpu 0, msr 3c215e80
[STDERR  ] 2019-09-10T11:04:58.534595868Z: [    0.642244] Built 1 zonelists, mobility grouping on.  Total pages: 257896
[STDERR  ] 2019-09-10T11:04:58.534606827Z: [    0.642247] Kernel command line: console=ttyS0 console=ttyAMA0
[STDERR  ] 2019-09-10T11:04:58.534617110Z: [    0.642410] Dentry cache hash table entries: 131072 (order: 8, 1048576 bytes)
[STDERR  ] 2019-09-10T11:04:58.534626979Z: [    0.642488] Inode-cache hash table entries: 65536 (order: 7, 524288 bytes)
[STDERR  ] 2019-09-10T11:04:58.534638551Z: [    0.645938] Memory: 959556K/1048052K available (12300K kernel code, 1583K rwdata, 3012K rodata, 1588K init, 2020K bss, 88496K reserved, 0K cma-reserved)
[STDERR  ] 2019-09-10T11:04:58.534651508Z: [    0.646612] Kernel/User page tables isolation: enabled
[STDERR  ] 2019-09-10T11:04:58.534661612Z: [    0.646696] ftrace: allocating 43130 entries in 169 pages
[STDERR  ] 2019-09-10T11:04:58.534675510Z: [    0.666615] rcu: Hierarchical RCU implementation.
[STDERR  ] 2019-09-10T11:04:58.534685841Z: [    0.666618] rcu: 	RCU restricting CPUs from NR_CPUS=128 to nr_cpu_ids=1.
[STDERR  ] 2019-09-10T11:04:58.534697023Z: [    0.666619] rcu: Adjusting geometry for rcu_fanout_leaf=16, nr_cpu_ids=1
[STDERR  ] 2019-09-10T11:04:58.534707607Z: [    0.669332] NR_IRQS: 8448, nr_irqs: 256, preallocated irqs: 16
[STDERR  ] 2019-09-10T11:04:58.534718523Z: [    0.694731] Console: colour VGA+ 80x25
[STDERR  ] 2019-09-10T11:04:58.534737418Z: [    1.117737] console [ttyS0] enabled
[STDERR  ] 2019-09-10T11:04:58.534748127Z: [    1.121003] ACPI: Core revision 20180810
[STDERR  ] 2019-09-10T11:04:58.534759077Z: [    1.125548] clocksource: hpet: mask: 0xffffffff max_cycles: 0xffffffff, max_idle_ns: 19112604467 ns
[STDERR  ] 2019-09-10T11:04:58.534769855Z: [    1.134744] APIC: Switch to symmetric I/O mode setup
[STDERR  ] 2019-09-10T11:04:58.534783719Z: [    1.141980] x2apic enabled
[STDERR  ] 2019-09-10T11:04:58.534795743Z: [    1.146757] Switched APIC routing to physical x2apic.
[STDERR  ] 2019-09-10T11:04:58.534805602Z: [    1.161272] ..TIMER: vector=0x30 apic1=0 pin1=2 apic2=-1 pin2=-1
[STDERR  ] 2019-09-10T11:04:58.534815576Z: [    1.166877] clocksource: tsc-early: mask: 0xffffffffffffffff max_cycles: 0x212670b980e, max_idle_ns: 440795215582 ns
[STDERR  ] 2019-09-10T11:04:58.534826195Z: [    1.176673] Calibrating delay loop (skipped) preset value.. 4599.58 BogoMIPS (lpj=2299792)
[STDERR  ] 2019-09-10T11:04:58.534839839Z: [    1.177647] pid_max: default: 32768 minimum: 301
[STDERR  ] 2019-09-10T11:04:58.534851686Z: [    1.178749] Security Framework initialized
[STDERR  ] 2019-09-10T11:04:58.534866251Z: [    1.179647] Yama: becoming mindful.
[STDERR  ] 2019-09-10T11:04:58.534893343Z: [    1.180679] Mount-cache hash table entries: 2048 (order: 2, 16384 bytes)
[STDERR  ] 2019-09-10T11:04:58.534904289Z: [    1.181651] Mountpoint-cache hash table entries: 2048 (order: 2, 16384 bytes)
[STDERR  ] 2019-09-10T11:04:58.534918164Z: [    1.184688] Last level iTLB entries: 4KB 0, 2MB 0, 4MB 0
[STDERR  ] 2019-09-10T11:04:58.534929304Z: [    1.185647] Last level dTLB entries: 4KB 0, 2MB 0, 4MB 0, 1GB 0
[STDERR  ] 2019-09-10T11:04:58.534940752Z: [    1.186647] Spectre V2 : Mitigation: Full generic retpoline
[STDERR  ] 2019-09-10T11:04:58.534956145Z: [    1.187645] Spectre V2 : Spectre v2 / SpectreRSB mitigation: Filling RSB on context switch
[STDERR  ] 2019-09-10T11:04:58.534966696Z: [    1.188646] Speculative Store Bypass: Vulnerable
[STDERR  ] 2019-09-10T11:04:58.534977756Z: [    1.189667] MDS: Vulnerable: Clear CPU buffers attempted, no microcode
[STDERR  ] 2019-09-10T11:04:58.534989500Z: [    1.202515] Freeing SMP alternatives memory: 20K
[STDERR  ] 2019-09-10T11:04:58.535003542Z: [    1.204641] smpboot: CPU0: Intel QEMU Virtual CPU version 2.5+ (family: 0x6, model: 0x6, stepping: 0x3)
[STDERR  ] 2019-09-10T11:04:58.535015529Z: [    1.204815] Performance Events: PMU not available due to virtualization, using software events only.
[STDERR  ] 2019-09-10T11:04:58.535030465Z: [    1.207788] rcu: Hierarchical SRCU implementation.
[STDERR  ] 2019-09-10T11:04:58.535041341Z: [    1.208763] NMI watchdog: Perf NMI watchdog permanently disabled
[STDERR  ] 2019-09-10T11:04:58.535052327Z: [    1.210666] smp: Bringing up secondary CPUs ...
[STDERR  ] 2019-09-10T11:04:58.535063662Z: [    1.211649] smp: Brought up 1 node, 1 CPU
[STDERR  ] 2019-09-10T11:04:58.535074831Z: [    1.212646] smpboot: Max logical packages: 1
[STDERR  ] 2019-09-10T11:04:58.535085489Z: [    1.213646] smpboot: Total of 1 processors activated (4599.58 BogoMIPS)
[STDERR  ] 2019-09-10T11:04:58.535096260Z: [    1.215419] devtmpfs: initialized
[STDERR  ] 2019-09-10T11:04:58.535107662Z: [    1.215703] x86/mm: Memory block size: 128MB
[STDERR  ] 2019-09-10T11:04:58.535118692Z: [    1.217003] clocksource: jiffies: mask: 0xffffffff max_cycles: 0xffffffff, max_idle_ns: 1911260446275000 ns
[STDERR  ] 2019-09-10T11:04:58.535142841Z: [    1.217652] futex hash table entries: 256 (order: 2, 16384 bytes)
[STDERR  ] 2019-09-10T11:04:58.535153173Z: [    1.218897] NET: Registered protocol family 16
[STDERR  ] 2019-09-10T11:04:58.535166427Z: [    1.219790] audit: initializing netlink subsys (disabled)
[STDERR  ] 2019-09-10T11:04:58.535176410Z: [    1.220783] cpuidle: using governor ladder
[STDERR  ] 2019-09-10T11:04:58.535187842Z: [    1.221648] cpuidle: using governor menu
[STDERR  ] 2019-09-10T11:04:58.535197933Z: [    1.222774] ACPI: bus type PCI registered
[STDERR  ] 2019-09-10T11:04:58.535208347Z: [    1.223646] acpiphp: ACPI Hot Plug PCI Controller Driver version: 0.5
[STDERR  ] 2019-09-10T11:04:58.535218671Z: [    1.224653] audit: type=2000 audit(1568113482.608:1): state=initialized audit_enabled=0 res=1
[STDERR  ] 2019-09-10T11:04:58.535229896Z: [    1.226130] PCI: MMCONFIG for domain 0000 [bus 00-ff] at [mem 0xb0000000-0xbfffffff] (base 0xb0000000)
[STDERR  ] 2019-09-10T11:04:58.535243259Z: [    1.226652] PCI: MMCONFIG at [mem 0xb0000000-0xbfffffff] reserved in E820
[STDERR  ] 2019-09-10T11:04:58.535253279Z: [    1.227661] PCI: Using configuration type 1 for base access
[STDERR  ] 2019-09-10T11:04:58.535268520Z: [    1.231032] HugeTLB registered 2.00 MiB page size, pre-allocated 0 pages
[STDERR  ] 2019-09-10T11:04:58.535278692Z: [    1.231802] cryptd: max_cpu_qlen set to 1000
[STDERR  ] 2019-09-10T11:04:58.535291634Z: [    1.232806] ACPI: Added _OSI(Module Device)
[STDERR  ] 2019-09-10T11:04:58.535302249Z: [    1.233651] ACPI: Added _OSI(Processor Device)
[STDERR  ] 2019-09-10T11:04:58.535312430Z: [    1.234648] ACPI: Added _OSI(3.0 _SCP Extensions)
[STDERR  ] 2019-09-10T11:04:58.535323364Z: [    1.235647] ACPI: Added _OSI(Processor Aggregator Device)
[STDERR  ] 2019-09-10T11:04:58.535338354Z: [    1.236662] ACPI: Added _OSI(Linux-Dell-Video)
[STDERR  ] 2019-09-10T11:04:58.535349080Z: [    1.237647] ACPI: Added _OSI(Linux-Lenovo-NV-HDMI-Audio)
[STDERR  ] 2019-09-10T11:04:58.535359354Z: [    1.240788] ACPI: 1 ACPI AML tables successfully acquired and loaded
[STDERR  ] 2019-09-10T11:04:58.535373338Z: [    1.244822] ACPI: Interpreter enabled
[STDERR  ] 2019-09-10T11:04:58.535386411Z: [    1.245653] ACPI: (supports S0 S5)
[STDERR  ] 2019-09-10T11:04:58.535396593Z: [    1.246646] ACPI: Using IOAPIC for interrupt routing
[STDERR  ] 2019-09-10T11:04:58.535406905Z: [    1.247689] PCI: Using host bridge windows from ACPI; if necessary, use "pci=nocrs" and report a bug
[STDERR  ] 2019-09-10T11:04:58.535456246Z: [    1.248928] ACPI: Enabled 2 GPEs in block 00 to 3F
[STDERR  ] 2019-09-10T11:04:58.535466390Z: [    1.253831] ACPI: PCI Root Bridge [PCI0] (domain 0000 [bus 00-ff])
[STDERR  ] 2019-09-10T11:04:58.535476533Z: [    1.254653] acpi PNP0A08:00: _OSC: OS supports [ExtendedConfig ASPM ClockPM Segments MSI]
[STDERR  ] 2019-09-10T11:04:58.535486666Z: [    1.255734] acpi PNP0A08:00: _OSC: platform does not support [SHPCHotplug LTR]
[STDERR  ] 2019-09-10T11:04:58.535496806Z: [    1.256721] acpi PNP0A08:00: _OSC: OS now controls [PCIeHotplug PME PCIeCapability]
[STDERR  ] 2019-09-10T11:04:58.535507258Z: [    1.258011] PCI host bridge to bus 0000:00
[STDERR  ] 2019-09-10T11:04:58.535517483Z: [    1.258647] pci_bus 0000:00: root bus resource [io  0x0000-0x0cf7 window]
[STDERR  ] 2019-09-10T11:04:58.535527557Z: [    1.259648] pci_bus 0000:00: root bus resource [io  0x0d00-0xffff window]
[STDERR  ] 2019-09-10T11:04:58.535537344Z: [    1.260646] pci_bus 0000:00: root bus resource [mem 0x000a0000-0x000bffff window]
[STDERR  ] 2019-09-10T11:04:58.535549467Z: [    1.261647] pci_bus 0000:00: root bus resource [mem 0xc0000000-0xfebfffff window]
[STDERR  ] 2019-09-10T11:04:58.535559511Z: [    1.262648] pci_bus 0000:00: root bus resource [bus 00-ff]
[STDERR  ] 2019-09-10T11:04:58.535569050Z: [    1.327193] pci 0000:00:1f.0: quirk: [io  0x0600-0x067f] claimed by ICH6 ACPI/GPIO/TCO
[STDERR  ] 2019-09-10T11:04:58.535578990Z: [    1.351378] ACPI: PCI Interrupt Link [LNKA] (IRQs 5 *10 11)
[STDERR  ] 2019-09-10T11:04:58.535588653Z: [    1.351885] ACPI: PCI Interrupt Link [LNKB] (IRQs 5 *10 11)
[STDERR  ] 2019-09-10T11:04:58.535599281Z: [    1.353792] ACPI: PCI Interrupt Link [LNKC] (IRQs 5 10 *11)
[STDERR  ] 2019-09-10T11:04:58.535608666Z: [    1.354902] ACPI: PCI Interrupt Link [LNKD] (IRQs 5 10 *11)
[STDERR  ] 2019-09-10T11:04:58.535618101Z: [    1.355903] ACPI: PCI Interrupt Link [LNKE] (IRQs 5 *10 11)
[STDERR  ] 2019-09-10T11:04:58.535627494Z: [    1.356876] ACPI: PCI Interrupt Link [LNKF] (IRQs 5 *10 11)
[STDERR  ] 2019-09-10T11:04:58.535636909Z: [    1.357900] ACPI: PCI Interrupt Link [LNKG] (IRQs 5 10 *11)
[STDERR  ] 2019-09-10T11:04:58.535649919Z: [    1.358878] ACPI: PCI Interrupt Link [LNKH] (IRQs 5 10 *11)
[STDERR  ] 2019-09-10T11:04:58.535660052Z: [    1.359772] ACPI: PCI Interrupt Link [GSIA] (IRQs *16)
[STDERR  ] 2019-09-10T11:04:58.535670449Z: [    1.360658] ACPI: PCI Interrupt Link [GSIB] (IRQs *17)
[STDERR  ] 2019-09-10T11:04:58.535682299Z: [    1.361658] ACPI: PCI Interrupt Link [GSIC] (IRQs *18)
[STDERR  ] 2019-09-10T11:04:58.535692631Z: [    1.362658] ACPI: PCI Interrupt Link [GSID] (IRQs *19)
[STDERR  ] 2019-09-10T11:04:58.535703047Z: [    1.364644] ACPI: PCI Interrupt Link [GSIE] (IRQs *20)
[STDERR  ] 2019-09-10T11:04:58.535713899Z: [    1.365656] ACPI: PCI Interrupt Link [GSIF] (IRQs *21)
[STDERR  ] 2019-09-10T11:04:58.535723963Z: [    1.366658] ACPI: PCI Interrupt Link [GSIG] (IRQs *22)
[STDERR  ] 2019-09-10T11:04:58.535741647Z: [    1.367657] ACPI: PCI Interrupt Link [GSIH] (IRQs *23)
[STDERR  ] 2019-09-10T11:04:58.535751903Z: [    1.369785] SCSI subsystem initialized
[STDERR  ] 2019-09-10T11:04:58.535761989Z: [    1.370747] ACPI: bus type USB registered
[STDERR  ] 2019-09-10T11:04:58.535776667Z: [    1.371674] usbcore: registered new interface driver usbfs
[STDERR  ] 2019-09-10T11:04:58.535790758Z: [    1.372662] usbcore: registered new interface driver hub
[STDERR  ] 2019-09-10T11:04:58.535801134Z: [    1.373668] usbcore: registered new device driver usb
[STDERR  ] 2019-09-10T11:04:58.535813941Z: [    1.374668] pps_core: LinuxPPS API ver. 1 registered
[STDERR  ] 2019-09-10T11:04:58.535824227Z: [    1.375645] pps_core: Software ver. 5.3.6 - Copyright 2005-2007 Rodolfo Giometti <giometti@linux.it>
[STDERR  ] 2019-09-10T11:04:58.535835259Z: [    1.376652] PTP clock support registered
[STDERR  ] 2019-09-10T11:04:58.535845620Z: [    1.377731] PCI: Using ACPI for IRQ routing
[STDERR  ] 2019-09-10T11:04:58.535859231Z: [    1.781500] NetLabel: Initializing
[STDERR  ] 2019-09-10T11:04:58.535869381Z: [    1.781646] NetLabel:  domain hash size = 128
[STDERR  ] 2019-09-10T11:04:58.535880116Z: [    1.782644] NetLabel:  protocols = UNLABELED CIPSOv4 CALIPSO
[STDERR  ] 2019-09-10T11:04:58.535890342Z: [    1.783671] NetLabel:  unlabeled traffic allowed by default
[STDERR  ] 2019-09-10T11:04:58.535900322Z: [    1.784797] HPET: 3 timers in total, 0 timers will be used for per-cpu timer
[STDERR  ] 2019-09-10T11:04:58.535910413Z: [    1.786643] hpet0: at MMIO 0xfed00000, IRQs 2, 8, 0
[STDERR  ] 2019-09-10T11:04:58.535920095Z: [    1.787646] hpet0: 3 comparators, 64-bit 100.000000 MHz counter
[STDERR  ] 2019-09-10T11:04:58.535929792Z: [    1.794684] clocksource: Switched to clocksource kvm-clock
[STDERR  ] 2019-09-10T11:04:58.535941328Z: [    1.818513] VFS: Disk quotas dquot_6.6.0
[STDERR  ] 2019-09-10T11:04:58.535951109Z: [    1.821991] VFS: Dquot-cache hash table entries: 512 (order 0, 4096 bytes)
[STDERR  ] 2019-09-10T11:04:58.535961163Z: [    1.828012] FS-Cache: Loaded
[STDERR  ] 2019-09-10T11:04:58.535971626Z: [    1.830745] CacheFiles: Loaded
[STDERR  ] 2019-09-10T11:04:58.535981624Z: [    1.833313] pnp: PnP ACPI init
[STDERR  ] 2019-09-10T11:04:58.535991965Z: [    1.837220] pnp: PnP ACPI: found 5 devices
[STDERR  ] 2019-09-10T11:04:58.536001710Z: [    1.847161] clocksource: acpi_pm: mask: 0xffffff max_cycles: 0xffffff, max_idle_ns: 2085701024 ns
[STDERR  ] 2019-09-10T11:04:58.536012524Z: [    1.854962] NET: Registered protocol family 2
[STDERR  ] 2019-09-10T11:04:58.536021950Z: [    1.859553] tcp_listen_portaddr_hash hash table entries: 512 (order: 1, 8192 bytes)
[STDERR  ] 2019-09-10T11:04:58.536032508Z: [    1.865723] TCP established hash table entries: 8192 (order: 4, 65536 bytes)
[STDERR  ] 2019-09-10T11:04:58.536042827Z: [    1.871626] TCP bind hash table entries: 8192 (order: 5, 131072 bytes)
[STDERR  ] 2019-09-10T11:04:58.536053223Z: [    1.877409] TCP: Hash tables configured (established 8192 bind 8192)
[STDERR  ] 2019-09-10T11:04:58.536067112Z: [    1.882581] UDP hash table entries: 512 (order: 2, 16384 bytes)
[STDERR  ] 2019-09-10T11:04:58.536081214Z: [    1.887205] UDP-Lite hash table entries: 512 (order: 2, 16384 bytes)
[STDERR  ] 2019-09-10T11:04:58.536092095Z: [    1.892765] NET: Registered protocol family 1
[STDERR  ] 2019-09-10T11:04:58.536102654Z: [    1.896690] NET: Registered protocol family 44
[STDERR  ] 2019-09-10T11:04:58.536115074Z: [    1.900827] pci 0000:00:01.0: Video device with shadowed ROM at [mem 0x000c0000-0x000dffff]
[STDERR  ] 2019-09-10T11:04:58.536126459Z: [    1.907786] Trying to unpack rootfs image as initramfs...
[STDERR  ] 2019-09-10T11:04:58.536136949Z: [    2.650450] Freeing initrd memory: 42168K
[STDERR  ] 2019-09-10T11:04:58.536146992Z: [    2.654290] clocksource: tsc: mask: 0xffffffffffffffff max_cycles: 0x212670b980e, max_idle_ns: 440795215582 ns
[STDERR  ] 2019-09-10T11:04:58.536158285Z: [    2.663385] PCLMULQDQ-NI instructions are not detected.
[STDERR  ] 2019-09-10T11:04:58.536168429Z: [    2.667902] AVX or AES-NI instructions are not detected.
[STDERR  ] 2019-09-10T11:04:58.536178625Z: [    2.672421] CPU feature 'AVX registers' is not supported.
[STDERR  ] 2019-09-10T11:04:58.536189375Z: [    2.677238] CPU feature 'AVX registers' is not supported.
[STDERR  ] 2019-09-10T11:04:58.536201869Z: [    2.681610] CPU feature 'AVX registers' is not supported.
[STDERR  ] 2019-09-10T11:04:58.536216548Z: [    2.685719] CPU feature 'AVX registers' is not supported.
[STDERR  ] 2019-09-10T11:04:58.536226648Z: [    2.690369] AVX2 or AES-NI instructions are not detected.
[STDERR  ] 2019-09-10T11:04:58.536237396Z: [    2.694938] AVX2 instructions are not detected.
[STDERR  ] 2019-09-10T11:04:58.536248075Z: [    2.699272] workingset: timestamp_bits=46 max_order=18 bucket_order=0
[STDERR  ] 2019-09-10T11:04:58.536263311Z: [    2.704427] squashfs: version 4.0 (2009/01/31) Phillip Lougher
[STDERR  ] 2019-09-10T11:04:58.536273513Z: [    2.709140] FS-Cache: Netfs 'cifs' registered for caching
[STDERR  ] 2019-09-10T11:04:58.536289137Z: [    2.713705] fuse init (API version 7.27)
[STDERR  ] 2019-09-10T11:04:58.536298899Z: [    2.717352] SGI XFS with ACLs, security attributes, no debug enabled
[STDERR  ] 2019-09-10T11:04:58.536308996Z: [    2.722899] 9p: Installing v9fs 9p2000 file system support
[STDERR  ] 2019-09-10T11:04:58.536319033Z: [    2.727450] FS-Cache: Netfs '9p' registered for caching
[STDERR  ] 2019-09-10T11:04:58.536329113Z: [    2.733345] NET: Registered protocol family 38
[STDERR  ] 2019-09-10T11:04:58.536340040Z: [    2.737816] Key type asymmetric registered
[STDERR  ] 2019-09-10T11:04:58.536350096Z: [    2.741856] Asymmetric key parser 'x509' registered
[STDERR  ] 2019-09-10T11:04:58.536360332Z: [    2.746158] Block layer SCSI generic (bsg) driver version 0.4 loaded (major 247)
[STDERR  ] 2019-09-10T11:04:58.536373292Z: [    2.753049] io scheduler noop registered
[STDERR  ] 2019-09-10T11:04:58.536383656Z: [    2.756882] io scheduler deadline registered (default)
[STDERR  ] 2019-09-10T11:04:58.536393811Z: [    2.761832] io scheduler cfq registered
[STDERR  ] 2019-09-10T11:04:58.536404596Z: [    2.765415] io scheduler mq-deadline registered (default)
[STDERR  ] 2019-09-10T11:04:58.536414940Z: [    2.770377] io scheduler kyber registered
[STDERR  ] 2019-09-10T11:04:58.536427631Z: [    2.774119] shpchp: Standard Hot Plug PCI Controller Driver version: 0.4
[STDERR  ] 2019-09-10T11:04:58.536438866Z: [    2.780281] hv_vmbus: registering driver hyperv_fb
[STDERR  ] 2019-09-10T11:04:58.536449701Z: [    2.784815] input: Power Button as /devices/LNXSYSTM:00/LNXPWRBN:00/input/input0
[STDERR  ] 2019-09-10T11:04:58.536459955Z: [    2.791525] ACPI: Power Button [PWRF]
[STDERR  ] 2019-09-10T11:04:58.536469948Z: [    2.795778] PCI Interrupt Link [GSIG] enabled at IRQ 22
[STDERR  ] 2019-09-10T11:04:58.536483475Z: [    2.805753] PCI Interrupt Link [GSIH] enabled at IRQ 23
[STDERR  ] 2019-09-10T11:04:58.536499213Z: [    2.815856] Serial: 8250/16550 driver, 4 ports, IRQ sharing disabled
[STDERR  ] 2019-09-10T11:04:58.536509615Z: [    2.854675] 00:04: ttyS0 at I/O 0x3f8 (irq = 4, base_baud = 115200) is a 16550A
[STDERR  ] 2019-09-10T11:04:58.536519964Z: [    2.862151] Non-volatile memory driver v1.3
[STDERR  ] 2019-09-10T11:04:58.536531037Z: [    2.867259] Hangcheck: starting hangcheck timer 0.9.1 (tick is 180 seconds, margin is 60 seconds).
[STDERR  ] 2019-09-10T11:04:58.536541525Z: [    2.875853] random: fast init done
[STDERR  ] 2019-09-10T11:04:58.536552373Z: [    2.879740] random: crng init done
[STDERR  ] 2019-09-10T11:04:58.536562213Z: [    2.883507] brd: module loaded
[STDERR  ] 2019-09-10T11:04:58.536572421Z: [    2.887982] loop: module loaded
[STDERR  ] 2019-09-10T11:04:58.536582763Z: [    2.894537] lpc_ich 0000:00:1f.0: I/O space for GPIO uninitialized
[STDERR  ] 2019-09-10T11:04:58.536593522Z: [    2.900352] VMware PVSCSI driver - version 1.0.7.0-k
[STDERR  ] 2019-09-10T11:04:58.536603725Z: [    2.904797] hv_vmbus: registering driver hv_storvsc
[STDERR  ] 2019-09-10T11:04:58.536614014Z: [    2.909748] PCI Interrupt Link [GSIA] enabled at IRQ 16
[STDERR  ] 2019-09-10T11:04:58.536623792Z: [    2.917843] ahci 0000:00:1f.2: AHCI 0001.0000 32 slots 6 ports 1.5 Gbps 0x3f impl SATA mode
[STDERR  ] 2019-09-10T11:04:58.536637806Z: [    2.925204] ahci 0000:00:1f.2: flags: 64bit ncq only 
[STDERR  ] 2019-09-10T11:04:58.536648889Z: [    2.933020] scsi host0: ahci
[STDERR  ] 2019-09-10T11:04:58.536663786Z: [    2.935806] scsi host1: ahci
[STDERR  ] 2019-09-10T11:04:58.536673781Z: [    2.938501] scsi host2: ahci
[STDERR  ] 2019-09-10T11:04:58.536683663Z: [    2.941124] scsi host3: ahci
[STDERR  ] 2019-09-10T11:04:58.536693795Z: [    2.943465] scsi host4: ahci
[STDERR  ] 2019-09-10T11:04:58.536704028Z: [    2.945911] scsi host5: ahci
[STDERR  ] 2019-09-10T11:04:58.536714237Z: [    2.948553] ata1: SATA max UDMA/133 abar m4096@0xfebd2000 port 0xfebd2100 irq 24
[STDERR  ] 2019-09-10T11:04:58.536724843Z: [    2.955113] ata2: SATA max UDMA/133 abar m4096@0xfebd2000 port 0xfebd2180 irq 24
[STDERR  ] 2019-09-10T11:04:58.536745609Z: [    2.961742] ata3: SATA max UDMA/133 abar m4096@0xfebd2000 port 0xfebd2200 irq 24
[STDERR  ] 2019-09-10T11:04:58.536764480Z: [    2.967794] ata4: SATA max UDMA/133 abar m4096@0xfebd2000 port 0xfebd2280 irq 24
[STDERR  ] 2019-09-10T11:04:58.536775078Z: [    2.974063] ata5: SATA max UDMA/133 abar m4096@0xfebd2000 port 0xfebd2300 irq 24
[STDERR  ] 2019-09-10T11:04:58.536785394Z: [    2.980506] ata6: SATA max UDMA/133 abar m4096@0xfebd2000 port 0xfebd2380 irq 24
[STDERR  ] 2019-09-10T11:04:58.536798842Z: [    2.988234] tun: Universal TUN/TAP device driver, 1.6
[STDERR  ] 2019-09-10T11:04:58.536809890Z: [    2.997222] VMware vmxnet3 virtual NIC driver - version 1.4.16.0-k-NAPI
[STDERR  ] 2019-09-10T11:04:58.536820811Z: [    3.002805] hv_vmbus: registering driver hv_netvsc
[STDERR  ] 2019-09-10T11:04:58.536833771Z: [    3.006484] Fusion MPT base driver 3.04.20
[STDERR  ] 2019-09-10T11:04:58.536844146Z: [    3.010227] Copyright (c) 1999-2008 LSI Corporation
[STDERR  ] 2019-09-10T11:04:58.536854659Z: [    3.014094] Fusion MPT SPI Host driver 3.04.20
[STDERR  ] 2019-09-10T11:04:58.536864767Z: [    3.017959] i8042: PNP: PS/2 Controller [PNP0303:KBD,PNP0f13:MOU] at 0x60,0x64 irq 1,12
[STDERR  ] 2019-09-10T11:04:58.536875507Z: [    3.027337] serio: i8042 KBD port at 0x60,0x64 irq 1
[STDERR  ] 2019-09-10T11:04:58.536886529Z: [    3.031612] serio: i8042 AUX port at 0x60,0x64 irq 12
[STDERR  ] 2019-09-10T11:04:58.536896848Z: [    3.035964] hv_vmbus: registering driver hyperv_keyboard
[STDERR  ] 2019-09-10T11:04:58.536909933Z: [    3.040775] mousedev: PS/2 mouse device common for all mice
[STDERR  ] 2019-09-10T11:04:58.536922678Z: [    3.046808] input: AT Translated Set 2 keyboard as /devices/platform/i8042/serio0/input/input1
[STDERR  ] 2019-09-10T11:04:58.536933466Z: [    3.055033] input: PC Speaker as /devices/platform/pcspkr/input/input2
[STDERR  ] 2019-09-10T11:04:58.536944317Z: [    3.061240] rtc_cmos 00:00: RTC can wake from S4
[STDERR  ] 2019-09-10T11:04:58.536955366Z: [    3.068208] rtc_cmos 00:00: registered as rtc0
[STDERR  ] 2019-09-10T11:04:58.536966397Z: [    3.072157] rtc_cmos 00:00: alarms up to one day, y3k, 114 bytes nvram, hpet irqs
[STDERR  ] 2019-09-10T11:04:58.536977446Z: [    3.079112] i2c /dev entries driver
[STDERR  ] 2019-09-10T11:04:58.536988262Z: [    3.082468] device-mapper: ioctl: 4.39.0-ioctl (2018-04-03) initialised: dm-devel@redhat.com
[STDERR  ] 2019-09-10T11:04:58.536999567Z: [    3.089456] usbcore: registered new interface driver usbhid
[STDERR  ] 2019-09-10T11:04:58.537010478Z: [    3.094366] usbhid: USB HID core driver
[STDERR  ] 2019-09-10T11:04:58.537021262Z: [    3.097884] hv_utils: Registering HyperV Utility Driver
[STDERR  ] 2019-09-10T11:04:58.537032098Z: [    3.102255] hv_vmbus: registering driver hv_util
[STDERR  ] 2019-09-10T11:04:58.537043140Z: [    3.106097] hv_vmbus: registering driver hv_balloon
[STDERR  ] 2019-09-10T11:04:58.537053675Z: [    3.110320] oprofile: using NMI interrupt.
[STDERR  ] 2019-09-10T11:04:58.537064630Z: [    3.113784] GACT probability on
[STDERR  ] 2019-09-10T11:04:58.537075637Z: [    3.116603] Mirror/redirect action on
[STDERR  ] 2019-09-10T11:04:58.537086303Z: [    3.119903] Simple TC action Loaded
[STDERR  ] 2019-09-10T11:04:58.537096991Z: [    3.122785] u32 classifier
[STDERR  ] 2019-09-10T11:04:58.537108419Z: [    3.125087]     Performance counters on
[STDERR  ] 2019-09-10T11:04:58.537119475Z: [    3.128227]     input device check on
[STDERR  ] 2019-09-10T11:04:58.537133391Z: [    3.131407]     Actions configured
[STDERR  ] 2019-09-10T11:04:58.537143951Z: [    3.134419] xt_time: kernel timezone is -0000
[STDERR  ] 2019-09-10T11:04:58.537163156Z: [    3.138388] IPVS: Registered protocols (TCP, UDP, SCTP, AH, ESP)
[STDERR  ] 2019-09-10T11:04:58.537173873Z: [    3.143284] IPVS: Connection hash table configured (size=4096, memory=64Kbytes)
[STDERR  ] 2019-09-10T11:04:58.537184508Z: [    3.149154] IPVS: ipvs loaded.
[STDERR  ] 2019-09-10T11:04:58.537211897Z: [    3.151699] IPVS: [rr] scheduler registered.
[STDERR  ] 2019-09-10T11:04:58.537227553Z: [    3.155389] IPVS: [wrr] scheduler registered.
[STDERR  ] 2019-09-10T11:04:58.537244770Z: [    3.159129] IPVS: [lc] scheduler registered.
[STDERR  ] 2019-09-10T11:04:58.537257627Z: [    3.162645] IPVS: [wlc] scheduler registered.
[STDERR  ] 2019-09-10T11:04:58.537269999Z: [    3.166231] IPVS: [fo] scheduler registered.
[STDERR  ] 2019-09-10T11:04:58.537282826Z: [    3.169894] IPVS: [ovf] scheduler registered.
[STDERR  ] 2019-09-10T11:04:58.537295665Z: [    3.173179] IPVS: [lblc] scheduler registered.
[STDERR  ] 2019-09-10T11:04:58.537308241Z: [    3.177120] IPVS: [lblcr] scheduler registered.
[STDERR  ] 2019-09-10T11:04:58.537321116Z: [    3.181142] IPVS: [dh] scheduler registered.
[STDERR  ] 2019-09-10T11:04:58.537333954Z: [    3.184539] IPVS: [sh] scheduler registered.
[STDERR  ] 2019-09-10T11:04:58.537351199Z: [    3.188049] IPVS: [mh] scheduler registered.
[STDERR  ] 2019-09-10T11:04:58.537363668Z: [    3.191942] IPVS: [sed] scheduler registered.
[STDERR  ] 2019-09-10T11:04:58.537378808Z: [    3.195758] IPVS: [nq] scheduler registered.
[STDERR  ] 2019-09-10T11:04:58.537391586Z: [    3.199835] IPVS: ftp: loaded support on port[0] = 21
[STDERR  ] 2019-09-10T11:04:58.537404353Z: [    3.203755] ipip: IPv4 and MPLS over IPv4 tunneling driver
[STDERR  ] 2019-09-10T11:04:58.537416956Z: [    3.208823] gre: GRE over IPv4 demultiplexor driver
[STDERR  ] 2019-09-10T11:04:58.537429869Z: [    3.212992] ipt_CLUSTERIP: ClusterIP Version 0.8 loaded successfully
[STDERR  ] 2019-09-10T11:04:58.537442701Z: [    3.218887] NET: Registered protocol family 10
[STDERR  ] 2019-09-10T11:04:58.537458209Z: [    3.222926] Segment Routing with IPv6
[STDERR  ] 2019-09-10T11:04:58.537470885Z: [    3.226062] NET: Registered protocol family 17
[STDERR  ] 2019-09-10T11:04:58.537483618Z: [    3.229962] Bridge firewalling registered
[STDERR  ] 2019-09-10T11:04:58.537496681Z: [    3.233357] 8021q: 802.1Q VLAN Support v1.8
[STDERR  ] 2019-09-10T11:04:58.537509584Z: [    3.236954] 9pnet: Installing 9P2000 support
[STDERR  ] 2019-09-10T11:04:58.537522439Z: [    3.240884] Key type dns_resolver registered
[STDERR  ] 2019-09-10T11:04:58.537535169Z: [    3.244456] NET: Registered protocol family 40
[STDERR  ] 2019-09-10T11:04:58.537547958Z: [    3.248853] registered taskstats version 1
[STDERR  ] 2019-09-10T11:04:58.537560764Z: [    3.260568] Key type big_key registered
[STDERR  ] 2019-09-10T11:04:58.537573277Z: [    3.267342] Key type trusted registered
[STDERR  ] 2019-09-10T11:04:58.537586141Z: [    3.274354] Key type encrypted registered
[STDERR  ] 2019-09-10T11:04:58.537598754Z: [    3.278409] ima: No TPM chip found, activating TPM-bypass!
[STDERR  ] 2019-09-10T11:04:58.537611554Z: [    3.283598] ima: Allocated hash algorithm: sha256
[STDERR  ] 2019-09-10T11:04:58.537624295Z: [    3.287488] evm: Initialising EVM extended attributes:
[STDERR  ] 2019-09-10T11:04:58.537636937Z: [    3.292029] evm: security.ima
[STDERR  ] 2019-09-10T11:04:58.537649784Z: [    3.294755] evm: security.capability
[STDERR  ] 2019-09-10T11:04:58.537664108Z: [    3.297979] evm: HMAC attrs: 0x1
[STDERR  ] 2019-09-10T11:04:58.537676808Z: [    3.301388] ata3: SATA link up 1.5 Gbps (SStatus 113 SControl 300)
[STDERR  ] 2019-09-10T11:04:58.537689624Z: [    3.307352] ata2: SATA link down (SStatus 0 SControl 300)
[STDERR  ] 2019-09-10T11:04:58.537703133Z: [    3.312780] ata1: SATA link up 1.5 Gbps (SStatus 113 SControl 300)
[STDERR  ] 2019-09-10T11:04:58.537719135Z: [    3.319114] ata6: SATA link down (SStatus 0 SControl 300)
[STDERR  ] 2019-09-10T11:04:58.537738350Z: [    3.324274] ata5: SATA link down (SStatus 0 SControl 300)
[STDERR  ] 2019-09-10T11:04:58.537753665Z: [    3.329402] ata4: SATA link down (SStatus 0 SControl 300)
[STDERR  ] 2019-09-10T11:04:58.537766173Z: [    3.333905] ata3.00: ATAPI: QEMU DVD-ROM, 2.5+, max UDMA/100
[STDERR  ] 2019-09-10T11:04:58.537779009Z: [    3.338835] ata3.00: applying bridge limits
[STDERR  ] 2019-09-10T11:04:58.537794728Z: [    3.342299] ata1.00: ATA-7: QEMU HARDDISK, 2.5+, max UDMA/100
[STDERR  ] 2019-09-10T11:04:58.537807622Z: [    3.346944] ata1.00: 1048576 sectors, multi 16: LBA48 NCQ (depth 32)
[STDERR  ] 2019-09-10T11:04:58.537824586Z: [    3.352058] ata1.00: applying bridge limits
[STDERR  ] 2019-09-10T11:04:58.537837143Z: [    3.356451] rtc_cmos 00:00: setting system clock to 2019-09-10 11:04:44 UTC (1568113484)
[STDERR  ] 2019-09-10T11:04:58.538192390Z: [    3.363533] ata3.00: configured for UDMA/100
[STDERR  ] 2019-09-10T11:04:58.538246121Z: [    3.367866] Unstable clock detected, switching default tracing clock to "global"
[STDERR  ] 2019-09-10T11:04:58.538299857Z: [    3.367866] If you want to keep using the local clock, then add:
[STDERR  ] 2019-09-10T11:04:58.538348859Z: [    3.367866]   "trace_clock=local"
[STDERR  ] 2019-09-10T11:04:58.538387409Z: [    3.367866] on the kernel command line
[STDERR  ] 2019-09-10T11:04:58.538445052Z: [    3.384360] ata1.00: configured for UDMA/100
[STDERR  ] 2019-09-10T11:04:58.538475936Z: [    3.388068] scsi 0:0:0:0: Direct-Access     ATA      QEMU HARDDISK    2.5+ PQ: 0 ANSI: 5
[STDERR  ] 2019-09-10T11:04:58.538519986Z: [    3.394560] sd 0:0:0:0: [sda] 1048576 512-byte logical blocks: (537 MB/512 MiB)
[STDERR  ] 2019-09-10T11:04:58.538581932Z: [    3.401221] sd 0:0:0:0: Attached scsi generic sg0 type 0
[STDERR  ] 2019-09-10T11:04:58.538625071Z: [    3.405632] sd 0:0:0:0: [sda] Write Protect is off
[STDERR  ] 2019-09-10T11:04:58.538654440Z: [    3.410333] scsi 2:0:0:0: CD-ROM            QEMU     QEMU DVD-ROM     2.5+ PQ: 0 ANSI: 5
[STDERR  ] 2019-09-10T11:04:58.538699305Z: [    3.416979] sd 0:0:0:0: [sda] Write cache: enabled, read cache: enabled, doesn't support DPO or FUA
[STDERR  ] 2019-09-10T11:04:58.538807610Z: [    3.427333] sd 0:0:0:0: [sda] Attached SCSI disk
[STDERR  ] 2019-09-10T11:04:58.538848847Z: [    3.440754] sr 2:0:0:0: [sr0] scsi3-mmc drive: 4x/4x cd/rw xa/form2 tray
[STDERR  ] 2019-09-10T11:04:58.538907967Z: [    3.446129] cdrom: Uniform CD-ROM driver Revision: 3.20
[STDERR  ] 2019-09-10T11:04:58.538949621Z: [    3.451066] sr 2:0:0:0: Attached scsi generic sg1 type 5
[STDERR  ] 2019-09-10T11:04:58.539003027Z: [    3.458720] Freeing unused kernel image memory: 1588K
[STDERR  ] 2019-09-10T11:04:58.539037643Z: [    3.464730] Write protecting the kernel read-only data: 18432k
[STDERR  ] 2019-09-10T11:04:58.539084758Z: [    3.471792] Freeing unused kernel image memory: 2028K
[STDERR  ] 2019-09-10T11:04:58.539117566Z: [    3.476526] Freeing unused kernel image memory: 1084K
[STDERR  ] 2019-09-10T11:04:58.539167342Z: [    3.481027] Run /init as init process
[STDERR  ] 2019-09-10T11:04:58.539198705Z: 
[STDERR  ] 2019-09-10T11:04:58.539274211Z: Welcome to LinuxKit
[STDERR  ] 2019-09-10T11:04:58.539356240Z: 
[STDERR  ] 2019-09-10T11:04:58.539398852Z:                         ##         .
[STDERR  ] 2019-09-10T11:04:58.539460666Z:                   ## ## ##        ==
[STDERR  ] 2019-09-10T11:04:58.539502710Z:                ## ## ## ## ##    ===
[STDERR  ] 2019-09-10T11:04:58.539569233Z:            /"""""""""""""""""\___/ ===
[STDERR  ] 2019-09-10T11:04:58.539621140Z:           {                       /  ===-
[STDERR  ] 2019-09-10T11:04:58.539687856Z:            \______ O           __/
[STDERR  ] 2019-09-10T11:04:58.539759034Z:              \    \         __/
[STDERR  ] 2019-09-10T11:04:58.539824190Z:               \____\_______/
[STDERR  ] 2019-09-10T11:04:58.539867130Z: 
[STDERR  ] 2019-09-10T11:04:58.539924240Z: [    4.160722] IPVS: ftp: loaded support on port[0] = 21
[STDERR  ] 2019-09-10T11:04:58.540010275Z: [    4.270579]  sda:
[STDERR  ] 2019-09-10T11:04:58.540051341Z: [    4.280464]  sda:
[STDERR  ] 2019-09-10T11:04:58.540115304Z: [    4.548800]  sda: sda1
[STDERR  ] 2019-09-10T11:04:58.540157004Z: [    4.554282]  sda: sda1
[STDERR  ] 2019-09-10T11:04:58.540273115Z: 2019/09/10 11:04:45 Creating partition on /dev/sda
[STDERR  ] 2019-09-10T11:04:58.540354491Z: 2019/09/10 11:04:46 Partition /dev/sda1 successfully created!
[STDERR  ] 2019-09-10T11:04:58.540432902Z: [    5.739501] IPVS: ftp: loaded support on port[0] = 21
[STDERR  ] 2019-09-10T11:04:58.540492043Z: [    5.863555] EXT4-fs (sda1): mounted filesystem with ordered data mode. Opts: (null)
[STDERR  ] 2019-09-10T11:04:58.540556912Z: format_mount test suite PASSED
[STDERR  ] 2019-09-10T11:04:58.540618969Z: [   16.128492] sd 0:0:0:0: [sda] Synchronizing SCSI cache
[STDERR  ] 2019-09-10T11:04:58.540664073Z: [   16.133813] sd 0:0:0:0: [sda] Stopping disk
[STDERR  ] 2019-09-10T11:04:58.540744490Z: [   16.138510] ACPI: Preparing to enter system sleep state S5
[STDERR  ] 2019-09-10T11:04:58.540817272Z: [   16.143093] reboot: Power down
[STDERR  ] 2019-09-10T11:04:58.540860207Z: + echo [    0.000000] Linux version 4.19.51-linuxkit (root@5e22f1a454b5) (gcc version 8.3.0 (Alpine 8.3.0)) #1 SMP Mon Jun 17 08:07:30 UTC 2019
[STDERR  ] 2019-09-10T11:04:58.540925517Z: [    0.000000] Command line: console=ttyS0 console=ttyAMA0
[STDERR  ] 2019-09-10T11:04:58.540976157Z: [    0.000000] x86/fpu: x87 FPU will use FXSAVE
[STDERR  ] 2019-09-10T11:04:58.541041437Z: [    0.000000] BIOS-provided physical RAM map:
[STDERR  ] 2019-09-10T11:04:58.541093156Z: [    0.000000] BIOS-e820: [mem 0x0000000000000000-0x000000000009fbff] usable
[STDERR  ] 2019-09-10T11:04:58.541144671Z: [    0.000000] BIOS-e820: [mem 0x000000000009fc00-0x000000000009ffff] reserved
[STDERR  ] 2019-09-10T11:04:58.541198708Z: [    0.000000] BIOS-e820: [mem 0x00000000000f0000-0x00000000000fffff] reserved
[STDERR  ] 2019-09-10T11:04:58.541239415Z: [    0.000000] BIOS-e820: [mem 0x0000000000100000-0x000000003ffdefff] usable
[STDERR  ] 2019-09-10T11:04:58.541304964Z: [    0.000000] BIOS-e820: [mem 0x000000003ffdf000-0x000000003fffffff] reserved
[STDERR  ] 2019-09-10T11:04:58.541357227Z: [    0.000000] BIOS-e820: [mem 0x00000000b0000000-0x00000000bfffffff] reserved
[STDERR  ] 2019-09-10T11:04:58.541411482Z: [    0.000000] BIOS-e820: [mem 0x00000000fed1c000-0x00000000fed1ffff] reserved
[STDERR  ] 2019-09-10T11:04:58.541481631Z: [    0.000000] BIOS-e820: [mem 0x00000000feffc000-0x00000000feffffff] reserved
[STDERR  ] 2019-09-10T11:04:58.541522184Z: [    0.000000] BIOS-e820: [mem 0x00000000fffc0000-0x00000000ffffffff] reserved
[STDERR  ] 2019-09-10T11:04:58.541584654Z: [    0.000000] NX (Execute Disable) protection: active
[STDERR  ] 2019-09-10T11:04:58.541631356Z: [    0.000000] SMBIOS 2.8 present.
[STDERR  ] 2019-09-10T11:04:58.541685133Z: [    0.000000] DMI: QEMU Standard PC (Q35 + ICH9, 2009), BIOS 1.10.2-1 04/01/2014
[STDERR  ] 2019-09-10T11:04:58.541780779Z: [    0.000000] Hypervisor detected: KVM
[STDERR  ] 2019-09-10T11:04:58.541821476Z: [    0.000000] kvm-clock: Using msrs 4b564d01 and 4b564d00
[STDERR  ] 2019-09-10T11:04:58.541891315Z: [    0.519358] kvm-clock: cpu 0, msr 3581e001, primary cpu clock
[STDERR  ] 2019-09-10T11:04:58.541963261Z: [    0.519358] clocksource: kvm-clock: mask: 0xffffffffffffffff max_cycles: 0x1cd42e4dffb, max_idle_ns: 881590591483 ns
[STDERR  ] 2019-09-10T11:04:58.542004479Z: [    0.519366] tsc: Detected 2299.792 MHz processor
[STDERR  ] 2019-09-10T11:04:58.542065033Z: [    0.522431] last_pfn = 0x3ffdf max_arch_pfn = 0x400000000
[STDERR  ] 2019-09-10T11:04:58.542110454Z: [    0.522964] x86/PAT: PAT not supported by CPU.
[STDERR  ] 2019-09-10T11:04:58.542167285Z: [    0.523031] x86/PAT: Configuration [0-7]: WB  WT  UC- UC  WB  WT  UC- UC  
[STDERR  ] 2019-09-10T11:04:58.542206935Z: [    0.533273] found SMP MP-table at [mem 0x000f6a90-0x000f6a9f]
[STDERR  ] 2019-09-10T11:04:58.542268386Z: [    0.533554] RAMDISK: [mem 0x3d6a2000-0x3ffcffff]
[STDERR  ] 2019-09-10T11:04:58.542333787Z: [    0.533740] ACPI: Early table checksum verification disabled
[STDERR  ] 2019-09-10T11:04:58.542398586Z: [    0.533868] ACPI: RSDP 0x00000000000F68D0 000014 (v00 BOCHS )
[STDERR  ] 2019-09-10T11:04:58.542490859Z: [    0.533876] ACPI: RSDT 0x000000003FFE2404 000034 (v01 BOCHS  BXPCRSDT 00000001 BXPC 00000001)
[STDERR  ] 2019-09-10T11:04:58.542548501Z: [    0.533891] ACPI: FACP 0x000000003FFE22A4 000074 (v01 BOCHS  BXPCFACP 00000001 BXPC 00000001)
[STDERR  ] 2019-09-10T11:04:58.542619207Z: [    0.533897] ACPI: DSDT 0x000000003FFE0040 002264 (v01 BOCHS  BXPCDSDT 00000001 BXPC 00000001)
[STDERR  ] 2019-09-10T11:04:58.542670543Z: [    0.533901] ACPI: FACS 0x000000003FFE0000 000040
[STDERR  ] 2019-09-10T11:04:58.542744794Z: [    0.533905] ACPI: APIC 0x000000003FFE2318 000078 (v01 BOCHS  BXPCAPIC 00000001 BXPC 00000001)
[STDERR  ] 2019-09-10T11:04:58.542785351Z: [    0.533909] ACPI: HPET 0x000000003FFE2390 000038 (v01 BOCHS  BXPCHPET 00000001 BXPC 00000001)
[STDERR  ] 2019-09-10T11:04:58.542850276Z: [    0.533913] ACPI: MCFG 0x000000003FFE23C8 00003C (v01 BOCHS  BXPCMCFG 00000001 BXPC 00000001)
[STDERR  ] 2019-09-10T11:04:58.542899781Z: [    0.534745] Zone ranges:
[STDERR  ] 2019-09-10T11:04:58.542947455Z: [    0.534747]   DMA      [mem 0x0000000000001000-0x0000000000ffffff]
[STDERR  ] 2019-09-10T11:04:58.542987608Z: [    0.534749]   DMA32    [mem 0x0000000001000000-0x000000003ffdefff]
[STDERR  ] 2019-09-10T11:04:58.543036100Z: [    0.534751]   Normal   empty
[STDERR  ] 2019-09-10T11:04:58.543089881Z: [    0.534752]   Device   empty
[STDERR  ] 2019-09-10T11:04:58.543140022Z: [    0.534753] Movable zone start for each node
[STDERR  ] 2019-09-10T11:04:58.543187540Z: [    0.534754] Early memory node ranges
[STDERR  ] 2019-09-10T11:04:58.543227124Z: [    0.534755]   node   0: [mem 0x0000000000001000-0x000000000009efff]
[STDERR  ] 2019-09-10T11:04:58.543274578Z: [    0.534756]   node   0: [mem 0x0000000000100000-0x000000003ffdefff]
[STDERR  ] 2019-09-10T11:04:58.543324597Z: [    0.535335] Reserved but unavailable: 98 pages
[STDERR  ] 2019-09-10T11:04:58.543363853Z: [    0.535337] Initmem setup node 0 [mem 0x0000000000001000-0x000000003ffdefff]
[STDERR  ] 2019-09-10T11:04:58.543452209Z: [    0.545961] ACPI: PM-Timer IO Port: 0x608
[STDERR  ] 2019-09-10T11:04:58.543493687Z: [    0.546004] ACPI: LAPIC_NMI (acpi_id[0xff] dfl dfl lint[0x1])
[STDERR  ] 2019-09-10T11:04:58.543535315Z: [    0.546244] IOAPIC[0]: apic_id 0, version 17, address 0xfec00000, GSI 0-23
[STDERR  ] 2019-09-10T11:04:58.543575082Z: [    0.546247] ACPI: INT_SRC_OVR (bus 0 bus_irq 0 global_irq 2 dfl dfl)
[STDERR  ] 2019-09-10T11:04:58.543623397Z: [    0.546249] ACPI: INT_SRC_OVR (bus 0 bus_irq 5 global_irq 5 high level)
[STDERR  ] 2019-09-10T11:04:58.543663468Z: [    0.546251] ACPI: INT_SRC_OVR (bus 0 bus_irq 9 global_irq 9 high level)
[STDERR  ] 2019-09-10T11:04:58.543707798Z: [    0.546256] ACPI: INT_SRC_OVR (bus 0 bus_irq 10 global_irq 10 high level)
[STDERR  ] 2019-09-10T11:04:58.543764722Z: [    0.546257] ACPI: INT_SRC_OVR (bus 0 bus_irq 11 global_irq 11 high level)
[STDERR  ] 2019-09-10T11:04:58.543823164Z: [    0.546265] Using ACPI (MADT) for SMP configuration information
[STDERR  ] 2019-09-10T11:04:58.543869457Z: [    0.546267] ACPI: HPET id: 0x8086a201 base: 0xfed00000
[STDERR  ] 2019-09-10T11:04:58.543907037Z: [    0.546302] smpboot: Allowing 1 CPUs, 0 hotplug CPUs
[STDERR  ] 2019-09-10T11:04:58.543951428Z: [    0.546420] [mem 0x40000000-0xafffffff] available for PCI devices
[STDERR  ] 2019-09-10T11:04:58.543987588Z: [    0.546422] Booting paravirtualized kernel on KVM
[STDERR  ] 2019-09-10T11:04:58.544061029Z: [    0.546424] clocksource: refined-jiffies: mask: 0xffffffff max_cycles: 0xffffffff, max_idle_ns: 1910969940391419 ns
[STDOUT  ] 2019-09-10T11:04:58.544167627Z: [    0.000000] Linux version 4.19.51-linuxkit (root@5e22f1a454b5) (gcc version 8.3.0 (Alpine 8.3.0)) #1 SMP Mon Jun 17 08:07:30 UTC 2019
[STDOUT  ] 2019-09-10T11:04:58.544200427Z: [    0.000000] Command line: console=ttyS0 console=ttyAMA0
[STDOUT  ] 2019-09-10T11:04:58.544219922Z: [    0.000000] x86/fpu: x87 FPU will use FXSAVE
[STDOUT  ] 2019-09-10T11:04:58.544230863Z: [    0.000000] BIOS-provided physical RAM map:
[STDOUT  ] 2019-09-10T11:04:58.544239643Z: [    0.000000] BIOS-e820: [mem 0x0000000000000000-0x000000000009fbff] usable
[STDOUT  ] 2019-09-10T11:04:58.544256264Z: [    0.000000] BIOS-e820: [mem 0x000000000009fc00-0x000000000009ffff] reserved
[STDOUT  ] 2019-09-10T11:04:58.544264877Z: [    0.000000] BIOS-e820: [mem 0x00000000000f0000-0x00000000000fffff] reserved
[STDOUT  ] 2019-09-10T11:04:58.544286320Z: [    0.000000] BIOS-e820: [mem 0x0000000000100000-0x000000003ffdefff] usable
[STDOUT  ] 2019-09-10T11:04:58.544299640Z: [    0.000000] BIOS-e820: [mem 0x000000003ffdf000-0x000000003fffffff] reserved
[STDOUT  ] 2019-09-10T11:04:58.544307576Z: [    0.000000] BIOS-e820: [mem 0x00000000b0000000-0x00000000bfffffff] reserved
[STDOUT  ] 2019-09-10T11:04:58.544315625Z: [    0.000000] BIOS-e820: [mem 0x00000000fed1c000-0x00000000fed1ffff] reserved
[STDOUT  ] 2019-09-10T11:04:58.544323910Z: [    0.000000] BIOS-e820: [mem 0x00000000feffc000-0x00000000feffffff] reserved
[STDOUT  ] 2019-09-10T11:04:58.544332109Z: [    0.000000] BIOS-e820: [mem 0x00000000fffc0000-0x00000000ffffffff] reserved
[STDOUT  ] 2019-09-10T11:04:58.544346234Z: [    0.000000] NX (Execute Disable) protection: active
[STDOUT  ] 2019-09-10T11:04:58.544354136Z: [    0.000000] SMBIOS 2.8 present.
[STDOUT  ] 2019-09-10T11:04:58.544362195Z: [    0.000000] DMI: QEMU Standard PC (Q35 + ICH9, 2009), BIOS 1.10.2-1 04/01/2014
[STDOUT  ] 2019-09-10T11:04:58.544369993Z: [    0.000000] Hypervisor detected: KVM
[STDOUT  ] 2019-09-10T11:04:58.544377709Z: [    0.000000] kvm-clock: Using msrs 4b564d01 and 4b564d00
[STDOUT  ] 2019-09-10T11:04:58.544385539Z: [    0.519358] kvm-clock: cpu 0, msr 3581e001, primary cpu clock
[STDOUT  ] 2019-09-10T11:04:58.544393321Z: [    0.519358] clocksource: kvm-clock: mask: 0xffffffffffffffff max_cycles: 0x1cd42e4dffb, max_idle_ns: 881590591483 ns
[STDOUT  ] 2019-09-10T11:04:58.544401978Z: [    0.519366] tsc: Detected 2299.792 MHz processor
[STDOUT  ] 2019-09-10T11:04:58.544409634Z: [    0.522431] last_pfn = 0x3ffdf max_arch_pfn = 0x400000000
[STDOUT  ] 2019-09-10T11:04:58.544417237Z: [    0.522964] x86/PAT: PAT not supported by CPU.
[STDOUT  ] 2019-09-10T11:04:58.544425310Z: [    0.523031] x86/PAT: Configuration [0-7]: WB  WT  UC- UC  WB  WT  UC- UC  
[STDOUT  ] 2019-09-10T11:04:58.544439183Z: [    0.533273] found SMP MP-table at [mem 0x000f6a90-0x000f6a9f]
[STDOUT  ] 2019-09-10T11:04:58.544446932Z: [    0.533554] RAMDISK: [mem 0x3d6a2000-0x3ffcffff]
[STDOUT  ] 2019-09-10T11:04:58.544454569Z: [    0.533740] ACPI: Early table checksum verification disabled
[STDOUT  ] 2019-09-10T11:04:58.544462264Z: [    0.533868] ACPI: RSDP 0x00000000000F68D0 000014 (v00 BOCHS )
[STDOUT  ] 2019-09-10T11:04:58.544469984Z: [    0.533876] ACPI: RSDT 0x000000003FFE2404 000034 (v01 BOCHS  BXPCRSDT 00000001 BXPC 00000001)
[STDOUT  ] 2019-09-10T11:04:58.544478266Z: [    0.533891] ACPI: FACP 0x000000003FFE22A4 000074 (v01 BOCHS  BXPCFACP 00000001 BXPC 00000001)
[STDOUT  ] 2019-09-10T11:04:58.544485998Z: [    0.533897] ACPI: DSDT 0x000000003FFE0040 002264 (v01 BOCHS  BXPCDSDT 00000001 BXPC 00000001)
[STDOUT  ] 2019-09-10T11:04:58.544494229Z: [    0.533901] ACPI: FACS 0x000000003FFE0000 000040
[STDOUT  ] 2019-09-10T11:04:58.544502109Z: [    0.533905] ACPI: APIC 0x000000003FFE2318 000078 (v01 BOCHS  BXPCAPIC 00000001 BXPC 00000001)
[STDOUT  ] 2019-09-10T11:04:58.544509895Z: [    0.533909] ACPI: HPET 0x000000003FFE2390 000038 (v01 BOCHS  BXPCHPET 00000001 BXPC 00000001)
[STDOUT  ] 2019-09-10T11:04:58.544517567Z: [    0.533913] ACPI: MCFG 0x000000003FFE23C8 00003C (v01 BOCHS  BXPCMCFG 00000001 BXPC 00000001)
[STDOUT  ] 2019-09-10T11:04:58.544525418Z: [    0.534745] Zone ranges:
[STDOUT  ] 2019-09-10T11:04:58.544533738Z: [    0.534747]   DMA      [mem 0x0000000000001000-0x0000000000ffffff]
[STDOUT  ] 2019-09-10T11:04:58.544541491Z: [    0.534749]   DMA32    [mem 0x0000000001000000-0x000000003ffdefff]
[STDOUT  ] 2019-09-10T11:04:58.544552872Z: [    0.534751]   Normal   empty
[STDOUT  ] 2019-09-10T11:04:58.544560838Z: [    0.534752]   Device   empty
[STDOUT  ] 2019-09-10T11:04:58.544568618Z: [    0.534753] Movable zone start for each node
[STDOUT  ] 2019-09-10T11:04:58.544576126Z: [    0.534754] Early memory node ranges
[STDOUT  ] 2019-09-10T11:04:58.544583856Z: [    0.534755]   node   0: [mem 0x0000000000001000-0x000000000009efff]
[STDOUT  ] 2019-09-10T11:04:58.544591984Z: [    0.534756]   node   0: [mem 0x0000000000100000-0x000000003ffdefff]
[STDOUT  ] 2019-09-10T11:04:58.544599648Z: [    0.535335] Reserved but unavailable: 98 pages
[STDOUT  ] 2019-09-10T11:04:58.544607165Z: [    0.535337] Initmem setup node 0 [mem 0x0000000000001000-0x000000003ffdefff]
[STDOUT  ] 2019-09-10T11:04:58.544620942Z: [    0.545961] ACPI: PM-Timer IO Port: 0x608
[STDOUT  ] 2019-09-10T11:04:58.544628908Z: [    0.546004] ACPI: LAPIC_NMI (acpi_id[0xff] dfl dfl lint[0x1])
[STDOUT  ] 2019-09-10T11:04:58.544636718Z: [    0.546244] IOAPIC[0]: apic_id 0, version 17, address 0xfec00000, GSI 0-23
[STDOUT  ] 2019-09-10T11:04:58.544644379Z: [    0.546247] ACPI: INT_SRC_OVR (bus 0 bus_irq 0 global_irq 2 dfl dfl)
[STDOUT  ] 2019-09-10T11:04:58.544652003Z: [    0.546249] ACPI: INT_SRC_OVR (bus 0 bus_irq 5 global_irq 5 high level)
[STDOUT  ] 2019-09-10T11:04:58.544661859Z: [    0.546251] ACPI: INT_SRC_OVR (bus 0 bus_irq 9 global_irq 9 high level)
[STDOUT  ] 2019-09-10T11:04:58.544669111Z: [    0.546256] ACPI: INT_SRC_OVR (bus 0 bus_irq 10 global_irq 10 high level)
[STDOUT  ] 2019-09-10T11:04:58.544676766Z: [    0.546257] ACPI: INT_SRC_OVR (bus 0 bus_irq 11 global_irq 11 high level)
[STDOUT  ] 2019-09-10T11:04:58.544684618Z: [    0.546265] Using ACPI (MADT) for SMP configuration information
[STDOUT  ] 2019-09-10T11:04:58.544692157Z: [    0.546267] ACPI: HPET id: 0x8086a201 base: 0xfed00000
[STDOUT  ] 2019-09-10T11:04:58.544699762Z: [    0.546302] smpboot: Allowing 1 CPUs, 0 hotplug CPUs
[STDOUT  ] 2019-09-10T11:04:58.544707334Z: [    0.546420] [mem 0x40000000-0xafffffff] available for PCI devices
[STDOUT  ] 2019-09-10T11:04:58.544715064Z: [    0.546422] Booting paravirtualized kernel on KVM
[STDOUT  ] 2019-09-10T11:04:58.544725026Z: [    0.546424] clocksource: refined-jiffies: mask: 0xffffffff max_cycles: 0xffffffff, max_idle_ns: 1910969940391419 ns
[STDOUT  ] 2019-09-10T11:04:58.544739040Z: [    0.641203] random: get_random_bytes called from start_kernel+0x91/0x512 with crng_init=0
[STDOUT  ] 2019-09-10T11:04:58.544748826Z: [    0.641222] setup_percpu: NR_CPUS:128 nr_cpumask_bits:128 nr_cpu_ids:1 nr_node_ids:1
[STDOUT  ] 2019-09-10T11:04:58.544757067Z: [    0.642087] percpu: Embedded 45 pages/cpu s145112 r8192 d31016 u2097152
[STDOUT  ] 2019-09-10T11:04:58.544764792Z: [    0.642175] KVM setup async PF for cpu 0
[STDOUT  ] 2019-09-10T11:04:58.544772503Z: [    0.642223] kvm-stealtime: cpu 0, msr 3c215e80
[STDOUT  ] 2019-09-10T11:04:58.544780025Z: [    0.642244] Built 1 zonelists, mobility grouping on.  Total pages: 257896
[STDOUT  ] 2019-09-10T11:04:58.544787879Z: [    0.642247] Kernel command line: console=ttyS0 console=ttyAMA0
[STDOUT  ] 2019-09-10T11:04:58.544795604Z: [    0.642410] Dentry cache hash table entries: 131072 (order: 8, 1048576 bytes)
[STDOUT  ] 2019-09-10T11:04:58.544803506Z: [    0.642488] Inode-cache hash table entries: 65536 (order: 7, 524288 bytes)
[STDOUT  ] 2019-09-10T11:04:58.544811692Z: [    0.645938] Memory: 959556K/1048052K available (12300K kernel code, 1583K rwdata, 3012K rodata, 1588K init, 2020K bss, 88496K reserved, 0K cma-reserved)
[STDOUT  ] 2019-09-10T11:04:58.544822389Z: [    0.646612] Kernel/User page tables isolation: enabled
[STDOUT  ] 2019-09-10T11:04:58.544829949Z: [    0.646696] ftrace: allocating 43130 entries in 169 pages
[STDOUT  ] 2019-09-10T11:04:58.544837546Z: [    0.666615] rcu: Hierarchical RCU implementation.
[STDOUT  ] 2019-09-10T11:04:58.544845179Z: [    0.666618] rcu: 	RCU restricting CPUs from NR_CPUS=128 to nr_cpu_ids=1.
[STDOUT  ] 2019-09-10T11:04:58.544852910Z: [    0.666619] rcu: Adjusting geometry for rcu_fanout_leaf=16, nr_cpu_ids=1
[STDOUT  ] 2019-09-10T11:04:58.544863795Z: [    0.669332] NR_IRQS: 8448, nr_irqs: 256, preallocated irqs: 16
[STDOUT  ] 2019-09-10T11:04:58.544871375Z: [    0.694731] Console: colour VGA+ 80x25
[STDOUT  ] 2019-09-10T11:04:58.544879024Z: [    1.117737] console [ttyS0] enabled
[STDOUT  ] 2019-09-10T11:04:58.544886626Z: [    1.121003] ACPI: Core revision 20180810
[STDOUT  ] 2019-09-10T11:04:58.544893950Z: [    1.125548] clocksource: hpet: mask: 0xffffffff max_cycles: 0xffffffff, max_idle_ns: 19112604467 ns
[STDOUT  ] 2019-09-10T11:04:58.544903551Z: [    1.134744] APIC: Switch to symmetric I/O mode setup
[STDOUT  ] 2019-09-10T11:04:58.544910727Z: [    1.141980] x2apic enabled
[STDOUT  ] 2019-09-10T11:04:58.544923789Z: [    1.146757] Switched APIC routing to physical x2apic.
[STDOUT  ] 2019-09-10T11:04:58.544933746Z: [    1.161272] ..TIMER: vector=0x30 apic1=0 pin1=2 apic2=-1 pin2=-1
[STDOUT  ] 2019-09-10T11:04:58.544941283Z: [    1.166877] clocksource: tsc-early: mask: 0xffffffffffffffff max_cycles: 0x212670b980e, max_idle_ns: 440795215582 ns
[STDOUT  ] 2019-09-10T11:04:58.544949754Z: [    1.176673] Calibrating delay loop (skipped) preset value.. 4599.58 BogoMIPS (lpj=2299792)
[STDOUT  ] 2019-09-10T11:04:58.544957423Z: [    1.177647] pid_max: default: 32768 minimum: 301
[STDOUT  ] 2019-09-10T11:04:58.544965148Z: [    1.178749] Security Framework initialized
[STDOUT  ] 2019-09-10T11:04:58.544975602Z: [    1.179647] Yama: becoming mindful.
[STDOUT  ] 2019-09-10T11:04:58.544983341Z: [    1.180679] Mount-cache hash table entries: 2048 (order: 2, 16384 bytes)
[STDOUT  ] 2019-09-10T11:04:58.544991230Z: [    1.181651] Mountpoint-cache hash table entries: 2048 (order: 2, 16384 bytes)
[STDOUT  ] 2019-09-10T11:04:58.544998907Z: [    1.184688] Last level iTLB entries: 4KB 0, 2MB 0, 4MB 0
[STDOUT  ] 2019-09-10T11:04:58.545006530Z: [    1.185647] Last level dTLB entries: 4KB 0, 2MB 0, 4MB 0, 1GB 0
[STDOUT  ] 2019-09-10T11:04:58.545014051Z: [    1.186647] Spectre V2 : Mitigation: Full generic retpoline
[STDOUT  ] 2019-09-10T11:04:58.545021728Z: [    1.187645] Spectre V2 : Spectre v2 / SpectreRSB mitigation: Filling RSB on context switch
[STDOUT  ] 2019-09-10T11:04:58.545029648Z: [    1.188646] Speculative Store Bypass: Vulnerable
[STDOUT  ] 2019-09-10T11:04:58.545037175Z: [    1.189667] MDS: Vulnerable: Clear CPU buffers attempted, no microcode
[STDOUT  ] 2019-09-10T11:04:58.545044837Z: [    1.202515] Freeing SMP alternatives memory: 20K
[STDOUT  ] 2019-09-10T11:04:58.545052658Z: [    1.204641] smpboot: CPU0: Intel QEMU Virtual CPU version 2.5+ (family: 0x6, model: 0x6, stepping: 0x3)
[STDOUT  ] 2019-09-10T11:04:58.545060362Z: [    1.204815] Performance Events: PMU not available due to virtualization, using software events only.
[STDOUT  ] 2019-09-10T11:04:58.545068206Z: [    1.207788] rcu: Hierarchical SRCU implementation.
[STDOUT  ] 2019-09-10T11:04:58.545075771Z: [    1.208763] NMI watchdog: Perf NMI watchdog permanently disabled
[STDOUT  ] 2019-09-10T11:04:58.545083536Z: [    1.210666] smp: Bringing up secondary CPUs ...
[STDOUT  ] 2019-09-10T11:04:58.545091405Z: [    1.211649] smp: Brought up 1 node, 1 CPU
[STDOUT  ] 2019-09-10T11:04:58.545098733Z: [    1.212646] smpboot: Max logical packages: 1
[STDOUT  ] 2019-09-10T11:04:58.545108461Z: [    1.213646] smpboot: Total of 1 processors activated (4599.58 BogoMIPS)
[STDOUT  ] 2019-09-10T11:04:58.545116394Z: [    1.215419] devtmpfs: initialized
[STDOUT  ] 2019-09-10T11:04:58.545123993Z: [    1.215703] x86/mm: Memory block size: 128MB
[STDOUT  ] 2019-09-10T11:04:58.545131675Z: [    1.217003] clocksource: jiffies: mask: 0xffffffff max_cycles: 0xffffffff, max_idle_ns: 1911260446275000 ns
[STDOUT  ] 2019-09-10T11:04:58.545139425Z: [    1.217652] futex hash table entries: 256 (order: 2, 16384 bytes)
[STDOUT  ] 2019-09-10T11:04:58.545150051Z: [    1.218897] NET: Registered protocol family 16
[STDOUT  ] 2019-09-10T11:04:58.545157884Z: [    1.219790] audit: initializing netlink subsys (disabled)
[STDOUT  ] 2019-09-10T11:04:58.545165263Z: [    1.220783] cpuidle: using governor ladder
[STDOUT  ] 2019-09-10T11:04:58.545176068Z: [    1.221648] cpuidle: using governor menu
[STDOUT  ] 2019-09-10T11:04:58.545183751Z: [    1.222774] ACPI: bus type PCI registered
[STDOUT  ] 2019-09-10T11:04:58.545191237Z: [    1.223646] acpiphp: ACPI Hot Plug PCI Controller Driver version: 0.5
[STDOUT  ] 2019-09-10T11:04:58.545199047Z: [    1.224653] audit: type=2000 audit(1568113482.608:1): state=initialized audit_enabled=0 res=1
[STDOUT  ] 2019-09-10T11:04:58.545209737Z: [    1.226130] PCI: MMCONFIG for domain 0000 [bus 00-ff] at [mem 0xb0000000-0xbfffffff] (base 0xb0000000)
[STDOUT  ] 2019-09-10T11:04:58.545217964Z: [    1.226652] PCI: MMCONFIG at [mem 0xb0000000-0xbfffffff] reserved in E820
[STDOUT  ] 2019-09-10T11:04:58.545228703Z: [    1.227661] PCI: Using configuration type 1 for base access
[STDOUT  ] 2019-09-10T11:04:58.545236702Z: [    1.231032] HugeTLB registered 2.00 MiB page size, pre-allocated 0 pages
[STDOUT  ] 2019-09-10T11:04:58.545246395Z: [    1.231802] cryptd: max_cpu_qlen set to 1000
[STDOUT  ] 2019-09-10T11:04:58.545254178Z: [    1.232806] ACPI: Added _OSI(Module Device)
[STDOUT  ] 2019-09-10T11:04:58.545263958Z: [    1.233651] ACPI: Added _OSI(Processor Device)
[STDOUT  ] 2019-09-10T11:04:58.545271368Z: [    1.234648] ACPI: Added _OSI(3.0 _SCP Extensions)
[STDOUT  ] 2019-09-10T11:04:58.545280613Z: [    1.235647] ACPI: Added _OSI(Processor Aggregator Device)
[STDOUT  ] 2019-09-10T11:04:58.545288206Z: [    1.236662] ACPI: Added _OSI(Linux-Dell-Video)
[STDOUT  ] 2019-09-10T11:04:58.545295712Z: [    1.237647] ACPI: Added _OSI(Linux-Lenovo-NV-HDMI-Audio)
[STDOUT  ] 2019-09-10T11:04:58.545303280Z: [    1.240788] ACPI: 1 ACPI AML tables successfully acquired and loaded
[STDOUT  ] 2019-09-10T11:04:58.545310695Z: [    1.244822] ACPI: Interpreter enabled
[STDOUT  ] 2019-09-10T11:04:58.545318309Z: [    1.245653] ACPI: (supports S0 S5)
[STDOUT  ] 2019-09-10T11:04:58.545325941Z: [    1.246646] ACPI: Using IOAPIC for interrupt routing
[STDOUT  ] 2019-09-10T11:04:58.545333751Z: [    1.247689] PCI: Using host bridge windows from ACPI; if necessary, use "pci=nocrs" and report a bug
[STDOUT  ] 2019-09-10T11:04:58.545341451Z: [    1.248928] ACPI: Enabled 2 GPEs in block 00 to 3F
[STDOUT  ] 2019-09-10T11:04:58.545348862Z: [    1.253831] ACPI: PCI Root Bridge [PCI0] (domain 0000 [bus 00-ff])
[STDOUT  ] 2019-09-10T11:04:58.545356538Z: [    1.254653] acpi PNP0A08:00: _OSC: OS supports [ExtendedConfig ASPM ClockPM Segments MSI]
[STDOUT  ] 2019-09-10T11:04:58.545364269Z: [    1.255734] acpi PNP0A08:00: _OSC: platform does not support [SHPCHotplug LTR]
[STDOUT  ] 2019-09-10T11:04:58.545371776Z: [    1.256721] acpi PNP0A08:00: _OSC: OS now controls [PCIeHotplug PME PCIeCapability]
[STDOUT  ] 2019-09-10T11:04:58.545379483Z: [    1.258011] PCI host bridge to bus 0000:00
[STDOUT  ] 2019-09-10T11:04:58.545387269Z: [    1.258647] pci_bus 0000:00: root bus resource [io  0x0000-0x0cf7 window]
[STDOUT  ] 2019-09-10T11:04:58.545394696Z: [    1.259648] pci_bus 0000:00: root bus resource [io  0x0d00-0xffff window]
[STDOUT  ] 2019-09-10T11:04:58.545402286Z: [    1.260646] pci_bus 0000:00: root bus resource [mem 0x000a0000-0x000bffff window]
[STDOUT  ] 2019-09-10T11:04:58.545409934Z: [    1.261647] pci_bus 0000:00: root bus resource [mem 0xc0000000-0xfebfffff window]
[STDOUT  ] 2019-09-10T11:04:58.545417693Z: [    1.262648] pci_bus 0000:00: root bus resource [bus 00-ff]
[STDOUT  ] 2019-09-10T11:04:58.545428348Z: [    1.327193] pci 0000:00:1f.0: quirk: [io  0x0600-0x067f] claimed by ICH6 ACPI/GPIO/TCO
[STDOUT  ] 2019-09-10T11:04:58.545436256Z: [    1.351378] ACPI: PCI Interrupt Link [LNKA] (IRQs 5 *10 11)
[STDOUT  ] 2019-09-10T11:04:58.545443930Z: [    1.351885] ACPI: PCI Interrupt Link [LNKB] (IRQs 5 *10 11)
[STDOUT  ] 2019-09-10T11:04:58.545451577Z: [    1.353792] ACPI: PCI Interrupt Link [LNKC] (IRQs 5 10 *11)
[STDOUT  ] 2019-09-10T11:04:58.545461606Z: [    1.354902] ACPI: PCI Interrupt Link [LNKD] (IRQs 5 10 *11)
[STDOUT  ] 2019-09-10T11:04:58.545469281Z: [    1.355903] ACPI: PCI Interrupt Link [LNKE] (IRQs 5 *10 11)
[STDOUT  ] 2019-09-10T11:04:58.545491534Z: [    1.356876] ACPI: PCI Interrupt Link [LNKF] (IRQs 5 *10 11)
[STDOUT  ] 2019-09-10T11:04:58.545499322Z: [    1.357900] ACPI: PCI Interrupt Link [LNKG] (IRQs 5 10 *11)
[STDOUT  ] 2019-09-10T11:04:58.545506964Z: [    1.358878] ACPI: PCI Interrupt Link [LNKH] (IRQs 5 10 *11)
[STDOUT  ] 2019-09-10T11:04:58.545514635Z: [    1.359772] ACPI: PCI Interrupt Link [GSIA] (IRQs *16)
[STDOUT  ] 2019-09-10T11:04:58.545522168Z: [    1.360658] ACPI: PCI Interrupt Link [GSIB] (IRQs *17)
[STDOUT  ] 2019-09-10T11:04:58.545529684Z: [    1.361658] ACPI: PCI Interrupt Link [GSIC] (IRQs *18)
[STDOUT  ] 2019-09-10T11:04:58.545537304Z: [    1.362658] ACPI: PCI Interrupt Link [GSID] (IRQs *19)
[STDOUT  ] 2019-09-10T11:04:58.545548336Z: [    1.364644] ACPI: PCI Interrupt Link [GSIE] (IRQs *20)
[STDOUT  ] 2019-09-10T11:04:58.545556145Z: [    1.365656] ACPI: PCI Interrupt Link [GSIF] (IRQs *21)
[STDOUT  ] 2019-09-10T11:04:58.545563888Z: [    1.366658] ACPI: PCI Interrupt Link [GSIG] (IRQs *22)
[STDOUT  ] 2019-09-10T11:04:58.545571511Z: [    1.367657] ACPI: PCI Interrupt Link [GSIH] (IRQs *23)
[STDOUT  ] 2019-09-10T11:04:58.545579236Z: [    1.369785] SCSI subsystem initialized
[STDOUT  ] 2019-09-10T11:04:58.545586885Z: [    1.370747] ACPI: bus type USB registered
[STDOUT  ] 2019-09-10T11:04:58.545594513Z: [    1.371674] usbcore: registered new interface driver usbfs
[STDOUT  ] 2019-09-10T11:04:58.545602048Z: [    1.372662] usbcore: registered new interface driver hub
[STDOUT  ] 2019-09-10T11:04:58.545609836Z: [    1.373668] usbcore: registered new device driver usb
[STDOUT  ] 2019-09-10T11:04:58.545617620Z: [    1.374668] pps_core: LinuxPPS API ver. 1 registered
[STDOUT  ] 2019-09-10T11:04:58.545625469Z: [    1.375645] pps_core: Software ver. 5.3.6 - Copyright 2005-2007 Rodolfo Giometti <giometti@linux.it>
[STDOUT  ] 2019-09-10T11:04:58.545633773Z: [    1.376652] PTP clock support registered
[STDOUT  ] 2019-09-10T11:04:58.545644062Z: [    1.377731] PCI: Using ACPI for IRQ routing
[STDOUT  ] 2019-09-10T11:04:58.545651891Z: [    1.781500] NetLabel: Initializing
[STDOUT  ] 2019-09-10T11:04:58.545659476Z: [    1.781646] NetLabel:  domain hash size = 128
[STDOUT  ] 2019-09-10T11:04:58.545683645Z: [    1.782644] NetLabel:  protocols = UNLABELED CIPSOv4 CALIPSO
[STDOUT  ] 2019-09-10T11:04:58.545694394Z: [    1.783671] NetLabel:  unlabeled traffic allowed by default
[STDOUT  ] 2019-09-10T11:04:58.545704758Z: [    1.784797] HPET: 3 timers in total, 0 timers will be used for per-cpu timer
[STDOUT  ] 2019-09-10T11:04:58.545712878Z: [    1.786643] hpet0: at MMIO 0xfed00000, IRQs 2, 8, 0
[STDOUT  ] 2019-09-10T11:04:58.545721072Z: [    1.787646] hpet0: 3 comparators, 64-bit 100.000000 MHz counter
[STDOUT  ] 2019-09-10T11:04:58.545733167Z: [    1.794684] clocksource: Switched to clocksource kvm-clock
[STDOUT  ] 2019-09-10T11:04:58.545741624Z: [    1.818513] VFS: Disk quotas dquot_6.6.0
[STDOUT  ] 2019-09-10T11:04:58.545749744Z: [    1.821991] VFS: Dquot-cache hash table entries: 512 (order 0, 4096 bytes)
[STDOUT  ] 2019-09-10T11:04:58.545757845Z: [    1.828012] FS-Cache: Loaded
[STDOUT  ] 2019-09-10T11:04:58.545768821Z: [    1.830745] CacheFiles: Loaded
[STDOUT  ] 2019-09-10T11:04:58.545777120Z: [    1.833313] pnp: PnP ACPI init
[STDOUT  ] 2019-09-10T11:04:58.545795662Z: [    1.837220] pnp: PnP ACPI: found 5 devices
[STDOUT  ] 2019-09-10T11:04:58.545803391Z: [    1.847161] clocksource: acpi_pm: mask: 0xffffff max_cycles: 0xffffff, max_idle_ns: 2085701024 ns
[STDOUT  ] 2019-09-10T11:04:58.545811076Z: [    1.854962] NET: Registered protocol family 2
[STDOUT  ] 2019-09-10T11:04:58.545818671Z: [    1.859553] tcp_listen_portaddr_hash hash table entries: 512 (order: 1, 8192 bytes)
[STDOUT  ] 2019-09-10T11:04:58.545826309Z: [    1.865723] TCP established hash table entries: 8192 (order: 4, 65536 bytes)
[STDOUT  ] 2019-09-10T11:04:58.545834023Z: [    1.871626] TCP bind hash table entries: 8192 (order: 5, 131072 bytes)
[STDOUT  ] 2019-09-10T11:04:58.545841724Z: [    1.877409] TCP: Hash tables configured (established 8192 bind 8192)
[STDOUT  ] 2019-09-10T11:04:58.545877820Z: [    1.882581] UDP hash table entries: 512 (order: 2, 16384 bytes)
[STDOUT  ] 2019-09-10T11:04:58.545888358Z: [    1.887205] UDP-Lite hash table entries: 512 (order: 2, 16384 bytes)
[STDOUT  ] 2019-09-10T11:04:58.545896617Z: [    1.892765] NET: Registered protocol family 1
[STDOUT  ] 2019-09-10T11:04:58.545904995Z: [    1.896690] NET: Registered protocol family 44
[STDOUT  ] 2019-09-10T11:04:58.545913244Z: [    1.900827] pci 0000:00:01.0: Video device with shadowed ROM at [mem 0x000c0000-0x000dffff]
[STDOUT  ] 2019-09-10T11:04:58.545921640Z: [    1.907786] Trying to unpack rootfs image as initramfs...
[STDOUT  ] 2019-09-10T11:04:58.545933651Z: [    2.650450] Freeing initrd memory: 42168K
[STDOUT  ] 2019-09-10T11:04:58.545941716Z: [    2.654290] clocksource: tsc: mask: 0xffffffffffffffff max_cycles: 0x212670b980e, max_idle_ns: 440795215582 ns
[STDOUT  ] 2019-09-10T11:04:58.545950543Z: [    2.663385] PCLMULQDQ-NI instructions are not detected.
[STDOUT  ] 2019-09-10T11:04:58.545958634Z: [    2.667902] AVX or AES-NI instructions are not detected.
[STDOUT  ] 2019-09-10T11:04:58.545966745Z: [    2.672421] CPU feature 'AVX registers' is not supported.
[STDOUT  ] 2019-09-10T11:04:58.545974956Z: [    2.677238] CPU feature 'AVX registers' is not supported.
[STDOUT  ] 2019-09-10T11:04:58.545983070Z: [    2.681610] CPU feature 'AVX registers' is not supported.
[STDOUT  ] 2019-09-10T11:04:58.545990902Z: [    2.685719] CPU feature 'AVX registers' is not supported.
[STDOUT  ] 2019-09-10T11:04:58.545999128Z: [    2.690369] AVX2 or AES-NI instructions are not detected.
[STDOUT  ] 2019-09-10T11:04:58.546007163Z: [    2.694938] AVX2 instructions are not detected.
[STDOUT  ] 2019-09-10T11:04:58.546015482Z: [    2.699272] workingset: timestamp_bits=46 max_order=18 bucket_order=0
[STDOUT  ] 2019-09-10T11:04:58.546023792Z: [    2.704427] squashfs: version 4.0 (2009/01/31) Phillip Lougher
[STDOUT  ] 2019-09-10T11:04:58.546031946Z: [    2.709140] FS-Cache: Netfs 'cifs' registered for caching
[STDOUT  ] 2019-09-10T11:04:58.546039979Z: [    2.713705] fuse init (API version 7.27)
[STDOUT  ] 2019-09-10T11:04:58.546047812Z: [    2.717352] SGI XFS with ACLs, security attributes, no debug enabled
[STDOUT  ] 2019-09-10T11:04:58.546058157Z: [    2.722899] 9p: Installing v9fs 9p2000 file system support
[STDOUT  ] 2019-09-10T11:04:58.546066421Z: [    2.727450] FS-Cache: Netfs '9p' registered for caching
[STDOUT  ] 2019-09-10T11:04:58.546085158Z: [    2.733345] NET: Registered protocol family 38
[STDOUT  ] 2019-09-10T11:04:58.546092744Z: [    2.737816] Key type asymmetric registered
[STDOUT  ] 2019-09-10T11:04:58.546100491Z: [    2.741856] Asymmetric key parser 'x509' registered
[STDOUT  ] 2019-09-10T11:04:58.546110042Z: [    2.746158] Block layer SCSI generic (bsg) driver version 0.4 loaded (major 247)
[STDOUT  ] 2019-09-10T11:04:58.546117534Z: [    2.753049] io scheduler noop registered
[STDOUT  ] 2019-09-10T11:04:58.546125019Z: [    2.756882] io scheduler deadline registered (default)
[STDOUT  ] 2019-09-10T11:04:58.546132629Z: [    2.761832] io scheduler cfq registered
[STDOUT  ] 2019-09-10T11:04:58.546140445Z: [    2.765415] io scheduler mq-deadline registered (default)
[STDOUT  ] 2019-09-10T11:04:58.546148043Z: [    2.770377] io scheduler kyber registered
[STDOUT  ] 2019-09-10T11:04:58.546155791Z: [    2.774119] shpchp: Standard Hot Plug PCI Controller Driver version: 0.4
[STDOUT  ] 2019-09-10T11:04:58.546163309Z: [    2.780281] hv_vmbus: registering driver hyperv_fb
[STDOUT  ] 2019-09-10T11:04:58.546170986Z: [    2.784815] input: Power Button as /devices/LNXSYSTM:00/LNXPWRBN:00/input/input0
[STDOUT  ] 2019-09-10T11:04:58.546178482Z: [    2.791525] ACPI: Power Button [PWRF]
[STDOUT  ] 2019-09-10T11:04:58.546185939Z: [    2.795778] PCI Interrupt Link [GSIG] enabled at IRQ 22
[STDOUT  ] 2019-09-10T11:04:58.546193514Z: [    2.805753] PCI Interrupt Link [GSIH] enabled at IRQ 23
[STDOUT  ] 2019-09-10T11:04:58.546201011Z: [    2.815856] Serial: 8250/16550 driver, 4 ports, IRQ sharing disabled
[STDOUT  ] 2019-09-10T11:04:58.546213819Z: [    2.854675] 00:04: ttyS0 at I/O 0x3f8 (irq = 4, base_baud = 115200) is a 16550A
[STDOUT  ] 2019-09-10T11:04:58.546221717Z: [    2.862151] Non-volatile memory driver v1.3
[STDOUT  ] 2019-09-10T11:04:58.546229406Z: [    2.867259] Hangcheck: starting hangcheck timer 0.9.1 (tick is 180 seconds, margin is 60 seconds).
[STDOUT  ] 2019-09-10T11:04:58.546236960Z: [    2.875853] random: fast init done
[STDOUT  ] 2019-09-10T11:04:58.546244684Z: [    2.879740] random: crng init done
[STDOUT  ] 2019-09-10T11:04:58.546252413Z: [    2.883507] brd: module loaded
[STDOUT  ] 2019-09-10T11:04:58.546260160Z: [    2.887982] loop: module loaded
[STDOUT  ] 2019-09-10T11:04:58.546270976Z: [    2.894537] lpc_ich 0000:00:1f.0: I/O space for GPIO uninitialized
[STDOUT  ] 2019-09-10T11:04:58.546278676Z: [    2.900352] VMware PVSCSI driver - version 1.0.7.0-k
[STDOUT  ] 2019-09-10T11:04:58.546288355Z: [    2.904797] hv_vmbus: registering driver hv_storvsc
[STDOUT  ] 2019-09-10T11:04:58.546295893Z: [    2.909748] PCI Interrupt Link [GSIA] enabled at IRQ 16
[STDOUT  ] 2019-09-10T11:04:58.546303546Z: [    2.917843] ahci 0000:00:1f.2: AHCI 0001.0000 32 slots 6 ports 1.5 Gbps 0x3f impl SATA mode
[STDOUT  ] 2019-09-10T11:04:58.546311453Z: [    2.925204] ahci 0000:00:1f.2: flags: 64bit ncq only 
[STDOUT  ] 2019-09-10T11:04:58.546318895Z: [    2.933020] scsi host0: ahci
[STDOUT  ] 2019-09-10T11:04:58.546326969Z: [    2.935806] scsi host1: ahci
[STDOUT  ] 2019-09-10T11:04:58.546334326Z: [    2.938501] scsi host2: ahci
[STDOUT  ] 2019-09-10T11:04:58.546342007Z: [    2.941124] scsi host3: ahci
[STDOUT  ] 2019-09-10T11:04:58.546350247Z: [    2.943465] scsi host4: ahci
[STDOUT  ] 2019-09-10T11:04:58.546358050Z: [    2.945911] scsi host5: ahci
[STDOUT  ] 2019-09-10T11:04:58.546365474Z: [    2.948553] ata1: SATA max UDMA/133 abar m4096@0xfebd2000 port 0xfebd2100 irq 24
[STDOUT  ] 2019-09-10T11:04:58.546378471Z: [    2.955113] ata2: SATA max UDMA/133 abar m4096@0xfebd2000 port 0xfebd2180 irq 24
[STDOUT  ] 2019-09-10T11:04:58.546386341Z: [    2.961742] ata3: SATA max UDMA/133 abar m4096@0xfebd2000 port 0xfebd2200 irq 24
[STDOUT  ] 2019-09-10T11:04:58.546394105Z: [    2.967794] ata4: SATA max UDMA/133 abar m4096@0xfebd2000 port 0xfebd2280 irq 24
[STDOUT  ] 2019-09-10T11:04:58.546401591Z: [    2.974063] ata5: SATA max UDMA/133 abar m4096@0xfebd2000 port 0xfebd2300 irq 24
[STDOUT  ] 2019-09-10T11:04:58.546409153Z: [    2.980506] ata6: SATA max UDMA/133 abar m4096@0xfebd2000 port 0xfebd2380 irq 24
[STDOUT  ] 2019-09-10T11:04:58.546416803Z: [    2.988234] tun: Universal TUN/TAP device driver, 1.6
[STDOUT  ] 2019-09-10T11:04:58.546424495Z: [    2.997222] VMware vmxnet3 virtual NIC driver - version 1.4.16.0-k-NAPI
[STDOUT  ] 2019-09-10T11:04:58.546432220Z: [    3.002805] hv_vmbus: registering driver hv_netvsc
[STDOUT  ] 2019-09-10T11:04:58.546440113Z: [    3.006484] Fusion MPT base driver 3.04.20
[STDOUT  ] 2019-09-10T11:04:58.546447611Z: [    3.010227] Copyright (c) 1999-2008 LSI Corporation
[STDOUT  ] 2019-09-10T11:04:58.546454676Z: [    3.014094] Fusion MPT SPI Host driver 3.04.20
[STDOUT  ] 2019-09-10T11:04:58.546461414Z: [    3.017959] i8042: PNP: PS/2 Controller [PNP0303:KBD,PNP0f13:MOU] at 0x60,0x64 irq 1,12
[STDOUT  ] 2019-09-10T11:04:58.546469103Z: [    3.027337] serio: i8042 KBD port at 0x60,0x64 irq 1
[STDOUT  ] 2019-09-10T11:04:58.546476278Z: [    3.031612] serio: i8042 AUX port at 0x60,0x64 irq 12
[STDOUT  ] 2019-09-10T11:04:58.546483084Z: [    3.035964] hv_vmbus: registering driver hyperv_keyboard
[STDOUT  ] 2019-09-10T11:04:58.546490319Z: [    3.040775] mousedev: PS/2 mouse device common for all mice
[STDOUT  ] 2019-09-10T11:04:58.546497591Z: [    3.046808] input: AT Translated Set 2 keyboard as /devices/platform/i8042/serio0/input/input1
[STDOUT  ] 2019-09-10T11:04:58.546505282Z: [    3.055033] input: PC Speaker as /devices/platform/pcspkr/input/input2
[STDOUT  ] 2019-09-10T11:04:58.546512819Z: [    3.061240] rtc_cmos 00:00: RTC can wake from S4
[STDOUT  ] 2019-09-10T11:04:58.546520284Z: [    3.068208] rtc_cmos 00:00: registered as rtc0
[STDOUT  ] 2019-09-10T11:04:58.546531176Z: [    3.072157] rtc_cmos 00:00: alarms up to one day, y3k, 114 bytes nvram, hpet irqs
[STDOUT  ] 2019-09-10T11:04:58.546538081Z: [    3.079112] i2c /dev entries driver
[STDOUT  ] 2019-09-10T11:04:58.546545429Z: [    3.082468] device-mapper: ioctl: 4.39.0-ioctl (2018-04-03) initialised: dm-devel@redhat.com
[STDOUT  ] 2019-09-10T11:04:58.546556996Z: [    3.089456] usbcore: registered new interface driver usbhid
[STDOUT  ] 2019-09-10T11:04:58.546564255Z: [    3.094366] usbhid: USB HID core driver
[STDOUT  ] 2019-09-10T11:04:58.546571813Z: [    3.097884] hv_utils: Registering HyperV Utility Driver
[STDOUT  ] 2019-09-10T11:04:58.546581659Z: [    3.102255] hv_vmbus: registering driver hv_util
[STDOUT  ] 2019-09-10T11:04:58.546591632Z: [    3.106097] hv_vmbus: registering driver hv_balloon
[STDOUT  ] 2019-09-10T11:04:58.546598772Z: [    3.110320] oprofile: using NMI interrupt.
[STDOUT  ] 2019-09-10T11:04:58.546606174Z: [    3.113784] GACT probability on
[STDOUT  ] 2019-09-10T11:04:58.546613714Z: [    3.116603] Mirror/redirect action on
[STDOUT  ] 2019-09-10T11:04:58.546620971Z: [    3.119903] Simple TC action Loaded
[STDOUT  ] 2019-09-10T11:04:58.546628738Z: [    3.122785] u32 classifier
[STDOUT  ] 2019-09-10T11:04:58.546636455Z: [    3.125087]     Performance counters on
[STDOUT  ] 2019-09-10T11:04:58.546644150Z: [    3.128227]     input device check on
[STDOUT  ] 2019-09-10T11:04:58.546651439Z: [    3.131407]     Actions configured
[STDOUT  ] 2019-09-10T11:04:58.546658872Z: [    3.134419] xt_time: kernel timezone is -0000
[STDOUT  ] 2019-09-10T11:04:58.546666774Z: [    3.138388] IPVS: Registered protocols (TCP, UDP, SCTP, AH, ESP)
[STDOUT  ] 2019-09-10T11:04:58.546674232Z: [    3.143284] IPVS: Connection hash table configured (size=4096, memory=64Kbytes)
[STDOUT  ] 2019-09-10T11:04:58.546683545Z: [    3.149154] IPVS: ipvs loaded.
[STDOUT  ] 2019-09-10T11:04:58.546691126Z: [    3.151699] IPVS: [rr] scheduler registered.
[STDOUT  ] 2019-09-10T11:04:58.546698483Z: [    3.155389] IPVS: [wrr] scheduler registered.
[STDOUT  ] 2019-09-10T11:04:58.546708896Z: [    3.159129] IPVS: [lc] scheduler registered.
[STDOUT  ] 2019-09-10T11:04:58.546716607Z: [    3.162645] IPVS: [wlc] scheduler registered.
[STDOUT  ] 2019-09-10T11:04:58.546723994Z: [    3.166231] IPVS: [fo] scheduler registered.
[STDOUT  ] 2019-09-10T11:04:58.546737532Z: [    3.169894] IPVS: [ovf] scheduler registered.
[STDOUT  ] 2019-09-10T11:04:58.546745082Z: [    3.173179] IPVS: [lblc] scheduler registered.
[STDOUT  ] 2019-09-10T11:04:58.546752442Z: [    3.177120] IPVS: [lblcr] scheduler registered.
[STDOUT  ] 2019-09-10T11:04:58.546760077Z: [    3.181142] IPVS: [dh] scheduler registered.
[STDOUT  ] 2019-09-10T11:04:58.546767431Z: [    3.184539] IPVS: [sh] scheduler registered.
[STDOUT  ] 2019-09-10T11:04:58.546775392Z: [    3.188049] IPVS: [mh] scheduler registered.
[STDOUT  ] 2019-09-10T11:04:58.546782929Z: [    3.191942] IPVS: [sed] scheduler registered.
[STDOUT  ] 2019-09-10T11:04:58.546790399Z: [    3.195758] IPVS: [nq] scheduler registered.
[STDOUT  ] 2019-09-10T11:04:58.546800172Z: [    3.199835] IPVS: ftp: loaded support on port[0] = 21
[STDOUT  ] 2019-09-10T11:04:58.546807735Z: [    3.203755] ipip: IPv4 and MPLS over IPv4 tunneling driver
[STDOUT  ] 2019-09-10T11:04:58.546815076Z: [    3.208823] gre: GRE over IPv4 demultiplexor driver
[STDOUT  ] 2019-09-10T11:04:58.546822723Z: [    3.212992] ipt_CLUSTERIP: ClusterIP Version 0.8 loaded successfully
[STDOUT  ] 2019-09-10T11:04:58.546829970Z: [    3.218887] NET: Registered protocol family 10
[STDOUT  ] 2019-09-10T11:04:58.546837399Z: [    3.222926] Segment Routing with IPv6
[STDOUT  ] 2019-09-10T11:04:58.546844822Z: [    3.226062] NET: Registered protocol family 17
[STDOUT  ] 2019-09-10T11:04:58.546852336Z: [    3.229962] Bridge firewalling registered
[STDOUT  ] 2019-09-10T11:04:58.546859724Z: [    3.233357] 8021q: 802.1Q VLAN Support v1.8
[STDOUT  ] 2019-09-10T11:04:58.546867349Z: [    3.236954] 9pnet: Installing 9P2000 support
[STDOUT  ] 2019-09-10T11:04:58.546874808Z: [    3.240884] Key type dns_resolver registered
[STDOUT  ] 2019-09-10T11:04:58.546885896Z: [    3.244456] NET: Registered protocol family 40
[STDOUT  ] 2019-09-10T11:04:58.546893326Z: [    3.248853] registered taskstats version 1
[STDOUT  ] 2019-09-10T11:04:58.546900762Z: [    3.260568] Key type big_key registered
[STDOUT  ] 2019-09-10T11:04:58.546910735Z: [    3.267342] Key type trusted registered
[STDOUT  ] 2019-09-10T11:04:58.546918163Z: [    3.274354] Key type encrypted registered
[STDOUT  ] 2019-09-10T11:04:58.546925671Z: [    3.278409] ima: No TPM chip found, activating TPM-bypass!
[STDOUT  ] 2019-09-10T11:04:58.546932989Z: [    3.283598] ima: Allocated hash algorithm: sha256
[STDOUT  ] 2019-09-10T11:04:58.546943671Z: [    3.287488] evm: Initialising EVM extended attributes:
[STDOUT  ] 2019-09-10T11:04:58.546954112Z: [    3.292029] evm: security.ima
[STDOUT  ] 2019-09-10T11:04:58.546961826Z: [    3.294755] evm: security.capability
[STDOUT  ] 2019-09-10T11:04:58.546969363Z: [    3.297979] evm: HMAC attrs: 0x1
[STDOUT  ] 2019-09-10T11:04:58.546976892Z: [    3.301388] ata3: SATA link up 1.5 Gbps (SStatus 113 SControl 300)
[STDOUT  ] 2019-09-10T11:04:58.546984303Z: [    3.307352] ata2: SATA link down (SStatus 0 SControl 300)
[STDOUT  ] 2019-09-10T11:04:58.546991620Z: [    3.312780] ata1: SATA link up 1.5 Gbps (SStatus 113 SControl 300)
[STDOUT  ] 2019-09-10T11:04:58.546998859Z: [    3.319114] ata6: SATA link down (SStatus 0 SControl 300)
[STDOUT  ] 2019-09-10T11:04:58.547006348Z: [    3.324274] ata5: SATA link down (SStatus 0 SControl 300)
[STDOUT  ] 2019-09-10T11:04:58.547014070Z: [    3.329402] ata4: SATA link down (SStatus 0 SControl 300)
[STDOUT  ] 2019-09-10T11:04:58.547021275Z: [    3.333905] ata3.00: ATAPI: QEMU DVD-ROM, 2.5+, max UDMA/100
[STDOUT  ] 2019-09-10T11:04:58.547028790Z: [    3.338835] ata3.00: applying bridge limits
[STDOUT  ] 2019-09-10T11:04:58.547036258Z: [    3.342299] ata1.00: ATA-7: QEMU HARDDISK, 2.5+, max UDMA/100
[STDOUT  ] 2019-09-10T11:04:58.547043571Z: [    3.346944] ata1.00: 1048576 sectors, multi 16: LBA48 NCQ (depth 32)
[STDOUT  ] 2019-09-10T11:04:58.547051080Z: [    3.352058] ata1.00: applying bridge limits
[STDOUT  ] 2019-09-10T11:04:58.547058514Z: [    3.356451] rtc_cmos 00:00: setting system clock to 2019-09-10 11:04:44 UTC (1568113484)
[STDOUT  ] 2019-09-10T11:04:58.547066333Z: [    3.363533] ata3.00: configured for UDMA/100
[STDOUT  ] 2019-09-10T11:04:58.547073820Z: [    3.367866] Unstable clock detected, switching default tracing clock to "global"
[STDOUT  ] 2019-09-10T11:04:58.547081445Z: [    3.367866] If you want to keep using the local clock, then add:
[STDOUT  ] 2019-09-10T11:04:58.547088865Z: [    3.367866]   "trace_clock=local"
[STDOUT  ] 2019-09-10T11:04:58.547098531Z: [    3.367866] on the kernel command line
[STDOUT  ] 2019-09-10T11:04:58.547106155Z: [    3.384360] ata1.00: configured for UDMA/100
[STDOUT  ] 2019-09-10T11:04:58.547113822Z: [    3.388068] scsi 0:0:0:0: Direct-Access     ATA      QEMU HARDDISK    2.5+ PQ: 0 ANSI: 5
[STDOUT  ] 2019-09-10T11:04:58.547121427Z: [    3.394560] sd 0:0:0:0: [sda] 1048576 512-byte logical blocks: (537 MB/512 MiB)
[STDOUT  ] 2019-09-10T11:04:58.547129097Z: [    3.401221] sd 0:0:0:0: Attached scsi generic sg0 type 0
[STDOUT  ] 2019-09-10T11:04:58.547136756Z: [    3.405632] sd 0:0:0:0: [sda] Write Protect is off
[STDOUT  ] 2019-09-10T11:04:58.547144169Z: [    3.410333] scsi 2:0:0:0: CD-ROM            QEMU     QEMU DVD-ROM     2.5+ PQ: 0 ANSI: 5
[STDOUT  ] 2019-09-10T11:04:58.547155509Z: [    3.416979] sd 0:0:0:0: [sda] Write cache: enabled, read cache: enabled, doesn't support DPO or FUA
[STDOUT  ] 2019-09-10T11:04:58.547163334Z: [    3.427333] sd 0:0:0:0: [sda] Attached SCSI disk
[STDOUT  ] 2019-09-10T11:04:58.547170939Z: [    3.440754] sr 2:0:0:0: [sr0] scsi3-mmc drive: 4x/4x cd/rw xa/form2 tray
[STDOUT  ] 2019-09-10T11:04:58.547178651Z: [    3.446129] cdrom: Uniform CD-ROM driver Revision: 3.20
[STDOUT  ] 2019-09-10T11:04:58.547202607Z: [    3.451066] sr 2:0:0:0: Attached scsi generic sg1 type 5
[STDOUT  ] 2019-09-10T11:04:58.547213969Z: [    3.458720] Freeing unused kernel image memory: 1588K
[STDOUT  ] 2019-09-10T11:04:58.547226677Z: [    3.464730] Write protecting the kernel read-only data: 18432k
[STDOUT  ] 2019-09-10T11:04:58.547246891Z: [    3.471792] Freeing unused kernel image memory: 2028K
[STDOUT  ] 2019-09-10T11:04:58.547255758Z: [    3.476526] Freeing unused kernel image memory: 1084K
[STDOUT  ] 2019-09-10T11:04:58.547264788Z: [    3.481027] Run /init as init process
[STDOUT  ] 2019-09-10T11:04:58.547273746Z: 
[STDOUT  ] 2019-09-10T11:04:58.547283007Z: Welcome to LinuxKit
[STDOUT  ] 2019-09-10T11:04:58.547292047Z: 
[STDOUT  ] 2019-09-10T11:04:58.547300852Z:                         ##         .
[STDOUT  ] 2019-09-10T11:04:58.547315085Z:                   ## ## ##        ==
[STDOUT  ] 2019-09-10T11:04:58.547323838Z:                ## ## ## ## ##    ===
[STDOUT  ] 2019-09-10T11:04:58.547332601Z:            /"""""""""""""""""\___/ ===
[STDOUT  ] 2019-09-10T11:04:58.547341476Z:           {                       /  ===-
[STDOUT  ] 2019-09-10T11:04:58.547350421Z:            \______ O           __/
[STDOUT  ] 2019-09-10T11:04:58.547361997Z:              \    \         __/
[STDOUT  ] 2019-09-10T11:04:58.547370960Z:               \____\_______/
[STDOUT  ] 2019-09-10T11:04:58.547379875Z: 
[STDOUT  ] 2019-09-10T11:04:58.547388964Z: [    4.160722] IPVS: ftp: loaded support on port[0] = 21
[STDOUT  ] 2019-09-10T11:04:58.547397931Z: [    4.270579]  sda:
[STDOUT  ] 2019-09-10T11:04:58.547406709Z: [    4.280464]  sda:
[STDOUT  ] 2019-09-10T11:04:58.547415371Z: [    4.548800]  sda: sda1
[STDOUT  ] 2019-09-10T11:04:58.547426744Z: [    4.554282]  sda: sda1
[STDOUT  ] 2019-09-10T11:04:58.547435759Z: 2019/09/10 11:04:45 Creating partition on /dev/sda
[STDOUT  ] 2019-09-10T11:04:58.547444575Z: 2019/09/10 11:04:46 Partition /dev/sda1 successfully created!
[STDOUT  ] 2019-09-10T11:04:58.547453393Z: [    5.739501] IPVS: ftp: loaded support on port[0] = 21
[STDOUT  ] 2019-09-10T11:04:58.547462295Z: [    5.863555] EXT4-fs (sda1): mounted filesystem with ordered data mode. Opts: (null)
[STDOUT  ] 2019-09-10T11:04:58.547471250Z: format_mount test suite PASSED
[STDOUT  ] 2019-09-10T11:04:58.547480318Z: [   16.128492] sd 0:0:0:0: [sda] Synchronizing SCSI cache
[STDOUT  ] 2019-09-10T11:04:58.547488962Z: [   16.133813] sd 0:0:0:0: [sda] Stopping disk
[STDOUT  ] 2019-09-10T11:04:58.547497943Z: [   16.138510] ACPI: Preparing to enter system sleep state S5
[STDOUT  ] 2019-09-10T11:04:58.547506740Z: [   16.143093] reboot: Power down
[STDERR  ] 2019-09-10T11:04:58.544102128Z: [    0.641203] random: get_random_bytes called from start_kernel+0x91/0x512 with crng_init=0
[STDERR  ] 2019-09-10T11:04:58.547562867Z: [    0.641222] setup_percpu: NR_CPUS:128 nr_cpumask_bits:128 nr_cpu_ids:1 nr_node_ids:1
[STDERR  ] 2019-09-10T11:04:58.547627617Z: [    0.642087] percpu: Embedded 45 pages/cpu s145112 r8192 d31016 u2097152
[STDERR  ] 2019-09-10T11:04:58.547677064Z: [    0.642175] KVM setup async PF for cpu 0
[STDERR  ] 2019-09-10T11:04:58.547721420Z: [    0.642223] kvm-stealtime: cpu 0, msr 3c215e80
[STDERR  ] 2019-09-10T11:04:58.547777488Z: [    0.642244] Built 1 zonelists, mobility grouping on.  Total pages: 257896
[STDERR  ] 2019-09-10T11:04:58.547818835Z: [    0.642247] Kernel command line: console=ttyS0 console=ttyAMA0
[STDERR  ] 2019-09-10T11:04:58.547864662Z: [    0.642410] Dentry cache hash table entries: 131072 (order: 8, 1048576 bytes)
[STDERR  ] 2019-09-10T11:04:58.547905947Z: [    0.642488] Inode-cache hash table entries: 65536 (order: 7, 524288 bytes)
[STDERR  ] 2019-09-10T11:04:58.547952758Z: [    0.645938] Memory: 959556K/1048052K available (12300K kernel code, 1583K rwdata, 3012K rodata, 1588K init, 2020K bss, 88496K reserved, 0K cma-reserved)
[STDERR  ] 2019-09-10T11:04:58.547997832Z: [    0.646612] Kernel/User page tables isolation: enabled
[STDERR  ] 2019-09-10T11:04:58.548040372Z: [    0.646696] ftrace: allocating 43130 entries in 169 pages
[STDERR  ] 2019-09-10T11:04:58.548098579Z: [    0.666615] rcu: Hierarchical RCU implementation.
[STDERR  ] 2019-09-10T11:04:58.548142482Z: [    0.666618] rcu: 	RCU restricting CPUs from NR_CPUS=128 to nr_cpu_ids=1.
[STDERR  ] 2019-09-10T11:04:58.548204471Z: [    0.666619] rcu: Adjusting geometry for rcu_fanout_leaf=16, nr_cpu_ids=1
[STDERR  ] 2019-09-10T11:04:58.548261167Z: [    0.669332] NR_IRQS: 8448, nr_irqs: 256, preallocated irqs: 16
[STDERR  ] 2019-09-10T11:04:58.548304590Z: [    0.694731] Console: colour VGA+ 80x25
[STDERR  ] 2019-09-10T11:04:58.548359076Z: [    1.117737] console [ttyS0] enabled
[STDERR  ] 2019-09-10T11:04:58.548402162Z: [    1.121003] ACPI: Core revision 20180810
[STDERR  ] 2019-09-10T11:04:58.548455098Z: [    1.125548] clocksource: hpet: mask: 0xffffffff max_cycles: 0xffffffff, max_idle_ns: 19112604467 ns
[STDERR  ] 2019-09-10T11:04:58.548521456Z: [    1.134744] APIC: Switch to symmetric I/O mode setup
[STDERR  ] 2019-09-10T11:04:58.548567799Z: [    1.141980] x2apic enabled
[STDERR  ] 2019-09-10T11:04:58.548607368Z: [    1.146757] Switched APIC routing to physical x2apic.
[STDERR  ] 2019-09-10T11:04:58.548657356Z: [    1.161272] ..TIMER: vector=0x30 apic1=0 pin1=2 apic2=-1 pin2=-1
[STDERR  ] 2019-09-10T11:04:58.548694529Z: [    1.166877] clocksource: tsc-early: mask: 0xffffffffffffffff max_cycles: 0x212670b980e, max_idle_ns: 440795215582 ns
[STDERR  ] 2019-09-10T11:04:58.548750531Z: [    1.176673] Calibrating delay loop (skipped) preset value.. 4599.58 BogoMIPS (lpj=2299792)
[STDERR  ] 2019-09-10T11:04:58.548796155Z: [    1.177647] pid_max: default: 32768 minimum: 301
[STDERR  ] 2019-09-10T11:04:58.548837626Z: [    1.178749] Security Framework initialized
[STDERR  ] 2019-09-10T11:04:58.548884283Z: [    1.179647] Yama: becoming mindful.
[STDERR  ] 2019-09-10T11:04:58.548923272Z: [    1.180679] Mount-cache hash table entries: 2048 (order: 2, 16384 bytes)
[STDERR  ] 2019-09-10T11:04:58.548962493Z: [    1.181651] Mountpoint-cache hash table entries: 2048 (order: 2, 16384 bytes)
[STDERR  ] 2019-09-10T11:04:58.548999697Z: [    1.184688] Last level iTLB entries: 4KB 0, 2MB 0, 4MB 0
[STDERR  ] 2019-09-10T11:04:58.549049711Z: [    1.185647] Last level dTLB entries: 4KB 0, 2MB 0, 4MB 0, 1GB 0
[STDERR  ] 2019-09-10T11:04:58.549096091Z: [    1.186647] Spectre V2 : Mitigation: Full generic retpoline
[STDERR  ] 2019-09-10T11:04:58.549135542Z: [    1.187645] Spectre V2 : Spectre v2 / SpectreRSB mitigation: Filling RSB on context switch
[STDERR  ] 2019-09-10T11:04:58.549174736Z: [    1.188646] Speculative Store Bypass: Vulnerable
[STDERR  ] 2019-09-10T11:04:58.549221948Z: [    1.189667] MDS: Vulnerable: Clear CPU buffers attempted, no microcode
[STDERR  ] 2019-09-10T11:04:58.549265559Z: [    1.202515] Freeing SMP alternatives memory: 20K
[STDERR  ] 2019-09-10T11:04:58.549304217Z: [    1.204641] smpboot: CPU0: Intel QEMU Virtual CPU version 2.5+ (family: 0x6, model: 0x6, stepping: 0x3)
[STDERR  ] 2019-09-10T11:04:58.549355925Z: [    1.204815] Performance Events: PMU not available due to virtualization, using software events only.
[STDERR  ] 2019-09-10T11:04:58.549394579Z: [    1.207788] rcu: Hierarchical SRCU implementation.
[STDERR  ] 2019-09-10T11:04:58.549466857Z: [    1.208763] NMI watchdog: Perf NMI watchdog permanently disabled
[STDERR  ] 2019-09-10T11:04:58.549514734Z: [    1.210666] smp: Bringing up secondary CPUs ...
[STDERR  ] 2019-09-10T11:04:58.549553462Z: [    1.211649] smp: Brought up 1 node, 1 CPU
[STDERR  ] 2019-09-10T11:04:58.549598622Z: [    1.212646] smpboot: Max logical packages: 1
[STDERR  ] 2019-09-10T11:04:58.549637927Z: [    1.213646] smpboot: Total of 1 processors activated (4599.58 BogoMIPS)
[STDERR  ] 2019-09-10T11:04:58.549676960Z: [    1.215419] devtmpfs: initialized
[STDERR  ] 2019-09-10T11:04:58.549723122Z: [    1.215703] x86/mm: Memory block size: 128MB
[STDERR  ] 2019-09-10T11:04:58.549770021Z: [    1.217003] clocksource: jiffies: mask: 0xffffffff max_cycles: 0xffffffff, max_idle_ns: 1911260446275000 ns
[STDERR  ] 2019-09-10T11:04:58.549809052Z: [    1.217652] futex hash table entries: 256 (order: 2, 16384 bytes)
[STDERR  ] 2019-09-10T11:04:58.549879856Z: [    1.218897] NET: Registered protocol family 16
[STDERR  ] 2019-09-10T11:04:58.549925533Z: [    1.219790] audit: initializing netlink subsys (disabled)
[STDERR  ] 2019-09-10T11:04:58.549987420Z: [    1.220783] cpuidle: using governor ladder
[STDERR  ] 2019-09-10T11:04:58.550030293Z: [    1.221648] cpuidle: using governor menu
[STDERR  ] 2019-09-10T11:04:58.550075234Z: [    1.222774] ACPI: bus type PCI registered
[STDERR  ] 2019-09-10T11:04:58.550121266Z: [    1.223646] acpiphp: ACPI Hot Plug PCI Controller Driver version: 0.5
[STDERR  ] 2019-09-10T11:04:58.550176515Z: [    1.224653] audit: type=2000 audit(1568113482.608:1): state=initialized audit_enabled=0 res=1
[STDERR  ] 2019-09-10T11:04:58.550216313Z: [    1.226130] PCI: MMCONFIG for domain 0000 [bus 00-ff] at [mem 0xb0000000-0xbfffffff] (base 0xb0000000)
[STDERR  ] 2019-09-10T11:04:58.550280958Z: [    1.226652] PCI: MMCONFIG at [mem 0xb0000000-0xbfffffff] reserved in E820
[STDERR  ] 2019-09-10T11:04:58.550320002Z: [    1.227661] PCI: Using configuration type 1 for base access
[STDERR  ] 2019-09-10T11:04:58.550359263Z: [    1.231032] HugeTLB registered 2.00 MiB page size, pre-allocated 0 pages
[STDERR  ] 2019-09-10T11:04:58.550415743Z: [    1.231802] cryptd: max_cpu_qlen set to 1000
[STDERR  ] 2019-09-10T11:04:58.550466175Z: [    1.232806] ACPI: Added _OSI(Module Device)
[STDERR  ] 2019-09-10T11:04:58.550508311Z: [    1.233651] ACPI: Added _OSI(Processor Device)
[STDERR  ] 2019-09-10T11:04:58.550549403Z: [    1.234648] ACPI: Added _OSI(3.0 _SCP Extensions)
[STDERR  ] 2019-09-10T11:04:58.550607737Z: [    1.235647] ACPI: Added _OSI(Processor Aggregator Device)
[STDERR  ] 2019-09-10T11:04:58.550647175Z: [    1.236662] ACPI: Added _OSI(Linux-Dell-Video)
[STDERR  ] 2019-09-10T11:04:58.550685898Z: [    1.237647] ACPI: Added _OSI(Linux-Lenovo-NV-HDMI-Audio)
[STDERR  ] 2019-09-10T11:04:58.550747779Z: [    1.240788] ACPI: 1 ACPI AML tables successfully acquired and loaded
[STDERR  ] 2019-09-10T11:04:58.550788001Z: [    1.244822] ACPI: Interpreter enabled
[STDERR  ] 2019-09-10T11:04:58.550838056Z: [    1.245653] ACPI: (supports S0 S5)
[STDERR  ] 2019-09-10T11:04:58.550877059Z: [    1.246646] ACPI: Using IOAPIC for interrupt routing
[STDERR  ] 2019-09-10T11:04:58.550915764Z: [    1.247689] PCI: Using host bridge windows from ACPI; if necessary, use "pci=nocrs" and report a bug
[STDERR  ] 2019-09-10T11:04:58.550956085Z: [    1.248928] ACPI: Enabled 2 GPEs in block 00 to 3F
[STDERR  ] 2019-09-10T11:04:58.551005857Z: [    1.253831] ACPI: PCI Root Bridge [PCI0] (domain 0000 [bus 00-ff])
[STDERR  ] 2019-09-10T11:04:58.551051151Z: [    1.254653] acpi PNP0A08:00: _OSC: OS supports [ExtendedConfig ASPM ClockPM Segments MSI]
[STDERR  ] 2019-09-10T11:04:58.551097393Z: [    1.255734] acpi PNP0A08:00: _OSC: platform does not support [SHPCHotplug LTR]
[STDERR  ] 2019-09-10T11:04:58.551146275Z: [    1.256721] acpi PNP0A08:00: _OSC: OS now controls [PCIeHotplug PME PCIeCapability]
[STDERR  ] 2019-09-10T11:04:58.551228873Z: [    1.258011] PCI host bridge to bus 0000:00
[PASS    ] linuxkit.packages.format_mount.by_label 32.87s
[STDERR  ] 2019-09-10T11:04:58.551285396Z: [    1.258647] pci_bus 0000:00: root bus resource [io  0x0000-0x0cf7 window]
