[INFO    ] 2018-11-04T03:31:46.340122062Z: Running Test linuxkit.packages.logwrite in /tmp/build/test/cases/040_packages/030_logwrite
[INFO    ] 2018-11-04T03:31:46.340267623Z: Running command: [/bin/sh -x /tmp/build/test/cases/040_packages/030_logwrite/test.sh]
[STDERR  ] 2018-11-04T03:31:46.415057367Z: + set -e
[STDERR  ] 2018-11-04T03:31:46.415257768Z: + . /tmp/build/test/cases/_lib/lib.sh
[STDERR  ] 2018-11-04T03:31:46.415338370Z: + [ -f src/github.com/linuxkit/rtf/lib/lib.sh ]
[STDERR  ] 2018-11-04T03:31:46.415385044Z: + LINUXKIT_TMPDIR=/tmp/build/test/cases/_tmp
[STDERR  ] 2018-11-04T03:31:46.415428722Z: + [ -f /tmp/build/test/cases/_tmp/env.sh ]
[STDERR  ] 2018-11-04T03:31:46.415470188Z: + . /tmp/build/test/cases/_tmp/env.sh
[STDERR  ] 2018-11-04T03:31:46.415516172Z: + export LINUXKIT_EXAMPLES_DIR=/tmp/build/test/cases/../../examples
[STDERR  ] 2018-11-04T03:31:46.415560198Z: + RT_CANCEL=253
[STDERR  ] 2018-11-04T03:31:46.415677659Z: + NAME=logwrite
[STDERR  ] 2018-11-04T03:31:46.415719140Z: + trap clean_up EXIT
[STDERR  ] 2018-11-04T03:31:46.415762027Z: + linuxkit build -disable-content-trust -format kernel+initrd -name logwrite test.yml
[STDERR  ] 2018-11-04T03:31:46.455560520Z: Extract kernel image: linuxkit/kernel:4.14.78
[STDERR  ] 2018-11-04T03:31:46.964528238Z: Add init containers:
[STDERR  ] 2018-11-04T03:31:46.964657908Z: Process init image: linuxkit/init:c563953a2277eb73a89d89f70e4b6dcdcfebc2d1
[STDERR  ] 2018-11-04T03:31:47.088754127Z: Process init image: linuxkit/runc:83d0edb4552b1a5df1f0976f05f442829eac38fe
[STDERR  ] 2018-11-04T03:31:47.171429271Z: Process init image: linuxkit/containerd:326b096cd5fbab0f864e52721d036cade67599d6
[STDERR  ] 2018-11-04T03:31:47.316876891Z: Process init image: linuxkit/ca-certificates:v0.6
[STDERR  ] 2018-11-04T03:31:47.405664006Z: Process init image: linuxkit/memlogd:v0.6
[STDERR  ] 2018-11-04T03:31:47.407138379Z: Pull image: linuxkit/memlogd:v0.6
[STDERR  ] 2018-11-04T03:31:50.155760693Z: Add service containers:
[STDERR  ] 2018-11-04T03:31:50.155834357Z:   Create OCI config for alpine
[STDERR  ] 2018-11-04T03:31:50.157097273Z: Pull image: alpine
[STDERR  ] 2018-11-04T03:31:51.721710324Z:   Create OCI config for linuxkit/logwrite:v0.6
[STDERR  ] 2018-11-04T03:31:51.722705917Z: Pull image: linuxkit/logwrite:v0.6
[STDERR  ] 2018-11-04T03:31:53.853556694Z:   Create OCI config for alpine:3.8
[STDERR  ] 2018-11-04T03:31:53.950144045Z: Add files:
[STDERR  ] 2018-11-04T03:31:53.950203568Z:   check.sh
[STDERR  ] 2018-11-04T03:31:53.950930026Z: Create outputs:
[STDERR  ] 2018-11-04T03:32:03.179579708Z:   logwrite-kernel logwrite-initrd.img logwrite-cmdline
[STDERR  ] 2018-11-04T03:32:03.265246198Z: + linuxkit run logwrite
[STDERR  ] 2018-11-04T03:32:09.847790369Z: + RESULT=[    0.000000] Linux version 4.14.78-linuxkit (root@6498675588d7) (gcc version 6.4.0 (Alpine 6.4.0)) #1 SMP Sat Oct 27 12:23:29 UTC 2018
[STDERR  ] 2018-11-04T03:32:09.847873709Z: [    0.000000] Command line: console=ttyS0 console=ttyAMA0
[STDERR  ] 2018-11-04T03:32:09.847890375Z: [    0.000000] x86/fpu: x87 FPU will use FXSAVE
[STDERR  ] 2018-11-04T03:32:09.847904580Z: [    0.000000] e820: BIOS-provided physical RAM map:
[STDERR  ] 2018-11-04T03:32:09.847927089Z: [    0.000000] BIOS-e820: [mem 0x0000000000000000-0x000000000009fbff] usable
[STDERR  ] 2018-11-04T03:32:09.847941330Z: [    0.000000] BIOS-e820: [mem 0x000000000009fc00-0x000000000009ffff] reserved
[STDERR  ] 2018-11-04T03:32:09.847958154Z: [    0.000000] BIOS-e820: [mem 0x00000000000f0000-0x00000000000fffff] reserved
[STDERR  ] 2018-11-04T03:32:09.847970701Z: [    0.000000] BIOS-e820: [mem 0x0000000000100000-0x000000003ffdefff] usable
[STDERR  ] 2018-11-04T03:32:09.847983141Z: [    0.000000] BIOS-e820: [mem 0x000000003ffdf000-0x000000003fffffff] reserved
[STDERR  ] 2018-11-04T03:32:09.847995191Z: [    0.000000] BIOS-e820: [mem 0x00000000b0000000-0x00000000bfffffff] reserved
[STDERR  ] 2018-11-04T03:32:09.848007347Z: [    0.000000] BIOS-e820: [mem 0x00000000fed1c000-0x00000000fed1ffff] reserved
[STDERR  ] 2018-11-04T03:32:09.848019728Z: [    0.000000] BIOS-e820: [mem 0x00000000feffc000-0x00000000feffffff] reserved
[STDERR  ] 2018-11-04T03:32:09.848052297Z: [    0.000000] BIOS-e820: [mem 0x00000000fffc0000-0x00000000ffffffff] reserved
[STDERR  ] 2018-11-04T03:32:09.848065646Z: [    0.000000] NX (Execute Disable) protection: active
[STDERR  ] 2018-11-04T03:32:09.848078426Z: [    0.000000] SMBIOS 2.8 present.
[STDERR  ] 2018-11-04T03:32:09.848095297Z: [    0.000000] DMI: QEMU Standard PC (Q35 + ICH9, 2009), BIOS 1.10.2-1 04/01/2014
[STDERR  ] 2018-11-04T03:32:09.848107224Z: [    0.000000] Hypervisor detected: KVM
[STDERR  ] 2018-11-04T03:32:09.848118059Z: [    0.000000] tsc: Fast TSC calibration failed
[STDERR  ] 2018-11-04T03:32:09.848129166Z: [    0.000000] tsc: Unable to calibrate against PIT
[STDERR  ] 2018-11-04T03:32:09.848140160Z: [    0.000000] tsc: No reference (HPET/PMTIMER) available
[STDERR  ] 2018-11-04T03:32:09.848150883Z: [    0.000000] e820: last_pfn = 0x3ffdf max_arch_pfn = 0x400000000
[STDERR  ] 2018-11-04T03:32:09.848162125Z: [    0.000000] x86/PAT: PAT not supported by CPU.
[STDERR  ] 2018-11-04T03:32:09.848173334Z: [    0.000000] x86/PAT: Configuration [0-7]: WB  WT  UC- UC  WB  WT  UC- UC  
[STDERR  ] 2018-11-04T03:32:09.848184660Z: [    0.000000] found SMP MP-table at [mem 0x000f6a90-0x000f6a9f] mapped at [ffffffffff200a90]
[STDERR  ] 2018-11-04T03:32:09.848197586Z: [    0.000000] RAMDISK: [mem 0x3cf1c000-0x3ffcffff]
[STDERR  ] 2018-11-04T03:32:09.848210018Z: [    0.000000] ACPI: Early table checksum verification disabled
[STDERR  ] 2018-11-04T03:32:09.848222834Z: [    0.000000] ACPI: RSDP 0x00000000000F68D0 000014 (v00 BOCHS )
[STDERR  ] 2018-11-04T03:32:09.848235361Z: [    0.000000] ACPI: RSDT 0x000000003FFE2404 000034 (v01 BOCHS  BXPCRSDT 00000001 BXPC 00000001)
[STDERR  ] 2018-11-04T03:32:09.848247034Z: [    0.000000] ACPI: FACP 0x000000003FFE22A4 000074 (v01 BOCHS  BXPCFACP 00000001 BXPC 00000001)
[STDERR  ] 2018-11-04T03:32:09.848261817Z: [    0.000000] ACPI: DSDT 0x000000003FFE0040 002264 (v01 BOCHS  BXPCDSDT 00000001 BXPC 00000001)
[STDERR  ] 2018-11-04T03:32:09.848278149Z: [    0.000000] ACPI: FACS 0x000000003FFE0000 000040
[STDERR  ] 2018-11-04T03:32:09.848290692Z: [    0.000000] ACPI: APIC 0x000000003FFE2318 000078 (v01 BOCHS  BXPCAPIC 00000001 BXPC 00000001)
[STDERR  ] 2018-11-04T03:32:09.848303019Z: [    0.000000] ACPI: HPET 0x000000003FFE2390 000038 (v01 BOCHS  BXPCHPET 00000001 BXPC 00000001)
[STDERR  ] 2018-11-04T03:32:09.848314492Z: [    0.000000] ACPI: MCFG 0x000000003FFE23C8 00003C (v01 BOCHS  BXPCMCFG 00000001 BXPC 00000001)
[STDERR  ] 2018-11-04T03:32:09.848326365Z: [    0.000000] kvm-clock: Using msrs 4b564d01 and 4b564d00
[STDERR  ] 2018-11-04T03:32:09.848341289Z: [    0.000000] kvm-clock: cpu 0, msr 0:3ffdd001, primary cpu clock
[STDERR  ] 2018-11-04T03:32:09.848353833Z: [    0.000000] clocksource: kvm-clock: mask: 0xffffffffffffffff max_cycles: 0x1cd42e4dffb, max_idle_ns: 881590591483 ns
[STDERR  ] 2018-11-04T03:32:09.848365699Z: [    0.000000] Zone ranges:
[STDERR  ] 2018-11-04T03:32:09.848377638Z: [    0.000000]   DMA      [mem 0x0000000000001000-0x0000000000ffffff]
[STDERR  ] 2018-11-04T03:32:09.848394486Z: [    0.000000]   DMA32    [mem 0x0000000001000000-0x000000003ffdefff]
[STDERR  ] 2018-11-04T03:32:09.848406128Z: [    0.000000]   Normal   empty
[STDERR  ] 2018-11-04T03:32:09.848417656Z: [    0.000000]   Device   empty
[STDERR  ] 2018-11-04T03:32:09.848429416Z: [    0.000000] Movable zone start for each node
[STDERR  ] 2018-11-04T03:32:09.848441042Z: [    0.000000] Early memory node ranges
[STDERR  ] 2018-11-04T03:32:09.848452597Z: [    0.000000]   node   0: [mem 0x0000000000001000-0x000000000009efff]
[STDERR  ] 2018-11-04T03:32:09.848464057Z: [    0.000000]   node   0: [mem 0x0000000000100000-0x000000003ffdefff]
[STDERR  ] 2018-11-04T03:32:09.848475709Z: [    0.000000] Initmem setup node 0 [mem 0x0000000000001000-0x000000003ffdefff]
[STDERR  ] 2018-11-04T03:32:09.848487082Z: [    0.000000] ACPI: PM-Timer IO Port: 0x608
[STDERR  ] 2018-11-04T03:32:09.848500345Z: [    0.000000] ACPI: LAPIC_NMI (acpi_id[0xff] dfl dfl lint[0x1])
[STDERR  ] 2018-11-04T03:32:09.848515670Z: [    0.000000] IOAPIC[0]: apic_id 0, version 17, address 0xfec00000, GSI 0-23
[STDERR  ] 2018-11-04T03:32:09.848527477Z: [    0.000000] ACPI: INT_SRC_OVR (bus 0 bus_irq 0 global_irq 2 dfl dfl)
[STDERR  ] 2018-11-04T03:32:09.848538781Z: [    0.000000] ACPI: INT_SRC_OVR (bus 0 bus_irq 5 global_irq 5 high level)
[STDERR  ] 2018-11-04T03:32:09.848553980Z: [    0.000000] ACPI: INT_SRC_OVR (bus 0 bus_irq 9 global_irq 9 high level)
[STDERR  ] 2018-11-04T03:32:09.848568686Z: [    0.000000] ACPI: INT_SRC_OVR (bus 0 bus_irq 10 global_irq 10 high level)
[STDERR  ] 2018-11-04T03:32:09.848579541Z: [    0.000000] ACPI: INT_SRC_OVR (bus 0 bus_irq 11 global_irq 11 high level)
[STDERR  ] 2018-11-04T03:32:09.848590660Z: [    0.000000] Using ACPI (MADT) for SMP configuration information
[STDERR  ] 2018-11-04T03:32:09.848602521Z: [    0.000000] ACPI: HPET id: 0x8086a201 base: 0xfed00000
[STDERR  ] 2018-11-04T03:32:09.848615192Z: [    0.000000] smpboot: Allowing 1 CPUs, 0 hotplug CPUs
[STDERR  ] 2018-11-04T03:32:09.848626207Z: [    0.000000] e820: [mem 0x40000000-0xafffffff] available for PCI devices
[STDERR  ] 2018-11-04T03:32:09.848639902Z: [    0.000000] Booting paravirtualized kernel on KVM
[STDERR  ] 2018-11-04T03:32:09.848650489Z: [    0.000000] clocksource: refined-jiffies: mask: 0xffffffff max_cycles: 0xffffffff, max_idle_ns: 1910969940391419 ns
[STDERR  ] 2018-11-04T03:32:09.848662863Z: [    0.000000] random: get_random_bytes called from start_kernel+0x92/0x4cb with crng_init=0
[STDERR  ] 2018-11-04T03:32:09.848675017Z: [    0.000000] setup_percpu: NR_CPUS:128 nr_cpumask_bits:128 nr_cpu_ids:1 nr_node_ids:1
[STDERR  ] 2018-11-04T03:32:09.848686671Z: [    0.000000] percpu: Embedded 45 pages/cpu @ffff8ff3fcc00000 s144280 r8192 d31848 u2097152
[STDERR  ] 2018-11-04T03:32:09.848698222Z: [    0.000000] KVM setup async PF for cpu 0
[STDOUT  ] 2018-11-04T03:32:09.848928768Z: [    0.000000] Linux version 4.14.78-linuxkit (root@6498675588d7) (gcc version 6.4.0 (Alpine 6.4.0)) #1 SMP Sat Oct 27 12:23:29 UTC 2018
[STDERR  ] 2018-11-04T03:32:09.848710063Z: [    0.000000] kvm-stealtime: cpu 0, msr 3cc15f40
[STDOUT  ] 2018-11-04T03:32:09.849005332Z: [    0.000000] Command line: console=ttyS0 console=ttyAMA0
[STDERR  ] 2018-11-04T03:32:09.849011146Z: [    0.000000] Built 1 zonelists, mobility grouping on.  Total pages: 257896
[STDOUT  ] 2018-11-04T03:32:09.849027988Z: [    0.000000] x86/fpu: x87 FPU will use FXSAVE
[STDERR  ] 2018-11-04T03:32:09.849037688Z: [    0.000000] Kernel command line: console=ttyS0 console=ttyAMA0
[STDERR  ] 2018-11-04T03:32:09.849063048Z: [    0.000000] PID hash table entries: 4096 (order: 3, 32768 bytes)
[STDERR  ] 2018-11-04T03:32:09.849082132Z: [    0.000000] Dentry cache hash table entries: 131072 (order: 8, 1048576 bytes)
[STDERR  ] 2018-11-04T03:32:09.849100980Z: [    0.000000] Inode-cache hash table entries: 65536 (order: 7, 524288 bytes)
[STDERR  ] 2018-11-04T03:32:09.849117193Z: [    0.000000] Memory: 955004K/1048052K available (12300K kernel code, 1452K rwdata, 2964K rodata, 1512K init, 580K bss, 93048K reserved, 0K cma-reserved)
[STDERR  ] 2018-11-04T03:32:09.849140283Z: [    0.000000] Kernel/User page tables isolation: enabled
[STDERR  ] 2018-11-04T03:32:09.849159173Z: [    0.000000] ftrace: allocating 40644 entries in 159 pages
[STDOUT  ] 2018-11-04T03:32:09.849038808Z: [    0.000000] e820: BIOS-provided physical RAM map:
[STDERR  ] 2018-11-04T03:32:09.849174497Z: [    0.001000] Hierarchical RCU implementation.
[STDOUT  ] 2018-11-04T03:32:09.849192233Z: [    0.000000] BIOS-e820: [mem 0x0000000000000000-0x000000000009fbff] usable
[STDOUT  ] 2018-11-04T03:32:09.849203669Z: [    0.000000] BIOS-e820: [mem 0x000000000009fc00-0x000000000009ffff] reserved
[STDOUT  ] 2018-11-04T03:32:09.849219481Z: [    0.000000] BIOS-e820: [mem 0x00000000000f0000-0x00000000000fffff] reserved
[STDOUT  ] 2018-11-04T03:32:09.849229815Z: [    0.000000] BIOS-e820: [mem 0x0000000000100000-0x000000003ffdefff] usable
[STDOUT  ] 2018-11-04T03:32:09.849246908Z: [    0.000000] BIOS-e820: [mem 0x000000003ffdf000-0x000000003fffffff] reserved
[STDOUT  ] 2018-11-04T03:32:09.849270432Z: [    0.000000] BIOS-e820: [mem 0x00000000b0000000-0x00000000bfffffff] reserved
[STDOUT  ] 2018-11-04T03:32:09.849280011Z: [    0.000000] BIOS-e820: [mem 0x00000000fed1c000-0x00000000fed1ffff] reserved
[STDOUT  ] 2018-11-04T03:32:09.849299873Z: [    0.000000] BIOS-e820: [mem 0x00000000feffc000-0x00000000feffffff] reserved
[STDOUT  ] 2018-11-04T03:32:09.849309393Z: [    0.000000] BIOS-e820: [mem 0x00000000fffc0000-0x00000000ffffffff] reserved
[STDOUT  ] 2018-11-04T03:32:09.849324725Z: [    0.000000] NX (Execute Disable) protection: active
[STDOUT  ] 2018-11-04T03:32:09.849334068Z: [    0.000000] SMBIOS 2.8 present.
[STDOUT  ] 2018-11-04T03:32:09.849350141Z: [    0.000000] DMI: QEMU Standard PC (Q35 + ICH9, 2009), BIOS 1.10.2-1 04/01/2014
[STDOUT  ] 2018-11-04T03:32:09.849359991Z: [    0.000000] Hypervisor detected: KVM
[STDOUT  ] 2018-11-04T03:32:09.849376226Z: [    0.000000] tsc: Fast TSC calibration failed
[STDOUT  ] 2018-11-04T03:32:09.849385928Z: [    0.000000] tsc: Unable to calibrate against PIT
[STDOUT  ] 2018-11-04T03:32:09.849404708Z: [    0.000000] tsc: No reference (HPET/PMTIMER) available
[STDOUT  ] 2018-11-04T03:32:09.849414530Z: [    0.000000] e820: last_pfn = 0x3ffdf max_arch_pfn = 0x400000000
[STDOUT  ] 2018-11-04T03:32:09.849430327Z: [    0.000000] x86/PAT: PAT not supported by CPU.
[STDOUT  ] 2018-11-04T03:32:09.849440169Z: [    0.000000] x86/PAT: Configuration [0-7]: WB  WT  UC- UC  WB  WT  UC- UC  
[STDOUT  ] 2018-11-04T03:32:09.849450668Z: [    0.000000] found SMP MP-table at [mem 0x000f6a90-0x000f6a9f] mapped at [ffffffffff200a90]
[STDOUT  ] 2018-11-04T03:32:09.849467255Z: [    0.000000] RAMDISK: [mem 0x3cf1c000-0x3ffcffff]
[STDOUT  ] 2018-11-04T03:32:09.849477629Z: [    0.000000] ACPI: Early table checksum verification disabled
[STDOUT  ] 2018-11-04T03:32:09.849492316Z: [    0.000000] ACPI: RSDP 0x00000000000F68D0 000014 (v00 BOCHS )
[STDOUT  ] 2018-11-04T03:32:09.849501918Z: [    0.000000] ACPI: RSDT 0x000000003FFE2404 000034 (v01 BOCHS  BXPCRSDT 00000001 BXPC 00000001)
[STDOUT  ] 2018-11-04T03:32:09.849517251Z: [    0.000000] ACPI: FACP 0x000000003FFE22A4 000074 (v01 BOCHS  BXPCFACP 00000001 BXPC 00000001)
[STDOUT  ] 2018-11-04T03:32:09.849527448Z: [    0.000000] ACPI: DSDT 0x000000003FFE0040 002264 (v01 BOCHS  BXPCDSDT 00000001 BXPC 00000001)
[STDOUT  ] 2018-11-04T03:32:09.849552892Z: [    0.000000] ACPI: FACS 0x000000003FFE0000 000040
[STDOUT  ] 2018-11-04T03:32:09.849563855Z: [    0.000000] ACPI: APIC 0x000000003FFE2318 000078 (v01 BOCHS  BXPCAPIC 00000001 BXPC 00000001)
[STDOUT  ] 2018-11-04T03:32:09.849608099Z: [    0.000000] ACPI: HPET 0x000000003FFE2390 000038 (v01 BOCHS  BXPCHPET 00000001 BXPC 00000001)
[STDOUT  ] 2018-11-04T03:32:09.849619957Z: [    0.000000] ACPI: MCFG 0x000000003FFE23C8 00003C (v01 BOCHS  BXPCMCFG 00000001 BXPC 00000001)
[STDOUT  ] 2018-11-04T03:32:09.849634672Z: [    0.000000] kvm-clock: Using msrs 4b564d01 and 4b564d00
[STDOUT  ] 2018-11-04T03:32:09.849644613Z: [    0.000000] kvm-clock: cpu 0, msr 0:3ffdd001, primary cpu clock
[STDOUT  ] 2018-11-04T03:32:09.849654900Z: [    0.000000] clocksource: kvm-clock: mask: 0xffffffffffffffff max_cycles: 0x1cd42e4dffb, max_idle_ns: 881590591483 ns
[STDOUT  ] 2018-11-04T03:32:09.849669104Z: [    0.000000] Zone ranges:
[STDOUT  ] 2018-11-04T03:32:09.849678762Z: [    0.000000]   DMA      [mem 0x0000000000001000-0x0000000000ffffff]
[STDOUT  ] 2018-11-04T03:32:09.849696276Z: [    0.000000]   DMA32    [mem 0x0000000001000000-0x000000003ffdefff]
[STDERR  ] 2018-11-04T03:32:09.849193987Z: [    0.001000] 	RCU restricting CPUs from NR_CPUS=128 to nr_cpu_ids=1.
[STDOUT  ] 2018-11-04T03:32:09.849706322Z: [    0.000000]   Normal   empty
[STDOUT  ] 2018-11-04T03:32:09.849724895Z: [    0.000000]   Device   empty
[STDOUT  ] 2018-11-04T03:32:09.849734727Z: [    0.000000] Movable zone start for each node
[STDOUT  ] 2018-11-04T03:32:09.849750424Z: [    0.000000] Early memory node ranges
[STDOUT  ] 2018-11-04T03:32:09.849760184Z: [    0.000000]   node   0: [mem 0x0000000000001000-0x000000000009efff]
[STDOUT  ] 2018-11-04T03:32:09.849802638Z: [    0.000000]   node   0: [mem 0x0000000000100000-0x000000003ffdefff]
[STDERR  ] 2018-11-04T03:32:09.849718072Z: [    0.001000] RCU: Adjusting geometry for rcu_fanout_leaf=16, nr_cpu_ids=1
[STDOUT  ] 2018-11-04T03:32:09.849812504Z: [    0.000000] Initmem setup node 0 [mem 0x0000000000001000-0x000000003ffdefff]
[STDERR  ] 2018-11-04T03:32:09.849832192Z: [    0.001000] NR_IRQS: 8448, nr_irqs: 256, preallocated irqs: 16
[STDOUT  ] 2018-11-04T03:32:09.849835370Z: [    0.000000] ACPI: PM-Timer IO Port: 0x608
[STDOUT  ] 2018-11-04T03:32:09.849845852Z: [    0.000000] ACPI: LAPIC_NMI (acpi_id[0xff] dfl dfl lint[0x1])
[STDERR  ] 2018-11-04T03:32:09.849848883Z: [    0.001000] Console: colour VGA+ 80x25
[STDOUT  ] 2018-11-04T03:32:09.849861896Z: [    0.000000] IOAPIC[0]: apic_id 0, version 17, address 0xfec00000, GSI 0-23
[STDOUT  ] 2018-11-04T03:32:09.849871672Z: [    0.000000] ACPI: INT_SRC_OVR (bus 0 bus_irq 0 global_irq 2 dfl dfl)
[STDOUT  ] 2018-11-04T03:32:09.849882125Z: [    0.000000] ACPI: INT_SRC_OVR (bus 0 bus_irq 5 global_irq 5 high level)
[STDERR  ] 2018-11-04T03:32:09.849870481Z: [    0.001000] console [ttyS0] enabled
[STDOUT  ] 2018-11-04T03:32:09.849897410Z: [    0.000000] ACPI: INT_SRC_OVR (bus 0 bus_irq 9 global_irq 9 high level)
[STDERR  ] 2018-11-04T03:32:09.849900769Z: [    0.001000] clocksource: hpet: mask: 0xffffffff max_cycles: 0xffffffff, max_idle_ns: 19112604467 ns
[STDOUT  ] 2018-11-04T03:32:09.849907497Z: [    0.000000] ACPI: INT_SRC_OVR (bus 0 bus_irq 10 global_irq 10 high level)
[STDOUT  ] 2018-11-04T03:32:09.849922738Z: [    0.000000] ACPI: INT_SRC_OVR (bus 0 bus_irq 11 global_irq 11 high level)
[STDOUT  ] 2018-11-04T03:32:09.849932790Z: [    0.000000] Using ACPI (MADT) for SMP configuration information
[STDOUT  ] 2018-11-04T03:32:09.849948288Z: [    0.000000] ACPI: HPET id: 0x8086a201 base: 0xfed00000
[STDOUT  ] 2018-11-04T03:32:09.849958056Z: [    0.000000] smpboot: Allowing 1 CPUs, 0 hotplug CPUs
[STDERR  ] 2018-11-04T03:32:09.849916535Z: [    0.001025] tsc: Detected 2299.922 MHz processor
[STDERR  ] 2018-11-04T03:32:09.850010519Z: [    0.002032] Calibrating delay loop (skipped) preset value.. 4599.84 BogoMIPS (lpj=2299922)
[STDERR  ] 2018-11-04T03:32:09.850039363Z: [    0.003024] pid_max: default: 32768 minimum: 301
[STDERR  ] 2018-11-04T03:32:09.850067129Z: [    0.005046] ACPI: Core revision 20170728
[STDERR  ] 2018-11-04T03:32:09.850094183Z: [    0.006721] ACPI: 1 ACPI AML tables successfully acquired and loaded
[STDERR  ] 2018-11-04T03:32:09.850123986Z: [    0.007106] Security Framework initialized
[STDERR  ] 2018-11-04T03:32:09.850151812Z: [    0.008024] Yama: becoming mindful.
[STDERR  ] 2018-11-04T03:32:09.850180138Z: [    0.009072] Mount-cache hash table entries: 2048 (order: 2, 16384 bytes)
[STDOUT  ] 2018-11-04T03:32:09.849977034Z: [    0.000000] e820: [mem 0x40000000-0xafffffff] available for PCI devices
[STDOUT  ] 2018-11-04T03:32:09.850227865Z: [    0.000000] Booting paravirtualized kernel on KVM
[STDOUT  ] 2018-11-04T03:32:09.850247202Z: [    0.000000] clocksource: refined-jiffies: mask: 0xffffffff max_cycles: 0xffffffff, max_idle_ns: 1910969940391419 ns
[STDERR  ] 2018-11-04T03:32:09.850207954Z: [    0.010027] Mountpoint-cache hash table entries: 2048 (order: 2, 16384 bytes)
[STDOUT  ] 2018-11-04T03:32:09.850266783Z: [    0.000000] random: get_random_bytes called from start_kernel+0x92/0x4cb with crng_init=0
[STDOUT  ] 2018-11-04T03:32:09.850386728Z: [    0.000000] setup_percpu: NR_CPUS:128 nr_cpumask_bits:128 nr_cpu_ids:1 nr_node_ids:1
[STDOUT  ] 2018-11-04T03:32:09.850397166Z: [    0.000000] percpu: Embedded 45 pages/cpu @ffff8ff3fcc00000 s144280 r8192 d31848 u2097152
[STDERR  ] 2018-11-04T03:32:09.850394132Z: [    0.013073] Last level iTLB entries: 4KB 0, 2MB 0, 4MB 0
[STDOUT  ] 2018-11-04T03:32:09.850406971Z: [    0.000000] KVM setup async PF for cpu 0
[STDOUT  ] 2018-11-04T03:32:09.850417279Z: [    0.000000] kvm-stealtime: cpu 0, msr 3cc15f40
[STDOUT  ] 2018-11-04T03:32:09.850427089Z: [    0.000000] Built 1 zonelists, mobility grouping on.  Total pages: 257896
[STDOUT  ] 2018-11-04T03:32:09.850442840Z: [    0.000000] Kernel command line: console=ttyS0 console=ttyAMA0
[STDOUT  ] 2018-11-04T03:32:09.850452949Z: [    0.000000] PID hash table entries: 4096 (order: 3, 32768 bytes)
[STDOUT  ] 2018-11-04T03:32:09.850461734Z: [    0.000000] Dentry cache hash table entries: 131072 (order: 8, 1048576 bytes)
[STDOUT  ] 2018-11-04T03:32:09.850474979Z: [    0.000000] Inode-cache hash table entries: 65536 (order: 7, 524288 bytes)
[STDOUT  ] 2018-11-04T03:32:09.850485791Z: [    0.000000] Memory: 955004K/1048052K available (12300K kernel code, 1452K rwdata, 2964K rodata, 1512K init, 580K bss, 93048K reserved, 0K cma-reserved)
[STDOUT  ] 2018-11-04T03:32:09.850496360Z: [    0.000000] Kernel/User page tables isolation: enabled
[STDOUT  ] 2018-11-04T03:32:09.850505010Z: [    0.000000] ftrace: allocating 40644 entries in 159 pages
[STDOUT  ] 2018-11-04T03:32:09.850513860Z: [    0.001000] Hierarchical RCU implementation.
[STDOUT  ] 2018-11-04T03:32:09.850522760Z: [    0.001000] 	RCU restricting CPUs from NR_CPUS=128 to nr_cpu_ids=1.
[STDOUT  ] 2018-11-04T03:32:09.850532210Z: [    0.001000] RCU: Adjusting geometry for rcu_fanout_leaf=16, nr_cpu_ids=1
[STDOUT  ] 2018-11-04T03:32:09.850541345Z: [    0.001000] NR_IRQS: 8448, nr_irqs: 256, preallocated irqs: 16
[STDOUT  ] 2018-11-04T03:32:09.850558976Z: [    0.001000] Console: colour VGA+ 80x25
[STDOUT  ] 2018-11-04T03:32:09.850568127Z: [    0.001000] console [ttyS0] enabled
[STDOUT  ] 2018-11-04T03:32:09.850577645Z: [    0.001000] clocksource: hpet: mask: 0xffffffff max_cycles: 0xffffffff, max_idle_ns: 19112604467 ns
[STDOUT  ] 2018-11-04T03:32:09.850587253Z: [    0.001025] tsc: Detected 2299.922 MHz processor
[STDOUT  ] 2018-11-04T03:32:09.850596570Z: [    0.002032] Calibrating delay loop (skipped) preset value.. 4599.84 BogoMIPS (lpj=2299922)
[STDOUT  ] 2018-11-04T03:32:09.850605802Z: [    0.003024] pid_max: default: 32768 minimum: 301
[STDOUT  ] 2018-11-04T03:32:09.850614923Z: [    0.005046] ACPI: Core revision 20170728
[STDOUT  ] 2018-11-04T03:32:09.850624006Z: [    0.006721] ACPI: 1 ACPI AML tables successfully acquired and loaded
[STDOUT  ] 2018-11-04T03:32:09.850633929Z: [    0.007106] Security Framework initialized
[STDOUT  ] 2018-11-04T03:32:09.850643011Z: [    0.008024] Yama: becoming mindful.
[STDOUT  ] 2018-11-04T03:32:09.850652429Z: [    0.009072] Mount-cache hash table entries: 2048 (order: 2, 16384 bytes)
[STDOUT  ] 2018-11-04T03:32:09.850661853Z: [    0.010027] Mountpoint-cache hash table entries: 2048 (order: 2, 16384 bytes)
[STDOUT  ] 2018-11-04T03:32:09.850672097Z: [    0.013073] Last level iTLB entries: 4KB 0, 2MB 0, 4MB 0
[STDOUT  ] 2018-11-04T03:32:09.850680562Z: [    0.014029] Last level dTLB entries: 4KB 0, 2MB 0, 4MB 0, 1GB 0
[STDOUT  ] 2018-11-04T03:32:09.850688583Z: [    0.015031] Spectre V2 : Mitigation: Full generic retpoline
[STDOUT  ] 2018-11-04T03:32:09.850696730Z: [    0.016022] Spectre V2 : Spectre v2 / SpectreRSB mitigation: Filling RSB on context switch
[STDOUT  ] 2018-11-04T03:32:09.850705888Z: [    0.017023] Speculative Store Bypass: Vulnerable
[STDOUT  ] 2018-11-04T03:32:09.850714784Z: [    0.024880] Freeing SMP alternatives memory: 20K
[STDOUT  ] 2018-11-04T03:32:09.850723935Z: [    0.026206] smpboot: Max logical packages: 1
[STDOUT  ] 2018-11-04T03:32:09.850732810Z: [    0.029909] x2apic enabled
[STDOUT  ] 2018-11-04T03:32:09.850746996Z: [    0.030022] Switched APIC routing to physical x2apic.
[STDOUT  ] 2018-11-04T03:32:09.850755426Z: [    0.043000] ..TIMER: vector=0x30 apic1=0 pin1=2 apic2=-1 pin2=-1
[STDOUT  ] 2018-11-04T03:32:09.850764332Z: [    0.043000] smpboot: CPU0: Intel QEMU Virtual CPU version 2.5+ (family: 0x6, model: 0x6, stepping: 0x3)
[STDOUT  ] 2018-11-04T03:32:09.850772944Z: [    0.043135] Performance Events: PMU not available due to virtualization, using software events only.
[STDOUT  ] 2018-11-04T03:32:09.850793947Z: [    0.046200] Hierarchical SRCU implementation.
[STDOUT  ] 2018-11-04T03:32:09.850802587Z: [    0.047132] NMI watchdog: Perf event create on CPU 0 failed with -2
[STDOUT  ] 2018-11-04T03:32:09.850814943Z: [    0.048006] NMI watchdog: Perf NMI watchdog permanently disabled
[STDOUT  ] 2018-11-04T03:32:09.850823604Z: [    0.049084] smp: Bringing up secondary CPUs ...
[STDOUT  ] 2018-11-04T03:32:09.850838904Z: [    0.050006] smp: Brought up 1 node, 1 CPU
[STDOUT  ] 2018-11-04T03:32:09.850848606Z: [    0.051006] smpboot: Total of 1 processors activated (4599.84 BogoMIPS)
[STDERR  ] 2018-11-04T03:32:09.850408803Z: [    0.014029] Last level dTLB entries: 4KB 0, 2MB 0, 4MB 0, 1GB 0
[STDERR  ] 2018-11-04T03:32:09.850872296Z: [    0.015031] Spectre V2 : Mitigation: Full generic retpoline
[STDERR  ] 2018-11-04T03:32:09.850890548Z: [    0.016022] Spectre V2 : Spectre v2 / SpectreRSB mitigation: Filling RSB on context switch
[STDERR  ] 2018-11-04T03:32:09.850904924Z: [    0.017023] Speculative Store Bypass: Vulnerable
[STDERR  ] 2018-11-04T03:32:09.850917665Z: [    0.024880] Freeing SMP alternatives memory: 20K
[STDERR  ] 2018-11-04T03:32:09.850930656Z: [    0.026206] smpboot: Max logical packages: 1
[STDOUT  ] 2018-11-04T03:32:09.850857750Z: [    0.055112] devtmpfs: initialized
[STDERR  ] 2018-11-04T03:32:09.850943460Z: [    0.029909] x2apic enabled
[STDOUT  ] 2018-11-04T03:32:09.850949693Z: [    0.056076] x86/mm: Memory block size: 128MB
[STDOUT  ] 2018-11-04T03:32:09.850960617Z: [    0.057230] evm: security.ima
[STDERR  ] 2018-11-04T03:32:09.850956190Z: [    0.030022] Switched APIC routing to physical x2apic.
[STDOUT  ] 2018-11-04T03:32:09.850970053Z: [    0.058003] evm: security.capability
[STDOUT  ] 2018-11-04T03:32:09.850979372Z: [    0.059173] clocksource: jiffies: mask: 0xffffffff max_cycles: 0xffffffff, max_idle_ns: 1911260446275000 ns
[STDOUT  ] 2018-11-04T03:32:09.850993217Z: [    0.060013] futex hash table entries: 256 (order: 2, 16384 bytes)
[STDOUT  ] 2018-11-04T03:32:09.851002603Z: [    0.062186] NET: Registered protocol family 16
[STDOUT  ] 2018-11-04T03:32:09.851011527Z: [    0.063206] cpuidle: using governor ladder
[STDOUT  ] 2018-11-04T03:32:09.851020514Z: [    0.064008] cpuidle: using governor menu
[STDOUT  ] 2018-11-04T03:32:09.851029930Z: [    0.065125] ACPI: bus type PCI registered
[STDOUT  ] 2018-11-04T03:32:09.851046013Z: [    0.067306] PCI: MMCONFIG for domain 0000 [bus 00-ff] at [mem 0xb0000000-0xbfffffff] (base 0xb0000000)
[STDOUT  ] 2018-11-04T03:32:09.851055325Z: [    0.068014] PCI: MMCONFIG at [mem 0xb0000000-0xbfffffff] reserved in E820
[STDOUT  ] 2018-11-04T03:32:09.851064827Z: [    0.069026] PCI: Using configuration type 1 for base access
[STDOUT  ] 2018-11-04T03:32:09.851074272Z: [    0.072421] HugeTLB registered 2.00 MiB page size, pre-allocated 0 pages
[STDOUT  ] 2018-11-04T03:32:09.851083925Z: [    0.074289] ACPI: Added _OSI(Module Device)
[STDOUT  ] 2018-11-04T03:32:09.851093804Z: [    0.075026] ACPI: Added _OSI(Processor Device)
[STDOUT  ] 2018-11-04T03:32:09.851102868Z: [    0.076005] ACPI: Added _OSI(3.0 _SCP Extensions)
[STDOUT  ] 2018-11-04T03:32:09.851111485Z: [    0.077005] ACPI: Added _OSI(Processor Aggregator Device)
[STDOUT  ] 2018-11-04T03:32:09.851121514Z: [    0.082187] ACPI: Interpreter enabled
[STDOUT  ] 2018-11-04T03:32:09.851131320Z: [    0.084013] ACPI: (supports S0 S5)
[STDOUT  ] 2018-11-04T03:32:09.851140100Z: [    0.085006] ACPI: Using IOAPIC for interrupt routing
[STDOUT  ] 2018-11-04T03:32:09.851149134Z: [    0.086066] PCI: Using host bridge windows from ACPI; if necessary, use "pci=nocrs" and report a bug
[STDOUT  ] 2018-11-04T03:32:09.851158396Z: [    0.087403] ACPI: Enabled 2 GPEs in block 00 to 3F
[STDOUT  ] 2018-11-04T03:32:09.851167396Z: [    0.092744] ACPI: PCI Root Bridge [PCI0] (domain 0000 [bus 00-ff])
[STDOUT  ] 2018-11-04T03:32:09.851177235Z: [    0.093016] acpi PNP0A08:00: _OSC: OS supports [ExtendedConfig ASPM ClockPM Segments MSI]
[STDOUT  ] 2018-11-04T03:32:09.851224194Z: [    0.094150] acpi PNP0A08:00: _OSC: OS now controls [PCIeHotplug PME PCIeCapability]
[STDOUT  ] 2018-11-04T03:32:09.851232985Z: [    0.095085] PCI host bridge to bus 0000:00
[STDOUT  ] 2018-11-04T03:32:09.851241816Z: [    0.096010] pci_bus 0000:00: root bus resource [io  0x0000-0x0cf7 window]
[STDOUT  ] 2018-11-04T03:32:09.851267527Z: [    0.097007] pci_bus 0000:00: root bus resource [io  0x0d00-0xffff window]
[STDOUT  ] 2018-11-04T03:32:09.851277278Z: [    0.098007] pci_bus 0000:00: root bus resource [mem 0x000a0000-0x000bffff window]
[STDOUT  ] 2018-11-04T03:32:09.851290033Z: [    0.099008] pci_bus 0000:00: root bus resource [mem 0xc0000000-0xfebfffff window]
[STDOUT  ] 2018-11-04T03:32:09.851298576Z: [    0.100012] pci_bus 0000:00: root bus resource [bus 00-ff]
[STDOUT  ] 2018-11-04T03:32:09.851307970Z: [    0.170409] pci 0000:00:1f.0: quirk: [io  0x0600-0x067f] claimed by ICH6 ACPI/GPIO/TCO
[STDOUT  ] 2018-11-04T03:32:09.851317326Z: [    0.197359] ACPI: PCI Interrupt Link [LNKA] (IRQs 5 *10 11)
[STDOUT  ] 2018-11-04T03:32:09.851332112Z: [    0.198344] ACPI: PCI Interrupt Link [LNKB] (IRQs 5 *10 11)
[STDOUT  ] 2018-11-04T03:32:09.851341024Z: [    0.199323] ACPI: PCI Interrupt Link [LNKC] (IRQs 5 10 *11)
[STDOUT  ] 2018-11-04T03:32:09.851349785Z: [    0.201239] ACPI: PCI Interrupt Link [LNKD] (IRQs 5 10 *11)
[STDOUT  ] 2018-11-04T03:32:09.851357907Z: [    0.203096] ACPI: PCI Interrupt Link [LNKE] (IRQs 5 *10 11)
[STDOUT  ] 2018-11-04T03:32:09.851365750Z: [    0.204318] ACPI: PCI Interrupt Link [LNKF] (IRQs 5 *10 11)
[STDOUT  ] 2018-11-04T03:32:09.851373530Z: [    0.205304] ACPI: PCI Interrupt Link [LNKG] (IRQs 5 10 *11)
[STDOUT  ] 2018-11-04T03:32:09.851381364Z: [    0.206305] ACPI: PCI Interrupt Link [LNKH] (IRQs 5 10 *11)
[STDOUT  ] 2018-11-04T03:32:09.851389583Z: [    0.207159] ACPI: PCI Interrupt Link [GSIA] (IRQs *16)
[STDOUT  ] 2018-11-04T03:32:09.851397543Z: [    0.209017] ACPI: PCI Interrupt Link [GSIB] (IRQs *17)
[STDOUT  ] 2018-11-04T03:32:09.851405290Z: [    0.210022] ACPI: PCI Interrupt Link [GSIC] (IRQs *18)
[STDOUT  ] 2018-11-04T03:32:09.851413027Z: [    0.211032] ACPI: PCI Interrupt Link [GSID] (IRQs *19)
[STDOUT  ] 2018-11-04T03:32:09.851420951Z: [    0.212025] ACPI: PCI Interrupt Link [GSIE] (IRQs *20)
[STDOUT  ] 2018-11-04T03:32:09.851428785Z: [    0.213019] ACPI: PCI Interrupt Link [GSIF] (IRQs *21)
[STDOUT  ] 2018-11-04T03:32:09.851436532Z: [    0.214022] ACPI: PCI Interrupt Link [GSIG] (IRQs *22)
[STDOUT  ] 2018-11-04T03:32:09.851445170Z: [    0.215033] ACPI: PCI Interrupt Link [GSIH] (IRQs *23)
[STDOUT  ] 2018-11-04T03:32:09.851453273Z: [    0.216413] SCSI subsystem initialized
[STDOUT  ] 2018-11-04T03:32:09.851461638Z: [    0.217112] ACPI: bus type USB registered
[STDOUT  ] 2018-11-04T03:32:09.851469749Z: [    0.218038] usbcore: registered new interface driver usbfs
[STDOUT  ] 2018-11-04T03:32:09.851477826Z: [    0.219025] usbcore: registered new interface driver hub
[STDOUT  ] 2018-11-04T03:32:09.851486242Z: [    0.220082] usbcore: registered new device driver usb
[STDOUT  ] 2018-11-04T03:32:09.851495277Z: [    0.221043] pps_core: LinuxPPS API ver. 1 registered
[STDOUT  ] 2018-11-04T03:32:09.851504322Z: [    0.222005] pps_core: Software ver. 5.3.6 - Copyright 2005-2007 Rodolfo Giometti <giometti@linux.it>
[STDOUT  ] 2018-11-04T03:32:09.851513199Z: [    0.223018] PTP clock support registered
[STDOUT  ] 2018-11-04T03:32:09.851522152Z: [    0.224112] PCI: Using ACPI for IRQ routing
[STDOUT  ] 2018-11-04T03:32:09.851530863Z: [    0.702886] NetLabel: Initializing
[STDOUT  ] 2018-11-04T03:32:09.851539494Z: [    0.703003] NetLabel:  domain hash size = 128
[STDOUT  ] 2018-11-04T03:32:09.851558810Z: [    0.704003] NetLabel:  protocols = UNLABELED CIPSOv4 CALIPSO
[STDOUT  ] 2018-11-04T03:32:09.851567675Z: [    0.705043] NetLabel:  unlabeled traffic allowed by default
[STDOUT  ] 2018-11-04T03:32:09.851577421Z: [    0.706217] HPET: 3 timers in total, 0 timers will be used for per-cpu timer
[STDOUT  ] 2018-11-04T03:32:09.851586747Z: [    0.707119] hpet0: at MMIO 0xfed00000, IRQs 2, 8, 0
[STDOUT  ] 2018-11-04T03:32:09.851594875Z: [    0.708005] hpet0: 3 comparators, 64-bit 100.000000 MHz counter
[STDOUT  ] 2018-11-04T03:32:09.851604143Z: [    0.711042] clocksource: Switched to clocksource kvm-clock
[STDOUT  ] 2018-11-04T03:32:09.851616681Z: [    0.737082] VFS: Disk quotas dquot_6.6.0
[STDOUT  ] 2018-11-04T03:32:09.851626218Z: [    0.741076] VFS: Dquot-cache hash table entries: 512 (order 0, 4096 bytes)
[STDOUT  ] 2018-11-04T03:32:09.851634804Z: [    0.747763] FS-Cache: Loaded
[STDOUT  ] 2018-11-04T03:32:09.851647282Z: [    0.750816] CacheFiles: Loaded
[STDOUT  ] 2018-11-04T03:32:09.851656198Z: [    0.753874] pnp: PnP ACPI init
[STDOUT  ] 2018-11-04T03:32:09.851664896Z: [    0.758142] pnp: PnP ACPI: found 5 devices
[STDOUT  ] 2018-11-04T03:32:09.851673749Z: [    0.768531] clocksource: acpi_pm: mask: 0xffffff max_cycles: 0xffffff, max_idle_ns: 2085701024 ns
[STDOUT  ] 2018-11-04T03:32:09.851682922Z: [    0.777181] NET: Registered protocol family 2
[STDOUT  ] 2018-11-04T03:32:09.851695574Z: [    0.781637] TCP established hash table entries: 8192 (order: 4, 65536 bytes)
[STDOUT  ] 2018-11-04T03:32:09.851704158Z: [    0.788412] TCP bind hash table entries: 8192 (order: 5, 131072 bytes)
[STDOUT  ] 2018-11-04T03:32:09.851712980Z: [    0.795401] TCP: Hash tables configured (established 8192 bind 8192)
[STDOUT  ] 2018-11-04T03:32:09.851721622Z: [    0.801669] UDP hash table entries: 512 (order: 2, 16384 bytes)
[STDOUT  ] 2018-11-04T03:32:09.851730470Z: [    0.807377] UDP-Lite hash table entries: 512 (order: 2, 16384 bytes)
[STDOUT  ] 2018-11-04T03:32:09.851740125Z: [    0.813617] NET: Registered protocol family 1
[STDOUT  ] 2018-11-04T03:32:09.851748764Z: [    0.818240] pci 0000:00:01.0: Video device with shadowed ROM at [mem 0x000c0000-0x000dffff]
[STDOUT  ] 2018-11-04T03:32:09.851758201Z: [    0.826718] Trying to unpack rootfs image as initramfs...
[STDOUT  ] 2018-11-04T03:32:09.851767300Z: [    1.736947] Freeing initrd memory: 49872K
[STDOUT  ] 2018-11-04T03:32:09.851786115Z: [    1.741138] clocksource: tsc: mask: 0xffffffffffffffff max_cycles: 0x2126eb9c3d0, max_idle_ns: 440795298770 ns
[STDOUT  ] 2018-11-04T03:32:09.851795551Z: [    1.752297] PCLMULQDQ-NI instructions are not detected.
[STDOUT  ] 2018-11-04T03:32:09.851805044Z: [    1.757642] AVX or AES-NI instructions are not detected.
[STDOUT  ] 2018-11-04T03:32:09.851813909Z: [    1.762918] CPU feature 'AVX registers' is not supported.
[STDOUT  ] 2018-11-04T03:32:09.851823910Z: [    1.768206] CPU feature 'AVX registers' is not supported.
[STDOUT  ] 2018-11-04T03:32:09.851833238Z: [    1.773555] CPU feature 'AVX registers' is not supported.
[STDOUT  ] 2018-11-04T03:32:09.851842186Z: [    1.778791] CPU feature 'AVX registers' is not supported.
[STDOUT  ] 2018-11-04T03:32:09.851852038Z: [    1.784004] AVX2 or AES-NI instructions are not detected.
[STDOUT  ] 2018-11-04T03:32:09.851861341Z: [    1.789356] AVX2 instructions are not detected.
[STDOUT  ] 2018-11-04T03:32:09.851870447Z: [    1.794120] audit: initializing netlink subsys (disabled)
[STDOUT  ] 2018-11-04T03:32:09.851879672Z: [    1.799825] audit: type=2000 audit(1541302325.928:1): state=initialized audit_enabled=0 res=1
[STDOUT  ] 2018-11-04T03:32:09.851888326Z: [    1.808116] workingset: timestamp_bits=46 max_order=18 bucket_order=0
[STDOUT  ] 2018-11-04T03:32:09.851897676Z: [    1.814840] squashfs: version 4.0 (2009/01/31) Phillip Lougher
[STDOUT  ] 2018-11-04T03:32:09.851906494Z: [    1.820648] FS-Cache: Netfs 'cifs' registered for caching
[STDOUT  ] 2018-11-04T03:32:09.851916580Z: [    1.825901] fuse init (API version 7.26)
[STDOUT  ] 2018-11-04T03:32:09.851926513Z: [    1.829898] SGI XFS with ACLs, security attributes, no debug enabled
[STDOUT  ] 2018-11-04T03:32:09.851936996Z: [    1.836306] 9p: Installing v9fs 9p2000 file system support
[STDOUT  ] 2018-11-04T03:32:09.851946657Z: [    1.841655] FS-Cache: Netfs '9p' registered for caching
[STDOUT  ] 2018-11-04T03:32:09.851955615Z: [    1.848174] NET: Registered protocol family 38
[STDOUT  ] 2018-11-04T03:32:09.851964364Z: [    1.856202] Key type asymmetric registered
[STDOUT  ] 2018-11-04T03:32:09.851973687Z: [    1.860417] Asymmetric key parser 'x509' registered
[STDOUT  ] 2018-11-04T03:32:09.851982727Z: [    1.865216] Block layer SCSI generic (bsg) driver version 0.4 loaded (major 247)
[STDOUT  ] 2018-11-04T03:32:09.851995289Z: [    1.872416] io scheduler noop registered
[STDERR  ] 2018-11-04T03:32:09.850975876Z: [    0.043000] ..TIMER: vector=0x30 apic1=0 pin1=2 apic2=-1 pin2=-1
[STDOUT  ] 2018-11-04T03:32:09.852005040Z: [    1.876248] io scheduler deadline registered (default)
[STDOUT  ] 2018-11-04T03:32:09.852014190Z: [    1.881287] io scheduler cfq registered
[STDOUT  ] 2018-11-04T03:32:09.852034862Z: [    1.885185] io scheduler mq-deadline registered
[STDOUT  ] 2018-11-04T03:32:09.852044526Z: [    1.889635] io scheduler kyber registered
[STDOUT  ] 2018-11-04T03:32:09.852053565Z: [    1.893710] shpchp: Standard Hot Plug PCI Controller Driver version: 0.4
[STDOUT  ] 2018-11-04T03:32:09.852063435Z: [    1.900298] hv_vmbus: registering driver hyperv_fb
[STDOUT  ] 2018-11-04T03:32:09.852072571Z: [    1.905181] input: Power Button as /devices/LNXSYSTM:00/LNXPWRBN:00/input/input0
[STDOUT  ] 2018-11-04T03:32:09.852081725Z: [    1.912585] ACPI: Power Button [PWRF]
[STDOUT  ] 2018-11-04T03:32:09.852090752Z: [    1.917169] ACPI: PCI Interrupt Link [GSIG] enabled at IRQ 22
[STDERR  ] 2018-11-04T03:32:09.852012754Z: [    0.043000] smpboot: CPU0: Intel QEMU Virtual CPU version 2.5+ (family: 0x6, model: 0x6, stepping: 0x3)
[STDOUT  ] 2018-11-04T03:32:09.852099663Z: [    1.929010] ACPI: PCI Interrupt Link [GSIH] enabled at IRQ 23
[STDOUT  ] 2018-11-04T03:32:09.852108403Z: [    1.940566] Serial: 8250/16550 driver, 4 ports, IRQ sharing disabled
[STDERR  ] 2018-11-04T03:32:09.852103817Z: [    0.043135] Performance Events: PMU not available due to virtualization, using software events only.
[STDOUT  ] 2018-11-04T03:32:09.852117267Z: [    1.981515] 00:04: ttyS0 at I/O 0x3f8 (irq = 4, base_baud = 115200) is a 16550A
[STDOUT  ] 2018-11-04T03:32:09.852138565Z: [    1.989657] Non-volatile memory driver v1.3
[STDOUT  ] 2018-11-04T03:32:09.852147851Z: [    1.995562] Hangcheck: starting hangcheck timer 0.9.1 (tick is 180 seconds, margin is 60 seconds).
[STDOUT  ] 2018-11-04T03:32:09.852157850Z: [    2.004469] random: fast init done
[STDOUT  ] 2018-11-04T03:32:09.852166555Z: [    2.008796] random: crng init done
[STDOUT  ] 2018-11-04T03:32:09.852177622Z: [    2.013400] brd: module loaded
[STDERR  ] 2018-11-04T03:32:09.852117268Z: [    0.046200] Hierarchical SRCU implementation.
[STDERR  ] 2018-11-04T03:32:09.852219977Z: [    0.047132] NMI watchdog: Perf event create on CPU 0 failed with -2
[STDERR  ] 2018-11-04T03:32:09.852234802Z: [    0.048006] NMI watchdog: Perf NMI watchdog permanently disabled
[STDERR  ] 2018-11-04T03:32:09.852247325Z: [    0.049084] smp: Bringing up secondary CPUs ...
[STDERR  ] 2018-11-04T03:32:09.852274079Z: [    0.050006] smp: Brought up 1 node, 1 CPU
[STDOUT  ] 2018-11-04T03:32:09.852199623Z: [    2.019683] loop: module loaded
[STDOUT  ] 2018-11-04T03:32:09.852290040Z: [    2.026583] lpc_ich 0000:00:1f.0: I/O space for GPIO uninitialized
[STDOUT  ] 2018-11-04T03:32:09.852306886Z: [    2.032106] VMware PVSCSI driver - version 1.0.7.0-k
[STDOUT  ] 2018-11-04T03:32:09.852316740Z: [    2.036433] hv_vmbus: registering driver hv_storvsc
[STDOUT  ] 2018-11-04T03:32:09.852325653Z: [    2.041392] ACPI: PCI Interrupt Link [GSIA] enabled at IRQ 16
[STDOUT  ] 2018-11-04T03:32:09.852334791Z: [    2.050329] ahci 0000:00:1f.2: AHCI 0001.0000 32 slots 6 ports 1.5 Gbps 0x3f impl SATA mode
[STDERR  ] 2018-11-04T03:32:09.852286890Z: [    0.051006] smpboot: Total of 1 processors activated (4599.84 BogoMIPS)
[STDERR  ] 2018-11-04T03:32:09.852362931Z: [    0.055112] devtmpfs: initialized
[STDERR  ] 2018-11-04T03:32:09.852379862Z: [    0.056076] x86/mm: Memory block size: 128MB
[STDERR  ] 2018-11-04T03:32:09.852393444Z: [    0.057230] evm: security.ima
[STDERR  ] 2018-11-04T03:32:09.852406028Z: [    0.058003] evm: security.capability
[STDERR  ] 2018-11-04T03:32:09.852418907Z: [    0.059173] clocksource: jiffies: mask: 0xffffffff max_cycles: 0xffffffff, max_idle_ns: 1911260446275000 ns
[STDERR  ] 2018-11-04T03:32:09.852432893Z: [    0.060013] futex hash table entries: 256 (order: 2, 16384 bytes)
[STDERR  ] 2018-11-04T03:32:09.852451055Z: [    0.062186] NET: Registered protocol family 16
[STDERR  ] 2018-11-04T03:32:09.852464355Z: [    0.063206] cpuidle: using governor ladder
[STDERR  ] 2018-11-04T03:32:09.852477241Z: [    0.064008] cpuidle: using governor menu
[STDERR  ] 2018-11-04T03:32:09.852490208Z: [    0.065125] ACPI: bus type PCI registered
[STDERR  ] 2018-11-04T03:32:09.852507443Z: [    0.067306] PCI: MMCONFIG for domain 0000 [bus 00-ff] at [mem 0xb0000000-0xbfffffff] (base 0xb0000000)
[STDERR  ] 2018-11-04T03:32:09.852520333Z: [    0.068014] PCI: MMCONFIG at [mem 0xb0000000-0xbfffffff] reserved in E820
[STDERR  ] 2018-11-04T03:32:09.852534526Z: [    0.069026] PCI: Using configuration type 1 for base access
[STDERR  ] 2018-11-04T03:32:09.852553106Z: [    0.072421] HugeTLB registered 2.00 MiB page size, pre-allocated 0 pages
[STDERR  ] 2018-11-04T03:32:09.852595414Z: [    0.074289] ACPI: Added _OSI(Module Device)
[STDERR  ] 2018-11-04T03:32:09.852608724Z: [    0.075026] ACPI: Added _OSI(Processor Device)
[STDERR  ] 2018-11-04T03:32:09.852621930Z: [    0.076005] ACPI: Added _OSI(3.0 _SCP Extensions)
[STDERR  ] 2018-11-04T03:32:09.852634910Z: [    0.077005] ACPI: Added _OSI(Processor Aggregator Device)
[STDERR  ] 2018-11-04T03:32:09.852648602Z: [    0.082187] ACPI: Interpreter enabled
[STDERR  ] 2018-11-04T03:32:09.852661411Z: [    0.084013] ACPI: (supports S0 S5)
[STDERR  ] 2018-11-04T03:32:09.852674691Z: [    0.085006] ACPI: Using IOAPIC for interrupt routing
[STDERR  ] 2018-11-04T03:32:09.852687142Z: [    0.086066] PCI: Using host bridge windows from ACPI; if necessary, use "pci=nocrs" and report a bug
[STDERR  ] 2018-11-04T03:32:09.852708693Z: [    0.087403] ACPI: Enabled 2 GPEs in block 00 to 3F
[STDERR  ] 2018-11-04T03:32:09.852722120Z: [    0.092744] ACPI: PCI Root Bridge [PCI0] (domain 0000 [bus 00-ff])
[STDERR  ] 2018-11-04T03:32:09.852734202Z: [    0.093016] acpi PNP0A08:00: _OSC: OS supports [ExtendedConfig ASPM ClockPM Segments MSI]
[STDERR  ] 2018-11-04T03:32:09.852747857Z: [    0.094150] acpi PNP0A08:00: _OSC: OS now controls [PCIeHotplug PME PCIeCapability]
[STDERR  ] 2018-11-04T03:32:09.852760318Z: [    0.095085] PCI host bridge to bus 0000:00
[STDERR  ] 2018-11-04T03:32:09.852772717Z: [    0.096010] pci_bus 0000:00: root bus resource [io  0x0000-0x0cf7 window]
[STDERR  ] 2018-11-04T03:32:09.852796245Z: [    0.097007] pci_bus 0000:00: root bus resource [io  0x0d00-0xffff window]
[STDERR  ] 2018-11-04T03:32:09.852843333Z: [    0.098007] pci_bus 0000:00: root bus resource [mem 0x000a0000-0x000bffff window]
[STDERR  ] 2018-11-04T03:32:09.852876891Z: [    0.099008] pci_bus 0000:00: root bus resource [mem 0xc0000000-0xfebfffff window]
[STDERR  ] 2018-11-04T03:32:09.852889225Z: [    0.100012] pci_bus 0000:00: root bus resource [bus 00-ff]
[STDERR  ] 2018-11-04T03:32:09.852903559Z: [    0.170409] pci 0000:00:1f.0: quirk: [io  0x0600-0x067f] claimed by ICH6 ACPI/GPIO/TCO
[STDERR  ] 2018-11-04T03:32:09.852916806Z: [    0.197359] ACPI: PCI Interrupt Link [LNKA] (IRQs 5 *10 11)
[STDERR  ] 2018-11-04T03:32:09.852929493Z: [    0.198344] ACPI: PCI Interrupt Link [LNKB] (IRQs 5 *10 11)
[STDERR  ] 2018-11-04T03:32:09.852943331Z: [    0.199323] ACPI: PCI Interrupt Link [LNKC] (IRQs 5 10 *11)
[STDERR  ] 2018-11-04T03:32:09.852955591Z: [    0.201239] ACPI: PCI Interrupt Link [LNKD] (IRQs 5 10 *11)
[STDERR  ] 2018-11-04T03:32:09.852967982Z: [    0.203096] ACPI: PCI Interrupt Link [LNKE] (IRQs 5 *10 11)
[STDERR  ] 2018-11-04T03:32:09.852982212Z: [    0.204318] ACPI: PCI Interrupt Link [LNKF] (IRQs 5 *10 11)
[STDERR  ] 2018-11-04T03:32:09.852993942Z: [    0.205304] ACPI: PCI Interrupt Link [LNKG] (IRQs 5 10 *11)
[STDERR  ] 2018-11-04T03:32:09.853006008Z: [    0.206305] ACPI: PCI Interrupt Link [LNKH] (IRQs 5 10 *11)
[STDERR  ] 2018-11-04T03:32:09.853018450Z: [    0.207159] ACPI: PCI Interrupt Link [GSIA] (IRQs *16)
[STDERR  ] 2018-11-04T03:32:09.853041511Z: [    0.209017] ACPI: PCI Interrupt Link [GSIB] (IRQs *17)
[STDERR  ] 2018-11-04T03:32:09.853053533Z: [    0.210022] ACPI: PCI Interrupt Link [GSIC] (IRQs *18)
[STDERR  ] 2018-11-04T03:32:09.853069936Z: [    0.211032] ACPI: PCI Interrupt Link [GSID] (IRQs *19)
[STDERR  ] 2018-11-04T03:32:09.853083510Z: [    0.212025] ACPI: PCI Interrupt Link [GSIE] (IRQs *20)
[STDERR  ] 2018-11-04T03:32:09.853096326Z: [    0.213019] ACPI: PCI Interrupt Link [GSIF] (IRQs *21)
[STDERR  ] 2018-11-04T03:32:09.853108585Z: [    0.214022] ACPI: PCI Interrupt Link [GSIG] (IRQs *22)
[STDERR  ] 2018-11-04T03:32:09.853141581Z: [    0.215033] ACPI: PCI Interrupt Link [GSIH] (IRQs *23)
[STDERR  ] 2018-11-04T03:32:09.853154411Z: [    0.216413] SCSI subsystem initialized
[STDERR  ] 2018-11-04T03:32:09.853168175Z: [    0.217112] ACPI: bus type USB registered
[STDERR  ] 2018-11-04T03:32:09.853182932Z: [    0.218038] usbcore: registered new interface driver usbfs
[STDERR  ] 2018-11-04T03:32:09.853195955Z: [    0.219025] usbcore: registered new interface driver hub
[STDERR  ] 2018-11-04T03:32:09.853208641Z: [    0.220082] usbcore: registered new device driver usb
[STDERR  ] 2018-11-04T03:32:09.853262829Z: [    0.221043] pps_core: LinuxPPS API ver. 1 registered
[STDERR  ] 2018-11-04T03:32:09.853282054Z: [    0.222005] pps_core: Software ver. 5.3.6 - Copyright 2005-2007 Rodolfo Giometti <giometti@linux.it>
[STDERR  ] 2018-11-04T03:32:09.853295072Z: [    0.223018] PTP clock support registered
[STDERR  ] 2018-11-04T03:32:09.853307723Z: [    0.224112] PCI: Using ACPI for IRQ routing
[STDERR  ] 2018-11-04T03:32:09.853320569Z: [    0.702886] NetLabel: Initializing
[STDERR  ] 2018-11-04T03:32:09.853333200Z: [    0.703003] NetLabel:  domain hash size = 128
[STDERR  ] 2018-11-04T03:32:09.853370779Z: [    0.704003] NetLabel:  protocols = UNLABELED CIPSOv4 CALIPSO
[STDERR  ] 2018-11-04T03:32:09.853383441Z: [    0.705043] NetLabel:  unlabeled traffic allowed by default
[STDERR  ] 2018-11-04T03:32:09.853397155Z: [    0.706217] HPET: 3 timers in total, 0 timers will be used for per-cpu timer
[STDERR  ] 2018-11-04T03:32:09.853410452Z: [    0.707119] hpet0: at MMIO 0xfed00000, IRQs 2, 8, 0
[STDERR  ] 2018-11-04T03:32:09.853423715Z: [    0.708005] hpet0: 3 comparators, 64-bit 100.000000 MHz counter
[STDERR  ] 2018-11-04T03:32:09.853436132Z: [    0.711042] clocksource: Switched to clocksource kvm-clock
[STDERR  ] 2018-11-04T03:32:09.853448988Z: [    0.737082] VFS: Disk quotas dquot_6.6.0
[STDERR  ] 2018-11-04T03:32:09.853461838Z: [    0.741076] VFS: Dquot-cache hash table entries: 512 (order 0, 4096 bytes)
[STDERR  ] 2018-11-04T03:32:09.853474403Z: [    0.747763] FS-Cache: Loaded
[STDERR  ] 2018-11-04T03:32:09.853487383Z: [    0.750816] CacheFiles: Loaded
[STDERR  ] 2018-11-04T03:32:09.853500655Z: [    0.753874] pnp: PnP ACPI init
[STDERR  ] 2018-11-04T03:32:09.853513449Z: [    0.758142] pnp: PnP ACPI: found 5 devices
[STDERR  ] 2018-11-04T03:32:09.853526320Z: [    0.768531] clocksource: acpi_pm: mask: 0xffffff max_cycles: 0xffffff, max_idle_ns: 2085701024 ns
[STDERR  ] 2018-11-04T03:32:09.853538735Z: [    0.777181] NET: Registered protocol family 2
[STDERR  ] 2018-11-04T03:32:09.853558887Z: [    0.781637] TCP established hash table entries: 8192 (order: 4, 65536 bytes)
[STDERR  ] 2018-11-04T03:32:09.853571270Z: [    0.788412] TCP bind hash table entries: 8192 (order: 5, 131072 bytes)
[STDERR  ] 2018-11-04T03:32:09.853663304Z: [    0.795401] TCP: Hash tables configured (established 8192 bind 8192)
[STDERR  ] 2018-11-04T03:32:09.853677051Z: [    0.801669] UDP hash table entries: 512 (order: 2, 16384 bytes)
[STDERR  ] 2018-11-04T03:32:09.853696204Z: [    0.807377] UDP-Lite hash table entries: 512 (order: 2, 16384 bytes)
[STDERR  ] 2018-11-04T03:32:09.853712322Z: [    0.813617] NET: Registered protocol family 1
[STDERR  ] 2018-11-04T03:32:09.853725578Z: [    0.818240] pci 0000:00:01.0: Video device with shadowed ROM at [mem 0x000c0000-0x000dffff]
[STDERR  ] 2018-11-04T03:32:09.853739043Z: [    0.826718] Trying to unpack rootfs image as initramfs...
[STDERR  ] 2018-11-04T03:32:09.853750806Z: [    1.736947] Freeing initrd memory: 49872K
[STDERR  ] 2018-11-04T03:32:09.853763713Z: [    1.741138] clocksource: tsc: mask: 0xffffffffffffffff max_cycles: 0x2126eb9c3d0, max_idle_ns: 440795298770 ns
[STDERR  ] 2018-11-04T03:32:09.853793809Z: [    1.752297] PCLMULQDQ-NI instructions are not detected.
[STDERR  ] 2018-11-04T03:32:09.853808392Z: [    1.757642] AVX or AES-NI instructions are not detected.
[STDERR  ] 2018-11-04T03:32:09.853821374Z: [    1.762918] CPU feature 'AVX registers' is not supported.
[STDERR  ] 2018-11-04T03:32:09.853854255Z: [    1.768206] CPU feature 'AVX registers' is not supported.
[STDERR  ] 2018-11-04T03:32:09.853873034Z: [    1.773555] CPU feature 'AVX registers' is not supported.
[STDERR  ] 2018-11-04T03:32:09.853885700Z: [    1.778791] CPU feature 'AVX registers' is not supported.
[STDERR  ] 2018-11-04T03:32:09.853897930Z: [    1.784004] AVX2 or AES-NI instructions are not detected.
[STDERR  ] 2018-11-04T03:32:09.853912791Z: [    1.789356] AVX2 instructions are not detected.
[STDERR  ] 2018-11-04T03:32:09.853926364Z: [    1.794120] audit: initializing netlink subsys (disabled)
[STDERR  ] 2018-11-04T03:32:09.853939012Z: [    1.799825] audit: type=2000 audit(1541302325.928:1): state=initialized audit_enabled=0 res=1
[STDERR  ] 2018-11-04T03:32:09.853951674Z: [    1.808116] workingset: timestamp_bits=46 max_order=18 bucket_order=0
[STDERR  ] 2018-11-04T03:32:09.853963986Z: [    1.814840] squashfs: version 4.0 (2009/01/31) Phillip Lougher
[STDERR  ] 2018-11-04T03:32:09.853976751Z: [    1.820648] FS-Cache: Netfs 'cifs' registered for caching
[STDERR  ] 2018-11-04T03:32:09.853989373Z: [    1.825901] fuse init (API version 7.26)
[STDERR  ] 2018-11-04T03:32:09.854002097Z: [    1.829898] SGI XFS with ACLs, security attributes, no debug enabled
[STDERR  ] 2018-11-04T03:32:09.854014596Z: [    1.836306] 9p: Installing v9fs 9p2000 file system support
[STDERR  ] 2018-11-04T03:32:09.854028295Z: [    1.841655] FS-Cache: Netfs '9p' registered for caching
[STDERR  ] 2018-11-04T03:32:09.854039917Z: [    1.848174] NET: Registered protocol family 38
[STDERR  ] 2018-11-04T03:32:09.854058389Z: [    1.856202] Key type asymmetric registered
[STDERR  ] 2018-11-04T03:32:09.854071111Z: [    1.860417] Asymmetric key parser 'x509' registered
[STDERR  ] 2018-11-04T03:32:09.854084281Z: [    1.865216] Block layer SCSI generic (bsg) driver version 0.4 loaded (major 247)
[STDERR  ] 2018-11-04T03:32:09.854097245Z: [    1.872416] io scheduler noop registered
[STDERR  ] 2018-11-04T03:32:09.854114068Z: [    1.876248] io scheduler deadline registered (default)
[STDERR  ] 2018-11-04T03:32:09.854126197Z: [    1.881287] io scheduler cfq registered
[STDERR  ] 2018-11-04T03:32:09.854146995Z: [    1.885185] io scheduler mq-deadline registered
[STDERR  ] 2018-11-04T03:32:09.854161163Z: [    1.889635] io scheduler kyber registered
[STDERR  ] 2018-11-04T03:32:09.854174079Z: [    1.893710] shpchp: Standard Hot Plug PCI Controller Driver version: 0.4
[STDERR  ] 2018-11-04T03:32:09.854186732Z: [    1.900298] hv_vmbus: registering driver hyperv_fb
[STDERR  ] 2018-11-04T03:32:09.854199305Z: [    1.905181] input: Power Button as /devices/LNXSYSTM:00/LNXPWRBN:00/input/input0
[STDERR  ] 2018-11-04T03:32:09.854212834Z: [    1.912585] ACPI: Power Button [PWRF]
[STDERR  ] 2018-11-04T03:32:09.854225254Z: [    1.917169] ACPI: PCI Interrupt Link [GSIG] enabled at IRQ 22
[STDERR  ] 2018-11-04T03:32:09.854240544Z: [    1.929010] ACPI: PCI Interrupt Link [GSIH] enabled at IRQ 23
[STDERR  ] 2018-11-04T03:32:09.854252800Z: [    1.940566] Serial: 8250/16550 driver, 4 ports, IRQ sharing disabled
[STDERR  ] 2018-11-04T03:32:09.854272649Z: [    1.981515] 00:04: ttyS0 at I/O 0x3f8 (irq = 4, base_baud = 115200) is a 16550A
[STDERR  ] 2018-11-04T03:32:09.854285350Z: [    1.989657] Non-volatile memory driver v1.3
[STDERR  ] 2018-11-04T03:32:09.854302656Z: [    1.995562] Hangcheck: starting hangcheck timer 0.9.1 (tick is 180 seconds, margin is 60 seconds).
[STDERR  ] 2018-11-04T03:32:09.854318331Z: [    2.004469] random: fast init done
[STDERR  ] 2018-11-04T03:32:09.854348976Z: [    2.008796] random: crng init done
[STDERR  ] 2018-11-04T03:32:09.854360954Z: [    2.013400] brd: module loaded
[STDERR  ] 2018-11-04T03:32:09.854373274Z: [    2.019683] loop: module loaded
[STDERR  ] 2018-11-04T03:32:09.854390972Z: [    2.026583] lpc_ich 0000:00:1f.0: I/O space for GPIO uninitialized
[STDERR  ] 2018-11-04T03:32:09.854408813Z: [    2.032106] VMware PVSCSI driver - version 1.0.7.0-k
[STDERR  ] 2018-11-04T03:32:09.854421444Z: [    2.036433] hv_vmbus: registering driver hv_storvsc
[STDERR  ] 2018-11-04T03:32:09.854438404Z: [    2.041392] ACPI: PCI Interrupt Link [GSIA] enabled at IRQ 16
[STDERR  ] 2018-11-04T03:32:09.854451888Z: [    2.050329] ahci 0000:00:1f.2: AHCI 0001.0000 32 slots 6 ports 1.5 Gbps 0x3f impl SATA mode
[STDERR  ] 2018-11-04T03:32:09.854464776Z: [    2.059335] ahci 0000:00:1f.2: flags: 64bit ncq only 
[STDERR  ] 2018-11-04T03:32:09.854477381Z: [    2.068329] scsi host0: ahci
[STDERR  ] 2018-11-04T03:32:09.854497273Z: [    2.071437] scsi host1: ahci
[STDERR  ] 2018-11-04T03:32:09.854512384Z: [    2.074562] scsi host2: ahci
[STDERR  ] 2018-11-04T03:32:09.854525130Z: [    2.077594] scsi host3: ahci
[STDERR  ] 2018-11-04T03:32:09.854537593Z: [    2.080537] scsi host4: ahci
[STDERR  ] 2018-11-04T03:32:09.854561743Z: [    2.083484] scsi host5: ahci
[STDERR  ] 2018-11-04T03:32:09.854573925Z: [    2.086759] ata1: SATA max UDMA/133 abar m4096@0xfebd2000 port 0xfebd2100 irq 24
[STDERR  ] 2018-11-04T03:32:09.854597034Z: [    2.093932] ata2: SATA max UDMA/133 abar m4096@0xfebd2000 port 0xfebd2180 irq 24
[STDERR  ] 2018-11-04T03:32:09.854612416Z: [    2.101202] ata3: SATA max UDMA/133 abar m4096@0xfebd2000 port 0xfebd2200 irq 24
[STDERR  ] 2018-11-04T03:32:09.854625130Z: [    2.108404] ata4: SATA max UDMA/133 abar m4096@0xfebd2000 port 0xfebd2280 irq 24
[STDERR  ] 2018-11-04T03:32:09.854637944Z: [    2.115612] ata5: SATA max UDMA/133 abar m4096@0xfebd2000 port 0xfebd2300 irq 24
[STDERR  ] 2018-11-04T03:32:09.854650192Z: [    2.122756] ata6: SATA max UDMA/133 abar m4096@0xfebd2000 port 0xfebd2380 irq 24
[STDERR  ] 2018-11-04T03:32:09.854661957Z: [    2.130755] tun: Universal TUN/TAP device driver, 1.6
[STDERR  ] 2018-11-04T03:32:09.854677516Z: [    2.142442] VMware vmxnet3 virtual NIC driver - version 1.4.a.0-k-NAPI
[STDERR  ] 2018-11-04T03:32:09.854689447Z: [    2.148906] hv_vmbus: registering driver hv_netvsc
[STDERR  ] 2018-11-04T03:32:09.854701675Z: [    2.153591] Fusion MPT base driver 3.04.20
[STDERR  ] 2018-11-04T03:32:09.854713879Z: [    2.157603] Copyright (c) 1999-2008 LSI Corporation
[STDERR  ] 2018-11-04T03:32:09.854725613Z: [    2.162370] Fusion MPT SPI Host driver 3.04.20
[STDERR  ] 2018-11-04T03:32:09.854737434Z: [    2.166820] i8042: PNP: PS/2 Controller [PNP0303:KBD,PNP0f13:MOU] at 0x60,0x64 irq 1,12
[STDERR  ] 2018-11-04T03:32:09.854750812Z: [    2.178645] serio: i8042 KBD port at 0x60,0x64 irq 1
[STDERR  ] 2018-11-04T03:32:09.854762731Z: [    2.183555] serio: i8042 AUX port at 0x60,0x64 irq 12
[STDERR  ] 2018-11-04T03:32:09.854785036Z: [    2.188592] hv_vmbus: registering driver hyperv_keyboard
[STDERR  ] 2018-11-04T03:32:09.854797696Z: [    2.193778] mousedev: PS/2 mouse device common for all mice
[STDERR  ] 2018-11-04T03:32:09.854811600Z: [    2.200588] input: AT Translated Set 2 keyboard as /devices/platform/i8042/serio0/input/input1
[STDERR  ] 2018-11-04T03:32:09.854823464Z: [    2.208889] input: PC Speaker as /devices/platform/pcspkr/input/input2
[STDERR  ] 2018-11-04T03:32:09.854835022Z: [    2.215508] rtc_cmos 00:00: RTC can wake from S4
[STDERR  ] 2018-11-04T03:32:09.854847268Z: [    2.222537] rtc_cmos 00:00: rtc core: registered rtc_cmos as rtc0
[STDERR  ] 2018-11-04T03:32:09.854859554Z: [    2.229341] rtc_cmos 00:00: alarms up to one day, y3k, 114 bytes nvram, hpet irqs
[STDERR  ] 2018-11-04T03:32:09.854879539Z: [    2.236560] i2c /dev entries driver
[STDERR  ] 2018-11-04T03:32:09.854891802Z: [    2.240214] device-mapper: ioctl: 4.37.0-ioctl (2017-09-20) initialised: dm-devel@redhat.com
[STDERR  ] 2018-11-04T03:32:09.854911140Z: [    2.249285] usbcore: registered new interface driver usbhid
[STDERR  ] 2018-11-04T03:32:09.854923896Z: [    2.254719] usbhid: USB HID core driver
[STDERR  ] 2018-11-04T03:32:09.854937189Z: [    2.258525] hv_utils: Registering HyperV Utility Driver
[STDERR  ] 2018-11-04T03:32:09.854960144Z: [    2.263595] hv_vmbus: registering driver hv_util
[STDERR  ] 2018-11-04T03:32:09.854975403Z: [    2.268042] hv_vmbus: registering driver hv_balloon
[STDERR  ] 2018-11-04T03:32:09.854989322Z: [    2.272782] oprofile: using NMI interrupt.
[STDERR  ] 2018-11-04T03:32:09.855005292Z: [    2.276862] GACT probability on
[STDERR  ] 2018-11-04T03:32:09.855018002Z: [    2.279932] Mirror/redirect action on
[STDERR  ] 2018-11-04T03:32:09.855030158Z: [    2.283529] Simple TC action Loaded
[STDERR  ] 2018-11-04T03:32:09.855043227Z: [    2.286966] u32 classifier
[STDERR  ] 2018-11-04T03:32:09.855065566Z: [    2.289643]     Performance counters on
[STDERR  ] 2018-11-04T03:32:09.855077795Z: [    2.293475]     input device check on
[STDERR  ] 2018-11-04T03:32:09.855090462Z: [    2.297072]     Actions configured
[STDERR  ] 2018-11-04T03:32:09.855102649Z: [    2.300410] Netfilter messages via NETLINK v0.30.
[STDERR  ] 2018-11-04T03:32:09.855115372Z: [    2.305012] nfnl_acct: registering with nfnetlink.
[STDERR  ] 2018-11-04T03:32:09.855128730Z: [    2.309859] nf_conntrack version 0.5.0 (8192 buckets, 32768 max)
[STDERR  ] 2018-11-04T03:32:09.855141049Z: [    2.315686] ctnetlink v0.93: registering with nfnetlink.
[STDERR  ] 2018-11-04T03:32:09.855155108Z: [    2.320987] nf_tables: (c) 2007-2009 Patrick McHardy <kaber@trash.net>
[STDERR  ] 2018-11-04T03:32:09.855167308Z: [    2.327350] nf_tables_compat: (c) 2012 Pablo Neira Ayuso <pablo@netfilter.org>
[STDERR  ] 2018-11-04T03:32:09.855182609Z: [    2.334408] xt_time: kernel timezone is -0000
[STDERR  ] 2018-11-04T03:32:09.855195041Z: [    2.338665] ip_set: protocol 6
[STDERR  ] 2018-11-04T03:32:09.855208623Z: [    2.341795] ipip: IPv4 and MPLS over IPv4 tunneling driver
[STDERR  ] 2018-11-04T03:32:09.855230487Z: [    2.347593] gre: GRE over IPv4 demultiplexor driver
[STDERR  ] 2018-11-04T03:32:09.855242037Z: [    2.352752] ip_tables: (C) 2000-2006 Netfilter Core Team
[STDERR  ] 2018-11-04T03:32:09.855254035Z: [    2.358285] arp_tables: arp_tables: (C) 2002 David S. Miller
[STDERR  ] 2018-11-04T03:32:09.855266577Z: [    2.364122] NET: Registered protocol family 10
[STDERR  ] 2018-11-04T03:32:09.855286698Z: [    2.368930] Segment Routing with IPv6
[STDERR  ] 2018-11-04T03:32:09.855299112Z: [    2.372917] ip6_tables: (C) 2000-2006 Netfilter Core Team
[STDERR  ] 2018-11-04T03:32:09.855310742Z: [    2.378650] NET: Registered protocol family 17
[STDERR  ] 2018-11-04T03:32:09.855327100Z: [    2.383093] Bridge firewalling registered
[STDERR  ] 2018-11-04T03:32:09.855339496Z: [    2.387238] 8021q: 802.1Q VLAN Support v1.8
[STDERR  ] 2018-11-04T03:32:09.855352983Z: [    2.391411] 9pnet: Installing 9P2000 support
[STDERR  ] 2018-11-04T03:32:09.855370959Z: [    2.395865] Key type dns_resolver registered
[STDERR  ] 2018-11-04T03:32:09.855390378Z: [    2.400307] registered taskstats version 1
[STDERR  ] 2018-11-04T03:32:09.855403492Z: [    2.412858] Key type big_key registered
[STDERR  ] 2018-11-04T03:32:09.855415545Z: [    2.420754] Key type trusted registered
[STDERR  ] 2018-11-04T03:32:09.855428352Z: [    2.428755] Key type encrypted registered
[STDERR  ] 2018-11-04T03:32:09.855441049Z: [    2.433072] ima: No TPM chip found, activating TPM-bypass! (rc=-19)
[STDERR  ] 2018-11-04T03:32:09.855453508Z: [    2.439415] ima: Allocated hash algorithm: sha256
[STDERR  ] 2018-11-04T03:32:09.855465648Z: [    2.444103] evm: HMAC attrs: 0x1
[STDERR  ] 2018-11-04T03:32:09.855478036Z: [    2.449637] rtc_cmos 00:00: setting system clock to 2018-11-04 03:32:07 UTC (1541302327)
[STDERR  ] 2018-11-04T03:32:09.855492865Z: [    2.458057] ata5: SATA link down (SStatus 0 SControl 300)
[STDERR  ] 2018-11-04T03:32:09.855504708Z: [    2.464188] ata4: SATA link down (SStatus 0 SControl 300)
[STDERR  ] 2018-11-04T03:32:09.855517122Z: [    2.470248] ata6: SATA link down (SStatus 0 SControl 300)
[STDERR  ] 2018-11-04T03:32:09.855537543Z: [    2.476401] ata3: SATA link up 1.5 Gbps (SStatus 113 SControl 300)
[STDERR  ] 2018-11-04T03:32:09.855574138Z: [    2.483385] ata2: SATA link down (SStatus 0 SControl 300)
[STDERR  ] 2018-11-04T03:32:09.855586972Z: [    2.489493] ata1: SATA link down (SStatus 0 SControl 300)
[STDERR  ] 2018-11-04T03:32:09.855599714Z: [    2.496750] ata3.00: ATAPI: QEMU DVD-ROM, 2.5+, max UDMA/100
[STDERR  ] 2018-11-04T03:32:09.855611811Z: [    2.502366] ata3.00: applying bridge limits
[STDERR  ] 2018-11-04T03:32:09.855628266Z: [    2.507121] ata3.00: configured for UDMA/100
[STDERR  ] 2018-11-04T03:32:09.855640998Z: [    2.512552] scsi 2:0:0:0: CD-ROM            QEMU     QEMU DVD-ROM     2.5+ PQ: 0 ANSI: 5
[STDERR  ] 2018-11-04T03:32:09.855659609Z: [    2.536000] sr 2:0:0:0: [sr0] scsi3-mmc drive: 4x/4x cd/rw xa/form2 tray
[STDERR  ] 2018-11-04T03:32:09.855671982Z: [    2.542524] cdrom: Uniform CD-ROM driver Revision: 3.20
[STDERR  ] 2018-11-04T03:32:09.855685989Z: [    2.548194] sr 2:0:0:0: Attached scsi generic sg0 type 5
[STDERR  ] 2018-11-04T03:32:09.855698269Z: [    2.555597] Freeing unused kernel memory: 1512K
[STDERR  ] 2018-11-04T03:32:09.855713005Z: [    2.562102] Write protecting the kernel read-only data: 18432k
[STDERR  ] 2018-11-04T03:32:09.855733399Z: [    2.568787] Freeing unused kernel memory: 2024K
[STDERR  ] 2018-11-04T03:32:09.855746880Z: [    2.576198] Freeing unused kernel memory: 1132K
[STDERR  ] 2018-11-04T03:32:09.855758526Z: 
[STDERR  ] 2018-11-04T03:32:09.855788761Z: Welcome to LinuxKit
[STDERR  ] 2018-11-04T03:32:09.855802061Z: 
[STDERR  ] 2018-11-04T03:32:09.855814218Z:                         ##         .
[STDERR  ] 2018-11-04T03:32:09.855826778Z:                   ## ## ##        ==
[STDERR  ] 2018-11-04T03:32:09.855838730Z:                ## ## ## ## ##    ===
[STDERR  ] 2018-11-04T03:32:09.855850869Z:            /"""""""""""""""""\___/ ===
[STDERR  ] 2018-11-04T03:32:09.855863137Z:           {                       /  ===-
[STDERR  ] 2018-11-04T03:32:09.855875158Z:            \______ O           __/
[STDERR  ] 2018-11-04T03:32:09.855887177Z:              \    \         __/
[STDERR  ] 2018-11-04T03:32:09.855899265Z:               \____\_______/
[STDERR  ] 2018-11-04T03:32:09.855919584Z: 
[STDERR  ] 2018-11-04T03:32:09.855932806Z: [34mINFO[0m[2018-11-04T03:32:07.106335792Z] starting containerd                           [34mrevision[0m=c4446665cb9c30056f4998ed953e6d4ff22c7c39 [34mversion[0m=v1.2.0
[STDERR  ] 2018-11-04T03:32:09.855946610Z: [34mINFO[0m[2018-11-04T03:32:07.116488261Z] loading plugin "io.containerd.content.v1.content"...  [34mtype[0m=io.containerd.content.v1
[STDERR  ] 2018-11-04T03:32:09.855961088Z: [34mINFO[0m[2018-11-04T03:32:07.124637589Z] loading plugin "io.containerd.snapshotter.v1.btrfs"...  [34mtype[0m=io.containerd.snapshotter.v1
[STDERR  ] 2018-11-04T03:32:09.855973497Z: [33mWARN[0m[2018-11-04T03:32:07.133216385Z] failed to load plugin io.containerd.snapshotter.v1.btrfs  [33merror[0m="path /var/lib/containerd/io.containerd.snapshotter.v1.btrfs must be a btrfs filesystem to be used with the btrfs snapshotter"
[STDERR  ] 2018-11-04T03:32:09.855991695Z: [34mINFO[0m[2018-11-04T03:32:07.146642151Z] loading plugin "io.containerd.snapshotter.v1.aufs"...  [34mtype[0m=io.containerd.snapshotter.v1
[STDERR  ] 2018-11-04T03:32:09.856004794Z: [33mWARN[0m[2018-11-04T03:32:07.157159562Z] failed to load plugin io.containerd.snapshotter.v1.aufs  [33merror[0m="modprobe aufs failed: "modprobe: module aufs not found in modules.dep\n": exit status 1"
[STDERR  ] 2018-11-04T03:32:09.856026366Z: [34mINFO[0m[2018-11-04T03:32:07.168978643Z] loading plugin "io.containerd.snapshotter.v1.native"...  [34mtype[0m=io.containerd.snapshotter.v1
[STDERR  ] 2018-11-04T03:32:09.856038745Z: [34mINFO[0m[2018-11-04T03:32:07.177681507Z] loading plugin "io.containerd.snapshotter.v1.overlayfs"...  [34mtype[0m=io.containerd.snapshotter.v1
[STDERR  ] 2018-11-04T03:32:09.856051057Z: [34mINFO[0m[2018-11-04T03:32:07.186315906Z] loading plugin "io.containerd.snapshotter.v1.zfs"...  [34mtype[0m=io.containerd.snapshotter.v1
[STDERR  ] 2018-11-04T03:32:09.856066430Z: [33mWARN[0m[2018-11-04T03:32:07.194664000Z] failed to load plugin io.containerd.snapshotter.v1.zfs  [33merror[0m="path /var/lib/containerd/io.containerd.snapshotter.v1.zfs must be a zfs filesystem to be used with the zfs snapshotter"
[STDERR  ] 2018-11-04T03:32:09.856085620Z: [34mINFO[0m[2018-11-04T03:32:07.207639441Z] loading plugin "io.containerd.metadata.v1.bolt"...  [34mtype[0m=io.containerd.metadata.v1
[STDERR  ] 2018-11-04T03:32:09.856107147Z: [33mWARN[0m[2018-11-04T03:32:07.215440215Z] could not use snapshotter btrfs in metadata plugin  [33merror[0m="path /var/lib/containerd/io.containerd.snapshotter.v1.btrfs must be a btrfs filesystem to be used with the btrfs snapshotter"
[STDERR  ] 2018-11-04T03:32:09.856128666Z: [33mWARN[0m[2018-11-04T03:32:07.228446028Z] could not use snapshotter aufs in metadata plugin  [33merror[0m="modprobe aufs failed: "modprobe: module aufs not found in modules.dep\n": exit status 1"
[STDERR  ] 2018-11-04T03:32:09.856141849Z: [33mWARN[0m[2018-11-04T03:32:07.239604172Z] could not use snapshotter zfs in metadata plugin  [33merror[0m="path /var/lib/containerd/io.containerd.snapshotter.v1.zfs must be a zfs filesystem to be used with the zfs snapshotter"
[STDERR  ] 2018-11-04T03:32:09.856154622Z: [34mINFO[0m[2018-11-04T03:32:07.252405431Z] loading plugin "io.containerd.differ.v1.walking"...  [34mtype[0m=io.containerd.differ.v1
[STDERR  ] 2018-11-04T03:32:09.856167273Z: [34mINFO[0m[2018-11-04T03:32:07.260205978Z] loading plugin "io.containerd.gc.v1.scheduler"...  [34mtype[0m=io.containerd.gc.v1
[STDERR  ] 2018-11-04T03:32:09.856187671Z: [34mINFO[0m[2018-11-04T03:32:07.267814142Z] loading plugin "io.containerd.service.v1.containers-service"...  [34mtype[0m=io.containerd.service.v1
[STDERR  ] 2018-11-04T03:32:09.856199572Z: [34mINFO[0m[2018-11-04T03:32:07.276289093Z] loading plugin "io.containerd.service.v1.content-service"...  [34mtype[0m=io.containerd.service.v1
[STDERR  ] 2018-11-04T03:32:09.856213064Z: [34mINFO[0m[2018-11-04T03:32:07.284859058Z] loading plugin "io.containerd.service.v1.diff-service"...  [34mtype[0m=io.containerd.service.v1
[STDERR  ] 2018-11-04T03:32:09.856225938Z: [34mINFO[0m[2018-11-04T03:32:07.293226814Z] loading plugin "io.containerd.service.v1.images-service"...  [34mtype[0m=io.containerd.service.v1
[STDERR  ] 2018-11-04T03:32:09.856238670Z: [34mINFO[0m[2018-11-04T03:32:07.301699317Z] loading plugin "io.containerd.service.v1.leases-service"...  [34mtype[0m=io.containerd.service.v1
[STDERR  ] 2018-11-04T03:32:09.856252308Z: [34mINFO[0m[2018-11-04T03:32:07.310166169Z] loading plugin "io.containerd.service.v1.namespaces-service"...  [34mtype[0m=io.containerd.service.v1
[STDERR  ] 2018-11-04T03:32:09.856264264Z: [34mINFO[0m[2018-11-04T03:32:07.318715886Z] loading plugin "io.containerd.service.v1.snapshots-service"...  [34mtype[0m=io.containerd.service.v1
[STDERR  ] 2018-11-04T03:32:09.856279687Z: [34mINFO[0m[2018-11-04T03:32:07.327141835Z] loading plugin "io.containerd.runtime.v1.linux"...  [34mtype[0m=io.containerd.runtime.v1
[STDERR  ] 2018-11-04T03:32:09.856303163Z: [34mINFO[0m[2018-11-04T03:32:07.335278166Z] loading plugin "io.containerd.runtime.v2.task"...  [34mtype[0m=io.containerd.runtime.v2
[STDERR  ] 2018-11-04T03:32:09.856315440Z: [34mINFO[0m[2018-11-04T03:32:07.343195371Z] loading plugin "io.containerd.monitor.v1.cgroups"...  [34mtype[0m=io.containerd.monitor.v1
[STDERR  ] 2018-11-04T03:32:09.856327647Z: [34mINFO[0m[2018-11-04T03:32:07.351669026Z] loading plugin "io.containerd.service.v1.tasks-service"...  [34mtype[0m=io.containerd.service.v1
[STDERR  ] 2018-11-04T03:32:09.856340259Z: [34mINFO[0m[2018-11-04T03:32:07.360028755Z] loading plugin "io.containerd.internal.v1.restart"...  [34mtype[0m=io.containerd.internal.v1
[STDERR  ] 2018-11-04T03:32:09.856351562Z: [34mINFO[0m[2018-11-04T03:32:07.368109111Z] loading plugin "io.containerd.grpc.v1.containers"...  [34mtype[0m=io.containerd.grpc.v1
[STDERR  ] 2018-11-04T03:32:09.856363306Z: [34mINFO[0m[2018-11-04T03:32:07.375939627Z] loading plugin "io.containerd.grpc.v1.content"...  [34mtype[0m=io.containerd.grpc.v1
[STDERR  ] 2018-11-04T03:32:09.856379496Z: [34mINFO[0m[2018-11-04T03:32:07.383972815Z] loading plugin "io.containerd.grpc.v1.diff"...  [34mtype[0m=io.containerd.grpc.v1
[STDERR  ] 2018-11-04T03:32:09.856397702Z: [34mINFO[0m[2018-11-04T03:32:07.391798346Z] loading plugin "io.containerd.grpc.v1.events"...  [34mtype[0m=io.containerd.grpc.v1
[STDERR  ] 2018-11-04T03:32:09.856415804Z: [34mINFO[0m[2018-11-04T03:32:07.399368083Z] loading plugin "io.containerd.grpc.v1.healthcheck"...  [34mtype[0m=io.containerd.grpc.v1
[STDERR  ] 2018-11-04T03:32:09.856428033Z: [34mINFO[0m[2018-11-04T03:32:07.407297968Z] loading plugin "io.containerd.grpc.v1.images"...  [34mtype[0m=io.containerd.grpc.v1
[STDERR  ] 2018-11-04T03:32:09.856440119Z: [34mINFO[0m[2018-11-04T03:32:07.415020536Z] loading plugin "io.containerd.grpc.v1.leases"...  [34mtype[0m=io.containerd.grpc.v1
[STDERR  ] 2018-11-04T03:32:09.856451818Z: [34mINFO[0m[2018-11-04T03:32:07.422598969Z] loading plugin "io.containerd.grpc.v1.namespaces"...  [34mtype[0m=io.containerd.grpc.v1
[STDERR  ] 2018-11-04T03:32:09.856466430Z: [34mINFO[0m[2018-11-04T03:32:07.430392000Z] loading plugin "io.containerd.internal.v1.opt"...  [34mtype[0m=io.containerd.internal.v1
[STDERR  ] 2018-11-04T03:32:09.856478765Z: [33mWARN[0m[2018-11-04T03:32:07.438237900Z] failed to load plugin io.containerd.internal.v1.opt  [33merror[0m="mkdir /opt: read-only file system"
[STDERR  ] 2018-11-04T03:32:09.856495185Z: [34mINFO[0m[2018-11-04T03:32:07.446780671Z] loading plugin "io.containerd.grpc.v1.snapshots"...  [34mtype[0m=io.containerd.grpc.v1
[STDERR  ] 2018-11-04T03:32:09.856507776Z: [34mINFO[0m[2018-11-04T03:32:07.454503517Z] loading plugin "io.containerd.grpc.v1.tasks"...  [34mtype[0m=io.containerd.grpc.v1
[STDERR  ] 2018-11-04T03:32:09.856520000Z: [34mINFO[0m[2018-11-04T03:32:07.462151372Z] loading plugin "io.containerd.grpc.v1.version"...  [34mtype[0m=io.containerd.grpc.v1
[STDERR  ] 2018-11-04T03:32:09.856532215Z: [34mINFO[0m[2018-11-04T03:32:07.469797422Z] loading plugin "io.containerd.grpc.v1.introspection"...  [34mtype[0m=io.containerd.grpc.v1
[STDERR  ] 2018-11-04T03:32:09.856552270Z: [34mINFO[0m[2018-11-04T03:32:07.478048574Z] serving...                                    [34maddress[0m="/run/containerd/debug.sock"
[STDERR  ] 2018-11-04T03:32:09.856589383Z: [34mINFO[0m[2018-11-04T03:32:07.486130755Z] serving...                                    [34maddress[0m="/run/containerd/containerd.sock"
[STDERR  ] 2018-11-04T03:32:09.856603933Z: [34mINFO[0m[2018-11-04T03:32:07.494989705Z] containerd successfully booted in 0.389092s  
[STDERR  ] 2018-11-04T03:32:09.856616383Z: [34mINFO[0m[2018-11-04T03:32:07.539871938Z] shim containerd-shim started                  [34maddress[0m="/containerd-shim/services.linuxkit/check-the-logs/shim.sock" [34mdebug[0m=false [34mpid[0m=271
[STDERR  ] 2018-11-04T03:32:09.856629596Z: [34mINFO[0m[2018-11-04T03:32:07.648267480Z] shim containerd-shim started                  [34maddress[0m="/containerd-shim/services.linuxkit/fill-the-logs/shim.sock" [34mdebug[0m=false [34mpid[0m=317
[STDERR  ] 2018-11-04T03:32:09.856642314Z: [34mINFO[0m[2018-11-04T03:32:07.798163669Z] shim containerd-shim started                  [34maddress[0m="/containerd-shim/services.linuxkit/write-and-rotate-logs/shim.sock" [34mdebug[0m=false [34mpid[0m=422
[STDERR  ] 2018-11-04T03:32:09.856654463Z: logwrite test suite PASSED
[STDERR  ] 2018-11-04T03:32:09.856667468Z: [    4.620490] ACPI: Preparing to enter system sleep state S5
[STDERR  ] 2018-11-04T03:32:09.856685792Z: [    4.635767] reboot: Power down
[STDERR  ] 2018-11-04T03:32:09.856697767Z: + echo [    0.000000] Linux version 4.14.78-linuxkit (root@6498675588d7) (gcc version 6.4.0 (Alpine 6.4.0)) #1 SMP Sat Oct 27 12:23:29 UTC 2018
[STDERR  ] 2018-11-04T03:32:09.856709928Z: [    0.000000] Command line: console=ttyS0 console=ttyAMA0
[STDERR  ] 2018-11-04T03:32:09.856722329Z: [    0.000000] x86/fpu: x87 FPU will use FXSAVE
[STDERR  ] 2018-11-04T03:32:09.856739423Z: [    0.000000] e820: BIOS-provided physical RAM map:
[STDERR  ] 2018-11-04T03:32:09.856759503Z: [    0.000000] BIOS-e820: [mem 0x0000000000000000-0x000000000009fbff] usable
[STDERR  ] 2018-11-04T03:32:09.856771573Z: [    0.000000] BIOS-e820: [mem 0x000000000009fc00-0x000000000009ffff] reserved
[STDERR  ] 2018-11-04T03:32:09.856798513Z: [    0.000000] BIOS-e820: [mem 0x00000000000f0000-0x00000000000fffff] reserved
[STDERR  ] 2018-11-04T03:32:09.856811103Z: [    0.000000] BIOS-e820: [mem 0x0000000000100000-0x000000003ffdefff] usable
[STDERR  ] 2018-11-04T03:32:09.856830217Z: [    0.000000] BIOS-e820: [mem 0x000000003ffdf000-0x000000003fffffff] reserved
[STDERR  ] 2018-11-04T03:32:09.856845569Z: [    0.000000] BIOS-e820: [mem 0x00000000b0000000-0x00000000bfffffff] reserved
[STDERR  ] 2018-11-04T03:32:09.856857628Z: [    0.000000] BIOS-e820: [mem 0x00000000fed1c000-0x00000000fed1ffff] reserved
[STDERR  ] 2018-11-04T03:32:09.856869709Z: [    0.000000] BIOS-e820: [mem 0x00000000feffc000-0x00000000feffffff] reserved
[STDERR  ] 2018-11-04T03:32:09.856882019Z: [    0.000000] BIOS-e820: [mem 0x00000000fffc0000-0x00000000ffffffff] reserved
[STDERR  ] 2018-11-04T03:32:09.856896709Z: [    0.000000] NX (Execute Disable) protection: active
[STDERR  ] 2018-11-04T03:32:09.856909454Z: [    0.000000] SMBIOS 2.8 present.
[STDERR  ] 2018-11-04T03:32:09.856929725Z: [    0.000000] DMI: QEMU Standard PC (Q35 + ICH9, 2009), BIOS 1.10.2-1 04/01/2014
[STDERR  ] 2018-11-04T03:32:09.856941492Z: [    0.000000] Hypervisor detected: KVM
[STDERR  ] 2018-11-04T03:32:09.856953475Z: [    0.000000] tsc: Fast TSC calibration failed
[STDERR  ] 2018-11-04T03:32:09.856965666Z: [    0.000000] tsc: Unable to calibrate against PIT
[STDERR  ] 2018-11-04T03:32:09.856978103Z: [    0.000000] tsc: No reference (HPET/PMTIMER) available
[STDERR  ] 2018-11-04T03:32:09.856991055Z: [    0.000000] e820: last_pfn = 0x3ffdf max_arch_pfn = 0x400000000
[STDERR  ] 2018-11-04T03:32:09.857003282Z: [    0.000000] x86/PAT: PAT not supported by CPU.
[STDERR  ] 2018-11-04T03:32:09.857015026Z: [    0.000000] x86/PAT: Configuration [0-7]: WB  WT  UC- UC  WB  WT  UC- UC  
[STDERR  ] 2018-11-04T03:32:09.857026490Z: [    0.000000] found SMP MP-table at [mem 0x000f6a90-0x000f6a9f] mapped at [ffffffffff200a90]
[STDERR  ] 2018-11-04T03:32:09.857046965Z: [    0.000000] RAMDISK: [mem 0x3cf1c000-0x3ffcffff]
[STDERR  ] 2018-11-04T03:32:09.857058852Z: [    0.000000] ACPI: Early table checksum verification disabled
[STDERR  ] 2018-11-04T03:32:09.857071090Z: [    0.000000] ACPI: RSDP 0x00000000000F68D0 000014 (v00 BOCHS )
[STDERR  ] 2018-11-04T03:32:09.857083532Z: [    0.000000] ACPI: RSDT 0x000000003FFE2404 000034 (v01 BOCHS  BXPCRSDT 00000001 BXPC 00000001)
[STDERR  ] 2018-11-04T03:32:09.857095665Z: [    0.000000] ACPI: FACP 0x000000003FFE22A4 000074 (v01 BOCHS  BXPCFACP 00000001 BXPC 00000001)
[STDERR  ] 2018-11-04T03:32:09.857119098Z: [    0.000000] ACPI: DSDT 0x000000003FFE0040 002264 (v01 BOCHS  BXPCDSDT 00000001 BXPC 00000001)
[STDERR  ] 2018-11-04T03:32:09.857131306Z: [    0.000000] ACPI: FACS 0x000000003FFE0000 000040
[STDERR  ] 2018-11-04T03:32:09.857143598Z: [    0.000000] ACPI: APIC 0x000000003FFE2318 000078 (v01 BOCHS  BXPCAPIC 00000001 BXPC 00000001)
[STDERR  ] 2018-11-04T03:32:09.857161062Z: [    0.000000] ACPI: HPET 0x000000003FFE2390 000038 (v01 BOCHS  BXPCHPET 00000001 BXPC 00000001)
[STDERR  ] 2018-11-04T03:32:09.857173723Z: [    0.000000] ACPI: MCFG 0x000000003FFE23C8 00003C (v01 BOCHS  BXPCMCFG 00000001 BXPC 00000001)
[STDERR  ] 2018-11-04T03:32:09.857185728Z: [    0.000000] kvm-clock: Using msrs 4b564d01 and 4b564d00
[STDERR  ] 2018-11-04T03:32:09.857197549Z: [    0.000000] kvm-clock: cpu 0, msr 0:3ffdd001, primary cpu clock
[STDERR  ] 2018-11-04T03:32:09.857209978Z: [    0.000000] clocksource: kvm-clock: mask: 0xffffffffffffffff max_cycles: 0x1cd42e4dffb, max_idle_ns: 881590591483 ns
[STDERR  ] 2018-11-04T03:32:09.857222539Z: [    0.000000] Zone ranges:
[STDERR  ] 2018-11-04T03:32:09.857235175Z: [    0.000000]   DMA      [mem 0x0000000000001000-0x0000000000ffffff]
[STDERR  ] 2018-11-04T03:32:09.857251479Z: [    0.000000]   DMA32    [mem 0x0000000001000000-0x000000003ffdefff]
[STDERR  ] 2018-11-04T03:32:09.857263238Z: [    0.000000]   Normal   empty
[STDERR  ] 2018-11-04T03:32:09.857275149Z: [    0.000000]   Device   empty
[STDERR  ] 2018-11-04T03:32:09.857296674Z: [    0.000000] Movable zone start for each node
[STDERR  ] 2018-11-04T03:32:09.857315439Z: [    0.000000] Early memory node ranges
[STDERR  ] 2018-11-04T03:32:09.857327571Z: [    0.000000]   node   0: [mem 0x0000000000001000-0x000000000009efff]
[STDERR  ] 2018-11-04T03:32:09.857341686Z: [    0.000000]   node   0: [mem 0x0000000000100000-0x000000003ffdefff]
[STDERR  ] 2018-11-04T03:32:09.857353852Z: [    0.000000] Initmem setup node 0 [mem 0x0000000000001000-0x000000003ffdefff]
[STDERR  ] 2018-11-04T03:32:09.857365260Z: [    0.000000] ACPI: PM-Timer IO Port: 0x608
[STDERR  ] 2018-11-04T03:32:09.857377262Z: [    0.000000] ACPI: LAPIC_NMI (acpi_id[0xff] dfl dfl lint[0x1])
[STDERR  ] 2018-11-04T03:32:09.857392199Z: [    0.000000] IOAPIC[0]: apic_id 0, version 17, address 0xfec00000, GSI 0-23
[STDERR  ] 2018-11-04T03:32:09.857404189Z: [    0.000000] ACPI: INT_SRC_OVR (bus 0 bus_irq 0 global_irq 2 dfl dfl)
[STDERR  ] 2018-11-04T03:32:09.857416176Z: [    0.000000] ACPI: INT_SRC_OVR (bus 0 bus_irq 5 global_irq 5 high level)
[STDERR  ] 2018-11-04T03:32:09.857437732Z: [    0.000000] ACPI: INT_SRC_OVR (bus 0 bus_irq 9 global_irq 9 high level)
[STDERR  ] 2018-11-04T03:32:09.857451861Z: [    0.000000] ACPI: INT_SRC_OVR (bus 0 bus_irq 10 global_irq 10 high level)
[STDERR  ] 2018-11-04T03:32:09.857463745Z: [    0.000000] ACPI: INT_SRC_OVR (bus 0 bus_irq 11 global_irq 11 high level)
[STDERR  ] 2018-11-04T03:32:09.857475270Z: [    0.000000] Using ACPI (MADT) for SMP configuration information
[STDERR  ] 2018-11-04T03:32:09.857496191Z: [    0.000000] ACPI: HPET id: 0x8086a201 base: 0xfed00000
[STDERR  ] 2018-11-04T03:32:09.857508491Z: [    0.000000] smpboot: Allowing 1 CPUs, 0 hotplug CPUs
[STDERR  ] 2018-11-04T03:32:09.857520293Z: [    0.000000] e820: [mem 0x40000000-0xafffffff] available for PCI devices
[STDERR  ] 2018-11-04T03:32:09.857532505Z: [    0.000000] Booting paravirtualized kernel on KVM
[STDERR  ] 2018-11-04T03:32:09.857552252Z: [    0.000000] clocksource: refined-jiffies: mask: 0xffffffff max_cycles: 0xffffffff, max_idle_ns: 1910969940391419 ns
[STDOUT  ] 2018-11-04T03:32:09.852343965Z: [    2.059335] ahci 0000:00:1f.2: flags: 64bit ncq only 
[STDOUT  ] 2018-11-04T03:32:09.857905258Z: [    2.068329] scsi host0: ahci
[STDOUT  ] 2018-11-04T03:32:09.857916299Z: [    2.071437] scsi host1: ahci
[STDOUT  ] 2018-11-04T03:32:09.857925031Z: [    2.074562] scsi host2: ahci
[STDOUT  ] 2018-11-04T03:32:09.857934312Z: [    2.077594] scsi host3: ahci
[STDOUT  ] 2018-11-04T03:32:09.857943505Z: [    2.080537] scsi host4: ahci
[STDOUT  ] 2018-11-04T03:32:09.857952805Z: [    2.083484] scsi host5: ahci
[STDOUT  ] 2018-11-04T03:32:09.857963488Z: [    2.086759] ata1: SATA max UDMA/133 abar m4096@0xfebd2000 port 0xfebd2100 irq 24
[STDOUT  ] 2018-11-04T03:32:09.857972970Z: [    2.093932] ata2: SATA max UDMA/133 abar m4096@0xfebd2000 port 0xfebd2180 irq 24
[STDOUT  ] 2018-11-04T03:32:09.857981637Z: [    2.101202] ata3: SATA max UDMA/133 abar m4096@0xfebd2000 port 0xfebd2200 irq 24
[STDOUT  ] 2018-11-04T03:32:09.858001950Z: [    2.108404] ata4: SATA max UDMA/133 abar m4096@0xfebd2000 port 0xfebd2280 irq 24
[STDOUT  ] 2018-11-04T03:32:09.858016274Z: [    2.115612] ata5: SATA max UDMA/133 abar m4096@0xfebd2000 port 0xfebd2300 irq 24
[STDOUT  ] 2018-11-04T03:32:09.858025311Z: [    2.122756] ata6: SATA max UDMA/133 abar m4096@0xfebd2000 port 0xfebd2380 irq 24
[STDOUT  ] 2018-11-04T03:32:09.858034836Z: [    2.130755] tun: Universal TUN/TAP device driver, 1.6
[STDOUT  ] 2018-11-04T03:32:09.858044136Z: [    2.142442] VMware vmxnet3 virtual NIC driver - version 1.4.a.0-k-NAPI
[STDOUT  ] 2018-11-04T03:32:09.858053108Z: [    2.148906] hv_vmbus: registering driver hv_netvsc
[STDOUT  ] 2018-11-04T03:32:09.858062417Z: [    2.153591] Fusion MPT base driver 3.04.20
[STDOUT  ] 2018-11-04T03:32:09.858077298Z: [    2.157603] Copyright (c) 1999-2008 LSI Corporation
[STDOUT  ] 2018-11-04T03:32:09.858086943Z: [    2.162370] Fusion MPT SPI Host driver 3.04.20
[STDOUT  ] 2018-11-04T03:32:09.858100198Z: [    2.166820] i8042: PNP: PS/2 Controller [PNP0303:KBD,PNP0f13:MOU] at 0x60,0x64 irq 1,12
[STDOUT  ] 2018-11-04T03:32:09.858109603Z: [    2.178645] serio: i8042 KBD port at 0x60,0x64 irq 1
[STDOUT  ] 2018-11-04T03:32:09.858119901Z: [    2.183555] serio: i8042 AUX port at 0x60,0x64 irq 12
[STDOUT  ] 2018-11-04T03:32:09.858129959Z: [    2.188592] hv_vmbus: registering driver hyperv_keyboard
[STDOUT  ] 2018-11-04T03:32:09.858140126Z: [    2.193778] mousedev: PS/2 mouse device common for all mice
[STDOUT  ] 2018-11-04T03:32:09.858149138Z: [    2.200588] input: AT Translated Set 2 keyboard as /devices/platform/i8042/serio0/input/input1
[STDOUT  ] 2018-11-04T03:32:09.858157458Z: [    2.208889] input: PC Speaker as /devices/platform/pcspkr/input/input2
[STDOUT  ] 2018-11-04T03:32:09.858165806Z: [    2.215508] rtc_cmos 00:00: RTC can wake from S4
[STDOUT  ] 2018-11-04T03:32:09.858177087Z: [    2.222537] rtc_cmos 00:00: rtc core: registered rtc_cmos as rtc0
[STDOUT  ] 2018-11-04T03:32:09.858186632Z: [    2.229341] rtc_cmos 00:00: alarms up to one day, y3k, 114 bytes nvram, hpet irqs
[STDOUT  ] 2018-11-04T03:32:09.858195397Z: [    2.236560] i2c /dev entries driver
[STDOUT  ] 2018-11-04T03:32:09.858204416Z: [    2.240214] device-mapper: ioctl: 4.37.0-ioctl (2017-09-20) initialised: dm-devel@redhat.com
[STDOUT  ] 2018-11-04T03:32:09.858216358Z: [    2.249285] usbcore: registered new interface driver usbhid
[STDOUT  ] 2018-11-04T03:32:09.858225363Z: [    2.254719] usbhid: USB HID core driver
[STDOUT  ] 2018-11-04T03:32:09.858234322Z: [    2.258525] hv_utils: Registering HyperV Utility Driver
[STDOUT  ] 2018-11-04T03:32:09.858243496Z: [    2.263595] hv_vmbus: registering driver hv_util
[STDOUT  ] 2018-11-04T03:32:09.858251482Z: [    2.268042] hv_vmbus: registering driver hv_balloon
[STDOUT  ] 2018-11-04T03:32:09.858262382Z: [    2.272782] oprofile: using NMI interrupt.
[STDOUT  ] 2018-11-04T03:32:09.858271173Z: [    2.276862] GACT probability on
[STDOUT  ] 2018-11-04T03:32:09.858280505Z: [    2.279932] Mirror/redirect action on
[STDOUT  ] 2018-11-04T03:32:09.858289016Z: [    2.283529] Simple TC action Loaded
[STDOUT  ] 2018-11-04T03:32:09.858298140Z: [    2.286966] u32 classifier
[STDOUT  ] 2018-11-04T03:32:09.858307922Z: [    2.289643]     Performance counters on
[STDOUT  ] 2018-11-04T03:32:09.858316924Z: [    2.293475]     input device check on
[STDOUT  ] 2018-11-04T03:32:09.858325620Z: [    2.297072]     Actions configured
[STDOUT  ] 2018-11-04T03:32:09.858334346Z: [    2.300410] Netfilter messages via NETLINK v0.30.
[STDOUT  ] 2018-11-04T03:32:09.858343264Z: [    2.305012] nfnl_acct: registering with nfnetlink.
[STDOUT  ] 2018-11-04T03:32:09.858351459Z: [    2.309859] nf_conntrack version 0.5.0 (8192 buckets, 32768 max)
[STDOUT  ] 2018-11-04T03:32:09.858360539Z: [    2.315686] ctnetlink v0.93: registering with nfnetlink.
[STDOUT  ] 2018-11-04T03:32:09.858372166Z: [    2.320987] nf_tables: (c) 2007-2009 Patrick McHardy <kaber@trash.net>
[STDOUT  ] 2018-11-04T03:32:09.858381064Z: [    2.327350] nf_tables_compat: (c) 2012 Pablo Neira Ayuso <pablo@netfilter.org>
[STDOUT  ] 2018-11-04T03:32:09.858389927Z: [    2.334408] xt_time: kernel timezone is -0000
[STDOUT  ] 2018-11-04T03:32:09.858398886Z: [    2.338665] ip_set: protocol 6
[STDOUT  ] 2018-11-04T03:32:09.858408237Z: [    2.341795] ipip: IPv4 and MPLS over IPv4 tunneling driver
[STDOUT  ] 2018-11-04T03:32:09.858417121Z: [    2.347593] gre: GRE over IPv4 demultiplexor driver
[STDOUT  ] 2018-11-04T03:32:09.858425878Z: [    2.352752] ip_tables: (C) 2000-2006 Netfilter Core Team
[STDOUT  ] 2018-11-04T03:32:09.858437587Z: [    2.358285] arp_tables: arp_tables: (C) 2002 David S. Miller
[STDOUT  ] 2018-11-04T03:32:09.858446067Z: [    2.364122] NET: Registered protocol family 10
[STDOUT  ] 2018-11-04T03:32:09.858454296Z: [    2.368930] Segment Routing with IPv6
[STDOUT  ] 2018-11-04T03:32:09.858466741Z: [    2.372917] ip6_tables: (C) 2000-2006 Netfilter Core Team
[STDOUT  ] 2018-11-04T03:32:09.858474823Z: [    2.378650] NET: Registered protocol family 17
[STDOUT  ] 2018-11-04T03:32:09.858488036Z: [    2.383093] Bridge firewalling registered
[STDOUT  ] 2018-11-04T03:32:09.858496031Z: [    2.387238] 8021q: 802.1Q VLAN Support v1.8
[STDOUT  ] 2018-11-04T03:32:09.858504626Z: [    2.391411] 9pnet: Installing 9P2000 support
[STDOUT  ] 2018-11-04T03:32:09.858512776Z: [    2.395865] Key type dns_resolver registered
[STDOUT  ] 2018-11-04T03:32:09.858520799Z: [    2.400307] registered taskstats version 1
[STDOUT  ] 2018-11-04T03:32:09.858528933Z: [    2.412858] Key type big_key registered
[STDOUT  ] 2018-11-04T03:32:09.858538711Z: [    2.420754] Key type trusted registered
[STDOUT  ] 2018-11-04T03:32:09.858559972Z: [    2.428755] Key type encrypted registered
[STDOUT  ] 2018-11-04T03:32:09.858568419Z: [    2.433072] ima: No TPM chip found, activating TPM-bypass! (rc=-19)
[STDOUT  ] 2018-11-04T03:32:09.858576944Z: [    2.439415] ima: Allocated hash algorithm: sha256
[STDOUT  ] 2018-11-04T03:32:09.858584833Z: [    2.444103] evm: HMAC attrs: 0x1
[STDOUT  ] 2018-11-04T03:32:09.858593607Z: [    2.449637] rtc_cmos 00:00: setting system clock to 2018-11-04 03:32:07 UTC (1541302327)
[STDOUT  ] 2018-11-04T03:32:09.858602133Z: [    2.458057] ata5: SATA link down (SStatus 0 SControl 300)
[STDOUT  ] 2018-11-04T03:32:09.858610619Z: [    2.464188] ata4: SATA link down (SStatus 0 SControl 300)
[STDOUT  ] 2018-11-04T03:32:09.858619053Z: [    2.470248] ata6: SATA link down (SStatus 0 SControl 300)
[STDOUT  ] 2018-11-04T03:32:09.858627227Z: [    2.476401] ata3: SATA link up 1.5 Gbps (SStatus 113 SControl 300)
[STDOUT  ] 2018-11-04T03:32:09.858635850Z: [    2.483385] ata2: SATA link down (SStatus 0 SControl 300)
[STDOUT  ] 2018-11-04T03:32:09.858644813Z: [    2.489493] ata1: SATA link down (SStatus 0 SControl 300)
[STDOUT  ] 2018-11-04T03:32:09.858652934Z: [    2.496750] ata3.00: ATAPI: QEMU DVD-ROM, 2.5+, max UDMA/100
[STDOUT  ] 2018-11-04T03:32:09.858674008Z: [    2.502366] ata3.00: applying bridge limits
[STDOUT  ] 2018-11-04T03:32:09.858683084Z: [    2.507121] ata3.00: configured for UDMA/100
[STDOUT  ] 2018-11-04T03:32:09.858691031Z: [    2.512552] scsi 2:0:0:0: CD-ROM            QEMU     QEMU DVD-ROM     2.5+ PQ: 0 ANSI: 5
[STDOUT  ] 2018-11-04T03:32:09.858699335Z: [    2.536000] sr 2:0:0:0: [sr0] scsi3-mmc drive: 4x/4x cd/rw xa/form2 tray
[STDOUT  ] 2018-11-04T03:32:09.858707921Z: [    2.542524] cdrom: Uniform CD-ROM driver Revision: 3.20
[STDOUT  ] 2018-11-04T03:32:09.858716787Z: [    2.548194] sr 2:0:0:0: Attached scsi generic sg0 type 5
[STDOUT  ] 2018-11-04T03:32:09.858725555Z: [    2.555597] Freeing unused kernel memory: 1512K
[STDOUT  ] 2018-11-04T03:32:09.858734024Z: [    2.562102] Write protecting the kernel read-only data: 18432k
[STDOUT  ] 2018-11-04T03:32:09.858742343Z: [    2.568787] Freeing unused kernel memory: 2024K
[STDOUT  ] 2018-11-04T03:32:09.858751015Z: [    2.576198] Freeing unused kernel memory: 1132K
[STDOUT  ] 2018-11-04T03:32:09.858759356Z: 
[STDOUT  ] 2018-11-04T03:32:09.858768392Z: Welcome to LinuxKit
[STDOUT  ] 2018-11-04T03:32:09.858789243Z: 
[STDOUT  ] 2018-11-04T03:32:09.858797313Z:                         ##         .
[STDOUT  ] 2018-11-04T03:32:09.858806643Z:                   ## ## ##        ==
[STDOUT  ] 2018-11-04T03:32:09.858815385Z:                ## ## ## ## ##    ===
[STDOUT  ] 2018-11-04T03:32:09.858823614Z:            /"""""""""""""""""\___/ ===
[STDOUT  ] 2018-11-04T03:32:09.858831481Z:           {                       /  ===-
[STDOUT  ] 2018-11-04T03:32:09.858839529Z:            \______ O           __/
[STDOUT  ] 2018-11-04T03:32:09.858855066Z:              \    \         __/
[STDOUT  ] 2018-11-04T03:32:09.858873034Z:               \____\_______/
[STDOUT  ] 2018-11-04T03:32:09.858890312Z: 
[STDOUT  ] 2018-11-04T03:32:09.858901040Z: [34mINFO[0m[2018-11-04T03:32:07.106335792Z] starting containerd                           [34mrevision[0m=c4446665cb9c30056f4998ed953e6d4ff22c7c39 [34mversion[0m=v1.2.0
[STDOUT  ] 2018-11-04T03:32:09.858916887Z: [34mINFO[0m[2018-11-04T03:32:07.116488261Z] loading plugin "io.containerd.content.v1.content"...  [34mtype[0m=io.containerd.content.v1
[STDOUT  ] 2018-11-04T03:32:09.858931760Z: [34mINFO[0m[2018-11-04T03:32:07.124637589Z] loading plugin "io.containerd.snapshotter.v1.btrfs"...  [34mtype[0m=io.containerd.snapshotter.v1
[STDOUT  ] 2018-11-04T03:32:09.858943837Z: [33mWARN[0m[2018-11-04T03:32:07.133216385Z] failed to load plugin io.containerd.snapshotter.v1.btrfs  [33merror[0m="path /var/lib/containerd/io.containerd.snapshotter.v1.btrfs must be a btrfs filesystem to be used with the btrfs snapshotter"
[STDOUT  ] 2018-11-04T03:32:09.858955252Z: [34mINFO[0m[2018-11-04T03:32:07.146642151Z] loading plugin "io.containerd.snapshotter.v1.aufs"...  [34mtype[0m=io.containerd.snapshotter.v1
[STDOUT  ] 2018-11-04T03:32:09.858967861Z: [33mWARN[0m[2018-11-04T03:32:07.157159562Z] failed to load plugin io.containerd.snapshotter.v1.aufs  [33merror[0m="modprobe aufs failed: "modprobe: module aufs not found in modules.dep
[STDOUT  ] 2018-11-04T03:32:09.858992721Z: ": exit status 1"
[STDOUT  ] 2018-11-04T03:32:09.859001843Z: [34mINFO[0m[2018-11-04T03:32:07.168978643Z] loading plugin "io.containerd.snapshotter.v1.native"...  [34mtype[0m=io.containerd.snapshotter.v1
[STDOUT  ] 2018-11-04T03:32:09.859010294Z: [34mINFO[0m[2018-11-04T03:32:07.177681507Z] loading plugin "io.containerd.snapshotter.v1.overlayfs"...  [34mtype[0m=io.containerd.snapshotter.v1
[STDOUT  ] 2018-11-04T03:32:09.859018769Z: [34mINFO[0m[2018-11-04T03:32:07.186315906Z] loading plugin "io.containerd.snapshotter.v1.zfs"...  [34mtype[0m=io.containerd.snapshotter.v1
[STDOUT  ] 2018-11-04T03:32:09.859027557Z: [33mWARN[0m[2018-11-04T03:32:07.194664000Z] failed to load plugin io.containerd.snapshotter.v1.zfs  [33merror[0m="path /var/lib/containerd/io.containerd.snapshotter.v1.zfs must be a zfs filesystem to be used with the zfs snapshotter"
[STDOUT  ] 2018-11-04T03:32:09.859038948Z: [34mINFO[0m[2018-11-04T03:32:07.207639441Z] loading plugin "io.containerd.metadata.v1.bolt"...  [34mtype[0m=io.containerd.metadata.v1
[STDOUT  ] 2018-11-04T03:32:09.859047283Z: [33mWARN[0m[2018-11-04T03:32:07.215440215Z] could not use snapshotter btrfs in metadata plugin  [33merror[0m="path /var/lib/containerd/io.containerd.snapshotter.v1.btrfs must be a btrfs filesystem to be used with the btrfs snapshotter"
[STDOUT  ] 2018-11-04T03:32:09.859055900Z: [33mWARN[0m[2018-11-04T03:32:07.228446028Z] could not use snapshotter aufs in metadata plugin  [33merror[0m="modprobe aufs failed: "modprobe: module aufs not found in modules.dep
[STDOUT  ] 2018-11-04T03:32:09.859064215Z: ": exit status 1"
[STDOUT  ] 2018-11-04T03:32:09.859072853Z: [33mWARN[0m[2018-11-04T03:32:07.239604172Z] could not use snapshotter zfs in metadata plugin  [33merror[0m="path /var/lib/containerd/io.containerd.snapshotter.v1.zfs must be a zfs filesystem to be used with the zfs snapshotter"
[STDOUT  ] 2018-11-04T03:32:09.859081406Z: [34mINFO[0m[2018-11-04T03:32:07.252405431Z] loading plugin "io.containerd.differ.v1.walking"...  [34mtype[0m=io.containerd.differ.v1
[STDOUT  ] 2018-11-04T03:32:09.859089928Z: [34mINFO[0m[2018-11-04T03:32:07.260205978Z] loading plugin "io.containerd.gc.v1.scheduler"...  [34mtype[0m=io.containerd.gc.v1
[STDOUT  ] 2018-11-04T03:32:09.859100836Z: [34mINFO[0m[2018-11-04T03:32:07.267814142Z] loading plugin "io.containerd.service.v1.containers-service"...  [34mtype[0m=io.containerd.service.v1
[STDOUT  ] 2018-11-04T03:32:09.859109573Z: [34mINFO[0m[2018-11-04T03:32:07.276289093Z] loading plugin "io.containerd.service.v1.content-service"...  [34mtype[0m=io.containerd.service.v1
[STDOUT  ] 2018-11-04T03:32:09.859126365Z: [34mINFO[0m[2018-11-04T03:32:07.284859058Z] loading plugin "io.containerd.service.v1.diff-service"...  [34mtype[0m=io.containerd.service.v1
[STDOUT  ] 2018-11-04T03:32:09.859135374Z: [34mINFO[0m[2018-11-04T03:32:07.293226814Z] loading plugin "io.containerd.service.v1.images-service"...  [34mtype[0m=io.containerd.service.v1
[STDOUT  ] 2018-11-04T03:32:09.859151249Z: [34mINFO[0m[2018-11-04T03:32:07.301699317Z] loading plugin "io.containerd.service.v1.leases-service"...  [34mtype[0m=io.containerd.service.v1
[STDOUT  ] 2018-11-04T03:32:09.859163363Z: [34mINFO[0m[2018-11-04T03:32:07.310166169Z] loading plugin "io.containerd.service.v1.namespaces-service"...  [34mtype[0m=io.containerd.service.v1
[STDOUT  ] 2018-11-04T03:32:09.859172437Z: [34mINFO[0m[2018-11-04T03:32:07.318715886Z] loading plugin "io.containerd.service.v1.snapshots-service"...  [34mtype[0m=io.containerd.service.v1
[STDOUT  ] 2018-11-04T03:32:09.859181015Z: [34mINFO[0m[2018-11-04T03:32:07.327141835Z] loading plugin "io.containerd.runtime.v1.linux"...  [34mtype[0m=io.containerd.runtime.v1
[STDOUT  ] 2018-11-04T03:32:09.859189905Z: [34mINFO[0m[2018-11-04T03:32:07.335278166Z] loading plugin "io.containerd.runtime.v2.task"...  [34mtype[0m=io.containerd.runtime.v2
[STDOUT  ] 2018-11-04T03:32:09.859198372Z: [34mINFO[0m[2018-11-04T03:32:07.343195371Z] loading plugin "io.containerd.monitor.v1.cgroups"...  [34mtype[0m=io.containerd.monitor.v1
[STDOUT  ] 2018-11-04T03:32:09.859206875Z: [34mINFO[0m[2018-11-04T03:32:07.351669026Z] loading plugin "io.containerd.service.v1.tasks-service"...  [34mtype[0m=io.containerd.service.v1
[STDOUT  ] 2018-11-04T03:32:09.859215626Z: [34mINFO[0m[2018-11-04T03:32:07.360028755Z] loading plugin "io.containerd.internal.v1.restart"...  [34mtype[0m=io.containerd.internal.v1
[STDOUT  ] 2018-11-04T03:32:09.859224447Z: [34mINFO[0m[2018-11-04T03:32:07.368109111Z] loading plugin "io.containerd.grpc.v1.containers"...  [34mtype[0m=io.containerd.grpc.v1
[STDOUT  ] 2018-11-04T03:32:09.859233378Z: [34mINFO[0m[2018-11-04T03:32:07.375939627Z] loading plugin "io.containerd.grpc.v1.content"...  [34mtype[0m=io.containerd.grpc.v1
[STDOUT  ] 2018-11-04T03:32:09.859241846Z: [34mINFO[0m[2018-11-04T03:32:07.383972815Z] loading plugin "io.containerd.grpc.v1.diff"...  [34mtype[0m=io.containerd.grpc.v1
[STDOUT  ] 2018-11-04T03:32:09.859250286Z: [34mINFO[0m[2018-11-04T03:32:07.391798346Z] loading plugin "io.containerd.grpc.v1.events"...  [34mtype[0m=io.containerd.grpc.v1
[STDOUT  ] 2018-11-04T03:32:09.859259045Z: [34mINFO[0m[2018-11-04T03:32:07.399368083Z] loading plugin "io.containerd.grpc.v1.healthcheck"...  [34mtype[0m=io.containerd.grpc.v1
[STDOUT  ] 2018-11-04T03:32:09.859267594Z: [34mINFO[0m[2018-11-04T03:32:07.407297968Z] loading plugin "io.containerd.grpc.v1.images"...  [34mtype[0m=io.containerd.grpc.v1
[STDOUT  ] 2018-11-04T03:32:09.859276082Z: [34mINFO[0m[2018-11-04T03:32:07.415020536Z] loading plugin "io.containerd.grpc.v1.leases"...  [34mtype[0m=io.containerd.grpc.v1
[STDOUT  ] 2018-11-04T03:32:09.859284492Z: [34mINFO[0m[2018-11-04T03:32:07.422598969Z] loading plugin "io.containerd.grpc.v1.namespaces"...  [34mtype[0m=io.containerd.grpc.v1
[STDOUT  ] 2018-11-04T03:32:09.859296331Z: [34mINFO[0m[2018-11-04T03:32:07.430392000Z] loading plugin "io.containerd.internal.v1.opt"...  [34mtype[0m=io.containerd.internal.v1
[STDOUT  ] 2018-11-04T03:32:09.859305096Z: [33mWARN[0m[2018-11-04T03:32:07.438237900Z] failed to load plugin io.containerd.internal.v1.opt  [33merror[0m="mkdir /opt: read-only file system"
[STDOUT  ] 2018-11-04T03:32:09.859314198Z: [34mINFO[0m[2018-11-04T03:32:07.446780671Z] loading plugin "io.containerd.grpc.v1.snapshots"...  [34mtype[0m=io.containerd.grpc.v1
[STDOUT  ] 2018-11-04T03:32:09.859322865Z: [34mINFO[0m[2018-11-04T03:32:07.454503517Z] loading plugin "io.containerd.grpc.v1.tasks"...  [34mtype[0m=io.containerd.grpc.v1
[STDOUT  ] 2018-11-04T03:32:09.859331514Z: [34mINFO[0m[2018-11-04T03:32:07.462151372Z] loading plugin "io.containerd.grpc.v1.version"...  [34mtype[0m=io.containerd.grpc.v1
[STDOUT  ] 2018-11-04T03:32:09.859340039Z: [34mINFO[0m[2018-11-04T03:32:07.469797422Z] loading plugin "io.containerd.grpc.v1.introspection"...  [34mtype[0m=io.containerd.grpc.v1
[STDOUT  ] 2018-11-04T03:32:09.859352274Z: [34mINFO[0m[2018-11-04T03:32:07.478048574Z] serving...                                    [34maddress[0m="/run/containerd/debug.sock"
[STDOUT  ] 2018-11-04T03:32:09.859360790Z: [34mINFO[0m[2018-11-04T03:32:07.486130755Z] serving...                                    [34maddress[0m="/run/containerd/containerd.sock"
[STDOUT  ] 2018-11-04T03:32:09.859372985Z: [34mINFO[0m[2018-11-04T03:32:07.494989705Z] containerd successfully booted in 0.389092s  
[STDOUT  ] 2018-11-04T03:32:09.859382158Z: [34mINFO[0m[2018-11-04T03:32:07.539871938Z] shim containerd-shim started                  [34maddress[0m="/containerd-shim/services.linuxkit/check-the-logs/shim.sock" [34mdebug[0m=false [34mpid[0m=271
[STDOUT  ] 2018-11-04T03:32:09.859399966Z: [34mINFO[0m[2018-11-04T03:32:07.648267480Z] shim containerd-shim started                  [34maddress[0m="/containerd-shim/services.linuxkit/fill-the-logs/shim.sock" [34mdebug[0m=false [34mpid[0m=317
[STDOUT  ] 2018-11-04T03:32:09.859409517Z: [34mINFO[0m[2018-11-04T03:32:07.798163669Z] shim containerd-shim started                  [34maddress[0m="/containerd-shim/services.linuxkit/write-and-rotate-logs/shim.sock" [34mdebug[0m=false [34mpid[0m=422
[STDOUT  ] 2018-11-04T03:32:09.859418707Z: logwrite test suite PASSED
[STDOUT  ] 2018-11-04T03:32:09.859428365Z: [    4.620490] ACPI: Preparing to enter system sleep state S5
[STDOUT  ] 2018-11-04T03:32:09.859440168Z: [    4.635767] reboot: Power down
[STDERR  ] 2018-11-04T03:32:09.857565293Z: [    0.000000] random: get_random_bytes called from start_kernel+0x92/0x4cb with crng_init=0
