[INFO    ] 2018-02-27T23:55:49.870838384Z: Running Test linuxkit.packages.extend.xfs in /tmp/build/test/cases/040_packages/005_extend/002_xfs
[INFO    ] 2018-02-27T23:55:49.870961218Z: Running command: [/bin/sh -x /tmp/build/test/cases/040_packages/005_extend/002_xfs/test.sh]
[STDERR  ] 2018-02-27T23:55:49.912306908Z: + set -ex
[STDERR  ] 2018-02-27T23:55:49.912378147Z: + . /tmp/build/test/cases/_lib/lib.sh
[STDERR  ] 2018-02-27T23:55:49.912399433Z: + [ -f src/github.com/linuxkit/rtf/lib/lib.sh ]
[STDERR  ] 2018-02-27T23:55:49.912409297Z: + LINUXKIT_TMPDIR=/tmp/build/test/cases/_tmp
[STDERR  ] 2018-02-27T23:55:49.912419315Z: + [ -f /tmp/build/test/cases/_tmp/env.sh ]
[STDERR  ] 2018-02-27T23:55:49.912428648Z: + . /tmp/build/test/cases/_tmp/env.sh
[STDERR  ] 2018-02-27T23:55:49.912437970Z: + export LINUXKIT_EXAMPLES_DIR=/tmp/build/test/cases/../../examples
[STDERR  ] 2018-02-27T23:55:49.912448541Z: + RT_CANCEL=253
[STDERR  ] 2018-02-27T23:55:49.912460440Z: + NAME_CREATE=extend-xfs
[STDERR  ] 2018-02-27T23:55:49.912469744Z: + NAME_EXTEND=extend-xfs
[STDERR  ] 2018-02-27T23:55:49.912478605Z: + DISK=disk.img
[STDERR  ] 2018-02-27T23:55:49.912488124Z: + trap clean_up EXIT
[STDERR  ] 2018-02-27T23:55:49.912500401Z: + linuxkit build -name extend-xfs -format kernel+initrd test-create.yml
[STDERR  ] 2018-02-27T23:55:49.937473058Z: Extract kernel image: linuxkit/kernel:4.14.22
[STDERR  ] 2018-02-27T23:55:51.056371172Z: time="2018-02-27T23:55:51Z" level=warning msg="certificate with CN Justin Cormack is near expiry"
[STDERR  ] 2018-02-27T23:55:51.056440086Z: time="2018-02-27T23:55:51Z" level=warning msg="certificate with CN  is near expiry"
[STDERR  ] 2018-02-27T23:55:51.056452254Z: time="2018-02-27T23:55:51Z" level=warning msg="certificate with CN  is near expiry"
[STDERR  ] 2018-02-27T23:55:51.056574889Z: time="2018-02-27T23:55:51Z" level=warning msg="certificate with CN avi@atomicinc.com is near expiry"
[STDERR  ] 2018-02-27T23:55:51.056591618Z: time="2018-02-27T23:55:51Z" level=warning msg="certificate with CN Ian Campbell is near expiry"
[STDERR  ] 2018-02-27T23:55:51.106878556Z: time="2018-02-27T23:55:51Z" level=warning msg="certificate with CN Justin Cormack is near expiry"
[STDERR  ] 2018-02-27T23:55:51.504332432Z: Add init containers:
[STDERR  ] 2018-02-27T23:55:51.504379346Z: Process init image: linuxkit/init:d899eee3560a40aa3b4bdd67b3bb82703714b2b9
[STDERR  ] 2018-02-27T23:55:52.529542938Z: time="2018-02-27T23:55:52Z" level=warning msg="certificate with CN Justin Cormack is near expiry"
[STDERR  ] 2018-02-27T23:55:52.530438057Z: time="2018-02-27T23:55:52Z" level=warning msg="certificate with CN  is near expiry"
[STDERR  ] 2018-02-27T23:55:52.530516045Z: time="2018-02-27T23:55:52Z" level=warning msg="certificate with CN  is near expiry"
[STDERR  ] 2018-02-27T23:55:52.530600234Z: time="2018-02-27T23:55:52Z" level=warning msg="certificate with CN avi@atomicinc.com is near expiry"
[STDERR  ] 2018-02-27T23:55:52.530689832Z: time="2018-02-27T23:55:52Z" level=warning msg="certificate with CN Ian Campbell is near expiry"
[STDERR  ] 2018-02-27T23:55:52.535120050Z: time="2018-02-27T23:55:52Z" level=warning msg="certificate with CN Justin Cormack is near expiry"
[STDERR  ] 2018-02-27T23:55:52.536653895Z: time="2018-02-27T23:55:52Z" level=warning msg="certificate with CN Ian Campbell is near expiry"
[STDERR  ] 2018-02-27T23:55:52.536710453Z: time="2018-02-27T23:55:52Z" level=warning msg="certificate with CN  is near expiry"
[STDERR  ] 2018-02-27T23:55:52.704550706Z: Process init image: linuxkit/runc:7c39a68490a12cde830e1922f171c451fb08e731
[STDERR  ] 2018-02-27T23:55:53.731558633Z: time="2018-02-27T23:55:53Z" level=warning msg="certificate with CN Justin Cormack is near expiry"
[STDERR  ] 2018-02-27T23:55:53.731716541Z: time="2018-02-27T23:55:53Z" level=warning msg="certificate with CN  is near expiry"
[STDERR  ] 2018-02-27T23:55:53.731747565Z: time="2018-02-27T23:55:53Z" level=warning msg="certificate with CN  is near expiry"
[STDERR  ] 2018-02-27T23:55:53.731760453Z: time="2018-02-27T23:55:53Z" level=warning msg="certificate with CN avi@atomicinc.com is near expiry"
[STDERR  ] 2018-02-27T23:55:53.731842742Z: time="2018-02-27T23:55:53Z" level=warning msg="certificate with CN Ian Campbell is near expiry"
[STDERR  ] 2018-02-27T23:55:53.735253904Z: time="2018-02-27T23:55:53Z" level=warning msg="certificate with CN Justin Cormack is near expiry"
[STDERR  ] 2018-02-27T23:55:53.736629171Z: time="2018-02-27T23:55:53Z" level=warning msg="certificate with CN  is near expiry"
[STDERR  ] 2018-02-27T23:55:53.736694479Z: time="2018-02-27T23:55:53Z" level=warning msg="certificate with CN Ian Campbell is near expiry"
[STDERR  ] 2018-02-27T23:55:53.892491605Z: Add onboot containers:
[STDERR  ] 2018-02-27T23:55:53.892588891Z:   Create OCI config for linuxkit/format:v0.2
[STDERR  ] 2018-02-27T23:55:54.923284488Z: time="2018-02-27T23:55:54Z" level=warning msg="certificate with CN Justin Cormack is near expiry"
[STDERR  ] 2018-02-27T23:55:54.923583500Z: time="2018-02-27T23:55:54Z" level=warning msg="certificate with CN Rolf Neugebauer is near expiry"
[STDERR  ] 2018-02-27T23:55:54.923699363Z: time="2018-02-27T23:55:54Z" level=warning msg="certificate with CN  is near expiry"
[STDERR  ] 2018-02-27T23:55:54.923718080Z: time="2018-02-27T23:55:54Z" level=warning msg="certificate with CN  is near expiry"
[STDERR  ] 2018-02-27T23:55:54.923763321Z: time="2018-02-27T23:55:54Z" level=warning msg="certificate with CN avi@atomicinc.com is near expiry"
[STDERR  ] 2018-02-27T23:55:54.923837986Z: time="2018-02-27T23:55:54Z" level=warning msg="certificate with CN Ian Campbell is near expiry"
[STDERR  ] 2018-02-27T23:55:54.925421738Z: time="2018-02-27T23:55:54Z" level=warning msg="certificate with CN Justin Cormack is near expiry"
[STDERR  ] 2018-02-27T23:55:54.926508122Z: time="2018-02-27T23:55:54Z" level=warning msg="certificate with CN Rolf Neugebauer is near expiry"
[STDERR  ] 2018-02-27T23:55:54.927467646Z: time="2018-02-27T23:55:54Z" level=warning msg="certificate with CN  is near expiry"
[STDERR  ] 2018-02-27T23:55:54.927494910Z: time="2018-02-27T23:55:54Z" level=warning msg="certificate with CN Ian Campbell is near expiry"
[STDERR  ] 2018-02-27T23:55:55.302073506Z:   Create OCI config for linuxkit/mount:v0.2
[STDERR  ] 2018-02-27T23:55:56.346143055Z: time="2018-02-27T23:55:56Z" level=warning msg="certificate with CN  is near expiry"
[STDERR  ] 2018-02-27T23:55:56.346438337Z: time="2018-02-27T23:55:56Z" level=warning msg="certificate with CN avi@atomicinc.com is near expiry"
[STDERR  ] 2018-02-27T23:55:56.346794067Z: time="2018-02-27T23:55:56Z" level=warning msg="certificate with CN Ian Campbell is near expiry"
[STDERR  ] 2018-02-27T23:55:56.346885562Z: time="2018-02-27T23:55:56Z" level=warning msg="certificate with CN Justin Cormack is near expiry"
[STDERR  ] 2018-02-27T23:55:56.347039545Z: time="2018-02-27T23:55:56Z" level=warning msg="certificate with CN Rolf Neugebauer is near expiry"
[STDERR  ] 2018-02-27T23:55:56.347090999Z: time="2018-02-27T23:55:56Z" level=warning msg="certificate with CN  is near expiry"
[STDERR  ] 2018-02-27T23:55:56.348936685Z: time="2018-02-27T23:55:56Z" level=warning msg="certificate with CN Justin Cormack is near expiry"
[STDERR  ] 2018-02-27T23:55:56.350006777Z: time="2018-02-27T23:55:56Z" level=warning msg="certificate with CN Rolf Neugebauer is near expiry"
[STDERR  ] 2018-02-27T23:55:56.350818932Z: time="2018-02-27T23:55:56Z" level=warning msg="certificate with CN  is near expiry"
[STDERR  ] 2018-02-27T23:55:56.350884624Z: time="2018-02-27T23:55:56Z" level=warning msg="certificate with CN Ian Campbell is near expiry"
[STDERR  ] 2018-02-27T23:55:56.684611344Z:   Create OCI config for alpine:3.7
[STDERR  ] 2018-02-27T23:55:57.880771662Z:   Create OCI config for linuxkit/poweroff:f9a0a5e52fd2a97908bda33db2afffafe4a6a67d
[STDERR  ] 2018-02-27T23:55:58.916314652Z: time="2018-02-27T23:55:58Z" level=warning msg="certificate with CN Rolf Neugebauer is near expiry"
[STDERR  ] 2018-02-27T23:55:58.916393096Z: time="2018-02-27T23:55:58Z" level=warning msg="certificate with CN  is near expiry"
[STDERR  ] 2018-02-27T23:55:58.916406345Z: time="2018-02-27T23:55:58Z" level=warning msg="certificate with CN  is near expiry"
[STDERR  ] 2018-02-27T23:55:58.916548594Z: time="2018-02-27T23:55:58Z" level=warning msg="certificate with CN avi@atomicinc.com is near expiry"
[STDERR  ] 2018-02-27T23:55:58.916567886Z: time="2018-02-27T23:55:58Z" level=warning msg="certificate with CN Ian Campbell is near expiry"
[STDERR  ] 2018-02-27T23:55:58.916637448Z: time="2018-02-27T23:55:58Z" level=warning msg="certificate with CN Justin Cormack is near expiry"
[STDERR  ] 2018-02-27T23:55:58.918298844Z: time="2018-02-27T23:55:58Z" level=warning msg="certificate with CN Rolf Neugebauer is near expiry"
[STDERR  ] 2018-02-27T23:55:58.919782537Z: time="2018-02-27T23:55:58Z" level=warning msg="certificate with CN Ian Campbell is near expiry"
[STDERR  ] 2018-02-27T23:55:58.919845559Z: time="2018-02-27T23:55:58Z" level=warning msg="certificate with CN  is near expiry"
[STDERR  ] 2018-02-27T23:55:59.066443806Z: Create outputs:
[STDERR  ] 2018-02-27T23:56:05.647881777Z:   extend-xfs-kernel extend-xfs-initrd.img extend-xfs-cmdline
[STDERR  ] 2018-02-27T23:56:05.711984857Z: + linuxkit run -disk file=disk.img,format=raw,size=256M extend-xfs
[STDERR  ] 2018-02-27T23:56:05.735299496Z: Unable to find qemu-system-x86_64 within the $PATH. Using a container
[STDOUT  ] 2018-02-27T23:56:07.847966299Z: [    0.000000] Linux version 4.14.22-linuxkit (root@7ea7e084831d) (gcc version 6.4.0 (Alpine 6.4.0)) #1 SMP Mon Feb 26 14:48:56 UTC 2018
[STDOUT  ] 2018-02-27T23:56:07.853610300Z: [    0.000000] Command line: console=ttyS0 console=ttyAMA0
[STDOUT  ] 2018-02-27T23:56:07.858233156Z: [    0.000000] x86/fpu: x87 FPU will use FXSAVE
[STDOUT  ] 2018-02-27T23:56:07.863355169Z: [    0.000000] e820: BIOS-provided physical RAM map:
[STDOUT  ] 2018-02-27T23:56:07.870504234Z: [    0.000000] BIOS-e820: [mem 0x0000000000000000-0x000000000009fbff] usable
[STDOUT  ] 2018-02-27T23:56:07.877816624Z: [    0.000000] BIOS-e820: [mem 0x000000000009fc00-0x000000000009ffff] reserved
[STDOUT  ] 2018-02-27T23:56:07.885275409Z: [    0.000000] BIOS-e820: [mem 0x00000000000f0000-0x00000000000fffff] reserved
[STDOUT  ] 2018-02-27T23:56:07.892395272Z: [    0.000000] BIOS-e820: [mem 0x0000000000100000-0x000000003ffdefff] usable
[STDOUT  ] 2018-02-27T23:56:07.899704874Z: [    0.000000] BIOS-e820: [mem 0x000000003ffdf000-0x000000003fffffff] reserved
[STDOUT  ] 2018-02-27T23:56:07.907251058Z: [    0.000000] BIOS-e820: [mem 0x00000000b0000000-0x00000000bfffffff] reserved
[STDOUT  ] 2018-02-27T23:56:07.914625344Z: [    0.000000] BIOS-e820: [mem 0x00000000fed1c000-0x00000000fed1ffff] reserved
[STDOUT  ] 2018-02-27T23:56:07.922029859Z: [    0.000000] BIOS-e820: [mem 0x00000000feffc000-0x00000000feffffff] reserved
[STDOUT  ] 2018-02-27T23:56:07.929431427Z: [    0.000000] BIOS-e820: [mem 0x00000000fffc0000-0x00000000ffffffff] reserved
[STDOUT  ] 2018-02-27T23:56:07.934635455Z: [    0.000000] NX (Execute Disable) protection: active
[STDOUT  ] 2018-02-27T23:56:07.938317841Z: [    0.000000] random: fast init done
[STDOUT  ] 2018-02-27T23:56:07.941685637Z: [    0.000000] SMBIOS 2.8 present.
[STDOUT  ] 2018-02-27T23:56:07.952950709Z: [    0.000000] DMI: QEMU Standard PC (Q35 + ICH9, 2009), BIOS rel-1.10.2-0-g5f4c7b1-prebuilt.qemu-project.org 04/01/2014
[STDOUT  ] 2018-02-27T23:56:07.956961514Z: [    0.000000] Hypervisor detected: KVM
[STDOUT  ] 2018-02-27T23:56:07.961679792Z: [    0.000000] tsc: Fast TSC calibration failed
[STDOUT  ] 2018-02-27T23:56:07.966693053Z: [    0.000000] tsc: Unable to calibrate against PIT
[STDOUT  ] 2018-02-27T23:56:07.972403959Z: [    0.000000] tsc: No reference (HPET/PMTIMER) available
[STDOUT  ] 2018-02-27T23:56:07.978859047Z: [    0.000000] e820: last_pfn = 0x3ffdf max_arch_pfn = 0x400000000
[STDOUT  ] 2018-02-27T23:56:07.983836416Z: [    0.000000] x86/PAT: PAT not supported by CPU.
[STDOUT  ] 2018-02-27T23:56:07.991480522Z: [    0.000000] x86/PAT: Configuration [0-7]: WB  WT  UC- UC  WB  WT  UC- UC  
[STDOUT  ] 2018-02-27T23:56:08.000511463Z: [    0.000000] found SMP MP-table at [mem 0x000f6aa0-0x000f6aaf] mapped at [ffffffffff200aa0]
[STDOUT  ] 2018-02-27T23:56:08.005582299Z: [    0.000000] RAMDISK: [mem 0x3dec7000-0x3ffcffff]
[STDOUT  ] 2018-02-27T23:56:08.011831645Z: [    0.000000] ACPI: Early table checksum verification disabled
[STDOUT  ] 2018-02-27T23:56:08.018062827Z: [    0.000000] ACPI: RSDP 0x00000000000F68B0 000014 (v00 BOCHS )
[STDOUT  ] 2018-02-27T23:56:08.027373117Z: [    0.000000] ACPI: RSDT 0x000000003FFE20A8 000034 (v01 BOCHS  BXPCRSDT 00000001 BXPC 00000001)
[STDOUT  ] 2018-02-27T23:56:08.037084244Z: [    0.000000] ACPI: FACP 0x000000003FFE1EC8 0000F4 (v03 BOCHS  BXPCFACP 00000001 BXPC 00000001)
[STDOUT  ] 2018-02-27T23:56:08.046654550Z: [    0.000000] ACPI: DSDT 0x000000003FFE0040 001E88 (v01 BOCHS  BXPCDSDT 00000001 BXPC 00000001)
[STDOUT  ] 2018-02-27T23:56:08.051680272Z: [    0.000000] ACPI: FACS 0x000000003FFE0000 000040
[STDOUT  ] 2018-02-27T23:56:08.061089592Z: [    0.000000] ACPI: APIC 0x000000003FFE1FBC 000078 (v01 BOCHS  BXPCAPIC 00000001 BXPC 00000001)
[STDOUT  ] 2018-02-27T23:56:08.070327060Z: [    0.000000] ACPI: HPET 0x000000003FFE2034 000038 (v01 BOCHS  BXPCHPET 00000001 BXPC 00000001)
[STDOUT  ] 2018-02-27T23:56:08.079667265Z: [    0.000000] ACPI: MCFG 0x000000003FFE206C 00003C (v01 BOCHS  BXPCMCFG 00000001 BXPC 00000001)
[STDOUT  ] 2018-02-27T23:56:08.085437106Z: [    0.000000] kvm-clock: Using msrs 4b564d01 and 4b564d00
[STDOUT  ] 2018-02-27T23:56:08.091927759Z: [    0.000000] kvm-clock: cpu 0, msr 0:3ffdd001, primary cpu clock
[STDOUT  ] 2018-02-27T23:56:08.103369692Z: [    0.000000] clocksource: kvm-clock: mask: 0xffffffffffffffff max_cycles: 0x1cd42e4dffb, max_idle_ns: 881590591483 ns
[STDOUT  ] 2018-02-27T23:56:08.106269244Z: [    0.000000] Zone ranges:
[STDOUT  ] 2018-02-27T23:56:08.113097436Z: [    0.000000]   DMA      [mem 0x0000000000001000-0x0000000000ffffff]
[STDOUT  ] 2018-02-27T23:56:08.120041977Z: [    0.000000]   DMA32    [mem 0x0000000001000000-0x000000003ffdefff]
[STDOUT  ] 2018-02-27T23:56:08.123268757Z: [    0.000000]   Normal   empty
[STDOUT  ] 2018-02-27T23:56:08.126485036Z: [    0.000000]   Device   empty
[STDOUT  ] 2018-02-27T23:56:08.131243954Z: [    0.000000] Movable zone start for each node
[STDOUT  ] 2018-02-27T23:56:08.135203458Z: [    0.000000] Early memory node ranges
[STDOUT  ] 2018-02-27T23:56:08.142023063Z: [    0.000000]   node   0: [mem 0x0000000000001000-0x000000000009efff]
[STDOUT  ] 2018-02-27T23:56:08.148979307Z: [    0.000000]   node   0: [mem 0x0000000000100000-0x000000003ffdefff]
[STDOUT  ] 2018-02-27T23:56:08.156621275Z: [    0.000000] Initmem setup node 0 [mem 0x0000000000001000-0x000000003ffdefff]
[STDOUT  ] 2018-02-27T23:56:08.161054309Z: [    0.000000] ACPI: PM-Timer IO Port: 0x608
[STDOUT  ] 2018-02-27T23:56:08.167315036Z: [    0.000000] ACPI: LAPIC_NMI (acpi_id[0xff] dfl dfl lint[0x1])
[STDOUT  ] 2018-02-27T23:56:08.174828764Z: [    0.000000] IOAPIC[0]: apic_id 0, version 17, address 0xfec00000, GSI 0-23
[STDOUT  ] 2018-02-27T23:56:08.181693871Z: [    0.000000] ACPI: INT_SRC_OVR (bus 0 bus_irq 0 global_irq 2 dfl dfl)
[STDOUT  ] 2018-02-27T23:56:08.188819603Z: [    0.000000] ACPI: INT_SRC_OVR (bus 0 bus_irq 5 global_irq 5 high level)
[STDOUT  ] 2018-02-27T23:56:08.196215712Z: [    0.000000] ACPI: INT_SRC_OVR (bus 0 bus_irq 9 global_irq 9 high level)
[STDOUT  ] 2018-02-27T23:56:08.203752153Z: [    0.000000] ACPI: INT_SRC_OVR (bus 0 bus_irq 10 global_irq 10 high level)
[STDOUT  ] 2018-02-27T23:56:08.211523407Z: [    0.000000] ACPI: INT_SRC_OVR (bus 0 bus_irq 11 global_irq 11 high level)
[STDOUT  ] 2018-02-27T23:56:08.217903962Z: [    0.000000] Using ACPI (MADT) for SMP configuration information
[STDOUT  ] 2018-02-27T23:56:08.223667345Z: [    0.000000] ACPI: HPET id: 0x8086a201 base: 0xfed00000
[STDOUT  ] 2018-02-27T23:56:08.229060660Z: [    0.000000] smpboot: Allowing 1 CPUs, 0 hotplug CPUs
[STDOUT  ] 2018-02-27T23:56:08.236300632Z: [    0.000000] e820: [mem 0x40000000-0xafffffff] available for PCI devices
[STDOUT  ] 2018-02-27T23:56:08.241449753Z: [    0.000000] Booting paravirtualized kernel on KVM
[STDOUT  ] 2018-02-27T23:56:08.253252787Z: [    0.000000] clocksource: refined-jiffies: mask: 0xffffffff max_cycles: 0xffffffff, max_idle_ns: 19112604462750000 ns
[STDOUT  ] 2018-02-27T23:56:08.261823654Z: [    0.000000] setup_percpu: NR_CPUS:128 nr_cpumask_bits:128 nr_cpu_ids:1 nr_node_ids:1
[STDOUT  ] 2018-02-27T23:56:08.270742322Z: [    0.000000] percpu: Embedded 44 pages/cpu @ffff90323dc00000 s143128 r8192 d28904 u2097152
[STDOUT  ] 2018-02-27T23:56:08.275030114Z: [    0.000000] KVM setup async PF for cpu 0
[STDOUT  ] 2018-02-27T23:56:08.280008266Z: [    0.000000] kvm-stealtime: cpu 0, msr 3dc15f00
[STDOUT  ] 2018-02-27T23:56:08.287482593Z: [    0.000000] Built 1 zonelists, mobility grouping on.  Total pages: 257896
[STDOUT  ] 2018-02-27T23:56:08.293823156Z: [    0.000000] Kernel command line: console=ttyS0 console=ttyAMA0
[STDOUT  ] 2018-02-27T23:56:08.300321022Z: [    0.000000] PID hash table entries: 4096 (order: 3, 32768 bytes)
[STDOUT  ] 2018-02-27T23:56:08.308191707Z: [    0.000000] Dentry cache hash table entries: 131072 (order: 8, 1048576 bytes)
[STDOUT  ] 2018-02-27T23:56:08.315687519Z: [    0.000000] Inode-cache hash table entries: 65536 (order: 7, 524288 bytes)
[STDOUT  ] 2018-02-27T23:56:08.330774023Z: [    0.000000] Memory: 970996K/1048052K available (12300K kernel code, 1460K rwdata, 2960K rodata, 1504K init, 628K bss, 77056K reserved, 0K cma-reserved)
[STDOUT  ] 2018-02-27T23:56:08.336380551Z: [    0.000000] Kernel/User page tables isolation: enabled
[STDOUT  ] 2018-02-27T23:56:08.342402641Z: [    0.000000] ftrace: allocating 40633 entries in 159 pages
[STDOUT  ] 2018-02-27T23:56:08.347023810Z: [    0.010000] Hierarchical RCU implementation.
[STDOUT  ] 2018-02-27T23:56:08.353970854Z: [    0.010000] 	RCU restricting CPUs from NR_CPUS=128 to nr_cpu_ids=1.
[STDOUT  ] 2018-02-27T23:56:08.361236797Z: [    0.010000] RCU: Adjusting geometry for rcu_fanout_leaf=16, nr_cpu_ids=1
[STDOUT  ] 2018-02-27T23:56:08.367834771Z: [    0.010000] NR_IRQS: 8448, nr_irqs: 256, preallocated irqs: 16
[STDOUT  ] 2018-02-27T23:56:08.371869448Z: [    0.010000] Console: colour VGA+ 80x25
[STDOUT  ] 2018-02-27T23:56:08.376136832Z: [    0.010000] console [ttyS0] enabled
[STDOUT  ] 2018-02-27T23:56:08.386806473Z: [    0.010000] clocksource: hpet: mask: 0xffffffff max_cycles: 0xffffffff, max_idle_ns: 19112604467 ns
[STDOUT  ] 2018-02-27T23:56:08.392537378Z: [    0.010050] tsc: Detected 2300.000 MHz processor
[STDOUT  ] 2018-02-27T23:56:08.401955524Z: [    0.015032] Calibrating delay loop (skipped) preset value.. 4600.00 BogoMIPS (lpj=23000000)
[STDOUT  ] 2018-02-27T23:56:08.407131763Z: [    0.020039] pid_max: default: 32768 minimum: 301
[STDOUT  ] 2018-02-27T23:56:08.411767177Z: [    0.025166] ACPI: Core revision 20170728
[STDOUT  ] 2018-02-27T23:56:08.419555864Z: [    0.030685] ACPI: 1 ACPI AML tables successfully acquired and loaded
[STDOUT  ] 2018-02-27T23:56:08.424301911Z: [    0.040095] Security Framework initialized
[STDOUT  ] 2018-02-27T23:56:08.428332965Z: [    0.044627] Yama: becoming mindful.
[STDOUT  ] 2018-02-27T23:56:08.436192509Z: [    0.050105] Mount-cache hash table entries: 2048 (order: 2, 16384 bytes)
[STDOUT  ] 2018-02-27T23:56:08.444050716Z: [    0.057769] Mountpoint-cache hash table entries: 2048 (order: 2, 16384 bytes)
[STDOUT  ] 2018-02-27T23:56:08.450118219Z: [    0.061279] CPU: Physical Processor ID: 0
[STDOUT  ] 2018-02-27T23:56:08.462035232Z: [    0.075615] Last level iTLB entries: 4KB 0, 2MB 0, 4MB 0
[STDOUT  ] 2018-02-27T23:56:08.468845450Z: [    0.080039] Last level dTLB entries: 4KB 0, 2MB 0, 4MB 0, 1GB 0
[STDOUT  ] 2018-02-27T23:56:08.476222114Z: [    0.090033] Spectre V2 : Vulnerable: Minimal generic ASM retpoline
[STDOUT  ] 2018-02-27T23:56:08.486724409Z: [    0.103739] Freeing SMP alternatives memory: 20K
[STDOUT  ] 2018-02-27T23:56:08.492439004Z: [    0.110112] smpboot: Max logical packages: 1
[STDOUT  ] 2018-02-27T23:56:08.497964303Z: [    0.117107] x2apic enabled
[STDOUT  ] 2018-02-27T23:56:08.505957684Z: [    0.120028] Switched APIC routing to physical x2apic.
[STDOUT  ] 2018-02-27T23:56:08.521829702Z: [    0.137551] ..TIMER: vector=0x30 apic1=0 pin1=2 apic2=-1 pin2=-1
[STDOUT  ] 2018-02-27T23:56:08.648759571Z: [    0.140000] smpboot: CPU0: Intel QEMU Virtual CPU version 2.5+ (family: 0x6, model: 0x6, stepping: 0x3)
[STDOUT  ] 2018-02-27T23:56:08.666617716Z: [    0.140198] Performance Events: PMU not available due to virtualization, using software events only.
[STDOUT  ] 2018-02-27T23:56:08.672144635Z: [    0.150507] Hierarchical SRCU implementation.
[STDOUT  ] 2018-02-27T23:56:08.679162266Z: [    0.160149] NMI watchdog: Perf event create on CPU 0 failed with -2
[STDOUT  ] 2018-02-27T23:56:08.685705793Z: [    0.170008] NMI watchdog: Perf NMI watchdog permanently disabled
[STDOUT  ] 2018-02-27T23:56:08.690769810Z: [    0.176624] smp: Bringing up secondary CPUs ...
[STDOUT  ] 2018-02-27T23:56:08.695219333Z: [    0.180009] smp: Brought up 1 node, 1 CPU
[STDOUT  ] 2018-02-27T23:56:08.702375077Z: [    0.184419] smpboot: Total of 1 processors activated (4600.00 BogoMIPS)
[STDOUT  ] 2018-02-27T23:56:08.709060641Z: [    0.193075] devtmpfs: initialized
[STDOUT  ] 2018-02-27T23:56:08.713659972Z: [    0.200087] x86/mm: Memory block size: 128MB
[STDOUT  ] 2018-02-27T23:56:08.723971685Z: [    0.205030] clocksource: jiffies: mask: 0xffffffff max_cycles: 0xffffffff, max_idle_ns: 19112604462750000 ns
[STDOUT  ] 2018-02-27T23:56:08.730407469Z: [    0.210032] futex hash table entries: 256 (order: 2, 16384 bytes)
[STDOUT  ] 2018-02-27T23:56:08.735406427Z: [    0.220305] NET: Registered protocol family 16
[STDOUT  ] 2018-02-27T23:56:08.739937980Z: [    0.225211] cpuidle: using governor ladder
[STDOUT  ] 2018-02-27T23:56:08.744139837Z: [    0.230010] cpuidle: using governor menu
[STDOUT  ] 2018-02-27T23:56:08.748426852Z: [    0.234179] ACPI: bus type PCI registered
[STDOUT  ] 2018-02-27T23:56:08.758524778Z: [    0.240492] PCI: MMCONFIG for domain 0000 [bus 00-ff] at [mem 0xb0000000-0xbfffffff] (base 0xb0000000)
[STDOUT  ] 2018-02-27T23:56:08.765495650Z: [    0.250015] PCI: MMCONFIG at [mem 0xb0000000-0xbfffffff] reserved in E820
[STDOUT  ] 2018-02-27T23:56:08.771125400Z: [    0.256946] PCI: Using configuration type 1 for base access
[STDOUT  ] 2018-02-27T23:56:08.779511065Z: [    0.261539] HugeTLB registered 2.00 MiB page size, pre-allocated 0 pages
[STDOUT  ] 2018-02-27T23:56:08.784342504Z: [    0.270318] ACPI: Added _OSI(Module Device)
[STDOUT  ] 2018-02-27T23:56:08.788954491Z: [    0.274703] ACPI: Added _OSI(Processor Device)
[STDOUT  ] 2018-02-27T23:56:08.794130529Z: [    0.280016] ACPI: Added _OSI(3.0 _SCP Extensions)
[STDOUT  ] 2018-02-27T23:56:08.799864037Z: [    0.285222] ACPI: Added _OSI(Processor Aggregator Device)
[STDOUT  ] 2018-02-27T23:56:08.808800304Z: [    0.295125] ACPI: Interpreter enabled
[STDOUT  ] 2018-02-27T23:56:08.812523186Z: [    0.300062] ACPI: (supports S0 S5)
[STDOUT  ] 2018-02-27T23:56:08.818451027Z: [    0.303619] ACPI: Using IOAPIC for interrupt routing
[STDOUT  ] 2018-02-27T23:56:08.829053660Z: [    0.310075] PCI: Using host bridge windows from ACPI; if necessary, use "pci=nocrs" and report a bug
[STDOUT  ] 2018-02-27T23:56:08.835050905Z: [    0.320349] ACPI: Enabled 1 GPEs in block 00 to 3F
[STDOUT  ] 2018-02-27T23:56:08.846043293Z: [    0.331059] ACPI: PCI Root Bridge [PCI0] (domain 0000 [bus 00-ff])
[STDOUT  ] 2018-02-27T23:56:08.854282774Z: [    0.338130] acpi PNP0A08:00: _OSC: OS supports [ExtendedConfig ASPM ClockPM Segments MSI]
[STDOUT  ] 2018-02-27T23:56:08.862353931Z: [    0.340192] acpi PNP0A08:00: _OSC: OS now controls [PCIeHotplug PME PCIeCapability]
[STDOUT  ] 2018-02-27T23:56:08.866850795Z: [    0.350103] PCI host bridge to bus 0000:00
[STDOUT  ] 2018-02-27T23:56:08.874001325Z: [    0.354469] pci_bus 0000:00: root bus resource [io  0x0000-0x0cf7 window]
[STDOUT  ] 2018-02-27T23:56:08.881326303Z: [    0.360017] pci_bus 0000:00: root bus resource [io  0x0d00-0xffff window]
[STDOUT  ] 2018-02-27T23:56:08.889297944Z: [    0.370013] pci_bus 0000:00: root bus resource [mem 0x000a0000-0x000bffff window]
[STDOUT  ] 2018-02-27T23:56:08.897233846Z: [    0.380017] pci_bus 0000:00: root bus resource [mem 0xc0000000-0xfebfffff window]
[STDOUT  ] 2018-02-27T23:56:08.903504844Z: [    0.387859] pci_bus 0000:00: root bus resource [bus 00-ff]
[STDOUT  ] 2018-02-27T23:56:09.038261033Z: [    0.521792] pci 0000:00:1f.0: quirk: [io  0x0600-0x067f] claimed by ICH6 ACPI/GPIO/TCO
[STDOUT  ] 2018-02-27T23:56:09.099333468Z: [    0.583671] ACPI: PCI Interrupt Link [LNKA] (IRQs 5 *10 11)
[STDOUT  ] 2018-02-27T23:56:09.106057565Z: [    0.590353] ACPI: PCI Interrupt Link [LNKB] (IRQs 5 *10 11)
[STDOUT  ] 2018-02-27T23:56:09.113147621Z: [    0.597120] ACPI: PCI Interrupt Link [LNKC] (IRQs 5 10 *11)
[STDOUT  ] 2018-02-27T23:56:09.119914668Z: [    0.600477] ACPI: PCI Interrupt Link [LNKD] (IRQs 5 10 *11)
[STDOUT  ] 2018-02-27T23:56:09.126474596Z: [    0.610418] ACPI: PCI Interrupt Link [LNKE] (IRQs 5 *10 11)
[STDOUT  ] 2018-02-27T23:56:09.132975542Z: [    0.616982] ACPI: PCI Interrupt Link [LNKF] (IRQs 5 *10 11)
[STDOUT  ] 2018-02-27T23:56:09.139417990Z: [    0.620465] ACPI: PCI Interrupt Link [LNKG] (IRQs 5 10 *11)
[STDOUT  ] 2018-02-27T23:56:09.145777330Z: [    0.630413] ACPI: PCI Interrupt Link [LNKH] (IRQs 5 10 *11)
[STDOUT  ] 2018-02-27T23:56:09.151766527Z: [    0.636524] ACPI: PCI Interrupt Link [GSIA] (IRQs *16)
[STDOUT  ] 2018-02-27T23:56:09.157318470Z: [    0.640030] ACPI: PCI Interrupt Link [GSIB] (IRQs *17)
[STDOUT  ] 2018-02-27T23:56:09.162907417Z: [    0.645607] ACPI: PCI Interrupt Link [GSIC] (IRQs *18)
[STDOUT  ] 2018-02-27T23:56:09.168517336Z: [    0.650029] ACPI: PCI Interrupt Link [GSID] (IRQs *19)
[STDOUT  ] 2018-02-27T23:56:09.174022817Z: [    0.660026] ACPI: PCI Interrupt Link [GSIE] (IRQs *20)
[STDOUT  ] 2018-02-27T23:56:09.179748088Z: [    0.665554] ACPI: PCI Interrupt Link [GSIF] (IRQs *21)
[STDOUT  ] 2018-02-27T23:56:09.185494343Z: [    0.670036] ACPI: PCI Interrupt Link [GSIG] (IRQs *22)
[STDOUT  ] 2018-02-27T23:56:09.191307212Z: [    0.675722] ACPI: PCI Interrupt Link [GSIH] (IRQs *23)
[STDOUT  ] 2018-02-27T23:56:09.196000598Z: [    0.680479] SCSI subsystem initialized
[STDOUT  ] 2018-02-27T23:56:09.200582850Z: [    0.684767] ACPI: bus type USB registered
[STDOUT  ] 2018-02-27T23:56:09.206862832Z: [    0.690055] usbcore: registered new interface driver usbfs
[STDOUT  ] 2018-02-27T23:56:09.212569801Z: [    0.696115] usbcore: registered new interface driver hub
[STDOUT  ] 2018-02-27T23:56:09.218288927Z: [    0.700052] usbcore: registered new device driver usb
[STDOUT  ] 2018-02-27T23:56:09.223673228Z: [    0.710044] pps_core: LinuxPPS API ver. 1 registered
[STDOUT  ] 2018-02-27T23:56:09.233524742Z: [    0.715429] pps_core: Software ver. 5.3.6 - Copyright 2005-2007 Rodolfo Giometti <giometti@linux.it>
[STDOUT  ] 2018-02-27T23:56:09.237905110Z: [    0.720032] PTP clock support registered
[STDOUT  ] 2018-02-27T23:56:09.242673150Z: [    0.730126] PCI: Using ACPI for IRQ routing
[STDOUT  ] 2018-02-27T23:56:09.638497013Z: [    1.126749] NetLabel: Initializing
[STDOUT  ] 2018-02-27T23:56:09.643375310Z: [    1.130008] NetLabel:  domain hash size = 128
[STDOUT  ] 2018-02-27T23:56:09.649487948Z: [    1.134757] NetLabel:  protocols = UNLABELED CIPSOv4 CALIPSO
[STDOUT  ] 2018-02-27T23:56:09.656615555Z: [    1.140058] NetLabel:  unlabeled traffic allowed by default
[STDOUT  ] 2018-02-27T23:56:09.663250262Z: [    1.146207] HPET: 3 timers in total, 0 timers will be used for per-cpu timer
[STDOUT  ] 2018-02-27T23:56:09.668677709Z: [    1.150156] hpet0: at MMIO 0xfed00000, IRQs 2, 8, 0
[STDOUT  ] 2018-02-27T23:56:09.675257764Z: [    1.160007] hpet0: 3 comparators, 64-bit 100.000000 MHz counter
[STDOUT  ] 2018-02-27T23:56:09.687631027Z: [    1.170059] clocksource: Switched to clocksource kvm-clock
[STDOUT  ] 2018-02-27T23:56:09.711465545Z: [    1.196683] VFS: Disk quotas dquot_6.6.0
[STDOUT  ] 2018-02-27T23:56:09.722082390Z: [    1.202764] VFS: Dquot-cache hash table entries: 512 (order 0, 4096 bytes)
[STDOUT  ] 2018-02-27T23:56:09.726769602Z: [    1.213503] FS-Cache: Loaded
[STDOUT  ] 2018-02-27T23:56:09.731765304Z: [    1.218105] CacheFiles: Loaded
[STDOUT  ] 2018-02-27T23:56:09.736712968Z: [    1.223076] pnp: PnP ACPI init
[STDOUT  ] 2018-02-27T23:56:09.744031215Z: [    1.229023] pnp: PnP ACPI: found 5 devices
[STDOUT  ] 2018-02-27T23:56:09.763673191Z: [    1.242173] clocksource: acpi_pm: mask: 0xffffff max_cycles: 0xffffff, max_idle_ns: 2085701024 ns
[STDOUT  ] 2018-02-27T23:56:09.770165498Z: [    1.255126] NET: Registered protocol family 2
[STDOUT  ] 2018-02-27T23:56:09.780665688Z: [    1.261641] TCP established hash table entries: 8192 (order: 4, 65536 bytes)
[STDOUT  ] 2018-02-27T23:56:09.793628286Z: [    1.271996] TCP bind hash table entries: 8192 (order: 5, 131072 bytes)
[STDOUT  ] 2018-02-27T23:56:09.796741723Z: [    1.281719] TCP: Hash tables configured (established 8192 bind 8192)
[STDOUT  ] 2018-02-27T23:56:09.805530347Z: [    1.288018] UDP hash table entries: 512 (order: 2, 16384 bytes)
[STDOUT  ] 2018-02-27T23:56:09.814700999Z: [    1.296833] UDP-Lite hash table entries: 512 (order: 2, 16384 bytes)
[STDOUT  ] 2018-02-27T23:56:09.821213101Z: [    1.306063] NET: Registered protocol family 1
[STDOUT  ] 2018-02-27T23:56:09.833508316Z: [    1.312707] pci 0000:00:01.0: Video device with shadowed ROM at [mem 0x000c0000-0x000dffff]
[STDOUT  ] 2018-02-27T23:56:09.841711948Z: [    1.325190] Trying to unpack rootfs image as initramfs...
[STDOUT  ] 2018-02-27T23:56:10.422755127Z: [    1.909317] Freeing initrd memory: 33828K
[STDOUT  ] 2018-02-27T23:56:10.429861495Z: [    1.915273] PCLMULQDQ-NI instructions are not detected.
[STDOUT  ] 2018-02-27T23:56:10.435700987Z: [    1.921134] AVX or AES-NI instructions are not detected.
[STDOUT  ] 2018-02-27T23:56:10.441444714Z: [    1.926792] CPU feature 'AVX registers' is not supported.
[STDOUT  ] 2018-02-27T23:56:10.447352240Z: [    1.932691] CPU feature 'AVX registers' is not supported.
[STDOUT  ] 2018-02-27T23:56:10.453144471Z: [    1.938501] CPU feature 'AVX registers' is not supported.
[STDOUT  ] 2018-02-27T23:56:10.459103302Z: [    1.944413] CPU feature 'AVX registers' is not supported.
[STDOUT  ] 2018-02-27T23:56:10.465004114Z: [    1.950351] AVX2 or AES-NI instructions are not detected.
[STDOUT  ] 2018-02-27T23:56:10.469984737Z: [    1.956147] AVX2 instructions are not detected.
[STDOUT  ] 2018-02-27T23:56:10.476355835Z: [    1.961531] audit: initializing netlink subsys (disabled)
[STDOUT  ] 2018-02-27T23:56:10.485945243Z: [    1.967865] audit: type=2000 audit(1519775769.774:1): state=initialized audit_enabled=0 res=1
[STDOUT  ] 2018-02-27T23:56:10.493138066Z: [    1.977256] workingset: timestamp_bits=46 max_order=18 bucket_order=0
[STDOUT  ] 2018-02-27T23:56:10.499913022Z: [    1.984716] squashfs: version 4.0 (2009/01/31) Phillip Lougher
[STDOUT  ] 2018-02-27T23:56:10.506015807Z: [    1.991272] FS-Cache: Netfs 'cifs' registered for caching
[STDOUT  ] 2018-02-27T23:56:10.510451359Z: [    1.997230] fuse init (API version 7.26)
[STDOUT  ] 2018-02-27T23:56:10.517632005Z: [    2.001831] SGI XFS with ACLs, security attributes, no debug enabled
[STDOUT  ] 2018-02-27T23:56:10.523774663Z: [    2.008954] 9p: Installing v9fs 9p2000 file system support
[STDOUT  ] 2018-02-27T23:56:10.529633456Z: [    2.015037] FS-Cache: Netfs '9p' registered for caching
[STDOUT  ] 2018-02-27T23:56:10.535981162Z: [    2.022419] NET: Registered protocol family 38
[STDOUT  ] 2018-02-27T23:56:10.540227706Z: [    2.027044] Key type asymmetric registered
[STDOUT  ] 2018-02-27T23:56:10.545333393Z: [    2.031428] Asymmetric key parser 'x509' registered
[STDOUT  ] 2018-02-27T23:56:10.552895307Z: [    2.036532] Block layer SCSI generic (bsg) driver version 0.4 loaded (major 248)
[STDOUT  ] 2018-02-27T23:56:10.557215333Z: [    2.044219] io scheduler noop registered
[STDOUT  ] 2018-02-27T23:56:10.562508269Z: [    2.048358] io scheduler deadline registered (default)
[STDOUT  ] 2018-02-27T23:56:10.566875974Z: [    2.053933] io scheduler cfq registered
[STDOUT  ] 2018-02-27T23:56:10.571559150Z: [    2.057920] io scheduler mq-deadline registered
[STDOUT  ] 2018-02-27T23:56:10.575685186Z: [    2.062720] io scheduler kyber registered
[STDOUT  ] 2018-02-27T23:56:10.582686526Z: [    2.067001] shpchp: Standard Hot Plug PCI Controller Driver version: 0.4
[STDOUT  ] 2018-02-27T23:56:10.587725341Z: [    2.073996] hv_vmbus: registering driver hyperv_fb
[STDOUT  ] 2018-02-27T23:56:10.595515094Z: [    2.079017] input: Power Button as /devices/LNXSYSTM:00/LNXPWRBN:00/input/input0
[STDOUT  ] 2018-02-27T23:56:10.599565382Z: [    2.086805] ACPI: Power Button [PWRF]
[STDOUT  ] 2018-02-27T23:56:10.606368708Z: [    2.091484] ACPI: PCI Interrupt Link [GSIG] enabled at IRQ 22
[STDOUT  ] 2018-02-27T23:56:10.618493373Z: [    2.103586] ACPI: PCI Interrupt Link [GSIH] enabled at IRQ 23
[STDOUT  ] 2018-02-27T23:56:10.631394578Z: [    2.115773] Serial: 8250/16550 driver, 4 ports, IRQ sharing disabled
[STDOUT  ] 2018-02-27T23:56:10.673488066Z: [    2.156581] 00:04: ttyS0 at I/O 0x3f8 (irq = 4, base_baud = 115200) is a 16550A
[STDOUT  ] 2018-02-27T23:56:10.679496058Z: [    2.165954] Non-volatile memory driver v1.3
[STDOUT  ] 2018-02-27T23:56:10.691462259Z: [    2.172783] Hangcheck: starting hangcheck timer 0.9.1 (tick is 180 seconds, margin is 60 seconds).
[STDOUT  ] 2018-02-27T23:56:10.695790932Z: [    2.183174] random: crng init done
[STDOUT  ] 2018-02-27T23:56:10.702741976Z: [    2.190414] brd: module loaded
[STDOUT  ] 2018-02-27T23:56:10.707959087Z: [    2.195547] loop: module loaded
[STDOUT  ] 2018-02-27T23:56:10.718861411Z: [    2.203025] lpc_ich 0000:00:1f.0: I/O space for GPIO uninitialized
[STDOUT  ] 2018-02-27T23:56:10.724675500Z: [    2.210242] VMware PVSCSI driver - version 1.0.7.0-k
[STDOUT  ] 2018-02-27T23:56:10.730329714Z: [    2.215853] hv_vmbus: registering driver hv_storvsc
[STDOUT  ] 2018-02-27T23:56:10.737429500Z: [    2.222109] ACPI: PCI Interrupt Link [GSIA] enabled at IRQ 16
[STDOUT  ] 2018-02-27T23:56:10.750280071Z: [    2.231740] ahci 0000:00:1f.2: AHCI 0001.0000 32 slots 6 ports 1.5 Gbps 0x3f impl SATA mode
[STDOUT  ] 2018-02-27T23:56:10.755968811Z: [    2.241413] ahci 0000:00:1f.2: flags: 64bit ncq only 
[STDOUT  ] 2018-02-27T23:56:10.762648844Z: [    2.250577] scsi host0: ahci
[STDOUT  ] 2018-02-27T23:56:10.766114537Z: [    2.253922] scsi host1: ahci
[STDOUT  ] 2018-02-27T23:56:10.769619588Z: [    2.257406] scsi host2: ahci
[STDOUT  ] 2018-02-27T23:56:10.773124726Z: [    2.260980] scsi host3: ahci
[STDOUT  ] 2018-02-27T23:56:10.776394535Z: [    2.264364] scsi host4: ahci
[STDOUT  ] 2018-02-27T23:56:10.779834902Z: [    2.267676] scsi host5: ahci
[STDOUT  ] 2018-02-27T23:56:10.789479864Z: [    2.271210] ata1: SATA max UDMA/133 abar m4096@0xfebd2000 port 0xfebd2100 irq 24
[STDOUT  ] 2018-02-27T23:56:10.797911011Z: [    2.280666] ata2: SATA max UDMA/133 abar m4096@0xfebd2000 port 0xfebd2180 irq 24
[STDOUT  ] 2018-02-27T23:56:10.805870756Z: [    2.289124] ata3: SATA max UDMA/133 abar m4096@0xfebd2000 port 0xfebd2200 irq 24
[STDOUT  ] 2018-02-27T23:56:10.813482678Z: [    2.297066] ata4: SATA max UDMA/133 abar m4096@0xfebd2000 port 0xfebd2280 irq 24
[STDOUT  ] 2018-02-27T23:56:10.821305076Z: [    2.304772] ata5: SATA max UDMA/133 abar m4096@0xfebd2000 port 0xfebd2300 irq 24
[STDOUT  ] 2018-02-27T23:56:10.828855782Z: [    2.312583] ata6: SATA max UDMA/133 abar m4096@0xfebd2000 port 0xfebd2380 irq 24
[STDOUT  ] 2018-02-27T23:56:10.835225458Z: [    2.321122] tun: Universal TUN/TAP device driver, 1.6
[STDOUT  ] 2018-02-27T23:56:10.848212918Z: [    2.332395] VMware vmxnet3 virtual NIC driver - version 1.4.a.0-k-NAPI
[STDOUT  ] 2018-02-27T23:56:10.853407090Z: [    2.339485] hv_vmbus: registering driver hv_netvsc
[STDOUT  ] 2018-02-27T23:56:10.857703625Z: [    2.344666] Fusion MPT base driver 3.04.20
[STDOUT  ] 2018-02-27T23:56:10.862878770Z: [    2.348867] Copyright (c) 1999-2008 LSI Corporation
[STDOUT  ] 2018-02-27T23:56:10.867686350Z: [    2.354039] Fusion MPT SPI Host driver 3.04.20
[STDOUT  ] 2018-02-27T23:56:10.875908339Z: [    2.358850] i8042: PNP: PS/2 Controller [PNP0303:KBD,PNP0f13:MOU] at 0x60,0x64 irq 1,12
[STDOUT  ] 2018-02-27T23:56:10.884731031Z: [    2.370713] serio: i8042 KBD port at 0x60,0x64 irq 1
[STDOUT  ] 2018-02-27T23:56:10.890094014Z: [    2.375898] serio: i8042 AUX port at 0x60,0x64 irq 12
[STDOUT  ] 2018-02-27T23:56:10.895856037Z: [    2.381497] hv_vmbus: registering driver hyperv_keyboard
[STDOUT  ] 2018-02-27T23:56:10.902037836Z: [    2.387029] mousedev: PS/2 mouse device common for all mice
[STDOUT  ] 2018-02-27T23:56:10.912353027Z: [    2.394620] input: AT Translated Set 2 keyboard as /devices/platform/i8042/serio0/input/input1
[STDOUT  ] 2018-02-27T23:56:10.919327399Z: [    2.403619] input: PC Speaker as /devices/platform/pcspkr/input/input2
[STDOUT  ] 2018-02-27T23:56:10.925233998Z: [    2.411566] rtc_cmos 00:00: RTC can wake from S4
[STDOUT  ] 2018-02-27T23:56:10.933296669Z: [    2.418029] rtc_cmos 00:00: rtc core: registered rtc_cmos as rtc0
[STDOUT  ] 2018-02-27T23:56:10.941867819Z: [    2.425320] rtc_cmos 00:00: alarms up to one day, y3k, 114 bytes nvram, hpet irqs
[STDOUT  ] 2018-02-27T23:56:10.945583439Z: [    2.433022] i2c /dev entries driver
[STDOUT  ] 2018-02-27T23:56:10.954889300Z: [    2.436824] device-mapper: ioctl: 4.37.0-ioctl (2017-09-20) initialised: dm-devel@redhat.com
[STDOUT  ] 2018-02-27T23:56:10.962155353Z: [    2.446845] usbcore: registered new interface driver usbhid
[STDOUT  ] 2018-02-27T23:56:10.966901017Z: [    2.453382] usbhid: USB HID core driver
[STDOUT  ] 2018-02-27T23:56:10.972996797Z: [    2.458039] hv_utils: Registering HyperV Utility Driver
[STDOUT  ] 2018-02-27T23:56:10.978411803Z: [    2.464245] hv_vmbus: registering driver hv_util
[STDOUT  ] 2018-02-27T23:56:10.983985039Z: [    2.469570] hv_vmbus: registering driver hv_balloon
[STDOUT  ] 2018-02-27T23:56:10.988791754Z: [    2.475259] oprofile: using NMI interrupt.
[STDOUT  ] 2018-02-27T23:56:10.992604199Z: [    2.480173] GACT probability on
[STDOUT  ] 2018-02-27T23:56:10.996919759Z: [    2.483798] Mirror/redirect action on
[STDOUT  ] 2018-02-27T23:56:11.000790263Z: [    2.488056] Simple TC action Loaded
[STDOUT  ] 2018-02-27T23:56:11.003910210Z: [    2.492031] u32 classifier
[STDOUT  ] 2018-02-27T23:56:11.008126844Z: [    2.495055]     Performance counters on
[STDOUT  ] 2018-02-27T23:56:11.012047818Z: [    2.499274]     input device check on
[STDOUT  ] 2018-02-27T23:56:11.015772855Z: [    2.503302]     Actions configured
[STDOUT  ] 2018-02-27T23:56:11.020670405Z: [    2.506869] Netfilter messages via NETLINK v0.30.
[STDOUT  ] 2018-02-27T23:56:11.025678294Z: [    2.511848] nfnl_acct: registering with nfnetlink.
[STDOUT  ] 2018-02-27T23:56:11.031993438Z: [    2.516915] nf_conntrack version 0.5.0 (8192 buckets, 32768 max)
[STDOUT  ] 2018-02-27T23:56:11.037529739Z: [    2.523235] ctnetlink v0.93: registering with nfnetlink.
[STDOUT  ] 2018-02-27T23:56:11.044429432Z: [    2.528755] nf_tables: (c) 2007-2009 Patrick McHardy <kaber@trash.net>
[STDOUT  ] 2018-02-27T23:56:11.051819837Z: [    2.535607] nf_tables_compat: (c) 2012 Pablo Neira Ayuso <pablo@netfilter.org>
[STDOUT  ] 2018-02-27T23:56:11.056968742Z: [    2.543490] xt_time: kernel timezone is -0000
[STDOUT  ] 2018-02-27T23:56:11.060195722Z: [    2.548043] ip_set: protocol 6
[STDOUT  ] 2018-02-27T23:56:11.066717309Z: [    2.551696] IPVS: Registered protocols (TCP, UDP, SCTP, AH, ESP)
[STDOUT  ] 2018-02-27T23:56:11.074499816Z: [    2.558214] IPVS: Connection hash table configured (size=4096, memory=64Kbytes)
[STDOUT  ] 2018-02-27T23:56:11.078170088Z: [    2.566077] IPVS: ipvs loaded.
[STDOUT  ] 2018-02-27T23:56:11.082623044Z: [    2.569240] IPVS: [rr] scheduler registered.
[STDOUT  ] 2018-02-27T23:56:11.087440378Z: [    2.574032] IPVS: [wrr] scheduler registered.
[STDOUT  ] 2018-02-27T23:56:11.091869839Z: [    2.578513] IPVS: [lc] scheduler registered.
[STDOUT  ] 2018-02-27T23:56:11.096692585Z: [    2.583277] IPVS: [wlc] scheduler registered.
[STDOUT  ] 2018-02-27T23:56:11.101100093Z: [    2.587764] IPVS: [fo] scheduler registered.
[STDOUT  ] 2018-02-27T23:56:11.105959491Z: [    2.592601] IPVS: [ovf] scheduler registered.
[STDOUT  ] 2018-02-27T23:56:11.110663462Z: [    2.597045] IPVS: [lblc] scheduler registered.
[STDOUT  ] 2018-02-27T23:56:11.115633013Z: [    2.602104] IPVS: [lblcr] scheduler registered.
[STDOUT  ] 2018-02-27T23:56:11.120347027Z: [    2.606791] IPVS: [dh] scheduler registered.
[STDOUT  ] 2018-02-27T23:56:11.125105954Z: [    2.611787] IPVS: [sh] scheduler registered.
[STDOUT  ] 2018-02-27T23:56:11.129653521Z: [    2.616253] IPVS: [sed] scheduler registered.
[STDOUT  ] 2018-02-27T23:56:11.134538507Z: [    2.621138] IPVS: [nq] scheduler registered.
[STDOUT  ] 2018-02-27T23:56:11.139687759Z: [    2.625603] IPVS: ftp: loaded support on port[0] = 21
[STDOUT  ] 2018-02-27T23:56:11.145871542Z: [    2.631241] ipip: IPv4 and MPLS over IPv4 tunneling driver
[STDOUT  ] 2018-02-27T23:56:11.151353145Z: [    2.637422] gre: GRE over IPv4 demultiplexor driver
[STDOUT  ] 2018-02-27T23:56:11.157170953Z: [    2.642822] ip_tables: (C) 2000-2006 Netfilter Core Team
[STDOUT  ] 2018-02-27T23:56:11.163936110Z: [    2.648610] ipt_CLUSTERIP: ClusterIP Version 0.8 loaded successfully
[STDOUT  ] 2018-02-27T23:56:11.170322164Z: [    2.655746] ata4: SATA link down (SStatus 0 SControl 300)
[STDOUT  ] 2018-02-27T23:56:11.177530629Z: [    2.662281] ata3: SATA link up 1.5 Gbps (SStatus 113 SControl 300)
[STDOUT  ] 2018-02-27T23:56:11.183648836Z: [    2.669054] ata3.00: ATAPI: QEMU DVD-ROM, 2.5+, max UDMA/100
[STDOUT  ] 2018-02-27T23:56:11.188034059Z: [    2.674894] ata3.00: applying bridge limits
[STDOUT  ] 2018-02-27T23:56:11.194572362Z: [    2.680012] ata2: SATA link down (SStatus 0 SControl 300)
[STDOUT  ] 2018-02-27T23:56:11.201688973Z: [    2.686518] ata1: SATA link up 1.5 Gbps (SStatus 113 SControl 300)
[STDOUT  ] 2018-02-27T23:56:11.208529009Z: [    2.693838] ata6: SATA link down (SStatus 0 SControl 300)
[STDOUT  ] 2018-02-27T23:56:11.214899601Z: [    2.700439] ata5: SATA link down (SStatus 0 SControl 300)
[STDOUT  ] 2018-02-27T23:56:11.220882794Z: [    2.706252] arp_tables: arp_tables: (C) 2002 David S. Miller
[STDOUT  ] 2018-02-27T23:56:11.226882335Z: [    2.712153] ata1.00: ATA-7: QEMU HARDDISK, 2.5+, max UDMA/100
[STDOUT  ] 2018-02-27T23:56:11.233690169Z: [    2.718040] ata1.00: 524288 sectors, multi 16: LBA48 NCQ (depth 31/32)
[STDOUT  ] 2018-02-27T23:56:11.238111399Z: [    2.724862] ata1.00: applying bridge limits
[STDOUT  ] 2018-02-27T23:56:11.243291772Z: [    2.729660] NET: Registered protocol family 10
[STDOUT  ] 2018-02-27T23:56:11.247644941Z: [    2.734856] Segment Routing with IPv6
[STDOUT  ] 2018-02-27T23:56:11.253231626Z: [    2.738742] ip6_tables: (C) 2000-2006 Netfilter Core Team
[STDOUT  ] 2018-02-27T23:56:11.257987827Z: [    2.744765] ata3.00: configured for UDMA/100
[STDOUT  ] 2018-02-27T23:56:11.263763762Z: [    2.750155] ata1.00: configured for UDMA/100
[STDOUT  ] 2018-02-27T23:56:11.273240093Z: [    2.755079] scsi 0:0:0:0: Direct-Access     ATA      QEMU HARDDISK    2.5+ PQ: 0 ANSI: 5
[STDOUT  ] 2018-02-27T23:56:11.278524818Z: [    2.764830] NET: Registered protocol family 17
[STDOUT  ] 2018-02-27T23:56:11.283124820Z: [    2.769749] Bridge firewalling registered
[STDOUT  ] 2018-02-27T23:56:11.288830372Z: [    2.774581] sd 0:0:0:0: Attached scsi generic sg0 type 0
[STDOUT  ] 2018-02-27T23:56:11.296532361Z: [    2.780214] sd 0:0:0:0: [sda] 524288 512-byte logical blocks: (268 MB/256 MiB)
[STDOUT  ] 2018-02-27T23:56:11.300398145Z: [    2.787645] Ebtables v2.0 registered
[STDOUT  ] 2018-02-27T23:56:11.309989367Z: [    2.791993] scsi 2:0:0:0: CD-ROM            QEMU     QEMU DVD-ROM     2.5+ PQ: 0 ANSI: 5
[STDOUT  ] 2018-02-27T23:56:11.314971270Z: [    2.801159] sd 0:0:0:0: [sda] Write Protect is off
[STDOUT  ] 2018-02-27T23:56:11.319475734Z: [    2.806221] 8021q: 802.1Q VLAN Support v1.8
[STDOUT  ] 2018-02-27T23:56:11.328665086Z: [    2.810657] sd 0:0:0:0: [sda] Write cache: enabled, read cache: enabled, doesn't support DPO or FUA
[STDOUT  ] 2018-02-27T23:56:11.333224956Z: [    2.819895] 9pnet: Installing 9P2000 support
[STDOUT  ] 2018-02-27T23:56:11.339292355Z: [    2.825795] Key type dns_resolver registered
[STDOUT  ] 2018-02-27T23:56:11.345502472Z: [    2.831287] sd 0:0:0:0: [sda] Attached SCSI disk
[STDOUT  ] 2018-02-27T23:56:11.350366538Z: [    2.836807] registered taskstats version 1
[STDOUT  ] 2018-02-27T23:56:11.360743937Z: [    2.847484] Key type big_key registered
[STDOUT  ] 2018-02-27T23:56:11.368019297Z: [    2.854977] Key type encrypted registered
[STDOUT  ] 2018-02-27T23:56:11.377333658Z: [    2.860955] sr 2:0:0:0: [sr0] scsi3-mmc drive: 4x/4x cd/rw xa/form2 tray
[STDOUT  ] 2018-02-27T23:56:11.383059054Z: [    2.868391] cdrom: Uniform CD-ROM driver Revision: 3.20
[STDOUT  ] 2018-02-27T23:56:11.392334607Z: [    2.875227] rtc_cmos 00:00: setting system clock to 2018-02-27 23:56:10 UTC (1519775770)
[STDOUT  ] 2018-02-27T23:56:11.399441522Z: [    2.884163] sr 2:0:0:0: Attached scsi generic sg1 type 5
[STDOUT  ] 2018-02-27T23:56:11.408246589Z: [    2.894318] Freeing unused kernel memory: 1504K
[STDOUT  ] 2018-02-27T23:56:11.414971208Z: [    2.899425] Write protecting the kernel read-only data: 18432k
[STDOUT  ] 2018-02-27T23:56:11.420818907Z: [    2.906946] Freeing unused kernel memory: 2024K
[STDOUT  ] 2018-02-27T23:56:11.429303631Z: [    2.915259] Freeing unused kernel memory: 1136K
[STDOUT  ] 2018-02-27T23:56:11.977100733Z: 
[STDOUT  ] 2018-02-27T23:56:11.979033383Z: Welcome to LinuxKit
[STDOUT  ] 2018-02-27T23:56:11.979963711Z: 
[STDOUT  ] 2018-02-27T23:56:11.982883875Z:                         ##         .
[STDOUT  ] 2018-02-27T23:56:11.985712814Z:                   ## ## ##        ==
[STDOUT  ] 2018-02-27T23:56:11.988505778Z:                ## ## ## ## ##    ===
[STDOUT  ] 2018-02-27T23:56:11.991623991Z:            /"""""""""""""""""\___/ ===
[STDOUT  ] 2018-02-27T23:56:11.994686347Z:           {                       /  ===-
[STDOUT  ] 2018-02-27T23:56:11.997358503Z:            \______ O           __/
[STDOUT  ] 2018-02-27T23:56:11.999940170Z:              \    \         __/
[STDOUT  ] 2018-02-27T23:56:12.002270598Z:               \____\_______/
[STDOUT  ] 2018-02-27T23:56:12.002980177Z: 
[STDOUT  ] 2018-02-27T23:56:12.042843809Z: [    3.528553] IPVS: ftp: loaded support on port[0] = 21
[STDOUT  ] 2018-02-27T23:56:12.107406535Z: 2018/02/27 23:56:11 Creating partition on /dev/sda
[STDOUT  ] 2018-02-27T23:56:12.127909352Z: [    3.616760]  sda:
[STDOUT  ] 2018-02-27T23:56:12.136826416Z: [    3.625242]  sda:
[STDOUT  ] 2018-02-27T23:56:12.155068560Z: [    3.643248]  sda: sda1
[STDOUT  ] 2018-02-27T23:56:12.163679264Z: [    3.650853]  sda: sda1
[STDOUT  ] 2018-02-27T23:56:13.227834166Z: [    4.712642] mkfs.xfs: sending ioctl 1261 to a partition!
[STDOUT  ] 2018-02-27T23:56:13.233514589Z: 2018/02/27 23:56:12 Partition /dev/sda1 successfully created!
[STDOUT  ] 2018-02-27T23:56:13.305819041Z: [    4.791236] IPVS: ftp: loaded support on port[0] = 21
[STDOUT  ] 2018-02-27T23:56:13.362598987Z: [    4.841622] FAT-fs (sda1): utf8 is not a recommended IO charset for FAT filesystems, filesystem will be case sensitive!
[STDOUT  ] 2018-02-27T23:56:13.375545918Z: [    4.854664] FAT-fs (sda1): utf8 is not a recommended IO charset for FAT filesystems, filesystem will be case sensitive!
[STDOUT  ] 2018-02-27T23:56:13.382195655Z: [    4.867642] mount: sending ioctl 5310 to a partition!
[STDOUT  ] 2018-02-27T23:56:13.414384630Z: [    4.899798] mount: sending ioctl 5310 to a partition!
[STDOUT  ] 2018-02-27T23:56:13.422837501Z: [    4.909041] XFS (sda1): Mounting V5 Filesystem
[STDOUT  ] 2018-02-27T23:56:13.441751474Z: [    4.926336] XFS (sda1): Ending clean mount
[STDOUT  ] 2018-02-27T23:56:23.778422267Z: [   15.264757] sd 0:0:0:0: [sda] Synchronizing SCSI cache
[STDOUT  ] 2018-02-27T23:56:23.782308801Z: [   15.269814] sd 0:0:0:0: [sda] Stopping disk
[STDOUT  ] 2018-02-27T23:56:23.788136939Z: [   15.274571] ACPI: Preparing to enter system sleep state S5
[STDOUT  ] 2018-02-27T23:56:23.791256143Z: [   15.279641] reboot: Power down
[STDERR  ] 2018-02-27T23:56:24.144734858Z: + [ -f disk.img ]
[STDERR  ] 2018-02-27T23:56:24.144792087Z: + dd if=/dev/zero bs=1048576 count=256
[STDERR  ] 2018-02-27T23:56:24.322891286Z: 256+0 records in
[STDERR  ] 2018-02-27T23:56:24.322952582Z: 256+0 records out
[STDERR  ] 2018-02-27T23:56:24.322975415Z: 268435456 bytes (268 MB) copied, 0.177303 s, 1.5 GB/s
[STDERR  ] 2018-02-27T23:56:24.323130997Z: + linuxkit build -format kernel+initrd -name extend-xfs test.yml
[STDERR  ] 2018-02-27T23:56:24.376005192Z: Extract kernel image: linuxkit/kernel:4.14.22
[STDERR  ] 2018-02-27T23:56:25.506425648Z: time="2018-02-27T23:56:25Z" level=warning msg="certificate with CN Justin Cormack is near expiry"
[STDERR  ] 2018-02-27T23:56:25.506499124Z: time="2018-02-27T23:56:25Z" level=warning msg="certificate with CN  is near expiry"
[STDERR  ] 2018-02-27T23:56:25.506511667Z: time="2018-02-27T23:56:25Z" level=warning msg="certificate with CN  is near expiry"
[STDERR  ] 2018-02-27T23:56:25.506643620Z: time="2018-02-27T23:56:25Z" level=warning msg="certificate with CN avi@atomicinc.com is near expiry"
[STDERR  ] 2018-02-27T23:56:25.506660998Z: time="2018-02-27T23:56:25Z" level=warning msg="certificate with CN Ian Campbell is near expiry"
[STDERR  ] 2018-02-27T23:56:25.558731786Z: time="2018-02-27T23:56:25Z" level=warning msg="certificate with CN Justin Cormack is near expiry"
[STDERR  ] 2018-02-27T23:56:25.950462098Z: Add init containers:
[STDERR  ] 2018-02-27T23:56:25.950511144Z: Process init image: linuxkit/init:d899eee3560a40aa3b4bdd67b3bb82703714b2b9
[STDERR  ] 2018-02-27T23:56:26.992287045Z: time="2018-02-27T23:56:26Z" level=warning msg="certificate with CN  is near expiry"
[STDERR  ] 2018-02-27T23:56:26.992356466Z: time="2018-02-27T23:56:26Z" level=warning msg="certificate with CN  is near expiry"
[STDERR  ] 2018-02-27T23:56:26.992483071Z: time="2018-02-27T23:56:26Z" level=warning msg="certificate with CN avi@atomicinc.com is near expiry"
[STDERR  ] 2018-02-27T23:56:26.992501631Z: time="2018-02-27T23:56:26Z" level=warning msg="certificate with CN Ian Campbell is near expiry"
[STDERR  ] 2018-02-27T23:56:26.992553327Z: time="2018-02-27T23:56:26Z" level=warning msg="certificate with CN Justin Cormack is near expiry"
[STDERR  ] 2018-02-27T23:56:26.996717563Z: time="2018-02-27T23:56:26Z" level=warning msg="certificate with CN Justin Cormack is near expiry"
[STDERR  ] 2018-02-27T23:56:26.998241755Z: time="2018-02-27T23:56:26Z" level=warning msg="certificate with CN Ian Campbell is near expiry"
[STDERR  ] 2018-02-27T23:56:26.998310938Z: time="2018-02-27T23:56:26Z" level=warning msg="certificate with CN  is near expiry"
[STDERR  ] 2018-02-27T23:56:27.181772206Z: Process init image: linuxkit/runc:7c39a68490a12cde830e1922f171c451fb08e731
[STDERR  ] 2018-02-27T23:56:28.205591478Z: time="2018-02-27T23:56:28Z" level=warning msg="certificate with CN  is near expiry"
[STDERR  ] 2018-02-27T23:56:28.205656774Z: time="2018-02-27T23:56:28Z" level=warning msg="certificate with CN  is near expiry"
[STDERR  ] 2018-02-27T23:56:28.205780466Z: time="2018-02-27T23:56:28Z" level=warning msg="certificate with CN avi@atomicinc.com is near expiry"
[STDERR  ] 2018-02-27T23:56:28.205804177Z: time="2018-02-27T23:56:28Z" level=warning msg="certificate with CN Ian Campbell is near expiry"
[STDERR  ] 2018-02-27T23:56:28.205896846Z: time="2018-02-27T23:56:28Z" level=warning msg="certificate with CN Justin Cormack is near expiry"
[STDERR  ] 2018-02-27T23:56:28.210225513Z: time="2018-02-27T23:56:28Z" level=warning msg="certificate with CN Justin Cormack is near expiry"
[STDERR  ] 2018-02-27T23:56:28.211715905Z: time="2018-02-27T23:56:28Z" level=warning msg="certificate with CN  is near expiry"
[STDERR  ] 2018-02-27T23:56:28.211796338Z: time="2018-02-27T23:56:28Z" level=warning msg="certificate with CN Ian Campbell is near expiry"
[STDERR  ] 2018-02-27T23:56:28.356223929Z: Add onboot containers:
[STDERR  ] 2018-02-27T23:56:28.356274990Z:   Create OCI config for linuxkit/extend:v0.2
[STDERR  ] 2018-02-27T23:56:29.379292166Z: time="2018-02-27T23:56:29Z" level=warning msg="certificate with CN Moby CI is near expiry"
[STDERR  ] 2018-02-27T23:56:29.379346204Z: time="2018-02-27T23:56:29Z" level=warning msg="certificate with CN  is near expiry"
[STDERR  ] 2018-02-27T23:56:29.379437639Z: time="2018-02-27T23:56:29Z" level=warning msg="certificate with CN Justin Cormack is near expiry"
[STDERR  ] 2018-02-27T23:56:29.379550342Z: time="2018-02-27T23:56:29Z" level=warning msg="certificate with CN Rolf Neugebauer is near expiry"
[STDERR  ] 2018-02-27T23:56:29.379620490Z: time="2018-02-27T23:56:29Z" level=warning msg="certificate with CN Ian Campbell is near expiry"
[STDERR  ] 2018-02-27T23:56:29.379679580Z: time="2018-02-27T23:56:29Z" level=warning msg="certificate with CN  is near expiry"
[STDERR  ] 2018-02-27T23:56:29.380815176Z: time="2018-02-27T23:56:29Z" level=warning msg="certificate with CN  is near expiry"
[STDERR  ] 2018-02-27T23:56:29.380899575Z: time="2018-02-27T23:56:29Z" level=warning msg="certificate with CN Ian Campbell is near expiry"
[STDERR  ] 2018-02-27T23:56:29.382093340Z: time="2018-02-27T23:56:29Z" level=warning msg="certificate with CN Rolf Neugebauer is near expiry"
[STDERR  ] 2018-02-27T23:56:29.725502627Z:   Create OCI config for linuxkit/mount:v0.2
[STDERR  ] 2018-02-27T23:56:30.755995745Z: time="2018-02-27T23:56:30Z" level=warning msg="certificate with CN Rolf Neugebauer is near expiry"
[STDERR  ] 2018-02-27T23:56:30.756048606Z: time="2018-02-27T23:56:30Z" level=warning msg="certificate with CN  is near expiry"
[STDERR  ] 2018-02-27T23:56:30.756164264Z: time="2018-02-27T23:56:30Z" level=warning msg="certificate with CN  is near expiry"
[STDERR  ] 2018-02-27T23:56:30.756233958Z: time="2018-02-27T23:56:30Z" level=warning msg="certificate with CN avi@atomicinc.com is near expiry"
[STDERR  ] 2018-02-27T23:56:30.756329908Z: time="2018-02-27T23:56:30Z" level=warning msg="certificate with CN Ian Campbell is near expiry"
[STDERR  ] 2018-02-27T23:56:30.756444456Z: time="2018-02-27T23:56:30Z" level=warning msg="certificate with CN Justin Cormack is near expiry"
[STDERR  ] 2018-02-27T23:56:30.759149020Z: time="2018-02-27T23:56:30Z" level=warning msg="certificate with CN Justin Cormack is near expiry"
[STDERR  ] 2018-02-27T23:56:30.760250778Z: time="2018-02-27T23:56:30Z" level=warning msg="certificate with CN Rolf Neugebauer is near expiry"
[STDERR  ] 2018-02-27T23:56:30.761054904Z: time="2018-02-27T23:56:30Z" level=warning msg="certificate with CN  is near expiry"
[STDERR  ] 2018-02-27T23:56:30.761128603Z: time="2018-02-27T23:56:30Z" level=warning msg="certificate with CN Ian Campbell is near expiry"
[STDERR  ] 2018-02-27T23:56:31.760307188Z:   Create OCI config for alpine:3.7
[STDERR  ] 2018-02-27T23:56:32.954096571Z:   Create OCI config for linuxkit/poweroff:f9a0a5e52fd2a97908bda33db2afffafe4a6a67d
[STDERR  ] 2018-02-27T23:56:33.981794760Z: time="2018-02-27T23:56:33Z" level=warning msg="certificate with CN Justin Cormack is near expiry"
[STDERR  ] 2018-02-27T23:56:33.981981282Z: time="2018-02-27T23:56:33Z" level=warning msg="certificate with CN Rolf Neugebauer is near expiry"
[STDERR  ] 2018-02-27T23:56:33.982037208Z: time="2018-02-27T23:56:33Z" level=warning msg="certificate with CN  is near expiry"
[STDERR  ] 2018-02-27T23:56:33.982241978Z: time="2018-02-27T23:56:33Z" level=warning msg="certificate with CN  is near expiry"
[STDERR  ] 2018-02-27T23:56:33.982345214Z: time="2018-02-27T23:56:33Z" level=warning msg="certificate with CN avi@atomicinc.com is near expiry"
[STDERR  ] 2018-02-27T23:56:33.982430800Z: time="2018-02-27T23:56:33Z" level=warning msg="certificate with CN Ian Campbell is near expiry"
[STDERR  ] 2018-02-27T23:56:33.989381421Z: time="2018-02-27T23:56:33Z" level=warning msg="certificate with CN Rolf Neugebauer is near expiry"
[STDERR  ] 2018-02-27T23:56:33.991552322Z: time="2018-02-27T23:56:33Z" level=warning msg="certificate with CN  is near expiry"
[STDERR  ] 2018-02-27T23:56:33.991751290Z: time="2018-02-27T23:56:33Z" level=warning msg="certificate with CN Ian Campbell is near expiry"
[STDERR  ] 2018-02-27T23:56:34.218641933Z: Add files:
[STDERR  ] 2018-02-27T23:56:34.218692267Z:   check.sh
[STDERR  ] 2018-02-27T23:56:34.233586550Z: Create outputs:
[STDERR  ] 2018-02-27T23:56:40.353141895Z:   extend-xfs-kernel extend-xfs-initrd.img extend-xfs-cmdline
[STDERR  ] 2018-02-27T23:56:40.480624465Z: + linuxkit run -disk file=disk.img extend-xfs
[STDERR  ] 2018-02-27T23:56:40.503757662Z: Unable to find qemu-system-x86_64 within the $PATH. Using a container
[STDERR  ] 2018-02-27T23:56:40.503843061Z: Using existing disk [disk.img] format 
[STDERR  ] 2018-02-27T23:56:41.012676335Z: WARNING: Image format was not specified for 'disk.img' and probing guessed raw.
[STDERR  ] 2018-02-27T23:56:41.012740385Z:          Automatically detecting the format is dangerous for raw images, write operations on block 0 will be restricted.
[STDERR  ] 2018-02-27T23:56:41.012769312Z:          Specify the 'raw' format explicitly to remove the restrictions.
[STDERR  ] 2018-02-27T23:56:58.327169072Z: + RESULT=[    0.000000] Linux version 4.14.22-linuxkit (root@7ea7e084831d) (gcc version 6.4.0 (Alpine 6.4.0)) #1 SMP Mon Feb 26 14:48:56 UTC 2018
[STDERR  ] 2018-02-27T23:56:58.327226586Z: [    0.000000] Command line: console=ttyS0 console=ttyAMA0
[STDERR  ] 2018-02-27T23:56:58.327239278Z: [    0.000000] x86/fpu: x87 FPU will use FXSAVE
[STDERR  ] 2018-02-27T23:56:58.327248704Z: [    0.000000] e820: BIOS-provided physical RAM map:
[STDERR  ] 2018-02-27T23:56:58.327258351Z: [    0.000000] BIOS-e820: [mem 0x0000000000000000-0x000000000009fbff] usable
[STDERR  ] 2018-02-27T23:56:58.327268944Z: [    0.000000] BIOS-e820: [mem 0x000000000009fc00-0x000000000009ffff] reserved
[STDERR  ] 2018-02-27T23:56:58.327278557Z: [    0.000000] BIOS-e820: [mem 0x00000000000f0000-0x00000000000fffff] reserved
[STDERR  ] 2018-02-27T23:56:58.327288671Z: [    0.000000] BIOS-e820: [mem 0x0000000000100000-0x000000003ffdefff] usable
[STDERR  ] 2018-02-27T23:56:58.327298074Z: [    0.000000] BIOS-e820: [mem 0x000000003ffdf000-0x000000003fffffff] reserved
[STDERR  ] 2018-02-27T23:56:58.327307185Z: [    0.000000] BIOS-e820: [mem 0x00000000b0000000-0x00000000bfffffff] reserved
[STDERR  ] 2018-02-27T23:56:58.327316066Z: [    0.000000] BIOS-e820: [mem 0x00000000fed1c000-0x00000000fed1ffff] reserved
[STDERR  ] 2018-02-27T23:56:58.327324444Z: [    0.000000] BIOS-e820: [mem 0x00000000feffc000-0x00000000feffffff] reserved
[STDERR  ] 2018-02-27T23:56:58.327335015Z: [    0.000000] BIOS-e820: [mem 0x00000000fffc0000-0x00000000ffffffff] reserved
[STDERR  ] 2018-02-27T23:56:58.327343845Z: [    0.000000] NX (Execute Disable) protection: active
[STDERR  ] 2018-02-27T23:56:58.327352183Z: [    0.000000] random: fast init done
[STDERR  ] 2018-02-27T23:56:58.327360877Z: [    0.000000] SMBIOS 2.8 present.
[STDERR  ] 2018-02-27T23:56:58.327377859Z: [    0.000000] DMI: QEMU Standard PC (Q35 + ICH9, 2009), BIOS rel-1.10.2-0-g5f4c7b1-prebuilt.qemu-project.org 04/01/2014
[STDERR  ] 2018-02-27T23:56:58.327388175Z: [    0.000000] Hypervisor detected: KVM
[STDERR  ] 2018-02-27T23:56:58.327399131Z: [    0.000000] tsc: Fast TSC calibration failed
[STDERR  ] 2018-02-27T23:56:58.327408092Z: [    0.000000] tsc: Unable to calibrate against PIT
[STDERR  ] 2018-02-27T23:56:58.327416866Z: [    0.000000] tsc: No reference (HPET/PMTIMER) available
[STDERR  ] 2018-02-27T23:56:58.327425947Z: [    0.000000] e820: last_pfn = 0x3ffdf max_arch_pfn = 0x400000000
[STDERR  ] 2018-02-27T23:56:58.327435119Z: [    0.000000] x86/PAT: PAT not supported by CPU.
[STDERR  ] 2018-02-27T23:56:58.327446059Z: [    0.000000] x86/PAT: Configuration [0-7]: WB  WT  UC- UC  WB  WT  UC- UC  
[STDERR  ] 2018-02-27T23:56:58.327455245Z: [    0.000000] found SMP MP-table at [mem 0x000f6aa0-0x000f6aaf] mapped at [ffffffffff200aa0]
[STDERR  ] 2018-02-27T23:56:58.327465062Z: [    0.000000] RAMDISK: [mem 0x3dd79000-0x3ffcffff]
[STDERR  ] 2018-02-27T23:56:58.327473789Z: [    0.000000] ACPI: Early table checksum verification disabled
[STDERR  ] 2018-02-27T23:56:58.327482898Z: [    0.000000] ACPI: RSDP 0x00000000000F68B0 000014 (v00 BOCHS )
[STDERR  ] 2018-02-27T23:56:58.327491806Z: [    0.000000] ACPI: RSDT 0x000000003FFE20A8 000034 (v01 BOCHS  BXPCRSDT 00000001 BXPC 00000001)
[STDERR  ] 2018-02-27T23:56:58.327501059Z: [    0.000000] ACPI: FACP 0x000000003FFE1EC8 0000F4 (v03 BOCHS  BXPCFACP 00000001 BXPC 00000001)
[STDERR  ] 2018-02-27T23:56:58.327511504Z: [    0.000000] ACPI: DSDT 0x000000003FFE0040 001E88 (v01 BOCHS  BXPCDSDT 00000001 BXPC 00000001)
[STDERR  ] 2018-02-27T23:56:58.327529902Z: [    0.000000] ACPI: FACS 0x000000003FFE0000 000040
[STDERR  ] 2018-02-27T23:56:58.327539424Z: [    0.000000] ACPI: APIC 0x000000003FFE1FBC 000078 (v01 BOCHS  BXPCAPIC 00000001 BXPC 00000001)
[STDERR  ] 2018-02-27T23:56:58.327547953Z: [    0.000000] ACPI: HPET 0x000000003FFE2034 000038 (v01 BOCHS  BXPCHPET 00000001 BXPC 00000001)
[STDERR  ] 2018-02-27T23:56:58.327560507Z: [    0.000000] ACPI: MCFG 0x000000003FFE206C 00003C (v01 BOCHS  BXPCMCFG 00000001 BXPC 00000001)
[STDERR  ] 2018-02-27T23:56:58.327569524Z: [    0.000000] kvm-clock: Using msrs 4b564d01 and 4b564d00
[STDERR  ] 2018-02-27T23:56:58.327578645Z: [    0.000000] kvm-clock: cpu 0, msr 0:3ffdd001, primary cpu clock
[STDERR  ] 2018-02-27T23:56:58.327589387Z: [    0.000000] clocksource: kvm-clock: mask: 0xffffffffffffffff max_cycles: 0x1cd42e4dffb, max_idle_ns: 881590591483 ns
[STDERR  ] 2018-02-27T23:56:58.327602192Z: [    0.000000] Zone ranges:
[STDERR  ] 2018-02-27T23:56:58.327611793Z: [    0.000000]   DMA      [mem 0x0000000000001000-0x0000000000ffffff]
[STDERR  ] 2018-02-27T23:56:58.327620429Z: [    0.000000]   DMA32    [mem 0x0000000001000000-0x000000003ffdefff]
[STDERR  ] 2018-02-27T23:56:58.327629012Z: [    0.000000]   Normal   empty
[STDERR  ] 2018-02-27T23:56:58.327637686Z: [    0.000000]   Device   empty
[STDERR  ] 2018-02-27T23:56:58.327649030Z: [    0.000000] Movable zone start for each node
[STDERR  ] 2018-02-27T23:56:58.327658335Z: [    0.000000] Early memory node ranges
[STDERR  ] 2018-02-27T23:56:58.327666646Z: [    0.000000]   node   0: [mem 0x0000000000001000-0x000000000009efff]
[STDERR  ] 2018-02-27T23:56:58.327675313Z: [    0.000000]   node   0: [mem 0x0000000000100000-0x000000003ffdefff]
[STDERR  ] 2018-02-27T23:56:58.327684219Z: [    0.000000] Initmem setup node 0 [mem 0x0000000000001000-0x000000003ffdefff]
[STDERR  ] 2018-02-27T23:56:58.327692887Z: [    0.000000] ACPI: PM-Timer IO Port: 0x608
[STDERR  ] 2018-02-27T23:56:58.327701405Z: [    0.000000] ACPI: LAPIC_NMI (acpi_id[0xff] dfl dfl lint[0x1])
[STDERR  ] 2018-02-27T23:56:58.327710007Z: [    0.000000] IOAPIC[0]: apic_id 0, version 17, address 0xfec00000, GSI 0-23
[STDERR  ] 2018-02-27T23:56:58.327718466Z: [    0.000000] ACPI: INT_SRC_OVR (bus 0 bus_irq 0 global_irq 2 dfl dfl)
[STDERR  ] 2018-02-27T23:56:58.327726880Z: [    0.000000] ACPI: INT_SRC_OVR (bus 0 bus_irq 5 global_irq 5 high level)
[STDERR  ] 2018-02-27T23:56:58.327735380Z: [    0.000000] ACPI: INT_SRC_OVR (bus 0 bus_irq 9 global_irq 9 high level)
[STDERR  ] 2018-02-27T23:56:58.327746361Z: [    0.000000] ACPI: INT_SRC_OVR (bus 0 bus_irq 10 global_irq 10 high level)
[STDERR  ] 2018-02-27T23:56:58.327757565Z: [    0.000000] ACPI: INT_SRC_OVR (bus 0 bus_irq 11 global_irq 11 high level)
[STDERR  ] 2018-02-27T23:56:58.327766005Z: [    0.000000] Using ACPI (MADT) for SMP configuration information
[STDERR  ] 2018-02-27T23:56:58.327774513Z: [    0.000000] ACPI: HPET id: 0x8086a201 base: 0xfed00000
[STDERR  ] 2018-02-27T23:56:58.327783428Z: [    0.000000] smpboot: Allowing 1 CPUs, 0 hotplug CPUs
[STDERR  ] 2018-02-27T23:56:58.327791810Z: [    0.000000] e820: [mem 0x40000000-0xafffffff] available for PCI devices
[STDERR  ] 2018-02-27T23:56:58.327800281Z: [    0.000000] Booting paravirtualized kernel on KVM
[STDERR  ] 2018-02-27T23:56:58.327808900Z: [    0.000000] clocksource: refined-jiffies: mask: 0xffffffff max_cycles: 0xffffffff, max_idle_ns: 19112604462750000 ns
[STDERR  ] 2018-02-27T23:56:58.327819571Z: [    0.000000] setup_percpu: NR_CPUS:128 nr_cpumask_bits:128 nr_cpu_ids:1 nr_node_ids:1
[STDERR  ] 2018-02-27T23:56:58.327827950Z: [    0.000000] percpu: Embedded 44 pages/cpu @ffff92ad3da00000 s143128 r8192 d28904 u2097152
[STDERR  ] 2018-02-27T23:56:58.327836386Z: [    0.000000] KVM setup async PF for cpu 0
[STDERR  ] 2018-02-27T23:56:58.327844763Z: [    0.000000] kvm-stealtime: cpu 0, msr 3da15f00
[STDERR  ] 2018-02-27T23:56:58.327853371Z: [    0.000000] Built 1 zonelists, mobility grouping on.  Total pages: 257896
[STDERR  ] 2018-02-27T23:56:58.327865636Z: [    0.000000] Kernel command line: console=ttyS0 console=ttyAMA0
[STDERR  ] 2018-02-27T23:56:58.327876510Z: [    0.000000] PID hash table entries: 4096 (order: 3, 32768 bytes)
[STDERR  ] 2018-02-27T23:56:58.327885047Z: [    0.000000] Dentry cache hash table entries: 131072 (order: 8, 1048576 bytes)
[STDERR  ] 2018-02-27T23:56:58.327896377Z: [    0.000000] Inode-cache hash table entries: 65536 (order: 7, 524288 bytes)
[STDERR  ] 2018-02-27T23:56:58.327905351Z: [    0.000000] Memory: 969668K/1048052K available (12300K kernel code, 1460K rwdata, 2960K rodata, 1504K init, 628K bss, 78384K reserved, 0K cma-reserved)
[STDERR  ] 2018-02-27T23:56:58.327915407Z: [    0.000000] Kernel/User page tables isolation: enabled
[STDERR  ] 2018-02-27T23:56:58.327923936Z: [    0.000000] ftrace: allocating 40633 entries in 159 pages
[STDERR  ] 2018-02-27T23:56:58.327934105Z: [    0.010000] Hierarchical RCU implementation.
[STDERR  ] 2018-02-27T23:56:58.327942526Z: [    0.010000] 	RCU restricting CPUs from NR_CPUS=128 to nr_cpu_ids=1.
[STDERR  ] 2018-02-27T23:56:58.327950931Z: [    0.010000] RCU: Adjusting geometry for rcu_fanout_leaf=16, nr_cpu_ids=1
[STDERR  ] 2018-02-27T23:56:58.327959197Z: [    0.010000] NR_IRQS: 8448, nr_irqs: 256, preallocated irqs: 16
[STDERR  ] 2018-02-27T23:56:58.327967623Z: [    0.010000] Console: colour VGA+ 80x25
[STDERR  ] 2018-02-27T23:56:58.327979744Z: [    0.010000] console [ttyS0] enabled
[STDERR  ] 2018-02-27T23:56:58.327987960Z: [    0.010000] clocksource: hpet: mask: 0xffffffff max_cycles: 0xffffffff, max_idle_ns: 19112604467 ns
[STDERR  ] 2018-02-27T23:56:58.327997228Z: [    0.010038] tsc: Detected 2300.000 MHz processor
[STDERR  ] 2018-02-27T23:56:58.328005572Z: [    0.014832] Calibrating delay loop (skipped) preset value.. 4600.00 BogoMIPS (lpj=23000000)
[STDERR  ] 2018-02-27T23:56:58.328014022Z: [    0.020038] pid_max: default: 32768 minimum: 301
[STDERR  ] 2018-02-27T23:56:58.328022287Z: [    0.024888] ACPI: Core revision 20170728
[STDERR  ] 2018-02-27T23:56:58.328030544Z: [    0.030674] ACPI: 1 ACPI AML tables successfully acquired and loaded
[STDERR  ] 2018-02-27T23:56:58.328039204Z: [    0.040073] Security Framework initialized
[STDERR  ] 2018-02-27T23:56:58.328047246Z: [    0.044582] Yama: becoming mindful.
[STDERR  ] 2018-02-27T23:56:58.328055534Z: [    0.048549] Mount-cache hash table entries: 2048 (order: 2, 16384 bytes)
[STDERR  ] 2018-02-27T23:56:58.328073527Z: [    0.050036] Mountpoint-cache hash table entries: 2048 (order: 2, 16384 bytes)
[STDERR  ] 2018-02-27T23:56:58.328082142Z: [    0.060859] CPU: Physical Processor ID: 0
[STDERR  ] 2018-02-27T23:56:58.328090440Z: [    0.070076] Last level iTLB entries: 4KB 0, 2MB 0, 4MB 0
[STDERR  ] 2018-02-27T23:56:58.328098757Z: [    0.080030] Last level dTLB entries: 4KB 0, 2MB 0, 4MB 0, 1GB 0
[STDERR  ] 2018-02-27T23:56:58.328107167Z: [    0.086649] Spectre V2 : Vulnerable: Minimal generic ASM retpoline
[STDERR  ] 2018-02-27T23:56:58.328115906Z: [    0.094666] Freeing SMP alternatives memory: 20K
[STDERR  ] 2018-02-27T23:56:58.328124047Z: [    0.100566] smpboot: Max logical packages: 1
[STDERR  ] 2018-02-27T23:56:58.328132335Z: [    0.112011] x2apic enabled
[STDERR  ] 2018-02-27T23:56:58.328141086Z: [    0.117013] Switched APIC routing to physical x2apic.
[STDERR  ] 2018-02-27T23:56:58.328151102Z: [    0.132547] ..TIMER: vector=0x30 apic1=0 pin1=2 apic2=-1 pin2=-1
[STDERR  ] 2018-02-27T23:56:58.328159724Z: [    0.140000] smpboot: CPU0: Intel QEMU Virtual CPU version 2.5+ (family: 0x6, model: 0x6, stepping: 0x3)
[STDERR  ] 2018-02-27T23:56:58.328170584Z: [    0.140153] Performance Events: PMU not available due to virtualization, using software events only.
[STDERR  ] 2018-02-27T23:56:58.328179084Z: [    0.150364] Hierarchical SRCU implementation.
[STDERR  ] 2018-02-27T23:56:58.328187834Z: [    0.160131] NMI watchdog: Perf event create on CPU 0 failed with -2
[STDERR  ] 2018-02-27T23:56:58.328195981Z: [    0.167088] NMI watchdog: Perf NMI watchdog permanently disabled
[STDERR  ] 2018-02-27T23:56:58.328204580Z: [    0.170112] smp: Bringing up secondary CPUs ...
[STDERR  ] 2018-02-27T23:56:58.328217462Z: [    0.180009] smp: Brought up 1 node, 1 CPU
[STDERR  ] 2018-02-27T23:56:58.328225929Z: [    0.184172] smpboot: Total of 1 processors activated (4600.00 BogoMIPS)
[STDERR  ] 2018-02-27T23:56:58.328237051Z: [    0.192112] devtmpfs: initialized
[STDERR  ] 2018-02-27T23:56:58.328248500Z: [    0.195632] x86/mm: Memory block size: 128MB
[STDERR  ] 2018-02-27T23:56:58.328257199Z: [    0.200414] clocksource: jiffies: mask: 0xffffffff max_cycles: 0xffffffff, max_idle_ns: 19112604462750000 ns
[STDERR  ] 2018-02-27T23:56:58.328266038Z: [    0.210034] futex hash table entries: 256 (order: 2, 16384 bytes)
[STDERR  ] 2018-02-27T23:56:58.328276630Z: [    0.216520] NET: Registered protocol family 16
[STDERR  ] 2018-02-27T23:56:58.328287652Z: [    0.220217] cpuidle: using governor ladder
[STDERR  ] 2018-02-27T23:56:58.328295802Z: [    0.224642] cpuidle: using governor menu
[STDERR  ] 2018-02-27T23:56:58.328304102Z: [    0.230128] ACPI: bus type PCI registered
[STDERR  ] 2018-02-27T23:56:58.328312519Z: [    0.234842] PCI: MMCONFIG for domain 0000 [bus 00-ff] at [mem 0xb0000000-0xbfffffff] (base 0xb0000000)
[STDERR  ] 2018-02-27T23:56:58.328321093Z: [    0.240018] PCI: MMCONFIG at [mem 0xb0000000-0xbfffffff] reserved in E820
[STDERR  ] 2018-02-27T23:56:58.328329423Z: [    0.250028] PCI: Using configuration type 1 for base access
[STDERR  ] 2018-02-27T23:56:58.328337832Z: [    0.261300] HugeTLB registered 2.00 MiB page size, pre-allocated 0 pages
[STDERR  ] 2018-02-27T23:56:58.328346335Z: [    0.268503] ACPI: Added _OSI(Module Device)
[STDERR  ] 2018-02-27T23:56:58.328354962Z: [    0.270016] ACPI: Added _OSI(Processor Device)
[STDERR  ] 2018-02-27T23:56:58.328363083Z: [    0.274579] ACPI: Added _OSI(3.0 _SCP Extensions)
[STDERR  ] 2018-02-27T23:56:58.328371323Z: [    0.280014] ACPI: Added _OSI(Processor Aggregator Device)
[STDERR  ] 2018-02-27T23:56:58.328381623Z: [    0.293220] ACPI: Interpreter enabled
[STDERR  ] 2018-02-27T23:56:58.328390225Z: [    0.297170] ACPI: (supports S0 S5)
[STDERR  ] 2018-02-27T23:56:58.328398259Z: [    0.300048] ACPI: Using IOAPIC for interrupt routing
[STDERR  ] 2018-02-27T23:56:58.328406538Z: [    0.305434] PCI: Using host bridge windows from ACPI; if necessary, use "pci=nocrs" and report a bug
[STDERR  ] 2018-02-27T23:56:58.328414978Z: [    0.310310] ACPI: Enabled 1 GPEs in block 00 to 3F
[STDERR  ] 2018-02-27T23:56:58.328423399Z: [    0.323713] ACPI: PCI Root Bridge [PCI0] (domain 0000 [bus 00-ff])
[STDERR  ] 2018-02-27T23:56:58.328431769Z: [    0.330016] acpi PNP0A08:00: _OSC: OS supports [ExtendedConfig ASPM ClockPM Segments MSI]
[STDERR  ] 2018-02-27T23:56:58.328440447Z: [    0.340188] acpi PNP0A08:00: _OSC: OS now controls [PCIeHotplug PME PCIeCapability]
[STDERR  ] 2018-02-27T23:56:58.328451309Z: [    0.348007] PCI host bridge to bus 0000:00
[STDERR  ] 2018-02-27T23:56:58.328459475Z: [    0.350013] pci_bus 0000:00: root bus resource [io  0x0000-0x0cf7 window]
[STDERR  ] 2018-02-27T23:56:58.328467813Z: [    0.360015] pci_bus 0000:00: root bus resource [io  0x0d00-0xffff window]
[STDERR  ] 2018-02-27T23:56:58.328476329Z: [    0.366921] pci_bus 0000:00: root bus resource [mem 0x000a0000-0x000bffff window]
[STDERR  ] 2018-02-27T23:56:58.328484356Z: [    0.370019] pci_bus 0000:00: root bus resource [mem 0xc0000000-0xfebfffff window]
[STDERR  ] 2018-02-27T23:56:58.328495498Z: [    0.380017] pci_bus 0000:00: root bus resource [bus 00-ff]
[STDERR  ] 2018-02-27T23:56:58.328503953Z: [    0.513069] pci 0000:00:1f.0: quirk: [io  0x0600-0x067f] claimed by ICH6 ACPI/GPIO/TCO
[STDERR  ] 2018-02-27T23:56:58.328512595Z: [    0.576197] ACPI: PCI Interrupt Link [LNKA] (IRQs 5 *10 11)
[STDERR  ] 2018-02-27T23:56:58.328520872Z: [    0.580414] ACPI: PCI Interrupt Link [LNKB] (IRQs 5 *10 11)
[STDERR  ] 2018-02-27T23:56:58.328529179Z: [    0.590442] ACPI: PCI Interrupt Link [LNKC] (IRQs 5 10 *11)
[STDERR  ] 2018-02-27T23:56:58.328537836Z: [    0.596794] ACPI: PCI Interrupt Link [LNKD] (IRQs 5 10 *11)
[STDERR  ] 2018-02-27T23:56:58.328545908Z: [    0.600415] ACPI: PCI Interrupt Link [LNKE] (IRQs 5 *10 11)
[STDERR  ] 2018-02-27T23:56:58.328557880Z: [    0.606647] ACPI: PCI Interrupt Link [LNKF] (IRQs 5 *10 11)
[STDERR  ] 2018-02-27T23:56:58.328566433Z: [    0.610416] ACPI: PCI Interrupt Link [LNKG] (IRQs 5 10 *11)
[STDERR  ] 2018-02-27T23:56:58.328574922Z: [    0.620404] ACPI: PCI Interrupt Link [LNKH] (IRQs 5 10 *11)
[STDERR  ] 2018-02-27T23:56:58.328586229Z: [    0.626431] ACPI: PCI Interrupt Link [GSIA] (IRQs *16)
[STDERR  ] 2018-02-27T23:56:58.328600546Z: [    0.630033] ACPI: PCI Interrupt Link [GSIB] (IRQs *17)
[STDERR  ] 2018-02-27T23:56:58.328609193Z: [    0.635470] ACPI: PCI Interrupt Link [GSIC] (IRQs *18)
[STDERR  ] 2018-02-27T23:56:58.328617622Z: [    0.640033] ACPI: PCI Interrupt Link [GSID] (IRQs *19)
[STDERR  ] 2018-02-27T23:56:58.328625929Z: [    0.650030] ACPI: PCI Interrupt Link [GSIE] (IRQs *20)
[STDERR  ] 2018-02-27T23:56:58.328634286Z: [    0.655458] ACPI: PCI Interrupt Link [GSIF] (IRQs *21)
[STDERR  ] 2018-02-27T23:56:58.328642660Z: [    0.660039] ACPI: PCI Interrupt Link [GSIG] (IRQs *22)
[STDERR  ] 2018-02-27T23:56:58.328651093Z: [    0.665430] ACPI: PCI Interrupt Link [GSIH] (IRQs *23)
[STDERR  ] 2018-02-27T23:56:58.328659314Z: [    0.670511] SCSI subsystem initialized
[STDERR  ] 2018-02-27T23:56:58.328667486Z: [    0.674680] ACPI: bus type USB registered
[STDERR  ] 2018-02-27T23:56:58.328675886Z: [    0.680054] usbcore: registered new interface driver usbfs
[STDERR  ] 2018-02-27T23:56:58.328687722Z: [    0.685987] usbcore: registered new interface driver hub
[STDERR  ] 2018-02-27T23:56:58.328696099Z: [    0.690043] usbcore: registered new device driver usb
[STDERR  ] 2018-02-27T23:56:58.328709634Z: [    0.695339] pps_core: LinuxPPS API ver. 1 registered
[STDERR  ] 2018-02-27T23:56:58.328722786Z: [    0.700008] pps_core: Software ver. 5.3.6 - Copyright 2005-2007 Rodolfo Giometti <giometti@linux.it>
[STDERR  ] 2018-02-27T23:56:58.328731420Z: [    0.710027] PTP clock support registered
[STDERR  ] 2018-02-27T23:56:58.328739826Z: [    0.714251] PCI: Using ACPI for IRQ routing
[STDERR  ] 2018-02-27T23:56:58.328749997Z: [    1.114881] NetLabel: Initializing
[STDERR  ] 2018-02-27T23:56:58.328758219Z: [    1.118676] NetLabel:  domain hash size = 128
[STDERR  ] 2018-02-27T23:56:58.328766662Z: [    1.120015] NetLabel:  protocols = UNLABELED CIPSOv4 CALIPSO
[STDERR  ] 2018-02-27T23:56:58.328777388Z: [    1.126066] NetLabel:  unlabeled traffic allowed by default
[STDERR  ] 2018-02-27T23:56:58.328785969Z: [    1.130268] HPET: 3 timers in total, 0 timers will be used for per-cpu timer
[STDERR  ] 2018-02-27T23:56:58.328794293Z: [    1.140144] hpet0: at MMIO 0xfed00000, IRQs 2, 8, 0
[STDERR  ] 2018-02-27T23:56:58.328802706Z: [    1.145387] hpet0: 3 comparators, 64-bit 100.000000 MHz counter
[STDERR  ] 2018-02-27T23:56:58.328811137Z: [    1.153582] clocksource: Switched to clocksource kvm-clock
[STDERR  ] 2018-02-27T23:56:58.328819709Z: [    1.172222] VFS: Disk quotas dquot_6.6.0
[STDERR  ] 2018-02-27T23:56:58.328828014Z: [    1.176658] VFS: Dquot-cache hash table entries: 512 (order 0, 4096 bytes)
[STDERR  ] 2018-02-27T23:56:58.328836481Z: [    1.184319] FS-Cache: Loaded
[STDERR  ] 2018-02-27T23:56:58.328845080Z: [    1.187622] CacheFiles: Loaded
[STDERR  ] 2018-02-27T23:56:58.328853190Z: [    1.191142] pnp: PnP ACPI init
[STDERR  ] 2018-02-27T23:56:58.328861325Z: [    1.196036] pnp: PnP ACPI: found 5 devices
[STDERR  ] 2018-02-27T23:56:58.328869557Z: [    1.207427] clocksource: acpi_pm: mask: 0xffffff max_cycles: 0xffffff, max_idle_ns: 2085701024 ns
[STDERR  ] 2018-02-27T23:56:58.328877961Z: [    1.217417] NET: Registered protocol family 2
[STDERR  ] 2018-02-27T23:56:58.328886215Z: [    1.222556] TCP established hash table entries: 8192 (order: 4, 65536 bytes)
[STDERR  ] 2018-02-27T23:56:58.328894487Z: [    1.229887] TCP bind hash table entries: 8192 (order: 5, 131072 bytes)
[STDERR  ] 2018-02-27T23:56:58.328902815Z: [    1.237397] TCP: Hash tables configured (established 8192 bind 8192)
[STDERR  ] 2018-02-27T23:56:58.328911121Z: [    1.244131] UDP hash table entries: 512 (order: 2, 16384 bytes)
[STDERR  ] 2018-02-27T23:56:58.328925297Z: [    1.250333] UDP-Lite hash table entries: 512 (order: 2, 16384 bytes)
[STDERR  ] 2018-02-27T23:56:58.328935663Z: [    1.256972] NET: Registered protocol family 1
[STDERR  ] 2018-02-27T23:56:58.328944072Z: [    1.261934] pci 0000:00:01.0: Video device with shadowed ROM at [mem 0x000c0000-0x000dffff]
[STDERR  ] 2018-02-27T23:56:58.328956510Z: [    1.270995] Trying to unpack rootfs image as initramfs...
[STDERR  ] 2018-02-27T23:56:58.328964761Z: [    1.875552] Freeing initrd memory: 35164K
[STDERR  ] 2018-02-27T23:56:58.328973141Z: [    1.881266] PCLMULQDQ-NI instructions are not detected.
[STDERR  ] 2018-02-27T23:56:58.328981609Z: [    1.886805] AVX or AES-NI instructions are not detected.
[STDERR  ] 2018-02-27T23:56:58.328989987Z: [    1.892578] CPU feature 'AVX registers' is not supported.
[STDERR  ] 2018-02-27T23:56:58.328998441Z: [    1.898219] CPU feature 'AVX registers' is not supported.
[STDERR  ] 2018-02-27T23:56:58.329009871Z: [    1.903962] CPU feature 'AVX registers' is not supported.
[STDERR  ] 2018-02-27T23:56:58.329018845Z: [    1.909601] CPU feature 'AVX registers' is not supported.
[STDERR  ] 2018-02-27T23:56:58.329029331Z: [    1.915819] AVX2 or AES-NI instructions are not detected.
[STDERR  ] 2018-02-27T23:56:58.329037800Z: [    1.922117] AVX2 instructions are not detected.
[STDERR  ] 2018-02-27T23:56:58.329046261Z: [    1.927449] audit: initializing netlink subsys (disabled)
[STDERR  ] 2018-02-27T23:56:58.329054695Z: [    1.933814] audit: type=2000 audit(1519775803.865:1): state=initialized audit_enabled=0 res=1
[STDERR  ] 2018-02-27T23:56:58.329085584Z: [    1.942890] workingset: timestamp_bits=46 max_order=18 bucket_order=0
[STDERR  ] 2018-02-27T23:56:58.329094370Z: [    1.949996] squashfs: version 4.0 (2009/01/31) Phillip Lougher
[STDERR  ] 2018-02-27T23:56:58.329102964Z: [    1.956468] FS-Cache: Netfs 'cifs' registered for caching
[STDERR  ] 2018-02-27T23:56:58.329111416Z: [    1.962418] fuse init (API version 7.26)
[STDERR  ] 2018-02-27T23:56:58.329119959Z: [    1.966741] SGI XFS with ACLs, security attributes, no debug enabled
[STDERR  ] 2018-02-27T23:56:58.329128425Z: [    1.973852] 9p: Installing v9fs 9p2000 file system support
[STDERR  ] 2018-02-27T23:56:58.329137262Z: [    1.979671] FS-Cache: Netfs '9p' registered for caching
[STDERR  ] 2018-02-27T23:56:58.329145550Z: [    1.986948] NET: Registered protocol family 38
[STDERR  ] 2018-02-27T23:56:58.329153885Z: [    1.991674] Key type asymmetric registered
[STDERR  ] 2018-02-27T23:56:58.329190666Z: [    1.996048] Asymmetric key parser 'x509' registered
[STDERR  ] 2018-02-27T23:56:58.329199959Z: [    2.001400] Block layer SCSI generic (bsg) driver version 0.4 loaded (major 248)
[STDERR  ] 2018-02-27T23:56:58.329208628Z: [    2.009252] io scheduler noop registered
[STDERR  ] 2018-02-27T23:56:58.329219106Z: [    2.013582] io scheduler deadline registered (default)
[STDERR  ] 2018-02-27T23:56:58.329228059Z: [    2.019238] io scheduler cfq registered
[STDERR  ] 2018-02-27T23:56:58.329236341Z: [    2.023554] io scheduler mq-deadline registered
[STDERR  ] 2018-02-27T23:56:58.329247306Z: [    2.028319] io scheduler kyber registered
[STDERR  ] 2018-02-27T23:56:58.329255692Z: [    2.032910] shpchp: Standard Hot Plug PCI Controller Driver version: 0.4
[STDERR  ] 2018-02-27T23:56:58.329265976Z: [    2.040149] hv_vmbus: registering driver hyperv_fb
[STDERR  ] 2018-02-27T23:56:58.329274628Z: [    2.045390] input: Power Button as /devices/LNXSYSTM:00/LNXPWRBN:00/input/input0
[STDERR  ] 2018-02-27T23:56:58.329283155Z: [    2.053322] ACPI: Power Button [PWRF]
[STDERR  ] 2018-02-27T23:56:58.329291562Z: [    2.057968] ACPI: PCI Interrupt Link [GSIG] enabled at IRQ 22
[STDERR  ] 2018-02-27T23:56:58.329300155Z: [    2.071665] ACPI: PCI Interrupt Link [GSIH] enabled at IRQ 23
[STDERR  ] 2018-02-27T23:56:58.329310359Z: [    2.083657] Serial: 8250/16550 driver, 4 ports, IRQ sharing disabled
[STDERR  ] 2018-02-27T23:56:58.329318864Z: [    2.124577] 00:04: ttyS0 at I/O 0x3f8 (irq = 4, base_baud = 115200) is a 16550A
[STDERR  ] 2018-02-27T23:56:58.329331871Z: [    2.133733] Non-volatile memory driver v1.3
[STDERR  ] 2018-02-27T23:56:58.329340190Z: [    2.140184] Hangcheck: starting hangcheck timer 0.9.1 (tick is 180 seconds, margin is 60 seconds).
[STDERR  ] 2018-02-27T23:56:58.329349196Z: [    2.150930] random: crng init done
[STDERR  ] 2018-02-27T23:56:58.329360716Z: [    2.157278] brd: module loaded
[STDERR  ] 2018-02-27T23:56:58.329371665Z: [    2.162766] loop: module loaded
[STDERR  ] 2018-02-27T23:56:58.329380087Z: [    2.169994] lpc_ich 0000:00:1f.0: I/O space for GPIO uninitialized
[STDERR  ] 2018-02-27T23:56:58.329388712Z: [    2.177145] VMware PVSCSI driver - version 1.0.7.0-k
[STDERR  ] 2018-02-27T23:56:58.329399182Z: [    2.182823] hv_vmbus: registering driver hv_storvsc
[STDERR  ] 2018-02-27T23:56:58.329407511Z: [    2.188790] ACPI: PCI Interrupt Link [GSIA] enabled at IRQ 16
[STDERR  ] 2018-02-27T23:56:58.329415860Z: [    2.198336] ahci 0000:00:1f.2: AHCI 0001.0000 32 slots 6 ports 1.5 Gbps 0x3f impl SATA mode
[STDERR  ] 2018-02-27T23:56:58.329424540Z: [    2.207241] ahci 0000:00:1f.2: flags: 64bit ncq only 
[STDERR  ] 2018-02-27T23:56:58.329432872Z: [    2.216476] scsi host0: ahci
[STDERR  ] 2018-02-27T23:56:58.329441313Z: [    2.219794] scsi host1: ahci
[STDERR  ] 2018-02-27T23:56:58.329451549Z: [    2.223279] scsi host2: ahci
[STDERR  ] 2018-02-27T23:56:58.329460239Z: [    2.226605] scsi host3: ahci
[STDERR  ] 2018-02-27T23:56:58.329468223Z: [    2.229936] scsi host4: ahci
[STDERR  ] 2018-02-27T23:56:58.329476462Z: [    2.233297] scsi host5: ahci
[STDERR  ] 2018-02-27T23:56:58.329484837Z: [    2.236660] ata1: SATA max UDMA/133 abar m4096@0xfebd2000 port 0xfebd2100 irq 24
[STDERR  ] 2018-02-27T23:56:58.329493199Z: [    2.245021] ata2: SATA max UDMA/133 abar m4096@0xfebd2000 port 0xfebd2180 irq 24
[STDERR  ] 2018-02-27T23:56:58.329501605Z: [    2.253280] ata3: SATA max UDMA/133 abar m4096@0xfebd2000 port 0xfebd2200 irq 24
[STDERR  ] 2018-02-27T23:56:58.329509674Z: [    2.261400] ata4: SATA max UDMA/133 abar m4096@0xfebd2000 port 0xfebd2280 irq 24
[STDERR  ] 2018-02-27T23:56:58.329517985Z: [    2.269489] ata5: SATA max UDMA/133 abar m4096@0xfebd2000 port 0xfebd2300 irq 24
[STDERR  ] 2018-02-27T23:56:58.329526307Z: [    2.277414] ata6: SATA max UDMA/133 abar m4096@0xfebd2000 port 0xfebd2380 irq 24
[STDERR  ] 2018-02-27T23:56:58.329534516Z: [    2.287078] tun: Universal TUN/TAP device driver, 1.6
[STDERR  ] 2018-02-27T23:56:58.329542960Z: [    2.296506] VMware vmxnet3 virtual NIC driver - version 1.4.a.0-k-NAPI
[STDERR  ] 2018-02-27T23:56:58.329553437Z: [    2.303360] hv_vmbus: registering driver hv_netvsc
[STDERR  ] 2018-02-27T23:56:58.329561937Z: [    2.308312] Fusion MPT base driver 3.04.20
[STDERR  ] 2018-02-27T23:56:58.329570307Z: [    2.312662] Copyright (c) 1999-2008 LSI Corporation
[STDERR  ] 2018-02-27T23:56:58.329578572Z: [    2.317716] Fusion MPT SPI Host driver 3.04.20
[STDERR  ] 2018-02-27T23:56:58.329586847Z: [    2.322596] i8042: PNP: PS/2 Controller [PNP0303:KBD,PNP0f13:MOU] at 0x60,0x64 irq 1,12
[STDERR  ] 2018-02-27T23:56:58.329595245Z: [    2.334182] serio: i8042 KBD port at 0x60,0x64 irq 1
[STDERR  ] 2018-02-27T23:56:58.329603523Z: [    2.339267] serio: i8042 AUX port at 0x60,0x64 irq 12
[STDERR  ] 2018-02-27T23:56:58.329611765Z: [    2.344724] hv_vmbus: registering driver hyperv_keyboard
[STDERR  ] 2018-02-27T23:56:58.329619934Z: [    2.350386] mousedev: PS/2 mouse device common for all mice
[STDERR  ] 2018-02-27T23:56:58.329628260Z: [    2.357902] input: AT Translated Set 2 keyboard as /devices/platform/i8042/serio0/input/input1
[STDERR  ] 2018-02-27T23:56:58.329639034Z: [    2.366901] input: PC Speaker as /devices/platform/pcspkr/input/input2
[STDERR  ] 2018-02-27T23:56:58.329647394Z: [    2.374061] rtc_cmos 00:00: RTC can wake from S4
[STDERR  ] 2018-02-27T23:56:58.329655732Z: [    2.381213] rtc_cmos 00:00: rtc core: registered rtc_cmos as rtc0
[STDERR  ] 2018-02-27T23:56:58.329664154Z: [    2.388224] rtc_cmos 00:00: alarms up to one day, y3k, 114 bytes nvram, hpet irqs
[STDERR  ] 2018-02-27T23:56:58.329675910Z: [    2.396032] i2c /dev entries driver
[STDERR  ] 2018-02-27T23:56:58.329684612Z: [    2.399915] device-mapper: ioctl: 4.37.0-ioctl (2017-09-20) initialised: dm-devel@redhat.com
[STDERR  ] 2018-02-27T23:56:58.329693110Z: [    2.410226] usbcore: registered new interface driver usbhid
[STDERR  ] 2018-02-27T23:56:58.329706620Z: [    2.416479] usbhid: USB HID core driver
[STDERR  ] 2018-02-27T23:56:58.329715124Z: [    2.421007] hv_utils: Registering HyperV Utility Driver
[STDERR  ] 2018-02-27T23:56:58.329723472Z: [    2.426748] hv_vmbus: registering driver hv_util
[STDERR  ] 2018-02-27T23:56:58.329731806Z: [    2.431944] hv_vmbus: registering driver hv_balloon
[STDERR  ] 2018-02-27T23:56:58.329740178Z: [    2.437631] oprofile: using NMI interrupt.
[STDERR  ] 2018-02-27T23:56:58.329748613Z: [    2.442293] GACT probability on
[STDERR  ] 2018-02-27T23:56:58.329757203Z: [    2.445563] Mirror/redirect action on
[STDERR  ] 2018-02-27T23:56:58.329767320Z: [    2.449344] Simple TC action Loaded
[STDERR  ] 2018-02-27T23:56:58.329775692Z: [    2.453159] u32 classifier
[STDERR  ] 2018-02-27T23:56:58.329784160Z: [    2.456006]     Performance counters on
[STDERR  ] 2018-02-27T23:56:58.329792523Z: [    2.460136]     input device check on
[STDERR  ] 2018-02-27T23:56:58.329803068Z: [    2.464073]     Actions configured
[STDERR  ] 2018-02-27T23:56:58.329811301Z: [    2.467758] Netfilter messages via NETLINK v0.30.
[STDERR  ] 2018-02-27T23:56:58.329819580Z: [    2.473280] nfnl_acct: registering with nfnetlink.
[STDERR  ] 2018-02-27T23:56:58.329828263Z: [    2.478436] nf_conntrack version 0.5.0 (8192 buckets, 32768 max)
[STDERR  ] 2018-02-27T23:56:58.329836547Z: [    2.485124] ctnetlink v0.93: registering with nfnetlink.
[STDERR  ] 2018-02-27T23:56:58.329845035Z: [    2.490728] nf_tables: (c) 2007-2009 Patrick McHardy <kaber@trash.net>
[STDERR  ] 2018-02-27T23:56:58.329853498Z: [    2.497449] nf_tables_compat: (c) 2012 Pablo Neira Ayuso <pablo@netfilter.org>
[STDERR  ] 2018-02-27T23:56:58.329861835Z: [    2.505198] xt_time: kernel timezone is -0000
[STDERR  ] 2018-02-27T23:56:58.329870312Z: [    2.509667] ip_set: protocol 6
[STDERR  ] 2018-02-27T23:56:58.329878437Z: [    2.513299] IPVS: Registered protocols (TCP, UDP, SCTP, AH, ESP)
[STDERR  ] 2018-02-27T23:56:58.329886753Z: [    2.519767] IPVS: Connection hash table configured (size=4096, memory=64Kbytes)
[STDERR  ] 2018-02-27T23:56:58.329895115Z: [    2.527663] IPVS: ipvs loaded.
[STDERR  ] 2018-02-27T23:56:58.329903457Z: [    2.531261] IPVS: [rr] scheduler registered.
[STDERR  ] 2018-02-27T23:56:58.329911703Z: [    2.536054] IPVS: [wrr] scheduler registered.
[STDERR  ] 2018-02-27T23:56:58.329919986Z: [    2.540651] IPVS: [lc] scheduler registered.
[STDERR  ] 2018-02-27T23:56:58.329928374Z: [    2.545366] IPVS: [wlc] scheduler registered.
[STDERR  ] 2018-02-27T23:56:58.329936707Z: [    2.549809] IPVS: [fo] scheduler registered.
[STDERR  ] 2018-02-27T23:56:58.329944969Z: [    2.554593] IPVS: [ovf] scheduler registered.
[STDERR  ] 2018-02-27T23:56:58.329953504Z: [    2.559061] IPVS: [lblc] scheduler registered.
[STDERR  ] 2018-02-27T23:56:58.329963953Z: [    2.564157] IPVS: [lblcr] scheduler registered.
[STDERR  ] 2018-02-27T23:56:58.329974274Z: [    2.568783] IPVS: [dh] scheduler registered.
[STDERR  ] 2018-02-27T23:56:58.329984211Z: [    2.573648] IPVS: [sh] scheduler registered.
[STDERR  ] 2018-02-27T23:56:58.329992647Z: [    2.577993] IPVS: [sed] scheduler registered.
[STDERR  ] 2018-02-27T23:56:58.330000941Z: [    2.582847] IPVS: [nq] scheduler registered.
[STDERR  ] 2018-02-27T23:56:58.330009169Z: [    2.587225] IPVS: ftp: loaded support on port[0] = 21
[STDERR  ] 2018-02-27T23:56:58.330017495Z: [    2.592907] ipip: IPv4 and MPLS over IPv4 tunneling driver
[STDERR  ] 2018-02-27T23:56:58.330025749Z: [    2.599010] gre: GRE over IPv4 demultiplexor driver
[STDERR  ] 2018-02-27T23:56:58.330033958Z: [    2.604468] ip_tables: (C) 2000-2006 Netfilter Core Team
[STDERR  ] 2018-02-27T23:56:58.330042701Z: [    2.610639] ata3: SATA link up 1.5 Gbps (SStatus 113 SControl 300)
[STDERR  ] 2018-02-27T23:56:58.330055599Z: [    2.617473] ata3.00: ATAPI: QEMU DVD-ROM, 2.5+, max UDMA/100
[STDERR  ] 2018-02-27T23:56:58.330070467Z: [    2.623369] ata3.00: applying bridge limits
[STDERR  ] 2018-02-27T23:56:58.330078919Z: [    2.628521] ata2: SATA link down (SStatus 0 SControl 300)
[STDERR  ] 2018-02-27T23:56:58.330092682Z: [    2.634962] ata1: SATA link up 1.5 Gbps (SStatus 113 SControl 300)
[STDERR  ] 2018-02-27T23:56:58.330101275Z: [    2.642350] ata6: SATA link down (SStatus 0 SControl 300)
[STDERR  ] 2018-02-27T23:56:58.330109722Z: [    2.648823] ata5: SATA link down (SStatus 0 SControl 300)
[STDERR  ] 2018-02-27T23:56:58.330118218Z: [    2.655175] ata4: SATA link down (SStatus 0 SControl 300)
[STDERR  ] 2018-02-27T23:56:58.330128691Z: [    2.661194] ipt_CLUSTERIP: ClusterIP Version 0.8 loaded successfully
[STDERR  ] 2018-02-27T23:56:58.330137289Z: [    2.667956] arp_tables: arp_tables: (C) 2002 David S. Miller
[STDERR  ] 2018-02-27T23:56:58.330145615Z: [    2.674096] ata1.00: ATA-7: QEMU HARDDISK, 2.5+, max UDMA/100
[STDERR  ] 2018-02-27T23:56:58.330154162Z: [    2.680276] ata1.00: 1048576 sectors, multi 16: LBA48 NCQ (depth 31/32)
[STDERR  ] 2018-02-27T23:56:58.330162425Z: [    2.687045] ata1.00: applying bridge limits
[STDERR  ] 2018-02-27T23:56:58.330170762Z: [    2.691878] NET: Registered protocol family 10
[STDERR  ] 2018-02-27T23:56:58.330179209Z: [    2.697115] ata3.00: configured for UDMA/100
[STDERR  ] 2018-02-27T23:56:58.330187322Z: [    2.702400] Segment Routing with IPv6
[STDERR  ] 2018-02-27T23:56:58.330195588Z: [    2.706538] ip6_tables: (C) 2000-2006 Netfilter Core Team
[STDERR  ] 2018-02-27T23:56:58.330204089Z: [    2.713396] ata1.00: configured for UDMA/100
[STDERR  ] 2018-02-27T23:56:58.330212219Z: [    2.718310] scsi 0:0:0:0: Direct-Access     ATA      QEMU HARDDISK    2.5+ PQ: 0 ANSI: 5
[STDERR  ] 2018-02-27T23:56:58.330222877Z: [    2.727693] NET: Registered protocol family 17
[STDERR  ] 2018-02-27T23:56:58.330231186Z: [    2.732664] sd 0:0:0:0: Attached scsi generic sg0 type 0
[STDERR  ] 2018-02-27T23:56:58.330239436Z: [    2.738240] Bridge firewalling registered
[STDERR  ] 2018-02-27T23:56:58.330247694Z: [    2.742604] sd 0:0:0:0: [sda] 1048576 512-byte logical blocks: (537 MB/512 MiB)
[STDERR  ] 2018-02-27T23:56:58.330256235Z: [    2.750243] Ebtables v2.0 registered
[STDERR  ] 2018-02-27T23:56:58.330264243Z: [    2.753998] 8021q: 802.1Q VLAN Support v1.8
[STDERR  ] 2018-02-27T23:56:58.330274708Z: [    2.758326] 9pnet: Installing 9P2000 support
[STDERR  ] 2018-02-27T23:56:58.330282903Z: [    2.763377] scsi 2:0:0:0: CD-ROM            QEMU     QEMU DVD-ROM     2.5+ PQ: 0 ANSI: 5
[STDERR  ] 2018-02-27T23:56:58.330293659Z: [    2.772528] sd 0:0:0:0: [sda] Write Protect is off
[STDERR  ] 2018-02-27T23:56:58.330301943Z: [    2.777533] sd 0:0:0:0: [sda] Write cache: enabled, read cache: enabled, doesn't support DPO or FUA
[STDERR  ] 2018-02-27T23:56:58.330310552Z: [    2.788095] Key type dns_resolver registered
[STDERR  ] 2018-02-27T23:56:58.330318837Z: [    2.793785]  sda: sda1
[STDERR  ] 2018-02-27T23:56:58.330327182Z: [    2.796633] registered taskstats version 1
[STDERR  ] 2018-02-27T23:56:58.330335512Z: [    2.801392] sd 0:0:0:0: [sda] Attached SCSI disk
[STDERR  ] 2018-02-27T23:56:58.330344022Z: [    2.812555] Key type big_key registered
[STDERR  ] 2018-02-27T23:56:58.330352110Z: [    2.819942] Key type encrypted registered
[STDERR  ] 2018-02-27T23:56:58.330360425Z: [    2.826344] rtc_cmos 00:00: setting system clock to 2018-02-27 23:56:45 UTC (1519775805)
[STDERR  ] 2018-02-27T23:56:58.330368874Z: [    2.835826] sr 2:0:0:0: [sr0] scsi3-mmc drive: 4x/4x cd/rw xa/form2 tray
[STDERR  ] 2018-02-27T23:56:58.330379110Z: [    2.843170] cdrom: Uniform CD-ROM driver Revision: 3.20
[STDERR  ] 2018-02-27T23:56:58.330387480Z: [    2.850690] sr 2:0:0:0: Attached scsi generic sg1 type 5
[STDERR  ] 2018-02-27T23:56:58.330395754Z: [    2.858738] Freeing unused kernel memory: 1504K
[STDERR  ] 2018-02-27T23:56:58.330404049Z: [    2.863914] Write protecting the kernel read-only data: 18432k
[STDERR  ] 2018-02-27T23:56:58.330415923Z: [    2.871321] Freeing unused kernel memory: 2024K
[STDERR  ] 2018-02-27T23:56:58.330424509Z: [    2.879323] Freeing unused kernel memory: 1136K
[STDERR  ] 2018-02-27T23:56:58.330432980Z: 
[STDERR  ] 2018-02-27T23:56:58.330441834Z: Welcome to LinuxKit
[STDERR  ] 2018-02-27T23:56:58.330450168Z: 
[STDERR  ] 2018-02-27T23:56:58.330461626Z:                         ##         .
[STDERR  ] 2018-02-27T23:56:58.330470386Z:                   ## ## ##        ==
[STDERR  ] 2018-02-27T23:56:58.330478625Z:                ## ## ## ## ##    ===
[STDERR  ] 2018-02-27T23:56:58.330486842Z:            /"""""""""""""""""\___/ ===
[STDERR  ] 2018-02-27T23:56:58.330495260Z:           {                       /  ===-
[STDERR  ] 2018-02-27T23:56:58.330503546Z:            \______ O           __/
[STDERR  ] 2018-02-27T23:56:58.330511876Z:              \    \         __/
[STDERR  ] 2018-02-27T23:56:58.330520283Z:               \____\_______/
[STDERR  ] 2018-02-27T23:56:58.330530709Z: 
[STDERR  ] 2018-02-27T23:56:58.330539089Z: [    3.501376] IPVS: ftp: loaded support on port[0] = 21
[STDERR  ] 2018-02-27T23:56:58.330551900Z: [    3.548580]  sda:
[STDERR  ] 2018-02-27T23:56:58.330560091Z: [    3.557075]  sda:
[STDERR  ] 2018-02-27T23:56:58.330568286Z: [    3.569352]  sda: sda1
[STDERR  ] 2018-02-27T23:56:58.330576543Z: [    3.578078]  sda: sda1
[STDERR  ] 2018-02-27T23:56:58.330584726Z: [    3.585683]  sda: sda1
[STDERR  ] 2018-02-27T23:56:58.330593036Z: [    4.621939] XFS (sda1): Mounting V5 Filesystem
[STDERR  ] 2018-02-27T23:56:58.330601693Z: [    4.644472] XFS (sda1): Starting recovery (logdev: internal)
[STDERR  ] 2018-02-27T23:56:58.330609801Z: [    4.658285] XFS (sda1): Ending recovery (logdev: internal)
[STDERR  ] 2018-02-27T23:56:58.330620155Z: [    4.697936] XFS (sda1): Unmounting Filesystem
[STDERR  ] 2018-02-27T23:56:58.330630673Z: 2018/02/27 23:56:46 Successfully resized /dev/sda
[STDERR  ] 2018-02-27T23:56:58.330639316Z: [    4.821361] IPVS: ftp: loaded support on port[0] = 21
[STDERR  ] 2018-02-27T23:56:58.330647527Z: [    4.875588] FAT-fs (sda1): utf8 is not a recommended IO charset for FAT filesystems, filesystem will be case sensitive!
[STDERR  ] 2018-02-27T23:56:58.330656036Z: [    4.885659] FAT-fs (sda1): utf8 is not a recommended IO charset for FAT filesystems, filesystem will be case sensitive!
[STDERR  ] 2018-02-27T23:56:58.330666057Z: [    4.896287] mount: sending ioctl 5310 to a partition!
[STDERR  ] 2018-02-27T23:56:58.330674567Z: [    4.930280] mount: sending ioctl 5310 to a partition!
[STDERR  ] 2018-02-27T23:56:58.330683156Z: [    4.939987] XFS (sda1): Mounting V5 Filesystem
[STDERR  ] 2018-02-27T23:56:58.330691238Z: [    4.959006] XFS (sda1): Ending clean mount
[STDERR  ] 2018-02-27T23:56:58.330699555Z: + [ -f /var/lib/docker/bar ]
[STDERR  ] 2018-02-27T23:56:58.330707846Z: + touch /var/lib/docker/foo
[STDERR  ] 2018-02-27T23:56:58.330716240Z: + grep -qE [4-5][0-9]{2}\.[0-9]{1,}M+ df -h
[STDERR  ] 2018-02-27T23:56:58.330724677Z: 
[STDERR  ] 2018-02-27T23:56:58.330732875Z: + printf extend test suite PASSED\n
[STDERR  ] 2018-02-27T23:56:58.330741189Z: extend test suite PASSED
[STDERR  ] 2018-02-27T23:56:58.330749455Z: [   15.332508] sd 0:0:0:0: [sda] Synchronizing SCSI cache
[STDERR  ] 2018-02-27T23:56:58.330757803Z: [   15.336663] sd 0:0:0:0: [sda] Stopping disk
[STDERR  ] 2018-02-27T23:56:58.330766286Z: [   15.341001] ACPI: Preparing to enter system sleep state S5
[STDERR  ] 2018-02-27T23:56:58.330774471Z: [   15.345278] reboot: Power down
[STDERR  ] 2018-02-27T23:56:58.330782882Z: + echo [    0.000000] Linux version 4.14.22-linuxkit (root@7ea7e084831d) (gcc version 6.4.0 (Alpine 6.4.0)) #1 SMP Mon Feb 26 14:48:56 UTC 2018
[STDERR  ] 2018-02-27T23:56:58.330792052Z: [    0.000000] Command line: console=ttyS0 console=ttyAMA0
[STDERR  ] 2018-02-27T23:56:58.330800385Z: [    0.000000] x86/fpu: x87 FPU will use FXSAVE
[STDERR  ] 2018-02-27T23:56:58.330808562Z: [    0.000000] e820: BIOS-provided physical RAM map:
[STDERR  ] 2018-02-27T23:56:58.330817125Z: [    0.000000] BIOS-e820: [mem 0x0000000000000000-0x000000000009fbff] usable
[STDERR  ] 2018-02-27T23:56:58.330829377Z: [    0.000000] BIOS-e820: [mem 0x000000000009fc00-0x000000000009ffff] reserved
[STDERR  ] 2018-02-27T23:56:58.330837890Z: [    0.000000] BIOS-e820: [mem 0x00000000000f0000-0x00000000000fffff] reserved
[STDERR  ] 2018-02-27T23:56:58.330846222Z: [    0.000000] BIOS-e820: [mem 0x0000000000100000-0x000000003ffdefff] usable
[STDERR  ] 2018-02-27T23:56:58.330857424Z: [    0.000000] BIOS-e820: [mem 0x000000003ffdf000-0x000000003fffffff] reserved
[STDERR  ] 2018-02-27T23:56:58.330865938Z: [    0.000000] BIOS-e820: [mem 0x00000000b0000000-0x00000000bfffffff] reserved
[STDERR  ] 2018-02-27T23:56:58.330874128Z: [    0.000000] BIOS-e820: [mem 0x00000000fed1c000-0x00000000fed1ffff] reserved
[STDERR  ] 2018-02-27T23:56:58.330882707Z: [    0.000000] BIOS-e820: [mem 0x00000000feffc000-0x00000000feffffff] reserved
[STDERR  ] 2018-02-27T23:56:58.330890850Z: [    0.000000] BIOS-e820: [mem 0x00000000fffc0000-0x00000000ffffffff] reserved
[STDERR  ] 2018-02-27T23:56:58.330899238Z: [    0.000000] NX (Execute Disable) protection: active
[STDERR  ] 2018-02-27T23:56:58.330907779Z: [    0.000000] random: fast init done
[STDERR  ] 2018-02-27T23:56:58.330916182Z: [    0.000000] SMBIOS 2.8 present.
[STDERR  ] 2018-02-27T23:56:58.330924474Z: [    0.000000] DMI: QEMU Standard PC (Q35 + ICH9, 2009), BIOS rel-1.10.2-0-g5f4c7b1-prebuilt.qemu-project.org 04/01/2014
[STDERR  ] 2018-02-27T23:56:58.330933161Z: [    0.000000] Hypervisor detected: KVM
[STDERR  ] 2018-02-27T23:56:58.330944018Z: [    0.000000] tsc: Fast TSC calibration failed
[STDERR  ] 2018-02-27T23:56:58.330952201Z: [    0.000000] tsc: Unable to calibrate against PIT
[STDERR  ] 2018-02-27T23:56:58.330960538Z: [    0.000000] tsc: No reference (HPET/PMTIMER) available
[STDERR  ] 2018-02-27T23:56:58.330968988Z: [    0.000000] e820: last_pfn = 0x3ffdf max_arch_pfn = 0x400000000
