[INFO    ] 2018-03-02T13:53:57.218103432Z: Running Test linuxkit.packages.format_mount.by_device_force in /tmp/build/test/cases/040_packages/006_format_mount/005_by_device_force
[STDERR  ] 2018-03-02T13:53:57.218163287Z: [    2.811374] IPVS: [wlc] scheduler registered.
[STDERR  ] 2018-03-02T13:53:57.218176831Z: [    2.816207] IPVS: [fo] scheduler registered.
[STDERR  ] 2018-03-02T13:53:57.218185100Z: [    2.821313] IPVS: [ovf] scheduler registered.
[STDERR  ] 2018-03-02T13:53:57.218193356Z: [    2.826177] IPVS: [lblc] scheduler registered.
[STDERR  ] 2018-03-02T13:53:57.218202246Z: [    2.831394] IPVS: [lblcr] scheduler registered.
[STDERR  ] 2018-03-02T13:53:57.218210493Z: [    2.837024] IPVS: [dh] scheduler registered.
[STDERR  ] 2018-03-02T13:53:57.218218759Z: [    2.841730] IPVS: [sh] scheduler registered.
[STDERR  ] 2018-03-02T13:53:57.218229614Z: [    2.846762] IPVS: [sed] scheduler registered.
[STDERR  ] 2018-03-02T13:53:57.218237620Z: [    2.851605] IPVS: [nq] scheduler registered.
[STDERR  ] 2018-03-02T13:53:57.218246644Z: [    2.856909] ata4: SATA link down (SStatus 0 SControl 300)
[STDERR  ] 2018-03-02T13:53:57.218255095Z: [    2.863699] ata3: SATA link up 1.5 Gbps (SStatus 113 SControl 300)
[STDERR  ] 2018-03-02T13:53:57.218264499Z: [    2.871544] ata2: SATA link down (SStatus 0 SControl 300)
[INFO    ] 2018-03-02T13:53:57.218197174Z: Running command: [/bin/sh -x /tmp/build/test/cases/040_packages/006_format_mount/005_by_device_force/test.sh]
[STDERR  ] 2018-03-02T13:53:57.218272546Z: [    2.878245] ata1: SATA link up 1.5 Gbps (SStatus 113 SControl 300)
[STDERR  ] 2018-03-02T13:53:57.218281828Z: [    2.886017] ata6: SATA link down (SStatus 0 SControl 300)
[STDERR  ] 2018-03-02T13:53:57.218291086Z: [    2.892990] ata5: SATA link down (SStatus 0 SControl 300)
[STDERR  ] 2018-03-02T13:53:57.218299099Z: [    2.899121] IPVS: ftp: loaded support on port[0] = 21
[STDERR  ] 2018-03-02T13:53:57.218309506Z: [    2.904993] ata1.00: ATA-7: QEMU HARDDISK, 2.5+, max UDMA/100
[STDERR  ] 2018-03-02T13:53:57.218317679Z: [    2.911518] ata1.00: 1048576 sectors, multi 16: LBA48 NCQ (depth 31/32)
[STDERR  ] 2018-03-02T13:53:57.218326311Z: [    2.918749] ata1.00: applying bridge limits
[STDERR  ] 2018-03-02T13:53:57.218334377Z: [    2.923978] ata3.00: ATAPI: QEMU DVD-ROM, 2.5+, max UDMA/100
[STDERR  ] 2018-03-02T13:53:57.218348586Z: [    2.930278] ata3.00: applying bridge limits
[STDERR  ] 2018-03-02T13:53:57.218356700Z: [    2.935169] ipip: IPv4 and MPLS over IPv4 tunneling driver
[STDERR  ] 2018-03-02T13:53:57.218365008Z: [    2.941542] gre: GRE over IPv4 demultiplexor driver
[STDERR  ] 2018-03-02T13:53:57.218373031Z: [    2.947284] ip_tables: (C) 2000-2006 Netfilter Core Team
[STDERR  ] 2018-03-02T13:53:57.218389046Z: [    2.953446] ata3.00: configured for UDMA/100
[STDERR  ] 2018-03-02T13:53:57.218397162Z: [    2.959413] ata1.00: configured for UDMA/100
[STDERR  ] 2018-03-02T13:53:57.218405139Z: [    2.964783] ipt_CLUSTERIP: ClusterIP Version 0.8 loaded successfully
[STDERR  ] 2018-03-02T13:53:57.218417320Z: [    2.972379] scsi 0:0:0:0: Direct-Access     ATA      QEMU HARDDISK    2.5+ PQ: 0 ANSI: 5
[STDERR  ] 2018-03-02T13:53:57.218426342Z: [    2.981545] arp_tables: arp_tables: (C) 2002 David S. Miller
[STDERR  ] 2018-03-02T13:53:57.218437441Z: [    2.987979] NET: Registered protocol family 10
[STDERR  ] 2018-03-02T13:53:57.218445553Z: [    2.993201] sd 0:0:0:0: Attached scsi generic sg0 type 0
[STDERR  ] 2018-03-02T13:53:57.218456502Z: [    2.999156] sd 0:0:0:0: [sda] 1048576 512-byte logical blocks: (537 MB/512 MiB)
[STDERR  ] 2018-03-02T13:53:57.218466102Z: [    3.007463] sd 0:0:0:0: [sda] Write Protect is off
[STDERR  ] 2018-03-02T13:53:57.218475059Z: [    3.013107] scsi 2:0:0:0: CD-ROM            QEMU     QEMU DVD-ROM     2.5+ PQ: 0 ANSI: 5
[STDERR  ] 2018-03-02T13:53:57.218483908Z: [    3.022486] sd 0:0:0:0: [sda] Write cache: enabled, read cache: enabled, doesn't support DPO or FUA
[STDERR  ] 2018-03-02T13:53:57.218494551Z: [    3.032635] ip6_tables: (C) 2000-2006 Netfilter
[STDERR  ] 2018-03-02T13:53:57.221467868Z: + set -e
[STDERR  ] 2018-03-02T13:53:57.221521528Z: + . /tmp/build/test/cases/_lib/lib.sh
[STDERR  ] 2018-03-02T13:53:57.221534430Z: + [ -f src/github.com/linuxkit/rtf/lib/lib.sh ]
[STDERR  ] 2018-03-02T13:53:57.221543197Z: + LINUXKIT_TMPDIR=/tmp/build/test/cases/_tmp
[STDERR  ] 2018-03-02T13:53:57.221551465Z: + [ -f /tmp/build/test/cases/_tmp/env.sh ]
[STDERR  ] 2018-03-02T13:53:57.221559635Z: + . /tmp/build/test/cases/_tmp/env.sh
[STDERR  ] 2018-03-02T13:53:57.221570771Z: + export LINUXKIT_EXAMPLES_DIR=/tmp/build/test/cases/../../examples
[STDERR  ] 2018-03-02T13:53:57.221589381Z: + RT_CANCEL=253
[STDERR  ] 2018-03-02T13:53:57.221601950Z: + NAME=test-format
[STDERR  ] 2018-03-02T13:53:57.221617250Z: + DISK1=disk1.img
[STDERR  ] 2018-03-02T13:53:57.221630139Z: + DISK2=disk2.img
[STDERR  ] 2018-03-02T13:53:57.221645891Z: + trap clean_up EXIT
[STDERR  ] 2018-03-02T13:53:57.221660371Z: + linuxkit build -format kernel+initrd -name test-format test.yml
[STDERR  ] 2018-03-02T13:53:57.247914723Z: Extract kernel image: linuxkit/kernel:4.9.51
[STDERR  ] 2018-03-02T13:53:58.378653917Z: time="2018-03-02T13:53:58Z" level=warning msg="certificate with CN  is near expiry"
[STDERR  ] 2018-03-02T13:53:58.378819375Z: time="2018-03-02T13:53:58Z" level=warning msg="certificate with CN avi@atomicinc.com is near expiry"
[STDERR  ] 2018-03-02T13:53:58.378968119Z: time="2018-03-02T13:53:58Z" level=warning msg="certificate with CN Ian Campbell is near expiry"
[STDERR  ] 2018-03-02T13:53:58.379168811Z: time="2018-03-02T13:53:58Z" level=warning msg="certificate with CN Justin Cormack is near expiry"
[STDERR  ] 2018-03-02T13:53:58.379208403Z: time="2018-03-02T13:53:58Z" level=warning msg="certificate with CN  is near expiry"
[STDERR  ] 2018-03-02T13:53:58.434323968Z: time="2018-03-02T13:53:58Z" level=warning msg="certificate with CN Justin Cormack is near expiry"
[STDERR  ] 2018-03-02T13:53:58.473646624Z: Pull image: docker.io/linuxkit/kernel:4.9.51@sha256:ccb086aa7796a25e96d0f059be97ece643c58d5d2dd04cbfc57e05b88b2446ec
[STDERR  ] 2018-03-02T13:54:03.923899128Z: Add init containers:
[STDERR  ] 2018-03-02T13:54:03.923974735Z: Process init image: linuxkit/init:d899eee3560a40aa3b4bdd67b3bb82703714b2b9
[STDERR  ] 2018-03-02T13:54:04.958710389Z: time="2018-03-02T13:54:04Z" level=warning msg="certificate with CN  is near expiry"
[STDERR  ] 2018-03-02T13:54:04.958807212Z: time="2018-03-02T13:54:04Z" level=warning msg="certificate with CN  is near expiry"
[STDERR  ] 2018-03-02T13:54:04.958978887Z: time="2018-03-02T13:54:04Z" level=warning msg="certificate with CN avi@atomicinc.com is near expiry"
[STDERR  ] 2018-03-02T13:54:04.959011418Z: time="2018-03-02T13:54:04Z" level=warning msg="certificate with CN Ian Campbell is near expiry"
[STDERR  ] 2018-03-02T13:54:04.959195553Z: time="2018-03-02T13:54:04Z" level=warning msg="certificate with CN Justin Cormack is near expiry"
[STDERR  ] 2018-03-02T13:54:04.963766924Z: time="2018-03-02T13:54:04Z" level=warning msg="certificate with CN Justin Cormack is near expiry"
[STDERR  ] 2018-03-02T13:54:04.965373414Z: time="2018-03-02T13:54:04Z" level=warning msg="certificate with CN  is near expiry"
[STDERR  ] 2018-03-02T13:54:04.965538301Z: time="2018-03-02T13:54:04Z" level=warning msg="certificate with CN Ian Campbell is near expiry"
[STDERR  ] 2018-03-02T13:54:04.967250591Z: time="2018-03-02T13:54:04Z" level=warning msg="certificate with CN  is near expiry"
[STDERR  ] 2018-03-02T13:54:04.967345647Z: time="2018-03-02T13:54:04Z" level=warning msg="certificate with CN avi@atomicinc.com is near expiry"
[STDERR  ] 2018-03-02T13:54:05.195387171Z: Process init image: linuxkit/runc:7c39a68490a12cde830e1922f171c451fb08e731
[STDERR  ] 2018-03-02T13:54:06.233224251Z: time="2018-03-02T13:54:06Z" level=warning msg="certificate with CN avi@atomicinc.com is near expiry"
[STDERR  ] 2018-03-02T13:54:06.233408158Z: time="2018-03-02T13:54:06Z" level=warning msg="certificate with CN Ian Campbell is near expiry"
[STDERR  ] 2018-03-02T13:54:06.233592628Z: time="2018-03-02T13:54:06Z" level=warning msg="certificate with CN Justin Cormack is near expiry"
[STDERR  ] 2018-03-02T13:54:06.233772923Z: time="2018-03-02T13:54:06Z" level=warning msg="certificate with CN  is near expiry"
[STDERR  ] 2018-03-02T13:54:06.233866771Z: time="2018-03-02T13:54:06Z" level=warning msg="certificate with CN  is near expiry"
[STDERR  ] 2018-03-02T13:54:06.236180300Z: time="2018-03-02T13:54:06Z" level=warning msg="certificate with CN Justin Cormack is near expiry"
[STDERR  ] 2018-03-02T13:54:06.237466888Z: time="2018-03-02T13:54:06Z" level=warning msg="certificate with CN Ian Campbell is near expiry"
[STDERR  ] 2018-03-02T13:54:06.237551323Z: time="2018-03-02T13:54:06Z" level=warning msg="certificate with CN  is near expiry"
[STDERR  ] 2018-03-02T13:54:06.381915805Z: Add onboot containers:
[STDERR  ] 2018-03-02T13:54:06.381978725Z:   Create OCI config for linuxkit/format:v0.2
[STDERR  ] 2018-03-02T13:54:07.418592765Z: time="2018-03-02T13:54:07Z" level=warning msg="certificate with CN Ian Campbell is near expiry"
[STDERR  ] 2018-03-02T13:54:07.419037915Z: time="2018-03-02T13:54:07Z" level=warning msg="certificate with CN Justin Cormack is near expiry"
[STDERR  ] 2018-03-02T13:54:07.419737749Z: time="2018-03-02T13:54:07Z" level=warning msg="certificate with CN Rolf Neugebauer is near expiry"
[STDERR  ] 2018-03-02T13:54:07.419904119Z: time="2018-03-02T13:54:07Z" level=warning msg="certificate with CN  is near expiry"
[STDERR  ] 2018-03-02T13:54:07.420053474Z: time="2018-03-02T13:54:07Z" level=warning msg="certificate with CN  is near expiry"
[STDERR  ] 2018-03-02T13:54:07.420256849Z: time="2018-03-02T13:54:07Z" level=warning msg="certificate with CN avi@atomicinc.com is near expiry"
[STDERR  ] 2018-03-02T13:54:07.422374007Z: time="2018-03-02T13:54:07Z" level=warning msg="certificate with CN Justin Cormack is near expiry"
[STDERR  ] 2018-03-02T13:54:07.423688966Z: time="2018-03-02T13:54:07Z" level=warning msg="certificate with CN Rolf Neugebauer is near expiry"
[STDERR  ] 2018-03-02T13:54:07.424750493Z: time="2018-03-02T13:54:07Z" level=warning msg="certificate with CN  is near expiry"
[STDERR  ] 2018-03-02T13:54:07.424895324Z: time="2018-03-02T13:54:07Z" level=warning msg="certificate with CN Ian Campbell is near expiry"
[STDERR  ] 2018-03-02T13:54:07.822951017Z:   Create OCI config for linuxkit/format:v0.2
[STDERR  ] 2018-03-02T13:54:08.860427665Z: time="2018-03-02T13:54:08Z" level=warning msg="certificate with CN  is near expiry"
[STDERR  ] 2018-03-02T13:54:08.860618286Z: time="2018-03-02T13:54:08Z" level=warning msg="certificate with CN avi@atomicinc.com is near expiry"
[STDERR  ] 2018-03-02T13:54:08.860700300Z: time="2018-03-02T13:54:08Z" level=warning msg="certificate with CN Ian Campbell is near expiry"
[STDERR  ] 2018-03-02T13:54:08.860871635Z: time="2018-03-02T13:54:08Z" level=warning msg="certificate with CN Justin Cormack is near expiry"
[STDERR  ] 2018-03-02T13:54:08.861104613Z: time="2018-03-02T13:54:08Z" level=warning msg="certificate with CN Rolf Neugebauer is near expiry"
[STDERR  ] 2018-03-02T13:54:08.861237170Z: time="2018-03-02T13:54:08Z" level=warning msg="certificate with CN  is near expiry"
[STDERR  ] 2018-03-02T13:54:08.862862799Z: time="2018-03-02T13:54:08Z" level=warning msg="certificate with CN Justin Cormack is near expiry"
[STDERR  ] 2018-03-02T13:54:08.864817321Z: time="2018-03-02T13:54:08Z" level=warning msg="certificate with CN Rolf Neugebauer is near expiry"
[STDERR  ] 2018-03-02T13:54:08.867805306Z: time="2018-03-02T13:54:08Z" level=warning msg="certificate with CN  is near expiry"
[STDERR  ] 2018-03-02T13:54:08.867957948Z: time="2018-03-02T13:54:08Z" level=warning msg="certificate with CN Ian Campbell is near expiry"
[STDERR  ] 2018-03-02T13:54:09.261077291Z:   Create OCI config for linuxkit/format:v0.2
[STDERR  ] 2018-03-02T13:54:10.293713210Z: time="2018-03-02T13:54:10Z" level=warning msg="certificate with CN avi@atomicinc.com is near expiry"
[STDERR  ] 2018-03-02T13:54:10.293901095Z: time="2018-03-02T13:54:10Z" level=warning msg="certificate with CN Ian Campbell is near expiry"
[STDERR  ] 2018-03-02T13:54:10.294038416Z: time="2018-03-02T13:54:10Z" level=warning msg="certificate with CN Justin Cormack is near expiry"
[STDERR  ] 2018-03-02T13:54:10.294280421Z: time="2018-03-02T13:54:10Z" level=warning msg="certificate with CN Rolf Neugebauer is near expiry"
[STDERR  ] 2018-03-02T13:54:10.294357634Z: time="2018-03-02T13:54:10Z" level=warning msg="certificate with CN  is near expiry"
[STDERR  ] 2018-03-02T13:54:10.294504989Z: time="2018-03-02T13:54:10Z" level=warning msg="certificate with CN  is near expiry"
[STDERR  ] 2018-03-02T13:54:10.296258364Z: time="2018-03-02T13:54:10Z" level=warning msg="certificate with CN Justin Cormack is near expiry"
[STDERR  ] 2018-03-02T13:54:10.297448300Z: time="2018-03-02T13:54:10Z" level=warning msg="certificate with CN Rolf Neugebauer is near expiry"
[STDERR  ] 2018-03-02T13:54:10.298503411Z: time="2018-03-02T13:54:10Z" level=warning msg="certificate with CN  is near expiry"
[STDERR  ] 2018-03-02T13:54:10.298637877Z: time="2018-03-02T13:54:10Z" level=warning msg="certificate with CN Ian Campbell is near expiry"
[STDERR  ] 2018-03-02T13:54:10.714431688Z:   Create OCI config for linuxkit/format:v0.2
[STDERR  ] 2018-03-02T13:54:11.756154685Z: time="2018-03-02T13:54:11Z" level=warning msg="certificate with CN Rolf Neugebauer is near expiry"
[STDERR  ] 2018-03-02T13:54:11.756222742Z: time="2018-03-02T13:54:11Z" level=warning msg="certificate with CN  is near expiry"
[STDERR  ] 2018-03-02T13:54:11.756380984Z: time="2018-03-02T13:54:11Z" level=warning msg="certificate with CN  is near expiry"
[STDERR  ] 2018-03-02T13:54:11.756408135Z: time="2018-03-02T13:54:11Z" level=warning msg="certificate with CN avi@atomicinc.com is near expiry"
[STDERR  ] 2018-03-02T13:54:11.756534889Z: time="2018-03-02T13:54:11Z" level=warning msg="certificate with CN Ian Campbell is near expiry"
[STDERR  ] 2018-03-02T13:54:11.756702329Z: time="2018-03-02T13:54:11Z" level=warning msg="certificate with CN Justin Cormack is near expiry"
[STDERR  ] 2018-03-02T13:54:11.758416656Z: time="2018-03-02T13:54:11Z" level=warning msg="certificate with CN Justin Cormack is near expiry"
[STDERR  ] 2018-03-02T13:54:11.761273683Z: time="2018-03-02T13:54:11Z" level=warning msg="certificate with CN Rolf Neugebauer is near expiry"
[STDERR  ] 2018-03-02T13:54:11.764216597Z: time="2018-03-02T13:54:11Z" level=warning msg="certificate with CN  is near expiry"
[STDERR  ] 2018-03-02T13:54:11.764414289Z: time="2018-03-02T13:54:11Z" level=warning msg="certificate with CN Ian Campbell is near expiry"
[STDERR  ] 2018-03-02T13:54:12.166882249Z:   Create OCI config for linuxkit/format:v0.2
[STDERR  ] 2018-03-02T13:54:13.252350785Z: time="2018-03-02T13:54:13Z" level=warning msg="certificate with CN avi@atomicinc.com is near expiry"
[STDERR  ] 2018-03-02T13:54:13.252547417Z: time="2018-03-02T13:54:13Z" level=warning msg="certificate with CN Ian Campbell is near expiry"
[STDERR  ] 2018-03-02T13:54:13.252728237Z: time="2018-03-02T13:54:13Z" level=warning msg="certificate with CN Justin Cormack is near expiry"
[STDERR  ] 2018-03-02T13:54:13.253003198Z: time="2018-03-02T13:54:13Z" level=warning msg="certificate with CN Rolf Neugebauer is near expiry"
[STDERR  ] 2018-03-02T13:54:13.253119088Z: time="2018-03-02T13:54:13Z" level=warning msg="certificate with CN  is near expiry"
[STDERR  ] 2018-03-02T13:54:13.253265058Z: time="2018-03-02T13:54:13Z" level=warning msg="certificate with CN  is near expiry"
[STDERR  ] 2018-03-02T13:54:13.258119766Z: time="2018-03-02T13:54:13Z" level=warning msg="certificate with CN Justin Cormack is near expiry"
[STDERR  ] 2018-03-02T13:54:13.259993429Z: time="2018-03-02T13:54:13Z" level=warning msg="certificate with CN Rolf Neugebauer is near expiry"
[STDERR  ] 2018-03-02T13:54:13.261065350Z: time="2018-03-02T13:54:13Z" level=warning msg="certificate with CN Ian Campbell is near expiry"
[STDERR  ] 2018-03-02T13:54:13.261145630Z: time="2018-03-02T13:54:13Z" level=warning msg="certificate with CN  is near expiry"
[STDERR  ] 2018-03-02T13:54:13.671182194Z:   Create OCI config for linuxkit/poweroff:f9a0a5e52fd2a97908bda33db2afffafe4a6a67d
[STDERR  ] 2018-03-02T13:54:14.773890018Z: time="2018-03-02T13:54:14Z" level=warning msg="certificate with CN Justin Cormack is near expiry"
[STDERR  ] 2018-03-02T13:54:14.774264111Z: time="2018-03-02T13:54:14Z" level=warning msg="certificate with CN Rolf Neugebauer is near expiry"
[STDERR  ] 2018-03-02T13:54:14.774416855Z: time="2018-03-02T13:54:14Z" level=warning msg="certificate with CN  is near expiry"
[STDERR  ] 2018-03-02T13:54:14.774596457Z: time="2018-03-02T13:54:14Z" level=warning msg="certificate with CN  is near expiry"
[STDERR  ] 2018-03-02T13:54:14.774805633Z: time="2018-03-02T13:54:14Z" level=warning msg="certificate with CN avi@atomicinc.com is near expiry"
[STDERR  ] 2018-03-02T13:54:14.775171322Z: time="2018-03-02T13:54:14Z" level=warning msg="certificate with CN Ian Campbell is near expiry"
[STDERR  ] 2018-03-02T13:54:14.779740168Z: time="2018-03-02T13:54:14Z" level=warning msg="certificate with CN Rolf Neugebauer is near expiry"
[STDERR  ] 2018-03-02T13:54:14.780735750Z: time="2018-03-02T13:54:14Z" level=warning msg="certificate with CN  is near expiry"
[STDERR  ] 2018-03-02T13:54:14.780922598Z: time="2018-03-02T13:54:14Z" level=warning msg="certificate with CN Ian Campbell is near expiry"
[STDERR  ] 2018-03-02T13:54:14.953155604Z: Add files:
[STDERR  ] 2018-03-02T13:54:14.953222271Z:   check.sh
[STDERR  ] 2018-03-02T13:54:15.007966182Z: Create outputs:
[STDERR  ] 2018-03-02T13:54:22.829089459Z:   test-format-kernel test-format-initrd.img test-format-cmdline
[STDERR  ] 2018-03-02T13:54:22.908481825Z: + linuxkit run -disk file=disk1.img,size=512M -disk file=disk2.img,size=512M test-format
[STDERR  ] 2018-03-02T13:54:22.932277449Z: Unable to find qemu-system-x86_64 within the $PATH. Using a container
[STDERR  ] 2018-03-02T13:54:46.829642018Z: + RESULT=[    0.000000] Linux version 4.9.51-linuxkit (root@3253c0754a54) (gcc version 6.3.0 (Alpine 6.3.0) ) #1 SMP Wed Sep 20 11:32:07 UTC 2017
[STDERR  ] 2018-03-02T13:54:46.829714967Z: [    0.000000] Command line: console=ttyS0 console=ttyAMA0
[STDERR  ] 2018-03-02T13:54:46.829731830Z: [    0.000000] x86/fpu: Legacy x87 FPU detected.
[STDERR  ] 2018-03-02T13:54:46.829750018Z: [    0.000000] x86/fpu: Using 'eager' FPU context switches.
[STDERR  ] 2018-03-02T13:54:46.829765548Z: [    0.000000] e820: BIOS-provided physical RAM map:
[STDERR  ] 2018-03-02T13:54:46.829795867Z: [    0.000000] BIOS-e820: [mem 0x0000000000000000-0x000000000009fbff] usable
[STDERR  ] 2018-03-02T13:54:46.829813454Z: [    0.000000] BIOS-e820: [mem 0x000000000009fc00-0x000000000009ffff] reserved
[STDERR  ] 2018-03-02T13:54:46.829827548Z: [    0.000000] BIOS-e820: [mem 0x00000000000f0000-0x00000000000fffff] reserved
[STDERR  ] 2018-03-02T13:54:46.829842276Z: [    0.000000] BIOS-e820: [mem 0x0000000000100000-0x000000003ffddfff] usable
[STDERR  ] 2018-03-02T13:54:46.829855710Z: [    0.000000] BIOS-e820: [mem 0x000000003ffde000-0x000000003fffffff] reserved
[STDERR  ] 2018-03-02T13:54:46.829869396Z: [    0.000000] BIOS-e820: [mem 0x00000000b0000000-0x00000000bfffffff] reserved
[STDERR  ] 2018-03-02T13:54:46.829882828Z: [    0.000000] BIOS-e820: [mem 0x00000000fed1c000-0x00000000fed1ffff] reserved
[STDERR  ] 2018-03-02T13:54:46.829903488Z: [    0.000000] BIOS-e820: [mem 0x00000000feffc000-0x00000000feffffff] reserved
[STDERR  ] 2018-03-02T13:54:46.829916867Z: [    0.000000] BIOS-e820: [mem 0x00000000fffc0000-0x00000000ffffffff] reserved
[STDERR  ] 2018-03-02T13:54:46.829930598Z: [    0.000000] NX (Execute Disable) protection: active
[STDERR  ] 2018-03-02T13:54:46.829946383Z: [    0.000000] SMBIOS 2.8 present.
[STDERR  ] 2018-03-02T13:54:46.829960847Z: [    0.000000] Hypervisor detected: KVM
[STDERR  ] 2018-03-02T13:54:46.829978548Z: [    0.000000] e820: last_pfn = 0x3ffde max_arch_pfn = 0x400000000
[STDERR  ] 2018-03-02T13:54:46.829992539Z: [    0.000000] x86/PAT: PAT not supported by CPU.
[STDERR  ] 2018-03-02T13:54:46.830006476Z: [    0.000000] x86/PAT: Configuration [0-7]: WB  WT  UC- UC  WB  WT  UC- UC  
[STDERR  ] 2018-03-02T13:54:46.830019505Z: [    0.000000] found SMP MP-table at [mem 0x000f6aa0-0x000f6aaf] mapped at [ffff908fc00f6aa0]
[STDERR  ] 2018-03-02T13:54:46.830040172Z: [    0.000000] RAMDISK: [mem 0x3ced7000-0x3ffcffff]
[STDERR  ] 2018-03-02T13:54:46.830053623Z: [    0.000000] ACPI: Early table checksum verification disabled
[STDERR  ] 2018-03-02T13:54:46.830067185Z: [    0.000000] ACPI: RSDP 0x00000000000F68B0 000014 (v00 BOCHS )
[STDERR  ] 2018-03-02T13:54:46.830082841Z: [    0.000000] ACPI: RSDT 0x000000003FFE20A8 000034 (v01 BOCHS  BXPCRSDT 00000001 BXPC 00000001)
[STDERR  ] 2018-03-02T13:54:46.830097296Z: [    0.000000] ACPI: FACP 0x000000003FFE1EC8 0000F4 (v03 BOCHS  BXPCFACP 00000001 BXPC 00000001)
[STDERR  ] 2018-03-02T13:54:46.830110978Z: [    0.000000] ACPI: DSDT 0x000000003FFE0040 001E88 (v01 BOCHS  BXPCDSDT 00000001 BXPC 00000001)
[STDERR  ] 2018-03-02T13:54:46.830124223Z: [    0.000000] ACPI: FACS 0x000000003FFE0000 000040
[STDERR  ] 2018-03-02T13:54:46.830141953Z: [    0.000000] ACPI: APIC 0x000000003FFE1FBC 000078 (v01 BOCHS  BXPCAPIC 00000001 BXPC 00000001)
[STDERR  ] 2018-03-02T13:54:46.830159737Z: [    0.000000] ACPI: HPET 0x000000003FFE2034 000038 (v01 BOCHS  BXPCHPET 00000001 BXPC 00000001)
[STDERR  ] 2018-03-02T13:54:46.830173657Z: [    0.000000] ACPI: MCFG 0x000000003FFE206C 00003C (v01 BOCHS  BXPCMCFG 00000001 BXPC 00000001)
[STDERR  ] 2018-03-02T13:54:46.830195093Z: [    0.000000] kvm-clock: Using msrs 4b564d01 and 4b564d00
[STDERR  ] 2018-03-02T13:54:46.830227184Z: [    0.000000] kvm-clock: cpu 0, msr 0:3ffdc001, primary cpu clock
[STDERR  ] 2018-03-02T13:54:46.830241393Z: [    0.000000] clocksource: kvm-clock: mask: 0xffffffffffffffff max_cycles: 0x1cd42e4dffb, max_idle_ns: 881590591483 ns
[STDERR  ] 2018-03-02T13:54:46.830256480Z: [    0.000000] Zone ranges:
[STDERR  ] 2018-03-02T13:54:46.830271602Z: [    0.000000]   DMA      [mem 0x0000000000001000-0x0000000000ffffff]
[STDERR  ] 2018-03-02T13:54:46.830285940Z: [    0.000000]   DMA32    [mem 0x0000000001000000-0x000000003ffddfff]
[STDERR  ] 2018-03-02T13:54:46.830299591Z: [    0.000000]   Normal   empty
[STDERR  ] 2018-03-02T13:54:46.830313924Z: [    0.000000] Movable zone start for each node
[STDERR  ] 2018-03-02T13:54:46.830326936Z: [    0.000000] Early memory node ranges
[STDERR  ] 2018-03-02T13:54:46.830340866Z: [    0.000000]   node   0: [mem 0x0000000000001000-0x000000000009efff]
[STDERR  ] 2018-03-02T13:54:46.830354716Z: [    0.000000]   node   0: [mem 0x0000000000100000-0x000000003ffddfff]
[STDERR  ] 2018-03-02T13:54:46.830374735Z: [    0.000000] Initmem setup node 0 [mem 0x0000000000001000-0x000000003ffddfff]
[STDERR  ] 2018-03-02T13:54:46.830388578Z: [    0.000000] ACPI: PM-Timer IO Port: 0x608
[STDERR  ] 2018-03-02T13:54:46.830402129Z: [    0.000000] ACPI: LAPIC_NMI (acpi_id[0xff] dfl dfl lint[0x1])
[STDERR  ] 2018-03-02T13:54:46.830418816Z: [    0.000000] IOAPIC[0]: apic_id 0, version 17, address 0xfec00000, GSI 0-23
[STDERR  ] 2018-03-02T13:54:46.830432733Z: [    0.000000] ACPI: INT_SRC_OVR (bus 0 bus_irq 0 global_irq 2 dfl dfl)
[STDERR  ] 2018-03-02T13:54:46.830449311Z: [    0.000000] ACPI: INT_SRC_OVR (bus 0 bus_irq 5 global_irq 5 high level)
[STDERR  ] 2018-03-02T13:54:46.830462956Z: [    0.000000] ACPI: INT_SRC_OVR (bus 0 bus_irq 9 global_irq 9 high level)
[STDERR  ] 2018-03-02T13:54:46.830476636Z: [    0.000000] ACPI: INT_SRC_OVR (bus 0 bus_irq 10 global_irq 10 high level)
[STDERR  ] 2018-03-02T13:54:46.830490097Z: [    0.000000] ACPI: INT_SRC_OVR (bus 0 bus_irq 11 global_irq 11 high level)
[STDERR  ] 2018-03-02T13:54:46.830503820Z: [    0.000000] Using ACPI (MADT) for SMP configuration information
[STDERR  ] 2018-03-02T13:54:46.830517213Z: [    0.000000] ACPI: HPET id: 0x8086a201 base: 0xfed00000
[STDERR  ] 2018-03-02T13:54:46.830532709Z: [    0.000000] smpboot: Allowing 1 CPUs, 0 hotplug CPUs
[STDERR  ] 2018-03-02T13:54:46.830545906Z: [    0.000000] e820: [mem 0x40000000-0xafffffff] available for PCI devices
[STDERR  ] 2018-03-02T13:54:46.830559615Z: [    0.000000] Booting paravirtualized kernel on KVM
[STDERR  ] 2018-03-02T13:54:46.830573167Z: [    0.000000] clocksource: refined-jiffies: mask: 0xffffffff max_cycles: 0xffffffff, max_idle_ns: 19112604462750000 ns
[STDERR  ] 2018-03-02T13:54:46.830643256Z: [    0.000000] setup_percpu: NR_CPUS:128 nr_cpumask_bits:128 nr_cpu_ids:1 nr_node_ids:1
[STDERR  ] 2018-03-02T13:54:46.830652542Z: [    0.000000] percpu: Embedded 35 pages/cpu @ffff908ffcc00000 s105240 r8192 d29928 u2097152
[STDERR  ] 2018-03-02T13:54:46.830660710Z: [    0.000000] KVM setup async PF for cpu 0
[STDERR  ] 2018-03-02T13:54:46.830668776Z: [    0.000000] kvm-stealtime: cpu 0, msr 3cc0d580
[STDERR  ] 2018-03-02T13:54:46.830676648Z: [    0.000000] Built 1 zonelists in Zone order, mobility grouping on.  Total pages: 257895
[STDERR  ] 2018-03-02T13:54:46.830685248Z: [    0.000000] Kernel command line: console=ttyS0 console=ttyAMA0
[STDERR  ] 2018-03-02T13:54:46.830697235Z: [    0.000000] PID hash table entries: 4096 (order: 3, 32768 bytes)
[STDERR  ] 2018-03-02T13:54:46.830710977Z: [    0.000000] Dentry cache hash table entries: 131072 (order: 8, 1048576 bytes)
[STDERR  ] 2018-03-02T13:54:46.830725396Z: [    0.000000] Inode-cache hash table entries: 65536 (order: 7, 524288 bytes)
[STDERR  ] 2018-03-02T13:54:46.830738465Z: [    0.000000] Memory: 964012K/1048048K available (8036K kernel code, 1367K rwdata, 2696K rodata, 1380K init, 568K bss, 84036K reserved, 0K cma-reserved)
[STDERR  ] 2018-03-02T13:54:46.830748110Z: [    0.000000] Hierarchical RCU implementation.
[STDERR  ] 2018-03-02T13:54:46.830756330Z: [    0.000000] 	Build-time adjustment of leaf fanout to 64.
[STDERR  ] 2018-03-02T13:54:46.830764750Z: [    0.000000] 	RCU restricting CPUs from NR_CPUS=128 to nr_cpu_ids=1.
[STDERR  ] 2018-03-02T13:54:46.830773150Z: [    0.000000] RCU: Adjusting geometry for rcu_fanout_leaf=64, nr_cpu_ids=1
[STDERR  ] 2018-03-02T13:54:46.830781117Z: [    0.000000] NR_IRQS:8448 nr_irqs:256 16
[STDERR  ] 2018-03-02T13:54:46.830793870Z: [    0.000000] Console: colour VGA+ 80x25
[STDERR  ] 2018-03-02T13:54:46.830807963Z: [    0.000000] console [ttyS0] enabled
[STDERR  ] 2018-03-02T13:54:46.830821625Z: [    0.000000] clocksource: hpet: mask: 0xffffffff max_cycles: 0xffffffff, max_idle_ns: 19112604467 ns
[STDERR  ] 2018-03-02T13:54:46.830835655Z: [    0.000000] tsc: Detected 2300.000 MHz processor
[STDERR  ] 2018-03-02T13:54:46.830843839Z: [    0.020000] Calibrating delay loop (skipped) preset value.. 4600.00 BogoMIPS (lpj=23000000)
[STDERR  ] 2018-03-02T13:54:46.830857041Z: [    0.023649] pid_max: default: 32768 minimum: 301
[STDERR  ] 2018-03-02T13:54:46.830865508Z: [    0.030064] ACPI: Core revision 20160831
[STDERR  ] 2018-03-02T13:54:46.830874116Z: [    0.035780] ACPI: 1 ACPI AML tables successfully acquired and loaded
[STDERR  ] 2018-03-02T13:54:46.830900099Z: [    0.045846] Security Framework initialized
[STDERR  ] 2018-03-02T13:54:46.830933406Z: [    0.050033] Yama: becoming mindful.
[STDERR  ] 2018-03-02T13:54:46.830948814Z: [    0.054605] Mount-cache hash table entries: 2048 (order: 2, 16384 bytes)
[STDERR  ] 2018-03-02T13:54:46.830964739Z: [    0.060036] Mountpoint-cache hash table entries: 2048 (order: 2, 16384 bytes)
[STDERR  ] 2018-03-02T13:54:46.830977795Z: [    0.071015] CPU: Physical Processor ID: 0
[STDERR  ] 2018-03-02T13:54:46.830990701Z: [    0.080222] Last level iTLB entries: 4KB 0, 2MB 0, 4MB 0
[STDERR  ] 2018-03-02T13:54:46.830998914Z: [    0.087080] Last level dTLB entries: 4KB 0, 2MB 0, 4MB 0, 1GB 0
[STDERR  ] 2018-03-02T13:54:46.831007675Z: [    0.208886] Freeing SMP alternatives memory: 20K
[STDERR  ] 2018-03-02T13:54:46.831020937Z: [    0.247369] ftrace: allocating 35528 entries in 139 pages
[STDERR  ] 2018-03-02T13:54:46.831038188Z: [    0.260134] smpboot: Max logical packages: 1
[STDERR  ] 2018-03-02T13:54:46.831053983Z: [    0.270792] x2apic enabled
[STDERR  ] 2018-03-02T13:54:46.831067659Z: [    0.277855] Switched APIC routing to physical x2apic.
[STDERR  ] 2018-03-02T13:54:46.831083751Z: [    0.295878] ..TIMER: vector=0x30 apic1=0 pin1=2 apic2=-1 pin2=-1
[STDERR  ] 2018-03-02T13:54:46.831097327Z: [    0.300000] smpboot: CPU0: Intel QEMU Virtual CPU version 2.5+ (family: 0x6, model: 0x6, stepping: 0x3)
[STDERR  ] 2018-03-02T13:54:46.831112544Z: [    0.302165] Performance Events: PMU not available due to virtualization, using software events only.
[STDERR  ] 2018-03-02T13:54:46.831132161Z: [    0.320619] x86: Booted up 1 node, 1 CPUs
[STDERR  ] 2018-03-02T13:54:46.831146109Z: [    0.325920] smpboot: Total of 1 processors activated (4600.00 BogoMIPS)
[STDERR  ] 2018-03-02T13:54:46.831159154Z: [    0.332101] devtmpfs: initialized
[STDERR  ] 2018-03-02T13:54:46.831175280Z: [    0.340089] x86/mm: Memory block size: 128MB
[STDERR  ] 2018-03-02T13:54:46.831189294Z: [    0.352633] clocksource: jiffies: mask: 0xffffffff max_cycles: 0xffffffff, max_idle_ns: 19112604462750000 ns
[STDERR  ] 2018-03-02T13:54:46.831202829Z: [    0.360029] futex hash table entries: 256 (order: 2, 16384 bytes)
[STDERR  ] 2018-03-02T13:54:46.831216049Z: [    0.370216] NET: Registered protocol family 16
[STDERR  ] 2018-03-02T13:54:46.831228964Z: [    0.376218] cpuidle: using governor ladder
[STDERR  ] 2018-03-02T13:54:46.831241894Z: [    0.380012] cpuidle: using governor menu
[STDERR  ] 2018-03-02T13:54:46.831254805Z: [    0.390265] ACPI: bus type PCI registered
[STDERR  ] 2018-03-02T13:54:46.831275084Z: [    0.395752] PCI: MMCONFIG for domain 0000 [bus 00-ff] at [mem 0xb0000000-0xbfffffff] (base 0xb0000000)
[STDERR  ] 2018-03-02T13:54:46.831290602Z: [    0.400014] PCI: MMCONFIG at [mem 0xb0000000-0xbfffffff] reserved in E820
[STDERR  ] 2018-03-02T13:54:46.831303905Z: [    0.410029] PCI: Using configuration type 1 for base access
[STDERR  ] 2018-03-02T13:54:46.831316804Z: [    0.421644] HugeTLB registered 2 MB page size, pre-allocated 0 pages
[STDERR  ] 2018-03-02T13:54:46.831329861Z: [    0.430288] ACPI: Added _OSI(Module Device)
[STDERR  ] 2018-03-02T13:54:46.831343160Z: [    0.435706] ACPI: Added _OSI(Processor Device)
[STDERR  ] 2018-03-02T13:54:46.831356254Z: [    0.440010] ACPI: Added _OSI(3.0 _SCP Extensions)
[STDERR  ] 2018-03-02T13:54:46.831369234Z: [    0.450008] ACPI: Added _OSI(Processor Aggregator Device)
[STDERR  ] 2018-03-02T13:54:46.831383905Z: [    0.463649] ACPI: Interpreter enabled
[STDERR  ] 2018-03-02T13:54:46.831402069Z: [    0.468397] ACPI: (supports S0 S5)
[STDERR  ] 2018-03-02T13:54:46.831414984Z: [    0.470010] ACPI: Using IOAPIC for interrupt routing
[STDERR  ] 2018-03-02T13:54:46.831427309Z: [    0.476427] PCI: Using host bridge windows from ACPI; if necessary, use "pci=nocrs" and report a bug
[STDERR  ] 2018-03-02T13:54:46.831448671Z: [    0.483113] ACPI: PCI Root Bridge [PCI0] (domain 0000 [bus 00-ff])
[STDERR  ] 2018-03-02T13:54:46.831461564Z: [    0.490022] acpi PNP0A08:00: _OSC: OS supports [ExtendedConfig ASPM ClockPM Segments MSI]
[STDERR  ] 2018-03-02T13:54:46.831474149Z: [    0.500193] acpi PNP0A08:00: _OSC: OS now controls [PCIeHotplug PME PCIeCapability]
[STDERR  ] 2018-03-02T13:54:46.831488242Z: [    0.510114] PCI host bridge to bus 0000:00
[STDERR  ] 2018-03-02T13:54:46.831502362Z: [    0.515460] pci_bus 0000:00: root bus resource [io  0x0000-0x0cf7 window]
[STDERR  ] 2018-03-02T13:54:46.831516018Z: [    0.520016] pci_bus 0000:00: root bus resource [io  0x0d00-0xffff window]
[STDERR  ] 2018-03-02T13:54:46.831528135Z: [    0.530015] pci_bus 0000:00: root bus resource [mem 0x000a0000-0x000bffff window]
[STDERR  ] 2018-03-02T13:54:46.831541611Z: [    0.540015] pci_bus 0000:00: root bus resource [mem 0xc0000000-0xfebfffff window]
[STDERR  ] 2018-03-02T13:54:46.831555176Z: [    0.550015] pci_bus 0000:00: root bus resource [bus 00-ff]
[STDERR  ] 2018-03-02T13:54:46.831572280Z: [    0.686059] pci 0000:00:1f.0: quirk: [io  0x0600-0x067f] claimed by ICH6 ACPI/GPIO/TCO
[STDERR  ] 2018-03-02T13:54:46.831596193Z: [    0.751146] ACPI: PCI Interrupt Link [LNKA] (IRQs 5 *10 11)
[STDERR  ] 2018-03-02T13:54:46.831610499Z: [    0.760324] ACPI: PCI Interrupt Link [LNKB] (IRQs 5 *10 11)
[STDERR  ] 2018-03-02T13:54:46.831624120Z: [    0.768803] ACPI: PCI Interrupt Link [LNKC] (IRQs 5 10 *11)
[STDERR  ] 2018-03-02T13:54:46.831637417Z: [    0.772398] ACPI: PCI Interrupt Link [LNKD] (IRQs 5 10 *11)
[STDERR  ] 2018-03-02T13:54:46.831650230Z: [    0.782410] ACPI: PCI Interrupt Link [LNKE] (IRQs 5 *10 11)
[STDERR  ] 2018-03-02T13:54:46.831671023Z: [    0.792394] ACPI: PCI Interrupt Link [LNKF] (IRQs 5 *10 11)
[STDERR  ] 2018-03-02T13:54:46.831684681Z: [    0.802195] ACPI: PCI Interrupt Link [LNKG] (IRQs 5 10 *11)
[STDERR  ] 2018-03-02T13:54:46.831696186Z: [    0.810726] ACPI: PCI Interrupt Link [LNKH] (IRQs 5 10 *11)
[STDERR  ] 2018-03-02T13:54:46.831709146Z: [    0.818883] ACPI: PCI Interrupt Link [GSIA] (IRQs *16)
[STDERR  ] 2018-03-02T13:54:46.831722279Z: [    0.821196] ACPI: PCI Interrupt Link [GSIB] (IRQs *17)
[STDERR  ] 2018-03-02T13:54:46.831734488Z: [    0.831349] ACPI: PCI Interrupt Link [GSIC] (IRQs *18)
[STDERR  ] 2018-03-02T13:54:46.831746864Z: [    0.840375] ACPI: PCI Interrupt Link [GSID] (IRQs *19)
[STDERR  ] 2018-03-02T13:54:46.831759732Z: [    0.847623] ACPI: PCI Interrupt Link [GSIE] (IRQs *20)
[STDERR  ] 2018-03-02T13:54:46.831772213Z: [    0.851218] ACPI: PCI Interrupt Link [GSIF] (IRQs *21)
[STDERR  ] 2018-03-02T13:54:46.831785117Z: [    0.861211] ACPI: PCI Interrupt Link [GSIG] (IRQs *22)
[STDERR  ] 2018-03-02T13:54:46.831803568Z: [    0.868383] ACPI: PCI Interrupt Link [GSIH] (IRQs *23)
[STDERR  ] 2018-03-02T13:54:46.831816212Z: [    0.871599] ACPI: Enabled 1 GPEs in block 00 to 3F
[STDERR  ] 2018-03-02T13:54:46.831831140Z: [    0.880374] SCSI subsystem initialized
[STDERR  ] 2018-03-02T13:54:46.831844304Z: [    0.885632] ACPI: bus type USB registered
[STDERR  ] 2018-03-02T13:54:46.831857637Z: [    0.890066] usbcore: registered new interface driver usbfs
[STDERR  ] 2018-03-02T13:54:46.831870935Z: [    0.900058] usbcore: registered new interface driver hub
[STDERR  ] 2018-03-02T13:54:46.831884406Z: [    0.906967] usbcore: registered new device driver usb
[STDERR  ] 2018-03-02T13:54:46.831897433Z: [    0.910056] pps_core: LinuxPPS API ver. 1 registered
[STDERR  ] 2018-03-02T13:54:46.831910646Z: [    0.920006] pps_core: Software ver. 5.3.6 - Copyright 2005-2007 Rodolfo Giometti <giometti@linux.it>
[STDERR  ] 2018-03-02T13:54:46.831927693Z: [    0.930029] PTP clock support registered
[STDERR  ] 2018-03-02T13:54:46.831939826Z: [    0.935434] wmi: Mapper loaded
[STDERR  ] 2018-03-02T13:54:46.831952297Z: [    0.940075] PCI: Using ACPI for IRQ routing
[STDERR  ] 2018-03-02T13:54:46.831966494Z: [    1.352889] NetLabel: Initializing
[STDERR  ] 2018-03-02T13:54:46.831986470Z: [    1.356103] NetLabel:  domain hash size = 128
[STDERR  ] 2018-03-02T13:54:46.831999393Z: [    1.360006] NetLabel:  protocols = UNLABELED CIPSOv4
[STDERR  ] 2018-03-02T13:54:46.832011837Z: [    1.366900] NetLabel:  unlabeled traffic allowed by default
[STDERR  ] 2018-03-02T13:54:46.832024992Z: [    1.370174] HPET: 3 timers in total, 0 timers will be used for per-cpu timer
[STDERR  ] 2018-03-02T13:54:46.832042119Z: [    1.380155] hpet0: at MMIO 0xfed00000, IRQs 2, 8, 0
[STDERR  ] 2018-03-02T13:54:46.832056201Z: [    1.391838] hpet0: 3 comparators, 64-bit 100.000000 MHz counter
[STDERR  ] 2018-03-02T13:54:46.832069963Z: [    1.402427] clocksource: Switched to clocksource kvm-clock
[STDERR  ] 2018-03-02T13:54:46.832083339Z: [    1.418918] VFS: Disk quotas dquot_6.6.0
[STDERR  ] 2018-03-02T13:54:46.832100151Z: [    1.424183] VFS: Dquot-cache hash table entries: 512 (order 0, 4096 bytes)
[STDERR  ] 2018-03-02T13:54:46.832113758Z: [    1.433233] FS-Cache: Loaded
[STDERR  ] 2018-03-02T13:54:46.832127569Z: [    1.437260] CacheFiles: Loaded
[STDERR  ] 2018-03-02T13:54:46.832140943Z: [    1.441479] pnp: PnP ACPI init
[STDERR  ] 2018-03-02T13:54:46.832154767Z: [    1.446421] pnp: PnP ACPI: found 5 devices
[STDERR  ] 2018-03-02T13:54:46.832169413Z: [    1.457917] clocksource: acpi_pm: mask: 0xffffff max_cycles: 0xffffff, max_idle_ns: 2085701024 ns
[STDERR  ] 2018-03-02T13:54:46.832186013Z: [    1.469483] NET: Registered protocol family 2
[STDERR  ] 2018-03-02T13:54:46.832201580Z: [    1.475367] TCP established hash table entries: 8192 (order: 4, 65536 bytes)
[STDERR  ] 2018-03-02T13:54:46.832215452Z: [    1.484512] TCP bind hash table entries: 8192 (order: 5, 131072 bytes)
[STDERR  ] 2018-03-02T13:54:46.832229738Z: [    1.493061] TCP: Hash tables configured (established 8192 bind 8192)
[STDERR  ] 2018-03-02T13:54:46.832248687Z: [    1.501903] UDP hash table entries: 512 (order: 2, 16384 bytes)
[STDERR  ] 2018-03-02T13:54:46.832263173Z: [    1.509517] UDP-Lite hash table entries: 512 (order: 2, 16384 bytes)
[STDERR  ] 2018-03-02T13:54:46.832277916Z: [    1.517893] NET: Registered protocol family 1
[STDERR  ] 2018-03-02T13:54:46.832291356Z: [    1.523912] pci 0000:00:01.0: Video device with shadowed ROM at [mem 0x000c0000-0x000dffff]
[STDERR  ] 2018-03-02T13:54:46.832304751Z: [    1.535194] Unpacking initramfs...
[STDERR  ] 2018-03-02T13:54:46.832321440Z: [    2.403642] Freeing initrd memory: 50148K
[STDERR  ] 2018-03-02T13:54:46.832333767Z: [    2.410278] PCLMULQDQ-NI instructions are not detected.
[STDERR  ] 2018-03-02T13:54:46.832353472Z: [    2.417677] AVX or AES-NI instructions are not detected.
[STDERR  ] 2018-03-02T13:54:46.832369134Z: [    2.425033] CPU feature 'AVX registers' is not supported.
[STDERR  ] 2018-03-02T13:54:46.832382353Z: [    2.432400] CPU feature 'AVX registers' is not supported.
[STDERR  ] 2018-03-02T13:54:46.832395762Z: [    2.439552] CPU feature 'AVX registers' is not supported.
[STDERR  ] 2018-03-02T13:54:46.832408502Z: [    2.446994] CPU feature 'AVX registers' is not supported.
[STDERR  ] 2018-03-02T13:54:46.832421496Z: [    2.454553] AVX2 or AES-NI instructions are not detected.
[STDERR  ] 2018-03-02T13:54:46.832434999Z: [    2.461895] AVX2 instructions are not detected.
[STDERR  ] 2018-03-02T13:54:46.832447218Z: [    2.468461] audit: initializing netlink subsys (disabled)
[STDERR  ] 2018-03-02T13:54:46.832460038Z: [    2.475513] audit: type=2000 audit(1519998867.939:1): initialized
[STDERR  ] 2018-03-02T13:54:46.832474592Z: [    2.483784] workingset: timestamp_bits=46 max_order=18 bucket_order=0
[STDERR  ] 2018-03-02T13:54:46.832488836Z: [    2.492368] FS-Cache: Netfs 'cifs' registered for caching
[STDERR  ] 2018-03-02T13:54:46.832501491Z: [    2.499097] fuse init (API version 7.26)
[STDERR  ] 2018-03-02T13:54:46.832514367Z: [    2.504380] SGI XFS with ACLs, security attributes, no debug enabled
[STDERR  ] 2018-03-02T13:54:46.832527423Z: [    2.512717] 9p: Installing v9fs 9p2000 file system support
[STDERR  ] 2018-03-02T13:54:46.832540227Z: [    2.519734] FS-Cache: Netfs '9p' registered for caching
[STDERR  ] 2018-03-02T13:54:46.832561830Z: [    2.527464] NET: Registered protocol family 38
[STDERR  ] 2018-03-02T13:54:46.832575148Z: [    2.533302] Key type asymmetric registered
[STDERR  ] 2018-03-02T13:54:46.832598528Z: [    2.538550] Asymmetric key parser 'x509' registered
[STDERR  ] 2018-03-02T13:54:46.832612206Z: [    2.545332] Block layer SCSI generic (bsg) driver version 0.4 loaded (major 251)
[STDERR  ] 2018-03-02T13:54:46.832625208Z: [    2.555094] io scheduler noop registered
[STDERR  ] 2018-03-02T13:54:46.832643432Z: [    2.560392] io scheduler deadline registered (default)
[STDERR  ] 2018-03-02T13:54:46.832657978Z: [    2.567246] io scheduler cfq registered
[STDERR  ] 2018-03-02T13:54:46.832669904Z: [    2.572383] pci_hotplug: PCI Hot Plug PCI Core version: 0.5
[STDERR  ] 2018-03-02T13:54:46.832682266Z: [    2.579531] pciehp: PCI Express Hot Plug Controller Driver version: 0.4
[STDERR  ] 2018-03-02T13:54:46.832695892Z: [    2.588194] shpchp: Standard Hot Plug PCI Controller Driver version: 0.4
[STDERR  ] 2018-03-02T13:54:46.832709086Z: [    2.597091] hv_vmbus: registering driver hyperv_fb
[STDERR  ] 2018-03-02T13:54:46.832722801Z: [    2.603348] input: Power Button as /devices/LNXSYSTM:00/LNXPWRBN:00/input/input0
[STDERR  ] 2018-03-02T13:54:46.832747818Z: [    2.612920] ACPI: Power Button [PWRF]
[STDERR  ] 2018-03-02T13:54:46.832763037Z: [    2.617932] GHES: HEST is not enabled!
[STDERR  ] 2018-03-02T13:54:46.832775418Z: [    2.623282] ACPI: PCI Interrupt Link [GSIG] enabled at IRQ 22
[STDERR  ] 2018-03-02T13:54:46.832787997Z: [    2.636653] ACPI: PCI Interrupt Link [GSIH] enabled at IRQ 23
[STDERR  ] 2018-03-02T13:54:46.832801773Z: [    2.649980] xenfs: not registering filesystem on non-xen platform
[STDERR  ] 2018-03-02T13:54:46.832820919Z: [    2.657960] Serial: 8250/16550 driver, 4 ports, IRQ sharing disabled
[STDERR  ] 2018-03-02T13:54:46.832835499Z: [    2.700782] 00:04: ttyS0 at I/O 0x3f8 (irq = 4, base_baud = 115200) is a 16550A
[STDERR  ] 2018-03-02T13:54:46.832848386Z: [    2.711624] Non-volatile memory driver v1.3
[STDERR  ] 2018-03-02T13:54:46.832860973Z: [    2.719560] Hangcheck: starting hangcheck timer 0.9.1 (tick is 180 seconds, margin is 60 seconds).
[STDERR  ] 2018-03-02T13:54:46.832874572Z: [    2.732141] random: fast init done
[STDERR  ] 2018-03-02T13:54:46.832888206Z: [    2.737064] random: crng init done
[STDERR  ] 2018-03-02T13:54:46.832902070Z: [    2.745296] loop: module loaded
[STDERR  ] 2018-03-02T13:54:46.832915335Z: [    2.750207] nbd: registered device at major 43
[STDERR  ] 2018-03-02T13:54:46.832927611Z: [    2.757408] lpc_ich 0000:00:1f.0: I/O space for GPIO uninitialized
[STDERR  ] 2018-03-02T13:54:46.832940888Z: [    2.765432] VMware PVSCSI driver - version 1.0.7.0-k
[STDERR  ] 2018-03-02T13:54:46.832954210Z: [    2.771915] hv_vmbus: registering driver hv_storvsc
[STDERR  ] 2018-03-02T13:54:46.832967771Z: [    2.778716] ACPI: PCI Interrupt Link [GSIA] enabled at IRQ 16
[STDERR  ] 2018-03-02T13:54:46.832984706Z: [    2.789163] ahci 0000:00:1f.2: AHCI 0001.0000 32 slots 6 ports 1.5 Gbps 0x3f impl SATA mode
[STDERR  ] 2018-03-02T13:54:46.832997917Z: [    2.800118] ahci 0000:00:1f.2: flags: 64bit ncq only 
[STDERR  ] 2018-03-02T13:54:46.833012868Z: [    2.809990] scsi host0: ahci
[STDERR  ] 2018-03-02T13:54:46.833026468Z: [    2.814019] scsi host1: ahci
[STDERR  ] 2018-03-02T13:54:46.833041106Z: [    2.817866] scsi host2: ahci
[STDERR  ] 2018-03-02T13:54:46.833054843Z: [    2.821711] scsi host3: ahci
[STDERR  ] 2018-03-02T13:54:46.833067663Z: [    2.825404] scsi host4: ahci
[STDERR  ] 2018-03-02T13:54:46.833080618Z: [    2.829208] scsi host5: ahci
[STDERR  ] 2018-03-02T13:54:46.833093647Z: [    2.833151] ata1: SATA max UDMA/133 abar m4096@0xfebd2000 port 0xfebd2100 irq 24
[STDERR  ] 2018-03-02T13:54:46.833106780Z: [    2.842791] ata2: SATA max UDMA/133 abar m4096@0xfebd2000 port 0xfebd2180 irq 24
[STDERR  ] 2018-03-02T13:54:46.833119896Z: [    2.852427] ata3: SATA max UDMA/133 abar m4096@0xfebd2000 port 0xfebd2200 irq 24
[STDERR  ] 2018-03-02T13:54:46.833141003Z: [    2.862097] ata4: SATA max UDMA/133 abar m4096@0xfebd2000 port 0xfebd2280 irq 24
[STDERR  ] 2018-03-02T13:54:46.833163565Z: [    2.871748] ata5: SATA max UDMA/133 abar m4096@0xfebd2000 port 0xfebd2300 irq 24
[STDERR  ] 2018-03-02T13:54:46.833176461Z: [    2.881209] ata6: SATA max UDMA/133 abar m4096@0xfebd2000 port 0xfebd2380 irq 24
[STDERR  ] 2018-03-02T13:54:46.833190118Z: [    2.891361] tun: Universal TUN/TAP device driver, 1.6
[STDERR  ] 2018-03-02T13:54:46.833203685Z: [    2.897914] tun: (C) 1999-2004 Max Krasnyansky <maxk@qualcomm.com>
[STDERR  ] 2018-03-02T13:54:46.833216907Z: [    2.912280] VMware vmxnet3 virtual NIC driver - version 1.4.a.0-k-NAPI
[STDERR  ] 2018-03-02T13:54:46.833233491Z: [    2.920787] hv_vmbus: registering driver hv_netvsc
[STDERR  ] 2018-03-02T13:54:46.833247396Z: [    2.927213] Fusion MPT base driver 3.04.20
[STDERR  ] 2018-03-02T13:54:46.833260536Z: [    2.932785] Copyright (c) 1999-2008 LSI Corporation
[STDERR  ] 2018-03-02T13:54:46.833275956Z: [    2.939145] Fusion MPT SPI Host driver 3.04.20
[STDERR  ] 2018-03-02T13:54:46.833289065Z: [    2.945001] i8042: PNP: PS/2 Controller [PNP0303:KBD,PNP0f13:MOU] at 0x60,0x64 irq 1,12
[STDERR  ] 2018-03-02T13:54:46.833302485Z: [    2.959060] serio: i8042 KBD port at 0x60,0x64 irq 1
[STDERR  ] 2018-03-02T13:54:46.833316181Z: [    2.965585] serio: i8042 AUX port at 0x60,0x64 irq 12
[STDERR  ] 2018-03-02T13:54:46.833329605Z: [    2.972386] hv_vmbus: registering driver hyperv_keyboard
[STDERR  ] 2018-03-02T13:54:46.833342512Z: [    2.979202] mousedev: PS/2 mouse device common for all mice
[STDERR  ] 2018-03-02T13:54:46.833355589Z: [    2.987776] input: AT Translated Set 2 keyboard as /devices/platform/i8042/serio0/input/input1
[STDERR  ] 2018-03-02T13:54:46.833368765Z: [    2.999007] input: PC Speaker as /devices/platform/pcspkr/input/input2
[STDERR  ] 2018-03-02T13:54:46.833387957Z: [    3.007908] rtc_cmos 00:00: RTC can wake from S4
[STDERR  ] 2018-03-02T13:54:46.833403214Z: [    3.016171] rtc_cmos 00:00: rtc core: registered rtc_cmos as rtc0
[STDERR  ] 2018-03-02T13:54:46.833416363Z: [    3.025236] rtc_cmos 00:00: alarms up to one day, y3k, 114 bytes nvram, hpet irqs
[STDERR  ] 2018-03-02T13:54:46.833436920Z: [    3.035048] i2c /dev entries driver
[STDERR  ] 2018-03-02T13:54:46.833450200Z: [    3.039733] device-mapper: ioctl: 4.35.0-ioctl (2016-06-23) initialised: dm-devel@redhat.com
[STDERR  ] 2018-03-02T13:54:46.833463480Z: [    3.051305] usbcore: registered new interface driver usbhid
[STDERR  ] 2018-03-02T13:54:46.833477540Z: [    3.058536] usbhid: USB HID core driver
[STDERR  ] 2018-03-02T13:54:46.833490749Z: [    3.063667] hv_utils: Registering HyperV Utility Driver
[STDERR  ] 2018-03-02T13:54:46.833503712Z: [    3.070454] hv_vmbus: registering driver hv_util
[STDERR  ] 2018-03-02T13:54:46.833516597Z: [    3.076294] hv_vmbus: registering driver hv_balloon
[STDERR  ] 2018-03-02T13:54:46.833529525Z: [    3.082604] oprofile: using NMI interrupt.
[STDERR  ] 2018-03-02T13:54:46.833542462Z: [    3.087899] GACT probability on
[STDERR  ] 2018-03-02T13:54:46.833559511Z: [    3.092047] Mirror/redirect action on
[STDERR  ] 2018-03-02T13:54:46.833572744Z: [    3.096827] Simple TC action Loaded
[STDERR  ] 2018-03-02T13:54:46.833592749Z: [    3.101388] u32 classifier
[STDERR  ] 2018-03-02T13:54:46.833605960Z: [    3.104950]     Performance counters on
[STDERR  ] 2018-03-02T13:54:46.833619722Z: [    3.109852]     input device check on
[STDERR  ] 2018-03-02T13:54:46.833633297Z: [    3.114701]     Actions configured
[STDERR  ] 2018-03-02T13:54:46.833647660Z: [    3.119226] Netfilter messages via NETLINK v0.30.
[STDERR  ] 2018-03-02T13:54:46.833663737Z: [    3.125795] nfnl_acct: registering with nfnetlink.
[STDERR  ] 2018-03-02T13:54:46.833676857Z: [    3.132824] nf_conntrack version 0.5.0 (8192 buckets, 32768 max)
[STDERR  ] 2018-03-02T13:54:46.833692495Z: [    3.141028] ctnetlink v0.93: registering with nfnetlink.
[STDERR  ] 2018-03-02T13:54:46.833705300Z: [    3.148253] nf_tables: (c) 2007-2009 Patrick McHardy <kaber@trash.net>
[STDERR  ] 2018-03-02T13:54:46.833727924Z: [    3.156797] nf_tables_compat: (c) 2012 Pablo Neira Ayuso <pablo@netfilter.org>
[STDERR  ] 2018-03-02T13:54:46.833741279Z: [    3.166238] xt_time: kernel timezone is -0000
[STDERR  ] 2018-03-02T13:54:46.833754289Z: [    3.172153] ip_set: protocol 6
[STDERR  ] 2018-03-02T13:54:46.833767233Z: [    3.176083] IPVS: Registered protocols (TCP, UDP, SCTP, AH, ESP)
[STDERR  ] 2018-03-02T13:54:46.833783002Z: [    3.183951] IPVS: Connection hash table configured (size=4096, memory=64Kbytes)
[STDERR  ] 2018-03-02T13:54:46.833796729Z: [    3.193529] IPVS: Creating netns size=2104 id=0
[STDERR  ] 2018-03-02T13:54:46.833809904Z: [    3.200474] IPVS: ipvs loaded.
[STDERR  ] 2018-03-02T13:54:46.833822928Z: [    3.204741] IPVS: [rr] scheduler registered.
[STDERR  ] 2018-03-02T13:54:46.833835876Z: [    3.210532] IPVS: [wrr] scheduler registered.
[STDERR  ] 2018-03-02T13:54:46.833848706Z: [    3.216355] IPVS: [lc] scheduler registered.
[STDERR  ] 2018-03-02T13:54:46.833861600Z: [    3.222144] IPVS: [wlc] scheduler registered.
[STDERR  ] 2018-03-02T13:54:46.833875257Z: [    3.227938] IPVS: [fo] scheduler registered.
[STDERR  ] 2018-03-02T13:54:46.833888393Z: [    3.234210] ata6: SATA link down (SStatus 0 SControl 300)
[STDERR  ] 2018-03-02T13:54:46.833901620Z: [    3.241866] ata5: SATA link down (SStatus 0 SControl 300)
[STDERR  ] 2018-03-02T13:54:46.833914676Z: [    3.249763] ata4: SATA link down (SStatus 0 SControl 300)
[STDERR  ] 2018-03-02T13:54:46.833927650Z: [    3.257549] ata3: SATA link up 1.5 Gbps (SStatus 113 SControl 300)
[STDERR  ] 2018-03-02T13:54:46.833940677Z: [    3.266584] ata2: SATA link up 1.5 Gbps (SStatus 113 SControl 300)
[STDERR  ] 2018-03-02T13:54:46.833954784Z: [    3.275628] ata1: SATA link up 1.5 Gbps (SStatus 113 SControl 300)
[STDERR  ] 2018-03-02T13:54:46.833972637Z: [    3.284113] IPVS: [ovf] scheduler registered.
[STDERR  ] 2018-03-02T13:54:46.833986304Z: [    3.289598] IPVS: [lblc] scheduler registered.
[STDERR  ] 2018-03-02T13:54:46.833999310Z: [    3.295418] ata3.00: ATAPI: QEMU DVD-ROM, 2.5+, max UDMA/100
[STDERR  ] 2018-03-02T13:54:46.834012344Z: [    3.302597] ata3.00: applying bridge limits
[STDERR  ] 2018-03-02T13:54:46.834025557Z: [    3.308299] ata2.00: ATA-7: QEMU HARDDISK, 2.5+, max UDMA/100
[STDERR  ] 2018-03-02T13:54:46.834039299Z: [    3.315946] ata2.00: 1048576 sectors, multi 16: LBA48 NCQ (depth 31/32)
[STDERR  ] 2018-03-02T13:54:46.834052655Z: [    3.324498] ata2.00: applying bridge limits
[STDERR  ] 2018-03-02T13:54:46.834065794Z: [    3.329978] ata1.00: ATA-7: QEMU HARDDISK, 2.5+, max UDMA/100
[STDERR  ] 2018-03-02T13:54:46.834078643Z: [    3.337395] ata1.00: 1048576 sectors, multi 16: LBA48 NCQ (depth 31/32)
[STDERR  ] 2018-03-02T13:54:46.834094515Z: [    3.345925] ata1.00: applying bridge limits
[STDERR  ] 2018-03-02T13:54:46.834107796Z: [    3.351657] IPVS: [lblcr] scheduler registered.
[STDERR  ] 2018-03-02T13:54:46.834121472Z: [    3.357400] IPVS: [dh] scheduler registered.
[STDERR  ] 2018-03-02T13:54:46.834140347Z: [    3.363239] ata3.00: configured for UDMA/100
[STDERR  ] 2018-03-02T13:54:46.834153588Z: [    3.369427] IPVS: [sh] scheduler registered.
[STDERR  ] 2018-03-02T13:54:46.834166516Z: [    3.375523] ata2.00: configured for UDMA/100
[STDERR  ] 2018-03-02T13:54:46.834179379Z: [    3.381394] ata1.00: configured for UDMA/100
[STDERR  ] 2018-03-02T13:54:46.834196395Z: [    3.387185] IPVS: [sed] scheduler registered.
[STDERR  ] 2018-03-02T13:54:46.834212210Z: [    3.393032] scsi 0:0:0:0: Direct-Access     ATA      QEMU HARDDISK    2.5+ PQ: 0 ANSI: 5
[STDERR  ] 2018-03-02T13:54:46.834225601Z: [    3.403601] IPVS: [nq] scheduler registered.
[STDERR  ] 2018-03-02T13:54:46.834238305Z: [    3.409206] IPVS: ftp: loaded support on port[0] = 21
[STDERR  ] 2018-03-02T13:54:46.834251210Z: [    3.416081] sd 0:0:0:0: Attached scsi generic sg0 type 0
[STDERR  ] 2018-03-02T13:54:46.834264432Z: [    3.422964] sd 0:0:0:0: [sda] 1048576 512-byte logical blocks: (537 MB/512 MiB)
[STDERR  ] 2018-03-02T13:54:46.834278532Z: [    3.432547] sd 0:0:0:0: [sda] Write Protect is off
[STDERR  ] 2018-03-02T13:54:46.834296736Z: [    3.438921] scsi 1:0:0:0: Direct-Access     ATA      QEMU HARDDISK    2.5+ PQ: 0 ANSI: 5
[STDERR  ] 2018-03-02T13:54:46.834310643Z: [    3.449647] ipip: IPv4 and MPLS over IPv4 tunneling driver
[STDERR  ] 2018-03-02T13:54:46.834323883Z: [    3.456767] sd 0:0:0:0: [sda] Write cache: enabled, read cache: enabled, doesn't support DPO or FUA
[STDERR  ] 2018-03-02T13:54:46.834336928Z: [    3.468582] gre: GRE over IPv4 demultiplexor driver
[STDERR  ] 2018-03-02T13:54:46.834350935Z: [    3.475189] sd 1:0:0:0: [sdb] 1048576 512-byte logical blocks: (537 MB/512 MiB)
[STDERR  ] 2018-03-02T13:54:46.834364205Z: [    3.484793] sd 1:0:0:0: Attached scsi generic sg1 type 0
[STDERR  ] 2018-03-02T13:54:46.834379663Z: [    3.492120] ip_tables: (C) 2000-2006 Netfilter Core Team
[STDERR  ] 2018-03-02T13:54:46.834392650Z: [    3.499133] ipt_CLUSTERIP: ClusterIP Version 0.8 loaded successfully
[STDERR  ] 2018-03-02T13:54:46.834405856Z: [    3.507348] sd 1:0:0:0: [sdb] Write Protect is off
[STDERR  ] 2018-03-02T13:54:46.834418818Z: [    3.513920] scsi 2:0:0:0: CD-ROM            QEMU     QEMU DVD-ROM     2.5+ PQ: 0 ANSI: 5
[STDERR  ] 2018-03-02T13:54:46.834433005Z: [    3.525012] sd 0:0:0:0: [sda] Attached SCSI disk
[STDERR  ] 2018-03-02T13:54:46.834445875Z: [    3.531070] sd 1:0:0:0: [sdb] Write cache: enabled, read cache: enabled, doesn't support DPO or FUA
[STDERR  ] 2018-03-02T13:54:46.834459435Z: [    3.544010] arp_tables: arp_tables: (C) 2002 David S. Miller
[STDERR  ] 2018-03-02T13:54:46.834472396Z: [    3.552158] sd 1:0:0:0: [sdb] Attached SCSI disk
[STDERR  ] 2018-03-02T13:54:46.834485368Z: [    3.558423] NET: Registered protocol family 10
[STDERR  ] 2018-03-02T13:54:46.834498443Z: [    3.564999] sr 2:0:0:0: [sr0] scsi3-mmc drive: 4x/4x cd/rw xa/form2 tray
[STDERR  ] 2018-03-02T13:54:46.834517576Z: [    3.573717] cdrom: Uniform CD-ROM driver Revision: 3.20
[STDERR  ] 2018-03-02T13:54:46.834531382Z: [    3.580798] ip6_tables: (C) 2000-2006 Netfilter Core Team
[STDERR  ] 2018-03-02T13:54:46.834544442Z: [    3.588389] NET: Registered protocol family 17
[STDERR  ] 2018-03-02T13:54:46.834557522Z: [    3.594695] sr 2:0:0:0: Attached scsi generic sg2 type 5
[STDERR  ] 2018-03-02T13:54:46.834573022Z: [    3.601554] Bridge firewalling registered
[STDERR  ] 2018-03-02T13:54:46.834594214Z: [    3.606672] Ebtables v2.0 registered
[STDERR  ] 2018-03-02T13:54:46.834607417Z: [    3.611725] 8021q: 802.1Q VLAN Support v1.8
[STDERR  ] 2018-03-02T13:54:46.834623306Z: [    3.616975] 9pnet: Installing 9P2000 support
[STDERR  ] 2018-03-02T13:54:46.834636582Z: [    3.622490] Key type dns_resolver registered
[STDERR  ] 2018-03-02T13:54:46.834649567Z: [    3.628115] microcode: sig=0x663, pf=0x1, revision=0x1
[STDERR  ] 2018-03-02T13:54:46.834662698Z: [    3.634949] microcode: Microcode Update Driver: v2.01 <tigran@aivazian.fsnet.co.uk>, Peter Oruba
[STDERR  ] 2018-03-02T13:54:46.834678960Z: [    3.646544] registered taskstats version 1
[STDERR  ] 2018-03-02T13:54:46.834691809Z: [    3.656516] Key type big_key registered
[STDERR  ] 2018-03-02T13:54:46.834704827Z: [    3.663108] Key type encrypted registered
[STDERR  ] 2018-03-02T13:54:46.834720215Z: [    3.670694] rtc_cmos 00:00: setting system clock to 2018-03-02 13:54:29 UTC (1519998869)
[STDERR  ] 2018-03-02T13:54:46.834734546Z: [    3.684850] Freeing unused kernel memory: 1380K
[STDERR  ] 2018-03-02T13:54:46.834748780Z: [    3.691470] Write protecting the kernel read-only data: 12288k
[STDERR  ] 2018-03-02T13:54:46.834762306Z: [    3.699801] Freeing unused kernel memory: 140K
[STDERR  ] 2018-03-02T13:54:46.834775471Z: [    3.710431] Freeing unused kernel memory: 1400K
[STDERR  ] 2018-03-02T13:54:46.834788504Z: 
[STDERR  ] 2018-03-02T13:54:46.834801922Z: Welcome to LinuxKit
[STDERR  ] 2018-03-02T13:54:46.834815449Z: 
[STDERR  ] 2018-03-02T13:54:46.834829540Z:                         ##         .
[STDERR  ] 2018-03-02T13:54:46.834842864Z:                   ## ## ##        ==
[STDERR  ] 2018-03-02T13:54:46.834855842Z:                ## ## ## ## ##    ===
[STDERR  ] 2018-03-02T13:54:46.834874186Z:            /"""""""""""""""""\___/ ===
[STDERR  ] 2018-03-02T13:54:46.834887522Z:           {                       /  ===-
[STDERR  ] 2018-03-02T13:54:46.834900977Z:            \______ O           __/
[STDERR  ] 2018-03-02T13:54:46.835356887Z:              \    \         __/
[STDERR  ] 2018-03-02T13:54:46.835392387Z:               \____\_______/
[STDERR  ] 2018-03-02T13:54:46.835419372Z: 
[STDERR  ] 2018-03-02T13:54:46.835444239Z: [    4.379697] IPVS: Creating netns size=2104 id=1
[STDERR  ] 2018-03-02T13:54:46.835472219Z: [    4.384596] IPVS: ftp: loaded support on port[0] = 21
[STDERR  ] 2018-03-02T13:54:46.835498965Z: 2018/03/02 13:54:30 Considering auto format for device /dev/sda
[STDERR  ] 2018-03-02T13:54:46.835525655Z: 2018/03/02 13:54:30 Checking if /dev/sda is empty
[STDERR  ] 2018-03-02T13:54:46.835550542Z: 2018/03/02 13:54:30 blkid did not find any existing content on /dev/sda.
[STDERR  ] 2018-03-02T13:54:46.835586182Z: 2018/03/02 13:54:30 Creating partition on /dev/sda
[STDERR  ] 2018-03-02T13:54:46.835615631Z: [    4.489714]  sda:
[STDERR  ] 2018-03-02T13:54:46.835640851Z: [    4.502595]  sda:
[STDERR  ] 2018-03-02T13:54:46.835669536Z: [    4.520179]  sda: sda1
[STDERR  ] 2018-03-02T13:54:46.835695809Z: [    4.527966]  sda: sda1
[STDERR  ] 2018-03-02T13:54:46.835723095Z: 2018/03/02 13:54:31 Partition /dev/sda1 successfully created!
[STDERR  ] 2018-03-02T13:54:46.835749942Z: [    5.711065] IPVS: Creating netns size=2104 id=2
[STDERR  ] 2018-03-02T13:54:46.835804827Z: [    5.716109] IPVS: ftp: loaded support on port[0] = 21
[STDERR  ] 2018-03-02T13:54:46.835838012Z: 2018/03/02 13:54:31 Considering auto format for device /dev/sdb
[STDERR  ] 2018-03-02T13:54:46.835863151Z: 2018/03/02 13:54:31 Checking if /dev/sdb is empty
[STDERR  ] 2018-03-02T13:54:46.835899809Z: 2018/03/02 13:54:31 blkid did not find any existing content on /dev/sdb.
[STDERR  ] 2018-03-02T13:54:46.835929693Z: 2018/03/02 13:54:31 Creating partition on /dev/sdb
[STDERR  ] 2018-03-02T13:54:46.835954418Z: [    5.818633]  sdb:
[STDERR  ] 2018-03-02T13:54:46.835985435Z: [    5.831568]  sdb:
[STDERR  ] 2018-03-02T13:54:46.836012379Z: [    5.848957]  sdb: sdb1
[STDERR  ] 2018-03-02T13:54:46.836042959Z: [    5.857588]  sdb: sdb1
[STDERR  ] 2018-03-02T13:54:46.836069452Z: 2018/03/02 13:54:32 Partition /dev/sdb1 successfully created!
[STDERR  ] 2018-03-02T13:54:46.836102894Z: [    7.151152] IPVS: Creating netns size=2104 id=3
[STDERR  ] 2018-03-02T13:54:46.836128623Z: [    7.157008] IPVS: ftp: loaded support on port[0] = 21
[STDERR  ] 2018-03-02T13:54:46.836157123Z: 2018/03/02 13:54:32 Considering auto format for device /dev/sda
[STDERR  ] 2018-03-02T13:54:46.836183343Z: 2018/03/02 13:54:32 Checking if /dev/sda is empty
[STDERR  ] 2018-03-02T13:54:46.836210012Z: 2018/03/02 13:54:32 /dev/sda has content. blkid returned: /dev/sda: PTUUID="f5167395" PTTYPE="dos"
[STDERR  ] 2018-03-02T13:54:46.836237190Z: 2018/03/02 13:54:32 No eligible disks found
[STDERR  ] 2018-03-02T13:54:46.836267537Z: [    7.311370] IPVS: Creating netns size=2104 id=4
[STDERR  ] 2018-03-02T13:54:46.836294792Z: [    7.318529] IPVS: ftp: loaded support on port[0] = 21
[STDERR  ] 2018-03-02T13:54:46.836321377Z: 2018/03/02 13:54:33 Clearing partitions on /dev/sdb because forced format was requested
[STDERR  ] 2018-03-02T13:54:46.836352346Z: [    7.363832]  sdb:
[STDERR  ] 2018-03-02T13:54:46.836381265Z: 2018/03/02 13:54:33 Creating partition on /dev/sdb
[STDERR  ] 2018-03-02T13:54:46.836407712Z: [    7.381134]  sdb:
[STDERR  ] 2018-03-02T13:54:46.836438450Z: [    7.384651]  sdb:
[STDERR  ] 2018-03-02T13:54:46.836465888Z: [    7.390719]  sdb:
[STDERR  ] 2018-03-02T13:54:46.836491917Z: [    7.403041]  sdb: sdb1
[STDERR  ] 2018-03-02T13:54:46.836517107Z: [    7.413425]  sdb: sdb1
[STDERR  ] 2018-03-02T13:54:46.836548623Z: [    8.476220] mkfs.xfs: sending ioctl 1261 to a partition!
[STDERR  ] 2018-03-02T13:54:46.836575384Z: 2018/03/02 13:54:34 Partition /dev/sdb1 successfully created!
[STDERR  ] 2018-03-02T13:54:46.836610907Z: [    8.561051] IPVS: Creating netns size=2104 id=5
[STDERR  ] 2018-03-02T13:54:46.836646042Z: [    8.567415] IPVS: ftp: loaded support on port[0] = 21
[STDERR  ] 2018-03-02T13:54:46.836672358Z: === forcing device discovery (attempt 1) ===
[STDERR  ] 2018-03-02T13:54:46.836697204Z: === /dev list (attempt 1) ===
[STDERR  ] 2018-03-02T13:54:46.836754858Z: total 0
[STDERR  ] 2018-03-02T13:54:46.836789830Z: drwxr-xr-x    8 root     root          2840 Mar  2 13:54 [1;34m.[0m
[STDERR  ] 2018-03-02T13:54:46.836817878Z: drwxr-xr-x    1 root     root            60 Mar  2 13:54 [1;34m..[0m
[STDERR  ] 2018-03-02T13:54:46.836844650Z: drwxr-xr-x    2 root     root           100 Mar  2 13:54 [1;34mbsg[0m
[STDERR  ] 2018-03-02T13:54:46.836871211Z: crw-rw----    1 root     root       10,  63 Mar  2 13:54 [1;35mcachefiles[0m
[STDERR  ] 2018-03-02T13:54:46.836898367Z: crw-rw----    1 root     root        5,   1 Mar  2 13:54 [1;35mconsole[0m
[STDERR  ] 2018-03-02T13:54:46.836920436Z: lrwxrwxrwx    1 root     root            11 Mar  2 13:54 [1;36mcore[0m -> [0;0m/proc/kcore[0m
[STDERR  ] 2018-03-02T13:54:46.836935134Z: drwxr-xr-x    3 root     root            80 Mar  2 13:54 [1;34mcpu[0m
[STDERR  ] 2018-03-02T13:54:46.836949574Z: crw-rw----    1 root     root       10,  62 Mar  2 13:54 [1;35mcpu_dma_latency[0m
[STDERR  ] 2018-03-02T13:54:46.836968116Z: crw-rw----    1 root     root       10, 203 Mar  2 13:54 [1;35mcuse[0m
[STDERR  ] 2018-03-02T13:54:46.836986374Z: lrwxrwxrwx    1 root     root            13 Mar  2 13:54 [1;36mfd[0m -> [1;34m/proc/self/fd[0m
[STDERR  ] 2018-03-02T13:54:46.837000944Z: crw-rw----    1 root     root        1,   7 Mar  2 13:54 [1;35mfull[0m
[STDERR  ] 2018-03-02T13:54:46.837018439Z: crw-rw----    1 root     root       10, 229 Mar  2 13:54 [1;35mfuse[0m
[STDERR  ] 2018-03-02T13:54:46.837045463Z: crw-rw----    1 root     root       10, 228 Mar  2 13:54 [1;35mhpet[0m
[STDERR  ] 2018-03-02T13:54:46.837064157Z: crw-rw----    1 root     root       10, 183 Mar  2 13:54 [1;35mhwrng[0m
[STDERR  ] 2018-03-02T13:54:46.837081377Z: drwxr-xr-x    2 root     root           120 Mar  2 13:54 [1;34minput[0m
[STDERR  ] 2018-03-02T13:54:46.837095964Z: crw-rw----    1 root     root        1,  11 Mar  2 13:54 [1;35mkmsg[0m
[STDERR  ] 2018-03-02T13:54:46.837113682Z: crw-rw----    1 root     root       10, 237 Mar  2 13:54 [1;35mloop-control[0m
[STDERR  ] 2018-03-02T13:54:46.837130817Z: brw-rw----    1 root     root        7,   0 Mar  2 13:54 [1;35mloop0[0m
[STDERR  ] 2018-03-02T13:54:46.837148783Z: brw-rw----    1 root     root        7,   1 Mar  2 13:54 [1;35mloop1[0m
[STDERR  ] 2018-03-02T13:54:46.837163099Z: brw-rw----    1 root     root        7,   2 Mar  2 13:54 [1;35mloop2[0m
[STDERR  ] 2018-03-02T13:54:46.837180530Z: brw-rw----    1 root     root        7,   3 Mar  2 13:54 [1;35mloop3[0m
[STDERR  ] 2018-03-02T13:54:46.837197910Z: brw-rw----    1 root     root        7,   4 Mar  2 13:54 [1;35mloop4[0m
[STDERR  ] 2018-03-02T13:54:46.837214502Z: brw-rw----    1 root     root        7,   5 Mar  2 13:54 [1;35mloop5[0m
[STDERR  ] 2018-03-02T13:54:46.837229408Z: brw-rw----    1 root     root        7,   6 Mar  2 13:54 [1;35mloop6[0m
[STDERR  ] 2018-03-02T13:54:46.837246669Z: brw-rw----    1 root     root        7,   7 Mar  2 13:54 [1;35mloop7[0m
[STDERR  ] 2018-03-02T13:54:46.837263722Z: drwxr-xr-x    2 root     root            60 Mar  2 13:54 [1;34mmapper[0m
[STDERR  ] 2018-03-02T13:54:46.837280964Z: crw-rw----    1 root     root        1,   1 Mar  2 13:54 [1;35mmem[0m
[STDERR  ] 2018-03-02T13:54:46.837298335Z: crw-rw----    1 root     root       10,  59 Mar  2 13:54 [1;35mmemory_bandwidth[0m
[STDERR  ] 2018-03-02T13:54:46.837319330Z: brw-rw----    1 root     root       43,   0 Mar  2 13:54 [1;35mnbd0[0m
[STDERR  ] 2018-03-02T13:54:46.837336908Z: brw-rw----    1 root     root       43,   1 Mar  2 13:54 [1;35mnbd1[0m
[STDERR  ] 2018-03-02T13:54:46.837354183Z: brw-rw----    1 root     root       43,  10 Mar  2 13:54 [1;35mnbd10[0m
[STDERR  ] 2018-03-02T13:54:46.837368652Z: brw-rw----    1 root     root       43,  11 Mar  2 13:54 [1;35mnbd11[0m
[STDERR  ] 2018-03-02T13:54:46.837390972Z: brw-rw----    1 root     root       43,  12 Mar  2 13:54 [1;35mnbd12[0m
[STDERR  ] 2018-03-02T13:54:46.837409455Z: brw-rw----    1 root     root       43,  13 Mar  2 13:54 [1;35mnbd13[0m
[STDERR  ] 2018-03-02T13:54:46.837427202Z: brw-rw----    1 root     root       43,  14 Mar  2 13:54 [1;35mnbd14[0m
[STDERR  ] 2018-03-02T13:54:46.837444559Z: brw-rw----    1 root     root       43,  15 Mar  2 13:54 [1;35mnbd15[0m
[STDERR  ] 2018-03-02T13:54:46.837461982Z: brw-rw----    1 root     root       43,   2 Mar  2 13:54 [1;35mnbd2[0m
[STDERR  ] 2018-03-02T13:54:46.837483223Z: brw-rw----    1 root     root       43,   3 Mar  2 13:54 [1;35mnbd3[0m
[STDERR  ] 2018-03-02T13:54:46.837500800Z: brw-rw----    1 root     root       43,   4 Mar  2 13:54 [1;35mnbd4[0m
[STDERR  ] 2018-03-02T13:54:46.837521280Z: brw-rw----    1 root     root       43,   5 Mar  2 13:54 [1;35mnbd5[0m
[STDERR  ] 2018-03-02T13:54:46.837536043Z: brw-rw----    1 root     root       43,   6 Mar  2 13:54 [1;35mnbd6[0m
[STDERR  ] 2018-03-02T13:54:46.837553141Z: brw-rw----    1 root     root       43,   7 Mar  2 13:54 [1;35mnbd7[0m
[STDERR  ] 2018-03-02T13:54:46.837570352Z: brw-rw----    1 root     root       43,   8 Mar  2 13:54 [1;35mnbd8[0m
[STDERR  ] 2018-03-02T13:54:46.837594247Z: brw-rw----    1 root     root       43,   9 Mar  2 13:54 [1;35mnbd9[0m
[STDERR  ] 2018-03-02T13:54:46.837612172Z: drwxr-xr-x    2 root     root            60 Mar  2 13:54 [1;34mnet[0m
[STDERR  ] 2018-03-02T13:54:46.837630436Z: crw-rw----    1 root     root       10,  61 Mar  2 13:54 [1;35mnetwork_latency[0m
[STDERR  ] 2018-03-02T13:54:46.837647712Z: crw-rw----    1 root     root       10,  60 Mar  2 13:54 [1;35mnetwork_throughput[0m
[STDERR  ] 2018-03-02T13:54:46.837671556Z: crw-rw----    1 root     root        1,   3 Mar  2 13:54 [1;35mnull[0m
[STDERR  ] 2018-03-02T13:54:46.837689669Z: crw-rw----    1 root     root       10, 144 Mar  2 13:54 [1;35mnvram[0m
[STDERR  ] 2018-03-02T13:54:46.837707220Z: crw-rw----    1 root     root        1,   4 Mar  2 13:54 [1;35mport[0m
[STDERR  ] 2018-03-02T13:54:46.837724647Z: crw-rw----    1 root     root       10,   1 Mar  2 13:54 [1;35mpsaux[0m
[STDERR  ] 2018-03-02T13:54:46.837746180Z: lrwxrwxrwx    1 root     root             8 Mar  2 13:54 [1;36mptmx[0m -> [1;35mpts/ptmx[0m
[STDERR  ] 2018-03-02T13:54:46.837760967Z: drwxr-xr-x    2 root     root             0 Mar  2 13:54 [1;34mpts[0m
[STDERR  ] 2018-03-02T13:54:46.837776402Z: crw-rw----    1 root     root        1,   8 Mar  2 13:54 [1;35mrandom[0m
[STDERR  ] 2018-03-02T13:54:46.837794136Z: crw-rw----    1 root     root      254,   0 Mar  2 13:54 [1;35mrtc0[0m
[STDERR  ] 2018-03-02T13:54:46.837811522Z: brw-rw----    1 root     root        8,   0 Mar  2 13:54 [1;35msda[0m
[STDERR  ] 2018-03-02T13:54:46.837832229Z: brw-rw----    1 root     root        8,   1 Mar  2 13:54 [1;35msda1[0m
[STDERR  ] 2018-03-02T13:54:46.837846656Z: brw-rw----    1 root     root        8,  16 Mar  2 13:54 [1;35msdb[0m
[STDERR  ] 2018-03-02T13:54:46.837863568Z: brw-rw----    1 root     root        8,  17 Mar  2 13:54 [1;35msdb1[0m
[STDERR  ] 2018-03-02T13:54:46.837880032Z: crw-rw----    1 root     root       21,   0 Mar  2 13:54 [1;35msg0[0m
[STDERR  ] 2018-03-02T13:54:46.837895974Z: crw-rw----    1 root     root       21,   1 Mar  2 13:54 [1;35msg1[0m
[STDERR  ] 2018-03-02T13:54:46.837913565Z: crw-rw----    1 root     root       21,   2 Mar  2 13:54 [1;35msg2[0m
[STDERR  ] 2018-03-02T13:54:46.837934140Z: brw-rw----    1 root     root       11,   0 Mar  2 13:54 [1;35msr0[0m
[STDERR  ] 2018-03-02T13:54:46.837951868Z: lrwxrwxrwx    1 root     root            15 Mar  2 13:54 [1;36mstderr[0m -> [1;35m/proc/self/fd/2[0m
[STDERR  ] 2018-03-02T13:54:46.837970089Z: lrwxrwxrwx    1 root     root            15 Mar  2 13:54 [1;36mstdin[0m -> [1;35m/proc/self/fd/0[0m
[STDERR  ] 2018-03-02T13:54:46.837988364Z: lrwxrwxrwx    1 root     root            15 Mar  2 13:54 [1;36mstdout[0m -> [1;35m/proc/self/fd/1[0m
[STDERR  ] 2018-03-02T13:54:46.838016057Z: crw-rw----    1 root     root        5,   0 Mar  2 13:54 [1;35mtty[0m
[STDERR  ] 2018-03-02T13:54:46.838034077Z: crw-rw----    1 root     root        4,   0 Mar  2 13:54 [1;35mtty0[0m
[STDERR  ] 2018-03-02T13:54:46.838051528Z: crw-rw----    1 root     root        4,   1 Mar  2 13:54 [1;35mtty1[0m
[STDERR  ] 2018-03-02T13:54:46.838068919Z: crw-rw----    1 root     root        4,  10 Mar  2 13:54 [1;35mtty10[0m
[STDERR  ] 2018-03-02T13:54:46.838084226Z: crw-rw----    1 root     root        4,  11 Mar  2 13:54 [1;35mtty11[0m
[STDERR  ] 2018-03-02T13:54:46.838101461Z: crw-rw----    1 root     root        4,  12 Mar  2 13:54 [1;35mtty12[0m
[STDERR  ] 2018-03-02T13:54:46.838116142Z: crw-rw----    1 root     root        4,  13 Mar  2 13:54 [1;35mtty13[0m
[STDERR  ] 2018-03-02T13:54:46.838133477Z: crw-rw----    1 root     root        4,  14 Mar  2 13:54 [1;35mtty14[0m
[STDERR  ] 2018-03-02T13:54:46.838150526Z: crw-rw----    1 root     root        4,  15 Mar  2 13:54 [1;35mtty15[0m
[STDERR  ] 2018-03-02T13:54:46.838167413Z: crw-rw----    1 root     root        4,  16 Mar  2 13:54 [1;35mtty16[0m
[STDERR  ] 2018-03-02T13:54:46.838187546Z: crw-rw----    1 root     root        4,  17 Mar  2 13:54 [1;35mtty17[0m
[STDERR  ] 2018-03-02T13:54:46.838204655Z: crw-rw----    1 root     root        4,  18 Mar  2 13:54 [1;35mtty18[0m
[STDERR  ] 2018-03-02T13:54:46.838221957Z: crw-rw----    1 root     root        4,  19 Mar  2 13:54 [1;35mtty19[0m
[STDERR  ] 2018-03-02T13:54:46.838239247Z: crw-rw----    1 root     root        4,   2 Mar  2 13:54 [1;35mtty2[0m
[STDERR  ] 2018-03-02T13:54:46.838256648Z: crw-rw----    1 root     root        4,  20 Mar  2 13:54 [1;35mtty20[0m
[STDERR  ] 2018-03-02T13:54:46.838279053Z: crw-rw----    1 root     root        4,  21 Mar  2 13:54 [1;35mtty21[0m
[STDERR  ] 2018-03-02T13:54:46.838297381Z: crw-rw----    1 root     root        4,  22 Mar  2 13:54 [1;35mtty22[0m
[STDERR  ] 2018-03-02T13:54:46.838311397Z: crw-rw----    1 root     root        4,  23 Mar  2 13:54 [1;35mtty23[0m
[STDERR  ] 2018-03-02T13:54:46.838328624Z: crw-rw----    1 root     root        4,  24 Mar  2 13:54 [1;35mtty24[0m
[STDERR  ] 2018-03-02T13:54:46.838349662Z: crw-rw----    1 root     root        4,  25 Mar  2 13:54 [1;35mtty25[0m
[STDERR  ] 2018-03-02T13:54:46.838364462Z: crw-rw----    1 root     root        4,  26 Mar  2 13:54 [1;35mtty26[0m
[STDERR  ] 2018-03-02T13:54:46.838384980Z: crw-rw----    1 root     root        4,  27 Mar  2 13:54 [1;35mtty27[0m
[STDERR  ] 2018-03-02T13:54:46.838402351Z: crw-rw----    1 root     root        4,  28 Mar  2 13:54 [1;35mtty28[0m
[STDERR  ] 2018-03-02T13:54:46.838416904Z: crw-rw----    1 root     root        4,  29 Mar  2 13:54 [1;35mtty29[0m
[STDERR  ] 2018-03-02T13:54:46.838435857Z: crw-rw----    1 root     root        4,   3 Mar  2 13:54 [1;35mtty3[0m
[STDERR  ] 2018-03-02T13:54:46.838454100Z: crw-rw----    1 root     root        4,  30 Mar  2 13:54 [1;35mtty30[0m
[STDERR  ] 2018-03-02T13:54:46.838471687Z: crw-rw----    1 root     root        4,  31 Mar  2 13:54 [1;35mtty31[0m
[STDERR  ] 2018-03-02T13:54:46.838485847Z: crw-rw----    1 root     root        4,  32 Mar  2 13:54 [1;35mtty32[0m
[STDERR  ] 2018-03-02T13:54:46.838503674Z: crw-rw----    1 root     root        4,  33 Mar  2 13:54 [1;35mtty33[0m
[STDERR  ] 2018-03-02T13:54:46.838519136Z: crw-rw----    1 root     root        4,  34 Mar  2 13:54 [1;35mtty34[0m
[STDERR  ] 2018-03-02T13:54:46.838535492Z: crw-rw----    1 root     root        4,  35 Mar  2 13:54 [1;35mtty35[0m
[STDERR  ] 2018-03-02T13:54:46.838552963Z: crw-rw----    1 root     root        4,  36 Mar  2 13:54 [1;35mtty36[0m
[STDERR  ] 2018-03-02T13:54:46.838570745Z: crw-rw----    1 root     root        4,  37 Mar  2 13:54 [1;35mtty37[0m
[STDERR  ] 2018-03-02T13:54:46.838594145Z: crw-rw----    1 root     root        4,  38 Mar  2 13:54 [1;35mtty38[0m
[STDERR  ] 2018-03-02T13:54:46.838611526Z: crw-rw----    1 root     root        4,  39 Mar  2 13:54 [1;35mtty39[0m
[STDERR  ] 2018-03-02T13:54:46.838636470Z: crw-rw----    1 root     root        4,   4 Mar  2 13:54 [1;35mtty4[0m
[STDERR  ] 2018-03-02T13:54:46.838653956Z: crw-rw----    1 root     root        4,  40 Mar  2 13:54 [1;35mtty40[0m
[STDERR  ] 2018-03-02T13:54:46.838671552Z: crw-rw----    1 root     root        4,  41 Mar  2 13:54 [1;35mtty41[0m
[STDERR  ] 2018-03-02T13:54:46.838691850Z: crw-rw----    1 root     root        4,  42 Mar  2 13:54 [1;35mtty42[0m
[STDERR  ] 2018-03-02T13:54:46.838709746Z: crw-rw----    1 root     root        4,  43 Mar  2 13:54 [1;35mtty43[0m
[STDERR  ] 2018-03-02T13:54:46.838723130Z: crw-rw----    1 root     root        4,  44 Mar  2 13:54 [1;35mtty44[0m
[STDERR  ] 2018-03-02T13:54:46.838740883Z: crw-rw----    1 root     root        4,  45 Mar  2 13:54 [1;35mtty45[0m
[STDERR  ] 2018-03-02T13:54:46.838761520Z: crw-rw----    1 root     root        4,  46 Mar  2 13:54 [1;35mtty46[0m
[STDERR  ] 2018-03-02T13:54:46.838777219Z: crw-rw----    1 root     root        4,  47 Mar  2 13:54 [1;35mtty47[0m
[STDERR  ] 2018-03-02T13:54:46.838794109Z: crw-rw----    1 root     root        4,  48 Mar  2 13:54 [1;35mtty48[0m
[STDERR  ] 2018-03-02T13:54:46.838810681Z: crw-rw----    1 root     root        4,  49 Mar  2 13:54 [1;35mtty49[0m
[STDERR  ] 2018-03-02T13:54:46.838825746Z: crw-rw----    1 root     root        4,   5 Mar  2 13:54 [1;35mtty5[0m
[STDERR  ] 2018-03-02T13:54:46.838842761Z: crw-rw----    1 root     root        4,  50 Mar  2 13:54 [1;35mtty50[0m
[STDERR  ] 2018-03-02T13:54:46.838856383Z: crw-rw----    1 root     root        4,  51 Mar  2 13:54 [1;35mtty51[0m
[STDERR  ] 2018-03-02T13:54:46.838873558Z: crw-rw----    1 root     root        4,  52 Mar  2 13:54 [1;35mtty52[0m
[STDERR  ] 2018-03-02T13:54:46.838897592Z: crw-rw----    1 root     root        4,  53 Mar  2 13:54 [1;35mtty53[0m
[STDERR  ] 2018-03-02T13:54:46.838926761Z: crw-rw----    1 root     root        4,  54 Mar  2 13:54 [1;35mtty54[0m
[STDERR  ] 2018-03-02T13:54:46.838943240Z: crw-rw----    1 root     root        4,  55 Mar  2 13:54 [1;35mtty55[0m
[STDERR  ] 2018-03-02T13:54:46.838961519Z: crw-rw----    1 root     root        4,  56 Mar  2 13:54 [1;35mtty56[0m
[STDERR  ] 2018-03-02T13:54:46.838979333Z: crw-rw----    1 root     root        4,  57 Mar  2 13:54 [1;35mtty57[0m
[STDERR  ] 2018-03-02T13:54:46.838999564Z: crw-rw----    1 root     root        4,  58 Mar  2 13:54 [1;35mtty58[0m
[STDERR  ] 2018-03-02T13:54:46.839017078Z: crw-rw----    1 root     root        4,  59 Mar  2 13:54 [1;35mtty59[0m
[STDERR  ] 2018-03-02T13:54:46.839034185Z: crw-rw----    1 root     root        4,   6 Mar  2 13:54 [1;35mtty6[0m
[STDERR  ] 2018-03-02T13:54:46.839049489Z: crw-rw----    1 root     root        4,  60 Mar  2 13:54 [1;35mtty60[0m
[STDERR  ] 2018-03-02T13:54:46.839066119Z: crw-rw----    1 root     root        4,  61 Mar  2 13:54 [1;35mtty61[0m
[STDERR  ] 2018-03-02T13:54:46.839083033Z: crw-rw----    1 root     root        4,  62 Mar  2 13:54 [1;35mtty62[0m
[STDERR  ] 2018-03-02T13:54:46.839100004Z: crw-rw----    1 root     root        4,  63 Mar  2 13:54 [1;35mtty63[0m
[STDERR  ] 2018-03-02T13:54:46.839115809Z: crw-rw----    1 root     root        4,   7 Mar  2 13:54 [1;35mtty7[0m
[STDERR  ] 2018-03-02T13:54:46.839136260Z: crw-rw----    1 root     root        4,   8 Mar  2 13:54 [1;35mtty8[0m
[STDERR  ] 2018-03-02T13:54:46.839153488Z: crw-rw----    1 root     root        4,   9 Mar  2 13:54 [1;35mtty9[0m
[STDERR  ] 2018-03-02T13:54:46.839170305Z: crw-rw----    1 root     root        4,  64 Mar  2 13:54 [1;35mttyS0[0m
[STDERR  ] 2018-03-02T13:54:46.839186553Z: crw-rw----    1 root     root        4,  65 Mar  2 13:54 [1;35mttyS1[0m
[STDERR  ] 2018-03-02T13:54:46.839200824Z: crw-rw----    1 root     root        4,  66 Mar  2 13:54 [1;35mttyS2[0m
[STDERR  ] 2018-03-02T13:54:46.839217733Z: crw-rw----    1 root     root        4,  67 Mar  2 13:54 [1;35mttyS3[0m
[STDERR  ] 2018-03-02T13:54:46.839234662Z: crw-rw----    1 root     root       10, 223 Mar  2 13:54 [1;35muinput[0m
[STDERR  ] 2018-03-02T13:54:46.839259180Z: crw-rw----    1 root     root        1,   9 Mar  2 13:54 [1;35murandom[0m
[STDERR  ] 2018-03-02T13:54:46.839276305Z: crw-rw----    1 root     root        7,   0 Mar  2 13:54 [1;35mvcs[0m
[STDERR  ] 2018-03-02T13:54:46.839293105Z: crw-rw----    1 root     root        7,   1 Mar  2 13:54 [1;35mvcs1[0m
[STDERR  ] 2018-03-02T13:54:46.839307364Z: crw-rw----    1 root     root        7, 128 Mar  2 13:54 [1;35mvcsa[0m
[STDERR  ] 2018-03-02T13:54:46.839326842Z: crw-rw----    1 root     root        7, 129 Mar  2 13:54 [1;35mvcsa1[0m
[STDERR  ] 2018-03-02T13:54:46.839343251Z: crw-rw----    1 root     root        1,   5 Mar  2 13:54 [1;35mzero[0m
[STDERR  ] 2018-03-02T13:54:46.839357793Z: Found /dev/sda1 and /dev/sdb1 block devices
[STDERR  ] 2018-03-02T13:54:46.839374948Z: === /dev/sda1 ===
[STDERR  ] 2018-03-02T13:54:46.839392231Z: DEVNAME=/dev/sda1
[STDERR  ] 2018-03-02T13:54:46.839409188Z: UUID=fe723c72-79b6-4895-8449-7daa393eb8d4
[STDERR  ] 2018-03-02T13:54:46.839426440Z: TYPE=ext4
[STDERR  ] 2018-03-02T13:54:46.839443470Z: PARTUUID=f5167395-01
[STDERR  ] 2018-03-02T13:54:46.839460403Z: === /dev/sdb1 ===
[STDERR  ] 2018-03-02T13:54:46.839474425Z: DEVNAME=/dev/sdb1
[STDERR  ] 2018-03-02T13:54:46.839496424Z: UUID=ed3b199f-d52a-4f13-aec4-c1cae1fbb356
[STDERR  ] 2018-03-02T13:54:46.839515319Z: TYPE=xfs
[STDERR  ] 2018-03-02T13:54:46.839532872Z: PARTUUID=ba7fe95a-01
[STDERR  ] 2018-03-02T13:54:46.839550223Z: === /dev/sda1 test ===
[STDERR  ] 2018-03-02T13:54:46.839567557Z: === /dev/sdb1 test ===
[STDERR  ] 2018-03-02T13:54:46.839591408Z: format_force test suite PASSED
[STDERR  ] 2018-03-02T13:54:46.839608564Z: [   19.580718] sd 1:0:0:0: [sdb] Synchronizing SCSI cache
[STDERR  ] 2018-03-02T13:54:46.839627512Z: [   19.588125] sd 1:0:0:0: [sdb] Stopping disk
[STDERR  ] 2018-03-02T13:54:46.839652912Z: [   19.593156] sd 0:0:0:0: [sda] Synchronizing SCSI cache
[STDERR  ] 2018-03-02T13:54:46.839670843Z: [   19.599350] sd 0:0:0:0: [sda] Stopping disk
[STDERR  ] 2018-03-02T13:54:46.839686187Z: [   19.605760] ACPI: Preparing to enter system sleep state S5
[STDERR  ] 2018-03-02T13:54:46.839704932Z: [   19.612516] reboot: Power down
[STDERR  ] 2018-03-02T13:54:46.839719961Z: + echo [    0.000000] Linux version 4.9.51-linuxkit (root@3253c0754a54) (gcc version 6.3.0 (Alpine 6.3.0) ) #1 SMP Wed Sep 20 11:32:07 UTC 2017
[STDERR  ] 2018-03-02T13:54:46.839739176Z: [    0.000000] Command line: console=ttyS0 console=ttyAMA0
[STDERR  ] 2018-03-02T13:54:46.839755978Z: [    0.000000] x86/fpu: Legacy x87 FPU detected.
[STDERR  ] 2018-03-02T13:54:46.839772548Z: [    0.000000] x86/fpu: Using 'eager' FPU context switches.
[STDERR  ] 2018-03-02T13:54:46.839788112Z: [    0.000000] e820: BIOS-provided physical RAM map:
[STDERR  ] 2018-03-02T13:54:46.839804979Z: [    0.000000] BIOS-e820: [mem 0x0000000000000000-0x000000000009fbff] usable
[STDERR  ] 2018-03-02T13:54:46.839818548Z: [    0.000000] BIOS-e820: [mem 0x000000000009fc00-0x000000000009ffff] reserved
[STDERR  ] 2018-03-02T13:54:46.839831252Z: [    0.000000] BIOS-e820: [mem 0x00000000000f0000-0x00000000000fffff] reserved
[STDERR  ] 2018-03-02T13:54:46.839844465Z: [    0.000000] BIOS-e820: [mem 0x0000000000100000-0x000000003ffddfff] usable
[STDERR  ] 2018-03-02T13:54:46.839856894Z: [    0.000000] BIOS-e820: [mem 0x000000003ffde000-0x000000003fffffff] reserved
[STDERR  ] 2018-03-02T13:54:46.840726963Z: [    0.000000] BIOS-e820: [mem 0x00000000b0000000-0x00000000bfffffff] reserved
[STDERR  ] 2018-03-02T13:54:46.840757285Z: [    0.000000] BIOS-e820: [mem 0x00000000fed1c000-0x00000000fed1ffff] reserved
[STDERR  ] 2018-03-02T13:54:46.840771177Z: [    0.000000] BIOS-e820: [mem 0x00000000feffc000-0x00000000feffffff] reserved
[STDERR  ] 2018-03-02T13:54:46.840785248Z: [    0.000000] BIOS-e820: [mem 0x00000000fffc0000-0x00000000ffffffff] reserved
[STDERR  ] 2018-03-02T13:54:46.840810585Z: [    0.000000] NX (Execute Disable) protection: active
[STDOUT  ] 2018-03-02T13:54:46.839842850Z: [    0.000000] Linux version 4.9.51-linuxkit (root@3253c0754a54) (gcc version 6.3.0 (Alpine 6.3.0) ) #1 SMP Wed Sep 20 11:32:07 UTC 2017
[STDERR  ] 2018-03-02T13:54:46.840824679Z: [    0.000000] SMBIOS 2.8 present.
[STDOUT  ] 2018-03-02T13:54:46.840824632Z: [    0.000000] Command line: console=ttyS0 console=ttyAMA0
[STDOUT  ] 2018-03-02T13:54:46.840835914Z: [    0.000000] x86/fpu: Legacy x87 FPU detected.
[STDOUT  ] 2018-03-02T13:54:46.840846844Z: [    0.000000] x86/fpu: Using 'eager' FPU context switches.
[STDOUT  ] 2018-03-02T13:54:46.840856856Z: [    0.000000] e820: BIOS-provided physical RAM map:
[STDOUT  ] 2018-03-02T13:54:46.840866464Z: [    0.000000] BIOS-e820: [mem 0x0000000000000000-0x000000000009fbff] usable
[STDOUT  ] 2018-03-02T13:54:46.840881798Z: [    0.000000] BIOS-e820: [mem 0x000000000009fc00-0x000000000009ffff] reserved
[STDOUT  ] 2018-03-02T13:54:46.840890854Z: [    0.000000] BIOS-e820: [mem 0x00000000000f0000-0x00000000000fffff] reserved
[STDOUT  ] 2018-03-02T13:54:46.840897758Z: [    0.000000] BIOS-e820: [mem 0x0000000000100000-0x000000003ffddfff] usable
[STDOUT  ] 2018-03-02T13:54:46.840911173Z: [    0.000000] BIOS-e820: [mem 0x000000003ffde000-0x000000003fffffff] reserved
[STDOUT  ] 2018-03-02T13:54:46.840921138Z: [    0.000000] BIOS-e820: [mem 0x00000000b0000000-0x00000000bfffffff] reserved
[STDOUT  ] 2018-03-02T13:54:46.840933216Z: [    0.000000] BIOS-e820: [mem 0x00000000fed1c000-0x00000000fed1ffff] reserved
[STDOUT  ] 2018-03-02T13:54:46.840943035Z: [    0.000000] BIOS-e820: [mem 0x00000000feffc000-0x00000000feffffff] reserved
[STDOUT  ] 2018-03-02T13:54:46.840952447Z: [    0.000000] BIOS-e820: [mem 0x00000000fffc0000-0x00000000ffffffff] reserved
[STDOUT  ] 2018-03-02T13:54:46.840958591Z: [    0.000000] NX (Execute Disable) protection: active
[STDOUT  ] 2018-03-02T13:54:46.840965122Z: [    0.000000] SMBIOS 2.8 present.
[STDOUT  ] 2018-03-02T13:54:46.840976711Z: [    0.000000] Hypervisor detected: KVM
[STDOUT  ] 2018-03-02T13:54:46.840983989Z: [    0.000000] e820: last_pfn = 0x3ffde max_arch_pfn = 0x400000000
[STDOUT  ] 2018-03-02T13:54:46.840994275Z: [    0.000000] x86/PAT: PAT not supported by CPU.
[STDOUT  ] 2018-03-02T13:54:46.841004305Z: [    0.000000] x86/PAT: Configuration [0-7]: WB  WT  UC- UC  WB  WT  UC- UC  
[STDERR  ] 2018-03-02T13:54:46.840837761Z: [    0.000000] Hypervisor detected: KVM
[STDOUT  ] 2018-03-02T13:54:46.841014380Z: [    0.000000] found SMP MP-table at [mem 0x000f6aa0-0x000f6aaf] mapped at [ffff908fc00f6aa0]
[STDOUT  ] 2018-03-02T13:54:46.841025069Z: [    0.000000] RAMDISK: [mem 0x3ced7000-0x3ffcffff]
[STDOUT  ] 2018-03-02T13:54:46.841035607Z: [    0.000000] ACPI: Early table checksum verification disabled
[STDOUT  ] 2018-03-02T13:54:46.841046031Z: [    0.000000] ACPI: RSDP 0x00000000000F68B0 000014 (v00 BOCHS )
[STDOUT  ] 2018-03-02T13:54:46.841055741Z: [    0.000000] ACPI: RSDT 0x000000003FFE20A8 000034 (v01 BOCHS  BXPCRSDT 00000001 BXPC 00000001)
[STDOUT  ] 2018-03-02T13:54:46.841062007Z: [    0.000000] ACPI: FACP 0x000000003FFE1EC8 0000F4 (v03 BOCHS  BXPCFACP 00000001 BXPC 00000001)
[STDOUT  ] 2018-03-02T13:54:46.841067907Z: [    0.000000] ACPI: DSDT 0x000000003FFE0040 001E88 (v01 BOCHS  BXPCDSDT 00000001 BXPC 00000001)
[STDOUT  ] 2018-03-02T13:54:46.841073838Z: [    0.000000] ACPI: FACS 0x000000003FFE0000 000040
[STDERR  ] 2018-03-02T13:54:46.841016085Z: [    0.000000] e820: last_pfn = 0x3ffde max_arch_pfn = 0x400000000
[STDERR  ] 2018-03-02T13:54:46.841106751Z: [    0.000000] x86/PAT: PAT not supported by CPU.
[STDERR  ] 2018-03-02T13:54:46.841120674Z: [    0.000000] x86/PAT: Configuration [0-7]: WB  WT  UC- UC  WB  WT  UC- UC  
[STDERR  ] 2018-03-02T13:54:46.841135462Z: [    0.000000] found SMP MP-table at [mem 0x000f6aa0-0x000f6aaf] mapped at [ffff908fc00f6aa0]
[STDERR  ] 2018-03-02T13:54:46.841154193Z: [    0.000000] RAMDISK: [mem 0x3ced7000-0x3ffcffff]
[STDERR  ] 2018-03-02T13:54:46.841173215Z: [    0.000000] ACPI: Early table checksum verification disabled
[STDERR  ] 2018-03-02T13:54:46.841191176Z: [    0.000000] ACPI: RSDP 0x00000000000F68B0 000014 (v00 BOCHS )
[STDERR  ] 2018-03-02T13:54:46.841288738Z: [    0.000000] ACPI: RSDT 0x000000003FFE20A8 000034 (v01 BOCHS  BXPCRSDT 00000001 BXPC 00000001)
[STDOUT  ] 2018-03-02T13:54:46.841091755Z: [    0.000000] ACPI: APIC 0x000000003FFE1FBC 000078 (v01 BOCHS  BXPCAPIC 00000001 BXPC 00000001)
[STDOUT  ] 2018-03-02T13:54:46.841316441Z: [    0.000000] ACPI: HPET 0x000000003FFE2034 000038 (v01 BOCHS  BXPCHPET 00000001 BXPC 00000001)
[STDOUT  ] 2018-03-02T13:54:46.841327968Z: [    0.000000] ACPI: MCFG 0x000000003FFE206C 00003C (v01 BOCHS  BXPCMCFG 00000001 BXPC 00000001)
[STDOUT  ] 2018-03-02T13:54:46.841338144Z: [    0.000000] kvm-clock: Using msrs 4b564d01 and 4b564d00
[STDOUT  ] 2018-03-02T13:54:46.841348377Z: [    0.000000] kvm-clock: cpu 0, msr 0:3ffdc001, primary cpu clock
[STDOUT  ] 2018-03-02T13:54:46.841358220Z: [    0.000000] clocksource: kvm-clock: mask: 0xffffffffffffffff max_cycles: 0x1cd42e4dffb, max_idle_ns: 881590591483 ns
[STDOUT  ] 2018-03-02T13:54:46.841368693Z: [    0.000000] Zone ranges:
[STDOUT  ] 2018-03-02T13:54:46.841381468Z: [    0.000000]   DMA      [mem 0x0000000000001000-0x0000000000ffffff]
[STDERR  ] 2018-03-02T13:54:46.841308883Z: [    0.000000] ACPI: FACP 0x000000003FFE1EC8 0000F4 (v03 BOCHS  BXPCFACP 00000001 BXPC 00000001)
[STDERR  ] 2018-03-02T13:54:46.841407533Z: [    0.000000] ACPI: DSDT 0x000000003FFE0040 001E88 (v01 BOCHS  BXPCDSDT 00000001 BXPC 00000001)
[STDERR  ] 2018-03-02T13:54:46.841423790Z: [    0.000000] ACPI: FACS 0x000000003FFE0000 000040
[STDERR  ] 2018-03-02T13:54:46.841438112Z: [    0.000000] ACPI: APIC 0x000000003FFE1FBC 000078 (v01 BOCHS  BXPCAPIC 00000001 BXPC 00000001)
[STDERR  ] 2018-03-02T13:54:46.841456193Z: [    0.000000] ACPI: HPET 0x000000003FFE2034 000038 (v01 BOCHS  BXPCHPET 00000001 BXPC 00000001)
[STDOUT  ] 2018-03-02T13:54:46.841391433Z: [    0.000000]   DMA32    [mem 0x0000000001000000-0x000000003ffddfff]
[STDERR  ] 2018-03-02T13:54:46.841474060Z: [    0.000000] ACPI: MCFG 0x000000003FFE206C 00003C (v01 BOCHS  BXPCMCFG 00000001 BXPC 00000001)
[STDOUT  ] 2018-03-02T13:54:46.841484264Z: [    0.000000]   Normal   empty
[STDERR  ] 2018-03-02T13:54:46.841488299Z: [    0.000000] kvm-clock: Using msrs 4b564d01 and 4b564d00
[STDOUT  ] 2018-03-02T13:54:46.841496032Z: [    0.000000] Movable zone start for each node
[STDOUT  ] 2018-03-02T13:54:46.841506766Z: [    0.000000] Early memory node ranges
[STDERR  ] 2018-03-02T13:54:46.841501708Z: [    0.000000] kvm-clock: cpu 0, msr 0:3ffdc001, primary cpu clock
[STDOUT  ] 2018-03-02T13:54:46.841516723Z: [    0.000000]   node   0: [mem 0x0000000000001000-0x000000000009efff]
[STDOUT  ] 2018-03-02T13:54:46.841526692Z: [    0.000000]   node   0: [mem 0x0000000000100000-0x000000003ffddfff]
[STDOUT  ] 2018-03-02T13:54:46.841536486Z: [    0.000000] Initmem setup node 0 [mem 0x0000000000001000-0x000000003ffddfff]
[STDOUT  ] 2018-03-02T13:54:46.841546010Z: [    0.000000] ACPI: PM-Timer IO Port: 0x608
[STDOUT  ] 2018-03-02T13:54:46.841555906Z: [    0.000000] ACPI: LAPIC_NMI (acpi_id[0xff] dfl dfl lint[0x1])
[STDOUT  ] 2018-03-02T13:54:46.841565460Z: [    0.000000] IOAPIC[0]: apic_id 0, version 17, address 0xfec00000, GSI 0-23
[STDOUT  ] 2018-03-02T13:54:46.841574960Z: [    0.000000] ACPI: INT_SRC_OVR (bus 0 bus_irq 0 global_irq 2 dfl dfl)
[STDOUT  ] 2018-03-02T13:54:46.841584326Z: [    0.000000] ACPI: INT_SRC_OVR (bus 0 bus_irq 5 global_irq 5 high level)
[STDOUT  ] 2018-03-02T13:54:46.841593613Z: [    0.000000] ACPI: INT_SRC_OVR (bus 0 bus_irq 9 global_irq 9 high level)
[STDOUT  ] 2018-03-02T13:54:46.841602623Z: [    0.000000] ACPI: INT_SRC_OVR (bus 0 bus_irq 10 global_irq 10 high level)
[STDOUT  ] 2018-03-02T13:54:46.841615028Z: [    0.000000] ACPI: INT_SRC_OVR (bus 0 bus_irq 11 global_irq 11 high level)
[STDOUT  ] 2018-03-02T13:54:46.841624128Z: [    0.000000] Using ACPI (MADT) for SMP configuration information
[STDOUT  ] 2018-03-02T13:54:46.841636574Z: [    0.000000] ACPI: HPET id: 0x8086a201 base: 0xfed00000
[STDOUT  ] 2018-03-02T13:54:46.841645794Z: [    0.000000] smpboot: Allowing 1 CPUs, 0 hotplug CPUs
[STDERR  ] 2018-03-02T13:54:46.841518034Z: [    0.000000] clocksource: kvm-clock: mask: 0xffffffffffffffff max_cycles: 0x1cd42e4dffb, max_idle_ns: 881590591483 ns
[STDERR  ] 2018-03-02T13:54:46.841685774Z: [    0.000000] Zone ranges:
[STDERR  ] 2018-03-02T13:54:46.841700633Z: [    0.000000]   DMA      [mem 0x0000000000001000-0x0000000000ffffff]
[STDERR  ] 2018-03-02T13:54:46.841717763Z: [    0.000000]   DMA32    [mem 0x0000000001000000-0x000000003ffddfff]
[STDERR  ] 2018-03-02T13:54:46.841733110Z: [    0.000000]   Normal   empty
[STDERR  ] 2018-03-02T13:54:46.841748714Z: [    0.000000] Movable zone start for each node
[STDERR  ] 2018-03-02T13:54:46.841763225Z: [    0.000000] Early memory node ranges
[STDERR  ] 2018-03-02T13:54:46.841781691Z: [    0.000000]   node   0: [mem 0x0000000000001000-0x000000000009efff]
[STDERR  ] 2018-03-02T13:54:46.841799187Z: [    0.000000]   node   0: [mem 0x0000000000100000-0x000000003ffddfff]
[STDOUT  ] 2018-03-02T13:54:46.841655426Z: [    0.000000] e820: [mem 0x40000000-0xafffffff] available for PCI devices
[STDERR  ] 2018-03-02T13:54:46.841813587Z: [    0.000000] Initmem setup node 0 [mem 0x0000000000001000-0x000000003ffddfff]
[STDOUT  ] 2018-03-02T13:54:46.841816638Z: [    0.000000] Booting paravirtualized kernel on KVM
[STDERR  ] 2018-03-02T13:54:46.841827273Z: [    0.000000] ACPI: PM-Timer IO Port: 0x608
[STDOUT  ] 2018-03-02T13:54:46.841830556Z: [    0.000000] clocksource: refined-jiffies: mask: 0xffffffff max_cycles: 0xffffffff, max_idle_ns: 19112604462750000 ns
[STDOUT  ] 2018-03-02T13:54:46.841842413Z: [    0.000000] setup_percpu: NR_CPUS:128 nr_cpumask_bits:128 nr_cpu_ids:1 nr_node_ids:1
[STDOUT  ] 2018-03-02T13:54:46.841852499Z: [    0.000000] percpu: Embedded 35 pages/cpu @ffff908ffcc00000 s105240 r8192 d29928 u2097152
[STDOUT  ] 2018-03-02T13:54:46.841862256Z: [    0.000000] KVM setup async PF for cpu 0
[STDOUT  ] 2018-03-02T13:54:46.841884960Z: [    0.000000] kvm-stealtime: cpu 0, msr 3cc0d580
[STDOUT  ] 2018-03-02T13:54:46.841894738Z: [    0.000000] Built 1 zonelists in Zone order, mobility grouping on.  Total pages: 257895
[STDOUT  ] 2018-03-02T13:54:46.841904878Z: [    0.000000] Kernel command line: console=ttyS0 console=ttyAMA0
[STDOUT  ] 2018-03-02T13:54:46.841914572Z: [    0.000000] PID hash table entries: 4096 (order: 3, 32768 bytes)
[STDOUT  ] 2018-03-02T13:54:46.841925220Z: [    0.000000] Dentry cache hash table entries: 131072 (order: 8, 1048576 bytes)
[STDOUT  ] 2018-03-02T13:54:46.841935451Z: [    0.000000] Inode-cache hash table entries: 65536 (order: 7, 524288 bytes)
[STDOUT  ] 2018-03-02T13:54:46.841945431Z: [    0.000000] Memory: 964012K/1048048K available (8036K kernel code, 1367K rwdata, 2696K rodata, 1380K init, 568K bss, 84036K reserved, 0K cma-reserved)
[STDOUT  ] 2018-03-02T13:54:46.841955959Z: [    0.000000] Hierarchical RCU implementation.
[STDOUT  ] 2018-03-02T13:54:46.841965794Z: [    0.000000] 	Build-time adjustment of leaf fanout to 64.
[STDOUT  ] 2018-03-02T13:54:46.841975276Z: [    0.000000] 	RCU restricting CPUs from NR_CPUS=128 to nr_cpu_ids=1.
[STDERR  ] 2018-03-02T13:54:46.841911816Z: [    0.000000] ACPI: LAPIC_NMI (acpi_id[0xff] dfl dfl lint[0x1])
[STDOUT  ] 2018-03-02T13:54:46.841988827Z: [    0.000000] RCU: Adjusting geometry for rcu_fanout_leaf=64, nr_cpu_ids=1
[STDOUT  ] 2018-03-02T13:54:46.841998680Z: [    0.000000] NR_IRQS:8448 nr_irqs:256 16
[STDERR  ] 2018-03-02T13:54:46.841993318Z: [    0.000000] IOAPIC[0]: apic_id 0, version 17, address 0xfec00000, GSI 0-23
[STDOUT  ] 2018-03-02T13:54:46.842008338Z: [    0.000000] Console: colour VGA+ 80x25
[STDERR  ] 2018-03-02T13:54:46.842007533Z: [    0.000000] ACPI: INT_SRC_OVR (bus 0 bus_irq 0 global_irq 2 dfl dfl)
[STDOUT  ] 2018-03-02T13:54:46.842017993Z: [    0.000000] console [ttyS0] enabled
[STDERR  ] 2018-03-02T13:54:46.842020896Z: [    0.000000] ACPI: INT_SRC_OVR (bus 0 bus_irq 5 global_irq 5 high level)
[STDOUT  ] 2018-03-02T13:54:46.842027319Z: [    0.000000] clocksource: hpet: mask: 0xffffffff max_cycles: 0xffffffff, max_idle_ns: 19112604467 ns
[STDOUT  ] 2018-03-02T13:54:46.842037592Z: [    0.000000] tsc: Detected 2300.000 MHz processor
[STDOUT  ] 2018-03-02T13:54:46.842047539Z: [    0.020000] Calibrating delay loop (skipped) preset value.. 4600.00 BogoMIPS (lpj=23000000)
[STDERR  ] 2018-03-02T13:54:46.842033952Z: [    0.000000] ACPI: INT_SRC_OVR (bus 0 bus_irq 9 global_irq 9 high level)
[STDERR  ] 2018-03-02T13:54:46.842057087Z: [    0.000000] ACPI: INT_SRC_OVR (bus 0 bus_irq 10 global_irq 10 high level)
[STDERR  ] 2018-03-02T13:54:46.842085691Z: [    0.000000] ACPI: INT_SRC_OVR (bus 0 bus_irq 11 global_irq 11 high level)
[STDERR  ] 2018-03-02T13:54:46.842102354Z: [    0.000000] Using ACPI (MADT) for SMP configuration information
[STDERR  ] 2018-03-02T13:54:46.842116522Z: [    0.000000] ACPI: HPET id: 0x8086a201 base: 0xfed00000
[STDERR  ] 2018-03-02T13:54:46.842130216Z: [    0.000000] smpboot: Allowing 1 CPUs, 0 hotplug CPUs
[STDERR  ] 2018-03-02T13:54:46.842147787Z: [    0.000000] e820: [mem 0x40000000-0xafffffff] available for PCI devices
[STDERR  ] 2018-03-02T13:54:46.842165934Z: [    0.000000] Booting paravirtualized kernel on KVM
[STDOUT  ] 2018-03-02T13:54:46.842057200Z: [    0.023649] pid_max: default: 32768 minimum: 301
[STDERR  ] 2018-03-02T13:54:46.842186498Z: [    0.000000] clocksource: refined-jiffies: mask: 0xffffffff max_cycles: 0xffffffff, max_idle_ns: 19112604462750000 ns
[STDERR  ] 2018-03-02T13:54:46.842206096Z: [    0.000000] setup_percpu: NR_CPUS:128 nr_cpumask_bits:128 nr_cpu_ids:1 nr_node_ids:1
[STDERR  ] 2018-03-02T13:54:46.842221060Z: [    0.000000] percpu: Embedded 35 pages/cpu @ffff908ffcc00000 s105240 r8192 d29928 u2097152
[STDERR  ] 2018-03-02T13:54:46.842236917Z: [    0.000000] KVM setup async PF for cpu 0
[STDERR  ] 2018-03-02T13:54:46.842254910Z: [    0.000000] kvm-stealtime: cpu 0, msr 3cc0d580
[STDOUT  ] 2018-03-02T13:54:46.842196309Z: [    0.030064] ACPI: Core revision 20160831
[STDOUT  ] 2018-03-02T13:54:46.842302086Z: [    0.035780] ACPI: 1 ACPI AML tables successfully acquired and loaded
[STDOUT  ] 2018-03-02T13:54:46.842312950Z: [    0.045846] Security Framework initialized
[STDOUT  ] 2018-03-02T13:54:46.842322408Z: [    0.050033] Yama: becoming mindful.
[STDOUT  ] 2018-03-02T13:54:46.842331570Z: [    0.054605] Mount-cache hash table entries: 2048 (order: 2, 16384 bytes)
[STDOUT  ] 2018-03-02T13:54:46.842340679Z: [    0.060036] Mountpoint-cache hash table entries: 2048 (order: 2, 16384 bytes)
[STDOUT  ] 2018-03-02T13:54:46.842354586Z: [    0.071015] CPU: Physical Processor ID: 0
[STDERR  ] 2018-03-02T13:54:46.842272341Z: [    0.000000] Built 1 zonelists in Zone order, mobility grouping on.  Total pages: 257895
[STDERR  ] 2018-03-02T13:54:46.842379291Z: [    0.000000] Kernel command line: console=ttyS0 console=ttyAMA0
[STDERR  ] 2018-03-02T13:54:46.842396170Z: [    0.000000] PID hash table entries: 4096 (order: 3, 32768 bytes)
[STDERR  ] 2018-03-02T13:54:46.842414004Z: [    0.000000] Dentry cache hash table entries: 131072 (order: 8, 1048576 bytes)
[STDERR  ] 2018-03-02T13:54:46.842429095Z: [    0.000000] Inode-cache hash table entries: 65536 (order: 7, 524288 bytes)
[STDOUT  ] 2018-03-02T13:54:46.842365053Z: [    0.080222] Last level iTLB entries: 4KB 0, 2MB 0, 4MB 0
[STDOUT  ] 2018-03-02T13:54:46.842452051Z: [    0.087080] Last level dTLB entries: 4KB 0, 2MB 0, 4MB 0, 1GB 0
[STDERR  ] 2018-03-02T13:54:46.842444182Z: [    0.000000] Memory: 964012K/1048048K available (8036K kernel code, 1367K rwdata, 2696K rodata, 1380K init, 568K bss, 84036K reserved, 0K cma-reserved)
[STDOUT  ] 2018-03-02T13:54:46.842463438Z: [    0.208886] Freeing SMP alternatives memory: 20K
[STDOUT  ] 2018-03-02T13:54:46.842472901Z: [    0.247369] ftrace: allocating 35528 entries in 139 pages
[STDERR  ] 2018-03-02T13:54:46.842467830Z: [    0.000000] Hierarchical RCU implementation.
[STDOUT  ] 2018-03-02T13:54:46.842482477Z: [    0.260134] smpboot: Max logical packages: 1
[STDERR  ] 2018-03-02T13:54:46.842481473Z: [    0.000000] 	Build-time adjustment of leaf fanout to 64.
[STDOUT  ] 2018-03-02T13:54:46.842492278Z: [    0.270792] x2apic enabled
[STDERR  ] 2018-03-02T13:54:46.842498135Z: [    0.000000] 	RCU restricting CPUs from NR_CPUS=128 to nr_cpu_ids=1.
[STDERR  ] 2018-03-02T13:54:46.842523111Z: [    0.000000] RCU: Adjusting geometry for rcu_fanout_leaf=64, nr_cpu_ids=1
[STDERR  ] 2018-03-02T13:54:46.842540835Z: [    0.000000] NR_IRQS:8448 nr_irqs:256 16
[STDERR  ] 2018-03-02T13:54:46.842556284Z: [    0.000000] Console: colour VGA+ 80x25
[STDERR  ] 2018-03-02T13:54:46.842574666Z: [    0.000000] console [ttyS0] enabled
[STDERR  ] 2018-03-02T13:54:46.842659058Z: [    0.000000] clocksource: hpet: mask: 0xffffffff max_cycles: 0xffffffff, max_idle_ns: 19112604467 ns
[STDOUT  ] 2018-03-02T13:54:46.842502066Z: [    0.277855] Switched APIC routing to physical x2apic.
[STDOUT  ] 2018-03-02T13:54:46.842677192Z: [    0.295878] ..TIMER: vector=0x30 apic1=0 pin1=2 apic2=-1 pin2=-1
[STDOUT  ] 2018-03-02T13:54:46.842687488Z: [    0.300000] smpboot: CPU0: Intel QEMU Virtual CPU version 2.5+ (family: 0x6, model: 0x6, stepping: 0x3)
[STDOUT  ] 2018-03-02T13:54:46.842701440Z: [    0.302165] Performance Events: PMU not available due to virtualization, using software events only.
[STDOUT  ] 2018-03-02T13:54:46.842711012Z: [    0.320619] x86: Booted up 1 node, 1 CPUs
[STDOUT  ] 2018-03-02T13:54:46.842720445Z: [    0.325920] smpboot: Total of 1 processors activated (4600.00 BogoMIPS)
[STDOUT  ] 2018-03-02T13:54:46.842730056Z: [    0.332101] devtmpfs: initialized
[STDOUT  ] 2018-03-02T13:54:46.842739497Z: [    0.340089] x86/mm: Memory block size: 128MB
[STDERR  ] 2018-03-02T13:54:46.842674893Z: [    0.000000] tsc: Detected 2300.000 MHz processor
[STDOUT  ] 2018-03-02T13:54:46.842751443Z: [    0.352633] clocksource: jiffies: mask: 0xffffffff max_cycles: 0xffffffff, max_idle_ns: 19112604462750000 ns
[STDOUT  ] 2018-03-02T13:54:46.842761109Z: [    0.360029] futex hash table entries: 256 (order: 2, 16384 bytes)
[STDERR  ] 2018-03-02T13:54:46.842757618Z: [    0.020000] Calibrating delay loop (skipped) preset value.. 4600.00 BogoMIPS (lpj=23000000)
[STDERR  ] 2018-03-02T13:54:46.842783756Z: [    0.023649] pid_max: default: 32768 minimum: 301
[STDERR  ] 2018-03-02T13:54:46.842800112Z: [    0.030064] ACPI: Core revision 20160831
[STDERR  ] 2018-03-02T13:54:46.842815765Z: [    0.035780] ACPI: 1 ACPI AML tables successfully acquired and loaded
[STDERR  ] 2018-03-02T13:54:46.842833869Z: [    0.045846] Security Framework initialized
[STDERR  ] 2018-03-02T13:54:46.842851141Z: [    0.050033] Yama: becoming mindful.
[STDOUT  ] 2018-03-02T13:54:46.842770774Z: [    0.370216] NET: Registered protocol family 16
[STDERR  ] 2018-03-02T13:54:46.842868141Z: [    0.054605] Mount-cache hash table entries: 2048 (order: 2, 16384 bytes)
[STDERR  ] 2018-03-02T13:54:46.842882472Z: [    0.060036] Mountpoint-cache hash table entries: 2048 (order: 2, 16384 bytes)
[STDERR  ] 2018-03-02T13:54:46.842896274Z: [    0.071015] CPU: Physical Processor ID: 0
[STDOUT  ] 2018-03-02T13:54:46.842883050Z: [    0.376218] cpuidle: using governor ladder
[STDERR  ] 2018-03-02T13:54:46.842910710Z: [    0.080222] Last level iTLB entries: 4KB 0, 2MB 0, 4MB 0
[STDERR  ] 2018-03-02T13:54:46.842940925Z: [    0.087080] Last level dTLB entries: 4KB 0, 2MB 0, 4MB 0, 1GB 0
[STDERR  ] 2018-03-02T13:54:46.842954390Z: [    0.208886] Freeing SMP alternatives memory: 20K
[STDERR  ] 2018-03-02T13:54:46.842968483Z: [    0.247369] ftrace: allocating 35528 entries in 139 pages
[STDERR  ] 2018-03-02T13:54:46.842982457Z: [    0.260134] smpboot: Max logical packages: 1
[STDERR  ] 2018-03-02T13:54:46.842996534Z: [    0.270792] x2apic enabled
