[INFO    ] 2018-07-06T18:02:01.098537560Z: Running Test linuxkit.packages.dhcpcd in /tmp/build/test/cases/040_packages/004_dhcpcd
[INFO    ] 2018-07-06T18:02:01.099863628Z: Running command: [/bin/sh -x /tmp/build/test/cases/040_packages/004_dhcpcd/test.sh]
[STDERR  ] 2018-07-06T18:02:01.137767938Z: + set -e
[STDERR  ] 2018-07-06T18:02:01.137871464Z: + . /tmp/build/test/cases/_lib/lib.sh
[STDERR  ] 2018-07-06T18:02:01.137882748Z: + [ -f src/github.com/linuxkit/rtf/lib/lib.sh ]
[STDERR  ] 2018-07-06T18:02:01.137892043Z: + LINUXKIT_TMPDIR=/tmp/build/test/cases/_tmp
[STDERR  ] 2018-07-06T18:02:01.137920991Z: + [ -f /tmp/build/test/cases/_tmp/env.sh ]
[STDERR  ] 2018-07-06T18:02:01.137934847Z: + . /tmp/build/test/cases/_tmp/env.sh
[STDERR  ] 2018-07-06T18:02:01.137948236Z: + export LINUXKIT_EXAMPLES_DIR=/tmp/build/test/cases/../../examples
[STDERR  ] 2018-07-06T18:02:01.137961492Z: + RT_CANCEL=253
[STDERR  ] 2018-07-06T18:02:01.137976845Z: + NAME=dhcpcd
[STDERR  ] 2018-07-06T18:02:01.137986451Z: + trap clean_up EXIT
[STDERR  ] 2018-07-06T18:02:01.137995252Z: + linuxkit build -format kernel+initrd -name dhcpcd test.yml
[STDERR  ] 2018-07-06T18:02:01.559097107Z: Extract kernel image: linuxkit/kernel:4.14.53
[STDERR  ] 2018-07-06T18:02:07.013005790Z: Add init containers:
[STDERR  ] 2018-07-06T18:02:07.013068364Z: Process init image: linuxkit/init:4fa16c9045d60732dadb04f5d7f5c18d83c6551e
[STDERR  ] 2018-07-06T18:02:08.918266735Z: Process init image: linuxkit/runc:v0.4
[STDERR  ] 2018-07-06T18:02:10.250159199Z: Add onboot containers:
[STDERR  ] 2018-07-06T18:02:10.250277076Z:   Create OCI config for linuxkit/dhcpcd:1fe0db6b1eb7bcb1e4823e61e08afe6d48af7d16
[STDERR  ] 2018-07-06T18:02:11.616226682Z:   Create OCI config for alpine:3.7
[STDERR  ] 2018-07-06T18:02:13.039159323Z:   Create OCI config for linuxkit/poweroff:d75d94d9603bde9ab95b914deed0d069d05d8b20
[STDERR  ] 2018-07-06T18:02:14.472852638Z: Add files:
[STDERR  ] 2018-07-06T18:02:14.472933461Z:   check.sh
[STDERR  ] 2018-07-06T18:02:14.478578120Z: Create outputs:
[STDERR  ] 2018-07-06T18:02:20.207350803Z:   dhcpcd-kernel dhcpcd-initrd.img dhcpcd-cmdline
[STDERR  ] 2018-07-06T18:02:20.275756785Z: + linuxkit run dhcpcd
[STDERR  ] 2018-07-06T18:02:20.303360698Z: Unable to find qemu-system-x86_64 within the $PATH. Using a container
[STDERR  ] 2018-07-06T18:02:51.776159278Z: + RESULT=[    0.000000] Linux version 4.14.53-linuxkit (root@bd72a9eaf0e9) (gcc version 6.4.0 (Alpine 6.4.0)) #1 SMP Tue Jul 3 13:29:41 UTC 2018
[STDERR  ] 2018-07-06T18:02:51.776239001Z: [    0.000000] Command line: console=ttyS0 console=ttyAMA0
[STDERR  ] 2018-07-06T18:02:51.776256093Z: [    0.000000] x86/fpu: x87 FPU will use FXSAVE
[STDERR  ] 2018-07-06T18:02:51.776270685Z: [    0.000000] e820: BIOS-provided physical RAM map:
[STDERR  ] 2018-07-06T18:02:51.776301531Z: [    0.000000] BIOS-e820: [mem 0x0000000000000000-0x000000000009fbff] usable
[STDERR  ] 2018-07-06T18:02:51.776315884Z: [    0.000000] BIOS-e820: [mem 0x000000000009fc00-0x000000000009ffff] reserved
[STDERR  ] 2018-07-06T18:02:51.776328726Z: [    0.000000] BIOS-e820: [mem 0x00000000000f0000-0x00000000000fffff] reserved
[STDERR  ] 2018-07-06T18:02:51.776341986Z: [    0.000000] BIOS-e820: [mem 0x0000000000100000-0x000000003ffdefff] usable
[STDERR  ] 2018-07-06T18:02:51.776354412Z: [    0.000000] BIOS-e820: [mem 0x000000003ffdf000-0x000000003fffffff] reserved
[STDERR  ] 2018-07-06T18:02:51.776367212Z: [    0.000000] BIOS-e820: [mem 0x00000000b0000000-0x00000000bfffffff] reserved
[STDERR  ] 2018-07-06T18:02:51.776381559Z: [    0.000000] BIOS-e820: [mem 0x00000000fed1c000-0x00000000fed1ffff] reserved
[STDERR  ] 2018-07-06T18:02:51.776393909Z: [    0.000000] BIOS-e820: [mem 0x00000000fffc0000-0x00000000ffffffff] reserved
[STDERR  ] 2018-07-06T18:02:51.776406836Z: [    0.000000] NX (Execute Disable) protection: active
[STDERR  ] 2018-07-06T18:02:51.776418266Z: [    0.000000] SMBIOS 2.8 present.
[STDERR  ] 2018-07-06T18:02:51.776429811Z: [    0.000000] DMI: QEMU Standard PC (Q35 + ICH9, 2009), BIOS rel-1.10.2-0-g5f4c7b1-prebuilt.qemu-project.org 04/01/2014
[STDERR  ] 2018-07-06T18:02:51.776453911Z: [    0.000000] tsc: Fast TSC calibration using PIT
[STDERR  ] 2018-07-06T18:02:51.776465754Z: [    0.000000] e820: last_pfn = 0x3ffdf max_arch_pfn = 0x400000000
[STDERR  ] 2018-07-06T18:02:51.776477058Z: [    0.000000] x86/PAT: Configuration [0-7]: WB  WC  UC- UC  WB  WP  UC- WT  
[STDERR  ] 2018-07-06T18:02:51.776488513Z: [    0.000000] found SMP MP-table at [mem 0x000f6aa0-0x000f6aaf] mapped at [ffffffffff200aa0]
[STDERR  ] 2018-07-06T18:02:51.776501469Z: [    0.000000] RAMDISK: [mem 0x3e3f2000-0x3ffcffff]
[STDERR  ] 2018-07-06T18:02:51.776514018Z: [    0.000000] ACPI: Early table checksum verification disabled
[STDERR  ] 2018-07-06T18:02:51.776526653Z: [    0.000000] ACPI: RSDP 0x00000000000F68B0 000014 (v00 BOCHS )
[STDERR  ] 2018-07-06T18:02:51.776539279Z: [    0.000000] ACPI: RSDT 0x000000003FFE20A8 000034 (v01 BOCHS  BXPCRSDT 00000001 BXPC 00000001)
[STDERR  ] 2018-07-06T18:02:51.776551880Z: [    0.000000] ACPI: FACP 0x000000003FFE1EC8 0000F4 (v03 BOCHS  BXPCFACP 00000001 BXPC 00000001)
[STDERR  ] 2018-07-06T18:02:51.776563991Z: [    0.000000] ACPI: DSDT 0x000000003FFE0040 001E88 (v01 BOCHS  BXPCDSDT 00000001 BXPC 00000001)
[STDERR  ] 2018-07-06T18:02:51.776576406Z: [    0.000000] ACPI: FACS 0x000000003FFE0000 000040
[STDERR  ] 2018-07-06T18:02:51.776589458Z: [    0.000000] ACPI: APIC 0x000000003FFE1FBC 000078 (v01 BOCHS  BXPCAPIC 00000001 BXPC 00000001)
[STDERR  ] 2018-07-06T18:02:51.776601367Z: [    0.000000] ACPI: HPET 0x000000003FFE2034 000038 (v01 BOCHS  BXPCHPET 00000001 BXPC 00000001)
[STDERR  ] 2018-07-06T18:02:51.776613308Z: [    0.000000] ACPI: MCFG 0x000000003FFE206C 00003C (v01 BOCHS  BXPCMCFG 00000001 BXPC 00000001)
[STDERR  ] 2018-07-06T18:02:51.776625273Z: [    0.000000] Zone ranges:
[STDERR  ] 2018-07-06T18:02:51.776637588Z: [    0.000000]   DMA      [mem 0x0000000000001000-0x0000000000ffffff]
[STDERR  ] 2018-07-06T18:02:51.776650057Z: [    0.000000]   DMA32    [mem 0x0000000001000000-0x000000003ffdefff]
[STDERR  ] 2018-07-06T18:02:51.776661876Z: [    0.000000]   Normal   empty
[STDERR  ] 2018-07-06T18:02:51.776673975Z: [    0.000000]   Device   empty
[STDERR  ] 2018-07-06T18:02:51.776686139Z: [    0.000000] Movable zone start for each node
[STDERR  ] 2018-07-06T18:02:51.776697885Z: [    0.000000] Early memory node ranges
[STDERR  ] 2018-07-06T18:02:51.776710535Z: [    0.000000]   node   0: [mem 0x0000000000001000-0x000000000009efff]
[STDERR  ] 2018-07-06T18:02:51.776722190Z: [    0.000000]   node   0: [mem 0x0000000000100000-0x000000003ffdefff]
[STDERR  ] 2018-07-06T18:02:51.776733903Z: [    0.000000] Initmem setup node 0 [mem 0x0000000000001000-0x000000003ffdefff]
[STDERR  ] 2018-07-06T18:02:51.776844024Z: [    0.000000] ACPI: PM-Timer IO Port: 0x608
[STDERR  ] 2018-07-06T18:02:51.776862415Z: [    0.000000] ACPI: LAPIC_NMI (acpi_id[0xff] dfl dfl lint[0x1])
[STDERR  ] 2018-07-06T18:02:51.776875417Z: [    0.000000] IOAPIC[0]: apic_id 0, version 32, address 0xfec00000, GSI 0-23
[STDERR  ] 2018-07-06T18:02:51.776887406Z: [    0.000000] ACPI: INT_SRC_OVR (bus 0 bus_irq 0 global_irq 2 dfl dfl)
[STDERR  ] 2018-07-06T18:02:51.776905470Z: [    0.000000] ACPI: INT_SRC_OVR (bus 0 bus_irq 5 global_irq 5 high level)
[STDERR  ] 2018-07-06T18:02:51.776917771Z: [    0.000000] ACPI: INT_SRC_OVR (bus 0 bus_irq 9 global_irq 9 high level)
[STDERR  ] 2018-07-06T18:02:51.776930901Z: [    0.000000] ACPI: INT_SRC_OVR (bus 0 bus_irq 10 global_irq 10 high level)
[STDERR  ] 2018-07-06T18:02:51.776941934Z: [    0.000000] ACPI: INT_SRC_OVR (bus 0 bus_irq 11 global_irq 11 high level)
[STDERR  ] 2018-07-06T18:02:51.776953121Z: [    0.000000] Using ACPI (MADT) for SMP configuration information
[STDERR  ] 2018-07-06T18:02:51.776965817Z: [    0.000000] ACPI: HPET id: 0x8086a201 base: 0xfed00000
[STDERR  ] 2018-07-06T18:02:51.776976750Z: [    0.000000] smpboot: Allowing 1 CPUs, 0 hotplug CPUs
[STDERR  ] 2018-07-06T18:02:51.776989756Z: [    0.000000] e820: [mem 0x40000000-0xafffffff] available for PCI devices
[STDERR  ] 2018-07-06T18:02:51.777002505Z: [    0.000000] Booting paravirtualized kernel on bare hardware
[STDERR  ] 2018-07-06T18:02:51.777019546Z: [    0.000000] clocksource: refined-jiffies: mask: 0xffffffff max_cycles: 0xffffffff, max_idle_ns: 19112604462750000 ns
[STDERR  ] 2018-07-06T18:02:51.777031581Z: [    0.000000] random: get_random_bytes called from start_kernel+0x92/0x4c8 with crng_init=0
[STDERR  ] 2018-07-06T18:02:51.777044439Z: [    0.000000] setup_percpu: NR_CPUS:128 nr_cpumask_bits:128 nr_cpu_ids:1 nr_node_ids:1
[STDERR  ] 2018-07-06T18:02:51.777060507Z: [    0.000000] percpu: Embedded 44 pages/cpu @ffff977a7e000000 s143256 r8192 d28776 u2097152
[STDERR  ] 2018-07-06T18:02:51.777072635Z: [    0.000000] Built 1 zonelists, mobility grouping on.  Total pages: 257896
[STDERR  ] 2018-07-06T18:02:51.777085057Z: [    0.000000] Kernel command line: console=ttyS0 console=ttyAMA0
[STDERR  ] 2018-07-06T18:02:51.777100849Z: [    0.000000] PID hash table entries: 4096 (order: 3, 32768 bytes)
[STDERR  ] 2018-07-06T18:02:51.777113645Z: [    0.000000] Dentry cache hash table entries: 131072 (order: 8, 1048576 bytes)
[STDERR  ] 2018-07-06T18:02:51.777126966Z: [    0.000000] Inode-cache hash table entries: 65536 (order: 7, 524288 bytes)
[STDERR  ] 2018-07-06T18:02:51.777142665Z: [    0.000000] Memory: 976264K/1048052K available (12300K kernel code, 1465K rwdata, 2992K rodata, 1512K init, 632K bss, 71788K reserved, 0K cma-reserved)
[STDERR  ] 2018-07-06T18:02:51.777161882Z: [    0.000000] ftrace: allocating 41032 entries in 161 pages
[STDERR  ] 2018-07-06T18:02:51.777177463Z: [    0.000000] Hierarchical RCU implementation.
[STDERR  ] 2018-07-06T18:02:51.777189456Z: [    0.000000] 	RCU restricting CPUs from NR_CPUS=128 to nr_cpu_ids=1.
[STDERR  ] 2018-07-06T18:02:51.777202488Z: [    0.000000] RCU: Adjusting geometry for rcu_fanout_leaf=16, nr_cpu_ids=1
[STDERR  ] 2018-07-06T18:02:51.777220331Z: [    0.000000] NR_IRQS: 8448, nr_irqs: 256, preallocated irqs: 16
[STDERR  ] 2018-07-06T18:02:51.777233763Z: [    0.000000] Console: colour VGA+ 80x25
[STDERR  ] 2018-07-06T18:02:51.777246432Z: [    0.000000] console [ttyS0] enabled
[STDERR  ] 2018-07-06T18:02:51.777259677Z: [    0.000000] clocksource: hpet: mask: 0xffffffff max_cycles: 0xffffffff, max_idle_ns: 19112604467 ns
[STDERR  ] 2018-07-06T18:02:51.777272478Z: [    0.030000] tsc: Unable to calibrate against PIT
[STDERR  ] 2018-07-06T18:02:51.777284871Z: [    0.030000] tsc: using HPET reference calibration
[STDERR  ] 2018-07-06T18:02:51.777296952Z: [    0.030000] tsc: Detected 2599.638 MHz processor
[STDERR  ] 2018-07-06T18:02:51.777340540Z: [    0.030000] Calibrating delay loop (skipped), value calculated using timer frequency.. 5199.27 BogoMIPS (lpj=25996380)
[STDERR  ] 2018-07-06T18:02:51.777354712Z: [    0.030000] pid_max: default: 32768 minimum: 301
[STDERR  ] 2018-07-06T18:02:51.777374556Z: [    0.040496] ACPI: Core revision 20170728
[STDERR  ] 2018-07-06T18:02:51.777389182Z: [    0.068637] ACPI: 1 ACPI AML tables successfully acquired and loaded
[STDERR  ] 2018-07-06T18:02:51.777401163Z: [    0.071107] Security Framework initialized
[STDERR  ] 2018-07-06T18:02:51.777413430Z: [    0.071629] Yama: becoming mindful.
[STDERR  ] 2018-07-06T18:02:51.777426080Z: [    0.074460] Mount-cache hash table entries: 2048 (order: 2, 16384 bytes)
[STDERR  ] 2018-07-06T18:02:51.777438855Z: [    0.074967] Mountpoint-cache hash table entries: 2048 (order: 2, 16384 bytes)
[STDERR  ] 2018-07-06T18:02:51.777451745Z: [    0.094460] Last level iTLB entries: 4KB 0, 2MB 0, 4MB 0
[STDERR  ] 2018-07-06T18:02:51.777465246Z: [    0.094825] Last level dTLB entries: 4KB 0, 2MB 0, 4MB 0, 1GB 0
[STDERR  ] 2018-07-06T18:02:51.777477815Z: [    0.095442] Spectre V2 : Spectre mitigation: LFENCE not serializing, switching to generic retpoline
[STDERR  ] 2018-07-06T18:02:51.777489655Z: [    0.095993] Spectre V2 : Vulnerable: Minimal generic ASM retpoline
[STDERR  ] 2018-07-06T18:02:51.777505746Z: [    0.096414] Spectre V2 : Spectre v2 mitigation: Filling RSB on context switch
[STDERR  ] 2018-07-06T18:02:51.777517953Z: [    0.096884] Speculative Store Bypass: Vulnerable
[STDERR  ] 2018-07-06T18:02:51.777529399Z: [    0.442481] Freeing SMP alternatives memory: 20K
[STDERR  ] 2018-07-06T18:02:51.777545363Z: [    0.464999] smpboot: Max logical packages: 1
[STDERR  ] 2018-07-06T18:02:51.777559181Z: [    0.472875] ..TIMER: vector=0x30 apic1=0 pin1=2 apic2=-1 pin2=-1
[STDERR  ] 2018-07-06T18:02:51.777571705Z: [    0.580000] smpboot: CPU0: AMD QEMU Virtual CPU version 2.5+ (family: 0x6, model: 0x6, stepping: 0x3)
[STDERR  ] 2018-07-06T18:02:51.777583761Z: [    0.580000] Performance Events: PMU not available due to virtualization, using software events only.
[STDERR  ] 2018-07-06T18:02:51.777630272Z: [    0.581553] Hierarchical SRCU implementation.
[STDERR  ] 2018-07-06T18:02:51.777645775Z: [    0.587269] NMI watchdog: Perf event create on CPU 0 failed with -2
[STDERR  ] 2018-07-06T18:02:51.777658743Z: [    0.587778] NMI watchdog: Perf NMI watchdog permanently disabled
[STDERR  ] 2018-07-06T18:02:51.777680867Z: [    0.591110] smp: Bringing up secondary CPUs ...
[STDERR  ] 2018-07-06T18:02:51.777693014Z: [    0.591479] smp: Brought up 1 node, 1 CPU
[STDERR  ] 2018-07-06T18:02:51.777707572Z: [    0.591846] smpboot: Total of 1 processors activated (5199.27 BogoMIPS)
[STDERR  ] 2018-07-06T18:02:51.777719771Z: [    0.608312] devtmpfs: initialized
[STDERR  ] 2018-07-06T18:02:51.777733306Z: [    0.613969] x86/mm: Memory block size: 128MB
[STDERR  ] 2018-07-06T18:02:51.777754822Z: [    0.620871] evm: security.ima
[STDERR  ] 2018-07-06T18:02:51.777771034Z: [    0.621095] evm: security.capability
[STDERR  ] 2018-07-06T18:02:51.777783298Z: [    0.624214] clocksource: jiffies: mask: 0xffffffff max_cycles: 0xffffffff, max_idle_ns: 19112604462750000 ns
[STDERR  ] 2018-07-06T18:02:51.777795677Z: [    0.624987] futex hash table entries: 256 (order: 2, 16384 bytes)
[STDERR  ] 2018-07-06T18:02:51.777809394Z: [    0.635458] NET: Registered protocol family 16
[STDERR  ] 2018-07-06T18:02:51.777820914Z: [    0.642893] cpuidle: using governor ladder
[STDERR  ] 2018-07-06T18:02:51.777832970Z: [    0.643289] cpuidle: using governor menu
[STDERR  ] 2018-07-06T18:02:51.777846169Z: [    0.644892] ACPI: bus type PCI registered
[STDERR  ] 2018-07-06T18:02:51.777857987Z: [    0.647440] PCI: MMCONFIG for domain 0000 [bus 00-ff] at [mem 0xb0000000-0xbfffffff] (base 0xb0000000)
[STDERR  ] 2018-07-06T18:02:51.777872052Z: [    0.648165] PCI: MMCONFIG at [mem 0xb0000000-0xbfffffff] reserved in E820
[STDERR  ] 2018-07-06T18:02:51.777884412Z: [    0.649134] PCI: Using configuration type 1 for base access
[STDERR  ] 2018-07-06T18:02:51.777898759Z: [    0.692947] HugeTLB registered 2.00 MiB page size, pre-allocated 0 pages
[STDERR  ] 2018-07-06T18:02:51.777911333Z: [    0.704530] ACPI: Added _OSI(Module Device)
[STDERR  ] 2018-07-06T18:02:51.777930723Z: [    0.704779] ACPI: Added _OSI(Processor Device)
[STDERR  ] 2018-07-06T18:02:51.777943745Z: [    0.705173] ACPI: Added _OSI(3.0 _SCP Extensions)
[STDERR  ] 2018-07-06T18:02:51.777956230Z: [    0.705409] ACPI: Added _OSI(Processor Aggregator Device)
[STDERR  ] 2018-07-06T18:02:51.777968783Z: [    0.761515] ACPI: Interpreter enabled
[STDERR  ] 2018-07-06T18:02:51.777981390Z: [    0.762384] ACPI: (supports S0 S5)
[STDERR  ] 2018-07-06T18:02:51.777993543Z: [    0.762666] ACPI: Using IOAPIC for interrupt routing
[STDERR  ] 2018-07-06T18:02:51.778005481Z: [    0.764922] PCI: Using host bridge windows from ACPI; if necessary, use "pci=nocrs" and report a bug
[STDERR  ] 2018-07-06T18:02:51.778017621Z: [    0.768657] ACPI: Enabled 1 GPEs in block 00 to 3F
[STDERR  ] 2018-07-06T18:02:51.778034700Z: [    0.823987] ACPI: PCI Root Bridge [PCI0] (domain 0000 [bus 00-ff])
[STDERR  ] 2018-07-06T18:02:51.778046502Z: [    0.825032] acpi PNP0A08:00: _OSC: OS supports [ExtendedConfig ASPM ClockPM Segments MSI]
[STDERR  ] 2018-07-06T18:02:51.778058981Z: [    0.829442] acpi PNP0A08:00: _OSC: OS now controls [PCIeHotplug PME PCIeCapability]
[STDERR  ] 2018-07-06T18:02:51.778070462Z: [    0.834443] PCI host bridge to bus 0000:00
[STDERR  ] 2018-07-06T18:02:51.778083531Z: [    0.834867] pci_bus 0000:00: root bus resource [io  0x0000-0x0cf7 window]
[STDERR  ] 2018-07-06T18:02:51.778102197Z: [    0.835262] pci_bus 0000:00: root bus resource [io  0x0d00-0xffff window]
[STDERR  ] 2018-07-06T18:02:51.778113981Z: [    0.835737] pci_bus 0000:00: root bus resource [mem 0x000a0000-0x000bffff window]
[STDERR  ] 2018-07-06T18:02:51.778125427Z: [    0.836268] pci_bus 0000:00: root bus resource [mem 0xc0000000-0xfebfffff window]
[STDERR  ] 2018-07-06T18:02:51.778136962Z: [    0.836793] pci_bus 0000:00: root bus resource [bus 00-ff]
[STDERR  ] 2018-07-06T18:02:51.778149816Z: [    1.020402] pci 0000:00:1f.0: quirk: [io  0x0600-0x067f] claimed by ICH6 ACPI/GPIO/TCO
[STDERR  ] 2018-07-06T18:02:51.778162133Z: [    1.111430] ACPI: PCI Interrupt Link [LNKA] (IRQs 5 *10 11)
[STDERR  ] 2018-07-06T18:02:51.778175137Z: [    1.113226] ACPI: PCI Interrupt Link [LNKB] (IRQs 5 *10 11)
[STDERR  ] 2018-07-06T18:02:51.778187255Z: [    1.114914] ACPI: PCI Interrupt Link [LNKC] (IRQs 5 10 *11)
[STDERR  ] 2018-07-06T18:02:51.778200200Z: [    1.116519] ACPI: PCI Interrupt Link [LNKD] (IRQs 5 10 *11)
[STDERR  ] 2018-07-06T18:02:51.778214161Z: [    1.117756] ACPI: PCI Interrupt Link [LNKE] (IRQs 5 *10 11)
[STDERR  ] 2018-07-06T18:02:51.778225157Z: [    1.118999] ACPI: PCI Interrupt Link [LNKF] (IRQs 5 *10 11)
[STDERR  ] 2018-07-06T18:02:51.778238278Z: [    1.121039] ACPI: PCI Interrupt Link [LNKG] (IRQs 5 10 *11)
[STDERR  ] 2018-07-06T18:02:51.778251179Z: [    1.122275] ACPI: PCI Interrupt Link [LNKH] (IRQs 5 10 *11)
[STDERR  ] 2018-07-06T18:02:51.778268047Z: [    1.123021] ACPI: PCI Interrupt Link [GSIA] (IRQs *16)
[STDERR  ] 2018-07-06T18:02:51.778280573Z: [    1.123613] ACPI: PCI Interrupt Link [GSIB] (IRQs *17)
[STDERR  ] 2018-07-06T18:02:51.778294723Z: [    1.124164] ACPI: PCI Interrupt Link [GSIC] (IRQs *18)
[STDERR  ] 2018-07-06T18:02:51.778307412Z: [    1.124699] ACPI: PCI Interrupt Link [GSID] (IRQs *19)
[STDERR  ] 2018-07-06T18:02:51.778319776Z: [    1.125238] ACPI: PCI Interrupt Link [GSIE] (IRQs *20)
[STDERR  ] 2018-07-06T18:02:51.778331941Z: [    1.125780] ACPI: PCI Interrupt Link [GSIF] (IRQs *21)
[STDERR  ] 2018-07-06T18:02:51.778344675Z: [    1.126299] ACPI: PCI Interrupt Link [GSIG] (IRQs *22)
[STDERR  ] 2018-07-06T18:02:51.778357469Z: [    1.126837] ACPI: PCI Interrupt Link [GSIH] (IRQs *23)
[STDERR  ] 2018-07-06T18:02:51.778370536Z: [    1.133674] SCSI subsystem initialized
[STDERR  ] 2018-07-06T18:02:51.778384385Z: [    1.135933] ACPI: bus type USB registered
[STDERR  ] 2018-07-06T18:02:51.778397187Z: [    1.136892] usbcore: registered new interface driver usbfs
[STDERR  ] 2018-07-06T18:02:51.778410146Z: [    1.137701] usbcore: registered new interface driver hub
[STDERR  ] 2018-07-06T18:02:51.778422943Z: [    1.138594] usbcore: registered new device driver usb
[STDERR  ] 2018-07-06T18:02:51.778441232Z: [    1.139497] pps_core: LinuxPPS API ver. 1 registered
[STDERR  ] 2018-07-06T18:02:51.778451644Z: [    1.139767] pps_core: Software ver. 5.3.6 - Copyright 2005-2007 Rodolfo Giometti <giometti@linux.it>
[STDERR  ] 2018-07-06T18:02:51.778460430Z: [    1.140380] PTP clock support registered
[STDERR  ] 2018-07-06T18:02:51.778469354Z: [    1.142432] PCI: Using ACPI for IRQ routing
[STDERR  ] 2018-07-06T18:02:51.778477425Z: [    1.159614] NetLabel: Initializing
[STDERR  ] 2018-07-06T18:02:51.778485663Z: [    1.159849] NetLabel:  domain hash size = 128
[STDERR  ] 2018-07-06T18:02:51.778496684Z: [    1.160100] NetLabel:  protocols = UNLABELED CIPSOv4 CALIPSO
[STDERR  ] 2018-07-06T18:02:51.778505921Z: [    1.162954] NetLabel:  unlabeled traffic allowed by default
[STDERR  ] 2018-07-06T18:02:51.778514084Z: [    1.164718] HPET: 3 timers in total, 0 timers will be used for per-cpu timer
[STDERR  ] 2018-07-06T18:02:51.778522465Z: [    1.165565] hpet0: at MMIO 0xfed00000, IRQs 2, 8, 0
[STDERR  ] 2018-07-06T18:02:51.778530651Z: [    1.165986] hpet0: 3 comparators, 64-bit 100.000000 MHz counter
[STDERR  ] 2018-07-06T18:02:51.778538580Z: [    1.171674] clocksource: Switched to clocksource hpet
[STDERR  ] 2018-07-06T18:02:51.778546841Z: [    1.369771] VFS: Disk quotas dquot_6.6.0
[STDERR  ] 2018-07-06T18:02:51.778562118Z: [    1.370733] VFS: Dquot-cache hash table entries: 512 (order 0, 4096 bytes)
[STDERR  ] 2018-07-06T18:02:51.778571168Z: [    1.374225] FS-Cache: Loaded
[STDERR  ] 2018-07-06T18:02:51.778580050Z: [    1.381242] CacheFiles: Loaded
[STDERR  ] 2018-07-06T18:02:51.778588139Z: [    1.382394] pnp: PnP ACPI init
[STDERR  ] 2018-07-06T18:02:51.778596370Z: [    1.392141] pnp: PnP ACPI: found 5 devices
[STDERR  ] 2018-07-06T18:02:51.778605434Z: [    1.427033] clocksource: acpi_pm: mask: 0xffffff max_cycles: 0xffffff, max_idle_ns: 2085701024 ns
[STDERR  ] 2018-07-06T18:02:51.778614352Z: [    1.430528] NET: Registered protocol family 2
[STDERR  ] 2018-07-06T18:02:51.778622685Z: [    1.438020] TCP established hash table entries: 8192 (order: 4, 65536 bytes)
[STDERR  ] 2018-07-06T18:02:51.778630923Z: [    1.438723] TCP bind hash table entries: 8192 (order: 5, 131072 bytes)
[STDERR  ] 2018-07-06T18:02:51.778639728Z: [    1.439822] TCP: Hash tables configured (established 8192 bind 8192)
[STDERR  ] 2018-07-06T18:02:51.778647522Z: [    1.442067] UDP hash table entries: 512 (order: 2, 16384 bytes)
[STDERR  ] 2018-07-06T18:02:51.778656846Z: [    1.442538] UDP-Lite hash table entries: 512 (order: 2, 16384 bytes)
[STDERR  ] 2018-07-06T18:02:51.778664881Z: [    1.444977] NET: Registered protocol family 1
[STDERR  ] 2018-07-06T18:02:51.778674745Z: [    1.446065] pci 0000:00:01.0: Video device with shadowed ROM at [mem 0x000c0000-0x000dffff]
[STDERR  ] 2018-07-06T18:02:51.778682711Z: [    1.452159] Trying to unpack rootfs image as initramfs...
[STDERR  ] 2018-07-06T18:02:51.778690485Z: [    4.988290] Freeing initrd memory: 28536K
[STDERR  ] 2018-07-06T18:02:51.778698552Z: [    5.011835] PCLMULQDQ-NI instructions are not detected.
[STDERR  ] 2018-07-06T18:02:51.778706377Z: [    5.013143] AVX or AES-NI instructions are not detected.
[STDERR  ] 2018-07-06T18:02:51.778714053Z: [    5.013709] CPU feature 'AVX registers' is not supported.
[STDERR  ] 2018-07-06T18:02:51.778721903Z: [    5.014109] CPU feature 'AVX registers' is not supported.
[STDERR  ] 2018-07-06T18:02:51.778730834Z: [    5.014450] CPU feature 'AVX registers' is not supported.
[STDERR  ] 2018-07-06T18:02:51.778746701Z: [    5.014799] CPU feature 'AVX registers' is not supported.
[STDERR  ] 2018-07-06T18:02:51.778754833Z: [    5.015167] AVX2 or AES-NI instructions are not detected.
[STDERR  ] 2018-07-06T18:02:51.778763122Z: [    5.015488] AVX2 instructions are not detected.
[STDERR  ] 2018-07-06T18:02:51.778770921Z: [    5.019704] audit: initializing netlink subsys (disabled)
[STDERR  ] 2018-07-06T18:02:51.778778563Z: [    5.026266] audit: type=2000 audit(1530900148.020:1): state=initialized audit_enabled=0 res=1
[STDERR  ] 2018-07-06T18:02:51.778791054Z: [    5.027601] workingset: timestamp_bits=46 max_order=18 bucket_order=0
[STDERR  ] 2018-07-06T18:02:51.778801572Z: [    5.032541] squashfs: version 4.0 (2009/01/31) Phillip Lougher
[STDERR  ] 2018-07-06T18:02:51.778811094Z: [    5.035602] FS-Cache: Netfs 'cifs' registered for caching
[STDERR  ] 2018-07-06T18:02:51.778821346Z: [    5.036563] fuse init (API version 7.26)
[STDERR  ] 2018-07-06T18:02:51.778829370Z: [    5.038710] SGI XFS with ACLs, security attributes, no debug enabled
[STDERR  ] 2018-07-06T18:02:51.778837300Z: [    5.042606] 9p: Installing v9fs 9p2000 file system support
[STDERR  ] 2018-07-06T18:02:51.778845372Z: [    5.043111] FS-Cache: Netfs '9p' registered for caching
[STDERR  ] 2018-07-06T18:02:51.778853413Z: [    5.074589] NET: Registered protocol family 38
[STDERR  ] 2018-07-06T18:02:51.778861763Z: [    5.075138] Key type asymmetric registered
[STDERR  ] 2018-07-06T18:02:51.778870315Z: [    5.075590] Asymmetric key parser 'x509' registered
[STDERR  ] 2018-07-06T18:02:51.778878370Z: [    5.076488] Block layer SCSI generic (bsg) driver version 0.4 loaded (major 247)
[STDERR  ] 2018-07-06T18:02:51.778886297Z: [    5.078284] io scheduler noop registered
[STDERR  ] 2018-07-06T18:02:51.778893937Z: [    5.078482] io scheduler deadline registered (default)
[STDERR  ] 2018-07-06T18:02:51.778902454Z: [    5.079357] io scheduler cfq registered
[STDERR  ] 2018-07-06T18:02:51.778916519Z: [    5.079626] io scheduler mq-deadline registered
[STDERR  ] 2018-07-06T18:02:51.778925130Z: [    5.079879] io scheduler kyber registered
[STDERR  ] 2018-07-06T18:02:51.778932911Z: [    5.083758] shpchp: Standard Hot Plug PCI Controller Driver version: 0.4
[STDERR  ] 2018-07-06T18:02:51.778940697Z: [    5.084662] hv_vmbus: registering driver hyperv_fb
[STDERR  ] 2018-07-06T18:02:51.778948392Z: [    5.087494] input: Power Button as /devices/LNXSYSTM:00/LNXPWRBN:00/input/input0
[STDERR  ] 2018-07-06T18:02:51.778959489Z: [    5.091955] ACPI: Power Button [PWRF]
[STDERR  ] 2018-07-06T18:02:51.778971415Z: [    5.105014] ACPI: PCI Interrupt Link [GSIG] enabled at IRQ 22
[STDERR  ] 2018-07-06T18:02:51.778982542Z: [    5.117382] ACPI: PCI Interrupt Link [GSIH] enabled at IRQ 23
[STDERR  ] 2018-07-06T18:02:51.778994913Z: [    5.124052] Serial: 8250/16550 driver, 4 ports, IRQ sharing disabled
[STDERR  ] 2018-07-06T18:02:51.779006184Z: [    5.148522] 00:04: ttyS0 at I/O 0x3f8 (irq = 4, base_baud = 115200) is a 16550A
[STDERR  ] 2018-07-06T18:02:51.779017272Z: [    5.158698] Non-volatile memory driver v1.3
[STDERR  ] 2018-07-06T18:02:51.779029829Z: [    5.165610] Hangcheck: starting hangcheck timer 0.9.1 (tick is 180 seconds, margin is 60 seconds).
[STDERR  ] 2018-07-06T18:02:51.779044454Z: [    5.180347] random: fast init done
[STDERR  ] 2018-07-06T18:02:51.779057090Z: [    5.181746] random: crng init done
[STDERR  ] 2018-07-06T18:02:51.779069407Z: [    5.223862] brd: module loaded
[STDERR  ] 2018-07-06T18:02:51.779080233Z: [    5.251345] loop: module loaded
[STDERR  ] 2018-07-06T18:02:51.779090902Z: [    5.301861] lpc_ich 0000:00:1f.0: I/O space for GPIO uninitialized
[STDERR  ] 2018-07-06T18:02:51.779099098Z: [    5.304177] VMware PVSCSI driver - version 1.0.7.0-k
[STDERR  ] 2018-07-06T18:02:51.779108561Z: [    5.304884] hv_vmbus: registering driver hv_storvsc
[STDERR  ] 2018-07-06T18:02:51.779118099Z: [    5.311588] ACPI: PCI Interrupt Link [GSIA] enabled at IRQ 16
[STDERR  ] 2018-07-06T18:02:51.779126285Z: [    5.319764] ahci 0000:00:1f.2: AHCI 0001.0000 32 slots 6 ports 1.5 Gbps 0x3f impl SATA mode
[STDERR  ] 2018-07-06T18:02:51.779135356Z: [    5.320700] ahci 0000:00:1f.2: flags: 64bit ncq only 
[STDERR  ] 2018-07-06T18:02:51.779143297Z: [    5.336151] scsi host0: ahci
[STDERR  ] 2018-07-06T18:02:51.779151573Z: [    5.339970] scsi host1: ahci
[STDERR  ] 2018-07-06T18:02:51.779159489Z: [    5.342187] scsi host2: ahci
[STDERR  ] 2018-07-06T18:02:51.779166997Z: [    5.343623] scsi host3: ahci
[STDERR  ] 2018-07-06T18:02:51.779176666Z: [    5.345080] scsi host4: ahci
[STDERR  ] 2018-07-06T18:02:51.779184273Z: [    5.346447] scsi host5: ahci
[STDERR  ] 2018-07-06T18:02:51.779198813Z: [    5.347697] ata1: SATA max UDMA/133 abar m4096@0xfebd2000 port 0xfebd2100 irq 24
[STDERR  ] 2018-07-06T18:02:51.779206762Z: [    5.348143] ata2: SATA max UDMA/133 abar m4096@0xfebd2000 port 0xfebd2180 irq 24
[STDERR  ] 2018-07-06T18:02:51.779214623Z: [    5.348498] ata3: SATA max UDMA/133 abar m4096@0xfebd2000 port 0xfebd2200 irq 24
[STDERR  ] 2018-07-06T18:02:51.779222450Z: [    5.348824] ata4: SATA max UDMA/133 abar m4096@0xfebd2000 port 0xfebd2280 irq 24
[STDERR  ] 2018-07-06T18:02:51.779233432Z: [    5.349159] ata5: SATA max UDMA/133 abar m4096@0xfebd2000 port 0xfebd2300 irq 24
[STDERR  ] 2018-07-06T18:02:51.779243080Z: [    5.349464] ata6: SATA max UDMA/133 abar m4096@0xfebd2000 port 0xfebd2380 irq 24
[STDERR  ] 2018-07-06T18:02:51.779256422Z: [    5.359638] tun: Universal TUN/TAP device driver, 1.6
[STDERR  ] 2018-07-06T18:02:51.779267728Z: [    5.370011] VMware vmxnet3 virtual NIC driver - version 1.4.a.0-k-NAPI
[STDERR  ] 2018-07-06T18:02:51.779276469Z: [    5.371410] hv_vmbus: registering driver hv_netvsc
[STDERR  ] 2018-07-06T18:02:51.779284663Z: [    5.371787] Fusion MPT base driver 3.04.20
[STDERR  ] 2018-07-06T18:02:51.779293601Z: [    5.371924] Copyright (c) 1999-2008 LSI Corporation
[STDERR  ] 2018-07-06T18:02:51.779302575Z: [    5.372445] Fusion MPT SPI Host driver 3.04.20
[STDERR  ] 2018-07-06T18:02:51.779316023Z: [    5.374171] i8042: PNP: PS/2 Controller [PNP0303:KBD,PNP0f13:MOU] at 0x60,0x64 irq 1,12
[STDERR  ] 2018-07-06T18:02:51.779327226Z: [    5.378847] serio: i8042 KBD port at 0x60,0x64 irq 1
[STDERR  ] 2018-07-06T18:02:51.779335245Z: [    5.379532] serio: i8042 AUX port at 0x60,0x64 irq 12
[STDERR  ] 2018-07-06T18:02:51.779343385Z: [    5.382133] hv_vmbus: registering driver hyperv_keyboard
[STDERR  ] 2018-07-06T18:02:51.779351373Z: [    5.383986] mousedev: PS/2 mouse device common for all mice
[STDERR  ] 2018-07-06T18:02:51.779359298Z: [    5.388560] input: AT Translated Set 2 keyboard as /devices/platform/i8042/serio0/input/input1
[STDERR  ] 2018-07-06T18:02:51.779367281Z: [    5.391262] input: PC Speaker as /devices/platform/pcspkr/input/input2
[STDERR  ] 2018-07-06T18:02:51.779374975Z: [    5.394961] rtc_cmos 00:00: RTC can wake from S4
[STDERR  ] 2018-07-06T18:02:51.779382885Z: [    5.398297] rtc_cmos 00:00: rtc core: registered rtc_cmos as rtc0
[STDERR  ] 2018-07-06T18:02:51.779391954Z: [    5.399580] rtc_cmos 00:00: alarms up to one day, y3k, 114 bytes nvram, hpet irqs
[STDERR  ] 2018-07-06T18:02:51.779399897Z: [    5.400543] i2c /dev entries driver
[STDERR  ] 2018-07-06T18:02:51.779408668Z: [    5.402532] device-mapper: ioctl: 4.37.0-ioctl (2017-09-20) initialised: dm-devel@redhat.com
[STDERR  ] 2018-07-06T18:02:51.779416574Z: [    5.406334] usbcore: registered new interface driver usbhid
[STDERR  ] 2018-07-06T18:02:51.779424610Z: [    5.406675] usbhid: USB HID core driver
[STDERR  ] 2018-07-06T18:02:51.779432375Z: [    5.407384] hv_utils: Registering HyperV Utility Driver
[STDERR  ] 2018-07-06T18:02:51.779439988Z: [    5.407682] hv_vmbus: registering driver hv_util
[STDERR  ] 2018-07-06T18:02:51.779447592Z: [    5.407934] hv_vmbus: registering driver hv_balloon
[STDERR  ] 2018-07-06T18:02:51.779455346Z: [    5.408475] oprofile: using NMI interrupt.
[STDERR  ] 2018-07-06T18:02:51.779463364Z: [    5.409619] GACT probability on
[STDERR  ] 2018-07-06T18:02:51.779471202Z: [    5.410434] Mirror/redirect action on
[STDERR  ] 2018-07-06T18:02:51.779480070Z: [    5.411153] Simple TC action Loaded
[STDERR  ] 2018-07-06T18:02:51.779488312Z: [    5.411650] u32 classifier
[STDERR  ] 2018-07-06T18:02:51.779499692Z: [    5.411797]     Performance counters on
[STDERR  ] 2018-07-06T18:02:51.779507423Z: [    5.411972]     input device check on
[STDERR  ] 2018-07-06T18:02:51.779515109Z: [    5.412162]     Actions configured
[STDERR  ] 2018-07-06T18:02:51.779522759Z: [    5.412818] Netfilter messages via NETLINK v0.30.
[STDERR  ] 2018-07-06T18:02:51.779530427Z: [    5.413341] nfnl_acct: registering with nfnetlink.
[STDERR  ] 2018-07-06T18:02:51.779541352Z: [    5.414644] nf_conntrack version 0.5.0 (8192 buckets, 32768 max)
[STDERR  ] 2018-07-06T18:02:51.779549077Z: [    5.417019] ctnetlink v0.93: registering with nfnetlink.
[STDERR  ] 2018-07-06T18:02:51.779556779Z: [    5.419914] nf_tables: (c) 2007-2009 Patrick McHardy <kaber@trash.net>
[STDERR  ] 2018-07-06T18:02:51.779564431Z: [    5.421333] nf_tables_compat: (c) 2012 Pablo Neira Ayuso <pablo@netfilter.org>
[STDERR  ] 2018-07-06T18:02:51.779572010Z: [    5.423899] xt_time: kernel timezone is -0000
[STDERR  ] 2018-07-06T18:02:51.779579814Z: [    5.424321] ip_set: protocol 6
[STDERR  ] 2018-07-06T18:02:51.779587493Z: [    5.425156] IPVS: Registered protocols (TCP, UDP, SCTP, AH, ESP)
[STDERR  ] 2018-07-06T18:02:51.779595625Z: [    5.425609] IPVS: Connection hash table configured (size=4096, memory=64Kbytes)
[STDERR  ] 2018-07-06T18:02:51.779603274Z: [    5.429453] IPVS: ipvs loaded.
[STDERR  ] 2018-07-06T18:02:51.779611538Z: [    5.429849] IPVS: [rr] scheduler registered.
[STDERR  ] 2018-07-06T18:02:51.779619036Z: [    5.430396] IPVS: [wrr] scheduler registered.
[STDERR  ] 2018-07-06T18:02:51.779626579Z: [    5.430903] IPVS: [lc] scheduler registered.
[STDERR  ] 2018-07-06T18:02:51.779634272Z: [    5.431148] IPVS: [wlc] scheduler registered.
[STDERR  ] 2018-07-06T18:02:51.779642176Z: [    5.431375] IPVS: [fo] scheduler registered.
[STDERR  ] 2018-07-06T18:02:51.779653773Z: [    5.431599] IPVS: [ovf] scheduler registered.
[STDERR  ] 2018-07-06T18:02:51.779661640Z: [    5.432004] IPVS: [lblc] scheduler registered.
[STDERR  ] 2018-07-06T18:02:51.779669275Z: [    5.432380] IPVS: [lblcr] scheduler registered.
[STDERR  ] 2018-07-06T18:02:51.779679074Z: [    5.432629] IPVS: [dh] scheduler registered.
[STDERR  ] 2018-07-06T18:02:51.779686930Z: [    5.432846] IPVS: [sh] scheduler registered.
[STDERR  ] 2018-07-06T18:02:51.779694618Z: [    5.433066] IPVS: [sed] scheduler registered.
[STDERR  ] 2018-07-06T18:02:51.779702510Z: [    5.433272] IPVS: [nq] scheduler registered.
[STDERR  ] 2018-07-06T18:02:51.779710155Z: [    5.433941] IPVS: ftp: loaded support on port[0] = 21
[STDERR  ] 2018-07-06T18:02:51.779718419Z: [    5.434703] ipip: IPv4 and MPLS over IPv4 tunneling driver
[STDERR  ] 2018-07-06T18:02:51.779726334Z: [    5.437960] gre: GRE over IPv4 demultiplexor driver
[STDERR  ] 2018-07-06T18:02:51.779743170Z: [    5.441457] ip_tables: (C) 2000-2006 Netfilter Core Team
[STDERR  ] 2018-07-06T18:02:51.779751090Z: [    5.445684] ipt_CLUSTERIP: ClusterIP Version 0.8 loaded successfully
[STDERR  ] 2018-07-06T18:02:51.779758985Z: [    5.446359] arp_tables: arp_tables: (C) 2002 David S. Miller
[STDERR  ] 2018-07-06T18:02:51.779767502Z: [    5.448621] NET: Registered protocol family 10
[STDERR  ] 2018-07-06T18:02:51.779775109Z: [    5.458544] Segment Routing with IPv6
[STDERR  ] 2018-07-06T18:02:51.779784819Z: [    5.459380] ip6_tables: (C) 2000-2006 Netfilter Core Team
[STDERR  ] 2018-07-06T18:02:51.779792643Z: [    5.467503] NET: Registered protocol family 17
[STDERR  ] 2018-07-06T18:02:51.779800791Z: [    5.468534] Bridge firewalling registered
[STDERR  ] 2018-07-06T18:02:51.779810422Z: [    5.469053] Ebtables v2.0 registered
[STDERR  ] 2018-07-06T18:02:51.779818123Z: [    5.472314] 8021q: 802.1Q VLAN Support v1.8
[STDERR  ] 2018-07-06T18:02:51.779826023Z: [    5.473945] 9pnet: Installing 9P2000 support
[STDERR  ] 2018-07-06T18:02:51.779833755Z: [    5.475676] Key type dns_resolver registered
[STDERR  ] 2018-07-06T18:02:51.779841499Z: [    5.477050] sched_clock: Marking stable (5470267770, 0)->(5557117928, -86850158)
[STDERR  ] 2018-07-06T18:02:51.779849386Z: [    5.479960] registered taskstats version 1
[STDERR  ] 2018-07-06T18:02:51.779856982Z: [    5.684191] ata2: SATA link down (SStatus 0 SControl 300)
[STDERR  ] 2018-07-06T18:02:51.779864845Z: [    5.686853] ata1: SATA link down (SStatus 0 SControl 300)
[STDERR  ] 2018-07-06T18:02:51.779872368Z: [    5.693379] ata4: SATA link down (SStatus 0 SControl 300)
[STDERR  ] 2018-07-06T18:02:51.779880838Z: [    5.694298] ata3: SATA link up 1.5 Gbps (SStatus 113 SControl 300)
[STDERR  ] 2018-07-06T18:02:51.779894485Z: [    5.697700] ata3.00: ATAPI: QEMU DVD-ROM, 2.5+, max UDMA/100
[STDERR  ] 2018-07-06T18:02:51.779902384Z: [    5.698183] ata3.00: applying bridge limits
[STDERR  ] 2018-07-06T18:02:51.779911662Z: [    5.703652] ata3.00: configured for UDMA/100
[STDERR  ] 2018-07-06T18:02:51.779919296Z: [    5.704920] ata6: SATA link down (SStatus 0 SControl 300)
[STDERR  ] 2018-07-06T18:02:51.779927172Z: [    5.705455] ata5: SATA link down (SStatus 0 SControl 300)
[STDERR  ] 2018-07-06T18:02:51.779934710Z: [    5.718009] scsi 2:0:0:0: CD-ROM            QEMU     QEMU DVD-ROM     2.5+ PQ: 0 ANSI: 5
[STDERR  ] 2018-07-06T18:02:51.779942490Z: [    5.723024] Key type big_key registered
[STDERR  ] 2018-07-06T18:02:51.779950140Z: [    5.763423] sr 2:0:0:0: [sr0] scsi3-mmc drive: 4x/4x cd/rw xa/form2 tray
[STDERR  ] 2018-07-06T18:02:51.779957871Z: [    5.764096] cdrom: Uniform CD-ROM driver Revision: 3.20
[STDERR  ] 2018-07-06T18:02:51.779965486Z: [    5.772675] sr 2:0:0:0: Attached scsi generic sg0 type 5
[STDERR  ] 2018-07-06T18:02:51.779973142Z: [    5.812525] Key type trusted registered
[STDERR  ] 2018-07-06T18:02:51.779980916Z: [    5.888319] Key type encrypted registered
[STDERR  ] 2018-07-06T18:02:51.779988569Z: [    5.889066] ima: No TPM chip found, activating TPM-bypass! (rc=-19)
[STDERR  ] 2018-07-06T18:02:51.779998950Z: [    5.889536] ima: Allocated hash algorithm: sha256
[STDERR  ] 2018-07-06T18:02:51.780006767Z: [    5.893749] evm: HMAC attrs: 0x1
[STDERR  ] 2018-07-06T18:02:51.780014680Z: [    5.899549] rtc_cmos 00:00: setting system clock to 2018-07-06 18:02:29 UTC (1530900149)
[STDERR  ] 2018-07-06T18:02:51.780022544Z: [    6.064521] Freeing unused kernel memory: 1512K
[STDERR  ] 2018-07-06T18:02:51.780030198Z: [    6.065084] tsc: Refined TSC clocksource calibration: 2599.636 MHz
[STDERR  ] 2018-07-06T18:02:51.780038041Z: [    6.065635] clocksource: tsc: mask: 0xffffffffffffffff max_cycles: 0x2578e44e127, max_idle_ns: 440795297536 ns
[STDERR  ] 2018-07-06T18:02:51.780045942Z: [    6.081060] Write protecting the kernel read-only data: 18432k
[STDERR  ] 2018-07-06T18:02:51.780056216Z: [    6.094078] Freeing unused kernel memory: 2024K
[STDERR  ] 2018-07-06T18:02:51.780063950Z: [    6.151909] Freeing unused kernel memory: 1104K
[STDERR  ] 2018-07-06T18:02:51.780071579Z: [    7.080823] clocksource: Switched to clocksource tsc
[STDERR  ] 2018-07-06T18:02:51.780079264Z: 
[STDERR  ] 2018-07-06T18:02:51.780087177Z: Welcome to LinuxKit
[STDERR  ] 2018-07-06T18:02:51.780095225Z: 
[STDERR  ] 2018-07-06T18:02:51.780102691Z:                         ##         .
[STDERR  ] 2018-07-06T18:02:51.780112492Z:                   ## ## ##        ==
[STDERR  ] 2018-07-06T18:02:51.780120250Z:                ## ## ## ## ##    ===
[STDERR  ] 2018-07-06T18:02:51.780127729Z:            /"""""""""""""""""\___/ ===
[STDERR  ] 2018-07-06T18:02:51.780135387Z:           {                       /  ===-
[STDERR  ] 2018-07-06T18:02:51.780143075Z:            \______ O           __/
[STDERR  ] 2018-07-06T18:02:51.780150830Z:              \    \         __/
[STDERR  ] 2018-07-06T18:02:51.780158557Z:               \____\_______/
[STDERR  ] 2018-07-06T18:02:51.780166148Z: 
[STDERR  ] 2018-07-06T18:02:51.780174082Z: [   13.658149] 8021q: adding VLAN 0 to HW filter on device eth0
[STDERR  ] 2018-07-06T18:02:51.780181914Z: [   26.890086] ACPI: Preparing to enter system sleep state S5
[STDERR  ] 2018-07-06T18:02:51.780189529Z: [   26.892259] reboot: Power down
[STDERR  ] 2018-07-06T18:02:51.780197258Z: + echo [    0.000000] Linux version 4.14.53-linuxkit (root@bd72a9eaf0e9) (gcc version 6.4.0 (Alpine 6.4.0)) #1 SMP Tue Jul 3 13:29:41 UTC 2018
[STDERR  ] 2018-07-06T18:02:51.780205673Z: [    0.000000] Command line: console=ttyS0 console=ttyAMA0
[STDERR  ] 2018-07-06T18:02:51.780213321Z: [    0.000000] x86/fpu: x87 FPU will use FXSAVE
[STDERR  ] 2018-07-06T18:02:51.780221045Z: [    0.000000] e820: BIOS-provided physical RAM map:
[STDERR  ] 2018-07-06T18:02:51.780228694Z: [    0.000000] BIOS-e820: [mem 0x0000000000000000-0x000000000009fbff] usable
[STDERR  ] 2018-07-06T18:02:51.780240607Z: [    0.000000] BIOS-e820: [mem 0x000000000009fc00-0x000000000009ffff] reserved
[STDERR  ] 2018-07-06T18:02:51.780249507Z: [    0.000000] BIOS-e820: [mem 0x00000000000f0000-0x00000000000fffff] reserved
[STDERR  ] 2018-07-06T18:02:51.780257214Z: [    0.000000] BIOS-e820: [mem 0x0000000000100000-0x000000003ffdefff] usable
[STDERR  ] 2018-07-06T18:02:51.780264758Z: [    0.000000] BIOS-e820: [mem 0x000000003ffdf000-0x000000003fffffff] reserved
[STDERR  ] 2018-07-06T18:02:51.780272365Z: [    0.000000] BIOS-e820: [mem 0x00000000b0000000-0x00000000bfffffff] reserved
[STDERR  ] 2018-07-06T18:02:51.780280151Z: [    0.000000] BIOS-e820: [mem 0x00000000fed1c000-0x00000000fed1ffff] reserved
[STDERR  ] 2018-07-06T18:02:51.780290080Z: [    0.000000] BIOS-e820: [mem 0x00000000fffc0000-0x00000000ffffffff] reserved
[STDERR  ] 2018-07-06T18:02:51.780297772Z: [    0.000000] NX (Execute Disable) protection: active
[STDERR  ] 2018-07-06T18:02:51.780305493Z: [    0.000000] SMBIOS 2.8 present.
[STDERR  ] 2018-07-06T18:02:51.780313968Z: [    0.000000] DMI: QEMU Standard PC (Q35 + ICH9, 2009), BIOS rel-1.10.2-0-g5f4c7b1-prebuilt.qemu-project.org 04/01/2014
[STDERR  ] 2018-07-06T18:02:51.780323023Z: [    0.000000] tsc: Fast TSC calibration using PIT
[STDERR  ] 2018-07-06T18:02:51.780330932Z: [    0.000000] e820: last_pfn = 0x3ffdf max_arch_pfn = 0x400000000
[STDERR  ] 2018-07-06T18:02:51.780341987Z: [    0.000000] x86/PAT: Configuration [0-7]: WB  WC  UC- UC  WB  WP  UC- WT  
[STDERR  ] 2018-07-06T18:02:51.780354593Z: [    0.000000] found SMP MP-table at [mem 0x000f6aa0-0x000f6aaf] mapped at [ffffffffff200aa0]
[STDERR  ] 2018-07-06T18:02:51.780363058Z: [    0.000000] RAMDISK: [mem 0x3e3f2000-0x3ffcffff]
[STDERR  ] 2018-07-06T18:02:51.780370813Z: [    0.000000] ACPI: Early table checksum verification disabled
[STDERR  ] 2018-07-06T18:02:51.780378636Z: [    0.000000] ACPI: RSDP 0x00000000000F68B0 000014 (v00 BOCHS )
[STDERR  ] 2018-07-06T18:02:51.780386534Z: [    0.000000] ACPI: RSDT 0x000000003FFE20A8 000034 (v01 BOCHS  BXPCRSDT 00000001 BXPC 00000001)
[STDERR  ] 2018-07-06T18:02:51.780394253Z: [    0.000000] ACPI: FACP 0x000000003FFE1EC8 0000F4 (v03 BOCHS  BXPCFACP 00000001 BXPC 00000001)
[STDERR  ] 2018-07-06T18:02:51.780401940Z: [    0.000000] ACPI: DSDT 0x000000003FFE0040 001E88 (v01 BOCHS  BXPCDSDT 00000001 BXPC 00000001)
[STDERR  ] 2018-07-06T18:02:51.780409670Z: [    0.000000] ACPI: FACS 0x000000003FFE0000 000040
[STDERR  ] 2018-07-06T18:02:51.780420248Z: [    0.000000] ACPI: APIC 0x000000003FFE1FBC 000078 (v01 BOCHS  BXPCAPIC 00000001 BXPC 00000001)
[STDERR  ] 2018-07-06T18:02:51.780429770Z: [    0.000000] ACPI: HPET 0x000000003FFE2034 000038 (v01 BOCHS  BXPCHPET 00000001 BXPC 00000001)
[STDERR  ] 2018-07-06T18:02:51.780439896Z: [    0.000000] ACPI: MCFG 0x000000003FFE206C 00003C (v01 BOCHS  BXPCMCFG 00000001 BXPC 00000001)
[STDERR  ] 2018-07-06T18:02:51.780447622Z: [    0.000000] Zone ranges:
[STDERR  ] 2018-07-06T18:02:51.780456101Z: [    0.000000]   DMA      [mem 0x0000000000001000-0x0000000000ffffff]
[STDERR  ] 2018-07-06T18:02:51.780463894Z: [    0.000000]   DMA32    [mem 0x0000000001000000-0x000000003ffdefff]
[STDERR  ] 2018-07-06T18:02:51.780472131Z: [    0.000000]   Normal   empty
[STDERR  ] 2018-07-06T18:02:51.780479871Z: [    0.000000]   Device   empty
[STDERR  ] 2018-07-06T18:02:51.780487451Z: [    0.000000] Movable zone start for each node
[STDERR  ] 2018-07-06T18:02:51.780495119Z: [    0.000000] Early memory node ranges
[STDERR  ] 2018-07-06T18:02:51.780502668Z: [    0.000000]   node   0: [mem 0x0000000000001000-0x000000000009efff]
[STDERR  ] 2018-07-06T18:02:51.780510334Z: [    0.000000]   node   0: [mem 0x0000000000100000-0x000000003ffdefff]
[STDERR  ] 2018-07-06T18:02:51.780517946Z: [    0.000000] Initmem setup node 0 [mem 0x0000000000001000-0x000000003ffdefff]
[STDERR  ] 2018-07-06T18:02:51.780525511Z: [    0.000000] ACPI: PM-Timer IO Port: 0x608
[STDERR  ] 2018-07-06T18:02:51.780533433Z: [    0.000000] ACPI: LAPIC_NMI (acpi_id[0xff] dfl dfl lint[0x1])
[STDERR  ] 2018-07-06T18:02:51.780544444Z: [    0.000000] IOAPIC[0]: apic_id 0, version 32, address 0xfec00000, GSI 0-23
[STDERR  ] 2018-07-06T18:02:51.780552101Z: [    0.000000] ACPI: INT_SRC_OVR (bus 0 bus_irq 0 global_irq 2 dfl dfl)
[STDERR  ] 2018-07-06T18:02:51.780559745Z: [    0.000000] ACPI: INT_SRC_OVR (bus 0 bus_irq 5 global_irq 5 high level)
[STDERR  ] 2018-07-06T18:02:51.780567584Z: [    0.000000] ACPI: INT_SRC_OVR (bus 0 bus_irq 9 global_irq 9 high level)
[STDERR  ] 2018-07-06T18:02:51.780576854Z: [    0.000000] ACPI: INT_SRC_OVR (bus 0 bus_irq 10 global_irq 10 high level)
[STDERR  ] 2018-07-06T18:02:51.780584515Z: [    0.000000] ACPI: INT_SRC_OVR (bus 0 bus_irq 11 global_irq 11 high level)
[STDERR  ] 2018-07-06T18:02:51.780592098Z: [    0.000000] Using ACPI (MADT) for SMP configuration information
[STDERR  ] 2018-07-06T18:02:51.780599714Z: [    0.000000] ACPI: HPET id: 0x8086a201 base: 0xfed00000
[STDERR  ] 2018-07-06T18:02:51.780607548Z: [    0.000000] smpboot: Allowing 1 CPUs, 0 hotplug CPUs
[STDERR  ] 2018-07-06T18:02:51.780617315Z: [    0.000000] e820: [mem 0x40000000-0xafffffff] available for PCI devices
[STDERR  ] 2018-07-06T18:02:51.780625100Z: [    0.000000] Booting paravirtualized kernel on bare hardware
[STDERR  ] 2018-07-06T18:02:51.780632759Z: [    0.000000] clocksource: refined-jiffies: mask: 0xffffffff max_cycles: 0xffffffff, max_idle_ns: 19112604462750000 ns
[STDERR  ] 2018-07-06T18:02:51.780643441Z: [    0.000000] random: get_random_bytes called from start_kernel+0x92/0x4c8 with crng_init=0
[STDERR  ] 2018-07-06T18:02:51.780651392Z: [    0.000000] setup_percpu: NR_CPUS:128 nr_cpumask_bits:128 nr_cpu_ids:1 nr_node_ids:1
[STDERR  ] 2018-07-06T18:02:51.780659239Z: [    0.000000] percpu: Embedded 44 pages/cpu @ffff977a7e000000 s143256 r8192 d28776 u2097152
[STDERR  ] 2018-07-06T18:02:51.780666772Z: [    0.000000] Built 1 zonelists, mobility grouping on.  Total pages: 257896
[STDERR  ] 2018-07-06T18:02:51.780674418Z: [    0.000000] Kernel command line: console=ttyS0 console=ttyAMA0
[STDERR  ] 2018-07-06T18:02:51.780682083Z: [    0.000000] PID hash table entries: 4096 (order: 3, 32768 bytes)
[STDERR  ] 2018-07-06T18:02:51.780689833Z: [    0.000000] Dentry cache hash table entries: 131072 (order: 8, 1048576 bytes)
[STDERR  ] 2018-07-06T18:02:51.780697361Z: [    0.000000] Inode-cache hash table entries: 65536 (order: 7, 524288 bytes)
[STDERR  ] 2018-07-06T18:02:51.780705585Z: [    0.000000] Memory: 976264K/1048052K available (12300K kernel code, 1465K rwdata, 2992K rodata, 1512K init, 632K bss, 71788K reserved, 0K cma-reserved)
[STDERR  ] 2018-07-06T18:02:51.780715715Z: [    0.000000] ftrace: allocating 41032 entries in 161 pages
[STDERR  ] 2018-07-06T18:02:51.780723458Z: [    0.000000] Hierarchical RCU implementation.
[STDERR  ] 2018-07-06T18:02:51.780731085Z: [    0.000000] 	RCU restricting CPUs from NR_CPUS=128 to nr_cpu_ids=1.
[STDERR  ] 2018-07-06T18:02:51.780743794Z: [    0.000000] RCU: Adjusting geometry for rcu_fanout_leaf=16, nr_cpu_ids=1
[STDERR  ] 2018-07-06T18:02:51.780751722Z: [    0.000000] NR_IRQS: 8448, nr_irqs: 256, preallocated irqs: 16
[STDERR  ] 2018-07-06T18:02:51.780759933Z: [    0.000000] Console: colour VGA+ 80x25
[STDERR  ] 2018-07-06T18:02:51.780767566Z: [    0.000000] console [ttyS0] enabled
[STDERR  ] 2018-07-06T18:02:51.780775224Z: [    0.000000] clocksource: hpet: mask: 0xffffffff max_cycles: 0xffffffff, max_idle_ns: 19112604467 ns
[STDERR  ] 2018-07-06T18:02:51.780783231Z: [    0.030000] tsc: Unable to calibrate against PIT
[STDERR  ] 2018-07-06T18:02:51.780790864Z: [    0.030000] tsc: using HPET reference calibration
[STDERR  ] 2018-07-06T18:02:51.780798462Z: [    0.030000] tsc: Detected 2599.638 MHz processor
[STDERR  ] 2018-07-06T18:02:51.780806167Z: [    0.030000] Calibrating delay loop (skipped), value calculated using timer frequency.. 5199.27 BogoMIPS (lpj=25996380)
[STDERR  ] 2018-07-06T18:02:51.780815702Z: [    0.030000] pid_max: default: 32768 minimum: 301
[STDERR  ] 2018-07-06T18:02:51.780823230Z: [    0.040496] ACPI: Core revision 20170728
[STDERR  ] 2018-07-06T18:02:51.780836362Z: [    0.068637] ACPI: 1 ACPI AML tables successfully acquired and loaded
[STDERR  ] 2018-07-06T18:02:51.780844365Z: [    0.071107] Security Framework initialized
[STDERR  ] 2018-07-06T18:02:51.780852217Z: [    0.071629] Yama: becoming mindful.
[STDERR  ] 2018-07-06T18:02:51.780859692Z: [    0.074460] Mount-cache hash table entries: 2048 (order: 2, 16384 bytes)
[STDERR  ] 2018-07-06T18:02:51.780869303Z: [    0.074967] Mountpoint-cache hash table entries: 2048 (order: 2, 16384 bytes)
[STDERR  ] 2018-07-06T18:02:51.780877023Z: [    0.094460] Last level iTLB entries: 4KB 0, 2MB 0, 4MB 0
[STDERR  ] 2018-07-06T18:02:51.780884898Z: [    0.094825] Last level dTLB entries: 4KB 0, 2MB 0, 4MB 0, 1GB 0
[STDERR  ] 2018-07-06T18:02:51.780892581Z: [    0.095442] Spectre V2 : Spectre mitigation: LFENCE not serializing, switching to generic retpoline
[STDERR  ] 2018-07-06T18:02:51.780900329Z: [    0.095993] Spectre V2 : Vulnerable: Minimal generic ASM retpoline
[STDERR  ] 2018-07-06T18:02:51.780908184Z: [    0.096414] Spectre V2 : Spectre v2 mitigation: Filling RSB on context switch
[STDERR  ] 2018-07-06T18:02:51.780915715Z: [    0.096884] Speculative Store Bypass: Vulnerable
[STDERR  ] 2018-07-06T18:02:51.780923444Z: [    0.442481] Freeing SMP alternatives memory: 20K
[STDERR  ] 2018-07-06T18:02:51.780931164Z: [    0.464999] smpboot: Max logical packages: 1
[STDERR  ] 2018-07-06T18:02:51.780941610Z: [    0.472875] ..TIMER: vector=0x30 apic1=0 pin1=2 apic2=-1 pin2=-1
[STDERR  ] 2018-07-06T18:02:51.780949652Z: [    0.580000] smpboot: CPU0: AMD QEMU Virtual CPU version 2.5+ (family: 0x6, model: 0x6, stepping: 0x3)
[STDERR  ] 2018-07-06T18:02:51.780957475Z: [    0.580000] Performance Events: PMU not available due to virtualization, using software events only.
[STDERR  ] 2018-07-06T18:02:51.780965436Z: [    0.581553] Hierarchical SRCU implementation.
[STDERR  ] 2018-07-06T18:02:51.780973121Z: [    0.587269] NMI watchdog: Perf event create on CPU 0 failed with -2
[STDERR  ] 2018-07-06T18:02:51.780980804Z: [    0.587778] NMI watchdog: Perf NMI watchdog permanently disabled
[STDERR  ] 2018-07-06T18:02:51.780988517Z: [    0.591110] smp: Bringing up secondary CPUs ...
[STDERR  ] 2018-07-06T18:02:51.780996168Z: [    0.591479] smp: Brought up 1 node, 1 CPU
[STDERR  ] 2018-07-06T18:02:51.781003864Z: [    0.591846] smpboot: Total of 1 processors activated (5199.27 BogoMIPS)
[STDERR  ] 2018-07-06T18:02:51.781011565Z: [    0.608312] devtmpfs: initialized
[STDERR  ] 2018-07-06T18:02:51.781022469Z: [    0.613969] x86/mm: Memory block size: 128MB
[STDERR  ] 2018-07-06T18:02:51.781030176Z: [    0.620871] evm: security.ima
[STDERR  ] 2018-07-06T18:02:51.781038230Z: [    0.621095] evm: security.capability
[STDERR  ] 2018-07-06T18:02:51.781045695Z: [    0.624214] clocksource: jiffies: mask: 0xffffffff max_cycles: 0xffffffff, max_idle_ns: 19112604462750000 ns
[STDERR  ] 2018-07-06T18:02:51.781053507Z: [    0.624987] futex hash table entries: 256 (order: 2, 16384 bytes)
[STDERR  ] 2018-07-06T18:02:51.781061310Z: [    0.635458] NET: Registered protocol family 16
[STDERR  ] 2018-07-06T18:02:51.781069257Z: [    0.642893] cpuidle: using governor ladder
[STDERR  ] 2018-07-06T18:02:51.781077105Z: [    0.643289] cpuidle: using governor menu
[STDERR  ] 2018-07-06T18:02:51.781084758Z: [    0.644892] ACPI: bus type PCI registered
[STDERR  ] 2018-07-06T18:02:51.781095002Z: [    0.647440] PCI: MMCONFIG for domain 0000 [bus 00-ff] at [mem 0xb0000000-0xbfffffff] (base 0xb0000000)
[STDERR  ] 2018-07-06T18:02:51.781102787Z: [    0.648165] PCI: MMCONFIG at [mem 0xb0000000-0xbfffffff] reserved in E820
[STDERR  ] 2018-07-06T18:02:51.781110498Z: [    0.649134] PCI: Using configuration type 1 for base access
[STDERR  ] 2018-07-06T18:02:51.781118193Z: [    0.692947] HugeTLB registered 2.00 MiB page size, pre-allocated 0 pages
[STDERR  ] 2018-07-06T18:02:51.781127744Z: [    0.704530] ACPI: Added _OSI(Module Device)
[STDERR  ] 2018-07-06T18:02:51.781135662Z: [    0.704779] ACPI: Added _OSI(Processor Device)
[STDERR  ] 2018-07-06T18:02:51.781143216Z: [    0.705173] ACPI: Added _OSI(3.0 _SCP Extensions)
[STDERR  ] 2018-07-06T18:02:51.781153707Z: [    0.705409] ACPI: Added _OSI(Processor Aggregator Device)
[STDERR  ] 2018-07-06T18:02:51.781163589Z: [    0.761515] ACPI: Interpreter enabled
[STDERR  ] 2018-07-06T18:02:51.781171359Z: [    0.762384] ACPI: (supports S0 S5)
[STDERR  ] 2018-07-06T18:02:51.781178970Z: [    0.762666] ACPI: Using IOAPIC for interrupt routing
[STDERR  ] 2018-07-06T18:02:51.781186589Z: [    0.764922] PCI: Using host bridge windows from ACPI; if necessary, use "pci=nocrs" and report a bug
[STDERR  ] 2018-07-06T18:02:51.781196591Z: [    0.768657] ACPI: Enabled 1 GPEs in block 00 to 3F
[STDERR  ] 2018-07-06T18:02:51.781204369Z: [    0.823987] ACPI: PCI Root Bridge [PCI0] (domain 0000 [bus 00-ff])
[STDERR  ] 2018-07-06T18:02:51.781211997Z: [    0.825032] acpi PNP0A08:00: _OSC: OS supports [ExtendedConfig ASPM ClockPM Segments MSI]
[STDERR  ] 2018-07-06T18:02:51.781219771Z: [    0.829442] acpi PNP0A08:00: _OSC: OS now controls [PCIeHotplug PME PCIeCapability]
[STDERR  ] 2018-07-06T18:02:51.781227480Z: [    0.834443] PCI host bridge to bus 0000:00
[STDERR  ] 2018-07-06T18:02:51.781235204Z: [    0.834867] pci_bus 0000:00: root bus resource [io  0x0000-0x0cf7 window]
[STDERR  ] 2018-07-06T18:02:51.781246550Z: [    0.835262] pci_bus 0000:00: root bus resource [io  0x0d00-0xffff window]
[STDERR  ] 2018-07-06T18:02:51.781260980Z: [    0.835737] pci_bus 0000:00: root bus resource [mem 0x000a0000-0x000bffff window]
[STDERR  ] 2018-07-06T18:02:51.781274894Z: [    0.836268] pci_bus 0000:00: root bus resource [mem 0xc0000000-0xfebfffff window]
[STDERR  ] 2018-07-06T18:02:51.781284792Z: [    0.836793] pci_bus 0000:00: root bus resource [bus 00-ff]
[STDERR  ] 2018-07-06T18:02:51.781292540Z: [    1.020402] pci 0000:00:1f.0: quirk: [io  0x0600-0x067f] claimed by ICH6 ACPI/GPIO/TCO
[STDERR  ] 2018-07-06T18:02:51.781300341Z: [    1.111430] ACPI: PCI Interrupt Link [LNKA] (IRQs 5 *10 11)
[STDERR  ] 2018-07-06T18:02:51.781308482Z: [    1.113226] ACPI: PCI Interrupt Link [LNKB] (IRQs 5 *10 11)
[STDERR  ] 2018-07-06T18:02:51.781316277Z: [    1.114914] ACPI: PCI Interrupt Link [LNKC] (IRQs 5 10 *11)
[STDERR  ] 2018-07-06T18:02:51.781323724Z: [    1.116519] ACPI: PCI Interrupt Link [LNKD] (IRQs 5 10 *11)
[STDERR  ] 2018-07-06T18:02:51.781331408Z: [    1.117756] ACPI: PCI Interrupt Link [LNKE] (IRQs 5 *10 11)
[STDERR  ] 2018-07-06T18:02:51.781344656Z: [    1.118999] ACPI: PCI Interrupt Link [LNKF] (IRQs 5 *10 11)
[STDERR  ] 2018-07-06T18:02:51.781352491Z: [    1.121039] ACPI: PCI Interrupt Link [LNKG] (IRQs 5 10 *11)
[STDERR  ] 2018-07-06T18:02:51.781360243Z: [    1.122275] ACPI: PCI Interrupt Link [LNKH] (IRQs 5 10 *11)
[STDERR  ] 2018-07-06T18:02:51.781367966Z: [    1.123021] ACPI: PCI Interrupt Link [GSIA] (IRQs *16)
[STDERR  ] 2018-07-06T18:02:51.781383638Z: [    1.123613] ACPI: PCI Interrupt Link [GSIB] (IRQs *17)
[STDERR  ] 2018-07-06T18:02:51.781391828Z: [    1.124164] ACPI: PCI Interrupt Link [GSIC] (IRQs *18)
[STDERR  ] 2018-07-06T18:02:51.781399601Z: [    1.124699] ACPI: PCI Interrupt Link [GSID] (IRQs *19)
[STDERR  ] 2018-07-06T18:02:51.781407675Z: [    1.125238] ACPI: PCI Interrupt Link [GSIE] (IRQs *20)
[STDERR  ] 2018-07-06T18:02:51.781415376Z: [    1.125780] ACPI: PCI Interrupt Link [GSIF] (IRQs *21)
[STDERR  ] 2018-07-06T18:02:51.781423321Z: [    1.126299] ACPI: PCI Interrupt Link [GSIG] (IRQs *22)
[STDERR  ] 2018-07-06T18:02:51.781430829Z: [    1.126837] ACPI: PCI Interrupt Link [GSIH] (IRQs *23)
[STDERR  ] 2018-07-06T18:02:51.781438609Z: [    1.133674] SCSI subsystem initialized
[STDERR  ] 2018-07-06T18:02:51.781446210Z: [    1.135933] ACPI: bus type USB registered
[STDERR  ] 2018-07-06T18:02:51.781453961Z: [    1.136892] usbcore: registered new interface driver usbfs
[STDERR  ] 2018-07-06T18:02:51.781461727Z: [    1.137701] usbcore: registered new interface driver hub
[STDERR  ] 2018-07-06T18:02:51.781469314Z: [    1.138594] usbcore: registered new device driver usb
[STDERR  ] 2018-07-06T18:02:51.781476985Z: [    1.139497] pps_core: LinuxPPS API ver. 1 registered
[STDERR  ] 2018-07-06T18:02:51.781488092Z: [    1.139767] pps_core: Software ver. 5.3.6 - Copyright 2005-2007 Rodolfo Giometti <giometti@linux.it>
[STDERR  ] 2018-07-06T18:02:51.781495842Z: [    1.140380] PTP clock support registered
[STDERR  ] 2018-07-06T18:02:51.781503556Z: [    1.142432] PCI: Using ACPI for IRQ routing
[STDERR  ] 2018-07-06T18:02:51.781511207Z: [    1.159614] NetLabel: Initializing
[STDERR  ] 2018-07-06T18:02:51.781518984Z: [    1.159849] NetLabel:  domain hash size = 128
[STDERR  ] 2018-07-06T18:02:51.781526886Z: [    1.160100] NetLabel:  protocols = UNLABELED CIPSOv4 CALIPSO
[STDERR  ] 2018-07-06T18:02:51.781536830Z: [    1.162954] NetLabel:  unlabeled traffic allowed by default
[STDERR  ] 2018-07-06T18:02:51.781544544Z: [    1.164718] HPET: 3 timers in total, 0 timers will be used for per-cpu timer
[STDERR  ] 2018-07-06T18:02:51.781552236Z: [    1.165565] hpet0: at MMIO 0xfed00000, IRQs 2, 8, 0
[STDERR  ] 2018-07-06T18:02:51.781560010Z: [    1.165986] hpet0: 3 comparators, 64-bit 100.000000 MHz counter
[STDERR  ] 2018-07-06T18:02:51.781567783Z: [    1.171674] clocksource: Switched to clocksource hpet
[STDERR  ] 2018-07-06T18:02:51.781575526Z: [    1.369771] VFS: Disk quotas dquot_6.6.0
[STDERR  ] 2018-07-06T18:02:51.781583662Z: [    1.370733] VFS: Dquot-cache hash table entries: 512 (order 0, 4096 bytes)
[STDERR  ] 2018-07-06T18:02:51.781594911Z: [    1.374225] FS-Cache: Loaded
[STDERR  ] 2018-07-06T18:02:51.781603364Z: [    1.381242] CacheFiles: Loaded
[STDERR  ] 2018-07-06T18:02:51.782220870Z: [    1.382394] pnp: PnP ACPI init
[STDERR  ] 2018-07-06T18:02:51.782259702Z: [    1.392141] pnp: PnP ACPI: found 5 devices
[STDERR  ] 2018-07-06T18:02:51.782291344Z: [    1.427033] clocksource: acpi_pm: mask: 0xffffff max_cycles: 0xffffff, max_idle_ns: 2085701024 ns
[STDERR  ] 2018-07-06T18:02:51.782331733Z: [    1.430528] NET: Registered protocol family 2
[STDERR  ] 2018-07-06T18:02:51.782359965Z: [    1.438020] TCP established hash table entries: 8192 (order: 4, 65536 bytes)
[STDERR  ] 2018-07-06T18:02:51.782385535Z: [    1.438723] TCP bind hash table entries: 8192 (order: 5, 131072 bytes)
[STDERR  ] 2018-07-06T18:02:51.782421462Z: [    1.439822] TCP: Hash tables configured (established 8192 bind 8192)
[STDERR  ] 2018-07-06T18:02:51.782445757Z: [    1.442067] UDP hash table entries: 512 (order: 2, 16384 bytes)
[STDERR  ] 2018-07-06T18:02:51.782471240Z: [    1.442538] UDP-Lite hash table entries: 512 (order: 2, 16384 bytes)
[STDERR  ] 2018-07-06T18:02:51.782507641Z: [    1.444977] NET: Registered protocol family 1
[STDERR  ] 2018-07-06T18:02:51.782534990Z: [    1.446065] pci 0000:00:01.0: Video device with shadowed ROM at [mem 0x000c0000-0x000dffff]
[STDERR  ] 2018-07-06T18:02:51.782571557Z: [    1.452159] Trying to unpack rootfs image as initramfs...
[STDERR  ] 2018-07-06T18:02:51.782597172Z: [    4.988290] Freeing initrd memory: 28536K
[STDERR  ] 2018-07-06T18:02:51.782625498Z: [    5.011835] PCLMULQDQ-NI instructions are not detected.
[STDERR  ] 2018-07-06T18:02:51.782659250Z: [    5.013143] AVX or AES-NI instructions are not detected.
[STDERR  ] 2018-07-06T18:02:51.782682546Z: [    5.013709] CPU feature 'AVX registers' is not supported.
[STDERR  ] 2018-07-06T18:02:51.782705692Z: [    5.014109] CPU feature 'AVX registers' is not supported.
[STDERR  ] 2018-07-06T18:02:51.782746677Z: [    5.014450] CPU feature 'AVX registers' is not supported.
[STDERR  ] 2018-07-06T18:02:51.782770880Z: [    5.014799] CPU feature 'AVX registers' is not supported.
[STDERR  ] 2018-07-06T18:02:51.782798991Z: [    5.015167] AVX2 or AES-NI instructions are not detected.
[STDERR  ] 2018-07-06T18:02:51.782833072Z: [    5.015488] AVX2 instructions are not detected.
[STDERR  ] 2018-07-06T18:02:51.782857078Z: [    5.019704] audit: initializing netlink subsys (disabled)
[STDERR  ] 2018-07-06T18:02:51.782891143Z: [    5.026266] audit: type=2000 audit(1530900148.020:1): state=initialized audit_enabled=0 res=1
[STDERR  ] 2018-07-06T18:02:51.782916443Z: [    5.027601] workingset: timestamp_bits=46 max_order=18 bucket_order=0
[STDERR  ] 2018-07-06T18:02:51.782950998Z: [    5.032541] squashfs: version 4.0 (2009/01/31) Phillip Lougher
[STDERR  ] 2018-07-06T18:02:51.782988200Z: [    5.035602] FS-Cache: Netfs 'cifs' registered for caching
[STDERR  ] 2018-07-06T18:02:51.783012199Z: [    5.036563] fuse init (API version 7.26)
[STDERR  ] 2018-07-06T18:02:51.783049698Z: [    5.038710] SGI XFS with ACLs, security attributes, no debug enabled
[STDERR  ] 2018-07-06T18:02:51.783076782Z: [    5.042606] 9p: Installing v9fs 9p2000 file system support
[STDERR  ] 2018-07-06T18:02:51.783105260Z: [    5.043111] FS-Cache: Netfs '9p' registered for caching
[STDERR  ] 2018-07-06T18:02:51.783140346Z: [    5.074589] NET: Registered protocol family 38
[STDERR  ] 2018-07-06T18:02:51.783167926Z: [    5.075138] Key type asymmetric registered
[STDERR  ] 2018-07-06T18:02:51.783193247Z: [    5.075590] Asymmetric key parser 'x509' registered
[STDERR  ] 2018-07-06T18:02:51.783230086Z: [    5.076488] Block layer SCSI generic (bsg) driver version 0.4 loaded (major 247)
[STDERR  ] 2018-07-06T18:02:51.783260931Z: [    5.078284] io scheduler noop registered
[STDERR  ] 2018-07-06T18:02:51.783303561Z: [    5.078482] io scheduler deadline registered (default)
[STDERR  ] 2018-07-06T18:02:51.783328955Z: [    5.079357] io scheduler cfq registered
[STDERR  ] 2018-07-06T18:02:51.783352654Z: [    5.079626] io scheduler mq-deadline registered
[STDERR  ] 2018-07-06T18:02:51.783395133Z: [    5.079879] io scheduler kyber registered
[STDERR  ] 2018-07-06T18:02:51.783421581Z: [    5.083758] shpchp: Standard Hot Plug PCI Controller Driver version: 0.4
[STDERR  ] 2018-07-06T18:02:51.783448446Z: [    5.084662] hv_vmbus: registering driver hyperv_fb
[STDERR  ] 2018-07-06T18:02:51.783488352Z: [    5.087494] input: Power Button as /devices/LNXSYSTM:00/LNXPWRBN:00/input/input0
[STDERR  ] 2018-07-06T18:02:51.783512926Z: [    5.091955] ACPI: Power Button [PWRF]
[STDERR  ] 2018-07-06T18:02:51.783548570Z: [    5.105014] ACPI: PCI Interrupt Link [GSIG] enabled at IRQ 22
[STDERR  ] 2018-07-06T18:02:51.783573206Z: [    5.117382] ACPI: PCI Interrupt Link [GSIH] enabled at IRQ 23
[STDERR  ] 2018-07-06T18:02:51.783597731Z: [    5.124052] Serial: 8250/16550 driver, 4 ports, IRQ sharing disabled
[STDERR  ] 2018-07-06T18:02:51.783633069Z: [    5.148522] 00:04: ttyS0 at I/O 0x3f8 (irq = 4, base_baud = 115200) is a 16550A
[STDERR  ] 2018-07-06T18:02:51.783656631Z: [    5.158698] Non-volatile memory driver v1.3
[STDERR  ] 2018-07-06T18:02:51.783685038Z: [    5.165610] Hangcheck: starting hangcheck timer 0.9.1 (tick is 180 seconds, margin is 60 seconds).
[STDERR  ] 2018-07-06T18:02:51.783722069Z: [    5.180347] random: fast init done
[STDERR  ] 2018-07-06T18:02:51.783754476Z: [    5.181746] random: crng init done
[STDERR  ] 2018-07-06T18:02:51.783777501Z: [    5.223862] brd: module loaded
[STDERR  ] 2018-07-06T18:02:51.783811139Z: [    5.251345] loop: module loaded
[STDERR  ] 2018-07-06T18:02:51.783852499Z: [    5.301861] lpc_ich 0000:00:1f.0: I/O space for GPIO uninitialized
[STDERR  ] 2018-07-06T18:02:51.783888714Z: [    5.304177] VMware PVSCSI driver - version 1.0.7.0-k
[STDERR  ] 2018-07-06T18:02:51.783916099Z: [    5.304884] hv_vmbus: registering driver hv_storvsc
[STDERR  ] 2018-07-06T18:02:51.783940846Z: [    5.311588] ACPI: PCI Interrupt Link [GSIA] enabled at IRQ 16
[STDERR  ] 2018-07-06T18:02:51.783975623Z: [    5.319764] ahci 0000:00:1f.2: AHCI 0001.0000 32 slots 6 ports 1.5 Gbps 0x3f impl SATA mode
[STDERR  ] 2018-07-06T18:02:51.784001913Z: [    5.320700] ahci 0000:00:1f.2: flags: 64bit ncq only 
[STDERR  ] 2018-07-06T18:02:51.784025863Z: [    5.336151] scsi host0: ahci
[STDERR  ] 2018-07-06T18:02:51.784060670Z: [    5.339970] scsi host1: ahci
[STDERR  ] 2018-07-06T18:02:51.784085238Z: [    5.342187] scsi host2: ahci
[STDERR  ] 2018-07-06T18:02:51.784120507Z: [    5.343623] scsi host3: ahci
[STDERR  ] 2018-07-06T18:02:51.784145202Z: [    5.345080] scsi host4: ahci
[STDERR  ] 2018-07-06T18:02:51.784170538Z: [    5.346447] scsi host5: ahci
[STDERR  ] 2018-07-06T18:02:51.784204321Z: [    5.347697] ata1: SATA max UDMA/133 abar m4096@0xfebd2000 port 0xfebd2100 irq 24
[STDERR  ] 2018-07-06T18:02:51.784238067Z: [    5.348143] ata2: SATA max UDMA/133 abar m4096@0xfebd2000 port 0xfebd2180 irq 24
[STDERR  ] 2018-07-06T18:02:51.784263647Z: [    5.348498] ata3: SATA max UDMA/133 abar m4096@0xfebd2000 port 0xfebd2200 irq 24
[STDERR  ] 2018-07-06T18:02:51.784298471Z: [    5.348824] ata4: SATA max UDMA/133 abar m4096@0xfebd2000 port 0xfebd2280 irq 24
[STDERR  ] 2018-07-06T18:02:51.784324105Z: [    5.349159] ata5: SATA max UDMA/133 abar m4096@0xfebd2000 port 0xfebd2300 irq 24
[STDERR  ] 2018-07-06T18:02:51.784359177Z: [    5.349464] ata6: SATA max UDMA/133 abar m4096@0xfebd2000 port 0xfebd2380 irq 24
[STDERR  ] 2018-07-06T18:02:51.784387190Z: [    5.359638] tun: Universal TUN/TAP device driver, 1.6
[STDERR  ] 2018-07-06T18:02:51.784412806Z: [    5.370011] VMware vmxnet3 virtual NIC driver - version 1.4.a.0-k-NAPI
[STDERR  ] 2018-07-06T18:02:51.784450346Z: [    5.371410] hv_vmbus: registering driver hv_netvsc
[STDERR  ] 2018-07-06T18:02:51.784475605Z: [    5.371787] Fusion MPT base driver 3.04.20
[STDERR  ] 2018-07-06T18:02:51.784500541Z: [    5.371924] Copyright (c) 1999-2008 LSI Corporation
[STDERR  ] 2018-07-06T18:02:51.784534498Z: [    5.372445] Fusion MPT SPI Host driver 3.04.20
[STDERR  ] 2018-07-06T18:02:51.784562547Z: [    5.374171] i8042: PNP: PS/2 Controller [PNP0303:KBD,PNP0f13:MOU] at 0x60,0x64 irq 1,12
[STDERR  ] 2018-07-06T18:02:51.784592736Z: [    5.378847] serio: i8042 KBD port at 0x60,0x64 irq 1
[STDERR  ] 2018-07-06T18:02:51.784628819Z: [    5.379532] serio: i8042 AUX port at 0x60,0x64 irq 12
[STDERR  ] 2018-07-06T18:02:51.784658565Z: [    5.382133] hv_vmbus: registering driver hyperv_keyboard
[STDERR  ] 2018-07-06T18:02:51.784691955Z: [    5.383986] mousedev: PS/2 mouse device common for all mice
[STDERR  ] 2018-07-06T18:02:51.784719978Z: [    5.388560] input: AT Translated Set 2 keyboard as /devices/platform/i8042/serio0/input/input1
[STDERR  ] 2018-07-06T18:02:51.784753820Z: [    5.391262] input: PC Speaker as /devices/platform/pcspkr/input/input2
[STDERR  ] 2018-07-06T18:02:51.784789768Z: [    5.394961] rtc_cmos 00:00: RTC can wake from S4
[STDERR  ] 2018-07-06T18:02:51.784813962Z: [    5.398297] rtc_cmos 00:00: rtc core: registered rtc_cmos as rtc0
[STDERR  ] 2018-07-06T18:02:51.784849050Z: [    5.399580] rtc_cmos 00:00: alarms up to one day, y3k, 114 bytes nvram, hpet irqs
[STDERR  ] 2018-07-06T18:02:51.784874414Z: [    5.400543] i2c /dev entries driver
[STDERR  ] 2018-07-06T18:02:51.784899731Z: [    5.402532] device-mapper: ioctl: 4.37.0-ioctl (2017-09-20) initialised: dm-devel@redhat.com
[STDERR  ] 2018-07-06T18:02:51.784935521Z: [    5.406334] usbcore: registered new interface driver usbhid
[STDERR  ] 2018-07-06T18:02:51.784963815Z: [    5.406675] usbhid: USB HID core driver
[STDERR  ] 2018-07-06T18:02:51.784988307Z: [    5.407384] hv_utils: Registering HyperV Utility Driver
[STDERR  ] 2018-07-06T18:02:51.785021086Z: [    5.407682] hv_vmbus: registering driver hv_util
[STDERR  ] 2018-07-06T18:02:51.785052617Z: [    5.407934] hv_vmbus: registering driver hv_balloon
[STDERR  ] 2018-07-06T18:02:51.785077365Z: [    5.408475] oprofile: using NMI interrupt.
[STDERR  ] 2018-07-06T18:02:51.785112666Z: [    5.409619] GACT probability on
[STDERR  ] 2018-07-06T18:02:51.785136115Z: [    5.410434] Mirror/redirect action on
[STDERR  ] 2018-07-06T18:02:51.785160870Z: [    5.411153] Simple TC action Loaded
[STDERR  ] 2018-07-06T18:02:51.785195524Z: [    5.411650] u32 classifier
[STDERR  ] 2018-07-06T18:02:51.785220106Z: [    5.411797]     Performance counters on
[STDERR  ] 2018-07-06T18:02:51.785269588Z: [    5.411972]     input device check on
[STDERR  ] 2018-07-06T18:02:51.785294271Z: [    5.412162]     Actions configured
[STDERR  ] 2018-07-06T18:02:51.785318785Z: [    5.412818] Netfilter messages via NETLINK v0.30.
[STDERR  ] 2018-07-06T18:02:51.785353962Z: [    5.413341] nfnl_acct: registering with nfnetlink.
[STDERR  ] 2018-07-06T18:02:51.785384359Z: [    5.414644] nf_conntrack version 0.5.0 (8192 buckets, 32768 max)
[STDERR  ] 2018-07-06T18:02:51.785426262Z: [    5.417019] ctnetlink v0.93: registering with nfnetlink.
[STDERR  ] 2018-07-06T18:02:51.785452909Z: [    5.419914] nf_tables: (c) 2007-2009 Patrick McHardy <kaber@trash.net>
[STDERR  ] 2018-07-06T18:02:51.785477975Z: [    5.421333] nf_tables_compat: (c) 2012 Pablo Neira Ayuso <pablo@netfilter.org>
[STDERR  ] 2018-07-06T18:02:51.785514344Z: [    5.423899] xt_time: kernel timezone is -0000
[STDERR  ] 2018-07-06T18:02:51.785538378Z: [    5.424321] ip_set: protocol 6
[STDERR  ] 2018-07-06T18:02:51.785564800Z: [    5.425156] IPVS: Registered protocols (TCP, UDP, SCTP, AH, ESP)
[STDERR  ] 2018-07-06T18:02:51.785597868Z: [    5.425609] IPVS: Connection hash table configured (size=4096, memory=64Kbytes)
[STDERR  ] 2018-07-06T18:02:51.785642617Z: [    5.429453] IPVS: ipvs loaded.
[STDERR  ] 2018-07-06T18:02:51.785678434Z: [    5.429849] IPVS: [rr] scheduler registered.
[STDERR  ] 2018-07-06T18:02:51.785705785Z: [    5.430396] IPVS: [wrr] scheduler registered.
[STDERR  ] 2018-07-06T18:02:51.785729099Z: [    5.430903] IPVS: [lc] scheduler registered.
[STDERR  ] 2018-07-06T18:02:51.785779132Z: [    5.431148] IPVS: [wlc] scheduler registered.
[STDERR  ] 2018-07-06T18:02:51.785807624Z: [    5.431375] IPVS: [fo] scheduler registered.
[STDERR  ] 2018-07-06T18:02:51.785842070Z: [    5.431599] IPVS: [ovf] scheduler registered.
[STDERR  ] 2018-07-06T18:02:51.785871846Z: [    5.432004] IPVS: [lblc] scheduler registered.
[STDERR  ] 2018-07-06T18:02:51.785919944Z: [    5.432380] IPVS: [lblcr] scheduler registered.
[STDERR  ] 2018-07-06T18:02:51.785950326Z: [    5.432629] IPVS: [dh] scheduler registered.
[STDERR  ] 2018-07-06T18:02:51.785976092Z: [    5.432846] IPVS: [sh] scheduler registered.
[STDERR  ] 2018-07-06T18:02:51.786014631Z: [    5.433066] IPVS: [sed] scheduler registered.
[STDERR  ] 2018-07-06T18:02:51.786039104Z: [    5.433272] IPVS: [nq] scheduler registered.
[STDERR  ] 2018-07-06T18:02:51.786063160Z: [    5.433941] IPVS: ftp: loaded support on port[0] = 21
[STDERR  ] 2018-07-06T18:02:51.786102969Z: [    5.434703] ipip: IPv4 and MPLS over IPv4 tunneling driver
[STDERR  ] 2018-07-06T18:02:51.786127697Z: [    5.437960] gre: GRE over IPv4 demultiplexor driver
[STDERR  ] 2018-07-06T18:02:51.786151909Z: [    5.441457] ip_tables: (C) 2000-2006 Netfilter Core Team
[STDERR  ] 2018-07-06T18:02:51.786201834Z: [    5.445684] ipt_CLUSTERIP: ClusterIP Version 0.8 loaded successfully
[STDERR  ] 2018-07-06T18:02:51.786228403Z: [    5.446359] arp_tables: arp_tables: (C) 2002 David S. Miller
[STDERR  ] 2018-07-06T18:02:51.786254693Z: [    5.448621] NET: Registered protocol family 10
[STDOUT  ] 2018-07-06T18:02:51.786209557Z: [    0.000000] Linux version 4.14.53-linuxkit (root@bd72a9eaf0e9) (gcc version 6.4.0 (Alpine 6.4.0)) #1 SMP Tue Jul 3 13:29:41 UTC 2018
[STDOUT  ] 2018-07-06T18:02:51.786276313Z: [    0.000000] Command line: console=ttyS0 console=ttyAMA0
[STDOUT  ] 2018-07-06T18:02:51.786288115Z: [    0.000000] x86/fpu: x87 FPU will use FXSAVE
[STDOUT  ] 2018-07-06T18:02:51.786300593Z: [    0.000000] e820: BIOS-provided physical RAM map:
[STDERR  ] 2018-07-06T18:02:51.786294521Z: [    5.458544] Segment Routing with IPv6
[STDOUT  ] 2018-07-06T18:02:51.786311357Z: [    0.000000] BIOS-e820: [mem 0x0000000000000000-0x000000000009fbff] usable
[STDOUT  ] 2018-07-06T18:02:51.786323662Z: [    0.000000] BIOS-e820: [mem 0x000000000009fc00-0x000000000009ffff] reserved
[STDOUT  ] 2018-07-06T18:02:51.786333132Z: [    0.000000] BIOS-e820: [mem 0x00000000000f0000-0x00000000000fffff] reserved
[STDOUT  ] 2018-07-06T18:02:51.786342279Z: [    0.000000] BIOS-e820: [mem 0x0000000000100000-0x000000003ffdefff] usable
[STDOUT  ] 2018-07-06T18:02:51.786351982Z: [    0.000000] BIOS-e820: [mem 0x000000003ffdf000-0x000000003fffffff] reserved
[STDOUT  ] 2018-07-06T18:02:51.786360523Z: [    0.000000] BIOS-e820: [mem 0x00000000b0000000-0x00000000bfffffff] reserved
[STDOUT  ] 2018-07-06T18:02:51.786368874Z: [    0.000000] BIOS-e820: [mem 0x00000000fed1c000-0x00000000fed1ffff] reserved
[STDOUT  ] 2018-07-06T18:02:51.786384490Z: [    0.000000] BIOS-e820: [mem 0x00000000fffc0000-0x00000000ffffffff] reserved
[STDERR  ] 2018-07-06T18:02:51.786321655Z: [    5.459380] ip6_tables: (C) 2000-2006 Netfilter Core Team
[STDERR  ] 2018-07-06T18:02:51.786392652Z: [    5.467503] NET: Registered protocol family 17
[STDERR  ] 2018-07-06T18:02:51.786419669Z: [    5.468534] Bridge firewalling registered
[STDERR  ] 2018-07-06T18:02:51.786444040Z: [    5.469053] Ebtables v2.0 registered
[STDOUT  ] 2018-07-06T18:02:51.786393761Z: [    0.000000] NX (Execute Disable) protection: active
[STDOUT  ] 2018-07-06T18:02:51.786471427Z: [    0.000000] SMBIOS 2.8 present.
[STDOUT  ] 2018-07-06T18:02:51.786480648Z: [    0.000000] DMI: QEMU Standard PC (Q35 + ICH9, 2009), BIOS rel-1.10.2-0-g5f4c7b1-prebuilt.qemu-project.org 04/01/2014
[STDERR  ] 2018-07-06T18:02:51.786469176Z: [    5.472314] 8021q: 802.1Q VLAN Support v1.8
[STDOUT  ] 2018-07-06T18:02:51.786493288Z: [    0.000000] tsc: Fast TSC calibration using PIT
[STDOUT  ] 2018-07-06T18:02:51.786502579Z: [    0.000000] e820: last_pfn = 0x3ffdf max_arch_pfn = 0x400000000
[STDERR  ] 2018-07-06T18:02:51.786495794Z: [    5.473945] 9pnet: Installing 9P2000 support
[STDOUT  ] 2018-07-06T18:02:51.786511735Z: [    0.000000] x86/PAT: Configuration [0-7]: WB  WC  UC- UC  WB  WP  UC- WT  
[STDOUT  ] 2018-07-06T18:02:51.786541204Z: [    0.000000] found SMP MP-table at [mem 0x000f6aa0-0x000f6aaf] mapped at [ffffffffff200aa0]
[STDOUT  ] 2018-07-06T18:02:51.786554744Z: [    0.000000] RAMDISK: [mem 0x3e3f2000-0x3ffcffff]
[STDOUT  ] 2018-07-06T18:02:51.786563835Z: [    0.000000] ACPI: Early table checksum verification disabled
[STDOUT  ] 2018-07-06T18:02:51.786572419Z: [    0.000000] ACPI: RSDP 0x00000000000F68B0 000014 (v00 BOCHS )
[STDOUT  ] 2018-07-06T18:02:51.786581178Z: [    0.000000] ACPI: RSDT 0x000000003FFE20A8 000034 (v01 BOCHS  BXPCRSDT 00000001 BXPC 00000001)
[STDOUT  ] 2018-07-06T18:02:51.786589875Z: [    0.000000] ACPI: FACP 0x000000003FFE1EC8 0000F4 (v03 BOCHS  BXPCFACP 00000001 BXPC 00000001)
[STDOUT  ] 2018-07-06T18:02:51.786598400Z: [    0.000000] ACPI: DSDT 0x000000003FFE0040 001E88 (v01 BOCHS  BXPCDSDT 00000001 BXPC 00000001)
[STDOUT  ] 2018-07-06T18:02:51.786607002Z: [    0.000000] ACPI: FACS 0x000000003FFE0000 000040
[STDOUT  ] 2018-07-06T18:02:51.786615762Z: [    0.000000] ACPI: APIC 0x000000003FFE1FBC 000078 (v01 BOCHS  BXPCAPIC 00000001 BXPC 00000001)
[STDERR  ] 2018-07-06T18:02:51.786532060Z: [    5.475676] Key type dns_resolver registered
[STDOUT  ] 2018-07-06T18:02:51.786624481Z: [    0.000000] ACPI: HPET 0x000000003FFE2034 000038 (v01 BOCHS  BXPCHPET 00000001 BXPC 00000001)
[STDOUT  ] 2018-07-06T18:02:51.786716643Z: [    0.000000] ACPI: MCFG 0x000000003FFE206C 00003C (v01 BOCHS  BXPCMCFG 00000001 BXPC 00000001)
[STDOUT  ] 2018-07-06T18:02:51.786726063Z: [    0.000000] Zone ranges:
[STDOUT  ] 2018-07-06T18:02:51.786734810Z: [    0.000000]   DMA      [mem 0x0000000000001000-0x0000000000ffffff]
[STDOUT  ] 2018-07-06T18:02:51.786837909Z: [    0.000000]   DMA32    [mem 0x0000000001000000-0x000000003ffdefff]
[STDOUT  ] 2018-07-06T18:02:51.786847423Z: [    0.000000]   Normal   empty
[STDOUT  ] 2018-07-06T18:02:51.786857079Z: [    0.000000]   Device   empty
[STDOUT  ] 2018-07-06T18:02:51.786866216Z: [    0.000000] Movable zone start for each node
[STDOUT  ] 2018-07-06T18:02:51.786876181Z: [    0.000000] Early memory node ranges
[STDOUT  ] 2018-07-06T18:02:51.786885154Z: [    0.000000]   node   0: [mem 0x0000000000001000-0x000000000009efff]
[STDOUT  ] 2018-07-06T18:02:51.786893849Z: [    0.000000]   node   0: [mem 0x0000000000100000-0x000000003ffdefff]
[STDOUT  ] 2018-07-06T18:02:51.786902249Z: [    0.000000] Initmem setup node 0 [mem 0x0000000000001000-0x000000003ffdefff]
[STDOUT  ] 2018-07-06T18:02:51.786911273Z: [    0.000000] ACPI: PM-Timer IO Port: 0x608
[STDOUT  ] 2018-07-06T18:02:51.786920359Z: [    0.000000] ACPI: LAPIC_NMI (acpi_id[0xff] dfl dfl lint[0x1])
[STDOUT  ] 2018-07-06T18:02:51.786929131Z: [    0.000000] IOAPIC[0]: apic_id 0, version 32, address 0xfec00000, GSI 0-23
[STDOUT  ] 2018-07-06T18:02:51.786946026Z: [    0.000000] ACPI: INT_SRC_OVR (bus 0 bus_irq 0 global_irq 2 dfl dfl)
[STDOUT  ] 2018-07-06T18:02:51.786967056Z: [    0.000000] ACPI: INT_SRC_OVR (bus 0 bus_irq 5 global_irq 5 high level)
[STDOUT  ] 2018-07-06T18:02:51.786976026Z: [    0.000000] ACPI: INT_SRC_OVR (bus 0 bus_irq 9 global_irq 9 high level)
[STDOUT  ] 2018-07-06T18:02:51.786984761Z: [    0.000000] ACPI: INT_SRC_OVR (bus 0 bus_irq 10 global_irq 10 high level)
[STDOUT  ] 2018-07-06T18:02:51.786993645Z: [    0.000000] ACPI: INT_SRC_OVR (bus 0 bus_irq 11 global_irq 11 high level)
[STDOUT  ] 2018-07-06T18:02:51.787002825Z: [    0.000000] Using ACPI (MADT) for SMP configuration information
[STDOUT  ] 2018-07-06T18:02:51.787012307Z: [    0.000000] ACPI: HPET id: 0x8086a201 base: 0xfed00000
[STDOUT  ] 2018-07-06T18:02:51.787021294Z: [    0.000000] smpboot: Allowing 1 CPUs, 0 hotplug CPUs
[STDOUT  ] 2018-07-06T18:02:51.787030535Z: [    0.000000] e820: [mem 0x40000000-0xafffffff] available for PCI devices
[STDOUT  ] 2018-07-06T18:02:51.787039106Z: [    0.000000] Booting paravirtualized kernel on bare hardware
[STDOUT  ] 2018-07-06T18:02:51.787048963Z: [    0.000000] clocksource: refined-jiffies: mask: 0xffffffff max_cycles: 0xffffffff, max_idle_ns: 19112604462750000 ns
[STDOUT  ] 2018-07-06T18:02:51.787058596Z: [    0.000000] random: get_random_bytes called from start_kernel+0x92/0x4c8 with crng_init=0
[STDOUT  ] 2018-07-06T18:02:51.787072189Z: [    0.000000] setup_percpu: NR_CPUS:128 nr_cpumask_bits:128 nr_cpu_ids:1 nr_node_ids:1
[STDOUT  ] 2018-07-06T18:02:51.787085509Z: [    0.000000] percpu: Embedded 44 pages/cpu @ffff977a7e000000 s143256 r8192 d28776 u2097152
[STDOUT  ] 2018-07-06T18:02:51.787095546Z: [    0.000000] Built 1 zonelists, mobility grouping on.  Total pages: 257896
[STDOUT  ] 2018-07-06T18:02:51.787104216Z: [    0.000000] Kernel command line: console=ttyS0 console=ttyAMA0
[STDOUT  ] 2018-07-06T18:02:51.787113366Z: [    0.000000] PID hash table entries: 4096 (order: 3, 32768 bytes)
[STDOUT  ] 2018-07-06T18:02:51.787122608Z: [    0.000000] Dentry cache hash table entries: 131072 (order: 8, 1048576 bytes)
[STDOUT  ] 2018-07-06T18:02:51.787131935Z: [    0.000000] Inode-cache hash table entries: 65536 (order: 7, 524288 bytes)
[STDOUT  ] 2018-07-06T18:02:51.787142800Z: [    0.000000] Memory: 976264K/1048052K available (12300K kernel code, 1465K rwdata, 2992K rodata, 1512K init, 632K bss, 71788K reserved, 0K cma-reserved)
[STDOUT  ] 2018-07-06T18:02:51.787159028Z: [    0.000000] ftrace: allocating 41032 entries in 161 pages
[STDOUT  ] 2018-07-06T18:02:51.787168441Z: [    0.000000] Hierarchical RCU implementation.
[STDOUT  ] 2018-07-06T18:02:51.787178408Z: [    0.000000] 	RCU restricting CPUs from NR_CPUS=128 to nr_cpu_ids=1.
[STDOUT  ] 2018-07-06T18:02:51.787189983Z: [    0.000000] RCU: Adjusting geometry for rcu_fanout_leaf=16, nr_cpu_ids=1
[STDOUT  ] 2018-07-06T18:02:51.787198307Z: [    0.000000] NR_IRQS: 8448, nr_irqs: 256, preallocated irqs: 16
[STDOUT  ] 2018-07-06T18:02:51.787207304Z: [    0.000000] Console: colour VGA+ 80x25
[STDOUT  ] 2018-07-06T18:02:51.787216532Z: [    0.000000] console [ttyS0] enabled
[STDOUT  ] 2018-07-06T18:02:51.787225331Z: [    0.000000] clocksource: hpet: mask: 0xffffffff max_cycles: 0xffffffff, max_idle_ns: 19112604467 ns
[STDOUT  ] 2018-07-06T18:02:51.787234034Z: [    0.030000] tsc: Unable to calibrate against PIT
[STDOUT  ] 2018-07-06T18:02:51.787242800Z: [    0.030000] tsc: using HPET reference calibration
[STDOUT  ] 2018-07-06T18:02:51.787252450Z: [    0.030000] tsc: Detected 2599.638 MHz processor
[STDOUT  ] 2018-07-06T18:02:51.787261996Z: [    0.030000] Calibrating delay loop (skipped), value calculated using timer frequency.. 5199.27 BogoMIPS (lpj=25996380)
[STDOUT  ] 2018-07-06T18:02:51.787271098Z: [    0.030000] pid_max: default: 32768 minimum: 301
[STDOUT  ] 2018-07-06T18:02:51.787280004Z: [    0.040496] ACPI: Core revision 20170728
[STDOUT  ] 2018-07-06T18:02:51.787289650Z: [    0.068637] ACPI: 1 ACPI AML tables successfully acquired and loaded
[STDOUT  ] 2018-07-06T18:02:51.787303573Z: [    0.071107] Security Framework initialized
[STDOUT  ] 2018-07-06T18:02:51.787313241Z: [    0.071629] Yama: becoming mindful.
[STDOUT  ] 2018-07-06T18:02:51.787322397Z: [    0.074460] Mount-cache hash table entries: 2048 (order: 2, 16384 bytes)
[STDOUT  ] 2018-07-06T18:02:51.787331517Z: [    0.074967] Mountpoint-cache hash table entries: 2048 (order: 2, 16384 bytes)
[STDOUT  ] 2018-07-06T18:02:51.787339970Z: [    0.094460] Last level iTLB entries: 4KB 0, 2MB 0, 4MB 0
[STDOUT  ] 2018-07-06T18:02:51.787349424Z: [    0.094825] Last level dTLB entries: 4KB 0, 2MB 0, 4MB 0, 1GB 0
[STDOUT  ] 2018-07-06T18:02:51.787358213Z: [    0.095442] Spectre V2 : Spectre mitigation: LFENCE not serializing, switching to generic retpoline
[STDOUT  ] 2018-07-06T18:02:51.787367105Z: [    0.095993] Spectre V2 : Vulnerable: Minimal generic ASM retpoline
[STDOUT  ] 2018-07-06T18:02:51.787376323Z: [    0.096414] Spectre V2 : Spectre v2 mitigation: Filling RSB on context switch
[STDOUT  ] 2018-07-06T18:02:51.787385519Z: [    0.096884] Speculative Store Bypass: Vulnerable
[STDOUT  ] 2018-07-06T18:02:51.787397120Z: [    0.442481] Freeing SMP alternatives memory: 20K
[STDOUT  ] 2018-07-06T18:02:51.787406020Z: [    0.464999] smpboot: Max logical packages: 1
[STDOUT  ] 2018-07-06T18:02:51.787414774Z: [    0.472875] ..TIMER: vector=0x30 apic1=0 pin1=2 apic2=-1 pin2=-1
[STDOUT  ] 2018-07-06T18:02:51.787423521Z: [    0.580000] smpboot: CPU0: AMD QEMU Virtual CPU version 2.5+ (family: 0x6, model: 0x6, stepping: 0x3)
[STDOUT  ] 2018-07-06T18:02:51.787435654Z: [    0.580000] Performance Events: PMU not available due to virtualization, using software events only.
[STDOUT  ] 2018-07-06T18:02:51.787445116Z: [    0.581553] Hierarchical SRCU implementation.
[STDOUT  ] 2018-07-06T18:02:51.787453376Z: [    0.587269] NMI watchdog: Perf event create on CPU 0 failed with -2
[STDOUT  ] 2018-07-06T18:02:51.787464617Z: [    0.587778] NMI watchdog: Perf NMI watchdog permanently disabled
[STDOUT  ] 2018-07-06T18:02:51.787481537Z: [    0.591110] smp: Bringing up secondary CPUs ...
[STDOUT  ] 2018-07-06T18:02:51.787490360Z: [    0.591479] smp: Brought up 1 node, 1 CPU
[STDOUT  ] 2018-07-06T18:02:51.787499225Z: [    0.591846] smpboot: Total of 1 processors activated (5199.27 BogoMIPS)
[STDOUT  ] 2018-07-06T18:02:51.787507836Z: [    0.608312] devtmpfs: initialized
[STDOUT  ] 2018-07-06T18:02:51.787516797Z: [    0.613969] x86/mm: Memory block size: 128MB
[STDOUT  ] 2018-07-06T18:02:51.787525305Z: [    0.620871] evm: security.ima
[STDOUT  ] 2018-07-06T18:02:51.787534855Z: [    0.621095] evm: security.capability
[STDOUT  ] 2018-07-06T18:02:51.787543540Z: [    0.624214] clocksource: jiffies: mask: 0xffffffff max_cycles: 0xffffffff, max_idle_ns: 19112604462750000 ns
[STDOUT  ] 2018-07-06T18:02:51.787552582Z: [    0.624987] futex hash table entries: 256 (order: 2, 16384 bytes)
[STDOUT  ] 2018-07-06T18:02:51.787561984Z: [    0.635458] NET: Registered protocol family 16
[STDOUT  ] 2018-07-06T18:02:51.787570522Z: [    0.642893] cpuidle: using governor ladder
[STDOUT  ] 2018-07-06T18:02:51.787579419Z: [    0.643289] cpuidle: using governor menu
[STDOUT  ] 2018-07-06T18:02:51.787588076Z: [    0.644892] ACPI: bus type PCI registered
[STDOUT  ] 2018-07-06T18:02:51.787597014Z: [    0.647440] PCI: MMCONFIG for domain 0000 [bus 00-ff] at [mem 0xb0000000-0xbfffffff] (base 0xb0000000)
[STDOUT  ] 2018-07-06T18:02:51.787605699Z: [    0.648165] PCI: MMCONFIG at [mem 0xb0000000-0xbfffffff] reserved in E820
[STDOUT  ] 2018-07-06T18:02:51.787614514Z: [    0.649134] PCI: Using configuration type 1 for base access
[STDOUT  ] 2018-07-06T18:02:51.787622943Z: [    0.692947] HugeTLB registered 2.00 MiB page size, pre-allocated 0 pages
[STDOUT  ] 2018-07-06T18:02:51.787631918Z: [    0.704530] ACPI: Added _OSI(Module Device)
[STDOUT  ] 2018-07-06T18:02:51.787640688Z: [    0.704779] ACPI: Added _OSI(Processor Device)
[STDOUT  ] 2018-07-06T18:02:51.787649641Z: [    0.705173] ACPI: Added _OSI(3.0 _SCP Extensions)
[STDOUT  ] 2018-07-06T18:02:51.787672773Z: [    0.705409] ACPI: Added _OSI(Processor Aggregator Device)
[STDOUT  ] 2018-07-06T18:02:51.787682174Z: [    0.761515] ACPI: Interpreter enabled
[STDOUT  ] 2018-07-06T18:02:51.787691325Z: [    0.762384] ACPI: (supports S0 S5)
[STDOUT  ] 2018-07-06T18:02:51.787700792Z: [    0.762666] ACPI: Using IOAPIC for interrupt routing
[STDOUT  ] 2018-07-06T18:02:51.787709640Z: [    0.764922] PCI: Using host bridge windows from ACPI; if necessary, use "pci=nocrs" and report a bug
[STDOUT  ] 2018-07-06T18:02:51.787718643Z: [    0.768657] ACPI: Enabled 1 GPEs in block 00 to 3F
[STDOUT  ] 2018-07-06T18:02:51.787727583Z: [    0.823987] ACPI: PCI Root Bridge [PCI0] (domain 0000 [bus 00-ff])
[STDOUT  ] 2018-07-06T18:02:51.787736503Z: [    0.825032] acpi PNP0A08:00: _OSC: OS supports [ExtendedConfig ASPM ClockPM Segments MSI]
[STDOUT  ] 2018-07-06T18:02:51.787759616Z: [    0.829442] acpi PNP0A08:00: _OSC: OS now controls [PCIeHotplug PME PCIeCapability]
[STDOUT  ] 2018-07-06T18:02:51.787768387Z: [    0.834443] PCI host bridge to bus 0000:00
[STDOUT  ] 2018-07-06T18:02:51.787776722Z: [    0.834867] pci_bus 0000:00: root bus resource [io  0x0000-0x0cf7 window]
[STDOUT  ] 2018-07-06T18:02:51.787788846Z: [    0.835262] pci_bus 0000:00: root bus resource [io  0x0d00-0xffff window]
[STDOUT  ] 2018-07-06T18:02:51.787797104Z: [    0.835737] pci_bus 0000:00: root bus resource [mem 0x000a0000-0x000bffff window]
[STDOUT  ] 2018-07-06T18:02:51.787805768Z: [    0.836268] pci_bus 0000:00: root bus resource [mem 0xc0000000-0xfebfffff window]
[STDOUT  ] 2018-07-06T18:02:51.787822616Z: [    0.836793] pci_bus 0000:00: root bus resource [bus 00-ff]
[STDOUT  ] 2018-07-06T18:02:51.787831543Z: [    1.020402] pci 0000:00:1f.0: quirk: [io  0x0600-0x067f] claimed by ICH6 ACPI/GPIO/TCO
[STDOUT  ] 2018-07-06T18:02:51.787840392Z: [    1.111430] ACPI: PCI Interrupt Link [LNKA] (IRQs 5 *10 11)
[STDOUT  ] 2018-07-06T18:02:51.787849215Z: [    1.113226] ACPI: PCI Interrupt Link [LNKB] (IRQs 5 *10 11)
[STDOUT  ] 2018-07-06T18:02:51.787858444Z: [    1.114914] ACPI: PCI Interrupt Link [LNKC] (IRQs 5 10 *11)
[STDOUT  ] 2018-07-06T18:02:51.787867218Z: [    1.116519] ACPI: PCI Interrupt Link [LNKD] (IRQs 5 10 *11)
[STDOUT  ] 2018-07-06T18:02:51.787875733Z: [    1.117756] ACPI: PCI Interrupt Link [LNKE] (IRQs 5 *10 11)
[STDOUT  ] 2018-07-06T18:02:51.787884536Z: [    1.118999] ACPI: PCI Interrupt Link [LNKF] (IRQs 5 *10 11)
[STDOUT  ] 2018-07-06T18:02:51.787893053Z: [    1.121039] ACPI: PCI Interrupt Link [LNKG] (IRQs 5 10 *11)
[STDOUT  ] 2018-07-06T18:02:51.787901847Z: [    1.122275] ACPI: PCI Interrupt Link [LNKH] (IRQs 5 10 *11)
[STDOUT  ] 2018-07-06T18:02:51.787910089Z: [    1.123021] ACPI: PCI Interrupt Link [GSIA] (IRQs *16)
[STDOUT  ] 2018-07-06T18:02:51.787918883Z: [    1.123613] ACPI: PCI Interrupt Link [GSIB] (IRQs *17)
[STDOUT  ] 2018-07-06T18:02:51.787927200Z: [    1.124164] ACPI: PCI Interrupt Link [GSIC] (IRQs *18)
[STDOUT  ] 2018-07-06T18:02:51.787938898Z: [    1.124699] ACPI: PCI Interrupt Link [GSID] (IRQs *19)
[STDOUT  ] 2018-07-06T18:02:51.787947371Z: [    1.125238] ACPI: PCI Interrupt Link [GSIE] (IRQs *20)
[STDOUT  ] 2018-07-06T18:02:51.787956049Z: [    1.125780] ACPI: PCI Interrupt Link [GSIF] (IRQs *21)
[STDOUT  ] 2018-07-06T18:02:51.787964792Z: [    1.126299] ACPI: PCI Interrupt Link [GSIG] (IRQs *22)
[STDOUT  ] 2018-07-06T18:02:51.787973314Z: [    1.126837] ACPI: PCI Interrupt Link [GSIH] (IRQs *23)
[STDOUT  ] 2018-07-06T18:02:51.787981557Z: [    1.133674] SCSI subsystem initialized
[STDOUT  ] 2018-07-06T18:02:51.787990112Z: [    1.135933] ACPI: bus type USB registered
[STDOUT  ] 2018-07-06T18:02:51.787998597Z: [    1.136892] usbcore: registered new interface driver usbfs
[STDOUT  ] 2018-07-06T18:02:51.788007322Z: [    1.137701] usbcore: registered new interface driver hub
[STDOUT  ] 2018-07-06T18:02:51.788015784Z: [    1.138594] usbcore: registered new device driver usb
[STDOUT  ] 2018-07-06T18:02:51.788024331Z: [    1.139497] pps_core: LinuxPPS API ver. 1 registered
[STDOUT  ] 2018-07-06T18:02:51.788032978Z: [    1.139767] pps_core: Software ver. 5.3.6 - Copyright 2005-2007 Rodolfo Giometti <giometti@linux.it>
[STDOUT  ] 2018-07-06T18:02:51.788046077Z: [    1.140380] PTP clock support registered
[STDOUT  ] 2018-07-06T18:02:51.788057355Z: [    1.142432] PCI: Using ACPI for IRQ routing
[STDOUT  ] 2018-07-06T18:02:51.788066140Z: [    1.159614] NetLabel: Initializing
[STDOUT  ] 2018-07-06T18:02:51.788074788Z: [    1.159849] NetLabel:  domain hash size = 128
[STDOUT  ] 2018-07-06T18:02:51.788083522Z: [    1.160100] NetLabel:  protocols = UNLABELED CIPSOv4 CALIPSO
[STDOUT  ] 2018-07-06T18:02:51.788092080Z: [    1.162954] NetLabel:  unlabeled traffic allowed by default
[STDOUT  ] 2018-07-06T18:02:51.788101287Z: [    1.164718] HPET: 3 timers in total, 0 timers will be used for per-cpu timer
[STDOUT  ] 2018-07-06T18:02:51.788109901Z: [    1.165565] hpet0: at MMIO 0xfed00000, IRQs 2, 8, 0
[STDOUT  ] 2018-07-06T18:02:51.788118392Z: [    1.165986] hpet0: 3 comparators, 64-bit 100.000000 MHz counter
[STDOUT  ] 2018-07-06T18:02:51.788126995Z: [    1.171674] clocksource: Switched to clocksource hpet
[STDOUT  ] 2018-07-06T18:02:51.788135558Z: [    1.369771] VFS: Disk quotas dquot_6.6.0
[STDOUT  ] 2018-07-06T18:02:51.788144186Z: [    1.370733] VFS: Dquot-cache hash table entries: 512 (order 0, 4096 bytes)
[STDOUT  ] 2018-07-06T18:02:51.788152887Z: [    1.374225] FS-Cache: Loaded
[STDOUT  ] 2018-07-06T18:02:51.788161666Z: [    1.381242] CacheFiles: Loaded
[STDOUT  ] 2018-07-06T18:02:51.788170147Z: [    1.382394] pnp: PnP ACPI init
[STDOUT  ] 2018-07-06T18:02:51.788182452Z: [    1.392141] pnp: PnP ACPI: found 5 devices
[STDOUT  ] 2018-07-06T18:02:51.788190931Z: [    1.427033] clocksource: acpi_pm: mask: 0xffffff max_cycles: 0xffffff, max_idle_ns: 2085701024 ns
[STDOUT  ] 2018-07-06T18:02:51.788202686Z: [    1.430528] NET: Registered protocol family 2
[STDOUT  ] 2018-07-06T18:02:51.788211334Z: [    1.438020] TCP established hash table entries: 8192 (order: 4, 65536 bytes)
[STDOUT  ] 2018-07-06T18:02:51.788219921Z: [    1.438723] TCP bind hash table entries: 8192 (order: 5, 131072 bytes)
[STDOUT  ] 2018-07-06T18:02:51.788228719Z: [    1.439822] TCP: Hash tables configured (established 8192 bind 8192)
[STDOUT  ] 2018-07-06T18:02:51.788237284Z: [    1.442067] UDP hash table entries: 512 (order: 2, 16384 bytes)
[STDOUT  ] 2018-07-06T18:02:51.788246051Z: [    1.442538] UDP-Lite hash table entries: 512 (order: 2, 16384 bytes)
[STDOUT  ] 2018-07-06T18:02:51.788254753Z: [    1.444977] NET: Registered protocol family 1
[STDOUT  ] 2018-07-06T18:02:51.788263653Z: [    1.446065] pci 0000:00:01.0: Video device with shadowed ROM at [mem 0x000c0000-0x000dffff]
[STDOUT  ] 2018-07-06T18:02:51.788279282Z: [    1.452159] Trying to unpack rootfs image as initramfs...
[STDOUT  ] 2018-07-06T18:02:51.788288411Z: [    4.988290] Freeing initrd memory: 28536K
[STDOUT  ] 2018-07-06T18:02:51.788297489Z: [    5.011835] PCLMULQDQ-NI instructions are not detected.
[STDOUT  ] 2018-07-06T18:02:51.788306770Z: [    5.013143] AVX or AES-NI instructions are not detected.
[STDOUT  ] 2018-07-06T18:02:51.788319007Z: [    5.013709] CPU feature 'AVX registers' is not supported.
[STDOUT  ] 2018-07-06T18:02:51.788327768Z: [    5.014109] CPU feature 'AVX registers' is not supported.
[STDOUT  ] 2018-07-06T18:02:51.788336723Z: [    5.014450] CPU feature 'AVX registers' is not supported.
[STDOUT  ] 2018-07-06T18:02:51.788345376Z: [    5.014799] CPU feature 'AVX registers' is not supported.
[STDOUT  ] 2018-07-06T18:02:51.788353915Z: [    5.015167] AVX2 or AES-NI instructions are not detected.
[STDOUT  ] 2018-07-06T18:02:51.788362648Z: [    5.015488] AVX2 instructions are not detected.
[STDOUT  ] 2018-07-06T18:02:51.788371667Z: [    5.019704] audit: initializing netlink subsys (disabled)
[STDOUT  ] 2018-07-06T18:02:51.788380364Z: [    5.026266] audit: type=2000 audit(1530900148.020:1): state=initialized audit_enabled=0 res=1
[STDOUT  ] 2018-07-06T18:02:51.788389078Z: [    5.027601] workingset: timestamp_bits=46 max_order=18 bucket_order=0
[STDOUT  ] 2018-07-06T18:02:51.788398282Z: [    5.032541] squashfs: version 4.0 (2009/01/31) Phillip Lougher
[STDOUT  ] 2018-07-06T18:02:51.788413534Z: [    5.035602] FS-Cache: Netfs 'cifs' registered for caching
[STDOUT  ] 2018-07-06T18:02:51.788423053Z: [    5.036563] fuse init (API version 7.26)
[STDOUT  ] 2018-07-06T18:02:51.788431720Z: [    5.038710] SGI XFS with ACLs, security attributes, no debug enabled
[STDOUT  ] 2018-07-06T18:02:51.788443959Z: [    5.042606] 9p: Installing v9fs 9p2000 file system support
[STDOUT  ] 2018-07-06T18:02:51.788452520Z: [    5.043111] FS-Cache: Netfs '9p' registered for caching
[STDOUT  ] 2018-07-06T18:02:51.788461227Z: [    5.074589] NET: Registered protocol family 38
[STDOUT  ] 2018-07-06T18:02:51.788469307Z: [    5.075138] Key type asymmetric registered
[STDOUT  ] 2018-07-06T18:02:51.788477781Z: [    5.075590] Asymmetric key parser 'x509' registered
[STDOUT  ] 2018-07-06T18:02:51.788486238Z: [    5.076488] Block layer SCSI generic (bsg) driver version 0.4 loaded (major 247)
[STDOUT  ] 2018-07-06T18:02:51.788495361Z: [    5.078284] io scheduler noop registered
[STDOUT  ] 2018-07-06T18:02:51.788504395Z: [    5.078482] io scheduler deadline registered (default)
[STDOUT  ] 2018-07-06T18:02:51.788513266Z: [    5.079357] io scheduler cfq registered
[STDOUT  ] 2018-07-06T18:02:51.788521989Z: [    5.079626] io scheduler mq-deadline registered
[STDOUT  ] 2018-07-06T18:02:51.788530957Z: [    5.079879] io scheduler kyber registered
[STDOUT  ] 2018-07-06T18:02:51.788539598Z: [    5.083758] shpchp: Standard Hot Plug PCI Controller Driver version: 0.4
[STDOUT  ] 2018-07-06T18:02:51.788552340Z: [    5.084662] hv_vmbus: registering driver hyperv_fb
[STDOUT  ] 2018-07-06T18:02:51.788560838Z: [    5.087494] input: Power Button as /devices/LNXSYSTM:00/LNXPWRBN:00/input/input0
[STDOUT  ] 2018-07-06T18:02:51.788569482Z: [    5.091955] ACPI: Power Button [PWRF]
[STDOUT  ] 2018-07-06T18:02:51.788578027Z: [    5.105014] ACPI: PCI Interrupt Link [GSIG] enabled at IRQ 22
[STDOUT  ] 2018-07-06T18:02:51.788586662Z: [    5.117382] ACPI: PCI Interrupt Link [GSIH] enabled at IRQ 23
[STDOUT  ] 2018-07-06T18:02:51.788595510Z: [    5.124052] Serial: 8250/16550 driver, 4 ports, IRQ sharing disabled
[STDOUT  ] 2018-07-06T18:02:51.788604104Z: [    5.148522] 00:04: ttyS0 at I/O 0x3f8 (irq = 4, base_baud = 115200) is a 16550A
[STDOUT  ] 2018-07-06T18:02:51.788612523Z: [    5.158698] Non-volatile memory driver v1.3
[STDOUT  ] 2018-07-06T18:02:51.788621483Z: [    5.165610] Hangcheck: starting hangcheck timer 0.9.1 (tick is 180 seconds, margin is 60 seconds).
[STDOUT  ] 2018-07-06T18:02:51.788630620Z: [    5.180347] random: fast init done
[STDOUT  ] 2018-07-06T18:02:51.788639155Z: [    5.181746] random: crng init done
[STDOUT  ] 2018-07-06T18:02:51.788651394Z: [    5.223862] brd: module loaded
[STDOUT  ] 2018-07-06T18:02:51.788660968Z: [    5.251345] loop: module loaded
[STDOUT  ] 2018-07-06T18:02:51.788672503Z: [    5.301861] lpc_ich 0000:00:1f.0: I/O space for GPIO uninitialized
[STDOUT  ] 2018-07-06T18:02:51.788681501Z: [    5.304177] VMware PVSCSI driver - version 1.0.7.0-k
[STDOUT  ] 2018-07-06T18:02:51.788690096Z: [    5.304884] hv_vmbus: registering driver hv_storvsc
[STDOUT  ] 2018-07-06T18:02:51.788698870Z: [    5.311588] ACPI: PCI Interrupt Link [GSIA] enabled at IRQ 16
[STDOUT  ] 2018-07-06T18:02:51.788709457Z: [    5.319764] ahci 0000:00:1f.2: AHCI 0001.0000 32 slots 6 ports 1.5 Gbps 0x3f impl SATA mode
[STDOUT  ] 2018-07-06T18:02:51.788718524Z: [    5.320700] ahci 0000:00:1f.2: flags: 64bit ncq only 
[STDOUT  ] 2018-07-06T18:02:51.788727347Z: [    5.336151] scsi host0: ahci
[STDOUT  ] 2018-07-06T18:02:51.788735880Z: [    5.339970] scsi host1: ahci
[STDOUT  ] 2018-07-06T18:02:51.788750764Z: [    5.342187] scsi host2: ahci
[STDOUT  ] 2018-07-06T18:02:51.788759388Z: [    5.343623] scsi host3: ahci
[STDOUT  ] 2018-07-06T18:02:51.788768159Z: [    5.345080] scsi host4: ahci
[STDOUT  ] 2018-07-06T18:02:51.788777519Z: [    5.346447] scsi host5: ahci
[STDOUT  ] 2018-07-06T18:02:51.788786322Z: [    5.347697] ata1: SATA max UDMA/133 abar m4096@0xfebd2000 port 0xfebd2100 irq 24
[STDOUT  ] 2018-07-06T18:02:51.788798829Z: [    5.348143] ata2: SATA max UDMA/133 abar m4096@0xfebd2000 port 0xfebd2180 irq 24
[STDOUT  ] 2018-07-06T18:02:51.788807578Z: [    5.348498] ata3: SATA max UDMA/133 abar m4096@0xfebd2000 port 0xfebd2200 irq 24
[STDOUT  ] 2018-07-06T18:02:51.788816505Z: [    5.348824] ata4: SATA max UDMA/133 abar m4096@0xfebd2000 port 0xfebd2280 irq 24
[STDOUT  ] 2018-07-06T18:02:51.788824835Z: [    5.349159] ata5: SATA max UDMA/133 abar m4096@0xfebd2000 port 0xfebd2300 irq 24
[STDOUT  ] 2018-07-06T18:02:51.788833516Z: [    5.349464] ata6: SATA max UDMA/133 abar m4096@0xfebd2000 port 0xfebd2380 irq 24
[STDOUT  ] 2018-07-06T18:02:51.788841564Z: [    5.359638] tun: Universal TUN/TAP device driver, 1.6
[STDOUT  ] 2018-07-06T18:02:51.788850217Z: [    5.370011] VMware vmxnet3 virtual NIC driver - version 1.4.a.0-k-NAPI
[STDOUT  ] 2018-07-06T18:02:51.788858840Z: [    5.371410] hv_vmbus: registering driver hv_netvsc
[STDOUT  ] 2018-07-06T18:02:51.788867684Z: [    5.371787] Fusion MPT base driver 3.04.20
[STDOUT  ] 2018-07-06T18:02:51.788876521Z: [    5.371924] Copyright (c) 1999-2008 LSI Corporation
[STDOUT  ] 2018-07-06T18:02:51.788885129Z: [    5.372445] Fusion MPT SPI Host driver 3.04.20
[STDOUT  ] 2018-07-06T18:02:51.788893281Z: [    5.374171] i8042: PNP: PS/2 Controller [PNP0303:KBD,PNP0f13:MOU] at 0x60,0x64 irq 1,12
[STDOUT  ] 2018-07-06T18:02:51.788909401Z: [    5.378847] serio: i8042 KBD port at 0x60,0x64 irq 1
[STDOUT  ] 2018-07-06T18:02:51.788918307Z: [    5.379532] serio: i8042 AUX port at 0x60,0x64 irq 12
[STDOUT  ] 2018-07-06T18:02:51.788931460Z: [    5.382133] hv_vmbus: registering driver hyperv_keyboard
[STDOUT  ] 2018-07-06T18:02:51.788940635Z: [    5.383986] mousedev: PS/2 mouse device common for all mice
[STDOUT  ] 2018-07-06T18:02:51.788949193Z: [    5.388560] input: AT Translated Set 2 keyboard as /devices/platform/i8042/serio0/input/input1
[STDOUT  ] 2018-07-06T18:02:51.788960384Z: [    5.391262] input: PC Speaker as /devices/platform/pcspkr/input/input2
[STDOUT  ] 2018-07-06T18:02:51.788969378Z: [    5.394961] rtc_cmos 00:00: RTC can wake from S4
[STDOUT  ] 2018-07-06T18:02:51.788977732Z: [    5.398297] rtc_cmos 00:00: rtc core: registered rtc_cmos as rtc0
[STDOUT  ] 2018-07-06T18:02:51.788985886Z: [    5.399580] rtc_cmos 00:00: alarms up to one day, y3k, 114 bytes nvram, hpet irqs
[STDOUT  ] 2018-07-06T18:02:51.789000814Z: [    5.400543] i2c /dev entries driver
[STDOUT  ] 2018-07-06T18:02:51.789009968Z: [    5.402532] device-mapper: ioctl: 4.37.0-ioctl (2017-09-20) initialised: dm-devel@redhat.com
[STDOUT  ] 2018-07-06T18:02:51.789021869Z: [    5.406334] usbcore: registered new interface driver usbhid
[STDOUT  ] 2018-07-06T18:02:51.789030441Z: [    5.406675] usbhid: USB HID core driver
[STDOUT  ] 2018-07-06T18:02:51.789039124Z: [    5.407384] hv_utils: Registering HyperV Utility Driver
[STDOUT  ] 2018-07-06T18:02:51.789047435Z: [    5.407682] hv_vmbus: registering driver hv_util
[STDOUT  ] 2018-07-06T18:02:51.789056036Z: [    5.407934] hv_vmbus: registering driver hv_balloon
[STDOUT  ] 2018-07-06T18:02:51.789064639Z: [    5.408475] oprofile: using NMI interrupt.
