[INFO    ] 2019-03-03T16:59:46.554843013Z: Running Test linuxkit.packages.sysctl in /tmp/build/test/cases/040_packages/019_sysctl
[INFO    ] 2019-03-03T16:59:46.555054069Z: Running command: [/bin/sh -x /tmp/build/test/cases/040_packages/019_sysctl/test.sh]
[STDERR  ] 2019-03-03T16:59:46.572505565Z: + set -e
[STDERR  ] 2019-03-03T16:59:46.572612671Z: + . /tmp/build/test/cases/_lib/lib.sh
[STDERR  ] 2019-03-03T16:59:46.572630082Z: + [ -f src/github.com/linuxkit/rtf/lib/lib.sh ]
[STDERR  ] 2019-03-03T16:59:46.572644198Z: + LINUXKIT_TMPDIR=/tmp/build/test/cases/_tmp
[STDERR  ] 2019-03-03T16:59:46.572657216Z: + [ -f /tmp/build/test/cases/_tmp/env.sh ]
[STDERR  ] 2019-03-03T16:59:46.572673616Z: + . /tmp/build/test/cases/_tmp/env.sh
[STDERR  ] 2019-03-03T16:59:46.572688611Z: + export LINUXKIT_EXAMPLES_DIR=/tmp/build/test/cases/../../examples
[STDERR  ] 2019-03-03T16:59:46.572704162Z: + RT_CANCEL=253
[STDERR  ] 2019-03-03T16:59:46.572718358Z: + NAME=sysctl
[STDERR  ] 2019-03-03T16:59:46.572731325Z: + trap clean_up EXIT
[STDERR  ] 2019-03-03T16:59:46.572745603Z: + linuxkit build -format kernel+initrd -name sysctl test.yml
[STDERR  ] 2019-03-03T16:59:46.614047465Z: Extract kernel image: linuxkit/kernel:4.19.26
[STDERR  ] 2019-03-03T16:59:48.898004289Z: Add init containers:
[STDERR  ] 2019-03-03T16:59:48.898101688Z: Process init image: linuxkit/init:005807f5c6a74e23f485a6d1657818bdccb70cd0
[STDERR  ] 2019-03-03T16:59:50.090618265Z: Process init image: linuxkit/runc:606971451ea29b4238029804ca638f9f85caf5af
[STDERR  ] 2019-03-03T16:59:51.244040536Z: Add onboot containers:
[STDERR  ] 2019-03-03T16:59:51.244114346Z:   Create OCI config for linuxkit/sysctl:713e535f2d4e4c74aba50cc7f73e3826b2dd3857
[STDERR  ] 2019-03-03T16:59:52.540604448Z:   Create OCI config for alpine:3.9
[STDERR  ] 2019-03-03T16:59:53.732976815Z:   Create OCI config for linuxkit/poweroff:9f4e04f09bbb4a028f0a1f57d430e1ad3095ace1
[STDERR  ] 2019-03-03T16:59:54.907027746Z: Add files:
[STDERR  ] 2019-03-03T16:59:54.907090509Z:   check.sh
[STDERR  ] 2019-03-03T16:59:54.907943464Z: Create outputs:
[STDERR  ] 2019-03-03T17:00:00.447358022Z:   sysctl-kernel sysctl-initrd.img sysctl-cmdline
[STDERR  ] 2019-03-03T17:00:00.511275698Z: + linuxkit run sysctl
[STDERR  ] 2019-03-03T17:00:15.236818428Z: + RESULT=[    0.000000] Linux version 4.19.26-linuxkit (root@632a108c102b) (gcc version 6.4.0 (Alpine 6.4.0)) #1 SMP Fri Mar 1 09:01:30 UTC 2019
[STDERR  ] 2019-03-03T17:00:15.236903455Z: [    0.000000] Command line: console=ttyS0 console=ttyAMA0
[STDERR  ] 2019-03-03T17:00:15.236919753Z: [    0.000000] x86/fpu: x87 FPU will use FXSAVE
[STDERR  ] 2019-03-03T17:00:15.236934350Z: [    0.000000] BIOS-provided physical RAM map:
[STDERR  ] 2019-03-03T17:00:15.236948571Z: [    0.000000] BIOS-e820: [mem 0x0000000000000000-0x000000000009fbff] usable
[STDERR  ] 2019-03-03T17:00:15.236963139Z: [    0.000000] BIOS-e820: [mem 0x000000000009fc00-0x000000000009ffff] reserved
[STDERR  ] 2019-03-03T17:00:15.236976943Z: [    0.000000] BIOS-e820: [mem 0x00000000000f0000-0x00000000000fffff] reserved
[STDERR  ] 2019-03-03T17:00:15.237003936Z: [    0.000000] BIOS-e820: [mem 0x0000000000100000-0x000000003ffdefff] usable
[STDERR  ] 2019-03-03T17:00:15.237016807Z: [    0.000000] BIOS-e820: [mem 0x000000003ffdf000-0x000000003fffffff] reserved
[STDERR  ] 2019-03-03T17:00:15.237031481Z: [    0.000000] BIOS-e820: [mem 0x00000000b0000000-0x00000000bfffffff] reserved
[STDERR  ] 2019-03-03T17:00:15.237043632Z: [    0.000000] BIOS-e820: [mem 0x00000000fed1c000-0x00000000fed1ffff] reserved
[STDERR  ] 2019-03-03T17:00:15.237055810Z: [    0.000000] BIOS-e820: [mem 0x00000000feffc000-0x00000000feffffff] reserved
[STDERR  ] 2019-03-03T17:00:15.237068408Z: [    0.000000] BIOS-e820: [mem 0x00000000fffc0000-0x00000000ffffffff] reserved
[STDERR  ] 2019-03-03T17:00:15.237080340Z: [    0.000000] NX (Execute Disable) protection: active
[STDERR  ] 2019-03-03T17:00:15.237093830Z: [    0.000000] SMBIOS 2.8 present.
[STDERR  ] 2019-03-03T17:00:15.237106099Z: [    0.000000] DMI: QEMU Standard PC (Q35 + ICH9, 2009), BIOS 1.10.2-1 04/01/2014
[STDERR  ] 2019-03-03T17:00:15.237132766Z: [    0.000000] Hypervisor detected: KVM
[STDERR  ] 2019-03-03T17:00:15.237146020Z: [    0.000000] kvm-clock: Using msrs 4b564d01 and 4b564d00
[STDERR  ] 2019-03-03T17:00:15.237158931Z: [    0.549387] kvm-clock: cpu 0, msr 24824001, primary cpu clock
[STDERR  ] 2019-03-03T17:00:15.237171890Z: [    0.549388] clocksource: kvm-clock: mask: 0xffffffffffffffff max_cycles: 0x1cd42e4dffb, max_idle_ns: 881590591483 ns
[STDERR  ] 2019-03-03T17:00:15.237191979Z: [    0.549391] tsc: Detected 2299.924 MHz processor
[STDERR  ] 2019-03-03T17:00:15.237206635Z: [    0.552797] last_pfn = 0x3ffdf max_arch_pfn = 0x400000000
[STDERR  ] 2019-03-03T17:00:15.237219469Z: [    0.553390] x86/PAT: PAT not supported by CPU.
[STDERR  ] 2019-03-03T17:00:15.237234076Z: [    0.553440] x86/PAT: Configuration [0-7]: WB  WT  UC- UC  WB  WT  UC- UC  
[STDERR  ] 2019-03-03T17:00:15.237247499Z: [    0.564283] found SMP MP-table at [mem 0x000f6a90-0x000f6a9f] mapped at [(____ptrval____)]
[STDERR  ] 2019-03-03T17:00:15.237260783Z: [    0.564600] RAMDISK: [mem 0x3e12b000-0x3ffcffff]
[STDERR  ] 2019-03-03T17:00:15.237273796Z: [    0.564825] ACPI: Early table checksum verification disabled
[STDERR  ] 2019-03-03T17:00:15.237287573Z: [    0.564944] ACPI: RSDP 0x00000000000F68D0 000014 (v00 BOCHS )
[STDERR  ] 2019-03-03T17:00:15.237300109Z: [    0.564953] ACPI: RSDT 0x000000003FFE2404 000034 (v01 BOCHS  BXPCRSDT 00000001 BXPC 00000001)
[STDERR  ] 2019-03-03T17:00:15.237312907Z: [    0.564961] ACPI: FACP 0x000000003FFE22A4 000074 (v01 BOCHS  BXPCFACP 00000001 BXPC 00000001)
[STDERR  ] 2019-03-03T17:00:15.237329960Z: [    0.564967] ACPI: DSDT 0x000000003FFE0040 002264 (v01 BOCHS  BXPCDSDT 00000001 BXPC 00000001)
[STDERR  ] 2019-03-03T17:00:15.237343025Z: [    0.564972] ACPI: FACS 0x000000003FFE0000 000040
[STDERR  ] 2019-03-03T17:00:15.237356175Z: [    0.564975] ACPI: APIC 0x000000003FFE2318 000078 (v01 BOCHS  BXPCAPIC 00000001 BXPC 00000001)
[STDERR  ] 2019-03-03T17:00:15.237368080Z: [    0.564979] ACPI: HPET 0x000000003FFE2390 000038 (v01 BOCHS  BXPCHPET 00000001 BXPC 00000001)
[STDERR  ] 2019-03-03T17:00:15.237380222Z: [    0.564983] ACPI: MCFG 0x000000003FFE23C8 00003C (v01 BOCHS  BXPCMCFG 00000001 BXPC 00000001)
[STDERR  ] 2019-03-03T17:00:15.237393922Z: [    0.565768] Zone ranges:
[STDERR  ] 2019-03-03T17:00:15.237407791Z: [    0.565771]   DMA      [mem 0x0000000000001000-0x0000000000ffffff]
[STDERR  ] 2019-03-03T17:00:15.237421786Z: [    0.565773]   DMA32    [mem 0x0000000001000000-0x000000003ffdefff]
[STDERR  ] 2019-03-03T17:00:15.237436118Z: [    0.565774]   Normal   empty
[STDERR  ] 2019-03-03T17:00:15.237449097Z: [    0.565776]   Device   empty
[STDERR  ] 2019-03-03T17:00:15.237461949Z: [    0.565777] Movable zone start for each node
[STDERR  ] 2019-03-03T17:00:15.237475304Z: [    0.565778] Early memory node ranges
[STDERR  ] 2019-03-03T17:00:15.237488845Z: [    0.565779]   node   0: [mem 0x0000000000001000-0x000000000009efff]
[STDERR  ] 2019-03-03T17:00:15.237506651Z: [    0.565780]   node   0: [mem 0x0000000000100000-0x000000003ffdefff]
[STDERR  ] 2019-03-03T17:00:15.237529275Z: [    0.566341] Reserved but unavailable: 98 pages
[STDERR  ] 2019-03-03T17:00:15.237542633Z: [    0.566343] Initmem setup node 0 [mem 0x0000000000001000-0x000000003ffdefff]
[STDERR  ] 2019-03-03T17:00:15.237555395Z: [    0.578124] ACPI: PM-Timer IO Port: 0x608
[STDERR  ] 2019-03-03T17:00:15.237568398Z: [    0.578174] ACPI: LAPIC_NMI (acpi_id[0xff] dfl dfl lint[0x1])
[STDERR  ] 2019-03-03T17:00:15.237582303Z: [    0.578410] IOAPIC[0]: apic_id 0, version 17, address 0xfec00000, GSI 0-23
[STDERR  ] 2019-03-03T17:00:15.237604941Z: [    0.578414] ACPI: INT_SRC_OVR (bus 0 bus_irq 0 global_irq 2 dfl dfl)
[STDERR  ] 2019-03-03T17:00:15.237619006Z: [    0.578416] ACPI: INT_SRC_OVR (bus 0 bus_irq 5 global_irq 5 high level)
[STDERR  ] 2019-03-03T17:00:15.237633182Z: [    0.578417] ACPI: INT_SRC_OVR (bus 0 bus_irq 9 global_irq 9 high level)
[STDERR  ] 2019-03-03T17:00:15.237645800Z: [    0.578419] ACPI: INT_SRC_OVR (bus 0 bus_irq 10 global_irq 10 high level)
[STDERR  ] 2019-03-03T17:00:15.237663810Z: [    0.578420] ACPI: INT_SRC_OVR (bus 0 bus_irq 11 global_irq 11 high level)
[STDERR  ] 2019-03-03T17:00:15.237676664Z: [    0.578427] Using ACPI (MADT) for SMP configuration information
[STDERR  ] 2019-03-03T17:00:15.237714274Z: [    0.578429] ACPI: HPET id: 0x8086a201 base: 0xfed00000
[STDERR  ] 2019-03-03T17:00:15.237730111Z: [    0.578463] smpboot: Allowing 1 CPUs, 0 hotplug CPUs
[STDERR  ] 2019-03-03T17:00:15.237746562Z: [    0.578559] [mem 0x40000000-0xafffffff] available for PCI devices
[STDERR  ] 2019-03-03T17:00:15.237758526Z: [    0.578560] Booting paravirtualized kernel on KVM
[STDERR  ] 2019-03-03T17:00:15.237774538Z: [    0.578563] clocksource: refined-jiffies: mask: 0xffffffff max_cycles: 0xffffffff, max_idle_ns: 1910969940391419 ns
[STDERR  ] 2019-03-03T17:00:15.237798353Z: [    0.684179] random: get_random_bytes called from start_kernel+0x92/0x52b with crng_init=0
[STDERR  ] 2019-03-03T17:00:15.237815045Z: [    0.684198] setup_percpu: NR_CPUS:128 nr_cpumask_bits:128 nr_cpu_ids:1 nr_node_ids:1
[STDERR  ] 2019-03-03T17:00:15.237828170Z: [    0.685009] percpu: Embedded 45 pages/cpu @(____ptrval____) s145112 r8192 d31016 u2097152
[STDERR  ] 2019-03-03T17:00:15.237840945Z: [    0.685120] KVM setup async PF for cpu 0
[STDERR  ] 2019-03-03T17:00:15.237853628Z: [    0.685171] kvm-stealtime: cpu 0, msr 3cc15e80
[STDERR  ] 2019-03-03T17:00:15.237866444Z: [    0.685193] Built 1 zonelists, mobility grouping on.  Total pages: 257896
[STDERR  ] 2019-03-03T17:00:15.237881809Z: [    0.685196] Kernel command line: console=ttyS0 console=ttyAMA0
[STDERR  ] 2019-03-03T17:00:15.237894925Z: [    0.685469] Dentry cache hash table entries: 131072 (order: 8, 1048576 bytes)
[STDERR  ] 2019-03-03T17:00:15.237906076Z: [    0.686089] Inode-cache hash table entries: 65536 (order: 7, 524288 bytes)
[STDERR  ] 2019-03-03T17:00:15.237920187Z: [    0.689993] Memory: 970892K/1048052K available (12300K kernel code, 1580K rwdata, 3052K rodata, 1588K init, 1996K bss, 77160K reserved, 0K cma-reserved)
[STDERR  ] 2019-03-03T17:00:15.237939984Z: [    0.690839] Kernel/User page tables isolation: enabled
[STDERR  ] 2019-03-03T17:00:15.237953222Z: [    0.690924] ftrace: allocating 42981 entries in 168 pages
[STDERR  ] 2019-03-03T17:00:15.237966092Z: [    0.708200] rcu: Hierarchical RCU implementation.
[STDERR  ] 2019-03-03T17:00:15.237978166Z: [    0.708204] rcu: 	RCU restricting CPUs from NR_CPUS=128 to nr_cpu_ids=1.
[STDERR  ] 2019-03-03T17:00:15.237990747Z: [    0.708205] rcu: Adjusting geometry for rcu_fanout_leaf=16, nr_cpu_ids=1
[STDERR  ] 2019-03-03T17:00:15.238003638Z: [    0.711074] NR_IRQS: 8448, nr_irqs: 256, preallocated irqs: 16
[STDERR  ] 2019-03-03T17:00:15.238016658Z: [    0.737824] Console: colour VGA+ 80x25
[STDERR  ] 2019-03-03T17:00:15.238042323Z: [    1.165969] console [ttyS0] enabled
[STDERR  ] 2019-03-03T17:00:15.238055747Z: [    1.169121] ACPI: Core revision 20180810
[STDERR  ] 2019-03-03T17:00:15.238075705Z: [    1.173408] clocksource: hpet: mask: 0xffffffff max_cycles: 0xffffffff, max_idle_ns: 19112604467 ns
[STDERR  ] 2019-03-03T17:00:15.238087847Z: [    1.181631] APIC: Switch to symmetric I/O mode setup
[STDERR  ] 2019-03-03T17:00:15.238100839Z: [    1.189506] x2apic enabled
[STDERR  ] 2019-03-03T17:00:15.238115208Z: [    1.194675] Switched APIC routing to physical x2apic.
[STDERR  ] 2019-03-03T17:00:15.238128144Z: [    1.208791] ..TIMER: vector=0x30 apic1=0 pin1=2 apic2=-1 pin2=-1
[STDERR  ] 2019-03-03T17:00:15.238141648Z: [    1.214346] clocksource: tsc-early: mask: 0xffffffffffffffff max_cycles: 0x2126ed38629, max_idle_ns: 440795218029 ns
[STDERR  ] 2019-03-03T17:00:15.238156069Z: [    1.223153] Calibrating delay loop (skipped) preset value.. 4599.84 BogoMIPS (lpj=2299924)
[STDERR  ] 2019-03-03T17:00:15.238169149Z: [    1.225128] pid_max: default: 32768 minimum: 301
[STDERR  ] 2019-03-03T17:00:15.238184091Z: [    1.226272] Security Framework initialized
[STDERR  ] 2019-03-03T17:00:15.238197683Z: [    1.227128] Yama: becoming mindful.
[STDERR  ] 2019-03-03T17:00:15.238211063Z: [    1.228184] Mount-cache hash table entries: 2048 (order: 2, 16384 bytes)
[STDERR  ] 2019-03-03T17:00:15.238229610Z: [    1.229133] Mountpoint-cache hash table entries: 2048 (order: 2, 16384 bytes)
[STDERR  ] 2019-03-03T17:00:15.238242058Z: [    1.232174] Last level iTLB entries: 4KB 0, 2MB 0, 4MB 0
[STDERR  ] 2019-03-03T17:00:15.238254891Z: [    1.233129] Last level dTLB entries: 4KB 0, 2MB 0, 4MB 0, 1GB 0
[STDERR  ] 2019-03-03T17:00:15.238267858Z: [    1.234130] Spectre V2 : Mitigation: Full generic retpoline
[STDERR  ] 2019-03-03T17:00:15.238283772Z: [    1.235127] Spectre V2 : Spectre v2 / SpectreRSB mitigation: Filling RSB on context switch
[STDERR  ] 2019-03-03T17:00:15.238296647Z: [    1.236128] Speculative Store Bypass: Vulnerable
[STDERR  ] 2019-03-03T17:00:15.238310188Z: [    1.247309] Freeing SMP alternatives memory: 20K
[STDERR  ] 2019-03-03T17:00:15.238321669Z: [    1.250120] smpboot: CPU0: Intel QEMU Virtual CPU version 2.5+ (family: 0x6, model: 0x6, stepping: 0x3)
[STDERR  ] 2019-03-03T17:00:15.238333779Z: [    1.250335] Performance Events: PMU not available due to virtualization, using software events only.
[STDERR  ] 2019-03-03T17:00:15.238346728Z: [    1.254142] rcu: Hierarchical SRCU implementation.
[STDERR  ] 2019-03-03T17:00:15.238359913Z: [    1.255429] NMI watchdog: Perf NMI watchdog permanently disabled
[STDERR  ] 2019-03-03T17:00:15.238377537Z: [    1.258066] smp: Bringing up secondary CPUs ...
[STDERR  ] 2019-03-03T17:00:15.238390328Z: [    1.258129] smp: Brought up 1 node, 1 CPU
[STDERR  ] 2019-03-03T17:00:15.238402629Z: [    1.259126] smpboot: Max logical packages: 1
[STDERR  ] 2019-03-03T17:00:15.238416814Z: [    1.260126] smpboot: Total of 1 processors activated (4599.84 BogoMIPS)
[STDERR  ] 2019-03-03T17:00:15.238428503Z: [    1.262407] devtmpfs: initialized
[STDERR  ] 2019-03-03T17:00:15.238441286Z: [    1.263225] x86/mm: Memory block size: 128MB
[STDERR  ] 2019-03-03T17:00:15.238454288Z: [    1.264603] clocksource: jiffies: mask: 0xffffffff max_cycles: 0xffffffff, max_idle_ns: 1911260446275000 ns
[STDERR  ] 2019-03-03T17:00:15.238467463Z: [    1.265141] futex hash table entries: 256 (order: 2, 16384 bytes)
[STDERR  ] 2019-03-03T17:00:15.238479878Z: [    1.267313] NET: Registered protocol family 16
[STDERR  ] 2019-03-03T17:00:15.238492173Z: [    1.268307] audit: initializing netlink subsys (disabled)
[STDERR  ] 2019-03-03T17:00:15.238504522Z: [    1.269215] audit: type=2000 audit(1551632401.396:1): state=initialized audit_enabled=0 res=1
[STDERR  ] 2019-03-03T17:00:15.238517732Z: [    1.271203] cpuidle: using governor ladder
[STDERR  ] 2019-03-03T17:00:15.238531260Z: [    1.272127] cpuidle: using governor menu
[STDERR  ] 2019-03-03T17:00:15.238543486Z: [    1.273283] ACPI: bus type PCI registered
[STDERR  ] 2019-03-03T17:00:15.238556703Z: [    1.274638] PCI: MMCONFIG for domain 0000 [bus 00-ff] at [mem 0xb0000000-0xbfffffff] (base 0xb0000000)
[STDERR  ] 2019-03-03T17:00:15.238569513Z: [    1.275133] PCI: MMCONFIG at [mem 0xb0000000-0xbfffffff] reserved in E820
[STDERR  ] 2019-03-03T17:00:15.238600025Z: [    1.277128] PCI: Using configuration type 1 for base access
[STDERR  ] 2019-03-03T17:00:15.238614568Z: [    1.280303] HugeTLB registered 2.00 MiB page size, pre-allocated 0 pages
[STDERR  ] 2019-03-03T17:00:15.238627797Z: [    1.282165] cryptd: max_cpu_qlen set to 1000
[STDERR  ] 2019-03-03T17:00:15.238640865Z: [    1.283365] ACPI: Added _OSI(Module Device)
[STDERR  ] 2019-03-03T17:00:15.238654171Z: [    1.284130] ACPI: Added _OSI(Processor Device)
[STDERR  ] 2019-03-03T17:00:15.238667984Z: [    1.285128] ACPI: Added _OSI(3.0 _SCP Extensions)
[STDERR  ] 2019-03-03T17:00:15.238681722Z: [    1.286127] ACPI: Added _OSI(Processor Aggregator Device)
[STDERR  ] 2019-03-03T17:00:15.238696676Z: [    1.287150] ACPI: Added _OSI(Linux-Dell-Video)
[STDERR  ] 2019-03-03T17:00:15.238709970Z: [    1.288130] ACPI: Added _OSI(Linux-Lenovo-NV-HDMI-Audio)
[STDERR  ] 2019-03-03T17:00:15.238724392Z: [    1.290819] ACPI: 1 ACPI AML tables successfully acquired and loaded
[STDERR  ] 2019-03-03T17:00:15.238737747Z: [    1.294299] ACPI: Interpreter enabled
[STDERR  ] 2019-03-03T17:00:15.238755777Z: [    1.295134] ACPI: (supports S0 S5)
[STDERR  ] 2019-03-03T17:00:15.238769369Z: [    1.296132] ACPI: Using IOAPIC for interrupt routing
[STDERR  ] 2019-03-03T17:00:15.238798586Z: [    1.297184] PCI: Using host bridge windows from ACPI; if necessary, use "pci=nocrs" and report a bug
[STDERR  ] 2019-03-03T17:00:15.238812118Z: [    1.298363] ACPI: Enabled 2 GPEs in block 00 to 3F
[STDERR  ] 2019-03-03T17:00:15.238823943Z: [    1.303893] ACPI: PCI Root Bridge [PCI0] (domain 0000 [bus 00-ff])
[STDERR  ] 2019-03-03T17:00:15.238839474Z: [    1.304138] acpi PNP0A08:00: _OSC: OS supports [ExtendedConfig ASPM ClockPM Segments MSI]
[STDERR  ] 2019-03-03T17:00:15.238852079Z: [    1.305228] acpi PNP0A08:00: _OSC: platform does not support [SHPCHotplug LTR]
[STDERR  ] 2019-03-03T17:00:15.238864927Z: [    1.306213] acpi PNP0A08:00: _OSC: OS now controls [PCIeHotplug PME PCIeCapability]
[STDERR  ] 2019-03-03T17:00:15.238877046Z: [    1.308153] PCI host bridge to bus 0000:00
[STDERR  ] 2019-03-03T17:00:15.238889774Z: [    1.309132] pci_bus 0000:00: root bus resource [io  0x0000-0x0cf7 window]
[STDERR  ] 2019-03-03T17:00:15.238902043Z: [    1.310128] pci_bus 0000:00: root bus resource [io  0x0d00-0xffff window]
[STDERR  ] 2019-03-03T17:00:15.238914155Z: [    1.311127] pci_bus 0000:00: root bus resource [mem 0x000a0000-0x000bffff window]
[STDERR  ] 2019-03-03T17:00:15.238926164Z: [    1.312126] pci_bus 0000:00: root bus resource [mem 0xc0000000-0xfebfffff window]
[STDERR  ] 2019-03-03T17:00:15.238938228Z: [    1.313133] pci_bus 0000:00: root bus resource [bus 00-ff]
[STDERR  ] 2019-03-03T17:00:15.238950469Z: [    1.385245] pci 0000:00:1f.0: quirk: [io  0x0600-0x067f] claimed by ICH6 ACPI/GPIO/TCO
[STDERR  ] 2019-03-03T17:00:15.238963534Z: [    1.412645] ACPI: PCI Interrupt Link [LNKA] (IRQs 5 *10 11)
[STDERR  ] 2019-03-03T17:00:15.238977338Z: [    1.413431] ACPI: PCI Interrupt Link [LNKB] (IRQs 5 *10 11)
[STDERR  ] 2019-03-03T17:00:15.238991038Z: [    1.414446] ACPI: PCI Interrupt Link [LNKC] (IRQs 5 10 *11)
[STDERR  ] 2019-03-03T17:00:15.239003706Z: [    1.416143] ACPI: PCI Interrupt Link [LNKD] (IRQs 5 10 *11)
[STDERR  ] 2019-03-03T17:00:15.239015802Z: [    1.417429] ACPI: PCI Interrupt Link [LNKE] (IRQs 5 *10 11)
[STDERR  ] 2019-03-03T17:00:15.239028923Z: [    1.418423] ACPI: PCI Interrupt Link [LNKF] (IRQs 5 *10 11)
[STDERR  ] 2019-03-03T17:00:15.239041637Z: [    1.420204] ACPI: PCI Interrupt Link [LNKG] (IRQs 5 10 *11)
[STDERR  ] 2019-03-03T17:00:15.239055824Z: [    1.421436] ACPI: PCI Interrupt Link [LNKH] (IRQs 5 10 *11)
[STDERR  ] 2019-03-03T17:00:15.239067906Z: [    1.422285] ACPI: PCI Interrupt Link [GSIA] (IRQs *16)
[STDERR  ] 2019-03-03T17:00:15.239082284Z: [    1.423155] ACPI: PCI Interrupt Link [GSIB] (IRQs *17)
[STDERR  ] 2019-03-03T17:00:15.239095022Z: [    1.424149] ACPI: PCI Interrupt Link [GSIC] (IRQs *18)
[STDERR  ] 2019-03-03T17:00:15.239112468Z: [    1.425146] ACPI: PCI Interrupt Link [GSID] (IRQs *19)
[STDERR  ] 2019-03-03T17:00:15.239125701Z: [    1.426147] ACPI: PCI Interrupt Link [GSIE] (IRQs *20)
[STDERR  ] 2019-03-03T17:00:15.239138347Z: [    1.427140] ACPI: PCI Interrupt Link [GSIF] (IRQs *21)
[STDERR  ] 2019-03-03T17:00:15.239151137Z: [    1.428148] ACPI: PCI Interrupt Link [GSIG] (IRQs *22)
[STDERR  ] 2019-03-03T17:00:15.239163601Z: [    1.429146] ACPI: PCI Interrupt Link [GSIH] (IRQs *23)
[STDERR  ] 2019-03-03T17:00:15.239176295Z: [    1.430626] SCSI subsystem initialized
[STDERR  ] 2019-03-03T17:00:15.239189263Z: [    1.432223] ACPI: bus type USB registered
[STDERR  ] 2019-03-03T17:00:15.239201788Z: [    1.433165] usbcore: registered new interface driver usbfs
[STDERR  ] 2019-03-03T17:00:15.239215837Z: [    1.434145] usbcore: registered new interface driver hub
[STDERR  ] 2019-03-03T17:00:15.239249459Z: [    1.435165] usbcore: registered new device driver usb
[STDERR  ] 2019-03-03T17:00:15.239262521Z: [    1.436157] pps_core: LinuxPPS API ver. 1 registered
[STDERR  ] 2019-03-03T17:00:15.239287656Z: [    1.437124] pps_core: Software ver. 5.3.6 - Copyright 2005-2007 Rodolfo Giometti <giometti@linux.it>
[STDERR  ] 2019-03-03T17:00:15.239313925Z: [    1.438139] PTP clock support registered
[STDERR  ] 2019-03-03T17:00:15.239340763Z: [    1.439230] PCI: Using ACPI for IRQ routing
[STDERR  ] 2019-03-03T17:00:15.239373963Z: [    1.888509] NetLabel: Initializing
[STDERR  ] 2019-03-03T17:00:15.239386824Z: [    1.889125] NetLabel:  domain hash size = 128
[STDERR  ] 2019-03-03T17:00:15.239399977Z: [    1.890123] NetLabel:  protocols = UNLABELED CIPSOv4 CALIPSO
[STDERR  ] 2019-03-03T17:00:15.239413009Z: [    1.891153] NetLabel:  unlabeled traffic allowed by default
[STDERR  ] 2019-03-03T17:00:15.239426063Z: [    1.893157] HPET: 3 timers in total, 0 timers will be used for per-cpu timer
[STDERR  ] 2019-03-03T17:00:15.239439725Z: [    1.894241] hpet0: at MMIO 0xfed00000, IRQs 2, 8, 0
[STDERR  ] 2019-03-03T17:00:15.239452976Z: [    1.895136] hpet0: 3 comparators, 64-bit 100.000000 MHz counter
[STDERR  ] 2019-03-03T17:00:15.239465855Z: [    1.899165] clocksource: Switched to clocksource kvm-clock
[STDERR  ] 2019-03-03T17:00:15.239479165Z: [    1.928027] VFS: Disk quotas dquot_6.6.0
[STDERR  ] 2019-03-03T17:00:15.239492045Z: [    1.931783] VFS: Dquot-cache hash table entries: 512 (order 0, 4096 bytes)
[STDERR  ] 2019-03-03T17:00:15.239504951Z: [    1.938022] FS-Cache: Loaded
[STDERR  ] 2019-03-03T17:00:15.239517802Z: [    1.940795] CacheFiles: Loaded
[STDERR  ] 2019-03-03T17:00:15.239530050Z: [    1.943725] pnp: PnP ACPI init
[STDERR  ] 2019-03-03T17:00:15.239544446Z: [    1.947715] pnp: PnP ACPI: found 5 devices
[STDERR  ] 2019-03-03T17:00:15.239559348Z: [    1.957841] clocksource: acpi_pm: mask: 0xffffff max_cycles: 0xffffff, max_idle_ns: 2085701024 ns
[STDERR  ] 2019-03-03T17:00:15.239575138Z: [    1.965874] NET: Registered protocol family 2
[STDERR  ] 2019-03-03T17:00:15.239598025Z: [    1.970840] tcp_listen_portaddr_hash hash table entries: 512 (order: 1, 8192 bytes)
[STDERR  ] 2019-03-03T17:00:15.239611490Z: [    1.977826] TCP established hash table entries: 8192 (order: 4, 65536 bytes)
[STDERR  ] 2019-03-03T17:00:15.239624892Z: [    1.984239] TCP bind hash table entries: 8192 (order: 5, 131072 bytes)
[STDERR  ] 2019-03-03T17:00:15.239729063Z: [    1.990091] TCP: Hash tables configured (established 8192 bind 8192)
[STDERR  ] 2019-03-03T17:00:15.239742677Z: [    1.995864] UDP hash table entries: 512 (order: 2, 16384 bytes)
[STDERR  ] 2019-03-03T17:00:15.239756280Z: [    2.001162] UDP-Lite hash table entries: 512 (order: 2, 16384 bytes)
[STDERR  ] 2019-03-03T17:00:15.239775713Z: [    2.006928] NET: Registered protocol family 1
[STDERR  ] 2019-03-03T17:00:15.239808936Z: [    2.011025] NET: Registered protocol family 44
[STDERR  ] 2019-03-03T17:00:15.239821242Z: [    2.015323] pci 0000:00:01.0: Video device with shadowed ROM at [mem 0x000c0000-0x000dffff]
[STDERR  ] 2019-03-03T17:00:15.239834502Z: [    2.023216] Trying to unpack rootfs image as initramfs...
[STDERR  ] 2019-03-03T17:00:15.239854408Z: [    2.604390] Freeing initrd memory: 31380K
[STDERR  ] 2019-03-03T17:00:15.239867137Z: [    2.608373] clocksource: tsc: mask: 0xffffffffffffffff max_cycles: 0x2126ed38629, max_idle_ns: 440795218029 ns
[STDERR  ] 2019-03-03T17:00:15.239880467Z: [    2.618685] PCLMULQDQ-NI instructions are not detected.
[STDERR  ] 2019-03-03T17:00:15.239893223Z: [    2.623484] AVX or AES-NI instructions are not detected.
[STDERR  ] 2019-03-03T17:00:15.239905655Z: [    2.628346] CPU feature 'AVX registers' is not supported.
[STDERR  ] 2019-03-03T17:00:15.239918244Z: [    2.632903] CPU feature 'AVX registers' is not supported.
[STDERR  ] 2019-03-03T17:00:15.239930694Z: [    2.636902] CPU feature 'AVX registers' is not supported.
[STDERR  ] 2019-03-03T17:00:15.239948043Z: [    2.641719] CPU feature 'AVX registers' is not supported.
[STDERR  ] 2019-03-03T17:00:15.239960616Z: [    2.646544] AVX2 or AES-NI instructions are not detected.
[STDERR  ] 2019-03-03T17:00:15.239972800Z: [    2.651483] AVX2 instructions are not detected.
[STDERR  ] 2019-03-03T17:00:15.239988830Z: [    2.656244] workingset: timestamp_bits=46 max_order=18 bucket_order=0
[STDERR  ] 2019-03-03T17:00:15.240006181Z: [    2.661869] squashfs: version 4.0 (2009/01/31) Phillip Lougher
[STDERR  ] 2019-03-03T17:00:15.240017998Z: [    2.667301] FS-Cache: Netfs 'cifs' registered for caching
[STDERR  ] 2019-03-03T17:00:15.240029804Z: [    2.672220] fuse init (API version 7.27)
[STDERR  ] 2019-03-03T17:00:15.240041812Z: [    2.675877] SGI XFS with ACLs, security attributes, no debug enabled
[STDERR  ] 2019-03-03T17:00:15.240054920Z: [    2.681306] 9p: Installing v9fs 9p2000 file system support
[STDERR  ] 2019-03-03T17:00:15.240067724Z: [    2.686246] FS-Cache: Netfs '9p' registered for caching
[STDERR  ] 2019-03-03T17:00:15.240080085Z: [    2.690997] pstore: using deflate compression
[STDERR  ] 2019-03-03T17:00:15.240092367Z: [    2.696393] NET: Registered protocol family 38
[STDERR  ] 2019-03-03T17:00:15.240104823Z: [    2.700533] Key type asymmetric registered
[STDERR  ] 2019-03-03T17:00:15.240131550Z: [    2.704394] Asymmetric key parser 'x509' registered
[STDERR  ] 2019-03-03T17:00:15.240143688Z: [    2.708837] Block layer SCSI generic (bsg) driver version 0.4 loaded (major 247)
[STDERR  ] 2019-03-03T17:00:15.240156150Z: [    2.715583] io scheduler noop registered
[STDERR  ] 2019-03-03T17:00:15.240168566Z: [    2.719112] io scheduler deadline registered (default)
[STDERR  ] 2019-03-03T17:00:15.240181345Z: [    2.723794] io scheduler cfq registered
[STDERR  ] 2019-03-03T17:00:15.240194160Z: [    2.727256] io scheduler mq-deadline registered (default)
[STDERR  ] 2019-03-03T17:00:15.240207010Z: [    2.732086] io scheduler kyber registered
[STDERR  ] 2019-03-03T17:00:15.240219783Z: [    2.735842] shpchp: Standard Hot Plug PCI Controller Driver version: 0.4
[STDERR  ] 2019-03-03T17:00:15.240232877Z: [    2.741857] hv_vmbus: registering driver hyperv_fb
[STDERR  ] 2019-03-03T17:00:15.240245424Z: [    2.746268] input: Power Button as /devices/LNXSYSTM:00/LNXPWRBN:00/input/input0
[STDERR  ] 2019-03-03T17:00:15.240257851Z: [    2.752913] ACPI: Power Button [PWRF]
[STDERR  ] 2019-03-03T17:00:15.240269336Z: [    2.757045] PCI Interrupt Link [GSIG] enabled at IRQ 22
[STDERR  ] 2019-03-03T17:00:15.240281718Z: [    2.767508] PCI Interrupt Link [GSIH] enabled at IRQ 23
[STDERR  ] 2019-03-03T17:00:15.240293979Z: [    2.777934] Serial: 8250/16550 driver, 4 ports, IRQ sharing disabled
[STDERR  ] 2019-03-03T17:00:15.240306312Z: [    2.817428] 00:04: ttyS0 at I/O 0x3f8 (irq = 4, base_baud = 115200) is a 16550A
[STDERR  ] 2019-03-03T17:00:15.240318842Z: [    2.824871] Non-volatile memory driver v1.3
[STDERR  ] 2019-03-03T17:00:15.240346165Z: [    2.830312] Hangcheck: starting hangcheck timer 0.9.1 (tick is 180 seconds, margin is 60 seconds).
[STDERR  ] 2019-03-03T17:00:15.240361927Z: [    2.838592] random: fast init done
[STDERR  ] 2019-03-03T17:00:15.240374361Z: [    2.842743] random: crng init done
[STDERR  ] 2019-03-03T17:00:15.240387085Z: [    2.847283] brd: module loaded
[STDERR  ] 2019-03-03T17:00:15.240404816Z: [    2.852694] loop: module loaded
[STDERR  ] 2019-03-03T17:00:15.240417424Z: [    2.859735] lpc_ich 0000:00:1f.0: I/O space for GPIO uninitialized
[STDERR  ] 2019-03-03T17:00:15.240430177Z: [    2.865464] VMware PVSCSI driver - version 1.0.7.0-k
[STDERR  ] 2019-03-03T17:00:15.240443476Z: [    2.869986] hv_vmbus: registering driver hv_storvsc
[STDERR  ] 2019-03-03T17:00:15.240455727Z: [    2.875087] PCI Interrupt Link [GSIA] enabled at IRQ 16
[STDERR  ] 2019-03-03T17:00:15.240469778Z: [    2.882874] ahci 0000:00:1f.2: AHCI 0001.0000 32 slots 6 ports 1.5 Gbps 0x3f impl SATA mode
[STDERR  ] 2019-03-03T17:00:15.240484816Z: [    2.889679] ahci 0000:00:1f.2: flags: 64bit ncq only 
[STDERR  ] 2019-03-03T17:00:15.240497217Z: [    2.897520] scsi host0: ahci
[STDERR  ] 2019-03-03T17:00:15.240509437Z: [    2.900346] scsi host1: ahci
[STDERR  ] 2019-03-03T17:00:15.240521375Z: [    2.903117] scsi host2: ahci
[STDERR  ] 2019-03-03T17:00:15.240533731Z: [    2.905949] scsi host3: ahci
[STDERR  ] 2019-03-03T17:00:15.240548279Z: [    2.908709] scsi host4: ahci
[STDERR  ] 2019-03-03T17:00:15.240566546Z: [    2.911420] scsi host5: ahci
[STDERR  ] 2019-03-03T17:00:15.240580219Z: [    2.913575] ata1: SATA max UDMA/133 abar m4096@0xfebd2000 port 0xfebd2100 irq 24
[STDERR  ] 2019-03-03T17:00:15.240618904Z: [    2.919645] ata2: SATA max UDMA/133 abar m4096@0xfebd2000 port 0xfebd2180 irq 24
[STDERR  ] 2019-03-03T17:00:15.240639302Z: [    2.925643] ata3: SATA max UDMA/133 abar m4096@0xfebd2000 port 0xfebd2200 irq 24
[STDERR  ] 2019-03-03T17:00:15.240652113Z: [    2.936233] ata4: SATA max UDMA/133 abar m4096@0xfebd2000 port 0xfebd2280 irq 24
[STDERR  ] 2019-03-03T17:00:15.240665718Z: [    2.942885] ata5: SATA max UDMA/133 abar m4096@0xfebd2000 port 0xfebd2300 irq 24
[STDERR  ] 2019-03-03T17:00:15.240678463Z: [    2.949481] ata6: SATA max UDMA/133 abar m4096@0xfebd2000 port 0xfebd2380 irq 24
[STDERR  ] 2019-03-03T17:00:15.240694977Z: [    2.958482] tun: Universal TUN/TAP device driver, 1.6
[STDERR  ] 2019-03-03T17:00:15.240707523Z: [    2.968064] VMware vmxnet3 virtual NIC driver - version 1.4.16.0-k-NAPI
[STDERR  ] 2019-03-03T17:00:15.240719642Z: [    2.974020] hv_vmbus: registering driver hv_netvsc
[STDERR  ] 2019-03-03T17:00:15.240732218Z: [    2.978306] Fusion MPT base driver 3.04.20
[STDERR  ] 2019-03-03T17:00:15.240745123Z: [    2.982061] Copyright (c) 1999-2008 LSI Corporation
[STDERR  ] 2019-03-03T17:00:15.240758675Z: [    2.986483] Fusion MPT SPI Host driver 3.04.20
[STDERR  ] 2019-03-03T17:00:15.240771244Z: [    2.990563] i8042: PNP: PS/2 Controller [PNP0303:KBD,PNP0f13:MOU] at 0x60,0x64 irq 1,12
[STDERR  ] 2019-03-03T17:00:15.240793848Z: [    3.001415] serio: i8042 KBD port at 0x60,0x64 irq 1
[STDERR  ] 2019-03-03T17:00:15.240806651Z: [    3.005956] serio: i8042 AUX port at 0x60,0x64 irq 12
[STDERR  ] 2019-03-03T17:00:15.240819199Z: [    3.010597] hv_vmbus: registering driver hyperv_keyboard
[STDERR  ] 2019-03-03T17:00:15.240831638Z: [    3.015424] mousedev: PS/2 mouse device common for all mice
[STDERR  ] 2019-03-03T17:00:15.240848553Z: [    3.021829] input: AT Translated Set 2 keyboard as /devices/platform/i8042/serio0/input/input1
[STDERR  ] 2019-03-03T17:00:15.240861944Z: [    3.029596] input: PC Speaker as /devices/platform/pcspkr/input/input2
[STDERR  ] 2019-03-03T17:00:15.240874724Z: [    3.036627] rtc_cmos 00:00: RTC can wake from S4
[STDERR  ] 2019-03-03T17:00:15.240887203Z: [    3.043357] rtc_cmos 00:00: registered as rtc0
[STDERR  ] 2019-03-03T17:00:15.240900125Z: [    3.047406] rtc_cmos 00:00: alarms up to one day, y3k, 114 bytes nvram, hpet irqs
[STDERR  ] 2019-03-03T17:00:15.240913420Z: [    3.054011] i2c /dev entries driver
[STDERR  ] 2019-03-03T17:00:15.240926643Z: [    3.057583] device-mapper: ioctl: 4.39.0-ioctl (2018-04-03) initialised: dm-devel@redhat.com
[STDERR  ] 2019-03-03T17:00:15.240939031Z: [    3.065641] usbcore: registered new interface driver usbhid
[STDERR  ] 2019-03-03T17:00:15.240952369Z: [    3.070690] usbhid: USB HID core driver
[STDERR  ] 2019-03-03T17:00:15.240971348Z: [    3.074273] hv_utils: Registering HyperV Utility Driver
[STDERR  ] 2019-03-03T17:00:15.240983986Z: [    3.078990] hv_vmbus: registering driver hv_util
[STDERR  ] 2019-03-03T17:00:15.240995842Z: [    3.083151] hv_vmbus: registering driver hv_balloon
[STDERR  ] 2019-03-03T17:00:15.241008644Z: [    3.087559] oprofile: using NMI interrupt.
[STDERR  ] 2019-03-03T17:00:15.241025226Z: [    3.091265] GACT probability on
[STDERR  ] 2019-03-03T17:00:15.241038207Z: [    3.094148] Mirror/redirect action on
[STDERR  ] 2019-03-03T17:00:15.241050734Z: [    3.097527] Simple TC action Loaded
[STDERR  ] 2019-03-03T17:00:15.241062899Z: [    3.101039] u32 classifier
[STDERR  ] 2019-03-03T17:00:15.241076756Z: [    3.103346]     Performance counters on
[STDERR  ] 2019-03-03T17:00:15.241092555Z: [    3.106553]     input device check on
[STDERR  ] 2019-03-03T17:00:15.241105325Z: [    3.109540]     Actions configured
[STDERR  ] 2019-03-03T17:00:15.241117243Z: [    3.112624] xt_time: kernel timezone is -0000
[STDERR  ] 2019-03-03T17:00:15.241129204Z: [    3.116212] IPVS: Registered protocols (TCP, UDP, SCTP, AH, ESP)
[STDERR  ] 2019-03-03T17:00:15.241153853Z: [    3.121128] IPVS: Connection hash table configured (size=4096, memory=64Kbytes)
[STDERR  ] 2019-03-03T17:00:15.241166859Z: [    3.127271] IPVS: ipvs loaded.
[STDERR  ] 2019-03-03T17:00:15.241179643Z: [    3.129900] IPVS: [rr] scheduler registered.
[STDERR  ] 2019-03-03T17:00:15.241192066Z: [    3.133457] IPVS: [wrr] scheduler registered.
[STDERR  ] 2019-03-03T17:00:15.241204782Z: [    3.137107] IPVS: [lc] scheduler registered.
[STDERR  ] 2019-03-03T17:00:15.241217209Z: [    3.140623] IPVS: [wlc] scheduler registered.
[STDERR  ] 2019-03-03T17:00:15.241229518Z: [    3.144270] IPVS: [fo] scheduler registered.
[STDERR  ] 2019-03-03T17:00:15.241241112Z: [    3.147840] IPVS: [ovf] scheduler registered.
[STDERR  ] 2019-03-03T17:00:15.241253098Z: [    3.151446] IPVS: [lblc] scheduler registered.
[STDERR  ] 2019-03-03T17:00:15.241265097Z: [    3.155171] IPVS: [lblcr] scheduler registered.
[STDERR  ] 2019-03-03T17:00:15.241277998Z: [    3.158868] IPVS: [dh] scheduler registered.
[STDERR  ] 2019-03-03T17:00:15.241291074Z: [    3.162406] IPVS: [sh] scheduler registered.
[STDERR  ] 2019-03-03T17:00:15.241303361Z: [    3.165949] IPVS: [mh] scheduler registered.
[STDERR  ] 2019-03-03T17:00:15.241319638Z: [    3.169905] IPVS: [sed] scheduler registered.
[STDERR  ] 2019-03-03T17:00:15.241331646Z: [    3.173517] IPVS: [nq] scheduler registered.
[STDERR  ] 2019-03-03T17:00:15.241344290Z: [    3.177257] IPVS: ftp: loaded support on port[0] = 21
[STDERR  ] 2019-03-03T17:00:15.241362552Z: [    3.181632] ipip: IPv4 and MPLS over IPv4 tunneling driver
[STDERR  ] 2019-03-03T17:00:15.241374816Z: [    3.186556] gre: GRE over IPv4 demultiplexor driver
[STDERR  ] 2019-03-03T17:00:15.241388011Z: [    3.190689] ipt_CLUSTERIP: ClusterIP Version 0.8 loaded successfully
[STDERR  ] 2019-03-03T17:00:15.241400787Z: [    3.196260] NET: Registered protocol family 10
[STDERR  ] 2019-03-03T17:00:15.241413241Z: [    3.200387] Segment Routing with IPv6
[STDERR  ] 2019-03-03T17:00:15.241425454Z: [    3.204008] NET: Registered protocol family 17
[STDERR  ] 2019-03-03T17:00:15.241437538Z: [    3.207761] Bridge firewalling registered
[STDERR  ] 2019-03-03T17:00:15.241449809Z: [    3.211315] 8021q: 802.1Q VLAN Support v1.8
[STDERR  ] 2019-03-03T17:00:15.241462062Z: [    3.214843] 9pnet: Installing 9P2000 support
[STDERR  ] 2019-03-03T17:00:15.241474419Z: [    3.218640] Key type dns_resolver registered
[STDERR  ] 2019-03-03T17:00:15.241488086Z: [    3.222416] registered taskstats version 1
[STDERR  ] 2019-03-03T17:00:15.241505689Z: [    3.234314] Key type big_key registered
[STDERR  ] 2019-03-03T17:00:15.241518645Z: [    3.242487] Key type trusted registered
[STDERR  ] 2019-03-03T17:00:15.241531016Z: [    3.249973] Key type encrypted registered
[STDERR  ] 2019-03-03T17:00:15.241543183Z: [    3.253946] ima: No TPM chip found, activating TPM-bypass!
[STDERR  ] 2019-03-03T17:00:15.241555405Z: [    3.259183] ima: Allocated hash algorithm: sha256
[STDERR  ] 2019-03-03T17:00:15.241576656Z: [    3.263438] evm: Initialising EVM extended attributes:
[STDERR  ] 2019-03-03T17:00:15.241597549Z: [    3.268109] evm: security.ima
[STDERR  ] 2019-03-03T17:00:15.241610555Z: [    3.270813] evm: security.capability
[STDERR  ] 2019-03-03T17:00:15.241622996Z: [    3.274084] evm: HMAC attrs: 0x1
[STDERR  ] 2019-03-03T17:00:15.241636222Z: [    3.277655] ata6: SATA link down (SStatus 0 SControl 300)
[STDERR  ] 2019-03-03T17:00:15.241649601Z: [    3.283260] ata5: SATA link down (SStatus 0 SControl 300)
[STDERR  ] 2019-03-03T17:00:15.241661695Z: [    3.288968] ata4: SATA link down (SStatus 0 SControl 300)
[STDERR  ] 2019-03-03T17:00:15.241675641Z: [    3.294639] ata3: SATA link up 1.5 Gbps (SStatus 113 SControl 300)
[STDERR  ] 2019-03-03T17:00:15.241708591Z: [    3.301186] ata2: SATA link down (SStatus 0 SControl 300)
[STDERR  ] 2019-03-03T17:00:15.241722921Z: [    3.306773] ata1: SATA link down (SStatus 0 SControl 300)
[STDERR  ] 2019-03-03T17:00:15.241735318Z: [    3.311856] ata3.00: ATAPI: QEMU DVD-ROM, 2.5+, max UDMA/100
[STDERR  ] 2019-03-03T17:00:15.241754515Z: [    3.316899] ata3.00: applying bridge limits
[STDERR  ] 2019-03-03T17:00:15.241767754Z: [    3.321229] ata3.00: configured for UDMA/100
[STDERR  ] 2019-03-03T17:00:15.241781055Z: [    3.326276] rtc_cmos 00:00: setting system clock to 2019-03-03 17:00:03 UTC (1551632403)
[STDERR  ] 2019-03-03T17:00:15.241805760Z: [    3.334330] scsi 2:0:0:0: CD-ROM            QEMU     QEMU DVD-ROM     2.5+ PQ: 0 ANSI: 5
[STDERR  ] 2019-03-03T17:00:15.241818572Z: [    3.341694] Unstable clock detected, switching default tracing clock to "global"
[STDERR  ] 2019-03-03T17:00:15.241834102Z: [    3.341694] If you want to keep using the local clock, then add:
[STDERR  ] 2019-03-03T17:00:15.241847573Z: [    3.341694]   "trace_clock=local"
[STDERR  ] 2019-03-03T17:00:15.241861951Z: [    3.341694] on the kernel command line
[STDERR  ] 2019-03-03T17:00:15.241874339Z: [    3.375099] sr 2:0:0:0: [sr0] scsi3-mmc drive: 4x/4x cd/rw xa/form2 tray
[STDERR  ] 2019-03-03T17:00:15.241886781Z: [    3.381194] cdrom: Uniform CD-ROM driver Revision: 3.20
[STDERR  ] 2019-03-03T17:00:15.241899043Z: [    3.386469] sr 2:0:0:0: Attached scsi generic sg0 type 5
[STDERR  ] 2019-03-03T17:00:15.241911236Z: [    3.394302] Freeing unused kernel image memory: 1588K
[STDERR  ] 2019-03-03T17:00:15.241923385Z: [    3.400233] Write protecting the kernel read-only data: 18432k
[STDERR  ] 2019-03-03T17:00:15.241935521Z: [    3.406406] Freeing unused kernel image memory: 2028K
[STDERR  ] 2019-03-03T17:00:15.241947983Z: [    3.411359] Freeing unused kernel image memory: 1044K
[STDERR  ] 2019-03-03T17:00:15.241961188Z: [    3.415945] Run /init as init process
[STDERR  ] 2019-03-03T17:00:15.241973842Z: 
[STDERR  ] 2019-03-03T17:00:15.241986248Z: Welcome to LinuxKit
[STDERR  ] 2019-03-03T17:00:15.241999261Z: 
[STDERR  ] 2019-03-03T17:00:15.242014693Z:                         ##         .
[STDERR  ] 2019-03-03T17:00:15.242028657Z:                   ## ## ##        ==
[STDERR  ] 2019-03-03T17:00:15.242042975Z:                ## ## ## ## ##    ===
[STDERR  ] 2019-03-03T17:00:15.242055985Z:            /"""""""""""""""""\___/ ===
[STDERR  ] 2019-03-03T17:00:15.242068472Z:           {                       /  ===-
[STDERR  ] 2019-03-03T17:00:15.242080674Z:            \______ O           __/
[STDERR  ] 2019-03-03T17:00:15.242093606Z:              \    \         __/
[STDERR  ] 2019-03-03T17:00:15.242605388Z:               \____\_______/
[STDERR  ] 2019-03-03T17:00:15.242620048Z: 
[STDERR  ] 2019-03-03T17:00:15.242633311Z: sysctl test suite PASSED
[STDERR  ] 2019-03-03T17:00:15.242646916Z: [   14.085652] ACPI: Preparing to enter system sleep state S5
[STDERR  ] 2019-03-03T17:00:15.242660742Z: [   14.090897] reboot: Power down
[STDERR  ] 2019-03-03T17:00:15.242673987Z: + echo [    0.000000] Linux version 4.19.26-linuxkit (root@632a108c102b) (gcc version 6.4.0 (Alpine 6.4.0)) #1 SMP Fri Mar 1 09:01:30 UTC 2019
[STDERR  ] 2019-03-03T17:00:15.242688561Z: [    0.000000] Command line: console=ttyS0 console=ttyAMA0
[STDERR  ] 2019-03-03T17:00:15.242708303Z: [    0.000000] x86/fpu: x87 FPU will use FXSAVE
[STDERR  ] 2019-03-03T17:00:15.242721788Z: [    0.000000] BIOS-provided physical RAM map:
[STDERR  ] 2019-03-03T17:00:15.242734745Z: [    0.000000] BIOS-e820: [mem 0x0000000000000000-0x000000000009fbff] usable
[STDERR  ] 2019-03-03T17:00:15.242748193Z: [    0.000000] BIOS-e820: [mem 0x000000000009fc00-0x000000000009ffff] reserved
[STDERR  ] 2019-03-03T17:00:15.242767411Z: [    0.000000] BIOS-e820: [mem 0x00000000000f0000-0x00000000000fffff] reserved
[STDERR  ] 2019-03-03T17:00:15.242780736Z: [    0.000000] BIOS-e820: [mem 0x0000000000100000-0x000000003ffdefff] usable
[STDERR  ] 2019-03-03T17:00:15.242803764Z: [    0.000000] BIOS-e820: [mem 0x000000003ffdf000-0x000000003fffffff] reserved
[STDERR  ] 2019-03-03T17:00:15.242817163Z: [    0.000000] BIOS-e820: [mem 0x00000000b0000000-0x00000000bfffffff] reserved
[STDERR  ] 2019-03-03T17:00:15.242830624Z: [    0.000000] BIOS-e820: [mem 0x00000000fed1c000-0x00000000fed1ffff] reserved
[STDERR  ] 2019-03-03T17:00:15.242844010Z: [    0.000000] BIOS-e820: [mem 0x00000000feffc000-0x00000000feffffff] reserved
[STDERR  ] 2019-03-03T17:00:15.242861035Z: [    0.000000] BIOS-e820: [mem 0x00000000fffc0000-0x00000000ffffffff] reserved
[STDERR  ] 2019-03-03T17:00:15.242878420Z: [    0.000000] NX (Execute Disable) protection: active
[STDERR  ] 2019-03-03T17:00:15.242891783Z: [    0.000000] SMBIOS 2.8 present.
[STDERR  ] 2019-03-03T17:00:15.242905453Z: [    0.000000] DMI: QEMU Standard PC (Q35 + ICH9, 2009), BIOS 1.10.2-1 04/01/2014
[STDERR  ] 2019-03-03T17:00:15.242924564Z: [    0.000000] Hypervisor detected: KVM
[STDERR  ] 2019-03-03T17:00:15.242938213Z: [    0.000000] kvm-clock: Using msrs 4b564d01 and 4b564d00
[STDERR  ] 2019-03-03T17:00:15.242951328Z: [    0.549387] kvm-clock: cpu 0, msr 24824001, primary cpu clock
[STDERR  ] 2019-03-03T17:00:15.242965048Z: [    0.549388] clocksource: kvm-clock: mask: 0xffffffffffffffff max_cycles: 0x1cd42e4dffb, max_idle_ns: 881590591483 ns
[STDERR  ] 2019-03-03T17:00:15.242979803Z: [    0.549391] tsc: Detected 2299.924 MHz processor
[STDERR  ] 2019-03-03T17:00:15.242992852Z: [    0.552797] last_pfn = 0x3ffdf max_arch_pfn = 0x400000000
[STDERR  ] 2019-03-03T17:00:15.243006058Z: [    0.553390] x86/PAT: PAT not supported by CPU.
[STDERR  ] 2019-03-03T17:00:15.243019102Z: [    0.553440] x86/PAT: Configuration [0-7]: WB  WT  UC- UC  WB  WT  UC- UC  
[STDERR  ] 2019-03-03T17:00:15.243032176Z: [    0.564283] found SMP MP-table at [mem 0x000f6a90-0x000f6a9f] mapped at [(____ptrval____)]
[STDERR  ] 2019-03-03T17:00:15.243048350Z: [    0.564600] RAMDISK: [mem 0x3e12b000-0x3ffcffff]
[STDERR  ] 2019-03-03T17:00:15.243065203Z: [    0.564825] ACPI: Early table checksum verification disabled
[STDERR  ] 2019-03-03T17:00:15.243081554Z: [    0.564944] ACPI: RSDP 0x00000000000F68D0 000014 (v00 BOCHS )
[STDERR  ] 2019-03-03T17:00:15.243094726Z: [    0.564953] ACPI: RSDT 0x000000003FFE2404 000034 (v01 BOCHS  BXPCRSDT 00000001 BXPC 00000001)
[STDERR  ] 2019-03-03T17:00:15.243108156Z: [    0.564961] ACPI: FACP 0x000000003FFE22A4 000074 (v01 BOCHS  BXPCFACP 00000001 BXPC 00000001)
[STDERR  ] 2019-03-03T17:00:15.243121311Z: [    0.564967] ACPI: DSDT 0x000000003FFE0040 002264 (v01 BOCHS  BXPCDSDT 00000001 BXPC 00000001)
[STDERR  ] 2019-03-03T17:00:15.243134365Z: [    0.564972] ACPI: FACS 0x000000003FFE0000 000040
[STDERR  ] 2019-03-03T17:00:15.243148740Z: [    0.564975] ACPI: APIC 0x000000003FFE2318 000078 (v01 BOCHS  BXPCAPIC 00000001 BXPC 00000001)
[STDERR  ] 2019-03-03T17:00:15.243161665Z: [    0.564979] ACPI: HPET 0x000000003FFE2390 000038 (v01 BOCHS  BXPCHPET 00000001 BXPC 00000001)
[STDERR  ] 2019-03-03T17:00:15.243174452Z: [    0.564983] ACPI: MCFG 0x000000003FFE23C8 00003C (v01 BOCHS  BXPCMCFG 00000001 BXPC 00000001)
[STDERR  ] 2019-03-03T17:00:15.243187435Z: [    0.565768] Zone ranges:
[STDERR  ] 2019-03-03T17:00:15.243201210Z: [    0.565771]   DMA      [mem 0x0000000000001000-0x0000000000ffffff]
[STDERR  ] 2019-03-03T17:00:15.243220185Z: [    0.565773]   DMA32    [mem 0x0000000001000000-0x000000003ffdefff]
[STDERR  ] 2019-03-03T17:00:15.243234043Z: [    0.565774]   Normal   empty
[STDERR  ] 2019-03-03T17:00:15.243247352Z: [    0.565776]   Device   empty
[STDERR  ] 2019-03-03T17:00:15.243260701Z: [    0.565777] Movable zone start for each node
[STDERR  ] 2019-03-03T17:00:15.243273833Z: [    0.565778] Early memory node ranges
[STDERR  ] 2019-03-03T17:00:15.243286732Z: [    0.565779]   node   0: [mem 0x0000000000001000-0x000000000009efff]
[STDERR  ] 2019-03-03T17:00:15.243300001Z: [    0.565780]   node   0: [mem 0x0000000000100000-0x000000003ffdefff]
[STDERR  ] 2019-03-03T17:00:15.243312991Z: [    0.566341] Reserved but unavailable: 98 pages
[STDERR  ] 2019-03-03T17:00:15.243326017Z: [    0.566343] Initmem setup node 0 [mem 0x0000000000001000-0x000000003ffdefff]
[STDERR  ] 2019-03-03T17:00:15.243339155Z: [    0.578124] ACPI: PM-Timer IO Port: 0x608
[STDERR  ] 2019-03-03T17:00:15.243352657Z: [    0.578174] ACPI: LAPIC_NMI (acpi_id[0xff] dfl dfl lint[0x1])
[STDERR  ] 2019-03-03T17:00:15.243365844Z: [    0.578410] IOAPIC[0]: apic_id 0, version 17, address 0xfec00000, GSI 0-23
[STDERR  ] 2019-03-03T17:00:15.243382886Z: [    0.578414] ACPI: INT_SRC_OVR (bus 0 bus_irq 0 global_irq 2 dfl dfl)
[STDERR  ] 2019-03-03T17:00:15.243396403Z: [    0.578416] ACPI: INT_SRC_OVR (bus 0 bus_irq 5 global_irq 5 high level)
[STDERR  ] 2019-03-03T17:00:15.243409305Z: [    0.578417] ACPI: INT_SRC_OVR (bus 0 bus_irq 9 global_irq 9 high level)
[STDERR  ] 2019-03-03T17:00:15.243425160Z: [    0.578419] ACPI: INT_SRC_OVR (bus 0 bus_irq 10 global_irq 10 high level)
[STDERR  ] 2019-03-03T17:00:15.243438188Z: [    0.578420] ACPI: INT_SRC_OVR (bus 0 bus_irq 11 global_irq 11 high level)
[STDERR  ] 2019-03-03T17:00:15.243451161Z: [    0.578427] Using ACPI (MADT) for SMP configuration information
[STDERR  ] 2019-03-03T17:00:15.243464415Z: [    0.578429] ACPI: HPET id: 0x8086a201 base: 0xfed00000
[STDERR  ] 2019-03-03T17:00:15.243478329Z: [    0.578463] smpboot: Allowing 1 CPUs, 0 hotplug CPUs
[STDERR  ] 2019-03-03T17:00:15.243493646Z: [    0.578559] [mem 0x40000000-0xafffffff] available for PCI devices
[STDERR  ] 2019-03-03T17:00:15.243506802Z: [    0.578560] Booting paravirtualized kernel on KVM
[STDERR  ] 2019-03-03T17:00:15.243520149Z: [    0.578563] clocksource: refined-jiffies: mask: 0xffffffff max_cycles: 0xffffffff, max_idle_ns: 1910969940391419 ns
[STDERR  ] 2019-03-03T17:00:15.243533363Z: [    0.684179] random: get_random_bytes called from start_kernel+0x92/0x52b with crng_init=0
[STDERR  ] 2019-03-03T17:00:15.243545933Z: [    0.684198] setup_percpu: NR_CPUS:128 nr_cpumask_bits:128 nr_cpu_ids:1 nr_node_ids:1
[STDERR  ] 2019-03-03T17:00:15.243558895Z: [    0.685009] percpu: Embedded 45 pages/cpu @(____ptrval____) s145112 r8192 d31016 u2097152
[STDERR  ] 2019-03-03T17:00:15.243572110Z: [    0.685120] KVM setup async PF for cpu 0
[STDERR  ] 2019-03-03T17:00:15.243593111Z: [    0.685171] kvm-stealtime: cpu 0, msr 3cc15e80
[STDERR  ] 2019-03-03T17:00:15.243606470Z: [    0.685193] Built 1 zonelists, mobility grouping on.  Total pages: 257896
[STDERR  ] 2019-03-03T17:00:15.243619307Z: [    0.685196] Kernel command line: console=ttyS0 console=ttyAMA0
[STDERR  ] 2019-03-03T17:00:15.243632497Z: [    0.685469] Dentry cache hash table entries: 131072 (order: 8, 1048576 bytes)
[STDERR  ] 2019-03-03T17:00:15.243646191Z: [    0.686089] Inode-cache hash table entries: 65536 (order: 7, 524288 bytes)
[STDERR  ] 2019-03-03T17:00:15.243659660Z: [    0.689993] Memory: 970892K/1048052K available (12300K kernel code, 1580K rwdata, 3052K rodata, 1588K init, 1996K bss, 77160K reserved, 0K cma-reserved)
[STDERR  ] 2019-03-03T17:00:15.243673260Z: [    0.690839] Kernel/User page tables isolation: enabled
[STDERR  ] 2019-03-03T17:00:15.243686521Z: [    0.690924] ftrace: allocating 42981 entries in 168 pages
[STDERR  ] 2019-03-03T17:00:15.243701607Z: [    0.708200] rcu: Hierarchical RCU implementation.
[STDERR  ] 2019-03-03T17:00:15.243718649Z: [    0.708204] rcu: 	RCU restricting CPUs from NR_CPUS=128 to nr_cpu_ids=1.
[STDERR  ] 2019-03-03T17:00:15.243736735Z: [    0.708205] rcu: Adjusting geometry for rcu_fanout_leaf=16, nr_cpu_ids=1
[STDERR  ] 2019-03-03T17:00:15.243749851Z: [    0.711074] NR_IRQS: 8448, nr_irqs: 256, preallocated irqs: 16
[STDERR  ] 2019-03-03T17:00:15.243762609Z: [    0.737824] Console: colour VGA+ 80x25
[STDERR  ] 2019-03-03T17:00:15.243775955Z: [    1.165969] console [ttyS0] enabled
[STDERR  ] 2019-03-03T17:00:15.243798092Z: [    1.169121] ACPI: Core revision 20180810
[STDERR  ] 2019-03-03T17:00:15.243812327Z: [    1.173408] clocksource: hpet: mask: 0xffffffff max_cycles: 0xffffffff, max_idle_ns: 19112604467 ns
[STDERR  ] 2019-03-03T17:00:15.243825686Z: [    1.181631] APIC: Switch to symmetric I/O mode setup
[STDERR  ] 2019-03-03T17:00:15.243838516Z: [    1.189506] x2apic enabled
[STDERR  ] 2019-03-03T17:00:15.243851860Z: [    1.194675] Switched APIC routing to physical x2apic.
[STDERR  ] 2019-03-03T17:00:15.243865182Z: [    1.208791] ..TIMER: vector=0x30 apic1=0 pin1=2 apic2=-1 pin2=-1
[STDERR  ] 2019-03-03T17:00:15.243878161Z: [    1.214346] clocksource: tsc-early: mask: 0xffffffffffffffff max_cycles: 0x2126ed38629, max_idle_ns: 440795218029 ns
[STDERR  ] 2019-03-03T17:00:15.243895365Z: [    1.223153] Calibrating delay loop (skipped) preset value.. 4599.84 BogoMIPS (lpj=2299924)
[STDERR  ] 2019-03-03T17:00:15.243910692Z: [    1.225128] pid_max: default: 32768 minimum: 301
[STDERR  ] 2019-03-03T17:00:15.243925720Z: [    1.226272] Security Framework initialized
[STDERR  ] 2019-03-03T17:00:15.243938060Z: [    1.227128] Yama: becoming mindful.
[STDERR  ] 2019-03-03T17:00:15.243950457Z: [    1.228184] Mount-cache hash table entries: 2048 (order: 2, 16384 bytes)
[STDERR  ] 2019-03-03T17:00:15.243963631Z: [    1.229133] Mountpoint-cache hash table entries: 2048 (order: 2, 16384 bytes)
[STDERR  ] 2019-03-03T17:00:15.243977897Z: [    1.232174] Last level iTLB entries: 4KB 0, 2MB 0, 4MB 0
[STDERR  ] 2019-03-03T17:00:15.243991068Z: [    1.233129] Last level dTLB entries: 4KB 0, 2MB 0, 4MB 0, 1GB 0
[STDERR  ] 2019-03-03T17:00:15.244003729Z: [    1.234130] Spectre V2 : Mitigation: Full generic retpoline
[STDERR  ] 2019-03-03T17:00:15.244016807Z: [    1.235127] Spectre V2 : Spectre v2 / SpectreRSB mitigation: Filling RSB on context switch
[STDERR  ] 2019-03-03T17:00:15.244029643Z: [    1.236128] Speculative Store Bypass: Vulnerable
[STDERR  ] 2019-03-03T17:00:15.244042529Z: [    1.247309] Freeing SMP alternatives memory: 20K
[STDERR  ] 2019-03-03T17:00:15.244055650Z: [    1.250120] smpboot: CPU0: Intel QEMU Virtual CPU version 2.5+ (family: 0x6, model: 0x6, stepping: 0x3)
[STDERR  ] 2019-03-03T17:00:15.244069302Z: [    1.250335] Performance Events: PMU not available due to virtualization, using software events only.
[STDERR  ] 2019-03-03T17:00:15.244082722Z: [    1.254142] rcu: Hierarchical SRCU implementation.
[STDERR  ] 2019-03-03T17:00:15.244100102Z: [    1.255429] NMI watchdog: Perf NMI watchdog permanently disabled
[STDERR  ] 2019-03-03T17:00:15.244112965Z: [    1.258066] smp: Bringing up secondary CPUs ...
[STDERR  ] 2019-03-03T17:00:15.244125838Z: [    1.258129] smp: Brought up 1 node, 1 CPU
[STDERR  ] 2019-03-03T17:00:15.244138691Z: [    1.259126] smpboot: Max logical packages: 1
[STDERR  ] 2019-03-03T17:00:15.244152639Z: [    1.260126] smpboot: Total of 1 processors activated (4599.84 BogoMIPS)
[STDERR  ] 2019-03-03T17:00:15.244168456Z: [    1.262407] devtmpfs: initialized
[STDERR  ] 2019-03-03T17:00:15.244182062Z: [    1.263225] x86/mm: Memory block size: 128MB
[STDERR  ] 2019-03-03T17:00:15.244195038Z: [    1.264603] clocksource: jiffies: mask: 0xffffffff max_cycles: 0xffffffff, max_idle_ns: 1911260446275000 ns
[STDERR  ] 2019-03-03T17:00:15.244208567Z: [    1.265141] futex hash table entries: 256 (order: 2, 16384 bytes)
[STDERR  ] 2019-03-03T17:00:15.244221669Z: [    1.267313] NET: Registered protocol family 16
[STDERR  ] 2019-03-03T17:00:15.244235132Z: [    1.268307] audit: initializing netlink subsys (disabled)
[STDERR  ] 2019-03-03T17:00:15.244248148Z: [    1.269215] audit: type=2000 audit(1551632401.396:1): state=initialized audit_enabled=0 res=1
[STDERR  ] 2019-03-03T17:00:15.244265308Z: [    1.271203] cpuidle: using governor ladder
[STDERR  ] 2019-03-03T17:00:15.244278440Z: [    1.272127] cpuidle: using governor menu
[STDERR  ] 2019-03-03T17:00:15.244291221Z: [    1.273283] ACPI: bus type PCI registered
[STDERR  ] 2019-03-03T17:00:15.244304055Z: [    1.274638] PCI: MMCONFIG for domain 0000 [bus 00-ff] at [mem 0xb0000000-0xbfffffff] (base 0xb0000000)
[STDERR  ] 2019-03-03T17:00:15.244317253Z: [    1.275133] PCI: MMCONFIG at [mem 0xb0000000-0xbfffffff] reserved in E820
[STDERR  ] 2019-03-03T17:00:15.244330108Z: [    1.277128] PCI: Using configuration type 1 for base access
[STDERR  ] 2019-03-03T17:00:15.244343168Z: [    1.280303] HugeTLB registered 2.00 MiB page size, pre-allocated 0 pages
[STDERR  ] 2019-03-03T17:00:15.244356164Z: [    1.282165] cryptd: max_cpu_qlen set to 1000
[STDERR  ] 2019-03-03T17:00:15.244369160Z: [    1.283365] ACPI: Added _OSI(Module Device)
[STDERR  ] 2019-03-03T17:00:15.244384156Z: [    1.284130] ACPI: Added _OSI(Processor Device)
[STDERR  ] 2019-03-03T17:00:15.244397165Z: [    1.285128] ACPI: Added _OSI(3.0 _SCP Extensions)
[STDERR  ] 2019-03-03T17:00:15.244414257Z: [    1.286127] ACPI: Added _OSI(Processor Aggregator Device)
[STDERR  ] 2019-03-03T17:00:15.244427597Z: [    1.287150] ACPI: Added _OSI(Linux-Dell-Video)
[STDERR  ] 2019-03-03T17:00:15.244440556Z: [    1.288130] ACPI: Added _OSI(Linux-Lenovo-NV-HDMI-Audio)
[STDERR  ] 2019-03-03T17:00:15.244453712Z: [    1.290819] ACPI: 1 ACPI AML tables successfully acquired and loaded
[STDERR  ] 2019-03-03T17:00:15.244466744Z: [    1.294299] ACPI: Interpreter enabled
[STDERR  ] 2019-03-03T17:00:15.244479736Z: [    1.295134] ACPI: (supports S0 S5)
[STDERR  ] 2019-03-03T17:00:15.244492606Z: [    1.296132] ACPI: Using IOAPIC for interrupt routing
[STDERR  ] 2019-03-03T17:00:15.244505567Z: [    1.297184] PCI: Using host bridge windows from ACPI; if necessary, use "pci=nocrs" and report a bug
[STDERR  ] 2019-03-03T17:00:15.244518702Z: [    1.298363] ACPI: Enabled 2 GPEs in block 00 to 3F
[STDERR  ] 2019-03-03T17:00:15.244531856Z: [    1.303893] ACPI: PCI Root Bridge [PCI0] (domain 0000 [bus 00-ff])
[STDERR  ] 2019-03-03T17:00:15.244544631Z: [    1.304138] acpi PNP0A08:00: _OSC: OS supports [ExtendedConfig ASPM ClockPM Segments MSI]
[STDERR  ] 2019-03-03T17:00:15.244557638Z: [    1.305228] acpi PNP0A08:00: _OSC: platform does not support [SHPCHotplug LTR]
[STDERR  ] 2019-03-03T17:00:15.244573971Z: [    1.306213] acpi PNP0A08:00: _OSC: OS now controls [PCIeHotplug PME PCIeCapability]
[STDERR  ] 2019-03-03T17:00:15.244593482Z: [    1.308153] PCI host bridge to bus 0000:00
[STDERR  ] 2019-03-03T17:00:15.244609779Z: [    1.309132] pci_bus 0000:00: root bus resource [io  0x0000-0x0cf7 window]
[STDERR  ] 2019-03-03T17:00:15.244622740Z: [    1.310128] pci_bus 0000:00: root bus resource [io  0x0d00-0xffff window]
[STDERR  ] 2019-03-03T17:00:15.244635595Z: [    1.311127] pci_bus 0000:00: root bus resource [mem 0x000a0000-0x000bffff window]
[STDERR  ] 2019-03-03T17:00:15.244648397Z: [    1.312126] pci_bus 0000:00: root bus resource [mem 0xc0000000-0xfebfffff window]
[STDERR  ] 2019-03-03T17:00:15.244661989Z: [    1.313133] pci_bus 0000:00: root bus resource [bus 00-ff]
[STDERR  ] 2019-03-03T17:00:15.244675134Z: [    1.385245] pci 0000:00:1f.0: quirk: [io  0x0600-0x067f] claimed by ICH6 ACPI/GPIO/TCO
[STDERR  ] 2019-03-03T17:00:15.244688489Z: [    1.412645] ACPI: PCI Interrupt Link [LNKA] (IRQs 5 *10 11)
[STDERR  ] 2019-03-03T17:00:15.244701553Z: [    1.413431] ACPI: PCI Interrupt Link [LNKB] (IRQs 5 *10 11)
[STDERR  ] 2019-03-03T17:00:15.244714708Z: [    1.414446] ACPI: PCI Interrupt Link [LNKC] (IRQs 5 10 *11)
[STDERR  ] 2019-03-03T17:00:15.244730815Z: [    1.416143] ACPI: PCI Interrupt Link [LNKD] (IRQs 5 10 *11)
[STDERR  ] 2019-03-03T17:00:15.244743814Z: [    1.417429] ACPI: PCI Interrupt Link [LNKE] (IRQs 5 *10 11)
[STDERR  ] 2019-03-03T17:00:15.244756565Z: [    1.418423] ACPI: PCI Interrupt Link [LNKF] (IRQs 5 *10 11)
[STDERR  ] 2019-03-03T17:00:15.244774281Z: [    1.420204] ACPI: PCI Interrupt Link [LNKG] (IRQs 5 10 *11)
[STDERR  ] 2019-03-03T17:00:15.244797711Z: [    1.421436] ACPI: PCI Interrupt Link [LNKH] (IRQs 5 10 *11)
[STDERR  ] 2019-03-03T17:00:15.244811068Z: [    1.422285] ACPI: PCI Interrupt Link [GSIA] (IRQs *16)
[STDERR  ] 2019-03-03T17:00:15.244824045Z: [    1.423155] ACPI: PCI Interrupt Link [GSIB] (IRQs *17)
[STDERR  ] 2019-03-03T17:00:15.244837142Z: [    1.424149] ACPI: PCI Interrupt Link [GSIC] (IRQs *18)
[STDERR  ] 2019-03-03T17:00:15.244850346Z: [    1.425146] ACPI: PCI Interrupt Link [GSID] (IRQs *19)
[STDERR  ] 2019-03-03T17:00:15.244863424Z: [    1.426147] ACPI: PCI Interrupt Link [GSIE] (IRQs *20)
[STDERR  ] 2019-03-03T17:00:15.244876732Z: [    1.427140] ACPI: PCI Interrupt Link [GSIF] (IRQs *21)
[STDERR  ] 2019-03-03T17:00:15.244891938Z: [    1.428148] ACPI: PCI Interrupt Link [GSIG] (IRQs *22)
[STDERR  ] 2019-03-03T17:00:15.244908157Z: [    1.429146] ACPI: PCI Interrupt Link [GSIH] (IRQs *23)
[STDERR  ] 2019-03-03T17:00:15.244921078Z: [    1.430626] SCSI subsystem initialized
[STDERR  ] 2019-03-03T17:00:15.244933779Z: [    1.432223] ACPI: bus type USB registered
[STDERR  ] 2019-03-03T17:00:15.244953094Z: [    1.433165] usbcore: registered new interface driver usbfs
[STDERR  ] 2019-03-03T17:00:15.244966133Z: [    1.434145] usbcore: registered new interface driver hub
[STDERR  ] 2019-03-03T17:00:15.244978903Z: [    1.435165] usbcore: registered new device driver usb
[STDERR  ] 2019-03-03T17:00:15.244992009Z: [    1.436157] pps_core: LinuxPPS API ver. 1 registered
[STDERR  ] 2019-03-03T17:00:15.245004695Z: [    1.437124] pps_core: Software ver. 5.3.6 - Copyright 2005-2007 Rodolfo Giometti <giometti@linux.it>
[STDERR  ] 2019-03-03T17:00:15.245017954Z: [    1.438139] PTP clock support registered
[STDERR  ] 2019-03-03T17:00:15.245031109Z: [    1.439230] PCI: Using ACPI for IRQ routing
[STDERR  ] 2019-03-03T17:00:15.245044111Z: [    1.888509] NetLabel: Initializing
[STDERR  ] 2019-03-03T17:00:15.245056945Z: [    1.889125] NetLabel:  domain hash size = 128
[STDERR  ] 2019-03-03T17:00:15.245069843Z: [    1.890123] NetLabel:  protocols = UNLABELED CIPSOv4 CALIPSO
[STDERR  ] 2019-03-03T17:00:15.245083083Z: [    1.891153] NetLabel:  unlabeled traffic allowed by default
[STDERR  ] 2019-03-03T17:00:15.245095572Z: [    1.893157] HPET: 3 timers in total, 0 timers will be used for per-cpu timer
[STDERR  ] 2019-03-03T17:00:15.245111958Z: [    1.894241] hpet0: at MMIO 0xfed00000, IRQs 2, 8, 0
[STDERR  ] 2019-03-03T17:00:15.245125178Z: [    1.895136] hpet0: 3 comparators, 64-bit 100.000000 MHz counter
[STDERR  ] 2019-03-03T17:00:15.245137724Z: [    1.899165] clocksource: Switched to clocksource kvm-clock
[STDERR  ] 2019-03-03T17:00:15.245151045Z: [    1.928027] VFS: Disk quotas dquot_6.6.0
[STDERR  ] 2019-03-03T17:00:15.245167259Z: [    1.931783] VFS: Dquot-cache hash table entries: 512 (order 0, 4096 bytes)
[STDERR  ] 2019-03-03T17:00:15.245182683Z: [    1.938022] FS-Cache: Loaded
[STDERR  ] 2019-03-03T17:00:15.245196016Z: [    1.940795] CacheFiles: Loaded
[STDERR  ] 2019-03-03T17:00:15.245209733Z: [    1.943725] pnp: PnP ACPI init
[STDERR  ] 2019-03-03T17:00:15.245263527Z: [    1.947715] pnp: PnP ACPI: found 5 devices
[STDERR  ] 2019-03-03T17:00:15.245276154Z: [    1.957841] clocksource: acpi_pm: mask: 0xffffff max_cycles: 0xffffff, max_idle_ns: 2085701024 ns
[STDERR  ] 2019-03-03T17:00:15.245287999Z: [    1.965874] NET: Registered protocol family 2
[STDERR  ] 2019-03-03T17:00:15.245299656Z: [    1.970840] tcp_listen_portaddr_hash hash table entries: 512 (order: 1, 8192 bytes)
[STDERR  ] 2019-03-03T17:00:15.245312928Z: [    1.977826] TCP established hash table entries: 8192 (order: 4, 65536 bytes)
[STDERR  ] 2019-03-03T17:00:15.245326007Z: [    1.984239] TCP bind hash table entries: 8192 (order: 5, 131072 bytes)
[STDERR  ] 2019-03-03T17:00:15.245339335Z: [    1.990091] TCP: Hash tables configured (established 8192 bind 8192)
[STDERR  ] 2019-03-03T17:00:15.245352110Z: [    1.995864] UDP hash table entries: 512 (order: 2, 16384 bytes)
[STDERR  ] 2019-03-03T17:00:15.245370087Z: [    2.001162] UDP-Lite hash table entries: 512 (order: 2, 16384 bytes)
[STDERR  ] 2019-03-03T17:00:15.245383817Z: [    2.006928] NET: Registered protocol family 1
[STDERR  ] 2019-03-03T17:00:15.245397180Z: [    2.011025] NET: Registered protocol family 44
[STDERR  ] 2019-03-03T17:00:15.245410191Z: [    2.015323] pci 0000:00:01.0: Video device with shadowed ROM at [mem 0x000c0000-0x000dffff]
[STDERR  ] 2019-03-03T17:00:15.245423682Z: [    2.023216] Trying to unpack rootfs image as initramfs...
[STDERR  ] 2019-03-03T17:00:15.245439153Z: [    2.604390] Freeing initrd memory: 31380K
[STDERR  ] 2019-03-03T17:00:15.245451993Z: [    2.608373] clocksource: tsc: mask: 0xffffffffffffffff max_cycles: 0x2126ed38629, max_idle_ns: 440795218029 ns
[STDERR  ] 2019-03-03T17:00:15.245467407Z: [    2.618685] PCLMULQDQ-NI instructions are not detected.
[STDERR  ] 2019-03-03T17:00:15.245480245Z: [    2.623484] AVX or AES-NI instructions are not detected.
[STDERR  ] 2019-03-03T17:00:15.245496786Z: [    2.628346] CPU feature 'AVX registers' is not supported.
[STDERR  ] 2019-03-03T17:00:15.245510076Z: [    2.632903] CPU feature 'AVX registers' is not supported.
[STDERR  ] 2019-03-03T17:00:15.245526527Z: [    2.636902] CPU feature 'AVX registers' is not supported.
[STDERR  ] 2019-03-03T17:00:15.245539340Z: [    2.641719] CPU feature 'AVX registers' is not supported.
[STDERR  ] 2019-03-03T17:00:15.245552204Z: [    2.646544] AVX2 or AES-NI instructions are not detected.
[STDERR  ] 2019-03-03T17:00:15.245565340Z: [    2.651483] AVX2 instructions are not detected.
[STDERR  ] 2019-03-03T17:00:15.245578289Z: [    2.656244] workingset: timestamp_bits=46 max_order=18 bucket_order=0
[STDERR  ] 2019-03-03T17:00:15.245597368Z: [    2.661869] squashfs: version 4.0 (2009/01/31) Phillip Lougher
[STDERR  ] 2019-03-03T17:00:15.245611702Z: [    2.667301] FS-Cache: Netfs 'cifs' registered for caching
[STDERR  ] 2019-03-03T17:00:15.245631585Z: [    2.672220] fuse init (API version 7.27)
[STDERR  ] 2019-03-03T17:00:15.245644975Z: [    2.675877] SGI XFS with ACLs, security attributes, no debug enabled
[STDERR  ] 2019-03-03T17:00:15.245658358Z: [    2.681306] 9p: Installing v9fs 9p2000 file system support
[STDERR  ] 2019-03-03T17:00:15.245674053Z: [    2.686246] FS-Cache: Netfs '9p' registered for caching
[STDERR  ] 2019-03-03T17:00:15.246205736Z: [    2.690997] pstore: using deflate compression
[STDERR  ] 2019-03-03T17:00:15.246254709Z: [    2.696393] NET: Registered protocol family 38
[STDERR  ] 2019-03-03T17:00:15.246292085Z: [    2.700533] Key type asymmetric registered
[STDERR  ] 2019-03-03T17:00:15.246327542Z: [    2.704394] Asymmetric key parser 'x509' registered
[STDERR  ] 2019-03-03T17:00:15.246370231Z: [    2.708837] Block layer SCSI generic (bsg) driver version 0.4 loaded (major 247)
[STDERR  ] 2019-03-03T17:00:15.246407230Z: [    2.715583] io scheduler noop registered
[STDERR  ] 2019-03-03T17:00:15.246484582Z: [    2.719112] io scheduler deadline registered (default)
[STDERR  ] 2019-03-03T17:00:15.246548556Z: [    2.723794] io scheduler cfq registered
[STDERR  ] 2019-03-03T17:00:15.246603170Z: [    2.727256] io scheduler mq-deadline registered (default)
[STDERR  ] 2019-03-03T17:00:15.246648434Z: [    2.732086] io scheduler kyber registered
[STDERR  ] 2019-03-03T17:00:15.246694466Z: [    2.735842] shpchp: Standard Hot Plug PCI Controller Driver version: 0.4
[STDERR  ] 2019-03-03T17:00:15.246738657Z: [    2.741857] hv_vmbus: registering driver hyperv_fb
[STDERR  ] 2019-03-03T17:00:15.246797556Z: [    2.746268] input: Power Button as /devices/LNXSYSTM:00/LNXPWRBN:00/input/input0
[STDERR  ] 2019-03-03T17:00:15.246859527Z: [    2.752913] ACPI: Power Button [PWRF]
[STDERR  ] 2019-03-03T17:00:15.246924292Z: [    2.757045] PCI Interrupt Link [GSIG] enabled at IRQ 22
[STDERR  ] 2019-03-03T17:00:15.246998127Z: [    2.767508] PCI Interrupt Link [GSIH] enabled at IRQ 23
[STDERR  ] 2019-03-03T17:00:15.247046919Z: [    2.777934] Serial: 8250/16550 driver, 4 ports, IRQ sharing disabled
[STDERR  ] 2019-03-03T17:00:15.247118139Z: [    2.817428] 00:04: ttyS0 at I/O 0x3f8 (irq = 4, base_baud = 115200) is a 16550A
[STDERR  ] 2019-03-03T17:00:15.247185400Z: [    2.824871] Non-volatile memory driver v1.3
[STDERR  ] 2019-03-03T17:00:15.247228836Z: [    2.830312] Hangcheck: starting hangcheck timer 0.9.1 (tick is 180 seconds, margin is 60 seconds).
[STDERR  ] 2019-03-03T17:00:15.247271524Z: [    2.838592] random: fast init done
[STDERR  ] 2019-03-03T17:00:15.247316777Z: [    2.842743] random: crng init done
[STDERR  ] 2019-03-03T17:00:15.247378036Z: [    2.847283] brd: module loaded
[STDERR  ] 2019-03-03T17:00:15.247438833Z: [    2.852694] loop: module loaded
[STDERR  ] 2019-03-03T17:00:15.247485115Z: [    2.859735] lpc_ich 0000:00:1f.0: I/O space for GPIO uninitialized
[STDERR  ] 2019-03-03T17:00:15.247559406Z: [    2.865464] VMware PVSCSI driver - version 1.0.7.0-k
[STDERR  ] 2019-03-03T17:00:15.247611390Z: [    2.869986] hv_vmbus: registering driver hv_storvsc
[STDERR  ] 2019-03-03T17:00:15.247661105Z: [    2.875087] PCI Interrupt Link [GSIA] enabled at IRQ 16
[STDERR  ] 2019-03-03T17:00:15.247707002Z: [    2.882874] ahci 0000:00:1f.2: AHCI 0001.0000 32 slots 6 ports 1.5 Gbps 0x3f impl SATA mode
[STDERR  ] 2019-03-03T17:00:15.247763336Z: [    2.889679] ahci 0000:00:1f.2: flags: 64bit ncq only 
[STDERR  ] 2019-03-03T17:00:15.247829493Z: [    2.897520] scsi host0: ahci
[STDOUT  ] 2019-03-03T17:00:15.247949709Z: [    0.000000] Linux version 4.19.26-linuxkit (root@632a108c102b) (gcc version 6.4.0 (Alpine 6.4.0)) #1 SMP Fri Mar 1 09:01:30 UTC 2019
[STDOUT  ] 2019-03-03T17:00:15.247988606Z: [    0.000000] Command line: console=ttyS0 console=ttyAMA0
[STDOUT  ] 2019-03-03T17:00:15.247999507Z: [    0.000000] x86/fpu: x87 FPU will use FXSAVE
[STDOUT  ] 2019-03-03T17:00:15.248011472Z: [    0.000000] BIOS-provided physical RAM map:
[STDOUT  ] 2019-03-03T17:00:15.248022071Z: [    0.000000] BIOS-e820: [mem 0x0000000000000000-0x000000000009fbff] usable
[STDOUT  ] 2019-03-03T17:00:15.248035063Z: [    0.000000] BIOS-e820: [mem 0x000000000009fc00-0x000000000009ffff] reserved
[STDOUT  ] 2019-03-03T17:00:15.248045111Z: [    0.000000] BIOS-e820: [mem 0x00000000000f0000-0x00000000000fffff] reserved
[STDOUT  ] 2019-03-03T17:00:15.248055138Z: [    0.000000] BIOS-e820: [mem 0x0000000000100000-0x000000003ffdefff] usable
[STDOUT  ] 2019-03-03T17:00:15.248064818Z: [    0.000000] BIOS-e820: [mem 0x000000003ffdf000-0x000000003fffffff] reserved
[STDOUT  ] 2019-03-03T17:00:15.248074434Z: [    0.000000] BIOS-e820: [mem 0x00000000b0000000-0x00000000bfffffff] reserved
[STDOUT  ] 2019-03-03T17:00:15.248084168Z: [    0.000000] BIOS-e820: [mem 0x00000000fed1c000-0x00000000fed1ffff] reserved
[STDOUT  ] 2019-03-03T17:00:15.248092939Z: [    0.000000] BIOS-e820: [mem 0x00000000feffc000-0x00000000feffffff] reserved
[STDOUT  ] 2019-03-03T17:00:15.248102267Z: [    0.000000] BIOS-e820: [mem 0x00000000fffc0000-0x00000000ffffffff] reserved
[STDOUT  ] 2019-03-03T17:00:15.248111854Z: [    0.000000] NX (Execute Disable) protection: active
[STDOUT  ] 2019-03-03T17:00:15.248121157Z: [    0.000000] SMBIOS 2.8 present.
[STDOUT  ] 2019-03-03T17:00:15.248130785Z: [    0.000000] DMI: QEMU Standard PC (Q35 + ICH9, 2009), BIOS 1.10.2-1 04/01/2014
[STDOUT  ] 2019-03-03T17:00:15.248140099Z: [    0.000000] Hypervisor detected: KVM
[STDOUT  ] 2019-03-03T17:00:15.248149538Z: [    0.000000] kvm-clock: Using msrs 4b564d01 and 4b564d00
[STDOUT  ] 2019-03-03T17:00:15.248159055Z: [    0.549387] kvm-clock: cpu 0, msr 24824001, primary cpu clock
[STDOUT  ] 2019-03-03T17:00:15.248168679Z: [    0.549388] clocksource: kvm-clock: mask: 0xffffffffffffffff max_cycles: 0x1cd42e4dffb, max_idle_ns: 881590591483 ns
[STDOUT  ] 2019-03-03T17:00:15.248181152Z: [    0.549391] tsc: Detected 2299.924 MHz processor
[STDOUT  ] 2019-03-03T17:00:15.248190643Z: [    0.552797] last_pfn = 0x3ffdf max_arch_pfn = 0x400000000
[STDOUT  ] 2019-03-03T17:00:15.248200311Z: [    0.553390] x86/PAT: PAT not supported by CPU.
[STDOUT  ] 2019-03-03T17:00:15.248209772Z: [    0.553440] x86/PAT: Configuration [0-7]: WB  WT  UC- UC  WB  WT  UC- UC  
[STDOUT  ] 2019-03-03T17:00:15.248225507Z: [    0.564283] found SMP MP-table at [mem 0x000f6a90-0x000f6a9f] mapped at [(____ptrval____)]
[STDOUT  ] 2019-03-03T17:00:15.248235433Z: [    0.564600] RAMDISK: [mem 0x3e12b000-0x3ffcffff]
[STDOUT  ] 2019-03-03T17:00:15.248244810Z: [    0.564825] ACPI: Early table checksum verification disabled
[STDOUT  ] 2019-03-03T17:00:15.248277427Z: [    0.564944] ACPI: RSDP 0x00000000000F68D0 000014 (v00 BOCHS )
[STDOUT  ] 2019-03-03T17:00:15.248287604Z: [    0.564953] ACPI: RSDT 0x000000003FFE2404 000034 (v01 BOCHS  BXPCRSDT 00000001 BXPC 00000001)
[STDOUT  ] 2019-03-03T17:00:15.248297274Z: [    0.564961] ACPI: FACP 0x000000003FFE22A4 000074 (v01 BOCHS  BXPCFACP 00000001 BXPC 00000001)
[STDOUT  ] 2019-03-03T17:00:15.248306661Z: [    0.564967] ACPI: DSDT 0x000000003FFE0040 002264 (v01 BOCHS  BXPCDSDT 00000001 BXPC 00000001)
[STDOUT  ] 2019-03-03T17:00:15.248317163Z: [    0.564972] ACPI: FACS 0x000000003FFE0000 000040
[STDOUT  ] 2019-03-03T17:00:15.248326822Z: [    0.564975] ACPI: APIC 0x000000003FFE2318 000078 (v01 BOCHS  BXPCAPIC 00000001 BXPC 00000001)
[STDOUT  ] 2019-03-03T17:00:15.248336512Z: [    0.564979] ACPI: HPET 0x000000003FFE2390 000038 (v01 BOCHS  BXPCHPET 00000001 BXPC 00000001)
[STDOUT  ] 2019-03-03T17:00:15.248350782Z: [    0.564983] ACPI: MCFG 0x000000003FFE23C8 00003C (v01 BOCHS  BXPCMCFG 00000001 BXPC 00000001)
[STDOUT  ] 2019-03-03T17:00:15.248360889Z: [    0.565768] Zone ranges:
[STDOUT  ] 2019-03-03T17:00:15.248370979Z: [    0.565771]   DMA      [mem 0x0000000000001000-0x0000000000ffffff]
[STDOUT  ] 2019-03-03T17:00:15.248380476Z: [    0.565773]   DMA32    [mem 0x0000000001000000-0x000000003ffdefff]
[STDOUT  ] 2019-03-03T17:00:15.248389947Z: [    0.565774]   Normal   empty
[STDOUT  ] 2019-03-03T17:00:15.248399526Z: [    0.565776]   Device   empty
[STDOUT  ] 2019-03-03T17:00:15.248409094Z: [    0.565777] Movable zone start for each node
[STDOUT  ] 2019-03-03T17:00:15.248418426Z: [    0.565778] Early memory node ranges
[STDOUT  ] 2019-03-03T17:00:15.248427825Z: [    0.565779]   node   0: [mem 0x0000000000001000-0x000000000009efff]
[STDOUT  ] 2019-03-03T17:00:15.248437180Z: [    0.565780]   node   0: [mem 0x0000000000100000-0x000000003ffdefff]
[STDOUT  ] 2019-03-03T17:00:15.248446811Z: [    0.566341] Reserved but unavailable: 98 pages
[STDOUT  ] 2019-03-03T17:00:15.248456398Z: [    0.566343] Initmem setup node 0 [mem 0x0000000000001000-0x000000003ffdefff]
[STDOUT  ] 2019-03-03T17:00:15.248468514Z: [    0.578124] ACPI: PM-Timer IO Port: 0x608
[STDOUT  ] 2019-03-03T17:00:15.248478253Z: [    0.578174] ACPI: LAPIC_NMI (acpi_id[0xff] dfl dfl lint[0x1])
[STDOUT  ] 2019-03-03T17:00:15.248487968Z: [    0.578410] IOAPIC[0]: apic_id 0, version 17, address 0xfec00000, GSI 0-23
[STDOUT  ] 2019-03-03T17:00:15.248497565Z: [    0.578414] ACPI: INT_SRC_OVR (bus 0 bus_irq 0 global_irq 2 dfl dfl)
[STDOUT  ] 2019-03-03T17:00:15.248507069Z: [    0.578416] ACPI: INT_SRC_OVR (bus 0 bus_irq 5 global_irq 5 high level)
[STDOUT  ] 2019-03-03T17:00:15.248516578Z: [    0.578417] ACPI: INT_SRC_OVR (bus 0 bus_irq 9 global_irq 9 high level)
[STDOUT  ] 2019-03-03T17:00:15.248525865Z: [    0.578419] ACPI: INT_SRC_OVR (bus 0 bus_irq 10 global_irq 10 high level)
[STDOUT  ] 2019-03-03T17:00:15.248535214Z: [    0.578420] ACPI: INT_SRC_OVR (bus 0 bus_irq 11 global_irq 11 high level)
[STDOUT  ] 2019-03-03T17:00:15.248544716Z: [    0.578427] Using ACPI (MADT) for SMP configuration information
[STDOUT  ] 2019-03-03T17:00:15.248554435Z: [    0.578429] ACPI: HPET id: 0x8086a201 base: 0xfed00000
[STDOUT  ] 2019-03-03T17:00:15.248563901Z: [    0.578463] smpboot: Allowing 1 CPUs, 0 hotplug CPUs
[STDOUT  ] 2019-03-03T17:00:15.248573029Z: [    0.578559] [mem 0x40000000-0xafffffff] available for PCI devices
[STDOUT  ] 2019-03-03T17:00:15.248585439Z: [    0.578560] Booting paravirtualized kernel on KVM
[STDOUT  ] 2019-03-03T17:00:15.248600975Z: [    0.578563] clocksource: refined-jiffies: mask: 0xffffffff max_cycles: 0xffffffff, max_idle_ns: 1910969940391419 ns
[STDOUT  ] 2019-03-03T17:00:15.248614575Z: [    0.684179] random: get_random_bytes called from start_kernel+0x92/0x52b with crng_init=0
[STDOUT  ] 2019-03-03T17:00:15.248624236Z: [    0.684198] setup_percpu: NR_CPUS:128 nr_cpumask_bits:128 nr_cpu_ids:1 nr_node_ids:1
[STDOUT  ] 2019-03-03T17:00:15.248633796Z: [    0.685009] percpu: Embedded 45 pages/cpu @(____ptrval____) s145112 r8192 d31016 u2097152
[STDOUT  ] 2019-03-03T17:00:15.248643427Z: [    0.685120] KVM setup async PF for cpu 0
[STDOUT  ] 2019-03-03T17:00:15.248655448Z: [    0.685171] kvm-stealtime: cpu 0, msr 3cc15e80
[STDOUT  ] 2019-03-03T17:00:15.248664891Z: [    0.685193] Built 1 zonelists, mobility grouping on.  Total pages: 257896
[STDOUT  ] 2019-03-03T17:00:15.248674086Z: [    0.685196] Kernel command line: console=ttyS0 console=ttyAMA0
[STDOUT  ] 2019-03-03T17:00:15.248683369Z: [    0.685469] Dentry cache hash table entries: 131072 (order: 8, 1048576 bytes)
[STDOUT  ] 2019-03-03T17:00:15.248693179Z: [    0.686089] Inode-cache hash table entries: 65536 (order: 7, 524288 bytes)
[STDOUT  ] 2019-03-03T17:00:15.248715035Z: [    0.689993] Memory: 970892K/1048052K available (12300K kernel code, 1580K rwdata, 3052K rodata, 1588K init, 1996K bss, 77160K reserved, 0K cma-reserved)
[STDOUT  ] 2019-03-03T17:00:15.248731090Z: [    0.690839] Kernel/User page tables isolation: enabled
[STDOUT  ] 2019-03-03T17:00:15.248740499Z: [    0.690924] ftrace: allocating 42981 entries in 168 pages
[STDOUT  ] 2019-03-03T17:00:15.248754684Z: [    0.708200] rcu: Hierarchical RCU implementation.
[STDOUT  ] 2019-03-03T17:00:15.248764040Z: [    0.708204] rcu: 	RCU restricting CPUs from NR_CPUS=128 to nr_cpu_ids=1.
[STDOUT  ] 2019-03-03T17:00:15.248777247Z: [    0.708205] rcu: Adjusting geometry for rcu_fanout_leaf=16, nr_cpu_ids=1
[STDOUT  ] 2019-03-03T17:00:15.248797931Z: [    0.711074] NR_IRQS: 8448, nr_irqs: 256, preallocated irqs: 16
[STDOUT  ] 2019-03-03T17:00:15.248812698Z: [    0.737824] Console: colour VGA+ 80x25
[STDOUT  ] 2019-03-03T17:00:15.248822018Z: [    1.165969] console [ttyS0] enabled
[STDOUT  ] 2019-03-03T17:00:15.248831602Z: [    1.169121] ACPI: Core revision 20180810
[STDOUT  ] 2019-03-03T17:00:15.248841052Z: [    1.173408] clocksource: hpet: mask: 0xffffffff max_cycles: 0xffffffff, max_idle_ns: 19112604467 ns
[STDOUT  ] 2019-03-03T17:00:15.248850525Z: [    1.181631] APIC: Switch to symmetric I/O mode setup
[STDOUT  ] 2019-03-03T17:00:15.248873336Z: [    1.189506] x2apic enabled
[STDOUT  ] 2019-03-03T17:00:15.248883798Z: [    1.194675] Switched APIC routing to physical x2apic.
[STDOUT  ] 2019-03-03T17:00:15.248893977Z: [    1.208791] ..TIMER: vector=0x30 apic1=0 pin1=2 apic2=-1 pin2=-1
[STDOUT  ] 2019-03-03T17:00:15.248903289Z: [    1.214346] clocksource: tsc-early: mask: 0xffffffffffffffff max_cycles: 0x2126ed38629, max_idle_ns: 440795218029 ns
[STDOUT  ] 2019-03-03T17:00:15.248913045Z: [    1.223153] Calibrating delay loop (skipped) preset value.. 4599.84 BogoMIPS (lpj=2299924)
[STDOUT  ] 2019-03-03T17:00:15.248926594Z: [    1.225128] pid_max: default: 32768 minimum: 301
[STDOUT  ] 2019-03-03T17:00:15.248938140Z: [    1.226272] Security Framework initialized
[STDOUT  ] 2019-03-03T17:00:15.248947274Z: [    1.227128] Yama: becoming mindful.
[STDOUT  ] 2019-03-03T17:00:15.248956825Z: [    1.228184] Mount-cache hash table entries: 2048 (order: 2, 16384 bytes)
[STDOUT  ] 2019-03-03T17:00:15.248966360Z: [    1.229133] Mountpoint-cache hash table entries: 2048 (order: 2, 16384 bytes)
[STDOUT  ] 2019-03-03T17:00:15.248975858Z: [    1.232174] Last level iTLB entries: 4KB 0, 2MB 0, 4MB 0
[STDOUT  ] 2019-03-03T17:00:15.248985132Z: [    1.233129] Last level dTLB entries: 4KB 0, 2MB 0, 4MB 0, 1GB 0
[STDOUT  ] 2019-03-03T17:00:15.248994773Z: [    1.234130] Spectre V2 : Mitigation: Full generic retpoline
[STDOUT  ] 2019-03-03T17:00:15.249004228Z: [    1.235127] Spectre V2 : Spectre v2 / SpectreRSB mitigation: Filling RSB on context switch
[STDOUT  ] 2019-03-03T17:00:15.249014005Z: [    1.236128] Speculative Store Bypass: Vulnerable
[STDOUT  ] 2019-03-03T17:00:15.249023365Z: [    1.247309] Freeing SMP alternatives memory: 20K
[STDOUT  ] 2019-03-03T17:00:15.249037054Z: [    1.250120] smpboot: CPU0: Intel QEMU Virtual CPU version 2.5+ (family: 0x6, model: 0x6, stepping: 0x3)
[STDOUT  ] 2019-03-03T17:00:15.249046203Z: [    1.250335] Performance Events: PMU not available due to virtualization, using software events only.
[STDOUT  ] 2019-03-03T17:00:15.249055698Z: [    1.254142] rcu: Hierarchical SRCU implementation.
[STDOUT  ] 2019-03-03T17:00:15.249065053Z: [    1.255429] NMI watchdog: Perf NMI watchdog permanently disabled
[STDOUT  ] 2019-03-03T17:00:15.249074145Z: [    1.258066] smp: Bringing up secondary CPUs ...
[STDOUT  ] 2019-03-03T17:00:15.249083492Z: [    1.258129] smp: Brought up 1 node, 1 CPU
[STDOUT  ] 2019-03-03T17:00:15.249092513Z: [    1.259126] smpboot: Max logical packages: 1
[STDOUT  ] 2019-03-03T17:00:15.249101973Z: [    1.260126] smpboot: Total of 1 processors activated (4599.84 BogoMIPS)
[STDOUT  ] 2019-03-03T17:00:15.249111155Z: [    1.262407] devtmpfs: initialized
[STDOUT  ] 2019-03-03T17:00:15.249120668Z: [    1.263225] x86/mm: Memory block size: 128MB
[STDOUT  ] 2019-03-03T17:00:15.249130125Z: [    1.264603] clocksource: jiffies: mask: 0xffffffff max_cycles: 0xffffffff, max_idle_ns: 1911260446275000 ns
[STDOUT  ] 2019-03-03T17:00:15.249142948Z: [    1.265141] futex hash table entries: 256 (order: 2, 16384 bytes)
[STDOUT  ] 2019-03-03T17:00:15.249152458Z: [    1.267313] NET: Registered protocol family 16
[STDOUT  ] 2019-03-03T17:00:15.249161684Z: [    1.268307] audit: initializing netlink subsys (disabled)
[STDOUT  ] 2019-03-03T17:00:15.249170880Z: [    1.269215] audit: type=2000 audit(1551632401.396:1): state=initialized audit_enabled=0 res=1
[STDOUT  ] 2019-03-03T17:00:15.249179930Z: [    1.271203] cpuidle: using governor ladder
[STDOUT  ] 2019-03-03T17:00:15.249188965Z: [    1.272127] cpuidle: using governor menu
[STDOUT  ] 2019-03-03T17:00:15.249196847Z: [    1.273283] ACPI: bus type PCI registered
[STDOUT  ] 2019-03-03T17:00:15.249204889Z: [    1.274638] PCI: MMCONFIG for domain 0000 [bus 00-ff] at [mem 0xb0000000-0xbfffffff] (base 0xb0000000)
[STDOUT  ] 2019-03-03T17:00:15.249217928Z: [    1.275133] PCI: MMCONFIG at [mem 0xb0000000-0xbfffffff] reserved in E820
[STDOUT  ] 2019-03-03T17:00:15.249226772Z: [    1.277128] PCI: Using configuration type 1 for base access
[STDOUT  ] 2019-03-03T17:00:15.249235046Z: [    1.280303] HugeTLB registered 2.00 MiB page size, pre-allocated 0 pages
[STDOUT  ] 2019-03-03T17:00:15.249246789Z: [    1.282165] cryptd: max_cpu_qlen set to 1000
[STDOUT  ] 2019-03-03T17:00:15.249255151Z: [    1.283365] ACPI: Added _OSI(Module Device)
[STDOUT  ] 2019-03-03T17:00:15.249264418Z: [    1.284130] ACPI: Added _OSI(Processor Device)
[STDOUT  ] 2019-03-03T17:00:15.249273209Z: [    1.285128] ACPI: Added _OSI(3.0 _SCP Extensions)
[STDOUT  ] 2019-03-03T17:00:15.249281945Z: [    1.286127] ACPI: Added _OSI(Processor Aggregator Device)
[STDOUT  ] 2019-03-03T17:00:15.249290960Z: [    1.287150] ACPI: Added _OSI(Linux-Dell-Video)
[STDOUT  ] 2019-03-03T17:00:15.249307450Z: [    1.288130] ACPI: Added _OSI(Linux-Lenovo-NV-HDMI-Audio)
[STDOUT  ] 2019-03-03T17:00:15.249316443Z: [    1.290819] ACPI: 1 ACPI AML tables successfully acquired and loaded
[STDOUT  ] 2019-03-03T17:00:15.249325568Z: [    1.294299] ACPI: Interpreter enabled
[STDOUT  ] 2019-03-03T17:00:15.249337543Z: [    1.295134] ACPI: (supports S0 S5)
[STDOUT  ] 2019-03-03T17:00:15.249345979Z: [    1.296132] ACPI: Using IOAPIC for interrupt routing
[STDOUT  ] 2019-03-03T17:00:15.249354001Z: [    1.297184] PCI: Using host bridge windows from ACPI; if necessary, use "pci=nocrs" and report a bug
[STDOUT  ] 2019-03-03T17:00:15.249362876Z: [    1.298363] ACPI: Enabled 2 GPEs in block 00 to 3F
[STDOUT  ] 2019-03-03T17:00:15.249371609Z: [    1.303893] ACPI: PCI Root Bridge [PCI0] (domain 0000 [bus 00-ff])
[STDOUT  ] 2019-03-03T17:00:15.249379659Z: [    1.304138] acpi PNP0A08:00: _OSC: OS supports [ExtendedConfig ASPM ClockPM Segments MSI]
[STDOUT  ] 2019-03-03T17:00:15.249391430Z: [    1.305228] acpi PNP0A08:00: _OSC: platform does not support [SHPCHotplug LTR]
[STDOUT  ] 2019-03-03T17:00:15.249404959Z: [    1.306213] acpi PNP0A08:00: _OSC: OS now controls [PCIeHotplug PME PCIeCapability]
[STDOUT  ] 2019-03-03T17:00:15.249413419Z: [    1.308153] PCI host bridge to bus 0000:00
[STDOUT  ] 2019-03-03T17:00:15.249424973Z: [    1.309132] pci_bus 0000:00: root bus resource [io  0x0000-0x0cf7 window]
[STDOUT  ] 2019-03-03T17:00:15.249433234Z: [    1.310128] pci_bus 0000:00: root bus resource [io  0x0d00-0xffff window]
[STDOUT  ] 2019-03-03T17:00:15.249441874Z: [    1.311127] pci_bus 0000:00: root bus resource [mem 0x000a0000-0x000bffff window]
[STDOUT  ] 2019-03-03T17:00:15.249450398Z: [    1.312126] pci_bus 0000:00: root bus resource [mem 0xc0000000-0xfebfffff window]
[STDOUT  ] 2019-03-03T17:00:15.249458853Z: [    1.313133] pci_bus 0000:00: root bus resource [bus 00-ff]
[STDOUT  ] 2019-03-03T17:00:15.249473438Z: [    1.385245] pci 0000:00:1f.0: quirk: [io  0x0600-0x067f] claimed by ICH6 ACPI/GPIO/TCO
[STDOUT  ] 2019-03-03T17:00:15.249482310Z: [    1.412645] ACPI: PCI Interrupt Link [LNKA] (IRQs 5 *10 11)
[STDOUT  ] 2019-03-03T17:00:15.249490884Z: [    1.413431] ACPI: PCI Interrupt Link [LNKB] (IRQs 5 *10 11)
[STDOUT  ] 2019-03-03T17:00:15.249506248Z: [    1.414446] ACPI: PCI Interrupt Link [LNKC] (IRQs 5 10 *11)
[STDOUT  ] 2019-03-03T17:00:15.249514713Z: [    1.416143] ACPI: PCI Interrupt Link [LNKD] (IRQs 5 10 *11)
[STDOUT  ] 2019-03-03T17:00:15.249522656Z: [    1.417429] ACPI: PCI Interrupt Link [LNKE] (IRQs 5 *10 11)
[STDOUT  ] 2019-03-03T17:00:15.249530774Z: [    1.418423] ACPI: PCI Interrupt Link [LNKF] (IRQs 5 *10 11)
[STDOUT  ] 2019-03-03T17:00:15.249539594Z: [    1.420204] ACPI: PCI Interrupt Link [LNKG] (IRQs 5 10 *11)
[STDOUT  ] 2019-03-03T17:00:15.249548249Z: [    1.421436] ACPI: PCI Interrupt Link [LNKH] (IRQs 5 10 *11)
[STDOUT  ] 2019-03-03T17:00:15.249557198Z: [    1.422285] ACPI: PCI Interrupt Link [GSIA] (IRQs *16)
[STDOUT  ] 2019-03-03T17:00:15.249566209Z: [    1.423155] ACPI: PCI Interrupt Link [GSIB] (IRQs *17)
[STDOUT  ] 2019-03-03T17:00:15.249574548Z: [    1.424149] ACPI: PCI Interrupt Link [GSIC] (IRQs *18)
[STDOUT  ] 2019-03-03T17:00:15.249583395Z: [    1.425146] ACPI: PCI Interrupt Link [GSID] (IRQs *19)
[STDOUT  ] 2019-03-03T17:00:15.249599364Z: [    1.426147] ACPI: PCI Interrupt Link [GSIE] (IRQs *20)
[STDOUT  ] 2019-03-03T17:00:15.249607602Z: [    1.427140] ACPI: PCI Interrupt Link [GSIF] (IRQs *21)
[STDOUT  ] 2019-03-03T17:00:15.249616424Z: [    1.428148] ACPI: PCI Interrupt Link [GSIG] (IRQs *22)
[STDOUT  ] 2019-03-03T17:00:15.249625435Z: [    1.429146] ACPI: PCI Interrupt Link [GSIH] (IRQs *23)
[STDOUT  ] 2019-03-03T17:00:15.249634490Z: [    1.430626] SCSI subsystem initialized
[STDOUT  ] 2019-03-03T17:00:15.249643197Z: [    1.432223] ACPI: bus type USB registered
[STDOUT  ] 2019-03-03T17:00:15.249651444Z: [    1.433165] usbcore: registered new interface driver usbfs
[STDOUT  ] 2019-03-03T17:00:15.249659656Z: [    1.434145] usbcore: registered new interface driver hub
[STDOUT  ] 2019-03-03T17:00:15.249668491Z: [    1.435165] usbcore: registered new device driver usb
[STDOUT  ] 2019-03-03T17:00:15.249677165Z: [    1.436157] pps_core: LinuxPPS API ver. 1 registered
[STDOUT  ] 2019-03-03T17:00:15.249707014Z: [    1.437124] pps_core: Software ver. 5.3.6 - Copyright 2005-2007 Rodolfo Giometti <giometti@linux.it>
[STDOUT  ] 2019-03-03T17:00:15.249718191Z: [    1.438139] PTP clock support registered
[STDOUT  ] 2019-03-03T17:00:15.249726564Z: [    1.439230] PCI: Using ACPI for IRQ routing
[STDOUT  ] 2019-03-03T17:00:15.249748278Z: [    1.888509] NetLabel: Initializing
[STDOUT  ] 2019-03-03T17:00:15.249757086Z: [    1.889125] NetLabel:  domain hash size = 128
[STDOUT  ] 2019-03-03T17:00:15.249766311Z: [    1.890123] NetLabel:  protocols = UNLABELED CIPSOv4 CALIPSO
[STDOUT  ] 2019-03-03T17:00:15.249775768Z: [    1.891153] NetLabel:  unlabeled traffic allowed by default
[STDERR  ] 2019-03-03T17:00:15.247882718Z: [    2.900346] scsi host1: ahci
[STDOUT  ] 2019-03-03T17:00:15.249794995Z: [    1.893157] HPET: 3 timers in total, 0 timers will be used for per-cpu timer
[STDOUT  ] 2019-03-03T17:00:15.249816021Z: [    1.894241] hpet0: at MMIO 0xfed00000, IRQs 2, 8, 0
[STDERR  ] 2019-03-03T17:00:15.249812501Z: [    2.903117] scsi host2: ahci
[STDOUT  ] 2019-03-03T17:00:15.249824810Z: [    1.895136] hpet0: 3 comparators, 64-bit 100.000000 MHz counter
[STDOUT  ] 2019-03-03T17:00:15.249838342Z: [    1.899165] clocksource: Switched to clocksource kvm-clock
[PASS    ] linuxkit.packages.sysctl 28.69s
[STDERR  ] 2019-03-03T17:00:15.249830250Z: [    2.905949] scsi host3: ahci
[STDOUT  ] 2019-03-03T17:00:15.249847747Z: [    1.928027] VFS: Disk quotas dquot_6.6.0
