[INFO    ] 2018-07-06T17:59:42.492909198Z: Running Test linuxkit.packages.format_mount.auto in /tmp/build/test/cases/040_packages/006_format_mount/000_auto
[STDOUT  ] 2018-07-06T17:59:42.492999297Z: [    7.200582] tsc: Refined TSC clocksource calibration: 2599.894 MHz
[STDOUT  ] 2018-07-06T17:59:42.493015015Z: [    7.201052] clocksource: tsc: mask: 0xffffffffffffffff max_cycles: 0x2579d811fe9, max_idle_ns: 440795227018 ns
[STDOUT  ] 2018-07-06T17:59:42.493025485Z: [    8.218431] clocksource: Switched to clocksource tsc
[STDOUT  ] 2018-07-06T17:59:42.493036140Z: 
[STDOUT  ] 2018-07-06T17:59:42.493046218Z: Welcome to LinuxKit
[STDOUT  ] 2018-07-06T17:59:42.493055786Z: 
[STDOUT  ] 2018-07-06T17:59:42.493065656Z:                         ##         .
[STDOUT  ] 2018-07-06T17:59:42.493075427Z:                   ## ## ##        ==
[STDOUT  ] 2018-07-06T17:59:42.493084058Z:                ## ## ## ## ##    ===
[STDOUT  ] 2018-07-06T17:59:42.493093165Z:            /"""""""""""""""""\___/ ===
[INFO    ] 2018-07-06T17:59:42.493088058Z: Running command: [/bin/sh -x /tmp/build/test/cases/040_packages/006_format_mount/000_auto/test.sh]
[STDERR  ] 2018-07-06T17:59:42.493097398Z: [    0.000000] ACPI: INT_SRC_OVR (bus 0 bus_irq 0 global_irq 2 dfl dfl)
[STDERR  ] 2018-07-06T17:59:42.493145976Z: [    0.000000] ACPI: INT_SRC_OVR (bus 0 bus_irq 5 global_irq 5 high level)
[STDERR  ] 2018-07-06T17:59:42.493178085Z: [    0.000000] ACPI: INT_SRC_OVR (bus 0 bus_irq 9 global_irq 9 high level)
[STDERR  ] 2018-07-06T17:59:42.493272784Z: [    0.000000] ACPI: INT_SRC_OVR (bus 0 bus_irq 10 global_irq 10 high level)
[STDERR  ] 2018-07-06T17:59:42.496163857Z: [    0.000000] ACPI: INT_SRC_OVR (bus 0 bus_irq 11 global_irq 11 high level)
[STDERR  ] 2018-07-06T17:59:42.496220636Z: [    0.000000] Using ACPI (MADT) for SMP configuration information
[STDERR  ] 2018-07-06T17:59:42.496265000Z: [    0.000000] ACPI: HPET id: 0x8086a201 base: 0xfed00000
[STDERR  ] 2018-07-06T17:59:42.496329834Z: [    0.000000] smpboot: Allowing 1 CPUs, 0 hotplug CPUs
[STDERR  ] 2018-07-06T17:59:42.496371986Z: [    0.000000] e820: [mem 0x40000000-0xafffffff] available for PCI devices
[STDERR  ] 2018-07-06T17:59:42.496416318Z: [    0.000000] Booting paravirtualized kernel on bare hardware
[STDERR  ] 2018-07-06T17:59:42.496460792Z: [    0.000000] clocksource: refined-jiffies: mask: 0xffffffff max_cycles: 0xffffffff, max_idle_ns: 19112604462750000 ns
[STDOUT  ] 2018-07-06T17:59:42.493102422Z:           {                       /  ===-
[STDOUT  ] 2018-07-06T17:59:42.496542843Z:            \______ O           __/
[STDERR  ] 2018-07-06T17:59:42.496517275Z: [    0.000000] random: get_random_bytes called from start_kernel+0x92/0x4c8 with crng_init=0
[STDOUT  ] 2018-07-06T17:59:42.496570069Z:              \    \         __/
[STDOUT  ] 2018-07-06T17:59:42.496591060Z:               \____\_______/
[STDOUT  ] 2018-07-06T17:59:42.496617408Z: 
[STDOUT  ] 2018-07-06T17:59:42.496630631Z: [   16.670309] IPVS: ftp: loaded support on port[0] = 21
[STDOUT  ] 2018-07-06T17:59:42.496647357Z: [   17.760938]  sda:
[STDOUT  ] 2018-07-06T17:59:42.496666981Z: [   17.851731]  sda:
[STDOUT  ] 2018-07-06T17:59:42.496686535Z: [   17.902270]  sda: sda1
[STDOUT  ] 2018-07-06T17:59:42.496707377Z: [   17.990924]  sda: sda1
[STDOUT  ] 2018-07-06T17:59:42.496726964Z: [   18.071012]  sda: sda1
[STDOUT  ] 2018-07-06T17:59:42.496759060Z: [   19.528936] XFS (sda1): Mounting V5 Filesystem
[STDERR  ] 2018-07-06T17:59:42.496570186Z: [    0.000000] setup_percpu: NR_CPUS:128 nr_cpumask_bits:128 nr_cpu_ids:1 nr_node_ids:1
[STDOUT  ] 2018-07-06T17:59:42.496778780Z: [   19.557106] XFS (sda1): Starting recovery (logdev: internal)
[STDOUT  ] 2018-07-06T17:59:42.496798757Z: [   19.579543] XFS (sda1): Ending recovery (logdev: internal)
[STDERR  ] 2018-07-06T17:59:42.496791822Z: [    0.000000] percpu: Embedded 44 pages/cpu @ffff986f7d800000 s143256 r8192 d28776 u2097152
[STDOUT  ] 2018-07-06T17:59:42.496818879Z: [   19.710950] XFS (sda1): Unmounting Filesystem
[STDOUT  ] 2018-07-06T17:59:42.496848438Z: 2018/07/06 17:59:25 Successfully resized /dev/sda
[STDERR  ] 2018-07-06T17:59:42.496840484Z: [    0.000000] Built 1 zonelists, mobility grouping on.  Total pages: 257896
[STDOUT  ] 2018-07-06T17:59:42.496872909Z: [   20.819531] IPVS: ftp: loaded support on port[0] = 21
[STDOUT  ] 2018-07-06T17:59:42.496904143Z: [   21.824602] FAT-fs (sda1): utf8 is not a recommended IO charset for FAT filesystems, filesystem will be case sensitive!
[STDERR  ] 2018-07-06T17:59:42.496889922Z: [    0.000000] Kernel command line: console=ttyS0 console=ttyAMA0
[STDERR  ] 2018-07-06T17:59:42.496937750Z: [    0.000000] PID hash table entries: 4096 (order: 3, 32768 bytes)
[STDOUT  ] 2018-07-06T17:59:42.496925534Z: [   21.829165] FAT-fs (sda1): utf8 is not a recommended IO charset for FAT filesystems, filesystem will be case sensitive!
[STDOUT  ] 2018-07-06T17:59:42.496952036Z: [   21.832609] mount: sending ioctl 5310 to a partition!
[STDOUT  ] 2018-07-06T17:59:42.496972136Z: [   21.863466] mount: sending ioctl 5310 to a partition!
[STDOUT  ] 2018-07-06T17:59:42.496991331Z: [   21.874307] XFS (sda1): Mounting V5 Filesystem
[STDERR  ] 2018-07-06T17:59:42.496983921Z: [    0.000000] Dentry cache hash table entries: 131072 (order: 8, 1048576 bytes)
[STDERR  ] 2018-07-06T17:59:42.497037063Z: [    0.000000] Inode-cache hash table entries: 65536 (order: 7, 524288 bytes)
[STDERR  ] 2018-07-06T17:59:42.497081991Z: [    0.000000] Memory: 967672K/1048052K available (12300K kernel code, 1465K rwdata, 2992K rodata, 1512K init, 632K bss, 80380K reserved, 0K cma-reserved)
[STDOUT  ] 2018-07-06T17:59:42.497015653Z: [   21.890605] XFS (sda1): Ending clean mount
[STDERR  ] 2018-07-06T17:59:42.497129084Z: [    0.000000] ftrace: allocating 41032 entries in 161 pages
[STDOUT  ] 2018-07-06T17:59:42.497216246Z: extend test suite PASSED
[STDOUT  ] 2018-07-06T17:59:42.497230511Z: + [ -f /var/lib/docker/bar ]
[STDOUT  ] 2018-07-06T17:59:42.497239996Z: + touch /var/lib/docker/foo
[STDOUT  ] 2018-07-06T17:59:42.497249831Z: + grep -qE [4-5][0-9]{2}\.[0-9]{1,}M
[STDOUT  ] 2018-07-06T17:59:42.497258782Z: + df -h
[STDOUT  ] 2018-07-06T17:59:42.497270904Z: + printf extend test suite PASSED
[STDOUT  ] 2018-07-06T17:59:42.497280376Z: 
[STDOUT  ] 2018-07-06T17:59:42.497289345Z: [   35.553400] sd 0:0:0:0: [sda] Synchronizing SCSI cache
[STDOUT  ] 2018-07-06T17:59:42.497298994Z: [   35.557037] sd 0:0:0:0: [sda] Stopping disk
[STDOUT  ] 2018-07-06T17:59:42.497308358Z: [   35.561385] ACPI: Preparing to enter system sleep state S5
[STDOUT  ] 2018-07-06T17:59:42.497317142Z: [   35.565031] reboot: Power down
[STDERR  ] 2018-07-06T17:59:42.497222986Z: [    0.000000] Hierarchical RCU implementation.
[STDERR  ] 2018-07-06T17:59:42.497333808Z: [    0.000000] 	RCU restricting CPUs from NR_CPUS=128 to nr_cpu_ids=1.
[STDERR  ] 2018-07-06T17:59:42.497352322Z: [    0.000000] RCU: Adjusting geometry for rcu_fanout_leaf=16, nr_cpu_ids=1
[STDERR  ] 2018-07-06T17:59:42.497368181Z: [    0.000000] NR_IRQS: 8448, nr_irqs: 256, preallocated irqs: 16
[STDERR  ] 2018-07-06T17:59:42.497381210Z: [    0.000000] Console: colour VGA+ 80x25
[STDERR  ] 2018-07-06T17:59:42.497394557Z: [    0.000000] console [ttyS0] enabled
[STDERR  ] 2018-07-06T17:59:42.497411681Z: [    0.000000] clocksource: hpet
[STDERR  ] 2018-07-06T17:59:42.532348566Z: + set -e
[STDERR  ] 2018-07-06T17:59:42.532502141Z: + . /tmp/build/test/cases/_lib/lib.sh
[STDERR  ] 2018-07-06T17:59:42.532601719Z: + [ -f src/github.com/linuxkit/rtf/lib/lib.sh ]
[STDERR  ] 2018-07-06T17:59:42.532665219Z: + LINUXKIT_TMPDIR=/tmp/build/test/cases/_tmp
[STDERR  ] 2018-07-06T17:59:42.532818904Z: + [ -f /tmp/build/test/cases/_tmp/env.sh ]
[STDERR  ] 2018-07-06T17:59:42.532840909Z: + . /tmp/build/test/cases/_tmp/env.sh
[STDERR  ] 2018-07-06T17:59:42.532855697Z: + export LINUXKIT_EXAMPLES_DIR=/tmp/build/test/cases/../../examples
[STDERR  ] 2018-07-06T17:59:42.532869373Z: + RT_CANCEL=253
[STDERR  ] 2018-07-06T17:59:42.532894852Z: + NAME=test-format
[STDERR  ] 2018-07-06T17:59:42.532906712Z: + DISK=disk.img
[STDERR  ] 2018-07-06T17:59:42.532918906Z: + trap clean_up EXIT
[STDERR  ] 2018-07-06T17:59:42.532932486Z: + linuxkit build -format kernel+initrd -name test-format test.yml
[STDERR  ] 2018-07-06T17:59:42.560027930Z: Extract kernel image: linuxkit/kernel:4.14.53
[STDERR  ] 2018-07-06T17:59:44.247007175Z: Add init containers:
[STDERR  ] 2018-07-06T17:59:44.247061375Z: Process init image: linuxkit/init:0e4af96fecc8f752c80d41c0b7d06570cc1dc6b2
[STDERR  ] 2018-07-06T17:59:45.449506901Z: Process init image: linuxkit/runc:v0.4
[STDERR  ] 2018-07-06T17:59:46.643099340Z: Add onboot containers:
[STDERR  ] 2018-07-06T17:59:46.643147074Z:   Create OCI config for linuxkit/format:v0.4
[STDERR  ] 2018-07-06T17:59:47.996055074Z:   Create OCI config for linuxkit/mount:v0.4
[STDERR  ] 2018-07-06T17:59:49.343268870Z:   Create OCI config for alpine:3.7
[STDERR  ] 2018-07-06T17:59:50.585759564Z:   Create OCI config for linuxkit/poweroff:d75d94d9603bde9ab95b914deed0d069d05d8b20
[STDERR  ] 2018-07-06T17:59:51.769173748Z: Add files:
[STDERR  ] 2018-07-06T17:59:51.769229375Z:   check.sh
[STDERR  ] 2018-07-06T17:59:51.789542395Z: Create outputs:
[STDERR  ] 2018-07-06T17:59:57.798975411Z:   test-format-kernel test-format-initrd.img test-format-cmdline
[STDERR  ] 2018-07-06T17:59:57.865227462Z: + linuxkit run -disk file=disk.img,size=512M test-format
[STDERR  ] 2018-07-06T17:59:57.888935943Z: Unable to find qemu-system-x86_64 within the $PATH. Using a container
[STDOUT  ] 2018-07-06T18:00:37.249784857Z: [    0.000000] Linux version 4.14.53-linuxkit (root@bd72a9eaf0e9) (gcc version 6.4.0 (Alpine 6.4.0)) #1 SMP Tue Jul 3 13:29:41 UTC 2018
[STDOUT  ] 2018-07-06T18:00:37.249857663Z: [    0.000000] Command line: console=ttyS0 console=ttyAMA0
[STDOUT  ] 2018-07-06T18:00:37.249868725Z: [    0.000000] x86/fpu: x87 FPU will use FXSAVE
[STDOUT  ] 2018-07-06T18:00:37.249878644Z: [    0.000000] e820: BIOS-provided physical RAM map:
[STDOUT  ] 2018-07-06T18:00:37.249888805Z: [    0.000000] BIOS-e820: [mem 0x0000000000000000-0x000000000009fbff] usable
[STDOUT  ] 2018-07-06T18:00:37.249899541Z: [    0.000000] BIOS-e820: [mem 0x000000000009fc00-0x000000000009ffff] reserved
[STDOUT  ] 2018-07-06T18:00:37.249909135Z: [    0.000000] BIOS-e820: [mem 0x00000000000f0000-0x00000000000fffff] reserved
[STDOUT  ] 2018-07-06T18:00:37.249918497Z: [    0.000000] BIOS-e820: [mem 0x0000000000100000-0x000000003ffdefff] usable
[STDOUT  ] 2018-07-06T18:00:37.249927727Z: [    0.000000] BIOS-e820: [mem 0x000000003ffdf000-0x000000003fffffff] reserved
[STDOUT  ] 2018-07-06T18:00:37.249937761Z: [    0.000000] BIOS-e820: [mem 0x00000000b0000000-0x00000000bfffffff] reserved
[STDOUT  ] 2018-07-06T18:00:37.249946978Z: [    0.000000] BIOS-e820: [mem 0x00000000fed1c000-0x00000000fed1ffff] reserved
[STDOUT  ] 2018-07-06T18:00:37.249956195Z: [    0.000000] BIOS-e820: [mem 0x00000000fffc0000-0x00000000ffffffff] reserved
[STDOUT  ] 2018-07-06T18:00:37.249965499Z: [    0.000000] NX (Execute Disable) protection: active
[STDOUT  ] 2018-07-06T18:00:37.249975092Z: [    0.000000] SMBIOS 2.8 present.
[STDOUT  ] 2018-07-06T18:00:37.249985214Z: [    0.000000] DMI: QEMU Standard PC (Q35 + ICH9, 2009), BIOS rel-1.10.2-0-g5f4c7b1-prebuilt.qemu-project.org 04/01/2014
[STDOUT  ] 2018-07-06T18:00:37.249995291Z: [    0.000000] tsc: Fast TSC calibration using PIT
[STDOUT  ] 2018-07-06T18:00:37.250005406Z: [    0.000000] e820: last_pfn = 0x3ffdf max_arch_pfn = 0x400000000
[STDOUT  ] 2018-07-06T18:00:37.250014540Z: [    0.000000] x86/PAT: Configuration [0-7]: WB  WC  UC- UC  WB  WP  UC- WT  
[STDOUT  ] 2018-07-06T18:00:37.250023508Z: [    0.000000] found SMP MP-table at [mem 0x000f6aa0-0x000f6aaf] mapped at [ffffffffff200aa0]
[STDOUT  ] 2018-07-06T18:00:37.250043985Z: [    0.000000] RAMDISK: [mem 0x3dcdf000-0x3ffcffff]
[STDOUT  ] 2018-07-06T18:00:37.250053149Z: [    0.000000] ACPI: Early table checksum verification disabled
[STDOUT  ] 2018-07-06T18:00:37.250061982Z: [    0.000000] ACPI: RSDP 0x00000000000F68B0 000014 (v00 BOCHS )
[STDOUT  ] 2018-07-06T18:00:37.250070523Z: [    0.000000] ACPI: RSDT 0x000000003FFE20A8 000034 (v01 BOCHS  BXPCRSDT 00000001 BXPC 00000001)
[STDOUT  ] 2018-07-06T18:00:37.250079527Z: [    0.000000] ACPI: FACP 0x000000003FFE1EC8 0000F4 (v03 BOCHS  BXPCFACP 00000001 BXPC 00000001)
[STDOUT  ] 2018-07-06T18:00:37.250093038Z: [    0.000000] ACPI: DSDT 0x000000003FFE0040 001E88 (v01 BOCHS  BXPCDSDT 00000001 BXPC 00000001)
[STDOUT  ] 2018-07-06T18:00:37.250101270Z: [    0.000000] ACPI: FACS 0x000000003FFE0000 000040
[STDOUT  ] 2018-07-06T18:00:37.250109669Z: [    0.000000] ACPI: APIC 0x000000003FFE1FBC 000078 (v01 BOCHS  BXPCAPIC 00000001 BXPC 00000001)
[STDOUT  ] 2018-07-06T18:00:37.250117819Z: [    0.000000] ACPI: HPET 0x000000003FFE2034 000038 (v01 BOCHS  BXPCHPET 00000001 BXPC 00000001)
[STDOUT  ] 2018-07-06T18:00:37.250126324Z: [    0.000000] ACPI: MCFG 0x000000003FFE206C 00003C (v01 BOCHS  BXPCMCFG 00000001 BXPC 00000001)
[STDOUT  ] 2018-07-06T18:00:37.250136027Z: [    0.000000] Zone ranges:
[STDOUT  ] 2018-07-06T18:00:37.250145910Z: [    0.000000]   DMA      [mem 0x0000000000001000-0x0000000000ffffff]
[STDOUT  ] 2018-07-06T18:00:37.250154130Z: [    0.000000]   DMA32    [mem 0x0000000001000000-0x000000003ffdefff]
[STDOUT  ] 2018-07-06T18:00:37.250162384Z: [    0.000000]   Normal   empty
[STDOUT  ] 2018-07-06T18:00:37.250170531Z: [    0.000000]   Device   empty
[STDOUT  ] 2018-07-06T18:00:37.250179908Z: [    0.000000] Movable zone start for each node
[STDOUT  ] 2018-07-06T18:00:37.250189974Z: [    0.000000] Early memory node ranges
[STDOUT  ] 2018-07-06T18:00:37.250198615Z: [    0.000000]   node   0: [mem 0x0000000000001000-0x000000000009efff]
[STDOUT  ] 2018-07-06T18:00:37.250207258Z: [    0.000000]   node   0: [mem 0x0000000000100000-0x000000003ffdefff]
[STDOUT  ] 2018-07-06T18:00:37.250216122Z: [    0.000000] Initmem setup node 0 [mem 0x0000000000001000-0x000000003ffdefff]
[STDOUT  ] 2018-07-06T18:00:37.250225078Z: [    0.000000] ACPI: PM-Timer IO Port: 0x608
[STDOUT  ] 2018-07-06T18:00:37.250233767Z: [    0.000000] ACPI: LAPIC_NMI (acpi_id[0xff] dfl dfl lint[0x1])
[STDOUT  ] 2018-07-06T18:00:37.250242720Z: [    0.000000] IOAPIC[0]: apic_id 0, version 32, address 0xfec00000, GSI 0-23
[STDOUT  ] 2018-07-06T18:00:37.250250955Z: [    0.000000] ACPI: INT_SRC_OVR (bus 0 bus_irq 0 global_irq 2 dfl dfl)
[STDOUT  ] 2018-07-06T18:00:37.250260123Z: [    0.000000] ACPI: INT_SRC_OVR (bus 0 bus_irq 5 global_irq 5 high level)
[STDOUT  ] 2018-07-06T18:00:37.250268745Z: [    0.000000] ACPI: INT_SRC_OVR (bus 0 bus_irq 9 global_irq 9 high level)
[STDOUT  ] 2018-07-06T18:00:37.250277115Z: [    0.000000] ACPI: INT_SRC_OVR (bus 0 bus_irq 10 global_irq 10 high level)
[STDOUT  ] 2018-07-06T18:00:37.250285231Z: [    0.000000] ACPI: INT_SRC_OVR (bus 0 bus_irq 11 global_irq 11 high level)
[STDOUT  ] 2018-07-06T18:00:37.250293919Z: [    0.000000] Using ACPI (MADT) for SMP configuration information
[STDOUT  ] 2018-07-06T18:00:37.250304839Z: [    0.000000] ACPI: HPET id: 0x8086a201 base: 0xfed00000
[STDOUT  ] 2018-07-06T18:00:37.250315947Z: [    0.000000] smpboot: Allowing 1 CPUs, 0 hotplug CPUs
[STDOUT  ] 2018-07-06T18:00:37.250325627Z: [    0.000000] e820: [mem 0x40000000-0xafffffff] available for PCI devices
[STDOUT  ] 2018-07-06T18:00:37.250336122Z: [    0.000000] Booting paravirtualized kernel on bare hardware
[STDOUT  ] 2018-07-06T18:00:37.250345341Z: [    0.000000] clocksource: refined-jiffies: mask: 0xffffffff max_cycles: 0xffffffff, max_idle_ns: 19112604462750000 ns
[STDOUT  ] 2018-07-06T18:00:37.250354488Z: [    0.000000] random: get_random_bytes called from start_kernel+0x92/0x4c8 with crng_init=0
[STDOUT  ] 2018-07-06T18:00:37.250363554Z: [    0.000000] setup_percpu: NR_CPUS:128 nr_cpumask_bits:128 nr_cpu_ids:1 nr_node_ids:1
[STDOUT  ] 2018-07-06T18:00:37.250381760Z: [    0.000000] percpu: Embedded 44 pages/cpu @ffff8e527da00000 s143256 r8192 d28776 u2097152
[STDOUT  ] 2018-07-06T18:00:37.250390733Z: [    0.000000] Built 1 zonelists, mobility grouping on.  Total pages: 257896
[STDOUT  ] 2018-07-06T18:00:37.250400168Z: [    0.000000] Kernel command line: console=ttyS0 console=ttyAMA0
[STDOUT  ] 2018-07-06T18:00:37.250409617Z: [    0.000000] PID hash table entries: 4096 (order: 3, 32768 bytes)
[STDOUT  ] 2018-07-06T18:00:37.250418727Z: [    0.000000] Dentry cache hash table entries: 131072 (order: 8, 1048576 bytes)
[STDOUT  ] 2018-07-06T18:00:37.250432598Z: [    0.000000] Inode-cache hash table entries: 65536 (order: 7, 524288 bytes)
[STDOUT  ] 2018-07-06T18:00:37.250442928Z: [    0.000000] Memory: 969012K/1048052K available (12300K kernel code, 1465K rwdata, 2992K rodata, 1512K init, 632K bss, 79040K reserved, 0K cma-reserved)
[STDOUT  ] 2018-07-06T18:00:37.250453779Z: [    0.000000] ftrace: allocating 41032 entries in 161 pages
[STDOUT  ] 2018-07-06T18:00:37.250462705Z: [    0.000000] Hierarchical RCU implementation.
[STDOUT  ] 2018-07-06T18:00:37.250471799Z: [    0.000000] 	RCU restricting CPUs from NR_CPUS=128 to nr_cpu_ids=1.
[STDOUT  ] 2018-07-06T18:00:37.250480618Z: [    0.000000] RCU: Adjusting geometry for rcu_fanout_leaf=16, nr_cpu_ids=1
[STDOUT  ] 2018-07-06T18:00:37.250489550Z: [    0.000000] NR_IRQS: 8448, nr_irqs: 256, preallocated irqs: 16
[STDOUT  ] 2018-07-06T18:00:37.250498227Z: [    0.000000] Console: colour VGA+ 80x25
[STDOUT  ] 2018-07-06T18:00:37.250507468Z: [    0.000000] console [ttyS0] enabled
[STDOUT  ] 2018-07-06T18:00:37.250516258Z: [    0.000000] clocksource: hpet: mask: 0xffffffff max_cycles: 0xffffffff, max_idle_ns: 19112604467 ns
[STDOUT  ] 2018-07-06T18:00:37.250525368Z: [    0.000000] tsc: Fast TSC calibration using PIT
[STDOUT  ] 2018-07-06T18:00:37.250534246Z: [    0.000000] tsc: Detected 2599.758 MHz processor
[STDOUT  ] 2018-07-06T18:00:37.250542561Z: [    0.001708] Calibrating delay loop (skipped), value calculated using timer frequency.. 5199.51 BogoMIPS (lpj=25997580)
[STDOUT  ] 2018-07-06T18:00:37.250551126Z: [    0.002188] pid_max: default: 32768 minimum: 301
[STDOUT  ] 2018-07-06T18:00:37.250559337Z: [    0.002938] ACPI: Core revision 20170728
[STDOUT  ] 2018-07-06T18:00:37.250567580Z: [    0.035540] ACPI: 1 ACPI AML tables successfully acquired and loaded
[STDOUT  ] 2018-07-06T18:00:37.250576664Z: [    0.037358] Security Framework initialized
[STDOUT  ] 2018-07-06T18:00:37.250584722Z: [    0.037659] Yama: becoming mindful.
[STDOUT  ] 2018-07-06T18:00:37.250592694Z: [    0.040410] Mount-cache hash table entries: 2048 (order: 2, 16384 bytes)
[STDOUT  ] 2018-07-06T18:00:37.250600978Z: [    0.040623] Mountpoint-cache hash table entries: 2048 (order: 2, 16384 bytes)
[STDOUT  ] 2018-07-06T18:00:37.250609155Z: [    0.057688] Last level iTLB entries: 4KB 0, 2MB 0, 4MB 0
[STDOUT  ] 2018-07-06T18:00:37.250618082Z: [    0.058012] Last level dTLB entries: 4KB 0, 2MB 0, 4MB 0, 1GB 0
[STDOUT  ] 2018-07-06T18:00:37.250626516Z: [    0.058525] Spectre V2 : Spectre mitigation: LFENCE not serializing, switching to generic retpoline
[STDOUT  ] 2018-07-06T18:00:37.250634798Z: [    0.058955] Spectre V2 : Vulnerable: Minimal generic ASM retpoline
[STDOUT  ] 2018-07-06T18:00:37.250643202Z: [    0.059368] Spectre V2 : Spectre v2 mitigation: Filling RSB on context switch
[STDOUT  ] 2018-07-06T18:00:37.250651961Z: [    0.059774] Speculative Store Bypass: Vulnerable
[STDOUT  ] 2018-07-06T18:00:37.250660793Z: [    0.343690] Freeing SMP alternatives memory: 20K
[STDOUT  ] 2018-07-06T18:00:37.250669134Z: [    0.364028] smpboot: Max logical packages: 1
[STDOUT  ] 2018-07-06T18:00:37.250677712Z: [    0.370000] ..TIMER: vector=0x30 apic1=0 pin1=2 apic2=-1 pin2=-1
[STDOUT  ] 2018-07-06T18:00:37.250686447Z: [    0.470000] smpboot: CPU0: AMD QEMU Virtual CPU version 2.5+ (family: 0x6, model: 0x6, stepping: 0x3)
[STDOUT  ] 2018-07-06T18:00:37.250696018Z: [    0.470000] Performance Events: PMU not available due to virtualization, using software events only.
[STDOUT  ] 2018-07-06T18:00:37.250710277Z: [    0.472721] Hierarchical SRCU implementation.
[STDOUT  ] 2018-07-06T18:00:37.250720778Z: [    0.478732] NMI watchdog: Perf event create on CPU 0 failed with -2
[STDOUT  ] 2018-07-06T18:00:37.250728583Z: [    0.479156] NMI watchdog: Perf NMI watchdog permanently disabled
[STDOUT  ] 2018-07-06T18:00:37.250736689Z: [    0.483077] smp: Bringing up secondary CPUs ...
[STDOUT  ] 2018-07-06T18:00:37.250745437Z: [    0.483395] smp: Brought up 1 node, 1 CPU
[STDOUT  ] 2018-07-06T18:00:37.250765570Z: [    0.483852] smpboot: Total of 1 processors activated (5199.51 BogoMIPS)
[STDOUT  ] 2018-07-06T18:00:37.250774858Z: [    0.500324] devtmpfs: initialized
[STDOUT  ] 2018-07-06T18:00:37.250783619Z: [    0.505671] x86/mm: Memory block size: 128MB
[STDOUT  ] 2018-07-06T18:00:37.250792573Z: [    0.512215] evm: security.ima
[STDOUT  ] 2018-07-06T18:00:37.250802179Z: [    0.512422] evm: security.capability
[STDOUT  ] 2018-07-06T18:00:37.250810952Z: [    0.515305] clocksource: jiffies: mask: 0xffffffff max_cycles: 0xffffffff, max_idle_ns: 19112604462750000 ns
[STDOUT  ] 2018-07-06T18:00:37.250820343Z: [    0.516003] futex hash table entries: 256 (order: 2, 16384 bytes)
[STDOUT  ] 2018-07-06T18:00:37.250829780Z: [    0.526029] NET: Registered protocol family 16
[STDOUT  ] 2018-07-06T18:00:37.250838602Z: [    0.532655] cpuidle: using governor ladder
[STDOUT  ] 2018-07-06T18:00:37.250847173Z: [    0.533147] cpuidle: using governor menu
[STDOUT  ] 2018-07-06T18:00:37.250855961Z: [    0.534706] ACPI: bus type PCI registered
[STDOUT  ] 2018-07-06T18:00:37.250864353Z: [    0.537385] PCI: MMCONFIG for domain 0000 [bus 00-ff] at [mem 0xb0000000-0xbfffffff] (base 0xb0000000)
[STDOUT  ] 2018-07-06T18:00:37.250873048Z: [    0.538187] PCI: MMCONFIG at [mem 0xb0000000-0xbfffffff] reserved in E820
[STDOUT  ] 2018-07-06T18:00:37.250881667Z: [    0.539106] PCI: Using configuration type 1 for base access
[STDOUT  ] 2018-07-06T18:00:37.250890187Z: [    0.577091] HugeTLB registered 2.00 MiB page size, pre-allocated 0 pages
[STDOUT  ] 2018-07-06T18:00:37.250899626Z: [    0.587982] ACPI: Added _OSI(Module Device)
[STDOUT  ] 2018-07-06T18:00:37.250908305Z: [    0.588275] ACPI: Added _OSI(Processor Device)
[STDOUT  ] 2018-07-06T18:00:37.250916936Z: [    0.588531] ACPI: Added _OSI(3.0 _SCP Extensions)
[STDOUT  ] 2018-07-06T18:00:37.250925710Z: [    0.588822] ACPI: Added _OSI(Processor Aggregator Device)
[STDOUT  ] 2018-07-06T18:00:37.250935595Z: [    0.635610] ACPI: Interpreter enabled
[STDOUT  ] 2018-07-06T18:00:37.250946630Z: [    0.636439] ACPI: (supports S0 S5)
[STDOUT  ] 2018-07-06T18:00:37.250955222Z: [    0.636784] ACPI: Using IOAPIC for interrupt routing
[STDOUT  ] 2018-07-06T18:00:37.250963676Z: [    0.639086] PCI: Using host bridge windows from ACPI; if necessary, use "pci=nocrs" and report a bug
[STDOUT  ] 2018-07-06T18:00:37.250972294Z: [    0.642288] ACPI: Enabled 1 GPEs in block 00 to 3F
[STDOUT  ] 2018-07-06T18:00:37.250980676Z: [    0.689323] ACPI: PCI Root Bridge [PCI0] (domain 0000 [bus 00-ff])
[STDOUT  ] 2018-07-06T18:00:37.250989161Z: [    0.690496] acpi PNP0A08:00: _OSC: OS supports [ExtendedConfig ASPM ClockPM Segments MSI]
[STDOUT  ] 2018-07-06T18:00:37.250997907Z: [    0.694769] acpi PNP0A08:00: _OSC: OS now controls [PCIeHotplug PME PCIeCapability]
[STDOUT  ] 2018-07-06T18:00:37.251006488Z: [    0.698246] PCI host bridge to bus 0000:00
[STDOUT  ] 2018-07-06T18:00:37.251015090Z: [    0.698788] pci_bus 0000:00: root bus resource [io  0x0000-0x0cf7 window]
[STDOUT  ] 2018-07-06T18:00:37.251023956Z: [    0.699170] pci_bus 0000:00: root bus resource [io  0x0d00-0xffff window]
[STDOUT  ] 2018-07-06T18:00:37.251032693Z: [    0.699635] pci_bus 0000:00: root bus resource [mem 0x000a0000-0x000bffff window]
[STDOUT  ] 2018-07-06T18:00:37.251041243Z: [    0.700000] pci_bus 0000:00: root bus resource [mem 0xc0000000-0xfebfffff window]
[STDOUT  ] 2018-07-06T18:00:37.251049779Z: [    0.700279] pci_bus 0000:00: root bus resource [bus 00-ff]
[STDOUT  ] 2018-07-06T18:00:37.251062471Z: [    0.861821] pci 0000:00:1f.0: quirk: [io  0x0600-0x067f] claimed by ICH6 ACPI/GPIO/TCO
[STDOUT  ] 2018-07-06T18:00:37.251071883Z: [    0.951531] ACPI: PCI Interrupt Link [LNKA] (IRQs 5 *10 11)
[STDOUT  ] 2018-07-06T18:00:37.251080522Z: [    0.953470] ACPI: PCI Interrupt Link [LNKB] (IRQs 5 *10 11)
[STDOUT  ] 2018-07-06T18:00:37.251094670Z: [    0.955015] ACPI: PCI Interrupt Link [LNKC] (IRQs 5 10 *11)
[STDOUT  ] 2018-07-06T18:00:37.251103481Z: [    0.956556] ACPI: PCI Interrupt Link [LNKD] (IRQs 5 10 *11)
[STDOUT  ] 2018-07-06T18:00:37.251115648Z: [    0.957851] ACPI: PCI Interrupt Link [LNKE] (IRQs 5 *10 11)
[STDOUT  ] 2018-07-06T18:00:37.251124815Z: [    0.959028] ACPI: PCI Interrupt Link [LNKF] (IRQs 5 *10 11)
[STDOUT  ] 2018-07-06T18:00:37.251133590Z: [    0.960762] ACPI: PCI Interrupt Link [LNKG] (IRQs 5 10 *11)
[STDOUT  ] 2018-07-06T18:00:37.251142596Z: [    0.961910] ACPI: PCI Interrupt Link [LNKH] (IRQs 5 10 *11)
[STDOUT  ] 2018-07-06T18:00:37.251151650Z: [    0.962530] ACPI: PCI Interrupt Link [GSIA] (IRQs *16)
[STDOUT  ] 2018-07-06T18:00:37.251160321Z: [    0.962995] ACPI: PCI Interrupt Link [GSIB] (IRQs *17)
[STDOUT  ] 2018-07-06T18:00:37.251169428Z: [    0.963468] ACPI: PCI Interrupt Link [GSIC] (IRQs *18)
[STDOUT  ] 2018-07-06T18:00:37.251179247Z: [    0.964011] ACPI: PCI Interrupt Link [GSID] (IRQs *19)
[STDOUT  ] 2018-07-06T18:00:37.251188049Z: [    0.964565] ACPI: PCI Interrupt Link [GSIE] (IRQs *20)
[STDOUT  ] 2018-07-06T18:00:37.251196570Z: [    0.965063] ACPI: PCI Interrupt Link [GSIF] (IRQs *21)
[STDOUT  ] 2018-07-06T18:00:37.251204783Z: [    0.965583] ACPI: PCI Interrupt Link [GSIG] (IRQs *22)
[STDOUT  ] 2018-07-06T18:00:37.251213129Z: [    0.966084] ACPI: PCI Interrupt Link [GSIH] (IRQs *23)
[STDOUT  ] 2018-07-06T18:00:37.251222436Z: [    0.972797] SCSI subsystem initialized
[STDOUT  ] 2018-07-06T18:00:37.251230627Z: [    0.974941] ACPI: bus type USB registered
[STDOUT  ] 2018-07-06T18:00:37.251239330Z: [    0.975850] usbcore: registered new interface driver usbfs
[STDOUT  ] 2018-07-06T18:00:37.251248370Z: [    0.976580] usbcore: registered new interface driver hub
[STDOUT  ] 2018-07-06T18:00:37.251257962Z: [    0.977352] usbcore: registered new device driver usb
[STDOUT  ] 2018-07-06T18:00:37.251267059Z: [    0.978217] pps_core: LinuxPPS API ver. 1 registered
[STDOUT  ] 2018-07-06T18:00:37.251275841Z: [    0.978449] pps_core: Software ver. 5.3.6 - Copyright 2005-2007 Rodolfo Giometti <giometti@linux.it>
[STDOUT  ] 2018-07-06T18:00:37.251284779Z: [    0.979011] PTP clock support registered
[STDOUT  ] 2018-07-06T18:00:37.251292667Z: [    0.981048] PCI: Using ACPI for IRQ routing
[STDOUT  ] 2018-07-06T18:00:37.251301281Z: [    0.993760] NetLabel: Initializing
[STDOUT  ] 2018-07-06T18:00:37.251310003Z: [    0.993956] NetLabel:  domain hash size = 128
[STDOUT  ] 2018-07-06T18:00:37.251320108Z: [    0.994232] NetLabel:  protocols = UNLABELED CIPSOv4 CALIPSO
[STDOUT  ] 2018-07-06T18:00:37.251328068Z: [    0.996196] NetLabel:  unlabeled traffic allowed by default
[STDOUT  ] 2018-07-06T18:00:37.251334308Z: [    0.997701] HPET: 3 timers in total, 0 timers will be used for per-cpu timer
[STDOUT  ] 2018-07-06T18:00:37.251340226Z: [    0.998377] hpet0: at MMIO 0xfed00000, IRQs 2, 8, 0
[STDOUT  ] 2018-07-06T18:00:37.251346762Z: [    0.998759] hpet0: 3 comparators, 64-bit 100.000000 MHz counter
[STDOUT  ] 2018-07-06T18:00:37.251353462Z: [    1.003996] clocksource: Switched to clocksource hpet
[STDOUT  ] 2018-07-06T18:00:37.251359629Z: [    1.187563] VFS: Disk quotas dquot_6.6.0
[STDOUT  ] 2018-07-06T18:00:37.251365956Z: [    1.188215] VFS: Dquot-cache hash table entries: 512 (order 0, 4096 bytes)
[STDOUT  ] 2018-07-06T18:00:37.251374453Z: [    1.191651] FS-Cache: Loaded
[STDOUT  ] 2018-07-06T18:00:37.251380492Z: [    1.196878] CacheFiles: Loaded
[STDOUT  ] 2018-07-06T18:00:37.251386413Z: [    1.197960] pnp: PnP ACPI init
[STDOUT  ] 2018-07-06T18:00:37.251392106Z: [    1.205807] pnp: PnP ACPI: found 5 devices
[STDOUT  ] 2018-07-06T18:00:37.251401898Z: [    1.238413] clocksource: acpi_pm: mask: 0xffffff max_cycles: 0xffffff, max_idle_ns: 2085701024 ns
[STDOUT  ] 2018-07-06T18:00:37.251407977Z: [    1.241820] NET: Registered protocol family 2
[STDOUT  ] 2018-07-06T18:00:37.251413637Z: [    1.248939] TCP established hash table entries: 8192 (order: 4, 65536 bytes)
[STDOUT  ] 2018-07-06T18:00:37.251419305Z: [    1.249739] TCP bind hash table entries: 8192 (order: 5, 131072 bytes)
[STDOUT  ] 2018-07-06T18:00:37.251424993Z: [    1.250975] TCP: Hash tables configured (established 8192 bind 8192)
[STDOUT  ] 2018-07-06T18:00:37.251430558Z: [    1.252869] UDP hash table entries: 512 (order: 2, 16384 bytes)
[STDOUT  ] 2018-07-06T18:00:37.251440405Z: [    1.253536] UDP-Lite hash table entries: 512 (order: 2, 16384 bytes)
[STDOUT  ] 2018-07-06T18:00:37.251446268Z: [    1.255774] NET: Registered protocol family 1
[STDOUT  ] 2018-07-06T18:00:37.251452050Z: [    1.256824] pci 0000:00:01.0: Video device with shadowed ROM at [mem 0x000c0000-0x000dffff]
[STDOUT  ] 2018-07-06T18:00:37.251457922Z: [    1.262569] Trying to unpack rootfs image as initramfs...
[STDOUT  ] 2018-07-06T18:00:37.251463563Z: [    6.139130] Freeing initrd memory: 35780K
[STDOUT  ] 2018-07-06T18:00:37.251471362Z: [    6.159785] PCLMULQDQ-NI instructions are not detected.
[STDOUT  ] 2018-07-06T18:00:37.251476958Z: [    6.161353] AVX or AES-NI instructions are not detected.
[STDOUT  ] 2018-07-06T18:00:37.251482520Z: [    6.161802] CPU feature 'AVX registers' is not supported.
[STDOUT  ] 2018-07-06T18:00:37.251488033Z: [    6.162156] CPU feature 'AVX registers' is not supported.
[STDOUT  ] 2018-07-06T18:00:37.251493511Z: [    6.162495] CPU feature 'AVX registers' is not supported.
[STDOUT  ] 2018-07-06T18:00:37.251499004Z: [    6.162853] CPU feature 'AVX registers' is not supported.
[STDOUT  ] 2018-07-06T18:00:37.251504580Z: [    6.163172] AVX2 or AES-NI instructions are not detected.
[STDOUT  ] 2018-07-06T18:00:37.251510067Z: [    6.163451] AVX2 instructions are not detected.
[STDOUT  ] 2018-07-06T18:00:37.251515825Z: [    6.168280] audit: initializing netlink subsys (disabled)
[STDOUT  ] 2018-07-06T18:00:37.251521334Z: [    6.171353] audit: type=2000 audit(1530900007.160:1): state=initialized audit_enabled=0 res=1
[STDOUT  ] 2018-07-06T18:00:37.251526999Z: [    6.175259] workingset: timestamp_bits=46 max_order=18 bucket_order=0
[STDOUT  ] 2018-07-06T18:00:37.251532602Z: [    6.179042] squashfs: version 4.0 (2009/01/31) Phillip Lougher
[STDOUT  ] 2018-07-06T18:00:37.251538115Z: [    6.181985] FS-Cache: Netfs 'cifs' registered for caching
[STDOUT  ] 2018-07-06T18:00:37.251543686Z: [    6.182802] fuse init (API version 7.26)
[STDOUT  ] 2018-07-06T18:00:37.251549253Z: [    6.184751] SGI XFS with ACLs, security attributes, no debug enabled
[STDOUT  ] 2018-07-06T18:00:37.251554815Z: [    6.187876] 9p: Installing v9fs 9p2000 file system support
[STDOUT  ] 2018-07-06T18:00:37.251562160Z: [    6.188324] FS-Cache: Netfs '9p' registered for caching
[STDOUT  ] 2018-07-06T18:00:37.251567870Z: [    6.215423] NET: Registered protocol family 38
[STDOUT  ] 2018-07-06T18:00:37.251573401Z: [    6.216038] Key type asymmetric registered
[STDOUT  ] 2018-07-06T18:00:37.251578960Z: [    6.216402] Asymmetric key parser 'x509' registered
[STDOUT  ] 2018-07-06T18:00:37.251584485Z: [    6.217263] Block layer SCSI generic (bsg) driver version 0.4 loaded (major 247)
[STDOUT  ] 2018-07-06T18:00:37.251590048Z: [    6.218901] io scheduler noop registered
[STDOUT  ] 2018-07-06T18:00:37.251595573Z: [    6.219218] io scheduler deadline registered (default)
[STDOUT  ] 2018-07-06T18:00:37.251601693Z: [    6.220355] io scheduler cfq registered
[STDOUT  ] 2018-07-06T18:00:37.251607345Z: [    6.220655] io scheduler mq-deadline registered
[STDOUT  ] 2018-07-06T18:00:37.251613529Z: [    6.220881] io scheduler kyber registered
[STDOUT  ] 2018-07-06T18:00:37.251619049Z: [    6.223570] shpchp: Standard Hot Plug PCI Controller Driver version: 0.4
[STDOUT  ] 2018-07-06T18:00:37.251624542Z: [    6.224247] hv_vmbus: registering driver hyperv_fb
[STDOUT  ] 2018-07-06T18:00:37.251633380Z: [    6.228103] input: Power Button as /devices/LNXSYSTM:00/LNXPWRBN:00/input/input0
[STDOUT  ] 2018-07-06T18:00:37.251639036Z: [    6.231857] ACPI: Power Button [PWRF]
[STDOUT  ] 2018-07-06T18:00:37.251644605Z: [    6.244904] ACPI: PCI Interrupt Link [GSIG] enabled at IRQ 22
[STDOUT  ] 2018-07-06T18:00:37.251650085Z: [    6.253821] ACPI: PCI Interrupt Link [GSIH] enabled at IRQ 23
[STDOUT  ] 2018-07-06T18:00:37.251655663Z: [    6.259437] Serial: 8250/16550 driver, 4 ports, IRQ sharing disabled
[STDOUT  ] 2018-07-06T18:00:37.251661214Z: [    6.284039] 00:04: ttyS0 at I/O 0x3f8 (irq = 4, base_baud = 115200) is a 16550A
[STDOUT  ] 2018-07-06T18:00:37.251669941Z: [    6.293340] Non-volatile memory driver v1.3
[STDOUT  ] 2018-07-06T18:00:37.251675679Z: [    6.299130] Hangcheck: starting hangcheck timer 0.9.1 (tick is 180 seconds, margin is 60 seconds).
[STDOUT  ] 2018-07-06T18:00:37.251681645Z: [    6.310652] random: fast init done
[STDOUT  ] 2018-07-06T18:00:37.251687148Z: [    6.312020] random: crng init done
[STDOUT  ] 2018-07-06T18:00:37.251692668Z: [    6.351287] brd: module loaded
[STDOUT  ] 2018-07-06T18:00:37.251698349Z: [    6.374132] loop: module loaded
[STDOUT  ] 2018-07-06T18:00:37.251703989Z: [    6.411947] lpc_ich 0000:00:1f.0: I/O space for GPIO uninitialized
[STDOUT  ] 2018-07-06T18:00:37.251709535Z: [    6.414086] VMware PVSCSI driver - version 1.0.7.0-k
[STDOUT  ] 2018-07-06T18:00:37.251715216Z: [    6.414672] hv_vmbus: registering driver hv_storvsc
[STDOUT  ] 2018-07-06T18:00:37.251720734Z: [    6.420925] ACPI: PCI Interrupt Link [GSIA] enabled at IRQ 16
[STDOUT  ] 2018-07-06T18:00:37.251726330Z: [    6.427081] ahci 0000:00:1f.2: AHCI 0001.0000 32 slots 6 ports 1.5 Gbps 0x3f impl SATA mode
[STDOUT  ] 2018-07-06T18:00:37.251731894Z: [    6.427750] ahci 0000:00:1f.2: flags: 64bit ncq only 
[STDOUT  ] 2018-07-06T18:00:37.251737496Z: [    6.441248] scsi host0: ahci
[STDOUT  ] 2018-07-06T18:00:37.251743125Z: [    6.443811] scsi host1: ahci
[STDOUT  ] 2018-07-06T18:00:37.251748739Z: [    6.445176] scsi host2: ahci
[STDOUT  ] 2018-07-06T18:00:37.251759541Z: [    6.446579] scsi host3: ahci
[STDOUT  ] 2018-07-06T18:00:37.251766873Z: [    6.447923] scsi host4: ahci
[STDOUT  ] 2018-07-06T18:00:37.251772696Z: [    6.449268] scsi host5: ahci
[STDOUT  ] 2018-07-06T18:00:37.251778290Z: [    6.450587] ata1: SATA max UDMA/133 abar m4096@0xfebd2000 port 0xfebd2100 irq 24
[STDOUT  ] 2018-07-06T18:00:37.251784054Z: [    6.450984] ata2: SATA max UDMA/133 abar m4096@0xfebd2000 port 0xfebd2180 irq 24
[STDOUT  ] 2018-07-06T18:00:37.251789659Z: [    6.451338] ata3: SATA max UDMA/133 abar m4096@0xfebd2000 port 0xfebd2200 irq 24
[STDOUT  ] 2018-07-06T18:00:37.251795302Z: [    6.451671] ata4: SATA max UDMA/133 abar m4096@0xfebd2000 port 0xfebd2280 irq 24
[STDOUT  ] 2018-07-06T18:00:37.251802727Z: [    6.451978] ata5: SATA max UDMA/133 abar m4096@0xfebd2000 port 0xfebd2300 irq 24
[STDOUT  ] 2018-07-06T18:00:37.251808410Z: [    6.452311] ata6: SATA max UDMA/133 abar m4096@0xfebd2000 port 0xfebd2380 irq 24
[STDOUT  ] 2018-07-06T18:00:37.251814050Z: [    6.461972] tun: Universal TUN/TAP device driver, 1.6
[STDOUT  ] 2018-07-06T18:00:37.251819788Z: [    6.471986] VMware vmxnet3 virtual NIC driver - version 1.4.a.0-k-NAPI
[STDOUT  ] 2018-07-06T18:00:37.251825391Z: [    6.473048] hv_vmbus: registering driver hv_netvsc
[STDOUT  ] 2018-07-06T18:00:37.251832100Z: [    6.473378] Fusion MPT base driver 3.04.20
[STDOUT  ] 2018-07-06T18:00:37.251838261Z: [    6.473621] Copyright (c) 1999-2008 LSI Corporation
[STDOUT  ] 2018-07-06T18:00:37.251843858Z: [    6.474131] Fusion MPT SPI Host driver 3.04.20
[STDOUT  ] 2018-07-06T18:00:37.251849663Z: [    6.475895] i8042: PNP: PS/2 Controller [PNP0303:KBD,PNP0f13:MOU] at 0x60,0x64 irq 1,12
[STDOUT  ] 2018-07-06T18:00:37.251855248Z: [    6.480104] serio: i8042 KBD port at 0x60,0x64 irq 1
[STDOUT  ] 2018-07-06T18:00:37.251860758Z: [    6.480962] serio: i8042 AUX port at 0x60,0x64 irq 12
[STDOUT  ] 2018-07-06T18:00:37.251867945Z: [    6.482812] hv_vmbus: registering driver hyperv_keyboard
[STDOUT  ] 2018-07-06T18:00:37.251877966Z: [    6.484726] mousedev: PS/2 mouse device common for all mice
[STDOUT  ] 2018-07-06T18:00:37.251883798Z: [    6.488579] input: AT Translated Set 2 keyboard as /devices/platform/i8042/serio0/input/input1
[STDOUT  ] 2018-07-06T18:00:37.251889706Z: [    6.490968] input: PC Speaker as /devices/platform/pcspkr/input/input2
[STDOUT  ] 2018-07-06T18:00:37.251895273Z: [    6.494285] rtc_cmos 00:00: RTC can wake from S4
[STDOUT  ] 2018-07-06T18:00:37.251925429Z: [    6.497009] rtc_cmos 00:00: rtc core: registered rtc_cmos as rtc0
[STDOUT  ] 2018-07-06T18:00:37.251938682Z: [    6.498310] rtc_cmos 00:00: alarms up to one day, y3k, 114 bytes nvram, hpet irqs
[STDOUT  ] 2018-07-06T18:00:37.251947413Z: [    6.498917] i2c /dev entries driver
[STDOUT  ] 2018-07-06T18:00:37.251956395Z: [    6.500899] device-mapper: ioctl: 4.37.0-ioctl (2017-09-20) initialised: dm-devel@redhat.com
[STDOUT  ] 2018-07-06T18:00:37.251966163Z: [    6.504350] usbcore: registered new interface driver usbhid
[STDOUT  ] 2018-07-06T18:00:37.251974930Z: [    6.504650] usbhid: USB HID core driver
[STDOUT  ] 2018-07-06T18:00:37.251983430Z: [    6.505401] hv_utils: Registering HyperV Utility Driver
[STDOUT  ] 2018-07-06T18:00:37.251992447Z: [    6.505699] hv_vmbus: registering driver hv_util
[STDOUT  ] 2018-07-06T18:00:37.252001409Z: [    6.505932] hv_vmbus: registering driver hv_balloon
[STDOUT  ] 2018-07-06T18:00:37.252007652Z: [    6.506373] oprofile: using NMI interrupt.
[STDOUT  ] 2018-07-06T18:00:37.252013770Z: [    6.507390] GACT probability on
[STDOUT  ] 2018-07-06T18:00:37.252019555Z: [    6.507810] Mirror/redirect action on
[STDOUT  ] 2018-07-06T18:00:37.252026233Z: [    6.508450] Simple TC action Loaded
[STDOUT  ] 2018-07-06T18:00:37.252032458Z: [    6.508954] u32 classifier
[STDOUT  ] 2018-07-06T18:00:37.252038638Z: [    6.509106]     Performance counters on
[STDOUT  ] 2018-07-06T18:00:37.252044706Z: [    6.509275]     input device check on
[STDOUT  ] 2018-07-06T18:00:37.252050399Z: [    6.509446]     Actions configured
[STDOUT  ] 2018-07-06T18:00:37.252056351Z: [    6.510089] Netfilter messages via NETLINK v0.30.
[STDOUT  ] 2018-07-06T18:00:37.252061940Z: [    6.510882] nfnl_acct: registering with nfnetlink.
[STDOUT  ] 2018-07-06T18:00:37.252067921Z: [    6.512149] nf_conntrack version 0.5.0 (8192 buckets, 32768 max)
[STDOUT  ] 2018-07-06T18:00:37.252073605Z: [    6.514275] ctnetlink v0.93: registering with nfnetlink.
[STDOUT  ] 2018-07-06T18:00:37.252079376Z: [    6.517028] nf_tables: (c) 2007-2009 Patrick McHardy <kaber@trash.net>
[STDOUT  ] 2018-07-06T18:00:37.252085078Z: [    6.517841] nf_tables_compat: (c) 2012 Pablo Neira Ayuso <pablo@netfilter.org>
[STDOUT  ] 2018-07-06T18:00:37.252090914Z: [    6.519963] xt_time: kernel timezone is -0000
[STDOUT  ] 2018-07-06T18:00:37.252096471Z: [    6.520899] ip_set: protocol 6
[STDOUT  ] 2018-07-06T18:00:37.252102546Z: [    6.521623] IPVS: Registered protocols (TCP, UDP, SCTP, AH, ESP)
[STDOUT  ] 2018-07-06T18:00:37.252108097Z: [    6.522204] IPVS: Connection hash table configured (size=4096, memory=64Kbytes)
[STDOUT  ] 2018-07-06T18:00:37.252113734Z: [    6.525871] IPVS: ipvs loaded.
[STDOUT  ] 2018-07-06T18:00:37.252119173Z: [    6.526161] IPVS: [rr] scheduler registered.
[STDOUT  ] 2018-07-06T18:00:37.252125100Z: [    6.526441] IPVS: [wrr] scheduler registered.
[STDOUT  ] 2018-07-06T18:00:37.252130758Z: [    6.526686] IPVS: [lc] scheduler registered.
[STDOUT  ] 2018-07-06T18:00:37.252136282Z: [    6.526899] IPVS: [wlc] scheduler registered.
[STDOUT  ] 2018-07-06T18:00:37.252142156Z: [    6.527115] IPVS: [fo] scheduler registered.
[STDOUT  ] 2018-07-06T18:00:37.252147722Z: [    6.527318] IPVS: [ovf] scheduler registered.
[STDOUT  ] 2018-07-06T18:00:37.252153374Z: [    6.527724] IPVS: [lblc] scheduler registered.
[STDOUT  ] 2018-07-06T18:00:37.252159037Z: [    6.528120] IPVS: [lblcr] scheduler registered.
[STDOUT  ] 2018-07-06T18:00:37.252164509Z: [    6.528400] IPVS: [dh] scheduler registered.
[STDOUT  ] 2018-07-06T18:00:37.252170051Z: [    6.528619] IPVS: [sh] scheduler registered.
[STDOUT  ] 2018-07-06T18:00:37.252180677Z: [    6.528818] IPVS: [sed] scheduler registered.
[STDOUT  ] 2018-07-06T18:00:37.252186217Z: [    6.529028] IPVS: [nq] scheduler registered.
[STDOUT  ] 2018-07-06T18:00:37.252192017Z: [    6.529775] IPVS: ftp: loaded support on port[0] = 21
[STDOUT  ] 2018-07-06T18:00:37.252197657Z: [    6.530931] ipip: IPv4 and MPLS over IPv4 tunneling driver
[STDOUT  ] 2018-07-06T18:00:37.252203114Z: [    6.534482] gre: GRE over IPv4 demultiplexor driver
[STDOUT  ] 2018-07-06T18:00:37.252208637Z: [    6.536891] ip_tables: (C) 2000-2006 Netfilter Core Team
[STDOUT  ] 2018-07-06T18:00:37.252217500Z: [    6.540765] ipt_CLUSTERIP: ClusterIP Version 0.8 loaded successfully
[STDOUT  ] 2018-07-06T18:00:37.252223411Z: [    6.541311] arp_tables: arp_tables: (C) 2002 David S. Miller
[STDOUT  ] 2018-07-06T18:00:37.252228979Z: [    6.543314] NET: Registered protocol family 10
[STDOUT  ] 2018-07-06T18:00:37.252234519Z: [    6.551959] Segment Routing with IPv6
[STDOUT  ] 2018-07-06T18:00:37.252241026Z: [    6.552874] ip6_tables: (C) 2000-2006 Netfilter Core Team
[STDOUT  ] 2018-07-06T18:00:37.252246638Z: [    6.559361] NET: Registered protocol family 17
[STDOUT  ] 2018-07-06T18:00:37.252252877Z: [    6.560914] Bridge firewalling registered
[STDOUT  ] 2018-07-06T18:00:37.252258421Z: [    6.561485] Ebtables v2.0 registered
[STDOUT  ] 2018-07-06T18:00:37.252263945Z: [    6.563265] 8021q: 802.1Q VLAN Support v1.8
[STDOUT  ] 2018-07-06T18:00:37.252269458Z: [    6.564773] 9pnet: Installing 9P2000 support
[STDOUT  ] 2018-07-06T18:00:37.252274939Z: [    6.566228] Key type dns_resolver registered
[STDOUT  ] 2018-07-06T18:00:37.252280430Z: [    6.567364] sched_clock: Marking stable (6560185300, 0)->(6691189891, -131004591)
[STDOUT  ] 2018-07-06T18:00:37.252286400Z: [    6.570681] registered taskstats version 1
[STDOUT  ] 2018-07-06T18:00:37.252291976Z: [    6.754697] Key type big_key registered
[STDOUT  ] 2018-07-06T18:00:37.252297830Z: [    6.783637] ata1: SATA link up 1.5 Gbps (SStatus 113 SControl 300)
[STDOUT  ] 2018-07-06T18:00:37.252303847Z: [    6.789262] ata1.00: ATA-7: QEMU HARDDISK, 2.5+, max UDMA/100
[STDOUT  ] 2018-07-06T18:00:37.252309653Z: [    6.789620] ata1.00: 1048576 sectors, multi 16: LBA48 NCQ (depth 31/32)
[STDOUT  ] 2018-07-06T18:00:37.252315373Z: [    6.790424] ata1.00: applying bridge limits
[STDOUT  ] 2018-07-06T18:00:37.252321430Z: [    6.791852] ata3: SATA link up 1.5 Gbps (SStatus 113 SControl 300)
[STDOUT  ] 2018-07-06T18:00:37.252327189Z: [    6.792560] ata3.00: ATAPI: QEMU DVD-ROM, 2.5+, max UDMA/100
[STDOUT  ] 2018-07-06T18:00:37.252332880Z: [    6.792874] ata3.00: applying bridge limits
[STDOUT  ] 2018-07-06T18:00:37.252339020Z: [    6.793802] ata3.00: configured for UDMA/100
[STDOUT  ] 2018-07-06T18:00:37.252344601Z: [    6.796224] ata2: SATA link down (SStatus 0 SControl 300)
[STDOUT  ] 2018-07-06T18:00:37.252353787Z: [    6.802375] ata4: SATA link down (SStatus 0 SControl 300)
[STDOUT  ] 2018-07-06T18:00:37.252359740Z: [    6.802897] ata5: SATA link down (SStatus 0 SControl 300)
[STDOUT  ] 2018-07-06T18:00:37.252365431Z: [    6.803273] ata6: SATA link down (SStatus 0 SControl 300)
[STDOUT  ] 2018-07-06T18:00:37.252370923Z: [    6.803978] ata1.00: configured for UDMA/100
[STDOUT  ] 2018-07-06T18:00:37.252376550Z: [    6.818965] scsi 0:0:0:0: Direct-Access     ATA      QEMU HARDDISK    2.5+ PQ: 0 ANSI: 5
[STDOUT  ] 2018-07-06T18:00:37.252385074Z: [    6.834885] sd 0:0:0:0: Attached scsi generic sg0 type 0
[STDOUT  ] 2018-07-06T18:00:37.252390611Z: [    6.842952] scsi 2:0:0:0: CD-ROM            QEMU     QEMU DVD-ROM     2.5+ PQ: 0 ANSI: 5
[STDOUT  ] 2018-07-06T18:00:37.252398450Z: [    6.846707] sd 0:0:0:0: [sda] 1048576 512-byte logical blocks: (537 MB/512 MiB)
[STDOUT  ] 2018-07-06T18:00:37.252404082Z: [    6.848251] sd 0:0:0:0: [sda] Write Protect is off
[STDOUT  ] 2018-07-06T18:00:37.252409661Z: [    6.849337] sd 0:0:0:0: [sda] Write cache: enabled, read cache: enabled, doesn't support DPO or FUA
[STDOUT  ] 2018-07-06T18:00:37.252415534Z: [    6.870079] sd 0:0:0:0: [sda] Attached SCSI disk
[STDOUT  ] 2018-07-06T18:00:37.252424455Z: [    6.883209] sr 2:0:0:0: [sr0] scsi3-mmc drive: 4x/4x cd/rw xa/form2 tray
[STDOUT  ] 2018-07-06T18:00:37.252430123Z: [    6.883808] cdrom: Uniform CD-ROM driver Revision: 3.20
[STDOUT  ] 2018-07-06T18:00:37.252435750Z: [    6.890673] sr 2:0:0:0: Attached scsi generic sg1 type 5
[STDOUT  ] 2018-07-06T18:00:37.252441435Z: [    6.895481] Key type trusted registered
[STDOUT  ] 2018-07-06T18:00:37.252446909Z: [    6.958182] Key type encrypted registered
[STDOUT  ] 2018-07-06T18:00:37.252452388Z: [    6.958875] ima: No TPM chip found, activating TPM-bypass! (rc=-19)
[STDOUT  ] 2018-07-06T18:00:37.252462226Z: [    6.959347] ima: Allocated hash algorithm: sha256
[STDOUT  ] 2018-07-06T18:00:37.252468139Z: [    6.963388] evm: HMAC attrs: 0x1
[STDOUT  ] 2018-07-06T18:00:37.252473874Z: [    6.967333] rtc_cmos 00:00: setting system clock to 2018-07-06 18:00:08 UTC (1530900008)
[STDOUT  ] 2018-07-06T18:00:37.252479452Z: [    7.114668] Freeing unused kernel memory: 1512K
[STDOUT  ] 2018-07-06T18:00:37.252485029Z: [    7.130639] Write protecting the kernel read-only data: 18432k
[STDOUT  ] 2018-07-06T18:00:37.252490725Z: [    7.143637] Freeing unused kernel memory: 2024K
[STDOUT  ] 2018-07-06T18:00:37.252496392Z: [    7.197625] Freeing unused kernel memory: 1104K
[STDOUT  ] 2018-07-06T18:00:37.252502486Z: [    7.200836] tsc: Refined TSC clocksource calibration: 2599.897 MHz
[STDOUT  ] 2018-07-06T18:00:37.252508074Z: [    7.201465] clocksource: tsc: mask: 0xffffffffffffffff max_cycles: 0x2579dad0380, max_idle_ns: 440795258825 ns
[STDOUT  ] 2018-07-06T18:00:37.252513740Z: [    8.215886] clocksource: Switched to clocksource tsc
[STDOUT  ] 2018-07-06T18:00:37.252519235Z: 
[STDOUT  ] 2018-07-06T18:00:37.252525109Z: Welcome to LinuxKit
[STDOUT  ] 2018-07-06T18:00:37.252530722Z: 
[STDOUT  ] 2018-07-06T18:00:37.252536586Z:                         ##         .
[STDOUT  ] 2018-07-06T18:00:37.252542312Z:                   ## ## ##        ==
[STDOUT  ] 2018-07-06T18:00:37.252547813Z:                ## ## ## ## ##    ===
[STDOUT  ] 2018-07-06T18:00:37.252553307Z:            /"""""""""""""""""\___/ ===
[STDOUT  ] 2018-07-06T18:00:37.252558822Z:           {                       /  ===-
[STDOUT  ] 2018-07-06T18:00:37.252564391Z:            \______ O           __/
[STDOUT  ] 2018-07-06T18:00:37.252570098Z:              \    \         __/
[STDOUT  ] 2018-07-06T18:00:37.252575709Z:               \____\_______/
[STDOUT  ] 2018-07-06T18:00:37.252581252Z: 
[STDOUT  ] 2018-07-06T18:00:37.252586769Z: [   16.388696] IPVS: ftp: loaded support on port[0] = 21
[STDOUT  ] 2018-07-06T18:00:37.252592311Z: [   17.584550]  sda:
[STDOUT  ] 2018-07-06T18:00:37.252597935Z: [   17.650770]  sda:
[STDOUT  ] 2018-07-06T18:00:37.252603445Z: [   17.711538]  sda: sda1
[STDOUT  ] 2018-07-06T18:00:37.252608911Z: [   17.791087]  sda: sda1
[STDOUT  ] 2018-07-06T18:00:37.252614472Z: 2018/07/06 18:00:18 Creating partition on /dev/sda
[STDOUT  ] 2018-07-06T18:00:37.252620038Z: 2018/07/06 18:00:20 Partition /dev/sda1 successfully created!
[STDOUT  ] 2018-07-06T18:00:37.252625643Z: [   20.071036] IPVS: ftp: loaded support on port[0] = 21
[STDOUT  ] 2018-07-06T18:00:37.252631920Z: [   21.218267] EXT4-fs (sda1): mounted filesystem with ordered data mode. Opts: (null)
[STDOUT  ] 2018-07-06T18:00:37.252637540Z: format_mount test suite PASSED
[STDOUT  ] 2018-07-06T18:00:37.252643071Z: [   35.454991] sd 0:0:0:0: [sda] Synchronizing SCSI cache
[STDOUT  ] 2018-07-06T18:00:37.252648783Z: [   35.457790] sd 0:0:0:0: [sda] Stopping disk
[STDOUT  ] 2018-07-06T18:00:37.252654331Z: [   35.462301] ACPI: Preparing to enter system sleep state S5
[STDOUT  ] 2018-07-06T18:00:37.252660493Z: [   35.465527] reboot: Power down
[STDERR  ] 2018-07-06T18:00:37.252676736Z: + RESULT=[    0.000000] Linux version 4.14.53-linuxkit (root@bd72a9eaf0e9) (gcc version 6.4.0 (Alpine 6.4.0)) #1 SMP Tue Jul 3 13:29:41 UTC 2018
[STDERR  ] 2018-07-06T18:00:37.252739389Z: [    0.000000] Command line: console=ttyS0 console=ttyAMA0
[STDERR  ] 2018-07-06T18:00:37.252760014Z: [    0.000000] x86/fpu: x87 FPU will use FXSAVE
[STDERR  ] 2018-07-06T18:00:37.252769897Z: [    0.000000] e820: BIOS-provided physical RAM map:
[STDERR  ] 2018-07-06T18:00:37.252779740Z: [    0.000000] BIOS-e820: [mem 0x0000000000000000-0x000000000009fbff] usable
[STDERR  ] 2018-07-06T18:00:37.252791009Z: [    0.000000] BIOS-e820: [mem 0x000000000009fc00-0x000000000009ffff] reserved
[STDERR  ] 2018-07-06T18:00:37.252801860Z: [    0.000000] BIOS-e820: [mem 0x00000000000f0000-0x00000000000fffff] reserved
[STDERR  ] 2018-07-06T18:00:37.252812666Z: [    0.000000] BIOS-e820: [mem 0x0000000000100000-0x000000003ffdefff] usable
[STDERR  ] 2018-07-06T18:00:37.252826161Z: [    0.000000] BIOS-e820: [mem 0x000000003ffdf000-0x000000003fffffff] reserved
[STDERR  ] 2018-07-06T18:00:37.252837883Z: [    0.000000] BIOS-e820: [mem 0x00000000b0000000-0x00000000bfffffff] reserved
[STDERR  ] 2018-07-06T18:00:37.252852941Z: [    0.000000] BIOS-e820: [mem 0x00000000fed1c000-0x00000000fed1ffff] reserved
[STDERR  ] 2018-07-06T18:00:37.252866125Z: [    0.000000] BIOS-e820: [mem 0x00000000fffc0000-0x00000000ffffffff] reserved
[STDERR  ] 2018-07-06T18:00:37.252879217Z: [    0.000000] NX (Execute Disable) protection: active
[STDERR  ] 2018-07-06T18:00:37.252891684Z: [    0.000000] SMBIOS 2.8 present.
[STDERR  ] 2018-07-06T18:00:37.252903788Z: [    0.000000] DMI: QEMU Standard PC (Q35 + ICH9, 2009), BIOS rel-1.10.2-0-g5f4c7b1-prebuilt.qemu-project.org 04/01/2014
[STDERR  ] 2018-07-06T18:00:37.252916446Z: [    0.000000] tsc: Fast TSC calibration using PIT
[STDERR  ] 2018-07-06T18:00:37.252928811Z: [    0.000000] e820: last_pfn = 0x3ffdf max_arch_pfn = 0x400000000
[STDERR  ] 2018-07-06T18:00:37.252941407Z: [    0.000000] x86/PAT: Configuration [0-7]: WB  WC  UC- UC  WB  WP  UC- WT  
[STDERR  ] 2018-07-06T18:00:37.252953715Z: [    0.000000] found SMP MP-table at [mem 0x000f6aa0-0x000f6aaf] mapped at [ffffffffff200aa0]
[STDERR  ] 2018-07-06T18:00:37.252966392Z: [    0.000000] RAMDISK: [mem 0x3dcdf000-0x3ffcffff]
[STDERR  ] 2018-07-06T18:00:37.252982010Z: [    0.000000] ACPI: Early table checksum verification disabled
[STDERR  ] 2018-07-06T18:00:37.252996850Z: [    0.000000] ACPI: RSDP 0x00000000000F68B0 000014 (v00 BOCHS )
[STDERR  ] 2018-07-06T18:00:37.253011869Z: [    0.000000] ACPI: RSDT 0x000000003FFE20A8 000034 (v01 BOCHS  BXPCRSDT 00000001 BXPC 00000001)
[STDERR  ] 2018-07-06T18:00:37.253024751Z: [    0.000000] ACPI: FACP 0x000000003FFE1EC8 0000F4 (v03 BOCHS  BXPCFACP 00000001 BXPC 00000001)
[STDERR  ] 2018-07-06T18:00:37.253039215Z: [    0.000000] ACPI: DSDT 0x000000003FFE0040 001E88 (v01 BOCHS  BXPCDSDT 00000001 BXPC 00000001)
[STDERR  ] 2018-07-06T18:00:37.253054269Z: [    0.000000] ACPI: FACS 0x000000003FFE0000 000040
[STDERR  ] 2018-07-06T18:00:37.253069213Z: [    0.000000] ACPI: APIC 0x000000003FFE1FBC 000078 (v01 BOCHS  BXPCAPIC 00000001 BXPC 00000001)
[STDERR  ] 2018-07-06T18:00:37.253083755Z: [    0.000000] ACPI: HPET 0x000000003FFE2034 000038 (v01 BOCHS  BXPCHPET 00000001 BXPC 00000001)
[STDERR  ] 2018-07-06T18:00:37.253096307Z: [    0.000000] ACPI: MCFG 0x000000003FFE206C 00003C (v01 BOCHS  BXPCMCFG 00000001 BXPC 00000001)
[STDERR  ] 2018-07-06T18:00:37.253108865Z: [    0.000000] Zone ranges:
[STDERR  ] 2018-07-06T18:00:37.253123112Z: [    0.000000]   DMA      [mem 0x0000000000001000-0x0000000000ffffff]
[STDERR  ] 2018-07-06T18:00:37.253140640Z: [    0.000000]   DMA32    [mem 0x0000000001000000-0x000000003ffdefff]
[STDERR  ] 2018-07-06T18:00:37.253153063Z: [    0.000000]   Normal   empty
[STDERR  ] 2018-07-06T18:00:37.253167395Z: [    0.000000]   Device   empty
[STDERR  ] 2018-07-06T18:00:37.253182168Z: [    0.000000] Movable zone start for each node
[STDERR  ] 2018-07-06T18:00:37.253196470Z: [    0.000000] Early memory node ranges
[STDERR  ] 2018-07-06T18:00:37.253208707Z: [    0.000000]   node   0: [mem 0x0000000000001000-0x000000000009efff]
[STDERR  ] 2018-07-06T18:00:37.253221564Z: [    0.000000]   node   0: [mem 0x0000000000100000-0x000000003ffdefff]
[STDERR  ] 2018-07-06T18:00:37.253235619Z: [    0.000000] Initmem setup node 0 [mem 0x0000000000001000-0x000000003ffdefff]
[STDERR  ] 2018-07-06T18:00:37.253255148Z: [    0.000000] ACPI: PM-Timer IO Port: 0x608
[STDERR  ] 2018-07-06T18:00:37.253267132Z: [    0.000000] ACPI: LAPIC_NMI (acpi_id[0xff] dfl dfl lint[0x1])
[STDERR  ] 2018-07-06T18:00:37.253279319Z: [    0.000000] IOAPIC[0]: apic_id 0, version 32, address 0xfec00000, GSI 0-23
[STDERR  ] 2018-07-06T18:00:37.253296890Z: [    0.000000] ACPI: INT_SRC_OVR (bus 0 bus_irq 0 global_irq 2 dfl dfl)
[STDERR  ] 2018-07-06T18:00:37.253311251Z: [    0.000000] ACPI: INT_SRC_OVR (bus 0 bus_irq 5 global_irq 5 high level)
[STDERR  ] 2018-07-06T18:00:37.253327740Z: [    0.000000] ACPI: INT_SRC_OVR (bus 0 bus_irq 9 global_irq 9 high level)
[STDERR  ] 2018-07-06T18:00:37.253342532Z: [    0.000000] ACPI: INT_SRC_OVR (bus 0 bus_irq 10 global_irq 10 high level)
[STDERR  ] 2018-07-06T18:00:37.253360297Z: [    0.000000] ACPI: INT_SRC_OVR (bus 0 bus_irq 11 global_irq 11 high level)
[STDERR  ] 2018-07-06T18:00:37.253375209Z: [    0.000000] Using ACPI (MADT) for SMP configuration information
[STDERR  ] 2018-07-06T18:00:37.253390156Z: [    0.000000] ACPI: HPET id: 0x8086a201 base: 0xfed00000
[STDERR  ] 2018-07-06T18:00:37.253402749Z: [    0.000000] smpboot: Allowing 1 CPUs, 0 hotplug CPUs
[STDERR  ] 2018-07-06T18:00:37.253417216Z: [    0.000000] e820: [mem 0x40000000-0xafffffff] available for PCI devices
[STDERR  ] 2018-07-06T18:00:37.253434643Z: [    0.000000] Booting paravirtualized kernel on bare hardware
[STDERR  ] 2018-07-06T18:00:37.253449062Z: [    0.000000] clocksource: refined-jiffies: mask: 0xffffffff max_cycles: 0xffffffff, max_idle_ns: 19112604462750000 ns
[STDERR  ] 2018-07-06T18:00:37.253461645Z: [    0.000000] random: get_random_bytes called from start_kernel+0x92/0x4c8 with crng_init=0
[STDERR  ] 2018-07-06T18:00:37.253479644Z: [    0.000000] setup_percpu: NR_CPUS:128 nr_cpumask_bits:128 nr_cpu_ids:1 nr_node_ids:1
[STDERR  ] 2018-07-06T18:00:37.253494307Z: [    0.000000] percpu: Embedded 44 pages/cpu @ffff8e527da00000 s143256 r8192 d28776 u2097152
[STDERR  ] 2018-07-06T18:00:37.253506918Z: [    0.000000] Built 1 zonelists, mobility grouping on.  Total pages: 257896
[STDERR  ] 2018-07-06T18:00:37.253521154Z: [    0.000000] Kernel command line: console=ttyS0 console=ttyAMA0
[STDERR  ] 2018-07-06T18:00:37.253537110Z: [    0.000000] PID hash table entries: 4096 (order: 3, 32768 bytes)
[STDERR  ] 2018-07-06T18:00:37.253551664Z: [    0.000000] Dentry cache hash table entries: 131072 (order: 8, 1048576 bytes)
[STDERR  ] 2018-07-06T18:00:37.253566039Z: [    0.000000] Inode-cache hash table entries: 65536 (order: 7, 524288 bytes)
[STDERR  ] 2018-07-06T18:00:37.253578402Z: [    0.000000] Memory: 969012K/1048052K available (12300K kernel code, 1465K rwdata, 2992K rodata, 1512K init, 632K bss, 79040K reserved, 0K cma-reserved)
[STDERR  ] 2018-07-06T18:00:37.253593829Z: [    0.000000] ftrace: allocating 41032 entries in 161 pages
[STDERR  ] 2018-07-06T18:00:37.253608633Z: [    0.000000] Hierarchical RCU implementation.
[STDERR  ] 2018-07-06T18:00:37.253626111Z: [    0.000000] 	RCU restricting CPUs from NR_CPUS=128 to nr_cpu_ids=1.
[STDERR  ] 2018-07-06T18:00:37.253640908Z: [    0.000000] RCU: Adjusting geometry for rcu_fanout_leaf=16, nr_cpu_ids=1
[STDERR  ] 2018-07-06T18:00:37.253654860Z: [    0.000000] NR_IRQS: 8448, nr_irqs: 256, preallocated irqs: 16
[STDERR  ] 2018-07-06T18:00:37.253667289Z: [    0.000000] Console: colour VGA+ 80x25
[STDERR  ] 2018-07-06T18:00:37.253681762Z: [    0.000000] console [ttyS0] enabled
[STDERR  ] 2018-07-06T18:00:37.253696213Z: [    0.000000] clocksource: hpet: mask: 0xffffffff max_cycles: 0xffffffff, max_idle_ns: 19112604467 ns
[STDERR  ] 2018-07-06T18:00:37.253713766Z: [    0.000000] tsc: Fast TSC calibration using PIT
[STDERR  ] 2018-07-06T18:00:37.253728301Z: [    0.000000] tsc: Detected 2599.758 MHz processor
[STDERR  ] 2018-07-06T18:00:37.253742858Z: [    0.001708] Calibrating delay loop (skipped), value calculated using timer frequency.. 5199.51 BogoMIPS (lpj=25997580)
[STDERR  ] 2018-07-06T18:00:37.253767630Z: [    0.002188] pid_max: default: 32768 minimum: 301
[STDERR  ] 2018-07-06T18:00:37.253782476Z: [    0.002938] ACPI: Core revision 20170728
[STDERR  ] 2018-07-06T18:00:37.253797147Z: [    0.035540] ACPI: 1 ACPI AML tables successfully acquired and loaded
[STDERR  ] 2018-07-06T18:00:37.253811845Z: [    0.037358] Security Framework initialized
[STDERR  ] 2018-07-06T18:00:37.253826164Z: [    0.037659] Yama: becoming mindful.
[STDERR  ] 2018-07-06T18:00:37.253840599Z: [    0.040410] Mount-cache hash table entries: 2048 (order: 2, 16384 bytes)
[STDERR  ] 2018-07-06T18:00:37.253855142Z: [    0.040623] Mountpoint-cache hash table entries: 2048 (order: 2, 16384 bytes)
[STDERR  ] 2018-07-06T18:00:37.253876487Z: [    0.057688] Last level iTLB entries: 4KB 0, 2MB 0, 4MB 0
[STDERR  ] 2018-07-06T18:00:37.253892307Z: [    0.058012] Last level dTLB entries: 4KB 0, 2MB 0, 4MB 0, 1GB 0
[STDERR  ] 2018-07-06T18:00:37.253907070Z: [    0.058525] Spectre V2 : Spectre mitigation: LFENCE not serializing, switching to generic retpoline
[STDERR  ] 2018-07-06T18:00:37.253924522Z: [    0.058955] Spectre V2 : Vulnerable: Minimal generic ASM retpoline
[STDERR  ] 2018-07-06T18:00:37.253937076Z: [    0.059368] Spectre V2 : Spectre v2 mitigation: Filling RSB on context switch
[STDERR  ] 2018-07-06T18:00:37.253954740Z: [    0.059774] Speculative Store Bypass: Vulnerable
[STDERR  ] 2018-07-06T18:00:37.253968978Z: [    0.343690] Freeing SMP alternatives memory: 20K
[STDERR  ] 2018-07-06T18:00:37.253981388Z: [    0.364028] smpboot: Max logical packages: 1
[STDERR  ] 2018-07-06T18:00:37.253995985Z: [    0.370000] ..TIMER: vector=0x30 apic1=0 pin1=2 apic2=-1 pin2=-1
[STDERR  ] 2018-07-06T18:00:37.254010492Z: [    0.470000] smpboot: CPU0: AMD QEMU Virtual CPU version 2.5+ (family: 0x6, model: 0x6, stepping: 0x3)
[STDERR  ] 2018-07-06T18:00:37.254025340Z: [    0.470000] Performance Events: PMU not available due to virtualization, using software events only.
[STDERR  ] 2018-07-06T18:00:37.254039862Z: [    0.472721] Hierarchical SRCU implementation.
[STDERR  ] 2018-07-06T18:00:37.254054517Z: [    0.478732] NMI watchdog: Perf event create on CPU 0 failed with -2
[STDERR  ] 2018-07-06T18:00:37.254068932Z: [    0.479156] NMI watchdog: Perf NMI watchdog permanently disabled
[STDERR  ] 2018-07-06T18:00:37.254083519Z: [    0.483077] smp: Bringing up secondary CPUs ...
[STDERR  ] 2018-07-06T18:00:37.254098062Z: [    0.483395] smp: Brought up 1 node, 1 CPU
[STDERR  ] 2018-07-06T18:00:37.254112741Z: [    0.483852] smpboot: Total of 1 processors activated (5199.51 BogoMIPS)
[STDERR  ] 2018-07-06T18:00:37.254125081Z: [    0.500324] devtmpfs: initialized
[STDERR  ] 2018-07-06T18:00:37.254138829Z: [    0.505671] x86/mm: Memory block size: 128MB
[STDERR  ] 2018-07-06T18:00:37.254159444Z: [    0.512215] evm: security.ima
[STDERR  ] 2018-07-06T18:00:37.254174393Z: [    0.512422] evm: security.capability
[STDERR  ] 2018-07-06T18:00:37.254187105Z: [    0.515305] clocksource: jiffies: mask: 0xffffffff max_cycles: 0xffffffff, max_idle_ns: 19112604462750000 ns
[STDERR  ] 2018-07-06T18:00:37.254201664Z: [    0.516003] futex hash table entries: 256 (order: 2, 16384 bytes)
[STDERR  ] 2018-07-06T18:00:37.254216870Z: [    0.526029] NET: Registered protocol family 16
[STDERR  ] 2018-07-06T18:00:37.254230890Z: [    0.532655] cpuidle: using governor ladder
[STDERR  ] 2018-07-06T18:00:37.254243375Z: [    0.533147] cpuidle: using governor menu
[STDERR  ] 2018-07-06T18:00:37.254257275Z: [    0.534706] ACPI: bus type PCI registered
[STDERR  ] 2018-07-06T18:00:37.254269809Z: [    0.537385] PCI: MMCONFIG for domain 0000 [bus 00-ff] at [mem 0xb0000000-0xbfffffff] (base 0xb0000000)
[STDERR  ] 2018-07-06T18:00:37.254283093Z: [    0.538187] PCI: MMCONFIG at [mem 0xb0000000-0xbfffffff] reserved in E820
[STDERR  ] 2018-07-06T18:00:37.254297214Z: [    0.539106] PCI: Using configuration type 1 for base access
[STDERR  ] 2018-07-06T18:00:37.254312791Z: [    0.577091] HugeTLB registered 2.00 MiB page size, pre-allocated 0 pages
[STDERR  ] 2018-07-06T18:00:37.254327325Z: [    0.587982] ACPI: Added _OSI(Module Device)
[STDERR  ] 2018-07-06T18:00:37.254346449Z: [    0.588275] ACPI: Added _OSI(Processor Device)
[STDERR  ] 2018-07-06T18:00:37.254358911Z: [    0.588531] ACPI: Added _OSI(3.0 _SCP Extensions)
[STDERR  ] 2018-07-06T18:00:37.254372939Z: [    0.588822] ACPI: Added _OSI(Processor Aggregator Device)
[STDERR  ] 2018-07-06T18:00:37.254387247Z: [    0.635610] ACPI: Interpreter enabled
[STDERR  ] 2018-07-06T18:00:37.254401519Z: [    0.636439] ACPI: (supports S0 S5)
[STDERR  ] 2018-07-06T18:00:37.254417157Z: [    0.636784] ACPI: Using IOAPIC for interrupt routing
[STDERR  ] 2018-07-06T18:00:37.254431923Z: [    0.639086] PCI: Using host bridge windows from ACPI; if necessary, use "pci=nocrs" and report a bug
[STDERR  ] 2018-07-06T18:00:37.254451128Z: [    0.642288] ACPI: Enabled 1 GPEs in block 00 to 3F
[STDERR  ] 2018-07-06T18:00:37.254468712Z: [    0.689323] ACPI: PCI Root Bridge [PCI0] (domain 0000 [bus 00-ff])
[STDERR  ] 2018-07-06T18:00:37.254480871Z: [    0.690496] acpi PNP0A08:00: _OSC: OS supports [ExtendedConfig ASPM ClockPM Segments MSI]
[STDERR  ] 2018-07-06T18:00:37.254495028Z: [    0.694769] acpi PNP0A08:00: _OSC: OS now controls [PCIeHotplug PME PCIeCapability]
[STDERR  ] 2018-07-06T18:00:37.254507907Z: [    0.698246] PCI host bridge to bus 0000:00
[STDERR  ] 2018-07-06T18:00:37.254522219Z: [    0.698788] pci_bus 0000:00: root bus resource [io  0x0000-0x0cf7 window]
[STDERR  ] 2018-07-06T18:00:37.254532522Z: [    0.699170] pci_bus 0000:00: root bus resource [io  0x0d00-0xffff window]
[STDERR  ] 2018-07-06T18:00:37.254542872Z: [    0.699635] pci_bus 0000:00: root bus resource [mem 0x000a0000-0x000bffff window]
[STDERR  ] 2018-07-06T18:00:37.254553941Z: [    0.700000] pci_bus 0000:00: root bus resource [mem 0xc0000000-0xfebfffff window]
[STDERR  ] 2018-07-06T18:00:37.254565474Z: [    0.700279] pci_bus 0000:00: root bus resource [bus 00-ff]
[STDERR  ] 2018-07-06T18:00:37.254578282Z: [    0.861821] pci 0000:00:1f.0: quirk: [io  0x0600-0x067f] claimed by ICH6 ACPI/GPIO/TCO
[STDERR  ] 2018-07-06T18:00:37.254591403Z: [    0.951531] ACPI: PCI Interrupt Link [LNKA] (IRQs 5 *10 11)
[STDERR  ] 2018-07-06T18:00:37.254607296Z: [    0.953470] ACPI: PCI Interrupt Link [LNKB] (IRQs 5 *10 11)
[STDERR  ] 2018-07-06T18:00:37.254623141Z: [    0.955015] ACPI: PCI Interrupt Link [LNKC] (IRQs 5 10 *11)
[STDERR  ] 2018-07-06T18:00:37.254641373Z: [    0.956556] ACPI: PCI Interrupt Link [LNKD] (IRQs 5 10 *11)
[STDERR  ] 2018-07-06T18:00:37.254653469Z: [    0.957851] ACPI: PCI Interrupt Link [LNKE] (IRQs 5 *10 11)
[STDERR  ] 2018-07-06T18:00:37.254665605Z: [    0.959028] ACPI: PCI Interrupt Link [LNKF] (IRQs 5 *10 11)
[STDERR  ] 2018-07-06T18:00:37.254678116Z: [    0.960762] ACPI: PCI Interrupt Link [LNKG] (IRQs 5 10 *11)
[STDERR  ] 2018-07-06T18:00:37.254690499Z: [    0.961910] ACPI: PCI Interrupt Link [LNKH] (IRQs 5 10 *11)
[STDERR  ] 2018-07-06T18:00:37.254703542Z: [    0.962530] ACPI: PCI Interrupt Link [GSIA] (IRQs *16)
[STDERR  ] 2018-07-06T18:00:37.254716348Z: [    0.962995] ACPI: PCI Interrupt Link [GSIB] (IRQs *17)
[STDERR  ] 2018-07-06T18:00:37.254728973Z: [    0.963468] ACPI: PCI Interrupt Link [GSIC] (IRQs *18)
[STDERR  ] 2018-07-06T18:00:37.254741708Z: [    0.964011] ACPI: PCI Interrupt Link [GSID] (IRQs *19)
[STDERR  ] 2018-07-06T18:00:37.254841333Z: [    0.964565] ACPI: PCI Interrupt Link [GSIE] (IRQs *20)
[STDERR  ] 2018-07-06T18:00:37.254856030Z: [    0.965063] ACPI: PCI Interrupt Link [GSIF] (IRQs *21)
[STDERR  ] 2018-07-06T18:00:37.254868666Z: [    0.965583] ACPI: PCI Interrupt Link [GSIG] (IRQs *22)
[STDERR  ] 2018-07-06T18:00:37.254897090Z: [    0.966084] ACPI: PCI Interrupt Link [GSIH] (IRQs *23)
[STDERR  ] 2018-07-06T18:00:37.254910022Z: [    0.972797] SCSI subsystem initialized
[STDERR  ] 2018-07-06T18:00:37.254924146Z: [    0.974941] ACPI: bus type USB registered
[STDERR  ] 2018-07-06T18:00:37.254942192Z: [    0.975850] usbcore: registered new interface driver usbfs
[STDERR  ] 2018-07-06T18:00:37.254954764Z: [    0.976580] usbcore: registered new interface driver hub
[STDERR  ] 2018-07-06T18:00:37.254976962Z: [    0.977352] usbcore: registered new device driver usb
[STDERR  ] 2018-07-06T18:00:37.254989493Z: [    0.978217] pps_core: LinuxPPS API ver. 1 registered
[STDERR  ] 2018-07-06T18:00:37.255004562Z: [    0.978449] pps_core: Software ver. 5.3.6 - Copyright 2005-2007 Rodolfo Giometti <giometti@linux.it>
[STDERR  ] 2018-07-06T18:00:37.255020292Z: [    0.979011] PTP clock support registered
[STDERR  ] 2018-07-06T18:00:37.255034868Z: [    0.981048] PCI: Using ACPI for IRQ routing
[STDERR  ] 2018-07-06T18:00:37.255047177Z: [    0.993760] NetLabel: Initializing
[STDERR  ] 2018-07-06T18:00:37.255064565Z: [    0.993956] NetLabel:  domain hash size = 128
[STDERR  ] 2018-07-06T18:00:37.255082136Z: [    0.994232] NetLabel:  protocols = UNLABELED CIPSOv4 CALIPSO
[STDERR  ] 2018-07-06T18:00:37.255097040Z: [    0.996196] NetLabel:  unlabeled traffic allowed by default
[STDERR  ] 2018-07-06T18:00:37.255109774Z: [    0.997701] HPET: 3 timers in total, 0 timers will be used for per-cpu timer
[STDERR  ] 2018-07-06T18:00:37.255124514Z: [    0.998377] hpet0: at MMIO 0xfed00000, IRQs 2, 8, 0
[STDERR  ] 2018-07-06T18:00:37.255136802Z: [    0.998759] hpet0: 3 comparators, 64-bit 100.000000 MHz counter
[STDERR  ] 2018-07-06T18:00:37.255149452Z: [    1.003996] clocksource: Switched to clocksource hpet
[STDERR  ] 2018-07-06T18:00:37.255169532Z: [    1.187563] VFS: Disk quotas dquot_6.6.0
[STDERR  ] 2018-07-06T18:00:37.255184669Z: [    1.188215] VFS: Dquot-cache hash table entries: 512 (order 0, 4096 bytes)
[STDERR  ] 2018-07-06T18:00:37.255206441Z: [    1.191651] FS-Cache: Loaded
[STDERR  ] 2018-07-06T18:00:37.255221377Z: [    1.196878] CacheFiles: Loaded
[STDERR  ] 2018-07-06T18:00:37.255234101Z: [    1.197960] pnp: PnP ACPI init
[STDERR  ] 2018-07-06T18:00:37.255247381Z: [    1.205807] pnp: PnP ACPI: found 5 devices
[STDERR  ] 2018-07-06T18:00:37.255259373Z: [    1.238413] clocksource: acpi_pm: mask: 0xffffff max_cycles: 0xffffff, max_idle_ns: 2085701024 ns
[STDERR  ] 2018-07-06T18:00:37.255273288Z: [    1.241820] NET: Registered protocol family 2
[STDERR  ] 2018-07-06T18:00:37.255284863Z: [    1.248939] TCP established hash table entries: 8192 (order: 4, 65536 bytes)
[STDERR  ] 2018-07-06T18:00:37.255296520Z: [    1.249739] TCP bind hash table entries: 8192 (order: 5, 131072 bytes)
[STDERR  ] 2018-07-06T18:00:37.255307737Z: [    1.250975] TCP: Hash tables configured (established 8192 bind 8192)
[STDERR  ] 2018-07-06T18:00:37.255319831Z: [    1.252869] UDP hash table entries: 512 (order: 2, 16384 bytes)
[STDERR  ] 2018-07-06T18:00:37.255332866Z: [    1.253536] UDP-Lite hash table entries: 512 (order: 2, 16384 bytes)
[STDERR  ] 2018-07-06T18:00:37.255345644Z: [    1.255774] NET: Registered protocol family 1
[STDERR  ] 2018-07-06T18:00:37.255358503Z: [    1.256824] pci 0000:00:01.0: Video device with shadowed ROM at [mem 0x000c0000-0x000dffff]
[STDERR  ] 2018-07-06T18:00:37.255371614Z: [    1.262569] Trying to unpack rootfs image as initramfs...
[STDERR  ] 2018-07-06T18:00:37.255387438Z: [    6.139130] Freeing initrd memory: 35780K
[STDERR  ] 2018-07-06T18:00:37.255400057Z: [    6.159785] PCLMULQDQ-NI instructions are not detected.
[STDERR  ] 2018-07-06T18:00:37.255412199Z: [    6.161353] AVX or AES-NI instructions are not detected.
[STDERR  ] 2018-07-06T18:00:37.255425089Z: [    6.161802] CPU feature 'AVX registers' is not supported.
[STDERR  ] 2018-07-06T18:00:37.255438124Z: [    6.162156] CPU feature 'AVX registers' is not supported.
[STDERR  ] 2018-07-06T18:00:37.255450613Z: [    6.162495] CPU feature 'AVX registers' is not supported.
[STDERR  ] 2018-07-06T18:00:37.255462991Z: [    6.162853] CPU feature 'AVX registers' is not supported.
[STDERR  ] 2018-07-06T18:00:37.255475773Z: [    6.163172] AVX2 or AES-NI instructions are not detected.
[STDERR  ] 2018-07-06T18:00:37.255490852Z: [    6.163451] AVX2 instructions are not detected.
[STDERR  ] 2018-07-06T18:00:37.255503407Z: [    6.168280] audit: initializing netlink subsys (disabled)
[STDERR  ] 2018-07-06T18:00:37.255515733Z: [    6.171353] audit: type=2000 audit(1530900007.160:1): state=initialized audit_enabled=0 res=1
[STDERR  ] 2018-07-06T18:00:37.255534752Z: [    6.175259] workingset: timestamp_bits=46 max_order=18 bucket_order=0
[STDERR  ] 2018-07-06T18:00:37.255548272Z: [    6.179042] squashfs: version 4.0 (2009/01/31) Phillip Lougher
[STDERR  ] 2018-07-06T18:00:37.255560824Z: [    6.181985] FS-Cache: Netfs 'cifs' registered for caching
[STDERR  ] 2018-07-06T18:00:37.255576112Z: [    6.182802] fuse init (API version 7.26)
[STDERR  ] 2018-07-06T18:00:37.255591094Z: [    6.184751] SGI XFS with ACLs, security attributes, no debug enabled
[STDERR  ] 2018-07-06T18:00:37.255603508Z: [    6.187876] 9p: Installing v9fs 9p2000 file system support
[STDERR  ] 2018-07-06T18:00:37.255620497Z: [    6.188324] FS-Cache: Netfs '9p' registered for caching
[STDERR  ] 2018-07-06T18:00:37.255638372Z: [    6.215423] NET: Registered protocol family 38
[STDERR  ] 2018-07-06T18:00:37.255652474Z: [    6.216038] Key type asymmetric registered
[STDERR  ] 2018-07-06T18:00:37.255664840Z: [    6.216402] Asymmetric key parser 'x509' registered
[STDERR  ] 2018-07-06T18:00:37.255676925Z: [    6.217263] Block layer SCSI generic (bsg) driver version 0.4 loaded (major 247)
[STDERR  ] 2018-07-06T18:00:37.255689165Z: [    6.218901] io scheduler noop registered
[STDERR  ] 2018-07-06T18:00:37.255706090Z: [    6.219218] io scheduler deadline registered (default)
[STDERR  ] 2018-07-06T18:00:37.255720267Z: [    6.220355] io scheduler cfq registered
[STDERR  ] 2018-07-06T18:00:37.255732067Z: [    6.220655] io scheduler mq-deadline registered
[STDERR  ] 2018-07-06T18:00:37.255746766Z: [    6.220881] io scheduler kyber registered
[STDERR  ] 2018-07-06T18:00:37.255763990Z: [    6.223570] shpchp: Standard Hot Plug PCI Controller Driver version: 0.4
[STDERR  ] 2018-07-06T18:00:37.255778940Z: [    6.224247] hv_vmbus: registering driver hyperv_fb
[STDERR  ] 2018-07-06T18:00:37.255793484Z: [    6.228103] input: Power Button as /devices/LNXSYSTM:00/LNXPWRBN:00/input/input0
[STDERR  ] 2018-07-06T18:00:37.255807998Z: [    6.231857] ACPI: Power Button [PWRF]
[STDERR  ] 2018-07-06T18:00:37.255822144Z: [    6.244904] ACPI: PCI Interrupt Link [GSIG] enabled at IRQ 22
[STDERR  ] 2018-07-06T18:00:37.255834836Z: [    6.253821] ACPI: PCI Interrupt Link [GSIH] enabled at IRQ 23
[STDERR  ] 2018-07-06T18:00:37.255846896Z: [    6.259437] Serial: 8250/16550 driver, 4 ports, IRQ sharing disabled
[STDERR  ] 2018-07-06T18:00:37.255863874Z: [    6.284039] 00:04: ttyS0 at I/O 0x3f8 (irq = 4, base_baud = 115200) is a 16550A
[STDERR  ] 2018-07-06T18:00:37.255876273Z: [    6.293340] Non-volatile memory driver v1.3
[STDERR  ] 2018-07-06T18:00:37.255890655Z: [    6.299130] Hangcheck: starting hangcheck timer 0.9.1 (tick is 180 seconds, margin is 60 seconds).
[STDERR  ] 2018-07-06T18:00:37.255923654Z: [    6.310652] random: fast init done
[STDERR  ] 2018-07-06T18:00:37.255935980Z: [    6.312020] random: crng init done
[STDERR  ] 2018-07-06T18:00:37.255946737Z: [    6.351287] brd: module loaded
[STDERR  ] 2018-07-06T18:00:37.255958137Z: [    6.374132] loop: module loaded
[STDERR  ] 2018-07-06T18:00:37.255970545Z: [    6.411947] lpc_ich 0000:00:1f.0: I/O space for GPIO uninitialized
[STDERR  ] 2018-07-06T18:00:37.255982822Z: [    6.414086] VMware PVSCSI driver - version 1.0.7.0-k
[STDERR  ] 2018-07-06T18:00:37.255994882Z: [    6.414672] hv_vmbus: registering driver hv_storvsc
[STDERR  ] 2018-07-06T18:00:37.256007371Z: [    6.420925] ACPI: PCI Interrupt Link [GSIA] enabled at IRQ 16
[STDERR  ] 2018-07-06T18:00:37.256022490Z: [    6.427081] ahci 0000:00:1f.2: AHCI 0001.0000 32 slots 6 ports 1.5 Gbps 0x3f impl SATA mode
[STDERR  ] 2018-07-06T18:00:37.256038110Z: [    6.427750] ahci 0000:00:1f.2: flags: 64bit ncq only 
[STDERR  ] 2018-07-06T18:00:37.256050852Z: [    6.441248] scsi host0: ahci
[STDERR  ] 2018-07-06T18:00:37.256063419Z: [    6.443811] scsi host1: ahci
[STDERR  ] 2018-07-06T18:00:37.256076280Z: [    6.445176] scsi host2: ahci
[STDERR  ] 2018-07-06T18:00:37.256091846Z: [    6.446579] scsi host3: ahci
[STDERR  ] 2018-07-06T18:00:37.256107076Z: [    6.447923] scsi host4: ahci
[STDERR  ] 2018-07-06T18:00:37.256124025Z: [    6.449268] scsi host5: ahci
[STDERR  ] 2018-07-06T18:00:37.256146416Z: [    6.450587] ata1: SATA max UDMA/133 abar m4096@0xfebd2000 port 0xfebd2100 irq 24
[STDERR  ] 2018-07-06T18:00:37.256159518Z: [    6.450984] ata2: SATA max UDMA/133 abar m4096@0xfebd2000 port 0xfebd2180 irq 24
[STDERR  ] 2018-07-06T18:00:37.256171812Z: [    6.451338] ata3: SATA max UDMA/133 abar m4096@0xfebd2000 port 0xfebd2200 irq 24
[STDERR  ] 2018-07-06T18:00:37.256186777Z: [    6.451671] ata4: SATA max UDMA/133 abar m4096@0xfebd2000 port 0xfebd2280 irq 24
[STDERR  ] 2018-07-06T18:00:37.256206704Z: [    6.451978] ata5: SATA max UDMA/133 abar m4096@0xfebd2000 port 0xfebd2300 irq 24
[STDERR  ] 2018-07-06T18:00:37.256219131Z: [    6.452311] ata6: SATA max UDMA/133 abar m4096@0xfebd2000 port 0xfebd2380 irq 24
[STDERR  ] 2018-07-06T18:00:37.256231663Z: [    6.461972] tun: Universal TUN/TAP device driver, 1.6
[STDERR  ] 2018-07-06T18:00:37.256243926Z: [    6.471986] VMware vmxnet3 virtual NIC driver - version 1.4.a.0-k-NAPI
[STDERR  ] 2018-07-06T18:00:37.256256841Z: [    6.473048] hv_vmbus: registering driver hv_netvsc
[STDERR  ] 2018-07-06T18:00:37.256269323Z: [    6.473378] Fusion MPT base driver 3.04.20
[STDERR  ] 2018-07-06T18:00:37.256284258Z: [    6.473621] Copyright (c) 1999-2008 LSI Corporation
[STDERR  ] 2018-07-06T18:00:37.256298935Z: [    6.474131] Fusion MPT SPI Host driver 3.04.20
[STDERR  ] 2018-07-06T18:00:37.256312998Z: [    6.475895] i8042: PNP: PS/2 Controller [PNP0303:KBD,PNP0f13:MOU] at 0x60,0x64 irq 1,12
[STDERR  ] 2018-07-06T18:00:37.256325755Z: [    6.480104] serio: i8042 KBD port at 0x60,0x64 irq 1
[STDERR  ] 2018-07-06T18:00:37.256337430Z: [    6.480962] serio: i8042 AUX port at 0x60,0x64 irq 12
[STDERR  ] 2018-07-06T18:00:37.256350333Z: [    6.482812] hv_vmbus: registering driver hyperv_keyboard
[STDERR  ] 2018-07-06T18:00:37.256369243Z: [    6.484726] mousedev: PS/2 mouse device common for all mice
[STDERR  ] 2018-07-06T18:00:37.256381517Z: [    6.488579] input: AT Translated Set 2 keyboard as /devices/platform/i8042/serio0/input/input1
[STDERR  ] 2018-07-06T18:00:37.256393810Z: [    6.490968] input: PC Speaker as /devices/platform/pcspkr/input/input2
[STDERR  ] 2018-07-06T18:00:37.256406000Z: [    6.494285] rtc_cmos 00:00: RTC can wake from S4
[STDERR  ] 2018-07-06T18:00:37.256420498Z: [    6.497009] rtc_cmos 00:00: rtc core: registered rtc_cmos as rtc0
[STDERR  ] 2018-07-06T18:00:37.256432850Z: [    6.498310] rtc_cmos 00:00: alarms up to one day, y3k, 114 bytes nvram, hpet irqs
[STDERR  ] 2018-07-06T18:00:37.256448745Z: [    6.498917] i2c /dev entries driver
[STDERR  ] 2018-07-06T18:00:37.256461122Z: [    6.500899] device-mapper: ioctl: 4.37.0-ioctl (2017-09-20) initialised: dm-devel@redhat.com
[STDERR  ] 2018-07-06T18:00:37.256472938Z: [    6.504350] usbcore: registered new interface driver usbhid
[STDERR  ] 2018-07-06T18:00:37.256485502Z: [    6.504650] usbhid: USB HID core driver
[STDERR  ] 2018-07-06T18:00:37.256501037Z: [    6.505401] hv_utils: Registering HyperV Utility Driver
[STDERR  ] 2018-07-06T18:00:37.256513227Z: [    6.505699] hv_vmbus: registering driver hv_util
[STDERR  ] 2018-07-06T18:00:37.256525097Z: [    6.505932] hv_vmbus: registering driver hv_balloon
[STDERR  ] 2018-07-06T18:00:37.256537733Z: [    6.506373] oprofile: using NMI interrupt.
[STDERR  ] 2018-07-06T18:00:37.256551944Z: [    6.507390] GACT probability on
[STDERR  ] 2018-07-06T18:00:37.256579129Z: [    6.507810] Mirror/redirect action on
[STDERR  ] 2018-07-06T18:00:37.256593580Z: [    6.508450] Simple TC action Loaded
[STDERR  ] 2018-07-06T18:00:37.256605835Z: [    6.508954] u32 classifier
[STDERR  ] 2018-07-06T18:00:37.256621957Z: [    6.509106]     Performance counters on
[STDERR  ] 2018-07-06T18:00:37.256636505Z: [    6.509275]     input device check on
[STDERR  ] 2018-07-06T18:00:37.256648544Z: [    6.509446]     Actions configured
[STDERR  ] 2018-07-06T18:00:37.256660794Z: [    6.510089] Netfilter messages via NETLINK v0.30.
[STDERR  ] 2018-07-06T18:00:37.256679131Z: [    6.510882] nfnl_acct: registering with nfnetlink.
[STDERR  ] 2018-07-06T18:00:37.256698557Z: [    6.512149] nf_conntrack version 0.5.0 (8192 buckets, 32768 max)
[STDERR  ] 2018-07-06T18:00:37.256711178Z: [    6.514275] ctnetlink v0.93: registering with nfnetlink.
[STDERR  ] 2018-07-06T18:00:37.256723484Z: [    6.517028] nf_tables: (c) 2007-2009 Patrick McHardy <kaber@trash.net>
[STDERR  ] 2018-07-06T18:00:37.256735456Z: [    6.517841] nf_tables_compat: (c) 2012 Pablo Neira Ayuso <pablo@netfilter.org>
[STDERR  ] 2018-07-06T18:00:37.256747532Z: [    6.519963] xt_time: kernel timezone is -0000
[STDERR  ] 2018-07-06T18:00:37.256769817Z: [    6.520899] ip_set: protocol 6
[STDERR  ] 2018-07-06T18:00:37.256782754Z: [    6.521623] IPVS: Registered protocols (TCP, UDP, SCTP, AH, ESP)
[STDERR  ] 2018-07-06T18:00:37.256798277Z: [    6.522204] IPVS: Connection hash table configured (size=4096, memory=64Kbytes)
[STDERR  ] 2018-07-06T18:00:37.256811255Z: [    6.525871] IPVS: ipvs loaded.
[STDERR  ] 2018-07-06T18:00:37.256823487Z: [    6.526161] IPVS: [rr] scheduler registered.
[STDERR  ] 2018-07-06T18:00:37.256835596Z: [    6.526441] IPVS: [wrr] scheduler registered.
[STDERR  ] 2018-07-06T18:00:37.256848189Z: [    6.526686] IPVS: [lc] scheduler registered.
[STDERR  ] 2018-07-06T18:00:37.256860611Z: [    6.526899] IPVS: [wlc] scheduler registered.
[STDERR  ] 2018-07-06T18:00:37.256872721Z: [    6.527115] IPVS: [fo] scheduler registered.
[STDERR  ] 2018-07-06T18:00:37.256887327Z: [    6.527318] IPVS: [ovf] scheduler registered.
[STDERR  ] 2018-07-06T18:00:37.256899255Z: [    6.527724] IPVS: [lblc] scheduler registered.
[STDERR  ] 2018-07-06T18:00:37.256911433Z: [    6.528120] IPVS: [lblcr] scheduler registered.
[STDERR  ] 2018-07-06T18:00:37.256923401Z: [    6.528400] IPVS: [dh] scheduler registered.
[STDERR  ] 2018-07-06T18:00:37.256938307Z: [    6.528619] IPVS: [sh] scheduler registered.
[STDERR  ] 2018-07-06T18:00:37.256950694Z: [    6.528818] IPVS: [sed] scheduler registered.
[STDERR  ] 2018-07-06T18:00:37.256964542Z: [    6.529028] IPVS: [nq] scheduler registered.
[STDERR  ] 2018-07-06T18:00:37.256976111Z: [    6.529775] IPVS: ftp: loaded support on port[0] = 21
[STDERR  ] 2018-07-06T18:00:37.256988357Z: [    6.530931] ipip: IPv4 and MPLS over IPv4 tunneling driver
[STDERR  ] 2018-07-06T18:00:37.257000744Z: [    6.534482] gre: GRE over IPv4 demultiplexor driver
[STDERR  ] 2018-07-06T18:00:37.257013112Z: [    6.536891] ip_tables: (C) 2000-2006 Netfilter Core Team
[STDERR  ] 2018-07-06T18:00:37.257025750Z: [    6.540765] ipt_CLUSTERIP: ClusterIP Version 0.8 loaded successfully
[STDERR  ] 2018-07-06T18:00:37.257040441Z: [    6.541311] arp_tables: arp_tables: (C) 2002 David S. Miller
[STDERR  ] 2018-07-06T18:00:37.257055052Z: [    6.543314] NET: Registered protocol family 10
[STDERR  ] 2018-07-06T18:00:37.257067246Z: [    6.551959] Segment Routing with IPv6
[STDERR  ] 2018-07-06T18:00:37.257086280Z: [    6.552874] ip6_tables: (C) 2000-2006 Netfilter Core Team
[STDERR  ] 2018-07-06T18:00:37.257100795Z: [    6.559361] NET: Registered protocol family 17
[STDERR  ] 2018-07-06T18:00:37.257115661Z: [    6.560914] Bridge firewalling registered
[STDERR  ] 2018-07-06T18:00:37.257128291Z: [    6.561485] Ebtables v2.0 registered
[STDERR  ] 2018-07-06T18:00:37.257140696Z: [    6.563265] 8021q: 802.1Q VLAN Support v1.8
[STDERR  ] 2018-07-06T18:00:37.257152602Z: [    6.564773] 9pnet: Installing 9P2000 support
[STDERR  ] 2018-07-06T18:00:37.257169164Z: [    6.566228] Key type dns_resolver registered
[STDERR  ] 2018-07-06T18:00:37.257183821Z: [    6.567364] sched_clock: Marking stable (6560185300, 0)->(6691189891, -131004591)
[STDERR  ] 2018-07-06T18:00:37.257198959Z: [    6.570681] registered taskstats version 1
[STDERR  ] 2018-07-06T18:00:37.257211148Z: [    6.754697] Key type big_key registered
[STDERR  ] 2018-07-06T18:00:37.257223627Z: [    6.783637] ata1: SATA link up 1.5 Gbps (SStatus 113 SControl 300)
[STDERR  ] 2018-07-06T18:00:37.257235810Z: [    6.789262] ata1.00: ATA-7: QEMU HARDDISK, 2.5+, max UDMA/100
[STDERR  ] 2018-07-06T18:00:37.257248375Z: [    6.789620] ata1.00: 1048576 sectors, multi 16: LBA48 NCQ (depth 31/32)
[STDERR  ] 2018-07-06T18:00:37.257268465Z: [    6.790424] ata1.00: applying bridge limits
[STDERR  ] 2018-07-06T18:00:37.257282808Z: [    6.791852] ata3: SATA link up 1.5 Gbps (SStatus 113 SControl 300)
[STDERR  ] 2018-07-06T18:00:37.257294929Z: [    6.792560] ata3.00: ATAPI: QEMU DVD-ROM, 2.5+, max UDMA/100
[STDERR  ] 2018-07-06T18:00:37.257306588Z: [    6.792874] ata3.00: applying bridge limits
[STDERR  ] 2018-07-06T18:00:37.257318564Z: [    6.793802] ata3.00: configured for UDMA/100
[STDERR  ] 2018-07-06T18:00:37.257331095Z: [    6.796224] ata2: SATA link down (SStatus 0 SControl 300)
[STDERR  ] 2018-07-06T18:00:37.257349669Z: [    6.802375] ata4: SATA link down (SStatus 0 SControl 300)
[STDERR  ] 2018-07-06T18:00:37.257364178Z: [    6.802897] ata5: SATA link down (SStatus 0 SControl 300)
[STDERR  ] 2018-07-06T18:00:37.257376153Z: [    6.803273] ata6: SATA link down (SStatus 0 SControl 300)
[STDERR  ] 2018-07-06T18:00:37.257391575Z: [    6.803978] ata1.00: configured for UDMA/100
[STDERR  ] 2018-07-06T18:00:37.257403953Z: [    6.818965] scsi 0:0:0:0: Direct-Access     ATA      QEMU HARDDISK    2.5+ PQ: 0 ANSI: 5
[STDERR  ] 2018-07-06T18:00:37.257416560Z: [    6.834885] sd 0:0:0:0: Attached scsi generic sg0 type 0
[STDERR  ] 2018-07-06T18:00:37.257429163Z: [    6.842952] scsi 2:0:0:0: CD-ROM            QEMU     QEMU DVD-ROM     2.5+ PQ: 0 ANSI: 5
[STDERR  ] 2018-07-06T18:00:37.257441715Z: [    6.846707] sd 0:0:0:0: [sda] 1048576 512-byte logical blocks: (537 MB/512 MiB)
[STDERR  ] 2018-07-06T18:00:37.257456418Z: [    6.848251] sd 0:0:0:0: [sda] Write Protect is off
[STDERR  ] 2018-07-06T18:00:37.257468570Z: [    6.849337] sd 0:0:0:0: [sda] Write cache: enabled, read cache: enabled, doesn't support DPO or FUA
[STDERR  ] 2018-07-06T18:00:37.257483026Z: [    6.870079] sd 0:0:0:0: [sda] Attached SCSI disk
[STDERR  ] 2018-07-06T18:00:37.257495416Z: [    6.883209] sr 2:0:0:0: [sr0] scsi3-mmc drive: 4x/4x cd/rw xa/form2 tray
[STDERR  ] 2018-07-06T18:00:37.257507993Z: [    6.883808] cdrom: Uniform CD-ROM driver Revision: 3.20
[STDERR  ] 2018-07-06T18:00:37.257520323Z: [    6.890673] sr 2:0:0:0: Attached scsi generic sg1 type 5
[STDERR  ] 2018-07-06T18:00:37.257537628Z: [    6.895481] Key type trusted registered
[STDERR  ] 2018-07-06T18:00:37.257549758Z: [    6.958182] Key type encrypted registered
[STDERR  ] 2018-07-06T18:00:37.257562222Z: [    6.958875] ima: No TPM chip found, activating TPM-bypass! (rc=-19)
[STDERR  ] 2018-07-06T18:00:37.257576575Z: [    6.959347] ima: Allocated hash algorithm: sha256
[STDERR  ] 2018-07-06T18:00:37.257591088Z: [    6.963388] evm: HMAC attrs: 0x1
[STDERR  ] 2018-07-06T18:00:37.257605784Z: [    6.967333] rtc_cmos 00:00: setting system clock to 2018-07-06 18:00:08 UTC (1530900008)
[STDERR  ] 2018-07-06T18:00:37.257621780Z: [    7.114668] Freeing unused kernel memory: 1512K
[STDERR  ] 2018-07-06T18:00:37.257633692Z: [    7.130639] Write protecting the kernel read-only data: 18432k
[STDERR  ] 2018-07-06T18:00:37.257645960Z: [    7.143637] Freeing unused kernel memory: 2024K
[STDERR  ] 2018-07-06T18:00:37.257660242Z: [    7.197625] Freeing unused kernel memory: 1104K
[STDERR  ] 2018-07-06T18:00:37.257672931Z: [    7.200836] tsc: Refined TSC clocksource calibration: 2599.897 MHz
[STDERR  ] 2018-07-06T18:00:37.257687538Z: [    7.201465] clocksource: tsc: mask: 0xffffffffffffffff max_cycles: 0x2579dad0380, max_idle_ns: 440795258825 ns
[STDERR  ] 2018-07-06T18:00:37.257700311Z: [    8.215886] clocksource: Switched to clocksource tsc
[STDERR  ] 2018-07-06T18:00:37.257712501Z: 
[STDERR  ] 2018-07-06T18:00:37.257725265Z: Welcome to LinuxKit
[STDERR  ] 2018-07-06T18:00:37.257741309Z: 
[STDERR  ] 2018-07-06T18:00:37.257759739Z:                         ##         .
[STDERR  ] 2018-07-06T18:00:37.257774384Z:                   ## ## ##        ==
[STDERR  ] 2018-07-06T18:00:37.257786328Z:                ## ## ## ## ##    ===
[STDERR  ] 2018-07-06T18:00:37.257798644Z:            /"""""""""""""""""\___/ ===
[STDERR  ] 2018-07-06T18:00:37.257817108Z:           {                       /  ===-
[STDERR  ] 2018-07-06T18:00:37.257831533Z:            \______ O           __/
[STDERR  ] 2018-07-06T18:00:37.257843846Z:              \    \         __/
[STDERR  ] 2018-07-06T18:00:37.257855702Z:               \____\_______/
[STDERR  ] 2018-07-06T18:00:37.257868141Z: 
[STDERR  ] 2018-07-06T18:00:37.257880314Z: [   16.388696] IPVS: ftp: loaded support on port[0] = 21
[STDERR  ] 2018-07-06T18:00:37.257892745Z: [   17.584550]  sda:
[STDERR  ] 2018-07-06T18:00:37.257904976Z: [   17.650770]  sda:
[STDERR  ] 2018-07-06T18:00:37.257917430Z: [   17.711538]  sda: sda1
[STDERR  ] 2018-07-06T18:00:37.257934360Z: [   17.791087]  sda: sda1
[STDERR  ] 2018-07-06T18:00:37.257946490Z: 2018/07/06 18:00:18 Creating partition on /dev/sda
[STDERR  ] 2018-07-06T18:00:37.257958741Z: 2018/07/06 18:00:20 Partition /dev/sda1 successfully created!
[STDERR  ] 2018-07-06T18:00:37.257973295Z: [   20.071036] IPVS: ftp: loaded support on port[0] = 21
[STDERR  ] 2018-07-06T18:00:37.257985654Z: [   21.218267] EXT4-fs (sda1): mounted filesystem with ordered data mode. Opts: (null)
[STDERR  ] 2018-07-06T18:00:37.258001187Z: format_mount test suite PASSED
[STDERR  ] 2018-07-06T18:00:37.258016230Z: [   35.454991] sd 0:0:0:0: [sda] Synchronizing SCSI cache
[STDERR  ] 2018-07-06T18:00:37.258028323Z: [   35.457790] sd 0:0:0:0: [sda] Stopping disk
[STDERR  ] 2018-07-06T18:00:37.258040328Z: [   35.462301] ACPI: Preparing to enter system sleep state S5
[STDERR  ] 2018-07-06T18:00:37.258052422Z: [   35.465527] reboot: Power down
[STDERR  ] 2018-07-06T18:00:37.258064775Z: + echo [    0.000000] Linux version 4.14.53-linuxkit (root@bd72a9eaf0e9) (gcc version 6.4.0 (Alpine 6.4.0)) #1 SMP Tue Jul 3 13:29:41 UTC 2018
[STDERR  ] 2018-07-06T18:00:37.258086276Z: [    0.000000] Command line: console=ttyS0 console=ttyAMA0
[STDERR  ] 2018-07-06T18:00:37.258110471Z: [    0.000000] x86/fpu: x87 FPU will use FXSAVE
[STDERR  ] 2018-07-06T18:00:37.258122707Z: [    0.000000] e820: BIOS-provided physical RAM map:
[STDERR  ] 2018-07-06T18:00:37.258139670Z: [    0.000000] BIOS-e820: [mem 0x0000000000000000-0x000000000009fbff] usable
[STDERR  ] 2018-07-06T18:00:37.258154230Z: [    0.000000] BIOS-e820: [mem 0x000000000009fc00-0x000000000009ffff] reserved
[STDERR  ] 2018-07-06T18:00:37.258166568Z: [    0.000000] BIOS-e820: [mem 0x00000000000f0000-0x00000000000fffff] reserved
[STDERR  ] 2018-07-06T18:00:37.258178874Z: [    0.000000] BIOS-e820: [mem 0x0000000000100000-0x000000003ffdefff] usable
[STDERR  ] 2018-07-06T18:00:37.258191107Z: [    0.000000] BIOS-e820: [mem 0x000000003ffdf000-0x000000003fffffff] reserved
[STDERR  ] 2018-07-06T18:00:37.258203154Z: [    0.000000] BIOS-e820: [mem 0x00000000b0000000-0x00000000bfffffff] reserved
[STDERR  ] 2018-07-06T18:00:37.258217811Z: [    0.000000] BIOS-e820: [mem 0x00000000fed1c000-0x00000000fed1ffff] reserved
[STDERR  ] 2018-07-06T18:00:37.258229962Z: [    0.000000] BIOS-e820: [mem 0x00000000fffc0000-0x00000000ffffffff] reserved
[STDERR  ] 2018-07-06T18:00:37.258242233Z: [    0.000000] NX (Execute Disable) protection: active
[STDERR  ] 2018-07-06T18:00:37.258254571Z: [    0.000000] SMBIOS 2.8 present.
[STDERR  ] 2018-07-06T18:00:37.258266757Z: [    0.000000] DMI: QEMU Standard PC (Q35 + ICH9, 2009), BIOS rel-1.10.2-0-g5f4c7b1-prebuilt.qemu-project.org 04/01/2014
[STDERR  ] 2018-07-06T18:00:37.258279175Z: [    0.000000] tsc: Fast TSC calibration using PIT
[STDERR  ] 2018-07-06T18:00:37.258291744Z: [    0.000000] e820: last_pfn = 0x3ffdf max_arch_pfn = 0x400000000
[STDERR  ] 2018-07-06T18:00:37.258306512Z: [    0.000000] x86/PAT: Configuration [0-7]: WB  WC  UC- UC  WB  WP  UC- WT  
[STDERR  ] 2018-07-06T18:00:37.258323080Z: [    0.000000] found SMP MP-table at [mem 0x000f6aa0-0x000f6aaf] mapped at [ffffffffff200aa0]
[STDERR  ] 2018-07-06T18:00:37.258335543Z: [    0.000000] RAMDISK: [mem 0x3dcdf000-0x3ffcffff]
[STDERR  ] 2018-07-06T18:00:37.258350001Z: [    0.000000] ACPI: Early table checksum verification disabled
[STDERR  ] 2018-07-06T18:00:37.258362166Z: [    0.000000] ACPI: RSDP 0x00000000000F68B0 000014 (v00 BOCHS )
[STDERR  ] 2018-07-06T18:00:37.258379542Z: [    0.000000] ACPI: RSDT 0x000000003FFE20A8 000034 (v01 BOCHS  BXPCRSDT 00000001 BXPC 00000001)
[STDERR  ] 2018-07-06T18:00:37.258394714Z: [    0.000000] ACPI: FACP 0x000000003FFE1EC8 0000F4 (v03 BOCHS  BXPCFACP 00000001 BXPC 00000001)
[STDERR  ] 2018-07-06T18:00:37.258409733Z: [    0.000000] ACPI: DSDT 0x000000003FFE0040 001E88 (v01 BOCHS  BXPCDSDT 00000001 BXPC 00000001)
[STDERR  ] 2018-07-06T18:00:37.258422092Z: [    0.000000] ACPI: FACS 0x000000003FFE0000 000040
[STDERR  ] 2018-07-06T18:00:37.258434814Z: [    0.000000] ACPI: APIC 0x000000003FFE1FBC 000078 (v01 BOCHS  BXPCAPIC 00000001 BXPC 00000001)
[STDERR  ] 2018-07-06T18:00:37.258451475Z: [    0.000000] ACPI: HPET 0x000000003FFE2034 000038 (v01 BOCHS  BXPCHPET 00000001 BXPC 00000001)
[STDERR  ] 2018-07-06T18:00:37.258465914Z: [    0.000000] ACPI: MCFG 0x000000003FFE206C 00003C (v01 BOCHS  BXPCMCFG 00000001 BXPC 00000001)
[STDERR  ] 2018-07-06T18:00:37.258480051Z: [    0.000000] Zone ranges:
[STDERR  ] 2018-07-06T18:00:37.258491979Z: [    0.000000]   DMA      [mem 0x0000000000001000-0x0000000000ffffff]
[STDERR  ] 2018-07-06T18:00:37.258503753Z: [    0.000000]   DMA32    [mem 0x0000000001000000-0x000000003ffdefff]
[STDERR  ] 2018-07-06T18:00:37.258515892Z: [    0.000000]   Normal   empty
[STDERR  ] 2018-07-06T18:00:37.258528132Z: [    0.000000]   Device   empty
[STDERR  ] 2018-07-06T18:00:37.258541147Z: [    0.000000] Movable zone start for each node
[STDERR  ] 2018-07-06T18:00:37.258553462Z: [    0.000000] Early memory node ranges
[STDERR  ] 2018-07-06T18:00:37.258565508Z: [    0.000000]   node   0: [mem 0x0000000000001000-0x000000000009efff]
[STDERR  ] 2018-07-06T18:00:37.258577766Z: [    0.000000]   node   0: [mem 0x0000000000100000-0x000000003ffdefff]
[STDERR  ] 2018-07-06T18:00:37.258589845Z: [    0.000000] Initmem setup node 0 [mem 0x0000000000001000-0x000000003ffdefff]
[STDERR  ] 2018-07-06T18:00:37.258601961Z: [    0.000000] ACPI: PM-Timer IO Port: 0x608
[STDERR  ] 2018-07-06T18:00:37.258616254Z: [    0.000000] ACPI: LAPIC_NMI (acpi_id[0xff] dfl dfl lint[0x1])
[STDERR  ] 2018-07-06T18:00:37.258631062Z: [    0.000000] IOAPIC[0]: apic_id 0, version 32, address 0xfec00000, GSI 0-23
[STDERR  ] 2018-07-06T18:00:37.258646201Z: [    0.000000] ACPI: INT_SRC_OVR (bus 0 bus_irq 0 global_irq 2 dfl dfl)
[STDERR  ] 2018-07-06T18:00:37.258661454Z: [    0.000000] ACPI: INT_SRC_OVR (bus 0 bus_irq 5 global_irq 5 high level)
[STDERR  ] 2018-07-06T18:00:37.258673501Z: [    0.000000] ACPI: INT_SRC_OVR (bus 0 bus_irq 9 global_irq 9 high level)
[STDERR  ] 2018-07-06T18:00:37.258685694Z: [    0.000000] ACPI: INT_SRC_OVR (bus 0 bus_irq 10 global_irq 10 high level)
[STDERR  ] 2018-07-06T18:00:37.258714725Z: [    0.000000] ACPI: INT_SRC_OVR (bus 0 bus_irq 11 global_irq 11 high level)
[STDERR  ] 2018-07-06T18:00:37.258760269Z: [    0.000000] Using ACPI (MADT) for SMP configuration information
[STDERR  ] 2018-07-06T18:00:37.258781676Z: [    0.000000] ACPI: HPET id: 0x8086a201 base: 0xfed00000
[STDERR  ] 2018-07-06T18:00:37.258794123Z: [    0.000000] smpboot: Allowing 1 CPUs, 0 hotplug CPUs
[STDERR  ] 2018-07-06T18:00:37.258807189Z: [    0.000000] e820: [mem 0x40000000-0xafffffff] available for PCI devices
[STDERR  ] 2018-07-06T18:00:37.258820445Z: [    0.000000] Booting paravirtualized kernel on bare hardware
[STDERR  ] 2018-07-06T18:00:37.258832430Z: [    0.000000] clocksource: refined-jiffies: mask: 0xffffffff max_cycles: 0xffffffff, max_idle_ns: 19112604462750000 ns
[STDERR  ] 2018-07-06T18:00:37.258846333Z: [    0.000000] random: get_random_bytes called from start_kernel+0x92/0x4c8 with crng_init=0
[STDERR  ] 2018-07-06T18:00:37.258861008Z: [    0.000000] setup_percpu: NR_CPUS:128 nr_cpumask_bits:128 nr_cpu_ids:1 nr_node_ids:1
[STDERR  ] 2018-07-06T18:00:37.258875415Z: [    0.000000] percpu: Embedded 44 pages/cpu @ffff8e527da00000 s143256 r8192 d28776 u2097152
[STDERR  ] 2018-07-06T18:00:37.258888026Z: [    0.000000] Built 1 zonelists, mobility grouping on.  Total pages: 257896
[STDERR  ] 2018-07-06T18:00:37.258906209Z: [    0.000000] Kernel command line: console=ttyS0 console=ttyAMA0
[STDERR  ] 2018-07-06T18:00:37.259092842Z: [    0.000000] PID hash table entries: 4096 (order: 3, 32768 bytes)
[STDERR  ] 2018-07-06T18:00:37.259115088Z: [    0.000000] Dentry cache hash table entries: 131072 (order: 8, 1048576 bytes)
[STDERR  ] 2018-07-06T18:00:37.259126692Z: [    0.000000] Inode-cache hash table entries: 65536 (order: 7, 524288 bytes)
[STDERR  ] 2018-07-06T18:00:37.259138755Z: [    0.000000] Memory: 969012K/1048052K available (12300K kernel code, 1465K rwdata, 2992K rodata, 1512K init, 632K bss, 79040K reserved, 0K cma-reserved)
[STDERR  ] 2018-07-06T18:00:37.259156817Z: [    0.000000] ftrace: allocating 41032 entries in 161 pages
[STDERR  ] 2018-07-06T18:00:37.259173150Z: [    0.000000] Hierarchical RCU implementation.
[STDERR  ] 2018-07-06T18:00:37.259185348Z: [    0.000000] 	RCU restricting CPUs from NR_CPUS=128 to nr_cpu_ids=1.
[STDERR  ] 2018-07-06T18:00:37.259197783Z: [    0.000000] RCU: Adjusting geometry for rcu_fanout_leaf=16, nr_cpu_ids=1
[STDERR  ] 2018-07-06T18:00:37.259210002Z: [    0.000000] NR_IRQS: 8448, nr_irqs: 256, preallocated irqs: 16
[STDERR  ] 2018-07-06T18:00:37.259221935Z: [    0.000000] Console: colour VGA+ 80x25
[STDERR  ] 2018-07-06T18:00:37.259235125Z: [    0.000000] console [ttyS0] enabled
[STDERR  ] 2018-07-06T18:00:37.259247894Z: [    0.000000] clocksource: hpet: mask: 0xffffffff max_cycles: 0xffffffff, max_idle_ns: 19112604467 ns
[STDERR  ] 2018-07-06T18:00:37.259260407Z: [    0.000000] tsc: Fast TSC calibration using PIT
[STDERR  ] 2018-07-06T18:00:37.259271915Z: [    0.000000] tsc: Detected 2599.758 MHz processor
[STDERR  ] 2018-07-06T18:00:37.259283894Z: [    0.001708] Calibrating delay loop (skipped), value calculated using timer frequency.. 5199.51 BogoMIPS (lpj=25997580)
[STDERR  ] 2018-07-06T18:00:37.259297487Z: [    0.002188] pid_max: default: 32768 minimum: 301
[STDERR  ] 2018-07-06T18:00:37.259310195Z: [    0.002938] ACPI: Core revision 20170728
[STDERR  ] 2018-07-06T18:00:37.259323516Z: [    0.035540] ACPI: 1 ACPI AML tables successfully acquired and loaded
[STDERR  ] 2018-07-06T18:00:37.259336093Z: [    0.037358] Security Framework initialized
[STDERR  ] 2018-07-06T18:00:37.259352697Z: [    0.037659] Yama: becoming mindful.
[STDERR  ] 2018-07-06T18:00:37.259366101Z: [    0.040410] Mount-cache hash table entries: 2048 (order: 2, 16384 bytes)
[STDERR  ] 2018-07-06T18:00:37.259377772Z: [    0.040623] Mountpoint-cache hash table entries: 2048 (order: 2, 16384 bytes)
[STDERR  ] 2018-07-06T18:00:37.259390337Z: [    0.057688] Last level iTLB entries: 4KB 0, 2MB 0, 4MB 0
[STDERR  ] 2018-07-06T18:00:37.259403084Z: [    0.058012] Last level dTLB entries: 4KB 0, 2MB 0, 4MB 0, 1GB 0
[STDERR  ] 2018-07-06T18:00:37.259415147Z: [    0.058525] Spectre V2 : Spectre mitigation: LFENCE not serializing, switching to generic retpoline
[STDERR  ] 2018-07-06T18:00:37.259426803Z: [    0.058955] Spectre V2 : Vulnerable: Minimal generic ASM retpoline
[STDERR  ] 2018-07-06T18:00:37.259440891Z: [    0.059368] Spectre V2 : Spectre v2 mitigation: Filling RSB on context switch
[STDERR  ] 2018-07-06T18:00:37.259452201Z: [    0.059774] Speculative Store Bypass: Vulnerable
[STDERR  ] 2018-07-06T18:00:37.259463481Z: [    0.343690] Freeing SMP alternatives memory: 20K
[STDERR  ] 2018-07-06T18:00:37.259475044Z: [    0.364028] smpboot: Max logical packages: 1
[STDERR  ] 2018-07-06T18:00:37.259486802Z: [    0.370000] ..TIMER: vector=0x30 apic1=0 pin1=2 apic2=-1 pin2=-1
[STDERR  ] 2018-07-06T18:00:37.259499049Z: [    0.470000] smpboot: CPU0: AMD QEMU Virtual CPU version 2.5+ (family: 0x6, model: 0x6, stepping: 0x3)
[STDERR  ] 2018-07-06T18:00:37.259510761Z: [    0.470000] Performance Events: PMU not available due to virtualization, using software events only.
[STDERR  ] 2018-07-06T18:00:37.259522749Z: [    0.472721] Hierarchical SRCU implementation.
[STDERR  ] 2018-07-06T18:00:37.259535021Z: [    0.478732] NMI watchdog: Perf event create on CPU 0 failed with -2
[STDERR  ] 2018-07-06T18:00:37.259547104Z: [    0.479156] NMI watchdog: Perf NMI watchdog permanently disabled
[STDERR  ] 2018-07-06T18:00:37.259566405Z: [    0.483077] smp: Bringing up secondary CPUs ...
[STDERR  ] 2018-07-06T18:00:37.259581583Z: [    0.483395] smp: Brought up 1 node, 1 CPU
[STDERR  ] 2018-07-06T18:00:37.259593321Z: [    0.483852] smpboot: Total of 1 processors activated (5199.51 BogoMIPS)
[STDERR  ] 2018-07-06T18:00:37.259605977Z: [    0.500324] devtmpfs: initialized
[STDERR  ] 2018-07-06T18:00:37.259619270Z: [    0.505671] x86/mm: Memory block size: 128MB
[STDERR  ] 2018-07-06T18:00:37.259630940Z: [    0.512215] evm: security.ima
[STDERR  ] 2018-07-06T18:00:37.259648020Z: [    0.512422] evm: security.capability
[STDERR  ] 2018-07-06T18:00:37.259661239Z: [    0.515305] clocksource: jiffies: mask: 0xffffffff max_cycles: 0xffffffff, max_idle_ns: 19112604462750000 ns
[STDERR  ] 2018-07-06T18:00:37.259674855Z: [    0.516003] futex hash table entries: 256 (order: 2, 16384 bytes)
[STDERR  ] 2018-07-06T18:00:37.259687208Z: [    0.526029] NET: Registered protocol family 16
[STDERR  ] 2018-07-06T18:00:37.259699357Z: [    0.532655] cpuidle: using governor ladder
[STDERR  ] 2018-07-06T18:00:37.259711237Z: [    0.533147] cpuidle: using governor menu
[STDERR  ] 2018-07-06T18:00:37.259722786Z: [    0.534706] ACPI: bus type PCI registered
[STDERR  ] 2018-07-06T18:00:37.259734206Z: [    0.537385] PCI: MMCONFIG for domain 0000 [bus 00-ff] at [mem 0xb0000000-0xbfffffff] (base 0xb0000000)
[STDERR  ] 2018-07-06T18:00:37.259746527Z: [    0.538187] PCI: MMCONFIG at [mem 0xb0000000-0xbfffffff] reserved in E820
[STDERR  ] 2018-07-06T18:00:37.259766971Z: [    0.539106] PCI: Using configuration type 1 for base access
[STDERR  ] 2018-07-06T18:00:37.259779440Z: [    0.577091] HugeTLB registered 2.00 MiB page size, pre-allocated 0 pages
[STDERR  ] 2018-07-06T18:00:37.259791337Z: [    0.587982] ACPI: Added _OSI(Module Device)
[STDERR  ] 2018-07-06T18:00:37.259802552Z: [    0.588275] ACPI: Added _OSI(Processor Device)
[STDERR  ] 2018-07-06T18:00:37.259813872Z: [    0.588531] ACPI: Added _OSI(3.0 _SCP Extensions)
[STDERR  ] 2018-07-06T18:00:37.259829016Z: [    0.588822] ACPI: Added _OSI(Processor Aggregator Device)
[STDERR  ] 2018-07-06T18:00:37.259840650Z: [    0.635610] ACPI: Interpreter enabled
