[INFO    ] 2018-11-16T08:12:22.305405003Z: Running Test linuxkit.kernel.config_4.9.x in /tmp/build/test/cases/020_kernel/001_config_4.9.x
[INFO    ] 2018-11-16T08:12:22.305549539Z: Running command: [/bin/sh -x /tmp/build/test/cases/020_kernel/001_config_4.9.x/test.sh]
[STDERR  ] 2018-11-16T08:12:22.317654482Z: + set -e
[STDERR  ] 2018-11-16T08:12:22.317738920Z: + . /tmp/build/test/cases/_lib/lib.sh
[STDERR  ] 2018-11-16T08:12:22.317756324Z: + [ -f src/github.com/linuxkit/rtf/lib/lib.sh ]
[STDERR  ] 2018-11-16T08:12:22.317769618Z: + LINUXKIT_TMPDIR=/tmp/build/test/cases/_tmp
[STDERR  ] 2018-11-16T08:12:22.317782845Z: + [ -f /tmp/build/test/cases/_tmp/env.sh ]
[STDERR  ] 2018-11-16T08:12:22.317819871Z: + . /tmp/build/test/cases/_tmp/env.sh
[STDERR  ] 2018-11-16T08:12:22.317833412Z: + export LINUXKIT_EXAMPLES_DIR=/tmp/build/test/cases/../../examples
[STDERR  ] 2018-11-16T08:12:22.317849396Z: + RT_CANCEL=253
[STDERR  ] 2018-11-16T08:12:22.317862145Z: + NAME=kconfig
[STDERR  ] 2018-11-16T08:12:22.317875890Z: + trap clean_up EXIT
[STDERR  ] 2018-11-16T08:12:22.317889639Z: + linuxkit build -format kernel+initrd -name kconfig test.yml
[STDERR  ] 2018-11-16T08:12:22.348170719Z: Extract kernel image: linuxkit/kernel:4.9.136
[STDERR  ] 2018-11-16T08:12:23.609657264Z: Pull image: docker.io/linuxkit/kernel:4.9.136@sha256:d51766b8e02ccb5c8f7d4f3dbe0f49cb46a84b198d9921f053cba39c3b1b56d3
[STDERR  ] 2018-11-16T08:12:29.677594937Z: Add init containers:
[STDERR  ] 2018-11-16T08:12:29.677708964Z: Process init image: linuxkit/init:c563953a2277eb73a89d89f70e4b6dcdcfebc2d1
[STDERR  ] 2018-11-16T08:12:30.871405336Z: Process init image: linuxkit/runc:83d0edb4552b1a5df1f0976f05f442829eac38fe
[STDERR  ] 2018-11-16T08:12:32.026533962Z: Add onboot containers:
[STDERR  ] 2018-11-16T08:12:32.026978750Z:   Create OCI config for linuxkit/test-kernel-config:1aaef970b5f70791d74d6f980ad38af4035948f8
[STDERR  ] 2018-11-16T08:12:33.399617557Z:   Create OCI config for linuxkit/poweroff:afe8f7dd0d47a7991c54519b0f09124cb8c4e300
[STDERR  ] 2018-11-16T08:12:34.561378246Z: Create outputs:
[STDERR  ] 2018-11-16T08:12:39.275829207Z:   kconfig-kernel kconfig-initrd.img kconfig-cmdline
[STDERR  ] 2018-11-16T08:12:39.325532781Z: + linuxkit run kconfig
[STDERR  ] 2018-11-16T08:12:49.137844464Z: + RESULT=[    0.000000] Linux version 4.9.136-linuxkit (root@04ef63b44abb) (gcc version 6.4.0 (Alpine 6.4.0) ) #1 SMP Mon Nov 12 23:31:12 UTC 2018
[STDERR  ] 2018-11-16T08:12:49.137918870Z: [    0.000000] Command line: console=ttyS0 console=ttyAMA0
[STDERR  ] 2018-11-16T08:12:49.137933877Z: [    0.000000] x86/fpu: Legacy x87 FPU detected.
[STDERR  ] 2018-11-16T08:12:49.137947043Z: [    0.000000] e820: BIOS-provided physical RAM map:
[STDERR  ] 2018-11-16T08:12:49.137960093Z: [    0.000000] BIOS-e820: [mem 0x0000000000000000-0x000000000009fbff] usable
[STDERR  ] 2018-11-16T08:12:49.137975487Z: [    0.000000] BIOS-e820: [mem 0x000000000009fc00-0x000000000009ffff] reserved
[STDERR  ] 2018-11-16T08:12:49.137988416Z: [    0.000000] BIOS-e820: [mem 0x00000000000f0000-0x00000000000fffff] reserved
[STDERR  ] 2018-11-16T08:12:49.138001019Z: [    0.000000] BIOS-e820: [mem 0x0000000000100000-0x000000003ffdefff] usable
[STDERR  ] 2018-11-16T08:12:49.138013886Z: [    0.000000] BIOS-e820: [mem 0x000000003ffdf000-0x000000003fffffff] reserved
[STDERR  ] 2018-11-16T08:12:49.138028031Z: [    0.000000] BIOS-e820: [mem 0x00000000b0000000-0x00000000bfffffff] reserved
[STDERR  ] 2018-11-16T08:12:49.138041719Z: [    0.000000] BIOS-e820: [mem 0x00000000fed1c000-0x00000000fed1ffff] reserved
[STDERR  ] 2018-11-16T08:12:49.138066805Z: [    0.000000] BIOS-e820: [mem 0x00000000feffc000-0x00000000feffffff] reserved
[STDERR  ] 2018-11-16T08:12:49.138081060Z: [    0.000000] BIOS-e820: [mem 0x00000000fffc0000-0x00000000ffffffff] reserved
[STDERR  ] 2018-11-16T08:12:49.138093306Z: [    0.000000] NX (Execute Disable) protection: active
[STDERR  ] 2018-11-16T08:12:49.138105163Z: [    0.000000] SMBIOS 2.8 present.
[STDERR  ] 2018-11-16T08:12:49.138116857Z: [    0.000000] Hypervisor detected: KVM
[STDERR  ] 2018-11-16T08:12:49.138128720Z: [    0.000000] e820: last_pfn = 0x3ffdf max_arch_pfn = 0x400000000
[STDERR  ] 2018-11-16T08:12:49.138148765Z: [    0.000000] x86/PAT: PAT not supported by CPU.
[STDERR  ] 2018-11-16T08:12:49.138160023Z: [    0.000000] x86/PAT: Configuration [0-7]: WB  WT  UC- UC  WB  WT  UC- UC  
[STDERR  ] 2018-11-16T08:12:49.138185443Z: [    0.000000] found SMP MP-table at [mem 0x000f6a90-0x000f6a9f] mapped at [ffff908c800f6a90]
[STDERR  ] 2018-11-16T08:12:49.138197778Z: [    0.000000] RAMDISK: [mem 0x3e5de000-0x3ffcffff]
[STDERR  ] 2018-11-16T08:12:49.138211888Z: [    0.000000] ACPI: Early table checksum verification disabled
[STDERR  ] 2018-11-16T08:12:49.138224976Z: [    0.000000] ACPI: RSDP 0x00000000000F68D0 000014 (v00 BOCHS )
[STDERR  ] 2018-11-16T08:12:49.138237621Z: [    0.000000] ACPI: RSDT 0x000000003FFE2404 000034 (v01 BOCHS  BXPCRSDT 00000001 BXPC 00000001)
[STDERR  ] 2018-11-16T08:12:49.138250977Z: [    0.000000] ACPI: FACP 0x000000003FFE22A4 000074 (v01 BOCHS  BXPCFACP 00000001 BXPC 00000001)
[STDERR  ] 2018-11-16T08:12:49.138263873Z: [    0.000000] ACPI: DSDT 0x000000003FFE0040 002264 (v01 BOCHS  BXPCDSDT 00000001 BXPC 00000001)
[STDERR  ] 2018-11-16T08:12:49.138276238Z: [    0.000000] ACPI: FACS 0x000000003FFE0000 000040
[STDERR  ] 2018-11-16T08:12:49.138308882Z: [    0.000000] ACPI: APIC 0x000000003FFE2318 000078 (v01 BOCHS  BXPCAPIC 00000001 BXPC 00000001)
[STDERR  ] 2018-11-16T08:12:49.138329620Z: [    0.000000] ACPI: HPET 0x000000003FFE2390 000038 (v01 BOCHS  BXPCHPET 00000001 BXPC 00000001)
[STDERR  ] 2018-11-16T08:12:49.138367173Z: [    0.000000] ACPI: MCFG 0x000000003FFE23C8 00003C (v01 BOCHS  BXPCMCFG 00000001 BXPC 00000001)
[STDERR  ] 2018-11-16T08:12:49.138379400Z: [    0.000000] kvm-clock: Using msrs 4b564d01 and 4b564d00
[STDERR  ] 2018-11-16T08:12:49.138391631Z: [    0.000000] kvm-clock: cpu 0, msr 0:3ffdd001, primary cpu clock
[STDERR  ] 2018-11-16T08:12:49.138412061Z: [    0.000000] clocksource: kvm-clock: mask: 0xffffffffffffffff max_cycles: 0x1cd42e4dffb, max_idle_ns: 881590591483 ns
[STDERR  ] 2018-11-16T08:12:49.138430392Z: [    0.000000] Zone ranges:
[STDERR  ] 2018-11-16T08:12:49.138448148Z: [    0.000000]   DMA      [mem 0x0000000000001000-0x0000000000ffffff]
[STDERR  ] 2018-11-16T08:12:49.138460364Z: [    0.000000]   DMA32    [mem 0x0000000001000000-0x000000003ffdefff]
[STDERR  ] 2018-11-16T08:12:49.138472485Z: [    0.000000]   Normal   empty
[STDERR  ] 2018-11-16T08:12:49.138484943Z: [    0.000000] Movable zone start for each node
[STDERR  ] 2018-11-16T08:12:49.138501158Z: [    0.000000] Early memory node ranges
[STDERR  ] 2018-11-16T08:12:49.138513149Z: [    0.000000]   node   0: [mem 0x0000000000001000-0x000000000009efff]
[STDERR  ] 2018-11-16T08:12:49.138525166Z: [    0.000000]   node   0: [mem 0x0000000000100000-0x000000003ffdefff]
[STDERR  ] 2018-11-16T08:12:49.138542755Z: [    0.000000] Initmem setup node 0 [mem 0x0000000000001000-0x000000003ffdefff]
[STDERR  ] 2018-11-16T08:12:49.138559246Z: [    0.000000] ACPI: PM-Timer IO Port: 0x608
[STDERR  ] 2018-11-16T08:12:49.138575047Z: [    0.000000] ACPI: LAPIC_NMI (acpi_id[0xff] dfl dfl lint[0x1])
[STDERR  ] 2018-11-16T08:12:49.138594413Z: [    0.000000] IOAPIC[0]: apic_id 0, version 17, address 0xfec00000, GSI 0-23
[STDERR  ] 2018-11-16T08:12:49.138610524Z: [    0.000000] ACPI: INT_SRC_OVR (bus 0 bus_irq 0 global_irq 2 dfl dfl)
[STDERR  ] 2018-11-16T08:12:49.138622684Z: [    0.000000] ACPI: INT_SRC_OVR (bus 0 bus_irq 5 global_irq 5 high level)
[STDERR  ] 2018-11-16T08:12:49.138634744Z: [    0.000000] ACPI: INT_SRC_OVR (bus 0 bus_irq 9 global_irq 9 high level)
[STDERR  ] 2018-11-16T08:12:49.138656330Z: [    0.000000] ACPI: INT_SRC_OVR (bus 0 bus_irq 10 global_irq 10 high level)
[STDERR  ] 2018-11-16T08:12:49.138679397Z: [    0.000000] ACPI: INT_SRC_OVR (bus 0 bus_irq 11 global_irq 11 high level)
[STDERR  ] 2018-11-16T08:12:49.138691320Z: [    0.000000] Using ACPI (MADT) for SMP configuration information
[STDERR  ] 2018-11-16T08:12:49.138703699Z: [    0.000000] ACPI: HPET id: 0x8086a201 base: 0xfed00000
[STDERR  ] 2018-11-16T08:12:49.138721246Z: [    0.000000] smpboot: Allowing 1 CPUs, 0 hotplug CPUs
[STDERR  ] 2018-11-16T08:12:49.138737350Z: [    0.000000] e820: [mem 0x40000000-0xafffffff] available for PCI devices
[STDERR  ] 2018-11-16T08:12:49.138753460Z: [    0.000000] Booting paravirtualized kernel on KVM
[STDERR  ] 2018-11-16T08:12:49.138765418Z: [    0.000000] clocksource: refined-jiffies: mask: 0xffffffff max_cycles: 0xffffffff, max_idle_ns: 19112604462750000 ns
[STDERR  ] 2018-11-16T08:12:49.138784174Z: [    0.000000] setup_percpu: NR_CPUS:128 nr_cpumask_bits:128 nr_cpu_ids:1 nr_node_ids:1
[STDERR  ] 2018-11-16T08:12:49.138800235Z: [    0.000000] percpu: Embedded 36 pages/cpu @ffff908cbe200000 s107096 r8192 d32168 u2097152
[STDERR  ] 2018-11-16T08:12:49.138812523Z: [    0.000000] KVM setup async PF for cpu 0
[STDERR  ] 2018-11-16T08:12:49.138824872Z: [    0.000000] kvm-stealtime: cpu 0, msr 3e20fe40
[STDERR  ] 2018-11-16T08:12:49.138842716Z: [    0.000000] Built 1 zonelists in Zone order, mobility grouping on.  Total pages: 257896
[STDERR  ] 2018-11-16T08:12:49.138854964Z: [    0.000000] Kernel command line: console=ttyS0 console=ttyAMA0
[STDERR  ] 2018-11-16T08:12:49.138867153Z: [    0.000000] PID hash table entries: 4096 (order: 3, 32768 bytes)
[STDERR  ] 2018-11-16T08:12:49.138879696Z: [    0.000000] Dentry cache hash table entries: 131072 (order: 8, 1048576 bytes)
[STDERR  ] 2018-11-16T08:12:49.138895650Z: [    0.000000] Inode-cache hash table entries: 65536 (order: 7, 524288 bytes)
[STDERR  ] 2018-11-16T08:12:49.138914985Z: [    0.000000] Memory: 987592K/1048052K available (8118K kernel code, 1393K rwdata, 2712K rodata, 1404K init, 516K bss, 60460K reserved, 0K cma-reserved)
[STDERR  ] 2018-11-16T08:12:49.138931273Z: [    0.000000] Kernel/User page tables isolation: enabled
[STDERR  ] 2018-11-16T08:12:49.138943253Z: [    0.000000] Hierarchical RCU implementation.
[STDERR  ] 2018-11-16T08:12:49.138959300Z: [    0.000000] 	Build-time adjustment of leaf fanout to 64.
[STDERR  ] 2018-11-16T08:12:49.138971162Z: [    0.000000] 	RCU restricting CPUs from NR_CPUS=128 to nr_cpu_ids=1.
[STDERR  ] 2018-11-16T08:12:49.138983729Z: [    0.000000] RCU: Adjusting geometry for rcu_fanout_leaf=64, nr_cpu_ids=1
[STDERR  ] 2018-11-16T08:12:49.139001744Z: [    0.000000] NR_IRQS:8448 nr_irqs:256 16
[STDERR  ] 2018-11-16T08:12:49.139013485Z: [    0.000000] Console: colour VGA+ 80x25
[STDERR  ] 2018-11-16T08:12:49.139025531Z: [    0.000000] console [ttyS0] enabled
[STDERR  ] 2018-11-16T08:12:49.139037825Z: [    0.000000] clocksource: hpet: mask: 0xffffffff max_cycles: 0xffffffff, max_idle_ns: 19112604467 ns
[STDERR  ] 2018-11-16T08:12:49.139053989Z: [    0.000000] tsc: Detected 2299.936 MHz processor
[STDERR  ] 2018-11-16T08:12:49.139065872Z: [    0.020000] Calibrating delay loop (skipped) preset value.. 4599.87 BogoMIPS (lpj=22999360)
[STDERR  ] 2018-11-16T08:12:49.139100329Z: [    0.020025] pid_max: default: 32768 minimum: 301
[STDERR  ] 2018-11-16T08:12:49.139112322Z: [    0.024072] ACPI: Core revision 20160831
[STDERR  ] 2018-11-16T08:12:49.139135564Z: [    0.028253] ACPI: 1 ACPI AML tables successfully acquired and loaded
[STDERR  ] 2018-11-16T08:12:49.139147742Z: [    0.034041] Security Framework initialized
[STDERR  ] 2018-11-16T08:12:49.139163896Z: [    0.037646] Yama: becoming mindful.
[STDERR  ] 2018-11-16T08:12:49.139175617Z: [    0.040068] Mount-cache hash table entries: 2048 (order: 2, 16384 bytes)
[STDERR  ] 2018-11-16T08:12:49.139187912Z: [    0.045770] Mountpoint-cache hash table entries: 2048 (order: 2, 16384 bytes)
[STDERR  ] 2018-11-16T08:12:49.139207930Z: [    0.051138] Last level iTLB entries: 4KB 0, 2MB 0, 4MB 0
[STDERR  ] 2018-11-16T08:12:49.139219675Z: [    0.060026] Last level dTLB entries: 4KB 0, 2MB 0, 4MB 0, 1GB 0
[STDERR  ] 2018-11-16T08:12:49.139231574Z: [    0.065155] Spectre V2 : Mitigation: Full generic retpoline
[STDERR  ] 2018-11-16T08:12:49.139247273Z: [    0.070023] Spectre V2 : Spectre v2 / SpectreRSB mitigation: Filling RSB on context switch
[STDERR  ] 2018-11-16T08:12:49.139259268Z: [    0.077133] Speculative Store Bypass: Vulnerable
[STDERR  ] 2018-11-16T08:12:49.139280226Z: [    0.210769] Freeing SMP alternatives memory: 20K
[STDERR  ] 2018-11-16T08:12:49.139306711Z: [    0.247678] ftrace: allocating 35643 entries in 140 pages
[STDERR  ] 2018-11-16T08:12:49.139325675Z: [    0.280146] smpboot: Max logical packages: 1
[STDERR  ] 2018-11-16T08:12:49.139341102Z: [    0.286573] x2apic enabled
[STDERR  ] 2018-11-16T08:12:49.139363531Z: [    0.290028] Switched APIC routing to physical x2apic.
[STDERR  ] 2018-11-16T08:12:49.139375636Z: [    0.309403] ..TIMER: vector=0x30 apic1=0 pin1=2 apic2=-1 pin2=-1
[STDERR  ] 2018-11-16T08:12:49.139388864Z: [    0.310000] smpboot: CPU0: Intel QEMU Virtual CPU version 2.5+ (family: 0x6, model: 0x6, stepping: 0x3)
[STDERR  ] 2018-11-16T08:12:49.139400174Z: [    0.310000] Performance Events: PMU not available due to virtualization, using software events only.
[STDERR  ] 2018-11-16T08:12:49.139428186Z: [    0.326077] x86: Booted up 1 node, 1 CPUs
[STDERR  ] 2018-11-16T08:12:49.139440036Z: [    0.330008] smpboot: Total of 1 processors activated (4599.87 BogoMIPS)
[STDERR  ] 2018-11-16T08:12:49.139452116Z: [    0.340209] devtmpfs: initialized
[STDERR  ] 2018-11-16T08:12:49.139464475Z: [    0.343588] x86/mm: Memory block size: 128MB
[STDERR  ] 2018-11-16T08:12:49.139480284Z: [    0.351341] clocksource: jiffies: mask: 0xffffffff max_cycles: 0xffffffff, max_idle_ns: 19112604462750000 ns
[STDERR  ] 2018-11-16T08:12:49.139504877Z: [    0.360022] futex hash table entries: 256 (order: 2, 16384 bytes)
[STDERR  ] 2018-11-16T08:12:49.139516535Z: [    0.366026] NET: Registered protocol family 16
[STDERR  ] 2018-11-16T08:12:49.139528873Z: [    0.370222] cpuidle: using governor ladder
[STDERR  ] 2018-11-16T08:12:49.139541170Z: [    0.374159] cpuidle: using governor menu
[STDERR  ] 2018-11-16T08:12:49.139556142Z: [    0.378376] ACPI: bus type PCI registered
[STDERR  ] 2018-11-16T08:12:49.139567960Z: [    0.380501] PCI: MMCONFIG for domain 0000 [bus 00-ff] at [mem 0xb0000000-0xbfffffff] (base 0xb0000000)
[STDERR  ] 2018-11-16T08:12:49.139580081Z: [    0.390010] PCI: MMCONFIG at [mem 0xb0000000-0xbfffffff] reserved in E820
[STDERR  ] 2018-11-16T08:12:49.139610185Z: [    0.396288] PCI: Using configuration type 1 for base access
[STDERR  ] 2018-11-16T08:12:49.139622061Z: [    0.401864] HugeTLB registered 2 MB page size, pre-allocated 0 pages
[STDERR  ] 2018-11-16T08:12:49.139633988Z: [    0.410269] ACPI: Added _OSI(Module Device)
[STDERR  ] 2018-11-16T08:12:49.139646399Z: [    0.414288] ACPI: Added _OSI(Processor Device)
[STDERR  ] 2018-11-16T08:12:49.139664474Z: [    0.420006] ACPI: Added _OSI(3.0 _SCP Extensions)
[STDERR  ] 2018-11-16T08:12:49.139689952Z: [    0.424514] ACPI: Added _OSI(Processor Aggregator Device)
[STDERR  ] 2018-11-16T08:12:49.139702031Z: [    0.434037] ACPI: Interpreter enabled
[STDERR  ] 2018-11-16T08:12:49.139718003Z: [    0.437618] ACPI: (supports S0 S5)
[STDERR  ] 2018-11-16T08:12:49.139729294Z: [    0.440008] ACPI: Using IOAPIC for interrupt routing
[STDERR  ] 2018-11-16T08:12:49.139741166Z: [    0.444990] PCI: Using host bridge windows from ACPI; if necessary, use "pci=nocrs" and report a bug
[STDERR  ] 2018-11-16T08:12:49.139753465Z: [    0.453337] ACPI: PCI Root Bridge [PCI0] (domain 0000 [bus 00-ff])
[STDERR  ] 2018-11-16T08:12:49.139765486Z: [    0.460020] acpi PNP0A08:00: _OSC: OS supports [ExtendedConfig ASPM ClockPM Segments MSI]
[STDERR  ] 2018-11-16T08:12:49.139778636Z: [    0.470152] acpi PNP0A08:00: _OSC: OS now controls [PCIeHotplug PME PCIeCapability]
[STDERR  ] 2018-11-16T08:12:49.139795422Z: [    0.476978] PCI host bridge to bus 0000:00
[STDERR  ] 2018-11-16T08:12:49.139807499Z: [    0.480010] pci_bus 0000:00: root bus resource [io  0x0000-0x0cf7 window]
[STDERR  ] 2018-11-16T08:12:49.139819621Z: [    0.485793] pci_bus 0000:00: root bus resource [io  0x0d00-0xffff window]
[STDERR  ] 2018-11-16T08:12:49.139835523Z: [    0.490009] pci_bus 0000:00: root bus resource [mem 0x000a0000-0x000bffff window]
[STDERR  ] 2018-11-16T08:12:49.139847273Z: [    0.500006] pci_bus 0000:00: root bus resource [mem 0xc0000000-0xfebfffff window]
[STDERR  ] 2018-11-16T08:12:49.139863077Z: [    0.506494] pci_bus 0000:00: root bus resource [bus 00-ff]
[STDERR  ] 2018-11-16T08:12:49.139875514Z: [    0.585561] pci 0000:00:1f.0: quirk: [io  0x0600-0x067f] claimed by ICH6 ACPI/GPIO/TCO
[STDERR  ] 2018-11-16T08:12:49.139894406Z: [    0.618351] ACPI: PCI Interrupt Link [LNKA] (IRQs 5 *10 11)
[STDERR  ] 2018-11-16T08:12:49.139910116Z: [    0.621842] ACPI: PCI Interrupt Link [LNKB] (IRQs 5 *10 11)
[STDERR  ] 2018-11-16T08:12:49.139964088Z: [    0.630752] ACPI: PCI Interrupt Link [LNKC] (IRQs 5 10 *11)
[STDERR  ] 2018-11-16T08:12:49.139976247Z: [    0.637082] ACPI: PCI Interrupt Link [LNKD] (IRQs 5 10 *11)
[STDERR  ] 2018-11-16T08:12:49.139988720Z: [    0.641825] ACPI: PCI Interrupt Link [LNKE] (IRQs 5 *10 11)
[STDERR  ] 2018-11-16T08:12:49.140025821Z: [    0.648005] ACPI: PCI Interrupt Link [LNKF] (IRQs 5 *10 11)
[STDERR  ] 2018-11-16T08:12:49.140037509Z: [    0.651835] ACPI: PCI Interrupt Link [LNKG] (IRQs 5 10 *11)
[STDERR  ] 2018-11-16T08:12:49.140049628Z: [    0.661857] ACPI: PCI Interrupt Link [LNKH] (IRQs 5 10 *11)
[STDERR  ] 2018-11-16T08:12:49.140061474Z: [    0.667890] ACPI: PCI Interrupt Link [GSIA] (IRQs *16)
[STDERR  ] 2018-11-16T08:12:49.140073709Z: [    0.670939] ACPI: PCI Interrupt Link [GSIB] (IRQs *17)
[STDERR  ] 2018-11-16T08:12:49.140097056Z: [    0.676194] ACPI: PCI Interrupt Link [GSIC] (IRQs *18)
[STDERR  ] 2018-11-16T08:12:49.140109274Z: [    0.680914] ACPI: PCI Interrupt Link [GSID] (IRQs *19)
[STDERR  ] 2018-11-16T08:12:49.140121035Z: [    0.686091] ACPI: PCI Interrupt Link [GSIE] (IRQs *20)
[STDERR  ] 2018-11-16T08:12:49.140134718Z: [    0.690939] ACPI: PCI Interrupt Link [GSIF] (IRQs *21)
[STDERR  ] 2018-11-16T08:12:49.140146396Z: [    0.696305] ACPI: PCI Interrupt Link [GSIG] (IRQs *22)
[STDERR  ] 2018-11-16T08:12:49.140158599Z: [    0.700941] ACPI: PCI Interrupt Link [GSIH] (IRQs *23)
[STDERR  ] 2018-11-16T08:12:49.140174486Z: [    0.710618] ACPI: Enabled 2 GPEs in block 00 to 3F
[STDERR  ] 2018-11-16T08:12:49.140192882Z: [    0.715869] SCSI subsystem initialized
[STDERR  ] 2018-11-16T08:12:49.140208752Z: [    0.719565] ACPI: bus type USB registered
[STDERR  ] 2018-11-16T08:12:49.140220376Z: [    0.720040] usbcore: registered new interface driver usbfs
[STDERR  ] 2018-11-16T08:12:49.140232467Z: [    0.725160] usbcore: registered new interface driver hub
[STDERR  ] 2018-11-16T08:12:49.140246125Z: [    0.730033] usbcore: registered new device driver usb
[STDERR  ] 2018-11-16T08:12:49.140257552Z: [    0.734410] pps_core: LinuxPPS API ver. 1 registered
[STDERR  ] 2018-11-16T08:12:49.140274141Z: [    0.740005] pps_core: Software ver. 5.3.6 - Copyright 2005-2007 Rodolfo Giometti <giometti@linux.it>
[STDERR  ] 2018-11-16T08:12:49.140297233Z: [    0.747829] PTP clock support registered
[STDERR  ] 2018-11-16T08:12:49.140309543Z: [    0.750075] PCI: Using ACPI for IRQ routing
[STDERR  ] 2018-11-16T08:12:49.140321745Z: [    1.223868] NetLabel: Initializing
[STDERR  ] 2018-11-16T08:12:49.140333812Z: [    1.227192] NetLabel:  domain hash size = 128
[STDERR  ] 2018-11-16T08:12:49.140346110Z: [    1.230004] NetLabel:  protocols = UNLABELED CIPSOv4
[STDERR  ] 2018-11-16T08:12:49.140358181Z: [    1.234765] NetLabel:  unlabeled traffic allowed by default
[STDERR  ] 2018-11-16T08:12:49.140407513Z: [    1.240054] wmi: Mapper loaded
[STDERR  ] 2018-11-16T08:12:49.140423287Z: [    1.243171] HPET: 3 timers in total, 0 timers will be used for per-cpu timer
[STDERR  ] 2018-11-16T08:12:49.140434958Z: [    1.250105] hpet0: at MMIO 0xfed00000, IRQs 2, 8, 0
[STDERR  ] 2018-11-16T08:12:49.140455258Z: [    1.255226] hpet0: 3 comparators, 64-bit 100.000000 MHz counter
[STDERR  ] 2018-11-16T08:12:49.140467994Z: [    1.262457] clocksource: Switched to clocksource kvm-clock
[STDERR  ] 2018-11-16T08:12:49.140479900Z: [    1.279952] VFS: Disk quotas dquot_6.6.0
[STDERR  ] 2018-11-16T08:12:49.140499227Z: [    1.283920] VFS: Dquot-cache hash table entries: 512 (order 0, 4096 bytes)
[STDERR  ] 2018-11-16T08:12:49.140511451Z: [    1.290572] FS-Cache: Loaded
[STDERR  ] 2018-11-16T08:12:49.140527685Z: [    1.293475] CacheFiles: Loaded
[STDERR  ] 2018-11-16T08:12:49.140543278Z: [    1.296446] pnp: PnP ACPI init
[STDERR  ] 2018-11-16T08:12:49.140555019Z: [    1.300529] pnp: PnP ACPI: found 5 devices
[STDERR  ] 2018-11-16T08:12:49.140567222Z: [    1.310724] clocksource: acpi_pm: mask: 0xffffff max_cycles: 0xffffff, max_idle_ns: 2085701024 ns
[STDERR  ] 2018-11-16T08:12:49.140580011Z: [    1.319216] NET: Registered protocol family 2
[STDERR  ] 2018-11-16T08:12:49.140602145Z: [    1.323654] TCP established hash table entries: 8192 (order: 4, 65536 bytes)
[STDERR  ] 2018-11-16T08:12:49.140614185Z: [    1.330387] TCP bind hash table entries: 8192 (order: 5, 131072 bytes)
[STDERR  ] 2018-11-16T08:12:49.140637102Z: [    1.336683] TCP: Hash tables configured (established 8192 bind 8192)
[STDERR  ] 2018-11-16T08:12:49.140659911Z: [    1.342814] UDP hash table entries: 512 (order: 2, 16384 bytes)
[STDERR  ] 2018-11-16T08:12:49.140672414Z: [    1.348415] UDP-Lite hash table entries: 512 (order: 2, 16384 bytes)
[STDERR  ] 2018-11-16T08:12:49.140684382Z: [    1.354636] NET: Registered protocol family 1
[STDERR  ] 2018-11-16T08:12:49.140707675Z: [    1.359050] pci 0000:00:01.0: Video device with shadowed ROM at [mem 0x000c0000-0x000dffff]
[STDERR  ] 2018-11-16T08:12:49.140719878Z: [    1.367447] Unpacking initramfs...
[STDERR  ] 2018-11-16T08:12:49.140732329Z: [    1.849895] Freeing initrd memory: 26568K
[STDERR  ] 2018-11-16T08:12:49.140744828Z: [    1.854796] PCLMULQDQ-NI instructions are not detected.
[STDERR  ] 2018-11-16T08:12:49.140762073Z: [    1.859921] AVX or AES-NI instructions are not detected.
[STDERR  ] 2018-11-16T08:12:49.140779819Z: [    1.865143] CPU feature 'AVX registers' is not supported.
[STDERR  ] 2018-11-16T08:12:49.140790512Z: [    1.870395] CPU feature 'AVX registers' is not supported.
[STDERR  ] 2018-11-16T08:12:49.140800786Z: [    1.875594] CPU feature 'AVX registers' is not supported.
[STDERR  ] 2018-11-16T08:12:49.140811448Z: [    1.880901] CPU feature 'AVX registers' is not supported.
[STDERR  ] 2018-11-16T08:12:49.140822486Z: [    1.886111] AVX2 or AES-NI instructions are not detected.
[STDERR  ] 2018-11-16T08:12:49.140834508Z: [    1.891125] AVX2 instructions are not detected.
[STDERR  ] 2018-11-16T08:12:49.140846657Z: [    1.895070] audit: initializing netlink subsys (disabled)
[STDERR  ] 2018-11-16T08:12:49.140858786Z: [    1.900411] audit: type=2000 audit(1542355961.906:1): initialized
[STDERR  ] 2018-11-16T08:12:49.140871142Z: [    1.906641] workingset: timestamp_bits=46 max_order=18 bucket_order=0
[STDERR  ] 2018-11-16T08:12:49.140883518Z: [    1.913273] squashfs: version 4.0 (2009/01/31) Phillip Lougher
[STDERR  ] 2018-11-16T08:12:49.140896024Z: [    1.918977] FS-Cache: Netfs 'cifs' registered for caching
[STDERR  ] 2018-11-16T08:12:49.140908494Z: [    1.924292] fuse init (API version 7.26)
[STDERR  ] 2018-11-16T08:12:49.140920881Z: [    1.928207] SGI XFS with ACLs, security attributes, no debug enabled
[STDERR  ] 2018-11-16T08:12:49.140932936Z: [    1.934475] 9p: Installing v9fs 9p2000 file system support
[STDERR  ] 2018-11-16T08:12:49.140945328Z: [    1.939753] FS-Cache: Netfs '9p' registered for caching
[STDERR  ] 2018-11-16T08:12:49.140965885Z: [    1.945879] NET: Registered protocol family 38
[STDERR  ] 2018-11-16T08:12:49.140977484Z: [    1.950258] Key type asymmetric registered
[STDERR  ] 2018-11-16T08:12:49.140989674Z: [    1.954202] Asymmetric key parser 'x509' registered
[STDERR  ] 2018-11-16T08:12:49.141014032Z: [    1.958904] Block layer SCSI generic (bsg) driver version 0.4 loaded (major 251)
[STDERR  ] 2018-11-16T08:12:49.141032684Z: [    1.966166] io scheduler noop registered
[STDERR  ] 2018-11-16T08:12:49.141045081Z: [    1.969945] io scheduler deadline registered (default)
[STDERR  ] 2018-11-16T08:12:49.141058296Z: [    1.975126] io scheduler cfq registered
[STDERR  ] 2018-11-16T08:12:49.141077087Z: [    1.978953] pci_hotplug: PCI Hot Plug PCI Core version: 0.5
[STDERR  ] 2018-11-16T08:12:49.141093884Z: [    1.984396] pciehp: PCI Express Hot Plug Controller Driver version: 0.4
[STDERR  ] 2018-11-16T08:12:49.141116686Z: [    1.990704] shpchp: Standard Hot Plug PCI Controller Driver version: 0.4
[STDERR  ] 2018-11-16T08:12:49.141128683Z: [    1.997170] hv_vmbus: registering driver hyperv_fb
[STDERR  ] 2018-11-16T08:12:49.141140631Z: [    2.001954] input: Power Button as /devices/LNXSYSTM:00/LNXPWRBN:00/input/input0
[STDERR  ] 2018-11-16T08:12:49.141152816Z: [    2.009019] ACPI: Power Button [PWRF]
[STDERR  ] 2018-11-16T08:12:49.141167177Z: [    2.012985] GHES: HEST is not enabled!
[STDERR  ] 2018-11-16T08:12:49.141186205Z: [    2.017041] ACPI: PCI Interrupt Link [GSIG] enabled at IRQ 22
[STDERR  ] 2018-11-16T08:12:49.141202472Z: [    2.028354] ACPI: PCI Interrupt Link [GSIH] enabled at IRQ 23
[STDERR  ] 2018-11-16T08:12:49.141214352Z: [    2.040317] xenfs: not registering filesystem on non-xen platform
[STDERR  ] 2018-11-16T08:12:49.141230162Z: [    2.046251] Serial: 8250/16550 driver, 4 ports, IRQ sharing disabled
[STDERR  ] 2018-11-16T08:12:49.141242013Z: [    2.087306] 00:04: ttyS0 at I/O 0x3f8 (irq = 4, base_baud = 115200) is a 16550A
[STDERR  ] 2018-11-16T08:12:49.141253871Z: [    2.095282] Non-volatile memory driver v1.3
[STDERR  ] 2018-11-16T08:12:49.141266049Z: [    2.101171] Hangcheck: starting hangcheck timer 0.9.1 (tick is 180 seconds, margin is 60 seconds).
[STDERR  ] 2018-11-16T08:12:49.141280414Z: [    2.110245] random: fast init done
[STDERR  ] 2018-11-16T08:12:49.141302079Z: [    2.113870] random: crng init done
[STDERR  ] 2018-11-16T08:12:49.141318343Z: [    2.119718] loop: module loaded
[STDERR  ] 2018-11-16T08:12:49.141330575Z: [    2.123535] nbd: registered device at major 43
[STDERR  ] 2018-11-16T08:12:49.141353640Z: [    2.129482] lpc_ich 0000:00:1f.0: I/O space for GPIO uninitialized
[STDERR  ] 2018-11-16T08:12:49.141372293Z: [    2.135539] VMware PVSCSI driver - version 1.0.7.0-k
[STDERR  ] 2018-11-16T08:12:49.141384605Z: [    2.140408] hv_vmbus: registering driver hv_storvsc
[STDERR  ] 2018-11-16T08:12:49.141400023Z: [    2.145593] ACPI: PCI Interrupt Link [GSIA] enabled at IRQ 16
[STDERR  ] 2018-11-16T08:12:49.141422242Z: [    2.154748] ahci 0000:00:1f.2: AHCI 0001.0000 32 slots 6 ports 1.5 Gbps 0x3f impl SATA mode
[STDERR  ] 2018-11-16T08:12:49.141435041Z: [    2.162864] ahci 0000:00:1f.2: flags: 64bit ncq only 
[STDERR  ] 2018-11-16T08:12:49.141446951Z: [    2.171946] scsi host0: ahci
[STDERR  ] 2018-11-16T08:12:49.141459112Z: [    2.174871] scsi host1: ahci
[STDERR  ] 2018-11-16T08:12:49.141471172Z: [    2.177816] scsi host2: ahci
[STDERR  ] 2018-11-16T08:12:49.141483331Z: [    2.180753] scsi host3: ahci
[STDERR  ] 2018-11-16T08:12:49.141499906Z: [    2.183772] scsi host4: ahci
[STDERR  ] 2018-11-16T08:12:49.141516023Z: [    2.186663] scsi host5: ahci
[STDERR  ] 2018-11-16T08:12:49.141534661Z: [    2.189554] ata1: SATA max UDMA/133 abar m4096@0xfebd2000 port 0xfebd2100 irq 24
[STDERR  ] 2018-11-16T08:12:49.141546657Z: [    2.196716] ata2: SATA max UDMA/133 abar m4096@0xfebd2000 port 0xfebd2180 irq 24
[STDERR  ] 2018-11-16T08:12:49.141558999Z: [    2.204002] ata3: SATA max UDMA/133 abar m4096@0xfebd2000 port 0xfebd2200 irq 24
[STDERR  ] 2018-11-16T08:12:49.141575052Z: [    2.211090] ata4: SATA max UDMA/133 abar m4096@0xfebd2000 port 0xfebd2280 irq 24
[STDERR  ] 2018-11-16T08:12:49.141602015Z: [    2.218220] ata5: SATA max UDMA/133 abar m4096@0xfebd2000 port 0xfebd2300 irq 24
[STDERR  ] 2018-11-16T08:12:49.141615408Z: [    2.225512] ata6: SATA max UDMA/133 abar m4096@0xfebd2000 port 0xfebd2380 irq 24
[STDERR  ] 2018-11-16T08:12:49.141631979Z: [    2.235034] tun: Universal TUN/TAP device driver, 1.6
[STDERR  ] 2018-11-16T08:12:49.141644178Z: [    2.239966] tun: (C) 1999-2004 Max Krasnyansky <maxk@qualcomm.com>
[STDERR  ] 2018-11-16T08:12:49.141659967Z: [    2.250596] VMware vmxnet3 virtual NIC driver - version 1.4.a.0-k-NAPI
[STDERR  ] 2018-11-16T08:12:49.141671683Z: [    2.256927] hv_vmbus: registering driver hv_netvsc
[STDERR  ] 2018-11-16T08:12:49.141690682Z: [    2.261629] Fusion MPT base driver 3.04.20
[STDERR  ] 2018-11-16T08:12:49.141702430Z: [    2.265587] Copyright (c) 1999-2008 LSI Corporation
[STDERR  ] 2018-11-16T08:12:49.141733622Z: [    2.270408] Fusion MPT SPI Host driver 3.04.20
[STDERR  ] 2018-11-16T08:12:49.141754584Z: [    2.274752] i8042: PNP: PS/2 Controller [PNP0303:KBD,PNP0f13:MOU] at 0x60,0x64 irq 1,12
[STDERR  ] 2018-11-16T08:12:49.141766740Z: [    2.286408] serio: i8042 KBD port at 0x60,0x64 irq 1
[STDERR  ] 2018-11-16T08:12:49.141778848Z: [    2.291289] serio: i8042 AUX port at 0x60,0x64 irq 12
[STDERR  ] 2018-11-16T08:12:49.141790291Z: [    2.296218] hv_vmbus: registering driver hyperv_keyboard
[STDERR  ] 2018-11-16T08:12:49.141802249Z: [    2.301540] mousedev: PS/2 mouse device common for all mice
[STDERR  ] 2018-11-16T08:12:49.141814421Z: [    2.308159] input: AT Translated Set 2 keyboard as /devices/platform/i8042/serio0/input/input1
[STDERR  ] 2018-11-16T08:12:49.141827658Z: [    2.316481] input: PC Speaker as /devices/platform/pcspkr/input/input2
[STDERR  ] 2018-11-16T08:12:49.141840008Z: [    2.323163] rtc_cmos 00:00: RTC can wake from S4
[STDERR  ] 2018-11-16T08:12:49.141851694Z: [    2.329899] rtc_cmos 00:00: rtc core: registered rtc_cmos as rtc0
[STDERR  ] 2018-11-16T08:12:49.141863595Z: [    2.336706] rtc_cmos 00:00: alarms up to one day, y3k, 114 bytes nvram, hpet irqs
[STDERR  ] 2018-11-16T08:12:49.141874872Z: [    2.343941] i2c /dev entries driver
[STDERR  ] 2018-11-16T08:12:49.141886803Z: [    2.347382] device-mapper: ioctl: 4.35.0-ioctl (2016-06-23) initialised: dm-devel@redhat.com
[STDERR  ] 2018-11-16T08:12:49.141899332Z: [    2.356171] usbcore: registered new interface driver usbhid
[STDERR  ] 2018-11-16T08:12:49.141911422Z: [    2.361666] usbhid: USB HID core driver
[STDERR  ] 2018-11-16T08:12:49.141923278Z: [    2.365458] hv_utils: Registering HyperV Utility Driver
[STDERR  ] 2018-11-16T08:12:49.141935269Z: [    2.369944] hv_vmbus: registering driver hv_util
[STDERR  ] 2018-11-16T08:12:49.141946910Z: [    2.374420] hv_vmbus: registering driver hv_balloon
[STDERR  ] 2018-11-16T08:12:49.141958211Z: [    2.379073] oprofile: using NMI interrupt.
[STDERR  ] 2018-11-16T08:12:49.141970256Z: [    2.383112] GACT probability on
[STDERR  ] 2018-11-16T08:12:49.141982225Z: [    2.386149] Mirror/redirect action on
[STDERR  ] 2018-11-16T08:12:49.141994212Z: [    2.389712] Simple TC action Loaded
[STDERR  ] 2018-11-16T08:12:49.142013084Z: [    2.393096] u32 classifier
[STDERR  ] 2018-11-16T08:12:49.142031267Z: [    2.395747]     Performance counters on
[STDERR  ] 2018-11-16T08:12:49.142043310Z: [    2.399437]     input device check on
[STDERR  ] 2018-11-16T08:12:49.142060297Z: [    2.403082]     Actions configured
[STDERR  ] 2018-11-16T08:12:49.142082562Z: [    2.406391] Netfilter messages via NETLINK v0.30.
[STDERR  ] 2018-11-16T08:12:49.142098218Z: [    2.411015] nfnl_acct: registering with nfnetlink.
[STDERR  ] 2018-11-16T08:12:49.142110588Z: [    2.415669] nf_conntrack version 0.5.0 (8192 buckets, 32768 max)
[STDERR  ] 2018-11-16T08:12:49.142123033Z: [    2.421548] ctnetlink v0.93: registering with nfnetlink.
[STDERR  ] 2018-11-16T08:12:49.142145237Z: [    2.426681] nf_tables: (c) 2007-2009 Patrick McHardy <kaber@trash.net>
[STDERR  ] 2018-11-16T08:12:49.142167742Z: [    2.433012] nf_tables_compat: (c) 2012 Pablo Neira Ayuso <pablo@netfilter.org>
[STDERR  ] 2018-11-16T08:12:49.142179914Z: [    2.439995] xt_time: kernel timezone is -0000
[STDERR  ] 2018-11-16T08:12:49.142191686Z: [    2.444263] ip_set: protocol 6
[STDERR  ] 2018-11-16T08:12:49.142209935Z: [    2.447247] IPVS: Registered protocols (TCP, UDP, SCTP, AH, ESP)
[STDERR  ] 2018-11-16T08:12:49.142226583Z: [    2.453435] IPVS: Connection hash table configured (size=4096, memory=64Kbytes)
[STDERR  ] 2018-11-16T08:12:49.142242651Z: [    2.460778] IPVS: Creating netns size=2104 id=0
[STDERR  ] 2018-11-16T08:12:49.142254891Z: [    2.466549] IPVS: ipvs loaded.
[STDERR  ] 2018-11-16T08:12:49.142276372Z: [    2.469540] IPVS: [rr] scheduler registered.
[STDERR  ] 2018-11-16T08:12:49.142298750Z: [    2.477455] IPVS: [wrr] scheduler registered.
[STDERR  ] 2018-11-16T08:12:49.142315093Z: [    2.481675] IPVS: [lc] scheduler registered.
[STDERR  ] 2018-11-16T08:12:49.142330260Z: [    2.486030] IPVS: [wlc] scheduler registered.
[STDERR  ] 2018-11-16T08:12:49.142353266Z: [    2.490319] IPVS: [fo] scheduler registered.
[STDERR  ] 2018-11-16T08:12:49.142365276Z: [    2.494705] IPVS: [ovf] scheduler registered.
[STDERR  ] 2018-11-16T08:12:49.142376571Z: [    2.499037] IPVS: [lblc] scheduler registered.
[STDERR  ] 2018-11-16T08:12:49.142388831Z: [    2.503600] IPVS: [lblcr] scheduler registered.
[STDERR  ] 2018-11-16T08:12:49.142400906Z: [    2.508051] IPVS: [dh] scheduler registered.
[STDERR  ] 2018-11-16T08:12:49.142417851Z: [    2.512446] IPVS: [sh] scheduler registered.
[STDERR  ] 2018-11-16T08:12:49.142441101Z: [    2.516536] IPVS: [sed] scheduler registered.
[STDERR  ] 2018-11-16T08:12:49.142461725Z: [    2.521022] IPVS: [nq] scheduler registered.
[STDERR  ] 2018-11-16T08:12:49.142473505Z: [    2.525140] IPVS: ftp: loaded support on port[0] = 21
[STDERR  ] 2018-11-16T08:12:49.142485205Z: [    2.530378] ipip: IPv4 and MPLS over IPv4 tunneling driver
[STDERR  ] 2018-11-16T08:12:49.142497334Z: [    2.536018] gre: GRE over IPv4 demultiplexor driver
[STDERR  ] 2018-11-16T08:12:49.142509340Z: [    2.541464] ip_tables: (C) 2000-2006 Netfilter Core Team
[STDERR  ] 2018-11-16T08:12:49.142527653Z: [    2.546993] ipt_CLUSTERIP: ClusterIP Version 0.8 loaded successfully
[STDERR  ] 2018-11-16T08:12:49.142544279Z: [    2.553409] arp_tables: arp_tables: (C) 2002 David S. Miller
[STDERR  ] 2018-11-16T08:12:49.142556541Z: [    2.559291] NET: Registered protocol family 10
[STDERR  ] 2018-11-16T08:12:49.142568697Z: [    2.564754] ata4: SATA link down (SStatus 0 SControl 300)
[STDERR  ] 2018-11-16T08:12:49.142580632Z: [    2.570928] ata3: SATA link up 1.5 Gbps (SStatus 113 SControl 300)
[STDERR  ] 2018-11-16T08:12:49.142599338Z: [    2.577242] ata3.00: ATAPI: QEMU DVD-ROM, 2.5+, max UDMA/100
[STDERR  ] 2018-11-16T08:12:49.142614518Z: [    2.582785] ata3.00: applying bridge limits
[STDERR  ] 2018-11-16T08:12:49.142626342Z: [    2.587683] ata2: SATA link down (SStatus 0 SControl 300)
[STDERR  ] 2018-11-16T08:12:49.142638005Z: [    2.593696] ata1: SATA link down (SStatus 0 SControl 300)
[STDERR  ] 2018-11-16T08:12:49.142649716Z: [    2.599665] ata6: SATA link down (SStatus 0 SControl 300)
[STDERR  ] 2018-11-16T08:12:49.142661671Z: [    2.605753] ata5: SATA link down (SStatus 0 SControl 300)
[STDERR  ] 2018-11-16T08:12:49.142684902Z: [    2.611255] ip6_tables: (C) 2000-2006 Netfilter Core Team
[STDERR  ] 2018-11-16T08:12:49.142697041Z: [    2.617122] NET: Registered protocol family 17
[STDERR  ] 2018-11-16T08:12:49.142708964Z: [    2.621538] Bridge firewalling registered
[STDERR  ] 2018-11-16T08:12:49.142720762Z: [    2.625415] Ebtables v2.0 registered
[STDERR  ] 2018-11-16T08:12:49.142731792Z: [    2.629126] 8021q: 802.1Q VLAN Support v1.8
[STDERR  ] 2018-11-16T08:12:49.142744522Z: [    2.633520] ata3.00: configured for UDMA/100
[STDERR  ] 2018-11-16T08:12:49.142755843Z: [    2.641456] 9pnet: Installing 9P2000 support
[STDERR  ] 2018-11-16T08:12:49.142766593Z: [    2.645558] Key type dns_resolver registered
[STDERR  ] 2018-11-16T08:12:49.142778636Z: [    2.650550] scsi 2:0:0:0: CD-ROM            QEMU     QEMU DVD-ROM     2.5+ PQ: 0 ANSI: 5
[STDERR  ] 2018-11-16T08:12:49.142799151Z: [    2.659749] registered taskstats version 1
[STDERR  ] 2018-11-16T08:12:49.142811043Z: [    2.670883] sr 2:0:0:0: [sr0] scsi3-mmc drive: 4x/4x cd/rw xa/form2 tray
[STDERR  ] 2018-11-16T08:12:49.142823092Z: [    2.677304] cdrom: Uniform CD-ROM driver Revision: 3.20
[STDERR  ] 2018-11-16T08:12:49.142840311Z: [    2.682824] Key type big_key registered
[STDERR  ] 2018-11-16T08:12:49.142852925Z: [    2.688765] sr 2:0:0:0: Attached scsi generic sg0 type 5
[STDERR  ] 2018-11-16T08:12:49.142865275Z: [    2.698890] Key type encrypted registered
[STDERR  ] 2018-11-16T08:12:49.142877156Z: [    2.704943] rtc_cmos 00:00: setting system clock to 2018-11-16 08:12:43 UTC (1542355963)
[STDERR  ] 2018-11-16T08:12:49.142889089Z: [    2.715605] Freeing unused kernel memory: 1404K
[STDERR  ] 2018-11-16T08:12:49.142911373Z: [    2.719990] Write protecting the kernel read-only data: 12288k
[STDERR  ] 2018-11-16T08:12:49.142923516Z: [    2.725829] Freeing unused kernel memory: 60K
[STDERR  ] 2018-11-16T08:12:49.142935868Z: [    2.733376] Freeing unused kernel memory: 1384K
[STDERR  ] 2018-11-16T08:12:49.142947834Z: 
[STDERR  ] 2018-11-16T08:12:49.142967790Z: Welcome to LinuxKit
[STDERR  ] 2018-11-16T08:12:49.142979577Z: 
[STDERR  ] 2018-11-16T08:12:49.142991279Z:                         ##         .
[STDERR  ] 2018-11-16T08:12:49.143003322Z:                   ## ## ##        ==
[STDERR  ] 2018-11-16T08:12:49.143015048Z:                ## ## ## ## ##    ===
[STDERR  ] 2018-11-16T08:12:49.143027091Z:            /"""""""""""""""""\___/ ===
[STDERR  ] 2018-11-16T08:12:49.143038815Z:           {                       /  ===-
[STDERR  ] 2018-11-16T08:12:49.143050954Z:            \______ O           __/
[STDERR  ] 2018-11-16T08:12:49.143062228Z:              \    \         __/
[STDERR  ] 2018-11-16T08:12:49.143073758Z:               \____\_______/
[STDERR  ] 2018-11-16T08:12:49.143085141Z: 
[STDERR  ] 2018-11-16T08:12:49.143097021Z: [    3.528500] RPC: Registered named UNIX socket transport module.
[STDERR  ] 2018-11-16T08:12:49.143108770Z: [    3.534462] RPC: Registered udp transport module.
[STDERR  ] 2018-11-16T08:12:49.143120471Z: [    3.539058] RPC: Registered tcp transport module.
[STDERR  ] 2018-11-16T08:12:49.143132436Z: [    3.543701] RPC: Registered tcp NFSv4.1 backchannel transport module.
[STDERR  ] 2018-11-16T08:12:49.143144492Z: [    3.567917] FS-Cache: Netfs 'nfs' registered for caching
[STDERR  ] 2018-11-16T08:12:49.143156461Z: [    3.594691] Installing knfsd (copyright (C) 1996 okir@monad.swb.de).
[STDERR  ] 2018-11-16T08:12:49.143168340Z: [    3.605894] ntfs: driver 2.1.32 [Flags: R/O MODULE].
[STDERR  ] 2018-11-16T08:12:49.143187163Z: starting kernel config sanity test with /proc/config.gz
[STDERR  ] 2018-11-16T08:12:49.143199033Z: kernel config test succeeded!
[STDERR  ] 2018-11-16T08:12:49.143211189Z: [37minfo: reading kernel config from /proc/config.gz ...[m
[STDERR  ] 2018-11-16T08:12:49.143233274Z: 
[STDERR  ] 2018-11-16T08:12:49.143244906Z: Generally Necessary:
[STDERR  ] 2018-11-16T08:12:49.143262718Z: - [37mcgroup hierarchy[m: [32mproperly mounted[m [/sys/fs/cgroup]
[STDERR  ] 2018-11-16T08:12:49.143274456Z: - [37mCONFIG_NAMESPACES[m: [32menabled[m
[STDERR  ] 2018-11-16T08:12:49.143298443Z: - [37mCONFIG_NET_NS[m: [32menabled[m
[STDERR  ] 2018-11-16T08:12:49.143318048Z: - [37mCONFIG_PID_NS[m: [32menabled[m
[STDERR  ] 2018-11-16T08:12:49.143330366Z: - [37mCONFIG_IPC_NS[m: [32menabled[m
[STDERR  ] 2018-11-16T08:12:49.143347459Z: - [37mCONFIG_UTS_NS[m: [32menabled[m
[STDERR  ] 2018-11-16T08:12:49.143358828Z: - [37mCONFIG_CGROUPS[m: [32menabled[m
[STDERR  ] 2018-11-16T08:12:49.143370764Z: - [37mCONFIG_CGROUP_CPUACCT[m: [32menabled[m
[STDERR  ] 2018-11-16T08:12:49.143391435Z: - [37mCONFIG_CGROUP_DEVICE[m: [32menabled[m
[STDERR  ] 2018-11-16T08:12:49.143410896Z: - [37mCONFIG_CGROUP_FREEZER[m: [32menabled[m
[STDERR  ] 2018-11-16T08:12:49.143422821Z: - [37mCONFIG_CGROUP_SCHED[m: [32menabled[m
[STDERR  ] 2018-11-16T08:12:49.143434709Z: - [37mCONFIG_CPUSETS[m: [32menabled[m
[STDERR  ] 2018-11-16T08:12:49.143446585Z: - [37mCONFIG_MEMCG[m: [32menabled[m
[STDERR  ] 2018-11-16T08:12:49.143458558Z: - [37mCONFIG_KEYS[m: [32menabled[m
[STDERR  ] 2018-11-16T08:12:49.143470606Z: - [37mCONFIG_VETH[m: [32menabled[m
[STDERR  ] 2018-11-16T08:12:49.143488191Z: - [37mCONFIG_BRIDGE[m: [32menabled[m
[STDERR  ] 2018-11-16T08:12:49.143499667Z: - [37mCONFIG_BRIDGE_NETFILTER[m: [32menabled[m
[STDERR  ] 2018-11-16T08:12:49.143511596Z: - [37mCONFIG_NF_NAT_IPV4[m: [32menabled[m
[STDERR  ] 2018-11-16T08:12:49.143528256Z: - [37mCONFIG_IP_NF_FILTER[m: [32menabled[m
[STDERR  ] 2018-11-16T08:12:49.143540002Z: - [37mCONFIG_IP_NF_TARGET_MASQUERADE[m: [32menabled[m
[STDERR  ] 2018-11-16T08:12:49.143555596Z: - [37mCONFIG_NETFILTER_XT_MATCH_ADDRTYPE[m: [32menabled[m
[STDERR  ] 2018-11-16T08:12:49.143571401Z: - [37mCONFIG_NETFILTER_XT_MATCH_CONNTRACK[m: [32menabled[m
[STDERR  ] 2018-11-16T08:12:49.143597179Z: - [37mCONFIG_NETFILTER_XT_MATCH_IPVS[m: [32menabled[m
[STDERR  ] 2018-11-16T08:12:49.143612665Z: - [37mCONFIG_IP_NF_NAT[m: [32menabled[m
[STDERR  ] 2018-11-16T08:12:49.143624972Z: - [37mCONFIG_NF_NAT[m: [32menabled[m
[STDERR  ] 2018-11-16T08:12:49.143640574Z: - [37mCONFIG_NF_NAT_NEEDED[m: [32menabled[m
[STDERR  ] 2018-11-16T08:12:49.143652502Z: - [37mCONFIG_POSIX_MQUEUE[m: [32menabled[m
[STDERR  ] 2018-11-16T08:12:49.143670244Z: 
[STDERR  ] 2018-11-16T08:12:49.143682493Z: Optional Features:
[STDERR  ] 2018-11-16T08:12:49.143695580Z: - [37mCONFIG_USER_NS[m: [32menabled[m
[STDERR  ] 2018-11-16T08:12:49.143716546Z: - [37mCONFIG_SECCOMP[m: [32menabled[m
[STDERR  ] 2018-11-16T08:12:49.143733320Z: - [37mCONFIG_CGROUP_PIDS[m: [32menabled[m
[STDERR  ] 2018-11-16T08:12:49.143745131Z: - [37mCONFIG_MEMCG_SWAP[m: [32menabled[m
[STDERR  ] 2018-11-16T08:12:49.143756859Z: - [37mCONFIG_MEMCG_SWAP_ENABLED[m: [32menabled[m
[STDERR  ] 2018-11-16T08:12:49.143768092Z:     [1;30m(cgroup swap accounting is currently enabled)[m
[STDERR  ] 2018-11-16T08:12:49.143780075Z: - [1mCONFIG_LEGACY_VSYSCALL_NONE[m: [1;31menabled[m
[STDERR  ] 2018-11-16T08:12:49.143792269Z:     [1;30m(containers using eglibc <= 2.13 will not work. Switch to[m
[STDERR  ] 2018-11-16T08:12:49.143804653Z:     [1;30m "CONFIG_VSYSCALL_[NATIVE|EMULATE]" or use "vsyscall=[native|emulate]"[m
[STDERR  ] 2018-11-16T08:12:49.143823258Z:     [1;30m on kernel command line. Note that this will disable ASLR for the,[m
[STDERR  ] 2018-11-16T08:12:49.143835418Z:     [1;30m VDSO which may assist in exploiting security vulnerabilities.)[m
[STDERR  ] 2018-11-16T08:12:49.143854457Z: - [37mCONFIG_BLK_CGROUP[m: [32menabled[m
[STDERR  ] 2018-11-16T08:12:49.143866849Z: - [37mCONFIG_BLK_DEV_THROTTLING[m: [32menabled[m
[STDERR  ] 2018-11-16T08:12:49.143878909Z: - [37mCONFIG_IOSCHED_CFQ[m: [32menabled[m
[STDERR  ] 2018-11-16T08:12:49.143890739Z: - [37mCONFIG_CFQ_GROUP_IOSCHED[m: [32menabled[m
[STDERR  ] 2018-11-16T08:12:49.143902603Z: - [37mCONFIG_CGROUP_PERF[m: [32menabled[m
[STDERR  ] 2018-11-16T08:12:49.143914153Z: - [37mCONFIG_CGROUP_HUGETLB[m: [32menabled[m
[STDERR  ] 2018-11-16T08:12:49.143925621Z: - [37mCONFIG_NET_CLS_CGROUP[m: [32menabled[m
[STDERR  ] 2018-11-16T08:12:49.143937403Z: - [37mCONFIG_CGROUP_NET_PRIO[m: [32menabled[m
[STDERR  ] 2018-11-16T08:12:49.143948751Z: - [37mCONFIG_CFS_BANDWIDTH[m: [32menabled[m
[STDERR  ] 2018-11-16T08:12:49.143969002Z: - [37mCONFIG_FAIR_GROUP_SCHED[m: [32menabled[m
[STDERR  ] 2018-11-16T08:12:49.143985845Z: - [37mCONFIG_RT_GROUP_SCHED[m: [32menabled[m
[STDERR  ] 2018-11-16T08:12:49.143998003Z: - [37mCONFIG_IP_VS[m: [32menabled[m
[STDERR  ] 2018-11-16T08:12:49.144010182Z: - [37mCONFIG_IP_VS_NFCT[m: [32menabled[m
[STDERR  ] 2018-11-16T08:12:49.144021828Z: - [37mCONFIG_IP_VS_RR[m: [32menabled[m
[STDERR  ] 2018-11-16T08:12:49.144033894Z: - [37mCONFIG_EXT4_FS[m: [32menabled[m
[STDERR  ] 2018-11-16T08:12:49.144045953Z: - [37mCONFIG_EXT4_FS_POSIX_ACL[m: [32menabled[m
[STDERR  ] 2018-11-16T08:12:49.144058305Z: - [37mCONFIG_EXT4_FS_SECURITY[m: [32menabled[m
[STDERR  ] 2018-11-16T08:12:49.144070655Z: - Network Drivers:
[STDERR  ] 2018-11-16T08:12:49.144083055Z:   - "[34moverlay[m":
[STDERR  ] 2018-11-16T08:12:49.144100767Z:     - [37mCONFIG_VXLAN[m: [32menabled[m
[STDERR  ] 2018-11-16T08:12:49.144112500Z:       Optional (for encrypted networks):
[STDERR  ] 2018-11-16T08:12:49.144124687Z:       - [37mCONFIG_CRYPTO[m: [32menabled[m
[STDERR  ] 2018-11-16T08:12:49.144137048Z:       - [37mCONFIG_CRYPTO_AEAD[m: [32menabled[m
[STDERR  ] 2018-11-16T08:12:49.144148992Z:       - [37mCONFIG_CRYPTO_GCM[m: [32menabled[m
[STDERR  ] 2018-11-16T08:12:49.144163618Z:       - [37mCONFIG_CRYPTO_SEQIV[m: [32menabled[m
[STDERR  ] 2018-11-16T08:12:49.144185837Z:       - [37mCONFIG_CRYPTO_GHASH[m: [32menabled[m
[STDERR  ] 2018-11-16T08:12:49.144198339Z:       - [37mCONFIG_XFRM[m: [32menabled[m
[STDERR  ] 2018-11-16T08:12:49.144210736Z:       - [37mCONFIG_XFRM_USER[m: [32menabled (as module)[m
[STDERR  ] 2018-11-16T08:12:49.144225865Z:       - [37mCONFIG_XFRM_ALGO[m: [32menabled (as module)[m
[STDERR  ] 2018-11-16T08:12:49.144238525Z:       - [37mCONFIG_INET_ESP[m: [32menabled (as module)[m
[STDERR  ] 2018-11-16T08:12:49.144249568Z:       - [37mCONFIG_INET_XFRM_MODE_TRANSPORT[m: [32menabled (as module)[m
[STDERR  ] 2018-11-16T08:12:49.144261778Z:   - "[34mipvlan[m":
[STDERR  ] 2018-11-16T08:12:49.144274146Z:     - [37mCONFIG_IPVLAN[m: [32menabled[m
[STDERR  ] 2018-11-16T08:12:49.144298554Z:   - "[34mmacvlan[m":
[STDERR  ] 2018-11-16T08:12:49.144317078Z:     - [37mCONFIG_MACVLAN[m: [32menabled[m
[STDERR  ] 2018-11-16T08:12:49.144329820Z:     - [37mCONFIG_DUMMY[m: [32menabled (as module)[m
[STDERR  ] 2018-11-16T08:12:49.144348913Z:   - "[34mftp,tftp client in container[m":
[STDERR  ] 2018-11-16T08:12:49.144376490Z:     - [37mCONFIG_NF_NAT_FTP[m: [32menabled[m
[STDERR  ] 2018-11-16T08:12:49.144391933Z:     - [37mCONFIG_NF_CONNTRACK_FTP[m: [32menabled[m
[STDERR  ] 2018-11-16T08:12:49.144403967Z:     - [37mCONFIG_NF_NAT_TFTP[m: [32menabled[m
[STDERR  ] 2018-11-16T08:12:49.144416334Z:     - [37mCONFIG_NF_CONNTRACK_TFTP[m: [32menabled[m
[STDERR  ] 2018-11-16T08:12:49.144428172Z: - Storage Drivers:
[STDERR  ] 2018-11-16T08:12:49.144440738Z:   - "[34maufs[m":
[STDERR  ] 2018-11-16T08:12:49.144452604Z:     - [1mCONFIG_AUFS_FS[m: [1;31mmissing[m
[STDERR  ] 2018-11-16T08:12:49.144464684Z:   - "[34mbtrfs[m":
[STDERR  ] 2018-11-16T08:12:49.144476728Z:     - [37mCONFIG_BTRFS_FS[m: [32menabled (as module)[m
[STDERR  ] 2018-11-16T08:12:49.144489107Z:     - [37mCONFIG_BTRFS_FS_POSIX_ACL[m: [32menabled[m
[STDERR  ] 2018-11-16T08:12:49.144500992Z:   - "[34mdevicemapper[m":
[STDERR  ] 2018-11-16T08:12:49.144513257Z:     - [37mCONFIG_BLK_DEV_DM[m: [32menabled[m
[STDERR  ] 2018-11-16T08:12:49.144525192Z:     - [37mCONFIG_DM_THIN_PROVISIONING[m: [32menabled[m
[STDERR  ] 2018-11-16T08:12:49.144548781Z:   - "[34moverlay[m":
[STDERR  ] 2018-11-16T08:12:49.144561317Z:     - [37mCONFIG_OVERLAY_FS[m: [32menabled[m
[STDERR  ] 2018-11-16T08:12:49.144573683Z:   - "[34mzfs[m":
[STDERR  ] 2018-11-16T08:12:49.144596397Z:     - [1m/dev/zfs[m: [1;31mmissing[m
[STDERR  ] 2018-11-16T08:12:49.144609705Z:     - [1mzfs command[m: [1;31mmissing[m
[STDERR  ] 2018-11-16T08:12:49.144621920Z:     - [1mzpool command[m: [1;31mmissing[m
[STDERR  ] 2018-11-16T08:12:49.144633581Z: 
[STDERR  ] 2018-11-16T08:12:49.144646010Z: Limits:
[STDERR  ] 2018-11-16T08:12:49.144657660Z: [37m- /proc/sys/kernel/keys/root_maxkeys[m: [32m1000000[m
[STDERR  ] 2018-11-16T08:12:49.144669368Z: 
[STDERR  ] 2018-11-16T08:12:49.144681315Z: Kernel config test suite PASSED
[STDERR  ] 2018-11-16T08:12:49.144693964Z: [    7.784298] ACPI: Preparing to enter system sleep state S5
[STDERR  ] 2018-11-16T08:12:49.144705239Z: [    7.790173] reboot: Power down
[STDERR  ] 2018-11-16T08:12:49.144716863Z: + grep -q suite PASSED
[STDERR  ] 2018-11-16T08:12:49.145578770Z: + echo [    0.000000] Linux version 4.9.136-linuxkit (root@04ef63b44abb) (gcc version 6.4.0 (Alpine 6.4.0) ) #1 SMP Mon Nov 12 23:31:12 UTC 2018
[STDERR  ] 2018-11-16T08:12:49.145631531Z: [    0.000000] Command line: console=ttyS0 console=ttyAMA0
[STDERR  ] 2018-11-16T08:12:49.145652381Z: [    0.000000] x86/fpu: Legacy x87 FPU detected.
[STDERR  ] 2018-11-16T08:12:49.145664023Z: [    0.000000] e820: BIOS-provided physical RAM map:
[STDERR  ] 2018-11-16T08:12:49.145682506Z: [    0.000000] BIOS-e820: [mem 0x0000000000000000-0x000000000009fbff] usable
[STDERR  ] 2018-11-16T08:12:49.145694429Z: [    0.000000] BIOS-e820: [mem 0x000000000009fc00-0x000000000009ffff] reserved
[STDERR  ] 2018-11-16T08:12:49.145706774Z: [    0.000000] BIOS-e820: [mem 0x00000000000f0000-0x00000000000fffff] reserved
[STDERR  ] 2018-11-16T08:12:49.145722890Z: [    0.000000] BIOS-e820: [mem 0x0000000000100000-0x000000003ffdefff] usable
[STDERR  ] 2018-11-16T08:12:49.145734439Z: [    0.000000] BIOS-e820: [mem 0x000000003ffdf000-0x000000003fffffff] reserved
[STDERR  ] 2018-11-16T08:12:49.145752562Z: [    0.000000] BIOS-e820: [mem 0x00000000b0000000-0x00000000bfffffff] reserved
[STDERR  ] 2018-11-16T08:12:49.145764214Z: [    0.000000] BIOS-e820: [mem 0x00000000fed1c000-0x00000000fed1ffff] reserved
[STDERR  ] 2018-11-16T08:12:49.145776446Z: [    0.000000] BIOS-e820: [mem 0x00000000feffc000-0x00000000feffffff] reserved
[STDERR  ] 2018-11-16T08:12:49.145793677Z: [    0.000000] BIOS-e820: [mem 0x00000000fffc0000-0x00000000ffffffff] reserved
[STDERR  ] 2018-11-16T08:12:49.145804815Z: [    0.000000] NX (Execute Disable) protection: active
[STDERR  ] 2018-11-16T08:12:49.145816616Z: [    0.000000] SMBIOS 2.8 present.
[STDERR  ] 2018-11-16T08:12:49.145828988Z: [    0.000000] Hypervisor detected: KVM
[STDERR  ] 2018-11-16T08:12:49.145840925Z: [    0.000000] e820: last_pfn = 0x3ffdf max_arch_pfn = 0x400000000
[STDERR  ] 2018-11-16T08:12:49.145853132Z: [    0.000000] x86/PAT: PAT not supported by CPU.
[STDERR  ] 2018-11-16T08:12:49.145864780Z: [    0.000000] x86/PAT: Configuration [0-7]: WB  WT  UC- UC  WB  WT  UC- UC  
[STDERR  ] 2018-11-16T08:12:49.145881280Z: [    0.000000] found SMP MP-table at [mem 0x000f6a90-0x000f6a9f] mapped at [ffff908c800f6a90]
[STDERR  ] 2018-11-16T08:12:49.145894204Z: [    0.000000] RAMDISK: [mem 0x3e5de000-0x3ffcffff]
[STDERR  ] 2018-11-16T08:12:49.145905513Z: [    0.000000] ACPI: Early table checksum verification disabled
[STDERR  ] 2018-11-16T08:12:49.145917888Z: [    0.000000] ACPI: RSDP 0x00000000000F68D0 000014 (v00 BOCHS )
[STDERR  ] 2018-11-16T08:12:49.145929590Z: [    0.000000] ACPI: RSDT 0x000000003FFE2404 000034 (v01 BOCHS  BXPCRSDT 00000001 BXPC 00000001)
[STDERR  ] 2018-11-16T08:12:49.145947408Z: [    0.000000] ACPI: FACP 0x000000003FFE22A4 000074 (v01 BOCHS  BXPCFACP 00000001 BXPC 00000001)
[STDERR  ] 2018-11-16T08:12:49.145959231Z: [    0.000000] ACPI: DSDT 0x000000003FFE0040 002264 (v01 BOCHS  BXPCDSDT 00000001 BXPC 00000001)
[STDERR  ] 2018-11-16T08:12:49.145970717Z: [    0.000000] ACPI: FACS 0x000000003FFE0000 000040
[STDERR  ] 2018-11-16T08:12:49.145981666Z: [    0.000000] ACPI: APIC 0x000000003FFE2318 000078 (v01 BOCHS  BXPCAPIC 00000001 BXPC 00000001)
[STDERR  ] 2018-11-16T08:12:49.145992848Z: [    0.000000] ACPI: HPET 0x000000003FFE2390 000038 (v01 BOCHS  BXPCHPET 00000001 BXPC 00000001)
[STDERR  ] 2018-11-16T08:12:49.146004398Z: [    0.000000] ACPI: MCFG 0x000000003FFE23C8 00003C (v01 BOCHS  BXPCMCFG 00000001 BXPC 00000001)
[STDERR  ] 2018-11-16T08:12:49.146016565Z: [    0.000000] kvm-clock: Using msrs 4b564d01 and 4b564d00
[STDERR  ] 2018-11-16T08:12:49.146027212Z: [    0.000000] kvm-clock: cpu 0, msr 0:3ffdd001, primary cpu clock
[STDERR  ] 2018-11-16T08:12:49.146038368Z: [    0.000000] clocksource: kvm-clock: mask: 0xffffffffffffffff max_cycles: 0x1cd42e4dffb, max_idle_ns: 881590591483 ns
[STDERR  ] 2018-11-16T08:12:49.146055097Z: [    0.000000] Zone ranges:
[STDERR  ] 2018-11-16T08:12:49.146067403Z: [    0.000000]   DMA      [mem 0x0000000000001000-0x0000000000ffffff]
[STDERR  ] 2018-11-16T08:12:49.146079544Z: [    0.000000]   DMA32    [mem 0x0000000001000000-0x000000003ffdefff]
[STDERR  ] 2018-11-16T08:12:49.146101948Z: [    0.000000]   Normal   empty
[STDERR  ] 2018-11-16T08:12:49.146114580Z: [    0.000000] Movable zone start for each node
[STDERR  ] 2018-11-16T08:12:49.146131355Z: [    0.000000] Early memory node ranges
[STDERR  ] 2018-11-16T08:12:49.146143491Z: [    0.000000]   node   0: [mem 0x0000000000001000-0x000000000009efff]
[STDERR  ] 2018-11-16T08:12:49.146155556Z: [    0.000000]   node   0: [mem 0x0000000000100000-0x000000003ffdefff]
[STDERR  ] 2018-11-16T08:12:49.146167465Z: [    0.000000] Initmem setup node 0 [mem 0x0000000000001000-0x000000003ffdefff]
[STDERR  ] 2018-11-16T08:12:49.146178970Z: [    0.000000] ACPI: PM-Timer IO Port: 0x608
[STDERR  ] 2018-11-16T08:12:49.146190621Z: [    0.000000] ACPI: LAPIC_NMI (acpi_id[0xff] dfl dfl lint[0x1])
[STDERR  ] 2018-11-16T08:12:49.146206372Z: [    0.000000] IOAPIC[0]: apic_id 0, version 17, address 0xfec00000, GSI 0-23
[STDERR  ] 2018-11-16T08:12:49.146219048Z: [    0.000000] ACPI: INT_SRC_OVR (bus 0 bus_irq 0 global_irq 2 dfl dfl)
[STDERR  ] 2018-11-16T08:12:49.146241794Z: [    0.000000] ACPI: INT_SRC_OVR (bus 0 bus_irq 5 global_irq 5 high level)
[STDERR  ] 2018-11-16T08:12:49.146260305Z: [    0.000000] ACPI: INT_SRC_OVR (bus 0 bus_irq 9 global_irq 9 high level)
[STDERR  ] 2018-11-16T08:12:49.146272575Z: [    0.000000] ACPI: INT_SRC_OVR (bus 0 bus_irq 10 global_irq 10 high level)
[STDERR  ] 2018-11-16T08:12:49.146294486Z: [    0.000000] ACPI: INT_SRC_OVR (bus 0 bus_irq 11 global_irq 11 high level)
[STDERR  ] 2018-11-16T08:12:49.146306679Z: [    0.000000] Using ACPI (MADT) for SMP configuration information
[STDERR  ] 2018-11-16T08:12:49.146319288Z: [    0.000000] ACPI: HPET id: 0x8086a201 base: 0xfed00000
[STDERR  ] 2018-11-16T08:12:49.146331409Z: [    0.000000] smpboot: Allowing 1 CPUs, 0 hotplug CPUs
[STDERR  ] 2018-11-16T08:12:49.146350542Z: [    0.000000] e820: [mem 0x40000000-0xafffffff] available for PCI devices
[STDERR  ] 2018-11-16T08:12:49.146363626Z: [    0.000000] Booting paravirtualized kernel on KVM
[STDERR  ] 2018-11-16T08:12:49.146375634Z: [    0.000000] clocksource: refined-jiffies: mask: 0xffffffff max_cycles: 0xffffffff, max_idle_ns: 19112604462750000 ns
[STDERR  ] 2018-11-16T08:12:49.146391995Z: [    0.000000] setup_percpu: NR_CPUS:128 nr_cpumask_bits:128 nr_cpu_ids:1 nr_node_ids:1
[STDERR  ] 2018-11-16T08:12:49.146403706Z: [    0.000000] percpu: Embedded 36 pages/cpu @ffff908cbe200000 s107096 r8192 d32168 u2097152
[STDERR  ] 2018-11-16T08:12:49.146415937Z: [    0.000000] KVM setup async PF for cpu 0
[STDERR  ] 2018-11-16T08:12:49.146428106Z: [    0.000000] kvm-stealtime: cpu 0, msr 3e20fe40
[STDERR  ] 2018-11-16T08:12:49.146440082Z: [    0.000000] Built 1 zonelists in Zone order, mobility grouping on.  Total pages: 257896
[STDERR  ] 2018-11-16T08:12:49.146452594Z: [    0.000000] Kernel command line: console=ttyS0 console=ttyAMA0
[STDERR  ] 2018-11-16T08:12:49.146463904Z: [    0.000000] PID hash table entries: 4096 (order: 3, 32768 bytes)
[STDERR  ] 2018-11-16T08:12:49.146476716Z: [    0.000000] Dentry cache hash table entries: 131072 (order: 8, 1048576 bytes)
[STDERR  ] 2018-11-16T08:12:49.146489097Z: [    0.000000] Inode-cache hash table entries: 65536 (order: 7, 524288 bytes)
[STDERR  ] 2018-11-16T08:12:49.146501852Z: [    0.000000] Memory: 987592K/1048052K available (8118K kernel code, 1393K rwdata, 2712K rodata, 1404K init, 516K bss, 60460K reserved, 0K cma-reserved)
[STDERR  ] 2018-11-16T08:12:49.146514990Z: [    0.000000] Kernel/User page tables isolation: enabled
[STDERR  ] 2018-11-16T08:12:49.146526590Z: [    0.000000] Hierarchical RCU implementation.
[STDERR  ] 2018-11-16T08:12:49.146538388Z: [    0.000000] 	Build-time adjustment of leaf fanout to 64.
[STDERR  ] 2018-11-16T08:12:49.146550313Z: [    0.000000] 	RCU restricting CPUs from NR_CPUS=128 to nr_cpu_ids=1.
[STDERR  ] 2018-11-16T08:12:49.146569167Z: [    0.000000] RCU: Adjusting geometry for rcu_fanout_leaf=64, nr_cpu_ids=1
[STDERR  ] 2018-11-16T08:12:49.146581009Z: [    0.000000] NR_IRQS:8448 nr_irqs:256 16
[STDERR  ] 2018-11-16T08:12:49.146599840Z: [    0.000000] Console: colour VGA+ 80x25
[STDERR  ] 2018-11-16T08:12:49.146611853Z: [    0.000000] console [ttyS0] enabled
[STDERR  ] 2018-11-16T08:12:49.146623182Z: [    0.000000] clocksource: hpet: mask: 0xffffffff max_cycles: 0xffffffff, max_idle_ns: 19112604467 ns
[STDERR  ] 2018-11-16T08:12:49.146640467Z: [    0.000000] tsc: Detected 2299.936 MHz processor
[STDERR  ] 2018-11-16T08:12:49.146651826Z: [    0.020000] Calibrating delay loop (skipped) preset value.. 4599.87 BogoMIPS (lpj=22999360)
[STDERR  ] 2018-11-16T08:12:49.146669790Z: [    0.020025] pid_max: default: 32768 minimum: 301
[STDERR  ] 2018-11-16T08:12:49.146681556Z: [    0.024072] ACPI: Core revision 20160831
[STDERR  ] 2018-11-16T08:12:49.146693549Z: [    0.028253] ACPI: 1 ACPI AML tables successfully acquired and loaded
[STDERR  ] 2018-11-16T08:12:49.146708511Z: [    0.034041] Security Framework initialized
[STDERR  ] 2018-11-16T08:12:49.146721014Z: [    0.037646] Yama: becoming mindful.
[STDERR  ] 2018-11-16T08:12:49.146740960Z: [    0.040068] Mount-cache hash table entries: 2048 (order: 2, 16384 bytes)
[STDERR  ] 2018-11-16T08:12:49.146753066Z: [    0.045770] Mountpoint-cache hash table entries: 2048 (order: 2, 16384 bytes)
[STDERR  ] 2018-11-16T08:12:49.146771679Z: [    0.051138] Last level iTLB entries: 4KB 0, 2MB 0, 4MB 0
[STDERR  ] 2018-11-16T08:12:49.146783680Z: [    0.060026] Last level dTLB entries: 4KB 0, 2MB 0, 4MB 0, 1GB 0
[STDERR  ] 2018-11-16T08:12:49.146796354Z: [    0.065155] Spectre V2 : Mitigation: Full generic retpoline
[STDERR  ] 2018-11-16T08:12:49.146808775Z: [    0.070023] Spectre V2 : Spectre v2 / SpectreRSB mitigation: Filling RSB on context switch
[STDERR  ] 2018-11-16T08:12:49.146821443Z: [    0.077133] Speculative Store Bypass: Vulnerable
[STDERR  ] 2018-11-16T08:12:49.146834413Z: [    0.210769] Freeing SMP alternatives memory: 20K
[STDERR  ] 2018-11-16T08:12:49.146846222Z: [    0.247678] ftrace: allocating 35643 entries in 140 pages
[STDERR  ] 2018-11-16T08:12:49.146858385Z: [    0.280146] smpboot: Max logical packages: 1
[STDERR  ] 2018-11-16T08:12:49.146898908Z: [    0.286573] x2apic enabled
[STDERR  ] 2018-11-16T08:12:49.146911997Z: [    0.290028] Switched APIC routing to physical x2apic.
[STDERR  ] 2018-11-16T08:12:49.146924097Z: [    0.309403] ..TIMER: vector=0x30 apic1=0 pin1=2 apic2=-1 pin2=-1
[STDERR  ] 2018-11-16T08:12:49.146936787Z: [    0.310000] smpboot: CPU0: Intel QEMU Virtual CPU version 2.5+ (family: 0x6, model: 0x6, stepping: 0x3)
[STDERR  ] 2018-11-16T08:12:49.146949523Z: [    0.310000] Performance Events: PMU not available due to virtualization, using software events only.
[STDERR  ] 2018-11-16T08:12:49.146969137Z: [    0.326077] x86: Booted up 1 node, 1 CPUs
[STDERR  ] 2018-11-16T08:12:49.146981662Z: [    0.330008] smpboot: Total of 1 processors activated (4599.87 BogoMIPS)
[STDERR  ] 2018-11-16T08:12:49.146994379Z: [    0.340209] devtmpfs: initialized
[STDERR  ] 2018-11-16T08:12:49.147007136Z: [    0.343588] x86/mm: Memory block size: 128MB
[STDERR  ] 2018-11-16T08:12:49.147019649Z: [    0.351341] clocksource: jiffies: mask: 0xffffffff max_cycles: 0xffffffff, max_idle_ns: 19112604462750000 ns
[STDERR  ] 2018-11-16T08:12:49.147032603Z: [    0.360022] futex hash table entries: 256 (order: 2, 16384 bytes)
[STDERR  ] 2018-11-16T08:12:49.147051609Z: [    0.366026] NET: Registered protocol family 16
[STDERR  ] 2018-11-16T08:12:49.147064250Z: [    0.370222] cpuidle: using governor ladder
[STDERR  ] 2018-11-16T08:12:49.147083347Z: [    0.374159] cpuidle: using governor menu
[STDERR  ] 2018-11-16T08:12:49.147103159Z: [    0.378376] ACPI: bus type PCI registered
[STDERR  ] 2018-11-16T08:12:49.147115612Z: [    0.380501] PCI: MMCONFIG for domain 0000 [bus 00-ff] at [mem 0xb0000000-0xbfffffff] (base 0xb0000000)
[STDERR  ] 2018-11-16T08:12:49.147128006Z: [    0.390010] PCI: MMCONFIG at [mem 0xb0000000-0xbfffffff] reserved in E820
[STDERR  ] 2018-11-16T08:12:49.147140709Z: [    0.396288] PCI: Using configuration type 1 for base access
[STDERR  ] 2018-11-16T08:12:49.147154106Z: [    0.401864] HugeTLB registered 2 MB page size, pre-allocated 0 pages
[STDERR  ] 2018-11-16T08:12:49.147167021Z: [    0.410269] ACPI: Added _OSI(Module Device)
[STDERR  ] 2018-11-16T08:12:49.147179539Z: [    0.414288] ACPI: Added _OSI(Processor Device)
[STDERR  ] 2018-11-16T08:12:49.147196337Z: [    0.420006] ACPI: Added _OSI(3.0 _SCP Extensions)
[STDERR  ] 2018-11-16T08:12:49.147208944Z: [    0.424514] ACPI: Added _OSI(Processor Aggregator Device)
[STDERR  ] 2018-11-16T08:12:49.147221201Z: [    0.434037] ACPI: Interpreter enabled
[STDERR  ] 2018-11-16T08:12:49.147233847Z: [    0.437618] ACPI: (supports S0 S5)
[STDERR  ] 2018-11-16T08:12:49.147246251Z: [    0.440008] ACPI: Using IOAPIC for interrupt routing
[STDERR  ] 2018-11-16T08:12:49.147262648Z: [    0.444990] PCI: Using host bridge windows from ACPI; if necessary, use "pci=nocrs" and report a bug
[STDERR  ] 2018-11-16T08:12:49.147302423Z: [    0.453337] ACPI: PCI Root Bridge [PCI0] (domain 0000 [bus 00-ff])
[STDERR  ] 2018-11-16T08:12:49.147315487Z: [    0.460020] acpi PNP0A08:00: _OSC: OS supports [ExtendedConfig ASPM ClockPM Segments MSI]
[STDERR  ] 2018-11-16T08:12:49.147327980Z: [    0.470152] acpi PNP0A08:00: _OSC: OS now controls [PCIeHotplug PME PCIeCapability]
[STDERR  ] 2018-11-16T08:12:49.147340537Z: [    0.476978] PCI host bridge to bus 0000:00
[STDERR  ] 2018-11-16T08:12:49.147352975Z: [    0.480010] pci_bus 0000:00: root bus resource [io  0x0000-0x0cf7 window]
[STDERR  ] 2018-11-16T08:12:49.147365350Z: [    0.485793] pci_bus 0000:00: root bus resource [io  0x0d00-0xffff window]
[STDERR  ] 2018-11-16T08:12:49.147378128Z: [    0.490009] pci_bus 0000:00: root bus resource [mem 0x000a0000-0x000bffff window]
[STDERR  ] 2018-11-16T08:12:49.147390715Z: [    0.500006] pci_bus 0000:00: root bus resource [mem 0xc0000000-0xfebfffff window]
[STDERR  ] 2018-11-16T08:12:49.147403063Z: [    0.506494] pci_bus 0000:00: root bus resource [bus 00-ff]
[STDERR  ] 2018-11-16T08:12:49.147415669Z: [    0.585561] pci 0000:00:1f.0: quirk: [io  0x0600-0x067f] claimed by ICH6 ACPI/GPIO/TCO
[STDERR  ] 2018-11-16T08:12:49.147434012Z: [    0.618351] ACPI: PCI Interrupt Link [LNKA] (IRQs 5 *10 11)
[STDERR  ] 2018-11-16T08:12:49.147446924Z: [    0.621842] ACPI: PCI Interrupt Link [LNKB] (IRQs 5 *10 11)
[STDERR  ] 2018-11-16T08:12:49.147459256Z: [    0.630752] ACPI: PCI Interrupt Link [LNKC] (IRQs 5 10 *11)
[STDERR  ] 2018-11-16T08:12:49.147471516Z: [    0.637082] ACPI: PCI Interrupt Link [LNKD] (IRQs 5 10 *11)
[STDERR  ] 2018-11-16T08:12:49.147484119Z: [    0.641825] ACPI: PCI Interrupt Link [LNKE] (IRQs 5 *10 11)
[STDERR  ] 2018-11-16T08:12:49.147496199Z: [    0.648005] ACPI: PCI Interrupt Link [LNKF] (IRQs 5 *10 11)
[STDERR  ] 2018-11-16T08:12:49.147508917Z: [    0.651835] ACPI: PCI Interrupt Link [LNKG] (IRQs 5 10 *11)
[STDERR  ] 2018-11-16T08:12:49.147521241Z: [    0.661857] ACPI: PCI Interrupt Link [LNKH] (IRQs 5 10 *11)
[STDERR  ] 2018-11-16T08:12:49.147539312Z: [    0.667890] ACPI: PCI Interrupt Link [GSIA] (IRQs *16)
[STDERR  ] 2018-11-16T08:12:49.147551871Z: [    0.670939] ACPI: PCI Interrupt Link [GSIB] (IRQs *17)
[STDERR  ] 2018-11-16T08:12:49.147563995Z: [    0.676194] ACPI: PCI Interrupt Link [GSIC] (IRQs *18)
[STDERR  ] 2018-11-16T08:12:49.147576423Z: [    0.680914] ACPI: PCI Interrupt Link [GSID] (IRQs *19)
[STDERR  ] 2018-11-16T08:12:49.147588612Z: [    0.686091] ACPI: PCI Interrupt Link [GSIE] (IRQs *20)
[STDERR  ] 2018-11-16T08:12:49.147601621Z: [    0.690939] ACPI: PCI Interrupt Link [GSIF] (IRQs *21)
[STDERR  ] 2018-11-16T08:12:49.147614273Z: [    0.696305] ACPI: PCI Interrupt Link [GSIG] (IRQs *22)
[STDERR  ] 2018-11-16T08:12:49.147626858Z: [    0.700941] ACPI: PCI Interrupt Link [GSIH] (IRQs *23)
[STDERR  ] 2018-11-16T08:12:49.147638794Z: [    0.710618] ACPI: Enabled 2 GPEs in block 00 to 3F
[STDERR  ] 2018-11-16T08:12:49.147651158Z: [    0.715869] SCSI subsystem initialized
[STDERR  ] 2018-11-16T08:12:49.147664618Z: [    0.719565] ACPI: bus type USB registered
[STDERR  ] 2018-11-16T08:12:49.147677533Z: [    0.720040] usbcore: registered new interface driver usbfs
[STDERR  ] 2018-11-16T08:12:49.147690046Z: [    0.725160] usbcore: registered new interface driver hub
[STDERR  ] 2018-11-16T08:12:49.147701939Z: [    0.730033] usbcore: registered new device driver usb
[STDERR  ] 2018-11-16T08:12:49.147723204Z: [    0.734410] pps_core: LinuxPPS API ver. 1 registered
[STDERR  ] 2018-11-16T08:12:49.147735492Z: [    0.740005] pps_core: Software ver. 5.3.6 - Copyright 2005-2007 Rodolfo Giometti <giometti@linux.it>
[STDERR  ] 2018-11-16T08:12:49.147747946Z: [    0.747829] PTP clock support registered
[STDERR  ] 2018-11-16T08:12:49.147760443Z: [    0.750075] PCI: Using ACPI for IRQ routing
[STDERR  ] 2018-11-16T08:12:49.147784151Z: [    1.223868] NetLabel: Initializing
[STDERR  ] 2018-11-16T08:12:49.147803835Z: [    1.227192] NetLabel:  domain hash size = 128
[STDERR  ] 2018-11-16T08:12:49.147819730Z: [    1.230004] NetLabel:  protocols = UNLABELED CIPSOv4
[STDERR  ] 2018-11-16T08:12:49.147832193Z: [    1.234765] NetLabel:  unlabeled traffic allowed by default
[STDERR  ] 2018-11-16T08:12:49.147844444Z: [    1.240054] wmi: Mapper loaded
[STDERR  ] 2018-11-16T08:12:49.147857062Z: [    1.243171] HPET: 3 timers in total, 0 timers will be used for per-cpu timer
[STDERR  ] 2018-11-16T08:12:49.147869787Z: [    1.250105] hpet0: at MMIO 0xfed00000, IRQs 2, 8, 0
[STDERR  ] 2018-11-16T08:12:49.147882441Z: [    1.255226] hpet0: 3 comparators, 64-bit 100.000000 MHz counter
[STDERR  ] 2018-11-16T08:12:49.147894976Z: [    1.262457] clocksource: Switched to clocksource kvm-clock
[STDERR  ] 2018-11-16T08:12:49.147907040Z: [    1.279952] VFS: Disk quotas dquot_6.6.0
[STDERR  ] 2018-11-16T08:12:49.147919627Z: [    1.283920] VFS: Dquot-cache hash table entries: 512 (order 0, 4096 bytes)
[STDERR  ] 2018-11-16T08:12:49.147932096Z: [    1.290572] FS-Cache: Loaded
[STDERR  ] 2018-11-16T08:12:49.147944617Z: [    1.293475] CacheFiles: Loaded
[STDERR  ] 2018-11-16T08:12:49.147957091Z: [    1.296446] pnp: PnP ACPI init
[STDERR  ] 2018-11-16T08:12:49.147969267Z: [    1.300529] pnp: PnP ACPI: found 5 devices
[STDERR  ] 2018-11-16T08:12:49.147981546Z: [    1.310724] clocksource: acpi_pm: mask: 0xffffff max_cycles: 0xffffff, max_idle_ns: 2085701024 ns
[STDERR  ] 2018-11-16T08:12:49.147994421Z: [    1.319216] NET: Registered protocol family 2
[STDERR  ] 2018-11-16T08:12:49.148006654Z: [    1.323654] TCP established hash table entries: 8192 (order: 4, 65536 bytes)
[STDERR  ] 2018-11-16T08:12:49.148024765Z: [    1.330387] TCP bind hash table entries: 8192 (order: 5, 131072 bytes)
[STDERR  ] 2018-11-16T08:12:49.148037154Z: [    1.336683] TCP: Hash tables configured (established 8192 bind 8192)
[STDERR  ] 2018-11-16T08:12:49.148049495Z: [    1.342814] UDP hash table entries: 512 (order: 2, 16384 bytes)
[STDERR  ] 2018-11-16T08:12:49.148062184Z: [    1.348415] UDP-Lite hash table entries: 512 (order: 2, 16384 bytes)
[STDERR  ] 2018-11-16T08:12:49.148074438Z: [    1.354636] NET: Registered protocol family 1
[STDERR  ] 2018-11-16T08:12:49.148092830Z: [    1.359050] pci 0000:00:01.0: Video device with shadowed ROM at [mem 0x000c0000-0x000dffff]
[STDERR  ] 2018-11-16T08:12:49.148105482Z: [    1.367447] Unpacking initramfs...
[STDERR  ] 2018-11-16T08:12:49.148117996Z: [    1.849895] Freeing initrd memory: 26568K
[STDERR  ] 2018-11-16T08:12:49.148130440Z: [    1.854796] PCLMULQDQ-NI instructions are not detected.
[STDERR  ] 2018-11-16T08:12:49.148146052Z: [    1.859921] AVX or AES-NI instructions are not detected.
[STDERR  ] 2018-11-16T08:12:49.148158764Z: [    1.865143] CPU feature 'AVX registers' is not supported.
[STDERR  ] 2018-11-16T08:12:49.148171168Z: [    1.870395] CPU feature 'AVX registers' is not supported.
[STDERR  ] 2018-11-16T08:12:49.148183704Z: [    1.875594] CPU feature 'AVX registers' is not supported.
[STDERR  ] 2018-11-16T08:12:49.148201666Z: [    1.880901] CPU feature 'AVX registers' is not supported.
[STDERR  ] 2018-11-16T08:12:49.148214119Z: [    1.886111] AVX2 or AES-NI instructions are not detected.
[STDERR  ] 2018-11-16T08:12:49.148227743Z: [    1.891125] AVX2 instructions are not detected.
[STDERR  ] 2018-11-16T08:12:49.148240411Z: [    1.895070] audit: initializing netlink subsys (disabled)
[STDERR  ] 2018-11-16T08:12:49.148252905Z: [    1.900411] audit: type=2000 audit(1542355961.906:1): initialized
[STDERR  ] 2018-11-16T08:12:49.148268686Z: [    1.906641] workingset: timestamp_bits=46 max_order=18 bucket_order=0
[STDERR  ] 2018-11-16T08:12:49.148298184Z: [    1.913273] squashfs: version 4.0 (2009/01/31) Phillip Lougher
[STDERR  ] 2018-11-16T08:12:49.148310824Z: [    1.918977] FS-Cache: Netfs 'cifs' registered for caching
[STDERR  ] 2018-11-16T08:12:49.148323191Z: [    1.924292] fuse init (API version 7.26)
[STDERR  ] 2018-11-16T08:12:49.148335878Z: [    1.928207] SGI XFS with ACLs, security attributes, no debug enabled
[STDERR  ] 2018-11-16T08:12:49.148348193Z: [    1.934475] 9p: Installing v9fs 9p2000 file system support
[STDERR  ] 2018-11-16T08:12:49.148387373Z: [    1.939753] FS-Cache: Netfs '9p' registered for caching
[STDERR  ] 2018-11-16T08:12:49.148403133Z: [    1.945879] NET: Registered protocol family 38
[STDERR  ] 2018-11-16T08:12:49.148415373Z: [    1.950258] Key type asymmetric registered
[STDERR  ] 2018-11-16T08:12:49.148427754Z: [    1.954202] Asymmetric key parser 'x509' registered
[STDERR  ] 2018-11-16T08:12:49.148440430Z: [    1.958904] Block layer SCSI generic (bsg) driver version 0.4 loaded (major 251)
[STDERR  ] 2018-11-16T08:12:49.148452925Z: [    1.966166] io scheduler noop registered
[STDERR  ] 2018-11-16T08:12:49.148465290Z: [    1.969945] io scheduler deadline registered (default)
[STDERR  ] 2018-11-16T08:12:49.148477893Z: [    1.975126] io scheduler cfq registered
[STDERR  ] 2018-11-16T08:12:49.148490042Z: [    1.978953] pci_hotplug: PCI Hot Plug PCI Core version: 0.5
[STDERR  ] 2018-11-16T08:12:49.148502393Z: [    1.984396] pciehp: PCI Express Hot Plug Controller Driver version: 0.4
[STDERR  ] 2018-11-16T08:12:49.148514848Z: [    1.990704] shpchp: Standard Hot Plug PCI Controller Driver version: 0.4
[STDERR  ] 2018-11-16T08:12:49.148527052Z: [    1.997170] hv_vmbus: registering driver hyperv_fb
[STDERR  ] 2018-11-16T08:12:49.148546305Z: [    2.001954] input: Power Button as /devices/LNXSYSTM:00/LNXPWRBN:00/input/input0
[STDERR  ] 2018-11-16T08:12:49.148558737Z: [    2.009019] ACPI: Power Button [PWRF]
[STDERR  ] 2018-11-16T08:12:49.148578017Z: [    2.012985] GHES: HEST is not enabled!
[STDERR  ] 2018-11-16T08:12:49.148590281Z: [    2.017041] ACPI: PCI Interrupt Link [GSIG] enabled at IRQ 22
[STDERR  ] 2018-11-16T08:12:49.148602783Z: [    2.028354] ACPI: PCI Interrupt Link [GSIH] enabled at IRQ 23
[STDERR  ] 2018-11-16T08:12:49.148615137Z: [    2.040317] xenfs: not registering filesystem on non-xen platform
[STDERR  ] 2018-11-16T08:12:49.148627453Z: [    2.046251] Serial: 8250/16550 driver, 4 ports, IRQ sharing disabled
[STDERR  ] 2018-11-16T08:12:49.148646793Z: [    2.087306] 00:04: ttyS0 at I/O 0x3f8 (irq = 4, base_baud = 115200) is a 16550A
[STDERR  ] 2018-11-16T08:12:49.148659250Z: [    2.095282] Non-volatile memory driver v1.3
[STDERR  ] 2018-11-16T08:12:49.148671859Z: [    2.101171] Hangcheck: starting hangcheck timer 0.9.1 (tick is 180 seconds, margin is 60 seconds).
[STDERR  ] 2018-11-16T08:12:49.148684701Z: [    2.110245] random: fast init done
[STDERR  ] 2018-11-16T08:12:49.148696731Z: [    2.113870] random: crng init done
[STDERR  ] 2018-11-16T08:12:49.148709126Z: [    2.119718] loop: module loaded
[STDERR  ] 2018-11-16T08:12:49.148721735Z: [    2.123535] nbd: registered device at major 43
[STDERR  ] 2018-11-16T08:12:49.148733850Z: [    2.129482] lpc_ich 0000:00:1f.0: I/O space for GPIO uninitialized
[STDERR  ] 2018-11-16T08:12:49.148746693Z: [    2.135539] VMware PVSCSI driver - version 1.0.7.0-k
[STDERR  ] 2018-11-16T08:12:49.148759177Z: [    2.140408] hv_vmbus: registering driver hv_storvsc
[STDERR  ] 2018-11-16T08:12:49.148771395Z: [    2.145593] ACPI: PCI Interrupt Link [GSIA] enabled at IRQ 16
[STDERR  ] 2018-11-16T08:12:49.148784889Z: [    2.154748] ahci 0000:00:1f.2: AHCI 0001.0000 32 slots 6 ports 1.5 Gbps 0x3f impl SATA mode
[STDERR  ] 2018-11-16T08:12:49.148797755Z: [    2.162864] ahci 0000:00:1f.2: flags: 64bit ncq only 
[STDERR  ] 2018-11-16T08:12:49.148817365Z: [    2.171946] scsi host0: ahci
[STDERR  ] 2018-11-16T08:12:49.148830142Z: [    2.174871] scsi host1: ahci
[STDERR  ] 2018-11-16T08:12:49.148846718Z: [    2.177816] scsi host2: ahci
[STDERR  ] 2018-11-16T08:12:49.148859091Z: [    2.180753] scsi host3: ahci
[STDERR  ] 2018-11-16T08:12:49.148871358Z: [    2.183772] scsi host4: ahci
[STDERR  ] 2018-11-16T08:12:49.148884326Z: [    2.186663] scsi host5: ahci
[STDERR  ] 2018-11-16T08:12:49.148896693Z: [    2.189554] ata1: SATA max UDMA/133 abar m4096@0xfebd2000 port 0xfebd2100 irq 24
[STDERR  ] 2018-11-16T08:12:49.148909155Z: [    2.196716] ata2: SATA max UDMA/133 abar m4096@0xfebd2000 port 0xfebd2180 irq 24
[STDERR  ] 2018-11-16T08:12:49.148924732Z: [    2.204002] ata3: SATA max UDMA/133 abar m4096@0xfebd2000 port 0xfebd2200 irq 24
[STDERR  ] 2018-11-16T08:12:49.148947876Z: [    2.211090] ata4: SATA max UDMA/133 abar m4096@0xfebd2000 port 0xfebd2280 irq 24
[STDERR  ] 2018-11-16T08:12:49.148960370Z: [    2.218220] ata5: SATA max UDMA/133 abar m4096@0xfebd2000 port 0xfebd2300 irq 24
[STDERR  ] 2018-11-16T08:12:49.148985976Z: [    2.225512] ata6: SATA max UDMA/133 abar m4096@0xfebd2000 port 0xfebd2380 irq 24
[STDERR  ] 2018-11-16T08:12:49.148998696Z: [    2.235034] tun: Universal TUN/TAP device driver, 1.6
[STDERR  ] 2018-11-16T08:12:49.149011540Z: [    2.239966] tun: (C) 1999-2004 Max Krasnyansky <maxk@qualcomm.com>
[STDERR  ] 2018-11-16T08:12:49.149024042Z: [    2.250596] VMware vmxnet3 virtual NIC driver - version 1.4.a.0-k-NAPI
[STDERR  ] 2018-11-16T08:12:49.149036506Z: [    2.256927] hv_vmbus: registering driver hv_netvsc
[STDERR  ] 2018-11-16T08:12:49.149048861Z: [    2.261629] Fusion MPT base driver 3.04.20
[STDERR  ] 2018-11-16T08:12:49.149061627Z: [    2.265587] Copyright (c) 1999-2008 LSI Corporation
[STDERR  ] 2018-11-16T08:12:49.149073862Z: [    2.270408] Fusion MPT SPI Host driver 3.04.20
[STDERR  ] 2018-11-16T08:12:49.149096027Z: [    2.274752] i8042: PNP: PS/2 Controller [PNP0303:KBD,PNP0f13:MOU] at 0x60,0x64 irq 1,12
[STDERR  ] 2018-11-16T08:12:49.149108795Z: [    2.286408] serio: i8042 KBD port at 0x60,0x64 irq 1
[STDERR  ] 2018-11-16T08:12:49.149121165Z: [    2.291289] serio: i8042 AUX port at 0x60,0x64 irq 12
[STDERR  ] 2018-11-16T08:12:49.149139721Z: [    2.296218] hv_vmbus: registering driver hyperv_keyboard
[STDERR  ] 2018-11-16T08:12:49.149152225Z: [    2.301540] mousedev: PS/2 mouse device common for all mice
[STDERR  ] 2018-11-16T08:12:49.149164855Z: [    2.308159] input: AT Translated Set 2 keyboard as /devices/platform/i8042/serio0/input/input1
[STDERR  ] 2018-11-16T08:12:49.149182913Z: [    2.316481] input: PC Speaker as /devices/platform/pcspkr/input/input2
[STDERR  ] 2018-11-16T08:12:49.149202561Z: [    2.323163] rtc_cmos 00:00: RTC can wake from S4
[STDERR  ] 2018-11-16T08:12:49.149215106Z: [    2.329899] rtc_cmos 00:00: rtc core: registered rtc_cmos as rtc0
[STDERR  ] 2018-11-16T08:12:49.149235276Z: [    2.336706] rtc_cmos 00:00: alarms up to one day, y3k, 114 bytes nvram, hpet irqs
[STDERR  ] 2018-11-16T08:12:49.149247864Z: [    2.343941] i2c /dev entries driver
[STDERR  ] 2018-11-16T08:12:49.149260763Z: [    2.347382] device-mapper: ioctl: 4.35.0-ioctl (2016-06-23) initialised: dm-devel@redhat.com
[STDERR  ] 2018-11-16T08:12:49.149273094Z: [    2.356171] usbcore: registered new interface driver usbhid
[STDERR  ] 2018-11-16T08:12:49.149296097Z: [    2.361666] usbhid: USB HID core driver
[STDERR  ] 2018-11-16T08:12:49.149308615Z: [    2.365458] hv_utils: Registering HyperV Utility Driver
[STDERR  ] 2018-11-16T08:12:49.149321246Z: [    2.369944] hv_vmbus: registering driver hv_util
[STDERR  ] 2018-11-16T08:12:49.149333927Z: [    2.374420] hv_vmbus: registering driver hv_balloon
[STDERR  ] 2018-11-16T08:12:49.149353162Z: [    2.379073] oprofile: using NMI interrupt.
[STDERR  ] 2018-11-16T08:12:49.149371919Z: [    2.383112] GACT probability on
[STDERR  ] 2018-11-16T08:12:49.149384791Z: [    2.386149] Mirror/redirect action on
[STDERR  ] 2018-11-16T08:12:49.149397344Z: [    2.389712] Simple TC action Loaded
[STDERR  ] 2018-11-16T08:12:49.149419835Z: [    2.393096] u32 classifier
[STDERR  ] 2018-11-16T08:12:49.149432615Z: [    2.395747]     Performance counters on
[STDERR  ] 2018-11-16T08:12:49.149449593Z: [    2.399437]     input device check on
[STDERR  ] 2018-11-16T08:12:49.149462261Z: [    2.403082]     Actions configured
[STDERR  ] 2018-11-16T08:12:49.149474780Z: [    2.406391] Netfilter messages via NETLINK v0.30.
[STDERR  ] 2018-11-16T08:12:49.149487014Z: [    2.411015] nfnl_acct: registering with nfnetlink.
[STDERR  ] 2018-11-16T08:12:49.149506389Z: [    2.415669] nf_conntrack version 0.5.0 (8192 buckets, 32768 max)
[STDERR  ] 2018-11-16T08:12:49.149519227Z: [    2.421548] ctnetlink v0.93: registering with nfnetlink.
[STDERR  ] 2018-11-16T08:12:49.149534954Z: [    2.426681] nf_tables: (c) 2007-2009 Patrick McHardy <kaber@trash.net>
[STDERR  ] 2018-11-16T08:12:49.149547066Z: [    2.433012] nf_tables_compat: (c) 2012 Pablo Neira Ayuso <pablo@netfilter.org>
[STDERR  ] 2018-11-16T08:12:49.149559688Z: [    2.439995] xt_time: kernel timezone is -0000
[STDERR  ] 2018-11-16T08:12:49.149572370Z: [    2.444263] ip_set: protocol 6
[STDERR  ] 2018-11-16T08:12:49.149584792Z: [    2.447247] IPVS: Registered protocols (TCP, UDP, SCTP, AH, ESP)
[STDERR  ] 2018-11-16T08:12:49.149597212Z: [    2.453435] IPVS: Connection hash table configured (size=4096, memory=64Kbytes)
[STDERR  ] 2018-11-16T08:12:49.149609899Z: [    2.460778] IPVS: Creating netns size=2104 id=0
[STDERR  ] 2018-11-16T08:12:49.149622179Z: [    2.466549] IPVS: ipvs loaded.
[STDERR  ] 2018-11-16T08:12:49.149634575Z: [    2.469540] IPVS: [rr] scheduler registered.
[STDERR  ] 2018-11-16T08:12:49.149647093Z: [    2.477455] IPVS: [wrr] scheduler registered.
[STDERR  ] 2018-11-16T08:12:49.149659274Z: [    2.481675] IPVS: [lc] scheduler registered.
[STDERR  ] 2018-11-16T08:12:49.149671873Z: [    2.486030] IPVS: [wlc] scheduler registered.
[STDERR  ] 2018-11-16T08:12:49.149684219Z: [    2.490319] IPVS: [fo] scheduler registered.
[STDERR  ] 2018-11-16T08:12:49.149696594Z: [    2.494705] IPVS: [ovf] scheduler registered.
[STDERR  ] 2018-11-16T08:12:49.149715865Z: [    2.499037] IPVS: [lblc] scheduler registered.
[STDERR  ] 2018-11-16T08:12:49.149728341Z: [    2.503600] IPVS: [lblcr] scheduler registered.
[STDERR  ] 2018-11-16T08:12:49.149740934Z: [    2.508051] IPVS: [dh] scheduler registered.
[STDERR  ] 2018-11-16T08:12:49.149753307Z: [    2.512446] IPVS: [sh] scheduler registered.
[STDERR  ] 2018-11-16T08:12:49.149765764Z: [    2.516536] IPVS: [sed] scheduler registered.
[STDERR  ] 2018-11-16T08:12:49.149778359Z: [    2.521022] IPVS: [nq] scheduler registered.
[STDERR  ] 2018-11-16T08:12:49.149790677Z: [    2.525140] IPVS: ftp: loaded support on port[0] = 21
[STDERR  ] 2018-11-16T08:12:49.149803298Z: [    2.530378] ipip: IPv4 and MPLS over IPv4 tunneling driver
[STDERR  ] 2018-11-16T08:12:49.149821430Z: [    2.536018] gre: GRE over IPv4 demultiplexor driver
[STDERR  ] 2018-11-16T08:12:49.149833968Z: [    2.541464] ip_tables: (C) 2000-2006 Netfilter Core Team
[STDERR  ] 2018-11-16T08:12:49.149846561Z: [    2.546993] ipt_CLUSTERIP: ClusterIP Version 0.8 loaded successfully
[STDERR  ] 2018-11-16T08:12:49.149865979Z: [    2.553409] arp_tables: arp_tables: (C) 2002 David S. Miller
[STDERR  ] 2018-11-16T08:12:49.149878664Z: [    2.559291] NET: Registered protocol family 10
[STDERR  ] 2018-11-16T08:12:49.149890957Z: [    2.564754] ata4: SATA link down (SStatus 0 SControl 300)
[STDERR  ] 2018-11-16T08:12:49.149903644Z: [    2.570928] ata3: SATA link up 1.5 Gbps (SStatus 113 SControl 300)
[STDERR  ] 2018-11-16T08:12:49.149916302Z: [    2.577242] ata3.00: ATAPI: QEMU DVD-ROM, 2.5+, max UDMA/100
[STDERR  ] 2018-11-16T08:12:49.149929468Z: [    2.582785] ata3.00: applying bridge limits
[STDERR  ] 2018-11-16T08:12:49.149942021Z: [    2.587683] ata2: SATA link down (SStatus 0 SControl 300)
[STDERR  ] 2018-11-16T08:12:49.149954266Z: [    2.593696] ata1: SATA link down (SStatus 0 SControl 300)
[STDERR  ] 2018-11-16T08:12:49.149966948Z: [    2.599665] ata6: SATA link down (SStatus 0 SControl 300)
[STDERR  ] 2018-11-16T08:12:49.149979644Z: [    2.605753] ata5: SATA link down (SStatus 0 SControl 300)
[STDERR  ] 2018-11-16T08:12:49.149991779Z: [    2.611255] ip6_tables: (C) 2000-2006 Netfilter Core Team
[STDERR  ] 2018-11-16T08:12:49.150008016Z: [    2.617122] NET: Registered protocol family 17
[STDERR  ] 2018-11-16T08:12:49.150020309Z: [    2.621538] Bridge firewalling registered
[STDERR  ] 2018-11-16T08:12:49.150032681Z: [    2.625415] Ebtables v2.0 registered
[STDERR  ] 2018-11-16T08:12:49.150045359Z: [    2.629126] 8021q: 802.1Q VLAN Support v1.8
[STDERR  ] 2018-11-16T08:12:49.150057488Z: [    2.633520] ata3.00: configured for UDMA/100
[STDERR  ] 2018-11-16T08:12:49.150069921Z: [    2.641456] 9pnet: Installing 9P2000 support
[STDERR  ] 2018-11-16T08:12:49.150098985Z: [    2.645558] Key type dns_resolver registered
[STDERR  ] 2018-11-16T08:12:49.150115330Z: [    2.650550] scsi 2:0:0:0: CD-ROM            QEMU     QEMU DVD-ROM     2.5+ PQ: 0 ANSI: 5
[STDERR  ] 2018-11-16T08:12:49.150128064Z: [    2.659749] registered taskstats version 1
[STDERR  ] 2018-11-16T08:12:49.150140574Z: [    2.670883] sr 2:0:0:0: [sr0] scsi3-mmc drive: 4x/4x cd/rw xa/form2 tray
[STDERR  ] 2018-11-16T08:12:49.150159245Z: [    2.677304] cdrom: Uniform CD-ROM driver Revision: 3.20
[STDERR  ] 2018-11-16T08:12:49.150171915Z: [    2.682824] Key type big_key registered
[STDERR  ] 2018-11-16T08:12:49.150184137Z: [    2.688765] sr 2:0:0:0: Attached scsi generic sg0 type 5
[STDERR  ] 2018-11-16T08:12:49.150206481Z: [    2.698890] Key type encrypted registered
[STDERR  ] 2018-11-16T08:12:49.150219188Z: [    2.704943] rtc_cmos 00:00: setting system clock to 2018-11-16 08:12:43 UTC (1542355963)
[STDERR  ] 2018-11-16T08:12:49.150231895Z: [    2.715605] Freeing unused kernel memory: 1404K
[STDERR  ] 2018-11-16T08:12:49.150244708Z: [    2.719990] Write protecting the kernel read-only data: 12288k
[STDERR  ] 2018-11-16T08:12:49.150256798Z: [    2.725829] Freeing unused kernel memory: 60K
[STDERR  ] 2018-11-16T08:12:49.150269267Z: [    2.733376] Freeing unused kernel memory: 1384K
[STDERR  ] 2018-11-16T08:12:49.150281742Z: 
[STDERR  ] 2018-11-16T08:12:49.150306090Z: Welcome to LinuxKit
[STDERR  ] 2018-11-16T08:12:49.150319678Z: 
[STDERR  ] 2018-11-16T08:12:49.150355650Z:                         ##         .
[STDERR  ] 2018-11-16T08:12:49.150370006Z:                   ## ## ##        ==
[STDERR  ] 2018-11-16T08:12:49.150382672Z:                ## ## ## ## ##    ===
[STDERR  ] 2018-11-16T08:12:49.150395003Z:            /"""""""""""""""""\___/ ===
[STDERR  ] 2018-11-16T08:12:49.150415235Z:           {                       /  ===-
[STDERR  ] 2018-11-16T08:12:49.150427721Z:            \______ O           __/
[STDERR  ] 2018-11-16T08:12:49.150440320Z:              \    \         __/
[STDERR  ] 2018-11-16T08:12:49.150453159Z:               \____\_______/
[STDERR  ] 2018-11-16T08:12:49.150465813Z: 
[STDERR  ] 2018-11-16T08:12:49.150478474Z: [    3.528500] RPC: Registered named UNIX socket transport module.
[STDERR  ] 2018-11-16T08:12:49.150490944Z: [    3.534462] RPC: Registered udp transport module.
[STDERR  ] 2018-11-16T08:12:49.150503403Z: [    3.539058] RPC: Registered tcp transport module.
[STDERR  ] 2018-11-16T08:12:49.150516102Z: [    3.543701] RPC: Registered tcp NFSv4.1 backchannel transport module.
[STDERR  ] 2018-11-16T08:12:49.150528517Z: [    3.567917] FS-Cache: Netfs 'nfs' registered for caching
[STDERR  ] 2018-11-16T08:12:49.150541016Z: [    3.594691] Installing knfsd (copyright (C) 1996 okir@monad.swb.de).
[STDERR  ] 2018-11-16T08:12:49.150553753Z: [    3.605894] ntfs: driver 2.1.32 [Flags: R/O MODULE].
[STDERR  ] 2018-11-16T08:12:49.150566787Z: starting kernel config sanity test with /proc/config.gz
[STDERR  ] 2018-11-16T08:12:49.150579269Z: kernel config test succeeded!
[STDERR  ] 2018-11-16T08:12:49.150591695Z: [37minfo: reading kernel config from /proc/config.gz ...[m
[STDERR  ] 2018-11-16T08:12:49.150604230Z: 
[STDERR  ] 2018-11-16T08:12:49.150616621Z: Generally Necessary:
[STDERR  ] 2018-11-16T08:12:49.150629042Z: - [37mcgroup hierarchy[m: [32mproperly mounted[m [/sys/fs/cgroup]
[STDERR  ] 2018-11-16T08:12:49.150641609Z: - [37mCONFIG_NAMESPACES[m: [32menabled[m
[STDERR  ] 2018-11-16T08:12:49.150654073Z: - [37mCONFIG_NET_NS[m: [32menabled[m
[STDERR  ] 2018-11-16T08:12:49.150670084Z: - [37mCONFIG_PID_NS[m: [32menabled[m
[STDERR  ] 2018-11-16T08:12:49.150689902Z: - [37mCONFIG_IPC_NS[m: [32menabled[m
[STDERR  ] 2018-11-16T08:12:49.150701882Z: - [37mCONFIG_UTS_NS[m: [32menabled[m
[STDERR  ] 2018-11-16T08:12:49.150714336Z: - [37mCONFIG_CGROUPS[m: [32menabled[m
[STDERR  ] 2018-11-16T08:12:49.150726746Z: - [37mCONFIG_CGROUP_CPUACCT[m: [32menabled[m
[STDERR  ] 2018-11-16T08:12:49.150738481Z: - [37mCONFIG_CGROUP_DEVICE[m: [32menabled[m
[STDERR  ] 2018-11-16T08:12:49.150754219Z: - [37mCONFIG_CGROUP_FREEZER[m: [32menabled[m
[STDERR  ] 2018-11-16T08:12:49.150766926Z: - [37mCONFIG_CGROUP_SCHED[m: [32menabled[m
[STDERR  ] 2018-11-16T08:12:49.150779261Z: - [37mCONFIG_CPUSETS[m: [32menabled[m
[STDERR  ] 2018-11-16T08:12:49.150791552Z: - [37mCONFIG_MEMCG[m: [32menabled[m
[STDERR  ] 2018-11-16T08:12:49.150803899Z: - [37mCONFIG_KEYS[m: [32menabled[m
[STDERR  ] 2018-11-16T08:12:49.150816411Z: - [37mCONFIG_VETH[m: [32menabled[m
[STDERR  ] 2018-11-16T08:12:49.150829193Z: - [37mCONFIG_BRIDGE[m: [32menabled[m
[STDERR  ] 2018-11-16T08:12:49.150841511Z: - [37mCONFIG_BRIDGE_NETFILTER[m: [32menabled[m
[STDERR  ] 2018-11-16T08:12:49.150853834Z: - [37mCONFIG_NF_NAT_IPV4[m: [32menabled[m
[STDERR  ] 2018-11-16T08:12:49.150872964Z: - [37mCONFIG_IP_NF_FILTER[m: [32menabled[m
[STDERR  ] 2018-11-16T08:12:49.150885473Z: - [37mCONFIG_IP_NF_TARGET_MASQUERADE[m: [32menabled[m
[STDERR  ] 2018-11-16T08:12:49.150903999Z: - [37mCONFIG_NETFILTER_XT_MATCH_ADDRTYPE[m: [32menabled[m
[STDERR  ] 2018-11-16T08:12:49.150916200Z: - [37mCONFIG_NETFILTER_XT_MATCH_CONNTRACK[m: [32menabled[m
[STDERR  ] 2018-11-16T08:12:49.150928551Z: - [37mCONFIG_NETFILTER_XT_MATCH_IPVS[m: [32menabled[m
[STDERR  ] 2018-11-16T08:12:49.150940628Z: - [37mCONFIG_IP_NF_NAT[m: [32menabled[m
[STDERR  ] 2018-11-16T08:12:49.150952558Z: - [37mCONFIG_NF_NAT[m: [32menabled[m
[STDERR  ] 2018-11-16T08:12:49.150965084Z: - [37mCONFIG_NF_NAT_NEEDED[m: [32menabled[m
[STDERR  ] 2018-11-16T08:12:49.150977528Z: - [37mCONFIG_POSIX_MQUEUE[m: [32menabled[m
[STDERR  ] 2018-11-16T08:12:49.150989920Z: 
[STDERR  ] 2018-11-16T08:12:49.151002486Z: Optional Features:
[STDERR  ] 2018-11-16T08:12:49.151021364Z: - [37mCONFIG_USER_NS[m: [32menabled[m
[STDERR  ] 2018-11-16T08:12:49.151034028Z: - [37mCONFIG_SECCOMP[m: [32menabled[m
[STDERR  ] 2018-11-16T08:12:49.151046096Z: - [37mCONFIG_CGROUP_PIDS[m: [32menabled[m
[STDERR  ] 2018-11-16T08:12:49.151058266Z: - [37mCONFIG_MEMCG_SWAP[m: [32menabled[m
[STDERR  ] 2018-11-16T08:12:49.151070502Z: - [37mCONFIG_MEMCG_SWAP_ENABLED[m: [32menabled[m
[STDERR  ] 2018-11-16T08:12:49.151083243Z:     [1;30m(cgroup swap accounting is currently enabled)[m
[STDERR  ] 2018-11-16T08:12:49.151120704Z: - [1mCONFIG_LEGACY_VSYSCALL_NONE[m: [1;31menabled[m
[STDERR  ] 2018-11-16T08:12:49.151142921Z:     [1;30m(containers using eglibc <= 2.13 will not work. Switch to[m
[STDERR  ] 2018-11-16T08:12:49.151161250Z:     [1;30m "CONFIG_VSYSCALL_[NATIVE|EMULATE]" or use "vsyscall=[native|emulate]"[m
[STDERR  ] 2018-11-16T08:12:49.151173696Z:     [1;30m on kernel command line. Note that this will disable ASLR for the,[m
[STDERR  ] 2018-11-16T08:12:49.151186274Z:     [1;30m VDSO which may assist in exploiting security vulnerabilities.)[m
[STDERR  ] 2018-11-16T08:12:49.151199751Z: - [37mCONFIG_BLK_CGROUP[m: [32menabled[m
[STDERR  ] 2018-11-16T08:12:49.151212182Z: - [37mCONFIG_BLK_DEV_THROTTLING[m: [32menabled[m
[STDERR  ] 2018-11-16T08:12:49.151224308Z: - [37mCONFIG_IOSCHED_CFQ[m: [32menabled[m
[STDERR  ] 2018-11-16T08:12:49.151236997Z: - [37mCONFIG_CFQ_GROUP_IOSCHED[m: [32menabled[m
[STDERR  ] 2018-11-16T08:12:49.151256763Z: - [37mCONFIG_CGROUP_PERF[m: [32menabled[m
[STDERR  ] 2018-11-16T08:12:49.151269253Z: - [37mCONFIG_CGROUP_HUGETLB[m: [32menabled[m
[STDERR  ] 2018-11-16T08:12:49.151281887Z: - [37mCONFIG_NET_CLS_CGROUP[m: [32menabled[m
[STDERR  ] 2018-11-16T08:12:49.151305914Z: - [37mCONFIG_CGROUP_NET_PRIO[m: [32menabled[m
[STDERR  ] 2018-11-16T08:12:49.151322293Z: - [37mCONFIG_CFS_BANDWIDTH[m: [32menabled[m
[STDERR  ] 2018-11-16T08:12:49.151334660Z: - [37mCONFIG_FAIR_GROUP_SCHED[m: [32menabled[m
[STDERR  ] 2018-11-16T08:12:49.151353128Z: - [37mCONFIG_RT_GROUP_SCHED[m: [32menabled[m
[STDERR  ] 2018-11-16T08:12:49.151365068Z: - [37mCONFIG_IP_VS[m: [32menabled[m
[STDERR  ] 2018-11-16T08:12:49.151377209Z: - [37mCONFIG_IP_VS_NFCT[m: [32menabled[m
[STDERR  ] 2018-11-16T08:12:49.151392813Z: - [37mCONFIG_IP_VS_RR[m: [32menabled[m
[STDERR  ] 2018-11-16T08:12:49.151405360Z: - [37mCONFIG_EXT4_FS[m: [32menabled[m
[STDERR  ] 2018-11-16T08:12:49.151417626Z: - [37mCONFIG_EXT4_FS_POSIX_ACL[m: [32menabled[m
[STDERR  ] 2018-11-16T08:12:49.151430407Z: - [37mCONFIG_EXT4_FS_SECURITY[m: [32menabled[m
[STDERR  ] 2018-11-16T08:12:49.151448507Z: - Network Drivers:
[STDERR  ] 2018-11-16T08:12:49.151461170Z:   - "[34moverlay[m":
[STDERR  ] 2018-11-16T08:12:49.151474094Z:     - [37mCONFIG_VXLAN[m: [32menabled[m
[STDERR  ] 2018-11-16T08:12:49.151492168Z:       Optional (for encrypted networks):
[STDERR  ] 2018-11-16T08:12:49.151505576Z:       - [37mCONFIG_CRYPTO[m: [32menabled[m
[STDERR  ] 2018-11-16T08:12:49.151518036Z:       - [37mCONFIG_CRYPTO_AEAD[m: [32menabled[m
[STDERR  ] 2018-11-16T08:12:49.151530490Z:       - [37mCONFIG_CRYPTO_GCM[m: [32menabled[m
[STDERR  ] 2018-11-16T08:12:49.151543115Z:       - [37mCONFIG_CRYPTO_SEQIV[m: [32menabled[m
[STDERR  ] 2018-11-16T08:12:49.151555304Z:       - [37mCONFIG_CRYPTO_GHASH[m: [32menabled[m
[STDERR  ] 2018-11-16T08:12:49.151568124Z:       - [37mCONFIG_XFRM[m: [32menabled[m
[STDERR  ] 2018-11-16T08:12:49.151580702Z:       - [37mCONFIG_XFRM_USER[m: [32menabled (as module)[m
[STDERR  ] 2018-11-16T08:12:49.151592804Z:       - [37mCONFIG_XFRM_ALGO[m: [32menabled (as module)[m
[STDERR  ] 2018-11-16T08:12:49.151605325Z:       - [37mCONFIG_INET_ESP[m: [32menabled (as module)[m
[STDERR  ] 2018-11-16T08:12:49.151617711Z:       - [37mCONFIG_INET_XFRM_MODE_TRANSPORT[m: [32menabled (as module)[m
[STDERR  ] 2018-11-16T08:12:49.151630037Z:   - "[34mipvlan[m":
[STDERR  ] 2018-11-16T08:12:49.151642511Z:     - [37mCONFIG_IPVLAN[m: [32menabled[m
[STDERR  ] 2018-11-16T08:12:49.151654931Z:   - "[34mmacvlan[m":
[STDERR  ] 2018-11-16T08:12:49.151667240Z:     - [37mCONFIG_MACVLAN[m: [32menabled[m
[STDERR  ] 2018-11-16T08:12:49.151679638Z:     - [37mCONFIG_DUMMY[m: [32menabled (as module)[m
[STDERR  ] 2018-11-16T08:12:49.151691786Z:   - "[34mftp,tftp client in container[m":
[STDERR  ] 2018-11-16T08:12:49.151704267Z:     - [37mCONFIG_NF_NAT_FTP[m: [32menabled[m
[STDERR  ] 2018-11-16T08:12:49.151716691Z:     - [37mCONFIG_NF_CONNTRACK_FTP[m: [32menabled[m
[STDERR  ] 2018-11-16T08:12:49.151728665Z:     - [37mCONFIG_NF_NAT_TFTP[m: [32menabled[m
[STDERR  ] 2018-11-16T08:12:49.151741129Z:     - [37mCONFIG_NF_CONNTRACK_TFTP[m: [32menabled[m
[STDERR  ] 2018-11-16T08:12:49.151753435Z: - Storage Drivers:
[STDERR  ] 2018-11-16T08:12:49.151765941Z:   - "[34maufs[m":
[STDERR  ] 2018-11-16T08:12:49.151784393Z:     - [1mCONFIG_AUFS_FS[m: [1;31mmissing[m
[STDERR  ] 2018-11-16T08:12:49.151796678Z:   - "[34mbtrfs[m":
[STDERR  ] 2018-11-16T08:12:49.151809700Z:     - [37mCONFIG_BTRFS_FS[m: [32menabled (as module)[m
[STDERR  ] 2018-11-16T08:12:49.151822149Z:     - [37mCONFIG_BTRFS_FS_POSIX_ACL[m: [32menabled[m
[STDERR  ] 2018-11-16T08:12:49.151834506Z:   - "[34mdevicemapper[m":
[STDERR  ] 2018-11-16T08:12:49.151847189Z:     - [37mCONFIG_BLK_DEV_DM[m: [32menabled[m
[STDERR  ] 2018-11-16T08:12:49.151859437Z:     - [37mCONFIG_DM_THIN_PROVISIONING[m: [32menabled[m
[STDERR  ] 2018-11-16T08:12:49.151872089Z:   - "[34moverlay[m":
[STDERR  ] 2018-11-16T08:12:49.151884571Z:     - [37mCONFIG_OVERLAY_FS[m: [32menabled[m
[STDERR  ] 2018-11-16T08:12:49.151910490Z:   - "[34mzfs[m":
[STDERR  ] 2018-11-16T08:12:49.151930366Z:     - [1m/dev/zfs[m: [1;31mmissing[m
[STDERR  ] 2018-11-16T08:12:49.151946891Z:     - [1mzfs command[m: [1;31mmissing[m
[STDERR  ] 2018-11-16T08:12:49.151958911Z:     - [1mzpool command[m: [1;31mmissing[m
[STDERR  ] 2018-11-16T08:12:49.151971434Z: 
[STDERR  ] 2018-11-16T08:12:49.151983633Z: Limits:
[STDERR  ] 2018-11-16T08:12:49.151996261Z: [37m- /proc/sys/kernel/keys/root_maxkeys[m: [32m1000000[m
[STDERR  ] 2018-11-16T08:12:49.152008783Z: 
[STDERR  ] 2018-11-16T08:12:49.152020955Z: Kernel config test suite PASSED
[STDERR  ] 2018-11-16T08:12:49.152040332Z: [    7.784298] ACPI: Preparing to enter system sleep state S5
[STDERR  ] 2018-11-16T08:12:49.152056076Z: [    7.790173] reboot: Power down
[STDERR  ] 2018-11-16T08:12:49.152067356Z: + exit 0
[STDERR  ] 2018-11-16T08:12:49.152079095Z: + clean_up
[STDERR  ] 2018-11-16T08:12:49.152095451Z: + rm -rf kconfig-cmdline kconfig-initrd.img kconfig-kernel kconfig-state
[PASS    ] linuxkit.kernel.config_4.9.x 26.85s
