[INFO    ] 2018-07-26T16:27:52.020740822Z: Running Test linuxkit.packages.format_mount.btrfs in /tmp/build/test/cases/040_packages/006_format_mount/003_btrfs
[STDERR  ] 2018-07-26T16:27:52.020905034Z: [    7.636124] audit: initializing netlink subsys (disabled)
[STDERR  ] 2018-07-26T16:27:52.020980430Z: [    7.638255] audit: type=2000 audit(1532622440.630:1): state=initialized audit_enabled=0 res=1
[INFO    ] 2018-07-26T16:27:52.021015679Z: Running command: [/bin/sh -x /tmp/build/test/cases/040_packages/006_format_mount/003_btrfs/test.sh]
[STDERR  ] 2018-07-26T16:27:52.021032865Z: [    7.643637] workingset: timestamp_bits=46 max_order=18 bucket_order=0
[STDERR  ] 2018-07-26T16:27:52.021126903Z: [    7.647725] squashfs: version 4.0 (2009/01/31) Phillip Lougher
[STDERR  ] 2018-07-26T16:27:52.021181945Z: [    7.649683] FS-Cache: Netfs 'cifs' registered for caching
[STDERR  ] 2018-07-26T16:27:52.021242926Z: [    7.651123] fuse init (API version 7.26)
[STDERR  ] 2018-07-26T16:27:52.021296980Z: [    7.652974] SGI XFS with ACLs, security attributes, no debug enabled
[STDERR  ] 2018-07-26T16:27:52.021353605Z: [    7.656018] 9p: Installing v9fs 9p2000 file system support
[STDERR  ] 2018-07-26T16:27:52.021410613Z: [    7.656466] FS-Cache: Netfs '9p' registered for caching
[STDERR  ] 2018-07-26T16:27:52.021467563Z: [    7.686030] NET: Registered protocol family 38
[STDERR  ] 2018-07-26T16:27:52.021523634Z: [    7.686770] Key type asymmetric registered
[STDERR  ] 2018-07-26T16:27:52.021579275Z: [    7.687144] Asymmetric key parser 'x509' registered
[STDERR  ] 2018-07-26T16:27:52.021629802Z: [    7.687793] Block layer SCSI generic (bsg) driver version 0.4 loaded (major 247)
[STDERR  ] 2018-07-26T16:27:52.021682754Z: [    7.689033] io scheduler noop registered
[STDERR  ] 2018-07-26T16:27:52.021737017Z: [    7.689385] io scheduler deadline registered (default)
[STDERR  ] 2018-07-26T16:27:52.021788359Z: [    7.690979] io scheduler cfq registered
[STDERR  ] 2018-07-26T16:27:52.021837581Z: [    7.691248] io scheduler mq-deadline registered
[STDERR  ] 2018-07-26T16:27:52.021889874Z: [    7.691513] io scheduler kyber registered
[STDERR  ] 2018-07-26T16:27:52.021942831Z: [    7.693970] shpchp: Standard Hot Plug PCI Controller Driver version: 0.4
[STDERR  ] 2018-07-26T16:27:52.021994962Z: [    7.694623] hv_vmbus: registering driver hyperv_fb
[STDERR  ] 2018-07-26T16:27:52.022092759Z: [    7.697185] input: Power Button as /devices/LNXSYSTM:00/LNXPWRBN:00/input/input0
[STDERR  ] 2018-07-26T16:27:52.022115802Z: [    7.699465] ACPI: Power Button [PWRF]
[STDERR  ] 2018-07-26T16:27:52.022135344Z: [    7.713457] ACPI: PCI Interrupt Link [GSIG] enabled at IRQ 22
[STDERR  ] 2018-07-26T16:27:52.022154734Z: [    7.721776] ACPI: PCI Interrupt Link [GSIH] enabled at IRQ 23
[STDERR  ] 2018-07-26T16:27:52.022174498Z: [    7.725125] Serial: 8250/16550 driver, 4 ports, IRQ sharing disabled
[STDERR  ] 2018-07-26T16:27:52.022193755Z: [    7.749606] 00:04: ttyS0 at I/O 0x3f8 (irq = 4, base_baud = 115200) is a 16550A
[STDERR  ] 2018-07-26T16:27:52.022212885Z: [    7.757195] Non-volatile memory driver v1.3
[STDERR  ] 2018-07-26T16:27:52.022232987Z: [    7.762366] Hangcheck: starting hangcheck timer 0.9.1 (tick is 180 seconds, margin is 60 seconds).
[STDERR  ] 2018-07-26T16:27:52.022253202Z: [    7.770976] random: fast init done
[STDERR  ] 2018-07-26T16:27:52.022273033Z: [    7.772002] random: crng init done
[STDERR  ] 2018-07-26T16:27:52.022292738Z: [    7.813675] brd: module loaded
[STDERR  ] 2018-07-26T16:27:52.022312880Z: [    7.836949] loop: module loaded
[STDERR  ] 2018-07-26T16:27:52.022333269Z: [    7.879130] lpc_ich 0000:00:1f.0: I/O space for GPIO uninitialized
[STDERR  ] 2018-07-26T16:27:52.022351734Z: [    7.881328] VMware PVSCSI driver - version 1.0.7.0-k
[STDERR  ] 2018-07-26T16:27:52.022370984Z: [    7.882005] hv_vmbus: registering driver hv_storvsc
[STDERR  ] 2018-07-26T16:27:52.022395161Z: [    7.888902] ACPI: PCI Interrupt Link [GSIA] enabled at IRQ 16
[STDERR  ] 2018-07-26T16:27:52.022414759Z: [    7.894331] ahci 0000:00:1f.2: AHCI 0001.0000 32 slots 6 ports 1.5 Gbps 0x3f impl SATA mode
[STDERR  ] 2018-07-26T16:27:52.022443502Z: [    7.895137] ahci 0000:00:1f.2: flags: 64bit ncq only 
[STDERR  ] 2018-07-26T16:27:52.022463044Z: [    7.908208] scsi host0: ahci
[STDERR  ] 2018-07-26T16:27:52.022483253Z: [    7.911038] scsi host1: ahci
[STDERR  ] 2018-07-26T16:27:52.022502921Z: [    7.912444] scsi host2: ahci
[STDERR  ] 2018-07-26T16:27:52.022521817Z: [    7.913959] scsi host3: ahci
[STDERR  ] 2018-07-26T16:27:52.022540096Z: [    7.915528] scsi host4: ahci
[STDERR  ] 2018-07-26T16:27:52.022558870Z: [    7.916878] scsi host5: ahci
[STDERR  ] 2018-07-26T16:27:52.022580215Z: [    7.917913] ata1: SATA max UDMA/133 abar m4096@0xfebd2000 port 0xfebd2100 irq 24
[STDERR  ] 2018-07-26T16:27:52.022597431Z: [    7.918363] ata2: SATA max UDMA/133 abar m4096@0xfebd2000 port 0xfebd2180 irq 24
[STDERR  ] 2018-07-26T16:27:52.022620360Z: [    7.918840] ata3: SATA max UDMA/133 abar m4096@0xfebd2000 port 0xfebd2200 irq 24
[STDERR  ] 2018-07-26T16:27:52.022638890Z: [    7.919343] ata4: SATA max UDMA/133 abar m4096@0xfebd2000 port 0xfebd2280 irq 24
[STDERR  ] 2018-07-26T16:27:52.022658260Z: [    7.919916] ata5: SATA max UDMA/133 abar m4096@0xfebd2000 port 0xfebd2300 irq 24
[STDERR  ] 2018-07-26T16:27:52.022677286Z: [    7.920643] ata6: SATA max UDMA/133 abar m4096@0xfebd2000 port 0xfebd2380 irq 24
[STDERR  ] 2018-07-26T16:27:52.022696737Z: [    7.931902] tun: Universal TUN/TAP device driver, 1.6
[STDERR  ] 2018-07-26T16:27:52.022716194Z: [    7.941781] VMware vmxnet3 virtual NIC driver - version 1.4.a.0-k-NAPI
[STDERR  ] 2018-07-26T16:27:52.022740291Z: [    7.942942] hv_vmbus: registering driver hv_netvsc
[STDERR  ] 2018-07-26T16:27:52.022758449Z: [    7.943267] Fusion MPT base driver 3.04.20
[STDERR  ] 2018-07-26T16:27:52.022777496Z: [    7.943498] Copyright (c) 1999-2008 LSI Corporation
[STDERR  ] 2018-07-26T16:27:52.022796489Z: [    7.943925] Fusion MPT SPI Host driver 3.04.20
[STDERR  ] 2018-07-26T16:27:52.022818279Z: [    7.945946] i8042: PNP: PS/2 Controller [PNP0303:KBD,PNP0f13:MOU] at 0x60,0x64 irq 1,12
[STDERR  ] 2018-07-26T16:27:52.022837425Z: [    7.949915] serio: i8042 KBD port at 0x60,0x64 irq 1
[STDERR  ] 2018-07-26T16:27:52.022856015Z: [    7.950847] serio: i8042 AUX port at 0x60,0x64 irq 12
[STDERR  ] 2018-07-26T16:27:52.022874889Z: [    7.952778] hv_vmbus: registering driver hyperv_keyboard
[STDERR  ] 2018-07-26T16:27:52.022894850Z: [    7.954391] mousedev: PS/2 mouse device common for all mice
[STDERR  ] 2018-07-26T16:27:52.022913334Z: [    7.957840] input: AT Translated Set 2 keyboard as /devices/platform/i8042/serio0/input/input1
[STDERR  ] 2018-07-26T16:27:52.022935251Z: [    7.959815] input: PC Speaker as 
[STDERR  ] 2018-07-26T16:27:52.033287414Z: + set -e
[STDERR  ] 2018-07-26T16:27:52.033394535Z: + . /tmp/build/test/cases/_lib/lib.sh
[STDERR  ] 2018-07-26T16:27:52.033420202Z: + [ -f src/github.com/linuxkit/rtf/lib/lib.sh ]
[STDERR  ] 2018-07-26T16:27:52.033440540Z: + LINUXKIT_TMPDIR=/tmp/build/test/cases/_tmp
[STDERR  ] 2018-07-26T16:27:52.033460433Z: + [ -f /tmp/build/test/cases/_tmp/env.sh ]
[STDERR  ] 2018-07-26T16:27:52.033480374Z: + . /tmp/build/test/cases/_tmp/env.sh
[STDERR  ] 2018-07-26T16:27:52.033499063Z: + export LINUXKIT_EXAMPLES_DIR=/tmp/build/test/cases/../../examples
[STDERR  ] 2018-07-26T16:27:52.033521036Z: + RT_CANCEL=253
[STDERR  ] 2018-07-26T16:27:52.033540567Z: + NAME=test-format
[STDERR  ] 2018-07-26T16:27:52.033559902Z: + DISK=disk.img
[STDERR  ] 2018-07-26T16:27:52.033579026Z: + trap clean_up EXIT
[STDERR  ] 2018-07-26T16:27:52.033598377Z: + linuxkit build -format kernel+initrd -name test-format test.yml
[STDERR  ] 2018-07-26T16:27:52.070410502Z: Extract kernel image: linuxkit/kernel:4.14.58
[STDERR  ] 2018-07-26T16:27:53.929429100Z: Add init containers:
[STDERR  ] 2018-07-26T16:27:53.929484072Z: Process init image: linuxkit/init:598439400c1e4bf8c25c63c98b2d3e83b1382be9
[STDERR  ] 2018-07-26T16:27:55.164929037Z: Process init image: linuxkit/runc:v0.5
[STDERR  ] 2018-07-26T16:27:56.309566913Z: Add onboot containers:
[STDERR  ] 2018-07-26T16:27:56.309626784Z:   Create OCI config for linuxkit/modprobe:v0.5
[STDERR  ] 2018-07-26T16:27:57.488680896Z:   Create OCI config for linuxkit/format:v0.5
[STDERR  ] 2018-07-26T16:27:58.870156434Z:   Create OCI config for linuxkit/mount:v0.5
[STDERR  ] 2018-07-26T16:28:00.259232300Z:   Create OCI config for alpine:3.8
[STDERR  ] 2018-07-26T16:28:01.445316932Z:   Create OCI config for linuxkit/poweroff:2687ed712690766b8156a77ac600005b532d2c7d
[STDERR  ] 2018-07-26T16:28:02.638444336Z: Add files:
[STDERR  ] 2018-07-26T16:28:02.638532595Z:   check.sh
[STDERR  ] 2018-07-26T16:28:02.656272675Z: Create outputs:
[STDERR  ] 2018-07-26T16:28:08.923718202Z:   test-format-kernel test-format-initrd.img test-format-cmdline
[STDERR  ] 2018-07-26T16:28:08.989026078Z: + linuxkit run -disk file=disk.img,size=512M test-format
[STDOUT  ] 2018-07-26T16:28:54.605790971Z: [    0.000000] Linux version 4.14.58-linuxkit (root@9e8a3f77e647) (gcc version 6.4.0 (Alpine 6.4.0)) #1 SMP Wed Jul 25 20:36:47 UTC 2018
[STDOUT  ] 2018-07-26T16:28:54.605877052Z: [    0.000000] Command line: console=ttyS0 console=ttyAMA0
[STDOUT  ] 2018-07-26T16:28:54.605891961Z: [    0.000000] x86/fpu: x87 FPU will use FXSAVE
[STDOUT  ] 2018-07-26T16:28:54.605906235Z: [    0.000000] e820: BIOS-provided physical RAM map:
[STDOUT  ] 2018-07-26T16:28:54.605919761Z: [    0.000000] BIOS-e820: [mem 0x0000000000000000-0x000000000009fbff] usable
[STDOUT  ] 2018-07-26T16:28:54.605934275Z: [    0.000000] BIOS-e820: [mem 0x000000000009fc00-0x000000000009ffff] reserved
[STDOUT  ] 2018-07-26T16:28:54.605947481Z: [    0.000000] BIOS-e820: [mem 0x00000000000f0000-0x00000000000fffff] reserved
[STDOUT  ] 2018-07-26T16:28:54.605961730Z: [    0.000000] BIOS-e820: [mem 0x0000000000100000-0x000000003ffdefff] usable
[STDOUT  ] 2018-07-26T16:28:54.605976406Z: [    0.000000] BIOS-e820: [mem 0x000000003ffdf000-0x000000003fffffff] reserved
[STDOUT  ] 2018-07-26T16:28:54.605991268Z: [    0.000000] BIOS-e820: [mem 0x00000000b0000000-0x00000000bfffffff] reserved
[STDERR  ] 2018-07-26T16:28:54.605987243Z: + RESULT=[    0.000000] Linux version 4.14.58-linuxkit (root@9e8a3f77e647) (gcc version 6.4.0 (Alpine 6.4.0)) #1 SMP Wed Jul 25 20:36:47 UTC 2018
[STDERR  ] 2018-07-26T16:28:54.606032901Z: [    0.000000] Command line: console=ttyS0 console=ttyAMA0
[STDERR  ] 2018-07-26T16:28:54.606054367Z: [    0.000000] x86/fpu: x87 FPU will use FXSAVE
[STDERR  ] 2018-07-26T16:28:54.606074295Z: [    0.000000] e820: BIOS-provided physical RAM map:
[STDERR  ] 2018-07-26T16:28:54.606094374Z: [    0.000000] BIOS-e820: [mem 0x0000000000000000-0x000000000009fbff] usable
[STDERR  ] 2018-07-26T16:28:54.606116991Z: [    0.000000] BIOS-e820: [mem 0x000000000009fc00-0x000000000009ffff] reserved
[STDERR  ] 2018-07-26T16:28:54.606136677Z: [    0.000000] BIOS-e820: [mem 0x00000000000f0000-0x00000000000fffff] reserved
[STDERR  ] 2018-07-26T16:28:54.606155491Z: [    0.000000] BIOS-e820: [mem 0x0000000000100000-0x000000003ffdefff] usable
[STDERR  ] 2018-07-26T16:28:54.606175287Z: [    0.000000] BIOS-e820: [mem 0x000000003ffdf000-0x000000003fffffff] reserved
[STDERR  ] 2018-07-26T16:28:54.606195238Z: [    0.000000] BIOS-e820: [mem 0x00000000b0000000-0x00000000bfffffff] reserved
[STDERR  ] 2018-07-26T16:28:54.606215440Z: [    0.000000] BIOS-e820: [mem 0x00000000fed1c000-0x00000000fed1ffff] reserved
[STDERR  ] 2018-07-26T16:28:54.606235407Z: [    0.000000] BIOS-e820: [mem 0x00000000fffc0000-0x00000000ffffffff] reserved
[STDERR  ] 2018-07-26T16:28:54.606275212Z: [    0.000000] NX (Execute Disable) protection: active
[STDERR  ] 2018-07-26T16:28:54.606297418Z: [    0.000000] SMBIOS 2.8 present.
[STDERR  ] 2018-07-26T16:28:54.606319433Z: [    0.000000] DMI: QEMU Standard PC (Q35 + ICH9, 2009), BIOS 1.10.2-1 04/01/2014
[STDERR  ] 2018-07-26T16:28:54.606338616Z: [    0.000000] tsc: Fast TSC calibration using PIT
[STDERR  ] 2018-07-26T16:28:54.606359332Z: [    0.000000] e820: last_pfn = 0x3ffdf max_arch_pfn = 0x400000000
[STDERR  ] 2018-07-26T16:28:54.606378495Z: [    0.000000] x86/PAT: Configuration [0-7]: WB  WC  UC- UC  WB  WP  UC- WT  
[STDERR  ] 2018-07-26T16:28:54.606397571Z: [    0.000000] found SMP MP-table at [mem 0x000f6a90-0x000f6a9f] mapped at [ffffffffff200a90]
[STDERR  ] 2018-07-26T16:28:54.606427659Z: [    0.000000] RAMDISK: [mem 0x3dbc4000-0x3ffcffff]
[STDERR  ] 2018-07-26T16:28:54.606446850Z: [    0.000000] ACPI: Early table checksum verification disabled
[STDERR  ] 2018-07-26T16:28:54.606465297Z: [    0.000000] ACPI: RSDP 0x00000000000F68D0 000014 (v00 BOCHS )
[STDERR  ] 2018-07-26T16:28:54.606482781Z: [    0.000000] ACPI: RSDT 0x000000003FFE2404 000034 (v01 BOCHS  BXPCRSDT 00000001 BXPC 00000001)
[STDERR  ] 2018-07-26T16:28:54.606502844Z: [    0.000000] ACPI: FACP 0x000000003FFE22A4 000074 (v01 BOCHS  BXPCFACP 00000001 BXPC 00000001)
[STDERR  ] 2018-07-26T16:28:54.606554796Z: [    0.000000] ACPI: DSDT 0x000000003FFE0040 002264 (v01 BOCHS  BXPCDSDT 00000001 BXPC 00000001)
[STDERR  ] 2018-07-26T16:28:54.606574050Z: [    0.000000] ACPI: FACS 0x000000003FFE0000 000040
[STDERR  ] 2018-07-26T16:28:54.606601681Z: [    0.000000] ACPI: APIC 0x000000003FFE2318 000078 (v01 BOCHS  BXPCAPIC 00000001 BXPC 00000001)
[STDERR  ] 2018-07-26T16:28:54.606621110Z: [    0.000000] ACPI: HPET 0x000000003FFE2390 000038 (v01 BOCHS  BXPCHPET 00000001 BXPC 00000001)
[STDERR  ] 2018-07-26T16:28:54.606638935Z: [    0.000000] ACPI: MCFG 0x000000003FFE23C8 00003C (v01 BOCHS  BXPCMCFG 00000001 BXPC 00000001)
[STDERR  ] 2018-07-26T16:28:54.606656531Z: [    0.000000] Zone ranges:
[STDERR  ] 2018-07-26T16:28:54.606675058Z: [    0.000000]   DMA      [mem 0x0000000000001000-0x0000000000ffffff]
[STDERR  ] 2018-07-26T16:28:54.606698554Z: [    0.000000]   DMA32    [mem 0x0000000001000000-0x000000003ffdefff]
[STDERR  ] 2018-07-26T16:28:54.606717022Z: [    0.000000]   Normal   empty
[STDERR  ] 2018-07-26T16:28:54.606735445Z: [    0.000000]   Device   empty
[STDERR  ] 2018-07-26T16:28:54.606754981Z: [    0.000000] Movable zone start for each node
[STDERR  ] 2018-07-26T16:28:54.606774287Z: [    0.000000] Early memory node ranges
[STDERR  ] 2018-07-26T16:28:54.606791770Z: [    0.000000]   node   0: [mem 0x0000000000001000-0x000000000009efff]
[STDERR  ] 2018-07-26T16:28:54.606809941Z: [    0.000000]   node   0: [mem 0x0000000000100000-0x000000003ffdefff]
[STDERR  ] 2018-07-26T16:28:54.606827009Z: [    0.000000] Initmem setup node 0 [mem 0x0000000000001000-0x000000003ffdefff]
[STDERR  ] 2018-07-26T16:28:54.606845544Z: [    0.000000] ACPI: PM-Timer IO Port: 0x608
[STDERR  ] 2018-07-26T16:28:54.606864906Z: [    0.000000] ACPI: LAPIC_NMI (acpi_id[0xff] dfl dfl lint[0x1])
[STDERR  ] 2018-07-26T16:28:54.606884292Z: [    0.000000] IOAPIC[0]: apic_id 0, version 32, address 0xfec00000, GSI 0-23
[STDERR  ] 2018-07-26T16:28:54.606915277Z: [    0.000000] ACPI: INT_SRC_OVR (bus 0 bus_irq 0 global_irq 2 dfl dfl)
[STDERR  ] 2018-07-26T16:28:54.606934811Z: [    0.000000] ACPI: INT_SRC_OVR (bus 0 bus_irq 5 global_irq 5 high level)
[STDERR  ] 2018-07-26T16:28:54.606951725Z: [    0.000000] ACPI: INT_SRC_OVR (bus 0 bus_irq 9 global_irq 9 high level)
[STDERR  ] 2018-07-26T16:28:54.606968301Z: [    0.000000] ACPI: INT_SRC_OVR (bus 0 bus_irq 10 global_irq 10 high level)
[STDERR  ] 2018-07-26T16:28:54.606984495Z: [    0.000000] ACPI: INT_SRC_OVR (bus 0 bus_irq 11 global_irq 11 high level)
[STDERR  ] 2018-07-26T16:28:54.607001183Z: [    0.000000] Using ACPI (MADT) for SMP configuration information
[STDERR  ] 2018-07-26T16:28:54.607020454Z: [    0.000000] ACPI: HPET id: 0x8086a201 base: 0xfed00000
[STDERR  ] 2018-07-26T16:28:54.607039567Z: [    0.000000] smpboot: Allowing 1 CPUs, 0 hotplug CPUs
[STDERR  ] 2018-07-26T16:28:54.607059707Z: [    0.000000] e820: [mem 0x40000000-0xafffffff] available for PCI devices
[STDERR  ] 2018-07-26T16:28:54.607081353Z: [    0.000000] Booting paravirtualized kernel on bare hardware
[STDERR  ] 2018-07-26T16:28:54.607100729Z: [    0.000000] clocksource: refined-jiffies: mask: 0xffffffff max_cycles: 0xffffffff, max_idle_ns: 19112604462750000 ns
[STDERR  ] 2018-07-26T16:28:54.607120043Z: [    0.000000] random: get_random_bytes called from start_kernel+0x92/0x4cb with crng_init=0
[STDERR  ] 2018-07-26T16:28:54.607137247Z: [    0.000000] setup_percpu: NR_CPUS:128 nr_cpumask_bits:128 nr_cpu_ids:1 nr_node_ids:1
[STDERR  ] 2018-07-26T16:28:54.607191720Z: [    0.000000] percpu: Embedded 44 pages/cpu @ffff9f1ebd800000 s143256 r8192 d28776 u2097152
[STDERR  ] 2018-07-26T16:28:54.607215326Z: [    0.000000] Built 1 zonelists, mobility grouping on.  Total pages: 257896
[STDERR  ] 2018-07-26T16:28:54.607234923Z: [    0.000000] Kernel command line: console=ttyS0 console=ttyAMA0
[STDERR  ] 2018-07-26T16:28:54.607255246Z: [    0.000000] PID hash table entries: 4096 (order: 3, 32768 bytes)
[STDERR  ] 2018-07-26T16:28:54.607278605Z: [    0.000000] Dentry cache hash table entries: 131072 (order: 8, 1048576 bytes)
[STDERR  ] 2018-07-26T16:28:54.607297172Z: [    0.000000] Inode-cache hash table entries: 65536 (order: 7, 524288 bytes)
[STDERR  ] 2018-07-26T16:28:54.607316033Z: [    0.000000] Memory: 967880K/1048052K available (12300K kernel code, 1465K rwdata, 2996K rodata, 1512K init, 632K bss, 80172K reserved, 0K cma-reserved)
[STDERR  ] 2018-07-26T16:28:54.607345742Z: [    0.000000] ftrace: allocating 41049 entries in 161 pages
[STDERR  ] 2018-07-26T16:28:54.607366314Z: [    0.000000] Hierarchical RCU implementation.
[STDERR  ] 2018-07-26T16:28:54.607386030Z: [    0.000000] 	RCU restricting CPUs from NR_CPUS=128 to nr_cpu_ids=1.
[STDERR  ] 2018-07-26T16:28:54.607405639Z: [    0.000000] RCU: Adjusting geometry for rcu_fanout_leaf=16, nr_cpu_ids=1
[STDERR  ] 2018-07-26T16:28:54.607425248Z: [    0.000000] NR_IRQS: 8448, nr_irqs: 256, preallocated irqs: 16
[STDERR  ] 2018-07-26T16:28:54.607443576Z: [    0.000000] Console: colour VGA+ 80x25
[STDERR  ] 2018-07-26T16:28:54.607464604Z: [    0.000000] console [ttyS0] enabled
[STDERR  ] 2018-07-26T16:28:54.607483960Z: [    0.000000] clocksource: hpet: mask: 0xffffffff max_cycles: 0xffffffff, max_idle_ns: 19112604467 ns
[STDERR  ] 2018-07-26T16:28:54.607504061Z: [    0.010000] tsc: Fast TSC calibration using PIT
[STDERR  ] 2018-07-26T16:28:54.607533538Z: [    0.010000] tsc: Detected 2599.985 MHz processor
[STDERR  ] 2018-07-26T16:28:54.607554625Z: [    0.010000] Calibrating delay loop (skipped), value calculated using timer frequency.. 5199.97 BogoMIPS (lpj=25999850)
[STDERR  ] 2018-07-26T16:28:54.607572023Z: [    0.010000] pid_max: default: 32768 minimum: 301
[STDERR  ] 2018-07-26T16:28:54.607589345Z: [    0.010000] ACPI: Core revision 20170728
[STDERR  ] 2018-07-26T16:28:54.607607785Z: [    0.047062] ACPI: 1 ACPI AML tables successfully acquired and loaded
[STDERR  ] 2018-07-26T16:28:54.607627154Z: [    0.048473] Security Framework initialized
[STDERR  ] 2018-07-26T16:28:54.607644868Z: [    0.048850] Yama: becoming mindful.
[STDERR  ] 2018-07-26T16:28:54.607664112Z: [    0.051279] Mount-cache hash table entries: 2048 (order: 2, 16384 bytes)
[STDERR  ] 2018-07-26T16:28:54.607682545Z: [    0.051753] Mountpoint-cache hash table entries: 2048 (order: 2, 16384 bytes)
[STDERR  ] 2018-07-26T16:28:54.607701006Z: [    0.065621] Last level iTLB entries: 4KB 0, 2MB 0, 4MB 0
[STDERR  ] 2018-07-26T16:28:54.607719140Z: [    0.066000] Last level dTLB entries: 4KB 0, 2MB 0, 4MB 0, 1GB 0
[STDERR  ] 2018-07-26T16:28:54.607736621Z: [    0.066468] Spectre V2 : Spectre mitigation: LFENCE not serializing, switching to generic retpoline
[STDERR  ] 2018-07-26T16:28:54.607753928Z: [    0.067021] Spectre V2 : Mitigation: Full generic retpoline
[STDERR  ] 2018-07-26T16:28:54.607771953Z: [    0.067407] Spectre V2 : Spectre v2 mitigation: Filling RSB on context switch
[STDERR  ] 2018-07-26T16:28:54.607789733Z: [    0.067883] Speculative Store Bypass: Vulnerable
[STDERR  ] 2018-07-26T16:28:54.607808101Z: [    0.291393] Freeing SMP alternatives memory: 20K
[STDERR  ] 2018-07-26T16:28:54.607826627Z: [    0.306827] smpboot: Max logical packages: 1
[STDERR  ] 2018-07-26T16:28:54.607844092Z: [    0.311304] ..TIMER: vector=0x30 apic1=0 pin1=2 apic2=-1 pin2=-1
[STDERR  ] 2018-07-26T16:28:54.607862778Z: [    0.420000] smpboot: CPU0: AMD QEMU Virtual CPU version 2.5+ (family: 0x6, model: 0x6, stepping: 0x3)
[STDERR  ] 2018-07-26T16:28:54.607880184Z: [    0.420000] Performance Events: PMU not available due to virtualization, using software events only.
[STDERR  ] 2018-07-26T16:28:54.607902002Z: [    0.420000] Hierarchical SRCU implementation.
[STDERR  ] 2018-07-26T16:28:54.607922036Z: [    0.422837] NMI watchdog: Perf event create on CPU 0 failed with -2
[STDERR  ] 2018-07-26T16:28:54.607943490Z: [    0.423432] NMI watchdog: Perf NMI watchdog permanently disabled
[STDERR  ] 2018-07-26T16:28:54.607961340Z: [    0.426539] smp: Bringing up secondary CPUs ...
[STDERR  ] 2018-07-26T16:28:54.607981225Z: [    0.426877] smp: Brought up 1 node, 1 CPU
[STDERR  ] 2018-07-26T16:28:54.608004055Z: [    0.427205] smpboot: Total of 1 processors activated (5199.97 BogoMIPS)
[STDERR  ] 2018-07-26T16:28:54.608023169Z: [    0.440405] devtmpfs: initialized
[STDERR  ] 2018-07-26T16:28:54.608044080Z: [    0.443671] x86/mm: Memory block size: 128MB
[STDERR  ] 2018-07-26T16:28:54.608066755Z: [    0.448198] evm: security.ima
[STDERR  ] 2018-07-26T16:28:54.608098264Z: [    0.448424] evm: security.capability
[STDERR  ] 2018-07-26T16:28:54.608117581Z: [    0.451303] clocksource: jiffies: mask: 0xffffffff max_cycles: 0xffffffff, max_idle_ns: 19112604462750000 ns
[STDERR  ] 2018-07-26T16:28:54.608137537Z: [    0.451976] futex hash table entries: 256 (order: 2, 16384 bytes)
[STDERR  ] 2018-07-26T16:28:54.608156269Z: [    0.460406] NET: Registered protocol family 16
[STDERR  ] 2018-07-26T16:28:54.608173892Z: [    0.465577] cpuidle: using governor ladder
[STDERR  ] 2018-07-26T16:28:54.608192451Z: [    0.466011] cpuidle: using governor menu
[STDERR  ] 2018-07-26T16:28:54.608211901Z: [    0.467320] ACPI: bus type PCI registered
[STDERR  ] 2018-07-26T16:28:54.608229243Z: [    0.469568] PCI: MMCONFIG for domain 0000 [bus 00-ff] at [mem 0xb0000000-0xbfffffff] (base 0xb0000000)
[STDERR  ] 2018-07-26T16:28:54.608246897Z: [    0.470239] PCI: MMCONFIG at [mem 0xb0000000-0xbfffffff] reserved in E820
[STDERR  ] 2018-07-26T16:28:54.608265966Z: [    0.471104] PCI: Using configuration type 1 for base access
[STDERR  ] 2018-07-26T16:28:54.608286062Z: [    0.511625] HugeTLB registered 2.00 MiB page size, pre-allocated 0 pages
[STDERR  ] 2018-07-26T16:28:54.608310320Z: [    0.519819] ACPI: Added _OSI(Module Device)
[STDERR  ] 2018-07-26T16:28:54.608329493Z: [    0.520147] ACPI: Added _OSI(Processor Device)
[STDERR  ] 2018-07-26T16:28:54.608347831Z: [    0.520464] ACPI: Added _OSI(3.0 _SCP Extensions)
[STDERR  ] 2018-07-26T16:28:54.608366401Z: [    0.520748] ACPI: Added _OSI(Processor Aggregator Device)
[STDERR  ] 2018-07-26T16:28:54.608384440Z: [    0.570765] ACPI: Interpreter enabled
[STDERR  ] 2018-07-26T16:28:54.608403124Z: [    0.571483] ACPI: (supports S0 S5)
[STDERR  ] 2018-07-26T16:28:54.608421387Z: [    0.571745] ACPI: Using IOAPIC for interrupt routing
[STDERR  ] 2018-07-26T16:28:54.608441365Z: [    0.573279] PCI: Using host bridge windows from ACPI; if necessary, use "pci=nocrs" and report a bug
[STDERR  ] 2018-07-26T16:28:54.608461761Z: [    0.575821] ACPI: Enabled 2 GPEs in block 00 to 3F
[STDERR  ] 2018-07-26T16:28:54.608479903Z: [    0.624903] ACPI: PCI Root Bridge [PCI0] (domain 0000 [bus 00-ff])
[STDERR  ] 2018-07-26T16:28:54.608498445Z: [    0.625703] acpi PNP0A08:00: _OSC: OS supports [ExtendedConfig ASPM ClockPM Segments MSI]
[STDERR  ] 2018-07-26T16:28:54.608523689Z: [    0.629176] acpi PNP0A08:00: _OSC: OS now controls [PCIeHotplug PME PCIeCapability]
[STDERR  ] 2018-07-26T16:28:54.608542937Z: [    0.632286] PCI host bridge to bus 0000:00
[STDERR  ] 2018-07-26T16:28:54.608561025Z: [    0.632723] pci_bus 0000:00: root bus resource [io  0x0000-0x0cf7 window]
[STDERR  ] 2018-07-26T16:28:54.608581224Z: [    0.633125] pci_bus 0000:00: root bus resource [io  0x0d00-0xffff window]
[STDERR  ] 2018-07-26T16:28:54.608600987Z: [    0.633503] pci_bus 0000:00: root bus resource [mem 0x000a0000-0x000bffff window]
[STDERR  ] 2018-07-26T16:28:54.608620050Z: [    0.633916] pci_bus 0000:00: root bus resource [mem 0xc0000000-0xfebfffff window]
[STDERR  ] 2018-07-26T16:28:54.608638362Z: [    0.634436] pci_bus 0000:00: root bus resource [bus 00-ff]
[STDERR  ] 2018-07-26T16:28:54.608661411Z: [    0.675462] pci 0000:00:1f.0: quirk: [io  0x0600-0x067f] claimed by ICH6 ACPI/GPIO/TCO
[STDERR  ] 2018-07-26T16:28:54.608680083Z: [    0.701167] ACPI: PCI Interrupt Link [LNKA] (IRQs 5 *10 11)
[STDERR  ] 2018-07-26T16:28:54.608706633Z: [    0.702756] ACPI: PCI Interrupt Link [LNKB] (IRQs 5 *10 11)
[STDERR  ] 2018-07-26T16:28:54.608728446Z: [    0.703983] ACPI: PCI Interrupt Link [LNKC] (IRQs 5 10 *11)
[STDERR  ] 2018-07-26T16:28:54.608746425Z: [    0.705199] ACPI: PCI Interrupt Link [LNKD] (IRQs 5 10 *11)
[STDERR  ] 2018-07-26T16:28:54.608764774Z: [    0.706451] ACPI: PCI Interrupt Link [LNKE] (IRQs 5 *10 11)
[STDERR  ] 2018-07-26T16:28:54.608783229Z: [    0.707645] ACPI: PCI Interrupt Link [LNKF] (IRQs 5 *10 11)
[STDERR  ] 2018-07-26T16:28:54.608801957Z: [    0.708931] ACPI: PCI Interrupt Link [LNKG] (IRQs 5 10 *11)
[STDERR  ] 2018-07-26T16:28:54.608829256Z: [    0.710527] ACPI: PCI Interrupt Link [LNKH] (IRQs 5 10 *11)
[STDERR  ] 2018-07-26T16:28:54.608848030Z: [    0.711165] ACPI: PCI Interrupt Link [GSIA] (IRQs *16)
[STDERR  ] 2018-07-26T16:28:54.608865190Z: [    0.711657] ACPI: PCI Interrupt Link [GSIB] (IRQs *17)
[STDERR  ] 2018-07-26T16:28:54.608882387Z: [    0.712190] ACPI: PCI Interrupt Link [GSIC] (IRQs *18)
[STDERR  ] 2018-07-26T16:28:54.608899503Z: [    0.712655] ACPI: PCI Interrupt Link [GSID] (IRQs *19)
[STDERR  ] 2018-07-26T16:28:54.608916466Z: [    0.713133] ACPI: PCI Interrupt Link [GSIE] (IRQs *20)
[STDERR  ] 2018-07-26T16:28:54.608934948Z: [    0.713593] ACPI: PCI Interrupt Link [GSIF] (IRQs *21)
[STDERR  ] 2018-07-26T16:28:54.608952923Z: [    0.714081] ACPI: PCI Interrupt Link [GSIG] (IRQs *22)
[STDERR  ] 2018-07-26T16:28:54.608969562Z: [    0.714632] ACPI: PCI Interrupt Link [GSIH] (IRQs *23)
[STDERR  ] 2018-07-26T16:28:54.608985751Z: [    0.721477] SCSI subsystem initialized
[STDERR  ] 2018-07-26T16:28:54.609005051Z: [    0.723509] ACPI: bus type USB registered
[STDERR  ] 2018-07-26T16:28:54.609023849Z: [    0.724318] usbcore: registered new interface driver usbfs
[STDERR  ] 2018-07-26T16:28:54.609043529Z: [    0.724987] usbcore: registered new interface driver hub
[STDERR  ] 2018-07-26T16:28:54.609064183Z: [    0.725700] usbcore: registered new device driver usb
[STDOUT  ] 2018-07-26T16:28:54.609102154Z: [    0.000000] BIOS-e820: [mem 0x00000000fed1c000-0x00000000fed1ffff] reserved
[STDOUT  ] 2018-07-26T16:28:54.609118535Z: [    0.000000] BIOS-e820: [mem 0x00000000fffc0000-0x00000000ffffffff] reserved
[STDOUT  ] 2018-07-26T16:28:54.609132768Z: [    0.000000] NX (Execute Disable) protection: active
[STDOUT  ] 2018-07-26T16:28:54.609147104Z: [    0.000000] SMBIOS 2.8 present.
[STDOUT  ] 2018-07-26T16:28:54.609178269Z: [    0.000000] DMI: QEMU Standard PC (Q35 + ICH9, 2009), BIOS 1.10.2-1 04/01/2014
[STDOUT  ] 2018-07-26T16:28:54.609192009Z: [    0.000000] tsc: Fast TSC calibration using PIT
[STDOUT  ] 2018-07-26T16:28:54.609205697Z: [    0.000000] e820: last_pfn = 0x3ffdf max_arch_pfn = 0x400000000
[STDOUT  ] 2018-07-26T16:28:54.609218358Z: [    0.000000] x86/PAT: Configuration [0-7]: WB  WC  UC- UC  WB  WP  UC- WT  
[STDOUT  ] 2018-07-26T16:28:54.609231569Z: [    0.000000] found SMP MP-table at [mem 0x000f6a90-0x000f6a9f] mapped at [ffffffffff200a90]
[STDOUT  ] 2018-07-26T16:28:54.609245077Z: [    0.000000] RAMDISK: [mem 0x3dbc4000-0x3ffcffff]
[STDOUT  ] 2018-07-26T16:28:54.609258669Z: [    0.000000] ACPI: Early table checksum verification disabled
[STDERR  ] 2018-07-26T16:28:54.609119684Z: [    0.726484] pps_core: LinuxPPS API ver. 1 registered
[STDOUT  ] 2018-07-26T16:28:54.609272102Z: [    0.000000] ACPI: RSDP 0x00000000000F68D0 000014 (v00 BOCHS )
[STDOUT  ] 2018-07-26T16:28:54.609299400Z: [    0.000000] ACPI: RSDT 0x000000003FFE2404 000034 (v01 BOCHS  BXPCRSDT 00000001 BXPC 00000001)
[STDOUT  ] 2018-07-26T16:28:54.609313938Z: [    0.000000] ACPI: FACP 0x000000003FFE22A4 000074 (v01 BOCHS  BXPCFACP 00000001 BXPC 00000001)
[STDERR  ] 2018-07-26T16:28:54.609290110Z: [    0.726779] pps_core: Software ver. 5.3.6 - Copyright 2005-2007 Rodolfo Giometti <giometti@linux.it>
[STDOUT  ] 2018-07-26T16:28:54.609328364Z: [    0.000000] ACPI: DSDT 0x000000003FFE0040 002264 (v01 BOCHS  BXPCDSDT 00000001 BXPC 00000001)
[STDOUT  ] 2018-07-26T16:28:54.609382565Z: [    0.000000] ACPI: FACS 0x000000003FFE0000 000040
[STDERR  ] 2018-07-26T16:28:54.609350908Z: [    0.727388] PTP clock support registered
[STDOUT  ] 2018-07-26T16:28:54.609397881Z: [    0.000000] ACPI: APIC 0x000000003FFE2318 000078 (v01 BOCHS  BXPCAPIC 00000001 BXPC 00000001)
[STDOUT  ] 2018-07-26T16:28:54.609417306Z: [    0.000000] ACPI: HPET 0x000000003FFE2390 000038 (v01 BOCHS  BXPCHPET 00000001 BXPC 00000001)
[STDOUT  ] 2018-07-26T16:28:54.609430485Z: [    0.000000] ACPI: MCFG 0x000000003FFE23C8 00003C (v01 BOCHS  BXPCMCFG 00000001 BXPC 00000001)
[STDOUT  ] 2018-07-26T16:28:54.609475507Z: [    0.000000] Zone ranges:
[STDOUT  ] 2018-07-26T16:28:54.609489231Z: [    0.000000]   DMA      [mem 0x0000000000001000-0x0000000000ffffff]
[STDOUT  ] 2018-07-26T16:28:54.609503499Z: [    0.000000]   DMA32    [mem 0x0000000001000000-0x000000003ffdefff]
[STDOUT  ] 2018-07-26T16:28:54.609521847Z: [    0.000000]   Normal   empty
[STDERR  ] 2018-07-26T16:28:54.609398900Z: [    0.729096] PCI: Using ACPI for IRQ routing
[STDERR  ] 2018-07-26T16:28:54.609553935Z: [    0.741738] NetLabel: Initializing
[STDERR  ] 2018-07-26T16:28:54.609622977Z: [    0.741983] NetLabel:  domain hash size = 128
[STDOUT  ] 2018-07-26T16:28:54.609535818Z: [    0.000000]   Device   empty
[STDERR  ] 2018-07-26T16:28:54.609683216Z: [    0.742263] NetLabel:  protocols = UNLABELED CIPSOv4 CALIPSO
[STDOUT  ] 2018-07-26T16:28:54.609722388Z: [    0.000000] Movable zone start for each node
[STDOUT  ] 2018-07-26T16:28:54.609737744Z: [    0.000000] Early memory node ranges
[STDOUT  ] 2018-07-26T16:28:54.609751369Z: [    0.000000]   node   0: [mem 0x0000000000001000-0x000000000009efff]
[STDOUT  ] 2018-07-26T16:28:54.609765664Z: [    0.000000]   node   0: [mem 0x0000000000100000-0x000000003ffdefff]
[STDOUT  ] 2018-07-26T16:28:54.609779620Z: [    0.000000] Initmem setup node 0 [mem 0x0000000000001000-0x000000003ffdefff]
[STDOUT  ] 2018-07-26T16:28:54.609799445Z: [    0.000000] ACPI: PM-Timer IO Port: 0x608
[STDOUT  ] 2018-07-26T16:28:54.609813547Z: [    0.000000] ACPI: LAPIC_NMI (acpi_id[0xff] dfl dfl lint[0x1])
[STDOUT  ] 2018-07-26T16:28:54.609825868Z: [    0.000000] IOAPIC[0]: apic_id 0, version 32, address 0xfec00000, GSI 0-23
[STDERR  ] 2018-07-26T16:28:54.609730176Z: [    0.743954] NetLabel:  unlabeled traffic allowed by default
[STDOUT  ] 2018-07-26T16:28:54.609839462Z: [    0.000000] ACPI: INT_SRC_OVR (bus 0 bus_irq 0 global_irq 2 dfl dfl)
[STDOUT  ] 2018-07-26T16:28:54.609853052Z: [    0.000000] ACPI: INT_SRC_OVR (bus 0 bus_irq 5 global_irq 5 high level)
[STDOUT  ] 2018-07-26T16:28:54.609867376Z: [    0.000000] ACPI: INT_SRC_OVR (bus 0 bus_irq 9 global_irq 9 high level)
[STDOUT  ] 2018-07-26T16:28:54.609881090Z: [    0.000000] ACPI: INT_SRC_OVR (bus 0 bus_irq 10 global_irq 10 high level)
[STDERR  ] 2018-07-26T16:28:54.609844592Z: [    0.745245] HPET: 3 timers in total, 0 timers will be used for per-cpu timer
[STDOUT  ] 2018-07-26T16:28:54.609894915Z: [    0.000000] ACPI: INT_SRC_OVR (bus 0 bus_irq 11 global_irq 11 high level)
[STDOUT  ] 2018-07-26T16:28:54.609909141Z: [    0.000000] Using ACPI (MADT) for SMP configuration information
[STDOUT  ] 2018-07-26T16:28:54.609922889Z: [    0.000000] ACPI: HPET id: 0x8086a201 base: 0xfed00000
[STDOUT  ] 2018-07-26T16:28:54.609937032Z: [    0.000000] smpboot: Allowing 1 CPUs, 0 hotplug CPUs
[STDERR  ] 2018-07-26T16:28:54.609894978Z: [    0.745917] hpet0: at MMIO 0xfed00000, IRQs 2, 8, 0
[STDOUT  ] 2018-07-26T16:28:54.609951253Z: [    0.000000] e820: [mem 0x40000000-0xafffffff] available for PCI devices
[STDOUT  ] 2018-07-26T16:28:54.609964935Z: [    0.000000] Booting paravirtualized kernel on bare hardware
[STDOUT  ] 2018-07-26T16:28:54.609978950Z: [    0.000000] clocksource: refined-jiffies: mask: 0xffffffff max_cycles: 0xffffffff, max_idle_ns: 19112604462750000 ns
[STDOUT  ] 2018-07-26T16:28:54.610000373Z: [    0.000000] random: get_random_bytes called from start_kernel+0x92/0x4cb with crng_init=0
[STDOUT  ] 2018-07-26T16:28:54.610023933Z: [    0.000000] setup_percpu: NR_CPUS:128 nr_cpumask_bits:128 nr_cpu_ids:1 nr_node_ids:1
[STDOUT  ] 2018-07-26T16:28:54.610037198Z: [    0.000000] percpu: Embedded 44 pages/cpu @ffff9f1ebd800000 s143256 r8192 d28776 u2097152
[STDOUT  ] 2018-07-26T16:28:54.610054146Z: [    0.000000] Built 1 zonelists, mobility grouping on.  Total pages: 257896
[STDOUT  ] 2018-07-26T16:28:54.610066354Z: [    0.000000] Kernel command line: console=ttyS0 console=ttyAMA0
[STDOUT  ] 2018-07-26T16:28:54.610078733Z: [    0.000000] PID hash table entries: 4096 (order: 3, 32768 bytes)
[STDOUT  ] 2018-07-26T16:28:54.610096126Z: [    0.000000] Dentry cache hash table entries: 131072 (order: 8, 1048576 bytes)
[STDOUT  ] 2018-07-26T16:28:54.610115346Z: [    0.000000] Inode-cache hash table entries: 65536 (order: 7, 524288 bytes)
[STDOUT  ] 2018-07-26T16:28:54.610131367Z: [    0.000000] Memory: 967880K/1048052K available (12300K kernel code, 1465K rwdata, 2996K rodata, 1512K init, 632K bss, 80172K reserved, 0K cma-reserved)
[STDOUT  ] 2018-07-26T16:28:54.610148820Z: [    0.000000] ftrace: allocating 41049 entries in 161 pages
[STDOUT  ] 2018-07-26T16:28:54.610161525Z: [    0.000000] Hierarchical RCU implementation.
[STDERR  ] 2018-07-26T16:28:54.609960443Z: [    0.746278] hpet0: 3 comparators, 64-bit 100.000000 MHz counter
[STDERR  ] 2018-07-26T16:28:54.610194596Z: [    0.751257] clocksource: Switched to clocksource hpet
[STDOUT  ] 2018-07-26T16:28:54.610177476Z: [    0.000000] 	RCU restricting CPUs from NR_CPUS=128 to nr_cpu_ids=1.
[STDOUT  ] 2018-07-26T16:28:54.610276582Z: [    0.000000] RCU: Adjusting geometry for rcu_fanout_leaf=16, nr_cpu_ids=1
[STDERR  ] 2018-07-26T16:28:54.610244721Z: [    0.974350] VFS: Disk quotas dquot_6.6.0
[STDOUT  ] 2018-07-26T16:28:54.610290872Z: [    0.000000] NR_IRQS: 8448, nr_irqs: 256, preallocated irqs: 16
[STDOUT  ] 2018-07-26T16:28:54.610306294Z: [    0.000000] Console: colour VGA+ 80x25
[STDOUT  ] 2018-07-26T16:28:54.610324003Z: [    0.000000] console [ttyS0] enabled
[STDOUT  ] 2018-07-26T16:28:54.610337920Z: [    0.000000] clocksource: hpet: mask: 0xffffffff max_cycles: 0xffffffff, max_idle_ns: 19112604467 ns
[STDOUT  ] 2018-07-26T16:28:54.610351890Z: [    0.010000] tsc: Fast TSC calibration using PIT
[STDERR  ] 2018-07-26T16:28:54.610312853Z: [    0.975012] VFS: Dquot-cache hash table entries: 512 (order 0, 4096 bytes)
[STDERR  ] 2018-07-26T16:28:54.610381788Z: [    0.977370] FS-Cache: Loaded
[STDERR  ] 2018-07-26T16:28:54.610428261Z: [    0.982282] CacheFiles: Loaded
[STDOUT  ] 2018-07-26T16:28:54.610365108Z: [    0.010000] tsc: Detected 2599.985 MHz processor
[STDOUT  ] 2018-07-26T16:28:54.610506823Z: [    0.010000] Calibrating delay loop (skipped), value calculated using timer frequency.. 5199.97 BogoMIPS (lpj=25999850)
[STDOUT  ] 2018-07-26T16:28:54.610520468Z: [    0.010000] pid_max: default: 32768 minimum: 301
[STDOUT  ] 2018-07-26T16:28:54.610533147Z: [    0.010000] ACPI: Core revision 20170728
[STDOUT  ] 2018-07-26T16:28:54.610546676Z: [    0.047062] ACPI: 1 ACPI AML tables successfully acquired and loaded
[STDOUT  ] 2018-07-26T16:28:54.610560798Z: [    0.048473] Security Framework initialized
[STDOUT  ] 2018-07-26T16:28:54.610580150Z: [    0.048850] Yama: becoming mindful.
[STDOUT  ] 2018-07-26T16:28:54.610594088Z: [    0.051279] Mount-cache hash table entries: 2048 (order: 2, 16384 bytes)
[STDOUT  ] 2018-07-26T16:28:54.610606201Z: [    0.051753] Mountpoint-cache hash table entries: 2048 (order: 2, 16384 bytes)
[STDOUT  ] 2018-07-26T16:28:54.610624573Z: [    0.065621] Last level iTLB entries: 4KB 0, 2MB 0, 4MB 0
[STDOUT  ] 2018-07-26T16:28:54.610636748Z: [    0.066000] Last level dTLB entries: 4KB 0, 2MB 0, 4MB 0, 1GB 0
[STDERR  ] 2018-07-26T16:28:54.610489815Z: [    0.983352] pnp: PnP ACPI init
[STDERR  ] 2018-07-26T16:28:54.610663746Z: [    0.991962] pnp: PnP ACPI: found 5 devices
[STDOUT  ] 2018-07-26T16:28:54.610650694Z: [    0.066468] Spectre V2 : Spectre mitigation: LFENCE not serializing, switching to generic retpoline
[STDOUT  ] 2018-07-26T16:28:54.610748187Z: [    0.067021] Spectre V2 : Mitigation: Full generic retpoline
[STDOUT  ] 2018-07-26T16:28:54.610767130Z: [    0.067407] Spectre V2 : Spectre v2 mitigation: Filling RSB on context switch
[STDOUT  ] 2018-07-26T16:28:54.610780883Z: [    0.067883] Speculative Store Bypass: Vulnerable
[STDOUT  ] 2018-07-26T16:28:54.610797197Z: [    0.291393] Freeing SMP alternatives memory: 20K
[STDOUT  ] 2018-07-26T16:28:54.610810167Z: [    0.306827] smpboot: Max logical packages: 1
[STDOUT  ] 2018-07-26T16:28:54.610822401Z: [    0.311304] ..TIMER: vector=0x30 apic1=0 pin1=2 apic2=-1 pin2=-1
[STDOUT  ] 2018-07-26T16:28:54.610841424Z: [    0.420000] smpboot: CPU0: AMD QEMU Virtual CPU version 2.5+ (family: 0x6, model: 0x6, stepping: 0x3)
[STDERR  ] 2018-07-26T16:28:54.610714867Z: [    1.024293] clocksource: acpi_pm: mask: 0xffffff max_cycles: 0xffffff, max_idle_ns: 2085701024 ns
[STDOUT  ] 2018-07-26T16:28:54.610853758Z: [    0.420000] Performance Events: PMU not available due to virtualization, using software events only.
[STDOUT  ] 2018-07-26T16:28:54.610869992Z: [    0.420000] Hierarchical SRCU implementation.
[STDOUT  ] 2018-07-26T16:28:54.610884271Z: [    0.422837] NMI watchdog: Perf event create on CPU 0 failed with -2
[STDERR  ] 2018-07-26T16:28:54.610863528Z: [    1.026475] NET: Registered protocol family 2
[STDOUT  ] 2018-07-26T16:28:54.610897770Z: [    0.423432] NMI watchdog: Perf NMI watchdog permanently disabled
[STDOUT  ] 2018-07-26T16:28:54.610993269Z: [    0.426539] smp: Bringing up secondary CPUs ...
[STDOUT  ] 2018-07-26T16:28:54.611007490Z: [    0.426877] smp: Brought up 1 node, 1 CPU
[STDOUT  ] 2018-07-26T16:28:54.611027696Z: [    0.427205] smpboot: Total of 1 processors activated (5199.97 BogoMIPS)
[STDOUT  ] 2018-07-26T16:28:54.611041324Z: [    0.440405] devtmpfs: initialized
[STDERR  ] 2018-07-26T16:28:54.610917870Z: [    1.032515] TCP established hash table entries: 8192 (order: 4, 65536 bytes)
[STDOUT  ] 2018-07-26T16:28:54.611055249Z: [    0.443671] x86/mm: Memory block size: 128MB
[STDOUT  ] 2018-07-26T16:28:54.611068888Z: [    0.448198] evm: security.ima
[STDOUT  ] 2018-07-26T16:28:54.611082284Z: [    0.448424] evm: security.capability
[STDOUT  ] 2018-07-26T16:28:54.611095766Z: [    0.451303] clocksource: jiffies: mask: 0xffffffff max_cycles: 0xffffffff, max_idle_ns: 19112604462750000 ns
[STDOUT  ] 2018-07-26T16:28:54.611109576Z: [    0.451976] futex hash table entries: 256 (order: 2, 16384 bytes)
[STDOUT  ] 2018-07-26T16:28:54.611123375Z: [    0.460406] NET: Registered protocol family 16
[STDOUT  ] 2018-07-26T16:28:54.611139574Z: [    0.465577] cpuidle: using governor ladder
[STDOUT  ] 2018-07-26T16:28:54.611152555Z: [    0.466011] cpuidle: using governor menu
[STDERR  ] 2018-07-26T16:28:54.611063630Z: [    1.033178] TCP bind hash table entries: 8192 (order: 5, 131072 bytes)
[STDOUT  ] 2018-07-26T16:28:54.611164459Z: [    0.467320] ACPI: bus type PCI registered
[STDOUT  ] 2018-07-26T16:28:54.611218227Z: [    0.469568] PCI: MMCONFIG for domain 0000 [bus 00-ff] at [mem 0xb0000000-0xbfffffff] (base 0xb0000000)
[STDOUT  ] 2018-07-26T16:28:54.611232012Z: [    0.470239] PCI: MMCONFIG at [mem 0xb0000000-0xbfffffff] reserved in E820
[STDERR  ] 2018-07-26T16:28:54.611196955Z: [    1.034218] TCP: Hash tables configured (established 8192 bind 8192)
[STDOUT  ] 2018-07-26T16:28:54.611245309Z: [    0.471104] PCI: Using configuration type 1 for base access
[STDOUT  ] 2018-07-26T16:28:54.611259350Z: [    0.511625] HugeTLB registered 2.00 MiB page size, pre-allocated 0 pages
[STDOUT  ] 2018-07-26T16:28:54.611273792Z: [    0.519819] ACPI: Added _OSI(Module Device)
[STDOUT  ] 2018-07-26T16:28:54.611287474Z: [    0.520147] ACPI: Added _OSI(Processor Device)
[STDOUT  ] 2018-07-26T16:28:54.611305035Z: [    0.520464] ACPI: Added _OSI(3.0 _SCP Extensions)
[STDOUT  ] 2018-07-26T16:28:54.611318122Z: [    0.520748] ACPI: Added _OSI(Processor Aggregator Device)
[STDOUT  ] 2018-07-26T16:28:54.611330174Z: [    0.570765] ACPI: Interpreter enabled
[STDOUT  ] 2018-07-26T16:28:54.611347068Z: [    0.571483] ACPI: (supports S0 S5)
[STDOUT  ] 2018-07-26T16:28:54.611359306Z: [    0.571745] ACPI: Using IOAPIC for interrupt routing
[STDERR  ] 2018-07-26T16:28:54.611253900Z: [    1.036050] UDP hash table entries: 512 (order: 2, 16384 bytes)
[STDERR  ] 2018-07-26T16:28:54.611385177Z: [    1.036748] UDP-Lite hash table entries: 512 (order: 2, 16384 bytes)
[STDOUT  ] 2018-07-26T16:28:54.611387914Z: [    0.573279] PCI: Using host bridge windows from ACPI; if necessary, use "pci=nocrs" and report a bug
[STDOUT  ] 2018-07-26T16:28:54.611474140Z: [    0.575821] ACPI: Enabled 2 GPEs in block 00 to 3F
[STDOUT  ] 2018-07-26T16:28:54.611493046Z: [    0.624903] ACPI: PCI Root Bridge [PCI0] (domain 0000 [bus 00-ff])
[STDOUT  ] 2018-07-26T16:28:54.611508221Z: [    0.625703] acpi PNP0A08:00: _OSC: OS supports [ExtendedConfig ASPM ClockPM Segments MSI]
[STDOUT  ] 2018-07-26T16:28:54.611522374Z: [    0.629176] acpi PNP0A08:00: _OSC: OS now controls [PCIeHotplug PME PCIeCapability]
[STDERR  ] 2018-07-26T16:28:54.611470756Z: [    1.038849] NET: Registered protocol family 1
[STDOUT  ] 2018-07-26T16:28:54.611536548Z: [    0.632286] PCI host bridge to bus 0000:00
[STDOUT  ] 2018-07-26T16:28:54.611556518Z: [    0.632723] pci_bus 0000:00: root bus resource [io  0x0000-0x0cf7 window]
[STDOUT  ] 2018-07-26T16:28:54.611570215Z: [    0.633125] pci_bus 0000:00: root bus resource [io  0x0d00-0xffff window]
[STDOUT  ] 2018-07-26T16:28:54.611583293Z: [    0.633503] pci_bus 0000:00: root bus resource [mem 0x000a0000-0x000bffff window]
[STDOUT  ] 2018-07-26T16:28:54.611595296Z: [    0.633916] pci_bus 0000:00: root bus resource [mem 0xc0000000-0xfebfffff window]
[STDOUT  ] 2018-07-26T16:28:54.611610181Z: [    0.634436] pci_bus 0000:00: root bus resource [bus 00-ff]
[STDOUT  ] 2018-07-26T16:28:54.611622088Z: [    0.675462] pci 0000:00:1f.0: quirk: [io  0x0600-0x067f] claimed by ICH6 ACPI/GPIO/TCO
[STDERR  ] 2018-07-26T16:28:54.611544566Z: [    1.039742] pci 0000:00:01.0: Video device with shadowed ROM at [mem 0x000c0000-0x000dffff]
[STDOUT  ] 2018-07-26T16:28:54.611635994Z: [    0.701167] ACPI: PCI Interrupt Link [LNKA] (IRQs 5 *10 11)
[STDOUT  ] 2018-07-26T16:28:54.611730434Z: [    0.702756] ACPI: PCI Interrupt Link [LNKB] (IRQs 5 *10 11)
[STDOUT  ] 2018-07-26T16:28:54.611744215Z: [    0.703983] ACPI: PCI Interrupt Link [LNKC] (IRQs 5 10 *11)
[STDERR  ] 2018-07-26T16:28:54.611698364Z: [    1.044615] Trying to unpack rootfs image as initramfs...
[STDOUT  ] 2018-07-26T16:28:54.611758215Z: [    0.705199] ACPI: PCI Interrupt Link [LNKD] (IRQs 5 10 *11)
[STDOUT  ] 2018-07-26T16:28:54.611772034Z: [    0.706451] ACPI: PCI Interrupt Link [LNKE] (IRQs 5 *10 11)
[STDOUT  ] 2018-07-26T16:28:54.611785025Z: [    0.707645] ACPI: PCI Interrupt Link [LNKF] (IRQs 5 *10 11)
[STDOUT  ] 2018-07-26T16:28:54.611799070Z: [    0.708931] ACPI: PCI Interrupt Link [LNKG] (IRQs 5 10 *11)
[STDOUT  ] 2018-07-26T16:28:54.611813619Z: [    0.710527] ACPI: PCI Interrupt Link [LNKH] (IRQs 5 10 *11)
[STDERR  ] 2018-07-26T16:28:54.611777072Z: [    7.599956] Freeing initrd memory: 36912K
[STDERR  ] 2018-07-26T16:28:54.611847393Z: [    7.618347] PCLMULQDQ-NI instructions are not detected.
[STDOUT  ] 2018-07-26T16:28:54.611827175Z: [    0.711165] ACPI: PCI Interrupt Link [GSIA] (IRQs *16)
[STDOUT  ] 2018-07-26T16:28:54.611922173Z: [    0.711657] ACPI: PCI Interrupt Link [GSIB] (IRQs *17)
[STDOUT  ] 2018-07-26T16:28:54.611937298Z: [    0.712190] ACPI: PCI Interrupt Link [GSIC] (IRQs *18)
[STDOUT  ] 2018-07-26T16:28:54.611950954Z: [    0.712655] ACPI: PCI Interrupt Link [GSID] (IRQs *19)
[STDOUT  ] 2018-07-26T16:28:54.611966602Z: [    0.713133] ACPI: PCI Interrupt Link [GSIE] (IRQs *20)
[STDOUT  ] 2018-07-26T16:28:54.611979852Z: [    0.713593] ACPI: PCI Interrupt Link [GSIF] (IRQs *21)
[STDOUT  ] 2018-07-26T16:28:54.611992173Z: [    0.714081] ACPI: PCI Interrupt Link [GSIG] (IRQs *22)
[STDOUT  ] 2018-07-26T16:28:54.612005554Z: [    0.714632] ACPI: PCI Interrupt Link [GSIH] (IRQs *23)
[STDOUT  ] 2018-07-26T16:28:54.612024975Z: [    0.721477] SCSI subsystem initialized
[STDERR  ] 2018-07-26T16:28:54.611911976Z: [    7.619330] AVX or AES-NI instructions are not detected.
[STDOUT  ] 2018-07-26T16:28:54.612043721Z: [    0.723509] ACPI: bus type USB registered
[STDOUT  ] 2018-07-26T16:28:54.612059020Z: [    0.724318] usbcore: registered new interface driver usbfs
[STDOUT  ] 2018-07-26T16:28:54.612071587Z: [    0.724987] usbcore: registered new interface driver hub
[STDOUT  ] 2018-07-26T16:28:54.612085001Z: [    0.725700] usbcore: registered new device driver usb
[STDOUT  ] 2018-07-26T16:28:54.612097522Z: [    0.726484] pps_core: LinuxPPS API ver. 1 registered
[STDOUT  ] 2018-07-26T16:28:54.612109759Z: [    0.726779] pps_core: Software ver. 5.3.6 - Copyright 2005-2007 Rodolfo Giometti <giometti@linux.it>
[STDOUT  ] 2018-07-26T16:28:54.612130925Z: [    0.727388] PTP clock support registered
[STDOUT  ] 2018-07-26T16:28:54.612145823Z: [    0.729096] PCI: Using ACPI for IRQ routing
[STDOUT  ] 2018-07-26T16:28:54.612159293Z: [    0.741738] NetLabel: Initializing
[STDERR  ] 2018-07-26T16:28:54.612045751Z: [    7.619909] CPU feature 'AVX registers' is not supported.
[STDERR  ] 2018-07-26T16:28:54.612185730Z: [    7.620654] CPU feature 'AVX registers' is not supported.
[STDOUT  ] 2018-07-26T16:28:54.612172740Z: [    0.741983] NetLabel:  domain hash size = 128
[STDOUT  ] 2018-07-26T16:28:54.612267494Z: [    0.742263] NetLabel:  protocols = UNLABELED CIPSOv4 CALIPSO
[STDERR  ] 2018-07-26T16:28:54.612240677Z: [    7.621161] CPU feature 'AVX registers' is not supported.
[STDERR  ] 2018-07-26T16:28:54.612296611Z: [    7.621639] CPU feature 'AVX registers' is not supported.
[STDOUT  ] 2018-07-26T16:28:54.612282927Z: [    0.743954] NetLabel:  unlabeled traffic allowed by default
[STDOUT  ] 2018-07-26T16:28:54.612368049Z: [    0.745245] HPET: 3 timers in total, 0 timers will be used for per-cpu timer
[STDOUT  ] 2018-07-26T16:28:54.612383067Z: [    0.745917] hpet0: at MMIO 0xfed00000, IRQs 2, 8, 0
[STDOUT  ] 2018-07-26T16:28:54.612402786Z: [    0.746278] hpet0: 3 comparators, 64-bit 100.000000 MHz counter
[STDOUT  ] 2018-07-26T16:28:54.612416664Z: [    0.751257] clocksource: Switched to clocksource hpet
[STDOUT  ] 2018-07-26T16:28:54.612428582Z: [    0.974350] VFS: Disk quotas dquot_6.6.0
[STDOUT  ] 2018-07-26T16:28:54.612440842Z: [    0.975012] VFS: Dquot-cache hash table entries: 512 (order 0, 4096 bytes)
[STDOUT  ] 2018-07-26T16:28:54.612453738Z: [    0.977370] FS-Cache: Loaded
[STDERR  ] 2018-07-26T16:28:54.612350809Z: [    7.622139] AVX2 or AES-NI instructions are not detected.
[STDOUT  ] 2018-07-26T16:28:54.612467098Z: [    0.982282] CacheFiles: Loaded
[STDOUT  ] 2018-07-26T16:28:54.612480652Z: [    0.983352] pnp: PnP ACPI init
[STDOUT  ] 2018-07-26T16:28:54.612499565Z: [    0.991962] pnp: PnP ACPI: found 5 devices
[STDOUT  ] 2018-07-26T16:28:54.612512294Z: [    1.024293] clocksource: acpi_pm: mask: 0xffffff max_cycles: 0xffffff, max_idle_ns: 2085701024 ns
[STDOUT  ] 2018-07-26T16:28:54.612528467Z: [    1.026475] NET: Registered protocol family 2
[STDOUT  ] 2018-07-26T16:28:54.612540458Z: [    1.032515] TCP established hash table entries: 8192 (order: 4, 65536 bytes)
[STDOUT  ] 2018-07-26T16:28:54.612554719Z: [    1.033178] TCP bind hash table entries: 8192 (order: 5, 131072 bytes)
[STDOUT  ] 2018-07-26T16:28:54.612573936Z: [    1.034218] TCP: Hash tables configured (established 8192 bind 8192)
[STDOUT  ] 2018-07-26T16:28:54.612586394Z: [    1.036050] UDP hash table entries: 512 (order: 2, 16384 bytes)
[STDOUT  ] 2018-07-26T16:28:54.612598526Z: [    1.036748] UDP-Lite hash table entries: 512 (order: 2, 16384 bytes)
[STDOUT  ] 2018-07-26T16:28:54.612610675Z: [    1.038849] NET: Registered protocol family 1
[STDOUT  ] 2018-07-26T16:28:54.612622770Z: [    1.039742] pci 0000:00:01.0: Video device with shadowed ROM at [mem 0x000c0000-0x000dffff]
[STDOUT  ] 2018-07-26T16:28:54.612641088Z: [    1.044615] Trying to unpack rootfs image as initramfs...
[STDOUT  ] 2018-07-26T16:28:54.612654815Z: [    7.599956] Freeing initrd memory: 36912K
[STDOUT  ] 2018-07-26T16:28:54.612667408Z: [    7.618347] PCLMULQDQ-NI instructions are not detected.
[STDOUT  ] 2018-07-26T16:28:54.612693619Z: [    7.619330] AVX or AES-NI instructions are not detected.
[STDERR  ] 2018-07-26T16:28:54.612481134Z: [    7.622618] AVX2 instructions are not detected.
[STDERR  ] 2018-07-26T16:28:54.612761177Z: [    7.626301] audit: initializing netlink subsys (disabled)
[STDOUT  ] 2018-07-26T16:28:54.612707364Z: [    7.619909] CPU feature 'AVX registers' is not supported.
[STDOUT  ] 2018-07-26T16:28:54.612791005Z: [    7.620654] CPU feature 'AVX registers' is not supported.
[STDOUT  ] 2018-07-26T16:28:54.612804801Z: [    7.621161] CPU feature 'AVX registers' is not supported.
[STDERR  ] 2018-07-26T16:28:54.612827933Z: [    7.631290] audit: type=2000 audit(1532622499.620:1): state=initialized audit_enabled=0 res=1
[STDOUT  ] 2018-07-26T16:28:54.612818152Z: [    7.621639] CPU feature 'AVX registers' is not supported.
[STDOUT  ] 2018-07-26T16:28:54.612844306Z: [    7.622139] AVX2 or AES-NI instructions are not detected.
[STDOUT  ] 2018-07-26T16:28:54.612858075Z: [    7.622618] AVX2 instructions are not detected.
[STDOUT  ] 2018-07-26T16:28:54.612875910Z: [    7.626301] audit: initializing netlink subsys (disabled)
[STDOUT  ] 2018-07-26T16:28:54.612896150Z: [    7.631290] audit: type=2000 audit(1532622499.620:1): state=initialized audit_enabled=0 res=1
[STDOUT  ] 2018-07-26T16:28:54.612912122Z: [    7.633461] workingset: timestamp_bits=46 max_order=18 bucket_order=0
[STDOUT  ] 2018-07-26T16:28:54.612925547Z: [    7.637515] squashfs: version 4.0 (2009/01/31) Phillip Lougher
[STDOUT  ] 2018-07-26T16:28:54.612942062Z: [    7.639376] FS-Cache: Netfs 'cifs' registered for caching
[STDOUT  ] 2018-07-26T16:28:54.612955353Z: [    7.641335] fuse init (API version 7.26)
[STDOUT  ] 2018-07-26T16:28:54.612969055Z: [    7.643198] SGI XFS with ACLs, security attributes, no debug enabled
[STDERR  ] 2018-07-26T16:28:54.612883760Z: [    7.633461] workingset: timestamp_bits=46 max_order=18 bucket_order=0
[STDERR  ] 2018-07-26T16:28:54.613052043Z: [    7.637515] squashfs: version 4.0 (2009/01/31) Phillip Lougher
[STDOUT  ] 2018-07-26T16:28:54.613139776Z: [    7.646250] 9p: Installing v9fs 9p2000 file system support
[STDOUT  ] 2018-07-26T16:28:54.613154252Z: [    7.646680] FS-Cache: Netfs '9p' registered for caching
[STDERR  ] 2018-07-26T16:28:54.613120292Z: [    7.639376] FS-Cache: Netfs 'cifs' registered for caching
[STDERR  ] 2018-07-26T16:28:54.613189523Z: [    7.641335] fuse init (API version 7.26)
[STDOUT  ] 2018-07-26T16:28:54.613168492Z: [    7.675302] NET: Registered protocol family 38
[STDOUT  ] 2018-07-26T16:28:54.613260705Z: [    7.675832] Key type asymmetric registered
[STDOUT  ] 2018-07-26T16:28:54.613275043Z: [    7.676140] Asymmetric key parser 'x509' registered
[STDOUT  ] 2018-07-26T16:28:54.613294703Z: [    7.676699] Block layer SCSI generic (bsg) driver version 0.4 loaded (major 247)
[STDOUT  ] 2018-07-26T16:28:54.613308870Z: [    7.677828] io scheduler noop registered
[STDOUT  ] 2018-07-26T16:28:54.613329563Z: [    7.678128] io scheduler deadline registered (default)
[STDOUT  ] 2018-07-26T16:28:54.613341630Z: [    7.678735] io scheduler cfq registered
[STDERR  ] 2018-07-26T16:28:54.613242224Z: [    7.643198] SGI XFS with ACLs, security attributes, no debug enabled
[STDERR  ] 2018-07-26T16:28:54.613374914Z: [    7.646250] 9p: Installing v9fs 9p2000 file system support
[STDOUT  ] 2018-07-26T16:28:54.613353585Z: [    7.679035] io scheduler mq-deadline registered
[STDOUT  ] 2018-07-26T16:28:54.613438327Z: [    7.679293] io scheduler kyber registered
[STDOUT  ] 2018-07-26T16:28:54.613451865Z: [    7.682668] shpchp: Standard Hot Plug PCI Controller Driver version: 0.4
[STDOUT  ] 2018-07-26T16:28:54.613465340Z: [    7.683295] hv_vmbus: registering driver hyperv_fb
[STDOUT  ] 2018-07-26T16:28:54.613479431Z: [    7.685805] input: Power Button as /devices/LNXSYSTM:00/LNXPWRBN:00/input/input0
[STDOUT  ] 2018-07-26T16:28:54.613493293Z: [    7.688020] ACPI: Power Button [PWRF]
[STDOUT  ] 2018-07-26T16:28:54.613508296Z: [    7.700052] ACPI: PCI Interrupt Link [GSIG] enabled at IRQ 22
[STDOUT  ] 2018-07-26T16:28:54.613527980Z: [    7.709099] ACPI: PCI Interrupt Link [GSIH] enabled at IRQ 23
[STDOUT  ] 2018-07-26T16:28:54.613540591Z: [    7.713296] Serial: 8250/16550 driver, 4 ports, IRQ sharing disabled
[STDOUT  ] 2018-07-26T16:28:54.613553644Z: [    7.738331] 00:04: ttyS0 at I/O 0x3f8 (irq = 4, base_baud = 115200) is a 16550A
[STDOUT  ] 2018-07-26T16:28:54.613566928Z: [    7.746070] Non-volatile memory driver v1.3
[STDOUT  ] 2018-07-26T16:28:54.613585605Z: [    7.751410] Hangcheck: starting hangcheck timer 0.9.1 (tick is 180 seconds, margin is 60 seconds).
[STDOUT  ] 2018-07-26T16:28:54.613599535Z: [    7.760993] random: fast init done
[STDOUT  ] 2018-07-26T16:28:54.613616303Z: [    7.762107] random: crng init done
[STDOUT  ] 2018-07-26T16:28:54.613631676Z: [    7.802676] brd: module loaded
[STDOUT  ] 2018-07-26T16:28:54.613644260Z: [    7.825562] loop: module loaded
[STDOUT  ] 2018-07-26T16:28:54.613659973Z: [    7.867126] lpc_ich 0000:00:1f.0: I/O space for GPIO uninitialized
[STDOUT  ] 2018-07-26T16:28:54.613672062Z: [    7.868789] VMware PVSCSI driver - version 1.0.7.0-k
[STDOUT  ] 2018-07-26T16:28:54.613684341Z: [    7.869385] hv_vmbus: registering driver hv_storvsc
[STDOUT  ] 2018-07-26T16:28:54.613696184Z: [    7.876368] ACPI: PCI Interrupt Link [GSIA] enabled at IRQ 16
[STDERR  ] 2018-07-26T16:28:54.613429412Z: [    7.646680] FS-Cache: Netfs '9p' registered for caching
[STDERR  ] 2018-07-26T16:28:54.613721078Z: [    7.675302] NET: Registered protocol family 38
[STDERR  ] 2018-07-26T16:28:54.613775175Z: [    7.675832] Key type asymmetric registered
[STDOUT  ] 2018-07-26T16:28:54.613709209Z: [    7.881669] ahci 0000:00:1f.2: AHCI 0001.0000 32 slots 6 ports 1.5 Gbps 0x3f impl SATA mode
[STDOUT  ] 2018-07-26T16:28:54.613793424Z: [    7.882305] ahci 0000:00:1f.2: flags: 64bit ncq only 
[STDOUT  ] 2018-07-26T16:28:54.613808370Z: [    7.894969] scsi host0: ahci
[STDOUT  ] 2018-07-26T16:28:54.613821549Z: [    7.897421] scsi host1: ahci
[STDOUT  ] 2018-07-26T16:28:54.613835027Z: [    7.898824] scsi host2: ahci
[STDOUT  ] 2018-07-26T16:28:54.613854266Z: [    7.900492] scsi host3: ahci
[STDOUT  ] 2018-07-26T16:28:54.613867386Z: [    7.901835] scsi host4: ahci
[STDOUT  ] 2018-07-26T16:28:54.613879000Z: [    7.903206] scsi host5: ahci
[STDOUT  ] 2018-07-26T16:28:54.613891070Z: [    7.904268] ata1: SATA max UDMA/133 abar m4096@0xfebd2000 port 0xfebd2100 irq 24
[STDOUT  ] 2018-07-26T16:28:54.613903176Z: [    7.904735] ata2: SATA max UDMA/133 abar m4096@0xfebd2000 port 0xfebd2180 irq 24
[STDOUT  ] 2018-07-26T16:28:54.613915274Z: [    7.905147] ata3: SATA max UDMA/133 abar m4096@0xfebd2000 port 0xfebd2200 irq 24
[STDOUT  ] 2018-07-26T16:28:54.613933982Z: [    7.905547] ata4: SATA max UDMA/133 abar m4096@0xfebd2000 port 0xfebd2280 irq 24
[STDOUT  ] 2018-07-26T16:28:54.613946252Z: [    7.905957] ata5: SATA max UDMA/133 abar m4096@0xfebd2000 port 0xfebd2300 irq 24
[STDOUT  ] 2018-07-26T16:28:54.613961023Z: [    7.906361] ata6: SATA max UDMA/133 abar m4096@0xfebd2000 port 0xfebd2380 irq 24
[STDOUT  ] 2018-07-26T16:28:54.613972870Z: [    7.915617] tun: Universal TUN/TAP device driver, 1.6
[STDOUT  ] 2018-07-26T16:28:54.613984721Z: [    7.925255] VMware vmxnet3 virtual NIC driver - version 1.4.a.0-k-NAPI
[STDERR  ] 2018-07-26T16:28:54.613841732Z: [    7.676140] Asymmetric key parser 'x509' registered
[STDOUT  ] 2018-07-26T16:28:54.614068725Z: [    7.926006] hv_vmbus: registering driver hv_netvsc
[STDOUT  ] 2018-07-26T16:28:54.614083607Z: [    7.926328] Fusion MPT base driver 3.04.20
[STDERR  ] 2018-07-26T16:28:54.614044488Z: [    7.676699] Block layer SCSI generic (bsg) driver version 0.4 loaded (major 247)
[STDOUT  ] 2018-07-26T16:28:54.614098742Z: [    7.926569] Copyright (c) 1999-2008 LSI Corporation
[STDOUT  ] 2018-07-26T16:28:54.614117919Z: [    7.927029] Fusion MPT SPI Host driver 3.04.20
[STDOUT  ] 2018-07-26T16:28:54.614130534Z: [    7.928562] i8042: PNP: PS/2 Controller [PNP0303:KBD,PNP0f13:MOU] at 0x60,0x64 irq 1,12
[STDOUT  ] 2018-07-26T16:28:54.614143555Z: [    7.932486] serio: i8042 KBD port at 0x60,0x64 irq 1
[STDOUT  ] 2018-07-26T16:28:54.614164644Z: [    7.933015] serio: i8042 AUX port at 0x60,0x64 irq 12
[STDOUT  ] 2018-07-26T16:28:54.614178105Z: [    7.934900] hv_vmbus: registering driver hyperv_keyboard
[STDOUT  ] 2018-07-26T16:28:54.614200304Z: [    7.936608] mousedev: PS/2 mouse device common for all mice
[STDOUT  ] 2018-07-26T16:28:54.614214312Z: [    7.940046] input: AT Translated Set 2 keyboard as /devices/platform/i8042/serio0/input/input1
[STDOUT  ] 2018-07-26T16:28:54.614227279Z: [    7.941702] input: PC Speaker as /devices/platform/pcspkr/input/input2
[STDERR  ] 2018-07-26T16:28:54.614098913Z: [    7.677828] io scheduler noop registered
[STDOUT  ] 2018-07-26T16:28:54.614240918Z: [    7.945445] rtc_cmos 00:00: RTC can wake from S4
[STDOUT  ] 2018-07-26T16:28:54.614265152Z: [    7.947864] rtc_cmos 00:00: rtc core: registered rtc_cmos as rtc0
[STDOUT  ] 2018-07-26T16:28:54.614277702Z: [    7.948966] rtc_cmos 00:00: alarms up to one day, y3k, 114 bytes nvram, hpet irqs
[STDOUT  ] 2018-07-26T16:28:54.614289823Z: [    7.949690] i2c /dev entries driver
[STDOUT  ] 2018-07-26T16:28:54.614301790Z: [    7.951642] device-mapper: ioctl: 4.37.0-ioctl (2017-09-20) initialised: dm-devel@redhat.com
[STDOUT  ] 2018-07-26T16:28:54.614318696Z: [    7.955036] usbcore: registered new interface driver usbhid
[STDOUT  ] 2018-07-26T16:28:54.614332528Z: [    7.955380] usbhid: USB HID core driver
[STDOUT  ] 2018-07-26T16:28:54.614346845Z: [    7.956029] hv_utils: Registering HyperV Utility Driver
[STDOUT  ] 2018-07-26T16:28:54.614360304Z: [    7.956331] hv_vmbus: registering driver hv_util
[STDERR  ] 2018-07-26T16:28:54.614243233Z: [    7.678128] io scheduler deadline registered (default)
[STDOUT  ] 2018-07-26T16:28:54.614374173Z: [    7.956663] hv_vmbus: registering driver hv_balloon
[STDERR  ] 2018-07-26T16:28:54.614375029Z: [    7.678735] io scheduler cfq registered
[STDOUT  ] 2018-07-26T16:28:54.614387692Z: [    7.957092] oprofile: using NMI interrupt.
[STDOUT  ] 2018-07-26T16:28:54.614400983Z: [    7.958016] GACT probability on
[STDOUT  ] 2018-07-26T16:28:54.614414842Z: [    7.958320] Mirror/redirect action on
[STDOUT  ] 2018-07-26T16:28:54.614428167Z: [    7.958759] Simple TC action Loaded
[STDOUT  ] 2018-07-26T16:28:54.614441748Z: [    7.959223] u32 classifier
[STDOUT  ] 2018-07-26T16:28:54.614455468Z: [    7.959394]     Performance counters on
[STDOUT  ] 2018-07-26T16:28:54.614468950Z: [    7.959719]     input device check on
[STDERR  ] 2018-07-26T16:28:54.614439266Z: [    7.679035] io scheduler mq-deadline registered
[STDOUT  ] 2018-07-26T16:28:54.614485124Z: [    7.959998]     Actions configured
[STDOUT  ] 2018-07-26T16:28:54.614499727Z: [    7.960879] Netfilter messages via NETLINK v0.30.
[STDOUT  ] 2018-07-26T16:28:54.614513005Z: [    7.961292] nfnl_acct: registering with nfnetlink.
[STDOUT  ] 2018-07-26T16:28:54.614527094Z: [    7.962289] nf_conntrack version 0.5.0 (8192 buckets, 32768 max)
[STDOUT  ] 2018-07-26T16:28:54.614540733Z: [    7.964211] ctnetlink v0.93: registering with nfnetlink.
[STDERR  ] 2018-07-26T16:28:54.614503085Z: [    7.679293] io scheduler kyber registered
[STDERR  ] 2018-07-26T16:28:54.614582404Z: [    7.682668] shpchp: Standard Hot Plug PCI Controller Driver version: 0.4
[STDOUT  ] 2018-07-26T16:28:54.614554405Z: [    7.967187] nf_tables: (c) 2007-2009 Patrick McHardy <kaber@trash.net>
[STDOUT  ] 2018-07-26T16:28:54.614646779Z: [    7.967935] nf_tables_compat: (c) 2012 Pablo Neira Ayuso <pablo@netfilter.org>
[STDOUT  ] 2018-07-26T16:28:54.614661567Z: [    7.969944] xt_time: kernel timezone is -0000
[STDOUT  ] 2018-07-26T16:28:54.614674943Z: [    7.970787] ip_set: protocol 6
[STDERR  ] 2018-07-26T16:28:54.614632022Z: [    7.683295] hv_vmbus: registering driver hyperv_fb
[STDERR  ] 2018-07-26T16:28:54.614702341Z: [    7.685805] input: Power Button as /devices/LNXSYSTM:00/LNXPWRBN:00/input/input0
[STDOUT  ] 2018-07-26T16:28:54.614689223Z: [    7.971391] IPVS: Registered protocols (TCP, UDP, SCTP, AH, ESP)
[STDOUT  ] 2018-07-26T16:28:54.614785923Z: [    7.971983] IPVS: Connection hash table configured (size=4096, memory=64Kbytes)
[STDOUT  ] 2018-07-26T16:28:54.614804683Z: [    7.975083] IPVS: ipvs loaded.
[STDERR  ] 2018-07-26T16:28:54.614762173Z: [    7.688020] ACPI: Power Button [PWRF]
[STDOUT  ] 2018-07-26T16:28:54.614819356Z: [    7.975475] IPVS: [rr] scheduler registered.
[STDOUT  ] 2018-07-26T16:28:54.614832924Z: [    7.975758] IPVS: [wrr] scheduler registered.
[STDOUT  ] 2018-07-26T16:28:54.614847520Z: [    7.976014] IPVS: [lc] scheduler registered.
[STDOUT  ] 2018-07-26T16:28:54.614861735Z: [    7.976266] IPVS: [wlc] scheduler registered.
[STDERR  ] 2018-07-26T16:28:54.614825490Z: [    7.700052] ACPI: PCI Interrupt Link [GSIG] enabled at IRQ 22
[STDERR  ] 2018-07-26T16:28:54.614879892Z: [    7.709099] ACPI: PCI Interrupt Link [GSIH] enabled at IRQ 23
[STDOUT  ] 2018-07-26T16:28:54.614875592Z: [    7.976515] IPVS: [fo] scheduler registered.
[STDOUT  ] 2018-07-26T16:28:54.614893013Z: [    7.976764] IPVS: [ovf] scheduler registered.
[STDOUT  ] 2018-07-26T16:28:54.614906973Z: [    7.977123] IPVS: [lblc] scheduler registered.
[STDOUT  ] 2018-07-26T16:28:54.614921044Z: [    7.977470] IPVS: [lblcr] scheduler registered.
[STDOUT  ] 2018-07-26T16:28:54.614935126Z: [    7.977742] IPVS: [dh] scheduler registered.
[STDOUT  ] 2018-07-26T16:28:54.614947921Z: [    7.977999] IPVS: [sh] scheduler registered.
[STDERR  ] 2018-07-26T16:28:54.614944310Z: [    7.713296] Serial: 8250/16550 driver, 4 ports, IRQ sharing disabled
[STDOUT  ] 2018-07-26T16:28:54.615039900Z: [    7.978247] IPVS: [sed] scheduler registered.
[STDOUT  ] 2018-07-26T16:28:54.615054155Z: [    7.978504] IPVS: [nq] scheduler registered.
[STDERR  ] 2018-07-26T16:28:54.615011607Z: [    7.738331] 00:04: ttyS0 at I/O 0x3f8 (irq = 4, base_baud = 115200) is a 16550A
[STDOUT  ] 2018-07-26T16:28:54.615068253Z: [    7.979138] IPVS: ftp: loaded support on port[0] = 21
[STDOUT  ] 2018-07-26T16:28:54.615082044Z: [    7.979810] ipip: IPv4 and MPLS over IPv4 tunneling driver
[STDOUT  ] 2018-07-26T16:28:54.615096002Z: [    7.983284] gre: GRE over IPv4 demultiplexor driver
[STDOUT  ] 2018-07-26T16:28:54.615109756Z: [    7.985380] ip_tables: (C) 2000-2006 Netfilter Core Team
[STDERR  ] 2018-07-26T16:28:54.615074528Z: [    7.746070] Non-volatile memory driver v1.3
[STDOUT  ] 2018-07-26T16:28:54.615123774Z: [    7.988177] ipt_CLUSTERIP: ClusterIP Version 0.8 loaded successfully
[STDOUT  ] 2018-07-26T16:28:54.615137585Z: [    7.988737] arp_tables: arp_tables: (C) 2002 David S. Miller
[STDOUT  ] 2018-07-26T16:28:54.615151421Z: [    7.991058] NET: Registered protocol family 10
[STDOUT  ] 2018-07-26T16:28:54.615178423Z: [    7.998356] Segment Routing with IPv6
[STDOUT  ] 2018-07-26T16:28:54.615193294Z: [    7.999116] ip6_tables: (C) 2000-2006 Netfilter Core Team
[STDOUT  ] 2018-07-26T16:28:54.615205103Z: [    8.005554] NET: Registered protocol family 17
[STDOUT  ] 2018-07-26T16:28:54.615217781Z: [    8.006417] Bridge firewalling registered
[STDOUT  ] 2018-07-26T16:28:54.615230367Z: [    8.006826] Ebtables v2.0 registered
[STDOUT  ] 2018-07-26T16:28:54.615244451Z: [    8.008318] 8021q: 802.1Q VLAN Support v1.8
[STDERR  ] 2018-07-26T16:28:54.615129123Z: [    7.751410] Hangcheck: starting hangcheck timer 0.9.1 (tick is 180 seconds, margin is 60 seconds).
[STDOUT  ] 2018-07-26T16:28:54.615261151Z: [    8.009463] 9pnet: Installing 9P2000 support
[STDOUT  ] 2018-07-26T16:28:54.615275498Z: [    8.011207] Key type dns_resolver registered
[STDOUT  ] 2018-07-26T16:28:54.615288311Z: [    8.012383] sched_clock: Marking stable (8010210740, 0)->(8115443691, -105232951)
[STDOUT  ] 2018-07-26T16:28:54.615300601Z: [    8.015215] registered taskstats version 1
[STDOUT  ] 2018-07-26T16:28:54.615312338Z: [    8.191247] Key type big_key registered
[STDOUT  ] 2018-07-26T16:28:54.615324309Z: [    8.241204] ata3: SATA link up 1.5 Gbps (SStatus 113 SControl 300)
[STDERR  ] 2018-07-26T16:28:54.615261290Z: [    7.760993] random: fast init done
[STDERR  ] 2018-07-26T16:28:54.615404027Z: [    7.762107] random: crng init done
[STDOUT  ] 2018-07-26T16:28:54.615336699Z: [    8.243978] ata2: SATA link down (SStatus 0 SControl 300)
[STDOUT  ] 2018-07-26T16:28:54.615514005Z: [    8.245017] ata1: SATA link up 1.5 Gbps (SStatus 113 SControl 300)
[STDOUT  ] 2018-07-26T16:28:54.615528070Z: [    8.246659] ata1.00: ATA-7: QEMU HARDDISK, 2.5+, max UDMA/100
[STDOUT  ] 2018-07-26T16:28:54.615547502Z: [    8.247033] ata1.00: 1048576 sectors, multi 16: LBA48 NCQ (depth 31/32)
[STDOUT  ] 2018-07-26T16:28:54.615561074Z: [    8.247518] ata1.00: applying bridge limits
[STDOUT  ] 2018-07-26T16:28:54.615573143Z: [    8.249734] ata3.00: ATAPI: QEMU DVD-ROM, 2.5+, max UDMA/100
[STDOUT  ] 2018-07-26T16:28:54.615585128Z: [    8.250473] ata3.00: applying bridge limits
[STDOUT  ] 2018-07-26T16:28:54.615601613Z: [    8.251428] ata1.00: configured for UDMA/100
[STDOUT  ] 2018-07-26T16:28:54.615620368Z: [    8.254870] ata6: SATA link down (SStatus 0 SControl 300)
[STDOUT  ] 2018-07-26T16:28:54.615646765Z: [    8.255300] ata5: SATA link down (SStatus 0 SControl 300)
[STDOUT  ] 2018-07-26T16:28:54.615660074Z: [    8.255715] ata4: SATA link down (SStatus 0 SControl 300)
[STDOUT  ] 2018-07-26T16:28:54.615672942Z: [    8.270894] ata3.00: configured for UDMA/100
[STDOUT  ] 2018-07-26T16:28:54.615688190Z: [    8.273605] scsi 0:0:0:0: Direct-Access     ATA      QEMU HARDDISK    2.5+ PQ: 0 ANSI: 5
[STDOUT  ] 2018-07-26T16:28:54.615701976Z: [    8.278629] sd 0:0:0:0: Attached scsi generic sg0 type 0
[STDOUT  ] 2018-07-26T16:28:54.615713666Z: [    8.282842] sd 0:0:0:0: [sda] 1048576 512-byte logical blocks: (537 MB/512 MiB)
[STDOUT  ] 2018-07-26T16:28:54.615725658Z: [    8.286388] scsi 2:0:0:0: CD-ROM            QEMU     QEMU DVD-ROM     2.5+ PQ: 0 ANSI: 5
[STDOUT  ] 2018-07-26T16:28:54.615737642Z: [    8.289439] sd 0:0:0:0: [sda] Write Protect is off
[STDERR  ] 2018-07-26T16:28:54.615473016Z: [    7.802676] brd: module loaded
[STDERR  ] 2018-07-26T16:28:54.615755698Z: [    7.825562] loop: module loaded
[STDOUT  ] 2018-07-26T16:28:54.615750453Z: [    8.299788] sd 0:0:0:0: [sda] Write cache: enabled, read cache: enabled, doesn't support DPO or FUA
[STDOUT  ] 2018-07-26T16:28:54.615834606Z: [    8.305952] Key type trusted registered
[STDOUT  ] 2018-07-26T16:28:54.615849269Z: [    8.322811] sr 2:0:0:0: [sr0] scsi3-mmc drive: 4x/4x cd/rw xa/form2 tray
[STDERR  ] 2018-07-26T16:28:54.615816979Z: [    7.867126] lpc_ich 0000:00:1f.0: I/O space for GPIO uninitialized
[STDERR  ] 2018-07-26T16:28:54.615877545Z: [    7.868789] VMware PVSCSI driver - version 1.0.7.0-k
[STDOUT  ] 2018-07-26T16:28:54.615863819Z: [    8.323394] cdrom: Uniform CD-ROM driver Revision: 3.20
[STDOUT  ] 2018-07-26T16:28:54.615948373Z: [    8.329240] sr 2:0:0:0: Attached scsi generic sg1 type 5
[STDERR  ] 2018-07-26T16:28:54.615927690Z: [    7.869385] hv_vmbus: registering driver hv_storvsc
[STDERR  ] 2018-07-26T16:28:54.615982474Z: [    7.876368] ACPI: PCI Interrupt Link [GSIA] enabled at IRQ 16
[STDERR  ] 2018-07-26T16:28:54.616032495Z: [    7.881669] ahci 0000:00:1f.2: AHCI 0001.0000 32 slots 6 ports 1.5 Gbps 0x3f impl SATA mode
[STDOUT  ] 2018-07-26T16:28:54.615962687Z: [    8.332411] sd 0:0:0:0: [sda] Attached SCSI disk
[STDOUT  ] 2018-07-26T16:28:54.616045857Z: [    8.385848] Key type encrypted registered
[STDOUT  ] 2018-07-26T16:28:54.616060943Z: [    8.386461] ima: No TPM chip found, activating TPM-bypass! (rc=-19)
[STDOUT  ] 2018-07-26T16:28:54.616075562Z: [    8.386921] ima: Allocated hash algorithm: sha256
[STDERR  ] 2018-07-26T16:28:54.616087297Z: [    7.882305] ahci 0000:00:1f.2: flags: 64bit ncq only 
[STDOUT  ] 2018-07-26T16:28:54.616089442Z: [    8.388949] evm: HMAC attrs: 0x1
[STDERR  ] 2018-07-26T16:28:54.616181451Z: [    7.894969] scsi host0: ahci
[STDOUT  ] 2018-07-26T16:28:54.616184458Z: [    8.393348] rtc_cmos 00:00: setting system clock to 2018-07-26 16:28:20 UTC (1532622500)
[STDOUT  ] 2018-07-26T16:28:54.616197760Z: [    8.527270] Freeing unused kernel memory: 1512K
[STDOUT  ] 2018-07-26T16:28:54.616211786Z: [    8.540679] Write protecting the kernel read-only data: 18432k
[STDOUT  ] 2018-07-26T16:28:54.616225662Z: [    8.552688] Freeing unused kernel memory: 2024K
[STDOUT  ] 2018-07-26T16:28:54.616244038Z: [    8.599068] Freeing unused kernel memory: 1100K
[STDOUT  ] 2018-07-26T16:28:54.616261395Z: [    8.640518] tsc: Refined TSC clocksource calibration: 2599.925 MHz
[STDOUT  ] 2018-07-26T16:28:54.616278663Z: [    8.641063] clocksource: tsc: mask: 0xffffffffffffffff max_cycles: 0x2579f537354, max_idle_ns: 440795315525 ns
[STDOUT  ] 2018-07-26T16:28:54.616292867Z: [    9.661180] clocksource: Switched to clocksource tsc
[STDERR  ] 2018-07-26T16:28:54.616237311Z: [    7.897421] scsi host1: ahci
[STDERR  ] 2018-07-26T16:28:54.616319741Z: [    7.898824] scsi host2: ahci
[STDOUT  ] 2018-07-26T16:28:54.616306191Z: 
[STDOUT  ] 2018-07-26T16:28:54.616389706Z: Welcome to LinuxKit
[STDOUT  ] 2018-07-26T16:28:54.616405577Z: 
[STDOUT  ] 2018-07-26T16:28:54.616419229Z:                         ##         .
[STDERR  ] 2018-07-26T16:28:54.616369646Z: [    7.900492] scsi host3: ahci
[STDERR  ] 2018-07-26T16:28:54.616447245Z: [    7.901835] scsi host4: ahci
[STDOUT  ] 2018-07-26T16:28:54.616433679Z:                   ## ## ##        ==
[STDOUT  ] 2018-07-26T16:28:54.616524799Z:                ## ## ## ## ##    ===
[STDOUT  ] 2018-07-26T16:28:54.616537657Z:            /"""""""""""""""""\___/ ===
[STDOUT  ] 2018-07-26T16:28:54.616551739Z:           {                       /  ===-
[STDERR  ] 2018-07-26T16:28:54.616507678Z: [    7.903206] scsi host5: ahci
[STDERR  ] 2018-07-26T16:28:54.616598646Z: [    7.904268] ata1: SATA max UDMA/133 abar m4096@0xfebd2000 port 0xfebd2100 irq 24
[STDOUT  ] 2018-07-26T16:28:54.616565265Z:            \______ O           __/
[STDOUT  ] 2018-07-26T16:28:54.616657121Z:              \    \         __/
[STDOUT  ] 2018-07-26T16:28:54.616671528Z:               \____\_______/
[STDOUT  ] 2018-07-26T16:28:54.616686601Z: 
[STDERR  ] 2018-07-26T16:28:54.616650264Z: [    7.904735] ata2: SATA max UDMA/133 abar m4096@0xfebd2000 port 0xfebd2180 irq 24
[STDOUT  ] 2018-07-26T16:28:54.616700107Z: [   21.690363] raid6: sse2x1   gen()   417 MB/s
[STDERR  ] 2018-07-26T16:28:54.616706759Z: [    7.905147] ata3: SATA max UDMA/133 abar m4096@0xfebd2000 port 0xfebd2200 irq 24
[STDOUT  ] 2018-07-26T16:28:54.616783208Z: [   21.860423] raid6: sse2x1   xor()   195 MB/s
[STDOUT  ] 2018-07-26T16:28:54.616797433Z: [   22.030419] raid6: sse2x2   gen()   370 MB/s
[STDOUT  ] 2018-07-26T16:28:54.616814282Z: [   22.200429] raid6: sse2x2   xor()   239 MB/s
[STDERR  ] 2018-07-26T16:28:54.616783243Z: [    7.905547] ata4: SATA max UDMA/133 abar m4096@0xfebd2000 port 0xfebd2280 irq 24
[STDOUT  ] 2018-07-26T16:28:54.616827754Z: [   22.370451] raid6: sse2x4   gen()   460 MB/s
[STDOUT  ] 2018-07-26T16:28:54.616841319Z: [   22.540289] raid6: sse2x4   xor()   274 MB/s
[STDOUT  ] 2018-07-26T16:28:54.616854413Z: [   22.540662] raid6: using algorithm sse2x4 gen() 460 MB/s
[STDOUT  ] 2018-07-26T16:28:54.616867951Z: [   22.540966] raid6: .... xor() 274 MB/s, rmw enabled
[STDOUT  ] 2018-07-26T16:28:54.616881594Z: [   22.541361] raid6: using intx1 recovery algorithm
[STDERR  ] 2018-07-26T16:28:54.616838479Z: [    7.905957] ata5: SATA max UDMA/133 abar m4096@0xfebd2000 port 0xfebd2300 irq 24
[STDERR  ] 2018-07-26T16:28:54.616917244Z: [    7.906361] ata6: SATA max UDMA/133 abar m4096@0xfebd2000 port 0xfebd2380 irq 24
[STDOUT  ] 2018-07-26T16:28:54.616895493Z: [   22.624039] xor: measuring software checksum speed
[STDOUT  ] 2018-07-26T16:28:54.616985959Z: [   22.720327]    prefetch64-sse:  1090.400 MB/sec
[STDOUT  ] 2018-07-26T16:28:54.616999667Z: [   22.820206]    generic_sse:  1054.400 MB/sec
[STDOUT  ] 2018-07-26T16:28:54.617019159Z: [   22.820571] xor: using function: prefetch64-sse (1090.400 MB/sec)
[STDOUT  ] 2018-07-26T16:28:54.617033325Z: [   23.051231] Btrfs loaded, crc32c=crc32c-generic
[STDOUT  ] 2018-07-26T16:28:54.617050033Z: [   23.666024] IPVS: ftp: loaded support on port[0] = 21
[STDOUT  ] 2018-07-26T16:28:54.617063333Z: [   24.767223]  sda:
[STDOUT  ] 2018-07-26T16:28:54.617075450Z: [   24.833694]  sda:
[STDOUT  ] 2018-07-26T16:28:54.617087744Z: [   25.152184]  sda: sda1
[STDOUT  ] 2018-07-26T16:28:54.617104632Z: [   25.231200]  sda: sda1
[STDERR  ] 2018-07-26T16:28:54.616974403Z: [    7.915617] tun: Universal TUN/TAP device driver, 1.6
[STDOUT  ] 2018-07-26T16:28:54.617118022Z: [   26.949957] BTRFS: device fsid a8f0a2d8-a059-42fc-9dde-b24a44236ad3 devid 1 transid 5 /dev/sda1
[STDOUT  ] 2018-07-26T16:28:54.617131815Z: 2018/07/26 16:28:36 Creating partition on /dev/sda
[STDOUT  ] 2018-07-26T16:28:54.617145777Z: 2018/07/26 16:28:38 Partition /dev/sda1 successfully created!
[STDOUT  ] 2018-07-26T16:28:54.617160041Z: [   27.429416] IPVS: ftp: loaded support on port[0] = 21
[STDERR  ] 2018-07-26T16:28:54.617126188Z: [    7.925255] VMware vmxnet3 virtual NIC driver - version 1.4.a.0-k-NAPI
[STDOUT  ] 2018-07-26T16:28:54.617176426Z: [   28.484520] FAT-fs (sda1): utf8 is not a recommended IO charset for FAT filesystems, filesystem will be case sensitive!
[STDOUT  ] 2018-07-26T16:28:54.617199124Z: [   28.488097] FAT-fs (sda1): utf8 is not a recommended IO charset for FAT filesystems, filesystem will be case sensitive!
[STDOUT  ] 2018-07-26T16:28:54.617212629Z: [   28.492110] mount: sending ioctl 5310 to a partition!
[STDOUT  ] 2018-07-26T16:28:54.617225918Z: [   28.526742] mount: sending ioctl 5310 to a partition!
[STDOUT  ] 2018-07-26T16:28:54.617244041Z: [   28.551937] BTRFS info (device sda1): disk space caching is enabled
[STDOUT  ] 2018-07-26T16:28:54.617257632Z: [   28.552423] BTRFS info (device sda1): has skinny extents
[STDOUT  ] 2018-07-26T16:28:54.617270312Z: [   28.552748] BTRFS info (device sda1): flagging fs with big metadata feature
[STDOUT  ] 2018-07-26T16:28:54.617282182Z: [   28.597901] BTRFS info (device sda1): checking UUID tree
[STDOUT  ] 2018-07-26T16:28:54.617293950Z: format_mount test suite PASSED
[STDERR  ] 2018-07-26T16:28:54.617181515Z: [    7.926006] hv_vmbus: registering driver hv_netvsc
[STDOUT  ] 2018-07-26T16:28:54.617306214Z: [   42.294347] sd 0:0:0:0: [sda] Synchronizing SCSI cache
[STDOUT  ] 2018-07-26T16:28:54.617319877Z: [   42.296127] sd 0:0:0:0: [sda] Stopping disk
[STDOUT  ] 2018-07-26T16:28:54.617333618Z: [   42.298185] ACPI: Preparing to enter system sleep state S5
[STDOUT  ] 2018-07-26T16:28:54.617346718Z: [   42.299236] reboot: Power down
[STDERR  ] 2018-07-26T16:28:54.617311963Z: [    7.926328] Fusion MPT base driver 3.04.20
[STDERR  ] 2018-07-26T16:28:54.617377375Z: [    7.926569] Copyright (c) 1999-2008 LSI Corporation
[STDERR  ] 2018-07-26T16:28:54.617426868Z: [    7.927029] Fusion MPT SPI Host driver 3.04.20
[STDERR  ] 2018-07-26T16:28:54.617474932Z: [    7.928562] i8042: PNP: PS/2 Controller [PNP0303:KBD,PNP0f13:MOU] at 0x60,0x64 irq 1,12
[STDERR  ] 2018-07-26T16:28:54.617536823Z: [    7.932486] serio: i8042 KBD port at 0x60,0x64 irq 1
[STDERR  ] 2018-07-26T16:28:54.617604429Z: [    7.933015] serio: i8042 AUX port at 0x60,0x64 irq 12
[STDERR  ] 2018-07-26T16:28:54.617653395Z: [    7.934900] hv_vmbus: registering driver hyperv_keyboard
[STDERR  ] 2018-07-26T16:28:54.617711071Z: [    7.936608] mousedev: PS/2 mouse device common for all mice
[STDERR  ] 2018-07-26T16:28:54.617767964Z: [    7.940046] input: AT Translated Set 2 keyboard as /devices/platform/i8042/serio0/input/input1
[STDERR  ] 2018-07-26T16:28:54.617826178Z: [    7.941702] input: PC Speaker as /devices/platform/pcspkr/input/input2
[STDERR  ] 2018-07-26T16:28:54.617884724Z: [    7.945445] rtc_cmos 00:00: RTC can wake from S4
[STDERR  ] 2018-07-26T16:28:54.617934035Z: [    7.947864] rtc_cmos 00:00: rtc core: registered rtc_cmos as rtc0
[STDERR  ] 2018-07-26T16:28:54.617983244Z: [    7.948966] rtc_cmos 00:00: alarms up to one day, y3k, 114 bytes nvram, hpet irqs
[STDERR  ] 2018-07-26T16:28:54.618032801Z: [    7.949690] i2c /dev entries driver
[STDERR  ] 2018-07-26T16:28:54.618092616Z: [    7.951642] device-mapper: ioctl: 4.37.0-ioctl (2017-09-20) initialised: dm-devel@redhat.com
[STDERR  ] 2018-07-26T16:28:54.618151313Z: [    7.955036] usbcore: registered new interface driver usbhid
[STDERR  ] 2018-07-26T16:28:54.618199539Z: [    7.955380] usbhid: USB HID core driver
[STDERR  ] 2018-07-26T16:28:54.618259191Z: [    7.956029] hv_utils: Registering HyperV Utility Driver
[STDERR  ] 2018-07-26T16:28:54.618316696Z: [    7.956331] hv_vmbus: registering driver hv_util
[STDERR  ] 2018-07-26T16:28:54.618374729Z: [    7.956663] hv_vmbus: registering driver hv_balloon
[STDERR  ] 2018-07-26T16:28:54.618423651Z: [    7.957092] oprofile: using NMI interrupt.
[STDERR  ] 2018-07-26T16:28:54.618483185Z: [    7.958016] GACT probability on
[STDERR  ] 2018-07-26T16:28:54.618549856Z: [    7.958320] Mirror/redirect action on
[STDERR  ] 2018-07-26T16:28:54.618598488Z: [    7.958759] Simple TC action Loaded
[STDERR  ] 2018-07-26T16:28:54.618655974Z: [    7.959223] u32 classifier
[STDERR  ] 2018-07-26T16:28:54.618703079Z: [    7.959394]     Performance counters on
[STDERR  ] 2018-07-26T16:28:54.618759635Z: [    7.959719]     input device check on
[STDERR  ] 2018-07-26T16:28:54.618822785Z: [    7.959998]     Actions configured
[STDERR  ] 2018-07-26T16:28:54.618870851Z: [    7.960879] Netfilter messages via NETLINK v0.30.
[STDERR  ] 2018-07-26T16:28:54.618919464Z: [    7.961292] nfnl_acct: registering with nfnetlink.
[STDERR  ] 2018-07-26T16:28:54.618972162Z: [    7.962289] nf_conntrack version 0.5.0 (8192 buckets, 32768 max)
[STDERR  ] 2018-07-26T16:28:54.619030067Z: [    7.964211] ctnetlink v0.93: registering with nfnetlink.
[STDERR  ] 2018-07-26T16:28:54.619078584Z: [    7.967187] nf_tables: (c) 2007-2009 Patrick McHardy <kaber@trash.net>
[STDERR  ] 2018-07-26T16:28:54.619139357Z: [    7.967935] nf_tables_compat: (c) 2012 Pablo Neira Ayuso <pablo@netfilter.org>
[STDERR  ] 2018-07-26T16:28:54.619231713Z: [    7.969944] xt_time: kernel timezone is -0000
[STDERR  ] 2018-07-26T16:28:54.619281804Z: [    7.970787] ip_set: protocol 6
[STDERR  ] 2018-07-26T16:28:54.619347434Z: [    7.971391] IPVS: Registered protocols (TCP, UDP, SCTP, AH, ESP)
[STDERR  ] 2018-07-26T16:28:54.619396291Z: [    7.971983] IPVS: Connection hash table configured (size=4096, memory=64Kbytes)
[STDERR  ] 2018-07-26T16:28:54.619454050Z: [    7.975083] IPVS: ipvs loaded.
[STDERR  ] 2018-07-26T16:28:54.619503669Z: [    7.975475] IPVS: [rr] scheduler registered.
[STDERR  ] 2018-07-26T16:28:54.619560214Z: [    7.975758] IPVS: [wrr] scheduler registered.
[STDERR  ] 2018-07-26T16:28:54.619619156Z: [    7.976014] IPVS: [lc] scheduler registered.
[STDERR  ] 2018-07-26T16:28:54.619669476Z: [    7.976266] IPVS: [wlc] scheduler registered.
[STDERR  ] 2018-07-26T16:28:54.619718237Z: [    7.976515] IPVS: [fo] scheduler registered.
[STDERR  ] 2018-07-26T16:28:54.619782792Z: [    7.976764] IPVS: [ovf] scheduler registered.
[STDERR  ] 2018-07-26T16:28:54.619832137Z: [    7.977123] IPVS: [lblc] scheduler registered.
[STDERR  ] 2018-07-26T16:28:54.619880389Z: [    7.977470] IPVS: [lblcr] scheduler registered.
[STDERR  ] 2018-07-26T16:28:54.619930462Z: [    7.977742] IPVS: [dh] scheduler registered.
[STDERR  ] 2018-07-26T16:28:54.619985789Z: [    7.977999] IPVS: [sh] scheduler registered.
[STDERR  ] 2018-07-26T16:28:54.620058176Z: [    7.978247] IPVS: [sed] scheduler registered.
[STDERR  ] 2018-07-26T16:28:54.620128411Z: [    7.978504] IPVS: [nq] scheduler registered.
[STDERR  ] 2018-07-26T16:28:54.620186212Z: [    7.979138] IPVS: ftp: loaded support on port[0] = 21
[STDERR  ] 2018-07-26T16:28:54.620257946Z: [    7.979810] ipip: IPv4 and MPLS over IPv4 tunneling driver
[STDERR  ] 2018-07-26T16:28:54.620314348Z: [    7.983284] gre: GRE over IPv4 demultiplexor driver
[STDERR  ] 2018-07-26T16:28:54.620368157Z: [    7.985380] ip_tables: (C) 2000-2006 Netfilter Core Team
[STDERR  ] 2018-07-26T16:28:54.620429140Z: [    7.988177] ipt_CLUSTERIP: ClusterIP Version 0.8 loaded successfully
[STDERR  ] 2018-07-26T16:28:54.620478422Z: [    7.988737] arp_tables: arp_tables: (C) 2002 David S. Miller
[STDERR  ] 2018-07-26T16:28:54.620597156Z: [    7.991058] NET: Registered protocol family 10
[STDERR  ] 2018-07-26T16:28:54.620654201Z: [    7.998356] Segment Routing with IPv6
[STDERR  ] 2018-07-26T16:28:54.620734261Z: [    7.999116] ip6_tables: (C) 2000-2006 Netfilter Core Team
[STDERR  ] 2018-07-26T16:28:54.620792232Z: [    8.005554] NET: Registered protocol family 17
[STDERR  ] 2018-07-26T16:28:54.620847705Z: [    8.006417] Bridge firewalling registered
[STDERR  ] 2018-07-26T16:28:54.620897756Z: [    8.006826] Ebtables v2.0 registered
[STDERR  ] 2018-07-26T16:28:54.620955878Z: [    8.008318] 8021q: 802.1Q VLAN Support v1.8
[STDERR  ] 2018-07-26T16:28:54.621008357Z: [    8.009463] 9pnet: Installing 9P2000 support
[STDERR  ] 2018-07-26T16:28:54.621065048Z: [    8.011207] Key type dns_resolver registered
[STDERR  ] 2018-07-26T16:28:54.621125578Z: [    8.012383] sched_clock: Marking stable (8010210740, 0)->(8115443691, -105232951)
[STDERR  ] 2018-07-26T16:28:54.621176592Z: [    8.015215] registered taskstats version 1
[STDERR  ] 2018-07-26T16:28:54.621235263Z: [    8.191247] Key type big_key registered
[STDERR  ] 2018-07-26T16:28:54.621318789Z: [    8.241204] ata3: SATA link up 1.5 Gbps (SStatus 113 SControl 300)
[STDERR  ] 2018-07-26T16:28:54.621367757Z: [    8.243978] ata2: SATA link down (SStatus 0 SControl 300)
[STDERR  ] 2018-07-26T16:28:54.621425077Z: [    8.245017] ata1: SATA link up 1.5 Gbps (SStatus 113 SControl 300)
[STDERR  ] 2018-07-26T16:28:54.621483983Z: [    8.246659] ata1.00: ATA-7: QEMU HARDDISK, 2.5+, max UDMA/100
[STDERR  ] 2018-07-26T16:28:54.621552617Z: [    8.247033] ata1.00: 1048576 sectors, multi 16: LBA48 NCQ (depth 31/32)
[STDERR  ] 2018-07-26T16:28:54.621612701Z: [    8.247518] ata1.00: applying bridge limits
[STDERR  ] 2018-07-26T16:28:54.621670517Z: [    8.249734] ata3.00: ATAPI: QEMU DVD-ROM, 2.5+, max UDMA/100
[STDERR  ] 2018-07-26T16:28:54.621732299Z: [    8.250473] ata3.00: applying bridge limits
[STDERR  ] 2018-07-26T16:28:54.621791489Z: [    8.251428] ata1.00: configured for UDMA/100
[STDERR  ] 2018-07-26T16:28:54.621855637Z: [    8.254870] ata6: SATA link down (SStatus 0 SControl 300)
[STDERR  ] 2018-07-26T16:28:54.621905190Z: [    8.255300] ata5: SATA link down (SStatus 0 SControl 300)
[STDERR  ] 2018-07-26T16:28:54.621963225Z: [    8.255715] ata4: SATA link down (SStatus 0 SControl 300)
[STDERR  ] 2018-07-26T16:28:54.622020558Z: [    8.270894] ata3.00: configured for UDMA/100
[STDERR  ] 2018-07-26T16:28:54.622078916Z: [    8.273605] scsi 0:0:0:0: Direct-Access     ATA      QEMU HARDDISK    2.5+ PQ: 0 ANSI: 5
[STDERR  ] 2018-07-26T16:28:54.622135898Z: [    8.278629] sd 0:0:0:0: Attached scsi generic sg0 type 0
[STDERR  ] 2018-07-26T16:28:54.622185844Z: [    8.282842] sd 0:0:0:0: [sda] 1048576 512-byte logical blocks: (537 MB/512 MiB)
[STDERR  ] 2018-07-26T16:28:54.622236283Z: [    8.286388] scsi 2:0:0:0: CD-ROM            QEMU     QEMU DVD-ROM     2.5+ PQ: 0 ANSI: 5
[STDERR  ] 2018-07-26T16:28:54.622295546Z: [    8.289439] sd 0:0:0:0: [sda] Write Protect is off
[STDERR  ] 2018-07-26T16:28:54.622344530Z: [    8.299788] sd 0:0:0:0: [sda] Write cache: enabled, read cache: enabled, doesn't support DPO or FUA
[STDERR  ] 2018-07-26T16:28:54.622404732Z: [    8.305952] Key type trusted registered
[STDERR  ] 2018-07-26T16:28:54.622474205Z: [    8.322811] sr 2:0:0:0: [sr0] scsi3-mmc drive: 4x/4x cd/rw xa/form2 tray
[STDERR  ] 2018-07-26T16:28:54.622531365Z: [    8.323394] cdrom: Uniform CD-ROM driver Revision: 3.20
[STDERR  ] 2018-07-26T16:28:54.622590188Z: [    8.329240] sr 2:0:0:0: Attached scsi generic sg1 type 5
[STDERR  ] 2018-07-26T16:28:54.622648012Z: [    8.332411] sd 0:0:0:0: [sda] Attached SCSI disk
[STDERR  ] 2018-07-26T16:28:54.622706408Z: [    8.385848] Key type encrypted registered
[STDERR  ] 2018-07-26T16:28:54.622755652Z: [    8.386461] ima: No TPM chip found, activating TPM-bypass! (rc=-19)
[STDERR  ] 2018-07-26T16:28:54.622812801Z: [    8.386921] ima: Allocated hash algorithm: sha256
[STDERR  ] 2018-07-26T16:28:54.622870562Z: [    8.388949] evm: HMAC attrs: 0x1
[STDERR  ] 2018-07-26T16:28:54.622928325Z: [    8.393348] rtc_cmos 00:00: setting system clock to 2018-07-26 16:28:20 UTC (1532622500)
[STDERR  ] 2018-07-26T16:28:54.622978079Z: [    8.527270] Freeing unused kernel memory: 1512K
[STDERR  ] 2018-07-26T16:28:54.623030680Z: [    8.540679] Write protecting the kernel read-only data: 18432k
[STDERR  ] 2018-07-26T16:28:54.623086213Z: [    8.552688] Freeing unused kernel memory: 2024K
[STDERR  ] 2018-07-26T16:28:54.623146892Z: [    8.599068] Freeing unused kernel memory: 1100K
[STDERR  ] 2018-07-26T16:28:54.623241978Z: [    8.640518] tsc: Refined TSC clocksource calibration: 2599.925 MHz
[STDERR  ] 2018-07-26T16:28:54.623303818Z: [    8.641063] clocksource: tsc: mask: 0xffffffffffffffff max_cycles: 0x2579f537354, max_idle_ns: 440795315525 ns
[STDERR  ] 2018-07-26T16:28:54.623354184Z: [    9.661180] clocksource: Switched to clocksource tsc
[STDERR  ] 2018-07-26T16:28:54.623402026Z: 
[STDERR  ] 2018-07-26T16:28:54.623459306Z: Welcome to LinuxKit
[STDERR  ] 2018-07-26T16:28:54.623525335Z: 
[STDERR  ] 2018-07-26T16:28:54.623575298Z:                         ##         .
[STDERR  ] 2018-07-26T16:28:54.623640985Z:                   ## ## ##        ==
[STDERR  ] 2018-07-26T16:28:54.623689718Z:                ## ## ## ## ##    ===
[STDERR  ] 2018-07-26T16:28:54.623741770Z:            /"""""""""""""""""\___/ ===
[STDERR  ] 2018-07-26T16:28:54.623789428Z:           {                       /  ===-
[STDERR  ] 2018-07-26T16:28:54.623847654Z:            \______ O           __/
[STDERR  ] 2018-07-26T16:28:54.623906329Z:              \    \         __/
[STDERR  ] 2018-07-26T16:28:54.623954281Z:               \____\_______/
[STDERR  ] 2018-07-26T16:28:54.624018361Z: 
[STDERR  ] 2018-07-26T16:28:54.624067736Z: [   21.690363] raid6: sse2x1   gen()   417 MB/s
[STDERR  ] 2018-07-26T16:28:54.624125452Z: [   21.860423] raid6: sse2x1   xor()   195 MB/s
[STDERR  ] 2018-07-26T16:28:54.624173997Z: [   22.030419] raid6: sse2x2   gen()   370 MB/s
[STDERR  ] 2018-07-26T16:28:54.624222085Z: [   22.200429] raid6: sse2x2   xor()   239 MB/s
[STDERR  ] 2018-07-26T16:28:54.624277127Z: [   22.370451] raid6: sse2x4   gen()   460 MB/s
[STDERR  ] 2018-07-26T16:28:54.624334872Z: [   22.540289] raid6: sse2x4   xor()   274 MB/s
[STDERR  ] 2018-07-26T16:28:54.624395312Z: [   22.540662] raid6: using algorithm sse2x4 gen() 460 MB/s
[STDERR  ] 2018-07-26T16:28:54.624449436Z: [   22.540966] raid6: .... xor() 274 MB/s, rmw enabled
[STDERR  ] 2018-07-26T16:28:54.624519555Z: [   22.541361] raid6: using intx1 recovery algorithm
[STDERR  ] 2018-07-26T16:28:54.624578524Z: [   22.624039] xor: measuring software checksum speed
[STDERR  ] 2018-07-26T16:28:54.624648062Z: [   22.720327]    prefetch64-sse:  1090.400 MB/sec
[STDERR  ] 2018-07-26T16:28:54.624696019Z: [   22.820206]    generic_sse:  1054.400 MB/sec
[STDERR  ] 2018-07-26T16:28:54.624754070Z: [   22.820571] xor: using function: prefetch64-sse (1090.400 MB/sec)
[STDERR  ] 2018-07-26T16:28:54.624811697Z: [   23.051231] Btrfs loaded, crc32c=crc32c-generic
[STDERR  ] 2018-07-26T16:28:54.624905674Z: [   23.666024] IPVS: ftp: loaded support on port[0] = 21
[STDERR  ] 2018-07-26T16:28:54.624964687Z: [   24.767223]  sda:
[STDERR  ] 2018-07-26T16:28:54.625022164Z: [   24.833694]  sda:
[STDERR  ] 2018-07-26T16:28:54.625079926Z: [   25.152184]  sda: sda1
[STDERR  ] 2018-07-26T16:28:54.625142978Z: [   25.231200]  sda: sda1
[STDERR  ] 2018-07-26T16:28:54.625206043Z: [   26.949957] BTRFS: device fsid a8f0a2d8-a059-42fc-9dde-b24a44236ad3 devid 1 transid 5 /dev/sda1
[STDERR  ] 2018-07-26T16:28:54.625262572Z: 2018/07/26 16:28:36 Creating partition on /dev/sda
[STDERR  ] 2018-07-26T16:28:54.625311964Z: 2018/07/26 16:28:38 Partition /dev/sda1 successfully created!
[STDERR  ] 2018-07-26T16:28:54.625373825Z: [   27.429416] IPVS: ftp: loaded support on port[0] = 21
[STDERR  ] 2018-07-26T16:28:54.625425620Z: [   28.484520] FAT-fs (sda1): utf8 is not a recommended IO charset for FAT filesystems, filesystem will be case sensitive!
[STDERR  ] 2018-07-26T16:28:54.625484352Z: [   28.488097] FAT-fs (sda1): utf8 is not a recommended IO charset for FAT filesystems, filesystem will be case sensitive!
[STDERR  ] 2018-07-26T16:28:54.625551963Z: [   28.492110] mount: sending ioctl 5310 to a partition!
[STDERR  ] 2018-07-26T16:28:54.625608733Z: [   28.526742] mount: sending ioctl 5310 to a partition!
[STDERR  ] 2018-07-26T16:28:54.625670107Z: [   28.551937] BTRFS info (device sda1): disk space caching is enabled
[STDERR  ] 2018-07-26T16:28:54.625735558Z: [   28.552423] BTRFS info (device sda1): has skinny extents
[PASS    ] linuxkit.packages.format_mount.btrfs 62.61s
[STDERR  ] 2018-07-26T16:28:54.625820002Z: [   28.552748] BTRFS info (device sda1): flagging fs with big metadata feature
[STDERR  ] 2018-07-26T16:28:54.625881647Z: [   28.597901] BTRFS info (device sda1): checking UUID tree
