[INFO    ] 2018-02-28T16:28:10.303161051Z: Running Test linuxkit.packages.extend.ext4 in /tmp/build/test/cases/040_packages/005_extend/000_ext4
[INFO    ] 2018-02-28T16:28:10.303298312Z: Running command: [/bin/sh -x /tmp/build/test/cases/040_packages/005_extend/000_ext4/test.sh]
[STDERR  ] 2018-02-28T16:28:10.402905762Z: + set -ex
[STDERR  ] 2018-02-28T16:28:10.403017825Z: + . /tmp/build/test/cases/_lib/lib.sh
[STDERR  ] 2018-02-28T16:28:10.403167758Z: + [ -f src/github.com/linuxkit/rtf/lib/lib.sh ]
[STDERR  ] 2018-02-28T16:28:10.403198922Z: + LINUXKIT_TMPDIR=/tmp/build/test/cases/_tmp
[STDERR  ] 2018-02-28T16:28:10.403215730Z: + [ -f /tmp/build/test/cases/_tmp/env.sh ]
[STDERR  ] 2018-02-28T16:28:10.403262221Z: + . /tmp/build/test/cases/_tmp/env.sh
[STDERR  ] 2018-02-28T16:28:10.403290307Z: + export LINUXKIT_EXAMPLES_DIR=/tmp/build/test/cases/../../examples
[STDERR  ] 2018-02-28T16:28:10.403351028Z: + RT_CANCEL=253
[STDERR  ] 2018-02-28T16:28:10.403378128Z: + NAME_CREATE=create-ext4
[STDERR  ] 2018-02-28T16:28:10.403394523Z: + NAME_EXTEND=extend-ext4
[STDERR  ] 2018-02-28T16:28:10.403410517Z: + DISK=disk.img
[STDERR  ] 2018-02-28T16:28:10.403456337Z: + trap clean_up EXIT
[STDERR  ] 2018-02-28T16:28:10.403482364Z: + linuxkit build -name create-ext4 -format kernel+initrd test-create.yml
[STDERR  ] 2018-02-28T16:28:10.445477216Z: Extract kernel image: linuxkit/kernel:4.14.23
[STDERR  ] 2018-02-28T16:28:11.577070429Z: time="2018-02-28T16:28:11Z" level=warning msg="certificate with CN Justin Cormack is near expiry"
[STDERR  ] 2018-02-28T16:28:11.577196494Z: time="2018-02-28T16:28:11Z" level=warning msg="certificate with CN  is near expiry"
[STDERR  ] 2018-02-28T16:28:11.577313147Z: time="2018-02-28T16:28:11Z" level=warning msg="certificate with CN  is near expiry"
[STDERR  ] 2018-02-28T16:28:11.577374237Z: time="2018-02-28T16:28:11Z" level=warning msg="certificate with CN avi@atomicinc.com is near expiry"
[STDERR  ] 2018-02-28T16:28:11.577431477Z: time="2018-02-28T16:28:11Z" level=warning msg="certificate with CN Ian Campbell is near expiry"
[STDERR  ] 2018-02-28T16:28:11.629053911Z: time="2018-02-28T16:28:11Z" level=warning msg="certificate with CN Justin Cormack is near expiry"
[STDERR  ] 2018-02-28T16:28:12.008931139Z: Add init containers:
[STDERR  ] 2018-02-28T16:28:12.009017216Z: Process init image: linuxkit/init:d899eee3560a40aa3b4bdd67b3bb82703714b2b9
[STDERR  ] 2018-02-28T16:28:13.029342107Z: time="2018-02-28T16:28:13Z" level=warning msg="certificate with CN  is near expiry"
[STDERR  ] 2018-02-28T16:28:13.029408962Z: time="2018-02-28T16:28:13Z" level=warning msg="certificate with CN  is near expiry"
[STDERR  ] 2018-02-28T16:28:13.029582298Z: time="2018-02-28T16:28:13Z" level=warning msg="certificate with CN avi@atomicinc.com is near expiry"
[STDERR  ] 2018-02-28T16:28:13.029678791Z: time="2018-02-28T16:28:13Z" level=warning msg="certificate with CN Ian Campbell is near expiry"
[STDERR  ] 2018-02-28T16:28:13.029776252Z: time="2018-02-28T16:28:13Z" level=warning msg="certificate with CN Justin Cormack is near expiry"
[STDERR  ] 2018-02-28T16:28:13.034059114Z: time="2018-02-28T16:28:13Z" level=warning msg="certificate with CN Justin Cormack is near expiry"
[STDERR  ] 2018-02-28T16:28:13.035589988Z: time="2018-02-28T16:28:13Z" level=warning msg="certificate with CN  is near expiry"
[STDERR  ] 2018-02-28T16:28:13.035671751Z: time="2018-02-28T16:28:13Z" level=warning msg="certificate with CN Ian Campbell is near expiry"
[STDERR  ] 2018-02-28T16:28:13.207627625Z: Process init image: linuxkit/runc:7c39a68490a12cde830e1922f171c451fb08e731
[STDERR  ] 2018-02-28T16:28:14.228468949Z: time="2018-02-28T16:28:14Z" level=warning msg="certificate with CN  is near expiry"
[STDERR  ] 2018-02-28T16:28:14.228542768Z: time="2018-02-28T16:28:14Z" level=warning msg="certificate with CN avi@atomicinc.com is near expiry"
[STDERR  ] 2018-02-28T16:28:14.228723218Z: time="2018-02-28T16:28:14Z" level=warning msg="certificate with CN Ian Campbell is near expiry"
[STDERR  ] 2018-02-28T16:28:14.228896666Z: time="2018-02-28T16:28:14Z" level=warning msg="certificate with CN Justin Cormack is near expiry"
[STDERR  ] 2018-02-28T16:28:14.229023468Z: time="2018-02-28T16:28:14Z" level=warning msg="certificate with CN  is near expiry"
[STDERR  ] 2018-02-28T16:28:14.231295803Z: time="2018-02-28T16:28:14Z" level=warning msg="certificate with CN Justin Cormack is near expiry"
[STDERR  ] 2018-02-28T16:28:14.232593272Z: time="2018-02-28T16:28:14Z" level=warning msg="certificate with CN  is near expiry"
[STDERR  ] 2018-02-28T16:28:14.232672803Z: time="2018-02-28T16:28:14Z" level=warning msg="certificate with CN Ian Campbell is near expiry"
[STDERR  ] 2018-02-28T16:28:14.378937271Z: Add onboot containers:
[STDERR  ] 2018-02-28T16:28:14.378986656Z:   Create OCI config for linuxkit/format:v0.2
[STDERR  ] 2018-02-28T16:28:15.432592833Z: time="2018-02-28T16:28:15Z" level=warning msg="certificate with CN Justin Cormack is near expiry"
[STDERR  ] 2018-02-28T16:28:15.432762850Z: time="2018-02-28T16:28:15Z" level=warning msg="certificate with CN Rolf Neugebauer is near expiry"
[STDERR  ] 2018-02-28T16:28:15.432780855Z: time="2018-02-28T16:28:15Z" level=warning msg="certificate with CN  is near expiry"
[STDERR  ] 2018-02-28T16:28:15.432800603Z: time="2018-02-28T16:28:15Z" level=warning msg="certificate with CN  is near expiry"
[STDERR  ] 2018-02-28T16:28:15.432854358Z: time="2018-02-28T16:28:15Z" level=warning msg="certificate with CN avi@atomicinc.com is near expiry"
[STDERR  ] 2018-02-28T16:28:15.432907587Z: time="2018-02-28T16:28:15Z" level=warning msg="certificate with CN Ian Campbell is near expiry"
[STDERR  ] 2018-02-28T16:28:15.434437410Z: time="2018-02-28T16:28:15Z" level=warning msg="certificate with CN Justin Cormack is near expiry"
[STDERR  ] 2018-02-28T16:28:15.435426573Z: time="2018-02-28T16:28:15Z" level=warning msg="certificate with CN Rolf Neugebauer is near expiry"
[STDERR  ] 2018-02-28T16:28:15.436380720Z: time="2018-02-28T16:28:15Z" level=warning msg="certificate with CN  is near expiry"
[STDERR  ] 2018-02-28T16:28:15.436414833Z: time="2018-02-28T16:28:15Z" level=warning msg="certificate with CN Ian Campbell is near expiry"
[STDERR  ] 2018-02-28T16:28:16.254974022Z:   Create OCI config for linuxkit/mount:v0.2
[STDERR  ] 2018-02-28T16:28:17.685503965Z: time="2018-02-28T16:28:17Z" level=warning msg="certificate with CN Justin Cormack is near expiry"
[STDERR  ] 2018-02-28T16:28:17.685770923Z: time="2018-02-28T16:28:17Z" level=warning msg="certificate with CN Rolf Neugebauer is near expiry"
[STDERR  ] 2018-02-28T16:28:17.685818259Z: time="2018-02-28T16:28:17Z" level=warning msg="certificate with CN  is near expiry"
[STDERR  ] 2018-02-28T16:28:17.686194307Z: time="2018-02-28T16:28:17Z" level=warning msg="certificate with CN  is near expiry"
[STDERR  ] 2018-02-28T16:28:17.686339028Z: time="2018-02-28T16:28:17Z" level=warning msg="certificate with CN avi@atomicinc.com is near expiry"
[STDERR  ] 2018-02-28T16:28:17.686476481Z: time="2018-02-28T16:28:17Z" level=warning msg="certificate with CN Ian Campbell is near expiry"
[STDERR  ] 2018-02-28T16:28:17.689362972Z: time="2018-02-28T16:28:17Z" level=warning msg="certificate with CN Justin Cormack is near expiry"
[STDERR  ] 2018-02-28T16:28:17.690987893Z: time="2018-02-28T16:28:17Z" level=warning msg="certificate with CN Rolf Neugebauer is near expiry"
[STDERR  ] 2018-02-28T16:28:17.691912828Z: time="2018-02-28T16:28:17Z" level=warning msg="certificate with CN  is near expiry"
[STDERR  ] 2018-02-28T16:28:17.692036203Z: time="2018-02-28T16:28:17Z" level=warning msg="certificate with CN Ian Campbell is near expiry"
[STDERR  ] 2018-02-28T16:28:18.195922848Z:   Create OCI config for alpine:3.7
[STDERR  ] 2018-02-28T16:28:19.396082701Z:   Create OCI config for linuxkit/poweroff:f9a0a5e52fd2a97908bda33db2afffafe4a6a67d
[STDERR  ] 2018-02-28T16:28:20.448402873Z: time="2018-02-28T16:28:20Z" level=warning msg="certificate with CN Rolf Neugebauer is near expiry"
[STDERR  ] 2018-02-28T16:28:20.448599117Z: time="2018-02-28T16:28:20Z" level=warning msg="certificate with CN  is near expiry"
[STDERR  ] 2018-02-28T16:28:20.448724591Z: time="2018-02-28T16:28:20Z" level=warning msg="certificate with CN  is near expiry"
[STDERR  ] 2018-02-28T16:28:20.448846390Z: time="2018-02-28T16:28:20Z" level=warning msg="certificate with CN avi@atomicinc.com is near expiry"
[STDERR  ] 2018-02-28T16:28:20.448980383Z: time="2018-02-28T16:28:20Z" level=warning msg="certificate with CN Ian Campbell is near expiry"
[STDERR  ] 2018-02-28T16:28:20.449109507Z: time="2018-02-28T16:28:20Z" level=warning msg="certificate with CN Justin Cormack is near expiry"
[STDERR  ] 2018-02-28T16:28:20.451658384Z: time="2018-02-28T16:28:20Z" level=warning msg="certificate with CN Rolf Neugebauer is near expiry"
[STDERR  ] 2018-02-28T16:28:20.452460908Z: time="2018-02-28T16:28:20Z" level=warning msg="certificate with CN Ian Campbell is near expiry"
[STDERR  ] 2018-02-28T16:28:20.452482180Z: time="2018-02-28T16:28:20Z" level=warning msg="certificate with CN  is near expiry"
[STDERR  ] 2018-02-28T16:28:20.622305413Z: Create outputs:
[STDERR  ] 2018-02-28T16:28:26.670872930Z:   create-ext4-kernel create-ext4-initrd.img create-ext4-cmdline
[STDERR  ] 2018-02-28T16:28:26.731607750Z: + linuxkit run -disk file=disk.img,format=raw,size=256M create-ext4
[STDERR  ] 2018-02-28T16:28:26.755498915Z: Unable to find qemu-system-x86_64 within the $PATH. Using a container
[STDOUT  ] 2018-02-28T16:28:28.839070689Z: [    0.000000] Linux version 4.14.23-linuxkit (root@e0a6c0f2f7a4) (gcc version 6.4.0 (Alpine 6.4.0)) #1 SMP Wed Feb 28 11:15:17 UTC 2018
[STDOUT  ] 2018-02-28T16:28:28.844858546Z: [    0.000000] Command line: console=ttyS0 console=ttyAMA0
[STDOUT  ] 2018-02-28T16:28:28.849696517Z: [    0.000000] x86/fpu: x87 FPU will use FXSAVE
[STDOUT  ] 2018-02-28T16:28:28.855008532Z: [    0.000000] e820: BIOS-provided physical RAM map:
[STDOUT  ] 2018-02-28T16:28:28.862545600Z: [    0.000000] BIOS-e820: [mem 0x0000000000000000-0x000000000009fbff] usable
[STDOUT  ] 2018-02-28T16:28:28.870178329Z: [    0.000000] BIOS-e820: [mem 0x000000000009fc00-0x000000000009ffff] reserved
[STDOUT  ] 2018-02-28T16:28:28.877784850Z: [    0.000000] BIOS-e820: [mem 0x00000000000f0000-0x00000000000fffff] reserved
[STDOUT  ] 2018-02-28T16:28:28.885335870Z: [    0.000000] BIOS-e820: [mem 0x0000000000100000-0x000000003ffdefff] usable
[STDOUT  ] 2018-02-28T16:28:28.892826437Z: [    0.000000] BIOS-e820: [mem 0x000000003ffdf000-0x000000003fffffff] reserved
[STDOUT  ] 2018-02-28T16:28:28.900674279Z: [    0.000000] BIOS-e820: [mem 0x00000000b0000000-0x00000000bfffffff] reserved
[STDOUT  ] 2018-02-28T16:28:28.908455310Z: [    0.000000] BIOS-e820: [mem 0x00000000fed1c000-0x00000000fed1ffff] reserved
[STDOUT  ] 2018-02-28T16:28:28.916326726Z: [    0.000000] BIOS-e820: [mem 0x00000000feffc000-0x00000000feffffff] reserved
[STDOUT  ] 2018-02-28T16:28:28.923909392Z: [    0.000000] BIOS-e820: [mem 0x00000000fffc0000-0x00000000ffffffff] reserved
[STDOUT  ] 2018-02-28T16:28:28.929479306Z: [    0.000000] NX (Execute Disable) protection: active
[STDOUT  ] 2018-02-28T16:28:28.933275886Z: [    0.000000] random: fast init done
[STDOUT  ] 2018-02-28T16:28:28.936915147Z: [    0.000000] SMBIOS 2.8 present.
[STDOUT  ] 2018-02-28T16:28:28.948686160Z: [    0.000000] DMI: QEMU Standard PC (Q35 + ICH9, 2009), BIOS rel-1.10.2-0-g5f4c7b1-prebuilt.qemu-project.org 04/01/2014
[STDOUT  ] 2018-02-28T16:28:28.952779507Z: [    0.000000] Hypervisor detected: KVM
[STDOUT  ] 2018-02-28T16:28:28.957641220Z: [    0.000000] tsc: Fast TSC calibration failed
[STDOUT  ] 2018-02-28T16:28:28.962846799Z: [    0.000000] tsc: Unable to calibrate against PIT
[STDOUT  ] 2018-02-28T16:28:28.968759757Z: [    0.000000] tsc: No reference (HPET/PMTIMER) available
[STDOUT  ] 2018-02-28T16:28:28.975386702Z: [    0.000000] e820: last_pfn = 0x3ffdf max_arch_pfn = 0x400000000
[STDOUT  ] 2018-02-28T16:28:28.980447537Z: [    0.000000] x86/PAT: PAT not supported by CPU.
[STDOUT  ] 2018-02-28T16:28:28.988135049Z: [    0.000000] x86/PAT: Configuration [0-7]: WB  WT  UC- UC  WB  WT  UC- UC  
[STDOUT  ] 2018-02-28T16:28:28.997457798Z: [    0.000000] found SMP MP-table at [mem 0x000f6aa0-0x000f6aaf] mapped at [ffffffffff200aa0]
[STDOUT  ] 2018-02-28T16:28:29.002599921Z: [    0.000000] RAMDISK: [mem 0x3dec7000-0x3ffcffff]
[STDOUT  ] 2018-02-28T16:28:29.009005144Z: [    0.000000] ACPI: Early table checksum verification disabled
[STDOUT  ] 2018-02-28T16:28:29.015487566Z: [    0.000000] ACPI: RSDP 0x00000000000F68B0 000014 (v00 BOCHS )
[STDOUT  ] 2018-02-28T16:28:29.025154391Z: [    0.000000] ACPI: RSDT 0x000000003FFE20A8 000034 (v01 BOCHS  BXPCRSDT 00000001 BXPC 00000001)
[STDOUT  ] 2018-02-28T16:28:29.034791785Z: [    0.000000] ACPI: FACP 0x000000003FFE1EC8 0000F4 (v03 BOCHS  BXPCFACP 00000001 BXPC 00000001)
[STDOUT  ] 2018-02-28T16:28:29.044571067Z: [    0.000000] ACPI: DSDT 0x000000003FFE0040 001E88 (v01 BOCHS  BXPCDSDT 00000001 BXPC 00000001)
[STDOUT  ] 2018-02-28T16:28:29.049824084Z: [    0.000000] ACPI: FACS 0x000000003FFE0000 000040
[STDOUT  ] 2018-02-28T16:28:29.059570162Z: [    0.000000] ACPI: APIC 0x000000003FFE1FBC 000078 (v01 BOCHS  BXPCAPIC 00000001 BXPC 00000001)
[STDOUT  ] 2018-02-28T16:28:29.069194428Z: [    0.000000] ACPI: HPET 0x000000003FFE2034 000038 (v01 BOCHS  BXPCHPET 00000001 BXPC 00000001)
[STDOUT  ] 2018-02-28T16:28:29.078887014Z: [    0.000000] ACPI: MCFG 0x000000003FFE206C 00003C (v01 BOCHS  BXPCMCFG 00000001 BXPC 00000001)
[STDOUT  ] 2018-02-28T16:28:29.084849593Z: [    0.000000] kvm-clock: Using msrs 4b564d01 and 4b564d00
[STDOUT  ] 2018-02-28T16:28:29.091629100Z: [    0.000000] kvm-clock: cpu 0, msr 0:3ffdd001, primary cpu clock
[STDOUT  ] 2018-02-28T16:28:29.103565963Z: [    0.000000] clocksource: kvm-clock: mask: 0xffffffffffffffff max_cycles: 0x1cd42e4dffb, max_idle_ns: 881590591483 ns
[STDOUT  ] 2018-02-28T16:28:29.106486905Z: [    0.000000] Zone ranges:
[STDOUT  ] 2018-02-28T16:28:29.113656002Z: [    0.000000]   DMA      [mem 0x0000000000001000-0x0000000000ffffff]
[STDOUT  ] 2018-02-28T16:28:29.121129038Z: [    0.000000]   DMA32    [mem 0x0000000001000000-0x000000003ffdefff]
[STDOUT  ] 2018-02-28T16:28:29.124686248Z: [    0.000000]   Normal   empty
[STDOUT  ] 2018-02-28T16:28:29.128074543Z: [    0.000000]   Device   empty
[STDOUT  ] 2018-02-28T16:28:29.132935542Z: [    0.000000] Movable zone start for each node
[STDOUT  ] 2018-02-28T16:28:29.137428468Z: [    0.000000] Early memory node ranges
[STDOUT  ] 2018-02-28T16:28:29.144483957Z: [    0.000000]   node   0: [mem 0x0000000000001000-0x000000000009efff]
[STDOUT  ] 2018-02-28T16:28:29.151514969Z: [    0.000000]   node   0: [mem 0x0000000000100000-0x000000003ffdefff]
[STDOUT  ] 2018-02-28T16:28:29.159583874Z: [    0.000000] Initmem setup node 0 [mem 0x0000000000001000-0x000000003ffdefff]
[STDOUT  ] 2018-02-28T16:28:29.164353011Z: [    0.000000] ACPI: PM-Timer IO Port: 0x608
[STDOUT  ] 2018-02-28T16:28:29.171050890Z: [    0.000000] ACPI: LAPIC_NMI (acpi_id[0xff] dfl dfl lint[0x1])
[STDOUT  ] 2018-02-28T16:28:29.178789348Z: [    0.000000] IOAPIC[0]: apic_id 0, version 17, address 0xfec00000, GSI 0-23
[STDOUT  ] 2018-02-28T16:28:29.185969942Z: [    0.000000] ACPI: INT_SRC_OVR (bus 0 bus_irq 0 global_irq 2 dfl dfl)
[STDOUT  ] 2018-02-28T16:28:29.193444463Z: [    0.000000] ACPI: INT_SRC_OVR (bus 0 bus_irq 5 global_irq 5 high level)
[STDOUT  ] 2018-02-28T16:28:29.200991024Z: [    0.000000] ACPI: INT_SRC_OVR (bus 0 bus_irq 9 global_irq 9 high level)
[STDOUT  ] 2018-02-28T16:28:29.208554896Z: [    0.000000] ACPI: INT_SRC_OVR (bus 0 bus_irq 10 global_irq 10 high level)
[STDOUT  ] 2018-02-28T16:28:29.216153636Z: [    0.000000] ACPI: INT_SRC_OVR (bus 0 bus_irq 11 global_irq 11 high level)
[STDOUT  ] 2018-02-28T16:28:29.222767330Z: [    0.000000] Using ACPI (MADT) for SMP configuration information
[STDOUT  ] 2018-02-28T16:28:29.228732509Z: [    0.000000] ACPI: HPET id: 0x8086a201 base: 0xfed00000
[STDOUT  ] 2018-02-28T16:28:29.234277645Z: [    0.000000] smpboot: Allowing 1 CPUs, 0 hotplug CPUs
[STDOUT  ] 2018-02-28T16:28:29.241787351Z: [    0.000000] e820: [mem 0x40000000-0xafffffff] available for PCI devices
[STDOUT  ] 2018-02-28T16:28:29.247142244Z: [    0.000000] Booting paravirtualized kernel on KVM
[STDOUT  ] 2018-02-28T16:28:29.259038000Z: [    0.000000] clocksource: refined-jiffies: mask: 0xffffffff max_cycles: 0xffffffff, max_idle_ns: 19112604462750000 ns
[STDOUT  ] 2018-02-28T16:28:29.267870746Z: [    0.000000] setup_percpu: NR_CPUS:128 nr_cpumask_bits:128 nr_cpu_ids:1 nr_node_ids:1
[STDOUT  ] 2018-02-28T16:28:29.277021978Z: [    0.000000] percpu: Embedded 44 pages/cpu @ffff983ffdc00000 s143128 r8192 d28904 u2097152
[STDOUT  ] 2018-02-28T16:28:29.281517994Z: [    0.000000] KVM setup async PF for cpu 0
[STDOUT  ] 2018-02-28T16:28:29.286523753Z: [    0.000000] kvm-stealtime: cpu 0, msr 3dc15f00
[STDOUT  ] 2018-02-28T16:28:29.294345544Z: [    0.000000] Built 1 zonelists, mobility grouping on.  Total pages: 257896
[STDOUT  ] 2018-02-28T16:28:29.300947754Z: [    0.000000] Kernel command line: console=ttyS0 console=ttyAMA0
[STDOUT  ] 2018-02-28T16:28:29.307671305Z: [    0.000000] PID hash table entries: 4096 (order: 3, 32768 bytes)
[STDOUT  ] 2018-02-28T16:28:29.315813101Z: [    0.000000] Dentry cache hash table entries: 131072 (order: 8, 1048576 bytes)
[STDOUT  ] 2018-02-28T16:28:29.323504465Z: [    0.000000] Inode-cache hash table entries: 65536 (order: 7, 524288 bytes)
[STDOUT  ] 2018-02-28T16:28:29.338846304Z: [    0.000000] Memory: 970996K/1048052K available (12300K kernel code, 1460K rwdata, 2956K rodata, 1504K init, 628K bss, 77056K reserved, 0K cma-reserved)
[STDOUT  ] 2018-02-28T16:28:29.344571695Z: [    0.000000] Kernel/User page tables isolation: enabled
[STDOUT  ] 2018-02-28T16:28:29.350733679Z: [    0.000000] ftrace: allocating 40632 entries in 159 pages
[STDOUT  ] 2018-02-28T16:28:29.355601781Z: [    0.010000] Hierarchical RCU implementation.
[STDOUT  ] 2018-02-28T16:28:29.362772415Z: [    0.010000] 	RCU restricting CPUs from NR_CPUS=128 to nr_cpu_ids=1.
[STDOUT  ] 2018-02-28T16:28:29.370440554Z: [    0.010000] RCU: Adjusting geometry for rcu_fanout_leaf=16, nr_cpu_ids=1
[STDOUT  ] 2018-02-28T16:28:29.377388614Z: [    0.010000] NR_IRQS: 8448, nr_irqs: 256, preallocated irqs: 16
[STDOUT  ] 2018-02-28T16:28:29.381827721Z: [    0.010000] Console: colour VGA+ 80x25
[STDOUT  ] 2018-02-28T16:28:29.385785473Z: [    0.010000] console [ttyS0] enabled
[STDOUT  ] 2018-02-28T16:28:29.396801861Z: [    0.010000] clocksource: hpet: mask: 0xffffffff max_cycles: 0xffffffff, max_idle_ns: 19112604467 ns
[STDOUT  ] 2018-02-28T16:28:29.402911346Z: [    0.010051] tsc: Detected 2300.000 MHz processor
[STDOUT  ] 2018-02-28T16:28:29.412467856Z: [    0.015292] Calibrating delay loop (skipped) preset value.. 4600.00 BogoMIPS (lpj=23000000)
[STDOUT  ] 2018-02-28T16:28:29.417824897Z: [    0.020040] pid_max: default: 32768 minimum: 301
[STDOUT  ] 2018-02-28T16:28:29.422756332Z: [    0.030067] ACPI: Core revision 20170728
[STDOUT  ] 2018-02-28T16:28:29.431009109Z: [    0.035706] ACPI: 1 ACPI AML tables successfully acquired and loaded
[STDOUT  ] 2018-02-28T16:28:29.436197296Z: [    0.040099] Security Framework initialized
[STDOUT  ] 2018-02-28T16:28:29.440273652Z: [    0.044950] Yama: becoming mindful.
[STDOUT  ] 2018-02-28T16:28:29.448451712Z: [    0.050104] Mount-cache hash table entries: 2048 (order: 2, 16384 bytes)
[STDOUT  ] 2018-02-28T16:28:29.457015924Z: [    0.060047] Mountpoint-cache hash table entries: 2048 (order: 2, 16384 bytes)
[STDOUT  ] 2018-02-28T16:28:29.463026950Z: [    0.070809] CPU: Physical Processor ID: 0
[STDOUT  ] 2018-02-28T16:28:29.475149132Z: [    0.080104] Last level iTLB entries: 4KB 0, 2MB 0, 4MB 0
[STDOUT  ] 2018-02-28T16:28:29.482521108Z: [    0.086515] Last level dTLB entries: 4KB 0, 2MB 0, 4MB 0, 1GB 0
[STDOUT  ] 2018-02-28T16:28:29.490104382Z: [    0.090043] Spectre V2 : Vulnerable: Minimal generic ASM retpoline
[STDOUT  ] 2018-02-28T16:28:29.500394229Z: [    0.104508] Freeing SMP alternatives memory: 20K
[STDOUT  ] 2018-02-28T16:28:29.506237738Z: [    0.110592] smpboot: Max logical packages: 1
[STDOUT  ] 2018-02-28T16:28:29.511859253Z: [    0.120981] x2apic enabled
[STDOUT  ] 2018-02-28T16:28:29.520016330Z: [    0.126467] Switched APIC routing to physical x2apic.
[STDOUT  ] 2018-02-28T16:28:29.536338716Z: [    0.141702] ..TIMER: vector=0x30 apic1=0 pin1=2 apic2=-1 pin2=-1
[STDOUT  ] 2018-02-28T16:28:29.659372727Z: [    0.150000] smpboot: CPU0: Intel QEMU Virtual CPU version 2.5+ (family: 0x6, model: 0x6, stepping: 0x3)
[STDOUT  ] 2018-02-28T16:28:29.677739500Z: [    0.150162] Performance Events: PMU not available due to virtualization, using software events only.
[STDOUT  ] 2018-02-28T16:28:29.683302665Z: [    0.170315] Hierarchical SRCU implementation.
[STDOUT  ] 2018-02-28T16:28:29.690729093Z: [    0.175410] NMI watchdog: Perf event create on CPU 0 failed with -2
[STDOUT  ] 2018-02-28T16:28:29.697329248Z: [    0.180010] NMI watchdog: Perf NMI watchdog permanently disabled
[STDOUT  ] 2018-02-28T16:28:29.702306401Z: [    0.186564] smp: Bringing up secondary CPUs ...
[STDOUT  ] 2018-02-28T16:28:29.706829686Z: [    0.190012] smp: Brought up 1 node, 1 CPU
[STDOUT  ] 2018-02-28T16:28:29.714180459Z: [    0.194481] smpboot: Total of 1 processors activated (4600.00 BogoMIPS)
[STDOUT  ] 2018-02-28T16:28:29.720045851Z: [    0.202151] devtmpfs: initialized
[STDOUT  ] 2018-02-28T16:28:29.724863181Z: [    0.210092] x86/mm: Memory block size: 128MB
[STDOUT  ] 2018-02-28T16:28:29.735686696Z: [    0.215116] clocksource: jiffies: mask: 0xffffffff max_cycles: 0xffffffff, max_idle_ns: 19112604462750000 ns
[STDOUT  ] 2018-02-28T16:28:29.742364680Z: [    0.220029] futex hash table entries: 256 (order: 2, 16384 bytes)
[STDOUT  ] 2018-02-28T16:28:29.747500969Z: [    0.230314] NET: Registered protocol family 16
[STDOUT  ] 2018-02-28T16:28:29.752107875Z: [    0.235392] cpuidle: using governor ladder
[STDOUT  ] 2018-02-28T16:28:29.756312840Z: [    0.240011] cpuidle: using governor menu
[STDOUT  ] 2018-02-28T16:28:29.760722893Z: [    0.244294] ACPI: bus type PCI registered
[STDOUT  ] 2018-02-28T16:28:29.771023917Z: [    0.250507] PCI: MMCONFIG for domain 0000 [bus 00-ff] at [mem 0xb0000000-0xbfffffff] (base 0xb0000000)
[STDOUT  ] 2018-02-28T16:28:29.778216382Z: [    0.260018] PCI: MMCONFIG at [mem 0xb0000000-0xbfffffff] reserved in E820
[STDOUT  ] 2018-02-28T16:28:29.784193213Z: [    0.270031] PCI: Using configuration type 1 for base access
[STDOUT  ] 2018-02-28T16:28:29.792990372Z: [    0.277587] HugeTLB registered 2.00 MiB page size, pre-allocated 0 pages
[STDOUT  ] 2018-02-28T16:28:29.797820573Z: [    0.280338] ACPI: Added _OSI(Module Device)
[STDOUT  ] 2018-02-28T16:28:29.802775938Z: [    0.284798] ACPI: Added _OSI(Processor Device)
[STDOUT  ] 2018-02-28T16:28:29.807705481Z: [    0.290021] ACPI: Added _OSI(3.0 _SCP Extensions)
[STDOUT  ] 2018-02-28T16:28:29.813574761Z: [    0.294999] ACPI: Added _OSI(Processor Aggregator Device)
[STDOUT  ] 2018-02-28T16:28:29.822829050Z: [    0.310188] ACPI: Interpreter enabled
[STDOUT  ] 2018-02-28T16:28:29.826499595Z: [    0.314189] ACPI: (supports S0 S5)
[STDOUT  ] 2018-02-28T16:28:29.832057397Z: [    0.317956] ACPI: Using IOAPIC for interrupt routing
[STDOUT  ] 2018-02-28T16:28:29.842544826Z: [    0.320080] PCI: Using host bridge windows from ACPI; if necessary, use "pci=nocrs" and report a bug
[STDOUT  ] 2018-02-28T16:28:29.848489500Z: [    0.330337] ACPI: Enabled 1 GPEs in block 00 to 3F
[STDOUT  ] 2018-02-28T16:28:29.859725313Z: [    0.343730] ACPI: PCI Root Bridge [PCI0] (domain 0000 [bus 00-ff])
[STDOUT  ] 2018-02-28T16:28:29.868595018Z: [    0.350024] acpi PNP0A08:00: _OSC: OS supports [ExtendedConfig ASPM ClockPM Segments MSI]
[STDOUT  ] 2018-02-28T16:28:29.880110483Z: [    0.360204] acpi PNP0A08:00: _OSC: OS now controls [PCIeHotplug PME PCIeCapability]
[STDOUT  ] 2018-02-28T16:28:29.884820594Z: [    0.370112] PCI host bridge to bus 0000:00
[STDOUT  ] 2018-02-28T16:28:29.891911749Z: [    0.374575] pci_bus 0000:00: root bus resource [io  0x0000-0x0cf7 window]
[STDOUT  ] 2018-02-28T16:28:29.899219051Z: [    0.380021] pci_bus 0000:00: root bus resource [io  0x0d00-0xffff window]
[STDOUT  ] 2018-02-28T16:28:29.907248684Z: [    0.390019] pci_bus 0000:00: root bus resource [mem 0x000a0000-0x000bffff window]
[STDOUT  ] 2018-02-28T16:28:29.915282516Z: [    0.397999] pci_bus 0000:00: root bus resource [mem 0xc0000000-0xfebfffff window]
[STDOUT  ] 2018-02-28T16:28:29.921072158Z: [    0.400019] pci_bus 0000:00: root bus resource [bus 00-ff]
[STDOUT  ] 2018-02-28T16:28:30.070762202Z: [    0.553659] pci 0000:00:1f.0: quirk: [io  0x0600-0x067f] claimed by ICH6 ACPI/GPIO/TCO
[STDOUT  ] 2018-02-28T16:28:30.138814707Z: [    0.623112] ACPI: PCI Interrupt Link [LNKA] (IRQs 5 *10 11)
[STDOUT  ] 2018-02-28T16:28:30.145777927Z: [    0.630456] ACPI: PCI Interrupt Link [LNKB] (IRQs 5 *10 11)
[STDOUT  ] 2018-02-28T16:28:30.152659091Z: [    0.637381] ACPI: PCI Interrupt Link [LNKC] (IRQs 5 10 *11)
[STDOUT  ] 2018-02-28T16:28:30.159833380Z: [    0.640452] ACPI: PCI Interrupt Link [LNKD] (IRQs 5 10 *11)
[STDOUT  ] 2018-02-28T16:28:30.166765914Z: [    0.650396] ACPI: PCI Interrupt Link [LNKE] (IRQs 5 *10 11)
[STDOUT  ] 2018-02-28T16:28:30.173669584Z: [    0.657342] ACPI: PCI Interrupt Link [LNKF] (IRQs 5 *10 11)
[STDOUT  ] 2018-02-28T16:28:30.180603823Z: [    0.660372] ACPI: PCI Interrupt Link [LNKG] (IRQs 5 10 *11)
[STDOUT  ] 2018-02-28T16:28:30.187466873Z: [    0.670413] ACPI: PCI Interrupt Link [LNKH] (IRQs 5 10 *11)
[STDOUT  ] 2018-02-28T16:28:30.193654961Z: [    0.677013] ACPI: PCI Interrupt Link [GSIA] (IRQs *16)
[STDOUT  ] 2018-02-28T16:28:30.199670070Z: [    0.680045] ACPI: PCI Interrupt Link [GSIB] (IRQs *17)
[STDOUT  ] 2018-02-28T16:28:30.205877829Z: [    0.690046] ACPI: PCI Interrupt Link [GSIC] (IRQs *18)
[STDOUT  ] 2018-02-28T16:28:30.212013351Z: [    0.696219] ACPI: PCI Interrupt Link [GSID] (IRQs *19)
[STDOUT  ] 2018-02-28T16:28:30.218120297Z: [    0.700044] ACPI: PCI Interrupt Link [GSIE] (IRQs *20)
[STDOUT  ] 2018-02-28T16:28:30.224224072Z: [    0.710044] ACPI: PCI Interrupt Link [GSIF] (IRQs *21)
[STDOUT  ] 2018-02-28T16:28:30.230303529Z: [    0.716109] ACPI: PCI Interrupt Link [GSIG] (IRQs *22)
[STDOUT  ] 2018-02-28T16:28:30.236434554Z: [    0.720047] ACPI: PCI Interrupt Link [GSIH] (IRQs *23)
[STDOUT  ] 2018-02-28T16:28:30.241168799Z: [    0.726556] SCSI subsystem initialized
[STDOUT  ] 2018-02-28T16:28:30.246151087Z: [    0.730160] ACPI: bus type USB registered
[STDOUT  ] 2018-02-28T16:28:30.252685798Z: [    0.735014] usbcore: registered new interface driver usbfs
[STDOUT  ] 2018-02-28T16:28:30.259007678Z: [    0.740055] usbcore: registered new interface driver hub
[STDOUT  ] 2018-02-28T16:28:30.265079418Z: [    0.750053] usbcore: registered new device driver usb
[STDOUT  ] 2018-02-28T16:28:30.271097038Z: [    0.756091] pps_core: LinuxPPS API ver. 1 registered
[STDOUT  ] 2018-02-28T16:28:30.280882248Z: [    0.760011] pps_core: Software ver. 5.3.6 - Copyright 2005-2007 Rodolfo Giometti <giometti@linux.it>
[STDOUT  ] 2018-02-28T16:28:30.285111636Z: [    0.770031] PTP clock support registered
[STDOUT  ] 2018-02-28T16:28:30.289749652Z: [    0.774336] PCI: Using ACPI for IRQ routing
[STDOUT  ] 2018-02-28T16:28:30.696025151Z: [    1.183830] NetLabel: Initializing
[STDOUT  ] 2018-02-28T16:28:30.700805566Z: [    1.187788] NetLabel:  domain hash size = 128
[STDOUT  ] 2018-02-28T16:28:30.707121557Z: [    1.190010] NetLabel:  protocols = UNLABELED CIPSOv4 CALIPSO
[STDOUT  ] 2018-02-28T16:28:30.713500377Z: [    1.196334] NetLabel:  unlabeled traffic allowed by default
[STDOUT  ] 2018-02-28T16:28:30.721667201Z: [    1.200248] HPET: 3 timers in total, 0 timers will be used for per-cpu timer
[STDOUT  ] 2018-02-28T16:28:30.727307144Z: [    1.210154] hpet0: at MMIO 0xfed00000, IRQs 2, 8, 0
[STDOUT  ] 2018-02-28T16:28:30.733966327Z: [    1.215663] hpet0: 3 comparators, 64-bit 100.000000 MHz counter
[STDOUT  ] 2018-02-28T16:28:30.742824069Z: [    1.222397] clocksource: Switched to clocksource kvm-clock
[STDOUT  ] 2018-02-28T16:28:30.765798574Z: [    1.244724] VFS: Disk quotas dquot_6.6.0
[STDOUT  ] 2018-02-28T16:28:30.773543846Z: [    1.249405] VFS: Dquot-cache hash table entries: 512 (order 0, 4096 bytes)
[STDOUT  ] 2018-02-28T16:28:30.777107103Z: [    1.257395] FS-Cache: Loaded
[STDOUT  ] 2018-02-28T16:28:30.780821957Z: [    1.260897] CacheFiles: Loaded
[STDOUT  ] 2018-02-28T16:28:30.784236707Z: [    1.264432] pnp: PnP ACPI init
[STDOUT  ] 2018-02-28T16:28:30.791280823Z: [    1.269446] pnp: PnP ACPI: found 5 devices
[STDOUT  ] 2018-02-28T16:28:30.807526034Z: [    1.281787] clocksource: acpi_pm: mask: 0xffffff max_cycles: 0xffffff, max_idle_ns: 2085701024 ns
[STDOUT  ] 2018-02-28T16:28:30.812578209Z: [    1.291418] NET: Registered protocol family 2
[STDOUT  ] 2018-02-28T16:28:30.820179436Z: [    1.296328] TCP established hash table entries: 8192 (order: 4, 65536 bytes)
[STDOUT  ] 2018-02-28T16:28:30.827091886Z: [    1.303920] TCP bind hash table entries: 8192 (order: 5, 131072 bytes)
[STDOUT  ] 2018-02-28T16:28:30.834693591Z: [    1.311543] TCP: Hash tables configured (established 8192 bind 8192)
[STDOUT  ] 2018-02-28T16:28:30.841091546Z: [    1.318326] UDP hash table entries: 512 (order: 2, 16384 bytes)
[STDOUT  ] 2018-02-28T16:28:30.847885224Z: [    1.324756] UDP-Lite hash table entries: 512 (order: 2, 16384 bytes)
[STDOUT  ] 2018-02-28T16:28:30.852712634Z: [    1.331698] NET: Registered protocol family 1
[STDOUT  ] 2018-02-28T16:28:30.861732085Z: [    1.336603] pci 0000:00:01.0: Video device with shadowed ROM at [mem 0x000c0000-0x000dffff]
[STDOUT  ] 2018-02-28T16:28:30.867873446Z: [    1.345829] Trying to unpack rootfs image as initramfs...
[STDOUT  ] 2018-02-28T16:28:31.470785778Z: [    1.949855] Freeing initrd memory: 33828K
[STDOUT  ] 2018-02-28T16:28:31.477801591Z: [    1.955649] PCLMULQDQ-NI instructions are not detected.
[STDOUT  ] 2018-02-28T16:28:31.483924106Z: [    1.961645] AVX or AES-NI instructions are not detected.
[STDOUT  ] 2018-02-28T16:28:31.489984056Z: [    1.967616] CPU feature 'AVX registers' is not supported.
[STDOUT  ] 2018-02-28T16:28:31.496155885Z: [    1.973729] CPU feature 'AVX registers' is not supported.
[STDOUT  ] 2018-02-28T16:28:31.502194507Z: [    1.979764] CPU feature 'AVX registers' is not supported.
[STDOUT  ] 2018-02-28T16:28:31.508785051Z: [    1.985925] CPU feature 'AVX registers' is not supported.
[STDOUT  ] 2018-02-28T16:28:31.514824196Z: [    1.992462] AVX2 or AES-NI instructions are not detected.
[STDOUT  ] 2018-02-28T16:28:31.519911951Z: [    1.998425] AVX2 instructions are not detected.
[STDOUT  ] 2018-02-28T16:28:31.526383842Z: [    2.003922] audit: initializing netlink subsys (disabled)
[STDOUT  ] 2018-02-28T16:28:31.536564528Z: [    2.010511] audit: type=2000 audit(1519835310.815:1): state=initialized audit_enabled=0 res=1
[STDOUT  ] 2018-02-28T16:28:31.544064067Z: [    2.020370] workingset: timestamp_bits=46 max_order=18 bucket_order=0
[STDOUT  ] 2018-02-28T16:28:31.550791701Z: [    2.027888] squashfs: version 4.0 (2009/01/31) Phillip Lougher
[STDOUT  ] 2018-02-28T16:28:31.557074045Z: [    2.034625] FS-Cache: Netfs 'cifs' registered for caching
[STDOUT  ] 2018-02-28T16:28:31.561653158Z: [    2.040846] fuse init (API version 7.26)
[STDOUT  ] 2018-02-28T16:28:31.568963484Z: [    2.045439] SGI XFS with ACLs, security attributes, no debug enabled
[STDOUT  ] 2018-02-28T16:28:31.575407469Z: [    2.052849] 9p: Installing v9fs 9p2000 file system support
[STDOUT  ] 2018-02-28T16:28:31.581223857Z: [    2.059014] FS-Cache: Netfs '9p' registered for caching
[STDOUT  ] 2018-02-28T16:28:31.587826240Z: [    2.066517] NET: Registered protocol family 38
[STDOUT  ] 2018-02-28T16:28:31.592510502Z: [    2.071590] Key type asymmetric registered
[STDOUT  ] 2018-02-28T16:28:31.598099131Z: [    2.076183] Asymmetric key parser 'x509' registered
[STDOUT  ] 2018-02-28T16:28:31.606496462Z: [    2.081823] Block layer SCSI generic (bsg) driver version 0.4 loaded (major 248)
[STDOUT  ] 2018-02-28T16:28:31.611357250Z: [    2.090413] io scheduler noop registered
[STDOUT  ] 2018-02-28T16:28:31.617250333Z: [    2.094934] io scheduler deadline registered (default)
[STDOUT  ] 2018-02-28T16:28:31.621785800Z: [    2.100986] io scheduler cfq registered
[STDOUT  ] 2018-02-28T16:28:31.626901968Z: [    2.105366] io scheduler mq-deadline registered
[STDOUT  ] 2018-02-28T16:28:31.631585364Z: [    2.110579] io scheduler kyber registered
[STDOUT  ] 2018-02-28T16:28:31.639505646Z: [    2.115335] shpchp: Standard Hot Plug PCI Controller Driver version: 0.4
[STDOUT  ] 2018-02-28T16:28:31.645012994Z: [    2.123270] hv_vmbus: registering driver hyperv_fb
[STDOUT  ] 2018-02-28T16:28:31.653507690Z: [    2.128800] input: Power Button as /devices/LNXSYSTM:00/LNXPWRBN:00/input/input0
[STDOUT  ] 2018-02-28T16:28:31.657839959Z: [    2.137192] ACPI: Power Button [PWRF]
[STDOUT  ] 2018-02-28T16:28:31.664977513Z: [    2.142247] ACPI: PCI Interrupt Link [GSIG] enabled at IRQ 22
[STDOUT  ] 2018-02-28T16:28:31.677783880Z: [    2.154824] ACPI: PCI Interrupt Link [GSIH] enabled at IRQ 23
[STDOUT  ] 2018-02-28T16:28:31.693759927Z: [    2.169949] Serial: 8250/16550 driver, 4 ports, IRQ sharing disabled
[STDOUT  ] 2018-02-28T16:28:31.736472437Z: [    2.211927] 00:04: ttyS0 at I/O 0x3f8 (irq = 4, base_baud = 115200) is a 16550A
[STDOUT  ] 2018-02-28T16:28:31.742654369Z: [    2.221444] Non-volatile memory driver v1.3
[STDOUT  ] 2018-02-28T16:28:31.755288006Z: [    2.228347] Hangcheck: starting hangcheck timer 0.9.1 (tick is 180 seconds, margin is 60 seconds).
[STDOUT  ] 2018-02-28T16:28:31.760058813Z: [    2.239443] random: crng init done
[STDOUT  ] 2018-02-28T16:28:31.766267136Z: [    2.246198] brd: module loaded
[STDOUT  ] 2018-02-28T16:28:31.771729041Z: [    2.251702] loop: module loaded
[STDOUT  ] 2018-02-28T16:28:31.782787190Z: [    2.259111] lpc_ich 0000:00:1f.0: I/O space for GPIO uninitialized
[STDOUT  ] 2018-02-28T16:28:31.789196307Z: [    2.266664] VMware PVSCSI driver - version 1.0.7.0-k
[STDOUT  ] 2018-02-28T16:28:31.794940918Z: [    2.272777] hv_vmbus: registering driver hv_storvsc
[STDOUT  ] 2018-02-28T16:28:31.802386807Z: [    2.279193] ACPI: PCI Interrupt Link [GSIA] enabled at IRQ 16
[STDOUT  ] 2018-02-28T16:28:31.814954619Z: [    2.289215] ahci 0000:00:1f.2: AHCI 0001.0000 32 slots 6 ports 1.5 Gbps 0x3f impl SATA mode
[STDOUT  ] 2018-02-28T16:28:31.821186130Z: [    2.298722] ahci 0000:00:1f.2: flags: 64bit ncq only 
[STDOUT  ] 2018-02-28T16:28:31.828081845Z: [    2.308308] scsi host0: ahci
[STDOUT  ] 2018-02-28T16:28:31.831787473Z: [    2.311970] scsi host1: ahci
[STDOUT  ] 2018-02-28T16:28:31.835358383Z: [    2.315633] scsi host2: ahci
[STDOUT  ] 2018-02-28T16:28:31.839016675Z: [    2.319170] scsi host3: ahci
[STDOUT  ] 2018-02-28T16:28:31.842670104Z: [    2.322925] scsi host4: ahci
[STDOUT  ] 2018-02-28T16:28:31.846362169Z: [    2.326456] scsi host5: ahci
[STDOUT  ] 2018-02-28T16:28:31.855163703Z: [    2.330114] ata1: SATA max UDMA/133 abar m4096@0xfebd2000 port 0xfebd2100 irq 24
[STDOUT  ] 2018-02-28T16:28:31.863785226Z: [    2.338863] ata2: SATA max UDMA/133 abar m4096@0xfebd2000 port 0xfebd2180 irq 24
[STDOUT  ] 2018-02-28T16:28:31.871809670Z: [    2.347450] ata3: SATA max UDMA/133 abar m4096@0xfebd2000 port 0xfebd2200 irq 24
[STDOUT  ] 2018-02-28T16:28:31.881451959Z: [    2.355610] ata4: SATA max UDMA/133 abar m4096@0xfebd2000 port 0xfebd2280 irq 24
[STDOUT  ] 2018-02-28T16:28:31.889407205Z: [    2.365123] ata5: SATA max UDMA/133 abar m4096@0xfebd2000 port 0xfebd2300 irq 24
[STDOUT  ] 2018-02-28T16:28:31.897380750Z: [    2.373198] ata6: SATA max UDMA/133 abar m4096@0xfebd2000 port 0xfebd2380 irq 24
[STDOUT  ] 2018-02-28T16:28:31.905057360Z: [    2.383227] tun: Universal TUN/TAP device driver, 1.6
[STDOUT  ] 2018-02-28T16:28:31.917098062Z: [    2.393056] VMware vmxnet3 virtual NIC driver - version 1.4.a.0-k-NAPI
[STDOUT  ] 2018-02-28T16:28:31.922874333Z: [    2.400885] hv_vmbus: registering driver hv_netvsc
[STDOUT  ] 2018-02-28T16:28:31.927906574Z: [    2.406518] Fusion MPT base driver 3.04.20
[STDOUT  ] 2018-02-28T16:28:31.934054868Z: [    2.411656] Copyright (c) 1999-2008 LSI Corporation
[STDOUT  ] 2018-02-28T16:28:31.939301358Z: [    2.417554] Fusion MPT SPI Host driver 3.04.20
[STDOUT  ] 2018-02-28T16:28:31.948863756Z: [    2.423200] i8042: PNP: PS/2 Controller [PNP0303:KBD,PNP0f13:MOU] at 0x60,0x64 irq 1,12
[STDOUT  ] 2018-02-28T16:28:31.957904705Z: [    2.435970] serio: i8042 KBD port at 0x60,0x64 irq 1
[STDOUT  ] 2018-02-28T16:28:31.963425313Z: [    2.441639] serio: i8042 AUX port at 0x60,0x64 irq 12
[STDOUT  ] 2018-02-28T16:28:31.969518465Z: [    2.447207] hv_vmbus: registering driver hyperv_keyboard
[STDOUT  ] 2018-02-28T16:28:31.976220569Z: [    2.453400] mousedev: PS/2 mouse device common for all mice
[STDOUT  ] 2018-02-28T16:28:31.986905508Z: [    2.461272] input: AT Translated Set 2 keyboard as /devices/platform/i8042/serio0/input/input1
[STDOUT  ] 2018-02-28T16:28:31.994051437Z: [    2.470711] input: PC Speaker as /devices/platform/pcspkr/input/input2
[STDOUT  ] 2018-02-28T16:28:31.999285106Z: [    2.478042] rtc_cmos 00:00: RTC can wake from S4
[STDOUT  ] 2018-02-28T16:28:32.008058232Z: [    2.485249] rtc_cmos 00:00: rtc core: registered rtc_cmos as rtc0
[STDOUT  ] 2018-02-28T16:28:32.016911203Z: [    2.492665] rtc_cmos 00:00: alarms up to one day, y3k, 114 bytes nvram, hpet irqs
[STDOUT  ] 2018-02-28T16:28:32.020777956Z: [    2.500673] i2c /dev entries driver
[STDOUT  ] 2018-02-28T16:28:32.030471430Z: [    2.504589] device-mapper: ioctl: 4.37.0-ioctl (2017-09-20) initialised: dm-devel@redhat.com
[STDOUT  ] 2018-02-28T16:28:32.037706753Z: [    2.515111] usbcore: registered new interface driver usbhid
[STDOUT  ] 2018-02-28T16:28:32.042178614Z: [    2.521477] usbhid: USB HID core driver
[STDOUT  ] 2018-02-28T16:28:32.048491900Z: [    2.525881] hv_utils: Registering HyperV Utility Driver
[STDOUT  ] 2018-02-28T16:28:32.054366702Z: [    2.532231] hv_vmbus: registering driver hv_util
[STDOUT  ] 2018-02-28T16:28:32.060263758Z: [    2.538044] hv_vmbus: registering driver hv_balloon
[STDOUT  ] 2018-02-28T16:28:32.065215049Z: [    2.544028] oprofile: using NMI interrupt.
[STDOUT  ] 2018-02-28T16:28:32.069090257Z: [    2.548932] GACT probability on
[STDOUT  ] 2018-02-28T16:28:32.073410376Z: [    2.552833] Mirror/redirect action on
[STDOUT  ] 2018-02-28T16:28:32.077267099Z: [    2.557056] Simple TC action Loaded
[STDOUT  ] 2018-02-28T16:28:32.080188964Z: [    2.560907] u32 classifier
[STDOUT  ] 2018-02-28T16:28:32.084286274Z: [    2.563830]     Performance counters on
[STDOUT  ] 2018-02-28T16:28:32.088753119Z: [    2.567928]     input device check on
[STDOUT  ] 2018-02-28T16:28:32.092414568Z: [    2.572391]     Actions configured
[STDOUT  ] 2018-02-28T16:28:32.097574847Z: [    2.576098] Netfilter messages via NETLINK v0.30.
[STDOUT  ] 2018-02-28T16:28:32.102720962Z: [    2.581219] nfnl_acct: registering with nfnetlink.
[STDOUT  ] 2018-02-28T16:28:32.109070058Z: [    2.586326] nf_conntrack version 0.5.0 (8192 buckets, 32768 max)
[STDOUT  ] 2018-02-28T16:28:32.114844305Z: [    2.592906] ctnetlink v0.93: registering with nfnetlink.
[STDOUT  ] 2018-02-28T16:28:32.121876113Z: [    2.598569] nf_tables: (c) 2007-2009 Patrick McHardy <kaber@trash.net>
[STDOUT  ] 2018-02-28T16:28:32.129975335Z: [    2.606007] nf_tables_compat: (c) 2012 Pablo Neira Ayuso <pablo@netfilter.org>
[STDOUT  ] 2018-02-28T16:28:32.135115793Z: [    2.614034] xt_time: kernel timezone is -0000
[STDOUT  ] 2018-02-28T16:28:32.138485507Z: [    2.618670] ip_set: protocol 6
[STDOUT  ] 2018-02-28T16:28:32.145281396Z: [    2.622488] IPVS: Registered protocols (TCP, UDP, SCTP, AH, ESP)
[STDOUT  ] 2018-02-28T16:28:32.153647560Z: [    2.629266] IPVS: Connection hash table configured (size=4096, memory=64Kbytes)
[STDOUT  ] 2018-02-28T16:28:32.157607296Z: [    2.637741] IPVS: ipvs loaded.
[STDOUT  ] 2018-02-28T16:28:32.162494143Z: [    2.641326] IPVS: [rr] scheduler registered.
[STDOUT  ] 2018-02-28T16:28:32.167561299Z: [    2.646448] IPVS: [wrr] scheduler registered.
[STDOUT  ] 2018-02-28T16:28:32.172276292Z: [    2.651308] IPVS: [lc] scheduler registered.
[STDOUT  ] 2018-02-28T16:28:32.177373854Z: [    2.656259] IPVS: [wlc] scheduler registered.
[STDOUT  ] 2018-02-28T16:28:32.181959861Z: [    2.661018] IPVS: [fo] scheduler registered.
[STDOUT  ] 2018-02-28T16:28:32.186911936Z: [    2.665853] IPVS: [ovf] scheduler registered.
[STDOUT  ] 2018-02-28T16:28:32.191887144Z: [    2.670672] IPVS: [lblc] scheduler registered.
[STDOUT  ] 2018-02-28T16:28:32.197114039Z: [    2.675806] IPVS: [lblcr] scheduler registered.
[STDOUT  ] 2018-02-28T16:28:32.201912457Z: [    2.681055] IPVS: [dh] scheduler registered.
[STDOUT  ] 2018-02-28T16:28:32.206542815Z: [    2.685577] IPVS: [sh] scheduler registered.
[STDOUT  ] 2018-02-28T16:28:32.211608512Z: [    2.690543] IPVS: [sed] scheduler registered.
[STDOUT  ] 2018-02-28T16:28:32.216166197Z: [    2.695156] IPVS: [nq] scheduler registered.
[STDOUT  ] 2018-02-28T16:28:32.222017487Z: [    2.700105] IPVS: ftp: loaded support on port[0] = 21
[STDOUT  ] 2018-02-28T16:28:32.228365502Z: [    2.705962] ipip: IPv4 and MPLS over IPv4 tunneling driver
[STDOUT  ] 2018-02-28T16:28:32.234669143Z: [    2.712585] ata6: SATA link down (SStatus 0 SControl 300)
[STDOUT  ] 2018-02-28T16:28:32.241073204Z: [    2.719005] ata5: SATA link down (SStatus 0 SControl 300)
[STDOUT  ] 2018-02-28T16:28:32.247658206Z: [    2.725539] ata4: SATA link down (SStatus 0 SControl 300)
[STDOUT  ] 2018-02-28T16:28:32.255112739Z: [    2.732240] ata3: SATA link up 1.5 Gbps (SStatus 113 SControl 300)
[STDOUT  ] 2018-02-28T16:28:32.261611010Z: [    2.739261] ata3.00: ATAPI: QEMU DVD-ROM, 2.5+, max UDMA/100
[STDOUT  ] 2018-02-28T16:28:32.266235958Z: [    2.745348] ata3.00: applying bridge limits
[STDOUT  ] 2018-02-28T16:28:32.273339694Z: [    2.750742] ata2: SATA link down (SStatus 0 SControl 300)
[STDOUT  ] 2018-02-28T16:28:32.281581032Z: [    2.757885] ata1: SATA link up 1.5 Gbps (SStatus 113 SControl 300)
[STDOUT  ] 2018-02-28T16:28:32.287484206Z: [    2.765746] gre: GRE over IPv4 demultiplexor driver
[STDOUT  ] 2018-02-28T16:28:32.293902029Z: [    2.771244] ata1.00: ATA-7: QEMU HARDDISK, 2.5+, max UDMA/100
[STDOUT  ] 2018-02-28T16:28:32.301198906Z: [    2.777562] ata1.00: 524288 sectors, multi 16: LBA48 NCQ (depth 31/32)
[STDOUT  ] 2018-02-28T16:28:32.305718060Z: [    2.784841] ata1.00: applying bridge limits
[STDOUT  ] 2018-02-28T16:28:32.312023715Z: [    2.789774] ip_tables: (C) 2000-2006 Netfilter Core Team
[STDOUT  ] 2018-02-28T16:28:32.319105218Z: [    2.795725] ipt_CLUSTERIP: ClusterIP Version 0.8 loaded successfully
[STDOUT  ] 2018-02-28T16:28:32.324609374Z: [    2.803125] ata3.00: configured for UDMA/100
[STDOUT  ] 2018-02-28T16:28:32.331879563Z: [    2.808883] arp_tables: arp_tables: (C) 2002 David S. Miller
[STDOUT  ] 2018-02-28T16:28:32.337184308Z: [    2.815925] ata1.00: configured for UDMA/100
[STDOUT  ] 2018-02-28T16:28:32.347014577Z: [    2.821067] scsi 0:0:0:0: Direct-Access     ATA      QEMU HARDDISK    2.5+ PQ: 0 ANSI: 5
[STDOUT  ] 2018-02-28T16:28:32.352371450Z: [    2.830820] NET: Registered protocol family 10
[STDOUT  ] 2018-02-28T16:28:32.358597612Z: [    2.836463] sd 0:0:0:0: Attached scsi generic sg0 type 0
[STDOUT  ] 2018-02-28T16:28:32.362946153Z: [    2.842522] Segment Routing with IPv6
[STDOUT  ] 2018-02-28T16:28:32.368876132Z: [    2.846560] ip6_tables: (C) 2000-2006 Netfilter Core Team
[STDOUT  ] 2018-02-28T16:28:32.377258737Z: [    2.852722] sd 0:0:0:0: [sda] 524288 512-byte logical blocks: (268 MB/256 MiB)
[STDOUT  ] 2018-02-28T16:28:32.386890877Z: [    2.861426] scsi 2:0:0:0: CD-ROM            QEMU     QEMU DVD-ROM     2.5+ PQ: 0 ANSI: 5
[STDOUT  ] 2018-02-28T16:28:32.392372993Z: [    2.870672] sd 0:0:0:0: [sda] Write Protect is off
[STDOUT  ] 2018-02-28T16:28:32.397709527Z: [    2.876295] NET: Registered protocol family 17
[STDOUT  ] 2018-02-28T16:28:32.407401944Z: [    2.881381] sd 0:0:0:0: [sda] Write cache: enabled, read cache: enabled, doesn't support DPO or FUA
[STDOUT  ] 2018-02-28T16:28:32.413614837Z: [    2.892477] Bridge firewalling registered
[STDOUT  ] 2018-02-28T16:28:32.417748882Z: [    2.897219] Ebtables v2.0 registered
[STDOUT  ] 2018-02-28T16:28:32.424139945Z: [    2.902334] sd 0:0:0:0: [sda] Attached SCSI disk
[STDOUT  ] 2018-02-28T16:28:32.429229743Z: [    2.907848] 8021q: 802.1Q VLAN Support v1.8
[STDOUT  ] 2018-02-28T16:28:32.433908223Z: [    2.912919] 9pnet: Installing 9P2000 support
[STDOUT  ] 2018-02-28T16:28:32.438651701Z: [    2.917587] Key type dns_resolver registered
[STDOUT  ] 2018-02-28T16:28:32.443503400Z: [    2.922590] registered taskstats version 1
[STDOUT  ] 2018-02-28T16:28:32.455106150Z: [    2.930877] sr 2:0:0:0: [sr0] scsi3-mmc drive: 4x/4x cd/rw xa/form2 tray
[STDOUT  ] 2018-02-28T16:28:32.460902386Z: [    2.938774] cdrom: Uniform CD-ROM driver Revision: 3.20
[STDOUT  ] 2018-02-28T16:28:32.470923532Z: [    2.948316] sr 2:0:0:0: Attached scsi generic sg1 type 5
[STDOUT  ] 2018-02-28T16:28:32.475609480Z: [    2.954751] Key type big_key registered
[STDOUT  ] 2018-02-28T16:28:32.483714926Z: [    2.962704] Key type encrypted registered
[STDOUT  ] 2018-02-28T16:28:32.494437042Z: [    2.969207] rtc_cmos 00:00: setting system clock to 2018-02-28 16:28:31 UTC (1519835311)
[STDOUT  ] 2018-02-28T16:28:32.503332874Z: [    2.981630] Freeing unused kernel memory: 1504K
[STDOUT  ] 2018-02-28T16:28:32.510213091Z: [    2.987000] Write protecting the kernel read-only data: 18432k
[STDOUT  ] 2018-02-28T16:28:32.516450445Z: [    2.994755] Freeing unused kernel memory: 2024K
[STDOUT  ] 2018-02-28T16:28:32.526190382Z: [    3.004687] Freeing unused kernel memory: 1140K
[STDOUT  ] 2018-02-28T16:28:33.084222002Z: 
[STDOUT  ] 2018-02-28T16:28:33.086049069Z: Welcome to LinuxKit
[STDOUT  ] 2018-02-28T16:28:33.086701079Z: 
[STDOUT  ] 2018-02-28T16:28:33.090010395Z:                         ##         .
[STDOUT  ] 2018-02-28T16:28:33.092898029Z:                   ## ## ##        ==
[STDOUT  ] 2018-02-28T16:28:33.095794671Z:                ## ## ## ## ##    ===
[STDOUT  ] 2018-02-28T16:28:33.099068124Z:            /"""""""""""""""""\___/ ===
[STDOUT  ] 2018-02-28T16:28:33.102258379Z:           {                       /  ===-
[STDOUT  ] 2018-02-28T16:28:33.105144380Z:            \______ O           __/
[STDOUT  ] 2018-02-28T16:28:33.107799672Z:              \    \         __/
[STDOUT  ] 2018-02-28T16:28:33.110311990Z:               \____\_______/
[STDOUT  ] 2018-02-28T16:28:33.111043003Z: 
[STDOUT  ] 2018-02-28T16:28:33.161654486Z: [    3.639577] IPVS: ftp: loaded support on port[0] = 21
[STDOUT  ] 2018-02-28T16:28:33.232141607Z: 2018/02/28 16:28:32 Creating partition on /dev/sda
[STDOUT  ] 2018-02-28T16:28:33.253505567Z: [    3.734858]  sda:
[STDOUT  ] 2018-02-28T16:28:33.263600898Z: [    3.743591]  sda:
[STDOUT  ] 2018-02-28T16:28:33.284011582Z: [    3.763743]  sda: sda1
[STDOUT  ] 2018-02-28T16:28:33.293151031Z: [    3.773402]  sda: sda1
[STDOUT  ] 2018-02-28T16:28:34.400131926Z: 2018/02/28 16:28:33 Partition /dev/sda1 successfully created!
[STDOUT  ] 2018-02-28T16:28:34.475167078Z: [    4.951062] IPVS: ftp: loaded support on port[0] = 21
[STDOUT  ] 2018-02-28T16:28:34.523520393Z: [    4.996154] EXT4-fs (sda1): couldn't mount as ext3 due to feature incompatibilities
[STDOUT  ] 2018-02-28T16:28:34.536775849Z: [    5.008455] EXT4-fs (sda1): couldn't mount as ext2 due to feature incompatibilities
[STDOUT  ] 2018-02-28T16:28:34.554156839Z: [    5.026168] EXT4-fs (sda1): mounted filesystem with ordered data mode. Opts: (null)
[STDOUT  ] 2018-02-28T16:28:44.897623213Z: [   15.377465] sd 0:0:0:0: [sda] Synchronizing SCSI cache
[STDOUT  ] 2018-02-28T16:28:44.905522964Z: [   15.383823] sd 0:0:0:0: [sda] Stopping disk
[STDOUT  ] 2018-02-28T16:28:44.912088168Z: [   15.390403] ACPI: Preparing to enter system sleep state S5
[STDOUT  ] 2018-02-28T16:28:44.915683003Z: [   15.396175] reboot: Power down
[STDERR  ] 2018-02-28T16:28:45.233283009Z: + [ -f disk.img ]
[STDERR  ] 2018-02-28T16:28:45.233365583Z: + dd if=/dev/zero bs=1048576 count=256
[STDERR  ] 2018-02-28T16:28:45.502224540Z: 256+0 records in
[STDERR  ] 2018-02-28T16:28:45.502285978Z: 256+0 records out
[STDERR  ] 2018-02-28T16:28:45.502296515Z: 268435456 bytes (268 MB) copied, 0.199751 s, 1.3 GB/s
[STDERR  ] 2018-02-28T16:28:45.502541725Z: + linuxkit build -format kernel+initrd -name extend-ext4 test.yml
[STDERR  ] 2018-02-28T16:28:45.590667148Z: Extract kernel image: linuxkit/kernel:4.14.23
[STDERR  ] 2018-02-28T16:28:46.736442173Z: time="2018-02-28T16:28:46Z" level=warning msg="certificate with CN Justin Cormack is near expiry"
[STDERR  ] 2018-02-28T16:28:46.739783644Z: time="2018-02-28T16:28:46Z" level=warning msg="certificate with CN  is near expiry"
[STDERR  ] 2018-02-28T16:28:46.739850576Z: time="2018-02-28T16:28:46Z" level=warning msg="certificate with CN  is near expiry"
[STDERR  ] 2018-02-28T16:28:46.739861992Z: time="2018-02-28T16:28:46Z" level=warning msg="certificate with CN avi@atomicinc.com is near expiry"
[STDERR  ] 2018-02-28T16:28:46.739887376Z: time="2018-02-28T16:28:46Z" level=warning msg="certificate with CN Ian Campbell is near expiry"
[STDERR  ] 2018-02-28T16:28:46.802440808Z: time="2018-02-28T16:28:46Z" level=warning msg="certificate with CN Justin Cormack is near expiry"
[STDERR  ] 2018-02-28T16:28:47.166443656Z: Add init containers:
[STDERR  ] 2018-02-28T16:28:47.166497871Z: Process init image: linuxkit/init:d899eee3560a40aa3b4bdd67b3bb82703714b2b9
[STDERR  ] 2018-02-28T16:28:48.250058730Z: time="2018-02-28T16:28:48Z" level=warning msg="certificate with CN  is near expiry"
[STDERR  ] 2018-02-28T16:28:48.250126020Z: time="2018-02-28T16:28:48Z" level=warning msg="certificate with CN  is near expiry"
[STDERR  ] 2018-02-28T16:28:48.250253570Z: time="2018-02-28T16:28:48Z" level=warning msg="certificate with CN avi@atomicinc.com is near expiry"
[STDERR  ] 2018-02-28T16:28:48.250271324Z: time="2018-02-28T16:28:48Z" level=warning msg="certificate with CN Ian Campbell is near expiry"
[STDERR  ] 2018-02-28T16:28:48.250338905Z: time="2018-02-28T16:28:48Z" level=warning msg="certificate with CN Justin Cormack is near expiry"
[STDERR  ] 2018-02-28T16:28:48.255016973Z: time="2018-02-28T16:28:48Z" level=warning msg="certificate with CN Justin Cormack is near expiry"
[STDERR  ] 2018-02-28T16:28:48.256627373Z: time="2018-02-28T16:28:48Z" level=warning msg="certificate with CN  is near expiry"
[STDERR  ] 2018-02-28T16:28:48.256733399Z: time="2018-02-28T16:28:48Z" level=warning msg="certificate with CN Ian Campbell is near expiry"
[STDERR  ] 2018-02-28T16:28:48.439711821Z: Process init image: linuxkit/runc:7c39a68490a12cde830e1922f171c451fb08e731
[STDERR  ] 2018-02-28T16:28:49.514393441Z: time="2018-02-28T16:28:49Z" level=warning msg="certificate with CN Ian Campbell is near expiry"
[STDERR  ] 2018-02-28T16:28:49.514480101Z: time="2018-02-28T16:28:49Z" level=warning msg="certificate with CN Justin Cormack is near expiry"
[STDERR  ] 2018-02-28T16:28:49.514648324Z: time="2018-02-28T16:28:49Z" level=warning msg="certificate with CN  is near expiry"
[STDERR  ] 2018-02-28T16:28:49.514696789Z: time="2018-02-28T16:28:49Z" level=warning msg="certificate with CN  is near expiry"
[STDERR  ] 2018-02-28T16:28:49.514758771Z: time="2018-02-28T16:28:49Z" level=warning msg="certificate with CN avi@atomicinc.com is near expiry"
[STDERR  ] 2018-02-28T16:28:49.517099139Z: time="2018-02-28T16:28:49Z" level=warning msg="certificate with CN Justin Cormack is near expiry"
[STDERR  ] 2018-02-28T16:28:49.518399856Z: time="2018-02-28T16:28:49Z" level=warning msg="certificate with CN  is near expiry"
[STDERR  ] 2018-02-28T16:28:49.518458241Z: time="2018-02-28T16:28:49Z" level=warning msg="certificate with CN Ian Campbell is near expiry"
[STDERR  ] 2018-02-28T16:28:49.659910780Z: Add onboot containers:
[STDERR  ] 2018-02-28T16:28:49.659961841Z:   Create OCI config for linuxkit/extend:v0.2
[STDERR  ] 2018-02-28T16:28:51.380388867Z: time="2018-02-28T16:28:51Z" level=warning msg="certificate with CN Rolf Neugebauer is near expiry"
[STDERR  ] 2018-02-28T16:28:51.380457153Z: time="2018-02-28T16:28:51Z" level=warning msg="certificate with CN Ian Campbell is near expiry"
[STDERR  ] 2018-02-28T16:28:51.380564779Z: time="2018-02-28T16:28:51Z" level=warning msg="certificate with CN  is near expiry"
[STDERR  ] 2018-02-28T16:28:51.380583068Z: time="2018-02-28T16:28:51Z" level=warning msg="certificate with CN Moby CI is near expiry"
[STDERR  ] 2018-02-28T16:28:51.380623633Z: time="2018-02-28T16:28:51Z" level=warning msg="certificate with CN  is near expiry"
[STDERR  ] 2018-02-28T16:28:51.380688686Z: time="2018-02-28T16:28:51Z" level=warning msg="certificate with CN Justin Cormack is near expiry"
[STDERR  ] 2018-02-28T16:28:51.468942375Z: time="2018-02-28T16:28:51Z" level=warning msg="certificate with CN  is near expiry"
[STDERR  ] 2018-02-28T16:28:51.469066201Z: time="2018-02-28T16:28:51Z" level=warning msg="certificate with CN Ian Campbell is near expiry"
[STDERR  ] 2018-02-28T16:28:51.643200104Z: time="2018-02-28T16:28:51Z" level=warning msg="certificate with CN Rolf Neugebauer is near expiry"
[STDERR  ] 2018-02-28T16:28:51.663717165Z: Pull image: docker.io/linuxkit/extend:v0.2@sha256:35979af663e6a3949a9940a12cc65c793edf229b35b8f804dac11d8a51ca7f95
[STDERR  ] 2018-02-28T16:28:55.531784522Z:   Create OCI config for linuxkit/mount:v0.2
[STDERR  ] 2018-02-28T16:28:56.558895267Z: time="2018-02-28T16:28:56Z" level=warning msg="certificate with CN Rolf Neugebauer is near expiry"
[STDERR  ] 2018-02-28T16:28:56.558980492Z: time="2018-02-28T16:28:56Z" level=warning msg="certificate with CN  is near expiry"
[STDERR  ] 2018-02-28T16:28:56.558998856Z: time="2018-02-28T16:28:56Z" level=warning msg="certificate with CN  is near expiry"
[STDERR  ] 2018-02-28T16:28:56.559175247Z: time="2018-02-28T16:28:56Z" level=warning msg="certificate with CN avi@atomicinc.com is near expiry"
[STDERR  ] 2018-02-28T16:28:56.559202475Z: time="2018-02-28T16:28:56Z" level=warning msg="certificate with CN Ian Campbell is near expiry"
[STDERR  ] 2018-02-28T16:28:56.559229416Z: time="2018-02-28T16:28:56Z" level=warning msg="certificate with CN Justin Cormack is near expiry"
[STDERR  ] 2018-02-28T16:28:56.560734997Z: time="2018-02-28T16:28:56Z" level=warning msg="certificate with CN Justin Cormack is near expiry"
[STDERR  ] 2018-02-28T16:28:56.561817014Z: time="2018-02-28T16:28:56Z" level=warning msg="certificate with CN Rolf Neugebauer is near expiry"
[STDERR  ] 2018-02-28T16:28:56.563276101Z: time="2018-02-28T16:28:56Z" level=warning msg="certificate with CN  is near expiry"
[STDERR  ] 2018-02-28T16:28:56.563353747Z: time="2018-02-28T16:28:56Z" level=warning msg="certificate with CN Ian Campbell is near expiry"
[STDERR  ] 2018-02-28T16:28:56.943293674Z:   Create OCI config for alpine:3.7
[STDERR  ] 2018-02-28T16:28:58.139796041Z:   Create OCI config for linuxkit/poweroff:f9a0a5e52fd2a97908bda33db2afffafe4a6a67d
[STDERR  ] 2018-02-28T16:28:59.179409469Z: time="2018-02-28T16:28:59Z" level=warning msg="certificate with CN Justin Cormack is near expiry"
[STDERR  ] 2018-02-28T16:28:59.179633852Z: time="2018-02-28T16:28:59Z" level=warning msg="certificate with CN Rolf Neugebauer is near expiry"
[STDERR  ] 2018-02-28T16:28:59.179663773Z: time="2018-02-28T16:28:59Z" level=warning msg="certificate with CN  is near expiry"
[STDERR  ] 2018-02-28T16:28:59.179813111Z: time="2018-02-28T16:28:59Z" level=warning msg="certificate with CN  is near expiry"
[STDERR  ] 2018-02-28T16:28:59.179946735Z: time="2018-02-28T16:28:59Z" level=warning msg="certificate with CN avi@atomicinc.com is near expiry"
[STDERR  ] 2018-02-28T16:28:59.180649280Z: time="2018-02-28T16:28:59Z" level=warning msg="certificate with CN Ian Campbell is near expiry"
[STDERR  ] 2018-02-28T16:28:59.182875476Z: time="2018-02-28T16:28:59Z" level=warning msg="certificate with CN Rolf Neugebauer is near expiry"
[STDERR  ] 2018-02-28T16:28:59.184098518Z: time="2018-02-28T16:28:59Z" level=warning msg="certificate with CN  is near expiry"
[STDERR  ] 2018-02-28T16:28:59.184215340Z: time="2018-02-28T16:28:59Z" level=warning msg="certificate with CN Ian Campbell is near expiry"
[STDERR  ] 2018-02-28T16:28:59.365677583Z: Add files:
[STDERR  ] 2018-02-28T16:28:59.365756914Z:   check.sh
[STDERR  ] 2018-02-28T16:28:59.376042792Z: Create outputs:
[STDERR  ] 2018-02-28T16:29:05.779553766Z:   extend-ext4-kernel extend-ext4-initrd.img extend-ext4-cmdline
[STDERR  ] 2018-02-28T16:29:05.833649669Z: + linuxkit run -disk file=disk.img extend-ext4
[STDERR  ] 2018-02-28T16:29:05.858225977Z: Unable to find qemu-system-x86_64 within the $PATH. Using a container
[STDERR  ] 2018-02-28T16:29:05.858423500Z: Using existing disk [disk.img] format 
[STDERR  ] 2018-02-28T16:29:06.354102879Z: WARNING: Image format was not specified for 'disk.img' and probing guessed raw.
[STDERR  ] 2018-02-28T16:29:06.354166266Z:          Automatically detecting the format is dangerous for raw images, write operations on block 0 will be restricted.
[STDERR  ] 2018-02-28T16:29:06.354194789Z:          Specify the 'raw' format explicitly to remove the restrictions.
[STDERR  ] 2018-02-28T16:29:23.804114736Z: + RESULT=[    0.000000] Linux version 4.14.23-linuxkit (root@e0a6c0f2f7a4) (gcc version 6.4.0 (Alpine 6.4.0)) #1 SMP Wed Feb 28 11:15:17 UTC 2018
[STDERR  ] 2018-02-28T16:29:23.804167296Z: [    0.000000] Command line: console=ttyS0 console=ttyAMA0
[STDERR  ] 2018-02-28T16:29:23.804179196Z: [    0.000000] x86/fpu: x87 FPU will use FXSAVE
[STDERR  ] 2018-02-28T16:29:23.804189742Z: [    0.000000] e820: BIOS-provided physical RAM map:
[STDERR  ] 2018-02-28T16:29:23.804202282Z: [    0.000000] BIOS-e820: [mem 0x0000000000000000-0x000000000009fbff] usable
[STDERR  ] 2018-02-28T16:29:23.804213189Z: [    0.000000] BIOS-e820: [mem 0x000000000009fc00-0x000000000009ffff] reserved
[STDERR  ] 2018-02-28T16:29:23.804222436Z: [    0.000000] BIOS-e820: [mem 0x00000000000f0000-0x00000000000fffff] reserved
[STDERR  ] 2018-02-28T16:29:23.804231367Z: [    0.000000] BIOS-e820: [mem 0x0000000000100000-0x000000003ffdefff] usable
[STDERR  ] 2018-02-28T16:29:23.804240902Z: [    0.000000] BIOS-e820: [mem 0x000000003ffdf000-0x000000003fffffff] reserved
[STDERR  ] 2018-02-28T16:29:23.804251216Z: [    0.000000] BIOS-e820: [mem 0x00000000b0000000-0x00000000bfffffff] reserved
[STDERR  ] 2018-02-28T16:29:23.804261285Z: [    0.000000] BIOS-e820: [mem 0x00000000fed1c000-0x00000000fed1ffff] reserved
[STDERR  ] 2018-02-28T16:29:23.804270231Z: [    0.000000] BIOS-e820: [mem 0x00000000feffc000-0x00000000feffffff] reserved
[STDERR  ] 2018-02-28T16:29:23.804278536Z: [    0.000000] BIOS-e820: [mem 0x00000000fffc0000-0x00000000ffffffff] reserved
[STDERR  ] 2018-02-28T16:29:23.804287188Z: [    0.000000] NX (Execute Disable) protection: active
[STDERR  ] 2018-02-28T16:29:23.804297334Z: [    0.000000] random: fast init done
[STDERR  ] 2018-02-28T16:29:23.804306084Z: [    0.000000] SMBIOS 2.8 present.
[STDERR  ] 2018-02-28T16:29:23.804315233Z: [    0.000000] DMI: QEMU Standard PC (Q35 + ICH9, 2009), BIOS rel-1.10.2-0-g5f4c7b1-prebuilt.qemu-project.org 04/01/2014
[STDERR  ] 2018-02-28T16:29:23.804325055Z: [    0.000000] Hypervisor detected: KVM
[STDERR  ] 2018-02-28T16:29:23.804333910Z: [    0.000000] tsc: Fast TSC calibration failed
[STDERR  ] 2018-02-28T16:29:23.804343717Z: [    0.000000] tsc: Unable to calibrate against PIT
[STDERR  ] 2018-02-28T16:29:23.804352795Z: [    0.000000] tsc: No reference (HPET/PMTIMER) available
[STDERR  ] 2018-02-28T16:29:23.804361973Z: [    0.000000] e820: last_pfn = 0x3ffdf max_arch_pfn = 0x400000000
[STDERR  ] 2018-02-28T16:29:23.804371260Z: [    0.000000] x86/PAT: PAT not supported by CPU.
[STDERR  ] 2018-02-28T16:29:23.804380646Z: [    0.000000] x86/PAT: Configuration [0-7]: WB  WT  UC- UC  WB  WT  UC- UC  
[STDERR  ] 2018-02-28T16:29:23.804389995Z: [    0.000000] found SMP MP-table at [mem 0x000f6aa0-0x000f6aaf] mapped at [ffffffffff200aa0]
[STDERR  ] 2018-02-28T16:29:23.804400107Z: [    0.000000] RAMDISK: [mem 0x3dd79000-0x3ffcffff]
[STDERR  ] 2018-02-28T16:29:23.804408884Z: [    0.000000] ACPI: Early table checksum verification disabled
[STDERR  ] 2018-02-28T16:29:23.804428759Z: [    0.000000] ACPI: RSDP 0x00000000000F68B0 000014 (v00 BOCHS )
[STDERR  ] 2018-02-28T16:29:23.804437870Z: [    0.000000] ACPI: RSDT 0x000000003FFE20A8 000034 (v01 BOCHS  BXPCRSDT 00000001 BXPC 00000001)
[STDERR  ] 2018-02-28T16:29:23.804469021Z: [    0.000000] ACPI: FACP 0x000000003FFE1EC8 0000F4 (v03 BOCHS  BXPCFACP 00000001 BXPC 00000001)
[STDERR  ] 2018-02-28T16:29:23.804477990Z: [    0.000000] ACPI: DSDT 0x000000003FFE0040 001E88 (v01 BOCHS  BXPCDSDT 00000001 BXPC 00000001)
[STDERR  ] 2018-02-28T16:29:23.804487150Z: [    0.000000] ACPI: FACS 0x000000003FFE0000 000040
[STDERR  ] 2018-02-28T16:29:23.804496290Z: [    0.000000] ACPI: APIC 0x000000003FFE1FBC 000078 (v01 BOCHS  BXPCAPIC 00000001 BXPC 00000001)
[STDERR  ] 2018-02-28T16:29:23.804505666Z: [    0.000000] ACPI: HPET 0x000000003FFE2034 000038 (v01 BOCHS  BXPCHPET 00000001 BXPC 00000001)
[STDERR  ] 2018-02-28T16:29:23.804514244Z: [    0.000000] ACPI: MCFG 0x000000003FFE206C 00003C (v01 BOCHS  BXPCMCFG 00000001 BXPC 00000001)
[STDERR  ] 2018-02-28T16:29:23.804529363Z: [    0.000000] kvm-clock: Using msrs 4b564d01 and 4b564d00
[STDERR  ] 2018-02-28T16:29:23.804551539Z: [    0.000000] kvm-clock: cpu 0, msr 0:3ffdd001, primary cpu clock
[STDERR  ] 2018-02-28T16:29:23.804561452Z: [    0.000000] clocksource: kvm-clock: mask: 0xffffffffffffffff max_cycles: 0x1cd42e4dffb, max_idle_ns: 881590591483 ns
[STDERR  ] 2018-02-28T16:29:23.804570043Z: [    0.000000] Zone ranges:
[STDERR  ] 2018-02-28T16:29:23.804579328Z: [    0.000000]   DMA      [mem 0x0000000000001000-0x0000000000ffffff]
[STDERR  ] 2018-02-28T16:29:23.804593823Z: [    0.000000]   DMA32    [mem 0x0000000001000000-0x000000003ffdefff]
[STDERR  ] 2018-02-28T16:29:23.804603044Z: [    0.000000]   Normal   empty
[STDERR  ] 2018-02-28T16:29:23.804612027Z: [    0.000000]   Device   empty
[STDERR  ] 2018-02-28T16:29:23.804620280Z: [    0.000000] Movable zone start for each node
[STDERR  ] 2018-02-28T16:29:23.804629186Z: [    0.000000] Early memory node ranges
[STDERR  ] 2018-02-28T16:29:23.804637884Z: [    0.000000]   node   0: [mem 0x0000000000001000-0x000000000009efff]
[STDERR  ] 2018-02-28T16:29:23.804646352Z: [    0.000000]   node   0: [mem 0x0000000000100000-0x000000003ffdefff]
[STDERR  ] 2018-02-28T16:29:23.804654261Z: [    0.000000] Initmem setup node 0 [mem 0x0000000000001000-0x000000003ffdefff]
[STDERR  ] 2018-02-28T16:29:23.804662975Z: [    0.000000] ACPI: PM-Timer IO Port: 0x608
[STDERR  ] 2018-02-28T16:29:23.804670881Z: [    0.000000] ACPI: LAPIC_NMI (acpi_id[0xff] dfl dfl lint[0x1])
[STDERR  ] 2018-02-28T16:29:23.804679179Z: [    0.000000] IOAPIC[0]: apic_id 0, version 17, address 0xfec00000, GSI 0-23
[STDERR  ] 2018-02-28T16:29:23.804687324Z: [    0.000000] ACPI: INT_SRC_OVR (bus 0 bus_irq 0 global_irq 2 dfl dfl)
[STDERR  ] 2018-02-28T16:29:23.804695063Z: [    0.000000] ACPI: INT_SRC_OVR (bus 0 bus_irq 5 global_irq 5 high level)
[STDERR  ] 2018-02-28T16:29:23.804702935Z: [    0.000000] ACPI: INT_SRC_OVR (bus 0 bus_irq 9 global_irq 9 high level)
[STDERR  ] 2018-02-28T16:29:23.804710932Z: [    0.000000] ACPI: INT_SRC_OVR (bus 0 bus_irq 10 global_irq 10 high level)
[STDERR  ] 2018-02-28T16:29:23.804719892Z: [    0.000000] ACPI: INT_SRC_OVR (bus 0 bus_irq 11 global_irq 11 high level)
[STDERR  ] 2018-02-28T16:29:23.804727870Z: [    0.000000] Using ACPI (MADT) for SMP configuration information
[STDERR  ] 2018-02-28T16:29:23.804735995Z: [    0.000000] ACPI: HPET id: 0x8086a201 base: 0xfed00000
[STDERR  ] 2018-02-28T16:29:23.804743819Z: [    0.000000] smpboot: Allowing 1 CPUs, 0 hotplug CPUs
[STDERR  ] 2018-02-28T16:29:23.804751648Z: [    0.000000] e820: [mem 0x40000000-0xafffffff] available for PCI devices
[STDERR  ] 2018-02-28T16:29:23.804759347Z: [    0.000000] Booting paravirtualized kernel on KVM
[STDERR  ] 2018-02-28T16:29:23.804766946Z: [    0.000000] clocksource: refined-jiffies: mask: 0xffffffff max_cycles: 0xffffffff, max_idle_ns: 19112604462750000 ns
[STDERR  ] 2018-02-28T16:29:23.804775058Z: [    0.000000] setup_percpu: NR_CPUS:128 nr_cpumask_bits:128 nr_cpu_ids:1 nr_node_ids:1
[STDERR  ] 2018-02-28T16:29:23.804787694Z: [    0.000000] percpu: Embedded 44 pages/cpu @ffff9923bda00000 s143128 r8192 d28904 u2097152
[STDERR  ] 2018-02-28T16:29:23.804798716Z: [    0.000000] KVM setup async PF for cpu 0
[STDERR  ] 2018-02-28T16:29:23.804807894Z: [    0.000000] kvm-stealtime: cpu 0, msr 3da15f00
[STDERR  ] 2018-02-28T16:29:23.804815842Z: [    0.000000] Built 1 zonelists, mobility grouping on.  Total pages: 257896
[STDERR  ] 2018-02-28T16:29:23.804823874Z: [    0.000000] Kernel command line: console=ttyS0 console=ttyAMA0
[STDERR  ] 2018-02-28T16:29:23.804832796Z: [    0.000000] PID hash table entries: 4096 (order: 3, 32768 bytes)
[STDERR  ] 2018-02-28T16:29:23.804841516Z: [    0.000000] Dentry cache hash table entries: 131072 (order: 8, 1048576 bytes)
[STDERR  ] 2018-02-28T16:29:23.804850640Z: [    0.000000] Inode-cache hash table entries: 65536 (order: 7, 524288 bytes)
[STDERR  ] 2018-02-28T16:29:23.804859189Z: [    0.000000] Memory: 969660K/1048052K available (12300K kernel code, 1460K rwdata, 2956K rodata, 1504K init, 628K bss, 78392K reserved, 0K cma-reserved)
[STDERR  ] 2018-02-28T16:29:23.804876094Z: [    0.000000] Kernel/User page tables isolation: enabled
[STDERR  ] 2018-02-28T16:29:23.804885539Z: [    0.000000] ftrace: allocating 40632 entries in 159 pages
[STDERR  ] 2018-02-28T16:29:23.804893919Z: [    0.010000] Hierarchical RCU implementation.
[STDERR  ] 2018-02-28T16:29:23.804901887Z: [    0.010000] 	RCU restricting CPUs from NR_CPUS=128 to nr_cpu_ids=1.
[STDERR  ] 2018-02-28T16:29:23.804910023Z: [    0.010000] RCU: Adjusting geometry for rcu_fanout_leaf=16, nr_cpu_ids=1
[STDERR  ] 2018-02-28T16:29:23.804921074Z: [    0.010000] NR_IRQS: 8448, nr_irqs: 256, preallocated irqs: 16
[STDERR  ] 2018-02-28T16:29:23.804929519Z: [    0.010000] Console: colour VGA+ 80x25
[STDERR  ] 2018-02-28T16:29:23.804937989Z: [    0.010000] console [ttyS0] enabled
[STDERR  ] 2018-02-28T16:29:23.804952352Z: [    0.010000] clocksource: hpet: mask: 0xffffffff max_cycles: 0xffffffff, max_idle_ns: 19112604467 ns
[STDERR  ] 2018-02-28T16:29:23.804965609Z: [    0.010050] tsc: Detected 2300.000 MHz processor
[STDERR  ] 2018-02-28T16:29:23.804974454Z: [    0.016241] Calibrating delay loop (skipped) preset value.. 4600.00 BogoMIPS (lpj=23000000)
[STDERR  ] 2018-02-28T16:29:23.804982794Z: [    0.020036] pid_max: default: 32768 minimum: 301
[STDERR  ] 2018-02-28T16:29:23.804991258Z: [    0.030098] ACPI: Core revision 20170728
[STDERR  ] 2018-02-28T16:29:23.804999712Z: [    0.036023] ACPI: 1 ACPI AML tables successfully acquired and loaded
[STDERR  ] 2018-02-28T16:29:23.805008103Z: [    0.040089] Security Framework initialized
[STDERR  ] 2018-02-28T16:29:23.805016402Z: [    0.050026] Yama: becoming mindful.
[STDERR  ] 2018-02-28T16:29:23.805024247Z: [    0.054544] Mount-cache hash table entries: 2048 (order: 2, 16384 bytes)
[STDERR  ] 2018-02-28T16:29:23.805033206Z: [    0.060044] Mountpoint-cache hash table entries: 2048 (order: 2, 16384 bytes)
[STDERR  ] 2018-02-28T16:29:23.805041238Z: [    0.070857] CPU: Physical Processor ID: 0
[STDERR  ] 2018-02-28T16:29:23.805049394Z: [    0.085849] Last level iTLB entries: 4KB 0, 2MB 0, 4MB 0
[STDERR  ] 2018-02-28T16:29:23.805058285Z: [    0.090045] Last level dTLB entries: 4KB 0, 2MB 0, 4MB 0, 1GB 0
[STDERR  ] 2018-02-28T16:29:23.805067609Z: [    0.100028] Spectre V2 : Vulnerable: Minimal generic ASM retpoline
[STDERR  ] 2018-02-28T16:29:23.805075580Z: [    0.116041] Freeing SMP alternatives memory: 20K
[STDERR  ] 2018-02-28T16:29:23.805083342Z: [    0.120557] smpboot: Max logical packages: 1
[STDERR  ] 2018-02-28T16:29:23.805091078Z: [    0.132041] x2apic enabled
[STDERR  ] 2018-02-28T16:29:23.805100902Z: [    0.137412] Switched APIC routing to physical x2apic.
[STDERR  ] 2018-02-28T16:29:23.805109751Z: [    0.154029] ..TIMER: vector=0x30 apic1=0 pin1=2 apic2=-1 pin2=-1
[STDERR  ] 2018-02-28T16:29:23.805118231Z: [    0.160000] smpboot: CPU0: Intel QEMU Virtual CPU version 2.5+ (family: 0x6, model: 0x6, stepping: 0x3)
[STDERR  ] 2018-02-28T16:29:23.805131671Z: [    0.160151] Performance Events: PMU not available due to virtualization, using software events only.
[STDERR  ] 2018-02-28T16:29:23.805150662Z: [    0.170462] Hierarchical SRCU implementation.
[STDERR  ] 2018-02-28T16:29:23.805159756Z: [    0.176537] NMI watchdog: Perf event create on CPU 0 failed with -2
[STDERR  ] 2018-02-28T16:29:23.805168296Z: [    0.180011] NMI watchdog: Perf NMI watchdog permanently disabled
[STDERR  ] 2018-02-28T16:29:23.805176519Z: [    0.190140] smp: Bringing up secondary CPUs ...
[STDERR  ] 2018-02-28T16:29:23.805184986Z: [    0.200008] smp: Brought up 1 node, 1 CPU
[STDERR  ] 2018-02-28T16:29:23.805192902Z: [    0.205327] smpboot: Total of 1 processors activated (4600.00 BogoMIPS)
[STDERR  ] 2018-02-28T16:29:23.805202206Z: [    0.212137] devtmpfs: initialized
[STDERR  ] 2018-02-28T16:29:23.805210380Z: [    0.220092] x86/mm: Memory block size: 128MB
[STDERR  ] 2018-02-28T16:29:23.805218502Z: [    0.226137] clocksource: jiffies: mask: 0xffffffff max_cycles: 0xffffffff, max_idle_ns: 19112604462750000 ns
[STDERR  ] 2018-02-28T16:29:23.805228307Z: [    0.230030] futex hash table entries: 256 (order: 2, 16384 bytes)
[STDERR  ] 2018-02-28T16:29:23.805239802Z: [    0.238612] NET: Registered protocol family 16
[STDERR  ] 2018-02-28T16:29:23.805248431Z: [    0.240244] cpuidle: using governor ladder
[STDERR  ] 2018-02-28T16:29:23.805259961Z: [    0.250009] cpuidle: using governor menu
[STDERR  ] 2018-02-28T16:29:23.805268613Z: [    0.255470] ACPI: bus type PCI registered
[STDERR  ] 2018-02-28T16:29:23.805276898Z: [    0.260622] PCI: MMCONFIG for domain 0000 [bus 00-ff] at [mem 0xb0000000-0xbfffffff] (base 0xb0000000)
[STDERR  ] 2018-02-28T16:29:23.805286542Z: [    0.270017] PCI: MMCONFIG at [mem 0xb0000000-0xbfffffff] reserved in E820
[STDERR  ] 2018-02-28T16:29:23.805295865Z: [    0.280032] PCI: Using configuration type 1 for base access
[STDERR  ] 2018-02-28T16:29:23.805304673Z: [    0.291489] HugeTLB registered 2.00 MiB page size, pre-allocated 0 pages
[STDERR  ] 2018-02-28T16:29:23.805312858Z: [    0.300367] ACPI: Added _OSI(Module Device)
[STDERR  ] 2018-02-28T16:29:23.805321666Z: [    0.305533] ACPI: Added _OSI(Processor Device)
[STDERR  ] 2018-02-28T16:29:23.805330024Z: [    0.310019] ACPI: Added _OSI(3.0 _SCP Extensions)
[STDERR  ] 2018-02-28T16:29:23.805337985Z: [    0.315783] ACPI: Added _OSI(Processor Aggregator Device)
[STDERR  ] 2018-02-28T16:29:23.805346104Z: [    0.325109] ACPI: Interpreter enabled
[STDERR  ] 2018-02-28T16:29:23.805354037Z: [    0.330054] ACPI: (supports S0 S5)
[STDERR  ] 2018-02-28T16:29:23.805362397Z: [    0.334485] ACPI: Using IOAPIC for interrupt routing
[STDERR  ] 2018-02-28T16:29:23.805370295Z: [    0.340082] PCI: Using host bridge windows from ACPI; if necessary, use "pci=nocrs" and report a bug
[STDERR  ] 2018-02-28T16:29:23.805380144Z: [    0.350262] ACPI: Enabled 1 GPEs in block 00 to 3F
[STDERR  ] 2018-02-28T16:29:23.805388104Z: [    0.363776] ACPI: PCI Root Bridge [PCI0] (domain 0000 [bus 00-ff])
[STDERR  ] 2018-02-28T16:29:23.805396106Z: [    0.370022] acpi PNP0A08:00: _OSC: OS supports [ExtendedConfig ASPM ClockPM Segments MSI]
[STDERR  ] 2018-02-28T16:29:23.805404146Z: [    0.380194] acpi PNP0A08:00: _OSC: OS now controls [PCIeHotplug PME PCIeCapability]
[STDERR  ] 2018-02-28T16:29:23.805412284Z: [    0.390106] PCI host bridge to bus 0000:00
[STDERR  ] 2018-02-28T16:29:23.805420385Z: [    0.395178] pci_bus 0000:00: root bus resource [io  0x0000-0x0cf7 window]
[STDERR  ] 2018-02-28T16:29:23.805428311Z: [    0.400017] pci_bus 0000:00: root bus resource [io  0x0d00-0xffff window]
[STDERR  ] 2018-02-28T16:29:23.805436059Z: [    0.410015] pci_bus 0000:00: root bus resource [mem 0x000a0000-0x000bffff window]
[STDERR  ] 2018-02-28T16:29:23.805449302Z: [    0.420054] pci_bus 0000:00: root bus resource [mem 0xc0000000-0xfebfffff window]
[STDERR  ] 2018-02-28T16:29:23.805457398Z: [    0.430018] pci_bus 0000:00: root bus resource [bus 00-ff]
[STDERR  ] 2018-02-28T16:29:23.805466830Z: [    0.567496] pci 0000:00:1f.0: quirk: [io  0x0600-0x067f] claimed by ICH6 ACPI/GPIO/TCO
[STDERR  ] 2018-02-28T16:29:23.805478297Z: [    0.632653] ACPI: PCI Interrupt Link [LNKA] (IRQs 5 *10 11)
[STDERR  ] 2018-02-28T16:29:23.805486808Z: [    0.640187] ACPI: PCI Interrupt Link [LNKB] (IRQs 5 *10 11)
[STDERR  ] 2018-02-28T16:29:23.805495239Z: [    0.646568] ACPI: PCI Interrupt Link [LNKC] (IRQs 5 10 *11)
[STDERR  ] 2018-02-28T16:29:23.805504435Z: [    0.650363] ACPI: PCI Interrupt Link [LNKD] (IRQs 5 10 *11)
[STDERR  ] 2018-02-28T16:29:23.805512644Z: [    0.657010] ACPI: PCI Interrupt Link [LNKE] (IRQs 5 *10 11)
[STDERR  ] 2018-02-28T16:29:23.805521477Z: [    0.660312] ACPI: PCI Interrupt Link [LNKF] (IRQs 5 *10 11)
[STDERR  ] 2018-02-28T16:29:23.805529791Z: [    0.670341] ACPI: PCI Interrupt Link [LNKG] (IRQs 5 10 *11)
[STDERR  ] 2018-02-28T16:29:23.805537684Z: [    0.676768] ACPI: PCI Interrupt Link [LNKH] (IRQs 5 10 *11)
[STDERR  ] 2018-02-28T16:29:23.805545531Z: [    0.680180] ACPI: PCI Interrupt Link [GSIA] (IRQs *16)
[STDERR  ] 2018-02-28T16:29:23.805553518Z: [    0.690041] ACPI: PCI Interrupt Link [GSIB] (IRQs *17)
[STDERR  ] 2018-02-28T16:29:23.805567293Z: [    0.695944] ACPI: PCI Interrupt Link [GSIC] (IRQs *18)
[STDERR  ] 2018-02-28T16:29:23.805576385Z: [    0.700044] ACPI: PCI Interrupt Link [GSID] (IRQs *19)
[STDERR  ] 2018-02-28T16:29:23.805587101Z: [    0.710047] ACPI: PCI Interrupt Link [GSIE] (IRQs *20)
[STDERR  ] 2018-02-28T16:29:23.805595559Z: [    0.715922] ACPI: PCI Interrupt Link [GSIF] (IRQs *21)
[STDERR  ] 2018-02-28T16:29:23.805603386Z: [    0.720043] ACPI: PCI Interrupt Link [GSIG] (IRQs *22)
[STDERR  ] 2018-02-28T16:29:23.805611019Z: [    0.725946] ACPI: PCI Interrupt Link [GSIH] (IRQs *23)
[STDERR  ] 2018-02-28T16:29:23.805620097Z: [    0.730429] SCSI subsystem initialized
[STDERR  ] 2018-02-28T16:29:23.805628495Z: [    0.734670] ACPI: bus type USB registered
[STDERR  ] 2018-02-28T16:29:23.805636510Z: [    0.740061] usbcore: registered new interface driver usbfs
[STDERR  ] 2018-02-28T16:29:23.805644433Z: [    0.746196] usbcore: registered new interface driver hub
[STDERR  ] 2018-02-28T16:29:23.805654921Z: [    0.750052] usbcore: registered new device driver usb
[STDERR  ] 2018-02-28T16:29:23.805664953Z: [    0.760051] pps_core: LinuxPPS API ver. 1 registered
[STDERR  ] 2018-02-28T16:29:23.805673457Z: [    0.765469] pps_core: Software ver. 5.3.6 - Copyright 2005-2007 Rodolfo Giometti <giometti@linux.it>
[STDERR  ] 2018-02-28T16:29:23.805682084Z: [    0.770038] PTP clock support registered
[STDERR  ] 2018-02-28T16:29:23.805689737Z: [    0.780122] PCI: Using ACPI for IRQ routing
[STDERR  ] 2018-02-28T16:29:23.805698026Z: [    1.186492] NetLabel: Initializing
[STDERR  ] 2018-02-28T16:29:23.805706764Z: [    1.190008] NetLabel:  domain hash size = 128
[STDERR  ] 2018-02-28T16:29:23.805714952Z: [    1.194709] NetLabel:  protocols = UNLABELED CIPSOv4 CALIPSO
[STDERR  ] 2018-02-28T16:29:23.805723874Z: [    1.200051] NetLabel:  unlabeled traffic allowed by default
[STDERR  ] 2018-02-28T16:29:23.805732477Z: [    1.206215] HPET: 3 timers in total, 0 timers will be used for per-cpu timer
[STDERR  ] 2018-02-28T16:29:23.805741370Z: [    1.210156] hpet0: at MMIO 0xfed00000, IRQs 2, 8, 0
[STDERR  ] 2018-02-28T16:29:23.805749914Z: [    1.220010] hpet0: 3 comparators, 64-bit 100.000000 MHz counter
[STDERR  ] 2018-02-28T16:29:23.805758012Z: [    1.228811] clocksource: Switched to clocksource kvm-clock
[STDERR  ] 2018-02-28T16:29:23.805766050Z: [    1.242533] VFS: Disk quotas dquot_6.6.0
[STDERR  ] 2018-02-28T16:29:23.805774343Z: [    1.247211] VFS: Dquot-cache hash table entries: 512 (order 0, 4096 bytes)
[STDERR  ] 2018-02-28T16:29:23.805783381Z: [    1.255294] FS-Cache: Loaded
[STDERR  ] 2018-02-28T16:29:23.805794343Z: [    1.258716] CacheFiles: Loaded
[STDERR  ] 2018-02-28T16:29:23.805803552Z: [    1.262278] pnp: PnP ACPI init
[STDERR  ] 2018-02-28T16:29:23.805815024Z: [    1.267199] pnp: PnP ACPI: found 5 devices
[STDERR  ] 2018-02-28T16:29:23.805824292Z: [    1.277737] clocksource: acpi_pm: mask: 0xffffff max_cycles: 0xffffff, max_idle_ns: 2085701024 ns
[STDERR  ] 2018-02-28T16:29:23.805836021Z: [    1.287530] NET: Registered protocol family 2
[STDERR  ] 2018-02-28T16:29:23.805847680Z: [    1.292656] TCP established hash table entries: 8192 (order: 4, 65536 bytes)
[STDERR  ] 2018-02-28T16:29:23.805859197Z: [    1.300553] TCP bind hash table entries: 8192 (order: 5, 131072 bytes)
[STDERR  ] 2018-02-28T16:29:23.805868283Z: [    1.308905] TCP: Hash tables configured (established 8192 bind 8192)
[STDERR  ] 2018-02-28T16:29:23.805876304Z: [    1.316108] UDP hash table entries: 512 (order: 2, 16384 bytes)
[STDERR  ] 2018-02-28T16:29:23.805886947Z: [    1.322699] UDP-Lite hash table entries: 512 (order: 2, 16384 bytes)
[STDERR  ] 2018-02-28T16:29:23.805894992Z: [    1.330143] NET: Registered protocol family 1
[STDERR  ] 2018-02-28T16:29:23.805904129Z: [    1.335384] pci 0000:00:01.0: Video device with shadowed ROM at [mem 0x000c0000-0x000dffff]
[STDERR  ] 2018-02-28T16:29:23.805912545Z: [    1.345093] Trying to unpack rootfs image as initramfs...
[STDERR  ] 2018-02-28T16:29:23.805924477Z: [    1.955731] Freeing initrd memory: 35164K
[STDERR  ] 2018-02-28T16:29:23.805936937Z: [    1.961406] PCLMULQDQ-NI instructions are not detected.
[STDERR  ] 2018-02-28T16:29:23.805948497Z: [    1.966955] AVX or AES-NI instructions are not detected.
[STDERR  ] 2018-02-28T16:29:23.805957021Z: [    1.972561] CPU feature 'AVX registers' is not supported.
[STDERR  ] 2018-02-28T16:29:23.805965078Z: [    1.978205] CPU feature 'AVX registers' is not supported.
[STDERR  ] 2018-02-28T16:29:23.805972880Z: [    1.984065] CPU feature 'AVX registers' is not supported.
[STDERR  ] 2018-02-28T16:29:23.805981712Z: [    1.989690] CPU feature 'AVX registers' is not supported.
[STDERR  ] 2018-02-28T16:29:23.805990085Z: [    1.995400] AVX2 or AES-NI instructions are not detected.
[STDERR  ] 2018-02-28T16:29:23.805998620Z: [    2.001122] AVX2 instructions are not detected.
[STDERR  ] 2018-02-28T16:29:23.806007632Z: [    2.006409] audit: initializing netlink subsys (disabled)
[STDERR  ] 2018-02-28T16:29:23.806015494Z: [    2.012532] audit: type=2000 audit(1519835349.292:1): state=initialized audit_enabled=0 res=1
[STDERR  ] 2018-02-28T16:29:23.806023374Z: [    2.021536] workingset: timestamp_bits=46 max_order=18 bucket_order=0
[STDERR  ] 2018-02-28T16:29:23.806032612Z: [    2.028607] squashfs: version 4.0 (2009/01/31) Phillip Lougher
[STDERR  ] 2018-02-28T16:29:23.806040563Z: [    2.034956] FS-Cache: Netfs 'cifs' registered for caching
[STDERR  ] 2018-02-28T16:29:23.806048510Z: [    2.040714] fuse init (API version 7.26)
[STDERR  ] 2018-02-28T16:29:23.806056472Z: [    2.044982] SGI XFS with ACLs, security attributes, no debug enabled
[STDERR  ] 2018-02-28T16:29:23.806064576Z: [    2.051816] 9p: Installing v9fs 9p2000 file system support
[STDERR  ] 2018-02-28T16:29:23.806072220Z: [    2.057617] FS-Cache: Netfs '9p' registered for caching
[STDERR  ] 2018-02-28T16:29:23.806082014Z: [    2.064308] NET: Registered protocol family 38
[STDERR  ] 2018-02-28T16:29:23.806092367Z: [    2.069003] Key type asymmetric registered
[STDERR  ] 2018-02-28T16:29:23.806099929Z: [    2.073467] Asymmetric key parser 'x509' registered
[STDERR  ] 2018-02-28T16:29:23.806107549Z: [    2.078588] Block layer SCSI generic (bsg) driver version 0.4 loaded (major 248)
[STDERR  ] 2018-02-28T16:29:23.806115389Z: [    2.086535] io scheduler noop registered
[STDERR  ] 2018-02-28T16:29:23.806125703Z: [    2.090785] io scheduler deadline registered (default)
[STDERR  ] 2018-02-28T16:29:23.806133672Z: [    2.096377] io scheduler cfq registered
[STDERR  ] 2018-02-28T16:29:23.806141450Z: [    2.100498] io scheduler mq-deadline registered
[STDERR  ] 2018-02-28T16:29:23.806149078Z: [    2.105255] io scheduler kyber registered
[STDERR  ] 2018-02-28T16:29:23.806156907Z: [    2.109657] shpchp: Standard Hot Plug PCI Controller Driver version: 0.4
[STDERR  ] 2018-02-28T16:29:23.806166252Z: [    2.116914] hv_vmbus: registering driver hyperv_fb
[STDERR  ] 2018-02-28T16:29:23.806174183Z: [    2.122192] input: Power Button as /devices/LNXSYSTM:00/LNXPWRBN:00/input/input0
[STDERR  ] 2018-02-28T16:29:23.806186422Z: [    2.129888] ACPI: Power Button [PWRF]
[STDERR  ] 2018-02-28T16:29:23.806194523Z: [    2.134670] ACPI: PCI Interrupt Link [GSIG] enabled at IRQ 22
[STDERR  ] 2018-02-28T16:29:23.806202423Z: [    2.146730] ACPI: PCI Interrupt Link [GSIH] enabled at IRQ 23
[STDERR  ] 2018-02-28T16:29:23.806210115Z: [    2.159052] Serial: 8250/16550 driver, 4 ports, IRQ sharing disabled
[STDERR  ] 2018-02-28T16:29:23.806218662Z: [    2.200322] 00:04: ttyS0 at I/O 0x3f8 (irq = 4, base_baud = 115200) is a 16550A
[STDERR  ] 2018-02-28T16:29:23.806226683Z: [    2.209365] Non-volatile memory driver v1.3
[STDERR  ] 2018-02-28T16:29:23.806236506Z: [    2.216048] Hangcheck: starting hangcheck timer 0.9.1 (tick is 180 seconds, margin is 60 seconds).
[STDERR  ] 2018-02-28T16:29:23.806248497Z: [    2.226178] random: crng init done
[STDERR  ] 2018-02-28T16:29:23.806256575Z: [    2.233307] brd: module loaded
[STDERR  ] 2018-02-28T16:29:23.806265024Z: [    2.238453] loop: module loaded
[STDERR  ] 2018-02-28T16:29:23.806273017Z: [    2.245765] lpc_ich 0000:00:1f.0: I/O space for GPIO uninitialized
[STDERR  ] 2018-02-28T16:29:23.806284351Z: [    2.252962] VMware PVSCSI driver - version 1.0.7.0-k
[STDERR  ] 2018-02-28T16:29:23.806292186Z: [    2.258449] hv_vmbus: registering driver hv_storvsc
[STDERR  ] 2018-02-28T16:29:23.806300064Z: [    2.264743] ACPI: PCI Interrupt Link [GSIA] enabled at IRQ 16
[STDERR  ] 2018-02-28T16:29:23.806307868Z: [    2.274335] ahci 0000:00:1f.2: AHCI 0001.0000 32 slots 6 ports 1.5 Gbps 0x3f impl SATA mode
[STDERR  ] 2018-02-28T16:29:23.806316157Z: [    2.283855] ahci 0000:00:1f.2: flags: 64bit ncq only 
[STDERR  ] 2018-02-28T16:29:23.806323863Z: [    2.293002] scsi host0: ahci
[STDERR  ] 2018-02-28T16:29:23.806331624Z: [    2.296429] scsi host1: ahci
[STDERR  ] 2018-02-28T16:29:23.806340157Z: [    2.299859] scsi host2: ahci
[STDERR  ] 2018-02-28T16:29:23.806347989Z: [    2.303600] scsi host3: ahci
[STDERR  ] 2018-02-28T16:29:23.806356568Z: [    2.306992] scsi host4: ahci
[STDERR  ] 2018-02-28T16:29:23.806365057Z: [    2.310508] scsi host5: ahci
[STDERR  ] 2018-02-28T16:29:23.806372735Z: [    2.313836] ata1: SATA max UDMA/133 abar m4096@0xfebd2000 port 0xfebd2100 irq 24
[STDERR  ] 2018-02-28T16:29:23.806381331Z: [    2.322015] ata2: SATA max UDMA/133 abar m4096@0xfebd2000 port 0xfebd2180 irq 24
[STDERR  ] 2018-02-28T16:29:23.806389900Z: [    2.329993] ata3: SATA max UDMA/133 abar m4096@0xfebd2000 port 0xfebd2200 irq 24
[STDERR  ] 2018-02-28T16:29:23.806397742Z: [    2.338046] ata4: SATA max UDMA/133 abar m4096@0xfebd2000 port 0xfebd2280 irq 24
[STDERR  ] 2018-02-28T16:29:23.806405691Z: [    2.346182] ata5: SATA max UDMA/133 abar m4096@0xfebd2000 port 0xfebd2300 irq 24
[STDERR  ] 2018-02-28T16:29:23.806413500Z: [    2.354184] ata6: SATA max UDMA/133 abar m4096@0xfebd2000 port 0xfebd2380 irq 24
[STDERR  ] 2018-02-28T16:29:23.806421749Z: [    2.364029] tun: Universal TUN/TAP device driver, 1.6
[STDERR  ] 2018-02-28T16:29:23.806429448Z: [    2.373582] VMware vmxnet3 virtual NIC driver - version 1.4.a.0-k-NAPI
[STDERR  ] 2018-02-28T16:29:23.806437148Z: [    2.380662] hv_vmbus: registering driver hv_netvsc
[STDERR  ] 2018-02-28T16:29:23.806450920Z: [    2.385691] Fusion MPT base driver 3.04.20
[STDERR  ] 2018-02-28T16:29:23.806458671Z: [    2.390002] Copyright (c) 1999-2008 LSI Corporation
[STDERR  ] 2018-02-28T16:29:23.806469139Z: [    2.395265] Fusion MPT SPI Host driver 3.04.20
[STDERR  ] 2018-02-28T16:29:23.806476917Z: [    2.400140] i8042: PNP: PS/2 Controller [PNP0303:KBD,PNP0f13:MOU] at 0x60,0x64 irq 1,12
[STDERR  ] 2018-02-28T16:29:23.806487275Z: [    2.412915] serio: i8042 KBD port at 0x60,0x64 irq 1
[STDERR  ] 2018-02-28T16:29:23.806495111Z: [    2.418141] serio: i8042 AUX port at 0x60,0x64 irq 12
[STDERR  ] 2018-02-28T16:29:23.806502891Z: [    2.424122] hv_vmbus: registering driver hyperv_keyboard
[STDERR  ] 2018-02-28T16:29:23.806510876Z: [    2.429906] mousedev: PS/2 mouse device common for all mice
[STDERR  ] 2018-02-28T16:29:23.806518749Z: [    2.437301] input: AT Translated Set 2 keyboard as /devices/platform/i8042/serio0/input/input1
[STDERR  ] 2018-02-28T16:29:23.806530442Z: [    2.446543] input: PC Speaker as /devices/platform/pcspkr/input/input2
[STDERR  ] 2018-02-28T16:29:23.806538346Z: [    2.453745] rtc_cmos 00:00: RTC can wake from S4
[STDERR  ] 2018-02-28T16:29:23.806546359Z: [    2.460902] rtc_cmos 00:00: rtc core: registered rtc_cmos as rtc0
[STDERR  ] 2018-02-28T16:29:23.806556775Z: [    2.468230] rtc_cmos 00:00: alarms up to one day, y3k, 114 bytes nvram, hpet irqs
[STDERR  ] 2018-02-28T16:29:23.806565415Z: [    2.476736] i2c /dev entries driver
[STDERR  ] 2018-02-28T16:29:23.806575316Z: [    2.480610] device-mapper: ioctl: 4.37.0-ioctl (2017-09-20) initialised: dm-devel@redhat.com
[STDERR  ] 2018-02-28T16:29:23.806583417Z: [    2.490879] usbcore: registered new interface driver usbhid
[STDERR  ] 2018-02-28T16:29:23.806591344Z: [    2.497159] usbhid: USB HID core driver
[STDERR  ] 2018-02-28T16:29:23.806599248Z: [    2.501622] hv_utils: Registering HyperV Utility Driver
[STDERR  ] 2018-02-28T16:29:23.806607051Z: [    2.507656] hv_vmbus: registering driver hv_util
[STDERR  ] 2018-02-28T16:29:23.806617895Z: [    2.512944] hv_vmbus: registering driver hv_balloon
[STDERR  ] 2018-02-28T16:29:23.806625819Z: [    2.518064] oprofile: using NMI interrupt.
[STDERR  ] 2018-02-28T16:29:23.806633448Z: [    2.522488] GACT probability on
[STDERR  ] 2018-02-28T16:29:23.806641299Z: [    2.525863] Mirror/redirect action on
[STDERR  ] 2018-02-28T16:29:23.806648974Z: [    2.529721] Simple TC action Loaded
[STDERR  ] 2018-02-28T16:29:23.806656734Z: [    2.533517] u32 classifier
[STDERR  ] 2018-02-28T16:29:23.806664716Z: [    2.536438]     Performance counters on
[STDERR  ] 2018-02-28T16:29:23.806672370Z: [    2.540570]     input device check on
[STDERR  ] 2018-02-28T16:29:23.806680179Z: [    2.544415]     Actions configured
[STDERR  ] 2018-02-28T16:29:23.806687825Z: [    2.548095] Netfilter messages via NETLINK v0.30.
[STDERR  ] 2018-02-28T16:29:23.806695455Z: [    2.553142] nfnl_acct: registering with nfnetlink.
[STDERR  ] 2018-02-28T16:29:23.806703161Z: [    2.558224] nf_conntrack version 0.5.0 (8192 buckets, 32768 max)
[STDERR  ] 2018-02-28T16:29:23.806710965Z: [    2.564707] ctnetlink v0.93: registering with nfnetlink.
[STDERR  ] 2018-02-28T16:29:23.806718583Z: [    2.570474] nf_tables: (c) 2007-2009 Patrick McHardy <kaber@trash.net>
[STDERR  ] 2018-02-28T16:29:23.806727214Z: [    2.577189] nf_tables_compat: (c) 2012 Pablo Neira Ayuso <pablo@netfilter.org>
[STDERR  ] 2018-02-28T16:29:23.806735628Z: [    2.585316] xt_time: kernel timezone is -0000
[STDERR  ] 2018-02-28T16:29:23.806743376Z: [    2.589896] ip_set: protocol 6
[STDERR  ] 2018-02-28T16:29:23.806751056Z: [    2.593540] IPVS: Registered protocols (TCP, UDP, SCTP, AH, ESP)
[STDERR  ] 2018-02-28T16:29:23.806761108Z: [    2.600254] IPVS: Connection hash table configured (size=4096, memory=64Kbytes)
[STDERR  ] 2018-02-28T16:29:23.806769398Z: [    2.608352] IPVS: ipvs loaded.
[STDERR  ] 2018-02-28T16:29:23.806777542Z: [    2.611686] IPVS: [rr] scheduler registered.
[STDERR  ] 2018-02-28T16:29:23.806785247Z: [    2.616522] IPVS: [wrr] scheduler registered.
[STDERR  ] 2018-02-28T16:29:23.806792830Z: [    2.621184] IPVS: [lc] scheduler registered.
[STDERR  ] 2018-02-28T16:29:23.806800348Z: [    2.626033] IPVS: [wlc] scheduler registered.
[STDERR  ] 2018-02-28T16:29:23.806809978Z: [    2.630713] IPVS: [fo] scheduler registered.
[STDERR  ] 2018-02-28T16:29:23.806817959Z: [    2.635523] IPVS: [ovf] scheduler registered.
[STDERR  ] 2018-02-28T16:29:23.806827487Z: [    2.640852] IPVS: [lblc] scheduler registered.
[STDERR  ] 2018-02-28T16:29:23.806835319Z: [    2.645507] IPVS: [lblcr] scheduler registered.
[STDERR  ] 2018-02-28T16:29:23.806844550Z: [    2.650617] IPVS: [dh] scheduler registered.
[STDERR  ] 2018-02-28T16:29:23.806855445Z: [    2.655052] IPVS: [sh] scheduler registered.
[STDERR  ] 2018-02-28T16:29:23.806863212Z: [    2.659920] IPVS: [sed] scheduler registered.
[STDERR  ] 2018-02-28T16:29:23.806870994Z: [    2.664558] IPVS: [nq] scheduler registered.
[STDERR  ] 2018-02-28T16:29:23.806882807Z: [    2.669390] IPVS: ftp: loaded support on port[0] = 21
[STDERR  ] 2018-02-28T16:29:23.806890943Z: [    2.675048] ipip: IPv4 and MPLS over IPv4 tunneling driver
[STDERR  ] 2018-02-28T16:29:23.806898823Z: [    2.681230] gre: GRE over IPv4 demultiplexor driver
[STDERR  ] 2018-02-28T16:29:23.806906612Z: [    2.686734] ip_tables: (C) 2000-2006 Netfilter Core Team
[STDERR  ] 2018-02-28T16:29:23.806914587Z: [    2.692909] ata6: SATA link down (SStatus 0 SControl 300)
[STDERR  ] 2018-02-28T16:29:23.806922356Z: [    2.699433] ata5: SATA link down (SStatus 0 SControl 300)
[STDERR  ] 2018-02-28T16:29:23.806930203Z: [    2.705951] ata4: SATA link down (SStatus 0 SControl 300)
[STDERR  ] 2018-02-28T16:29:23.806938043Z: [    2.712655] ata3: SATA link up 1.5 Gbps (SStatus 113 SControl 300)
[STDERR  ] 2018-02-28T16:29:23.806952714Z: [    2.719772] ata3.00: ATAPI: QEMU DVD-ROM, 2.5+, max UDMA/100
[STDERR  ] 2018-02-28T16:29:23.806963745Z: [    2.725913] ata3.00: applying bridge limits
[STDERR  ] 2018-02-28T16:29:23.806971485Z: [    2.731267] ata2: SATA link down (SStatus 0 SControl 300)
[STDERR  ] 2018-02-28T16:29:23.806982515Z: [    2.738257] ata1: SATA link up 1.5 Gbps (SStatus 113 SControl 300)
[STDERR  ] 2018-02-28T16:29:23.806991334Z: [    2.745026] ipt_CLUSTERIP: ClusterIP Version 0.8 loaded successfully
[STDERR  ] 2018-02-28T16:29:23.807000365Z: [    2.752060] ata1.00: ATA-7: QEMU HARDDISK, 2.5+, max UDMA/100
[STDERR  ] 2018-02-28T16:29:23.807008338Z: [    2.758181] ata1.00: 1048576 sectors, multi 16: LBA48 NCQ (depth 31/32)
[STDERR  ] 2018-02-28T16:29:23.807016770Z: [    2.765217] ata1.00: applying bridge limits
[STDERR  ] 2018-02-28T16:29:23.807024750Z: [    2.769936] arp_tables: arp_tables: (C) 2002 David S. Miller
[STDERR  ] 2018-02-28T16:29:23.807032592Z: [    2.776412] NET: Registered protocol family 10
[STDERR  ] 2018-02-28T16:29:23.807040290Z: [    2.781509] ata3.00: configured for UDMA/100
[STDERR  ] 2018-02-28T16:29:23.807048074Z: [    2.787241] ata1.00: configured for UDMA/100
[STDERR  ] 2018-02-28T16:29:23.807055748Z: [    2.792267] scsi 0:0:0:0: Direct-Access     ATA      QEMU HARDDISK    2.5+ PQ: 0 ANSI: 5
[STDERR  ] 2018-02-28T16:29:23.807064039Z: [    2.801551] Segment Routing with IPv6
[STDERR  ] 2018-02-28T16:29:23.807074198Z: [    2.805764] ip6_tables: (C) 2000-2006 Netfilter Core Team
[STDERR  ] 2018-02-28T16:29:23.807084818Z: [    2.812038] sd 0:0:0:0: Attached scsi generic sg0 type 0
[STDERR  ] 2018-02-28T16:29:23.807092759Z: [    2.817789] sd 0:0:0:0: [sda] 1048576 512-byte logical blocks: (537 MB/512 MiB)
[STDERR  ] 2018-02-28T16:29:23.807101034Z: [    2.825784] NET: Registered protocol family 17
[STDERR  ] 2018-02-28T16:29:23.807108769Z: [    2.831067] scsi 2:0:0:0: CD-ROM            QEMU     QEMU DVD-ROM     2.5+ PQ: 0 ANSI: 5
[STDERR  ] 2018-02-28T16:29:23.807116675Z: [    2.840342] sd 0:0:0:0: [sda] Write Protect is off
[STDERR  ] 2018-02-28T16:29:23.807124464Z: [    2.845432] Bridge firewalling registered
[STDERR  ] 2018-02-28T16:29:23.807132269Z: [    2.849657] Ebtables v2.0 registered
[STDERR  ] 2018-02-28T16:29:23.807139987Z: [    2.853586] sd 0:0:0:0: [sda] Write cache: enabled, read cache: enabled, doesn't support DPO or FUA
[STDERR  ] 2018-02-28T16:29:23.807147934Z: [    2.864364] 8021q: 802.1Q VLAN Support v1.8
[STDERR  ] 2018-02-28T16:29:23.807155795Z: [    2.869163] 9pnet: Installing 9P2000 support
[STDERR  ] 2018-02-28T16:29:23.807163282Z: [    2.874678] Key type dns_resolver registered
[STDERR  ] 2018-02-28T16:29:23.807172777Z: [    2.879875]  sda: sda1
[STDERR  ] 2018-02-28T16:29:23.807180860Z: [    2.882875] sd 0:0:0:0: [sda] Attached SCSI disk
[STDERR  ] 2018-02-28T16:29:23.807188409Z: [    2.888407] registered taskstats version 1
[STDERR  ] 2018-02-28T16:29:23.807195953Z: [    2.898950] Key type big_key registered
[STDERR  ] 2018-02-28T16:29:23.807203854Z: [    2.903981] sr 2:0:0:0: [sr0] scsi3-mmc drive: 4x/4x cd/rw xa/form2 tray
[STDERR  ] 2018-02-28T16:29:23.807212442Z: [    2.911060] cdrom: Uniform CD-ROM driver Revision: 3.20
[STDERR  ] 2018-02-28T16:29:23.807223241Z: [    2.918856] sr 2:0:0:0: Attached scsi generic sg1 type 5
[STDERR  ] 2018-02-28T16:29:23.807231169Z: [    2.926388] Key type encrypted registered
[STDERR  ] 2018-02-28T16:29:23.807239018Z: [    2.932942] rtc_cmos 00:00: setting system clock to 2018-02-28 16:29:10 UTC (1519835350)
[STDERR  ] 2018-02-28T16:29:23.807247553Z: [    2.945323] Freeing unused kernel memory: 1504K
[STDERR  ] 2018-02-28T16:29:23.807255522Z: [    2.950638] Write protecting the kernel read-only data: 18432k
[STDERR  ] 2018-02-28T16:29:23.807263349Z: [    2.958061] Freeing unused kernel memory: 2024K
[STDERR  ] 2018-02-28T16:29:23.807271031Z: [    2.966424] Freeing unused kernel memory: 1140K
[STDERR  ] 2018-02-28T16:29:23.807281464Z: 
[STDERR  ] 2018-02-28T16:29:23.807289806Z: Welcome to LinuxKit
[STDERR  ] 2018-02-28T16:29:23.807298046Z: 
[STDERR  ] 2018-02-28T16:29:23.807306504Z:                         ##         .
[STDERR  ] 2018-02-28T16:29:23.807314786Z:                   ## ## ##        ==
[STDERR  ] 2018-02-28T16:29:23.807322982Z:                ## ## ## ## ##    ===
[STDERR  ] 2018-02-28T16:29:23.807333227Z:            /"""""""""""""""""\___/ ===
[STDERR  ] 2018-02-28T16:29:23.807341324Z:           {                       /  ===-
[STDERR  ] 2018-02-28T16:29:23.807349558Z:            \______ O           __/
[STDERR  ] 2018-02-28T16:29:23.807357329Z:              \    \         __/
[STDERR  ] 2018-02-28T16:29:23.807366775Z:               \____\_______/
[STDERR  ] 2018-02-28T16:29:23.807374834Z: 
[STDERR  ] 2018-02-28T16:29:23.807382740Z: [    3.572967] IPVS: ftp: loaded support on port[0] = 21
[STDERR  ] 2018-02-28T16:29:23.807390698Z: [    3.687333]  sda:
[STDERR  ] 2018-02-28T16:29:23.807398858Z: [    3.695005]  sda:
[STDERR  ] 2018-02-28T16:29:23.807406814Z: [    3.709170]  sda: sda1
[STDERR  ] 2018-02-28T16:29:23.807414429Z: [    3.718698]  sda: sda1
[STDERR  ] 2018-02-28T16:29:23.807422046Z: [    3.727118]  sda: sda1
[STDERR  ] 2018-02-28T16:29:23.807429578Z: 2018/02/28 16:29:12 Successfully resized /dev/sda
[STDERR  ] 2018-02-28T16:29:23.807437366Z: [    4.911057] IPVS: ftp: loaded support on port[0] = 21
[STDERR  ] 2018-02-28T16:29:23.807451427Z: [    4.960330] EXT4-fs (sda1): couldn't mount as ext3 due to feature incompatibilities
[STDERR  ] 2018-02-28T16:29:23.807459527Z: [    4.971290] EXT4-fs (sda1): couldn't mount as ext2 due to feature incompatibilities
[STDERR  ] 2018-02-28T16:29:23.807467461Z: [    4.987141] EXT4-fs (sda1): mounted filesystem with ordered data mode. Opts: (null)
[STDERR  ] 2018-02-28T16:29:23.807475294Z: + [ -f /var/lib/docker/bar ]
[STDERR  ] 2018-02-28T16:29:23.807485574Z: + touch /var/lib/docker/foo
[STDERR  ] 2018-02-28T16:29:23.807493587Z: + grep -qE [4-5][0-9]{2}\.[0-9]{1,}M
[STDERR  ] 2018-02-28T16:29:23.807502058Z: + df -h
[STDERR  ] 2018-02-28T16:29:23.807510044Z: + printf extend test suite PASSED\n
[STDERR  ] 2018-02-28T16:29:23.807520449Z: extend test suite PASSED
[STDERR  ] 2018-02-28T16:29:23.807530438Z: [   15.373761] sd 0:0:0:0: [sda] Synchronizing SCSI cache
[STDERR  ] 2018-02-28T16:29:23.807538786Z: [   15.381384] sd 0:0:0:0: [sda] Stopping disk
[STDERR  ] 2018-02-28T16:29:23.807559595Z: [   15.386015] ACPI: Preparing to enter system sleep state S5
[STDERR  ] 2018-02-28T16:29:23.807567515Z: [   15.391049] reboot: Power down
[STDERR  ] 2018-02-28T16:29:23.807575543Z: + echo [    0.000000] Linux version 4.14.23-linuxkit (root@e0a6c0f2f7a4) (gcc version 6.4.0 (Alpine 6.4.0)) #1 SMP Wed Feb 28 11:15:17 UTC 2018
[STDERR  ] 2018-02-28T16:29:23.807584832Z: [    0.000000] Command line: console=ttyS0 console=ttyAMA0
[STDERR  ] 2018-02-28T16:29:23.807592653Z: [    0.000000] x86/fpu: x87 FPU will use FXSAVE
[STDERR  ] 2018-02-28T16:29:23.807600463Z: [    0.000000] e820: BIOS-provided physical RAM map:
[STDERR  ] 2018-02-28T16:29:23.807608336Z: [    0.000000] BIOS-e820: [mem 0x0000000000000000-0x000000000009fbff] usable
[STDERR  ] 2018-02-28T16:29:23.807617590Z: [    0.000000] BIOS-e820: [mem 0x000000000009fc00-0x000000000009ffff] reserved
[STDERR  ] 2018-02-28T16:29:23.807630825Z: [    0.000000] BIOS-e820: [mem 0x00000000000f0000-0x00000000000fffff] reserved
[STDERR  ] 2018-02-28T16:29:23.807639163Z: [    0.000000] BIOS-e820: [mem 0x0000000000100000-0x000000003ffdefff] usable
[STDERR  ] 2018-02-28T16:29:23.807647319Z: [    0.000000] BIOS-e820: [mem 0x000000003ffdf000-0x000000003fffffff] reserved
[STDERR  ] 2018-02-28T16:29:23.807655340Z: [    0.000000] BIOS-e820: [mem 0x00000000b0000000-0x00000000bfffffff] reserved
[STDERR  ] 2018-02-28T16:29:23.807664608Z: [    0.000000] BIOS-e820: [mem 0x00000000fed1c000-0x00000000fed1ffff] reserved
[STDERR  ] 2018-02-28T16:29:23.807672599Z: [    0.000000] BIOS-e820: [mem 0x00000000feffc000-0x00000000feffffff] reserved
[STDERR  ] 2018-02-28T16:29:23.807680601Z: [    0.000000] BIOS-e820: [mem 0x00000000fffc0000-0x00000000ffffffff] reserved
[STDERR  ] 2018-02-28T16:29:23.807688419Z: [    0.000000] NX (Execute Disable) protection: active
[STDERR  ] 2018-02-28T16:29:23.807696216Z: [    0.000000] random: fast init done
[STDERR  ] 2018-02-28T16:29:23.807704143Z: [    0.000000] SMBIOS 2.8 present.
[STDERR  ] 2018-02-28T16:29:23.807715274Z: [    0.000000] DMI: QEMU Standard PC (Q35 + ICH9, 2009), BIOS rel-1.10.2-0-g5f4c7b1-prebuilt.qemu-project.org 04/01/2014
[STDERR  ] 2018-02-28T16:29:23.807724259Z: [    0.000000] Hypervisor detected: KVM
[STDERR  ] 2018-02-28T16:29:23.807732297Z: [    0.000000] tsc: Fast TSC calibration failed
[STDERR  ] 2018-02-28T16:29:23.807757399Z: [    0.000000] tsc: Unable to calibrate against PIT
[STDERR  ] 2018-02-28T16:29:23.807766141Z: [    0.000000] tsc: No reference (HPET/PMTIMER) available
[STDERR  ] 2018-02-28T16:29:23.807776320Z: [    0.000000] e820: last_pfn = 0x3ffdf max_arch_pfn = 0x400000000
[STDERR  ] 2018-02-28T16:29:23.807784259Z: [    0.000000] x86/PAT: PAT not supported by CPU.
[STDERR  ] 2018-02-28T16:29:23.807792288Z: [    0.000000] x86/PAT: Configuration [0-7]: WB  WT  UC- UC  WB  WT  UC- UC  
[STDERR  ] 2018-02-28T16:29:23.807801017Z: [    0.000000] found SMP MP-table at [mem 0x000f6aa0-0x000f6aaf] mapped at [ffffffffff200aa0]
[STDERR  ] 2018-02-28T16:29:23.807814476Z: [    0.000000] RAMDISK: [mem 0x3dd79000-0x3ffcffff]
[STDERR  ] 2018-02-28T16:29:23.807822610Z: [    0.000000] ACPI: Early table checksum verification disabled
[STDERR  ] 2018-02-28T16:29:23.807830656Z: [    0.000000] ACPI: RSDP 0x00000000000F68B0 000014 (v00 BOCHS )
[STDERR  ] 2018-02-28T16:29:23.807840590Z: [    0.000000] ACPI: RSDT 0x000000003FFE20A8 000034 (v01 BOCHS  BXPCRSDT 00000001 BXPC 00000001)
[STDERR  ] 2018-02-28T16:29:23.807848592Z: [    0.000000] ACPI: FACP 0x000000003FFE1EC8 0000F4 (v03 BOCHS  BXPCFACP 00000001 BXPC 00000001)
