[INFO    ] 2018-06-27T11:34:59.756120896Z: Running Test linuxkit.security.ports in /tmp/build/test/cases/030_security/010_ports
[INFO    ] 2018-06-27T11:34:59.756272609Z: Running command: [/bin/sh -x /tmp/build/test/cases/030_security/010_ports/test.sh]
[STDERR  ] 2018-06-27T11:34:59.769903922Z: + set -e
[STDERR  ] 2018-06-27T11:34:59.769966687Z: + . /tmp/build/test/cases/_lib/lib.sh
[STDERR  ] 2018-06-27T11:34:59.769983879Z: + [ -f src/github.com/linuxkit/rtf/lib/lib.sh ]
[STDERR  ] 2018-06-27T11:34:59.769999509Z: + LINUXKIT_TMPDIR=/tmp/build/test/cases/_tmp
[STDERR  ] 2018-06-27T11:34:59.770014501Z: + [ -f /tmp/build/test/cases/_tmp/env.sh ]
[STDERR  ] 2018-06-27T11:34:59.770027969Z: + . /tmp/build/test/cases/_tmp/env.sh
[STDERR  ] 2018-06-27T11:34:59.770045867Z: + export LINUXKIT_EXAMPLES_DIR=/tmp/build/test/cases/../../examples
[STDERR  ] 2018-06-27T11:34:59.770070891Z: + RT_CANCEL=253
[STDERR  ] 2018-06-27T11:34:59.770086569Z: + NAME=lsof
[STDERR  ] 2018-06-27T11:34:59.770101902Z: + trap clean_up EXIT
[STDERR  ] 2018-06-27T11:34:59.770116331Z: + linuxkit build -format kernel+initrd -name lsof test.yml
[STDERR  ] 2018-06-27T11:34:59.884199070Z: Extract kernel image: linuxkit/kernel:4.14.51
[STDERR  ] 2018-06-27T11:35:01.680146831Z: Add init containers:
[STDERR  ] 2018-06-27T11:35:01.680204366Z: Process init image: linuxkit/init:923355a5ed75f40ee394741829d42bf4b78cce46
[STDERR  ] 2018-06-27T11:35:02.896440382Z: Process init image: linuxkit/runc:v0.4
[STDERR  ] 2018-06-27T11:35:04.106956421Z: Add onboot containers:
[STDERR  ] 2018-06-27T11:35:04.107027625Z:   Create OCI config for alpine:3.7
[STDERR  ] 2018-06-27T11:35:04.240265387Z:   Create OCI config for linuxkit/poweroff:d75d94d9603bde9ab95b914deed0d069d05d8b20
[STDERR  ] 2018-06-27T11:35:05.420499340Z: Add files:
[STDERR  ] 2018-06-27T11:35:05.420563240Z:   check.sh
[STDERR  ] 2018-06-27T11:35:05.421012280Z: Create outputs:
[STDERR  ] 2018-06-27T11:35:10.497433251Z:   lsof-kernel lsof-initrd.img lsof-cmdline
[STDERR  ] 2018-06-27T11:35:10.550020634Z: + linuxkit run qemu -kernel lsof
[STDERR  ] 2018-06-27T11:35:10.571955984Z: Unable to find qemu-system-x86_64 within the $PATH. Using a container
[STDOUT  ] 2018-06-27T11:35:14.638047953Z: [    0.000000] Linux version 4.14.51-linuxkit (root@d0a5c3056f66) (gcc version 6.4.0 (Alpine 6.4.0)) #1 SMP Fri Jun 22 13:17:09 UTC 2018
[STDOUT  ] 2018-06-27T11:35:14.638351044Z: [    0.000000] Command line: console=ttyS0 page_poison=1
[STDOUT  ] 2018-06-27T11:35:14.638371484Z: [    0.000000] x86/fpu: x87 FPU will use FXSAVE
[STDOUT  ] 2018-06-27T11:35:14.638549279Z: [    0.000000] e820: BIOS-provided physical RAM map:
[STDOUT  ] 2018-06-27T11:35:14.638728555Z: [    0.000000] BIOS-e820: [mem 0x0000000000000000-0x000000000009fbff] usable
[STDOUT  ] 2018-06-27T11:35:14.639007010Z: [    0.000000] BIOS-e820: [mem 0x000000000009fc00-0x000000000009ffff] reserved
[STDOUT  ] 2018-06-27T11:35:14.639025481Z: [    0.000000] BIOS-e820: [mem 0x00000000000f0000-0x00000000000fffff] reserved
[STDOUT  ] 2018-06-27T11:35:14.639053935Z: [    0.000000] BIOS-e820: [mem 0x0000000000100000-0x000000003ffdefff] usable
[STDOUT  ] 2018-06-27T11:35:14.639403377Z: [    0.000000] BIOS-e820: [mem 0x000000003ffdf000-0x000000003fffffff] reserved
[STDOUT  ] 2018-06-27T11:35:14.639432832Z: [    0.000000] BIOS-e820: [mem 0x00000000b0000000-0x00000000bfffffff] reserved
[STDOUT  ] 2018-06-27T11:35:14.639684948Z: [    0.000000] BIOS-e820: [mem 0x00000000fed1c000-0x00000000fed1ffff] reserved
[STDOUT  ] 2018-06-27T11:35:14.639703572Z: [    0.000000] BIOS-e820: [mem 0x00000000fffc0000-0x00000000ffffffff] reserved
[STDOUT  ] 2018-06-27T11:35:14.640047116Z: [    0.000000] NX (Execute Disable) protection: active
[STDOUT  ] 2018-06-27T11:35:14.640066305Z: [    0.000000] SMBIOS 2.8 present.
[STDOUT  ] 2018-06-27T11:35:14.640314918Z: [    0.000000] DMI: QEMU Standard PC (Q35 + ICH9, 2009), BIOS rel-1.10.2-0-g5f4c7b1-prebuilt.qemu-project.org 04/01/2014
[STDOUT  ] 2018-06-27T11:35:14.640347288Z: [    0.000000] tsc: Fast TSC calibration using PIT
[STDOUT  ] 2018-06-27T11:35:14.640504425Z: [    0.000000] e820: last_pfn = 0x3ffdf max_arch_pfn = 0x400000000
[STDOUT  ] 2018-06-27T11:35:14.640758002Z: [    0.000000] x86/PAT: Configuration [0-7]: WB  WC  UC- UC  WB  WP  UC- WT  
[STDOUT  ] 2018-06-27T11:35:14.640946532Z: [    0.000000] found SMP MP-table at [mem 0x000f6aa0-0x000f6aaf] mapped at [ffffffffff200aa0]
[STDOUT  ] 2018-06-27T11:35:14.640965072Z: [    0.000000] RAMDISK: [mem 0x3e4f5000-0x3ffcffff]
[STDOUT  ] 2018-06-27T11:35:14.641213302Z: [    0.000000] ACPI: Early table checksum verification disabled
[STDOUT  ] 2018-06-27T11:35:14.641232188Z: [    0.000000] ACPI: RSDP 0x00000000000F68B0 000014 (v00 BOCHS )
[STDOUT  ] 2018-06-27T11:35:14.641476676Z: [    0.000000] ACPI: RSDT 0x000000003FFE20A8 000034 (v01 BOCHS  BXPCRSDT 00000001 BXPC 00000001)
[STDOUT  ] 2018-06-27T11:35:14.641695129Z: [    0.000000] ACPI: FACP 0x000000003FFE1EC8 0000F4 (v03 BOCHS  BXPCFACP 00000001 BXPC 00000001)
[STDOUT  ] 2018-06-27T11:35:14.641898008Z: [    0.000000] ACPI: DSDT 0x000000003FFE0040 001E88 (v01 BOCHS  BXPCDSDT 00000001 BXPC 00000001)
[STDOUT  ] 2018-06-27T11:35:14.642175539Z: [    0.000000] ACPI: FACS 0x000000003FFE0000 000040
[STDOUT  ] 2018-06-27T11:35:14.642205738Z: [    0.000000] ACPI: APIC 0x000000003FFE1FBC 000078 (v01 BOCHS  BXPCAPIC 00000001 BXPC 00000001)
[STDOUT  ] 2018-06-27T11:35:14.642503253Z: [    0.000000] ACPI: HPET 0x000000003FFE2034 000038 (v01 BOCHS  BXPCHPET 00000001 BXPC 00000001)
[STDOUT  ] 2018-06-27T11:35:14.642724079Z: [    0.000000] ACPI: MCFG 0x000000003FFE206C 00003C (v01 BOCHS  BXPCMCFG 00000001 BXPC 00000001)
[STDOUT  ] 2018-06-27T11:35:14.642759133Z: [    0.000000] Zone ranges:
[STDOUT  ] 2018-06-27T11:35:14.642932299Z: [    0.000000]   DMA      [mem 0x0000000000001000-0x0000000000ffffff]
[STDOUT  ] 2018-06-27T11:35:14.643109971Z: [    0.000000]   DMA32    [mem 0x0000000001000000-0x000000003ffdefff]
[STDOUT  ] 2018-06-27T11:35:14.643127891Z: [    0.000000]   Normal   empty
[STDOUT  ] 2018-06-27T11:35:14.643152984Z: [    0.000000]   Device   empty
[STDOUT  ] 2018-06-27T11:35:14.643488777Z: [    0.000000] Movable zone start for each node
[STDOUT  ] 2018-06-27T11:35:14.643518604Z: [    0.000000] Early memory node ranges
[STDOUT  ] 2018-06-27T11:35:14.643749522Z: [    0.000000]   node   0: [mem 0x0000000000001000-0x000000000009efff]
[STDOUT  ] 2018-06-27T11:35:14.643766086Z: [    0.000000]   node   0: [mem 0x0000000000100000-0x000000003ffdefff]
[STDOUT  ] 2018-06-27T11:35:14.644053434Z: [    0.000000] Initmem setup node 0 [mem 0x0000000000001000-0x000000003ffdefff]
[STDOUT  ] 2018-06-27T11:35:14.644071671Z: [    0.000000] ACPI: PM-Timer IO Port: 0x608
[STDOUT  ] 2018-06-27T11:35:14.644221143Z: [    0.000000] ACPI: LAPIC_NMI (acpi_id[0xff] dfl dfl lint[0x1])
[STDOUT  ] 2018-06-27T11:35:14.644380231Z: [    0.000000] IOAPIC[0]: apic_id 0, version 32, address 0xfec00000, GSI 0-23
[STDOUT  ] 2018-06-27T11:35:14.644521196Z: [    0.000000] ACPI: INT_SRC_OVR (bus 0 bus_irq 0 global_irq 2 dfl dfl)
[STDOUT  ] 2018-06-27T11:35:14.644776026Z: [    0.000000] ACPI: INT_SRC_OVR (bus 0 bus_irq 5 global_irq 5 high level)
[STDOUT  ] 2018-06-27T11:35:14.644938044Z: [    0.000000] ACPI: INT_SRC_OVR (bus 0 bus_irq 9 global_irq 9 high level)
[STDOUT  ] 2018-06-27T11:35:14.644968016Z: [    0.000000] ACPI: INT_SRC_OVR (bus 0 bus_irq 10 global_irq 10 high level)
[STDOUT  ] 2018-06-27T11:35:14.645208856Z: [    0.000000] ACPI: INT_SRC_OVR (bus 0 bus_irq 11 global_irq 11 high level)
[STDOUT  ] 2018-06-27T11:35:14.645462359Z: [    0.000000] Using ACPI (MADT) for SMP configuration information
[STDOUT  ] 2018-06-27T11:35:14.645480334Z: [    0.000000] ACPI: HPET id: 0x8086a201 base: 0xfed00000
[STDOUT  ] 2018-06-27T11:35:14.645769088Z: [    0.000000] smpboot: Allowing 1 CPUs, 0 hotplug CPUs
[STDOUT  ] 2018-06-27T11:35:14.645914238Z: [    0.000000] e820: [mem 0x40000000-0xafffffff] available for PCI devices
[STDOUT  ] 2018-06-27T11:35:14.646036840Z: [    0.000000] Booting paravirtualized kernel on bare hardware
[STDOUT  ] 2018-06-27T11:35:14.646203098Z: [    0.000000] clocksource: refined-jiffies: mask: 0xffffffff max_cycles: 0xffffffff, max_idle_ns: 19112604462750000 ns
[STDOUT  ] 2018-06-27T11:35:14.646449087Z: [    0.000000] random: get_random_bytes called from start_kernel+0x92/0x4c8 with crng_init=0
[STDOUT  ] 2018-06-27T11:35:14.646589901Z: [    0.000000] setup_percpu: NR_CPUS:128 nr_cpumask_bits:128 nr_cpu_ids:1 nr_node_ids:1
[STDOUT  ] 2018-06-27T11:35:14.646845350Z: [    0.000000] percpu: Embedded 44 pages/cpu @ffff953f7e200000 s143256 r8192 d28776 u2097152
[STDOUT  ] 2018-06-27T11:35:14.646998485Z: [    0.000000] Built 1 zonelists, mobility grouping on.  Total pages: 257896
[STDOUT  ] 2018-06-27T11:35:14.647179725Z: [    0.000000] Kernel command line: console=ttyS0 page_poison=1
[STDOUT  ] 2018-06-27T11:35:14.647349221Z: [    0.000000] PID hash table entries: 4096 (order: 3, 32768 bytes)
[STDOUT  ] 2018-06-27T11:35:14.647505943Z: [    0.000000] Dentry cache hash table entries: 131072 (order: 8, 1048576 bytes)
[STDOUT  ] 2018-06-27T11:35:14.647630504Z: [    0.000000] Inode-cache hash table entries: 65536 (order: 7, 524288 bytes)
[STDOUT  ] 2018-06-27T11:35:14.647980327Z: [    0.000000] Memory: 977300K/1048052K available (12300K kernel code, 1459K rwdata, 2992K rodata, 1512K init, 632K bss, 70752K reserved, 0K cma-reserved)
[STDOUT  ] 2018-06-27T11:35:14.648000278Z: [    0.000000] ftrace: allocating 41025 entries in 161 pages
[STDOUT  ] 2018-06-27T11:35:14.648150095Z: [    0.000000] Hierarchical RCU implementation.
[STDOUT  ] 2018-06-27T11:35:14.648258845Z: [    0.000000] 	RCU restricting CPUs from NR_CPUS=128 to nr_cpu_ids=1.
[STDOUT  ] 2018-06-27T11:35:14.648505443Z: [    0.000000] RCU: Adjusting geometry for rcu_fanout_leaf=16, nr_cpu_ids=1
[STDOUT  ] 2018-06-27T11:35:14.648610928Z: [    0.000000] NR_IRQS: 8448, nr_irqs: 256, preallocated irqs: 16
[STDOUT  ] 2018-06-27T11:35:14.648759297Z: [    0.000000] Console: colour VGA+ 80x25
[STDOUT  ] 2018-06-27T11:35:14.648956613Z: [    0.000000] console [ttyS0] enabled
[STDOUT  ] 2018-06-27T11:35:14.653699672Z: [    0.000000] clocksource: hpet: mask: 0xffffffff max_cycles: 0xffffffff, max_idle_ns: 19112604467 ns
[STDOUT  ] 2018-06-27T11:35:14.659229070Z: [    0.000000] tsc: Fast TSC calibration using PIT
[STDOUT  ] 2018-06-27T11:35:14.659421456Z: [    0.000000] tsc: Detected 2599.883 MHz processor
[STDOUT  ] 2018-06-27T11:35:14.661591058Z: [    0.001678] Calibrating delay loop (skipped), value calculated using timer frequency.. 5199.76 BogoMIPS (lpj=25998830)
[STDOUT  ] 2018-06-27T11:35:14.661921188Z: [    0.002217] pid_max: default: 32768 minimum: 301
[STDOUT  ] 2018-06-27T11:35:14.662654003Z: [    0.002982] ACPI: Core revision 20170728
[STDOUT  ] 2018-06-27T11:35:14.695213559Z: [    0.039789] ACPI: 1 ACPI AML tables successfully acquired and loaded
[STDOUT  ] 2018-06-27T11:35:14.697555505Z: [    0.041706] Security Framework initialized
[STDOUT  ] 2018-06-27T11:35:14.697986405Z: [    0.042262] Yama: becoming mindful.
[STDOUT  ] 2018-06-27T11:35:14.701337810Z: [    0.045373] Mount-cache hash table entries: 2048 (order: 2, 16384 bytes)
[STDOUT  ] 2018-06-27T11:35:14.702180533Z: [    0.045944] Mountpoint-cache hash table entries: 2048 (order: 2, 16384 bytes)
[STDOUT  ] 2018-06-27T11:35:14.718927441Z: [    0.063353] Last level iTLB entries: 4KB 0, 2MB 0, 4MB 0
[STDOUT  ] 2018-06-27T11:35:14.719219085Z: [    0.063818] Last level dTLB entries: 4KB 0, 2MB 0, 4MB 0, 1GB 0
[STDOUT  ] 2018-06-27T11:35:14.720149174Z: [    0.064487] Spectre V2 : Spectre mitigation: LFENCE not serializing, switching to generic retpoline
[STDOUT  ] 2018-06-27T11:35:14.720599778Z: [    0.065100] Spectre V2 : Vulnerable: Minimal generic ASM retpoline
[STDOUT  ] 2018-06-27T11:35:14.721321423Z: [    0.065627] Spectre V2 : Spectre v2 mitigation: Filling RSB on context switch
[STDOUT  ] 2018-06-27T11:35:14.721600356Z: [    0.066268] Speculative Store Bypass: Vulnerable
[STDOUT  ] 2018-06-27T11:35:15.012354188Z: [    0.356963] Freeing SMP alternatives memory: 20K
[STDOUT  ] 2018-06-27T11:35:15.032675940Z: [    0.377242] smpboot: Max logical packages: 1
[STDOUT  ] 2018-06-27T11:35:15.039822992Z: [    0.384304] ..TIMER: vector=0x30 apic1=0 pin1=2 apic2=-1 pin2=-1
[STDOUT  ] 2018-06-27T11:35:15.256320511Z: [    0.490000] smpboot: CPU0: AMD QEMU Virtual CPU version 2.5+ (family: 0x6, model: 0x6, stepping: 0x3)
[STDOUT  ] 2018-06-27T11:35:15.264268524Z: [    0.490000] Performance Events: PMU not available due to virtualization, using software events only.
[STDOUT  ] 2018-06-27T11:35:15.267243879Z: [    0.491198] Hierarchical SRCU implementation.
[STDOUT  ] 2018-06-27T11:35:15.272823531Z: [    0.496614] NMI watchdog: Perf event create on CPU 0 failed with -2
[STDOUT  ] 2018-06-27T11:35:15.273116293Z: [    0.497032] NMI watchdog: Perf NMI watchdog permanently disabled
[STDOUT  ] 2018-06-27T11:35:15.277357697Z: [    0.500467] smp: Bringing up secondary CPUs ...
[STDOUT  ] 2018-06-27T11:35:15.277453548Z: [    0.500827] smp: Brought up 1 node, 1 CPU
[STDOUT  ] 2018-06-27T11:35:15.277964360Z: [    0.501209] smpboot: Total of 1 processors activated (5199.76 BogoMIPS)
[STDOUT  ] 2018-06-27T11:35:15.290785283Z: [    0.514958] devtmpfs: initialized
[STDOUT  ] 2018-06-27T11:35:15.296669475Z: [    0.520916] x86/mm: Memory block size: 128MB
[STDOUT  ] 2018-06-27T11:35:15.301563466Z: [    0.525951] evm: security.ima
[STDOUT  ] 2018-06-27T11:35:15.301785126Z: [    0.526088] evm: security.capability
[STDOUT  ] 2018-06-27T11:35:15.306285413Z: [    0.530236] clocksource: jiffies: mask: 0xffffffff max_cycles: 0xffffffff, max_idle_ns: 19112604462750000 ns
[STDOUT  ] 2018-06-27T11:35:15.306819298Z: [    0.530969] futex hash table entries: 256 (order: 2, 16384 bytes)
[STDOUT  ] 2018-06-27T11:35:15.317240363Z: [    0.541478] NET: Registered protocol family 16
[STDOUT  ] 2018-06-27T11:35:15.322878234Z: [    0.547245] cpuidle: using governor ladder
[STDOUT  ] 2018-06-27T11:35:15.323362316Z: [    0.547566] cpuidle: using governor menu
[STDOUT  ] 2018-06-27T11:35:15.324737053Z: [    0.548966] ACPI: bus type PCI registered
[STDOUT  ] 2018-06-27T11:35:15.327588182Z: [    0.551602] PCI: MMCONFIG for domain 0000 [bus 00-ff] at [mem 0xb0000000-0xbfffffff] (base 0xb0000000)
[STDOUT  ] 2018-06-27T11:35:15.328253067Z: [    0.552420] PCI: MMCONFIG at [mem 0xb0000000-0xbfffffff] reserved in E820
[STDOUT  ] 2018-06-27T11:35:15.329232849Z: [    0.553392] PCI: Using configuration type 1 for base access
[STDOUT  ] 2018-06-27T11:35:15.369800942Z: [    0.593663] HugeTLB registered 2.00 MiB page size, pre-allocated 0 pages
[STDOUT  ] 2018-06-27T11:35:15.381973696Z: [    0.606202] ACPI: Added _OSI(Module Device)
[STDOUT  ] 2018-06-27T11:35:15.382470491Z: [    0.606540] ACPI: Added _OSI(Processor Device)
[STDOUT  ] 2018-06-27T11:35:15.382840221Z: [    0.606932] ACPI: Added _OSI(3.0 _SCP Extensions)
[STDOUT  ] 2018-06-27T11:35:15.383009096Z: [    0.607277] ACPI: Added _OSI(Processor Aggregator Device)
[STDOUT  ] 2018-06-27T11:35:15.436213969Z: [    0.660289] ACPI: Interpreter enabled
[STDOUT  ] 2018-06-27T11:35:15.436938079Z: [    0.661191] ACPI: (supports S0 S5)
[STDOUT  ] 2018-06-27T11:35:15.437383662Z: [    0.661544] ACPI: Using IOAPIC for interrupt routing
[STDOUT  ] 2018-06-27T11:35:15.439957772Z: [    0.663930] PCI: Using host bridge windows from ACPI; if necessary, use "pci=nocrs" and report a bug
[STDOUT  ] 2018-06-27T11:35:15.442814452Z: [    0.666865] ACPI: Enabled 1 GPEs in block 00 to 3F
[STDOUT  ] 2018-06-27T11:35:15.489096002Z: [    0.713196] ACPI: PCI Root Bridge [PCI0] (domain 0000 [bus 00-ff])
[STDOUT  ] 2018-06-27T11:35:15.490324935Z: [    0.714303] acpi PNP0A08:00: _OSC: OS supports [ExtendedConfig ASPM ClockPM Segments MSI]
[STDOUT  ] 2018-06-27T11:35:15.494913240Z: [    0.718899] acpi PNP0A08:00: _OSC: OS now controls [PCIeHotplug PME PCIeCapability]
[STDOUT  ] 2018-06-27T11:35:15.497987040Z: [    0.722280] PCI host bridge to bus 0000:00
[STDOUT  ] 2018-06-27T11:35:15.498817169Z: [    0.722785] pci_bus 0000:00: root bus resource [io  0x0000-0x0cf7 window]
[STDOUT  ] 2018-06-27T11:35:15.499177697Z: [    0.723204] pci_bus 0000:00: root bus resource [io  0x0d00-0xffff window]
[STDOUT  ] 2018-06-27T11:35:15.499684602Z: [    0.723704] pci_bus 0000:00: root bus resource [mem 0x000a0000-0x000bffff window]
[STDOUT  ] 2018-06-27T11:35:15.500187802Z: [    0.724154] pci_bus 0000:00: root bus resource [mem 0xc0000000-0xfebfffff window]
[STDOUT  ] 2018-06-27T11:35:15.500593416Z: [    0.724773] pci_bus 0000:00: root bus resource [bus 00-ff]
[STDOUT  ] 2018-06-27T11:35:15.626950636Z: [    0.850531] pci 0000:00:1f.0: quirk: [io  0x0600-0x067f] claimed by ICH6 ACPI/GPIO/TCO
[STDOUT  ] 2018-06-27T11:35:15.691190344Z: [    0.914730] ACPI: PCI Interrupt Link [LNKA] (IRQs 5 *10 11)
[STDOUT  ] 2018-06-27T11:35:15.693336234Z: [    0.916873] ACPI: PCI Interrupt Link [LNKB] (IRQs 5 *10 11)
[STDOUT  ] 2018-06-27T11:35:15.695347461Z: [    0.918850] ACPI: PCI Interrupt Link [LNKC] (IRQs 5 10 *11)
[STDOUT  ] 2018-06-27T11:35:15.697338825Z: [    0.920922] ACPI: PCI Interrupt Link [LNKD] (IRQs 5 10 *11)
[STDOUT  ] 2018-06-27T11:35:15.698714619Z: [    0.922311] ACPI: PCI Interrupt Link [LNKE] (IRQs 5 *10 11)
[STDOUT  ] 2018-06-27T11:35:15.700105364Z: [    0.923701] ACPI: PCI Interrupt Link [LNKF] (IRQs 5 *10 11)
[STDOUT  ] 2018-06-27T11:35:15.701510024Z: [    0.925087] ACPI: PCI Interrupt Link [LNKG] (IRQs 5 10 *11)
[STDOUT  ] 2018-06-27T11:35:15.702722269Z: [    0.926457] ACPI: PCI Interrupt Link [LNKH] (IRQs 5 10 *11)
[STDOUT  ] 2018-06-27T11:35:15.703559495Z: [    0.927204] ACPI: PCI Interrupt Link [GSIA] (IRQs *16)
[STDOUT  ] 2018-06-27T11:35:15.704108673Z: [    0.927884] ACPI: PCI Interrupt Link [GSIB] (IRQs *17)
[STDOUT  ] 2018-06-27T11:35:15.704814438Z: [    0.928470] ACPI: PCI Interrupt Link [GSIC] (IRQs *18)
[STDOUT  ] 2018-06-27T11:35:15.705776134Z: [    0.929133] ACPI: PCI Interrupt Link [GSID] (IRQs *19)
[STDOUT  ] 2018-06-27T11:35:15.706501986Z: [    0.930378] ACPI: PCI Interrupt Link [GSIE] (IRQs *20)
[STDOUT  ] 2018-06-27T11:35:15.707144016Z: [    0.931041] ACPI: PCI Interrupt Link [GSIF] (IRQs *21)
[STDOUT  ] 2018-06-27T11:35:15.707825644Z: [    0.931694] ACPI: PCI Interrupt Link [GSIG] (IRQs *22)
[STDOUT  ] 2018-06-27T11:35:15.708413140Z: [    0.932329] ACPI: PCI Interrupt Link [GSIH] (IRQs *23)
[STDOUT  ] 2018-06-27T11:35:15.715160421Z: [    0.939028] SCSI subsystem initialized
[STDOUT  ] 2018-06-27T11:35:15.717574110Z: [    0.941835] ACPI: bus type USB registered
[STDOUT  ] 2018-06-27T11:35:15.718544180Z: [    0.942799] usbcore: registered new interface driver usbfs
[STDOUT  ] 2018-06-27T11:35:15.719531726Z: [    0.943646] usbcore: registered new interface driver hub
[STDOUT  ] 2018-06-27T11:35:15.720460920Z: [    0.944606] usbcore: registered new device driver usb
[STDOUT  ] 2018-06-27T11:35:15.721426004Z: [    0.945710] pps_core: LinuxPPS API ver. 1 registered
[STDOUT  ] 2018-06-27T11:35:15.722102877Z: [    0.945994] pps_core: Software ver. 5.3.6 - Copyright 2005-2007 Rodolfo Giometti <giometti@linux.it>
[STDOUT  ] 2018-06-27T11:35:15.722587047Z: [    0.946856] PTP clock support registered
[STDOUT  ] 2018-06-27T11:35:15.724618527Z: [    0.948879] PCI: Using ACPI for IRQ routing
[STDOUT  ] 2018-06-27T11:35:15.738482467Z: [    0.962704] NetLabel: Initializing
[STDOUT  ] 2018-06-27T11:35:15.738897060Z: [    0.962999] NetLabel:  domain hash size = 128
[STDOUT  ] 2018-06-27T11:35:15.739398743Z: [    0.963472] NetLabel:  protocols = UNLABELED CIPSOv4 CALIPSO
[STDOUT  ] 2018-06-27T11:35:15.742584770Z: [    0.966609] NetLabel:  unlabeled traffic allowed by default
[STDOUT  ] 2018-06-27T11:35:15.744269036Z: [    0.968382] HPET: 3 timers in total, 0 timers will be used for per-cpu timer
[STDOUT  ] 2018-06-27T11:35:15.745127721Z: [    0.969110] hpet0: at MMIO 0xfed00000, IRQs 2, 8, 0
[STDOUT  ] 2018-06-27T11:35:15.745532885Z: [    0.969544] hpet0: 3 comparators, 64-bit 100.000000 MHz counter
[STDOUT  ] 2018-06-27T11:35:15.750897175Z: [    0.974920] clocksource: Switched to clocksource hpet
[STDOUT  ] 2018-06-27T11:35:16.005448588Z: [    1.224569] VFS: Disk quotas dquot_6.6.0
[STDOUT  ] 2018-06-27T11:35:16.006988471Z: [    1.225352] VFS: Dquot-cache hash table entries: 512 (order 0, 4096 bytes)
[STDOUT  ] 2018-06-27T11:35:16.009515963Z: [    1.229019] FS-Cache: Loaded
[STDOUT  ] 2018-06-27T11:35:16.015280963Z: [    1.234875] CacheFiles: Loaded
[STDOUT  ] 2018-06-27T11:35:16.016586180Z: [    1.236104] pnp: PnP ACPI init
[STDOUT  ] 2018-06-27T11:35:16.024843979Z: [    1.244318] pnp: PnP ACPI: found 5 devices
[STDOUT  ] 2018-06-27T11:35:16.063718686Z: [    1.282819] clocksource: acpi_pm: mask: 0xffffff max_cycles: 0xffffff, max_idle_ns: 2085701024 ns
[STDOUT  ] 2018-06-27T11:35:16.067612440Z: [    1.286440] NET: Registered protocol family 2
[STDOUT  ] 2018-06-27T11:35:16.076188202Z: [    1.295377] TCP established hash table entries: 8192 (order: 4, 65536 bytes)
[STDOUT  ] 2018-06-27T11:35:16.076895973Z: [    1.296253] TCP bind hash table entries: 8192 (order: 5, 131072 bytes)
[STDOUT  ] 2018-06-27T11:35:16.077532658Z: [    1.296946] TCP: Hash tables configured (established 8192 bind 8192)
[STDOUT  ] 2018-06-27T11:35:16.079481419Z: [    1.298857] UDP hash table entries: 512 (order: 2, 16384 bytes)
[STDOUT  ] 2018-06-27T11:35:16.080113223Z: [    1.299507] UDP-Lite hash table entries: 512 (order: 2, 16384 bytes)
[STDOUT  ] 2018-06-27T11:35:16.082421451Z: [    1.301949] NET: Registered protocol family 1
[STDOUT  ] 2018-06-27T11:35:16.083675940Z: [    1.302843] pci 0000:00:01.0: Video device with shadowed ROM at [mem 0x000c0000-0x000dffff]
[STDOUT  ] 2018-06-27T11:35:16.088849386Z: [    1.308163] Trying to unpack rootfs image as initramfs...
[STDOUT  ] 2018-06-27T11:35:19.482897987Z: [    4.702180] Freeing initrd memory: 27500K
[STDOUT  ] 2018-06-27T11:35:19.508379431Z: [    4.727691] PCLMULQDQ-NI instructions are not detected.
[STDOUT  ] 2018-06-27T11:35:19.510005008Z: [    4.729327] AVX or AES-NI instructions are not detected.
[STDOUT  ] 2018-06-27T11:35:19.510627421Z: [    4.729852] CPU feature 'AVX registers' is not supported.
[STDOUT  ] 2018-06-27T11:35:19.511116531Z: [    4.730144] CPU feature 'AVX registers' is not supported.
[STDOUT  ] 2018-06-27T11:35:19.511781225Z: [    4.731139] CPU feature 'AVX registers' is not supported.
[STDOUT  ] 2018-06-27T11:35:19.512275348Z: [    4.731580] CPU feature 'AVX registers' is not supported.
[STDOUT  ] 2018-06-27T11:35:19.512599156Z: [    4.732011] AVX2 or AES-NI instructions are not detected.
[STDOUT  ] 2018-06-27T11:35:19.513029011Z: [    4.732422] AVX2 instructions are not detected.
[STDOUT  ] 2018-06-27T11:35:19.518219182Z: [    4.737577] audit: initializing netlink subsys (disabled)
[STDOUT  ] 2018-06-27T11:35:19.520934637Z: [    4.739947] audit: type=2000 audit(1530099318.730:1): state=initialized audit_enabled=0 res=1
[STDOUT  ] 2018-06-27T11:35:19.526196496Z: [    4.745503] workingset: timestamp_bits=46 max_order=18 bucket_order=0
[STDOUT  ] 2018-06-27T11:35:19.530036431Z: [    4.749350] squashfs: version 4.0 (2009/01/31) Phillip Lougher
[STDOUT  ] 2018-06-27T11:35:19.532539295Z: [    4.752050] FS-Cache: Netfs 'cifs' registered for caching
[STDOUT  ] 2018-06-27T11:35:19.533383180Z: [    4.752836] fuse init (API version 7.26)
[STDOUT  ] 2018-06-27T11:35:19.535492432Z: [    4.754768] SGI XFS with ACLs, security attributes, no debug enabled
[STDOUT  ] 2018-06-27T11:35:19.538934698Z: [    4.758256] 9p: Installing v9fs 9p2000 file system support
[STDOUT  ] 2018-06-27T11:35:19.539406763Z: [    4.758778] FS-Cache: Netfs '9p' registered for caching
[STDOUT  ] 2018-06-27T11:35:19.572950295Z: [    4.792308] NET: Registered protocol family 38
[STDOUT  ] 2018-06-27T11:35:19.573701568Z: [    4.793046] Key type asymmetric registered
[STDOUT  ] 2018-06-27T11:35:19.574202612Z: [    4.793430] Asymmetric key parser 'x509' registered
[STDOUT  ] 2018-06-27T11:35:19.575267798Z: [    4.794409] Block layer SCSI generic (bsg) driver version 0.4 loaded (major 247)
[STDOUT  ] 2018-06-27T11:35:19.576885186Z: [    4.796266] io scheduler noop registered
[STDOUT  ] 2018-06-27T11:35:19.577385316Z: [    4.796699] io scheduler deadline registered (default)
[STDOUT  ] 2018-06-27T11:35:19.578221715Z: [    4.797615] io scheduler cfq registered
[STDOUT  ] 2018-06-27T11:35:19.578543363Z: [    4.797876] io scheduler mq-deadline registered
[STDOUT  ] 2018-06-27T11:35:19.578852962Z: [    4.798268] io scheduler kyber registered
[STDOUT  ] 2018-06-27T11:35:19.584914553Z: [    4.804218] shpchp: Standard Hot Plug PCI Controller Driver version: 0.4
[STDOUT  ] 2018-06-27T11:35:19.585591310Z: [    4.804991] hv_vmbus: registering driver hyperv_fb
[STDOUT  ] 2018-06-27T11:35:19.588564109Z: [    4.807802] input: Power Button as /devices/LNXSYSTM:00/LNXPWRBN:00/input/input0
[STDOUT  ] 2018-06-27T11:35:19.591231896Z: [    4.810752] ACPI: Power Button [PWRF]
[STDOUT  ] 2018-06-27T11:35:19.603857645Z: [    4.823209] ACPI: PCI Interrupt Link [GSIG] enabled at IRQ 22
[STDOUT  ] 2018-06-27T11:35:19.613958158Z: [    4.833266] ACPI: PCI Interrupt Link [GSIH] enabled at IRQ 23
[STDOUT  ] 2018-06-27T11:35:19.618919511Z: [    4.838076] Serial: 8250/16550 driver, 4 ports, IRQ sharing disabled
[STDOUT  ] 2018-06-27T11:35:19.643174037Z: [    4.862229] 00:04: ttyS0 at I/O 0x3f8 (irq = 4, base_baud = 115200) is a 16550A
[STDOUT  ] 2018-06-27T11:35:19.652477794Z: [    4.871767] Non-volatile memory driver v1.3
[STDOUT  ] 2018-06-27T11:35:19.658428056Z: [    4.877570] Hangcheck: starting hangcheck timer 0.9.1 (tick is 180 seconds, margin is 60 seconds).
[STDOUT  ] 2018-06-27T11:35:19.671614093Z: [    4.890990] random: fast init done
[STDOUT  ] 2018-06-27T11:35:19.673040424Z: [    4.892490] random: crng init done
[STDOUT  ] 2018-06-27T11:35:19.710369199Z: [    4.929715] brd: module loaded
[STDOUT  ] 2018-06-27T11:35:19.735807631Z: [    4.955163] loop: module loaded
[STDOUT  ] 2018-06-27T11:35:19.780598110Z: [    4.999916] lpc_ich 0000:00:1f.0: I/O space for GPIO uninitialized
[STDOUT  ] 2018-06-27T11:35:19.783204072Z: [    5.002597] VMware PVSCSI driver - version 1.0.7.0-k
[STDOUT  ] 2018-06-27T11:35:19.783904890Z: [    5.003299] hv_vmbus: registering driver hv_storvsc
[STDOUT  ] 2018-06-27T11:35:19.791389992Z: [    5.010739] ACPI: PCI Interrupt Link [GSIA] enabled at IRQ 16
[STDOUT  ] 2018-06-27T11:35:19.797198877Z: [    5.016388] ahci 0000:00:1f.2: AHCI 0001.0000 32 slots 6 ports 1.5 Gbps 0x3f impl SATA mode
[STDOUT  ] 2018-06-27T11:35:19.797637226Z: [    5.017010] ahci 0000:00:1f.2: flags: 64bit ncq only 
[STDOUT  ] 2018-06-27T11:35:19.810800373Z: [    5.030293] scsi host0: ahci
[STDOUT  ] 2018-06-27T11:35:19.813444090Z: [    5.032967] scsi host1: ahci
[STDOUT  ] 2018-06-27T11:35:19.815035436Z: [    5.034505] scsi host2: ahci
[STDOUT  ] 2018-06-27T11:35:19.816539789Z: [    5.036066] scsi host3: ahci
[STDOUT  ] 2018-06-27T11:35:19.818133515Z: [    5.037628] scsi host4: ahci
[STDOUT  ] 2018-06-27T11:35:19.819670226Z: [    5.039157] scsi host5: ahci
[STDOUT  ] 2018-06-27T11:35:19.821160205Z: [    5.040493] ata1: SATA max UDMA/133 abar m4096@0xfebd2000 port 0xfebd2100 irq 24
[STDOUT  ] 2018-06-27T11:35:19.821733548Z: [    5.040915] ata2: SATA max UDMA/133 abar m4096@0xfebd2000 port 0xfebd2180 irq 24
[STDOUT  ] 2018-06-27T11:35:19.822225857Z: [    5.041420] ata3: SATA max UDMA/133 abar m4096@0xfebd2000 port 0xfebd2200 irq 24
[STDOUT  ] 2018-06-27T11:35:19.822525015Z: [    5.041877] ata4: SATA max UDMA/133 abar m4096@0xfebd2000 port 0xfebd2280 irq 24
[STDOUT  ] 2018-06-27T11:35:19.822992447Z: [    5.042293] ata5: SATA max UDMA/133 abar m4096@0xfebd2000 port 0xfebd2300 irq 24
[STDOUT  ] 2018-06-27T11:35:19.823452501Z: [    5.042717] ata6: SATA max UDMA/133 abar m4096@0xfebd2000 port 0xfebd2380 irq 24
[STDOUT  ] 2018-06-27T11:35:19.834083456Z: [    5.053359] tun: Universal TUN/TAP device driver, 1.6
[STDOUT  ] 2018-06-27T11:35:19.843793395Z: [    5.063130] VMware vmxnet3 virtual NIC driver - version 1.4.a.0-k-NAPI
[STDOUT  ] 2018-06-27T11:35:19.844477461Z: [    5.063825] hv_vmbus: registering driver hv_netvsc
[STDOUT  ] 2018-06-27T11:35:19.844645889Z: [    5.064157] Fusion MPT base driver 3.04.20
[STDOUT  ] 2018-06-27T11:35:19.844985602Z: [    5.064402] Copyright (c) 1999-2008 LSI Corporation
[STDOUT  ] 2018-06-27T11:35:19.845669142Z: [    5.065046] Fusion MPT SPI Host driver 3.04.20
[STDOUT  ] 2018-06-27T11:35:19.847711581Z: [    5.066982] i8042: PNP: PS/2 Controller [PNP0303:KBD,PNP0f13:MOU] at 0x60,0x64 irq 1,12
[STDOUT  ] 2018-06-27T11:35:19.851994871Z: [    5.071301] serio: i8042 KBD port at 0x60,0x64 irq 1
[STDOUT  ] 2018-06-27T11:35:19.852640894Z: [    5.071987] serio: i8042 AUX port at 0x60,0x64 irq 12
[STDOUT  ] 2018-06-27T11:35:19.854807299Z: [    5.074103] hv_vmbus: registering driver hyperv_keyboard
[STDOUT  ] 2018-06-27T11:35:19.856505743Z: [    5.075847] mousedev: PS/2 mouse device common for all mice
[STDOUT  ] 2018-06-27T11:35:19.860387585Z: [    5.079597] input: AT Translated Set 2 keyboard as /devices/platform/i8042/serio0/input/input1
[STDOUT  ] 2018-06-27T11:35:19.862078800Z: [    5.081390] input: PC Speaker as /devices/platform/pcspkr/input/input2
[STDOUT  ] 2018-06-27T11:35:19.865634205Z: [    5.085153] rtc_cmos 00:00: RTC can wake from S4
[STDOUT  ] 2018-06-27T11:35:19.868539588Z: [    5.087860] rtc_cmos 00:00: rtc core: registered rtc_cmos as rtc0
[STDOUT  ] 2018-06-27T11:35:19.869633587Z: [    5.088991] rtc_cmos 00:00: alarms up to one day, y3k, 114 bytes nvram, hpet irqs
[STDOUT  ] 2018-06-27T11:35:19.870135895Z: [    5.089658] i2c /dev entries driver
[STDOUT  ] 2018-06-27T11:35:19.872432598Z: [    5.091620] device-mapper: ioctl: 4.37.0-ioctl (2017-09-20) initialised: dm-devel@redhat.com
[STDOUT  ] 2018-06-27T11:35:19.875741219Z: [    5.095213] usbcore: registered new interface driver usbhid
[STDOUT  ] 2018-06-27T11:35:19.876087114Z: [    5.095537] usbhid: USB HID core driver
[STDOUT  ] 2018-06-27T11:35:19.876967723Z: [    5.096318] hv_utils: Registering HyperV Utility Driver
[STDOUT  ] 2018-06-27T11:35:19.877296494Z: [    5.096648] hv_vmbus: registering driver hv_util
[STDOUT  ] 2018-06-27T11:35:19.877617913Z: [    5.096952] hv_vmbus: registering driver hv_balloon
[STDOUT  ] 2018-06-27T11:35:19.878022153Z: [    5.097567] oprofile: using NMI interrupt.
[STDOUT  ] 2018-06-27T11:35:19.879106149Z: [    5.098611] GACT probability on
[STDOUT  ] 2018-06-27T11:35:19.879619540Z: [    5.099017] Mirror/redirect action on
[STDOUT  ] 2018-06-27T11:35:19.880140132Z: [    5.099671] Simple TC action Loaded
[STDOUT  ] 2018-06-27T11:35:19.881022459Z: [    5.100488] u32 classifier
[STDOUT  ] 2018-06-27T11:35:19.881226259Z: [    5.100639]     Performance counters on
[STDOUT  ] 2018-06-27T11:35:19.881399010Z: [    5.100920]     input device check on
[STDOUT  ] 2018-06-27T11:35:19.881697417Z: [    5.101164]     Actions configured
[STDOUT  ] 2018-06-27T11:35:19.882482720Z: [    5.101866] Netfilter messages via NETLINK v0.30.
[STDOUT  ] 2018-06-27T11:35:19.883032112Z: [    5.102424] nfnl_acct: registering with nfnetlink.
[STDOUT  ] 2018-06-27T11:35:19.885463538Z: [    5.104824] nf_conntrack version 0.5.0 (8192 buckets, 32768 max)
[STDOUT  ] 2018-06-27T11:35:19.887574441Z: [    5.106937] ctnetlink v0.93: registering with nfnetlink.
[STDOUT  ] 2018-06-27T11:35:19.890390443Z: [    5.109695] nf_tables: (c) 2007-2009 Patrick McHardy <kaber@trash.net>
[STDOUT  ] 2018-06-27T11:35:19.891588090Z: [    5.110792] nf_tables_compat: (c) 2012 Pablo Neira Ayuso <pablo@netfilter.org>
[STDOUT  ] 2018-06-27T11:35:19.893538459Z: [    5.113047] xt_time: kernel timezone is -0000
[STDOUT  ] 2018-06-27T11:35:19.894000593Z: [    5.113547] ip_set: protocol 6
[STDOUT  ] 2018-06-27T11:35:19.894905927Z: [    5.114301] IPVS: Registered protocols (TCP, UDP, SCTP, AH, ESP)
[STDOUT  ] 2018-06-27T11:35:19.895692693Z: [    5.114917] IPVS: Connection hash table configured (size=4096, memory=64Kbytes)
[STDOUT  ] 2018-06-27T11:35:19.899223056Z: [    5.118717] IPVS: ipvs loaded.
[STDOUT  ] 2018-06-27T11:35:19.899778154Z: [    5.119100] IPVS: [rr] scheduler registered.
[STDOUT  ] 2018-06-27T11:35:19.899933884Z: [    5.119426] IPVS: [wrr] scheduler registered.
[STDOUT  ] 2018-06-27T11:35:19.900219150Z: [    5.119699] IPVS: [lc] scheduler registered.
[STDOUT  ] 2018-06-27T11:35:19.900716683Z: [    5.119989] IPVS: [wlc] scheduler registered.
[STDOUT  ] 2018-06-27T11:35:19.901501534Z: [    5.120879] IPVS: [fo] scheduler registered.
[STDOUT  ] 2018-06-27T11:35:19.901839422Z: [    5.121176] IPVS: [ovf] scheduler registered.
[STDOUT  ] 2018-06-27T11:35:19.902226561Z: [    5.121626] IPVS: [lblc] scheduler registered.
[STDOUT  ] 2018-06-27T11:35:19.902570177Z: [    5.122104] IPVS: [lblcr] scheduler registered.
[STDOUT  ] 2018-06-27T11:35:19.902886825Z: [    5.122365] IPVS: [dh] scheduler registered.
[STDOUT  ] 2018-06-27T11:35:19.903324633Z: [    5.122674] IPVS: [sh] scheduler registered.
[STDOUT  ] 2018-06-27T11:35:19.903495401Z: [    5.122977] IPVS: [sed] scheduler registered.
[STDOUT  ] 2018-06-27T11:35:19.903818332Z: [    5.123270] IPVS: [nq] scheduler registered.
[STDOUT  ] 2018-06-27T11:35:19.904696325Z: [    5.124060] IPVS: ftp: loaded support on port[0] = 21
[STDOUT  ] 2018-06-27T11:35:19.905471400Z: [    5.124841] ipip: IPv4 and MPLS over IPv4 tunneling driver
[STDOUT  ] 2018-06-27T11:35:19.908565155Z: [    5.127923] gre: GRE over IPv4 demultiplexor driver
[STDOUT  ] 2018-06-27T11:35:19.911152372Z: [    5.130658] ip_tables: (C) 2000-2006 Netfilter Core Team
[STDOUT  ] 2018-06-27T11:35:19.914481926Z: [    5.133865] ipt_CLUSTERIP: ClusterIP Version 0.8 loaded successfully
[STDOUT  ] 2018-06-27T11:35:19.915103541Z: [    5.134493] arp_tables: arp_tables: (C) 2002 David S. Miller
[STDOUT  ] 2018-06-27T11:35:19.916991797Z: [    5.136466] NET: Registered protocol family 10
[STDOUT  ] 2018-06-27T11:35:19.925584817Z: [    5.145051] Segment Routing with IPv6
[STDOUT  ] 2018-06-27T11:35:19.926554485Z: [    5.145915] ip6_tables: (C) 2000-2006 Netfilter Core Team
[STDOUT  ] 2018-06-27T11:35:19.933184878Z: [    5.152670] NET: Registered protocol family 17
[STDOUT  ] 2018-06-27T11:35:19.934105586Z: [    5.153628] Bridge firewalling registered
[STDOUT  ] 2018-06-27T11:35:19.934622585Z: [    5.154158] Ebtables v2.0 registered
[STDOUT  ] 2018-06-27T11:35:19.936609137Z: [    5.155957] 8021q: 802.1Q VLAN Support v1.8
[STDOUT  ] 2018-06-27T11:35:19.938022270Z: [    5.157390] 9pnet: Installing 9P2000 support
[STDOUT  ] 2018-06-27T11:35:19.939314110Z: [    5.158840] Key type dns_resolver registered
[STDOUT  ] 2018-06-27T11:35:19.941033992Z: [    5.160004] sched_clock: Marking stable (5150155030, 0)->(5271238725, -121083695)
[STDOUT  ] 2018-06-27T11:35:19.944162677Z: [    5.163667] registered taskstats version 1
[STDOUT  ] 2018-06-27T11:35:20.153700722Z: [    5.373015] ata2: SATA link down (SStatus 0 SControl 300)
[STDOUT  ] 2018-06-27T11:35:20.156322269Z: [    5.375733] ata1: SATA link down (SStatus 0 SControl 300)
[STDOUT  ] 2018-06-27T11:35:20.163129420Z: [    5.382505] ata4: SATA link down (SStatus 0 SControl 300)
[STDOUT  ] 2018-06-27T11:35:20.164148958Z: [    5.383369] ata3: SATA link up 1.5 Gbps (SStatus 113 SControl 300)
[STDOUT  ] 2018-06-27T11:35:20.168054930Z: [    5.387403] ata3.00: ATAPI: QEMU DVD-ROM, 2.5+, max UDMA/100
[STDOUT  ] 2018-06-27T11:35:20.168466808Z: [    5.387871] ata3.00: applying bridge limits
[STDOUT  ] 2018-06-27T11:35:20.175555058Z: [    5.394841] ata5: SATA link down (SStatus 0 SControl 300)
[STDOUT  ] 2018-06-27T11:35:20.176023516Z: [    5.395361] ata6: SATA link down (SStatus 0 SControl 300)
[STDOUT  ] 2018-06-27T11:35:20.177001462Z: [    5.396496] ata3.00: configured for UDMA/100
[STDOUT  ] 2018-06-27T11:35:20.189440867Z: [    5.408635] scsi 2:0:0:0: CD-ROM            QEMU     QEMU DVD-ROM     2.5+ PQ: 0 ANSI: 5
[STDOUT  ] 2018-06-27T11:35:20.195393732Z: [    5.414742] Key type big_key registered
[STDOUT  ] 2018-06-27T11:35:20.234084543Z: [    5.453211] sr 2:0:0:0: [sr0] scsi3-mmc drive: 4x/4x cd/rw xa/form2 tray
[STDOUT  ] 2018-06-27T11:35:20.234531791Z: [    5.453913] cdrom: Uniform CD-ROM driver Revision: 3.20
[STDOUT  ] 2018-06-27T11:35:20.251486016Z: [    5.470721] sr 2:0:0:0: Attached scsi generic sg0 type 5
[STDOUT  ] 2018-06-27T11:35:20.280356321Z: [    5.499683] Key type trusted registered
[STDOUT  ] 2018-06-27T11:35:20.346778817Z: [    5.566091] Key type encrypted registered
[STDOUT  ] 2018-06-27T11:35:20.347628480Z: [    5.566847] ima: No TPM chip found, activating TPM-bypass! (rc=-19)
[STDOUT  ] 2018-06-27T11:35:20.348067878Z: [    5.567395] ima: Allocated hash algorithm: sha256
[STDOUT  ] 2018-06-27T11:35:20.352089083Z: [    5.571601] evm: HMAC attrs: 0x1
[STDOUT  ] 2018-06-27T11:35:20.356257306Z: [    5.575435] rtc_cmos 00:00: setting system clock to 2018-06-27 11:35:20 UTC (1530099320)
[STDOUT  ] 2018-06-27T11:35:20.514852615Z: [    5.734174] Freeing unused kernel memory: 1512K
[STDOUT  ] 2018-06-27T11:35:20.531497872Z: [    5.750575] Write protecting the kernel read-only data: 18432k
[STDOUT  ] 2018-06-27T11:35:20.546712394Z: [    5.766050] Freeing unused kernel memory: 2024K
[STDOUT  ] 2018-06-27T11:35:20.547466563Z: [    5.766714] tsc: Refined TSC clocksource calibration: 2600.002 MHz
[STDOUT  ] 2018-06-27T11:35:20.548190869Z: [    5.767312] clocksource: tsc: mask: 0xffffffffffffffff max_cycles: 0x257a3e40e8d, max_idle_ns: 440795298933 ns
[STDOUT  ] 2018-06-27T11:35:20.583092457Z: [    5.802501] Freeing unused kernel memory: 1104K
[STDOUT  ] 2018-06-27T11:35:21.562138550Z: [    6.781449] clocksource: Switched to clocksource tsc
[STDOUT  ] 2018-06-27T11:35:28.974844225Z: 
[STDOUT  ] 2018-06-27T11:35:28.975632359Z: Welcome to LinuxKit
[STDOUT  ] 2018-06-27T11:35:28.975805578Z: 
[STDOUT  ] 2018-06-27T11:35:28.976159046Z:                         ##         .
[STDOUT  ] 2018-06-27T11:35:28.976517911Z:                   ## ## ##        ==
[STDOUT  ] 2018-06-27T11:35:28.976959497Z:                ## ## ## ## ##    ===
[STDOUT  ] 2018-06-27T11:35:28.977484757Z:            /"""""""""""""""""\___/ ===
[STDOUT  ] 2018-06-27T11:35:28.977850143Z:           {                       /  ===-
[STDOUT  ] 2018-06-27T11:35:28.978208894Z:            \______ O           __/
[STDOUT  ] 2018-06-27T11:35:28.978541123Z:              \    \         __/
[STDOUT  ] 2018-06-27T11:35:28.978888036Z:               \____\_______/
[STDOUT  ] 2018-06-27T11:35:28.979060689Z: 
[STDOUT  ] 2018-06-27T11:35:29.985227550Z: Error creating 000-test: exit status 1
[STDOUT  ] 2018-06-27T11:35:41.140315988Z: [   26.359664] ACPI: Preparing to enter system sleep state S5
[STDOUT  ] 2018-06-27T11:35:41.142294497Z: [   26.361651] reboot: Power down
[STDERR  ] 2018-06-27T11:35:41.724053934Z: + exit 0
[STDERR  ] 2018-06-27T11:35:41.724118695Z: + clean_up
[STDERR  ] 2018-06-27T11:35:41.724137846Z: + rm -rf lsof-cmdline lsof-initrd.img lsof-kernel lsof-state
[PASS    ] linuxkit.security.ports 41.98s
