[INFO    ] 2018-04-03T16:00:51.469880965Z: Running Test linuxkit.packages.binfmt in /tmp/build/test/cases/040_packages/002_binfmt
[INFO    ] 2018-04-03T16:00:51.470007535Z: Running command: [/bin/sh -x /tmp/build/test/cases/040_packages/002_binfmt/test.sh]
[STDERR  ] 2018-04-03T16:00:51.487142986Z: + set -e
[STDERR  ] 2018-04-03T16:00:51.487295153Z: + . /tmp/build/test/cases/_lib/lib.sh
[STDERR  ] 2018-04-03T16:00:51.487314111Z: + [ -f src/github.com/linuxkit/rtf/lib/lib.sh ]
[STDERR  ] 2018-04-03T16:00:51.487333324Z: + LINUXKIT_TMPDIR=/tmp/build/test/cases/_tmp
[STDERR  ] 2018-04-03T16:00:51.487348520Z: + [ -f /tmp/build/test/cases/_tmp/env.sh ]
[STDERR  ] 2018-04-03T16:00:51.487375124Z: + . /tmp/build/test/cases/_tmp/env.sh
[STDERR  ] 2018-04-03T16:00:51.487389706Z: + export LINUXKIT_EXAMPLES_DIR=/tmp/build/test/cases/../../examples
[STDERR  ] 2018-04-03T16:00:51.487405979Z: + RT_CANCEL=253
[STDERR  ] 2018-04-03T16:00:51.487421273Z: + NAME=binfmt
[STDERR  ] 2018-04-03T16:00:51.487435898Z: + trap clean_up EXIT
[STDERR  ] 2018-04-03T16:00:51.487450998Z: + linuxkit build -format kernel+initrd -name binfmt test.yml
[STDERR  ] 2018-04-03T16:00:51.513582077Z: Extract kernel image: linuxkit/kernel:4.14.32
[STDERR  ] 2018-04-03T16:00:53.245102085Z: Add init containers:
[STDERR  ] 2018-04-03T16:00:53.245167306Z: Process init image: linuxkit/init:be60dd1cb15ad39225512b6753304571d8c2fb17
[STDERR  ] 2018-04-03T16:00:54.467909705Z: Process init image: linuxkit/runc:17e8c06e48ac220be79b2476e39b4d7feb905524
[STDERR  ] 2018-04-03T16:00:55.639463173Z: Add onboot containers:
[STDERR  ] 2018-04-03T16:00:55.639530902Z:   Create OCI config for linuxkit/binfmt:98398d827e80b56e487d2ae94ed86a0006acb702
[STDERR  ] 2018-04-03T16:00:57.200383493Z:   Create OCI config for alpine:3.7
[STDERR  ] 2018-04-03T16:00:58.410736867Z:   Create OCI config for linuxkit/poweroff:f9a0a5e52fd2a97908bda33db2afffafe4a6a67d
[STDERR  ] 2018-04-03T16:00:59.622972233Z: Add files:
[STDERR  ] 2018-04-03T16:00:59.623054961Z:   check.sh
[STDERR  ] 2018-04-03T16:00:59.623620268Z: Create outputs:
[STDERR  ] 2018-04-03T16:01:05.713981210Z:   binfmt-kernel binfmt-initrd.img binfmt-cmdline
[STDERR  ] 2018-04-03T16:01:05.772196728Z: + linuxkit run binfmt
[STDERR  ] 2018-04-03T16:01:05.797247130Z: Unable to find qemu-system-x86_64 within the $PATH. Using a container
[STDERR  ] 2018-04-03T16:01:21.693301306Z: + RESULT=[    0.000000] Linux version 4.14.32-linuxkit (root@d8cf80697563) (gcc version 6.4.0 (Alpine 6.4.0)) #1 SMP Sun Apr 1 17:10:10 UTC 2018
[STDERR  ] 2018-04-03T16:01:21.693379386Z: [    0.000000] Command line: console=ttyS0 console=ttyAMA0
[STDERR  ] 2018-04-03T16:01:21.693396122Z: [    0.000000] x86/fpu: x87 FPU will use FXSAVE
[STDERR  ] 2018-04-03T16:01:21.693411046Z: [    0.000000] e820: BIOS-provided physical RAM map:
[STDERR  ] 2018-04-03T16:01:21.693439036Z: [    0.000000] BIOS-e820: [mem 0x0000000000000000-0x000000000009fbff] usable
[STDERR  ] 2018-04-03T16:01:21.693454967Z: [    0.000000] BIOS-e820: [mem 0x000000000009fc00-0x000000000009ffff] reserved
[STDERR  ] 2018-04-03T16:01:21.693470283Z: [    0.000000] BIOS-e820: [mem 0x00000000000f0000-0x00000000000fffff] reserved
[STDERR  ] 2018-04-03T16:01:21.693485161Z: [    0.000000] BIOS-e820: [mem 0x0000000000100000-0x000000003ffdefff] usable
[STDERR  ] 2018-04-03T16:01:21.693564270Z: [    0.000000] BIOS-e820: [mem 0x000000003ffdf000-0x000000003fffffff] reserved
[STDERR  ] 2018-04-03T16:01:21.693579961Z: [    0.000000] BIOS-e820: [mem 0x00000000b0000000-0x00000000bfffffff] reserved
[STDERR  ] 2018-04-03T16:01:21.693595401Z: [    0.000000] BIOS-e820: [mem 0x00000000fed1c000-0x00000000fed1ffff] reserved
[STDERR  ] 2018-04-03T16:01:21.693615595Z: [    0.000000] BIOS-e820: [mem 0x00000000feffc000-0x00000000feffffff] reserved
[STDERR  ] 2018-04-03T16:01:21.693639473Z: [    0.000000] BIOS-e820: [mem 0x00000000fffc0000-0x00000000ffffffff] reserved
[STDERR  ] 2018-04-03T16:01:21.693656148Z: [    0.000000] NX (Execute Disable) protection: active
[STDERR  ] 2018-04-03T16:01:21.693672321Z: [    0.000000] random: fast init done
[STDERR  ] 2018-04-03T16:01:21.693701389Z: [    0.000000] SMBIOS 2.8 present.
[STDERR  ] 2018-04-03T16:01:21.693732633Z: [    0.000000] DMI: QEMU Standard PC (Q35 + ICH9, 2009), BIOS rel-1.10.2-0-g5f4c7b1-prebuilt.qemu-project.org 04/01/2014
[STDERR  ] 2018-04-03T16:01:21.693748821Z: [    0.000000] Hypervisor detected: KVM
[STDERR  ] 2018-04-03T16:01:21.693763964Z: [    0.000000] tsc: Fast TSC calibration failed
[STDERR  ] 2018-04-03T16:01:21.693778462Z: [    0.000000] tsc: Unable to calibrate against PIT
[STDERR  ] 2018-04-03T16:01:21.693793103Z: [    0.000000] tsc: No reference (HPET/PMTIMER) available
[STDERR  ] 2018-04-03T16:01:21.693808059Z: [    0.000000] e820: last_pfn = 0x3ffdf max_arch_pfn = 0x400000000
[STDERR  ] 2018-04-03T16:01:21.693823386Z: [    0.000000] x86/PAT: PAT not supported by CPU.
[STDERR  ] 2018-04-03T16:01:21.693838981Z: [    0.000000] x86/PAT: Configuration [0-7]: WB  WT  UC- UC  WB  WT  UC- UC  
[STDERR  ] 2018-04-03T16:01:21.693853870Z: [    0.000000] found SMP MP-table at [mem 0x000f6aa0-0x000f6aaf] mapped at [ffffffffff200aa0]
[STDERR  ] 2018-04-03T16:01:21.693868405Z: [    0.000000] RAMDISK: [mem 0x3e1c9000-0x3ffcffff]
[STDERR  ] 2018-04-03T16:01:21.693881715Z: [    0.000000] ACPI: Early table checksum verification disabled
[STDERR  ] 2018-04-03T16:01:21.693921848Z: [    0.000000] ACPI: RSDP 0x00000000000F68B0 000014 (v00 BOCHS )
[STDERR  ] 2018-04-03T16:01:21.693936787Z: [    0.000000] ACPI: RSDT 0x000000003FFE20A8 000034 (v01 BOCHS  BXPCRSDT 00000001 BXPC 00000001)
[STDERR  ] 2018-04-03T16:01:21.693951068Z: [    0.000000] ACPI: FACP 0x000000003FFE1EC8 0000F4 (v03 BOCHS  BXPCFACP 00000001 BXPC 00000001)
[STDERR  ] 2018-04-03T16:01:21.693965716Z: [    0.000000] ACPI: DSDT 0x000000003FFE0040 001E88 (v01 BOCHS  BXPCDSDT 00000001 BXPC 00000001)
[STDERR  ] 2018-04-03T16:01:21.693988685Z: [    0.000000] ACPI: FACS 0x000000003FFE0000 000040
[STDERR  ] 2018-04-03T16:01:21.694004302Z: [    0.000000] ACPI: APIC 0x000000003FFE1FBC 000078 (v01 BOCHS  BXPCAPIC 00000001 BXPC 00000001)
[STDERR  ] 2018-04-03T16:01:21.694018320Z: [    0.000000] ACPI: HPET 0x000000003FFE2034 000038 (v01 BOCHS  BXPCHPET 00000001 BXPC 00000001)
[STDERR  ] 2018-04-03T16:01:21.694033056Z: [    0.000000] ACPI: MCFG 0x000000003FFE206C 00003C (v01 BOCHS  BXPCMCFG 00000001 BXPC 00000001)
[STDERR  ] 2018-04-03T16:01:21.694048171Z: [    0.000000] kvm-clock: Using msrs 4b564d01 and 4b564d00
[STDERR  ] 2018-04-03T16:01:21.694063295Z: [    0.000000] kvm-clock: cpu 0, msr 0:3ffdd001, primary cpu clock
[STDERR  ] 2018-04-03T16:01:21.694078564Z: [    0.000000] clocksource: kvm-clock: mask: 0xffffffffffffffff max_cycles: 0x1cd42e4dffb, max_idle_ns: 881590591483 ns
[STDERR  ] 2018-04-03T16:01:21.694093700Z: [    0.000000] Zone ranges:
[STDERR  ] 2018-04-03T16:01:21.694108468Z: [    0.000000]   DMA      [mem 0x0000000000001000-0x0000000000ffffff]
[STDERR  ] 2018-04-03T16:01:21.694124282Z: [    0.000000]   DMA32    [mem 0x0000000001000000-0x000000003ffdefff]
[STDERR  ] 2018-04-03T16:01:21.694140545Z: [    0.000000]   Normal   empty
[STDERR  ] 2018-04-03T16:01:21.694157954Z: [    0.000000]   Device   empty
[STDERR  ] 2018-04-03T16:01:21.694173701Z: [    0.000000] Movable zone start for each node
[STDERR  ] 2018-04-03T16:01:21.694191060Z: [    0.000000] Early memory node ranges
[STDERR  ] 2018-04-03T16:01:21.694203993Z: [    0.000000]   node   0: [mem 0x0000000000001000-0x000000000009efff]
[STDERR  ] 2018-04-03T16:01:21.694217887Z: [    0.000000]   node   0: [mem 0x0000000000100000-0x000000003ffdefff]
[STDERR  ] 2018-04-03T16:01:21.694232830Z: [    0.000000] Initmem setup node 0 [mem 0x0000000000001000-0x000000003ffdefff]
[STDERR  ] 2018-04-03T16:01:21.694247061Z: [    0.000000] ACPI: PM-Timer IO Port: 0x608
[STDERR  ] 2018-04-03T16:01:21.694261271Z: [    0.000000] ACPI: LAPIC_NMI (acpi_id[0xff] dfl dfl lint[0x1])
[STDERR  ] 2018-04-03T16:01:21.694278994Z: [    0.000000] IOAPIC[0]: apic_id 0, version 17, address 0xfec00000, GSI 0-23
[STDERR  ] 2018-04-03T16:01:21.694294370Z: [    0.000000] ACPI: INT_SRC_OVR (bus 0 bus_irq 0 global_irq 2 dfl dfl)
[STDERR  ] 2018-04-03T16:01:21.694316731Z: [    0.000000] ACPI: INT_SRC_OVR (bus 0 bus_irq 5 global_irq 5 high level)
[STDERR  ] 2018-04-03T16:01:21.694338516Z: [    0.000000] ACPI: INT_SRC_OVR (bus 0 bus_irq 9 global_irq 9 high level)
[STDERR  ] 2018-04-03T16:01:21.694354090Z: [    0.000000] ACPI: INT_SRC_OVR (bus 0 bus_irq 10 global_irq 10 high level)
[STDERR  ] 2018-04-03T16:01:21.694368525Z: [    0.000000] ACPI: INT_SRC_OVR (bus 0 bus_irq 11 global_irq 11 high level)
[STDERR  ] 2018-04-03T16:01:21.694383519Z: [    0.000000] Using ACPI (MADT) for SMP configuration information
[STDERR  ] 2018-04-03T16:01:21.694396770Z: [    0.000000] ACPI: HPET id: 0x8086a201 base: 0xfed00000
[STDERR  ] 2018-04-03T16:01:21.694410956Z: [    0.000000] smpboot: Allowing 1 CPUs, 0 hotplug CPUs
[STDERR  ] 2018-04-03T16:01:21.694424845Z: [    0.000000] e820: [mem 0x40000000-0xafffffff] available for PCI devices
[STDERR  ] 2018-04-03T16:01:21.694439399Z: [    0.000000] Booting paravirtualized kernel on KVM
[STDERR  ] 2018-04-03T16:01:21.694454041Z: [    0.000000] clocksource: refined-jiffies: mask: 0xffffffff max_cycles: 0xffffffff, max_idle_ns: 19112604462750000 ns
[STDERR  ] 2018-04-03T16:01:21.694470222Z: [    0.000000] setup_percpu: NR_CPUS:128 nr_cpumask_bits:128 nr_cpu_ids:1 nr_node_ids:1
[STDERR  ] 2018-04-03T16:01:21.694485179Z: [    0.000000] percpu: Embedded 44 pages/cpu @ffff8e253de00000 s143256 r8192 d28776 u2097152
[STDERR  ] 2018-04-03T16:01:21.694515995Z: [    0.000000] KVM setup async PF for cpu 0
[STDERR  ] 2018-04-03T16:01:21.694531055Z: [    0.000000] kvm-stealtime: cpu 0, msr 3de15f40
[STDERR  ] 2018-04-03T16:01:21.694545260Z: [    0.000000] Built 1 zonelists, mobility grouping on.  Total pages: 257896
[STDERR  ] 2018-04-03T16:01:21.694560567Z: [    0.000000] Kernel command line: console=ttyS0 console=ttyAMA0
[STDERR  ] 2018-04-03T16:01:21.694580841Z: [    0.000000] PID hash table entries: 4096 (order: 3, 32768 bytes)
[STDERR  ] 2018-04-03T16:01:21.694596044Z: [    0.000000] Dentry cache hash table entries: 131072 (order: 8, 1048576 bytes)
[STDERR  ] 2018-04-03T16:01:21.694610855Z: [    0.000000] Inode-cache hash table entries: 65536 (order: 7, 524288 bytes)
[STDERR  ] 2018-04-03T16:01:21.694628654Z: [    0.000000] Memory: 974052K/1048052K available (12300K kernel code, 1458K rwdata, 2988K rodata, 1508K init, 632K bss, 74000K reserved, 0K cma-reserved)
[STDERR  ] 2018-04-03T16:01:21.694646604Z: [    0.000000] Kernel/User page tables isolation: enabled
[STDERR  ] 2018-04-03T16:01:21.694660261Z: [    0.000000] ftrace: allocating 40957 entries in 160 pages
[STDERR  ] 2018-04-03T16:01:21.694673637Z: [    0.010000] Hierarchical RCU implementation.
[STDERR  ] 2018-04-03T16:01:21.694687030Z: [    0.010000] 	RCU restricting CPUs from NR_CPUS=128 to nr_cpu_ids=1.
[STDERR  ] 2018-04-03T16:01:21.694701921Z: [    0.010000] RCU: Adjusting geometry for rcu_fanout_leaf=16, nr_cpu_ids=1
[STDERR  ] 2018-04-03T16:01:21.694716500Z: [    0.010000] NR_IRQS: 8448, nr_irqs: 256, preallocated irqs: 16
[STDERR  ] 2018-04-03T16:01:21.694730694Z: [    0.010000] Console: colour VGA+ 80x25
[STDERR  ] 2018-04-03T16:01:21.694744851Z: [    0.010000] console [ttyS0] enabled
[STDERR  ] 2018-04-03T16:01:21.694758562Z: [    0.010000] clocksource: hpet: mask: 0xffffffff max_cycles: 0xffffffff, max_idle_ns: 19112604467 ns
[STDERR  ] 2018-04-03T16:01:21.694774597Z: [    0.010036] tsc: Detected 2299.996 MHz processor
[STDERR  ] 2018-04-03T16:01:21.694788640Z: [    0.014674] Calibrating delay loop (skipped) preset value.. 4599.99 BogoMIPS (lpj=22999960)
[STDERR  ] 2018-04-03T16:01:21.694803122Z: [    0.020037] pid_max: default: 32768 minimum: 301
[STDERR  ] 2018-04-03T16:01:21.694817275Z: [    0.024724] ACPI: Core revision 20170728
[STDERR  ] 2018-04-03T16:01:21.694831142Z: [    0.030683] ACPI: 1 ACPI AML tables successfully acquired and loaded
[STDERR  ] 2018-04-03T16:01:21.694846275Z: [    0.037152] Security Framework initialized
[STDERR  ] 2018-04-03T16:01:21.694859990Z: [    0.040037] Yama: becoming mindful.
[STDERR  ] 2018-04-03T16:01:21.694883475Z: [    0.044014] Mount-cache hash table entries: 2048 (order: 2, 16384 bytes)
[STDERR  ] 2018-04-03T16:01:21.694910119Z: [    0.050044] Mountpoint-cache hash table entries: 2048 (order: 2, 16384 bytes)
[STDERR  ] 2018-04-03T16:01:21.694925655Z: [    0.060930] CPU: Physical Processor ID: 0
[STDERR  ] 2018-04-03T16:01:21.694940163Z: [    0.070065] Last level iTLB entries: 4KB 0, 2MB 0, 4MB 0
[STDERR  ] 2018-04-03T16:01:21.694954765Z: [    0.080036] Last level dTLB entries: 4KB 0, 2MB 0, 4MB 0, 1GB 0
[STDERR  ] 2018-04-03T16:01:21.694968996Z: [    0.086769] Spectre V2 : Vulnerable: Minimal generic ASM retpoline
[STDERR  ] 2018-04-03T16:01:21.694983565Z: [    0.094577] Freeing SMP alternatives memory: 20K
[STDERR  ] 2018-04-03T16:01:21.694997006Z: [    0.100543] smpboot: Max logical packages: 1
[STDERR  ] 2018-04-03T16:01:21.695011354Z: [    0.112015] x2apic enabled
[STDERR  ] 2018-04-03T16:01:21.695024934Z: [    0.117050] Switched APIC routing to physical x2apic.
[STDERR  ] 2018-04-03T16:01:21.695038426Z: [    0.131835] ..TIMER: vector=0x30 apic1=0 pin1=2 apic2=-1 pin2=-1
[STDERR  ] 2018-04-03T16:01:21.695056518Z: [    0.140000] smpboot: CPU0: Intel QEMU Virtual CPU version 2.5+ (family: 0x6, model: 0x6, stepping: 0x3)
[STDERR  ] 2018-04-03T16:01:21.695074205Z: [    0.140144] Performance Events: PMU not available due to virtualization, using software events only.
[STDERR  ] 2018-04-03T16:01:21.695089529Z: [    0.150392] Hierarchical SRCU implementation.
[STDERR  ] 2018-04-03T16:01:21.695107240Z: [    0.160182] NMI watchdog: Perf event create on CPU 0 failed with -2
[STDERR  ] 2018-04-03T16:01:21.695122267Z: [    0.170010] NMI watchdog: Perf NMI watchdog permanently disabled
[STDERR  ] 2018-04-03T16:01:21.695139469Z: [    0.176592] smp: Bringing up secondary CPUs ...
[STDERR  ] 2018-04-03T16:01:21.695152991Z: [    0.180012] smp: Brought up 1 node, 1 CPU
[STDERR  ] 2018-04-03T16:01:21.695167351Z: [    0.184068] smpboot: Total of 1 processors activated (4599.99 BogoMIPS)
[STDERR  ] 2018-04-03T16:01:21.695183989Z: [    0.192092] devtmpfs: initialized
[STDERR  ] 2018-04-03T16:01:21.695198356Z: [    0.195635] x86/mm: Memory block size: 128MB
[STDERR  ] 2018-04-03T16:01:21.695212316Z: [    0.200268] evm: security.ima
[STDERR  ] 2018-04-03T16:01:21.695226627Z: [    0.203315] evm: security.capability
[STDERR  ] 2018-04-03T16:01:21.695240412Z: [    0.207141] clocksource: jiffies: mask: 0xffffffff max_cycles: 0xffffffff, max_idle_ns: 19112604462750000 ns
[STDERR  ] 2018-04-03T16:01:21.695257842Z: [    0.210021] futex hash table entries: 256 (order: 2, 16384 bytes)
[STDERR  ] 2018-04-03T16:01:21.695271582Z: [    0.220262] NET: Registered protocol family 16
[STDERR  ] 2018-04-03T16:01:21.695285756Z: [    0.230218] cpuidle: using governor ladder
[STDERR  ] 2018-04-03T16:01:21.695299340Z: [    0.234358] cpuidle: using governor menu
[STDERR  ] 2018-04-03T16:01:21.695313563Z: [    0.238444] ACPI: bus type PCI registered
[STDERR  ] 2018-04-03T16:01:21.695327574Z: [    0.240494] PCI: MMCONFIG for domain 0000 [bus 00-ff] at [mem 0xb0000000-0xbfffffff] (base 0xb0000000)
[STDERR  ] 2018-04-03T16:01:21.695342485Z: [    0.250016] PCI: MMCONFIG at [mem 0xb0000000-0xbfffffff] reserved in E820
[STDERR  ] 2018-04-03T16:01:21.695357289Z: [    0.260032] PCI: Using configuration type 1 for base access
[STDERR  ] 2018-04-03T16:01:21.695371008Z: [    0.267244] HugeTLB registered 2.00 MiB page size, pre-allocated 0 pages
[STDERR  ] 2018-04-03T16:01:21.695385974Z: [    0.270350] ACPI: Added _OSI(Module Device)
[STDERR  ] 2018-04-03T16:01:21.695399585Z: [    0.274680] ACPI: Added _OSI(Processor Device)
[STDERR  ] 2018-04-03T16:01:21.695418528Z: [    0.280019] ACPI: Added _OSI(3.0 _SCP Extensions)
[STDERR  ] 2018-04-03T16:01:21.695433108Z: [    0.284762] ACPI: Added _OSI(Processor Aggregator Device)
[STDERR  ] 2018-04-03T16:01:21.695448856Z: [    0.295112] ACPI: Interpreter enabled
[STDERR  ] 2018-04-03T16:01:21.695463934Z: [    0.300060] ACPI: (supports S0 S5)
[STDERR  ] 2018-04-03T16:01:21.695477263Z: [    0.303562] ACPI: Using IOAPIC for interrupt routing
[STDERR  ] 2018-04-03T16:01:21.695502874Z: [    0.310080] PCI: Using host bridge windows from ACPI; if necessary, use "pci=nocrs" and report a bug
[STDERR  ] 2018-04-03T16:01:21.695533372Z: [    0.320271] ACPI: Enabled 1 GPEs in block 00 to 3F
[STDERR  ] 2018-04-03T16:01:21.695549974Z: [    0.330786] ACPI: PCI Root Bridge [PCI0] (domain 0000 [bus 00-ff])
[STDERR  ] 2018-04-03T16:01:21.695560722Z: [    0.337581] acpi PNP0A08:00: _OSC: OS supports [ExtendedConfig ASPM ClockPM Segments MSI]
[STDERR  ] 2018-04-03T16:01:21.695569789Z: [    0.340192] acpi PNP0A08:00: _OSC: OS now controls [PCIeHotplug PME PCIeCapability]
[STDERR  ] 2018-04-03T16:01:21.695578540Z: [    0.350102] PCI host bridge to bus 0000:00
[STDERR  ] 2018-04-03T16:01:21.695587168Z: [    0.354261] pci_bus 0000:00: root bus resource [io  0x0000-0x0cf7 window]
[STDERR  ] 2018-04-03T16:01:21.695596214Z: [    0.360017] pci_bus 0000:00: root bus resource [io  0x0d00-0xffff window]
[STDERR  ] 2018-04-03T16:01:21.695607525Z: [    0.370016] pci_bus 0000:00: root bus resource [mem 0x000a0000-0x000bffff window]
[STDERR  ] 2018-04-03T16:01:21.695623929Z: [    0.380016] pci_bus 0000:00: root bus resource [mem 0xc0000000-0xfebfffff window]
[STDERR  ] 2018-04-03T16:01:21.695636512Z: [    0.387837] pci_bus 0000:00: root bus resource [bus 00-ff]
[STDERR  ] 2018-04-03T16:01:21.695645232Z: [    0.522519] pci 0000:00:1f.0: quirk: [io  0x0600-0x067f] claimed by ICH6 ACPI/GPIO/TCO
[STDERR  ] 2018-04-03T16:01:21.695658611Z: [    0.589723] ACPI: PCI Interrupt Link [LNKA] (IRQs 5 *10 11)
[STDERR  ] 2018-04-03T16:01:21.695675660Z: [    0.590447] ACPI: PCI Interrupt Link [LNKB] (IRQs 5 *10 11)
[STDERR  ] 2018-04-03T16:01:21.695691371Z: [    0.600391] ACPI: PCI Interrupt Link [LNKC] (IRQs 5 10 *11)
[STDERR  ] 2018-04-03T16:01:21.695703267Z: [    0.610203] ACPI: PCI Interrupt Link [LNKD] (IRQs 5 10 *11)
[STDERR  ] 2018-04-03T16:01:21.695714200Z: [    0.616649] ACPI: PCI Interrupt Link [LNKE] (IRQs 5 *10 11)
[STDERR  ] 2018-04-03T16:01:21.695733385Z: [    0.620358] ACPI: PCI Interrupt Link [LNKF] (IRQs 5 *10 11)
[STDERR  ] 2018-04-03T16:01:21.695744496Z: [    0.626740] ACPI: PCI Interrupt Link [LNKG] (IRQs 5 10 *11)
[STDERR  ] 2018-04-03T16:01:21.695754278Z: [    0.630331] ACPI: PCI Interrupt Link [LNKH] (IRQs 5 10 *11)
[STDERR  ] 2018-04-03T16:01:21.695764932Z: [    0.640192] ACPI: PCI Interrupt Link [GSIA] (IRQs *16)
[STDERR  ] 2018-04-03T16:01:21.695775595Z: [    0.645666] ACPI: PCI Interrupt Link [GSIB] (IRQs *17)
[STDERR  ] 2018-04-03T16:01:21.695784505Z: [    0.650045] ACPI: PCI Interrupt Link [GSIC] (IRQs *18)
[STDERR  ] 2018-04-03T16:01:21.695792980Z: [    0.655521] ACPI: PCI Interrupt Link [GSID] (IRQs *19)
[STDERR  ] 2018-04-03T16:01:21.695801851Z: [    0.660049] ACPI: PCI Interrupt Link [GSIE] (IRQs *20)
[STDERR  ] 2018-04-03T16:01:21.695810514Z: [    0.670046] ACPI: PCI Interrupt Link [GSIF] (IRQs *21)
[STDERR  ] 2018-04-03T16:01:21.695819160Z: [    0.675679] ACPI: PCI Interrupt Link [GSIG] (IRQs *22)
[STDERR  ] 2018-04-03T16:01:21.695828011Z: [    0.680050] ACPI: PCI Interrupt Link [GSIH] (IRQs *23)
[STDERR  ] 2018-04-03T16:01:21.695836314Z: [    0.686125] SCSI subsystem initialized
[STDERR  ] 2018-04-03T16:01:21.695844760Z: [    0.690147] ACPI: bus type USB registered
[STDERR  ] 2018-04-03T16:01:21.695853107Z: [    0.694813] usbcore: registered new interface driver usbfs
[STDERR  ] 2018-04-03T16:01:21.695863564Z: [    0.700064] usbcore: registered new interface driver hub
[STDERR  ] 2018-04-03T16:01:21.695871800Z: [    0.706017] usbcore: registered new device driver usb
[STDERR  ] 2018-04-03T16:01:21.695880022Z: [    0.710058] pps_core: LinuxPPS API ver. 1 registered
[STDERR  ] 2018-04-03T16:01:21.695888260Z: [    0.715277] pps_core: Software ver. 5.3.6 - Copyright 2005-2007 Rodolfo Giometti <giometti@linux.it>
[STDERR  ] 2018-04-03T16:01:21.695896804Z: [    0.720033] PTP clock support registered
[STDERR  ] 2018-04-03T16:01:21.695905496Z: [    0.730127] PCI: Using ACPI for IRQ routing
[STDERR  ] 2018-04-03T16:01:21.695913733Z: [    1.166605] NetLabel: Initializing
[STDERR  ] 2018-04-03T16:01:21.695922507Z: [    1.170012] NetLabel:  domain hash size = 128
[STDERR  ] 2018-04-03T16:01:21.695943089Z: [    1.174651] NetLabel:  protocols = UNLABELED CIPSOv4 CALIPSO
[STDERR  ] 2018-04-03T16:01:21.695952347Z: [    1.180050] NetLabel:  unlabeled traffic allowed by default
[STDERR  ] 2018-04-03T16:01:21.695961247Z: [    1.185987] HPET: 3 timers in total, 0 timers will be used for per-cpu timer
[STDERR  ] 2018-04-03T16:01:21.695975787Z: [    1.190145] hpet0: at MMIO 0xfed00000, IRQs 2, 8, 0
[STDERR  ] 2018-04-03T16:01:21.695984990Z: [    1.195087] hpet0: 3 comparators, 64-bit 100.000000 MHz counter
[STDERR  ] 2018-04-03T16:01:21.695998733Z: [    1.202440] clocksource: Switched to clocksource kvm-clock
[STDERR  ] 2018-04-03T16:01:21.696013901Z: [    1.227763] VFS: Disk quotas dquot_6.6.0
[STDERR  ] 2018-04-03T16:01:21.696028259Z: [    1.232308] VFS: Dquot-cache hash table entries: 512 (order 0, 4096 bytes)
[STDERR  ] 2018-04-03T16:01:21.696080624Z: [    1.239660] FS-Cache: Loaded
[STDERR  ] 2018-04-03T16:01:21.696099413Z: [    1.242992] CacheFiles: Loaded
[STDERR  ] 2018-04-03T16:01:21.696113910Z: [    1.246367] pnp: PnP ACPI init
[STDERR  ] 2018-04-03T16:01:21.696130687Z: [    1.251349] pnp: PnP ACPI: found 5 devices
[STDERR  ] 2018-04-03T16:01:21.696143847Z: [    1.262533] clocksource: acpi_pm: mask: 0xffffff max_cycles: 0xffffff, max_idle_ns: 2085701024 ns
[STDERR  ] 2018-04-03T16:01:21.696157160Z: [    1.271658] NET: Registered protocol family 2
[STDERR  ] 2018-04-03T16:01:21.696170604Z: [    1.276376] TCP established hash table entries: 8192 (order: 4, 65536 bytes)
[STDERR  ] 2018-04-03T16:01:21.696186326Z: [    1.283616] TCP bind hash table entries: 8192 (order: 5, 131072 bytes)
[STDERR  ] 2018-04-03T16:01:21.696202061Z: [    1.290950] TCP: Hash tables configured (established 8192 bind 8192)
[STDERR  ] 2018-04-03T16:01:21.696218589Z: [    1.297462] UDP hash table entries: 512 (order: 2, 16384 bytes)
[STDERR  ] 2018-04-03T16:01:21.696235324Z: [    1.303555] UDP-Lite hash table entries: 512 (order: 2, 16384 bytes)
[STDERR  ] 2018-04-03T16:01:21.696249737Z: [    1.310147] NET: Registered protocol family 1
[STDERR  ] 2018-04-03T16:01:21.696268969Z: [    1.314876] pci 0000:00:01.0: Video device with shadowed ROM at [mem 0x000c0000-0x000dffff]
[STDERR  ] 2018-04-03T16:01:21.696282815Z: [    1.323759] Trying to unpack rootfs image as initramfs...
[STDERR  ] 2018-04-03T16:01:21.696297153Z: [    1.850517] Freeing initrd memory: 30748K
[STDERR  ] 2018-04-03T16:01:21.696310241Z: [    1.856029] PCLMULQDQ-NI instructions are not detected.
[STDERR  ] 2018-04-03T16:01:21.696326727Z: [    1.861802] AVX or AES-NI instructions are not detected.
[STDERR  ] 2018-04-03T16:01:21.696340418Z: [    1.867366] CPU feature 'AVX registers' is not supported.
[STDERR  ] 2018-04-03T16:01:21.696353581Z: [    1.873185] CPU feature 'AVX registers' is not supported.
[STDERR  ] 2018-04-03T16:01:21.696367379Z: [    1.878865] CPU feature 'AVX registers' is not supported.
[STDERR  ] 2018-04-03T16:01:21.696380387Z: [    1.884512] CPU feature 'AVX registers' is not supported.
[STDERR  ] 2018-04-03T16:01:21.696394032Z: [    1.890174] AVX2 or AES-NI instructions are not detected.
[STDERR  ] 2018-04-03T16:01:21.696407435Z: [    1.895718] AVX2 instructions are not detected.
[STDERR  ] 2018-04-03T16:01:21.696421850Z: [    1.900738] audit: initializing netlink subsys (disabled)
[STDERR  ] 2018-04-03T16:01:21.696435233Z: [    1.906749] audit: type=2000 audit(1522771269.278:1): state=initialized audit_enabled=0 res=1
[STDERR  ] 2018-04-03T16:01:21.696448436Z: [    1.915611] workingset: timestamp_bits=46 max_order=18 bucket_order=0
[STDERR  ] 2018-04-03T16:01:21.696462686Z: [    1.922744] squashfs: version 4.0 (2009/01/31) Phillip Lougher
[STDERR  ] 2018-04-03T16:01:21.696476276Z: [    1.929954] FS-Cache: Netfs 'cifs' registered for caching
[STDERR  ] 2018-04-03T16:01:21.696497723Z: [    1.935831] fuse init (API version 7.26)
[STDERR  ] 2018-04-03T16:01:21.696511949Z: [    1.940226] SGI XFS with ACLs, security attributes, no debug enabled
[STDERR  ] 2018-04-03T16:01:21.696526456Z: [    1.947052] 9p: Installing v9fs 9p2000 file system support
[STDERR  ] 2018-04-03T16:01:21.696552281Z: [    1.952971] FS-Cache: Netfs '9p' registered for caching
[STDERR  ] 2018-04-03T16:01:21.696567706Z: [    1.959956] NET: Registered protocol family 38
[STDERR  ] 2018-04-03T16:01:21.696582654Z: [    1.964633] Key type asymmetric registered
[STDERR  ] 2018-04-03T16:01:21.696596706Z: [    1.968964] Asymmetric key parser 'x509' registered
[STDERR  ] 2018-04-03T16:01:21.696610609Z: [    1.974126] Block layer SCSI generic (bsg) driver version 0.4 loaded (major 247)
[STDERR  ] 2018-04-03T16:01:21.696625858Z: [    1.981936] io scheduler noop registered
[STDERR  ] 2018-04-03T16:01:21.696640269Z: [    1.986108] io scheduler deadline registered (default)
[STDERR  ] 2018-04-03T16:01:21.696657040Z: [    1.991763] io scheduler cfq registered
[STDERR  ] 2018-04-03T16:01:21.696673810Z: [    1.995833] io scheduler mq-deadline registered
[STDERR  ] 2018-04-03T16:01:21.696687946Z: [    2.000745] io scheduler kyber registered
[STDERR  ] 2018-04-03T16:01:21.696701886Z: [    2.005103] shpchp: Standard Hot Plug PCI Controller Driver version: 0.4
[STDERR  ] 2018-04-03T16:01:21.696716449Z: [    2.012252] hv_vmbus: registering driver hyperv_fb
[STDERR  ] 2018-04-03T16:01:21.696730523Z: [    2.017339] input: Power Button as /devices/LNXSYSTM:00/LNXPWRBN:00/input/input0
[STDERR  ] 2018-04-03T16:01:21.696745838Z: [    2.025082] ACPI: Power Button [PWRF]
[STDERR  ] 2018-04-03T16:01:21.696759972Z: [    2.029825] ACPI: PCI Interrupt Link [GSIG] enabled at IRQ 22
[STDERR  ] 2018-04-03T16:01:21.696773905Z: [    2.042168] ACPI: PCI Interrupt Link [GSIH] enabled at IRQ 23
[STDERR  ] 2018-04-03T16:01:21.696787787Z: [    2.056504] Serial: 8250/16550 driver, 4 ports, IRQ sharing disabled
[STDERR  ] 2018-04-03T16:01:21.696803269Z: [    2.097551] 00:04: ttyS0 at I/O 0x3f8 (irq = 4, base_baud = 115200) is a 16550A
[STDERR  ] 2018-04-03T16:01:21.696818034Z: [    2.106476] Non-volatile memory driver v1.3
[STDERR  ] 2018-04-03T16:01:21.696833605Z: [    2.113198] Hangcheck: starting hangcheck timer 0.9.1 (tick is 180 seconds, margin is 60 seconds).
[STDERR  ] 2018-04-03T16:01:21.696849158Z: [    2.123476] random: crng init done
[STDERR  ] 2018-04-03T16:01:21.696863476Z: [    2.130686] brd: module loaded
[STDERR  ] 2018-04-03T16:01:21.696877336Z: [    2.135766] loop: module loaded
[STDERR  ] 2018-04-03T16:01:21.696891176Z: [    2.144998] lpc_ich 0000:00:1f.0: I/O space for GPIO uninitialized
[STDERR  ] 2018-04-03T16:01:21.696907409Z: [    2.152050] VMware PVSCSI driver - version 1.0.7.0-k
[STDERR  ] 2018-04-03T16:01:21.696923492Z: [    2.157309] hv_vmbus: registering driver hv_storvsc
[STDERR  ] 2018-04-03T16:01:21.696936605Z: [    2.163289] ACPI: PCI Interrupt Link [GSIA] enabled at IRQ 16
[STDERR  ] 2018-04-03T16:01:21.696953933Z: [    2.172746] ahci 0000:00:1f.2: AHCI 0001.0000 32 slots 6 ports 1.5 Gbps 0x3f impl SATA mode
[STDERR  ] 2018-04-03T16:01:21.696968496Z: [    2.181862] ahci 0000:00:1f.2: flags: 64bit ncq only 
[STDERR  ] 2018-04-03T16:01:21.696982245Z: [    2.191216] scsi host0: ahci
[STDERR  ] 2018-04-03T16:01:21.696995919Z: [    2.194581] scsi host1: ahci
[STDERR  ] 2018-04-03T16:01:21.697009207Z: [    2.197892] scsi host2: ahci
[STDERR  ] 2018-04-03T16:01:21.697022733Z: [    2.201231] scsi host3: ahci
[STDERR  ] 2018-04-03T16:01:21.697036085Z: [    2.204513] scsi host4: ahci
[STDERR  ] 2018-04-03T16:01:21.697050000Z: [    2.207876] scsi host5: ahci
[STDERR  ] 2018-04-03T16:01:21.697063356Z: [    2.211183] ata1: SATA max UDMA/133 abar m4096@0xfebd2000 port 0xfebd2100 irq 24
[STDERR  ] 2018-04-03T16:01:21.697077796Z: [    2.219004] ata2: SATA max UDMA/133 abar m4096@0xfebd2000 port 0xfebd2180 irq 24
[STDERR  ] 2018-04-03T16:01:21.697095278Z: [    2.227436] ata3: SATA max UDMA/133 abar m4096@0xfebd2000 port 0xfebd2200 irq 24
[STDERR  ] 2018-04-03T16:01:21.697110609Z: [    2.235507] ata4: SATA max UDMA/133 abar m4096@0xfebd2000 port 0xfebd2280 irq 24
[STDERR  ] 2018-04-03T16:01:21.697126167Z: [    2.243305] ata5: SATA max UDMA/133 abar m4096@0xfebd2000 port 0xfebd2300 irq 24
[STDERR  ] 2018-04-03T16:01:21.697152605Z: [    2.251050] ata6: SATA max UDMA/133 abar m4096@0xfebd2000 port 0xfebd2380 irq 24
[STDERR  ] 2018-04-03T16:01:21.697167987Z: [    2.259240] tun: Universal TUN/TAP device driver, 1.6
[STDERR  ] 2018-04-03T16:01:21.697181565Z: [    2.270900] VMware vmxnet3 virtual NIC driver - version 1.4.a.0-k-NAPI
[STDERR  ] 2018-04-03T16:01:21.697196425Z: [    2.278039] hv_vmbus: registering driver hv_netvsc
[STDERR  ] 2018-04-03T16:01:21.697209939Z: [    2.283021] Fusion MPT base driver 3.04.20
[STDERR  ] 2018-04-03T16:01:21.697226234Z: [    2.287209] Copyright (c) 1999-2008 LSI Corporation
[STDERR  ] 2018-04-03T16:01:21.697239926Z: [    2.291954] Fusion MPT SPI Host driver 3.04.20
[STDERR  ] 2018-04-03T16:01:21.697254036Z: [    2.296308] i8042: PNP: PS/2 Controller [PNP0303:KBD,PNP0f13:MOU] at 0x60,0x64 irq 1,12
[STDERR  ] 2018-04-03T16:01:21.697267816Z: [    2.308601] serio: i8042 KBD port at 0x60,0x64 irq 1
[STDERR  ] 2018-04-03T16:01:21.697282129Z: [    2.313989] serio: i8042 AUX port at 0x60,0x64 irq 12
[STDERR  ] 2018-04-03T16:01:21.697300532Z: [    2.319430] hv_vmbus: registering driver hyperv_keyboard
[STDERR  ] 2018-04-03T16:01:21.697315113Z: [    2.325308] mousedev: PS/2 mouse device common for all mice
[STDERR  ] 2018-04-03T16:01:21.697329283Z: [    2.332615] input: AT Translated Set 2 keyboard as /devices/platform/i8042/serio0/input/input1
[STDERR  ] 2018-04-03T16:01:21.697343993Z: [    2.341751] input: PC Speaker as /devices/platform/pcspkr/input/input2
[STDERR  ] 2018-04-03T16:01:21.697358917Z: [    2.348729] rtc_cmos 00:00: RTC can wake from S4
[STDERR  ] 2018-04-03T16:01:21.697372427Z: [    2.355605] rtc_cmos 00:00: rtc core: registered rtc_cmos as rtc0
[STDERR  ] 2018-04-03T16:01:21.697385552Z: [    2.362620] rtc_cmos 00:00: alarms up to one day, y3k, 114 bytes nvram, hpet irqs
[STDERR  ] 2018-04-03T16:01:21.697399772Z: [    2.370252] i2c /dev entries driver
[STDERR  ] 2018-04-03T16:01:21.697413671Z: [    2.373982] device-mapper: ioctl: 4.37.0-ioctl (2017-09-20) initialised: dm-devel@redhat.com
[STDERR  ] 2018-04-03T16:01:21.697423698Z: [    2.383874] usbcore: registered new interface driver usbhid
[STDERR  ] 2018-04-03T16:01:21.697437607Z: [    2.389891] usbhid: USB HID core driver
[STDERR  ] 2018-04-03T16:01:21.697446590Z: [    2.394266] hv_utils: Registering HyperV Utility Driver
[STDERR  ] 2018-04-03T16:01:21.697458042Z: [    2.399892] hv_vmbus: registering driver hv_util
[STDERR  ] 2018-04-03T16:01:21.697466884Z: [    2.404925] hv_vmbus: registering driver hv_balloon
[STDERR  ] 2018-04-03T16:01:21.697475545Z: [    2.410240] oprofile: using NMI interrupt.
[STDERR  ] 2018-04-03T16:01:21.697483972Z: [    2.414650] GACT probability on
[STDERR  ] 2018-04-03T16:01:21.697501322Z: [    2.418020] Mirror/redirect action on
[STDERR  ] 2018-04-03T16:01:21.697510032Z: [    2.422070] Simple TC action Loaded
[STDERR  ] 2018-04-03T16:01:21.697518510Z: [    2.425679] u32 classifier
[STDERR  ] 2018-04-03T16:01:21.697527078Z: [    2.428475]     Performance counters on
[STDERR  ] 2018-04-03T16:01:21.697535607Z: [    2.432520]     input device check on
[STDERR  ] 2018-04-03T16:01:21.697543931Z: [    2.436210]     Actions configured
[STDERR  ] 2018-04-03T16:01:21.697552351Z: [    2.439737] Netfilter messages via NETLINK v0.30.
[STDERR  ] 2018-04-03T16:01:21.697560802Z: [    2.444658] nfnl_acct: registering with nfnetlink.
[STDERR  ] 2018-04-03T16:01:21.697572350Z: [    2.449584] nf_conntrack version 0.5.0 (8192 buckets, 32768 max)
[STDERR  ] 2018-04-03T16:01:21.697586830Z: [    2.455839] ctnetlink v0.93: registering with nfnetlink.
[STDERR  ] 2018-04-03T16:01:21.697601612Z: [    2.461736] nf_tables: (c) 2007-2009 Patrick McHardy <kaber@trash.net>
[STDERR  ] 2018-04-03T16:01:21.697619025Z: [    2.468407] nf_tables_compat: (c) 2012 Pablo Neira Ayuso <pablo@netfilter.org>
[STDERR  ] 2018-04-03T16:01:21.697629319Z: [    2.475811] xt_time: kernel timezone is -0000
[STDERR  ] 2018-04-03T16:01:21.697638101Z: [    2.480642] ip_set: protocol 6
[STDERR  ] 2018-04-03T16:01:21.697652922Z: [    2.483841] IPVS: Registered protocols (TCP, UDP, SCTP, AH, ESP)
[STDERR  ] 2018-04-03T16:01:21.697669119Z: [    2.490582] IPVS: Connection hash table configured (size=4096, memory=64Kbytes)
[STDERR  ] 2018-04-03T16:01:21.697682135Z: [    2.499149] IPVS: ipvs loaded.
[STDERR  ] 2018-04-03T16:01:21.697693203Z: [    2.502509] IPVS: [rr] scheduler registered.
[STDERR  ] 2018-04-03T16:01:21.697709592Z: [    2.507129] IPVS: [wrr] scheduler registered.
[STDERR  ] 2018-04-03T16:01:21.697718361Z: [    2.511778] IPVS: [lc] scheduler registered.
[STDERR  ] 2018-04-03T16:01:21.697726888Z: [    2.516460] IPVS: [wlc] scheduler registered.
[STDERR  ] 2018-04-03T16:01:21.697735284Z: [    2.520994] IPVS: [fo] scheduler registered.
[STDERR  ] 2018-04-03T16:01:21.697743879Z: [    2.525603] IPVS: [ovf] scheduler registered.
[STDERR  ] 2018-04-03T16:01:21.697752044Z: [    2.530189] IPVS: [lblc] scheduler registered.
[STDERR  ] 2018-04-03T16:01:21.697760507Z: [    2.535012] IPVS: [lblcr] scheduler registered.
[STDERR  ] 2018-04-03T16:01:21.697772677Z: [    2.539718] IPVS: [dh] scheduler registered.
[STDERR  ] 2018-04-03T16:01:21.697781298Z: [    2.544379] IPVS: [sh] scheduler registered.
[STDERR  ] 2018-04-03T16:01:21.697789787Z: [    2.548706] IPVS: [sed] scheduler registered.
[STDERR  ] 2018-04-03T16:01:21.697798357Z: [    2.553521] IPVS: [nq] scheduler registered.
[STDERR  ] 2018-04-03T16:01:21.697806885Z: [    2.557844] IPVS: ftp: loaded support on port[0] = 21
[STDERR  ] 2018-04-03T16:01:21.697843019Z: [    2.563364] ipip: IPv4 and MPLS over IPv4 tunneling driver
[STDERR  ] 2018-04-03T16:01:21.697857950Z: [    2.569295] gre: GRE over IPv4 demultiplexor driver
[STDERR  ] 2018-04-03T16:01:21.697868512Z: [    2.574572] ip_tables: (C) 2000-2006 Netfilter Core Team
[STDERR  ] 2018-04-03T16:01:21.697878592Z: [    2.580336] ipt_CLUSTERIP: ClusterIP Version 0.8 loaded successfully
[STDERR  ] 2018-04-03T16:01:21.697888992Z: [    2.587036] arp_tables: arp_tables: (C) 2002 David S. Miller
[STDERR  ] 2018-04-03T16:01:21.697897737Z: [    2.593400] ata4: SATA link down (SStatus 0 SControl 300)
[STDERR  ] 2018-04-03T16:01:21.697906014Z: [    2.599647] ata3: SATA link up 1.5 Gbps (SStatus 113 SControl 300)
[STDERR  ] 2018-04-03T16:01:21.697914864Z: [    2.606944] ata2: SATA link down (SStatus 0 SControl 300)
[STDERR  ] 2018-04-03T16:01:21.697923325Z: [    2.613183] ata1: SATA link down (SStatus 0 SControl 300)
[STDERR  ] 2018-04-03T16:01:21.697932547Z: [    2.619382] ata6: SATA link down (SStatus 0 SControl 300)
[STDERR  ] 2018-04-03T16:01:21.697942743Z: [    2.625713] ata5: SATA link down (SStatus 0 SControl 300)
[STDERR  ] 2018-04-03T16:01:21.697950901Z: [    2.631567] NET: Registered protocol family 10
[STDERR  ] 2018-04-03T16:01:21.697961765Z: [    2.636255] ata3.00: ATAPI: QEMU DVD-ROM, 2.5+, max UDMA/100
[STDERR  ] 2018-04-03T16:01:21.697970438Z: [    2.642109] ata3.00: applying bridge limits
[STDERR  ] 2018-04-03T16:01:21.697978583Z: [    2.646987] Segment Routing with IPv6
[STDERR  ] 2018-04-03T16:01:21.697986783Z: [    2.650908] ip6_tables: (C) 2000-2006 Netfilter Core Team
[STDERR  ] 2018-04-03T16:01:21.698001495Z: [    2.656608] NET: Registered protocol family 17
[STDERR  ] 2018-04-03T16:01:21.698021600Z: [    2.661654] ata3.00: configured for UDMA/100
[STDERR  ] 2018-04-03T16:01:21.698031495Z: [    2.667379] scsi 2:0:0:0: CD-ROM            QEMU     QEMU DVD-ROM     2.5+ PQ: 0 ANSI: 5
[STDERR  ] 2018-04-03T16:01:21.698040387Z: [    2.676324] Bridge firewalling registered
[STDERR  ] 2018-04-03T16:01:21.698048697Z: [    2.682003] Ebtables v2.0 registered
[STDERR  ] 2018-04-03T16:01:21.698056923Z: [    2.686110] 8021q: 802.1Q VLAN Support v1.8
[STDERR  ] 2018-04-03T16:01:21.698067554Z: [    2.690718] 9pnet: Installing 9P2000 support
[STDERR  ] 2018-04-03T16:01:21.698075835Z: [    2.695154] Key type dns_resolver registered
[STDERR  ] 2018-04-03T16:01:21.698084057Z: [    2.699774] registered taskstats version 1
[STDERR  ] 2018-04-03T16:01:21.698092310Z: [    2.710718] Key type big_key registered
[STDERR  ] 2018-04-03T16:01:21.698100578Z: [    2.717855] Key type trusted registered
[STDERR  ] 2018-04-03T16:01:21.698117438Z: [    2.722777] sr 2:0:0:0: [sr0] scsi3-mmc drive: 4x/4x cd/rw xa/form2 tray
[STDERR  ] 2018-04-03T16:01:21.698126898Z: [    2.730174] cdrom: Uniform CD-ROM driver Revision: 3.20
[STDERR  ] 2018-04-03T16:01:21.698138110Z: [    2.739113] sr 2:0:0:0: Attached scsi generic sg0 type 5
[STDERR  ] 2018-04-03T16:01:21.698149924Z: [    2.745344] Key type encrypted registered
[STDERR  ] 2018-04-03T16:01:21.698158075Z: [    2.749754] ima: No TPM chip found, activating TPM-bypass! (rc=-19)
[STDERR  ] 2018-04-03T16:01:21.698167072Z: [    2.757065] evm: HMAC attrs: 0x1
[STDERR  ] 2018-04-03T16:01:21.698177945Z: [    2.762561] rtc_cmos 00:00: setting system clock to 2018-04-03 16:01:10 UTC (1522771270)
[STDERR  ] 2018-04-03T16:01:21.698188907Z: [    2.775271] Freeing unused kernel memory: 1508K
[STDERR  ] 2018-04-03T16:01:21.698199452Z: [    2.780531] Write protecting the kernel read-only data: 18432k
[STDERR  ] 2018-04-03T16:01:21.698208298Z: [    2.787792] Freeing unused kernel memory: 2024K
[STDERR  ] 2018-04-03T16:01:21.698216649Z: [    2.796067] Freeing unused kernel memory: 1108K
[STDERR  ] 2018-04-03T16:01:21.698224883Z: 
[STDERR  ] 2018-04-03T16:01:21.698233455Z: Welcome to LinuxKit
[STDERR  ] 2018-04-03T16:01:21.698242295Z: 
[STDERR  ] 2018-04-03T16:01:21.698250910Z:                         ##         .
[STDERR  ] 2018-04-03T16:01:21.698259115Z:                   ## ## ##        ==
[STDERR  ] 2018-04-03T16:01:21.698267369Z:                ## ## ## ## ##    ===
[STDERR  ] 2018-04-03T16:01:21.698275412Z:            /"""""""""""""""""\___/ ===
[STDERR  ] 2018-04-03T16:01:21.698283514Z:           {                       /  ===-
[STDERR  ] 2018-04-03T16:01:21.698291861Z:            \______ O           __/
[STDERR  ] 2018-04-03T16:01:21.698299925Z:              \    \         __/
[STDERR  ] 2018-04-03T16:01:21.698308258Z:               \____\_______/
[STDERR  ] 2018-04-03T16:01:21.698317087Z: 
[STDERR  ] 2018-04-03T16:01:21.698328183Z: [    3.146449] IPVS: ftp: loaded support on port[0] = 21
[STDERR  ] 2018-04-03T16:01:21.698336485Z: binfmt test suite PASSED
[STDERR  ] 2018-04-03T16:01:21.698344689Z: [   13.277784] ACPI: Preparing to enter system sleep state S5
[STDERR  ] 2018-04-03T16:01:21.698353001Z: [   13.287872] reboot: Power down
[STDERR  ] 2018-04-03T16:01:21.698361212Z: + echo [    0.000000] Linux version 4.14.32-linuxkit (root@d8cf80697563) (gcc version 6.4.0 (Alpine 6.4.0)) #1 SMP Sun Apr 1 17:10:10 UTC 2018
[STDERR  ] 2018-04-03T16:01:21.698370865Z: [    0.000000] Command line: console=ttyS0 console=ttyAMA0
[STDERR  ] 2018-04-03T16:01:21.698379552Z: [    0.000000] x86/fpu: x87 FPU will use FXSAVE
[STDERR  ] 2018-04-03T16:01:21.698387929Z: [    0.000000] e820: BIOS-provided physical RAM map:
[STDERR  ] 2018-04-03T16:01:21.698396287Z: [    0.000000] BIOS-e820: [mem 0x0000000000000000-0x000000000009fbff] usable
[STDERR  ] 2018-04-03T16:01:21.698407805Z: [    0.000000] BIOS-e820: [mem 0x000000000009fc00-0x000000000009ffff] reserved
[STDERR  ] 2018-04-03T16:01:21.698416678Z: [    0.000000] BIOS-e820: [mem 0x00000000000f0000-0x00000000000fffff] reserved
[STDERR  ] 2018-04-03T16:01:21.698424852Z: [    0.000000] BIOS-e820: [mem 0x0000000000100000-0x000000003ffdefff] usable
[STDERR  ] 2018-04-03T16:01:21.698433250Z: [    0.000000] BIOS-e820: [mem 0x000000003ffdf000-0x000000003fffffff] reserved
[STDERR  ] 2018-04-03T16:01:21.698441496Z: [    0.000000] BIOS-e820: [mem 0x00000000b0000000-0x00000000bfffffff] reserved
[STDERR  ] 2018-04-03T16:01:21.698449920Z: [    0.000000] BIOS-e820: [mem 0x00000000fed1c000-0x00000000fed1ffff] reserved
[STDERR  ] 2018-04-03T16:01:21.698459638Z: [    0.000000] BIOS-e820: [mem 0x00000000feffc000-0x00000000feffffff] reserved
[STDERR  ] 2018-04-03T16:01:21.698468230Z: [    0.000000] BIOS-e820: [mem 0x00000000fffc0000-0x00000000ffffffff] reserved
[STDERR  ] 2018-04-03T16:01:21.698476805Z: [    0.000000] NX (Execute Disable) protection: active
[STDERR  ] 2018-04-03T16:01:21.698484970Z: [    0.000000] random: fast init done
[STDERR  ] 2018-04-03T16:01:21.698507956Z: [    0.000000] SMBIOS 2.8 present.
[STDERR  ] 2018-04-03T16:01:21.698516801Z: [    0.000000] DMI: QEMU Standard PC (Q35 + ICH9, 2009), BIOS rel-1.10.2-0-g5f4c7b1-prebuilt.qemu-project.org 04/01/2014
[STDERR  ] 2018-04-03T16:01:21.698526232Z: [    0.000000] Hypervisor detected: KVM
[STDERR  ] 2018-04-03T16:01:21.698534800Z: [    0.000000] tsc: Fast TSC calibration failed
[STDERR  ] 2018-04-03T16:01:21.698543032Z: [    0.000000] tsc: Unable to calibrate against PIT
[STDERR  ] 2018-04-03T16:01:21.698554040Z: [    0.000000] tsc: No reference (HPET/PMTIMER) available
[STDERR  ] 2018-04-03T16:01:21.698562783Z: [    0.000000] e820: last_pfn = 0x3ffdf max_arch_pfn = 0x400000000
[STDERR  ] 2018-04-03T16:01:21.698571427Z: [    0.000000] x86/PAT: PAT not supported by CPU.
[STDERR  ] 2018-04-03T16:01:21.698579718Z: [    0.000000] x86/PAT: Configuration [0-7]: WB  WT  UC- UC  WB  WT  UC- UC  
[STDERR  ] 2018-04-03T16:01:21.698588261Z: [    0.000000] found SMP MP-table at [mem 0x000f6aa0-0x000f6aaf] mapped at [ffffffffff200aa0]
[STDERR  ] 2018-04-03T16:01:21.698596963Z: [    0.000000] RAMDISK: [mem 0x3e1c9000-0x3ffcffff]
[STDERR  ] 2018-04-03T16:01:21.698605247Z: [    0.000000] ACPI: Early table checksum verification disabled
[STDERR  ] 2018-04-03T16:01:21.698613901Z: [    0.000000] ACPI: RSDP 0x00000000000F68B0 000014 (v00 BOCHS )
[STDERR  ] 2018-04-03T16:01:21.698622170Z: [    0.000000] ACPI: RSDT 0x000000003FFE20A8 000034 (v01 BOCHS  BXPCRSDT 00000001 BXPC 00000001)
[STDERR  ] 2018-04-03T16:01:21.698630469Z: [    0.000000] ACPI: FACP 0x000000003FFE1EC8 0000F4 (v03 BOCHS  BXPCFACP 00000001 BXPC 00000001)
[STDERR  ] 2018-04-03T16:01:21.698638847Z: [    0.000000] ACPI: DSDT 0x000000003FFE0040 001E88 (v01 BOCHS  BXPCDSDT 00000001 BXPC 00000001)
[STDERR  ] 2018-04-03T16:01:21.698647033Z: [    0.000000] ACPI: FACS 0x000000003FFE0000 000040
[STDERR  ] 2018-04-03T16:01:21.698655652Z: [    0.000000] ACPI: APIC 0x000000003FFE1FBC 000078 (v01 BOCHS  BXPCAPIC 00000001 BXPC 00000001)
[STDERR  ] 2018-04-03T16:01:21.698666093Z: [    0.000000] ACPI: HPET 0x000000003FFE2034 000038 (v01 BOCHS  BXPCHPET 00000001 BXPC 00000001)
[STDERR  ] 2018-04-03T16:01:21.698674843Z: [    0.000000] ACPI: MCFG 0x000000003FFE206C 00003C (v01 BOCHS  BXPCMCFG 00000001 BXPC 00000001)
[STDERR  ] 2018-04-03T16:01:21.698683309Z: [    0.000000] kvm-clock: Using msrs 4b564d01 and 4b564d00
[STDERR  ] 2018-04-03T16:01:21.698691590Z: [    0.000000] kvm-clock: cpu 0, msr 0:3ffdd001, primary cpu clock
[STDERR  ] 2018-04-03T16:01:21.698700001Z: [    0.000000] clocksource: kvm-clock: mask: 0xffffffffffffffff max_cycles: 0x1cd42e4dffb, max_idle_ns: 881590591483 ns
[STDERR  ] 2018-04-03T16:01:21.698708860Z: [    0.000000] Zone ranges:
[STDERR  ] 2018-04-03T16:01:21.698717147Z: [    0.000000]   DMA      [mem 0x0000000000001000-0x0000000000ffffff]
[STDERR  ] 2018-04-03T16:01:21.698726189Z: [    0.000000]   DMA32    [mem 0x0000000001000000-0x000000003ffdefff]
[STDERR  ] 2018-04-03T16:01:21.698734538Z: [    0.000000]   Normal   empty
[STDERR  ] 2018-04-03T16:01:21.698745603Z: [    0.000000]   Device   empty
[STDERR  ] 2018-04-03T16:01:21.698753929Z: [    0.000000] Movable zone start for each node
[STDERR  ] 2018-04-03T16:01:21.698762359Z: [    0.000000] Early memory node ranges
[STDERR  ] 2018-04-03T16:01:21.698770411Z: [    0.000000]   node   0: [mem 0x0000000000001000-0x000000000009efff]
[STDERR  ] 2018-04-03T16:01:21.698780769Z: [    0.000000]   node   0: [mem 0x0000000000100000-0x000000003ffdefff]
[STDERR  ] 2018-04-03T16:01:21.698789953Z: [    0.000000] Initmem setup node 0 [mem 0x0000000000001000-0x000000003ffdefff]
[STDERR  ] 2018-04-03T16:01:21.698799293Z: [    0.000000] ACPI: PM-Timer IO Port: 0x608
[STDERR  ] 2018-04-03T16:01:21.698807573Z: [    0.000000] ACPI: LAPIC_NMI (acpi_id[0xff] dfl dfl lint[0x1])
[STDERR  ] 2018-04-03T16:01:21.698817902Z: [    0.000000] IOAPIC[0]: apic_id 0, version 17, address 0xfec00000, GSI 0-23
[STDERR  ] 2018-04-03T16:01:21.698827093Z: [    0.000000] ACPI: INT_SRC_OVR (bus 0 bus_irq 0 global_irq 2 dfl dfl)
[STDERR  ] 2018-04-03T16:01:21.698842042Z: [    0.000000] ACPI: INT_SRC_OVR (bus 0 bus_irq 5 global_irq 5 high level)
[STDERR  ] 2018-04-03T16:01:21.698851504Z: [    0.000000] ACPI: INT_SRC_OVR (bus 0 bus_irq 9 global_irq 9 high level)
[STDERR  ] 2018-04-03T16:01:21.698859724Z: [    0.000000] ACPI: INT_SRC_OVR (bus 0 bus_irq 10 global_irq 10 high level)
[STDERR  ] 2018-04-03T16:01:21.698868484Z: [    0.000000] ACPI: INT_SRC_OVR (bus 0 bus_irq 11 global_irq 11 high level)
[STDERR  ] 2018-04-03T16:01:21.698877408Z: [    0.000000] Using ACPI (MADT) for SMP configuration information
[STDERR  ] 2018-04-03T16:01:21.698885613Z: [    0.000000] ACPI: HPET id: 0x8086a201 base: 0xfed00000
[STDERR  ] 2018-04-03T16:01:21.698893977Z: [    0.000000] smpboot: Allowing 1 CPUs, 0 hotplug CPUs
[STDERR  ] 2018-04-03T16:01:21.698902277Z: [    0.000000] e820: [mem 0x40000000-0xafffffff] available for PCI devices
[STDERR  ] 2018-04-03T16:01:21.698913106Z: [    0.000000] Booting paravirtualized kernel on KVM
[STDERR  ] 2018-04-03T16:01:21.698921466Z: [    0.000000] clocksource: refined-jiffies: mask: 0xffffffff max_cycles: 0xffffffff, max_idle_ns: 19112604462750000 ns
[STDERR  ] 2018-04-03T16:01:21.698932257Z: [    0.000000] setup_percpu: NR_CPUS:128 nr_cpumask_bits:128 nr_cpu_ids:1 nr_node_ids:1
[STDERR  ] 2018-04-03T16:01:21.698940668Z: [    0.000000] percpu: Embedded 44 pages/cpu @ffff8e253de00000 s143256 r8192 d28776 u2097152
[STDERR  ] 2018-04-03T16:01:21.698951028Z: [    0.000000] KVM setup async PF for cpu 0
[STDERR  ] 2018-04-03T16:01:21.698959426Z: [    0.000000] kvm-stealtime: cpu 0, msr 3de15f40
[STDERR  ] 2018-04-03T16:01:21.698967701Z: [    0.000000] Built 1 zonelists, mobility grouping on.  Total pages: 257896
[STDERR  ] 2018-04-03T16:01:21.698976092Z: [    0.000000] Kernel command line: console=ttyS0 console=ttyAMA0
[STDERR  ] 2018-04-03T16:01:21.698985113Z: [    0.000000] PID hash table entries: 4096 (order: 3, 32768 bytes)
[STDERR  ] 2018-04-03T16:01:21.698996626Z: [    0.000000] Dentry cache hash table entries: 131072 (order: 8, 1048576 bytes)
[STDERR  ] 2018-04-03T16:01:21.699005657Z: [    0.000000] Inode-cache hash table entries: 65536 (order: 7, 524288 bytes)
[STDERR  ] 2018-04-03T16:01:21.699015051Z: [    0.000000] Memory: 974052K/1048052K available (12300K kernel code, 1458K rwdata, 2988K rodata, 1508K init, 632K bss, 74000K reserved, 0K cma-reserved)
[STDERR  ] 2018-04-03T16:01:21.699025812Z: [    0.000000] Kernel/User page tables isolation: enabled
[STDERR  ] 2018-04-03T16:01:21.699038231Z: [    0.000000] ftrace: allocating 40957 entries in 160 pages
[STDERR  ] 2018-04-03T16:01:21.699051152Z: [    0.010000] Hierarchical RCU implementation.
[STDERR  ] 2018-04-03T16:01:21.699064258Z: [    0.010000] 	RCU restricting CPUs from NR_CPUS=128 to nr_cpu_ids=1.
[STDERR  ] 2018-04-03T16:01:21.699081032Z: [    0.010000] RCU: Adjusting geometry for rcu_fanout_leaf=16, nr_cpu_ids=1
[STDERR  ] 2018-04-03T16:01:21.699095382Z: [    0.010000] NR_IRQS: 8448, nr_irqs: 256, preallocated irqs: 16
[STDERR  ] 2018-04-03T16:01:21.699112422Z: [    0.010000] Console: colour VGA+ 80x25
[STDERR  ] 2018-04-03T16:01:21.699125586Z: [    0.010000] console [ttyS0] enabled
[STDERR  ] 2018-04-03T16:01:21.699138838Z: [    0.010000] clocksource: hpet: mask: 0xffffffff max_cycles: 0xffffffff, max_idle_ns: 19112604467 ns
[STDERR  ] 2018-04-03T16:01:21.699148664Z: [    0.010036] tsc: Detected 2299.996 MHz processor
[STDERR  ] 2018-04-03T16:01:21.699157087Z: [    0.014674] Calibrating delay loop (skipped) preset value.. 4599.99 BogoMIPS (lpj=22999960)
[STDERR  ] 2018-04-03T16:01:21.699165671Z: [    0.020037] pid_max: default: 32768 minimum: 301
[STDERR  ] 2018-04-03T16:01:21.699174030Z: [    0.024724] ACPI: Core revision 20170728
[STDERR  ] 2018-04-03T16:01:21.699182371Z: [    0.030683] ACPI: 1 ACPI AML tables successfully acquired and loaded
[STDERR  ] 2018-04-03T16:01:21.699191728Z: [    0.037152] Security Framework initialized
[STDERR  ] 2018-04-03T16:01:21.699200379Z: [    0.040037] Yama: becoming mindful.
[STDERR  ] 2018-04-03T16:01:21.699210264Z: [    0.044014] Mount-cache hash table entries: 2048 (order: 2, 16384 bytes)
[STDERR  ] 2018-04-03T16:01:21.699227442Z: [    0.050044] Mountpoint-cache hash table entries: 2048 (order: 2, 16384 bytes)
[STDERR  ] 2018-04-03T16:01:21.699236721Z: [    0.060930] CPU: Physical Processor ID: 0
[STDERR  ] 2018-04-03T16:01:21.699245331Z: [    0.070065] Last level iTLB entries: 4KB 0, 2MB 0, 4MB 0
[STDERR  ] 2018-04-03T16:01:21.699253552Z: [    0.080036] Last level dTLB entries: 4KB 0, 2MB 0, 4MB 0, 1GB 0
[STDERR  ] 2018-04-03T16:01:21.699262030Z: [    0.086769] Spectre V2 : Vulnerable: Minimal generic ASM retpoline
[STDERR  ] 2018-04-03T16:01:21.699271119Z: [    0.094577] Freeing SMP alternatives memory: 20K
[STDERR  ] 2018-04-03T16:01:21.699279582Z: [    0.100543] smpboot: Max logical packages: 1
[STDERR  ] 2018-04-03T16:01:21.699287930Z: [    0.112015] x2apic enabled
[STDERR  ] 2018-04-03T16:01:21.699296159Z: [    0.117050] Switched APIC routing to physical x2apic.
[STDERR  ] 2018-04-03T16:01:21.699304418Z: [    0.131835] ..TIMER: vector=0x30 apic1=0 pin1=2 apic2=-1 pin2=-1
[STDERR  ] 2018-04-03T16:01:21.699315682Z: [    0.140000] smpboot: CPU0: Intel QEMU Virtual CPU version 2.5+ (family: 0x6, model: 0x6, stepping: 0x3)
[STDERR  ] 2018-04-03T16:01:21.699324602Z: [    0.140144] Performance Events: PMU not available due to virtualization, using software events only.
[STDERR  ] 2018-04-03T16:01:21.699333204Z: [    0.150392] Hierarchical SRCU implementation.
[STDERR  ] 2018-04-03T16:01:21.699341501Z: [    0.160182] NMI watchdog: Perf event create on CPU 0 failed with -2
[STDERR  ] 2018-04-03T16:01:21.699350533Z: [    0.170010] NMI watchdog: Perf NMI watchdog permanently disabled
[STDERR  ] 2018-04-03T16:01:21.699359087Z: [    0.176592] smp: Bringing up secondary CPUs ...
[STDERR  ] 2018-04-03T16:01:21.699367645Z: [    0.180012] smp: Brought up 1 node, 1 CPU
[STDERR  ] 2018-04-03T16:01:21.699376004Z: [    0.184068] smpboot: Total of 1 processors activated (4599.99 BogoMIPS)
[STDERR  ] 2018-04-03T16:01:21.699384488Z: [    0.192092] devtmpfs: initialized
[STDERR  ] 2018-04-03T16:01:21.699392688Z: [    0.195635] x86/mm: Memory block size: 128MB
[STDERR  ] 2018-04-03T16:01:21.699400932Z: [    0.200268] evm: security.ima
[STDERR  ] 2018-04-03T16:01:21.699409407Z: [    0.203315] evm: security.capability
[STDERR  ] 2018-04-03T16:01:21.699417578Z: [    0.207141] clocksource: jiffies: mask: 0xffffffff max_cycles: 0xffffffff, max_idle_ns: 19112604462750000 ns
[STDERR  ] 2018-04-03T16:01:21.699428362Z: [    0.210021] futex hash table entries: 256 (order: 2, 16384 bytes)
[STDERR  ] 2018-04-03T16:01:21.699436644Z: [    0.220262] NET: Registered protocol family 16
[STDERR  ] 2018-04-03T16:01:21.699445011Z: [    0.230218] cpuidle: using governor ladder
[STDERR  ] 2018-04-03T16:01:21.699455257Z: [    0.234358] cpuidle: using governor menu
[STDERR  ] 2018-04-03T16:01:21.699463621Z: [    0.238444] ACPI: bus type PCI registered
[STDERR  ] 2018-04-03T16:01:21.699471825Z: [    0.240494] PCI: MMCONFIG for domain 0000 [bus 00-ff] at [mem 0xb0000000-0xbfffffff] (base 0xb0000000)
[STDERR  ] 2018-04-03T16:01:21.699480254Z: [    0.250016] PCI: MMCONFIG at [mem 0xb0000000-0xbfffffff] reserved in E820
[STDERR  ] 2018-04-03T16:01:21.699495378Z: [    0.260032] PCI: Using configuration type 1 for base access
[STDERR  ] 2018-04-03T16:01:21.699504701Z: [    0.267244] HugeTLB registered 2.00 MiB page size, pre-allocated 0 pages
[STDERR  ] 2018-04-03T16:01:21.699514085Z: [    0.270350] ACPI: Added _OSI(Module Device)
[STDERR  ] 2018-04-03T16:01:21.699522562Z: [    0.274680] ACPI: Added _OSI(Processor Device)
[STDERR  ] 2018-04-03T16:01:21.699533450Z: [    0.280019] ACPI: Added _OSI(3.0 _SCP Extensions)
[STDERR  ] 2018-04-03T16:01:21.699542108Z: [    0.284762] ACPI: Added _OSI(Processor Aggregator Device)
[STDERR  ] 2018-04-03T16:01:21.699551017Z: [    0.295112] ACPI: Interpreter enabled
[STDERR  ] 2018-04-03T16:01:21.699559395Z: [    0.300060] ACPI: (supports S0 S5)
[STDERR  ] 2018-04-03T16:01:21.699567605Z: [    0.303562] ACPI: Using IOAPIC for interrupt routing
[STDERR  ] 2018-04-03T16:01:21.699579417Z: [    0.310080] PCI: Using host bridge windows from ACPI; if necessary, use "pci=nocrs" and report a bug
[STDERR  ] 2018-04-03T16:01:21.699592937Z: [    0.320271] ACPI: Enabled 1 GPEs in block 00 to 3F
[STDERR  ] 2018-04-03T16:01:21.699601601Z: [    0.330786] ACPI: PCI Root Bridge [PCI0] (domain 0000 [bus 00-ff])
[STDERR  ] 2018-04-03T16:01:21.699611195Z: [    0.337581] acpi PNP0A08:00: _OSC: OS supports [ExtendedConfig ASPM ClockPM Segments MSI]
[STDERR  ] 2018-04-03T16:01:21.699619697Z: [    0.340192] acpi PNP0A08:00: _OSC: OS now controls [PCIeHotplug PME PCIeCapability]
[STDERR  ] 2018-04-03T16:01:21.699628431Z: [    0.350102] PCI host bridge to bus 0000:00
[STDERR  ] 2018-04-03T16:01:21.699636683Z: [    0.354261] pci_bus 0000:00: root bus resource [io  0x0000-0x0cf7 window]
[STDERR  ] 2018-04-03T16:01:21.699645414Z: [    0.360017] pci_bus 0000:00: root bus resource [io  0x0d00-0xffff window]
[STDERR  ] 2018-04-03T16:01:21.699653494Z: [    0.370016] pci_bus 0000:00: root bus resource [mem 0x000a0000-0x000bffff window]
[STDERR  ] 2018-04-03T16:01:21.699661758Z: [    0.380016] pci_bus 0000:00: root bus resource [mem 0xc0000000-0xfebfffff window]
[STDERR  ] 2018-04-03T16:01:21.699669967Z: [    0.387837] pci_bus 0000:00: root bus resource [bus 00-ff]
[STDERR  ] 2018-04-03T16:01:21.699680408Z: [    0.522519] pci 0000:00:1f.0: quirk: [io  0x0600-0x067f] claimed by ICH6 ACPI/GPIO/TCO
[STDERR  ] 2018-04-03T16:01:21.699689297Z: [    0.589723] ACPI: PCI Interrupt Link [LNKA] (IRQs 5 *10 11)
[STDERR  ] 2018-04-03T16:01:21.699697378Z: [    0.590447] ACPI: PCI Interrupt Link [LNKB] (IRQs 5 *10 11)
[STDERR  ] 2018-04-03T16:01:21.699705612Z: [    0.600391] ACPI: PCI Interrupt Link [LNKC] (IRQs 5 10 *11)
[STDERR  ] 2018-04-03T16:01:21.699714311Z: [    0.610203] ACPI: PCI Interrupt Link [LNKD] (IRQs 5 10 *11)
[STDERR  ] 2018-04-03T16:01:21.699724883Z: [    0.616649] ACPI: PCI Interrupt Link [LNKE] (IRQs 5 *10 11)
[STDERR  ] 2018-04-03T16:01:21.699733332Z: [    0.620358] ACPI: PCI Interrupt Link [LNKF] (IRQs 5 *10 11)
[STDERR  ] 2018-04-03T16:01:21.699741557Z: [    0.626740] ACPI: PCI Interrupt Link [LNKG] (IRQs 5 10 *11)
[STDERR  ] 2018-04-03T16:01:21.699749857Z: [    0.630331] ACPI: PCI Interrupt Link [LNKH] (IRQs 5 10 *11)
[STDERR  ] 2018-04-03T16:01:21.699758043Z: [    0.640192] ACPI: PCI Interrupt Link [GSIA] (IRQs *16)
[STDERR  ] 2018-04-03T16:01:21.699766372Z: [    0.645666] ACPI: PCI Interrupt Link [GSIB] (IRQs *17)
[STDERR  ] 2018-04-03T16:01:21.699774625Z: [    0.650045] ACPI: PCI Interrupt Link [GSIC] (IRQs *18)
[STDERR  ] 2018-04-03T16:01:21.699784878Z: [    0.655521] ACPI: PCI Interrupt Link [GSID] (IRQs *19)
[STDERR  ] 2018-04-03T16:01:21.699793441Z: [    0.660049] ACPI: PCI Interrupt Link [GSIE] (IRQs *20)
[STDERR  ] 2018-04-03T16:01:21.699801524Z: [    0.670046] ACPI: PCI Interrupt Link [GSIF] (IRQs *21)
[STDERR  ] 2018-04-03T16:01:21.699809738Z: [    0.675679] ACPI: PCI Interrupt Link [GSIG] (IRQs *22)
[STDERR  ] 2018-04-03T16:01:21.699817918Z: [    0.680050] ACPI: PCI Interrupt Link [GSIH] (IRQs *23)
[STDERR  ] 2018-04-03T16:01:21.699827937Z: [    0.686125] SCSI subsystem initialized
[STDERR  ] 2018-04-03T16:01:21.699836415Z: [    0.690147] ACPI: bus type USB registered
[STDERR  ] 2018-04-03T16:01:21.699846115Z: [    0.694813] usbcore: registered new interface driver usbfs
[STDERR  ] 2018-04-03T16:01:21.699859432Z: [    0.700064] usbcore: registered new interface driver hub
[STDERR  ] 2018-04-03T16:01:21.699872041Z: [    0.706017] usbcore: registered new device driver usb
[STDERR  ] 2018-04-03T16:01:21.699884987Z: [    0.710058] pps_core: LinuxPPS API ver. 1 registered
[STDERR  ] 2018-04-03T16:01:21.699898655Z: [    0.715277] pps_core: Software ver. 5.3.6 - Copyright 2005-2007 Rodolfo Giometti <giometti@linux.it>
[STDERR  ] 2018-04-03T16:01:21.699913140Z: [    0.720033] PTP clock support registered
[STDERR  ] 2018-04-03T16:01:21.699927631Z: [    0.730127] PCI: Using ACPI for IRQ routing
[STDERR  ] 2018-04-03T16:01:21.699943172Z: [    1.166605] NetLabel: Initializing
[STDERR  ] 2018-04-03T16:01:21.699956947Z: [    1.170012] NetLabel:  domain hash size = 128
[STDERR  ] 2018-04-03T16:01:21.699969774Z: [    1.174651] NetLabel:  protocols = UNLABELED CIPSOv4 CALIPSO
[STDERR  ] 2018-04-03T16:01:21.699978309Z: [    1.180050] NetLabel:  unlabeled traffic allowed by default
[STDERR  ] 2018-04-03T16:01:21.699986818Z: [    1.185987] HPET: 3 timers in total, 0 timers will be used for per-cpu timer
[STDERR  ] 2018-04-03T16:01:21.700003464Z: [    1.190145] hpet0: at MMIO 0xfed00000, IRQs 2, 8, 0
[STDERR  ] 2018-04-03T16:01:21.700014637Z: [    1.195087] hpet0: 3 comparators, 64-bit 100.000000 MHz counter
[STDERR  ] 2018-04-03T16:01:21.700023051Z: [    1.202440] clocksource: Switched to clocksource kvm-clock
[STDERR  ] 2018-04-03T16:01:21.700031411Z: [    1.227763] VFS: Disk quotas dquot_6.6.0
[STDERR  ] 2018-04-03T16:01:21.700718668Z: [    1.232308] VFS: Dquot-cache hash table entries: 512 (order 0, 4096 bytes)
[STDERR  ] 2018-04-03T16:01:21.700773226Z: [    1.239660] FS-Cache: Loaded
[STDERR  ] 2018-04-03T16:01:21.700803263Z: [    1.242992] CacheFiles: Loaded
[STDERR  ] 2018-04-03T16:01:21.700849052Z: [    1.246367] pnp: PnP ACPI init
[STDERR  ] 2018-04-03T16:01:21.700876844Z: [    1.251349] pnp: PnP ACPI: found 5 devices
[STDERR  ] 2018-04-03T16:01:21.700927286Z: [    1.262533] clocksource: acpi_pm: mask: 0xffffff max_cycles: 0xffffff, max_idle_ns: 2085701024 ns
[STDERR  ] 2018-04-03T16:01:21.700958582Z: [    1.271658] NET: Registered protocol family 2
[STDERR  ] 2018-04-03T16:01:21.701007673Z: [    1.276376] TCP established hash table entries: 8192 (order: 4, 65536 bytes)
[STDERR  ] 2018-04-03T16:01:21.701042010Z: [    1.283616] TCP bind hash table entries: 8192 (order: 5, 131072 bytes)
[STDERR  ] 2018-04-03T16:01:21.701083118Z: [    1.290950] TCP: Hash tables configured (established 8192 bind 8192)
[STDERR  ] 2018-04-03T16:01:21.701117301Z: [    1.297462] UDP hash table entries: 512 (order: 2, 16384 bytes)
[STDERR  ] 2018-04-03T16:01:21.701145803Z: [    1.303555] UDP-Lite hash table entries: 512 (order: 2, 16384 bytes)
[STDERR  ] 2018-04-03T16:01:21.701192748Z: [    1.310147] NET: Registered protocol family 1
[STDERR  ] 2018-04-03T16:01:21.701221304Z: [    1.314876] pci 0000:00:01.0: Video device with shadowed ROM at [mem 0x000c0000-0x000dffff]
[STDERR  ] 2018-04-03T16:01:21.701272082Z: [    1.323759] Trying to unpack rootfs image as initramfs...
[STDERR  ] 2018-04-03T16:01:21.701303576Z: [    1.850517] Freeing initrd memory: 30748K
[STDERR  ] 2018-04-03T16:01:21.701346865Z: [    1.856029] PCLMULQDQ-NI instructions are not detected.
[STDERR  ] 2018-04-03T16:01:21.701381150Z: [    1.861802] AVX or AES-NI instructions are not detected.
[STDERR  ] 2018-04-03T16:01:21.701425296Z: [    1.867366] CPU feature 'AVX registers' is not supported.
[STDERR  ] 2018-04-03T16:01:21.701453974Z: [    1.873185] CPU feature 'AVX registers' is not supported.
[STDERR  ] 2018-04-03T16:01:21.701483988Z: [    1.878865] CPU feature 'AVX registers' is not supported.
[STDERR  ] 2018-04-03T16:01:21.701534492Z: [    1.884512] CPU feature 'AVX registers' is not supported.
[STDERR  ] 2018-04-03T16:01:21.701563769Z: [    1.890174] AVX2 or AES-NI instructions are not detected.
[STDERR  ] 2018-04-03T16:01:21.701608482Z: [    1.895718] AVX2 instructions are not detected.
[STDERR  ] 2018-04-03T16:01:21.701638173Z: [    1.900738] audit: initializing netlink subsys (disabled)
[STDERR  ] 2018-04-03T16:01:21.701682027Z: [    1.906749] audit: type=2000 audit(1522771269.278:1): state=initialized audit_enabled=0 res=1
[STDERR  ] 2018-04-03T16:01:21.701713004Z: [    1.915611] workingset: timestamp_bits=46 max_order=18 bucket_order=0
[STDERR  ] 2018-04-03T16:01:21.701756255Z: [    1.922744] squashfs: version 4.0 (2009/01/31) Phillip Lougher
[STDERR  ] 2018-04-03T16:01:21.701788546Z: [    1.929954] FS-Cache: Netfs 'cifs' registered for caching
[STDERR  ] 2018-04-03T16:01:21.701817366Z: [    1.935831] fuse init (API version 7.26)
[STDERR  ] 2018-04-03T16:01:21.701867451Z: [    1.940226] SGI XFS with ACLs, security attributes, no debug enabled
[STDERR  ] 2018-04-03T16:01:21.701922314Z: [    1.947052] 9p: Installing v9fs 9p2000 file system support
[STDERR  ] 2018-04-03T16:01:21.701961693Z: [    1.952971] FS-Cache: Netfs '9p' registered for caching
[STDERR  ] 2018-04-03T16:01:21.702009399Z: [    1.959956] NET: Registered protocol family 38
[STDERR  ] 2018-04-03T16:01:21.702043789Z: [    1.964633] Key type asymmetric registered
[STDERR  ] 2018-04-03T16:01:21.702088442Z: [    1.968964] Asymmetric key parser 'x509' registered
[STDERR  ] 2018-04-03T16:01:21.702122793Z: [    1.974126] Block layer SCSI generic (bsg) driver version 0.4 loaded (major 247)
[STDERR  ] 2018-04-03T16:01:21.702169368Z: [    1.981936] io scheduler noop registered
[STDERR  ] 2018-04-03T16:01:21.702198442Z: [    1.986108] io scheduler deadline registered (default)
[STDERR  ] 2018-04-03T16:01:21.702242159Z: [    1.991763] io scheduler cfq registered
[STDERR  ] 2018-04-03T16:01:21.702273891Z: [    1.995833] io scheduler mq-deadline registered
[STDERR  ] 2018-04-03T16:01:21.702306168Z: [    2.000745] io scheduler kyber registered
[STDERR  ] 2018-04-03T16:01:21.702351615Z: [    2.005103] shpchp: Standard Hot Plug PCI Controller Driver version: 0.4
[STDERR  ] 2018-04-03T16:01:21.702380559Z: [    2.012252] hv_vmbus: registering driver hyperv_fb
[STDERR  ] 2018-04-03T16:01:21.702426609Z: [    2.017339] input: Power Button as /devices/LNXSYSTM:00/LNXPWRBN:00/input/input0
[STDERR  ] 2018-04-03T16:01:21.702457012Z: [    2.025082] ACPI: Power Button [PWRF]
[STDERR  ] 2018-04-03T16:01:21.702506269Z: [    2.029825] ACPI: PCI Interrupt Link [GSIG] enabled at IRQ 22
[STDERR  ] 2018-04-03T16:01:21.702535824Z: [    2.042168] ACPI: PCI Interrupt Link [GSIH] enabled at IRQ 23
[STDERR  ] 2018-04-03T16:01:21.702579342Z: [    2.056504] Serial: 8250/16550 driver, 4 ports, IRQ sharing disabled
[STDERR  ] 2018-04-03T16:01:21.702615737Z: [    2.097551] 00:04: ttyS0 at I/O 0x3f8 (irq = 4, base_baud = 115200) is a 16550A
[STDERR  ] 2018-04-03T16:01:21.702658909Z: [    2.106476] Non-volatile memory driver v1.3
[STDERR  ] 2018-04-03T16:01:21.702695676Z: [    2.113198] Hangcheck: starting hangcheck timer 0.9.1 (tick is 180 seconds, margin is 60 seconds).
[STDERR  ] 2018-04-03T16:01:21.702740696Z: [    2.123476] random: crng init done
[STDERR  ] 2018-04-03T16:01:21.702773203Z: [    2.130686] brd: module loaded
[STDERR  ] 2018-04-03T16:01:21.702800844Z: [    2.135766] loop: module loaded
[STDERR  ] 2018-04-03T16:01:21.702847850Z: [    2.144998] lpc_ich 0000:00:1f.0: I/O space for GPIO uninitialized
[STDERR  ] 2018-04-03T16:01:21.702878086Z: [    2.152050] VMware PVSCSI driver - version 1.0.7.0-k
[STDERR  ] 2018-04-03T16:01:21.702922421Z: [    2.157309] hv_vmbus: registering driver hv_storvsc
[STDERR  ] 2018-04-03T16:01:21.702953728Z: [    2.163289] ACPI: PCI Interrupt Link [GSIA] enabled at IRQ 16
[STDERR  ] 2018-04-03T16:01:21.702998177Z: [    2.172746] ahci 0000:00:1f.2: AHCI 0001.0000 32 slots 6 ports 1.5 Gbps 0x3f impl SATA mode
[STDERR  ] 2018-04-03T16:01:21.703033509Z: [    2.181862] ahci 0000:00:1f.2: flags: 64bit ncq only 
[STDERR  ] 2018-04-03T16:01:21.703078417Z: [    2.191216] scsi host0: ahci
[STDERR  ] 2018-04-03T16:01:21.703111091Z: [    2.194581] scsi host1: ahci
[STDERR  ] 2018-04-03T16:01:21.703158148Z: [    2.197892] scsi host2: ahci
[STDERR  ] 2018-04-03T16:01:21.703189631Z: [    2.201231] scsi host3: ahci
[STDERR  ] 2018-04-03T16:01:21.703217911Z: [    2.204513] scsi host4: ahci
[STDERR  ] 2018-04-03T16:01:21.703262231Z: [    2.207876] scsi host5: ahci
[STDOUT  ] 2018-04-03T16:01:21.703356709Z: [    0.000000] Linux version 4.14.32-linuxkit (root@d8cf80697563) (gcc version 6.4.0 (Alpine 6.4.0)) #1 SMP Sun Apr 1 17:10:10 UTC 2018
[STDOUT  ] 2018-04-03T16:01:21.703395722Z: [    0.000000] Command line: console=ttyS0 console=ttyAMA0
[STDOUT  ] 2018-04-03T16:01:21.703407187Z: [    0.000000] x86/fpu: x87 FPU will use FXSAVE
[STDOUT  ] 2018-04-03T16:01:21.703429175Z: [    0.000000] e820: BIOS-provided physical RAM map:
[STDOUT  ] 2018-04-03T16:01:21.703447958Z: [    0.000000] BIOS-e820: [mem 0x0000000000000000-0x000000000009fbff] usable
[STDOUT  ] 2018-04-03T16:01:21.703466062Z: [    0.000000] BIOS-e820: [mem 0x000000000009fc00-0x000000000009ffff] reserved
[STDOUT  ] 2018-04-03T16:01:21.703477008Z: [    0.000000] BIOS-e820: [mem 0x00000000000f0000-0x00000000000fffff] reserved
[STDOUT  ] 2018-04-03T16:01:21.703493521Z: [    0.000000] BIOS-e820: [mem 0x0000000000100000-0x000000003ffdefff] usable
[STDOUT  ] 2018-04-03T16:01:21.703504497Z: [    0.000000] BIOS-e820: [mem 0x000000003ffdf000-0x000000003fffffff] reserved
[STDOUT  ] 2018-04-03T16:01:21.703515126Z: [    0.000000] BIOS-e820: [mem 0x00000000b0000000-0x00000000bfffffff] reserved
[STDOUT  ] 2018-04-03T16:01:21.703525262Z: [    0.000000] BIOS-e820: [mem 0x00000000fed1c000-0x00000000fed1ffff] reserved
[STDOUT  ] 2018-04-03T16:01:21.703535427Z: [    0.000000] BIOS-e820: [mem 0x00000000feffc000-0x00000000feffffff] reserved
[STDOUT  ] 2018-04-03T16:01:21.703545610Z: [    0.000000] BIOS-e820: [mem 0x00000000fffc0000-0x00000000ffffffff] reserved
[STDOUT  ] 2018-04-03T16:01:21.703556008Z: [    0.000000] NX (Execute Disable) protection: active
[STDOUT  ] 2018-04-03T16:01:21.703566814Z: [    0.000000] random: fast init done
[STDOUT  ] 2018-04-03T16:01:21.703578337Z: [    0.000000] SMBIOS 2.8 present.
[STDOUT  ] 2018-04-03T16:01:21.703588460Z: [    0.000000] DMI: QEMU Standard PC (Q35 + ICH9, 2009), BIOS rel-1.10.2-0-g5f4c7b1-prebuilt.qemu-project.org 04/01/2014
[STDOUT  ] 2018-04-03T16:01:21.703603847Z: [    0.000000] Hypervisor detected: KVM
[STDOUT  ] 2018-04-03T16:01:21.703614451Z: [    0.000000] tsc: Fast TSC calibration failed
[STDOUT  ] 2018-04-03T16:01:21.703625241Z: [    0.000000] tsc: Unable to calibrate against PIT
[STDOUT  ] 2018-04-03T16:01:21.703636110Z: [    0.000000] tsc: No reference (HPET/PMTIMER) available
[STDOUT  ] 2018-04-03T16:01:21.703646846Z: [    0.000000] e820: last_pfn = 0x3ffdf max_arch_pfn = 0x400000000
[STDOUT  ] 2018-04-03T16:01:21.703657424Z: [    0.000000] x86/PAT: PAT not supported by CPU.
[STDOUT  ] 2018-04-03T16:01:21.703668115Z: [    0.000000] x86/PAT: Configuration [0-7]: WB  WT  UC- UC  WB  WT  UC- UC  
[STDOUT  ] 2018-04-03T16:01:21.703678533Z: [    0.000000] found SMP MP-table at [mem 0x000f6aa0-0x000f6aaf] mapped at [ffffffffff200aa0]
[STDOUT  ] 2018-04-03T16:01:21.703688994Z: [    0.000000] RAMDISK: [mem 0x3e1c9000-0x3ffcffff]
[STDOUT  ] 2018-04-03T16:01:21.703699508Z: [    0.000000] ACPI: Early table checksum verification disabled
[STDOUT  ] 2018-04-03T16:01:21.703710304Z: [    0.000000] ACPI: RSDP 0x00000000000F68B0 000014 (v00 BOCHS )
[STDOUT  ] 2018-04-03T16:01:21.703721120Z: [    0.000000] ACPI: RSDT 0x000000003FFE20A8 000034 (v01 BOCHS  BXPCRSDT 00000001 BXPC 00000001)
[STDOUT  ] 2018-04-03T16:01:21.703731697Z: [    0.000000] ACPI: FACP 0x000000003FFE1EC8 0000F4 (v03 BOCHS  BXPCFACP 00000001 BXPC 00000001)
[STDOUT  ] 2018-04-03T16:01:21.703742240Z: [    0.000000] ACPI: DSDT 0x000000003FFE0040 001E88 (v01 BOCHS  BXPCDSDT 00000001 BXPC 00000001)
[STDOUT  ] 2018-04-03T16:01:21.703752613Z: [    0.000000] ACPI: FACS 0x000000003FFE0000 000040
[STDOUT  ] 2018-04-03T16:01:21.703763133Z: [    0.000000] ACPI: APIC 0x000000003FFE1FBC 000078 (v01 BOCHS  BXPCAPIC 00000001 BXPC 00000001)
[STDOUT  ] 2018-04-03T16:01:21.703776813Z: [    0.000000] ACPI: HPET 0x000000003FFE2034 000038 (v01 BOCHS  BXPCHPET 00000001 BXPC 00000001)
[STDOUT  ] 2018-04-03T16:01:21.703787019Z: [    0.000000] ACPI: MCFG 0x000000003FFE206C 00003C (v01 BOCHS  BXPCMCFG 00000001 BXPC 00000001)
[STDOUT  ] 2018-04-03T16:01:21.703797079Z: [    0.000000] kvm-clock: Using msrs 4b564d01 and 4b564d00
[STDOUT  ] 2018-04-03T16:01:21.703807554Z: [    0.000000] kvm-clock: cpu 0, msr 0:3ffdd001, primary cpu clock
[STDOUT  ] 2018-04-03T16:01:21.703818234Z: [    0.000000] clocksource: kvm-clock: mask: 0xffffffffffffffff max_cycles: 0x1cd42e4dffb, max_idle_ns: 881590591483 ns
[STDOUT  ] 2018-04-03T16:01:21.703828024Z: [    0.000000] Zone ranges:
[STDOUT  ] 2018-04-03T16:01:21.703838528Z: [    0.000000]   DMA      [mem 0x0000000000001000-0x0000000000ffffff]
[STDOUT  ] 2018-04-03T16:01:21.703853779Z: [    0.000000]   DMA32    [mem 0x0000000001000000-0x000000003ffdefff]
[STDOUT  ] 2018-04-03T16:01:21.703868813Z: [    0.000000]   Normal   empty
[STDOUT  ] 2018-04-03T16:01:21.703879304Z: [    0.000000]   Device   empty
[STDOUT  ] 2018-04-03T16:01:21.703889791Z: [    0.000000] Movable zone start for each node
[STDOUT  ] 2018-04-03T16:01:21.703900191Z: [    0.000000] Early memory node ranges
[STDOUT  ] 2018-04-03T16:01:21.703910717Z: [    0.000000]   node   0: [mem 0x0000000000001000-0x000000000009efff]
[STDOUT  ] 2018-04-03T16:01:21.703920568Z: [    0.000000]   node   0: [mem 0x0000000000100000-0x000000003ffdefff]
[STDOUT  ] 2018-04-03T16:01:21.703930808Z: [    0.000000] Initmem setup node 0 [mem 0x0000000000001000-0x000000003ffdefff]
[STDOUT  ] 2018-04-03T16:01:21.703940876Z: [    0.000000] ACPI: PM-Timer IO Port: 0x608
[STDOUT  ] 2018-04-03T16:01:21.703954322Z: [    0.000000] ACPI: LAPIC_NMI (acpi_id[0xff] dfl dfl lint[0x1])
[STDOUT  ] 2018-04-03T16:01:21.703965548Z: [    0.000000] IOAPIC[0]: apic_id 0, version 17, address 0xfec00000, GSI 0-23
[STDOUT  ] 2018-04-03T16:01:21.703978342Z: [    0.000000] ACPI: INT_SRC_OVR (bus 0 bus_irq 0 global_irq 2 dfl dfl)
[STDOUT  ] 2018-04-03T16:01:21.703988946Z: [    0.000000] ACPI: INT_SRC_OVR (bus 0 bus_irq 5 global_irq 5 high level)
[STDOUT  ] 2018-04-03T16:01:21.703999099Z: [    0.000000] ACPI: INT_SRC_OVR (bus 0 bus_irq 9 global_irq 9 high level)
[STDOUT  ] 2018-04-03T16:01:21.704009064Z: [    0.000000] ACPI: INT_SRC_OVR (bus 0 bus_irq 10 global_irq 10 high level)
[STDOUT  ] 2018-04-03T16:01:21.704019128Z: [    0.000000] ACPI: INT_SRC_OVR (bus 0 bus_irq 11 global_irq 11 high level)
[STDOUT  ] 2018-04-03T16:01:21.704028639Z: [    0.000000] Using ACPI (MADT) for SMP configuration information
[STDOUT  ] 2018-04-03T16:01:21.704057550Z: [    0.000000] ACPI: HPET id: 0x8086a201 base: 0xfed00000
[STDOUT  ] 2018-04-03T16:01:21.704071436Z: [    0.000000] smpboot: Allowing 1 CPUs, 0 hotplug CPUs
[STDOUT  ] 2018-04-03T16:01:21.704082681Z: [    0.000000] e820: [mem 0x40000000-0xafffffff] available for PCI devices
[STDOUT  ] 2018-04-03T16:01:21.704092996Z: [    0.000000] Booting paravirtualized kernel on KVM
[STDOUT  ] 2018-04-03T16:01:21.704102840Z: [    0.000000] clocksource: refined-jiffies: mask: 0xffffffff max_cycles: 0xffffffff, max_idle_ns: 19112604462750000 ns
[STDOUT  ] 2018-04-03T16:01:21.704113042Z: [    0.000000] setup_percpu: NR_CPUS:128 nr_cpumask_bits:128 nr_cpu_ids:1 nr_node_ids:1
[STDOUT  ] 2018-04-03T16:01:21.704123494Z: [    0.000000] percpu: Embedded 44 pages/cpu @ffff8e253de00000 s143256 r8192 d28776 u2097152
[STDOUT  ] 2018-04-03T16:01:21.704133404Z: [    0.000000] KVM setup async PF for cpu 0
[STDOUT  ] 2018-04-03T16:01:21.704143736Z: [    0.000000] kvm-stealtime: cpu 0, msr 3de15f40
[STDOUT  ] 2018-04-03T16:01:21.704153524Z: [    0.000000] Built 1 zonelists, mobility grouping on.  Total pages: 257896
[STDOUT  ] 2018-04-03T16:01:21.704171944Z: [    0.000000] Kernel command line: console=ttyS0 console=ttyAMA0
[STDOUT  ] 2018-04-03T16:01:21.704183728Z: [    0.000000] PID hash table entries: 4096 (order: 3, 32768 bytes)
[STDOUT  ] 2018-04-03T16:01:21.704194290Z: [    0.000000] Dentry cache hash table entries: 131072 (order: 8, 1048576 bytes)
[STDOUT  ] 2018-04-03T16:01:21.704204036Z: [    0.000000] Inode-cache hash table entries: 65536 (order: 7, 524288 bytes)
[STDOUT  ] 2018-04-03T16:01:21.704217819Z: [    0.000000] Memory: 974052K/1048052K available (12300K kernel code, 1458K rwdata, 2988K rodata, 1508K init, 632K bss, 74000K reserved, 0K cma-reserved)
[STDOUT  ] 2018-04-03T16:01:21.704232619Z: [    0.000000] Kernel/User page tables isolation: enabled
[STDOUT  ] 2018-04-03T16:01:21.704243436Z: [    0.000000] ftrace: allocating 40957 entries in 160 pages
[STDOUT  ] 2018-04-03T16:01:21.704255884Z: [    0.010000] Hierarchical RCU implementation.
[STDOUT  ] 2018-04-03T16:01:21.704265900Z: [    0.010000] 	RCU restricting CPUs from NR_CPUS=128 to nr_cpu_ids=1.
[STDOUT  ] 2018-04-03T16:01:21.704276123Z: [    0.010000] RCU: Adjusting geometry for rcu_fanout_leaf=16, nr_cpu_ids=1
[STDOUT  ] 2018-04-03T16:01:21.704295296Z: [    0.010000] NR_IRQS: 8448, nr_irqs: 256, preallocated irqs: 16
[STDOUT  ] 2018-04-03T16:01:21.704305693Z: [    0.010000] Console: colour VGA+ 80x25
[STDOUT  ] 2018-04-03T16:01:21.704315645Z: [    0.010000] console [ttyS0] enabled
[STDOUT  ] 2018-04-03T16:01:21.704325522Z: [    0.010000] clocksource: hpet: mask: 0xffffffff max_cycles: 0xffffffff, max_idle_ns: 19112604467 ns
[STDOUT  ] 2018-04-03T16:01:21.704335995Z: [    0.010036] tsc: Detected 2299.996 MHz processor
[STDOUT  ] 2018-04-03T16:01:21.704346052Z: [    0.014674] Calibrating delay loop (skipped) preset value.. 4599.99 BogoMIPS (lpj=22999960)
[STDOUT  ] 2018-04-03T16:01:21.704356040Z: [    0.020037] pid_max: default: 32768 minimum: 301
[STDOUT  ] 2018-04-03T16:01:21.704366139Z: [    0.024724] ACPI: Core revision 20170728
[STDOUT  ] 2018-04-03T16:01:21.704376482Z: [    0.030683] ACPI: 1 ACPI AML tables successfully acquired and loaded
[STDOUT  ] 2018-04-03T16:01:21.704386242Z: [    0.037152] Security Framework initialized
[STDOUT  ] 2018-04-03T16:01:21.704396502Z: [    0.040037] Yama: becoming mindful.
[STDOUT  ] 2018-04-03T16:01:21.704406382Z: [    0.044014] Mount-cache hash table entries: 2048 (order: 2, 16384 bytes)
[STDOUT  ] 2018-04-03T16:01:21.704416180Z: [    0.050044] Mountpoint-cache hash table entries: 2048 (order: 2, 16384 bytes)
[STDOUT  ] 2018-04-03T16:01:21.704426522Z: [    0.060930] CPU: Physical Processor ID: 0
[STDOUT  ] 2018-04-03T16:01:21.704436460Z: [    0.070065] Last level iTLB entries: 4KB 0, 2MB 0, 4MB 0
[STDOUT  ] 2018-04-03T16:01:21.704446219Z: [    0.080036] Last level dTLB entries: 4KB 0, 2MB 0, 4MB 0, 1GB 0
[STDOUT  ] 2018-04-03T16:01:21.704456375Z: [    0.086769] Spectre V2 : Vulnerable: Minimal generic ASM retpoline
[STDOUT  ] 2018-04-03T16:01:21.704466373Z: [    0.094577] Freeing SMP alternatives memory: 20K
[STDOUT  ] 2018-04-03T16:01:21.704476716Z: [    0.100543] smpboot: Max logical packages: 1
[STDOUT  ] 2018-04-03T16:01:21.704486643Z: [    0.112015] x2apic enabled
[STDOUT  ] 2018-04-03T16:01:21.704507415Z: [    0.117050] Switched APIC routing to physical x2apic.
[STDOUT  ] 2018-04-03T16:01:21.704517895Z: [    0.131835] ..TIMER: vector=0x30 apic1=0 pin1=2 apic2=-1 pin2=-1
[STDOUT  ] 2018-04-03T16:01:21.704531055Z: [    0.140000] smpboot: CPU0: Intel QEMU Virtual CPU version 2.5+ (family: 0x6, model: 0x6, stepping: 0x3)
[STDOUT  ] 2018-04-03T16:01:21.704541283Z: [    0.140144] Performance Events: PMU not available due to virtualization, using software events only.
[STDOUT  ] 2018-04-03T16:01:21.704551445Z: [    0.150392] Hierarchical SRCU implementation.
[STDOUT  ] 2018-04-03T16:01:21.704561529Z: [    0.160182] NMI watchdog: Perf event create on CPU 0 failed with -2
[STDOUT  ] 2018-04-03T16:01:21.704574671Z: [    0.170010] NMI watchdog: Perf NMI watchdog permanently disabled
[STDOUT  ] 2018-04-03T16:01:21.704584880Z: [    0.176592] smp: Bringing up secondary CPUs ...
[STDOUT  ] 2018-04-03T16:01:21.704594831Z: [    0.180012] smp: Brought up 1 node, 1 CPU
[STDOUT  ] 2018-04-03T16:01:21.704605165Z: [    0.184068] smpboot: Total of 1 processors activated (4599.99 BogoMIPS)
[STDOUT  ] 2018-04-03T16:01:21.704615303Z: [    0.192092] devtmpfs: initialized
[STDOUT  ] 2018-04-03T16:01:21.704625589Z: [    0.195635] x86/mm: Memory block size: 128MB
[STDOUT  ] 2018-04-03T16:01:21.704635502Z: [    0.200268] evm: security.ima
[STDOUT  ] 2018-04-03T16:01:21.704645845Z: [    0.203315] evm: security.capability
[STDOUT  ] 2018-04-03T16:01:21.704655989Z: [    0.207141] clocksource: jiffies: mask: 0xffffffff max_cycles: 0xffffffff, max_idle_ns: 19112604462750000 ns
[STDOUT  ] 2018-04-03T16:01:21.704668888Z: [    0.210021] futex hash table entries: 256 (order: 2, 16384 bytes)
[STDOUT  ] 2018-04-03T16:01:21.704679491Z: [    0.220262] NET: Registered protocol family 16
[STDOUT  ] 2018-04-03T16:01:21.704689535Z: [    0.230218] cpuidle: using governor ladder
[STDOUT  ] 2018-04-03T16:01:21.704702058Z: [    0.234358] cpuidle: using governor menu
[STDOUT  ] 2018-04-03T16:01:21.704717615Z: [    0.238444] ACPI: bus type PCI registered
[STDOUT  ] 2018-04-03T16:01:21.704731965Z: [    0.240494] PCI: MMCONFIG for domain 0000 [bus 00-ff] at [mem 0xb0000000-0xbfffffff] (base 0xb0000000)
[STDOUT  ] 2018-04-03T16:01:21.704742325Z: [    0.250016] PCI: MMCONFIG at [mem 0xb0000000-0xbfffffff] reserved in E820
[STDOUT  ] 2018-04-03T16:01:21.704755818Z: [    0.260032] PCI: Using configuration type 1 for base access
[STDOUT  ] 2018-04-03T16:01:21.704766185Z: [    0.267244] HugeTLB registered 2.00 MiB page size, pre-allocated 0 pages
[STDOUT  ] 2018-04-03T16:01:21.704776669Z: [    0.270350] ACPI: Added _OSI(Module Device)
[STDOUT  ] 2018-04-03T16:01:21.704787060Z: [    0.274680] ACPI: Added _OSI(Processor Device)
[STDOUT  ] 2018-04-03T16:01:21.704796709Z: [    0.280019] ACPI: Added _OSI(3.0 _SCP Extensions)
[STDOUT  ] 2018-04-03T16:01:21.704809533Z: [    0.284762] ACPI: Added _OSI(Processor Aggregator Device)
[STDOUT  ] 2018-04-03T16:01:21.704819975Z: [    0.295112] ACPI: Interpreter enabled
[STDOUT  ] 2018-04-03T16:01:21.704830135Z: [    0.300060] ACPI: (supports S0 S5)
[STDOUT  ] 2018-04-03T16:01:21.704840295Z: [    0.303562] ACPI: Using IOAPIC for interrupt routing
[STDOUT  ] 2018-04-03T16:01:21.704850147Z: [    0.310080] PCI: Using host bridge windows from ACPI; if necessary, use "pci=nocrs" and report a bug
[STDOUT  ] 2018-04-03T16:01:21.704860495Z: [    0.320271] ACPI: Enabled 1 GPEs in block 00 to 3F
[STDOUT  ] 2018-04-03T16:01:21.704870569Z: [    0.330786] ACPI: PCI Root Bridge [PCI0] (domain 0000 [bus 00-ff])
[STDOUT  ] 2018-04-03T16:01:21.704880529Z: [    0.337581] acpi PNP0A08:00: _OSC: OS supports [ExtendedConfig ASPM ClockPM Segments MSI]
[STDOUT  ] 2018-04-03T16:01:21.704890673Z: [    0.340192] acpi PNP0A08:00: _OSC: OS now controls [PCIeHotplug PME PCIeCapability]
[STDOUT  ] 2018-04-03T16:01:21.704901023Z: [    0.350102] PCI host bridge to bus 0000:00
[STDOUT  ] 2018-04-03T16:01:21.704910567Z: [    0.354261] pci_bus 0000:00: root bus resource [io  0x0000-0x0cf7 window]
[STDOUT  ] 2018-04-03T16:01:21.704920740Z: [    0.360017] pci_bus 0000:00: root bus resource [io  0x0d00-0xffff window]
[STDOUT  ] 2018-04-03T16:01:21.704930400Z: [    0.370016] pci_bus 0000:00: root bus resource [mem 0x000a0000-0x000bffff window]
[STDOUT  ] 2018-04-03T16:01:21.704940417Z: [    0.380016] pci_bus 0000:00: root bus resource [mem 0xc0000000-0xfebfffff window]
[STDOUT  ] 2018-04-03T16:01:21.704950817Z: [    0.387837] pci_bus 0000:00: root bus resource [bus 00-ff]
[STDOUT  ] 2018-04-03T16:01:21.704961062Z: [    0.522519] pci 0000:00:1f.0: quirk: [io  0x0600-0x067f] claimed by ICH6 ACPI/GPIO/TCO
[STDOUT  ] 2018-04-03T16:01:21.704971147Z: [    0.589723] ACPI: PCI Interrupt Link [LNKA] (IRQs 5 *10 11)
[STDOUT  ] 2018-04-03T16:01:21.704981540Z: [    0.590447] ACPI: PCI Interrupt Link [LNKB] (IRQs 5 *10 11)
[STDOUT  ] 2018-04-03T16:01:21.704991523Z: [    0.600391] ACPI: PCI Interrupt Link [LNKC] (IRQs 5 10 *11)
[STDOUT  ] 2018-04-03T16:01:21.705001746Z: [    0.610203] ACPI: PCI Interrupt Link [LNKD] (IRQs 5 10 *11)
[STDOUT  ] 2018-04-03T16:01:21.705011751Z: [    0.616649] ACPI: PCI Interrupt Link [LNKE] (IRQs 5 *10 11)
[STDOUT  ] 2018-04-03T16:01:21.705025133Z: [    0.620358] ACPI: PCI Interrupt Link [LNKF] (IRQs 5 *10 11)
[STDOUT  ] 2018-04-03T16:01:21.705035135Z: [    0.626740] ACPI: PCI Interrupt Link [LNKG] (IRQs 5 10 *11)
[STDOUT  ] 2018-04-03T16:01:21.705045158Z: [    0.630331] ACPI: PCI Interrupt Link [LNKH] (IRQs 5 10 *11)
[STDOUT  ] 2018-04-03T16:01:21.705055193Z: [    0.640192] ACPI: PCI Interrupt Link [GSIA] (IRQs *16)
[STDOUT  ] 2018-04-03T16:01:21.705064826Z: [    0.645666] ACPI: PCI Interrupt Link [GSIB] (IRQs *17)
[STDOUT  ] 2018-04-03T16:01:21.705074746Z: [    0.650045] ACPI: PCI Interrupt Link [GSIC] (IRQs *18)
[STDOUT  ] 2018-04-03T16:01:21.705084682Z: [    0.655521] ACPI: PCI Interrupt Link [GSID] (IRQs *19)
[STDOUT  ] 2018-04-03T16:01:21.705094197Z: [    0.660049] ACPI: PCI Interrupt Link [GSIE] (IRQs *20)
[STDOUT  ] 2018-04-03T16:01:21.705104175Z: [    0.670046] ACPI: PCI Interrupt Link [GSIF] (IRQs *21)
[STDOUT  ] 2018-04-03T16:01:21.705119515Z: [    0.675679] ACPI: PCI Interrupt Link [GSIG] (IRQs *22)
[STDOUT  ] 2018-04-03T16:01:21.705133553Z: [    0.680050] ACPI: PCI Interrupt Link [GSIH] (IRQs *23)
[STDOUT  ] 2018-04-03T16:01:21.705143740Z: [    0.686125] SCSI subsystem initialized
[STDOUT  ] 2018-04-03T16:01:21.705153848Z: [    0.690147] ACPI: bus type USB registered
[STDOUT  ] 2018-04-03T16:01:21.705163400Z: [    0.694813] usbcore: registered new interface driver usbfs
[STDOUT  ] 2018-04-03T16:01:21.705173537Z: [    0.700064] usbcore: registered new interface driver hub
[STDOUT  ] 2018-04-03T16:01:21.705183424Z: [    0.706017] usbcore: registered new device driver usb
[STDOUT  ] 2018-04-03T16:01:21.705196613Z: [    0.710058] pps_core: LinuxPPS API ver. 1 registered
[STDOUT  ] 2018-04-03T16:01:21.705206680Z: [    0.715277] pps_core: Software ver. 5.3.6 - Copyright 2005-2007 Rodolfo Giometti <giometti@linux.it>
[STDOUT  ] 2018-04-03T16:01:21.705216629Z: [    0.720033] PTP clock support registered
[STDOUT  ] 2018-04-03T16:01:21.705226631Z: [    0.730127] PCI: Using ACPI for IRQ routing
[STDOUT  ] 2018-04-03T16:01:21.705236500Z: [    1.166605] NetLabel: Initializing
[STDOUT  ] 2018-04-03T16:01:21.705246453Z: [    1.170012] NetLabel:  domain hash size = 128
[STDOUT  ] 2018-04-03T16:01:21.705256535Z: [    1.174651] NetLabel:  protocols = UNLABELED CIPSOv4 CALIPSO
[STDOUT  ] 2018-04-03T16:01:21.705266304Z: [    1.180050] NetLabel:  unlabeled traffic allowed by default
[STDOUT  ] 2018-04-03T16:01:21.705276066Z: [    1.185987] HPET: 3 timers in total, 0 timers will be used for per-cpu timer
[STDOUT  ] 2018-04-03T16:01:21.705286260Z: [    1.190145] hpet0: at MMIO 0xfed00000, IRQs 2, 8, 0
[STDOUT  ] 2018-04-03T16:01:21.705299075Z: [    1.195087] hpet0: 3 comparators, 64-bit 100.000000 MHz counter
[STDOUT  ] 2018-04-03T16:01:21.705308817Z: [    1.202440] clocksource: Switched to clocksource kvm-clock
[STDOUT  ] 2018-04-03T16:01:21.705318997Z: [    1.227763] VFS: Disk quotas dquot_6.6.0
[STDOUT  ] 2018-04-03T16:01:21.705329090Z: [    1.232308] VFS: Dquot-cache hash table entries: 512 (order 0, 4096 bytes)
[STDOUT  ] 2018-04-03T16:01:21.705339003Z: [    1.239660] FS-Cache: Loaded
[STDOUT  ] 2018-04-03T16:01:21.705349301Z: [    1.242992] CacheFiles: Loaded
[STDOUT  ] 2018-04-03T16:01:21.705359388Z: [    1.246367] pnp: PnP ACPI init
[STDOUT  ] 2018-04-03T16:01:21.705369377Z: [    1.251349] pnp: PnP ACPI: found 5 devices
[STDOUT  ] 2018-04-03T16:01:21.705379537Z: [    1.262533] clocksource: acpi_pm: mask: 0xffffff max_cycles: 0xffffff, max_idle_ns: 2085701024 ns
[STDOUT  ] 2018-04-03T16:01:21.705392801Z: [    1.271658] NET: Registered protocol family 2
[STDOUT  ] 2018-04-03T16:01:21.705403292Z: [    1.276376] TCP established hash table entries: 8192 (order: 4, 65536 bytes)
[STDOUT  ] 2018-04-03T16:01:21.705413350Z: [    1.283616] TCP bind hash table entries: 8192 (order: 5, 131072 bytes)
[STDOUT  ] 2018-04-03T16:01:21.705423320Z: [    1.290950] TCP: Hash tables configured (established 8192 bind 8192)
[STDOUT  ] 2018-04-03T16:01:21.705436614Z: [    1.297462] UDP hash table entries: 512 (order: 2, 16384 bytes)
[STDOUT  ] 2018-04-03T16:01:21.705447374Z: [    1.303555] UDP-Lite hash table entries: 512 (order: 2, 16384 bytes)
[STDOUT  ] 2018-04-03T16:01:21.705457525Z: [    1.310147] NET: Registered protocol family 1
[STDOUT  ] 2018-04-03T16:01:21.705467823Z: [    1.314876] pci 0000:00:01.0: Video device with shadowed ROM at [mem 0x000c0000-0x000dffff]
[STDOUT  ] 2018-04-03T16:01:21.705478276Z: [    1.323759] Trying to unpack rootfs image as initramfs...
[STDOUT  ] 2018-04-03T16:01:21.705495090Z: [    1.850517] Freeing initrd memory: 30748K
[STDOUT  ] 2018-04-03T16:01:21.705505934Z: [    1.856029] PCLMULQDQ-NI instructions are not detected.
[STDOUT  ] 2018-04-03T16:01:21.705516237Z: [    1.861802] AVX or AES-NI instructions are not detected.
[STDOUT  ] 2018-04-03T16:01:21.705526047Z: [    1.867366] CPU feature 'AVX registers' is not supported.
[STDOUT  ] 2018-04-03T16:01:21.705536436Z: [    1.873185] CPU feature 'AVX registers' is not supported.
[STDOUT  ] 2018-04-03T16:01:21.705558009Z: [    1.878865] CPU feature 'AVX registers' is not supported.
[STDOUT  ] 2018-04-03T16:01:21.705568792Z: [    1.884512] CPU feature 'AVX registers' is not supported.
[STDOUT  ] 2018-04-03T16:01:21.705579216Z: [    1.890174] AVX2 or AES-NI instructions are not detected.
[STDOUT  ] 2018-04-03T16:01:21.705589679Z: [    1.895718] AVX2 instructions are not detected.
[STDOUT  ] 2018-04-03T16:01:21.705603230Z: [    1.900738] audit: initializing netlink subsys (disabled)
[STDOUT  ] 2018-04-03T16:01:21.705613492Z: [    1.906749] audit: type=2000 audit(1522771269.278:1): state=initialized audit_enabled=0 res=1
[STDOUT  ] 2018-04-03T16:01:21.705624039Z: [    1.915611] workingset: timestamp_bits=46 max_order=18 bucket_order=0
[STDOUT  ] 2018-04-03T16:01:21.705634909Z: [    1.922744] squashfs: version 4.0 (2009/01/31) Phillip Lougher
[STDOUT  ] 2018-04-03T16:01:21.705645346Z: [    1.929954] FS-Cache: Netfs 'cifs' registered for caching
[STDOUT  ] 2018-04-03T16:01:21.705656150Z: [    1.935831] fuse init (API version 7.26)
[STDOUT  ] 2018-04-03T16:01:21.705666326Z: [    1.940226] SGI XFS with ACLs, security attributes, no debug enabled
[STDOUT  ] 2018-04-03T16:01:21.705679290Z: [    1.947052] 9p: Installing v9fs 9p2000 file system support
[STDOUT  ] 2018-04-03T16:01:21.705690236Z: [    1.952971] FS-Cache: Netfs '9p' registered for caching
[STDOUT  ] 2018-04-03T16:01:21.705700443Z: [    1.959956] NET: Registered protocol family 38
[STDOUT  ] 2018-04-03T16:01:21.705710579Z: [    1.964633] Key type asymmetric registered
[STDOUT  ] 2018-04-03T16:01:21.705721014Z: [    1.968964] Asymmetric key parser 'x509' registered
[STDOUT  ] 2018-04-03T16:01:21.705731256Z: [    1.974126] Block layer SCSI generic (bsg) driver version 0.4 loaded (major 247)
[STDOUT  ] 2018-04-03T16:01:21.705741701Z: [    1.981936] io scheduler noop registered
[STDOUT  ] 2018-04-03T16:01:21.705751983Z: [    1.986108] io scheduler deadline registered (default)
[STDOUT  ] 2018-04-03T16:01:21.705767178Z: [    1.991763] io scheduler cfq registered
[STDOUT  ] 2018-04-03T16:01:21.705777232Z: [    1.995833] io scheduler mq-deadline registered
[STDOUT  ] 2018-04-03T16:01:21.705787561Z: [    2.000745] io scheduler kyber registered
[STDOUT  ] 2018-04-03T16:01:21.705797843Z: [    2.005103] shpchp: Standard Hot Plug PCI Controller Driver version: 0.4
[STDOUT  ] 2018-04-03T16:01:21.705808018Z: [    2.012252] hv_vmbus: registering driver hyperv_fb
[STDOUT  ] 2018-04-03T16:01:21.705818112Z: [    2.017339] input: Power Button as /devices/LNXSYSTM:00/LNXPWRBN:00/input/input0
[STDOUT  ] 2018-04-03T16:01:21.705828567Z: [    2.025082] ACPI: Power Button [PWRF]
[STDOUT  ] 2018-04-03T16:01:21.705838874Z: [    2.029825] ACPI: PCI Interrupt Link [GSIG] enabled at IRQ 22
[STDOUT  ] 2018-04-03T16:01:21.705849030Z: [    2.042168] ACPI: PCI Interrupt Link [GSIH] enabled at IRQ 23
[STDOUT  ] 2018-04-03T16:01:21.705859070Z: [    2.056504] Serial: 8250/16550 driver, 4 ports, IRQ sharing disabled
[STDOUT  ] 2018-04-03T16:01:21.705869250Z: [    2.097551] 00:04: ttyS0 at I/O 0x3f8 (irq = 4, base_baud = 115200) is a 16550A
[STDOUT  ] 2018-04-03T16:01:21.705879515Z: [    2.106476] Non-volatile memory driver v1.3
[STDOUT  ] 2018-04-03T16:01:21.705892843Z: [    2.113198] Hangcheck: starting hangcheck timer 0.9.1 (tick is 180 seconds, margin is 60 seconds).
[STDOUT  ] 2018-04-03T16:01:21.705905640Z: [    2.123476] random: crng init done
[STDOUT  ] 2018-04-03T16:01:21.705916186Z: [    2.130686] brd: module loaded
[STDOUT  ] 2018-04-03T16:01:21.705926443Z: [    2.135766] loop: module loaded
[STDOUT  ] 2018-04-03T16:01:21.705936959Z: [    2.144998] lpc_ich 0000:00:1f.0: I/O space for GPIO uninitialized
[STDOUT  ] 2018-04-03T16:01:21.705947147Z: [    2.152050] VMware PVSCSI driver - version 1.0.7.0-k
[STDOUT  ] 2018-04-03T16:01:21.705957450Z: [    2.157309] hv_vmbus: registering driver hv_storvsc
[STDOUT  ] 2018-04-03T16:01:21.705967549Z: [    2.163289] ACPI: PCI Interrupt Link [GSIA] enabled at IRQ 16
[STDOUT  ] 2018-04-03T16:01:21.705983192Z: [    2.172746] ahci 0000:00:1f.2: AHCI 0001.0000 32 slots 6 ports 1.5 Gbps 0x3f impl SATA mode
[STDOUT  ] 2018-04-03T16:01:21.705997392Z: [    2.181862] ahci 0000:00:1f.2: flags: 64bit ncq only 
[STDOUT  ] 2018-04-03T16:01:21.706007990Z: [    2.191216] scsi host0: ahci
[STDOUT  ] 2018-04-03T16:01:21.706018129Z: [    2.194581] scsi host1: ahci
[STDOUT  ] 2018-04-03T16:01:21.706028263Z: [    2.197892] scsi host2: ahci
[STDOUT  ] 2018-04-03T16:01:21.706038389Z: [    2.201231] scsi host3: ahci
[STDOUT  ] 2018-04-03T16:01:21.706048339Z: [    2.204513] scsi host4: ahci
[STDOUT  ] 2018-04-03T16:01:21.706058255Z: [    2.207876] scsi host5: ahci
[STDOUT  ] 2018-04-03T16:01:21.706068678Z: [    2.211183] ata1: SATA max UDMA/133 abar m4096@0xfebd2000 port 0xfebd2100 irq 24
[STDOUT  ] 2018-04-03T16:01:21.706078753Z: [    2.219004] ata2: SATA max UDMA/133 abar m4096@0xfebd2000 port 0xfebd2180 irq 24
[STDOUT  ] 2018-04-03T16:01:21.706089116Z: [    2.227436] ata3: SATA max UDMA/133 abar m4096@0xfebd2000 port 0xfebd2200 irq 24
[STDOUT  ] 2018-04-03T16:01:21.706099553Z: [    2.235507] ata4: SATA max UDMA/133 abar m4096@0xfebd2000 port 0xfebd2280 irq 24
[STDOUT  ] 2018-04-03T16:01:21.706110129Z: [    2.243305] ata5: SATA max UDMA/133 abar m4096@0xfebd2000 port 0xfebd2300 irq 24
[STDOUT  ] 2018-04-03T16:01:21.706120333Z: [    2.251050] ata6: SATA max UDMA/133 abar m4096@0xfebd2000 port 0xfebd2380 irq 24
[STDOUT  ] 2018-04-03T16:01:21.706130638Z: [    2.259240] tun: Universal TUN/TAP device driver, 1.6
[STDOUT  ] 2018-04-03T16:01:21.706140727Z: [    2.270900] VMware vmxnet3 virtual NIC driver - version 1.4.a.0-k-NAPI
[STDOUT  ] 2018-04-03T16:01:21.706150819Z: [    2.278039] hv_vmbus: registering driver hv_netvsc
[STDOUT  ] 2018-04-03T16:01:21.706164673Z: [    2.283021] Fusion MPT base driver 3.04.20
[STDOUT  ] 2018-04-03T16:01:21.706175116Z: [    2.287209] Copyright (c) 1999-2008 LSI Corporation
[STDOUT  ] 2018-04-03T16:01:21.706185226Z: [    2.291954] Fusion MPT SPI Host driver 3.04.20
[STDOUT  ] 2018-04-03T16:01:21.706195669Z: [    2.296308] i8042: PNP: PS/2 Controller [PNP0303:KBD,PNP0f13:MOU] at 0x60,0x64 irq 1,12
[STDOUT  ] 2018-04-03T16:01:21.706206038Z: [    2.308601] serio: i8042 KBD port at 0x60,0x64 irq 1
[STDOUT  ] 2018-04-03T16:01:21.706216305Z: [    2.313989] serio: i8042 AUX port at 0x60,0x64 irq 12
[STDOUT  ] 2018-04-03T16:01:21.706226425Z: [    2.319430] hv_vmbus: registering driver hyperv_keyboard
[STDOUT  ] 2018-04-03T16:01:21.706236463Z: [    2.325308] mousedev: PS/2 mouse device common for all mice
[STDOUT  ] 2018-04-03T16:01:21.706246763Z: [    2.332615] input: AT Translated Set 2 keyboard as /devices/platform/i8042/serio0/input/input1
[STDOUT  ] 2018-04-03T16:01:21.706257076Z: [    2.341751] input: PC Speaker as /devices/platform/pcspkr/input/input2
[STDOUT  ] 2018-04-03T16:01:21.706267342Z: [    2.348729] rtc_cmos 00:00: RTC can wake from S4
[STDOUT  ] 2018-04-03T16:01:21.706277480Z: [    2.355605] rtc_cmos 00:00: rtc core: registered rtc_cmos as rtc0
[STDOUT  ] 2018-04-03T16:01:21.706287751Z: [    2.362620] rtc_cmos 00:00: alarms up to one day, y3k, 114 bytes nvram, hpet irqs
[STDOUT  ] 2018-04-03T16:01:21.706298036Z: [    2.370252] i2c /dev entries driver
[STDOUT  ] 2018-04-03T16:01:21.706308363Z: [    2.373982] device-mapper: ioctl: 4.37.0-ioctl (2017-09-20) initialised: dm-devel@redhat.com
[STDOUT  ] 2018-04-03T16:01:21.706318771Z: [    2.383874] usbcore: registered new interface driver usbhid
[STDOUT  ] 2018-04-03T16:01:21.706329142Z: [    2.389891] usbhid: USB HID core driver
[STDOUT  ] 2018-04-03T16:01:21.706338980Z: [    2.394266] hv_utils: Registering HyperV Utility Driver
[STDOUT  ] 2018-04-03T16:01:21.706351536Z: [    2.399892] hv_vmbus: registering driver hv_util
[STDOUT  ] 2018-04-03T16:01:21.706361972Z: [    2.404925] hv_vmbus: registering driver hv_balloon
[STDOUT  ] 2018-04-03T16:01:21.706372138Z: [    2.410240] oprofile: using NMI interrupt.
[STDOUT  ] 2018-04-03T16:01:21.706385618Z: [    2.414650] GACT probability on
[STDOUT  ] 2018-04-03T16:01:21.706396035Z: [    2.418020] Mirror/redirect action on
[STDOUT  ] 2018-04-03T16:01:21.706411846Z: [    2.422070] Simple TC action Loaded
[STDOUT  ] 2018-04-03T16:01:21.706425974Z: [    2.425679] u32 classifier
[STDOUT  ] 2018-04-03T16:01:21.706436830Z: [    2.428475]     Performance counters on
[STDOUT  ] 2018-04-03T16:01:21.706447315Z: [    2.432520]     input device check on
[STDOUT  ] 2018-04-03T16:01:21.706457737Z: [    2.436210]     Actions configured
[STDOUT  ] 2018-04-03T16:01:21.706467872Z: [    2.439737] Netfilter messages via NETLINK v0.30.
[STDOUT  ] 2018-04-03T16:01:21.706477852Z: [    2.444658] nfnl_acct: registering with nfnetlink.
[STDOUT  ] 2018-04-03T16:01:21.706494625Z: [    2.449584] nf_conntrack version 0.5.0 (8192 buckets, 32768 max)
[STDOUT  ] 2018-04-03T16:01:21.706505988Z: [    2.455839] ctnetlink v0.93: registering with nfnetlink.
[STDOUT  ] 2018-04-03T16:01:21.706516218Z: [    2.461736] nf_tables: (c) 2007-2009 Patrick McHardy <kaber@trash.net>
[STDOUT  ] 2018-04-03T16:01:21.706529554Z: [    2.468407] nf_tables_compat: (c) 2012 Pablo Neira Ayuso <pablo@netfilter.org>
[STDOUT  ] 2018-04-03T16:01:21.706539957Z: [    2.475811] xt_time: kernel timezone is -0000
[STDOUT  ] 2018-04-03T16:01:21.706550565Z: [    2.480642] ip_set: protocol 6
[STDOUT  ] 2018-04-03T16:01:21.706561037Z: [    2.483841] IPVS: Registered protocols (TCP, UDP, SCTP, AH, ESP)
[STDOUT  ] 2018-04-03T16:01:21.706571112Z: [    2.490582] IPVS: Connection hash table configured (size=4096, memory=64Kbytes)
[STDOUT  ] 2018-04-03T16:01:21.706581308Z: [    2.499149] IPVS: ipvs loaded.
[STDOUT  ] 2018-04-03T16:01:21.706595012Z: [    2.502509] IPVS: [rr] scheduler registered.
[STDOUT  ] 2018-04-03T16:01:21.706605050Z: [    2.507129] IPVS: [wrr] scheduler registered.
[STDOUT  ] 2018-04-03T16:01:21.706615472Z: [    2.511778] IPVS: [lc] scheduler registered.
[STDOUT  ] 2018-04-03T16:01:21.706625514Z: [    2.516460] IPVS: [wlc] scheduler registered.
[STDOUT  ] 2018-04-03T16:01:21.706635785Z: [    2.520994] IPVS: [fo] scheduler registered.
[STDOUT  ] 2018-04-03T16:01:21.706646175Z: [    2.525603] IPVS: [ovf] scheduler registered.
[STDOUT  ] 2018-04-03T16:01:21.706656307Z: [    2.530189] IPVS: [lblc] scheduler registered.
[STDOUT  ] 2018-04-03T16:01:21.706666434Z: [    2.535012] IPVS: [lblcr] scheduler registered.
[STDOUT  ] 2018-04-03T16:01:21.706676801Z: [    2.539718] IPVS: [dh] scheduler registered.
[STDOUT  ] 2018-04-03T16:01:21.706687797Z: [    2.544379] IPVS: [sh] scheduler registered.
[STDOUT  ] 2018-04-03T16:01:21.706697965Z: [    2.548706] IPVS: [sed] scheduler registered.
[STDOUT  ] 2018-04-03T16:01:21.706708428Z: [    2.553521] IPVS: [nq] scheduler registered.
[STDOUT  ] 2018-04-03T16:01:21.706718677Z: [    2.557844] IPVS: ftp: loaded support on port[0] = 21
[STDOUT  ] 2018-04-03T16:01:21.706728876Z: [    2.563364] ipip: IPv4 and MPLS over IPv4 tunneling driver
[STDOUT  ] 2018-04-03T16:01:21.706739058Z: [    2.569295] gre: GRE over IPv4 demultiplexor driver
[STDOUT  ] 2018-04-03T16:01:21.706749158Z: [    2.574572] ip_tables: (C) 2000-2006 Netfilter Core Team
[STDOUT  ] 2018-04-03T16:01:21.706766996Z: [    2.580336] ipt_CLUSTERIP: ClusterIP Version 0.8 loaded successfully
[STDOUT  ] 2018-04-03T16:01:21.706777304Z: [    2.587036] arp_tables: arp_tables: (C) 2002 David S. Miller
[STDOUT  ] 2018-04-03T16:01:21.706787499Z: [    2.593400] ata4: SATA link down (SStatus 0 SControl 300)
[STDOUT  ] 2018-04-03T16:01:21.706798097Z: [    2.599647] ata3: SATA link up 1.5 Gbps (SStatus 113 SControl 300)
[STDOUT  ] 2018-04-03T16:01:21.706808265Z: [    2.606944] ata2: SATA link down (SStatus 0 SControl 300)
[STDOUT  ] 2018-04-03T16:01:21.706818750Z: [    2.613183] ata1: SATA link down (SStatus 0 SControl 300)
[STDOUT  ] 2018-04-03T16:01:21.706828830Z: [    2.619382] ata6: SATA link down (SStatus 0 SControl 300)
[STDOUT  ] 2018-04-03T16:01:21.706838854Z: [    2.625713] ata5: SATA link down (SStatus 0 SControl 300)
[STDOUT  ] 2018-04-03T16:01:21.706849402Z: [    2.631567] NET: Registered protocol family 10
[STDOUT  ] 2018-04-03T16:01:21.706859634Z: [    2.636255] ata3.00: ATAPI: QEMU DVD-ROM, 2.5+, max UDMA/100
[STDOUT  ] 2018-04-03T16:01:21.706875865Z: [    2.642109] ata3.00: applying bridge limits
[STDOUT  ] 2018-04-03T16:01:21.706892851Z: [    2.646987] Segment Routing with IPv6
[STDOUT  ] 2018-04-03T16:01:21.706903421Z: [    2.650908] ip6_tables: (C) 2000-2006 Netfilter Core Team
[STDOUT  ] 2018-04-03T16:01:21.706923856Z: [    2.656608] NET: Registered protocol family 17
[STDOUT  ] 2018-04-03T16:01:21.706934216Z: [    2.661654] ata3.00: configured for UDMA/100
[STDOUT  ] 2018-04-03T16:01:21.706944812Z: [    2.667379] scsi 2:0:0:0: CD-ROM            QEMU     QEMU DVD-ROM     2.5+ PQ: 0 ANSI: 5
[STDOUT  ] 2018-04-03T16:01:21.706958391Z: [    2.676324] Bridge firewalling registered
[STDOUT  ] 2018-04-03T16:01:21.706968685Z: [    2.682003] Ebtables v2.0 registered
[STDOUT  ] 2018-04-03T16:01:21.706978670Z: [    2.686110] 8021q: 802.1Q VLAN Support v1.8
[STDOUT  ] 2018-04-03T16:01:21.706988757Z: [    2.690718] 9pnet: Installing 9P2000 support
[STDOUT  ] 2018-04-03T16:01:21.706999337Z: [    2.695154] Key type dns_resolver registered
[STDOUT  ] 2018-04-03T16:01:21.707009531Z: [    2.699774] registered taskstats version 1
[STDOUT  ] 2018-04-03T16:01:21.707019625Z: [    2.710718] Key type big_key registered
[STDOUT  ] 2018-04-03T16:01:21.707029650Z: [    2.717855] Key type trusted registered
[STDOUT  ] 2018-04-03T16:01:21.707039754Z: [    2.722777] sr 2:0:0:0: [sr0] scsi3-mmc drive: 4x/4x cd/rw xa/form2 tray
[STDOUT  ] 2018-04-03T16:01:21.707050068Z: [    2.730174] cdrom: Uniform CD-ROM driver Revision: 3.20
[STDOUT  ] 2018-04-03T16:01:21.707060356Z: [    2.739113] sr 2:0:0:0: Attached scsi generic sg0 type 5
[STDOUT  ] 2018-04-03T16:01:21.707073885Z: [    2.745344] Key type encrypted registered
