[INFO    ] 2019-02-02T11:44:00.184464114Z: Running Test linuxkit.kernel.kmod_4.9.x in /tmp/build/test/cases/020_kernel/011_kmod_4.9.x
[STDERR  ] 2019-02-02T11:44:00.184563338Z: [    0.633812]   DMA32    [mem 0x0000000001000000-0x000000003ffdefff]
[STDERR  ] 2019-02-02T11:44:00.184647637Z: [    0.633813]   Normal   empty
[INFO    ] 2019-02-02T11:44:00.184721548Z: Running command: [/bin/sh -x /tmp/build/test/cases/020_kernel/011_kmod_4.9.x/test.sh]
[STDERR  ] 2019-02-02T11:44:00.184690858Z: [    0.633814]   Device   empty
[STDERR  ] 2019-02-02T11:44:00.184740559Z: [    0.633815] Movable zone start for each node
[STDERR  ] 2019-02-02T11:44:00.184791250Z: [    0.633816] Early memory node ranges
[STDERR  ] 2019-02-02T11:44:00.184832430Z: [    0.633818]   node   0: [mem 0x0000000000001000-0x000000000009efff]
[STDERR  ] 2019-02-02T11:44:00.184873997Z: [    0.633819]   node   0: [mem 0x0000000000100000-0x000000003ffdefff]
[STDERR  ] 2019-02-02T11:44:00.184912751Z: [    0.634415] Zeroed struct page in unavailable ranges: 98 pages
[STDERR  ] 2019-02-02T11:44:00.184978496Z: [    0.634417] Initmem setup node 0 [mem 0x0000000000001000-0x000000003ffdefff]
[STDERR  ] 2019-02-02T11:44:00.185015943Z: [    0.659427] ACPI: PM-Timer IO Port: 0x608
[STDERR  ] 2019-02-02T11:44:00.185066059Z: [    0.659480] ACPI: LAPIC_NMI (acpi_id[0xff] dfl dfl lint[0x1])
[STDERR  ] 2019-02-02T11:44:00.185116820Z: [    0.659745] IOAPIC[0]: apic_id 0, version 17, address 0xfec00000, GSI 0-23
[STDERR  ] 2019-02-02T11:44:00.185158602Z: [    0.659749] ACPI: INT_SRC_OVR (bus 0 bus_irq 0 global_irq 2 dfl dfl)
[STDERR  ] 2019-02-02T11:44:00.185207765Z: [    0.659752] ACPI: INT_SRC_OVR (bus 0 bus_irq 5 global_irq 5 high level)
[STDERR  ] 2019-02-02T11:44:00.185257226Z: [    0.659753] ACPI: INT_SRC_OVR (bus 0 bus_irq 9 global_irq 9 high level)
[STDERR  ] 2019-02-02T11:44:00.185296806Z: [    0.659755] ACPI: INT_SRC_OVR (bus 0 bus_irq 10 global_irq 10 high level)
[STDERR  ] 2019-02-02T11:44:00.185340763Z: [    0.659756] ACPI: INT_SRC_OVR (bus 0 bus_irq 11 global_irq 1
[STDERR  ] 2019-02-02T11:44:00.185672966Z: + set -e
[STDERR  ] 2019-02-02T11:44:00.185725609Z: + . /tmp/build/test/cases/_lib/lib.sh
[STDERR  ] 2019-02-02T11:44:00.185738711Z: + [ -f src/github.com/linuxkit/rtf/lib/lib.sh ]
[STDERR  ] 2019-02-02T11:44:00.185751521Z: + LINUXKIT_TMPDIR=/tmp/build/test/cases/_tmp
[STDERR  ] 2019-02-02T11:44:00.185765306Z: + [ -f /tmp/build/test/cases/_tmp/env.sh ]
[STDERR  ] 2019-02-02T11:44:00.185782686Z: + . /tmp/build/test/cases/_tmp/env.sh
[STDERR  ] 2019-02-02T11:44:00.185795425Z: + export LINUXKIT_EXAMPLES_DIR=/tmp/build/test/cases/../../examples
[STDERR  ] 2019-02-02T11:44:00.185812974Z: + RT_CANCEL=253
[STDERR  ] 2019-02-02T11:44:00.185824891Z: + NAME=kmod
[STDERR  ] 2019-02-02T11:44:00.185837503Z: + IMAGE_NAME=kmod-test
[STDERR  ] 2019-02-02T11:44:00.185851801Z: + trap clean_up EXIT
[STDERR  ] 2019-02-02T11:44:00.185864301Z: + docker pull linuxkit/kernel:4.9.154
[STDOUT  ] 2019-02-02T11:44:01.365444599Z: 4.9.154: Pulling from linuxkit/kernel
[STDOUT  ] 2019-02-02T11:44:01.762835626Z: Digest: sha256:72f5ef35efa8b51fbe68b7dafbc75363a407a84bf714874143b60ec8eedecff7
[STDOUT  ] 2019-02-02T11:44:01.766286472Z: Status: Downloaded newer image for linuxkit/kernel:4.9.154
[STDERR  ] 2019-02-02T11:44:01.767832966Z: + docker build -t kmod-test .
[STDOUT  ] 2019-02-02T11:44:01.979432439Z: Sending build context to Docker daemon  8.704kB
[STDOUT  ] 2019-02-02T11:44:02.047177271Z: Step 1/12 : FROM linuxkit/kernel:4.9.154 AS ksrc
[STDOUT  ] 2019-02-02T11:44:02.047471918Z:  ---> bab3b860e964
[STDOUT  ] 2019-02-02T11:44:02.047631556Z: Step 2/12 : FROM linuxkit/alpine:3683c9a66cd4da40bd7d6c7da599b2dcd738b559 AS build
[STDOUT  ] 2019-02-02T11:44:03.124629470Z: 3683c9a66cd4da40bd7d6c7da599b2dcd738b559: Pulling from linuxkit/alpine
[STDOUT  ] 2019-02-02T11:44:03.520869755Z: 8e3ba11ec2a2: Already exists
[STDOUT  ] 2019-02-02T11:44:03.528606801Z: ee5b4c35d047: Pulling fs layer
[STDOUT  ] 2019-02-02T11:44:03.528682007Z: bf97877be042: Pulling fs layer
[STDOUT  ] 2019-02-02T11:44:03.528691486Z: 8f7ab6276d3e: Pulling fs layer
[STDOUT  ] 2019-02-02T11:44:03.528712940Z: e381c3f0e5f4: Pulling fs layer
[STDOUT  ] 2019-02-02T11:44:03.528721453Z: 937f1f77e521: Pulling fs layer
[STDOUT  ] 2019-02-02T11:44:03.528730076Z: 3427f0ba0ccd: Pulling fs layer
[STDOUT  ] 2019-02-02T11:44:03.528738837Z: 35fea6e88de6: Pulling fs layer
[STDOUT  ] 2019-02-02T11:44:03.528747340Z: cd2abab23c83: Pulling fs layer
[STDOUT  ] 2019-02-02T11:44:03.528756433Z: 508c4c399b5e: Pulling fs layer
[STDOUT  ] 2019-02-02T11:44:03.528824988Z: e381c3f0e5f4: Waiting
[STDOUT  ] 2019-02-02T11:44:03.528834145Z: 937f1f77e521: Waiting
[STDOUT  ] 2019-02-02T11:44:03.528842953Z: 3427f0ba0ccd: Waiting
[STDOUT  ] 2019-02-02T11:44:03.528851552Z: 35fea6e88de6: Waiting
[STDOUT  ] 2019-02-02T11:44:03.528860136Z: cd2abab23c83: Waiting
[STDOUT  ] 2019-02-02T11:44:03.528868572Z: 508c4c399b5e: Waiting
[STDOUT  ] 2019-02-02T11:44:04.329034034Z: 8f7ab6276d3e: Download complete
[STDOUT  ] 2019-02-02T11:44:04.397289786Z: bf97877be042: Verifying Checksum
[STDOUT  ] 2019-02-02T11:44:04.397340861Z: bf97877be042: Download complete
[STDOUT  ] 2019-02-02T11:44:04.425567055Z: ee5b4c35d047: Verifying Checksum
[STDOUT  ] 2019-02-02T11:44:04.425619549Z: ee5b4c35d047: Download complete
[STDOUT  ] 2019-02-02T11:44:04.503827581Z: ee5b4c35d047: Pull complete
[STDOUT  ] 2019-02-02T11:44:04.593627505Z: bf97877be042: Pull complete
[STDOUT  ] 2019-02-02T11:44:04.684346351Z: 8f7ab6276d3e: Pull complete
[STDOUT  ] 2019-02-02T11:44:05.194983799Z: 3427f0ba0ccd: Verifying Checksum
[STDOUT  ] 2019-02-02T11:44:05.195045441Z: 3427f0ba0ccd: Download complete
[STDOUT  ] 2019-02-02T11:44:05.961755602Z: 937f1f77e521: Verifying Checksum
[STDOUT  ] 2019-02-02T11:44:05.961802385Z: 937f1f77e521: Download complete
[STDOUT  ] 2019-02-02T11:44:06.397608406Z: cd2abab23c83: Download complete
[STDOUT  ] 2019-02-02T11:44:07.584100982Z: 508c4c399b5e: Download complete
[STDOUT  ] 2019-02-02T11:44:09.522754907Z: 35fea6e88de6: Verifying Checksum
[STDOUT  ] 2019-02-02T11:44:09.522929112Z: 35fea6e88de6: Download complete
[STDOUT  ] 2019-02-02T11:44:26.897380583Z: e381c3f0e5f4: Verifying Checksum
[STDOUT  ] 2019-02-02T11:44:26.897531421Z: e381c3f0e5f4: Download complete
[STDOUT  ] 2019-02-02T11:44:31.862852844Z: e381c3f0e5f4: Pull complete
[STDOUT  ] 2019-02-02T11:44:32.282947147Z: 937f1f77e521: Pull complete
[STDOUT  ] 2019-02-02T11:44:32.371875156Z: 3427f0ba0ccd: Pull complete
[STDOUT  ] 2019-02-02T11:44:34.749139198Z: 35fea6e88de6: Pull complete
[STDOUT  ] 2019-02-02T11:44:34.868067666Z: cd2abab23c83: Pull complete
[STDOUT  ] 2019-02-02T11:44:34.973979682Z: 508c4c399b5e: Pull complete
[STDOUT  ] 2019-02-02T11:44:34.998359695Z: Digest: sha256:7777d4ca3151e6975bd96b7126d0f8a1756759a5f91e3abbdd8d202f20916319
[STDOUT  ] 2019-02-02T11:44:35.005320929Z: Status: Downloaded newer image for linuxkit/alpine:3683c9a66cd4da40bd7d6c7da599b2dcd738b559
[STDOUT  ] 2019-02-02T11:44:35.006144581Z:  ---> 9e5cfc2c8a33
[STDOUT  ] 2019-02-02T11:44:35.006202751Z: Step 3/12 : RUN apk add build-base libelf-dev
[STDOUT  ] 2019-02-02T11:44:35.063308226Z:  ---> Running in 8867933a3844
[STDOUT  ] 2019-02-02T11:44:35.446509529Z: (1/21) Installing binutils (2.30-r5)
[STDOUT  ] 2019-02-02T11:44:35.529066340Z: (2/21) Installing libmagic (5.32-r0)
[STDOUT  ] 2019-02-02T11:44:35.547298538Z: (3/21) Installing file (5.32-r0)
[STDOUT  ] 2019-02-02T11:44:35.547952908Z: (4/21) Installing gmp (6.1.2-r1)
[STDOUT  ] 2019-02-02T11:44:35.552572758Z: (5/21) Installing isl (0.18-r0)
[STDOUT  ] 2019-02-02T11:44:35.566010884Z: (6/21) Installing libgomp (6.4.0-r8)
[STDOUT  ] 2019-02-02T11:44:35.567922025Z: (7/21) Installing libatomic (6.4.0-r8)
[STDOUT  ] 2019-02-02T11:44:35.568487508Z: (8/21) Installing pkgconf (1.5.1-r0)
[STDOUT  ] 2019-02-02T11:44:35.570220836Z: (9/21) Installing libgcc (6.4.0-r8)
[STDOUT  ] 2019-02-02T11:44:35.571277504Z: (10/21) Installing mpfr3 (3.1.5-r1)
[STDOUT  ] 2019-02-02T11:44:35.575037273Z: (11/21) Installing mpc1 (1.0.3-r1)
[STDOUT  ] 2019-02-02T11:44:35.576215674Z: (12/21) Installing libstdc++ (6.4.0-r8)
[STDOUT  ] 2019-02-02T11:44:35.586050805Z: (13/21) Installing gcc (6.4.0-r8)
[STDOUT  ] 2019-02-02T11:44:36.228167056Z: (14/21) Installing musl-dev (1.1.19-r10)
[STDOUT  ] 2019-02-02T11:44:36.305579167Z: (15/21) Installing libc-dev (0.7.1-r0)
[STDOUT  ] 2019-02-02T11:44:36.305874933Z: (16/21) Installing g++ (6.4.0-r8)
[STDOUT  ] 2019-02-02T11:44:37.022193594Z: (17/21) Installing make (4.2.1-r2)
[STDOUT  ] 2019-02-02T11:44:37.025210941Z: (18/21) Installing fortify-headers (0.9-r0)
[STDOUT  ] 2019-02-02T11:44:37.026976329Z: (19/21) Installing build-base (0.5-r1)
[STDOUT  ] 2019-02-02T11:44:37.027157823Z: (20/21) Installing libelf (0.8.13-r3)
[STDOUT  ] 2019-02-02T11:44:37.028453828Z: (21/21) Installing libelf-dev (0.8.13-r3)
[STDOUT  ] 2019-02-02T11:44:37.033658489Z: Executing busybox-1.28.4-r1.trigger
[STDOUT  ] 2019-02-02T11:44:37.043963220Z: OK: 166 MiB in 34 packages
[STDOUT  ] 2019-02-02T11:44:41.068093831Z: Removing intermediate container 8867933a3844
[STDOUT  ] 2019-02-02T11:44:41.068221146Z:  ---> 6f2b7274835a
[STDOUT  ] 2019-02-02T11:44:41.068316708Z: Step 4/12 : COPY --from=ksrc /kernel-dev.tar /
[STDOUT  ] 2019-02-02T11:44:42.317799175Z:  ---> a74b33c2c0c0
[STDOUT  ] 2019-02-02T11:44:42.317953450Z: Step 5/12 : RUN tar xf kernel-dev.tar
[STDOUT  ] 2019-02-02T11:44:42.381529490Z:  ---> Running in 57e5299b8cd5
[STDOUT  ] 2019-02-02T11:44:49.700251045Z: Removing intermediate container 57e5299b8cd5
[STDOUT  ] 2019-02-02T11:44:49.700299991Z:  ---> 7d2a65224ea6
[STDOUT  ] 2019-02-02T11:44:49.700307881Z: Step 6/12 : WORKDIR /kmod
[STDOUT  ] 2019-02-02T11:44:51.406562002Z:  ---> Running in cdfc9867f0b8
[STDOUT  ] 2019-02-02T11:44:51.600006823Z: Removing intermediate container cdfc9867f0b8
[STDOUT  ] 2019-02-02T11:44:51.600063439Z:  ---> 099c2fcc16c0
[STDOUT  ] 2019-02-02T11:44:51.600071901Z: Step 7/12 : COPY ./src/* ./
[STDOUT  ] 2019-02-02T11:44:51.857296923Z:  ---> 6d649309f34c
[STDOUT  ] 2019-02-02T11:44:51.857345466Z: Step 8/12 : RUN make all
[STDOUT  ] 2019-02-02T11:44:51.905775036Z:  ---> Running in 951aadc63ad1
[STDOUT  ] 2019-02-02T11:44:52.180230585Z: make -C /usr/src/linux-headers-4.9.154-linuxkit M=/kmod modules
[STDOUT  ] 2019-02-02T11:44:52.180313798Z: make[1]: Entering directory '/usr/src/linux-headers-4.9.154-linuxkit'
[STDOUT  ] 2019-02-02T11:44:53.411469038Z:   CC [M]  /kmod/hello_world.o
[STDOUT  ] 2019-02-02T11:44:53.622792977Z:   Building modules, stage 2.
[STDOUT  ] 2019-02-02T11:44:53.630930694Z:   MODPOST 1 modules
[STDOUT  ] 2019-02-02T11:44:53.645592509Z:   CC      /kmod/hello_world.mod.o
[STDOUT  ] 2019-02-02T11:44:53.835358403Z:   LD [M]  /kmod/hello_world.ko
[STDOUT  ] 2019-02-02T11:44:53.838304160Z: make[1]: Leaving directory '/usr/src/linux-headers-4.9.154-linuxkit'
[STDOUT  ] 2019-02-02T11:44:54.287700484Z: Removing intermediate container 951aadc63ad1
[STDOUT  ] 2019-02-02T11:44:54.287811046Z:  ---> beca01a114da
[STDOUT  ] 2019-02-02T11:44:54.287997204Z: Step 9/12 : FROM alpine:3.8
[STDOUT  ] 2019-02-02T11:44:54.288090309Z:  ---> 491e0ff7a8d5
[STDOUT  ] 2019-02-02T11:44:54.288163973Z: Step 10/12 : COPY --from=build /kmod/hello_world.ko /
[STDOUT  ] 2019-02-02T11:44:54.486024513Z:  ---> e0934f8dbfef
[STDOUT  ] 2019-02-02T11:44:54.486243477Z: Step 11/12 : COPY check.sh /check.sh
[STDOUT  ] 2019-02-02T11:44:54.669032944Z:  ---> 0707b4c763fb
[STDOUT  ] 2019-02-02T11:44:54.669100375Z: Step 12/12 : ENTRYPOINT ["/bin/sh", "/check.sh"]
[STDOUT  ] 2019-02-02T11:44:54.726088724Z:  ---> Running in 178c5a6ae62a
[STDOUT  ] 2019-02-02T11:44:54.847411879Z: Removing intermediate container 178c5a6ae62a
[STDOUT  ] 2019-02-02T11:44:54.847565497Z:  ---> 63a42a7cec1c
[STDOUT  ] 2019-02-02T11:44:54.847689802Z: Successfully built 63a42a7cec1c
[STDOUT  ] 2019-02-02T11:44:54.854535682Z: Successfully tagged kmod-test:latest
[STDERR  ] 2019-02-02T11:44:54.855982482Z: + linuxkit build -format kernel+initrd -name kmod test.yml
[STDERR  ] 2019-02-02T11:44:54.887239028Z: Extract kernel image: linuxkit/kernel:4.9.154
[STDERR  ] 2019-02-02T11:44:56.852006176Z: Add init containers:
[STDERR  ] 2019-02-02T11:44:56.852074622Z: Process init image: linuxkit/init:e0dced91adbfba34c53cd673760e011f410638ff
[STDERR  ] 2019-02-02T11:44:58.047916678Z: Process init image: linuxkit/runc:b87c49e73eb14ba73d23eabf75423e987a043209
[STDERR  ] 2019-02-02T11:44:59.211922475Z: Add onboot containers:
[STDERR  ] 2019-02-02T11:44:59.211999344Z:   Create OCI config for kmod-test
[STDERR  ] 2019-02-02T11:44:59.309074388Z:   Create OCI config for linuxkit/poweroff:afe8f7dd0d47a7991c54519b0f09124cb8c4e300
[STDERR  ] 2019-02-02T11:45:00.461980543Z: Create outputs:
[STDERR  ] 2019-02-02T11:45:05.170559144Z:   kmod-kernel kmod-initrd.img kmod-cmdline
[STDERR  ] 2019-02-02T11:45:05.240277010Z: + linuxkit run kmod
[STDERR  ] 2019-02-02T11:45:13.846950151Z: + RESULT=[    0.000000] Linux version 4.9.154-linuxkit (root@cc08f02c17b0) (gcc version 6.4.0 (Alpine 6.4.0) ) #1 SMP Sat Feb 2 01:23:54 UTC 2019
[STDERR  ] 2019-02-02T11:45:13.847043118Z: [    0.000000] Command line: console=ttyS0 console=ttyAMA0
[STDERR  ] 2019-02-02T11:45:13.847059460Z: [    0.000000] x86/fpu: Legacy x87 FPU detected.
[STDERR  ] 2019-02-02T11:45:13.847074375Z: [    0.000000] e820: BIOS-provided physical RAM map:
[STDERR  ] 2019-02-02T11:45:13.847088397Z: [    0.000000] BIOS-e820: [mem 0x0000000000000000-0x000000000009fbff] usable
[STDERR  ] 2019-02-02T11:45:13.847102264Z: [    0.000000] BIOS-e820: [mem 0x000000000009fc00-0x000000000009ffff] reserved
[STDERR  ] 2019-02-02T11:45:13.847128149Z: [    0.000000] BIOS-e820: [mem 0x00000000000f0000-0x00000000000fffff] reserved
[STDERR  ] 2019-02-02T11:45:13.847176932Z: [    0.000000] BIOS-e820: [mem 0x0000000000100000-0x000000003ffdefff] usable
[STDERR  ] 2019-02-02T11:45:13.847191907Z: [    0.000000] BIOS-e820: [mem 0x000000003ffdf000-0x000000003fffffff] reserved
[STDERR  ] 2019-02-02T11:45:13.847204753Z: [    0.000000] BIOS-e820: [mem 0x00000000b0000000-0x00000000bfffffff] reserved
[STDERR  ] 2019-02-02T11:45:13.847217809Z: [    0.000000] BIOS-e820: [mem 0x00000000fed1c000-0x00000000fed1ffff] reserved
[STDERR  ] 2019-02-02T11:45:13.847229899Z: [    0.000000] BIOS-e820: [mem 0x00000000feffc000-0x00000000feffffff] reserved
[STDERR  ] 2019-02-02T11:45:13.847245734Z: [    0.000000] BIOS-e820: [mem 0x00000000fffc0000-0x00000000ffffffff] reserved
[STDERR  ] 2019-02-02T11:45:13.847257509Z: [    0.000000] NX (Execute Disable) protection: active
[STDERR  ] 2019-02-02T11:45:13.847270938Z: [    0.000000] SMBIOS 2.8 present.
[STDERR  ] 2019-02-02T11:45:13.847283240Z: [    0.000000] Hypervisor detected: KVM
[STDERR  ] 2019-02-02T11:45:13.847294754Z: [    0.000000] e820: last_pfn = 0x3ffdf max_arch_pfn = 0x400000000
[STDERR  ] 2019-02-02T11:45:13.847306499Z: [    0.000000] x86/PAT: PAT not supported by CPU.
[STDERR  ] 2019-02-02T11:45:13.847317667Z: [    0.000000] x86/PAT: Configuration [0-7]: WB  WT  UC- UC  WB  WT  UC- UC  
[STDERR  ] 2019-02-02T11:45:13.847330693Z: [    0.000000] found SMP MP-table at [mem 0x000f6a90-0x000f6a9f] mapped at [ffff9c1c000f6a90]
[STDERR  ] 2019-02-02T11:45:13.847345535Z: [    0.000000] RAMDISK: [mem 0x3e5ae000-0x3ffcffff]
[STDERR  ] 2019-02-02T11:45:13.847358994Z: [    0.000000] ACPI: Early table checksum verification disabled
[STDERR  ] 2019-02-02T11:45:13.847379782Z: [    0.000000] ACPI: RSDP 0x00000000000F68D0 000014 (v00 BOCHS )
[STDERR  ] 2019-02-02T11:45:13.847393196Z: [    0.000000] ACPI: RSDT 0x000000003FFE2404 000034 (v01 BOCHS  BXPCRSDT 00000001 BXPC 00000001)
[STDERR  ] 2019-02-02T11:45:13.847405818Z: [    0.000000] ACPI: FACP 0x000000003FFE22A4 000074 (v01 BOCHS  BXPCFACP 00000001 BXPC 00000001)
[STDERR  ] 2019-02-02T11:45:13.847419083Z: [    0.000000] ACPI: DSDT 0x000000003FFE0040 002264 (v01 BOCHS  BXPCDSDT 00000001 BXPC 00000001)
[STDERR  ] 2019-02-02T11:45:13.847431950Z: [    0.000000] ACPI: FACS 0x000000003FFE0000 000040
[STDERR  ] 2019-02-02T11:45:13.847444844Z: [    0.000000] ACPI: APIC 0x000000003FFE2318 000078 (v01 BOCHS  BXPCAPIC 00000001 BXPC 00000001)
[STDERR  ] 2019-02-02T11:45:13.847458092Z: [    0.000000] ACPI: HPET 0x000000003FFE2390 000038 (v01 BOCHS  BXPCHPET 00000001 BXPC 00000001)
[STDERR  ] 2019-02-02T11:45:13.847471323Z: [    0.000000] ACPI: MCFG 0x000000003FFE23C8 00003C (v01 BOCHS  BXPCMCFG 00000001 BXPC 00000001)
[STDERR  ] 2019-02-02T11:45:13.847500856Z: [    0.000000] kvm-clock: Using msrs 4b564d01 and 4b564d00
[STDERR  ] 2019-02-02T11:45:13.847568742Z: [    0.000000] kvm-clock: cpu 0, msr 0:3ffdd001, primary cpu clock
[STDERR  ] 2019-02-02T11:45:13.847585855Z: [    0.000000] clocksource: kvm-clock: mask: 0xffffffffffffffff max_cycles: 0x1cd42e4dffb, max_idle_ns: 881590591483 ns
[STDERR  ] 2019-02-02T11:45:13.847601627Z: [    0.000000] Zone ranges:
[STDERR  ] 2019-02-02T11:45:13.847619885Z: [    0.000000]   DMA      [mem 0x0000000000001000-0x0000000000ffffff]
[STDERR  ] 2019-02-02T11:45:13.847632451Z: [    0.000000]   DMA32    [mem 0x0000000001000000-0x000000003ffdefff]
[STDERR  ] 2019-02-02T11:45:13.847644756Z: [    0.000000]   Normal   empty
[STDERR  ] 2019-02-02T11:45:13.847657175Z: [    0.000000] Movable zone start for each node
[STDERR  ] 2019-02-02T11:45:13.847675118Z: [    0.000000] Early memory node ranges
[STDERR  ] 2019-02-02T11:45:13.847687827Z: [    0.000000]   node   0: [mem 0x0000000000001000-0x000000000009efff]
[STDERR  ] 2019-02-02T11:45:13.847703805Z: [    0.000000]   node   0: [mem 0x0000000000100000-0x000000003ffdefff]
[STDERR  ] 2019-02-02T11:45:13.847715644Z: [    0.000000] Initmem setup node 0 [mem 0x0000000000001000-0x000000003ffdefff]
[STDERR  ] 2019-02-02T11:45:13.847737239Z: [    0.000000] ACPI: PM-Timer IO Port: 0x608
[STDERR  ] 2019-02-02T11:45:13.847749173Z: [    0.000000] ACPI: LAPIC_NMI (acpi_id[0xff] dfl dfl lint[0x1])
[STDERR  ] 2019-02-02T11:45:13.847766633Z: [    0.000000] IOAPIC[0]: apic_id 0, version 17, address 0xfec00000, GSI 0-23
[STDERR  ] 2019-02-02T11:45:13.847781493Z: [    0.000000] ACPI: INT_SRC_OVR (bus 0 bus_irq 0 global_irq 2 dfl dfl)
[STDERR  ] 2019-02-02T11:45:13.847793562Z: [    0.000000] ACPI: INT_SRC_OVR (bus 0 bus_irq 5 global_irq 5 high level)
[STDERR  ] 2019-02-02T11:45:13.847806313Z: [    0.000000] ACPI: INT_SRC_OVR (bus 0 bus_irq 9 global_irq 9 high level)
[STDERR  ] 2019-02-02T11:45:13.847824925Z: [    0.000000] ACPI: INT_SRC_OVR (bus 0 bus_irq 10 global_irq 10 high level)
[STDERR  ] 2019-02-02T11:45:13.847847079Z: [    0.000000] ACPI: INT_SRC_OVR (bus 0 bus_irq 11 global_irq 11 high level)
[STDERR  ] 2019-02-02T11:45:13.847859304Z: [    0.000000] Using ACPI (MADT) for SMP configuration information
[STDERR  ] 2019-02-02T11:45:13.847871573Z: [    0.000000] ACPI: HPET id: 0x8086a201 base: 0xfed00000
[STDERR  ] 2019-02-02T11:45:13.847889167Z: [    0.000000] smpboot: Allowing 1 CPUs, 0 hotplug CPUs
[STDERR  ] 2019-02-02T11:45:13.847902613Z: [    0.000000] e820: [mem 0x40000000-0xafffffff] available for PCI devices
[STDERR  ] 2019-02-02T11:45:13.847918432Z: [    0.000000] Booting paravirtualized kernel on KVM
[STDERR  ] 2019-02-02T11:45:13.847930943Z: [    0.000000] clocksource: refined-jiffies: mask: 0xffffffff max_cycles: 0xffffffff, max_idle_ns: 19112604462750000 ns
[STDERR  ] 2019-02-02T11:45:13.847943337Z: [    0.000000] setup_percpu: NR_CPUS:128 nr_cpumask_bits:128 nr_cpu_ids:1 nr_node_ids:1
[STDERR  ] 2019-02-02T11:45:13.847959543Z: [    0.000000] percpu: Embedded 36 pages/cpu @ffff9c1c3e200000 s107096 r8192 d32168 u2097152
[STDERR  ] 2019-02-02T11:45:13.847976005Z: [    0.000000] KVM setup async PF for cpu 0
[STDERR  ] 2019-02-02T11:45:13.848000561Z: [    0.000000] kvm-stealtime: cpu 0, msr 3e20fe40
[STDERR  ] 2019-02-02T11:45:13.848020463Z: [    0.000000] Built 1 zonelists in Zone order, mobility grouping on.  Total pages: 257896
[STDERR  ] 2019-02-02T11:45:13.848033602Z: [    0.000000] Kernel command line: console=ttyS0 console=ttyAMA0
[STDERR  ] 2019-02-02T11:45:13.848049846Z: [    0.000000] PID hash table entries: 4096 (order: 3, 32768 bytes)
[STDERR  ] 2019-02-02T11:45:13.848062797Z: [    0.000000] Dentry cache hash table entries: 131072 (order: 8, 1048576 bytes)
[STDERR  ] 2019-02-02T11:45:13.848078753Z: [    0.000000] Inode-cache hash table entries: 65536 (order: 7, 524288 bytes)
[STDERR  ] 2019-02-02T11:45:13.848091331Z: [    0.000000] Memory: 987400K/1048052K available (8116K kernel code, 1393K rwdata, 2712K rodata, 1404K init, 516K bss, 60652K reserved, 0K cma-reserved)
[STDERR  ] 2019-02-02T11:45:13.848117130Z: [    0.000000] Kernel/User page tables isolation: enabled
[STDERR  ] 2019-02-02T11:45:13.848133217Z: [    0.000000] Hierarchical RCU implementation.
[STDERR  ] 2019-02-02T11:45:13.848145795Z: [    0.000000] 	Build-time adjustment of leaf fanout to 64.
[STDERR  ] 2019-02-02T11:45:13.848157958Z: [    0.000000] 	RCU restricting CPUs from NR_CPUS=128 to nr_cpu_ids=1.
[STDERR  ] 2019-02-02T11:45:13.848173424Z: [    0.000000] RCU: Adjusting geometry for rcu_fanout_leaf=64, nr_cpu_ids=1
[STDERR  ] 2019-02-02T11:45:13.848185249Z: [    0.000000] NR_IRQS:8448 nr_irqs:256 16
[STDERR  ] 2019-02-02T11:45:13.848197247Z: [    0.000000] Console: colour VGA+ 80x25
[STDERR  ] 2019-02-02T11:45:13.848209939Z: [    0.000000] console [ttyS0] enabled
[STDERR  ] 2019-02-02T11:45:13.848224779Z: [    0.000000] clocksource: hpet: mask: 0xffffffff max_cycles: 0xffffffff, max_idle_ns: 19112604467 ns
[STDERR  ] 2019-02-02T11:45:13.848236989Z: [    0.000000] tsc: Detected 2299.918 MHz processor
[STDERR  ] 2019-02-02T11:45:13.848249769Z: [    0.020000] Calibrating delay loop (skipped) preset value.. 4599.83 BogoMIPS (lpj=22999180)
[STDERR  ] 2019-02-02T11:45:13.848262289Z: [    0.022877] pid_max: default: 32768 minimum: 301
[STDERR  ] 2019-02-02T11:45:13.848285495Z: [    0.027410] ACPI: Core revision 20160831
[STDERR  ] 2019-02-02T11:45:13.848297586Z: [    0.030859] ACPI: 1 ACPI AML tables successfully acquired and loaded
[STDERR  ] 2019-02-02T11:45:13.848309071Z: [    0.037209] Security Framework initialized
[STDERR  ] 2019-02-02T11:45:13.848322269Z: [    0.040057] Yama: becoming mindful.
[STDERR  ] 2019-02-02T11:45:13.848334398Z: [    0.043479] Mount-cache hash table entries: 2048 (order: 2, 16384 bytes)
[STDERR  ] 2019-02-02T11:45:13.848346924Z: [    0.050029] Mountpoint-cache hash table entries: 2048 (order: 2, 16384 bytes)
[STDERR  ] 2019-02-02T11:45:13.848368533Z: [    0.061106] Last level iTLB entries: 4KB 0, 2MB 0, 4MB 0
[STDERR  ] 2019-02-02T11:45:13.848382844Z: [    0.066238] Last level dTLB entries: 4KB 0, 2MB 0, 4MB 0, 1GB 0
[STDERR  ] 2019-02-02T11:45:13.848395840Z: [    0.070026] Spectre V2 : Mitigation: Full generic retpoline
[STDERR  ] 2019-02-02T11:45:13.848408662Z: [    0.075367] Spectre V2 : Spectre v2 / SpectreRSB mitigation: Filling RSB on context switch
[STDERR  ] 2019-02-02T11:45:13.848423342Z: [    0.080024] Speculative Store Bypass: Vulnerable
[STDERR  ] 2019-02-02T11:45:13.848436152Z: [    0.228346] Freeing SMP alternatives memory: 20K
[STDERR  ] 2019-02-02T11:45:13.848448655Z: [    0.265255] ftrace: allocating 35626 entries in 140 pages
[STDERR  ] 2019-02-02T11:45:13.848464968Z: [    0.300144] smpboot: Max logical packages: 1
[STDERR  ] 2019-02-02T11:45:13.848481070Z: [    0.312299] x2apic enabled
[STDERR  ] 2019-02-02T11:45:13.848499092Z: [    0.317185] Switched APIC routing to physical x2apic.
[STDERR  ] 2019-02-02T11:45:13.848511378Z: [    0.334990] ..TIMER: vector=0x30 apic1=0 pin1=2 apic2=-1 pin2=-1
[STDERR  ] 2019-02-02T11:45:13.848525549Z: [    0.340000] smpboot: CPU0: Intel QEMU Virtual CPU version 2.5+ (family: 0x6, model: 0x6, stepping: 0x3)
[STDERR  ] 2019-02-02T11:45:13.848538385Z: [    0.340000] Performance Events: PMU not available due to virtualization, using software events only.
[STDERR  ] 2019-02-02T11:45:13.848552036Z: [    0.360078] x86: Booted up 1 node, 1 CPUs
[STDERR  ] 2019-02-02T11:45:13.848564206Z: [    0.364370] smpboot: Total of 1 processors activated (4599.83 BogoMIPS)
[STDERR  ] 2019-02-02T11:45:13.848580247Z: [    0.372219] devtmpfs: initialized
[STDERR  ] 2019-02-02T11:45:13.848592725Z: [    0.375594] x86/mm: Memory block size: 128MB
[STDERR  ] 2019-02-02T11:45:13.848605229Z: [    0.383076] clocksource: jiffies: mask: 0xffffffff max_cycles: 0xffffffff, max_idle_ns: 19112604462750000 ns
[STDERR  ] 2019-02-02T11:45:13.848626267Z: [    0.390022] futex hash table entries: 256 (order: 2, 16384 bytes)
[STDERR  ] 2019-02-02T11:45:13.848638321Z: [    0.396118] NET: Registered protocol family 16
[STDERR  ] 2019-02-02T11:45:13.848655475Z: [    0.400227] cpuidle: using governor ladder
[STDERR  ] 2019-02-02T11:45:13.848668791Z: [    0.404333] cpuidle: using governor menu
[STDERR  ] 2019-02-02T11:45:13.848680419Z: [    0.410333] ACPI: bus type PCI registered
[STDERR  ] 2019-02-02T11:45:13.848697398Z: [    0.414701] PCI: MMCONFIG for domain 0000 [bus 00-ff] at [mem 0xb0000000-0xbfffffff] (base 0xb0000000)
[STDERR  ] 2019-02-02T11:45:13.848710152Z: [    0.420010] PCI: MMCONFIG at [mem 0xb0000000-0xbfffffff] reserved in E820
[STDERR  ] 2019-02-02T11:45:13.848722597Z: [    0.430025] PCI: Using configuration type 1 for base access
[STDERR  ] 2019-02-02T11:45:13.848739347Z: [    0.437378] HugeTLB registered 2 MB page size, pre-allocated 0 pages
[STDERR  ] 2019-02-02T11:45:13.848751411Z: [    0.440268] ACPI: Added _OSI(Module Device)
[STDERR  ] 2019-02-02T11:45:13.848763721Z: [    0.450006] ACPI: Added _OSI(Processor Device)
[STDERR  ] 2019-02-02T11:45:13.848779172Z: [    0.454298] ACPI: Added _OSI(3.0 _SCP Extensions)
[STDERR  ] 2019-02-02T11:45:13.848791582Z: [    0.458824] ACPI: Added _OSI(Processor Aggregator Device)
[STDERR  ] 2019-02-02T11:45:13.848807844Z: [    0.464052] ACPI: Interpreter enabled
[STDERR  ] 2019-02-02T11:45:13.848819702Z: [    0.470018] ACPI: (supports S0 S5)
[STDERR  ] 2019-02-02T11:45:13.848845944Z: [    0.473344] ACPI: Using IOAPIC for interrupt routing
[STDERR  ] 2019-02-02T11:45:13.848858637Z: [    0.480072] PCI: Using host bridge windows from ACPI; if necessary, use "pci=nocrs" and report a bug
[STDERR  ] 2019-02-02T11:45:13.848872848Z: [    0.492745] ACPI: PCI Root Bridge [PCI0] (domain 0000 [bus 00-ff])
[STDERR  ] 2019-02-02T11:45:13.848885299Z: [    0.498719] acpi PNP0A08:00: _OSC: OS supports [ExtendedConfig ASPM ClockPM Segments MSI]
[STDERR  ] 2019-02-02T11:45:13.848950732Z: [    0.500141] acpi PNP0A08:00: _OSC: OS now controls [PCIeHotplug PME PCIeCapability]
[STDERR  ] 2019-02-02T11:45:13.848963707Z: [    0.510079] PCI host bridge to bus 0000:00
[STDERR  ] 2019-02-02T11:45:13.848976651Z: [    0.514041] pci_bus 0000:00: root bus resource [io  0x0000-0x0cf7 window]
[STDERR  ] 2019-02-02T11:45:13.849046482Z: [    0.520008] pci_bus 0000:00: root bus resource [io  0x0d00-0xffff window]
[STDERR  ] 2019-02-02T11:45:13.849059052Z: [    0.530008] pci_bus 0000:00: root bus resource [mem 0x000a0000-0x000bffff window]
[STDERR  ] 2019-02-02T11:45:13.849071600Z: [    0.537275] pci_bus 0000:00: root bus resource [mem 0xc0000000-0xfebfffff window]
[STDERR  ] 2019-02-02T11:45:13.849085207Z: [    0.540013] pci_bus 0000:00: root bus resource [bus 00-ff]
[STDERR  ] 2019-02-02T11:45:13.849102471Z: [    0.624782] pci 0000:00:1f.0: quirk: [io  0x0600-0x067f] claimed by ICH6 ACPI/GPIO/TCO
[STDERR  ] 2019-02-02T11:45:13.849114926Z: [    0.659531] ACPI: PCI Interrupt Link [LNKA] (IRQs 5 *10 11)
[STDERR  ] 2019-02-02T11:45:13.849148650Z: [    0.661971] ACPI: PCI Interrupt Link [LNKB] (IRQs 5 *10 11)
[STDERR  ] 2019-02-02T11:45:13.849171374Z: [    0.671886] ACPI: PCI Interrupt Link [LNKC] (IRQs 5 10 *11)
[STDERR  ] 2019-02-02T11:45:13.849183286Z: [    0.678137] ACPI: PCI Interrupt Link [LNKD] (IRQs 5 10 *11)
[STDERR  ] 2019-02-02T11:45:13.849194665Z: [    0.681854] ACPI: PCI Interrupt Link [LNKE] (IRQs 5 *10 11)
[STDERR  ] 2019-02-02T11:45:13.849207458Z: [    0.691135] ACPI: PCI Interrupt Link [LNKF] (IRQs 5 *10 11)
[STDERR  ] 2019-02-02T11:45:13.849221469Z: [    0.697387] ACPI: PCI Interrupt Link [LNKG] (IRQs 5 10 *11)
[STDERR  ] 2019-02-02T11:45:13.849234289Z: [    0.701907] ACPI: PCI Interrupt Link [LNKH] (IRQs 5 10 *11)
[STDERR  ] 2019-02-02T11:45:13.849246499Z: [    0.707950] ACPI: PCI Interrupt Link [GSIA] (IRQs *16)
[STDERR  ] 2019-02-02T11:45:13.849259351Z: [    0.710956] ACPI: PCI Interrupt Link [GSIB] (IRQs *17)
[STDERR  ] 2019-02-02T11:45:13.849271483Z: [    0.720292] ACPI: PCI Interrupt Link [GSIC] (IRQs *18)
[STDERR  ] 2019-02-02T11:45:13.849285360Z: [    0.725584] ACPI: PCI Interrupt Link [GSID] (IRQs *19)
[STDERR  ] 2019-02-02T11:45:13.849296879Z: [    0.730992] ACPI: PCI Interrupt Link [GSIE] (IRQs *20)
[STDERR  ] 2019-02-02T11:45:13.849314462Z: [    0.736335] ACPI: PCI Interrupt Link [GSIF] (IRQs *21)
[STDERR  ] 2019-02-02T11:45:13.849329369Z: [    0.740944] ACPI: PCI Interrupt Link [GSIG] (IRQs *22)
[STDERR  ] 2019-02-02T11:45:13.849348198Z: [    0.746287] ACPI: PCI Interrupt Link [GSIH] (IRQs *23)
[STDERR  ] 2019-02-02T11:45:13.849361982Z: [    0.751310] ACPI: Enabled 2 GPEs in block 00 to 3F
[STDERR  ] 2019-02-02T11:45:13.849374672Z: [    0.756629] SCSI subsystem initialized
[STDERR  ] 2019-02-02T11:45:13.849387230Z: [    0.760119] ACPI: bus type USB registered
[STDERR  ] 2019-02-02T11:45:13.849412570Z: [    0.764068] usbcore: registered new interface driver usbfs
[STDERR  ] 2019-02-02T11:45:13.849426098Z: [    0.770049] usbcore: registered new interface driver hub
[STDERR  ] 2019-02-02T11:45:13.849438333Z: [    0.775599] usbcore: registered new device driver usb
[STDERR  ] 2019-02-02T11:45:13.849450391Z: [    0.780061] pps_core: LinuxPPS API ver. 1 registered
[STDERR  ] 2019-02-02T11:45:13.849463469Z: [    0.784886] pps_core: Software ver. 5.3.6 - Copyright 2005-2007 Rodolfo Giometti <giometti@linux.it>
[STDERR  ] 2019-02-02T11:45:13.849489983Z: [    0.790022] PTP clock support registered
[STDERR  ] 2019-02-02T11:45:13.849502233Z: [    0.793905] PCI: Using ACPI for IRQ routing
[STDERR  ] 2019-02-02T11:45:13.849520058Z: [    1.271802] NetLabel: Initializing
[STDERR  ] 2019-02-02T11:45:13.849540494Z: [    1.275135] NetLabel:  domain hash size = 128
[STDERR  ] 2019-02-02T11:45:13.849553533Z: [    1.279403] NetLabel:  protocols = UNLABELED CIPSOv4
[STDERR  ] 2019-02-02T11:45:13.849565894Z: [    1.280069] NetLabel:  unlabeled traffic allowed by default
[STDERR  ] 2019-02-02T11:45:13.849578191Z: [    1.285567] HPET: 3 timers in total, 0 timers will be used for per-cpu timer
[STDERR  ] 2019-02-02T11:45:13.849591155Z: [    1.290120] hpet0: at MMIO 0xfed00000, IRQs 2, 8, 0
[STDERR  ] 2019-02-02T11:45:13.849603361Z: [    1.301305] hpet0: 3 comparators, 64-bit 100.000000 MHz counter
[STDERR  ] 2019-02-02T11:45:13.849615054Z: [    1.310056] clocksource: Switched to clocksource kvm-clock
[STDERR  ] 2019-02-02T11:45:13.849628860Z: [    1.338805] VFS: Disk quotas dquot_6.6.0
[STDERR  ] 2019-02-02T11:45:13.849655634Z: [    1.342864] VFS: Dquot-cache hash table entries: 512 (order 0, 4096 bytes)
[STDERR  ] 2019-02-02T11:45:13.849667788Z: [    1.349501] FS-Cache: Loaded
[STDERR  ] 2019-02-02T11:45:13.849680118Z: [    1.352529] CacheFiles: Loaded
[STDERR  ] 2019-02-02T11:45:13.849700269Z: [    1.355627] pnp: PnP ACPI init
[STDERR  ] 2019-02-02T11:45:13.849721047Z: [    1.359863] pnp: PnP ACPI: found 5 devices
[STDERR  ] 2019-02-02T11:45:13.849735817Z: [    1.370793] clocksource: acpi_pm: mask: 0xffffff max_cycles: 0xffffff, max_idle_ns: 2085701024 ns
[STDERR  ] 2019-02-02T11:45:13.849747960Z: [    1.379529] NET: Registered protocol family 2
[STDERR  ] 2019-02-02T11:45:13.849760178Z: [    1.384159] TCP established hash table entries: 8192 (order: 4, 65536 bytes)
[STDERR  ] 2019-02-02T11:45:13.849775286Z: [    1.391136] TCP bind hash table entries: 8192 (order: 5, 131072 bytes)
[STDERR  ] 2019-02-02T11:45:13.849787729Z: [    1.397682] TCP: Hash tables configured (established 8192 bind 8192)
[STDERR  ] 2019-02-02T11:45:13.849799789Z: [    1.404083] UDP hash table entries: 512 (order: 2, 16384 bytes)
[STDERR  ] 2019-02-02T11:45:13.849823441Z: [    1.409787] UDP-Lite hash table entries: 512 (order: 2, 16384 bytes)
[STDERR  ] 2019-02-02T11:45:13.849845890Z: [    1.416104] NET: Registered protocol family 1
[STDERR  ] 2019-02-02T11:45:13.849857704Z: [    1.420704] pci 0000:00:01.0: Video device with shadowed ROM at [mem 0x000c0000-0x000dffff]
[STDERR  ] 2019-02-02T11:45:13.849870507Z: [    1.433918] Unpacking initramfs...
[STDERR  ] 2019-02-02T11:45:13.849882844Z: [    2.046458] Freeing initrd memory: 26760K
[STDERR  ] 2019-02-02T11:45:13.849895213Z: [    2.051431] PCLMULQDQ-NI instructions are not detected.
[STDERR  ] 2019-02-02T11:45:13.849907761Z: [    2.056580] AVX or AES-NI instructions are not detected.
[STDERR  ] 2019-02-02T11:45:13.849924253Z: [    2.061788] CPU feature 'AVX registers' is not supported.
[STDERR  ] 2019-02-02T11:45:13.849936523Z: [    2.066994] CPU feature 'AVX registers' is not supported.
[STDERR  ] 2019-02-02T11:45:13.849949221Z: [    2.072469] CPU feature 'AVX registers' is not supported.
[STDERR  ] 2019-02-02T11:45:13.849961813Z: [    2.077651] CPU feature 'AVX registers' is not supported.
[STDERR  ] 2019-02-02T11:45:13.849973726Z: [    2.082933] AVX2 or AES-NI instructions are not detected.
[STDERR  ] 2019-02-02T11:45:13.849985756Z: [    2.088130] AVX2 instructions are not detected.
[STDERR  ] 2019-02-02T11:45:13.850010533Z: [    2.092790] audit: initializing netlink subsys (disabled)
[STDERR  ] 2019-02-02T11:45:13.850022961Z: [    2.097997] audit: type=2000 audit(1549107908.124:1): initialized
[STDERR  ] 2019-02-02T11:45:13.850037763Z: [    2.104353] workingset: timestamp_bits=46 max_order=18 bucket_order=0
[STDERR  ] 2019-02-02T11:45:13.850049634Z: [    2.111018] squashfs: version 4.0 (2009/01/31) Phillip Lougher
[STDERR  ] 2019-02-02T11:45:13.850065862Z: [    2.116714] FS-Cache: Netfs 'cifs' registered for caching
[STDERR  ] 2019-02-02T11:45:13.850077304Z: [    2.122063] fuse init (API version 7.26)
[STDERR  ] 2019-02-02T11:45:13.850094409Z: [    2.125965] SGI XFS with ACLs, security attributes, no debug enabled
[STDERR  ] 2019-02-02T11:45:13.850111316Z: [    2.132330] 9p: Installing v9fs 9p2000 file system support
[STDERR  ] 2019-02-02T11:45:13.850123627Z: [    2.137744] FS-Cache: Netfs '9p' registered for caching
[STDERR  ] 2019-02-02T11:45:13.850136019Z: [    2.143956] NET: Registered protocol family 38
[STDERR  ] 2019-02-02T11:45:13.850173794Z: [    2.148333] Key type asymmetric registered
[STDERR  ] 2019-02-02T11:45:13.850186834Z: [    2.152430] Asymmetric key parser 'x509' registered
[STDERR  ] 2019-02-02T11:45:13.850200110Z: [    2.157159] Block layer SCSI generic (bsg) driver version 0.4 loaded (major 251)
[STDERR  ] 2019-02-02T11:45:13.850212442Z: [    2.164334] io scheduler noop registered
[STDERR  ] 2019-02-02T11:45:13.850227583Z: [    2.168164] io scheduler deadline registered (default)
[STDERR  ] 2019-02-02T11:45:13.850264610Z: [    2.173350] io scheduler cfq registered
[STDERR  ] 2019-02-02T11:45:13.850281043Z: [    2.177170] pci_hotplug: PCI Hot Plug PCI Core version: 0.5
[STDERR  ] 2019-02-02T11:45:13.850293276Z: [    2.182628] pciehp: PCI Express Hot Plug Controller Driver version: 0.4
[STDERR  ] 2019-02-02T11:45:13.850305431Z: [    2.188940] shpchp: Standard Hot Plug PCI Controller Driver version: 0.4
[STDERR  ] 2019-02-02T11:45:13.850317692Z: [    2.195473] hv_vmbus: registering driver hyperv_fb
[STDERR  ] 2019-02-02T11:45:13.850330672Z: [    2.200355] input: Power Button as /devices/LNXSYSTM:00/LNXPWRBN:00/input/input0
[STDERR  ] 2019-02-02T11:45:13.850352124Z: [    2.207423] ACPI: Power Button [PWRF]
[STDERR  ] 2019-02-02T11:45:13.850364291Z: [    2.211394] GHES: HEST is not enabled!
[STDERR  ] 2019-02-02T11:45:13.850376236Z: [    2.215517] ACPI: PCI Interrupt Link [GSIG] enabled at IRQ 22
[STDERR  ] 2019-02-02T11:45:13.850388442Z: [    2.226920] ACPI: PCI Interrupt Link [GSIH] enabled at IRQ 23
[STDERR  ] 2019-02-02T11:45:13.850402088Z: [    2.238166] xenfs: not registering filesystem on non-xen platform
[STDERR  ] 2019-02-02T11:45:13.850415289Z: [    2.244200] Serial: 8250/16550 driver, 4 ports, IRQ sharing disabled
[STDERR  ] 2019-02-02T11:45:13.850430108Z: [    2.285506] 00:04: ttyS0 at I/O 0x3f8 (irq = 4, base_baud = 115200) is a 16550A
[STDERR  ] 2019-02-02T11:45:13.850442286Z: [    2.293495] Non-volatile memory driver v1.3
[STDERR  ] 2019-02-02T11:45:13.850461697Z: [    2.299213] Hangcheck: starting hangcheck timer 0.9.1 (tick is 180 seconds, margin is 60 seconds).
[STDERR  ] 2019-02-02T11:45:13.850473895Z: [    2.308097] random: fast init done
[STDERR  ] 2019-02-02T11:45:13.850486084Z: [    2.312045] random: crng init done
[STDERR  ] 2019-02-02T11:45:13.850497716Z: [    2.317114] loop: module loaded
[STDERR  ] 2019-02-02T11:45:13.850510908Z: [    2.321035] nbd: registered device at major 43
[STDERR  ] 2019-02-02T11:45:13.850527562Z: [    2.327160] lpc_ich 0000:00:1f.0: I/O space for GPIO uninitialized
[STDERR  ] 2019-02-02T11:45:13.850539971Z: [    2.333415] VMware PVSCSI driver - version 1.0.7.0-k
[STDERR  ] 2019-02-02T11:45:13.850552237Z: [    2.338299] hv_vmbus: registering driver hv_storvsc
[STDERR  ] 2019-02-02T11:45:13.850564792Z: [    2.343571] ACPI: PCI Interrupt Link [GSIA] enabled at IRQ 16
[STDERR  ] 2019-02-02T11:45:13.850576592Z: [    2.352734] ahci 0000:00:1f.2: AHCI 0001.0000 32 slots 6 ports 1.5 Gbps 0x3f impl SATA mode
[STDERR  ] 2019-02-02T11:45:13.850592574Z: [    2.360808] ahci 0000:00:1f.2: flags: 64bit ncq only 
[STDERR  ] 2019-02-02T11:45:13.850604794Z: [    2.369598] scsi host0: ahci
[STDERR  ] 2019-02-02T11:45:13.850617005Z: [    2.372661] scsi host1: ahci
[STDERR  ] 2019-02-02T11:45:13.850629091Z: [    2.375574] scsi host2: ahci
[STDERR  ] 2019-02-02T11:45:13.850649274Z: [    2.378540] scsi host3: ahci
[STDERR  ] 2019-02-02T11:45:13.850661826Z: [    2.381546] scsi host4: ahci
[STDERR  ] 2019-02-02T11:45:13.850673675Z: [    2.384477] scsi host5: ahci
[STDERR  ] 2019-02-02T11:45:13.850686158Z: [    2.387422] ata1: SATA max UDMA/133 abar m4096@0xfebd2000 port 0xfebd2100 irq 24
[STDERR  ] 2019-02-02T11:45:13.850702652Z: [    2.394701] ata2: SATA max UDMA/133 abar m4096@0xfebd2000 port 0xfebd2180 irq 24
[STDERR  ] 2019-02-02T11:45:13.850741633Z: [    2.401892] ata3: SATA max UDMA/133 abar m4096@0xfebd2000 port 0xfebd2200 irq 24
[STDERR  ] 2019-02-02T11:45:13.850753511Z: [    2.408944] ata4: SATA max UDMA/133 abar m4096@0xfebd2000 port 0xfebd2280 irq 24
[STDERR  ] 2019-02-02T11:45:13.850765642Z: [    2.416116] ata5: SATA max UDMA/133 abar m4096@0xfebd2000 port 0xfebd2300 irq 24
[STDERR  ] 2019-02-02T11:45:13.850777487Z: [    2.423274] ata6: SATA max UDMA/133 abar m4096@0xfebd2000 port 0xfebd2380 irq 24
[STDERR  ] 2019-02-02T11:45:13.850789810Z: [    2.433009] tun: Universal TUN/TAP device driver, 1.6
[STDERR  ] 2019-02-02T11:45:13.850805317Z: [    2.437950] tun: (C) 1999-2004 Max Krasnyansky <maxk@qualcomm.com>
[STDERR  ] 2019-02-02T11:45:13.850833375Z: [    2.448642] VMware vmxnet3 virtual NIC driver - version 1.4.a.0-k-NAPI
[STDERR  ] 2019-02-02T11:45:13.850845822Z: [    2.455048] hv_vmbus: registering driver hv_netvsc
[STDERR  ] 2019-02-02T11:45:13.850857477Z: [    2.459774] Fusion MPT base driver 3.04.20
[STDERR  ] 2019-02-02T11:45:13.850870370Z: [    2.463854] Copyright (c) 1999-2008 LSI Corporation
[STDERR  ] 2019-02-02T11:45:13.850882065Z: [    2.468539] Fusion MPT SPI Host driver 3.04.20
[STDERR  ] 2019-02-02T11:45:13.850894781Z: [    2.472963] i8042: PNP: PS/2 Controller [PNP0303:KBD,PNP0f13:MOU] at 0x60,0x64 irq 1,12
[STDERR  ] 2019-02-02T11:45:13.850907082Z: [    2.484591] serio: i8042 KBD port at 0x60,0x64 irq 1
[STDERR  ] 2019-02-02T11:45:13.850919604Z: [    2.489412] serio: i8042 AUX port at 0x60,0x64 irq 12
[STDERR  ] 2019-02-02T11:45:13.850944151Z: [    2.494461] hv_vmbus: registering driver hyperv_keyboard
[STDERR  ] 2019-02-02T11:45:13.850956240Z: [    2.499669] mousedev: PS/2 mouse device common for all mice
[STDERR  ] 2019-02-02T11:45:13.850968536Z: [    2.506432] input: AT Translated Set 2 keyboard as /devices/platform/i8042/serio0/input/input1
[STDERR  ] 2019-02-02T11:45:13.850981526Z: [    2.514846] input: PC Speaker as /devices/platform/pcspkr/input/input2
[STDERR  ] 2019-02-02T11:45:13.851093790Z: [    2.521670] rtc_cmos 00:00: RTC can wake from S4
[STDERR  ] 2019-02-02T11:45:13.851108006Z: [    2.528430] rtc_cmos 00:00: rtc core: registered rtc_cmos as rtc0
[STDERR  ] 2019-02-02T11:45:13.851120713Z: [    2.535613] rtc_cmos 00:00: alarms up to one day, y3k, 114 bytes nvram, hpet irqs
[STDERR  ] 2019-02-02T11:45:13.851132629Z: [    2.543501] i2c /dev entries driver
[STDERR  ] 2019-02-02T11:45:13.851158179Z: [    2.547167] device-mapper: ioctl: 4.35.0-ioctl (2016-06-23) initialised: dm-devel@redhat.com
[STDERR  ] 2019-02-02T11:45:13.851171885Z: [    2.555973] usbcore: registered new interface driver usbhid
[STDERR  ] 2019-02-02T11:45:13.851184264Z: [    2.561432] usbhid: USB HID core driver
[STDERR  ] 2019-02-02T11:45:13.851204005Z: [    2.565219] hv_utils: Registering HyperV Utility Driver
[STDERR  ] 2019-02-02T11:45:13.851217660Z: [    2.570349] hv_vmbus: registering driver hv_util
[STDERR  ] 2019-02-02T11:45:13.851230093Z: [    2.574787] hv_vmbus: registering driver hv_balloon
[STDERR  ] 2019-02-02T11:45:13.851254049Z: [    2.579468] oprofile: using NMI interrupt.
[STDERR  ] 2019-02-02T11:45:13.851266373Z: [    2.583688] GACT probability on
[STDERR  ] 2019-02-02T11:45:13.851279131Z: [    2.586834] Mirror/redirect action on
[STDERR  ] 2019-02-02T11:45:13.851290973Z: [    2.590437] Simple TC action Loaded
[STDERR  ] 2019-02-02T11:45:13.851305028Z: [    2.593803] u32 classifier
[STDERR  ] 2019-02-02T11:45:13.851317913Z: [    2.600271]     Performance counters on
[STDERR  ] 2019-02-02T11:45:13.851340041Z: [    2.603965]     input device check on
[STDERR  ] 2019-02-02T11:45:13.851351965Z: [    2.607504]     Actions configured
[STDERR  ] 2019-02-02T11:45:13.851363827Z: [    2.610913] Netfilter messages via NETLINK v0.30.
[STDERR  ] 2019-02-02T11:45:13.851382354Z: [    2.615480] nfnl_acct: registering with nfnetlink.
[STDERR  ] 2019-02-02T11:45:13.851394885Z: [    2.620244] nf_conntrack version 0.5.0 (8192 buckets, 32768 max)
[STDERR  ] 2019-02-02T11:45:13.851411403Z: [    2.626045] ctnetlink v0.93: registering with nfnetlink.
[STDERR  ] 2019-02-02T11:45:13.851424157Z: [    2.630795] nf_tables: (c) 2007-2009 Patrick McHardy <kaber@trash.net>
[STDERR  ] 2019-02-02T11:45:13.851439418Z: [    2.636425] nf_tables_compat: (c) 2012 Pablo Neira Ayuso <pablo@netfilter.org>
[STDERR  ] 2019-02-02T11:45:13.851451799Z: [    2.642779] xt_time: kernel timezone is -0000
[STDERR  ] 2019-02-02T11:45:13.851464262Z: [    2.646553] ip_set: protocol 6
[STDERR  ] 2019-02-02T11:45:13.851477411Z: [    2.649346] IPVS: Registered protocols (TCP, UDP, SCTP, AH, ESP)
[STDERR  ] 2019-02-02T11:45:13.851491469Z: [    2.655001] IPVS: Connection hash table configured (size=4096, memory=64Kbytes)
[STDERR  ] 2019-02-02T11:45:13.851512940Z: [    2.661733] IPVS: Creating netns size=2104 id=0
[STDERR  ] 2019-02-02T11:45:13.851524782Z: [    2.667363] IPVS: ipvs loaded.
[STDERR  ] 2019-02-02T11:45:13.851538130Z: [    2.670136] IPVS: [rr] scheduler registered.
[STDERR  ] 2019-02-02T11:45:13.851551422Z: [    2.674171] IPVS: [wrr] scheduler registered.
[STDERR  ] 2019-02-02T11:45:13.851564673Z: [    2.677942] IPVS: [lc] scheduler registered.
[STDERR  ] 2019-02-02T11:45:13.851586602Z: [    2.681945] IPVS: [wlc] scheduler registered.
[STDERR  ] 2019-02-02T11:45:13.851598628Z: [    2.685723] IPVS: [fo] scheduler registered.
[STDERR  ] 2019-02-02T11:45:13.851611397Z: [    2.689709] IPVS: [ovf] scheduler registered.
[STDERR  ] 2019-02-02T11:45:13.851623328Z: [    2.693568] IPVS: [lblc] scheduler registered.
[STDERR  ] 2019-02-02T11:45:13.851635644Z: [    2.697729] IPVS: [lblcr] scheduler registered.
[STDERR  ] 2019-02-02T11:45:13.851649512Z: [    2.701788] IPVS: [dh] scheduler registered.
[STDERR  ] 2019-02-02T11:45:13.851661751Z: [    2.705766] IPVS: [sh] scheduler registered.
[STDERR  ] 2019-02-02T11:45:13.851681472Z: [    2.709461] IPVS: [sed] scheduler registered.
[STDERR  ] 2019-02-02T11:45:13.851693444Z: [    2.713681] IPVS: [nq] scheduler registered.
[STDERR  ] 2019-02-02T11:45:13.851705149Z: [    2.717404] IPVS: ftp: loaded support on port[0] = 21
[STDERR  ] 2019-02-02T11:45:13.851718059Z: [    2.722157] ipip: IPv4 and MPLS over IPv4 tunneling driver
[STDERR  ] 2019-02-02T11:45:13.851730605Z: [    2.727338] gre: GRE over IPv4 demultiplexor driver
[STDERR  ] 2019-02-02T11:45:13.851742932Z: [    2.732058] ip_tables: (C) 2000-2006 Netfilter Core Team
[STDERR  ] 2019-02-02T11:45:13.851754698Z: [    2.737146] ipt_CLUSTERIP: ClusterIP Version 0.8 loaded successfully
[STDERR  ] 2019-02-02T11:45:13.851766813Z: [    2.743007] arp_tables: arp_tables: (C) 2002 David S. Miller
[STDERR  ] 2019-02-02T11:45:13.851778938Z: [    2.748396] NET: Registered protocol family 10
[STDERR  ] 2019-02-02T11:45:13.851795334Z: [    2.752724] ip6_tables: (C) 2000-2006 Netfilter Core Team
[STDERR  ] 2019-02-02T11:45:13.851819524Z: [    2.758479] NET: Registered protocol family 17
[STDERR  ] 2019-02-02T11:45:13.851846599Z: [    2.762485] Bridge firewalling registered
[STDERR  ] 2019-02-02T11:45:13.851858703Z: [    2.766577] ata4: SATA link down (SStatus 0 SControl 300)
[STDERR  ] 2019-02-02T11:45:13.851870250Z: [    2.772301] ata3: SATA link up 1.5 Gbps (SStatus 113 SControl 300)
[STDERR  ] 2019-02-02T11:45:13.851882944Z: [    2.778221] ata3.00: ATAPI: QEMU DVD-ROM, 2.5+, max UDMA/100
[STDERR  ] 2019-02-02T11:45:13.851915520Z: [    2.783241] ata3.00: applying bridge limits
[STDERR  ] 2019-02-02T11:45:13.851933646Z: [    2.787833] ata2: SATA link down (SStatus 0 SControl 300)
[STDERR  ] 2019-02-02T11:45:13.851946699Z: [    2.793480] ata1: SATA link down (SStatus 0 SControl 300)
[STDERR  ] 2019-02-02T11:45:13.851960205Z: [    2.799024] ata6: SATA link down (SStatus 0 SControl 300)
[STDERR  ] 2019-02-02T11:45:13.851972297Z: [    2.804620] ata5: SATA link down (SStatus 0 SControl 300)
[STDERR  ] 2019-02-02T11:45:13.852006666Z: [    2.809565] Ebtables v2.0 registered
[STDERR  ] 2019-02-02T11:45:13.852020461Z: [    2.813053] 8021q: 802.1Q VLAN Support v1.8
[STDERR  ] 2019-02-02T11:45:13.852032712Z: [    2.816761] 9pnet: Installing 9P2000 support
[STDERR  ] 2019-02-02T11:45:13.852049675Z: [    2.820607] Key type dns_resolver registered
[STDERR  ] 2019-02-02T11:45:13.852061732Z: [    2.824675] ata3.00: configured for UDMA/100
[STDERR  ] 2019-02-02T11:45:13.852073721Z: [    2.829737] registered taskstats version 1
[STDERR  ] 2019-02-02T11:45:13.852096139Z: [    2.833899] scsi 2:0:0:0: CD-ROM            QEMU     QEMU DVD-ROM     2.5+ PQ: 0 ANSI: 5
[STDERR  ] 2019-02-02T11:45:13.852108961Z: [    2.850151] Key type big_key registered
[STDERR  ] 2019-02-02T11:45:13.852120846Z: [    2.860972] sr 2:0:0:0: [sr0] scsi3-mmc drive: 4x/4x cd/rw xa/form2 tray
[STDERR  ] 2019-02-02T11:45:13.852132980Z: [    2.867454] cdrom: Uniform CD-ROM driver Revision: 3.20
[STDERR  ] 2019-02-02T11:45:13.852147307Z: [    2.874178] sr 2:0:0:0: Attached scsi generic sg0 type 5
[STDERR  ] 2019-02-02T11:45:13.852159448Z: [    2.879451] Key type encrypted registered
[STDERR  ] 2019-02-02T11:45:13.852178305Z: [    2.885460] rtc_cmos 00:00: setting system clock to 2019-02-02 11:45:09 UTC (1549107909)
[STDERR  ] 2019-02-02T11:45:13.852191729Z: [    2.896217] Freeing unused kernel memory: 1404K
[STDERR  ] 2019-02-02T11:45:13.852203536Z: [    2.900705] Write protecting the kernel read-only data: 12288k
[STDERR  ] 2019-02-02T11:45:13.852215463Z: [    2.906600] Freeing unused kernel memory: 60K
[STDERR  ] 2019-02-02T11:45:13.852227581Z: [    2.914197] Freeing unused kernel memory: 1384K
[STDERR  ] 2019-02-02T11:45:13.852240075Z: 
[STDERR  ] 2019-02-02T11:45:13.852253216Z: Welcome to LinuxKit
[STDERR  ] 2019-02-02T11:45:13.852265584Z: 
[STDERR  ] 2019-02-02T11:45:13.852277211Z:                         ##         .
[STDERR  ] 2019-02-02T11:45:13.852289393Z:                   ## ## ##        ==
[STDERR  ] 2019-02-02T11:45:13.852312310Z:                ## ## ## ## ##    ===
[STDERR  ] 2019-02-02T11:45:13.852324514Z:            /"""""""""""""""""\___/ ===
[STDERR  ] 2019-02-02T11:45:13.852336322Z:           {                       /  ===-
[STDERR  ] 2019-02-02T11:45:13.852348136Z:            \______ O           __/
[STDERR  ] 2019-02-02T11:45:13.852369634Z:              \    \         __/
[STDERR  ] 2019-02-02T11:45:13.852381758Z:               \____\_______/
[STDERR  ] 2019-02-02T11:45:13.852393493Z: 
[STDERR  ] 2019-02-02T11:45:13.852405444Z: [    3.346142] hello_world: loading out-of-tree module taints kernel.
[STDERR  ] 2019-02-02T11:45:13.852417794Z: [    3.353219] Hello LinuxKit
[STDERR  ] 2019-02-02T11:45:13.852429823Z: [    3.359502] Goodbye LinuxKit.
[STDERR  ] 2019-02-02T11:45:13.852451592Z: Linux linuxkit-5a5839ff791a 4.9.154-linuxkit #1 SMP Sat Feb 2 01:23:54 UTC 2019 x86_64 Linux
[STDERR  ] 2019-02-02T11:45:13.852463779Z: filename:       hello_world.ko
[STDERR  ] 2019-02-02T11:45:13.852475817Z: author:         Rolf Neugebauer <rolf.neugebauer@docker.com>
[STDERR  ] 2019-02-02T11:45:13.852492427Z: description:    A simple Hello World kernel module for testing
[STDERR  ] 2019-02-02T11:45:13.852504908Z: license:        GPL
[STDERR  ] 2019-02-02T11:45:13.852519841Z: depends:        
[STDERR  ] 2019-02-02T11:45:13.852531571Z: vermagic:       4.9.154-linuxkit SMP mod_unload 
[STDERR  ] 2019-02-02T11:45:13.852543016Z: Kernel module test suite PASSED
[STDERR  ] 2019-02-02T11:45:13.852555182Z: [    6.452527] ACPI: Preparing to enter system sleep state S5
[STDERR  ] 2019-02-02T11:45:13.852567394Z: [    6.458457] reboot: Power down
[STDERR  ] 2019-02-02T11:45:13.852585311Z: + grep -q Hello LinuxKit
[STDERR  ] 2019-02-02T11:45:13.853412670Z: + echo [    0.000000] Linux version 4.9.154-linuxkit (root@cc08f02c17b0) (gcc version 6.4.0 (Alpine 6.4.0) ) #1 SMP Sat Feb 2 01:23:54 UTC 2019
[STDERR  ] 2019-02-02T11:45:13.853461204Z: [    0.000000] Command line: console=ttyS0 console=ttyAMA0
[STDERR  ] 2019-02-02T11:45:13.853474776Z: [    0.000000] x86/fpu: Legacy x87 FPU detected.
[STDERR  ] 2019-02-02T11:45:13.853488075Z: [    0.000000] e820: BIOS-provided physical RAM map:
[STDERR  ] 2019-02-02T11:45:13.853500291Z: [    0.000000] BIOS-e820: [mem 0x0000000000000000-0x000000000009fbff] usable
[STDERR  ] 2019-02-02T11:45:13.853522613Z: [    0.000000] BIOS-e820: [mem 0x000000000009fc00-0x000000000009ffff] reserved
[STDERR  ] 2019-02-02T11:45:13.853534558Z: [    0.000000] BIOS-e820: [mem 0x00000000000f0000-0x00000000000fffff] reserved
[STDERR  ] 2019-02-02T11:45:13.853552593Z: [    0.000000] BIOS-e820: [mem 0x0000000000100000-0x000000003ffdefff] usable
[STDERR  ] 2019-02-02T11:45:13.853564640Z: [    0.000000] BIOS-e820: [mem 0x000000003ffdf000-0x000000003fffffff] reserved
[STDERR  ] 2019-02-02T11:45:13.853576356Z: [    0.000000] BIOS-e820: [mem 0x00000000b0000000-0x00000000bfffffff] reserved
[STDERR  ] 2019-02-02T11:45:13.853587753Z: [    0.000000] BIOS-e820: [mem 0x00000000fed1c000-0x00000000fed1ffff] reserved
[STDERR  ] 2019-02-02T11:45:13.853599804Z: [    0.000000] BIOS-e820: [mem 0x00000000feffc000-0x00000000feffffff] reserved
[STDERR  ] 2019-02-02T11:45:13.853611842Z: [    0.000000] BIOS-e820: [mem 0x00000000fffc0000-0x00000000ffffffff] reserved
[STDERR  ] 2019-02-02T11:45:13.853623509Z: [    0.000000] NX (Execute Disable) protection: active
[STDERR  ] 2019-02-02T11:45:13.853635651Z: [    0.000000] SMBIOS 2.8 present.
[STDERR  ] 2019-02-02T11:45:13.853648017Z: [    0.000000] Hypervisor detected: KVM
[STDERR  ] 2019-02-02T11:45:13.853660466Z: [    0.000000] e820: last_pfn = 0x3ffdf max_arch_pfn = 0x400000000
[STDERR  ] 2019-02-02T11:45:13.853672974Z: [    0.000000] x86/PAT: PAT not supported by CPU.
[STDERR  ] 2019-02-02T11:45:13.853684576Z: [    0.000000] x86/PAT: Configuration [0-7]: WB  WT  UC- UC  WB  WT  UC- UC  
[STDERR  ] 2019-02-02T11:45:13.853695847Z: [    0.000000] found SMP MP-table at [mem 0x000f6a90-0x000f6a9f] mapped at [ffff9c1c000f6a90]
[STDERR  ] 2019-02-02T11:45:13.853708579Z: [    0.000000] RAMDISK: [mem 0x3e5ae000-0x3ffcffff]
[STDERR  ] 2019-02-02T11:45:13.853725827Z: [    0.000000] ACPI: Early table checksum verification disabled
[STDERR  ] 2019-02-02T11:45:13.853741125Z: [    0.000000] ACPI: RSDP 0x00000000000F68D0 000014 (v00 BOCHS )
[STDERR  ] 2019-02-02T11:45:13.853752615Z: [    0.000000] ACPI: RSDT 0x000000003FFE2404 000034 (v01 BOCHS  BXPCRSDT 00000001 BXPC 00000001)
[STDERR  ] 2019-02-02T11:45:13.853765207Z: [    0.000000] ACPI: FACP 0x000000003FFE22A4 000074 (v01 BOCHS  BXPCFACP 00000001 BXPC 00000001)
[STDERR  ] 2019-02-02T11:45:13.853780376Z: [    0.000000] ACPI: DSDT 0x000000003FFE0040 002264 (v01 BOCHS  BXPCDSDT 00000001 BXPC 00000001)
[STDERR  ] 2019-02-02T11:45:13.853792049Z: [    0.000000] ACPI: FACS 0x000000003FFE0000 000040
[STDERR  ] 2019-02-02T11:45:13.853804125Z: [    0.000000] ACPI: APIC 0x000000003FFE2318 000078 (v01 BOCHS  BXPCAPIC 00000001 BXPC 00000001)
[STDERR  ] 2019-02-02T11:45:13.853819543Z: [    0.000000] ACPI: HPET 0x000000003FFE2390 000038 (v01 BOCHS  BXPCHPET 00000001 BXPC 00000001)
[STDERR  ] 2019-02-02T11:45:13.853836836Z: [    0.000000] ACPI: MCFG 0x000000003FFE23C8 00003C (v01 BOCHS  BXPCMCFG 00000001 BXPC 00000001)
[STDERR  ] 2019-02-02T11:45:13.853848531Z: [    0.000000] kvm-clock: Using msrs 4b564d01 and 4b564d00
[STDERR  ] 2019-02-02T11:45:13.853863746Z: [    0.000000] kvm-clock: cpu 0, msr 0:3ffdd001, primary cpu clock
[STDERR  ] 2019-02-02T11:45:13.853875012Z: [    0.000000] clocksource: kvm-clock: mask: 0xffffffffffffffff max_cycles: 0x1cd42e4dffb, max_idle_ns: 881590591483 ns
[STDERR  ] 2019-02-02T11:45:13.853886287Z: [    0.000000] Zone ranges:
[STDERR  ] 2019-02-02T11:45:13.853899716Z: [    0.000000]   DMA      [mem 0x0000000000001000-0x0000000000ffffff]
[STDERR  ] 2019-02-02T11:45:13.853912030Z: [    0.000000]   DMA32    [mem 0x0000000001000000-0x000000003ffdefff]
[STDERR  ] 2019-02-02T11:45:13.853923237Z: [    0.000000]   Normal   empty
[STDERR  ] 2019-02-02T11:45:13.853934637Z: [    0.000000] Movable zone start for each node
[STDERR  ] 2019-02-02T11:45:13.853946705Z: [    0.000000] Early memory node ranges
[STDERR  ] 2019-02-02T11:45:13.853958655Z: [    0.000000]   node   0: [mem 0x0000000000001000-0x000000000009efff]
[STDERR  ] 2019-02-02T11:45:13.853973930Z: [    0.000000]   node   0: [mem 0x0000000000100000-0x000000003ffdefff]
[STDERR  ] 2019-02-02T11:45:13.854015352Z: [    0.000000] Initmem setup node 0 [mem 0x0000000000001000-0x000000003ffdefff]
[STDERR  ] 2019-02-02T11:45:13.854027192Z: [    0.000000] ACPI: PM-Timer IO Port: 0x608
[STDERR  ] 2019-02-02T11:45:13.854039720Z: [    0.000000] ACPI: LAPIC_NMI (acpi_id[0xff] dfl dfl lint[0x1])
[STDERR  ] 2019-02-02T11:45:13.854051777Z: [    0.000000] IOAPIC[0]: apic_id 0, version 17, address 0xfec00000, GSI 0-23
[STDERR  ] 2019-02-02T11:45:13.854064042Z: [    0.000000] ACPI: INT_SRC_OVR (bus 0 bus_irq 0 global_irq 2 dfl dfl)
[STDERR  ] 2019-02-02T11:45:13.854076233Z: [    0.000000] ACPI: INT_SRC_OVR (bus 0 bus_irq 5 global_irq 5 high level)
[STDERR  ] 2019-02-02T11:45:13.854088513Z: [    0.000000] ACPI: INT_SRC_OVR (bus 0 bus_irq 9 global_irq 9 high level)
[STDERR  ] 2019-02-02T11:45:13.854100301Z: [    0.000000] ACPI: INT_SRC_OVR (bus 0 bus_irq 10 global_irq 10 high level)
[STDERR  ] 2019-02-02T11:45:13.854112697Z: [    0.000000] ACPI: INT_SRC_OVR (bus 0 bus_irq 11 global_irq 11 high level)
[STDERR  ] 2019-02-02T11:45:13.854124977Z: [    0.000000] Using ACPI (MADT) for SMP configuration information
[STDERR  ] 2019-02-02T11:45:13.854137143Z: [    0.000000] ACPI: HPET id: 0x8086a201 base: 0xfed00000
[STDERR  ] 2019-02-02T11:45:13.854187386Z: [    0.000000] smpboot: Allowing 1 CPUs, 0 hotplug CPUs
[STDERR  ] 2019-02-02T11:45:13.854204985Z: [    0.000000] e820: [mem 0x40000000-0xafffffff] available for PCI devices
[STDERR  ] 2019-02-02T11:45:13.854216774Z: [    0.000000] Booting paravirtualized kernel on KVM
[STDERR  ] 2019-02-02T11:45:13.854227954Z: [    0.000000] clocksource: refined-jiffies: mask: 0xffffffff max_cycles: 0xffffffff, max_idle_ns: 19112604462750000 ns
[STDERR  ] 2019-02-02T11:45:13.854244445Z: [    0.000000] setup_percpu: NR_CPUS:128 nr_cpumask_bits:128 nr_cpu_ids:1 nr_node_ids:1
[STDERR  ] 2019-02-02T11:45:13.854268158Z: [    0.000000] percpu: Embedded 36 pages/cpu @ffff9c1c3e200000 s107096 r8192 d32168 u2097152
[STDERR  ] 2019-02-02T11:45:13.854280100Z: [    0.000000] KVM setup async PF for cpu 0
[STDERR  ] 2019-02-02T11:45:13.854292512Z: [    0.000000] kvm-stealtime: cpu 0, msr 3e20fe40
[STDERR  ] 2019-02-02T11:45:13.854304248Z: [    0.000000] Built 1 zonelists in Zone order, mobility grouping on.  Total pages: 257896
[STDERR  ] 2019-02-02T11:45:13.854316491Z: [    0.000000] Kernel command line: console=ttyS0 console=ttyAMA0
[STDERR  ] 2019-02-02T11:45:13.854336743Z: [    0.000000] PID hash table entries: 4096 (order: 3, 32768 bytes)
[STDERR  ] 2019-02-02T11:45:13.854349186Z: [    0.000000] Dentry cache hash table entries: 131072 (order: 8, 1048576 bytes)
[STDERR  ] 2019-02-02T11:45:13.854361403Z: [    0.000000] Inode-cache hash table entries: 65536 (order: 7, 524288 bytes)
[STDERR  ] 2019-02-02T11:45:13.854377608Z: [    0.000000] Memory: 987400K/1048052K available (8116K kernel code, 1393K rwdata, 2712K rodata, 1404K init, 516K bss, 60652K reserved, 0K cma-reserved)
[STDERR  ] 2019-02-02T11:45:13.854397052Z: [    0.000000] Kernel/User page tables isolation: enabled
[STDERR  ] 2019-02-02T11:45:13.854413237Z: [    0.000000] Hierarchical RCU implementation.
[STDERR  ] 2019-02-02T11:45:13.854425071Z: [    0.000000] 	Build-time adjustment of leaf fanout to 64.
[STDERR  ] 2019-02-02T11:45:13.854437806Z: [    0.000000] 	RCU restricting CPUs from NR_CPUS=128 to nr_cpu_ids=1.
[STDERR  ] 2019-02-02T11:45:13.854450054Z: [    0.000000] RCU: Adjusting geometry for rcu_fanout_leaf=64, nr_cpu_ids=1
[STDERR  ] 2019-02-02T11:45:13.854466945Z: [    0.000000] NR_IRQS:8448 nr_irqs:256 16
[STDERR  ] 2019-02-02T11:45:13.854478827Z: [    0.000000] Console: colour VGA+ 80x25
[STDERR  ] 2019-02-02T11:45:13.854490857Z: [    0.000000] console [ttyS0] enabled
[STDERR  ] 2019-02-02T11:45:13.854502762Z: [    0.000000] clocksource: hpet: mask: 0xffffffff max_cycles: 0xffffffff, max_idle_ns: 19112604467 ns
[STDERR  ] 2019-02-02T11:45:13.854568942Z: [    0.000000] tsc: Detected 2299.918 MHz processor
[STDERR  ] 2019-02-02T11:45:13.854581028Z: [    0.020000] Calibrating delay loop (skipped) preset value.. 4599.83 BogoMIPS (lpj=22999180)
[STDERR  ] 2019-02-02T11:45:13.854598825Z: [    0.022877] pid_max: default: 32768 minimum: 301
[STDERR  ] 2019-02-02T11:45:13.854615636Z: [    0.027410] ACPI: Core revision 20160831
[STDERR  ] 2019-02-02T11:45:13.854627846Z: [    0.030859] ACPI: 1 ACPI AML tables successfully acquired and loaded
[STDERR  ] 2019-02-02T11:45:13.854640205Z: [    0.037209] Security Framework initialized
[STDERR  ] 2019-02-02T11:45:13.854652109Z: [    0.040057] Yama: becoming mindful.
[STDERR  ] 2019-02-02T11:45:13.854664289Z: [    0.043479] Mount-cache hash table entries: 2048 (order: 2, 16384 bytes)
[STDERR  ] 2019-02-02T11:45:13.854676527Z: [    0.050029] Mountpoint-cache hash table entries: 2048 (order: 2, 16384 bytes)
[STDERR  ] 2019-02-02T11:45:13.854688959Z: [    0.061106] Last level iTLB entries: 4KB 0, 2MB 0, 4MB 0
[STDERR  ] 2019-02-02T11:45:13.854703505Z: [    0.066238] Last level dTLB entries: 4KB 0, 2MB 0, 4MB 0, 1GB 0
[STDERR  ] 2019-02-02T11:45:13.854715859Z: [    0.070026] Spectre V2 : Mitigation: Full generic retpoline
[STDERR  ] 2019-02-02T11:45:13.854727613Z: [    0.075367] Spectre V2 : Spectre v2 / SpectreRSB mitigation: Filling RSB on context switch
[STDERR  ] 2019-02-02T11:45:13.854739984Z: [    0.080024] Speculative Store Bypass: Vulnerable
[STDERR  ] 2019-02-02T11:45:13.854752312Z: [    0.228346] Freeing SMP alternatives memory: 20K
[STDERR  ] 2019-02-02T11:45:13.854764957Z: [    0.265255] ftrace: allocating 35626 entries in 140 pages
[STDERR  ] 2019-02-02T11:45:13.854776946Z: [    0.300144] smpboot: Max logical packages: 1
[STDERR  ] 2019-02-02T11:45:13.854789196Z: [    0.312299] x2apic enabled
[STDERR  ] 2019-02-02T11:45:13.854801822Z: [    0.317185] Switched APIC routing to physical x2apic.
[STDERR  ] 2019-02-02T11:45:13.854813953Z: [    0.334990] ..TIMER: vector=0x30 apic1=0 pin1=2 apic2=-1 pin2=-1
[STDERR  ] 2019-02-02T11:45:13.854826370Z: [    0.340000] smpboot: CPU0: Intel QEMU Virtual CPU version 2.5+ (family: 0x6, model: 0x6, stepping: 0x3)
[STDERR  ] 2019-02-02T11:45:13.854838342Z: [    0.340000] Performance Events: PMU not available due to virtualization, using software events only.
[STDERR  ] 2019-02-02T11:45:13.854850602Z: [    0.360078] x86: Booted up 1 node, 1 CPUs
[STDERR  ] 2019-02-02T11:45:13.854862722Z: [    0.364370] smpboot: Total of 1 processors activated (4599.83 BogoMIPS)
[STDERR  ] 2019-02-02T11:45:13.854874974Z: [    0.372219] devtmpfs: initialized
[STDERR  ] 2019-02-02T11:45:13.854886472Z: [    0.375594] x86/mm: Memory block size: 128MB
[STDERR  ] 2019-02-02T11:45:13.854898359Z: [    0.383076] clocksource: jiffies: mask: 0xffffffff max_cycles: 0xffffffff, max_idle_ns: 19112604462750000 ns
[STDERR  ] 2019-02-02T11:45:13.854910862Z: [    0.390022] futex hash table entries: 256 (order: 2, 16384 bytes)
[STDERR  ] 2019-02-02T11:45:13.854927329Z: [    0.396118] NET: Registered protocol family 16
[STDERR  ] 2019-02-02T11:45:13.854942783Z: [    0.400227] cpuidle: using governor ladder
[STDERR  ] 2019-02-02T11:45:13.854955137Z: [    0.404333] cpuidle: using governor menu
[STDERR  ] 2019-02-02T11:45:13.854967391Z: [    0.410333] ACPI: bus type PCI registered
[STDERR  ] 2019-02-02T11:45:13.854979703Z: [    0.414701] PCI: MMCONFIG for domain 0000 [bus 00-ff] at [mem 0xb0000000-0xbfffffff] (base 0xb0000000)
[STDERR  ] 2019-02-02T11:45:13.855003884Z: [    0.420010] PCI: MMCONFIG at [mem 0xb0000000-0xbfffffff] reserved in E820
[STDERR  ] 2019-02-02T11:45:13.855016276Z: [    0.430025] PCI: Using configuration type 1 for base access
[STDERR  ] 2019-02-02T11:45:13.855027962Z: [    0.437378] HugeTLB registered 2 MB page size, pre-allocated 0 pages
[STDERR  ] 2019-02-02T11:45:13.855040324Z: [    0.440268] ACPI: Added _OSI(Module Device)
[STDERR  ] 2019-02-02T11:45:13.855052431Z: [    0.450006] ACPI: Added _OSI(Processor Device)
[STDERR  ] 2019-02-02T11:45:13.855070223Z: [    0.454298] ACPI: Added _OSI(3.0 _SCP Extensions)
[STDERR  ] 2019-02-02T11:45:13.855082004Z: [    0.458824] ACPI: Added _OSI(Processor Aggregator Device)
[STDERR  ] 2019-02-02T11:45:13.855093536Z: [    0.464052] ACPI: Interpreter enabled
[STDERR  ] 2019-02-02T11:45:13.855109559Z: [    0.470018] ACPI: (supports S0 S5)
[STDERR  ] 2019-02-02T11:45:13.855121960Z: [    0.473344] ACPI: Using IOAPIC for interrupt routing
[STDERR  ] 2019-02-02T11:45:13.855137736Z: [    0.480072] PCI: Using host bridge windows from ACPI; if necessary, use "pci=nocrs" and report a bug
[STDERR  ] 2019-02-02T11:45:13.855150223Z: [    0.492745] ACPI: PCI Root Bridge [PCI0] (domain 0000 [bus 00-ff])
[STDERR  ] 2019-02-02T11:45:13.855162024Z: [    0.498719] acpi PNP0A08:00: _OSC: OS supports [ExtendedConfig ASPM ClockPM Segments MSI]
[STDERR  ] 2019-02-02T11:45:13.855183572Z: [    0.500141] acpi PNP0A08:00: _OSC: OS now controls [PCIeHotplug PME PCIeCapability]
[STDERR  ] 2019-02-02T11:45:13.855195297Z: [    0.510079] PCI host bridge to bus 0000:00
[STDERR  ] 2019-02-02T11:45:13.855207106Z: [    0.514041] pci_bus 0000:00: root bus resource [io  0x0000-0x0cf7 window]
[STDERR  ] 2019-02-02T11:45:13.855223075Z: [    0.520008] pci_bus 0000:00: root bus resource [io  0x0d00-0xffff window]
[STDERR  ] 2019-02-02T11:45:13.855238260Z: [    0.530008] pci_bus 0000:00: root bus resource [mem 0x000a0000-0x000bffff window]
[STDERR  ] 2019-02-02T11:45:13.855250004Z: [    0.537275] pci_bus 0000:00: root bus resource [mem 0xc0000000-0xfebfffff window]
[STDERR  ] 2019-02-02T11:45:13.855262030Z: [    0.540013] pci_bus 0000:00: root bus resource [bus 00-ff]
[STDERR  ] 2019-02-02T11:45:13.855274063Z: [    0.624782] pci 0000:00:1f.0: quirk: [io  0x0600-0x067f] claimed by ICH6 ACPI/GPIO/TCO
[STDERR  ] 2019-02-02T11:45:13.855285926Z: [    0.659531] ACPI: PCI Interrupt Link [LNKA] (IRQs 5 *10 11)
[STDERR  ] 2019-02-02T11:45:13.855302795Z: [    0.661971] ACPI: PCI Interrupt Link [LNKB] (IRQs 5 *10 11)
[STDERR  ] 2019-02-02T11:45:13.855317068Z: [    0.671886] ACPI: PCI Interrupt Link [LNKC] (IRQs 5 10 *11)
[STDERR  ] 2019-02-02T11:45:13.855335085Z: [    0.678137] ACPI: PCI Interrupt Link [LNKD] (IRQs 5 10 *11)
[STDERR  ] 2019-02-02T11:45:13.855350107Z: [    0.681854] ACPI: PCI Interrupt Link [LNKE] (IRQs 5 *10 11)
[STDERR  ] 2019-02-02T11:45:13.855362024Z: [    0.691135] ACPI: PCI Interrupt Link [LNKF] (IRQs 5 *10 11)
[STDERR  ] 2019-02-02T11:45:13.855374048Z: [    0.697387] ACPI: PCI Interrupt Link [LNKG] (IRQs 5 10 *11)
[STDERR  ] 2019-02-02T11:45:13.855391149Z: [    0.701907] ACPI: PCI Interrupt Link [LNKH] (IRQs 5 10 *11)
[STDERR  ] 2019-02-02T11:45:13.855403424Z: [    0.707950] ACPI: PCI Interrupt Link [GSIA] (IRQs *16)
[STDERR  ] 2019-02-02T11:45:13.855415495Z: [    0.710956] ACPI: PCI Interrupt Link [GSIB] (IRQs *17)
[STDERR  ] 2019-02-02T11:45:13.855427681Z: [    0.720292] ACPI: PCI Interrupt Link [GSIC] (IRQs *18)
[STDERR  ] 2019-02-02T11:45:13.855446391Z: [    0.725584] ACPI: PCI Interrupt Link [GSID] (IRQs *19)
[STDERR  ] 2019-02-02T11:45:13.855463099Z: [    0.730992] ACPI: PCI Interrupt Link [GSIE] (IRQs *20)
[STDERR  ] 2019-02-02T11:45:13.855475085Z: [    0.736335] ACPI: PCI Interrupt Link [GSIF] (IRQs *21)
[STDERR  ] 2019-02-02T11:45:13.855489240Z: [    0.740944] ACPI: PCI Interrupt Link [GSIG] (IRQs *22)
[STDERR  ] 2019-02-02T11:45:13.855501364Z: [    0.746287] ACPI: PCI Interrupt Link [GSIH] (IRQs *23)
[STDERR  ] 2019-02-02T11:45:13.855513747Z: [    0.751310] ACPI: Enabled 2 GPEs in block 00 to 3F
[STDERR  ] 2019-02-02T11:45:13.855525632Z: [    0.756629] SCSI subsystem initialized
[STDERR  ] 2019-02-02T11:45:13.855537547Z: [    0.760119] ACPI: bus type USB registered
[STDERR  ] 2019-02-02T11:45:13.855549356Z: [    0.764068] usbcore: registered new interface driver usbfs
[STDERR  ] 2019-02-02T11:45:13.855561192Z: [    0.770049] usbcore: registered new interface driver hub
[STDERR  ] 2019-02-02T11:45:13.855573396Z: [    0.775599] usbcore: registered new device driver usb
[STDERR  ] 2019-02-02T11:45:13.855585335Z: [    0.780061] pps_core: LinuxPPS API ver. 1 registered
[STDERR  ] 2019-02-02T11:45:13.855597382Z: [    0.784886] pps_core: Software ver. 5.3.6 - Copyright 2005-2007 Rodolfo Giometti <giometti@linux.it>
[STDERR  ] 2019-02-02T11:45:13.855609495Z: [    0.790022] PTP clock support registered
[STDERR  ] 2019-02-02T11:45:13.855625502Z: [    0.793905] PCI: Using ACPI for IRQ routing
[STDERR  ] 2019-02-02T11:45:13.855637666Z: [    1.271802] NetLabel: Initializing
[STDERR  ] 2019-02-02T11:45:13.855654845Z: [    1.275135] NetLabel:  domain hash size = 128
[STDERR  ] 2019-02-02T11:45:13.855666552Z: [    1.279403] NetLabel:  protocols = UNLABELED CIPSOv4
[STDERR  ] 2019-02-02T11:45:13.855678283Z: [    1.280069] NetLabel:  unlabeled traffic allowed by default
[STDERR  ] 2019-02-02T11:45:13.855690183Z: [    1.285567] HPET: 3 timers in total, 0 timers will be used for per-cpu timer
[STDERR  ] 2019-02-02T11:45:13.855702175Z: [    1.290120] hpet0: at MMIO 0xfed00000, IRQs 2, 8, 0
[STDERR  ] 2019-02-02T11:45:13.855714413Z: [    1.301305] hpet0: 3 comparators, 64-bit 100.000000 MHz counter
[STDERR  ] 2019-02-02T11:45:13.855726659Z: [    1.310056] clocksource: Switched to clocksource kvm-clock
[STDERR  ] 2019-02-02T11:45:13.855742095Z: [    1.338805] VFS: Disk quotas dquot_6.6.0
[STDERR  ] 2019-02-02T11:45:13.855754160Z: [    1.342864] VFS: Dquot-cache hash table entries: 512 (order 0, 4096 bytes)
[STDERR  ] 2019-02-02T11:45:13.855766000Z: [    1.349501] FS-Cache: Loaded
[STDERR  ] 2019-02-02T11:45:13.855778978Z: [    1.352529] CacheFiles: Loaded
[STDERR  ] 2019-02-02T11:45:13.855790964Z: [    1.355627] pnp: PnP ACPI init
[STDERR  ] 2019-02-02T11:45:13.855804081Z: [    1.359863] pnp: PnP ACPI: found 5 devices
[STDERR  ] 2019-02-02T11:45:13.855820922Z: [    1.370793] clocksource: acpi_pm: mask: 0xffffff max_cycles: 0xffffff, max_idle_ns: 2085701024 ns
[STDERR  ] 2019-02-02T11:45:13.855832631Z: [    1.379529] NET: Registered protocol family 2
[STDERR  ] 2019-02-02T11:45:13.855847375Z: [    1.384159] TCP established hash table entries: 8192 (order: 4, 65536 bytes)
[STDERR  ] 2019-02-02T11:45:13.855863322Z: [    1.391136] TCP bind hash table entries: 8192 (order: 5, 131072 bytes)
[STDERR  ] 2019-02-02T11:45:13.855875365Z: [    1.397682] TCP: Hash tables configured (established 8192 bind 8192)
[STDERR  ] 2019-02-02T11:45:13.855887473Z: [    1.404083] UDP hash table entries: 512 (order: 2, 16384 bytes)
[STDERR  ] 2019-02-02T11:45:13.855899764Z: [    1.409787] UDP-Lite hash table entries: 512 (order: 2, 16384 bytes)
[STDERR  ] 2019-02-02T11:45:13.855912515Z: [    1.416104] NET: Registered protocol family 1
[STDERR  ] 2019-02-02T11:45:13.855934225Z: [    1.420704] pci 0000:00:01.0: Video device with shadowed ROM at [mem 0x000c0000-0x000dffff]
[STDERR  ] 2019-02-02T11:45:13.855949737Z: [    1.433918] Unpacking initramfs...
[STDERR  ] 2019-02-02T11:45:13.855961948Z: [    2.046458] Freeing initrd memory: 26760K
[STDERR  ] 2019-02-02T11:45:13.855974179Z: [    2.051431] PCLMULQDQ-NI instructions are not detected.
[STDERR  ] 2019-02-02T11:45:13.855997826Z: [    2.056580] AVX or AES-NI instructions are not detected.
[STDERR  ] 2019-02-02T11:45:13.856017582Z: [    2.061788] CPU feature 'AVX registers' is not supported.
[STDERR  ] 2019-02-02T11:45:13.856030023Z: [    2.066994] CPU feature 'AVX registers' is not supported.
[STDERR  ] 2019-02-02T11:45:13.856042102Z: [    2.072469] CPU feature 'AVX registers' is not supported.
[STDERR  ] 2019-02-02T11:45:13.856054058Z: [    2.077651] CPU feature 'AVX registers' is not supported.
[STDERR  ] 2019-02-02T11:45:13.856066325Z: [    2.082933] AVX2 or AES-NI instructions are not detected.
[STDERR  ] 2019-02-02T11:45:13.856079208Z: [    2.088130] AVX2 instructions are not detected.
[STDERR  ] 2019-02-02T11:45:13.856091431Z: [    2.092790] audit: initializing netlink subsys (disabled)
[STDERR  ] 2019-02-02T11:45:13.856103434Z: [    2.097997] audit: type=2000 audit(1549107908.124:1): initialized
[STDERR  ] 2019-02-02T11:45:13.856116098Z: [    2.104353] workingset: timestamp_bits=46 max_order=18 bucket_order=0
[STDERR  ] 2019-02-02T11:45:13.856128345Z: [    2.111018] squashfs: version 4.0 (2009/01/31) Phillip Lougher
[STDERR  ] 2019-02-02T11:45:13.856140317Z: [    2.116714] FS-Cache: Netfs 'cifs' registered for caching
[STDERR  ] 2019-02-02T11:45:13.856155279Z: [    2.122063] fuse init (API version 7.26)
[STDERR  ] 2019-02-02T11:45:13.856171577Z: [    2.125965] SGI XFS with ACLs, security attributes, no debug enabled
[STDERR  ] 2019-02-02T11:45:13.856185633Z: [    2.132330] 9p: Installing v9fs 9p2000 file system support
[STDERR  ] 2019-02-02T11:45:13.856197346Z: [    2.137744] FS-Cache: Netfs '9p' registered for caching
[STDERR  ] 2019-02-02T11:45:13.856209184Z: [    2.143956] NET: Registered protocol family 38
[STDERR  ] 2019-02-02T11:45:13.856224091Z: [    2.148333] Key type asymmetric registered
[STDERR  ] 2019-02-02T11:45:13.856236214Z: [    2.152430] Asymmetric key parser 'x509' registered
[STDERR  ] 2019-02-02T11:45:13.856248406Z: [    2.157159] Block layer SCSI generic (bsg) driver version 0.4 loaded (major 251)
[STDERR  ] 2019-02-02T11:45:13.856260608Z: [    2.164334] io scheduler noop registered
[STDERR  ] 2019-02-02T11:45:13.856272062Z: [    2.168164] io scheduler deadline registered (default)
[STDERR  ] 2019-02-02T11:45:13.856284160Z: [    2.173350] io scheduler cfq registered
[STDERR  ] 2019-02-02T11:45:13.856295718Z: [    2.177170] pci_hotplug: PCI Hot Plug PCI Core version: 0.5
[STDERR  ] 2019-02-02T11:45:13.856307682Z: [    2.182628] pciehp: PCI Express Hot Plug Controller Driver version: 0.4
[STDERR  ] 2019-02-02T11:45:13.856319751Z: [    2.188940] shpchp: Standard Hot Plug PCI Controller Driver version: 0.4
[STDERR  ] 2019-02-02T11:45:13.856338428Z: [    2.195473] hv_vmbus: registering driver hyperv_fb
[STDERR  ] 2019-02-02T11:45:13.856350361Z: [    2.200355] input: Power Button as /devices/LNXSYSTM:00/LNXPWRBN:00/input/input0
[STDERR  ] 2019-02-02T11:45:13.856362971Z: [    2.207423] ACPI: Power Button [PWRF]
[STDERR  ] 2019-02-02T11:45:13.856375143Z: [    2.211394] GHES: HEST is not enabled!
[STDERR  ] 2019-02-02T11:45:13.856387136Z: [    2.215517] ACPI: PCI Interrupt Link [GSIG] enabled at IRQ 22
[STDERR  ] 2019-02-02T11:45:13.856399153Z: [    2.226920] ACPI: PCI Interrupt Link [GSIH] enabled at IRQ 23
[STDERR  ] 2019-02-02T11:45:13.856413576Z: [    2.238166] xenfs: not registering filesystem on non-xen platform
[STDERR  ] 2019-02-02T11:45:13.856425357Z: [    2.244200] Serial: 8250/16550 driver, 4 ports, IRQ sharing disabled
[STDERR  ] 2019-02-02T11:45:13.856437226Z: [    2.285506] 00:04: ttyS0 at I/O 0x3f8 (irq = 4, base_baud = 115200) is a 16550A
[STDERR  ] 2019-02-02T11:45:13.856449501Z: [    2.293495] Non-volatile memory driver v1.3
[STDERR  ] 2019-02-02T11:45:13.856461648Z: [    2.299213] Hangcheck: starting hangcheck timer 0.9.1 (tick is 180 seconds, margin is 60 seconds).
[STDERR  ] 2019-02-02T11:45:13.856474180Z: [    2.308097] random: fast init done
[STDERR  ] 2019-02-02T11:45:13.856486803Z: [    2.312045] random: crng init done
[STDERR  ] 2019-02-02T11:45:13.856500794Z: [    2.317114] loop: module loaded
[STDERR  ] 2019-02-02T11:45:13.856518228Z: [    2.321035] nbd: registered device at major 43
[STDERR  ] 2019-02-02T11:45:13.856530803Z: [    2.327160] lpc_ich 0000:00:1f.0: I/O space for GPIO uninitialized
[STDERR  ] 2019-02-02T11:45:13.856542777Z: [    2.333415] VMware PVSCSI driver - version 1.0.7.0-k
[STDERR  ] 2019-02-02T11:45:13.856554726Z: [    2.338299] hv_vmbus: registering driver hv_storvsc
[STDERR  ] 2019-02-02T11:45:13.856566312Z: [    2.343571] ACPI: PCI Interrupt Link [GSIA] enabled at IRQ 16
[STDERR  ] 2019-02-02T11:45:13.856580640Z: [    2.352734] ahci 0000:00:1f.2: AHCI 0001.0000 32 slots 6 ports 1.5 Gbps 0x3f impl SATA mode
[STDERR  ] 2019-02-02T11:45:13.856593468Z: [    2.360808] ahci 0000:00:1f.2: flags: 64bit ncq only 
[STDERR  ] 2019-02-02T11:45:13.856605294Z: [    2.369598] scsi host0: ahci
[STDERR  ] 2019-02-02T11:45:13.856617515Z: [    2.372661] scsi host1: ahci
[STDERR  ] 2019-02-02T11:45:13.856629396Z: [    2.375574] scsi host2: ahci
[STDERR  ] 2019-02-02T11:45:13.856641261Z: [    2.378540] scsi host3: ahci
[STDERR  ] 2019-02-02T11:45:13.856653668Z: [    2.381546] scsi host4: ahci
[STDERR  ] 2019-02-02T11:45:13.856673224Z: [    2.384477] scsi host5: ahci
[STDERR  ] 2019-02-02T11:45:13.856684984Z: [    2.387422] ata1: SATA max UDMA/133 abar m4096@0xfebd2000 port 0xfebd2100 irq 24
[STDERR  ] 2019-02-02T11:45:13.856701241Z: [    2.394701] ata2: SATA max UDMA/133 abar m4096@0xfebd2000 port 0xfebd2180 irq 24
[STDERR  ] 2019-02-02T11:45:13.856713366Z: [    2.401892] ata3: SATA max UDMA/133 abar m4096@0xfebd2000 port 0xfebd2200 irq 24
[STDERR  ] 2019-02-02T11:45:13.856725307Z: [    2.408944] ata4: SATA max UDMA/133 abar m4096@0xfebd2000 port 0xfebd2280 irq 24
[STDERR  ] 2019-02-02T11:45:13.856739699Z: [    2.416116] ata5: SATA max UDMA/133 abar m4096@0xfebd2000 port 0xfebd2300 irq 24
[STDERR  ] 2019-02-02T11:45:13.856752012Z: [    2.423274] ata6: SATA max UDMA/133 abar m4096@0xfebd2000 port 0xfebd2380 irq 24
[STDERR  ] 2019-02-02T11:45:13.856763937Z: [    2.433009] tun: Universal TUN/TAP device driver, 1.6
[STDERR  ] 2019-02-02T11:45:13.856775615Z: [    2.437950] tun: (C) 1999-2004 Max Krasnyansky <maxk@qualcomm.com>
[STDERR  ] 2019-02-02T11:45:13.856787808Z: [    2.448642] VMware vmxnet3 virtual NIC driver - version 1.4.a.0-k-NAPI
[STDERR  ] 2019-02-02T11:45:13.856799903Z: [    2.455048] hv_vmbus: registering driver hv_netvsc
[STDERR  ] 2019-02-02T11:45:13.856811564Z: [    2.459774] Fusion MPT base driver 3.04.20
[STDERR  ] 2019-02-02T11:45:13.856823628Z: [    2.463854] Copyright (c) 1999-2008 LSI Corporation
[STDERR  ] 2019-02-02T11:45:13.856835250Z: [    2.468539] Fusion MPT SPI Host driver 3.04.20
[STDERR  ] 2019-02-02T11:45:13.856847476Z: [    2.472963] i8042: PNP: PS/2 Controller [PNP0303:KBD,PNP0f13:MOU] at 0x60,0x64 irq 1,12
[STDERR  ] 2019-02-02T11:45:13.856862328Z: [    2.484591] serio: i8042 KBD port at 0x60,0x64 irq 1
[STDERR  ] 2019-02-02T11:45:13.856875513Z: [    2.489412] serio: i8042 AUX port at 0x60,0x64 irq 12
[STDERR  ] 2019-02-02T11:45:13.856890621Z: [    2.494461] hv_vmbus: registering driver hyperv_keyboard
[STDERR  ] 2019-02-02T11:45:13.856902604Z: [    2.499669] mousedev: PS/2 mouse device common for all mice
[STDERR  ] 2019-02-02T11:45:13.856930625Z: [    2.506432] input: AT Translated Set 2 keyboard as /devices/platform/i8042/serio0/input/input1
[STDERR  ] 2019-02-02T11:45:13.856950415Z: [    2.514846] input: PC Speaker as /devices/platform/pcspkr/input/input2
[STDERR  ] 2019-02-02T11:45:13.856962673Z: [    2.521670] rtc_cmos 00:00: RTC can wake from S4
[STDERR  ] 2019-02-02T11:45:13.856974552Z: [    2.528430] rtc_cmos 00:00: rtc core: registered rtc_cmos as rtc0
[STDERR  ] 2019-02-02T11:45:13.856996157Z: [    2.535613] rtc_cmos 00:00: alarms up to one day, y3k, 114 bytes nvram, hpet irqs
[STDERR  ] 2019-02-02T11:45:13.857008489Z: [    2.543501] i2c /dev entries driver
[STDERR  ] 2019-02-02T11:45:13.857020397Z: [    2.547167] device-mapper: ioctl: 4.35.0-ioctl (2016-06-23) initialised: dm-devel@redhat.com
[STDERR  ] 2019-02-02T11:45:13.857032929Z: [    2.555973] usbcore: registered new interface driver usbhid
[STDERR  ] 2019-02-02T11:45:13.857049875Z: [    2.561432] usbhid: USB HID core driver
[STDERR  ] 2019-02-02T11:45:13.857061864Z: [    2.565219] hv_utils: Registering HyperV Utility Driver
[STDERR  ] 2019-02-02T11:45:13.857073950Z: [    2.570349] hv_vmbus: registering driver hv_util
[STDERR  ] 2019-02-02T11:45:13.857086178Z: [    2.574787] hv_vmbus: registering driver hv_balloon
[STDERR  ] 2019-02-02T11:45:13.857101815Z: [    2.579468] oprofile: using NMI interrupt.
[STDERR  ] 2019-02-02T11:45:13.857113819Z: [    2.583688] GACT probability on
[STDERR  ] 2019-02-02T11:45:13.857126811Z: [    2.586834] Mirror/redirect action on
[STDERR  ] 2019-02-02T11:45:13.857138879Z: [    2.590437] Simple TC action Loaded
[STDERR  ] 2019-02-02T11:45:13.857150525Z: [    2.593803] u32 classifier
[STDERR  ] 2019-02-02T11:45:13.857163131Z: [    2.600271]     Performance counters on
[STDERR  ] 2019-02-02T11:45:13.857175149Z: [    2.603965]     input device check on
[STDERR  ] 2019-02-02T11:45:13.857189848Z: [    2.607504]     Actions configured
[STDERR  ] 2019-02-02T11:45:13.857201900Z: [    2.610913] Netfilter messages via NETLINK v0.30.
[STDERR  ] 2019-02-02T11:45:13.857214002Z: [    2.615480] nfnl_acct: registering with nfnetlink.
[STDERR  ] 2019-02-02T11:45:13.857225479Z: [    2.620244] nf_conntrack version 0.5.0 (8192 buckets, 32768 max)
[STDERR  ] 2019-02-02T11:45:13.857243773Z: [    2.626045] ctnetlink v0.93: registering with nfnetlink.
[STDERR  ] 2019-02-02T11:45:13.857255659Z: [    2.630795] nf_tables: (c) 2007-2009 Patrick McHardy <kaber@trash.net>
[STDERR  ] 2019-02-02T11:45:13.857267574Z: [    2.636425] nf_tables_compat: (c) 2012 Pablo Neira Ayuso <pablo@netfilter.org>
[STDERR  ] 2019-02-02T11:45:13.857279599Z: [    2.642779] xt_time: kernel timezone is -0000
[STDERR  ] 2019-02-02T11:45:13.857291348Z: [    2.646553] ip_set: protocol 6
[STDERR  ] 2019-02-02T11:45:13.857303056Z: [    2.649346] IPVS: Registered protocols (TCP, UDP, SCTP, AH, ESP)
[STDERR  ] 2019-02-02T11:45:13.857317994Z: [    2.655001] IPVS: Connection hash table configured (size=4096, memory=64Kbytes)
[STDERR  ] 2019-02-02T11:45:13.857336866Z: [    2.661733] IPVS: Creating netns size=2104 id=0
[STDERR  ] 2019-02-02T11:45:13.857349186Z: [    2.667363] IPVS: ipvs loaded.
[STDERR  ] 2019-02-02T11:45:13.857361294Z: [    2.670136] IPVS: [rr] scheduler registered.
[STDERR  ] 2019-02-02T11:45:13.857373190Z: [    2.674171] IPVS: [wrr] scheduler registered.
[STDERR  ] 2019-02-02T11:45:13.857384698Z: [    2.677942] IPVS: [lc] scheduler registered.
[STDERR  ] 2019-02-02T11:45:13.857399904Z: [    2.681945] IPVS: [wlc] scheduler registered.
[STDERR  ] 2019-02-02T11:45:13.857411778Z: [    2.685723] IPVS: [fo] scheduler registered.
[STDERR  ] 2019-02-02T11:45:13.857424012Z: [    2.689709] IPVS: [ovf] scheduler registered.
[STDERR  ] 2019-02-02T11:45:13.857435965Z: [    2.693568] IPVS: [lblc] scheduler registered.
[STDERR  ] 2019-02-02T11:45:13.857447652Z: [    2.697729] IPVS: [lblcr] scheduler registered.
[STDERR  ] 2019-02-02T11:45:13.857459261Z: [    2.701788] IPVS: [dh] scheduler registered.
[STDERR  ] 2019-02-02T11:45:13.857471355Z: [    2.705766] IPVS: [sh] scheduler registered.
[STDERR  ] 2019-02-02T11:45:13.857486696Z: [    2.709461] IPVS: [sed] scheduler registered.
[STDERR  ] 2019-02-02T11:45:13.857498705Z: [    2.713681] IPVS: [nq] scheduler registered.
[STDERR  ] 2019-02-02T11:45:13.857510882Z: [    2.717404] IPVS: ftp: loaded support on port[0] = 21
[STDERR  ] 2019-02-02T11:45:13.857522882Z: [    2.722157] ipip: IPv4 and MPLS over IPv4 tunneling driver
[STDERR  ] 2019-02-02T11:45:13.857535066Z: [    2.727338] gre: GRE over IPv4 demultiplexor driver
[STDERR  ] 2019-02-02T11:45:13.857547284Z: [    2.732058] ip_tables: (C) 2000-2006 Netfilter Core Team
[STDERR  ] 2019-02-02T11:45:13.857558920Z: [    2.737146] ipt_CLUSTERIP: ClusterIP Version 0.8 loaded successfully
[STDERR  ] 2019-02-02T11:45:13.857573763Z: [    2.743007] arp_tables: arp_tables: (C) 2002 David S. Miller
[STDERR  ] 2019-02-02T11:45:13.857585864Z: [    2.748396] NET: Registered protocol family 10
[STDERR  ] 2019-02-02T11:45:13.857601831Z: [    2.752724] ip6_tables: (C) 2000-2006 Netfilter Core Team
[STDERR  ] 2019-02-02T11:45:13.857613768Z: [    2.758479] NET: Registered protocol family 17
[STDERR  ] 2019-02-02T11:45:13.857625757Z: [    2.762485] Bridge firewalling registered
[STDERR  ] 2019-02-02T11:45:13.857637495Z: [    2.766577] ata4: SATA link down (SStatus 0 SControl 300)
[STDERR  ] 2019-02-02T11:45:13.857649446Z: [    2.772301] ata3: SATA link up 1.5 Gbps (SStatus 113 SControl 300)
[STDERR  ] 2019-02-02T11:45:13.857661097Z: [    2.778221] ata3.00: ATAPI: QEMU DVD-ROM, 2.5+, max UDMA/100
[STDERR  ] 2019-02-02T11:45:13.857676256Z: [    2.783241] ata3.00: applying bridge limits
[STDERR  ] 2019-02-02T11:45:13.857688425Z: [    2.787833] ata2: SATA link down (SStatus 0 SControl 300)
[STDERR  ] 2019-02-02T11:45:13.857700319Z: [    2.793480] ata1: SATA link down (SStatus 0 SControl 300)
[STDERR  ] 2019-02-02T11:45:13.857712235Z: [    2.799024] ata6: SATA link down (SStatus 0 SControl 300)
[STDERR  ] 2019-02-02T11:45:13.857724485Z: [    2.804620] ata5: SATA link down (SStatus 0 SControl 300)
[STDERR  ] 2019-02-02T11:45:13.857736464Z: [    2.809565] Ebtables v2.0 registered
[STDERR  ] 2019-02-02T11:45:13.857748512Z: [    2.813053] 8021q: 802.1Q VLAN Support v1.8
[STDERR  ] 2019-02-02T11:45:13.857765429Z: [    2.816761] 9pnet: Installing 9P2000 support
[STDERR  ] 2019-02-02T11:45:13.857777011Z: [    2.820607] Key type dns_resolver registered
[STDERR  ] 2019-02-02T11:45:13.857788878Z: [    2.824675] ata3.00: configured for UDMA/100
[STDERR  ] 2019-02-02T11:45:13.857801114Z: [    2.829737] registered taskstats version 1
[STDERR  ] 2019-02-02T11:45:13.857816413Z: [    2.833899] scsi 2:0:0:0: CD-ROM            QEMU     QEMU DVD-ROM     2.5+ PQ: 0 ANSI: 5
[STDERR  ] 2019-02-02T11:45:13.857831109Z: [    2.850151] Key type big_key registered
[STDERR  ] 2019-02-02T11:45:13.857843284Z: [    2.860972] sr 2:0:0:0: [sr0] scsi3-mmc drive: 4x/4x cd/rw xa/form2 tray
[STDERR  ] 2019-02-02T11:45:13.857858114Z: [    2.867454] cdrom: Uniform CD-ROM driver Revision: 3.20
[STDERR  ] 2019-02-02T11:45:13.857870286Z: [    2.874178] sr 2:0:0:0: Attached scsi generic sg0 type 5
[STDERR  ] 2019-02-02T11:45:13.857882361Z: [    2.879451] Key type encrypted registered
[STDERR  ] 2019-02-02T11:45:13.857898034Z: [    2.885460] rtc_cmos 00:00: setting system clock to 2019-02-02 11:45:09 UTC (1549107909)
[STDERR  ] 2019-02-02T11:45:13.857910411Z: [    2.896217] Freeing unused kernel memory: 1404K
[STDERR  ] 2019-02-02T11:45:13.857922927Z: [    2.900705] Write protecting the kernel read-only data: 12288k
[STDERR  ] 2019-02-02T11:45:13.857935164Z: [    2.906600] Freeing unused kernel memory: 60K
[STDERR  ] 2019-02-02T11:45:13.857947347Z: [    2.914197] Freeing unused kernel memory: 1384K
[STDERR  ] 2019-02-02T11:45:13.857958873Z: 
[STDERR  ] 2019-02-02T11:45:13.857972005Z: Welcome to LinuxKit
[STDERR  ] 2019-02-02T11:45:13.857984362Z: 
[STDERR  ] 2019-02-02T11:45:13.858005154Z:                         ##         .
[STDERR  ] 2019-02-02T11:45:13.858017509Z:                   ## ## ##        ==
[STDERR  ] 2019-02-02T11:45:13.858029693Z:                ## ## ## ## ##    ===
[STDERR  ] 2019-02-02T11:45:13.858041617Z:            /"""""""""""""""""\___/ ===
[STDERR  ] 2019-02-02T11:45:13.858053646Z:           {                       /  ===-
[STDERR  ] 2019-02-02T11:45:13.858065847Z:            \______ O           __/
[STDERR  ] 2019-02-02T11:45:13.858079430Z:              \    \         __/
[STDERR  ] 2019-02-02T11:45:13.858091400Z:               \____\_______/
[STDERR  ] 2019-02-02T11:45:13.858103540Z: 
[STDERR  ] 2019-02-02T11:45:13.858116531Z: [    3.346142] hello_world: loading out-of-tree module taints kernel.
[STDERR  ] 2019-02-02T11:45:13.858129255Z: [    3.353219] Hello LinuxKit
[STDERR  ] 2019-02-02T11:45:13.858141172Z: [    3.359502] Goodbye LinuxKit.
[STDERR  ] 2019-02-02T11:45:13.858185520Z: Linux linuxkit-5a5839ff791a 4.9.154-linuxkit #1 SMP Sat Feb 2 01:23:54 UTC 2019 x86_64 Linux
[STDERR  ] 2019-02-02T11:45:13.858197700Z: filename:       hello_world.ko
[STDERR  ] 2019-02-02T11:45:13.858213257Z: author:         Rolf Neugebauer <rolf.neugebauer@docker.com>
[STDERR  ] 2019-02-02T11:45:13.858223705Z: description:    A simple Hello World kernel module for testing
[STDERR  ] 2019-02-02T11:45:13.858235095Z: license:        GPL
[STDERR  ] 2019-02-02T11:45:13.858246123Z: depends:        
[STDERR  ] 2019-02-02T11:45:13.858257102Z: vermagic:       4.9.154-linuxkit SMP mod_unload 
[STDERR  ] 2019-02-02T11:45:13.858267796Z: Kernel module test suite PASSED
[STDERR  ] 2019-02-02T11:45:13.858278684Z: [    6.452527] ACPI: Preparing to enter system sleep state S5
[STDERR  ] 2019-02-02T11:45:13.858289310Z: [    6.458457] reboot: Power down
[STDERR  ] 2019-02-02T11:45:13.858300561Z: + exit 0
[STDERR  ] 2019-02-02T11:45:13.858311118Z: + clean_up
[STDERR  ] 2019-02-02T11:45:13.858321592Z: + docker rmi kmod-test
[STDOUT  ] 2019-02-02T11:45:14.019629348Z: Untagged: kmod-test:latest
[STDOUT  ] 2019-02-02T11:45:14.019680485Z: Deleted: sha256:63a42a7cec1cfb120992766c3a93d9fd5c686002acf7378db40dc9f12f33bfe3
[STDOUT  ] 2019-02-02T11:45:14.019695686Z: Deleted: sha256:0707b4c763fbbb2d2854a6cdb0ebb210153673b25716759de2e6f805498dd802
[STDOUT  ] 2019-02-02T11:45:14.019702340Z: Deleted: sha256:bd3a8a65661fd134fa7542c53e82997d1f1f0f6bc2a18378613822716bd87e14
[STDOUT  ] 2019-02-02T11:45:14.019719752Z: Deleted: sha256:e0934f8dbfefd227a485c361522b1b8264061e9467a22448208372abbfd9a543
[STDOUT  ] 2019-02-02T11:45:14.019728679Z: Deleted: sha256:b1f232e4002c7cd069b46b794bc3fc851a7bb2f8258a5a0df35adad1958a0221
[STDERR  ] 2019-02-02T11:45:14.021022857Z: + rm -rf kmod-cmdline kmod-initrd.img kmod-kernel kmod-state
[PASS    ] linuxkit.kernel.kmod_4.9.x 73.84s
