[INFO    ] 2018-02-18T21:33:06.525311325Z: Running Test linuxkit.packages.sysctl in /tmp/build/test/cases/040_packages/019_sysctl
[INFO    ] 2018-02-18T21:33:06.525430779Z: Running command: [/bin/sh -x /tmp/build/test/cases/040_packages/019_sysctl/test.sh]
[STDERR  ] 2018-02-18T21:33:06.580886507Z: + set -e
[STDERR  ] 2018-02-18T21:33:06.580982234Z: + . /tmp/build/test/cases/_lib/lib.sh
[STDERR  ] 2018-02-18T21:33:06.580993384Z: + [ -f src/github.com/linuxkit/rtf/lib/lib.sh ]
[STDERR  ] 2018-02-18T21:33:06.581006488Z: + LINUXKIT_TMPDIR=/tmp/build/test/cases/_tmp
[STDERR  ] 2018-02-18T21:33:06.581016566Z: + [ -f /tmp/build/test/cases/_tmp/env.sh ]
[STDERR  ] 2018-02-18T21:33:06.581025184Z: + . /tmp/build/test/cases/_tmp/env.sh
[STDERR  ] 2018-02-18T21:33:06.581034450Z: + export LINUXKIT_EXAMPLES_DIR=/tmp/build/test/cases/../../examples
[STDERR  ] 2018-02-18T21:33:06.581054004Z: + RT_CANCEL=253
[STDERR  ] 2018-02-18T21:33:06.581063856Z: + NAME=sysctl
[STDERR  ] 2018-02-18T21:33:06.581076216Z: + trap clean_up EXIT
[STDERR  ] 2018-02-18T21:33:06.581085496Z: + linuxkit build -format kernel+initrd -name sysctl test.yml
[STDERR  ] 2018-02-18T21:33:06.608261346Z: Extract kernel image: linuxkit/kernel:4.9.81
[STDERR  ] 2018-02-18T21:33:07.766083304Z: time="2018-02-18T21:33:07Z" level=warning msg="certificate with CN Justin Cormack is near expiry"
[STDERR  ] 2018-02-18T21:33:07.766150786Z: time="2018-02-18T21:33:07Z" level=warning msg="certificate with CN  is near expiry"
[STDERR  ] 2018-02-18T21:33:07.766297845Z: time="2018-02-18T21:33:07Z" level=warning msg="certificate with CN  is near expiry"
[STDERR  ] 2018-02-18T21:33:07.766311449Z: time="2018-02-18T21:33:07Z" level=warning msg="certificate with CN avi@atomicinc.com is near expiry"
[STDERR  ] 2018-02-18T21:33:07.766324382Z: time="2018-02-18T21:33:07Z" level=warning msg="certificate with CN Ian Campbell is near expiry"
[STDERR  ] 2018-02-18T21:33:07.815330467Z: time="2018-02-18T21:33:07Z" level=warning msg="certificate with CN Justin Cormack is near expiry"
[STDERR  ] 2018-02-18T21:33:08.230726881Z: Add init containers:
[STDERR  ] 2018-02-18T21:33:08.230781209Z: Process init image: linuxkit/init:d899eee3560a40aa3b4bdd67b3bb82703714b2b9
[STDERR  ] 2018-02-18T21:33:09.263500560Z: time="2018-02-18T21:33:09Z" level=warning msg="certificate with CN Justin Cormack is near expiry"
[STDERR  ] 2018-02-18T21:33:09.263569638Z: time="2018-02-18T21:33:09Z" level=warning msg="certificate with CN  is near expiry"
[STDERR  ] 2018-02-18T21:33:09.263707218Z: time="2018-02-18T21:33:09Z" level=warning msg="certificate with CN  is near expiry"
[STDERR  ] 2018-02-18T21:33:09.263719985Z: time="2018-02-18T21:33:09Z" level=warning msg="certificate with CN avi@atomicinc.com is near expiry"
[STDERR  ] 2018-02-18T21:33:09.263747485Z: time="2018-02-18T21:33:09Z" level=warning msg="certificate with CN Ian Campbell is near expiry"
[STDERR  ] 2018-02-18T21:33:09.268567565Z: time="2018-02-18T21:33:09Z" level=warning msg="certificate with CN Justin Cormack is near expiry"
[STDERR  ] 2018-02-18T21:33:09.270668644Z: time="2018-02-18T21:33:09Z" level=warning msg="certificate with CN  is near expiry"
[STDERR  ] 2018-02-18T21:33:09.270819104Z: time="2018-02-18T21:33:09Z" level=warning msg="certificate with CN Ian Campbell is near expiry"
[STDERR  ] 2018-02-18T21:33:09.438519686Z: Process init image: linuxkit/runc:7c39a68490a12cde830e1922f171c451fb08e731
[STDERR  ] 2018-02-18T21:33:10.808784347Z: time="2018-02-18T21:33:10Z" level=warning msg="certificate with CN Justin Cormack is near expiry"
[STDERR  ] 2018-02-18T21:33:10.808851854Z: time="2018-02-18T21:33:10Z" level=warning msg="certificate with CN  is near expiry"
[STDERR  ] 2018-02-18T21:33:10.808862772Z: time="2018-02-18T21:33:10Z" level=warning msg="certificate with CN  is near expiry"
[STDERR  ] 2018-02-18T21:33:10.809004399Z: time="2018-02-18T21:33:10Z" level=warning msg="certificate with CN avi@atomicinc.com is near expiry"
[STDERR  ] 2018-02-18T21:33:10.809016744Z: time="2018-02-18T21:33:10Z" level=warning msg="certificate with CN Ian Campbell is near expiry"
[STDERR  ] 2018-02-18T21:33:10.811219233Z: time="2018-02-18T21:33:10Z" level=warning msg="certificate with CN Justin Cormack is near expiry"
[STDERR  ] 2018-02-18T21:33:10.812420838Z: time="2018-02-18T21:33:10Z" level=warning msg="certificate with CN  is near expiry"
[STDERR  ] 2018-02-18T21:33:10.812482775Z: time="2018-02-18T21:33:10Z" level=warning msg="certificate with CN Ian Campbell is near expiry"
[STDERR  ] 2018-02-18T21:33:10.964350146Z: Add onboot containers:
[STDERR  ] 2018-02-18T21:33:10.964412266Z:   Create OCI config for linuxkit/sysctl:v0.2
[STDERR  ] 2018-02-18T21:33:11.999949881Z: time="2018-02-18T21:33:11Z" level=warning msg="certificate with CN  is near expiry"
[STDERR  ] 2018-02-18T21:33:12.000026868Z: time="2018-02-18T21:33:11Z" level=warning msg="certificate with CN  is near expiry"
[STDERR  ] 2018-02-18T21:33:12.000166318Z: time="2018-02-18T21:33:12Z" level=warning msg="certificate with CN avi@atomicinc.com is near expiry"
[STDERR  ] 2018-02-18T21:33:12.000267101Z: time="2018-02-18T21:33:12Z" level=warning msg="certificate with CN Ian Campbell is near expiry"
[STDERR  ] 2018-02-18T21:33:12.000408712Z: time="2018-02-18T21:33:12Z" level=warning msg="certificate with CN Justin Cormack is near expiry"
[STDERR  ] 2018-02-18T21:33:12.002037043Z: time="2018-02-18T21:33:12Z" level=warning msg="certificate with CN Justin Cormack is near expiry"
[STDERR  ] 2018-02-18T21:33:12.002731379Z: time="2018-02-18T21:33:12Z" level=warning msg="certificate with CN  is near expiry"
[STDERR  ] 2018-02-18T21:33:12.002827349Z: time="2018-02-18T21:33:12Z" level=warning msg="certificate with CN Ian Campbell is near expiry"
[STDERR  ] 2018-02-18T21:33:12.156779358Z:   Create OCI config for alpine:3.7
[STDERR  ] 2018-02-18T21:33:13.358790436Z:   Create OCI config for linuxkit/poweroff:f9a0a5e52fd2a97908bda33db2afffafe4a6a67d
[STDERR  ] 2018-02-18T21:33:14.420237409Z: time="2018-02-18T21:33:14Z" level=warning msg="certificate with CN avi@atomicinc.com is near expiry"
[STDERR  ] 2018-02-18T21:33:14.420308383Z: time="2018-02-18T21:33:14Z" level=warning msg="certificate with CN Ian Campbell is near expiry"
[STDERR  ] 2018-02-18T21:33:14.420443687Z: time="2018-02-18T21:33:14Z" level=warning msg="certificate with CN Justin Cormack is near expiry"
[STDERR  ] 2018-02-18T21:33:14.420514904Z: time="2018-02-18T21:33:14Z" level=warning msg="certificate with CN Rolf Neugebauer is near expiry"
[STDERR  ] 2018-02-18T21:33:14.420562384Z: time="2018-02-18T21:33:14Z" level=warning msg="certificate with CN  is near expiry"
[STDERR  ] 2018-02-18T21:33:14.420622185Z: time="2018-02-18T21:33:14Z" level=warning msg="certificate with CN  is near expiry"
[STDERR  ] 2018-02-18T21:33:14.422246575Z: time="2018-02-18T21:33:14Z" level=warning msg="certificate with CN Rolf Neugebauer is near expiry"
[STDERR  ] 2018-02-18T21:33:14.423012937Z: time="2018-02-18T21:33:14Z" level=warning msg="certificate with CN  is near expiry"
[STDERR  ] 2018-02-18T21:33:14.423078225Z: time="2018-02-18T21:33:14Z" level=warning msg="certificate with CN Ian Campbell is near expiry"
[STDERR  ] 2018-02-18T21:33:14.601663342Z: Add files:
[STDERR  ] 2018-02-18T21:33:14.601719136Z:   check.sh
[STDERR  ] 2018-02-18T21:33:14.602742247Z: Create outputs:
[STDERR  ] 2018-02-18T21:33:18.916713675Z:   sysctl-kernel sysctl-initrd.img sysctl-cmdline
[STDERR  ] 2018-02-18T21:33:18.963858883Z: + linuxkit run sysctl
[STDERR  ] 2018-02-18T21:33:18.987733665Z: Unable to find qemu-system-x86_64 within the $PATH. Using a container
[STDOUT  ] 2018-02-18T21:33:34.630198004Z: [    0.000000] Linux version 4.9.81-linuxkit (root@131493a180c4) (gcc version 6.4.0 (Alpine 6.4.0) ) #1 SMP Tue Feb 13 18:31:25 UTC 2018
[STDOUT  ] 2018-02-18T21:33:34.630295322Z: [    0.000000] Command line: console=ttyS0 console=ttyAMA0
[STDOUT  ] 2018-02-18T21:33:34.630306188Z: [    0.000000] x86/fpu: Legacy x87 FPU detected.
[STDOUT  ] 2018-02-18T21:33:34.630315463Z: [    0.000000] x86/fpu: Using 'eager' FPU context switches.
[STDOUT  ] 2018-02-18T21:33:34.630324925Z: [    0.000000] e820: BIOS-provided physical RAM map:
[STDOUT  ] 2018-02-18T21:33:34.630333645Z: [    0.000000] BIOS-e820: [mem 0x0000000000000000-0x000000000009fbff] usable
[STDOUT  ] 2018-02-18T21:33:34.630356597Z: [    0.000000] BIOS-e820: [mem 0x000000000009fc00-0x000000000009ffff] reserved
[STDOUT  ] 2018-02-18T21:33:34.630366969Z: [    0.000000] BIOS-e820: [mem 0x00000000000f0000-0x00000000000fffff] reserved
[STDOUT  ] 2018-02-18T21:33:34.630375957Z: [    0.000000] BIOS-e820: [mem 0x0000000000100000-0x000000003ffdefff] usable
[STDOUT  ] 2018-02-18T21:33:34.630386016Z: [    0.000000] BIOS-e820: [mem 0x000000003ffdf000-0x000000003fffffff] reserved
[STDOUT  ] 2018-02-18T21:33:34.630395697Z: [    0.000000] BIOS-e820: [mem 0x00000000b0000000-0x00000000bfffffff] reserved
[STDOUT  ] 2018-02-18T21:33:34.630404685Z: [    0.000000] BIOS-e820: [mem 0x00000000fed1c000-0x00000000fed1ffff] reserved
[STDOUT  ] 2018-02-18T21:33:34.630414014Z: [    0.000000] BIOS-e820: [mem 0x00000000feffc000-0x00000000feffffff] reserved
[STDOUT  ] 2018-02-18T21:33:34.630422681Z: [    0.000000] BIOS-e820: [mem 0x00000000fffc0000-0x00000000ffffffff] reserved
[STDOUT  ] 2018-02-18T21:33:34.630431260Z: [    0.000000] NX (Execute Disable) protection: active
[STDOUT  ] 2018-02-18T21:33:34.630439952Z: [    0.000000] SMBIOS 2.8 present.
[STDOUT  ] 2018-02-18T21:33:34.630448878Z: [    0.000000] Hypervisor detected: KVM
[STDOUT  ] 2018-02-18T21:33:34.630457706Z: [    0.000000] e820: last_pfn = 0x3ffdf max_arch_pfn = 0x400000000
[STDOUT  ] 2018-02-18T21:33:34.630466223Z: [    0.000000] x86/PAT: PAT not supported by CPU.
[STDOUT  ] 2018-02-18T21:33:34.630474686Z: [    0.000000] x86/PAT: Configuration [0-7]: WB  WT  UC- UC  WB  WT  UC- UC  
[STDOUT  ] 2018-02-18T21:33:34.630483339Z: [    0.000000] found SMP MP-table at [mem 0x000f6aa0-0x000f6aaf] mapped at [ffff9968c00f6aa0]
[STDOUT  ] 2018-02-18T21:33:34.630492447Z: [    0.000000] RAMDISK: [mem 0x3e760000-0x3ffcffff]
[STDOUT  ] 2018-02-18T21:33:34.630500805Z: [    0.000000] ACPI: Early table checksum verification disabled
[STDOUT  ] 2018-02-18T21:33:34.630508978Z: [    0.000000] ACPI: RSDP 0x00000000000F68B0 000014 (v00 BOCHS )
[STDOUT  ] 2018-02-18T21:33:34.630517359Z: [    0.000000] ACPI: RSDT 0x000000003FFE20A8 000034 (v01 BOCHS  BXPCRSDT 00000001 BXPC 00000001)
[STDOUT  ] 2018-02-18T21:33:34.630526235Z: [    0.000000] ACPI: FACP 0x000000003FFE1EC8 0000F4 (v03 BOCHS  BXPCFACP 00000001 BXPC 00000001)
[STDOUT  ] 2018-02-18T21:33:34.630542907Z: [    0.000000] ACPI: DSDT 0x000000003FFE0040 001E88 (v01 BOCHS  BXPCDSDT 00000001 BXPC 00000001)
[STDOUT  ] 2018-02-18T21:33:34.630551522Z: [    0.000000] ACPI: FACS 0x000000003FFE0000 000040
[STDOUT  ] 2018-02-18T21:33:34.630568651Z: [    0.000000] ACPI: APIC 0x000000003FFE1FBC 000078 (v01 BOCHS  BXPCAPIC 00000001 BXPC 00000001)
[STDOUT  ] 2018-02-18T21:33:34.630576947Z: [    0.000000] ACPI: HPET 0x000000003FFE2034 000038 (v01 BOCHS  BXPCHPET 00000001 BXPC 00000001)
[STDOUT  ] 2018-02-18T21:33:34.630586410Z: [    0.000000] ACPI: MCFG 0x000000003FFE206C 00003C (v01 BOCHS  BXPCMCFG 00000001 BXPC 00000001)
[STDOUT  ] 2018-02-18T21:33:34.630595117Z: [    0.000000] kvm-clock: Using msrs 4b564d01 and 4b564d00
[STDOUT  ] 2018-02-18T21:33:34.630603190Z: [    0.000000] kvm-clock: cpu 0, msr 0:3ffdd001, primary cpu clock
[STDOUT  ] 2018-02-18T21:33:34.630611639Z: [    0.000000] clocksource: kvm-clock: mask: 0xffffffffffffffff max_cycles: 0x1cd42e4dffb, max_idle_ns: 881590591483 ns
[STDOUT  ] 2018-02-18T21:33:34.630621609Z: [    0.000000] Zone ranges:
[STDOUT  ] 2018-02-18T21:33:34.630630200Z: [    0.000000]   DMA      [mem 0x0000000000001000-0x0000000000ffffff]
[STDOUT  ] 2018-02-18T21:33:34.630638163Z: [    0.000000]   DMA32    [mem 0x0000000001000000-0x000000003ffdefff]
[STDOUT  ] 2018-02-18T21:33:34.630647113Z: [    0.000000]   Normal   empty
[STDOUT  ] 2018-02-18T21:33:34.630655150Z: [    0.000000] Movable zone start for each node
[STDOUT  ] 2018-02-18T21:33:34.630662954Z: [    0.000000] Early memory node ranges
[STDOUT  ] 2018-02-18T21:33:34.630670606Z: [    0.000000]   node   0: [mem 0x0000000000001000-0x000000000009efff]
[STDOUT  ] 2018-02-18T21:33:34.630678380Z: [    0.000000]   node   0: [mem 0x0000000000100000-0x000000003ffdefff]
[STDOUT  ] 2018-02-18T21:33:34.630690570Z: [    0.000000] Initmem setup node 0 [mem 0x0000000000001000-0x000000003ffdefff]
[STDOUT  ] 2018-02-18T21:33:34.630699530Z: [    0.000000] ACPI: PM-Timer IO Port: 0x608
[STDOUT  ] 2018-02-18T21:33:34.630708254Z: [    0.000000] ACPI: LAPIC_NMI (acpi_id[0xff] dfl dfl lint[0x1])
[STDOUT  ] 2018-02-18T21:33:34.630716770Z: [    0.000000] IOAPIC[0]: apic_id 0, version 17, address 0xfec00000, GSI 0-23
[STDOUT  ] 2018-02-18T21:33:34.630725121Z: [    0.000000] ACPI: INT_SRC_OVR (bus 0 bus_irq 0 global_irq 2 dfl dfl)
[STDOUT  ] 2018-02-18T21:33:34.630733678Z: [    0.000000] ACPI: INT_SRC_OVR (bus 0 bus_irq 5 global_irq 5 high level)
[STDOUT  ] 2018-02-18T21:33:34.630742635Z: [    0.000000] ACPI: INT_SRC_OVR (bus 0 bus_irq 9 global_irq 9 high level)
[STDOUT  ] 2018-02-18T21:33:34.630751114Z: [    0.000000] ACPI: INT_SRC_OVR (bus 0 bus_irq 10 global_irq 10 high level)
[STDOUT  ] 2018-02-18T21:33:34.630758995Z: [    0.000000] ACPI: INT_SRC_OVR (bus 0 bus_irq 11 global_irq 11 high level)
[STDOUT  ] 2018-02-18T21:33:34.630767300Z: [    0.000000] Using ACPI (MADT) for SMP configuration information
[STDOUT  ] 2018-02-18T21:33:34.630776092Z: [    0.000000] ACPI: HPET id: 0x8086a201 base: 0xfed00000
[STDOUT  ] 2018-02-18T21:33:34.630784954Z: [    0.000000] smpboot: Allowing 1 CPUs, 0 hotplug CPUs
[STDOUT  ] 2018-02-18T21:33:34.630793936Z: [    0.000000] e820: [mem 0x40000000-0xafffffff] available for PCI devices
[STDOUT  ] 2018-02-18T21:33:34.630803514Z: [    0.000000] Booting paravirtualized kernel on KVM
[STDOUT  ] 2018-02-18T21:33:34.630816764Z: [    0.000000] clocksource: refined-jiffies: mask: 0xffffffff max_cycles: 0xffffffff, max_idle_ns: 19112604462750000 ns
[STDOUT  ] 2018-02-18T21:33:34.630825931Z: [    0.000000] setup_percpu: NR_CPUS:128 nr_cpumask_bits:128 nr_cpu_ids:1 nr_node_ids:1
[STDOUT  ] 2018-02-18T21:33:34.630834673Z: [    0.000000] percpu: Embedded 36 pages/cpu @ffff9968fe400000 s106904 r8192 d32360 u2097152
[STDOUT  ] 2018-02-18T21:33:34.630844461Z: [    0.000000] KVM setup async PF for cpu 0
[STDOUT  ] 2018-02-18T21:33:34.630853167Z: [    0.000000] kvm-stealtime: cpu 0, msr 3e40fd80
[STDOUT  ] 2018-02-18T21:33:34.630861623Z: [    0.000000] Built 1 zonelists in Zone order, mobility grouping on.  Total pages: 257896
[STDOUT  ] 2018-02-18T21:33:34.630870672Z: [    0.000000] Kernel command line: console=ttyS0 console=ttyAMA0
[STDOUT  ] 2018-02-18T21:33:34.630879433Z: [    0.000000] PID hash table entries: 4096 (order: 3, 32768 bytes)
[STDOUT  ] 2018-02-18T21:33:34.630892333Z: [    0.000000] Dentry cache hash table entries: 131072 (order: 8, 1048576 bytes)
[STDOUT  ] 2018-02-18T21:33:34.630902904Z: [    0.000000] Inode-cache hash table entries: 65536 (order: 7, 524288 bytes)
[STDOUT  ] 2018-02-18T21:33:34.630912372Z: [    0.000000] Memory: 989092K/1048052K available (8054K kernel code, 1391K rwdata, 2700K rodata, 1404K init, 564K bss, 58960K reserved, 0K cma-reserved)
[STDOUT  ] 2018-02-18T21:33:34.630923900Z: [    0.000000] Kernel/User page tables isolation: enabled
[STDOUT  ] 2018-02-18T21:33:34.630932812Z: [    0.000000] Hierarchical RCU implementation.
[STDOUT  ] 2018-02-18T21:33:34.630941304Z: [    0.000000] 	Build-time adjustment of leaf fanout to 64.
[STDOUT  ] 2018-02-18T21:33:34.630950228Z: [    0.000000] 	RCU restricting CPUs from NR_CPUS=128 to nr_cpu_ids=1.
[STDOUT  ] 2018-02-18T21:33:34.630958607Z: [    0.000000] RCU: Adjusting geometry for rcu_fanout_leaf=64, nr_cpu_ids=1
[STDOUT  ] 2018-02-18T21:33:34.630967234Z: [    0.000000] NR_IRQS:8448 nr_irqs:256 16
[STDOUT  ] 2018-02-18T21:33:34.630975735Z: [    0.000000] Console: colour VGA+ 80x25
[STDOUT  ] 2018-02-18T21:33:34.630984028Z: [    0.000000] console [ttyS0] enabled
[STDOUT  ] 2018-02-18T21:33:34.630992923Z: [    0.000000] clocksource: hpet: mask: 0xffffffff max_cycles: 0xffffffff, max_idle_ns: 19112604467 ns
[STDOUT  ] 2018-02-18T21:33:34.631001661Z: [    0.000000] tsc: Detected 2300.000 MHz processor
[STDOUT  ] 2018-02-18T21:33:34.631010296Z: [    0.020000] Calibrating delay loop (skipped) preset value.. 4600.00 BogoMIPS (lpj=23000000)
[STDOUT  ] 2018-02-18T21:33:34.631022648Z: [    0.020034] pid_max: default: 32768 minimum: 301
[STDOUT  ] 2018-02-18T21:33:34.631031060Z: [    0.023983] ACPI: Core revision 20160831
[STDOUT  ] 2018-02-18T21:33:34.631041355Z: [    0.028103] ACPI: 1 ACPI AML tables successfully acquired and loaded
[STDOUT  ] 2018-02-18T21:33:34.631049788Z: [    0.033965] Security Framework initialized
[STDOUT  ] 2018-02-18T21:33:34.631058232Z: [    0.037437] Yama: becoming mindful.
[STDOUT  ] 2018-02-18T21:33:34.631066545Z: [    0.040070] Mount-cache hash table entries: 2048 (order: 2, 16384 bytes)
[STDOUT  ] 2018-02-18T21:33:34.631074742Z: [    0.045779] Mountpoint-cache hash table entries: 2048 (order: 2, 16384 bytes)
[STDOUT  ] 2018-02-18T21:33:34.631082967Z: [    0.050901] CPU: Physical Processor ID: 0
[STDOUT  ] 2018-02-18T21:33:34.631091304Z: [    0.054641] Last level iTLB entries: 4KB 0, 2MB 0, 4MB 0
[STDOUT  ] 2018-02-18T21:33:34.631099753Z: [    0.060033] Last level dTLB entries: 4KB 0, 2MB 0, 4MB 0, 1GB 0
[STDOUT  ] 2018-02-18T21:33:34.631108210Z: [    0.065025] Spectre V2 : Vulnerable: Minimal generic ASM retpoline
[STDOUT  ] 2018-02-18T21:33:34.631116580Z: [    0.194899] Freeing SMP alternatives memory: 20K
[STDOUT  ] 2018-02-18T21:33:34.631125023Z: [    0.228938] ftrace: allocating 35563 entries in 139 pages
[STDOUT  ] 2018-02-18T21:33:34.631134319Z: [    0.240136] smpboot: Max logical packages: 1
[STDOUT  ] 2018-02-18T21:33:34.631142698Z: [    0.252155] x2apic enabled
[STDOUT  ] 2018-02-18T21:33:34.631150928Z: [    0.256547] Switched APIC routing to physical x2apic.
[STDOUT  ] 2018-02-18T21:33:34.631159816Z: [    0.273728] ..TIMER: vector=0x30 apic1=0 pin1=2 apic2=-1 pin2=-1
[STDOUT  ] 2018-02-18T21:33:34.631169465Z: [    0.280000] smpboot: CPU0: Intel QEMU Virtual CPU version 2.5+ (family: 0x6, model: 0x6, stepping: 0x3)
[STDOUT  ] 2018-02-18T21:33:34.631177627Z: [    0.280000] Performance Events: PMU not available due to virtualization, using software events only.
[STDOUT  ] 2018-02-18T21:33:34.631186180Z: [    0.290631] x86: Booted up 1 node, 1 CPUs
[STDOUT  ] 2018-02-18T21:33:34.631195006Z: [    0.294575] smpboot: Total of 1 processors activated (4600.00 BogoMIPS)
[STDOUT  ] 2018-02-18T21:33:34.631203720Z: [    0.302047] devtmpfs: initialized
[STDOUT  ] 2018-02-18T21:33:34.631212650Z: [    0.305076] x86/mm: Memory block size: 128MB
[STDOUT  ] 2018-02-18T21:33:34.631221290Z: [    0.312731] clocksource: jiffies: mask: 0xffffffff max_cycles: 0xffffffff, max_idle_ns: 19112604462750000 ns
[STDOUT  ] 2018-02-18T21:33:34.631234409Z: [    0.320026] futex hash table entries: 256 (order: 2, 16384 bytes)
[STDOUT  ] 2018-02-18T21:33:34.631243485Z: [    0.330205] NET: Registered protocol family 16
[STDOUT  ] 2018-02-18T21:33:34.631254442Z: [    0.334277] cpuidle: using governor ladder
[STDOUT  ] 2018-02-18T21:33:34.631262805Z: [    0.337805] cpuidle: using governor menu
[STDOUT  ] 2018-02-18T21:33:34.631270538Z: [    0.340339] ACPI: bus type PCI registered
[STDOUT  ] 2018-02-18T21:33:34.631278977Z: [    0.344264] PCI: MMCONFIG for domain 0000 [bus 00-ff] at [mem 0xb0000000-0xbfffffff] (base 0xb0000000)
[STDOUT  ] 2018-02-18T21:33:34.631288357Z: [    0.350013] PCI: MMCONFIG at [mem 0xb0000000-0xbfffffff] reserved in E820
[STDOUT  ] 2018-02-18T21:33:34.631294332Z: [    0.355655] PCI: Using configuration type 1 for base access
[STDOUT  ] 2018-02-18T21:33:34.631300739Z: [    0.361732] HugeTLB registered 2 MB page size, pre-allocated 0 pages
[STDOUT  ] 2018-02-18T21:33:34.631306620Z: [    0.370275] ACPI: Added _OSI(Module Device)
[STDOUT  ] 2018-02-18T21:33:34.631312983Z: [    0.373866] ACPI: Added _OSI(Processor Device)
[STDOUT  ] 2018-02-18T21:33:34.631319110Z: [    0.377625] ACPI: Added _OSI(3.0 _SCP Extensions)
[STDOUT  ] 2018-02-18T21:33:34.631324865Z: [    0.380009] ACPI: Added _OSI(Processor Aggregator Device)
[STDOUT  ] 2018-02-18T21:33:34.631330636Z: [    0.390183] ACPI: Interpreter enabled
[STDOUT  ] 2018-02-18T21:33:34.631336497Z: [    0.393375] ACPI: (supports S0 S5)
[STDOUT  ] 2018-02-18T21:33:34.631345946Z: [    0.396355] ACPI: Using IOAPIC for interrupt routing
[STDOUT  ] 2018-02-18T21:33:34.631361841Z: [    0.400073] PCI: Using host bridge windows from ACPI; if necessary, use "pci=nocrs" and report a bug
[STDOUT  ] 2018-02-18T21:33:34.631371956Z: [    0.412892] ACPI: PCI Root Bridge [PCI0] (domain 0000 [bus 00-ff])
[STDOUT  ] 2018-02-18T21:33:34.631382107Z: [    0.418143] acpi PNP0A08:00: _OSC: OS supports [ExtendedConfig ASPM ClockPM Segments MSI]
[STDOUT  ] 2018-02-18T21:33:34.631391004Z: [    0.420179] acpi PNP0A08:00: _OSC: OS now controls [PCIeHotplug PME PCIeCapability]
[STDOUT  ] 2018-02-18T21:33:34.631399869Z: [    0.430100] PCI host bridge to bus 0000:00
[STDOUT  ] 2018-02-18T21:33:34.631408689Z: [    0.433608] pci_bus 0000:00: root bus resource [io  0x0000-0x0cf7 window]
[STDOUT  ] 2018-02-18T21:33:34.631417767Z: [    0.440013] pci_bus 0000:00: root bus resource [io  0x0d00-0xffff window]
[STDOUT  ] 2018-02-18T21:33:34.631426572Z: [    0.445650] pci_bus 0000:00: root bus resource [mem 0x000a0000-0x000bffff window]
[STDOUT  ] 2018-02-18T21:33:34.631433237Z: [    0.450010] pci_bus 0000:00: root bus resource [mem 0xc0000000-0xfebfffff window]
[STDOUT  ] 2018-02-18T21:33:34.631439917Z: [    0.460010] pci_bus 0000:00: root bus resource [bus 00-ff]
[STDOUT  ] 2018-02-18T21:33:34.631446207Z: [    0.622636] pci 0000:00:1f.0: quirk: [io  0x0600-0x067f] claimed by ICH6 ACPI/GPIO/TCO
[STDOUT  ] 2018-02-18T21:33:34.631452177Z: [    0.699428] ACPI: PCI Interrupt Link [LNKA] (IRQs 5 *10 11)
[STDOUT  ] 2018-02-18T21:33:34.631458438Z: [    0.701964] ACPI: PCI Interrupt Link [LNKB] (IRQs 5 *10 11)
[STDOUT  ] 2018-02-18T21:33:34.631464552Z: [    0.711924] ACPI: PCI Interrupt Link [LNKC] (IRQs 5 10 *11)
[STDOUT  ] 2018-02-18T21:33:34.631470448Z: [    0.717707] ACPI: PCI Interrupt Link [LNKD] (IRQs 5 10 *11)
[STDOUT  ] 2018-02-18T21:33:34.631476116Z: [    0.721905] ACPI: PCI Interrupt Link [LNKE] (IRQs 5 *10 11)
[STDOUT  ] 2018-02-18T21:33:34.631481841Z: [    0.730193] ACPI: PCI Interrupt Link [LNKF] (IRQs 5 *10 11)
[STDOUT  ] 2018-02-18T21:33:34.631498680Z: [    0.735984] ACPI: PCI Interrupt Link [LNKG] (IRQs 5 10 *11)
[STDOUT  ] 2018-02-18T21:33:34.631504827Z: [    0.741581] ACPI: PCI Interrupt Link [LNKH] (IRQs 5 10 *11)
[STDOUT  ] 2018-02-18T21:33:34.631510951Z: [    0.747130] ACPI: PCI Interrupt Link [GSIA] (IRQs *16)
[STDOUT  ] 2018-02-18T21:33:34.631516676Z: [    0.750921] ACPI: PCI Interrupt Link [GSIB] (IRQs *17)
[STDOUT  ] 2018-02-18T21:33:34.631523251Z: [    0.755874] ACPI: PCI Interrupt Link [GSIC] (IRQs *18)
[STDOUT  ] 2018-02-18T21:33:34.631537698Z: [    0.760917] ACPI: PCI Interrupt Link [GSID] (IRQs *19)
[STDOUT  ] 2018-02-18T21:33:34.631543988Z: [    0.765664] ACPI: PCI Interrupt Link [GSIE] (IRQs *20)
[STDOUT  ] 2018-02-18T21:33:34.631550461Z: [    0.770921] ACPI: PCI Interrupt Link [GSIF] (IRQs *21)
[STDOUT  ] 2018-02-18T21:33:34.631556241Z: [    0.775633] ACPI: PCI Interrupt Link [GSIG] (IRQs *22)
[STDOUT  ] 2018-02-18T21:33:34.631562188Z: [    0.780908] ACPI: PCI Interrupt Link [GSIH] (IRQs *23)
[STDOUT  ] 2018-02-18T21:33:34.631568110Z: [    0.786031] ACPI: Enabled 1 GPEs in block 00 to 3F
[STDOUT  ] 2018-02-18T21:33:34.631574309Z: [    0.790573] SCSI subsystem initialized
[STDOUT  ] 2018-02-18T21:33:34.631580979Z: [    0.793860] ACPI: bus type USB registered
[STDOUT  ] 2018-02-18T21:33:34.631587048Z: [    0.797301] usbcore: registered new interface driver usbfs
[STDOUT  ] 2018-02-18T21:33:34.631592914Z: [    0.800050] usbcore: registered new interface driver hub
[STDOUT  ] 2018-02-18T21:33:34.631598641Z: [    0.804657] usbcore: registered new device driver usb
[STDOUT  ] 2018-02-18T21:33:34.631604484Z: [    0.810051] pps_core: LinuxPPS API ver. 1 registered
[STDOUT  ] 2018-02-18T21:33:34.631610819Z: [    0.814351] pps_core: Software ver. 5.3.6 - Copyright 2005-2007 Rodolfo Giometti <giometti@linux.it>
[STDOUT  ] 2018-02-18T21:33:34.631616959Z: [    0.820028] PTP clock support registered
[STDOUT  ] 2018-02-18T21:33:34.631622747Z: [    0.823488] PCI: Using ACPI for IRQ routing
[STDOUT  ] 2018-02-18T21:33:34.631631576Z: [    1.221128] NetLabel: Initializing
[STDOUT  ] 2018-02-18T21:33:34.631637419Z: [    1.224188] NetLabel:  domain hash size = 128
[STDOUT  ] 2018-02-18T21:33:34.631644177Z: [    1.227950] NetLabel:  protocols = UNLABELED CIPSOv4
[STDOUT  ] 2018-02-18T21:33:34.631650262Z: [    1.230043] NetLabel:  unlabeled traffic allowed by default
[STDOUT  ] 2018-02-18T21:33:34.631655832Z: [    1.234784] wmi: Mapper loaded
[STDOUT  ] 2018-02-18T21:33:34.631661876Z: [    1.237590] HPET: 3 timers in total, 0 timers will be used for per-cpu timer
[STDOUT  ] 2018-02-18T21:33:34.631668145Z: [    1.240130] hpet0: at MMIO 0xfed00000, IRQs 2, 8, 0
[STDOUT  ] 2018-02-18T21:33:34.631673743Z: [    1.250280] hpet0: 3 comparators, 64-bit 100.000000 MHz counter
[STDOUT  ] 2018-02-18T21:33:34.631679320Z: [    1.258864] clocksource: Switched to clocksource kvm-clock
[STDOUT  ] 2018-02-18T21:33:34.631685009Z: [    1.269569] VFS: Disk quotas dquot_6.6.0
[STDOUT  ] 2018-02-18T21:33:34.631691026Z: [    1.273228] VFS: Dquot-cache hash table entries: 512 (order 0, 4096 bytes)
[STDOUT  ] 2018-02-18T21:33:34.631697067Z: [    1.279114] FS-Cache: Loaded
[STDOUT  ] 2018-02-18T21:33:34.631705299Z: [    1.281955] CacheFiles: Loaded
[STDOUT  ] 2018-02-18T21:33:34.631715137Z: [    1.284705] pnp: PnP ACPI init
[STDOUT  ] 2018-02-18T21:33:34.631723192Z: [    1.288404] pnp: PnP ACPI: found 5 devices
[STDOUT  ] 2018-02-18T21:33:34.631731090Z: [    1.298125] clocksource: acpi_pm: mask: 0xffffff max_cycles: 0xffffff, max_idle_ns: 2085701024 ns
[STDOUT  ] 2018-02-18T21:33:34.631740820Z: [    1.305781] NET: Registered protocol family 2
[STDOUT  ] 2018-02-18T21:33:34.631750049Z: [    1.309744] TCP established hash table entries: 8192 (order: 4, 65536 bytes)
[STDOUT  ] 2018-02-18T21:33:34.631757575Z: [    1.315815] TCP bind hash table entries: 8192 (order: 5, 131072 bytes)
[STDOUT  ] 2018-02-18T21:33:34.631766163Z: [    1.321471] TCP: Hash tables configured (established 8192 bind 8192)
[STDOUT  ] 2018-02-18T21:33:34.631775570Z: [    1.326851] UDP hash table entries: 512 (order: 2, 16384 bytes)
[STDOUT  ] 2018-02-18T21:33:34.631784746Z: [    1.331891] UDP-Lite hash table entries: 512 (order: 2, 16384 bytes)
[STDOUT  ] 2018-02-18T21:33:34.631792902Z: [    1.337276] NET: Registered protocol family 1
[STDOUT  ] 2018-02-18T21:33:34.631800969Z: [    1.341302] pci 0000:00:01.0: Video device with shadowed ROM at [mem 0x000c0000-0x000dffff]
[STDOUT  ] 2018-02-18T21:33:34.631809489Z: [    1.348774] Unpacking initramfs...
[STDOUT  ] 2018-02-18T21:33:34.631820017Z: [    1.773536] Freeing initrd memory: 25024K
[STDOUT  ] 2018-02-18T21:33:34.631826272Z: [    1.778115] PCLMULQDQ-NI instructions are not detected.
[STDOUT  ] 2018-02-18T21:33:34.631838232Z: [    1.782731] AVX or AES-NI instructions are not detected.
[STDOUT  ] 2018-02-18T21:33:34.631847845Z: [    1.787211] CPU feature 'AVX registers' is not supported.
[STDOUT  ] 2018-02-18T21:33:34.631857358Z: [    1.791822] CPU feature 'AVX registers' is not supported.
[STDOUT  ] 2018-02-18T21:33:34.631866104Z: [    1.796329] CPU feature 'AVX registers' is not supported.
[STDOUT  ] 2018-02-18T21:33:34.631874766Z: [    1.800925] CPU feature 'AVX registers' is not supported.
[STDOUT  ] 2018-02-18T21:33:34.631880921Z: [    1.805511] AVX2 or AES-NI instructions are not detected.
[STDOUT  ] 2018-02-18T21:33:34.631886923Z: [    1.810158] AVX2 instructions are not detected.
[STDOUT  ] 2018-02-18T21:33:34.631893057Z: [    1.814318] audit: initializing netlink subsys (disabled)
[STDOUT  ] 2018-02-18T21:33:34.631899124Z: [    1.818855] audit: type=2000 audit(1518989601.934:1): initialized
[STDOUT  ] 2018-02-18T21:33:34.631905584Z: [    1.824459] workingset: timestamp_bits=46 max_order=18 bucket_order=0
[STDOUT  ] 2018-02-18T21:33:34.631912993Z: [    1.830303] squashfs: version 4.0 (2009/01/31) Phillip Lougher
[STDOUT  ] 2018-02-18T21:33:34.631918780Z: [    1.835358] FS-Cache: Netfs 'cifs' registered for caching
[STDOUT  ] 2018-02-18T21:33:34.631925527Z: [    1.839944] fuse init (API version 7.26)
[STDOUT  ] 2018-02-18T21:33:34.631935218Z: [    1.843467] SGI XFS with ACLs, security attributes, no debug enabled
[STDOUT  ] 2018-02-18T21:33:34.631941152Z: [    1.849038] 9p: Installing v9fs 9p2000 file system support
[STDOUT  ] 2018-02-18T21:33:34.631947045Z: [    1.853801] FS-Cache: Netfs '9p' registered for caching
[STDOUT  ] 2018-02-18T21:33:34.631952811Z: [    1.859184] NET: Registered protocol family 38
[STDOUT  ] 2018-02-18T21:33:34.631958954Z: [    1.863081] Key type asymmetric registered
[STDOUT  ] 2018-02-18T21:33:34.631965125Z: [    1.866575] Asymmetric key parser 'x509' registered
[STDOUT  ] 2018-02-18T21:33:34.631970644Z: [    1.870805] Block layer SCSI generic (bsg) driver version 0.4 loaded (major 251)
[STDOUT  ] 2018-02-18T21:33:34.631976285Z: [    1.877030] io scheduler noop registered
[STDOUT  ] 2018-02-18T21:33:34.631981902Z: [    1.880493] io scheduler deadline registered (default)
[STDOUT  ] 2018-02-18T21:33:34.631988035Z: [    1.884931] io scheduler cfq registered
[STDOUT  ] 2018-02-18T21:33:34.631993631Z: [    1.888338] pci_hotplug: PCI Hot Plug PCI Core version: 0.5
[STDOUT  ] 2018-02-18T21:33:34.631999478Z: [    1.893114] pciehp: PCI Express Hot Plug Controller Driver version: 0.4
[STDOUT  ] 2018-02-18T21:33:34.632005172Z: [    1.898894] shpchp: Standard Hot Plug PCI Controller Driver version: 0.4
[STDOUT  ] 2018-02-18T21:33:34.632010802Z: [    1.904638] hv_vmbus: registering driver hyperv_fb
[STDOUT  ] 2018-02-18T21:33:34.632016376Z: [    1.908810] input: Power Button as /devices/LNXSYSTM:00/LNXPWRBN:00/input/input0
[STDOUT  ] 2018-02-18T21:33:34.632022070Z: [    1.915142] ACPI: Power Button [PWRF]
[STDOUT  ] 2018-02-18T21:33:34.632027762Z: [    1.918606] GHES: HEST is not enabled!
[STDOUT  ] 2018-02-18T21:33:34.632033411Z: [    1.922292] ACPI: PCI Interrupt Link [GSIG] enabled at IRQ 22
[STDOUT  ] 2018-02-18T21:33:34.632040002Z: [    1.933458] ACPI: PCI Interrupt Link [GSIH] enabled at IRQ 23
[STDOUT  ] 2018-02-18T21:33:34.632045665Z: [    1.944797] xenfs: not registering filesystem on non-xen platform
[STDOUT  ] 2018-02-18T21:33:34.632052090Z: [    1.950195] Serial: 8250/16550 driver, 4 ports, IRQ sharing disabled
[STDOUT  ] 2018-02-18T21:33:34.632058065Z: [    1.988572] 00:04: ttyS0 at I/O 0x3f8 (irq = 4, base_baud = 115200) is a 16550A
[STDOUT  ] 2018-02-18T21:33:34.632063910Z: [    1.995906] Non-volatile memory driver v1.3
[STDOUT  ] 2018-02-18T21:33:34.632069918Z: [    2.001055] Hangcheck: starting hangcheck timer 0.9.1 (tick is 180 seconds, margin is 60 seconds).
[STDOUT  ] 2018-02-18T21:33:34.632075959Z: [    2.009211] random: fast init done
[STDOUT  ] 2018-02-18T21:33:34.632085188Z: [    2.012677] random: crng init done
[STDOUT  ] 2018-02-18T21:33:34.632091023Z: [    2.017306] loop: module loaded
[STDOUT  ] 2018-02-18T21:33:34.632097425Z: [    2.020864] nbd: registered device at major 43
[STDOUT  ] 2018-02-18T21:33:34.632103117Z: [    2.026498] lpc_ich 0000:00:1f.0: I/O space for GPIO uninitialized
[STDOUT  ] 2018-02-18T21:33:34.632108870Z: [    2.031971] VMware PVSCSI driver - version 1.0.7.0-k
[STDOUT  ] 2018-02-18T21:33:34.632116015Z: [    2.036361] hv_vmbus: registering driver hv_storvsc
[STDOUT  ] 2018-02-18T21:33:34.632122166Z: [    2.041210] ACPI: PCI Interrupt Link [GSIA] enabled at IRQ 16
[STDOUT  ] 2018-02-18T21:33:34.632128739Z: [    2.049143] ahci 0000:00:1f.2: AHCI 0001.0000 32 slots 6 ports 1.5 Gbps 0x3f impl SATA mode
[STDOUT  ] 2018-02-18T21:33:34.632134774Z: [    2.056412] ahci 0000:00:1f.2: flags: 64bit ncq only 
[STDOUT  ] 2018-02-18T21:33:34.632140247Z: [    2.064219] scsi host0: ahci
[STDOUT  ] 2018-02-18T21:33:34.632145802Z: [    2.066901] scsi host1: ahci
[STDOUT  ] 2018-02-18T21:33:34.632152671Z: [    2.069546] scsi host2: ahci
[STDOUT  ] 2018-02-18T21:33:34.632158125Z: [    2.072342] scsi host3: ahci
[STDOUT  ] 2018-02-18T21:33:34.632163605Z: [    2.075022] scsi host4: ahci
[STDOUT  ] 2018-02-18T21:33:34.632169112Z: [    2.077695] scsi host5: ahci
[STDOUT  ] 2018-02-18T21:33:34.632174573Z: [    2.080444] ata1: SATA max UDMA/133 abar m4096@0xfebd2000 port 0xfebd2100 irq 24
[STDOUT  ] 2018-02-18T21:33:34.632184615Z: [    2.086879] ata2: SATA max UDMA/133 abar m4096@0xfebd2000 port 0xfebd2180 irq 24
[STDOUT  ] 2018-02-18T21:33:34.632190368Z: [    2.093288] ata3: SATA max UDMA/133 abar m4096@0xfebd2000 port 0xfebd2200 irq 24
[STDOUT  ] 2018-02-18T21:33:34.632196050Z: [    2.099648] ata4: SATA max UDMA/133 abar m4096@0xfebd2000 port 0xfebd2280 irq 24
[STDOUT  ] 2018-02-18T21:33:34.632201614Z: [    2.106034] ata5: SATA max UDMA/133 abar m4096@0xfebd2000 port 0xfebd2300 irq 24
[STDOUT  ] 2018-02-18T21:33:34.632208220Z: [    2.112452] ata6: SATA max UDMA/133 abar m4096@0xfebd2000 port 0xfebd2380 irq 24
[STDOUT  ] 2018-02-18T21:33:34.632213773Z: [    2.120758] tun: Universal TUN/TAP device driver, 1.6
[STDOUT  ] 2018-02-18T21:33:34.632219354Z: [    2.125158] tun: (C) 1999-2004 Max Krasnyansky <maxk@qualcomm.com>
[STDOUT  ] 2018-02-18T21:33:34.632224843Z: [    2.134535] VMware vmxnet3 virtual NIC driver - version 1.4.a.0-k-NAPI
[STDOUT  ] 2018-02-18T21:33:34.632230301Z: [    2.140006] hv_vmbus: registering driver hv_netvsc
[STDOUT  ] 2018-02-18T21:33:34.632236434Z: [    2.144126] Fusion MPT base driver 3.04.20
[STDOUT  ] 2018-02-18T21:33:34.632242009Z: [    2.147645] Copyright (c) 1999-2008 LSI Corporation
[STDOUT  ] 2018-02-18T21:33:34.632247848Z: [    2.151951] Fusion MPT SPI Host driver 3.04.20
[STDOUT  ] 2018-02-18T21:33:34.632259111Z: [    2.155908] i8042: PNP: PS/2 Controller [PNP0303:KBD,PNP0f13:MOU] at 0x60,0x64 irq 1,12
[STDOUT  ] 2018-02-18T21:33:34.632267992Z: [    2.166256] serio: i8042 KBD port at 0x60,0x64 irq 1
[STDOUT  ] 2018-02-18T21:33:34.632276863Z: [    2.170668] serio: i8042 AUX port at 0x60,0x64 irq 12
[STDOUT  ] 2018-02-18T21:33:34.632286151Z: [    2.175065] hv_vmbus: registering driver hyperv_keyboard
[STDOUT  ] 2018-02-18T21:33:34.632294954Z: [    2.179674] mousedev: PS/2 mouse device common for all mice
[STDOUT  ] 2018-02-18T21:33:34.632303629Z: [    2.185775] input: AT Translated Set 2 keyboard as /devices/platform/i8042/serio0/input/input1
[STDOUT  ] 2018-02-18T21:33:34.632312243Z: [    2.193349] input: PC Speaker as /devices/platform/pcspkr/input/input2
[STDOUT  ] 2018-02-18T21:33:34.632318301Z: [    2.199249] rtc_cmos 00:00: RTC can wake from S4
[STDOUT  ] 2018-02-18T21:33:34.632324787Z: [    2.205415] rtc_cmos 00:00: rtc core: registered rtc_cmos as rtc0
[STDOUT  ] 2018-02-18T21:33:34.632331080Z: [    2.211568] rtc_cmos 00:00: alarms up to one day, y3k, 114 bytes nvram, hpet irqs
[STDOUT  ] 2018-02-18T21:33:34.632337128Z: [    2.217901] i2c /dev entries driver
[STDOUT  ] 2018-02-18T21:33:34.632346179Z: [    2.221102] device-mapper: ioctl: 4.35.0-ioctl (2016-06-23) initialised: dm-devel@redhat.com
[STDOUT  ] 2018-02-18T21:33:34.632352653Z: [    2.229010] usbcore: registered new interface driver usbhid
[STDOUT  ] 2018-02-18T21:33:34.632358572Z: [    2.234080] usbhid: USB HID core driver
[STDOUT  ] 2018-02-18T21:33:34.632364467Z: [    2.237417] hv_utils: Registering HyperV Utility Driver
[STDOUT  ] 2018-02-18T21:33:34.632370223Z: [    2.242039] hv_vmbus: registering driver hv_util
[STDOUT  ] 2018-02-18T21:33:34.632375924Z: [    2.245981] hv_vmbus: registering driver hv_balloon
[STDOUT  ] 2018-02-18T21:33:34.632381593Z: [    2.250277] oprofile: using NMI interrupt.
[STDOUT  ] 2018-02-18T21:33:34.632387404Z: [    2.253773] GACT probability on
[STDOUT  ] 2018-02-18T21:33:34.632393397Z: [    2.256487] Mirror/redirect action on
[STDOUT  ] 2018-02-18T21:33:34.632398949Z: [    2.259599] Simple TC action Loaded
[STDOUT  ] 2018-02-18T21:33:34.632404909Z: [    2.262708] u32 classifier
[STDOUT  ] 2018-02-18T21:33:34.632411068Z: [    2.265041]     Performance counters on
[STDOUT  ] 2018-02-18T21:33:34.632416902Z: [    2.268295]     input device check on
[STDOUT  ] 2018-02-18T21:33:34.632422356Z: [    2.271506]     Actions configured
[STDOUT  ] 2018-02-18T21:33:34.632427947Z: [    2.274393] Netfilter messages via NETLINK v0.30.
[STDOUT  ] 2018-02-18T21:33:34.632433587Z: [    2.278493] nfnl_acct: registering with nfnetlink.
[STDOUT  ] 2018-02-18T21:33:34.632443319Z: [    2.282701] nf_conntrack version 0.5.0 (8192 buckets, 32768 max)
[STDOUT  ] 2018-02-18T21:33:34.632449359Z: [    2.287828] ctnetlink v0.93: registering with nfnetlink.
[STDOUT  ] 2018-02-18T21:33:34.632455533Z: [    2.292426] nf_tables: (c) 2007-2009 Patrick McHardy <kaber@trash.net>
[STDOUT  ] 2018-02-18T21:33:34.632461722Z: [    2.297885] nf_tables_compat: (c) 2012 Pablo Neira Ayuso <pablo@netfilter.org>
[STDOUT  ] 2018-02-18T21:33:34.632467487Z: [    2.304016] xt_time: kernel timezone is -0000
[STDOUT  ] 2018-02-18T21:33:34.632473164Z: [    2.307692] ip_set: protocol 6
[STDOUT  ] 2018-02-18T21:33:34.632478917Z: [    2.310465] IPVS: Registered protocols (TCP, UDP, SCTP, AH, ESP)
[STDOUT  ] 2018-02-18T21:33:34.632484437Z: [    2.315502] IPVS: Connection hash table configured (size=4096, memory=64Kbytes)
[STDOUT  ] 2018-02-18T21:33:34.632490598Z: [    2.321725] IPVS: Creating netns size=2104 id=0
[STDOUT  ] 2018-02-18T21:33:34.632496291Z: [    2.326574] IPVS: ipvs loaded.
[STDOUT  ] 2018-02-18T21:33:34.632502006Z: [    2.329155] IPVS: [rr] scheduler registered.
[STDOUT  ] 2018-02-18T21:33:34.632507548Z: [    2.332838] IPVS: [wrr] scheduler registered.
[STDOUT  ] 2018-02-18T21:33:34.632513181Z: [    2.336521] IPVS: [lc] scheduler registered.
[STDOUT  ] 2018-02-18T21:33:34.632518732Z: [    2.340430] IPVS: [wlc] scheduler registered.
[STDOUT  ] 2018-02-18T21:33:34.632524943Z: [    2.344175] IPVS: [fo] scheduler registered.
[STDOUT  ] 2018-02-18T21:33:34.632536020Z: [    2.347972] IPVS: [ovf] scheduler registered.
[STDOUT  ] 2018-02-18T21:33:34.632541913Z: [    2.351896] IPVS: [lblc] scheduler registered.
[STDOUT  ] 2018-02-18T21:33:34.632547505Z: [    2.355803] IPVS: [lblcr] scheduler registered.
[STDOUT  ] 2018-02-18T21:33:34.632553374Z: [    2.359777] IPVS: [dh] scheduler registered.
[STDOUT  ] 2018-02-18T21:33:34.632559260Z: [    2.363587] IPVS: [sh] scheduler registered.
[STDOUT  ] 2018-02-18T21:33:34.632566073Z: [    2.367353] IPVS: [sed] scheduler registered.
[STDOUT  ] 2018-02-18T21:33:34.632571781Z: [    2.371278] IPVS: [nq] scheduler registered.
[STDOUT  ] 2018-02-18T21:33:34.632577816Z: [    2.374988] IPVS: ftp: loaded support on port[0] = 21
[STDOUT  ] 2018-02-18T21:33:34.632583595Z: [    2.378355] ipip: IPv4 and MPLS over IPv4 tunneling driver
[STDOUT  ] 2018-02-18T21:33:34.632589421Z: [    2.383466] gre: GRE over IPv4 demultiplexor driver
[STDOUT  ] 2018-02-18T21:33:34.632596100Z: [    2.387975] ip_tables: (C) 2000-2006 Netfilter Core Team
[STDOUT  ] 2018-02-18T21:33:34.632601984Z: [    2.392930] ipt_CLUSTERIP: ClusterIP Version 0.8 loaded successfully
[STDOUT  ] 2018-02-18T21:33:34.632611355Z: [    2.398655] arp_tables: arp_tables: (C) 2002 David S. Miller
[STDOUT  ] 2018-02-18T21:33:34.632618536Z: [    2.403993] NET: Registered protocol family 10
[STDOUT  ] 2018-02-18T21:33:34.632624491Z: [    2.408224] ip6_tables: (C) 2000-2006 Netfilter Core Team
[STDOUT  ] 2018-02-18T21:33:34.632630412Z: [    2.413729] NET: Registered protocol family 17
[STDOUT  ] 2018-02-18T21:33:34.632635985Z: [    2.417584] Bridge firewalling registered
[STDOUT  ] 2018-02-18T21:33:34.632642019Z: [    2.421347] Ebtables v2.0 registered
[STDOUT  ] 2018-02-18T21:33:34.632647797Z: [    2.424767] 8021q: 802.1Q VLAN Support v1.8
[STDOUT  ] 2018-02-18T21:33:34.632871274Z: [    2.428685] 9pnet: Installing 9P2000 support
[STDOUT  ] 2018-02-18T21:33:34.632884556Z: [    2.432458] Key type dns_resolver registered
[STDOUT  ] 2018-02-18T21:33:34.632893561Z: [    2.436573] registered taskstats version 1
[STDOUT  ] 2018-02-18T21:33:34.632902551Z: [    2.446380] Key type big_key registered
[STDOUT  ] 2018-02-18T21:33:34.632911333Z: [    2.455618] ata2: SATA link down (SStatus 0 SControl 300)
[STDOUT  ] 2018-02-18T21:33:34.632919692Z: [    2.461041] ata5: SATA link down (SStatus 0 SControl 300)
[STDOUT  ] 2018-02-18T21:33:34.632928133Z: [    2.466501] ata4: SATA link down (SStatus 0 SControl 300)
[STDOUT  ] 2018-02-18T21:33:34.632945845Z: [    2.472153] ata3: SATA link up 1.5 Gbps (SStatus 113 SControl 300)
[STDOUT  ] 2018-02-18T21:33:34.632964958Z: [    2.477873] ata3.00: ATAPI: QEMU DVD-ROM, 2.5+, max UDMA/100
[STDOUT  ] 2018-02-18T21:33:34.632975123Z: [    2.482778] ata3.00: applying bridge limits
[STDOUT  ] 2018-02-18T21:33:34.632984505Z: [    2.487092] ata1: SATA link down (SStatus 0 SControl 300)
[STDOUT  ] 2018-02-18T21:33:34.633012317Z: [    2.492602] ata6: SATA link down (SStatus 0 SControl 300)
[STDOUT  ] 2018-02-18T21:33:34.633021421Z: [    2.498075] Key type encrypted registered
[STDOUT  ] 2018-02-18T21:33:34.633031020Z: [    2.503490] rtc_cmos 00:00: setting system clock to 2018-02-18 21:33:23 UTC (1518989603)
[STDERR  ] 2018-02-18T21:33:34.632836783Z: + RESULT=[    0.000000] Linux version 4.9.81-linuxkit (root@131493a180c4) (gcc version 6.4.0 (Alpine 6.4.0) ) #1 SMP Tue Feb 13 18:31:25 UTC 2018
[STDERR  ] 2018-02-18T21:33:34.633078279Z: [    0.000000] Command line: console=ttyS0 console=ttyAMA0
[STDERR  ] 2018-02-18T21:33:34.633091535Z: [    0.000000] x86/fpu: Legacy x87 FPU detected.
[STDERR  ] 2018-02-18T21:33:34.633110609Z: [    0.000000] x86/fpu: Using 'eager' FPU context switches.
[STDERR  ] 2018-02-18T21:33:34.633122477Z: [    0.000000] e820: BIOS-provided physical RAM map:
[STDERR  ] 2018-02-18T21:33:34.633135269Z: [    0.000000] BIOS-e820: [mem 0x0000000000000000-0x000000000009fbff] usable
[STDERR  ] 2018-02-18T21:33:34.633146912Z: [    0.000000] BIOS-e820: [mem 0x000000000009fc00-0x000000000009ffff] reserved
[STDERR  ] 2018-02-18T21:33:34.633157832Z: [    0.000000] BIOS-e820: [mem 0x00000000000f0000-0x00000000000fffff] reserved
[STDERR  ] 2018-02-18T21:33:34.633169713Z: [    0.000000] BIOS-e820: [mem 0x0000000000100000-0x000000003ffdefff] usable
[STDERR  ] 2018-02-18T21:33:34.633181383Z: [    0.000000] BIOS-e820: [mem 0x000000003ffdf000-0x000000003fffffff] reserved
[STDERR  ] 2018-02-18T21:33:34.633193094Z: [    0.000000] BIOS-e820: [mem 0x00000000b0000000-0x00000000bfffffff] reserved
[STDERR  ] 2018-02-18T21:33:34.633205521Z: [    0.000000] BIOS-e820: [mem 0x00000000fed1c000-0x00000000fed1ffff] reserved
[STDERR  ] 2018-02-18T21:33:34.633218815Z: [    0.000000] BIOS-e820: [mem 0x00000000feffc000-0x00000000feffffff] reserved
[STDERR  ] 2018-02-18T21:33:34.633233166Z: [    0.000000] BIOS-e820: [mem 0x00000000fffc0000-0x00000000ffffffff] reserved
[STDERR  ] 2018-02-18T21:33:34.633246324Z: [    0.000000] NX (Execute Disable) protection: active
[STDERR  ] 2018-02-18T21:33:34.633259612Z: [    0.000000] SMBIOS 2.8 present.
[STDERR  ] 2018-02-18T21:33:34.633272868Z: [    0.000000] Hypervisor detected: KVM
[STDOUT  ] 2018-02-18T21:33:34.633040700Z: [    2.510764] ata3.00: configured for UDMA/100
[STDERR  ] 2018-02-18T21:33:34.633295922Z: [    0.000000] e820: last_pfn = 0x3ffdf max_arch_pfn = 0x400000000
[STDERR  ] 2018-02-18T21:33:34.633312130Z: [    0.000000] x86/PAT: PAT not supported by CPU.
[STDERR  ] 2018-02-18T21:33:34.633325644Z: [    0.000000] x86/PAT: Configuration [0-7]: WB  WT  UC- UC  WB  WT  UC- UC  
[STDERR  ] 2018-02-18T21:33:34.633337430Z: [    0.000000] found SMP MP-table at [mem 0x000f6aa0-0x000f6aaf] mapped at [ffff9968c00f6aa0]
[STDERR  ] 2018-02-18T21:33:34.633353241Z: [    0.000000] RAMDISK: [mem 0x3e760000-0x3ffcffff]
[STDERR  ] 2018-02-18T21:33:34.633366416Z: [    0.000000] ACPI: Early table checksum verification disabled
[STDERR  ] 2018-02-18T21:33:34.633378880Z: [    0.000000] ACPI: RSDP 0x00000000000F68B0 000014 (v00 BOCHS )
[STDERR  ] 2018-02-18T21:33:34.633391557Z: [    0.000000] ACPI: RSDT 0x000000003FFE20A8 000034 (v01 BOCHS  BXPCRSDT 00000001 BXPC 00000001)
[STDERR  ] 2018-02-18T21:33:34.633404471Z: [    0.000000] ACPI: FACP 0x000000003FFE1EC8 0000F4 (v03 BOCHS  BXPCFACP 00000001 BXPC 00000001)
[STDERR  ] 2018-02-18T21:33:34.633417655Z: [    0.000000] ACPI: DSDT 0x000000003FFE0040 001E88 (v01 BOCHS  BXPCDSDT 00000001 BXPC 00000001)
[STDERR  ] 2018-02-18T21:33:34.633429410Z: [    0.000000] ACPI: FACS 0x000000003FFE0000 000040
[STDERR  ] 2018-02-18T21:33:34.633441128Z: [    0.000000] ACPI: APIC 0x000000003FFE1FBC 000078 (v01 BOCHS  BXPCAPIC 00000001 BXPC 00000001)
[STDERR  ] 2018-02-18T21:33:34.633460809Z: [    0.000000] ACPI: HPET 0x000000003FFE2034 000038 (v01 BOCHS  BXPCHPET 00000001 BXPC 00000001)
[STDOUT  ] 2018-02-18T21:33:34.633299116Z: [    2.515746] scsi 2:0:0:0: CD-ROM            QEMU     QEMU DVD-ROM     2.5+ PQ: 0 ANSI: 5
[STDERR  ] 2018-02-18T21:33:34.633473547Z: [    0.000000] ACPI: MCFG 0x000000003FFE206C 00003C (v01 BOCHS  BXPCMCFG 00000001 BXPC 00000001)
[STDOUT  ] 2018-02-18T21:33:34.633474214Z: [    2.540963] sr 2:0:0:0: [sr0] scsi3-mmc drive: 4x/4x cd/rw xa/form2 tray
[STDOUT  ] 2018-02-18T21:33:34.633485470Z: [    2.546866] cdrom: Uniform CD-ROM driver Revision: 3.20
[STDERR  ] 2018-02-18T21:33:34.633486769Z: [    0.000000] kvm-clock: Using msrs 4b564d01 and 4b564d00
[STDOUT  ] 2018-02-18T21:33:34.633495271Z: [    2.551971] sr 2:0:0:0: Attached scsi generic sg0 type 5
[STDOUT  ] 2018-02-18T21:33:34.633504791Z: [    2.558199] Freeing unused kernel memory: 1404K
[STDOUT  ] 2018-02-18T21:33:34.633519724Z: [    2.562211] Write protecting the kernel read-only data: 12288k
[STDOUT  ] 2018-02-18T21:33:34.633528592Z: [    2.567408] Freeing unused kernel memory: 124K
[STDOUT  ] 2018-02-18T21:33:34.633560077Z: [    2.574629] Freeing unused kernel memory: 1396K
[STDOUT  ] 2018-02-18T21:33:34.633568567Z: 
[STDOUT  ] 2018-02-18T21:33:34.633578167Z: Welcome to LinuxKit
[STDOUT  ] 2018-02-18T21:33:34.633586997Z: 
[STDERR  ] 2018-02-18T21:33:34.633500035Z: [    0.000000] kvm-clock: cpu 0, msr 0:3ffdd001, primary cpu clock
[STDOUT  ] 2018-02-18T21:33:34.633595747Z:                         ##         .
[STDOUT  ] 2018-02-18T21:33:34.633605150Z:                   ## ## ##        ==
[STDOUT  ] 2018-02-18T21:33:34.633615652Z:                ## ## ## ## ##    ===
[STDERR  ] 2018-02-18T21:33:34.633604419Z: [    0.000000] clocksource: kvm-clock: mask: 0xffffffffffffffff max_cycles: 0x1cd42e4dffb, max_idle_ns: 881590591483 ns
[STDERR  ] 2018-02-18T21:33:34.633622498Z: [    0.000000] Zone ranges:
[STDERR  ] 2018-02-18T21:33:34.633636822Z: [    0.000000]   DMA      [mem 0x0000000000001000-0x0000000000ffffff]
[STDERR  ] 2018-02-18T21:33:34.633649500Z: [    0.000000]   DMA32    [mem 0x0000000001000000-0x000000003ffdefff]
[STDERR  ] 2018-02-18T21:33:34.633663452Z: [    0.000000]   Normal   empty
[STDERR  ] 2018-02-18T21:33:34.633687923Z: [    0.000000] Movable zone start for each node
[STDOUT  ] 2018-02-18T21:33:34.633624763Z:            /"""""""""""""""""\___/ ===
[STDERR  ] 2018-02-18T21:33:34.633700312Z: [    0.000000] Early memory node ranges
[STDOUT  ] 2018-02-18T21:33:34.633709742Z:           {                       /  ===-
[STDERR  ] 2018-02-18T21:33:34.633712310Z: [    0.000000]   node   0: [mem 0x0000000000001000-0x000000000009efff]
[STDERR  ] 2018-02-18T21:33:34.633732629Z: [    0.000000]   node   0: [mem 0x0000000000100000-0x000000003ffdefff]
[STDERR  ] 2018-02-18T21:33:34.633744432Z: [    0.000000] Initmem setup node 0 [mem 0x0000000000001000-0x000000003ffdefff]
[STDERR  ] 2018-02-18T21:33:34.633755930Z: [    0.000000] ACPI: PM-Timer IO Port: 0x608
[STDERR  ] 2018-02-18T21:33:34.633768672Z: [    0.000000] ACPI: LAPIC_NMI (acpi_id[0xff] dfl dfl lint[0x1])
[STDERR  ] 2018-02-18T21:33:34.633781213Z: [    0.000000] IOAPIC[0]: apic_id 0, version 17, address 0xfec00000, GSI 0-23
[STDERR  ] 2018-02-18T21:33:34.633793715Z: [    0.000000] ACPI: INT_SRC_OVR (bus 0 bus_irq 0 global_irq 2 dfl dfl)
[STDERR  ] 2018-02-18T21:33:34.633807053Z: [    0.000000] ACPI: INT_SRC_OVR (bus 0 bus_irq 5 global_irq 5 high level)
[STDERR  ] 2018-02-18T21:33:34.633818381Z: [    0.000000] ACPI: INT_SRC_OVR (bus 0 bus_irq 9 global_irq 9 high level)
[STDERR  ] 2018-02-18T21:33:34.633829669Z: [    0.000000] ACPI: INT_SRC_OVR (bus 0 bus_irq 10 global_irq 10 high level)
[STDERR  ] 2018-02-18T21:33:34.633841609Z: [    0.000000] ACPI: INT_SRC_OVR (bus 0 bus_irq 11 global_irq 11 high level)
[STDERR  ] 2018-02-18T21:33:34.633862167Z: [    0.000000] Using ACPI (MADT) for SMP configuration information
[STDOUT  ] 2018-02-18T21:33:34.633718959Z:            \______ O           __/
[STDOUT  ] 2018-02-18T21:33:34.633877703Z:              \    \         __/
[STDOUT  ] 2018-02-18T21:33:34.633894203Z:               \____\_______/
[STDOUT  ] 2018-02-18T21:33:34.633903210Z: 
[STDOUT  ] 2018-02-18T21:33:34.633912584Z: sysctl test suite PASSED
[STDOUT  ] 2018-02-18T21:33:34.633922584Z: [   12.995527] ACPI: Preparing to enter system sleep state S5
[STDOUT  ] 2018-02-18T21:33:34.633931293Z: [   13.000932] reboot: Power down
[STDERR  ] 2018-02-18T21:33:34.633875182Z: [    0.000000] ACPI: HPET id: 0x8086a201 base: 0xfed00000
[STDERR  ] 2018-02-18T21:33:34.633954991Z: [    0.000000] smpboot: Allowing 1 CPUs, 0 hotplug CPUs
[STDERR  ] 2018-02-18T21:33:34.633971617Z: [    0.000000] e820: [mem 0x40000000-0xafffffff] available for PCI devices
[STDERR  ] 2018-02-18T21:33:34.633985673Z: [    0.000000] Booting paravirtualized kernel on KVM
[STDERR  ] 2018-02-18T21:33:34.633999904Z: [    0.000000] clocksource: refined-jiffies: mask: 0xffffffff max_cycles: 0xffffffff, max_idle_ns: 19112604462750000 ns
[STDERR  ] 2018-02-18T21:33:34.634016397Z: [    0.000000] setup_percpu: NR_CPUS:128 nr_cpumask_bits:128 nr_cpu_ids:1 nr_node_ids:1
[STDERR  ] 2018-02-18T21:33:34.634055927Z: [    0.000000] percpu: Embedded 36 pages/cpu @ffff9968fe400000 s106904 r8192 d32360 u2097152
[STDERR  ] 2018-02-18T21:33:34.634071070Z: [    0.000000] KVM setup async PF for cpu 0
[STDERR  ] 2018-02-18T21:33:34.634085612Z: [    0.000000] kvm-stealtime: cpu 0, msr 3e40fd80
[STDERR  ] 2018-02-18T21:33:34.634103264Z: [    0.000000] Built 1 zonelists in Zone order, mobility grouping on.  Total pages: 257896
[STDERR  ] 2018-02-18T21:33:34.634118928Z: [    0.000000] Kernel command line: console=ttyS0 console=ttyAMA0
[STDERR  ] 2018-02-18T21:33:34.634131615Z: [    0.000000] PID hash table entries: 4096 (order: 3, 32768 bytes)
[STDERR  ] 2018-02-18T21:33:34.634144618Z: [    0.000000] Dentry cache hash table entries: 131072 (order: 8, 1048576 bytes)
[STDERR  ] 2018-02-18T21:33:34.634160178Z: [    0.000000] Inode-cache hash table entries: 65536 (order: 7, 524288 bytes)
[STDERR  ] 2018-02-18T21:33:34.634175819Z: [    0.000000] Memory: 989092K/1048052K available (8054K kernel code, 1391K rwdata, 2700K rodata, 1404K init, 564K bss, 58960K reserved, 0K cma-reserved)
[STDERR  ] 2018-02-18T21:33:34.634190495Z: [    0.000000] Kernel/User page tables isolation: enabled
[STDERR  ] 2018-02-18T21:33:34.634203152Z: [    0.000000] Hierarchical RCU implementation.
[STDERR  ] 2018-02-18T21:33:34.634227467Z: [    0.000000] 	Build-time adjustment of leaf fanout to 64.
[STDERR  ] 2018-02-18T21:33:34.634244265Z: [    0.000000] 	RCU restricting CPUs from NR_CPUS=128 to nr_cpu_ids=1.
[STDERR  ] 2018-02-18T21:33:34.634265857Z: [    0.000000] RCU: Adjusting geometry for rcu_fanout_leaf=64, nr_cpu_ids=1
[STDERR  ] 2018-02-18T21:33:34.634280749Z: [    0.000000] NR_IRQS:8448 nr_irqs:256 16
[STDERR  ] 2018-02-18T21:33:34.634304659Z: [    0.000000] Console: colour VGA+ 80x25
[STDERR  ] 2018-02-18T21:33:34.634320548Z: [    0.000000] console [ttyS0] enabled
[STDERR  ] 2018-02-18T21:33:34.634335038Z: [    0.000000] clocksource: hpet: mask: 0xffffffff max_cycles: 0xffffffff, max_idle_ns: 19112604467 ns
[STDERR  ] 2018-02-18T21:33:34.634350070Z: [    0.000000] tsc: Detected 2300.000 MHz processor
[STDERR  ] 2018-02-18T21:33:34.634364323Z: [    0.020000] Calibrating delay loop (skipped) preset value.. 4600.00 BogoMIPS (lpj=23000000)
[STDERR  ] 2018-02-18T21:33:34.634377202Z: [    0.020034] pid_max: default: 32768 minimum: 301
[STDERR  ] 2018-02-18T21:33:34.634401349Z: [    0.023983] ACPI: Core revision 20160831
[STDERR  ] 2018-02-18T21:33:34.634415386Z: [    0.028103] ACPI: 1 ACPI AML tables successfully acquired and loaded
[STDERR  ] 2018-02-18T21:33:34.634428220Z: [    0.033965] Security Framework initialized
[STDERR  ] 2018-02-18T21:33:34.634445188Z: [    0.037437] Yama: becoming mindful.
[STDERR  ] 2018-02-18T21:33:34.634457519Z: [    0.040070] Mount-cache hash table entries: 2048 (order: 2, 16384 bytes)
[STDERR  ] 2018-02-18T21:33:34.634470223Z: [    0.045779] Mountpoint-cache hash table entries: 2048 (order: 2, 16384 bytes)
[STDERR  ] 2018-02-18T21:33:34.634486070Z: [    0.050901] CPU: Physical Processor ID: 0
[STDERR  ] 2018-02-18T21:33:34.634505161Z: [    0.054641] Last level iTLB entries: 4KB 0, 2MB 0, 4MB 0
[STDERR  ] 2018-02-18T21:33:34.634519684Z: [    0.060033] Last level dTLB entries: 4KB 0, 2MB 0, 4MB 0, 1GB 0
[STDERR  ] 2018-02-18T21:33:34.634577341Z: [    0.065025] Spectre V2 : Vulnerable: Minimal generic ASM retpoline
[STDERR  ] 2018-02-18T21:33:34.634591472Z: [    0.194899] Freeing SMP alternatives memory: 20K
[STDERR  ] 2018-02-18T21:33:34.634606289Z: [    0.228938] ftrace: allocating 35563 entries in 139 pages
[STDERR  ] 2018-02-18T21:33:34.634618912Z: [    0.240136] smpboot: Max logical packages: 1
[STDERR  ] 2018-02-18T21:33:34.634633573Z: [    0.252155] x2apic enabled
[STDERR  ] 2018-02-18T21:33:34.634646454Z: [    0.256547] Switched APIC routing to physical x2apic.
[STDERR  ] 2018-02-18T21:33:34.634660479Z: [    0.273728] ..TIMER: vector=0x30 apic1=0 pin1=2 apic2=-1 pin2=-1
[STDERR  ] 2018-02-18T21:33:34.634672957Z: [    0.280000] smpboot: CPU0: Intel QEMU Virtual CPU version 2.5+ (family: 0x6, model: 0x6, stepping: 0x3)
[STDERR  ] 2018-02-18T21:33:34.634685555Z: [    0.280000] Performance Events: PMU not available due to virtualization, using software events only.
[STDERR  ] 2018-02-18T21:33:34.634704872Z: [    0.290631] x86: Booted up 1 node, 1 CPUs
[STDERR  ] 2018-02-18T21:33:34.634717146Z: [    0.294575] smpboot: Total of 1 processors activated (4600.00 BogoMIPS)
[STDERR  ] 2018-02-18T21:33:34.634730134Z: [    0.302047] devtmpfs: initialized
[STDERR  ] 2018-02-18T21:33:34.634744811Z: [    0.305076] x86/mm: Memory block size: 128MB
[STDERR  ] 2018-02-18T21:33:34.634759331Z: [    0.312731] clocksource: jiffies: mask: 0xffffffff max_cycles: 0xffffffff, max_idle_ns: 19112604462750000 ns
[STDERR  ] 2018-02-18T21:33:34.634773946Z: [    0.320026] futex hash table entries: 256 (order: 2, 16384 bytes)
[STDERR  ] 2018-02-18T21:33:34.634787947Z: [    0.330205] NET: Registered protocol family 16
[STDERR  ] 2018-02-18T21:33:34.634800269Z: [    0.334277] cpuidle: using governor ladder
[STDERR  ] 2018-02-18T21:33:34.634814474Z: [    0.337805] cpuidle: using governor menu
[STDERR  ] 2018-02-18T21:33:34.634828892Z: [    0.340339] ACPI: bus type PCI registered
[STDERR  ] 2018-02-18T21:33:34.634841572Z: [    0.344264] PCI: MMCONFIG for domain 0000 [bus 00-ff] at [mem 0xb0000000-0xbfffffff] (base 0xb0000000)
[STDERR  ] 2018-02-18T21:33:34.634855760Z: [    0.350013] PCI: MMCONFIG at [mem 0xb0000000-0xbfffffff] reserved in E820
[STDERR  ] 2018-02-18T21:33:34.634880435Z: [    0.355655] PCI: Using configuration type 1 for base access
[STDERR  ] 2018-02-18T21:33:34.634900349Z: [    0.361732] HugeTLB registered 2 MB page size, pre-allocated 0 pages
[STDERR  ] 2018-02-18T21:33:34.635129467Z: [    0.370275] ACPI: Added _OSI(Module Device)
[STDERR  ] 2018-02-18T21:33:34.635170068Z: [    0.373866] ACPI: Added _OSI(Processor Device)
[STDERR  ] 2018-02-18T21:33:34.635184801Z: [    0.377625] ACPI: Added _OSI(3.0 _SCP Extensions)
[STDERR  ] 2018-02-18T21:33:34.635197285Z: [    0.380009] ACPI: Added _OSI(Processor Aggregator Device)
[STDERR  ] 2018-02-18T21:33:34.635210656Z: [    0.390183] ACPI: Interpreter enabled
[STDERR  ] 2018-02-18T21:33:34.635229274Z: [    0.393375] ACPI: (supports S0 S5)
[STDERR  ] 2018-02-18T21:33:34.635243925Z: [    0.396355] ACPI: Using IOAPIC for interrupt routing
[STDERR  ] 2018-02-18T21:33:34.635258671Z: [    0.400073] PCI: Using host bridge windows from ACPI; if necessary, use "pci=nocrs" and report a bug
[STDERR  ] 2018-02-18T21:33:34.635274884Z: [    0.412892] ACPI: PCI Root Bridge [PCI0] (domain 0000 [bus 00-ff])
[STDERR  ] 2018-02-18T21:33:34.635287869Z: [    0.418143] acpi PNP0A08:00: _OSC: OS supports [ExtendedConfig ASPM ClockPM Segments MSI]
[STDERR  ] 2018-02-18T21:33:34.635313516Z: [    0.420179] acpi PNP0A08:00: _OSC: OS now controls [PCIeHotplug PME PCIeCapability]
[STDERR  ] 2018-02-18T21:33:34.635328014Z: [    0.430100] PCI host bridge to bus 0000:00
[STDERR  ] 2018-02-18T21:33:34.635340569Z: [    0.433608] pci_bus 0000:00: root bus resource [io  0x0000-0x0cf7 window]
[STDERR  ] 2018-02-18T21:33:34.635358169Z: [    0.440013] pci_bus 0000:00: root bus resource [io  0x0d00-0xffff window]
[STDERR  ] 2018-02-18T21:33:34.635372865Z: [    0.445650] pci_bus 0000:00: root bus resource [mem 0x000a0000-0x000bffff window]
[STDERR  ] 2018-02-18T21:33:34.635385011Z: [    0.450010] pci_bus 0000:00: root bus resource [mem 0xc0000000-0xfebfffff window]
[STDERR  ] 2018-02-18T21:33:34.635399985Z: [    0.460010] pci_bus 0000:00: root bus resource [bus 00-ff]
[STDERR  ] 2018-02-18T21:33:34.635413273Z: [    0.622636] pci 0000:00:1f.0: quirk: [io  0x0600-0x067f] claimed by ICH6 ACPI/GPIO/TCO
[STDERR  ] 2018-02-18T21:33:34.635427811Z: [    0.699428] ACPI: PCI Interrupt Link [LNKA] (IRQs 5 *10 11)
[STDERR  ] 2018-02-18T21:33:34.635444742Z: [    0.701964] ACPI: PCI Interrupt Link [LNKB] (IRQs 5 *10 11)
[STDERR  ] 2018-02-18T21:33:34.635457203Z: [    0.711924] ACPI: PCI Interrupt Link [LNKC] (IRQs 5 10 *11)
[STDERR  ] 2018-02-18T21:33:34.635474788Z: [    0.717707] ACPI: PCI Interrupt Link [LNKD] (IRQs 5 10 *11)
[STDERR  ] 2018-02-18T21:33:34.635487255Z: [    0.721905] ACPI: PCI Interrupt Link [LNKE] (IRQs 5 *10 11)
[STDERR  ] 2018-02-18T21:33:34.635504244Z: [    0.730193] ACPI: PCI Interrupt Link [LNKF] (IRQs 5 *10 11)
[STDERR  ] 2018-02-18T21:33:34.635516766Z: [    0.735984] ACPI: PCI Interrupt Link [LNKG] (IRQs 5 10 *11)
[STDERR  ] 2018-02-18T21:33:34.635537933Z: [    0.741581] ACPI: PCI Interrupt Link [LNKH] (IRQs 5 10 *11)
[STDERR  ] 2018-02-18T21:33:34.635552583Z: [    0.747130] ACPI: PCI Interrupt Link [GSIA] (IRQs *16)
[STDERR  ] 2018-02-18T21:33:34.635567231Z: [    0.750921] ACPI: PCI Interrupt Link [GSIB] (IRQs *17)
[STDERR  ] 2018-02-18T21:33:34.635582138Z: [    0.755874] ACPI: PCI Interrupt Link [GSIC] (IRQs *18)
[STDERR  ] 2018-02-18T21:33:34.635594896Z: [    0.760917] ACPI: PCI Interrupt Link [GSID] (IRQs *19)
[STDERR  ] 2018-02-18T21:33:34.635609419Z: [    0.765664] ACPI: PCI Interrupt Link [GSIE] (IRQs *20)
[STDERR  ] 2018-02-18T21:33:34.635624025Z: [    0.770921] ACPI: PCI Interrupt Link [GSIF] (IRQs *21)
[STDERR  ] 2018-02-18T21:33:34.635636934Z: [    0.775633] ACPI: PCI Interrupt Link [GSIG] (IRQs *22)
[STDERR  ] 2018-02-18T21:33:34.635651621Z: [    0.780908] ACPI: PCI Interrupt Link [GSIH] (IRQs *23)
[STDERR  ] 2018-02-18T21:33:34.635663970Z: [    0.786031] ACPI: Enabled 1 GPEs in block 00 to 3F
[STDERR  ] 2018-02-18T21:33:34.635678514Z: [    0.790573] SCSI subsystem initialized
[STDERR  ] 2018-02-18T21:33:34.635692723Z: [    0.793860] ACPI: bus type USB registered
[STDERR  ] 2018-02-18T21:33:34.635707336Z: [    0.797301] usbcore: registered new interface driver usbfs
[STDERR  ] 2018-02-18T21:33:34.635725016Z: [    0.800050] usbcore: registered new interface driver hub
[STDERR  ] 2018-02-18T21:33:34.635737683Z: [    0.804657] usbcore: registered new device driver usb
[STDERR  ] 2018-02-18T21:33:34.635751445Z: [    0.810051] pps_core: LinuxPPS API ver. 1 registered
[STDERR  ] 2018-02-18T21:33:34.635763774Z: [    0.814351] pps_core: Software ver. 5.3.6 - Copyright 2005-2007 Rodolfo Giometti <giometti@linux.it>
[STDERR  ] 2018-02-18T21:33:34.635778674Z: [    0.820028] PTP clock support registered
[STDERR  ] 2018-02-18T21:33:34.635792990Z: [    0.823488] PCI: Using ACPI for IRQ routing
[STDERR  ] 2018-02-18T21:33:34.635807432Z: [    1.221128] NetLabel: Initializing
[STDERR  ] 2018-02-18T21:33:34.635819319Z: [    1.224188] NetLabel:  domain hash size = 128
[STDERR  ] 2018-02-18T21:33:34.635846133Z: [    1.227950] NetLabel:  protocols = UNLABELED CIPSOv4
[STDERR  ] 2018-02-18T21:33:34.635860079Z: [    1.230043] NetLabel:  unlabeled traffic allowed by default
[STDERR  ] 2018-02-18T21:33:34.635874613Z: [    1.234784] wmi: Mapper loaded
[STDERR  ] 2018-02-18T21:33:34.635889172Z: [    1.237590] HPET: 3 timers in total, 0 timers will be used for per-cpu timer
[STDERR  ] 2018-02-18T21:33:34.635904680Z: [    1.240130] hpet0: at MMIO 0xfed00000, IRQs 2, 8, 0
[STDERR  ] 2018-02-18T21:33:34.635916955Z: [    1.250280] hpet0: 3 comparators, 64-bit 100.000000 MHz counter
[STDERR  ] 2018-02-18T21:33:34.635937701Z: [    1.258864] clocksource: Switched to clocksource kvm-clock
[STDERR  ] 2018-02-18T21:33:34.635952299Z: [    1.269569] VFS: Disk quotas dquot_6.6.0
[STDERR  ] 2018-02-18T21:33:34.635966506Z: [    1.273228] VFS: Dquot-cache hash table entries: 512 (order 0, 4096 bytes)
[STDERR  ] 2018-02-18T21:33:34.635980938Z: [    1.279114] FS-Cache: Loaded
[STDERR  ] 2018-02-18T21:33:34.635993111Z: [    1.281955] CacheFiles: Loaded
[STDERR  ] 2018-02-18T21:33:34.636007050Z: [    1.284705] pnp: PnP ACPI init
[STDERR  ] 2018-02-18T21:33:34.636020035Z: [    1.288404] pnp: PnP ACPI: found 5 devices
[STDERR  ] 2018-02-18T21:33:34.636034716Z: [    1.298125] clocksource: acpi_pm: mask: 0xffffff max_cycles: 0xffffff, max_idle_ns: 2085701024 ns
[STDERR  ] 2018-02-18T21:33:34.636049731Z: [    1.305781] NET: Registered protocol family 2
[STDERR  ] 2018-02-18T21:33:34.636061824Z: [    1.309744] TCP established hash table entries: 8192 (order: 4, 65536 bytes)
[STDERR  ] 2018-02-18T21:33:34.636076387Z: [    1.315815] TCP bind hash table entries: 8192 (order: 5, 131072 bytes)
[STDERR  ] 2018-02-18T21:33:34.636088836Z: [    1.321471] TCP: Hash tables configured (established 8192 bind 8192)
[STDERR  ] 2018-02-18T21:33:34.636104527Z: [    1.326851] UDP hash table entries: 512 (order: 2, 16384 bytes)
[STDERR  ] 2018-02-18T21:33:34.636123284Z: [    1.331891] UDP-Lite hash table entries: 512 (order: 2, 16384 bytes)
[STDERR  ] 2018-02-18T21:33:34.636137280Z: [    1.337276] NET: Registered protocol family 1
[STDERR  ] 2018-02-18T21:33:34.636149653Z: [    1.341302] pci 0000:00:01.0: Video device with shadowed ROM at [mem 0x000c0000-0x000dffff]
[STDERR  ] 2018-02-18T21:33:34.636247220Z: [    1.348774] Unpacking initramfs...
[STDERR  ] 2018-02-18T21:33:34.636275897Z: [    1.773536] Freeing initrd memory: 25024K
[STDERR  ] 2018-02-18T21:33:34.636299354Z: [    1.778115] PCLMULQDQ-NI instructions are not detected.
[STDERR  ] 2018-02-18T21:33:34.636322556Z: [    1.782731] AVX or AES-NI instructions are not detected.
[STDERR  ] 2018-02-18T21:33:34.636344206Z: [    1.787211] CPU feature 'AVX registers' is not supported.
[STDERR  ] 2018-02-18T21:33:34.636365615Z: [    1.791822] CPU feature 'AVX registers' is not supported.
[STDERR  ] 2018-02-18T21:33:34.636390043Z: [    1.796329] CPU feature 'AVX registers' is not supported.
[STDERR  ] 2018-02-18T21:33:34.636415505Z: [    1.800925] CPU feature 'AVX registers' is not supported.
[STDERR  ] 2018-02-18T21:33:34.636439776Z: [    1.805511] AVX2 or AES-NI instructions are not detected.
[STDERR  ] 2018-02-18T21:33:34.636464666Z: [    1.810158] AVX2 instructions are not detected.
[STDERR  ] 2018-02-18T21:33:34.636493756Z: [    1.814318] audit: initializing netlink subsys (disabled)
[STDERR  ] 2018-02-18T21:33:34.636519107Z: [    1.818855] audit: type=2000 audit(1518989601.934:1): initialized
[STDERR  ] 2018-02-18T21:33:34.636551893Z: [    1.824459] workingset: timestamp_bits=46 max_order=18 bucket_order=0
[STDERR  ] 2018-02-18T21:33:34.636577937Z: [    1.830303] squashfs: version 4.0 (2009/01/31) Phillip Lougher
[STDERR  ] 2018-02-18T21:33:34.636607259Z: [    1.835358] FS-Cache: Netfs 'cifs' registered for caching
[STDERR  ] 2018-02-18T21:33:34.636632005Z: [    1.839944] fuse init (API version 7.26)
[STDERR  ] 2018-02-18T21:33:34.636672673Z: [    1.843467] SGI XFS with ACLs, security attributes, no debug enabled
[STDERR  ] 2018-02-18T21:33:34.636696808Z: [    1.849038] 9p: Installing v9fs 9p2000 file system support
[STDERR  ] 2018-02-18T21:33:34.636718126Z: [    1.853801] FS-Cache: Netfs '9p' registered for caching
[STDERR  ] 2018-02-18T21:33:34.636740716Z: [    1.859184] NET: Registered protocol family 38
[STDERR  ] 2018-02-18T21:33:34.636761844Z: [    1.863081] Key type asymmetric registered
[STDERR  ] 2018-02-18T21:33:34.636785013Z: [    1.866575] Asymmetric key parser 'x509' registered
[STDERR  ] 2018-02-18T21:33:34.636807598Z: [    1.870805] Block layer SCSI generic (bsg) driver version 0.4 loaded (major 251)
[STDERR  ] 2018-02-18T21:33:34.636831963Z: [    1.877030] io scheduler noop registered
[STDERR  ] 2018-02-18T21:33:34.636859501Z: [    1.880493] io scheduler deadline registered (default)
[STDERR  ] 2018-02-18T21:33:34.636881300Z: [    1.884931] io scheduler cfq registered
[STDERR  ] 2018-02-18T21:33:34.636903726Z: [    1.888338] pci_hotplug: PCI Hot Plug PCI Core version: 0.5
[STDERR  ] 2018-02-18T21:33:34.636925645Z: [    1.893114] pciehp: PCI Express Hot Plug Controller Driver version: 0.4
[STDERR  ] 2018-02-18T21:33:34.636953629Z: [    1.898894] shpchp: Standard Hot Plug PCI Controller Driver version: 0.4
[STDERR  ] 2018-02-18T21:33:34.636976179Z: [    1.904638] hv_vmbus: registering driver hyperv_fb
[STDERR  ] 2018-02-18T21:33:34.636998771Z: [    1.908810] input: Power Button as /devices/LNXSYSTM:00/LNXPWRBN:00/input/input0
[STDERR  ] 2018-02-18T21:33:34.637021037Z: [    1.915142] ACPI: Power Button [PWRF]
[STDERR  ] 2018-02-18T21:33:34.637043402Z: [    1.918606] GHES: HEST is not enabled!
[STDERR  ] 2018-02-18T21:33:34.637065362Z: [    1.922292] ACPI: PCI Interrupt Link [GSIG] enabled at IRQ 22
[STDERR  ] 2018-02-18T21:33:34.637087138Z: [    1.933458] ACPI: PCI Interrupt Link [GSIH] enabled at IRQ 23
[STDERR  ] 2018-02-18T21:33:34.637108730Z: [    1.944797] xenfs: not registering filesystem on non-xen platform
[STDERR  ] 2018-02-18T21:33:34.637130393Z: [    1.950195] Serial: 8250/16550 driver, 4 ports, IRQ sharing disabled
[STDERR  ] 2018-02-18T21:33:34.637152858Z: [    1.988572] 00:04: ttyS0 at I/O 0x3f8 (irq = 4, base_baud = 115200) is a 16550A
[STDERR  ] 2018-02-18T21:33:34.637177223Z: [    1.995906] Non-volatile memory driver v1.3
[STDERR  ] 2018-02-18T21:33:34.637198523Z: [    2.001055] Hangcheck: starting hangcheck timer 0.9.1 (tick is 180 seconds, margin is 60 seconds).
[STDERR  ] 2018-02-18T21:33:34.637221354Z: [    2.009211] random: fast init done
[STDERR  ] 2018-02-18T21:33:34.637242844Z: [    2.012677] random: crng init done
[STDERR  ] 2018-02-18T21:33:34.637264425Z: [    2.017306] loop: module loaded
[STDERR  ] 2018-02-18T21:33:34.637286512Z: [    2.020864] nbd: registered device at major 43
[STDERR  ] 2018-02-18T21:33:34.637307731Z: [    2.026498] lpc_ich 0000:00:1f.0: I/O space for GPIO uninitialized
[STDERR  ] 2018-02-18T21:33:34.637330468Z: [    2.031971] VMware PVSCSI driver - version 1.0.7.0-k
[STDERR  ] 2018-02-18T21:33:34.637352091Z: [    2.036361] hv_vmbus: registering driver hv_storvsc
[STDERR  ] 2018-02-18T21:33:34.637376093Z: [    2.041210] ACPI: PCI Interrupt Link [GSIA] enabled at IRQ 16
[STDERR  ] 2018-02-18T21:33:34.637397612Z: [    2.049143] ahci 0000:00:1f.2: AHCI 0001.0000 32 slots 6 ports 1.5 Gbps 0x3f impl SATA mode
[STDERR  ] 2018-02-18T21:33:34.637427870Z: [    2.056412] ahci 0000:00:1f.2: flags: 64bit ncq only 
[STDERR  ] 2018-02-18T21:33:34.637449344Z: [    2.064219] scsi host0: ahci
[STDERR  ] 2018-02-18T21:33:34.637470868Z: [    2.066901] scsi host1: ahci
[STDERR  ] 2018-02-18T21:33:34.637492275Z: [    2.069546] scsi host2: ahci
[STDERR  ] 2018-02-18T21:33:34.637515766Z: [    2.072342] scsi host3: ahci
[STDERR  ] 2018-02-18T21:33:34.637543728Z: [    2.075022] scsi host4: ahci
[STDERR  ] 2018-02-18T21:33:34.637565669Z: [    2.077695] scsi host5: ahci
[STDERR  ] 2018-02-18T21:33:34.637586374Z: [    2.080444] ata1: SATA max UDMA/133 abar m4096@0xfebd2000 port 0xfebd2100 irq 24
[STDERR  ] 2018-02-18T21:33:34.637613110Z: [    2.086879] ata2: SATA max UDMA/133 abar m4096@0xfebd2000 port 0xfebd2180 irq 24
[STDERR  ] 2018-02-18T21:33:34.637639520Z: [    2.093288] ata3: SATA max UDMA/133 abar m4096@0xfebd2000 port 0xfebd2200 irq 24
[STDERR  ] 2018-02-18T21:33:34.637660257Z: [    2.099648] ata4: SATA max UDMA/133 abar m4096@0xfebd2000 port 0xfebd2280 irq 24
[STDERR  ] 2018-02-18T21:33:34.637682903Z: [    2.106034] ata5: SATA max UDMA/133 abar m4096@0xfebd2000 port 0xfebd2300 irq 24
[STDERR  ] 2018-02-18T21:33:34.637705600Z: [    2.112452] ata6: SATA max UDMA/133 abar m4096@0xfebd2000 port 0xfebd2380 irq 24
[STDERR  ] 2018-02-18T21:33:34.637726100Z: [    2.120758] tun: Universal TUN/TAP device driver, 1.6
[STDERR  ] 2018-02-18T21:33:34.637753334Z: [    2.125158] tun: (C) 1999-2004 Max Krasnyansky <maxk@qualcomm.com>
[STDERR  ] 2018-02-18T21:33:34.637781087Z: [    2.134535] VMware vmxnet3 virtual NIC driver - version 1.4.a.0-k-NAPI
[STDERR  ] 2018-02-18T21:33:34.637802987Z: [    2.140006] hv_vmbus: registering driver hv_netvsc
[STDERR  ] 2018-02-18T21:33:34.637825274Z: [    2.144126] Fusion MPT base driver 3.04.20
[STDERR  ] 2018-02-18T21:33:34.637847710Z: [    2.147645] Copyright (c) 1999-2008 LSI Corporation
[STDERR  ] 2018-02-18T21:33:34.637869017Z: [    2.151951] Fusion MPT SPI Host driver 3.04.20
[STDERR  ] 2018-02-18T21:33:34.637890588Z: [    2.155908] i8042: PNP: PS/2 Controller [PNP0303:KBD,PNP0f13:MOU] at 0x60,0x64 irq 1,12
[STDERR  ] 2018-02-18T21:33:34.637912532Z: [    2.166256] serio: i8042 KBD port at 0x60,0x64 irq 1
[STDERR  ] 2018-02-18T21:33:34.637935151Z: [    2.170668] serio: i8042 AUX port at 0x60,0x64 irq 12
[STDERR  ] 2018-02-18T21:33:34.637957637Z: [    2.175065] hv_vmbus: registering driver hyperv_keyboard
[STDERR  ] 2018-02-18T21:33:34.637985404Z: [    2.179674] mousedev: PS/2 mouse device common for all mice
[STDERR  ] 2018-02-18T21:33:34.638008043Z: [    2.185775] input: AT Translated Set 2 keyboard as /devices/platform/i8042/serio0/input/input1
[STDERR  ] 2018-02-18T21:33:34.638030667Z: [    2.193349] input: PC Speaker as /devices/platform/pcspkr/input/input2
[STDERR  ] 2018-02-18T21:33:34.638054321Z: [    2.199249] rtc_cmos 00:00: RTC can wake from S4
[STDERR  ] 2018-02-18T21:33:34.638074806Z: [    2.205415] rtc_cmos 00:00: rtc core: registered rtc_cmos as rtc0
[STDERR  ] 2018-02-18T21:33:34.638097826Z: [    2.211568] rtc_cmos 00:00: alarms up to one day, y3k, 114 bytes nvram, hpet irqs
[STDERR  ] 2018-02-18T21:33:34.638119899Z: [    2.217901] i2c /dev entries driver
[STDERR  ] 2018-02-18T21:33:34.638141528Z: [    2.221102] device-mapper: ioctl: 4.35.0-ioctl (2016-06-23) initialised: dm-devel@redhat.com
[STDERR  ] 2018-02-18T21:33:34.638163895Z: [    2.229010] usbcore: registered new interface driver usbhid
[STDERR  ] 2018-02-18T21:33:34.638185751Z: [    2.234080] usbhid: USB HID core driver
[STDERR  ] 2018-02-18T21:33:34.638207303Z: [    2.237417] hv_utils: Registering HyperV Utility Driver
[STDERR  ] 2018-02-18T21:33:34.638232162Z: [    2.242039] hv_vmbus: registering driver hv_util
[STDERR  ] 2018-02-18T21:33:34.638253568Z: [    2.245981] hv_vmbus: registering driver hv_balloon
[STDERR  ] 2018-02-18T21:33:34.638276182Z: [    2.250277] oprofile: using NMI interrupt.
[STDERR  ] 2018-02-18T21:33:34.638297799Z: [    2.253773] GACT probability on
[STDERR  ] 2018-02-18T21:33:34.638319691Z: [    2.256487] Mirror/redirect action on
[STDERR  ] 2018-02-18T21:33:34.638346010Z: [    2.259599] Simple TC action Loaded
[STDERR  ] 2018-02-18T21:33:34.638367407Z: [    2.262708] u32 classifier
[STDERR  ] 2018-02-18T21:33:34.638388836Z: [    2.265041]     Performance counters on
[STDERR  ] 2018-02-18T21:33:34.638410376Z: [    2.268295]     input device check on
[STDERR  ] 2018-02-18T21:33:34.638431702Z: [    2.271506]     Actions configured
[STDERR  ] 2018-02-18T21:33:34.638453131Z: [    2.274393] Netfilter messages via NETLINK v0.30.
[STDERR  ] 2018-02-18T21:33:34.638476478Z: [    2.278493] nfnl_acct: registering with nfnetlink.
[STDERR  ] 2018-02-18T21:33:34.638497200Z: [    2.282701] nf_conntrack version 0.5.0 (8192 buckets, 32768 max)
[STDERR  ] 2018-02-18T21:33:34.638519798Z: [    2.287828] ctnetlink v0.93: registering with nfnetlink.
[STDERR  ] 2018-02-18T21:33:34.638547098Z: [    2.292426] nf_tables: (c) 2007-2009 Patrick McHardy <kaber@trash.net>
[STDERR  ] 2018-02-18T21:33:34.638569204Z: [    2.297885] nf_tables_compat: (c) 2012 Pablo Neira Ayuso <pablo@netfilter.org>
[STDERR  ] 2018-02-18T21:33:34.638591347Z: [    2.304016] xt_time: kernel timezone is -0000
[STDERR  ] 2018-02-18T21:33:34.638616593Z: [    2.307692] ip_set: protocol 6
[STDERR  ] 2018-02-18T21:33:34.638637311Z: [    2.310465] IPVS: Registered protocols (TCP, UDP, SCTP, AH, ESP)
[STDERR  ] 2018-02-18T21:33:34.638659781Z: [    2.315502] IPVS: Connection hash table configured (size=4096, memory=64Kbytes)
[STDERR  ] 2018-02-18T21:33:34.638685794Z: [    2.321725] IPVS: Creating netns size=2104 id=0
[STDERR  ] 2018-02-18T21:33:34.638707900Z: [    2.326574] IPVS: ipvs loaded.
[STDERR  ] 2018-02-18T21:33:34.638729694Z: [    2.329155] IPVS: [rr] scheduler registered.
[STDERR  ] 2018-02-18T21:33:34.638752387Z: [    2.332838] IPVS: [wrr] scheduler registered.
[STDERR  ] 2018-02-18T21:33:34.638776982Z: [    2.336521] IPVS: [lc] scheduler registered.
[STDERR  ] 2018-02-18T21:33:34.638799801Z: [    2.340430] IPVS: [wlc] scheduler registered.
[STDERR  ] 2018-02-18T21:33:34.638824742Z: [    2.344175] IPVS: [fo] scheduler registered.
[STDERR  ] 2018-02-18T21:33:34.638848980Z: [    2.347972] IPVS: [ovf] scheduler registered.
[STDERR  ] 2018-02-18T21:33:34.638870753Z: [    2.351896] IPVS: [lblc] scheduler registered.
[STDERR  ] 2018-02-18T21:33:34.638894846Z: [    2.355803] IPVS: [lblcr] scheduler registered.
[STDERR  ] 2018-02-18T21:33:34.638917621Z: [    2.359777] IPVS: [dh] scheduler registered.
[STDERR  ] 2018-02-18T21:33:34.638941523Z: [    2.363587] IPVS: [sh] scheduler registered.
[STDERR  ] 2018-02-18T21:33:34.638965578Z: [    2.367353] IPVS: [sed] scheduler registered.
[STDERR  ] 2018-02-18T21:33:34.638988637Z: [    2.371278] IPVS: [nq] scheduler registered.
[STDERR  ] 2018-02-18T21:33:34.639013624Z: [    2.374988] IPVS: ftp: loaded support on port[0] = 21
[STDERR  ] 2018-02-18T21:33:34.639038786Z: [    2.378355] ipip: IPv4 and MPLS over IPv4 tunneling driver
[STDERR  ] 2018-02-18T21:33:34.639062869Z: [    2.383466] gre: GRE over IPv4 demultiplexor driver
[STDERR  ] 2018-02-18T21:33:34.639090035Z: [    2.387975] ip_tables: (C) 2000-2006 Netfilter Core Team
[STDERR  ] 2018-02-18T21:33:34.639112212Z: [    2.392930] ipt_CLUSTERIP: ClusterIP Version 0.8 loaded successfully
[STDERR  ] 2018-02-18T21:33:34.639137584Z: [    2.398655] arp_tables: arp_tables: (C) 2002 David S. Miller
[STDERR  ] 2018-02-18T21:33:34.639160686Z: [    2.403993] NET: Registered protocol family 10
[STDERR  ] 2018-02-18T21:33:34.639181724Z: [    2.408224] ip6_tables: (C) 2000-2006 Netfilter Core Team
[STDERR  ] 2018-02-18T21:33:34.639204168Z: [    2.413729] NET: Registered protocol family 17
[STDERR  ] 2018-02-18T21:33:34.639229728Z: [    2.417584] Bridge firewalling registered
[STDERR  ] 2018-02-18T21:33:34.639253639Z: [    2.421347] Ebtables v2.0 registered
[STDERR  ] 2018-02-18T21:33:34.639275310Z: [    2.424767] 8021q: 802.1Q VLAN Support v1.8
[STDERR  ] 2018-02-18T21:33:34.639297561Z: [    2.428685] 9pnet: Installing 9P2000 support
[STDERR  ] 2018-02-18T21:33:34.639321559Z: [    2.432458] Key type dns_resolver registered
[STDERR  ] 2018-02-18T21:33:34.639351190Z: [    2.436573] registered taskstats version 1
[STDERR  ] 2018-02-18T21:33:34.639374670Z: [    2.446380] Key type big_key registered
[STDERR  ] 2018-02-18T21:33:34.639397201Z: [    2.455618] ata2: SATA link down (SStatus 0 SControl 300)
[STDERR  ] 2018-02-18T21:33:34.639432909Z: [    2.461041] ata5: SATA link down (SStatus 0 SControl 300)
[STDERR  ] 2018-02-18T21:33:34.639457207Z: [    2.466501] ata4: SATA link down (SStatus 0 SControl 300)
[STDERR  ] 2018-02-18T21:33:34.639480327Z: [    2.472153] ata3: SATA link up 1.5 Gbps (SStatus 113 SControl 300)
[STDERR  ] 2018-02-18T21:33:34.639508958Z: [    2.477873] ata3.00: ATAPI: QEMU DVD-ROM, 2.5+, max UDMA/100
[STDERR  ] 2018-02-18T21:33:34.639540405Z: [    2.482778] ata3.00: applying bridge limits
[STDERR  ] 2018-02-18T21:33:34.639564392Z: [    2.487092] ata1: SATA link down (SStatus 0 SControl 300)
[STDERR  ] 2018-02-18T21:33:34.639588916Z: [    2.492602] ata6: SATA link down (SStatus 0 SControl 300)
[STDERR  ] 2018-02-18T21:33:34.639612816Z: [    2.498075] Key type encrypted registered
[STDERR  ] 2018-02-18T21:33:34.639636035Z: [    2.503490] rtc_cmos 00:00: setting system clock to 2018-02-18 21:33:23 UTC (1518989603)
[STDERR  ] 2018-02-18T21:33:34.639660099Z: [    2.510764] ata3.00: configured for UDMA/100
[STDERR  ] 2018-02-18T21:33:34.639681644Z: [    2.515746] scsi 2:0:0:0: CD-ROM            QEMU     QEMU DVD-ROM     2.5+ PQ: 0 ANSI: 5
[STDERR  ] 2018-02-18T21:33:34.639711523Z: [    2.540963] sr 2:0:0:0: [sr0] scsi3-mmc drive: 4x/4x cd/rw xa/form2 tray
[STDERR  ] 2018-02-18T21:33:34.639738856Z: [    2.546866] cdrom: Uniform CD-ROM driver Revision: 3.20
[STDERR  ] 2018-02-18T21:33:34.639761217Z: [    2.551971] sr 2:0:0:0: Attached scsi generic sg0 type 5
[STDERR  ] 2018-02-18T21:33:34.639783494Z: [    2.558199] Freeing unused kernel memory: 1404K
[STDERR  ] 2018-02-18T21:33:34.639804692Z: [    2.562211] Write protecting the kernel read-only data: 12288k
[STDERR  ] 2018-02-18T21:33:34.639829371Z: [    2.567408] Freeing unused kernel memory: 124K
[STDERR  ] 2018-02-18T21:33:34.639855589Z: [    2.574629] Freeing unused kernel memory: 1396K
[STDERR  ] 2018-02-18T21:33:34.639879288Z: 
[STDERR  ] 2018-02-18T21:33:34.639901507Z: Welcome to LinuxKit
[STDERR  ] 2018-02-18T21:33:34.639924732Z: 
[STDERR  ] 2018-02-18T21:33:34.639947551Z:                         ##         .
[STDERR  ] 2018-02-18T21:33:34.639971372Z:                   ## ## ##        ==
[STDERR  ] 2018-02-18T21:33:34.639994527Z:                ## ## ## ## ##    ===
[STDERR  ] 2018-02-18T21:33:34.640017260Z:            /"""""""""""""""""\___/ ===
[STDERR  ] 2018-02-18T21:33:34.640040377Z:           {                       /  ===-
[STDERR  ] 2018-02-18T21:33:34.640052559Z:            \______ O           __/
[STDERR  ] 2018-02-18T21:33:34.640067004Z:              \    \         __/
[STDERR  ] 2018-02-18T21:33:34.640085001Z:               \____\_______/
[STDERR  ] 2018-02-18T21:33:34.640100475Z: 
[STDERR  ] 2018-02-18T21:33:34.640115994Z: sysctl test suite PASSED
[STDERR  ] 2018-02-18T21:33:34.640130811Z: [   12.995527] ACPI: Preparing to enter system sleep state S5
[STDERR  ] 2018-02-18T21:33:34.640146082Z: [   13.000932] reboot: Power down
[STDERR  ] 2018-02-18T21:33:34.640160260Z: + echo [    0.000000] Linux version 4.9.81-linuxkit (root@131493a180c4) (gcc version 6.4.0 (Alpine 6.4.0) ) #1 SMP Tue Feb 13 18:31:25 UTC 2018
[STDERR  ] 2018-02-18T21:33:34.640175433Z: [    0.000000] Command line: console=ttyS0 console=ttyAMA0
[STDERR  ] 2018-02-18T21:33:34.640190118Z: [    0.000000] x86/fpu: Legacy x87 FPU detected.
[STDERR  ] 2018-02-18T21:33:34.640204548Z: [    0.000000] x86/fpu: Using 'eager' FPU context switches.
[STDERR  ] 2018-02-18T21:33:34.640219095Z: [    0.000000] e820: BIOS-provided physical RAM map:
[STDERR  ] 2018-02-18T21:33:34.640232983Z: [    0.000000] BIOS-e820: [mem 0x0000000000000000-0x000000000009fbff] usable
[STDERR  ] 2018-02-18T21:33:34.640245912Z: [    0.000000] BIOS-e820: [mem 0x000000000009fc00-0x000000000009ffff] reserved
[STDERR  ] 2018-02-18T21:33:34.640271662Z: [    0.000000] BIOS-e820: [mem 0x00000000000f0000-0x00000000000fffff] reserved
[STDERR  ] 2018-02-18T21:33:34.640286594Z: [    0.000000] BIOS-e820: [mem 0x0000000000100000-0x000000003ffdefff] usable
[STDERR  ] 2018-02-18T21:33:34.640301737Z: [    0.000000] BIOS-e820: [mem 0x000000003ffdf000-0x000000003fffffff] reserved
[STDERR  ] 2018-02-18T21:33:34.640319364Z: [    0.000000] BIOS-e820: [mem 0x00000000b0000000-0x00000000bfffffff] reserved
[STDERR  ] 2018-02-18T21:33:34.640334266Z: [    0.000000] BIOS-e820: [mem 0x00000000fed1c000-0x00000000fed1ffff] reserved
[STDERR  ] 2018-02-18T21:33:34.640346697Z: [    0.000000] BIOS-e820: [mem 0x00000000feffc000-0x00000000feffffff] reserved
[STDERR  ] 2018-02-18T21:33:34.640359911Z: [    0.000000] BIOS-e820: [mem 0x00000000fffc0000-0x00000000ffffffff] reserved
[STDERR  ] 2018-02-18T21:33:34.640374767Z: [    0.000000] NX (Execute Disable) protection: active
[STDERR  ] 2018-02-18T21:33:34.640391488Z: [    0.000000] SMBIOS 2.8 present.
[STDERR  ] 2018-02-18T21:33:34.640405820Z: [    0.000000] Hypervisor detected: KVM
[STDERR  ] 2018-02-18T21:33:34.640421009Z: [    0.000000] e820: last_pfn = 0x3ffdf max_arch_pfn = 0x400000000
[STDERR  ] 2018-02-18T21:33:34.640436101Z: [    0.000000] x86/PAT: PAT not supported by CPU.
[STDERR  ] 2018-02-18T21:33:34.640450491Z: [    0.000000] x86/PAT: Configuration [0-7]: WB  WT  UC- UC  WB  WT  UC- UC  
[STDERR  ] 2018-02-18T21:33:34.640463075Z: [    0.000000] found SMP MP-table at [mem 0x000f6aa0-0x000f6aaf] mapped at [ffff9968c00f6aa0]
[STDERR  ] 2018-02-18T21:33:34.640482136Z: [    0.000000] RAMDISK: [mem 0x3e760000-0x3ffcffff]
[STDERR  ] 2018-02-18T21:33:34.640496370Z: [    0.000000] ACPI: Early table checksum verification disabled
[STDERR  ] 2018-02-18T21:33:34.640509024Z: [    0.000000] ACPI: RSDP 0x00000000000F68B0 000014 (v00 BOCHS )
[STDERR  ] 2018-02-18T21:33:34.640523338Z: [    0.000000] ACPI: RSDT 0x000000003FFE20A8 000034 (v01 BOCHS  BXPCRSDT 00000001 BXPC 00000001)
[STDERR  ] 2018-02-18T21:33:34.640547370Z: [    0.000000] ACPI: FACP 0x000000003FFE1EC8 0000F4 (v03 BOCHS  BXPCFACP 00000001 BXPC 00000001)
[STDERR  ] 2018-02-18T21:33:34.640561981Z: [    0.000000] ACPI: DSDT 0x000000003FFE0040 001E88 (v01 BOCHS  BXPCDSDT 00000001 BXPC 00000001)
[STDERR  ] 2018-02-18T21:33:34.640579482Z: [    0.000000] ACPI: FACS 0x000000003FFE0000 000040
[STDERR  ] 2018-02-18T21:33:34.640593972Z: [    0.000000] ACPI: APIC 0x000000003FFE1FBC 000078 (v01 BOCHS  BXPCAPIC 00000001 BXPC 00000001)
[STDERR  ] 2018-02-18T21:33:34.640608430Z: [    0.000000] ACPI: HPET 0x000000003FFE2034 000038 (v01 BOCHS  BXPCHPET 00000001 BXPC 00000001)
[STDERR  ] 2018-02-18T21:33:34.640623279Z: [    0.000000] ACPI: MCFG 0x000000003FFE206C 00003C (v01 BOCHS  BXPCMCFG 00000001 BXPC 00000001)
[STDERR  ] 2018-02-18T21:33:34.640637751Z: [    0.000000] kvm-clock: Using msrs 4b564d01 and 4b564d00
[STDERR  ] 2018-02-18T21:33:34.640681785Z: [    0.000000] kvm-clock: cpu 0, msr 0:3ffdd001, primary cpu clock
[STDERR  ] 2018-02-18T21:33:34.640703970Z: [    0.000000] clocksource: kvm-clock: mask: 0xffffffffffffffff max_cycles: 0x1cd42e4dffb, max_idle_ns: 881590591483 ns
[STDERR  ] 2018-02-18T21:33:34.640719439Z: [    0.000000] Zone ranges:
[STDERR  ] 2018-02-18T21:33:34.640733896Z: [    0.000000]   DMA      [mem 0x0000000000001000-0x0000000000ffffff]
[STDERR  ] 2018-02-18T21:33:34.640747054Z: [    0.000000]   DMA32    [mem 0x0000000001000000-0x000000003ffdefff]
[STDERR  ] 2018-02-18T21:33:34.640764019Z: [    0.000000]   Normal   empty
[STDERR  ] 2018-02-18T21:33:34.640778469Z: [    0.000000] Movable zone start for each node
[STDERR  ] 2018-02-18T21:33:34.640792995Z: [    0.000000] Early memory node ranges
[STDERR  ] 2018-02-18T21:33:34.640807995Z: [    0.000000]   node   0: [mem 0x0000000000001000-0x000000000009efff]
[STDERR  ] 2018-02-18T21:33:34.640822232Z: [    0.000000]   node   0: [mem 0x0000000000100000-0x000000003ffdefff]
[STDERR  ] 2018-02-18T21:33:34.640836788Z: [    0.000000] Initmem setup node 0 [mem 0x0000000000001000-0x000000003ffdefff]
[STDERR  ] 2018-02-18T21:33:34.640861138Z: [    0.000000] ACPI: PM-Timer IO Port: 0x608
[STDERR  ] 2018-02-18T21:33:34.640875623Z: [    0.000000] ACPI: LAPIC_NMI (acpi_id[0xff] dfl dfl lint[0x1])
[STDERR  ] 2018-02-18T21:33:34.640890116Z: [    0.000000] IOAPIC[0]: apic_id 0, version 17, address 0xfec00000, GSI 0-23
[STDERR  ] 2018-02-18T21:33:34.640904975Z: [    0.000000] ACPI: INT_SRC_OVR (bus 0 bus_irq 0 global_irq 2 dfl dfl)
[STDERR  ] 2018-02-18T21:33:34.640917292Z: [    0.000000] ACPI: INT_SRC_OVR (bus 0 bus_irq 5 global_irq 5 high level)
[STDERR  ] 2018-02-18T21:33:34.640930856Z: [    0.000000] ACPI: INT_SRC_OVR (bus 0 bus_irq 9 global_irq 9 high level)
[STDERR  ] 2018-02-18T21:33:34.640944627Z: [    0.000000] ACPI: INT_SRC_OVR (bus 0 bus_irq 10 global_irq 10 high level)
[STDERR  ] 2018-02-18T21:33:34.640959861Z: [    0.000000] ACPI: INT_SRC_OVR (bus 0 bus_irq 11 global_irq 11 high level)
[STDERR  ] 2018-02-18T21:33:34.640974385Z: [    0.000000] Using ACPI (MADT) for SMP configuration information
[STDERR  ] 2018-02-18T21:33:34.640988838Z: [    0.000000] ACPI: HPET id: 0x8086a201 base: 0xfed00000
[STDERR  ] 2018-02-18T21:33:34.641003327Z: [    0.000000] smpboot: Allowing 1 CPUs, 0 hotplug CPUs
[STDERR  ] 2018-02-18T21:33:34.641014817Z: [    0.000000] e820: [mem 0x40000000-0xafffffff] available for PCI devices
[STDERR  ] 2018-02-18T21:33:34.641029402Z: [    0.000000] Booting paravirtualized kernel on KVM
[STDERR  ] 2018-02-18T21:33:34.641047076Z: [    0.000000] clocksource: refined-jiffies: mask: 0xffffffff max_cycles: 0xffffffff, max_idle_ns: 19112604462750000 ns
[STDERR  ] 2018-02-18T21:33:34.641064183Z: [    0.000000] setup_percpu: NR_CPUS:128 nr_cpumask_bits:128 nr_cpu_ids:1 nr_node_ids:1
[STDERR  ] 2018-02-18T21:33:34.641078477Z: [    0.000000] percpu: Embedded 36 pages/cpu @ffff9968fe400000 s106904 r8192 d32360 u2097152
[STDERR  ] 2018-02-18T21:33:34.641093101Z: [    0.000000] KVM setup async PF for cpu 0
[STDERR  ] 2018-02-18T21:33:34.641107720Z: [    0.000000] kvm-stealtime: cpu 0, msr 3e40fd80
[STDERR  ] 2018-02-18T21:33:34.641121638Z: [    0.000000] Built 1 zonelists in Zone order, mobility grouping on.  Total pages: 257896
[STDERR  ] 2018-02-18T21:33:34.641134212Z: [    0.000000] Kernel command line: console=ttyS0 console=ttyAMA0
[STDERR  ] 2018-02-18T21:33:34.641148202Z: [    0.000000] PID hash table entries: 4096 (order: 3, 32768 bytes)
[STDERR  ] 2018-02-18T21:33:34.641162502Z: [    0.000000] Dentry cache hash table entries: 131072 (order: 8, 1048576 bytes)
[STDERR  ] 2018-02-18T21:33:34.641175160Z: [    0.000000] Inode-cache hash table entries: 65536 (order: 7, 524288 bytes)
[STDERR  ] 2018-02-18T21:33:34.641190324Z: [    0.000000] Memory: 989092K/1048052K available (8054K kernel code, 1391K rwdata, 2700K rodata, 1404K init, 564K bss, 58960K reserved, 0K cma-reserved)
[STDERR  ] 2018-02-18T21:33:34.641206360Z: [    0.000000] Kernel/User page tables isolation: enabled
[STDERR  ] 2018-02-18T21:33:34.641220899Z: [    0.000000] Hierarchical RCU implementation.
[STDERR  ] 2018-02-18T21:33:34.641235245Z: [    0.000000] 	Build-time adjustment of leaf fanout to 64.
[STDERR  ] 2018-02-18T21:33:34.641252477Z: [    0.000000] 	RCU restricting CPUs from NR_CPUS=128 to nr_cpu_ids=1.
[STDERR  ] 2018-02-18T21:33:34.641265942Z: [    0.000000] RCU: Adjusting geometry for rcu_fanout_leaf=64, nr_cpu_ids=1
[STDERR  ] 2018-02-18T21:33:34.641278518Z: [    0.000000] NR_IRQS:8448 nr_irqs:256 16
[STDERR  ] 2018-02-18T21:33:34.641292571Z: [    0.000000] Console: colour VGA+ 80x25
[STDERR  ] 2018-02-18T21:33:34.641306819Z: [    0.000000] console [ttyS0] enabled
[STDERR  ] 2018-02-18T21:33:34.641320933Z: [    0.000000] clocksource: hpet: mask: 0xffffffff max_cycles: 0xffffffff, max_idle_ns: 19112604467 ns
[STDERR  ] 2018-02-18T21:33:34.641335890Z: [    0.000000] tsc: Detected 2300.000 MHz processor
[STDERR  ] 2018-02-18T21:33:34.641350179Z: [    0.020000] Calibrating delay loop (skipped) preset value.. 4600.00 BogoMIPS (lpj=23000000)
[STDERR  ] 2018-02-18T21:33:34.641362921Z: [    0.020034] pid_max: default: 32768 minimum: 301
[STDERR  ] 2018-02-18T21:33:34.641380679Z: [    0.023983] ACPI: Core revision 20160831
[STDERR  ] 2018-02-18T21:33:34.641397626Z: [    0.028103] ACPI: 1 ACPI AML tables successfully acquired and loaded
[STDERR  ] 2018-02-18T21:33:34.641412049Z: [    0.033965] Security Framework initialized
[STDERR  ] 2018-02-18T21:33:34.641426278Z: [    0.037437] Yama: becoming mindful.
[STDERR  ] 2018-02-18T21:33:34.641440465Z: [    0.040070] Mount-cache hash table entries: 2048 (order: 2, 16384 bytes)
[STDERR  ] 2018-02-18T21:33:34.641455661Z: [    0.045779] Mountpoint-cache hash table entries: 2048 (order: 2, 16384 bytes)
[STDERR  ] 2018-02-18T21:33:34.641469860Z: [    0.050901] CPU: Physical Processor ID: 0
[STDERR  ] 2018-02-18T21:33:34.641484116Z: [    0.054641] Last level iTLB entries: 4KB 0, 2MB 0, 4MB 0
[STDERR  ] 2018-02-18T21:33:34.641498493Z: [    0.060033] Last level dTLB entries: 4KB 0, 2MB 0, 4MB 0, 1GB 0
[STDERR  ] 2018-02-18T21:33:34.641512929Z: [    0.065025] Spectre V2 : Vulnerable: Minimal generic ASM retpoline
[STDERR  ] 2018-02-18T21:33:34.641525465Z: [    0.194899] Freeing SMP alternatives memory: 20K
[STDERR  ] 2018-02-18T21:33:34.641543575Z: [    0.228938] ftrace: allocating 35563 entries in 139 pages
[STDERR  ] 2018-02-18T21:33:34.641555972Z: [    0.240136] smpboot: Max logical packages: 1
[STDERR  ] 2018-02-18T21:33:34.641572855Z: [    0.252155] x2apic enabled
[STDERR  ] 2018-02-18T21:33:34.641587485Z: [    0.256547] Switched APIC routing to physical x2apic.
[STDERR  ] 2018-02-18T21:33:34.641608454Z: [    0.273728] ..TIMER: vector=0x30 apic1=0 pin1=2 apic2=-1 pin2=-1
[STDERR  ] 2018-02-18T21:33:34.641622727Z: [    0.280000] smpboot: CPU0: Intel QEMU Virtual CPU version 2.5+ (family: 0x6, model: 0x6, stepping: 0x3)
[STDERR  ] 2018-02-18T21:33:34.641637481Z: [    0.280000] Performance Events: PMU not available due to virtualization, using software events only.
[STDERR  ] 2018-02-18T21:33:34.641652048Z: [    0.290631] x86: Booted up 1 node, 1 CPUs
[STDERR  ] 2018-02-18T21:33:34.641666520Z: [    0.294575] smpboot: Total of 1 processors activated (4600.00 BogoMIPS)
[STDERR  ] 2018-02-18T21:33:34.641680894Z: [    0.302047] devtmpfs: initialized
[STDERR  ] 2018-02-18T21:33:34.641695699Z: [    0.305076] x86/mm: Memory block size: 128MB
[STDERR  ] 2018-02-18T21:33:34.641710067Z: [    0.312731] clocksource: jiffies: mask: 0xffffffff max_cycles: 0xffffffff, max_idle_ns: 19112604462750000 ns
[STDERR  ] 2018-02-18T21:33:34.641726626Z: [    0.320026] futex hash table entries: 256 (order: 2, 16384 bytes)
[STDERR  ] 2018-02-18T21:33:34.641741511Z: [    0.330205] NET: Registered protocol family 16
[STDERR  ] 2018-02-18T21:33:34.641755687Z: [    0.334277] cpuidle: using governor ladder
[STDERR  ] 2018-02-18T21:33:34.641769892Z: [    0.337805] cpuidle: using governor menu
[STDERR  ] 2018-02-18T21:33:34.641784213Z: [    0.340339] ACPI: bus type PCI registered
[STDERR  ] 2018-02-18T21:33:34.641796694Z: [    0.344264] PCI: MMCONFIG for domain 0000 [bus 00-ff] at [mem 0xb0000000-0xbfffffff] (base 0xb0000000)
[STDERR  ] 2018-02-18T21:33:34.641810814Z: [    0.350013] PCI: MMCONFIG at [mem 0xb0000000-0xbfffffff] reserved in E820
[STDERR  ] 2018-02-18T21:33:34.641823270Z: [    0.355655] PCI: Using configuration type 1 for base access
[STDERR  ] 2018-02-18T21:33:34.641837527Z: [    0.361732] HugeTLB registered 2 MB page size, pre-allocated 0 pages
[STDERR  ] 2018-02-18T21:33:34.641851750Z: [    0.370275] ACPI: Added _OSI(Module Device)
[STDERR  ] 2018-02-18T21:33:34.641865816Z: [    0.373866] ACPI: Added _OSI(Processor Device)
[STDERR  ] 2018-02-18T21:33:34.641878049Z: [    0.377625] ACPI: Added _OSI(3.0 _SCP Extensions)
[STDERR  ] 2018-02-18T21:33:34.641892279Z: [    0.380009] ACPI: Added _OSI(Processor Aggregator Device)
[STDERR  ] 2018-02-18T21:33:34.641906496Z: [    0.390183] ACPI: Interpreter enabled
[STDERR  ] 2018-02-18T21:33:34.641919004Z: [    0.393375] ACPI: (supports S0 S5)
[STDERR  ] 2018-02-18T21:33:34.641934202Z: [    0.396355] ACPI: Using IOAPIC for interrupt routing
[STDERR  ] 2018-02-18T21:33:34.641946689Z: [    0.400073] PCI: Using host bridge windows from ACPI; if necessary, use "pci=nocrs" and report a bug
[STDERR  ] 2018-02-18T21:33:34.641965460Z: [    0.412892] ACPI: PCI Root Bridge [PCI0] (domain 0000 [bus 00-ff])
[STDERR  ] 2018-02-18T21:33:34.641979911Z: [    0.418143] acpi PNP0A08:00: _OSC: OS supports [ExtendedConfig ASPM ClockPM Segments MSI]
[STDERR  ] 2018-02-18T21:33:34.641997117Z: [    0.420179] acpi PNP0A08:00: _OSC: OS now controls [PCIeHotplug PME PCIeCapability]
[STDERR  ] 2018-02-18T21:33:34.642011571Z: [    0.430100] PCI host bridge to bus 0000:00
[STDERR  ] 2018-02-18T21:33:34.642023920Z: [    0.433608] pci_bus 0000:00: root bus resource [io  0x0000-0x0cf7 window]
[STDERR  ] 2018-02-18T21:33:34.642037681Z: [    0.440013] pci_bus 0000:00: root bus resource [io  0x0d00-0xffff window]
[STDERR  ] 2018-02-18T21:33:34.642052322Z: [    0.445650] pci_bus 0000:00: root bus resource [mem 0x000a0000-0x000bffff window]
[STDERR  ] 2018-02-18T21:33:34.642065597Z: [    0.450010] pci_bus 0000:00: root bus resource [mem 0xc0000000-0xfebfffff window]
[STDERR  ] 2018-02-18T21:33:34.642079958Z: [    0.460010] pci_bus 0000:00: root bus resource [bus 00-ff]
[STDERR  ] 2018-02-18T21:33:34.642094055Z: [    0.622636] pci 0000:00:1f.0: quirk: [io  0x0600-0x067f] claimed by ICH6 ACPI/GPIO/TCO
[STDERR  ] 2018-02-18T21:33:34.642110456Z: [    0.699428] ACPI: PCI Interrupt Link [LNKA] (IRQs 5 *10 11)
[STDERR  ] 2018-02-18T21:33:34.642127158Z: [    0.701964] ACPI: PCI Interrupt Link [LNKB] (IRQs 5 *10 11)
[STDERR  ] 2018-02-18T21:33:34.642144224Z: [    0.711924] ACPI: PCI Interrupt Link [LNKC] (IRQs 5 10 *11)
[STDERR  ] 2018-02-18T21:33:34.642156761Z: [    0.717707] ACPI: PCI Interrupt Link [LNKD] (IRQs 5 10 *11)
[STDERR  ] 2018-02-18T21:33:34.642170908Z: [    0.721905] ACPI: PCI Interrupt Link [LNKE] (IRQs 5 *10 11)
[STDERR  ] 2018-02-18T21:33:34.642183264Z: [    0.730193] ACPI: PCI Interrupt Link [LNKF] (IRQs 5 *10 11)
[STDERR  ] 2018-02-18T21:33:34.642197235Z: [    0.735984] ACPI: PCI Interrupt Link [LNKG] (IRQs 5 10 *11)
[STDERR  ] 2018-02-18T21:33:34.642211179Z: [    0.741581] ACPI: PCI Interrupt Link [LNKH] (IRQs 5 10 *11)
[STDERR  ] 2018-02-18T21:33:34.642223726Z: [    0.747130] ACPI: PCI Interrupt Link [GSIA] (IRQs *16)
[STDERR  ] 2018-02-18T21:33:34.642241430Z: [    0.750921] ACPI: PCI Interrupt Link [GSIB] (IRQs *17)
[STDERR  ] 2018-02-18T21:33:34.642255665Z: [    0.755874] ACPI: PCI Interrupt Link [GSIC] (IRQs *18)
[STDERR  ] 2018-02-18T21:33:34.642269917Z: [    0.760917] ACPI: PCI Interrupt Link [GSID] (IRQs *19)
[STDERR  ] 2018-02-18T21:33:34.642282541Z: [    0.765664] ACPI: PCI Interrupt Link [GSIE] (IRQs *20)
[STDERR  ] 2018-02-18T21:33:34.642298416Z: [    0.770921] ACPI: PCI Interrupt Link [GSIF] (IRQs *21)
[STDERR  ] 2018-02-18T21:33:34.642312113Z: [    0.775633] ACPI: PCI Interrupt Link [GSIG] (IRQs *22)
[STDERR  ] 2018-02-18T21:33:34.642323413Z: [    0.780908] ACPI: PCI Interrupt Link [GSIH] (IRQs *23)
[STDERR  ] 2018-02-18T21:33:34.642333453Z: [    0.786031] ACPI: Enabled 1 GPEs in block 00 to 3F
[STDERR  ] 2018-02-18T21:33:34.642344530Z: [    0.790573] SCSI subsystem initialized
[STDERR  ] 2018-02-18T21:33:34.642358744Z: [    0.793860] ACPI: bus type USB registered
[STDERR  ] 2018-02-18T21:33:34.642372358Z: [    0.797301] usbcore: registered new interface driver usbfs
[STDERR  ] 2018-02-18T21:33:34.642386708Z: [    0.800050] usbcore: registered new interface driver hub
[STDERR  ] 2018-02-18T21:33:34.642400948Z: [    0.804657] usbcore: registered new device driver usb
[STDERR  ] 2018-02-18T21:33:34.642412473Z: [    0.810051] pps_core: LinuxPPS API ver. 1 registered
[STDERR  ] 2018-02-18T21:33:34.642425125Z: [    0.814351] pps_core: Software ver. 5.3.6 - Copyright 2005-2007 Rodolfo Giometti <giometti@linux.it>
[STDERR  ] 2018-02-18T21:33:34.642441800Z: [    0.820028] PTP clock support registered
[STDERR  ] 2018-02-18T21:33:34.642456402Z: [    0.823488] PCI: Using ACPI for IRQ routing
[STDERR  ] 2018-02-18T21:33:34.642468805Z: [    1.221128] NetLabel: Initializing
[STDERR  ] 2018-02-18T21:33:34.642482275Z: [    1.224188] NetLabel:  domain hash size = 128
[STDERR  ] 2018-02-18T21:33:34.642507044Z: [    1.227950] NetLabel:  protocols = UNLABELED CIPSOv4
[STDERR  ] 2018-02-18T21:33:34.642519426Z: [    1.230043] NetLabel:  unlabeled traffic allowed by default
[STDERR  ] 2018-02-18T21:33:34.642538333Z: [    1.234784] wmi: Mapper loaded
[STDERR  ] 2018-02-18T21:33:34.642550951Z: [    1.237590] HPET: 3 timers in total, 0 timers will be used for per-cpu timer
[STDERR  ] 2018-02-18T21:33:34.642566074Z: [    1.240130] hpet0: at MMIO 0xfed00000, IRQs 2, 8, 0
[STDERR  ] 2018-02-18T21:33:34.642580583Z: [    1.250280] hpet0: 3 comparators, 64-bit 100.000000 MHz counter
[STDERR  ] 2018-02-18T21:33:34.642597198Z: [    1.258864] clocksource: Switched to clocksource kvm-clock
[STDERR  ] 2018-02-18T21:33:34.642611475Z: [    1.269569] VFS: Disk quotas dquot_6.6.0
[STDERR  ] 2018-02-18T21:33:34.642625758Z: [    1.273228] VFS: Dquot-cache hash table entries: 512 (order 0, 4096 bytes)
[STDERR  ] 2018-02-18T21:33:34.642640101Z: [    1.279114] FS-Cache: Loaded
[STDERR  ] 2018-02-18T21:33:34.642654409Z: [    1.281955] CacheFiles: Loaded
[STDERR  ] 2018-02-18T21:33:34.642666887Z: [    1.284705] pnp: PnP ACPI init
[STDERR  ] 2018-02-18T21:33:34.642680710Z: [    1.288404] pnp: PnP ACPI: found 5 devices
[STDERR  ] 2018-02-18T21:33:34.642695131Z: [    1.298125] clocksource: acpi_pm: mask: 0xffffff max_cycles: 0xffffff, max_idle_ns: 2085701024 ns
[STDERR  ] 2018-02-18T21:33:34.642709209Z: [    1.305781] NET: Registered protocol family 2
[STDERR  ] 2018-02-18T21:33:34.642725440Z: [    1.309744] TCP established hash table entries: 8192 (order: 4, 65536 bytes)
[STDERR  ] 2018-02-18T21:33:34.642740953Z: [    1.315815] TCP bind hash table entries: 8192 (order: 5, 131072 bytes)
[STDERR  ] 2018-02-18T21:33:34.642755243Z: [    1.321471] TCP: Hash tables configured (established 8192 bind 8192)
[STDERR  ] 2018-02-18T21:33:34.642769464Z: [    1.326851] UDP hash table entries: 512 (order: 2, 16384 bytes)
[STDERR  ] 2018-02-18T21:33:34.642783838Z: [    1.331891] UDP-Lite hash table entries: 512 (order: 2, 16384 bytes)
[STDERR  ] 2018-02-18T21:33:34.642798393Z: [    1.337276] NET: Registered protocol family 1
[STDERR  ] 2018-02-18T21:33:34.642810917Z: [    1.341302] pci 0000:00:01.0: Video device with shadowed ROM at [mem 0x000c0000-0x000dffff]
[STDERR  ] 2018-02-18T21:33:34.642825024Z: [    1.348774] Unpacking initramfs...
[STDERR  ] 2018-02-18T21:33:34.642839073Z: [    1.773536] Freeing initrd memory: 25024K
[STDERR  ] 2018-02-18T21:33:34.642851368Z: [    1.778115] PCLMULQDQ-NI instructions are not detected.
[STDERR  ] 2018-02-18T21:33:34.642863645Z: [    1.782731] AVX or AES-NI instructions are not detected.
[STDERR  ] 2018-02-18T21:33:34.642876962Z: [    1.787211] CPU feature 'AVX registers' is not supported.
[STDERR  ] 2018-02-18T21:33:34.642889443Z: [    1.791822] CPU feature 'AVX registers' is not supported.
[STDERR  ] 2018-02-18T21:33:34.642902656Z: [    1.796329] CPU feature 'AVX registers' is not supported.
[STDERR  ] 2018-02-18T21:33:34.642916464Z: [    1.800925] CPU feature 'AVX registers' is not supported.
