[INFO    ] 2018-08-18T15:22:34.268556878Z: Running Test linuxkit.kernel.config_4.9.x in /tmp/build/test/cases/020_kernel/001_config_4.9.x
[STDERR  ] 2018-08-18T15:22:34.268597481Z: [    0.608259] clocksource: jiffies: mask: 0xffffffff max_cycles: 0xffffffff, max_idle_ns: 19112604462750000 ns
[STDERR  ] 2018-08-18T15:22:34.268631875Z: [    0.609195] futex hash table entries: 256 (order: 2, 16384 bytes)
[STDERR  ] 2018-08-18T15:22:34.268659316Z: [    0.621082] NET: Registered protocol family 16
[STDERR  ] 2018-08-18T15:22:34.268684933Z: [    0.626552] cpuidle: using governor ladder
[INFO    ] 2018-08-18T15:22:34.268720314Z: Running command: [/bin/sh -x /tmp/build/test/cases/020_kernel/001_config_4.9.x/test.sh]
[STDERR  ] 2018-08-18T15:22:34.268712642Z: [    0.626950] cpuidle: using governor menu
[STDERR  ] 2018-08-18T15:22:34.268822234Z: [    0.628136] ACPI: bus type PCI registered
[STDERR  ] 2018-08-18T15:22:34.268843552Z: [    0.630995] PCI: MMCONFIG for domain 0000 [bus 00-ff] at [mem 0xb0000000-0xbfffffff] (base 0xb0000000)
[STDERR  ] 2018-08-18T15:22:34.268869682Z: [    0.631630] PCI: MMCONFIG at [mem 0xb0000000-0xbfffffff] reserved in E820
[STDERR  ] 2018-08-18T15:22:34.268897914Z: [    0.632759] PCI: Using configuration type 1 for base access
[STDERR  ] 2018-08-18T15:22:34.268916004Z: [    0.677417] ACPI: Added _OSI(Module Device)
[STDERR  ] 2018-08-18T15:22:34.268935516Z: [    0.677715] ACPI: Added _OSI(Processor Device)
[STDERR  ] 2018-08-18T15:22:34.268955674Z: [    0.678046] ACPI: Added _OSI(3.0 _
[STDERR  ] 2018-08-18T15:22:34.269521381Z: + set -e
[STDERR  ] 2018-08-18T15:22:34.269579941Z: + . /tmp/build/test/cases/_lib/lib.sh
[STDERR  ] 2018-08-18T15:22:34.269600001Z: + [ -f src/github.com/linuxkit/rtf/lib/lib.sh ]
[STDERR  ] 2018-08-18T15:22:34.269622493Z: + LINUXKIT_TMPDIR=/tmp/build/test/cases/_tmp
[STDERR  ] 2018-08-18T15:22:34.269643519Z: + [ -f /tmp/build/test/cases/_tmp/env.sh ]
[STDERR  ] 2018-08-18T15:22:34.269666068Z: + . /tmp/build/test/cases/_tmp/env.sh
[STDERR  ] 2018-08-18T15:22:34.269684999Z: + export LINUXKIT_EXAMPLES_DIR=/tmp/build/test/cases/../../examples
[STDERR  ] 2018-08-18T15:22:34.269718615Z: + RT_CANCEL=253
[STDERR  ] 2018-08-18T15:22:34.269746395Z: + NAME=kconfig
[STDERR  ] 2018-08-18T15:22:34.269765790Z: + trap clean_up EXIT
[STDERR  ] 2018-08-18T15:22:34.269788022Z: + linuxkit build -format kernel+initrd -name kconfig test.yml
[STDERR  ] 2018-08-18T15:22:34.302430086Z: Extract kernel image: linuxkit/kernel:4.9.120
[STDERR  ] 2018-08-18T15:22:35.591971868Z: Pull image: docker.io/linuxkit/kernel:4.9.120@sha256:495643649221eadd26ecbed4313e9091c5b6566a0e5c5ca8fd1c94ae52962eb7
[STDERR  ] 2018-08-18T15:22:43.084765608Z: Add init containers:
[STDERR  ] 2018-08-18T15:22:43.084824899Z: Process init image: linuxkit/init:v0.6
[STDERR  ] 2018-08-18T15:22:44.321242736Z: Process init image: linuxkit/runc:v0.6
[STDERR  ] 2018-08-18T15:22:45.477605174Z: Add onboot containers:
[STDERR  ] 2018-08-18T15:22:45.477674973Z:   Create OCI config for linuxkit/test-kernel-config:1aaef970b5f70791d74d6f980ad38af4035948f8
[STDERR  ] 2018-08-18T15:22:46.888908141Z:   Create OCI config for linuxkit/poweroff:afe8f7dd0d47a7991c54519b0f09124cb8c4e300
[STDERR  ] 2018-08-18T15:22:48.102061658Z: Create outputs:
[STDERR  ] 2018-08-18T15:22:52.732260148Z:   kconfig-kernel kconfig-initrd.img kconfig-cmdline
[STDERR  ] 2018-08-18T15:22:52.781754447Z: + linuxkit run kconfig
[STDERR  ] 2018-08-18T15:23:30.545474570Z: + RESULT=[    0.000000] Linux version 4.9.120-linuxkit (root@rlin01) (gcc version 6.4.0 (Alpine 6.4.0) ) #1 SMP Fri Aug 17 19:21:18 UTC 2018
[STDERR  ] 2018-08-18T15:23:30.545564072Z: [    0.000000] Command line: console=ttyS0 console=ttyAMA0
[STDERR  ] 2018-08-18T15:23:30.545588630Z: [    0.000000] x86/fpu: Legacy x87 FPU detected.
[STDERR  ] 2018-08-18T15:23:30.545609358Z: [    0.000000] e820: BIOS-provided physical RAM map:
[STDERR  ] 2018-08-18T15:23:30.545630005Z: [    0.000000] BIOS-e820: [mem 0x0000000000000000-0x000000000009fbff] usable
[STDERR  ] 2018-08-18T15:23:30.545650270Z: [    0.000000] BIOS-e820: [mem 0x000000000009fc00-0x000000000009ffff] reserved
[STDERR  ] 2018-08-18T15:23:30.545683681Z: [    0.000000] BIOS-e820: [mem 0x00000000000f0000-0x00000000000fffff] reserved
[STDERR  ] 2018-08-18T15:23:30.545705530Z: [    0.000000] BIOS-e820: [mem 0x0000000000100000-0x000000003ffdefff] usable
[STDERR  ] 2018-08-18T15:23:30.545724926Z: [    0.000000] BIOS-e820: [mem 0x000000003ffdf000-0x000000003fffffff] reserved
[STDERR  ] 2018-08-18T15:23:30.545758326Z: [    0.000000] BIOS-e820: [mem 0x00000000b0000000-0x00000000bfffffff] reserved
[STDERR  ] 2018-08-18T15:23:30.545778938Z: [    0.000000] BIOS-e820: [mem 0x00000000fed1c000-0x00000000fed1ffff] reserved
[STDERR  ] 2018-08-18T15:23:30.545800199Z: [    0.000000] BIOS-e820: [mem 0x00000000fffc0000-0x00000000ffffffff] reserved
[STDERR  ] 2018-08-18T15:23:30.545818525Z: [    0.000000] NX (Execute Disable) protection: active
[STDERR  ] 2018-08-18T15:23:30.545837318Z: [    0.000000] SMBIOS 2.8 present.
[STDERR  ] 2018-08-18T15:23:30.545856114Z: [    0.000000] Kernel/User page tables isolation: disabled
[STDERR  ] 2018-08-18T15:23:30.545882261Z: [    0.000000] e820: last_pfn = 0x3ffdf max_arch_pfn = 0x400000000
[STDERR  ] 2018-08-18T15:23:30.545912016Z: [    0.000000] x86/PAT: Configuration [0-7]: WB  WC  UC- UC  WB  WC  UC- WT  
[STDERR  ] 2018-08-18T15:23:30.545930595Z: [    0.000000] found SMP MP-table at [mem 0x000f6a90-0x000f6a9f] mapped at [ffff9653400f6a90]
[STDERR  ] 2018-08-18T15:23:30.545949874Z: [    0.000000] RAMDISK: [mem 0x3e623000-0x3ffcffff]
[STDERR  ] 2018-08-18T15:23:30.545967911Z: [    0.000000] ACPI: Early table checksum verification disabled
[STDERR  ] 2018-08-18T15:23:30.545986755Z: [    0.000000] ACPI: RSDP 0x00000000000F68D0 000014 (v00 BOCHS )
[STDERR  ] 2018-08-18T15:23:30.546019304Z: [    0.000000] ACPI: RSDT 0x000000003FFE2404 000034 (v01 BOCHS  BXPCRSDT 00000001 BXPC 00000001)
[STDERR  ] 2018-08-18T15:23:30.546038559Z: [    0.000000] ACPI: FACP 0x000000003FFE22A4 000074 (v01 BOCHS  BXPCFACP 00000001 BXPC 00000001)
[STDERR  ] 2018-08-18T15:23:30.546057398Z: [    0.000000] ACPI: DSDT 0x000000003FFE0040 002264 (v01 BOCHS  BXPCDSDT 00000001 BXPC 00000001)
[STDERR  ] 2018-08-18T15:23:30.546076333Z: [    0.000000] ACPI: FACS 0x000000003FFE0000 000040
[STDERR  ] 2018-08-18T15:23:30.546096349Z: [    0.000000] ACPI: APIC 0x000000003FFE2318 000078 (v01 BOCHS  BXPCAPIC 00000001 BXPC 00000001)
[STDERR  ] 2018-08-18T15:23:30.546116088Z: [    0.000000] ACPI: HPET 0x000000003FFE2390 000038 (v01 BOCHS  BXPCHPET 00000001 BXPC 00000001)
[STDERR  ] 2018-08-18T15:23:30.546136386Z: [    0.000000] ACPI: MCFG 0x000000003FFE23C8 00003C (v01 BOCHS  BXPCMCFG 00000001 BXPC 00000001)
[STDERR  ] 2018-08-18T15:23:30.546155285Z: [    0.000000] Zone ranges:
[STDERR  ] 2018-08-18T15:23:30.546176185Z: [    0.000000]   DMA      [mem 0x0000000000001000-0x0000000000ffffff]
[STDERR  ] 2018-08-18T15:23:30.546194473Z: [    0.000000]   DMA32    [mem 0x0000000001000000-0x000000003ffdefff]
[STDERR  ] 2018-08-18T15:23:30.546213101Z: [    0.000000]   Normal   empty
[STDERR  ] 2018-08-18T15:23:30.546231881Z: [    0.000000] Movable zone start for each node
[STDERR  ] 2018-08-18T15:23:30.546251160Z: [    0.000000] Early memory node ranges
[STDERR  ] 2018-08-18T15:23:30.546271413Z: [    0.000000]   node   0: [mem 0x0000000000001000-0x000000000009efff]
[STDERR  ] 2018-08-18T15:23:30.546289552Z: [    0.000000]   node   0: [mem 0x0000000000100000-0x000000003ffdefff]
[STDERR  ] 2018-08-18T15:23:30.546308541Z: [    0.000000] Initmem setup node 0 [mem 0x0000000000001000-0x000000003ffdefff]
[STDERR  ] 2018-08-18T15:23:30.546326399Z: [    0.000000] ACPI: PM-Timer IO Port: 0x608
[STDERR  ] 2018-08-18T15:23:30.546344745Z: [    0.000000] ACPI: LAPIC_NMI (acpi_id[0xff] dfl dfl lint[0x1])
[STDERR  ] 2018-08-18T15:23:30.546363594Z: [    0.000000] IOAPIC[0]: apic_id 0, version 32, address 0xfec00000, GSI 0-23
[STDERR  ] 2018-08-18T15:23:30.546392064Z: [    0.000000] ACPI: INT_SRC_OVR (bus 0 bus_irq 0 global_irq 2 dfl dfl)
[STDERR  ] 2018-08-18T15:23:30.546409640Z: [    0.000000] ACPI: INT_SRC_OVR (bus 0 bus_irq 5 global_irq 5 high level)
[STDERR  ] 2018-08-18T15:23:30.546433405Z: [    0.000000] ACPI: INT_SRC_OVR (bus 0 bus_irq 9 global_irq 9 high level)
[STDERR  ] 2018-08-18T15:23:30.546457978Z: [    0.000000] ACPI: INT_SRC_OVR (bus 0 bus_irq 10 global_irq 10 high level)
[STDERR  ] 2018-08-18T15:23:30.546487210Z: [    0.000000] ACPI: INT_SRC_OVR (bus 0 bus_irq 11 global_irq 11 high level)
[STDERR  ] 2018-08-18T15:23:30.546505214Z: [    0.000000] Using ACPI (MADT) for SMP configuration information
[STDERR  ] 2018-08-18T15:23:30.546523565Z: [    0.000000] ACPI: HPET id: 0x8086a201 base: 0xfed00000
[STDERR  ] 2018-08-18T15:23:30.546558674Z: [    0.000000] smpboot: Allowing 1 CPUs, 0 hotplug CPUs
[STDERR  ] 2018-08-18T15:23:30.546576263Z: [    0.000000] e820: [mem 0x40000000-0xafffffff] available for PCI devices
[STDERR  ] 2018-08-18T15:23:30.546594868Z: [    0.000000] Booting paravirtualized kernel on bare hardware
[STDERR  ] 2018-08-18T15:23:30.546613746Z: [    0.000000] clocksource: refined-jiffies: mask: 0xffffffff max_cycles: 0xffffffff, max_idle_ns: 19112604462750000 ns
[STDERR  ] 2018-08-18T15:23:30.546666425Z: [    0.000000] setup_percpu: NR_CPUS:128 nr_cpumask_bits:128 nr_cpu_ids:1 nr_node_ids:1
[STDERR  ] 2018-08-18T15:23:30.546693399Z: [    0.000000] percpu: Embedded 36 pages/cpu @ffff96537e400000 s107096 r8192 d32168 u2097152
[STDERR  ] 2018-08-18T15:23:30.546719466Z: [    0.000000] Built 1 zonelists in Zone order, mobility grouping on.  Total pages: 257896
[STDERR  ] 2018-08-18T15:23:30.546737853Z: [    0.000000] Kernel command line: console=ttyS0 console=ttyAMA0
[STDERR  ] 2018-08-18T15:23:30.546756429Z: [    0.000000] PID hash table entries: 4096 (order: 3, 32768 bytes)
[STDERR  ] 2018-08-18T15:23:30.546775467Z: [    0.000000] Dentry cache hash table entries: 131072 (order: 8, 1048576 bytes)
[STDERR  ] 2018-08-18T15:23:30.546794745Z: [    0.000000] Inode-cache hash table entries: 65536 (order: 7, 524288 bytes)
[STDERR  ] 2018-08-18T15:23:30.546813734Z: [    0.000000] Memory: 987828K/1048052K available (8113K kernel code, 1393K rwdata, 2708K rodata, 1404K init, 564K bss, 60224K reserved, 0K cma-reserved)
[STDERR  ] 2018-08-18T15:23:30.546833129Z: [    0.000000] Hierarchical RCU implementation.
[STDERR  ] 2018-08-18T15:23:30.546852186Z: [    0.000000] 	Build-time adjustment of leaf fanout to 64.
[STDERR  ] 2018-08-18T15:23:30.546871886Z: [    0.000000] 	RCU restricting CPUs from NR_CPUS=128 to nr_cpu_ids=1.
[STDERR  ] 2018-08-18T15:23:30.546891948Z: [    0.000000] RCU: Adjusting geometry for rcu_fanout_leaf=64, nr_cpu_ids=1
[STDERR  ] 2018-08-18T15:23:30.546912251Z: [    0.000000] NR_IRQS:8448 nr_irqs:256 16
[STDERR  ] 2018-08-18T15:23:30.546941598Z: [    0.000000] Console: colour VGA+ 80x25
[STDERR  ] 2018-08-18T15:23:30.546958649Z: [    0.000000] console [ttyS0] enabled
[STDERR  ] 2018-08-18T15:23:30.546975728Z: [    0.000000] clocksource: hpet: mask: 0xffffffff max_cycles: 0xffffffff, max_idle_ns: 19112604467 ns
[STDERR  ] 2018-08-18T15:23:30.547005604Z: [    0.000000] tsc: Fast TSC calibration using PIT
[STDERR  ] 2018-08-18T15:23:30.547022826Z: [    0.000000] tsc: Detected 2599.670 MHz processor
[STDERR  ] 2018-08-18T15:23:30.547039760Z: [    0.021111] Calibrating delay loop (skipped), value calculated using timer frequency.. 5199.34 BogoMIPS (lpj=25996700)
[STDERR  ] 2018-08-18T15:23:30.547058738Z: [    0.022023] pid_max: default: 32768 minimum: 301
[STDERR  ] 2018-08-18T15:23:30.547076204Z: [    0.022880] ACPI: Core revision 20160831
[STDERR  ] 2018-08-18T15:23:30.547093157Z: [    0.056650] ACPI: 1 ACPI AML tables successfully acquired and loaded
[STDERR  ] 2018-08-18T15:23:30.547117937Z: [    0.059336] Security Framework initialized
[STDERR  ] 2018-08-18T15:23:30.547138807Z: [    0.059739] Yama: becoming mindful.
[STDERR  ] 2018-08-18T15:23:30.547155802Z: [    0.061401] Mount-cache hash table entries: 2048 (order: 2, 16384 bytes)
[STDERR  ] 2018-08-18T15:23:30.547172598Z: [    0.061864] Mountpoint-cache hash table entries: 2048 (order: 2, 16384 bytes)
[STDERR  ] 2018-08-18T15:23:30.547191043Z: [    0.078246] Last level iTLB entries: 4KB 0, 2MB 0, 4MB 0
[STDERR  ] 2018-08-18T15:23:30.547212635Z: [    0.078660] Last level dTLB entries: 4KB 0, 2MB 0, 4MB 0, 1GB 0
[STDERR  ] 2018-08-18T15:23:30.547228373Z: [    0.079128] Spectre V2 : Spectre mitigation: LFENCE not serializing, switching to generic retpoline
[STDERR  ] 2018-08-18T15:23:30.547244275Z: [    0.080084] Spectre V2 : Mitigation: Full generic retpoline
[STDERR  ] 2018-08-18T15:23:30.547260010Z: [    0.080443] Spectre V2 : Spectre v2 / SpectreRSB mitigation: Filling RSB on context switch
[STDERR  ] 2018-08-18T15:23:30.547275870Z: [    0.080990] Speculative Store Bypass: Vulnerable
[STDERR  ] 2018-08-18T15:23:30.547291354Z: [    0.325270] Freeing SMP alternatives memory: 20K
[STDERR  ] 2018-08-18T15:23:30.547307613Z: [    0.332319] ftrace: allocating 35635 entries in 140 pages
[STDERR  ] 2018-08-18T15:23:30.547325798Z: [    0.477815] smpboot: Max logical packages: 1
[STDERR  ] 2018-08-18T15:23:30.547344834Z: [    0.482823] ..TIMER: vector=0x30 apic1=0 pin1=2 apic2=-1 pin2=-1
[STDERR  ] 2018-08-18T15:23:30.547367541Z: [    0.590000] smpboot: CPU0: AMD QEMU Virtual CPU version 2.5+ (family: 0x6, model: 0x6, stepping: 0x3)
[STDERR  ] 2018-08-18T15:23:30.547386319Z: [    0.590000] Performance Events: PMU not available due to virtualization, using software events only.
[STDERR  ] 2018-08-18T15:23:30.547415808Z: [    0.593938] NMI watchdog: disabled (cpu0): hardware events not enabled
[STDERR  ] 2018-08-18T15:23:30.547433928Z: [    0.594423] NMI watchdog: Shutting down hard lockup detector on all cpus
[STDERR  ] 2018-08-18T15:23:30.547450386Z: [    0.596756] x86: Booted up 1 node, 1 CPUs
[STDERR  ] 2018-08-18T15:23:30.547466832Z: [    0.597078] smpboot: Total of 1 processors activated (5199.34 BogoMIPS)
[STDERR  ] 2018-08-18T15:23:30.547483157Z: [    0.608922] devtmpfs: initialized
[STDERR  ] 2018-08-18T15:23:30.547500288Z: [    0.614477] x86/mm: Memory block size: 128MB
[STDERR  ] 2018-08-18T15:23:30.547516490Z: [    0.651659] clocksource: jiffies: mask: 0xffffffff max_cycles: 0xffffffff, max_idle_ns: 19112604462750000 ns
[STDERR  ] 2018-08-18T15:23:30.547548758Z: [    0.652687] futex hash table entries: 256 (order: 2, 16384 bytes)
[STDERR  ] 2018-08-18T15:23:30.547572902Z: [    0.660548] NET: Registered protocol family 16
[STDERR  ] 2018-08-18T15:23:30.547598339Z: [    0.668038] cpuidle: using governor ladder
[STDERR  ] 2018-08-18T15:23:30.547616642Z: [    0.668534] cpuidle: using governor menu
[STDERR  ] 2018-08-18T15:23:30.547633076Z: [    0.669581] ACPI: bus type PCI registered
[STDERR  ] 2018-08-18T15:23:30.547654607Z: [    0.672071] PCI: MMCONFIG for domain 0000 [bus 00-ff] at [mem 0xb0000000-0xbfffffff] (base 0xb0000000)
[STDERR  ] 2018-08-18T15:23:30.547674493Z: [    0.672752] PCI: MMCONFIG at [mem 0xb0000000-0xbfffffff] reserved in E820
[STDERR  ] 2018-08-18T15:23:30.547692435Z: [    0.673849] PCI: Using configuration type 1 for base access
[STDERR  ] 2018-08-18T15:23:30.547709410Z: [    0.716514] HugeTLB registered 2 MB page size, pre-allocated 0 pages
[STDERR  ] 2018-08-18T15:23:30.547727246Z: [    0.724838] ACPI: Added _OSI(Module Device)
[STDERR  ] 2018-08-18T15:23:30.547744729Z: [    0.725270] ACPI: Added _OSI(Processor Device)
[STDERR  ] 2018-08-18T15:23:30.547763462Z: [    0.725669] ACPI: Added _OSI(3.0 _SCP Extensions)
[STDERR  ] 2018-08-18T15:23:30.547783425Z: [    0.726094] ACPI: Added _OSI(Processor Aggregator Device)
[STDERR  ] 2018-08-18T15:23:30.547801734Z: [    0.776208] ACPI: Interpreter enabled
[STDERR  ] 2018-08-18T15:23:30.547819229Z: [    0.776876] ACPI: (supports S0 S5)
[STDERR  ] 2018-08-18T15:23:30.547836588Z: [    0.777124] ACPI: Using IOAPIC for interrupt routing
[STDERR  ] 2018-08-18T15:23:30.547853803Z: [    0.778630] PCI: Using host bridge windows from ACPI; if necessary, use "pci=nocrs" and report a bug
[STDERR  ] 2018-08-18T15:23:30.547871303Z: [    0.825694] ACPI: PCI Root Bridge [PCI0] (domain 0000 [bus 00-ff])
[STDERR  ] 2018-08-18T15:23:30.547888550Z: [    0.826482] acpi PNP0A08:00: _OSC: OS supports [ExtendedConfig ASPM ClockPM Segments MSI]
[STDERR  ] 2018-08-18T15:23:30.547910998Z: [    0.830948] acpi PNP0A08:00: _OSC: OS now controls [PCIeHotplug PME PCIeCapability]
[STDERR  ] 2018-08-18T15:23:30.547930176Z: [    0.833911] PCI host bridge to bus 0000:00
[STDERR  ] 2018-08-18T15:23:30.547949277Z: [    0.834286] pci_bus 0000:00: root bus resource [io  0x0000-0x0cf7 window]
[STDERR  ] 2018-08-18T15:23:30.547968111Z: [    0.834686] pci_bus 0000:00: root bus resource [io  0x0d00-0xffff window]
[STDERR  ] 2018-08-18T15:23:30.548006953Z: [    0.835084] pci_bus 0000:00: root bus resource [mem 0x000a0000-0x000bffff window]
[STDERR  ] 2018-08-18T15:23:30.548025853Z: [    0.835484] pci_bus 0000:00: root bus resource [mem 0xc0000000-0xfebfffff window]
[STDERR  ] 2018-08-18T15:23:30.548044900Z: [    0.836020] pci_bus 0000:00: root bus resource [bus 00-ff]
[STDERR  ] 2018-08-18T15:23:30.548063898Z: [    0.878799] pci 0000:00:1f.0: quirk: [io  0x0600-0x067f] claimed by ICH6 ACPI/GPIO/TCO
[STDERR  ] 2018-08-18T15:23:30.548081991Z: [    0.903902] ACPI: PCI Interrupt Link [LNKA] (IRQs 5 *10 11)
[STDERR  ] 2018-08-18T15:23:30.548105617Z: [    0.905456] ACPI: PCI Interrupt Link [LNKB] (IRQs 5 *10 11)
[STDERR  ] 2018-08-18T15:23:30.548133069Z: [    0.906792] ACPI: PCI Interrupt Link [LNKC] (IRQs 5 10 *11)
[STDERR  ] 2018-08-18T15:23:30.548152391Z: [    0.908177] ACPI: PCI Interrupt Link [LNKD] (IRQs 5 10 *11)
[STDERR  ] 2018-08-18T15:23:30.548170717Z: [    0.911109] ACPI: PCI Interrupt Link [LNKE] (IRQs 5 *10 11)
[STDERR  ] 2018-08-18T15:23:30.548189133Z: [    0.912413] ACPI: PCI Interrupt Link [LNKF] (IRQs 5 *10 11)
[STDERR  ] 2018-08-18T15:23:30.548207067Z: [    0.913659] ACPI: PCI Interrupt Link [LNKG] (IRQs 5 10 *11)
[STDERR  ] 2018-08-18T15:23:30.548235167Z: [    0.914918] ACPI: PCI Interrupt Link [LNKH] (IRQs 5 10 *11)
[STDERR  ] 2018-08-18T15:23:30.548260851Z: [    0.915756] ACPI: PCI Interrupt Link [GSIA] (IRQs *16)
[STDERR  ] 2018-08-18T15:23:30.548279728Z: [    0.916458] ACPI: PCI Interrupt Link [GSIB] (IRQs *17)
[STDERR  ] 2018-08-18T15:23:30.548298543Z: [    0.916966] ACPI: PCI Interrupt Link [GSIC] (IRQs *18)
[STDERR  ] 2018-08-18T15:23:30.548316446Z: [    0.917484] ACPI: PCI Interrupt Link [GSID] (IRQs *19)
[STDERR  ] 2018-08-18T15:23:30.548334344Z: [    0.917839] ACPI: PCI Interrupt Link [GSIE] (IRQs *20)
[STDERR  ] 2018-08-18T15:23:30.548353325Z: [    0.918194] ACPI: PCI Interrupt Link [GSIF] (IRQs *21)
[STDERR  ] 2018-08-18T15:23:30.548372100Z: [    0.918539] ACPI: PCI Interrupt Link [GSIG] (IRQs *22)
[STDERR  ] 2018-08-18T15:23:30.548402231Z: [    0.918989] ACPI: PCI Interrupt Link [GSIH] (IRQs *23)
[STDERR  ] 2018-08-18T15:23:30.548420916Z: [    0.922279] ACPI: Enabled 2 GPEs in block 00 to 3F
[STDERR  ] 2018-08-18T15:23:30.548440065Z: [    0.925966] SCSI subsystem initialized
[STDERR  ] 2018-08-18T15:23:30.548458206Z: [    0.927585] ACPI: bus type USB registered
[STDERR  ] 2018-08-18T15:23:30.548475985Z: [    0.928609] usbcore: registered new interface driver usbfs
[STDERR  ] 2018-08-18T15:23:30.548495449Z: [    0.929472] usbcore: registered new interface driver hub
[STDERR  ] 2018-08-18T15:23:30.548514832Z: [    0.930428] usbcore: registered new device driver usb
[STDERR  ] 2018-08-18T15:23:30.548552123Z: [    0.931379] pps_core: LinuxPPS API ver. 1 registered
[STDERR  ] 2018-08-18T15:23:30.548571370Z: [    0.931676] pps_core: Software ver. 5.3.6 - Copyright 2005-2007 Rodolfo Giometti <giometti@linux.it>
[STDERR  ] 2018-08-18T15:23:30.548589346Z: [    0.932285] PTP clock support registered
[STDERR  ] 2018-08-18T15:23:30.548606439Z: [    0.933646] PCI: Using ACPI for IRQ routing
[STDERR  ] 2018-08-18T15:23:30.548634891Z: [    0.946527] NetLabel: Initializing
[STDERR  ] 2018-08-18T15:23:30.548652889Z: [    0.946810] NetLabel:  domain hash size = 128
[STDERR  ] 2018-08-18T15:23:30.548671430Z: [    0.947208] NetLabel:  protocols = UNLABELED CIPSOv4
[STDERR  ] 2018-08-18T15:23:30.548690150Z: [    0.948873] NetLabel:  unlabeled traffic allowed by default
[STDERR  ] 2018-08-18T15:23:30.548707456Z: [    0.949698] wmi: Mapper loaded
[STDERR  ] 2018-08-18T15:23:30.548725071Z: [    0.950528] HPET: 3 timers in total, 0 timers will be used for per-cpu timer
[STDERR  ] 2018-08-18T15:23:30.548751141Z: [    0.951185] hpet0: at MMIO 0xfed00000, IRQs 2, 8, 0
[STDERR  ] 2018-08-18T15:23:30.548768789Z: [    0.951607] hpet0: 3 comparators, 64-bit 100.000000 MHz counter
[STDERR  ] 2018-08-18T15:23:30.548786848Z: [    0.958522] clocksource: Switched to clocksource hpet
[STDERR  ] 2018-08-18T15:23:30.548804671Z: [    1.131507] VFS: Disk quotas dquot_6.6.0
[STDERR  ] 2018-08-18T15:23:30.548821582Z: [    1.132099] VFS: Dquot-cache hash table entries: 512 (order 0, 4096 bytes)
[STDERR  ] 2018-08-18T15:23:30.548838954Z: [    1.134288] FS-Cache: Loaded
[STDERR  ] 2018-08-18T15:23:30.548856180Z: [    1.138237] CacheFiles: Loaded
[STDERR  ] 2018-08-18T15:23:30.548892120Z: [    1.139612] pnp: PnP ACPI init
[STDERR  ] 2018-08-18T15:23:30.548909260Z: [    1.148257] pnp: PnP ACPI: found 5 devices
[STDERR  ] 2018-08-18T15:23:30.548926477Z: [    1.187595] clocksource: acpi_pm: mask: 0xffffff max_cycles: 0xffffff, max_idle_ns: 2085701024 ns
[STDERR  ] 2018-08-18T15:23:30.548953940Z: [    1.189941] NET: Registered protocol family 2
[STDERR  ] 2018-08-18T15:23:30.548976682Z: [    1.196171] TCP established hash table entries: 8192 (order: 4, 65536 bytes)
[STDERR  ] 2018-08-18T15:23:30.549005593Z: [    1.196844] TCP bind hash table entries: 8192 (order: 5, 131072 bytes)
[STDERR  ] 2018-08-18T15:23:30.549023483Z: [    1.197403] TCP: Hash tables configured (established 8192 bind 8192)
[STDERR  ] 2018-08-18T15:23:30.549041149Z: [    1.199152] UDP hash table entries: 512 (order: 2, 16384 bytes)
[STDERR  ] 2018-08-18T15:23:30.549060163Z: [    1.199791] UDP-Lite hash table entries: 512 (order: 2, 16384 bytes)
[STDERR  ] 2018-08-18T15:23:30.549077794Z: [    1.202030] NET: Registered protocol family 1
[STDERR  ] 2018-08-18T15:23:30.549095212Z: [    1.202860] pci 0000:00:01.0: Video device with shadowed ROM at [mem 0x000c0000-0x000dffff]
[STDERR  ] 2018-08-18T15:23:30.549113185Z: [    1.208445] Unpacking initramfs...
[STDERR  ] 2018-08-18T15:23:30.549131062Z: [    4.727601] Freeing initrd memory: 26292K
[STDERR  ] 2018-08-18T15:23:30.549148783Z: [    4.746801] PCLMULQDQ-NI instructions are not detected.
[STDERR  ] 2018-08-18T15:23:30.549166245Z: [    4.747868] AVX or AES-NI instructions are not detected.
[STDERR  ] 2018-08-18T15:23:30.549183999Z: [    4.748327] CPU feature 'AVX registers' is not supported.
[STDERR  ] 2018-08-18T15:23:30.549201522Z: [    4.748766] CPU feature 'AVX registers' is not supported.
[STDERR  ] 2018-08-18T15:23:30.549218761Z: [    4.749201] CPU feature 'AVX registers' is not supported.
[STDERR  ] 2018-08-18T15:23:30.549245141Z: [    4.749633] CPU feature 'AVX registers' is not supported.
[STDERR  ] 2018-08-18T15:23:30.549262629Z: [    4.750403] AVX2 or AES-NI instructions are not detected.
[STDERR  ] 2018-08-18T15:23:30.549279878Z: [    4.750764] AVX2 instructions are not detected.
[STDERR  ] 2018-08-18T15:23:30.549297467Z: [    4.755153] audit: initializing netlink subsys (disabled)
[STDERR  ] 2018-08-18T15:23:30.549314908Z: [    4.756447] audit: type=2000 audit(1534605776.750:1): initialized
[STDERR  ] 2018-08-18T15:23:30.549332473Z: [    4.765414] workingset: timestamp_bits=46 max_order=18 bucket_order=0
[STDERR  ] 2018-08-18T15:23:30.549381180Z: [    4.769486] squashfs: version 4.0 (2009/01/31) Phillip Lougher
[STDERR  ] 2018-08-18T15:23:30.549400361Z: [    4.772344] FS-Cache: Netfs 'cifs' registered for caching
[STDERR  ] 2018-08-18T15:23:30.549417878Z: [    4.773073] fuse init (API version 7.26)
[STDERR  ] 2018-08-18T15:23:30.549435567Z: [    4.775051] SGI XFS with ACLs, security attributes, no debug enabled
[STDERR  ] 2018-08-18T15:23:30.549452646Z: [    4.778111] 9p: Installing v9fs 9p2000 file system support
[STDERR  ] 2018-08-18T15:23:30.549470284Z: [    4.778566] FS-Cache: Netfs '9p' registered for caching
[STDERR  ] 2018-08-18T15:23:30.549487853Z: [    4.804308] NET: Registered protocol family 38
[STDERR  ] 2018-08-18T15:23:30.549505435Z: [    4.804882] Key type asymmetric registered
[STDERR  ] 2018-08-18T15:23:30.549526924Z: [    4.805171] Asymmetric key parser 'x509' registered
[STDERR  ] 2018-08-18T15:23:30.549550899Z: [    4.805902] Block layer SCSI generic (bsg) driver version 0.4 loaded (major 251)
[STDERR  ] 2018-08-18T15:23:30.549577943Z: [    4.807016] io scheduler noop registered
[STDERR  ] 2018-08-18T15:23:30.549595455Z: [    4.807363] io scheduler deadline registered (default)
[STDERR  ] 2018-08-18T15:23:30.549613020Z: [    4.808008] io scheduler cfq registered
[STDERR  ] 2018-08-18T15:23:30.549645280Z: [    4.811160] pci_hotplug: PCI Hot Plug PCI Core version: 0.5
[STDERR  ] 2018-08-18T15:23:30.549662742Z: [    4.811655] pciehp: PCI Express Hot Plug Controller Driver version: 0.4
[STDERR  ] 2018-08-18T15:23:30.549680145Z: [    4.812312] shpchp: Standard Hot Plug PCI Controller Driver version: 0.4
[STDERR  ] 2018-08-18T15:23:30.549697881Z: [    4.812956] hv_vmbus: registering driver hyperv_fb
[STDERR  ] 2018-08-18T15:23:30.549722859Z: [    4.815625] input: Power Button as /devices/LNXSYSTM:00/LNXPWRBN:00/input/input0
[STDERR  ] 2018-08-18T15:23:30.549744434Z: [    4.816494] ACPI: Power Button [PWRF]
[STDERR  ] 2018-08-18T15:23:30.549761779Z: [    4.821657] GHES: HEST is not enabled!
[STDERR  ] 2018-08-18T15:23:30.549778985Z: [    4.828616] ACPI: PCI Interrupt Link [GSIG] enabled at IRQ 22
[STDERR  ] 2018-08-18T15:23:30.549796606Z: [    4.837716] ACPI: PCI Interrupt Link [GSIH] enabled at IRQ 23
[STDERR  ] 2018-08-18T15:23:30.549813742Z: [    4.841265] xenfs: not registering filesystem on non-xen platform
[STDERR  ] 2018-08-18T15:23:30.549830947Z: [    4.843009] Serial: 8250/16550 driver, 4 ports, IRQ sharing disabled
[STDERR  ] 2018-08-18T15:23:30.549848286Z: [    4.867658] 00:04: ttyS0 at I/O 0x3f8 (irq = 4, base_baud = 115200) is a 16550A
[STDERR  ] 2018-08-18T15:23:30.549865697Z: [    4.877324] Non-volatile memory driver v1.3
[STDERR  ] 2018-08-18T15:23:30.549883219Z: [    4.882614] Hangcheck: starting hangcheck timer 0.9.1 (tick is 180 seconds, margin is 60 seconds).
[STDERR  ] 2018-08-18T15:23:30.549902278Z: [    4.886749] random: fast init done
[STDERR  ] 2018-08-18T15:23:30.549919696Z: [    4.887779] random: crng init done
[STDERR  ] 2018-08-18T15:23:30.549946630Z: [    4.916677] loop: module loaded
[STDERR  ] 2018-08-18T15:23:30.549964084Z: [    4.927520] nbd: registered device at major 43
[STDERR  ] 2018-08-18T15:23:30.549981721Z: [    4.961592] lpc_ich 0000:00:1f.0: I/O space for GPIO uninitialized
[STDERR  ] 2018-08-18T15:23:30.550011169Z: [    4.963072] VMware PVSCSI driver - version 1.0.7.0-k
[STDERR  ] 2018-08-18T15:23:30.550029023Z: [    4.963637] hv_vmbus: registering driver hv_storvsc
[STDERR  ] 2018-08-18T15:23:30.550047191Z: [    4.970502] ACPI: PCI Interrupt Link [GSIA] enabled at IRQ 16
[STDERR  ] 2018-08-18T15:23:30.550065025Z: [    4.975595] ahci 0000:00:1f.2: AHCI 0001.0000 32 slots 6 ports 1.5 Gbps 0x3f impl SATA mode
[STDERR  ] 2018-08-18T15:23:30.550083144Z: [    4.976171] ahci 0000:00:1f.2: flags: 64bit ncq only 
[STDERR  ] 2018-08-18T15:23:30.550100767Z: [    4.993549] scsi host0: ahci
[STDERR  ] 2018-08-18T15:23:30.550118440Z: [    4.996539] scsi host1: ahci
[STDERR  ] 2018-08-18T15:23:30.550136534Z: [    4.998685] scsi host2: ahci
[STDERR  ] 2018-08-18T15:23:30.550153980Z: [    5.000781] scsi host3: ahci
[STDERR  ] 2018-08-18T15:23:30.550171444Z: [    5.002603] scsi host4: ahci
[STDERR  ] 2018-08-18T15:23:30.550188981Z: [    5.004409] scsi host5: ahci
[STDERR  ] 2018-08-18T15:23:30.550206290Z: [    5.005863] ata1: SATA max UDMA/133 abar m4096@0xfebd2000 port 0xfebd2100 irq 24
[STDERR  ] 2018-08-18T15:23:30.550223975Z: [    5.006324] ata2: SATA max UDMA/133 abar m4096@0xfebd2000 port 0xfebd2180 irq 24
[STDERR  ] 2018-08-18T15:23:30.550241673Z: [    5.007004] ata3: SATA max UDMA/133 abar m4096@0xfebd2000 port 0xfebd2200 irq 24
[STDERR  ] 2018-08-18T15:23:30.550263641Z: [    5.007653] ata4: SATA max UDMA/133 abar m4096@0xfebd2000 port 0xfebd2280 irq 24
[STDERR  ] 2018-08-18T15:23:30.550281468Z: [    5.008379] ata5: SATA max UDMA/133 abar m4096@0xfebd2000 port 0xfebd2300 irq 24
[STDERR  ] 2018-08-18T15:23:30.550312156Z: [    5.009035] ata6: SATA max UDMA/133 abar m4096@0xfebd2000 port 0xfebd2380 irq 24
[STDERR  ] 2018-08-18T15:23:30.550338056Z: [    5.019898] tun: Universal TUN/TAP device driver, 1.6
[STDERR  ] 2018-08-18T15:23:30.550355799Z: [    5.020491] tun: (C) 1999-2004 Max Krasnyansky <maxk@qualcomm.com>
[STDERR  ] 2018-08-18T15:23:30.550373246Z: [    5.029592] VMware vmxnet3 virtual NIC driver - version 1.4.a.0-k-NAPI
[STDERR  ] 2018-08-18T15:23:30.550390619Z: [    5.030987] hv_vmbus: registering driver hv_netvsc
[STDERR  ] 2018-08-18T15:23:30.550407799Z: [    5.031295] Fusion MPT base driver 3.04.20
[STDERR  ] 2018-08-18T15:23:30.550425271Z: [    5.031541] Copyright (c) 1999-2008 LSI Corporation
[STDERR  ] 2018-08-18T15:23:30.550442641Z: [    5.032021] Fusion MPT SPI Host driver 3.04.20
[STDERR  ] 2018-08-18T15:23:30.550460204Z: [    5.033551] i8042: PNP: PS/2 Controller [PNP0303:KBD,PNP0f13:MOU] at 0x60,0x64 irq 1,12
[STDERR  ] 2018-08-18T15:23:30.550486443Z: [    5.036911] serio: i8042 KBD port at 0x60,0x64 irq 1
[STDERR  ] 2018-08-18T15:23:30.550507849Z: [    5.037421] serio: i8042 AUX port at 0x60,0x64 irq 12
[STDERR  ] 2018-08-18T15:23:30.550532430Z: [    5.039863] hv_vmbus: registering driver hyperv_keyboard
[STDERR  ] 2018-08-18T15:23:30.550556634Z: [    5.042092] mousedev: PS/2 mouse device common for all mice
[STDERR  ] 2018-08-18T15:23:30.550573823Z: [    5.046006] input: AT Translated Set 2 keyboard as /devices/platform/i8042/serio0/input/input1
[STDERR  ] 2018-08-18T15:23:30.550591489Z: [    5.048482] input: PC Speaker as /devices/platform/pcspkr/input/input2
[STDERR  ] 2018-08-18T15:23:30.550609467Z: [    5.052046] rtc_cmos 00:00: RTC can wake from S4
[STDERR  ] 2018-08-18T15:23:30.550627197Z: [    5.054695] rtc_cmos 00:00: rtc core: registered rtc_cmos as rtc0
[STDERR  ] 2018-08-18T15:23:30.550644720Z: [    5.055718] rtc_cmos 00:00: alarms up to one day, y3k, 114 bytes nvram, hpet irqs
[STDERR  ] 2018-08-18T15:23:30.550661903Z: [    5.056312] i2c /dev entries driver
[STDERR  ] 2018-08-18T15:23:30.550679030Z: [    5.057833] device-mapper: ioctl: 4.35.0-ioctl (2016-06-23) initialised: dm-devel@redhat.com
[STDERR  ] 2018-08-18T15:23:30.550696787Z: [    5.062002] usbcore: registered new interface driver usbhid
[STDERR  ] 2018-08-18T15:23:30.550714096Z: [    5.062346] usbhid: USB HID core driver
[STDERR  ] 2018-08-18T15:23:30.550731600Z: [    5.062857] hv_utils: Registering HyperV Utility Driver
[STDERR  ] 2018-08-18T15:23:30.550749270Z: [    5.063157] hv_vmbus: registering driver hv_util
[STDERR  ] 2018-08-18T15:23:30.550776279Z: [    5.063433] hv_vmbus: registering driver hv_balloon
[STDERR  ] 2018-08-18T15:23:30.550793615Z: [    5.063863] oprofile: using NMI interrupt.
[STDERR  ] 2018-08-18T15:23:30.550810746Z: [    5.064757] GACT probability on
[STDERR  ] 2018-08-18T15:23:30.550828619Z: [    5.065118] Mirror/redirect action on
[STDERR  ] 2018-08-18T15:23:30.550845945Z: [    5.065763] Simple TC action Loaded
[STDERR  ] 2018-08-18T15:23:30.550863453Z: [    5.066179] u32 classifier
[STDERR  ] 2018-08-18T15:23:30.550880892Z: [    5.066346]     Performance counters on
[STDERR  ] 2018-08-18T15:23:30.550898840Z: [    5.066683]     input device check on
[STDERR  ] 2018-08-18T15:23:30.550926897Z: [    5.067003]     Actions configured
[STDERR  ] 2018-08-18T15:23:30.550944236Z: [    5.067550] Netfilter messages via NETLINK v0.30.
[STDERR  ] 2018-08-18T15:23:30.550961688Z: [    5.068138] nfnl_acct: registering with nfnetlink.
[STDERR  ] 2018-08-18T15:23:30.550979309Z: [    5.069353] nf_conntrack version 0.5.0 (8192 buckets, 32768 max)
[STDERR  ] 2018-08-18T15:23:30.551008226Z: [    5.072443] ctnetlink v0.93: registering with nfnetlink.
[STDERR  ] 2018-08-18T15:23:30.551025732Z: [    5.074949] nf_tables: (c) 2007-2009 Patrick McHardy <kaber@trash.net>
[STDERR  ] 2018-08-18T15:23:30.551051741Z: [    5.075622] nf_tables_compat: (c) 2012 Pablo Neira Ayuso <pablo@netfilter.org>
[STDERR  ] 2018-08-18T15:23:30.551069029Z: [    5.077515] xt_time: kernel timezone is -0000
[STDERR  ] 2018-08-18T15:23:30.551090062Z: [    5.077948] ip_set: protocol 6
[STDERR  ] 2018-08-18T15:23:30.551107565Z: [    5.078437] IPVS: Registered protocols (TCP, UDP, SCTP, AH, ESP)
[STDERR  ] 2018-08-18T15:23:30.551125267Z: [    5.079144] IPVS: Connection hash table configured (size=4096, memory=64Kbytes)
[STDERR  ] 2018-08-18T15:23:30.551142739Z: [    5.081119] IPVS: Creating netns size=2104 id=0
[STDERR  ] 2018-08-18T15:23:30.551160045Z: [    5.083289] IPVS: ipvs loaded.
[STDERR  ] 2018-08-18T15:23:30.551177256Z: [    5.083585] IPVS: [rr] scheduler registered.
[STDERR  ] 2018-08-18T15:23:30.551194729Z: [    5.083877] IPVS: [wrr] scheduler registered.
[STDERR  ] 2018-08-18T15:23:30.551211967Z: [    5.084127] IPVS: [lc] scheduler registered.
[STDERR  ] 2018-08-18T15:23:30.551229509Z: [    5.084384] IPVS: [wlc] scheduler registered.
[STDERR  ] 2018-08-18T15:23:30.551246883Z: [    5.084644] IPVS: [fo] scheduler registered.
[STDERR  ] 2018-08-18T15:23:30.551272886Z: [    5.084901] IPVS: [ovf] scheduler registered.
[STDERR  ] 2018-08-18T15:23:30.551293961Z: [    5.085267] IPVS: [lblc] scheduler registered.
[STDERR  ] 2018-08-18T15:23:30.551310899Z: [    5.085623] IPVS: [lblcr] scheduler registered.
[STDERR  ] 2018-08-18T15:23:30.551328179Z: [    5.085904] IPVS: [dh] scheduler registered.
[STDERR  ] 2018-08-18T15:23:30.551345567Z: [    5.086156] IPVS: [sh] scheduler registered.
[STDERR  ] 2018-08-18T15:23:30.551362922Z: [    5.086449] IPVS: [sed] scheduler registered.
[STDERR  ] 2018-08-18T15:23:30.551380673Z: [    5.086876] IPVS: [nq] scheduler registered.
[STDERR  ] 2018-08-18T15:23:30.551398139Z: [    5.087600] IPVS: ftp: loaded support on port[0] = 21
[STDERR  ] 2018-08-18T15:23:30.551415295Z: [    5.088391] ipip: IPv4 and MPLS over IPv4 tunneling driver
[STDERR  ] 2018-08-18T15:23:30.551440178Z: [    5.092562] gre: GRE over IPv4 demultiplexor driver
[STDERR  ] 2018-08-18T15:23:30.551457386Z: [    5.094812] ip_tables: (C) 2000-2006 Netfilter Core Team
[STDERR  ] 2018-08-18T15:23:30.551475060Z: [    5.097394] ipt_CLUSTERIP: ClusterIP Version 0.8 loaded successfully
[STDERR  ] 2018-08-18T15:23:30.551492790Z: [    5.098026] arp_tables: arp_tables: (C) 2002 David S. Miller
[STDERR  ] 2018-08-18T15:23:30.551510343Z: [    5.099890] NET: Registered protocol family 10
[STDERR  ] 2018-08-18T15:23:30.551535349Z: [    5.107952] ip6_tables: (C) 2000-2006 Netfilter Core Team
[STDERR  ] 2018-08-18T15:23:30.551559554Z: [    5.115273] NET: Registered protocol family 17
[STDERR  ] 2018-08-18T15:23:30.551576875Z: [    5.116118] Bridge firewalling registered
[STDERR  ] 2018-08-18T15:23:30.551594111Z: [    5.116536] Ebtables v2.0 registered
[STDERR  ] 2018-08-18T15:23:30.551616137Z: [    5.118059] 8021q: 802.1Q VLAN Support v1.8
[STDERR  ] 2018-08-18T15:23:30.551633595Z: [    5.119216] 9pnet: Installing 9P2000 support
[STDERR  ] 2018-08-18T15:23:30.551651001Z: [    5.121033] Key type dns_resolver registered
[STDERR  ] 2018-08-18T15:23:30.551676734Z: [    5.124456] registered taskstats version 1
[STDERR  ] 2018-08-18T15:23:30.551694360Z: [    5.284939] Key type big_key registered
[STDERR  ] 2018-08-18T15:23:30.551712424Z: [    5.344676] ata3: SATA link up 1.5 Gbps (SStatus 113 SControl 300)
[STDERR  ] 2018-08-18T15:23:30.551746195Z: [    5.347395] ata2: SATA link down (SStatus 0 SControl 300)
[STDERR  ] 2018-08-18T15:23:30.551763787Z: [    5.348731] ata1: SATA link down (SStatus 0 SControl 300)
[STDERR  ] 2018-08-18T15:23:30.551781444Z: [    5.351494] ata3.00: ATAPI: QEMU DVD-ROM, 2.5+, max UDMA/100
[STDERR  ] 2018-08-18T15:23:30.551799075Z: [    5.352005] ata3.00: applying bridge limits
[STDERR  ] 2018-08-18T15:23:30.551816578Z: [    5.354635] ata5: SATA link down (SStatus 0 SControl 300)
[STDERR  ] 2018-08-18T15:23:30.551834165Z: [    5.355088] ata4: SATA link down (SStatus 0 SControl 300)
[STDERR  ] 2018-08-18T15:23:30.551851601Z: [    5.357686] ata3.00: configured for UDMA/100
[STDERR  ] 2018-08-18T15:23:30.551869226Z: [    5.368010] ata6: SATA link down (SStatus 0 SControl 300)
[STDERR  ] 2018-08-18T15:23:30.551886393Z: [    5.369549] scsi 2:0:0:0: CD-ROM            QEMU     QEMU DVD-ROM     2.5+ PQ: 0 ANSI: 5
[STDERR  ] 2018-08-18T15:23:30.551907789Z: [    5.393031] sr 2:0:0:0: [sr0] scsi3-mmc drive: 4x/4x cd/rw xa/form2 tray
[STDERR  ] 2018-08-18T15:23:30.551925476Z: [    5.393578] cdrom: Uniform CD-ROM driver Revision: 3.20
[STDERR  ] 2018-08-18T15:23:30.551943246Z: [    5.404289] sr 2:0:0:0: Attached scsi generic sg0 type 5
[STDERR  ] 2018-08-18T15:23:30.551967969Z: [    5.441974] Key type encrypted registered
[STDERR  ] 2018-08-18T15:23:30.551985518Z: [    5.445319] rtc_cmos 00:00: setting system clock to 2018-08-18 15:22:58 UTC (1534605778)
[STDERR  ] 2018-08-18T15:23:30.552013268Z: [    5.569465] Freeing unused kernel memory: 1404K
[STDERR  ] 2018-08-18T15:23:30.552030865Z: [    5.569934] Write protecting the kernel read-only data: 12288k
[STDERR  ] 2018-08-18T15:23:30.552049359Z: [    5.573801] Freeing unused kernel memory: 64K
[STDERR  ] 2018-08-18T15:23:30.552066987Z: [    5.626921] Freeing unused kernel memory: 1388K
[STDERR  ] 2018-08-18T15:23:30.552084192Z: [    5.760750] tsc: Refined TSC clocksource calibration: 2599.677 MHz
[STDERR  ] 2018-08-18T15:23:30.552106016Z: [    5.761245] clocksource: tsc: mask: 0xffffffffffffffff max_cycles: 0x25790b0b2ad, max_idle_ns: 440795267117 ns
[STDERR  ] 2018-08-18T15:23:30.552124169Z: [    6.776231] clocksource: Switched to clocksource tsc
[STDERR  ] 2018-08-18T15:23:30.552142103Z: 
[STDERR  ] 2018-08-18T15:23:30.552159839Z: Welcome to LinuxKit
[STDERR  ] 2018-08-18T15:23:30.552177608Z: 
[STDERR  ] 2018-08-18T15:23:30.552194951Z:                         ##         .
[STDERR  ] 2018-08-18T15:23:30.552220177Z:                   ## ## ##        ==
[STDERR  ] 2018-08-18T15:23:30.552237199Z:                ## ## ## ## ##    ===
[STDERR  ] 2018-08-18T15:23:30.552254340Z:            /"""""""""""""""""\___/ ===
[STDERR  ] 2018-08-18T15:23:30.552272308Z:           {                       /  ===-
[STDERR  ] 2018-08-18T15:23:30.552289558Z:            \______ O           __/
[STDERR  ] 2018-08-18T15:23:30.552306864Z:              \    \         __/
[STDERR  ] 2018-08-18T15:23:30.552324918Z:               \____\_______/
[STDERR  ] 2018-08-18T15:23:30.552342328Z: 
[STDERR  ] 2018-08-18T15:23:30.552359691Z: [   18.542180] RPC: Registered named UNIX socket transport module.
[STDERR  ] 2018-08-18T15:23:30.552377278Z: [   18.542653] RPC: Registered udp transport module.
[STDERR  ] 2018-08-18T15:23:30.552394925Z: [   18.542927] RPC: Registered tcp transport module.
[STDERR  ] 2018-08-18T15:23:30.552412140Z: [   18.543190] RPC: Registered tcp NFSv4.1 backchannel transport module.
[STDERR  ] 2018-08-18T15:23:30.552429605Z: [   18.629149] FS-Cache: Netfs 'nfs' registered for caching
[STDERR  ] 2018-08-18T15:23:30.552454347Z: [   18.721145] Installing knfsd (copyright (C) 1996 okir@monad.swb.de).
[STDERR  ] 2018-08-18T15:23:30.552471495Z: [   18.769060] ntfs: driver 2.1.32 [Flags: R/O MODULE].
[STDERR  ] 2018-08-18T15:23:30.552488865Z: starting kernel config sanity test with /proc/config.gz
[STDERR  ] 2018-08-18T15:23:30.552507340Z: kernel config test succeeded!
[STDERR  ] 2018-08-18T15:23:30.552524957Z: [37minfo: reading kernel config from /proc/config.gz ...[m
[STDERR  ] 2018-08-18T15:23:30.552549416Z: 
[STDERR  ] 2018-08-18T15:23:30.552566997Z: Generally Necessary:
[STDERR  ] 2018-08-18T15:23:30.552584277Z: - [37mcgroup hierarchy[m: [32mproperly mounted[m [/sys/fs/cgroup]
[STDERR  ] 2018-08-18T15:23:30.552601799Z: - [37mCONFIG_NAMESPACES[m: [32menabled[m
[STDERR  ] 2018-08-18T15:23:30.552619184Z: - [37mCONFIG_NET_NS[m: [32menabled[m
[STDERR  ] 2018-08-18T15:23:30.552644399Z: - [37mCONFIG_PID_NS[m: [32menabled[m
[STDERR  ] 2018-08-18T15:23:30.552661867Z: - [37mCONFIG_IPC_NS[m: [32menabled[m
[STDERR  ] 2018-08-18T15:23:30.552679150Z: - [37mCONFIG_UTS_NS[m: [32menabled[m
[STDERR  ] 2018-08-18T15:23:30.552696613Z: - [37mCONFIG_CGROUPS[m: [32menabled[m
[STDERR  ] 2018-08-18T15:23:30.552714298Z: - [37mCONFIG_CGROUP_CPUACCT[m: [32menabled[m
[STDERR  ] 2018-08-18T15:23:30.552731803Z: - [37mCONFIG_CGROUP_DEVICE[m: [32menabled[m
[STDERR  ] 2018-08-18T15:23:30.552754549Z: - [37mCONFIG_CGROUP_FREEZER[m: [32menabled[m
[STDERR  ] 2018-08-18T15:23:30.552772197Z: - [37mCONFIG_CGROUP_SCHED[m: [32menabled[m
[STDERR  ] 2018-08-18T15:23:30.552789630Z: - [37mCONFIG_CPUSETS[m: [32menabled[m
[STDERR  ] 2018-08-18T15:23:30.552807097Z: - [37mCONFIG_MEMCG[m: [32menabled[m
[STDERR  ] 2018-08-18T15:23:30.552824725Z: - [37mCONFIG_KEYS[m: [32menabled[m
[STDERR  ] 2018-08-18T15:23:30.552842029Z: - [37mCONFIG_VETH[m: [32menabled[m
[STDERR  ] 2018-08-18T15:23:30.552859438Z: - [37mCONFIG_BRIDGE[m: [32menabled[m
[STDERR  ] 2018-08-18T15:23:30.552876744Z: - [37mCONFIG_BRIDGE_NETFILTER[m: [32menabled[m
[STDERR  ] 2018-08-18T15:23:30.552902547Z: - [37mCONFIG_NF_NAT_IPV4[m: [32menabled[m
[STDERR  ] 2018-08-18T15:23:30.552919889Z: - [37mCONFIG_IP_NF_FILTER[m: [32menabled[m
[STDERR  ] 2018-08-18T15:23:30.552937224Z: - [37mCONFIG_IP_NF_TARGET_MASQUERADE[m: [32menabled[m
[STDERR  ] 2018-08-18T15:23:30.552954680Z: - [37mCONFIG_NETFILTER_XT_MATCH_ADDRTYPE[m: [32menabled[m
[STDERR  ] 2018-08-18T15:23:30.552976285Z: - [37mCONFIG_NETFILTER_XT_MATCH_CONNTRACK[m: [32menabled[m
[STDERR  ] 2018-08-18T15:23:30.553002146Z: - [37mCONFIG_NETFILTER_XT_MATCH_IPVS[m: [32menabled[m
[STDERR  ] 2018-08-18T15:23:30.553020203Z: - [37mCONFIG_IP_NF_NAT[m: [32menabled[m
[STDERR  ] 2018-08-18T15:23:30.553037545Z: - [37mCONFIG_NF_NAT[m: [32menabled[m
[STDERR  ] 2018-08-18T15:23:30.553056173Z: - [37mCONFIG_NF_NAT_NEEDED[m: [32menabled[m
[STDERR  ] 2018-08-18T15:23:30.553073533Z: - [37mCONFIG_POSIX_MQUEUE[m: [32menabled[m
[STDERR  ] 2018-08-18T15:23:30.553090373Z: 
[STDERR  ] 2018-08-18T15:23:30.553116037Z: Optional Features:
[STDERR  ] 2018-08-18T15:23:30.553133840Z: - [37mCONFIG_USER_NS[m: [32menabled[m
[STDERR  ] 2018-08-18T15:23:30.553159263Z: - [37mCONFIG_SECCOMP[m: [32menabled[m
[STDERR  ] 2018-08-18T15:23:30.553176565Z: - [37mCONFIG_CGROUP_PIDS[m: [32menabled[m
[STDERR  ] 2018-08-18T15:23:30.553199030Z: - [37mCONFIG_MEMCG_SWAP[m: [32menabled[m
[STDERR  ] 2018-08-18T15:23:30.553215752Z: - [37mCONFIG_MEMCG_SWAP_ENABLED[m: [32menabled[m
[STDERR  ] 2018-08-18T15:23:30.553232389Z:     [1;30m(cgroup swap accounting is currently enabled)[m
[STDERR  ] 2018-08-18T15:23:30.553257017Z: - [1mCONFIG_LEGACY_VSYSCALL_NONE[m: [1;31menabled[m
[STDERR  ] 2018-08-18T15:23:30.553274602Z:     [1;30m(containers using eglibc <= 2.13 will not work. Switch to[m
[STDERR  ] 2018-08-18T15:23:30.553292593Z:     [1;30m "CONFIG_VSYSCALL_[NATIVE|EMULATE]" or use "vsyscall=[native|emulate]"[m
[STDERR  ] 2018-08-18T15:23:30.553309863Z:     [1;30m on kernel command line. Note that this will disable ASLR for the,[m
[STDERR  ] 2018-08-18T15:23:30.553327739Z:     [1;30m VDSO which may assist in exploiting security vulnerabilities.)[m
[STDERR  ] 2018-08-18T15:23:30.553345161Z: - [37mCONFIG_BLK_CGROUP[m: [32menabled[m
[STDERR  ] 2018-08-18T15:23:30.553865742Z: - [37mCONFIG_BLK_DEV_THROTTLING[m: [32menabled[m
[STDERR  ] 2018-08-18T15:23:30.553910393Z: - [37mCONFIG_IOSCHED_CFQ[m: [32menabled[m
[STDERR  ] 2018-08-18T15:23:30.553977578Z: - [37mCONFIG_CFQ_GROUP_IOSCHED[m: [32menabled[m
[STDERR  ] 2018-08-18T15:23:30.554031915Z: - [37mCONFIG_CGROUP_PERF[m: [32menabled[m
[STDERR  ] 2018-08-18T15:23:30.554091208Z: - [37mCONFIG_CGROUP_HUGETLB[m: [32menabled[m
[STDERR  ] 2018-08-18T15:23:30.554149807Z: - [37mCONFIG_NET_CLS_CGROUP[m: [32menabled[m
[STDERR  ] 2018-08-18T15:23:30.554191869Z: - [37mCONFIG_CGROUP_NET_PRIO[m: [32menabled[m
[STDERR  ] 2018-08-18T15:23:30.554250692Z: - [37mCONFIG_CFS_BANDWIDTH[m: [32menabled[m
[STDERR  ] 2018-08-18T15:23:30.554292917Z: - [37mCONFIG_FAIR_GROUP_SCHED[m: [32menabled[m
[STDERR  ] 2018-08-18T15:23:30.554350047Z: - [37mCONFIG_RT_GROUP_SCHED[m: [32menabled[m
[STDERR  ] 2018-08-18T15:23:30.554395400Z: - [37mCONFIG_IP_VS[m: [32menabled[m
[STDERR  ] 2018-08-18T15:23:30.554458623Z: - [37mCONFIG_IP_VS_NFCT[m: [32menabled[m
[STDERR  ] 2018-08-18T15:23:30.554510210Z: - [37mCONFIG_IP_VS_RR[m: [32menabled[m
[STDERR  ] 2018-08-18T15:23:30.554578160Z: - [37mCONFIG_EXT4_FS[m: [32menabled[m
[STDERR  ] 2018-08-18T15:23:30.554637295Z: - [37mCONFIG_EXT4_FS_POSIX_ACL[m: [32menabled[m
[STDERR  ] 2018-08-18T15:23:30.554680043Z: - [37mCONFIG_EXT4_FS_SECURITY[m: [32menabled[m
[STDERR  ] 2018-08-18T15:23:30.554788263Z: - Network Drivers:
[STDERR  ] 2018-08-18T15:23:30.554808515Z:   - "[34moverlay[m":
[STDERR  ] 2018-08-18T15:23:30.554828686Z:     - [37mCONFIG_VXLAN[m: [32menabled[m
[STDERR  ] 2018-08-18T15:23:30.554848796Z:       Optional (for encrypted networks):
[STDERR  ] 2018-08-18T15:23:30.554877523Z:       - [37mCONFIG_CRYPTO[m: [32menabled[m
[STDERR  ] 2018-08-18T15:23:30.554898077Z:       - [37mCONFIG_CRYPTO_AEAD[m: [32menabled[m
[PASS    ] linuxkit.kernel.config_4.9.x 56.29s
[STDERR  ] 2018-08-18T15:23:30.554920935Z:       - [37mCONFIG_CRYPTO_GCM[m: [32menabled[m
[STDERR  ] 2018-08-18T15:23:30.554944530Z:       - [37mCONFIG_CRYPTO_SEQIV[m: [32menabled[m
