[INFO    ] 2018-03-06T08:00:57.376542364Z: Running Test linuxkit.packages.containerd in /tmp/build/test/cases/040_packages/003_containerd
[INFO    ] 2018-03-06T08:00:57.376685307Z: Running command: [/bin/sh -x /tmp/build/test/cases/040_packages/003_containerd/test.sh]
[STDERR  ] 2018-03-06T08:00:57.439255657Z: + set -e
[STDERR  ] 2018-03-06T08:00:57.439353917Z: + . /tmp/build/test/cases/_lib/lib.sh
[STDERR  ] 2018-03-06T08:00:57.439374258Z: + [ -f src/github.com/linuxkit/rtf/lib/lib.sh ]
[STDERR  ] 2018-03-06T08:00:57.439394426Z: + LINUXKIT_TMPDIR=/tmp/build/test/cases/_tmp
[STDERR  ] 2018-03-06T08:00:57.439408587Z: + [ -f /tmp/build/test/cases/_tmp/env.sh ]
[STDERR  ] 2018-03-06T08:00:57.439422563Z: + . /tmp/build/test/cases/_tmp/env.sh
[STDERR  ] 2018-03-06T08:00:57.439452933Z: + export LINUXKIT_EXAMPLES_DIR=/tmp/build/test/cases/../../examples
[STDERR  ] 2018-03-06T08:00:57.439470770Z: + RT_CANCEL=253
[STDERR  ] 2018-03-06T08:00:57.439503928Z: + NAME=containerd
[STDERR  ] 2018-03-06T08:00:57.439519807Z: + trap clean_up EXIT
[STDERR  ] 2018-03-06T08:00:57.439532978Z: + linuxkit build -format kernel+initrd -name containerd test.yml
[STDERR  ] 2018-03-06T08:00:57.477284340Z: Extract kernel image: linuxkit/kernel:4.14.23
[STDERR  ] 2018-03-06T08:00:58.640274759Z: time="2018-03-06T08:00:58Z" level=warning msg="certificate with CN Justin Cormack is near expiry"
[STDERR  ] 2018-03-06T08:00:58.640341651Z: time="2018-03-06T08:00:58Z" level=warning msg="certificate with CN  is near expiry"
[STDERR  ] 2018-03-06T08:00:58.640448829Z: time="2018-03-06T08:00:58Z" level=warning msg="certificate with CN  is near expiry"
[STDERR  ] 2018-03-06T08:00:58.640487642Z: time="2018-03-06T08:00:58Z" level=warning msg="certificate with CN avi@atomicinc.com is near expiry"
[STDERR  ] 2018-03-06T08:00:58.640562436Z: time="2018-03-06T08:00:58Z" level=warning msg="certificate with CN Ian Campbell is near expiry"
[STDERR  ] 2018-03-06T08:00:58.691323047Z: time="2018-03-06T08:00:58Z" level=warning msg="certificate with CN Justin Cormack is near expiry"
[STDERR  ] 2018-03-06T08:00:59.045318175Z: Add init containers:
[STDERR  ] 2018-03-06T08:00:59.045390610Z: Process init image: linuxkit/init:b212cfeb4bb6330e0a7547d8010fe2e8489b677a
[STDERR  ] 2018-03-06T08:01:00.102878687Z: time="2018-03-06T08:01:00Z" level=warning msg="certificate with CN  is near expiry"
[STDERR  ] 2018-03-06T08:01:00.102937430Z: time="2018-03-06T08:01:00Z" level=warning msg="certificate with CN avi@atomicinc.com is near expiry"
[STDERR  ] 2018-03-06T08:01:00.103059774Z: time="2018-03-06T08:01:00Z" level=warning msg="certificate with CN Ian Campbell is near expiry"
[STDERR  ] 2018-03-06T08:01:00.103104156Z: time="2018-03-06T08:01:00Z" level=warning msg="certificate with CN Justin Cormack is near expiry"
[STDERR  ] 2018-03-06T08:01:00.103217785Z: time="2018-03-06T08:01:00Z" level=warning msg="certificate with CN  is near expiry"
[STDERR  ] 2018-03-06T08:01:00.107404594Z: time="2018-03-06T08:01:00Z" level=warning msg="certificate with CN Justin Cormack is near expiry"
[STDERR  ] 2018-03-06T08:01:00.108926411Z: time="2018-03-06T08:01:00Z" level=warning msg="certificate with CN Ian Campbell is near expiry"
[STDERR  ] 2018-03-06T08:01:00.108955735Z: time="2018-03-06T08:01:00Z" level=warning msg="certificate with CN  is near expiry"
[STDERR  ] 2018-03-06T08:01:00.110538588Z: time="2018-03-06T08:01:00Z" level=warning msg="certificate with CN  is near expiry"
[STDERR  ] 2018-03-06T08:01:00.110613337Z: time="2018-03-06T08:01:00Z" level=warning msg="certificate with CN avi@atomicinc.com is near expiry"
[STDERR  ] 2018-03-06T08:01:00.270979746Z: Process init image: linuxkit/runc:7c39a68490a12cde830e1922f171c451fb08e731
[STDERR  ] 2018-03-06T08:01:01.288483443Z: time="2018-03-06T08:01:01Z" level=warning msg="certificate with CN  is near expiry"
[STDERR  ] 2018-03-06T08:01:01.288541236Z: time="2018-03-06T08:01:01Z" level=warning msg="certificate with CN avi@atomicinc.com is near expiry"
[STDERR  ] 2018-03-06T08:01:01.288641305Z: time="2018-03-06T08:01:01Z" level=warning msg="certificate with CN Ian Campbell is near expiry"
[STDERR  ] 2018-03-06T08:01:01.288690159Z: time="2018-03-06T08:01:01Z" level=warning msg="certificate with CN Justin Cormack is near expiry"
[STDERR  ] 2018-03-06T08:01:01.288774285Z: time="2018-03-06T08:01:01Z" level=warning msg="certificate with CN  is near expiry"
[STDERR  ] 2018-03-06T08:01:01.290890007Z: time="2018-03-06T08:01:01Z" level=warning msg="certificate with CN Justin Cormack is near expiry"
[STDERR  ] 2018-03-06T08:01:01.292043512Z: time="2018-03-06T08:01:01Z" level=warning msg="certificate with CN  is near expiry"
[STDERR  ] 2018-03-06T08:01:01.292125641Z: time="2018-03-06T08:01:01Z" level=warning msg="certificate with CN Ian Campbell is near expiry"
[STDERR  ] 2018-03-06T08:01:01.420620525Z: Process init image: linuxkit/containerd:37e397ebfc6bd5d8e18695b121166ffd0cbfd9f0
[STDERR  ] 2018-03-06T08:01:02.464898345Z: time="2018-03-06T08:01:02Z" level=warning msg="certificate with CN Justin Cormack is near expiry"
[STDERR  ] 2018-03-06T08:01:02.465064889Z: time="2018-03-06T08:01:02Z" level=warning msg="certificate with CN  is near expiry"
[STDERR  ] 2018-03-06T08:01:02.465148933Z: time="2018-03-06T08:01:02Z" level=warning msg="certificate with CN  is near expiry"
[STDERR  ] 2018-03-06T08:01:02.465260857Z: time="2018-03-06T08:01:02Z" level=warning msg="certificate with CN  is near expiry"
[STDERR  ] 2018-03-06T08:01:02.465334298Z: time="2018-03-06T08:01:02Z" level=warning msg="certificate with CN avi@atomicinc.com is near expiry"
[STDERR  ] 2018-03-06T08:01:02.465477199Z: time="2018-03-06T08:01:02Z" level=warning msg="certificate with CN Ian Campbell is near expiry"
[STDERR  ] 2018-03-06T08:01:02.468667133Z: time="2018-03-06T08:01:02Z" level=warning msg="certificate with CN Justin Cormack is near expiry"
[STDERR  ] 2018-03-06T08:01:02.470059708Z: time="2018-03-06T08:01:02Z" level=warning msg="certificate with CN  is near expiry"
[STDERR  ] 2018-03-06T08:01:02.470171060Z: time="2018-03-06T08:01:02Z" level=warning msg="certificate with CN Ian Campbell is near expiry"
[STDERR  ] 2018-03-06T08:01:03.395399595Z: Process init image: linuxkit/ca-certificates:v0.2
[STDERR  ] 2018-03-06T08:01:04.424354225Z: time="2018-03-06T08:01:04Z" level=warning msg="certificate with CN Justin Cormack is near expiry"
[STDERR  ] 2018-03-06T08:01:04.424568740Z: time="2018-03-06T08:01:04Z" level=warning msg="certificate with CN  is near expiry"
[STDERR  ] 2018-03-06T08:01:04.424671044Z: time="2018-03-06T08:01:04Z" level=warning msg="certificate with CN Ian Campbell is near expiry"
[STDERR  ] 2018-03-06T08:01:04.425822022Z: time="2018-03-06T08:01:04Z" level=warning msg="certificate with CN Justin Cormack is near expiry"
[STDERR  ] 2018-03-06T08:01:04.426793025Z: time="2018-03-06T08:01:04Z" level=warning msg="certificate with CN  is near expiry"
[STDERR  ] 2018-03-06T08:01:04.426863962Z: time="2018-03-06T08:01:04Z" level=warning msg="certificate with CN Ian Campbell is near expiry"
[STDERR  ] 2018-03-06T08:01:04.544281496Z: Add onboot containers:
[STDERR  ] 2018-03-06T08:01:04.544336521Z:   Create OCI config for linuxkit/dhcpcd:v0.2
[STDERR  ] 2018-03-06T08:01:05.570215224Z: time="2018-03-06T08:01:05Z" level=warning msg="certificate with CN  is near expiry"
[STDERR  ] 2018-03-06T08:01:05.570278286Z: time="2018-03-06T08:01:05Z" level=warning msg="certificate with CN  is near expiry"
[STDERR  ] 2018-03-06T08:01:05.570388803Z: time="2018-03-06T08:01:05Z" level=warning msg="certificate with CN avi@atomicinc.com is near expiry"
[STDERR  ] 2018-03-06T08:01:05.570405491Z: time="2018-03-06T08:01:05Z" level=warning msg="certificate with CN Ian Campbell is near expiry"
[STDERR  ] 2018-03-06T08:01:05.570474765Z: time="2018-03-06T08:01:05Z" level=warning msg="certificate with CN Justin Cormack is near expiry"
[STDERR  ] 2018-03-06T08:01:05.571788242Z: time="2018-03-06T08:01:05Z" level=warning msg="certificate with CN Justin Cormack is near expiry"
[STDERR  ] 2018-03-06T08:01:05.572319420Z: time="2018-03-06T08:01:05Z" level=warning msg="certificate with CN  is near expiry"
[STDERR  ] 2018-03-06T08:01:05.572374757Z: time="2018-03-06T08:01:05Z" level=warning msg="certificate with CN Ian Campbell is near expiry"
[STDERR  ] 2018-03-06T08:01:05.797272823Z:   Create OCI config for linuxkit/sysctl:v0.2
[STDERR  ] 2018-03-06T08:01:06.829080578Z: time="2018-03-06T08:01:06Z" level=warning msg="certificate with CN avi@atomicinc.com is near expiry"
[STDERR  ] 2018-03-06T08:01:06.829198856Z: time="2018-03-06T08:01:06Z" level=warning msg="certificate with CN Ian Campbell is near expiry"
[STDERR  ] 2018-03-06T08:01:06.829366598Z: time="2018-03-06T08:01:06Z" level=warning msg="certificate with CN Justin Cormack is near expiry"
[STDERR  ] 2018-03-06T08:01:06.829528135Z: time="2018-03-06T08:01:06Z" level=warning msg="certificate with CN  is near expiry"
[STDERR  ] 2018-03-06T08:01:06.829621773Z: time="2018-03-06T08:01:06Z" level=warning msg="certificate with CN  is near expiry"
[STDERR  ] 2018-03-06T08:01:06.831167171Z: time="2018-03-06T08:01:06Z" level=warning msg="certificate with CN Justin Cormack is near expiry"
[STDERR  ] 2018-03-06T08:01:06.831836350Z: time="2018-03-06T08:01:06Z" level=warning msg="certificate with CN  is near expiry"
[STDERR  ] 2018-03-06T08:01:06.831948591Z: time="2018-03-06T08:01:06Z" level=warning msg="certificate with CN Ian Campbell is near expiry"
[STDERR  ] 2018-03-06T08:01:07.000754031Z:   Create OCI config for linuxkit/format:v0.2
[STDERR  ] 2018-03-06T08:01:08.061966258Z: time="2018-03-06T08:01:08Z" level=warning msg="certificate with CN avi@atomicinc.com is near expiry"
[STDERR  ] 2018-03-06T08:01:08.062027605Z: time="2018-03-06T08:01:08Z" level=warning msg="certificate with CN Ian Campbell is near expiry"
[STDERR  ] 2018-03-06T08:01:08.062206324Z: time="2018-03-06T08:01:08Z" level=warning msg="certificate with CN Justin Cormack is near expiry"
[STDERR  ] 2018-03-06T08:01:08.062403007Z: time="2018-03-06T08:01:08Z" level=warning msg="certificate with CN Rolf Neugebauer is near expiry"
[STDERR  ] 2018-03-06T08:01:08.062464667Z: time="2018-03-06T08:01:08Z" level=warning msg="certificate with CN  is near expiry"
[STDERR  ] 2018-03-06T08:01:08.062556858Z: time="2018-03-06T08:01:08Z" level=warning msg="certificate with CN  is near expiry"
[STDERR  ] 2018-03-06T08:01:08.064050342Z: time="2018-03-06T08:01:08Z" level=warning msg="certificate with CN Justin Cormack is near expiry"
[STDERR  ] 2018-03-06T08:01:08.065071385Z: time="2018-03-06T08:01:08Z" level=warning msg="certificate with CN Rolf Neugebauer is near expiry"
[STDERR  ] 2018-03-06T08:01:08.066097228Z: time="2018-03-06T08:01:08Z" level=warning msg="certificate with CN  is near expiry"
[STDERR  ] 2018-03-06T08:01:08.066198032Z: time="2018-03-06T08:01:08Z" level=warning msg="certificate with CN Ian Campbell is near expiry"
[STDERR  ] 2018-03-06T08:01:09.156861043Z:   Create OCI config for linuxkit/mount:v0.2
[STDERR  ] 2018-03-06T08:01:10.218092194Z: time="2018-03-06T08:01:10Z" level=warning msg="certificate with CN Ian Campbell is near expiry"
[STDERR  ] 2018-03-06T08:01:10.218157372Z: time="2018-03-06T08:01:10Z" level=warning msg="certificate with CN Justin Cormack is near expiry"
[STDERR  ] 2018-03-06T08:01:10.218301397Z: time="2018-03-06T08:01:10Z" level=warning msg="certificate with CN Rolf Neugebauer is near expiry"
[STDERR  ] 2018-03-06T08:01:10.218357567Z: time="2018-03-06T08:01:10Z" level=warning msg="certificate with CN  is near expiry"
[STDERR  ] 2018-03-06T08:01:10.218416736Z: time="2018-03-06T08:01:10Z" level=warning msg="certificate with CN  is near expiry"
[STDERR  ] 2018-03-06T08:01:10.218478056Z: time="2018-03-06T08:01:10Z" level=warning msg="certificate with CN avi@atomicinc.com is near expiry"
[STDERR  ] 2018-03-06T08:01:10.219969546Z: time="2018-03-06T08:01:10Z" level=warning msg="certificate with CN Justin Cormack is near expiry"
[STDERR  ] 2018-03-06T08:01:10.220966125Z: time="2018-03-06T08:01:10Z" level=warning msg="certificate with CN Rolf Neugebauer is near expiry"
[STDERR  ] 2018-03-06T08:01:10.221783637Z: time="2018-03-06T08:01:10Z" level=warning msg="certificate with CN  is near expiry"
[STDERR  ] 2018-03-06T08:01:10.221859044Z: time="2018-03-06T08:01:10Z" level=warning msg="certificate with CN Ian Campbell is near expiry"
[STDERR  ] 2018-03-06T08:01:11.164416729Z:   Create OCI config for linuxkit/test-containerd:0c99fe453549483a8706b369521393b61ef9c896
[STDERR  ] 2018-03-06T08:01:12.901610125Z: time="2018-03-06T08:01:12Z" level=warning msg="certificate with CN avi@atomicinc.com is near expiry"
[STDERR  ] 2018-03-06T08:01:12.901681306Z: time="2018-03-06T08:01:12Z" level=warning msg="certificate with CN Ian Campbell is near expiry"
[STDERR  ] 2018-03-06T08:01:12.901811502Z: time="2018-03-06T08:01:12Z" level=warning msg="certificate with CN  is near expiry"
[STDERR  ] 2018-03-06T08:01:12.901914854Z: time="2018-03-06T08:01:12Z" level=warning msg="certificate with CN Justin Cormack is near expiry"
[STDERR  ] 2018-03-06T08:01:12.902096727Z: time="2018-03-06T08:01:12Z" level=warning msg="certificate with CN Rolf Neugebauer is near expiry"
[STDERR  ] 2018-03-06T08:01:12.902229697Z: time="2018-03-06T08:01:12Z" level=warning msg="certificate with CN  is near expiry"
[STDERR  ] 2018-03-06T08:01:12.994020941Z: time="2018-03-06T08:01:12Z" level=warning msg="certificate with CN  is near expiry"
[STDERR  ] 2018-03-06T08:01:12.994082129Z: time="2018-03-06T08:01:12Z" level=warning msg="certificate with CN Ian Campbell is near expiry"
[STDERR  ] 2018-03-06T08:01:13.082366085Z: time="2018-03-06T08:01:13Z" level=warning msg="certificate with CN Justin Cormack is near expiry"
[STDERR  ] 2018-03-06T08:01:13.256904084Z: time="2018-03-06T08:01:13Z" level=warning msg="certificate with CN Rolf Neugebauer is near expiry"
[STDERR  ] 2018-03-06T08:01:13.274851754Z: Pull image: docker.io/linuxkit/test-containerd:0c99fe453549483a8706b369521393b61ef9c896@sha256:a20786684365c93885462043e116afe9f024390f2f863568d6596e5b50d4f1e3
[STDERR  ] 2018-03-06T08:01:28.895563838Z:   Create OCI config for linuxkit/poweroff:f9a0a5e52fd2a97908bda33db2afffafe4a6a67d
[STDERR  ] 2018-03-06T08:01:29.947742738Z: time="2018-03-06T08:01:29Z" level=warning msg="certificate with CN Justin Cormack is near expiry"
[STDERR  ] 2018-03-06T08:01:29.947954495Z: time="2018-03-06T08:01:29Z" level=warning msg="certificate with CN Rolf Neugebauer is near expiry"
[STDERR  ] 2018-03-06T08:01:29.948025845Z: time="2018-03-06T08:01:29Z" level=warning msg="certificate with CN  is near expiry"
[STDERR  ] 2018-03-06T08:01:29.948182196Z: time="2018-03-06T08:01:29Z" level=warning msg="certificate with CN  is near expiry"
[STDERR  ] 2018-03-06T08:01:29.948314569Z: time="2018-03-06T08:01:29Z" level=warning msg="certificate with CN avi@atomicinc.com is near expiry"
[STDERR  ] 2018-03-06T08:01:29.948461014Z: time="2018-03-06T08:01:29Z" level=warning msg="certificate with CN Ian Campbell is near expiry"
[STDERR  ] 2018-03-06T08:01:29.950494109Z: time="2018-03-06T08:01:29Z" level=warning msg="certificate with CN Rolf Neugebauer is near expiry"
[STDERR  ] 2018-03-06T08:01:29.952287537Z: time="2018-03-06T08:01:29Z" level=warning msg="certificate with CN  is near expiry"
[STDERR  ] 2018-03-06T08:01:29.952448128Z: time="2018-03-06T08:01:29Z" level=warning msg="certificate with CN Ian Campbell is near expiry"
[STDERR  ] 2018-03-06T08:01:30.580826706Z: Create outputs:
[STDERR  ] 2018-03-06T08:02:01.611684372Z:   containerd-kernel containerd-initrd.img containerd-cmdline
[STDERR  ] 2018-03-06T08:02:01.896248928Z: + linuxkit run -mem 2048 -disk size=2G containerd
[STDERR  ] 2018-03-06T08:02:01.978034140Z: Unable to find qemu-system-x86_64 within the $PATH. Using a container
[STDERR  ] 2018-03-06T08:03:42.771863919Z: + RESULT=[    0.000000] Linux version 4.14.23-linuxkit (root@e0a6c0f2f7a4) (gcc version 6.4.0 (Alpine 6.4.0)) #1 SMP Wed Feb 28 11:15:17 UTC 2018
[STDERR  ] 2018-03-06T08:03:42.771932675Z: [    0.000000] Command line: console=ttyS0 console=ttyAMA0
[STDERR  ] 2018-03-06T08:03:42.771944098Z: [    0.000000] x86/fpu: x87 FPU will use FXSAVE
[STDERR  ] 2018-03-06T08:03:42.771954272Z: [    0.000000] e820: BIOS-provided physical RAM map:
[STDERR  ] 2018-03-06T08:03:42.771965098Z: [    0.000000] BIOS-e820: [mem 0x0000000000000000-0x000000000009fbff] usable
[STDERR  ] 2018-03-06T08:03:42.771985258Z: [    0.000000] BIOS-e820: [mem 0x000000000009fc00-0x000000000009ffff] reserved
[STDERR  ] 2018-03-06T08:03:42.771995474Z: [    0.000000] BIOS-e820: [mem 0x00000000000f0000-0x00000000000fffff] reserved
[STDERR  ] 2018-03-06T08:03:42.772004138Z: [    0.000000] BIOS-e820: [mem 0x0000000000100000-0x000000007ffdefff] usable
[STDERR  ] 2018-03-06T08:03:42.772012926Z: [    0.000000] BIOS-e820: [mem 0x000000007ffdf000-0x000000007fffffff] reserved
[STDERR  ] 2018-03-06T08:03:42.772021932Z: [    0.000000] BIOS-e820: [mem 0x00000000b0000000-0x00000000bfffffff] reserved
[STDERR  ] 2018-03-06T08:03:42.772030803Z: [    0.000000] BIOS-e820: [mem 0x00000000fed1c000-0x00000000fed1ffff] reserved
[STDERR  ] 2018-03-06T08:03:42.772039330Z: [    0.000000] BIOS-e820: [mem 0x00000000feffc000-0x00000000feffffff] reserved
[STDERR  ] 2018-03-06T08:03:42.772047701Z: [    0.000000] BIOS-e820: [mem 0x00000000fffc0000-0x00000000ffffffff] reserved
[STDERR  ] 2018-03-06T08:03:42.772062506Z: [    0.000000] NX (Execute Disable) protection: active
[STDERR  ] 2018-03-06T08:03:42.772071492Z: [    0.000000] random: fast init done
[STDERR  ] 2018-03-06T08:03:42.772079832Z: [    0.000000] SMBIOS 2.8 present.
[STDERR  ] 2018-03-06T08:03:42.772089008Z: [    0.000000] DMI: QEMU Standard PC (Q35 + ICH9, 2009), BIOS rel-1.10.2-0-g5f4c7b1-prebuilt.qemu-project.org 04/01/2014
[STDERR  ] 2018-03-06T08:03:42.772099534Z: [    0.000000] Hypervisor detected: KVM
[STDERR  ] 2018-03-06T08:03:42.772108485Z: [    0.000000] tsc: Fast TSC calibration failed
[STDERR  ] 2018-03-06T08:03:42.772116558Z: [    0.000000] tsc: Unable to calibrate against PIT
[STDERR  ] 2018-03-06T08:03:42.772125646Z: [    0.000000] tsc: No reference (HPET/PMTIMER) available
[STDERR  ] 2018-03-06T08:03:42.772134810Z: [    0.000000] e820: last_pfn = 0x7ffdf max_arch_pfn = 0x400000000
[STDERR  ] 2018-03-06T08:03:42.772143066Z: [    0.000000] x86/PAT: PAT not supported by CPU.
[STDERR  ] 2018-03-06T08:03:42.772151881Z: [    0.000000] x86/PAT: Configuration [0-7]: WB  WT  UC- UC  WB  WT  UC- UC  
[STDERR  ] 2018-03-06T08:03:42.772160672Z: [    0.000000] found SMP MP-table at [mem 0x000f6aa0-0x000f6aaf] mapped at [ffffffffff200aa0]
[STDERR  ] 2018-03-06T08:03:42.772170397Z: [    0.000000] RAMDISK: [mem 0x73347000-0x7ffcffff]
[STDERR  ] 2018-03-06T08:03:42.772179155Z: [    0.000000] ACPI: Early table checksum verification disabled
[STDERR  ] 2018-03-06T08:03:42.772187159Z: [    0.000000] ACPI: RSDP 0x00000000000F68B0 000014 (v00 BOCHS )
[STDERR  ] 2018-03-06T08:03:42.772195232Z: [    0.000000] ACPI: RSDT 0x000000007FFE20A8 000034 (v01 BOCHS  BXPCRSDT 00000001 BXPC 00000001)
[STDERR  ] 2018-03-06T08:03:42.772203919Z: [    0.000000] ACPI: FACP 0x000000007FFE1EC8 0000F4 (v03 BOCHS  BXPCFACP 00000001 BXPC 00000001)
[STDERR  ] 2018-03-06T08:03:42.772211948Z: [    0.000000] ACPI: DSDT 0x000000007FFE0040 001E88 (v01 BOCHS  BXPCDSDT 00000001 BXPC 00000001)
[STDERR  ] 2018-03-06T08:03:42.772222250Z: [    0.000000] ACPI: FACS 0x000000007FFE0000 000040
[STDERR  ] 2018-03-06T08:03:42.772230998Z: [    0.000000] ACPI: APIC 0x000000007FFE1FBC 000078 (v01 BOCHS  BXPCAPIC 00000001 BXPC 00000001)
[STDERR  ] 2018-03-06T08:03:42.772238977Z: [    0.000000] ACPI: HPET 0x000000007FFE2034 000038 (v01 BOCHS  BXPCHPET 00000001 BXPC 00000001)
[STDERR  ] 2018-03-06T08:03:42.772249823Z: [    0.000000] ACPI: MCFG 0x000000007FFE206C 00003C (v01 BOCHS  BXPCMCFG 00000001 BXPC 00000001)
[STDERR  ] 2018-03-06T08:03:42.772257972Z: [    0.000000] kvm-clock: Using msrs 4b564d01 and 4b564d00
[STDERR  ] 2018-03-06T08:03:42.772267308Z: [    0.000000] kvm-clock: cpu 0, msr 0:7ffdd001, primary cpu clock
[STDERR  ] 2018-03-06T08:03:42.772284232Z: [    0.000000] clocksource: kvm-clock: mask: 0xffffffffffffffff max_cycles: 0x1cd42e4dffb, max_idle_ns: 881590591483 ns
[STDERR  ] 2018-03-06T08:03:42.772292910Z: [    0.000000] Zone ranges:
[STDERR  ] 2018-03-06T08:03:42.772301644Z: [    0.000000]   DMA      [mem 0x0000000000001000-0x0000000000ffffff]
[STDERR  ] 2018-03-06T08:03:42.772311026Z: [    0.000000]   DMA32    [mem 0x0000000001000000-0x000000007ffdefff]
[STDERR  ] 2018-03-06T08:03:42.772323110Z: [    0.000000]   Normal   empty
[STDERR  ] 2018-03-06T08:03:42.772332115Z: [    0.000000]   Device   empty
[STDERR  ] 2018-03-06T08:03:42.772340688Z: [    0.000000] Movable zone start for each node
[STDERR  ] 2018-03-06T08:03:42.772350152Z: [    0.000000] Early memory node ranges
[STDERR  ] 2018-03-06T08:03:42.772359088Z: [    0.000000]   node   0: [mem 0x0000000000001000-0x000000000009efff]
[STDERR  ] 2018-03-06T08:03:42.772372521Z: [    0.000000]   node   0: [mem 0x0000000000100000-0x000000007ffdefff]
[STDERR  ] 2018-03-06T08:03:42.772382003Z: [    0.000000] Initmem setup node 0 [mem 0x0000000000001000-0x000000007ffdefff]
[STDERR  ] 2018-03-06T08:03:42.772390179Z: [    0.000000] ACPI: PM-Timer IO Port: 0x608
[STDERR  ] 2018-03-06T08:03:42.772399058Z: [    0.000000] ACPI: LAPIC_NMI (acpi_id[0xff] dfl dfl lint[0x1])
[STDERR  ] 2018-03-06T08:03:42.772411788Z: [    0.000000] IOAPIC[0]: apic_id 0, version 17, address 0xfec00000, GSI 0-23
[STDERR  ] 2018-03-06T08:03:42.772420705Z: [    0.000000] ACPI: INT_SRC_OVR (bus 0 bus_irq 0 global_irq 2 dfl dfl)
[STDERR  ] 2018-03-06T08:03:42.772429432Z: [    0.000000] ACPI: INT_SRC_OVR (bus 0 bus_irq 5 global_irq 5 high level)
[STDERR  ] 2018-03-06T08:03:42.772438714Z: [    0.000000] ACPI: INT_SRC_OVR (bus 0 bus_irq 9 global_irq 9 high level)
[STDERR  ] 2018-03-06T08:03:42.772447112Z: [    0.000000] ACPI: INT_SRC_OVR (bus 0 bus_irq 10 global_irq 10 high level)
[STDERR  ] 2018-03-06T08:03:42.772455559Z: [    0.000000] ACPI: INT_SRC_OVR (bus 0 bus_irq 11 global_irq 11 high level)
[STDERR  ] 2018-03-06T08:03:42.772463972Z: [    0.000000] Using ACPI (MADT) for SMP configuration information
[STDERR  ] 2018-03-06T08:03:42.772472561Z: [    0.000000] ACPI: HPET id: 0x8086a201 base: 0xfed00000
[STDERR  ] 2018-03-06T08:03:42.772480772Z: [    0.000000] smpboot: Allowing 1 CPUs, 0 hotplug CPUs
[STDERR  ] 2018-03-06T08:03:42.772489561Z: [    0.000000] e820: [mem 0xc0000000-0xfed1bfff] available for PCI devices
[STDERR  ] 2018-03-06T08:03:42.772497966Z: [    0.000000] Booting paravirtualized kernel on KVM
[STDERR  ] 2018-03-06T08:03:42.772506768Z: [    0.000000] clocksource: refined-jiffies: mask: 0xffffffff max_cycles: 0xffffffff, max_idle_ns: 19112604462750000 ns
[STDERR  ] 2018-03-06T08:03:42.772519104Z: [    0.000000] setup_percpu: NR_CPUS:128 nr_cpumask_bits:128 nr_cpu_ids:1 nr_node_ids:1
[STDERR  ] 2018-03-06T08:03:42.772529168Z: [    0.000000] percpu: Embedded 44 pages/cpu @ffff95fd73000000 s143128 r8192 d28904 u2097152
[STDERR  ] 2018-03-06T08:03:42.772537343Z: [    0.000000] KVM setup async PF for cpu 0
[STDERR  ] 2018-03-06T08:03:42.772546592Z: [    0.000000] kvm-stealtime: cpu 0, msr 73015f00
[STDERR  ] 2018-03-06T08:03:42.772554548Z: [    0.000000] Built 1 zonelists, mobility grouping on.  Total pages: 515944
[STDERR  ] 2018-03-06T08:03:42.772563963Z: [    0.000000] Kernel command line: console=ttyS0 console=ttyAMA0
[STDERR  ] 2018-03-06T08:03:42.772573512Z: [    0.000000] PID hash table entries: 4096 (order: 3, 32768 bytes)
[STDERR  ] 2018-03-06T08:03:42.772581846Z: [    0.000000] Dentry cache hash table entries: 262144 (order: 9, 2097152 bytes)
[STDERR  ] 2018-03-06T08:03:42.772589958Z: [    0.000000] Inode-cache hash table entries: 131072 (order: 8, 1048576 bytes)
[STDERR  ] 2018-03-06T08:03:42.772598383Z: [    0.000000] Memory: 1826036K/2096628K available (12300K kernel code, 1460K rwdata, 2956K rodata, 1504K init, 628K bss, 270592K reserved, 0K cma-reserved)
[STDERR  ] 2018-03-06T08:03:42.772611999Z: [    0.000000] Kernel/User page tables isolation: enabled
[STDERR  ] 2018-03-06T08:03:42.772620921Z: [    0.000000] ftrace: allocating 40632 entries in 159 pages
[STDERR  ] 2018-03-06T08:03:42.772629735Z: [    0.010000] Hierarchical RCU implementation.
[STDERR  ] 2018-03-06T08:03:42.772638261Z: [    0.010000] 	RCU restricting CPUs from NR_CPUS=128 to nr_cpu_ids=1.
[STDERR  ] 2018-03-06T08:03:42.772646312Z: [    0.010000] RCU: Adjusting geometry for rcu_fanout_leaf=16, nr_cpu_ids=1
[STDERR  ] 2018-03-06T08:03:42.772655750Z: [    0.010000] NR_IRQS: 8448, nr_irqs: 256, preallocated irqs: 16
[STDERR  ] 2018-03-06T08:03:42.772667892Z: [    0.010000] Console: colour VGA+ 80x25
[STDERR  ] 2018-03-06T08:03:42.772676804Z: [    0.010000] console [ttyS0] enabled
[STDERR  ] 2018-03-06T08:03:42.772685412Z: [    0.010000] clocksource: hpet: mask: 0xffffffff max_cycles: 0xffffffff, max_idle_ns: 19112604467 ns
[STDERR  ] 2018-03-06T08:03:42.772693648Z: [    0.010036] tsc: Detected 2299.998 MHz processor
[STDERR  ] 2018-03-06T08:03:42.772701712Z: [    0.015090] Calibrating delay loop (skipped) preset value.. 4599.99 BogoMIPS (lpj=22999980)
[STDERR  ] 2018-03-06T08:03:42.772710421Z: [    0.020028] pid_max: default: 32768 minimum: 301
[STDERR  ] 2018-03-06T08:03:42.772730854Z: [    0.025092] ACPI: Core revision 20170728
[STDERR  ] 2018-03-06T08:03:42.772739257Z: [    0.030630] ACPI: 1 ACPI AML tables successfully acquired and loaded
[STDERR  ] 2018-03-06T08:03:42.772752019Z: [    0.040067] Security Framework initialized
[STDERR  ] 2018-03-06T08:03:42.772760330Z: [    0.044701] Yama: becoming mindful.
[STDERR  ] 2018-03-06T08:03:42.772769301Z: [    0.050085] Mount-cache hash table entries: 4096 (order: 3, 32768 bytes)
[STDERR  ] 2018-03-06T08:03:42.772779544Z: [    0.060030] Mountpoint-cache hash table entries: 4096 (order: 3, 32768 bytes)
[STDERR  ] 2018-03-06T08:03:42.772788083Z: [    0.070445] CPU: Physical Processor ID: 0
[STDERR  ] 2018-03-06T08:03:42.772796783Z: [    0.080082] Last level iTLB entries: 4KB 0, 2MB 0, 4MB 0
[STDERR  ] 2018-03-06T08:03:42.772805532Z: [    0.087036] Last level dTLB entries: 4KB 0, 2MB 0, 4MB 0, 1GB 0
[STDERR  ] 2018-03-06T08:03:42.772813614Z: [    0.090037] Spectre V2 : Vulnerable: Minimal generic ASM retpoline
[STDERR  ] 2018-03-06T08:03:42.772822726Z: [    0.104409] Freeing SMP alternatives memory: 20K
[STDERR  ] 2018-03-06T08:03:42.772830784Z: [    0.110529] smpboot: Max logical packages: 1
[STDERR  ] 2018-03-06T08:03:42.772841872Z: [    0.120582] x2apic enabled
[STDERR  ] 2018-03-06T08:03:42.772850735Z: [    0.125970] Switched APIC routing to physical x2apic.
[STDERR  ] 2018-03-06T08:03:42.772858746Z: [    0.141540] ..TIMER: vector=0x30 apic1=0 pin1=2 apic2=-1 pin2=-1
[STDERR  ] 2018-03-06T08:03:42.772867777Z: [    0.150000] smpboot: CPU0: Intel QEMU Virtual CPU version 2.5+ (family: 0x6, model: 0x6, stepping: 0x3)
[STDERR  ] 2018-03-06T08:03:42.772876017Z: [    0.150134] Performance Events: PMU not available due to virtualization, using software events only.
[STDERR  ] 2018-03-06T08:03:42.772883841Z: [    0.170063] Hierarchical SRCU implementation.
[STDERR  ] 2018-03-06T08:03:42.772895194Z: [    0.175437] NMI watchdog: Perf event create on CPU 0 failed with -2
[STDERR  ] 2018-03-06T08:03:42.772903784Z: [    0.180008] NMI watchdog: Perf NMI watchdog permanently disabled
[STDERR  ] 2018-03-06T08:03:42.772912301Z: [    0.186667] smp: Bringing up secondary CPUs ...
[STDERR  ] 2018-03-06T08:03:42.772920694Z: [    0.190007] smp: Brought up 1 node, 1 CPU
[STDERR  ] 2018-03-06T08:03:42.772928579Z: [    0.194461] smpboot: Total of 1 processors activated (4599.99 BogoMIPS)
[STDERR  ] 2018-03-06T08:03:42.772936650Z: [    0.202196] devtmpfs: initialized
[STDERR  ] 2018-03-06T08:03:42.772945672Z: [    0.210081] x86/mm: Memory block size: 128MB
[STDERR  ] 2018-03-06T08:03:42.772954318Z: [    0.215148] clocksource: jiffies: mask: 0xffffffff max_cycles: 0xffffffff, max_idle_ns: 19112604462750000 ns
[STDERR  ] 2018-03-06T08:03:42.772963052Z: [    0.220027] futex hash table entries: 256 (order: 2, 16384 bytes)
[STDERR  ] 2018-03-06T08:03:42.772971512Z: [    0.230259] NET: Registered protocol family 16
[STDERR  ] 2018-03-06T08:03:42.772979745Z: [    0.235346] cpuidle: using governor ladder
[STDERR  ] 2018-03-06T08:03:42.772987803Z: [    0.240008] cpuidle: using governor menu
[STDERR  ] 2018-03-06T08:03:42.772996098Z: [    0.244352] ACPI: bus type PCI registered
[STDERR  ] 2018-03-06T08:03:42.773003799Z: [    0.250469] PCI: MMCONFIG for domain 0000 [bus 00-ff] at [mem 0xb0000000-0xbfffffff] (base 0xb0000000)
[STDERR  ] 2018-03-06T08:03:42.773015155Z: [    0.260011] PCI: MMCONFIG at [mem 0xb0000000-0xbfffffff] reserved in E820
[STDERR  ] 2018-03-06T08:03:42.773023475Z: [    0.270025] PCI: Using configuration type 1 for base access
[STDERR  ] 2018-03-06T08:03:42.773032675Z: [    0.277568] HugeTLB registered 2.00 MiB page size, pre-allocated 0 pages
[STDERR  ] 2018-03-06T08:03:42.773041157Z: [    0.280273] ACPI: Added _OSI(Module Device)
[STDERR  ] 2018-03-06T08:03:42.773049458Z: [    0.290008] ACPI: Added _OSI(Processor Device)
[STDERR  ] 2018-03-06T08:03:42.773058094Z: [    0.294896] ACPI: Added _OSI(3.0 _SCP Extensions)
[STDERR  ] 2018-03-06T08:03:42.773066261Z: [    0.300007] ACPI: Added _OSI(Processor Aggregator Device)
[STDERR  ] 2018-03-06T08:03:42.773074872Z: [    0.310219] ACPI: Interpreter enabled
[STDERR  ] 2018-03-06T08:03:42.773082828Z: [    0.314322] ACPI: (supports S0 S5)
[STDERR  ] 2018-03-06T08:03:42.773093726Z: [    0.318037] ACPI: Using IOAPIC for interrupt routing
[STDERR  ] 2018-03-06T08:03:42.773101754Z: [    0.320060] PCI: Using host bridge windows from ACPI; if necessary, use "pci=nocrs" and report a bug
[STDERR  ] 2018-03-06T08:03:42.773109681Z: [    0.330281] ACPI: Enabled 1 GPEs in block 00 to 3F
[STDERR  ] 2018-03-06T08:03:42.773118117Z: [    0.343759] ACPI: PCI Root Bridge [PCI0] (domain 0000 [bus 00-ff])
[STDERR  ] 2018-03-06T08:03:42.773127159Z: [    0.350011] acpi PNP0A08:00: _OSC: OS supports [ExtendedConfig ASPM ClockPM Segments MSI]
[STDERR  ] 2018-03-06T08:03:42.773135350Z: [    0.360179] acpi PNP0A08:00: _OSC: OS now controls [PCIeHotplug PME PCIeCapability]
[STDERR  ] 2018-03-06T08:03:42.773143475Z: [    0.368504] PCI host bridge to bus 0000:00
[STDERR  ] 2018-03-06T08:03:42.773158735Z: [    0.370009] pci_bus 0000:00: root bus resource [io  0x0000-0x0cf7 window]
[STDERR  ] 2018-03-06T08:03:42.773167406Z: [    0.380007] pci_bus 0000:00: root bus resource [io  0x0d00-0xffff window]
[STDERR  ] 2018-03-06T08:03:42.773175421Z: [    0.387370] pci_bus 0000:00: root bus resource [mem 0x000a0000-0x000bffff window]
[STDERR  ] 2018-03-06T08:03:42.773183295Z: [    0.390009] pci_bus 0000:00: root bus resource [mem 0xc0000000-0xfebfffff window]
[STDERR  ] 2018-03-06T08:03:42.773191837Z: [    0.400010] pci_bus 0000:00: root bus resource [bus 00-ff]
[STDERR  ] 2018-03-06T08:03:42.773200358Z: [    0.538028] pci 0000:00:1f.0: quirk: [io  0x0600-0x067f] claimed by ICH6 ACPI/GPIO/TCO
[STDERR  ] 2018-03-06T08:03:42.773208268Z: [    0.601415] ACPI: PCI Interrupt Link [LNKA] (IRQs 5 *10 11)
[STDERR  ] 2018-03-06T08:03:42.773217098Z: [    0.608703] ACPI: PCI Interrupt Link [LNKB] (IRQs 5 *10 11)
[STDERR  ] 2018-03-06T08:03:42.773224766Z: [    0.610430] ACPI: PCI Interrupt Link [LNKC] (IRQs 5 10 *11)
[STDERR  ] 2018-03-06T08:03:42.773232474Z: [    0.620430] ACPI: PCI Interrupt Link [LNKD] (IRQs 5 10 *11)
[STDERR  ] 2018-03-06T08:03:42.773240057Z: [    0.627094] ACPI: PCI Interrupt Link [LNKE] (IRQs 5 *10 11)
[STDERR  ] 2018-03-06T08:03:42.773247615Z: [    0.630427] ACPI: PCI Interrupt Link [LNKF] (IRQs 5 *10 11)
[STDERR  ] 2018-03-06T08:03:42.773256079Z: [    0.640438] ACPI: PCI Interrupt Link [LNKG] (IRQs 5 10 *11)
[STDERR  ] 2018-03-06T08:03:42.773264332Z: [    0.650416] ACPI: PCI Interrupt Link [LNKH] (IRQs 5 10 *11)
[STDERR  ] 2018-03-06T08:03:42.773293052Z: [    0.657326] ACPI: PCI Interrupt Link [GSIA] (IRQs *16)
[STDERR  ] 2018-03-06T08:03:42.773302577Z: [    0.660028] ACPI: PCI Interrupt Link [GSIB] (IRQs *17)
[STDERR  ] 2018-03-06T08:03:42.773310890Z: [    0.670007] ACPI: PCI Interrupt Link [GSIC] (IRQs *18)
[STDERR  ] 2018-03-06T08:03:42.773319201Z: [    0.675978] ACPI: PCI Interrupt Link [GSID] (IRQs *19)
[STDERR  ] 2018-03-06T08:03:42.773327423Z: [    0.680031] ACPI: PCI Interrupt Link [GSIE] (IRQs *20)
[STDERR  ] 2018-03-06T08:03:42.773336970Z: [    0.686047] ACPI: PCI Interrupt Link [GSIF] (IRQs *21)
[STDERR  ] 2018-03-06T08:03:42.773344712Z: [    0.690028] ACPI: PCI Interrupt Link [GSIG] (IRQs *22)
[STDERR  ] 2018-03-06T08:03:42.773352977Z: [    0.700027] ACPI: PCI Interrupt Link [GSIH] (IRQs *23)
[STDERR  ] 2018-03-06T08:03:42.773364723Z: [    0.706380] SCSI subsystem initialized
[STDERR  ] 2018-03-06T08:03:42.773375412Z: [    0.710102] ACPI: bus type USB registered
[STDERR  ] 2018-03-06T08:03:42.773383368Z: [    0.715174] usbcore: registered new interface driver usbfs
[STDERR  ] 2018-03-06T08:03:42.773391943Z: [    0.720072] usbcore: registered new interface driver hub
[STDERR  ] 2018-03-06T08:03:42.773399655Z: [    0.730039] usbcore: registered new device driver usb
[STDERR  ] 2018-03-06T08:03:42.773407592Z: [    0.735676] pps_core: LinuxPPS API ver. 1 registered
[STDERR  ] 2018-03-06T08:03:42.773416078Z: [    0.740006] pps_core: Software ver. 5.3.6 - Copyright 2005-2007 Rodolfo Giometti <giometti@linux.it>
[STDERR  ] 2018-03-06T08:03:42.773424361Z: [    0.750021] PTP clock support registered
[STDERR  ] 2018-03-06T08:03:42.773432104Z: [    0.754439] PCI: Using ACPI for IRQ routing
[STDERR  ] 2018-03-06T08:03:42.773443165Z: [    1.180643] NetLabel: Initializing
[STDERR  ] 2018-03-06T08:03:42.773451030Z: [    1.184532] NetLabel:  domain hash size = 128
[STDERR  ] 2018-03-06T08:03:42.773458932Z: [    1.189648] NetLabel:  protocols = UNLABELED CIPSOv4 CALIPSO
[STDERR  ] 2018-03-06T08:03:42.773480684Z: [    1.190044] NetLabel:  unlabeled traffic allowed by default
[STDERR  ] 2018-03-06T08:03:42.773490228Z: [    1.200214] HPET: 3 timers in total, 0 timers will be used for per-cpu timer
[STDERR  ] 2018-03-06T08:03:42.773499110Z: [    1.210120] hpet0: at MMIO 0xfed00000, IRQs 2, 8, 0
[STDERR  ] 2018-03-06T08:03:42.773510292Z: [    1.215397] hpet0: 3 comparators, 64-bit 100.000000 MHz counter
[STDERR  ] 2018-03-06T08:03:42.773518528Z: [    1.224718] clocksource: Switched to clocksource kvm-clock
[STDERR  ] 2018-03-06T08:03:42.773526461Z: [    1.255906] VFS: Disk quotas dquot_6.6.0
[STDERR  ] 2018-03-06T08:03:42.773534358Z: [    1.260652] VFS: Dquot-cache hash table entries: 512 (order 0, 4096 bytes)
[STDERR  ] 2018-03-06T08:03:42.773543072Z: [    1.268566] FS-Cache: Loaded
[STDERR  ] 2018-03-06T08:03:42.773556145Z: [    1.272125] CacheFiles: Loaded
[STDERR  ] 2018-03-06T08:03:42.773564477Z: [    1.275589] pnp: PnP ACPI init
[STDERR  ] 2018-03-06T08:03:42.773572546Z: [    1.280680] pnp: PnP ACPI: found 5 devices
[STDERR  ] 2018-03-06T08:03:42.773580352Z: [    1.291399] clocksource: acpi_pm: mask: 0xffffff max_cycles: 0xffffff, max_idle_ns: 2085701024 ns
[STDERR  ] 2018-03-06T08:03:42.773588708Z: [    1.301336] NET: Registered protocol family 2
[STDERR  ] 2018-03-06T08:03:42.773596479Z: [    1.306428] TCP established hash table entries: 16384 (order: 5, 131072 bytes)
[STDERR  ] 2018-03-06T08:03:42.773605250Z: [    1.316410] TCP bind hash table entries: 16384 (order: 6, 262144 bytes)
[STDERR  ] 2018-03-06T08:03:42.773613852Z: [    1.323706] TCP: Hash tables configured (established 16384 bind 16384)
[STDERR  ] 2018-03-06T08:03:42.773622541Z: [    1.330967] UDP hash table entries: 1024 (order: 3, 32768 bytes)
[STDERR  ] 2018-03-06T08:03:42.773631110Z: [    1.337471] UDP-Lite hash table entries: 1024 (order: 3, 32768 bytes)
[STDERR  ] 2018-03-06T08:03:42.773638981Z: [    1.344607] NET: Registered protocol family 1
[STDERR  ] 2018-03-06T08:03:42.773646714Z: [    1.349596] pci 0000:00:01.0: Video device with shadowed ROM at [mem 0x000c0000-0x000dffff]
[STDERR  ] 2018-03-06T08:03:42.773655718Z: [    1.359194] Trying to unpack rootfs image as initramfs...
[STDERR  ] 2018-03-06T08:03:42.773663854Z: [    4.519666] Freeing initrd memory: 209444K
[STDERR  ] 2018-03-06T08:03:42.773671464Z: [    4.525732] PCLMULQDQ-NI instructions are not detected.
[STDERR  ] 2018-03-06T08:03:42.773679781Z: [    4.531588] AVX or AES-NI instructions are not detected.
[STDERR  ] 2018-03-06T08:03:42.773687518Z: [    4.537381] CPU feature 'AVX registers' is not supported.
[STDERR  ] 2018-03-06T08:03:42.773695405Z: [    4.543384] CPU feature 'AVX registers' is not supported.
[STDERR  ] 2018-03-06T08:03:42.773703210Z: [    4.549286] CPU feature 'AVX registers' is not supported.
[STDERR  ] 2018-03-06T08:03:42.773712464Z: [    4.555323] CPU feature 'AVX registers' is not supported.
[STDERR  ] 2018-03-06T08:03:42.773723503Z: [    4.561356] AVX2 or AES-NI instructions are not detected.
[STDERR  ] 2018-03-06T08:03:42.773732663Z: [    4.567435] AVX2 instructions are not detected.
[STDERR  ] 2018-03-06T08:03:42.773740715Z: [    4.572797] audit: initializing netlink subsys (disabled)
[STDERR  ] 2018-03-06T08:03:42.773748415Z: [    4.579258] audit: type=2000 audit(1520323329.007:1): state=initialized audit_enabled=0 res=1
[STDERR  ] 2018-03-06T08:03:42.773758794Z: [    4.589149] workingset: timestamp_bits=46 max_order=19 bucket_order=0
[STDERR  ] 2018-03-06T08:03:42.773766726Z: [    4.596627] squashfs: version 4.0 (2009/01/31) Phillip Lougher
[STDERR  ] 2018-03-06T08:03:42.773774601Z: [    4.603772] FS-Cache: Netfs 'cifs' registered for caching
[STDERR  ] 2018-03-06T08:03:42.773783488Z: [    4.609835] fuse init (API version 7.26)
[STDERR  ] 2018-03-06T08:03:42.773794778Z: [    4.614461] SGI XFS with ACLs, security attributes, no debug enabled
[STDERR  ] 2018-03-06T08:03:42.773803212Z: [    4.621849] 9p: Installing v9fs 9p2000 file system support
[STDERR  ] 2018-03-06T08:03:42.773811914Z: [    4.627937] FS-Cache: Netfs '9p' registered for caching
[STDERR  ] 2018-03-06T08:03:42.773821968Z: [    4.637924] NET: Registered protocol family 38
[STDERR  ] 2018-03-06T08:03:42.773830157Z: [    4.642973] Key type asymmetric registered
[STDERR  ] 2018-03-06T08:03:42.773839978Z: [    4.647468] Asymmetric key parser 'x509' registered
[STDERR  ] 2018-03-06T08:03:42.773848041Z: [    4.653005] Block layer SCSI generic (bsg) driver version 0.4 loaded (major 248)
[STDERR  ] 2018-03-06T08:03:42.773856897Z: [    4.661294] io scheduler noop registered
[STDERR  ] 2018-03-06T08:03:42.773864838Z: [    4.665554] io scheduler deadline registered (default)
[STDERR  ] 2018-03-06T08:03:42.773873018Z: [    4.671262] io scheduler cfq registered
[STDERR  ] 2018-03-06T08:03:42.773880759Z: [    4.675505] io scheduler mq-deadline registered
[STDERR  ] 2018-03-06T08:03:42.773888699Z: [    4.680592] io scheduler kyber registered
[STDERR  ] 2018-03-06T08:03:42.773896421Z: [    4.685170] shpchp: Standard Hot Plug PCI Controller Driver version: 0.4
[STDERR  ] 2018-03-06T08:03:42.773904332Z: [    4.692515] hv_vmbus: registering driver hyperv_fb
[STDERR  ] 2018-03-06T08:03:42.773912428Z: [    4.697855] input: Power Button as /devices/LNXSYSTM:00/LNXPWRBN:00/input/input0
[STDERR  ] 2018-03-06T08:03:42.773920246Z: [    4.705979] ACPI: Power Button [PWRF]
[STDERR  ] 2018-03-06T08:03:42.773930423Z: [    4.711645] ACPI: PCI Interrupt Link [GSIG] enabled at IRQ 22
[STDERR  ] 2018-03-06T08:03:42.773938861Z: [    4.724575] ACPI: PCI Interrupt Link [GSIH] enabled at IRQ 23
[STDERR  ] 2018-03-06T08:03:42.773947704Z: [    4.737049] Serial: 8250/16550 driver, 4 ports, IRQ sharing disabled
[STDERR  ] 2018-03-06T08:03:42.773955538Z: [    4.779186] 00:04: ttyS0 at I/O 0x3f8 (irq = 4, base_baud = 115200) is a 16550A
[STDERR  ] 2018-03-06T08:03:42.773964197Z: [    4.788718] Non-volatile memory driver v1.3
[STDERR  ] 2018-03-06T08:03:42.773972239Z: [    4.795091] Hangcheck: starting hangcheck timer 0.9.1 (tick is 180 seconds, margin is 60 seconds).
[STDERR  ] 2018-03-06T08:03:42.773980763Z: [    4.805955] random: crng init done
[STDERR  ] 2018-03-06T08:03:42.773988692Z: [    4.812543] brd: module loaded
[STDERR  ] 2018-03-06T08:03:42.773996926Z: [    4.817716] loop: module loaded
[STDERR  ] 2018-03-06T08:03:42.774005025Z: [    4.825203] lpc_ich 0000:00:1f.0: I/O space for GPIO uninitialized
[STDERR  ] 2018-03-06T08:03:42.774013859Z: [    4.832587] VMware PVSCSI driver - version 1.0.7.0-k
[STDERR  ] 2018-03-06T08:03:42.774022275Z: [    4.838342] hv_vmbus: registering driver hv_storvsc
[STDERR  ] 2018-03-06T08:03:42.774030825Z: [    4.844705] ACPI: PCI Interrupt Link [GSIA] enabled at IRQ 16
[STDERR  ] 2018-03-06T08:03:42.774038625Z: [    4.854626] ahci 0000:00:1f.2: AHCI 0001.0000 32 slots 6 ports 1.5 Gbps 0x3f impl SATA mode
[STDERR  ] 2018-03-06T08:03:42.774046705Z: [    4.864471] ahci 0000:00:1f.2: flags: 64bit ncq only 
[STDERR  ] 2018-03-06T08:03:42.774054679Z: [    4.873987] scsi host0: ahci
[STDERR  ] 2018-03-06T08:03:42.774065578Z: [    4.877546] scsi host1: ahci
[STDERR  ] 2018-03-06T08:03:42.774073597Z: [    4.881072] scsi host2: ahci
[STDERR  ] 2018-03-06T08:03:42.774081335Z: [    4.884594] scsi host3: ahci
[STDERR  ] 2018-03-06T08:03:42.774089132Z: [    4.888081] scsi host4: ahci
[STDERR  ] 2018-03-06T08:03:42.774096850Z: [    4.891690] scsi host5: ahci
[STDERR  ] 2018-03-06T08:03:42.774104605Z: [    4.895196] ata1: SATA max UDMA/133 abar m4096@0xfebd2000 port 0xfebd2100 irq 24
[STDERR  ] 2018-03-06T08:03:42.774113110Z: [    4.903755] ata2: SATA max UDMA/133 abar m4096@0xfebd2000 port 0xfebd2180 irq 24
[STDERR  ] 2018-03-06T08:03:42.774120714Z: [    4.912132] ata3: SATA max UDMA/133 abar m4096@0xfebd2000 port 0xfebd2200 irq 24
[STDERR  ] 2018-03-06T08:03:42.774130648Z: [    4.920749] ata4: SATA max UDMA/133 abar m4096@0xfebd2000 port 0xfebd2280 irq 24
[STDERR  ] 2018-03-06T08:03:42.774141952Z: [    4.929188] ata5: SATA max UDMA/133 abar m4096@0xfebd2000 port 0xfebd2300 irq 24
[STDERR  ] 2018-03-06T08:03:42.774150479Z: [    4.937295] ata6: SATA max UDMA/133 abar m4096@0xfebd2000 port 0xfebd2380 irq 24
[STDERR  ] 2018-03-06T08:03:42.774158272Z: [    4.947471] tun: Universal TUN/TAP device driver, 1.6
[STDERR  ] 2018-03-06T08:03:42.774168186Z: [    4.957567] VMware vmxnet3 virtual NIC driver - version 1.4.a.0-k-NAPI
[STDERR  ] 2018-03-06T08:03:42.774176066Z: [    4.965234] hv_vmbus: registering driver hv_netvsc
[STDERR  ] 2018-03-06T08:03:42.774184161Z: [    4.970774] Fusion MPT base driver 3.04.20
[STDERR  ] 2018-03-06T08:03:42.774191944Z: [    4.975268] Copyright (c) 1999-2008 LSI Corporation
[STDERR  ] 2018-03-06T08:03:42.774199823Z: [    4.980796] Fusion MPT SPI Host driver 3.04.20
[STDERR  ] 2018-03-06T08:03:42.774208118Z: [    4.985792] i8042: PNP: PS/2 Controller [PNP0303:KBD,PNP0f13:MOU] at 0x60,0x64 irq 1,12
[STDERR  ] 2018-03-06T08:03:42.774216263Z: [    4.998280] serio: i8042 KBD port at 0x60,0x64 irq 1
[STDERR  ] 2018-03-06T08:03:42.774224055Z: [    5.003675] serio: i8042 AUX port at 0x60,0x64 irq 12
[STDERR  ] 2018-03-06T08:03:42.774231870Z: [    5.009331] hv_vmbus: registering driver hyperv_keyboard
[STDERR  ] 2018-03-06T08:03:42.774239497Z: [    5.015402] mousedev: PS/2 mouse device common for all mice
[STDERR  ] 2018-03-06T08:03:42.774248178Z: [    5.022920] input: AT Translated Set 2 keyboard as /devices/platform/i8042/serio0/input/input1
[STDERR  ] 2018-03-06T08:03:42.774256041Z: [    5.032496] input: PC Speaker as /devices/platform/pcspkr/input/input2
[STDERR  ] 2018-03-06T08:03:42.774263815Z: [    5.039920] rtc_cmos 00:00: RTC can wake from S4
[STDERR  ] 2018-03-06T08:03:42.774276998Z: [    5.047316] rtc_cmos 00:00: rtc core: registered rtc_cmos as rtc0
[STDERR  ] 2018-03-06T08:03:42.774285372Z: [    5.054878] rtc_cmos 00:00: alarms up to one day, y3k, 114 bytes nvram, hpet irqs
[STDERR  ] 2018-03-06T08:03:42.774294138Z: [    5.063138] i2c /dev entries driver
[STDERR  ] 2018-03-06T08:03:42.774301863Z: [    5.067109] device-mapper: ioctl: 4.37.0-ioctl (2017-09-20) initialised: dm-devel@redhat.com
[STDERR  ] 2018-03-06T08:03:42.774310192Z: [    5.077261] usbcore: registered new interface driver usbhid
[STDERR  ] 2018-03-06T08:03:42.774318874Z: [    5.083808] usbhid: USB HID core driver
[STDERR  ] 2018-03-06T08:03:42.774328498Z: [    5.088367] hv_utils: Registering HyperV Utility Driver
[STDERR  ] 2018-03-06T08:03:42.774336997Z: [    5.094522] hv_vmbus: registering driver hv_util
[STDERR  ] 2018-03-06T08:03:42.774344692Z: [    5.099661] hv_vmbus: registering driver hv_balloon
[STDERR  ] 2018-03-06T08:03:42.774352892Z: [    5.105056] oprofile: using NMI interrupt.
[STDERR  ] 2018-03-06T08:03:42.774360801Z: [    5.109590] GACT probability on
[STDERR  ] 2018-03-06T08:03:42.774369425Z: [    5.113135] Mirror/redirect action on
[STDERR  ] 2018-03-06T08:03:42.774377139Z: [    5.117129] Simple TC action Loaded
[STDERR  ] 2018-03-06T08:03:42.774384941Z: [    5.121062] u32 classifier
[STDERR  ] 2018-03-06T08:03:42.774392988Z: [    5.124063]     Performance counters on
[STDERR  ] 2018-03-06T08:03:42.774404728Z: [    5.128230]     input device check on
[STDERR  ] 2018-03-06T08:03:42.774412958Z: [    5.132313]     Actions configured
[STDERR  ] 2018-03-06T08:03:42.774420834Z: [    5.136064] Netfilter messages via NETLINK v0.30.
[STDERR  ] 2018-03-06T08:03:42.774428775Z: [    5.141279] nfnl_acct: registering with nfnetlink.
[STDERR  ] 2018-03-06T08:03:42.774438688Z: [    5.146601] nf_conntrack version 0.5.0 (16384 buckets, 65536 max)
[STDERR  ] 2018-03-06T08:03:42.774448652Z: [    5.153401] ctnetlink v0.93: registering with nfnetlink.
[STDERR  ] 2018-03-06T08:03:42.774456461Z: [    5.159175] nf_tables: (c) 2007-2009 Patrick McHardy <kaber@trash.net>
[STDERR  ] 2018-03-06T08:03:42.774465225Z: [    5.166750] nf_tables_compat: (c) 2012 Pablo Neira Ayuso <pablo@netfilter.org>
[STDERR  ] 2018-03-06T08:03:42.774473317Z: [    5.175166] xt_time: kernel timezone is -0000
[STDERR  ] 2018-03-06T08:03:42.774484354Z: [    5.180417] ip_set: protocol 6
[STDERR  ] 2018-03-06T08:03:42.774492598Z: [    5.183813] IPVS: Registered protocols (TCP, UDP, SCTP, AH, ESP)
[STDERR  ] 2018-03-06T08:03:42.774500684Z: [    5.190809] IPVS: Connection hash table configured (size=4096, memory=64Kbytes)
[STDERR  ] 2018-03-06T08:03:42.774510441Z: [    5.199081] IPVS: ipvs loaded.
[STDERR  ] 2018-03-06T08:03:42.774519064Z: [    5.202592] IPVS: [rr] scheduler registered.
[STDERR  ] 2018-03-06T08:03:42.774527061Z: [    5.207583] IPVS: [wrr] scheduler registered.
[STDERR  ] 2018-03-06T08:03:42.774534944Z: [    5.212365] IPVS: [lc] scheduler registered.
[STDERR  ] 2018-03-06T08:03:42.774542758Z: [    5.217337] IPVS: [wlc] scheduler registered.
[STDERR  ] 2018-03-06T08:03:42.774550499Z: [    5.222124] IPVS: [fo] scheduler registered.
[STDERR  ] 2018-03-06T08:03:42.774560254Z: [    5.227143] IPVS: [ovf] scheduler registered.
[STDERR  ] 2018-03-06T08:03:42.774568566Z: [    5.231939] IPVS: [lblc] scheduler registered.
[STDERR  ] 2018-03-06T08:03:42.774576324Z: [    5.237105] IPVS: [lblcr] scheduler registered.
[STDERR  ] 2018-03-06T08:03:42.774584017Z: [    5.242329] IPVS: [dh] scheduler registered.
[STDERR  ] 2018-03-06T08:03:42.774591817Z: [    5.246959] IPVS: [sh] scheduler registered.
[STDERR  ] 2018-03-06T08:03:42.774599546Z: [    5.251991] IPVS: [sed] scheduler registered.
[STDERR  ] 2018-03-06T08:03:42.774607312Z: [    5.256681] IPVS: [nq] scheduler registered.
[STDERR  ] 2018-03-06T08:03:42.774615201Z: [    5.261693] IPVS: ftp: loaded support on port[0] = 21
[STDERR  ] 2018-03-06T08:03:42.774622981Z: [    5.267525] ipip: IPv4 and MPLS over IPv4 tunneling driver
[STDERR  ] 2018-03-06T08:03:42.774630674Z: [    5.274229] ata3: SATA link up 1.5 Gbps (SStatus 113 SControl 300)
[STDERR  ] 2018-03-06T08:03:42.774639079Z: [    5.282092] ata2: SATA link down (SStatus 0 SControl 300)
[STDERR  ] 2018-03-06T08:03:42.774646674Z: [    5.288955] ata1: SATA link up 1.5 Gbps (SStatus 113 SControl 300)
[STDERR  ] 2018-03-06T08:03:42.774654270Z: [    5.296768] ata6: SATA link down (SStatus 0 SControl 300)
[STDERR  ] 2018-03-06T08:03:42.774662232Z: [    5.303822] ata5: SATA link down (SStatus 0 SControl 300)
[STDERR  ] 2018-03-06T08:03:42.774672425Z: [    5.310827] ata4: SATA link down (SStatus 0 SControl 300)
[STDERR  ] 2018-03-06T08:03:42.774680043Z: [    5.317041] gre: GRE over IPv4 demultiplexor driver
[STDERR  ] 2018-03-06T08:03:42.774687644Z: [    5.322559] ata1.00: ATA-7: QEMU HARDDISK, 2.5+, max UDMA/100
[STDERR  ] 2018-03-06T08:03:42.774695370Z: [    5.329001] ata1.00: 4194304 sectors, multi 16: LBA48 NCQ (depth 31/32)
[STDERR  ] 2018-03-06T08:03:42.774703312Z: [    5.336358] ata1.00: applying bridge limits
[STDERR  ] 2018-03-06T08:03:42.774710863Z: [    5.341401] ata3.00: ATAPI: QEMU DVD-ROM, 2.5+, max UDMA/100
[STDERR  ] 2018-03-06T08:03:42.774718538Z: [    5.347716] ata3.00: applying bridge limits
[STDERR  ] 2018-03-06T08:03:42.774725965Z: [    5.352798] ip_tables: (C) 2000-2006 Netfilter Core Team
[STDERR  ] 2018-03-06T08:03:42.774735934Z: [    5.359053] ipt_CLUSTERIP: ClusterIP Version 0.8 loaded successfully
[STDERR  ] 2018-03-06T08:03:42.774749539Z: [    5.366520] ata3.00: configured for UDMA/100
[STDERR  ] 2018-03-06T08:03:42.774757701Z: [    5.371998] arp_tables: arp_tables: (C) 2002 David S. Miller
[STDERR  ] 2018-03-06T08:03:42.774765238Z: [    5.378805] NET: Registered protocol family 10
[STDERR  ] 2018-03-06T08:03:42.774772843Z: [    5.384631] ata1.00: configured for UDMA/100
[STDERR  ] 2018-03-06T08:03:42.774780328Z: [    5.389719] scsi 0:0:0:0: Direct-Access     ATA      QEMU HARDDISK    2.5+ PQ: 0 ANSI: 5
[STDERR  ] 2018-03-06T08:03:42.774788285Z: [    5.399278] Segment Routing with IPv6
[STDERR  ] 2018-03-06T08:03:42.774795932Z: [    5.403595] sd 0:0:0:0: Attached scsi generic sg0 type 0
[STDERR  ] 2018-03-06T08:03:42.774803681Z: [    5.409495] ip6_tables: (C) 2000-2006 Netfilter Core Team
[STDERR  ] 2018-03-06T08:03:42.774811377Z: [    5.415510] sd 0:0:0:0: [sda] 4194304 512-byte logical blocks: (2.15 GB/2.00 GiB)
[STDERR  ] 2018-03-06T08:03:42.774822944Z: [    5.424258] scsi 2:0:0:0: CD-ROM            QEMU     QEMU DVD-ROM     2.5+ PQ: 0 ANSI: 5
[STDERR  ] 2018-03-06T08:03:42.774830814Z: [    5.434174] NET: Registered protocol family 17
[STDERR  ] 2018-03-06T08:03:42.774840724Z: [    5.439111] Bridge firewalling registered
[STDERR  ] 2018-03-06T08:03:42.774848412Z: [    5.443693] sd 0:0:0:0: [sda] Write Protect is off
[STDERR  ] 2018-03-06T08:03:42.774856108Z: [    5.449004] sd 0:0:0:0: [sda] Write cache: enabled, read cache: enabled, doesn't support DPO or FUA
[STDERR  ] 2018-03-06T08:03:42.774866032Z: [    5.460653] Ebtables v2.0 registered
[STDERR  ] 2018-03-06T08:03:42.774873728Z: [    5.464837] 8021q: 802.1Q VLAN Support v1.8
[STDERR  ] 2018-03-06T08:03:42.774881214Z: [    5.469611] 9pnet: Installing 9P2000 support
[STDERR  ] 2018-03-06T08:03:42.774888764Z: [    5.475522] sd 0:0:0:0: [sda] Attached SCSI disk
[STDERR  ] 2018-03-06T08:03:42.774896278Z: [    5.480958] Key type dns_resolver registered
[STDERR  ] 2018-03-06T08:03:42.774903879Z: [    5.485897] registered taskstats version 1
[STDERR  ] 2018-03-06T08:03:42.774911328Z: [    5.496388] Key type big_key registered
[STDERR  ] 2018-03-06T08:03:42.774918894Z: [    5.501531] sr 2:0:0:0: [sr0] scsi3-mmc drive: 4x/4x cd/rw xa/form2 tray
[STDERR  ] 2018-03-06T08:03:42.774927344Z: [    5.509250] cdrom: Uniform CD-ROM driver Revision: 3.20
[STDERR  ] 2018-03-06T08:03:42.774934972Z: [    5.518339] Key type encrypted registered
[STDERR  ] 2018-03-06T08:03:42.774942604Z: [    5.525121] sr 2:0:0:0: Attached scsi generic sg1 type 5
[STDERR  ] 2018-03-06T08:03:42.774950261Z: [    5.531901] rtc_cmos 00:00: setting system clock to 2018-03-06 08:02:10 UTC (1520323330)
[STDERR  ] 2018-03-06T08:03:42.774958159Z: [    5.544301] Freeing unused kernel memory: 1504K
[STDERR  ] 2018-03-06T08:03:42.774965948Z: [    5.549669] Write protecting the kernel read-only data: 18432k
[STDERR  ] 2018-03-06T08:03:42.774974004Z: [    5.557349] Freeing unused kernel memory: 2024K
[STDERR  ] 2018-03-06T08:03:42.774981972Z: [    5.565757] Freeing unused kernel memory: 1140K
[STDERR  ] 2018-03-06T08:03:42.774989559Z: 
[STDERR  ] 2018-03-06T08:03:42.774997501Z: Welcome to LinuxKit
[STDERR  ] 2018-03-06T08:03:42.775006368Z: 
[STDERR  ] 2018-03-06T08:03:42.775014106Z:                         ##         .
[STDERR  ] 2018-03-06T08:03:42.775022279Z:                   ## ## ##        ==
[STDERR  ] 2018-03-06T08:03:42.775030052Z:                ## ## ## ## ##    ===
[STDERR  ] 2018-03-06T08:03:42.775037621Z:            /"""""""""""""""""\___/ ===
[STDERR  ] 2018-03-06T08:03:42.775047186Z:           {                       /  ===-
[STDERR  ] 2018-03-06T08:03:42.775056912Z:            \______ O           __/
[STDERR  ] 2018-03-06T08:03:42.775064550Z:              \    \         __/
[STDERR  ] 2018-03-06T08:03:42.775072104Z:               \____\_______/
[STDERR  ] 2018-03-06T08:03:42.775080158Z: 
[STDERR  ] 2018-03-06T08:03:42.775087718Z: [    7.126087] 8021q: adding VLAN 0 to HW filter on device eth0
[STDERR  ] 2018-03-06T08:03:42.775095398Z: eth0: waiting for carrier
[STDERR  ] 2018-03-06T08:03:42.775102904Z: eth0: carrier acquired
[STDERR  ] 2018-03-06T08:03:42.775113357Z: DUID 00:01:00:01:22:31:07:83:9a:40:e7:ae:f2:08
[STDERR  ] 2018-03-06T08:03:42.775121324Z: eth0: IAID e7:ae:f2:08
[STDERR  ] 2018-03-06T08:03:42.775129006Z: eth0: adding address fe80::c40f:f6a7:79c2:2c62
[STDERR  ] 2018-03-06T08:03:42.775136575Z: eth0: soliciting an IPv6 router
[STDERR  ] 2018-03-06T08:03:42.775144225Z: eth0: soliciting a DHCP lease
[STDERR  ] 2018-03-06T08:03:42.775152330Z: eth0: offered 10.0.2.15 from 10.0.2.2
[STDERR  ] 2018-03-06T08:03:42.775161875Z: eth0: leased 10.0.2.15 for 86400 seconds
[STDERR  ] 2018-03-06T08:03:42.775173958Z: eth0: adding route to 10.0.2.0/24
[STDERR  ] 2018-03-06T08:03:42.775182384Z: eth0: adding default route via 10.0.2.2
[STDERR  ] 2018-03-06T08:03:42.775190030Z: exiting due to oneshot
[STDERR  ] 2018-03-06T08:03:42.775197923Z: dhcpcd exited
[STDERR  ] 2018-03-06T08:03:42.775206203Z: [    7.256137] IPVS: ftp: loaded support on port[0] = 21
[STDERR  ] 2018-03-06T08:03:42.775217618Z: [    7.348595]  sda:
[STDERR  ] 2018-03-06T08:03:42.775225943Z: [    7.361215]  sda:
[STDERR  ] 2018-03-06T08:03:42.775234059Z: [    7.379741]  sda: sda1
[STDERR  ] 2018-03-06T08:03:42.775241875Z: [    7.388344]  sda: sda1
[STDERR  ] 2018-03-06T08:03:42.775251718Z: 2018/03/06 08:02:11 Creating partition on /dev/sda
[STDERR  ] 2018-03-06T08:03:42.775263834Z: 2018/03/06 08:02:12 Partition /dev/sda1 successfully created!
[STDERR  ] 2018-03-06T08:03:42.775286919Z: [    8.901327] IPVS: ftp: loaded support on port[0] = 21
[STDERR  ] 2018-03-06T08:03:42.775299875Z: [    8.950309] EXT4-fs (sda1): couldn't mount as ext3 due to feature incompatibilities
[STDERR  ] 2018-03-06T08:03:42.775313194Z: [    8.961352] EXT4-fs (sda1): couldn't mount as ext2 due to feature incompatibilities
[STDERR  ] 2018-03-06T08:03:42.775328819Z: [    8.977394] EXT4-fs (sda1): mounted filesystem with ordered data mode. Opts: (null)
[STDERR  ] 2018-03-06T08:03:42.775337326Z: [   17.520850] XFS (loop0): Mounting V4 Filesystem
[STDERR  ] 2018-03-06T08:03:42.775345352Z: [   17.529621] XFS (loop0): Ending clean mount
[STDERR  ] 2018-03-06T08:03:42.775353172Z: [   17.536425] XFS (loop0): Unmounting Filesystem
[STDERR  ] 2018-03-06T08:03:42.775361052Z: [   17.800787] XFS (loop0): Mounting V4 Filesystem
[STDERR  ] 2018-03-06T08:03:42.775368938Z: [   17.808416] XFS (loop0): Ending clean mount
[STDERR  ] 2018-03-06T08:03:42.775379034Z: [   17.814306] XFS (loop0): Unmounting Filesystem
[STDERR  ] 2018-03-06T08:03:42.775386752Z: [   36.930685] XFS (loop2): Mounting V5 Filesystem
[STDERR  ] 2018-03-06T08:03:42.775399957Z: [   36.939558] XFS (loop2): Ending clean mount
[STDERR  ] 2018-03-06T08:03:42.775407805Z: [   36.950326] XFS (loop2): Unmounting Filesystem
[STDERR  ] 2018-03-06T08:03:42.775415561Z: [   39.470088] raid6: sse2x1   gen()  8332 MB/s
[STDERR  ] 2018-03-06T08:03:42.775423239Z: [   39.640105] raid6: sse2x1   xor()  6118 MB/s
[STDERR  ] 2018-03-06T08:03:42.775431699Z: [   39.810085] raid6: sse2x2   gen() 10308 MB/s
[STDERR  ] 2018-03-06T08:03:42.775439450Z: [   39.980124] raid6: sse2x2   xor()  6896 MB/s
[STDERR  ] 2018-03-06T08:03:42.775447095Z: [   40.150083] raid6: sse2x4   gen() 12462 MB/s
[STDERR  ] 2018-03-06T08:03:42.775454826Z: [   40.320096] raid6: sse2x4   xor()  8658 MB/s
[STDERR  ] 2018-03-06T08:03:42.775462472Z: [   40.325877] raid6: using algorithm sse2x4 gen() 12462 MB/s
[STDERR  ] 2018-03-06T08:03:42.775472137Z: [   40.334335] raid6: .... xor() 8658 MB/s, rmw enabled
[STDERR  ] 2018-03-06T08:03:42.775479921Z: [   40.341543] raid6: using intx1 recovery algorithm
[STDERR  ] 2018-03-06T08:03:42.775487572Z: [   40.350652] xor: measuring software checksum speed
[STDERR  ] 2018-03-06T08:03:42.775495204Z: [   40.450085]    prefetch64-sse: 17416.800 MB/sec
[STDERR  ] 2018-03-06T08:03:42.775502786Z: [   40.550074]    generic_sse: 15804.400 MB/sec
[STDERR  ] 2018-03-06T08:03:42.775510499Z: [   40.555509] xor: using function: prefetch64-sse (17416.800 MB/sec)
[STDERR  ] 2018-03-06T08:03:42.775519204Z: [   40.577456] Btrfs loaded, crc32c=crc32c-generic
[STDERR  ] 2018-03-06T08:03:42.775530699Z: [   40.584376] BTRFS: device fsid 45e6ad32-6a2d-4b39-8eb0-f4e91b4c6846 devid 1 transid 5 /dev/loop2
[STDERR  ] 2018-03-06T08:03:42.775539048Z: [   40.610422] BTRFS info (device loop2): disk space caching is enabled
[STDERR  ] 2018-03-06T08:03:42.775547525Z: [   40.618914] BTRFS info (device loop2): has skinny extents
[STDERR  ] 2018-03-06T08:03:42.775555283Z: [   40.626500] BTRFS info (device loop2): flagging fs with big metadata feature
[STDERR  ] 2018-03-06T08:03:42.775563523Z: [   40.637408] BTRFS info (device loop2): creating UUID tree
[STDERR  ] 2018-03-06T08:03:42.775571150Z: [   41.270288] BTRFS: device fsid ca21cf3e-776e-4504-9998-b03d111d0f7a devid 1 transid 5 /dev/loop2
[STDERR  ] 2018-03-06T08:03:42.775578912Z: [   41.370445] BTRFS info (device loop2): disk space caching is enabled
[STDERR  ] 2018-03-06T08:03:42.775587164Z: [   41.375088] BTRFS info (device loop2): has skinny extents
[STDERR  ] 2018-03-06T08:03:42.775598486Z: [   41.378905] BTRFS info (device loop2): flagging fs with big metadata feature
[STDERR  ] 2018-03-06T08:03:42.775606319Z: [   41.384999] BTRFS info (device loop2): creating UUID tree
[STDERR  ] 2018-03-06T08:03:42.775614203Z: [   41.810356] BTRFS: device fsid 983a67c5-131f-40fb-a7cc-0c545c5fcfc1 devid 1 transid 5 /dev/loop2
[STDERR  ] 2018-03-06T08:03:42.775622135Z: [   41.900540] BTRFS info (device loop2): disk space caching is enabled
[STDERR  ] 2018-03-06T08:03:42.775630688Z: [   41.904991] BTRFS info (device loop2): has skinny extents
[STDERR  ] 2018-03-06T08:03:42.775638395Z: [   41.908655] BTRFS info (device loop2): flagging fs with big metadata feature
[STDERR  ] 2018-03-06T08:03:42.775646294Z: [   41.914745] BTRFS info (device loop2): creating UUID tree
[STDERR  ] 2018-03-06T08:03:42.775654064Z: [   42.340313] BTRFS: device fsid 62a9359c-3577-46a2-9d6b-69cd223c9a66 devid 1 transid 5 /dev/loop2
[STDERR  ] 2018-03-06T08:03:42.775661921Z: [   42.430419] BTRFS info (device loop2): disk space caching is enabled
[STDERR  ] 2018-03-06T08:03:42.775670264Z: [   42.434982] BTRFS info (device loop2): has skinny extents
[STDERR  ] 2018-03-06T08:03:42.775678044Z: [   42.438599] BTRFS info (device loop2): flagging fs with big metadata feature
[STDERR  ] 2018-03-06T08:03:42.775685772Z: [   42.444614] BTRFS info (device loop2): creating UUID tree
[STDERR  ] 2018-03-06T08:03:42.775695417Z: [   42.940312] BTRFS: device fsid e1bf9ff1-12a5-4c80-ab73-eb922db7bd8e devid 1 transid 5 /dev/loop2
[STDERR  ] 2018-03-06T08:03:42.775703625Z: [   43.030516] BTRFS info (device loop2): disk space caching is enabled
[STDERR  ] 2018-03-06T08:03:42.775711255Z: [   43.035369] BTRFS info (device loop2): has skinny extents
[STDERR  ] 2018-03-06T08:03:42.775720535Z: [   43.039131] BTRFS info (device loop2): flagging fs with big metadata feature
[STDERR  ] 2018-03-06T08:03:42.775728418Z: [   43.046650] BTRFS info (device loop2): creating UUID tree
[STDERR  ] 2018-03-06T08:03:42.775736570Z: [   43.420429] BTRFS: device fsid ca62b5f1-0673-4848-baa0-da403a1b5aa6 devid 1 transid 5 /dev/loop2
[STDERR  ] 2018-03-06T08:03:42.775744419Z: [   43.510517] BTRFS info (device loop2): disk space caching is enabled
[STDERR  ] 2018-03-06T08:03:42.775752139Z: [   43.515569] BTRFS info (device loop2): has skinny extents
[STDERR  ] 2018-03-06T08:03:42.775761939Z: [   43.519711] BTRFS info (device loop2): flagging fs with big metadata feature
[STDERR  ] 2018-03-06T08:03:42.775770041Z: [   43.526506] BTRFS info (device loop2): creating UUID tree
[STDERR  ] 2018-03-06T08:03:42.775777779Z: [   44.160415] BTRFS: device fsid 787d5748-2ee0-4701-aa04-3afe62d062bd devid 1 transid 5 /dev/loop2
[STDERR  ] 2018-03-06T08:03:42.775786137Z: [   44.250471] BTRFS info (device loop2): disk space caching is enabled
[STDERR  ] 2018-03-06T08:03:42.775794832Z: [   44.255549] BTRFS info (device loop2): has skinny extents
[STDERR  ] 2018-03-06T08:03:42.775802561Z: [   44.259667] BTRFS info (device loop2): flagging fs with big metadata feature
[STDERR  ] 2018-03-06T08:03:42.775810421Z: [   44.266193] BTRFS info (device loop2): creating UUID tree
[STDERR  ] 2018-03-06T08:03:42.775821586Z: [   44.980378] BTRFS: device fsid b5a4e7b6-1e19-42d6-b835-59821d3ecfb9 devid 1 transid 5 /dev/loop2
[STDERR  ] 2018-03-06T08:03:42.775832143Z: [   45.070446] BTRFS info (device loop2): disk space caching is enabled
[STDERR  ] 2018-03-06T08:03:42.775839952Z: [   45.075109] BTRFS info (device loop2): has skinny extents
[STDERR  ] 2018-03-06T08:03:42.775847772Z: [   45.078798] BTRFS info (device loop2): flagging fs with big metadata feature
[STDERR  ] 2018-03-06T08:03:42.775855604Z: [   45.084944] BTRFS info (device loop2): creating UUID tree
[STDERR  ] 2018-03-06T08:03:42.775863295Z: [   45.660367] BTRFS: device fsid 23b1842c-65f7-4b5a-85be-6ae6c24f8310 devid 1 transid 5 /dev/loop2
[STDERR  ] 2018-03-06T08:03:42.775871218Z: [   45.750494] BTRFS info (device loop2): disk space caching is enabled
[STDERR  ] 2018-03-06T08:03:42.775879928Z: [   45.755314] BTRFS info (device loop2): has skinny extents
[STDERR  ] 2018-03-06T08:03:42.775890872Z: [   45.760158] BTRFS info (device loop2): flagging fs with big metadata feature
[STDERR  ] 2018-03-06T08:03:42.775899577Z: [   45.767278] BTRFS info (device loop2): creating UUID tree
[STDERR  ] 2018-03-06T08:03:42.775912079Z: [   46.490338] BTRFS: device fsid 6c33f182-50e4-4751-8ac5-2460abc6f1c8 devid 1 transid 5 /dev/loop2
[STDERR  ] 2018-03-06T08:03:42.775920199Z: [   46.580467] BTRFS info (device loop2): disk space caching is enabled
[STDERR  ] 2018-03-06T08:03:42.775928881Z: [   46.585382] BTRFS info (device loop2): has skinny extents
[STDERR  ] 2018-03-06T08:03:42.775936883Z: [   46.589495] BTRFS info (device loop2): flagging fs with big metadata feature
[STDERR  ] 2018-03-06T08:03:42.775944832Z: [   46.596474] BTRFS info (device loop2): creating UUID tree
[STDERR  ] 2018-03-06T08:03:42.775954452Z: [   47.210382] BTRFS: device fsid 2309ded6-64ae-41b8-9330-174efa8aa6e0 devid 1 transid 5 /dev/loop2
[STDERR  ] 2018-03-06T08:03:42.775962537Z: [   47.300519] BTRFS info (device loop2): disk space caching is enabled
[STDERR  ] 2018-03-06T08:03:42.775970595Z: [   47.306688] BTRFS info (device loop2): has skinny extents
[STDERR  ] 2018-03-06T08:03:42.775978439Z: [   47.310963] BTRFS info (device loop2): flagging fs with big metadata feature
[STDERR  ] 2018-03-06T08:03:42.775987339Z: [   47.316993] BTRFS info (device loop2): creating UUID tree
[STDERR  ] 2018-03-06T08:03:42.775995148Z: [   48.030406] BTRFS: device fsid 0bcea2ee-75e0-4444-a795-399c2953ea83 devid 1 transid 5 /dev/loop2
[STDERR  ] 2018-03-06T08:03:42.776003054Z: [   48.120580] BTRFS info (device loop2): disk space caching is enabled
[STDERR  ] 2018-03-06T08:03:42.776013219Z: [   48.124997] BTRFS info (device loop2): has skinny extents
[STDERR  ] 2018-03-06T08:03:42.776020954Z: [   48.128697] BTRFS info (device loop2): flagging fs with big metadata feature
[STDERR  ] 2018-03-06T08:03:42.776029086Z: [   48.134754] BTRFS info (device loop2): creating UUID tree
[STDERR  ] 2018-03-06T08:03:42.776037026Z: [   53.120460] BTRFS: device fsid 5ecdf31b-64ef-4682-8aa8-25a9a10e4946 devid 1 transid 5 /dev/loop2
[STDERR  ] 2018-03-06T08:03:42.776045068Z: [   53.210499] BTRFS info (device loop2): disk space caching is enabled
[STDERR  ] 2018-03-06T08:03:42.776052917Z: [   53.215718] BTRFS info (device loop2): has skinny extents
[STDERR  ] 2018-03-06T08:03:42.776060717Z: [   53.220147] BTRFS info (device loop2): flagging fs with big metadata feature
[STDERR  ] 2018-03-06T08:03:42.776069232Z: [   53.226955] BTRFS info (device loop2): creating UUID tree
[STDERR  ] 2018-03-06T08:03:42.776077312Z: [   53.780375] BTRFS: device fsid 3b9b1c4c-f1bb-44b3-95cd-927c7344586d devid 1 transid 5 /dev/loop2
[STDERR  ] 2018-03-06T08:03:42.776085310Z: [   53.870484] BTRFS info (device loop2): disk space caching is enabled
[STDERR  ] 2018-03-06T08:03:42.776095017Z: [   53.876006] BTRFS info (device loop2): has skinny extents
[STDERR  ] 2018-03-06T08:03:42.776102743Z: [   53.880778] BTRFS info (device loop2): flagging fs with big metadata feature
[STDERR  ] 2018-03-06T08:03:42.776110681Z: [   53.887847] BTRFS info (device loop2): creating UUID tree
[STDERR  ] 2018-03-06T08:03:42.776121681Z: [   54.350331] BTRFS: device fsid a4dfbace-5f5c-4699-b1cc-f64608745db9 devid 1 transid 5 /dev/loop2
[STDERR  ] 2018-03-06T08:03:42.776130255Z: [   54.440530] BTRFS info (device loop2): disk space caching is enabled
[STDERR  ] 2018-03-06T08:03:42.776138801Z: [   54.445200] BTRFS info (device loop2): has skinny extents
[STDERR  ] 2018-03-06T08:03:42.776147095Z: [   54.448845] BTRFS info (device loop2): flagging fs with big metadata feature
[STDERR  ] 2018-03-06T08:03:42.776154975Z: [   54.454767] BTRFS info (device loop2): creating UUID tree
[STDERR  ] 2018-03-06T08:03:42.776162928Z: [   54.870364] BTRFS: device fsid f57d2288-519b-4ac3-84f9-c16ab9a4a2d5 devid 1 transid 5 /dev/loop2
[STDERR  ] 2018-03-06T08:03:42.776170904Z: [   54.960493] BTRFS info (device loop2): disk space caching is enabled
[STDERR  ] 2018-03-06T08:03:42.776182665Z: [   54.964915] BTRFS info (device loop2): has skinny extents
[STDERR  ] 2018-03-06T08:03:42.776190659Z: [   54.968731] BTRFS info (device loop2): flagging fs with big metadata feature
[STDERR  ] 2018-03-06T08:03:42.776199025Z: [   54.974943] BTRFS info (device loop2): creating UUID tree
[STDERR  ] 2018-03-06T08:03:42.776208990Z: [   55.460381] BTRFS: device fsid 7b7220c1-3638-4e9c-89d5-92d3ecc66d7b devid 1 transid 5 /dev/loop2
[STDERR  ] 2018-03-06T08:03:42.776218506Z: [   55.550462] BTRFS info (device loop2): disk space caching is enabled
[STDERR  ] 2018-03-06T08:03:42.776227059Z: [   55.555150] BTRFS info (device loop2): has skinny extents
[STDERR  ] 2018-03-06T08:03:42.776234786Z: [   55.558746] BTRFS info (device loop2): flagging fs with big metadata feature
[STDERR  ] 2018-03-06T08:03:42.776243032Z: [   55.565083] BTRFS info (device loop2): creating UUID tree
[STDERR  ] 2018-03-06T08:03:42.776250732Z: [   55.970365] BTRFS: device fsid fef46087-ef5e-46a7-8a36-24f610780e35 devid 1 transid 5 /dev/loop2
[STDERR  ] 2018-03-06T08:03:42.776260588Z: [   56.060494] BTRFS info (device loop2): disk space caching is enabled
[STDERR  ] 2018-03-06T08:03:42.776275683Z: [   56.065516] BTRFS info (device loop2): has skinny extents
[STDERR  ] 2018-03-06T08:03:42.776283924Z: [   56.069718] BTRFS info (device loop2): flagging fs with big metadata feature
[STDERR  ] 2018-03-06T08:03:42.776292512Z: [   56.076513] BTRFS info (device loop2): creating UUID tree
[STDERR  ] 2018-03-06T08:03:42.776300212Z: [   56.480383] BTRFS: device fsid 1fe1b37d-d42d-4b0a-a00b-ebd70806d9a2 devid 1 transid 5 /dev/loop2
[STDERR  ] 2018-03-06T08:03:42.776308041Z: [   56.570513] BTRFS info (device loop2): disk space caching is enabled
[STDERR  ] 2018-03-06T08:03:42.776315774Z: [   56.576001] BTRFS info (device loop2): has skinny extents
[STDERR  ] 2018-03-06T08:03:42.776323894Z: [   56.580681] BTRFS info (device loop2): flagging fs with big metadata feature
[STDERR  ] 2018-03-06T08:03:42.776334248Z: [   56.587602] BTRFS info (device loop2): creating UUID tree
[STDERR  ] 2018-03-06T08:03:42.776342104Z: v1.0.2
[STDERR  ] 2018-03-06T08:03:42.776350272Z: cfd04396dc68220d1cecbe686a6cc3aa5ce3667c
[STDERR  ] 2018-03-06T08:03:42.776358105Z:  root-test
[STDERR  ] 2018-03-06T08:03:42.776366019Z: ok  	github.com/containerd/containerd/archive	0.112s
[STDERR  ] 2018-03-06T08:03:42.776375358Z: ok  	github.com/containerd/containerd/fs	0.634s
[STDERR  ] 2018-03-06T08:03:42.776383132Z: ok  	github.com/containerd/containerd/metadata	3.442s
[STDERR  ] 2018-03-06T08:03:42.776390859Z: ok  	github.com/containerd/containerd/mount/lookup_test	0.347s
[STDERR  ] 2018-03-06T08:03:42.776398579Z: ok  	github.com/containerd/containerd/snapshots/btrfs	17.787s
[STDERR  ] 2018-03-06T08:03:42.776406619Z: ok  	github.com/containerd/containerd/snapshots/naive	3.922s
[STDERR  ] 2018-03-06T08:03:42.776414445Z: ok  	github.com/containerd/containerd/snapshots/overlay	3.559s
[STDERR  ] 2018-03-06T08:03:42.776423832Z: containerd test suite PASSED
[STDERR  ] 2018-03-06T08:03:42.776432292Z: [   97.198910] sd 0:0:0:0: [sda] Synchronizing SCSI cache
[STDERR  ] 2018-03-06T08:03:42.776439958Z: [   97.203865] sd 0:0:0:0: [sda] Stopping disk
[STDERR  ] 2018-03-06T08:03:42.776450754Z: [   97.208421] ACPI: Preparing to enter system sleep state S5
[STDERR  ] 2018-03-06T08:03:42.776458563Z: [   97.213551] reboot: Power down
[STDERR  ] 2018-03-06T08:03:42.776466988Z: + echo [    0.000000] Linux version 4.14.23-linuxkit (root@e0a6c0f2f7a4) (gcc version 6.4.0 (Alpine 6.4.0)) #1 SMP Wed Feb 28 11:15:17 UTC 2018
[STDERR  ] 2018-03-06T08:03:42.776475412Z: [    0.000000] Command line: console=ttyS0 console=ttyAMA0
[STDERR  ] 2018-03-06T08:03:42.776483303Z: [    0.000000] x86/fpu: x87 FPU will use FXSAVE
[STDERR  ] 2018-03-06T08:03:42.776490992Z: [    0.000000] e820: BIOS-provided physical RAM map:
[STDERR  ] 2018-03-06T08:03:42.776498692Z: [    0.000000] BIOS-e820: [mem 0x0000000000000000-0x000000000009fbff] usable
[STDERR  ] 2018-03-06T08:03:42.776507317Z: [    0.000000] BIOS-e820: [mem 0x000000000009fc00-0x000000000009ffff] reserved
[STDERR  ] 2018-03-06T08:03:42.776519384Z: [    0.000000] BIOS-e820: [mem 0x00000000000f0000-0x00000000000fffff] reserved
[STDERR  ] 2018-03-06T08:03:42.776527345Z: [    0.000000] BIOS-e820: [mem 0x0000000000100000-0x000000007ffdefff] usable
[STDERR  ] 2018-03-06T08:03:42.776535085Z: [    0.000000] BIOS-e820: [mem 0x000000007ffdf000-0x000000007fffffff] reserved
[STDERR  ] 2018-03-06T08:03:42.776542917Z: [    0.000000] BIOS-e820: [mem 0x00000000b0000000-0x00000000bfffffff] reserved
[STDERR  ] 2018-03-06T08:03:42.776551564Z: [    0.000000] BIOS-e820: [mem 0x00000000fed1c000-0x00000000fed1ffff] reserved
[STDERR  ] 2018-03-06T08:03:42.776559792Z: [    0.000000] BIOS-e820: [mem 0x00000000feffc000-0x00000000feffffff] reserved
[STDERR  ] 2018-03-06T08:03:42.776567555Z: [    0.000000] BIOS-e820: [mem 0x00000000fffc0000-0x00000000ffffffff] reserved
[STDERR  ] 2018-03-06T08:03:42.776575155Z: [    0.000000] NX (Execute Disable) protection: active
[STDERR  ] 2018-03-06T08:03:42.776582937Z: [    0.000000] random: fast init done
[STDERR  ] 2018-03-06T08:03:42.776590597Z: [    0.000000] SMBIOS 2.8 present.
[STDERR  ] 2018-03-06T08:03:42.776598268Z: [    0.000000] DMI: QEMU Standard PC (Q35 + ICH9, 2009), BIOS rel-1.10.2-0-g5f4c7b1-prebuilt.qemu-project.org 04/01/2014
[STDERR  ] 2018-03-06T08:03:42.776606397Z: [    0.000000] Hypervisor detected: KVM
[STDERR  ] 2018-03-06T08:03:42.776613974Z: [    0.000000] tsc: Fast TSC calibration failed
[STDERR  ] 2018-03-06T08:03:42.776621486Z: [    0.000000] tsc: Unable to calibrate against PIT
[STDERR  ] 2018-03-06T08:03:42.776630959Z: [    0.000000] tsc: No reference (HPET/PMTIMER) available
[STDERR  ] 2018-03-06T08:03:42.776638752Z: [    0.000000] e820: last_pfn = 0x7ffdf max_arch_pfn = 0x400000000
[STDERR  ] 2018-03-06T08:03:42.776647012Z: [    0.000000] x86/PAT: PAT not supported by CPU.
[STDERR  ] 2018-03-06T08:03:42.776654783Z: [    0.000000] x86/PAT: Configuration [0-7]: WB  WT  UC- UC  WB  WT  UC- UC  
[STDERR  ] 2018-03-06T08:03:42.776662458Z: [    0.000000] found SMP MP-table at [mem 0x000f6aa0-0x000f6aaf] mapped at [ffffffffff200aa0]
[STDERR  ] 2018-03-06T08:03:42.776670264Z: [    0.000000] RAMDISK: [mem 0x73347000-0x7ffcffff]
[STDERR  ] 2018-03-06T08:03:42.776677835Z: [    0.000000] ACPI: Early table checksum verification disabled
[STDERR  ] 2018-03-06T08:03:42.776685339Z: [    0.000000] ACPI: RSDP 0x00000000000F68B0 000014 (v00 BOCHS )
[STDERR  ] 2018-03-06T08:03:42.776697143Z: [    0.000000] ACPI: RSDT 0x000000007FFE20A8 000034 (v01 BOCHS  BXPCRSDT 00000001 BXPC 00000001)
[STDERR  ] 2018-03-06T08:03:42.776704879Z: [    0.000000] ACPI: FACP 0x000000007FFE1EC8 0000F4 (v03 BOCHS  BXPCFACP 00000001 BXPC 00000001)
[STDERR  ] 2018-03-06T08:03:42.776712592Z: [    0.000000] ACPI: DSDT 0x000000007FFE0040 001E88 (v01 BOCHS  BXPCDSDT 00000001 BXPC 00000001)
[STDERR  ] 2018-03-06T08:03:42.776720252Z: [    0.000000] ACPI: FACS 0x000000007FFE0000 000040
[STDERR  ] 2018-03-06T08:03:42.776729630Z: [    0.000000] ACPI: APIC 0x000000007FFE1FBC 000078 (v01 BOCHS  BXPCAPIC 00000001 BXPC 00000001)
[STDERR  ] 2018-03-06T08:03:42.776737452Z: [    0.000000] ACPI: HPET 0x000000007FFE2034 000038 (v01 BOCHS  BXPCHPET 00000001 BXPC 00000001)
[STDERR  ] 2018-03-06T08:03:42.776749092Z: [    0.000000] ACPI: MCFG 0x000000007FFE206C 00003C (v01 BOCHS  BXPCMCFG 00000001 BXPC 00000001)
[STDERR  ] 2018-03-06T08:03:42.776757292Z: [    0.000000] kvm-clock: Using msrs 4b564d01 and 4b564d00
[STDERR  ] 2018-03-06T08:03:42.776765135Z: [    0.000000] kvm-clock: cpu 0, msr 0:7ffdd001, primary cpu clock
[STDERR  ] 2018-03-06T08:03:42.776773064Z: [    0.000000] clocksource: kvm-clock: mask: 0xffffffffffffffff max_cycles: 0x1cd42e4dffb, max_idle_ns: 881590591483 ns
[STDERR  ] 2018-03-06T08:03:42.776781137Z: [    0.000000] Zone ranges:
[STDERR  ] 2018-03-06T08:03:42.776789074Z: [    0.000000]   DMA      [mem 0x0000000000001000-0x0000000000ffffff]
[STDERR  ] 2018-03-06T08:03:42.776797421Z: [    0.000000]   DMA32    [mem 0x0000000001000000-0x000000007ffdefff]
[STDERR  ] 2018-03-06T08:03:42.776808190Z: [    0.000000]   Normal   empty
[STDERR  ] 2018-03-06T08:03:42.776819286Z: [    0.000000]   Device   empty
[STDERR  ] 2018-03-06T08:03:42.776827192Z: [    0.000000] Movable zone start for each node
[STDERR  ] 2018-03-06T08:03:42.776835052Z: [    0.000000] Early memory node ranges
[STDERR  ] 2018-03-06T08:03:42.776844312Z: [    0.000000]   node   0: [mem 0x0000000000001000-0x000000000009efff]
[STDERR  ] 2018-03-06T08:03:42.776852385Z: [    0.000000]   node   0: [mem 0x0000000000100000-0x000000007ffdefff]
[STDERR  ] 2018-03-06T08:03:42.776860492Z: [    0.000000] Initmem setup node 0 [mem 0x0000000000001000-0x000000007ffdefff]
[STDERR  ] 2018-03-06T08:03:42.776868903Z: [    0.000000] ACPI: PM-Timer IO Port: 0x608
[STDERR  ] 2018-03-06T08:03:42.776876581Z: [    0.000000] ACPI: LAPIC_NMI (acpi_id[0xff] dfl dfl lint[0x1])
[STDERR  ] 2018-03-06T08:03:42.776884357Z: [    0.000000] IOAPIC[0]: apic_id 0, version 17, address 0xfec00000, GSI 0-23
[STDERR  ] 2018-03-06T08:03:42.776892908Z: [    0.000000] ACPI: INT_SRC_OVR (bus 0 bus_irq 0 global_irq 2 dfl dfl)
[STDERR  ] 2018-03-06T08:03:42.776900950Z: [    0.000000] ACPI: INT_SRC_OVR (bus 0 bus_irq 5 global_irq 5 high level)
[STDERR  ] 2018-03-06T08:03:42.776908552Z: [    0.000000] ACPI: INT_SRC_OVR (bus 0 bus_irq 9 global_irq 9 high level)
[STDERR  ] 2018-03-06T08:03:42.776916248Z: [    0.000000] ACPI: INT_SRC_OVR (bus 0 bus_irq 10 global_irq 10 high level)
[STDERR  ] 2018-03-06T08:03:42.776924479Z: [    0.000000] ACPI: INT_SRC_OVR (bus 0 bus_irq 11 global_irq 11 high level)
[STDERR  ] 2018-03-06T08:03:42.776932506Z: [    0.000000] Using ACPI (MADT) for SMP configuration information
[STDERR  ] 2018-03-06T08:03:42.776943914Z: [    0.000000] ACPI: HPET id: 0x8086a201 base: 0xfed00000
[STDERR  ] 2018-03-06T08:03:42.776951958Z: [    0.000000] smpboot: Allowing 1 CPUs, 0 hotplug CPUs
[STDERR  ] 2018-03-06T08:03:42.776959639Z: [    0.000000] e820: [mem 0xc0000000-0xfed1bfff] available for PCI devices
[STDERR  ] 2018-03-06T08:03:42.776967719Z: [    0.000000] Booting paravirtualized kernel on KVM
[STDERR  ] 2018-03-06T08:03:42.776975570Z: [    0.000000] clocksource: refined-jiffies: mask: 0xffffffff max_cycles: 0xffffffff, max_idle_ns: 19112604462750000 ns
[STDERR  ] 2018-03-06T08:03:42.776983561Z: [    0.000000] setup_percpu: NR_CPUS:128 nr_cpumask_bits:128 nr_cpu_ids:1 nr_node_ids:1
[STDERR  ] 2018-03-06T08:03:42.776993165Z: [    0.000000] percpu: Embedded 44 pages/cpu @ffff95fd73000000 s143128 r8192 d28904 u2097152
[STDERR  ] 2018-03-06T08:03:42.777000952Z: [    0.000000] KVM setup async PF for cpu 0
[STDERR  ] 2018-03-06T08:03:42.777008697Z: [    0.000000] kvm-stealtime: cpu 0, msr 73015f00
[STDERR  ] 2018-03-06T08:03:42.777016412Z: [    0.000000] Built 1 zonelists, mobility grouping on.  Total pages: 515944
[STDERR  ] 2018-03-06T08:03:42.777024906Z: [    0.000000] Kernel command line: console=ttyS0 console=ttyAMA0
[STDERR  ] 2018-03-06T08:03:42.777032752Z: [    0.000000] PID hash table entries: 4096 (order: 3, 32768 bytes)
[STDERR  ] 2018-03-06T08:03:42.777040503Z: [    0.000000] Dentry cache hash table entries: 262144 (order: 9, 2097152 bytes)
[STDERR  ] 2018-03-06T08:03:42.777049266Z: [    0.000000] Inode-cache hash table entries: 131072 (order: 8, 1048576 bytes)
[STDERR  ] 2018-03-06T08:03:42.777060688Z: [    0.000000] Memory: 1826036K/2096628K available (12300K kernel code, 1460K rwdata, 2956K rodata, 1504K init, 628K bss, 270592K reserved, 0K cma-reserved)
[STDERR  ] 2018-03-06T08:03:42.777069164Z: [    0.000000] Kernel/User page tables isolation: enabled
[STDERR  ] 2018-03-06T08:03:42.777076970Z: [    0.000000] ftrace: allocating 40632 entries in 159 pages
[STDERR  ] 2018-03-06T08:03:42.777084726Z: [    0.010000] Hierarchical RCU implementation.
[STDERR  ] 2018-03-06T08:03:42.777092558Z: [    0.010000] 	RCU restricting CPUs from NR_CPUS=128 to nr_cpu_ids=1.
[STDERR  ] 2018-03-06T08:03:42.777100954Z: [    0.010000] RCU: Adjusting geometry for rcu_fanout_leaf=16, nr_cpu_ids=1
[STDERR  ] 2018-03-06T08:03:42.777108952Z: [    0.010000] NR_IRQS: 8448, nr_irqs: 256, preallocated irqs: 16
[STDERR  ] 2018-03-06T08:03:42.777119765Z: [    0.010000] Console: colour VGA+ 80x25
[STDERR  ] 2018-03-06T08:03:42.777127735Z: [    0.010000] console [ttyS0] enabled
[STDERR  ] 2018-03-06T08:03:42.777135552Z: [    0.010000] clocksource: hpet: mask: 0xffffffff max_cycles: 0xffffffff, max_idle_ns: 19112604467 ns
[STDERR  ] 2018-03-06T08:03:42.777143759Z: [    0.010036] tsc: Detected 2299.998 MHz processor
[STDERR  ] 2018-03-06T08:03:42.777151323Z: [    0.015090] Calibrating delay loop (skipped) preset value.. 4599.99 BogoMIPS (lpj=22999980)
[STDERR  ] 2018-03-06T08:03:42.777163061Z: [    0.020028] pid_max: default: 32768 minimum: 301
[STDERR  ] 2018-03-06T08:03:42.777171077Z: [    0.025092] ACPI: Core revision 20170728
[STDERR  ] 2018-03-06T08:03:42.777178838Z: [    0.030630] ACPI: 1 ACPI AML tables successfully acquired and loaded
[STDERR  ] 2018-03-06T08:03:42.777186945Z: [    0.040067] Security Framework initialized
[STDERR  ] 2018-03-06T08:03:42.777194692Z: [    0.044701] Yama: becoming mindful.
[STDERR  ] 2018-03-06T08:03:42.777202286Z: [    0.050085] Mount-cache hash table entries: 4096 (order: 3, 32768 bytes)
[STDERR  ] 2018-03-06T08:03:42.777212890Z: [    0.060030] Mountpoint-cache hash table entries: 4096 (order: 3, 32768 bytes)
[STDERR  ] 2018-03-06T08:03:42.777222132Z: [    0.070445] CPU: Physical Processor ID: 0
[STDERR  ] 2018-03-06T08:03:42.777230064Z: [    0.080082] Last level iTLB entries: 4KB 0, 2MB 0, 4MB 0
[STDERR  ] 2018-03-06T08:03:42.777237785Z: [    0.087036] Last level dTLB entries: 4KB 0, 2MB 0, 4MB 0, 1GB 0
[STDERR  ] 2018-03-06T08:03:42.777247703Z: [    0.090037] Spectre V2 : Vulnerable: Minimal generic ASM retpoline
[STDERR  ] 2018-03-06T08:03:42.777361221Z: [    0.104409] Freeing SMP alternatives memory: 20K
[STDERR  ] 2018-03-06T08:03:42.777379021Z: [    0.110529] smpboot: Max logical packages: 1
[STDERR  ] 2018-03-06T08:03:42.777387144Z: [    0.120582] x2apic enabled
[STDERR  ] 2018-03-06T08:03:42.777395594Z: [    0.125970] Switched APIC routing to physical x2apic.
[STDERR  ] 2018-03-06T08:03:42.777403983Z: [    0.141540] ..TIMER: vector=0x30 apic1=0 pin1=2 apic2=-1 pin2=-1
[STDERR  ] 2018-03-06T08:03:42.777411884Z: [    0.150000] smpboot: CPU0: Intel QEMU Virtual CPU version 2.5+ (family: 0x6, model: 0x6, stepping: 0x3)
[STDERR  ] 2018-03-06T08:03:42.777419957Z: [    0.150134] Performance Events: PMU not available due to virtualization, using software events only.
[STDERR  ] 2018-03-06T08:03:42.777427735Z: [    0.170063] Hierarchical SRCU implementation.
[STDERR  ] 2018-03-06T08:03:42.777435572Z: [    0.175437] NMI watchdog: Perf event create on CPU 0 failed with -2
[STDERR  ] 2018-03-06T08:03:42.777444264Z: [    0.180008] NMI watchdog: Perf NMI watchdog permanently disabled
[STDERR  ] 2018-03-06T08:03:42.777455181Z: [    0.186667] smp: Bringing up secondary CPUs ...
[STDERR  ] 2018-03-06T08:03:42.777524046Z: [    0.190007] smp: Brought up 1 node, 1 CPU
[STDERR  ] 2018-03-06T08:03:42.777534150Z: [    0.194461] smpboot: Total of 1 processors activated (4599.99 BogoMIPS)
[STDERR  ] 2018-03-06T08:03:42.777543637Z: [    0.202196] devtmpfs: initialized
[STDERR  ] 2018-03-06T08:03:42.777551832Z: [    0.210081] x86/mm: Memory block size: 128MB
[STDERR  ] 2018-03-06T08:03:42.777569004Z: [    0.215148] clocksource: jiffies: mask: 0xffffffff max_cycles: 0xffffffff, max_idle_ns: 19112604462750000 ns
[STDERR  ] 2018-03-06T08:03:42.777577524Z: [    0.220027] futex hash table entries: 256 (order: 2, 16384 bytes)
[STDERR  ] 2018-03-06T08:03:42.777585624Z: [    0.230259] NET: Registered protocol family 16
[STDERR  ] 2018-03-06T08:03:42.777593508Z: [    0.235346] cpuidle: using governor ladder
[STDERR  ] 2018-03-06T08:03:42.777601354Z: [    0.240008] cpuidle: using governor menu
[STDERR  ] 2018-03-06T08:03:42.777609152Z: [    0.244352] ACPI: bus type PCI registered
[STDERR  ] 2018-03-06T08:03:42.777616912Z: [    0.250469] PCI: MMCONFIG for domain 0000 [bus 00-ff] at [mem 0xb0000000-0xbfffffff] (base 0xb0000000)
[STDERR  ] 2018-03-06T08:03:42.777625068Z: [    0.260011] PCI: MMCONFIG at [mem 0xb0000000-0xbfffffff] reserved in E820
[STDERR  ] 2018-03-06T08:03:42.777640510Z: [    0.270025] PCI: Using configuration type 1 for base access
[STDERR  ] 2018-03-06T08:03:42.777648601Z: [    0.277568] HugeTLB registered 2.00 MiB page size, pre-allocated 0 pages
[STDERR  ] 2018-03-06T08:03:42.777656695Z: [    0.280273] ACPI: Added _OSI(Module Device)
[STDERR  ] 2018-03-06T08:03:42.777682734Z: [    0.290008] ACPI: Added _OSI(Processor Device)
[STDERR  ] 2018-03-06T08:03:42.777691152Z: [    0.294896] ACPI: Added _OSI(3.0 _SCP Extensions)
[STDERR  ] 2018-03-06T08:03:42.777698899Z: [    0.300007] ACPI: Added _OSI(Processor Aggregator Device)
[STDERR  ] 2018-03-06T08:03:42.777706825Z: [    0.310219] ACPI: Interpreter enabled
[STDERR  ] 2018-03-06T08:03:42.777714483Z: [    0.314322] ACPI: (supports S0 S5)
[STDERR  ] 2018-03-06T08:03:42.777724757Z: [    0.318037] ACPI: Using IOAPIC for interrupt routing
[STDERR  ] 2018-03-06T08:03:42.777735064Z: [    0.320060] PCI: Using host bridge windows from ACPI; if necessary, use "pci=nocrs" and report a bug
[STDERR  ] 2018-03-06T08:03:42.777743472Z: [    0.330281] ACPI: Enabled 1 GPEs in block 00 to 3F
[STDERR  ] 2018-03-06T08:03:42.777751570Z: [    0.343759] ACPI: PCI Root Bridge [PCI0] (domain 0000 [bus 00-ff])
[STDERR  ] 2018-03-06T08:03:42.777786070Z: [    0.350011] acpi PNP0A08:00: _OSC: OS supports [ExtendedConfig ASPM ClockPM Segments MSI]
[STDERR  ] 2018-03-06T08:03:42.777811455Z: [    0.360179] acpi PNP0A08:00: _OSC: OS now controls [PCIeHotplug PME PCIeCapability]
[STDERR  ] 2018-03-06T08:03:42.777830483Z: [    0.368504] PCI host bridge to bus 0000:00
[STDERR  ] 2018-03-06T08:03:42.777848304Z: [    0.370009] pci_bus 0000:00: root bus resource [io  0x0000-0x0cf7 window]
[STDERR  ] 2018-03-06T08:03:42.777866834Z: [    0.380007] pci_bus 0000:00: root bus resource [io  0x0d00-0xffff window]
[STDERR  ] 2018-03-06T08:03:42.777883952Z: [    0.387370] pci_bus 0000:00: root bus resource [mem 0x000a0000-0x000bffff window]
[STDERR  ] 2018-03-06T08:03:42.777902879Z: [    0.390009] pci_bus 0000:00: root bus resource [mem 0xc0000000-0xfebfffff window]
[STDERR  ] 2018-03-06T08:03:42.777921435Z: [    0.400010] pci_bus 0000:00: root bus resource [bus 00-ff]
[STDERR  ] 2018-03-06T08:03:42.777944478Z: [    0.538028] pci 0000:00:1f.0: quirk: [io  0x0600-0x067f] claimed by ICH6 ACPI/GPIO/TCO
[STDERR  ] 2018-03-06T08:03:42.777963510Z: [    0.601415] ACPI: PCI Interrupt Link [LNKA] (IRQs 5 *10 11)
[STDERR  ] 2018-03-06T08:03:42.777981292Z: [    0.608703] ACPI: PCI Interrupt Link [LNKB] (IRQs 5 *10 11)
[STDERR  ] 2018-03-06T08:03:42.778002223Z: [    0.610430] ACPI: PCI Interrupt Link [LNKC] (IRQs 5 10 *11)
[STDERR  ] 2018-03-06T08:03:42.778020444Z: [    0.620430] ACPI: PCI Interrupt Link [LNKD] (IRQs 5 10 *11)
[STDERR  ] 2018-03-06T08:03:42.778037886Z: [    0.627094] ACPI: PCI Interrupt Link [LNKE] (IRQs 5 *10 11)
[STDERR  ] 2018-03-06T08:03:42.778058459Z: [    0.630427] ACPI: PCI Interrupt Link [LNKF] (IRQs 5 *10 11)
[STDERR  ] 2018-03-06T08:03:42.778078068Z: [    0.640438] ACPI: PCI Interrupt Link [LNKG] (IRQs 5 10 *11)
[STDERR  ] 2018-03-06T08:03:42.778096546Z: [    0.650416] ACPI: PCI Interrupt Link [LNKH] (IRQs 5 10 *11)
[STDERR  ] 2018-03-06T08:03:42.778117919Z: [    0.657326] ACPI: PCI Interrupt Link [GSIA] (IRQs *16)
[STDERR  ] 2018-03-06T08:03:42.778136552Z: [    0.660028] ACPI: PCI Interrupt Link [GSIB] (IRQs *17)
[STDERR  ] 2018-03-06T08:03:42.778154335Z: [    0.670007] ACPI: PCI Interrupt Link [GSIC] (IRQs *18)
[STDERR  ] 2018-03-06T08:03:42.778171955Z: [    0.675978] ACPI: PCI Interrupt Link [GSID] (IRQs *19)
[STDERR  ] 2018-03-06T08:03:42.778188524Z: [    0.680031] ACPI: PCI Interrupt Link [GSIE] (IRQs *20)
[STDERR  ] 2018-03-06T08:03:42.778207024Z: [    0.686047] ACPI: PCI Interrupt Link [GSIF] (IRQs *21)
[STDERR  ] 2018-03-06T08:03:42.778224498Z: [    0.690028] ACPI: PCI Interrupt Link [GSIG] (IRQs *22)
[STDERR  ] 2018-03-06T08:03:42.778245854Z: [    0.700027] ACPI: PCI Interrupt Link [GSIH] (IRQs *23)
[STDERR  ] 2018-03-06T08:03:42.778264545Z: [    0.706380] SCSI subsystem initialized
[STDERR  ] 2018-03-06T08:03:42.778287983Z: [    0.710102] ACPI: bus type USB registered
[STDERR  ] 2018-03-06T08:03:42.778305637Z: [    0.715174] usbcore: registered new interface driver usbfs
[STDERR  ] 2018-03-06T08:03:42.778357632Z: [    0.720072] usbcore: registered new interface driver hub
[STDERR  ] 2018-03-06T08:03:42.778379606Z: [    0.730039] usbcore: registered new device driver usb
[STDERR  ] 2018-03-06T08:03:42.778397143Z: [    0.735676] pps_core: LinuxPPS API ver. 1 registered
[STDERR  ] 2018-03-06T08:03:42.778416123Z: [    0.740006] pps_core: Software ver. 5.3.6 - Copyright 2005-2007 Rodolfo Giometti <giometti@linux.it>
[STDERR  ] 2018-03-06T08:03:42.778434548Z: [    0.750021] PTP clock support registered
[STDERR  ] 2018-03-06T08:03:42.778452297Z: [    0.754439] PCI: Using ACPI for IRQ routing
[STDERR  ] 2018-03-06T08:03:42.778469832Z: [    1.180643] NetLabel: Initializing
[STDERR  ] 2018-03-06T08:03:42.778487277Z: [    1.184532] NetLabel:  domain hash size = 128
[STDERR  ] 2018-03-06T08:03:42.778504784Z: [    1.189648] NetLabel:  protocols = UNLABELED CIPSOv4 CALIPSO
[STDERR  ] 2018-03-06T08:03:42.778525671Z: [    1.190044] NetLabel:  unlabeled traffic allowed by default
[STDERR  ] 2018-03-06T08:03:42.778544218Z: [    1.200214] HPET: 3 timers in total, 0 timers will be used for per-cpu timer
[STDERR  ] 2018-03-06T08:03:42.778562713Z: [    1.210120] hpet0: at MMIO 0xfed00000, IRQs 2, 8, 0
[STDERR  ] 2018-03-06T08:03:42.778580411Z: [    1.215397] hpet0: 3 comparators, 64-bit 100.000000 MHz counter
[STDERR  ] 2018-03-06T08:03:42.778597880Z: [    1.224718] clocksource: Switched to clocksource kvm-clock
[STDERR  ] 2018-03-06T08:03:42.778615193Z: [    1.255906] VFS: Disk quotas dquot_6.6.0
[STDERR  ] 2018-03-06T08:03:42.778631765Z: [    1.260652] VFS: Dquot-cache hash table entries: 512 (order 0, 4096 bytes)
[STDERR  ] 2018-03-06T08:03:42.778651167Z: [    1.268566] FS-Cache: Loaded
[STDERR  ] 2018-03-06T08:03:42.778669253Z: [    1.272125] CacheFiles: Loaded
[STDERR  ] 2018-03-06T08:03:42.778687171Z: [    1.275589] pnp: PnP ACPI init
[STDERR  ] 2018-03-06T08:03:42.778704903Z: [    1.280680] pnp: PnP ACPI: found 5 devices
[STDERR  ] 2018-03-06T08:03:42.778722197Z: [    1.291399] clocksource: acpi_pm: mask: 0xffffff max_cycles: 0xffffff, max_idle_ns: 2085701024 ns
[STDERR  ] 2018-03-06T08:03:42.778740360Z: [    1.301336] NET: Registered protocol family 2
[STDERR  ] 2018-03-06T08:03:42.778757911Z: [    1.306428] TCP established hash table entries: 16384 (order: 5, 131072 bytes)
[STDERR  ] 2018-03-06T08:03:42.778777183Z: [    1.316410] TCP bind hash table entries: 16384 (order: 6, 262144 bytes)
[STDERR  ] 2018-03-06T08:03:42.778795736Z: [    1.323706] TCP: Hash tables configured (established 16384 bind 16384)
[STDERR  ] 2018-03-06T08:03:42.778812911Z: [    1.330967] UDP hash table entries: 1024 (order: 3, 32768 bytes)
[STDERR  ] 2018-03-06T08:03:42.778831823Z: [    1.337471] UDP-Lite hash table entries: 1024 (order: 3, 32768 bytes)
[STDERR  ] 2018-03-06T08:03:42.778849857Z: [    1.344607] NET: Registered protocol family 1
[STDERR  ] 2018-03-06T08:03:42.778867560Z: [    1.349596] pci 0000:00:01.0: Video device with shadowed ROM at [mem 0x000c0000-0x000dffff]
[STDERR  ] 2018-03-06T08:03:42.778889400Z: [    1.359194] Trying to unpack rootfs image as initramfs...
[STDERR  ] 2018-03-06T08:03:42.778908291Z: [    4.519666] Freeing initrd memory: 209444K
[STDERR  ] 2018-03-06T08:03:42.778925736Z: [    4.525732] PCLMULQDQ-NI instructions are not detected.
[STDERR  ] 2018-03-06T08:03:42.778943203Z: [    4.531588] AVX or AES-NI instructions are not detected.
[STDERR  ] 2018-03-06T08:03:42.778960677Z: [    4.537381] CPU feature 'AVX registers' is not supported.
[STDERR  ] 2018-03-06T08:03:42.778981911Z: [    4.543384] CPU feature 'AVX registers' is not supported.
[STDERR  ] 2018-03-06T08:03:42.778999382Z: [    4.549286] CPU feature 'AVX registers' is not supported.
[STDERR  ] 2018-03-06T08:03:42.779016682Z: [    4.555323] CPU feature 'AVX registers' is not supported.
[STDERR  ] 2018-03-06T08:03:42.779033931Z: [    4.561356] AVX2 or AES-NI instructions are not detected.
[STDERR  ] 2018-03-06T08:03:42.779055216Z: [    4.567435] AVX2 instructions are not detected.
[STDERR  ] 2018-03-06T08:03:42.779076471Z: [    4.572797] audit: initializing netlink subsys (disabled)
[STDERR  ] 2018-03-06T08:03:42.779094722Z: [    4.579258] audit: type=2000 audit(1520323329.007:1): state=initialized audit_enabled=0 res=1
[STDERR  ] 2018-03-06T08:03:42.779114703Z: [    4.589149] workingset: timestamp_bits=46 max_order=19 bucket_order=0
[STDERR  ] 2018-03-06T08:03:42.779133620Z: [    4.596627] squashfs: version 4.0 (2009/01/31) Phillip Lougher
[STDERR  ] 2018-03-06T08:03:42.779159629Z: [    4.603772] FS-Cache: Netfs 'cifs' registered for caching
[STDERR  ] 2018-03-06T08:03:42.779177989Z: [    4.609835] fuse init (API version 7.26)
[STDERR  ] 2018-03-06T08:03:42.779195713Z: [    4.614461] SGI XFS with ACLs, security attributes, no debug enabled
[STDERR  ] 2018-03-06T08:03:42.779218329Z: [    4.621849] 9p: Installing v9fs 9p2000 file system support
[STDERR  ] 2018-03-06T08:03:42.779236316Z: [    4.627937] FS-Cache: Netfs '9p' registered for caching
[STDERR  ] 2018-03-06T08:03:42.779253951Z: [    4.637924] NET: Registered protocol family 38
[STDERR  ] 2018-03-06T08:03:42.779271511Z: [    4.642973] Key type asymmetric registered
[STDERR  ] 2018-03-06T08:03:42.779289144Z: [    4.647468] Asymmetric key parser 'x509' registered
[STDERR  ] 2018-03-06T08:03:42.779307124Z: [    4.653005] Block layer SCSI generic (bsg) driver version 0.4 loaded (major 248)
[STDERR  ] 2018-03-06T08:03:42.779332805Z: [    4.661294] io scheduler noop registered
[STDERR  ] 2018-03-06T08:03:42.779351076Z: [    4.665554] io scheduler deadline registered (default)
[STDERR  ] 2018-03-06T08:03:42.779371680Z: [    4.671262] io scheduler cfq registered
[STDERR  ] 2018-03-06T08:03:42.779390447Z: [    4.675505] io scheduler mq-deadline registered
[STDERR  ] 2018-03-06T08:03:42.779408211Z: [    4.680592] io scheduler kyber registered
[STDERR  ] 2018-03-06T08:03:42.779426063Z: [    4.685170] shpchp: Standard Hot Plug PCI Controller Driver version: 0.4
[STDERR  ] 2018-03-06T08:03:42.779444856Z: [    4.692515] hv_vmbus: registering driver hyperv_fb
[STDERR  ] 2018-03-06T08:03:42.779464463Z: [    4.697855] input: Power Button as /devices/LNXSYSTM:00/LNXPWRBN:00/input/input0
[STDERR  ] 2018-03-06T08:03:42.779487451Z: [    4.705979] ACPI: Power Button [PWRF]
[STDERR  ] 2018-03-06T08:03:42.779506167Z: [    4.711645] ACPI: PCI Interrupt Link [GSIG] enabled at IRQ 22
[STDERR  ] 2018-03-06T08:03:42.779522584Z: [    4.724575] ACPI: PCI Interrupt Link [GSIH] enabled at IRQ 23
[STDERR  ] 2018-03-06T08:03:42.779543477Z: [    4.737049] Serial: 8250/16550 driver, 4 ports, IRQ sharing disabled
[STDERR  ] 2018-03-06T08:03:42.779563042Z: [    4.779186] 00:04: ttyS0 at I/O 0x3f8 (irq = 4, base_baud = 115200) is a 16550A
[STDERR  ] 2018-03-06T08:03:42.779581540Z: [    4.788718] Non-volatile memory driver v1.3
[STDERR  ] 2018-03-06T08:03:42.779599104Z: [    4.795091] Hangcheck: starting hangcheck timer 0.9.1 (tick is 180 seconds, margin is 60 seconds).
[STDERR  ] 2018-03-06T08:03:42.779620963Z: [    4.805955] random: crng init done
[STDERR  ] 2018-03-06T08:03:42.779642378Z: [    4.812543] brd: module loaded
[STDERR  ] 2018-03-06T08:03:42.779661665Z: [    4.817716] loop: module loaded
[STDERR  ] 2018-03-06T08:03:42.779679762Z: [    4.825203] lpc_ich 0000:00:1f.0: I/O space for GPIO uninitialized
[STDERR  ] 2018-03-06T08:03:42.779698751Z: [    4.832587] VMware PVSCSI driver - version 1.0.7.0-k
[STDERR  ] 2018-03-06T08:03:42.779716223Z: [    4.838342] hv_vmbus: registering driver hv_storvsc
[STDERR  ] 2018-03-06T08:03:42.779734069Z: [    4.844705] ACPI: PCI Interrupt Link [GSIA] enabled at IRQ 16
[STDERR  ] 2018-03-06T08:03:42.779751564Z: [    4.854626] ahci 0000:00:1f.2: AHCI 0001.0000 32 slots 6 ports 1.5 Gbps 0x3f impl SATA mode
[STDERR  ] 2018-03-06T08:03:42.779772509Z: [    4.864471] ahci 0000:00:1f.2: flags: 64bit ncq only 
[STDERR  ] 2018-03-06T08:03:42.779791122Z: [    4.873987] scsi host0: ahci
[STDERR  ] 2018-03-06T08:03:42.779816493Z: [    4.877546] scsi host1: ahci
[STDERR  ] 2018-03-06T08:03:42.779834496Z: [    4.881072] scsi host2: ahci
[STDERR  ] 2018-03-06T08:03:42.779851907Z: [    4.884594] scsi host3: ahci
[STDERR  ] 2018-03-06T08:03:42.779869249Z: [    4.888081] scsi host4: ahci
[STDERR  ] 2018-03-06T08:03:42.779887271Z: [    4.891690] scsi host5: ahci
[STDERR  ] 2018-03-06T08:03:42.779904674Z: [    4.895196] ata1: SATA max UDMA/133 abar m4096@0xfebd2000 port 0xfebd2100 irq 24
[STDERR  ] 2018-03-06T08:03:42.779925307Z: [    4.903755] ata2: SATA max UDMA/133 abar m4096@0xfebd2000 port 0xfebd2180 irq 24
[STDERR  ] 2018-03-06T08:03:42.779945756Z: [    4.912132] ata3: SATA max UDMA/133 abar m4096@0xfebd2000 port 0xfebd2200 irq 24
[STDERR  ] 2018-03-06T08:03:42.779964033Z: [    4.920749] ata4: SATA max UDMA/133 abar m4096@0xfebd2000 port 0xfebd2280 irq 24
[STDERR  ] 2018-03-06T08:03:42.779980383Z: [    4.929188] ata5: SATA max UDMA/133 abar m4096@0xfebd2000 port 0xfebd2300 irq 24
[STDERR  ] 2018-03-06T08:03:42.779999523Z: [    4.937295] ata6: SATA max UDMA/133 abar m4096@0xfebd2000 port 0xfebd2380 irq 24
[STDERR  ] 2018-03-06T08:03:42.780017987Z: [    4.947471] tun: Universal TUN/TAP device driver, 1.6
[STDERR  ] 2018-03-06T08:03:42.780035603Z: [    4.957567] VMware vmxnet3 virtual NIC driver - version 1.4.a.0-k-NAPI
[STDERR  ] 2018-03-06T08:03:42.780053802Z: [    4.965234] hv_vmbus: registering driver hv_netvsc
[STDERR  ] 2018-03-06T08:03:42.780069903Z: [    4.970774] Fusion MPT base driver 3.04.20
[STDERR  ] 2018-03-06T08:03:42.780088977Z: [    4.975268] Copyright (c) 1999-2008 LSI Corporation
[STDERR  ] 2018-03-06T08:03:42.780109422Z: [    4.980796] Fusion MPT SPI Host driver 3.04.20
[STDERR  ] 2018-03-06T08:03:42.780129858Z: [    4.985792] i8042: PNP: PS/2 Controller [PNP0303:KBD,PNP0f13:MOU] at 0x60,0x64 irq 1,12
[STDERR  ] 2018-03-06T08:03:42.780147376Z: [    4.998280] serio: i8042 KBD port at 0x60,0x64 irq 1
[STDERR  ] 2018-03-06T08:03:42.780166505Z: [    5.003675] serio: i8042 AUX port at 0x60,0x64 irq 12
[STDERR  ] 2018-03-06T08:03:42.780183967Z: [    5.009331] hv_vmbus: registering driver hyperv_keyboard
[STDERR  ] 2018-03-06T08:03:42.780204438Z: [    5.015402] mousedev: PS/2 mouse device common for all mice
[STDERR  ] 2018-03-06T08:03:42.780221891Z: [    5.022920] input: AT Translated Set 2 keyboard as /devices/platform/i8042/serio0/input/input1
[STDERR  ] 2018-03-06T08:03:42.780239669Z: [    5.032496] input: PC Speaker as /devices/platform/pcspkr/input/input2
[STDERR  ] 2018-03-06T08:03:42.780259643Z: [    5.039920] rtc_cmos 00:00: RTC can wake from S4
[STDERR  ] 2018-03-06T08:03:42.780277244Z: [    5.047316] rtc_cmos 00:00: rtc core: registered rtc_cmos as rtc0
[STDERR  ] 2018-03-06T08:03:42.780294562Z: [    5.054878] rtc_cmos 00:00: alarms up to one day, y3k, 114 bytes nvram, hpet irqs
[STDERR  ] 2018-03-06T08:03:42.780312664Z: [    5.063138] i2c /dev entries driver
[STDERR  ] 2018-03-06T08:03:42.780339238Z: [    5.067109] device-mapper: ioctl: 4.37.0-ioctl (2017-09-20) initialised: dm-devel@redhat.com
[STDERR  ] 2018-03-06T08:03:42.780357589Z: [    5.077261] usbcore: registered new interface driver usbhid
[STDERR  ] 2018-03-06T08:03:42.780374025Z: [    5.083808] usbhid: USB HID core driver
[STDERR  ] 2018-03-06T08:03:42.780396797Z: [    5.088367] hv_utils: Registering HyperV Utility Driver
[STDERR  ] 2018-03-06T08:03:42.780511291Z: [    5.094522] hv_vmbus: registering driver hv_util
[STDERR  ] 2018-03-06T08:03:42.780526018Z: [    5.099661] hv_vmbus: registering driver hv_balloon
[STDERR  ] 2018-03-06T08:03:42.780534243Z: [    5.105056] oprofile: using NMI interrupt.
[STDERR  ] 2018-03-06T08:03:42.780544937Z: [    5.109590] GACT probability on
[STDERR  ] 2018-03-06T08:03:42.780553127Z: [    5.113135] Mirror/redirect action on
[STDERR  ] 2018-03-06T08:03:42.780562844Z: [    5.117129] Simple TC action Loaded
[STDERR  ] 2018-03-06T08:03:42.780570809Z: [    5.121062] u32 classifier
[STDERR  ] 2018-03-06T08:03:42.780581267Z: [    5.124063]     Performance counters on
[STDERR  ] 2018-03-06T08:03:42.780591536Z: [    5.128230]     input device check on
[STDERR  ] 2018-03-06T08:03:42.780607418Z: [    5.132313]     Actions configured
[STDERR  ] 2018-03-06T08:03:42.780618482Z: [    5.136064] Netfilter messages via NETLINK v0.30.
[STDERR  ] 2018-03-06T08:03:42.780629024Z: [    5.141279] nfnl_acct: registering with nfnetlink.
[STDERR  ] 2018-03-06T08:03:42.780637407Z: [    5.146601] nf_conntrack version 0.5.0 (16384 buckets, 65536 max)
[STDERR  ] 2018-03-06T08:03:42.780646662Z: [    5.153401] ctnetlink v0.93: registering with nfnetlink.
[STDERR  ] 2018-03-06T08:03:42.780654573Z: [    5.159175] nf_tables: (c) 2007-2009 Patrick McHardy <kaber@trash.net>
[STDERR  ] 2018-03-06T08:03:42.780666245Z: [    5.166750] nf_tables_compat: (c) 2012 Pablo Neira Ayuso <pablo@netfilter.org>
