[INFO    ] 2018-06-11T20:11:36.642114193Z: Running Test linuxkit.packages.extend.btrfs in /tmp/build/test/cases/040_packages/005_extend/001_btrfs
[INFO    ] 2018-06-11T20:11:36.642254293Z: Running command: [/bin/sh -x /tmp/build/test/cases/040_packages/005_extend/001_btrfs/test.sh]
[STDERR  ] 2018-06-11T20:11:36.686929915Z: + set -ex
[STDERR  ] 2018-06-11T20:11:36.687017350Z: + . /tmp/build/test/cases/_lib/lib.sh
[STDERR  ] 2018-06-11T20:11:36.687035752Z: + [ -f src/github.com/linuxkit/rtf/lib/lib.sh ]
[STDERR  ] 2018-06-11T20:11:36.687050279Z: + LINUXKIT_TMPDIR=/tmp/build/test/cases/_tmp
[STDERR  ] 2018-06-11T20:11:36.687062287Z: + [ -f /tmp/build/test/cases/_tmp/env.sh ]
[STDERR  ] 2018-06-11T20:11:36.687075130Z: + . /tmp/build/test/cases/_tmp/env.sh
[STDERR  ] 2018-06-11T20:11:36.687089546Z: + export LINUXKIT_EXAMPLES_DIR=/tmp/build/test/cases/../../examples
[STDERR  ] 2018-06-11T20:11:36.687117058Z: + RT_CANCEL=253
[STDERR  ] 2018-06-11T20:11:36.687129530Z: + NAME_CREATE=extend-btrfs
[STDERR  ] 2018-06-11T20:11:36.687142921Z: + NAME_EXTEND=extend-btrfs
[STDERR  ] 2018-06-11T20:11:36.687155482Z: + DISK=disk.img
[STDERR  ] 2018-06-11T20:11:36.687169149Z: + trap clean_up EXIT
[STDERR  ] 2018-06-11T20:11:36.687193499Z: + linuxkit build -name extend-btrfs -format kernel+initrd test-create.yml
[STDERR  ] 2018-06-11T20:11:36.726696094Z: Extract kernel image: linuxkit/kernel:4.14.48
[STDERR  ] 2018-06-11T20:11:38.427669928Z: Add init containers:
[STDERR  ] 2018-06-11T20:11:38.427736374Z: Process init image: linuxkit/init:fbcbbe3ace0b3e9455300017dd07625293a0d4d4
[STDERR  ] 2018-06-11T20:11:39.646517130Z: Process init image: linuxkit/runc:v0.4
[STDERR  ] 2018-06-11T20:11:40.825721391Z: Add onboot containers:
[STDERR  ] 2018-06-11T20:11:40.825772193Z:   Create OCI config for linuxkit/modprobe:v0.4
[STDERR  ] 2018-06-11T20:11:42.474794151Z: Pull image: docker.io/linuxkit/modprobe:v0.4@sha256:5386a7dd1b5e9ea0e8a73c3764ec08ffad1ce2c6e99c9ef30943ef69d22e2a01
[STDERR  ] 2018-06-11T20:11:44.862409066Z:   Create OCI config for linuxkit/format:v0.4
[STDERR  ] 2018-06-11T20:11:46.288733849Z:   Create OCI config for linuxkit/mount:v0.4
[STDERR  ] 2018-06-11T20:11:47.725786176Z:   Create OCI config for alpine:3.7
[STDERR  ] 2018-06-11T20:11:48.975286090Z:   Create OCI config for linuxkit/poweroff:d75d94d9603bde9ab95b914deed0d069d05d8b20
[STDERR  ] 2018-06-11T20:11:50.210658536Z: Create outputs:
[STDERR  ] 2018-06-11T20:11:56.322152161Z:   extend-btrfs-kernel extend-btrfs-initrd.img extend-btrfs-cmdline
[STDERR  ] 2018-06-11T20:11:56.389666470Z: + linuxkit run -disk file=disk.img,format=raw,size=256M extend-btrfs
[STDERR  ] 2018-06-11T20:11:56.413512339Z: Unable to find qemu-system-x86_64 within the $PATH. Using a container
[STDOUT  ] 2018-06-11T20:11:59.776979041Z: [    0.000000] Linux version 4.14.48-linuxkit (root@f636001766f8) (gcc version 6.4.0 (Alpine 6.4.0)) #1 SMP Thu Jun 7 13:33:05 UTC 2018
[STDOUT  ] 2018-06-11T20:11:59.777058825Z: [    0.000000] Command line: console=ttyS0 console=ttyAMA0
[STDOUT  ] 2018-06-11T20:11:59.777176724Z: [    0.000000] x86/fpu: x87 FPU will use FXSAVE
[STDOUT  ] 2018-06-11T20:11:59.777191143Z: [    0.000000] e820: BIOS-provided physical RAM map:
[STDOUT  ] 2018-06-11T20:11:59.777409633Z: [    0.000000] BIOS-e820: [mem 0x0000000000000000-0x000000000009fbff] usable
[STDOUT  ] 2018-06-11T20:11:59.777440363Z: [    0.000000] BIOS-e820: [mem 0x000000000009fc00-0x000000000009ffff] reserved
[STDOUT  ] 2018-06-11T20:11:59.777591832Z: [    0.000000] BIOS-e820: [mem 0x00000000000f0000-0x00000000000fffff] reserved
[STDOUT  ] 2018-06-11T20:11:59.777758086Z: [    0.000000] BIOS-e820: [mem 0x0000000000100000-0x000000003ffdefff] usable
[STDOUT  ] 2018-06-11T20:11:59.777979347Z: [    0.000000] BIOS-e820: [mem 0x000000003ffdf000-0x000000003fffffff] reserved
[STDOUT  ] 2018-06-11T20:11:59.777993845Z: [    0.000000] BIOS-e820: [mem 0x00000000b0000000-0x00000000bfffffff] reserved
[STDOUT  ] 2018-06-11T20:11:59.778070337Z: [    0.000000] BIOS-e820: [mem 0x00000000fed1c000-0x00000000fed1ffff] reserved
[STDOUT  ] 2018-06-11T20:11:59.778201379Z: [    0.000000] BIOS-e820: [mem 0x00000000fffc0000-0x00000000ffffffff] reserved
[STDOUT  ] 2018-06-11T20:11:59.778446368Z: [    0.000000] NX (Execute Disable) protection: active
[STDOUT  ] 2018-06-11T20:11:59.778463624Z: [    0.000000] SMBIOS 2.8 present.
[STDOUT  ] 2018-06-11T20:11:59.778762854Z: [    0.000000] DMI: QEMU Standard PC (Q35 + ICH9, 2009), BIOS rel-1.10.2-0-g5f4c7b1-prebuilt.qemu-project.org 04/01/2014
[STDOUT  ] 2018-06-11T20:11:59.778777816Z: [    0.000000] tsc: Fast TSC calibration using PIT
[STDOUT  ] 2018-06-11T20:11:59.778929989Z: [    0.000000] e820: last_pfn = 0x3ffdf max_arch_pfn = 0x400000000
[STDOUT  ] 2018-06-11T20:11:59.779069030Z: [    0.000000] x86/PAT: Configuration [0-7]: WB  WC  UC- UC  WB  WP  UC- WT  
[STDOUT  ] 2018-06-11T20:11:59.779228091Z: [    0.000000] found SMP MP-table at [mem 0x000f6aa0-0x000f6aaf] mapped at [ffffffffff200aa0]
[STDOUT  ] 2018-06-11T20:11:59.779372915Z: [    0.000000] RAMDISK: [mem 0x3dc14000-0x3ffcffff]
[STDOUT  ] 2018-06-11T20:11:59.779510271Z: [    0.000000] ACPI: Early table checksum verification disabled
[STDOUT  ] 2018-06-11T20:11:59.779673610Z: [    0.000000] ACPI: RSDP 0x00000000000F68B0 000014 (v00 BOCHS )
[STDOUT  ] 2018-06-11T20:11:59.779813529Z: [    0.000000] ACPI: RSDT 0x000000003FFE20A8 000034 (v01 BOCHS  BXPCRSDT 00000001 BXPC 00000001)
[STDOUT  ] 2018-06-11T20:11:59.779981116Z: [    0.000000] ACPI: FACP 0x000000003FFE1EC8 0000F4 (v03 BOCHS  BXPCFACP 00000001 BXPC 00000001)
[STDOUT  ] 2018-06-11T20:11:59.780145052Z: [    0.000000] ACPI: DSDT 0x000000003FFE0040 001E88 (v01 BOCHS  BXPCDSDT 00000001 BXPC 00000001)
[STDOUT  ] 2018-06-11T20:11:59.780284900Z: [    0.000000] ACPI: FACS 0x000000003FFE0000 000040
[STDOUT  ] 2018-06-11T20:11:59.780449135Z: [    0.000000] ACPI: APIC 0x000000003FFE1FBC 000078 (v01 BOCHS  BXPCAPIC 00000001 BXPC 00000001)
[STDOUT  ] 2018-06-11T20:11:59.780522618Z: [    0.000000] ACPI: HPET 0x000000003FFE2034 000038 (v01 BOCHS  BXPCHPET 00000001 BXPC 00000001)
[STDOUT  ] 2018-06-11T20:11:59.780768382Z: [    0.000000] ACPI: MCFG 0x000000003FFE206C 00003C (v01 BOCHS  BXPCMCFG 00000001 BXPC 00000001)
[STDOUT  ] 2018-06-11T20:11:59.780783062Z: [    0.000000] Zone ranges:
[STDOUT  ] 2018-06-11T20:11:59.780920264Z: [    0.000000]   DMA      [mem 0x0000000000001000-0x0000000000ffffff]
[STDOUT  ] 2018-06-11T20:11:59.781068570Z: [    0.000000]   DMA32    [mem 0x0000000001000000-0x000000003ffdefff]
[STDOUT  ] 2018-06-11T20:11:59.781081951Z: [    0.000000]   Normal   empty
[STDOUT  ] 2018-06-11T20:11:59.781208040Z: [    0.000000]   Device   empty
[STDOUT  ] 2018-06-11T20:11:59.781361499Z: [    0.000000] Movable zone start for each node
[STDOUT  ] 2018-06-11T20:11:59.781374716Z: [    0.000000] Early memory node ranges
[STDOUT  ] 2018-06-11T20:11:59.781500716Z: [    0.000000]   node   0: [mem 0x0000000000001000-0x000000000009efff]
[STDOUT  ] 2018-06-11T20:11:59.781644339Z: [    0.000000]   node   0: [mem 0x0000000000100000-0x000000003ffdefff]
[STDOUT  ] 2018-06-11T20:11:59.781798254Z: [    0.000000] Initmem setup node 0 [mem 0x0000000000001000-0x000000003ffdefff]
[STDOUT  ] 2018-06-11T20:11:59.781811570Z: [    0.000000] ACPI: PM-Timer IO Port: 0x608
[STDOUT  ] 2018-06-11T20:11:59.781939439Z: [    0.000000] ACPI: LAPIC_NMI (acpi_id[0xff] dfl dfl lint[0x1])
[STDOUT  ] 2018-06-11T20:11:59.782091758Z: [    0.000000] IOAPIC[0]: apic_id 0, version 32, address 0xfec00000, GSI 0-23
[STDOUT  ] 2018-06-11T20:11:59.782241158Z: [    0.000000] ACPI: INT_SRC_OVR (bus 0 bus_irq 0 global_irq 2 dfl dfl)
[STDOUT  ] 2018-06-11T20:11:59.782393552Z: [    0.000000] ACPI: INT_SRC_OVR (bus 0 bus_irq 5 global_irq 5 high level)
[STDOUT  ] 2018-06-11T20:11:59.782521452Z: [    0.000000] ACPI: INT_SRC_OVR (bus 0 bus_irq 9 global_irq 9 high level)
[STDOUT  ] 2018-06-11T20:11:59.782667944Z: [    0.000000] ACPI: INT_SRC_OVR (bus 0 bus_irq 10 global_irq 10 high level)
[STDOUT  ] 2018-06-11T20:11:59.782818594Z: [    0.000000] ACPI: INT_SRC_OVR (bus 0 bus_irq 11 global_irq 11 high level)
[STDOUT  ] 2018-06-11T20:11:59.782951895Z: [    0.000000] Using ACPI (MADT) for SMP configuration information
[STDOUT  ] 2018-06-11T20:11:59.783112222Z: [    0.000000] ACPI: HPET id: 0x8086a201 base: 0xfed00000
[STDOUT  ] 2018-06-11T20:11:59.783248804Z: [    0.000000] smpboot: Allowing 1 CPUs, 0 hotplug CPUs
[STDOUT  ] 2018-06-11T20:11:59.783395055Z: [    0.000000] e820: [mem 0x40000000-0xafffffff] available for PCI devices
[STDOUT  ] 2018-06-11T20:11:59.783408284Z: [    0.000000] Booting paravirtualized kernel on bare hardware
[STDOUT  ] 2018-06-11T20:11:59.783670838Z: [    0.000000] clocksource: refined-jiffies: mask: 0xffffffff max_cycles: 0xffffffff, max_idle_ns: 19112604462750000 ns
[STDOUT  ] 2018-06-11T20:11:59.783815921Z: [    0.000000] random: get_random_bytes called from start_kernel+0x92/0x4c8 with crng_init=0
[STDOUT  ] 2018-06-11T20:11:59.783958716Z: [    0.000000] setup_percpu: NR_CPUS:128 nr_cpumask_bits:128 nr_cpu_ids:1 nr_node_ids:1
[STDOUT  ] 2018-06-11T20:11:59.784236187Z: [    0.000000] percpu: Embedded 44 pages/cpu @ffff90083da00000 s143256 r8192 d28776 u2097152
[STDOUT  ] 2018-06-11T20:11:59.784386433Z: [    0.000000] Built 1 zonelists, mobility grouping on.  Total pages: 257896
[STDOUT  ] 2018-06-11T20:11:59.784530597Z: [    0.000000] Kernel command line: console=ttyS0 console=ttyAMA0
[STDOUT  ] 2018-06-11T20:11:59.784543459Z: [    0.000000] PID hash table entries: 4096 (order: 3, 32768 bytes)
[STDOUT  ] 2018-06-11T20:11:59.784805550Z: [    0.000000] Dentry cache hash table entries: 131072 (order: 8, 1048576 bytes)
[STDOUT  ] 2018-06-11T20:11:59.784950792Z: [    0.000000] Inode-cache hash table entries: 65536 (order: 7, 524288 bytes)
[STDOUT  ] 2018-06-11T20:11:59.785234883Z: [    0.000000] Memory: 968208K/1048052K available (12300K kernel code, 1459K rwdata, 2992K rodata, 1512K init, 632K bss, 79844K reserved, 0K cma-reserved)
[STDOUT  ] 2018-06-11T20:11:59.785248920Z: [    0.000000] ftrace: allocating 41022 entries in 161 pages
[STDOUT  ] 2018-06-11T20:11:59.785445521Z: [    0.000000] Hierarchical RCU implementation.
[STDOUT  ] 2018-06-11T20:11:59.785588900Z: [    0.000000] 	RCU restricting CPUs from NR_CPUS=128 to nr_cpu_ids=1.
[STDOUT  ] 2018-06-11T20:11:59.785711940Z: [    0.000000] RCU: Adjusting geometry for rcu_fanout_leaf=16, nr_cpu_ids=1
[STDOUT  ] 2018-06-11T20:11:59.785969669Z: [    0.000000] NR_IRQS: 8448, nr_irqs: 256, preallocated irqs: 16
[STDOUT  ] 2018-06-11T20:11:59.785990101Z: [    0.000000] Console: colour VGA+ 80x25
[STDOUT  ] 2018-06-11T20:11:59.786077864Z: [    0.000000] console [ttyS0] enabled
[STDOUT  ] 2018-06-11T20:11:59.789345973Z: [    0.000000] clocksource: hpet: mask: 0xffffffff max_cycles: 0xffffffff, max_idle_ns: 19112604467 ns
[STDOUT  ] 2018-06-11T20:11:59.798392591Z: [    0.010000] tsc: Fast TSC calibration using PIT
[STDOUT  ] 2018-06-11T20:11:59.798438820Z: [    0.010000] tsc: Detected 2599.820 MHz processor
[STDOUT  ] 2018-06-11T20:11:59.800981218Z: [    0.010000] Calibrating delay loop (skipped), value calculated using timer frequency.. 5199.64 BogoMIPS (lpj=25998200)
[STDOUT  ] 2018-06-11T20:11:59.801912575Z: [    0.020166] pid_max: default: 32768 minimum: 301
[STDOUT  ] 2018-06-11T20:11:59.802639116Z: [    0.021255] ACPI: Core revision 20170728
[STDOUT  ] 2018-06-11T20:11:59.830225325Z: [    0.049266] ACPI: 1 ACPI AML tables successfully acquired and loaded
[STDOUT  ] 2018-06-11T20:11:59.832534324Z: [    0.051627] Security Framework initialized
[STDOUT  ] 2018-06-11T20:11:59.833028938Z: [    0.052150] Yama: becoming mindful.
[STDOUT  ] 2018-06-11T20:11:59.835569726Z: [    0.054639] Mount-cache hash table entries: 2048 (order: 2, 16384 bytes)
[STDOUT  ] 2018-06-11T20:11:59.835889353Z: [    0.055017] Mountpoint-cache hash table entries: 2048 (order: 2, 16384 bytes)
[STDOUT  ] 2018-06-11T20:11:59.852650913Z: [    0.071607] Last level iTLB entries: 4KB 0, 2MB 0, 4MB 0
[STDOUT  ] 2018-06-11T20:11:59.853306071Z: [    0.072072] Last level dTLB entries: 4KB 0, 2MB 0, 4MB 0, 1GB 0
[STDOUT  ] 2018-06-11T20:11:59.853907592Z: [    0.072678] Spectre V2 : Spectre mitigation: LFENCE not serializing, switching to generic retpoline
[STDOUT  ] 2018-06-11T20:11:59.854208040Z: [    0.073258] Spectre V2 : Vulnerable: Minimal generic ASM retpoline
[STDOUT  ] 2018-06-11T20:11:59.854762117Z: [    0.073702] Spectre V2 : Spectre v2 mitigation: Filling RSB on context switch
[STDOUT  ] 2018-06-11T20:11:59.855093908Z: [    0.074181] Speculative Store Bypass: Vulnerable
[STDOUT  ] 2018-06-11T20:12:00.143620058Z: [    0.362773] Freeing SMP alternatives memory: 20K
[STDOUT  ] 2018-06-11T20:12:00.164372048Z: [    0.382966] smpboot: Max logical packages: 1
[STDOUT  ] 2018-06-11T20:12:00.170942307Z: [    0.389396] ..TIMER: vector=0x30 apic1=0 pin1=2 apic2=-1 pin2=-1
[STDOUT  ] 2018-06-11T20:12:00.391763796Z: [    0.490000] smpboot: CPU0: AMD QEMU Virtual CPU version 2.5+ (family: 0x6, model: 0x6, stepping: 0x3)
[STDOUT  ] 2018-06-11T20:12:00.399576451Z: [    0.490000] Performance Events: PMU not available due to virtualization, using software events only.
[STDOUT  ] 2018-06-11T20:12:00.402298768Z: [    0.490891] Hierarchical SRCU implementation.
[STDOUT  ] 2018-06-11T20:12:00.407809966Z: [    0.496191] NMI watchdog: Perf event create on CPU 0 failed with -2
[STDOUT  ] 2018-06-11T20:12:00.408217161Z: [    0.496603] NMI watchdog: Perf NMI watchdog permanently disabled
[STDOUT  ] 2018-06-11T20:12:00.412147444Z: [    0.500315] smp: Bringing up secondary CPUs ...
[STDOUT  ] 2018-06-11T20:12:00.412509698Z: [    0.500748] smp: Brought up 1 node, 1 CPU
[STDOUT  ] 2018-06-11T20:12:00.413033608Z: [    0.501122] smpboot: Total of 1 processors activated (5199.64 BogoMIPS)
[STDOUT  ] 2018-06-11T20:12:00.427257955Z: [    0.515059] devtmpfs: initialized
[STDOUT  ] 2018-06-11T20:12:00.433155565Z: [    0.521665] x86/mm: Memory block size: 128MB
[STDOUT  ] 2018-06-11T20:12:00.439232546Z: [    0.527874] evm: security.ima
[STDOUT  ] 2018-06-11T20:12:00.439556241Z: [    0.528110] evm: security.capability
[STDOUT  ] 2018-06-11T20:12:00.442728119Z: [    0.531223] clocksource: jiffies: mask: 0xffffffff max_cycles: 0xffffffff, max_idle_ns: 19112604462750000 ns
[STDOUT  ] 2018-06-11T20:12:00.443430987Z: [    0.531923] futex hash table entries: 256 (order: 2, 16384 bytes)
[STDOUT  ] 2018-06-11T20:12:00.452996227Z: [    0.541593] NET: Registered protocol family 16
[STDOUT  ] 2018-06-11T20:12:00.458674203Z: [    0.547240] cpuidle: using governor ladder
[STDOUT  ] 2018-06-11T20:12:00.459007858Z: [    0.547798] cpuidle: using governor menu
[STDOUT  ] 2018-06-11T20:12:00.460364386Z: [    0.549139] ACPI: bus type PCI registered
[STDOUT  ] 2018-06-11T20:12:00.463667628Z: [    0.551975] PCI: MMCONFIG for domain 0000 [bus 00-ff] at [mem 0xb0000000-0xbfffffff] (base 0xb0000000)
[STDOUT  ] 2018-06-11T20:12:00.464443738Z: [    0.552902] PCI: MMCONFIG at [mem 0xb0000000-0xbfffffff] reserved in E820
[STDOUT  ] 2018-06-11T20:12:00.465400054Z: [    0.553883] PCI: Using configuration type 1 for base access
[STDOUT  ] 2018-06-11T20:12:00.503674526Z: [    0.591876] HugeTLB registered 2.00 MiB page size, pre-allocated 0 pages
[STDOUT  ] 2018-06-11T20:12:00.514060940Z: [    0.602556] ACPI: Added _OSI(Module Device)
[STDOUT  ] 2018-06-11T20:12:00.514490123Z: [    0.603036] ACPI: Added _OSI(Processor Device)
[STDOUT  ] 2018-06-11T20:12:00.514915129Z: [    0.603284] ACPI: Added _OSI(3.0 _SCP Extensions)
[STDOUT  ] 2018-06-11T20:12:00.515014325Z: [    0.603612] ACPI: Added _OSI(Processor Aggregator Device)
[STDOUT  ] 2018-06-11T20:12:00.560556463Z: [    0.646999] ACPI: Interpreter enabled
[STDOUT  ] 2018-06-11T20:12:00.561905747Z: [    0.647951] ACPI: (supports S0 S5)
[STDOUT  ] 2018-06-11T20:12:00.562360804Z: [    0.650403] ACPI: Using IOAPIC for interrupt routing
[STDOUT  ] 2018-06-11T20:12:00.564848001Z: [    0.652746] PCI: Using host bridge windows from ACPI; if necessary, use "pci=nocrs" and report a bug
[STDOUT  ] 2018-06-11T20:12:00.567453975Z: [    0.655467] ACPI: Enabled 1 GPEs in block 00 to 3F
[STDOUT  ] 2018-06-11T20:12:00.610500768Z: [    0.698990] ACPI: PCI Root Bridge [PCI0] (domain 0000 [bus 00-ff])
[STDOUT  ] 2018-06-11T20:12:00.611765328Z: [    0.700233] acpi PNP0A08:00: _OSC: OS supports [ExtendedConfig ASPM ClockPM Segments MSI]
[STDOUT  ] 2018-06-11T20:12:00.616020459Z: [    0.704451] acpi PNP0A08:00: _OSC: OS now controls [PCIeHotplug PME PCIeCapability]
[STDOUT  ] 2018-06-11T20:12:00.619151073Z: [    0.707782] PCI host bridge to bus 0000:00
[STDOUT  ] 2018-06-11T20:12:00.619706577Z: [    0.708295] pci_bus 0000:00: root bus resource [io  0x0000-0x0cf7 window]
[STDOUT  ] 2018-06-11T20:12:00.620176776Z: [    0.708668] pci_bus 0000:00: root bus resource [io  0x0d00-0xffff window]
[STDOUT  ] 2018-06-11T20:12:00.620467953Z: [    0.708940] pci_bus 0000:00: root bus resource [mem 0x000a0000-0x000bffff window]
[STDOUT  ] 2018-06-11T20:12:00.620747887Z: [    0.709354] pci_bus 0000:00: root bus resource [mem 0xc0000000-0xfebfffff window]
[STDOUT  ] 2018-06-11T20:12:00.621316662Z: [    0.709866] pci_bus 0000:00: root bus resource [bus 00-ff]
[STDOUT  ] 2018-06-11T20:12:00.784035815Z: [    0.871782] pci 0000:00:1f.0: quirk: [io  0x0600-0x067f] claimed by ICH6 ACPI/GPIO/TCO
[STDOUT  ] 2018-06-11T20:12:00.868090933Z: [    0.955920] ACPI: PCI Interrupt Link [LNKA] (IRQs 5 *10 11)
[STDOUT  ] 2018-06-11T20:12:00.869721818Z: [    0.957785] ACPI: PCI Interrupt Link [LNKB] (IRQs 5 *10 11)
[STDOUT  ] 2018-06-11T20:12:00.872229819Z: [    0.960093] ACPI: PCI Interrupt Link [LNKC] (IRQs 5 10 *11)
[STDOUT  ] 2018-06-11T20:12:00.873759914Z: [    0.961660] ACPI: PCI Interrupt Link [LNKD] (IRQs 5 10 *11)
[STDOUT  ] 2018-06-11T20:12:00.874864974Z: [    0.962962] ACPI: PCI Interrupt Link [LNKE] (IRQs 5 *10 11)
[STDOUT  ] 2018-06-11T20:12:00.876081061Z: [    0.964174] ACPI: PCI Interrupt Link [LNKF] (IRQs 5 *10 11)
[STDOUT  ] 2018-06-11T20:12:00.877779133Z: [    0.965751] ACPI: PCI Interrupt Link [LNKG] (IRQs 5 10 *11)
[STDOUT  ] 2018-06-11T20:12:00.879046296Z: [    0.967135] ACPI: PCI Interrupt Link [LNKH] (IRQs 5 10 *11)
[STDOUT  ] 2018-06-11T20:12:00.879707426Z: [    0.967784] ACPI: PCI Interrupt Link [GSIA] (IRQs *16)
[STDOUT  ] 2018-06-11T20:12:00.880297139Z: [    0.968321] ACPI: PCI Interrupt Link [GSIB] (IRQs *17)
[STDOUT  ] 2018-06-11T20:12:00.880907208Z: [    0.968888] ACPI: PCI Interrupt Link [GSIC] (IRQs *18)
[STDOUT  ] 2018-06-11T20:12:00.881599438Z: [    0.969420] ACPI: PCI Interrupt Link [GSID] (IRQs *19)
[STDOUT  ] 2018-06-11T20:12:00.882023304Z: [    0.970596] ACPI: PCI Interrupt Link [GSIE] (IRQs *20)
[STDOUT  ] 2018-06-11T20:12:00.882481678Z: [    0.971071] ACPI: PCI Interrupt Link [GSIF] (IRQs *21)
[STDOUT  ] 2018-06-11T20:12:00.883080123Z: [    0.971590] ACPI: PCI Interrupt Link [GSIG] (IRQs *22)
[STDOUT  ] 2018-06-11T20:12:00.883697394Z: [    0.972137] ACPI: PCI Interrupt Link [GSIH] (IRQs *23)
[STDOUT  ] 2018-06-11T20:12:00.890279777Z: [    0.978836] SCSI subsystem initialized
[STDOUT  ] 2018-06-11T20:12:00.892632043Z: [    0.981315] ACPI: bus type USB registered
[STDOUT  ] 2018-06-11T20:12:00.893525224Z: [    0.982201] usbcore: registered new interface driver usbfs
[STDOUT  ] 2018-06-11T20:12:00.894168720Z: [    0.982872] usbcore: registered new interface driver hub
[STDOUT  ] 2018-06-11T20:12:00.895046959Z: [    0.983561] usbcore: registered new device driver usb
[STDOUT  ] 2018-06-11T20:12:00.895925445Z: [    0.984512] pps_core: LinuxPPS API ver. 1 registered
[STDOUT  ] 2018-06-11T20:12:00.896433509Z: [    0.984760] pps_core: Software ver. 5.3.6 - Copyright 2005-2007 Rodolfo Giometti <giometti@linux.it>
[STDOUT  ] 2018-06-11T20:12:00.896753220Z: [    0.985461] PTP clock support registered
[STDOUT  ] 2018-06-11T20:12:00.898689354Z: [    0.987328] PCI: Using ACPI for IRQ routing
[STDOUT  ] 2018-06-11T20:12:00.911577663Z: [    1.000043] NetLabel: Initializing
[STDOUT  ] 2018-06-11T20:12:00.911978580Z: [    1.000307] NetLabel:  domain hash size = 128
[STDOUT  ] 2018-06-11T20:12:00.912296346Z: [    1.000583] NetLabel:  protocols = UNLABELED CIPSOv4 CALIPSO
[STDOUT  ] 2018-06-11T20:12:00.914264576Z: [    1.002770] NetLabel:  unlabeled traffic allowed by default
[STDOUT  ] 2018-06-11T20:12:00.915913520Z: [    1.004229] HPET: 3 timers in total, 0 timers will be used for per-cpu timer
[STDOUT  ] 2018-06-11T20:12:00.916595064Z: [    1.004926] hpet0: at MMIO 0xfed00000, IRQs 2, 8, 0
[STDOUT  ] 2018-06-11T20:12:00.916999211Z: [    1.005313] hpet0: 3 comparators, 64-bit 100.000000 MHz counter
[STDOUT  ] 2018-06-11T20:12:00.923027437Z: [    1.011468] clocksource: Switched to clocksource hpet
[STDOUT  ] 2018-06-11T20:12:01.121078796Z: [    1.208317] VFS: Disk quotas dquot_6.6.0
[STDOUT  ] 2018-06-11T20:12:01.122096796Z: [    1.209084] VFS: Dquot-cache hash table entries: 512 (order 0, 4096 bytes)
[STDOUT  ] 2018-06-11T20:12:01.125355684Z: [    1.212636] FS-Cache: Loaded
[STDOUT  ] 2018-06-11T20:12:01.130477918Z: [    1.217622] CacheFiles: Loaded
[STDOUT  ] 2018-06-11T20:12:01.131512506Z: [    1.218750] pnp: PnP ACPI init
[STDOUT  ] 2018-06-11T20:12:01.139397771Z: [    1.226498] pnp: PnP ACPI: found 5 devices
[STDOUT  ] 2018-06-11T20:12:01.170232197Z: [    1.256996] clocksource: acpi_pm: mask: 0xffffff max_cycles: 0xffffff, max_idle_ns: 2085701024 ns
[STDOUT  ] 2018-06-11T20:12:01.173633887Z: [    1.260860] NET: Registered protocol family 2
[STDOUT  ] 2018-06-11T20:12:01.181706824Z: [    1.268683] TCP established hash table entries: 8192 (order: 4, 65536 bytes)
[STDOUT  ] 2018-06-11T20:12:01.182417447Z: [    1.269537] TCP bind hash table entries: 8192 (order: 5, 131072 bytes)
[STDOUT  ] 2018-06-11T20:12:01.183698046Z: [    1.270774] TCP: Hash tables configured (established 8192 bind 8192)
[STDOUT  ] 2018-06-11T20:12:01.185527392Z: [    1.272753] UDP hash table entries: 512 (order: 2, 16384 bytes)
[STDOUT  ] 2018-06-11T20:12:01.186189660Z: [    1.273334] UDP-Lite hash table entries: 512 (order: 2, 16384 bytes)
[STDOUT  ] 2018-06-11T20:12:01.188800144Z: [    1.276014] NET: Registered protocol family 1
[STDOUT  ] 2018-06-11T20:12:01.189789428Z: [    1.276933] pci 0000:00:01.0: Video device with shadowed ROM at [mem 0x000c0000-0x000dffff]
[STDOUT  ] 2018-06-11T20:12:01.195495796Z: [    1.282577] Trying to unpack rootfs image as initramfs...
[STDOUT  ] 2018-06-11T20:12:06.167868847Z: [    6.255106] Freeing initrd memory: 36592K
[STDOUT  ] 2018-06-11T20:12:06.188486485Z: [    6.275597] PCLMULQDQ-NI instructions are not detected.
[STDOUT  ] 2018-06-11T20:12:06.189909395Z: [    6.276985] AVX or AES-NI instructions are not detected.
[STDOUT  ] 2018-06-11T20:12:06.190380450Z: [    6.277509] CPU feature 'AVX registers' is not supported.
[STDOUT  ] 2018-06-11T20:12:06.190717846Z: [    6.277848] CPU feature 'AVX registers' is not supported.
[STDOUT  ] 2018-06-11T20:12:06.191020559Z: [    6.278188] CPU feature 'AVX registers' is not supported.
[STDOUT  ] 2018-06-11T20:12:06.191354166Z: [    6.278537] CPU feature 'AVX registers' is not supported.
[STDOUT  ] 2018-06-11T20:12:06.191677166Z: [    6.278858] AVX2 or AES-NI instructions are not detected.
[STDOUT  ] 2018-06-11T20:12:06.192006479Z: [    6.279185] AVX2 instructions are not detected.
[STDOUT  ] 2018-06-11T20:12:06.196703376Z: [    6.283752] audit: initializing netlink subsys (disabled)
[STDOUT  ] 2018-06-11T20:12:06.201910575Z: [    6.288819] audit: type=2000 audit(1528747925.280:1): state=initialized audit_enabled=0 res=1
[STDOUT  ] 2018-06-11T20:12:06.203932110Z: [    6.291011] workingset: timestamp_bits=46 max_order=18 bucket_order=0
[STDOUT  ] 2018-06-11T20:12:06.208059604Z: [    6.295144] squashfs: version 4.0 (2009/01/31) Phillip Lougher
[STDOUT  ] 2018-06-11T20:12:06.210672496Z: [    6.297742] FS-Cache: Netfs 'cifs' registered for caching
[STDOUT  ] 2018-06-11T20:12:06.211712113Z: [    6.298810] fuse init (API version 7.26)
[STDOUT  ] 2018-06-11T20:12:06.216954155Z: [    6.304060] SGI XFS with ACLs, security attributes, no debug enabled
[STDOUT  ] 2018-06-11T20:12:06.222074901Z: [    6.309007] 9p: Installing v9fs 9p2000 file system support
[STDOUT  ] 2018-06-11T20:12:06.222375927Z: [    6.309516] FS-Cache: Netfs '9p' registered for caching
[STDOUT  ] 2018-06-11T20:12:06.250493469Z: [    6.337660] NET: Registered protocol family 38
[STDOUT  ] 2018-06-11T20:12:06.251204890Z: [    6.338292] Key type asymmetric registered
[STDOUT  ] 2018-06-11T20:12:06.251537260Z: [    6.338688] Asymmetric key parser 'x509' registered
[STDOUT  ] 2018-06-11T20:12:06.252422687Z: [    6.339578] Block layer SCSI generic (bsg) driver version 0.4 loaded (major 247)
[STDOUT  ] 2018-06-11T20:12:06.255424504Z: [    6.342555] io scheduler noop registered
[STDOUT  ] 2018-06-11T20:12:06.255709015Z: [    6.342895] io scheduler deadline registered (default)
[STDOUT  ] 2018-06-11T20:12:06.256534614Z: [    6.343700] io scheduler cfq registered
[STDOUT  ] 2018-06-11T20:12:06.256684277Z: [    6.343928] io scheduler mq-deadline registered
[STDOUT  ] 2018-06-11T20:12:06.256946795Z: [    6.344223] io scheduler kyber registered
[STDOUT  ] 2018-06-11T20:12:06.259847529Z: [    6.346880] shpchp: Standard Hot Plug PCI Controller Driver version: 0.4
[STDOUT  ] 2018-06-11T20:12:06.260465510Z: [    6.347679] hv_vmbus: registering driver hyperv_fb
[STDOUT  ] 2018-06-11T20:12:06.264135489Z: [    6.351179] input: Power Button as /devices/LNXSYSTM:00/LNXPWRBN:00/input/input0
[STDOUT  ] 2018-06-11T20:12:06.266792267Z: [    6.353971] ACPI: Power Button [PWRF]
[STDOUT  ] 2018-06-11T20:12:06.278620541Z: [    6.365747] ACPI: PCI Interrupt Link [GSIG] enabled at IRQ 22
[STDOUT  ] 2018-06-11T20:12:06.289985251Z: [    6.376889] ACPI: PCI Interrupt Link [GSIH] enabled at IRQ 23
[STDOUT  ] 2018-06-11T20:12:06.296222020Z: [    6.383354] Serial: 8250/16550 driver, 4 ports, IRQ sharing disabled
[STDOUT  ] 2018-06-11T20:12:06.319939300Z: [    6.406993] 00:04: ttyS0 at I/O 0x3f8 (irq = 4, base_baud = 115200) is a 16550A
[STDOUT  ] 2018-06-11T20:12:06.329502113Z: [    6.416551] Non-volatile memory driver v1.3
[STDOUT  ] 2018-06-11T20:12:06.335760705Z: [    6.422699] Hangcheck: starting hangcheck timer 0.9.1 (tick is 180 seconds, margin is 60 seconds).
[STDOUT  ] 2018-06-11T20:12:06.343214417Z: [    6.430472] random: fast init done
[STDOUT  ] 2018-06-11T20:12:06.344439610Z: [    6.431673] random: crng init done
[STDOUT  ] 2018-06-11T20:12:06.387037993Z: [    6.474270] brd: module loaded
[STDOUT  ] 2018-06-11T20:12:06.410331679Z: [    6.497561] loop: module loaded
[STDOUT  ] 2018-06-11T20:12:06.448740358Z: [    6.535892] lpc_ich 0000:00:1f.0: I/O space for GPIO uninitialized
[STDOUT  ] 2018-06-11T20:12:06.450875191Z: [    6.537998] VMware PVSCSI driver - version 1.0.7.0-k
[STDOUT  ] 2018-06-11T20:12:06.451676802Z: [    6.538782] hv_vmbus: registering driver hv_storvsc
[STDOUT  ] 2018-06-11T20:12:06.458656232Z: [    6.545536] ACPI: PCI Interrupt Link [GSIA] enabled at IRQ 16
[STDOUT  ] 2018-06-11T20:12:06.465043624Z: [    6.551969] ahci 0000:00:1f.2: AHCI 0001.0000 32 slots 6 ports 1.5 Gbps 0x3f impl SATA mode
[STDOUT  ] 2018-06-11T20:12:06.465619326Z: [    6.552740] ahci 0000:00:1f.2: flags: 64bit ncq only 
[STDOUT  ] 2018-06-11T20:12:06.477828163Z: [    6.565096] scsi host0: ahci
[STDOUT  ] 2018-06-11T20:12:06.480546469Z: [    6.567790] scsi host1: ahci
[STDOUT  ] 2018-06-11T20:12:06.482025958Z: [    6.569217] scsi host2: ahci
[STDOUT  ] 2018-06-11T20:12:06.483706318Z: [    6.570958] scsi host3: ahci
[STDOUT  ] 2018-06-11T20:12:06.485120459Z: [    6.572389] scsi host4: ahci
[STDOUT  ] 2018-06-11T20:12:06.486609258Z: [    6.573773] scsi host5: ahci
[STDOUT  ] 2018-06-11T20:12:06.488354812Z: [    6.575367] ata1: SATA max UDMA/133 abar m4096@0xfebd2000 port 0xfebd2100 irq 24
[STDOUT  ] 2018-06-11T20:12:06.488827184Z: [    6.575866] ata2: SATA max UDMA/133 abar m4096@0xfebd2000 port 0xfebd2180 irq 24
[STDOUT  ] 2018-06-11T20:12:06.489125469Z: [    6.576265] ata3: SATA max UDMA/133 abar m4096@0xfebd2000 port 0xfebd2200 irq 24
[STDOUT  ] 2018-06-11T20:12:06.489591312Z: [    6.576649] ata4: SATA max UDMA/133 abar m4096@0xfebd2000 port 0xfebd2280 irq 24
[STDOUT  ] 2018-06-11T20:12:06.489885133Z: [    6.577018] ata5: SATA max UDMA/133 abar m4096@0xfebd2000 port 0xfebd2300 irq 24
[STDOUT  ] 2018-06-11T20:12:06.490330731Z: [    6.577389] ata6: SATA max UDMA/133 abar m4096@0xfebd2000 port 0xfebd2380 irq 24
[STDOUT  ] 2018-06-11T20:12:06.500309971Z: [    6.587495] tun: Universal TUN/TAP device driver, 1.6
[STDOUT  ] 2018-06-11T20:12:06.511933617Z: [    6.598925] VMware vmxnet3 virtual NIC driver - version 1.4.a.0-k-NAPI
[STDOUT  ] 2018-06-11T20:12:06.513371871Z: [    6.600403] hv_vmbus: registering driver hv_netvsc
[STDOUT  ] 2018-06-11T20:12:06.513561847Z: [    6.600750] Fusion MPT base driver 3.04.20
[STDOUT  ] 2018-06-11T20:12:06.513858543Z: [    6.601009] Copyright (c) 1999-2008 LSI Corporation
[STDOUT  ] 2018-06-11T20:12:06.514437281Z: [    6.601573] Fusion MPT SPI Host driver 3.04.20
[STDOUT  ] 2018-06-11T20:12:06.516478513Z: [    6.603472] i8042: PNP: PS/2 Controller [PNP0303:KBD,PNP0f13:MOU] at 0x60,0x64 irq 1,12
[STDOUT  ] 2018-06-11T20:12:06.520616651Z: [    6.607663] serio: i8042 KBD port at 0x60,0x64 irq 1
[STDOUT  ] 2018-06-11T20:12:06.521296345Z: [    6.608464] serio: i8042 AUX port at 0x60,0x64 irq 12
[STDOUT  ] 2018-06-11T20:12:06.523680491Z: [    6.610851] hv_vmbus: registering driver hyperv_keyboard
[STDOUT  ] 2018-06-11T20:12:06.525657161Z: [    6.612738] mousedev: PS/2 mouse device common for all mice
[STDOUT  ] 2018-06-11T20:12:06.529588026Z: [    6.616592] input: AT Translated Set 2 keyboard as /devices/platform/i8042/serio0/input/input1
[STDOUT  ] 2018-06-11T20:12:06.531549169Z: [    6.618740] input: PC Speaker as /devices/platform/pcspkr/input/input2
[STDOUT  ] 2018-06-11T20:12:06.535193070Z: [    6.622390] rtc_cmos 00:00: RTC can wake from S4
[STDOUT  ] 2018-06-11T20:12:06.538764589Z: [    6.625757] rtc_cmos 00:00: rtc core: registered rtc_cmos as rtc0
[STDOUT  ] 2018-06-11T20:12:06.540048536Z: [    6.627104] rtc_cmos 00:00: alarms up to one day, y3k, 114 bytes nvram, hpet irqs
[STDOUT  ] 2018-06-11T20:12:06.540512292Z: [    6.627820] i2c /dev entries driver
[STDOUT  ] 2018-06-11T20:12:06.542635812Z: [    6.629669] device-mapper: ioctl: 4.37.0-ioctl (2017-09-20) initialised: dm-devel@redhat.com
[STDOUT  ] 2018-06-11T20:12:06.546681661Z: [    6.633701] usbcore: registered new interface driver usbhid
[STDOUT  ] 2018-06-11T20:12:06.546955722Z: [    6.634180] usbhid: USB HID core driver
[STDOUT  ] 2018-06-11T20:12:06.547778532Z: [    6.634956] hv_utils: Registering HyperV Utility Driver
[STDOUT  ] 2018-06-11T20:12:06.548103328Z: [    6.635236] hv_vmbus: registering driver hv_util
[STDOUT  ] 2018-06-11T20:12:06.548394576Z: [    6.635527] hv_vmbus: registering driver hv_balloon
[STDOUT  ] 2018-06-11T20:12:06.548827070Z: [    6.636115] oprofile: using NMI interrupt.
[STDOUT  ] 2018-06-11T20:12:06.550048392Z: [    6.637251] GACT probability on
[STDOUT  ] 2018-06-11T20:12:06.550456784Z: [    6.637784] Mirror/redirect action on
[STDOUT  ] 2018-06-11T20:12:06.551116405Z: [    6.638345] Simple TC action Loaded
[STDOUT  ] 2018-06-11T20:12:06.551562140Z: [    6.638880] u32 classifier
[STDOUT  ] 2018-06-11T20:12:06.551857554Z: [    6.639053]     Performance counters on
[STDOUT  ] 2018-06-11T20:12:06.552016791Z: [    6.639295]     input device check on
[STDOUT  ] 2018-06-11T20:12:06.552166474Z: [    6.639513]     Actions configured
[STDOUT  ] 2018-06-11T20:12:06.553315298Z: [    6.640525] Netfilter messages via NETLINK v0.30.
[STDOUT  ] 2018-06-11T20:12:06.553827118Z: [    6.641106] nfnl_acct: registering with nfnetlink.
[STDOUT  ] 2018-06-11T20:12:06.555127271Z: [    6.642272] nf_conntrack version 0.5.0 (8192 buckets, 32768 max)
[STDOUT  ] 2018-06-11T20:12:06.557234807Z: [    6.644519] ctnetlink v0.93: registering with nfnetlink.
[STDOUT  ] 2018-06-11T20:12:06.560213704Z: [    6.647235] nf_tables: (c) 2007-2009 Patrick McHardy <kaber@trash.net>
[STDOUT  ] 2018-06-11T20:12:06.560927801Z: [    6.648101] nf_tables_compat: (c) 2012 Pablo Neira Ayuso <pablo@netfilter.org>
[STDOUT  ] 2018-06-11T20:12:06.563432421Z: [    6.650620] xt_time: kernel timezone is -0000
[STDOUT  ] 2018-06-11T20:12:06.563866629Z: [    6.651188] ip_set: protocol 6
[STDOUT  ] 2018-06-11T20:12:06.564720570Z: [    6.651883] IPVS: Registered protocols (TCP, UDP, SCTP, AH, ESP)
[STDOUT  ] 2018-06-11T20:12:06.565391588Z: [    6.652506] IPVS: Connection hash table configured (size=4096, memory=64Kbytes)
[STDOUT  ] 2018-06-11T20:12:06.569050126Z: [    6.656198] IPVS: ipvs loaded.
[STDOUT  ] 2018-06-11T20:12:06.569376166Z: [    6.656698] IPVS: [rr] scheduler registered.
[STDOUT  ] 2018-06-11T20:12:06.569688105Z: [    6.657009] IPVS: [wrr] scheduler registered.
[STDOUT  ] 2018-06-11T20:12:06.570085176Z: [    6.657264] IPVS: [lc] scheduler registered.
[STDOUT  ] 2018-06-11T20:12:06.570223809Z: [    6.657501] IPVS: [wlc] scheduler registered.
[STDOUT  ] 2018-06-11T20:12:06.570504460Z: [    6.657742] IPVS: [fo] scheduler registered.
[STDOUT  ] 2018-06-11T20:12:06.570836640Z: [    6.658045] IPVS: [ovf] scheduler registered.
[STDOUT  ] 2018-06-11T20:12:06.571251003Z: [    6.658503] IPVS: [lblc] scheduler registered.
[STDOUT  ] 2018-06-11T20:12:06.571775169Z: [    6.658951] IPVS: [lblcr] scheduler registered.
[STDOUT  ] 2018-06-11T20:12:06.572064247Z: [    6.659220] IPVS: [dh] scheduler registered.
[STDOUT  ] 2018-06-11T20:12:06.572209960Z: [    6.659489] IPVS: [sh] scheduler registered.
[STDOUT  ] 2018-06-11T20:12:06.572493174Z: [    6.659720] IPVS: [sed] scheduler registered.
[STDOUT  ] 2018-06-11T20:12:06.572773768Z: [    6.659964] IPVS: [nq] scheduler registered.
[STDOUT  ] 2018-06-11T20:12:06.573878289Z: [    6.661185] IPVS: ftp: loaded support on port[0] = 21
[STDOUT  ] 2018-06-11T20:12:06.574839616Z: [    6.661897] ipip: IPv4 and MPLS over IPv4 tunneling driver
[STDOUT  ] 2018-06-11T20:12:06.577818434Z: [    6.665037] gre: GRE over IPv4 demultiplexor driver
[STDOUT  ] 2018-06-11T20:12:06.580314048Z: [    6.667526] ip_tables: (C) 2000-2006 Netfilter Core Team
[STDOUT  ] 2018-06-11T20:12:06.584427341Z: [    6.671471] ipt_CLUSTERIP: ClusterIP Version 0.8 loaded successfully
[STDOUT  ] 2018-06-11T20:12:06.584985809Z: [    6.672133] arp_tables: arp_tables: (C) 2002 David S. Miller
[STDOUT  ] 2018-06-11T20:12:06.586978352Z: [    6.674270] NET: Registered protocol family 10
[STDOUT  ] 2018-06-11T20:12:06.596360971Z: [    6.683454] Segment Routing with IPv6
[STDOUT  ] 2018-06-11T20:12:06.597255123Z: [    6.684379] ip6_tables: (C) 2000-2006 Netfilter Core Team
[STDOUT  ] 2018-06-11T20:12:06.604373949Z: [    6.691512] NET: Registered protocol family 17
[STDOUT  ] 2018-06-11T20:12:06.605392859Z: [    6.692662] Bridge firewalling registered
[STDOUT  ] 2018-06-11T20:12:06.605928579Z: [    6.693241] Ebtables v2.0 registered
[STDOUT  ] 2018-06-11T20:12:06.607925481Z: [    6.695103] 8021q: 802.1Q VLAN Support v1.8
[STDOUT  ] 2018-06-11T20:12:06.609182581Z: [    6.696463] 9pnet: Installing 9P2000 support
[STDOUT  ] 2018-06-11T20:12:06.610566585Z: [    6.697862] Key type dns_resolver registered
[STDOUT  ] 2018-06-11T20:12:06.612064338Z: [    6.699115] sched_clock: Marking stable (6690233340, 0)->(6804601908, -114368568)
[STDOUT  ] 2018-06-11T20:12:06.615309739Z: [    6.702584] registered taskstats version 1
[STDOUT  ] 2018-06-11T20:12:06.802474160Z: [    6.889645] Key type big_key registered
[STDOUT  ] 2018-06-11T20:12:06.829155945Z: [    6.916116] ata3: SATA link up 1.5 Gbps (SStatus 113 SControl 300)
[STDOUT  ] 2018-06-11T20:12:06.834745269Z: [    6.921839] ata3.00: ATAPI: QEMU DVD-ROM, 2.5+, max UDMA/100
[STDOUT  ] 2018-06-11T20:12:06.835113042Z: [    6.922430] ata3.00: applying bridge limits
[STDOUT  ] 2018-06-11T20:12:06.836687220Z: [    6.923772] ata2: SATA link down (SStatus 0 SControl 300)
[STDOUT  ] 2018-06-11T20:12:06.838188567Z: [    6.925324] ata1: SATA link up 1.5 Gbps (SStatus 113 SControl 300)
[STDOUT  ] 2018-06-11T20:12:06.839132404Z: [    6.926290] ata1.00: ATA-7: QEMU HARDDISK, 2.5+, max UDMA/100
[STDOUT  ] 2018-06-11T20:12:06.839515965Z: [    6.926613] ata1.00: 524288 sectors, multi 16: LBA48 NCQ (depth 31/32)
[STDOUT  ] 2018-06-11T20:12:06.839793915Z: [    6.927143] ata1.00: applying bridge limits
[STDOUT  ] 2018-06-11T20:12:06.840865743Z: [    6.928103] ata1.00: configured for UDMA/100
[STDOUT  ] 2018-06-11T20:12:06.843303224Z: [    6.930399] ata4: SATA link down (SStatus 0 SControl 300)
[STDOUT  ] 2018-06-11T20:12:06.843915486Z: [    6.931008] ata5: SATA link down (SStatus 0 SControl 300)
[STDOUT  ] 2018-06-11T20:12:06.844232817Z: [    6.931436] ata6: SATA link down (SStatus 0 SControl 300)
[STDOUT  ] 2018-06-11T20:12:06.863424741Z: [    6.950642] ata3.00: configured for UDMA/100
[STDOUT  ] 2018-06-11T20:12:06.875438461Z: [    6.962251] scsi 0:0:0:0: Direct-Access     ATA      QEMU HARDDISK    2.5+ PQ: 0 ANSI: 5
[STDOUT  ] 2018-06-11T20:12:06.883560760Z: [    6.970779] sd 0:0:0:0: Attached scsi generic sg0 type 0
[STDOUT  ] 2018-06-11T20:12:06.888247003Z: [    6.975078] sd 0:0:0:0: [sda] 524288 512-byte logical blocks: (268 MB/256 MiB)
[STDOUT  ] 2018-06-11T20:12:06.891962307Z: [    6.978925] scsi 2:0:0:0: CD-ROM            QEMU     QEMU DVD-ROM     2.5+ PQ: 0 ANSI: 5
[STDOUT  ] 2018-06-11T20:12:06.905850255Z: [    6.993086] sd 0:0:0:0: [sda] Write Protect is off
[STDOUT  ] 2018-06-11T20:12:06.907822403Z: [    6.994811] sd 0:0:0:0: [sda] Write cache: enabled, read cache: enabled, doesn't support DPO or FUA
[STDOUT  ] 2018-06-11T20:12:06.926050899Z: [    7.013253] sd 0:0:0:0: [sda] Attached SCSI disk
[STDOUT  ] 2018-06-11T20:12:06.941655111Z: [    7.028908] Key type trusted registered
[STDOUT  ] 2018-06-11T20:12:06.946510682Z: [    7.033554] sr 2:0:0:0: [sr0] scsi3-mmc drive: 4x/4x cd/rw xa/form2 tray
[STDOUT  ] 2018-06-11T20:12:06.947062238Z: [    7.034358] cdrom: Uniform CD-ROM driver Revision: 3.20
[STDOUT  ] 2018-06-11T20:12:06.953609243Z: [    7.040698] sr 2:0:0:0: Attached scsi generic sg1 type 5
[STDOUT  ] 2018-06-11T20:12:07.017113866Z: [    7.104349] Key type encrypted registered
[STDOUT  ] 2018-06-11T20:12:07.017951573Z: [    7.105095] ima: No TPM chip found, activating TPM-bypass! (rc=-19)
[STDOUT  ] 2018-06-11T20:12:07.018561291Z: [    7.105686] ima: Allocated hash algorithm: sha256
[STDOUT  ] 2018-06-11T20:12:07.021879723Z: [    7.109118] evm: HMAC attrs: 0x1
[STDOUT  ] 2018-06-11T20:12:07.026856846Z: [    7.113819] rtc_cmos 00:00: setting system clock to 2018-06-11 20:12:06 UTC (1528747926)
[STDOUT  ] 2018-06-11T20:12:07.177545960Z: [    7.264725] Freeing unused kernel memory: 1512K
[STDOUT  ] 2018-06-11T20:12:07.178007603Z: [    7.265047] Write protecting the kernel read-only data: 18432k
[STDOUT  ] 2018-06-11T20:12:07.190510250Z: [    7.277674] Freeing unused kernel memory: 2024K
[STDOUT  ] 2018-06-11T20:12:07.220263758Z: [    7.307533] Freeing unused kernel memory: 1104K
[STDOUT  ] 2018-06-11T20:12:07.221104055Z: [    7.308262] tsc: Refined TSC clocksource calibration: 2599.958 MHz
[STDOUT  ] 2018-06-11T20:12:07.221853694Z: [    7.308893] clocksource: tsc: mask: 0xffffffffffffffff max_cycles: 0x257a146b4ab, max_idle_ns: 440795312760 ns
[STDOUT  ] 2018-06-11T20:12:08.234169034Z: [    8.321305] clocksource: Switched to clocksource tsc
[STDOUT  ] 2018-06-11T20:12:16.750455121Z: 
[STDOUT  ] 2018-06-11T20:12:16.751072786Z: Welcome to LinuxKit
[STDOUT  ] 2018-06-11T20:12:16.751100355Z: 
[STDOUT  ] 2018-06-11T20:12:16.751416785Z:                         ##         .
[STDOUT  ] 2018-06-11T20:12:16.751749594Z:                   ## ## ##        ==
[STDOUT  ] 2018-06-11T20:12:16.751899594Z:                ## ## ## ## ##    ===
[STDOUT  ] 2018-06-11T20:12:16.752212409Z:            /"""""""""""""""""\___/ ===
[STDOUT  ] 2018-06-11T20:12:16.752521574Z:           {                       /  ===-
[STDOUT  ] 2018-06-11T20:12:16.753416795Z:            \______ O           __/
[STDOUT  ] 2018-06-11T20:12:16.753823732Z:              \    \         __/
[STDOUT  ] 2018-06-11T20:12:16.753979527Z:               \____\_______/
[STDOUT  ] 2018-06-11T20:12:16.754147879Z: 
[STDOUT  ] 2018-06-11T20:12:18.423340480Z: [   18.510438] raid6: sse2x1   gen()   467 MB/s
[STDOUT  ] 2018-06-11T20:12:18.593040165Z: [   18.680262] raid6: sse2x1   xor()   237 MB/s
[STDOUT  ] 2018-06-11T20:12:18.763095541Z: [   18.850228] raid6: sse2x2   gen()   424 MB/s
[STDOUT  ] 2018-06-11T20:12:18.933250718Z: [   19.020330] raid6: sse2x2   xor()   289 MB/s
[STDOUT  ] 2018-06-11T20:12:19.103105774Z: [   19.190239] raid6: sse2x4   gen()   503 MB/s
[STDOUT  ] 2018-06-11T20:12:19.273141558Z: [   19.360272] raid6: sse2x4   xor()   301 MB/s
[STDOUT  ] 2018-06-11T20:12:19.273595625Z: [   19.360715] raid6: using algorithm sse2x4 gen() 503 MB/s
[STDOUT  ] 2018-06-11T20:12:19.274005217Z: [   19.361082] raid6: .... xor() 301 MB/s, rmw enabled
[STDOUT  ] 2018-06-11T20:12:19.274523866Z: [   19.361677] raid6: using intx1 recovery algorithm
[STDOUT  ] 2018-06-11T20:12:19.343882971Z: [   19.430885] xor: measuring software checksum speed
[STDOUT  ] 2018-06-11T20:12:19.443064440Z: [   19.530246]    prefetch64-sse:   747.600 MB/sec
[STDOUT  ] 2018-06-11T20:12:19.543020586Z: [   19.630183]    generic_sse:   724.400 MB/sec
[STDOUT  ] 2018-06-11T20:12:19.543458575Z: [   19.630571] xor: using function: prefetch64-sse (747.600 MB/sec)
[STDOUT  ] 2018-06-11T20:12:19.734086770Z: [   19.821189] Btrfs loaded, crc32c=crc32c-generic
[STDOUT  ] 2018-06-11T20:12:20.718460805Z: [   20.805553] IPVS: ftp: loaded support on port[0] = 21
[STDOUT  ] 2018-06-11T20:12:21.889027106Z: [   21.976254]  sda:
[STDOUT  ] 2018-06-11T20:12:21.961570153Z: [   22.048818]  sda:
[STDOUT  ] 2018-06-11T20:12:22.027891877Z: [   22.115067]  sda: sda1
[STDOUT  ] 2018-06-11T20:12:22.104003388Z: [   22.191274]  sda: sda1
[STDOUT  ] 2018-06-11T20:12:23.757361489Z: [   23.844349] BTRFS: device fsid a4e29531-350f-4f03-b944-dea1549f0d0d devid 1 transid 5 /dev/sda1
[STDOUT  ] 2018-06-11T20:12:23.819862619Z: 2018/06/11 20:12:20 Creating partition on /dev/sda
[STDOUT  ] 2018-06-11T20:12:23.820322646Z: 2018/06/11 20:12:22 Partition /dev/sda1 successfully created!
[STDOUT  ] 2018-06-11T20:12:24.257272774Z: [   24.344375] IPVS: ftp: loaded support on port[0] = 21
[STDOUT  ] 2018-06-11T20:12:25.360724539Z: [   25.447887] FAT-fs (sda1): utf8 is not a recommended IO charset for FAT filesystems, filesystem will be case sensitive!
[STDOUT  ] 2018-06-11T20:12:25.366056787Z: [   25.453252] FAT-fs (sda1): utf8 is not a recommended IO charset for FAT filesystems, filesystem will be case sensitive!
[STDOUT  ] 2018-06-11T20:12:25.369692960Z: [   25.456965] mount: sending ioctl 5310 to a partition!
[STDOUT  ] 2018-06-11T20:12:25.402425976Z: [   25.489533] mount: sending ioctl 5310 to a partition!
[STDOUT  ] 2018-06-11T20:12:25.435886221Z: [   25.523082] BTRFS info (device sda1): disk space caching is enabled
[STDOUT  ] 2018-06-11T20:12:25.436336305Z: [   25.523540] BTRFS info (device sda1): has skinny extents
[STDOUT  ] 2018-06-11T20:12:25.436556673Z: [   25.523746] BTRFS info (device sda1): flagging fs with big metadata feature
[STDOUT  ] 2018-06-11T20:12:25.486690018Z: [   25.573857] BTRFS info (device sda1): creating UUID tree
[STDOUT  ] 2018-06-11T20:12:39.497579001Z: [   39.583482] sd 0:0:0:0: [sda] Synchronizing SCSI cache
[STDOUT  ] 2018-06-11T20:12:39.501147704Z: [   39.587732] sd 0:0:0:0: [sda] Stopping disk
[STDOUT  ] 2018-06-11T20:12:39.506039446Z: [   39.592817] ACPI: Preparing to enter system sleep state S5
[STDOUT  ] 2018-06-11T20:12:39.509075503Z: [   39.595993] reboot: Power down
[STDERR  ] 2018-06-11T20:12:39.825144858Z: + [ -f disk.img ]
[STDERR  ] 2018-06-11T20:12:39.825219276Z: + dd if=/dev/zero bs=1048576 count=256
[STDERR  ] 2018-06-11T20:12:40.016281491Z: 256+0 records in
[STDERR  ] 2018-06-11T20:12:40.016351204Z: 256+0 records out
[STDERR  ] 2018-06-11T20:12:40.016361600Z: 268435456 bytes (268 MB) copied, 0.190275 s, 1.4 GB/s
[STDERR  ] 2018-06-11T20:12:40.016622143Z: + linuxkit build -format kernel+initrd -name extend-btrfs test.yml
[STDERR  ] 2018-06-11T20:12:40.100906077Z: Extract kernel image: linuxkit/kernel:4.14.48
[STDERR  ] 2018-06-11T20:12:41.992778586Z: Add init containers:
[STDERR  ] 2018-06-11T20:12:41.992841783Z: Process init image: linuxkit/init:fbcbbe3ace0b3e9455300017dd07625293a0d4d4
[STDERR  ] 2018-06-11T20:12:43.215488314Z: Process init image: linuxkit/runc:v0.4
[STDERR  ] 2018-06-11T20:12:44.410424341Z: Add onboot containers:
[STDERR  ] 2018-06-11T20:12:44.410475775Z:   Create OCI config for linuxkit/modprobe:v0.4
[STDERR  ] 2018-06-11T20:12:45.595031921Z:   Create OCI config for linuxkit/extend:v0.4
[STDERR  ] 2018-06-11T20:12:47.002731231Z:   Create OCI config for linuxkit/mount:v0.4
[STDERR  ] 2018-06-11T20:12:48.383622226Z:   Create OCI config for alpine:3.7
[STDERR  ] 2018-06-11T20:12:49.623122638Z:   Create OCI config for linuxkit/poweroff:d75d94d9603bde9ab95b914deed0d069d05d8b20
[STDERR  ] 2018-06-11T20:12:50.830914823Z: Add files:
[STDERR  ] 2018-06-11T20:12:50.831030075Z:   check.sh
[STDERR  ] 2018-06-11T20:12:50.845566921Z: Create outputs:
[STDERR  ] 2018-06-11T20:12:57.072745724Z:   extend-btrfs-kernel extend-btrfs-initrd.img extend-btrfs-cmdline
[STDERR  ] 2018-06-11T20:12:57.598703501Z: + linuxkit run -disk file=disk.img extend-btrfs
[STDERR  ] 2018-06-11T20:12:57.623178335Z: Unable to find qemu-system-x86_64 within the $PATH. Using a container
[STDERR  ] 2018-06-11T20:12:57.623246389Z: Using existing disk [disk.img] format 
[STDERR  ] 2018-06-11T20:12:58.348773384Z: WARNING: Image format was not specified for 'disk.img' and probing guessed raw.
[STDERR  ] 2018-06-11T20:12:58.348842683Z:          Automatically detecting the format is dangerous for raw images, write operations on block 0 will be restricted.
[STDERR  ] 2018-06-11T20:12:58.348880579Z:          Specify the 'raw' format explicitly to remove the restrictions.
[STDERR  ] 2018-06-11T20:13:39.695537164Z: + RESULT=[    0.000000] Linux version 4.14.48-linuxkit (root@f636001766f8) (gcc version 6.4.0 (Alpine 6.4.0)) #1 SMP Thu Jun 7 13:33:05 UTC 2018
[STDERR  ] 2018-06-11T20:13:39.695606936Z: [    0.000000] Command line: console=ttyS0 console=ttyAMA0
[STDERR  ] 2018-06-11T20:13:39.695622969Z: [    0.000000] x86/fpu: x87 FPU will use FXSAVE
[STDERR  ] 2018-06-11T20:13:39.695637793Z: [    0.000000] e820: BIOS-provided physical RAM map:
[STDERR  ] 2018-06-11T20:13:39.695651482Z: [    0.000000] BIOS-e820: [mem 0x0000000000000000-0x000000000009fbff] usable
[STDERR  ] 2018-06-11T20:13:39.695688453Z: [    0.000000] BIOS-e820: [mem 0x000000000009fc00-0x000000000009ffff] reserved
[STDERR  ] 2018-06-11T20:13:39.695702190Z: [    0.000000] BIOS-e820: [mem 0x00000000000f0000-0x00000000000fffff] reserved
[STDERR  ] 2018-06-11T20:13:39.695715743Z: [    0.000000] BIOS-e820: [mem 0x0000000000100000-0x000000003ffdefff] usable
[STDERR  ] 2018-06-11T20:13:39.695729638Z: [    0.000000] BIOS-e820: [mem 0x000000003ffdf000-0x000000003fffffff] reserved
[STDERR  ] 2018-06-11T20:13:39.695742383Z: [    0.000000] BIOS-e820: [mem 0x00000000b0000000-0x00000000bfffffff] reserved
[STDERR  ] 2018-06-11T20:13:39.695754332Z: [    0.000000] BIOS-e820: [mem 0x00000000fed1c000-0x00000000fed1ffff] reserved
[STDERR  ] 2018-06-11T20:13:39.695766760Z: [    0.000000] BIOS-e820: [mem 0x00000000fffc0000-0x00000000ffffffff] reserved
[STDERR  ] 2018-06-11T20:13:39.695780275Z: [    0.000000] NX (Execute Disable) protection: active
[STDERR  ] 2018-06-11T20:13:39.695792694Z: [    0.000000] SMBIOS 2.8 present.
[STDERR  ] 2018-06-11T20:13:39.695804652Z: [    0.000000] DMI: QEMU Standard PC (Q35 + ICH9, 2009), BIOS rel-1.10.2-0-g5f4c7b1-prebuilt.qemu-project.org 04/01/2014
[STDERR  ] 2018-06-11T20:13:39.695817623Z: [    0.000000] tsc: Fast TSC calibration using PIT
[STDERR  ] 2018-06-11T20:13:39.695829611Z: [    0.000000] e820: last_pfn = 0x3ffdf max_arch_pfn = 0x400000000
[STDERR  ] 2018-06-11T20:13:39.695844364Z: [    0.000000] x86/PAT: Configuration [0-7]: WB  WC  UC- UC  WB  WP  UC- WT  
[STDERR  ] 2018-06-11T20:13:39.695857031Z: [    0.000000] found SMP MP-table at [mem 0x000f6aa0-0x000f6aaf] mapped at [ffffffffff200aa0]
[STDERR  ] 2018-06-11T20:13:39.695871028Z: [    0.000000] RAMDISK: [mem 0x3dac6000-0x3ffcffff]
[STDERR  ] 2018-06-11T20:13:39.695883811Z: [    0.000000] ACPI: Early table checksum verification disabled
[STDERR  ] 2018-06-11T20:13:39.695896790Z: [    0.000000] ACPI: RSDP 0x00000000000F68B0 000014 (v00 BOCHS )
[STDERR  ] 2018-06-11T20:13:39.695911223Z: [    0.000000] ACPI: RSDT 0x000000003FFE20A8 000034 (v01 BOCHS  BXPCRSDT 00000001 BXPC 00000001)
[STDERR  ] 2018-06-11T20:13:39.695925299Z: [    0.000000] ACPI: FACP 0x000000003FFE1EC8 0000F4 (v03 BOCHS  BXPCFACP 00000001 BXPC 00000001)
[STDERR  ] 2018-06-11T20:13:39.695938785Z: [    0.000000] ACPI: DSDT 0x000000003FFE0040 001E88 (v01 BOCHS  BXPCDSDT 00000001 BXPC 00000001)
[STDERR  ] 2018-06-11T20:13:39.695952935Z: [    0.000000] ACPI: FACS 0x000000003FFE0000 000040
[STDERR  ] 2018-06-11T20:13:39.695967459Z: [    0.000000] ACPI: APIC 0x000000003FFE1FBC 000078 (v01 BOCHS  BXPCAPIC 00000001 BXPC 00000001)
[STDERR  ] 2018-06-11T20:13:39.695990038Z: [    0.000000] ACPI: HPET 0x000000003FFE2034 000038 (v01 BOCHS  BXPCHPET 00000001 BXPC 00000001)
[STDERR  ] 2018-06-11T20:13:39.696003320Z: [    0.000000] ACPI: MCFG 0x000000003FFE206C 00003C (v01 BOCHS  BXPCMCFG 00000001 BXPC 00000001)
[STDERR  ] 2018-06-11T20:13:39.696016932Z: [    0.000000] Zone ranges:
[STDERR  ] 2018-06-11T20:13:39.696029713Z: [    0.000000]   DMA      [mem 0x0000000000001000-0x0000000000ffffff]
[STDERR  ] 2018-06-11T20:13:39.696043046Z: [    0.000000]   DMA32    [mem 0x0000000001000000-0x000000003ffdefff]
[STDERR  ] 2018-06-11T20:13:39.696056284Z: [    0.000000]   Normal   empty
[STDERR  ] 2018-06-11T20:13:39.696069166Z: [    0.000000]   Device   empty
[STDERR  ] 2018-06-11T20:13:39.696088709Z: [    0.000000] Movable zone start for each node
[STDERR  ] 2018-06-11T20:13:39.696103010Z: [    0.000000] Early memory node ranges
[STDERR  ] 2018-06-11T20:13:39.696116403Z: [    0.000000]   node   0: [mem 0x0000000000001000-0x000000000009efff]
[STDERR  ] 2018-06-11T20:13:39.696129580Z: [    0.000000]   node   0: [mem 0x0000000000100000-0x000000003ffdefff]
[STDERR  ] 2018-06-11T20:13:39.696142695Z: [    0.000000] Initmem setup node 0 [mem 0x0000000000001000-0x000000003ffdefff]
[STDERR  ] 2018-06-11T20:13:39.696154953Z: [    0.000000] ACPI: PM-Timer IO Port: 0x608
[STDERR  ] 2018-06-11T20:13:39.696167812Z: [    0.000000] ACPI: LAPIC_NMI (acpi_id[0xff] dfl dfl lint[0x1])
[STDERR  ] 2018-06-11T20:13:39.696180710Z: [    0.000000] IOAPIC[0]: apic_id 0, version 32, address 0xfec00000, GSI 0-23
[STDERR  ] 2018-06-11T20:13:39.696198223Z: [    0.000000] ACPI: INT_SRC_OVR (bus 0 bus_irq 0 global_irq 2 dfl dfl)
[STDERR  ] 2018-06-11T20:13:39.696210341Z: [    0.000000] ACPI: INT_SRC_OVR (bus 0 bus_irq 5 global_irq 5 high level)
[STDERR  ] 2018-06-11T20:13:39.696222848Z: [    0.000000] ACPI: INT_SRC_OVR (bus 0 bus_irq 9 global_irq 9 high level)
[STDERR  ] 2018-06-11T20:13:39.696235268Z: [    0.000000] ACPI: INT_SRC_OVR (bus 0 bus_irq 10 global_irq 10 high level)
[STDERR  ] 2018-06-11T20:13:39.696247765Z: [    0.000000] ACPI: INT_SRC_OVR (bus 0 bus_irq 11 global_irq 11 high level)
[STDERR  ] 2018-06-11T20:13:39.696260045Z: [    0.000000] Using ACPI (MADT) for SMP configuration information
[STDERR  ] 2018-06-11T20:13:39.696272434Z: [    0.000000] ACPI: HPET id: 0x8086a201 base: 0xfed00000
[STDERR  ] 2018-06-11T20:13:39.696284787Z: [    0.000000] smpboot: Allowing 1 CPUs, 0 hotplug CPUs
[STDERR  ] 2018-06-11T20:13:39.696297286Z: [    0.000000] e820: [mem 0x40000000-0xafffffff] available for PCI devices
[STDERR  ] 2018-06-11T20:13:39.696312481Z: [    0.000000] Booting paravirtualized kernel on bare hardware
[STDERR  ] 2018-06-11T20:13:39.696324866Z: [    0.000000] clocksource: refined-jiffies: mask: 0xffffffff max_cycles: 0xffffffff, max_idle_ns: 19112604462750000 ns
[STDERR  ] 2018-06-11T20:13:39.696338323Z: [    0.000000] random: get_random_bytes called from start_kernel+0x92/0x4c8 with crng_init=0
[STDERR  ] 2018-06-11T20:13:39.696351923Z: [    0.000000] setup_percpu: NR_CPUS:128 nr_cpumask_bits:128 nr_cpu_ids:1 nr_node_ids:1
[STDERR  ] 2018-06-11T20:13:39.696366358Z: [    0.000000] percpu: Embedded 44 pages/cpu @ffff9e82bd800000 s143256 r8192 d28776 u2097152
[STDERR  ] 2018-06-11T20:13:39.696378213Z: [    0.000000] Built 1 zonelists, mobility grouping on.  Total pages: 257896
[STDERR  ] 2018-06-11T20:13:39.696390397Z: [    0.000000] Kernel command line: console=ttyS0 console=ttyAMA0
[STDERR  ] 2018-06-11T20:13:39.696404060Z: [    0.000000] PID hash table entries: 4096 (order: 3, 32768 bytes)
[STDERR  ] 2018-06-11T20:13:39.696416256Z: [    0.000000] Dentry cache hash table entries: 131072 (order: 8, 1048576 bytes)
[STDERR  ] 2018-06-11T20:13:39.696428866Z: [    0.000000] Inode-cache hash table entries: 65536 (order: 7, 524288 bytes)
[STDERR  ] 2018-06-11T20:13:39.696442688Z: [    0.000000] Memory: 966872K/1048052K available (12300K kernel code, 1459K rwdata, 2992K rodata, 1512K init, 632K bss, 81180K reserved, 0K cma-reserved)
[STDERR  ] 2018-06-11T20:13:39.696464463Z: [    0.000000] ftrace: allocating 41022 entries in 161 pages
[STDERR  ] 2018-06-11T20:13:39.696476531Z: [    0.000000] Hierarchical RCU implementation.
[STDERR  ] 2018-06-11T20:13:39.696488541Z: [    0.000000] 	RCU restricting CPUs from NR_CPUS=128 to nr_cpu_ids=1.
[STDERR  ] 2018-06-11T20:13:39.696501322Z: [    0.000000] RCU: Adjusting geometry for rcu_fanout_leaf=16, nr_cpu_ids=1
[STDERR  ] 2018-06-11T20:13:39.696517078Z: [    0.000000] NR_IRQS: 8448, nr_irqs: 256, preallocated irqs: 16
[STDERR  ] 2018-06-11T20:13:39.696530197Z: [    0.000000] Console: colour VGA+ 80x25
[STDERR  ] 2018-06-11T20:13:39.696542593Z: [    0.000000] console [ttyS0] enabled
[STDERR  ] 2018-06-11T20:13:39.696555975Z: [    0.000000] clocksource: hpet: mask: 0xffffffff max_cycles: 0xffffffff, max_idle_ns: 19112604467 ns
[STDERR  ] 2018-06-11T20:13:39.696575172Z: [    0.000000] tsc: Fast TSC calibration using PIT
[STDERR  ] 2018-06-11T20:13:39.696589015Z: [    0.000000] tsc: Detected 2599.784 MHz processor
[STDERR  ] 2018-06-11T20:13:39.696602362Z: [    0.001725] Calibrating delay loop (skipped), value calculated using timer frequency.. 5199.56 BogoMIPS (lpj=25997840)
[STDERR  ] 2018-06-11T20:13:39.696616001Z: [    0.002181] pid_max: default: 32768 minimum: 301
[STDERR  ] 2018-06-11T20:13:39.696629227Z: [    0.002892] ACPI: Core revision 20170728
[STDERR  ] 2018-06-11T20:13:39.696641984Z: [    0.038838] ACPI: 1 ACPI AML tables successfully acquired and loaded
[STDERR  ] 2018-06-11T20:13:39.696653705Z: [    0.041137] Security Framework initialized
[STDERR  ] 2018-06-11T20:13:39.696674072Z: [    0.041633] Yama: becoming mindful.
[STDERR  ] 2018-06-11T20:13:39.696687806Z: [    0.044077] Mount-cache hash table entries: 2048 (order: 2, 16384 bytes)
[STDERR  ] 2018-06-11T20:13:39.696699503Z: [    0.044482] Mountpoint-cache hash table entries: 2048 (order: 2, 16384 bytes)
[STDERR  ] 2018-06-11T20:13:39.696711844Z: [    0.061786] Last level iTLB entries: 4KB 0, 2MB 0, 4MB 0
[STDERR  ] 2018-06-11T20:13:39.696723931Z: [    0.062133] Last level dTLB entries: 4KB 0, 2MB 0, 4MB 0, 1GB 0
[STDERR  ] 2018-06-11T20:13:39.696737299Z: [    0.062606] Spectre V2 : Spectre mitigation: LFENCE not serializing, switching to generic retpoline
[STDERR  ] 2018-06-11T20:13:39.696750246Z: [    0.063085] Spectre V2 : Vulnerable: Minimal generic ASM retpoline
[STDERR  ] 2018-06-11T20:13:39.696762625Z: [    0.063479] Spectre V2 : Spectre v2 mitigation: Filling RSB on context switch
[STDERR  ] 2018-06-11T20:13:39.696775935Z: [    0.063878] Speculative Store Bypass: Vulnerable
[STDERR  ] 2018-06-11T20:13:39.696789179Z: [    0.351943] Freeing SMP alternatives memory: 20K
[STDERR  ] 2018-06-11T20:13:39.696801637Z: [    0.371756] smpboot: Max logical packages: 1
[STDERR  ] 2018-06-11T20:13:39.696814368Z: [    0.378208] ..TIMER: vector=0x30 apic1=0 pin1=2 apic2=-1 pin2=-1
[STDERR  ] 2018-06-11T20:13:39.696826999Z: [    0.490000] smpboot: CPU0: AMD QEMU Virtual CPU version 2.5+ (family: 0x6, model: 0x6, stepping: 0x3)
[STDERR  ] 2018-06-11T20:13:39.696841605Z: [    0.490000] Performance Events: PMU not available due to virtualization, using software events only.
[STDERR  ] 2018-06-11T20:13:39.696853060Z: [    0.491163] Hierarchical SRCU implementation.
[STDERR  ] 2018-06-11T20:13:39.696865222Z: [    0.497054] NMI watchdog: Perf event create on CPU 0 failed with -2
[STDERR  ] 2018-06-11T20:13:39.696876886Z: [    0.497482] NMI watchdog: Perf NMI watchdog permanently disabled
[STDERR  ] 2018-06-11T20:13:39.696889247Z: [    0.501099] smp: Bringing up secondary CPUs ...
[STDERR  ] 2018-06-11T20:13:39.696901994Z: [    0.501312] smp: Brought up 1 node, 1 CPU
[STDERR  ] 2018-06-11T20:13:39.696914377Z: [    0.501704] smpboot: Total of 1 processors activated (5199.56 BogoMIPS)
[STDERR  ] 2018-06-11T20:13:39.696927069Z: [    0.517461] devtmpfs: initialized
[STDERR  ] 2018-06-11T20:13:39.696940562Z: [    0.523360] x86/mm: Memory block size: 128MB
[STDERR  ] 2018-06-11T20:13:39.696953741Z: [    0.529173] evm: security.ima
[STDERR  ] 2018-06-11T20:13:39.696972797Z: [    0.529377] evm: security.capability
[STDERR  ] 2018-06-11T20:13:39.696985354Z: [    0.532464] clocksource: jiffies: mask: 0xffffffff max_cycles: 0xffffffff, max_idle_ns: 19112604462750000 ns
[STDERR  ] 2018-06-11T20:13:39.696997845Z: [    0.532871] futex hash table entries: 256 (order: 2, 16384 bytes)
[STDERR  ] 2018-06-11T20:13:39.697012401Z: [    0.542490] NET: Registered protocol family 16
[STDERR  ] 2018-06-11T20:13:39.697024642Z: [    0.549739] cpuidle: using governor ladder
[STDERR  ] 2018-06-11T20:13:39.697037418Z: [    0.550258] cpuidle: using governor menu
[STDERR  ] 2018-06-11T20:13:39.697051817Z: [    0.551715] ACPI: bus type PCI registered
[STDERR  ] 2018-06-11T20:13:39.697063798Z: [    0.554320] PCI: MMCONFIG for domain 0000 [bus 00-ff] at [mem 0xb0000000-0xbfffffff] (base 0xb0000000)
[STDERR  ] 2018-06-11T20:13:39.697081196Z: [    0.555032] PCI: MMCONFIG at [mem 0xb0000000-0xbfffffff] reserved in E820
[STDERR  ] 2018-06-11T20:13:39.697097248Z: [    0.555947] PCI: Using configuration type 1 for base access
[STDERR  ] 2018-06-11T20:13:39.697109987Z: [    0.594664] HugeTLB registered 2.00 MiB page size, pre-allocated 0 pages
[STDERR  ] 2018-06-11T20:13:39.697122992Z: [    0.605561] ACPI: Added _OSI(Module Device)
[STDERR  ] 2018-06-11T20:13:39.697136333Z: [    0.605831] ACPI: Added _OSI(Processor Device)
[STDERR  ] 2018-06-11T20:13:39.697148698Z: [    0.606164] ACPI: Added _OSI(3.0 _SCP Extensions)
[STDERR  ] 2018-06-11T20:13:39.697161656Z: [    0.606396] ACPI: Added _OSI(Processor Aggregator Device)
[STDERR  ] 2018-06-11T20:13:39.697174632Z: [    0.652101] ACPI: Interpreter enabled
[STDERR  ] 2018-06-11T20:13:39.697186889Z: [    0.653013] ACPI: (supports S0 S5)
[STDERR  ] 2018-06-11T20:13:39.697199922Z: [    0.653310] ACPI: Using IOAPIC for interrupt routing
[STDERR  ] 2018-06-11T20:13:39.697213400Z: [    0.655600] PCI: Using host bridge windows from ACPI; if necessary, use "pci=nocrs" and report a bug
[STDERR  ] 2018-06-11T20:13:39.697226216Z: [    0.658466] ACPI: Enabled 1 GPEs in block 00 to 3F
[STDERR  ] 2018-06-11T20:13:39.697238187Z: [    0.703757] ACPI: PCI Root Bridge [PCI0] (domain 0000 [bus 00-ff])
[STDERR  ] 2018-06-11T20:13:39.697253485Z: [    0.704811] acpi PNP0A08:00: _OSC: OS supports [ExtendedConfig ASPM ClockPM Segments MSI]
[STDERR  ] 2018-06-11T20:13:39.697266791Z: [    0.709130] acpi PNP0A08:00: _OSC: OS now controls [PCIeHotplug PME PCIeCapability]
[STDERR  ] 2018-06-11T20:13:39.697279256Z: [    0.712677] PCI host bridge to bus 0000:00
[STDERR  ] 2018-06-11T20:13:39.697291711Z: [    0.713332] pci_bus 0000:00: root bus resource [io  0x0000-0x0cf7 window]
[STDERR  ] 2018-06-11T20:13:39.697303279Z: [    0.713743] pci_bus 0000:00: root bus resource [io  0x0d00-0xffff window]
[STDERR  ] 2018-06-11T20:13:39.697317770Z: [    0.714090] pci_bus 0000:00: root bus resource [mem 0x000a0000-0x000bffff window]
[STDERR  ] 2018-06-11T20:13:39.697329413Z: [    0.714461] pci_bus 0000:00: root bus resource [mem 0xc0000000-0xfebfffff window]
[STDERR  ] 2018-06-11T20:13:39.697341266Z: [    0.714954] pci_bus 0000:00: root bus resource [bus 00-ff]
[STDERR  ] 2018-06-11T20:13:39.697354072Z: [    0.882017] pci 0000:00:1f.0: quirk: [io  0x0600-0x067f] claimed by ICH6 ACPI/GPIO/TCO
[STDERR  ] 2018-06-11T20:13:39.697365890Z: [    0.972159] ACPI: PCI Interrupt Link [LNKA] (IRQs 5 *10 11)
[STDERR  ] 2018-06-11T20:13:39.697376839Z: [    0.974126] ACPI: PCI Interrupt Link [LNKB] (IRQs 5 *10 11)
[STDERR  ] 2018-06-11T20:13:39.697387576Z: [    0.975831] ACPI: PCI Interrupt Link [LNKC] (IRQs 5 10 *11)
[STDERR  ] 2018-06-11T20:13:39.697399490Z: [    0.977395] ACPI: PCI Interrupt Link [LNKD] (IRQs 5 10 *11)
[STDERR  ] 2018-06-11T20:13:39.697410647Z: [    0.978698] ACPI: PCI Interrupt Link [LNKE] (IRQs 5 *10 11)
[STDERR  ] 2018-06-11T20:13:39.697423284Z: [    0.980827] ACPI: PCI Interrupt Link [LNKF] (IRQs 5 *10 11)
[STDERR  ] 2018-06-11T20:13:39.697437102Z: [    0.982221] ACPI: PCI Interrupt Link [LNKG] (IRQs 5 10 *11)
[STDERR  ] 2018-06-11T20:13:39.697448786Z: [    0.983489] ACPI: PCI Interrupt Link [LNKH] (IRQs 5 10 *11)
[STDERR  ] 2018-06-11T20:13:39.697465527Z: [    0.984164] ACPI: PCI Interrupt Link [GSIA] (IRQs *16)
[STDERR  ] 2018-06-11T20:13:39.697477663Z: [    0.984704] ACPI: PCI Interrupt Link [GSIB] (IRQs *17)
[STDERR  ] 2018-06-11T20:13:39.697490787Z: [    0.985247] ACPI: PCI Interrupt Link [GSIC] (IRQs *18)
[STDERR  ] 2018-06-11T20:13:39.697503044Z: [    0.985792] ACPI: PCI Interrupt Link [GSID] (IRQs *19)
[STDERR  ] 2018-06-11T20:13:39.697514359Z: [    0.986306] ACPI: PCI Interrupt Link [GSIE] (IRQs *20)
[STDERR  ] 2018-06-11T20:13:39.697526127Z: [    0.986873] ACPI: PCI Interrupt Link [GSIF] (IRQs *21)
[STDERR  ] 2018-06-11T20:13:39.697538920Z: [    0.987342] ACPI: PCI Interrupt Link [GSIG] (IRQs *22)
[STDERR  ] 2018-06-11T20:13:39.697551515Z: [    0.987829] ACPI: PCI Interrupt Link [GSIH] (IRQs *23)
[STDERR  ] 2018-06-11T20:13:39.697569823Z: [    0.994986] SCSI subsystem initialized
[STDERR  ] 2018-06-11T20:13:39.697582250Z: [    0.997342] ACPI: bus type USB registered
[STDERR  ] 2018-06-11T20:13:39.697594540Z: [    0.998382] usbcore: registered new interface driver usbfs
[STDERR  ] 2018-06-11T20:13:39.697607311Z: [    0.999273] usbcore: registered new interface driver hub
[STDERR  ] 2018-06-11T20:13:39.697619927Z: [    1.000223] usbcore: registered new device driver usb
[STDERR  ] 2018-06-11T20:13:39.697631924Z: [    1.001221] pps_core: LinuxPPS API ver. 1 registered
[STDERR  ] 2018-06-11T20:13:39.697644008Z: [    1.001495] pps_core: Software ver. 5.3.6 - Copyright 2005-2007 Rodolfo Giometti <giometti@linux.it>
[STDERR  ] 2018-06-11T20:13:39.697656910Z: [    1.002202] PTP clock support registered
[STDERR  ] 2018-06-11T20:13:39.697677882Z: [    1.004227] PCI: Using ACPI for IRQ routing
[STDERR  ] 2018-06-11T20:13:39.697690028Z: [    1.019125] NetLabel: Initializing
[STDERR  ] 2018-06-11T20:13:39.697701934Z: [    1.019323] NetLabel:  domain hash size = 128
[STDERR  ] 2018-06-11T20:13:39.697713909Z: [    1.019663] NetLabel:  protocols = UNLABELED CIPSOv4 CALIPSO
[STDERR  ] 2018-06-11T20:13:39.697727292Z: [    1.022695] NetLabel:  unlabeled traffic allowed by default
[STDERR  ] 2018-06-11T20:13:39.697739344Z: [    1.024555] HPET: 3 timers in total, 0 timers will be used for per-cpu timer
[STDERR  ] 2018-06-11T20:13:39.697751492Z: [    1.025294] hpet0: at MMIO 0xfed00000, IRQs 2, 8, 0
[STDERR  ] 2018-06-11T20:13:39.697787681Z: [    1.025598] hpet0: 3 comparators, 64-bit 100.000000 MHz counter
[STDERR  ] 2018-06-11T20:13:39.697801402Z: [    1.030891] clocksource: Switched to clocksource hpet
[STDERR  ] 2018-06-11T20:13:39.697816829Z: [    1.237984] VFS: Disk quotas dquot_6.6.0
[STDERR  ] 2018-06-11T20:13:39.697828270Z: [    1.238611] VFS: Dquot-cache hash table entries: 512 (order 0, 4096 bytes)
[STDERR  ] 2018-06-11T20:13:39.697838813Z: [    1.242059] FS-Cache: Loaded
[STDERR  ] 2018-06-11T20:13:39.697848311Z: [    1.247834] CacheFiles: Loaded
[STDERR  ] 2018-06-11T20:13:39.697857239Z: [    1.249107] pnp: PnP ACPI init
[STDERR  ] 2018-06-11T20:13:39.697866116Z: [    1.257866] pnp: PnP ACPI: found 5 devices
[STDERR  ] 2018-06-11T20:13:39.697874885Z: [    1.288455] clocksource: acpi_pm: mask: 0xffffff max_cycles: 0xffffff, max_idle_ns: 2085701024 ns
[STDERR  ] 2018-06-11T20:13:39.697883473Z: [    1.292267] NET: Registered protocol family 2
[STDERR  ] 2018-06-11T20:13:39.697891461Z: [    1.298994] TCP established hash table entries: 8192 (order: 4, 65536 bytes)
[STDERR  ] 2018-06-11T20:13:39.697899603Z: [    1.299823] TCP bind hash table entries: 8192 (order: 5, 131072 bytes)
[STDERR  ] 2018-06-11T20:13:39.697907570Z: [    1.301217] TCP: Hash tables configured (established 8192 bind 8192)
[STDERR  ] 2018-06-11T20:13:39.697918945Z: [    1.303122] UDP hash table entries: 512 (order: 2, 16384 bytes)
[STDERR  ] 2018-06-11T20:13:39.697928475Z: [    1.303740] UDP-Lite hash table entries: 512 (order: 2, 16384 bytes)
[STDERR  ] 2018-06-11T20:13:39.697936249Z: [    1.305995] NET: Registered protocol family 1
[STDERR  ] 2018-06-11T20:13:39.697944201Z: [    1.306946] pci 0000:00:01.0: Video device with shadowed ROM at [mem 0x000c0000-0x000dffff]
[STDERR  ] 2018-06-11T20:13:39.697956539Z: [    1.312950] Trying to unpack rootfs image as initramfs...
[STDERR  ] 2018-06-11T20:13:39.697964820Z: [    6.556068] Freeing initrd memory: 37928K
[STDERR  ] 2018-06-11T20:13:39.697973866Z: [    6.576315] PCLMULQDQ-NI instructions are not detected.
[STDERR  ] 2018-06-11T20:13:39.697981975Z: [    6.577574] AVX or AES-NI instructions are not detected.
[STDERR  ] 2018-06-11T20:13:39.697989983Z: [    6.578007] CPU feature 'AVX registers' is not supported.
[STDERR  ] 2018-06-11T20:13:39.697998655Z: [    6.578301] CPU feature 'AVX registers' is not supported.
[STDERR  ] 2018-06-11T20:13:39.698007835Z: [    6.578599] CPU feature 'AVX registers' is not supported.
[STDERR  ] 2018-06-11T20:13:39.698016117Z: [    6.578898] CPU feature 'AVX registers' is not supported.
[STDERR  ] 2018-06-11T20:13:39.698028473Z: [    6.579191] AVX2 or AES-NI instructions are not detected.
[STDERR  ] 2018-06-11T20:13:39.698037240Z: [    6.579393] AVX2 instructions are not detected.
[STDERR  ] 2018-06-11T20:13:39.698045354Z: [    6.583904] audit: initializing netlink subsys (disabled)
[STDERR  ] 2018-06-11T20:13:39.698053679Z: [    6.586146] audit: type=2000 audit(1528747986.580:1): state=initialized audit_enabled=0 res=1
[STDERR  ] 2018-06-11T20:13:39.698062189Z: [    6.591464] workingset: timestamp_bits=46 max_order=18 bucket_order=0
[STDERR  ] 2018-06-11T20:13:39.698072493Z: [    6.595151] squashfs: version 4.0 (2009/01/31) Phillip Lougher
[STDERR  ] 2018-06-11T20:13:39.698081783Z: [    6.596960] FS-Cache: Netfs 'cifs' registered for caching
[STDERR  ] 2018-06-11T20:13:39.698089827Z: [    6.597873] fuse init (API version 7.26)
[STDERR  ] 2018-06-11T20:13:39.698097781Z: [    6.599764] SGI XFS with ACLs, security attributes, no debug enabled
[STDERR  ] 2018-06-11T20:13:39.698105616Z: [    6.603481] 9p: Installing v9fs 9p2000 file system support
[STDERR  ] 2018-06-11T20:13:39.698113409Z: [    6.603900] FS-Cache: Netfs '9p' registered for caching
[STDERR  ] 2018-06-11T20:13:39.698121339Z: [    6.631115] NET: Registered protocol family 38
[STDERR  ] 2018-06-11T20:13:39.698129145Z: [    6.631588] Key type asymmetric registered
[STDERR  ] 2018-06-11T20:13:39.698139010Z: [    6.631983] Asymmetric key parser 'x509' registered
[STDERR  ] 2018-06-11T20:13:39.698147007Z: [    6.632737] Block layer SCSI generic (bsg) driver version 0.4 loaded (major 247)
[STDERR  ] 2018-06-11T20:13:39.698154886Z: [    6.634300] io scheduler noop registered
[STDERR  ] 2018-06-11T20:13:39.698163266Z: [    6.634630] io scheduler deadline registered (default)
[STDERR  ] 2018-06-11T20:13:39.698171871Z: [    6.635427] io scheduler cfq registered
[STDERR  ] 2018-06-11T20:13:39.698180221Z: [    6.635700] io scheduler mq-deadline registered
[STDERR  ] 2018-06-11T20:13:39.698188236Z: [    6.635932] io scheduler kyber registered
[STDERR  ] 2018-06-11T20:13:39.698196022Z: [    6.639440] shpchp: Standard Hot Plug PCI Controller Driver version: 0.4
[STDERR  ] 2018-06-11T20:13:39.698204006Z: [    6.640591] hv_vmbus: registering driver hyperv_fb
[STDERR  ] 2018-06-11T20:13:39.698211797Z: [    6.644027] input: Power Button as /devices/LNXSYSTM:00/LNXPWRBN:00/input/input0
[STDERR  ] 2018-06-11T20:13:39.698219680Z: [    6.646546] ACPI: Power Button [PWRF]
[STDERR  ] 2018-06-11T20:13:39.698227586Z: [    6.657554] ACPI: PCI Interrupt Link [GSIG] enabled at IRQ 22
[STDERR  ] 2018-06-11T20:13:39.698235455Z: [    6.667649] ACPI: PCI Interrupt Link [GSIH] enabled at IRQ 23
[STDERR  ] 2018-06-11T20:13:39.698243394Z: [    6.673944] Serial: 8250/16550 driver, 4 ports, IRQ sharing disabled
[STDERR  ] 2018-06-11T20:13:39.698251390Z: [    6.697584] 00:04: ttyS0 at I/O 0x3f8 (irq = 4, base_baud = 115200) is a 16550A
[STDERR  ] 2018-06-11T20:13:39.698259253Z: [    6.706994] Non-volatile memory driver v1.3
[STDERR  ] 2018-06-11T20:13:39.698268357Z: [    6.712959] Hangcheck: starting hangcheck timer 0.9.1 (tick is 180 seconds, margin is 60 seconds).
[STDERR  ] 2018-06-11T20:13:39.698278169Z: [    6.720549] random: fast init done
[STDERR  ] 2018-06-11T20:13:39.698288955Z: [    6.721787] random: crng init done
[STDERR  ] 2018-06-11T20:13:39.698296884Z: [    6.763198] brd: module loaded
[STDERR  ] 2018-06-11T20:13:39.698305019Z: [    6.786037] loop: module loaded
[STDERR  ] 2018-06-11T20:13:39.698312988Z: [    6.823269] lpc_ich 0000:00:1f.0: I/O space for GPIO uninitialized
[STDERR  ] 2018-06-11T20:13:39.698321382Z: [    6.825630] VMware PVSCSI driver - version 1.0.7.0-k
[STDERR  ] 2018-06-11T20:13:39.698330059Z: [    6.826157] hv_vmbus: registering driver hv_storvsc
[STDERR  ] 2018-06-11T20:13:39.698337859Z: [    6.832963] ACPI: PCI Interrupt Link [GSIA] enabled at IRQ 16
[STDERR  ] 2018-06-11T20:13:39.698346433Z: [    6.840525] ahci 0000:00:1f.2: AHCI 0001.0000 32 slots 6 ports 1.5 Gbps 0x3f impl SATA mode
[STDERR  ] 2018-06-11T20:13:39.698357871Z: [    6.840864] ahci 0000:00:1f.2: flags: 64bit ncq only 
[STDERR  ] 2018-06-11T20:13:39.698365921Z: [    6.853243] scsi host0: ahci
[STDERR  ] 2018-06-11T20:13:39.698373919Z: [    6.855767] scsi host1: ahci
[STDERR  ] 2018-06-11T20:13:39.698381762Z: [    6.857086] scsi host2: ahci
[STDERR  ] 2018-06-11T20:13:39.698389559Z: [    6.858522] scsi host3: ahci
[STDERR  ] 2018-06-11T20:13:39.698397369Z: [    6.859938] scsi host4: ahci
[STDERR  ] 2018-06-11T20:13:39.698405297Z: [    6.861441] scsi host5: ahci
[STDERR  ] 2018-06-11T20:13:39.698413127Z: [    6.862542] ata1: SATA max UDMA/133 abar m4096@0xfebd2000 port 0xfebd2100 irq 24
[STDERR  ] 2018-06-11T20:13:39.698421038Z: [    6.863023] ata2: SATA max UDMA/133 abar m4096@0xfebd2000 port 0xfebd2180 irq 24
[STDERR  ] 2018-06-11T20:13:39.698428966Z: [    6.863325] ata3: SATA max UDMA/133 abar m4096@0xfebd2000 port 0xfebd2200 irq 24
[STDERR  ] 2018-06-11T20:13:39.698436921Z: [    6.863685] ata4: SATA max UDMA/133 abar m4096@0xfebd2000 port 0xfebd2280 irq 24
[STDERR  ] 2018-06-11T20:13:39.698448767Z: [    6.864003] ata5: SATA max UDMA/133 abar m4096@0xfebd2000 port 0xfebd2300 irq 24
[STDERR  ] 2018-06-11T20:13:39.698456552Z: [    6.864330] ata6: SATA max UDMA/133 abar m4096@0xfebd2000 port 0xfebd2380 irq 24
[STDERR  ] 2018-06-11T20:13:39.698464315Z: [    6.874524] tun: Universal TUN/TAP device driver, 1.6
[STDERR  ] 2018-06-11T20:13:39.698472220Z: [    6.884713] VMware vmxnet3 virtual NIC driver - version 1.4.a.0-k-NAPI
[STDERR  ] 2018-06-11T20:13:39.698481512Z: [    6.885508] hv_vmbus: registering driver hv_netvsc
[STDERR  ] 2018-06-11T20:13:39.698489531Z: [    6.885798] Fusion MPT base driver 3.04.20
[STDERR  ] 2018-06-11T20:13:39.698497435Z: [    6.886017] Copyright (c) 1999-2008 LSI Corporation
[STDERR  ] 2018-06-11T20:13:39.698505359Z: [    6.886499] Fusion MPT SPI Host driver 3.04.20
[STDERR  ] 2018-06-11T20:13:39.698513302Z: [    6.888238] i8042: PNP: PS/2 Controller [PNP0303:KBD,PNP0f13:MOU] at 0x60,0x64 irq 1,12
[STDERR  ] 2018-06-11T20:13:39.698523363Z: [    6.892651] serio: i8042 KBD port at 0x60,0x64 irq 1
[STDERR  ] 2018-06-11T20:13:39.698531187Z: [    6.893313] serio: i8042 AUX port at 0x60,0x64 irq 12
[STDERR  ] 2018-06-11T20:13:39.698539164Z: [    6.895237] hv_vmbus: registering driver hyperv_keyboard
[STDERR  ] 2018-06-11T20:13:39.698547005Z: [    6.896944] mousedev: PS/2 mouse device common for all mice
[STDERR  ] 2018-06-11T20:13:39.698555114Z: [    6.901080] input: AT Translated Set 2 keyboard as /devices/platform/i8042/serio0/input/input1
[STDERR  ] 2018-06-11T20:13:39.698563182Z: [    6.902902] input: PC Speaker as /devices/platform/pcspkr/input/input2
[STDERR  ] 2018-06-11T20:13:39.698571099Z: [    6.906128] rtc_cmos 00:00: RTC can wake from S4
[STDERR  ] 2018-06-11T20:13:39.698579082Z: [    6.908858] rtc_cmos 00:00: rtc core: registered rtc_cmos as rtc0
[STDERR  ] 2018-06-11T20:13:39.698587698Z: [    6.909953] rtc_cmos 00:00: alarms up to one day, y3k, 114 bytes nvram, hpet irqs
[STDERR  ] 2018-06-11T20:13:39.698595690Z: [    6.910679] i2c /dev entries driver
[STDERR  ] 2018-06-11T20:13:39.698603483Z: [    6.912421] device-mapper: ioctl: 4.37.0-ioctl (2017-09-20) initialised: dm-devel@redhat.com
[STDERR  ] 2018-06-11T20:13:39.698611460Z: [    6.915965] usbcore: registered new interface driver usbhid
[STDERR  ] 2018-06-11T20:13:39.698622068Z: [    6.916295] usbhid: USB HID core driver
[STDERR  ] 2018-06-11T20:13:39.698630083Z: [    6.916998] hv_utils: Registering HyperV Utility Driver
[STDERR  ] 2018-06-11T20:13:39.698638005Z: [    6.917271] hv_vmbus: registering driver hv_util
[STDERR  ] 2018-06-11T20:13:39.698646011Z: [    6.917489] hv_vmbus: registering driver hv_balloon
[STDERR  ] 2018-06-11T20:13:39.698653860Z: [    6.917913] oprofile: using NMI interrupt.
[STDERR  ] 2018-06-11T20:13:39.698661880Z: [    6.918906] GACT probability on
[STDERR  ] 2018-06-11T20:13:39.698675345Z: [    6.919283] Mirror/redirect action on
[STDERR  ] 2018-06-11T20:13:39.698683477Z: [    6.919792] Simple TC action Loaded
[STDERR  ] 2018-06-11T20:13:39.698696327Z: [    6.920548] u32 classifier
[STDERR  ] 2018-06-11T20:13:39.698704499Z: [    6.920692]     Performance counters on
[STDERR  ] 2018-06-11T20:13:39.698713939Z: [    6.920886]     input device check on
[STDERR  ] 2018-06-11T20:13:39.698721935Z: [    6.921073]     Actions configured
[STDERR  ] 2018-06-11T20:13:39.698730333Z: [    6.921677] Netfilter messages via NETLINK v0.30.
[STDERR  ] 2018-06-11T20:13:39.698738573Z: [    6.922129] nfnl_acct: registering with nfnetlink.
[STDERR  ] 2018-06-11T20:13:39.698746656Z: [    6.923177] nf_conntrack version 0.5.0 (8192 buckets, 32768 max)
[STDERR  ] 2018-06-11T20:13:39.698757863Z: [    6.925045] ctnetlink v0.93: registering with nfnetlink.
[STDERR  ] 2018-06-11T20:13:39.698765825Z: [    6.927872] nf_tables: (c) 2007-2009 Patrick McHardy <kaber@trash.net>
[STDERR  ] 2018-06-11T20:13:39.698773711Z: [    6.928643] nf_tables_compat: (c) 2012 Pablo Neira Ayuso <pablo@netfilter.org>
[STDERR  ] 2018-06-11T20:13:39.698781627Z: [    6.931192] xt_time: kernel timezone is -0000
[STDERR  ] 2018-06-11T20:13:39.698789360Z: [    6.931549] ip_set: protocol 6
[STDERR  ] 2018-06-11T20:13:39.698797319Z: [    6.932230] IPVS: Registered protocols (TCP, UDP, SCTP, AH, ESP)
[STDERR  ] 2018-06-11T20:13:39.698805298Z: [    6.932743] IPVS: Connection hash table configured (size=4096, memory=64Kbytes)
[STDERR  ] 2018-06-11T20:13:39.698813074Z: [    6.936379] IPVS: ipvs loaded.
[STDERR  ] 2018-06-11T20:13:39.698822008Z: [    6.936703] IPVS: [rr] scheduler registered.
[STDERR  ] 2018-06-11T20:13:39.699158369Z: [    6.936959] IPVS: [wrr] scheduler registered.
[STDERR  ] 2018-06-11T20:13:39.699172319Z: [    6.937167] IPVS: [lc] scheduler registered.
[STDERR  ] 2018-06-11T20:13:39.699184626Z: [    6.937384] IPVS: [wlc] scheduler registered.
[STDERR  ] 2018-06-11T20:13:39.699211987Z: [    6.937621] IPVS: [fo] scheduler registered.
[STDERR  ] 2018-06-11T20:13:39.699224922Z: [    6.937831] IPVS: [ovf] scheduler registered.
[STDERR  ] 2018-06-11T20:13:39.699237708Z: [    6.938202] IPVS: [lblc] scheduler registered.
[STDERR  ] 2018-06-11T20:13:39.699250693Z: [    6.938496] IPVS: [lblcr] scheduler registered.
[STDERR  ] 2018-06-11T20:13:39.699266048Z: [    6.938720] IPVS: [dh] scheduler registered.
[STDERR  ] 2018-06-11T20:13:39.699290825Z: [    6.938929] IPVS: [sh] scheduler registered.
[STDERR  ] 2018-06-11T20:13:39.699303725Z: [    6.939120] IPVS: [sed] scheduler registered.
[STDERR  ] 2018-06-11T20:13:39.699319148Z: [    6.939340] IPVS: [nq] scheduler registered.
[STDERR  ] 2018-06-11T20:13:39.699334257Z: [    6.939999] IPVS: ftp: loaded support on port[0] = 21
[STDERR  ] 2018-06-11T20:13:39.699348141Z: [    6.941196] ipip: IPv4 and MPLS over IPv4 tunneling driver
[STDERR  ] 2018-06-11T20:13:39.699374426Z: [    6.944191] gre: GRE over IPv4 demultiplexor driver
[STDERR  ] 2018-06-11T20:13:39.699393571Z: [    6.946574] ip_tables: (C) 2000-2006 Netfilter Core Team
[STDERR  ] 2018-06-11T20:13:39.699406300Z: [    6.950983] ipt_CLUSTERIP: ClusterIP Version 0.8 loaded successfully
[STDERR  ] 2018-06-11T20:13:39.699421241Z: [    6.951549] arp_tables: arp_tables: (C) 2002 David S. Miller
[STDERR  ] 2018-06-11T20:13:39.699434162Z: [    6.954096] NET: Registered protocol family 10
[STDERR  ] 2018-06-11T20:13:39.699447519Z: [    6.962542] Segment Routing with IPv6
[STDERR  ] 2018-06-11T20:13:39.699480525Z: [    6.963361] ip6_tables: (C) 2000-2006 Netfilter Core Team
[STDERR  ] 2018-06-11T20:13:39.699497785Z: [    6.969842] NET: Registered protocol family 17
[STDERR  ] 2018-06-11T20:13:39.699510052Z: [    6.971418] Bridge firewalling registered
[STDERR  ] 2018-06-11T20:13:39.699525116Z: [    6.971927] Ebtables v2.0 registered
[STDERR  ] 2018-06-11T20:13:39.699537640Z: [    6.973811] 8021q: 802.1Q VLAN Support v1.8
[STDERR  ] 2018-06-11T20:13:39.699550405Z: [    6.975073] 9pnet: Installing 9P2000 support
[STDERR  ] 2018-06-11T20:13:39.699564931Z: [    6.976581] Key type dns_resolver registered
[STDERR  ] 2018-06-11T20:13:39.699577575Z: [    6.977772] sched_clock: Marking stable (6970381230, 0)->(7086730665, -116349435)
[STDERR  ] 2018-06-11T20:13:39.699598386Z: [    6.981258] registered taskstats version 1
[STDERR  ] 2018-06-11T20:13:39.699627381Z: [    7.161454] Key type big_key registered
[STDERR  ] 2018-06-11T20:13:39.699642351Z: [    7.203146] ata4: SATA link down (SStatus 0 SControl 300)
[STDERR  ] 2018-06-11T20:13:39.699654931Z: [    7.206150] ata3: SATA link up 1.5 Gbps (SStatus 113 SControl 300)
[STDERR  ] 2018-06-11T20:13:39.699677671Z: [    7.208939] ata2: SATA link down (SStatus 0 SControl 300)
[STDERR  ] 2018-06-11T20:13:39.699693513Z: [    7.209376] ata1: SATA link up 1.5 Gbps (SStatus 113 SControl 300)
[STDERR  ] 2018-06-11T20:13:39.699706233Z: [    7.211693] ata1.00: ATA-7: QEMU HARDDISK, 2.5+, max UDMA/100
[STDERR  ] 2018-06-11T20:13:39.699721898Z: [    7.212062] ata1.00: 1048576 sectors, multi 16: LBA48 NCQ (depth 31/32)
[STDERR  ] 2018-06-11T20:13:39.699734693Z: [    7.212639] ata1.00: applying bridge limits
[STDERR  ] 2018-06-11T20:13:39.699752048Z: [    7.213822] ata5: SATA link down (SStatus 0 SControl 300)
[STDERR  ] 2018-06-11T20:13:39.699767155Z: [    7.214547] ata6: SATA link down (SStatus 0 SControl 300)
[STDERR  ] 2018-06-11T20:13:39.699779408Z: [    7.215575] ata1.00: configured for UDMA/100
[STDERR  ] 2018-06-11T20:13:39.699792921Z: [    7.225349] ata3.00: ATAPI: QEMU DVD-ROM, 2.5+, max UDMA/100
[STDERR  ] 2018-06-11T20:13:39.699807274Z: [    7.225702] ata3.00: applying bridge limits
[STDERR  ] 2018-06-11T20:13:39.699820614Z: [    7.226237] ata3.00: configured for UDMA/100
[STDERR  ] 2018-06-11T20:13:39.699835191Z: [    7.241985] scsi 0:0:0:0: Direct-Access     ATA      QEMU HARDDISK    2.5+ PQ: 0 ANSI: 5
[STDERR  ] 2018-06-11T20:13:39.699851105Z: [    7.250358] sd 0:0:0:0: [sda] 1048576 512-byte logical blocks: (537 MB/512 MiB)
[STDERR  ] 2018-06-11T20:13:39.699863946Z: [    7.253055] sd 0:0:0:0: [sda] Write Protect is off
[STDERR  ] 2018-06-11T20:13:39.699876750Z: [    7.254234] sd 0:0:0:0: Attached scsi generic sg0 type 0
[STDERR  ] 2018-06-11T20:13:39.699891593Z: [    7.255739] sd 0:0:0:0: [sda] Write cache: enabled, read cache: enabled, doesn't support DPO or FUA
[STDERR  ] 2018-06-11T20:13:39.699906691Z: [    7.258882] scsi 2:0:0:0: CD-ROM            QEMU     QEMU DVD-ROM     2.5+ PQ: 0 ANSI: 5
[STDERR  ] 2018-06-11T20:13:39.699921633Z: [    7.277858]  sda: sda1
[STDERR  ] 2018-06-11T20:13:39.699934502Z: [    7.289989] sd 0:0:0:0: [sda] Attached SCSI disk
[STDERR  ] 2018-06-11T20:13:39.699949199Z: [    7.291447] Key type trusted registered
[STDERR  ] 2018-06-11T20:13:39.699961914Z: [    7.302793] sr 2:0:0:0: [sr0] scsi3-mmc drive: 4x/4x cd/rw xa/form2 tray
[STDERR  ] 2018-06-11T20:13:39.699976676Z: [    7.303481] cdrom: Uniform CD-ROM driver Revision: 3.20
[STDERR  ] 2018-06-11T20:13:39.699993898Z: [    7.307170] sr 2:0:0:0: Attached scsi generic sg1 type 5
[STDERR  ] 2018-06-11T20:13:39.700004765Z: [    7.362122] Key type encrypted registered
[STDERR  ] 2018-06-11T20:13:39.700016031Z: [    7.362856] ima: No TPM chip found, activating TPM-bypass! (rc=-19)
[STDERR  ] 2018-06-11T20:13:39.700027336Z: [    7.363326] ima: Allocated hash algorithm: sha256
[STDERR  ] 2018-06-11T20:13:39.700038623Z: [    7.366659] evm: HMAC attrs: 0x1
[STDERR  ] 2018-06-11T20:13:39.700050899Z: [    7.372461] rtc_cmos 00:00: setting system clock to 2018-06-11 20:13:07 UTC (1528747987)
[STDERR  ] 2018-06-11T20:13:39.700068761Z: [    7.520360] Freeing unused kernel memory: 1512K
[STDERR  ] 2018-06-11T20:13:39.700081194Z: [    7.520717] Write protecting the kernel read-only data: 18432k
[STDERR  ] 2018-06-11T20:13:39.700096669Z: [    7.533269] Freeing unused kernel memory: 2024K
[STDERR  ] 2018-06-11T20:13:39.700111624Z: [    7.565132] Freeing unused kernel memory: 1104K
[STDERR  ] 2018-06-11T20:13:39.700124249Z: [    7.600672] tsc: Refined TSC clocksource calibration: 2599.895 MHz
[STDERR  ] 2018-06-11T20:13:39.700136868Z: [    7.601052] clocksource: tsc: mask: 0xffffffffffffffff max_cycles: 0x2579d919541, max_idle_ns: 440795334884 ns
[STDERR  ] 2018-06-11T20:13:39.700154666Z: [    8.615372] clocksource: Switched to clocksource tsc
[STDERR  ] 2018-06-11T20:13:39.700175586Z: 
[STDERR  ] 2018-06-11T20:13:39.700187857Z: Welcome to LinuxKit
[STDERR  ] 2018-06-11T20:13:39.700200304Z: 
[STDERR  ] 2018-06-11T20:13:39.700212148Z:                         ##         .
[STDERR  ] 2018-06-11T20:13:39.700224660Z:                   ## ## ##        ==
[STDERR  ] 2018-06-11T20:13:39.700236797Z:                ## ## ## ## ##    ===
[STDERR  ] 2018-06-11T20:13:39.700249347Z:            /"""""""""""""""""\___/ ===
[STDERR  ] 2018-06-11T20:13:39.700262044Z:           {                       /  ===-
[STDERR  ] 2018-06-11T20:13:39.700277385Z:            \______ O           __/
[STDERR  ] 2018-06-11T20:13:39.700292748Z:              \    \         __/
[STDERR  ] 2018-06-11T20:13:39.700307855Z:               \____\_______/
[STDERR  ] 2018-06-11T20:13:39.700320571Z: 
[STDERR  ] 2018-06-11T20:13:39.700335635Z: [   17.340453] raid6: sse2x1   gen()   468 MB/s
[STDERR  ] 2018-06-11T20:13:39.700352965Z: [   17.510216] raid6: sse2x1   xor()   236 MB/s
[STDERR  ] 2018-06-11T20:13:39.700367558Z: [   17.680287] raid6: sse2x2   gen()   399 MB/s
[STDERR  ] 2018-06-11T20:13:39.700380532Z: [   17.850326] raid6: sse2x2   xor()   289 MB/s
[STDERR  ] 2018-06-11T20:13:39.700393410Z: [   18.020269] raid6: sse2x4   gen()   514 MB/s
[STDERR  ] 2018-06-11T20:13:39.700422164Z: [   18.190267] raid6: sse2x4   xor()   310 MB/s
[STDERR  ] 2018-06-11T20:13:39.700437776Z: [   18.190658] raid6: using algorithm sse2x4 gen() 514 MB/s
[STDERR  ] 2018-06-11T20:13:39.700453390Z: [   18.190953] raid6: .... xor() 310 MB/s, rmw enabled
[STDERR  ] 2018-06-11T20:13:39.700467884Z: [   18.191339] raid6: using intx1 recovery algorithm
[STDERR  ] 2018-06-11T20:13:39.700480718Z: [   18.270932] xor: measuring software checksum speed
[STDERR  ] 2018-06-11T20:13:39.700493526Z: [   18.370287]    prefetch64-sse:   745.200 MB/sec
[STDERR  ] 2018-06-11T20:13:39.700506431Z: [   18.470161]    generic_sse:   712.800 MB/sec
[STDERR  ] 2018-06-11T20:13:39.700519351Z: [   18.470518] xor: using function: prefetch64-sse (745.200 MB/sec)
[STDERR  ] 2018-06-11T20:13:39.700534944Z: [   18.661764] Btrfs loaded, crc32c=crc32c-generic
[STDERR  ] 2018-06-11T20:13:39.700548127Z: [   19.095515] IPVS: ftp: loaded support on port[0] = 21
[STDERR  ] 2018-06-11T20:13:39.700561517Z: [   20.174599]  sda:
[STDERR  ] 2018-06-11T20:13:39.700574154Z: [   20.275094]  sda:
[STDERR  ] 2018-06-11T20:13:39.700586705Z: [   20.342635]  sda: sda1
[STDERR  ] 2018-06-11T20:13:39.700598905Z: [   20.430831]  sda: sda1
[STDERR  ] 2018-06-11T20:13:39.700612102Z: [   20.520887]  sda: sda1
[STDERR  ] 2018-06-11T20:13:39.700625474Z: [   22.000502] BTRFS: device fsid a4e29531-350f-4f03-b944-dea1549f0d0d devid 1 transid 7 /dev/sda1
[STDERR  ] 2018-06-11T20:13:39.700641141Z: [   22.012358] BTRFS info (device sda1): disk space caching is enabled
[STDERR  ] 2018-06-11T20:13:39.700656257Z: [   22.012731] BTRFS info (device sda1): has skinny extents
[STDERR  ] 2018-06-11T20:13:39.700677153Z: [   22.103646] BTRFS info (device sda1): new size for /dev/sda1 is 535822336
[STDERR  ] 2018-06-11T20:13:39.700697189Z: 2018/06/11 20:13:21 Successfully resized /dev/sda
[STDERR  ] 2018-06-11T20:13:39.700711917Z: [   22.739051] IPVS: ftp: loaded support on port[0] = 21
[STDERR  ] 2018-06-11T20:13:39.700730663Z: [   23.844494] FAT-fs (sda1): utf8 is not a recommended IO charset for FAT filesystems, filesystem will be case sensitive!
[STDERR  ] 2018-06-11T20:13:39.700750621Z: [   23.848875] FAT-fs (sda1): utf8 is not a recommended IO charset for FAT filesystems, filesystem will be case sensitive!
[STDERR  ] 2018-06-11T20:13:39.700765517Z: [   23.852487] mount: sending ioctl 5310 to a partition!
[STDERR  ] 2018-06-11T20:13:39.700778726Z: [   23.885157] mount: sending ioctl 5310 to a partition!
[STDERR  ] 2018-06-11T20:13:39.700794841Z: [   23.911252] BTRFS info (device sda1): disk space caching is enabled
[STDERR  ] 2018-06-11T20:13:39.700807080Z: [   23.911492] BTRFS info (device sda1): has skinny extents
[STDERR  ] 2018-06-11T20:13:39.700822238Z: extend test suite PASSED
[STDERR  ] 2018-06-11T20:13:39.700842550Z: + [ -f /var/lib/docker/bar ]
[STDERR  ] 2018-06-11T20:13:39.700858891Z: + touch /var/lib/docker/foo
[STDERR  ] 2018-06-11T20:13:39.700871621Z: + df -h
[STDERR  ] 2018-06-11T20:13:39.700884148Z: + grep -qE [4-5][0-9]{2}\.[0-9]{1,}M
[STDERR  ] 2018-06-11T20:13:39.700897006Z: + printf extend test suite PASSED\n
[STDERR  ] 2018-06-11T20:13:39.700910017Z: [   38.557081] sd 0:0:0:0: [sda] Synchronizing SCSI cache
[STDERR  ] 2018-06-11T20:13:39.700922503Z: [   38.561156] sd 0:0:0:0: [sda] Stopping disk
[STDERR  ] 2018-06-11T20:13:39.700935699Z: [   38.564875] ACPI: Preparing to enter system sleep state S5
[STDERR  ] 2018-06-11T20:13:39.700947934Z: [   38.568091] reboot: Power down
[STDERR  ] 2018-06-11T20:13:39.700961051Z: + echo [    0.000000] Linux version 4.14.48-linuxkit (root@f636001766f8) (gcc version 6.4.0 (Alpine 6.4.0)) #1 SMP Thu Jun 7 13:33:05 UTC 2018
[STDERR  ] 2018-06-11T20:13:39.700977009Z: [    0.000000] Command line: console=ttyS0 console=ttyAMA0
[STDERR  ] 2018-06-11T20:13:39.700989936Z: [    0.000000] x86/fpu: x87 FPU will use FXSAVE
[STDERR  ] 2018-06-11T20:13:39.701002487Z: [    0.000000] e820: BIOS-provided physical RAM map:
[STDERR  ] 2018-06-11T20:13:39.701015201Z: [    0.000000] BIOS-e820: [mem 0x0000000000000000-0x000000000009fbff] usable
[STDERR  ] 2018-06-11T20:13:39.701030250Z: [    0.000000] BIOS-e820: [mem 0x000000000009fc00-0x000000000009ffff] reserved
[STDERR  ] 2018-06-11T20:13:39.701044036Z: [    0.000000] BIOS-e820: [mem 0x00000000000f0000-0x00000000000fffff] reserved
[STDERR  ] 2018-06-11T20:13:39.701056957Z: [    0.000000] BIOS-e820: [mem 0x0000000000100000-0x000000003ffdefff] usable
[STDERR  ] 2018-06-11T20:13:39.701071982Z: [    0.000000] BIOS-e820: [mem 0x000000003ffdf000-0x000000003fffffff] reserved
[STDERR  ] 2018-06-11T20:13:39.701089303Z: [    0.000000] BIOS-e820: [mem 0x00000000b0000000-0x00000000bfffffff] reserved
[STDERR  ] 2018-06-11T20:13:39.701104402Z: [    0.000000] BIOS-e820: [mem 0x00000000fed1c000-0x00000000fed1ffff] reserved
[STDERR  ] 2018-06-11T20:13:39.701117508Z: [    0.000000] BIOS-e820: [mem 0x00000000fffc0000-0x00000000ffffffff] reserved
[STDERR  ] 2018-06-11T20:13:39.701130365Z: [    0.000000] NX (Execute Disable) protection: active
[STDERR  ] 2018-06-11T20:13:39.701145415Z: [    0.000000] SMBIOS 2.8 present.
[STDERR  ] 2018-06-11T20:13:39.701158486Z: [    0.000000] DMI: QEMU Standard PC (Q35 + ICH9, 2009), BIOS rel-1.10.2-0-g5f4c7b1-prebuilt.qemu-project.org 04/01/2014
[STDERR  ] 2018-06-11T20:13:39.701171867Z: [    0.000000] tsc: Fast TSC calibration using PIT
[STDERR  ] 2018-06-11T20:13:39.701184667Z: [    0.000000] e820: last_pfn = 0x3ffdf max_arch_pfn = 0x400000000
[STDERR  ] 2018-06-11T20:13:39.701201308Z: [    0.000000] x86/PAT: Configuration [0-7]: WB  WC  UC- UC  WB  WP  UC- WT  
[STDERR  ] 2018-06-11T20:13:39.701219455Z: [    0.000000] found SMP MP-table at [mem 0x000f6aa0-0x000f6aaf] mapped at [ffffffffff200aa0]
[STDERR  ] 2018-06-11T20:13:39.701234899Z: [    0.000000] RAMDISK: [mem 0x3dac6000-0x3ffcffff]
[STDERR  ] 2018-06-11T20:13:39.701249688Z: [    0.000000] ACPI: Early table checksum verification disabled
[STDERR  ] 2018-06-11T20:13:39.701261926Z: [    0.000000] ACPI: RSDP 0x00000000000F68B0 000014 (v00 BOCHS )
[STDERR  ] 2018-06-11T20:13:39.701278440Z: [    0.000000] ACPI: RSDT 0x000000003FFE20A8 000034 (v01 BOCHS  BXPCRSDT 00000001 BXPC 00000001)
[STDERR  ] 2018-06-11T20:13:39.701291492Z: [    0.000000] ACPI: FACP 0x000000003FFE1EC8 0000F4 (v03 BOCHS  BXPCFACP 00000001 BXPC 00000001)
[STDERR  ] 2018-06-11T20:13:39.701307373Z: [    0.000000] ACPI: DSDT 0x000000003FFE0040 001E88 (v01 BOCHS  BXPCDSDT 00000001 BXPC 00000001)
[STDERR  ] 2018-06-11T20:13:39.701320196Z: [    0.000000] ACPI: FACS 0x000000003FFE0000 000040
[STDERR  ] 2018-06-11T20:13:39.701333817Z: [    0.000000] ACPI: APIC 0x000000003FFE1FBC 000078 (v01 BOCHS  BXPCAPIC 00000001 BXPC 00000001)
[STDERR  ] 2018-06-11T20:13:39.701346457Z: [    0.000000] ACPI: HPET 0x000000003FFE2034 000038 (v01 BOCHS  BXPCHPET 00000001 BXPC 00000001)
[STDERR  ] 2018-06-11T20:13:39.701365975Z: [    0.000000] ACPI: MCFG 0x000000003FFE206C 00003C (v01 BOCHS  BXPCMCFG 00000001 BXPC 00000001)
[STDERR  ] 2018-06-11T20:13:39.701380858Z: [    0.000000] Zone ranges:
[STDERR  ] 2018-06-11T20:13:39.701395722Z: [    0.000000]   DMA      [mem 0x0000000000001000-0x0000000000ffffff]
[STDERR  ] 2018-06-11T20:13:39.701408249Z: [    0.000000]   DMA32    [mem 0x0000000001000000-0x000000003ffdefff]
[STDERR  ] 2018-06-11T20:13:39.701423093Z: [    0.000000]   Normal   empty
[STDERR  ] 2018-06-11T20:13:39.701436037Z: [    0.000000]   Device   empty
[STDERR  ] 2018-06-11T20:13:39.701448767Z: [    0.000000] Movable zone start for each node
[STDERR  ] 2018-06-11T20:13:39.701461545Z: [    0.000000] Early memory node ranges
[STDERR  ] 2018-06-11T20:13:39.701476634Z: [    0.000000]   node   0: [mem 0x0000000000001000-0x000000000009efff]
[STDERR  ] 2018-06-11T20:13:39.701491308Z: [    0.000000]   node   0: [mem 0x0000000000100000-0x000000003ffdefff]
[STDERR  ] 2018-06-11T20:13:39.701503880Z: [    0.000000] Initmem setup node 0 [mem 0x0000000000001000-0x000000003ffdefff]
[STDERR  ] 2018-06-11T20:13:39.701520218Z: [    0.000000] ACPI: PM-Timer IO Port: 0x608
[STDERR  ] 2018-06-11T20:13:39.701532894Z: [    0.000000] ACPI: LAPIC_NMI (acpi_id[0xff] dfl dfl lint[0x1])
[STDERR  ] 2018-06-11T20:13:39.701545447Z: [    0.000000] IOAPIC[0]: apic_id 0, version 32, address 0xfec00000, GSI 0-23
[STDERR  ] 2018-06-11T20:13:39.701558829Z: [    0.000000] ACPI: INT_SRC_OVR (bus 0 bus_irq 0 global_irq 2 dfl dfl)
[STDERR  ] 2018-06-11T20:13:39.701571309Z: [    0.000000] ACPI: INT_SRC_OVR (bus 0 bus_irq 5 global_irq 5 high level)
[STDERR  ] 2018-06-11T20:13:39.701583854Z: [    0.000000] ACPI: INT_SRC_OVR (bus 0 bus_irq 9 global_irq 9 high level)
[STDERR  ] 2018-06-11T20:13:39.701598652Z: [    0.000000] ACPI: INT_SRC_OVR (bus 0 bus_irq 10 global_irq 10 high level)
[STDERR  ] 2018-06-11T20:13:39.701622155Z: [    0.000000] ACPI: INT_SRC_OVR (bus 0 bus_irq 11 global_irq 11 high level)
[STDERR  ] 2018-06-11T20:13:39.701637811Z: [    0.000000] Using ACPI (MADT) for SMP configuration information
[STDERR  ] 2018-06-11T20:13:39.701650426Z: [    0.000000] ACPI: HPET id: 0x8086a201 base: 0xfed00000
[STDERR  ] 2018-06-11T20:13:39.701669953Z: [    0.000000] smpboot: Allowing 1 CPUs, 0 hotplug CPUs
[STDERR  ] 2018-06-11T20:13:39.701685776Z: [    0.000000] e820: [mem 0x40000000-0xafffffff] available for PCI devices
[STDERR  ] 2018-06-11T20:13:39.701700619Z: [    0.000000] Booting paravirtualized kernel on bare hardware
[STDERR  ] 2018-06-11T20:13:39.701713199Z: [    0.000000] clocksource: refined-jiffies: mask: 0xffffffff max_cycles: 0xffffffff, max_idle_ns: 19112604462750000 ns
[STDERR  ] 2018-06-11T20:13:39.701728406Z: [    0.000000] random: get_random_bytes called from start_kernel+0x92/0x4c8 with crng_init=0
[STDERR  ] 2018-06-11T20:13:39.701741479Z: [    0.000000] setup_percpu: NR_CPUS:128 nr_cpumask_bits:128 nr_cpu_ids:1 nr_node_ids:1
[STDERR  ] 2018-06-11T20:13:39.701757053Z: [    0.000000] percpu: Embedded 44 pages/cpu @ffff9e82bd800000 s143256 r8192 d28776 u2097152
[STDERR  ] 2018-06-11T20:13:39.701769920Z: [    0.000000] Built 1 zonelists, mobility grouping on.  Total pages: 257896
[STDERR  ] 2018-06-11T20:13:39.701787112Z: [    0.000000] Kernel command line: console=ttyS0 console=ttyAMA0
[STDERR  ] 2018-06-11T20:13:39.701805885Z: [    0.000000] PID hash table entries: 4096 (order: 3, 32768 bytes)
[STDERR  ] 2018-06-11T20:13:39.701819029Z: [    0.000000] Dentry cache hash table entries: 131072 (order: 8, 1048576 bytes)
[STDERR  ] 2018-06-11T20:13:39.701831569Z: [    0.000000] Inode-cache hash table entries: 65536 (order: 7, 524288 bytes)
[STDERR  ] 2018-06-11T20:13:39.701844681Z: [    0.000000] Memory: 966872K/1048052K available (12300K kernel code, 1459K rwdata, 2992K rodata, 1512K init, 632K bss, 81180K reserved, 0K cma-reserved)
[STDERR  ] 2018-06-11T20:13:39.701860454Z: [    0.000000] ftrace: allocating 41022 entries in 161 pages
[STDERR  ] 2018-06-11T20:13:39.701873284Z: [    0.000000] Hierarchical RCU implementation.
[STDERR  ] 2018-06-11T20:13:39.701893316Z: [    0.000000] 	RCU restricting CPUs from NR_CPUS=128 to nr_cpu_ids=1.
[STDERR  ] 2018-06-11T20:13:39.701909995Z: [    0.000000] RCU: Adjusting geometry for rcu_fanout_leaf=16, nr_cpu_ids=1
[STDERR  ] 2018-06-11T20:13:39.701922493Z: [    0.000000] NR_IRQS: 8448, nr_irqs: 256, preallocated irqs: 16
[STDERR  ] 2018-06-11T20:13:39.701934765Z: [    0.000000] Console: colour VGA+ 80x25
[STDERR  ] 2018-06-11T20:13:39.701947333Z: [    0.000000] console [ttyS0] enabled
[STDERR  ] 2018-06-11T20:13:39.701959952Z: [    0.000000] clocksource: hpet: mask: 0xffffffff max_cycles: 0xffffffff, max_idle_ns: 19112604467 ns
[STDERR  ] 2018-06-11T20:13:39.701974037Z: [    0.000000] tsc: Fast TSC calibration using PIT
[STDERR  ] 2018-06-11T20:13:39.701987013Z: [    0.000000] tsc: Detected 2599.784 MHz processor
[STDERR  ] 2018-06-11T20:13:39.702001780Z: [    0.001725] Calibrating delay loop (skipped), value calculated using timer frequency.. 5199.56 BogoMIPS (lpj=25997840)
[STDERR  ] 2018-06-11T20:13:39.702014698Z: [    0.002181] pid_max: default: 32768 minimum: 301
[STDERR  ] 2018-06-11T20:13:39.702027674Z: [    0.002892] ACPI: Core revision 20170728
[STDERR  ] 2018-06-11T20:13:39.702040691Z: [    0.038838] ACPI: 1 ACPI AML tables successfully acquired and loaded
[STDERR  ] 2018-06-11T20:13:39.702055827Z: [    0.041137] Security Framework initialized
[STDERR  ] 2018-06-11T20:13:39.702073281Z: [    0.041633] Yama: becoming mindful.
[STDERR  ] 2018-06-11T20:13:39.702085969Z: [    0.044077] Mount-cache hash table entries: 2048 (order: 2, 16384 bytes)
[STDERR  ] 2018-06-11T20:13:39.702098749Z: [    0.044482] Mountpoint-cache hash table entries: 2048 (order: 2, 16384 bytes)
[STDERR  ] 2018-06-11T20:13:39.702113792Z: [    0.061786] Last level iTLB entries: 4KB 0, 2MB 0, 4MB 0
[STDERR  ] 2018-06-11T20:13:39.702126389Z: [    0.062133] Last level dTLB entries: 4KB 0, 2MB 0, 4MB 0, 1GB 0
[STDERR  ] 2018-06-11T20:13:39.702139176Z: [    0.062606] Spectre V2 : Spectre mitigation: LFENCE not serializing, switching to generic retpoline
[STDERR  ] 2018-06-11T20:13:39.702151716Z: [    0.063085] Spectre V2 : Vulnerable: Minimal generic ASM retpoline
[STDERR  ] 2018-06-11T20:13:39.702163948Z: [    0.063479] Spectre V2 : Spectre v2 mitigation: Filling RSB on context switch
[STDERR  ] 2018-06-11T20:13:39.702176212Z: [    0.063878] Speculative Store Bypass: Vulnerable
[STDERR  ] 2018-06-11T20:13:39.702188231Z: [    0.351943] Freeing SMP alternatives memory: 20K
[STDERR  ] 2018-06-11T20:13:39.702200072Z: [    0.371756] smpboot: Max logical packages: 1
[STDERR  ] 2018-06-11T20:13:39.702212707Z: [    0.378208] ..TIMER: vector=0x30 apic1=0 pin1=2 apic2=-1 pin2=-1
[STDERR  ] 2018-06-11T20:13:39.702225585Z: [    0.490000] smpboot: CPU0: AMD QEMU Virtual CPU version 2.5+ (family: 0x6, model: 0x6, stepping: 0x3)
[STDERR  ] 2018-06-11T20:13:39.702237808Z: [    0.490000] Performance Events: PMU not available due to virtualization, using software events only.
[STDERR  ] 2018-06-11T20:13:39.702253516Z: [    0.491163] Hierarchical SRCU implementation.
[STDERR  ] 2018-06-11T20:13:39.702266735Z: [    0.497054] NMI watchdog: Perf event create on CPU 0 failed with -2
[STDERR  ] 2018-06-11T20:13:39.702284564Z: [    0.497482] NMI watchdog: Perf NMI watchdog permanently disabled
[STDERR  ] 2018-06-11T20:13:39.702302024Z: [    0.501099] smp: Bringing up secondary CPUs ...
[STDERR  ] 2018-06-11T20:13:39.702316598Z: [    0.501312] smp: Brought up 1 node, 1 CPU
[STDERR  ] 2018-06-11T20:13:39.702329388Z: [    0.501704] smpboot: Total of 1 processors activated (5199.56 BogoMIPS)
[STDERR  ] 2018-06-11T20:13:39.702342146Z: [    0.517461] devtmpfs: initialized
[STDERR  ] 2018-06-11T20:13:39.702354653Z: [    0.523360] x86/mm: Memory block size: 128MB
[STDERR  ] 2018-06-11T20:13:39.702367704Z: [    0.529173] evm: security.ima
[STDERR  ] 2018-06-11T20:13:39.702382614Z: [    0.529377] evm: security.capability
[STDERR  ] 2018-06-11T20:13:39.702395502Z: [    0.532464] clocksource: jiffies: mask: 0xffffffff max_cycles: 0xffffffff, max_idle_ns: 19112604462750000 ns
[STDERR  ] 2018-06-11T20:13:39.702412227Z: [    0.532871] futex hash table entries: 256 (order: 2, 16384 bytes)
[STDERR  ] 2018-06-11T20:13:39.702425848Z: [    0.542490] NET: Registered protocol family 16
[STDERR  ] 2018-06-11T20:13:39.702441613Z: [    0.549739] cpuidle: using governor ladder
[STDERR  ] 2018-06-11T20:13:39.702457342Z: [    0.550258] cpuidle: using governor menu
[STDERR  ] 2018-06-11T20:13:39.702472141Z: [    0.551715] ACPI: bus type PCI registered
[STDERR  ] 2018-06-11T20:13:39.702484635Z: [    0.554320] PCI: MMCONFIG for domain 0000 [bus 00-ff] at [mem 0xb0000000-0xbfffffff] (base 0xb0000000)
[STDERR  ] 2018-06-11T20:13:39.702500379Z: [    0.555032] PCI: MMCONFIG at [mem 0xb0000000-0xbfffffff] reserved in E820
[STDERR  ] 2018-06-11T20:13:39.702513097Z: [    0.555947] PCI: Using configuration type 1 for base access
