[INFO    ] 2018-03-31T12:55:00.108232173Z: Running Test linuxkit.packages.format_mount.by_name in /tmp/build/test/cases/040_packages/006_format_mount/002_by_name
[STDERR  ] 2018-03-31T12:55:00.108304192Z: [    0.690009] pps_core: Software ver. 5.3.6 - Copyright 2005-2007 Rodolfo Giometti <giometti@linux.it>
[STDERR  ] 2018-03-31T12:55:00.108338808Z: [    0.697644] PTP clock support registered
[STDERR  ] 2018-03-31T12:55:00.108353063Z: [    0.700118] PCI: Using ACPI for IRQ routing
[INFO    ] 2018-03-31T12:55:00.108358744Z: Running command: [/bin/sh -x /tmp/build/test/cases/040_packages/006_format_mount/002_by_name/test.sh]
[STDERR  ] 2018-03-31T12:55:00.108447876Z: [    1.128973] NetLabel: Initializing
[STDERR  ] 2018-03-31T12:55:00.108464815Z: [    1.130008] NetLabel:  domain hash size = 128
[STDERR  ] 2018-03-31T12:55:00.108477467Z: [    1.133688] NetLabel:  protocols = UNLABELED CIPSOv4 CALIPSO
[STDERR  ] 2018-03-31T12:55:00.108490614Z: [    1.140049] NetLabel:  unlabeled traffic allowed by default
[STDERR  ] 2018-03-31T12:55:00.108503958Z: [    1.144952] HPET: 3 timers in total, 0 timers will be used for per-cpu timer
[STDERR  ] 2018-03-31T12:55:00.108516396Z: [    1.150126] hpet0: at MMIO 0xfed00000, IRQs 2, 8, 0
[STDERR  ] 2018-03-31T12:55:00.108528661Z: [    1.154276] hpet0: 3 comparators, 64-bit 100.000000 MHz counter
[STDERR  ] 2018-03-31T12:55:00.108541244Z: [    1.163576] clocksource: Switched to clocksource kvm-clock
[STDERR  ] 2018-03-31T12:55:00.108554619Z: [    1.183811] VFS: Disk quotas dquot_6.6.0
[STDERR  ] 2018-03-31T12:55:00.108593283Z: [    1.187333] VFS: Dquot-cache hash table entries: 512 (order 0, 4096 bytes)
[STDERR  ] 2018-03-31T12:55:00.108607052Z: [    1.193535] FS-Cache: Loaded
[STDERR  ] 2018-03-31T12:55:00.108619888Z: [    1.196234] CacheFiles: Loaded
[STDERR  ] 2018-03-31T12:55:00.108632456Z: [    1.199078] pnp: PnP ACPI init
[STDERR  ] 2018-03-31T12:55:00.108649185Z: [    1.202920] pnp: PnP ACPI: found 5 devices
[STDERR  ] 2018-03-31T12:55:00.108732578Z: [    1.212586] clocksource: acpi_pm: mask: 0xffffff max_cycles: 0xffffff, max_idle_ns: 2085701024 ns
[STDERR  ] 2018-03-31T12:55:00.108745478Z: [    1.220230] NET: Registered protocol family 2
[STDERR  ] 2018-03-31T12:55:00.108758181Z: [    1.224224] TCP established hash table entries: 8192 (order: 4, 65536 bytes)
[STDERR  ] 2018-03-31T12:55:00.108771846Z: [    1.230279] TCP bind hash table entries: 8192 (order: 5, 131072 bytes)
[STDERR  ] 2018-03-31T12:55:00.108784306Z: [    1.236460] TCP: Hash tables configured (established 8192 bind 8192)
[STDERR  ] 2018-03-31T12:55:00.108796662Z: [    1.242062] UDP hash table entries: 512 (order: 2, 16384 bytes)
[STDERR  ] 2018-03-31T12:55:00.108812167Z: [    1.247025] UDP-Lite hash table entries: 512 (order: 2, 16384 bytes)
[STDERR  ] 2018-03-31T12:55:00.108824387Z: [    1.252511] NET: Registered protocol family 1
[STDERR  ] 2018-03-31T12:55:00.108836536Z: [    1.257986] pci 0000:00:01.0: Video device with shadowed ROM at [mem 0x000c0000-0x000dffff]
[STDERR  ] 2018-03-31T12:55:00.108849293Z: [    1.266170] Trying to unpack rootfs image as initramfs...
[STDERR  ] 2018-03-31T12:55:00.108861177Z: [    1.942563] Freeing initrd memory: 34868K
[STDERR  ] 2018-03-31T12:55:00.108873558Z: [    1.947141] PCLMULQDQ-NI instructions are not detected.
[STDERR  ] 2018-03-31T12:55:00.108885301Z: [    1.951839] AVX or AES-NI instructions are not detected.
[STDERR  ] 2018-03-31T12:55:00.108897214Z: [    1.956312] CPU feature 'AVX registers' is not supported.
[STDERR  ] 2018-03-31T12:55:00.108909196Z: [    1.961492] CPU feature 'AVX registers' is not supported.
[STDERR  ] 2018-03-31T12:55:00.108920740Z: [    1.966428] CPU feature 'AVX registers' is not supported.
[STDERR  ] 2018-03-31T12:55:00.108932706Z: [    1.971024] CPU feature 'AVX registers' is not supported.
[STDERR  ] 2018-03-31T12:55:00.108944781Z: [    1.975591] AVX2 or AES-NI instructions are not detected.
[STDERR  ] 2018-03-31T12:55:00.108957101Z: [    1.980173] AVX2 instructions are not detected.
[STDERR  ] 2018-03-31T12:55:00.108968986Z: [    1.984441] audit: initializing netlink subsys (disabled)
[STDERR  ] 2018-03-31T12:55:00.108987566Z: [    1.989450] audit: type=2000 audit(1522500885.651:1): state=initialized audit_enabled=0 res=1
[STDERR  ] 2018-03-31T12:55:00.109001624Z: [    1.997305] workingset: timestamp_bits=46 max_order=18 bucket_order=0
[STDERR  ] 2018-03-31T12:55:00.109016009Z: [    2.
[STDERR  ] 2018-03-31T12:55:00.146817404Z: + set -e
[STDERR  ] 2018-03-31T12:55:00.146914670Z: + . /tmp/build/test/cases/_lib/lib.sh
[STDERR  ] 2018-03-31T12:55:00.146931300Z: + [ -f src/github.com/linuxkit/rtf/lib/lib.sh ]
[STDERR  ] 2018-03-31T12:55:00.146943682Z: + LINUXKIT_TMPDIR=/tmp/build/test/cases/_tmp
[STDERR  ] 2018-03-31T12:55:00.146955730Z: + [ -f /tmp/build/test/cases/_tmp/env.sh ]
[STDERR  ] 2018-03-31T12:55:00.146977159Z: + . /tmp/build/test/cases/_tmp/env.sh
[STDERR  ] 2018-03-31T12:55:00.146991222Z: + export LINUXKIT_EXAMPLES_DIR=/tmp/build/test/cases/../../examples
[STDERR  ] 2018-03-31T12:55:00.147003683Z: + RT_CANCEL=253
[STDERR  ] 2018-03-31T12:55:00.147015467Z: + NAME=test-format
[STDERR  ] 2018-03-31T12:55:00.147026777Z: + DISK=disk.img
[STDERR  ] 2018-03-31T12:55:00.147038495Z: + trap clean_up EXIT
[STDERR  ] 2018-03-31T12:55:00.147050926Z: + [ linux = osx ]
[STDERR  ] 2018-03-31T12:55:00.147062622Z: + DEVICE=/dev/sda
[STDERR  ] 2018-03-31T12:55:00.147074622Z: + sed -e s,@DEVICE@,/dev/sda,g test.yml.in
[STDERR  ] 2018-03-31T12:55:00.262997355Z: + linuxkit build -format kernel+initrd -name test-format test.yml
[STDERR  ] 2018-03-31T12:55:00.288021936Z: Extract kernel image: linuxkit/kernel:4.9.38
[STDERR  ] 2018-03-31T12:55:03.207995368Z: Add init containers:
[STDERR  ] 2018-03-31T12:55:03.208045407Z: Process init image: linuxkit/init:7af4e32f31f04d6c63d457c502d2f69344db7d72
[STDERR  ] 2018-03-31T12:55:04.414960014Z: Process init image: linuxkit/runc:e4b01b68b225d694a60f8b335258bd2144971239
[STDERR  ] 2018-03-31T12:55:05.599616144Z: Add onboot containers:
[STDERR  ] 2018-03-31T12:55:05.599688769Z:   Create OCI config for linuxkit/format:a0a0469c74e3c5617d2fdffb6c38e402133fb680
[STDERR  ] 2018-03-31T12:55:06.961079098Z:   Create OCI config for linuxkit/mount:03795dccf510edfc14aeb0ab5e87cd9f7da3586a
[STDERR  ] 2018-03-31T12:55:08.320097680Z:   Create OCI config for alpine:3.7
[STDERR  ] 2018-03-31T12:55:09.516274546Z:   Create OCI config for linuxkit/poweroff:f9a0a5e52fd2a97908bda33db2afffafe4a6a67d
[STDERR  ] 2018-03-31T12:55:10.719841164Z: Add files:
[STDERR  ] 2018-03-31T12:55:10.719912747Z:   check.sh
[STDERR  ] 2018-03-31T12:55:10.735761236Z: Create outputs:
[STDERR  ] 2018-03-31T12:55:16.156833237Z:   test-format-kernel test-format-initrd.img test-format-cmdline
[STDERR  ] 2018-03-31T12:55:16.225012978Z: + linuxkit run -disk file=disk.img,size=512M test-format
[STDERR  ] 2018-03-31T12:55:16.251185285Z: Unable to find qemu-system-x86_64 within the $PATH. Using a container
[STDERR  ] 2018-03-31T12:55:34.874945021Z: + RESULT=[    0.000000] Linux version 4.9.38-linuxkit (root@e1ede117fb1e) (gcc version 6.3.0 (Alpine 6.3.0) ) #1 SMP Thu Jul 20 16:07:02 UTC 2017
[STDERR  ] 2018-03-31T12:55:34.875005450Z: [    0.000000] Command line: console=ttyS0 console=ttyAMA0
[STDERR  ] 2018-03-31T12:55:34.875023348Z: [    0.000000] x86/fpu: Legacy x87 FPU detected.
[STDERR  ] 2018-03-31T12:55:34.875032903Z: [    0.000000] x86/fpu: Using 'eager' FPU context switches.
[STDERR  ] 2018-03-31T12:55:34.875041680Z: [    0.000000] e820: BIOS-provided physical RAM map:
[STDERR  ] 2018-03-31T12:55:34.875051267Z: [    0.000000] BIOS-e820: [mem 0x0000000000000000-0x000000000009fbff] usable
[STDERR  ] 2018-03-31T12:55:34.875060691Z: [    0.000000] BIOS-e820: [mem 0x000000000009fc00-0x000000000009ffff] reserved
[STDERR  ] 2018-03-31T12:55:34.875072716Z: [    0.000000] BIOS-e820: [mem 0x00000000000f0000-0x00000000000fffff] reserved
[STDERR  ] 2018-03-31T12:55:34.875081562Z: [    0.000000] BIOS-e820: [mem 0x0000000000100000-0x000000003ffdefff] usable
[STDERR  ] 2018-03-31T12:55:34.875089847Z: [    0.000000] BIOS-e820: [mem 0x000000003ffdf000-0x000000003fffffff] reserved
[STDERR  ] 2018-03-31T12:55:34.875098152Z: [    0.000000] BIOS-e820: [mem 0x00000000b0000000-0x00000000bfffffff] reserved
[STDERR  ] 2018-03-31T12:55:34.875150607Z: [    0.000000] BIOS-e820: [mem 0x00000000fed1c000-0x00000000fed1ffff] reserved
[STDERR  ] 2018-03-31T12:55:34.875162172Z: [    0.000000] BIOS-e820: [mem 0x00000000feffc000-0x00000000feffffff] reserved
[STDERR  ] 2018-03-31T12:55:34.875169930Z: [    0.000000] BIOS-e820: [mem 0x00000000fffc0000-0x00000000ffffffff] reserved
[STDERR  ] 2018-03-31T12:55:34.875177756Z: [    0.000000] NX (Execute Disable) protection: active
[STDERR  ] 2018-03-31T12:55:34.875185645Z: [    0.000000] SMBIOS 2.8 present.
[STDERR  ] 2018-03-31T12:55:34.875194295Z: [    0.000000] Hypervisor detected: KVM
[STDERR  ] 2018-03-31T12:55:34.875202109Z: [    0.000000] e820: last_pfn = 0x3ffdf max_arch_pfn = 0x400000000
[STDERR  ] 2018-03-31T12:55:34.875210016Z: [    0.000000] x86/PAT: PAT not supported by CPU.
[STDERR  ] 2018-03-31T12:55:34.875218126Z: [    0.000000] x86/PAT: Configuration [0-7]: WB  WT  UC- UC  WB  WT  UC- UC  
[STDERR  ] 2018-03-31T12:55:34.875226313Z: [    0.000000] found SMP MP-table at [mem 0x000f6aa0-0x000f6aaf] mapped at [ffff9c30c00f6aa0]
[STDERR  ] 2018-03-31T12:55:34.875235765Z: [    0.000000] RAMDISK: [mem 0x3e138000-0x3ffcffff]
[STDERR  ] 2018-03-31T12:55:34.875243713Z: [    0.000000] ACPI: Early table checksum verification disabled
[STDERR  ] 2018-03-31T12:55:34.875251575Z: [    0.000000] ACPI: RSDP 0x00000000000F68B0 000014 (v00 BOCHS )
[STDERR  ] 2018-03-31T12:55:34.875261883Z: [    0.000000] ACPI: RSDT 0x000000003FFE20A8 000034 (v01 BOCHS  BXPCRSDT 00000001 BXPC 00000001)
[STDERR  ] 2018-03-31T12:55:34.875270783Z: [    0.000000] ACPI: FACP 0x000000003FFE1EC8 0000F4 (v03 BOCHS  BXPCFACP 00000001 BXPC 00000001)
[STDERR  ] 2018-03-31T12:55:34.875278543Z: [    0.000000] ACPI: DSDT 0x000000003FFE0040 001E88 (v01 BOCHS  BXPCDSDT 00000001 BXPC 00000001)
[STDERR  ] 2018-03-31T12:55:34.875294359Z: [    0.000000] ACPI: FACS 0x000000003FFE0000 000040
[STDERR  ] 2018-03-31T12:55:34.875301877Z: [    0.000000] ACPI: APIC 0x000000003FFE1FBC 000078 (v01 BOCHS  BXPCAPIC 00000001 BXPC 00000001)
[STDERR  ] 2018-03-31T12:55:34.875309289Z: [    0.000000] ACPI: HPET 0x000000003FFE2034 000038 (v01 BOCHS  BXPCHPET 00000001 BXPC 00000001)
[STDERR  ] 2018-03-31T12:55:34.875317064Z: [    0.000000] ACPI: MCFG 0x000000003FFE206C 00003C (v01 BOCHS  BXPCMCFG 00000001 BXPC 00000001)
[STDERR  ] 2018-03-31T12:55:34.875328160Z: [    0.000000] kvm-clock: Using msrs 4b564d01 and 4b564d00
[STDERR  ] 2018-03-31T12:55:34.875335824Z: [    0.000000] kvm-clock: cpu 0, msr 0:3ffdd001, primary cpu clock
[STDERR  ] 2018-03-31T12:55:34.875343513Z: [    0.000000] clocksource: kvm-clock: mask: 0xffffffffffffffff max_cycles: 0x1cd42e4dffb, max_idle_ns: 881590591483 ns
[STDERR  ] 2018-03-31T12:55:34.875352081Z: [    0.000000] Zone ranges:
[STDERR  ] 2018-03-31T12:55:34.875359605Z: [    0.000000]   DMA      [mem 0x0000000000001000-0x0000000000ffffff]
[STDERR  ] 2018-03-31T12:55:34.875367235Z: [    0.000000]   DMA32    [mem 0x0000000001000000-0x000000003ffdefff]
[STDERR  ] 2018-03-31T12:55:34.875374852Z: [    0.000000]   Normal   empty
[STDERR  ] 2018-03-31T12:55:34.875382732Z: [    0.000000] Movable zone start for each node
[STDERR  ] 2018-03-31T12:55:34.875392513Z: [    0.000000] Early memory node ranges
[STDERR  ] 2018-03-31T12:55:34.875400158Z: [    0.000000]   node   0: [mem 0x0000000000001000-0x000000000009efff]
[STDERR  ] 2018-03-31T12:55:34.875407619Z: [    0.000000]   node   0: [mem 0x0000000000100000-0x000000003ffdefff]
[STDERR  ] 2018-03-31T12:55:34.875414885Z: [    0.000000] Initmem setup node 0 [mem 0x0000000000001000-0x000000003ffdefff]
[STDERR  ] 2018-03-31T12:55:34.875422561Z: [    0.000000] ACPI: PM-Timer IO Port: 0x608
[STDERR  ] 2018-03-31T12:55:34.875432161Z: [    0.000000] ACPI: LAPIC_NMI (acpi_id[0xff] dfl dfl lint[0x1])
[STDERR  ] 2018-03-31T12:55:34.875439562Z: [    0.000000] IOAPIC[0]: apic_id 0, version 17, address 0xfec00000, GSI 0-23
[STDERR  ] 2018-03-31T12:55:34.875449127Z: [    0.000000] ACPI: INT_SRC_OVR (bus 0 bus_irq 0 global_irq 2 dfl dfl)
[STDERR  ] 2018-03-31T12:55:34.875460047Z: [    0.000000] ACPI: INT_SRC_OVR (bus 0 bus_irq 5 global_irq 5 high level)
[STDERR  ] 2018-03-31T12:55:34.875469696Z: [    0.000000] ACPI: INT_SRC_OVR (bus 0 bus_irq 9 global_irq 9 high level)
[STDERR  ] 2018-03-31T12:55:34.875476927Z: [    0.000000] ACPI: INT_SRC_OVR (bus 0 bus_irq 10 global_irq 10 high level)
[STDERR  ] 2018-03-31T12:55:34.875484218Z: [    0.000000] ACPI: INT_SRC_OVR (bus 0 bus_irq 11 global_irq 11 high level)
[STDERR  ] 2018-03-31T12:55:34.875491894Z: [    0.000000] Using ACPI (MADT) for SMP configuration information
[STDERR  ] 2018-03-31T12:55:34.875499232Z: [    0.000000] ACPI: HPET id: 0x8086a201 base: 0xfed00000
[STDERR  ] 2018-03-31T12:55:34.875506826Z: [    0.000000] smpboot: Allowing 1 CPUs, 0 hotplug CPUs
[STDERR  ] 2018-03-31T12:55:34.875514473Z: [    0.000000] e820: [mem 0x40000000-0xafffffff] available for PCI devices
[STDERR  ] 2018-03-31T12:55:34.875521938Z: [    0.000000] Booting paravirtualized kernel on KVM
[STDERR  ] 2018-03-31T12:55:34.875529482Z: [    0.000000] clocksource: refined-jiffies: mask: 0xffffffff max_cycles: 0xffffffff, max_idle_ns: 19112604462750000 ns
[STDERR  ] 2018-03-31T12:55:34.875537506Z: [    0.000000] setup_percpu: NR_CPUS:128 nr_cpumask_bits:128 nr_cpu_ids:1 nr_node_ids:1
[STDERR  ] 2018-03-31T12:55:34.875544937Z: [    0.000000] percpu: Embedded 35 pages/cpu @ffff9c30fde00000 s105176 r8192 d29992 u2097152
[STDERR  ] 2018-03-31T12:55:34.875552348Z: [    0.000000] KVM setup async PF for cpu 0
[STDERR  ] 2018-03-31T12:55:34.875559897Z: [    0.000000] kvm-stealtime: cpu 0, msr 3de0d580
[STDERR  ] 2018-03-31T12:55:34.875573796Z: [    0.000000] Built 1 zonelists in Zone order, mobility grouping on.  Total pages: 257896
[STDERR  ] 2018-03-31T12:55:34.875581705Z: [    0.000000] Kernel command line: console=ttyS0 console=ttyAMA0
[STDERR  ] 2018-03-31T12:55:34.875592624Z: [    0.000000] PID hash table entries: 4096 (order: 3, 32768 bytes)
[STDERR  ] 2018-03-31T12:55:34.875602146Z: [    0.000000] Dentry cache hash table entries: 131072 (order: 8, 1048576 bytes)
[STDERR  ] 2018-03-31T12:55:34.875609811Z: [    0.000000] Inode-cache hash table entries: 65536 (order: 7, 524288 bytes)
[STDERR  ] 2018-03-31T12:55:34.875619116Z: [    0.000000] Memory: 982836K/1048052K available (8026K kernel code, 1366K rwdata, 2696K rodata, 1380K init, 568K bss, 65216K reserved, 0K cma-reserved)
[STDERR  ] 2018-03-31T12:55:34.875632591Z: [    0.000000] Hierarchical RCU implementation.
[STDERR  ] 2018-03-31T12:55:34.875644455Z: [    0.000000] 	Build-time adjustment of leaf fanout to 64.
[STDERR  ] 2018-03-31T12:55:34.875656560Z: [    0.000000] 	RCU restricting CPUs from NR_CPUS=128 to nr_cpu_ids=1.
[STDERR  ] 2018-03-31T12:55:34.875666295Z: [    0.000000] RCU: Adjusting geometry for rcu_fanout_leaf=64, nr_cpu_ids=1
[STDERR  ] 2018-03-31T12:55:34.875673806Z: [    0.000000] NR_IRQS:8448 nr_irqs:256 16
[STDERR  ] 2018-03-31T12:55:34.875681599Z: [    0.000000] Console: colour VGA+ 80x25
[STDERR  ] 2018-03-31T12:55:34.875689013Z: [    0.000000] console [ttyS0] enabled
[STDERR  ] 2018-03-31T12:55:34.875696310Z: [    0.000000] clocksource: hpet: mask: 0xffffffff max_cycles: 0xffffffff, max_idle_ns: 19112604467 ns
[STDERR  ] 2018-03-31T12:55:34.875704556Z: [    0.000000] tsc: Detected 2299.938 MHz processor
[STDERR  ] 2018-03-31T12:55:34.875711993Z: [    0.020000] Calibrating delay loop (skipped) preset value.. 4599.87 BogoMIPS (lpj=22999380)
[STDERR  ] 2018-03-31T12:55:34.875719655Z: [    0.020032] pid_max: default: 32768 minimum: 301
[STDERR  ] 2018-03-31T12:55:34.875729747Z: [    0.024166] ACPI: Core revision 20160831
[STDERR  ] 2018-03-31T12:55:34.875737104Z: [    0.028218] ACPI: 1 ACPI AML tables successfully acquired and loaded
[STDERR  ] 2018-03-31T12:55:34.875747178Z: [    0.033127] Security Framework initialized
[STDERR  ] 2018-03-31T12:55:34.875754651Z: [    0.036621] Yama: becoming mindful.
[STDERR  ] 2018-03-31T12:55:34.875762003Z: [    0.040085] Mount-cache hash table entries: 2048 (order: 2, 16384 bytes)
[STDERR  ] 2018-03-31T12:55:34.875775158Z: [    0.045828] Mountpoint-cache hash table entries: 2048 (order: 2, 16384 bytes)
[STDERR  ] 2018-03-31T12:55:34.875782720Z: [    0.050978] CPU: Physical Processor ID: 0
[STDERR  ] 2018-03-31T12:55:34.875790316Z: [    0.054719] Last level iTLB entries: 4KB 0, 2MB 0, 4MB 0
[STDERR  ] 2018-03-31T12:55:34.875797697Z: [    0.060030] Last level dTLB entries: 4KB 0, 2MB 0, 4MB 0, 1GB 0
[STDERR  ] 2018-03-31T12:55:34.875805044Z: [    0.176552] Freeing SMP alternatives memory: 20K (ffffffff97eb0000 - ffffffff97eb5000)
[STDERR  ] 2018-03-31T12:55:34.875812676Z: [    0.213974] ftrace: allocating 35489 entries in 139 pages
[STDERR  ] 2018-03-31T12:55:34.875820146Z: [    0.230129] smpboot: Max logical packages: 1
[STDERR  ] 2018-03-31T12:55:34.875827489Z: [    0.242221] x2apic enabled
[STDERR  ] 2018-03-31T12:55:34.875835832Z: [    0.246792] Switched APIC routing to physical x2apic.
[STDERR  ] 2018-03-31T12:55:34.875843627Z: [    0.262311] ..TIMER: vector=0x30 apic1=0 pin1=2 apic2=-1 pin2=-1
[STDERR  ] 2018-03-31T12:55:34.875851081Z: [    0.270000] smpboot: CPU0: Intel QEMU Virtual CPU version 2.5+ (family: 0x6, model: 0x6, stepping: 0x3)
[STDERR  ] 2018-03-31T12:55:34.875858752Z: [    0.270000] Performance Events: PMU not available due to virtualization, using software events only.
[STDERR  ] 2018-03-31T12:55:34.875866953Z: [    0.280595] x86: Booted up 1 node, 1 CPUs
[STDERR  ] 2018-03-31T12:55:34.875874351Z: [    0.284243] smpboot: Total of 1 processors activated (4599.87 BogoMIPS)
[STDERR  ] 2018-03-31T12:55:34.875882025Z: [    0.292218] devtmpfs: initialized
[STDERR  ] 2018-03-31T12:55:34.875891205Z: [    0.300088] x86/mm: Memory block size: 128MB
[STDERR  ] 2018-03-31T12:55:34.875898778Z: [    0.307116] clocksource: jiffies: mask: 0xffffffff max_cycles: 0xffffffff, max_idle_ns: 19112604462750000 ns
[STDERR  ] 2018-03-31T12:55:34.875906840Z: [    0.310015] futex hash table entries: 256 (order: 2, 16384 bytes)
[STDERR  ] 2018-03-31T12:55:34.875920206Z: [    0.320224] NET: Registered protocol family 16
[STDERR  ] 2018-03-31T12:55:34.875927761Z: [    0.324260] cpuidle: using governor ladder
[STDERR  ] 2018-03-31T12:55:34.875935074Z: [    0.330011] cpuidle: using governor menu
[STDERR  ] 2018-03-31T12:55:34.875942385Z: [    0.333670] ACPI: bus type PCI registered
[STDERR  ] 2018-03-31T12:55:34.875949657Z: [    0.337510] PCI: MMCONFIG for domain 0000 [bus 00-ff] at [mem 0xb0000000-0xbfffffff] (base 0xb0000000)
[STDERR  ] 2018-03-31T12:55:34.875957379Z: [    0.340012] PCI: MMCONFIG at [mem 0xb0000000-0xbfffffff] reserved in E820
[STDERR  ] 2018-03-31T12:55:34.875964743Z: [    0.350022] PCI: Using configuration type 1 for base access
[STDERR  ] 2018-03-31T12:55:34.875972087Z: [    0.357343] HugeTLB registered 2 MB page size, pre-allocated 0 pages
[STDERR  ] 2018-03-31T12:55:34.875979382Z: [    0.360257] ACPI: Added _OSI(Module Device)
[STDERR  ] 2018-03-31T12:55:34.875986973Z: [    0.363784] ACPI: Added _OSI(Processor Device)
[STDERR  ] 2018-03-31T12:55:34.875994256Z: [    0.370010] ACPI: Added _OSI(3.0 _SCP Extensions)
[STDERR  ] 2018-03-31T12:55:34.876003304Z: [    0.373964] ACPI: Added _OSI(Processor Aggregator Device)
[STDERR  ] 2018-03-31T12:55:34.876010669Z: [    0.385693] ACPI: Interpreter enabled
[STDERR  ] 2018-03-31T12:55:34.876017960Z: [    0.388887] ACPI: (supports S0 S5)
[STDERR  ] 2018-03-31T12:55:34.876025210Z: [    0.390009] ACPI: Using IOAPIC for interrupt routing
[STDERR  ] 2018-03-31T12:55:34.876032397Z: [    0.394723] PCI: Using host bridge windows from ACPI; if necessary, use "pci=nocrs" and report a bug
[STDERR  ] 2018-03-31T12:55:34.876042108Z: [    0.402913] ACPI: PCI Root Bridge [PCI0] (domain 0000 [bus 00-ff])
[STDERR  ] 2018-03-31T12:55:34.876049388Z: [    0.410018] acpi PNP0A08:00: _OSC: OS supports [ExtendedConfig ASPM ClockPM Segments MSI]
[STDERR  ] 2018-03-31T12:55:34.876056876Z: [    0.420181] acpi PNP0A08:00: _OSC: OS now controls [PCIeHotplug PME PCIeCapability]
[STDERR  ] 2018-03-31T12:55:34.876064255Z: [    0.426605] PCI host bridge to bus 0000:00
[STDERR  ] 2018-03-31T12:55:34.876071995Z: [    0.430012] pci_bus 0000:00: root bus resource [io  0x0000-0x0cf7 window]
[STDERR  ] 2018-03-31T12:55:34.876082503Z: [    0.435798] pci_bus 0000:00: root bus resource [io  0x0d00-0xffff window]
[STDERR  ] 2018-03-31T12:55:34.876089935Z: [    0.440012] pci_bus 0000:00: root bus resource [mem 0x000a0000-0x000bffff window]
[STDERR  ] 2018-03-31T12:55:34.876097171Z: [    0.446228] pci_bus 0000:00: root bus resource [mem 0xc0000000-0xfebfffff window]
[STDERR  ] 2018-03-31T12:55:34.876104420Z: [    0.450011] pci_bus 0000:00: root bus resource [bus 00-ff]
[STDERR  ] 2018-03-31T12:55:34.876113882Z: [    0.613367] pci 0000:00:1f.0: quirk: [io  0x0600-0x067f] claimed by ICH6 ACPI/GPIO/TCO
[STDERR  ] 2018-03-31T12:55:34.876126185Z: [    0.691300] ACPI: PCI Interrupt Link [LNKA] (IRQs 5 *10 11)
[STDERR  ] 2018-03-31T12:55:34.876133499Z: [    0.697945] ACPI: PCI Interrupt Link [LNKB] (IRQs 5 *10 11)
[STDERR  ] 2018-03-31T12:55:34.876140794Z: [    0.701912] ACPI: PCI Interrupt Link [LNKC] (IRQs 5 10 *11)
[STDERR  ] 2018-03-31T12:55:34.876148059Z: [    0.710837] ACPI: PCI Interrupt Link [LNKD] (IRQs 5 10 *11)
[STDERR  ] 2018-03-31T12:55:34.876158394Z: [    0.716667] ACPI: PCI Interrupt Link [LNKE] (IRQs 5 *10 11)
[STDERR  ] 2018-03-31T12:55:34.876165581Z: [    0.721878] ACPI: PCI Interrupt Link [LNKF] (IRQs 5 *10 11)
[STDERR  ] 2018-03-31T12:55:34.876172952Z: [    0.727754] ACPI: PCI Interrupt Link [LNKG] (IRQs 5 10 *11)
[STDERR  ] 2018-03-31T12:55:34.876180259Z: [    0.731846] ACPI: PCI Interrupt Link [LNKH] (IRQs 5 10 *11)
[STDERR  ] 2018-03-31T12:55:34.876187634Z: [    0.740186] ACPI: PCI Interrupt Link [GSIA] (IRQs *16)
[STDERR  ] 2018-03-31T12:55:34.876195020Z: [    0.744930] ACPI: PCI Interrupt Link [GSIB] (IRQs *17)
[STDERR  ] 2018-03-31T12:55:34.876202414Z: [    0.750034] ACPI: PCI Interrupt Link [GSIC] (IRQs *18)
[STDERR  ] 2018-03-31T12:55:34.876209796Z: [    0.755988] ACPI: PCI Interrupt Link [GSID] (IRQs *19)
[STDERR  ] 2018-03-31T12:55:34.876222412Z: [    0.760922] ACPI: PCI Interrupt Link [GSIE] (IRQs *20)
[STDERR  ] 2018-03-31T12:55:34.876230153Z: [    0.765843] ACPI: PCI Interrupt Link [GSIF] (IRQs *21)
[STDERR  ] 2018-03-31T12:55:34.876237370Z: [    0.770922] ACPI: PCI Interrupt Link [GSIG] (IRQs *22)
[STDERR  ] 2018-03-31T12:55:34.876244728Z: [    0.775722] ACPI: PCI Interrupt Link [GSIH] (IRQs *23)
[STDERR  ] 2018-03-31T12:55:34.876252151Z: [    0.781205] ACPI: Enabled 1 GPEs in block 00 to 3F
[STDERR  ] 2018-03-31T12:55:34.876259467Z: [    0.786095] SCSI subsystem initialized
[STDERR  ] 2018-03-31T12:55:34.876266635Z: [    0.789523] ACPI: bus type USB registered
[STDERR  ] 2018-03-31T12:55:34.876274435Z: [    0.790049] usbcore: registered new interface driver usbfs
[STDERR  ] 2018-03-31T12:55:34.876284309Z: [    0.794770] usbcore: registered new interface driver hub
[STDERR  ] 2018-03-31T12:55:34.876292159Z: [    0.800046] usbcore: registered new device driver usb
[STDERR  ] 2018-03-31T12:55:34.876299472Z: [    0.804407] pps_core: LinuxPPS API ver. 1 registered
[STDERR  ] 2018-03-31T12:55:34.876306616Z: [    0.810008] pps_core: Software ver. 5.3.6 - Copyright 2005-2007 Rodolfo Giometti <giometti@linux.it>
[STDERR  ] 2018-03-31T12:55:34.876314369Z: [    0.817921] PTP clock support registered
[STDERR  ] 2018-03-31T12:55:34.876322131Z: [    0.820093] wmi: Mapper loaded
[STDERR  ] 2018-03-31T12:55:34.876332486Z: [    0.822871] PCI: Using ACPI for IRQ routing
[STDERR  ] 2018-03-31T12:55:34.876339770Z: [    1.225158] NetLabel: Initializing
[STDERR  ] 2018-03-31T12:55:34.876346994Z: [    1.228274] NetLabel:  domain hash size = 128
[STDERR  ] 2018-03-31T12:55:34.876354089Z: [    1.230008] NetLabel:  protocols = UNLABELED CIPSOv4
[STDERR  ] 2018-03-31T12:55:34.876361285Z: [    1.234412] NetLabel:  unlabeled traffic allowed by default
[STDERR  ] 2018-03-31T12:55:34.876368600Z: [    1.240165] HPET: 3 timers in total, 0 timers will be used for per-cpu timer
[STDERR  ] 2018-03-31T12:55:34.876375740Z: [    1.246193] hpet0: at MMIO 0xfed00000, IRQs 2, 8, 0
[STDERR  ] 2018-03-31T12:55:34.876384673Z: [    1.251707] hpet0: 3 comparators, 64-bit 100.000000 MHz counter
[STDERR  ] 2018-03-31T12:55:34.876394813Z: [    1.262366] clocksource: Switched to clocksource kvm-clock
[STDERR  ] 2018-03-31T12:55:34.876404789Z: [    1.279313] VFS: Disk quotas dquot_6.6.0
[STDERR  ] 2018-03-31T12:55:34.876412272Z: [    1.283189] VFS: Dquot-cache hash table entries: 512 (order 0, 4096 bytes)
[STDERR  ] 2018-03-31T12:55:34.876421467Z: [    1.289309] FS-Cache: Loaded
[STDERR  ] 2018-03-31T12:55:34.876429681Z: [    1.292046] CacheFiles: Loaded
[STDERR  ] 2018-03-31T12:55:34.876439415Z: [    1.294761] pnp: PnP ACPI init
[STDERR  ] 2018-03-31T12:55:34.876446852Z: [    1.298467] pnp: PnP ACPI: found 5 devices
[STDERR  ] 2018-03-31T12:55:34.876454167Z: [    1.308187] clocksource: acpi_pm: mask: 0xffffff max_cycles: 0xffffff, max_idle_ns: 2085701024 ns
[STDERR  ] 2018-03-31T12:55:34.876463651Z: [    1.315775] NET: Registered protocol family 2
[STDERR  ] 2018-03-31T12:55:34.876470925Z: [    1.319789] TCP established hash table entries: 8192 (order: 4, 65536 bytes)
[STDERR  ] 2018-03-31T12:55:34.876478322Z: [    1.325862] TCP bind hash table entries: 8192 (order: 5, 131072 bytes)
[STDERR  ] 2018-03-31T12:55:34.876485747Z: [    1.331479] TCP: Hash tables configured (established 8192 bind 8192)
[STDERR  ] 2018-03-31T12:55:34.876493068Z: [    1.337547] UDP hash table entries: 512 (order: 2, 16384 bytes)
[STDERR  ] 2018-03-31T12:55:34.876500329Z: [    1.342730] UDP-Lite hash table entries: 512 (order: 2, 16384 bytes)
[STDERR  ] 2018-03-31T12:55:34.876507624Z: [    1.348152] NET: Registered protocol family 1
[STDERR  ] 2018-03-31T12:55:34.876517627Z: [    1.352238] pci 0000:00:01.0: Video device with shadowed ROM at [mem 0x000c0000-0x000dffff]
[STDERR  ] 2018-03-31T12:55:34.876524999Z: [    1.359614] Unpacking initramfs...
[STDERR  ] 2018-03-31T12:55:34.876532377Z: [    1.938303] Freeing initrd memory: 31328K (ffff9c30fe138000 - ffff9c30fffd0000)
[STDERR  ] 2018-03-31T12:55:34.876543654Z: [    1.945602] PCLMULQDQ-NI instructions are not detected.
[STDERR  ] 2018-03-31T12:55:34.876551113Z: [    1.950271] AVX or AES-NI instructions are not detected.
[STDERR  ] 2018-03-31T12:55:34.876575186Z: [    1.954736] CPU feature 'AVX registers' is not supported.
[STDERR  ] 2018-03-31T12:55:34.876584421Z: [    1.959244] CPU feature 'AVX registers' is not supported.
[STDERR  ] 2018-03-31T12:55:34.876591718Z: [    1.964251] CPU feature 'AVX registers' is not supported.
[STDERR  ] 2018-03-31T12:55:34.876598939Z: [    1.969019] CPU feature 'AVX registers' is not supported.
[STDERR  ] 2018-03-31T12:55:34.876606299Z: [    1.973588] AVX2 or AES-NI instructions are not detected.
[STDERR  ] 2018-03-31T12:55:34.876613577Z: [    1.978086] AVX2 instructions are not detected.
[STDERR  ] 2018-03-31T12:55:34.876623306Z: [    1.982164] audit: initializing netlink subsys (disabled)
[STDERR  ] 2018-03-31T12:55:34.876630568Z: [    1.986730] audit: type=2000 audit(1522500920.189:1): initialized
[STDERR  ] 2018-03-31T12:55:34.876640338Z: [    1.992302] workingset: timestamp_bits=46 max_order=18 bucket_order=0
[STDERR  ] 2018-03-31T12:55:34.876650224Z: [    1.998833] FS-Cache: Netfs 'cifs' registered for caching
[STDERR  ] 2018-03-31T12:55:34.876657613Z: [    2.003600] fuse init (API version 7.26)
[STDERR  ] 2018-03-31T12:55:34.876664943Z: [    2.007046] SGI XFS with ACLs, security attributes, no debug enabled
[STDERR  ] 2018-03-31T12:55:34.876672190Z: [    2.012671] 9p: Installing v9fs 9p2000 file system support
[STDERR  ] 2018-03-31T12:55:34.876679561Z: [    2.017325] FS-Cache: Netfs '9p' registered for caching
[STDERR  ] 2018-03-31T12:55:34.876686713Z: [    2.022680] NET: Registered protocol family 38
[STDERR  ] 2018-03-31T12:55:34.876693929Z: [    2.026675] Key type asymmetric registered
[STDERR  ] 2018-03-31T12:55:34.876701255Z: [    2.030335] Asymmetric key parser 'x509' registered
[STDERR  ] 2018-03-31T12:55:34.876708439Z: [    2.034455] Block layer SCSI generic (bsg) driver version 0.4 loaded (major 251)
[STDERR  ] 2018-03-31T12:55:34.876715772Z: [    2.040769] io scheduler noop registered
[STDERR  ] 2018-03-31T12:55:34.876731413Z: [    2.044132] io scheduler deadline registered (default)
[STDERR  ] 2018-03-31T12:55:34.876738864Z: [    2.048416] io scheduler cfq registered
[STDERR  ] 2018-03-31T12:55:34.876746145Z: [    2.051934] pci_hotplug: PCI Hot Plug PCI Core version: 0.5
[STDERR  ] 2018-03-31T12:55:34.876753479Z: [    2.056595] pciehp: PCI Express Hot Plug Controller Driver version: 0.4
[STDERR  ] 2018-03-31T12:55:34.876760803Z: [    2.062218] shpchp: Standard Hot Plug PCI Controller Driver version: 0.4
[STDERR  ] 2018-03-31T12:55:34.876768096Z: [    2.067844] hv_vmbus: registering driver hyperv_fb
[STDERR  ] 2018-03-31T12:55:34.876775286Z: [    2.072124] input: Power Button as /devices/LNXSYSTM:00/LNXPWRBN:00/input/input0
[STDERR  ] 2018-03-31T12:55:34.876784552Z: [    2.077506] ACPI: Power Button [PWRF]
[STDERR  ] 2018-03-31T12:55:34.876791840Z: [    2.080001] GHES: HEST is not enabled!
[STDERR  ] 2018-03-31T12:55:34.876799126Z: [    2.083806] ACPI: PCI Interrupt Link [GSIG] enabled at IRQ 22
[STDERR  ] 2018-03-31T12:55:34.876806535Z: [    2.095131] ACPI: PCI Interrupt Link [GSIH] enabled at IRQ 23
[STDERR  ] 2018-03-31T12:55:34.876813801Z: [    2.106553] xenfs: not registering filesystem on non-xen platform
[STDERR  ] 2018-03-31T12:55:34.876821219Z: [    2.111907] Serial: 8250/16550 driver, 4 ports, IRQ sharing disabled
[STDERR  ] 2018-03-31T12:55:34.876828587Z: [    2.150075] 00:04: ttyS0 at I/O 0x3f8 (irq = 4, base_baud = 115200) is a 16550A
[STDERR  ] 2018-03-31T12:55:34.876835907Z: [    2.157569] Non-volatile memory driver v1.3
[STDERR  ] 2018-03-31T12:55:34.876843367Z: [    2.162755] Hangcheck: starting hangcheck timer 0.9.1 (tick is 180 seconds, margin is 60 seconds).
[STDERR  ] 2018-03-31T12:55:34.876901791Z: [    2.170692] random: fast init done
[STDERR  ] 2018-03-31T12:55:34.876909314Z: [    2.173965] random: crng init done
[STDERR  ] 2018-03-31T12:55:34.876922663Z: [    2.178713] loop: module loaded
[STDERR  ] 2018-03-31T12:55:34.876930193Z: [    2.182298] nbd: registered device at major 43
[STDERR  ] 2018-03-31T12:55:34.876937469Z: [    2.187768] lpc_ich 0000:00:1f.0: I/O space for GPIO uninitialized
[STDERR  ] 2018-03-31T12:55:34.876944672Z: [    2.193166] VMware PVSCSI driver - version 1.0.7.0-k
[STDERR  ] 2018-03-31T12:55:34.876951959Z: [    2.197405] hv_vmbus: registering driver hv_storvsc
[STDERR  ] 2018-03-31T12:55:34.876961172Z: [    2.202189] ACPI: PCI Interrupt Link [GSIA] enabled at IRQ 16
[STDERR  ] 2018-03-31T12:55:34.876968464Z: [    2.210137] ahci 0000:00:1f.2: AHCI 0001.0000 32 slots 6 ports 1.5 Gbps 0x3f impl SATA mode
[STDERR  ] 2018-03-31T12:55:34.876976147Z: [    2.217465] ahci 0000:00:1f.2: flags: 64bit ncq only 
[STDERR  ] 2018-03-31T12:55:34.876983900Z: [    2.225431] scsi host0: ahci
[STDERR  ] 2018-03-31T12:55:34.876994126Z: [    2.228212] scsi host1: ahci
[STDERR  ] 2018-03-31T12:55:34.877001380Z: [    2.230983] scsi host2: ahci
[STDERR  ] 2018-03-31T12:55:34.877013186Z: [    2.233692] scsi host3: ahci
[STDERR  ] 2018-03-31T12:55:34.877020539Z: [    2.236337] scsi host4: ahci
[STDERR  ] 2018-03-31T12:55:34.877027760Z: [    2.238967] scsi host5: ahci
[STDERR  ] 2018-03-31T12:55:34.877036843Z: [    2.241677] ata1: SATA max UDMA/133 abar m4096@0xfebd2000 port 0xfebd2100 irq 24
[STDERR  ] 2018-03-31T12:55:34.877044466Z: [    2.247843] ata2: SATA max UDMA/133 abar m4096@0xfebd2000 port 0xfebd2180 irq 24
[STDERR  ] 2018-03-31T12:55:34.877051638Z: [    2.254484] ata3: SATA max UDMA/133 abar m4096@0xfebd2000 port 0xfebd2200 irq 24
[STDERR  ] 2018-03-31T12:55:34.877058984Z: [    2.260792] ata4: SATA max UDMA/133 abar m4096@0xfebd2000 port 0xfebd2280 irq 24
[STDERR  ] 2018-03-31T12:55:34.877066225Z: [    2.267132] ata5: SATA max UDMA/133 abar m4096@0xfebd2000 port 0xfebd2300 irq 24
[STDERR  ] 2018-03-31T12:55:34.877073317Z: [    2.273453] ata6: SATA max UDMA/133 abar m4096@0xfebd2000 port 0xfebd2380 irq 24
[STDERR  ] 2018-03-31T12:55:34.877080487Z: [    2.281844] tun: Universal TUN/TAP device driver, 1.6
[STDERR  ] 2018-03-31T12:55:34.877087781Z: [    2.286422] tun: (C) 1999-2004 Max Krasnyansky <maxk@qualcomm.com>
[STDERR  ] 2018-03-31T12:55:34.877099723Z: [    2.295712] VMware vmxnet3 virtual NIC driver - version 1.4.a.0-k-NAPI
[STDERR  ] 2018-03-31T12:55:34.877107334Z: [    2.301479] hv_vmbus: registering driver hv_netvsc
[STDERR  ] 2018-03-31T12:55:34.877119835Z: [    2.305558] Fusion MPT base driver 3.04.20
[STDERR  ] 2018-03-31T12:55:34.877127422Z: [    2.308992] Copyright (c) 1999-2008 LSI Corporation
[STDERR  ] 2018-03-31T12:55:34.877134602Z: [    2.313265] Fusion MPT SPI Host driver 3.04.20
[STDERR  ] 2018-03-31T12:55:34.877141939Z: [    2.317093] i8042: PNP: PS/2 Controller [PNP0303:KBD,PNP0f13:MOU] at 0x60,0x64 irq 1,12
[STDERR  ] 2018-03-31T12:55:34.877149226Z: [    2.327254] serio: i8042 KBD port at 0x60,0x64 irq 1
[STDERR  ] 2018-03-31T12:55:34.877156364Z: [    2.331529] serio: i8042 AUX port at 0x60,0x64 irq 12
[STDERR  ] 2018-03-31T12:55:34.877163550Z: [    2.335892] hv_vmbus: registering driver hyperv_keyboard
[STDERR  ] 2018-03-31T12:55:34.877171239Z: [    2.340585] mousedev: PS/2 mouse device common for all mice
[STDERR  ] 2018-03-31T12:55:34.877178410Z: [    2.346623] input: AT Translated Set 2 keyboard as /devices/platform/i8042/serio0/input/input1
[STDERR  ] 2018-03-31T12:55:34.877185816Z: [    2.354681] input: PC Speaker as /devices/platform/pcspkr/input/input2
[STDERR  ] 2018-03-31T12:55:34.877193016Z: [    2.360566] rtc_cmos 00:00: RTC can wake from S4
[STDERR  ] 2018-03-31T12:55:34.877200265Z: [    2.366701] rtc_cmos 00:00: rtc core: registered rtc_cmos as rtc0
[STDERR  ] 2018-03-31T12:55:34.877225061Z: [    2.373296] rtc_cmos 00:00: alarms up to one day, y3k, 114 bytes nvram, hpet irqs
[STDERR  ] 2018-03-31T12:55:34.877237826Z: [    2.380930] i2c /dev entries driver
[STDERR  ] 2018-03-31T12:55:34.877245372Z: [    2.384030] device-mapper: ioctl: 4.35.0-ioctl (2016-06-23) initialised: dm-devel@redhat.com
[STDERR  ] 2018-03-31T12:55:34.877258427Z: [    2.391888] usbcore: registered new interface driver usbhid
[STDERR  ] 2018-03-31T12:55:34.877266006Z: [    2.396596] usbhid: USB HID core driver
[STDERR  ] 2018-03-31T12:55:34.877273332Z: [    2.399969] hv_utils: Registering HyperV Utility Driver
[STDERR  ] 2018-03-31T12:55:34.877283139Z: [    2.404488] hv_vmbus: registering driver hv_util
[STDERR  ] 2018-03-31T12:55:34.877290548Z: [    2.408469] hv_vmbus: registering driver hv_balloon
[STDERR  ] 2018-03-31T12:55:34.877297809Z: [    2.412711] oprofile: using NMI interrupt.
[STDERR  ] 2018-03-31T12:55:34.877307210Z: [    2.416413] GACT probability on
[STDERR  ] 2018-03-31T12:55:34.877315095Z: [    2.419092] Mirror/redirect action on
[STDERR  ] 2018-03-31T12:55:34.877322848Z: [    2.422394] Simple TC action Loaded
[STDERR  ] 2018-03-31T12:55:34.877330139Z: [    2.425369] u32 classifier
[STDERR  ] 2018-03-31T12:55:34.877337490Z: [    2.427700]     Performance counters on
[STDERR  ] 2018-03-31T12:55:34.877345465Z: [    2.431031]     input device check on
[STDERR  ] 2018-03-31T12:55:34.877352717Z: [    2.434109]     Actions configured
[STDERR  ] 2018-03-31T12:55:34.877359965Z: [    2.437001] Netfilter messages via NETLINK v0.30.
[STDERR  ] 2018-03-31T12:55:34.877368985Z: [    2.441011] nfnl_acct: registering with nfnetlink.
[STDERR  ] 2018-03-31T12:55:34.877376272Z: [    2.445094] nf_conntrack version 0.5.0 (8192 buckets, 32768 max)
[STDERR  ] 2018-03-31T12:55:34.877383680Z: [    2.450264] ctnetlink v0.93: registering with nfnetlink.
[STDERR  ] 2018-03-31T12:55:34.877390962Z: [    2.454749] nf_tables: (c) 2007-2009 Patrick McHardy <kaber@trash.net>
[STDERR  ] 2018-03-31T12:55:34.877398242Z: [    2.460317] nf_tables_compat: (c) 2012 Pablo Neira Ayuso <pablo@netfilter.org>
[STDERR  ] 2018-03-31T12:55:34.877409941Z: [    2.466401] xt_time: kernel timezone is -0000
[STDERR  ] 2018-03-31T12:55:34.877417469Z: [    2.470174] ip_set: protocol 6
[STDERR  ] 2018-03-31T12:55:34.877424788Z: [    2.472785] IPVS: Registered protocols (TCP, UDP, SCTP, AH, ESP)
[STDERR  ] 2018-03-31T12:55:34.877432142Z: [    2.477970] IPVS: Connection hash table configured (size=4096, memory=64Kbytes)
[STDERR  ] 2018-03-31T12:55:34.877442611Z: [    2.484235] IPVS: Creating netns size=2104 id=0
[STDERR  ] 2018-03-31T12:55:34.877449990Z: [    2.488946] IPVS: ipvs loaded.
[STDERR  ] 2018-03-31T12:55:34.877457459Z: [    2.491604] IPVS: [rr] scheduler registered.
[STDERR  ] 2018-03-31T12:55:34.877464757Z: [    2.495165] IPVS: [wrr] scheduler registered.
[STDERR  ] 2018-03-31T12:55:34.877472876Z: [    2.498815] IPVS: [lc] scheduler registered.
[STDERR  ] 2018-03-31T12:55:34.877480160Z: [    2.502744] IPVS: [wlc] scheduler registered.
[STDERR  ] 2018-03-31T12:55:34.877487371Z: [    2.506370] IPVS: [fo] scheduler registered.
[STDERR  ] 2018-03-31T12:55:34.877494670Z: [    2.510431] IPVS: [ovf] scheduler registered.
[STDERR  ] 2018-03-31T12:55:34.877501931Z: [    2.514111] IPVS: [lblc] scheduler registered.
[STDERR  ] 2018-03-31T12:55:34.877509131Z: [    2.518132] IPVS: [lblcr] scheduler registered.
[STDERR  ] 2018-03-31T12:55:34.877516577Z: [    2.522011] IPVS: [dh] scheduler registered.
[STDERR  ] 2018-03-31T12:55:34.877523743Z: [    2.525918] IPVS: [sh] scheduler registered.
[STDERR  ] 2018-03-31T12:55:34.877530996Z: [    2.529494] IPVS: [sed] scheduler registered.
[STDERR  ] 2018-03-31T12:55:34.877538356Z: [    2.533449] IPVS: [nq] scheduler registered.
[STDERR  ] 2018-03-31T12:55:34.877547358Z: [    2.537034] IPVS: ftp: loaded support on port[0] = 21
[STDERR  ] 2018-03-31T12:55:34.877554688Z: [    2.541674] ipip: IPv4 and MPLS over IPv4 tunneling driver
[STDERR  ] 2018-03-31T12:55:34.877566485Z: [    2.546900] gre: GRE over IPv4 demultiplexor driver
[STDERR  ] 2018-03-31T12:55:34.877573833Z: [    2.551434] ip_tables: (C) 2000-2006 Netfilter Core Team
[STDERR  ] 2018-03-31T12:55:34.877583820Z: [    2.556312] ipt_CLUSTERIP: ClusterIP Version 0.8 loaded successfully
[STDERR  ] 2018-03-31T12:55:34.877594206Z: [    2.561874] arp_tables: arp_tables: (C) 2002 David S. Miller
[STDERR  ] 2018-03-31T12:55:34.877607023Z: [    2.567010] NET: Registered protocol family 10
[STDERR  ] 2018-03-31T12:55:34.877614630Z: [    2.571210] ip6_tables: (C) 2000-2006 Netfilter Core Team
[STDERR  ] 2018-03-31T12:55:34.877626882Z: [    2.576748] NET: Registered protocol family 17
[STDERR  ] 2018-03-31T12:55:34.877637741Z: [    2.580687] Bridge firewalling registered
[STDERR  ] 2018-03-31T12:55:34.877648835Z: [    2.584429] Ebtables v2.0 registered
[STDERR  ] 2018-03-31T12:55:34.877659376Z: [    2.587830] 8021q: 802.1Q VLAN Support v1.8
[STDERR  ] 2018-03-31T12:55:34.877668128Z: [    2.592308] 9pnet: Installing 9P2000 support
[STDERR  ] 2018-03-31T12:55:34.877675359Z: [    2.596108] Key type dns_resolver registered
[STDERR  ] 2018-03-31T12:55:34.877682849Z: [    2.600219] microcode: sig=0x663, pf=0x1, revision=0x1
[STDERR  ] 2018-03-31T12:55:34.877692452Z: [    2.604593] microcode: Microcode Update Driver: v2.01 <tigran@aivazian.fsnet.co.uk>, Peter Oruba
[STDERR  ] 2018-03-31T12:55:34.877700315Z: [    2.612654] ata3: SATA link up 1.5 Gbps (SStatus 113 SControl 300)
[STDERR  ] 2018-03-31T12:55:34.877707675Z: [    2.618206] ata3.00: ATAPI: QEMU DVD-ROM, 2.5+, max UDMA/100
[STDERR  ] 2018-03-31T12:55:34.877714883Z: [    2.623027] ata3.00: applying bridge limits
[STDERR  ] 2018-03-31T12:55:34.877722145Z: [    2.627776] ata2: SATA link down (SStatus 0 SControl 300)
[STDERR  ] 2018-03-31T12:55:34.877729558Z: [    2.633887] ata1: SATA link up 1.5 Gbps (SStatus 113 SControl 300)
[STDERR  ] 2018-03-31T12:55:34.877736838Z: [    2.639327] ata1.00: ATA-7: QEMU HARDDISK, 2.5+, max UDMA/100
[STDERR  ] 2018-03-31T12:55:34.877744063Z: [    2.642961] ata1.00: 1048576 sectors, multi 16: LBA48 NCQ (depth 31/32)
[STDERR  ] 2018-03-31T12:55:34.877751716Z: [    2.648603] ata1.00: applying bridge limits
[STDERR  ] 2018-03-31T12:55:34.877758868Z: [    2.652994] ata6: SATA link down (SStatus 0 SControl 300)
[STDERR  ] 2018-03-31T12:55:34.877766018Z: [    2.658199] ata5: SATA link down (SStatus 0 SControl 300)
[STDERR  ] 2018-03-31T12:55:34.877773253Z: [    2.665665] ata4: SATA link down (SStatus 0 SControl 300)
[STDERR  ] 2018-03-31T12:55:34.877780379Z: [    2.670781] registered taskstats version 1
[STDERR  ] 2018-03-31T12:55:34.877790749Z: [    2.677453] ata3.00: configured for UDMA/100
[STDERR  ] 2018-03-31T12:55:34.877798271Z: [    2.685777] ata1.00: configured for UDMA/100
[STDERR  ] 2018-03-31T12:55:34.877805468Z: [    2.692244] scsi 0:0:0:0: Direct-Access     ATA      QEMU HARDDISK    2.5+ PQ: 0 ANSI: 5
[STDERR  ] 2018-03-31T12:55:34.877812944Z: [    2.699183] Key type big_key registered
[STDERR  ] 2018-03-31T12:55:34.877820101Z: [    2.704326] sd 0:0:0:0: Attached scsi generic sg0 type 0
[STDERR  ] 2018-03-31T12:55:34.877827312Z: [    2.710154] sd 0:0:0:0: [sda] 1048576 512-byte logical blocks: (537 MB/512 MiB)
[STDERR  ] 2018-03-31T12:55:34.877836619Z: [    2.716585] sd 0:0:0:0: [sda] Write Protect is off
[STDERR  ] 2018-03-31T12:55:34.877843801Z: [    2.721453] Key type encrypted registered
[STDERR  ] 2018-03-31T12:55:34.877853545Z: [    2.726483] scsi 2:0:0:0: CD-ROM            QEMU     QEMU DVD-ROM     2.5+ PQ: 0 ANSI: 5
[STDERR  ] 2018-03-31T12:55:34.877860971Z: [    2.733917] rtc_cmos 00:00: setting system clock to 2018-03-31 12:55:21 UTC (1522500921)
[STDERR  ] 2018-03-31T12:55:34.877870289Z: [    2.741577] sd 0:0:0:0: [sda] Write cache: enabled, read cache: enabled, doesn't support DPO or FUA
[STDERR  ] 2018-03-31T12:55:34.877877893Z: [    2.752724] sd 0:0:0:0: [sda] Attached SCSI disk
[STDERR  ] 2018-03-31T12:55:34.877885352Z: [    2.770906] sr 2:0:0:0: [sr0] scsi3-mmc drive: 4x/4x cd/rw xa/form2 tray
[STDERR  ] 2018-03-31T12:55:34.877892648Z: [    2.776854] cdrom: Uniform CD-ROM driver Revision: 3.20
[STDERR  ] 2018-03-31T12:55:34.877902035Z: [    2.781901] sr 2:0:0:0: Attached scsi generic sg1 type 5
[STDERR  ] 2018-03-31T12:55:34.877909404Z: [    2.788315] Freeing unused kernel memory: 1380K (ffffffff97d57000 - ffffffff97eb0000)
[STDERR  ] 2018-03-31T12:55:34.877916860Z: [    2.795889] Write protecting the kernel read-only data: 12288k
[STDERR  ] 2018-03-31T12:55:34.877927946Z: [    2.801141] Freeing unused kernel memory: 152K (ffff9c30ed7da000 - ffff9c30ed800000)
[STDERR  ] 2018-03-31T12:55:34.877935358Z: [    2.811422] Freeing unused kernel memory: 1400K (ffff9c30edaa2000 - ffff9c30edc00000)
[STDERR  ] 2018-03-31T12:55:34.877942754Z: 
[STDERR  ] 2018-03-31T12:55:34.877950194Z: Welcome to LinuxKit
[STDERR  ] 2018-03-31T12:55:34.877957637Z: 
[STDERR  ] 2018-03-31T12:55:34.877965187Z:                         ##         .
[STDERR  ] 2018-03-31T12:55:34.877974668Z:                   ## ## ##        ==
[STDERR  ] 2018-03-31T12:55:34.877982126Z:                ## ## ## ## ##    ===
[STDERR  ] 2018-03-31T12:55:34.877989599Z:            /"""""""""""""""""\___/ ===
[STDERR  ] 2018-03-31T12:55:34.877996833Z:           {                       /  ===-
[STDERR  ] 2018-03-31T12:55:34.878004190Z:            \______ O           __/
[STDERR  ] 2018-03-31T12:55:34.878011503Z:              \    \         __/
[STDERR  ] 2018-03-31T12:55:34.878019134Z:               \____\_______/
[STDERR  ] 2018-03-31T12:55:34.878026312Z: 
[STDERR  ] 2018-03-31T12:55:34.878033569Z: [    3.210376] IPVS: Creating netns size=2104 id=1
[STDERR  ] 2018-03-31T12:55:34.878040850Z: [    3.214479] IPVS: ftp: loaded support on port[0] = 21
[STDERR  ] 2018-03-31T12:55:34.878050113Z: [    3.303387]  sda:
[STDERR  ] 2018-03-31T12:55:34.878057485Z: [    3.316805]  sda:
[STDERR  ] 2018-03-31T12:55:34.878066723Z: [    3.334419]  sda: sda1
[STDERR  ] 2018-03-31T12:55:34.878074050Z: [    3.341426]  sda: sda1
[STDERR  ] 2018-03-31T12:55:34.878081278Z: 2018/03/31 12:55:22 Creating partition on /dev/sda
[STDERR  ] 2018-03-31T12:55:34.878088671Z: 2018/03/31 12:55:23 Partition /dev/sda1 successfully created!
[STDERR  ] 2018-03-31T12:55:34.878095990Z: [    4.581087] IPVS: Creating netns size=2104 id=2
[STDERR  ] 2018-03-31T12:55:34.878103297Z: [    4.585147] IPVS: ftp: loaded support on port[0] = 21
[STDERR  ] 2018-03-31T12:55:34.878110556Z: [    4.611978] EXT4-fs (sda1): couldn't mount as ext3 due to feature incompatibilities
[STDERR  ] 2018-03-31T12:55:34.878122620Z: [    4.619645] EXT4-fs (sda1): couldn't mount as ext2 due to feature incompatibilities
[STDERR  ] 2018-03-31T12:55:34.878132913Z: [    4.632796] EXT4-fs (sda1): mounted filesystem with ordered data mode. Opts: (null)
[STDERR  ] 2018-03-31T12:55:34.878140343Z: format_mount test suite PASSED
[STDERR  ] 2018-03-31T12:55:34.878147683Z: [   15.110689] sd 0:0:0:0: [sda] Synchronizing SCSI cache
[STDERR  ] 2018-03-31T12:55:34.878154918Z: [   15.117942] sd 0:0:0:0: [sda] Stopping disk
[STDERR  ] 2018-03-31T12:55:34.878162565Z: [   15.123473] ACPI: Preparing to enter system sleep state S5
[STDERR  ] 2018-03-31T12:55:34.878169722Z: [   15.127859] reboot: Power down
[STDERR  ] 2018-03-31T12:55:34.878178366Z: + echo [    0.000000] Linux version 4.9.38-linuxkit (root@e1ede117fb1e) (gcc version 6.3.0 (Alpine 6.3.0) ) #1 SMP Thu Jul 20 16:07:02 UTC 2017
[STDERR  ] 2018-03-31T12:55:34.878186752Z: [    0.000000] Command line: console=ttyS0 console=ttyAMA0
[STDERR  ] 2018-03-31T12:55:34.878196612Z: [    0.000000] x86/fpu: Legacy x87 FPU detected.
[STDERR  ] 2018-03-31T12:55:34.878203961Z: [    0.000000] x86/fpu: Using 'eager' FPU context switches.
[STDERR  ] 2018-03-31T12:55:34.878211343Z: [    0.000000] e820: BIOS-provided physical RAM map:
[STDERR  ] 2018-03-31T12:55:34.878218627Z: [    0.000000] BIOS-e820: [mem 0x0000000000000000-0x000000000009fbff] usable
[STDERR  ] 2018-03-31T12:55:34.878225908Z: [    0.000000] BIOS-e820: [mem 0x000000000009fc00-0x000000000009ffff] reserved
[STDERR  ] 2018-03-31T12:55:34.878233330Z: [    0.000000] BIOS-e820: [mem 0x00000000000f0000-0x00000000000fffff] reserved
[STDERR  ] 2018-03-31T12:55:34.878240577Z: [    0.000000] BIOS-e820: [mem 0x0000000000100000-0x000000003ffdefff] usable
[STDERR  ] 2018-03-31T12:55:34.878248024Z: [    0.000000] BIOS-e820: [mem 0x000000003ffdf000-0x000000003fffffff] reserved
[STDERR  ] 2018-03-31T12:55:34.878257269Z: [    0.000000] BIOS-e820: [mem 0x00000000b0000000-0x00000000bfffffff] reserved
[STDERR  ] 2018-03-31T12:55:34.878267678Z: [    0.000000] BIOS-e820: [mem 0x00000000fed1c000-0x00000000fed1ffff] reserved
[STDERR  ] 2018-03-31T12:55:34.878275073Z: [    0.000000] BIOS-e820: [mem 0x00000000feffc000-0x00000000feffffff] reserved
[STDERR  ] 2018-03-31T12:55:34.878282270Z: [    0.000000] BIOS-e820: [mem 0x00000000fffc0000-0x00000000ffffffff] reserved
[STDERR  ] 2018-03-31T12:55:34.878289555Z: [    0.000000] NX (Execute Disable) protection: active
[STDERR  ] 2018-03-31T12:55:34.878296846Z: [    0.000000] SMBIOS 2.8 present.
[STDERR  ] 2018-03-31T12:55:34.878304203Z: [    0.000000] Hypervisor detected: KVM
[STDERR  ] 2018-03-31T12:55:34.878313624Z: [    0.000000] e820: last_pfn = 0x3ffdf max_arch_pfn = 0x400000000
[STDERR  ] 2018-03-31T12:55:34.878323917Z: [    0.000000] x86/PAT: PAT not supported by CPU.
[STDERR  ] 2018-03-31T12:55:34.878334107Z: [    0.000000] x86/PAT: Configuration [0-7]: WB  WT  UC- UC  WB  WT  UC- UC  
[STDERR  ] 2018-03-31T12:55:34.878343164Z: [    0.000000] found SMP MP-table at [mem 0x000f6aa0-0x000f6aaf] mapped at [ffff9c30c00f6aa0]
[STDERR  ] 2018-03-31T12:55:34.878350558Z: [    0.000000] RAMDISK: [mem 0x3e138000-0x3ffcffff]
[STDERR  ] 2018-03-31T12:55:34.878357871Z: [    0.000000] ACPI: Early table checksum verification disabled
[STDERR  ] 2018-03-31T12:55:34.878365019Z: [    0.000000] ACPI: RSDP 0x00000000000F68B0 000014 (v00 BOCHS )
[STDERR  ] 2018-03-31T12:55:34.878374445Z: [    0.000000] ACPI: RSDT 0x000000003FFE20A8 000034 (v01 BOCHS  BXPCRSDT 00000001 BXPC 00000001)
[STDERR  ] 2018-03-31T12:55:34.878382047Z: [    0.000000] ACPI: FACP 0x000000003FFE1EC8 0000F4 (v03 BOCHS  BXPCFACP 00000001 BXPC 00000001)
[STDERR  ] 2018-03-31T12:55:34.878391697Z: [    0.000000] ACPI: DSDT 0x000000003FFE0040 001E88 (v01 BOCHS  BXPCDSDT 00000001 BXPC 00000001)
[STDERR  ] 2018-03-31T12:55:34.878399033Z: [    0.000000] ACPI: FACS 0x000000003FFE0000 000040
[STDERR  ] 2018-03-31T12:55:34.878406539Z: [    0.000000] ACPI: APIC 0x000000003FFE1FBC 000078 (v01 BOCHS  BXPCAPIC 00000001 BXPC 00000001)
[STDERR  ] 2018-03-31T12:55:34.878413886Z: [    0.000000] ACPI: HPET 0x000000003FFE2034 000038 (v01 BOCHS  BXPCHPET 00000001 BXPC 00000001)
[STDERR  ] 2018-03-31T12:55:34.878424053Z: [    0.000000] ACPI: MCFG 0x000000003FFE206C 00003C (v01 BOCHS  BXPCMCFG 00000001 BXPC 00000001)
[STDERR  ] 2018-03-31T12:55:34.878431505Z: [    0.000000] kvm-clock: Using msrs 4b564d01 and 4b564d00
[STDERR  ] 2018-03-31T12:55:34.878438770Z: [    0.000000] kvm-clock: cpu 0, msr 0:3ffdd001, primary cpu clock
[STDERR  ] 2018-03-31T12:55:34.878447774Z: [    0.000000] clocksource: kvm-clock: mask: 0xffffffffffffffff max_cycles: 0x1cd42e4dffb, max_idle_ns: 881590591483 ns
[STDERR  ] 2018-03-31T12:55:34.878455762Z: [    0.000000] Zone ranges:
[STDERR  ] 2018-03-31T12:55:34.878463123Z: [    0.000000]   DMA      [mem 0x0000000000001000-0x0000000000ffffff]
[STDERR  ] 2018-03-31T12:55:34.878470374Z: [    0.000000]   DMA32    [mem 0x0000000001000000-0x000000003ffdefff]
[STDERR  ] 2018-03-31T12:55:34.878477663Z: [    0.000000]   Normal   empty
[STDERR  ] 2018-03-31T12:55:34.878485068Z: [    0.000000] Movable zone start for each node
[STDERR  ] 2018-03-31T12:55:34.878495176Z: [    0.000000] Early memory node ranges
[STDERR  ] 2018-03-31T12:55:34.878502445Z: [    0.000000]   node   0: [mem 0x0000000000001000-0x000000000009efff]
[STDERR  ] 2018-03-31T12:55:34.878509753Z: [    0.000000]   node   0: [mem 0x0000000000100000-0x000000003ffdefff]
[STDERR  ] 2018-03-31T12:55:34.878518858Z: [    0.000000] Initmem setup node 0 [mem 0x0000000000001000-0x000000003ffdefff]
[STDERR  ] 2018-03-31T12:55:34.878529715Z: [    0.000000] ACPI: PM-Timer IO Port: 0x608
[STDERR  ] 2018-03-31T12:55:34.878540590Z: [    0.000000] ACPI: LAPIC_NMI (acpi_id[0xff] dfl dfl lint[0x1])
[STDERR  ] 2018-03-31T12:55:34.878549756Z: [    0.000000] IOAPIC[0]: apic_id 0, version 17, address 0xfec00000, GSI 0-23
[STDERR  ] 2018-03-31T12:55:34.878557129Z: [    0.000000] ACPI: INT_SRC_OVR (bus 0 bus_irq 0 global_irq 2 dfl dfl)
[STDERR  ] 2018-03-31T12:55:34.878564485Z: [    0.000000] ACPI: INT_SRC_OVR (bus 0 bus_irq 5 global_irq 5 high level)
[STDERR  ] 2018-03-31T12:55:34.878575523Z: [    0.000000] ACPI: INT_SRC_OVR (bus 0 bus_irq 9 global_irq 9 high level)
[STDERR  ] 2018-03-31T12:55:34.878582798Z: [    0.000000] ACPI: INT_SRC_OVR (bus 0 bus_irq 10 global_irq 10 high level)
[STDERR  ] 2018-03-31T12:55:34.878591622Z: [    0.000000] ACPI: INT_SRC_OVR (bus 0 bus_irq 11 global_irq 11 high level)
[STDERR  ] 2018-03-31T12:55:34.878598883Z: [    0.000000] Using ACPI (MADT) for SMP configuration information
[STDERR  ] 2018-03-31T12:55:34.878606156Z: [    0.000000] ACPI: HPET id: 0x8086a201 base: 0xfed00000
[STDERR  ] 2018-03-31T12:55:34.878613933Z: [    0.000000] smpboot: Allowing 1 CPUs, 0 hotplug CPUs
[STDERR  ] 2018-03-31T12:55:34.878623413Z: [    0.000000] e820: [mem 0x40000000-0xafffffff] available for PCI devices
[STDERR  ] 2018-03-31T12:55:34.878630765Z: [    0.000000] Booting paravirtualized kernel on KVM
[STDERR  ] 2018-03-31T12:55:34.878639758Z: [    0.000000] clocksource: refined-jiffies: mask: 0xffffffff max_cycles: 0xffffffff, max_idle_ns: 19112604462750000 ns
[STDERR  ] 2018-03-31T12:55:34.878647259Z: [    0.000000] setup_percpu: NR_CPUS:128 nr_cpumask_bits:128 nr_cpu_ids:1 nr_node_ids:1
[STDERR  ] 2018-03-31T12:55:34.878654510Z: [    0.000000] percpu: Embedded 35 pages/cpu @ffff9c30fde00000 s105176 r8192 d29992 u2097152
[STDERR  ] 2018-03-31T12:55:34.878661847Z: [    0.000000] KVM setup async PF for cpu 0
[STDERR  ] 2018-03-31T12:55:34.878669082Z: [    0.000000] kvm-stealtime: cpu 0, msr 3de0d580
[STDERR  ] 2018-03-31T12:55:34.878676366Z: [    0.000000] Built 1 zonelists in Zone order, mobility grouping on.  Total pages: 257896
[STDERR  ] 2018-03-31T12:55:34.878683727Z: [    0.000000] Kernel command line: console=ttyS0 console=ttyAMA0
[STDERR  ] 2018-03-31T12:55:34.878693060Z: [    0.000000] PID hash table entries: 4096 (order: 3, 32768 bytes)
[STDERR  ] 2018-03-31T12:55:34.878700528Z: [    0.000000] Dentry cache hash table entries: 131072 (order: 8, 1048576 bytes)
[STDERR  ] 2018-03-31T12:55:34.878707765Z: [    0.000000] Inode-cache hash table entries: 65536 (order: 7, 524288 bytes)
[STDERR  ] 2018-03-31T12:55:34.878715315Z: [    0.000000] Memory: 982836K/1048052K available (8026K kernel code, 1366K rwdata, 2696K rodata, 1380K init, 568K bss, 65216K reserved, 0K cma-reserved)
[STDERR  ] 2018-03-31T12:55:34.878726351Z: [    0.000000] Hierarchical RCU implementation.
[STDERR  ] 2018-03-31T12:55:34.878733757Z: [    0.000000] 	Build-time adjustment of leaf fanout to 64.
[STDERR  ] 2018-03-31T12:55:34.878741085Z: [    0.000000] 	RCU restricting CPUs from NR_CPUS=128 to nr_cpu_ids=1.
[STDERR  ] 2018-03-31T12:55:34.878748502Z: [    0.000000] RCU: Adjusting geometry for rcu_fanout_leaf=64, nr_cpu_ids=1
[STDERR  ] 2018-03-31T12:55:34.878755821Z: [    0.000000] NR_IRQS:8448 nr_irqs:256 16
[STDERR  ] 2018-03-31T12:55:34.878763232Z: [    0.000000] Console: colour VGA+ 80x25
[STDERR  ] 2018-03-31T12:55:34.878770610Z: [    0.000000] console [ttyS0] enabled
[STDERR  ] 2018-03-31T12:55:34.878777893Z: [    0.000000] clocksource: hpet: mask: 0xffffffff max_cycles: 0xffffffff, max_idle_ns: 19112604467 ns
[STDERR  ] 2018-03-31T12:55:34.878785255Z: [    0.000000] tsc: Detected 2299.938 MHz processor
[STDERR  ] 2018-03-31T12:55:34.878795263Z: [    0.020000] Calibrating delay loop (skipped) preset value.. 4599.87 BogoMIPS (lpj=22999380)
[STDERR  ] 2018-03-31T12:55:34.878802688Z: [    0.020032] pid_max: default: 32768 minimum: 301
[STDERR  ] 2018-03-31T12:55:34.878811836Z: [    0.024166] ACPI: Core revision 20160831
[STDERR  ] 2018-03-31T12:55:34.878819159Z: [    0.028218] ACPI: 1 ACPI AML tables successfully acquired and loaded
[STDERR  ] 2018-03-31T12:55:34.878826686Z: [    0.033127] Security Framework initialized
[STDERR  ] 2018-03-31T12:55:34.878833938Z: [    0.036621] Yama: becoming mindful.
[STDERR  ] 2018-03-31T12:55:34.878841342Z: [    0.040085] Mount-cache hash table entries: 2048 (order: 2, 16384 bytes)
[STDERR  ] 2018-03-31T12:55:34.878848534Z: [    0.045828] Mountpoint-cache hash table entries: 2048 (order: 2, 16384 bytes)
[STDERR  ] 2018-03-31T12:55:34.878859142Z: [    0.050978] CPU: Physical Processor ID: 0
[STDERR  ] 2018-03-31T12:55:34.878866717Z: [    0.054719] Last level iTLB entries: 4KB 0, 2MB 0, 4MB 0
[STDERR  ] 2018-03-31T12:55:34.878874006Z: [    0.060030] Last level dTLB entries: 4KB 0, 2MB 0, 4MB 0, 1GB 0
[STDERR  ] 2018-03-31T12:55:34.878881310Z: [    0.176552] Freeing SMP alternatives memory: 20K (ffffffff97eb0000 - ffffffff97eb5000)
[STDERR  ] 2018-03-31T12:55:34.878888725Z: [    0.213974] ftrace: allocating 35489 entries in 139 pages
[STDERR  ] 2018-03-31T12:55:34.878896519Z: [    0.230129] smpboot: Max logical packages: 1
[STDERR  ] 2018-03-31T12:55:34.878903680Z: [    0.242221] x2apic enabled
[STDERR  ] 2018-03-31T12:55:34.878917267Z: [    0.246792] Switched APIC routing to physical x2apic.
[STDERR  ] 2018-03-31T12:55:34.878924846Z: [    0.262311] ..TIMER: vector=0x30 apic1=0 pin1=2 apic2=-1 pin2=-1
[STDERR  ] 2018-03-31T12:55:34.878933874Z: [    0.270000] smpboot: CPU0: Intel QEMU Virtual CPU version 2.5+ (family: 0x6, model: 0x6, stepping: 0x3)
[STDERR  ] 2018-03-31T12:55:34.878941421Z: [    0.270000] Performance Events: PMU not available due to virtualization, using software events only.
[STDERR  ] 2018-03-31T12:55:34.878950545Z: [    0.280595] x86: Booted up 1 node, 1 CPUs
[STDERR  ] 2018-03-31T12:55:34.878958192Z: [    0.284243] smpboot: Total of 1 processors activated (4599.87 BogoMIPS)
[STDERR  ] 2018-03-31T12:55:34.878965533Z: [    0.292218] devtmpfs: initialized
[STDERR  ] 2018-03-31T12:55:34.878973209Z: [    0.300088] x86/mm: Memory block size: 128MB
[STDERR  ] 2018-03-31T12:55:34.878980543Z: [    0.307116] clocksource: jiffies: mask: 0xffffffff max_cycles: 0xffffffff, max_idle_ns: 19112604462750000 ns
[STDERR  ] 2018-03-31T12:55:34.878988214Z: [    0.310015] futex hash table entries: 256 (order: 2, 16384 bytes)
[STDERR  ] 2018-03-31T12:55:34.878995540Z: [    0.320224] NET: Registered protocol family 16
[STDERR  ] 2018-03-31T12:55:34.879002995Z: [    0.324260] cpuidle: using governor ladder
[STDERR  ] 2018-03-31T12:55:34.879010284Z: [    0.330011] cpuidle: using governor menu
[STDERR  ] 2018-03-31T12:55:34.879017611Z: [    0.333670] ACPI: bus type PCI registered
[STDERR  ] 2018-03-31T12:55:34.879028661Z: [    0.337510] PCI: MMCONFIG for domain 0000 [bus 00-ff] at [mem 0xb0000000-0xbfffffff] (base 0xb0000000)
[STDERR  ] 2018-03-31T12:55:34.879036167Z: [    0.340012] PCI: MMCONFIG at [mem 0xb0000000-0xbfffffff] reserved in E820
[STDERR  ] 2018-03-31T12:55:34.879045942Z: [    0.350022] PCI: Using configuration type 1 for base access
[STDERR  ] 2018-03-31T12:55:34.879053284Z: [    0.357343] HugeTLB registered 2 MB page size, pre-allocated 0 pages
[STDERR  ] 2018-03-31T12:55:34.879060556Z: [    0.360257] ACPI: Added _OSI(Module Device)
[STDERR  ] 2018-03-31T12:55:34.879067852Z: [    0.363784] ACPI: Added _OSI(Processor Device)
[STDERR  ] 2018-03-31T12:55:34.879075096Z: [    0.370010] ACPI: Added _OSI(3.0 _SCP Extensions)
[STDERR  ] 2018-03-31T12:55:34.879086828Z: [    0.373964] ACPI: Added _OSI(Processor Aggregator Device)
[STDERR  ] 2018-03-31T12:55:34.879094450Z: [    0.385693] ACPI: Interpreter enabled
[STDERR  ] 2018-03-31T12:55:34.879104055Z: [    0.388887] ACPI: (supports S0 S5)
[STDERR  ] 2018-03-31T12:55:34.879111335Z: [    0.390009] ACPI: Using IOAPIC for interrupt routing
[STDERR  ] 2018-03-31T12:55:34.879129390Z: [    0.394723] PCI: Using host bridge windows from ACPI; if necessary, use "pci=nocrs" and report a bug
[STDERR  ] 2018-03-31T12:55:34.879137022Z: [    0.402913] ACPI: PCI Root Bridge [PCI0] (domain 0000 [bus 00-ff])
[STDERR  ] 2018-03-31T12:55:34.879144269Z: [    0.410018] acpi PNP0A08:00: _OSC: OS supports [ExtendedConfig ASPM ClockPM Segments MSI]
[STDERR  ] 2018-03-31T12:55:34.879153917Z: [    0.420181] acpi PNP0A08:00: _OSC: OS now controls [PCIeHotplug PME PCIeCapability]
[STDERR  ] 2018-03-31T12:55:34.879161398Z: [    0.426605] PCI host bridge to bus 0000:00
[STDERR  ] 2018-03-31T12:55:34.879168692Z: [    0.430012] pci_bus 0000:00: root bus resource [io  0x0000-0x0cf7 window]
[STDERR  ] 2018-03-31T12:55:34.879179855Z: [    0.435798] pci_bus 0000:00: root bus resource [io  0x0d00-0xffff window]
[STDERR  ] 2018-03-31T12:55:34.879187262Z: [    0.440012] pci_bus 0000:00: root bus resource [mem 0x000a0000-0x000bffff window]
[STDERR  ] 2018-03-31T12:55:34.879194550Z: [    0.446228] pci_bus 0000:00: root bus resource [mem 0xc0000000-0xfebfffff window]
[STDERR  ] 2018-03-31T12:55:34.879201888Z: [    0.450011] pci_bus 0000:00: root bus resource [bus 00-ff]
[STDERR  ] 2018-03-31T12:55:34.879209566Z: [    0.613367] pci 0000:00:1f.0: quirk: [io  0x0600-0x067f] claimed by ICH6 ACPI/GPIO/TCO
[STDERR  ] 2018-03-31T12:55:34.879216907Z: [    0.691300] ACPI: PCI Interrupt Link [LNKA] (IRQs 5 *10 11)
[STDERR  ] 2018-03-31T12:55:34.879224198Z: [    0.697945] ACPI: PCI Interrupt Link [LNKB] (IRQs 5 *10 11)
[STDERR  ] 2018-03-31T12:55:34.879231442Z: [    0.701912] ACPI: PCI Interrupt Link [LNKC] (IRQs 5 10 *11)
[STDERR  ] 2018-03-31T12:55:34.879238787Z: [    0.710837] ACPI: PCI Interrupt Link [LNKD] (IRQs 5 10 *11)
[STDERR  ] 2018-03-31T12:55:34.879245988Z: [    0.716667] ACPI: PCI Interrupt Link [LNKE] (IRQs 5 *10 11)
[STDERR  ] 2018-03-31T12:55:34.879253326Z: [    0.721878] ACPI: PCI Interrupt Link [LNKF] (IRQs 5 *10 11)
[STDERR  ] 2018-03-31T12:55:34.879262708Z: [    0.727754] ACPI: PCI Interrupt Link [LNKG] (IRQs 5 10 *11)
[STDERR  ] 2018-03-31T12:55:34.879270047Z: [    0.731846] ACPI: PCI Interrupt Link [LNKH] (IRQs 5 10 *11)
[STDERR  ] 2018-03-31T12:55:34.879277347Z: [    0.740186] ACPI: PCI Interrupt Link [GSIA] (IRQs *16)
[STDERR  ] 2018-03-31T12:55:34.879284651Z: [    0.744930] ACPI: PCI Interrupt Link [GSIB] (IRQs *17)
[STDERR  ] 2018-03-31T12:55:34.879297379Z: [    0.750034] ACPI: PCI Interrupt Link [GSIC] (IRQs *18)
[STDERR  ] 2018-03-31T12:55:34.879304649Z: [    0.755988] ACPI: PCI Interrupt Link [GSID] (IRQs *19)
[STDERR  ] 2018-03-31T12:55:34.879311937Z: [    0.760922] ACPI: PCI Interrupt Link [GSIE] (IRQs *20)
[STDERR  ] 2018-03-31T12:55:34.879321726Z: [    0.765843] ACPI: PCI Interrupt Link [GSIF] (IRQs *21)
[STDERR  ] 2018-03-31T12:55:34.879329044Z: [    0.770922] ACPI: PCI Interrupt Link [GSIG] (IRQs *22)
[STDERR  ] 2018-03-31T12:55:34.879339297Z: [    0.775722] ACPI: PCI Interrupt Link [GSIH] (IRQs *23)
[STDERR  ] 2018-03-31T12:55:34.879346592Z: [    0.781205] ACPI: Enabled 1 GPEs in block 00 to 3F
[STDERR  ] 2018-03-31T12:55:34.879353866Z: [    0.786095] SCSI subsystem initialized
[STDERR  ] 2018-03-31T12:55:34.879361988Z: [    0.789523] ACPI: bus type USB registered
[STDERR  ] 2018-03-31T12:55:34.879369350Z: [    0.790049] usbcore: registered new interface driver usbfs
[STDERR  ] 2018-03-31T12:55:34.879376604Z: [    0.794770] usbcore: registered new interface driver hub
[STDERR  ] 2018-03-31T12:55:34.879386016Z: [    0.800046] usbcore: registered new device driver usb
[STDERR  ] 2018-03-31T12:55:34.879395396Z: [    0.804407] pps_core: LinuxPPS API ver. 1 registered
[STDERR  ] 2018-03-31T12:55:34.879402566Z: [    0.810008] pps_core: Software ver. 5.3.6 - Copyright 2005-2007 Rodolfo Giometti <giometti@linux.it>
[STDERR  ] 2018-03-31T12:55:34.879410122Z: [    0.817921] PTP clock support registered
[STDERR  ] 2018-03-31T12:55:34.879417611Z: [    0.820093] wmi: Mapper loaded
[STDERR  ] 2018-03-31T12:55:34.879424990Z: [    0.822871] PCI: Using ACPI for IRQ routing
[STDERR  ] 2018-03-31T12:55:34.879432378Z: [    1.225158] NetLabel: Initializing
[STDERR  ] 2018-03-31T12:55:34.879439723Z: [    1.228274] NetLabel:  domain hash size = 128
[STDERR  ] 2018-03-31T12:55:34.879446903Z: [    1.230008] NetLabel:  protocols = UNLABELED CIPSOv4
[STDERR  ] 2018-03-31T12:55:34.879454156Z: [    1.234412] NetLabel:  unlabeled traffic allowed by default
[STDERR  ] 2018-03-31T12:55:34.879461463Z: [    1.240165] HPET: 3 timers in total, 0 timers will be used for per-cpu timer
[STDERR  ] 2018-03-31T12:55:34.879468746Z: [    1.246193] hpet0: at MMIO 0xfed00000, IRQs 2, 8, 0
[STDERR  ] 2018-03-31T12:55:34.879476276Z: [    1.251707] hpet0: 3 comparators, 64-bit 100.000000 MHz counter
[STDERR  ] 2018-03-31T12:55:34.879483586Z: [    1.262366] clocksource: Switched to clocksource kvm-clock
[STDERR  ] 2018-03-31T12:55:34.879495113Z: [    1.279313] VFS: Disk quotas dquot_6.6.0
[STDERR  ] 2018-03-31T12:55:34.879502493Z: [    1.283189] VFS: Dquot-cache hash table entries: 512 (order 0, 4096 bytes)
[STDERR  ] 2018-03-31T12:55:34.879509796Z: [    1.289309] FS-Cache: Loaded
[STDERR  ] 2018-03-31T12:55:34.879517046Z: [    1.292046] CacheFiles: Loaded
[STDERR  ] 2018-03-31T12:55:34.879524987Z: [    1.294761] pnp: PnP ACPI init
[STDERR  ] 2018-03-31T12:55:34.879532248Z: [    1.298467] pnp: PnP ACPI: found 5 devices
[STDERR  ] 2018-03-31T12:55:34.879539501Z: [    1.308187] clocksource: acpi_pm: mask: 0xffffff max_cycles: 0xffffff, max_idle_ns: 2085701024 ns
[STDERR  ] 2018-03-31T12:55:34.879546850Z: [    1.315775] NET: Registered protocol family 2
[STDERR  ] 2018-03-31T12:55:34.879554206Z: [    1.319789] TCP established hash table entries: 8192 (order: 4, 65536 bytes)
[STDERR  ] 2018-03-31T12:55:34.879561482Z: [    1.325862] TCP bind hash table entries: 8192 (order: 5, 131072 bytes)
[STDERR  ] 2018-03-31T12:55:34.879571229Z: [    1.331479] TCP: Hash tables configured (established 8192 bind 8192)
[STDERR  ] 2018-03-31T12:55:34.879578504Z: [    1.337547] UDP hash table entries: 512 (order: 2, 16384 bytes)
[STDERR  ] 2018-03-31T12:55:34.879585856Z: [    1.342730] UDP-Lite hash table entries: 512 (order: 2, 16384 bytes)
[STDERR  ] 2018-03-31T12:55:34.879593074Z: [    1.348152] NET: Registered protocol family 1
[STDERR  ] 2018-03-31T12:55:34.879601936Z: [    1.352238] pci 0000:00:01.0: Video device with shadowed ROM at [mem 0x000c0000-0x000dffff]
[STDERR  ] 2018-03-31T12:55:34.879609316Z: [    1.359614] Unpacking initramfs...
[STDERR  ] 2018-03-31T12:55:34.879617717Z: [    1.938303] Freeing initrd memory: 31328K (ffff9c30fe138000 - ffff9c30fffd0000)
[STDERR  ] 2018-03-31T12:55:34.879629500Z: [    1.945602] PCLMULQDQ-NI instructions are not detected.
[STDERR  ] 2018-03-31T12:55:34.879645463Z: [    1.950271] AVX or AES-NI instructions are not detected.
[STDERR  ] 2018-03-31T12:55:34.879654143Z: [    1.954736] CPU feature 'AVX registers' is not supported.
[STDERR  ] 2018-03-31T12:55:34.879663192Z: [    1.959244] CPU feature 'AVX registers' is not supported.
[STDERR  ] 2018-03-31T12:55:34.879674054Z: [    1.964251] CPU feature 'AVX registers' is not supported.
[STDERR  ] 2018-03-31T12:55:34.879681498Z: [    1.969019] CPU feature 'AVX registers' is not supported.
[STDERR  ] 2018-03-31T12:55:34.879690393Z: [    1.973588] AVX2 or AES-NI instructions are not detected.
[STDERR  ] 2018-03-31T12:55:34.879697705Z: [    1.978086] AVX2 instructions are not detected.
[STDERR  ] 2018-03-31T12:55:34.879704936Z: [    1.982164] audit: initializing netlink subsys (disabled)
[STDERR  ] 2018-03-31T12:55:34.879712157Z: [    1.986730] audit: type=2000 audit(1522500920.189:1): initialized
[STDERR  ] 2018-03-31T12:55:34.879719538Z: [    1.992302] workingset: timestamp_bits=46 max_order=18 bucket_order=0
[STDERR  ] 2018-03-31T12:55:34.879726945Z: [    1.998833] FS-Cache: Netfs 'cifs' registered for caching
[STDERR  ] 2018-03-31T12:55:34.879734149Z: [    2.003600] fuse init (API version 7.26)
[STDERR  ] 2018-03-31T12:55:34.879741593Z: [    2.007046] SGI XFS with ACLs, security attributes, no debug enabled
[STDERR  ] 2018-03-31T12:55:34.879748831Z: [    2.012671] 9p: Installing v9fs 9p2000 file system support
[STDERR  ] 2018-03-31T12:55:34.879756249Z: [    2.017325] FS-Cache: Netfs '9p' registered for caching
[STDERR  ] 2018-03-31T12:55:34.879763609Z: [    2.022680] NET: Registered protocol family 38
[STDERR  ] 2018-03-31T12:55:34.879770973Z: [    2.026675] Key type asymmetric registered
[STDERR  ] 2018-03-31T12:55:34.879778231Z: [    2.030335] Asymmetric key parser 'x509' registered
[STDERR  ] 2018-03-31T12:55:34.879785417Z: [    2.034455] Block layer SCSI generic (bsg) driver version 0.4 loaded (major 251)
[STDERR  ] 2018-03-31T12:55:34.879792714Z: [    2.040769] io scheduler noop registered
[STDERR  ] 2018-03-31T12:55:34.879799882Z: [    2.044132] io scheduler deadline registered (default)
[STDERR  ] 2018-03-31T12:55:34.879810426Z: [    2.048416] io scheduler cfq registered
[STDERR  ] 2018-03-31T12:55:34.879817680Z: [    2.051934] pci_hotplug: PCI Hot Plug PCI Core version: 0.5
[STDERR  ] 2018-03-31T12:55:34.879824887Z: [    2.056595] pciehp: PCI Express Hot Plug Controller Driver version: 0.4
[STDERR  ] 2018-03-31T12:55:34.879832435Z: [    2.062218] shpchp: Standard Hot Plug PCI Controller Driver version: 0.4
[STDERR  ] 2018-03-31T12:55:34.879840039Z: [    2.067844] hv_vmbus: registering driver hyperv_fb
[STDERR  ] 2018-03-31T12:55:34.879849647Z: [    2.072124] input: Power Button as /devices/LNXSYSTM:00/LNXPWRBN:00/input/input0
[STDERR  ] 2018-03-31T12:55:34.879856993Z: [    2.077506] ACPI: Power Button [PWRF]
[STDERR  ] 2018-03-31T12:55:34.879864328Z: [    2.080001] GHES: HEST is not enabled!
[STDERR  ] 2018-03-31T12:55:34.879871582Z: [    2.083806] ACPI: PCI Interrupt Link [GSIG] enabled at IRQ 22
[STDERR  ] 2018-03-31T12:55:34.879878856Z: [    2.095131] ACPI: PCI Interrupt Link [GSIH] enabled at IRQ 23
[STDERR  ] 2018-03-31T12:55:34.879886109Z: [    2.106553] xenfs: not registering filesystem on non-xen platform
[STDERR  ] 2018-03-31T12:55:34.879893362Z: [    2.111907] Serial: 8250/16550 driver, 4 ports, IRQ sharing disabled
[STDERR  ] 2018-03-31T12:55:34.879900710Z: [    2.150075] 00:04: ttyS0 at I/O 0x3f8 (irq = 4, base_baud = 115200) is a 16550A
[STDERR  ] 2018-03-31T12:55:34.879909654Z: [    2.157569] Non-volatile memory driver v1.3
[STDERR  ] 2018-03-31T12:55:34.879917122Z: [    2.162755] Hangcheck: starting hangcheck timer 0.9.1 (tick is 180 seconds, margin is 60 seconds).
[STDERR  ] 2018-03-31T12:55:34.879930724Z: [    2.170692] random: fast init done
[STDERR  ] 2018-03-31T12:55:34.879942070Z: [    2.173965] random: crng init done
[STDERR  ] 2018-03-31T12:55:34.879954296Z: [    2.178713] loop: module loaded
[STDERR  ] 2018-03-31T12:55:34.879964878Z: [    2.182298] nbd: registered device at major 43
[STDERR  ] 2018-03-31T12:55:34.879975223Z: [    2.187768] lpc_ich 0000:00:1f.0: I/O space for GPIO uninitialized
[STDERR  ] 2018-03-31T12:55:34.879985485Z: [    2.193166] VMware PVSCSI driver - version 1.0.7.0-k
[STDERR  ] 2018-03-31T12:55:34.880001205Z: [    2.197405] hv_vmbus: registering driver hv_storvsc
[STDERR  ] 2018-03-31T12:55:34.880008499Z: [    2.202189] ACPI: PCI Interrupt Link [GSIA] enabled at IRQ 16
[STDERR  ] 2018-03-31T12:55:34.880015849Z: [    2.210137] ahci 0000:00:1f.2: AHCI 0001.0000 32 slots 6 ports 1.5 Gbps 0x3f impl SATA mode
[STDERR  ] 2018-03-31T12:55:34.880023197Z: [    2.217465] ahci 0000:00:1f.2: flags: 64bit ncq only 
[STDERR  ] 2018-03-31T12:55:34.880030425Z: [    2.225431] scsi host0: ahci
[STDERR  ] 2018-03-31T12:55:34.880037725Z: [    2.228212] scsi host1: ahci
[STDERR  ] 2018-03-31T12:55:34.880044926Z: [    2.230983] scsi host2: ahci
[STDERR  ] 2018-03-31T12:55:34.880052095Z: [    2.233692] scsi host3: ahci
[STDERR  ] 2018-03-31T12:55:34.880059395Z: [    2.236337] scsi host4: ahci
[STDERR  ] 2018-03-31T12:55:34.880068188Z: [    2.238967] scsi host5: ahci
[STDERR  ] 2018-03-31T12:55:34.880077277Z: [    2.241677] ata1: SATA max UDMA/133 abar m4096@0xfebd2000 port 0xfebd2100 irq 24
[STDERR  ] 2018-03-31T12:55:34.880084768Z: [    2.247843] ata2: SATA max UDMA/133 abar m4096@0xfebd2000 port 0xfebd2180 irq 24
[STDERR  ] 2018-03-31T12:55:34.880092018Z: [    2.254484] ata3: SATA max UDMA/133 abar m4096@0xfebd2000 port 0xfebd2200 irq 24
[STDERR  ] 2018-03-31T12:55:34.880099201Z: [    2.260792] ata4: SATA max UDMA/133 abar m4096@0xfebd2000 port 0xfebd2280 irq 24
[STDERR  ] 2018-03-31T12:55:34.880106465Z: [    2.267132] ata5: SATA max UDMA/133 abar m4096@0xfebd2000 port 0xfebd2300 irq 24
[STDERR  ] 2018-03-31T12:55:34.880113662Z: [    2.273453] ata6: SATA max UDMA/133 abar m4096@0xfebd2000 port 0xfebd2380 irq 24
[STDERR  ] 2018-03-31T12:55:34.880126644Z: [    2.281844] tun: Universal TUN/TAP device driver, 1.6
[STDERR  ] 2018-03-31T12:55:34.880133949Z: [    2.286422] tun: (C) 1999-2004 Max Krasnyansky <maxk@qualcomm.com>
[STDERR  ] 2018-03-31T12:55:34.880141346Z: [    2.295712] VMware vmxnet3 virtual NIC driver - version 1.4.a.0-k-NAPI
[STDERR  ] 2018-03-31T12:55:34.880151939Z: [    2.301479] hv_vmbus: registering driver hv_netvsc
[STDERR  ] 2018-03-31T12:55:34.880161931Z: [    2.305558] Fusion MPT base driver 3.04.20
[STDERR  ] 2018-03-31T12:55:34.880169286Z: [    2.308992] Copyright (c) 1999-2008 LSI Corporation
[STDERR  ] 2018-03-31T12:55:34.880247496Z: [    2.313265] Fusion MPT SPI Host driver 3.04.20
[STDERR  ] 2018-03-31T12:55:34.880286056Z: [    2.317093] i8042: PNP: PS/2 Controller [PNP0303:KBD,PNP0f13:MOU] at 0x60,0x64 irq 1,12
[STDERR  ] 2018-03-31T12:55:34.880301013Z: [    2.327254] serio: i8042 KBD port at 0x60,0x64 irq 1
[STDERR  ] 2018-03-31T12:55:34.880309360Z: [    2.331529] serio: i8042 AUX port at 0x60,0x64 irq 12
[STDERR  ] 2018-03-31T12:55:34.880322884Z: [    2.335892] hv_vmbus: registering driver hyperv_keyboard
[STDERR  ] 2018-03-31T12:55:34.880330644Z: [    2.340585] mousedev: PS/2 mouse device common for all mice
[STDERR  ] 2018-03-31T12:55:34.880338539Z: [    2.346623] input: AT Translated Set 2 keyboard as /devices/platform/i8042/serio0/input/input1
[STDERR  ] 2018-03-31T12:55:34.880347227Z: [    2.354681] input: PC Speaker as /devices/platform/pcspkr/input/input2
[STDERR  ] 2018-03-31T12:55:34.880355436Z: [    2.360566] rtc_cmos 00:00: RTC can wake from S4
[STDERR  ] 2018-03-31T12:55:34.880363503Z: [    2.366701] rtc_cmos 00:00: rtc core: registered rtc_cmos as rtc0
[STDERR  ] 2018-03-31T12:55:34.880371000Z: [    2.373296] rtc_cmos 00:00: alarms up to one day, y3k, 114 bytes nvram, hpet irqs
[STDERR  ] 2018-03-31T12:55:34.880380572Z: [    2.380930] i2c /dev entries driver
[STDERR  ] 2018-03-31T12:55:34.880387994Z: [    2.384030] device-mapper: ioctl: 4.35.0-ioctl (2016-06-23) initialised: dm-devel@redhat.com
[STDERR  ] 2018-03-31T12:55:34.880395584Z: [    2.391888] usbcore: registered new interface driver usbhid
[STDERR  ] 2018-03-31T12:55:34.880405706Z: [    2.396596] usbhid: USB HID core driver
[STDERR  ] 2018-03-31T12:55:34.880413212Z: [    2.399969] hv_utils: Registering HyperV Utility Driver
[STDERR  ] 2018-03-31T12:55:34.880420611Z: [    2.404488] hv_vmbus: registering driver hv_util
[STDERR  ] 2018-03-31T12:55:34.880436813Z: [    2.408469] hv_vmbus: registering driver hv_balloon
[STDERR  ] 2018-03-31T12:55:34.880446556Z: [    2.412711] oprofile: using NMI interrupt.
[STDERR  ] 2018-03-31T12:55:34.880456843Z: [    2.416413] GACT probability on
[STDERR  ] 2018-03-31T12:55:34.880464907Z: [    2.419092] Mirror/redirect action on
[STDERR  ] 2018-03-31T12:55:34.880472445Z: [    2.422394] Simple TC action Loaded
[STDERR  ] 2018-03-31T12:55:34.880479859Z: [    2.425369] u32 classifier
[STDERR  ] 2018-03-31T12:55:34.880487887Z: [    2.427700]     Performance counters on
[STDERR  ] 2018-03-31T12:55:34.880495596Z: [    2.431031]     input device check on
[STDERR  ] 2018-03-31T12:55:34.880503157Z: [    2.434109]     Actions configured
[STDERR  ] 2018-03-31T12:55:34.880510670Z: [    2.437001] Netfilter messages via NETLINK v0.30.
[STDERR  ] 2018-03-31T12:55:34.880525980Z: [    2.441011] nfnl_acct: registering with nfnetlink.
[STDERR  ] 2018-03-31T12:55:34.880533758Z: [    2.445094] nf_conntrack version 0.5.0 (8192 buckets, 32768 max)
[STDERR  ] 2018-03-31T12:55:34.880541355Z: [    2.450264] ctnetlink v0.93: registering with nfnetlink.
[STDERR  ] 2018-03-31T12:55:34.880549314Z: [    2.454749] nf_tables: (c) 2007-2009 Patrick McHardy <kaber@trash.net>
[STDERR  ] 2018-03-31T12:55:34.880556955Z: [    2.460317] nf_tables_compat: (c) 2012 Pablo Neira Ayuso <pablo@netfilter.org>
[STDERR  ] 2018-03-31T12:55:34.880585003Z: [    2.466401] xt_time: kernel timezone is -0000
[STDERR  ] 2018-03-31T12:55:34.880593109Z: [    2.470174] ip_set: protocol 6
[STDERR  ] 2018-03-31T12:55:34.880600741Z: [    2.472785] IPVS: Registered protocols (TCP, UDP, SCTP, AH, ESP)
[STDERR  ] 2018-03-31T12:55:34.880608314Z: [    2.477970] IPVS: Connection hash table configured (size=4096, memory=64Kbytes)
[STDERR  ] 2018-03-31T12:55:34.880615781Z: [    2.484235] IPVS: Creating netns size=2104 id=0
[STDERR  ] 2018-03-31T12:55:34.880630658Z: [    2.488946] IPVS: ipvs loaded.
[STDERR  ] 2018-03-31T12:55:34.880638721Z: [    2.491604] IPVS: [rr] scheduler registered.
[STDERR  ] 2018-03-31T12:55:34.880646488Z: [    2.495165] IPVS: [wrr] scheduler registered.
[STDERR  ] 2018-03-31T12:55:34.880654326Z: [    2.498815] IPVS: [lc] scheduler registered.
[STDERR  ] 2018-03-31T12:55:34.880661843Z: [    2.502744] IPVS: [wlc] scheduler registered.
[STDERR  ] 2018-03-31T12:55:34.880669315Z: [    2.506370] IPVS: [fo] scheduler registered.
[STDERR  ] 2018-03-31T12:55:34.880676949Z: [    2.510431] IPVS: [ovf] scheduler registered.
[STDERR  ] 2018-03-31T12:55:34.880685473Z: [    2.514111] IPVS: [lblc] scheduler registered.
[STDERR  ] 2018-03-31T12:55:34.880725931Z: [    2.518132] IPVS: [lblcr] scheduler registered.
[STDERR  ] 2018-03-31T12:55:34.880744093Z: [    2.522011] IPVS: [dh] scheduler registered.
[STDERR  ] 2018-03-31T12:55:34.880761001Z: [    2.525918] IPVS: [sh] scheduler registered.
[STDERR  ] 2018-03-31T12:55:34.880777164Z: [    2.529494] IPVS: [sed] scheduler registered.
[STDERR  ] 2018-03-31T12:55:34.880794438Z: [    2.533449] IPVS: [nq] scheduler registered.
[STDERR  ] 2018-03-31T12:55:34.880816256Z: [    2.537034] IPVS: ftp: loaded support on port[0] = 21
[STDERR  ] 2018-03-31T12:55:34.880835793Z: [    2.541674] ipip: IPv4 and MPLS over IPv4 tunneling driver
[STDERR  ] 2018-03-31T12:55:34.880855705Z: [    2.546900] gre: GRE over IPv4 demultiplexor driver
[STDERR  ] 2018-03-31T12:55:34.880872006Z: [    2.551434] ip_tables: (C) 2000-2006 Netfilter Core Team
[STDERR  ] 2018-03-31T12:55:34.880888481Z: [    2.556312] ipt_CLUSTERIP: ClusterIP Version 0.8 loaded successfully
[STDERR  ] 2018-03-31T12:55:34.880905127Z: [    2.561874] arp_tables: arp_tables: (C) 2002 David S. Miller
[STDERR  ] 2018-03-31T12:55:34.880921900Z: [    2.567010] NET: Registered protocol family 10
[STDERR  ] 2018-03-31T12:55:34.880938475Z: [    2.571210] ip6_tables: (C) 2000-2006 Netfilter Core Team
[STDERR  ] 2018-03-31T12:55:34.880954844Z: [    2.576748] NET: Registered protocol family 17
[STDERR  ] 2018-03-31T12:55:34.880971030Z: [    2.580687] Bridge firewalling registered
[STDERR  ] 2018-03-31T12:55:34.880991920Z: [    2.584429] Ebtables v2.0 registered
[STDERR  ] 2018-03-31T12:55:34.881009283Z: [    2.587830] 8021q: 802.1Q VLAN Support v1.8
[STDERR  ] 2018-03-31T12:55:34.881026573Z: [    2.592308] 9pnet: Installing 9P2000 support
[STDERR  ] 2018-03-31T12:55:34.881043089Z: [    2.596108] Key type dns_resolver registered
[STDERR  ] 2018-03-31T12:55:34.881059826Z: [    2.600219] microcode: sig=0x663, pf=0x1, revision=0x1
[STDERR  ] 2018-03-31T12:55:34.881078311Z: [    2.604593] microcode: Microcode Update Driver: v2.01 <tigran@aivazian.fsnet.co.uk>, Peter Oruba
[STDERR  ] 2018-03-31T12:55:34.881162236Z: [    2.612654] ata3: SATA link up 1.5 Gbps (SStatus 113 SControl 300)
[STDERR  ] 2018-03-31T12:55:34.881180631Z: [    2.618206] ata3.00: ATAPI: QEMU DVD-ROM, 2.5+, max UDMA/100
[STDERR  ] 2018-03-31T12:55:34.881198489Z: [    2.623027] ata3.00: applying bridge limits
[STDERR  ] 2018-03-31T12:55:34.881216092Z: [    2.627776] ata2: SATA link down (SStatus 0 SControl 300)
[STDERR  ] 2018-03-31T12:55:34.881234155Z: [    2.633887] ata1: SATA link up 1.5 Gbps (SStatus 113 SControl 300)
[STDERR  ] 2018-03-31T12:55:34.881250750Z: [    2.639327] ata1.00: ATA-7: QEMU HARDDISK, 2.5+, max UDMA/100
[STDERR  ] 2018-03-31T12:55:34.881268756Z: [    2.642961] ata1.00: 1048576 sectors, multi 16: LBA48 NCQ (depth 31/32)
[STDERR  ] 2018-03-31T12:55:34.881289418Z: [    2.648603] ata1.00: applying bridge limits
[STDERR  ] 2018-03-31T12:55:34.881306052Z: [    2.652994] ata6: SATA link down (SStatus 0 SControl 300)
[STDERR  ] 2018-03-31T12:55:34.881322048Z: [    2.658199] ata5: SATA link down (SStatus 0 SControl 300)
[STDERR  ] 2018-03-31T12:55:34.881339582Z: [    2.665665] ata4: SATA link down (SStatus 0 SControl 300)
[STDERR  ] 2018-03-31T12:55:34.881355494Z: [    2.670781] registered taskstats version 1
[STDERR  ] 2018-03-31T12:55:34.881372000Z: [    2.677453] ata3.00: configured for UDMA/100
[STDERR  ] 2018-03-31T12:55:34.881394078Z: [    2.685777] ata1.00: configured for UDMA/100
[STDERR  ] 2018-03-31T12:55:34.881411018Z: [    2.692244] scsi 0:0:0:0: Direct-Access     ATA      QEMU HARDDISK    2.5+ PQ: 0 ANSI: 5
[STDERR  ] 2018-03-31T12:55:34.881428260Z: [    2.699183] Key type big_key registered
[STDERR  ] 2018-03-31T12:55:34.881446119Z: [    2.704326] sd 0:0:0:0: Attached scsi generic sg0 type 0
[STDERR  ] 2018-03-31T12:55:34.881472348Z: [    2.710154] sd 0:0:0:0: [sda] 1048576 512-byte logical blocks: (537 MB/512 MiB)
[STDERR  ] 2018-03-31T12:55:34.881489566Z: [    2.716585] sd 0:0:0:0: [sda] Write Protect is off
[STDERR  ] 2018-03-31T12:55:34.881506645Z: [    2.721453] Key type encrypted registered
[STDERR  ] 2018-03-31T12:55:34.881525740Z: [    2.726483] scsi 2:0:0:0: CD-ROM            QEMU     QEMU DVD-ROM     2.5+ PQ: 0 ANSI: 5
[STDERR  ] 2018-03-31T12:55:34.881546389Z: [    2.733917] rtc_cmos 00:00: setting system clock to 2018-03-31 12:55:21 UTC (1522500921)
[STDERR  ] 2018-03-31T12:55:34.881568142Z: [    2.741577] sd 0:0:0:0: [sda] Write cache: enabled, read cache: enabled, doesn't support DPO or FUA
[STDERR  ] 2018-03-31T12:55:34.881587412Z: [    2.752724] sd 0:0:0:0: [sda] Attached SCSI disk
[STDERR  ] 2018-03-31T12:55:34.881604312Z: [    2.770906] sr 2:0:0:0: [sr0] scsi3-mmc drive: 4x/4x cd/rw xa/form2 tray
[STDERR  ] 2018-03-31T12:55:34.881621357Z: [    2.776854] cdrom: Uniform CD-ROM driver Revision: 3.20
[STDERR  ] 2018-03-31T12:55:34.881639296Z: [    2.781901] sr 2:0:0:0: Attached scsi generic sg1 type 5
[STDERR  ] 2018-03-31T12:55:34.881656269Z: [    2.788315] Freeing unused kernel memory: 1380K (ffffffff97d57000 - ffffffff97eb0000)
[STDERR  ] 2018-03-31T12:55:34.881674868Z: [    2.795889] Write protecting the kernel read-only data: 12288k
[STDERR  ] 2018-03-31T12:55:34.881697225Z: [    2.801141] Freeing unused kernel memory: 152K (ffff9c30ed7da000 - ffff9c30ed800000)
[STDERR  ] 2018-03-31T12:55:34.881714079Z: [    2.811422] Freeing unused kernel memory: 1400K (ffff9c30edaa2000 - ffff9c30edc00000)
[STDERR  ] 2018-03-31T12:55:34.881731894Z: 
[STDERR  ] 2018-03-31T12:55:34.881748242Z: Welcome to LinuxKit
[STDERR  ] 2018-03-31T12:55:34.881768659Z: 
[STDERR  ] 2018-03-31T12:55:34.881998057Z:                         ##         .
[STDERR  ] 2018-03-31T12:55:34.882025809Z:                   ## ## ##        ==
[STDERR  ] 2018-03-31T12:55:34.882042822Z:                ## ## ## ## ##    ===
[STDERR  ] 2018-03-31T12:55:34.882066472Z:            /"""""""""""""""""\___/ ===
[STDERR  ] 2018-03-31T12:55:34.882095434Z:           {                       /  ===-
[STDERR  ] 2018-03-31T12:55:34.882116461Z:            \______ O           __/
[STDERR  ] 2018-03-31T12:55:34.882125374Z:              \    \         __/
[STDERR  ] 2018-03-31T12:55:34.882133347Z:               \____\_______/
[STDERR  ] 2018-03-31T12:55:34.882141109Z: 
[STDERR  ] 2018-03-31T12:55:34.882149197Z: [    3.210376] IPVS: Creating netns size=2104 id=1
[STDERR  ] 2018-03-31T12:55:34.882157167Z: [    3.214479] IPVS: ftp: loaded support on port[0] = 21
[STDERR  ] 2018-03-31T12:55:34.882165871Z: [    3.303387]  sda:
[STDERR  ] 2018-03-31T12:55:34.882173760Z: [    3.316805]  sda:
[STDERR  ] 2018-03-31T12:55:34.882181150Z: [    3.334419]  sda: sda1
[STDERR  ] 2018-03-31T12:55:34.882188871Z: [    3.341426]  sda: sda1
[STDERR  ] 2018-03-31T12:55:34.882196417Z: 2018/03/31 12:55:22 Creating partition on /dev/sda
[STDERR  ] 2018-03-31T12:55:34.882204053Z: 2018/03/31 12:55:23 Partition /dev/sda1 successfully created!
[STDERR  ] 2018-03-31T12:55:34.882212134Z: [    4.581087] IPVS: Creating netns size=2104 id=2
[STDERR  ] 2018-03-31T12:55:34.882219510Z: [    4.585147] IPVS: ftp: loaded support on port[0] = 21
[STDERR  ] 2018-03-31T12:55:34.882227200Z: [    4.611978] EXT4-fs (sda1): couldn't mount as ext3 due to feature incompatibilities
[STDERR  ] 2018-03-31T12:55:34.882235427Z: [    4.619645] EXT4-fs (sda1): couldn't mount as ext2 due to feature incompatibilities
[STDERR  ] 2018-03-31T12:55:34.882243184Z: [    4.632796] EXT4-fs (sda1): mounted filesystem with ordered data mode. Opts: (null)
[STDERR  ] 2018-03-31T12:55:34.882263819Z: format_mount test suite PASSED
[STDERR  ] 2018-03-31T12:55:34.882272095Z: [   15.110689] sd 0:0:0:0: [sda] Synchronizing SCSI cache
[STDERR  ] 2018-03-31T12:55:34.882279722Z: [   15.117942] sd 0:0:0:0: [sda] Stopping disk
[STDERR  ] 2018-03-31T12:55:34.882292712Z: [   15.123473] ACPI: Preparing to enter system sleep state S5
[STDERR  ] 2018-03-31T12:55:34.882305081Z: [   15.127859] reboot: Power down
[STDERR  ] 2018-03-31T12:55:34.882534134Z: + grep -q suite PASSED
[STDERR  ] 2018-03-31T12:55:34.882555327Z: + echo [    0.000000] Linux version 4.9.38-linuxkit (root@e1ede117fb1e) (gcc version 6.3.0 (Alpine 6.3.0) ) #1 SMP Thu Jul 20 16:07:02 UTC 2017
[STDERR  ] 2018-03-31T12:55:34.882577912Z: [    0.000000] Command line: console=ttyS0 console=ttyAMA0
[STDERR  ] 2018-03-31T12:55:34.882594529Z: [    0.000000] x86/fpu: Legacy x87 FPU detected.
[STDOUT  ] 2018-03-31T12:55:34.882522559Z: [    0.000000] Linux version 4.9.38-linuxkit (root@e1ede117fb1e) (gcc version 6.3.0 (Alpine 6.3.0) ) #1 SMP Thu Jul 20 16:07:02 UTC 2017
[STDOUT  ] 2018-03-31T12:55:34.882622252Z: [    0.000000] Command line: console=ttyS0 console=ttyAMA0
[STDOUT  ] 2018-03-31T12:55:34.882636756Z: [    0.000000] x86/fpu: Legacy x87 FPU detected.
[STDOUT  ] 2018-03-31T12:55:34.882686949Z: [    0.000000] x86/fpu: Using 'eager' FPU context switches.
[STDOUT  ] 2018-03-31T12:55:34.882705935Z: [    0.000000] e820: BIOS-provided physical RAM map:
[STDOUT  ] 2018-03-31T12:55:34.882724139Z: [    0.000000] BIOS-e820: [mem 0x0000000000000000-0x000000000009fbff] usable
[STDOUT  ] 2018-03-31T12:55:34.882745872Z: [    0.000000] BIOS-e820: [mem 0x000000000009fc00-0x000000000009ffff] reserved
[STDOUT  ] 2018-03-31T12:55:34.882758297Z: [    0.000000] BIOS-e820: [mem 0x00000000000f0000-0x00000000000fffff] reserved
[STDOUT  ] 2018-03-31T12:55:34.882783919Z: [    0.000000] BIOS-e820: [mem 0x0000000000100000-0x000000003ffdefff] usable
[STDOUT  ] 2018-03-31T12:55:34.882795741Z: [    0.000000] BIOS-e820: [mem 0x000000003ffdf000-0x000000003fffffff] reserved
[STDOUT  ] 2018-03-31T12:55:34.882809918Z: [    0.000000] BIOS-e820: [mem 0x00000000b0000000-0x00000000bfffffff] reserved
[STDOUT  ] 2018-03-31T12:55:34.882829228Z: [    0.000000] BIOS-e820: [mem 0x00000000fed1c000-0x00000000fed1ffff] reserved
[STDOUT  ] 2018-03-31T12:55:34.882840949Z: [    0.000000] BIOS-e820: [mem 0x00000000feffc000-0x00000000feffffff] reserved
[STDOUT  ] 2018-03-31T12:55:34.882853040Z: [    0.000000] BIOS-e820: [mem 0x00000000fffc0000-0x00000000ffffffff] reserved
[STDOUT  ] 2018-03-31T12:55:34.882864515Z: [    0.000000] NX (Execute Disable) protection: active
[STDOUT  ] 2018-03-31T12:55:34.882877209Z: [    0.000000] SMBIOS 2.8 present.
[STDOUT  ] 2018-03-31T12:55:34.882888834Z: [    0.000000] Hypervisor detected: KVM
[STDOUT  ] 2018-03-31T12:55:34.882901617Z: [    0.000000] e820: last_pfn = 0x3ffdf max_arch_pfn = 0x400000000
[STDOUT  ] 2018-03-31T12:55:34.882913650Z: [    0.000000] x86/PAT: PAT not supported by CPU.
[STDOUT  ] 2018-03-31T12:55:34.882925906Z: [    0.000000] x86/PAT: Configuration [0-7]: WB  WT  UC- UC  WB  WT  UC- UC  
[STDOUT  ] 2018-03-31T12:55:34.882937171Z: [    0.000000] found SMP MP-table at [mem 0x000f6aa0-0x000f6aaf] mapped at [ffff9c30c00f6aa0]
[STDOUT  ] 2018-03-31T12:55:34.882949237Z: [    0.000000] RAMDISK: [mem 0x3e138000-0x3ffcffff]
[STDOUT  ] 2018-03-31T12:55:34.882963659Z: [    0.000000] ACPI: Early table checksum verification disabled
[STDOUT  ] 2018-03-31T12:55:34.882982671Z: [    0.000000] ACPI: RSDP 0x00000000000F68B0 000014 (v00 BOCHS )
[STDOUT  ] 2018-03-31T12:55:34.882994061Z: [    0.000000] ACPI: RSDT 0x000000003FFE20A8 000034 (v01 BOCHS  BXPCRSDT 00000001 BXPC 00000001)
[STDOUT  ] 2018-03-31T12:55:34.883013139Z: [    0.000000] ACPI: FACP 0x000000003FFE1EC8 0000F4 (v03 BOCHS  BXPCFACP 00000001 BXPC 00000001)
[STDOUT  ] 2018-03-31T12:55:34.883043676Z: [    0.000000] ACPI: DSDT 0x000000003FFE0040 001E88 (v01 BOCHS  BXPCDSDT 00000001 BXPC 00000001)
[STDOUT  ] 2018-03-31T12:55:34.883073223Z: [    0.000000] ACPI: FACS 0x000000003FFE0000 000040
[STDOUT  ] 2018-03-31T12:55:34.883092120Z: [    0.000000] ACPI: APIC 0x000000003FFE1FBC 000078 (v01 BOCHS  BXPCAPIC 00000001 BXPC 00000001)
[STDOUT  ] 2018-03-31T12:55:34.883105217Z: [    0.000000] ACPI: HPET 0x000000003FFE2034 000038 (v01 BOCHS  BXPCHPET 00000001 BXPC 00000001)
[STDOUT  ] 2018-03-31T12:55:34.883117833Z: [    0.000000] ACPI: MCFG 0x000000003FFE206C 00003C (v01 BOCHS  BXPCMCFG 00000001 BXPC 00000001)
[STDOUT  ] 2018-03-31T12:55:34.883130375Z: [    0.000000] kvm-clock: Using msrs 4b564d01 and 4b564d00
[STDERR  ] 2018-03-31T12:55:34.883053163Z: [    0.000000] x86/fpu: Using 'eager' FPU context switches.
[STDERR  ] 2018-03-31T12:55:34.883157889Z: [    0.000000] e820: BIOS-provided physical RAM map:
[STDERR  ] 2018-03-31T12:55:34.883180999Z: [    0.000000] BIOS-e820: [mem 0x0000000000000000-0x000000000009fbff] usable
[STDERR  ] 2018-03-31T12:55:34.883210965Z: [    0.000000] BIOS-e820: [mem 0x000000000009fc00-0x000000000009ffff] reserved
[STDERR  ] 2018-03-31T12:55:34.883229608Z: [    0.000000] BIOS-e820: [mem 0x00000000000f0000-0x00000000000fffff] reserved
[STDERR  ] 2018-03-31T12:55:34.883247244Z: [    0.000000] BIOS-e820: [mem 0x0000000000100000-0x000000003ffdefff] usable
[STDERR  ] 2018-03-31T12:55:34.883264905Z: [    0.000000] BIOS-e820: [mem 0x000000003ffdf000-0x000000003fffffff] reserved
[STDERR  ] 2018-03-31T12:55:34.883282234Z: [    0.000000] BIOS-e820: [mem 0x00000000b0000000-0x00000000bfffffff] reserved
[STDERR  ] 2018-03-31T12:55:34.883303277Z: [    0.000000] BIOS-e820: [mem 0x00000000fed1c000-0x00000000fed1ffff] reserved
[STDERR  ] 2018-03-31T12:55:34.883325830Z: [    0.000000] BIOS-e820: [mem 0x00000000feffc000-0x00000000feffffff] reserved
[STDERR  ] 2018-03-31T12:55:34.883343574Z: [    0.000000] BIOS-e820: [mem 0x00000000fffc0000-0x00000000ffffffff] reserved
[STDERR  ] 2018-03-31T12:55:34.883360729Z: [    0.000000] NX (Execute Disable) protection: active
[STDERR  ] 2018-03-31T12:55:34.883378065Z: [    0.000000] SMBIOS 2.8 present.
[STDERR  ] 2018-03-31T12:55:34.883403856Z: [    0.000000] Hypervisor detected: KVM
[STDERR  ] 2018-03-31T12:55:34.883429847Z: [    0.000000] e820: last_pfn = 0x3ffdf max_arch_pfn = 0x400000000
[STDERR  ] 2018-03-31T12:55:34.883454164Z: [    0.000000] x86/PAT: PAT not supported by CPU.
[STDERR  ] 2018-03-31T12:55:34.883472107Z: [    0.000000] x86/PAT: Configuration [0-7]: WB  WT  UC- UC  WB  WT  UC- UC  
[STDERR  ] 2018-03-31T12:55:34.883489325Z: [    0.000000] found SMP MP-table at [mem 0x000f6aa0-0x000f6aaf] mapped at [ffff9c30c00f6aa0]
[STDERR  ] 2018-03-31T12:55:34.883507055Z: [    0.000000] RAMDISK: [mem 0x3e138000-0x3ffcffff]
[STDERR  ] 2018-03-31T12:55:34.883524097Z: [    0.000000] ACPI: Early table checksum verification disabled
[STDERR  ] 2018-03-31T12:55:34.883551336Z: [    0.000000] ACPI: RSDP 0x00000000000F68B0 000014 (v00 BOCHS )
[STDERR  ] 2018-03-31T12:55:34.883572158Z: [    0.000000] ACPI: RSDT 0x000000003FFE20A8 000034 (v01 BOCHS  BXPCRSDT 00000001 BXPC 00000001)
[STDERR  ] 2018-03-31T12:55:34.883592076Z: [    0.000000] ACPI: FACP 0x000000003FFE1EC8 0000F4 (v03 BOCHS  BXPCFACP 00000001 BXPC 00000001)
[STDERR  ] 2018-03-31T12:55:34.883609234Z: [    0.000000] ACPI: DSDT 0x000000003FFE0040 001E88 (v01 BOCHS  BXPCDSDT 00000001 BXPC 00000001)
[STDERR  ] 2018-03-31T12:55:34.883628281Z: [    0.000000] ACPI: FACS 0x000000003FFE0000 000040
[STDERR  ] 2018-03-31T12:55:34.883647743Z: [    0.000000] ACPI: APIC 0x000000003FFE1FBC 000078 (v01 BOCHS  BXPCAPIC 00000001 BXPC 00000001)
[STDERR  ] 2018-03-31T12:55:34.883665344Z: [    0.000000] ACPI: HPET 0x000000003FFE2034 000038 (v01 BOCHS  BXPCHPET 00000001 BXPC 00000001)
[STDERR  ] 2018-03-31T12:55:34.883691472Z: [    0.000000] ACPI: MCFG 0x000000003FFE206C 00003C (v01 BOCHS  BXPCMCFG 00000001 BXPC 00000001)
[STDERR  ] 2018-03-31T12:55:34.883708520Z: [    0.000000] kvm-clock: Using msrs 4b564d01 and 4b564d00
[STDERR  ] 2018-03-31T12:55:34.883725500Z: [    0.000000] kvm-clock: cpu 0, msr 0:3ffdd001, primary cpu clock
[STDERR  ] 2018-03-31T12:55:34.883742424Z: [    0.000000] clocksource: kvm-clock: mask: 0xffffffffffffffff max_cycles: 0x1cd42e4dffb, max_idle_ns: 881590591483 ns
[STDERR  ] 2018-03-31T12:55:34.883770252Z: [    0.000000] Zone ranges:
[STDERR  ] 2018-03-31T12:55:34.883788052Z: [    0.000000]   DMA      [mem 0x0000000000001000-0x0000000000ffffff]
[STDERR  ] 2018-03-31T12:55:34.883805475Z: [    0.000000]   DMA32    [mem 0x0000000001000000-0x000000003ffdefff]
[STDERR  ] 2018-03-31T12:55:34.883826764Z: [    0.000000]   Normal   empty
[STDERR  ] 2018-03-31T12:55:34.883844484Z: [    0.000000] Movable zone start for each node
[STDERR  ] 2018-03-31T12:55:34.883861834Z: [    0.000000] Early memory node ranges
[STDERR  ] 2018-03-31T12:55:34.883879288Z: [    0.000000]   node   0: [mem 0x0000000000001000-0x000000000009efff]
[STDERR  ] 2018-03-31T12:55:34.883896808Z: [    0.000000]   node   0: [mem 0x0000000000100000-0x000000003ffdefff]
[STDERR  ] 2018-03-31T12:55:34.883913811Z: [    0.000000] Initmem setup node 0 [mem 0x0000000000001000-0x000000003ffdefff]
[STDERR  ] 2018-03-31T12:55:34.883930882Z: [    0.000000] ACPI: PM-Timer IO Port: 0x608
[STDERR  ] 2018-03-31T12:55:34.883948119Z: [    0.000000] ACPI: LAPIC_NMI (acpi_id[0xff] dfl dfl lint[0x1])
[STDERR  ] 2018-03-31T12:55:34.883965221Z: [    0.000000] IOAPIC[0]: apic_id 0, version 17, address 0xfec00000, GSI 0-23
[STDERR  ] 2018-03-31T12:55:34.883986324Z: [    0.000000] ACPI: INT_SRC_OVR (bus 0 bus_irq 0 global_irq 2 dfl dfl)
[STDERR  ] 2018-03-31T12:55:34.884003627Z: [    0.000000] ACPI: INT_SRC_OVR (bus 0 bus_irq 5 global_irq 5 high level)
[STDERR  ] 2018-03-31T12:55:34.884020339Z: [    0.000000] ACPI: INT_SRC_OVR (bus 0 bus_irq 9 global_irq 9 high level)
[STDERR  ] 2018-03-31T12:55:34.884038591Z: [    0.000000] ACPI: INT_SRC_OVR (bus 0 bus_irq 10 global_irq 10 high level)
[STDERR  ] 2018-03-31T12:55:34.884062128Z: [    0.000000] ACPI: INT_SRC_OVR (bus 0 bus_irq 11 global_irq 11 high level)
[STDERR  ] 2018-03-31T12:55:34.884089525Z: [    0.000000] Using ACPI (MADT) for SMP configuration information
[STDERR  ] 2018-03-31T12:55:34.884115611Z: [    0.000000] ACPI: HPET id: 0x8086a201 base: 0xfed00000
[STDERR  ] 2018-03-31T12:55:34.884133715Z: [    0.000000] smpboot: Allowing 1 CPUs, 0 hotplug CPUs
[STDERR  ] 2018-03-31T12:55:34.884155242Z: [    0.000000] e820: [mem 0x40000000-0xafffffff] available for PCI devices
[STDERR  ] 2018-03-31T12:55:34.884172696Z: [    0.000000] Booting paravirtualized kernel on KVM
[STDERR  ] 2018-03-31T12:55:34.884194036Z: [    0.000000] clocksource: refined-jiffies: mask: 0xffffffff max_cycles: 0xffffffff, max_idle_ns: 19112604462750000 ns
[STDERR  ] 2018-03-31T12:55:34.884211540Z: [    0.000000] setup_percpu: NR_CPUS:128 nr_cpumask_bits:128 nr_cpu_ids:1 nr_node_ids:1
[STDERR  ] 2018-03-31T12:55:34.884228739Z: [    0.000000] percpu: Embedded 35 pages/cpu @ffff9c30fde00000 s105176 r8192 d29992 u2097152
[STDERR  ] 2018-03-31T12:55:34.884250175Z: [    0.000000] KVM setup async PF for cpu 0
[STDERR  ] 2018-03-31T12:55:34.884267364Z: [    0.000000] kvm-stealtime: cpu 0, msr 3de0d580
[STDERR  ] 2018-03-31T12:55:34.884284479Z: [    0.000000] Built 1 zonelists in Zone order, mobility grouping on.  Total pages: 257896
[STDERR  ] 2018-03-31T12:55:34.884301917Z: [    0.000000] Kernel command line: console=ttyS0 console=ttyAMA0
[STDERR  ] 2018-03-31T12:55:34.884324389Z: [    0.000000] PID hash table entries: 4096 (order: 3, 32768 bytes)
[STDERR  ] 2018-03-31T12:55:34.884341663Z: [    0.000000] Dentry cache hash table entries: 131072 (order: 8, 1048576 bytes)
[STDERR  ] 2018-03-31T12:55:34.884359221Z: [    0.000000] Inode-cache hash table entries: 65536 (order: 7, 524288 bytes)
[STDERR  ] 2018-03-31T12:55:34.884381018Z: [    0.000000] Memory: 982836K/1048052K available (8026K kernel code, 1366K rwdata, 2696K rodata, 1380K init, 568K bss, 65216K reserved, 0K cma-reserved)
[STDERR  ] 2018-03-31T12:55:34.884401308Z: [    0.000000] Hierarchical RCU implementation.
[STDERR  ] 2018-03-31T12:55:34.884418286Z: [    0.000000] 	Build-time adjustment of leaf fanout to 64.
[STDERR  ] 2018-03-31T12:55:34.884435446Z: [    0.000000] 	RCU restricting CPUs from NR_CPUS=128 to nr_cpu_ids=1.
[STDERR  ] 2018-03-31T12:55:34.884456766Z: [    0.000000] RCU: Adjusting geometry for rcu_fanout_leaf=64, nr_cpu_ids=1
[STDERR  ] 2018-03-31T12:55:34.884474295Z: [    0.000000] NR_IRQS:8448 nr_irqs:256 16
[STDERR  ] 2018-03-31T12:55:34.884491526Z: [    0.000000] Console: colour VGA+ 80x25
[STDERR  ] 2018-03-31T12:55:34.884513463Z: [    0.000000] console [ttyS0] enabled
[STDERR  ] 2018-03-31T12:55:34.884541231Z: [    0.000000] clocksource: hpet: mask: 0xffffffff max_cycles: 0xffffffff, max_idle_ns: 19112604467 ns
[STDERR  ] 2018-03-31T12:55:34.884572258Z: [    0.000000] tsc: Detected 2299.938 MHz processor
[STDERR  ] 2018-03-31T12:55:34.884592133Z: [    0.020000] Calibrating delay loop (skipped) preset value.. 4599.87 BogoMIPS (lpj=22999380)
[STDOUT  ] 2018-03-31T12:55:34.884594410Z: [    0.000000] kvm-clock: cpu 0, msr 0:3ffdd001, primary cpu clock
[STDOUT  ] 2018-03-31T12:55:34.884632106Z: [    0.000000] clocksource: kvm-clock: mask: 0xffffffffffffffff max_cycles: 0x1cd42e4dffb, max_idle_ns: 881590591483 ns
[STDOUT  ] 2018-03-31T12:55:34.884646619Z: [    0.000000] Zone ranges:
[STDOUT  ] 2018-03-31T12:55:34.884660054Z: [    0.000000]   DMA      [mem 0x0000000000001000-0x0000000000ffffff]
[STDOUT  ] 2018-03-31T12:55:34.884672574Z: [    0.000000]   DMA32    [mem 0x0000000001000000-0x000000003ffdefff]
[STDOUT  ] 2018-03-31T12:55:34.884689300Z: [    0.000000]   Normal   empty
[STDOUT  ] 2018-03-31T12:55:34.884701764Z: [    0.000000] Movable zone start for each node
[STDOUT  ] 2018-03-31T12:55:34.884743868Z: [    0.000000] Early memory node ranges
[STDOUT  ] 2018-03-31T12:55:34.884758121Z: [    0.000000]   node   0: [mem 0x0000000000001000-0x000000000009efff]
[STDOUT  ] 2018-03-31T12:55:34.884764892Z: [    0.000000]   node   0: [mem 0x0000000000100000-0x000000003ffdefff]
[STDOUT  ] 2018-03-31T12:55:34.884770844Z: [    0.000000] Initmem setup node 0 [mem 0x0000000000001000-0x000000003ffdefff]
[STDOUT  ] 2018-03-31T12:55:34.884777935Z: [    0.000000] ACPI: PM-Timer IO Port: 0x608
[STDOUT  ] 2018-03-31T12:55:34.884785176Z: [    0.000000] ACPI: LAPIC_NMI (acpi_id[0xff] dfl dfl lint[0x1])
[STDOUT  ] 2018-03-31T12:55:34.884795895Z: [    0.000000] IOAPIC[0]: apic_id 0, version 17, address 0xfec00000, GSI 0-23
[STDOUT  ] 2018-03-31T12:55:34.884801812Z: [    0.000000] ACPI: INT_SRC_OVR (bus 0 bus_irq 0 global_irq 2 dfl dfl)
[STDOUT  ] 2018-03-31T12:55:34.884807680Z: [    0.000000] ACPI: INT_SRC_OVR (bus 0 bus_irq 5 global_irq 5 high level)
[STDOUT  ] 2018-03-31T12:55:34.884813376Z: [    0.000000] ACPI: INT_SRC_OVR (bus 0 bus_irq 9 global_irq 9 high level)
[STDOUT  ] 2018-03-31T12:55:34.884819178Z: [    0.000000] ACPI: INT_SRC_OVR (bus 0 bus_irq 10 global_irq 10 high level)
[STDOUT  ] 2018-03-31T12:55:34.884825088Z: [    0.000000] ACPI: INT_SRC_OVR (bus 0 bus_irq 11 global_irq 11 high level)
[STDOUT  ] 2018-03-31T12:55:34.884831486Z: [    0.000000] Using ACPI (MADT) for SMP configuration information
[STDOUT  ] 2018-03-31T12:55:34.884837660Z: [    0.000000] ACPI: HPET id: 0x8086a201 base: 0xfed00000
[STDOUT  ] 2018-03-31T12:55:34.884843709Z: [    0.000000] smpboot: Allowing 1 CPUs, 0 hotplug CPUs
[STDOUT  ] 2018-03-31T12:55:34.884850344Z: [    0.000000] e820: [mem 0x40000000-0xafffffff] available for PCI devices
[STDOUT  ] 2018-03-31T12:55:34.884857223Z: [    0.000000] Booting paravirtualized kernel on KVM
[STDOUT  ] 2018-03-31T12:55:34.884866370Z: [    0.000000] clocksource: refined-jiffies: mask: 0xffffffff max_cycles: 0xffffffff, max_idle_ns: 19112604462750000 ns
[STDOUT  ] 2018-03-31T12:55:34.884873608Z: [    0.000000] setup_percpu: NR_CPUS:128 nr_cpumask_bits:128 nr_cpu_ids:1 nr_node_ids:1
