[INFO    ] 2018-11-28T22:44:26.841124769Z: Running Test linuxkit.packages.extend.xfs in /tmp/build/test/cases/040_packages/005_extend/002_xfs
[INFO    ] 2018-11-28T22:44:26.841282658Z: Running command: [/bin/sh -x /tmp/build/test/cases/040_packages/005_extend/002_xfs/test.sh]
[STDERR  ] 2018-11-28T22:44:26.865668345Z: + set -ex
[STDERR  ] 2018-11-28T22:44:26.865764128Z: + . /tmp/build/test/cases/_lib/lib.sh
[STDERR  ] 2018-11-28T22:44:26.865779993Z: + [ -f src/github.com/linuxkit/rtf/lib/lib.sh ]
[STDERR  ] 2018-11-28T22:44:26.865795363Z: + LINUXKIT_TMPDIR=/tmp/build/test/cases/_tmp
[STDERR  ] 2018-11-28T22:44:26.865809102Z: + [ -f /tmp/build/test/cases/_tmp/env.sh ]
[STDERR  ] 2018-11-28T22:44:26.865822032Z: + . /tmp/build/test/cases/_tmp/env.sh
[STDERR  ] 2018-11-28T22:44:26.865833772Z: + export LINUXKIT_EXAMPLES_DIR=/tmp/build/test/cases/../../examples
[STDERR  ] 2018-11-28T22:44:26.865847384Z: + RT_CANCEL=253
[STDERR  ] 2018-11-28T22:44:26.865859620Z: + NAME_CREATE=extend-xfs
[STDERR  ] 2018-11-28T22:44:26.865886422Z: + NAME_EXTEND=extend-xfs
[STDERR  ] 2018-11-28T22:44:26.865900220Z: + DISK=disk.img
[STDERR  ] 2018-11-28T22:44:26.865914145Z: + trap clean_up EXIT
[STDERR  ] 2018-11-28T22:44:26.865927708Z: + linuxkit build -name extend-xfs -format kernel+initrd test-create.yml
[STDERR  ] 2018-11-28T22:44:26.898299013Z: Extract kernel image: linuxkit/kernel:4.14.81
[STDERR  ] 2018-11-28T22:44:28.843935683Z: Add init containers:
[STDERR  ] 2018-11-28T22:44:28.844085472Z: Process init image: linuxkit/init:c563953a2277eb73a89d89f70e4b6dcdcfebc2d1
[STDERR  ] 2018-11-28T22:44:30.023901470Z: Process init image: linuxkit/runc:83d0edb4552b1a5df1f0976f05f442829eac38fe
[STDERR  ] 2018-11-28T22:44:31.193910107Z: Add onboot containers:
[STDERR  ] 2018-11-28T22:44:31.194093401Z:   Create OCI config for linuxkit/format:v0.6
[STDERR  ] 2018-11-28T22:44:32.560746610Z:   Create OCI config for linuxkit/mount:v0.6
[STDERR  ] 2018-11-28T22:44:34.159279394Z:   Create OCI config for alpine:3.8
[STDERR  ] 2018-11-28T22:44:35.332750028Z:   Create OCI config for linuxkit/poweroff:afe8f7dd0d47a7991c54519b0f09124cb8c4e300
[STDERR  ] 2018-11-28T22:44:36.582594781Z: Create outputs:
[STDERR  ] 2018-11-28T22:44:43.198216074Z:   extend-xfs-kernel extend-xfs-initrd.img extend-xfs-cmdline
[STDERR  ] 2018-11-28T22:44:43.274277954Z: + linuxkit run -disk file=disk.img,format=raw,size=256M extend-xfs
[STDOUT  ] 2018-11-28T22:44:44.181060183Z: [    0.000000] Linux version 4.14.81-linuxkit (root@12495f1ac1df) (gcc version 6.4.0 (Alpine 6.4.0)) #1 SMP Fri Nov 16 00:06:53 UTC 2018
[STDOUT  ] 2018-11-28T22:44:44.186046774Z: [    0.000000] Command line: console=ttyS0 console=ttyAMA0
[STDOUT  ] 2018-11-28T22:44:44.190027416Z: [    0.000000] x86/fpu: x87 FPU will use FXSAVE
[STDOUT  ] 2018-11-28T22:44:44.194482197Z: [    0.000000] e820: BIOS-provided physical RAM map:
[STDOUT  ] 2018-11-28T22:44:44.200821450Z: [    0.000000] BIOS-e820: [mem 0x0000000000000000-0x000000000009fbff] usable
[STDOUT  ] 2018-11-28T22:44:44.207267539Z: [    0.000000] BIOS-e820: [mem 0x000000000009fc00-0x000000000009ffff] reserved
[STDOUT  ] 2018-11-28T22:44:44.213842855Z: [    0.000000] BIOS-e820: [mem 0x00000000000f0000-0x00000000000fffff] reserved
[STDOUT  ] 2018-11-28T22:44:44.220316307Z: [    0.000000] BIOS-e820: [mem 0x0000000000100000-0x000000003ffdefff] usable
[STDOUT  ] 2018-11-28T22:44:44.226844899Z: [    0.000000] BIOS-e820: [mem 0x000000003ffdf000-0x000000003fffffff] reserved
[STDOUT  ] 2018-11-28T22:44:44.233280788Z: [    0.000000] BIOS-e820: [mem 0x00000000b0000000-0x00000000bfffffff] reserved
[STDOUT  ] 2018-11-28T22:44:44.239868781Z: [    0.000000] BIOS-e820: [mem 0x00000000fed1c000-0x00000000fed1ffff] reserved
[STDOUT  ] 2018-11-28T22:44:44.246434186Z: [    0.000000] BIOS-e820: [mem 0x00000000feffc000-0x00000000feffffff] reserved
[STDOUT  ] 2018-11-28T22:44:44.253084844Z: [    0.000000] BIOS-e820: [mem 0x00000000fffc0000-0x00000000ffffffff] reserved
[STDOUT  ] 2018-11-28T22:44:44.257719223Z: [    0.000000] NX (Execute Disable) protection: active
[STDOUT  ] 2018-11-28T22:44:44.260694808Z: [    0.000000] SMBIOS 2.8 present.
[STDOUT  ] 2018-11-28T22:44:44.267376242Z: [    0.000000] DMI: QEMU Standard PC (Q35 + ICH9, 2009), BIOS 1.10.2-1 04/01/2014
[STDOUT  ] 2018-11-28T22:44:44.270750653Z: [    0.000000] Hypervisor detected: KVM
[STDOUT  ] 2018-11-28T22:44:44.274837801Z: [    0.000000] tsc: Fast TSC calibration failed
[STDOUT  ] 2018-11-28T22:44:44.279191914Z: [    0.000000] tsc: Unable to calibrate against PIT
[STDOUT  ] 2018-11-28T22:44:44.284003800Z: [    0.000000] tsc: No reference (HPET/PMTIMER) available
[STDOUT  ] 2018-11-28T22:44:44.289456491Z: [    0.000000] e820: last_pfn = 0x3ffdf max_arch_pfn = 0x400000000
[STDOUT  ] 2018-11-28T22:44:44.293659008Z: [    0.000000] x86/PAT: PAT not supported by CPU.
[STDOUT  ] 2018-11-28T22:44:44.300111474Z: [    0.000000] x86/PAT: Configuration [0-7]: WB  WT  UC- UC  WB  WT  UC- UC  
[STDOUT  ] 2018-11-28T22:44:44.307764197Z: [    0.000000] found SMP MP-table at [mem 0x000f6a90-0x000f6a9f] mapped at [ffffffffff200a90]
[STDOUT  ] 2018-11-28T22:44:44.312231393Z: [    0.000000] RAMDISK: [mem 0x3db6a000-0x3ffcffff]
[STDOUT  ] 2018-11-28T22:44:44.317651952Z: [    0.000000] ACPI: Early table checksum verification disabled
[STDOUT  ] 2018-11-28T22:44:44.323073870Z: [    0.000000] ACPI: RSDP 0x00000000000F68D0 000014 (v00 BOCHS )
[STDOUT  ] 2018-11-28T22:44:44.330914125Z: [    0.000000] ACPI: RSDT 0x000000003FFE2404 000034 (v01 BOCHS  BXPCRSDT 00000001 BXPC 00000001)
[STDOUT  ] 2018-11-28T22:44:44.338842448Z: [    0.000000] ACPI: FACP 0x000000003FFE22A4 000074 (v01 BOCHS  BXPCFACP 00000001 BXPC 00000001)
[STDOUT  ] 2018-11-28T22:44:44.346637366Z: [    0.000000] ACPI: DSDT 0x000000003FFE0040 002264 (v01 BOCHS  BXPCDSDT 00000001 BXPC 00000001)
[STDOUT  ] 2018-11-28T22:44:44.350998209Z: [    0.000000] ACPI: FACS 0x000000003FFE0000 000040
[STDOUT  ] 2018-11-28T22:44:44.358945720Z: [    0.000000] ACPI: APIC 0x000000003FFE2318 000078 (v01 BOCHS  BXPCAPIC 00000001 BXPC 00000001)
[STDOUT  ] 2018-11-28T22:44:44.366820763Z: [    0.000000] ACPI: HPET 0x000000003FFE2390 000038 (v01 BOCHS  BXPCHPET 00000001 BXPC 00000001)
[STDOUT  ] 2018-11-28T22:44:44.375056765Z: [    0.000000] ACPI: MCFG 0x000000003FFE23C8 00003C (v01 BOCHS  BXPCMCFG 00000001 BXPC 00000001)
[STDOUT  ] 2018-11-28T22:44:44.380396564Z: [    0.000000] kvm-clock: Using msrs 4b564d01 and 4b564d00
[STDOUT  ] 2018-11-28T22:44:44.386178131Z: [    0.000000] kvm-clock: cpu 0, msr 0:3ffdd001, primary cpu clock
[STDOUT  ] 2018-11-28T22:44:44.396313221Z: [    0.000000] clocksource: kvm-clock: mask: 0xffffffffffffffff max_cycles: 0x1cd42e4dffb, max_idle_ns: 881590591483 ns
[STDOUT  ] 2018-11-28T22:44:44.398829920Z: [    0.000000] Zone ranges:
[STDOUT  ] 2018-11-28T22:44:44.404943647Z: [    0.000000]   DMA      [mem 0x0000000000001000-0x0000000000ffffff]
[STDOUT  ] 2018-11-28T22:44:44.410930160Z: [    0.000000]   DMA32    [mem 0x0000000001000000-0x000000003ffdefff]
[STDOUT  ] 2018-11-28T22:44:44.413821524Z: [    0.000000]   Normal   empty
[STDOUT  ] 2018-11-28T22:44:44.416777973Z: [    0.000000]   Device   empty
[STDOUT  ] 2018-11-28T22:44:44.421215337Z: [    0.000000] Movable zone start for each node
[STDOUT  ] 2018-11-28T22:44:44.424819755Z: [    0.000000] Early memory node ranges
[STDOUT  ] 2018-11-28T22:44:44.430887884Z: [    0.000000]   node   0: [mem 0x0000000000001000-0x000000000009efff]
[STDOUT  ] 2018-11-28T22:44:44.437106733Z: [    0.000000]   node   0: [mem 0x0000000000100000-0x000000003ffdefff]
[STDOUT  ] 2018-11-28T22:44:44.444202309Z: [    0.000000] Initmem setup node 0 [mem 0x0000000000001000-0x000000003ffdefff]
[STDOUT  ] 2018-11-28T22:44:44.448202302Z: [    0.000000] ACPI: PM-Timer IO Port: 0x608
[STDOUT  ] 2018-11-28T22:44:44.453825586Z: [    0.000000] ACPI: LAPIC_NMI (acpi_id[0xff] dfl dfl lint[0x1])
[STDOUT  ] 2018-11-28T22:44:44.460627167Z: [    0.000000] IOAPIC[0]: apic_id 0, version 17, address 0xfec00000, GSI 0-23
[STDOUT  ] 2018-11-28T22:44:44.466919659Z: [    0.000000] ACPI: INT_SRC_OVR (bus 0 bus_irq 0 global_irq 2 dfl dfl)
[STDOUT  ] 2018-11-28T22:44:44.473514223Z: [    0.000000] ACPI: INT_SRC_OVR (bus 0 bus_irq 5 global_irq 5 high level)
[STDOUT  ] 2018-11-28T22:44:44.480167779Z: [    0.000000] ACPI: INT_SRC_OVR (bus 0 bus_irq 9 global_irq 9 high level)
[STDOUT  ] 2018-11-28T22:44:44.486912337Z: [    0.000000] ACPI: INT_SRC_OVR (bus 0 bus_irq 10 global_irq 10 high level)
[STDOUT  ] 2018-11-28T22:44:44.493681243Z: [    0.000000] ACPI: INT_SRC_OVR (bus 0 bus_irq 11 global_irq 11 high level)
[STDOUT  ] 2018-11-28T22:44:44.500064759Z: [    0.000000] Using ACPI (MADT) for SMP configuration information
[STDOUT  ] 2018-11-28T22:44:44.505127759Z: [    0.000000] ACPI: HPET id: 0x8086a201 base: 0xfed00000
[STDOUT  ] 2018-11-28T22:44:44.510356566Z: [    0.000000] smpboot: Allowing 1 CPUs, 0 hotplug CPUs
[STDOUT  ] 2018-11-28T22:44:44.516949392Z: [    0.000000] e820: [mem 0x40000000-0xafffffff] available for PCI devices
[STDOUT  ] 2018-11-28T22:44:44.521637920Z: [    0.000000] Booting paravirtualized kernel on KVM
[STDOUT  ] 2018-11-28T22:44:44.531963735Z: [    0.000000] clocksource: refined-jiffies: mask: 0xffffffff max_cycles: 0xffffffff, max_idle_ns: 1910969940391419 ns
[STDOUT  ] 2018-11-28T22:44:44.540197090Z: [    0.000000] random: get_random_bytes called from start_kernel+0x92/0x4cb with crng_init=0
[STDOUT  ] 2018-11-28T22:44:44.547867947Z: [    0.000000] setup_percpu: NR_CPUS:128 nr_cpumask_bits:128 nr_cpu_ids:1 nr_node_ids:1
[STDOUT  ] 2018-11-28T22:44:44.555942412Z: [    0.000000] percpu: Embedded 45 pages/cpu @ffff8fd13d800000 s144280 r8192 d31848 u2097152
[STDOUT  ] 2018-11-28T22:44:44.559847437Z: [    0.000000] KVM setup async PF for cpu 0
[STDOUT  ] 2018-11-28T22:44:44.564251689Z: [    0.000000] kvm-stealtime: cpu 0, msr 3d815f40
[STDOUT  ] 2018-11-28T22:44:44.570866768Z: [    0.000000] Built 1 zonelists, mobility grouping on.  Total pages: 257896
[STDOUT  ] 2018-11-28T22:44:44.576849481Z: [    0.000000] Kernel command line: console=ttyS0 console=ttyAMA0
[STDOUT  ] 2018-11-28T22:44:44.583410676Z: [    0.000000] PID hash table entries: 4096 (order: 3, 32768 bytes)
[STDOUT  ] 2018-11-28T22:44:44.590474373Z: [    0.000000] Dentry cache hash table entries: 131072 (order: 8, 1048576 bytes)
[STDOUT  ] 2018-11-28T22:44:44.597169730Z: [    0.000000] Inode-cache hash table entries: 65536 (order: 7, 524288 bytes)
[STDOUT  ] 2018-11-28T22:44:44.610588696Z: [    0.000000] Memory: 967596K/1048052K available (12300K kernel code, 1451K rwdata, 2968K rodata, 1524K init, 580K bss, 80456K reserved, 0K cma-reserved)
[STDOUT  ] 2018-11-28T22:44:44.615709329Z: [    0.000000] Kernel/User page tables isolation: enabled
[STDOUT  ] 2018-11-28T22:44:44.621112674Z: [    0.000000] ftrace: allocating 40648 entries in 159 pages
[STDOUT  ] 2018-11-28T22:44:44.625336630Z: [    0.001000] Hierarchical RCU implementation.
[STDOUT  ] 2018-11-28T22:44:44.631571491Z: [    0.001000] 	RCU restricting CPUs from NR_CPUS=128 to nr_cpu_ids=1.
[STDOUT  ] 2018-11-28T22:44:44.638134256Z: [    0.001000] RCU: Adjusting geometry for rcu_fanout_leaf=16, nr_cpu_ids=1
[STDOUT  ] 2018-11-28T22:44:44.643837267Z: [    0.001000] NR_IRQS: 8448, nr_irqs: 256, preallocated irqs: 16
[STDOUT  ] 2018-11-28T22:44:44.647587719Z: [    0.001000] Console: colour VGA+ 80x25
[STDOUT  ] 2018-11-28T22:44:44.651109297Z: [    0.001000] console [ttyS0] enabled
[STDOUT  ] 2018-11-28T22:44:44.660733370Z: [    0.001000] clocksource: hpet: mask: 0xffffffff max_cycles: 0xffffffff, max_idle_ns: 19112604467 ns
[STDOUT  ] 2018-11-28T22:44:44.666001275Z: [    0.001025] tsc: Detected 2299.908 MHz processor
[STDOUT  ] 2018-11-28T22:44:44.674532093Z: [    0.002029] Calibrating delay loop (skipped) preset value.. 4599.81 BogoMIPS (lpj=2299908)
[STDOUT  ] 2018-11-28T22:44:44.679296065Z: [    0.003043] pid_max: default: 32768 minimum: 301
[STDOUT  ] 2018-11-28T22:44:44.683342872Z: [    0.004071] ACPI: Core revision 20170728
[STDOUT  ] 2018-11-28T22:44:44.690361033Z: [    0.005715] ACPI: 1 ACPI AML tables successfully acquired and loaded
[STDOUT  ] 2018-11-28T22:44:44.694689251Z: [    0.006111] Security Framework initialized
[STDOUT  ] 2018-11-28T22:44:44.698340515Z: [    0.007033] Yama: becoming mindful.
[STDOUT  ] 2018-11-28T22:44:44.705108745Z: [    0.008074] Mount-cache hash table entries: 2048 (order: 2, 16384 bytes)
[STDOUT  ] 2018-11-28T22:44:44.712374061Z: [    0.010029] Mountpoint-cache hash table entries: 2048 (order: 2, 16384 bytes)
[STDOUT  ] 2018-11-28T22:44:44.728935342Z: [    0.013066] Last level iTLB entries: 4KB 0, 2MB 0, 4MB 0
[STDOUT  ] 2018-11-28T22:44:44.735554813Z: [    0.014039] Last level dTLB entries: 4KB 0, 2MB 0, 4MB 0, 1GB 0
[STDOUT  ] 2018-11-28T22:44:44.741637901Z: [    0.015032] Spectre V2 : Mitigation: Full generic retpoline
[STDOUT  ] 2018-11-28T22:44:44.750498510Z: [    0.016035] Spectre V2 : Spectre v2 / SpectreRSB mitigation: Filling RSB on context switch
[STDOUT  ] 2018-11-28T22:44:44.755342494Z: [    0.017029] Speculative Store Bypass: Vulnerable
[STDOUT  ] 2018-11-28T22:44:44.766118242Z: [    0.024139] Freeing SMP alternatives memory: 20K
[STDOUT  ] 2018-11-28T22:44:44.771745825Z: [    0.026618] smpboot: Max logical packages: 1
[STDOUT  ] 2018-11-28T22:44:44.779063710Z: [    0.031688] x2apic enabled
[STDOUT  ] 2018-11-28T22:44:44.786591004Z: [    0.032030] Switched APIC routing to physical x2apic.
[STDOUT  ] 2018-11-28T22:44:44.805122274Z: [    0.045835] ..TIMER: vector=0x30 apic1=0 pin1=2 apic2=-1 pin2=-1
[STDOUT  ] 2018-11-28T22:44:44.916893633Z: [    0.046000] smpboot: CPU0: Intel QEMU Virtual CPU version 2.5+ (family: 0x6, model: 0x6, stepping: 0x3)
[STDOUT  ] 2018-11-28T22:44:44.936183798Z: [    0.046160] Performance Events: PMU not available due to virtualization, using software events only.
[STDOUT  ] 2018-11-28T22:44:44.941078055Z: [    0.049032] Hierarchical SRCU implementation.
[STDOUT  ] 2018-11-28T22:44:44.947265686Z: [    0.050149] NMI watchdog: Perf event create on CPU 0 failed with -2
[STDOUT  ] 2018-11-28T22:44:44.953236643Z: [    0.051008] NMI watchdog: Perf NMI watchdog permanently disabled
[STDOUT  ] 2018-11-28T22:44:44.957818303Z: [    0.052094] smp: Bringing up secondary CPUs ...
[STDOUT  ] 2018-11-28T22:44:44.961807413Z: [    0.053008] smp: Brought up 1 node, 1 CPU
[STDOUT  ] 2018-11-28T22:44:44.968007616Z: [    0.054009] smpboot: Total of 1 processors activated (4599.81 BogoMIPS)
[STDOUT  ] 2018-11-28T22:44:44.980279519Z: [    0.057218] devtmpfs: initialized
[STDOUT  ] 2018-11-28T22:44:44.984832071Z: [    0.058073] x86/mm: Memory block size: 128MB
[STDOUT  ] 2018-11-28T22:44:44.988150833Z: [    0.059277] evm: security.ima
[STDOUT  ] 2018-11-28T22:44:44.991875660Z: [    0.060008] evm: security.capability
[STDOUT  ] 2018-11-28T22:44:45.002323494Z: [    0.061238] clocksource: jiffies: mask: 0xffffffff max_cycles: 0xffffffff, max_idle_ns: 1911260446275000 ns
[STDOUT  ] 2018-11-28T22:44:45.008473355Z: [    0.062018] futex hash table entries: 256 (order: 2, 16384 bytes)
[STDOUT  ] 2018-11-28T22:44:45.013250892Z: [    0.064212] NET: Registered protocol family 16
[STDOUT  ] 2018-11-28T22:44:45.017715733Z: [    0.065237] cpuidle: using governor ladder
[STDOUT  ] 2018-11-28T22:44:45.021794568Z: [    0.066013] cpuidle: using governor menu
[STDOUT  ] 2018-11-28T22:44:45.025965390Z: [    0.067156] ACPI: bus type PCI registered
[STDOUT  ] 2018-11-28T22:44:45.036197832Z: [    0.068505] PCI: MMCONFIG for domain 0000 [bus 00-ff] at [mem 0xb0000000-0xbfffffff] (base 0xb0000000)
[STDOUT  ] 2018-11-28T22:44:45.043083244Z: [    0.069017] PCI: MMCONFIG at [mem 0xb0000000-0xbfffffff] reserved in E820
[STDOUT  ] 2018-11-28T22:44:45.048725481Z: [    0.070033] PCI: Using configuration type 1 for base access
[STDOUT  ] 2018-11-28T22:44:45.057373958Z: [    0.073109] HugeTLB registered 2.00 MiB page size, pre-allocated 0 pages
[STDOUT  ] 2018-11-28T22:44:45.062159458Z: [    0.075221] ACPI: Added _OSI(Module Device)
[STDOUT  ] 2018-11-28T22:44:45.066642743Z: [    0.076010] ACPI: Added _OSI(Processor Device)
[STDOUT  ] 2018-11-28T22:44:45.071399735Z: [    0.077007] ACPI: Added _OSI(3.0 _SCP Extensions)
[STDOUT  ] 2018-11-28T22:44:45.076841913Z: [    0.078008] ACPI: Added _OSI(Processor Aggregator Device)
[STDOUT  ] 2018-11-28T22:44:45.085247781Z: [    0.084032] ACPI: Interpreter enabled
[STDOUT  ] 2018-11-28T22:44:45.088857065Z: [    0.085016] ACPI: (supports S0 S5)
[STDOUT  ] 2018-11-28T22:44:45.094316852Z: [    0.086006] ACPI: Using IOAPIC for interrupt routing
[STDOUT  ] 2018-11-28T22:44:45.103543064Z: [    0.087077] PCI: Using host bridge windows from ACPI; if necessary, use "pci=nocrs" and report a bug
[STDOUT  ] 2018-11-28T22:44:45.108866822Z: [    0.089404] ACPI: Enabled 2 GPEs in block 00 to 3F
[STDOUT  ] 2018-11-28T22:44:45.119190732Z: [    0.094441] ACPI: PCI Root Bridge [PCI0] (domain 0000 [bus 00-ff])
[STDOUT  ] 2018-11-28T22:44:45.127600707Z: [    0.095018] acpi PNP0A08:00: _OSC: OS supports [ExtendedConfig ASPM ClockPM Segments MSI]
[STDOUT  ] 2018-11-28T22:44:45.135461835Z: [    0.096201] acpi PNP0A08:00: _OSC: OS now controls [PCIeHotplug PME PCIeCapability]
[STDOUT  ] 2018-11-28T22:44:45.139694809Z: [    0.098035] PCI host bridge to bus 0000:00
[STDOUT  ] 2018-11-28T22:44:45.146498038Z: [    0.099008] pci_bus 0000:00: root bus resource [io  0x0000-0x0cf7 window]
[STDOUT  ] 2018-11-28T22:44:45.153344049Z: [    0.100012] pci_bus 0000:00: root bus resource [io  0x0d00-0xffff window]
[STDOUT  ] 2018-11-28T22:44:45.160906144Z: [    0.101012] pci_bus 0000:00: root bus resource [mem 0x000a0000-0x000bffff window]
[STDOUT  ] 2018-11-28T22:44:45.168300601Z: [    0.102012] pci_bus 0000:00: root bus resource [mem 0xc0000000-0xfebfffff window]
[STDOUT  ] 2018-11-28T22:44:45.173963366Z: [    0.103013] pci_bus 0000:00: root bus resource [bus 00-ff]
[STDOUT  ] 2018-11-28T22:44:45.259235492Z: [    0.174760] pci 0000:00:1f.0: quirk: [io  0x0600-0x067f] claimed by ICH6 ACPI/GPIO/TCO
[STDOUT  ] 2018-11-28T22:44:45.292620113Z: [    0.202256] ACPI: PCI Interrupt Link [LNKA] (IRQs 5 *10 11)
[STDOUT  ] 2018-11-28T22:44:45.298697595Z: [    0.203357] ACPI: PCI Interrupt Link [LNKB] (IRQs 5 *10 11)
[STDOUT  ] 2018-11-28T22:44:45.304590927Z: [    0.204361] ACPI: PCI Interrupt Link [LNKC] (IRQs 5 10 *11)
[STDOUT  ] 2018-11-28T22:44:45.310461351Z: [    0.205359] ACPI: PCI Interrupt Link [LNKD] (IRQs 5 10 *11)
[STDOUT  ] 2018-11-28T22:44:45.316414951Z: [    0.207238] ACPI: PCI Interrupt Link [LNKE] (IRQs 5 *10 11)
[STDOUT  ] 2018-11-28T22:44:45.322244356Z: [    0.209242] ACPI: PCI Interrupt Link [LNKF] (IRQs 5 *10 11)
[STDOUT  ] 2018-11-28T22:44:45.328178180Z: [    0.211112] ACPI: PCI Interrupt Link [LNKG] (IRQs 5 10 *11)
[STDOUT  ] 2018-11-28T22:44:45.334060003Z: [    0.213021] ACPI: PCI Interrupt Link [LNKH] (IRQs 5 10 *11)
[STDOUT  ] 2018-11-28T22:44:45.339247216Z: [    0.214174] ACPI: PCI Interrupt Link [GSIA] (IRQs *16)
[STDOUT  ] 2018-11-28T22:44:45.344410950Z: [    0.215032] ACPI: PCI Interrupt Link [GSIB] (IRQs *17)
[STDOUT  ] 2018-11-28T22:44:45.349832951Z: [    0.216032] ACPI: PCI Interrupt Link [GSIC] (IRQs *18)
[STDOUT  ] 2018-11-28T22:44:45.355051997Z: [    0.217033] ACPI: PCI Interrupt Link [GSID] (IRQs *19)
[STDOUT  ] 2018-11-28T22:44:45.360367472Z: [    0.218030] ACPI: PCI Interrupt Link [GSIE] (IRQs *20)
[STDOUT  ] 2018-11-28T22:44:45.365524858Z: [    0.219035] ACPI: PCI Interrupt Link [GSIF] (IRQs *21)
[STDOUT  ] 2018-11-28T22:44:45.370693459Z: [    0.220032] ACPI: PCI Interrupt Link [GSIG] (IRQs *22)
[STDOUT  ] 2018-11-28T22:44:45.375832315Z: [    0.221030] ACPI: PCI Interrupt Link [GSIH] (IRQs *23)
[STDOUT  ] 2018-11-28T22:44:45.380049207Z: [    0.222410] SCSI subsystem initialized
[STDOUT  ] 2018-11-28T22:44:45.384244265Z: [    0.223123] ACPI: bus type USB registered
[STDOUT  ] 2018-11-28T22:44:45.389755642Z: [    0.224045] usbcore: registered new interface driver usbfs
[STDOUT  ] 2018-11-28T22:44:45.395168314Z: [    0.225039] usbcore: registered new interface driver hub
[STDOUT  ] 2018-11-28T22:44:45.400308163Z: [    0.226045] usbcore: registered new device driver usb
[STDOUT  ] 2018-11-28T22:44:45.405473742Z: [    0.227046] pps_core: LinuxPPS API ver. 1 registered
[STDOUT  ] 2018-11-28T22:44:45.414417798Z: [    0.228006] pps_core: Software ver. 5.3.6 - Copyright 2005-2007 Rodolfo Giometti <giometti@linux.it>
[STDOUT  ] 2018-11-28T22:44:45.418487130Z: [    0.229026] PTP clock support registered
[STDOUT  ] 2018-11-28T22:44:45.423055038Z: [    0.231153] PCI: Using ACPI for IRQ routing
[STDOUT  ] 2018-11-28T22:44:45.914497244Z: [    0.720480] NetLabel: Initializing
[STDOUT  ] 2018-11-28T22:44:45.918887423Z: [    0.721012] NetLabel:  domain hash size = 128
[STDOUT  ] 2018-11-28T22:44:45.924568833Z: [    0.722006] NetLabel:  protocols = UNLABELED CIPSOv4 CALIPSO
[STDOUT  ] 2018-11-28T22:44:45.930154991Z: [    0.723057] NetLabel:  unlabeled traffic allowed by default
[STDOUT  ] 2018-11-28T22:44:45.937494904Z: [    0.724226] HPET: 3 timers in total, 0 timers will be used for per-cpu timer
[STDOUT  ] 2018-11-28T22:44:45.942458710Z: [    0.725129] hpet0: at MMIO 0xfed00000, IRQs 2, 8, 0
[STDOUT  ] 2018-11-28T22:44:45.948511443Z: [    0.726008] hpet0: 3 comparators, 64-bit 100.000000 MHz counter
[STDOUT  ] 2018-11-28T22:44:45.956496584Z: [    0.729046] clocksource: Switched to clocksource kvm-clock
[STDOUT  ] 2018-11-28T22:44:45.980976710Z: [    0.754827] VFS: Disk quotas dquot_6.6.0
[STDOUT  ] 2018-11-28T22:44:45.988014330Z: [    0.759093] VFS: Dquot-cache hash table entries: 512 (order 0, 4096 bytes)
[STDOUT  ] 2018-11-28T22:44:45.991140293Z: [    0.766199] FS-Cache: Loaded
[STDOUT  ] 2018-11-28T22:44:45.994387884Z: [    0.769274] CacheFiles: Loaded
[STDOUT  ] 2018-11-28T22:44:45.997700471Z: [    0.772442] pnp: PnP ACPI init
[STDOUT  ] 2018-11-28T22:44:46.003249976Z: [    0.777081] pnp: PnP ACPI: found 5 devices
[STDOUT  ] 2018-11-28T22:44:46.018308811Z: [    0.787522] clocksource: acpi_pm: mask: 0xffffff max_cycles: 0xffffff, max_idle_ns: 2085701024 ns
[STDOUT  ] 2018-11-28T22:44:46.022841773Z: [    0.796435] NET: Registered protocol family 2
[STDOUT  ] 2018-11-28T22:44:46.030112433Z: [    0.801172] TCP established hash table entries: 8192 (order: 4, 65536 bytes)
[STDOUT  ] 2018-11-28T22:44:46.036675361Z: [    0.808151] TCP bind hash table entries: 8192 (order: 5, 131072 bytes)
[STDOUT  ] 2018-11-28T22:44:46.043860990Z: [    0.815511] TCP: Hash tables configured (established 8192 bind 8192)
[STDOUT  ] 2018-11-28T22:44:46.049994592Z: [    0.822129] UDP hash table entries: 512 (order: 2, 16384 bytes)
[STDOUT  ] 2018-11-28T22:44:46.056453506Z: [    0.828112] UDP-Lite hash table entries: 512 (order: 2, 16384 bytes)
[STDOUT  ] 2018-11-28T22:44:46.061327978Z: [    0.834572] NET: Registered protocol family 1
[STDOUT  ] 2018-11-28T22:44:46.069822595Z: [    0.839619] pci 0000:00:01.0: Video device with shadowed ROM at [mem 0x000c0000-0x000dffff]
[STDOUT  ] 2018-11-28T22:44:46.075977824Z: [    0.848471] Trying to unpack rootfs image as initramfs...
[STDOUT  ] 2018-11-28T22:44:46.825211142Z: [    1.599072] Freeing initrd memory: 37272K
[STDOUT  ] 2018-11-28T22:44:46.835386962Z: [    1.603419] clocksource: tsc: mask: 0xffffffffffffffff max_cycles: 0x2126de31b4a, max_idle_ns: 440795292652 ns
[STDOUT  ] 2018-11-28T22:44:46.841391226Z: [    1.614146] PCLMULQDQ-NI instructions are not detected.
[STDOUT  ] 2018-11-28T22:44:46.846767755Z: [    1.619490] AVX or AES-NI instructions are not detected.
[STDOUT  ] 2018-11-28T22:44:46.852245443Z: [    1.624789] CPU feature 'AVX registers' is not supported.
[STDOUT  ] 2018-11-28T22:44:46.857586568Z: [    1.630262] CPU feature 'AVX registers' is not supported.
[STDOUT  ] 2018-11-28T22:44:46.863007634Z: [    1.635630] CPU feature 'AVX registers' is not supported.
[STDOUT  ] 2018-11-28T22:44:46.868482287Z: [    1.641108] CPU feature 'AVX registers' is not supported.
[STDOUT  ] 2018-11-28T22:44:46.873796200Z: [    1.646495] AVX2 or AES-NI instructions are not detected.
[STDOUT  ] 2018-11-28T22:44:46.878311587Z: [    1.651828] AVX2 instructions are not detected.
[STDOUT  ] 2018-11-28T22:44:46.883984796Z: [    1.656611] audit: initializing netlink subsys (disabled)
[STDOUT  ] 2018-11-28T22:44:46.892981669Z: [    1.662449] audit: type=2000 audit(1543445085.801:1): state=initialized audit_enabled=0 res=1
[STDOUT  ] 2018-11-28T22:44:46.899548427Z: [    1.671139] workingset: timestamp_bits=46 max_order=18 bucket_order=0
[STDOUT  ] 2018-11-28T22:44:46.905729592Z: [    1.677957] squashfs: version 4.0 (2009/01/31) Phillip Lougher
[STDOUT  ] 2018-11-28T22:44:46.911236881Z: [    1.683885] FS-Cache: Netfs 'cifs' registered for caching
[STDOUT  ] 2018-11-28T22:44:46.915275209Z: [    1.689326] fuse init (API version 7.26)
[STDOUT  ] 2018-11-28T22:44:46.921705898Z: [    1.693414] SGI XFS with ACLs, security attributes, no debug enabled
[STDOUT  ] 2018-11-28T22:44:46.927401958Z: [    1.699946] 9p: Installing v9fs 9p2000 file system support
[STDOUT  ] 2018-11-28T22:44:46.932742704Z: [    1.705467] FS-Cache: Netfs '9p' registered for caching
[STDOUT  ] 2018-11-28T22:44:46.938584078Z: [    1.712163] NET: Registered protocol family 38
[STDOUT  ] 2018-11-28T22:44:46.942688257Z: [    1.716651] Key type asymmetric registered
[STDOUT  ] 2018-11-28T22:44:46.947765026Z: [    1.720877] Asymmetric key parser 'x509' registered
[STDOUT  ] 2018-11-28T22:44:46.955072198Z: [    1.725821] Block layer SCSI generic (bsg) driver version 0.4 loaded (major 247)
[STDOUT  ] 2018-11-28T22:44:46.965290888Z: [    1.733340] io scheduler noop registered
[STDOUT  ] 2018-11-28T22:44:46.970450649Z: [    1.743278] io scheduler deadline registered (default)
[STDOUT  ] 2018-11-28T22:44:46.974399693Z: [    1.748530] io scheduler cfq registered
[STDOUT  ] 2018-11-28T22:44:46.978937260Z: [    1.752436] io scheduler mq-deadline registered
[STDOUT  ] 2018-11-28T22:44:46.983041825Z: [    1.756968] io scheduler kyber registered
[STDOUT  ] 2018-11-28T22:44:46.989793411Z: [    1.761208] shpchp: Standard Hot Plug PCI Controller Driver version: 0.4
[STDOUT  ] 2018-11-28T22:44:46.994562134Z: [    1.767863] hv_vmbus: registering driver hyperv_fb
[STDOUT  ] 2018-11-28T22:44:47.001993723Z: [    1.772743] input: Power Button as /devices/LNXSYSTM:00/LNXPWRBN:00/input/input0
[STDOUT  ] 2018-11-28T22:44:47.005792689Z: [    1.780121] ACPI: Power Button [PWRF]
[STDOUT  ] 2018-11-28T22:44:47.012574088Z: [    1.784653] ACPI: PCI Interrupt Link [GSIG] enabled at IRQ 22
[STDOUT  ] 2018-11-28T22:44:47.024639417Z: [    1.796769] ACPI: PCI Interrupt Link [GSIH] enabled at IRQ 23
[STDOUT  ] 2018-11-28T22:44:47.036992880Z: [    1.808713] Serial: 8250/16550 driver, 4 ports, IRQ sharing disabled
[STDOUT  ] 2018-11-28T22:44:47.079102332Z: [    1.849953] 00:04: ttyS0 at I/O 0x3f8 (irq = 4, base_baud = 115200) is a 16550A
[STDOUT  ] 2018-11-28T22:44:47.084430005Z: [    1.858139] Non-volatile memory driver v1.3
[STDOUT  ] 2018-11-28T22:44:47.094991633Z: [    1.864200] Hangcheck: starting hangcheck timer 0.9.1 (tick is 180 seconds, margin is 60 seconds).
[STDOUT  ] 2018-11-28T22:44:47.098805717Z: [    1.873318] random: fast init done
[STDOUT  ] 2018-11-28T22:44:47.103579131Z: [    1.878079] random: crng init done
[STDOUT  ] 2018-11-28T22:44:47.107809466Z: [    1.882674] brd: module loaded
[STDOUT  ] 2018-11-28T22:44:47.113620480Z: [    1.888344] loop: module loaded
[STDOUT  ] 2018-11-28T22:44:47.123619131Z: [    1.895519] lpc_ich 0000:00:1f.0: I/O space for GPIO uninitialized
[STDOUT  ] 2018-11-28T22:44:47.128671909Z: [    1.901752] VMware PVSCSI driver - version 1.0.7.0-k
[STDOUT  ] 2018-11-28T22:44:47.133745635Z: [    1.906740] hv_vmbus: registering driver hv_storvsc
[STDOUT  ] 2018-11-28T22:44:47.140019507Z: [    1.912372] ACPI: PCI Interrupt Link [GSIA] enabled at IRQ 16
[STDOUT  ] 2018-11-28T22:44:47.152111351Z: [    1.921790] ahci 0000:00:1f.2: AHCI 0001.0000 32 slots 6 ports 1.5 Gbps 0x3f impl SATA mode
[STDOUT  ] 2018-11-28T22:44:47.157191048Z: [    1.930128] ahci 0000:00:1f.2: flags: 64bit ncq only 
[STDOUT  ] 2018-11-28T22:44:47.164156080Z: [    1.939223] scsi host0: ahci
[STDOUT  ] 2018-11-28T22:44:47.167204521Z: [    1.942315] scsi host1: ahci
[STDOUT  ] 2018-11-28T22:44:47.170274845Z: [    1.945340] scsi host2: ahci
[STDOUT  ] 2018-11-28T22:44:47.173356936Z: [    1.948389] scsi host3: ahci
[STDOUT  ] 2018-11-28T22:44:47.176443880Z: [    1.951507] scsi host4: ahci
[STDOUT  ] 2018-11-28T22:44:47.179537038Z: [    1.954562] scsi host5: ahci
[STDOUT  ] 2018-11-28T22:44:47.187040891Z: [    1.957656] ata1: SATA max UDMA/133 abar m4096@0xfebd2000 port 0xfebd2100 irq 24
[STDOUT  ] 2018-11-28T22:44:47.194320871Z: [    1.965110] ata2: SATA max UDMA/133 abar m4096@0xfebd2000 port 0xfebd2180 irq 24
[STDOUT  ] 2018-11-28T22:44:47.201634345Z: [    1.972388] ata3: SATA max UDMA/133 abar m4096@0xfebd2000 port 0xfebd2200 irq 24
[STDOUT  ] 2018-11-28T22:44:47.209044972Z: [    1.979762] ata4: SATA max UDMA/133 abar m4096@0xfebd2000 port 0xfebd2280 irq 24
[STDOUT  ] 2018-11-28T22:44:47.216530368Z: [    1.987109] ata5: SATA max UDMA/133 abar m4096@0xfebd2000 port 0xfebd2300 irq 24
[STDOUT  ] 2018-11-28T22:44:47.223883357Z: [    1.994626] ata6: SATA max UDMA/133 abar m4096@0xfebd2000 port 0xfebd2380 irq 24
[STDOUT  ] 2018-11-28T22:44:47.231499850Z: [    2.004433] tun: Universal TUN/TAP device driver, 1.6
[STDOUT  ] 2018-11-28T22:44:47.242764720Z: [    2.014318] VMware vmxnet3 virtual NIC driver - version 1.4.a.0-k-NAPI
[STDOUT  ] 2018-11-28T22:44:47.247516282Z: [    2.020804] hv_vmbus: registering driver hv_netvsc
[STDOUT  ] 2018-11-28T22:44:47.251673575Z: [    2.025562] Fusion MPT base driver 3.04.20
[STDOUT  ] 2018-11-28T22:44:47.256608769Z: [    2.029718] Copyright (c) 1999-2008 LSI Corporation
[STDOUT  ] 2018-11-28T22:44:47.261085640Z: [    2.034646] Fusion MPT SPI Host driver 3.04.20
[STDOUT  ] 2018-11-28T22:44:47.269163043Z: [    2.039200] i8042: PNP: PS/2 Controller [PNP0303:KBD,PNP0f13:MOU] at 0x60,0x64 irq 1,12
[STDOUT  ] 2018-11-28T22:44:47.278356171Z: [    2.051281] serio: i8042 KBD port at 0x60,0x64 irq 1
[STDOUT  ] 2018-11-28T22:44:47.283437899Z: [    2.056411] serio: i8042 AUX port at 0x60,0x64 irq 12
[STDOUT  ] 2018-11-28T22:44:47.289005884Z: [    2.061639] hv_vmbus: registering driver hyperv_keyboard
[STDOUT  ] 2018-11-28T22:44:47.294647150Z: [    2.067163] mousedev: PS/2 mouse device common for all mice
[STDOUT  ] 2018-11-28T22:44:47.304627323Z: [    2.074221] input: AT Translated Set 2 keyboard as /devices/platform/i8042/serio0/input/input1
[STDOUT  ] 2018-11-28T22:44:47.311429947Z: [    2.082752] input: PC Speaker as /devices/platform/pcspkr/input/input2
[STDOUT  ] 2018-11-28T22:44:47.317154498Z: [    2.090591] rtc_cmos 00:00: RTC can wake from S4
[STDOUT  ] 2018-11-28T22:44:47.325072864Z: [    2.096997] rtc_cmos 00:00: rtc core: registered rtc_cmos as rtc0
[STDOUT  ] 2018-11-28T22:44:47.333866547Z: [    2.103965] rtc_cmos 00:00: alarms up to one day, y3k, 114 bytes nvram, hpet irqs
[STDOUT  ] 2018-11-28T22:44:47.337514607Z: [    2.111948] i2c /dev entries driver
[STDOUT  ] 2018-11-28T22:44:47.346196920Z: [    2.115699] device-mapper: ioctl: 4.37.0-ioctl (2017-09-20) initialised: dm-devel@redhat.com
[STDOUT  ] 2018-11-28T22:44:47.352755661Z: [    2.125147] usbcore: registered new interface driver usbhid
[STDOUT  ] 2018-11-28T22:44:47.356653262Z: [    2.130776] usbhid: USB HID core driver
[STDOUT  ] 2018-11-28T22:44:47.362102763Z: [    2.134786] hv_utils: Registering HyperV Utility Driver
[STDOUT  ] 2018-11-28T22:44:47.366700909Z: [    2.140128] hv_vmbus: registering driver hv_util
[STDOUT  ] 2018-11-28T22:44:47.371653198Z: [    2.144751] hv_vmbus: registering driver hv_balloon
[STDOUT  ] 2018-11-28T22:44:47.375920579Z: [    2.149709] oprofile: using NMI interrupt.
[STDOUT  ] 2018-11-28T22:44:47.379214039Z: [    2.153989] GACT probability on
[STDOUT  ] 2018-11-28T22:44:47.382913047Z: [    2.157242] Mirror/redirect action on
[STDOUT  ] 2018-11-28T22:44:47.386456094Z: [    2.160957] Simple TC action Loaded
[STDOUT  ] 2018-11-28T22:44:47.389287312Z: [    2.164487] u32 classifier
[STDOUT  ] 2018-11-28T22:44:47.393181820Z: [    2.167330]     Performance counters on
[STDOUT  ] 2018-11-28T22:44:47.396947344Z: [    2.171205]     input device check on
[STDOUT  ] 2018-11-28T22:44:47.400438463Z: [    2.174962]     Actions configured
[STDOUT  ] 2018-11-28T22:44:47.405358964Z: [    2.178483] Netfilter messages via NETLINK v0.30.
[STDOUT  ] 2018-11-28T22:44:47.410271188Z: [    2.183427] nfnl_acct: registering with nfnetlink.
[STDOUT  ] 2018-11-28T22:44:47.416355846Z: [    2.188368] nf_conntrack version 0.5.0 (8192 buckets, 32768 max)
[STDOUT  ] 2018-11-28T22:44:47.421711235Z: [    2.194468] ctnetlink v0.93: registering with nfnetlink.
[STDOUT  ] 2018-11-28T22:44:47.428297600Z: [    2.199836] nf_tables: (c) 2007-2009 Patrick McHardy <kaber@trash.net>
[STDOUT  ] 2018-11-28T22:44:47.435429854Z: [    2.206340] nf_tables_compat: (c) 2012 Pablo Neira Ayuso <pablo@netfilter.org>
[STDOUT  ] 2018-11-28T22:44:47.440188139Z: [    2.213845] xt_time: kernel timezone is -0000
[STDOUT  ] 2018-11-28T22:44:47.443479880Z: [    2.218378] ip_set: protocol 6
[STDOUT  ] 2018-11-28T22:44:47.449300950Z: [    2.221772] ipip: IPv4 and MPLS over IPv4 tunneling driver
[STDOUT  ] 2018-11-28T22:44:47.454728199Z: [    2.227741] gre: GRE over IPv4 demultiplexor driver
[STDOUT  ] 2018-11-28T22:44:47.460441442Z: [    2.233143] ip_tables: (C) 2000-2006 Netfilter Core Team
[STDOUT  ] 2018-11-28T22:44:47.466418853Z: [    2.238769] arp_tables: arp_tables: (C) 2002 David S. Miller
[STDOUT  ] 2018-11-28T22:44:47.471392404Z: [    2.244788] NET: Registered protocol family 10
[STDOUT  ] 2018-11-28T22:44:47.475946957Z: [    2.250263] Segment Routing with IPv6
[STDOUT  ] 2018-11-28T22:44:47.481520644Z: [    2.254077] ip6_tables: (C) 2000-2006 Netfilter Core Team
[STDOUT  ] 2018-11-28T22:44:47.486585988Z: [    2.260164] NET: Registered protocol family 17
[STDOUT  ] 2018-11-28T22:44:47.490608417Z: [    2.264655] Bridge firewalling registered
[STDOUT  ] 2018-11-28T22:44:47.495096541Z: [    2.268910] 8021q: 802.1Q VLAN Support v1.8
[STDOUT  ] 2018-11-28T22:44:47.499528463Z: [    2.273157] 9pnet: Installing 9P2000 support
[STDOUT  ] 2018-11-28T22:44:47.504163857Z: [    2.277867] Key type dns_resolver registered
[STDOUT  ] 2018-11-28T22:44:47.508561673Z: [    2.282432] registered taskstats version 1
[STDOUT  ] 2018-11-28T22:44:47.521334670Z: [    2.295435] Key type big_key registered
[STDOUT  ] 2018-11-28T22:44:47.530407964Z: [    2.304444] Key type trusted registered
[STDOUT  ] 2018-11-28T22:44:47.538847724Z: [    2.312796] Key type encrypted registered
[STDOUT  ] 2018-11-28T22:44:47.544971018Z: [    2.317681] ata4: SATA link down (SStatus 0 SControl 300)
[STDOUT  ] 2018-11-28T22:44:47.552002817Z: [    2.323916] ata3: SATA link up 1.5 Gbps (SStatus 113 SControl 300)
[STDOUT  ] 2018-11-28T22:44:47.558492370Z: [    2.331091] ata2: SATA link down (SStatus 0 SControl 300)
[STDOUT  ] 2018-11-28T22:44:47.565472621Z: [    2.337414] ata1: SATA link up 1.5 Gbps (SStatus 113 SControl 300)
[STDOUT  ] 2018-11-28T22:44:47.571824977Z: [    2.344538] ata5: SATA link down (SStatus 0 SControl 300)
[STDOUT  ] 2018-11-28T22:44:47.578054359Z: [    2.350736] ata6: SATA link down (SStatus 0 SControl 300)
[STDOUT  ] 2018-11-28T22:44:47.584601633Z: [    2.356335] ima: No TPM chip found, activating TPM-bypass! (rc=-19)
[STDOUT  ] 2018-11-28T22:44:47.590143668Z: [    2.362492] ata1.00: ATA-7: QEMU HARDDISK, 2.5+, max UDMA/100
[STDOUT  ] 2018-11-28T22:44:47.596812246Z: [    2.368200] ata1.00: 524288 sectors, multi 16: LBA48 NCQ (depth 31/32)
[STDOUT  ] 2018-11-28T22:44:47.601035848Z: [    2.374839] ata1.00: applying bridge limits
[STDOUT  ] 2018-11-28T22:44:47.607294390Z: [    2.379422] ata3.00: ATAPI: QEMU DVD-ROM, 2.5+, max UDMA/100
[STDOUT  ] 2018-11-28T22:44:47.611696224Z: [    2.385351] ata3.00: applying bridge limits
[STDOUT  ] 2018-11-28T22:44:47.616829996Z: [    2.390092] ima: Allocated hash algorithm: sha256
[STDOUT  ] 2018-11-28T22:44:47.620207335Z: [    2.394998] evm: HMAC attrs: 0x1
[STDOUT  ] 2018-11-28T22:44:47.624814706Z: [    2.398572] ata3.00: configured for UDMA/100
[STDOUT  ] 2018-11-28T22:44:47.635222239Z: [    2.405341] rtc_cmos 00:00: setting system clock to 2018-11-28 22:44:47 UTC (1543445087)
[STDOUT  ] 2018-11-28T22:44:47.640450093Z: [    2.414110] ata1.00: configured for UDMA/100
[STDOUT  ] 2018-11-28T22:44:47.648512848Z: [    2.418583] scsi 0:0:0:0: Direct-Access     ATA      QEMU HARDDISK    2.5+ PQ: 0 ANSI: 5
[STDOUT  ] 2018-11-28T22:44:47.657701822Z: [    2.428525] sd 0:0:0:0: [sda] 524288 512-byte logical blocks: (268 MB/256 MiB)
[STDOUT  ] 2018-11-28T22:44:47.663416398Z: [    2.435901] sd 0:0:0:0: Attached scsi generic sg0 type 0
[STDOUT  ] 2018-11-28T22:44:47.668496158Z: [    2.441522] sd 0:0:0:0: [sda] Write Protect is off
[STDOUT  ] 2018-11-28T22:44:47.677236912Z: [    2.447106] scsi 2:0:0:0: CD-ROM            QEMU     QEMU DVD-ROM     2.5+ PQ: 0 ANSI: 5
[STDOUT  ] 2018-11-28T22:44:47.686281358Z: [    2.455354] sd 0:0:0:0: [sda] Write cache: enabled, read cache: enabled, doesn't support DPO or FUA
[STDOUT  ] 2018-11-28T22:44:47.693107377Z: [    2.466485] sd 0:0:0:0: [sda] Attached SCSI disk
[STDOUT  ] 2018-11-28T22:44:47.709560730Z: [    2.480761] sr 2:0:0:0: [sr0] scsi3-mmc drive: 4x/4x cd/rw xa/form2 tray
[STDOUT  ] 2018-11-28T22:44:47.714810898Z: [    2.487627] cdrom: Uniform CD-ROM driver Revision: 3.20
[STDOUT  ] 2018-11-28T22:44:47.720776148Z: [    2.493455] sr 2:0:0:0: Attached scsi generic sg1 type 5
[STDOUT  ] 2018-11-28T22:44:47.727298894Z: [    2.500762] Freeing unused kernel memory: 1524K
[STDOUT  ] 2018-11-28T22:44:47.734984609Z: [    2.507191] Write protecting the kernel read-only data: 18432k
[STDOUT  ] 2018-11-28T22:44:47.740453449Z: [    2.513954] Freeing unused kernel memory: 2024K
[STDOUT  ] 2018-11-28T22:44:47.748116327Z: [    2.521609] Freeing unused kernel memory: 1128K
[STDOUT  ] 2018-11-28T22:44:48.384822939Z: 
[STDOUT  ] 2018-11-28T22:44:48.386636309Z: Welcome to LinuxKit
[STDOUT  ] 2018-11-28T22:44:48.387293580Z: 
[STDOUT  ] 2018-11-28T22:44:48.389963101Z:                         ##         .
[STDOUT  ] 2018-11-28T22:44:48.392584026Z:                   ## ## ##        ==
[STDOUT  ] 2018-11-28T22:44:48.395149842Z:                ## ## ## ## ##    ===
[STDOUT  ] 2018-11-28T22:44:48.397815345Z:            /"""""""""""""""""\___/ ===
[STDOUT  ] 2018-11-28T22:44:48.400564784Z:           {                       /  ===-
[STDOUT  ] 2018-11-28T22:44:48.403067721Z:            \______ O           __/
[STDOUT  ] 2018-11-28T22:44:48.405455267Z:              \    \         __/
[STDOUT  ] 2018-11-28T22:44:48.407560653Z:               \____\_______/
[STDOUT  ] 2018-11-28T22:44:48.408151663Z: 
[STDOUT  ] 2018-11-28T22:44:48.554237813Z: [    3.330167]  sda:
[STDOUT  ] 2018-11-28T22:44:48.563950215Z: [    3.339815]  sda:
[STDOUT  ] 2018-11-28T22:44:48.833257395Z: [    3.608770]  sda: sda1
[STDOUT  ] 2018-11-28T22:44:48.840200554Z: [    3.615650]  sda: sda1
[STDOUT  ] 2018-11-28T22:44:49.921448891Z: [    4.694149] mkfs.xfs: sending ioctl 1261 to a partition!
[STDOUT  ] 2018-11-28T22:44:49.929186840Z: 2018/11/28 22:44:48 Creating partition on /dev/sda
[STDOUT  ] 2018-11-28T22:44:49.933759723Z: 2018/11/28 22:44:49 Partition /dev/sda1 successfully created!
[STDOUT  ] 2018-11-28T22:44:50.020815871Z: [    4.788211] FAT-fs (sda1): utf8 is not a recommended IO charset for FAT filesystems, filesystem will be case sensitive!
[STDOUT  ] 2018-11-28T22:44:50.032179190Z: [    4.799545] FAT-fs (sda1): utf8 is not a recommended IO charset for FAT filesystems, filesystem will be case sensitive!
[STDOUT  ] 2018-11-28T22:44:50.037899022Z: [    4.810835] mount: sending ioctl 5310 to a partition!
[STDOUT  ] 2018-11-28T22:44:50.072146719Z: [    4.845172] mount: sending ioctl 5310 to a partition!
[STDOUT  ] 2018-11-28T22:44:50.079746646Z: [    4.853284] XFS (sda1): Mounting V5 Filesystem
[STDOUT  ] 2018-11-28T22:44:50.095933995Z: [    4.869815] XFS (sda1): Ending clean mount
[STDOUT  ] 2018-11-28T22:45:00.356253265Z: [   15.128369] sd 0:0:0:0: [sda] Synchronizing SCSI cache
[STDOUT  ] 2018-11-28T22:45:00.361311970Z: [   15.134696] sd 0:0:0:0: [sda] Stopping disk
[STDOUT  ] 2018-11-28T22:45:00.368560155Z: [   15.140761] ACPI: Preparing to enter system sleep state S5
[STDOUT  ] 2018-11-28T22:45:00.372536816Z: [   15.147221] reboot: Power down
[STDERR  ] 2018-11-28T22:45:00.400697847Z: + [ -f disk.img ]
[STDERR  ] 2018-11-28T22:45:00.400909566Z: + dd if=/dev/zero bs=1048576 count=256
[STDERR  ] 2018-11-28T22:45:00.598501724Z: 256+0 records in
[STDERR  ] 2018-11-28T22:45:00.598722072Z: 256+0 records out
[STDERR  ] 2018-11-28T22:45:00.598793832Z: 268435456 bytes (268 MB, 256 MiB) copied, 0.196849 s, 1.4 GB/s
[STDERR  ] 2018-11-28T22:45:00.598842587Z: + linuxkit build -format kernel+initrd -name extend-xfs test.yml
[STDERR  ] 2018-11-28T22:45:00.652056374Z: Extract kernel image: linuxkit/kernel:4.14.81
[STDERR  ] 2018-11-28T22:45:02.821356557Z: Add init containers:
[STDERR  ] 2018-11-28T22:45:02.821427854Z: Process init image: linuxkit/init:c563953a2277eb73a89d89f70e4b6dcdcfebc2d1
[STDERR  ] 2018-11-28T22:45:04.039538521Z: Process init image: linuxkit/runc:83d0edb4552b1a5df1f0976f05f442829eac38fe
[STDERR  ] 2018-11-28T22:45:05.190499981Z: Add onboot containers:
[STDERR  ] 2018-11-28T22:45:05.190583112Z:   Create OCI config for linuxkit/extend:v0.6
[STDERR  ] 2018-11-28T22:45:07.281873920Z:   Create OCI config for linuxkit/mount:v0.6
[STDERR  ] 2018-11-28T22:45:08.659987663Z:   Create OCI config for alpine:3.8
[STDERR  ] 2018-11-28T22:45:09.835430963Z:   Create OCI config for linuxkit/poweroff:afe8f7dd0d47a7991c54519b0f09124cb8c4e300
[STDERR  ] 2018-11-28T22:45:11.017905986Z: Add files:
[STDERR  ] 2018-11-28T22:45:11.017960815Z:   check.sh
[STDERR  ] 2018-11-28T22:45:11.018834290Z: Create outputs:
[STDERR  ] 2018-11-28T22:45:20.091668036Z:   extend-xfs-kernel extend-xfs-initrd.img extend-xfs-cmdline
[STDERR  ] 2018-11-28T22:45:20.391721950Z: + linuxkit run -disk file=disk.img extend-xfs
[STDERR  ] 2018-11-28T22:45:20.421152241Z: Using existing disk [disk.img] format 
[STDERR  ] 2018-11-28T22:45:20.440527130Z: WARNING: Image format was not specified for 'disk.img' and probing guessed raw.
[STDERR  ] 2018-11-28T22:45:20.440584040Z:          Automatically detecting the format is dangerous for raw images, write operations on block 0 will be restricted.
[STDERR  ] 2018-11-28T22:45:20.440598426Z:          Specify the 'raw' format explicitly to remove the restrictions.
[STDERR  ] 2018-11-28T22:45:38.568040352Z: + RESULT=[    0.000000] Linux version 4.14.81-linuxkit (root@12495f1ac1df) (gcc version 6.4.0 (Alpine 6.4.0)) #1 SMP Fri Nov 16 00:06:53 UTC 2018
[STDERR  ] 2018-11-28T22:45:38.568120086Z: [    0.000000] Command line: console=ttyS0 console=ttyAMA0
[STDERR  ] 2018-11-28T22:45:38.568137231Z: [    0.000000] x86/fpu: x87 FPU will use FXSAVE
[STDERR  ] 2018-11-28T22:45:38.568150185Z: [    0.000000] e820: BIOS-provided physical RAM map:
[STDERR  ] 2018-11-28T22:45:38.568164057Z: [    0.000000] BIOS-e820: [mem 0x0000000000000000-0x000000000009fbff] usable
[STDERR  ] 2018-11-28T22:45:38.568177506Z: [    0.000000] BIOS-e820: [mem 0x000000000009fc00-0x000000000009ffff] reserved
[STDERR  ] 2018-11-28T22:45:38.568190152Z: [    0.000000] BIOS-e820: [mem 0x00000000000f0000-0x00000000000fffff] reserved
[STDERR  ] 2018-11-28T22:45:38.568201720Z: [    0.000000] BIOS-e820: [mem 0x0000000000100000-0x000000003ffdefff] usable
[STDERR  ] 2018-11-28T22:45:38.568214755Z: [    0.000000] BIOS-e820: [mem 0x000000003ffdf000-0x000000003fffffff] reserved
[STDERR  ] 2018-11-28T22:45:38.568228359Z: [    0.000000] BIOS-e820: [mem 0x00000000b0000000-0x00000000bfffffff] reserved
[STDERR  ] 2018-11-28T22:45:38.568242132Z: [    0.000000] BIOS-e820: [mem 0x00000000fed1c000-0x00000000fed1ffff] reserved
[STDERR  ] 2018-11-28T22:45:38.568278870Z: [    0.000000] BIOS-e820: [mem 0x00000000feffc000-0x00000000feffffff] reserved
[STDERR  ] 2018-11-28T22:45:38.568315024Z: [    0.000000] BIOS-e820: [mem 0x00000000fffc0000-0x00000000ffffffff] reserved
[STDERR  ] 2018-11-28T22:45:38.568328975Z: [    0.000000] NX (Execute Disable) protection: active
[STDERR  ] 2018-11-28T22:45:38.568342630Z: [    0.000000] SMBIOS 2.8 present.
[STDERR  ] 2018-11-28T22:45:38.568355921Z: [    0.000000] DMI: QEMU Standard PC (Q35 + ICH9, 2009), BIOS 1.10.2-1 04/01/2014
[STDERR  ] 2018-11-28T22:45:38.568369298Z: [    0.000000] Hypervisor detected: KVM
[STDERR  ] 2018-11-28T22:45:38.568382620Z: [    0.000000] tsc: Fast TSC calibration failed
[STDERR  ] 2018-11-28T22:45:38.568395321Z: [    0.000000] tsc: Unable to calibrate against PIT
[STDERR  ] 2018-11-28T22:45:38.568408349Z: [    0.000000] tsc: No reference (HPET/PMTIMER) available
[STDERR  ] 2018-11-28T22:45:38.568433198Z: [    0.000000] e820: last_pfn = 0x3ffdf max_arch_pfn = 0x400000000
[STDERR  ] 2018-11-28T22:45:38.568445757Z: [    0.000000] x86/PAT: PAT not supported by CPU.
[STDERR  ] 2018-11-28T22:45:38.568470169Z: [    0.000000] x86/PAT: Configuration [0-7]: WB  WT  UC- UC  WB  WT  UC- UC  
[STDERR  ] 2018-11-28T22:45:38.568489551Z: [    0.000000] found SMP MP-table at [mem 0x000f6a90-0x000f6a9f] mapped at [ffffffffff200a90]
[STDERR  ] 2018-11-28T22:45:38.568508648Z: [    0.000000] RAMDISK: [mem 0x3cb3b000-0x3ffcffff]
[STDERR  ] 2018-11-28T22:45:38.568521365Z: [    0.000000] ACPI: Early table checksum verification disabled
[STDERR  ] 2018-11-28T22:45:38.568538368Z: [    0.000000] ACPI: RSDP 0x00000000000F68D0 000014 (v00 BOCHS )
[STDERR  ] 2018-11-28T22:45:38.568550414Z: [    0.000000] ACPI: RSDT 0x000000003FFE2404 000034 (v01 BOCHS  BXPCRSDT 00000001 BXPC 00000001)
[STDERR  ] 2018-11-28T22:45:38.568568533Z: [    0.000000] ACPI: FACP 0x000000003FFE22A4 000074 (v01 BOCHS  BXPCFACP 00000001 BXPC 00000001)
[STDERR  ] 2018-11-28T22:45:38.568580564Z: [    0.000000] ACPI: DSDT 0x000000003FFE0040 002264 (v01 BOCHS  BXPCDSDT 00000001 BXPC 00000001)
[STDERR  ] 2018-11-28T22:45:38.568592559Z: [    0.000000] ACPI: FACS 0x000000003FFE0000 000040
[STDERR  ] 2018-11-28T22:45:38.568608425Z: [    0.000000] ACPI: APIC 0x000000003FFE2318 000078 (v01 BOCHS  BXPCAPIC 00000001 BXPC 00000001)
[STDERR  ] 2018-11-28T22:45:38.568624206Z: [    0.000000] ACPI: HPET 0x000000003FFE2390 000038 (v01 BOCHS  BXPCHPET 00000001 BXPC 00000001)
[STDERR  ] 2018-11-28T22:45:38.568638810Z: [    0.000000] ACPI: MCFG 0x000000003FFE23C8 00003C (v01 BOCHS  BXPCMCFG 00000001 BXPC 00000001)
[STDERR  ] 2018-11-28T22:45:38.568655251Z: [    0.000000] kvm-clock: Using msrs 4b564d01 and 4b564d00
[STDERR  ] 2018-11-28T22:45:38.568668154Z: [    0.000000] kvm-clock: cpu 0, msr 0:3ffdd001, primary cpu clock
[STDERR  ] 2018-11-28T22:45:38.568683790Z: [    0.000000] clocksource: kvm-clock: mask: 0xffffffffffffffff max_cycles: 0x1cd42e4dffb, max_idle_ns: 881590591483 ns
[STDERR  ] 2018-11-28T22:45:38.568696424Z: [    0.000000] Zone ranges:
[STDERR  ] 2018-11-28T22:45:38.568712018Z: [    0.000000]   DMA      [mem 0x0000000000001000-0x0000000000ffffff]
[STDERR  ] 2018-11-28T22:45:38.568723803Z: [    0.000000]   DMA32    [mem 0x0000000001000000-0x000000003ffdefff]
[STDERR  ] 2018-11-28T22:45:38.568735916Z: [    0.000000]   Normal   empty
[STDERR  ] 2018-11-28T22:45:38.568748080Z: [    0.000000]   Device   empty
[STDERR  ] 2018-11-28T22:45:38.568765969Z: [    0.000000] Movable zone start for each node
[STDERR  ] 2018-11-28T22:45:38.568777787Z: [    0.000000] Early memory node ranges
[STDERR  ] 2018-11-28T22:45:38.568789791Z: [    0.000000]   node   0: [mem 0x0000000000001000-0x000000000009efff]
[STDERR  ] 2018-11-28T22:45:38.568802294Z: [    0.000000]   node   0: [mem 0x0000000000100000-0x000000003ffdefff]
[STDERR  ] 2018-11-28T22:45:38.568817787Z: [    0.000000] Initmem setup node 0 [mem 0x0000000000001000-0x000000003ffdefff]
[STDERR  ] 2018-11-28T22:45:38.568829540Z: [    0.000000] ACPI: PM-Timer IO Port: 0x608
[STDERR  ] 2018-11-28T22:45:38.568848649Z: [    0.000000] ACPI: LAPIC_NMI (acpi_id[0xff] dfl dfl lint[0x1])
[STDERR  ] 2018-11-28T22:45:38.568860904Z: [    0.000000] IOAPIC[0]: apic_id 0, version 17, address 0xfec00000, GSI 0-23
[STDERR  ] 2018-11-28T22:45:38.568872037Z: [    0.000000] ACPI: INT_SRC_OVR (bus 0 bus_irq 0 global_irq 2 dfl dfl)
[STDERR  ] 2018-11-28T22:45:38.568883381Z: [    0.000000] ACPI: INT_SRC_OVR (bus 0 bus_irq 5 global_irq 5 high level)
[STDERR  ] 2018-11-28T22:45:38.568898607Z: [    0.000000] ACPI: INT_SRC_OVR (bus 0 bus_irq 9 global_irq 9 high level)
[STDERR  ] 2018-11-28T22:45:38.568909995Z: [    0.000000] ACPI: INT_SRC_OVR (bus 0 bus_irq 10 global_irq 10 high level)
[STDERR  ] 2018-11-28T22:45:38.568921596Z: [    0.000000] ACPI: INT_SRC_OVR (bus 0 bus_irq 11 global_irq 11 high level)
[STDERR  ] 2018-11-28T22:45:38.568933454Z: [    0.000000] Using ACPI (MADT) for SMP configuration information
[STDERR  ] 2018-11-28T22:45:38.568944953Z: [    0.000000] ACPI: HPET id: 0x8086a201 base: 0xfed00000
[STDERR  ] 2018-11-28T22:45:38.568956563Z: [    0.000000] smpboot: Allowing 1 CPUs, 0 hotplug CPUs
[STDERR  ] 2018-11-28T22:45:38.568976509Z: [    0.000000] e820: [mem 0x40000000-0xafffffff] available for PCI devices
[STDERR  ] 2018-11-28T22:45:38.568988098Z: [    0.000000] Booting paravirtualized kernel on KVM
[STDERR  ] 2018-11-28T22:45:38.569001595Z: [    0.000000] clocksource: refined-jiffies: mask: 0xffffffff max_cycles: 0xffffffff, max_idle_ns: 1910969940391419 ns
[STDERR  ] 2018-11-28T22:45:38.569012506Z: [    0.000000] random: get_random_bytes called from start_kernel+0x92/0x4cb with crng_init=0
[STDERR  ] 2018-11-28T22:45:38.569023258Z: [    0.000000] setup_percpu: NR_CPUS:128 nr_cpumask_bits:128 nr_cpu_ids:1 nr_node_ids:1
[STDERR  ] 2018-11-28T22:45:38.569034269Z: [    0.000000] percpu: Embedded 45 pages/cpu @ffff9cc67c800000 s144280 r8192 d31848 u2097152
[STDERR  ] 2018-11-28T22:45:38.569045058Z: [    0.000000] KVM setup async PF for cpu 0
[STDERR  ] 2018-11-28T22:45:38.569055972Z: [    0.000000] kvm-stealtime: cpu 0, msr 3c815f40
[STDERR  ] 2018-11-28T22:45:38.569066786Z: [    0.000000] Built 1 zonelists, mobility grouping on.  Total pages: 257896
[STDERR  ] 2018-11-28T22:45:38.569077586Z: [    0.000000] Kernel command line: console=ttyS0 console=ttyAMA0
[STDERR  ] 2018-11-28T22:45:38.569089727Z: [    0.000000] PID hash table entries: 4096 (order: 3, 32768 bytes)
[STDERR  ] 2018-11-28T22:45:38.569101830Z: [    0.000000] Dentry cache hash table entries: 131072 (order: 8, 1048576 bytes)
[STDERR  ] 2018-11-28T22:45:38.569114126Z: [    0.000000] Inode-cache hash table entries: 65536 (order: 7, 524288 bytes)
[STDERR  ] 2018-11-28T22:45:38.569126038Z: [    0.000000] Memory: 951024K/1048052K available (12300K kernel code, 1451K rwdata, 2968K rodata, 1524K init, 580K bss, 97028K reserved, 0K cma-reserved)
[STDERR  ] 2018-11-28T22:45:38.569139700Z: [    0.000000] Kernel/User page tables isolation: enabled
[STDERR  ] 2018-11-28T22:45:38.569151509Z: [    0.000000] ftrace: allocating 40648 entries in 159 pages
[STDERR  ] 2018-11-28T22:45:38.569167105Z: [    0.001000] Hierarchical RCU implementation.
[STDERR  ] 2018-11-28T22:45:38.569178728Z: [    0.001000] 	RCU restricting CPUs from NR_CPUS=128 to nr_cpu_ids=1.
[STDERR  ] 2018-11-28T22:45:38.569190342Z: [    0.001000] RCU: Adjusting geometry for rcu_fanout_leaf=16, nr_cpu_ids=1
[STDERR  ] 2018-11-28T22:45:38.569201816Z: [    0.001000] NR_IRQS: 8448, nr_irqs: 256, preallocated irqs: 16
[STDERR  ] 2018-11-28T22:45:38.569213634Z: [    0.001000] Console: colour VGA+ 80x25
[STDERR  ] 2018-11-28T22:45:38.569225046Z: [    0.001000] console [ttyS0] enabled
[STDERR  ] 2018-11-28T22:45:38.569236412Z: [    0.001000] clocksource: hpet: mask: 0xffffffff max_cycles: 0xffffffff, max_idle_ns: 19112604467 ns
[STDERR  ] 2018-11-28T22:45:38.569248669Z: [    0.001026] tsc: Detected 2299.908 MHz processor
[STDERR  ] 2018-11-28T22:45:38.569259961Z: [    0.002028] Calibrating delay loop (skipped) preset value.. 4599.81 BogoMIPS (lpj=2299908)
[STDERR  ] 2018-11-28T22:45:38.569272741Z: [    0.003026] pid_max: default: 32768 minimum: 301
[STDERR  ] 2018-11-28T22:45:38.569287871Z: [    0.004052] ACPI: Core revision 20170728
[STDERR  ] 2018-11-28T22:45:38.569299598Z: [    0.006464] ACPI: 1 ACPI AML tables successfully acquired and loaded
[STDERR  ] 2018-11-28T22:45:38.569326057Z: [    0.007105] Security Framework initialized
[STDERR  ] 2018-11-28T22:45:38.569340675Z: [    0.008031] Yama: becoming mindful.
[STDERR  ] 2018-11-28T22:45:38.569354112Z: [    0.009072] Mount-cache hash table entries: 2048 (order: 2, 16384 bytes)
[STDERR  ] 2018-11-28T22:45:38.569364929Z: [    0.010029] Mountpoint-cache hash table entries: 2048 (order: 2, 16384 bytes)
[STDERR  ] 2018-11-28T22:45:38.569376352Z: [    0.013066] Last level iTLB entries: 4KB 0, 2MB 0, 4MB 0
[STDERR  ] 2018-11-28T22:45:38.569388389Z: [    0.014025] Last level dTLB entries: 4KB 0, 2MB 0, 4MB 0, 1GB 0
[STDERR  ] 2018-11-28T22:45:38.569399604Z: [    0.015025] Spectre V2 : Mitigation: Full generic retpoline
[STDERR  ] 2018-11-28T22:45:38.569410740Z: [    0.016024] Spectre V2 : Spectre v2 / SpectreRSB mitigation: Filling RSB on context switch
[STDERR  ] 2018-11-28T22:45:38.569434101Z: [    0.018023] Speculative Store Bypass: Vulnerable
[STDERR  ] 2018-11-28T22:45:38.569444983Z: [    0.025406] Freeing SMP alternatives memory: 20K
[STDERR  ] 2018-11-28T22:45:38.569459279Z: [    0.026579] smpboot: Max logical packages: 1
[STDERR  ] 2018-11-28T22:45:38.569473406Z: [    0.030438] x2apic enabled
[STDERR  ] 2018-11-28T22:45:38.569485158Z: [    0.031024] Switched APIC routing to physical x2apic.
[STDERR  ] 2018-11-28T22:45:38.569497612Z: [    0.043898] ..TIMER: vector=0x30 apic1=0 pin1=2 apic2=-1 pin2=-1
[STDERR  ] 2018-11-28T22:45:38.569508522Z: [    0.044000] smpboot: CPU0: Intel QEMU Virtual CPU version 2.5+ (family: 0x6, model: 0x6, stepping: 0x3)
[STDERR  ] 2018-11-28T22:45:38.569523205Z: [    0.044126] Performance Events: PMU not available due to virtualization, using software events only.
[STDERR  ] 2018-11-28T22:45:38.569534316Z: [    0.048236] Hierarchical SRCU implementation.
[STDERR  ] 2018-11-28T22:45:38.569546222Z: [    0.050134] NMI watchdog: Perf event create on CPU 0 failed with -2
[STDERR  ] 2018-11-28T22:45:38.569557251Z: [    0.051007] NMI watchdog: Perf NMI watchdog permanently disabled
[STDERR  ] 2018-11-28T22:45:38.569569827Z: [    0.052088] smp: Bringing up secondary CPUs ...
[STDERR  ] 2018-11-28T22:45:38.569581453Z: [    0.053007] smp: Brought up 1 node, 1 CPU
[STDERR  ] 2018-11-28T22:45:38.569593894Z: [    0.054007] smpboot: Total of 1 processors activated (4599.81 BogoMIPS)
[STDERR  ] 2018-11-28T22:45:38.569606045Z: [    0.057213] devtmpfs: initialized
[STDERR  ] 2018-11-28T22:45:38.569618560Z: [    0.059004] x86/mm: Memory block size: 128MB
[STDERR  ] 2018-11-28T22:45:38.569630776Z: [    0.060244] evm: security.ima
[STDERR  ] 2018-11-28T22:45:38.569644745Z: [    0.061004] evm: security.capability
[STDERR  ] 2018-11-28T22:45:38.569656662Z: [    0.062168] clocksource: jiffies: mask: 0xffffffff max_cycles: 0xffffffff, max_idle_ns: 1911260446275000 ns
[STDERR  ] 2018-11-28T22:45:38.569667689Z: [    0.063012] futex hash table entries: 256 (order: 2, 16384 bytes)
[STDERR  ] 2018-11-28T22:45:38.569679299Z: [    0.065091] NET: Registered protocol family 16
[STDERR  ] 2018-11-28T22:45:38.569691584Z: [    0.066207] cpuidle: using governor ladder
[STDERR  ] 2018-11-28T22:45:38.569703163Z: [    0.067007] cpuidle: using governor menu
[STDERR  ] 2018-11-28T22:45:38.569715040Z: [    0.068123] ACPI: bus type PCI registered
[STDERR  ] 2018-11-28T22:45:38.569731205Z: [    0.069483] PCI: MMCONFIG for domain 0000 [bus 00-ff] at [mem 0xb0000000-0xbfffffff] (base 0xb0000000)
[STDERR  ] 2018-11-28T22:45:38.569742988Z: [    0.070011] PCI: MMCONFIG at [mem 0xb0000000-0xbfffffff] reserved in E820
[STDERR  ] 2018-11-28T22:45:38.569755373Z: [    0.071020] PCI: Using configuration type 1 for base access
[STDERR  ] 2018-11-28T22:45:38.569768568Z: [    0.074567] HugeTLB registered 2.00 MiB page size, pre-allocated 0 pages
[STDERR  ] 2018-11-28T22:45:38.569780232Z: [    0.075288] ACPI: Added _OSI(Module Device)
[STDERR  ] 2018-11-28T22:45:38.569800767Z: [    0.076018] ACPI: Added _OSI(Processor Device)
[STDERR  ] 2018-11-28T22:45:38.569814144Z: [    0.077005] ACPI: Added _OSI(3.0 _SCP Extensions)
[STDERR  ] 2018-11-28T22:45:38.569825118Z: [    0.078005] ACPI: Added _OSI(Processor Aggregator Device)
[STDERR  ] 2018-11-28T22:45:38.569837189Z: [    0.083191] ACPI: Interpreter enabled
[STDERR  ] 2018-11-28T22:45:38.569849681Z: [    0.084013] ACPI: (supports S0 S5)
[STDERR  ] 2018-11-28T22:45:38.569862444Z: [    0.085004] ACPI: Using IOAPIC for interrupt routing
[STDERR  ] 2018-11-28T22:45:38.569873878Z: [    0.086054] PCI: Using host bridge windows from ACPI; if necessary, use "pci=nocrs" and report a bug
[STDERR  ] 2018-11-28T22:45:38.569886075Z: [    0.087409] ACPI: Enabled 2 GPEs in block 00 to 3F
[STDERR  ] 2018-11-28T22:45:38.569901137Z: [    0.092277] ACPI: PCI Root Bridge [PCI0] (domain 0000 [bus 00-ff])
[STDERR  ] 2018-11-28T22:45:38.569913179Z: [    0.093012] acpi PNP0A08:00: _OSC: OS supports [ExtendedConfig ASPM ClockPM Segments MSI]
[STDERR  ] 2018-11-28T22:45:38.569928243Z: [    0.094149] acpi PNP0A08:00: _OSC: OS now controls [PCIeHotplug PME PCIeCapability]
[STDERR  ] 2018-11-28T22:45:38.569943947Z: [    0.095075] PCI host bridge to bus 0000:00
[STDERR  ] 2018-11-28T22:45:38.569956342Z: [    0.096008] pci_bus 0000:00: root bus resource [io  0x0000-0x0cf7 window]
[STDERR  ] 2018-11-28T22:45:38.569968567Z: [    0.097006] pci_bus 0000:00: root bus resource [io  0x0d00-0xffff window]
[STDERR  ] 2018-11-28T22:45:38.569979975Z: [    0.098007] pci_bus 0000:00: root bus resource [mem 0x000a0000-0x000bffff window]
[STDERR  ] 2018-11-28T22:45:38.569991970Z: [    0.099009] pci_bus 0000:00: root bus resource [mem 0xc0000000-0xfebfffff window]
[STDERR  ] 2018-11-28T22:45:38.570006630Z: [    0.100010] pci_bus 0000:00: root bus resource [bus 00-ff]
[STDERR  ] 2018-11-28T22:45:38.570017940Z: [    0.170645] pci 0000:00:1f.0: quirk: [io  0x0600-0x067f] claimed by ICH6 ACPI/GPIO/TCO
[STDERR  ] 2018-11-28T22:45:38.570032114Z: [    0.197715] ACPI: PCI Interrupt Link [LNKA] (IRQs 5 *10 11)
[STDERR  ] 2018-11-28T22:45:38.570043920Z: [    0.198314] ACPI: PCI Interrupt Link [LNKB] (IRQs 5 *10 11)
[STDERR  ] 2018-11-28T22:45:38.570055090Z: [    0.199336] ACPI: PCI Interrupt Link [LNKC] (IRQs 5 10 *11)
[STDERR  ] 2018-11-28T22:45:38.570066190Z: [    0.200308] ACPI: PCI Interrupt Link [LNKD] (IRQs 5 10 *11)
[STDERR  ] 2018-11-28T22:45:38.570077166Z: [    0.202019] ACPI: PCI Interrupt Link [LNKE] (IRQs 5 *10 11)
[STDERR  ] 2018-11-28T22:45:38.570089583Z: [    0.203308] ACPI: PCI Interrupt Link [LNKF] (IRQs 5 *10 11)
[STDERR  ] 2018-11-28T22:45:38.570102826Z: [    0.204315] ACPI: PCI Interrupt Link [LNKG] (IRQs 5 10 *11)
[STDERR  ] 2018-11-28T22:45:38.570114232Z: [    0.205319] ACPI: PCI Interrupt Link [LNKH] (IRQs 5 10 *11)
[STDERR  ] 2018-11-28T22:45:38.570126106Z: [    0.207073] ACPI: PCI Interrupt Link [GSIA] (IRQs *16)
[STDERR  ] 2018-11-28T22:45:38.570139951Z: [    0.208025] ACPI: PCI Interrupt Link [GSIB] (IRQs *17)
[STDERR  ] 2018-11-28T22:45:38.570151622Z: [    0.209024] ACPI: PCI Interrupt Link [GSIC] (IRQs *18)
[STDERR  ] 2018-11-28T22:45:38.570167540Z: [    0.210024] ACPI: PCI Interrupt Link [GSID] (IRQs *19)
[STDERR  ] 2018-11-28T22:45:38.570179501Z: [    0.211024] ACPI: PCI Interrupt Link [GSIE] (IRQs *20)
[STDERR  ] 2018-11-28T22:45:38.570192505Z: [    0.212024] ACPI: PCI Interrupt Link [GSIF] (IRQs *21)
[STDERR  ] 2018-11-28T22:45:38.570203691Z: [    0.213025] ACPI: PCI Interrupt Link [GSIG] (IRQs *22)
[STDERR  ] 2018-11-28T22:45:38.570215195Z: [    0.214027] ACPI: PCI Interrupt Link [GSIH] (IRQs *23)
[STDERR  ] 2018-11-28T22:45:38.570228717Z: [    0.216115] SCSI subsystem initialized
[STDERR  ] 2018-11-28T22:45:38.570240553Z: [    0.218081] ACPI: bus type USB registered
[STDERR  ] 2018-11-28T22:45:38.570254455Z: [    0.219043] usbcore: registered new interface driver usbfs
[STDERR  ] 2018-11-28T22:45:38.570267581Z: [    0.220026] usbcore: registered new interface driver hub
[STDERR  ] 2018-11-28T22:45:38.570280434Z: [    0.221055] usbcore: registered new device driver usb
[STDERR  ] 2018-11-28T22:45:38.570295545Z: [    0.222044] pps_core: LinuxPPS API ver. 1 registered
[STDERR  ] 2018-11-28T22:45:38.570325703Z: [    0.223007] pps_core: Software ver. 5.3.6 - Copyright 2005-2007 Rodolfo Giometti <giometti@linux.it>
[STDERR  ] 2018-11-28T22:45:38.570337787Z: [    0.224023] PTP clock support registered
[STDERR  ] 2018-11-28T22:45:38.570349909Z: [    0.225116] PCI: Using ACPI for IRQ routing
[STDERR  ] 2018-11-28T22:45:38.570361300Z: [    0.712669] NetLabel: Initializing
[STDERR  ] 2018-11-28T22:45:38.570372981Z: [    0.713006] NetLabel:  domain hash size = 128
[STDERR  ] 2018-11-28T22:45:38.570385218Z: [    0.714005] NetLabel:  protocols = UNLABELED CIPSOv4 CALIPSO
[STDERR  ] 2018-11-28T22:45:38.570397272Z: [    0.715040] NetLabel:  unlabeled traffic allowed by default
[STDERR  ] 2018-11-28T22:45:38.570412408Z: [    0.716214] HPET: 3 timers in total, 0 timers will be used for per-cpu timer
[STDERR  ] 2018-11-28T22:45:38.570431740Z: [    0.717119] hpet0: at MMIO 0xfed00000, IRQs 2, 8, 0
[STDERR  ] 2018-11-28T22:45:38.570449902Z: [    0.718006] hpet0: 3 comparators, 64-bit 100.000000 MHz counter
[STDERR  ] 2018-11-28T22:45:38.570461166Z: [    0.721042] clocksource: Switched to clocksource kvm-clock
[STDERR  ] 2018-11-28T22:45:38.570471749Z: [    0.746923] VFS: Disk quotas dquot_6.6.0
[STDERR  ] 2018-11-28T22:45:38.570483082Z: [    0.750924] VFS: Dquot-cache hash table entries: 512 (order 0, 4096 bytes)
[STDERR  ] 2018-11-28T22:45:38.570494123Z: [    0.757676] FS-Cache: Loaded
[STDERR  ] 2018-11-28T22:45:38.570505793Z: [    0.760675] CacheFiles: Loaded
[STDERR  ] 2018-11-28T22:45:38.570517833Z: [    0.763754] pnp: PnP ACPI init
[STDERR  ] 2018-11-28T22:45:38.570529816Z: [    0.767990] pnp: PnP ACPI: found 5 devices
[STDERR  ] 2018-11-28T22:45:38.570545851Z: [    0.778390] clocksource: acpi_pm: mask: 0xffffff max_cycles: 0xffffff, max_idle_ns: 2085701024 ns
[STDERR  ] 2018-11-28T22:45:38.570561439Z: [    0.787155] NET: Registered protocol family 2
[STDERR  ] 2018-11-28T22:45:38.570577489Z: [    0.791661] TCP established hash table entries: 8192 (order: 4, 65536 bytes)
[STDERR  ] 2018-11-28T22:45:38.570590299Z: [    0.797973] TCP bind hash table entries: 8192 (order: 5, 131072 bytes)
[STDERR  ] 2018-11-28T22:45:38.570602181Z: [    0.804320] TCP: Hash tables configured (established 8192 bind 8192)
[STDERR  ] 2018-11-28T22:45:38.570614547Z: [    0.809882] UDP hash table entries: 512 (order: 2, 16384 bytes)
[STDERR  ] 2018-11-28T22:45:38.570626464Z: [    0.815086] UDP-Lite hash table entries: 512 (order: 2, 16384 bytes)
[STDERR  ] 2018-11-28T22:45:38.570638155Z: [    0.820669] NET: Registered protocol family 1
[STDERR  ] 2018-11-28T22:45:38.570649323Z: [    0.824940] pci 0000:00:01.0: Video device with shadowed ROM at [mem 0x000c0000-0x000dffff]
[STDERR  ] 2018-11-28T22:45:38.570661021Z: [    0.832777] Trying to unpack rootfs image as initramfs...
[STDERR  ] 2018-11-28T22:45:38.570672517Z: [    1.905906] Freeing initrd memory: 53844K
[STDERR  ] 2018-11-28T22:45:38.570683743Z: [    1.910002] clocksource: tsc: mask: 0xffffffffffffffff max_cycles: 0x2126de31b4a, max_idle_ns: 440795292652 ns
[STDERR  ] 2018-11-28T22:45:38.570695604Z: [    1.920331] PCLMULQDQ-NI instructions are not detected.
[STDERR  ] 2018-11-28T22:45:38.570707211Z: [    1.925644] AVX or AES-NI instructions are not detected.
[STDERR  ] 2018-11-28T22:45:38.570718459Z: [    1.930889] CPU feature 'AVX registers' is not supported.
[STDERR  ] 2018-11-28T22:45:38.570729966Z: [    1.936162] CPU feature 'AVX registers' is not supported.
[STDERR  ] 2018-11-28T22:45:38.570740851Z: [    1.941515] CPU feature 'AVX registers' is not supported.
[STDERR  ] 2018-11-28T22:45:38.570751786Z: [    1.946752] CPU feature 'AVX registers' is not supported.
[STDERR  ] 2018-11-28T22:45:38.570763958Z: [    1.952064] AVX2 or AES-NI instructions are not detected.
[STDERR  ] 2018-11-28T22:45:38.570775407Z: [    1.957283] AVX2 instructions are not detected.
[STDERR  ] 2018-11-28T22:45:38.570786611Z: [    1.962007] audit: initializing netlink subsys (disabled)
[STDERR  ] 2018-11-28T22:45:38.570806724Z: [    1.967653] audit: type=2000 audit(1543445123.248:1): state=initialized audit_enabled=0 res=1
[STDERR  ] 2018-11-28T22:45:38.570819079Z: [    1.975954] workingset: timestamp_bits=46 max_order=18 bucket_order=0
[STDERR  ] 2018-11-28T22:45:38.570831010Z: [    1.983565] squashfs: version 4.0 (2009/01/31) Phillip Lougher
[STDERR  ] 2018-11-28T22:45:38.570842593Z: [    1.989492] FS-Cache: Netfs 'cifs' registered for caching
[STDERR  ] 2018-11-28T22:45:38.570853936Z: [    1.994836] fuse init (API version 7.26)
[STDERR  ] 2018-11-28T22:45:38.570868804Z: [    1.998883] SGI XFS with ACLs, security attributes, no debug enabled
[STDERR  ] 2018-11-28T22:45:38.570880287Z: [    2.005227] 9p: Installing v9fs 9p2000 file system support
[STDERR  ] 2018-11-28T22:45:38.570892403Z: [    2.010598] FS-Cache: Netfs '9p' registered for caching
[STDERR  ] 2018-11-28T22:45:38.570904285Z: [    2.016959] NET: Registered protocol family 38
[STDERR  ] 2018-11-28T22:45:38.570917183Z: [    2.021384] Key type asymmetric registered
[STDERR  ] 2018-11-28T22:45:38.570933465Z: [    2.025527] Asymmetric key parser 'x509' registered
[STDERR  ] 2018-11-28T22:45:38.570945523Z: [    2.030380] Block layer SCSI generic (bsg) driver version 0.4 loaded (major 247)
[STDERR  ] 2018-11-28T22:45:38.571268347Z: [    2.037596] io scheduler noop registered
[STDERR  ] 2018-11-28T22:45:38.571339503Z: [    2.041447] io scheduler deadline registered (default)
[STDERR  ] 2018-11-28T22:45:38.571378817Z: [    2.046540] io scheduler cfq registered
[STDERR  ] 2018-11-28T22:45:38.571447981Z: [    2.050285] io scheduler mq-deadline registered
[STDERR  ] 2018-11-28T22:45:38.571486822Z: [    2.054914] io scheduler kyber registered
[STDERR  ] 2018-11-28T22:45:38.571544385Z: [    2.059069] shpchp: Standard Hot Plug PCI Controller Driver version: 0.4
[STDERR  ] 2018-11-28T22:45:38.571583178Z: [    2.065612] hv_vmbus: registering driver hyperv_fb
[STDERR  ] 2018-11-28T22:45:38.571637593Z: [    2.070406] input: Power Button as /devices/LNXSYSTM:00/LNXPWRBN:00/input/input0
[STDERR  ] 2018-11-28T22:45:38.571683121Z: [    2.077590] ACPI: Power Button [PWRF]
[STDERR  ] 2018-11-28T22:45:38.571746937Z: [    2.081941] ACPI: PCI Interrupt Link [GSIG] enabled at IRQ 22
[STDERR  ] 2018-11-28T22:45:38.571788604Z: [    2.093551] ACPI: PCI Interrupt Link [GSIH] enabled at IRQ 23
[STDERR  ] 2018-11-28T22:45:38.571842415Z: [    2.105194] Serial: 8250/16550 driver, 4 ports, IRQ sharing disabled
[STDERR  ] 2018-11-28T22:45:38.571883930Z: [    2.146342] 00:04: ttyS0 at I/O 0x3f8 (irq = 4, base_baud = 115200) is a 16550A
[STDERR  ] 2018-11-28T22:45:38.571937623Z: [    2.154423] Non-volatile memory driver v1.3
[STDERR  ] 2018-11-28T22:45:38.571981301Z: [    2.160273] Hangcheck: starting hangcheck timer 0.9.1 (tick is 180 seconds, margin is 60 seconds).
[STDERR  ] 2018-11-28T22:45:38.572041511Z: [    2.169146] random: fast init done
[STDERR  ] 2018-11-28T22:45:38.572078976Z: [    2.173589] random: crng init done
[STDERR  ] 2018-11-28T22:45:38.572133535Z: [    2.178125] brd: module loaded
[STDERR  ] 2018-11-28T22:45:38.572177174Z: [    2.183864] loop: module loaded
[STDERR  ] 2018-11-28T22:45:38.572236215Z: [    2.190845] lpc_ich 0000:00:1f.0: I/O space for GPIO uninitialized
[STDERR  ] 2018-11-28T22:45:38.572277786Z: [    2.197078] VMware PVSCSI driver - version 1.0.7.0-k
[STDERR  ] 2018-11-28T22:45:38.572349306Z: [    2.201969] hv_vmbus: registering driver hv_storvsc
[STDERR  ] 2018-11-28T22:45:38.572390449Z: [    2.207308] ACPI: PCI Interrupt Link [GSIA] enabled at IRQ 16
[STDERR  ] 2018-11-28T22:45:38.572470328Z: [    2.216582] ahci 0000:00:1f.2: AHCI 0001.0000 32 slots 6 ports 1.5 Gbps 0x3f impl SATA mode
[STDERR  ] 2018-11-28T22:45:38.572486051Z: [    2.224586] ahci 0000:00:1f.2: flags: 64bit ncq only 
[STDERR  ] 2018-11-28T22:45:38.572498005Z: [    2.233596] scsi host0: ahci
[STDERR  ] 2018-11-28T22:45:38.572511663Z: [    2.236587] scsi host1: ahci
[STDERR  ] 2018-11-28T22:45:38.572524781Z: [    2.239637] scsi host2: ahci
[STDERR  ] 2018-11-28T22:45:38.572634561Z: [    2.242619] scsi host3: ahci
[STDERR  ] 2018-11-28T22:45:38.572683540Z: [    2.245725] scsi host4: ahci
[STDERR  ] 2018-11-28T22:45:38.572746900Z: [    2.248876] scsi host5: ahci
[STDERR  ] 2018-11-28T22:45:38.572802360Z: [    2.251912] ata1: SATA max UDMA/133 abar m4096@0xfebd2000 port 0xfebd2100 irq 24
[STDERR  ] 2018-11-28T22:45:38.572842984Z: [    2.259085] ata2: SATA max UDMA/133 abar m4096@0xfebd2000 port 0xfebd2180 irq 24
[STDERR  ] 2018-11-28T22:45:38.572900763Z: [    2.266350] ata3: SATA max UDMA/133 abar m4096@0xfebd2000 port 0xfebd2200 irq 24
[STDERR  ] 2018-11-28T22:45:38.572947741Z: [    2.273613] ata4: SATA max UDMA/133 abar m4096@0xfebd2000 port 0xfebd2280 irq 24
[STDERR  ] 2018-11-28T22:45:38.573004123Z: [    2.280807] ata5: SATA max UDMA/133 abar m4096@0xfebd2000 port 0xfebd2300 irq 24
[STDERR  ] 2018-11-28T22:45:38.573044044Z: [    2.288073] ata6: SATA max UDMA/133 abar m4096@0xfebd2000 port 0xfebd2380 irq 24
[STDERR  ] 2018-11-28T22:45:38.573102067Z: [    2.297676] tun: Universal TUN/TAP device driver, 1.6
[STDERR  ] 2018-11-28T22:45:38.573125268Z: [    2.307682] VMware vmxnet3 virtual NIC driver - version 1.4.a.0-k-NAPI
[STDERR  ] 2018-11-28T22:45:38.573143701Z: [    2.314067] hv_vmbus: registering driver hv_netvsc
[STDERR  ] 2018-11-28T22:45:38.573154997Z: [    2.318701] Fusion MPT base driver 3.04.20
[STDERR  ] 2018-11-28T22:45:38.573215047Z: [    2.322696] Copyright (c) 1999-2008 LSI Corporation
[STDERR  ] 2018-11-28T22:45:38.573268311Z: [    2.327415] Fusion MPT SPI Host driver 3.04.20
[STDERR  ] 2018-11-28T22:45:38.573321071Z: [    2.331834] i8042: PNP: PS/2 Controller [PNP0303:KBD,PNP0f13:MOU] at 0x60,0x64 irq 1,12
[STDERR  ] 2018-11-28T22:45:38.573377570Z: [    2.343632] serio: i8042 KBD port at 0x60,0x64 irq 1
[STDERR  ] 2018-11-28T22:45:38.573437574Z: [    2.348505] serio: i8042 AUX port at 0x60,0x64 irq 12
[STDERR  ] 2018-11-28T22:45:38.573477597Z: [    2.353522] hv_vmbus: registering driver hyperv_keyboard
[STDERR  ] 2018-11-28T22:45:38.573529331Z: [    2.358850] mousedev: PS/2 mouse device common for all mice
[STDERR  ] 2018-11-28T22:45:38.573570380Z: [    2.365831] input: AT Translated Set 2 keyboard as /devices/platform/i8042/serio0/input/input1
[STDERR  ] 2018-11-28T22:45:38.573626128Z: [    2.374270] input: PC Speaker as /devices/platform/pcspkr/input/input2
[STDERR  ] 2018-11-28T22:45:38.573667994Z: [    2.380972] rtc_cmos 00:00: RTC can wake from S4
[STDERR  ] 2018-11-28T22:45:38.573734746Z: [    2.387952] rtc_cmos 00:00: rtc core: registered rtc_cmos as rtc0
[STDERR  ] 2018-11-28T22:45:38.573774268Z: [    2.394820] rtc_cmos 00:00: alarms up to one day, y3k, 114 bytes nvram, hpet irqs
[STDERR  ] 2018-11-28T22:45:38.573829829Z: [    2.402090] i2c /dev entries driver
[STDERR  ] 2018-11-28T22:45:38.573844993Z: [    2.405684] device-mapper: ioctl: 4.37.0-ioctl (2017-09-20) initialised: dm-devel@redhat.com
[STDERR  ] 2018-11-28T22:45:38.573857763Z: [    2.414652] usbcore: registered new interface driver usbhid
[STDERR  ] 2018-11-28T22:45:38.573870968Z: [    2.420086] usbhid: USB HID core driver
[STDERR  ] 2018-11-28T22:45:38.573884103Z: [    2.423979] hv_utils: Registering HyperV Utility Driver
[STDERR  ] 2018-11-28T22:45:38.573965671Z: [    2.429122] hv_vmbus: registering driver hv_util
[STDERR  ] 2018-11-28T22:45:38.574019320Z: [    2.433668] hv_vmbus: registering driver hv_balloon
[STDERR  ] 2018-11-28T22:45:38.574075543Z: [    2.438606] oprofile: using NMI interrupt.
[STDERR  ] 2018-11-28T22:45:38.574113727Z: [    2.442705] GACT probability on
[STDERR  ] 2018-11-28T22:45:38.574168079Z: [    2.445819] Mirror/redirect action on
[STDERR  ] 2018-11-28T22:45:38.574206276Z: [    2.449393] Simple TC action Loaded
[STDERR  ] 2018-11-28T22:45:38.574262677Z: [    2.452962] u32 classifier
[STDERR  ] 2018-11-28T22:45:38.574328617Z: [    2.455763]     Performance counters on
[STDERR  ] 2018-11-28T22:45:38.574371996Z: [    2.459540]     input device check on
[STDERR  ] 2018-11-28T22:45:38.574438653Z: [    2.463178]     Actions configured
[STDERR  ] 2018-11-28T22:45:38.574501457Z: [    2.466604] Netfilter messages via NETLINK v0.30.
[STDERR  ] 2018-11-28T22:45:38.574540229Z: [    2.471235] nfnl_acct: registering with nfnetlink.
[STDERR  ] 2018-11-28T22:45:38.574599429Z: [    2.475993] nf_conntrack version 0.5.0 (8192 buckets, 32768 max)
[STDERR  ] 2018-11-28T22:45:38.574613657Z: [    2.481905] ctnetlink v0.93: registering with nfnetlink.
[STDERR  ] 2018-11-28T22:45:38.574626227Z: [    2.487171] nf_tables: (c) 2007-2009 Patrick McHardy <kaber@trash.net>
[STDERR  ] 2018-11-28T22:45:38.574638899Z: [    2.493493] nf_tables_compat: (c) 2012 Pablo Neira Ayuso <pablo@netfilter.org>
[STDERR  ] 2018-11-28T22:45:38.574720378Z: [    2.500681] xt_time: kernel timezone is -0000
[STDERR  ] 2018-11-28T22:45:38.574775592Z: [    2.505410] ip_set: protocol 6
[STDERR  ] 2018-11-28T22:45:38.574829403Z: [    2.508589] ipip: IPv4 and MPLS over IPv4 tunneling driver
[STDERR  ] 2018-11-28T22:45:38.574867571Z: [    2.514347] gre: GRE over IPv4 demultiplexor driver
[STDERR  ] 2018-11-28T22:45:38.574928479Z: [    2.519453] ip_tables: (C) 2000-2006 Netfilter Core Team
[STDERR  ] 2018-11-28T22:45:38.575000787Z: [    2.525138] arp_tables: arp_tables: (C) 2002 David S. Miller
[STDERR  ] 2018-11-28T22:45:38.575059455Z: [    2.531134] NET: Registered protocol family 10
[STDERR  ] 2018-11-28T22:45:38.575097181Z: [    2.535840] Segment Routing with IPv6
[STDERR  ] 2018-11-28T22:45:38.575155704Z: [    2.539747] ip6_tables: (C) 2000-2006 Netfilter Core Team
[STDERR  ] 2018-11-28T22:45:38.575195602Z: [    2.545637] NET: Registered protocol family 17
[STDERR  ] 2018-11-28T22:45:38.575253425Z: [    2.550080] Bridge firewalling registered
[STDERR  ] 2018-11-28T22:45:38.575289607Z: [    2.554235] 8021q: 802.1Q VLAN Support v1.8
[STDERR  ] 2018-11-28T22:45:38.575352941Z: [    2.558420] 9pnet: Installing 9P2000 support
[STDERR  ] 2018-11-28T22:45:38.575407032Z: [    2.562864] Key type dns_resolver registered
[STDERR  ] 2018-11-28T22:45:38.575452498Z: [    2.567391] registered taskstats version 1
[STDERR  ] 2018-11-28T22:45:38.575510424Z: [    2.579681] Key type big_key registered
[STDERR  ] 2018-11-28T22:45:38.575549072Z: [    2.587565] Key type trusted registered
[STDERR  ] 2018-11-28T22:45:38.575605002Z: [    2.595389] Key type encrypted registered
[STDERR  ] 2018-11-28T22:45:38.575665858Z: [    2.599638] ima: No TPM chip found, activating TPM-bypass! (rc=-19)
[STDERR  ] 2018-11-28T22:45:38.575705678Z: [    2.606433] ata6: SATA link down (SStatus 0 SControl 300)
[STDERR  ] 2018-11-28T22:45:38.575760543Z: [    2.612543] ata5: SATA link down (SStatus 0 SControl 300)
[STDERR  ] 2018-11-28T22:45:38.575799852Z: [    2.618628] ata4: SATA link down (SStatus 0 SControl 300)
[STDERR  ] 2018-11-28T22:45:38.575836248Z: [    2.624795] ata3: SATA link up 1.5 Gbps (SStatus 113 SControl 300)
[STDERR  ] 2018-11-28T22:45:38.575878342Z: [    2.632003] ata2: SATA link down (SStatus 0 SControl 300)
[STDERR  ] 2018-11-28T22:45:38.575937145Z: [    2.638128] ata1: SATA link up 1.5 Gbps (SStatus 113 SControl 300)
[STDERR  ] 2018-11-28T22:45:38.575975763Z: [    2.644501] ima: Allocated hash algorithm: sha256
[STDERR  ] 2018-11-28T22:45:38.576014673Z: [    2.649147] ata1.00: ATA-7: QEMU HARDDISK, 2.5+, max UDMA/100
[STDERR  ] 2018-11-28T22:45:38.576053405Z: [    2.654757] ata1.00: 1048576 sectors, multi 16: LBA48 NCQ (depth 31/32)
[STDERR  ] 2018-11-28T22:45:38.576092713Z: [    2.661139] ata1.00: applying bridge limits
[STDERR  ] 2018-11-28T22:45:38.576158492Z: [    2.665584] ata3.00: ATAPI: QEMU DVD-ROM, 2.5+, max UDMA/100
[STDERR  ] 2018-11-28T22:45:38.576197747Z: [    2.671116] ata3.00: applying bridge limits
[STDERR  ] 2018-11-28T22:45:38.576235342Z: [    2.675586] evm: HMAC attrs: 0x1
[STDERR  ] 2018-11-28T22:45:38.576275091Z: [    2.680904] rtc_cmos 00:00: setting system clock to 2018-11-28 22:45:24 UTC (1543445124)
[STDERR  ] 2018-11-28T22:45:38.576327705Z: [    2.689007] ata3.00: configured for UDMA/100
[STDERR  ] 2018-11-28T22:45:38.576366306Z: [    2.696190] ata1.00: configured for UDMA/100
[STDERR  ] 2018-11-28T22:45:38.576411219Z: [    2.700508] scsi 0:0:0:0: Direct-Access     ATA      QEMU HARDDISK    2.5+ PQ: 0 ANSI: 5
[STDERR  ] 2018-11-28T22:45:38.576457387Z: [    2.708574] sd 0:0:0:0: [sda] 1048576 512-byte logical blocks: (537 MB/512 MiB)
[STDERR  ] 2018-11-28T22:45:38.576517771Z: [    2.715830] sd 0:0:0:0: Attached scsi generic sg0 type 0
[STDERR  ] 2018-11-28T22:45:38.576557689Z: [    2.721004] sd 0:0:0:0: [sda] Write Protect is off
[STDERR  ] 2018-11-28T22:45:38.576597247Z: [    2.726166] scsi 2:0:0:0: CD-ROM            QEMU     QEMU DVD-ROM     2.5+ PQ: 0 ANSI: 5
[STDERR  ] 2018-11-28T22:45:38.576640919Z: [    2.733979] sd 0:0:0:0: [sda] Write cache: enabled, read cache: enabled, doesn't support DPO or FUA
[STDERR  ] 2018-11-28T22:45:38.576683475Z: [    2.744841]  sda: sda1
[STDERR  ] 2018-11-28T22:45:38.576723384Z: [    2.747478] sd 0:0:0:0: [sda] Attached SCSI disk
[STDERR  ] 2018-11-28T22:45:38.576762499Z: [    2.757978] sr 2:0:0:0: [sr0] scsi3-mmc drive: 4x/4x cd/rw xa/form2 tray
[STDERR  ] 2018-11-28T22:45:38.576777648Z: [    2.764532] cdrom: Uniform CD-ROM driver Revision: 3.20
[STDERR  ] 2018-11-28T22:45:38.576795598Z: [    2.770267] sr 2:0:0:0: Attached scsi generic sg1 type 5
[STDERR  ] 2018-11-28T22:45:38.576808269Z: [    2.777517] Freeing unused kernel memory: 1524K
[STDERR  ] 2018-11-28T22:45:38.576821247Z: [    2.784173] Write protecting the kernel read-only data: 18432k
[STDERR  ] 2018-11-28T22:45:38.576833610Z: [    2.790807] Freeing unused kernel memory: 2024K
[STDERR  ] 2018-11-28T22:45:38.576846710Z: [    2.798395] Freeing unused kernel memory: 1128K
[STDERR  ] 2018-11-28T22:45:38.576858350Z: 
[STDERR  ] 2018-11-28T22:45:38.576871446Z: Welcome to LinuxKit
[STDERR  ] 2018-11-28T22:45:38.576884604Z: 
[STDERR  ] 2018-11-28T22:45:38.576896863Z:                         ##         .
[STDERR  ] 2018-11-28T22:45:38.576910103Z:                   ## ## ##        ==
[STDERR  ] 2018-11-28T22:45:38.576921966Z:                ## ## ## ## ##    ===
[STDERR  ] 2018-11-28T22:45:38.576934855Z:            /"""""""""""""""""\___/ ===
[STDERR  ] 2018-11-28T22:45:38.576948901Z:           {                       /  ===-
[STDERR  ] 2018-11-28T22:45:38.576961122Z:            \______ O           __/
[STDERR  ] 2018-11-28T22:45:38.576973265Z:              \    \         __/
[STDERR  ] 2018-11-28T22:45:38.576985435Z:               \____\_______/
[STDERR  ] 2018-11-28T22:45:38.577001401Z: 
[STDERR  ] 2018-11-28T22:45:38.577013490Z: [    4.032579]  sda:
[STDERR  ] 2018-11-28T22:45:38.577025169Z: [    4.039993]  sda:
[STDERR  ] 2018-11-28T22:45:38.577037446Z: [    4.302163]  sda: sda1
[STDERR  ] 2018-11-28T22:45:38.577049543Z: [    4.560215]  sda: sda1
[STDERR  ] 2018-11-28T22:45:38.577063655Z: [    4.566122]  sda: sda1
[STDERR  ] 2018-11-28T22:45:38.577076329Z: [    5.604977] XFS (sda1): Mounting V5 Filesystem
[STDERR  ] 2018-11-28T22:45:38.577089748Z: [    5.627634] XFS (sda1): Starting recovery (logdev: internal)
[STDERR  ] 2018-11-28T22:45:38.577101784Z: [    5.641634] XFS (sda1): Ending recovery (logdev: internal)
[STDERR  ] 2018-11-28T22:45:38.577114041Z: [    5.684147] XFS (sda1): Unmounting Filesystem
[STDERR  ] 2018-11-28T22:45:38.577128676Z: 2018/11/28 22:45:27 Successfully resized /dev/sda
[STDERR  ] 2018-11-28T22:45:38.577141134Z: [    5.834200] FAT-fs (sda1): utf8 is not a recommended IO charset for FAT filesystems, filesystem will be case sensitive!
[STDERR  ] 2018-11-28T22:45:38.577154188Z: [    5.845196] FAT-fs (sda1): utf8 is not a recommended IO charset for FAT filesystems, filesystem will be case sensitive!
[STDERR  ] 2018-11-28T22:45:38.577166843Z: [    5.856401] mount: sending ioctl 5310 to a partition!
[STDERR  ] 2018-11-28T22:45:38.577179479Z: [    5.892643] mount: sending ioctl 5310 to a partition!
[STDERR  ] 2018-11-28T22:45:38.577278035Z: [    5.900466] XFS (sda1): Mounting V5 Filesystem
[STDERR  ] 2018-11-28T22:45:38.577331749Z: [    5.917337] XFS (sda1): Ending clean mount
[STDERR  ] 2018-11-28T22:45:38.577370539Z: extend test suite PASSED
[STDERR  ] 2018-11-28T22:45:38.577409735Z: + '[' -f /var/lib/docker/bar ]
[STDERR  ] 2018-11-28T22:45:38.577463128Z: + touch /var/lib/docker/foo
[STDERR  ] 2018-11-28T22:45:38.577502208Z: + grep -qE '[4-5][0-9]{2}\.[0-9]{1,}M'
[STDERR  ] 2018-11-28T22:45:38.577543537Z: + df -h
[STDERR  ] 2018-11-28T22:45:38.577582986Z: + printf 'extend test suite PASSED\n'
[STDERR  ] 2018-11-28T22:45:38.577621628Z: [   16.191221] sd 0:0:0:0: [sda] Synchronizing SCSI cache
[STDERR  ] 2018-11-28T22:45:38.577663145Z: [   16.196879] sd 0:0:0:0: [sda] Stopping disk
[STDERR  ] 2018-11-28T22:45:38.577704380Z: [   16.201992] ACPI: Preparing to enter system sleep state S5
[STDERR  ] 2018-11-28T22:45:38.577743405Z: [   16.208094] reboot: Power down
[STDERR  ] 2018-11-28T22:45:38.577783844Z: + echo [    0.000000] Linux version 4.14.81-linuxkit (root@12495f1ac1df) (gcc version 6.4.0 (Alpine 6.4.0)) #1 SMP Fri Nov 16 00:06:53 UTC 2018
[STDERR  ] 2018-11-28T22:45:38.577823813Z: [    0.000000] Command line: console=ttyS0 console=ttyAMA0
[STDERR  ] 2018-11-28T22:45:38.577863173Z: [    0.000000] x86/fpu: x87 FPU will use FXSAVE
[STDERR  ] 2018-11-28T22:45:38.577903250Z: [    0.000000] e820: BIOS-provided physical RAM map:
[STDERR  ] 2018-11-28T22:45:38.577948122Z: [    0.000000] BIOS-e820: [mem 0x0000000000000000-0x000000000009fbff] usable
[STDERR  ] 2018-11-28T22:45:38.577992150Z: [    0.000000] BIOS-e820: [mem 0x000000000009fc00-0x000000000009ffff] reserved
[STDERR  ] 2018-11-28T22:45:38.578030202Z: [    0.000000] BIOS-e820: [mem 0x00000000000f0000-0x00000000000fffff] reserved
[STDERR  ] 2018-11-28T22:45:38.578069321Z: [    0.000000] BIOS-e820: [mem 0x0000000000100000-0x000000003ffdefff] usable
[STDERR  ] 2018-11-28T22:45:38.578108722Z: [    0.000000] BIOS-e820: [mem 0x000000003ffdf000-0x000000003fffffff] reserved
[STDERR  ] 2018-11-28T22:45:38.578151596Z: [    0.000000] BIOS-e820: [mem 0x00000000b0000000-0x00000000bfffffff] reserved
[STDERR  ] 2018-11-28T22:45:38.578199099Z: [    0.000000] BIOS-e820: [mem 0x00000000fed1c000-0x00000000fed1ffff] reserved
[STDERR  ] 2018-11-28T22:45:38.578240608Z: [    0.000000] BIOS-e820: [mem 0x00000000feffc000-0x00000000feffffff] reserved
[STDERR  ] 2018-11-28T22:45:38.578278407Z: [    0.000000] BIOS-e820: [mem 0x00000000fffc0000-0x00000000ffffffff] reserved
[STDERR  ] 2018-11-28T22:45:38.578337432Z: [    0.000000] NX (Execute Disable) protection: active
[STDERR  ] 2018-11-28T22:45:38.578375911Z: [    0.000000] SMBIOS 2.8 present.
[STDERR  ] 2018-11-28T22:45:38.578431320Z: [    0.000000] DMI: QEMU Standard PC (Q35 + ICH9, 2009), BIOS 1.10.2-1 04/01/2014
[STDERR  ] 2018-11-28T22:45:38.578472812Z: [    0.000000] Hypervisor detected: KVM
[STDERR  ] 2018-11-28T22:45:38.578512997Z: [    0.000000] tsc: Fast TSC calibration failed
[STDERR  ] 2018-11-28T22:45:38.578591255Z: [    0.000000] tsc: Unable to calibrate against PIT
[STDOUT  ] 2018-11-28T22:45:38.578587842Z: [    0.000000] Linux version 4.14.81-linuxkit (root@12495f1ac1df) (gcc version 6.4.0 (Alpine 6.4.0)) #1 SMP Fri Nov 16 00:06:53 UTC 2018
[STDOUT  ] 2018-11-28T22:45:38.578694212Z: [    0.000000] Command line: console=ttyS0 console=ttyAMA0
[STDOUT  ] 2018-11-28T22:45:38.578704389Z: [    0.000000] x86/fpu: x87 FPU will use FXSAVE
[STDOUT  ] 2018-11-28T22:45:38.578727391Z: [    0.000000] e820: BIOS-provided physical RAM map:
[STDOUT  ] 2018-11-28T22:45:38.578736880Z: [    0.000000] BIOS-e820: [mem 0x0000000000000000-0x000000000009fbff] usable
[STDOUT  ] 2018-11-28T22:45:38.578747200Z: [    0.000000] BIOS-e820: [mem 0x000000000009fc00-0x000000000009ffff] reserved
[STDOUT  ] 2018-11-28T22:45:38.578757337Z: [    0.000000] BIOS-e820: [mem 0x00000000000f0000-0x00000000000fffff] reserved
[STDOUT  ] 2018-11-28T22:45:38.578767022Z: [    0.000000] BIOS-e820: [mem 0x0000000000100000-0x000000003ffdefff] usable
[STDOUT  ] 2018-11-28T22:45:38.578780309Z: [    0.000000] BIOS-e820: [mem 0x000000003ffdf000-0x000000003fffffff] reserved
[STDOUT  ] 2018-11-28T22:45:38.578789739Z: [    0.000000] BIOS-e820: [mem 0x00000000b0000000-0x00000000bfffffff] reserved
[STDOUT  ] 2018-11-28T22:45:38.578804453Z: [    0.000000] BIOS-e820: [mem 0x00000000fed1c000-0x00000000fed1ffff] reserved
[STDOUT  ] 2018-11-28T22:45:38.578813159Z: [    0.000000] BIOS-e820: [mem 0x00000000feffc000-0x00000000feffffff] reserved
[STDERR  ] 2018-11-28T22:45:38.578631901Z: [    0.000000] tsc: No reference (HPET/PMTIMER) available
[STDERR  ] 2018-11-28T22:45:38.578831720Z: [    0.000000] e820: last_pfn = 0x3ffdf max_arch_pfn = 0x400000000
[STDERR  ] 2018-11-28T22:45:38.578847550Z: [    0.000000] x86/PAT: PAT not supported by CPU.
[STDERR  ] 2018-11-28T22:45:38.578860591Z: [    0.000000] x86/PAT: Configuration [0-7]: WB  WT  UC- UC  WB  WT  UC- UC  
[STDERR  ] 2018-11-28T22:45:38.578875918Z: [    0.000000] found SMP MP-table at [mem 0x000f6a90-0x000f6a9f] mapped at [ffffffffff200a90]
[STDERR  ] 2018-11-28T22:45:38.578888818Z: [    0.000000] RAMDISK: [mem 0x3cb3b000-0x3ffcffff]
[STDERR  ] 2018-11-28T22:45:38.578907351Z: [    0.000000] ACPI: Early table checksum verification disabled
[STDERR  ] 2018-11-28T22:45:38.578920130Z: [    0.000000] ACPI: RSDP 0x00000000000F68D0 000014 (v00 BOCHS )
[STDERR  ] 2018-11-28T22:45:38.578932380Z: [    0.000000] ACPI: RSDT 0x000000003FFE2404 000034 (v01 BOCHS  BXPCRSDT 00000001 BXPC 00000001)
[STDERR  ] 2018-11-28T22:45:38.578965964Z: [    0.000000] ACPI: FACP 0x000000003FFE22A4 000074 (v01 BOCHS  BXPCFACP 00000001 BXPC 00000001)
[STDERR  ] 2018-11-28T22:45:38.578981552Z: [    0.000000] ACPI: DSDT 0x000000003FFE0040 002264 (v01 BOCHS  BXPCDSDT 00000001 BXPC 00000001)
[STDERR  ] 2018-11-28T22:45:38.578994031Z: [    0.000000] ACPI: FACS 0x000000003FFE0000 000040
[STDERR  ] 2018-11-28T22:45:38.579009732Z: [    0.000000] ACPI: APIC 0x000000003FFE2318 000078 (v01 BOCHS  BXPCAPIC 00000001 BXPC 00000001)
[STDERR  ] 2018-11-28T22:45:38.579022069Z: [    0.000000] ACPI: HPET 0x000000003FFE2390 000038 (v01 BOCHS  BXPCHPET 00000001 BXPC 00000001)
[STDOUT  ] 2018-11-28T22:45:38.578821876Z: [    0.000000] BIOS-e820: [mem 0x00000000fffc0000-0x00000000ffffffff] reserved
[STDOUT  ] 2018-11-28T22:45:38.579053454Z: [    0.000000] NX (Execute Disable) protection: active
[STDOUT  ] 2018-11-28T22:45:38.579064738Z: [    0.000000] SMBIOS 2.8 present.
[STDOUT  ] 2018-11-28T22:45:38.579074080Z: [    0.000000] DMI: QEMU Standard PC (Q35 + ICH9, 2009), BIOS 1.10.2-1 04/01/2014
[STDOUT  ] 2018-11-28T22:45:38.579083206Z: [    0.000000] Hypervisor detected: KVM
[STDOUT  ] 2018-11-28T22:45:38.579092586Z: [    0.000000] tsc: Fast TSC calibration failed
[STDOUT  ] 2018-11-28T22:45:38.579101585Z: [    0.000000] tsc: Unable to calibrate against PIT
[STDOUT  ] 2018-11-28T22:45:38.579110937Z: [    0.000000] tsc: No reference (HPET/PMTIMER) available
[STDERR  ] 2018-11-28T22:45:38.579034226Z: [    0.000000] ACPI: MCFG 0x000000003FFE23C8 00003C (v01 BOCHS  BXPCMCFG 00000001 BXPC 00000001)
[STDERR  ] 2018-11-28T22:45:38.579126347Z: [    0.000000] kvm-clock: Using msrs 4b564d01 and 4b564d00
[STDERR  ] 2018-11-28T22:45:38.579142206Z: [    0.000000] kvm-clock: cpu 0, msr 0:3ffdd001, primary cpu clock
[STDERR  ] 2018-11-28T22:45:38.579154715Z: [    0.000000] clocksource: kvm-clock: mask: 0xffffffffffffffff max_cycles: 0x1cd42e4dffb, max_idle_ns: 881590591483 ns
[STDERR  ] 2018-11-28T22:45:38.579170890Z: [    0.000000] Zone ranges:
[STDERR  ] 2018-11-28T22:45:38.579183388Z: [    0.000000]   DMA      [mem 0x0000000000001000-0x0000000000ffffff]
[STDOUT  ] 2018-11-28T22:45:38.579120569Z: [    0.000000] e820: last_pfn = 0x3ffdf max_arch_pfn = 0x400000000
[STDERR  ] 2018-11-28T22:45:38.579195868Z: [    0.000000]   DMA32    [mem 0x0000000001000000-0x000000003ffdefff]
[STDOUT  ] 2018-11-28T22:45:38.579201675Z: [    0.000000] x86/PAT: PAT not supported by CPU.
[STDERR  ] 2018-11-28T22:45:38.579208030Z: [    0.000000]   Normal   empty
[STDERR  ] 2018-11-28T22:45:38.579221064Z: [    0.000000]   Device   empty
[STDERR  ] 2018-11-28T22:45:38.579233601Z: [    0.000000] Movable zone start for each node
[STDERR  ] 2018-11-28T22:45:38.579245776Z: [    0.000000] Early memory node ranges
[STDERR  ] 2018-11-28T22:45:38.579262033Z: [    0.000000]   node   0: [mem 0x0000000000001000-0x000000000009efff]
[STDERR  ] 2018-11-28T22:45:38.579273794Z: [    0.000000]   node   0: [mem 0x0000000000100000-0x000000003ffdefff]
[STDOUT  ] 2018-11-28T22:45:38.579211309Z: [    0.000000] x86/PAT: Configuration [0-7]: WB  WT  UC- UC  WB  WT  UC- UC  
[STDERR  ] 2018-11-28T22:45:38.579285884Z: [    0.000000] Initmem setup node 0 [mem 0x0000000000001000-0x000000003ffdefff]
[STDOUT  ] 2018-11-28T22:45:38.579290857Z: [    0.000000] found SMP MP-table at [mem 0x000f6a90-0x000f6a9f] mapped at [ffffffffff200a90]
[STDERR  ] 2018-11-28T22:45:38.579297591Z: [    0.000000] ACPI: PM-Timer IO Port: 0x608
[STDOUT  ] 2018-11-28T22:45:38.579396200Z: [    0.000000] RAMDISK: [mem 0x3cb3b000-0x3ffcffff]
[STDERR  ] 2018-11-28T22:45:38.579403372Z: [    0.000000] ACPI: LAPIC_NMI (acpi_id[0xff] dfl dfl lint[0x1])
[STDOUT  ] 2018-11-28T22:45:38.579406582Z: [    0.000000] ACPI: Early table checksum verification disabled
[STDERR  ] 2018-11-28T22:45:38.579431265Z: [    0.000000] IOAPIC[0]: apic_id 0, version 17, address 0xfec00000, GSI 0-23
[STDERR  ] 2018-11-28T22:45:38.579444738Z: [    0.000000] ACPI: INT_SRC_OVR (bus 0 bus_irq 0 global_irq 2 dfl dfl)
[STDERR  ] 2018-11-28T22:45:38.579464710Z: [    0.000000] ACPI: INT_SRC_OVR (bus 0 bus_irq 5 global_irq 5 high level)
[STDERR  ] 2018-11-28T22:45:38.579476667Z: [    0.000000] ACPI: INT_SRC_OVR (bus 0 bus_irq 9 global_irq 9 high level)
[STDERR  ] 2018-11-28T22:45:38.579488764Z: [    0.000000] ACPI: INT_SRC_OVR (bus 0 bus_irq 10 global_irq 10 high level)
[STDOUT  ] 2018-11-28T22:45:38.579418870Z: [    0.000000] ACPI: RSDP 0x00000000000F68D0 000014 (v00 BOCHS )
[STDERR  ] 2018-11-28T22:45:38.579501353Z: [    0.000000] ACPI: INT_SRC_OVR (bus 0 bus_irq 11 global_irq 11 high level)
[STDOUT  ] 2018-11-28T22:45:38.579516146Z: [    0.000000] ACPI: RSDT 0x000000003FFE2404 000034 (v01 BOCHS  BXPCRSDT 00000001 BXPC 00000001)
[STDERR  ] 2018-11-28T22:45:38.579520499Z: [    0.000000] Using ACPI (MADT) for SMP configuration information
[STDOUT  ] 2018-11-28T22:45:38.579526402Z: [    0.000000] ACPI: FACP 0x000000003FFE22A4 000074 (v01 BOCHS  BXPCFACP 00000001 BXPC 00000001)
[STDOUT  ] 2018-11-28T22:45:38.579536010Z: [    0.000000] ACPI: DSDT 0x000000003FFE0040 002264 (v01 BOCHS  BXPCDSDT 00000001 BXPC 00000001)
[STDOUT  ] 2018-11-28T22:45:38.579554594Z: [    0.000000] ACPI: FACS 0x000000003FFE0000 000040
[STDOUT  ] 2018-11-28T22:45:38.579564179Z: [    0.000000] ACPI: APIC 0x000000003FFE2318 000078 (v01 BOCHS  BXPCAPIC 00000001 BXPC 00000001)
[STDOUT  ] 2018-11-28T22:45:38.579572750Z: [    0.000000] ACPI: HPET 0x000000003FFE2390 000038 (v01 BOCHS  BXPCHPET 00000001 BXPC 00000001)
[STDOUT  ] 2018-11-28T22:45:38.579585565Z: [    0.000000] ACPI: MCFG 0x000000003FFE23C8 00003C (v01 BOCHS  BXPCMCFG 00000001 BXPC 00000001)
[STDOUT  ] 2018-11-28T22:45:38.579594476Z: [    0.000000] kvm-clock: Using msrs 4b564d01 and 4b564d00
[STDOUT  ] 2018-11-28T22:45:38.579603357Z: [    0.000000] kvm-clock: cpu 0, msr 0:3ffdd001, primary cpu clock
[STDOUT  ] 2018-11-28T22:45:38.579614510Z: [    0.000000] clocksource: kvm-clock: mask: 0xffffffffffffffff max_cycles: 0x1cd42e4dffb, max_idle_ns: 881590591483 ns
[STDERR  ] 2018-11-28T22:45:38.579532954Z: [    0.000000] ACPI: HPET id: 0x8086a201 base: 0xfed00000
[STDERR  ] 2018-11-28T22:45:38.579637105Z: [    0.000000] smpboot: Allowing 1 CPUs, 0 hotplug CPUs
[STDERR  ] 2018-11-28T22:45:38.579652419Z: [    0.000000] e820: [mem 0x40000000-0xafffffff] available for PCI devices
[STDERR  ] 2018-11-28T22:45:38.579664449Z: [    0.000000] Booting paravirtualized kernel on KVM
[STDERR  ] 2018-11-28T22:45:38.579676863Z: [    0.000000] clocksource: refined-jiffies: mask: 0xffffffff max_cycles: 0xffffffff, max_idle_ns: 1910969940391419 ns
[STDERR  ] 2018-11-28T22:45:38.579689007Z: [    0.000000] random: get_random_bytes called from start_kernel+0x92/0x4cb with crng_init=0
[STDERR  ] 2018-11-28T22:45:38.579701425Z: [    0.000000] setup_percpu: NR_CPUS:128 nr_cpumask_bits:128 nr_cpu_ids:1 nr_node_ids:1
[STDERR  ] 2018-11-28T22:45:38.579716879Z: [    0.000000] percpu: Embedded 45 pages/cpu @ffff9cc67c800000 s144280 r8192 d31848 u2097152
[STDERR  ] 2018-11-28T22:45:38.579733378Z: [    0.000000] KVM setup async PF for cpu 0
[STDERR  ] 2018-11-28T22:45:38.579746172Z: [    0.000000] kvm-stealtime: cpu 0, msr 3c815f40
[STDERR  ] 2018-11-28T22:45:38.579758403Z: [    0.000000] Built 1 zonelists, mobility grouping on.  Total pages: 257896
[STDOUT  ] 2018-11-28T22:45:38.579625428Z: [    0.000000] Zone ranges:
[STDOUT  ] 2018-11-28T22:45:38.579794474Z: [    0.000000]   DMA      [mem 0x0000000000001000-0x0000000000ffffff]
[STDOUT  ] 2018-11-28T22:45:38.579803389Z: [    0.000000]   DMA32    [mem 0x0000000001000000-0x000000003ffdefff]
[STDOUT  ] 2018-11-28T22:45:38.579812306Z: [    0.000000]   Normal   empty
[STDOUT  ] 2018-11-28T22:45:38.579820647Z: [    0.000000]   Device   empty
[STDOUT  ] 2018-11-28T22:45:38.579829263Z: [    0.000000] Movable zone start for each node
[STDOUT  ] 2018-11-28T22:45:38.579838028Z: [    0.000000] Early memory node ranges
[STDOUT  ] 2018-11-28T22:45:38.579846782Z: [    0.000000]   node   0: [mem 0x0000000000001000-0x000000000009efff]
[STDERR  ] 2018-11-28T22:45:38.579770847Z: [    0.000000] Kernel command line: console=ttyS0 console=ttyAMA0
[STDERR  ] 2018-11-28T22:45:38.579868682Z: [    0.000000] PID hash table entries: 4096 (order: 3, 32768 bytes)
[STDERR  ] 2018-11-28T22:45:38.579884239Z: [    0.000000] Dentry cache hash table entries: 131072 (order: 8, 1048576 bytes)
[STDERR  ] 2018-11-28T22:45:38.579895852Z: [    0.000000] Inode-cache hash table entries: 65536 (order: 7, 524288 bytes)
[STDERR  ] 2018-11-28T22:45:38.579916347Z: [    0.000000] Memory: 951024K/1048052K available (12300K kernel code, 1451K rwdata, 2968K rodata, 1524K init, 580K bss, 97028K reserved, 0K cma-reserved)
[STDERR  ] 2018-11-28T22:45:38.579931087Z: [    0.000000] Kernel/User page tables isolation: enabled
[STDERR  ] 2018-11-28T22:45:38.579943071Z: [    0.000000] ftrace: allocating 40648 entries in 159 pages
[STDERR  ] 2018-11-28T22:45:38.579955605Z: [    0.001000] Hierarchical RCU implementation.
[STDERR  ] 2018-11-28T22:45:38.579967516Z: [    0.001000] 	RCU restricting CPUs from NR_CPUS=128 to nr_cpu_ids=1.
[STDERR  ] 2018-11-28T22:45:38.579979754Z: [    0.001000] RCU: Adjusting geometry for rcu_fanout_leaf=16, nr_cpu_ids=1
[STDERR  ] 2018-11-28T22:45:38.579991711Z: [    0.001000] NR_IRQS: 8448, nr_irqs: 256, preallocated irqs: 16
[STDERR  ] 2018-11-28T22:45:38.580004237Z: [    0.001000] Console: colour VGA+ 80x25
[STDERR  ] 2018-11-28T22:45:38.580016008Z: [    0.001000] console [ttyS0] enabled
[STDERR  ] 2018-11-28T22:45:38.580028680Z: [    0.001000] clocksource: hpet: mask: 0xffffffff max_cycles: 0xffffffff, max_idle_ns: 19112604467 ns
[STDERR  ] 2018-11-28T22:45:38.580041475Z: [    0.001026] tsc: Detected 2299.908 MHz processor
[STDERR  ] 2018-11-28T22:45:38.580053331Z: [    0.002028] Calibrating delay loop (skipped) preset value.. 4599.81 BogoMIPS (lpj=2299908)
[STDERR  ] 2018-11-28T22:45:38.580065950Z: [    0.003026] pid_max: default: 32768 minimum: 301
[STDERR  ] 2018-11-28T22:45:38.580078144Z: [    0.004052] ACPI: Core revision 20170728
[STDERR  ] 2018-11-28T22:45:38.580090566Z: [    0.006464] ACPI: 1 ACPI AML tables successfully acquired and loaded
[STDERR  ] 2018-11-28T22:45:38.580102424Z: [    0.007105] Security Framework initialized
[STDERR  ] 2018-11-28T22:45:38.580118244Z: [    0.008031] Yama: becoming mindful.
[STDERR  ] 2018-11-28T22:45:38.580133473Z: [    0.009072] Mount-cache hash table entries: 2048 (order: 2, 16384 bytes)
[STDERR  ] 2018-11-28T22:45:38.580145390Z: [    0.010029] Mountpoint-cache hash table entries: 2048 (order: 2, 16384 bytes)
[STDERR  ] 2018-11-28T22:45:38.580158180Z: [    0.013066] Last level iTLB entries: 4KB 0, 2MB 0, 4MB 0
[STDERR  ] 2018-11-28T22:45:38.580170327Z: [    0.014025] Last level dTLB entries: 4KB 0, 2MB 0, 4MB 0, 1GB 0
[STDERR  ] 2018-11-28T22:45:38.580182359Z: [    0.015025] Spectre V2 : Mitigation: Full generic retpoline
[STDERR  ] 2018-11-28T22:45:38.580194844Z: [    0.016024] Spectre V2 : Spectre v2 / SpectreRSB mitigation: Filling RSB on context switch
[STDERR  ] 2018-11-28T22:45:38.580212146Z: [    0.018023] Speculative Store Bypass: Vulnerable
[STDERR  ] 2018-11-28T22:45:38.580224166Z: [    0.025406] Freeing SMP alternatives memory: 20K
[STDERR  ] 2018-11-28T22:45:38.580236377Z: [    0.026579] smpboot: Max logical packages: 1
[STDERR  ] 2018-11-28T22:45:38.580248647Z: [    0.030438] x2apic enabled
[STDERR  ] 2018-11-28T22:45:38.580262954Z: [    0.031024] Switched APIC routing to physical x2apic.
[STDERR  ] 2018-11-28T22:45:38.580275408Z: [    0.043898] ..TIMER: vector=0x30 apic1=0 pin1=2 apic2=-1 pin2=-1
[STDERR  ] 2018-11-28T22:45:38.580287533Z: [    0.044000] smpboot: CPU0: Intel QEMU Virtual CPU version 2.5+ (family: 0x6, model: 0x6, stepping: 0x3)
[STDERR  ] 2018-11-28T22:45:38.580309108Z: [    0.044126] Performance Events: PMU not available due to virtualization, using software events only.
[STDERR  ] 2018-11-28T22:45:38.580322600Z: [    0.048236] Hierarchical SRCU implementation.
[STDERR  ] 2018-11-28T22:45:38.580334601Z: [    0.050134] NMI watchdog: Perf event create on CPU 0 failed with -2
[STDERR  ] 2018-11-28T22:45:38.580349568Z: [    0.051007] NMI watchdog: Perf NMI watchdog permanently disabled
[STDERR  ] 2018-11-28T22:45:38.580368716Z: [    0.052088] smp: Bringing up secondary CPUs ...
[STDERR  ] 2018-11-28T22:45:38.580381992Z: [    0.053007] smp: Brought up 1 node, 1 CPU
[STDERR  ] 2018-11-28T22:45:38.580394510Z: [    0.054007] smpboot: Total of 1 processors activated (4599.81 BogoMIPS)
[STDERR  ] 2018-11-28T22:45:38.580406500Z: [    0.057213] devtmpfs: initialized
[STDERR  ] 2018-11-28T22:45:38.580437684Z: [    0.059004] x86/mm: Memory block size: 128MB
[STDERR  ] 2018-11-28T22:45:38.580450020Z: [    0.060244] evm: security.ima
[STDERR  ] 2018-11-28T22:45:38.580462280Z: [    0.061004] evm: security.capability
[STDERR  ] 2018-11-28T22:45:38.580474432Z: [    0.062168] clocksource: jiffies: mask: 0xffffffff max_cycles: 0xffffffff, max_idle_ns: 1911260446275000 ns
[STDERR  ] 2018-11-28T22:45:38.580487401Z: [    0.063012] futex hash table entries: 256 (order: 2, 16384 bytes)
[STDERR  ] 2018-11-28T22:45:38.580499832Z: [    0.065091] NET: Registered protocol family 16
[STDERR  ] 2018-11-28T22:45:38.580512119Z: [    0.066207] cpuidle: using governor ladder
[STDERR  ] 2018-11-28T22:45:38.580524273Z: [    0.067007] cpuidle: using governor menu
[STDERR  ] 2018-11-28T22:45:38.580536513Z: [    0.068123] ACPI: bus type PCI registered
[STDERR  ] 2018-11-28T22:45:38.580548898Z: [    0.069483] PCI: MMCONFIG for domain 0000 [bus 00-ff] at [mem 0xb0000000-0xbfffffff] (base 0xb0000000)
[STDERR  ] 2018-11-28T22:45:38.580561797Z: [    0.070011] PCI: MMCONFIG at [mem 0xb0000000-0xbfffffff] reserved in E820
[STDERR  ] 2018-11-28T22:45:38.580574028Z: [    0.071020] PCI: Using configuration type 1 for base access
