[INFO    ] 2018-04-25T13:45:46.445028998Z: Running Test linuxkit.packages.sysctl in /tmp/build/test/cases/040_packages/019_sysctl
[INFO    ] 2018-04-25T13:45:46.445126629Z: Running command: [/bin/sh -x /tmp/build/test/cases/040_packages/019_sysctl/test.sh]
[STDERR  ] 2018-04-25T13:45:46.478096863Z: + set -e
[STDERR  ] 2018-04-25T13:45:46.478191274Z: + . /tmp/build/test/cases/_lib/lib.sh
[STDERR  ] 2018-04-25T13:45:46.478201556Z: + [ -f src/github.com/linuxkit/rtf/lib/lib.sh ]
[STDERR  ] 2018-04-25T13:45:46.478216682Z: + LINUXKIT_TMPDIR=/tmp/build/test/cases/_tmp
[STDERR  ] 2018-04-25T13:45:46.478225498Z: + [ -f /tmp/build/test/cases/_tmp/env.sh ]
[STDERR  ] 2018-04-25T13:45:46.478326892Z: + . /tmp/build/test/cases/_tmp/env.sh
[STDERR  ] 2018-04-25T13:45:46.478344678Z: + export LINUXKIT_EXAMPLES_DIR=/tmp/build/test/cases/../../examples
[STDERR  ] 2018-04-25T13:45:46.478384075Z: + RT_CANCEL=253
[STDERR  ] 2018-04-25T13:45:46.478401373Z: + NAME=sysctl
[STDERR  ] 2018-04-25T13:45:46.478448146Z: + trap clean_up EXIT
[STDERR  ] 2018-04-25T13:45:46.478493451Z: + linuxkit build -format kernel+initrd -name sysctl test.yml
[STDERR  ] 2018-04-25T13:45:46.505497399Z: Extract kernel image: linuxkit/kernel:4.14.35
[STDERR  ] 2018-04-25T13:45:48.200142845Z: Add init containers:
[STDERR  ] 2018-04-25T13:45:48.200189666Z: Process init image: linuxkit/init:d0bf64f4cea42bea71e7d8f8832ba497bb822e89
[STDERR  ] 2018-04-25T13:45:49.451269972Z: Process init image: linuxkit/runc:acba8886e4b1318457c711700f695a02fef9493d
[STDERR  ] 2018-04-25T13:45:50.642066356Z: Add onboot containers:
[STDERR  ] 2018-04-25T13:45:50.642145700Z:   Create OCI config for linuxkit/sysctl:v0.3
[STDERR  ] 2018-04-25T13:45:52.085892092Z:   Create OCI config for alpine:3.7
[STDERR  ] 2018-04-25T13:45:53.327440694Z:   Create OCI config for linuxkit/poweroff:5740687bf0a6a0480922c0f59b3a4ca77c866cae
[STDERR  ] 2018-04-25T13:45:54.567231231Z: Add files:
[STDERR  ] 2018-04-25T13:45:54.567339975Z:   check.sh
[STDERR  ] 2018-04-25T13:45:54.568023421Z: Create outputs:
[STDERR  ] 2018-04-25T13:45:59.557076037Z:   sysctl-kernel sysctl-initrd.img sysctl-cmdline
[STDERR  ] 2018-04-25T13:45:59.609126640Z: + linuxkit run sysctl
[STDERR  ] 2018-04-25T13:45:59.632744693Z: Unable to find qemu-system-x86_64 within the $PATH. Using a container
[STDERR  ] 2018-04-25T13:46:27.817304319Z: + RESULT=[    0.000000] Linux version 4.14.35-linuxkit (root@95934b70ab05) (gcc version 6.4.0 (Alpine 6.4.0)) #1 SMP Mon Apr 23 11:11:13 UTC 2018
[STDERR  ] 2018-04-25T13:46:27.817386786Z: [    0.000000] Command line: console=ttyS0 console=ttyAMA0
[STDERR  ] 2018-04-25T13:46:27.817403143Z: [    0.000000] x86/fpu: x87 FPU will use FXSAVE
[STDERR  ] 2018-04-25T13:46:27.817417069Z: [    0.000000] e820: BIOS-provided physical RAM map:
[STDERR  ] 2018-04-25T13:46:27.817429980Z: [    0.000000] BIOS-e820: [mem 0x0000000000000000-0x000000000009fbff] usable
[STDERR  ] 2018-04-25T13:46:27.817443637Z: [    0.000000] BIOS-e820: [mem 0x000000000009fc00-0x000000000009ffff] reserved
[STDERR  ] 2018-04-25T13:46:27.817455858Z: [    0.000000] BIOS-e820: [mem 0x00000000000f0000-0x00000000000fffff] reserved
[STDERR  ] 2018-04-25T13:46:27.817468832Z: [    0.000000] BIOS-e820: [mem 0x0000000000100000-0x000000003ffdefff] usable
[STDERR  ] 2018-04-25T13:46:27.817483118Z: [    0.000000] BIOS-e820: [mem 0x000000003ffdf000-0x000000003fffffff] reserved
[STDERR  ] 2018-04-25T13:46:27.817494403Z: [    0.000000] BIOS-e820: [mem 0x00000000b0000000-0x00000000bfffffff] reserved
[STDERR  ] 2018-04-25T13:46:27.817505817Z: [    0.000000] BIOS-e820: [mem 0x00000000fed1c000-0x00000000fed1ffff] reserved
[STDERR  ] 2018-04-25T13:46:27.817517558Z: [    0.000000] BIOS-e820: [mem 0x00000000fffc0000-0x00000000ffffffff] reserved
[STDERR  ] 2018-04-25T13:46:27.817529286Z: [    0.000000] NX (Execute Disable) protection: active
[STDERR  ] 2018-04-25T13:46:27.817541723Z: [    0.000000] random: fast init done
[STDERR  ] 2018-04-25T13:46:27.817553148Z: [    0.000000] SMBIOS 2.8 present.
[STDERR  ] 2018-04-25T13:46:27.817564906Z: [    0.000000] DMI: QEMU Standard PC (Q35 + ICH9, 2009), BIOS rel-1.10.2-0-g5f4c7b1-prebuilt.qemu-project.org 04/01/2014
[STDERR  ] 2018-04-25T13:46:27.817584704Z: [    0.000000] tsc: Fast TSC calibration using PIT
[STDERR  ] 2018-04-25T13:46:27.817599195Z: [    0.000000] e820: last_pfn = 0x3ffdf max_arch_pfn = 0x400000000
[STDERR  ] 2018-04-25T13:46:27.817611463Z: [    0.000000] x86/PAT: Configuration [0-7]: WB  WC  UC- UC  WB  WP  UC- WT  
[STDERR  ] 2018-04-25T13:46:27.817622480Z: [    0.000000] found SMP MP-table at [mem 0x000f6aa0-0x000f6aaf] mapped at [ffffffffff200aa0]
[STDERR  ] 2018-04-25T13:46:27.817636121Z: [    0.000000] RAMDISK: [mem 0x3e4ea000-0x3ffcffff]
[STDERR  ] 2018-04-25T13:46:27.817649115Z: [    0.000000] ACPI: Early table checksum verification disabled
[STDERR  ] 2018-04-25T13:46:27.817662200Z: [    0.000000] ACPI: RSDP 0x00000000000F68B0 000014 (v00 BOCHS )
[STDERR  ] 2018-04-25T13:46:27.817674598Z: [    0.000000] ACPI: RSDT 0x000000003FFE20A8 000034 (v01 BOCHS  BXPCRSDT 00000001 BXPC 00000001)
[STDERR  ] 2018-04-25T13:46:27.817686733Z: [    0.000000] ACPI: FACP 0x000000003FFE1EC8 0000F4 (v03 BOCHS  BXPCFACP 00000001 BXPC 00000001)
[STDERR  ] 2018-04-25T13:46:27.817701376Z: [    0.000000] ACPI: DSDT 0x000000003FFE0040 001E88 (v01 BOCHS  BXPCDSDT 00000001 BXPC 00000001)
[STDERR  ] 2018-04-25T13:46:27.817713657Z: [    0.000000] ACPI: FACS 0x000000003FFE0000 000040
[STDERR  ] 2018-04-25T13:46:27.817725413Z: [    0.000000] ACPI: APIC 0x000000003FFE1FBC 000078 (v01 BOCHS  BXPCAPIC 00000001 BXPC 00000001)
[STDERR  ] 2018-04-25T13:46:27.817737231Z: [    0.000000] ACPI: HPET 0x000000003FFE2034 000038 (v01 BOCHS  BXPCHPET 00000001 BXPC 00000001)
[STDERR  ] 2018-04-25T13:46:27.817752008Z: [    0.000000] ACPI: MCFG 0x000000003FFE206C 00003C (v01 BOCHS  BXPCMCFG 00000001 BXPC 00000001)
[STDERR  ] 2018-04-25T13:46:27.817766256Z: [    0.000000] Zone ranges:
[STDERR  ] 2018-04-25T13:46:27.817778171Z: [    0.000000]   DMA      [mem 0x0000000000001000-0x0000000000ffffff]
[STDERR  ] 2018-04-25T13:46:27.817789609Z: [    0.000000]   DMA32    [mem 0x0000000001000000-0x000000003ffdefff]
[STDERR  ] 2018-04-25T13:46:27.817800880Z: [    0.000000]   Normal   empty
[STDERR  ] 2018-04-25T13:46:27.817812428Z: [    0.000000]   Device   empty
[STDERR  ] 2018-04-25T13:46:27.817825048Z: [    0.000000] Movable zone start for each node
[STDERR  ] 2018-04-25T13:46:27.817837408Z: [    0.000000] Early memory node ranges
[STDERR  ] 2018-04-25T13:46:27.817856633Z: [    0.000000]   node   0: [mem 0x0000000000001000-0x000000000009efff]
[STDERR  ] 2018-04-25T13:46:27.817868272Z: [    0.000000]   node   0: [mem 0x0000000000100000-0x000000003ffdefff]
[STDERR  ] 2018-04-25T13:46:27.817880370Z: [    0.000000] Initmem setup node 0 [mem 0x0000000000001000-0x000000003ffdefff]
[STDERR  ] 2018-04-25T13:46:27.817892328Z: [    0.000000] ACPI: PM-Timer IO Port: 0x608
[STDERR  ] 2018-04-25T13:46:27.817904262Z: [    0.000000] ACPI: LAPIC_NMI (acpi_id[0xff] dfl dfl lint[0x1])
[STDERR  ] 2018-04-25T13:46:27.817917002Z: [    0.000000] IOAPIC[0]: apic_id 0, version 32, address 0xfec00000, GSI 0-23
[STDERR  ] 2018-04-25T13:46:27.817933697Z: [    0.000000] ACPI: INT_SRC_OVR (bus 0 bus_irq 0 global_irq 2 dfl dfl)
[STDERR  ] 2018-04-25T13:46:27.817946374Z: [    0.000000] ACPI: INT_SRC_OVR (bus 0 bus_irq 5 global_irq 5 high level)
[STDERR  ] 2018-04-25T13:46:27.817958066Z: [    0.000000] ACPI: INT_SRC_OVR (bus 0 bus_irq 9 global_irq 9 high level)
[STDERR  ] 2018-04-25T13:46:27.817970371Z: [    0.000000] ACPI: INT_SRC_OVR (bus 0 bus_irq 10 global_irq 10 high level)
[STDERR  ] 2018-04-25T13:46:27.817981748Z: [    0.000000] ACPI: INT_SRC_OVR (bus 0 bus_irq 11 global_irq 11 high level)
[STDERR  ] 2018-04-25T13:46:27.817993541Z: [    0.000000] Using ACPI (MADT) for SMP configuration information
[STDERR  ] 2018-04-25T13:46:27.818013674Z: [    0.000000] ACPI: HPET id: 0x8086a201 base: 0xfed00000
[STDERR  ] 2018-04-25T13:46:27.818026753Z: [    0.000000] smpboot: Allowing 1 CPUs, 0 hotplug CPUs
[STDERR  ] 2018-04-25T13:46:27.818038872Z: [    0.000000] e820: [mem 0x40000000-0xafffffff] available for PCI devices
[STDERR  ] 2018-04-25T13:46:27.818054888Z: [    0.000000] Booting paravirtualized kernel on bare hardware
[STDERR  ] 2018-04-25T13:46:27.818066929Z: [    0.000000] clocksource: refined-jiffies: mask: 0xffffffff max_cycles: 0xffffffff, max_idle_ns: 19112604462750000 ns
[STDERR  ] 2018-04-25T13:46:27.818079247Z: [    0.000000] setup_percpu: NR_CPUS:128 nr_cpumask_bits:128 nr_cpu_ids:1 nr_node_ids:1
[STDERR  ] 2018-04-25T13:46:27.818091105Z: [    0.000000] percpu: Embedded 44 pages/cpu @ffff951fbe200000 s143256 r8192 d28776 u2097152
[STDERR  ] 2018-04-25T13:46:27.818102969Z: [    0.000000] Built 1 zonelists, mobility grouping on.  Total pages: 257896
[STDERR  ] 2018-04-25T13:46:27.818114672Z: [    0.000000] Kernel command line: console=ttyS0 console=ttyAMA0
[STDERR  ] 2018-04-25T13:46:27.818128054Z: [    0.000000] PID hash table entries: 4096 (order: 3, 32768 bytes)
[STDERR  ] 2018-04-25T13:46:27.818140480Z: [    0.000000] Dentry cache hash table entries: 131072 (order: 8, 1048576 bytes)
[STDERR  ] 2018-04-25T13:46:27.818151750Z: [    0.000000] Inode-cache hash table entries: 65536 (order: 7, 524288 bytes)
[STDERR  ] 2018-04-25T13:46:27.818162947Z: [    0.000000] Memory: 977256K/1048052K available (12300K kernel code, 1464K rwdata, 2988K rodata, 1508K init, 632K bss, 70796K reserved, 0K cma-reserved)
[STDERR  ] 2018-04-25T13:46:27.818181380Z: [    0.000000] ftrace: allocating 40962 entries in 161 pages
[STDERR  ] 2018-04-25T13:46:27.818193603Z: [    0.000000] Hierarchical RCU implementation.
[STDERR  ] 2018-04-25T13:46:27.818204915Z: [    0.000000] 	RCU restricting CPUs from NR_CPUS=128 to nr_cpu_ids=1.
[STDERR  ] 2018-04-25T13:46:27.818219992Z: [    0.000000] RCU: Adjusting geometry for rcu_fanout_leaf=16, nr_cpu_ids=1
[STDERR  ] 2018-04-25T13:46:27.818231742Z: [    0.000000] NR_IRQS: 8448, nr_irqs: 256, preallocated irqs: 16
[STDERR  ] 2018-04-25T13:46:27.818247438Z: [    0.000000] Console: colour VGA+ 80x25
[STDERR  ] 2018-04-25T13:46:27.818258515Z: [    0.000000] console [ttyS0] enabled
[STDERR  ] 2018-04-25T13:46:27.818270543Z: [    0.000000] clocksource: hpet: mask: 0xffffffff max_cycles: 0xffffffff, max_idle_ns: 19112604467 ns
[STDERR  ] 2018-04-25T13:46:27.818341042Z: [    0.010000] tsc: Fast TSC calibration failed
[STDERR  ] 2018-04-25T13:46:27.818353191Z: [    0.050000] tsc: Unable to calibrate against PIT
[STDERR  ] 2018-04-25T13:46:27.818371916Z: [    0.050000] tsc: using HPET reference calibration
[STDERR  ] 2018-04-25T13:46:27.818384783Z: [    0.050000] tsc: Detected 2599.604 MHz processor
[STDERR  ] 2018-04-25T13:46:27.818397467Z: [    0.050000] Calibrating delay loop (skipped), value calculated using timer frequency.. 5199.20 BogoMIPS (lpj=25996040)
[STDERR  ] 2018-04-25T13:46:27.818410567Z: [    0.050000] pid_max: default: 32768 minimum: 301
[STDERR  ] 2018-04-25T13:46:27.818441676Z: [    0.050000] ACPI: Core revision 20170728
[STDERR  ] 2018-04-25T13:46:27.818453711Z: [    0.082133] ACPI: 1 ACPI AML tables successfully acquired and loaded
[STDERR  ] 2018-04-25T13:46:27.818465479Z: [    0.084108] Security Framework initialized
[STDERR  ] 2018-04-25T13:46:27.818476682Z: [    0.084542] Yama: becoming mindful.
[STDERR  ] 2018-04-25T13:46:27.818490836Z: [    0.087170] Mount-cache hash table entries: 2048 (order: 2, 16384 bytes)
[STDERR  ] 2018-04-25T13:46:27.818501607Z: [    0.087570] Mountpoint-cache hash table entries: 2048 (order: 2, 16384 bytes)
[STDERR  ] 2018-04-25T13:46:27.818518575Z: [    0.110203] Last level iTLB entries: 4KB 0, 2MB 0, 4MB 0
[STDERR  ] 2018-04-25T13:46:27.818531069Z: [    0.110589] Last level dTLB entries: 4KB 0, 2MB 0, 4MB 0, 1GB 0
[STDERR  ] 2018-04-25T13:46:27.818542386Z: [    0.111051] Spectre V2 : Spectre mitigation: LFENCE not serializing, switching to generic retpoline
[STDERR  ] 2018-04-25T13:46:27.818555125Z: [    0.111538] Spectre V2 : Vulnerable: Minimal generic ASM retpoline
[STDERR  ] 2018-04-25T13:46:27.818567125Z: [    0.111860] Spectre V2 : Spectre v2 mitigation: Filling RSB on context switch
[STDERR  ] 2018-04-25T13:46:27.818578840Z: [    0.434252] Freeing SMP alternatives memory: 20K
[STDERR  ] 2018-04-25T13:46:27.818595820Z: [    0.460000] smpboot: Max logical packages: 1
[STDERR  ] 2018-04-25T13:46:27.818607505Z: [    0.465825] ..TIMER: vector=0x30 apic1=0 pin1=2 apic2=-1 pin2=-1
[STDERR  ] 2018-04-25T13:46:27.818620048Z: [    0.570000] smpboot: CPU0: AMD QEMU Virtual CPU version 2.5+ (family: 0x6, model: 0x6, stepping: 0x3)
[STDERR  ] 2018-04-25T13:46:27.818633082Z: [    0.570000] Performance Events: PMU not available due to virtualization, using software events only.
[STDERR  ] 2018-04-25T13:46:27.818645434Z: [    0.571416] Hierarchical SRCU implementation.
[STDERR  ] 2018-04-25T13:46:27.818656745Z: [    0.576978] NMI watchdog: Perf event create on CPU 0 failed with -2
[STDERR  ] 2018-04-25T13:46:27.818668116Z: [    0.577360] NMI watchdog: Perf NMI watchdog permanently disabled
[STDERR  ] 2018-04-25T13:46:27.818679870Z: [    0.580945] smp: Bringing up secondary CPUs ...
[STDERR  ] 2018-04-25T13:46:27.818690745Z: [    0.581275] smp: Brought up 1 node, 1 CPU
[STDERR  ] 2018-04-25T13:46:27.818702055Z: [    0.581610] smpboot: Total of 1 processors activated (5199.20 BogoMIPS)
[STDERR  ] 2018-04-25T13:46:27.818713886Z: [    0.598037] devtmpfs: initialized
[STDERR  ] 2018-04-25T13:46:27.818726504Z: [    0.603443] x86/mm: Memory block size: 128MB
[STDERR  ] 2018-04-25T13:46:27.818738341Z: [    0.609287] evm: security.ima
[STDERR  ] 2018-04-25T13:46:27.818754657Z: [    0.609446] evm: security.capability
[STDERR  ] 2018-04-25T13:46:27.818766803Z: [    0.613608] clocksource: jiffies: mask: 0xffffffff max_cycles: 0xffffffff, max_idle_ns: 19112604462750000 ns
[STDERR  ] 2018-04-25T13:46:27.818783932Z: [    0.614019] futex hash table entries: 256 (order: 2, 16384 bytes)
[STDERR  ] 2018-04-25T13:46:27.818796892Z: [    0.627771] NET: Registered protocol family 16
[STDERR  ] 2018-04-25T13:46:27.818808084Z: [    0.635554] cpuidle: using governor ladder
[STDERR  ] 2018-04-25T13:46:27.818820115Z: [    0.635853] cpuidle: using governor menu
[STDERR  ] 2018-04-25T13:46:27.818832692Z: [    0.637635] ACPI: bus type PCI registered
[STDERR  ] 2018-04-25T13:46:27.818844913Z: [    0.640429] PCI: MMCONFIG for domain 0000 [bus 00-ff] at [mem 0xb0000000-0xbfffffff] (base 0xb0000000)
[STDERR  ] 2018-04-25T13:46:27.818858808Z: [    0.641162] PCI: MMCONFIG at [mem 0xb0000000-0xbfffffff] reserved in E820
[STDERR  ] 2018-04-25T13:46:27.818877011Z: [    0.642243] PCI: Using configuration type 1 for base access
[STDERR  ] 2018-04-25T13:46:27.818890281Z: [    0.694824] HugeTLB registered 2.00 MiB page size, pre-allocated 0 pages
[STDERR  ] 2018-04-25T13:46:27.818902545Z: [    0.705872] ACPI: Added _OSI(Module Device)
[STDERR  ] 2018-04-25T13:46:27.818913870Z: [    0.706046] ACPI: Added _OSI(Processor Device)
[STDERR  ] 2018-04-25T13:46:27.818925254Z: [    0.706434] ACPI: Added _OSI(3.0 _SCP Extensions)
[STDERR  ] 2018-04-25T13:46:27.818938917Z: [    0.706649] ACPI: Added _OSI(Processor Aggregator Device)
[STDERR  ] 2018-04-25T13:46:27.818951154Z: [    0.752721] ACPI: Interpreter enabled
[STDERR  ] 2018-04-25T13:46:27.818963381Z: [    0.753629] ACPI: (supports S0 S5)
[STDERR  ] 2018-04-25T13:46:27.818975064Z: [    0.753929] ACPI: Using IOAPIC for interrupt routing
[STDERR  ] 2018-04-25T13:46:27.818987819Z: [    0.756177] PCI: Using host bridge windows from ACPI; if necessary, use "pci=nocrs" and report a bug
[STDERR  ] 2018-04-25T13:46:27.819003011Z: [    0.758696] ACPI: Enabled 1 GPEs in block 00 to 3F
[STDERR  ] 2018-04-25T13:46:27.819015357Z: [    0.800736] ACPI: PCI Root Bridge [PCI0] (domain 0000 [bus 00-ff])
[STDERR  ] 2018-04-25T13:46:27.819029814Z: [    0.801519] acpi PNP0A08:00: _OSC: OS supports [ExtendedConfig ASPM ClockPM Segments MSI]
[STDERR  ] 2018-04-25T13:46:27.819043422Z: [    0.805459] acpi PNP0A08:00: _OSC: OS now controls [PCIeHotplug PME PCIeCapability]
[STDERR  ] 2018-04-25T13:46:27.819055072Z: [    0.808905] PCI host bridge to bus 0000:00
[STDERR  ] 2018-04-25T13:46:27.819066457Z: [    0.809445] pci_bus 0000:00: root bus resource [io  0x0000-0x0cf7 window]
[STDERR  ] 2018-04-25T13:46:27.819078327Z: [    0.809792] pci_bus 0000:00: root bus resource [io  0x0d00-0xffff window]
[STDERR  ] 2018-04-25T13:46:27.819094475Z: [    0.810118] pci_bus 0000:00: root bus resource [mem 0x000a0000-0x000bffff window]
[STDERR  ] 2018-04-25T13:46:27.819105474Z: [    0.810482] pci_bus 0000:00: root bus resource [mem 0xc0000000-0xfebfffff window]
[STDERR  ] 2018-04-25T13:46:27.819116394Z: [    0.810980] pci_bus 0000:00: root bus resource [bus 00-ff]
[STDERR  ] 2018-04-25T13:46:27.819127936Z: [    0.971788] pci 0000:00:1f.0: quirk: [io  0x0600-0x067f] claimed by ICH6 ACPI/GPIO/TCO
[STDERR  ] 2018-04-25T13:46:27.819143534Z: [    1.068193] ACPI: PCI Interrupt Link [LNKA] (IRQs 5 *10 11)
[STDERR  ] 2018-04-25T13:46:27.819155349Z: [    1.071421] ACPI: PCI Interrupt Link [LNKB] (IRQs 5 *10 11)
[STDERR  ] 2018-04-25T13:46:27.819166875Z: [    1.073015] ACPI: PCI Interrupt Link [LNKC] (IRQs 5 10 *11)
[STDERR  ] 2018-04-25T13:46:27.819178619Z: [    1.074404] ACPI: PCI Interrupt Link [LNKD] (IRQs 5 10 *11)
[STDERR  ] 2018-04-25T13:46:27.819190128Z: [    1.075597] ACPI: PCI Interrupt Link [LNKE] (IRQs 5 *10 11)
[STDERR  ] 2018-04-25T13:46:27.819201356Z: [    1.076818] ACPI: PCI Interrupt Link [LNKF] (IRQs 5 *10 11)
[STDERR  ] 2018-04-25T13:46:27.819213994Z: [    1.077927] ACPI: PCI Interrupt Link [LNKG] (IRQs 5 10 *11)
[STDERR  ] 2018-04-25T13:46:27.819224805Z: [    1.079070] ACPI: PCI Interrupt Link [LNKH] (IRQs 5 10 *11)
[STDERR  ] 2018-04-25T13:46:27.819236731Z: [    1.080369] ACPI: PCI Interrupt Link [GSIA] (IRQs *16)
[STDERR  ] 2018-04-25T13:46:27.819250923Z: [    1.080791] ACPI: PCI Interrupt Link [GSIB] (IRQs *17)
[STDERR  ] 2018-04-25T13:46:27.819262454Z: [    1.081257] ACPI: PCI Interrupt Link [GSIC] (IRQs *18)
[STDERR  ] 2018-04-25T13:46:27.819275364Z: [    1.081760] ACPI: PCI Interrupt Link [GSID] (IRQs *19)
[STDERR  ] 2018-04-25T13:46:27.819295699Z: [    1.082231] ACPI: PCI Interrupt Link [GSIE] (IRQs *20)
[STDERR  ] 2018-04-25T13:46:27.819308116Z: [    1.082686] ACPI: PCI Interrupt Link [GSIF] (IRQs *21)
[STDERR  ] 2018-04-25T13:46:27.819319760Z: [    1.083144] ACPI: PCI Interrupt Link [GSIG] (IRQs *22)
[STDERR  ] 2018-04-25T13:46:27.819331201Z: [    1.083598] ACPI: PCI Interrupt Link [GSIH] (IRQs *23)
[STDERR  ] 2018-04-25T13:46:27.819348199Z: [    1.090100] SCSI subsystem initialized
[STDERR  ] 2018-04-25T13:46:27.819360632Z: [    1.092349] ACPI: bus type USB registered
[STDERR  ] 2018-04-25T13:46:27.819378373Z: [    1.093256] usbcore: registered new interface driver usbfs
[STDERR  ] 2018-04-25T13:46:27.819390205Z: [    1.093976] usbcore: registered new interface driver hub
[STDERR  ] 2018-04-25T13:46:27.819401751Z: [    1.094763] usbcore: registered new device driver usb
[STDERR  ] 2018-04-25T13:46:27.819414046Z: [    1.095624] pps_core: LinuxPPS API ver. 1 registered
[STDERR  ] 2018-04-25T13:46:27.819425617Z: [    1.095879] pps_core: Software ver. 5.3.6 - Copyright 2005-2007 Rodolfo Giometti <giometti@linux.it>
[STDERR  ] 2018-04-25T13:46:27.819437984Z: [    1.096479] PTP clock support registered
[STDERR  ] 2018-04-25T13:46:27.819449995Z: [    1.098344] PCI: Using ACPI for IRQ routing
[STDERR  ] 2018-04-25T13:46:27.819461699Z: [    1.111659] NetLabel: Initializing
[STDERR  ] 2018-04-25T13:46:27.819474309Z: [    1.111796] NetLabel:  domain hash size = 128
[STDERR  ] 2018-04-25T13:46:27.819486132Z: [    1.112075] NetLabel:  protocols = UNLABELED CIPSOv4 CALIPSO
[STDERR  ] 2018-04-25T13:46:27.819497370Z: [    1.114127] NetLabel:  unlabeled traffic allowed by default
[STDERR  ] 2018-04-25T13:46:27.819507620Z: [    1.115611] HPET: 3 timers in total, 0 timers will be used for per-cpu timer
[STDERR  ] 2018-04-25T13:46:27.819515762Z: [    1.116300] hpet0: at MMIO 0xfed00000, IRQs 2, 8, 0
[STDERR  ] 2018-04-25T13:46:27.819523544Z: [    1.116602] hpet0: 3 comparators, 64-bit 100.000000 MHz counter
[STDERR  ] 2018-04-25T13:46:27.819531278Z: [    1.121628] clocksource: Switched to clocksource hpet
[STDERR  ] 2018-04-25T13:46:27.819539209Z: [    1.312412] VFS: Disk quotas dquot_6.6.0
[STDERR  ] 2018-04-25T13:46:27.819563847Z: [    1.313061] VFS: Dquot-cache hash table entries: 512 (order 0, 4096 bytes)
[STDERR  ] 2018-04-25T13:46:27.819576281Z: [    1.316207] FS-Cache: Loaded
[STDERR  ] 2018-04-25T13:46:27.819585002Z: [    1.321551] CacheFiles: Loaded
[STDERR  ] 2018-04-25T13:46:27.819592885Z: [    1.322721] pnp: PnP ACPI init
[STDERR  ] 2018-04-25T13:46:27.819600480Z: [    1.330986] pnp: PnP ACPI: found 5 devices
[STDERR  ] 2018-04-25T13:46:27.819608224Z: [    1.360725] clocksource: acpi_pm: mask: 0xffffff max_cycles: 0xffffff, max_idle_ns: 2085701024 ns
[STDERR  ] 2018-04-25T13:46:27.819616230Z: [    1.363899] NET: Registered protocol family 2
[STDERR  ] 2018-04-25T13:46:27.819623915Z: [    1.371180] TCP established hash table entries: 8192 (order: 4, 65536 bytes)
[STDERR  ] 2018-04-25T13:46:27.819631776Z: [    1.371921] TCP bind hash table entries: 8192 (order: 5, 131072 bytes)
[STDERR  ] 2018-04-25T13:46:27.819639504Z: [    1.372899] TCP: Hash tables configured (established 8192 bind 8192)
[STDERR  ] 2018-04-25T13:46:27.819650672Z: [    1.374710] UDP hash table entries: 512 (order: 2, 16384 bytes)
[STDERR  ] 2018-04-25T13:46:27.819661555Z: [    1.375263] UDP-Lite hash table entries: 512 (order: 2, 16384 bytes)
[STDERR  ] 2018-04-25T13:46:27.819671727Z: [    1.377472] NET: Registered protocol family 1
[STDERR  ] 2018-04-25T13:46:27.819679326Z: [    1.378430] pci 0000:00:01.0: Video device with shadowed ROM at [mem 0x000c0000-0x000dffff]
[STDERR  ] 2018-04-25T13:46:27.819687079Z: [    1.383921] Trying to unpack rootfs image as initramfs...
[STDERR  ] 2018-04-25T13:46:27.819694649Z: [    5.282997] Freeing initrd memory: 27544K
[STDERR  ] 2018-04-25T13:46:27.819704276Z: [    5.303258] PCLMULQDQ-NI instructions are not detected.
[STDERR  ] 2018-04-25T13:46:27.819711846Z: [    5.304520] AVX or AES-NI instructions are not detected.
[STDERR  ] 2018-04-25T13:46:27.819719307Z: [    5.304950] CPU feature 'AVX registers' is not supported.
[STDERR  ] 2018-04-25T13:46:27.819727038Z: [    5.305293] CPU feature 'AVX registers' is not supported.
[STDERR  ] 2018-04-25T13:46:27.819735308Z: [    5.305564] CPU feature 'AVX registers' is not supported.
[STDERR  ] 2018-04-25T13:46:27.819743287Z: [    5.305878] CPU feature 'AVX registers' is not supported.
[STDERR  ] 2018-04-25T13:46:27.819750884Z: [    5.306172] AVX2 or AES-NI instructions are not detected.
[STDERR  ] 2018-04-25T13:46:27.819758418Z: [    5.306444] AVX2 instructions are not detected.
[STDERR  ] 2018-04-25T13:46:27.819770390Z: [    5.311021] audit: initializing netlink subsys (disabled)
[STDERR  ] 2018-04-25T13:46:27.819778345Z: [    5.315878] audit: type=2000 audit(1524663967.310:1): state=initialized audit_enabled=0 res=1
[STDERR  ] 2018-04-25T13:46:27.819785928Z: [    5.316919] workingset: timestamp_bits=46 max_order=18 bucket_order=0
[STDERR  ] 2018-04-25T13:46:27.819793447Z: [    5.321801] squashfs: version 4.0 (2009/01/31) Phillip Lougher
[STDERR  ] 2018-04-25T13:46:27.819801667Z: [    5.324137] FS-Cache: Netfs 'cifs' registered for caching
[STDERR  ] 2018-04-25T13:46:27.819809234Z: [    5.324874] fuse init (API version 7.26)
[STDERR  ] 2018-04-25T13:46:27.819816790Z: [    5.326668] SGI XFS with ACLs, security attributes, no debug enabled
[STDERR  ] 2018-04-25T13:46:27.819824247Z: [    5.331692] 9p: Installing v9fs 9p2000 file system support
[STDERR  ] 2018-04-25T13:46:27.819831934Z: [    5.332165] FS-Cache: Netfs '9p' registered for caching
[STDERR  ] 2018-04-25T13:46:27.819839242Z: [    5.357865] NET: Registered protocol family 38
[STDERR  ] 2018-04-25T13:46:27.819846890Z: [    5.358391] Key type asymmetric registered
[STDERR  ] 2018-04-25T13:46:27.819854307Z: [    5.358738] Asymmetric key parser 'x509' registered
[STDERR  ] 2018-04-25T13:46:27.819861787Z: [    5.359500] Block layer SCSI generic (bsg) driver version 0.4 loaded (major 247)
[STDERR  ] 2018-04-25T13:46:27.819869237Z: [    5.361721] io scheduler noop registered
[STDERR  ] 2018-04-25T13:46:27.819876655Z: [    5.362061] io scheduler deadline registered (default)
[STDERR  ] 2018-04-25T13:46:27.819884088Z: [    5.362857] io scheduler cfq registered
[STDERR  ] 2018-04-25T13:46:27.819894754Z: [    5.363118] io scheduler mq-deadline registered
[STDERR  ] 2018-04-25T13:46:27.819902279Z: [    5.363324] io scheduler kyber registered
[STDERR  ] 2018-04-25T13:46:27.819909705Z: [    5.365835] shpchp: Standard Hot Plug PCI Controller Driver version: 0.4
[STDERR  ] 2018-04-25T13:46:27.819917269Z: [    5.366498] hv_vmbus: registering driver hyperv_fb
[STDERR  ] 2018-04-25T13:46:27.819924639Z: [    5.369027] input: Power Button as /devices/LNXSYSTM:00/LNXPWRBN:00/input/input0
[STDERR  ] 2018-04-25T13:46:27.819932157Z: [    5.372846] ACPI: Power Button [PWRF]
[STDERR  ] 2018-04-25T13:46:27.819939582Z: [    5.383904] ACPI: PCI Interrupt Link [GSIG] enabled at IRQ 22
[STDERR  ] 2018-04-25T13:46:27.819947041Z: [    5.393291] ACPI: PCI Interrupt Link [GSIH] enabled at IRQ 23
[STDERR  ] 2018-04-25T13:46:27.819957433Z: [    5.398739] Serial: 8250/16550 driver, 4 ports, IRQ sharing disabled
[STDERR  ] 2018-04-25T13:46:27.819964884Z: [    5.423054] 00:04: ttyS0 at I/O 0x3f8 (irq = 4, base_baud = 115200) is a 16550A
[STDERR  ] 2018-04-25T13:46:27.819972333Z: [    5.431939] Non-volatile memory driver v1.3
[STDERR  ] 2018-04-25T13:46:27.819979800Z: [    5.437726] Hangcheck: starting hangcheck timer 0.9.1 (tick is 180 seconds, margin is 60 seconds).
[STDERR  ] 2018-04-25T13:46:27.819987525Z: [    5.451261] random: crng init done
[STDERR  ] 2018-04-25T13:46:27.819995168Z: [    5.491520] brd: module loaded
[STDERR  ] 2018-04-25T13:46:27.820002568Z: [    5.514391] loop: module loaded
[STDERR  ] 2018-04-25T13:46:27.820010531Z: [    5.554457] lpc_ich 0000:00:1f.0: I/O space for GPIO uninitialized
[STDERR  ] 2018-04-25T13:46:27.820018008Z: [    5.556447] VMware PVSCSI driver - version 1.0.7.0-k
[STDERR  ] 2018-04-25T13:46:27.820025337Z: [    5.557045] hv_vmbus: registering driver hv_storvsc
[STDERR  ] 2018-04-25T13:46:27.820032762Z: [    5.563595] ACPI: PCI Interrupt Link [GSIA] enabled at IRQ 16
[STDERR  ] 2018-04-25T13:46:27.820040915Z: [    5.569381] ahci 0000:00:1f.2: AHCI 0001.0000 32 slots 6 ports 1.5 Gbps 0x3f impl SATA mode
[STDERR  ] 2018-04-25T13:46:27.820048445Z: [    5.570037] ahci 0000:00:1f.2: flags: 64bit ncq only 
[STDERR  ] 2018-04-25T13:46:27.820058091Z: [    5.582218] scsi host0: ahci
[STDERR  ] 2018-04-25T13:46:27.820065573Z: [    5.584645] scsi host1: ahci
[STDERR  ] 2018-04-25T13:46:27.820076463Z: [    5.585888] scsi host2: ahci
[STDERR  ] 2018-04-25T13:46:27.820083826Z: [    5.587150] scsi host3: ahci
[STDERR  ] 2018-04-25T13:46:27.820091249Z: [    5.588891] scsi host4: ahci
[STDERR  ] 2018-04-25T13:46:27.820100486Z: [    5.590782] scsi host5: ahci
[STDERR  ] 2018-04-25T13:46:27.820108325Z: [    5.592087] ata1: SATA max UDMA/133 abar m4096@0xfebd2000 port 0xfebd2100 irq 24
[STDERR  ] 2018-04-25T13:46:27.820117422Z: [    5.592525] ata2: SATA max UDMA/133 abar m4096@0xfebd2000 port 0xfebd2180 irq 24
[STDERR  ] 2018-04-25T13:46:27.820124937Z: [    5.592868] ata3: SATA max UDMA/133 abar m4096@0xfebd2000 port 0xfebd2200 irq 24
[STDERR  ] 2018-04-25T13:46:27.820134140Z: [    5.593193] ata4: SATA max UDMA/133 abar m4096@0xfebd2000 port 0xfebd2280 irq 24
[STDERR  ] 2018-04-25T13:46:27.820141586Z: [    5.593516] ata5: SATA max UDMA/133 abar m4096@0xfebd2000 port 0xfebd2300 irq 24
[STDERR  ] 2018-04-25T13:46:27.820148889Z: [    5.593801] ata6: SATA max UDMA/133 abar m4096@0xfebd2000 port 0xfebd2380 irq 24
[STDERR  ] 2018-04-25T13:46:27.820156283Z: [    5.603074] tun: Universal TUN/TAP device driver, 1.6
[STDERR  ] 2018-04-25T13:46:27.820163724Z: [    5.612633] VMware vmxnet3 virtual NIC driver - version 1.4.a.0-k-NAPI
[STDERR  ] 2018-04-25T13:46:27.820171142Z: [    5.613638] hv_vmbus: registering driver hv_netvsc
[STDERR  ] 2018-04-25T13:46:27.820178536Z: [    5.613943] Fusion MPT base driver 3.04.20
[STDERR  ] 2018-04-25T13:46:27.820188199Z: [    5.614142] Copyright (c) 1999-2008 LSI Corporation
[STDERR  ] 2018-04-25T13:46:27.820195500Z: [    5.614641] Fusion MPT SPI Host driver 3.04.20
[STDERR  ] 2018-04-25T13:46:27.820202967Z: [    5.616439] i8042: PNP: PS/2 Controller [PNP0303:KBD,PNP0f13:MOU] at 0x60,0x64 irq 1,12
[STDERR  ] 2018-04-25T13:46:27.820213529Z: [    5.620754] serio: i8042 KBD port at 0x60,0x64 irq 1
[STDERR  ] 2018-04-25T13:46:27.820221072Z: [    5.621425] serio: i8042 AUX port at 0x60,0x64 irq 12
[STDERR  ] 2018-04-25T13:46:27.820228503Z: [    5.623297] hv_vmbus: registering driver hyperv_keyboard
[STDERR  ] 2018-04-25T13:46:27.820236747Z: [    5.624893] mousedev: PS/2 mouse device common for all mice
[STDERR  ] 2018-04-25T13:46:27.820244330Z: [    5.628527] input: AT Translated Set 2 keyboard as /devices/platform/i8042/serio0/input/input1
[STDERR  ] 2018-04-25T13:46:27.820253309Z: [    5.631583] input: PC Speaker as /devices/platform/pcspkr/input/input2
[STDERR  ] 2018-04-25T13:46:27.820260852Z: [    5.633232] rtc_cmos 00:00: RTC can wake from S4
[STDERR  ] 2018-04-25T13:46:27.820268309Z: [    5.635931] rtc_cmos 00:00: rtc core: registered rtc_cmos as rtc0
[STDERR  ] 2018-04-25T13:46:27.820275684Z: [    5.637159] rtc_cmos 00:00: alarms up to one day, y3k, 114 bytes nvram, hpet irqs
[STDERR  ] 2018-04-25T13:46:27.820289259Z: [    5.637807] i2c /dev entries driver
[STDERR  ] 2018-04-25T13:46:27.820296691Z: [    5.639521] device-mapper: ioctl: 4.37.0-ioctl (2017-09-20) initialised: dm-devel@redhat.com
[STDERR  ] 2018-04-25T13:46:27.820304342Z: [    5.643090] usbcore: registered new interface driver usbhid
[STDERR  ] 2018-04-25T13:46:27.820311832Z: [    5.643377] usbhid: USB HID core driver
[STDERR  ] 2018-04-25T13:46:27.820319377Z: [    5.644150] hv_utils: Registering HyperV Utility Driver
[STDERR  ] 2018-04-25T13:46:27.820326863Z: [    5.644413] hv_vmbus: registering driver hv_util
[STDERR  ] 2018-04-25T13:46:27.820334326Z: [    5.644640] hv_vmbus: registering driver hv_balloon
[STDERR  ] 2018-04-25T13:46:27.820341691Z: [    5.645091] oprofile: using NMI interrupt.
[STDERR  ] 2018-04-25T13:46:27.820349283Z: [    5.646111] GACT probability on
[STDERR  ] 2018-04-25T13:46:27.820357065Z: [    5.646471] Mirror/redirect action on
[STDERR  ] 2018-04-25T13:46:27.820364505Z: [    5.646977] Simple TC action Loaded
[STDERR  ] 2018-04-25T13:46:27.820371919Z: [    5.647442] u32 classifier
[STDERR  ] 2018-04-25T13:46:27.820379453Z: [    5.647599]     Performance counters on
[STDERR  ] 2018-04-25T13:46:27.820386783Z: [    5.647774]     input device check on
[STDERR  ] 2018-04-25T13:46:27.820394254Z: [    5.647954]     Actions configured
[STDERR  ] 2018-04-25T13:46:27.820406203Z: [    5.648574] Netfilter messages via NETLINK v0.30.
[STDERR  ] 2018-04-25T13:46:27.820413791Z: [    5.649018] nfnl_acct: registering with nfnetlink.
[STDERR  ] 2018-04-25T13:46:27.820423548Z: [    5.650630] nf_conntrack version 0.5.0 (8192 buckets, 32768 max)
[STDERR  ] 2018-04-25T13:46:27.820431244Z: [    5.652836] ctnetlink v0.93: registering with nfnetlink.
[STDERR  ] 2018-04-25T13:46:27.820438708Z: [    5.655554] nf_tables: (c) 2007-2009 Patrick McHardy <kaber@trash.net>
[STDERR  ] 2018-04-25T13:46:27.820446202Z: [    5.656284] nf_tables_compat: (c) 2012 Pablo Neira Ayuso <pablo@netfilter.org>
[STDERR  ] 2018-04-25T13:46:27.820453624Z: [    5.658816] xt_time: kernel timezone is -0000
[STDERR  ] 2018-04-25T13:46:27.820462544Z: [    5.659341] ip_set: protocol 6
[STDERR  ] 2018-04-25T13:46:27.820470848Z: [    5.660044] IPVS: Registered protocols (TCP, UDP, SCTP, AH, ESP)
[STDERR  ] 2018-04-25T13:46:27.820478458Z: [    5.660950] IPVS: Connection hash table configured (size=4096, memory=64Kbytes)
[STDERR  ] 2018-04-25T13:46:27.820485922Z: [    5.664554] IPVS: ipvs loaded.
[STDERR  ] 2018-04-25T13:46:27.820494261Z: [    5.664864] IPVS: [rr] scheduler registered.
[STDERR  ] 2018-04-25T13:46:27.820501681Z: [    5.665114] IPVS: [wrr] scheduler registered.
[STDERR  ] 2018-04-25T13:46:27.820509173Z: [    5.665334] IPVS: [lc] scheduler registered.
[STDERR  ] 2018-04-25T13:46:27.820516525Z: [    5.665534] IPVS: [wlc] scheduler registered.
[STDERR  ] 2018-04-25T13:46:27.820524076Z: [    5.665797] IPVS: [fo] scheduler registered.
[STDERR  ] 2018-04-25T13:46:27.820531348Z: [    5.666001] IPVS: [ovf] scheduler registered.
[STDERR  ] 2018-04-25T13:46:27.820544179Z: [    5.666380] IPVS: [lblc] scheduler registered.
[STDERR  ] 2018-04-25T13:46:27.820551795Z: [    5.666738] IPVS: [lblcr] scheduler registered.
[STDERR  ] 2018-04-25T13:46:27.820559225Z: [    5.666964] IPVS: [dh] scheduler registered.
[STDERR  ] 2018-04-25T13:46:27.820566495Z: [    5.667156] IPVS: [sh] scheduler registered.
[STDERR  ] 2018-04-25T13:46:27.820573832Z: [    5.667340] IPVS: [sed] scheduler registered.
[STDERR  ] 2018-04-25T13:46:27.820581430Z: [    5.667561] IPVS: [nq] scheduler registered.
[STDERR  ] 2018-04-25T13:46:27.820588645Z: [    5.668332] IPVS: ftp: loaded support on port[0] = 21
[STDERR  ] 2018-04-25T13:46:27.820596062Z: [    5.668991] ipip: IPv4 and MPLS over IPv4 tunneling driver
[STDERR  ] 2018-04-25T13:46:27.820603477Z: [    5.672428] gre: GRE over IPv4 demultiplexor driver
[STDERR  ] 2018-04-25T13:46:27.820610968Z: [    5.674795] ip_tables: (C) 2000-2006 Netfilter Core Team
[STDERR  ] 2018-04-25T13:46:27.820618388Z: [    5.678240] ipt_CLUSTERIP: ClusterIP Version 0.8 loaded successfully
[STDERR  ] 2018-04-25T13:46:27.820626015Z: [    5.678765] arp_tables: arp_tables: (C) 2002 David S. Miller
[STDERR  ] 2018-04-25T13:46:27.820633449Z: [    5.681243] NET: Registered protocol family 10
[STDERR  ] 2018-04-25T13:46:27.820640995Z: [    5.689345] Segment Routing with IPv6
[STDERR  ] 2018-04-25T13:46:27.820650656Z: [    5.690547] ip6_tables: (C) 2000-2006 Netfilter Core Team
[STDERR  ] 2018-04-25T13:46:27.820658141Z: [    5.696851] NET: Registered protocol family 17
[STDERR  ] 2018-04-25T13:46:27.820667055Z: [    5.697793] Bridge firewalling registered
[STDERR  ] 2018-04-25T13:46:27.820674411Z: [    5.698306] Ebtables v2.0 registered
[STDERR  ] 2018-04-25T13:46:27.820681871Z: [    5.700572] 8021q: 802.1Q VLAN Support v1.8
[STDERR  ] 2018-04-25T13:46:27.820689304Z: [    5.701885] 9pnet: Installing 9P2000 support
[STDERR  ] 2018-04-25T13:46:27.820696948Z: [    5.703338] Key type dns_resolver registered
[STDERR  ] 2018-04-25T13:46:27.820704331Z: [    5.704542] sched_clock: Marking stable (5700211620, 0)->(5770785028, -70573408)
[STDERR  ] 2018-04-25T13:46:27.820713646Z: [    5.707388] registered taskstats version 1
[STDERR  ] 2018-04-25T13:46:27.820721112Z: [    5.893328] Key type big_key registered
[STDERR  ] 2018-04-25T13:46:27.820728417Z: [    5.923459] ata1: SATA link down (SStatus 0 SControl 300)
[STDERR  ] 2018-04-25T13:46:27.820739338Z: [    5.931731] ata3: SATA link up 1.5 Gbps (SStatus 113 SControl 300)
[STDERR  ] 2018-04-25T13:46:27.820747203Z: [    5.934242] ata2: SATA link down (SStatus 0 SControl 300)
[STDERR  ] 2018-04-25T13:46:27.820754693Z: [    5.935876] ata3.00: ATAPI: QEMU DVD-ROM, 2.5+, max UDMA/100
[STDERR  ] 2018-04-25T13:46:27.820763620Z: [    5.936294] ata3.00: applying bridge limits
[STDERR  ] 2018-04-25T13:46:27.820773297Z: [    5.940520] ata3.00: configured for UDMA/100
[STDERR  ] 2018-04-25T13:46:27.820780645Z: [    5.944710] ata6: SATA link down (SStatus 0 SControl 300)
[STDERR  ] 2018-04-25T13:46:27.820788062Z: [    5.945108] ata5: SATA link down (SStatus 0 SControl 300)
[STDERR  ] 2018-04-25T13:46:27.820795561Z: [    5.945480] ata4: SATA link down (SStatus 0 SControl 300)
[STDERR  ] 2018-04-25T13:46:27.820802947Z: [    5.962511] scsi 2:0:0:0: CD-ROM            QEMU     QEMU DVD-ROM     2.5+ PQ: 0 ANSI: 5
[STDERR  ] 2018-04-25T13:46:27.820810540Z: [    5.990770] Key type trusted registered
[STDERR  ] 2018-04-25T13:46:27.820818032Z: [    6.003791] sr 2:0:0:0: [sr0] scsi3-mmc drive: 4x/4x cd/rw xa/form2 tray
[STDERR  ] 2018-04-25T13:46:27.820825562Z: [    6.004400] cdrom: Uniform CD-ROM driver Revision: 3.20
[STDERR  ] 2018-04-25T13:46:27.820835006Z: [    6.011975] sr 2:0:0:0: Attached scsi generic sg0 type 5
[STDERR  ] 2018-04-25T13:46:27.820842329Z: [    6.061540] Key type encrypted registered
[STDERR  ] 2018-04-25T13:46:27.820849712Z: [    6.062199] ima: No TPM chip found, activating TPM-bypass! (rc=-19)
[STDERR  ] 2018-04-25T13:46:27.820857215Z: [    6.065748] evm: HMAC attrs: 0x1
[STDERR  ] 2018-04-25T13:46:27.820864709Z: [    6.070315] rtc_cmos 00:00: setting system clock to 2018-04-25 13:46:08 UTC (1524663968)
[STDERR  ] 2018-04-25T13:46:27.820877158Z: [    6.222126] Freeing unused kernel memory: 1508K
[STDERR  ] 2018-04-25T13:46:27.820884897Z: [    6.222521] Write protecting the kernel read-only data: 18432k
[STDERR  ] 2018-04-25T13:46:27.820892414Z: [    6.235164] Freeing unused kernel memory: 2024K
[STDERR  ] 2018-04-25T13:46:27.820901281Z: [    6.267260] Freeing unused kernel memory: 1108K
[STDERR  ] 2018-04-25T13:46:27.820908777Z: [    6.325839] tsc: Refined TSC clocksource calibration: 2599.763 MHz
[STDERR  ] 2018-04-25T13:46:27.820916327Z: [    6.326419] clocksource: tsc: mask: 0xffffffffffffffff max_cycles: 0x25795bf3fc4, max_idle_ns: 440795207657 ns
[STDERR  ] 2018-04-25T13:46:27.820923993Z: [    7.337641] clocksource: Switched to clocksource tsc
[STDERR  ] 2018-04-25T13:46:27.820931415Z: 
[STDERR  ] 2018-04-25T13:46:27.820939063Z: Welcome to LinuxKit
[STDERR  ] 2018-04-25T13:46:27.820946703Z: 
[STDERR  ] 2018-04-25T13:46:27.820954173Z:                         ##         .
[STDERR  ] 2018-04-25T13:46:27.820961734Z:                   ## ## ##        ==
[STDERR  ] 2018-04-25T13:46:27.820969572Z:                ## ## ## ## ##    ===
[STDERR  ] 2018-04-25T13:46:27.820977032Z:            /"""""""""""""""""\___/ ===
[STDERR  ] 2018-04-25T13:46:27.820984439Z:           {                       /  ===-
[STDERR  ] 2018-04-25T13:46:27.820991810Z:            \______ O           __/
[STDERR  ] 2018-04-25T13:46:27.820999361Z:              \    \         __/
[STDERR  ] 2018-04-25T13:46:27.821006898Z:               \____\_______/
[STDERR  ] 2018-04-25T13:46:27.821014381Z: 
[STDERR  ] 2018-04-25T13:46:27.821022125Z: sysctl test suite PASSED
[STDERR  ] 2018-04-25T13:46:27.821029595Z: [   24.752501] ACPI: Preparing to enter system sleep state S5
[STDERR  ] 2018-04-25T13:46:27.821037216Z: [   24.754126] reboot: Power down
[STDERR  ] 2018-04-25T13:46:27.821044876Z: + echo [    0.000000] Linux version 4.14.35-linuxkit (root@95934b70ab05) (gcc version 6.4.0 (Alpine 6.4.0)) #1 SMP Mon Apr 23 11:11:13 UTC 2018
[STDERR  ] 2018-04-25T13:46:27.821052822Z: [    0.000000] Command line: console=ttyS0 console=ttyAMA0
[STDERR  ] 2018-04-25T13:46:27.821060299Z: [    0.000000] x86/fpu: x87 FPU will use FXSAVE
[STDERR  ] 2018-04-25T13:46:27.821067686Z: [    0.000000] e820: BIOS-provided physical RAM map:
[STDERR  ] 2018-04-25T13:46:27.821078092Z: [    0.000000] BIOS-e820: [mem 0x0000000000000000-0x000000000009fbff] usable
[STDERR  ] 2018-04-25T13:46:27.821086016Z: [    0.000000] BIOS-e820: [mem 0x000000000009fc00-0x000000000009ffff] reserved
[STDERR  ] 2018-04-25T13:46:27.821093484Z: [    0.000000] BIOS-e820: [mem 0x00000000000f0000-0x00000000000fffff] reserved
[STDERR  ] 2018-04-25T13:46:27.821100964Z: [    0.000000] BIOS-e820: [mem 0x0000000000100000-0x000000003ffdefff] usable
[STDERR  ] 2018-04-25T13:46:27.821108441Z: [    0.000000] BIOS-e820: [mem 0x000000003ffdf000-0x000000003fffffff] reserved
[STDERR  ] 2018-04-25T13:46:27.821115890Z: [    0.000000] BIOS-e820: [mem 0x00000000b0000000-0x00000000bfffffff] reserved
[STDERR  ] 2018-04-25T13:46:27.821127376Z: [    0.000000] BIOS-e820: [mem 0x00000000fed1c000-0x00000000fed1ffff] reserved
[STDERR  ] 2018-04-25T13:46:27.821134807Z: [    0.000000] BIOS-e820: [mem 0x00000000fffc0000-0x00000000ffffffff] reserved
[STDERR  ] 2018-04-25T13:46:27.821142129Z: [    0.000000] NX (Execute Disable) protection: active
[STDERR  ] 2018-04-25T13:46:27.821149631Z: [    0.000000] random: fast init done
[STDERR  ] 2018-04-25T13:46:27.821157221Z: [    0.000000] SMBIOS 2.8 present.
[STDERR  ] 2018-04-25T13:46:27.821164721Z: [    0.000000] DMI: QEMU Standard PC (Q35 + ICH9, 2009), BIOS rel-1.10.2-0-g5f4c7b1-prebuilt.qemu-project.org 04/01/2014
[STDERR  ] 2018-04-25T13:46:27.821172617Z: [    0.000000] tsc: Fast TSC calibration using PIT
[STDERR  ] 2018-04-25T13:46:27.821180166Z: [    0.000000] e820: last_pfn = 0x3ffdf max_arch_pfn = 0x400000000
[STDERR  ] 2018-04-25T13:46:27.821187734Z: [    0.000000] x86/PAT: Configuration [0-7]: WB  WC  UC- UC  WB  WP  UC- WT  
[STDERR  ] 2018-04-25T13:46:27.821203040Z: [    0.000000] found SMP MP-table at [mem 0x000f6aa0-0x000f6aaf] mapped at [ffffffffff200aa0]
[STDERR  ] 2018-04-25T13:46:27.821210653Z: [    0.000000] RAMDISK: [mem 0x3e4ea000-0x3ffcffff]
[STDERR  ] 2018-04-25T13:46:27.821218190Z: [    0.000000] ACPI: Early table checksum verification disabled
[STDERR  ] 2018-04-25T13:46:27.821230073Z: [    0.000000] ACPI: RSDP 0x00000000000F68B0 000014 (v00 BOCHS )
[STDERR  ] 2018-04-25T13:46:27.821237722Z: [    0.000000] ACPI: RSDT 0x000000003FFE20A8 000034 (v01 BOCHS  BXPCRSDT 00000001 BXPC 00000001)
[STDERR  ] 2018-04-25T13:46:27.821245413Z: [    0.000000] ACPI: FACP 0x000000003FFE1EC8 0000F4 (v03 BOCHS  BXPCFACP 00000001 BXPC 00000001)
[STDERR  ] 2018-04-25T13:46:27.821252881Z: [    0.000000] ACPI: DSDT 0x000000003FFE0040 001E88 (v01 BOCHS  BXPCDSDT 00000001 BXPC 00000001)
[STDERR  ] 2018-04-25T13:46:27.821260923Z: [    0.000000] ACPI: FACS 0x000000003FFE0000 000040
[STDERR  ] 2018-04-25T13:46:27.821268479Z: [    0.000000] ACPI: APIC 0x000000003FFE1FBC 000078 (v01 BOCHS  BXPCAPIC 00000001 BXPC 00000001)
[STDERR  ] 2018-04-25T13:46:27.821276160Z: [    0.000000] ACPI: HPET 0x000000003FFE2034 000038 (v01 BOCHS  BXPCHPET 00000001 BXPC 00000001)
[STDERR  ] 2018-04-25T13:46:27.821288484Z: [    0.000000] ACPI: MCFG 0x000000003FFE206C 00003C (v01 BOCHS  BXPCMCFG 00000001 BXPC 00000001)
[STDERR  ] 2018-04-25T13:46:27.821296058Z: [    0.000000] Zone ranges:
[STDERR  ] 2018-04-25T13:46:27.821303668Z: [    0.000000]   DMA      [mem 0x0000000000001000-0x0000000000ffffff]
[STDERR  ] 2018-04-25T13:46:27.821311211Z: [    0.000000]   DMA32    [mem 0x0000000001000000-0x000000003ffdefff]
[STDERR  ] 2018-04-25T13:46:27.821318645Z: [    0.000000]   Normal   empty
[STDERR  ] 2018-04-25T13:46:27.821326674Z: [    0.000000]   Device   empty
[STDERR  ] 2018-04-25T13:46:27.821334114Z: [    0.000000] Movable zone start for each node
[STDERR  ] 2018-04-25T13:46:27.821341577Z: [    0.000000] Early memory node ranges
[STDERR  ] 2018-04-25T13:46:27.821349067Z: [    0.000000]   node   0: [mem 0x0000000000001000-0x000000000009efff]
[STDERR  ] 2018-04-25T13:46:27.821356532Z: [    0.000000]   node   0: [mem 0x0000000000100000-0x000000003ffdefff]
[STDERR  ] 2018-04-25T13:46:27.821363937Z: [    0.000000] Initmem setup node 0 [mem 0x0000000000001000-0x000000003ffdefff]
[STDERR  ] 2018-04-25T13:46:27.821374781Z: [    0.000000] ACPI: PM-Timer IO Port: 0x608
[STDERR  ] 2018-04-25T13:46:27.821382358Z: [    0.000000] ACPI: LAPIC_NMI (acpi_id[0xff] dfl dfl lint[0x1])
[STDERR  ] 2018-04-25T13:46:27.821389936Z: [    0.000000] IOAPIC[0]: apic_id 0, version 32, address 0xfec00000, GSI 0-23
[STDERR  ] 2018-04-25T13:46:27.821397371Z: [    0.000000] ACPI: INT_SRC_OVR (bus 0 bus_irq 0 global_irq 2 dfl dfl)
[STDERR  ] 2018-04-25T13:46:27.821404755Z: [    0.000000] ACPI: INT_SRC_OVR (bus 0 bus_irq 5 global_irq 5 high level)
[STDERR  ] 2018-04-25T13:46:27.821413961Z: [    0.000000] ACPI: INT_SRC_OVR (bus 0 bus_irq 9 global_irq 9 high level)
[STDERR  ] 2018-04-25T13:46:27.821421423Z: [    0.000000] ACPI: INT_SRC_OVR (bus 0 bus_irq 10 global_irq 10 high level)
[STDERR  ] 2018-04-25T13:46:27.821430721Z: [    0.000000] ACPI: INT_SRC_OVR (bus 0 bus_irq 11 global_irq 11 high level)
[STDERR  ] 2018-04-25T13:46:27.821439805Z: [    0.000000] Using ACPI (MADT) for SMP configuration information
[STDERR  ] 2018-04-25T13:46:27.821447270Z: [    0.000000] ACPI: HPET id: 0x8086a201 base: 0xfed00000
[STDERR  ] 2018-04-25T13:46:27.821454777Z: [    0.000000] smpboot: Allowing 1 CPUs, 0 hotplug CPUs
[STDERR  ] 2018-04-25T13:46:27.821462318Z: [    0.000000] e820: [mem 0x40000000-0xafffffff] available for PCI devices
[STDERR  ] 2018-04-25T13:46:27.821469787Z: [    0.000000] Booting paravirtualized kernel on bare hardware
[STDERR  ] 2018-04-25T13:46:27.821477284Z: [    0.000000] clocksource: refined-jiffies: mask: 0xffffffff max_cycles: 0xffffffff, max_idle_ns: 19112604462750000 ns
[STDERR  ] 2018-04-25T13:46:27.821485125Z: [    0.000000] setup_percpu: NR_CPUS:128 nr_cpumask_bits:128 nr_cpu_ids:1 nr_node_ids:1
[STDERR  ] 2018-04-25T13:46:27.821495569Z: [    0.000000] percpu: Embedded 44 pages/cpu @ffff951fbe200000 s143256 r8192 d28776 u2097152
[STDERR  ] 2018-04-25T13:46:27.821505252Z: [    0.000000] Built 1 zonelists, mobility grouping on.  Total pages: 257896
[STDERR  ] 2018-04-25T13:46:27.821512855Z: [    0.000000] Kernel command line: console=ttyS0 console=ttyAMA0
[STDERR  ] 2018-04-25T13:46:27.821520491Z: [    0.000000] PID hash table entries: 4096 (order: 3, 32768 bytes)
[STDERR  ] 2018-04-25T13:46:27.821527968Z: [    0.000000] Dentry cache hash table entries: 131072 (order: 8, 1048576 bytes)
[STDERR  ] 2018-04-25T13:46:27.821535705Z: [    0.000000] Inode-cache hash table entries: 65536 (order: 7, 524288 bytes)
[STDERR  ] 2018-04-25T13:46:27.821543388Z: [    0.000000] Memory: 977256K/1048052K available (12300K kernel code, 1464K rwdata, 2988K rodata, 1508K init, 632K bss, 70796K reserved, 0K cma-reserved)
[STDERR  ] 2018-04-25T13:46:27.821551850Z: [    0.000000] ftrace: allocating 40962 entries in 161 pages
[STDERR  ] 2018-04-25T13:46:27.821559344Z: [    0.000000] Hierarchical RCU implementation.
[STDERR  ] 2018-04-25T13:46:27.821570426Z: [    0.000000] 	RCU restricting CPUs from NR_CPUS=128 to nr_cpu_ids=1.
[STDERR  ] 2018-04-25T13:46:27.821578108Z: [    0.000000] RCU: Adjusting geometry for rcu_fanout_leaf=16, nr_cpu_ids=1
[STDERR  ] 2018-04-25T13:46:27.821585507Z: [    0.000000] NR_IRQS: 8448, nr_irqs: 256, preallocated irqs: 16
[STDERR  ] 2018-04-25T13:46:27.821592859Z: [    0.000000] Console: colour VGA+ 80x25
[STDERR  ] 2018-04-25T13:46:27.821600290Z: [    0.000000] console [ttyS0] enabled
[STDERR  ] 2018-04-25T13:46:27.821607899Z: [    0.000000] clocksource: hpet: mask: 0xffffffff max_cycles: 0xffffffff, max_idle_ns: 19112604467 ns
[STDERR  ] 2018-04-25T13:46:27.821615919Z: [    0.010000] tsc: Fast TSC calibration failed
[STDERR  ] 2018-04-25T13:46:27.821623332Z: [    0.050000] tsc: Unable to calibrate against PIT
[STDERR  ] 2018-04-25T13:46:27.821630740Z: [    0.050000] tsc: using HPET reference calibration
[STDERR  ] 2018-04-25T13:46:27.821638311Z: [    0.050000] tsc: Detected 2599.604 MHz processor
[STDERR  ] 2018-04-25T13:46:27.821645779Z: [    0.050000] Calibrating delay loop (skipped), value calculated using timer frequency.. 5199.20 BogoMIPS (lpj=25996040)
[STDERR  ] 2018-04-25T13:46:27.821654216Z: [    0.050000] pid_max: default: 32768 minimum: 301
[STDERR  ] 2018-04-25T13:46:27.821664523Z: [    0.050000] ACPI: Core revision 20170728
[STDERR  ] 2018-04-25T13:46:27.821672175Z: [    0.082133] ACPI: 1 ACPI AML tables successfully acquired and loaded
[STDERR  ] 2018-04-25T13:46:27.821680863Z: [    0.084108] Security Framework initialized
[STDERR  ] 2018-04-25T13:46:27.821688313Z: [    0.084542] Yama: becoming mindful.
[STDERR  ] 2018-04-25T13:46:27.821697065Z: [    0.087170] Mount-cache hash table entries: 2048 (order: 2, 16384 bytes)
[STDERR  ] 2018-04-25T13:46:27.821704568Z: [    0.087570] Mountpoint-cache hash table entries: 2048 (order: 2, 16384 bytes)
[STDERR  ] 2018-04-25T13:46:27.821712031Z: [    0.110203] Last level iTLB entries: 4KB 0, 2MB 0, 4MB 0
[STDERR  ] 2018-04-25T13:46:27.821721638Z: [    0.110589] Last level dTLB entries: 4KB 0, 2MB 0, 4MB 0, 1GB 0
[STDERR  ] 2018-04-25T13:46:27.821730761Z: [    0.111051] Spectre V2 : Spectre mitigation: LFENCE not serializing, switching to generic retpoline
[STDERR  ] 2018-04-25T13:46:27.821738276Z: [    0.111538] Spectre V2 : Vulnerable: Minimal generic ASM retpoline
[STDERR  ] 2018-04-25T13:46:27.821745667Z: [    0.111860] Spectre V2 : Spectre v2 mitigation: Filling RSB on context switch
[STDERR  ] 2018-04-25T13:46:27.821753044Z: [    0.434252] Freeing SMP alternatives memory: 20K
[STDERR  ] 2018-04-25T13:46:27.821760513Z: [    0.460000] smpboot: Max logical packages: 1
[STDERR  ] 2018-04-25T13:46:27.821767997Z: [    0.465825] ..TIMER: vector=0x30 apic1=0 pin1=2 apic2=-1 pin2=-1
[STDERR  ] 2018-04-25T13:46:27.821775442Z: [    0.570000] smpboot: CPU0: AMD QEMU Virtual CPU version 2.5+ (family: 0x6, model: 0x6, stepping: 0x3)
[STDERR  ] 2018-04-25T13:46:27.821783053Z: [    0.570000] Performance Events: PMU not available due to virtualization, using software events only.
[STDERR  ] 2018-04-25T13:46:27.821793417Z: [    0.571416] Hierarchical SRCU implementation.
[STDERR  ] 2018-04-25T13:46:27.821800965Z: [    0.576978] NMI watchdog: Perf event create on CPU 0 failed with -2
[STDERR  ] 2018-04-25T13:46:27.821808437Z: [    0.577360] NMI watchdog: Perf NMI watchdog permanently disabled
[STDERR  ] 2018-04-25T13:46:27.821815806Z: [    0.580945] smp: Bringing up secondary CPUs ...
[STDERR  ] 2018-04-25T13:46:27.821825240Z: [    0.581275] smp: Brought up 1 node, 1 CPU
[STDERR  ] 2018-04-25T13:46:27.821832665Z: [    0.581610] smpboot: Total of 1 processors activated (5199.20 BogoMIPS)
[STDERR  ] 2018-04-25T13:46:27.821840158Z: [    0.598037] devtmpfs: initialized
[STDERR  ] 2018-04-25T13:46:27.821847600Z: [    0.603443] x86/mm: Memory block size: 128MB
[STDERR  ] 2018-04-25T13:46:27.821855009Z: [    0.609287] evm: security.ima
[STDERR  ] 2018-04-25T13:46:27.821862517Z: [    0.609446] evm: security.capability
[STDERR  ] 2018-04-25T13:46:27.821869938Z: [    0.613608] clocksource: jiffies: mask: 0xffffffff max_cycles: 0xffffffff, max_idle_ns: 19112604462750000 ns
[STDERR  ] 2018-04-25T13:46:27.821878757Z: [    0.614019] futex hash table entries: 256 (order: 2, 16384 bytes)
[STDERR  ] 2018-04-25T13:46:27.821886153Z: [    0.627771] NET: Registered protocol family 16
[STDERR  ] 2018-04-25T13:46:27.821893593Z: [    0.635554] cpuidle: using governor ladder
[STDERR  ] 2018-04-25T13:46:27.821901009Z: [    0.635853] cpuidle: using governor menu
[STDERR  ] 2018-04-25T13:46:27.821908643Z: [    0.637635] ACPI: bus type PCI registered
[STDERR  ] 2018-04-25T13:46:27.821919747Z: [    0.640429] PCI: MMCONFIG for domain 0000 [bus 00-ff] at [mem 0xb0000000-0xbfffffff] (base 0xb0000000)
[STDERR  ] 2018-04-25T13:46:27.821927289Z: [    0.641162] PCI: MMCONFIG at [mem 0xb0000000-0xbfffffff] reserved in E820
[STDERR  ] 2018-04-25T13:46:27.821934785Z: [    0.642243] PCI: Using configuration type 1 for base access
[STDERR  ] 2018-04-25T13:46:27.821942174Z: [    0.694824] HugeTLB registered 2.00 MiB page size, pre-allocated 0 pages
[STDERR  ] 2018-04-25T13:46:27.821949732Z: [    0.705872] ACPI: Added _OSI(Module Device)
[STDERR  ] 2018-04-25T13:46:27.821957261Z: [    0.706046] ACPI: Added _OSI(Processor Device)
[STDERR  ] 2018-04-25T13:46:27.821972015Z: [    0.706434] ACPI: Added _OSI(3.0 _SCP Extensions)
[STDERR  ] 2018-04-25T13:46:27.821979748Z: [    0.706649] ACPI: Added _OSI(Processor Aggregator Device)
[STDERR  ] 2018-04-25T13:46:27.821987254Z: [    0.752721] ACPI: Interpreter enabled
[STDERR  ] 2018-04-25T13:46:27.821994540Z: [    0.753629] ACPI: (supports S0 S5)
[STDERR  ] 2018-04-25T13:46:27.822001975Z: [    0.753929] ACPI: Using IOAPIC for interrupt routing
[STDERR  ] 2018-04-25T13:46:27.822009363Z: [    0.756177] PCI: Using host bridge windows from ACPI; if necessary, use "pci=nocrs" and report a bug
[STDERR  ] 2018-04-25T13:46:27.822019549Z: [    0.758696] ACPI: Enabled 1 GPEs in block 00 to 3F
[STDERR  ] 2018-04-25T13:46:27.822026951Z: [    0.800736] ACPI: PCI Root Bridge [PCI0] (domain 0000 [bus 00-ff])
[STDERR  ] 2018-04-25T13:46:27.822034412Z: [    0.801519] acpi PNP0A08:00: _OSC: OS supports [ExtendedConfig ASPM ClockPM Segments MSI]
[STDERR  ] 2018-04-25T13:46:27.822041965Z: [    0.805459] acpi PNP0A08:00: _OSC: OS now controls [PCIeHotplug PME PCIeCapability]
[STDERR  ] 2018-04-25T13:46:27.822049403Z: [    0.808905] PCI host bridge to bus 0000:00
[STDERR  ] 2018-04-25T13:46:27.822056811Z: [    0.809445] pci_bus 0000:00: root bus resource [io  0x0000-0x0cf7 window]
[STDERR  ] 2018-04-25T13:46:27.822064240Z: [    0.809792] pci_bus 0000:00: root bus resource [io  0x0d00-0xffff window]
[STDERR  ] 2018-04-25T13:46:27.822073603Z: [    0.810118] pci_bus 0000:00: root bus resource [mem 0x000a0000-0x000bffff window]
[STDERR  ] 2018-04-25T13:46:27.822083302Z: [    0.810482] pci_bus 0000:00: root bus resource [mem 0xc0000000-0xfebfffff window]
[STDERR  ] 2018-04-25T13:46:27.822090866Z: [    0.810980] pci_bus 0000:00: root bus resource [bus 00-ff]
[STDERR  ] 2018-04-25T13:46:27.822101818Z: [    0.971788] pci 0000:00:1f.0: quirk: [io  0x0600-0x067f] claimed by ICH6 ACPI/GPIO/TCO
[STDERR  ] 2018-04-25T13:46:27.822109742Z: [    1.068193] ACPI: PCI Interrupt Link [LNKA] (IRQs 5 *10 11)
[STDERR  ] 2018-04-25T13:46:27.822117375Z: [    1.071421] ACPI: PCI Interrupt Link [LNKB] (IRQs 5 *10 11)
[STDERR  ] 2018-04-25T13:46:27.822126903Z: [    1.073015] ACPI: PCI Interrupt Link [LNKC] (IRQs 5 10 *11)
[STDERR  ] 2018-04-25T13:46:27.822134569Z: [    1.074404] ACPI: PCI Interrupt Link [LNKD] (IRQs 5 10 *11)
[STDERR  ] 2018-04-25T13:46:27.822144082Z: [    1.075597] ACPI: PCI Interrupt Link [LNKE] (IRQs 5 *10 11)
[STDERR  ] 2018-04-25T13:46:27.822151504Z: [    1.076818] ACPI: PCI Interrupt Link [LNKF] (IRQs 5 *10 11)
[STDERR  ] 2018-04-25T13:46:27.822159204Z: [    1.077927] ACPI: PCI Interrupt Link [LNKG] (IRQs 5 10 *11)
[STDERR  ] 2018-04-25T13:46:27.822166592Z: [    1.079070] ACPI: PCI Interrupt Link [LNKH] (IRQs 5 10 *11)
[STDERR  ] 2018-04-25T13:46:27.822174133Z: [    1.080369] ACPI: PCI Interrupt Link [GSIA] (IRQs *16)
[STDERR  ] 2018-04-25T13:46:27.822181601Z: [    1.080791] ACPI: PCI Interrupt Link [GSIB] (IRQs *17)
[STDERR  ] 2018-04-25T13:46:27.822190316Z: [    1.081257] ACPI: PCI Interrupt Link [GSIC] (IRQs *18)
[STDERR  ] 2018-04-25T13:46:27.822197848Z: [    1.081760] ACPI: PCI Interrupt Link [GSID] (IRQs *19)
[STDERR  ] 2018-04-25T13:46:27.822205239Z: [    1.082231] ACPI: PCI Interrupt Link [GSIE] (IRQs *20)
[STDERR  ] 2018-04-25T13:46:27.822212638Z: [    1.082686] ACPI: PCI Interrupt Link [GSIF] (IRQs *21)
[STDERR  ] 2018-04-25T13:46:27.822220335Z: [    1.083144] ACPI: PCI Interrupt Link [GSIG] (IRQs *22)
[STDERR  ] 2018-04-25T13:46:27.822227835Z: [    1.083598] ACPI: PCI Interrupt Link [GSIH] (IRQs *23)
[STDERR  ] 2018-04-25T13:46:27.822237179Z: [    1.090100] SCSI subsystem initialized
[STDERR  ] 2018-04-25T13:46:27.822244556Z: [    1.092349] ACPI: bus type USB registered
[STDERR  ] 2018-04-25T13:46:27.822251904Z: [    1.093256] usbcore: registered new interface driver usbfs
[STDERR  ] 2018-04-25T13:46:27.822259769Z: [    1.093976] usbcore: registered new interface driver hub
[STDERR  ] 2018-04-25T13:46:27.822267219Z: [    1.094763] usbcore: registered new device driver usb
[STDERR  ] 2018-04-25T13:46:27.822274634Z: [    1.095624] pps_core: LinuxPPS API ver. 1 registered
[STDERR  ] 2018-04-25T13:46:27.822290496Z: [    1.095879] pps_core: Software ver. 5.3.6 - Copyright 2005-2007 Rodolfo Giometti <giometti@linux.it>
[STDERR  ] 2018-04-25T13:46:27.822298355Z: [    1.096479] PTP clock support registered
[STDERR  ] 2018-04-25T13:46:27.822305659Z: [    1.098344] PCI: Using ACPI for IRQ routing
[STDERR  ] 2018-04-25T13:46:27.822315012Z: [    1.111659] NetLabel: Initializing
[STDERR  ] 2018-04-25T13:46:27.822322445Z: [    1.111796] NetLabel:  domain hash size = 128
[STDERR  ] 2018-04-25T13:46:27.822329917Z: [    1.112075] NetLabel:  protocols = UNLABELED CIPSOv4 CALIPSO
[STDERR  ] 2018-04-25T13:46:27.822337442Z: [    1.114127] NetLabel:  unlabeled traffic allowed by default
[STDERR  ] 2018-04-25T13:46:27.822344895Z: [    1.115611] HPET: 3 timers in total, 0 timers will be used for per-cpu timer
[STDERR  ] 2018-04-25T13:46:27.822352396Z: [    1.116300] hpet0: at MMIO 0xfed00000, IRQs 2, 8, 0
[STDERR  ] 2018-04-25T13:46:27.822359848Z: [    1.116602] hpet0: 3 comparators, 64-bit 100.000000 MHz counter
[STDERR  ] 2018-04-25T13:46:27.822367308Z: [    1.121628] clocksource: Switched to clocksource hpet
[STDERR  ] 2018-04-25T13:46:27.822374805Z: [    1.312412] VFS: Disk quotas dquot_6.6.0
[STDERR  ] 2018-04-25T13:46:27.822382163Z: [    1.313061] VFS: Dquot-cache hash table entries: 512 (order 0, 4096 bytes)
[STDERR  ] 2018-04-25T13:46:27.822389522Z: [    1.316207] FS-Cache: Loaded
[STDERR  ] 2018-04-25T13:46:27.822397010Z: [    1.321551] CacheFiles: Loaded
[STDERR  ] 2018-04-25T13:46:27.822404408Z: [    1.322721] pnp: PnP ACPI init
[STDERR  ] 2018-04-25T13:46:27.822411908Z: [    1.330986] pnp: PnP ACPI: found 5 devices
[STDERR  ] 2018-04-25T13:46:27.822833287Z: [    1.360725] clocksource: acpi_pm: mask: 0xffffff max_cycles: 0xffffff, max_idle_ns: 2085701024 ns
[STDERR  ] 2018-04-25T13:46:27.822848324Z: [    1.363899] NET: Registered protocol family 2
[STDERR  ] 2018-04-25T13:46:27.822862049Z: [    1.371180] TCP established hash table entries: 8192 (order: 4, 65536 bytes)
[STDERR  ] 2018-04-25T13:46:27.822897708Z: [    1.371921] TCP bind hash table entries: 8192 (order: 5, 131072 bytes)
[STDERR  ] 2018-04-25T13:46:27.822910983Z: [    1.372899] TCP: Hash tables configured (established 8192 bind 8192)
[STDERR  ] 2018-04-25T13:46:27.822924140Z: [    1.374710] UDP hash table entries: 512 (order: 2, 16384 bytes)
[STDERR  ] 2018-04-25T13:46:27.822939903Z: [    1.375263] UDP-Lite hash table entries: 512 (order: 2, 16384 bytes)
[STDERR  ] 2018-04-25T13:46:27.822954710Z: [    1.377472] NET: Registered protocol family 1
[STDERR  ] 2018-04-25T13:46:27.822967390Z: [    1.378430] pci 0000:00:01.0: Video device with shadowed ROM at [mem 0x000c0000-0x000dffff]
[STDERR  ] 2018-04-25T13:46:27.822980618Z: [    1.383921] Trying to unpack rootfs image as initramfs...
[STDERR  ] 2018-04-25T13:46:27.822994949Z: [    5.282997] Freeing initrd memory: 27544K
[STDERR  ] 2018-04-25T13:46:27.823009845Z: [    5.303258] PCLMULQDQ-NI instructions are not detected.
[STDERR  ] 2018-04-25T13:46:27.823028036Z: [    5.304520] AVX or AES-NI instructions are not detected.
[STDERR  ] 2018-04-25T13:46:27.823044582Z: [    5.304950] CPU feature 'AVX registers' is not supported.
[STDERR  ] 2018-04-25T13:46:27.823057688Z: [    5.305293] CPU feature 'AVX registers' is not supported.
[STDERR  ] 2018-04-25T13:46:27.823071952Z: [    5.305564] CPU feature 'AVX registers' is not supported.
[STDERR  ] 2018-04-25T13:46:27.823084624Z: [    5.305878] CPU feature 'AVX registers' is not supported.
[STDERR  ] 2018-04-25T13:46:27.823098542Z: [    5.306172] AVX2 or AES-NI instructions are not detected.
[STDERR  ] 2018-04-25T13:46:27.823110800Z: [    5.306444] AVX2 instructions are not detected.
[STDERR  ] 2018-04-25T13:46:27.823122752Z: [    5.311021] audit: initializing netlink subsys (disabled)
[STDERR  ] 2018-04-25T13:46:27.823135556Z: [    5.315878] audit: type=2000 audit(1524663967.310:1): state=initialized audit_enabled=0 res=1
[STDERR  ] 2018-04-25T13:46:27.823148206Z: [    5.316919] workingset: timestamp_bits=46 max_order=18 bucket_order=0
[STDERR  ] 2018-04-25T13:46:27.823171022Z: [    5.321801] squashfs: version 4.0 (2009/01/31) Phillip Lougher
[STDERR  ] 2018-04-25T13:46:27.823188284Z: [    5.324137] FS-Cache: Netfs 'cifs' registered for caching
[STDERR  ] 2018-04-25T13:46:27.823202621Z: [    5.324874] fuse init (API version 7.26)
[STDERR  ] 2018-04-25T13:46:27.823214796Z: [    5.326668] SGI XFS with ACLs, security attributes, no debug enabled
[STDERR  ] 2018-04-25T13:46:27.823230189Z: [    5.331692] 9p: Installing v9fs 9p2000 file system support
[STDERR  ] 2018-04-25T13:46:27.823244725Z: [    5.332165] FS-Cache: Netfs '9p' registered for caching
[STDERR  ] 2018-04-25T13:46:27.823258946Z: [    5.357865] NET: Registered protocol family 38
[STDERR  ] 2018-04-25T13:46:27.823275506Z: [    5.358391] Key type asymmetric registered
[STDERR  ] 2018-04-25T13:46:27.823296304Z: [    5.358738] Asymmetric key parser 'x509' registered
[STDERR  ] 2018-04-25T13:46:27.823310572Z: [    5.359500] Block layer SCSI generic (bsg) driver version 0.4 loaded (major 247)
[STDERR  ] 2018-04-25T13:46:27.823326249Z: [    5.361721] io scheduler noop registered
[STDERR  ] 2018-04-25T13:46:27.823338397Z: [    5.362061] io scheduler deadline registered (default)
[STDERR  ] 2018-04-25T13:46:27.823352484Z: [    5.362857] io scheduler cfq registered
[STDERR  ] 2018-04-25T13:46:27.823366426Z: [    5.363118] io scheduler mq-deadline registered
[STDERR  ] 2018-04-25T13:46:27.823378934Z: [    5.363324] io scheduler kyber registered
[STDERR  ] 2018-04-25T13:46:27.823391489Z: [    5.365835] shpchp: Standard Hot Plug PCI Controller Driver version: 0.4
[STDERR  ] 2018-04-25T13:46:27.823407081Z: [    5.366498] hv_vmbus: registering driver hyperv_fb
[STDERR  ] 2018-04-25T13:46:27.823425472Z: [    5.369027] input: Power Button as /devices/LNXSYSTM:00/LNXPWRBN:00/input/input0
[STDERR  ] 2018-04-25T13:46:27.823437982Z: [    5.372846] ACPI: Power Button [PWRF]
[STDERR  ] 2018-04-25T13:46:27.823452854Z: [    5.383904] ACPI: PCI Interrupt Link [GSIG] enabled at IRQ 22
[STDERR  ] 2018-04-25T13:46:27.823467184Z: [    5.393291] ACPI: PCI Interrupt Link [GSIH] enabled at IRQ 23
[STDERR  ] 2018-04-25T13:46:27.823481395Z: [    5.398739] Serial: 8250/16550 driver, 4 ports, IRQ sharing disabled
[STDERR  ] 2018-04-25T13:46:27.823493922Z: [    5.423054] 00:04: ttyS0 at I/O 0x3f8 (irq = 4, base_baud = 115200) is a 16550A
[STDERR  ] 2018-04-25T13:46:27.823506282Z: [    5.431939] Non-volatile memory driver v1.3
[STDERR  ] 2018-04-25T13:46:27.823520886Z: [    5.437726] Hangcheck: starting hangcheck timer 0.9.1 (tick is 180 seconds, margin is 60 seconds).
[STDERR  ] 2018-04-25T13:46:27.823534331Z: [    5.451261] random: crng init done
[STDERR  ] 2018-04-25T13:46:27.823550911Z: [    5.491520] brd: module loaded
[STDERR  ] 2018-04-25T13:46:27.823563675Z: [    5.514391] loop: module loaded
[STDERR  ] 2018-04-25T13:46:27.823578132Z: [    5.554457] lpc_ich 0000:00:1f.0: I/O space for GPIO uninitialized
[STDERR  ] 2018-04-25T13:46:27.823590805Z: [    5.556447] VMware PVSCSI driver - version 1.0.7.0-k
[STDERR  ] 2018-04-25T13:46:27.823604921Z: [    5.557045] hv_vmbus: registering driver hv_storvsc
[STDERR  ] 2018-04-25T13:46:27.823617256Z: [    5.563595] ACPI: PCI Interrupt Link [GSIA] enabled at IRQ 16
[STDERR  ] 2018-04-25T13:46:27.823631523Z: [    5.569381] ahci 0000:00:1f.2: AHCI 0001.0000 32 slots 6 ports 1.5 Gbps 0x3f impl SATA mode
[STDERR  ] 2018-04-25T13:46:27.823646650Z: [    5.570037] ahci 0000:00:1f.2: flags: 64bit ncq only 
[STDERR  ] 2018-04-25T13:46:27.823658985Z: [    5.582218] scsi host0: ahci
[STDERR  ] 2018-04-25T13:46:27.823670810Z: [    5.584645] scsi host1: ahci
[STDERR  ] 2018-04-25T13:46:27.823685086Z: [    5.585888] scsi host2: ahci
[STDERR  ] 2018-04-25T13:46:27.823702772Z: [    5.587150] scsi host3: ahci
[STDERR  ] 2018-04-25T13:46:27.823716795Z: [    5.588891] scsi host4: ahci
[STDERR  ] 2018-04-25T13:46:27.823731143Z: [    5.590782] scsi host5: ahci
[STDERR  ] 2018-04-25T13:46:27.823743568Z: [    5.592087] ata1: SATA max UDMA/133 abar m4096@0xfebd2000 port 0xfebd2100 irq 24
[STDERR  ] 2018-04-25T13:46:27.823760025Z: [    5.592525] ata2: SATA max UDMA/133 abar m4096@0xfebd2000 port 0xfebd2180 irq 24
[STDERR  ] 2018-04-25T13:46:27.823772555Z: [    5.592868] ata3: SATA max UDMA/133 abar m4096@0xfebd2000 port 0xfebd2200 irq 24
[STDERR  ] 2018-04-25T13:46:27.823786464Z: [    5.593193] ata4: SATA max UDMA/133 abar m4096@0xfebd2000 port 0xfebd2280 irq 24
[STDERR  ] 2018-04-25T13:46:27.823797713Z: [    5.593516] ata5: SATA max UDMA/133 abar m4096@0xfebd2000 port 0xfebd2300 irq 24
[STDERR  ] 2018-04-25T13:46:27.823810724Z: [    5.593801] ata6: SATA max UDMA/133 abar m4096@0xfebd2000 port 0xfebd2380 irq 24
[STDERR  ] 2018-04-25T13:46:27.823822301Z: [    5.603074] tun: Universal TUN/TAP device driver, 1.6
[STDERR  ] 2018-04-25T13:46:27.823834015Z: [    5.612633] VMware vmxnet3 virtual NIC driver - version 1.4.a.0-k-NAPI
[STDERR  ] 2018-04-25T13:46:27.823846569Z: [    5.613638] hv_vmbus: registering driver hv_netvsc
[STDERR  ] 2018-04-25T13:46:27.823861729Z: [    5.613943] Fusion MPT base driver 3.04.20
[STDERR  ] 2018-04-25T13:46:27.823876104Z: [    5.614142] Copyright (c) 1999-2008 LSI Corporation
[STDERR  ] 2018-04-25T13:46:27.823891038Z: [    5.614641] Fusion MPT SPI Host driver 3.04.20
[STDERR  ] 2018-04-25T13:46:27.823905424Z: [    5.616439] i8042: PNP: PS/2 Controller [PNP0303:KBD,PNP0f13:MOU] at 0x60,0x64 irq 1,12
[STDERR  ] 2018-04-25T13:46:27.823918329Z: [    5.620754] serio: i8042 KBD port at 0x60,0x64 irq 1
[STDERR  ] 2018-04-25T13:46:27.823933294Z: [    5.621425] serio: i8042 AUX port at 0x60,0x64 irq 12
[STDERR  ] 2018-04-25T13:46:27.823946961Z: [    5.623297] hv_vmbus: registering driver hyperv_keyboard
[STDERR  ] 2018-04-25T13:46:27.823959396Z: [    5.624893] mousedev: PS/2 mouse device common for all mice
[STDERR  ] 2018-04-25T13:46:27.823977650Z: [    5.628527] input: AT Translated Set 2 keyboard as /devices/platform/i8042/serio0/input/input1
[STDERR  ] 2018-04-25T13:46:27.823992504Z: [    5.631583] input: PC Speaker as /devices/platform/pcspkr/input/input2
[STDERR  ] 2018-04-25T13:46:27.824004599Z: [    5.633232] rtc_cmos 00:00: RTC can wake from S4
[STDERR  ] 2018-04-25T13:46:27.824060031Z: [    5.635931] rtc_cmos 00:00: rtc core: registered rtc_cmos as rtc0
[STDERR  ] 2018-04-25T13:46:27.824076487Z: [    5.637159] rtc_cmos 00:00: alarms up to one day, y3k, 114 bytes nvram, hpet irqs
[STDERR  ] 2018-04-25T13:46:27.824088397Z: [    5.637807] i2c /dev entries driver
[STDERR  ] 2018-04-25T13:46:27.824102890Z: [    5.639521] device-mapper: ioctl: 4.37.0-ioctl (2017-09-20) initialised: dm-devel@redhat.com
[STDERR  ] 2018-04-25T13:46:27.824116712Z: [    5.643090] usbcore: registered new interface driver usbhid
[STDERR  ] 2018-04-25T13:46:27.824134198Z: [    5.643377] usbhid: USB HID core driver
[STDERR  ] 2018-04-25T13:46:27.824165677Z: [    5.644150] hv_utils: Registering HyperV Utility Driver
[STDERR  ] 2018-04-25T13:46:27.824177765Z: [    5.644413] hv_vmbus: registering driver hv_util
[STDERR  ] 2018-04-25T13:46:27.824190482Z: [    5.644640] hv_vmbus: registering driver hv_balloon
[STDERR  ] 2018-04-25T13:46:27.824204660Z: [    5.645091] oprofile: using NMI interrupt.
[STDERR  ] 2018-04-25T13:46:27.824223365Z: [    5.646111] GACT probability on
[STDERR  ] 2018-04-25T13:46:27.824238669Z: [    5.646471] Mirror/redirect action on
[STDERR  ] 2018-04-25T13:46:27.824255929Z: [    5.646977] Simple TC action Loaded
[STDERR  ] 2018-04-25T13:46:27.824268375Z: [    5.647442] u32 classifier
[STDERR  ] 2018-04-25T13:46:27.824293340Z: [    5.647599]     Performance counters on
[STDERR  ] 2018-04-25T13:46:27.824307908Z: [    5.647774]     input device check on
[STDERR  ] 2018-04-25T13:46:27.824322212Z: [    5.647954]     Actions configured
[STDERR  ] 2018-04-25T13:46:27.824334341Z: [    5.648574] Netfilter messages via NETLINK v0.30.
[STDERR  ] 2018-04-25T13:46:27.824364397Z: [    5.649018] nfnl_acct: registering with nfnetlink.
[STDERR  ] 2018-04-25T13:46:27.824378944Z: [    5.650630] nf_conntrack version 0.5.0 (8192 buckets, 32768 max)
[STDERR  ] 2018-04-25T13:46:27.824393757Z: [    5.652836] ctnetlink v0.93: registering with nfnetlink.
[STDERR  ] 2018-04-25T13:46:27.824414080Z: [    5.655554] nf_tables: (c) 2007-2009 Patrick McHardy <kaber@trash.net>
[STDERR  ] 2018-04-25T13:46:27.824426636Z: [    5.656284] nf_tables_compat: (c) 2012 Pablo Neira Ayuso <pablo@netfilter.org>
[STDERR  ] 2018-04-25T13:46:27.824439709Z: [    5.658816] xt_time: kernel timezone is -0000
[STDERR  ] 2018-04-25T13:46:27.824457315Z: [    5.659341] ip_set: protocol 6
[STDERR  ] 2018-04-25T13:46:27.824471942Z: [    5.660044] IPVS: Registered protocols (TCP, UDP, SCTP, AH, ESP)
[STDERR  ] 2018-04-25T13:46:27.824486486Z: [    5.660950] IPVS: Connection hash table configured (size=4096, memory=64Kbytes)
[STDERR  ] 2018-04-25T13:46:27.824498974Z: [    5.664554] IPVS: ipvs loaded.
[STDERR  ] 2018-04-25T13:46:27.824519275Z: [    5.664864] IPVS: [rr] scheduler registered.
[STDERR  ] 2018-04-25T13:46:27.824531869Z: [    5.665114] IPVS: [wrr] scheduler registered.
[STDERR  ] 2018-04-25T13:46:27.824546298Z: [    5.665334] IPVS: [lc] scheduler registered.
[STDERR  ] 2018-04-25T13:46:27.824560591Z: [    5.665534] IPVS: [wlc] scheduler registered.
[STDERR  ] 2018-04-25T13:46:27.824577711Z: [    5.665797] IPVS: [fo] scheduler registered.
[STDERR  ] 2018-04-25T13:46:27.824592068Z: [    5.666001] IPVS: [ovf] scheduler registered.
[STDERR  ] 2018-04-25T13:46:27.824604154Z: [    5.666380] IPVS: [lblc] scheduler registered.
[STDERR  ] 2018-04-25T13:46:27.824631954Z: [    5.666738] IPVS: [lblcr] scheduler registered.
[STDERR  ] 2018-04-25T13:46:27.824647530Z: [    5.666964] IPVS: [dh] scheduler registered.
[STDERR  ] 2018-04-25T13:46:27.824661783Z: [    5.667156] IPVS: [sh] scheduler registered.
[STDERR  ] 2018-04-25T13:46:27.824675838Z: [    5.667340] IPVS: [sed] scheduler registered.
[STDERR  ] 2018-04-25T13:46:27.824692149Z: [    5.667561] IPVS: [nq] scheduler registered.
[STDERR  ] 2018-04-25T13:46:27.824706840Z: [    5.668332] IPVS: ftp: loaded support on port[0] = 21
[STDERR  ] 2018-04-25T13:46:27.824734492Z: [    5.668991] ipip: IPv4 and MPLS over IPv4 tunneling driver
[STDERR  ] 2018-04-25T13:46:27.824748987Z: [    5.672428] gre: GRE over IPv4 demultiplexor driver
[STDERR  ] 2018-04-25T13:46:27.824761015Z: [    5.674795] ip_tables: (C) 2000-2006 Netfilter Core Team
[STDERR  ] 2018-04-25T13:46:27.824774223Z: [    5.678240] ipt_CLUSTERIP: ClusterIP Version 0.8 loaded successfully
[STDERR  ] 2018-04-25T13:46:27.824786763Z: [    5.678765] arp_tables: arp_tables: (C) 2002 David S. Miller
[STDERR  ] 2018-04-25T13:46:27.824799597Z: [    5.681243] NET: Registered protocol family 10
[STDERR  ] 2018-04-25T13:46:27.824824260Z: [    5.689345] Segment Routing with IPv6
[STDERR  ] 2018-04-25T13:46:27.824838719Z: [    5.690547] ip6_tables: (C) 2000-2006 Netfilter Core Team
[STDERR  ] 2018-04-25T13:46:27.824853740Z: [    5.696851] NET: Registered protocol family 17
[STDERR  ] 2018-04-25T13:46:27.824866432Z: [    5.697793] Bridge firewalling registered
[STDERR  ] 2018-04-25T13:46:27.824883158Z: [    5.698306] Ebtables v2.0 registered
[STDERR  ] 2018-04-25T13:46:27.824895386Z: [    5.700572] 8021q: 802.1Q VLAN Support v1.8
[STDERR  ] 2018-04-25T13:46:27.824912367Z: [    5.701885] 9pnet: Installing 9P2000 support
[STDERR  ] 2018-04-25T13:46:27.824926537Z: [    5.703338] Key type dns_resolver registered
[STDERR  ] 2018-04-25T13:46:27.824951805Z: [    5.704542] sched_clock: Marking stable (5700211620, 0)->(5770785028, -70573408)
[STDERR  ] 2018-04-25T13:46:27.824966198Z: [    5.707388] registered taskstats version 1
[STDERR  ] 2018-04-25T13:46:27.824980338Z: [    5.893328] Key type big_key registered
[STDERR  ] 2018-04-25T13:46:27.824994767Z: [    5.923459] ata1: SATA link down (SStatus 0 SControl 300)
[STDERR  ] 2018-04-25T13:46:27.825006387Z: [    5.931731] ata3: SATA link up 1.5 Gbps (SStatus 113 SControl 300)
[STDERR  ] 2018-04-25T13:46:27.825017515Z: [    5.934242] ata2: SATA link down (SStatus 0 SControl 300)
[STDERR  ] 2018-04-25T13:46:27.825029773Z: [    5.935876] ata3.00: ATAPI: QEMU DVD-ROM, 2.5+, max UDMA/100
[STDERR  ] 2018-04-25T13:46:27.825051824Z: [    5.936294] ata3.00: applying bridge limits
[STDERR  ] 2018-04-25T13:46:27.825071873Z: [    5.940520] ata3.00: configured for UDMA/100
[STDERR  ] 2018-04-25T13:46:27.825085061Z: [    5.944710] ata6: SATA link down (SStatus 0 SControl 300)
[STDERR  ] 2018-04-25T13:46:27.825099841Z: [    5.945108] ata5: SATA link down (SStatus 0 SControl 300)
[STDERR  ] 2018-04-25T13:46:27.825114397Z: [    5.945480] ata4: SATA link down (SStatus 0 SControl 300)
[STDERR  ] 2018-04-25T13:46:27.825126508Z: [    5.962511] scsi 2:0:0:0: CD-ROM            QEMU     QEMU DVD-ROM     2.5+ PQ: 0 ANSI: 5
[STDERR  ] 2018-04-25T13:46:27.825139748Z: [    5.990770] Key type trusted registered
[STDERR  ] 2018-04-25T13:46:27.825152380Z: [    6.003791] sr 2:0:0:0: [sr0] scsi3-mmc drive: 4x/4x cd/rw xa/form2 tray
[STDERR  ] 2018-04-25T13:46:27.825170053Z: [    6.004400] cdrom: Uniform CD-ROM driver Revision: 3.20
[STDERR  ] 2018-04-25T13:46:27.825186943Z: [    6.011975] sr 2:0:0:0: Attached scsi generic sg0 type 5
[STDERR  ] 2018-04-25T13:46:27.825201290Z: [    6.061540] Key type encrypted registered
[STDERR  ] 2018-04-25T13:46:27.825213224Z: [    6.062199] ima: No TPM chip found, activating TPM-bypass! (rc=-19)
[STDERR  ] 2018-04-25T13:46:27.825226655Z: [    6.065748] evm: HMAC attrs: 0x1
[STDERR  ] 2018-04-25T13:46:27.825239043Z: [    6.070315] rtc_cmos 00:00: setting system clock to 2018-04-25 13:46:08 UTC (1524663968)
[STDERR  ] 2018-04-25T13:46:27.825252246Z: [    6.222126] Freeing unused kernel memory: 1508K
[STDERR  ] 2018-04-25T13:46:27.825265865Z: [    6.222521] Write protecting the kernel read-only data: 18432k
[STDERR  ] 2018-04-25T13:46:27.825288703Z: [    6.235164] Freeing unused kernel memory: 2024K
[STDERR  ] 2018-04-25T13:46:27.825308830Z: [    6.267260] Freeing unused kernel memory: 1108K
[STDERR  ] 2018-04-25T13:46:27.825326492Z: [    6.325839] tsc: Refined TSC clocksource calibration: 2599.763 MHz
[STDERR  ] 2018-04-25T13:46:27.825341814Z: [    6.326419] clocksource: tsc: mask: 0xffffffffffffffff max_cycles: 0x25795bf3fc4, max_idle_ns: 440795207657 ns
[STDERR  ] 2018-04-25T13:46:27.825354614Z: [    7.337641] clocksource: Switched to clocksource tsc
[STDERR  ] 2018-04-25T13:46:27.825368432Z: 
[STDERR  ] 2018-04-25T13:46:27.825381796Z: Welcome to LinuxKit
[STDERR  ] 2018-04-25T13:46:27.825406596Z: 
[STDERR  ] 2018-04-25T13:46:27.825418237Z:                         ##         .
[STDERR  ] 2018-04-25T13:46:27.825430654Z:                   ## ## ##        ==
[STDERR  ] 2018-04-25T13:46:27.825446596Z:                ## ## ## ## ##    ===
[STDERR  ] 2018-04-25T13:46:27.825461037Z:            /"""""""""""""""""\___/ ===
[STDERR  ] 2018-04-25T13:46:27.825479676Z:           {                       /  ===-
[STDERR  ] 2018-04-25T13:46:27.825492099Z:            \______ O           __/
[STDERR  ] 2018-04-25T13:46:27.825504310Z:              \    \         __/
[STDERR  ] 2018-04-25T13:46:27.825516838Z:               \____\_______/
[STDERR  ] 2018-04-25T13:46:27.825531956Z: 
[STDERR  ] 2018-04-25T13:46:27.825544564Z: sysctl test suite PASSED
[STDERR  ] 2018-04-25T13:46:27.825556823Z: [   24.752501] ACPI: Preparing to enter system sleep state S5
[STDERR  ] 2018-04-25T13:46:27.825571499Z: [   24.754126] reboot: Power down
[STDERR  ] 2018-04-25T13:46:27.825583789Z: + grep -q suite PASSED
[STDOUT  ] 2018-04-25T13:46:27.825610889Z: [    0.000000] Linux version 4.14.35-linuxkit (root@95934b70ab05) (gcc version 6.4.0 (Alpine 6.4.0)) #1 SMP Mon Apr 23 11:11:13 UTC 2018
[STDOUT  ] 2018-04-25T13:46:27.825648543Z: [    0.000000] Command line: console=ttyS0 console=ttyAMA0
[STDOUT  ] 2018-04-25T13:46:27.825656880Z: [    0.000000] x86/fpu: x87 FPU will use FXSAVE
[STDOUT  ] 2018-04-25T13:46:27.825668352Z: [    0.000000] e820: BIOS-provided physical RAM map:
[STDOUT  ] 2018-04-25T13:46:27.825674708Z: [    0.000000] BIOS-e820: [mem 0x0000000000000000-0x000000000009fbff] usable
[STDOUT  ] 2018-04-25T13:46:27.825682262Z: [    0.000000] BIOS-e820: [mem 0x000000000009fc00-0x000000000009ffff] reserved
[STDOUT  ] 2018-04-25T13:46:27.825690711Z: [    0.000000] BIOS-e820: [mem 0x00000000000f0000-0x00000000000fffff] reserved
[STDOUT  ] 2018-04-25T13:46:27.825704138Z: [    0.000000] BIOS-e820: [mem 0x0000000000100000-0x000000003ffdefff] usable
[STDOUT  ] 2018-04-25T13:46:27.825712596Z: [    0.000000] BIOS-e820: [mem 0x000000003ffdf000-0x000000003fffffff] reserved
[STDOUT  ] 2018-04-25T13:46:27.825720956Z: [    0.000000] BIOS-e820: [mem 0x00000000b0000000-0x00000000bfffffff] reserved
[STDOUT  ] 2018-04-25T13:46:27.825729365Z: [    0.000000] BIOS-e820: [mem 0x00000000fed1c000-0x00000000fed1ffff] reserved
[STDOUT  ] 2018-04-25T13:46:27.825737573Z: [    0.000000] BIOS-e820: [mem 0x00000000fffc0000-0x00000000ffffffff] reserved
[STDOUT  ] 2018-04-25T13:46:27.825745882Z: [    0.000000] NX (Execute Disable) protection: active
[STDOUT  ] 2018-04-25T13:46:27.825754357Z: [    0.000000] random: fast init done
[STDOUT  ] 2018-04-25T13:46:27.825762588Z: [    0.000000] SMBIOS 2.8 present.
[STDOUT  ] 2018-04-25T13:46:27.825771017Z: [    0.000000] DMI: QEMU Standard PC (Q35 + ICH9, 2009), BIOS rel-1.10.2-0-g5f4c7b1-prebuilt.qemu-project.org 04/01/2014
[STDOUT  ] 2018-04-25T13:46:27.825780417Z: [    0.000000] tsc: Fast TSC calibration using PIT
[STDOUT  ] 2018-04-25T13:46:27.825788621Z: [    0.000000] e820: last_pfn = 0x3ffdf max_arch_pfn = 0x400000000
[STDOUT  ] 2018-04-25T13:46:27.825796764Z: [    0.000000] x86/PAT: Configuration [0-7]: WB  WC  UC- UC  WB  WP  UC- WT  
[STDOUT  ] 2018-04-25T13:46:27.825805344Z: [    0.000000] found SMP MP-table at [mem 0x000f6aa0-0x000f6aaf] mapped at [ffffffffff200aa0]
[STDOUT  ] 2018-04-25T13:46:27.825814071Z: [    0.000000] RAMDISK: [mem 0x3e4ea000-0x3ffcffff]
[STDOUT  ] 2018-04-25T13:46:27.825822384Z: [    0.000000] ACPI: Early table checksum verification disabled
[STDOUT  ] 2018-04-25T13:46:27.825835082Z: [    0.000000] ACPI: RSDP 0x00000000000F68B0 000014 (v00 BOCHS )
[STDOUT  ] 2018-04-25T13:46:27.825844153Z: [    0.000000] ACPI: RSDT 0x000000003FFE20A8 000034 (v01 BOCHS  BXPCRSDT 00000001 BXPC 00000001)
[STDOUT  ] 2018-04-25T13:46:27.825852751Z: [    0.000000] ACPI: FACP 0x000000003FFE1EC8 0000F4 (v03 BOCHS  BXPCFACP 00000001 BXPC 00000001)
[STDOUT  ] 2018-04-25T13:46:27.825861150Z: [    0.000000] ACPI: DSDT 0x000000003FFE0040 001E88 (v01 BOCHS  BXPCDSDT 00000001 BXPC 00000001)
[STDOUT  ] 2018-04-25T13:46:27.825880793Z: [    0.000000] ACPI: FACS 0x000000003FFE0000 000040
[STDOUT  ] 2018-04-25T13:46:27.825889114Z: [    0.000000] ACPI: APIC 0x000000003FFE1FBC 000078 (v01 BOCHS  BXPCAPIC 00000001 BXPC 00000001)
[STDOUT  ] 2018-04-25T13:46:27.825898428Z: [    0.000000] ACPI: HPET 0x000000003FFE2034 000038 (v01 BOCHS  BXPCHPET 00000001 BXPC 00000001)
[STDOUT  ] 2018-04-25T13:46:27.825907042Z: [    0.000000] ACPI: MCFG 0x000000003FFE206C 00003C (v01 BOCHS  BXPCMCFG 00000001 BXPC 00000001)
[STDOUT  ] 2018-04-25T13:46:27.825915847Z: [    0.000000] Zone ranges:
[STDOUT  ] 2018-04-25T13:46:27.825924140Z: [    0.000000]   DMA      [mem 0x0000000000001000-0x0000000000ffffff]
[STDOUT  ] 2018-04-25T13:46:27.825932435Z: [    0.000000]   DMA32    [mem 0x0000000001000000-0x000000003ffdefff]
[STDOUT  ] 2018-04-25T13:46:27.825940636Z: [    0.000000]   Normal   empty
[STDOUT  ] 2018-04-25T13:46:27.825949547Z: [    0.000000]   Device   empty
[STDOUT  ] 2018-04-25T13:46:27.825958018Z: [    0.000000] Movable zone start for each node
[STDOUT  ] 2018-04-25T13:46:27.825966375Z: [    0.000000] Early memory node ranges
[STDOUT  ] 2018-04-25T13:46:27.825974559Z: [    0.000000]   node   0: [mem 0x0000000000001000-0x000000000009efff]
[STDOUT  ] 2018-04-25T13:46:27.825985990Z: [    0.000000]   node   0: [mem 0x0000000000100000-0x000000003ffdefff]
[STDOUT  ] 2018-04-25T13:46:27.825994433Z: [    0.000000] Initmem setup node 0 [mem 0x0000000000001000-0x000000003ffdefff]
[STDOUT  ] 2018-04-25T13:46:27.826002728Z: [    0.000000] ACPI: PM-Timer IO Port: 0x608
[STDOUT  ] 2018-04-25T13:46:27.826011015Z: [    0.000000] ACPI: LAPIC_NMI (acpi_id[0xff] dfl dfl lint[0x1])
[STDOUT  ] 2018-04-25T13:46:27.826019331Z: [    0.000000] IOAPIC[0]: apic_id 0, version 32, address 0xfec00000, GSI 0-23
[STDOUT  ] 2018-04-25T13:46:27.826031890Z: [    0.000000] ACPI: INT_SRC_OVR (bus 0 bus_irq 0 global_irq 2 dfl dfl)
[STDOUT  ] 2018-04-25T13:46:27.826043005Z: [    0.000000] ACPI: INT_SRC_OVR (bus 0 bus_irq 5 global_irq 5 high level)
[STDOUT  ] 2018-04-25T13:46:27.826051191Z: [    0.000000] ACPI: INT_SRC_OVR (bus 0 bus_irq 9 global_irq 9 high level)
[STDOUT  ] 2018-04-25T13:46:27.826059586Z: [    0.000000] ACPI: INT_SRC_OVR (bus 0 bus_irq 10 global_irq 10 high level)
[STDOUT  ] 2018-04-25T13:46:27.826068153Z: [    0.000000] ACPI: INT_SRC_OVR (bus 0 bus_irq 11 global_irq 11 high level)
[STDOUT  ] 2018-04-25T13:46:27.826083374Z: [    0.000000] Using ACPI (MADT) for SMP configuration information
[STDOUT  ] 2018-04-25T13:46:27.826094230Z: [    0.000000] ACPI: HPET id: 0x8086a201 base: 0xfed00000
[STDOUT  ] 2018-04-25T13:46:27.826102833Z: [    0.000000] smpboot: Allowing 1 CPUs, 0 hotplug CPUs
[STDOUT  ] 2018-04-25T13:46:27.826111142Z: [    0.000000] e820: [mem 0x40000000-0xafffffff] available for PCI devices
[STDOUT  ] 2018-04-25T13:46:27.826119527Z: [    0.000000] Booting paravirtualized kernel on bare hardware
[STDOUT  ] 2018-04-25T13:46:27.826127830Z: [    0.000000] clocksource: refined-jiffies: mask: 0xffffffff max_cycles: 0xffffffff, max_idle_ns: 19112604462750000 ns
[STDOUT  ] 2018-04-25T13:46:27.826136940Z: [    0.000000] setup_percpu: NR_CPUS:128 nr_cpumask_bits:128 nr_cpu_ids:1 nr_node_ids:1
[STDOUT  ] 2018-04-25T13:46:27.826152841Z: [    0.000000] percpu: Embedded 44 pages/cpu @ffff951fbe200000 s143256 r8192 d28776 u2097152
[STDOUT  ] 2018-04-25T13:46:27.826163375Z: [    0.000000] Built 1 zonelists, mobility grouping on.  Total pages: 257896
[STDOUT  ] 2018-04-25T13:46:27.826171747Z: [    0.000000] Kernel command line: console=ttyS0 console=ttyAMA0
[STDOUT  ] 2018-04-25T13:46:27.826183573Z: [    0.000000] PID hash table entries: 4096 (order: 3, 32768 bytes)
[STDOUT  ] 2018-04-25T13:46:27.826194485Z: [    0.000000] Dentry cache hash table entries: 131072 (order: 8, 1048576 bytes)
[STDOUT  ] 2018-04-25T13:46:27.826205527Z: [    0.000000] Inode-cache hash table entries: 65536 (order: 7, 524288 bytes)
[STDOUT  ] 2018-04-25T13:46:27.826213783Z: [    0.000000] Memory: 977256K/1048052K available (12300K kernel code, 1464K rwdata, 2988K rodata, 1508K init, 632K bss, 70796K reserved, 0K cma-reserved)
[STDOUT  ] 2018-04-25T13:46:27.826223380Z: [    0.000000] ftrace: allocating 40962 entries in 161 pages
[STDOUT  ] 2018-04-25T13:46:27.826232121Z: [    0.000000] Hierarchical RCU implementation.
[STDOUT  ] 2018-04-25T13:46:27.826240312Z: [    0.000000] 	RCU restricting CPUs from NR_CPUS=128 to nr_cpu_ids=1.
[STDOUT  ] 2018-04-25T13:46:27.826248589Z: [    0.000000] RCU: Adjusting geometry for rcu_fanout_leaf=16, nr_cpu_ids=1
[STDOUT  ] 2018-04-25T13:46:27.826256703Z: [    0.000000] NR_IRQS: 8448, nr_irqs: 256, preallocated irqs: 16
[STDOUT  ] 2018-04-25T13:46:27.826271071Z: [    0.000000] Console: colour VGA+ 80x25
[STDOUT  ] 2018-04-25T13:46:27.826287856Z: [    0.000000] console [ttyS0] enabled
[STDOUT  ] 2018-04-25T13:46:27.826296174Z: [    0.000000] clocksource: hpet: mask: 0xffffffff max_cycles: 0xffffffff, max_idle_ns: 19112604467 ns
[STDOUT  ] 2018-04-25T13:46:27.826305174Z: [    0.010000] tsc: Fast TSC calibration failed
[STDOUT  ] 2018-04-25T13:46:27.826313853Z: [    0.050000] tsc: Unable to calibrate against PIT
[STDOUT  ] 2018-04-25T13:46:27.826322116Z: [    0.050000] tsc: using HPET reference calibration
[STDOUT  ] 2018-04-25T13:46:27.826330441Z: [    0.050000] tsc: Detected 2599.604 MHz processor
[STDOUT  ] 2018-04-25T13:46:27.826338623Z: [    0.050000] Calibrating delay loop (skipped), value calculated using timer frequency.. 5199.20 BogoMIPS (lpj=25996040)
[STDOUT  ] 2018-04-25T13:46:27.826348728Z: [    0.050000] pid_max: default: 32768 minimum: 301
[STDOUT  ] 2018-04-25T13:46:27.826356974Z: [    0.050000] ACPI: Core revision 20170728
[STDOUT  ] 2018-04-25T13:46:27.826365226Z: [    0.082133] ACPI: 1 ACPI AML tables successfully acquired and loaded
[STDOUT  ] 2018-04-25T13:46:27.826375979Z: [    0.084108] Security Framework initialized
[STDOUT  ] 2018-04-25T13:46:27.826388611Z: [    0.084542] Yama: becoming mindful.
[STDOUT  ] 2018-04-25T13:46:27.826399940Z: [    0.087170] Mount-cache hash table entries: 2048 (order: 2, 16384 bytes)
[STDOUT  ] 2018-04-25T13:46:27.826408432Z: [    0.087570] Mountpoint-cache hash table entries: 2048 (order: 2, 16384 bytes)
[STDOUT  ] 2018-04-25T13:46:27.826433133Z: [    0.110203] Last level iTLB entries: 4KB 0, 2MB 0, 4MB 0
[STDOUT  ] 2018-04-25T13:46:27.826441279Z: [    0.110589] Last level dTLB entries: 4KB 0, 2MB 0, 4MB 0, 1GB 0
[STDOUT  ] 2018-04-25T13:46:27.826449006Z: [    0.111051] Spectre V2 : Spectre mitigation: LFENCE not serializing, switching to generic retpoline
[STDOUT  ] 2018-04-25T13:46:27.826457317Z: [    0.111538] Spectre V2 : Vulnerable: Minimal generic ASM retpoline
[STDOUT  ] 2018-04-25T13:46:27.826466295Z: [    0.111860] Spectre V2 : Spectre v2 mitigation: Filling RSB on context switch
[STDOUT  ] 2018-04-25T13:46:27.826474405Z: [    0.434252] Freeing SMP alternatives memory: 20K
[STDOUT  ] 2018-04-25T13:46:27.826482426Z: [    0.460000] smpboot: Max logical packages: 1
[STDOUT  ] 2018-04-25T13:46:27.826490332Z: [    0.465825] ..TIMER: vector=0x30 apic1=0 pin1=2 apic2=-1 pin2=-1
[STDOUT  ] 2018-04-25T13:46:27.826498261Z: [    0.570000] smpboot: CPU0: AMD QEMU Virtual CPU version 2.5+ (family: 0x6, model: 0x6, stepping: 0x3)
[STDOUT  ] 2018-04-25T13:46:27.826506584Z: [    0.570000] Performance Events: PMU not available due to virtualization, using software events only.
[STDOUT  ] 2018-04-25T13:46:27.826514777Z: [    0.571416] Hierarchical SRCU implementation.
[STDOUT  ] 2018-04-25T13:46:27.826522673Z: [    0.576978] NMI watchdog: Perf event create on CPU 0 failed with -2
[STDOUT  ] 2018-04-25T13:46:27.826534323Z: [    0.577360] NMI watchdog: Perf NMI watchdog permanently disabled
[STDOUT  ] 2018-04-25T13:46:27.826542383Z: [    0.580945] smp: Bringing up secondary CPUs ...
[STDOUT  ] 2018-04-25T13:46:27.826550246Z: [    0.581275] smp: Brought up 1 node, 1 CPU
[STDOUT  ] 2018-04-25T13:46:27.826558135Z: [    0.581610] smpboot: Total of 1 processors activated (5199.20 BogoMIPS)
[STDOUT  ] 2018-04-25T13:46:27.826565868Z: [    0.598037] devtmpfs: initialized
[STDOUT  ] 2018-04-25T13:46:27.826573967Z: [    0.603443] x86/mm: Memory block size: 128MB
[STDOUT  ] 2018-04-25T13:46:27.826581845Z: [    0.609287] evm: security.ima
[STDOUT  ] 2018-04-25T13:46:27.826589732Z: [    0.609446] evm: security.capability
[STDOUT  ] 2018-04-25T13:46:27.826597540Z: [    0.613608] clocksource: jiffies: mask: 0xffffffff max_cycles: 0xffffffff, max_idle_ns: 19112604462750000 ns
[STDOUT  ] 2018-04-25T13:46:27.826607627Z: [    0.614019] futex hash table entries: 256 (order: 2, 16384 bytes)
[STDOUT  ] 2018-04-25T13:46:27.826615595Z: [    0.627771] NET: Registered protocol family 16
[STDOUT  ] 2018-04-25T13:46:27.826623629Z: [    0.635554] cpuidle: using governor ladder
[STDOUT  ] 2018-04-25T13:46:27.826631599Z: [    0.635853] cpuidle: using governor menu
[STDOUT  ] 2018-04-25T13:46:27.826639424Z: [    0.637635] ACPI: bus type PCI registered
[STDOUT  ] 2018-04-25T13:46:27.826649040Z: [    0.640429] PCI: MMCONFIG for domain 0000 [bus 00-ff] at [mem 0xb0000000-0xbfffffff] (base 0xb0000000)
[STDOUT  ] 2018-04-25T13:46:27.826656982Z: [    0.641162] PCI: MMCONFIG at [mem 0xb0000000-0xbfffffff] reserved in E820
[STDOUT  ] 2018-04-25T13:46:27.826664954Z: [    0.642243] PCI: Using configuration type 1 for base access
[STDOUT  ] 2018-04-25T13:46:27.826672746Z: [    0.694824] HugeTLB registered 2.00 MiB page size, pre-allocated 0 pages
[STDOUT  ] 2018-04-25T13:46:27.826680770Z: [    0.705872] ACPI: Added _OSI(Module Device)
[STDOUT  ] 2018-04-25T13:46:27.826688644Z: [    0.706046] ACPI: Added _OSI(Processor Device)
[STDOUT  ] 2018-04-25T13:46:27.826696578Z: [    0.706434] ACPI: Added _OSI(3.0 _SCP Extensions)
[STDOUT  ] 2018-04-25T13:46:27.826704346Z: [    0.706649] ACPI: Added _OSI(Processor Aggregator Device)
[STDOUT  ] 2018-04-25T13:46:27.826712200Z: [    0.752721] ACPI: Interpreter enabled
[STDOUT  ] 2018-04-25T13:46:27.826719991Z: [    0.753629] ACPI: (supports S0 S5)
[STDOUT  ] 2018-04-25T13:46:27.826742727Z: [    0.753929] ACPI: Using IOAPIC for interrupt routing
[STDOUT  ] 2018-04-25T13:46:27.826750762Z: [    0.756177] PCI: Using host bridge windows from ACPI; if necessary, use "pci=nocrs" and report a bug
[STDOUT  ] 2018-04-25T13:46:27.826758832Z: [    0.758696] ACPI: Enabled 1 GPEs in block 00 to 3F
[STDOUT  ] 2018-04-25T13:46:27.826766664Z: [    0.800736] ACPI: PCI Root Bridge [PCI0] (domain 0000 [bus 00-ff])
[STDOUT  ] 2018-04-25T13:46:27.826774742Z: [    0.801519] acpi PNP0A08:00: _OSC: OS supports [ExtendedConfig ASPM ClockPM Segments MSI]
[STDOUT  ] 2018-04-25T13:46:27.826784931Z: [    0.805459] acpi PNP0A08:00: _OSC: OS now controls [PCIeHotplug PME PCIeCapability]
[STDOUT  ] 2018-04-25T13:46:27.826792952Z: [    0.808905] PCI host bridge to bus 0000:00
[STDOUT  ] 2018-04-25T13:46:27.826800807Z: [    0.809445] pci_bus 0000:00: root bus resource [io  0x0000-0x0cf7 window]
[STDOUT  ] 2018-04-25T13:46:27.826808798Z: [    0.809792] pci_bus 0000:00: root bus resource [io  0x0d00-0xffff window]
[STDOUT  ] 2018-04-25T13:46:27.826816596Z: [    0.810118] pci_bus 0000:00: root bus resource [mem 0x000a0000-0x000bffff window]
[STDOUT  ] 2018-04-25T13:46:27.826824427Z: [    0.810482] pci_bus 0000:00: root bus resource [mem 0xc0000000-0xfebfffff window]
[STDOUT  ] 2018-04-25T13:46:27.826832269Z: [    0.810980] pci_bus 0000:00: root bus resource [bus 00-ff]
[STDOUT  ] 2018-04-25T13:46:27.826840066Z: [    0.971788] pci 0000:00:1f.0: quirk: [io  0x0600-0x067f] claimed by ICH6 ACPI/GPIO/TCO
[STDOUT  ] 2018-04-25T13:46:27.826847990Z: [    1.068193] ACPI: PCI Interrupt Link [LNKA] (IRQs 5 *10 11)
[STDOUT  ] 2018-04-25T13:46:27.826856064Z: [    1.071421] ACPI: PCI Interrupt Link [LNKB] (IRQs 5 *10 11)
[STDOUT  ] 2018-04-25T13:46:27.826867548Z: [    1.073015] ACPI: PCI Interrupt Link [LNKC] (IRQs 5 10 *11)
[STDOUT  ] 2018-04-25T13:46:27.826876354Z: [    1.074404] ACPI: PCI Interrupt Link [LNKD] (IRQs 5 10 *11)
[STDOUT  ] 2018-04-25T13:46:27.826887157Z: [    1.075597] ACPI: PCI Interrupt Link [LNKE] (IRQs 5 *10 11)
[STDOUT  ] 2018-04-25T13:46:27.826895235Z: [    1.076818] ACPI: PCI Interrupt Link [LNKF] (IRQs 5 *10 11)
[STDOUT  ] 2018-04-25T13:46:27.826903289Z: [    1.077927] ACPI: PCI Interrupt Link [LNKG] (IRQs 5 10 *11)
[STDOUT  ] 2018-04-25T13:46:27.826911251Z: [    1.079070] ACPI: PCI Interrupt Link [LNKH] (IRQs 5 10 *11)
[STDOUT  ] 2018-04-25T13:46:27.826919162Z: [    1.080369] ACPI: PCI Interrupt Link [GSIA] (IRQs *16)
[STDOUT  ] 2018-04-25T13:46:27.826927226Z: [    1.080791] ACPI: PCI Interrupt Link [GSIB] (IRQs *17)
[STDOUT  ] 2018-04-25T13:46:27.826935233Z: [    1.081257] ACPI: PCI Interrupt Link [GSIC] (IRQs *18)
[STDOUT  ] 2018-04-25T13:46:27.826943307Z: [    1.081760] ACPI: PCI Interrupt Link [GSID] (IRQs *19)
[STDOUT  ] 2018-04-25T13:46:27.826951118Z: [    1.082231] ACPI: PCI Interrupt Link [GSIE] (IRQs *20)
[STDOUT  ] 2018-04-25T13:46:27.826959088Z: [    1.082686] ACPI: PCI Interrupt Link [GSIF] (IRQs *21)
[STDOUT  ] 2018-04-25T13:46:27.826966976Z: [    1.083144] ACPI: PCI Interrupt Link [GSIG] (IRQs *22)
[STDOUT  ] 2018-04-25T13:46:27.826974851Z: [    1.083598] ACPI: PCI Interrupt Link [GSIH] (IRQs *23)
[STDOUT  ] 2018-04-25T13:46:27.826982718Z: [    1.090100] SCSI subsystem initialized
[STDOUT  ] 2018-04-25T13:46:27.826990721Z: [    1.092349] ACPI: bus type USB registered
[STDOUT  ] 2018-04-25T13:46:27.826998619Z: [    1.093256] usbcore: registered new interface driver usbfs
[STDOUT  ] 2018-04-25T13:46:27.827006565Z: [    1.093976] usbcore: registered new interface driver hub
[STDOUT  ] 2018-04-25T13:46:27.827014386Z: [    1.094763] usbcore: registered new device driver usb
[STDOUT  ] 2018-04-25T13:46:27.827022234Z: [    1.095624] pps_core: LinuxPPS API ver. 1 registered
[STDOUT  ] 2018-04-25T13:46:27.827030147Z: [    1.095879] pps_core: Software ver. 5.3.6 - Copyright 2005-2007 Rodolfo Giometti <giometti@linux.it>
[STDOUT  ] 2018-04-25T13:46:27.827038148Z: [    1.096479] PTP clock support registered
[STDOUT  ] 2018-04-25T13:46:27.827048614Z: [    1.098344] PCI: Using ACPI for IRQ routing
[STDOUT  ] 2018-04-25T13:46:27.827060543Z: [    1.111659] NetLabel: Initializing
[STDOUT  ] 2018-04-25T13:46:27.827068350Z: [    1.111796] NetLabel:  domain hash size = 128
[STDOUT  ] 2018-04-25T13:46:27.827076229Z: [    1.112075] NetLabel:  protocols = UNLABELED CIPSOv4 CALIPSO
[STDOUT  ] 2018-04-25T13:46:27.827084057Z: [    1.114127] NetLabel:  unlabeled traffic allowed by default
[STDOUT  ] 2018-04-25T13:46:27.827093919Z: [    1.115611] HPET: 3 timers in total, 0 timers will be used for per-cpu timer
[STDOUT  ] 2018-04-25T13:46:27.827101879Z: [    1.116300] hpet0: at MMIO 0xfed00000, IRQs 2, 8, 0
[STDOUT  ] 2018-04-25T13:46:27.827109825Z: [    1.116602] hpet0: 3 comparators, 64-bit 100.000000 MHz counter
[STDOUT  ] 2018-04-25T13:46:27.827117705Z: [    1.121628] clocksource: Switched to clocksource hpet
[STDOUT  ] 2018-04-25T13:46:27.827125578Z: [    1.312412] VFS: Disk quotas dquot_6.6.0
[STDOUT  ] 2018-04-25T13:46:27.827133404Z: [    1.313061] VFS: Dquot-cache hash table entries: 512 (order 0, 4096 bytes)
[STDOUT  ] 2018-04-25T13:46:27.827141231Z: [    1.316207] FS-Cache: Loaded
[STDOUT  ] 2018-04-25T13:46:27.827149075Z: [    1.321551] CacheFiles: Loaded
[STDOUT  ] 2018-04-25T13:46:27.827156955Z: [    1.322721] pnp: PnP ACPI init
[STDOUT  ] 2018-04-25T13:46:27.827164787Z: [    1.330986] pnp: PnP ACPI: found 5 devices
[STDOUT  ] 2018-04-25T13:46:27.827172705Z: [    1.360725] clocksource: acpi_pm: mask: 0xffffff max_cycles: 0xffffff, max_idle_ns: 2085701024 ns
[STDOUT  ] 2018-04-25T13:46:27.827180624Z: [    1.363899] NET: Registered protocol family 2
[STDOUT  ] 2018-04-25T13:46:27.827190895Z: [    1.371180] TCP established hash table entries: 8192 (order: 4, 65536 bytes)
[STDOUT  ] 2018-04-25T13:46:27.827204722Z: [    1.371921] TCP bind hash table entries: 8192 (order: 5, 131072 bytes)
[STDOUT  ] 2018-04-25T13:46:27.827212650Z: [    1.372899] TCP: Hash tables configured (established 8192 bind 8192)
[STDOUT  ] 2018-04-25T13:46:27.827220565Z: [    1.374710] UDP hash table entries: 512 (order: 2, 16384 bytes)
[STDOUT  ] 2018-04-25T13:46:27.827230798Z: [    1.375263] UDP-Lite hash table entries: 512 (order: 2, 16384 bytes)
[STDOUT  ] 2018-04-25T13:46:27.827238814Z: [    1.377472] NET: Registered protocol family 1
[STDOUT  ] 2018-04-25T13:46:27.827246667Z: [    1.378430] pci 0000:00:01.0: Video device with shadowed ROM at [mem 0x000c0000-0x000dffff]
[STDOUT  ] 2018-04-25T13:46:27.827254657Z: [    1.383921] Trying to unpack rootfs image as initramfs...
[STDOUT  ] 2018-04-25T13:46:27.827262608Z: [    5.282997] Freeing initrd memory: 27544K
[STDOUT  ] 2018-04-25T13:46:27.827272244Z: [    5.303258] PCLMULQDQ-NI instructions are not detected.
[STDOUT  ] 2018-04-25T13:46:27.827296148Z: [    5.304520] AVX or AES-NI instructions are not detected.
[STDOUT  ] 2018-04-25T13:46:27.827304120Z: [    5.304950] CPU feature 'AVX registers' is not supported.
[STDOUT  ] 2018-04-25T13:46:27.827312044Z: [    5.305293] CPU feature 'AVX registers' is not supported.
[STDOUT  ] 2018-04-25T13:46:27.827319998Z: [    5.305564] CPU feature 'AVX registers' is not supported.
[STDOUT  ] 2018-04-25T13:46:27.827327934Z: [    5.305878] CPU feature 'AVX registers' is not supported.
[STDOUT  ] 2018-04-25T13:46:27.827335864Z: [    5.306172] AVX2 or AES-NI instructions are not detected.
[STDOUT  ] 2018-04-25T13:46:27.827343943Z: [    5.306444] AVX2 instructions are not detected.
[STDOUT  ] 2018-04-25T13:46:27.827351896Z: [    5.311021] audit: initializing netlink subsys (disabled)
[STDOUT  ] 2018-04-25T13:46:27.827359786Z: [    5.315878] audit: type=2000 audit(1524663967.310:1): state=initialized audit_enabled=0 res=1
[STDOUT  ] 2018-04-25T13:46:27.827367708Z: [    5.316919] workingset: timestamp_bits=46 max_order=18 bucket_order=0
[STDOUT  ] 2018-04-25T13:46:27.827375686Z: [    5.321801] squashfs: version 4.0 (2009/01/31) Phillip Lougher
[STDOUT  ] 2018-04-25T13:46:27.827383741Z: [    5.324137] FS-Cache: Netfs 'cifs' registered for caching
[STDOUT  ] 2018-04-25T13:46:27.827391626Z: [    5.324874] fuse init (API version 7.26)
[STDOUT  ] 2018-04-25T13:46:27.827403363Z: [    5.326668] SGI XFS with ACLs, security attributes, no debug enabled
[STDOUT  ] 2018-04-25T13:46:27.827411438Z: [    5.331692] 9p: Installing v9fs 9p2000 file system support
[STDOUT  ] 2018-04-25T13:46:27.827419414Z: [    5.332165] FS-Cache: Netfs '9p' registered for caching
[STDOUT  ] 2018-04-25T13:46:27.827427231Z: [    5.357865] NET: Registered protocol family 38
[STDOUT  ] 2018-04-25T13:46:27.827435149Z: [    5.358391] Key type asymmetric registered
[STDOUT  ] 2018-04-25T13:46:27.827442859Z: [    5.358738] Asymmetric key parser 'x509' registered
[STDOUT  ] 2018-04-25T13:46:27.827452944Z: [    5.359500] Block layer SCSI generic (bsg) driver version 0.4 loaded (major 247)
[STDOUT  ] 2018-04-25T13:46:27.827460795Z: [    5.361721] io scheduler noop registered
[STDOUT  ] 2018-04-25T13:46:27.827468613Z: [    5.362061] io scheduler deadline registered (default)
[STDOUT  ] 2018-04-25T13:46:27.827476623Z: [    5.362857] io scheduler cfq registered
[STDOUT  ] 2018-04-25T13:46:27.827484470Z: [    5.363118] io scheduler mq-deadline registered
[STDOUT  ] 2018-04-25T13:46:27.827492344Z: [    5.363324] io scheduler kyber registered
[STDOUT  ] 2018-04-25T13:46:27.827500173Z: [    5.365835] shpchp: Standard Hot Plug PCI Controller Driver version: 0.4
[STDOUT  ] 2018-04-25T13:46:27.827508100Z: [    5.366498] hv_vmbus: registering driver hyperv_fb
[STDOUT  ] 2018-04-25T13:46:27.827515949Z: [    5.369027] input: Power Button as /devices/LNXSYSTM:00/LNXPWRBN:00/input/input0
[STDOUT  ] 2018-04-25T13:46:27.827523910Z: [    5.372846] ACPI: Power Button [PWRF]
[STDOUT  ] 2018-04-25T13:46:27.827531719Z: [    5.383904] ACPI: PCI Interrupt Link [GSIG] enabled at IRQ 22
[STDOUT  ] 2018-04-25T13:46:27.827542974Z: [    5.393291] ACPI: PCI Interrupt Link [GSIH] enabled at IRQ 23
[STDOUT  ] 2018-04-25T13:46:27.827551009Z: [    5.398739] Serial: 8250/16550 driver, 4 ports, IRQ sharing disabled
[STDOUT  ] 2018-04-25T13:46:27.827558930Z: [    5.423054] 00:04: ttyS0 at I/O 0x3f8 (irq = 4, base_baud = 115200) is a 16550A
[STDOUT  ] 2018-04-25T13:46:27.827566968Z: [    5.431939] Non-volatile memory driver v1.3
[STDOUT  ] 2018-04-25T13:46:27.827574805Z: [    5.437726] Hangcheck: starting hangcheck timer 0.9.1 (tick is 180 seconds, margin is 60 seconds).
[STDOUT  ] 2018-04-25T13:46:27.827582863Z: [    5.451261] random: crng init done
[STDOUT  ] 2018-04-25T13:46:27.827590667Z: [    5.491520] brd: module loaded
[STDOUT  ] 2018-04-25T13:46:27.827600617Z: [    5.514391] loop: module loaded
[STDOUT  ] 2018-04-25T13:46:27.827608578Z: [    5.554457] lpc_ich 0000:00:1f.0: I/O space for GPIO uninitialized
[STDOUT  ] 2018-04-25T13:46:27.827616466Z: [    5.556447] VMware PVSCSI driver - version 1.0.7.0-k
[STDOUT  ] 2018-04-25T13:46:27.827624647Z: [    5.557045] hv_vmbus: registering driver hv_storvsc
[STDOUT  ] 2018-04-25T13:46:27.827632537Z: [    5.563595] ACPI: PCI Interrupt Link [GSIA] enabled at IRQ 16
[STDOUT  ] 2018-04-25T13:46:27.827640408Z: [    5.569381] ahci 0000:00:1f.2: AHCI 0001.0000 32 slots 6 ports 1.5 Gbps 0x3f impl SATA mode
[STDOUT  ] 2018-04-25T13:46:27.827648409Z: [    5.570037] ahci 0000:00:1f.2: flags: 64bit ncq only 
[STDOUT  ] 2018-04-25T13:46:27.827656221Z: [    5.582218] scsi host0: ahci
[STDOUT  ] 2018-04-25T13:46:27.827664180Z: [    5.584645] scsi host1: ahci
