[INFO    ] 2018-12-29T21:39:15.277652027Z: Running Test linuxkit.packages.format_mount.auto in /tmp/build/test/cases/040_packages/006_format_mount/000_auto
[INFO    ] 2018-12-29T21:39:15.277809363Z: Running command: [/bin/sh -x /tmp/build/test/cases/040_packages/006_format_mount/000_auto/test.sh]
[STDERR  ] 2018-12-29T21:39:15.297213330Z: + set -e
[STDERR  ] 2018-12-29T21:39:15.297294968Z: + . /tmp/build/test/cases/_lib/lib.sh
[STDERR  ] 2018-12-29T21:39:15.297313456Z: + [ -f src/github.com/linuxkit/rtf/lib/lib.sh ]
[STDERR  ] 2018-12-29T21:39:15.297326858Z: + LINUXKIT_TMPDIR=/tmp/build/test/cases/_tmp
[STDERR  ] 2018-12-29T21:39:15.297339440Z: + [ -f /tmp/build/test/cases/_tmp/env.sh ]
[STDERR  ] 2018-12-29T21:39:15.297352034Z: + . /tmp/build/test/cases/_tmp/env.sh
[STDERR  ] 2018-12-29T21:39:15.297371825Z: + export LINUXKIT_EXAMPLES_DIR=/tmp/build/test/cases/../../examples
[STDERR  ] 2018-12-29T21:39:15.297384382Z: + RT_CANCEL=253
[STDERR  ] 2018-12-29T21:39:15.297398130Z: + NAME=test-format
[STDERR  ] 2018-12-29T21:39:15.297410354Z: + DISK=disk.img
[STDERR  ] 2018-12-29T21:39:15.297422165Z: + trap clean_up EXIT
[STDERR  ] 2018-12-29T21:39:15.297438968Z: + linuxkit build -format kernel+initrd -name test-format test.yml
[STDERR  ] 2018-12-29T21:39:15.327353744Z: Extract kernel image: linuxkit/kernel:4.14.90
[STDERR  ] 2018-12-29T21:39:17.195508164Z: Add init containers:
[STDERR  ] 2018-12-29T21:39:17.195578638Z: Process init image: linuxkit/init:c563953a2277eb73a89d89f70e4b6dcdcfebc2d1
[STDERR  ] 2018-12-29T21:39:18.376201814Z: Process init image: linuxkit/runc:83d0edb4552b1a5df1f0976f05f442829eac38fe
[STDERR  ] 2018-12-29T21:39:19.511639699Z: Add onboot containers:
[STDERR  ] 2018-12-29T21:39:19.511698655Z:   Create OCI config for linuxkit/format:v0.6
[STDERR  ] 2018-12-29T21:39:20.872496197Z:   Create OCI config for linuxkit/mount:v0.6
[STDERR  ] 2018-12-29T21:39:22.218060955Z:   Create OCI config for alpine:3.8
[STDERR  ] 2018-12-29T21:39:23.389240442Z:   Create OCI config for linuxkit/poweroff:afe8f7dd0d47a7991c54519b0f09124cb8c4e300
[STDERR  ] 2018-12-29T21:39:24.537431084Z: Add files:
[STDERR  ] 2018-12-29T21:39:24.537504438Z:   check.sh
[STDERR  ] 2018-12-29T21:39:24.560741815Z: Create outputs:
[STDERR  ] 2018-12-29T21:39:31.110168308Z:   test-format-kernel test-format-initrd.img test-format-cmdline
[STDERR  ] 2018-12-29T21:39:31.177114535Z: + linuxkit run -disk file=disk.img,size=512M test-format
[STDERR  ] 2018-12-29T21:39:48.117246854Z: + RESULT=[    0.000000] Linux version 4.14.90-linuxkit (root@0ff365c31169) (gcc version 6.4.0 (Alpine 6.4.0)) #1 SMP Sat Dec 22 11:49:10 UTC 2018
[STDERR  ] 2018-12-29T21:39:48.117338827Z: [    0.000000] Command line: console=ttyS0 console=ttyAMA0
[STDERR  ] 2018-12-29T21:39:48.117354929Z: [    0.000000] x86/fpu: x87 FPU will use FXSAVE
[STDERR  ] 2018-12-29T21:39:48.117368408Z: [    0.000000] e820: BIOS-provided physical RAM map:
[STDERR  ] 2018-12-29T21:39:48.117380925Z: [    0.000000] BIOS-e820: [mem 0x0000000000000000-0x000000000009fbff] usable
[STDERR  ] 2018-12-29T21:39:48.117393934Z: [    0.000000] BIOS-e820: [mem 0x000000000009fc00-0x000000000009ffff] reserved
[STDERR  ] 2018-12-29T21:39:48.117405709Z: [    0.000000] BIOS-e820: [mem 0x00000000000f0000-0x00000000000fffff] reserved
[STDERR  ] 2018-12-29T21:39:48.117426133Z: [    0.000000] BIOS-e820: [mem 0x0000000000100000-0x000000003ffdefff] usable
[STDERR  ] 2018-12-29T21:39:48.117437302Z: [    0.000000] BIOS-e820: [mem 0x000000003ffdf000-0x000000003fffffff] reserved
[STDERR  ] 2018-12-29T21:39:48.117450849Z: [    0.000000] BIOS-e820: [mem 0x00000000b0000000-0x00000000bfffffff] reserved
[STDERR  ] 2018-12-29T21:39:48.117461871Z: [    0.000000] BIOS-e820: [mem 0x00000000fed1c000-0x00000000fed1ffff] reserved
[STDERR  ] 2018-12-29T21:39:48.117473169Z: [    0.000000] BIOS-e820: [mem 0x00000000feffc000-0x00000000feffffff] reserved
[STDERR  ] 2018-12-29T21:39:48.117490489Z: [    0.000000] BIOS-e820: [mem 0x00000000fffc0000-0x00000000ffffffff] reserved
[STDERR  ] 2018-12-29T21:39:48.117501328Z: [    0.000000] NX (Execute Disable) protection: active
[STDERR  ] 2018-12-29T21:39:48.117532272Z: [    0.000000] SMBIOS 2.8 present.
[STDERR  ] 2018-12-29T21:39:48.117546323Z: [    0.000000] DMI: QEMU Standard PC (Q35 + ICH9, 2009), BIOS 1.10.2-1 04/01/2014
[STDERR  ] 2018-12-29T21:39:48.117560229Z: [    0.000000] Hypervisor detected: KVM
[STDERR  ] 2018-12-29T21:39:48.117575448Z: [    0.000000] tsc: Fast TSC calibration failed
[STDERR  ] 2018-12-29T21:39:48.117587441Z: [    0.000000] tsc: Unable to calibrate against PIT
[STDERR  ] 2018-12-29T21:39:48.117599344Z: [    0.000000] tsc: No reference (HPET/PMTIMER) available
[STDERR  ] 2018-12-29T21:39:48.117611097Z: [    0.000000] e820: last_pfn = 0x3ffdf max_arch_pfn = 0x400000000
[STDERR  ] 2018-12-29T21:39:48.117624460Z: [    0.000000] x86/PAT: PAT not supported by CPU.
[STDERR  ] 2018-12-29T21:39:48.117637107Z: [    0.000000] x86/PAT: Configuration [0-7]: WB  WT  UC- UC  WB  WT  UC- UC  
[STDERR  ] 2018-12-29T21:39:48.117650173Z: [    0.000000] found SMP MP-table at [mem 0x000f6a90-0x000f6a9f] mapped at [ffffffffff200a90]
[STDERR  ] 2018-12-29T21:39:48.117662521Z: [    0.000000] RAMDISK: [mem 0x3db11000-0x3ffcffff]
[STDERR  ] 2018-12-29T21:39:48.117674109Z: [    0.000000] ACPI: Early table checksum verification disabled
[STDERR  ] 2018-12-29T21:39:48.117685924Z: [    0.000000] ACPI: RSDP 0x00000000000F68D0 000014 (v00 BOCHS )
[STDERR  ] 2018-12-29T21:39:48.117697495Z: [    0.000000] ACPI: RSDT 0x000000003FFE2404 000034 (v01 BOCHS  BXPCRSDT 00000001 BXPC 00000001)
[STDERR  ] 2018-12-29T21:39:48.117709531Z: [    0.000000] ACPI: FACP 0x000000003FFE22A4 000074 (v01 BOCHS  BXPCFACP 00000001 BXPC 00000001)
[STDERR  ] 2018-12-29T21:39:48.117721350Z: [    0.000000] ACPI: DSDT 0x000000003FFE0040 002264 (v01 BOCHS  BXPCDSDT 00000001 BXPC 00000001)
[STDERR  ] 2018-12-29T21:39:48.117733059Z: [    0.000000] ACPI: FACS 0x000000003FFE0000 000040
[STDERR  ] 2018-12-29T21:39:48.117744905Z: [    0.000000] ACPI: APIC 0x000000003FFE2318 000078 (v01 BOCHS  BXPCAPIC 00000001 BXPC 00000001)
[STDERR  ] 2018-12-29T21:39:48.117756865Z: [    0.000000] ACPI: HPET 0x000000003FFE2390 000038 (v01 BOCHS  BXPCHPET 00000001 BXPC 00000001)
[STDERR  ] 2018-12-29T21:39:48.117768423Z: [    0.000000] ACPI: MCFG 0x000000003FFE23C8 00003C (v01 BOCHS  BXPCMCFG 00000001 BXPC 00000001)
[STDERR  ] 2018-12-29T21:39:48.117782470Z: [    0.000000] kvm-clock: Using msrs 4b564d01 and 4b564d00
[STDERR  ] 2018-12-29T21:39:48.117794230Z: [    0.000000] kvm-clock: cpu 0, msr 0:3ffdd001, primary cpu clock
[STDERR  ] 2018-12-29T21:39:48.117812061Z: [    0.000000] clocksource: kvm-clock: mask: 0xffffffffffffffff max_cycles: 0x1cd42e4dffb, max_idle_ns: 881590591483 ns
[STDERR  ] 2018-12-29T21:39:48.117824792Z: [    0.000000] Zone ranges:
[STDERR  ] 2018-12-29T21:39:48.117836044Z: [    0.000000]   DMA      [mem 0x0000000000001000-0x0000000000ffffff]
[STDERR  ] 2018-12-29T21:39:48.117847093Z: [    0.000000]   DMA32    [mem 0x0000000001000000-0x000000003ffdefff]
[STDERR  ] 2018-12-29T21:39:48.117858517Z: [    0.000000]   Normal   empty
[STDERR  ] 2018-12-29T21:39:48.117870151Z: [    0.000000]   Device   empty
[STDERR  ] 2018-12-29T21:39:48.117881856Z: [    0.000000] Movable zone start for each node
[STDERR  ] 2018-12-29T21:39:48.117895758Z: [    0.000000] Early memory node ranges
[STDERR  ] 2018-12-29T21:39:48.117907381Z: [    0.000000]   node   0: [mem 0x0000000000001000-0x000000000009efff]
[STDERR  ] 2018-12-29T21:39:48.117919224Z: [    0.000000]   node   0: [mem 0x0000000000100000-0x000000003ffdefff]
[STDERR  ] 2018-12-29T21:39:48.117934335Z: [    0.000000] Initmem setup node 0 [mem 0x0000000000001000-0x000000003ffdefff]
[STDERR  ] 2018-12-29T21:39:48.117946512Z: [    0.000000] ACPI: PM-Timer IO Port: 0x608
[STDERR  ] 2018-12-29T21:39:48.117958240Z: [    0.000000] ACPI: LAPIC_NMI (acpi_id[0xff] dfl dfl lint[0x1])
[STDERR  ] 2018-12-29T21:39:48.117970825Z: [    0.000000] IOAPIC[0]: apic_id 0, version 17, address 0xfec00000, GSI 0-23
[STDERR  ] 2018-12-29T21:39:48.117983215Z: [    0.000000] ACPI: INT_SRC_OVR (bus 0 bus_irq 0 global_irq 2 dfl dfl)
[STDERR  ] 2018-12-29T21:39:48.117995922Z: [    0.000000] ACPI: INT_SRC_OVR (bus 0 bus_irq 5 global_irq 5 high level)
[STDERR  ] 2018-12-29T21:39:48.118011676Z: [    0.000000] ACPI: INT_SRC_OVR (bus 0 bus_irq 9 global_irq 9 high level)
[STDERR  ] 2018-12-29T21:39:48.118023236Z: [    0.000000] ACPI: INT_SRC_OVR (bus 0 bus_irq 10 global_irq 10 high level)
[STDERR  ] 2018-12-29T21:39:48.118035370Z: [    0.000000] ACPI: INT_SRC_OVR (bus 0 bus_irq 11 global_irq 11 high level)
[STDERR  ] 2018-12-29T21:39:48.118048141Z: [    0.000000] Using ACPI (MADT) for SMP configuration information
[STDERR  ] 2018-12-29T21:39:48.118061118Z: [    0.000000] ACPI: HPET id: 0x8086a201 base: 0xfed00000
[STDERR  ] 2018-12-29T21:39:48.118074017Z: [    0.000000] smpboot: Allowing 1 CPUs, 0 hotplug CPUs
[STDERR  ] 2018-12-29T21:39:48.118088787Z: [    0.000000] e820: [mem 0x40000000-0xafffffff] available for PCI devices
[STDERR  ] 2018-12-29T21:39:48.118100174Z: [    0.000000] Booting paravirtualized kernel on KVM
[STDERR  ] 2018-12-29T21:39:48.118112116Z: [    0.000000] clocksource: refined-jiffies: mask: 0xffffffff max_cycles: 0xffffffff, max_idle_ns: 1910969940391419 ns
[STDERR  ] 2018-12-29T21:39:48.118123100Z: [    0.000000] random: get_random_bytes called from start_kernel+0x92/0x4d1 with crng_init=0
[STDERR  ] 2018-12-29T21:39:48.118134977Z: [    0.000000] setup_percpu: NR_CPUS:128 nr_cpumask_bits:128 nr_cpu_ids:1 nr_node_ids:1
[STDERR  ] 2018-12-29T21:39:48.118145901Z: [    0.000000] percpu: Embedded 45 pages/cpu @ffff9e0bbd800000 s144216 r8192 d31912 u2097152
[STDERR  ] 2018-12-29T21:39:48.118158398Z: [    0.000000] KVM setup async PF for cpu 0
[STDERR  ] 2018-12-29T21:39:48.118170858Z: [    0.000000] kvm-stealtime: cpu 0, msr 3d815f40
[STDERR  ] 2018-12-29T21:39:48.118183062Z: [    0.000000] Built 1 zonelists, mobility grouping on.  Total pages: 257896
[STDERR  ] 2018-12-29T21:39:48.118194831Z: [    0.000000] Kernel command line: console=ttyS0 console=ttyAMA0
[STDERR  ] 2018-12-29T21:39:48.118205954Z: [    0.000000] PID hash table entries: 4096 (order: 3, 32768 bytes)
[STDERR  ] 2018-12-29T21:39:48.118216064Z: [    0.000000] Dentry cache hash table entries: 131072 (order: 8, 1048576 bytes)
[STDERR  ] 2018-12-29T21:39:48.118226589Z: [    0.000000] Inode-cache hash table entries: 65536 (order: 7, 524288 bytes)
[STDERR  ] 2018-12-29T21:39:48.118240577Z: [    0.000000] Memory: 967228K/1048052K available (12300K kernel code, 1451K rwdata, 2964K rodata, 1536K init, 580K bss, 80824K reserved, 0K cma-reserved)
[STDERR  ] 2018-12-29T21:39:48.118258661Z: [    0.000000] Kernel/User page tables isolation: enabled
[STDERR  ] 2018-12-29T21:39:48.118273822Z: [    0.000000] ftrace: allocating 40613 entries in 159 pages
[STDERR  ] 2018-12-29T21:39:48.118285952Z: [    0.001000] Hierarchical RCU implementation.
[STDERR  ] 2018-12-29T21:39:48.118300099Z: [    0.001000] 	RCU restricting CPUs from NR_CPUS=128 to nr_cpu_ids=1.
[STDERR  ] 2018-12-29T21:39:48.118332996Z: [    0.001000] RCU: Adjusting geometry for rcu_fanout_leaf=16, nr_cpu_ids=1
[STDERR  ] 2018-12-29T21:39:48.118345201Z: [    0.001000] NR_IRQS: 8448, nr_irqs: 256, preallocated irqs: 16
[STDERR  ] 2018-12-29T21:39:48.118357119Z: [    0.001000] Console: colour VGA+ 80x25
[STDERR  ] 2018-12-29T21:39:48.118369631Z: [    0.001000] console [ttyS0] enabled
[STDERR  ] 2018-12-29T21:39:48.118381697Z: [    0.001000] clocksource: hpet: mask: 0xffffffff max_cycles: 0xffffffff, max_idle_ns: 19112604467 ns
[STDERR  ] 2018-12-29T21:39:48.118400330Z: [    0.001024] tsc: Detected 2299.848 MHz processor
[STDERR  ] 2018-12-29T21:39:48.118412119Z: [    0.002029] Calibrating delay loop (skipped) preset value.. 4599.69 BogoMIPS (lpj=2299848)
[STDERR  ] 2018-12-29T21:39:48.118425147Z: [    0.003033] pid_max: default: 32768 minimum: 301
[STDERR  ] 2018-12-29T21:39:48.118437544Z: [    0.004049] ACPI: Core revision 20170728
[STDERR  ] 2018-12-29T21:39:48.118453769Z: [    0.006709] ACPI: 1 ACPI AML tables successfully acquired and loaded
[STDERR  ] 2018-12-29T21:39:48.118465742Z: [    0.007099] Security Framework initialized
[STDERR  ] 2018-12-29T21:39:48.118485637Z: [    0.008024] Yama: becoming mindful.
[STDERR  ] 2018-12-29T21:39:48.118517799Z: [    0.009062] Mount-cache hash table entries: 2048 (order: 2, 16384 bytes)
[STDERR  ] 2018-12-29T21:39:48.118530203Z: [    0.010028] Mountpoint-cache hash table entries: 2048 (order: 2, 16384 bytes)
[STDERR  ] 2018-12-29T21:39:48.118548974Z: [    0.013064] Last level iTLB entries: 4KB 0, 2MB 0, 4MB 0
[STDERR  ] 2018-12-29T21:39:48.118564054Z: [    0.014033] Last level dTLB entries: 4KB 0, 2MB 0, 4MB 0, 1GB 0
[STDERR  ] 2018-12-29T21:39:48.118579744Z: [    0.015026] Spectre V2 : Mitigation: Full generic retpoline
[STDERR  ] 2018-12-29T21:39:48.118591929Z: [    0.016023] Spectre V2 : Spectre v2 / SpectreRSB mitigation: Filling RSB on context switch
[STDERR  ] 2018-12-29T21:39:48.118604440Z: [    0.017024] Speculative Store Bypass: Vulnerable
[STDERR  ] 2018-12-29T21:39:48.118622261Z: [    0.026417] Freeing SMP alternatives memory: 20K
[STDERR  ] 2018-12-29T21:39:48.118633823Z: [    0.027529] smpboot: Max logical packages: 1
[STDERR  ] 2018-12-29T21:39:48.118646086Z: [    0.031354] x2apic enabled
[STDERR  ] 2018-12-29T21:39:48.118662233Z: [    0.032024] Switched APIC routing to physical x2apic.
[STDERR  ] 2018-12-29T21:39:48.118674021Z: [    0.044673] ..TIMER: vector=0x30 apic1=0 pin1=2 apic2=-1 pin2=-1
[STDERR  ] 2018-12-29T21:39:48.118686268Z: [    0.045000] smpboot: CPU0: Intel QEMU Virtual CPU version 2.5+ (family: 0x6, model: 0x6, stepping: 0x3)
[STDERR  ] 2018-12-29T21:39:48.118706558Z: [    0.045114] Performance Events: PMU not available due to virtualization, using software events only.
[STDERR  ] 2018-12-29T21:39:48.118718613Z: [    0.048346] Hierarchical SRCU implementation.
[STDERR  ] 2018-12-29T21:39:48.118734612Z: [    0.049116] NMI watchdog: Perf event create on CPU 0 failed with -2
[STDERR  ] 2018-12-29T21:39:48.118746612Z: [    0.050005] NMI watchdog: Perf NMI watchdog permanently disabled
[STDERR  ] 2018-12-29T21:39:48.118758392Z: [    0.051075] smp: Bringing up secondary CPUs ...
[STDERR  ] 2018-12-29T21:39:48.118774729Z: [    0.052005] smp: Brought up 1 node, 1 CPU
[STDERR  ] 2018-12-29T21:39:48.118789475Z: [    0.053008] smpboot: Total of 1 processors activated (4599.69 BogoMIPS)
[STDERR  ] 2018-12-29T21:39:48.118801557Z: [    0.057197] devtmpfs: initialized
[STDERR  ] 2018-12-29T21:39:48.118813652Z: [    0.058063] x86/mm: Memory block size: 128MB
[STDERR  ] 2018-12-29T21:39:48.118831201Z: [    0.059237] evm: security.ima
[STDERR  ] 2018-12-29T21:39:48.118852065Z: [    0.060012] evm: security.capability
[STDERR  ] 2018-12-29T21:39:48.118863704Z: [    0.061159] clocksource: jiffies: mask: 0xffffffff max_cycles: 0xffffffff, max_idle_ns: 1911260446275000 ns
[STDERR  ] 2018-12-29T21:39:48.118881394Z: [    0.062014] futex hash table entries: 256 (order: 2, 16384 bytes)
[STDERR  ] 2018-12-29T21:39:48.118893104Z: [    0.063212] NET: Registered protocol family 16
[STDERR  ] 2018-12-29T21:39:48.118904939Z: [    0.064197] cpuidle: using governor ladder
[STDERR  ] 2018-12-29T21:39:48.118916791Z: [    0.065007] cpuidle: using governor menu
[STDERR  ] 2018-12-29T21:39:48.118932297Z: [    0.067009] ACPI: bus type PCI registered
[STDERR  ] 2018-12-29T21:39:48.118944132Z: [    0.069305] PCI: MMCONFIG for domain 0000 [bus 00-ff] at [mem 0xb0000000-0xbfffffff] (base 0xb0000000)
[STDERR  ] 2018-12-29T21:39:48.118956003Z: [    0.070009] PCI: MMCONFIG at [mem 0xb0000000-0xbfffffff] reserved in E820
[STDERR  ] 2018-12-29T21:39:48.118971790Z: [    0.072023] PCI: Using configuration type 1 for base access
[STDERR  ] 2018-12-29T21:39:48.118983259Z: [    0.075278] HugeTLB registered 2.00 MiB page size, pre-allocated 0 pages
[STDERR  ] 2018-12-29T21:39:48.118995393Z: [    0.077042] ACPI: Added _OSI(Module Device)
[STDERR  ] 2018-12-29T21:39:48.119007234Z: [    0.078006] ACPI: Added _OSI(Processor Device)
[STDERR  ] 2018-12-29T21:39:48.119019321Z: [    0.079006] ACPI: Added _OSI(3.0 _SCP Extensions)
[STDERR  ] 2018-12-29T21:39:48.119036543Z: [    0.080005] ACPI: Added _OSI(Processor Aggregator Device)
[STDERR  ] 2018-12-29T21:39:48.119050439Z: [    0.085172] ACPI: Interpreter enabled
[STDERR  ] 2018-12-29T21:39:48.119071386Z: [    0.086014] ACPI: (supports S0 S5)
[STDERR  ] 2018-12-29T21:39:48.119087198Z: [    0.087004] ACPI: Using IOAPIC for interrupt routing
[STDERR  ] 2018-12-29T21:39:48.119099015Z: [    0.088059] PCI: Using host bridge windows from ACPI; if necessary, use "pci=nocrs" and report a bug
[STDERR  ] 2018-12-29T21:39:48.119116605Z: [    0.090337] ACPI: Enabled 2 GPEs in block 00 to 3F
[STDERR  ] 2018-12-29T21:39:48.119130550Z: [    0.095119] ACPI: PCI Root Bridge [PCI0] (domain 0000 [bus 00-ff])
[STDERR  ] 2018-12-29T21:39:48.119144846Z: [    0.096019] acpi PNP0A08:00: _OSC: OS supports [ExtendedConfig ASPM ClockPM Segments MSI]
[STDERR  ] 2018-12-29T21:39:48.119160932Z: [    0.097149] acpi PNP0A08:00: _OSC: OS now controls [PCIeHotplug PME PCIeCapability]
[STDERR  ] 2018-12-29T21:39:48.119173025Z: [    0.099018] PCI host bridge to bus 0000:00
[STDERR  ] 2018-12-29T21:39:48.119184993Z: [    0.100008] pci_bus 0000:00: root bus resource [io  0x0000-0x0cf7 window]
[STDERR  ] 2018-12-29T21:39:48.119202140Z: [    0.101008] pci_bus 0000:00: root bus resource [io  0x0d00-0xffff window]
[STDERR  ] 2018-12-29T21:39:48.119213764Z: [    0.102007] pci_bus 0000:00: root bus resource [mem 0x000a0000-0x000bffff window]
[STDERR  ] 2018-12-29T21:39:48.119229190Z: [    0.103007] pci_bus 0000:00: root bus resource [mem 0xc0000000-0xfebfffff window]
[STDERR  ] 2018-12-29T21:39:48.119240926Z: [    0.104007] pci_bus 0000:00: root bus resource [bus 00-ff]
[STDERR  ] 2018-12-29T21:39:48.119252840Z: [    0.172907] pci 0000:00:1f.0: quirk: [io  0x0600-0x067f] claimed by ICH6 ACPI/GPIO/TCO
[STDERR  ] 2018-12-29T21:39:48.119264730Z: [    0.198942] ACPI: PCI Interrupt Link [LNKA] (IRQs 5 *10 11)
[STDERR  ] 2018-12-29T21:39:48.119281950Z: [    0.199305] ACPI: PCI Interrupt Link [LNKB] (IRQs 5 *10 11)
[STDERR  ] 2018-12-29T21:39:48.119293638Z: [    0.200305] ACPI: PCI Interrupt Link [LNKC] (IRQs 5 10 *11)
[STDERR  ] 2018-12-29T21:39:48.119305599Z: [    0.202323] ACPI: PCI Interrupt Link [LNKD] (IRQs 5 10 *11)
[STDERR  ] 2018-12-29T21:39:48.119322135Z: [    0.204020] ACPI: PCI Interrupt Link [LNKE] (IRQs 5 *10 11)
[STDERR  ] 2018-12-29T21:39:48.119334285Z: [    0.205303] ACPI: PCI Interrupt Link [LNKF] (IRQs 5 *10 11)
[STDERR  ] 2018-12-29T21:39:48.119349365Z: [    0.206304] ACPI: PCI Interrupt Link [LNKG] (IRQs 5 10 *11)
[STDERR  ] 2018-12-29T21:39:48.119366087Z: [    0.208171] ACPI: PCI Interrupt Link [LNKH] (IRQs 5 10 *11)
[STDERR  ] 2018-12-29T21:39:48.119385828Z: [    0.209168] ACPI: PCI Interrupt Link [GSIA] (IRQs *16)
[STDERR  ] 2018-12-29T21:39:48.119399379Z: [    0.210024] ACPI: PCI Interrupt Link [GSIB] (IRQs *17)
[STDERR  ] 2018-12-29T21:39:48.119414403Z: [    0.211022] ACPI: PCI Interrupt Link [GSIC] (IRQs *18)
[STDERR  ] 2018-12-29T21:39:48.119431469Z: [    0.212025] ACPI: PCI Interrupt Link [GSID] (IRQs *19)
[STDERR  ] 2018-12-29T21:39:48.119443129Z: [    0.213028] ACPI: PCI Interrupt Link [GSIE] (IRQs *20)
[STDERR  ] 2018-12-29T21:39:48.119457570Z: [    0.214025] ACPI: PCI Interrupt Link [GSIF] (IRQs *21)
[STDERR  ] 2018-12-29T21:39:48.119468903Z: [    0.215020] ACPI: PCI Interrupt Link [GSIG] (IRQs *22)
[STDERR  ] 2018-12-29T21:39:48.119494359Z: [    0.216023] ACPI: PCI Interrupt Link [GSIH] (IRQs *23)
[STDERR  ] 2018-12-29T21:39:48.119516252Z: [    0.217393] SCSI subsystem initialized
[STDERR  ] 2018-12-29T21:39:48.119528609Z: [    0.218114] ACPI: bus type USB registered
[STDERR  ] 2018-12-29T21:39:48.119542622Z: [    0.219053] usbcore: registered new interface driver usbfs
[STDERR  ] 2018-12-29T21:39:48.119560970Z: [    0.220031] usbcore: registered new interface driver hub
[STDERR  ] 2018-12-29T21:39:48.119572528Z: [    0.221030] usbcore: registered new device driver usb
[STDERR  ] 2018-12-29T21:39:48.119584790Z: [    0.222038] pps_core: LinuxPPS API ver. 1 registered
[STDERR  ] 2018-12-29T21:39:48.119597107Z: [    0.223003] pps_core: Software ver. 5.3.6 - Copyright 2005-2007 Rodolfo Giometti <giometti@linux.it>
[STDERR  ] 2018-12-29T21:39:48.119611450Z: [    0.224021] PTP clock support registered
[STDERR  ] 2018-12-29T21:39:48.119630585Z: [    0.225087] PCI: Using ACPI for IRQ routing
[STDERR  ] 2018-12-29T21:39:48.119646267Z: [    0.706682] NetLabel: Initializing
[STDERR  ] 2018-12-29T21:39:48.119658172Z: [    0.707003] NetLabel:  domain hash size = 128
[STDERR  ] 2018-12-29T21:39:48.119675461Z: [    0.708003] NetLabel:  protocols = UNLABELED CIPSOv4 CALIPSO
[STDERR  ] 2018-12-29T21:39:48.119689277Z: [    0.709037] NetLabel:  unlabeled traffic allowed by default
[STDERR  ] 2018-12-29T21:39:48.119701285Z: [    0.710175] HPET: 3 timers in total, 0 timers will be used for per-cpu timer
[STDERR  ] 2018-12-29T21:39:48.119714486Z: [    0.711167] hpet0: at MMIO 0xfed00000, IRQs 2, 8, 0
[STDERR  ] 2018-12-29T21:39:48.119726284Z: [    0.712007] hpet0: 3 comparators, 64-bit 100.000000 MHz counter
[STDERR  ] 2018-12-29T21:39:48.119742367Z: [    0.715041] clocksource: Switched to clocksource kvm-clock
[STDERR  ] 2018-12-29T21:39:48.119754153Z: [    0.739537] VFS: Disk quotas dquot_6.6.0
[STDERR  ] 2018-12-29T21:39:48.119766132Z: [    0.743479] VFS: Dquot-cache hash table entries: 512 (order 0, 4096 bytes)
[STDERR  ] 2018-12-29T21:39:48.119784014Z: [    0.750278] FS-Cache: Loaded
[STDERR  ] 2018-12-29T21:39:48.119796821Z: [    0.753194] CacheFiles: Loaded
[STDERR  ] 2018-12-29T21:39:48.119808566Z: [    0.756262] pnp: PnP ACPI init
[STDERR  ] 2018-12-29T21:39:48.119822385Z: [    0.760478] pnp: PnP ACPI: found 5 devices
[STDERR  ] 2018-12-29T21:39:48.119833790Z: [    0.770714] clocksource: acpi_pm: mask: 0xffffff max_cycles: 0xffffff, max_idle_ns: 2085701024 ns
[STDERR  ] 2018-12-29T21:39:48.119852847Z: [    0.779299] NET: Registered protocol family 2
[STDERR  ] 2018-12-29T21:39:48.119864619Z: [    0.783740] TCP established hash table entries: 8192 (order: 4, 65536 bytes)
[STDERR  ] 2018-12-29T21:39:48.119876491Z: [    0.790507] TCP bind hash table entries: 8192 (order: 5, 131072 bytes)
[STDERR  ] 2018-12-29T21:39:48.119891632Z: [    0.797434] TCP: Hash tables configured (established 8192 bind 8192)
[STDERR  ] 2018-12-29T21:39:48.119905422Z: [    0.803619] UDP hash table entries: 512 (order: 2, 16384 bytes)
[STDERR  ] 2018-12-29T21:39:48.119917755Z: [    0.809305] UDP-Lite hash table entries: 512 (order: 2, 16384 bytes)
[STDERR  ] 2018-12-29T21:39:48.119931656Z: [    0.815620] NET: Registered protocol family 1
[STDERR  ] 2018-12-29T21:39:48.119943242Z: [    0.820195] pci 0000:00:01.0: Video device with shadowed ROM at [mem 0x000c0000-0x000dffff]
[STDERR  ] 2018-12-29T21:39:48.119957593Z: [    0.828552] Trying to unpack rootfs image as initramfs...
[STDERR  ] 2018-12-29T21:39:48.119967875Z: [    1.553171] Freeing initrd memory: 37628K
[STDERR  ] 2018-12-29T21:39:48.119978720Z: [    1.557246] clocksource: tsc: mask: 0xffffffffffffffff max_cycles: 0x2126a59471c, max_idle_ns: 440795280417 ns
[STDERR  ] 2018-12-29T21:39:48.119990870Z: [    1.567402] PCLMULQDQ-NI instructions are not detected.
[STDERR  ] 2018-12-29T21:39:48.120002839Z: [    1.572520] AVX or AES-NI instructions are not detected.
[STDERR  ] 2018-12-29T21:39:48.120014988Z: [    1.577656] CPU feature 'AVX registers' is not supported.
[STDERR  ] 2018-12-29T21:39:48.120027517Z: [    1.582980] CPU feature 'AVX registers' is not supported.
[STDERR  ] 2018-12-29T21:39:48.120039872Z: [    1.588189] CPU feature 'AVX registers' is not supported.
[STDERR  ] 2018-12-29T21:39:48.120052065Z: [    1.593364] CPU feature 'AVX registers' is not supported.
[STDERR  ] 2018-12-29T21:39:48.120065933Z: [    1.598633] AVX2 or AES-NI instructions are not detected.
[STDERR  ] 2018-12-29T21:39:48.120079479Z: [    1.603357] AVX2 instructions are not detected.
[STDERR  ] 2018-12-29T21:39:48.120091421Z: [    1.607458] audit: initializing netlink subsys (disabled)
[STDERR  ] 2018-12-29T21:39:48.120103650Z: [    1.612595] audit: type=2000 audit(1546119573.645:1): state=initialized audit_enabled=0 res=1
[STDERR  ] 2018-12-29T21:39:48.120119751Z: [    1.620036] workingset: timestamp_bits=46 max_order=18 bucket_order=0
[STDERR  ] 2018-12-29T21:39:48.120133388Z: [    1.625962] squashfs: version 4.0 (2009/01/31) Phillip Lougher
[STDERR  ] 2018-12-29T21:39:48.120154825Z: [    1.631128] FS-Cache: Netfs 'cifs' registered for caching
[STDERR  ] 2018-12-29T21:39:48.120166937Z: [    1.635830] fuse init (API version 7.26)
[STDERR  ] 2018-12-29T21:39:48.120179130Z: [    1.639370] SGI XFS with ACLs, security attributes, no debug enabled
[STDERR  ] 2018-12-29T21:39:48.120191778Z: [    1.645064] 9p: Installing v9fs 9p2000 file system support
[STDERR  ] 2018-12-29T21:39:48.120203573Z: [    1.649886] FS-Cache: Netfs '9p' registered for caching
[STDERR  ] 2018-12-29T21:39:48.120215626Z: [    1.655635] NET: Registered protocol family 38
[STDERR  ] 2018-12-29T21:39:48.120227850Z: [    1.659541] Key type asymmetric registered
[STDERR  ] 2018-12-29T21:39:48.120242423Z: [    1.663242] Asymmetric key parser 'x509' registered
[STDERR  ] 2018-12-29T21:39:48.120253975Z: [    1.667541] Block layer SCSI generic (bsg) driver version 0.4 loaded (major 247)
[STDERR  ] 2018-12-29T21:39:48.120266230Z: [    1.673899] io scheduler noop registered
[STDERR  ] 2018-12-29T21:39:48.120280641Z: [    1.677318] io scheduler deadline registered (default)
[STDERR  ] 2018-12-29T21:39:48.120297545Z: [    1.681768] io scheduler cfq registered
[STDERR  ] 2018-12-29T21:39:48.120308843Z: [    1.685120] io scheduler mq-deadline registered
[STDERR  ] 2018-12-29T21:39:48.120320830Z: [    1.689058] io scheduler kyber registered
[STDERR  ] 2018-12-29T21:39:48.120332973Z: [    1.692632] shpchp: Standard Hot Plug PCI Controller Driver version: 0.4
[STDERR  ] 2018-12-29T21:39:48.120345176Z: [    1.698415] hv_vmbus: registering driver hyperv_fb
[STDERR  ] 2018-12-29T21:39:48.120356831Z: [    1.702650] input: Power Button as /devices/LNXSYSTM:00/LNXPWRBN:00/input/input0
[STDERR  ] 2018-12-29T21:39:48.120369640Z: [    1.708995] ACPI: Power Button [PWRF]
[STDERR  ] 2018-12-29T21:39:48.120381296Z: [    1.713080] ACPI: PCI Interrupt Link [GSIG] enabled at IRQ 22
[STDERR  ] 2018-12-29T21:39:48.120393402Z: [    1.724155] ACPI: PCI Interrupt Link [GSIH] enabled at IRQ 23
[STDERR  ] 2018-12-29T21:39:48.120405251Z: [    1.735112] Serial: 8250/16550 driver, 4 ports, IRQ sharing disabled
[STDERR  ] 2018-12-29T21:39:48.120421291Z: [    1.777719] 00:04: ttyS0 at I/O 0x3f8 (irq = 4, base_baud = 115200) is a 16550A
[STDERR  ] 2018-12-29T21:39:48.120432784Z: [    1.785672] Non-volatile memory driver v1.3
[STDERR  ] 2018-12-29T21:39:48.120444726Z: [    1.791454] Hangcheck: starting hangcheck timer 0.9.1 (tick is 180 seconds, margin is 60 seconds).
[STDERR  ] 2018-12-29T21:39:48.120462980Z: [    1.800282] random: fast init done
[STDERR  ] 2018-12-29T21:39:48.120474053Z: [    1.804549] random: crng init done
[STDERR  ] 2018-12-29T21:39:48.120497250Z: [    1.809076] brd: module loaded
[STDERR  ] 2018-12-29T21:39:48.120523333Z: [    1.814374] loop: module loaded
[STDERR  ] 2018-12-29T21:39:48.120539335Z: [    1.820978] lpc_ich 0000:00:1f.0: I/O space for GPIO uninitialized
[STDERR  ] 2018-12-29T21:39:48.120551246Z: [    1.827118] VMware PVSCSI driver - version 1.0.7.0-k
[STDERR  ] 2018-12-29T21:39:48.120565732Z: [    1.831917] hv_vmbus: registering driver hv_storvsc
[STDERR  ] 2018-12-29T21:39:48.120580594Z: [    1.837263] ACPI: PCI Interrupt Link [GSIA] enabled at IRQ 16
[STDERR  ] 2018-12-29T21:39:48.120592135Z: [    1.846395] ahci 0000:00:1f.2: AHCI 0001.0000 32 slots 6 ports 1.5 Gbps 0x3f impl SATA mode
[STDERR  ] 2018-12-29T21:39:48.120608620Z: [    1.854385] ahci 0000:00:1f.2: flags: 64bit ncq only 
[STDERR  ] 2018-12-29T21:39:48.120620306Z: [    1.863212] scsi host0: ahci
[STDERR  ] 2018-12-29T21:39:48.120632365Z: [    1.866180] scsi host1: ahci
[STDERR  ] 2018-12-29T21:39:48.120644293Z: [    1.869158] scsi host2: ahci
[STDERR  ] 2018-12-29T21:39:48.120658033Z: [    1.872130] scsi host3: ahci
[STDERR  ] 2018-12-29T21:39:48.120669970Z: [    1.875180] scsi host4: ahci
[STDERR  ] 2018-12-29T21:39:48.120681810Z: [    1.878147] scsi host5: ahci
[STDERR  ] 2018-12-29T21:39:48.120695857Z: [    1.881101] ata1: SATA max UDMA/133 abar m4096@0xfebd2000 port 0xfebd2100 irq 24
[STDERR  ] 2018-12-29T21:39:48.120713053Z: [    1.888233] ata2: SATA max UDMA/133 abar m4096@0xfebd2000 port 0xfebd2180 irq 24
[STDERR  ] 2018-12-29T21:39:48.120724687Z: [    1.895371] ata3: SATA max UDMA/133 abar m4096@0xfebd2000 port 0xfebd2200 irq 24
[STDERR  ] 2018-12-29T21:39:48.120738858Z: [    1.902668] ata4: SATA max UDMA/133 abar m4096@0xfebd2000 port 0xfebd2280 irq 24
[STDERR  ] 2018-12-29T21:39:48.120751012Z: [    1.909767] ata5: SATA max UDMA/133 abar m4096@0xfebd2000 port 0xfebd2300 irq 24
[STDERR  ] 2018-12-29T21:39:48.120767071Z: [    1.916856] ata6: SATA max UDMA/133 abar m4096@0xfebd2000 port 0xfebd2380 irq 24
[STDERR  ] 2018-12-29T21:39:48.120778838Z: [    1.926554] tun: Universal TUN/TAP device driver, 1.6
[STDERR  ] 2018-12-29T21:39:48.120790716Z: [    1.936124] VMware vmxnet3 virtual NIC driver - version 1.4.a.0-k-NAPI
[STDERR  ] 2018-12-29T21:39:48.120802503Z: [    1.942446] hv_vmbus: registering driver hv_netvsc
[STDERR  ] 2018-12-29T21:39:48.120814836Z: [    1.947053] Fusion MPT base driver 3.04.20
[STDERR  ] 2018-12-29T21:39:48.120830318Z: [    1.951059] Copyright (c) 1999-2008 LSI Corporation
[STDERR  ] 2018-12-29T21:39:48.120842599Z: [    1.955784] Fusion MPT SPI Host driver 3.04.20
[STDERR  ] 2018-12-29T21:39:48.120906834Z: [    1.960182] i8042: PNP: PS/2 Controller [PNP0303:KBD,PNP0f13:MOU] at 0x60,0x64 irq 1,12
[STDERR  ] 2018-12-29T21:39:48.120923198Z: [    1.972002] serio: i8042 KBD port at 0x60,0x64 irq 1
[STDERR  ] 2018-12-29T21:39:48.120934167Z: [    1.976828] serio: i8042 AUX port at 0x60,0x64 irq 12
[STDERR  ] 2018-12-29T21:39:48.120948924Z: [    1.981844] hv_vmbus: registering driver hyperv_keyboard
[STDERR  ] 2018-12-29T21:39:48.120960910Z: [    1.987104] mousedev: PS/2 mouse device common for all mice
[STDERR  ] 2018-12-29T21:39:48.120994016Z: [    1.993841] input: AT Translated Set 2 keyboard as /devices/platform/i8042/serio0/input/input1
[STDERR  ] 2018-12-29T21:39:48.121012129Z: [    2.002155] input: PC Speaker as /devices/platform/pcspkr/input/input2
[STDERR  ] 2018-12-29T21:39:48.121023778Z: [    2.008755] rtc_cmos 00:00: RTC can wake from S4
[STDERR  ] 2018-12-29T21:39:48.121035761Z: [    2.015680] rtc_cmos 00:00: rtc core: registered rtc_cmos as rtc0
[STDERR  ] 2018-12-29T21:39:48.121047822Z: [    2.022418] rtc_cmos 00:00: alarms up to one day, y3k, 114 bytes nvram, hpet irqs
[STDERR  ] 2018-12-29T21:39:48.121060116Z: [    2.029688] i2c /dev entries driver
[STDERR  ] 2018-12-29T21:39:48.121097882Z: [    2.033228] device-mapper: ioctl: 4.37.0-ioctl (2017-09-20) initialised: dm-devel@redhat.com
[STDERR  ] 2018-12-29T21:39:48.121110577Z: [    2.042090] usbcore: registered new interface driver usbhid
[STDERR  ] 2018-12-29T21:39:48.121124586Z: [    2.047446] usbhid: USB HID core driver
[STDERR  ] 2018-12-29T21:39:48.121139027Z: [    2.051233] hv_utils: Registering HyperV Utility Driver
[STDERR  ] 2018-12-29T21:39:48.121155511Z: [    2.056273] hv_vmbus: registering driver hv_util
[STDERR  ] 2018-12-29T21:39:48.121167470Z: [    2.060753] hv_vmbus: registering driver hv_balloon
[STDERR  ] 2018-12-29T21:39:48.121178996Z: [    2.065458] oprofile: using NMI interrupt.
[STDERR  ] 2018-12-29T21:39:48.121190736Z: [    2.069478] GACT probability on
[STDERR  ] 2018-12-29T21:39:48.121202802Z: [    2.072562] Mirror/redirect action on
[STDERR  ] 2018-12-29T21:39:48.121213906Z: [    2.076160] Simple TC action Loaded
[STDERR  ] 2018-12-29T21:39:48.121227795Z: [    2.079560] u32 classifier
[STDERR  ] 2018-12-29T21:39:48.121240030Z: [    2.082235]     Performance counters on
[STDERR  ] 2018-12-29T21:39:48.121251908Z: [    2.085938]     input device check on
[STDERR  ] 2018-12-29T21:39:48.121264050Z: [    2.089464]     Actions configured
[STDERR  ] 2018-12-29T21:39:48.121275917Z: [    2.092802] Netfilter messages via NETLINK v0.30.
[STDERR  ] 2018-12-29T21:39:48.121287741Z: [    2.097423] nfnl_acct: registering with nfnetlink.
[STDERR  ] 2018-12-29T21:39:48.121299275Z: [    2.102119] nf_conntrack version 0.5.0 (8192 buckets, 32768 max)
[STDERR  ] 2018-12-29T21:39:48.121311342Z: [    2.107930] ctnetlink v0.93: registering with nfnetlink.
[STDERR  ] 2018-12-29T21:39:48.121334139Z: [    2.113104] nf_tables: (c) 2007-2009 Patrick McHardy <kaber@trash.net>
[STDERR  ] 2018-12-29T21:39:48.121350428Z: [    2.119536] nf_tables_compat: (c) 2012 Pablo Neira Ayuso <pablo@netfilter.org>
[STDERR  ] 2018-12-29T21:39:48.121362574Z: [    2.126524] xt_time: kernel timezone is -0000
[STDERR  ] 2018-12-29T21:39:48.121374031Z: [    2.131084] ip_set: protocol 6
[STDERR  ] 2018-12-29T21:39:48.121386032Z: [    2.134222] ipip: IPv4 and MPLS over IPv4 tunneling driver
[STDERR  ] 2018-12-29T21:39:48.121403532Z: [    2.139951] gre: GRE over IPv4 demultiplexor driver
[STDERR  ] 2018-12-29T21:39:48.121415264Z: [    2.145104] ip_tables: (C) 2000-2006 Netfilter Core Team
[STDERR  ] 2018-12-29T21:39:48.121427415Z: [    2.150498] arp_tables: arp_tables: (C) 2002 David S. Miller
[STDERR  ] 2018-12-29T21:39:48.121443964Z: [    2.156253] NET: Registered protocol family 10
[STDERR  ] 2018-12-29T21:39:48.121456523Z: [    2.161129] Segment Routing with IPv6
[STDERR  ] 2018-12-29T21:39:48.121469183Z: [    2.164950] ip6_tables: (C) 2000-2006 Netfilter Core Team
[STDERR  ] 2018-12-29T21:39:48.121487994Z: [    2.170601] NET: Registered protocol family 17
[STDERR  ] 2018-12-29T21:39:48.121514300Z: [    2.174977] Bridge firewalling registered
[STDERR  ] 2018-12-29T21:39:48.121526205Z: [    2.179139] 8021q: 802.1Q VLAN Support v1.8
[STDERR  ] 2018-12-29T21:39:48.121540192Z: [    2.183258] 9pnet: Installing 9P2000 support
[STDERR  ] 2018-12-29T21:39:48.121552333Z: [    2.187658] Key type dns_resolver registered
[STDERR  ] 2018-12-29T21:39:48.121568503Z: [    2.192124] registered taskstats version 1
[STDERR  ] 2018-12-29T21:39:48.121580695Z: [    2.204697] Key type big_key registered
[STDERR  ] 2018-12-29T21:39:48.121592480Z: [    2.212466] Key type trusted registered
[STDERR  ] 2018-12-29T21:39:48.121604453Z: [    2.220213] Key type encrypted registered
[STDERR  ] 2018-12-29T21:39:48.121616488Z: [    2.224523] ima: No TPM chip found, activating TPM-bypass! (rc=-19)
[STDERR  ] 2018-12-29T21:39:48.121628223Z: [    2.230759] ima: Allocated hash algorithm: sha256
[STDERR  ] 2018-12-29T21:39:48.121639899Z: [    2.235335] evm: HMAC attrs: 0x1
[STDERR  ] 2018-12-29T21:39:48.121651815Z: [    2.239199] ata4: SATA link down (SStatus 0 SControl 300)
[STDERR  ] 2018-12-29T21:39:48.121663932Z: [    2.245286] ata3: SATA link up 1.5 Gbps (SStatus 113 SControl 300)
[STDERR  ] 2018-12-29T21:39:48.121685431Z: [    2.252277] ata2: SATA link down (SStatus 0 SControl 300)
[STDERR  ] 2018-12-29T21:39:48.121700108Z: [    2.258414] ata1: SATA link up 1.5 Gbps (SStatus 113 SControl 300)
[STDERR  ] 2018-12-29T21:39:48.121714319Z: [    2.265278] ata6: SATA link down (SStatus 0 SControl 300)
[STDERR  ] 2018-12-29T21:39:48.121725808Z: [    2.271348] ata5: SATA link down (SStatus 0 SControl 300)
[STDERR  ] 2018-12-29T21:39:48.121739995Z: [    2.278788] rtc_cmos 00:00: setting system clock to 2018-12-29 21:39:35 UTC (1546119575)
[STDERR  ] 2018-12-29T21:39:48.121752684Z: [    2.286614] ata1.00: ATA-7: QEMU HARDDISK, 2.5+, max UDMA/100
[STDERR  ] 2018-12-29T21:39:48.121764846Z: [    2.292164] ata1.00: 1048576 sectors, multi 16: LBA48 NCQ (depth 31/32)
[STDERR  ] 2018-12-29T21:39:48.121783458Z: [    2.298483] ata1.00: applying bridge limits
[STDERR  ] 2018-12-29T21:39:48.121795203Z: [    2.302821] ata3.00: ATAPI: QEMU DVD-ROM, 2.5+, max UDMA/100
[STDERR  ] 2018-12-29T21:39:48.121807039Z: [    2.308248] ata3.00: applying bridge limits
[STDERR  ] 2018-12-29T21:39:48.121818656Z: [    2.314537] ata3.00: configured for UDMA/100
[STDERR  ] 2018-12-29T21:39:48.121830634Z: [    2.319768] ata1.00: configured for UDMA/100
[STDERR  ] 2018-12-29T21:39:48.121846920Z: [    2.324006] scsi 0:0:0:0: Direct-Access     ATA      QEMU HARDDISK    2.5+ PQ: 0 ANSI: 5
[STDERR  ] 2018-12-29T21:39:48.121858995Z: [    2.331883] sd 0:0:0:0: [sda] 1048576 512-byte logical blocks: (537 MB/512 MiB)
[STDERR  ] 2018-12-29T21:39:48.121870975Z: [    2.339097] sd 0:0:0:0: Attached scsi generic sg0 type 0
[STDERR  ] 2018-12-29T21:39:48.121886528Z: [    2.344239] sd 0:0:0:0: [sda] Write Protect is off
[STDERR  ] 2018-12-29T21:39:48.121897955Z: [    2.349443] scsi 2:0:0:0: CD-ROM            QEMU     QEMU DVD-ROM     2.5+ PQ: 0 ANSI: 5
[STDERR  ] 2018-12-29T21:39:48.121912587Z: [    2.357158] sd 0:0:0:0: [sda] Write cache: enabled, read cache: enabled, doesn't support DPO or FUA
[STDERR  ] 2018-12-29T21:39:48.121930064Z: [    2.367833] sd 0:0:0:0: [sda] Attached SCSI disk
[STDERR  ] 2018-12-29T21:39:48.121941878Z: [    2.380930] sr 2:0:0:0: [sr0] scsi3-mmc drive: 4x/4x cd/rw xa/form2 tray
[STDERR  ] 2018-12-29T21:39:48.121953957Z: [    2.387418] cdrom: Uniform CD-ROM driver Revision: 3.20
[STDERR  ] 2018-12-29T21:39:48.121974905Z: [    2.392960] sr 2:0:0:0: Attached scsi generic sg1 type 5
[STDERR  ] 2018-12-29T21:39:48.121986520Z: [    2.399991] Freeing unused kernel memory: 1536K
[STDERR  ] 2018-12-29T21:39:48.121998732Z: [    2.406114] Write protecting the kernel read-only data: 18432k
[STDERR  ] 2018-12-29T21:39:48.122010649Z: [    2.412569] Freeing unused kernel memory: 2024K
[STDERR  ] 2018-12-29T21:39:48.122024551Z: [    2.419846] Freeing unused kernel memory: 1132K
[STDERR  ] 2018-12-29T21:39:48.122036313Z: 
[STDERR  ] 2018-12-29T21:39:48.122054068Z: Welcome to LinuxKit
[STDERR  ] 2018-12-29T21:39:48.122065842Z: 
[STDERR  ] 2018-12-29T21:39:48.122081384Z:                         ##         .
[STDERR  ] 2018-12-29T21:39:48.122093637Z:                   ## ## ##        ==
[STDERR  ] 2018-12-29T21:39:48.122106948Z:                ## ## ## ## ##    ===
[STDERR  ] 2018-12-29T21:39:48.122124738Z:            /"""""""""""""""""\___/ ===
[STDERR  ] 2018-12-29T21:39:48.122136783Z:           {                       /  ===-
[STDERR  ] 2018-12-29T21:39:48.122155794Z:            \______ O           __/
[STDERR  ] 2018-12-29T21:39:48.122167564Z:              \    \         __/
[STDERR  ] 2018-12-29T21:39:48.122179518Z:               \____\_______/
[STDERR  ] 2018-12-29T21:39:48.122190790Z: 
[STDERR  ] 2018-12-29T21:39:48.122202550Z: [    3.168631]  sda:
[STDERR  ] 2018-12-29T21:39:48.122214320Z: [    3.179292]  sda:
[STDERR  ] 2018-12-29T21:39:48.122226113Z: [    3.447355]  sda: sda1
[STDERR  ] 2018-12-29T21:39:48.122240201Z: [    3.453163]  sda: sda1
[STDERR  ] 2018-12-29T21:39:48.122252015Z: 2018/12/29 21:39:35 Creating partition on /dev/sda
[STDERR  ] 2018-12-29T21:39:48.122263798Z: 2018/12/29 21:39:36 Partition /dev/sda1 successfully created!
[STDERR  ] 2018-12-29T21:39:48.122279583Z: [    4.720077] EXT4-fs (sda1): mounted filesystem with ordered data mode. Opts: (null)
[STDERR  ] 2018-12-29T21:39:48.122291418Z: format_mount test suite PASSED
[STDERR  ] 2018-12-29T21:39:48.122303298Z: [   14.990926] sd 0:0:0:0: [sda] Synchronizing SCSI cache
[STDERR  ] 2018-12-29T21:39:48.122315154Z: [   14.997466] sd 0:0:0:0: [sda] Stopping disk
[STDERR  ] 2018-12-29T21:39:48.122332015Z: [   15.003066] ACPI: Preparing to enter system sleep state S5
[STDERR  ] 2018-12-29T21:39:48.122345713Z: [   15.009071] reboot: Power down
[STDERR  ] 2018-12-29T21:39:48.122357407Z: + echo [    0.000000] Linux version 4.14.90-linuxkit (root@0ff365c31169) (gcc version 6.4.0 (Alpine 6.4.0)) #1 SMP Sat Dec 22 11:49:10 UTC 2018
[STDERR  ] 2018-12-29T21:39:48.122374455Z: [    0.000000] Command line: console=ttyS0 console=ttyAMA0
[STDERR  ] 2018-12-29T21:39:48.122386551Z: [    0.000000] x86/fpu: x87 FPU will use FXSAVE
[STDERR  ] 2018-12-29T21:39:48.122405544Z: [    0.000000] e820: BIOS-provided physical RAM map:
[STDERR  ] 2018-12-29T21:39:48.122417283Z: [    0.000000] BIOS-e820: [mem 0x0000000000000000-0x000000000009fbff] usable
[STDERR  ] 2018-12-29T21:39:48.122429446Z: [    0.000000] BIOS-e820: [mem 0x000000000009fc00-0x000000000009ffff] reserved
[STDERR  ] 2018-12-29T21:39:48.122441061Z: [    0.000000] BIOS-e820: [mem 0x00000000000f0000-0x00000000000fffff] reserved
[STDERR  ] 2018-12-29T21:39:48.122452932Z: [    0.000000] BIOS-e820: [mem 0x0000000000100000-0x000000003ffdefff] usable
[STDERR  ] 2018-12-29T21:39:48.122464853Z: [    0.000000] BIOS-e820: [mem 0x000000003ffdf000-0x000000003fffffff] reserved
[STDERR  ] 2018-12-29T21:39:48.122490135Z: [    0.000000] BIOS-e820: [mem 0x00000000b0000000-0x00000000bfffffff] reserved
[STDERR  ] 2018-12-29T21:39:48.122521108Z: [    0.000000] BIOS-e820: [mem 0x00000000fed1c000-0x00000000fed1ffff] reserved
[STDERR  ] 2018-12-29T21:39:48.122532590Z: [    0.000000] BIOS-e820: [mem 0x00000000feffc000-0x00000000feffffff] reserved
[STDERR  ] 2018-12-29T21:39:48.122547071Z: [    0.000000] BIOS-e820: [mem 0x00000000fffc0000-0x00000000ffffffff] reserved
[STDERR  ] 2018-12-29T21:39:48.122562151Z: [    0.000000] NX (Execute Disable) protection: active
[STDERR  ] 2018-12-29T21:39:48.122574671Z: [    0.000000] SMBIOS 2.8 present.
[STDERR  ] 2018-12-29T21:39:48.122586923Z: [    0.000000] DMI: QEMU Standard PC (Q35 + ICH9, 2009), BIOS 1.10.2-1 04/01/2014
[STDERR  ] 2018-12-29T21:39:48.122598752Z: [    0.000000] Hypervisor detected: KVM
[STDERR  ] 2018-12-29T21:39:48.122611067Z: [    0.000000] tsc: Fast TSC calibration failed
[STDERR  ] 2018-12-29T21:39:48.122623300Z: [    0.000000] tsc: Unable to calibrate against PIT
[STDERR  ] 2018-12-29T21:39:48.122634968Z: [    0.000000] tsc: No reference (HPET/PMTIMER) available
[STDERR  ] 2018-12-29T21:39:48.122646586Z: [    0.000000] e820: last_pfn = 0x3ffdf max_arch_pfn = 0x400000000
[STDERR  ] 2018-12-29T21:39:48.122657951Z: [    0.000000] x86/PAT: PAT not supported by CPU.
[STDERR  ] 2018-12-29T21:39:48.122669880Z: [    0.000000] x86/PAT: Configuration [0-7]: WB  WT  UC- UC  WB  WT  UC- UC  
[STDERR  ] 2018-12-29T21:39:48.122682094Z: [    0.000000] found SMP MP-table at [mem 0x000f6a90-0x000f6a9f] mapped at [ffffffffff200a90]
[STDERR  ] 2018-12-29T21:39:48.122694049Z: [    0.000000] RAMDISK: [mem 0x3db11000-0x3ffcffff]
[STDERR  ] 2018-12-29T21:39:48.122706312Z: [    0.000000] ACPI: Early table checksum verification disabled
[STDERR  ] 2018-12-29T21:39:48.122717879Z: [    0.000000] ACPI: RSDP 0x00000000000F68D0 000014 (v00 BOCHS )
[STDERR  ] 2018-12-29T21:39:48.122729958Z: [    0.000000] ACPI: RSDT 0x000000003FFE2404 000034 (v01 BOCHS  BXPCRSDT 00000001 BXPC 00000001)
[STDERR  ] 2018-12-29T21:39:48.122744242Z: [    0.000000] ACPI: FACP 0x000000003FFE22A4 000074 (v01 BOCHS  BXPCFACP 00000001 BXPC 00000001)
[STDERR  ] 2018-12-29T21:39:48.122762833Z: [    0.000000] ACPI: DSDT 0x000000003FFE0040 002264 (v01 BOCHS  BXPCDSDT 00000001 BXPC 00000001)
[STDERR  ] 2018-12-29T21:39:48.122774870Z: [    0.000000] ACPI: FACS 0x000000003FFE0000 000040
[STDERR  ] 2018-12-29T21:39:48.122792946Z: [    0.000000] ACPI: APIC 0x000000003FFE2318 000078 (v01 BOCHS  BXPCAPIC 00000001 BXPC 00000001)
[STDERR  ] 2018-12-29T21:39:48.122804498Z: [    0.000000] ACPI: HPET 0x000000003FFE2390 000038 (v01 BOCHS  BXPCHPET 00000001 BXPC 00000001)
[STDERR  ] 2018-12-29T21:39:48.122816346Z: [    0.000000] ACPI: MCFG 0x000000003FFE23C8 00003C (v01 BOCHS  BXPCMCFG 00000001 BXPC 00000001)
[STDERR  ] 2018-12-29T21:39:48.122833300Z: [    0.000000] kvm-clock: Using msrs 4b564d01 and 4b564d00
[STDERR  ] 2018-12-29T21:39:48.122845479Z: [    0.000000] kvm-clock: cpu 0, msr 0:3ffdd001, primary cpu clock
[STDERR  ] 2018-12-29T21:39:48.122861051Z: [    0.000000] clocksource: kvm-clock: mask: 0xffffffffffffffff max_cycles: 0x1cd42e4dffb, max_idle_ns: 881590591483 ns
[STDERR  ] 2018-12-29T21:39:48.122873940Z: [    0.000000] Zone ranges:
[STDERR  ] 2018-12-29T21:39:48.122885166Z: [    0.000000]   DMA      [mem 0x0000000000001000-0x0000000000ffffff]
[STDERR  ] 2018-12-29T21:39:48.122897006Z: [    0.000000]   DMA32    [mem 0x0000000001000000-0x000000003ffdefff]
[STDERR  ] 2018-12-29T21:39:48.122908872Z: [    0.000000]   Normal   empty
[STDERR  ] 2018-12-29T21:39:48.122920995Z: [    0.000000]   Device   empty
[STDERR  ] 2018-12-29T21:39:48.122937254Z: [    0.000000] Movable zone start for each node
[STDERR  ] 2018-12-29T21:39:48.122949077Z: [    0.000000] Early memory node ranges
[STDERR  ] 2018-12-29T21:39:48.122961541Z: [    0.000000]   node   0: [mem 0x0000000000001000-0x000000000009efff]
[STDERR  ] 2018-12-29T21:39:48.122973010Z: [    0.000000]   node   0: [mem 0x0000000000100000-0x000000003ffdefff]
[STDERR  ] 2018-12-29T21:39:48.122987951Z: [    0.000000] Initmem setup node 0 [mem 0x0000000000001000-0x000000003ffdefff]
[STDERR  ] 2018-12-29T21:39:48.123000269Z: [    0.000000] ACPI: PM-Timer IO Port: 0x608
[STDERR  ] 2018-12-29T21:39:48.123012204Z: [    0.000000] ACPI: LAPIC_NMI (acpi_id[0xff] dfl dfl lint[0x1])
[STDERR  ] 2018-12-29T21:39:48.123028267Z: [    0.000000] IOAPIC[0]: apic_id 0, version 17, address 0xfec00000, GSI 0-23
[STDERR  ] 2018-12-29T21:39:48.123040647Z: [    0.000000] ACPI: INT_SRC_OVR (bus 0 bus_irq 0 global_irq 2 dfl dfl)
[STDERR  ] 2018-12-29T21:39:48.123054422Z: [    0.000000] ACPI: INT_SRC_OVR (bus 0 bus_irq 5 global_irq 5 high level)
[STDERR  ] 2018-12-29T21:39:48.123066511Z: [    0.000000] ACPI: INT_SRC_OVR (bus 0 bus_irq 9 global_irq 9 high level)
[STDERR  ] 2018-12-29T21:39:48.123078248Z: [    0.000000] ACPI: INT_SRC_OVR (bus 0 bus_irq 10 global_irq 10 high level)
[STDERR  ] 2018-12-29T21:39:48.123095269Z: [    0.000000] ACPI: INT_SRC_OVR (bus 0 bus_irq 11 global_irq 11 high level)
[STDERR  ] 2018-12-29T21:39:48.123106982Z: [    0.000000] Using ACPI (MADT) for SMP configuration information
[STDERR  ] 2018-12-29T21:39:48.123118931Z: [    0.000000] ACPI: HPET id: 0x8086a201 base: 0xfed00000
[STDERR  ] 2018-12-29T21:39:48.123130659Z: [    0.000000] smpboot: Allowing 1 CPUs, 0 hotplug CPUs
[STDERR  ] 2018-12-29T21:39:48.123144170Z: [    0.000000] e820: [mem 0x40000000-0xafffffff] available for PCI devices
[STDERR  ] 2018-12-29T21:39:48.123160544Z: [    0.000000] Booting paravirtualized kernel on KVM
[STDERR  ] 2018-12-29T21:39:48.123172395Z: [    0.000000] clocksource: refined-jiffies: mask: 0xffffffff max_cycles: 0xffffffff, max_idle_ns: 1910969940391419 ns
[STDERR  ] 2018-12-29T21:39:48.123184685Z: [    0.000000] random: get_random_bytes called from start_kernel+0x92/0x4d1 with crng_init=0
[STDERR  ] 2018-12-29T21:39:48.123196784Z: [    0.000000] setup_percpu: NR_CPUS:128 nr_cpumask_bits:128 nr_cpu_ids:1 nr_node_ids:1
[STDERR  ] 2018-12-29T21:39:48.123210231Z: [    0.000000] percpu: Embedded 45 pages/cpu @ffff9e0bbd800000 s144216 r8192 d31912 u2097152
[STDERR  ] 2018-12-29T21:39:48.123223821Z: [    0.000000] KVM setup async PF for cpu 0
[STDERR  ] 2018-12-29T21:39:48.123236105Z: [    0.000000] kvm-stealtime: cpu 0, msr 3d815f40
[STDERR  ] 2018-12-29T21:39:48.123249912Z: [    0.000000] Built 1 zonelists, mobility grouping on.  Total pages: 257896
[STDERR  ] 2018-12-29T21:39:48.123267760Z: [    0.000000] Kernel command line: console=ttyS0 console=ttyAMA0
[STDERR  ] 2018-12-29T21:39:48.123279848Z: [    0.000000] PID hash table entries: 4096 (order: 3, 32768 bytes)
[STDERR  ] 2018-12-29T21:39:48.123291726Z: [    0.000000] Dentry cache hash table entries: 131072 (order: 8, 1048576 bytes)
[STDERR  ] 2018-12-29T21:39:48.123305495Z: [    0.000000] Inode-cache hash table entries: 65536 (order: 7, 524288 bytes)
[STDERR  ] 2018-12-29T21:39:48.123321415Z: [    0.000000] Memory: 967228K/1048052K available (12300K kernel code, 1451K rwdata, 2964K rodata, 1536K init, 580K bss, 80824K reserved, 0K cma-reserved)
[STDERR  ] 2018-12-29T21:39:48.123339438Z: [    0.000000] Kernel/User page tables isolation: enabled
[STDERR  ] 2018-12-29T21:39:48.123355750Z: [    0.000000] ftrace: allocating 40613 entries in 159 pages
[STDERR  ] 2018-12-29T21:39:48.123367724Z: [    0.001000] Hierarchical RCU implementation.
[STDERR  ] 2018-12-29T21:39:48.123379518Z: [    0.001000] 	RCU restricting CPUs from NR_CPUS=128 to nr_cpu_ids=1.
[STDERR  ] 2018-12-29T21:39:48.123391074Z: [    0.001000] RCU: Adjusting geometry for rcu_fanout_leaf=16, nr_cpu_ids=1
[STDERR  ] 2018-12-29T21:39:48.123402846Z: [    0.001000] NR_IRQS: 8448, nr_irqs: 256, preallocated irqs: 16
[STDERR  ] 2018-12-29T21:39:48.123414957Z: [    0.001000] Console: colour VGA+ 80x25
[STDERR  ] 2018-12-29T21:39:48.123431771Z: [    0.001000] console [ttyS0] enabled
[STDERR  ] 2018-12-29T21:39:48.123443647Z: [    0.001000] clocksource: hpet: mask: 0xffffffff max_cycles: 0xffffffff, max_idle_ns: 19112604467 ns
[STDERR  ] 2018-12-29T21:39:48.123456110Z: [    0.001024] tsc: Detected 2299.848 MHz processor
[STDERR  ] 2018-12-29T21:39:48.123471550Z: [    0.002029] Calibrating delay loop (skipped) preset value.. 4599.69 BogoMIPS (lpj=2299848)
[STDERR  ] 2018-12-29T21:39:48.123494090Z: [    0.003033] pid_max: default: 32768 minimum: 301
[STDERR  ] 2018-12-29T21:39:48.123516146Z: [    0.004049] ACPI: Core revision 20170728
[STDERR  ] 2018-12-29T21:39:48.123528397Z: [    0.006709] ACPI: 1 ACPI AML tables successfully acquired and loaded
[STDERR  ] 2018-12-29T21:39:48.123542786Z: [    0.007099] Security Framework initialized
[STDERR  ] 2018-12-29T21:39:48.123556389Z: [    0.008024] Yama: becoming mindful.
[STDERR  ] 2018-12-29T21:39:48.123568266Z: [    0.009062] Mount-cache hash table entries: 2048 (order: 2, 16384 bytes)
[STDERR  ] 2018-12-29T21:39:48.123585424Z: [    0.010028] Mountpoint-cache hash table entries: 2048 (order: 2, 16384 bytes)
[STDERR  ] 2018-12-29T21:39:48.123597233Z: [    0.013064] Last level iTLB entries: 4KB 0, 2MB 0, 4MB 0
[STDERR  ] 2018-12-29T21:39:48.123609445Z: [    0.014033] Last level dTLB entries: 4KB 0, 2MB 0, 4MB 0, 1GB 0
[STDERR  ] 2018-12-29T21:39:48.123621471Z: [    0.015026] Spectre V2 : Mitigation: Full generic retpoline
[STDERR  ] 2018-12-29T21:39:48.123633058Z: [    0.016023] Spectre V2 : Spectre v2 / SpectreRSB mitigation: Filling RSB on context switch
[STDERR  ] 2018-12-29T21:39:48.123644344Z: [    0.017024] Speculative Store Bypass: Vulnerable
[STDERR  ] 2018-12-29T21:39:48.123656124Z: [    0.026417] Freeing SMP alternatives memory: 20K
[STDERR  ] 2018-12-29T21:39:48.123667836Z: [    0.027529] smpboot: Max logical packages: 1
[STDERR  ] 2018-12-29T21:39:48.123679666Z: [    0.031354] x2apic enabled
[STDERR  ] 2018-12-29T21:39:48.123691425Z: [    0.032024] Switched APIC routing to physical x2apic.
[STDERR  ] 2018-12-29T21:39:48.123703941Z: [    0.044673] ..TIMER: vector=0x30 apic1=0 pin1=2 apic2=-1 pin2=-1
[STDERR  ] 2018-12-29T21:39:48.123716282Z: [    0.045000] smpboot: CPU0: Intel QEMU Virtual CPU version 2.5+ (family: 0x6, model: 0x6, stepping: 0x3)
[STDERR  ] 2018-12-29T21:39:48.123729934Z: [    0.045114] Performance Events: PMU not available due to virtualization, using software events only.
[STDERR  ] 2018-12-29T21:39:48.123741937Z: [    0.048346] Hierarchical SRCU implementation.
[STDERR  ] 2018-12-29T21:39:48.123754055Z: [    0.049116] NMI watchdog: Perf event create on CPU 0 failed with -2
[STDERR  ] 2018-12-29T21:39:48.123770131Z: [    0.050005] NMI watchdog: Perf NMI watchdog permanently disabled
[STDERR  ] 2018-12-29T21:39:48.123782811Z: [    0.051075] smp: Bringing up secondary CPUs ...
[STDERR  ] 2018-12-29T21:39:48.123801086Z: [    0.052005] smp: Brought up 1 node, 1 CPU
[STDERR  ] 2018-12-29T21:39:48.123812401Z: [    0.053008] smpboot: Total of 1 processors activated (4599.69 BogoMIPS)
[STDERR  ] 2018-12-29T21:39:48.123824204Z: [    0.057197] devtmpfs: initialized
[STDERR  ] 2018-12-29T21:39:48.123836085Z: [    0.058063] x86/mm: Memory block size: 128MB
[STDERR  ] 2018-12-29T21:39:48.123849816Z: [    0.059237] evm: security.ima
[STDERR  ] 2018-12-29T21:39:48.123861262Z: [    0.060012] evm: security.capability
[STDERR  ] 2018-12-29T21:39:48.123872734Z: [    0.061159] clocksource: jiffies: mask: 0xffffffff max_cycles: 0xffffffff, max_idle_ns: 1911260446275000 ns
[STDERR  ] 2018-12-29T21:39:48.123887136Z: [    0.062014] futex hash table entries: 256 (order: 2, 16384 bytes)
[STDERR  ] 2018-12-29T21:39:48.123901411Z: [    0.063212] NET: Registered protocol family 16
[STDERR  ] 2018-12-29T21:39:48.123913104Z: [    0.064197] cpuidle: using governor ladder
[STDERR  ] 2018-12-29T21:39:48.123924871Z: [    0.065007] cpuidle: using governor menu
[STDERR  ] 2018-12-29T21:39:48.123936970Z: [    0.067009] ACPI: bus type PCI registered
[STDERR  ] 2018-12-29T21:39:48.123948877Z: [    0.069305] PCI: MMCONFIG for domain 0000 [bus 00-ff] at [mem 0xb0000000-0xbfffffff] (base 0xb0000000)
[STDERR  ] 2018-12-29T21:39:48.123960924Z: [    0.070009] PCI: MMCONFIG at [mem 0xb0000000-0xbfffffff] reserved in E820
[STDERR  ] 2018-12-29T21:39:48.123973062Z: [    0.072023] PCI: Using configuration type 1 for base access
[STDERR  ] 2018-12-29T21:39:48.123988652Z: [    0.075278] HugeTLB registered 2.00 MiB page size, pre-allocated 0 pages
[STDERR  ] 2018-12-29T21:39:48.124000110Z: [    0.077042] ACPI: Added _OSI(Module Device)
[STDERR  ] 2018-12-29T21:39:48.124013937Z: [    0.078006] ACPI: Added _OSI(Processor Device)
[STDERR  ] 2018-12-29T21:39:48.124029736Z: [    0.079006] ACPI: Added _OSI(3.0 _SCP Extensions)
[STDERR  ] 2018-12-29T21:39:48.124041739Z: [    0.080005] ACPI: Added _OSI(Processor Aggregator Device)
[STDERR  ] 2018-12-29T21:39:48.124053734Z: [    0.085172] ACPI: Interpreter enabled
[STDERR  ] 2018-12-29T21:39:48.124065500Z: [    0.086014] ACPI: (supports S0 S5)
[STDERR  ] 2018-12-29T21:39:48.124077475Z: [    0.087004] ACPI: Using IOAPIC for interrupt routing
[STDERR  ] 2018-12-29T21:39:48.124089092Z: [    0.088059] PCI: Using host bridge windows from ACPI; if necessary, use "pci=nocrs" and report a bug
[STDERR  ] 2018-12-29T21:39:48.124101435Z: [    0.090337] ACPI: Enabled 2 GPEs in block 00 to 3F
[STDERR  ] 2018-12-29T21:39:48.124116349Z: [    0.095119] ACPI: PCI Root Bridge [PCI0] (domain 0000 [bus 00-ff])
[STDERR  ] 2018-12-29T21:39:48.124128526Z: [    0.096019] acpi PNP0A08:00: _OSC: OS supports [ExtendedConfig ASPM ClockPM Segments MSI]
[STDERR  ] 2018-12-29T21:39:48.124144934Z: [    0.097149] acpi PNP0A08:00: _OSC: OS now controls [PCIeHotplug PME PCIeCapability]
[STDERR  ] 2018-12-29T21:39:48.124157535Z: [    0.099018] PCI host bridge to bus 0000:00
[STDERR  ] 2018-12-29T21:39:48.124169236Z: [    0.100008] pci_bus 0000:00: root bus resource [io  0x0000-0x0cf7 window]
[STDERR  ] 2018-12-29T21:39:48.124181193Z: [    0.101008] pci_bus 0000:00: root bus resource [io  0x0d00-0xffff window]
[STDERR  ] 2018-12-29T21:39:48.124193292Z: [    0.102007] pci_bus 0000:00: root bus resource [mem 0x000a0000-0x000bffff window]
[STDERR  ] 2018-12-29T21:39:48.124212296Z: [    0.103007] pci_bus 0000:00: root bus resource [mem 0xc0000000-0xfebfffff window]
[STDERR  ] 2018-12-29T21:39:48.124224053Z: [    0.104007] pci_bus 0000:00: root bus resource [bus 00-ff]
[STDERR  ] 2018-12-29T21:39:48.124236033Z: [    0.172907] pci 0000:00:1f.0: quirk: [io  0x0600-0x067f] claimed by ICH6 ACPI/GPIO/TCO
[STDERR  ] 2018-12-29T21:39:48.124247863Z: [    0.198942] ACPI: PCI Interrupt Link [LNKA] (IRQs 5 *10 11)
[STDERR  ] 2018-12-29T21:39:48.124259765Z: [    0.199305] ACPI: PCI Interrupt Link [LNKB] (IRQs 5 *10 11)
[STDERR  ] 2018-12-29T21:39:48.124275800Z: [    0.200305] ACPI: PCI Interrupt Link [LNKC] (IRQs 5 10 *11)
[STDERR  ] 2018-12-29T21:39:48.124287725Z: [    0.202323] ACPI: PCI Interrupt Link [LNKD] (IRQs 5 10 *11)
[STDERR  ] 2018-12-29T21:39:48.124299633Z: [    0.204020] ACPI: PCI Interrupt Link [LNKE] (IRQs 5 *10 11)
[STDERR  ] 2018-12-29T21:39:48.124313533Z: [    0.205303] ACPI: PCI Interrupt Link [LNKF] (IRQs 5 *10 11)
[STDERR  ] 2018-12-29T21:39:48.124326035Z: [    0.206304] ACPI: PCI Interrupt Link [LNKG] (IRQs 5 10 *11)
[STDERR  ] 2018-12-29T21:39:48.124339951Z: [    0.208171] ACPI: PCI Interrupt Link [LNKH] (IRQs 5 10 *11)
[STDERR  ] 2018-12-29T21:39:48.124351827Z: [    0.209168] ACPI: PCI Interrupt Link [GSIA] (IRQs *16)
[STDERR  ] 2018-12-29T21:39:48.124365237Z: [    0.210024] ACPI: PCI Interrupt Link [GSIB] (IRQs *17)
[STDERR  ] 2018-12-29T21:39:48.124377164Z: [    0.211022] ACPI: PCI Interrupt Link [GSIC] (IRQs *18)
[STDERR  ] 2018-12-29T21:39:48.124389023Z: [    0.212025] ACPI: PCI Interrupt Link [GSID] (IRQs *19)
[STDERR  ] 2018-12-29T21:39:48.124402409Z: [    0.213028] ACPI: PCI Interrupt Link [GSIE] (IRQs *20)
[STDERR  ] 2018-12-29T21:39:48.124429418Z: [    0.214025] ACPI: PCI Interrupt Link [GSIF] (IRQs *21)
[STDERR  ] 2018-12-29T21:39:48.124442303Z: [    0.215020] ACPI: PCI Interrupt Link [GSIG] (IRQs *22)
[STDERR  ] 2018-12-29T21:39:48.124453927Z: [    0.216023] ACPI: PCI Interrupt Link [GSIH] (IRQs *23)
[STDERR  ] 2018-12-29T21:39:48.124465385Z: [    0.217393] SCSI subsystem initialized
[STDERR  ] 2018-12-29T21:39:48.124484879Z: [    0.218114] ACPI: bus type USB registered
[STDERR  ] 2018-12-29T21:39:48.124513754Z: [    0.219053] usbcore: registered new interface driver usbfs
[STDERR  ] 2018-12-29T21:39:48.124526088Z: [    0.220031] usbcore: registered new interface driver hub
[STDERR  ] 2018-12-29T21:39:48.124538308Z: [    0.221030] usbcore: registered new device driver usb
[STDERR  ] 2018-12-29T21:39:48.124552497Z: [    0.222038] pps_core: LinuxPPS API ver. 1 registered
[STDERR  ] 2018-12-29T21:39:48.124564505Z: [    0.223003] pps_core: Software ver. 5.3.6 - Copyright 2005-2007 Rodolfo Giometti <giometti@linux.it>
[STDERR  ] 2018-12-29T21:39:48.124579209Z: [    0.224021] PTP clock support registered
[STDERR  ] 2018-12-29T21:39:48.124591627Z: [    0.225087] PCI: Using ACPI for IRQ routing
[STDERR  ] 2018-12-29T21:39:48.124603632Z: [    0.706682] NetLabel: Initializing
[STDERR  ] 2018-12-29T21:39:48.124616467Z: [    0.707003] NetLabel:  domain hash size = 128
[STDERR  ] 2018-12-29T21:39:48.124628218Z: [    0.708003] NetLabel:  protocols = UNLABELED CIPSOv4 CALIPSO
[STDERR  ] 2018-12-29T21:39:48.124639431Z: [    0.709037] NetLabel:  unlabeled traffic allowed by default
[STDERR  ] 2018-12-29T21:39:48.124651325Z: [    0.710175] HPET: 3 timers in total, 0 timers will be used for per-cpu timer
[STDERR  ] 2018-12-29T21:39:48.124663048Z: [    0.711167] hpet0: at MMIO 0xfed00000, IRQs 2, 8, 0
[STDERR  ] 2018-12-29T21:39:48.124674735Z: [    0.712007] hpet0: 3 comparators, 64-bit 100.000000 MHz counter
[STDERR  ] 2018-12-29T21:39:48.124687116Z: [    0.715041] clocksource: Switched to clocksource kvm-clock
[STDERR  ] 2018-12-29T21:39:48.124701782Z: [    0.739537] VFS: Disk quotas dquot_6.6.0
[STDERR  ] 2018-12-29T21:39:48.124714205Z: [    0.743479] VFS: Dquot-cache hash table entries: 512 (order 0, 4096 bytes)
[STDERR  ] 2018-12-29T21:39:48.124725940Z: [    0.750278] FS-Cache: Loaded
[STDERR  ] 2018-12-29T21:39:48.124737873Z: [    0.753194] CacheFiles: Loaded
[STDERR  ] 2018-12-29T21:39:48.124750031Z: [    0.756262] pnp: PnP ACPI init
[STDERR  ] 2018-12-29T21:39:48.124762448Z: [    0.760478] pnp: PnP ACPI: found 5 devices
[STDERR  ] 2018-12-29T21:39:48.124776788Z: [    0.770714] clocksource: acpi_pm: mask: 0xffffff max_cycles: 0xffffff, max_idle_ns: 2085701024 ns
[STDERR  ] 2018-12-29T21:39:48.124792860Z: [    0.779299] NET: Registered protocol family 2
[STDERR  ] 2018-12-29T21:39:48.124804529Z: [    0.783740] TCP established hash table entries: 8192 (order: 4, 65536 bytes)
[STDERR  ] 2018-12-29T21:39:48.124822611Z: [    0.790507] TCP bind hash table entries: 8192 (order: 5, 131072 bytes)
[STDERR  ] 2018-12-29T21:39:48.124834905Z: [    0.797434] TCP: Hash tables configured (established 8192 bind 8192)
[STDERR  ] 2018-12-29T21:39:48.124863594Z: [    0.803619] UDP hash table entries: 512 (order: 2, 16384 bytes)
[STDERR  ] 2018-12-29T21:39:48.124877183Z: [    0.809305] UDP-Lite hash table entries: 512 (order: 2, 16384 bytes)
[STDERR  ] 2018-12-29T21:39:48.124889133Z: [    0.815620] NET: Registered protocol family 1
[STDERR  ] 2018-12-29T21:39:48.124901440Z: [    0.820195] pci 0000:00:01.0: Video device with shadowed ROM at [mem 0x000c0000-0x000dffff]
[STDERR  ] 2018-12-29T21:39:48.124913549Z: [    0.828552] Trying to unpack rootfs image as initramfs...
[STDERR  ] 2018-12-29T21:39:48.124925726Z: [    1.553171] Freeing initrd memory: 37628K
[STDERR  ] 2018-12-29T21:39:48.124937589Z: [    1.557246] clocksource: tsc: mask: 0xffffffffffffffff max_cycles: 0x2126a59471c, max_idle_ns: 440795280417 ns
[STDERR  ] 2018-12-29T21:39:48.124949883Z: [    1.567402] PCLMULQDQ-NI instructions are not detected.
[STDERR  ] 2018-12-29T21:39:48.124962009Z: [    1.572520] AVX or AES-NI instructions are not detected.
[STDERR  ] 2018-12-29T21:39:48.124974308Z: [    1.577656] CPU feature 'AVX registers' is not supported.
[STDERR  ] 2018-12-29T21:39:48.124986375Z: [    1.582980] CPU feature 'AVX registers' is not supported.
[STDERR  ] 2018-12-29T21:39:48.125001819Z: [    1.588189] CPU feature 'AVX registers' is not supported.
[STDERR  ] 2018-12-29T21:39:48.125018042Z: [    1.593364] CPU feature 'AVX registers' is not supported.
[STDERR  ] 2018-12-29T21:39:48.125035940Z: [    1.598633] AVX2 or AES-NI instructions are not detected.
[STDERR  ] 2018-12-29T21:39:48.125048058Z: [    1.603357] AVX2 instructions are not detected.
[STDERR  ] 2018-12-29T21:39:48.125059970Z: [    1.607458] audit: initializing netlink subsys (disabled)
[STDERR  ] 2018-12-29T21:39:48.125071781Z: [    1.612595] audit: type=2000 audit(1546119573.645:1): state=initialized audit_enabled=0 res=1
[STDERR  ] 2018-12-29T21:39:48.125085919Z: [    1.620036] workingset: timestamp_bits=46 max_order=18 bucket_order=0
[STDERR  ] 2018-12-29T21:39:48.125098473Z: [    1.625962] squashfs: version 4.0 (2009/01/31) Phillip Lougher
[STDERR  ] 2018-12-29T21:39:48.125110295Z: [    1.631128] FS-Cache: Netfs 'cifs' registered for caching
[STDERR  ] 2018-12-29T21:39:48.125122712Z: [    1.635830] fuse init (API version 7.26)
[STDERR  ] 2018-12-29T21:39:48.125135024Z: [    1.639370] SGI XFS with ACLs, security attributes, no debug enabled
[STDERR  ] 2018-12-29T21:39:48.125147413Z: [    1.645064] 9p: Installing v9fs 9p2000 file system support
[STDERR  ] 2018-12-29T21:39:48.125160490Z: [    1.649886] FS-Cache: Netfs '9p' registered for caching
[STDERR  ] 2018-12-29T21:39:48.125171742Z: [    1.655635] NET: Registered protocol family 38
[STDERR  ] 2018-12-29T21:39:48.125183617Z: [    1.659541] Key type asymmetric registered
[STDERR  ] 2018-12-29T21:39:48.125198189Z: [    1.663242] Asymmetric key parser 'x509' registered
[STDERR  ] 2018-12-29T21:39:48.125209948Z: [    1.667541] Block layer SCSI generic (bsg) driver version 0.4 loaded (major 247)
[STDERR  ] 2018-12-29T21:39:48.125221740Z: [    1.673899] io scheduler noop registered
[STDERR  ] 2018-12-29T21:39:48.125233380Z: [    1.677318] io scheduler deadline registered (default)
[STDERR  ] 2018-12-29T21:39:48.125245618Z: [    1.681768] io scheduler cfq registered
[STDERR  ] 2018-12-29T21:39:48.125257373Z: [    1.685120] io scheduler mq-deadline registered
[STDERR  ] 2018-12-29T21:39:48.125269172Z: [    1.689058] io scheduler kyber registered
[STDERR  ] 2018-12-29T21:39:48.125280624Z: [    1.692632] shpchp: Standard Hot Plug PCI Controller Driver version: 0.4
[STDERR  ] 2018-12-29T21:39:48.125294754Z: [    1.698415] hv_vmbus: registering driver hyperv_fb
[STDERR  ] 2018-12-29T21:39:48.125305723Z: [    1.702650] input: Power Button as /devices/LNXSYSTM:00/LNXPWRBN:00/input/input0
[STDERR  ] 2018-12-29T21:39:48.125317828Z: [    1.708995] ACPI: Power Button [PWRF]
[STDERR  ] 2018-12-29T21:39:48.125334550Z: [    1.713080] ACPI: PCI Interrupt Link [GSIG] enabled at IRQ 22
[STDERR  ] 2018-12-29T21:39:48.125348044Z: [    1.724155] ACPI: PCI Interrupt Link [GSIH] enabled at IRQ 23
[STDERR  ] 2018-12-29T21:39:48.125359925Z: [    1.735112] Serial: 8250/16550 driver, 4 ports, IRQ sharing disabled
[STDERR  ] 2018-12-29T21:39:48.125371270Z: [    1.777719] 00:04: ttyS0 at I/O 0x3f8 (irq = 4, base_baud = 115200) is a 16550A
[STDERR  ] 2018-12-29T21:39:48.125382688Z: [    1.785672] Non-volatile memory driver v1.3
[STDERR  ] 2018-12-29T21:39:48.125394234Z: [    1.791454] Hangcheck: starting hangcheck timer 0.9.1 (tick is 180 seconds, margin is 60 seconds).
[STDERR  ] 2018-12-29T21:39:48.125405908Z: [    1.800282] random: fast init done
[STDERR  ] 2018-12-29T21:39:48.125419815Z: [    1.804549] random: crng init done
[STDERR  ] 2018-12-29T21:39:48.125431905Z: [    1.809076] brd: module loaded
[STDERR  ] 2018-12-29T21:39:48.125443849Z: [    1.814374] loop: module loaded
[STDERR  ] 2018-12-29T21:39:48.125455202Z: [    1.820978] lpc_ich 0000:00:1f.0: I/O space for GPIO uninitialized
[STDERR  ] 2018-12-29T21:39:48.125467088Z: [    1.827118] VMware PVSCSI driver - version 1.0.7.0-k
[STDERR  ] 2018-12-29T21:39:48.125491104Z: [    1.831917] hv_vmbus: registering driver hv_storvsc
[STDERR  ] 2018-12-29T21:39:48.125517547Z: [    1.837263] ACPI: PCI Interrupt Link [GSIA] enabled at IRQ 16
[STDERR  ] 2018-12-29T21:39:48.125529492Z: [    1.846395] ahci 0000:00:1f.2: AHCI 0001.0000 32 slots 6 ports 1.5 Gbps 0x3f impl SATA mode
[STDERR  ] 2018-12-29T21:39:48.125541798Z: [    1.854385] ahci 0000:00:1f.2: flags: 64bit ncq only 
[STDERR  ] 2018-12-29T21:39:48.125558742Z: [    1.863212] scsi host0: ahci
[STDERR  ] 2018-12-29T21:39:48.125571239Z: [    1.866180] scsi host1: ahci
[STDERR  ] 2018-12-29T21:39:48.125583196Z: [    1.869158] scsi host2: ahci
[STDERR  ] 2018-12-29T21:39:48.125595156Z: [    1.872130] scsi host3: ahci
[STDERR  ] 2018-12-29T21:39:48.125609474Z: [    1.875180] scsi host4: ahci
[STDERR  ] 2018-12-29T21:39:48.125621634Z: [    1.878147] scsi host5: ahci
[STDERR  ] 2018-12-29T21:39:48.125633337Z: [    1.881101] ata1: SATA max UDMA/133 abar m4096@0xfebd2000 port 0xfebd2100 irq 24
[STDERR  ] 2018-12-29T21:39:48.125666006Z: [    1.888233] ata2: SATA max UDMA/133 abar m4096@0xfebd2000 port 0xfebd2180 irq 24
[STDERR  ] 2018-12-29T21:39:48.125692693Z: [    1.895371] ata3: SATA max UDMA/133 abar m4096@0xfebd2000 port 0xfebd2200 irq 24
[STDERR  ] 2018-12-29T21:39:48.125711834Z: [    1.902668] ata4: SATA max UDMA/133 abar m4096@0xfebd2000 port 0xfebd2280 irq 24
[STDERR  ] 2018-12-29T21:39:48.125727762Z: [    1.909767] ata5: SATA max UDMA/133 abar m4096@0xfebd2000 port 0xfebd2300 irq 24
[STDERR  ] 2018-12-29T21:39:48.125739983Z: [    1.916856] ata6: SATA max UDMA/133 abar m4096@0xfebd2000 port 0xfebd2380 irq 24
[STDERR  ] 2018-12-29T21:39:48.125751853Z: [    1.926554] tun: Universal TUN/TAP device driver, 1.6
[STDERR  ] 2018-12-29T21:39:48.125767714Z: [    1.936124] VMware vmxnet3 virtual NIC driver - version 1.4.a.0-k-NAPI
[STDERR  ] 2018-12-29T21:39:48.125781415Z: [    1.942446] hv_vmbus: registering driver hv_netvsc
[STDERR  ] 2018-12-29T21:39:48.125793250Z: [    1.947053] Fusion MPT base driver 3.04.20
[STDERR  ] 2018-12-29T21:39:48.125804844Z: [    1.951059] Copyright (c) 1999-2008 LSI Corporation
[STDERR  ] 2018-12-29T21:39:48.125816480Z: [    1.955784] Fusion MPT SPI Host driver 3.04.20
[STDERR  ] 2018-12-29T21:39:48.125828066Z: [    1.960182] i8042: PNP: PS/2 Controller [PNP0303:KBD,PNP0f13:MOU] at 0x60,0x64 irq 1,12
[STDERR  ] 2018-12-29T21:39:48.125840150Z: [    1.972002] serio: i8042 KBD port at 0x60,0x64 irq 1
[STDERR  ] 2018-12-29T21:39:48.125852245Z: [    1.976828] serio: i8042 AUX port at 0x60,0x64 irq 12
[STDERR  ] 2018-12-29T21:39:48.125866706Z: [    1.981844] hv_vmbus: registering driver hyperv_keyboard
[STDERR  ] 2018-12-29T21:39:48.125885038Z: [    1.987104] mousedev: PS/2 mouse device common for all mice
[STDERR  ] 2018-12-29T21:39:48.125898372Z: [    1.993841] input: AT Translated Set 2 keyboard as /devices/platform/i8042/serio0/input/input1
[STDERR  ] 2018-12-29T21:39:48.125914771Z: [    2.002155] input: PC Speaker as /devices/platform/pcspkr/input/input2
[STDERR  ] 2018-12-29T21:39:48.125930738Z: [    2.008755] rtc_cmos 00:00: RTC can wake from S4
[STDERR  ] 2018-12-29T21:39:48.125942901Z: [    2.015680] rtc_cmos 00:00: rtc core: registered rtc_cmos as rtc0
[STDERR  ] 2018-12-29T21:39:48.125954669Z: [    2.022418] rtc_cmos 00:00: alarms up to one day, y3k, 114 bytes nvram, hpet irqs
[STDERR  ] 2018-12-29T21:39:48.125966934Z: [    2.029688] i2c /dev entries driver
[STDERR  ] 2018-12-29T21:39:48.125978919Z: [    2.033228] device-mapper: ioctl: 4.37.0-ioctl (2017-09-20) initialised: dm-devel@redhat.com
[STDERR  ] 2018-12-29T21:39:48.125990910Z: [    2.042090] usbcore: registered new interface driver usbhid
[STDERR  ] 2018-12-29T21:39:48.126003024Z: [    2.047446] usbhid: USB HID core driver
[STDERR  ] 2018-12-29T21:39:48.126015242Z: [    2.051233] hv_utils: Registering HyperV Utility Driver
[STDERR  ] 2018-12-29T21:39:48.126027279Z: [    2.056273] hv_vmbus: registering driver hv_util
[STDERR  ] 2018-12-29T21:39:48.126039183Z: [    2.060753] hv_vmbus: registering driver hv_balloon
[STDERR  ] 2018-12-29T21:39:48.126057056Z: [    2.065458] oprofile: using NMI interrupt.
[STDERR  ] 2018-12-29T21:39:48.126073764Z: [    2.069478] GACT probability on
[STDERR  ] 2018-12-29T21:39:48.126085543Z: [    2.072562] Mirror/redirect action on
[STDERR  ] 2018-12-29T21:39:48.126097684Z: [    2.076160] Simple TC action Loaded
[STDERR  ] 2018-12-29T21:39:48.126112570Z: [    2.079560] u32 classifier
[STDERR  ] 2018-12-29T21:39:48.126128675Z: [    2.082235]     Performance counters on
[STDERR  ] 2018-12-29T21:39:48.126143972Z: [    2.085938]     input device check on
[STDERR  ] 2018-12-29T21:39:48.126158910Z: [    2.089464]     Actions configured
[STDERR  ] 2018-12-29T21:39:48.126170164Z: [    2.092802] Netfilter messages via NETLINK v0.30.
[STDERR  ] 2018-12-29T21:39:48.126182140Z: [    2.097423] nfnl_acct: registering with nfnetlink.
[STDERR  ] 2018-12-29T21:39:48.126193929Z: [    2.102119] nf_conntrack version 0.5.0 (8192 buckets, 32768 max)
[STDERR  ] 2018-12-29T21:39:48.126208172Z: [    2.107930] ctnetlink v0.93: registering with nfnetlink.
[STDERR  ] 2018-12-29T21:39:48.126224618Z: [    2.113104] nf_tables: (c) 2007-2009 Patrick McHardy <kaber@trash.net>
[STDERR  ] 2018-12-29T21:39:48.126236324Z: [    2.119536] nf_tables_compat: (c) 2012 Pablo Neira Ayuso <pablo@netfilter.org>
[STDERR  ] 2018-12-29T21:39:48.126248086Z: [    2.126524] xt_time: kernel timezone is -0000
[STDERR  ] 2018-12-29T21:39:48.126260004Z: [    2.131084] ip_set: protocol 6
[STDERR  ] 2018-12-29T21:39:48.126277601Z: [    2.134222] ipip: IPv4 and MPLS over IPv4 tunneling driver
[STDERR  ] 2018-12-29T21:39:48.126289454Z: [    2.139951] gre: GRE over IPv4 demultiplexor driver
[STDERR  ] 2018-12-29T21:39:48.126301260Z: [    2.145104] ip_tables: (C) 2000-2006 Netfilter Core Team
[STDERR  ] 2018-12-29T21:39:48.126313184Z: [    2.150498] arp_tables: arp_tables: (C) 2002 David S. Miller
[STDERR  ] 2018-12-29T21:39:48.126329502Z: [    2.156253] NET: Registered protocol family 10
[STDERR  ] 2018-12-29T21:39:48.126341210Z: [    2.161129] Segment Routing with IPv6
[STDERR  ] 2018-12-29T21:39:48.126352709Z: [    2.164950] ip6_tables: (C) 2000-2006 Netfilter Core Team
[STDERR  ] 2018-12-29T21:39:48.126367203Z: [    2.170601] NET: Registered protocol family 17
[STDERR  ] 2018-12-29T21:39:48.126379478Z: [    2.174977] Bridge firewalling registered
[STDERR  ] 2018-12-29T21:39:48.126396748Z: [    2.179139] 8021q: 802.1Q VLAN Support v1.8
[STDERR  ] 2018-12-29T21:39:48.126408375Z: [    2.183258] 9pnet: Installing 9P2000 support
[STDERR  ] 2018-12-29T21:39:48.126420330Z: [    2.187658] Key type dns_resolver registered
[STDERR  ] 2018-12-29T21:39:48.126432285Z: [    2.192124] registered taskstats version 1
[STDERR  ] 2018-12-29T21:39:48.126444216Z: [    2.204697] Key type big_key registered
[STDERR  ] 2018-12-29T21:39:48.126456081Z: [    2.212466] Key type trusted registered
[STDERR  ] 2018-12-29T21:39:48.126482424Z: [    2.220213] Key type encrypted registered
[STDERR  ] 2018-12-29T21:39:48.126501191Z: [    2.224523] ima: No TPM chip found, activating TPM-bypass! (rc=-19)
[STDERR  ] 2018-12-29T21:39:48.126522258Z: [    2.230759] ima: Allocated hash algorithm: sha256
[STDERR  ] 2018-12-29T21:39:48.126534137Z: [    2.235335] evm: HMAC attrs: 0x1
[STDERR  ] 2018-12-29T21:39:48.126545977Z: [    2.239199] ata4: SATA link down (SStatus 0 SControl 300)
[STDERR  ] 2018-12-29T21:39:48.126557875Z: [    2.245286] ata3: SATA link up 1.5 Gbps (SStatus 113 SControl 300)
[STDERR  ] 2018-12-29T21:39:48.126569688Z: [    2.252277] ata2: SATA link down (SStatus 0 SControl 300)
[STDERR  ] 2018-12-29T21:39:48.126588124Z: [    2.258414] ata1: SATA link up 1.5 Gbps (SStatus 113 SControl 300)
[STDERR  ] 2018-12-29T21:39:48.126600249Z: [    2.265278] ata6: SATA link down (SStatus 0 SControl 300)
[STDERR  ] 2018-12-29T21:39:48.126612305Z: [    2.271348] ata5: SATA link down (SStatus 0 SControl 300)
[STDERR  ] 2018-12-29T21:39:48.126623560Z: [    2.278788] rtc_cmos 00:00: setting system clock to 2018-12-29 21:39:35 UTC (1546119575)
[STDERR  ] 2018-12-29T21:39:48.126636486Z: [    2.286614] ata1.00: ATA-7: QEMU HARDDISK, 2.5+, max UDMA/100
[STDERR  ] 2018-12-29T21:39:48.126648774Z: [    2.292164] ata1.00: 1048576 sectors, multi 16: LBA48 NCQ (depth 31/32)
[STDERR  ] 2018-12-29T21:39:48.126660770Z: [    2.298483] ata1.00: applying bridge limits
[STDERR  ] 2018-12-29T21:39:48.126674938Z: [    2.302821] ata3.00: ATAPI: QEMU DVD-ROM, 2.5+, max UDMA/100
[STDERR  ] 2018-12-29T21:39:48.126691197Z: [    2.308248] ata3.00: applying bridge limits
[STDERR  ] 2018-12-29T21:39:48.126708955Z: [    2.314537] ata3.00: configured for UDMA/100
[STDERR  ] 2018-12-29T21:39:48.126720951Z: [    2.319768] ata1.00: configured for UDMA/100
[STDERR  ] 2018-12-29T21:39:48.126732784Z: [    2.324006] scsi 0:0:0:0: Direct-Access     ATA      QEMU HARDDISK    2.5+ PQ: 0 ANSI: 5
[STDERR  ] 2018-12-29T21:39:48.126750744Z: [    2.331883] sd 0:0:0:0: [sda] 1048576 512-byte logical blocks: (537 MB/512 MiB)
[STDERR  ] 2018-12-29T21:39:48.126762857Z: [    2.339097] sd 0:0:0:0: Attached scsi generic sg0 type 0
[STDERR  ] 2018-12-29T21:39:48.126778079Z: [    2.344239] sd 0:0:0:0: [sda] Write Protect is off
[STDERR  ] 2018-12-29T21:39:48.126789573Z: [    2.349443] scsi 2:0:0:0: CD-ROM            QEMU     QEMU DVD-ROM     2.5+ PQ: 0 ANSI: 5
[STDERR  ] 2018-12-29T21:39:48.126801433Z: [    2.357158] sd 0:0:0:0: [sda] Write cache: enabled, read cache: enabled, doesn't support DPO or FUA
[STDERR  ] 2018-12-29T21:39:48.126813381Z: [    2.367833] sd 0:0:0:0: [sda] Attached SCSI disk
[STDERR  ] 2018-12-29T21:39:48.126825656Z: [    2.380930] sr 2:0:0:0: [sr0] scsi3-mmc drive: 4x/4x cd/rw xa/form2 tray
[STDERR  ] 2018-12-29T21:39:48.126840008Z: [    2.387418] cdrom: Uniform CD-ROM driver Revision: 3.20
[STDERR  ] 2018-12-29T21:39:48.126851908Z: [    2.392960] sr 2:0:0:0: Attached scsi generic sg1 type 5
[STDERR  ] 2018-12-29T21:39:48.126864019Z: [    2.399991] Freeing unused kernel memory: 1536K
[STDERR  ] 2018-12-29T21:39:48.126878633Z: [    2.406114] Write protecting the kernel read-only data: 18432k
[STDERR  ] 2018-12-29T21:39:48.126895893Z: [    2.412569] Freeing unused kernel memory: 2024K
[STDERR  ] 2018-12-29T21:39:48.126907354Z: [    2.419846] Freeing unused kernel memory: 1132K
[STDERR  ] 2018-12-29T21:39:48.126918892Z: 
[STDERR  ] 2018-12-29T21:39:48.126931307Z: Welcome to LinuxKit
[STDERR  ] 2018-12-29T21:39:48.126943709Z: 
[STDERR  ] 2018-12-29T21:39:48.126955510Z:                         ##         .
[STDERR  ] 2018-12-29T21:39:48.126967575Z:                   ## ## ##        ==
[STDERR  ] 2018-12-29T21:39:48.126984753Z:                ## ## ## ## ##    ===
[STDERR  ] 2018-12-29T21:39:48.126996149Z:            /"""""""""""""""""\___/ ===
[STDERR  ] 2018-12-29T21:39:48.127008156Z:           {                       /  ===-
[STDERR  ] 2018-12-29T21:39:48.127023215Z:            \______ O           __/
[STDERR  ] 2018-12-29T21:39:48.127038820Z:              \    \         __/
[STDERR  ] 2018-12-29T21:39:48.127050936Z:               \____\_______/
[STDERR  ] 2018-12-29T21:39:48.127063216Z: 
[STDERR  ] 2018-12-29T21:39:48.127075501Z: [    3.168631]  sda:
[STDERR  ] 2018-12-29T21:39:48.127087561Z: [    3.179292]  sda:
[STDERR  ] 2018-12-29T21:39:48.127099740Z: [    3.447355]  sda: sda1
[STDERR  ] 2018-12-29T21:39:48.127111693Z: [    3.453163]  sda: sda1
[STDERR  ] 2018-12-29T21:39:48.127123752Z: 2018/12/29 21:39:35 Creating partition on /dev/sda
[STDERR  ] 2018-12-29T21:39:48.127136085Z: 2018/12/29 21:39:36 Partition /dev/sda1 successfully created!
[STDERR  ] 2018-12-29T21:39:48.127150666Z: [    4.720077] EXT4-fs (sda1): mounted filesystem with ordered data mode. Opts: (null)
[STDERR  ] 2018-12-29T21:39:48.127163593Z: format_mount test suite PASSED
[STDERR  ] 2018-12-29T21:39:48.127177430Z: [   14.990926] sd 0:0:0:0: [sda] Synchronizing SCSI cache
[STDERR  ] 2018-12-29T21:39:48.127189745Z: [   14.997466] sd 0:0:0:0: [sda] Stopping disk
[STDERR  ] 2018-12-29T21:39:48.127206725Z: [   15.003066] ACPI: Preparing to enter system sleep state S5
[STDERR  ] 2018-12-29T21:39:48.127218888Z: [   15.009071] reboot: Power down
[STDERR  ] 2018-12-29T21:39:48.127231129Z: + grep -q suite PASSED
[STDOUT  ] 2018-12-29T21:39:48.127255545Z: [    0.000000] Linux version 4.14.90-linuxkit (root@0ff365c31169) (gcc version 6.4.0 (Alpine 6.4.0)) #1 SMP Sat Dec 22 11:49:10 UTC 2018
[STDOUT  ] 2018-12-29T21:39:48.127285072Z: [    0.000000] Command line: console=ttyS0 console=ttyAMA0
[STDOUT  ] 2018-12-29T21:39:48.127293751Z: [    0.000000] x86/fpu: x87 FPU will use FXSAVE
[STDOUT  ] 2018-12-29T21:39:48.127306754Z: [    0.000000] e820: BIOS-provided physical RAM map:
[STDOUT  ] 2018-12-29T21:39:48.127315011Z: [    0.000000] BIOS-e820: [mem 0x0000000000000000-0x000000000009fbff] usable
[STDOUT  ] 2018-12-29T21:39:48.127323906Z: [    0.000000] BIOS-e820: [mem 0x000000000009fc00-0x000000000009ffff] reserved
[STDOUT  ] 2018-12-29T21:39:48.127331940Z: [    0.000000] BIOS-e820: [mem 0x00000000000f0000-0x00000000000fffff] reserved
[STDOUT  ] 2018-12-29T21:39:48.127339959Z: [    0.000000] BIOS-e820: [mem 0x0000000000100000-0x000000003ffdefff] usable
[STDOUT  ] 2018-12-29T21:39:48.127347959Z: [    0.000000] BIOS-e820: [mem 0x000000003ffdf000-0x000000003fffffff] reserved
[STDOUT  ] 2018-12-29T21:39:48.127355998Z: [    0.000000] BIOS-e820: [mem 0x00000000b0000000-0x00000000bfffffff] reserved
[STDOUT  ] 2018-12-29T21:39:48.127364546Z: [    0.000000] BIOS-e820: [mem 0x00000000fed1c000-0x00000000fed1ffff] reserved
[STDOUT  ] 2018-12-29T21:39:48.127372559Z: [    0.000000] BIOS-e820: [mem 0x00000000feffc000-0x00000000feffffff] reserved
[STDOUT  ] 2018-12-29T21:39:48.127380602Z: [    0.000000] BIOS-e820: [mem 0x00000000fffc0000-0x00000000ffffffff] reserved
[STDOUT  ] 2018-12-29T21:39:48.127388731Z: [    0.000000] NX (Execute Disable) protection: active
[STDOUT  ] 2018-12-29T21:39:48.127397129Z: [    0.000000] SMBIOS 2.8 present.
[STDOUT  ] 2018-12-29T21:39:48.127405320Z: [    0.000000] DMI: QEMU Standard PC (Q35 + ICH9, 2009), BIOS 1.10.2-1 04/01/2014
[STDOUT  ] 2018-12-29T21:39:48.127413468Z: [    0.000000] Hypervisor detected: KVM
[STDOUT  ] 2018-12-29T21:39:48.127421719Z: [    0.000000] tsc: Fast TSC calibration failed
[STDOUT  ] 2018-12-29T21:39:48.127430517Z: [    0.000000] tsc: Unable to calibrate against PIT
[STDOUT  ] 2018-12-29T21:39:48.127438669Z: [    0.000000] tsc: No reference (HPET/PMTIMER) available
[STDOUT  ] 2018-12-29T21:39:48.127446211Z: [    0.000000] e820: last_pfn = 0x3ffdf max_arch_pfn = 0x400000000
[STDOUT  ] 2018-12-29T21:39:48.127453863Z: [    0.000000] x86/PAT: PAT not supported by CPU.
[STDOUT  ] 2018-12-29T21:39:48.127461320Z: [    0.000000] x86/PAT: Configuration [0-7]: WB  WT  UC- UC  WB  WT  UC- UC  
[STDOUT  ] 2018-12-29T21:39:48.127468943Z: [    0.000000] found SMP MP-table at [mem 0x000f6a90-0x000f6a9f] mapped at [ffffffffff200a90]
[STDOUT  ] 2018-12-29T21:39:48.127486573Z: [    0.000000] RAMDISK: [mem 0x3db11000-0x3ffcffff]
[STDOUT  ] 2018-12-29T21:39:48.127494367Z: [    0.000000] ACPI: Early table checksum verification disabled
[STDOUT  ] 2018-12-29T21:39:48.127515457Z: [    0.000000] ACPI: RSDP 0x00000000000F68D0 000014 (v00 BOCHS )
[STDOUT  ] 2018-12-29T21:39:48.127523458Z: [    0.000000] ACPI: RSDT 0x000000003FFE2404 000034 (v01 BOCHS  BXPCRSDT 00000001 BXPC 00000001)
[STDOUT  ] 2018-12-29T21:39:48.127531528Z: [    0.000000] ACPI: FACP 0x000000003FFE22A4 000074 (v01 BOCHS  BXPCFACP 00000001 BXPC 00000001)
[STDOUT  ] 2018-12-29T21:39:48.127539612Z: [    0.000000] ACPI: DSDT 0x000000003FFE0040 002264 (v01 BOCHS  BXPCDSDT 00000001 BXPC 00000001)
[STDOUT  ] 2018-12-29T21:39:48.127547453Z: [    0.000000] ACPI: FACS 0x000000003FFE0000 000040
[STDOUT  ] 2018-12-29T21:39:48.127555750Z: [    0.000000] ACPI: APIC 0x000000003FFE2318 000078 (v01 BOCHS  BXPCAPIC 00000001 BXPC 00000001)
[STDOUT  ] 2018-12-29T21:39:48.127563929Z: [    0.000000] ACPI: HPET 0x000000003FFE2390 000038 (v01 BOCHS  BXPCHPET 00000001 BXPC 00000001)
[STDOUT  ] 2018-12-29T21:39:48.127572520Z: [    0.000000] ACPI: MCFG 0x000000003FFE23C8 00003C (v01 BOCHS  BXPCMCFG 00000001 BXPC 00000001)
[STDOUT  ] 2018-12-29T21:39:48.127580989Z: [    0.000000] kvm-clock: Using msrs 4b564d01 and 4b564d00
[STDOUT  ] 2018-12-29T21:39:48.127588568Z: [    0.000000] kvm-clock: cpu 0, msr 0:3ffdd001, primary cpu clock
[STDOUT  ] 2018-12-29T21:39:48.127597000Z: [    0.000000] clocksource: kvm-clock: mask: 0xffffffffffffffff max_cycles: 0x1cd42e4dffb, max_idle_ns: 881590591483 ns
[STDOUT  ] 2018-12-29T21:39:48.127606035Z: [    0.000000] Zone ranges:
[STDOUT  ] 2018-12-29T21:39:48.127614615Z: [    0.000000]   DMA      [mem 0x0000000000001000-0x0000000000ffffff]
[STDOUT  ] 2018-12-29T21:39:48.127626862Z: [    0.000000]   DMA32    [mem 0x0000000001000000-0x000000003ffdefff]
[STDOUT  ] 2018-12-29T21:39:48.127635169Z: [    0.000000]   Normal   empty
[STDOUT  ] 2018-12-29T21:39:48.127644822Z: [    0.000000]   Device   empty
[STDOUT  ] 2018-12-29T21:39:48.127653434Z: [    0.000000] Movable zone start for each node
[STDOUT  ] 2018-12-29T21:39:48.127662586Z: [    0.000000] Early memory node ranges
[STDOUT  ] 2018-12-29T21:39:48.127671694Z: [    0.000000]   node   0: [mem 0x0000000000001000-0x000000000009efff]
[STDOUT  ] 2018-12-29T21:39:48.127680098Z: [    0.000000]   node   0: [mem 0x0000000000100000-0x000000003ffdefff]
[STDOUT  ] 2018-12-29T21:39:48.127688690Z: [    0.000000] Initmem setup node 0 [mem 0x0000000000001000-0x000000003ffdefff]
[STDOUT  ] 2018-12-29T21:39:48.127699243Z: [    0.000000] ACPI: PM-Timer IO Port: 0x608
[STDOUT  ] 2018-12-29T21:39:48.127708214Z: [    0.000000] ACPI: LAPIC_NMI (acpi_id[0xff] dfl dfl lint[0x1])
[STDOUT  ] 2018-12-29T21:39:48.127716056Z: [    0.000000] IOAPIC[0]: apic_id 0, version 17, address 0xfec00000, GSI 0-23
[STDOUT  ] 2018-12-29T21:39:48.127724111Z: [    0.000000] ACPI: INT_SRC_OVR (bus 0 bus_irq 0 global_irq 2 dfl dfl)
[STDOUT  ] 2018-12-29T21:39:48.127735050Z: [    0.000000] ACPI: INT_SRC_OVR (bus 0 bus_irq 5 global_irq 5 high level)
[STDOUT  ] 2018-12-29T21:39:48.127743092Z: [    0.000000] ACPI: INT_SRC_OVR (bus 0 bus_irq 9 global_irq 9 high level)
[STDOUT  ] 2018-12-29T21:39:48.127751183Z: [    0.000000] ACPI: INT_SRC_OVR (bus 0 bus_irq 10 global_irq 10 high level)
[STDOUT  ] 2018-12-29T21:39:48.127759403Z: [    0.000000] ACPI: INT_SRC_OVR (bus 0 bus_irq 11 global_irq 11 high level)
[STDOUT  ] 2018-12-29T21:39:48.127767509Z: [    0.000000] Using ACPI (MADT) for SMP configuration information
[STDOUT  ] 2018-12-29T21:39:48.127775694Z: [    0.000000] ACPI: HPET id: 0x8086a201 base: 0xfed00000
[STDOUT  ] 2018-12-29T21:39:48.127783839Z: [    0.000000] smpboot: Allowing 1 CPUs, 0 hotplug CPUs
[STDOUT  ] 2018-12-29T21:39:48.127799156Z: [    0.000000] e820: [mem 0x40000000-0xafffffff] available for PCI devices
[STDOUT  ] 2018-12-29T21:39:48.127807451Z: [    0.000000] Booting paravirtualized kernel on KVM
[STDOUT  ] 2018-12-29T21:39:48.127815783Z: [    0.000000] clocksource: refined-jiffies: mask: 0xffffffff max_cycles: 0xffffffff, max_idle_ns: 1910969940391419 ns
[STDOUT  ] 2018-12-29T21:39:48.127824276Z: [    0.000000] random: get_random_bytes called from start_kernel+0x92/0x4d1 with crng_init=0
[STDOUT  ] 2018-12-29T21:39:48.127836529Z: [    0.000000] setup_percpu: NR_CPUS:128 nr_cpumask_bits:128 nr_cpu_ids:1 nr_node_ids:1
[STDOUT  ] 2018-12-29T21:39:48.127844847Z: [    0.000000] percpu: Embedded 45 pages/cpu @ffff9e0bbd800000 s144216 r8192 d31912 u2097152
[STDOUT  ] 2018-12-29T21:39:48.127853138Z: [    0.000000] KVM setup async PF for cpu 0
[STDOUT  ] 2018-12-29T21:39:48.127862808Z: [    0.000000] kvm-stealtime: cpu 0, msr 3d815f40
[STDOUT  ] 2018-12-29T21:39:48.127871102Z: [    0.000000] Built 1 zonelists, mobility grouping on.  Total pages: 257896
[STDOUT  ] 2018-12-29T21:39:48.127879168Z: [    0.000000] Kernel command line: console=ttyS0 console=ttyAMA0
[STDOUT  ] 2018-12-29T21:39:48.127887089Z: [    0.000000] PID hash table entries: 4096 (order: 3, 32768 bytes)
[STDOUT  ] 2018-12-29T21:39:48.127895203Z: [    0.000000] Dentry cache hash table entries: 131072 (order: 8, 1048576 bytes)
[STDOUT  ] 2018-12-29T21:39:48.127902776Z: [    0.000000] Inode-cache hash table entries: 65536 (order: 7, 524288 bytes)
[STDOUT  ] 2018-12-29T21:39:48.127911277Z: [    0.000000] Memory: 967228K/1048052K available (12300K kernel code, 1451K rwdata, 2964K rodata, 1536K init, 580K bss, 80824K reserved, 0K cma-reserved)
[STDOUT  ] 2018-12-29T21:39:48.127920386Z: [    0.000000] Kernel/User page tables isolation: enabled
[STDOUT  ] 2018-12-29T21:39:48.127931755Z: [    0.000000] ftrace: allocating 40613 entries in 159 pages
[STDOUT  ] 2018-12-29T21:39:48.127941035Z: [    0.001000] Hierarchical RCU implementation.
[STDOUT  ] 2018-12-29T21:39:48.127955906Z: [    0.001000] 	RCU restricting CPUs from NR_CPUS=128 to nr_cpu_ids=1.
[STDOUT  ] 2018-12-29T21:39:48.127963822Z: [    0.001000] RCU: Adjusting geometry for rcu_fanout_leaf=16, nr_cpu_ids=1
[STDOUT  ] 2018-12-29T21:39:48.127971391Z: [    0.001000] NR_IRQS: 8448, nr_irqs: 256, preallocated irqs: 16
[STDOUT  ] 2018-12-29T21:39:48.127979061Z: [    0.001000] Console: colour VGA+ 80x25
[STDOUT  ] 2018-12-29T21:39:48.127987658Z: [    0.001000] console [ttyS0] enabled
[STDOUT  ] 2018-12-29T21:39:48.127995651Z: [    0.001000] clocksource: hpet: mask: 0xffffffff max_cycles: 0xffffffff, max_idle_ns: 19112604467 ns
[STDOUT  ] 2018-12-29T21:39:48.128004125Z: [    0.001024] tsc: Detected 2299.848 MHz processor
[STDOUT  ] 2018-12-29T21:39:48.128012882Z: [    0.002029] Calibrating delay loop (skipped) preset value.. 4599.69 BogoMIPS (lpj=2299848)
[STDOUT  ] 2018-12-29T21:39:48.128021161Z: [    0.003033] pid_max: default: 32768 minimum: 301
[STDOUT  ] 2018-12-29T21:39:48.128032141Z: [    0.004049] ACPI: Core revision 20170728
[STDOUT  ] 2018-12-29T21:39:48.128040123Z: [    0.006709] ACPI: 1 ACPI AML tables successfully acquired and loaded
[STDOUT  ] 2018-12-29T21:39:48.128048419Z: [    0.007099] Security Framework initialized
[STDOUT  ] 2018-12-29T21:39:48.128056363Z: [    0.008024] Yama: becoming mindful.
[STDOUT  ] 2018-12-29T21:39:48.128064527Z: [    0.009062] Mount-cache hash table entries: 2048 (order: 2, 16384 bytes)
[STDOUT  ] 2018-12-29T21:39:48.128073104Z: [    0.010028] Mountpoint-cache hash table entries: 2048 (order: 2, 16384 bytes)
[STDOUT  ] 2018-12-29T21:39:48.128081694Z: [    0.013064] Last level iTLB entries: 4KB 0, 2MB 0, 4MB 0
[STDOUT  ] 2018-12-29T21:39:48.128089140Z: [    0.014033] Last level dTLB entries: 4KB 0, 2MB 0, 4MB 0, 1GB 0
[STDOUT  ] 2018-12-29T21:39:48.128097069Z: [    0.015026] Spectre V2 : Mitigation: Full generic retpoline
[STDOUT  ] 2018-12-29T21:39:48.128105318Z: [    0.016023] Spectre V2 : Spectre v2 / SpectreRSB mitigation: Filling RSB on context switch
[STDOUT  ] 2018-12-29T21:39:48.128113014Z: [    0.017024] Speculative Store Bypass: Vulnerable
[STDOUT  ] 2018-12-29T21:39:48.128120557Z: [    0.026417] Freeing SMP alternatives memory: 20K
[STDOUT  ] 2018-12-29T21:39:48.128128190Z: [    0.027529] smpboot: Max logical packages: 1
[STDOUT  ] 2018-12-29T21:39:48.128136361Z: [    0.031354] x2apic enabled
[STDOUT  ] 2018-12-29T21:39:48.128145126Z: [    0.032024] Switched APIC routing to physical x2apic.
[STDOUT  ] 2018-12-29T21:39:48.128157126Z: [    0.044673] ..TIMER: vector=0x30 apic1=0 pin1=2 apic2=-1 pin2=-1
[STDOUT  ] 2018-12-29T21:39:48.128165235Z: [    0.045000] smpboot: CPU0: Intel QEMU Virtual CPU version 2.5+ (family: 0x6, model: 0x6, stepping: 0x3)
[STDOUT  ] 2018-12-29T21:39:48.128173610Z: [    0.045114] Performance Events: PMU not available due to virtualization, using software events only.
[STDOUT  ] 2018-12-29T21:39:48.128181380Z: [    0.048346] Hierarchical SRCU implementation.
[STDOUT  ] 2018-12-29T21:39:48.128189341Z: [    0.049116] NMI watchdog: Perf event create on CPU 0 failed with -2
[STDOUT  ] 2018-12-29T21:39:48.128200418Z: [    0.050005] NMI watchdog: Perf NMI watchdog permanently disabled
[STDOUT  ] 2018-12-29T21:39:48.128208548Z: [    0.051075] smp: Bringing up secondary CPUs ...
[STDOUT  ] 2018-12-29T21:39:48.128216629Z: [    0.052005] smp: Brought up 1 node, 1 CPU
[STDOUT  ] 2018-12-29T21:39:48.128224739Z: [    0.053008] smpboot: Total of 1 processors activated (4599.69 BogoMIPS)
[STDOUT  ] 2018-12-29T21:39:48.128232615Z: [    0.057197] devtmpfs: initialized
[STDOUT  ] 2018-12-29T21:39:48.128241327Z: [    0.058063] x86/mm: Memory block size: 128MB
[STDOUT  ] 2018-12-29T21:39:48.128249747Z: [    0.059237] evm: security.ima
[STDOUT  ] 2018-12-29T21:39:48.128257360Z: [    0.060012] evm: security.capability
[STDOUT  ] 2018-12-29T21:39:48.128265381Z: [    0.061159] clocksource: jiffies: mask: 0xffffffff max_cycles: 0xffffffff, max_idle_ns: 1911260446275000 ns
[STDOUT  ] 2018-12-29T21:39:48.128276429Z: [    0.062014] futex hash table entries: 256 (order: 2, 16384 bytes)
[STDOUT  ] 2018-12-29T21:39:48.128289486Z: [    0.063212] NET: Registered protocol family 16
[STDOUT  ] 2018-12-29T21:39:48.128297640Z: [    0.064197] cpuidle: using governor ladder
[STDOUT  ] 2018-12-29T21:39:48.128305430Z: [    0.065007] cpuidle: using governor menu
[STDOUT  ] 2018-12-29T21:39:48.128313367Z: [    0.067009] ACPI: bus type PCI registered
[STDOUT  ] 2018-12-29T21:39:48.128325766Z: [    0.069305] PCI: MMCONFIG for domain 0000 [bus 00-ff] at [mem 0xb0000000-0xbfffffff] (base 0xb0000000)
[STDOUT  ] 2018-12-29T21:39:48.128334852Z: [    0.070009] PCI: MMCONFIG at [mem 0xb0000000-0xbfffffff] reserved in E820
[STDOUT  ] 2018-12-29T21:39:48.128343988Z: [    0.072023] PCI: Using configuration type 1 for base access
[STDOUT  ] 2018-12-29T21:39:48.128352840Z: [    0.075278] HugeTLB registered 2.00 MiB page size, pre-allocated 0 pages
[STDOUT  ] 2018-12-29T21:39:48.128362819Z: [    0.077042] ACPI: Added _OSI(Module Device)
[STDOUT  ] 2018-12-29T21:39:48.128371166Z: [    0.078006] ACPI: Added _OSI(Processor Device)
[STDOUT  ] 2018-12-29T21:39:48.128379633Z: [    0.079006] ACPI: Added _OSI(3.0 _SCP Extensions)
[STDOUT  ] 2018-12-29T21:39:48.128387604Z: [    0.080005] ACPI: Added _OSI(Processor Aggregator Device)
[STDOUT  ] 2018-12-29T21:39:48.128396070Z: [    0.085172] ACPI: Interpreter enabled
[STDOUT  ] 2018-12-29T21:39:48.128404372Z: [    0.086014] ACPI: (supports S0 S5)
[STDOUT  ] 2018-12-29T21:39:48.128412993Z: [    0.087004] ACPI: Using IOAPIC for interrupt routing
[STDOUT  ] 2018-12-29T21:39:48.128421887Z: [    0.088059] PCI: Using host bridge windows from ACPI; if necessary, use "pci=nocrs" and report a bug
[STDOUT  ] 2018-12-29T21:39:48.128430775Z: [    0.090337] ACPI: Enabled 2 GPEs in block 00 to 3F
[STDOUT  ] 2018-12-29T21:39:48.128439936Z: [    0.095119] ACPI: PCI Root Bridge [PCI0] (domain 0000 [bus 00-ff])
[STDOUT  ] 2018-12-29T21:39:48.128451157Z: [    0.096019] acpi PNP0A08:00: _OSC: OS supports [ExtendedConfig ASPM ClockPM Segments MSI]
[STDOUT  ] 2018-12-29T21:39:48.128459975Z: [    0.097149] acpi PNP0A08:00: _OSC: OS now controls [PCIeHotplug PME PCIeCapability]
[STDOUT  ] 2018-12-29T21:39:48.128468651Z: [    0.099018] PCI host bridge to bus 0000:00
[STDOUT  ] 2018-12-29T21:39:48.128488124Z: [    0.100008] pci_bus 0000:00: root bus resource [io  0x0000-0x0cf7 window]
[STDOUT  ] 2018-12-29T21:39:48.128496870Z: [    0.101008] pci_bus 0000:00: root bus resource [io  0x0d00-0xffff window]
[STDOUT  ] 2018-12-29T21:39:48.128522014Z: [    0.102007] pci_bus 0000:00: root bus resource [mem 0x000a0000-0x000bffff window]
[STDOUT  ] 2018-12-29T21:39:48.128530615Z: [    0.103007] pci_bus 0000:00: root bus resource [mem 0xc0000000-0xfebfffff window]
[STDOUT  ] 2018-12-29T21:39:48.128539226Z: [    0.104007] pci_bus 0000:00: root bus resource [bus 00-ff]
[STDOUT  ] 2018-12-29T21:39:48.128547259Z: [    0.172907] pci 0000:00:1f.0: quirk: [io  0x0600-0x067f] claimed by ICH6 ACPI/GPIO/TCO
[STDOUT  ] 2018-12-29T21:39:48.128559479Z: [    0.198942] ACPI: PCI Interrupt Link [LNKA] (IRQs 5 *10 11)
[STDOUT  ] 2018-12-29T21:39:48.128569016Z: [    0.199305] ACPI: PCI Interrupt Link [LNKB] (IRQs 5 *10 11)
[STDOUT  ] 2018-12-29T21:39:48.128580829Z: [    0.200305] ACPI: PCI Interrupt Link [LNKC] (IRQs 5 10 *11)
[STDOUT  ] 2018-12-29T21:39:48.128589722Z: [    0.202323] ACPI: PCI Interrupt Link [LNKD] (IRQs 5 10 *11)
[STDOUT  ] 2018-12-29T21:39:48.128598364Z: [    0.204020] ACPI: PCI Interrupt Link [LNKE] (IRQs 5 *10 11)
[STDOUT  ] 2018-12-29T21:39:48.128606940Z: [    0.205303] ACPI: PCI Interrupt Link [LNKF] (IRQs 5 *10 11)
[STDOUT  ] 2018-12-29T21:39:48.128615438Z: [    0.206304] ACPI: PCI Interrupt Link [LNKG] (IRQs 5 10 *11)
[STDOUT  ] 2018-12-29T21:39:48.128623586Z: [    0.208171] ACPI: PCI Interrupt Link [LNKH] (IRQs 5 10 *11)
[STDOUT  ] 2018-12-29T21:39:48.128631817Z: [    0.209168] ACPI: PCI Interrupt Link [GSIA] (IRQs *16)
[STDOUT  ] 2018-12-29T21:39:48.128640127Z: [    0.210024] ACPI: PCI Interrupt Link [GSIB] (IRQs *17)
[STDOUT  ] 2018-12-29T21:39:48.128649071Z: [    0.211022] ACPI: PCI Interrupt Link [GSIC] (IRQs *18)
[STDOUT  ] 2018-12-29T21:39:48.128663041Z: [    0.212025] ACPI: PCI Interrupt Link [GSID] (IRQs *19)
[STDOUT  ] 2018-12-29T21:39:48.128671992Z: [    0.213028] ACPI: PCI Interrupt Link [GSIE] (IRQs *20)
[STDOUT  ] 2018-12-29T21:39:48.128681049Z: [    0.214025] ACPI: PCI Interrupt Link [GSIF] (IRQs *21)
[STDOUT  ] 2018-12-29T21:39:48.128689677Z: [    0.215020] ACPI: PCI Interrupt Link [GSIG] (IRQs *22)
[STDOUT  ] 2018-12-29T21:39:48.128698183Z: [    0.216023] ACPI: PCI Interrupt Link [GSIH] (IRQs *23)
[STDOUT  ] 2018-12-29T21:39:48.128706979Z: [    0.217393] SCSI subsystem initialized
[STDOUT  ] 2018-12-29T21:39:48.128715797Z: [    0.218114] ACPI: bus type USB registered
[STDOUT  ] 2018-12-29T21:39:48.128724122Z: [    0.219053] usbcore: registered new interface driver usbfs
[STDOUT  ] 2018-12-29T21:39:48.128732054Z: [    0.220031] usbcore: registered new interface driver hub
[STDOUT  ] 2018-12-29T21:39:48.128740498Z: [    0.221030] usbcore: registered new device driver usb
[STDOUT  ] 2018-12-29T21:39:48.128749056Z: [    0.222038] pps_core: LinuxPPS API ver. 1 registered
[STDOUT  ] 2018-12-29T21:39:48.128760021Z: [    0.223003] pps_core: Software ver. 5.3.6 - Copyright 2005-2007 Rodolfo Giometti <giometti@linux.it>
[STDOUT  ] 2018-12-29T21:39:48.128769012Z: [    0.224021] PTP clock support registered
[STDOUT  ] 2018-12-29T21:39:48.128777661Z: [    0.225087] PCI: Using ACPI for IRQ routing
[STDOUT  ] 2018-12-29T21:39:48.128785778Z: [    0.706682] NetLabel: Initializing
[STDOUT  ] 2018-12-29T21:39:48.128794304Z: [    0.707003] NetLabel:  domain hash size = 128
[STDOUT  ] 2018-12-29T21:39:48.128802907Z: [    0.708003] NetLabel:  protocols = UNLABELED CIPSOv4 CALIPSO
[STDOUT  ] 2018-12-29T21:39:48.128811475Z: [    0.709037] NetLabel:  unlabeled traffic allowed by default
[STDOUT  ] 2018-12-29T21:39:48.128821340Z: [    0.710175] HPET: 3 timers in total, 0 timers will be used for per-cpu timer
[STDOUT  ] 2018-12-29T21:39:48.128830346Z: [    0.711167] hpet0: at MMIO 0xfed00000, IRQs 2, 8, 0
[STDOUT  ] 2018-12-29T21:39:48.128838650Z: [    0.712007] hpet0: 3 comparators, 64-bit 100.000000 MHz counter
[STDOUT  ] 2018-12-29T21:39:48.128921748Z: [    0.715041] clocksource: Switched to clocksource kvm-clock
[STDOUT  ] 2018-12-29T21:39:48.128933611Z: [    0.739537] VFS: Disk quotas dquot_6.6.0
[STDOUT  ] 2018-12-29T21:39:48.128942473Z: [    0.743479] VFS: Dquot-cache hash table entries: 512 (order 0, 4096 bytes)
[STDOUT  ] 2018-12-29T21:39:48.128955499Z: [    0.750278] FS-Cache: Loaded
[STDOUT  ] 2018-12-29T21:39:48.128964101Z: [    0.753194] CacheFiles: Loaded
[STDOUT  ] 2018-12-29T21:39:48.128972456Z: [    0.756262] pnp: PnP ACPI init
[STDOUT  ] 2018-12-29T21:39:48.128984376Z: [    0.760478] pnp: PnP ACPI: found 5 devices
[STDOUT  ] 2018-12-29T21:39:48.128992137Z: [    0.770714] clocksource: acpi_pm: mask: 0xffffff max_cycles: 0xffffff, max_idle_ns: 2085701024 ns
[STDOUT  ] 2018-12-29T21:39:48.129000694Z: [    0.779299] NET: Registered protocol family 2
[STDOUT  ] 2018-12-29T21:39:48.129014463Z: [    0.783740] TCP established hash table entries: 8192 (order: 4, 65536 bytes)
[STDOUT  ] 2018-12-29T21:39:48.129023663Z: [    0.790507] TCP bind hash table entries: 8192 (order: 5, 131072 bytes)
[STDOUT  ] 2018-12-29T21:39:48.129034304Z: [    0.797434] TCP: Hash tables configured (established 8192 bind 8192)
[STDOUT  ] 2018-12-29T21:39:48.129042958Z: [    0.803619] UDP hash table entries: 512 (order: 2, 16384 bytes)
[STDOUT  ] 2018-12-29T21:39:48.129053805Z: [    0.809305] UDP-Lite hash table entries: 512 (order: 2, 16384 bytes)
[STDOUT  ] 2018-12-29T21:39:48.129062168Z: [    0.815620] NET: Registered protocol family 1
[STDOUT  ] 2018-12-29T21:39:48.129071026Z: [    0.820195] pci 0000:00:01.0: Video device with shadowed ROM at [mem 0x000c0000-0x000dffff]
[STDOUT  ] 2018-12-29T21:39:48.129079945Z: [    0.828552] Trying to unpack rootfs image as initramfs...
[STDOUT  ] 2018-12-29T21:39:48.129088358Z: [    1.553171] Freeing initrd memory: 37628K
[STDOUT  ] 2018-12-29T21:39:48.129096560Z: [    1.557246] clocksource: tsc: mask: 0xffffffffffffffff max_cycles: 0x2126a59471c, max_idle_ns: 440795280417 ns
[STDOUT  ] 2018-12-29T21:39:48.129108898Z: [    1.567402] PCLMULQDQ-NI instructions are not detected.
[STDOUT  ] 2018-12-29T21:39:48.129117524Z: [    1.572520] AVX or AES-NI instructions are not detected.
[STDOUT  ] 2018-12-29T21:39:48.129125545Z: [    1.577656] CPU feature 'AVX registers' is not supported.
[STDOUT  ] 2018-12-29T21:39:48.129133851Z: [    1.582980] CPU feature 'AVX registers' is not supported.
[STDOUT  ] 2018-12-29T21:39:48.129142393Z: [    1.588189] CPU feature 'AVX registers' is not supported.
[STDOUT  ] 2018-12-29T21:39:48.129150905Z: [    1.593364] CPU feature 'AVX registers' is not supported.
[STDOUT  ] 2018-12-29T21:39:48.129161506Z: [    1.598633] AVX2 or AES-NI instructions are not detected.
[STDOUT  ] 2018-12-29T21:39:48.129170279Z: [    1.603357] AVX2 instructions are not detected.
[STDOUT  ] 2018-12-29T21:39:48.129178329Z: [    1.607458] audit: initializing netlink subsys (disabled)
[STDOUT  ] 2018-12-29T21:39:48.129187062Z: [    1.612595] audit: type=2000 audit(1546119573.645:1): state=initialized audit_enabled=0 res=1
[STDOUT  ] 2018-12-29T21:39:48.129196755Z: [    1.620036] workingset: timestamp_bits=46 max_order=18 bucket_order=0
[STDOUT  ] 2018-12-29T21:39:48.129207211Z: [    1.625962] squashfs: version 4.0 (2009/01/31) Phillip Lougher
[STDOUT  ] 2018-12-29T21:39:48.129215582Z: [    1.631128] FS-Cache: Netfs 'cifs' registered for caching
[STDOUT  ] 2018-12-29T21:39:48.129224080Z: [    1.635830] fuse init (API version 7.26)
[STDOUT  ] 2018-12-29T21:39:48.129232893Z: [    1.639370] SGI XFS with ACLs, security attributes, no debug enabled
