[INFO    ] 2019-06-07T09:27:46.932836197Z: Running Test linuxkit.kernel.kmod_4.14.x in /tmp/build/test/cases/020_kernel/012_kmod_4.14.x
[INFO    ] 2019-06-07T09:27:46.933006171Z: Running command: [/bin/sh -x /tmp/build/test/cases/020_kernel/012_kmod_4.14.x/test.sh]
[STDERR  ] 2019-06-07T09:27:46.976926758Z: + set -e
[STDERR  ] 2019-06-07T09:27:46.977032536Z: + . /tmp/build/test/cases/_lib/lib.sh
[STDERR  ] 2019-06-07T09:27:46.977050688Z: + [ -f src/github.com/linuxkit/rtf/lib/lib.sh ]
[STDERR  ] 2019-06-07T09:27:46.977064795Z: + LINUXKIT_TMPDIR=/tmp/build/test/cases/_tmp
[STDERR  ] 2019-06-07T09:27:46.977077007Z: + [ -f /tmp/build/test/cases/_tmp/env.sh ]
[STDERR  ] 2019-06-07T09:27:46.977090345Z: + . /tmp/build/test/cases/_tmp/env.sh
[STDERR  ] 2019-06-07T09:27:46.977104600Z: + export LINUXKIT_EXAMPLES_DIR=/tmp/build/test/cases/../../examples
[STDERR  ] 2019-06-07T09:27:46.977119037Z: + RT_CANCEL=253
[STDERR  ] 2019-06-07T09:27:46.977132599Z: + NAME=kmod
[STDERR  ] 2019-06-07T09:27:46.977145906Z: + IMAGE_NAME=kmod-test
[STDERR  ] 2019-06-07T09:27:46.977161669Z: + trap clean_up EXIT
[STDERR  ] 2019-06-07T09:27:46.977175038Z: + docker pull linuxkit/kernel:4.14.123
[STDOUT  ] 2019-06-07T09:27:48.213439310Z: 4.14.123: Pulling from linuxkit/kernel
[STDOUT  ] 2019-06-07T09:27:48.595281778Z: Digest: sha256:891c53dfb4ef3b812828742b5e455fa5de4741c31c832729f005f866befe3957
[STDOUT  ] 2019-06-07T09:27:48.603306560Z: Status: Downloaded newer image for linuxkit/kernel:4.14.123
[STDERR  ] 2019-06-07T09:27:48.604911484Z: + docker build -t kmod-test .
[STDOUT  ] 2019-06-07T09:27:48.682123520Z: Sending build context to Docker daemon  8.704kB
[STDOUT  ] 2019-06-07T09:27:48.779488842Z: Step 1/12 : FROM linuxkit/kernel:4.14.123 AS ksrc
[STDOUT  ] 2019-06-07T09:27:48.779985976Z:  ---> ea505c63121c
[STDOUT  ] 2019-06-07T09:27:48.780047299Z: Step 2/12 : FROM linuxkit/alpine:86cd4f51b49fb9a078b50201d892a3c7973d48ec AS build
[STDOUT  ] 2019-06-07T09:27:48.780655203Z:  ---> 859b94cde25f
[STDOUT  ] 2019-06-07T09:27:48.780678238Z: Step 3/12 : RUN apk add build-base elfutils-dev
[STDOUT  ] 2019-06-07T09:27:48.781054498Z:  ---> Using cache
[STDOUT  ] 2019-06-07T09:27:48.781082849Z:  ---> ddf359be87d3
[STDOUT  ] 2019-06-07T09:27:48.781094961Z: Step 4/12 : COPY --from=ksrc /kernel-dev.tar /
[STDOUT  ] 2019-06-07T09:27:50.054102197Z:  ---> 7984ab8212b0
[STDOUT  ] 2019-06-07T09:27:50.054152151Z: Step 5/12 : RUN tar xf kernel-dev.tar
[STDOUT  ] 2019-06-07T09:27:50.110338214Z:  ---> Running in fd82e9e31a67
[STDOUT  ] 2019-06-07T09:27:57.785460640Z: Removing intermediate container fd82e9e31a67
[STDOUT  ] 2019-06-07T09:27:57.785570730Z:  ---> 9689436b8477
[STDOUT  ] 2019-06-07T09:27:57.785662072Z: Step 6/12 : WORKDIR /kmod
[STDOUT  ] 2019-06-07T09:27:57.866169570Z:  ---> Running in 6fa12a8ae06f
[STDOUT  ] 2019-06-07T09:27:58.007210495Z: Removing intermediate container 6fa12a8ae06f
[STDOUT  ] 2019-06-07T09:27:58.007323829Z:  ---> 73592e1c8bfa
[STDOUT  ] 2019-06-07T09:27:58.007408529Z: Step 7/12 : COPY ./src/* ./
[STDOUT  ] 2019-06-07T09:27:58.269613680Z:  ---> f940221cd584
[STDOUT  ] 2019-06-07T09:27:58.269678393Z: Step 8/12 : RUN make all
[STDOUT  ] 2019-06-07T09:27:58.330257877Z:  ---> Running in af4fdad68eef
[STDOUT  ] 2019-06-07T09:27:58.616184384Z: make -C /usr/src/linux-headers-4.14.123-linuxkit M=/kmod modules
[STDOUT  ] 2019-06-07T09:27:58.617817950Z: make[1]: Entering directory '/usr/src/linux-headers-4.14.123-linuxkit'
[STDOUT  ] 2019-06-07T09:27:59.945121219Z:   CC [M]  /kmod/hello_world.o
[STDOUT  ] 2019-06-07T09:28:00.203943882Z:   Building modules, stage 2.
[STDOUT  ] 2019-06-07T09:28:00.212382735Z:   MODPOST 1 modules
[STDOUT  ] 2019-06-07T09:28:00.227809198Z:   CC      /kmod/hello_world.mod.o
[STDOUT  ] 2019-06-07T09:28:00.449772729Z:   LD [M]  /kmod/hello_world.ko
[STDOUT  ] 2019-06-07T09:28:00.452800727Z: make[1]: Leaving directory '/usr/src/linux-headers-4.14.123-linuxkit'
[STDOUT  ] 2019-06-07T09:28:00.885202134Z: Removing intermediate container af4fdad68eef
[STDOUT  ] 2019-06-07T09:28:00.885266940Z:  ---> 9532461b8c28
[STDOUT  ] 2019-06-07T09:28:00.885280443Z: Step 9/12 : FROM alpine:3.9
[STDOUT  ] 2019-06-07T09:28:00.885747972Z:  ---> 055936d39205
[STDOUT  ] 2019-06-07T09:28:00.885785292Z: Step 10/12 : COPY --from=build /kmod/hello_world.ko /
[STDOUT  ] 2019-06-07T09:28:01.099056421Z:  ---> 1b15da1eaebe
[STDOUT  ] 2019-06-07T09:28:01.099123811Z: Step 11/12 : COPY check.sh /check.sh
[STDOUT  ] 2019-06-07T09:28:01.313741419Z:  ---> 6b5a11e3d948
[STDOUT  ] 2019-06-07T09:28:01.313799335Z: Step 12/12 : ENTRYPOINT ["/bin/sh", "/check.sh"]
[STDOUT  ] 2019-06-07T09:28:01.374194388Z:  ---> Running in 846d19af6f0b
[STDOUT  ] 2019-06-07T09:28:01.493560622Z: Removing intermediate container 846d19af6f0b
[STDOUT  ] 2019-06-07T09:28:01.493685529Z:  ---> dc789b82ed7b
[STDOUT  ] 2019-06-07T09:28:01.493793654Z: Successfully built dc789b82ed7b
[STDOUT  ] 2019-06-07T09:28:01.512613381Z: Successfully tagged kmod-test:latest
[STDERR  ] 2019-06-07T09:28:01.514110251Z: + linuxkit build -format kernel+initrd -name kmod test.yml
[STDERR  ] 2019-06-07T09:28:01.547476744Z: Extract kernel image: linuxkit/kernel:4.14.123
[STDERR  ] 2019-06-07T09:28:03.432135789Z: Add init containers:
[STDERR  ] 2019-06-07T09:28:03.432201749Z: Process init image: linuxkit/init:v0.7
[STDERR  ] 2019-06-07T09:28:04.685428048Z: Process init image: linuxkit/runc:c1f0db27e71d948f3134b31ce76276f843849b0a
[STDERR  ] 2019-06-07T09:28:05.838929973Z: Add onboot containers:
[STDERR  ] 2019-06-07T09:28:05.839014464Z:   Create OCI config for kmod-test
[STDERR  ] 2019-06-07T09:28:05.983830034Z:   Create OCI config for linuxkit/poweroff:b498d30dd9660090565537fceb9e757618737a85
[STDERR  ] 2019-06-07T09:28:07.142329031Z: Create outputs:
[STDERR  ] 2019-06-07T09:28:13.269741649Z:   kmod-kernel kmod-initrd.img kmod-cmdline
[STDERR  ] 2019-06-07T09:28:13.332227210Z: + linuxkit run kmod
[STDERR  ] 2019-06-07T09:28:21.173118896Z: + RESULT=[    0.000000] Linux version 4.14.123-linuxkit (root@9956484d3717) (gcc version 8.3.0 (Alpine 8.3.0)) #1 SMP Sat Jun 1 18:00:05 UTC 2019
[STDERR  ] 2019-06-07T09:28:21.173203658Z: [    0.000000] Command line: console=ttyS0 console=ttyAMA0
[STDERR  ] 2019-06-07T09:28:21.173219653Z: [    0.000000] x86/fpu: x87 FPU will use FXSAVE
[STDERR  ] 2019-06-07T09:28:21.173234022Z: [    0.000000] e820: BIOS-provided physical RAM map:
[STDERR  ] 2019-06-07T09:28:21.173248053Z: [    0.000000] BIOS-e820: [mem 0x0000000000000000-0x000000000009fbff] usable
[STDERR  ] 2019-06-07T09:28:21.173264073Z: [    0.000000] BIOS-e820: [mem 0x000000000009fc00-0x000000000009ffff] reserved
[STDERR  ] 2019-06-07T09:28:21.173277304Z: [    0.000000] BIOS-e820: [mem 0x00000000000f0000-0x00000000000fffff] reserved
[STDERR  ] 2019-06-07T09:28:21.173291082Z: [    0.000000] BIOS-e820: [mem 0x0000000000100000-0x000000003ffdefff] usable
[STDERR  ] 2019-06-07T09:28:21.173304256Z: [    0.000000] BIOS-e820: [mem 0x000000003ffdf000-0x000000003fffffff] reserved
[STDERR  ] 2019-06-07T09:28:21.173319506Z: [    0.000000] BIOS-e820: [mem 0x00000000b0000000-0x00000000bfffffff] reserved
[STDERR  ] 2019-06-07T09:28:21.173339347Z: [    0.000000] BIOS-e820: [mem 0x00000000fed1c000-0x00000000fed1ffff] reserved
[STDERR  ] 2019-06-07T09:28:21.173353322Z: [    0.000000] BIOS-e820: [mem 0x00000000feffc000-0x00000000feffffff] reserved
[STDERR  ] 2019-06-07T09:28:21.173366679Z: [    0.000000] BIOS-e820: [mem 0x00000000fffc0000-0x00000000ffffffff] reserved
[STDERR  ] 2019-06-07T09:28:21.173381382Z: [    0.000000] NX (Execute Disable) protection: active
[STDERR  ] 2019-06-07T09:28:21.173398040Z: [    0.000000] SMBIOS 2.8 present.
[STDERR  ] 2019-06-07T09:28:21.173414205Z: [    0.000000] DMI: QEMU Standard PC (Q35 + ICH9, 2009), BIOS 1.10.2-1 04/01/2014
[STDERR  ] 2019-06-07T09:28:21.173435570Z: [    0.000000] Hypervisor detected: KVM
[STDERR  ] 2019-06-07T09:28:21.173445084Z: [    0.000000] tsc: Fast TSC calibration failed
[STDERR  ] 2019-06-07T09:28:21.173459415Z: [    0.000000] tsc: Unable to calibrate against PIT
[STDERR  ] 2019-06-07T09:28:21.173468139Z: [    0.000000] tsc: No reference (HPET/PMTIMER) available
[STDERR  ] 2019-06-07T09:28:21.173477149Z: [    0.000000] e820: last_pfn = 0x3ffdf max_arch_pfn = 0x400000000
[STDERR  ] 2019-06-07T09:28:21.173489042Z: [    0.000000] x86/PAT: PAT not supported by CPU.
[STDERR  ] 2019-06-07T09:28:21.173497343Z: [    0.000000] x86/PAT: Configuration [0-7]: WB  WT  UC- UC  WB  WT  UC- UC  
[STDERR  ] 2019-06-07T09:28:21.173505550Z: [    0.000000] found SMP MP-table at [mem 0x000f6a90-0x000f6a9f]
[STDERR  ] 2019-06-07T09:28:21.173513464Z: [    0.000000] RAMDISK: [mem 0x3def6000-0x3ffcffff]
[STDERR  ] 2019-06-07T09:28:21.173521924Z: [    0.000000] ACPI: Early table checksum verification disabled
[STDERR  ] 2019-06-07T09:28:21.173529742Z: [    0.000000] ACPI: RSDP 0x00000000000F68D0 000014 (v00 BOCHS )
[STDERR  ] 2019-06-07T09:28:21.173537764Z: [    0.000000] ACPI: RSDT 0x000000003FFE2404 000034 (v01 BOCHS  BXPCRSDT 00000001 BXPC 00000001)
[STDERR  ] 2019-06-07T09:28:21.173546193Z: [    0.000000] ACPI: FACP 0x000000003FFE22A4 000074 (v01 BOCHS  BXPCFACP 00000001 BXPC 00000001)
[STDERR  ] 2019-06-07T09:28:21.173553963Z: [    0.000000] ACPI: DSDT 0x000000003FFE0040 002264 (v01 BOCHS  BXPCDSDT 00000001 BXPC 00000001)
[STDERR  ] 2019-06-07T09:28:21.173561715Z: [    0.000000] ACPI: FACS 0x000000003FFE0000 000040
[STDERR  ] 2019-06-07T09:28:21.173569469Z: [    0.000000] ACPI: APIC 0x000000003FFE2318 000078 (v01 BOCHS  BXPCAPIC 00000001 BXPC 00000001)
[STDERR  ] 2019-06-07T09:28:21.173577395Z: [    0.000000] ACPI: HPET 0x000000003FFE2390 000038 (v01 BOCHS  BXPCHPET 00000001 BXPC 00000001)
[STDERR  ] 2019-06-07T09:28:21.173585250Z: [    0.000000] ACPI: MCFG 0x000000003FFE23C8 00003C (v01 BOCHS  BXPCMCFG 00000001 BXPC 00000001)
[STDERR  ] 2019-06-07T09:28:21.173592981Z: [    0.000000] kvm-clock: Using msrs 4b564d01 and 4b564d00
[STDERR  ] 2019-06-07T09:28:21.173603708Z: [    0.000000] kvm-clock: cpu 0, msr 0:3ffdd001, primary cpu clock
[STDERR  ] 2019-06-07T09:28:21.173612425Z: [    0.000000] clocksource: kvm-clock: mask: 0xffffffffffffffff max_cycles: 0x1cd42e4dffb, max_idle_ns: 881590591483 ns
[STDERR  ] 2019-06-07T09:28:21.173623299Z: [    0.000000] Zone ranges:
[STDERR  ] 2019-06-07T09:28:21.173631112Z: [    0.000000]   DMA      [mem 0x0000000000001000-0x0000000000ffffff]
[STDERR  ] 2019-06-07T09:28:21.173639004Z: [    0.000000]   DMA32    [mem 0x0000000001000000-0x000000003ffdefff]
[STDERR  ] 2019-06-07T09:28:21.173646780Z: [    0.000000]   Normal   empty
[STDERR  ] 2019-06-07T09:28:21.173654582Z: [    0.000000]   Device   empty
[STDERR  ] 2019-06-07T09:28:21.173662250Z: [    0.000000] Movable zone start for each node
[STDERR  ] 2019-06-07T09:28:21.173670092Z: [    0.000000] Early memory node ranges
[STDERR  ] 2019-06-07T09:28:21.173679860Z: [    0.000000]   node   0: [mem 0x0000000000001000-0x000000000009efff]
[STDERR  ] 2019-06-07T09:28:21.173690370Z: [    0.000000]   node   0: [mem 0x0000000000100000-0x000000003ffdefff]
[STDERR  ] 2019-06-07T09:28:21.173698204Z: [    0.000000] Initmem setup node 0 [mem 0x0000000000001000-0x000000003ffdefff]
[STDERR  ] 2019-06-07T09:28:21.173705970Z: [    0.000000] ACPI: PM-Timer IO Port: 0x608
[STDERR  ] 2019-06-07T09:28:21.173713768Z: [    0.000000] ACPI: LAPIC_NMI (acpi_id[0xff] dfl dfl lint[0x1])
[STDERR  ] 2019-06-07T09:28:21.173721502Z: [    0.000000] IOAPIC[0]: apic_id 0, version 17, address 0xfec00000, GSI 0-23
[STDERR  ] 2019-06-07T09:28:21.173731748Z: [    0.000000] ACPI: INT_SRC_OVR (bus 0 bus_irq 0 global_irq 2 dfl dfl)
[STDERR  ] 2019-06-07T09:28:21.173739500Z: [    0.000000] ACPI: INT_SRC_OVR (bus 0 bus_irq 5 global_irq 5 high level)
[STDERR  ] 2019-06-07T09:28:21.173747160Z: [    0.000000] ACPI: INT_SRC_OVR (bus 0 bus_irq 9 global_irq 9 high level)
[STDERR  ] 2019-06-07T09:28:21.173758600Z: [    0.000000] ACPI: INT_SRC_OVR (bus 0 bus_irq 10 global_irq 10 high level)
[STDERR  ] 2019-06-07T09:28:21.173766305Z: [    0.000000] ACPI: INT_SRC_OVR (bus 0 bus_irq 11 global_irq 11 high level)
[STDERR  ] 2019-06-07T09:28:21.173776337Z: [    0.000000] Using ACPI (MADT) for SMP configuration information
[STDERR  ] 2019-06-07T09:28:21.173784092Z: [    0.000000] ACPI: HPET id: 0x8086a201 base: 0xfed00000
[STDERR  ] 2019-06-07T09:28:21.173795212Z: [    0.000000] smpboot: Allowing 1 CPUs, 0 hotplug CPUs
[STDERR  ] 2019-06-07T09:28:21.173803032Z: [    0.000000] e820: [mem 0x40000000-0xafffffff] available for PCI devices
[STDERR  ] 2019-06-07T09:28:21.173810771Z: [    0.000000] Booting paravirtualized kernel on KVM
[STDERR  ] 2019-06-07T09:28:21.173818454Z: [    0.000000] clocksource: refined-jiffies: mask: 0xffffffff max_cycles: 0xffffffff, max_idle_ns: 1910969940391419 ns
[STDERR  ] 2019-06-07T09:28:21.173826275Z: [    0.000000] random: get_random_bytes called from start_kernel+0x91/0x4b2 with crng_init=0
[STDERR  ] 2019-06-07T09:28:21.173834184Z: [    0.000000] setup_percpu: NR_CPUS:128 nr_cpumask_bits:128 nr_cpu_ids:1 nr_node_ids:1
[STDERR  ] 2019-06-07T09:28:21.173844728Z: [    0.000000] percpu: Embedded 45 pages/cpu s144216 r8192 d31912 u2097152
[STDERR  ] 2019-06-07T09:28:21.173852562Z: [    0.000000] KVM setup async PF for cpu 0
[STDERR  ] 2019-06-07T09:28:21.173860293Z: [    0.000000] kvm-stealtime: cpu 0, msr 3dc15f40
[STDERR  ] 2019-06-07T09:28:21.173867957Z: [    0.000000] Built 1 zonelists, mobility grouping on.  Total pages: 257896
[STDERR  ] 2019-06-07T09:28:21.173875676Z: [    0.000000] Kernel command line: console=ttyS0 console=ttyAMA0
[STDERR  ] 2019-06-07T09:28:21.173883352Z: [    0.000000] PID hash table entries: 4096 (order: 3, 32768 bytes)
[STDERR  ] 2019-06-07T09:28:21.173891014Z: [    0.000000] Dentry cache hash table entries: 131072 (order: 8, 1048576 bytes)
[STDERR  ] 2019-06-07T09:28:21.173898637Z: [    0.000000] Inode-cache hash table entries: 65536 (order: 7, 524288 bytes)
[STDERR  ] 2019-06-07T09:28:21.173908259Z: [    0.000000] Memory: 971240K/1048052K available (12300K kernel code, 1455K rwdata, 2932K rodata, 1528K init, 580K bss, 76812K reserved, 0K cma-reserved)
[STDERR  ] 2019-06-07T09:28:21.173928073Z: [    0.000000] Kernel/User page tables isolation: enabled
[STDERR  ] 2019-06-07T09:28:21.173937429Z: [    0.000000] ftrace: allocating 40738 entries in 160 pages
[STDERR  ] 2019-06-07T09:28:21.173945407Z: [    0.001000] Hierarchical RCU implementation.
[STDERR  ] 2019-06-07T09:28:21.173953330Z: [    0.001000] 	RCU restricting CPUs from NR_CPUS=128 to nr_cpu_ids=1.
[STDERR  ] 2019-06-07T09:28:21.173961168Z: [    0.001000] RCU: Adjusting geometry for rcu_fanout_leaf=16, nr_cpu_ids=1
[STDERR  ] 2019-06-07T09:28:21.173969061Z: [    0.001000] NR_IRQS: 8448, nr_irqs: 256, preallocated irqs: 16
[STDERR  ] 2019-06-07T09:28:21.173976889Z: [    0.001000] Console: colour VGA+ 80x25
[STDERR  ] 2019-06-07T09:28:21.173984617Z: [    0.001000] console [ttyS0] enabled
[STDERR  ] 2019-06-07T09:28:21.173992440Z: [    0.001000] clocksource: hpet: mask: 0xffffffff max_cycles: 0xffffffff, max_idle_ns: 19112604467 ns
[STDERR  ] 2019-06-07T09:28:21.174000612Z: [    0.001035] tsc: Detected 2299.800 MHz processor
[STDERR  ] 2019-06-07T09:28:21.174008369Z: [    0.003031] Calibrating delay loop (skipped) preset value.. 4599.60 BogoMIPS (lpj=2299800)
[STDERR  ] 2019-06-07T09:28:21.174016187Z: [    0.004056] pid_max: default: 32768 minimum: 301
[STDERR  ] 2019-06-07T09:28:21.174023964Z: [    0.007022] ACPI: Core revision 20170728
[STDERR  ] 2019-06-07T09:28:21.174031776Z: [    0.009156] ACPI: 1 ACPI AML tables successfully acquired and loaded
[STDERR  ] 2019-06-07T09:28:21.174039556Z: [    0.010107] Security Framework initialized
[STDERR  ] 2019-06-07T09:28:21.174047440Z: [    0.011025] Yama: becoming mindful.
[STDERR  ] 2019-06-07T09:28:21.174055193Z: [    0.012068] Mount-cache hash table entries: 2048 (order: 2, 16384 bytes)
[STDERR  ] 2019-06-07T09:28:21.174065990Z: [    0.013027] Mountpoint-cache hash table entries: 2048 (order: 2, 16384 bytes)
[STDERR  ] 2019-06-07T09:28:21.174092206Z: [    0.016077] Last level iTLB entries: 4KB 0, 2MB 0, 4MB 0
[STDERR  ] 2019-06-07T09:28:21.174102492Z: [    0.017031] Last level dTLB entries: 4KB 0, 2MB 0, 4MB 0, 1GB 0
[STDERR  ] 2019-06-07T09:28:21.174112815Z: [    0.018027] Spectre V2 : Mitigation: Full generic retpoline
[STDERR  ] 2019-06-07T09:28:21.174120632Z: [    0.019024] Spectre V2 : Spectre v2 / SpectreRSB mitigation: Filling RSB on context switch
[STDERR  ] 2019-06-07T09:28:21.174131495Z: [    0.020025] Speculative Store Bypass: Vulnerable
[STDERR  ] 2019-06-07T09:28:21.174139309Z: [    0.021044] MDS: Vulnerable: Clear CPU buffers attempted, no microcode
[STDERR  ] 2019-06-07T09:28:21.174147156Z: [    0.031410] Freeing SMP alternatives memory: 20K
[STDERR  ] 2019-06-07T09:28:21.174157662Z: [    0.032577] smpboot: Max logical packages: 1
[STDERR  ] 2019-06-07T09:28:21.174168138Z: [    0.035836] x2apic enabled
[STDERR  ] 2019-06-07T09:28:21.174175935Z: [    0.036023] Switched APIC routing to physical x2apic.
[STDERR  ] 2019-06-07T09:28:21.174183693Z: [    0.047000] ..TIMER: vector=0x30 apic1=0 pin1=2 apic2=-1 pin2=-1
[STDERR  ] 2019-06-07T09:28:21.174191530Z: [    0.047000] smpboot: CPU0: Intel QEMU Virtual CPU version 2.5+ (family: 0x6, model: 0x6, stepping: 0x3)
[STDERR  ] 2019-06-07T09:28:21.174199408Z: [    0.047131] Performance Events: PMU not available due to virtualization, using software events only.
[STDERR  ] 2019-06-07T09:28:21.174210018Z: [    0.050101] Hierarchical SRCU implementation.
[STDERR  ] 2019-06-07T09:28:21.174218009Z: [    0.051140] NMI watchdog: Perf event create on CPU 0 failed with -2
[STDERR  ] 2019-06-07T09:28:21.174225836Z: [    0.052007] NMI watchdog: Perf NMI watchdog permanently disabled
[STDERR  ] 2019-06-07T09:28:21.174233522Z: [    0.053076] smp: Bringing up secondary CPUs ...
[STDERR  ] 2019-06-07T09:28:21.174241497Z: [    0.054008] smp: Brought up 1 node, 1 CPU
[STDERR  ] 2019-06-07T09:28:21.174249320Z: [    0.055008] smpboot: Total of 1 processors activated (4599.60 BogoMIPS)
[STDERR  ] 2019-06-07T09:28:21.174257407Z: [    0.058754] devtmpfs: initialized
[STDERR  ] 2019-06-07T09:28:21.174265362Z: [    0.059086] x86/mm: Memory block size: 128MB
[STDERR  ] 2019-06-07T09:28:21.174273049Z: [    0.061062] evm: security.ima
[STDERR  ] 2019-06-07T09:28:21.174280768Z: [    0.062005] evm: security.capability
[STDERR  ] 2019-06-07T09:28:21.174288455Z: [    0.063194] clocksource: jiffies: mask: 0xffffffff max_cycles: 0xffffffff, max_idle_ns: 1911260446275000 ns
[STDERR  ] 2019-06-07T09:28:21.174296585Z: [    0.064018] futex hash table entries: 256 (order: 2, 16384 bytes)
[STDERR  ] 2019-06-07T09:28:21.174304222Z: [    0.065225] NET: Registered protocol family 16
[STDERR  ] 2019-06-07T09:28:21.174311991Z: [    0.066193] cpuidle: using governor ladder
[STDERR  ] 2019-06-07T09:28:21.174319689Z: [    0.067009] cpuidle: using governor menu
[STDERR  ] 2019-06-07T09:28:21.174327335Z: [    0.068115] ACPI: bus type PCI registered
[STDERR  ] 2019-06-07T09:28:21.174335180Z: [    0.069007] acpiphp: ACPI Hot Plug PCI Controller Driver version: 0.5
[STDERR  ] 2019-06-07T09:28:21.174342914Z: [    0.071287] PCI: MMCONFIG for domain 0000 [bus 00-ff] at [mem 0xb0000000-0xbfffffff] (base 0xb0000000)
[STDERR  ] 2019-06-07T09:28:21.174350607Z: [    0.072011] PCI: MMCONFIG at [mem 0xb0000000-0xbfffffff] reserved in E820
[STDERR  ] 2019-06-07T09:28:21.174358391Z: [    0.073026] PCI: Using configuration type 1 for base access
[STDERR  ] 2019-06-07T09:28:21.174366131Z: [    0.076421] HugeTLB registered 2.00 MiB page size, pre-allocated 0 pages
[STDERR  ] 2019-06-07T09:28:21.174376437Z: [    0.077275] ACPI: Added _OSI(Module Device)
[STDERR  ] 2019-06-07T09:28:21.174384200Z: [    0.078027] ACPI: Added _OSI(Processor Device)
[STDERR  ] 2019-06-07T09:28:21.174391918Z: [    0.079007] ACPI: Added _OSI(3.0 _SCP Extensions)
[STDERR  ] 2019-06-07T09:28:21.174399567Z: [    0.080007] ACPI: Added _OSI(Processor Aggregator Device)
[STDERR  ] 2019-06-07T09:28:21.174433358Z: [    0.085181] ACPI: Interpreter enabled
[STDERR  ] 2019-06-07T09:28:21.174450660Z: [    0.086018] ACPI: (supports S0 S5)
[STDERR  ] 2019-06-07T09:28:21.174463221Z: [    0.087005] ACPI: Using IOAPIC for interrupt routing
[STDERR  ] 2019-06-07T09:28:21.174474738Z: [    0.089010] PCI: Using host bridge windows from ACPI; if necessary, use "pci=nocrs" and report a bug
[STDERR  ] 2019-06-07T09:28:21.174485796Z: [    0.090460] ACPI: Enabled 2 GPEs in block 00 to 3F
[STDERR  ] 2019-06-07T09:28:21.174502753Z: [    0.095076] ACPI: PCI Root Bridge [PCI0] (domain 0000 [bus 00-ff])
[STDERR  ] 2019-06-07T09:28:21.174516222Z: [    0.096018] acpi PNP0A08:00: _OSC: OS supports [ExtendedConfig ASPM ClockPM Segments MSI]
[STDERR  ] 2019-06-07T09:28:21.174529108Z: [    0.097145] acpi PNP0A08:00: _OSC: OS now controls [PCIeHotplug PME PCIeCapability]
[STDERR  ] 2019-06-07T09:28:21.174542247Z: [    0.098389] PCI host bridge to bus 0000:00
[STDERR  ] 2019-06-07T09:28:21.174555352Z: [    0.099011] pci_bus 0000:00: root bus resource [io  0x0000-0x0cf7 window]
[STDERR  ] 2019-06-07T09:28:21.174568176Z: [    0.100008] pci_bus 0000:00: root bus resource [io  0x0d00-0xffff window]
[STDERR  ] 2019-06-07T09:28:21.174580697Z: [    0.101008] pci_bus 0000:00: root bus resource [mem 0x000a0000-0x000bffff window]
[STDERR  ] 2019-06-07T09:28:21.174593192Z: [    0.102011] pci_bus 0000:00: root bus resource [mem 0xc0000000-0xfebfffff window]
[STDERR  ] 2019-06-07T09:28:21.174613437Z: [    0.103011] pci_bus 0000:00: root bus resource [bus 00-ff]
[STDERR  ] 2019-06-07T09:28:21.174625403Z: [    0.167848] pci 0000:00:1f.0: quirk: [io  0x0600-0x067f] claimed by ICH6 ACPI/GPIO/TCO
[STDERR  ] 2019-06-07T09:28:21.174636296Z: [    0.194285] ACPI: PCI Interrupt Link [LNKA] (IRQs 5 *10 11)
[STDERR  ] 2019-06-07T09:28:21.174646808Z: [    0.195306] ACPI: PCI Interrupt Link [LNKB] (IRQs 5 *10 11)
[STDERR  ] 2019-06-07T09:28:21.174661313Z: [    0.197162] ACPI: PCI Interrupt Link [LNKC] (IRQs 5 10 *11)
[STDERR  ] 2019-06-07T09:28:21.174673249Z: [    0.198323] ACPI: PCI Interrupt Link [LNKD] (IRQs 5 10 *11)
[STDERR  ] 2019-06-07T09:28:21.174686316Z: [    0.200098] ACPI: PCI Interrupt Link [LNKE] (IRQs 5 *10 11)
[STDERR  ] 2019-06-07T09:28:21.174698991Z: [    0.201308] ACPI: PCI Interrupt Link [LNKF] (IRQs 5 *10 11)
[STDERR  ] 2019-06-07T09:28:21.174711384Z: [    0.202316] ACPI: PCI Interrupt Link [LNKG] (IRQs 5 10 *11)
[STDERR  ] 2019-06-07T09:28:21.174723851Z: [    0.204162] ACPI: PCI Interrupt Link [LNKH] (IRQs 5 10 *11)
[STDERR  ] 2019-06-07T09:28:21.174746602Z: [    0.205158] ACPI: PCI Interrupt Link [GSIA] (IRQs *16)
[STDERR  ] 2019-06-07T09:28:21.174758814Z: [    0.206044] ACPI: PCI Interrupt Link [GSIB] (IRQs *17)
[STDERR  ] 2019-06-07T09:28:21.174771147Z: [    0.207035] ACPI: PCI Interrupt Link [GSIC] (IRQs *18)
[STDERR  ] 2019-06-07T09:28:21.174784278Z: [    0.208026] ACPI: PCI Interrupt Link [GSID] (IRQs *19)
[STDERR  ] 2019-06-07T09:28:21.174802904Z: [    0.209033] ACPI: PCI Interrupt Link [GSIE] (IRQs *20)
[STDERR  ] 2019-06-07T09:28:21.174815296Z: [    0.210033] ACPI: PCI Interrupt Link [GSIF] (IRQs *21)
[STDERR  ] 2019-06-07T09:28:21.174830720Z: [    0.211042] ACPI: PCI Interrupt Link [GSIG] (IRQs *22)
[STDERR  ] 2019-06-07T09:28:21.174843266Z: [    0.212030] ACPI: PCI Interrupt Link [GSIH] (IRQs *23)
[STDERR  ] 2019-06-07T09:28:21.174857473Z: [    0.213410] SCSI subsystem initialized
[STDERR  ] 2019-06-07T09:28:21.174870083Z: [    0.214115] ACPI: bus type USB registered
[STDERR  ] 2019-06-07T09:28:21.174882463Z: [    0.215052] usbcore: registered new interface driver usbfs
[STDERR  ] 2019-06-07T09:28:21.174895140Z: [    0.216037] usbcore: registered new interface driver hub
[STDERR  ] 2019-06-07T09:28:21.174908236Z: [    0.217039] usbcore: registered new device driver usb
[STDERR  ] 2019-06-07T09:28:21.174928240Z: [    0.218046] pps_core: LinuxPPS API ver. 1 registered
[STDERR  ] 2019-06-07T09:28:21.174944519Z: [    0.219006] pps_core: Software ver. 5.3.6 - Copyright 2005-2007 Rodolfo Giometti <giometti@linux.it>
[STDERR  ] 2019-06-07T09:28:21.174968777Z: [    0.220027] PTP clock support registered
[STDERR  ] 2019-06-07T09:28:21.174985950Z: [    0.221109] PCI: Using ACPI for IRQ routing
[STDERR  ] 2019-06-07T09:28:21.175002814Z: [    0.670198] NetLabel: Initializing
[STDERR  ] 2019-06-07T09:28:21.175014979Z: [    0.671004] NetLabel:  domain hash size = 128
[STDERR  ] 2019-06-07T09:28:21.175027420Z: [    0.672005] NetLabel:  protocols = UNLABELED CIPSOv4 CALIPSO
[STDERR  ] 2019-06-07T09:28:21.175039833Z: [    0.673047] NetLabel:  unlabeled traffic allowed by default
[STDERR  ] 2019-06-07T09:28:21.175056642Z: [    0.674177] HPET: 3 timers in total, 0 timers will be used for per-cpu timer
[STDERR  ] 2019-06-07T09:28:21.175069356Z: [    0.675112] hpet0: at MMIO 0xfed00000, IRQs 2, 8, 0
[STDERR  ] 2019-06-07T09:28:21.175083366Z: [    0.676006] hpet0: 3 comparators, 64-bit 100.000000 MHz counter
[STDERR  ] 2019-06-07T09:28:21.175095565Z: [    0.682049] clocksource: Switched to clocksource kvm-clock
[STDERR  ] 2019-06-07T09:28:21.175107939Z: [    0.705436] VFS: Disk quotas dquot_6.6.0
[STDERR  ] 2019-06-07T09:28:21.175120805Z: [    0.709086] VFS: Dquot-cache hash table entries: 512 (order 0, 4096 bytes)
[STDERR  ] 2019-06-07T09:28:21.175137656Z: [    0.715336] FS-Cache: Loaded
[STDERR  ] 2019-06-07T09:28:21.175150096Z: [    0.718180] CacheFiles: Loaded
[STDERR  ] 2019-06-07T09:28:21.175163278Z: [    0.720993] pnp: PnP ACPI init
[STDERR  ] 2019-06-07T09:28:21.175178961Z: [    0.724907] pnp: PnP ACPI: found 5 devices
[STDERR  ] 2019-06-07T09:28:21.175192698Z: [    0.734881] clocksource: acpi_pm: mask: 0xffffff max_cycles: 0xffffff, max_idle_ns: 2085701024 ns
[STDERR  ] 2019-06-07T09:28:21.175214112Z: [    0.742784] NET: Registered protocol family 2
[STDERR  ] 2019-06-07T09:28:21.175230382Z: [    0.746895] TCP established hash table entries: 8192 (order: 4, 65536 bytes)
[STDERR  ] 2019-06-07T09:28:21.175242704Z: [    0.753167] TCP bind hash table entries: 8192 (order: 5, 131072 bytes)
[STDERR  ] 2019-06-07T09:28:21.175255196Z: [    0.759683] TCP: Hash tables configured (established 8192 bind 8192)
[STDERR  ] 2019-06-07T09:28:21.175267599Z: [    0.765738] UDP hash table entries: 512 (order: 2, 16384 bytes)
[STDERR  ] 2019-06-07T09:28:21.175287941Z: [    0.770753] UDP-Lite hash table entries: 512 (order: 2, 16384 bytes)
[STDERR  ] 2019-06-07T09:28:21.175310402Z: [    0.776160] NET: Registered protocol family 1
[STDERR  ] 2019-06-07T09:28:21.175322784Z: [    0.780134] pci 0000:00:01.0: Video device with shadowed ROM at [mem 0x000c0000-0x000dffff]
[STDERR  ] 2019-06-07T09:28:21.175335855Z: [    0.787459] Trying to unpack rootfs image as initramfs...
[STDERR  ] 2019-06-07T09:28:21.175353251Z: [    1.558004] Freeing initrd memory: 33640K
[STDERR  ] 2019-06-07T09:28:21.175369076Z: [    1.561889] clocksource: tsc: mask: 0xffffffffffffffff max_cycles: 0x2126783ca48, max_idle_ns: 440795246164 ns
[STDERR  ] 2019-06-07T09:28:21.175387702Z: [    1.571404] PCLMULQDQ-NI instructions are not detected.
[STDERR  ] 2019-06-07T09:28:21.175400298Z: [    1.576184] AVX or AES-NI instructions are not detected.
[STDERR  ] 2019-06-07T09:28:21.175417653Z: [    1.580944] CPU feature 'AVX registers' is not supported.
[STDERR  ] 2019-06-07T09:28:21.175429935Z: [    1.585728] CPU feature 'AVX registers' is not supported.
[STDERR  ] 2019-06-07T09:28:21.175451486Z: [    1.590511] CPU feature 'AVX registers' is not supported.
[STDERR  ] 2019-06-07T09:28:21.175463712Z: [    1.595294] CPU feature 'AVX registers' is not supported.
[STDERR  ] 2019-06-07T09:28:21.175479170Z: [    1.600146] AVX2 or AES-NI instructions are not detected.
[STDERR  ] 2019-06-07T09:28:21.175494512Z: [    1.604967] AVX2 instructions are not detected.
[STDERR  ] 2019-06-07T09:28:21.175506912Z: [    1.609292] audit: initializing netlink subsys (disabled)
[STDERR  ] 2019-06-07T09:28:21.175520596Z: [    1.614504] audit: type=2000 audit(1559899695.782:1): state=initialized audit_enabled=0 res=1
[STDERR  ] 2019-06-07T09:28:21.175533136Z: [    1.622111] workingset: timestamp_bits=46 max_order=18 bucket_order=0
[STDERR  ] 2019-06-07T09:28:21.175550393Z: [    1.628244] squashfs: version 4.0 (2009/01/31) Phillip Lougher
[STDERR  ] 2019-06-07T09:28:21.175568847Z: [    1.636162] FS-Cache: Netfs 'cifs' registered for caching
[STDERR  ] 2019-06-07T09:28:21.175581340Z: [    1.641151] fuse init (API version 7.26)
[STDERR  ] 2019-06-07T09:28:21.175593716Z: [    1.645009] SGI XFS with ACLs, security attributes, no debug enabled
[STDERR  ] 2019-06-07T09:28:21.175606152Z: [    1.650997] 9p: Installing v9fs 9p2000 file system support
[STDERR  ] 2019-06-07T09:28:21.175625591Z: [    1.655854] FS-Cache: Netfs '9p' registered for caching
[STDERR  ] 2019-06-07T09:28:21.175639528Z: [    1.662218] NET: Registered protocol family 38
[STDERR  ] 2019-06-07T09:28:21.175651567Z: [    1.666126] Key type asymmetric registered
[STDERR  ] 2019-06-07T09:28:21.175663813Z: [    1.669599] Asymmetric key parser 'x509' registered
[STDERR  ] 2019-06-07T09:28:21.175676344Z: [    1.673847] Block layer SCSI generic (bsg) driver version 0.4 loaded (major 247)
[STDERR  ] 2019-06-07T09:28:21.175688968Z: [    1.679923] io scheduler noop registered
[STDERR  ] 2019-06-07T09:28:21.175706535Z: [    1.683231] io scheduler deadline registered (default)
[STDERR  ] 2019-06-07T09:28:21.175723732Z: [    1.687505] io scheduler cfq registered
[STDERR  ] 2019-06-07T09:28:21.175736089Z: [    1.690704] io scheduler mq-deadline registered
[STDERR  ] 2019-06-07T09:28:21.175750981Z: [    1.694452] io scheduler kyber registered
[STDERR  ] 2019-06-07T09:28:21.175762742Z: [    1.697935] shpchp: Standard Hot Plug PCI Controller Driver version: 0.4
[STDERR  ] 2019-06-07T09:28:21.175775096Z: [    1.703479] hv_vmbus: registering driver hyperv_fb
[STDERR  ] 2019-06-07T09:28:21.175787476Z: [    1.707576] input: Power Button as /devices/LNXSYSTM:00/LNXPWRBN:00/input/input0
[STDERR  ] 2019-06-07T09:28:21.175799981Z: [    1.713655] ACPI: Power Button [PWRF]
[STDERR  ] 2019-06-07T09:28:21.175812562Z: [    1.717568] ACPI: PCI Interrupt Link [GSIG] enabled at IRQ 22
[STDERR  ] 2019-06-07T09:28:21.175839327Z: [    1.728131] ACPI: PCI Interrupt Link [GSIH] enabled at IRQ 23
[STDERR  ] 2019-06-07T09:28:21.175858669Z: [    1.738623] Serial: 8250/16550 driver, 4 ports, IRQ sharing disabled
[STDERR  ] 2019-06-07T09:28:21.175870845Z: [    1.778123] 00:04: ttyS0 at I/O 0x3f8 (irq = 4, base_baud = 115200) is a 16550A
[STDERR  ] 2019-06-07T09:28:21.175888192Z: [    1.785718] Non-volatile memory driver v1.3
[STDERR  ] 2019-06-07T09:28:21.175900598Z: [    1.791121] Hangcheck: starting hangcheck timer 0.9.1 (tick is 180 seconds, margin is 60 seconds).
[STDERR  ] 2019-06-07T09:28:21.176053505Z: [    1.799310] random: fast init done
[STDERR  ] 2019-06-07T09:28:21.176073250Z: [    1.803851] random: crng init done
[STDERR  ] 2019-06-07T09:28:21.176085869Z: [    1.808254] brd: module loaded
[STDERR  ] 2019-06-07T09:28:21.176104270Z: [    1.813812] loop: module loaded
[STDERR  ] 2019-06-07T09:28:21.176124992Z: [    1.823531] lpc_ich 0000:00:1f.0: I/O space for GPIO uninitialized
[STDERR  ] 2019-06-07T09:28:21.176138340Z: [    1.829146] VMware PVSCSI driver - version 1.0.7.0-k
[STDERR  ] 2019-06-07T09:28:21.176156705Z: [    1.833594] hv_vmbus: registering driver hv_storvsc
[STDERR  ] 2019-06-07T09:28:21.176169020Z: [    1.838513] ACPI: PCI Interrupt Link [GSIA] enabled at IRQ 16
[STDERR  ] 2019-06-07T09:28:21.176186431Z: [    1.847008] ahci 0000:00:1f.2: AHCI 0001.0000 32 slots 6 ports 1.5 Gbps 0x3f impl SATA mode
[STDERR  ] 2019-06-07T09:28:21.176199468Z: [    1.854341] ahci 0000:00:1f.2: flags: 64bit ncq only 
[STDERR  ] 2019-06-07T09:28:21.176215431Z: [    1.862339] scsi host0: ahci
[STDERR  ] 2019-06-07T09:28:21.176227727Z: [    1.864914] scsi host1: ahci
[STDERR  ] 2019-06-07T09:28:21.176240057Z: [    1.867535] scsi host2: ahci
[STDERR  ] 2019-06-07T09:28:21.176252458Z: [    1.870159] scsi host3: ahci
[STDERR  ] 2019-06-07T09:28:21.176268640Z: [    1.872714] scsi host4: ahci
[STDERR  ] 2019-06-07T09:28:21.176290809Z: [    1.875282] scsi host5: ahci
[STDERR  ] 2019-06-07T09:28:21.176303571Z: [    1.877851] ata1: SATA max UDMA/133 abar m4096@0xfebd2000 port 0xfebd2100 irq 24
[STDERR  ] 2019-06-07T09:28:21.176323809Z: [    1.883988] ata2: SATA max UDMA/133 abar m4096@0xfebd2000 port 0xfebd2180 irq 24
[STDERR  ] 2019-06-07T09:28:21.176339177Z: [    1.890074] ata3: SATA max UDMA/133 abar m4096@0xfebd2000 port 0xfebd2200 irq 24
[STDERR  ] 2019-06-07T09:28:21.176356759Z: [    1.896107] ata4: SATA max UDMA/133 abar m4096@0xfebd2000 port 0xfebd2280 irq 24
[STDERR  ] 2019-06-07T09:28:21.176371362Z: [    1.902065] ata5: SATA max UDMA/133 abar m4096@0xfebd2000 port 0xfebd2300 irq 24
[STDERR  ] 2019-06-07T09:28:21.176391316Z: [    1.908175] ata6: SATA max UDMA/133 abar m4096@0xfebd2000 port 0xfebd2380 irq 24
[STDERR  ] 2019-06-07T09:28:21.176403975Z: [    1.916604] tun: Universal TUN/TAP device driver, 1.6
[STDERR  ] 2019-06-07T09:28:21.176416844Z: [    1.925351] VMware vmxnet3 virtual NIC driver - version 1.4.a.0-k-NAPI
[STDERR  ] 2019-06-07T09:28:21.176429171Z: [    1.930803] hv_vmbus: registering driver hv_netvsc
[STDERR  ] 2019-06-07T09:28:21.176445728Z: [    1.934771] Fusion MPT base driver 3.04.20
[STDERR  ] 2019-06-07T09:28:21.176457876Z: [    1.938182] Copyright (c) 1999-2008 LSI Corporation
[STDERR  ] 2019-06-07T09:28:21.176470529Z: [    1.942228] Fusion MPT SPI Host driver 3.04.20
[STDERR  ] 2019-06-07T09:28:21.176488601Z: [    1.945996] i8042: PNP: PS/2 Controller [PNP0303:KBD,PNP0f13:MOU] at 0x60,0x64 irq 1,12
[STDERR  ] 2019-06-07T09:28:21.176503182Z: [    1.956366] serio: i8042 KBD port at 0x60,0x64 irq 1
[STDERR  ] 2019-06-07T09:28:21.176515648Z: [    1.960550] serio: i8042 AUX port at 0x60,0x64 irq 12
[STDERR  ] 2019-06-07T09:28:21.176593191Z: [    1.964864] hv_vmbus: registering driver hyperv_keyboard
[STDERR  ] 2019-06-07T09:28:21.176632725Z: [    1.969358] mousedev: PS/2 mouse device common for all mice
[STDERR  ] 2019-06-07T09:28:21.176647909Z: [    1.975392] input: AT Translated Set 2 keyboard as /devices/platform/i8042/serio0/input/input1
[STDERR  ] 2019-06-07T09:28:21.176667556Z: [    1.982574] input: PC Speaker as /devices/platform/pcspkr/input/input2
[STDERR  ] 2019-06-07T09:28:21.176680495Z: [    1.989008] rtc_cmos 00:00: RTC can wake from S4
[STDERR  ] 2019-06-07T09:28:21.176696953Z: [    1.994546] rtc_cmos 00:00: rtc core: registered rtc_cmos as rtc0
[STDERR  ] 2019-06-07T09:28:21.176709788Z: [    2.000454] rtc_cmos 00:00: alarms up to one day, y3k, 114 bytes nvram, hpet irqs
[STDERR  ] 2019-06-07T09:28:21.176723074Z: [    2.006609] i2c /dev entries driver
[STDERR  ] 2019-06-07T09:28:21.176735877Z: [    2.009641] device-mapper: ioctl: 4.37.0-ioctl (2017-09-20) initialised: dm-devel@redhat.com
[STDERR  ] 2019-06-07T09:28:21.176748625Z: [    2.017302] usbcore: registered new interface driver usbhid
[STDERR  ] 2019-06-07T09:28:21.176761160Z: [    2.022082] usbhid: USB HID core driver
[STDERR  ] 2019-06-07T09:28:21.176774038Z: [    2.025351] hv_utils: Registering HyperV Utility Driver
[STDERR  ] 2019-06-07T09:28:21.176786498Z: [    2.029599] hv_vmbus: registering driver hv_util
[STDERR  ] 2019-06-07T09:28:21.176804741Z: [    2.033432] hv_vmbus: registering driver hv_balloon
[STDERR  ] 2019-06-07T09:28:21.176816895Z: [    2.037533] oprofile: using NMI interrupt.
[STDERR  ] 2019-06-07T09:28:21.176829252Z: [    2.041080] GACT probability on
[STDERR  ] 2019-06-07T09:28:21.176842035Z: [    2.043774] Mirror/redirect action on
[STDERR  ] 2019-06-07T09:28:21.176854668Z: [    2.046884] Simple TC action Loaded
[STDERR  ] 2019-06-07T09:28:21.176867117Z: [    2.049843] u32 classifier
[STDERR  ] 2019-06-07T09:28:21.176879788Z: [    2.052147]     Performance counters on
[STDERR  ] 2019-06-07T09:28:21.176892114Z: [    2.055356]     input device check on
[STDERR  ] 2019-06-07T09:28:21.176904527Z: [    2.058609]     Actions configured
[STDERR  ] 2019-06-07T09:28:21.176926711Z: [    2.061478] Netfilter messages via NETLINK v0.30.
[STDERR  ] 2019-06-07T09:28:21.176939461Z: [    2.065412] nfnl_acct: registering with nfnetlink.
[STDERR  ] 2019-06-07T09:28:21.176957354Z: [    2.069573] nf_conntrack version 0.5.0 (8192 buckets, 32768 max)
[STDERR  ] 2019-06-07T09:28:21.176979938Z: [    2.074589] ctnetlink v0.93: registering with nfnetlink.
[STDERR  ] 2019-06-07T09:28:21.176995280Z: [    2.079128] nf_tables: (c) 2007-2009 Patrick McHardy <kaber@trash.net>
[STDERR  ] 2019-06-07T09:28:21.177007760Z: [    2.084545] nf_tables_compat: (c) 2012 Pablo Neira Ayuso <pablo@netfilter.org>
[STDERR  ] 2019-06-07T09:28:21.177020697Z: [    2.090574] xt_time: kernel timezone is -0000
[STDERR  ] 2019-06-07T09:28:21.177040583Z: [    2.094300] ip_set: protocol 6
[STDERR  ] 2019-06-07T09:28:21.177061851Z: [    2.097061] ipip: IPv4 and MPLS over IPv4 tunneling driver
[STDERR  ] 2019-06-07T09:28:21.177074449Z: [    2.101825] gre: GRE over IPv4 demultiplexor driver
[STDERR  ] 2019-06-07T09:28:21.177086751Z: [    2.106087] ip_tables: (C) 2000-2006 Netfilter Core Team
[STDERR  ] 2019-06-07T09:28:21.177163573Z: [    2.110599] arp_tables: arp_tables: (C) 2002 David S. Miller
[STDERR  ] 2019-06-07T09:28:21.177176475Z: [    2.115809] NET: Registered protocol family 10
[STDERR  ] 2019-06-07T09:28:21.177198312Z: [    2.119915] Segment Routing with IPv6
[STDERR  ] 2019-06-07T09:28:21.177211756Z: [    2.123361] ip6_tables: (C) 2000-2006 Netfilter Core Team
[STDERR  ] 2019-06-07T09:28:21.177224659Z: [    2.128585] NET: Registered protocol family 17
[STDERR  ] 2019-06-07T09:28:21.177237316Z: [    2.132345] Bridge firewalling registered
[STDERR  ] 2019-06-07T09:28:21.177250054Z: [    2.135921] 8021q: 802.1Q VLAN Support v1.8
[STDERR  ] 2019-06-07T09:28:21.177262798Z: [    2.139458] 9pnet: Installing 9P2000 support
[STDERR  ] 2019-06-07T09:28:21.177276124Z: [    2.143334] Key type dns_resolver registered
[STDERR  ] 2019-06-07T09:28:21.177293166Z: [    2.147142] NET: Registered protocol family 40
[STDERR  ] 2019-06-07T09:28:21.177305810Z: [    2.151337] registered taskstats version 1
[STDERR  ] 2019-06-07T09:28:21.177318363Z: [    2.162893] Key type big_key registered
[STDERR  ] 2019-06-07T09:28:21.177331005Z: [    2.170153] Key type trusted registered
[STDERR  ] 2019-06-07T09:28:21.177343623Z: [    2.177083] Key type encrypted registered
[STDERR  ] 2019-06-07T09:28:21.177356297Z: [    2.180772] ima: No TPM chip found, activating TPM-bypass! (rc=-19)
[STDERR  ] 2019-06-07T09:28:21.177369097Z: [    2.186341] ima: Allocated hash algorithm: sha256
[STDERR  ] 2019-06-07T09:28:21.177380539Z: [    2.190322] evm: HMAC attrs: 0x1
[STDERR  ] 2019-06-07T09:28:21.177396840Z: [    2.195263] rtc_cmos 00:00: setting system clock to 2019-06-07 09:28:16 UTC (1559899696)
[STDERR  ] 2019-06-07T09:28:21.177410024Z: [    2.229357] ata4: SATA link down (SStatus 0 SControl 300)
[STDERR  ] 2019-06-07T09:28:21.177423212Z: [    2.235224] ata5: SATA link down (SStatus 0 SControl 300)
[STDERR  ] 2019-06-07T09:28:21.177435538Z: [    2.240956] ata2: SATA link down (SStatus 0 SControl 300)
[STDERR  ] 2019-06-07T09:28:21.177463585Z: [    2.246694] ata3: SATA link up 1.5 Gbps (SStatus 113 SControl 300)
[STDERR  ] 2019-06-07T09:28:21.177478841Z: [    2.253808] ata6: SATA link down (SStatus 0 SControl 300)
[STDERR  ] 2019-06-07T09:28:21.177491418Z: [    2.259438] ata1: SATA link down (SStatus 0 SControl 300)
[STDERR  ] 2019-06-07T09:28:21.177504577Z: [    2.264473] ata3.00: ATAPI: QEMU DVD-ROM, 2.5+, max UDMA/100
[STDERR  ] 2019-06-07T09:28:21.177517250Z: [    2.269568] ata3.00: applying bridge limits
[STDERR  ] 2019-06-07T09:28:21.177537812Z: [    2.273920] ata3.00: configured for UDMA/100
[STDERR  ] 2019-06-07T09:28:21.177550756Z: [    2.278872] scsi 2:0:0:0: CD-ROM            QEMU     QEMU DVD-ROM     2.5+ PQ: 0 ANSI: 5
[STDERR  ] 2019-06-07T09:28:21.177563505Z: [    2.302002] sr 2:0:0:0: [sr0] scsi3-mmc drive: 4x/4x cd/rw xa/form2 tray
[STDERR  ] 2019-06-07T09:28:21.177576122Z: [    2.308120] cdrom: Uniform CD-ROM driver Revision: 3.20
[STDERR  ] 2019-06-07T09:28:21.177591356Z: [    2.313423] sr 2:0:0:0: Attached scsi generic sg0 type 5
[STDERR  ] 2019-06-07T09:28:21.177603932Z: [    2.321115] Freeing unused kernel memory: 1528K
[STDERR  ] 2019-06-07T09:28:21.177616551Z: [    2.327126] Write protecting the kernel read-only data: 18432k
[STDERR  ] 2019-06-07T09:28:21.177634664Z: [    2.334673] Freeing unused kernel memory: 2024K
[STDERR  ] 2019-06-07T09:28:21.177694541Z: [    2.341958] Freeing unused kernel memory: 1164K
[STDERR  ] 2019-06-07T09:28:21.177712787Z: 
[STDERR  ] 2019-06-07T09:28:21.177727464Z: Welcome to LinuxKit
[STDERR  ] 2019-06-07T09:28:21.177741953Z: 
[STDERR  ] 2019-06-07T09:28:21.177754201Z:                         ##         .
[STDERR  ] 2019-06-07T09:28:21.177767550Z:                   ## ## ##        ==
[STDERR  ] 2019-06-07T09:28:21.177788309Z:                ## ## ## ## ##    ===
[STDERR  ] 2019-06-07T09:28:21.177800819Z:            /"""""""""""""""""\___/ ===
[STDERR  ] 2019-06-07T09:28:21.177813922Z:           {                       /  ===-
[STDERR  ] 2019-06-07T09:28:21.177826092Z:            \______ O           __/
[STDERR  ] 2019-06-07T09:28:21.177838350Z:              \    \         __/
[STDERR  ] 2019-06-07T09:28:21.177850569Z:               \____\_______/
[STDERR  ] 2019-06-07T09:28:21.177862746Z: 
[STDERR  ] 2019-06-07T09:28:21.177875367Z: [    2.873551] hello_world: loading out-of-tree module taints kernel.
[STDERR  ] 2019-06-07T09:28:21.177892722Z: [    2.879616] Hello LinuxKit
[STDERR  ] 2019-06-07T09:28:21.177905446Z: [    2.885962] Goodbye LinuxKit.
[STDERR  ] 2019-06-07T09:28:21.177924793Z: Linux linuxkit-2a940a0a126f 4.14.123-linuxkit #1 SMP Sat Jun 1 18:00:05 UTC 2019 x86_64 Linux
[STDERR  ] 2019-06-07T09:28:21.177937793Z: filename:       hello_world.ko
[STDERR  ] 2019-06-07T09:28:21.177950095Z: author:         Rolf Neugebauer <rolf.neugebauer@docker.com>
[STDERR  ] 2019-06-07T09:28:21.177994558Z: description:    A simple Hello World kernel module for testing
[STDERR  ] 2019-06-07T09:28:21.178010154Z: license:        GPL
[STDERR  ] 2019-06-07T09:28:21.178026208Z: depends:        
[STDERR  ] 2019-06-07T09:28:21.178039078Z: vermagic:       4.14.123-linuxkit SMP mod_unload modversions RANDSTRUCT_PLUGIN_e2f6f8bf45d82e8614367b287989225a1b1e21ab95be370b2d1c9d38d1d8c6d3
[STDERR  ] 2019-06-07T09:28:21.178053181Z: Kernel module test suite PASSED
[STDERR  ] 2019-06-07T09:28:21.178065755Z: [    6.010195] ACPI: Preparing to enter system sleep state S5
[STDERR  ] 2019-06-07T09:28:21.178078188Z: [    6.015870] reboot: Power down
[STDERR  ] 2019-06-07T09:28:21.178090315Z: + grep -q Hello LinuxKit
[STDERR  ] 2019-06-07T09:28:21.178964227Z: + echo [    0.000000] Linux version 4.14.123-linuxkit (root@9956484d3717) (gcc version 8.3.0 (Alpine 8.3.0)) #1 SMP Sat Jun 1 18:00:05 UTC 2019
[STDERR  ] 2019-06-07T09:28:21.179014161Z: [    0.000000] Command line: console=ttyS0 console=ttyAMA0
[STDERR  ] 2019-06-07T09:28:21.179028502Z: [    0.000000] x86/fpu: x87 FPU will use FXSAVE
[STDERR  ] 2019-06-07T09:28:21.179042013Z: [    0.000000] e820: BIOS-provided physical RAM map:
[STDERR  ] 2019-06-07T09:28:21.179055122Z: [    0.000000] BIOS-e820: [mem 0x0000000000000000-0x000000000009fbff] usable
[STDERR  ] 2019-06-07T09:28:21.179068229Z: [    0.000000] BIOS-e820: [mem 0x000000000009fc00-0x000000000009ffff] reserved
[STDERR  ] 2019-06-07T09:28:21.179081496Z: [    0.000000] BIOS-e820: [mem 0x00000000000f0000-0x00000000000fffff] reserved
[STDERR  ] 2019-06-07T09:28:21.179095180Z: [    0.000000] BIOS-e820: [mem 0x0000000000100000-0x000000003ffdefff] usable
[STDERR  ] 2019-06-07T09:28:21.179107990Z: [    0.000000] BIOS-e820: [mem 0x000000003ffdf000-0x000000003fffffff] reserved
[STDERR  ] 2019-06-07T09:28:21.179120605Z: [    0.000000] BIOS-e820: [mem 0x00000000b0000000-0x00000000bfffffff] reserved
[STDERR  ] 2019-06-07T09:28:21.179133063Z: [    0.000000] BIOS-e820: [mem 0x00000000fed1c000-0x00000000fed1ffff] reserved
[STDERR  ] 2019-06-07T09:28:21.179146188Z: [    0.000000] BIOS-e820: [mem 0x00000000feffc000-0x00000000feffffff] reserved
[STDERR  ] 2019-06-07T09:28:21.179159069Z: [    0.000000] BIOS-e820: [mem 0x00000000fffc0000-0x00000000ffffffff] reserved
[STDERR  ] 2019-06-07T09:28:21.179185286Z: [    0.000000] NX (Execute Disable) protection: active
[STDERR  ] 2019-06-07T09:28:21.179204180Z: [    0.000000] SMBIOS 2.8 present.
[STDERR  ] 2019-06-07T09:28:21.179227878Z: [    0.000000] DMI: QEMU Standard PC (Q35 + ICH9, 2009), BIOS 1.10.2-1 04/01/2014
[STDERR  ] 2019-06-07T09:28:21.179244731Z: [    0.000000] Hypervisor detected: KVM
[STDERR  ] 2019-06-07T09:28:21.179257784Z: [    0.000000] tsc: Fast TSC calibration failed
[STDERR  ] 2019-06-07T09:28:21.179271089Z: [    0.000000] tsc: Unable to calibrate against PIT
[STDERR  ] 2019-06-07T09:28:21.179283740Z: [    0.000000] tsc: No reference (HPET/PMTIMER) available
[STDERR  ] 2019-06-07T09:28:21.179308528Z: [    0.000000] e820: last_pfn = 0x3ffdf max_arch_pfn = 0x400000000
[STDERR  ] 2019-06-07T09:28:21.179327200Z: [    0.000000] x86/PAT: PAT not supported by CPU.
[STDERR  ] 2019-06-07T09:28:21.179339586Z: [    0.000000] x86/PAT: Configuration [0-7]: WB  WT  UC- UC  WB  WT  UC- UC  
[STDERR  ] 2019-06-07T09:28:21.179352257Z: [    0.000000] found SMP MP-table at [mem 0x000f6a90-0x000f6a9f]
[STDERR  ] 2019-06-07T09:28:21.179365297Z: [    0.000000] RAMDISK: [mem 0x3def6000-0x3ffcffff]
[STDERR  ] 2019-06-07T09:28:21.179406165Z: [    0.000000] ACPI: Early table checksum verification disabled
[STDERR  ] 2019-06-07T09:28:21.179425366Z: [    0.000000] ACPI: RSDP 0x00000000000F68D0 000014 (v00 BOCHS )
[STDERR  ] 2019-06-07T09:28:21.179457487Z: [    0.000000] ACPI: RSDT 0x000000003FFE2404 000034 (v01 BOCHS  BXPCRSDT 00000001 BXPC 00000001)
[STDERR  ] 2019-06-07T09:28:21.179482120Z: [    0.000000] ACPI: FACP 0x000000003FFE22A4 000074 (v01 BOCHS  BXPCFACP 00000001 BXPC 00000001)
[STDERR  ] 2019-06-07T09:28:21.179494788Z: [    0.000000] ACPI: DSDT 0x000000003FFE0040 002264 (v01 BOCHS  BXPCDSDT 00000001 BXPC 00000001)
[STDERR  ] 2019-06-07T09:28:21.179510318Z: [    0.000000] ACPI: FACS 0x000000003FFE0000 000040
[STDERR  ] 2019-06-07T09:28:21.179522661Z: [    0.000000] ACPI: APIC 0x000000003FFE2318 000078 (v01 BOCHS  BXPCAPIC 00000001 BXPC 00000001)
[STDERR  ] 2019-06-07T09:28:21.179538186Z: [    0.000000] ACPI: HPET 0x000000003FFE2390 000038 (v01 BOCHS  BXPCHPET 00000001 BXPC 00000001)
[STDERR  ] 2019-06-07T09:28:21.179550611Z: [    0.000000] ACPI: MCFG 0x000000003FFE23C8 00003C (v01 BOCHS  BXPCMCFG 00000001 BXPC 00000001)
[STDERR  ] 2019-06-07T09:28:21.179562536Z: [    0.000000] kvm-clock: Using msrs 4b564d01 and 4b564d00
[STDERR  ] 2019-06-07T09:28:21.179593881Z: [    0.000000] kvm-clock: cpu 0, msr 0:3ffdd001, primary cpu clock
[STDERR  ] 2019-06-07T09:28:21.179606970Z: [    0.000000] clocksource: kvm-clock: mask: 0xffffffffffffffff max_cycles: 0x1cd42e4dffb, max_idle_ns: 881590591483 ns
[STDERR  ] 2019-06-07T09:28:21.179621054Z: [    0.000000] Zone ranges:
[STDERR  ] 2019-06-07T09:28:21.179634898Z: [    0.000000]   DMA      [mem 0x0000000000001000-0x0000000000ffffff]
[STDERR  ] 2019-06-07T09:28:21.179655846Z: [    0.000000]   DMA32    [mem 0x0000000001000000-0x000000003ffdefff]
[STDERR  ] 2019-06-07T09:28:21.179667719Z: [    0.000000]   Normal   empty
[STDERR  ] 2019-06-07T09:28:21.179679921Z: [    0.000000]   Device   empty
[STDERR  ] 2019-06-07T09:28:21.179692731Z: [    0.000000] Movable zone start for each node
[STDERR  ] 2019-06-07T09:28:21.179705596Z: [    0.000000] Early memory node ranges
[STDERR  ] 2019-06-07T09:28:21.179727752Z: [    0.000000]   node   0: [mem 0x0000000000001000-0x000000000009efff]
[STDERR  ] 2019-06-07T09:28:21.179741292Z: [    0.000000]   node   0: [mem 0x0000000000100000-0x000000003ffdefff]
[STDERR  ] 2019-06-07T09:28:21.179753379Z: [    0.000000] Initmem setup node 0 [mem 0x0000000000001000-0x000000003ffdefff]
[STDERR  ] 2019-06-07T09:28:21.179772088Z: [    0.000000] ACPI: PM-Timer IO Port: 0x608
[STDERR  ] 2019-06-07T09:28:21.179785228Z: [    0.000000] ACPI: LAPIC_NMI (acpi_id[0xff] dfl dfl lint[0x1])
[STDERR  ] 2019-06-07T09:28:21.179797974Z: [    0.000000] IOAPIC[0]: apic_id 0, version 17, address 0xfec00000, GSI 0-23
[STDERR  ] 2019-06-07T09:28:21.179817582Z: [    0.000000] ACPI: INT_SRC_OVR (bus 0 bus_irq 0 global_irq 2 dfl dfl)
[STDERR  ] 2019-06-07T09:28:21.179839147Z: [    0.000000] ACPI: INT_SRC_OVR (bus 0 bus_irq 5 global_irq 5 high level)
[STDERR  ] 2019-06-07T09:28:21.179998842Z: [    0.000000] ACPI: INT_SRC_OVR (bus 0 bus_irq 9 global_irq 9 high level)
[STDERR  ] 2019-06-07T09:28:21.180018322Z: [    0.000000] ACPI: INT_SRC_OVR (bus 0 bus_irq 10 global_irq 10 high level)
[STDERR  ] 2019-06-07T09:28:21.180030725Z: [    0.000000] ACPI: INT_SRC_OVR (bus 0 bus_irq 11 global_irq 11 high level)
[STDERR  ] 2019-06-07T09:28:21.180042837Z: [    0.000000] Using ACPI (MADT) for SMP configuration information
[STDERR  ] 2019-06-07T09:28:21.180066724Z: [    0.000000] ACPI: HPET id: 0x8086a201 base: 0xfed00000
[STDERR  ] 2019-06-07T09:28:21.180085482Z: [    0.000000] smpboot: Allowing 1 CPUs, 0 hotplug CPUs
[STDERR  ] 2019-06-07T09:28:21.180102660Z: [    0.000000] e820: [mem 0x40000000-0xafffffff] available for PCI devices
[STDERR  ] 2019-06-07T09:28:21.180116047Z: [    0.000000] Booting paravirtualized kernel on KVM
[STDERR  ] 2019-06-07T09:28:21.180128432Z: [    0.000000] clocksource: refined-jiffies: mask: 0xffffffff max_cycles: 0xffffffff, max_idle_ns: 1910969940391419 ns
[STDERR  ] 2019-06-07T09:28:21.180141611Z: [    0.000000] random: get_random_bytes called from start_kernel+0x91/0x4b2 with crng_init=0
[STDERR  ] 2019-06-07T09:28:21.180154469Z: [    0.000000] setup_percpu: NR_CPUS:128 nr_cpumask_bits:128 nr_cpu_ids:1 nr_node_ids:1
[STDERR  ] 2019-06-07T09:28:21.180176731Z: [    0.000000] percpu: Embedded 45 pages/cpu s144216 r8192 d31912 u2097152
[STDERR  ] 2019-06-07T09:28:21.180189363Z: [    0.000000] KVM setup async PF for cpu 0
[STDERR  ] 2019-06-07T09:28:21.180201969Z: [    0.000000] kvm-stealtime: cpu 0, msr 3dc15f40
[STDERR  ] 2019-06-07T09:28:21.180219166Z: [    0.000000] Built 1 zonelists, mobility grouping on.  Total pages: 257896
[STDERR  ] 2019-06-07T09:28:21.180232096Z: [    0.000000] Kernel command line: console=ttyS0 console=ttyAMA0
[STDERR  ] 2019-06-07T09:28:21.180244967Z: [    0.000000] PID hash table entries: 4096 (order: 3, 32768 bytes)
[STDERR  ] 2019-06-07T09:28:21.180257850Z: [    0.000000] Dentry cache hash table entries: 131072 (order: 8, 1048576 bytes)
[STDERR  ] 2019-06-07T09:28:21.180270058Z: [    0.000000] Inode-cache hash table entries: 65536 (order: 7, 524288 bytes)
[STDERR  ] 2019-06-07T09:28:21.180283178Z: [    0.000000] Memory: 971240K/1048052K available (12300K kernel code, 1455K rwdata, 2932K rodata, 1528K init, 580K bss, 76812K reserved, 0K cma-reserved)
[STDERR  ] 2019-06-07T09:28:21.180306187Z: [    0.000000] Kernel/User page tables isolation: enabled
[STDERR  ] 2019-06-07T09:28:21.180318809Z: [    0.000000] ftrace: allocating 40738 entries in 160 pages
[STDERR  ] 2019-06-07T09:28:21.180331523Z: [    0.001000] Hierarchical RCU implementation.
[STDERR  ] 2019-06-07T09:28:21.180344561Z: [    0.001000] 	RCU restricting CPUs from NR_CPUS=128 to nr_cpu_ids=1.
[STDERR  ] 2019-06-07T09:28:21.180356766Z: [    0.001000] RCU: Adjusting geometry for rcu_fanout_leaf=16, nr_cpu_ids=1
[STDERR  ] 2019-06-07T09:28:21.180372299Z: [    0.001000] NR_IRQS: 8448, nr_irqs: 256, preallocated irqs: 16
[STDERR  ] 2019-06-07T09:28:21.180384861Z: [    0.001000] Console: colour VGA+ 80x25
[STDERR  ] 2019-06-07T09:28:21.180397084Z: [    0.001000] console [ttyS0] enabled
[STDERR  ] 2019-06-07T09:28:21.180409725Z: [    0.001000] clocksource: hpet: mask: 0xffffffff max_cycles: 0xffffffff, max_idle_ns: 19112604467 ns
[STDERR  ] 2019-06-07T09:28:21.180431148Z: [    0.001035] tsc: Detected 2299.800 MHz processor
[STDERR  ] 2019-06-07T09:28:21.180443598Z: [    0.003031] Calibrating delay loop (skipped) preset value.. 4599.60 BogoMIPS (lpj=2299800)
[STDERR  ] 2019-06-07T09:28:21.180456210Z: [    0.004056] pid_max: default: 32768 minimum: 301
[STDERR  ] 2019-06-07T09:28:21.180468679Z: [    0.007022] ACPI: Core revision 20170728
[STDERR  ] 2019-06-07T09:28:21.180492440Z: [    0.009156] ACPI: 1 ACPI AML tables successfully acquired and loaded
[STDERR  ] 2019-06-07T09:28:21.180508677Z: [    0.010107] Security Framework initialized
[STDERR  ] 2019-06-07T09:28:21.180521018Z: [    0.011025] Yama: becoming mindful.
[STDERR  ] 2019-06-07T09:28:21.180533260Z: [    0.012068] Mount-cache hash table entries: 2048 (order: 2, 16384 bytes)
[STDERR  ] 2019-06-07T09:28:21.180550816Z: [    0.013027] Mountpoint-cache hash table entries: 2048 (order: 2, 16384 bytes)
[STDERR  ] 2019-06-07T09:28:21.180562505Z: [    0.016077] Last level iTLB entries: 4KB 0, 2MB 0, 4MB 0
[STDERR  ] 2019-06-07T09:28:21.180577731Z: [    0.017031] Last level dTLB entries: 4KB 0, 2MB 0, 4MB 0, 1GB 0
[STDERR  ] 2019-06-07T09:28:21.180590427Z: [    0.018027] Spectre V2 : Mitigation: Full generic retpoline
[STDERR  ] 2019-06-07T09:28:21.180606951Z: [    0.019024] Spectre V2 : Spectre v2 / SpectreRSB mitigation: Filling RSB on context switch
[STDERR  ] 2019-06-07T09:28:21.180619873Z: [    0.020025] Speculative Store Bypass: Vulnerable
[STDERR  ] 2019-06-07T09:28:21.180631786Z: [    0.021044] MDS: Vulnerable: Clear CPU buffers attempted, no microcode
[STDERR  ] 2019-06-07T09:28:21.180654583Z: [    0.031410] Freeing SMP alternatives memory: 20K
[STDERR  ] 2019-06-07T09:28:21.180667209Z: [    0.032577] smpboot: Max logical packages: 1
[STDERR  ] 2019-06-07T09:28:21.180679842Z: [    0.035836] x2apic enabled
[STDERR  ] 2019-06-07T09:28:21.180692677Z: [    0.036023] Switched APIC routing to physical x2apic.
[STDERR  ] 2019-06-07T09:28:21.180705002Z: [    0.047000] ..TIMER: vector=0x30 apic1=0 pin1=2 apic2=-1 pin2=-1
[STDERR  ] 2019-06-07T09:28:21.180719992Z: [    0.047000] smpboot: CPU0: Intel QEMU Virtual CPU version 2.5+ (family: 0x6, model: 0x6, stepping: 0x3)
[STDERR  ] 2019-06-07T09:28:21.180740951Z: [    0.047131] Performance Events: PMU not available due to virtualization, using software events only.
[STDERR  ] 2019-06-07T09:28:21.180765902Z: [    0.050101] Hierarchical SRCU implementation.
[STDERR  ] 2019-06-07T09:28:21.180779346Z: [    0.051140] NMI watchdog: Perf event create on CPU 0 failed with -2
[STDERR  ] 2019-06-07T09:28:21.180792105Z: [    0.052007] NMI watchdog: Perf NMI watchdog permanently disabled
[STDERR  ] 2019-06-07T09:28:21.180804241Z: [    0.053076] smp: Bringing up secondary CPUs ...
[STDERR  ] 2019-06-07T09:28:21.180839719Z: [    0.054008] smp: Brought up 1 node, 1 CPU
[STDERR  ] 2019-06-07T09:28:21.180855841Z: [    0.055008] smpboot: Total of 1 processors activated (4599.60 BogoMIPS)
[STDERR  ] 2019-06-07T09:28:21.180868785Z: [    0.058754] devtmpfs: initialized
[STDERR  ] 2019-06-07T09:28:21.180880879Z: [    0.059086] x86/mm: Memory block size: 128MB
[STDERR  ] 2019-06-07T09:28:21.180902351Z: [    0.061062] evm: security.ima
[STDERR  ] 2019-06-07T09:28:21.180921259Z: [    0.062005] evm: security.capability
[STDERR  ] 2019-06-07T09:28:21.180934941Z: [    0.063194] clocksource: jiffies: mask: 0xffffffff max_cycles: 0xffffffff, max_idle_ns: 1911260446275000 ns
[STDERR  ] 2019-06-07T09:28:21.180948172Z: [    0.064018] futex hash table entries: 256 (order: 2, 16384 bytes)
[STDERR  ] 2019-06-07T09:28:21.180960437Z: [    0.065225] NET: Registered protocol family 16
[STDERR  ] 2019-06-07T09:28:21.180973067Z: [    0.066193] cpuidle: using governor ladder
[STDERR  ] 2019-06-07T09:28:21.180984914Z: [    0.067009] cpuidle: using governor menu
[STDERR  ] 2019-06-07T09:28:21.180996899Z: [    0.068115] ACPI: bus type PCI registered
[STDERR  ] 2019-06-07T09:28:21.181018604Z: [    0.069007] acpiphp: ACPI Hot Plug PCI Controller Driver version: 0.5
[STDERR  ] 2019-06-07T09:28:21.181031482Z: [    0.071287] PCI: MMCONFIG for domain 0000 [bus 00-ff] at [mem 0xb0000000-0xbfffffff] (base 0xb0000000)
[STDERR  ] 2019-06-07T09:28:21.181045196Z: [    0.072011] PCI: MMCONFIG at [mem 0xb0000000-0xbfffffff] reserved in E820
[STDERR  ] 2019-06-07T09:28:21.181057242Z: [    0.073026] PCI: Using configuration type 1 for base access
[STDERR  ] 2019-06-07T09:28:21.181076286Z: [    0.076421] HugeTLB registered 2.00 MiB page size, pre-allocated 0 pages
[STDERR  ] 2019-06-07T09:28:21.181090593Z: [    0.077275] ACPI: Added _OSI(Module Device)
[STDERR  ] 2019-06-07T09:28:21.181103489Z: [    0.078027] ACPI: Added _OSI(Processor Device)
[STDERR  ] 2019-06-07T09:28:21.181116269Z: [    0.079007] ACPI: Added _OSI(3.0 _SCP Extensions)
[STDERR  ] 2019-06-07T09:28:21.181129057Z: [    0.080007] ACPI: Added _OSI(Processor Aggregator Device)
[STDERR  ] 2019-06-07T09:28:21.181156353Z: [    0.085181] ACPI: Interpreter enabled
[STDERR  ] 2019-06-07T09:28:21.181168564Z: [    0.086018] ACPI: (supports S0 S5)
[STDERR  ] 2019-06-07T09:28:21.181181111Z: [    0.087005] ACPI: Using IOAPIC for interrupt routing
[STDERR  ] 2019-06-07T09:28:21.181200943Z: [    0.089010] PCI: Using host bridge windows from ACPI; if necessary, use "pci=nocrs" and report a bug
[STDERR  ] 2019-06-07T09:28:21.181226408Z: [    0.090460] ACPI: Enabled 2 GPEs in block 00 to 3F
[STDERR  ] 2019-06-07T09:28:21.181239704Z: [    0.095076] ACPI: PCI Root Bridge [PCI0] (domain 0000 [bus 00-ff])
[STDERR  ] 2019-06-07T09:28:21.181251943Z: [    0.096018] acpi PNP0A08:00: _OSC: OS supports [ExtendedConfig ASPM ClockPM Segments MSI]
[STDERR  ] 2019-06-07T09:28:21.181264695Z: [    0.097145] acpi PNP0A08:00: _OSC: OS now controls [PCIeHotplug PME PCIeCapability]
[STDERR  ] 2019-06-07T09:28:21.181277201Z: [    0.098389] PCI host bridge to bus 0000:00
[STDERR  ] 2019-06-07T09:28:21.181289750Z: [    0.099011] pci_bus 0000:00: root bus resource [io  0x0000-0x0cf7 window]
[STDERR  ] 2019-06-07T09:28:21.181305070Z: [    0.100008] pci_bus 0000:00: root bus resource [io  0x0d00-0xffff window]
[STDERR  ] 2019-06-07T09:28:21.181320327Z: [    0.101008] pci_bus 0000:00: root bus resource [mem 0x000a0000-0x000bffff window]
[STDERR  ] 2019-06-07T09:28:21.181346762Z: [    0.102011] pci_bus 0000:00: root bus resource [mem 0xc0000000-0xfebfffff window]
[STDERR  ] 2019-06-07T09:28:21.181359513Z: [    0.103011] pci_bus 0000:00: root bus resource [bus 00-ff]
[STDERR  ] 2019-06-07T09:28:21.181371921Z: [    0.167848] pci 0000:00:1f.0: quirk: [io  0x0600-0x067f] claimed by ICH6 ACPI/GPIO/TCO
[STDERR  ] 2019-06-07T09:28:21.181387777Z: [    0.194285] ACPI: PCI Interrupt Link [LNKA] (IRQs 5 *10 11)
[STDERR  ] 2019-06-07T09:28:21.181403054Z: [    0.195306] ACPI: PCI Interrupt Link [LNKB] (IRQs 5 *10 11)
[STDERR  ] 2019-06-07T09:28:21.181415155Z: [    0.197162] ACPI: PCI Interrupt Link [LNKC] (IRQs 5 10 *11)
[STDERR  ] 2019-06-07T09:28:21.181427124Z: [    0.198323] ACPI: PCI Interrupt Link [LNKD] (IRQs 5 10 *11)
[STDERR  ] 2019-06-07T09:28:21.181439259Z: [    0.200098] ACPI: PCI Interrupt Link [LNKE] (IRQs 5 *10 11)
[STDERR  ] 2019-06-07T09:28:21.181451873Z: [    0.201308] ACPI: PCI Interrupt Link [LNKF] (IRQs 5 *10 11)
[STDERR  ] 2019-06-07T09:28:21.181464519Z: [    0.202316] ACPI: PCI Interrupt Link [LNKG] (IRQs 5 10 *11)
[STDERR  ] 2019-06-07T09:28:21.181477165Z: [    0.204162] ACPI: PCI Interrupt Link [LNKH] (IRQs 5 10 *11)
[STDERR  ] 2019-06-07T09:28:21.181501122Z: [    0.205158] ACPI: PCI Interrupt Link [GSIA] (IRQs *16)
[STDERR  ] 2019-06-07T09:28:21.181513331Z: [    0.206044] ACPI: PCI Interrupt Link [GSIB] (IRQs *17)
[STDERR  ] 2019-06-07T09:28:21.181525777Z: [    0.207035] ACPI: PCI Interrupt Link [GSIC] (IRQs *18)
[STDERR  ] 2019-06-07T09:28:21.181537831Z: [    0.208026] ACPI: PCI Interrupt Link [GSID] (IRQs *19)
[STDERR  ] 2019-06-07T09:28:21.181550126Z: [    0.209033] ACPI: PCI Interrupt Link [GSIE] (IRQs *20)
[STDERR  ] 2019-06-07T09:28:21.181566139Z: [    0.210033] ACPI: PCI Interrupt Link [GSIF] (IRQs *21)
[STDERR  ] 2019-06-07T09:28:21.181577836Z: [    0.211042] ACPI: PCI Interrupt Link [GSIG] (IRQs *22)
[STDERR  ] 2019-06-07T09:28:21.181589604Z: [    0.212030] ACPI: PCI Interrupt Link [GSIH] (IRQs *23)
[STDERR  ] 2019-06-07T09:28:21.181601960Z: [    0.213410] SCSI subsystem initialized
[STDERR  ] 2019-06-07T09:28:21.181614073Z: [    0.214115] ACPI: bus type USB registered
[STDERR  ] 2019-06-07T09:28:21.181626375Z: [    0.215052] usbcore: registered new interface driver usbfs
[STDERR  ] 2019-06-07T09:28:21.181652520Z: [    0.216037] usbcore: registered new interface driver hub
[STDERR  ] 2019-06-07T09:28:21.181664615Z: [    0.217039] usbcore: registered new device driver usb
[STDERR  ] 2019-06-07T09:28:21.181676456Z: [    0.218046] pps_core: LinuxPPS API ver. 1 registered
[STDERR  ] 2019-06-07T09:28:21.181688364Z: [    0.219006] pps_core: Software ver. 5.3.6 - Copyright 2005-2007 Rodolfo Giometti <giometti@linux.it>
[STDERR  ] 2019-06-07T09:28:21.181706661Z: [    0.220027] PTP clock support registered
[STDERR  ] 2019-06-07T09:28:21.181719373Z: [    0.221109] PCI: Using ACPI for IRQ routing
[STDERR  ] 2019-06-07T09:28:21.181731921Z: [    0.670198] NetLabel: Initializing
[STDERR  ] 2019-06-07T09:28:21.181775663Z: [    0.671004] NetLabel:  domain hash size = 128
[STDERR  ] 2019-06-07T09:28:21.181791993Z: [    0.672005] NetLabel:  protocols = UNLABELED CIPSOv4 CALIPSO
[STDERR  ] 2019-06-07T09:28:21.181809071Z: [    0.673047] NetLabel:  unlabeled traffic allowed by default
[STDERR  ] 2019-06-07T09:28:21.181822281Z: [    0.674177] HPET: 3 timers in total, 0 timers will be used for per-cpu timer
[STDERR  ] 2019-06-07T09:28:21.181834692Z: [    0.675112] hpet0: at MMIO 0xfed00000, IRQs 2, 8, 0
[STDERR  ] 2019-06-07T09:28:21.181856178Z: [    0.676006] hpet0: 3 comparators, 64-bit 100.000000 MHz counter
[STDERR  ] 2019-06-07T09:28:21.181868546Z: [    0.682049] clocksource: Switched to clocksource kvm-clock
[STDERR  ] 2019-06-07T09:28:21.181887214Z: [    0.705436] VFS: Disk quotas dquot_6.6.0
[STDERR  ] 2019-06-07T09:28:21.181902529Z: [    0.709086] VFS: Dquot-cache hash table entries: 512 (order 0, 4096 bytes)
[STDERR  ] 2019-06-07T09:28:21.181921666Z: [    0.715336] FS-Cache: Loaded
[STDERR  ] 2019-06-07T09:28:21.181934345Z: [    0.718180] CacheFiles: Loaded
[STDERR  ] 2019-06-07T09:28:21.181946240Z: [    0.720993] pnp: PnP ACPI init
[STDERR  ] 2019-06-07T09:28:21.181966967Z: [    0.724907] pnp: PnP ACPI: found 5 devices
[STDERR  ] 2019-06-07T09:28:21.181979784Z: [    0.734881] clocksource: acpi_pm: mask: 0xffffff max_cycles: 0xffffff, max_idle_ns: 2085701024 ns
[STDERR  ] 2019-06-07T09:28:21.181997137Z: [    0.742784] NET: Registered protocol family 2
[STDERR  ] 2019-06-07T09:28:21.182009581Z: [    0.746895] TCP established hash table entries: 8192 (order: 4, 65536 bytes)
[STDERR  ] 2019-06-07T09:28:21.182021696Z: [    0.753167] TCP bind hash table entries: 8192 (order: 5, 131072 bytes)
[STDERR  ] 2019-06-07T09:28:21.182043428Z: [    0.759683] TCP: Hash tables configured (established 8192 bind 8192)
[STDERR  ] 2019-06-07T09:28:21.182055869Z: [    0.765738] UDP hash table entries: 512 (order: 2, 16384 bytes)
[STDERR  ] 2019-06-07T09:28:21.182068514Z: [    0.770753] UDP-Lite hash table entries: 512 (order: 2, 16384 bytes)
[STDERR  ] 2019-06-07T09:28:21.182081850Z: [    0.776160] NET: Registered protocol family 1
[STDERR  ] 2019-06-07T09:28:21.182093833Z: [    0.780134] pci 0000:00:01.0: Video device with shadowed ROM at [mem 0x000c0000-0x000dffff]
[STDERR  ] 2019-06-07T09:28:21.182111739Z: [    0.787459] Trying to unpack rootfs image as initramfs...
[STDERR  ] 2019-06-07T09:28:21.182124804Z: [    1.558004] Freeing initrd memory: 33640K
[STDERR  ] 2019-06-07T09:28:21.182137404Z: [    1.561889] clocksource: tsc: mask: 0xffffffffffffffff max_cycles: 0x2126783ca48, max_idle_ns: 440795246164 ns
[STDERR  ] 2019-06-07T09:28:21.182154204Z: [    1.571404] PCLMULQDQ-NI instructions are not detected.
[STDERR  ] 2019-06-07T09:28:21.182166734Z: [    1.576184] AVX or AES-NI instructions are not detected.
[STDERR  ] 2019-06-07T09:28:21.182178713Z: [    1.580944] CPU feature 'AVX registers' is not supported.
[STDERR  ] 2019-06-07T09:28:21.182190418Z: [    1.585728] CPU feature 'AVX registers' is not supported.
[STDERR  ] 2019-06-07T09:28:21.182202728Z: [    1.590511] CPU feature 'AVX registers' is not supported.
[STDERR  ] 2019-06-07T09:28:21.182215468Z: [    1.595294] CPU feature 'AVX registers' is not supported.
[STDERR  ] 2019-06-07T09:28:21.182228056Z: [    1.600146] AVX2 or AES-NI instructions are not detected.
[STDERR  ] 2019-06-07T09:28:21.182240604Z: [    1.604967] AVX2 instructions are not detected.
[STDERR  ] 2019-06-07T09:28:21.182252693Z: [    1.609292] audit: initializing netlink subsys (disabled)
[STDERR  ] 2019-06-07T09:28:21.182264742Z: [    1.614504] audit: type=2000 audit(1559899695.782:1): state=initialized audit_enabled=0 res=1
[STDERR  ] 2019-06-07T09:28:21.182277217Z: [    1.622111] workingset: timestamp_bits=46 max_order=18 bucket_order=0
[STDERR  ] 2019-06-07T09:28:21.182294492Z: [    1.628244] squashfs: version 4.0 (2009/01/31) Phillip Lougher
[STDERR  ] 2019-06-07T09:28:21.182306923Z: [    1.636162] FS-Cache: Netfs 'cifs' registered for caching
[STDERR  ] 2019-06-07T09:28:21.182322218Z: [    1.641151] fuse init (API version 7.26)
[STDERR  ] 2019-06-07T09:28:21.182334744Z: [    1.645009] SGI XFS with ACLs, security attributes, no debug enabled
[STDERR  ] 2019-06-07T09:28:21.182353099Z: [    1.650997] 9p: Installing v9fs 9p2000 file system support
[STDERR  ] 2019-06-07T09:28:21.182365572Z: [    1.655854] FS-Cache: Netfs '9p' registered for caching
[STDERR  ] 2019-06-07T09:28:21.182377718Z: [    1.662218] NET: Registered protocol family 38
[STDERR  ] 2019-06-07T09:28:21.182390411Z: [    1.666126] Key type asymmetric registered
[STDERR  ] 2019-06-07T09:28:21.182405470Z: [    1.669599] Asymmetric key parser 'x509' registered
[STDERR  ] 2019-06-07T09:28:21.182440941Z: [    1.673847] Block layer SCSI generic (bsg) driver version 0.4 loaded (major 247)
[STDERR  ] 2019-06-07T09:28:21.182454356Z: [    1.679923] io scheduler noop registered
[STDERR  ] 2019-06-07T09:28:21.182466380Z: [    1.683231] io scheduler deadline registered (default)
[STDERR  ] 2019-06-07T09:28:21.182478352Z: [    1.687505] io scheduler cfq registered
[STDERR  ] 2019-06-07T09:28:21.182509782Z: [    1.690704] io scheduler mq-deadline registered
[STDERR  ] 2019-06-07T09:28:21.182522166Z: [    1.694452] io scheduler kyber registered
[STDERR  ] 2019-06-07T09:28:21.182534538Z: [    1.697935] shpchp: Standard Hot Plug PCI Controller Driver version: 0.4
[STDERR  ] 2019-06-07T09:28:21.182546640Z: [    1.703479] hv_vmbus: registering driver hyperv_fb
[STDERR  ] 2019-06-07T09:28:21.182558437Z: [    1.707576] input: Power Button as /devices/LNXSYSTM:00/LNXPWRBN:00/input/input0
[STDERR  ] 2019-06-07T09:28:21.182570870Z: [    1.713655] ACPI: Power Button [PWRF]
[STDERR  ] 2019-06-07T09:28:21.182583393Z: [    1.717568] ACPI: PCI Interrupt Link [GSIG] enabled at IRQ 22
[STDERR  ] 2019-06-07T09:28:21.182595755Z: [    1.728131] ACPI: PCI Interrupt Link [GSIH] enabled at IRQ 23
[STDERR  ] 2019-06-07T09:28:21.182608281Z: [    1.738623] Serial: 8250/16550 driver, 4 ports, IRQ sharing disabled
[STDERR  ] 2019-06-07T09:28:21.182620603Z: [    1.778123] 00:04: ttyS0 at I/O 0x3f8 (irq = 4, base_baud = 115200) is a 16550A
[STDERR  ] 2019-06-07T09:28:21.182632459Z: [    1.785718] Non-volatile memory driver v1.3
[STDERR  ] 2019-06-07T09:28:21.182651124Z: [    1.791121] Hangcheck: starting hangcheck timer 0.9.1 (tick is 180 seconds, margin is 60 seconds).
[STDERR  ] 2019-06-07T09:28:21.182663627Z: [    1.799310] random: fast init done
[STDERR  ] 2019-06-07T09:28:21.182676008Z: [    1.803851] random: crng init done
[STDERR  ] 2019-06-07T09:28:21.182688510Z: [    1.808254] brd: module loaded
[STDERR  ] 2019-06-07T09:28:21.182701099Z: [    1.813812] loop: module loaded
[STDERR  ] 2019-06-07T09:28:21.182713084Z: [    1.823531] lpc_ich 0000:00:1f.0: I/O space for GPIO uninitialized
[STDERR  ] 2019-06-07T09:28:21.182725026Z: [    1.829146] VMware PVSCSI driver - version 1.0.7.0-k
[STDERR  ] 2019-06-07T09:28:21.182737398Z: [    1.833594] hv_vmbus: registering driver hv_storvsc
[STDERR  ] 2019-06-07T09:28:21.182749990Z: [    1.838513] ACPI: PCI Interrupt Link [GSIA] enabled at IRQ 16
[STDERR  ] 2019-06-07T09:28:21.182762436Z: [    1.847008] ahci 0000:00:1f.2: AHCI 0001.0000 32 slots 6 ports 1.5 Gbps 0x3f impl SATA mode
[STDERR  ] 2019-06-07T09:28:21.182775012Z: [    1.854341] ahci 0000:00:1f.2: flags: 64bit ncq only 
[STDERR  ] 2019-06-07T09:28:21.182787215Z: [    1.862339] scsi host0: ahci
[STDERR  ] 2019-06-07T09:28:21.182802453Z: [    1.864914] scsi host1: ahci
[STDERR  ] 2019-06-07T09:28:21.182814527Z: [    1.867535] scsi host2: ahci
[STDERR  ] 2019-06-07T09:28:21.182827039Z: [    1.870159] scsi host3: ahci
[STDERR  ] 2019-06-07T09:28:21.182839575Z: [    1.872714] scsi host4: ahci
[STDERR  ] 2019-06-07T09:28:21.182854543Z: [    1.875282] scsi host5: ahci
[STDERR  ] 2019-06-07T09:28:21.182872539Z: [    1.877851] ata1: SATA max UDMA/133 abar m4096@0xfebd2000 port 0xfebd2100 irq 24
[STDERR  ] 2019-06-07T09:28:21.182884331Z: [    1.883988] ata2: SATA max UDMA/133 abar m4096@0xfebd2000 port 0xfebd2180 irq 24
[STDERR  ] 2019-06-07T09:28:21.182896054Z: [    1.890074] ata3: SATA max UDMA/133 abar m4096@0xfebd2000 port 0xfebd2200 irq 24
[STDERR  ] 2019-06-07T09:28:21.182922212Z: [    1.896107] ata4: SATA max UDMA/133 abar m4096@0xfebd2000 port 0xfebd2280 irq 24
[STDERR  ] 2019-06-07T09:28:21.182954820Z: [    1.902065] ata5: SATA max UDMA/133 abar m4096@0xfebd2000 port 0xfebd2300 irq 24
[STDERR  ] 2019-06-07T09:28:21.182967500Z: [    1.908175] ata6: SATA max UDMA/133 abar m4096@0xfebd2000 port 0xfebd2380 irq 24
[STDERR  ] 2019-06-07T09:28:21.182979492Z: [    1.916604] tun: Universal TUN/TAP device driver, 1.6
[STDERR  ] 2019-06-07T09:28:21.183009676Z: [    1.925351] VMware vmxnet3 virtual NIC driver - version 1.4.a.0-k-NAPI
[STDERR  ] 2019-06-07T09:28:21.183021645Z: [    1.930803] hv_vmbus: registering driver hv_netvsc
[STDERR  ] 2019-06-07T09:28:21.183033325Z: [    1.934771] Fusion MPT base driver 3.04.20
[STDERR  ] 2019-06-07T09:28:21.183045868Z: [    1.938182] Copyright (c) 1999-2008 LSI Corporation
[STDERR  ] 2019-06-07T09:28:21.183057800Z: [    1.942228] Fusion MPT SPI Host driver 3.04.20
[STDERR  ] 2019-06-07T09:28:21.183070082Z: [    1.945996] i8042: PNP: PS/2 Controller [PNP0303:KBD,PNP0f13:MOU] at 0x60,0x64 irq 1,12
[STDERR  ] 2019-06-07T09:28:21.183083795Z: [    1.956366] serio: i8042 KBD port at 0x60,0x64 irq 1
[STDERR  ] 2019-06-07T09:28:21.183096578Z: [    1.960550] serio: i8042 AUX port at 0x60,0x64 irq 12
[STDERR  ] 2019-06-07T09:28:21.183109012Z: [    1.964864] hv_vmbus: registering driver hyperv_keyboard
[STDERR  ] 2019-06-07T09:28:21.183122214Z: [    1.969358] mousedev: PS/2 mouse device common for all mice
[STDERR  ] 2019-06-07T09:28:21.183149872Z: [    1.975392] input: AT Translated Set 2 keyboard as /devices/platform/i8042/serio0/input/input1
[STDERR  ] 2019-06-07T09:28:21.183162759Z: [    1.982574] input: PC Speaker as /devices/platform/pcspkr/input/input2
[STDERR  ] 2019-06-07T09:28:21.183175317Z: [    1.989008] rtc_cmos 00:00: RTC can wake from S4
[STDERR  ] 2019-06-07T09:28:21.183188166Z: [    1.994546] rtc_cmos 00:00: rtc core: registered rtc_cmos as rtc0
[STDERR  ] 2019-06-07T09:28:21.183200861Z: [    2.000454] rtc_cmos 00:00: alarms up to one day, y3k, 114 bytes nvram, hpet irqs
[STDERR  ] 2019-06-07T09:28:21.183212840Z: [    2.006609] i2c /dev entries driver
[STDERR  ] 2019-06-07T09:28:21.183224963Z: [    2.009641] device-mapper: ioctl: 4.37.0-ioctl (2017-09-20) initialised: dm-devel@redhat.com
[STDERR  ] 2019-06-07T09:28:21.183237808Z: [    2.017302] usbcore: registered new interface driver usbhid
[STDERR  ] 2019-06-07T09:28:21.183249737Z: [    2.022082] usbhid: USB HID core driver
[STDERR  ] 2019-06-07T09:28:21.183262362Z: [    2.025351] hv_utils: Registering HyperV Utility Driver
[STDERR  ] 2019-06-07T09:28:21.183287925Z: [    2.029599] hv_vmbus: registering driver hv_util
[STDERR  ] 2019-06-07T09:28:21.183301980Z: [    2.033432] hv_vmbus: registering driver hv_balloon
[STDERR  ] 2019-06-07T09:28:21.183314288Z: [    2.037533] oprofile: using NMI interrupt.
[STDERR  ] 2019-06-07T09:28:21.183326817Z: [    2.041080] GACT probability on
[STDERR  ] 2019-06-07T09:28:21.183339416Z: [    2.043774] Mirror/redirect action on
[STDERR  ] 2019-06-07T09:28:21.183351978Z: [    2.046884] Simple TC action Loaded
[STDERR  ] 2019-06-07T09:28:21.183364471Z: [    2.049843] u32 classifier
[STDERR  ] 2019-06-07T09:28:21.183376802Z: [    2.052147]     Performance counters on
[STDERR  ] 2019-06-07T09:28:21.183399404Z: [    2.055356]     input device check on
[STDERR  ] 2019-06-07T09:28:21.183411906Z: [    2.058609]     Actions configured
[STDERR  ] 2019-06-07T09:28:21.183424289Z: [    2.061478] Netfilter messages via NETLINK v0.30.
[STDERR  ] 2019-06-07T09:28:21.183459529Z: [    2.065412] nfnl_acct: registering with nfnetlink.
[STDERR  ] 2019-06-07T09:28:21.183473810Z: [    2.069573] nf_conntrack version 0.5.0 (8192 buckets, 32768 max)
[STDERR  ] 2019-06-07T09:28:21.183525871Z: [    2.074589] ctnetlink v0.93: registering with nfnetlink.
[STDERR  ] 2019-06-07T09:28:21.183540887Z: [    2.079128] nf_tables: (c) 2007-2009 Patrick McHardy <kaber@trash.net>
[STDERR  ] 2019-06-07T09:28:21.183565791Z: [    2.084545] nf_tables_compat: (c) 2012 Pablo Neira Ayuso <pablo@netfilter.org>
[STDERR  ] 2019-06-07T09:28:21.183578473Z: [    2.090574] xt_time: kernel timezone is -0000
[STDERR  ] 2019-06-07T09:28:21.183595647Z: [    2.094300] ip_set: protocol 6
[STDERR  ] 2019-06-07T09:28:21.183612880Z: [    2.097061] ipip: IPv4 and MPLS over IPv4 tunneling driver
[STDERR  ] 2019-06-07T09:28:21.183624867Z: [    2.101825] gre: GRE over IPv4 demultiplexor driver
[STDERR  ] 2019-06-07T09:28:21.183637559Z: [    2.106087] ip_tables: (C) 2000-2006 Netfilter Core Team
[STDERR  ] 2019-06-07T09:28:21.183658397Z: [    2.110599] arp_tables: arp_tables: (C) 2002 David S. Miller
[STDERR  ] 2019-06-07T09:28:21.183671673Z: [    2.115809] NET: Registered protocol family 10
[STDERR  ] 2019-06-07T09:28:21.183690695Z: [    2.119915] Segment Routing with IPv6
[STDERR  ] 2019-06-07T09:28:21.183703322Z: [    2.123361] ip6_tables: (C) 2000-2006 Netfilter Core Team
[STDERR  ] 2019-06-07T09:28:21.183725825Z: [    2.128585] NET: Registered protocol family 17
[STDERR  ] 2019-06-07T09:28:21.183738120Z: [    2.132345] Bridge firewalling registered
[STDERR  ] 2019-06-07T09:28:21.183750442Z: [    2.135921] 8021q: 802.1Q VLAN Support v1.8
[STDERR  ] 2019-06-07T09:28:21.183762943Z: [    2.139458] 9pnet: Installing 9P2000 support
[STDERR  ] 2019-06-07T09:28:21.183775125Z: [    2.143334] Key type dns_resolver registered
[STDERR  ] 2019-06-07T09:28:21.183787603Z: [    2.147142] NET: Registered protocol family 40
[STDERR  ] 2019-06-07T09:28:21.183800100Z: [    2.151337] registered taskstats version 1
[STDERR  ] 2019-06-07T09:28:21.183811905Z: [    2.162893] Key type big_key registered
[STDERR  ] 2019-06-07T09:28:21.183827967Z: [    2.170153] Key type trusted registered
[STDERR  ] 2019-06-07T09:28:21.183840474Z: [    2.177083] Key type encrypted registered
[STDERR  ] 2019-06-07T09:28:21.183852883Z: [    2.180772] ima: No TPM chip found, activating TPM-bypass! (rc=-19)
[STDERR  ] 2019-06-07T09:28:21.183872509Z: [    2.186341] ima: Allocated hash algorithm: sha256
[STDERR  ] 2019-06-07T09:28:21.183885286Z: [    2.190322] evm: HMAC attrs: 0x1
[STDERR  ] 2019-06-07T09:28:21.183897862Z: [    2.195263] rtc_cmos 00:00: setting system clock to 2019-06-07 09:28:16 UTC (1559899696)
[STDERR  ] 2019-06-07T09:28:21.183910951Z: [    2.229357] ata4: SATA link down (SStatus 0 SControl 300)
[STDERR  ] 2019-06-07T09:28:21.183931212Z: [    2.235224] ata5: SATA link down (SStatus 0 SControl 300)
[STDERR  ] 2019-06-07T09:28:21.183944184Z: [    2.240956] ata2: SATA link down (SStatus 0 SControl 300)
[STDERR  ] 2019-06-07T09:28:21.183956754Z: [    2.246694] ata3: SATA link up 1.5 Gbps (SStatus 113 SControl 300)
[STDERR  ] 2019-06-07T09:28:21.183981845Z: [    2.253808] ata6: SATA link down (SStatus 0 SControl 300)
[STDERR  ] 2019-06-07T09:28:21.183999996Z: [    2.259438] ata1: SATA link down (SStatus 0 SControl 300)
[STDERR  ] 2019-06-07T09:28:21.184015401Z: [    2.264473] ata3.00: ATAPI: QEMU DVD-ROM, 2.5+, max UDMA/100
[STDERR  ] 2019-06-07T09:28:21.184030640Z: [    2.269568] ata3.00: applying bridge limits
[STDERR  ] 2019-06-07T09:28:21.184042650Z: [    2.273920] ata3.00: configured for UDMA/100
[STDERR  ] 2019-06-07T09:28:21.184054767Z: [    2.278872] scsi 2:0:0:0: CD-ROM            QEMU     QEMU DVD-ROM     2.5+ PQ: 0 ANSI: 5
[STDERR  ] 2019-06-07T09:28:21.184082419Z: [    2.302002] sr 2:0:0:0: [sr0] scsi3-mmc drive: 4x/4x cd/rw xa/form2 tray
[STDERR  ] 2019-06-07T09:28:21.184096840Z: [    2.308120] cdrom: Uniform CD-ROM driver Revision: 3.20
[STDERR  ] 2019-06-07T09:28:21.184108187Z: [    2.313423] sr 2:0:0:0: Attached scsi generic sg0 type 5
[STDERR  ] 2019-06-07T09:28:21.184120266Z: [    2.321115] Freeing unused kernel memory: 1528K
[STDERR  ] 2019-06-07T09:28:21.184132206Z: [    2.327126] Write protecting the kernel read-only data: 18432k
[STDERR  ] 2019-06-07T09:28:21.184150241Z: [    2.334673] Freeing unused kernel memory: 2024K
[STDERR  ] 2019-06-07T09:28:21.184162035Z: [    2.341958] Freeing unused kernel memory: 1164K
[STDERR  ] 2019-06-07T09:28:21.184173926Z: 
[STDERR  ] 2019-06-07T09:28:21.184189292Z: Welcome to LinuxKit
[STDERR  ] 2019-06-07T09:28:21.184202272Z: 
[STDERR  ] 2019-06-07T09:28:21.184213775Z:                         ##         .
[STDERR  ] 2019-06-07T09:28:21.184238708Z:                   ## ## ##        ==
[STDERR  ] 2019-06-07T09:28:21.184250230Z:                ## ## ## ## ##    ===
[STDERR  ] 2019-06-07T09:28:21.184261817Z:            /"""""""""""""""""\___/ ===
[STDERR  ] 2019-06-07T09:28:21.184273145Z:           {                       /  ===-
[STDERR  ] 2019-06-07T09:28:21.184304739Z:            \______ O           __/
[STDERR  ] 2019-06-07T09:28:21.184318782Z:              \    \         __/
[STDERR  ] 2019-06-07T09:28:21.184331770Z:               \____\_______/
[STDERR  ] 2019-06-07T09:28:21.184344309Z: 
[STDERR  ] 2019-06-07T09:28:21.184357480Z: [    2.873551] hello_world: loading out-of-tree module taints kernel.
[STDERR  ] 2019-06-07T09:28:21.184373657Z: [    2.879616] Hello LinuxKit
[STDERR  ] 2019-06-07T09:28:21.184388186Z: [    2.885962] Goodbye LinuxKit.
[STDERR  ] 2019-06-07T09:28:21.184400557Z: Linux linuxkit-2a940a0a126f 4.14.123-linuxkit #1 SMP Sat Jun 1 18:00:05 UTC 2019 x86_64 Linux
[STDERR  ] 2019-06-07T09:28:21.184413460Z: filename:       hello_world.ko
[STDERR  ] 2019-06-07T09:28:21.184425475Z: author:         Rolf Neugebauer <rolf.neugebauer@docker.com>
[STDERR  ] 2019-06-07T09:28:21.184437585Z: description:    A simple Hello World kernel module for testing
[STDERR  ] 2019-06-07T09:28:21.184449833Z: license:        GPL
[STDERR  ] 2019-06-07T09:28:21.184473775Z: depends:        
[STDERR  ] 2019-06-07T09:28:21.184486977Z: vermagic:       4.14.123-linuxkit SMP mod_unload modversions RANDSTRUCT_PLUGIN_e2f6f8bf45d82e8614367b287989225a1b1e21ab95be370b2d1c9d38d1d8c6d3
[STDERR  ] 2019-06-07T09:28:21.184501146Z: Kernel module test suite PASSED
[STDERR  ] 2019-06-07T09:28:21.184513773Z: [    6.010195] ACPI: Preparing to enter system sleep state S5
[STDERR  ] 2019-06-07T09:28:21.184527012Z: [    6.015870] reboot: Power down
[STDERR  ] 2019-06-07T09:28:21.185972927Z: + exit 0
[STDERR  ] 2019-06-07T09:28:21.186012412Z: + clean_up
[STDERR  ] 2019-06-07T09:28:21.186046982Z: + docker rmi kmod-test
[STDOUT  ] 2019-06-07T09:28:21.544884769Z: Untagged: kmod-test:latest
[STDOUT  ] 2019-06-07T09:28:21.544948324Z: Deleted: sha256:dc789b82ed7b4addfa8aac050d9f61e126be5b4a8205d41f92a8beb92a043166
[STDOUT  ] 2019-06-07T09:28:21.544959614Z: Deleted: sha256:6b5a11e3d948d617af1f443fbe262a6348a23088e766e8ce2e4c43b1e8330602
[STDOUT  ] 2019-06-07T09:28:21.544968210Z: Deleted: sha256:cfe5b32ff25e08c0b048c262b75057f7794c2a8656d5dfd89f5b386c217b6f86
[STDOUT  ] 2019-06-07T09:28:21.544987037Z: Deleted: sha256:1b15da1eaebe8b69ef84a63468e7594268883ffee23f1bfa97c3faab7d2d4599
[STDOUT  ] 2019-06-07T09:28:21.544995866Z: Deleted: sha256:4192d0043cddac91f80f8a4408d99b4c074deb70dbe7a82f3eb7370bd3904cb5
[STDERR  ] 2019-06-07T09:28:21.546636545Z: + rm -rf kmod-cmdline kmod-initrd.img kmod-kernel kmod-state
[PASS    ] linuxkit.kernel.kmod_4.14.x 34.62s
