[INFO    ] 2018-07-09T17:12:27.871179568Z: Running Test linuxkit.packages.format_mount.multiple in /tmp/build/test/cases/040_packages/006_format_mount/010_multiple
[STDERR  ] 2018-07-09T17:12:27.871240019Z: [    0.000000] 	Build-time adjustment of leaf fanout to 64.
[STDERR  ] 2018-07-09T17:12:27.871252671Z: [    0.000000] 	RCU restricting CPUs from NR_CPUS=128 to nr_cpu_ids=1.
[STDERR  ] 2018-07-09T17:12:27.871260672Z: [    0.000000] RCU: Adjusting geometry for rcu_fanout_leaf=64, nr_cpu_ids=1
[STDERR  ] 2018-07-09T17:12:27.871268537Z: [    0.000000] NR_IRQS:8448 nr_irqs:256 16
[STDERR  ] 2018-07-09T17:12:27.871276582Z: [    0.000000] Console: colour VGA+ 80x25
[STDERR  ] 2018-07-09T17:12:27.871285574Z: [    0.000000] console [ttyS0] enabled
[INFO    ] 2018-07-09T17:12:27.871286488Z: Running command: [/bin/sh -x /tmp/build/test/cases/040_packages/006_format_mount/010_multiple/test.sh]
[STDERR  ] 2018-07-09T17:12:27.871293559Z: [    0.000000] clocksource: hpet: mask: 0xffffffff max_cycles: 0xffffffff, max_idle_ns: 19112604467 ns
[STDERR  ] 2018-07-09T17:12:27.871305970Z: [    0.000000] tsc: Fast TSC calibration using PIT
[STDERR  ] 2018-07-09T17:12:27.871316499Z: [    0.000000] tsc: Detected 2599.886 MHz processor
[STDERR  ] 2018-07-09T17:12:27.871324249Z: [    0.021511] Calibrating delay loop (skipped), value calculated using timer frequency.. 5199.77 BogoMIPS (lpj=25998860)
[STDERR  ] 2018-07-09T17:12:27.871332795Z: [    0.022536] pid_max: default: 32768 minimum: 301
[STDERR  ] 2018-07-09T17:12:27.871340683Z: [    0.023442] ACPI: Core revision 20160831
[STDERR  ] 2018-07-09T17:12:27.871348544Z: [    0.051334] ACPI: 1 ACPI AML tables successfully acquired and loaded
[STDERR  ] 2018-07-09T17:12:27.871356628Z: [    0.055707] Security Framework initialized
[STDERR  ] 2018-07-09T17:12:27.871364413Z: [    0.056162] Yama: becoming mindful.
[STDERR  ] 2018-07-09T17:12:27.871372260Z: [    0.058205] Mount-cache hash table entries: 2048 (order: 2, 16384 bytes)
[STDERR  ] 2018-07-09T17:12:27.871380102Z: [    0.058633] Mountpoint-cache hash table entries: 2048 (order: 2, 16384 bytes)
[STDERR  ] 2018-07-09T17:12:27.871389229Z: [    0.077888] Last level iTLB entries: 4KB 0, 2MB 0, 4MB
[STDERR  ] 2018-07-09T17:12:27.922536941Z: + set -e
[STDERR  ] 2018-07-09T17:12:27.922612294Z: + . /tmp/build/test/cases/_lib/lib.sh
[STDERR  ] 2018-07-09T17:12:27.922623855Z: + [ -f src/github.com/linuxkit/rtf/lib/lib.sh ]
[STDERR  ] 2018-07-09T17:12:27.922633455Z: + LINUXKIT_TMPDIR=/tmp/build/test/cases/_tmp
[STDERR  ] 2018-07-09T17:12:27.922641862Z: + [ -f /tmp/build/test/cases/_tmp/env.sh ]
[STDERR  ] 2018-07-09T17:12:27.922690522Z: + . /tmp/build/test/cases/_tmp/env.sh
[STDERR  ] 2018-07-09T17:12:27.922713416Z: + export LINUXKIT_EXAMPLES_DIR=/tmp/build/test/cases/../../examples
[STDERR  ] 2018-07-09T17:12:27.922724571Z: + RT_CANCEL=253
[STDERR  ] 2018-07-09T17:12:27.922749098Z: + NAME=test-format
[STDERR  ] 2018-07-09T17:12:27.922757972Z: + DISK1=disk1.img
[STDERR  ] 2018-07-09T17:12:27.922766458Z: + DISK2=disk2.img
[STDERR  ] 2018-07-09T17:12:27.922791022Z: + trap clean_up EXIT
[STDERR  ] 2018-07-09T17:12:27.922800157Z: + linuxkit build -format kernel+initrd -name test-format test.yml
[STDERR  ] 2018-07-09T17:12:27.949950194Z: Extract kernel image: linuxkit/kernel:4.14.53
[STDERR  ] 2018-07-09T17:12:29.749447252Z: Add init containers:
[STDERR  ] 2018-07-09T17:12:29.749543062Z: Process init image: linuxkit/init:720920b4a1b4dd90c99e8f91d543381798c4c3cb
[STDERR  ] 2018-07-09T17:12:30.977722398Z: Process init image: linuxkit/runc:01b4f0706d999f9065ef44492689e43d0bcd83c5
[STDERR  ] 2018-07-09T17:12:32.154030756Z: Add onboot containers:
[STDERR  ] 2018-07-09T17:12:32.154088931Z:   Create OCI config for linuxkit/format:c5e3200c3eeaed2652314869c08197098fd1f843
[STDERR  ] 2018-07-09T17:12:33.486350546Z:   Create OCI config for linuxkit/format:c5e3200c3eeaed2652314869c08197098fd1f843
[STDERR  ] 2018-07-09T17:12:34.866292995Z:   Create OCI config for linuxkit/mount:6b25743397b520924de11f96e3eeb613aa04a507
[STDERR  ] 2018-07-09T17:12:36.213456126Z:   Create OCI config for linuxkit/mount:6b25743397b520924de11f96e3eeb613aa04a507
[STDERR  ] 2018-07-09T17:12:37.557751359Z:   Create OCI config for alpine:3.8
[STDERR  ] 2018-07-09T17:12:38.821821405Z:   Create OCI config for linuxkit/poweroff:37021954220a932951eca5de5a856865e48cfc00
[STDERR  ] 2018-07-09T17:12:40.018368197Z: Add files:
[STDERR  ] 2018-07-09T17:12:40.018516323Z:   check.sh
[STDERR  ] 2018-07-09T17:12:40.050893755Z: Create outputs:
[STDERR  ] 2018-07-09T17:12:47.324411003Z:   test-format-kernel test-format-initrd.img test-format-cmdline
[STDERR  ] 2018-07-09T17:12:47.409438898Z: + linuxkit run -disk file=disk1.img,size=512M -disk file=disk2.img,size=512M test-format
[STDERR  ] 2018-07-09T17:12:47.438132359Z: Unable to find qemu-system-x86_64 within the $PATH. Using a container
[STDERR  ] 2018-07-09T17:13:45.342558106Z: + RESULT=c[?7l[2J[0mSeaBIOS (version rel-1.11.1-0-g0551a4be2c-prebuilt.qemu-project.org)
[STDERR  ] 2018-07-09T17:13:45.342649783Z: Machine UUID 0a797fcc-ec95-49cd-a5de-b99c42a59fd4
[STDERR  ] 2018-07-09T17:13:45.342663685Z: 
[STDERR  ] 2018-07-09T17:13:45.342675958Z: 
[STDERR  ] 2018-07-09T17:13:45.342690155Z: iPXE (http://ipxe.org) 00:03.0 C980 PCI2.10 PnP PMM+3FF91230+3FEF1230 C980
[STDERR  ] 2018-07-09T17:13:45.342704384Z: Press Ctrl-B to configure iPXE (PCI 00:03.0)...                                                                               
[STDERR  ] 2018-07-09T17:13:45.342729191Z: 
[STDERR  ] 2018-07-09T17:13:45.342741020Z: 
[STDERR  ] 2018-07-09T17:13:45.342753154Z: Booting from ROM..c[?7l[2J[    0.000000] Linux version 4.14.53-linuxkit (root@bd72a9eaf0e9) (gcc version 6.4.0 (Alpine 6.4.0)) #1 SMP Tue Jul 3 13:29:41 UTC 2018
[STDERR  ] 2018-07-09T17:13:45.342767621Z: [    0.000000] Command line: console=ttyS0 console=ttyAMA0
[STDERR  ] 2018-07-09T17:13:45.342782069Z: [    0.000000] x86/fpu: x87 FPU will use FXSAVE
[STDERR  ] 2018-07-09T17:13:45.342795681Z: [    0.000000] e820: BIOS-provided physical RAM map:
[STDERR  ] 2018-07-09T17:13:45.342808700Z: [    0.000000] BIOS-e820: [mem 0x0000000000000000-0x000000000009fbff] usable
[STDERR  ] 2018-07-09T17:13:45.342823451Z: [    0.000000] BIOS-e820: [mem 0x000000000009fc00-0x000000000009ffff] reserved
[STDERR  ] 2018-07-09T17:13:45.342838467Z: [    0.000000] BIOS-e820: [mem 0x00000000000f0000-0x00000000000fffff] reserved
[STDERR  ] 2018-07-09T17:13:45.342860988Z: [    0.000000] BIOS-e820: [mem 0x0000000000100000-0x000000003ffddfff] usable
[STDERR  ] 2018-07-09T17:13:45.342874729Z: [    0.000000] BIOS-e820: [mem 0x000000003ffde000-0x000000003fffffff] reserved
[STDERR  ] 2018-07-09T17:13:45.342888811Z: [    0.000000] BIOS-e820: [mem 0x00000000b0000000-0x00000000bfffffff] reserved
[STDERR  ] 2018-07-09T17:13:45.342903674Z: [    0.000000] BIOS-e820: [mem 0x00000000fed1c000-0x00000000fed1ffff] reserved
[STDERR  ] 2018-07-09T17:13:45.342920080Z: [    0.000000] BIOS-e820: [mem 0x00000000fffc0000-0x00000000ffffffff] reserved
[STDERR  ] 2018-07-09T17:13:45.342935418Z: [    0.000000] NX (Execute Disable) protection: active
[STDERR  ] 2018-07-09T17:13:45.342965066Z: [    0.000000] SMBIOS 2.8 present.
[STDERR  ] 2018-07-09T17:13:45.342977591Z: [    0.000000] DMI: QEMU Standard PC (Q35 + ICH9, 2009), BIOS rel-1.11.1-0-g0551a4be2c-prebuilt.qemu-project.org 04/01/2014
[STDERR  ] 2018-07-09T17:13:45.342989670Z: [    0.000000] tsc: Fast TSC calibration using PIT
[STDERR  ] 2018-07-09T17:13:45.343002089Z: [    0.000000] e820: last_pfn = 0x3ffde max_arch_pfn = 0x400000000
[STDERR  ] 2018-07-09T17:13:45.343014051Z: [    0.000000] x86/PAT: Configuration [0-7]: WB  WC  UC- UC  WB  WP  UC- WT  
[STDERR  ] 2018-07-09T17:13:45.343026598Z: [    0.000000] found SMP MP-table at [mem 0x000f5b70-0x000f5b7f] mapped at [ffffffffff200b70]
[STDERR  ] 2018-07-09T17:13:45.343039952Z: [    0.000000] RAMDISK: [mem 0x3d474000-0x3ffcffff]
[STDERR  ] 2018-07-09T17:13:45.343054582Z: [    0.000000] ACPI: Early table checksum verification disabled
[STDERR  ] 2018-07-09T17:13:45.343068906Z: [    0.000000] ACPI: RSDP 0x00000000000F5980 000014 (v00 BOCHS )
[STDERR  ] 2018-07-09T17:13:45.343083063Z: [    0.000000] ACPI: RSDT 0x000000003FFE20D6 000034 (v01 BOCHS  BXPCRSDT 00000001 BXPC 00000001)
[STDERR  ] 2018-07-09T17:13:45.343169875Z: [    0.000000] ACPI: FACP 0x000000003FFE1EF6 0000F4 (v03 BOCHS  BXPCFACP 00000001 BXPC 00000001)
[STDERR  ] 2018-07-09T17:13:45.343195960Z: [    0.000000] ACPI: DSDT 0x000000003FFE0040 001EB6 (v01 BOCHS  BXPCDSDT 00000001 BXPC 00000001)
[STDERR  ] 2018-07-09T17:13:45.343209275Z: [    0.000000] ACPI: FACS 0x000000003FFE0000 000040
[STDERR  ] 2018-07-09T17:13:45.343221804Z: [    0.000000] ACPI: APIC 0x000000003FFE1FEA 000078 (v01 BOCHS  BXPCAPIC 00000001 BXPC 00000001)
[STDERR  ] 2018-07-09T17:13:45.343234295Z: [    0.000000] ACPI: HPET 0x000000003FFE2062 000038 (v01 BOCHS  BXPCHPET 00000001 BXPC 00000001)
[STDERR  ] 2018-07-09T17:13:45.343246305Z: [    0.000000] ACPI: MCFG 0x000000003FFE209A 00003C (v01 BOCHS  BXPCMCFG 00000001 BXPC 00000001)
[STDERR  ] 2018-07-09T17:13:45.343258645Z: [    0.000000] Zone ranges:
[STDERR  ] 2018-07-09T17:13:45.343276291Z: [    0.000000]   DMA      [mem 0x0000000000001000-0x0000000000ffffff]
[STDERR  ] 2018-07-09T17:13:45.343289538Z: [    0.000000]   DMA32    [mem 0x0000000001000000-0x000000003ffddfff]
[STDERR  ] 2018-07-09T17:13:45.343301177Z: [    0.000000]   Normal   empty
[STDERR  ] 2018-07-09T17:13:45.343312381Z: [    0.000000]   Device   empty
[STDERR  ] 2018-07-09T17:13:45.343323307Z: [    0.000000] Movable zone start for each node
[STDERR  ] 2018-07-09T17:13:45.343334312Z: [    0.000000] Early memory node ranges
[STDERR  ] 2018-07-09T17:13:45.343344864Z: [    0.000000]   node   0: [mem 0x0000000000001000-0x000000000009efff]
[STDERR  ] 2018-07-09T17:13:45.343355589Z: [    0.000000]   node   0: [mem 0x0000000000100000-0x000000003ffddfff]
[STDERR  ] 2018-07-09T17:13:45.343366354Z: [    0.000000] Initmem setup node 0 [mem 0x0000000000001000-0x000000003ffddfff]
[STDERR  ] 2018-07-09T17:13:45.343377252Z: [    0.000000] ACPI: PM-Timer IO Port: 0x608
[STDERR  ] 2018-07-09T17:13:45.343388581Z: [    0.000000] ACPI: LAPIC_NMI (acpi_id[0xff] dfl dfl lint[0x1])
[STDERR  ] 2018-07-09T17:13:45.343399863Z: [    0.000000] IOAPIC[0]: apic_id 0, version 32, address 0xfec00000, GSI 0-23
[STDERR  ] 2018-07-09T17:13:45.343411641Z: [    0.000000] ACPI: INT_SRC_OVR (bus 0 bus_irq 0 global_irq 2 dfl dfl)
[STDERR  ] 2018-07-09T17:13:45.343423639Z: [    0.000000] ACPI: INT_SRC_OVR (bus 0 bus_irq 5 global_irq 5 high level)
[STDERR  ] 2018-07-09T17:13:45.343434974Z: [    0.000000] ACPI: INT_SRC_OVR (bus 0 bus_irq 9 global_irq 9 high level)
[STDERR  ] 2018-07-09T17:13:45.343446366Z: [    0.000000] ACPI: INT_SRC_OVR (bus 0 bus_irq 10 global_irq 10 high level)
[STDERR  ] 2018-07-09T17:13:45.343457299Z: [    0.000000] ACPI: INT_SRC_OVR (bus 0 bus_irq 11 global_irq 11 high level)
[STDERR  ] 2018-07-09T17:13:45.343469147Z: [    0.000000] Using ACPI (MADT) for SMP configuration information
[STDERR  ] 2018-07-09T17:13:45.343481065Z: [    0.000000] ACPI: HPET id: 0x8086a201 base: 0xfed00000
[STDERR  ] 2018-07-09T17:13:45.343495994Z: [    0.000000] smpboot: Allowing 1 CPUs, 0 hotplug CPUs
[STDERR  ] 2018-07-09T17:13:45.343506403Z: [    0.000000] e820: [mem 0x40000000-0xafffffff] available for PCI devices
[STDERR  ] 2018-07-09T17:13:45.343520412Z: [    0.000000] Booting paravirtualized kernel on bare hardware
[STDERR  ] 2018-07-09T17:13:45.343533174Z: [    0.000000] clocksource: refined-jiffies: mask: 0xffffffff max_cycles: 0xffffffff, max_idle_ns: 19112604462750000 ns
[STDERR  ] 2018-07-09T17:13:45.343546180Z: [    0.000000] random: get_random_bytes called from start_kernel+0x92/0x4c8 with crng_init=0
[STDERR  ] 2018-07-09T17:13:45.343558005Z: [    0.000000] setup_percpu: NR_CPUS:128 nr_cpumask_bits:128 nr_cpu_ids:1 nr_node_ids:1
[STDERR  ] 2018-07-09T17:13:45.343571978Z: [    0.000000] percpu: Embedded 44 pages/cpu @ffff9f833d200000 s143256 r8192 d28776 u2097152
[STDERR  ] 2018-07-09T17:13:45.343583772Z: [    0.000000] Built 1 zonelists, mobility grouping on.  Total pages: 257895
[STDERR  ] 2018-07-09T17:13:45.343595615Z: [    0.000000] Kernel command line: console=ttyS0 console=ttyAMA0
[STDERR  ] 2018-07-09T17:13:45.343611141Z: [    0.000000] PID hash table entries: 4096 (order: 3, 32768 bytes)
[STDERR  ] 2018-07-09T17:13:45.343623464Z: [    0.000000] Dentry cache hash table entries: 131072 (order: 8, 1048576 bytes)
[STDERR  ] 2018-07-09T17:13:45.343635307Z: [    0.000000] Inode-cache hash table entries: 65536 (order: 7, 524288 bytes)
[STDERR  ] 2018-07-09T17:13:45.343648304Z: [    0.000000] Memory: 960388K/1048048K available (12300K kernel code, 1465K rwdata, 2992K rodata, 1512K init, 632K bss, 87660K reserved, 0K cma-reserved)
[STDERR  ] 2018-07-09T17:13:45.343660875Z: [    0.000000] ftrace: allocating 41032 entries in 161 pages
[STDERR  ] 2018-07-09T17:13:45.343673546Z: [    0.000000] Hierarchical RCU implementation.
[STDERR  ] 2018-07-09T17:13:45.343685537Z: [    0.000000] 	RCU restricting CPUs from NR_CPUS=128 to nr_cpu_ids=1.
[STDERR  ] 2018-07-09T17:13:45.343697678Z: [    0.000000] RCU: Adjusting geometry for rcu_fanout_leaf=16, nr_cpu_ids=1
[STDERR  ] 2018-07-09T17:13:45.343709773Z: [    0.000000] NR_IRQS: 8448, nr_irqs: 256, preallocated irqs: 16
[STDERR  ] 2018-07-09T17:13:45.343723169Z: [    0.000000] Console: colour VGA+ 80x25
[STDERR  ] 2018-07-09T17:13:45.343735250Z: [    0.000000] console [ttyS0] enabled
[STDERR  ] 2018-07-09T17:13:45.343747095Z: [    0.000000] clocksource: hpet: mask: 0xffffffff max_cycles: 0xffffffff, max_idle_ns: 19112604467 ns
[STDERR  ] 2018-07-09T17:13:45.343759434Z: [    0.010000] tsc: Fast TSC calibration using PIT
[STDERR  ] 2018-07-09T17:13:45.343772013Z: [    0.010000] tsc: Detected 2599.869 MHz processor
[STDERR  ] 2018-07-09T17:13:45.343783570Z: [    0.020693] Calibrating delay loop (skipped), value calculated using timer frequency.. 5199.73 BogoMIPS (lpj=25998690)
[STDERR  ] 2018-07-09T17:13:45.343795568Z: [    0.021208] pid_max: default: 32768 minimum: 301
[STDERR  ] 2018-07-09T17:13:45.343807034Z: [    0.022025] ACPI: Core revision 20170728
[STDERR  ] 2018-07-09T17:13:45.343818551Z: [    0.048723] ACPI: 1 ACPI AML tables successfully acquired and loaded
[STDERR  ] 2018-07-09T17:13:45.343830439Z: [    0.051014] Security Framework initialized
[STDERR  ] 2018-07-09T17:13:45.343843045Z: [    0.051472] Yama: becoming mindful.
[STDERR  ] 2018-07-09T17:13:45.343854735Z: [    0.054136] Mount-cache hash table entries: 2048 (order: 2, 16384 bytes)
[STDERR  ] 2018-07-09T17:13:45.343866805Z: [    0.054401] Mountpoint-cache hash table entries: 2048 (order: 2, 16384 bytes)
[STDERR  ] 2018-07-09T17:13:45.343878647Z: [    0.072252] Last level iTLB entries: 4KB 0, 2MB 0, 4MB 0
[STDERR  ] 2018-07-09T17:13:45.343890604Z: [    0.072453] Last level dTLB entries: 4KB 0, 2MB 0, 4MB 0, 1GB 0
[STDERR  ] 2018-07-09T17:13:45.343902370Z: [    0.072796] Spectre V2 : Spectre mitigation: LFENCE not serializing, switching to generic retpoline
[STDERR  ] 2018-07-09T17:13:45.343913975Z: [    0.073157] Spectre V2 : Vulnerable: Minimal generic ASM retpoline
[STDERR  ] 2018-07-09T17:13:45.343925630Z: [    0.073419] Spectre V2 : Spectre v2 mitigation: Filling RSB on context switch
[STDERR  ] 2018-07-09T17:13:45.343942456Z: [    0.073690] Speculative Store Bypass: Vulnerable
[STDERR  ] 2018-07-09T17:13:45.343954182Z: [    0.372253] Freeing SMP alternatives memory: 20K
[STDERR  ] 2018-07-09T17:13:45.343966475Z: [    0.393298] smpboot: Max logical packages: 1
[STDERR  ] 2018-07-09T17:13:45.344075618Z: [    0.400000] ..TIMER: vector=0x30 apic1=0 pin1=2 apic2=-1 pin2=-1
[STDERR  ] 2018-07-09T17:13:45.344089905Z: [    0.500000] smpboot: CPU0: AMD QEMU Virtual CPU version 2.5+ (family: 0x6, model: 0x6, stepping: 0x3)
[STDERR  ] 2018-07-09T17:13:45.344102495Z: [    0.500000] Performance Events: PMU not available due to virtualization, using software events only.
[STDERR  ] 2018-07-09T17:13:45.344114431Z: [    0.506224] Hierarchical SRCU implementation.
[STDERR  ] 2018-07-09T17:13:45.344127222Z: [    0.512968] NMI watchdog: Perf event create on CPU 0 failed with -2
[STDERR  ] 2018-07-09T17:13:45.344139191Z: [    0.513531] NMI watchdog: Perf NMI watchdog permanently disabled
[STDERR  ] 2018-07-09T17:13:45.344148299Z: [    0.517244] smp: Bringing up secondary CPUs ...
[STDERR  ] 2018-07-09T17:13:45.344161424Z: [    0.517735] smp: Brought up 1 node, 1 CPU
[STDERR  ] 2018-07-09T17:13:45.344170159Z: [    0.518116] smpboot: Total of 1 processors activated (5199.73 BogoMIPS)
[STDERR  ] 2018-07-09T17:13:45.344179315Z: [    0.535407] devtmpfs: initialized
[STDERR  ] 2018-07-09T17:13:45.344193667Z: [    0.541581] x86/mm: Memory block size: 128MB
[STDERR  ] 2018-07-09T17:13:45.344201876Z: [    0.548406] evm: security.ima
[STDERR  ] 2018-07-09T17:13:45.344210549Z: [    0.548592] evm: security.capability
[STDERR  ] 2018-07-09T17:13:45.344218854Z: [    0.552106] clocksource: jiffies: mask: 0xffffffff max_cycles: 0xffffffff, max_idle_ns: 19112604462750000 ns
[STDERR  ] 2018-07-09T17:13:45.344227816Z: [    0.552923] futex hash table entries: 256 (order: 2, 16384 bytes)
[STDERR  ] 2018-07-09T17:13:45.344237394Z: [    0.566007] NET: Registered protocol family 16
[STDERR  ] 2018-07-09T17:13:45.344246210Z: [    0.576222] cpuidle: using governor ladder
[STDERR  ] 2018-07-09T17:13:45.344254437Z: [    0.576757] cpuidle: using governor menu
[STDERR  ] 2018-07-09T17:13:45.344262005Z: [    0.578701] ACPI: bus type PCI registered
[STDERR  ] 2018-07-09T17:13:45.344269593Z: [    0.581516] PCI: MMCONFIG for domain 0000 [bus 00-ff] at [mem 0xb0000000-0xbfffffff] (base 0xb0000000)
[STDERR  ] 2018-07-09T17:13:45.344277388Z: [    0.582351] PCI: MMCONFIG at [mem 0xb0000000-0xbfffffff] reserved in E820
[STDERR  ] 2018-07-09T17:13:45.344285616Z: [    0.583329] PCI: Using configuration type 1 for base access
[STDERR  ] 2018-07-09T17:13:45.344293132Z: [    0.638783] HugeTLB registered 2.00 MiB page size, pre-allocated 0 pages
[STDERR  ] 2018-07-09T17:13:45.344300743Z: [    0.651953] ACPI: Added _OSI(Module Device)
[STDERR  ] 2018-07-09T17:13:45.344308433Z: [    0.652172] ACPI: Added _OSI(Processor Device)
[STDERR  ] 2018-07-09T17:13:45.344315999Z: [    0.652571] ACPI: Added _OSI(3.0 _SCP Extensions)
[STDERR  ] 2018-07-09T17:13:45.344323652Z: [    0.652837] ACPI: Added _OSI(Processor Aggregator Device)
[STDERR  ] 2018-07-09T17:13:45.344331353Z: [    0.706069] ACPI: Interpreter enabled
[STDERR  ] 2018-07-09T17:13:45.344339350Z: [    0.706974] ACPI: (supports S0 S5)
[STDERR  ] 2018-07-09T17:13:45.344347277Z: [    0.707299] ACPI: Using IOAPIC for interrupt routing
[STDERR  ] 2018-07-09T17:13:45.344354765Z: [    0.710857] PCI: Using host bridge windows from ACPI; if necessary, use "pci=nocrs" and report a bug
[STDERR  ] 2018-07-09T17:13:45.344362589Z: [    0.713851] ACPI: Enabled 1 GPEs in block 00 to 3F
[STDERR  ] 2018-07-09T17:13:45.344371369Z: [    0.763085] ACPI: PCI Root Bridge [PCI0] (domain 0000 [bus 00-ff])
[STDERR  ] 2018-07-09T17:13:45.344379867Z: [    0.764333] acpi PNP0A08:00: _OSC: OS supports [ExtendedConfig ASPM ClockPM Segments MSI]
[STDERR  ] 2018-07-09T17:13:45.344388836Z: [    0.768801] acpi PNP0A08:00: _OSC: OS now controls [PCIeHotplug PME PCIeCapability]
[STDERR  ] 2018-07-09T17:13:45.344401381Z: [    0.772655] PCI host bridge to bus 0000:00
[STDERR  ] 2018-07-09T17:13:45.344409466Z: [    0.773359] pci_bus 0000:00: root bus resource [io  0x0000-0x0cf7 window]
[STDERR  ] 2018-07-09T17:13:45.344417221Z: [    0.773766] pci_bus 0000:00: root bus resource [io  0x0d00-0xffff window]
[STDERR  ] 2018-07-09T17:13:45.344424828Z: [    0.774133] pci_bus 0000:00: root bus resource [mem 0x000a0000-0x000bffff window]
[STDERR  ] 2018-07-09T17:13:45.344432256Z: [    0.774562] pci_bus 0000:00: root bus resource [mem 0xc0000000-0xfebfffff window]
[STDERR  ] 2018-07-09T17:13:45.344439650Z: [    0.774993] pci_bus 0000:00: root bus resource [mem 0x100000000-0x8ffffffff window]
[STDERR  ] 2018-07-09T17:13:45.344447582Z: [    0.775614] pci_bus 0000:00: root bus resource [bus 00-ff]
[STDERR  ] 2018-07-09T17:13:45.344455827Z: [    0.867072] pci 0000:00:1f.0: quirk: [io  0x0600-0x067f] claimed by ICH6 ACPI/GPIO/TCO
[STDERR  ] 2018-07-09T17:13:45.344463817Z: [    0.922221] ACPI: PCI Interrupt Link [LNKA] (IRQs 5 *10 11)
[STDERR  ] 2018-07-09T17:13:45.344471253Z: [    0.924490] ACPI: PCI Interrupt Link [LNKB] (IRQs 5 *10 11)
[STDERR  ] 2018-07-09T17:13:45.344482254Z: [    0.926211] ACPI: PCI Interrupt Link [LNKC] (IRQs 5 10 *11)
[STDERR  ] 2018-07-09T17:13:45.344490067Z: [    0.927749] ACPI: PCI Interrupt Link [LNKD] (IRQs 5 10 *11)
[STDERR  ] 2018-07-09T17:13:45.344497719Z: [    0.929161] ACPI: PCI Interrupt Link [LNKE] (IRQs 5 *10 11)
[STDERR  ] 2018-07-09T17:13:45.344505195Z: [    0.930821] ACPI: PCI Interrupt Link [LNKF] (IRQs 5 *10 11)
[STDERR  ] 2018-07-09T17:13:45.344512760Z: [    0.932205] ACPI: PCI Interrupt Link [LNKG] (IRQs 5 10 *11)
[STDERR  ] 2018-07-09T17:13:45.344520321Z: [    0.933436] ACPI: PCI Interrupt Link [LNKH] (IRQs 5 10 *11)
[STDERR  ] 2018-07-09T17:13:45.344528090Z: [    0.934126] ACPI: PCI Interrupt Link [GSIA] (IRQs *16)
[STDERR  ] 2018-07-09T17:13:45.344536914Z: [    0.934736] ACPI: PCI Interrupt Link [GSIB] (IRQs *17)
[STDERR  ] 2018-07-09T17:13:45.344544476Z: [    0.935287] ACPI: PCI Interrupt Link [GSIC] (IRQs *18)
[STDERR  ] 2018-07-09T17:13:45.344552139Z: [    0.935880] ACPI: PCI Interrupt Link [GSID] (IRQs *19)
[STDERR  ] 2018-07-09T17:13:45.344560480Z: [    0.936434] ACPI: PCI Interrupt Link [GSIE] (IRQs *20)
[STDERR  ] 2018-07-09T17:13:45.344568098Z: [    0.936967] ACPI: PCI Interrupt Link [GSIF] (IRQs *21)
[STDERR  ] 2018-07-09T17:13:45.344575481Z: [    0.937522] ACPI: PCI Interrupt Link [GSIG] (IRQs *22)
[STDERR  ] 2018-07-09T17:13:45.344582914Z: [    0.938090] ACPI: PCI Interrupt Link [GSIH] (IRQs *23)
[STDERR  ] 2018-07-09T17:13:45.344590508Z: [    0.944996] SCSI subsystem initialized
[STDERR  ] 2018-07-09T17:13:45.344598007Z: [    0.947386] ACPI: bus type USB registered
[STDERR  ] 2018-07-09T17:13:45.344605604Z: [    0.948494] usbcore: registered new interface driver usbfs
[STDERR  ] 2018-07-09T17:13:45.344613213Z: [    0.949306] usbcore: registered new interface driver hub
[STDERR  ] 2018-07-09T17:13:45.344625997Z: [    0.950273] usbcore: registered new device driver usb
[STDERR  ] 2018-07-09T17:13:45.344637860Z: [    0.951235] pps_core: LinuxPPS API ver. 1 registered
[STDERR  ] 2018-07-09T17:13:45.344650130Z: [    0.951511] pps_core: Software ver. 5.3.6 - Copyright 2005-2007 Rodolfo Giometti <giometti@linux.it>
[STDERR  ] 2018-07-09T17:13:45.344659661Z: [    0.952157] PTP clock support registered
[STDERR  ] 2018-07-09T17:13:45.344667234Z: [    0.954237] PCI: Using ACPI for IRQ routing
[STDERR  ] 2018-07-09T17:13:45.344675963Z: [    0.969100] NetLabel: Initializing
[STDERR  ] 2018-07-09T17:13:45.344683970Z: [    0.969297] NetLabel:  domain hash size = 128
[STDERR  ] 2018-07-09T17:13:45.344692301Z: [    0.969696] NetLabel:  protocols = UNLABELED CIPSOv4 CALIPSO
[STDERR  ] 2018-07-09T17:13:45.344700938Z: [    0.972814] NetLabel:  unlabeled traffic allowed by default
[STDERR  ] 2018-07-09T17:13:45.344709250Z: [    0.974850] HPET: 3 timers in total, 0 timers will be used for per-cpu timer
[STDERR  ] 2018-07-09T17:13:45.344716958Z: [    0.975628] hpet0: at MMIO 0xfed00000, IRQs 2, 8, 0
[STDERR  ] 2018-07-09T17:13:45.344728289Z: [    0.975981] hpet0: 3 comparators, 64-bit 100.000000 MHz counter
[STDERR  ] 2018-07-09T17:13:45.344737116Z: [    0.983648] clocksource: Switched to clocksource hpet
[STDERR  ] 2018-07-09T17:13:45.344744902Z: [    1.185244] VFS: Disk quotas dquot_6.6.0
[STDERR  ] 2018-07-09T17:13:45.344752544Z: [    1.185986] VFS: Dquot-cache hash table entries: 512 (order 0, 4096 bytes)
[STDERR  ] 2018-07-09T17:13:45.344761456Z: [    1.189505] FS-Cache: Loaded
[STDERR  ] 2018-07-09T17:13:45.344769977Z: [    1.195786] CacheFiles: Loaded
[STDERR  ] 2018-07-09T17:13:45.344777799Z: [    1.197158] pnp: PnP ACPI init
[STDERR  ] 2018-07-09T17:13:45.344786728Z: [    1.205602] pnp: PnP ACPI: found 5 devices
[STDERR  ] 2018-07-09T17:13:45.344794266Z: [    1.241680] clocksource: acpi_pm: mask: 0xffffff max_cycles: 0xffffff, max_idle_ns: 2085701024 ns
[STDERR  ] 2018-07-09T17:13:45.344802259Z: [    1.245203] NET: Registered protocol family 2
[STDERR  ] 2018-07-09T17:13:45.344809826Z: [    1.253265] TCP established hash table entries: 8192 (order: 4, 65536 bytes)
[STDERR  ] 2018-07-09T17:13:45.344820586Z: [    1.254132] TCP bind hash table entries: 8192 (order: 5, 131072 bytes)
[STDERR  ] 2018-07-09T17:13:45.344828272Z: [    1.255347] TCP: Hash tables configured (established 8192 bind 8192)
[STDERR  ] 2018-07-09T17:13:45.344835877Z: [    1.257603] UDP hash table entries: 512 (order: 2, 16384 bytes)
[STDERR  ] 2018-07-09T17:13:45.344844186Z: [    1.258324] UDP-Lite hash table entries: 512 (order: 2, 16384 bytes)
[STDERR  ] 2018-07-09T17:13:45.344851917Z: [    1.261918] NET: Registered protocol family 1
[STDERR  ] 2018-07-09T17:13:45.344859685Z: [    1.263184] pci 0000:00:01.0: Video device with shadowed ROM at [mem 0x000c0000-0x000dffff]
[STDERR  ] 2018-07-09T17:13:45.344867707Z: [    1.269307] Trying to unpack rootfs image as initramfs...
[STDERR  ] 2018-07-09T17:13:45.344875285Z: [    8.555307] Freeing initrd memory: 44400K
[STDERR  ] 2018-07-09T17:13:45.344882951Z: [    8.577881] PCLMULQDQ-NI instructions are not detected.
[STDERR  ] 2018-07-09T17:13:45.344890416Z: [    8.579341] AVX or AES-NI instructions are not detected.
[STDERR  ] 2018-07-09T17:13:45.344898288Z: [    8.579861] CPU feature 'AVX registers' is not supported.
[STDERR  ] 2018-07-09T17:13:45.344906080Z: [    8.580622] CPU feature 'AVX registers' is not supported.
[STDERR  ] 2018-07-09T17:13:45.344913656Z: [    8.581032] CPU feature 'AVX registers' is not supported.
[STDERR  ] 2018-07-09T17:13:45.344921236Z: [    8.581465] CPU feature 'AVX registers' is not supported.
[STDERR  ] 2018-07-09T17:13:45.344928553Z: [    8.581827] AVX2 or AES-NI instructions are not detected.
[STDERR  ] 2018-07-09T17:13:45.344936077Z: [    8.582181] AVX2 instructions are not detected.
[STDERR  ] 2018-07-09T17:13:45.344944002Z: [    8.587338] audit: initializing netlink subsys (disabled)
[STDERR  ] 2018-07-09T17:13:45.344951628Z: [    8.591070] audit: type=2000 audit(1531156379.580:1): state=initialized audit_enabled=0 res=1
[STDERR  ] 2018-07-09T17:13:45.344959964Z: [    8.596166] workingset: timestamp_bits=46 max_order=18 bucket_order=0
[STDERR  ] 2018-07-09T17:13:45.344967508Z: [    8.600969] squashfs: version 4.0 (2009/01/31) Phillip Lougher
[STDERR  ] 2018-07-09T17:13:45.344976413Z: [    8.603207] FS-Cache: Netfs 'cifs' registered for caching
[STDERR  ] 2018-07-09T17:13:45.344983999Z: [    8.604208] fuse init (API version 7.26)
[STDERR  ] 2018-07-09T17:13:45.344991576Z: [    8.606352] SGI XFS with ACLs, security attributes, no debug enabled
[STDERR  ] 2018-07-09T17:13:45.344999153Z: [    8.609839] 9p: Installing v9fs 9p2000 file system support
[STDERR  ] 2018-07-09T17:13:45.345006616Z: [    8.610931] FS-Cache: Netfs '9p' registered for caching
[STDERR  ] 2018-07-09T17:13:45.345014080Z: [    8.639672] NET: Registered protocol family 38
[STDERR  ] 2018-07-09T17:13:45.345021820Z: [    8.640955] Key type asymmetric registered
[STDERR  ] 2018-07-09T17:13:45.345029362Z: [    8.641420] Asymmetric key parser 'x509' registered
[STDERR  ] 2018-07-09T17:13:45.345040306Z: [    8.642252] Block layer SCSI generic (bsg) driver version 0.4 loaded (major 247)
[STDERR  ] 2018-07-09T17:13:45.345047968Z: [    8.644325] io scheduler noop registered
[STDERR  ] 2018-07-09T17:13:45.345055453Z: [    8.644718] io scheduler deadline registered (default)
[STDERR  ] 2018-07-09T17:13:45.345063291Z: [    8.645564] io scheduler cfq registered
[STDERR  ] 2018-07-09T17:13:45.345070721Z: [    8.645893] io scheduler mq-deadline registered
[STDERR  ] 2018-07-09T17:13:45.345078761Z: [    8.646133] io scheduler kyber registered
[STDERR  ] 2018-07-09T17:13:45.345086312Z: [    8.650599] shpchp: Standard Hot Plug PCI Controller Driver version: 0.4
[STDERR  ] 2018-07-09T17:13:45.345093979Z: [    8.652311] hv_vmbus: registering driver hyperv_fb
[STDERR  ] 2018-07-09T17:13:45.345101383Z: [    8.655488] input: Power Button as /devices/LNXSYSTM:00/LNXPWRBN:00/input/input0
[STDERR  ] 2018-07-09T17:13:45.345109471Z: [    8.658384] ACPI: Power Button [PWRF]
[STDERR  ] 2018-07-09T17:13:45.345116972Z: [    8.672534] ACPI: PCI Interrupt Link [GSIG] enabled at IRQ 22
[STDERR  ] 2018-07-09T17:13:45.345127778Z: [    8.680704] ACPI: PCI Interrupt Link [GSIH] enabled at IRQ 23
[STDERR  ] 2018-07-09T17:13:45.345136144Z: [    8.685158] Serial: 8250/16550 driver, 4 ports, IRQ sharing disabled
[STDERR  ] 2018-07-09T17:13:45.345144454Z: [    8.709204] 00:04: ttyS0 at I/O 0x3f8 (irq = 4, base_baud = 115200) is a 16550A
[STDERR  ] 2018-07-09T17:13:45.345152229Z: [    8.719110] Non-volatile memory driver v1.3
[STDERR  ] 2018-07-09T17:13:45.345165113Z: [    8.727272] Hangcheck: starting hangcheck timer 0.9.1 (tick is 180 seconds, margin is 60 seconds).
[STDERR  ] 2018-07-09T17:13:45.345187576Z: [    8.741061] random: fast init done
[STDERR  ] 2018-07-09T17:13:45.345199535Z: [    8.742414] random: crng init done
[STDERR  ] 2018-07-09T17:13:45.345210892Z: [    8.784711] brd: module loaded
[STDERR  ] 2018-07-09T17:13:45.345221828Z: [    8.811298] loop: module loaded
[STDERR  ] 2018-07-09T17:13:45.345233105Z: [    8.854267] lpc_ich 0000:00:1f.0: I/O space for GPIO uninitialized
[STDERR  ] 2018-07-09T17:13:45.345243861Z: [    8.856546] VMware PVSCSI driver - version 1.0.7.0-k
[STDERR  ] 2018-07-09T17:13:45.345251456Z: [    8.857261] hv_vmbus: registering driver hv_storvsc
[STDERR  ] 2018-07-09T17:13:45.345259553Z: [    8.864134] ACPI: PCI Interrupt Link [GSIA] enabled at IRQ 16
[STDERR  ] 2018-07-09T17:13:45.345267644Z: [    8.870886] ahci 0000:00:1f.2: AHCI 0001.0000 32 slots 6 ports 1.5 Gbps 0x3f impl SATA mode
[STDERR  ] 2018-07-09T17:13:45.345277302Z: [    8.871619] ahci 0000:00:1f.2: flags: 64bit ncq only 
[STDERR  ] 2018-07-09T17:13:45.345287797Z: [    8.885030] scsi host0: ahci
[STDERR  ] 2018-07-09T17:13:45.345296300Z: [    8.888171] scsi host1: ahci
[STDERR  ] 2018-07-09T17:13:45.345303854Z: [    8.889676] scsi host2: ahci
[STDERR  ] 2018-07-09T17:13:45.345311361Z: [    8.891570] scsi host3: ahci
[STDERR  ] 2018-07-09T17:13:45.345319162Z: [    8.893228] scsi host4: ahci
[STDERR  ] 2018-07-09T17:13:45.345327482Z: [    8.894739] scsi host5: ahci
[STDERR  ] 2018-07-09T17:13:45.345335459Z: [    8.896042] ata1: SATA max UDMA/133 abar m4096@0xfebd2000 port 0xfebd2100 irq 24
[STDERR  ] 2018-07-09T17:13:45.345343322Z: [    8.896506] ata2: SATA max UDMA/133 abar m4096@0xfebd2000 port 0xfebd2180 irq 24
[STDERR  ] 2018-07-09T17:13:45.345351450Z: [    8.896924] ata3: SATA max UDMA/133 abar m4096@0xfebd2000 port 0xfebd2200 irq 24
[STDERR  ] 2018-07-09T17:13:45.345359774Z: [    8.897235] ata4: SATA max UDMA/133 abar m4096@0xfebd2000 port 0xfebd2280 irq 24
[STDERR  ] 2018-07-09T17:13:45.345367902Z: [    8.897651] ata5: SATA max UDMA/133 abar m4096@0xfebd2000 port 0xfebd2300 irq 24
[STDERR  ] 2018-07-09T17:13:45.345375786Z: [    8.898064] ata6: SATA max UDMA/133 abar m4096@0xfebd2000 port 0xfebd2380 irq 24
[STDERR  ] 2018-07-09T17:13:45.345383401Z: [    8.909977] tun: Universal TUN/TAP device driver, 1.6
[STDERR  ] 2018-07-09T17:13:45.345391488Z: [    8.923936] VMware vmxnet3 virtual NIC driver - version 1.4.a.0-k-NAPI
[STDERR  ] 2018-07-09T17:13:45.345402840Z: [    8.924862] hv_vmbus: registering driver hv_netvsc
[STDOUT  ] 2018-07-09T17:13:45.345683222Z: c[?7l[2J[0mSeaBIOS (version rel-1.11.1-0-g0551a4be2c-prebuilt.qemu-project.org)
[STDOUT  ] 2018-07-09T17:13:45.345723545Z: Machine UUID 0a797fcc-ec95-49cd-a5de-b99c42a59fd4
[STDOUT  ] 2018-07-09T17:13:45.345730402Z: 
[STDOUT  ] 2018-07-09T17:13:45.345736431Z: 
[STDOUT  ] 2018-07-09T17:13:45.345744302Z: iPXE (http://ipxe.org) 00:03.0 C980 PCI2.10 PnP PMM+3FF91230+3FEF1230 C980
[STDOUT  ] 2018-07-09T17:13:45.345751058Z: Press Ctrl-B to configure iPXE (PCI 00:03.0)...                                                                               
[STDOUT  ] 2018-07-09T17:13:45.345759710Z: 
[STDOUT  ] 2018-07-09T17:13:45.345765765Z: 
[STDOUT  ] 2018-07-09T17:13:45.345779194Z: Booting from ROM..c[?7l[2J[    0.000000] Linux version 4.14.53-linuxkit (root@bd72a9eaf0e9) (gcc version 6.4.0 (Alpine 6.4.0)) #1 SMP Tue Jul 3 13:29:41 UTC 2018
[STDOUT  ] 2018-07-09T17:13:45.345787616Z: [    0.000000] Command line: console=ttyS0 console=ttyAMA0
[STDOUT  ] 2018-07-09T17:13:45.345800320Z: [    0.000000] x86/fpu: x87 FPU will use FXSAVE
[STDOUT  ] 2018-07-09T17:13:45.345807120Z: [    0.000000] e820: BIOS-provided physical RAM map:
[STDOUT  ] 2018-07-09T17:13:45.345813500Z: [    0.000000] BIOS-e820: [mem 0x0000000000000000-0x000000000009fbff] usable
[STDOUT  ] 2018-07-09T17:13:45.345819848Z: [    0.000000] BIOS-e820: [mem 0x000000000009fc00-0x000000000009ffff] reserved
[STDOUT  ] 2018-07-09T17:13:45.345826213Z: [    0.000000] BIOS-e820: [mem 0x00000000000f0000-0x00000000000fffff] reserved
[STDOUT  ] 2018-07-09T17:13:45.345832753Z: [    0.000000] BIOS-e820: [mem 0x0000000000100000-0x000000003ffddfff] usable
[STDOUT  ] 2018-07-09T17:13:45.345838732Z: [    0.000000] BIOS-e820: [mem 0x000000003ffde000-0x000000003fffffff] reserved
[STDOUT  ] 2018-07-09T17:13:45.345844567Z: [    0.000000] BIOS-e820: [mem 0x00000000b0000000-0x00000000bfffffff] reserved
[STDOUT  ] 2018-07-09T17:13:45.345850492Z: [    0.000000] BIOS-e820: [mem 0x00000000fed1c000-0x00000000fed1ffff] reserved
[STDOUT  ] 2018-07-09T17:13:45.345856412Z: [    0.000000] BIOS-e820: [mem 0x00000000fffc0000-0x00000000ffffffff] reserved
[STDOUT  ] 2018-07-09T17:13:45.345862289Z: [    0.000000] NX (Execute Disable) protection: active
[STDOUT  ] 2018-07-09T17:13:45.345868204Z: [    0.000000] SMBIOS 2.8 present.
[STDOUT  ] 2018-07-09T17:13:45.345874047Z: [    0.000000] DMI: QEMU Standard PC (Q35 + ICH9, 2009), BIOS rel-1.11.1-0-g0551a4be2c-prebuilt.qemu-project.org 04/01/2014
[STDOUT  ] 2018-07-09T17:13:45.345880206Z: [    0.000000] tsc: Fast TSC calibration using PIT
[STDOUT  ] 2018-07-09T17:13:45.345886577Z: [    0.000000] e820: last_pfn = 0x3ffde max_arch_pfn = 0x400000000
[STDOUT  ] 2018-07-09T17:13:45.345892461Z: [    0.000000] x86/PAT: Configuration [0-7]: WB  WC  UC- UC  WB  WP  UC- WT  
[STDOUT  ] 2018-07-09T17:13:45.345898186Z: [    0.000000] found SMP MP-table at [mem 0x000f5b70-0x000f5b7f] mapped at [ffffffffff200b70]
[STDOUT  ] 2018-07-09T17:13:45.345905714Z: [    0.000000] RAMDISK: [mem 0x3d474000-0x3ffcffff]
[STDOUT  ] 2018-07-09T17:13:45.345911829Z: [    0.000000] ACPI: Early table checksum verification disabled
[STDOUT  ] 2018-07-09T17:13:45.345917561Z: [    0.000000] ACPI: RSDP 0x00000000000F5980 000014 (v00 BOCHS )
[STDOUT  ] 2018-07-09T17:13:45.345923234Z: [    0.000000] ACPI: RSDT 0x000000003FFE20D6 000034 (v01 BOCHS  BXPCRSDT 00000001 BXPC 00000001)
[STDOUT  ] 2018-07-09T17:13:45.345928942Z: [    0.000000] ACPI: FACP 0x000000003FFE1EF6 0000F4 (v03 BOCHS  BXPCFACP 00000001 BXPC 00000001)
[STDOUT  ] 2018-07-09T17:13:45.345934761Z: [    0.000000] ACPI: DSDT 0x000000003FFE0040 001EB6 (v01 BOCHS  BXPCDSDT 00000001 BXPC 00000001)
[STDOUT  ] 2018-07-09T17:13:45.345940646Z: [    0.000000] ACPI: FACS 0x000000003FFE0000 000040
[STDOUT  ] 2018-07-09T17:13:45.345946756Z: [    0.000000] ACPI: APIC 0x000000003FFE1FEA 000078 (v01 BOCHS  BXPCAPIC 00000001 BXPC 00000001)
[STDOUT  ] 2018-07-09T17:13:45.345953015Z: [    0.000000] ACPI: HPET 0x000000003FFE2062 000038 (v01 BOCHS  BXPCHPET 00000001 BXPC 00000001)
[STDOUT  ] 2018-07-09T17:13:45.345964627Z: [    0.000000] ACPI: MCFG 0x000000003FFE209A 00003C (v01 BOCHS  BXPCMCFG 00000001 BXPC 00000001)
[STDOUT  ] 2018-07-09T17:13:45.345970903Z: [    0.000000] Zone ranges:
[STDOUT  ] 2018-07-09T17:13:45.345976657Z: [    0.000000]   DMA      [mem 0x0000000000001000-0x0000000000ffffff]
[STDOUT  ] 2018-07-09T17:13:45.345983649Z: [    0.000000]   DMA32    [mem 0x0000000001000000-0x000000003ffddfff]
[STDOUT  ] 2018-07-09T17:13:45.345989418Z: [    0.000000]   Normal   empty
[STDOUT  ] 2018-07-09T17:13:45.345995004Z: [    0.000000]   Device   empty
[STDOUT  ] 2018-07-09T17:13:45.346000581Z: [    0.000000] Movable zone start for each node
[STDOUT  ] 2018-07-09T17:13:45.346007418Z: [    0.000000] Early memory node ranges
[STDOUT  ] 2018-07-09T17:13:45.346013295Z: [    0.000000]   node   0: [mem 0x0000000000001000-0x000000000009efff]
[STDOUT  ] 2018-07-09T17:13:45.346018916Z: [    0.000000]   node   0: [mem 0x0000000000100000-0x000000003ffddfff]
[STDOUT  ] 2018-07-09T17:13:45.346024465Z: [    0.000000] Initmem setup node 0 [mem 0x0000000000001000-0x000000003ffddfff]
[STDOUT  ] 2018-07-09T17:13:45.346033234Z: [    0.000000] ACPI: PM-Timer IO Port: 0x608
[STDOUT  ] 2018-07-09T17:13:45.346039335Z: [    0.000000] ACPI: LAPIC_NMI (acpi_id[0xff] dfl dfl lint[0x1])
[STDOUT  ] 2018-07-09T17:13:45.346045153Z: [    0.000000] IOAPIC[0]: apic_id 0, version 32, address 0xfec00000, GSI 0-23
[STDOUT  ] 2018-07-09T17:13:45.346050731Z: [    0.000000] ACPI: INT_SRC_OVR (bus 0 bus_irq 0 global_irq 2 dfl dfl)
[STDOUT  ] 2018-07-09T17:13:45.346056315Z: [    0.000000] ACPI: INT_SRC_OVR (bus 0 bus_irq 5 global_irq 5 high level)
[STDOUT  ] 2018-07-09T17:13:45.346062204Z: [    0.000000] ACPI: INT_SRC_OVR (bus 0 bus_irq 9 global_irq 9 high level)
[STDOUT  ] 2018-07-09T17:13:45.346067972Z: [    0.000000] ACPI: INT_SRC_OVR (bus 0 bus_irq 10 global_irq 10 high level)
[STDOUT  ] 2018-07-09T17:13:45.346073767Z: [    0.000000] ACPI: INT_SRC_OVR (bus 0 bus_irq 11 global_irq 11 high level)
[STDOUT  ] 2018-07-09T17:13:45.346079407Z: [    0.000000] Using ACPI (MADT) for SMP configuration information
[STDOUT  ] 2018-07-09T17:13:45.346085315Z: [    0.000000] ACPI: HPET id: 0x8086a201 base: 0xfed00000
[STDOUT  ] 2018-07-09T17:13:45.346091184Z: [    0.000000] smpboot: Allowing 1 CPUs, 0 hotplug CPUs
[STDOUT  ] 2018-07-09T17:13:45.346096918Z: [    0.000000] e820: [mem 0x40000000-0xafffffff] available for PCI devices
[STDOUT  ] 2018-07-09T17:13:45.346102788Z: [    0.000000] Booting paravirtualized kernel on bare hardware
[STDOUT  ] 2018-07-09T17:13:45.346111078Z: [    0.000000] clocksource: refined-jiffies: mask: 0xffffffff max_cycles: 0xffffffff, max_idle_ns: 19112604462750000 ns
[STDOUT  ] 2018-07-09T17:13:45.346117558Z: [    0.000000] random: get_random_bytes called from start_kernel+0x92/0x4c8 with crng_init=0
[STDOUT  ] 2018-07-09T17:13:45.346123558Z: [    0.000000] setup_percpu: NR_CPUS:128 nr_cpumask_bits:128 nr_cpu_ids:1 nr_node_ids:1
[STDOUT  ] 2018-07-09T17:13:45.346129706Z: [    0.000000] percpu: Embedded 44 pages/cpu @ffff9f833d200000 s143256 r8192 d28776 u2097152
[STDOUT  ] 2018-07-09T17:13:45.346135492Z: [    0.000000] Built 1 zonelists, mobility grouping on.  Total pages: 257895
[STDOUT  ] 2018-07-09T17:13:45.346142560Z: [    0.000000] Kernel command line: console=ttyS0 console=ttyAMA0
[STDOUT  ] 2018-07-09T17:13:45.346148423Z: [    0.000000] PID hash table entries: 4096 (order: 3, 32768 bytes)
[STDOUT  ] 2018-07-09T17:13:45.346154116Z: [    0.000000] Dentry cache hash table entries: 131072 (order: 8, 1048576 bytes)
[STDOUT  ] 2018-07-09T17:13:45.346159792Z: [    0.000000] Inode-cache hash table entries: 65536 (order: 7, 524288 bytes)
[STDOUT  ] 2018-07-09T17:13:45.346166716Z: [    0.000000] Memory: 960388K/1048048K available (12300K kernel code, 1465K rwdata, 2992K rodata, 1512K init, 632K bss, 87660K reserved, 0K cma-reserved)
[STDOUT  ] 2018-07-09T17:13:45.346172787Z: [    0.000000] ftrace: allocating 41032 entries in 161 pages
[STDOUT  ] 2018-07-09T17:13:45.346178500Z: [    0.000000] Hierarchical RCU implementation.
[STDOUT  ] 2018-07-09T17:13:45.346193849Z: [    0.000000] 	RCU restricting CPUs from NR_CPUS=128 to nr_cpu_ids=1.
[STDOUT  ] 2018-07-09T17:13:45.346201035Z: [    0.000000] RCU: Adjusting geometry for rcu_fanout_leaf=16, nr_cpu_ids=1
[STDOUT  ] 2018-07-09T17:13:45.346206882Z: [    0.000000] NR_IRQS: 8448, nr_irqs: 256, preallocated irqs: 16
[STDOUT  ] 2018-07-09T17:13:45.346212573Z: [    0.000000] Console: colour VGA+ 80x25
[STDOUT  ] 2018-07-09T17:13:45.346218241Z: [    0.000000] console [ttyS0] enabled
[STDOUT  ] 2018-07-09T17:13:45.346224318Z: [    0.000000] clocksource: hpet: mask: 0xffffffff max_cycles: 0xffffffff, max_idle_ns: 19112604467 ns
[STDOUT  ] 2018-07-09T17:13:45.346230270Z: [    0.010000] tsc: Fast TSC calibration using PIT
[STDOUT  ] 2018-07-09T17:13:45.346236169Z: [    0.010000] tsc: Detected 2599.869 MHz processor
[STDOUT  ] 2018-07-09T17:13:45.346241986Z: [    0.020693] Calibrating delay loop (skipped), value calculated using timer frequency.. 5199.73 BogoMIPS (lpj=25998690)
[STDOUT  ] 2018-07-09T17:13:45.346248035Z: [    0.021208] pid_max: default: 32768 minimum: 301
[STDOUT  ] 2018-07-09T17:13:45.346257621Z: [    0.022025] ACPI: Core revision 20170728
[STDOUT  ] 2018-07-09T17:13:45.346263453Z: [    0.048723] ACPI: 1 ACPI AML tables successfully acquired and loaded
[STDOUT  ] 2018-07-09T17:13:45.346269452Z: [    0.051014] Security Framework initialized
[STDOUT  ] 2018-07-09T17:13:45.346275442Z: [    0.051472] Yama: becoming mindful.
[STDOUT  ] 2018-07-09T17:13:45.346281348Z: [    0.054136] Mount-cache hash table entries: 2048 (order: 2, 16384 bytes)
[STDOUT  ] 2018-07-09T17:13:45.346287184Z: [    0.054401] Mountpoint-cache hash table entries: 2048 (order: 2, 16384 bytes)
[STDOUT  ] 2018-07-09T17:13:45.346293436Z: [    0.072252] Last level iTLB entries: 4KB 0, 2MB 0, 4MB 0
[STDOUT  ] 2018-07-09T17:13:45.346299327Z: [    0.072453] Last level dTLB entries: 4KB 0, 2MB 0, 4MB 0, 1GB 0
[STDOUT  ] 2018-07-09T17:13:45.346305916Z: [    0.072796] Spectre V2 : Spectre mitigation: LFENCE not serializing, switching to generic retpoline
[STDOUT  ] 2018-07-09T17:13:45.346312346Z: [    0.073157] Spectre V2 : Vulnerable: Minimal generic ASM retpoline
[STDOUT  ] 2018-07-09T17:13:45.346318353Z: [    0.073419] Spectre V2 : Spectre v2 mitigation: Filling RSB on context switch
[STDOUT  ] 2018-07-09T17:13:45.346324316Z: [    0.073690] Speculative Store Bypass: Vulnerable
[STDOUT  ] 2018-07-09T17:13:45.346332039Z: [    0.372253] Freeing SMP alternatives memory: 20K
[STDOUT  ] 2018-07-09T17:13:45.346338506Z: [    0.393298] smpboot: Max logical packages: 1
[STDOUT  ] 2018-07-09T17:13:45.346344374Z: [    0.400000] ..TIMER: vector=0x30 apic1=0 pin1=2 apic2=-1 pin2=-1
[STDOUT  ] 2018-07-09T17:13:45.346350276Z: [    0.500000] smpboot: CPU0: AMD QEMU Virtual CPU version 2.5+ (family: 0x6, model: 0x6, stepping: 0x3)
[STDOUT  ] 2018-07-09T17:13:45.346357305Z: [    0.500000] Performance Events: PMU not available due to virtualization, using software events only.
[STDOUT  ] 2018-07-09T17:13:45.346363520Z: [    0.506224] Hierarchical SRCU implementation.
[STDOUT  ] 2018-07-09T17:13:45.346369556Z: [    0.512968] NMI watchdog: Perf event create on CPU 0 failed with -2
[STDOUT  ] 2018-07-09T17:13:45.346375441Z: [    0.513531] NMI watchdog: Perf NMI watchdog permanently disabled
[STDOUT  ] 2018-07-09T17:13:45.346381481Z: [    0.517244] smp: Bringing up secondary CPUs ...
[STDOUT  ] 2018-07-09T17:13:45.346387111Z: [    0.517735] smp: Brought up 1 node, 1 CPU
[STDOUT  ] 2018-07-09T17:13:45.346392821Z: [    0.518116] smpboot: Total of 1 processors activated (5199.73 BogoMIPS)
[STDOUT  ] 2018-07-09T17:13:45.346399134Z: [    0.535407] devtmpfs: initialized
[STDOUT  ] 2018-07-09T17:13:45.346405214Z: [    0.541581] x86/mm: Memory block size: 128MB
[STDOUT  ] 2018-07-09T17:13:45.346410828Z: [    0.548406] evm: security.ima
[STDOUT  ] 2018-07-09T17:13:45.346416559Z: [    0.548592] evm: security.capability
[STDOUT  ] 2018-07-09T17:13:45.346422188Z: [    0.552106] clocksource: jiffies: mask: 0xffffffff max_cycles: 0xffffffff, max_idle_ns: 19112604462750000 ns
[STDOUT  ] 2018-07-09T17:13:45.346431634Z: [    0.552923] futex hash table entries: 256 (order: 2, 16384 bytes)
[STDOUT  ] 2018-07-09T17:13:45.346437591Z: [    0.566007] NET: Registered protocol family 16
[STDOUT  ] 2018-07-09T17:13:45.346443378Z: [    0.576222] cpuidle: using governor ladder
[STDOUT  ] 2018-07-09T17:13:45.346449228Z: [    0.576757] cpuidle: using governor menu
[STDOUT  ] 2018-07-09T17:13:45.346454842Z: [    0.578701] ACPI: bus type PCI registered
[STDOUT  ] 2018-07-09T17:13:45.346460506Z: [    0.581516] PCI: MMCONFIG for domain 0000 [bus 00-ff] at [mem 0xb0000000-0xbfffffff] (base 0xb0000000)
[STDOUT  ] 2018-07-09T17:13:45.346466584Z: [    0.582351] PCI: MMCONFIG at [mem 0xb0000000-0xbfffffff] reserved in E820
[STDOUT  ] 2018-07-09T17:13:45.346472251Z: [    0.583329] PCI: Using configuration type 1 for base access
[STDOUT  ] 2018-07-09T17:13:45.346479856Z: [    0.638783] HugeTLB registered 2.00 MiB page size, pre-allocated 0 pages
[STDOUT  ] 2018-07-09T17:13:45.346485898Z: [    0.651953] ACPI: Added _OSI(Module Device)
[STDOUT  ] 2018-07-09T17:13:45.346494734Z: [    0.652172] ACPI: Added _OSI(Processor Device)
[STDOUT  ] 2018-07-09T17:13:45.346500597Z: [    0.652571] ACPI: Added _OSI(3.0 _SCP Extensions)
[STDOUT  ] 2018-07-09T17:13:45.346506281Z: [    0.652837] ACPI: Added _OSI(Processor Aggregator Device)
[STDOUT  ] 2018-07-09T17:13:45.346511882Z: [    0.706069] ACPI: Interpreter enabled
[STDOUT  ] 2018-07-09T17:13:45.346517713Z: [    0.706974] ACPI: (supports S0 S5)
[STDOUT  ] 2018-07-09T17:13:45.346523290Z: [    0.707299] ACPI: Using IOAPIC for interrupt routing
[STDOUT  ] 2018-07-09T17:13:45.346530915Z: [    0.710857] PCI: Using host bridge windows from ACPI; if necessary, use "pci=nocrs" and report a bug
[STDOUT  ] 2018-07-09T17:13:45.346536722Z: [    0.713851] ACPI: Enabled 1 GPEs in block 00 to 3F
[STDOUT  ] 2018-07-09T17:13:45.346542791Z: [    0.763085] ACPI: PCI Root Bridge [PCI0] (domain 0000 [bus 00-ff])
[STDOUT  ] 2018-07-09T17:13:45.346549186Z: [    0.764333] acpi PNP0A08:00: _OSC: OS supports [ExtendedConfig ASPM ClockPM Segments MSI]
[STDOUT  ] 2018-07-09T17:13:45.346554893Z: [    0.768801] acpi PNP0A08:00: _OSC: OS now controls [PCIeHotplug PME PCIeCapability]
[STDOUT  ] 2018-07-09T17:13:45.346560549Z: [    0.772655] PCI host bridge to bus 0000:00
[STDOUT  ] 2018-07-09T17:13:45.346566176Z: [    0.773359] pci_bus 0000:00: root bus resource [io  0x0000-0x0cf7 window]
[STDOUT  ] 2018-07-09T17:13:45.346571779Z: [    0.773766] pci_bus 0000:00: root bus resource [io  0x0d00-0xffff window]
[STDOUT  ] 2018-07-09T17:13:45.346577437Z: [    0.774133] pci_bus 0000:00: root bus resource [mem 0x000a0000-0x000bffff window]
[STDOUT  ] 2018-07-09T17:13:45.346583147Z: [    0.774562] pci_bus 0000:00: root bus resource [mem 0xc0000000-0xfebfffff window]
[STDOUT  ] 2018-07-09T17:13:45.346588754Z: [    0.774993] pci_bus 0000:00: root bus resource [mem 0x100000000-0x8ffffffff window]
[STDOUT  ] 2018-07-09T17:13:45.346595694Z: [    0.775614] pci_bus 0000:00: root bus resource [bus 00-ff]
[STDOUT  ] 2018-07-09T17:13:45.346601478Z: [    0.867072] pci 0000:00:1f.0: quirk: [io  0x0600-0x067f] claimed by ICH6 ACPI/GPIO/TCO
[STDOUT  ] 2018-07-09T17:13:45.346607116Z: [    0.922221] ACPI: PCI Interrupt Link [LNKA] (IRQs 5 *10 11)
[STDOUT  ] 2018-07-09T17:13:45.346612711Z: [    0.924490] ACPI: PCI Interrupt Link [LNKB] (IRQs 5 *10 11)
[STDOUT  ] 2018-07-09T17:13:45.346618328Z: [    0.926211] ACPI: PCI Interrupt Link [LNKC] (IRQs 5 10 *11)
[STDOUT  ] 2018-07-09T17:13:45.346623907Z: [    0.927749] ACPI: PCI Interrupt Link [LNKD] (IRQs 5 10 *11)
[STDOUT  ] 2018-07-09T17:13:45.346629513Z: [    0.929161] ACPI: PCI Interrupt Link [LNKE] (IRQs 5 *10 11)
[STDOUT  ] 2018-07-09T17:13:45.346635235Z: [    0.930821] ACPI: PCI Interrupt Link [LNKF] (IRQs 5 *10 11)
[STDOUT  ] 2018-07-09T17:13:45.346640822Z: [    0.932205] ACPI: PCI Interrupt Link [LNKG] (IRQs 5 10 *11)
[STDOUT  ] 2018-07-09T17:13:45.346646420Z: [    0.933436] ACPI: PCI Interrupt Link [LNKH] (IRQs 5 10 *11)
[STDOUT  ] 2018-07-09T17:13:45.346655739Z: [    0.934126] ACPI: PCI Interrupt Link [GSIA] (IRQs *16)
[STDOUT  ] 2018-07-09T17:13:45.346661475Z: [    0.934736] ACPI: PCI Interrupt Link [GSIB] (IRQs *17)
[STDOUT  ] 2018-07-09T17:13:45.346667070Z: [    0.935287] ACPI: PCI Interrupt Link [GSIC] (IRQs *18)
[STDOUT  ] 2018-07-09T17:13:45.346673400Z: [    0.935880] ACPI: PCI Interrupt Link [GSID] (IRQs *19)
[STDOUT  ] 2018-07-09T17:13:45.346678967Z: [    0.936434] ACPI: PCI Interrupt Link [GSIE] (IRQs *20)
[STDOUT  ] 2018-07-09T17:13:45.346684527Z: [    0.936967] ACPI: PCI Interrupt Link [GSIF] (IRQs *21)
[STDOUT  ] 2018-07-09T17:13:45.346690163Z: [    0.937522] ACPI: PCI Interrupt Link [GSIG] (IRQs *22)
[STDOUT  ] 2018-07-09T17:13:45.346695742Z: [    0.938090] ACPI: PCI Interrupt Link [GSIH] (IRQs *23)
[STDOUT  ] 2018-07-09T17:13:45.346701322Z: [    0.944996] SCSI subsystem initialized
[STDOUT  ] 2018-07-09T17:13:45.346706912Z: [    0.947386] ACPI: bus type USB registered
[STDOUT  ] 2018-07-09T17:13:45.346712510Z: [    0.948494] usbcore: registered new interface driver usbfs
[STDOUT  ] 2018-07-09T17:13:45.346721559Z: [    0.949306] usbcore: registered new interface driver hub
[STDOUT  ] 2018-07-09T17:13:45.346727317Z: [    0.950273] usbcore: registered new device driver usb
[STDOUT  ] 2018-07-09T17:13:45.346732993Z: [    0.951235] pps_core: LinuxPPS API ver. 1 registered
[STDOUT  ] 2018-07-09T17:13:45.346738630Z: [    0.951511] pps_core: Software ver. 5.3.6 - Copyright 2005-2007 Rodolfo Giometti <giometti@linux.it>
[STDOUT  ] 2018-07-09T17:13:45.346744332Z: [    0.952157] PTP clock support registered
[STDOUT  ] 2018-07-09T17:13:45.346750760Z: [    0.954237] PCI: Using ACPI for IRQ routing
[STDOUT  ] 2018-07-09T17:13:45.346756407Z: [    0.969100] NetLabel: Initializing
[STDOUT  ] 2018-07-09T17:13:45.346762036Z: [    0.969297] NetLabel:  domain hash size = 128
[STDOUT  ] 2018-07-09T17:13:45.346767675Z: [    0.969696] NetLabel:  protocols = UNLABELED CIPSOv4 CALIPSO
[STDOUT  ] 2018-07-09T17:13:45.346773328Z: [    0.972814] NetLabel:  unlabeled traffic allowed by default
[STDOUT  ] 2018-07-09T17:13:45.346778927Z: [    0.974850] HPET: 3 timers in total, 0 timers will be used for per-cpu timer
[STDOUT  ] 2018-07-09T17:13:45.346785920Z: [    0.975628] hpet0: at MMIO 0xfed00000, IRQs 2, 8, 0
[STDOUT  ] 2018-07-09T17:13:45.346791622Z: [    0.975981] hpet0: 3 comparators, 64-bit 100.000000 MHz counter
[STDOUT  ] 2018-07-09T17:13:45.346797243Z: [    0.983648] clocksource: Switched to clocksource hpet
[STDOUT  ] 2018-07-09T17:13:45.346802838Z: [    1.185244] VFS: Disk quotas dquot_6.6.0
[STDOUT  ] 2018-07-09T17:13:45.346808463Z: [    1.185986] VFS: Dquot-cache hash table entries: 512 (order 0, 4096 bytes)
[STDOUT  ] 2018-07-09T17:13:45.346814080Z: [    1.189505] FS-Cache: Loaded
[STDOUT  ] 2018-07-09T17:13:45.346819644Z: [    1.195786] CacheFiles: Loaded
[STDOUT  ] 2018-07-09T17:13:45.346825432Z: [    1.197158] pnp: PnP ACPI init
[STDOUT  ] 2018-07-09T17:13:45.346831087Z: [    1.205602] pnp: PnP ACPI: found 5 devices
[STDOUT  ] 2018-07-09T17:13:45.346836693Z: [    1.241680] clocksource: acpi_pm: mask: 0xffffff max_cycles: 0xffffff, max_idle_ns: 2085701024 ns
[STDOUT  ] 2018-07-09T17:13:45.346842385Z: [    1.245203] NET: Registered protocol family 2
[STDOUT  ] 2018-07-09T17:13:45.346847989Z: [    1.253265] TCP established hash table entries: 8192 (order: 4, 65536 bytes)
[STDOUT  ] 2018-07-09T17:13:45.346858498Z: [    1.254132] TCP bind hash table entries: 8192 (order: 5, 131072 bytes)
[STDOUT  ] 2018-07-09T17:13:45.346866565Z: [    1.255347] TCP: Hash tables configured (established 8192 bind 8192)
[STDOUT  ] 2018-07-09T17:13:45.346872253Z: [    1.257603] UDP hash table entries: 512 (order: 2, 16384 bytes)
[STDOUT  ] 2018-07-09T17:13:45.346877907Z: [    1.258324] UDP-Lite hash table entries: 512 (order: 2, 16384 bytes)
[STDOUT  ] 2018-07-09T17:13:45.346883569Z: [    1.261918] NET: Registered protocol family 1
[STDOUT  ] 2018-07-09T17:13:45.346889225Z: [    1.263184] pci 0000:00:01.0: Video device with shadowed ROM at [mem 0x000c0000-0x000dffff]
[STDOUT  ] 2018-07-09T17:13:45.346898359Z: [    1.269307] Trying to unpack rootfs image as initramfs...
[STDOUT  ] 2018-07-09T17:13:45.346904132Z: [    8.555307] Freeing initrd memory: 44400K
[STDOUT  ] 2018-07-09T17:13:45.346910072Z: [    8.577881] PCLMULQDQ-NI instructions are not detected.
[STDOUT  ] 2018-07-09T17:13:45.346916536Z: [    8.579341] AVX or AES-NI instructions are not detected.
[STDOUT  ] 2018-07-09T17:13:45.346922511Z: [    8.579861] CPU feature 'AVX registers' is not supported.
[STDOUT  ] 2018-07-09T17:13:45.346928252Z: [    8.580622] CPU feature 'AVX registers' is not supported.
[STDOUT  ] 2018-07-09T17:13:45.346934823Z: [    8.581032] CPU feature 'AVX registers' is not supported.
[STDOUT  ] 2018-07-09T17:13:45.346940901Z: [    8.581465] CPU feature 'AVX registers' is not supported.
[STDOUT  ] 2018-07-09T17:13:45.346946730Z: [    8.581827] AVX2 or AES-NI instructions are not detected.
[STDOUT  ] 2018-07-09T17:13:45.346952540Z: [    8.582181] AVX2 instructions are not detected.
[STDOUT  ] 2018-07-09T17:13:45.346958299Z: [    8.587338] audit: initializing netlink subsys (disabled)
[STDOUT  ] 2018-07-09T17:13:45.346966828Z: [    8.591070] audit: type=2000 audit(1531156379.580:1): state=initialized audit_enabled=0 res=1
[STDOUT  ] 2018-07-09T17:13:45.346973017Z: [    8.596166] workingset: timestamp_bits=46 max_order=18 bucket_order=0
[STDOUT  ] 2018-07-09T17:13:45.346979085Z: [    8.600969] squashfs: version 4.0 (2009/01/31) Phillip Lougher
[STDOUT  ] 2018-07-09T17:13:45.346984842Z: [    8.603207] FS-Cache: Netfs 'cifs' registered for caching
[STDOUT  ] 2018-07-09T17:13:45.346990798Z: [    8.604208] fuse init (API version 7.26)
[STDOUT  ] 2018-07-09T17:13:45.346996727Z: [    8.606352] SGI XFS with ACLs, security attributes, no debug enabled
[STDOUT  ] 2018-07-09T17:13:45.347002575Z: [    8.609839] 9p: Installing v9fs 9p2000 file system support
[STDOUT  ] 2018-07-09T17:13:45.347008764Z: [    8.610931] FS-Cache: Netfs '9p' registered for caching
[STDOUT  ] 2018-07-09T17:13:45.347014450Z: [    8.639672] NET: Registered protocol family 38
[STDOUT  ] 2018-07-09T17:13:45.347020163Z: [    8.640955] Key type asymmetric registered
[STDOUT  ] 2018-07-09T17:13:45.347025924Z: [    8.641420] Asymmetric key parser 'x509' registered
[STDOUT  ] 2018-07-09T17:13:45.347031550Z: [    8.642252] Block layer SCSI generic (bsg) driver version 0.4 loaded (major 247)
[STDOUT  ] 2018-07-09T17:13:45.347037507Z: [    8.644325] io scheduler noop registered
[STDOUT  ] 2018-07-09T17:13:45.347043318Z: [    8.644718] io scheduler deadline registered (default)
[STDOUT  ] 2018-07-09T17:13:45.347048844Z: [    8.645564] io scheduler cfq registered
[STDOUT  ] 2018-07-09T17:13:45.347054560Z: [    8.645893] io scheduler mq-deadline registered
[STDOUT  ] 2018-07-09T17:13:45.347060184Z: [    8.646133] io scheduler kyber registered
[STDOUT  ] 2018-07-09T17:13:45.347065800Z: [    8.650599] shpchp: Standard Hot Plug PCI Controller Driver version: 0.4
[STDOUT  ] 2018-07-09T17:13:45.347071551Z: [    8.652311] hv_vmbus: registering driver hyperv_fb
[STDOUT  ] 2018-07-09T17:13:45.347077219Z: [    8.655488] input: Power Button as /devices/LNXSYSTM:00/LNXPWRBN:00/input/input0
[STDOUT  ] 2018-07-09T17:13:45.347082900Z: [    8.658384] ACPI: Power Button [PWRF]
[STDOUT  ] 2018-07-09T17:13:45.347088492Z: [    8.672534] ACPI: PCI Interrupt Link [GSIG] enabled at IRQ 22
[STDOUT  ] 2018-07-09T17:13:45.347094208Z: [    8.680704] ACPI: PCI Interrupt Link [GSIH] enabled at IRQ 23
[STDOUT  ] 2018-07-09T17:13:45.347099923Z: [    8.685158] Serial: 8250/16550 driver, 4 ports, IRQ sharing disabled
[STDOUT  ] 2018-07-09T17:13:45.347105618Z: [    8.709204] 00:04: ttyS0 at I/O 0x3f8 (irq = 4, base_baud = 115200) is a 16550A
[STDOUT  ] 2018-07-09T17:13:45.347111306Z: [    8.719110] Non-volatile memory driver v1.3
[STDOUT  ] 2018-07-09T17:13:45.347117040Z: [    8.727272] Hangcheck: starting hangcheck timer 0.9.1 (tick is 180 seconds, margin is 60 seconds).
[STDOUT  ] 2018-07-09T17:13:45.347123233Z: [    8.741061] random: fast init done
[STDOUT  ] 2018-07-09T17:13:45.347129094Z: [    8.742414] random: crng init done
[STDOUT  ] 2018-07-09T17:13:45.347138745Z: [    8.784711] brd: module loaded
[STDOUT  ] 2018-07-09T17:13:45.347144713Z: [    8.811298] loop: module loaded
[STDOUT  ] 2018-07-09T17:13:45.347151441Z: [    8.854267] lpc_ich 0000:00:1f.0: I/O space for GPIO uninitialized
[STDOUT  ] 2018-07-09T17:13:45.347157114Z: [    8.856546] VMware PVSCSI driver - version 1.0.7.0-k
[STDOUT  ] 2018-07-09T17:13:45.347162761Z: [    8.857261] hv_vmbus: registering driver hv_storvsc
[STDOUT  ] 2018-07-09T17:13:45.347169811Z: [    8.864134] ACPI: PCI Interrupt Link [GSIA] enabled at IRQ 16
[STDOUT  ] 2018-07-09T17:13:45.347175491Z: [    8.870886] ahci 0000:00:1f.2: AHCI 0001.0000 32 slots 6 ports 1.5 Gbps 0x3f impl SATA mode
[STDOUT  ] 2018-07-09T17:13:45.347186207Z: [    8.871619] ahci 0000:00:1f.2: flags: 64bit ncq only 
[STDOUT  ] 2018-07-09T17:13:45.347191876Z: [    8.885030] scsi host0: ahci
[STDOUT  ] 2018-07-09T17:13:45.347197497Z: [    8.888171] scsi host1: ahci
[STDOUT  ] 2018-07-09T17:13:45.347203093Z: [    8.889676] scsi host2: ahci
[STDOUT  ] 2018-07-09T17:13:45.347211679Z: [    8.891570] scsi host3: ahci
[STDOUT  ] 2018-07-09T17:13:45.347217396Z: [    8.893228] scsi host4: ahci
[STDOUT  ] 2018-07-09T17:13:45.347222964Z: [    8.894739] scsi host5: ahci
[STDOUT  ] 2018-07-09T17:13:45.347228606Z: [    8.896042] ata1: SATA max UDMA/133 abar m4096@0xfebd2000 port 0xfebd2100 irq 24
[STDOUT  ] 2018-07-09T17:13:45.347234162Z: [    8.896506] ata2: SATA max UDMA/133 abar m4096@0xfebd2000 port 0xfebd2180 irq 24
[STDOUT  ] 2018-07-09T17:13:45.347239850Z: [    8.896924] ata3: SATA max UDMA/133 abar m4096@0xfebd2000 port 0xfebd2200 irq 24
[STDOUT  ] 2018-07-09T17:13:45.347246290Z: [    8.897235] ata4: SATA max UDMA/133 abar m4096@0xfebd2000 port 0xfebd2280 irq 24
[STDOUT  ] 2018-07-09T17:13:45.347252282Z: [    8.897651] ata5: SATA max UDMA/133 abar m4096@0xfebd2000 port 0xfebd2300 irq 24
[STDOUT  ] 2018-07-09T17:13:45.347257912Z: [    8.898064] ata6: SATA max UDMA/133 abar m4096@0xfebd2000 port 0xfebd2380 irq 24
[STDOUT  ] 2018-07-09T17:13:45.347263653Z: [    8.909977] tun: Universal TUN/TAP device driver, 1.6
[STDOUT  ] 2018-07-09T17:13:45.347271345Z: [    8.923936] VMware vmxnet3 virtual NIC driver - version 1.4.a.0-k-NAPI
[STDOUT  ] 2018-07-09T17:13:45.347277231Z: [    8.924862] hv_vmbus: registering driver hv_netvsc
[STDOUT  ] 2018-07-09T17:13:45.347283125Z: [    8.925219] Fusion MPT base driver 3.04.20
[STDOUT  ] 2018-07-09T17:13:45.347290791Z: [    8.925487] Copyright (c) 1999-2008 LSI Corporation
[STDOUT  ] 2018-07-09T17:13:45.347296605Z: [    8.926047] Fusion MPT SPI Host driver 3.04.20
[STDOUT  ] 2018-07-09T17:13:45.347302352Z: [    8.928035] i8042: PNP: PS/2 Controller [PNP0303:KBD,PNP0f13:MOU] at 0x60,0x64 irq 1,12
[STDOUT  ] 2018-07-09T17:13:45.347308522Z: [    8.932893] serio: i8042 KBD port at 0x60,0x64 irq 1
[STDOUT  ] 2018-07-09T17:13:45.347314208Z: [    8.933451] serio: i8042 AUX port at 0x60,0x64 irq 12
[STDOUT  ] 2018-07-09T17:13:45.347320433Z: [    8.935729] hv_vmbus: registering driver hyperv_keyboard
[STDOUT  ] 2018-07-09T17:13:45.347327761Z: [    8.937694] mousedev: PS/2 mouse device common for all mice
[STDOUT  ] 2018-07-09T17:13:45.347334297Z: [    8.942347] input: AT Translated Set 2 keyboard as /devices/platform/i8042/serio0/input/input1
[STDOUT  ] 2018-07-09T17:13:45.347340840Z: [    8.944837] input: PC Speaker as /devices/platform/pcspkr/input/input2
[STDOUT  ] 2018-07-09T17:13:45.347346750Z: [    8.948494] rtc_cmos 00:00: RTC can wake from S4
[STDOUT  ] 2018-07-09T17:13:45.347352396Z: [    8.951868] rtc_cmos 00:00: rtc core: registered rtc_cmos as rtc0
[STDOUT  ] 2018-07-09T17:13:45.347358582Z: [    8.953180] rtc_cmos 00:00: alarms up to one day, y3k, 114 bytes nvram, hpet irqs
[STDOUT  ] 2018-07-09T17:13:45.347364145Z: [    8.954000] i2c /dev entries driver
[STDOUT  ] 2018-07-09T17:13:45.347369883Z: [    8.956750] device-mapper: ioctl: 4.37.0-ioctl (2017-09-20) initialised: dm-devel@redhat.com
[STDOUT  ] 2018-07-09T17:13:45.347375810Z: [    8.961440] usbcore: registered new interface driver usbhid
[STDOUT  ] 2018-07-09T17:13:45.347384581Z: [    8.961836] usbhid: USB HID core driver
[STDOUT  ] 2018-07-09T17:13:45.347390381Z: [    8.962627] hv_utils: Registering HyperV Utility Driver
[STDOUT  ] 2018-07-09T17:13:45.347395991Z: [    8.962946] hv_vmbus: registering driver hv_util
[STDOUT  ] 2018-07-09T17:13:45.347401568Z: [    8.963210] hv_vmbus: registering driver hv_balloon
[STDOUT  ] 2018-07-09T17:13:45.347407185Z: [    8.963769] oprofile: using NMI interrupt.
[STDOUT  ] 2018-07-09T17:13:45.347413164Z: [    8.964977] GACT probability on
[STDOUT  ] 2018-07-09T17:13:45.347418758Z: [    8.965409] Mirror/redirect action on
[STDOUT  ] 2018-07-09T17:13:45.347424513Z: [    8.965989] Simple TC action Loaded
[STDOUT  ] 2018-07-09T17:13:45.347430056Z: [    8.966509] u32 classifier
[STDOUT  ] 2018-07-09T17:13:45.347435610Z: [    8.966687]     Performance counters on
[STDOUT  ] 2018-07-09T17:13:45.347441176Z: [    8.966892]     input device check on
[STDOUT  ] 2018-07-09T17:13:45.347446700Z: [    8.967068]     Actions configured
[STDOUT  ] 2018-07-09T17:13:45.347452334Z: [    8.967845] Netfilter messages via NETLINK v0.30.
[STDOUT  ] 2018-07-09T17:13:45.347460810Z: [    8.968467] nfnl_acct: registering with nfnetlink.
[STDOUT  ] 2018-07-09T17:13:45.347466539Z: [    8.970470] nf_conntrack version 0.5.0 (8192 buckets, 32768 max)
[STDOUT  ] 2018-07-09T17:13:45.347472251Z: [    8.972719] ctnetlink v0.93: registering with nfnetlink.
[STDOUT  ] 2018-07-09T17:13:45.347477964Z: [    8.975830] nf_tables: (c) 2007-2009 Patrick McHardy <kaber@trash.net>
[STDOUT  ] 2018-07-09T17:13:45.347483565Z: [    8.976700] nf_tables_compat: (c) 2012 Pablo Neira Ayuso <pablo@netfilter.org>
[STDOUT  ] 2018-07-09T17:13:45.347489488Z: [    8.979008] xt_time: kernel timezone is -0000
[STDOUT  ] 2018-07-09T17:13:45.347495105Z: [    8.979648] ip_set: protocol 6
[STDOUT  ] 2018-07-09T17:13:45.347500727Z: [    8.980772] IPVS: Registered protocols (TCP, UDP, SCTP, AH, ESP)
[STDOUT  ] 2018-07-09T17:13:45.347506382Z: [    8.981386] IPVS: Connection hash table configured (size=4096, memory=64Kbytes)
[STDOUT  ] 2018-07-09T17:13:45.347511983Z: [    8.985360] IPVS: ipvs loaded.
[STDOUT  ] 2018-07-09T17:13:45.347517688Z: [    8.985782] IPVS: [rr] scheduler registered.
[STDOUT  ] 2018-07-09T17:13:45.347523198Z: [    8.986111] IPVS: [wrr] scheduler registered.
[STDOUT  ] 2018-07-09T17:13:45.347528970Z: [    8.986312] IPVS: [lc] scheduler registered.
[STDOUT  ] 2018-07-09T17:13:45.347535960Z: [    8.986584] IPVS: [wlc] scheduler registered.
[STDOUT  ] 2018-07-09T17:13:45.347541508Z: [    8.986833] IPVS: [fo] scheduler registered.
[STDOUT  ] 2018-07-09T17:13:45.347547116Z: [    8.987112] IPVS: [ovf] scheduler registered.
[STDOUT  ] 2018-07-09T17:13:45.347552634Z: [    8.987584] IPVS: [lblc] scheduler registered.
[STDOUT  ] 2018-07-09T17:13:45.347558171Z: [    8.988029] IPVS: [lblcr] scheduler registered.
[STDOUT  ] 2018-07-09T17:13:45.347563785Z: [    8.988338] IPVS: [dh] scheduler registered.
[STDOUT  ] 2018-07-09T17:13:45.347569337Z: [    8.988578] IPVS: [sh] scheduler registered.
[STDOUT  ] 2018-07-09T17:13:45.347574955Z: [    8.988821] IPVS: [sed] scheduler registered.
[STDOUT  ] 2018-07-09T17:13:45.347580645Z: [    8.989046] IPVS: [nq] scheduler registered.
[STDOUT  ] 2018-07-09T17:13:45.347586179Z: [    8.989795] IPVS: ftp: loaded support on port[0] = 21
[STDOUT  ] 2018-07-09T17:13:45.347592428Z: [    8.990972] ipip: IPv4 and MPLS over IPv4 tunneling driver
[STDOUT  ] 2018-07-09T17:13:45.347598031Z: [    8.994326] gre: GRE over IPv4 demultiplexor driver
[STDOUT  ] 2018-07-09T17:13:45.347603597Z: [    8.997219] ip_tables: (C) 2000-2006 Netfilter Core Team
[STDOUT  ] 2018-07-09T17:13:45.347609286Z: [    9.001264] ipt_CLUSTERIP: ClusterIP Version 0.8 loaded successfully
[STDOUT  ] 2018-07-09T17:13:45.347614952Z: [    9.002842] arp_tables: arp_tables: (C) 2002 David S. Miller
[STDOUT  ] 2018-07-09T17:13:45.347620636Z: [    9.005125] NET: Registered protocol family 10
[STDOUT  ] 2018-07-09T17:13:45.347626190Z: [    9.014726] Segment Routing with IPv6
[STDOUT  ] 2018-07-09T17:13:45.347635407Z: [    9.015755] ip6_tables: (C) 2000-2006 Netfilter Core Team
[STDOUT  ] 2018-07-09T17:13:45.347641278Z: [    9.024360] NET: Registered protocol family 17
[STDOUT  ] 2018-07-09T17:13:45.347646911Z: [    9.025459] Bridge firewalling registered
[STDOUT  ] 2018-07-09T17:13:45.347652469Z: [    9.026105] Ebtables v2.0 registered
[STDOUT  ] 2018-07-09T17:13:45.347658101Z: [    9.028121] 8021q: 802.1Q VLAN Support v1.8
[STDOUT  ] 2018-07-09T17:13:45.347664011Z: [    9.029523] 9pnet: Installing 9P2000 support
[STDOUT  ] 2018-07-09T17:13:45.347670108Z: [    9.031623] Key type dns_resolver registered
[STDOUT  ] 2018-07-09T17:13:45.347675726Z: [    9.032839] sched_clock: Marking stable (9030203690, 0)->(9145830972, -115627282)
[STDOUT  ] 2018-07-09T17:13:45.347681428Z: [    9.036264] registered taskstats version 1
[STDOUT  ] 2018-07-09T17:13:45.347687134Z: [    9.235080] ata3: SATA link up 1.5 Gbps (SStatus 113 SControl 300)
[STDOUT  ] 2018-07-09T17:13:45.347692869Z: [    9.239183] ata2: SATA link up 1.5 Gbps (SStatus 113 SControl 300)
[STDOUT  ] 2018-07-09T17:13:45.347703847Z: [    9.241824] ata2.00: ATA-7: QEMU HARDDISK, 2.5+, max UDMA/100
[STDOUT  ] 2018-07-09T17:13:45.347710938Z: [    9.242290] ata2.00: 1048576 sectors, multi 16: LBA48 NCQ (depth 31/32)
[STDOUT  ] 2018-07-09T17:13:45.347716755Z: [    9.242873] ata2.00: applying bridge limits
[STDOUT  ] 2018-07-09T17:13:45.347722404Z: [    9.244682] ata1: SATA link up 1.5 Gbps (SStatus 113 SControl 300)
[STDOUT  ] 2018-07-09T17:13:45.347728055Z: [    9.245231] ata1.00: ATA-7: QEMU HARDDISK, 2.5+, max UDMA/100
[STDOUT  ] 2018-07-09T17:13:45.347733746Z: [    9.245563] ata1.00: 1048576 sectors, multi 16: LBA48 NCQ (depth 31/32)
[STDOUT  ] 2018-07-09T17:13:45.347740251Z: [    9.245925] ata1.00: applying bridge limits
[STDOUT  ] 2018-07-09T17:13:45.347746078Z: [    9.246884] ata1.00: configured for UDMA/100
[STDOUT  ] 2018-07-09T17:13:45.347751676Z: [    9.250468] ata4: SATA link down (SStatus 0 SControl 300)
[STDOUT  ] 2018-07-09T17:13:45.347757269Z: [    9.251174] ata5: SATA link down (SStatus 0 SControl 300)
[STDOUT  ] 2018-07-09T17:13:45.347762849Z: [    9.251677] ata6: SATA link down (SStatus 0 SControl 300)
[STDOUT  ] 2018-07-09T17:13:45.347768455Z: [    9.271131] ata3.00: ATAPI: QEMU DVD-ROM, 2.5+, max UDMA/100
[STDOUT  ] 2018-07-09T17:13:45.347774058Z: [    9.271422] ata3.00: applying bridge limits
[STDOUT  ] 2018-07-09T17:13:45.347779675Z: [    9.272271] ata3.00: configured for UDMA/100
[STDOUT  ] 2018-07-09T17:13:45.347785371Z: [    9.275012] ata2.00: configured for UDMA/100
[STDOUT  ] 2018-07-09T17:13:45.347791236Z: [    9.277517] scsi 0:0:0:0: Direct-Access     ATA      QEMU HARDDISK    2.5+ PQ: 0 ANSI: 5
[STDOUT  ] 2018-07-09T17:13:45.347796936Z: [    9.286300] sd 0:0:0:0: [sda] 1048576 512-byte logical blocks: (537 MB/512 MiB)
[STDOUT  ] 2018-07-09T17:13:45.347802546Z: [    9.290921] sd 0:0:0:0: [sda] Write Protect is off
[STDOUT  ] 2018-07-09T17:13:45.347808228Z: [    9.294260] sd 0:0:0:0: [sda] Write cache: enabled, read cache: enabled, doesn't support DPO or FUA
[STDOUT  ] 2018-07-09T17:13:45.347814071Z: [    9.300732] sd 0:0:0:0: Attached scsi generic sg0 type 0
[STDOUT  ] 2018-07-09T17:13:45.347819709Z: [    9.304244] scsi 1:0:0:0: Direct-Access     ATA      QEMU HARDDISK    2.5+ PQ: 0 ANSI: 5
[STDOUT  ] 2018-07-09T17:13:45.347825367Z: [    9.309359] sd 1:0:0:0: Attached scsi generic sg1 type 0
[STDOUT  ] 2018-07-09T17:13:45.347830971Z: [    9.311640] sd 1:0:0:0: [sdb] 1048576 512-byte logical blocks: (537 MB/512 MiB)
[STDOUT  ] 2018-07-09T17:13:45.347836732Z: [    9.314345] scsi 2:0:0:0: CD-ROM            QEMU     QEMU DVD-ROM     2.5+ PQ: 0 ANSI: 5
[STDOUT  ] 2018-07-09T17:13:45.347885966Z: [    9.318202] sd 1:0:0:0: [sdb] Write Protect is off
[STDOUT  ] 2018-07-09T17:13:45.347892749Z: [    9.319610] sd 1:0:0:0: [sdb] Write cache: enabled, read cache: enabled, doesn't support DPO or FUA
[STDOUT  ] 2018-07-09T17:13:45.347898556Z: [    9.344037] sd 1:0:0:0: [sdb] Attached SCSI disk
[STDOUT  ] 2018-07-09T17:13:45.347904637Z: [    9.344660] sd 0:0:0:0: [sda] Attached SCSI disk
[STDOUT  ] 2018-07-09T17:13:45.347914345Z: [    9.359270] Key type big_key registered
[STDOUT  ] 2018-07-09T17:13:45.347921072Z: [    9.362788] sr 2:0:0:0: [sr0] scsi3-mmc drive: 4x/4x cd/rw xa/form2 tray
[STDOUT  ] 2018-07-09T17:13:45.347927140Z: [    9.363490] cdrom: Uniform CD-ROM driver Revision: 3.20
[STDOUT  ] 2018-07-09T17:13:45.347934812Z: [    9.367672] sr 2:0:0:0: Attached scsi generic sg2 type 5
[STDOUT  ] 2018-07-09T17:13:45.347940542Z: [    9.440412] Key type trusted registered
[STDOUT  ] 2018-07-09T17:13:45.347946563Z: [    9.512631] Key type encrypted registered
[STDOUT  ] 2018-07-09T17:13:45.347952420Z: [    9.513397] ima: No TPM chip found, activating TPM-bypass! (rc=-19)
[STDOUT  ] 2018-07-09T17:13:45.347968901Z: [    9.513975] ima: Allocated hash algorithm: sha256
[STDOUT  ] 2018-07-09T17:13:45.347974993Z: [    9.517673] evm: HMAC attrs: 0x1
[STDOUT  ] 2018-07-09T17:13:45.347984423Z: [    9.522591] rtc_cmos 00:00: setting system clock to 2018-07-09 17:13:00 UTC (1531156380)
[STDOUT  ] 2018-07-09T17:13:45.347991777Z: [    9.676272] Freeing unused kernel memory: 1512K
[STDOUT  ] 2018-07-09T17:13:45.348001475Z: [    9.677121] tsc: Refined TSC clocksource calibration: 2599.901 MHz
[STDOUT  ] 2018-07-09T17:13:45.348007786Z: [    9.677768] clocksource: tsc: mask: 0xffffffffffffffff max_cycles: 0x2579de95c7a, max_idle_ns: 440795244996 ns
[STDOUT  ] 2018-07-09T17:13:45.348014753Z: [    9.690857] Write protecting the kernel read-only data: 18432k
[STDOUT  ] 2018-07-09T17:13:45.348020956Z: [    9.704036] Freeing unused kernel memory: 2024K
[STDOUT  ] 2018-07-09T17:13:45.348027073Z: [    9.765713] Freeing unused kernel memory: 1104K
[STDOUT  ] 2018-07-09T17:13:45.348033291Z: [   10.687259] clocksource: Switched to clocksource tsc
[STDOUT  ] 2018-07-09T17:13:45.348039024Z: 
[STDOUT  ] 2018-07-09T17:13:45.348044975Z: Welcome to LinuxKit
[STDOUT  ] 2018-07-09T17:13:45.348051523Z: 
[STDOUT  ] 2018-07-09T17:13:45.348057656Z:                         ##         .
[STDOUT  ] 2018-07-09T17:13:45.348063541Z:                   ## ## ##        ==
[STDOUT  ] 2018-07-09T17:13:45.348069309Z:                ## ## ## ## ##    ===
[STDOUT  ] 2018-07-09T17:13:45.348074961Z:            /"""""""""""""""""\___/ ===
[STDOUT  ] 2018-07-09T17:13:45.348080758Z:           {                       /  ===-
[STDOUT  ] 2018-07-09T17:13:45.348086562Z:            \______ O           __/
[STDOUT  ] 2018-07-09T17:13:45.348092335Z:              \    \         __/
[STDOUT  ] 2018-07-09T17:13:45.348098006Z:               \____\_______/
[STDOUT  ] 2018-07-09T17:13:45.348103789Z: 
[STDOUT  ] 2018-07-09T17:13:45.348109398Z: [   26.365922] IPVS: ftp: loaded support on port[0] = 21
[STDOUT  ] 2018-07-09T17:13:45.348115653Z: [   27.630380]  sda:
[STDOUT  ] 2018-07-09T17:13:45.348123078Z: [   27.712377]  sda:
[STDOUT  ] 2018-07-09T17:13:45.348128939Z: [   28.036270]  sda: sda1
[STDOUT  ] 2018-07-09T17:13:45.348134518Z: [   28.120939]  sda: sda1
[STDOUT  ] 2018-07-09T17:13:45.348140209Z: 2018/07/09 17:13:18 Creating partition on /dev/sda
[STDOUT  ] 2018-07-09T17:13:45.348145877Z: 2018/07/09 17:13:20 Partition /dev/sda1 successfully created!
[STDOUT  ] 2018-07-09T17:13:45.348152437Z: [   30.580114] IPVS: ftp: loaded support on port[0] = 21
[STDOUT  ] 2018-07-09T17:13:45.348158077Z: [   31.968359]  sdb:
[STDOUT  ] 2018-07-09T17:13:45.348163947Z: [   32.042781]  sdb:
[STDOUT  ] 2018-07-09T17:13:45.348169494Z: [   32.366801]  sdb: sdb1
[STDOUT  ] 2018-07-09T17:13:45.348175180Z: [   32.440899]  sdb: sdb1
[STDOUT  ] 2018-07-09T17:13:45.348185335Z: 2018/07/09 17:13:22 /dev/sda has content. blkid returned: /dev/sda: PTUUID="9ca38aa9" PTTYPE="dos"
[STDOUT  ] 2018-07-09T17:13:45.348191724Z: 2018/07/09 17:13:22 Creating partition on /dev/sdb
[STDOUT  ] 2018-07-09T17:13:45.348197462Z: 2018/07/09 17:13:24 Partition /dev/sdb1 successfully created!
[STDOUT  ] 2018-07-09T17:13:45.348203322Z: [   34.852571] IPVS: ftp: loaded support on port[0] = 21
[STDOUT  ] 2018-07-09T17:13:45.348209003Z: [   36.489923] EXT4-fs (sda1): mounted filesystem with ordered data mode. Opts: (null)
[STDOUT  ] 2018-07-09T17:13:45.348221365Z: [   38.297590] IPVS: ftp: loaded support on port[0] = 21
[STDOUT  ] 2018-07-09T17:13:45.348227245Z: [   39.484415] EXT4-fs (sdb1): mounted filesystem with ordered data mode. Opts: (null)
[STDOUT  ] 2018-07-09T17:13:45.348234460Z: 2018/07/09 17:13:31 Failed to create "/dev/disk/by-uuid/e322326e-0b2a-4c2c-b324-194059642752": symlink ../../sda1 /dev/disk/by-uuid/e322326e-0b2a-4c2c-b324-194059642752: file exists
[STDOUT  ] 2018-07-09T17:13:45.348245076Z: 2018/07/09 17:13:31 Failed to create "/dev/disk/by-uuid/dc1117bf-d9bd-491c-ad22-848b2ad725ff": symlink ../../sdb1 /dev/disk/by-uuid/dc1117bf-d9bd-491c-ad22-848b2ad725ff: file exists
[STDOUT  ] 2018-07-09T17:13:45.348250780Z: format_mount test suite PASSED
[STDOUT  ] 2018-07-09T17:13:45.348256400Z: [   53.075146] sd 1:0:0:0: [sdb] Synchronizing SCSI cache
[STDOUT  ] 2018-07-09T17:13:45.348262054Z: [   53.076309] sd 1:0:0:0: [sdb] Stopping disk
[STDOUT  ] 2018-07-09T17:13:45.348267615Z: [   53.077025] sd 0:0:0:0: [sda] Synchronizing SCSI cache
[STDOUT  ] 2018-07-09T17:13:45.348277097Z: [   53.080245] sd 0:0:0:0: [sda] Stopping disk
[STDOUT  ] 2018-07-09T17:13:45.348282975Z: [   53.083905] ACPI: Preparing to enter system sleep state S5
[STDOUT  ] 2018-07-09T17:13:45.348288625Z: [   53.088898] reboot: Power down
[STDERR  ] 2018-07-09T17:13:45.348473364Z: [    8.925219] Fusion MPT base driver 3.04.20
[STDERR  ] 2018-07-09T17:13:45.348507873Z: [    8.925487] Copyright (c) 1999-2008 LSI Corporation
[STDERR  ] 2018-07-09T17:13:45.348519588Z: [    8.926047] Fusion MPT SPI Host driver 3.04.20
[STDERR  ] 2018-07-09T17:13:45.348532628Z: [    8.928035] i8042: PNP: PS/2 Controller [PNP0303:KBD,PNP0f13:MOU] at 0x60,0x64 irq 1,12
[STDERR  ] 2018-07-09T17:13:45.348561152Z: [    8.932893] serio: i8042 KBD port at 0x60,0x64 irq 1
[STDERR  ] 2018-07-09T17:13:45.348574267Z: [    8.933451] serio: i8042 AUX port at 0x60,0x64 irq 12
[STDERR  ] 2018-07-09T17:13:45.348631970Z: [    8.935729] hv_vmbus: registering driver hyperv_keyboard
[STDERR  ] 2018-07-09T17:13:45.348663186Z: [    8.937694] mousedev: PS/2 mouse device common for all mice
[STDERR  ] 2018-07-09T17:13:45.348690730Z: [    8.942347] input: AT Translated Set 2 keyboard as /devices/platform/i8042/serio0/input/input1
[STDERR  ] 2018-07-09T17:13:45.348733143Z: [    8.944837] input: PC Speaker as /devices/platform/pcspkr/input/input2
[STDERR  ] 2018-07-09T17:13:45.348763381Z: [    8.948494] rtc_cmos 00:00: RTC can wake from S4
[STDERR  ] 2018-07-09T17:13:45.348810649Z: [    8.951868] rtc_cmos 00:00: rtc core: registered rtc_cmos as rtc0
[STDERR  ] 2018-07-09T17:13:45.348824648Z: [    8.953180] rtc_cmos 00:00: alarms up to one day, y3k, 114 bytes nvram, hpet irqs
[STDERR  ] 2018-07-09T17:13:45.348840212Z: [    8.954000] i2c /dev entries driver
[STDERR  ] 2018-07-09T17:13:45.348853632Z: [    8.956750] device-mapper: ioctl: 4.37.0-ioctl (2017-09-20) initialised: dm-devel@redhat.com
[STDERR  ] 2018-07-09T17:13:45.348867609Z: [    8.961440] usbcore: registered new interface driver usbhid
[STDERR  ] 2018-07-09T17:13:45.348893975Z: [    8.961836] usbhid: USB HID core driver
[STDERR  ] 2018-07-09T17:13:45.348920024Z: [    8.962627] hv_utils: Registering HyperV Utility Driver
[STDERR  ] 2018-07-09T17:13:45.348936977Z: [    8.962946] hv_vmbus: registering driver hv_util
[STDERR  ] 2018-07-09T17:13:45.348950076Z: [    8.963210] hv_vmbus: registering driver hv_balloon
[STDERR  ] 2018-07-09T17:13:45.348980319Z: [    8.963769] oprofile: using NMI interrupt.
[STDERR  ] 2018-07-09T17:13:45.348993902Z: [    8.964977] GACT probability on
[STDERR  ] 2018-07-09T17:13:45.349014161Z: [    8.965409] Mirror/redirect action on
[STDERR  ] 2018-07-09T17:13:45.349030185Z: [    8.965989] Simple TC action Loaded
[STDERR  ] 2018-07-09T17:13:45.349048988Z: [    8.966509] u32 classifier
[STDERR  ] 2018-07-09T17:13:45.349070785Z: [    8.966687]     Performance counters on
[STDERR  ] 2018-07-09T17:13:45.349092999Z: [    8.966892]     input device check on
[STDERR  ] 2018-07-09T17:13:45.349131107Z: [    8.967068]     Actions configured
[STDERR  ] 2018-07-09T17:13:45.349143698Z: [    8.967845] Netfilter messages via NETLINK v0.30.
[STDERR  ] 2018-07-09T17:13:45.349172001Z: [    8.968467] nfnl_acct: registering with nfnetlink.
[STDERR  ] 2018-07-09T17:13:45.349197284Z: [    8.970470] nf_conntrack version 0.5.0 (8192 buckets, 32768 max)
[STDERR  ] 2018-07-09T17:13:45.349212141Z: [    8.972719] ctnetlink v0.93: registering with nfnetlink.
[STDERR  ] 2018-07-09T17:13:45.349230305Z: [    8.975830] nf_tables: (c) 2007-2009 Patrick McHardy <kaber@trash.net>
[STDERR  ] 2018-07-09T17:13:45.349243287Z: [    8.976700] nf_tables_compat: (c) 2012 Pablo Neira Ayuso <pablo@netfilter.org>
[STDERR  ] 2018-07-09T17:13:45.349255782Z: [    8.979008] xt_time: kernel timezone is -0000
[STDERR  ] 2018-07-09T17:13:45.349300881Z: [    8.979648] ip_set: protocol 6
[STDERR  ] 2018-07-09T17:13:45.349314523Z: [    8.980772] IPVS: Registered protocols (TCP, UDP, SCTP, AH, ESP)
[STDERR  ] 2018-07-09T17:13:45.349326757Z: [    8.981386] IPVS: Connection hash table configured (size=4096, memory=64Kbytes)
[STDERR  ] 2018-07-09T17:13:45.349344732Z: [    8.985360] IPVS: ipvs loaded.
[STDERR  ] 2018-07-09T17:13:45.349357595Z: [    8.985782] IPVS: [rr] scheduler registered.
[STDERR  ] 2018-07-09T17:13:45.349383899Z: [    8.986111] IPVS: [wrr] scheduler registered.
[STDERR  ] 2018-07-09T17:13:45.351389137Z: [    8.986312] IPVS: [lc] scheduler registered.
[STDERR  ] 2018-07-09T17:13:45.351410190Z: [    8.986584] IPVS: [wlc] scheduler registered.
[STDERR  ] 2018-07-09T17:13:45.351422921Z: [    8.986833] IPVS: [fo] scheduler registered.
[STDERR  ] 2018-07-09T17:13:45.351453800Z: [    8.987112] IPVS: [ovf] scheduler registered.
[STDERR  ] 2018-07-09T17:13:45.351507737Z: [    8.987584] IPVS: [lblc] scheduler registered.
[STDERR  ] 2018-07-09T17:13:45.351537069Z: [    8.988029] IPVS: [lblcr] scheduler registered.
[STDERR  ] 2018-07-09T17:13:45.351564359Z: [    8.988338] IPVS: [dh] scheduler registered.
[STDERR  ] 2018-07-09T17:13:45.351592100Z: [    8.988578] IPVS: [sh] scheduler registered.
[STDERR  ] 2018-07-09T17:13:45.351636118Z: [    8.988821] IPVS: [sed] scheduler registered.
[STDERR  ] 2018-07-09T17:13:45.351662923Z: [    8.989046] IPVS: [nq] scheduler registered.
[STDERR  ] 2018-07-09T17:13:45.351691044Z: [    8.989795] IPVS: ftp: loaded support on port[0] = 21
[STDERR  ] 2018-07-09T17:13:45.351721588Z: [    8.990972] ipip: IPv4 and MPLS over IPv4 tunneling driver
[STDERR  ] 2018-07-09T17:13:45.351755636Z: [    8.994326] gre: GRE over IPv4 demultiplexor driver
[STDERR  ] 2018-07-09T17:13:45.351772449Z: [    8.997219] ip_tables: (C) 2000-2006 Netfilter Core Team
[STDERR  ] 2018-07-09T17:13:45.351785424Z: [    9.001264] ipt_CLUSTERIP: ClusterIP Version 0.8 loaded successfully
[STDERR  ] 2018-07-09T17:13:45.351798881Z: [    9.002842] arp_tables: arp_tables: (C) 2002 David S. Miller
[STDERR  ] 2018-07-09T17:13:45.351811715Z: [    9.005125] NET: Registered protocol family 10
[STDERR  ] 2018-07-09T17:13:45.351835118Z: [    9.014726] Segment Routing with IPv6
[STDERR  ] 2018-07-09T17:13:45.351858018Z: [    9.015755] ip6_tables: (C) 2000-2006 Netfilter Core Team
[STDERR  ] 2018-07-09T17:13:45.351876557Z: [    9.024360] NET: Registered protocol family 17
[STDERR  ] 2018-07-09T17:13:45.351897690Z: [    9.025459] Bridge firewalling registered
[STDERR  ] 2018-07-09T17:13:45.351922578Z: [    9.026105] Ebtables v2.0 registered
[STDERR  ] 2018-07-09T17:13:45.351940634Z: [    9.028121] 8021q: 802.1Q VLAN Support v1.8
[STDERR  ] 2018-07-09T17:13:45.351963015Z: [    9.029523] 9pnet: Installing 9P2000 support
[STDERR  ] 2018-07-09T17:13:45.351986462Z: [    9.031623] Key type dns_resolver registered
[STDERR  ] 2018-07-09T17:13:45.352048268Z: [    9.032839] sched_clock: Marking stable (9030203690, 0)->(9145830972, -115627282)
[STDERR  ] 2018-07-09T17:13:45.352066165Z: [    9.036264] registered taskstats version 1
[STDERR  ] 2018-07-09T17:13:45.352078683Z: [    9.235080] ata3: SATA link up 1.5 Gbps (SStatus 113 SControl 300)
[STDERR  ] 2018-07-09T17:13:45.352103178Z: [    9.239183] ata2: SATA link up 1.5 Gbps (SStatus 113 SControl 300)
[STDERR  ] 2018-07-09T17:13:45.352116618Z: [    9.241824] ata2.00: ATA-7: QEMU HARDDISK, 2.5+, max UDMA/100
[STDERR  ] 2018-07-09T17:13:45.352134585Z: [    9.242290] ata2.00: 1048576 sectors, multi 16: LBA48 NCQ (depth 31/32)
[STDERR  ] 2018-07-09T17:13:45.352147161Z: [    9.242873] ata2.00: applying bridge limits
[STDERR  ] 2018-07-09T17:13:45.352160237Z: [    9.244682] ata1: SATA link up 1.5 Gbps (SStatus 113 SControl 300)
[STDERR  ] 2018-07-09T17:13:45.352179419Z: [    9.245231] ata1.00: ATA-7: QEMU HARDDISK, 2.5+, max UDMA/100
[STDERR  ] 2018-07-09T17:13:45.352203923Z: [    9.245563] ata1.00: 1048576 sectors, multi 16: LBA48 NCQ (depth 31/32)
[STDERR  ] 2018-07-09T17:13:45.352216530Z: [    9.245925] ata1.00: applying bridge limits
[STDERR  ] 2018-07-09T17:13:45.352229231Z: [    9.246884] ata1.00: configured for UDMA/100
[STDERR  ] 2018-07-09T17:13:45.352244060Z: [    9.250468] ata4: SATA link down (SStatus 0 SControl 300)
[STDERR  ] 2018-07-09T17:13:45.352260105Z: [    9.251174] ata5: SATA link down (SStatus 0 SControl 300)
[STDERR  ] 2018-07-09T17:13:45.352278037Z: [    9.251677] ata6: SATA link down (SStatus 0 SControl 300)
[STDERR  ] 2018-07-09T17:13:45.352309195Z: [    9.271131] ata3.00: ATAPI: QEMU DVD-ROM, 2.5+, max UDMA/100
[STDERR  ] 2018-07-09T17:13:45.352324436Z: [    9.271422] ata3.00: applying bridge limits
[STDERR  ] 2018-07-09T17:13:45.352346620Z: [    9.272271] ata3.00: configured for UDMA/100
[STDERR  ] 2018-07-09T17:13:45.352358832Z: [    9.275012] ata2.00: configured for UDMA/100
[STDERR  ] 2018-07-09T17:13:45.352371998Z: [    9.277517] scsi 0:0:0:0: Direct-Access     ATA      QEMU HARDDISK    2.5+ PQ: 0 ANSI: 5
[STDERR  ] 2018-07-09T17:13:45.352385591Z: [    9.286300] sd 0:0:0:0: [sda] 1048576 512-byte logical blocks: (537 MB/512 MiB)
[STDERR  ] 2018-07-09T17:13:45.352411024Z: [    9.290921] sd 0:0:0:0: [sda] Write Protect is off
[STDERR  ] 2018-07-09T17:13:45.352424315Z: [    9.294260] sd 0:0:0:0: [sda] Write cache: enabled, read cache: enabled, doesn't support DPO or FUA
[STDERR  ] 2018-07-09T17:13:45.352438138Z: [    9.300732] sd 0:0:0:0: Attached scsi generic sg0 type 0
[STDERR  ] 2018-07-09T17:13:45.352459920Z: [    9.304244] scsi 1:0:0:0: Direct-Access     ATA      QEMU HARDDISK    2.5+ PQ: 0 ANSI: 5
[STDERR  ] 2018-07-09T17:13:45.352476804Z: [    9.309359] sd 1:0:0:0: Attached scsi generic sg1 type 0
[STDERR  ] 2018-07-09T17:13:45.352489326Z: [    9.311640] sd 1:0:0:0: [sdb] 1048576 512-byte logical blocks: (537 MB/512 MiB)
[STDERR  ] 2018-07-09T17:13:45.352502034Z: [    9.314345] scsi 2:0:0:0: CD-ROM            QEMU     QEMU DVD-ROM     2.5+ PQ: 0 ANSI: 5
[STDERR  ] 2018-07-09T17:13:45.352516380Z: [    9.318202] sd 1:0:0:0: [sdb] Write Protect is off
[STDERR  ] 2018-07-09T17:13:45.352531009Z: [    9.319610] sd 1:0:0:0: [sdb] Write cache: enabled, read cache: enabled, doesn't support DPO or FUA
[STDERR  ] 2018-07-09T17:13:45.352543493Z: [    9.344037] sd 1:0:0:0: [sdb] Attached SCSI disk
[STDERR  ] 2018-07-09T17:13:45.352555836Z: [    9.344660] sd 0:0:0:0: [sda] Attached SCSI disk
[STDERR  ] 2018-07-09T17:13:45.352582825Z: [    9.359270] Key type big_key registered
[STDERR  ] 2018-07-09T17:13:45.352597027Z: [    9.362788] sr 2:0:0:0: [sr0] scsi3-mmc drive: 4x/4x cd/rw xa/form2 tray
[STDERR  ] 2018-07-09T17:13:45.352611592Z: [    9.363490] cdrom: Uniform CD-ROM driver Revision: 3.20
[STDERR  ] 2018-07-09T17:13:45.352625705Z: [    9.367672] sr 2:0:0:0: Attached scsi generic sg2 type 5
[STDERR  ] 2018-07-09T17:13:45.352638350Z: [    9.440412] Key type trusted registered
[STDERR  ] 2018-07-09T17:13:45.352652276Z: [    9.512631] Key type encrypted registered
[STDERR  ] 2018-07-09T17:13:45.352664148Z: [    9.513397] ima: No TPM chip found, activating TPM-bypass! (rc=-19)
[STDERR  ] 2018-07-09T17:13:45.352688482Z: [    9.513975] ima: Allocated hash algorithm: sha256
[STDERR  ] 2018-07-09T17:13:45.352706242Z: [    9.517673] evm: HMAC attrs: 0x1
[STDERR  ] 2018-07-09T17:13:45.352720199Z: [    9.522591] rtc_cmos 00:00: setting system clock to 2018-07-09 17:13:00 UTC (1531156380)
[STDERR  ] 2018-07-09T17:13:45.352751302Z: [    9.676272] Freeing unused kernel memory: 1512K
[STDERR  ] 2018-07-09T17:13:45.352765944Z: [    9.677121] tsc: Refined TSC clocksource calibration: 2599.901 MHz
[STDERR  ] 2018-07-09T17:13:45.352789405Z: [    9.677768] clocksource: tsc: mask: 0xffffffffffffffff max_cycles: 0x2579de95c7a, max_idle_ns: 440795244996 ns
[STDERR  ] 2018-07-09T17:13:45.352824142Z: [    9.690857] Write protecting the kernel read-only data: 18432k
[STDERR  ] 2018-07-09T17:13:45.352853324Z: [    9.704036] Freeing unused kernel memory: 2024K
[STDERR  ] 2018-07-09T17:13:45.353475946Z: [    9.765713] Freeing unused kernel memory: 1104K
[STDERR  ] 2018-07-09T17:13:45.353529968Z: [   10.687259] clocksource: Switched to clocksource tsc
[STDERR  ] 2018-07-09T17:13:45.353559186Z: 
[STDERR  ] 2018-07-09T17:13:45.353587876Z: Welcome to LinuxKit
[STDERR  ] 2018-07-09T17:13:45.353621289Z: 
[STDERR  ] 2018-07-09T17:13:45.353651752Z:                         ##         .
[STDERR  ] 2018-07-09T17:13:45.353719618Z:                   ## ## ##        ==
[STDERR  ] 2018-07-09T17:13:45.353759272Z:                ## ## ## ## ##    ===
[STDERR  ] 2018-07-09T17:13:45.353788437Z:            /"""""""""""""""""\___/ ===
[STDERR  ] 2018-07-09T17:13:45.353819428Z:           {                       /  ===-
[STDERR  ] 2018-07-09T17:13:45.353847246Z:            \______ O           __/
[STDERR  ] 2018-07-09T17:13:45.353874000Z:              \    \         __/
[STDERR  ] 2018-07-09T17:13:45.353911726Z:               \____\_______/
[STDERR  ] 2018-07-09T17:13:45.353940624Z: 
[STDERR  ] 2018-07-09T17:13:45.353969535Z: [   26.365922] IPVS: ftp: loaded support on port[0] = 21
[STDERR  ] 2018-07-09T17:13:45.353998283Z: [   27.630380]  sda:
[STDERR  ] 2018-07-09T17:13:45.354030778Z: [   27.712377]  sda:
[STDERR  ] 2018-07-09T17:13:45.354058336Z: [   28.036270]  sda: sda1
[STDERR  ] 2018-07-09T17:13:45.354087506Z: [   28.120939]  sda: sda1
[STDERR  ] 2018-07-09T17:13:45.354117913Z: 2018/07/09 17:13:18 Creating partition on /dev/sda
[STDERR  ] 2018-07-09T17:13:45.354166836Z: 2018/07/09 17:13:20 Partition /dev/sda1 successfully created!
[STDERR  ] 2018-07-09T17:13:45.354196173Z: [   30.580114] IPVS: ftp: loaded support on port[0] = 21
[STDERR  ] 2018-07-09T17:13:45.354224179Z: [   31.968359]  sdb:
[STDERR  ] 2018-07-09T17:13:45.354251856Z: [   32.042781]  sdb:
[STDERR  ] 2018-07-09T17:13:45.354280281Z: [   32.366801]  sdb: sdb1
[STDERR  ] 2018-07-09T17:13:45.354307429Z: [   32.440899]  sdb: sdb1
[STDERR  ] 2018-07-09T17:13:45.354734347Z: 2018/07/09 17:13:22 /dev/sda has content. blkid returned: /dev/sda: PTUUID="9ca38aa9" PTTYPE="dos"
[STDERR  ] 2018-07-09T17:13:45.354765499Z: 2018/07/09 17:13:22 Creating partition on /dev/sdb
[STDERR  ] 2018-07-09T17:13:45.354780236Z: 2018/07/09 17:13:24 Partition /dev/sdb1 successfully created!
[STDERR  ] 2018-07-09T17:13:45.354793522Z: [   34.852571] IPVS: ftp: loaded support on port[0] = 21
[STDERR  ] 2018-07-09T17:13:45.354806687Z: [   36.489923] EXT4-fs (sda1): mounted filesystem with ordered data mode. Opts: (null)
[STDERR  ] 2018-07-09T17:13:45.354824993Z: [   38.297590] IPVS: ftp: loaded support on port[0] = 21
[STDERR  ] 2018-07-09T17:13:45.354839658Z: [   39.484415] EXT4-fs (sdb1): mounted filesystem with ordered data mode. Opts: (null)
[STDERR  ] 2018-07-09T17:13:45.354855404Z: 2018/07/09 17:13:31 Failed to create "/dev/disk/by-uuid/e322326e-0b2a-4c2c-b324-194059642752": symlink ../../sda1 /dev/disk/by-uuid/e322326e-0b2a-4c2c-b324-194059642752: file exists
[STDERR  ] 2018-07-09T17:13:45.354874550Z: 2018/07/09 17:13:31 Failed to create "/dev/disk/by-uuid/dc1117bf-d9bd-491c-ad22-848b2ad725ff": symlink ../../sdb1 /dev/disk/by-uuid/dc1117bf-d9bd-491c-ad22-848b2ad725ff: file exists
[STDERR  ] 2018-07-09T17:13:45.354887693Z: format_mount test suite PASSED
[STDERR  ] 2018-07-09T17:13:45.354900319Z: [   53.075146] sd 1:0:0:0: [sdb] Synchronizing SCSI cache
[STDERR  ] 2018-07-09T17:13:45.354913487Z: [   53.076309] sd 1:0:0:0: [sdb] Stopping disk
[STDERR  ] 2018-07-09T17:13:45.354939822Z: [   53.077025] sd 0:0:0:0: [sda] Synchronizing SCSI cache
[STDERR  ] 2018-07-09T17:13:45.354952697Z: [   53.080245] sd 0:0:0:0: [sda] Stopping disk
[STDERR  ] 2018-07-09T17:13:45.354965206Z: [   53.083905] ACPI: Preparing to enter system sleep state S5
[STDERR  ] 2018-07-09T17:13:45.354983041Z: [   53.088898] reboot: Power down
[STDERR  ] 2018-07-09T17:13:45.354995924Z: + echo c[?7l[2J[0mSeaBIOS (version rel-1.11.1-0-g0551a4be2c-prebuilt.qemu-project.org)
[STDERR  ] 2018-07-09T17:13:45.355008130Z: Machine UUID 0a797fcc-ec95-49cd-a5de-b99c42a59fd4
[STDERR  ] 2018-07-09T17:13:45.355020385Z: 
[STDERR  ] 2018-07-09T17:13:45.355034836Z: 
[STDERR  ] 2018-07-09T17:13:45.355046985Z: iPXE (http://ipxe.org) 00:03.0 C980 PCI2.10 PnP PMM+3FF91230+3FEF1230 C980
[STDERR  ] 2018-07-09T17:13:45.355062458Z: Press Ctrl-B to configure iPXE (PCI 00:03.0)...                                                                               
[STDERR  ] 2018-07-09T17:13:45.355075687Z: 
[STDERR  ] 2018-07-09T17:13:45.355088031Z: 
[STDERR  ] 2018-07-09T17:13:45.355103356Z: Booting from ROM..c[?7l[2J[    0.000000] Linux version 4.14.53-linuxkit (root@bd72a9eaf0e9) (gcc version 6.4.0 (Alpine 6.4.0)) #1 SMP Tue Jul 3 13:29:41 UTC 2018
[STDERR  ] 2018-07-09T17:13:45.355121862Z: [    0.000000] Command line: console=ttyS0 console=ttyAMA0
[STDERR  ] 2018-07-09T17:13:45.355134739Z: [    0.000000] x86/fpu: x87 FPU will use FXSAVE
[STDERR  ] 2018-07-09T17:13:45.355147333Z: [    0.000000] e820: BIOS-provided physical RAM map:
[STDERR  ] 2018-07-09T17:13:45.355158844Z: [    0.000000] BIOS-e820: [mem 0x0000000000000000-0x000000000009fbff] usable
[STDERR  ] 2018-07-09T17:13:45.355171036Z: [    0.000000] BIOS-e820: [mem 0x000000000009fc00-0x000000000009ffff] reserved
[STDERR  ] 2018-07-09T17:13:45.355183224Z: [    0.000000] BIOS-e820: [mem 0x00000000000f0000-0x00000000000fffff] reserved
[STDERR  ] 2018-07-09T17:13:45.355195197Z: [    0.000000] BIOS-e820: [mem 0x0000000000100000-0x000000003ffddfff] usable
[STDERR  ] 2018-07-09T17:13:45.355206741Z: [    0.000000] BIOS-e820: [mem 0x000000003ffde000-0x000000003fffffff] reserved
[STDERR  ] 2018-07-09T17:13:45.355221235Z: [    0.000000] BIOS-e820: [mem 0x00000000b0000000-0x00000000bfffffff] reserved
[STDERR  ] 2018-07-09T17:13:45.355232469Z: [    0.000000] BIOS-e820: [mem 0x00000000fed1c000-0x00000000fed1ffff] reserved
[STDERR  ] 2018-07-09T17:13:45.355244207Z: [    0.000000] BIOS-e820: [mem 0x00000000fffc0000-0x00000000ffffffff] reserved
[STDERR  ] 2018-07-09T17:13:45.355255625Z: [    0.000000] NX (Execute Disable) protection: active
[STDERR  ] 2018-07-09T17:13:45.355268431Z: [    0.000000] SMBIOS 2.8 present.
[STDERR  ] 2018-07-09T17:13:45.355281511Z: [    0.000000] DMI: QEMU Standard PC (Q35 + ICH9, 2009), BIOS rel-1.11.1-0-g0551a4be2c-prebuilt.qemu-project.org 04/01/2014
[STDERR  ] 2018-07-09T17:13:45.355294316Z: [    0.000000] tsc: Fast TSC calibration using PIT
[STDERR  ] 2018-07-09T17:13:45.355306655Z: [    0.000000] e820: last_pfn = 0x3ffde max_arch_pfn = 0x400000000
[STDERR  ] 2018-07-09T17:13:45.355319859Z: [    0.000000] x86/PAT: Configuration [0-7]: WB  WC  UC- UC  WB  WP  UC- WT  
[STDERR  ] 2018-07-09T17:13:45.355337608Z: [    0.000000] found SMP MP-table at [mem 0x000f5b70-0x000f5b7f] mapped at [ffffffffff200b70]
[STDERR  ] 2018-07-09T17:13:45.355351061Z: [    0.000000] RAMDISK: [mem 0x3d474000-0x3ffcffff]
[STDERR  ] 2018-07-09T17:13:45.355366138Z: [    0.000000] ACPI: Early table checksum verification disabled
[STDERR  ] 2018-07-09T17:13:45.355378301Z: [    0.000000] ACPI: RSDP 0x00000000000F5980 000014 (v00 BOCHS )
[STDERR  ] 2018-07-09T17:13:45.355391762Z: [    0.000000] ACPI: RSDT 0x000000003FFE20D6 000034 (v01 BOCHS  BXPCRSDT 00000001 BXPC 00000001)
[STDERR  ] 2018-07-09T17:13:45.355405043Z: [    0.000000] ACPI: FACP 0x000000003FFE1EF6 0000F4 (v03 BOCHS  BXPCFACP 00000001 BXPC 00000001)
[STDERR  ] 2018-07-09T17:13:45.355417563Z: [    0.000000] ACPI: DSDT 0x000000003FFE0040 001EB6 (v01 BOCHS  BXPCDSDT 00000001 BXPC 00000001)
[STDERR  ] 2018-07-09T17:13:45.355436006Z: [    0.000000] ACPI: FACS 0x000000003FFE0000 000040
[STDERR  ] 2018-07-09T17:13:45.355448501Z: [    0.000000] ACPI: APIC 0x000000003FFE1FEA 000078 (v01 BOCHS  BXPCAPIC 00000001 BXPC 00000001)
[STDERR  ] 2018-07-09T17:13:45.355460612Z: [    0.000000] ACPI: HPET 0x000000003FFE2062 000038 (v01 BOCHS  BXPCHPET 00000001 BXPC 00000001)
[STDERR  ] 2018-07-09T17:13:45.355473824Z: [    0.000000] ACPI: MCFG 0x000000003FFE209A 00003C (v01 BOCHS  BXPCMCFG 00000001 BXPC 00000001)
[STDERR  ] 2018-07-09T17:13:45.361477314Z: [    0.000000] Zone ranges:
[STDERR  ] 2018-07-09T17:13:45.361567196Z: [    0.000000]   DMA      [mem 0x0000000000001000-0x0000000000ffffff]
[STDERR  ] 2018-07-09T17:13:45.361597926Z: [    0.000000]   DMA32    [mem 0x0000000001000000-0x000000003ffddfff]
[STDERR  ] 2018-07-09T17:13:45.361625836Z: [    0.000000]   Normal   empty
[STDERR  ] 2018-07-09T17:13:45.361653421Z: [    0.000000]   Device   empty
[STDERR  ] 2018-07-09T17:13:45.361681389Z: [    0.000000] Movable zone start for each node
[STDERR  ] 2018-07-09T17:13:45.361711915Z: [    0.000000] Early memory node ranges
[STDERR  ] 2018-07-09T17:13:45.361749234Z: [    0.000000]   node   0: [mem 0x0000000000001000-0x000000000009efff]
[STDERR  ] 2018-07-09T17:13:45.361778328Z: [    0.000000]   node   0: [mem 0x0000000000100000-0x000000003ffddfff]
[STDERR  ] 2018-07-09T17:13:45.361807311Z: [    0.000000] Initmem setup node 0 [mem 0x0000000000001000-0x000000003ffddfff]
[STDERR  ] 2018-07-09T17:13:45.361835658Z: [    0.000000] ACPI: PM-Timer IO Port: 0x608
[STDERR  ] 2018-07-09T17:13:45.361862352Z: [    0.000000] ACPI: LAPIC_NMI (acpi_id[0xff] dfl dfl lint[0x1])
[STDERR  ] 2018-07-09T17:13:45.361890692Z: [    0.000000] IOAPIC[0]: apic_id 0, version 32, address 0xfec00000, GSI 0-23
[STDERR  ] 2018-07-09T17:13:45.361924931Z: [    0.000000] ACPI: INT_SRC_OVR (bus 0 bus_irq 0 global_irq 2 dfl dfl)
[STDERR  ] 2018-07-09T17:13:45.361951915Z: [    0.000000] ACPI: INT_SRC_OVR (bus 0 bus_irq 5 global_irq 5 high level)
[STDERR  ] 2018-07-09T17:13:45.361980241Z: [    0.000000] ACPI: INT_SRC_OVR (bus 0 bus_irq 9 global_irq 9 high level)
[STDERR  ] 2018-07-09T17:13:45.362024923Z: [    0.000000] ACPI: INT_SRC_OVR (bus 0 bus_irq 10 global_irq 10 high level)
[STDERR  ] 2018-07-09T17:13:45.362052686Z: [    0.000000] ACPI: INT_SRC_OVR (bus 0 bus_irq 11 global_irq 11 high level)
[STDERR  ] 2018-07-09T17:13:45.362080441Z: [    0.000000] Using ACPI (MADT) for SMP configuration information
[STDERR  ] 2018-07-09T17:13:45.362108315Z: [    0.000000] ACPI: HPET id: 0x8086a201 base: 0xfed00000
[STDERR  ] 2018-07-09T17:13:45.362136130Z: [    0.000000] smpboot: Allowing 1 CPUs, 0 hotplug CPUs
[STDERR  ] 2018-07-09T17:13:45.362170978Z: [    0.000000] e820: [mem 0x40000000-0xafffffff] available for PCI devices
[STDERR  ] 2018-07-09T17:13:45.362254344Z: [    0.000000] Booting paravirtualized kernel on bare hardware
[STDERR  ] 2018-07-09T17:13:45.362282967Z: [    0.000000] clocksource: refined-jiffies: mask: 0xffffffff max_cycles: 0xffffffff, max_idle_ns: 19112604462750000 ns
[STDERR  ] 2018-07-09T17:13:45.362310675Z: [    0.000000] random: get_random_bytes called from start_kernel+0x92/0x4c8 with crng_init=0
[STDERR  ] 2018-07-09T17:13:45.362342688Z: [    0.000000] setup_percpu: NR_CPUS:128 nr_cpumask_bits:128 nr_cpu_ids:1 nr_node_ids:1
[STDERR  ] 2018-07-09T17:13:45.362371462Z: [    0.000000] percpu: Embedded 44 pages/cpu @ffff9f833d200000 s143256 r8192 d28776 u2097152
[STDERR  ] 2018-07-09T17:13:45.362399966Z: [    0.000000] Built 1 zonelists, mobility grouping on.  Total pages: 257895
[STDERR  ] 2018-07-09T17:13:45.362429370Z: [    0.000000] Kernel command line: console=ttyS0 console=ttyAMA0
[STDERR  ] 2018-07-09T17:13:45.362466227Z: [    0.000000] PID hash table entries: 4096 (order: 3, 32768 bytes)
[STDERR  ] 2018-07-09T17:13:45.362494361Z: [    0.000000] Dentry cache hash table entries: 131072 (order: 8, 1048576 bytes)
[STDERR  ] 2018-07-09T17:13:45.362526807Z: [    0.000000] Inode-cache hash table entries: 65536 (order: 7, 524288 bytes)
[STDERR  ] 2018-07-09T17:13:45.362555088Z: [    0.000000] Memory: 960388K/1048048K available (12300K kernel code, 1465K rwdata, 2992K rodata, 1512K init, 632K bss, 87660K reserved, 0K cma-reserved)
[STDERR  ] 2018-07-09T17:13:45.362593346Z: [    0.000000] ftrace: allocating 41032 entries in 161 pages
[STDERR  ] 2018-07-09T17:13:45.362621136Z: [    0.000000] Hierarchical RCU implementation.
[STDERR  ] 2018-07-09T17:13:45.362654896Z: [    0.000000] 	RCU restricting CPUs from NR_CPUS=128 to nr_cpu_ids=1.
[STDERR  ] 2018-07-09T17:13:45.362686905Z: [    0.000000] RCU: Adjusting geometry for rcu_fanout_leaf=16, nr_cpu_ids=1
[STDERR  ] 2018-07-09T17:13:45.362724681Z: [    0.000000] NR_IRQS: 8448, nr_irqs: 256, preallocated irqs: 16
[STDERR  ] 2018-07-09T17:13:45.362759593Z: [    0.000000] Console: colour VGA+ 80x25
[STDERR  ] 2018-07-09T17:13:45.362786337Z: [    0.000000] console [ttyS0] enabled
[STDERR  ] 2018-07-09T17:13:45.362814594Z: [    0.000000] clocksource: hpet: mask: 0xffffffff max_cycles: 0xffffffff, max_idle_ns: 19112604467 ns
[STDERR  ] 2018-07-09T17:13:45.362851142Z: [    0.010000] tsc: Fast TSC calibration using PIT
[STDERR  ] 2018-07-09T17:13:45.362882608Z: [    0.010000] tsc: Detected 2599.869 MHz processor
[STDERR  ] 2018-07-09T17:13:45.362915999Z: [    0.020693] Calibrating delay loop (skipped), value calculated using timer frequency.. 5199.73 BogoMIPS (lpj=25998690)
[STDERR  ] 2018-07-09T17:13:45.362947144Z: [    0.021208] pid_max: default: 32768 minimum: 301
[STDERR  ] 2018-07-09T17:13:45.362992893Z: [    0.022025] ACPI: Core revision 20170728
[STDERR  ] 2018-07-09T17:13:45.363023496Z: [    0.048723] ACPI: 1 ACPI AML tables successfully acquired and loaded
[STDERR  ] 2018-07-09T17:13:45.363050407Z: [    0.051014] Security Framework initialized
[STDERR  ] 2018-07-09T17:13:45.363086512Z: [    0.051472] Yama: becoming mindful.
[STDERR  ] 2018-07-09T17:13:45.363113921Z: [    0.054136] Mount-cache hash table entries: 2048 (order: 2, 16384 bytes)
[STDERR  ] 2018-07-09T17:13:45.363140941Z: [    0.054401] Mountpoint-cache hash table entries: 2048 (order: 2, 16384 bytes)
[STDERR  ] 2018-07-09T17:13:45.363172614Z: [    0.072252] Last level iTLB entries: 4KB 0, 2MB 0, 4MB 0
[STDERR  ] 2018-07-09T17:13:45.363208253Z: [    0.072453] Last level dTLB entries: 4KB 0, 2MB 0, 4MB 0, 1GB 0
[STDERR  ] 2018-07-09T17:13:45.363235484Z: [    0.072796] Spectre V2 : Spectre mitigation: LFENCE not serializing, switching to generic retpoline
[STDERR  ] 2018-07-09T17:13:45.363269981Z: [    0.073157] Spectre V2 : Vulnerable: Minimal generic ASM retpoline
[STDERR  ] 2018-07-09T17:13:45.363319052Z: [    0.073419] Spectre V2 : Spectre v2 mitigation: Filling RSB on context switch
[STDERR  ] 2018-07-09T17:13:45.363358047Z: [    0.073690] Speculative Store Bypass: Vulnerable
