[INFO    ] 2019-06-04T09:38:51.359211656Z: Running Test linuxkit.security.ports in /tmp/build/test/cases/030_security/010_ports
[INFO    ] 2019-06-04T09:38:51.359381487Z: Running command: [/bin/sh -x /tmp/build/test/cases/030_security/010_ports/test.sh]
[STDERR  ] 2019-06-04T09:38:51.360857944Z: + set -e
[STDERR  ] 2019-06-04T09:38:51.360931313Z: + . /tmp/build/test/cases/_lib/lib.sh
[STDERR  ] 2019-06-04T09:38:51.360947958Z: + [ -f src/github.com/linuxkit/rtf/lib/lib.sh ]
[STDERR  ] 2019-06-04T09:38:51.360962797Z: + LINUXKIT_TMPDIR=/tmp/build/test/cases/_tmp
[STDERR  ] 2019-06-04T09:38:51.360976661Z: + [ -f /tmp/build/test/cases/_tmp/env.sh ]
[STDERR  ] 2019-06-04T09:38:51.360990609Z: + . /tmp/build/test/cases/_tmp/env.sh
[STDERR  ] 2019-06-04T09:38:51.361010821Z: + export LINUXKIT_EXAMPLES_DIR=/tmp/build/test/cases/../../examples
[STDERR  ] 2019-06-04T09:38:51.361026317Z: + RT_CANCEL=253
[STDERR  ] 2019-06-04T09:38:51.361040557Z: + NAME=lsof
[STDERR  ] 2019-06-04T09:38:51.361053885Z: + trap clean_up EXIT
[STDERR  ] 2019-06-04T09:38:51.361067691Z: + linuxkit build -format kernel+initrd -name lsof test.yml
[STDERR  ] 2019-06-04T09:38:51.392753007Z: Extract kernel image: linuxkit/kernel:4.19.47
[STDERR  ] 2019-06-04T09:38:53.214626381Z: Add init containers:
[STDERR  ] 2019-06-04T09:38:53.214708245Z: Process init image: linuxkit/init:v0.7
[STDERR  ] 2019-06-04T09:38:54.418489444Z: Process init image: linuxkit/runc:c1f0db27e71d948f3134b31ce76276f843849b0a
[STDERR  ] 2019-06-04T09:38:55.569937812Z: Add onboot containers:
[STDERR  ] 2019-06-04T09:38:55.570014169Z:   Create OCI config for alpine:3.9
[STDERR  ] 2019-06-04T09:38:55.700388016Z:   Create OCI config for linuxkit/poweroff:b498d30dd9660090565537fceb9e757618737a85
[STDERR  ] 2019-06-04T09:38:57.002275353Z: Add files:
[STDERR  ] 2019-06-04T09:38:57.002338603Z:   check.sh
[STDERR  ] 2019-06-04T09:38:57.002877398Z: Create outputs:
[STDERR  ] 2019-06-04T09:39:02.881241434Z:   lsof-kernel lsof-initrd.img lsof-cmdline
[STDERR  ] 2019-06-04T09:39:02.940083024Z: + linuxkit run qemu -kernel lsof
[STDOUT  ] 2019-06-04T09:39:06.223523541Z: [    0.000000] Linux version 4.19.47-linuxkit (root@5990f4b80ed1) (gcc version 8.3.0 (Alpine 8.3.0)) #1 SMP Sat Jun 1 16:59:48 UTC 2019
[STDOUT  ] 2019-06-04T09:39:06.228180182Z: [    0.000000] Command line: console=ttyS0 page_poison=1
[STDOUT  ] 2019-06-04T09:39:06.232095820Z: [    0.000000] x86/fpu: x87 FPU will use FXSAVE
[STDOUT  ] 2019-06-04T09:39:06.235955077Z: [    0.000000] BIOS-provided physical RAM map:
[STDOUT  ] 2019-06-04T09:39:06.242161858Z: [    0.000000] BIOS-e820: [mem 0x0000000000000000-0x000000000009fbff] usable
[STDOUT  ] 2019-06-04T09:39:06.248544318Z: [    0.000000] BIOS-e820: [mem 0x000000000009fc00-0x000000000009ffff] reserved
[STDOUT  ] 2019-06-04T09:39:06.255023404Z: [    0.000000] BIOS-e820: [mem 0x00000000000f0000-0x00000000000fffff] reserved
[STDOUT  ] 2019-06-04T09:39:06.261217293Z: [    0.000000] BIOS-e820: [mem 0x0000000000100000-0x000000003ffdefff] usable
[STDOUT  ] 2019-06-04T09:39:06.267581232Z: [    0.000000] BIOS-e820: [mem 0x000000003ffdf000-0x000000003fffffff] reserved
[STDOUT  ] 2019-06-04T09:39:06.273910255Z: [    0.000000] BIOS-e820: [mem 0x00000000b0000000-0x00000000bfffffff] reserved
[STDOUT  ] 2019-06-04T09:39:06.280434675Z: [    0.000000] BIOS-e820: [mem 0x00000000fed1c000-0x00000000fed1ffff] reserved
[STDOUT  ] 2019-06-04T09:39:06.286755478Z: [    0.000000] BIOS-e820: [mem 0x00000000feffc000-0x00000000feffffff] reserved
[STDOUT  ] 2019-06-04T09:39:06.293130588Z: [    0.000000] BIOS-e820: [mem 0x00000000fffc0000-0x00000000ffffffff] reserved
[STDOUT  ] 2019-06-04T09:39:06.297592209Z: [    0.000000] NX (Execute Disable) protection: active
[STDOUT  ] 2019-06-04T09:39:06.300480790Z: [    0.000000] SMBIOS 2.8 present.
[STDOUT  ] 2019-06-04T09:39:06.307066210Z: [    0.000000] DMI: QEMU Standard PC (Q35 + ICH9, 2009), BIOS 1.10.2-1 04/01/2014
[STDOUT  ] 2019-06-04T09:39:06.310387607Z: [    0.000000] Hypervisor detected: KVM
[STDOUT  ] 2019-06-04T09:39:06.315204337Z: [    0.000000] kvm-clock: Using msrs 4b564d01 and 4b564d00
[STDOUT  ] 2019-06-04T09:39:06.320395521Z: [    0.552899] kvm-clock: cpu 0, msr e81e001, primary cpu clock
[STDOUT  ] 2019-06-04T09:39:06.330062585Z: [    0.552899] clocksource: kvm-clock: mask: 0xffffffffffffffff max_cycles: 0x1cd42e4dffb, max_idle_ns: 881590591483 ns
[STDOUT  ] 2019-06-04T09:39:06.334331757Z: [    0.552912] tsc: Detected 2299.808 MHz processor
[STDOUT  ] 2019-06-04T09:39:06.339308728Z: [    0.556116] last_pfn = 0x3ffdf max_arch_pfn = 0x400000000
[STDOUT  ] 2019-06-04T09:39:06.343517382Z: [    0.556730] x86/PAT: PAT not supported by CPU.
[STDOUT  ] 2019-06-04T09:39:06.349716598Z: [    0.556781] x86/PAT: Configuration [0-7]: WB  WT  UC- UC  WB  WT  UC- UC  
[STDOUT  ] 2019-06-04T09:39:06.354912024Z: [    0.567304] found SMP MP-table at [mem 0x000f6a90-0x000f6a9f]
[STDOUT  ] 2019-06-04T09:39:06.359126752Z: [    0.567612] RAMDISK: [mem 0x3df62000-0x3ffcffff]
[STDOUT  ] 2019-06-04T09:39:06.364227345Z: [    0.567818] ACPI: Early table checksum verification disabled
[STDOUT  ] 2019-06-04T09:39:06.369386139Z: [    0.567943] ACPI: RSDP 0x00000000000F68D0 000014 (v00 BOCHS )
[STDOUT  ] 2019-06-04T09:39:06.377181079Z: [    0.567953] ACPI: RSDT 0x000000003FFE2404 000034 (v01 BOCHS  BXPCRSDT 00000001 BXPC 00000001)
[STDOUT  ] 2019-06-04T09:39:06.384772212Z: [    0.567969] ACPI: FACP 0x000000003FFE22A4 000074 (v01 BOCHS  BXPCFACP 00000001 BXPC 00000001)
[STDOUT  ] 2019-06-04T09:39:06.392355596Z: [    0.567976] ACPI: DSDT 0x000000003FFE0040 002264 (v01 BOCHS  BXPCDSDT 00000001 BXPC 00000001)
[STDOUT  ] 2019-06-04T09:39:06.396507372Z: [    0.567980] ACPI: FACS 0x000000003FFE0000 000040
[STDOUT  ] 2019-06-04T09:39:06.404071711Z: [    0.567984] ACPI: APIC 0x000000003FFE2318 000078 (v01 BOCHS  BXPCAPIC 00000001 BXPC 00000001)
[STDOUT  ] 2019-06-04T09:39:06.411717243Z: [    0.567988] ACPI: HPET 0x000000003FFE2390 000038 (v01 BOCHS  BXPCHPET 00000001 BXPC 00000001)
[STDOUT  ] 2019-06-04T09:39:06.419330933Z: [    0.567992] ACPI: MCFG 0x000000003FFE23C8 00003C (v01 BOCHS  BXPCMCFG 00000001 BXPC 00000001)
[STDOUT  ] 2019-06-04T09:39:06.421688122Z: [    0.568737] Zone ranges:
[STDOUT  ] 2019-06-04T09:39:06.427243934Z: [    0.568739]   DMA      [mem 0x0000000000001000-0x0000000000ffffff]
[STDOUT  ] 2019-06-04T09:39:06.432697050Z: [    0.568741]   DMA32    [mem 0x0000000001000000-0x000000003ffdefff]
[STDOUT  ] 2019-06-04T09:39:06.435392272Z: [    0.568742]   Normal   empty
[STDOUT  ] 2019-06-04T09:39:06.438157328Z: [    0.568744]   Device   empty
[STDOUT  ] 2019-06-04T09:39:06.442062047Z: [    0.568745] Movable zone start for each node
[STDOUT  ] 2019-06-04T09:39:06.445317832Z: [    0.568746] Early memory node ranges
[STDOUT  ] 2019-06-04T09:39:06.450927548Z: [    0.568747]   node   0: [mem 0x0000000000001000-0x000000000009efff]
[STDOUT  ] 2019-06-04T09:39:06.456547458Z: [    0.568749]   node   0: [mem 0x0000000000100000-0x000000003ffdefff]
[STDOUT  ] 2019-06-04T09:39:06.460710525Z: [    0.569356] Reserved but unavailable: 98 pages
[STDOUT  ] 2019-06-04T09:39:06.467060729Z: [    0.569358] Initmem setup node 0 [mem 0x0000000000001000-0x000000003ffdefff]
[STDOUT  ] 2019-06-04T09:39:06.470736330Z: [    0.580230] ACPI: PM-Timer IO Port: 0x608
[STDOUT  ] 2019-06-04T09:39:06.475924642Z: [    0.580278] ACPI: LAPIC_NMI (acpi_id[0xff] dfl dfl lint[0x1])
[STDOUT  ] 2019-06-04T09:39:06.482096325Z: [    0.580521] IOAPIC[0]: apic_id 0, version 17, address 0xfec00000, GSI 0-23
[STDOUT  ] 2019-06-04T09:39:06.487792774Z: [    0.580525] ACPI: INT_SRC_OVR (bus 0 bus_irq 0 global_irq 2 dfl dfl)
[STDOUT  ] 2019-06-04T09:39:06.493670082Z: [    0.580527] ACPI: INT_SRC_OVR (bus 0 bus_irq 5 global_irq 5 high level)
[STDOUT  ] 2019-06-04T09:39:06.499599643Z: [    0.580528] ACPI: INT_SRC_OVR (bus 0 bus_irq 9 global_irq 9 high level)
[STDOUT  ] 2019-06-04T09:39:06.505821869Z: [    0.580533] ACPI: INT_SRC_OVR (bus 0 bus_irq 10 global_irq 10 high level)
[STDOUT  ] 2019-06-04T09:39:06.512100197Z: [    0.580535] ACPI: INT_SRC_OVR (bus 0 bus_irq 11 global_irq 11 high level)
[STDOUT  ] 2019-06-04T09:39:06.517709561Z: [    0.580579] Using ACPI (MADT) for SMP configuration information
[STDOUT  ] 2019-06-04T09:39:06.522567418Z: [    0.580581] ACPI: HPET id: 0x8086a201 base: 0xfed00000
[STDOUT  ] 2019-06-04T09:39:06.527338135Z: [    0.580613] smpboot: Allowing 1 CPUs, 0 hotplug CPUs
[STDOUT  ] 2019-06-04T09:39:06.533158279Z: [    0.580713] [mem 0x40000000-0xafffffff] available for PCI devices
[STDOUT  ] 2019-06-04T09:39:06.537746755Z: [    0.580715] Booting paravirtualized kernel on KVM
[STDOUT  ] 2019-06-04T09:39:06.547583919Z: [    0.580717] clocksource: refined-jiffies: mask: 0xffffffff max_cycles: 0xffffffff, max_idle_ns: 1910969940391419 ns
[STDOUT  ] 2019-06-04T09:39:06.555516125Z: [    0.681491] random: get_random_bytes called from start_kernel+0x91/0x512 with crng_init=0
[STDOUT  ] 2019-06-04T09:39:06.562815566Z: [    0.681517] setup_percpu: NR_CPUS:128 nr_cpumask_bits:128 nr_cpu_ids:1 nr_node_ids:1
[STDOUT  ] 2019-06-04T09:39:06.568973633Z: [    0.682357] percpu: Embedded 45 pages/cpu s145112 r8192 d31016 u2097152
[STDOUT  ] 2019-06-04T09:39:06.572542563Z: [    0.682519] KVM setup async PF for cpu 0
[STDOUT  ] 2019-06-04T09:39:06.576535515Z: [    0.682601] kvm-stealtime: cpu 0, msr 3ca15e80
[STDOUT  ] 2019-06-04T09:39:06.582598957Z: [    0.682636] Built 1 zonelists, mobility grouping on.  Total pages: 257896
[STDOUT  ] 2019-06-04T09:39:06.587683957Z: [    0.682641] Kernel command line: console=ttyS0 page_poison=1
[STDOUT  ] 2019-06-04T09:39:06.594065166Z: [    0.682945] Dentry cache hash table entries: 131072 (order: 8, 1048576 bytes)
[STDOUT  ] 2019-06-04T09:39:06.600458855Z: [    0.683490] Inode-cache hash table entries: 65536 (order: 7, 524288 bytes)
[STDOUT  ] 2019-06-04T09:39:06.612628827Z: [    3.122546] Memory: 969284K/1048052K available (12300K kernel code, 1583K rwdata, 3012K rodata, 1588K init, 2020K bss, 78768K reserved, 0K cma-reserved)
[STDOUT  ] 2019-06-04T09:39:06.617214584Z: [    3.122614] Kernel/User page tables isolation: enabled
[STDOUT  ] 2019-06-04T09:39:06.622060866Z: [    3.122698] ftrace: allocating 43122 entries in 169 pages
[STDOUT  ] 2019-06-04T09:39:06.626301295Z: [    3.141754] rcu: Hierarchical RCU implementation.
[STDOUT  ] 2019-06-04T09:39:06.632512081Z: [    3.141758] rcu: 	RCU restricting CPUs from NR_CPUS=128 to nr_cpu_ids=1.
[STDOUT  ] 2019-06-04T09:39:06.639729821Z: [    3.141759] rcu: Adjusting geometry for rcu_fanout_leaf=16, nr_cpu_ids=1
[STDOUT  ] 2019-06-04T09:39:06.645510453Z: [    3.144408] NR_IRQS: 8448, nr_irqs: 256, preallocated irqs: 16
[STDOUT  ] 2019-06-04T09:39:06.649021366Z: [    3.170594] Console: colour VGA+ 80x25
[STDOUT  ] 2019-06-04T09:39:06.652307423Z: [    3.607166] console [ttyS0] enabled
[STDOUT  ] 2019-06-04T09:39:06.655977193Z: [    3.610487] ACPI: Core revision 20180810
[STDOUT  ] 2019-06-04T09:39:06.664978492Z: [    3.614923] clocksource: hpet: mask: 0xffffffff max_cycles: 0xffffffff, max_idle_ns: 19112604467 ns
[STDOUT  ] 2019-06-04T09:39:06.670124919Z: [    3.623746] APIC: Switch to symmetric I/O mode setup
[STDOUT  ] 2019-06-04T09:39:06.675055735Z: [    3.630642] x2apic enabled
[STDOUT  ] 2019-06-04T09:39:06.681756720Z: [    3.635365] Switched APIC routing to physical x2apic.
[STDOUT  ] 2019-06-04T09:39:06.697118609Z: [    3.649720] ..TIMER: vector=0x30 apic1=0 pin1=2 apic2=-1 pin2=-1
[STDOUT  ] 2019-06-04T09:39:06.706814360Z: [    3.655475] clocksource: tsc-early: mask: 0xffffffffffffffff max_cycles: 0x21267fbfcb9, max_idle_ns: 440795276746 ns
[STDOUT  ] 2019-06-04T09:39:06.714336917Z: [    3.665047] Calibrating delay loop (skipped) preset value.. 4599.61 BogoMIPS (lpj=2299808)
[STDOUT  ] 2019-06-04T09:39:06.718653750Z: [    3.666069] pid_max: default: 32768 minimum: 301
[STDOUT  ] 2019-06-04T09:39:06.722563315Z: [    3.667136] Security Framework initialized
[STDOUT  ] 2019-06-04T09:39:06.725858957Z: [    3.668033] Yama: becoming mindful.
[STDOUT  ] 2019-06-04T09:39:06.732026428Z: [    3.669086] Mount-cache hash table entries: 2048 (order: 2, 16384 bytes)
[STDOUT  ] 2019-06-04T09:39:06.738578102Z: [    3.670036] Mountpoint-cache hash table entries: 2048 (order: 2, 16384 bytes)
[STDOUT  ] 2019-06-04T09:39:06.753251898Z: [    3.673071] Last level iTLB entries: 4KB 0, 2MB 0, 4MB 0
[STDOUT  ] 2019-06-04T09:39:06.759286135Z: [    3.674034] Last level dTLB entries: 4KB 0, 2MB 0, 4MB 0, 1GB 0
[STDOUT  ] 2019-06-04T09:39:06.764454940Z: [    3.675035] Spectre V2 : Mitigation: Full generic retpoline
[STDOUT  ] 2019-06-04T09:39:06.772060835Z: [    3.676034] Spectre V2 : Spectre v2 / SpectreRSB mitigation: Filling RSB on context switch
[STDOUT  ] 2019-06-04T09:39:06.776304181Z: [    3.677033] Speculative Store Bypass: Vulnerable
[STDOUT  ] 2019-06-04T09:39:06.782193130Z: [    3.678050] MDS: Vulnerable: Clear CPU buffers attempted, no microcode
[STDOUT  ] 2019-06-04T09:39:06.794575857Z: [    3.687950] Freeing SMP alternatives memory: 20K
[STDOUT  ] 2019-06-04T09:39:06.905347506Z: [    3.689026] smpboot: CPU0: Intel QEMU Virtual CPU version 2.5+ (family: 0x6, model: 0x6, stepping: 0x3)
[STDOUT  ] 2019-06-04T09:39:06.923845519Z: [    3.689211] Performance Events: PMU not available due to virtualization, using software events only.
[STDOUT  ] 2019-06-04T09:39:06.928544071Z: [    3.691333] rcu: Hierarchical SRCU implementation.
[STDOUT  ] 2019-06-04T09:39:06.934249382Z: [    3.692196] NMI watchdog: Perf NMI watchdog permanently disabled
[STDOUT  ] 2019-06-04T09:39:06.938544705Z: [    3.693129] smp: Bringing up secondary CPUs ...
[STDOUT  ] 2019-06-04T09:39:06.942287069Z: [    3.694034] smp: Brought up 1 node, 1 CPU
[STDOUT  ] 2019-06-04T09:39:06.946247148Z: [    3.695031] smpboot: Max logical packages: 1
[STDOUT  ] 2019-06-04T09:39:06.952442284Z: [    3.696033] smpboot: Total of 1 processors activated (4599.61 BogoMIPS)
[STDOUT  ] 2019-06-04T09:39:06.956467184Z: [    3.698243] devtmpfs: initialized
[STDOUT  ] 2019-06-04T09:39:06.960546567Z: [    3.699114] x86/mm: Memory block size: 128MB
[STDOUT  ] 2019-06-04T09:39:06.969806534Z: [    3.701234] clocksource: jiffies: mask: 0xffffffff max_cycles: 0xffffffff, max_idle_ns: 1911260446275000 ns
[STDOUT  ] 2019-06-04T09:39:06.975420899Z: [    3.702042] futex hash table entries: 256 (order: 2, 16384 bytes)
[STDOUT  ] 2019-06-04T09:39:06.979873251Z: [    3.703322] NET: Registered protocol family 16
[STDOUT  ] 2019-06-04T09:39:06.985030965Z: [    3.704201] audit: initializing netlink subsys (disabled)
[STDOUT  ] 2019-06-04T09:39:06.989042979Z: [    3.705217] cpuidle: using governor ladder
[STDOUT  ] 2019-06-04T09:39:06.992702842Z: [    3.706037] cpuidle: using governor menu
[STDOUT  ] 2019-06-04T09:39:07.000613366Z: [    3.708038] audit: type=2000 audit(1559641146.242:1): state=initialized audit_enabled=0 res=1
[STDOUT  ] 2019-06-04T09:39:07.004587600Z: [    3.710060] ACPI: bus type PCI registered
[STDOUT  ] 2019-06-04T09:39:07.010541454Z: [    3.711033] acpiphp: ACPI Hot Plug PCI Controller Driver version: 0.5
[STDOUT  ] 2019-06-04T09:39:07.019681717Z: [    3.713304] PCI: MMCONFIG for domain 0000 [bus 00-ff] at [mem 0xb0000000-0xbfffffff] (base 0xb0000000)
[STDOUT  ] 2019-06-04T09:39:07.025956515Z: [    3.714043] PCI: MMCONFIG at [mem 0xb0000000-0xbfffffff] reserved in E820
[STDOUT  ] 2019-06-04T09:39:07.031123244Z: [    3.715052] PCI: Using configuration type 1 for base access
[STDOUT  ] 2019-06-04T09:39:07.039159947Z: [    3.718243] HugeTLB registered 2.00 MiB page size, pre-allocated 0 pages
[STDOUT  ] 2019-06-04T09:39:07.043832539Z: [    3.720058] cryptd: max_cpu_qlen set to 1000
[STDOUT  ] 2019-06-04T09:39:07.047880554Z: [    3.721202] ACPI: Added _OSI(Module Device)
[STDOUT  ] 2019-06-04T09:39:07.051983792Z: [    3.722034] ACPI: Added _OSI(Processor Device)
[STDOUT  ] 2019-06-04T09:39:07.056389561Z: [    3.723034] ACPI: Added _OSI(3.0 _SCP Extensions)
[STDOUT  ] 2019-06-04T09:39:07.061348519Z: [    3.724033] ACPI: Added _OSI(Processor Aggregator Device)
[STDOUT  ] 2019-06-04T09:39:07.065478663Z: [    3.725049] ACPI: Added _OSI(Linux-Dell-Video)
[STDOUT  ] 2019-06-04T09:39:07.070425131Z: [    3.726033] ACPI: Added _OSI(Linux-Lenovo-NV-HDMI-Audio)
[STDOUT  ] 2019-06-04T09:39:07.077565704Z: [    3.728977] ACPI: 1 ACPI AML tables successfully acquired and loaded
[STDOUT  ] 2019-06-04T09:39:07.083931676Z: [    3.732204] ACPI: Interpreter enabled
[STDOUT  ] 2019-06-04T09:39:07.087168633Z: [    3.733046] ACPI: (supports S0 S5)
[STDOUT  ] 2019-06-04T09:39:07.091960491Z: [    3.734035] ACPI: Using IOAPIC for interrupt routing
[STDOUT  ] 2019-06-04T09:39:07.100946036Z: [    3.735101] PCI: Using host bridge windows from ACPI; if necessary, use "pci=nocrs" and report a bug
[STDOUT  ] 2019-06-04T09:39:07.105105774Z: [    3.736301] ACPI: Enabled 2 GPEs in block 00 to 3F
[STDOUT  ] 2019-06-04T09:39:07.114272403Z: [    3.740879] ACPI: PCI Root Bridge [PCI0] (domain 0000 [bus 00-ff])
[STDOUT  ] 2019-06-04T09:39:07.121711951Z: [    3.741048] acpi PNP0A08:00: _OSC: OS supports [ExtendedConfig ASPM ClockPM Segments MSI]
[STDOUT  ] 2019-06-04T09:39:07.128541050Z: [    3.743166] acpi PNP0A08:00: _OSC: platform does not support [SHPCHotplug LTR]
[STDOUT  ] 2019-06-04T09:39:07.135703574Z: [    3.744152] acpi PNP0A08:00: _OSC: OS now controls [PCIeHotplug PME PCIeCapability]
[STDOUT  ] 2019-06-04T09:39:07.139935980Z: [    3.746394] PCI host bridge to bus 0000:00
[STDOUT  ] 2019-06-04T09:39:07.146272377Z: [    3.747039] pci_bus 0000:00: root bus resource [io  0x0000-0x0cf7 window]
[STDOUT  ] 2019-06-04T09:39:07.152497230Z: [    3.748043] pci_bus 0000:00: root bus resource [io  0x0d00-0xffff window]
[STDOUT  ] 2019-06-04T09:39:07.159384865Z: [    3.749043] pci_bus 0000:00: root bus resource [mem 0x000a0000-0x000bffff window]
[STDOUT  ] 2019-06-04T09:39:07.166163190Z: [    3.750039] pci_bus 0000:00: root bus resource [mem 0xc0000000-0xfebfffff window]
[STDOUT  ] 2019-06-04T09:39:07.171397332Z: [    3.751039] pci_bus 0000:00: root bus resource [bus 00-ff]
[STDOUT  ] 2019-06-04T09:39:07.255969768Z: [    3.822033] pci 0000:00:1f.0: quirk: [io  0x0600-0x067f] claimed by ICH6 ACPI/GPIO/TCO
[STDOUT  ] 2019-06-04T09:39:07.287921964Z: [    3.850046] ACPI: PCI Interrupt Link [LNKA] (IRQs 5 *10 11)
[STDOUT  ] 2019-06-04T09:39:07.293452814Z: [    3.851382] ACPI: PCI Interrupt Link [LNKB] (IRQs 5 *10 11)
[STDOUT  ] 2019-06-04T09:39:07.298967551Z: [    3.853118] ACPI: PCI Interrupt Link [LNKC] (IRQs 5 10 *11)
[STDOUT  ] 2019-06-04T09:39:07.304337783Z: [    3.854335] ACPI: PCI Interrupt Link [LNKD] (IRQs 5 10 *11)
[STDOUT  ] 2019-06-04T09:39:07.309731621Z: [    3.855339] ACPI: PCI Interrupt Link [LNKE] (IRQs 5 *10 11)
[STDOUT  ] 2019-06-04T09:39:07.315218184Z: [    3.857317] ACPI: PCI Interrupt Link [LNKF] (IRQs 5 *10 11)
[STDOUT  ] 2019-06-04T09:39:07.320658894Z: [    3.858335] ACPI: PCI Interrupt Link [LNKG] (IRQs 5 10 *11)
[STDOUT  ] 2019-06-04T09:39:07.326097349Z: [    3.860250] ACPI: PCI Interrupt Link [LNKH] (IRQs 5 10 *11)
[STDOUT  ] 2019-06-04T09:39:07.331066277Z: [    3.861200] ACPI: PCI Interrupt Link [GSIA] (IRQs *16)
[STDOUT  ] 2019-06-04T09:39:07.335962930Z: [    3.862061] ACPI: PCI Interrupt Link [GSIB] (IRQs *17)
[STDOUT  ] 2019-06-04T09:39:07.340811541Z: [    3.863062] ACPI: PCI Interrupt Link [GSIC] (IRQs *18)
[STDOUT  ] 2019-06-04T09:39:07.345570369Z: [    3.864070] ACPI: PCI Interrupt Link [GSID] (IRQs *19)
[STDOUT  ] 2019-06-04T09:39:07.350302861Z: [    3.865060] ACPI: PCI Interrupt Link [GSIE] (IRQs *20)
[STDOUT  ] 2019-06-04T09:39:07.355026380Z: [    3.866056] ACPI: PCI Interrupt Link [GSIF] (IRQs *21)
[STDOUT  ] 2019-06-04T09:39:07.359725980Z: [    3.867055] ACPI: PCI Interrupt Link [GSIG] (IRQs *22)
[STDOUT  ] 2019-06-04T09:39:07.364382915Z: [    3.869038] ACPI: PCI Interrupt Link [GSIH] (IRQs *23)
[STDOUT  ] 2019-06-04T09:39:07.368443471Z: [    3.871105] SCSI subsystem initialized
[STDOUT  ] 2019-06-04T09:39:07.372174304Z: [    3.872136] ACPI: bus type USB registered
[STDOUT  ] 2019-06-04T09:39:07.377115027Z: [    3.873070] usbcore: registered new interface driver usbfs
[STDOUT  ] 2019-06-04T09:39:07.381871856Z: [    3.874059] usbcore: registered new interface driver hub
[STDOUT  ] 2019-06-04T09:39:07.386608145Z: [    3.875068] usbcore: registered new device driver usb
[STDOUT  ] 2019-06-04T09:39:07.391185331Z: [    3.876077] pps_core: LinuxPPS API ver. 1 registered
[STDOUT  ] 2019-06-04T09:39:07.399429684Z: [    3.877034] pps_core: Software ver. 5.3.6 - Copyright 2005-2007 Rodolfo Giometti <giometti@linux.it>
[STDOUT  ] 2019-06-04T09:39:07.403104857Z: [    3.878051] PTP clock support registered
[STDOUT  ] 2019-06-04T09:39:07.407105366Z: [    3.879136] PCI: Using ACPI for IRQ routing
[STDOUT  ] 2019-06-04T09:39:07.862597070Z: [    4.325613] NetLabel: Initializing
[STDOUT  ] 2019-06-04T09:39:07.866658704Z: [    4.326034] NetLabel:  domain hash size = 128
[STDOUT  ] 2019-06-04T09:39:07.871894293Z: [    4.327034] NetLabel:  protocols = UNLABELED CIPSOv4 CALIPSO
[STDOUT  ] 2019-06-04T09:39:07.877141057Z: [    4.328074] NetLabel:  unlabeled traffic allowed by default
[STDOUT  ] 2019-06-04T09:39:07.883795403Z: [    4.329235] HPET: 3 timers in total, 0 timers will be used for per-cpu timer
[STDOUT  ] 2019-06-04T09:39:07.888367526Z: [    4.330156] hpet0: at MMIO 0xfed00000, IRQs 2, 8, 0
[STDOUT  ] 2019-06-04T09:39:07.893857678Z: [    4.331036] hpet0: 3 comparators, 64-bit 100.000000 MHz counter
[STDOUT  ] 2019-06-04T09:39:07.902581884Z: [    4.335074] clocksource: Switched to clocksource kvm-clock
[STDOUT  ] 2019-06-04T09:39:07.926580840Z: [    4.360425] VFS: Disk quotas dquot_6.6.0
[STDOUT  ] 2019-06-04T09:39:07.932867866Z: [    4.364237] VFS: Dquot-cache hash table entries: 512 (order 0, 4096 bytes)
[STDOUT  ] 2019-06-04T09:39:07.935724927Z: [    4.370586] FS-Cache: Loaded
[STDOUT  ] 2019-06-04T09:39:07.938728757Z: [    4.373432] CacheFiles: Loaded
[STDOUT  ] 2019-06-04T09:39:07.941619770Z: [    4.376357] pnp: PnP ACPI init
[STDOUT  ] 2019-06-04T09:39:07.946594283Z: [    4.380403] pnp: PnP ACPI: found 5 devices
[STDOUT  ] 2019-06-04T09:39:07.960826663Z: [    4.390405] clocksource: acpi_pm: mask: 0xffffff max_cycles: 0xffffff, max_idle_ns: 2085701024 ns
[STDOUT  ] 2019-06-04T09:39:07.964901864Z: [    4.398523] NET: Registered protocol family 2
[STDOUT  ] 2019-06-04T09:39:07.972291421Z: [    4.402967] tcp_listen_portaddr_hash hash table entries: 512 (order: 1, 8192 bytes)
[STDOUT  ] 2019-06-04T09:39:07.978940428Z: [    4.409936] TCP established hash table entries: 8192 (order: 4, 65536 bytes)
[STDOUT  ] 2019-06-04T09:39:07.985002258Z: [    4.416599] TCP bind hash table entries: 8192 (order: 5, 131072 bytes)
[STDOUT  ] 2019-06-04T09:39:07.990835594Z: [    4.422633] TCP: Hash tables configured (established 8192 bind 8192)
[STDOUT  ] 2019-06-04T09:39:07.996333074Z: [    4.428499] UDP hash table entries: 512 (order: 2, 16384 bytes)
[STDOUT  ] 2019-06-04T09:39:08.002119176Z: [    4.433940] UDP-Lite hash table entries: 512 (order: 2, 16384 bytes)
[STDOUT  ] 2019-06-04T09:39:08.006264022Z: [    4.439853] NET: Registered protocol family 1
[STDOUT  ] 2019-06-04T09:39:08.010397575Z: [    4.443895] NET: Registered protocol family 44
[STDOUT  ] 2019-06-04T09:39:08.018289943Z: [    4.448325] pci 0000:00:01.0: Video device with shadowed ROM at [mem 0x000c0000-0x000dffff]
[STDOUT  ] 2019-06-04T09:39:08.023692802Z: [    4.456365] Trying to unpack rootfs image as initramfs...
[STDOUT  ] 2019-06-04T09:39:08.601856962Z: [    5.035641] Freeing initrd memory: 33208K
[STDOUT  ] 2019-06-04T09:39:08.610994608Z: [    5.039622] clocksource: tsc: mask: 0xffffffffffffffff max_cycles: 0x21267fbfcb9, max_idle_ns: 440795276746 ns
[STDOUT  ] 2019-06-04T09:39:08.616802485Z: [    5.049597] PCLMULQDQ-NI instructions are not detected.
[STDOUT  ] 2019-06-04T09:39:08.621907632Z: [    5.054499] AVX or AES-NI instructions are not detected.
[STDOUT  ] 2019-06-04T09:39:08.626980839Z: [    5.059553] CPU feature 'AVX registers' is not supported.
[STDOUT  ] 2019-06-04T09:39:08.631937583Z: [    5.064572] CPU feature 'AVX registers' is not supported.
[STDOUT  ] 2019-06-04T09:39:08.636981285Z: [    5.069552] CPU feature 'AVX registers' is not supported.
[STDOUT  ] 2019-06-04T09:39:08.641908207Z: [    5.074567] CPU feature 'AVX registers' is not supported.
[STDOUT  ] 2019-06-04T09:39:08.646892306Z: [    5.079519] AVX2 or AES-NI instructions are not detected.
[STDOUT  ] 2019-06-04T09:39:08.651056515Z: [    5.084505] AVX2 instructions are not detected.
[STDOUT  ] 2019-06-04T09:39:08.657616873Z: [    5.089342] workingset: timestamp_bits=46 max_order=18 bucket_order=0
[STDOUT  ] 2019-06-04T09:39:08.663414416Z: [    5.095626] squashfs: version 4.0 (2009/01/31) Phillip Lougher
[STDOUT  ] 2019-06-04T09:39:08.668524787Z: [    5.101181] FS-Cache: Netfs 'cifs' registered for caching
[STDOUT  ] 2019-06-04T09:39:08.672247778Z: [    5.106193] fuse init (API version 7.27)
[STDOUT  ] 2019-06-04T09:39:08.678215402Z: [    5.109974] SGI XFS with ACLs, security attributes, no debug enabled
[STDOUT  ] 2019-06-04T09:39:08.683637928Z: [    5.116094] 9p: Installing v9fs 9p2000 file system support
[STDOUT  ] 2019-06-04T09:39:08.688491757Z: [    5.121291] FS-Cache: Netfs '9p' registered for caching
[STDOUT  ] 2019-06-04T09:39:08.694020203Z: [    5.127444] NET: Registered protocol family 38
[STDOUT  ] 2019-06-04T09:39:08.697941668Z: [    5.131649] Key type asymmetric registered
[STDOUT  ] 2019-06-04T09:39:08.702551201Z: [    5.135678] Asymmetric key parser 'x509' registered
[STDOUT  ] 2019-06-04T09:39:08.709330754Z: [    5.140204] Block layer SCSI generic (bsg) driver version 0.4 loaded (major 247)
[STDOUT  ] 2019-06-04T09:39:08.713066034Z: [    5.147005] io scheduler noop registered
[STDOUT  ] 2019-06-04T09:39:08.717806654Z: [    5.150683] io scheduler deadline registered (default)
[STDOUT  ] 2019-06-04T09:39:08.721428394Z: [    5.155465] io scheduler cfq registered
[STDOUT  ] 2019-06-04T09:39:08.726428175Z: [    5.159068] io scheduler mq-deadline registered (default)
[STDOUT  ] 2019-06-04T09:39:08.730157393Z: [    5.164059] io scheduler kyber registered
[STDOUT  ] 2019-06-04T09:39:08.736430407Z: [    5.167910] shpchp: Standard Hot Plug PCI Controller Driver version: 0.4
[STDOUT  ] 2019-06-04T09:39:08.740977664Z: [    5.174154] hv_vmbus: registering driver hyperv_fb
[STDOUT  ] 2019-06-04T09:39:08.748044504Z: [    5.178685] input: Power Button as /devices/LNXSYSTM:00/LNXPWRBN:00/input/input0
[STDOUT  ] 2019-06-04T09:39:08.751495650Z: [    5.185666] ACPI: Power Button [PWRF]
[STDOUT  ] 2019-06-04T09:39:08.757049565Z: [    5.189854] PCI Interrupt Link [GSIG] enabled at IRQ 22
[STDOUT  ] 2019-06-04T09:39:08.767778420Z: [    5.200485] PCI Interrupt Link [GSIH] enabled at IRQ 23
[STDOUT  ] 2019-06-04T09:39:08.779361589Z: [    5.211142] Serial: 8250/16550 driver, 4 ports, IRQ sharing disabled
[STDOUT  ] 2019-06-04T09:39:08.819856671Z: [    5.250805] 00:04: ttyS0 at I/O 0x3f8 (irq = 4, base_baud = 115200) is a 16550A
[STDOUT  ] 2019-06-04T09:39:08.825066077Z: [    5.258456] Non-volatile memory driver v1.3
[STDOUT  ] 2019-06-04T09:39:08.834857229Z: [    5.264321] Hangcheck: starting hangcheck timer 0.9.1 (tick is 180 seconds, margin is 60 seconds).
[STDOUT  ] 2019-06-04T09:39:08.838298910Z: [    5.272709] random: fast init done
[STDOUT  ] 2019-06-04T09:39:08.842422090Z: [    5.276827] random: crng init done
[STDOUT  ] 2019-06-04T09:39:08.846707262Z: [    5.281359] brd: module loaded
[STDOUT  ] 2019-06-04T09:39:08.851902170Z: [    5.286532] loop: module loaded
[STDOUT  ] 2019-06-04T09:39:08.860837709Z: [    5.292849] lpc_ich 0000:00:1f.0: I/O space for GPIO uninitialized
[STDOUT  ] 2019-06-04T09:39:08.865474413Z: [    5.298550] VMware PVSCSI driver - version 1.0.7.0-k
[STDOUT  ] 2019-06-04T09:39:08.869982892Z: [    5.303109] hv_vmbus: registering driver hv_storvsc
[STDOUT  ] 2019-06-04T09:39:08.875600461Z: [    5.308265] PCI Interrupt Link [GSIA] enabled at IRQ 16
[STDOUT  ] 2019-06-04T09:39:08.886540414Z: [    5.316606] ahci 0000:00:1f.2: AHCI 0001.0000 32 slots 6 ports 1.5 Gbps 0x3f impl SATA mode
[STDOUT  ] 2019-06-04T09:39:08.891178126Z: [    5.324142] ahci 0000:00:1f.2: flags: 64bit ncq only 
[STDOUT  ] 2019-06-04T09:39:08.897625781Z: [    5.332496] scsi host0: ahci
[STDOUT  ] 2019-06-04T09:39:08.900475825Z: [    5.335336] scsi host1: ahci
[STDOUT  ] 2019-06-04T09:39:08.903295570Z: [    5.338164] scsi host2: ahci
[STDOUT  ] 2019-06-04T09:39:08.906075794Z: [    5.340976] scsi host3: ahci
[STDOUT  ] 2019-06-04T09:39:08.908881510Z: [    5.343774] scsi host4: ahci
[STDOUT  ] 2019-06-04T09:39:08.911700403Z: [    5.346583] scsi host5: ahci
[STDOUT  ] 2019-06-04T09:39:08.918414154Z: [    5.349381] ata1: SATA max UDMA/133 abar m4096@0xfebd2000 port 0xfebd2100 irq 24
[STDOUT  ] 2019-06-04T09:39:08.925300000Z: [    5.356107] ata2: SATA max UDMA/133 abar m4096@0xfebd2000 port 0xfebd2180 irq 24
[STDOUT  ] 2019-06-04T09:39:08.932019600Z: [    5.362952] ata3: SATA max UDMA/133 abar m4096@0xfebd2000 port 0xfebd2200 irq 24
[STDOUT  ] 2019-06-04T09:39:08.938745496Z: [    5.369649] ata4: SATA max UDMA/133 abar m4096@0xfebd2000 port 0xfebd2280 irq 24
[STDOUT  ] 2019-06-04T09:39:08.945608283Z: [    5.376521] ata5: SATA max UDMA/133 abar m4096@0xfebd2000 port 0xfebd2300 irq 24
[STDOUT  ] 2019-06-04T09:39:08.952355570Z: [    5.383244] ata6: SATA max UDMA/133 abar m4096@0xfebd2000 port 0xfebd2380 irq 24
[STDOUT  ] 2019-06-04T09:39:08.959343183Z: [    5.392295] tun: Universal TUN/TAP device driver, 1.6
[STDOUT  ] 2019-06-04T09:39:08.970104634Z: [    5.401707] VMware vmxnet3 virtual NIC driver - version 1.4.16.0-k-NAPI
[STDOUT  ] 2019-06-04T09:39:08.974539819Z: [    5.407742] hv_vmbus: registering driver hv_netvsc
[STDOUT  ] 2019-06-04T09:39:08.978448210Z: [    5.412153] Fusion MPT base driver 3.04.20
[STDOUT  ] 2019-06-04T09:39:08.982845159Z: [    5.415917] Copyright (c) 1999-2008 LSI Corporation
[STDOUT  ] 2019-06-04T09:39:08.986967142Z: [    5.420451] Fusion MPT SPI Host driver 3.04.20
[STDOUT  ] 2019-06-04T09:39:08.994234573Z: [    5.424640] i8042: PNP: PS/2 Controller [PNP0303:KBD,PNP0f13:MOU] at 0x60,0x64 irq 1,12
[STDOUT  ] 2019-06-04T09:39:09.002503503Z: [    5.435532] serio: i8042 KBD port at 0x60,0x64 irq 1
[STDOUT  ] 2019-06-04T09:39:09.007318802Z: [    5.440099] serio: i8042 AUX port at 0x60,0x64 irq 12
[STDOUT  ] 2019-06-04T09:39:09.012365544Z: [    5.445099] hv_vmbus: registering driver hyperv_keyboard
[STDOUT  ] 2019-06-04T09:39:09.017513617Z: [    5.450035] mousedev: PS/2 mouse device common for all mice
[STDOUT  ] 2019-06-04T09:39:09.026598530Z: [    5.456421] input: AT Translated Set 2 keyboard as /devices/platform/i8042/serio0/input/input1
[STDOUT  ] 2019-06-04T09:39:09.032644777Z: [    5.464305] input: PC Speaker as /devices/platform/pcspkr/input/input2
[STDOUT  ] 2019-06-04T09:39:09.037898057Z: [    5.471255] rtc_cmos 00:00: RTC can wake from S4
[STDOUT  ] 2019-06-04T09:39:09.044420000Z: [    5.477947] rtc_cmos 00:00: registered as rtc0
[STDOUT  ] 2019-06-04T09:39:09.051299502Z: [    5.482102] rtc_cmos 00:00: alarms up to one day, y3k, 114 bytes nvram, hpet irqs
[STDOUT  ] 2019-06-04T09:39:09.054607085Z: [    5.488913] i2c /dev entries driver
[STDOUT  ] 2019-06-04T09:39:09.062656605Z: [    5.492581] device-mapper: ioctl: 4.39.0-ioctl (2018-04-03) initialised: dm-devel@redhat.com
[STDOUT  ] 2019-06-04T09:39:09.068326281Z: [    5.500762] usbcore: registered new interface driver usbhid
[STDOUT  ] 2019-06-04T09:39:09.072151463Z: [    5.505971] usbhid: USB HID core driver
[STDOUT  ] 2019-06-04T09:39:09.077018009Z: [    5.509836] hv_utils: Registering HyperV Utility Driver
[STDOUT  ] 2019-06-04T09:39:09.081289815Z: [    5.514634] hv_vmbus: registering driver hv_util
[STDOUT  ] 2019-06-04T09:39:09.085771052Z: [    5.518872] hv_vmbus: registering driver hv_balloon
[STDOUT  ] 2019-06-04T09:39:09.089661210Z: [    5.523380] oprofile: using NMI interrupt.
[STDOUT  ] 2019-06-04T09:39:09.092700501Z: [    5.527335] GACT probability on
[STDOUT  ] 2019-06-04T09:39:09.096147746Z: [    5.530326] Mirror/redirect action on
[STDOUT  ] 2019-06-04T09:39:09.099445910Z: [    5.533761] Simple TC action Loaded
[STDOUT  ] 2019-06-04T09:39:09.102072814Z: [    5.537104] u32 classifier
[STDOUT  ] 2019-06-04T09:39:09.105605721Z: [    5.539676]     Performance counters on
[STDOUT  ] 2019-06-04T09:39:09.109028065Z: [    5.543210]     input device check on
[STDOUT  ] 2019-06-04T09:39:09.112259368Z: [    5.546630]     Actions configured
[STDOUT  ] 2019-06-04T09:39:09.116637254Z: [    5.550170] xt_time: kernel timezone is -0000
[STDOUT  ] 2019-06-04T09:39:09.122144182Z: [    5.554247] IPVS: Registered protocols (TCP, UDP, SCTP, AH, ESP)
[STDOUT  ] 2019-06-04T09:39:09.128838162Z: [    5.559764] IPVS: Connection hash table configured (size=4096, memory=64Kbytes)
[STDOUT  ] 2019-06-04T09:39:09.131862464Z: [    5.566555] IPVS: ipvs loaded.
[STDOUT  ] 2019-06-04T09:39:09.136008159Z: [    5.569483] IPVS: [rr] scheduler registered.
[STDOUT  ] 2019-06-04T09:39:09.140114951Z: [    5.573632] IPVS: [wrr] scheduler registered.
[STDOUT  ] 2019-06-04T09:39:09.144080920Z: [    5.577714] IPVS: [lc] scheduler registered.
[STDOUT  ] 2019-06-04T09:39:09.148107231Z: [    5.581690] IPVS: [wlc] scheduler registered.
[STDOUT  ] 2019-06-04T09:39:09.152074777Z: [    5.585713] IPVS: [fo] scheduler registered.
[STDOUT  ] 2019-06-04T09:39:09.156115351Z: [    5.589677] IPVS: [ovf] scheduler registered.
[STDOUT  ] 2019-06-04T09:39:09.160491465Z: [    5.593971] IPVS: [lblc] scheduler registered.
[STDOUT  ] 2019-06-04T09:39:09.164676279Z: [    5.598081] IPVS: [lblcr] scheduler registered.
[STDOUT  ] 2019-06-04T09:39:09.168939247Z: [    5.602587] IPVS: [dh] scheduler registered.
[STDOUT  ] 2019-06-04T09:39:09.172866908Z: [    5.606519] IPVS: [sh] scheduler registered.
[STDOUT  ] 2019-06-04T09:39:09.177072969Z: [    5.610704] IPVS: [mh] scheduler registered.
[STDOUT  ] 2019-06-04T09:39:09.181079763Z: [    5.614655] IPVS: [sed] scheduler registered.
[STDOUT  ] 2019-06-04T09:39:09.185287751Z: [    5.618922] IPVS: [nq] scheduler registered.
[STDOUT  ] 2019-06-04T09:39:09.189934792Z: [    5.622900] IPVS: ftp: loaded support on port[0] = 21
[STDOUT  ] 2019-06-04T09:39:09.195327053Z: [    5.627862] ipip: IPv4 and MPLS over IPv4 tunneling driver
[STDOUT  ] 2019-06-04T09:39:09.200421363Z: [    5.633345] gre: GRE over IPv4 demultiplexor driver
[STDOUT  ] 2019-06-04T09:39:09.206700718Z: [    5.638473] ipt_CLUSTERIP: ClusterIP Version 0.8 loaded successfully
[STDOUT  ] 2019-06-04T09:39:09.211086879Z: [    5.644586] NET: Registered protocol family 10
[STDOUT  ] 2019-06-04T09:39:09.214867176Z: [    5.649029] Segment Routing with IPv6
[STDOUT  ] 2019-06-04T09:39:09.219547729Z: [    5.652992] NET: Registered protocol family 17
[STDOUT  ] 2019-06-04T09:39:09.223310449Z: [    5.657186] Bridge firewalling registered
[STDOUT  ] 2019-06-04T09:39:09.227511697Z: [    5.661250] 8021q: 802.1Q VLAN Support v1.8
[STDOUT  ] 2019-06-04T09:39:09.231512320Z: [    5.665168] 9pnet: Installing 9P2000 support
[STDOUT  ] 2019-06-04T09:39:09.235763083Z: [    5.669369] Key type dns_resolver registered
[STDOUT  ] 2019-06-04T09:39:09.239956568Z: [    5.673453] NET: Registered protocol family 40
[STDOUT  ] 2019-06-04T09:39:09.244176055Z: [    5.677970] registered taskstats version 1
[STDOUT  ] 2019-06-04T09:39:09.256015866Z: [    5.689967] Key type big_key registered
[STDOUT  ] 2019-06-04T09:39:09.263625980Z: [    5.697413] Key type trusted registered
[STDOUT  ] 2019-06-04T09:39:09.270036059Z: [    5.701868] ata3: SATA link up 1.5 Gbps (SStatus 113 SControl 300)
[STDOUT  ] 2019-06-04T09:39:09.276037955Z: [    5.708641] ata2: SATA link down (SStatus 0 SControl 300)
[STDOUT  ] 2019-06-04T09:39:09.281729454Z: [    5.714408] ata1: SATA link down (SStatus 0 SControl 300)
[STDOUT  ] 2019-06-04T09:39:09.287458017Z: [    5.720126] ata6: SATA link down (SStatus 0 SControl 300)
[STDOUT  ] 2019-06-04T09:39:09.293173238Z: [    5.725819] ata5: SATA link down (SStatus 0 SControl 300)
[STDOUT  ] 2019-06-04T09:39:09.298910137Z: [    5.731550] ata4: SATA link down (SStatus 0 SControl 300)
[STDOUT  ] 2019-06-04T09:39:09.306338157Z: [    5.738697] ata3.00: ATAPI: QEMU DVD-ROM, 2.5+, max UDMA/100
[STDOUT  ] 2019-06-04T09:39:09.310229229Z: [    5.743976] ata3.00: applying bridge limits
[STDOUT  ] 2019-06-04T09:39:09.316796499Z: [    5.750360] ata3.00: configured for UDMA/100
[STDOUT  ] 2019-06-04T09:39:09.320941080Z: [    5.754760] Key type encrypted registered
[STDOUT  ] 2019-06-04T09:39:09.326162776Z: [    5.758584] ima: No TPM chip found, activating TPM-bypass!
[STDOUT  ] 2019-06-04T09:39:09.334360617Z: [    5.764618] scsi 2:0:0:0: CD-ROM            QEMU     QEMU DVD-ROM     2.5+ PQ: 0 ANSI: 5
[STDOUT  ] 2019-06-04T09:39:09.339158165Z: [    5.772384] ima: Allocated hash algorithm: sha256
[STDOUT  ] 2019-06-04T09:39:09.352088692Z: [    5.777815] evm: Initialising EVM extended attributes:
[STDOUT  ] 2019-06-04T09:39:09.354892341Z: [    5.789711] evm: security.ima
[STDOUT  ] 2019-06-04T09:39:09.358232327Z: [    5.792499] evm: security.capability
[STDOUT  ] 2019-06-04T09:39:09.361280357Z: [    5.795811] evm: HMAC attrs: 0x1
[STDOUT  ] 2019-06-04T09:39:09.369482697Z: [    5.799739] rtc_cmos 00:00: setting system clock to 2019-06-04 09:39:09 UTC (1559641149)
[STDOUT  ] 2019-06-04T09:39:09.376263590Z: [    5.807175] Unstable clock detected, switching default tracing clock to "global"
[STDOUT  ] 2019-06-04T09:39:09.381548344Z: [    5.807175] If you want to keep using the local clock, then add:
[STDOUT  ] 2019-06-04T09:39:09.384693735Z: [    5.807175]   "trace_clock=local"
[STDOUT  ] 2019-06-04T09:39:09.387991029Z: [    5.807175] on the kernel command line
[STDOUT  ] 2019-06-04T09:39:09.395146288Z: [    5.826462] sr 2:0:0:0: [sr0] scsi3-mmc drive: 4x/4x cd/rw xa/form2 tray
[STDOUT  ] 2019-06-04T09:39:09.399909020Z: [    5.832737] cdrom: Uniform CD-ROM driver Revision: 3.20
[STDOUT  ] 2019-06-04T09:39:09.406850246Z: [    5.839513] sr 2:0:0:0: Attached scsi generic sg0 type 5
[STDOUT  ] 2019-06-04T09:39:09.414345815Z: [    5.847280] Freeing unused kernel image memory: 1588K
[STDOUT  ] 2019-06-04T09:39:09.421026866Z: [    5.853215] Write protecting the kernel read-only data: 18432k
[STDOUT  ] 2019-06-04T09:39:09.426788878Z: [    5.859715] Freeing unused kernel image memory: 2028K
[STDOUT  ] 2019-06-04T09:39:09.431799244Z: [    5.864763] Freeing unused kernel image memory: 1084K
[STDOUT  ] 2019-06-04T09:39:09.435279781Z: [    5.869464] Run /init as init process
[STDOUT  ] 2019-06-04T09:39:09.791530575Z: 
[STDOUT  ] 2019-06-04T09:39:09.793175326Z: Welcome to LinuxKit
[STDOUT  ] 2019-06-04T09:39:09.793692336Z: 
[STDOUT  ] 2019-06-04T09:39:09.796121753Z:                         ##         .
[STDOUT  ] 2019-06-04T09:39:09.798529946Z:                   ## ## ##        ==
[STDOUT  ] 2019-06-04T09:39:09.801067539Z:                ## ## ## ## ##    ===
[STDOUT  ] 2019-06-04T09:39:09.803546502Z:            /"""""""""""""""""\___/ ===
[STDOUT  ] 2019-06-04T09:39:09.806179485Z:           {                       /  ===-
[STDOUT  ] 2019-06-04T09:39:09.808462139Z:            \______ O           __/
[STDOUT  ] 2019-06-04T09:39:09.810538546Z:              \    \         __/
[STDOUT  ] 2019-06-04T09:39:09.812514066Z:               \____\_______/
[STDOUT  ] 2019-06-04T09:39:09.813088768Z: 
[STDOUT  ] 2019-06-04T09:39:09.911528093Z: Error creating 000-test: exit status 1
[STDOUT  ] 2019-06-04T09:39:20.005045667Z: [   16.437484] ACPI: Preparing to enter system sleep state S5
[STDOUT  ] 2019-06-04T09:39:20.008240127Z: [   16.442857] reboot: Power down
[STDERR  ] 2019-06-04T09:39:20.038131198Z: + exit 0
[STDERR  ] 2019-06-04T09:39:20.038196351Z: + clean_up
[STDERR  ] 2019-06-04T09:39:20.038213214Z: + rm -rf lsof-cmdline lsof-initrd.img lsof-kernel lsof-state
[PASS    ] linuxkit.security.ports 28.78s
