[INFO    ] 2018-05-31T21:31:42.891728187Z: Running Test linuxkit.packages.binfmt in /tmp/build/test/cases/040_packages/002_binfmt
[INFO    ] 2018-05-31T21:31:42.891859266Z: Running command: [/bin/sh -x /tmp/build/test/cases/040_packages/002_binfmt/test.sh]
[STDERR  ] 2018-05-31T21:31:42.941006496Z: + set -e
[STDERR  ] 2018-05-31T21:31:42.941115576Z: + . /tmp/build/test/cases/_lib/lib.sh
[STDERR  ] 2018-05-31T21:31:42.941132967Z: + [ -f src/github.com/linuxkit/rtf/lib/lib.sh ]
[STDERR  ] 2018-05-31T21:31:42.941147373Z: + LINUXKIT_TMPDIR=/tmp/build/test/cases/_tmp
[STDERR  ] 2018-05-31T21:31:42.941159446Z: + [ -f /tmp/build/test/cases/_tmp/env.sh ]
[STDERR  ] 2018-05-31T21:31:42.941172834Z: + . /tmp/build/test/cases/_tmp/env.sh
[STDERR  ] 2018-05-31T21:31:42.941184724Z: + export LINUXKIT_EXAMPLES_DIR=/tmp/build/test/cases/../../examples
[STDERR  ] 2018-05-31T21:31:42.941197737Z: + RT_CANCEL=253
[STDERR  ] 2018-05-31T21:31:42.941211919Z: + NAME=binfmt
[STDERR  ] 2018-05-31T21:31:42.941224670Z: + trap clean_up EXIT
[STDERR  ] 2018-05-31T21:31:42.941239129Z: + linuxkit build -format kernel+initrd -name binfmt test.yml
[STDERR  ] 2018-05-31T21:31:43.407214398Z: Extract kernel image: linuxkit/kernel:4.14.43
[STDERR  ] 2018-05-31T21:31:45.344883700Z: Add init containers:
[STDERR  ] 2018-05-31T21:31:45.344932009Z: Process init image: linuxkit/init:v0.4
[STDERR  ] 2018-05-31T21:31:46.609886566Z: Process init image: linuxkit/runc:v0.4
[STDERR  ] 2018-05-31T21:31:47.797871533Z: Add onboot containers:
[STDERR  ] 2018-05-31T21:31:47.797926937Z:   Create OCI config for linuxkit/binfmt:v0.4
[STDERR  ] 2018-05-31T21:31:49.624989330Z:   Create OCI config for alpine:3.7
[STDERR  ] 2018-05-31T21:31:50.956293569Z:   Create OCI config for linuxkit/poweroff:d75d94d9603bde9ab95b914deed0d069d05d8b20
[STDERR  ] 2018-05-31T21:31:52.164629814Z: Add files:
[STDERR  ] 2018-05-31T21:31:52.164700499Z:   check.sh
[STDERR  ] 2018-05-31T21:31:52.191146702Z: Create outputs:
[STDERR  ] 2018-05-31T21:31:57.433120138Z:   binfmt-kernel binfmt-initrd.img binfmt-cmdline
[STDERR  ] 2018-05-31T21:31:57.497133347Z: + linuxkit run binfmt
[STDERR  ] 2018-05-31T21:31:57.519906130Z: Unable to find qemu-system-x86_64 within the $PATH. Using a container
[STDERR  ] 2018-05-31T21:32:24.638299233Z: + RESULT=[    0.000000] Linux version 4.14.43-linuxkit (root@02209db46785) (gcc version 6.4.0 (Alpine 6.4.0)) #1 SMP Thu May 24 12:23:51 UTC 2018
[STDERR  ] 2018-05-31T21:32:24.638362914Z: [    0.000000] Command line: console=ttyS0 console=ttyAMA0
[STDERR  ] 2018-05-31T21:32:24.638388626Z: [    0.000000] x86/fpu: x87 FPU will use FXSAVE
[STDERR  ] 2018-05-31T21:32:24.638402416Z: [    0.000000] e820: BIOS-provided physical RAM map:
[STDERR  ] 2018-05-31T21:32:24.638416223Z: [    0.000000] BIOS-e820: [mem 0x0000000000000000-0x000000000009fbff] usable
[STDERR  ] 2018-05-31T21:32:24.638430373Z: [    0.000000] BIOS-e820: [mem 0x000000000009fc00-0x000000000009ffff] reserved
[STDERR  ] 2018-05-31T21:32:24.638443326Z: [    0.000000] BIOS-e820: [mem 0x00000000000f0000-0x00000000000fffff] reserved
[STDERR  ] 2018-05-31T21:32:24.638456811Z: [    0.000000] BIOS-e820: [mem 0x0000000000100000-0x000000003ffdefff] usable
[STDERR  ] 2018-05-31T21:32:24.638468574Z: [    0.000000] BIOS-e820: [mem 0x000000003ffdf000-0x000000003fffffff] reserved
[STDERR  ] 2018-05-31T21:32:24.638480205Z: [    0.000000] BIOS-e820: [mem 0x00000000b0000000-0x00000000bfffffff] reserved
[STDERR  ] 2018-05-31T21:32:24.638491850Z: [    0.000000] BIOS-e820: [mem 0x00000000fed1c000-0x00000000fed1ffff] reserved
[STDERR  ] 2018-05-31T21:32:24.638503780Z: [    0.000000] BIOS-e820: [mem 0x00000000fffc0000-0x00000000ffffffff] reserved
[STDERR  ] 2018-05-31T21:32:24.638523043Z: [    0.000000] NX (Execute Disable) protection: active
[STDERR  ] 2018-05-31T21:32:24.638549245Z: [    0.000000] SMBIOS 2.8 present.
[STDERR  ] 2018-05-31T21:32:24.638561776Z: [    0.000000] DMI: QEMU Standard PC (Q35 + ICH9, 2009), BIOS rel-1.10.2-0-g5f4c7b1-prebuilt.qemu-project.org 04/01/2014
[STDERR  ] 2018-05-31T21:32:24.638575472Z: [    0.000000] tsc: Fast TSC calibration using PIT
[STDERR  ] 2018-05-31T21:32:24.638592905Z: [    0.000000] e820: last_pfn = 0x3ffdf max_arch_pfn = 0x400000000
[STDERR  ] 2018-05-31T21:32:24.638605113Z: [    0.000000] x86/PAT: Configuration [0-7]: WB  WC  UC- UC  WB  WP  UC- WT  
[STDERR  ] 2018-05-31T21:32:24.638617793Z: [    0.000000] found SMP MP-table at [mem 0x000f6aa0-0x000f6aaf] mapped at [ffffffffff200aa0]
[STDERR  ] 2018-05-31T21:32:24.638631025Z: [    0.000000] RAMDISK: [mem 0x3e0f4000-0x3ffcffff]
[STDERR  ] 2018-05-31T21:32:24.638643448Z: [    0.000000] ACPI: Early table checksum verification disabled
[STDERR  ] 2018-05-31T21:32:24.638658989Z: [    0.000000] ACPI: RSDP 0x00000000000F68B0 000014 (v00 BOCHS )
[STDERR  ] 2018-05-31T21:32:24.638671493Z: [    0.000000] ACPI: RSDT 0x000000003FFE20A8 000034 (v01 BOCHS  BXPCRSDT 00000001 BXPC 00000001)
[STDERR  ] 2018-05-31T21:32:24.638686626Z: [    0.000000] ACPI: FACP 0x000000003FFE1EC8 0000F4 (v03 BOCHS  BXPCFACP 00000001 BXPC 00000001)
[STDERR  ] 2018-05-31T21:32:24.638698653Z: [    0.000000] ACPI: DSDT 0x000000003FFE0040 001E88 (v01 BOCHS  BXPCDSDT 00000001 BXPC 00000001)
[STDERR  ] 2018-05-31T21:32:24.638710730Z: [    0.000000] ACPI: FACS 0x000000003FFE0000 000040
[STDERR  ] 2018-05-31T21:32:24.638722894Z: [    0.000000] ACPI: APIC 0x000000003FFE1FBC 000078 (v01 BOCHS  BXPCAPIC 00000001 BXPC 00000001)
[STDERR  ] 2018-05-31T21:32:24.638734829Z: [    0.000000] ACPI: HPET 0x000000003FFE2034 000038 (v01 BOCHS  BXPCHPET 00000001 BXPC 00000001)
[STDERR  ] 2018-05-31T21:32:24.638746691Z: [    0.000000] ACPI: MCFG 0x000000003FFE206C 00003C (v01 BOCHS  BXPCMCFG 00000001 BXPC 00000001)
[STDERR  ] 2018-05-31T21:32:24.638758454Z: [    0.000000] Zone ranges:
[STDERR  ] 2018-05-31T21:32:24.638770902Z: [    0.000000]   DMA      [mem 0x0000000000001000-0x0000000000ffffff]
[STDERR  ] 2018-05-31T21:32:24.638782519Z: [    0.000000]   DMA32    [mem 0x0000000001000000-0x000000003ffdefff]
[STDERR  ] 2018-05-31T21:32:24.638794083Z: [    0.000000]   Normal   empty
[STDERR  ] 2018-05-31T21:32:24.638809216Z: [    0.000000]   Device   empty
[STDERR  ] 2018-05-31T21:32:24.638821063Z: [    0.000000] Movable zone start for each node
[STDERR  ] 2018-05-31T21:32:24.638832642Z: [    0.000000] Early memory node ranges
[STDERR  ] 2018-05-31T21:32:24.638844661Z: [    0.000000]   node   0: [mem 0x0000000000001000-0x000000000009efff]
[STDERR  ] 2018-05-31T21:32:24.638856423Z: [    0.000000]   node   0: [mem 0x0000000000100000-0x000000003ffdefff]
[STDERR  ] 2018-05-31T21:32:24.638867942Z: [    0.000000] Initmem setup node 0 [mem 0x0000000000001000-0x000000003ffdefff]
[STDERR  ] 2018-05-31T21:32:24.638879816Z: [    0.000000] ACPI: PM-Timer IO Port: 0x608
[STDERR  ] 2018-05-31T21:32:24.638891668Z: [    0.000000] ACPI: LAPIC_NMI (acpi_id[0xff] dfl dfl lint[0x1])
[STDERR  ] 2018-05-31T21:32:24.638904576Z: [    0.000000] IOAPIC[0]: apic_id 0, version 32, address 0xfec00000, GSI 0-23
[STDERR  ] 2018-05-31T21:32:24.638916342Z: [    0.000000] ACPI: INT_SRC_OVR (bus 0 bus_irq 0 global_irq 2 dfl dfl)
[STDERR  ] 2018-05-31T21:32:24.638928028Z: [    0.000000] ACPI: INT_SRC_OVR (bus 0 bus_irq 5 global_irq 5 high level)
[STDERR  ] 2018-05-31T21:32:24.638942255Z: [    0.000000] ACPI: INT_SRC_OVR (bus 0 bus_irq 9 global_irq 9 high level)
[STDERR  ] 2018-05-31T21:32:24.638953934Z: [    0.000000] ACPI: INT_SRC_OVR (bus 0 bus_irq 10 global_irq 10 high level)
[STDERR  ] 2018-05-31T21:32:24.638968401Z: [    0.000000] ACPI: INT_SRC_OVR (bus 0 bus_irq 11 global_irq 11 high level)
[STDERR  ] 2018-05-31T21:32:24.638980178Z: [    0.000000] Using ACPI (MADT) for SMP configuration information
[STDERR  ] 2018-05-31T21:32:24.638991913Z: [    0.000000] ACPI: HPET id: 0x8086a201 base: 0xfed00000
[STDERR  ] 2018-05-31T21:32:24.639003942Z: [    0.000000] smpboot: Allowing 1 CPUs, 0 hotplug CPUs
[STDERR  ] 2018-05-31T21:32:24.639023419Z: [    0.000000] e820: [mem 0x40000000-0xafffffff] available for PCI devices
[STDERR  ] 2018-05-31T21:32:24.639034923Z: [    0.000000] Booting paravirtualized kernel on bare hardware
[STDERR  ] 2018-05-31T21:32:24.639046316Z: [    0.000000] clocksource: refined-jiffies: mask: 0xffffffff max_cycles: 0xffffffff, max_idle_ns: 19112604462750000 ns
[STDERR  ] 2018-05-31T21:32:24.639062063Z: [    0.000000] random: get_random_bytes called from start_kernel+0x92/0x4c8 with crng_init=0
[STDERR  ] 2018-05-31T21:32:24.639073726Z: [    0.000000] setup_percpu: NR_CPUS:128 nr_cpumask_bits:128 nr_cpu_ids:1 nr_node_ids:1
[STDERR  ] 2018-05-31T21:32:24.639084765Z: [    0.000000] percpu: Embedded 44 pages/cpu @ffff8fc67de00000 s143256 r8192 d28776 u2097152
[STDERR  ] 2018-05-31T21:32:24.639096175Z: [    0.000000] Built 1 zonelists, mobility grouping on.  Total pages: 257896
[STDERR  ] 2018-05-31T21:32:24.639107663Z: [    0.000000] Kernel command line: console=ttyS0 console=ttyAMA0
[STDERR  ] 2018-05-31T21:32:24.639119233Z: [    0.000000] PID hash table entries: 4096 (order: 3, 32768 bytes)
[STDERR  ] 2018-05-31T21:32:24.639131592Z: [    0.000000] Dentry cache hash table entries: 131072 (order: 8, 1048576 bytes)
[STDERR  ] 2018-05-31T21:32:24.639143410Z: [    0.000000] Inode-cache hash table entries: 65536 (order: 7, 524288 bytes)
[STDERR  ] 2018-05-31T21:32:24.639156902Z: [    0.000000] Memory: 973192K/1048052K available (12300K kernel code, 1464K rwdata, 2992K rodata, 1516K init, 632K bss, 74860K reserved, 0K cma-reserved)
[STDERR  ] 2018-05-31T21:32:24.639172172Z: [    0.000000] ftrace: allocating 40986 entries in 161 pages
[STDERR  ] 2018-05-31T21:32:24.639184577Z: [    0.000000] Hierarchical RCU implementation.
[STDERR  ] 2018-05-31T21:32:24.639198423Z: [    0.000000] 	RCU restricting CPUs from NR_CPUS=128 to nr_cpu_ids=1.
[STDERR  ] 2018-05-31T21:32:24.639210983Z: [    0.000000] RCU: Adjusting geometry for rcu_fanout_leaf=16, nr_cpu_ids=1
[STDERR  ] 2018-05-31T21:32:24.639223219Z: [    0.000000] NR_IRQS: 8448, nr_irqs: 256, preallocated irqs: 16
[STDERR  ] 2018-05-31T21:32:24.639237318Z: [    0.000000] Console: colour VGA+ 80x25
[STDERR  ] 2018-05-31T21:32:24.639249653Z: [    0.000000] console [ttyS0] enabled
[STDERR  ] 2018-05-31T21:32:24.639262775Z: [    0.000000] clocksource: hpet: mask: 0xffffffff max_cycles: 0xffffffff, max_idle_ns: 19112604467 ns
[STDERR  ] 2018-05-31T21:32:24.639277288Z: [    0.000000] tsc: Fast TSC calibration using PIT
[STDERR  ] 2018-05-31T21:32:24.639290026Z: [    0.000000] tsc: Detected 2600.019 MHz processor
[STDERR  ] 2018-05-31T21:32:24.639303511Z: [    0.001709] Calibrating delay loop (skipped), value calculated using timer frequency.. 5200.03 BogoMIPS (lpj=26000190)
[STDERR  ] 2018-05-31T21:32:24.639314756Z: [    0.002169] pid_max: default: 32768 minimum: 301
[STDERR  ] 2018-05-31T21:32:24.639325285Z: [    0.002862] ACPI: Core revision 20170728
[STDERR  ] 2018-05-31T21:32:24.639336334Z: [    0.034507] ACPI: 1 ACPI AML tables successfully acquired and loaded
[STDERR  ] 2018-05-31T21:32:24.639348025Z: [    0.036378] Security Framework initialized
[STDERR  ] 2018-05-31T21:32:24.639359509Z: [    0.036674] Yama: becoming mindful.
[STDERR  ] 2018-05-31T21:32:24.639378967Z: [    0.039704] Mount-cache hash table entries: 2048 (order: 2, 16384 bytes)
[STDERR  ] 2018-05-31T21:32:24.639391152Z: [    0.040092] Mountpoint-cache hash table entries: 2048 (order: 2, 16384 bytes)
[STDERR  ] 2018-05-31T21:32:24.639405457Z: [    0.056816] Last level iTLB entries: 4KB 0, 2MB 0, 4MB 0
[STDERR  ] 2018-05-31T21:32:24.639418113Z: [    0.057176] Last level dTLB entries: 4KB 0, 2MB 0, 4MB 0, 1GB 0
[STDERR  ] 2018-05-31T21:32:24.639429980Z: [    0.057629] Spectre V2 : Spectre mitigation: LFENCE not serializing, switching to generic retpoline
[STDERR  ] 2018-05-31T21:32:24.639446211Z: [    0.058151] Spectre V2 : Vulnerable: Minimal generic ASM retpoline
[STDERR  ] 2018-05-31T21:32:24.639457841Z: [    0.058536] Spectre V2 : Spectre v2 mitigation: Filling RSB on context switch
[STDERR  ] 2018-05-31T21:32:24.639476715Z: [    0.058947] Speculative Store Bypass: Vulnerable
[STDERR  ] 2018-05-31T21:32:24.639488104Z: [    0.325963] Freeing SMP alternatives memory: 20K
[STDERR  ] 2018-05-31T21:32:24.639499572Z: [    0.345736] smpboot: Max logical packages: 1
[STDERR  ] 2018-05-31T21:32:24.639515193Z: [    0.353366] ..TIMER: vector=0x30 apic1=0 pin1=2 apic2=-1 pin2=-1
[STDERR  ] 2018-05-31T21:32:24.639529392Z: [    0.460000] smpboot: CPU0: AMD QEMU Virtual CPU version 2.5+ (family: 0x6, model: 0x6, stepping: 0x3)
[STDERR  ] 2018-05-31T21:32:24.639541536Z: [    0.460000] Performance Events: PMU not available due to virtualization, using software events only.
[STDERR  ] 2018-05-31T21:32:24.639553662Z: [    0.460549] Hierarchical SRCU implementation.
[STDERR  ] 2018-05-31T21:32:24.639566272Z: [    0.466762] NMI watchdog: Perf event create on CPU 0 failed with -2
[STDERR  ] 2018-05-31T21:32:24.639577761Z: [    0.467175] NMI watchdog: Perf NMI watchdog permanently disabled
[STDERR  ] 2018-05-31T21:32:24.639590111Z: [    0.470363] smp: Bringing up secondary CPUs ...
[STDERR  ] 2018-05-31T21:32:24.639603656Z: [    0.470708] smp: Brought up 1 node, 1 CPU
[STDERR  ] 2018-05-31T21:32:24.639615997Z: [    0.471054] smpboot: Total of 1 processors activated (5200.03 BogoMIPS)
[STDERR  ] 2018-05-31T21:32:24.639628006Z: [    0.485904] devtmpfs: initialized
[STDERR  ] 2018-05-31T21:32:24.639641428Z: [    0.491122] x86/mm: Memory block size: 128MB
[STDERR  ] 2018-05-31T21:32:24.639653145Z: [    0.495845] evm: security.ima
[STDERR  ] 2018-05-31T21:32:24.639666018Z: [    0.496085] evm: security.capability
[STDERR  ] 2018-05-31T21:32:24.639681102Z: [    0.498801] clocksource: jiffies: mask: 0xffffffff max_cycles: 0xffffffff, max_idle_ns: 19112604462750000 ns
[STDERR  ] 2018-05-31T21:32:24.639692579Z: [    0.499418] futex hash table entries: 256 (order: 2, 16384 bytes)
[STDERR  ] 2018-05-31T21:32:24.639704643Z: [    0.508879] NET: Registered protocol family 16
[STDERR  ] 2018-05-31T21:32:24.639715818Z: [    0.514924] cpuidle: using governor ladder
[STDERR  ] 2018-05-31T21:32:24.639733887Z: [    0.515257] cpuidle: using governor menu
[STDERR  ] 2018-05-31T21:32:24.639747172Z: [    0.516678] ACPI: bus type PCI registered
[STDERR  ] 2018-05-31T21:32:24.639758701Z: [    0.519023] PCI: MMCONFIG for domain 0000 [bus 00-ff] at [mem 0xb0000000-0xbfffffff] (base 0xb0000000)
[STDERR  ] 2018-05-31T21:32:24.639771132Z: [    0.519664] PCI: MMCONFIG at [mem 0xb0000000-0xbfffffff] reserved in E820
[STDERR  ] 2018-05-31T21:32:24.639783028Z: [    0.520638] PCI: Using configuration type 1 for base access
[STDERR  ] 2018-05-31T21:32:24.639795055Z: [    0.555691] HugeTLB registered 2.00 MiB page size, pre-allocated 0 pages
[STDERR  ] 2018-05-31T21:32:24.639807459Z: [    0.565894] ACPI: Added _OSI(Module Device)
[STDERR  ] 2018-05-31T21:32:24.639819584Z: [    0.566185] ACPI: Added _OSI(Processor Device)
[STDERR  ] 2018-05-31T21:32:24.639831790Z: [    0.566443] ACPI: Added _OSI(3.0 _SCP Extensions)
[STDERR  ] 2018-05-31T21:32:24.639844224Z: [    0.566651] ACPI: Added _OSI(Processor Aggregator Device)
[STDERR  ] 2018-05-31T21:32:24.639856820Z: [    0.610582] ACPI: Interpreter enabled
[STDERR  ] 2018-05-31T21:32:24.639868297Z: [    0.611381] ACPI: (supports S0 S5)
[STDERR  ] 2018-05-31T21:32:24.639879798Z: [    0.611680] ACPI: Using IOAPIC for interrupt routing
[STDERR  ] 2018-05-31T21:32:24.639891518Z: [    0.613956] PCI: Using host bridge windows from ACPI; if necessary, use "pci=nocrs" and report a bug
[STDERR  ] 2018-05-31T21:32:24.639902957Z: [    0.616729] ACPI: Enabled 1 GPEs in block 00 to 3F
[STDERR  ] 2018-05-31T21:32:24.639915169Z: [    0.659976] ACPI: PCI Root Bridge [PCI0] (domain 0000 [bus 00-ff])
[STDERR  ] 2018-05-31T21:32:24.639925762Z: [    0.661098] acpi PNP0A08:00: _OSC: OS supports [ExtendedConfig ASPM ClockPM Segments MSI]
[STDERR  ] 2018-05-31T21:32:24.639940277Z: [    0.665535] acpi PNP0A08:00: _OSC: OS now controls [PCIeHotplug PME PCIeCapability]
[STDERR  ] 2018-05-31T21:32:24.639952374Z: [    0.668697] PCI host bridge to bus 0000:00
[STDERR  ] 2018-05-31T21:32:24.639969331Z: [    0.669168] pci_bus 0000:00: root bus resource [io  0x0000-0x0cf7 window]
[STDERR  ] 2018-05-31T21:32:24.639980750Z: [    0.669592] pci_bus 0000:00: root bus resource [io  0x0d00-0xffff window]
[STDERR  ] 2018-05-31T21:32:24.639991995Z: [    0.670100] pci_bus 0000:00: root bus resource [mem 0x000a0000-0x000bffff window]
[STDERR  ] 2018-05-31T21:32:24.640006626Z: [    0.670486] pci_bus 0000:00: root bus resource [mem 0xc0000000-0xfebfffff window]
[STDERR  ] 2018-05-31T21:32:24.640019885Z: [    0.670995] pci_bus 0000:00: root bus resource [bus 00-ff]
[STDERR  ] 2018-05-31T21:32:24.640032294Z: [    0.831680] pci 0000:00:1f.0: quirk: [io  0x0600-0x067f] claimed by ICH6 ACPI/GPIO/TCO
[STDERR  ] 2018-05-31T21:32:24.640043463Z: [    0.914929] ACPI: PCI Interrupt Link [LNKA] (IRQs 5 *10 11)
[STDERR  ] 2018-05-31T21:32:24.640055321Z: [    0.916799] ACPI: PCI Interrupt Link [LNKB] (IRQs 5 *10 11)
[STDERR  ] 2018-05-31T21:32:24.640066917Z: [    0.918397] ACPI: PCI Interrupt Link [LNKC] (IRQs 5 10 *11)
[STDERR  ] 2018-05-31T21:32:24.640078587Z: [    0.920809] ACPI: PCI Interrupt Link [LNKD] (IRQs 5 10 *11)
[STDERR  ] 2018-05-31T21:32:24.640092802Z: [    0.922065] ACPI: PCI Interrupt Link [LNKE] (IRQs 5 *10 11)
[STDERR  ] 2018-05-31T21:32:24.640104151Z: [    0.923581] ACPI: PCI Interrupt Link [LNKF] (IRQs 5 *10 11)
[STDERR  ] 2018-05-31T21:32:24.640116328Z: [    0.924745] ACPI: PCI Interrupt Link [LNKG] (IRQs 5 10 *11)
[STDERR  ] 2018-05-31T21:32:24.640127522Z: [    0.926274] ACPI: PCI Interrupt Link [LNKH] (IRQs 5 10 *11)
[STDERR  ] 2018-05-31T21:32:24.640138366Z: [    0.927024] ACPI: PCI Interrupt Link [GSIA] (IRQs *16)
[STDERR  ] 2018-05-31T21:32:24.640149138Z: [    0.927581] ACPI: PCI Interrupt Link [GSIB] (IRQs *17)
[STDERR  ] 2018-05-31T21:32:24.640161374Z: [    0.928103] ACPI: PCI Interrupt Link [GSIC] (IRQs *18)
[STDERR  ] 2018-05-31T21:32:24.640173328Z: [    0.928618] ACPI: PCI Interrupt Link [GSID] (IRQs *19)
[STDERR  ] 2018-05-31T21:32:24.640184573Z: [    0.929155] ACPI: PCI Interrupt Link [GSIE] (IRQs *20)
[STDERR  ] 2018-05-31T21:32:24.640199238Z: [    0.930280] ACPI: PCI Interrupt Link [GSIF] (IRQs *21)
[STDERR  ] 2018-05-31T21:32:24.640210038Z: [    0.930842] ACPI: PCI Interrupt Link [GSIG] (IRQs *22)
[STDERR  ] 2018-05-31T21:32:24.640221871Z: [    0.931351] ACPI: PCI Interrupt Link [GSIH] (IRQs *23)
[STDERR  ] 2018-05-31T21:32:24.640236612Z: [    0.938971] SCSI subsystem initialized
[STDERR  ] 2018-05-31T21:32:24.640248643Z: [    0.941488] ACPI: bus type USB registered
[STDERR  ] 2018-05-31T21:32:24.640259923Z: [    0.942364] usbcore: registered new interface driver usbfs
[STDERR  ] 2018-05-31T21:32:24.640271095Z: [    0.942993] usbcore: registered new interface driver hub
[STDERR  ] 2018-05-31T21:32:24.640281184Z: [    0.943625] usbcore: registered new device driver usb
[STDERR  ] 2018-05-31T21:32:24.640288952Z: [    0.944420] pps_core: LinuxPPS API ver. 1 registered
[STDERR  ] 2018-05-31T21:32:24.640296845Z: [    0.944675] pps_core: Software ver. 5.3.6 - Copyright 2005-2007 Rodolfo Giometti <giometti@linux.it>
[STDERR  ] 2018-05-31T21:32:24.640305667Z: [    0.945265] PTP clock support registered
[STDERR  ] 2018-05-31T21:32:24.640313374Z: [    0.947088] PCI: Using ACPI for IRQ routing
[STDERR  ] 2018-05-31T21:32:24.640321398Z: [    0.959694] NetLabel: Initializing
[STDERR  ] 2018-05-31T21:32:24.640331213Z: [    0.959880] NetLabel:  domain hash size = 128
[STDERR  ] 2018-05-31T21:32:24.640338944Z: [    0.960068] NetLabel:  protocols = UNLABELED CIPSOv4 CALIPSO
[STDERR  ] 2018-05-31T21:32:24.640346683Z: [    0.962140] NetLabel:  unlabeled traffic allowed by default
[STDERR  ] 2018-05-31T21:32:24.640354477Z: [    0.964109] HPET: 3 timers in total, 0 timers will be used for per-cpu timer
[STDERR  ] 2018-05-31T21:32:24.640362452Z: [    0.964772] hpet0: at MMIO 0xfed00000, IRQs 2, 8, 0
[STDERR  ] 2018-05-31T21:32:24.640377116Z: [    0.965111] hpet0: 3 comparators, 64-bit 100.000000 MHz counter
[STDERR  ] 2018-05-31T21:32:24.640384944Z: [    0.971481] clocksource: Switched to clocksource hpet
[STDERR  ] 2018-05-31T21:32:24.640397847Z: [    1.143930] VFS: Disk quotas dquot_6.6.0
[STDERR  ] 2018-05-31T21:32:24.640409045Z: [    1.144608] VFS: Dquot-cache hash table entries: 512 (order 0, 4096 bytes)
[STDERR  ] 2018-05-31T21:32:24.640416895Z: [    1.147873] FS-Cache: Loaded
[STDERR  ] 2018-05-31T21:32:24.640428619Z: [    1.154295] CacheFiles: Loaded
[STDERR  ] 2018-05-31T21:32:24.640436519Z: [    1.155238] pnp: PnP ACPI init
[STDERR  ] 2018-05-31T21:32:24.640444411Z: [    1.162737] pnp: PnP ACPI: found 5 devices
[STDERR  ] 2018-05-31T21:32:24.640451958Z: [    1.192024] clocksource: acpi_pm: mask: 0xffffff max_cycles: 0xffffff, max_idle_ns: 2085701024 ns
[STDERR  ] 2018-05-31T21:32:24.640460160Z: [    1.195610] NET: Registered protocol family 2
[STDERR  ] 2018-05-31T21:32:24.640467840Z: [    1.202655] TCP established hash table entries: 8192 (order: 4, 65536 bytes)
[STDERR  ] 2018-05-31T21:32:24.640475869Z: [    1.203223] TCP bind hash table entries: 8192 (order: 5, 131072 bytes)
[STDERR  ] 2018-05-31T21:32:24.640483623Z: [    1.204342] TCP: Hash tables configured (established 8192 bind 8192)
[STDERR  ] 2018-05-31T21:32:24.640491429Z: [    1.206114] UDP hash table entries: 512 (order: 2, 16384 bytes)
[STDERR  ] 2018-05-31T21:32:24.640499120Z: [    1.206660] UDP-Lite hash table entries: 512 (order: 2, 16384 bytes)
[STDERR  ] 2018-05-31T21:32:24.640506776Z: [    1.208949] NET: Registered protocol family 1
[STDERR  ] 2018-05-31T21:32:24.640514416Z: [    1.209922] pci 0000:00:01.0: Video device with shadowed ROM at [mem 0x000c0000-0x000dffff]
[STDERR  ] 2018-05-31T21:32:24.640522186Z: [    1.215543] Trying to unpack rootfs image as initramfs...
[STDERR  ] 2018-05-31T21:32:24.640532063Z: [    4.442915] Freeing initrd memory: 31600K
[STDERR  ] 2018-05-31T21:32:24.640540028Z: [    4.463459] PCLMULQDQ-NI instructions are not detected.
[STDERR  ] 2018-05-31T21:32:24.640549737Z: [    4.464731] AVX or AES-NI instructions are not detected.
[STDERR  ] 2018-05-31T21:32:24.640557443Z: [    4.465142] CPU feature 'AVX registers' is not supported.
[STDERR  ] 2018-05-31T21:32:24.640565029Z: [    4.465526] CPU feature 'AVX registers' is not supported.
[STDERR  ] 2018-05-31T21:32:24.640572638Z: [    4.465864] CPU feature 'AVX registers' is not supported.
[STDERR  ] 2018-05-31T21:32:24.640580155Z: [    4.466241] CPU feature 'AVX registers' is not supported.
[STDERR  ] 2018-05-31T21:32:24.640588063Z: [    4.466529] AVX2 or AES-NI instructions are not detected.
[STDERR  ] 2018-05-31T21:32:24.640595868Z: [    4.466839] AVX2 instructions are not detected.
[STDERR  ] 2018-05-31T21:32:24.640603449Z: [    4.471325] audit: initializing netlink subsys (disabled)
[STDERR  ] 2018-05-31T21:32:24.640611115Z: [    4.476090] audit: type=2000 audit(1527802324.470:1): state=initialized audit_enabled=0 res=1
[STDERR  ] 2018-05-31T21:32:24.640622225Z: [    4.477229] workingset: timestamp_bits=46 max_order=18 bucket_order=0
[STDERR  ] 2018-05-31T21:32:24.640630167Z: [    4.482077] squashfs: version 4.0 (2009/01/31) Phillip Lougher
[STDERR  ] 2018-05-31T21:32:24.640637823Z: [    4.484445] FS-Cache: Netfs 'cifs' registered for caching
[STDERR  ] 2018-05-31T21:32:24.640645686Z: [    4.485201] fuse init (API version 7.26)
[STDERR  ] 2018-05-31T21:32:24.640653412Z: [    4.486946] SGI XFS with ACLs, security attributes, no debug enabled
[STDERR  ] 2018-05-31T21:32:24.640660913Z: [    4.491851] 9p: Installing v9fs 9p2000 file system support
[STDERR  ] 2018-05-31T21:32:24.640668563Z: [    4.492280] FS-Cache: Netfs '9p' registered for caching
[STDERR  ] 2018-05-31T21:32:24.640676189Z: [    4.517121] NET: Registered protocol family 38
[STDERR  ] 2018-05-31T21:32:24.640683780Z: [    4.517717] Key type asymmetric registered
[STDERR  ] 2018-05-31T21:32:24.640691345Z: [    4.518058] Asymmetric key parser 'x509' registered
[STDERR  ] 2018-05-31T21:32:24.640700355Z: [    4.518842] Block layer SCSI generic (bsg) driver version 0.4 loaded (major 247)
[STDERR  ] 2018-05-31T21:32:24.640708095Z: [    4.521212] io scheduler noop registered
[STDERR  ] 2018-05-31T21:32:24.640719699Z: [    4.521515] io scheduler deadline registered (default)
[STDERR  ] 2018-05-31T21:32:24.640727562Z: [    4.522257] io scheduler cfq registered
[STDERR  ] 2018-05-31T21:32:24.640735193Z: [    4.522483] io scheduler mq-deadline registered
[STDERR  ] 2018-05-31T21:32:24.640742708Z: [    4.522716] io scheduler kyber registered
[STDERR  ] 2018-05-31T21:32:24.640755160Z: [    4.525212] shpchp: Standard Hot Plug PCI Controller Driver version: 0.4
[STDERR  ] 2018-05-31T21:32:24.640763280Z: [    4.525828] hv_vmbus: registering driver hyperv_fb
[STDERR  ] 2018-05-31T21:32:24.640770834Z: [    4.528411] input: Power Button as /devices/LNXSYSTM:00/LNXPWRBN:00/input/input0
[STDERR  ] 2018-05-31T21:32:24.640780533Z: [    4.531694] ACPI: Power Button [PWRF]
[STDERR  ] 2018-05-31T21:32:24.640788108Z: [    4.543675] ACPI: PCI Interrupt Link [GSIG] enabled at IRQ 22
[STDERR  ] 2018-05-31T21:32:24.640795708Z: [    4.553682] ACPI: PCI Interrupt Link [GSIH] enabled at IRQ 23
[STDERR  ] 2018-05-31T21:32:24.640803242Z: [    4.559135] Serial: 8250/16550 driver, 4 ports, IRQ sharing disabled
[STDERR  ] 2018-05-31T21:32:24.640810883Z: [    4.583748] 00:04: ttyS0 at I/O 0x3f8 (irq = 4, base_baud = 115200) is a 16550A
[STDERR  ] 2018-05-31T21:32:24.640818415Z: [    4.592498] Non-volatile memory driver v1.3
[STDERR  ] 2018-05-31T21:32:24.640826007Z: [    4.599470] Hangcheck: starting hangcheck timer 0.9.1 (tick is 180 seconds, margin is 60 seconds).
[STDERR  ] 2018-05-31T21:32:24.640835552Z: [    4.609061] random: fast init done
[STDERR  ] 2018-05-31T21:32:24.640843099Z: [    4.610424] random: crng init done
[STDERR  ] 2018-05-31T21:32:24.640850808Z: [    4.648289] brd: module loaded
[STDERR  ] 2018-05-31T21:32:24.640859027Z: [    4.670013] loop: module loaded
[STDERR  ] 2018-05-31T21:32:24.640866663Z: [    4.706260] lpc_ich 0000:00:1f.0: I/O space for GPIO uninitialized
[STDERR  ] 2018-05-31T21:32:24.640878251Z: [    4.708156] VMware PVSCSI driver - version 1.0.7.0-k
[STDERR  ] 2018-05-31T21:32:24.640887338Z: [    4.708717] hv_vmbus: registering driver hv_storvsc
[STDERR  ] 2018-05-31T21:32:24.640894874Z: [    4.714770] ACPI: PCI Interrupt Link [GSIA] enabled at IRQ 16
[STDERR  ] 2018-05-31T21:32:24.640902408Z: [    4.721118] ahci 0000:00:1f.2: AHCI 0001.0000 32 slots 6 ports 1.5 Gbps 0x3f impl SATA mode
[STDERR  ] 2018-05-31T21:32:24.640910526Z: [    4.721676] ahci 0000:00:1f.2: flags: 64bit ncq only 
[STDERR  ] 2018-05-31T21:32:24.640918046Z: [    4.733485] scsi host0: ahci
[STDERR  ] 2018-05-31T21:32:24.640925746Z: [    4.735849] scsi host1: ahci
[STDERR  ] 2018-05-31T21:32:24.640933399Z: [    4.737053] scsi host2: ahci
[STDERR  ] 2018-05-31T21:32:24.640940971Z: [    4.738277] scsi host3: ahci
[STDERR  ] 2018-05-31T21:32:24.640948542Z: [    4.739965] scsi host4: ahci
[STDERR  ] 2018-05-31T21:32:24.640956062Z: [    4.741441] scsi host5: ahci
[STDERR  ] 2018-05-31T21:32:24.640965117Z: [    4.742491] ata1: SATA max UDMA/133 abar m4096@0xfebd2000 port 0xfebd2100 irq 24
[STDERR  ] 2018-05-31T21:32:24.640972851Z: [    4.742891] ata2: SATA max UDMA/133 abar m4096@0xfebd2000 port 0xfebd2180 irq 24
[STDERR  ] 2018-05-31T21:32:24.640980411Z: [    4.743217] ata3: SATA max UDMA/133 abar m4096@0xfebd2000 port 0xfebd2200 irq 24
[STDERR  ] 2018-05-31T21:32:24.640987896Z: [    4.743550] ata4: SATA max UDMA/133 abar m4096@0xfebd2000 port 0xfebd2280 irq 24
[STDERR  ] 2018-05-31T21:32:24.640995344Z: [    4.743882] ata5: SATA max UDMA/133 abar m4096@0xfebd2000 port 0xfebd2300 irq 24
[STDERR  ] 2018-05-31T21:32:24.641002828Z: [    4.744190] ata6: SATA max UDMA/133 abar m4096@0xfebd2000 port 0xfebd2380 irq 24
[STDERR  ] 2018-05-31T21:32:24.641010322Z: [    4.753215] tun: Universal TUN/TAP device driver, 1.6
[STDERR  ] 2018-05-31T21:32:24.641018058Z: [    4.762898] VMware vmxnet3 virtual NIC driver - version 1.4.a.0-k-NAPI
[STDERR  ] 2018-05-31T21:32:24.641027595Z: [    4.763630] hv_vmbus: registering driver hv_netvsc
[STDERR  ] 2018-05-31T21:32:24.641035206Z: [    4.763925] Fusion MPT base driver 3.04.20
[STDERR  ] 2018-05-31T21:32:24.641046376Z: [    4.764118] Copyright (c) 1999-2008 LSI Corporation
[STDERR  ] 2018-05-31T21:32:24.641054012Z: [    4.764635] Fusion MPT SPI Host driver 3.04.20
[STDERR  ] 2018-05-31T21:32:24.641061549Z: [    4.766338] i8042: PNP: PS/2 Controller [PNP0303:KBD,PNP0f13:MOU] at 0x60,0x64 irq 1,12
[STDERR  ] 2018-05-31T21:32:24.641073030Z: [    4.770580] serio: i8042 KBD port at 0x60,0x64 irq 1
[STDERR  ] 2018-05-31T21:32:24.641082622Z: [    4.771224] serio: i8042 AUX port at 0x60,0x64 irq 12
[STDERR  ] 2018-05-31T21:32:24.641090127Z: [    4.773228] hv_vmbus: registering driver hyperv_keyboard
[STDERR  ] 2018-05-31T21:32:24.641097668Z: [    4.774803] mousedev: PS/2 mouse device common for all mice
[STDERR  ] 2018-05-31T21:32:24.641105308Z: [    4.778344] input: AT Translated Set 2 keyboard as /devices/platform/i8042/serio0/input/input1
[STDERR  ] 2018-05-31T21:32:24.641112950Z: [    4.781486] input: PC Speaker as /devices/platform/pcspkr/input/input2
[STDERR  ] 2018-05-31T21:32:24.641120880Z: [    4.783087] rtc_cmos 00:00: RTC can wake from S4
[STDERR  ] 2018-05-31T21:32:24.641130066Z: [    4.785683] rtc_cmos 00:00: rtc core: registered rtc_cmos as rtc0
[STDERR  ] 2018-05-31T21:32:24.641137672Z: [    4.786785] rtc_cmos 00:00: alarms up to one day, y3k, 114 bytes nvram, hpet irqs
[STDERR  ] 2018-05-31T21:32:24.641145199Z: [    4.787399] i2c /dev entries driver
[STDERR  ] 2018-05-31T21:32:24.641152870Z: [    4.789098] device-mapper: ioctl: 4.37.0-ioctl (2017-09-20) initialised: dm-devel@redhat.com
[STDERR  ] 2018-05-31T21:32:24.641160470Z: [    4.792616] usbcore: registered new interface driver usbhid
[STDERR  ] 2018-05-31T21:32:24.641168169Z: [    4.792901] usbhid: USB HID core driver
[STDERR  ] 2018-05-31T21:32:24.641175704Z: [    4.793551] hv_utils: Registering HyperV Utility Driver
[STDERR  ] 2018-05-31T21:32:24.641183258Z: [    4.793834] hv_vmbus: registering driver hv_util
[STDERR  ] 2018-05-31T21:32:24.641190765Z: [    4.794099] hv_vmbus: registering driver hv_balloon
[STDERR  ] 2018-05-31T21:32:24.641198338Z: [    4.794570] oprofile: using NMI interrupt.
[STDERR  ] 2018-05-31T21:32:24.641206025Z: [    4.795585] GACT probability on
[STDERR  ] 2018-05-31T21:32:24.641213965Z: [    4.795962] Mirror/redirect action on
[STDERR  ] 2018-05-31T21:32:24.641224081Z: [    4.796560] Simple TC action Loaded
[STDERR  ] 2018-05-31T21:32:24.641231738Z: [    4.797064] u32 classifier
[STDERR  ] 2018-05-31T21:32:24.641239428Z: [    4.797208]     Performance counters on
[STDERR  ] 2018-05-31T21:32:24.641246935Z: [    4.797408]     input device check on
[STDERR  ] 2018-05-31T21:32:24.641254486Z: [    4.797584]     Actions configured
[STDERR  ] 2018-05-31T21:32:24.641261806Z: [    4.798264] Netfilter messages via NETLINK v0.30.
[STDERR  ] 2018-05-31T21:32:24.641269298Z: [    4.798703] nfnl_acct: registering with nfnetlink.
[STDERR  ] 2018-05-31T21:32:24.641276892Z: [    4.799858] nf_conntrack version 0.5.0 (8192 buckets, 32768 max)
[STDERR  ] 2018-05-31T21:32:24.641284354Z: [    4.802357] ctnetlink v0.93: registering with nfnetlink.
[STDERR  ] 2018-05-31T21:32:24.641293430Z: [    4.805044] nf_tables: (c) 2007-2009 Patrick McHardy <kaber@trash.net>
[STDERR  ] 2018-05-31T21:32:24.641301026Z: [    4.805794] nf_tables_compat: (c) 2012 Pablo Neira Ayuso <pablo@netfilter.org>
[STDERR  ] 2018-05-31T21:32:24.641308755Z: [    4.807807] xt_time: kernel timezone is -0000
[STDERR  ] 2018-05-31T21:32:24.641316475Z: [    4.808293] ip_set: protocol 6
[STDERR  ] 2018-05-31T21:32:24.641323937Z: [    4.809000] IPVS: Registered protocols (TCP, UDP, SCTP, AH, ESP)
[STDERR  ] 2018-05-31T21:32:24.641331460Z: [    4.809553] IPVS: Connection hash table configured (size=4096, memory=64Kbytes)
[STDERR  ] 2018-05-31T21:32:24.641338915Z: [    4.813432] IPVS: ipvs loaded.
[STDERR  ] 2018-05-31T21:32:24.641346777Z: [    4.813793] IPVS: [rr] scheduler registered.
[STDERR  ] 2018-05-31T21:32:24.641354345Z: [    4.814094] IPVS: [wrr] scheduler registered.
[STDERR  ] 2018-05-31T21:32:24.641361856Z: [    4.814351] IPVS: [lc] scheduler registered.
[STDERR  ] 2018-05-31T21:32:24.641378521Z: [    4.814555] IPVS: [wlc] scheduler registered.
[STDERR  ] 2018-05-31T21:32:24.641386134Z: [    4.814747] IPVS: [fo] scheduler registered.
[STDERR  ] 2018-05-31T21:32:24.641393697Z: [    4.814991] IPVS: [ovf] scheduler registered.
[STDERR  ] 2018-05-31T21:32:24.641401122Z: [    4.815369] IPVS: [lblc] scheduler registered.
[STDERR  ] 2018-05-31T21:32:24.641411525Z: [    4.815734] IPVS: [lblcr] scheduler registered.
[STDERR  ] 2018-05-31T21:32:24.641420845Z: [    4.815988] IPVS: [dh] scheduler registered.
[STDERR  ] 2018-05-31T21:32:24.641430724Z: [    4.816211] IPVS: [sh] scheduler registered.
[STDERR  ] 2018-05-31T21:32:24.641438329Z: [    4.816438] IPVS: [sed] scheduler registered.
[STDERR  ] 2018-05-31T21:32:24.641445718Z: [    4.816674] IPVS: [nq] scheduler registered.
[STDERR  ] 2018-05-31T21:32:24.641453324Z: [    4.817895] IPVS: ftp: loaded support on port[0] = 21
[STDERR  ] 2018-05-31T21:32:24.641462937Z: [    4.818628] ipip: IPv4 and MPLS over IPv4 tunneling driver
[STDERR  ] 2018-05-31T21:32:24.641470473Z: [    4.822099] gre: GRE over IPv4 demultiplexor driver
[STDERR  ] 2018-05-31T21:32:24.641478131Z: [    4.824573] ip_tables: (C) 2000-2006 Netfilter Core Team
[STDERR  ] 2018-05-31T21:32:24.641485604Z: [    4.827932] ipt_CLUSTERIP: ClusterIP Version 0.8 loaded successfully
[STDERR  ] 2018-05-31T21:32:24.641493212Z: [    4.828504] arp_tables: arp_tables: (C) 2002 David S. Miller
[STDERR  ] 2018-05-31T21:32:24.641500961Z: [    4.830881] NET: Registered protocol family 10
[STDERR  ] 2018-05-31T21:32:24.641508533Z: [    4.839013] Segment Routing with IPv6
[STDERR  ] 2018-05-31T21:32:24.641518196Z: [    4.839902] ip6_tables: (C) 2000-2006 Netfilter Core Team
[STDERR  ] 2018-05-31T21:32:24.641525819Z: [    4.846574] NET: Registered protocol family 17
[STDERR  ] 2018-05-31T21:32:24.641533329Z: [    4.847622] Bridge firewalling registered
[STDERR  ] 2018-05-31T21:32:24.641540882Z: [    4.848152] Ebtables v2.0 registered
[STDERR  ] 2018-05-31T21:32:24.641548505Z: [    4.849948] 8021q: 802.1Q VLAN Support v1.8
[STDERR  ] 2018-05-31T21:32:24.641556019Z: [    4.851645] 9pnet: Installing 9P2000 support
[STDERR  ] 2018-05-31T21:32:24.641563524Z: [    4.853105] Key type dns_resolver registered
[STDERR  ] 2018-05-31T21:32:24.641571353Z: [    4.854353] sched_clock: Marking stable (4850334980, 0)->(4967639698, -117304718)
[STDERR  ] 2018-05-31T21:32:24.641578927Z: [    4.857131] registered taskstats version 1
[STDERR  ] 2018-05-31T21:32:24.641586437Z: [    5.037374] Key type big_key registered
[STDERR  ] 2018-05-31T21:32:24.641595531Z: [    5.073380] ata1: SATA link down (SStatus 0 SControl 300)
[STDERR  ] 2018-05-31T21:32:24.641603094Z: [    5.081889] ata3: SATA link up 1.5 Gbps (SStatus 113 SControl 300)
[STDERR  ] 2018-05-31T21:32:24.641610648Z: [    5.085748] ata3.00: ATAPI: QEMU DVD-ROM, 2.5+, max UDMA/100
[STDERR  ] 2018-05-31T21:32:24.641618187Z: [    5.086239] ata3.00: applying bridge limits
[STDERR  ] 2018-05-31T21:32:24.641625936Z: [    5.087653] ata2: SATA link down (SStatus 0 SControl 300)
[STDERR  ] 2018-05-31T21:32:24.641633537Z: [    5.093002] ata6: SATA link down (SStatus 0 SControl 300)
[STDERR  ] 2018-05-31T21:32:24.641641093Z: [    5.093688] ata4: SATA link down (SStatus 0 SControl 300)
[STDERR  ] 2018-05-31T21:32:24.641648915Z: [    5.094105] ata5: SATA link down (SStatus 0 SControl 300)
[STDERR  ] 2018-05-31T21:32:24.641656443Z: [    5.095269] ata3.00: configured for UDMA/100
[STDERR  ] 2018-05-31T21:32:24.641664053Z: [    5.111667] scsi 2:0:0:0: CD-ROM            QEMU     QEMU DVD-ROM     2.5+ PQ: 0 ANSI: 5
[STDERR  ] 2018-05-31T21:32:24.641673620Z: [    5.138200] Key type trusted registered
[STDERR  ] 2018-05-31T21:32:24.641681293Z: [    5.152959] sr 2:0:0:0: [sr0] scsi3-mmc drive: 4x/4x cd/rw xa/form2 tray
[STDERR  ] 2018-05-31T21:32:24.641688847Z: [    5.153628] cdrom: Uniform CD-ROM driver Revision: 3.20
[STDERR  ] 2018-05-31T21:32:24.641697937Z: [    5.161886] sr 2:0:0:0: Attached scsi generic sg0 type 5
[STDERR  ] 2018-05-31T21:32:24.641998857Z: [    5.210713] Key type encrypted registered
[STDERR  ] 2018-05-31T21:32:24.642018185Z: [    5.211432] ima: No TPM chip found, activating TPM-bypass! (rc=-19)
[STDERR  ] 2018-05-31T21:32:24.642039455Z: [    5.214985] evm: HMAC attrs: 0x1
[STDERR  ] 2018-05-31T21:32:24.642068227Z: [    5.220482] rtc_cmos 00:00: setting system clock to 2018-05-31 21:32:05 UTC (1527802325)
[STDERR  ] 2018-05-31T21:32:24.642089027Z: [    5.367433] Freeing unused kernel memory: 1516K
[STDERR  ] 2018-05-31T21:32:24.642104511Z: [    5.367789] Write protecting the kernel read-only data: 18432k
[STDERR  ] 2018-05-31T21:32:24.642117409Z: [    5.380461] Freeing unused kernel memory: 2024K
[STDERR  ] 2018-05-31T21:32:24.642140363Z: [    5.409763] Freeing unused kernel memory: 1104K
[STDERR  ] 2018-05-31T21:32:24.642152918Z: [    5.521744] tsc: Refined TSC clocksource calibration: 2599.915 MHz
[STDERR  ] 2018-05-31T21:32:24.642168626Z: [    5.522413] clocksource: tsc: mask: 0xffffffffffffffff max_cycles: 0x2579ebf5280, max_idle_ns: 440795265740 ns
[STDERR  ] 2018-05-31T21:32:24.642186723Z: [    6.540340] clocksource: Switched to clocksource tsc
[STDERR  ] 2018-05-31T21:32:24.642199649Z: 
[STDERR  ] 2018-05-31T21:32:24.642212477Z: Welcome to LinuxKit
[STDERR  ] 2018-05-31T21:32:24.642239037Z: 
[STDERR  ] 2018-05-31T21:32:24.642254520Z:                         ##         .
[STDERR  ] 2018-05-31T21:32:24.642268876Z:                   ## ## ##        ==
[STDERR  ] 2018-05-31T21:32:24.642283750Z:                ## ## ## ## ##    ===
[STDERR  ] 2018-05-31T21:32:24.642296367Z:            /"""""""""""""""""\___/ ===
[STDERR  ] 2018-05-31T21:32:24.642308690Z:           {                       /  ===-
[STDERR  ] 2018-05-31T21:32:24.642323421Z:            \______ O           __/
[STDERR  ] 2018-05-31T21:32:24.642336027Z:              \    \         __/
[STDERR  ] 2018-05-31T21:32:24.642350586Z:               \____\_______/
[STDERR  ] 2018-05-31T21:32:24.642365209Z: 
[STDERR  ] 2018-05-31T21:32:24.642383380Z: [   10.746721] IPVS: ftp: loaded support on port[0] = 21
[STDERR  ] 2018-05-31T21:32:24.642409331Z: binfmt test suite PASSED
[STDERR  ] 2018-05-31T21:32:24.642423938Z: [   23.835967] ACPI: Preparing to enter system sleep state S5
[STDERR  ] 2018-05-31T21:32:24.642439425Z: [   23.837397] reboot: Power down
[STDERR  ] 2018-05-31T21:32:24.642454279Z: + echo [    0.000000] Linux version 4.14.43-linuxkit (root@02209db46785) (gcc version 6.4.0 (Alpine 6.4.0)) #1 SMP Thu May 24 12:23:51 UTC 2018
[STDERR  ] 2018-05-31T21:32:24.642470564Z: [    0.000000] Command line: console=ttyS0 console=ttyAMA0
[STDERR  ] 2018-05-31T21:32:24.642483283Z: [    0.000000] x86/fpu: x87 FPU will use FXSAVE
[STDERR  ] 2018-05-31T21:32:24.642500667Z: [    0.000000] e820: BIOS-provided physical RAM map:
[STDERR  ] 2018-05-31T21:32:24.642515513Z: [    0.000000] BIOS-e820: [mem 0x0000000000000000-0x000000000009fbff] usable
[STDERR  ] 2018-05-31T21:32:24.642530531Z: [    0.000000] BIOS-e820: [mem 0x000000000009fc00-0x000000000009ffff] reserved
[STDERR  ] 2018-05-31T21:32:24.642545989Z: [    0.000000] BIOS-e820: [mem 0x00000000000f0000-0x00000000000fffff] reserved
[STDERR  ] 2018-05-31T21:32:24.642560393Z: [    0.000000] BIOS-e820: [mem 0x0000000000100000-0x000000003ffdefff] usable
[STDERR  ] 2018-05-31T21:32:24.642572882Z: [    0.000000] BIOS-e820: [mem 0x000000003ffdf000-0x000000003fffffff] reserved
[STDERR  ] 2018-05-31T21:32:24.642587851Z: [    0.000000] BIOS-e820: [mem 0x00000000b0000000-0x00000000bfffffff] reserved
[STDERR  ] 2018-05-31T21:32:24.642602660Z: [    0.000000] BIOS-e820: [mem 0x00000000fed1c000-0x00000000fed1ffff] reserved
[STDERR  ] 2018-05-31T21:32:24.642617481Z: [    0.000000] BIOS-e820: [mem 0x00000000fffc0000-0x00000000ffffffff] reserved
[STDERR  ] 2018-05-31T21:32:24.642632469Z: [    0.000000] NX (Execute Disable) protection: active
[STDERR  ] 2018-05-31T21:32:24.642657702Z: [    0.000000] SMBIOS 2.8 present.
[STDERR  ] 2018-05-31T21:32:24.642672164Z: [    0.000000] DMI: QEMU Standard PC (Q35 + ICH9, 2009), BIOS rel-1.10.2-0-g5f4c7b1-prebuilt.qemu-project.org 04/01/2014
[STDERR  ] 2018-05-31T21:32:24.642687833Z: [    0.000000] tsc: Fast TSC calibration using PIT
[STDERR  ] 2018-05-31T21:32:24.642708544Z: [    0.000000] e820: last_pfn = 0x3ffdf max_arch_pfn = 0x400000000
[STDERR  ] 2018-05-31T21:32:24.642720658Z: [    0.000000] x86/PAT: Configuration [0-7]: WB  WC  UC- UC  WB  WP  UC- WT  
[STDERR  ] 2018-05-31T21:32:24.642750348Z: [    0.000000] found SMP MP-table at [mem 0x000f6aa0-0x000f6aaf] mapped at [ffffffffff200aa0]
[STDERR  ] 2018-05-31T21:32:24.642768043Z: [    0.000000] RAMDISK: [mem 0x3e0f4000-0x3ffcffff]
[STDERR  ] 2018-05-31T21:32:24.642786300Z: [    0.000000] ACPI: Early table checksum verification disabled
[STDERR  ] 2018-05-31T21:32:24.642801198Z: [    0.000000] ACPI: RSDP 0x00000000000F68B0 000014 (v00 BOCHS )
[STDERR  ] 2018-05-31T21:32:24.642813937Z: [    0.000000] ACPI: RSDT 0x000000003FFE20A8 000034 (v01 BOCHS  BXPCRSDT 00000001 BXPC 00000001)
[STDERR  ] 2018-05-31T21:32:24.642826880Z: [    0.000000] ACPI: FACP 0x000000003FFE1EC8 0000F4 (v03 BOCHS  BXPCFACP 00000001 BXPC 00000001)
[STDERR  ] 2018-05-31T21:32:24.642842188Z: [    0.000000] ACPI: DSDT 0x000000003FFE0040 001E88 (v01 BOCHS  BXPCDSDT 00000001 BXPC 00000001)
[STDERR  ] 2018-05-31T21:32:24.642856824Z: [    0.000000] ACPI: FACS 0x000000003FFE0000 000040
[STDERR  ] 2018-05-31T21:32:24.642872566Z: [    0.000000] ACPI: APIC 0x000000003FFE1FBC 000078 (v01 BOCHS  BXPCAPIC 00000001 BXPC 00000001)
[STDERR  ] 2018-05-31T21:32:24.642884544Z: [    0.000000] ACPI: HPET 0x000000003FFE2034 000038 (v01 BOCHS  BXPCHPET 00000001 BXPC 00000001)
[STDERR  ] 2018-05-31T21:32:24.642896780Z: [    0.000000] ACPI: MCFG 0x000000003FFE206C 00003C (v01 BOCHS  BXPCMCFG 00000001 BXPC 00000001)
[STDERR  ] 2018-05-31T21:32:24.642909714Z: [    0.000000] Zone ranges:
[STDERR  ] 2018-05-31T21:32:24.642922507Z: [    0.000000]   DMA      [mem 0x0000000000001000-0x0000000000ffffff]
[STDERR  ] 2018-05-31T21:32:24.642939260Z: [    0.000000]   DMA32    [mem 0x0000000001000000-0x000000003ffdefff]
[STDERR  ] 2018-05-31T21:32:24.642951956Z: [    0.000000]   Normal   empty
[STDERR  ] 2018-05-31T21:32:24.642966270Z: [    0.000000]   Device   empty
[STDERR  ] 2018-05-31T21:32:24.642980880Z: [    0.000000] Movable zone start for each node
[STDERR  ] 2018-05-31T21:32:24.642993426Z: [    0.000000] Early memory node ranges
[STDERR  ] 2018-05-31T21:32:24.643006103Z: [    0.000000]   node   0: [mem 0x0000000000001000-0x000000000009efff]
[STDERR  ] 2018-05-31T21:32:24.643018650Z: [    0.000000]   node   0: [mem 0x0000000000100000-0x000000003ffdefff]
[STDERR  ] 2018-05-31T21:32:24.643033440Z: [    0.000000] Initmem setup node 0 [mem 0x0000000000001000-0x000000003ffdefff]
[STDERR  ] 2018-05-31T21:32:24.643048318Z: [    0.000000] ACPI: PM-Timer IO Port: 0x608
[STDERR  ] 2018-05-31T21:32:24.643061009Z: [    0.000000] ACPI: LAPIC_NMI (acpi_id[0xff] dfl dfl lint[0x1])
[STDERR  ] 2018-05-31T21:32:24.643075875Z: [    0.000000] IOAPIC[0]: apic_id 0, version 32, address 0xfec00000, GSI 0-23
[STDERR  ] 2018-05-31T21:32:24.643090766Z: [    0.000000] ACPI: INT_SRC_OVR (bus 0 bus_irq 0 global_irq 2 dfl dfl)
[STDERR  ] 2018-05-31T21:32:24.643103214Z: [    0.000000] ACPI: INT_SRC_OVR (bus 0 bus_irq 5 global_irq 5 high level)
[STDERR  ] 2018-05-31T21:32:24.643118050Z: [    0.000000] ACPI: INT_SRC_OVR (bus 0 bus_irq 9 global_irq 9 high level)
[STDERR  ] 2018-05-31T21:32:24.643130591Z: [    0.000000] ACPI: INT_SRC_OVR (bus 0 bus_irq 10 global_irq 10 high level)
[STDERR  ] 2018-05-31T21:32:24.643143077Z: [    0.000000] ACPI: INT_SRC_OVR (bus 0 bus_irq 11 global_irq 11 high level)
[STDERR  ] 2018-05-31T21:32:24.643157003Z: [    0.000000] Using ACPI (MADT) for SMP configuration information
[STDERR  ] 2018-05-31T21:32:24.643173673Z: [    0.000000] ACPI: HPET id: 0x8086a201 base: 0xfed00000
[STDERR  ] 2018-05-31T21:32:24.643185476Z: [    0.000000] smpboot: Allowing 1 CPUs, 0 hotplug CPUs
[STDERR  ] 2018-05-31T21:32:24.643195597Z: [    0.000000] e820: [mem 0x40000000-0xafffffff] available for PCI devices
[STDERR  ] 2018-05-31T21:32:24.643208324Z: [    0.000000] Booting paravirtualized kernel on bare hardware
[STDERR  ] 2018-05-31T21:32:24.643223921Z: [    0.000000] clocksource: refined-jiffies: mask: 0xffffffff max_cycles: 0xffffffff, max_idle_ns: 19112604462750000 ns
[STDERR  ] 2018-05-31T21:32:24.643236560Z: [    0.000000] random: get_random_bytes called from start_kernel+0x92/0x4c8 with crng_init=0
[STDERR  ] 2018-05-31T21:32:24.643255728Z: [    0.000000] setup_percpu: NR_CPUS:128 nr_cpumask_bits:128 nr_cpu_ids:1 nr_node_ids:1
[STDERR  ] 2018-05-31T21:32:24.643267422Z: [    0.000000] percpu: Embedded 44 pages/cpu @ffff8fc67de00000 s143256 r8192 d28776 u2097152
[STDERR  ] 2018-05-31T21:32:24.643280212Z: [    0.000000] Built 1 zonelists, mobility grouping on.  Total pages: 257896
[STDERR  ] 2018-05-31T21:32:24.643293037Z: [    0.000000] Kernel command line: console=ttyS0 console=ttyAMA0
[STDERR  ] 2018-05-31T21:32:24.643308452Z: [    0.000000] PID hash table entries: 4096 (order: 3, 32768 bytes)
[STDERR  ] 2018-05-31T21:32:24.643321059Z: [    0.000000] Dentry cache hash table entries: 131072 (order: 8, 1048576 bytes)
[STDERR  ] 2018-05-31T21:32:24.643333626Z: [    0.000000] Inode-cache hash table entries: 65536 (order: 7, 524288 bytes)
[STDERR  ] 2018-05-31T21:32:24.643347710Z: [    0.000000] Memory: 973192K/1048052K available (12300K kernel code, 1464K rwdata, 2992K rodata, 1516K init, 632K bss, 74860K reserved, 0K cma-reserved)
[STDERR  ] 2018-05-31T21:32:24.643361582Z: [    0.000000] ftrace: allocating 40986 entries in 161 pages
[STDERR  ] 2018-05-31T21:32:24.643380259Z: [    0.000000] Hierarchical RCU implementation.
[STDERR  ] 2018-05-31T21:32:24.643395253Z: [    0.000000] 	RCU restricting CPUs from NR_CPUS=128 to nr_cpu_ids=1.
[STDERR  ] 2018-05-31T21:32:24.643410103Z: [    0.000000] RCU: Adjusting geometry for rcu_fanout_leaf=16, nr_cpu_ids=1
[STDERR  ] 2018-05-31T21:32:24.643424782Z: [    0.000000] NR_IRQS: 8448, nr_irqs: 256, preallocated irqs: 16
[STDERR  ] 2018-05-31T21:32:24.643439768Z: [    0.000000] Console: colour VGA+ 80x25
[STDERR  ] 2018-05-31T21:32:24.643451942Z: [    0.000000] console [ttyS0] enabled
[STDERR  ] 2018-05-31T21:32:24.643466884Z: [    0.000000] clocksource: hpet: mask: 0xffffffff max_cycles: 0xffffffff, max_idle_ns: 19112604467 ns
[STDERR  ] 2018-05-31T21:32:24.643479561Z: [    0.000000] tsc: Fast TSC calibration using PIT
[STDERR  ] 2018-05-31T21:32:24.643492427Z: [    0.000000] tsc: Detected 2600.019 MHz processor
[STDERR  ] 2018-05-31T21:32:24.643506497Z: [    0.001709] Calibrating delay loop (skipped), value calculated using timer frequency.. 5200.03 BogoMIPS (lpj=26000190)
[STDERR  ] 2018-05-31T21:32:24.643521925Z: [    0.002169] pid_max: default: 32768 minimum: 301
[STDERR  ] 2018-05-31T21:32:24.643536845Z: [    0.002862] ACPI: Core revision 20170728
[STDERR  ] 2018-05-31T21:32:24.643551980Z: [    0.034507] ACPI: 1 ACPI AML tables successfully acquired and loaded
[STDERR  ] 2018-05-31T21:32:24.643566772Z: [    0.036378] Security Framework initialized
[STDERR  ] 2018-05-31T21:32:24.643581566Z: [    0.036674] Yama: becoming mindful.
[STDERR  ] 2018-05-31T21:32:24.643598164Z: [    0.039704] Mount-cache hash table entries: 2048 (order: 2, 16384 bytes)
[STDERR  ] 2018-05-31T21:32:24.643616121Z: [    0.040092] Mountpoint-cache hash table entries: 2048 (order: 2, 16384 bytes)
[STDERR  ] 2018-05-31T21:32:24.643629135Z: [    0.056816] Last level iTLB entries: 4KB 0, 2MB 0, 4MB 0
[STDERR  ] 2018-05-31T21:32:24.643641721Z: [    0.057176] Last level dTLB entries: 4KB 0, 2MB 0, 4MB 0, 1GB 0
[STDERR  ] 2018-05-31T21:32:24.643654573Z: [    0.057629] Spectre V2 : Spectre mitigation: LFENCE not serializing, switching to generic retpoline
[STDERR  ] 2018-05-31T21:32:24.643669333Z: [    0.058151] Spectre V2 : Vulnerable: Minimal generic ASM retpoline
[STDERR  ] 2018-05-31T21:32:24.643684163Z: [    0.058536] Spectre V2 : Spectre v2 mitigation: Filling RSB on context switch
[STDERR  ] 2018-05-31T21:32:24.643700811Z: [    0.058947] Speculative Store Bypass: Vulnerable
[STDERR  ] 2018-05-31T21:32:24.643715921Z: [    0.325963] Freeing SMP alternatives memory: 20K
[STDERR  ] 2018-05-31T21:32:24.643728507Z: [    0.345736] smpboot: Max logical packages: 1
[STDERR  ] 2018-05-31T21:32:24.643748082Z: [    0.353366] ..TIMER: vector=0x30 apic1=0 pin1=2 apic2=-1 pin2=-1
[STDERR  ] 2018-05-31T21:32:24.643762797Z: [    0.460000] smpboot: CPU0: AMD QEMU Virtual CPU version 2.5+ (family: 0x6, model: 0x6, stepping: 0x3)
[STDERR  ] 2018-05-31T21:32:24.643782656Z: [    0.460000] Performance Events: PMU not available due to virtualization, using software events only.
[STDERR  ] 2018-05-31T21:32:24.643798275Z: [    0.460549] Hierarchical SRCU implementation.
[STDERR  ] 2018-05-31T21:32:24.643810614Z: [    0.466762] NMI watchdog: Perf event create on CPU 0 failed with -2
[STDERR  ] 2018-05-31T21:32:24.643824794Z: [    0.467175] NMI watchdog: Perf NMI watchdog permanently disabled
[STDERR  ] 2018-05-31T21:32:24.643837595Z: [    0.470363] smp: Bringing up secondary CPUs ...
[STDERR  ] 2018-05-31T21:32:24.643850023Z: [    0.470708] smp: Brought up 1 node, 1 CPU
[STDERR  ] 2018-05-31T21:32:24.643863879Z: [    0.471054] smpboot: Total of 1 processors activated (5200.03 BogoMIPS)
[STDERR  ] 2018-05-31T21:32:24.643875923Z: [    0.485904] devtmpfs: initialized
[STDERR  ] 2018-05-31T21:32:24.643888750Z: [    0.491122] x86/mm: Memory block size: 128MB
[STDERR  ] 2018-05-31T21:32:24.643901603Z: [    0.495845] evm: security.ima
[STDERR  ] 2018-05-31T21:32:24.643916550Z: [    0.496085] evm: security.capability
[STDERR  ] 2018-05-31T21:32:24.643929147Z: [    0.498801] clocksource: jiffies: mask: 0xffffffff max_cycles: 0xffffffff, max_idle_ns: 19112604462750000 ns
[STDERR  ] 2018-05-31T21:32:24.643943378Z: [    0.499418] futex hash table entries: 256 (order: 2, 16384 bytes)
[STDERR  ] 2018-05-31T21:32:24.643958751Z: [    0.508879] NET: Registered protocol family 16
[STDERR  ] 2018-05-31T21:32:24.643973179Z: [    0.514924] cpuidle: using governor ladder
[STDERR  ] 2018-05-31T21:32:24.643985237Z: [    0.515257] cpuidle: using governor menu
[STDERR  ] 2018-05-31T21:32:24.643997523Z: [    0.516678] ACPI: bus type PCI registered
[STDERR  ] 2018-05-31T21:32:24.644009829Z: [    0.519023] PCI: MMCONFIG for domain 0000 [bus 00-ff] at [mem 0xb0000000-0xbfffffff] (base 0xb0000000)
[STDERR  ] 2018-05-31T21:32:24.644025204Z: [    0.519664] PCI: MMCONFIG at [mem 0xb0000000-0xbfffffff] reserved in E820
[STDERR  ] 2018-05-31T21:32:24.644037742Z: [    0.520638] PCI: Using configuration type 1 for base access
[STDERR  ] 2018-05-31T21:32:24.644050298Z: [    0.555691] HugeTLB registered 2.00 MiB page size, pre-allocated 0 pages
[STDERR  ] 2018-05-31T21:32:24.644062056Z: [    0.565894] ACPI: Added _OSI(Module Device)
[STDERR  ] 2018-05-31T21:32:24.644074585Z: [    0.566185] ACPI: Added _OSI(Processor Device)
[STDERR  ] 2018-05-31T21:32:24.644089163Z: [    0.566443] ACPI: Added _OSI(3.0 _SCP Extensions)
[STDERR  ] 2018-05-31T21:32:24.644101843Z: [    0.566651] ACPI: Added _OSI(Processor Aggregator Device)
[STDERR  ] 2018-05-31T21:32:24.644114089Z: [    0.610582] ACPI: Interpreter enabled
[STDERR  ] 2018-05-31T21:32:24.644126587Z: [    0.611381] ACPI: (supports S0 S5)
[STDERR  ] 2018-05-31T21:32:24.644138206Z: [    0.611680] ACPI: Using IOAPIC for interrupt routing
[STDERR  ] 2018-05-31T21:32:24.644150316Z: [    0.613956] PCI: Using host bridge windows from ACPI; if necessary, use "pci=nocrs" and report a bug
[STDERR  ] 2018-05-31T21:32:24.644162920Z: [    0.616729] ACPI: Enabled 1 GPEs in block 00 to 3F
[STDERR  ] 2018-05-31T21:32:24.644175159Z: [    0.659976] ACPI: PCI Root Bridge [PCI0] (domain 0000 [bus 00-ff])
[STDERR  ] 2018-05-31T21:32:24.644190126Z: [    0.661098] acpi PNP0A08:00: _OSC: OS supports [ExtendedConfig ASPM ClockPM Segments MSI]
[STDERR  ] 2018-05-31T21:32:24.644202416Z: [    0.665535] acpi PNP0A08:00: _OSC: OS now controls [PCIeHotplug PME PCIeCapability]
[STDERR  ] 2018-05-31T21:32:24.644214879Z: [    0.668697] PCI host bridge to bus 0000:00
[STDERR  ] 2018-05-31T21:32:24.644227130Z: [    0.669168] pci_bus 0000:00: root bus resource [io  0x0000-0x0cf7 window]
[STDERR  ] 2018-05-31T21:32:24.644240261Z: [    0.669592] pci_bus 0000:00: root bus resource [io  0x0d00-0xffff window]
[STDERR  ] 2018-05-31T21:32:24.644257527Z: [    0.670100] pci_bus 0000:00: root bus resource [mem 0x000a0000-0x000bffff window]
[STDERR  ] 2018-05-31T21:32:24.644269989Z: [    0.670486] pci_bus 0000:00: root bus resource [mem 0xc0000000-0xfebfffff window]
[STDERR  ] 2018-05-31T21:32:24.644285414Z: [    0.670995] pci_bus 0000:00: root bus resource [bus 00-ff]
[STDERR  ] 2018-05-31T21:32:24.644304845Z: [    0.831680] pci 0000:00:1f.0: quirk: [io  0x0600-0x067f] claimed by ICH6 ACPI/GPIO/TCO
[STDERR  ] 2018-05-31T21:32:24.644319761Z: [    0.914929] ACPI: PCI Interrupt Link [LNKA] (IRQs 5 *10 11)
[STDERR  ] 2018-05-31T21:32:24.644332231Z: [    0.916799] ACPI: PCI Interrupt Link [LNKB] (IRQs 5 *10 11)
[STDERR  ] 2018-05-31T21:32:24.644346310Z: [    0.918397] ACPI: PCI Interrupt Link [LNKC] (IRQs 5 10 *11)
[STDERR  ] 2018-05-31T21:32:24.644359115Z: [    0.920809] ACPI: PCI Interrupt Link [LNKD] (IRQs 5 10 *11)
[STDERR  ] 2018-05-31T21:32:24.644378549Z: [    0.922065] ACPI: PCI Interrupt Link [LNKE] (IRQs 5 *10 11)
[STDERR  ] 2018-05-31T21:32:24.644393312Z: [    0.923581] ACPI: PCI Interrupt Link [LNKF] (IRQs 5 *10 11)
[STDERR  ] 2018-05-31T21:32:24.644410170Z: [    0.924745] ACPI: PCI Interrupt Link [LNKG] (IRQs 5 10 *11)
[STDERR  ] 2018-05-31T21:32:24.644424402Z: [    0.926274] ACPI: PCI Interrupt Link [LNKH] (IRQs 5 10 *11)
[STDERR  ] 2018-05-31T21:32:24.644439541Z: [    0.927024] ACPI: PCI Interrupt Link [GSIA] (IRQs *16)
[STDERR  ] 2018-05-31T21:32:24.644454309Z: [    0.927581] ACPI: PCI Interrupt Link [GSIB] (IRQs *17)
[STDERR  ] 2018-05-31T21:32:24.644469009Z: [    0.928103] ACPI: PCI Interrupt Link [GSIC] (IRQs *18)
[STDERR  ] 2018-05-31T21:32:24.644481532Z: [    0.928618] ACPI: PCI Interrupt Link [GSID] (IRQs *19)
[STDERR  ] 2018-05-31T21:32:24.644496300Z: [    0.929155] ACPI: PCI Interrupt Link [GSIE] (IRQs *20)
[STDERR  ] 2018-05-31T21:32:24.644508821Z: [    0.930280] ACPI: PCI Interrupt Link [GSIF] (IRQs *21)
[STDERR  ] 2018-05-31T21:32:24.644523611Z: [    0.930842] ACPI: PCI Interrupt Link [GSIG] (IRQs *22)
[STDERR  ] 2018-05-31T21:32:24.644538216Z: [    0.931351] ACPI: PCI Interrupt Link [GSIH] (IRQs *23)
[STDERR  ] 2018-05-31T21:32:24.644552982Z: [    0.938971] SCSI subsystem initialized
[STDERR  ] 2018-05-31T21:32:24.644567308Z: [    0.941488] ACPI: bus type USB registered
[STDERR  ] 2018-05-31T21:32:24.644579519Z: [    0.942364] usbcore: registered new interface driver usbfs
[STDERR  ] 2018-05-31T21:32:24.644592543Z: [    0.942993] usbcore: registered new interface driver hub
[STDERR  ] 2018-05-31T21:32:24.644606263Z: [    0.943625] usbcore: registered new device driver usb
[STDERR  ] 2018-05-31T21:32:24.644621411Z: [    0.944420] pps_core: LinuxPPS API ver. 1 registered
[STDERR  ] 2018-05-31T21:32:24.644636235Z: [    0.944675] pps_core: Software ver. 5.3.6 - Copyright 2005-2007 Rodolfo Giometti <giometti@linux.it>
[STDERR  ] 2018-05-31T21:32:24.644648860Z: [    0.945265] PTP clock support registered
[STDERR  ] 2018-05-31T21:32:24.644662414Z: [    0.947088] PCI: Using ACPI for IRQ routing
[STDERR  ] 2018-05-31T21:32:24.644677314Z: [    0.959694] NetLabel: Initializing
[STDERR  ] 2018-05-31T21:32:24.644689817Z: [    0.959880] NetLabel:  domain hash size = 128
[STDERR  ] 2018-05-31T21:32:24.644703628Z: [    0.960068] NetLabel:  protocols = UNLABELED CIPSOv4 CALIPSO
[STDERR  ] 2018-05-31T21:32:24.644719265Z: [    0.962140] NetLabel:  unlabeled traffic allowed by default
[STDERR  ] 2018-05-31T21:32:24.644731394Z: [    0.964109] HPET: 3 timers in total, 0 timers will be used for per-cpu timer
[STDERR  ] 2018-05-31T21:32:24.644744025Z: [    0.964772] hpet0: at MMIO 0xfed00000, IRQs 2, 8, 0
[STDERR  ] 2018-05-31T21:32:24.644756681Z: [    0.965111] hpet0: 3 comparators, 64-bit 100.000000 MHz counter
[STDERR  ] 2018-05-31T21:32:24.644771612Z: [    0.971481] clocksource: Switched to clocksource hpet
[STDERR  ] 2018-05-31T21:32:24.644786569Z: [    1.143930] VFS: Disk quotas dquot_6.6.0
[STDERR  ] 2018-05-31T21:32:24.644799071Z: [    1.144608] VFS: Dquot-cache hash table entries: 512 (order 0, 4096 bytes)
[STDERR  ] 2018-05-31T21:32:24.644818299Z: [    1.147873] FS-Cache: Loaded
[STDERR  ] 2018-05-31T21:32:24.644831015Z: [    1.154295] CacheFiles: Loaded
[STDERR  ] 2018-05-31T21:32:24.644843017Z: [    1.155238] pnp: PnP ACPI init
[STDERR  ] 2018-05-31T21:32:24.644855614Z: [    1.162737] pnp: PnP ACPI: found 5 devices
[STDERR  ] 2018-05-31T21:32:24.644872613Z: [    1.192024] clocksource: acpi_pm: mask: 0xffffff max_cycles: 0xffffff, max_idle_ns: 2085701024 ns
[STDERR  ] 2018-05-31T21:32:24.644885773Z: [    1.195610] NET: Registered protocol family 2
[STDERR  ] 2018-05-31T21:32:24.644897835Z: [    1.202655] TCP established hash table entries: 8192 (order: 4, 65536 bytes)
[STDERR  ] 2018-05-31T21:32:24.644910244Z: [    1.203223] TCP bind hash table entries: 8192 (order: 5, 131072 bytes)
[STDERR  ] 2018-05-31T21:32:24.644923057Z: [    1.204342] TCP: Hash tables configured (established 8192 bind 8192)
[STDERR  ] 2018-05-31T21:32:24.644935529Z: [    1.206114] UDP hash table entries: 512 (order: 2, 16384 bytes)
[STDERR  ] 2018-05-31T21:32:24.644950376Z: [    1.206660] UDP-Lite hash table entries: 512 (order: 2, 16384 bytes)
[STDERR  ] 2018-05-31T21:32:24.644965363Z: [    1.208949] NET: Registered protocol family 1
[STDERR  ] 2018-05-31T21:32:24.644980158Z: [    1.209922] pci 0000:00:01.0: Video device with shadowed ROM at [mem 0x000c0000-0x000dffff]
[STDERR  ] 2018-05-31T21:32:24.644992479Z: [    1.215543] Trying to unpack rootfs image as initramfs...
[STDERR  ] 2018-05-31T21:32:24.645005288Z: [    4.442915] Freeing initrd memory: 31600K
[STDERR  ] 2018-05-31T21:32:24.645018049Z: [    4.463459] PCLMULQDQ-NI instructions are not detected.
[STDERR  ] 2018-05-31T21:32:24.645030710Z: [    4.464731] AVX or AES-NI instructions are not detected.
[STDERR  ] 2018-05-31T21:32:24.645042917Z: [    4.465142] CPU feature 'AVX registers' is not supported.
[STDERR  ] 2018-05-31T21:32:24.645057577Z: [    4.465526] CPU feature 'AVX registers' is not supported.
[STDERR  ] 2018-05-31T21:32:24.645069755Z: [    4.465864] CPU feature 'AVX registers' is not supported.
[STDERR  ] 2018-05-31T21:32:24.645082126Z: [    4.466241] CPU feature 'AVX registers' is not supported.
[STDERR  ] 2018-05-31T21:32:24.645097116Z: [    4.466529] AVX2 or AES-NI instructions are not detected.
[STDERR  ] 2018-05-31T21:32:24.645109619Z: [    4.466839] AVX2 instructions are not detected.
[STDERR  ] 2018-05-31T21:32:24.645124150Z: [    4.471325] audit: initializing netlink subsys (disabled)
[STDERR  ] 2018-05-31T21:32:24.645136383Z: [    4.476090] audit: type=2000 audit(1527802324.470:1): state=initialized audit_enabled=0 res=1
[STDERR  ] 2018-05-31T21:32:24.645148858Z: [    4.477229] workingset: timestamp_bits=46 max_order=18 bucket_order=0
[STDERR  ] 2018-05-31T21:32:24.645163875Z: [    4.482077] squashfs: version 4.0 (2009/01/31) Phillip Lougher
[STDERR  ] 2018-05-31T21:32:24.645176588Z: [    4.484445] FS-Cache: Netfs 'cifs' registered for caching
[STDERR  ] 2018-05-31T21:32:24.645192419Z: [    4.485201] fuse init (API version 7.26)
[STDERR  ] 2018-05-31T21:32:24.645207524Z: [    4.486946] SGI XFS with ACLs, security attributes, no debug enabled
[STDERR  ] 2018-05-31T21:32:24.645221492Z: [    4.491851] 9p: Installing v9fs 9p2000 file system support
[STDERR  ] 2018-05-31T21:32:24.645234188Z: [    4.492280] FS-Cache: Netfs '9p' registered for caching
[STDERR  ] 2018-05-31T21:32:24.645248780Z: [    4.517121] NET: Registered protocol family 38
[STDERR  ] 2018-05-31T21:32:24.645263512Z: [    4.517717] Key type asymmetric registered
[STDERR  ] 2018-05-31T21:32:24.645278235Z: [    4.518058] Asymmetric key parser 'x509' registered
[STDERR  ] 2018-05-31T21:32:24.645293230Z: [    4.518842] Block layer SCSI generic (bsg) driver version 0.4 loaded (major 247)
[STDERR  ] 2018-05-31T21:32:24.645305468Z: [    4.521212] io scheduler noop registered
[STDERR  ] 2018-05-31T21:32:24.645318144Z: [    4.521515] io scheduler deadline registered (default)
[STDERR  ] 2018-05-31T21:32:24.645335774Z: [    4.522257] io scheduler cfq registered
[STDERR  ] 2018-05-31T21:32:24.645351042Z: [    4.522483] io scheduler mq-deadline registered
[STDERR  ] 2018-05-31T21:32:24.645377056Z: [    4.522716] io scheduler kyber registered
[STDERR  ] 2018-05-31T21:32:24.645389675Z: [    4.525212] shpchp: Standard Hot Plug PCI Controller Driver version: 0.4
[STDERR  ] 2018-05-31T21:32:24.645402037Z: [    4.525828] hv_vmbus: registering driver hyperv_fb
[STDERR  ] 2018-05-31T21:32:24.645420054Z: [    4.528411] input: Power Button as /devices/LNXSYSTM:00/LNXPWRBN:00/input/input0
[STDERR  ] 2018-05-31T21:32:24.645433087Z: [    4.531694] ACPI: Power Button [PWRF]
[STDERR  ] 2018-05-31T21:32:24.645447994Z: [    4.543675] ACPI: PCI Interrupt Link [GSIG] enabled at IRQ 22
[STDERR  ] 2018-05-31T21:32:24.645462115Z: [    4.553682] ACPI: PCI Interrupt Link [GSIH] enabled at IRQ 23
[STDERR  ] 2018-05-31T21:32:24.645474141Z: [    4.559135] Serial: 8250/16550 driver, 4 ports, IRQ sharing disabled
[STDERR  ] 2018-05-31T21:32:24.645486762Z: [    4.583748] 00:04: ttyS0 at I/O 0x3f8 (irq = 4, base_baud = 115200) is a 16550A
[STDERR  ] 2018-05-31T21:32:24.645503980Z: [    4.592498] Non-volatile memory driver v1.3
[STDERR  ] 2018-05-31T21:32:24.645518851Z: [    4.599470] Hangcheck: starting hangcheck timer 0.9.1 (tick is 180 seconds, margin is 60 seconds).
[STDERR  ] 2018-05-31T21:32:24.645534429Z: [    4.609061] random: fast init done
[STDERR  ] 2018-05-31T21:32:24.645546394Z: [    4.610424] random: crng init done
[STDERR  ] 2018-05-31T21:32:24.645560845Z: [    4.648289] brd: module loaded
[STDERR  ] 2018-05-31T21:32:24.645573454Z: [    4.670013] loop: module loaded
[STDERR  ] 2018-05-31T21:32:24.645588735Z: [    4.706260] lpc_ich 0000:00:1f.0: I/O space for GPIO uninitialized
[STDERR  ] 2018-05-31T21:32:24.645600901Z: [    4.708156] VMware PVSCSI driver - version 1.0.7.0-k
[STDERR  ] 2018-05-31T21:32:24.645616179Z: [    4.708717] hv_vmbus: registering driver hv_storvsc
[STDERR  ] 2018-05-31T21:32:24.645628242Z: [    4.714770] ACPI: PCI Interrupt Link [GSIA] enabled at IRQ 16
[STDERR  ] 2018-05-31T21:32:24.645640737Z: [    4.721118] ahci 0000:00:1f.2: AHCI 0001.0000 32 slots 6 ports 1.5 Gbps 0x3f impl SATA mode
[STDERR  ] 2018-05-31T21:32:24.645655970Z: [    4.721676] ahci 0000:00:1f.2: flags: 64bit ncq only 
[STDERR  ] 2018-05-31T21:32:24.645668715Z: [    4.733485] scsi host0: ahci
[STDERR  ] 2018-05-31T21:32:24.645681071Z: [    4.735849] scsi host1: ahci
[STDERR  ] 2018-05-31T21:32:24.645696007Z: [    4.737053] scsi host2: ahci
[STDERR  ] 2018-05-31T21:32:24.645737563Z: [    4.738277] scsi host3: ahci
[STDERR  ] 2018-05-31T21:32:24.645748231Z: [    4.739965] scsi host4: ahci
[STDERR  ] 2018-05-31T21:32:24.645761909Z: [    4.741441] scsi host5: ahci
[STDERR  ] 2018-05-31T21:32:24.645776582Z: [    4.742491] ata1: SATA max UDMA/133 abar m4096@0xfebd2000 port 0xfebd2100 irq 24
[STDERR  ] 2018-05-31T21:32:24.645789363Z: [    4.742891] ata2: SATA max UDMA/133 abar m4096@0xfebd2000 port 0xfebd2180 irq 24
[STDERR  ] 2018-05-31T21:32:24.645801832Z: [    4.743217] ata3: SATA max UDMA/133 abar m4096@0xfebd2000 port 0xfebd2200 irq 24
[STDERR  ] 2018-05-31T21:32:24.645813556Z: [    4.743550] ata4: SATA max UDMA/133 abar m4096@0xfebd2000 port 0xfebd2280 irq 24
[STDERR  ] 2018-05-31T21:32:24.645826878Z: [    4.743882] ata5: SATA max UDMA/133 abar m4096@0xfebd2000 port 0xfebd2300 irq 24
[STDERR  ] 2018-05-31T21:32:24.645839439Z: [    4.744190] ata6: SATA max UDMA/133 abar m4096@0xfebd2000 port 0xfebd2380 irq 24
[STDERR  ] 2018-05-31T21:32:24.645852096Z: [    4.753215] tun: Universal TUN/TAP device driver, 1.6
[STDERR  ] 2018-05-31T21:32:24.645867743Z: [    4.762898] VMware vmxnet3 virtual NIC driver - version 1.4.a.0-k-NAPI
[STDERR  ] 2018-05-31T21:32:24.645879855Z: [    4.763630] hv_vmbus: registering driver hv_netvsc
[STDERR  ] 2018-05-31T21:32:24.645892066Z: [    4.763925] Fusion MPT base driver 3.04.20
[STDERR  ] 2018-05-31T21:32:24.645906564Z: [    4.764118] Copyright (c) 1999-2008 LSI Corporation
[STDERR  ] 2018-05-31T21:32:24.645919103Z: [    4.764635] Fusion MPT SPI Host driver 3.04.20
[STDERR  ] 2018-05-31T21:32:24.645933947Z: [    4.766338] i8042: PNP: PS/2 Controller [PNP0303:KBD,PNP0f13:MOU] at 0x60,0x64 irq 1,12
[STDERR  ] 2018-05-31T21:32:24.645955534Z: [    4.770580] serio: i8042 KBD port at 0x60,0x64 irq 1
[STDERR  ] 2018-05-31T21:32:24.645968001Z: [    4.771224] serio: i8042 AUX port at 0x60,0x64 irq 12
[STDERR  ] 2018-05-31T21:32:24.645981102Z: [    4.773228] hv_vmbus: registering driver hyperv_keyboard
[STDERR  ] 2018-05-31T21:32:24.645998735Z: [    4.774803] mousedev: PS/2 mouse device common for all mice
[STDERR  ] 2018-05-31T21:32:24.646017147Z: [    4.778344] input: AT Translated Set 2 keyboard as /devices/platform/i8042/serio0/input/input1
[STDERR  ] 2018-05-31T21:32:24.646030204Z: [    4.781486] input: PC Speaker as /devices/platform/pcspkr/input/input2
[STDERR  ] 2018-05-31T21:32:24.646048017Z: [    4.783087] rtc_cmos 00:00: RTC can wake from S4
[STDERR  ] 2018-05-31T21:32:24.646060466Z: [    4.785683] rtc_cmos 00:00: rtc core: registered rtc_cmos as rtc0
[STDERR  ] 2018-05-31T21:32:24.646072998Z: [    4.786785] rtc_cmos 00:00: alarms up to one day, y3k, 114 bytes nvram, hpet irqs
[STDERR  ] 2018-05-31T21:32:24.646090798Z: [    4.787399] i2c /dev entries driver
[STDERR  ] 2018-05-31T21:32:24.646103479Z: [    4.789098] device-mapper: ioctl: 4.37.0-ioctl (2017-09-20) initialised: dm-devel@redhat.com
[STDERR  ] 2018-05-31T21:32:24.646116383Z: [    4.792616] usbcore: registered new interface driver usbhid
[STDERR  ] 2018-05-31T21:32:24.646128666Z: [    4.792901] usbhid: USB HID core driver
[STDERR  ] 2018-05-31T21:32:24.646143836Z: [    4.793551] hv_utils: Registering HyperV Utility Driver
[STDERR  ] 2018-05-31T21:32:24.646158877Z: [    4.793834] hv_vmbus: registering driver hv_util
[STDERR  ] 2018-05-31T21:32:24.646171329Z: [    4.794099] hv_vmbus: registering driver hv_balloon
[STDERR  ] 2018-05-31T21:32:24.646185679Z: [    4.794570] oprofile: using NMI interrupt.
[STDERR  ] 2018-05-31T21:32:24.646200186Z: [    4.795585] GACT probability on
[STDERR  ] 2018-05-31T21:32:24.646212228Z: [    4.795962] Mirror/redirect action on
[STDERR  ] 2018-05-31T21:32:24.646224838Z: [    4.796560] Simple TC action Loaded
[STDERR  ] 2018-05-31T21:32:24.646238803Z: [    4.797064] u32 classifier
[STDERR  ] 2018-05-31T21:32:24.646251402Z: [    4.797208]     Performance counters on
[STDERR  ] 2018-05-31T21:32:24.646265825Z: [    4.797408]     input device check on
[STDERR  ] 2018-05-31T21:32:24.646282535Z: [    4.797584]     Actions configured
[STDERR  ] 2018-05-31T21:32:24.646297133Z: [    4.798264] Netfilter messages via NETLINK v0.30.
[STDERR  ] 2018-05-31T21:32:24.646311630Z: [    4.798703] nfnl_acct: registering with nfnetlink.
[STDERR  ] 2018-05-31T21:32:24.646323608Z: [    4.799858] nf_conntrack version 0.5.0 (8192 buckets, 32768 max)
[STDERR  ] 2018-05-31T21:32:24.646341369Z: [    4.802357] ctnetlink v0.93: registering with nfnetlink.
[STDERR  ] 2018-05-31T21:32:24.646353510Z: [    4.805044] nf_tables: (c) 2007-2009 Patrick McHardy <kaber@trash.net>
[STDERR  ] 2018-05-31T21:32:24.646365491Z: [    4.805794] nf_tables_compat: (c) 2012 Pablo Neira Ayuso <pablo@netfilter.org>
[STDERR  ] 2018-05-31T21:32:24.646383249Z: [    4.807807] xt_time: kernel timezone is -0000
[STDERR  ] 2018-05-31T21:32:24.646395562Z: [    4.808293] ip_set: protocol 6
[STDERR  ] 2018-05-31T21:32:24.646408129Z: [    4.809000] IPVS: Registered protocols (TCP, UDP, SCTP, AH, ESP)
[STDERR  ] 2018-05-31T21:32:24.646420948Z: [    4.809553] IPVS: Connection hash table configured (size=4096, memory=64Kbytes)
[STDERR  ] 2018-05-31T21:32:24.646437179Z: [    4.813432] IPVS: ipvs loaded.
[STDERR  ] 2018-05-31T21:32:24.646449747Z: [    4.813793] IPVS: [rr] scheduler registered.
[STDERR  ] 2018-05-31T21:32:24.646465055Z: [    4.814094] IPVS: [wrr] scheduler registered.
[STDERR  ] 2018-05-31T21:32:24.646476878Z: [    4.814351] IPVS: [lc] scheduler registered.
[STDERR  ] 2018-05-31T21:32:24.646488962Z: [    4.814555] IPVS: [wlc] scheduler registered.
[STDERR  ] 2018-05-31T21:32:24.646501400Z: [    4.814747] IPVS: [fo] scheduler registered.
[STDERR  ] 2018-05-31T21:32:24.646513506Z: [    4.814991] IPVS: [ovf] scheduler registered.
[STDERR  ] 2018-05-31T21:32:24.646531273Z: [    4.815369] IPVS: [lblc] scheduler registered.
[STDERR  ] 2018-05-31T21:32:24.646543754Z: [    4.815734] IPVS: [lblcr] scheduler registered.
[STDERR  ] 2018-05-31T21:32:24.646556340Z: [    4.815988] IPVS: [dh] scheduler registered.
[STDERR  ] 2018-05-31T21:32:24.646576808Z: [    4.816211] IPVS: [sh] scheduler registered.
[STDERR  ] 2018-05-31T21:32:24.646589535Z: [    4.816438] IPVS: [sed] scheduler registered.
[STDERR  ] 2018-05-31T21:32:24.646603809Z: [    4.816674] IPVS: [nq] scheduler registered.
[STDERR  ] 2018-05-31T21:32:24.646618707Z: [    4.817895] IPVS: ftp: loaded support on port[0] = 21
[STDERR  ] 2018-05-31T21:32:24.646630801Z: [    4.818628] ipip: IPv4 and MPLS over IPv4 tunneling driver
[STDERR  ] 2018-05-31T21:32:24.646643393Z: [    4.822099] gre: GRE over IPv4 demultiplexor driver
[STDERR  ] 2018-05-31T21:32:24.646656497Z: [    4.824573] ip_tables: (C) 2000-2006 Netfilter Core Team
[STDERR  ] 2018-05-31T21:32:24.646671248Z: [    4.827932] ipt_CLUSTERIP: ClusterIP Version 0.8 loaded successfully
[STDERR  ] 2018-05-31T21:32:24.646683787Z: [    4.828504] arp_tables: arp_tables: (C) 2002 David S. Miller
[STDERR  ] 2018-05-31T21:32:24.646698310Z: [    4.830881] NET: Registered protocol family 10
[STDERR  ] 2018-05-31T21:32:24.646710156Z: [    4.839013] Segment Routing with IPv6
[STDERR  ] 2018-05-31T21:32:24.646722960Z: [    4.839902] ip6_tables: (C) 2000-2006 Netfilter Core Team
[STDERR  ] 2018-05-31T21:32:24.646737430Z: [    4.846574] NET: Registered protocol family 17
[STDERR  ] 2018-05-31T21:32:24.646749337Z: [    4.847622] Bridge firewalling registered
[STDERR  ] 2018-05-31T21:32:24.646761894Z: [    4.848152] Ebtables v2.0 registered
[STDERR  ] 2018-05-31T21:32:24.646777112Z: [    4.849948] 8021q: 802.1Q VLAN Support v1.8
[STDERR  ] 2018-05-31T21:32:24.646791702Z: [    4.851645] 9pnet: Installing 9P2000 support
[STDERR  ] 2018-05-31T21:32:24.646806487Z: [    4.853105] Key type dns_resolver registered
[STDERR  ] 2018-05-31T21:32:24.646821097Z: [    4.854353] sched_clock: Marking stable (4850334980, 0)->(4967639698, -117304718)
[STDERR  ] 2018-05-31T21:32:24.646833147Z: [    4.857131] registered taskstats version 1
[STDERR  ] 2018-05-31T21:32:24.646845634Z: [    5.037374] Key type big_key registered
[STDERR  ] 2018-05-31T21:32:24.646859628Z: [    5.073380] ata1: SATA link down (SStatus 0 SControl 300)
[STDERR  ] 2018-05-31T21:32:24.646871540Z: [    5.081889] ata3: SATA link up 1.5 Gbps (SStatus 113 SControl 300)
[STDERR  ] 2018-05-31T21:32:24.646883823Z: [    5.085748] ata3.00: ATAPI: QEMU DVD-ROM, 2.5+, max UDMA/100
[STDERR  ] 2018-05-31T21:32:24.646896355Z: [    5.086239] ata3.00: applying bridge limits
[STDERR  ] 2018-05-31T21:32:24.646909054Z: [    5.087653] ata2: SATA link down (SStatus 0 SControl 300)
[STDERR  ] 2018-05-31T21:32:24.646923665Z: [    5.093002] ata6: SATA link down (SStatus 0 SControl 300)
[STDERR  ] 2018-05-31T21:32:24.646935592Z: [    5.093688] ata4: SATA link down (SStatus 0 SControl 300)
[STDERR  ] 2018-05-31T21:32:24.646947960Z: [    5.094105] ata5: SATA link down (SStatus 0 SControl 300)
[STDERR  ] 2018-05-31T21:32:24.646962782Z: [    5.095269] ata3.00: configured for UDMA/100
[STDERR  ] 2018-05-31T21:32:24.646977374Z: [    5.111667] scsi 2:0:0:0: CD-ROM            QEMU     QEMU DVD-ROM     2.5+ PQ: 0 ANSI: 5
[STDERR  ] 2018-05-31T21:32:24.646992301Z: [    5.138200] Key type trusted registered
[STDERR  ] 2018-05-31T21:32:24.647006969Z: [    5.152959] sr 2:0:0:0: [sr0] scsi3-mmc drive: 4x/4x cd/rw xa/form2 tray
[STDERR  ] 2018-05-31T21:32:24.647019592Z: [    5.153628] cdrom: Uniform CD-ROM driver Revision: 3.20
[STDERR  ] 2018-05-31T21:32:24.647031422Z: [    5.161886] sr 2:0:0:0: Attached scsi generic sg0 type 5
[STDERR  ] 2018-05-31T21:32:24.647043940Z: [    5.210713] Key type encrypted registered
[STDERR  ] 2018-05-31T21:32:24.647061006Z: [    5.211432] ima: No TPM chip found, activating TPM-bypass! (rc=-19)
[STDERR  ] 2018-05-31T21:32:24.647073676Z: [    5.214985] evm: HMAC attrs: 0x1
[STDERR  ] 2018-05-31T21:32:24.647087973Z: [    5.220482] rtc_cmos 00:00: setting system clock to 2018-05-31 21:32:05 UTC (1527802325)
[STDERR  ] 2018-05-31T21:32:24.647107425Z: [    5.367433] Freeing unused kernel memory: 1516K
[STDERR  ] 2018-05-31T21:32:24.647120129Z: [    5.367789] Write protecting the kernel read-only data: 18432k
[STDERR  ] 2018-05-31T21:32:24.647138387Z: [    5.380461] Freeing unused kernel memory: 2024K
[STDERR  ] 2018-05-31T21:32:24.647152895Z: [    5.409763] Freeing unused kernel memory: 1104K
[STDERR  ] 2018-05-31T21:32:24.647167607Z: [    5.521744] tsc: Refined TSC clocksource calibration: 2599.915 MHz
[STDERR  ] 2018-05-31T21:32:24.647182308Z: [    5.522413] clocksource: tsc: mask: 0xffffffffffffffff max_cycles: 0x2579ebf5280, max_idle_ns: 440795265740 ns
[STDERR  ] 2018-05-31T21:32:24.647197474Z: [    6.540340] clocksource: Switched to clocksource tsc
[STDERR  ] 2018-05-31T21:32:24.647211830Z: 
[STDERR  ] 2018-05-31T21:32:24.647224249Z: Welcome to LinuxKit
[STDERR  ] 2018-05-31T21:32:24.647236771Z: 
[STDERR  ] 2018-05-31T21:32:24.647249599Z:                         ##         .
[STDERR  ] 2018-05-31T21:32:24.647261948Z:                   ## ## ##        ==
[STDERR  ] 2018-05-31T21:32:24.647274534Z:                ## ## ## ## ##    ===
[STDERR  ] 2018-05-31T21:32:24.647289472Z:            /"""""""""""""""""\___/ ===
[STDERR  ] 2018-05-31T21:32:24.647302026Z:           {                       /  ===-
[STDERR  ] 2018-05-31T21:32:24.647320351Z:            \______ O           __/
[STDERR  ] 2018-05-31T21:32:24.647332744Z:              \    \         __/
[STDERR  ] 2018-05-31T21:32:24.647346036Z:               \____\_______/
[STDERR  ] 2018-05-31T21:32:24.647358842Z: 
[STDERR  ] 2018-05-31T21:32:24.647375992Z: [   10.746721] IPVS: ftp: loaded support on port[0] = 21
[STDERR  ] 2018-05-31T21:32:24.647390478Z: binfmt test suite PASSED
[STDERR  ] 2018-05-31T21:32:24.647405224Z: [   23.835967] ACPI: Preparing to enter system sleep state S5
[STDERR  ] 2018-05-31T21:32:24.647420058Z: [   23.837397] reboot: Power down
[STDERR  ] 2018-05-31T21:32:24.647432666Z: + grep -q suite PASSED
[STDOUT  ] 2018-05-31T21:32:24.647455973Z: [    0.000000] Linux version 4.14.43-linuxkit (root@02209db46785) (gcc version 6.4.0 (Alpine 6.4.0)) #1 SMP Thu May 24 12:23:51 UTC 2018
[STDOUT  ] 2018-05-31T21:32:24.647485532Z: [    0.000000] Command line: console=ttyS0 console=ttyAMA0
[STDOUT  ] 2018-05-31T21:32:24.647493624Z: [    0.000000] x86/fpu: x87 FPU will use FXSAVE
[STDOUT  ] 2018-05-31T21:32:24.647501270Z: [    0.000000] e820: BIOS-provided physical RAM map:
[STDOUT  ] 2018-05-31T21:32:24.647506798Z: [    0.000000] BIOS-e820: [mem 0x0000000000000000-0x000000000009fbff] usable
[STDOUT  ] 2018-05-31T21:32:24.647512520Z: [    0.000000] BIOS-e820: [mem 0x000000000009fc00-0x000000000009ffff] reserved
[STDOUT  ] 2018-05-31T21:32:24.647521571Z: [    0.000000] BIOS-e820: [mem 0x00000000000f0000-0x00000000000fffff] reserved
[STDOUT  ] 2018-05-31T21:32:24.647527264Z: [    0.000000] BIOS-e820: [mem 0x0000000000100000-0x000000003ffdefff] usable
[STDOUT  ] 2018-05-31T21:32:24.647532819Z: [    0.000000] BIOS-e820: [mem 0x000000003ffdf000-0x000000003fffffff] reserved
[STDOUT  ] 2018-05-31T21:32:24.647538413Z: [    0.000000] BIOS-e820: [mem 0x00000000b0000000-0x00000000bfffffff] reserved
[STDOUT  ] 2018-05-31T21:32:24.647543877Z: [    0.000000] BIOS-e820: [mem 0x00000000fed1c000-0x00000000fed1ffff] reserved
[STDOUT  ] 2018-05-31T21:32:24.647549398Z: [    0.000000] BIOS-e820: [mem 0x00000000fffc0000-0x00000000ffffffff] reserved
[STDOUT  ] 2018-05-31T21:32:24.647555107Z: [    0.000000] NX (Execute Disable) protection: active
[STDOUT  ] 2018-05-31T21:32:24.647560787Z: [    0.000000] SMBIOS 2.8 present.
[STDOUT  ] 2018-05-31T21:32:24.647566491Z: [    0.000000] DMI: QEMU Standard PC (Q35 + ICH9, 2009), BIOS rel-1.10.2-0-g5f4c7b1-prebuilt.qemu-project.org 04/01/2014
[STDOUT  ] 2018-05-31T21:32:24.647572629Z: [    0.000000] tsc: Fast TSC calibration using PIT
[STDOUT  ] 2018-05-31T21:32:24.647578230Z: [    0.000000] e820: last_pfn = 0x3ffdf max_arch_pfn = 0x400000000
[STDOUT  ] 2018-05-31T21:32:24.647588371Z: [    0.000000] x86/PAT: Configuration [0-7]: WB  WC  UC- UC  WB  WP  UC- WT  
[STDOUT  ] 2018-05-31T21:32:24.647594025Z: [    0.000000] found SMP MP-table at [mem 0x000f6aa0-0x000f6aaf] mapped at [ffffffffff200aa0]
[STDOUT  ] 2018-05-31T21:32:24.647599677Z: [    0.000000] RAMDISK: [mem 0x3e0f4000-0x3ffcffff]
[STDOUT  ] 2018-05-31T21:32:24.647608804Z: [    0.000000] ACPI: Early table checksum verification disabled
[STDOUT  ] 2018-05-31T21:32:24.647614660Z: [    0.000000] ACPI: RSDP 0x00000000000F68B0 000014 (v00 BOCHS )
[STDOUT  ] 2018-05-31T21:32:24.647620211Z: [    0.000000] ACPI: RSDT 0x000000003FFE20A8 000034 (v01 BOCHS  BXPCRSDT 00000001 BXPC 00000001)
[STDOUT  ] 2018-05-31T21:32:24.647625798Z: [    0.000000] ACPI: FACP 0x000000003FFE1EC8 0000F4 (v03 BOCHS  BXPCFACP 00000001 BXPC 00000001)
[STDOUT  ] 2018-05-31T21:32:24.647631298Z: [    0.000000] ACPI: DSDT 0x000000003FFE0040 001E88 (v01 BOCHS  BXPCDSDT 00000001 BXPC 00000001)
[STDOUT  ] 2018-05-31T21:32:24.647636824Z: [    0.000000] ACPI: FACS 0x000000003FFE0000 000040
[STDOUT  ] 2018-05-31T21:32:24.647642320Z: [    0.000000] ACPI: APIC 0x000000003FFE1FBC 000078 (v01 BOCHS  BXPCAPIC 00000001 BXPC 00000001)
[STDOUT  ] 2018-05-31T21:32:24.647647824Z: [    0.000000] ACPI: HPET 0x000000003FFE2034 000038 (v01 BOCHS  BXPCHPET 00000001 BXPC 00000001)
[STDOUT  ] 2018-05-31T21:32:24.647655389Z: [    0.000000] ACPI: MCFG 0x000000003FFE206C 00003C (v01 BOCHS  BXPCMCFG 00000001 BXPC 00000001)
[STDOUT  ] 2018-05-31T21:32:24.647661106Z: [    0.000000] Zone ranges:
[STDOUT  ] 2018-05-31T21:32:24.647666973Z: [    0.000000]   DMA      [mem 0x0000000000001000-0x0000000000ffffff]
[STDOUT  ] 2018-05-31T21:32:24.647675087Z: [    0.000000]   DMA32    [mem 0x0000000001000000-0x000000003ffdefff]
[STDOUT  ] 2018-05-31T21:32:24.647683542Z: [    0.000000]   Normal   empty
[STDOUT  ] 2018-05-31T21:32:24.647692228Z: [    0.000000]   Device   empty
[STDOUT  ] 2018-05-31T21:32:24.647700934Z: [    0.000000] Movable zone start for each node
[STDOUT  ] 2018-05-31T21:32:24.647707323Z: [    0.000000] Early memory node ranges
[STDOUT  ] 2018-05-31T21:32:24.647712827Z: [    0.000000]   node   0: [mem 0x0000000000001000-0x000000000009efff]
[STDOUT  ] 2018-05-31T21:32:24.647718492Z: [    0.000000]   node   0: [mem 0x0000000000100000-0x000000003ffdefff]
[STDOUT  ] 2018-05-31T21:32:24.647723965Z: [    0.000000] Initmem setup node 0 [mem 0x0000000000001000-0x000000003ffdefff]
[STDOUT  ] 2018-05-31T21:32:24.647729710Z: [    0.000000] ACPI: PM-Timer IO Port: 0x608
[STDOUT  ] 2018-05-31T21:32:24.647735195Z: [    0.000000] ACPI: LAPIC_NMI (acpi_id[0xff] dfl dfl lint[0x1])
[STDOUT  ] 2018-05-31T21:32:24.647740766Z: [    0.000000] IOAPIC[0]: apic_id 0, version 32, address 0xfec00000, GSI 0-23
[STDOUT  ] 2018-05-31T21:32:24.647748190Z: [    0.000000] ACPI: INT_SRC_OVR (bus 0 bus_irq 0 global_irq 2 dfl dfl)
[STDOUT  ] 2018-05-31T21:32:24.647756608Z: [    0.000000] ACPI: INT_SRC_OVR (bus 0 bus_irq 5 global_irq 5 high level)
[STDOUT  ] 2018-05-31T21:32:24.647765220Z: [    0.000000] ACPI: INT_SRC_OVR (bus 0 bus_irq 9 global_irq 9 high level)
[STDOUT  ] 2018-05-31T21:32:24.647777577Z: [    0.000000] ACPI: INT_SRC_OVR (bus 0 bus_irq 10 global_irq 10 high level)
[STDOUT  ] 2018-05-31T21:32:24.647783434Z: [    0.000000] ACPI: INT_SRC_OVR (bus 0 bus_irq 11 global_irq 11 high level)
[STDOUT  ] 2018-05-31T21:32:24.647788942Z: [    0.000000] Using ACPI (MADT) for SMP configuration information
[STDOUT  ] 2018-05-31T21:32:24.647794550Z: [    0.000000] ACPI: HPET id: 0x8086a201 base: 0xfed00000
[STDOUT  ] 2018-05-31T21:32:24.647800188Z: [    0.000000] smpboot: Allowing 1 CPUs, 0 hotplug CPUs
[STDOUT  ] 2018-05-31T21:32:24.647805638Z: [    0.000000] e820: [mem 0x40000000-0xafffffff] available for PCI devices
[STDOUT  ] 2018-05-31T21:32:24.647811162Z: [    0.000000] Booting paravirtualized kernel on bare hardware
[STDOUT  ] 2018-05-31T21:32:24.647816702Z: [    0.000000] clocksource: refined-jiffies: mask: 0xffffffff max_cycles: 0xffffffff, max_idle_ns: 19112604462750000 ns
[STDOUT  ] 2018-05-31T21:32:24.647822509Z: [    0.000000] random: get_random_bytes called from start_kernel+0x92/0x4c8 with crng_init=0
[STDOUT  ] 2018-05-31T21:32:24.647831836Z: [    0.000000] setup_percpu: NR_CPUS:128 nr_cpumask_bits:128 nr_cpu_ids:1 nr_node_ids:1
[STDOUT  ] 2018-05-31T21:32:24.647839114Z: [    0.000000] percpu: Embedded 44 pages/cpu @ffff8fc67de00000 s143256 r8192 d28776 u2097152
[STDOUT  ] 2018-05-31T21:32:24.647847509Z: [    0.000000] Built 1 zonelists, mobility grouping on.  Total pages: 257896
[STDOUT  ] 2018-05-31T21:32:24.647853182Z: [    0.000000] Kernel command line: console=ttyS0 console=ttyAMA0
[STDOUT  ] 2018-05-31T21:32:24.647858693Z: [    0.000000] PID hash table entries: 4096 (order: 3, 32768 bytes)
[STDOUT  ] 2018-05-31T21:32:24.647864263Z: [    0.000000] Dentry cache hash table entries: 131072 (order: 8, 1048576 bytes)
[STDOUT  ] 2018-05-31T21:32:24.647871116Z: [    0.000000] Inode-cache hash table entries: 65536 (order: 7, 524288 bytes)
[STDOUT  ] 2018-05-31T21:32:24.647879603Z: [    0.000000] Memory: 973192K/1048052K available (12300K kernel code, 1464K rwdata, 2992K rodata, 1516K init, 632K bss, 74860K reserved, 0K cma-reserved)
[STDOUT  ] 2018-05-31T21:32:24.647888335Z: [    0.000000] ftrace: allocating 40986 entries in 161 pages
[STDOUT  ] 2018-05-31T21:32:24.647894608Z: [    0.000000] Hierarchical RCU implementation.
[STDOUT  ] 2018-05-31T21:32:24.647900133Z: [    0.000000] 	RCU restricting CPUs from NR_CPUS=128 to nr_cpu_ids=1.
[STDOUT  ] 2018-05-31T21:32:24.647905666Z: [    0.000000] RCU: Adjusting geometry for rcu_fanout_leaf=16, nr_cpu_ids=1
[STDOUT  ] 2018-05-31T21:32:24.647913945Z: [    0.000000] NR_IRQS: 8448, nr_irqs: 256, preallocated irqs: 16
[STDOUT  ] 2018-05-31T21:32:24.647922825Z: [    0.000000] Console: colour VGA+ 80x25
[STDOUT  ] 2018-05-31T21:32:24.647931411Z: [    0.000000] console [ttyS0] enabled
[STDOUT  ] 2018-05-31T21:32:24.647944910Z: [    0.000000] clocksource: hpet: mask: 0xffffffff max_cycles: 0xffffffff, max_idle_ns: 19112604467 ns
[STDOUT  ] 2018-05-31T21:32:24.647953712Z: [    0.000000] tsc: Fast TSC calibration using PIT
[STDOUT  ] 2018-05-31T21:32:24.647962642Z: [    0.000000] tsc: Detected 2600.019 MHz processor
[STDOUT  ] 2018-05-31T21:32:24.647971044Z: [    0.001709] Calibrating delay loop (skipped), value calculated using timer frequency.. 5200.03 BogoMIPS (lpj=26000190)
[STDOUT  ] 2018-05-31T21:32:24.647979216Z: [    0.002169] pid_max: default: 32768 minimum: 301
[STDOUT  ] 2018-05-31T21:32:24.647987061Z: [    0.002862] ACPI: Core revision 20170728
[STDOUT  ] 2018-05-31T21:32:24.647992767Z: [    0.034507] ACPI: 1 ACPI AML tables successfully acquired and loaded
[STDOUT  ] 2018-05-31T21:32:24.647998418Z: [    0.036378] Security Framework initialized
[STDOUT  ] 2018-05-31T21:32:24.648004026Z: [    0.036674] Yama: becoming mindful.
[STDOUT  ] 2018-05-31T21:32:24.648009568Z: [    0.039704] Mount-cache hash table entries: 2048 (order: 2, 16384 bytes)
[STDOUT  ] 2018-05-31T21:32:24.648015225Z: [    0.040092] Mountpoint-cache hash table entries: 2048 (order: 2, 16384 bytes)
[STDOUT  ] 2018-05-31T21:32:24.648020801Z: [    0.056816] Last level iTLB entries: 4KB 0, 2MB 0, 4MB 0
[STDOUT  ] 2018-05-31T21:32:24.648026348Z: [    0.057176] Last level dTLB entries: 4KB 0, 2MB 0, 4MB 0, 1GB 0
[STDOUT  ] 2018-05-31T21:32:24.648031915Z: [    0.057629] Spectre V2 : Spectre mitigation: LFENCE not serializing, switching to generic retpoline
[STDOUT  ] 2018-05-31T21:32:24.648037653Z: [    0.058151] Spectre V2 : Vulnerable: Minimal generic ASM retpoline
[STDOUT  ] 2018-05-31T21:32:24.648043165Z: [    0.058536] Spectre V2 : Spectre v2 mitigation: Filling RSB on context switch
[STDOUT  ] 2018-05-31T21:32:24.648048976Z: [    0.058947] Speculative Store Bypass: Vulnerable
[STDOUT  ] 2018-05-31T21:32:24.648054571Z: [    0.325963] Freeing SMP alternatives memory: 20K
[STDOUT  ] 2018-05-31T21:32:24.648062500Z: [    0.345736] smpboot: Max logical packages: 1
[STDOUT  ] 2018-05-31T21:32:24.648070599Z: [    0.353366] ..TIMER: vector=0x30 apic1=0 pin1=2 apic2=-1 pin2=-1
[STDOUT  ] 2018-05-31T21:32:24.648079041Z: [    0.460000] smpboot: CPU0: AMD QEMU Virtual CPU version 2.5+ (family: 0x6, model: 0x6, stepping: 0x3)
[STDOUT  ] 2018-05-31T21:32:24.648092634Z: [    0.460000] Performance Events: PMU not available due to virtualization, using software events only.
[STDOUT  ] 2018-05-31T21:32:24.648101900Z: [    0.460549] Hierarchical SRCU implementation.
[STDOUT  ] 2018-05-31T21:32:24.648113740Z: [    0.466762] NMI watchdog: Perf event create on CPU 0 failed with -2
[STDOUT  ] 2018-05-31T21:32:24.648122681Z: [    0.467175] NMI watchdog: Perf NMI watchdog permanently disabled
[STDOUT  ] 2018-05-31T21:32:24.648131262Z: [    0.470363] smp: Bringing up secondary CPUs ...
[STDOUT  ] 2018-05-31T21:32:24.648136943Z: [    0.470708] smp: Brought up 1 node, 1 CPU
[STDOUT  ] 2018-05-31T21:32:24.648142527Z: [    0.471054] smpboot: Total of 1 processors activated (5200.03 BogoMIPS)
[STDOUT  ] 2018-05-31T21:32:24.648148088Z: [    0.485904] devtmpfs: initialized
[STDOUT  ] 2018-05-31T21:32:24.648153692Z: [    0.491122] x86/mm: Memory block size: 128MB
[STDOUT  ] 2018-05-31T21:32:24.648162067Z: [    0.495845] evm: security.ima
[STDOUT  ] 2018-05-31T21:32:24.648170864Z: [    0.496085] evm: security.capability
[STDOUT  ] 2018-05-31T21:32:24.648179269Z: [    0.498801] clocksource: jiffies: mask: 0xffffffff max_cycles: 0xffffffff, max_idle_ns: 19112604462750000 ns
[STDOUT  ] 2018-05-31T21:32:24.648187877Z: [    0.499418] futex hash table entries: 256 (order: 2, 16384 bytes)
[STDOUT  ] 2018-05-31T21:32:24.648196282Z: [    0.508879] NET: Registered protocol family 16
[STDOUT  ] 2018-05-31T21:32:24.648204562Z: [    0.514924] cpuidle: using governor ladder
[STDOUT  ] 2018-05-31T21:32:24.648213171Z: [    0.515257] cpuidle: using governor menu
[STDOUT  ] 2018-05-31T21:32:24.648221674Z: [    0.516678] ACPI: bus type PCI registered
[STDOUT  ] 2018-05-31T21:32:24.648231158Z: [    0.519023] PCI: MMCONFIG for domain 0000 [bus 00-ff] at [mem 0xb0000000-0xbfffffff] (base 0xb0000000)
[STDOUT  ] 2018-05-31T21:32:24.648239689Z: [    0.519664] PCI: MMCONFIG at [mem 0xb0000000-0xbfffffff] reserved in E820
[STDOUT  ] 2018-05-31T21:32:24.648253535Z: [    0.520638] PCI: Using configuration type 1 for base access
[STDOUT  ] 2018-05-31T21:32:24.648264095Z: [    0.555691] HugeTLB registered 2.00 MiB page size, pre-allocated 0 pages
[STDOUT  ] 2018-05-31T21:32:24.648273067Z: [    0.565894] ACPI: Added _OSI(Module Device)
[STDOUT  ] 2018-05-31T21:32:24.648280801Z: [    0.566185] ACPI: Added _OSI(Processor Device)
[STDOUT  ] 2018-05-31T21:32:24.648288932Z: [    0.566443] ACPI: Added _OSI(3.0 _SCP Extensions)
[STDOUT  ] 2018-05-31T21:32:24.648299452Z: [    0.566651] ACPI: Added _OSI(Processor Aggregator Device)
[STDOUT  ] 2018-05-31T21:32:24.648307960Z: [    0.610582] ACPI: Interpreter enabled
[STDOUT  ] 2018-05-31T21:32:24.648319381Z: [    0.611381] ACPI: (supports S0 S5)
[STDOUT  ] 2018-05-31T21:32:24.648327863Z: [    0.611680] ACPI: Using IOAPIC for interrupt routing
[STDOUT  ] 2018-05-31T21:32:24.648336125Z: [    0.613956] PCI: Using host bridge windows from ACPI; if necessary, use "pci=nocrs" and report a bug
[STDOUT  ] 2018-05-31T21:32:24.648344550Z: [    0.616729] ACPI: Enabled 1 GPEs in block 00 to 3F
[STDOUT  ] 2018-05-31T21:32:24.648352849Z: [    0.659976] ACPI: PCI Root Bridge [PCI0] (domain 0000 [bus 00-ff])
[STDOUT  ] 2018-05-31T21:32:24.648361120Z: [    0.661098] acpi PNP0A08:00: _OSC: OS supports [ExtendedConfig ASPM ClockPM Segments MSI]
[STDOUT  ] 2018-05-31T21:32:24.648376044Z: [    0.665535] acpi PNP0A08:00: _OSC: OS now controls [PCIeHotplug PME PCIeCapability]
[STDOUT  ] 2018-05-31T21:32:24.648384908Z: [    0.668697] PCI host bridge to bus 0000:00
[STDOUT  ] 2018-05-31T21:32:24.648390691Z: [    0.669168] pci_bus 0000:00: root bus resource [io  0x0000-0x0cf7 window]
[STDOUT  ] 2018-05-31T21:32:24.648396314Z: [    0.669592] pci_bus 0000:00: root bus resource [io  0x0d00-0xffff window]
[STDOUT  ] 2018-05-31T21:32:24.648401820Z: [    0.670100] pci_bus 0000:00: root bus resource [mem 0x000a0000-0x000bffff window]
[STDOUT  ] 2018-05-31T21:32:24.648407261Z: [    0.670486] pci_bus 0000:00: root bus resource [mem 0xc0000000-0xfebfffff window]
[STDOUT  ] 2018-05-31T21:32:24.648418880Z: [    0.670995] pci_bus 0000:00: root bus resource [bus 00-ff]
[STDOUT  ] 2018-05-31T21:32:24.648424440Z: [    0.831680] pci 0000:00:1f.0: quirk: [io  0x0600-0x067f] claimed by ICH6 ACPI/GPIO/TCO
[STDOUT  ] 2018-05-31T21:32:24.648433174Z: [    0.914929] ACPI: PCI Interrupt Link [LNKA] (IRQs 5 *10 11)
[STDOUT  ] 2018-05-31T21:32:24.648439049Z: [    0.916799] ACPI: PCI Interrupt Link [LNKB] (IRQs 5 *10 11)
[STDOUT  ] 2018-05-31T21:32:24.648444758Z: [    0.918397] ACPI: PCI Interrupt Link [LNKC] (IRQs 5 10 *11)
[STDOUT  ] 2018-05-31T21:32:24.648450396Z: [    0.920809] ACPI: PCI Interrupt Link [LNKD] (IRQs 5 10 *11)
[STDOUT  ] 2018-05-31T21:32:24.648455986Z: [    0.922065] ACPI: PCI Interrupt Link [LNKE] (IRQs 5 *10 11)
[STDOUT  ] 2018-05-31T21:32:24.648461572Z: [    0.923581] ACPI: PCI Interrupt Link [LNKF] (IRQs 5 *10 11)
[STDOUT  ] 2018-05-31T21:32:24.648467079Z: [    0.924745] ACPI: PCI Interrupt Link [LNKG] (IRQs 5 10 *11)
[STDOUT  ] 2018-05-31T21:32:24.648474691Z: [    0.926274] ACPI: PCI Interrupt Link [LNKH] (IRQs 5 10 *11)
[STDOUT  ] 2018-05-31T21:32:24.648480220Z: [    0.927024] ACPI: PCI Interrupt Link [GSIA] (IRQs *16)
[STDOUT  ] 2018-05-31T21:32:24.648485885Z: [    0.927581] ACPI: PCI Interrupt Link [GSIB] (IRQs *17)
[STDOUT  ] 2018-05-31T21:32:24.648491313Z: [    0.928103] ACPI: PCI Interrupt Link [GSIC] (IRQs *18)
[STDOUT  ] 2018-05-31T21:32:24.648496898Z: [    0.928618] ACPI: PCI Interrupt Link [GSID] (IRQs *19)
[STDOUT  ] 2018-05-31T21:32:24.648502394Z: [    0.929155] ACPI: PCI Interrupt Link [GSIE] (IRQs *20)
[STDOUT  ] 2018-05-31T21:32:24.648507937Z: [    0.930280] ACPI: PCI Interrupt Link [GSIF] (IRQs *21)
[STDOUT  ] 2018-05-31T21:32:24.648513354Z: [    0.930842] ACPI: PCI Interrupt Link [GSIG] (IRQs *22)
[STDOUT  ] 2018-05-31T21:32:24.648518925Z: [    0.931351] ACPI: PCI Interrupt Link [GSIH] (IRQs *23)
[STDOUT  ] 2018-05-31T21:32:24.648524464Z: [    0.938971] SCSI subsystem initialized
[STDOUT  ] 2018-05-31T21:32:24.648530058Z: [    0.941488] ACPI: bus type USB registered
[STDOUT  ] 2018-05-31T21:32:24.648535560Z: [    0.942364] usbcore: registered new interface driver usbfs
[STDOUT  ] 2018-05-31T21:32:24.648541192Z: [    0.942993] usbcore: registered new interface driver hub
[STDOUT  ] 2018-05-31T21:32:24.648546616Z: [    0.943625] usbcore: registered new device driver usb
[STDOUT  ] 2018-05-31T21:32:24.648552169Z: [    0.944420] pps_core: LinuxPPS API ver. 1 registered
[STDOUT  ] 2018-05-31T21:32:24.648557639Z: [    0.944675] pps_core: Software ver. 5.3.6 - Copyright 2005-2007 Rodolfo Giometti <giometti@linux.it>
[STDOUT  ] 2018-05-31T21:32:24.648563884Z: [    0.945265] PTP clock support registered
[STDOUT  ] 2018-05-31T21:32:24.648569522Z: [    0.947088] PCI: Using ACPI for IRQ routing
[STDOUT  ] 2018-05-31T21:32:24.648575083Z: [    0.959694] NetLabel: Initializing
[STDOUT  ] 2018-05-31T21:32:24.648580460Z: [    0.959880] NetLabel:  domain hash size = 128
[STDOUT  ] 2018-05-31T21:32:24.648585975Z: [    0.960068] NetLabel:  protocols = UNLABELED CIPSOv4 CALIPSO
[STDOUT  ] 2018-05-31T21:32:24.648591431Z: [    0.962140] NetLabel:  unlabeled traffic allowed by default
[STDOUT  ] 2018-05-31T21:32:24.648596894Z: [    0.964109] HPET: 3 timers in total, 0 timers will be used for per-cpu timer
[STDOUT  ] 2018-05-31T21:32:24.648602365Z: [    0.964772] hpet0: at MMIO 0xfed00000, IRQs 2, 8, 0
[STDOUT  ] 2018-05-31T21:32:24.648608016Z: [    0.965111] hpet0: 3 comparators, 64-bit 100.000000 MHz counter
[STDOUT  ] 2018-05-31T21:32:24.648613525Z: [    0.971481] clocksource: Switched to clocksource hpet
[STDOUT  ] 2018-05-31T21:32:24.648620592Z: [    1.143930] VFS: Disk quotas dquot_6.6.0
[STDOUT  ] 2018-05-31T21:32:24.648626112Z: [    1.144608] VFS: Dquot-cache hash table entries: 512 (order 0, 4096 bytes)
[STDOUT  ] 2018-05-31T21:32:24.648631660Z: [    1.147873] FS-Cache: Loaded
[STDOUT  ] 2018-05-31T21:32:24.648637253Z: [    1.154295] CacheFiles: Loaded
[STDOUT  ] 2018-05-31T21:32:24.648642804Z: [    1.155238] pnp: PnP ACPI init
[STDOUT  ] 2018-05-31T21:32:24.648651462Z: [    1.162737] pnp: PnP ACPI: found 5 devices
[STDOUT  ] 2018-05-31T21:32:24.648656952Z: [    1.192024] clocksource: acpi_pm: mask: 0xffffff max_cycles: 0xffffff, max_idle_ns: 2085701024 ns
[STDOUT  ] 2018-05-31T21:32:24.648663161Z: [    1.195610] NET: Registered protocol family 2
[STDOUT  ] 2018-05-31T21:32:24.648672165Z: [    1.202655] TCP established hash table entries: 8192 (order: 4, 65536 bytes)
[STDOUT  ] 2018-05-31T21:32:24.648677833Z: [    1.203223] TCP bind hash table entries: 8192 (order: 5, 131072 bytes)
[STDOUT  ] 2018-05-31T21:32:24.648685754Z: [    1.204342] TCP: Hash tables configured (established 8192 bind 8192)
[STDOUT  ] 2018-05-31T21:32:24.648691305Z: [    1.206114] UDP hash table entries: 512 (order: 2, 16384 bytes)
[STDOUT  ] 2018-05-31T21:32:24.648696806Z: [    1.206660] UDP-Lite hash table entries: 512 (order: 2, 16384 bytes)
[STDOUT  ] 2018-05-31T21:32:24.648702336Z: [    1.208949] NET: Registered protocol family 1
[STDOUT  ] 2018-05-31T21:32:24.648707801Z: [    1.209922] pci 0000:00:01.0: Video device with shadowed ROM at [mem 0x000c0000-0x000dffff]
[STDOUT  ] 2018-05-31T21:32:24.648713425Z: [    1.215543] Trying to unpack rootfs image as initramfs...
[STDOUT  ] 2018-05-31T21:32:24.648718927Z: [    4.442915] Freeing initrd memory: 31600K
[STDOUT  ] 2018-05-31T21:32:24.648726250Z: [    4.463459] PCLMULQDQ-NI instructions are not detected.
[STDOUT  ] 2018-05-31T21:32:24.648731805Z: [    4.464731] AVX or AES-NI instructions are not detected.
[STDOUT  ] 2018-05-31T21:32:24.648737218Z: [    4.465142] CPU feature 'AVX registers' is not supported.
[STDOUT  ] 2018-05-31T21:32:24.648742682Z: [    4.465526] CPU feature 'AVX registers' is not supported.
[STDOUT  ] 2018-05-31T21:32:24.648748116Z: [    4.465864] CPU feature 'AVX registers' is not supported.
[STDOUT  ] 2018-05-31T21:32:24.648753599Z: [    4.466241] CPU feature 'AVX registers' is not supported.
[STDOUT  ] 2018-05-31T21:32:24.648759024Z: [    4.466529] AVX2 or AES-NI instructions are not detected.
[STDOUT  ] 2018-05-31T21:32:24.648764465Z: [    4.466839] AVX2 instructions are not detected.
[STDOUT  ] 2018-05-31T21:32:24.648769929Z: [    4.471325] audit: initializing netlink subsys (disabled)
[STDOUT  ] 2018-05-31T21:32:24.648775876Z: [    4.476090] audit: type=2000 audit(1527802324.470:1): state=initialized audit_enabled=0 res=1
[STDOUT  ] 2018-05-31T21:32:24.648781563Z: [    4.477229] workingset: timestamp_bits=46 max_order=18 bucket_order=0
[STDOUT  ] 2018-05-31T21:32:24.648787116Z: [    4.482077] squashfs: version 4.0 (2009/01/31) Phillip Lougher
[STDOUT  ] 2018-05-31T21:32:24.648792611Z: [    4.484445] FS-Cache: Netfs 'cifs' registered for caching
[STDOUT  ] 2018-05-31T21:32:24.648798127Z: [    4.485201] fuse init (API version 7.26)
[STDOUT  ] 2018-05-31T21:32:24.648803616Z: [    4.486946] SGI XFS with ACLs, security attributes, no debug enabled
[STDOUT  ] 2018-05-31T21:32:24.648809143Z: [    4.491851] 9p: Installing v9fs 9p2000 file system support
[STDOUT  ] 2018-05-31T21:32:24.648814638Z: [    4.492280] FS-Cache: Netfs '9p' registered for caching
[STDOUT  ] 2018-05-31T21:32:24.648820095Z: [    4.517121] NET: Registered protocol family 38
[STDOUT  ] 2018-05-31T21:32:24.648825720Z: [    4.517717] Key type asymmetric registered
[STDOUT  ] 2018-05-31T21:32:24.648831164Z: [    4.518058] Asymmetric key parser 'x509' registered
[STDOUT  ] 2018-05-31T21:32:24.648836653Z: [    4.518842] Block layer SCSI generic (bsg) driver version 0.4 loaded (major 247)
[STDOUT  ] 2018-05-31T21:32:24.648842229Z: [    4.521212] io scheduler noop registered
[STDOUT  ] 2018-05-31T21:32:24.648849042Z: [    4.521515] io scheduler deadline registered (default)
[STDOUT  ] 2018-05-31T21:32:24.648854703Z: [    4.522257] io scheduler cfq registered
[STDOUT  ] 2018-05-31T21:32:24.648860146Z: [    4.522483] io scheduler mq-deadline registered
[STDOUT  ] 2018-05-31T21:32:24.648865634Z: [    4.522716] io scheduler kyber registered
[STDOUT  ] 2018-05-31T21:32:24.648873072Z: [    4.525212] shpchp: Standard Hot Plug PCI Controller Driver version: 0.4
[STDOUT  ] 2018-05-31T21:32:24.648883146Z: [    4.525828] hv_vmbus: registering driver hyperv_fb
[STDOUT  ] 2018-05-31T21:32:24.648888715Z: [    4.528411] input: Power Button as /devices/LNXSYSTM:00/LNXPWRBN:00/input/input0
[STDOUT  ] 2018-05-31T21:32:24.648894363Z: [    4.531694] ACPI: Power Button [PWRF]
[STDOUT  ] 2018-05-31T21:32:24.648902460Z: [    4.543675] ACPI: PCI Interrupt Link [GSIG] enabled at IRQ 22
[STDOUT  ] 2018-05-31T21:32:24.648910213Z: [    4.553682] ACPI: PCI Interrupt Link [GSIH] enabled at IRQ 23
[STDOUT  ] 2018-05-31T21:32:24.648915733Z: [    4.559135] Serial: 8250/16550 driver, 4 ports, IRQ sharing disabled
[STDOUT  ] 2018-05-31T21:32:24.648921292Z: [    4.583748] 00:04: ttyS0 at I/O 0x3f8 (irq = 4, base_baud = 115200) is a 16550A
[STDOUT  ] 2018-05-31T21:32:24.648926768Z: [    4.592498] Non-volatile memory driver v1.3
[STDOUT  ] 2018-05-31T21:32:24.648932260Z: [    4.599470] Hangcheck: starting hangcheck timer 0.9.1 (tick is 180 seconds, margin is 60 seconds).
[STDOUT  ] 2018-05-31T21:32:24.648937973Z: [    4.609061] random: fast init done
[STDOUT  ] 2018-05-31T21:32:24.648943451Z: [    4.610424] random: crng init done
[STDOUT  ] 2018-05-31T21:32:24.648948955Z: [    4.648289] brd: module loaded
[STDOUT  ] 2018-05-31T21:32:24.648954425Z: [    4.670013] loop: module loaded
[STDOUT  ] 2018-05-31T21:32:24.648961406Z: [    4.706260] lpc_ich 0000:00:1f.0: I/O space for GPIO uninitialized
[STDOUT  ] 2018-05-31T21:32:24.648967184Z: [    4.708156] VMware PVSCSI driver - version 1.0.7.0-k
[STDOUT  ] 2018-05-31T21:32:24.648972693Z: [    4.708717] hv_vmbus: registering driver hv_storvsc
[STDOUT  ] 2018-05-31T21:32:24.648978146Z: [    4.714770] ACPI: PCI Interrupt Link [GSIA] enabled at IRQ 16
[STDOUT  ] 2018-05-31T21:32:24.648983705Z: [    4.721118] ahci 0000:00:1f.2: AHCI 0001.0000 32 slots 6 ports 1.5 Gbps 0x3f impl SATA mode
