[INFO    ] 2018-08-18T15:43:56.880667975Z: Running Test linuxkit.packages.dhcpcd in /tmp/build/test/cases/040_packages/004_dhcpcd
[INFO    ] 2018-08-18T15:43:56.880861610Z: Running command: [/bin/sh -x /tmp/build/test/cases/040_packages/004_dhcpcd/test.sh]
[STDERR  ] 2018-08-18T15:43:56.901827649Z: + set -e
[STDERR  ] 2018-08-18T15:43:56.901920305Z: + . /tmp/build/test/cases/_lib/lib.sh
[STDERR  ] 2018-08-18T15:43:56.901945915Z: + [ -f src/github.com/linuxkit/rtf/lib/lib.sh ]
[STDERR  ] 2018-08-18T15:43:56.901966019Z: + LINUXKIT_TMPDIR=/tmp/build/test/cases/_tmp
[STDERR  ] 2018-08-18T15:43:56.901985867Z: + [ -f /tmp/build/test/cases/_tmp/env.sh ]
[STDERR  ] 2018-08-18T15:43:56.902004864Z: + . /tmp/build/test/cases/_tmp/env.sh
[STDERR  ] 2018-08-18T15:43:56.902024421Z: + export LINUXKIT_EXAMPLES_DIR=/tmp/build/test/cases/../../examples
[STDERR  ] 2018-08-18T15:43:56.902045137Z: + RT_CANCEL=253
[STDERR  ] 2018-08-18T15:43:56.902064901Z: + NAME=dhcpcd
[STDERR  ] 2018-08-18T15:43:56.902083447Z: + trap clean_up EXIT
[STDERR  ] 2018-08-18T15:43:56.902102966Z: + linuxkit build -format kernel+initrd -name dhcpcd test.yml
[STDERR  ] 2018-08-18T15:43:56.937424735Z: Extract kernel image: linuxkit/kernel:4.14.63
[STDERR  ] 2018-08-18T15:44:03.939510221Z: Add init containers:
[STDERR  ] 2018-08-18T15:44:03.939575863Z: Process init image: linuxkit/init:v0.6
[STDERR  ] 2018-08-18T15:44:05.521531100Z: Process init image: linuxkit/runc:v0.6
[STDERR  ] 2018-08-18T15:44:06.827236812Z: Add onboot containers:
[STDERR  ] 2018-08-18T15:44:06.827295053Z:   Create OCI config for linuxkit/dhcpcd:v0.6
[STDERR  ] 2018-08-18T15:44:08.283362417Z:   Create OCI config for alpine:3.8
[STDERR  ] 2018-08-18T15:44:09.966534647Z:   Create OCI config for linuxkit/poweroff:afe8f7dd0d47a7991c54519b0f09124cb8c4e300
[STDERR  ] 2018-08-18T15:44:11.356487116Z: Add files:
[STDERR  ] 2018-08-18T15:44:11.356553620Z:   check.sh
[STDERR  ] 2018-08-18T15:44:11.357425504Z: Create outputs:
[STDERR  ] 2018-08-18T15:44:16.419045141Z:   dhcpcd-kernel dhcpcd-initrd.img dhcpcd-cmdline
[STDERR  ] 2018-08-18T15:44:16.480352446Z: + linuxkit run dhcpcd
[STDOUT  ] 2018-08-18T15:44:47.464467371Z: [    0.000000] Linux version 4.14.63-linuxkit (root@rlin01) (gcc version 6.4.0 (Alpine 6.4.0)) #1 SMP Fri Aug 17 17:27:47 UTC 2018
[STDOUT  ] 2018-08-18T15:44:47.464815568Z: [    0.000000] Command line: console=ttyS0 console=ttyAMA0
[STDOUT  ] 2018-08-18T15:44:47.464868499Z: [    0.000000] x86/fpu: x87 FPU will use FXSAVE
[STDOUT  ] 2018-08-18T15:44:47.464903220Z: [    0.000000] e820: BIOS-provided physical RAM map:
[STDOUT  ] 2018-08-18T15:44:47.464937461Z: [    0.000000] BIOS-e820: [mem 0x0000000000000000-0x000000000009fbff] usable
[STDOUT  ] 2018-08-18T15:44:47.464972622Z: [    0.000000] BIOS-e820: [mem 0x000000000009fc00-0x000000000009ffff] reserved
[STDOUT  ] 2018-08-18T15:44:47.464998267Z: [    0.000000] BIOS-e820: [mem 0x00000000000f0000-0x00000000000fffff] reserved
[STDOUT  ] 2018-08-18T15:44:47.465021640Z: [    0.000000] BIOS-e820: [mem 0x0000000000100000-0x000000003ffdefff] usable
[STDOUT  ] 2018-08-18T15:44:47.465053782Z: [    0.000000] BIOS-e820: [mem 0x000000003ffdf000-0x000000003fffffff] reserved
[STDOUT  ] 2018-08-18T15:44:47.465078010Z: [    0.000000] BIOS-e820: [mem 0x00000000b0000000-0x00000000bfffffff] reserved
[STDOUT  ] 2018-08-18T15:44:47.465102403Z: [    0.000000] BIOS-e820: [mem 0x00000000fed1c000-0x00000000fed1ffff] reserved
[STDOUT  ] 2018-08-18T15:44:47.465125952Z: [    0.000000] BIOS-e820: [mem 0x00000000fffc0000-0x00000000ffffffff] reserved
[STDOUT  ] 2018-08-18T15:44:47.465150045Z: [    0.000000] NX (Execute Disable) protection: active
[STDOUT  ] 2018-08-18T15:44:47.465175554Z: [    0.000000] SMBIOS 2.8 present.
[STDOUT  ] 2018-08-18T15:44:47.465200699Z: [    0.000000] DMI: QEMU Standard PC (Q35 + ICH9, 2009), BIOS 1.10.2-1 04/01/2014
[STDOUT  ] 2018-08-18T15:44:47.465224719Z: [    0.000000] tsc: Fast TSC calibration using PIT
[STDOUT  ] 2018-08-18T15:44:47.465249012Z: [    0.000000] e820: last_pfn = 0x3ffdf max_arch_pfn = 0x400000000
[STDOUT  ] 2018-08-18T15:44:47.465272213Z: [    0.000000] x86/PAT: Configuration [0-7]: WB  WC  UC- UC  WB  WP  UC- WT  
[STDOUT  ] 2018-08-18T15:44:47.465304720Z: [    0.000000] found SMP MP-table at [mem 0x000f6a90-0x000f6a9f] mapped at [ffffffffff200a90]
[STDOUT  ] 2018-08-18T15:44:47.465330219Z: [    0.000000] RAMDISK: [mem 0x3e3d0000-0x3ffcffff]
[STDOUT  ] 2018-08-18T15:44:47.465387550Z: [    0.000000] ACPI: Early table checksum verification disabled
[STDOUT  ] 2018-08-18T15:44:47.465412407Z: [    0.000000] ACPI: RSDP 0x00000000000F68D0 000014 (v00 BOCHS )
[STDOUT  ] 2018-08-18T15:44:47.465435802Z: [    0.000000] ACPI: RSDT 0x000000003FFE2404 000034 (v01 BOCHS  BXPCRSDT 00000001 BXPC 00000001)
[STDOUT  ] 2018-08-18T15:44:47.465460041Z: [    0.000000] ACPI: FACP 0x000000003FFE22A4 000074 (v01 BOCHS  BXPCFACP 00000001 BXPC 00000001)
[STDOUT  ] 2018-08-18T15:44:47.465483856Z: [    0.000000] ACPI: DSDT 0x000000003FFE0040 002264 (v01 BOCHS  BXPCDSDT 00000001 BXPC 00000001)
[STDOUT  ] 2018-08-18T15:44:47.465520091Z: [    0.000000] ACPI: FACS 0x000000003FFE0000 000040
[STDOUT  ] 2018-08-18T15:44:47.465544115Z: [    0.000000] ACPI: APIC 0x000000003FFE2318 000078 (v01 BOCHS  BXPCAPIC 00000001 BXPC 00000001)
[STDOUT  ] 2018-08-18T15:44:47.465569746Z: [    0.000000] ACPI: HPET 0x000000003FFE2390 000038 (v01 BOCHS  BXPCHPET 00000001 BXPC 00000001)
[STDOUT  ] 2018-08-18T15:44:47.465594111Z: [    0.000000] ACPI: MCFG 0x000000003FFE23C8 00003C (v01 BOCHS  BXPCMCFG 00000001 BXPC 00000001)
[STDOUT  ] 2018-08-18T15:44:47.465618507Z: [    0.000000] Zone ranges:
[STDOUT  ] 2018-08-18T15:44:47.465643426Z: [    0.000000]   DMA      [mem 0x0000000000001000-0x0000000000ffffff]
[STDOUT  ] 2018-08-18T15:44:47.465668916Z: [    0.000000]   DMA32    [mem 0x0000000001000000-0x000000003ffdefff]
[STDOUT  ] 2018-08-18T15:44:47.465694418Z: [    0.000000]   Normal   empty
[STDOUT  ] 2018-08-18T15:44:47.465718562Z: [    0.000000]   Device   empty
[STDOUT  ] 2018-08-18T15:44:47.465742063Z: [    0.000000] Movable zone start for each node
[STDOUT  ] 2018-08-18T15:44:47.465765846Z: [    0.000000] Early memory node ranges
[STDOUT  ] 2018-08-18T15:44:47.465789441Z: [    0.000000]   node   0: [mem 0x0000000000001000-0x000000000009efff]
[STDOUT  ] 2018-08-18T15:44:47.465812108Z: [    0.000000]   node   0: [mem 0x0000000000100000-0x000000003ffdefff]
[STDOUT  ] 2018-08-18T15:44:47.465835713Z: [    0.000000] Initmem setup node 0 [mem 0x0000000000001000-0x000000003ffdefff]
[STDOUT  ] 2018-08-18T15:44:47.465865513Z: [    0.000000] ACPI: PM-Timer IO Port: 0x608
[STDOUT  ] 2018-08-18T15:44:47.465889535Z: [    0.000000] ACPI: LAPIC_NMI (acpi_id[0xff] dfl dfl lint[0x1])
[STDOUT  ] 2018-08-18T15:44:47.465911991Z: [    0.000000] IOAPIC[0]: apic_id 0, version 32, address 0xfec00000, GSI 0-23
[STDOUT  ] 2018-08-18T15:44:47.465934504Z: [    0.000000] ACPI: INT_SRC_OVR (bus 0 bus_irq 0 global_irq 2 dfl dfl)
[STDOUT  ] 2018-08-18T15:44:47.465967263Z: [    0.000000] ACPI: INT_SRC_OVR (bus 0 bus_irq 5 global_irq 5 high level)
[STDOUT  ] 2018-08-18T15:44:47.465989574Z: [    0.000000] ACPI: INT_SRC_OVR (bus 0 bus_irq 9 global_irq 9 high level)
[STDOUT  ] 2018-08-18T15:44:47.466013317Z: [    0.000000] ACPI: INT_SRC_OVR (bus 0 bus_irq 10 global_irq 10 high level)
[STDOUT  ] 2018-08-18T15:44:47.466036976Z: [    0.000000] ACPI: INT_SRC_OVR (bus 0 bus_irq 11 global_irq 11 high level)
[STDOUT  ] 2018-08-18T15:44:47.466070952Z: [    0.000000] Using ACPI (MADT) for SMP configuration information
[STDOUT  ] 2018-08-18T15:44:47.466094909Z: [    0.000000] ACPI: HPET id: 0x8086a201 base: 0xfed00000
[STDOUT  ] 2018-08-18T15:44:47.466117957Z: [    0.000000] smpboot: Allowing 1 CPUs, 0 hotplug CPUs
[STDOUT  ] 2018-08-18T15:44:47.466140868Z: [    0.000000] e820: [mem 0x40000000-0xafffffff] available for PCI devices
[STDOUT  ] 2018-08-18T15:44:47.466163830Z: [    0.000000] Booting paravirtualized kernel on bare hardware
[STDOUT  ] 2018-08-18T15:44:47.466186706Z: [    0.000000] clocksource: refined-jiffies: mask: 0xffffffff max_cycles: 0xffffffff, max_idle_ns: 19112604462750000 ns
[STDOUT  ] 2018-08-18T15:44:47.466209343Z: [    0.000000] random: get_random_bytes called from start_kernel+0x92/0x4cb with crng_init=0
[STDOUT  ] 2018-08-18T15:44:47.466238285Z: [    0.000000] setup_percpu: NR_CPUS:128 nr_cpumask_bits:128 nr_cpu_ids:1 nr_node_ids:1
[STDOUT  ] 2018-08-18T15:44:47.466260841Z: [    0.000000] percpu: Embedded 44 pages/cpu @ffff8a927e000000 s143256 r8192 d28776 u2097152
[STDOUT  ] 2018-08-18T15:44:47.466282627Z: [    0.000000] Built 1 zonelists, mobility grouping on.  Total pages: 257896
[STDOUT  ] 2018-08-18T15:44:47.466299361Z: [    0.000000] Kernel command line: console=ttyS0 console=ttyAMA0
[STDOUT  ] 2018-08-18T15:44:47.466315591Z: [    0.000000] PID hash table entries: 4096 (order: 3, 32768 bytes)
[STDOUT  ] 2018-08-18T15:44:47.466331780Z: [    0.000000] Dentry cache hash table entries: 131072 (order: 8, 1048576 bytes)
[STDOUT  ] 2018-08-18T15:44:47.466348197Z: [    0.000000] Inode-cache hash table entries: 65536 (order: 7, 524288 bytes)
[STDOUT  ] 2018-08-18T15:44:47.466372198Z: [    0.000000] Memory: 976116K/1048052K available (12300K kernel code, 1465K rwdata, 2996K rodata, 1516K init, 632K bss, 71936K reserved, 0K cma-reserved)
[STDOUT  ] 2018-08-18T15:44:47.466397592Z: [    0.000000] ftrace: allocating 41077 entries in 161 pages
[STDOUT  ] 2018-08-18T15:44:47.466414546Z: [    0.000000] Hierarchical RCU implementation.
[STDOUT  ] 2018-08-18T15:44:47.466431372Z: [    0.000000] 	RCU restricting CPUs from NR_CPUS=128 to nr_cpu_ids=1.
[STDOUT  ] 2018-08-18T15:44:47.466454817Z: [    0.000000] RCU: Adjusting geometry for rcu_fanout_leaf=16, nr_cpu_ids=1
[STDOUT  ] 2018-08-18T15:44:47.466471287Z: [    0.000000] NR_IRQS: 8448, nr_irqs: 256, preallocated irqs: 16
[STDOUT  ] 2018-08-18T15:44:47.466487798Z: [    0.000000] Console: colour VGA+ 80x25
[STDOUT  ] 2018-08-18T15:44:47.466515539Z: [    0.000000] console [ttyS0] enabled
[STDOUT  ] 2018-08-18T15:44:47.466532276Z: [    0.000000] clocksource: hpet: mask: 0xffffffff max_cycles: 0xffffffff, max_idle_ns: 19112604467 ns
[STDOUT  ] 2018-08-18T15:44:47.466551044Z: [    0.010000] tsc: Fast TSC calibration using PIT
[STDOUT  ] 2018-08-18T15:44:47.466568009Z: [    0.010000] tsc: Detected 2599.717 MHz processor
[STDOUT  ] 2018-08-18T15:44:47.466584676Z: [    0.010000] Calibrating delay loop (skipped), value calculated using timer frequency.. 5199.43 BogoMIPS (lpj=25997170)
[STDOUT  ] 2018-08-18T15:44:47.466601325Z: [    0.010000] pid_max: default: 32768 minimum: 301
[STDOUT  ] 2018-08-18T15:44:47.466621876Z: [    0.010000] ACPI: Core revision 20170728
[STDOUT  ] 2018-08-18T15:44:47.466638335Z: [    0.048354] ACPI: 1 ACPI AML tables successfully acquired and loaded
[STDOUT  ] 2018-08-18T15:44:47.466654936Z: [    0.050206] Security Framework initialized
[STDOUT  ] 2018-08-18T15:44:47.466671470Z: [    0.050563] Yama: becoming mindful.
[STDOUT  ] 2018-08-18T15:44:47.466687890Z: [    0.052259] Mount-cache hash table entries: 2048 (order: 2, 16384 bytes)
[STDOUT  ] 2018-08-18T15:44:47.466704780Z: [    0.052721] Mountpoint-cache hash table entries: 2048 (order: 2, 16384 bytes)
[STDOUT  ] 2018-08-18T15:44:47.466721714Z: [    0.066924] Last level iTLB entries: 4KB 0, 2MB 0, 4MB 0
[STDOUT  ] 2018-08-18T15:44:47.466738855Z: [    0.067466] Last level dTLB entries: 4KB 0, 2MB 0, 4MB 0, 1GB 0
[STDOUT  ] 2018-08-18T15:44:47.466755403Z: [    0.068146] Spectre V2 : Spectre mitigation: LFENCE not serializing, switching to generic retpoline
[STDOUT  ] 2018-08-18T15:44:47.466772276Z: [    0.069024] Spectre V2 : Mitigation: Full generic retpoline
[STDOUT  ] 2018-08-18T15:44:47.466804784Z: [    0.069561] Spectre V2 : Spectre v2 / SpectreRSB mitigation: Filling RSB on context switch
[STDOUT  ] 2018-08-18T15:44:47.466821633Z: [    0.070099] Speculative Store Bypass: Vulnerable
[STDOUT  ] 2018-08-18T15:44:47.466838078Z: [    0.294965] Freeing SMP alternatives memory: 20K
[STDOUT  ] 2018-08-18T15:44:47.466862700Z: [    0.311481] smpboot: Max logical packages: 1
[STDOUT  ] 2018-08-18T15:44:47.466879614Z: [    0.315574] ..TIMER: vector=0x30 apic1=0 pin1=2 apic2=-1 pin2=-1
[STDOUT  ] 2018-08-18T15:44:47.466903474Z: [    0.420000] smpboot: CPU0: AMD QEMU Virtual CPU version 2.5+ (family: 0x6, model: 0x6, stepping: 0x3)
[STDOUT  ] 2018-08-18T15:44:47.466924386Z: [    0.420000] Performance Events: PMU not available due to virtualization, using software events only.
[STDOUT  ] 2018-08-18T15:44:47.466941055Z: [    0.420000] Hierarchical SRCU implementation.
[STDOUT  ] 2018-08-18T15:44:47.466957546Z: [    0.422894] NMI watchdog: Perf event create on CPU 0 failed with -2
[STDOUT  ] 2018-08-18T15:44:47.466974259Z: [    0.423296] NMI watchdog: Perf NMI watchdog permanently disabled
[STDOUT  ] 2018-08-18T15:44:47.466991050Z: [    0.426245] smp: Bringing up secondary CPUs ...
[STDOUT  ] 2018-08-18T15:44:47.467007703Z: [    0.426577] smp: Brought up 1 node, 1 CPU
[STDOUT  ] 2018-08-18T15:44:47.467024317Z: [    0.426887] smpboot: Total of 1 processors activated (5199.43 BogoMIPS)
[STDOUT  ] 2018-08-18T15:44:47.467054601Z: [    0.439079] devtmpfs: initialized
[STDOUT  ] 2018-08-18T15:44:47.467071260Z: [    0.443190] x86/mm: Memory block size: 128MB
[STDOUT  ] 2018-08-18T15:44:47.467087670Z: [    0.448049] evm: security.ima
[STDOUT  ] 2018-08-18T15:44:47.467103871Z: [    0.448293] evm: security.capability
[STDOUT  ] 2018-08-18T15:44:47.467120119Z: [    0.451099] clocksource: jiffies: mask: 0xffffffff max_cycles: 0xffffffff, max_idle_ns: 19112604462750000 ns
[STDOUT  ] 2018-08-18T15:44:47.467136689Z: [    0.451778] futex hash table entries: 256 (order: 2, 16384 bytes)
[STDOUT  ] 2018-08-18T15:44:47.467153046Z: [    0.460291] NET: Registered protocol family 16
[STDOUT  ] 2018-08-18T15:44:47.467169350Z: [    0.466040] cpuidle: using governor ladder
[STDOUT  ] 2018-08-18T15:44:47.467185577Z: [    0.466485] cpuidle: using governor menu
[STDOUT  ] 2018-08-18T15:44:47.467201980Z: [    0.467834] ACPI: bus type PCI registered
[STDOUT  ] 2018-08-18T15:44:47.467218236Z: [    0.470197] PCI: MMCONFIG for domain 0000 [bus 00-ff] at [mem 0xb0000000-0xbfffffff] (base 0xb0000000)
[STDOUT  ] 2018-08-18T15:44:47.467234806Z: [    0.470884] PCI: MMCONFIG at [mem 0xb0000000-0xbfffffff] reserved in E820
[STDOUT  ] 2018-08-18T15:44:47.467251422Z: [    0.471730] PCI: Using configuration type 1 for base access
[STDOUT  ] 2018-08-18T15:44:47.467267661Z: [    0.513825] HugeTLB registered 2.00 MiB page size, pre-allocated 0 pages
[STDOUT  ] 2018-08-18T15:44:47.467284067Z: [    0.522605] ACPI: Added _OSI(Module Device)
[STDOUT  ] 2018-08-18T15:44:47.467303746Z: [    0.522921] ACPI: Added _OSI(Processor Device)
[STDOUT  ] 2018-08-18T15:44:47.467320100Z: [    0.523169] ACPI: Added _OSI(3.0 _SCP Extensions)
[STDOUT  ] 2018-08-18T15:44:47.467336585Z: [    0.523439] ACPI: Added _OSI(Processor Aggregator Device)
[STDOUT  ] 2018-08-18T15:44:47.467352950Z: [    0.578064] ACPI: Interpreter enabled
[STDOUT  ] 2018-08-18T15:44:47.467369279Z: [    0.578772] ACPI: (supports S0 S5)
[STDOUT  ] 2018-08-18T15:44:47.467385725Z: [    0.579084] ACPI: Using IOAPIC for interrupt routing
[STDOUT  ] 2018-08-18T15:44:47.467406816Z: [    0.580955] PCI: Using host bridge windows from ACPI; if necessary, use "pci=nocrs" and report a bug
[STDOUT  ] 2018-08-18T15:44:47.467423886Z: [    0.583552] ACPI: Enabled 2 GPEs in block 00 to 3F
[STDOUT  ] 2018-08-18T15:44:47.467440269Z: [    0.633642] ACPI: PCI Root Bridge [PCI0] (domain 0000 [bus 00-ff])
[STDOUT  ] 2018-08-18T15:44:47.467456682Z: [    0.634424] acpi PNP0A08:00: _OSC: OS supports [ExtendedConfig ASPM ClockPM Segments MSI]
[STDOUT  ] 2018-08-18T15:44:47.467473505Z: [    0.638051] acpi PNP0A08:00: _OSC: OS now controls [PCIeHotplug PME PCIeCapability]
[STDOUT  ] 2018-08-18T15:44:47.467489887Z: [    0.641237] PCI host bridge to bus 0000:00
[STDOUT  ] 2018-08-18T15:44:47.467514136Z: [    0.641673] pci_bus 0000:00: root bus resource [io  0x0000-0x0cf7 window]
[STDOUT  ] 2018-08-18T15:44:47.467530646Z: [    0.642068] pci_bus 0000:00: root bus resource [io  0x0d00-0xffff window]
[STDOUT  ] 2018-08-18T15:44:47.467555638Z: [    0.642449] pci_bus 0000:00: root bus resource [mem 0x000a0000-0x000bffff window]
[STDOUT  ] 2018-08-18T15:44:47.467572089Z: [    0.642866] pci_bus 0000:00: root bus resource [mem 0xc0000000-0xfebfffff window]
[STDOUT  ] 2018-08-18T15:44:47.467591863Z: [    0.643375] pci_bus 0000:00: root bus resource [bus 00-ff]
[STDOUT  ] 2018-08-18T15:44:47.467615462Z: [    0.684847] pci 0000:00:1f.0: quirk: [io  0x0600-0x067f] claimed by ICH6 ACPI/GPIO/TCO
[STDOUT  ] 2018-08-18T15:44:47.467640424Z: [    0.712941] ACPI: PCI Interrupt Link [LNKA] (IRQs 5 *10 11)
[STDOUT  ] 2018-08-18T15:44:47.467657197Z: [    0.714483] ACPI: PCI Interrupt Link [LNKB] (IRQs 5 *10 11)
[STDOUT  ] 2018-08-18T15:44:47.467673745Z: [    0.715827] ACPI: PCI Interrupt Link [LNKC] (IRQs 5 10 *11)
[STDOUT  ] 2018-08-18T15:44:47.467690098Z: [    0.717158] ACPI: PCI Interrupt Link [LNKD] (IRQs 5 10 *11)
[STDOUT  ] 2018-08-18T15:44:47.467706495Z: [    0.718433] ACPI: PCI Interrupt Link [LNKE] (IRQs 5 *10 11)
[STDOUT  ] 2018-08-18T15:44:47.467723094Z: [    0.719754] ACPI: PCI Interrupt Link [LNKF] (IRQs 5 *10 11)
[STDOUT  ] 2018-08-18T15:44:47.467739451Z: [    0.721025] ACPI: PCI Interrupt Link [LNKG] (IRQs 5 10 *11)
[STDOUT  ] 2018-08-18T15:44:47.467755861Z: [    0.722657] ACPI: PCI Interrupt Link [LNKH] (IRQs 5 10 *11)
[STDOUT  ] 2018-08-18T15:44:47.467772252Z: [    0.723465] ACPI: PCI Interrupt Link [GSIA] (IRQs *16)
[STDOUT  ] 2018-08-18T15:44:47.467788532Z: [    0.723969] ACPI: PCI Interrupt Link [GSIB] (IRQs *17)
[STDOUT  ] 2018-08-18T15:44:47.467811630Z: [    0.724434] ACPI: PCI Interrupt Link [GSIC] (IRQs *18)
[STDOUT  ] 2018-08-18T15:44:47.467828128Z: [    0.724927] ACPI: PCI Interrupt Link [GSID] (IRQs *19)
[STDOUT  ] 2018-08-18T15:44:47.467844595Z: [    0.725392] ACPI: PCI Interrupt Link [GSIE] (IRQs *20)
[STDOUT  ] 2018-08-18T15:44:47.467860956Z: [    0.725865] ACPI: PCI Interrupt Link [GSIF] (IRQs *21)
[STDOUT  ] 2018-08-18T15:44:47.467877328Z: [    0.726331] ACPI: PCI Interrupt Link [GSIG] (IRQs *22)
[STDOUT  ] 2018-08-18T15:44:47.467893546Z: [    0.726796] ACPI: PCI Interrupt Link [GSIH] (IRQs *23)
[STDOUT  ] 2018-08-18T15:44:47.467909959Z: [    0.734172] SCSI subsystem initialized
[STDOUT  ] 2018-08-18T15:44:47.467926343Z: [    0.736323] ACPI: bus type USB registered
[STDOUT  ] 2018-08-18T15:44:47.467942656Z: [    0.737086] usbcore: registered new interface driver usbfs
[STDOUT  ] 2018-08-18T15:44:47.467958944Z: [    0.737796] usbcore: registered new interface driver hub
[STDOUT  ] 2018-08-18T15:44:47.467975112Z: [    0.740589] usbcore: registered new device driver usb
[STDOUT  ] 2018-08-18T15:44:47.467995080Z: [    0.741434] pps_core: LinuxPPS API ver. 1 registered
[STDOUT  ] 2018-08-18T15:44:47.468011604Z: [    0.741746] pps_core: Software ver. 5.3.6 - Copyright 2005-2007 Rodolfo Giometti <giometti@linux.it>
[STDOUT  ] 2018-08-18T15:44:47.468028062Z: [    0.742337] PTP clock support registered
[STDOUT  ] 2018-08-18T15:44:47.468050106Z: [    0.744261] PCI: Using ACPI for IRQ routing
[STDOUT  ] 2018-08-18T15:44:47.468074242Z: [    0.759085] NetLabel: Initializing
[STDOUT  ] 2018-08-18T15:44:47.468090438Z: [    0.759381] NetLabel:  domain hash size = 128
[STDOUT  ] 2018-08-18T15:44:47.468106738Z: [    0.759696] NetLabel:  protocols = UNLABELED CIPSOv4 CALIPSO
[STDOUT  ] 2018-08-18T15:44:47.468123106Z: [    0.761546] NetLabel:  unlabeled traffic allowed by default
[STDOUT  ] 2018-08-18T15:44:47.468139264Z: [    0.762878] HPET: 3 timers in total, 0 timers will be used for per-cpu timer
[STDOUT  ] 2018-08-18T15:44:47.468157518Z: [    0.763491] hpet0: at MMIO 0xfed00000, IRQs 2, 8, 0
[STDOUT  ] 2018-08-18T15:44:47.468173682Z: [    0.763852] hpet0: 3 comparators, 64-bit 100.000000 MHz counter
[STDOUT  ] 2018-08-18T15:44:47.468189833Z: [    0.771086] clocksource: Switched to clocksource hpet
[STDOUT  ] 2018-08-18T15:44:47.468205970Z: [    0.996184] VFS: Disk quotas dquot_6.6.0
[STDOUT  ] 2018-08-18T15:44:47.468222157Z: [    0.996837] VFS: Dquot-cache hash table entries: 512 (order 0, 4096 bytes)
[STDOUT  ] 2018-08-18T15:44:47.468238384Z: [    0.999066] FS-Cache: Loaded
[STDOUT  ] 2018-08-18T15:44:47.468254480Z: [    1.003710] CacheFiles: Loaded
[STDOUT  ] 2018-08-18T15:44:47.468270649Z: [    1.004557] pnp: PnP ACPI init
[STDOUT  ] 2018-08-18T15:44:47.468290513Z: [    1.012963] pnp: PnP ACPI: found 5 devices
[STDOUT  ] 2018-08-18T15:44:47.468306669Z: [    1.047220] clocksource: acpi_pm: mask: 0xffffff max_cycles: 0xffffff, max_idle_ns: 2085701024 ns
[STDOUT  ] 2018-08-18T15:44:47.468324701Z: [    1.049448] NET: Registered protocol family 2
[STDOUT  ] 2018-08-18T15:44:47.468341168Z: [    1.055567] TCP established hash table entries: 8192 (order: 4, 65536 bytes)
[STDOUT  ] 2018-08-18T15:44:47.468357505Z: [    1.056228] TCP bind hash table entries: 8192 (order: 5, 131072 bytes)
[STDOUT  ] 2018-08-18T15:44:47.468373903Z: [    1.057244] TCP: Hash tables configured (established 8192 bind 8192)
[STDOUT  ] 2018-08-18T15:44:47.468390096Z: [    1.059016] UDP hash table entries: 512 (order: 2, 16384 bytes)
[STDOUT  ] 2018-08-18T15:44:47.468406500Z: [    1.059618] UDP-Lite hash table entries: 512 (order: 2, 16384 bytes)
[STDOUT  ] 2018-08-18T15:44:47.468422864Z: [    1.061829] NET: Registered protocol family 1
[STDOUT  ] 2018-08-18T15:44:47.468439308Z: [    1.062622] pci 0000:00:01.0: Video device with shadowed ROM at [mem 0x000c0000-0x000dffff]
[STDOUT  ] 2018-08-18T15:44:47.468455619Z: [    1.067095] Trying to unpack rootfs image as initramfs...
[STDOUT  ] 2018-08-18T15:44:47.468472272Z: [    4.443112] Freeing initrd memory: 28672K
[STDOUT  ] 2018-08-18T15:44:47.468488498Z: [    4.463152] PCLMULQDQ-NI instructions are not detected.
[STDOUT  ] 2018-08-18T15:44:47.468524689Z: [    4.464169] AVX or AES-NI instructions are not detected.
[STDOUT  ] 2018-08-18T15:44:47.468541486Z: [    4.464564] CPU feature 'AVX registers' is not supported.
[STDOUT  ] 2018-08-18T15:44:47.468560256Z: [    4.464910] CPU feature 'AVX registers' is not supported.
[STDOUT  ] 2018-08-18T15:44:47.468576613Z: [    4.465241] CPU feature 'AVX registers' is not supported.
[STDOUT  ] 2018-08-18T15:44:47.468592897Z: [    4.465590] CPU feature 'AVX registers' is not supported.
[STDOUT  ] 2018-08-18T15:44:47.468608977Z: [    4.465919] AVX2 or AES-NI instructions are not detected.
[STDOUT  ] 2018-08-18T15:44:47.468625407Z: [    4.466252] AVX2 instructions are not detected.
[STDOUT  ] 2018-08-18T15:44:47.468641881Z: [    4.469708] audit: initializing netlink subsys (disabled)
[STDOUT  ] 2018-08-18T15:44:47.468658301Z: [    4.475781] audit: type=2000 audit(1534607063.470:1): state=initialized audit_enabled=0 res=1
[STDOUT  ] 2018-08-18T15:44:47.468678135Z: [    4.476797] workingset: timestamp_bits=46 max_order=18 bucket_order=0
[STDOUT  ] 2018-08-18T15:44:47.468694948Z: [    4.482701] squashfs: version 4.0 (2009/01/31) Phillip Lougher
[STDOUT  ] 2018-08-18T15:44:47.468711535Z: [    4.484550] FS-Cache: Netfs 'cifs' registered for caching
[STDOUT  ] 2018-08-18T15:44:47.468735031Z: [    4.485287] fuse init (API version 7.26)
[STDOUT  ] 2018-08-18T15:44:47.468751439Z: [    4.487163] SGI XFS with ACLs, security attributes, no debug enabled
[STDOUT  ] 2018-08-18T15:44:47.468768001Z: [    4.490655] 9p: Installing v9fs 9p2000 file system support
[STDOUT  ] 2018-08-18T15:44:47.468784525Z: [    4.491066] FS-Cache: Netfs '9p' registered for caching
[STDOUT  ] 2018-08-18T15:44:47.468800960Z: [    4.521796] NET: Registered protocol family 38
[STDOUT  ] 2018-08-18T15:44:47.468817412Z: [    4.522299] Key type asymmetric registered
[STDOUT  ] 2018-08-18T15:44:47.468833807Z: [    4.522608] Asymmetric key parser 'x509' registered
[STDOUT  ] 2018-08-18T15:44:47.468850296Z: [    4.523189] Block layer SCSI generic (bsg) driver version 0.4 loaded (major 247)
[STDOUT  ] 2018-08-18T15:44:47.468873694Z: [    4.524315] io scheduler noop registered
[STDOUT  ] 2018-08-18T15:44:47.468890364Z: [    4.524614] io scheduler deadline registered (default)
[STDOUT  ] 2018-08-18T15:44:47.468906787Z: [    4.525245] io scheduler cfq registered
[STDOUT  ] 2018-08-18T15:44:47.468925601Z: [    4.525504] io scheduler mq-deadline registered
[STDOUT  ] 2018-08-18T15:44:47.468942023Z: [    4.525760] io scheduler kyber registered
[STDOUT  ] 2018-08-18T15:44:47.468958540Z: [    4.528007] shpchp: Standard Hot Plug PCI Controller Driver version: 0.4
[STDOUT  ] 2018-08-18T15:44:47.468979085Z: [    4.528650] hv_vmbus: registering driver hyperv_fb
[STDOUT  ] 2018-08-18T15:44:47.468995661Z: [    4.531992] input: Power Button as /devices/LNXSYSTM:00/LNXPWRBN:00/input/input0
[STDOUT  ] 2018-08-18T15:44:47.469012099Z: [    4.534230] ACPI: Power Button [PWRF]
[STDOUT  ] 2018-08-18T15:44:47.469028456Z: [    4.546756] ACPI: PCI Interrupt Link [GSIG] enabled at IRQ 22
[STDOUT  ] 2018-08-18T15:44:47.469050245Z: [    4.555746] ACPI: PCI Interrupt Link [GSIH] enabled at IRQ 23
[STDOUT  ] 2018-08-18T15:44:47.469067101Z: [    4.559220] Serial: 8250/16550 driver, 4 ports, IRQ sharing disabled
[STDOUT  ] 2018-08-18T15:44:47.469083729Z: [    4.586878] 00:04: ttyS0 at I/O 0x3f8 (irq = 4, base_baud = 115200) is a 16550A
[STDOUT  ] 2018-08-18T15:44:47.469100134Z: [    4.594702] Non-volatile memory driver v1.3
[STDOUT  ] 2018-08-18T15:44:47.469116643Z: [    4.599632] Hangcheck: starting hangcheck timer 0.9.1 (tick is 180 seconds, margin is 60 seconds).
[STDOUT  ] 2018-08-18T15:44:47.469133269Z: [    4.611011] random: fast init done
[STDOUT  ] 2018-08-18T15:44:47.469149655Z: [    4.612061] random: crng init done
[STDOUT  ] 2018-08-18T15:44:47.469166062Z: [    4.652881] brd: module loaded
[STDOUT  ] 2018-08-18T15:44:47.469182767Z: [    4.677270] loop: module loaded
[STDOUT  ] 2018-08-18T15:44:47.469206347Z: [    4.726599] lpc_ich 0000:00:1f.0: I/O space for GPIO uninitialized
[STDOUT  ] 2018-08-18T15:44:47.469223456Z: [    4.728267] VMware PVSCSI driver - version 1.0.7.0-k
[STDOUT  ] 2018-08-18T15:44:47.469240546Z: [    4.728856] hv_vmbus: registering driver hv_storvsc
[STDOUT  ] 2018-08-18T15:44:47.469263777Z: [    4.736337] ACPI: PCI Interrupt Link [GSIA] enabled at IRQ 16
[STDOUT  ] 2018-08-18T15:44:47.469280521Z: [    4.741906] ahci 0000:00:1f.2: AHCI 0001.0000 32 slots 6 ports 1.5 Gbps 0x3f impl SATA mode
[STDOUT  ] 2018-08-18T15:44:47.469297014Z: [    4.742660] ahci 0000:00:1f.2: flags: 64bit ncq only 
[STDOUT  ] 2018-08-18T15:44:47.469313448Z: [    4.756351] scsi host0: ahci
[STDOUT  ] 2018-08-18T15:44:47.469329679Z: [    4.758894] scsi host1: ahci
[STDERR  ] 2018-08-18T15:44:47.469479287Z: + RESULT=[    0.000000] Linux version 4.14.63-linuxkit (root@rlin01) (gcc version 6.4.0 (Alpine 6.4.0)) #1 SMP Fri Aug 17 17:27:47 UTC 2018
[STDOUT  ] 2018-08-18T15:44:47.469346049Z: [    4.760707] scsi host2: ahci
[STDOUT  ] 2018-08-18T15:44:47.469701575Z: [    4.762134] scsi host3: ahci
[STDOUT  ] 2018-08-18T15:44:47.469715214Z: [    4.763534] scsi host4: ahci
[STDOUT  ] 2018-08-18T15:44:47.469728278Z: [    4.764961] scsi host5: ahci
[STDERR  ] 2018-08-18T15:44:47.469654744Z: [    0.000000] Command line: console=ttyS0 console=ttyAMA0
[STDERR  ] 2018-08-18T15:44:47.469760308Z: [    0.000000] x86/fpu: x87 FPU will use FXSAVE
[STDERR  ] 2018-08-18T15:44:47.469785721Z: [    0.000000] e820: BIOS-provided physical RAM map:
[STDERR  ] 2018-08-18T15:44:47.469839974Z: [    0.000000] BIOS-e820: [mem 0x0000000000000000-0x000000000009fbff] usable
[STDERR  ] 2018-08-18T15:44:47.469868907Z: [    0.000000] BIOS-e820: [mem 0x000000000009fc00-0x000000000009ffff] reserved
[STDOUT  ] 2018-08-18T15:44:47.469741924Z: [    4.766074] ata1: SATA max UDMA/133 abar m4096@0xfebd2000 port 0xfebd2100 irq 24
[STDERR  ] 2018-08-18T15:44:47.469927693Z: [    0.000000] BIOS-e820: [mem 0x00000000000f0000-0x00000000000fffff] reserved
[STDERR  ] 2018-08-18T15:44:47.469949961Z: [    0.000000] BIOS-e820: [mem 0x0000000000100000-0x000000003ffdefff] usable
[STDERR  ] 2018-08-18T15:44:47.469969305Z: [    0.000000] BIOS-e820: [mem 0x000000003ffdf000-0x000000003fffffff] reserved
[STDERR  ] 2018-08-18T15:44:47.470004291Z: [    0.000000] BIOS-e820: [mem 0x00000000b0000000-0x00000000bfffffff] reserved
[STDERR  ] 2018-08-18T15:44:47.470024067Z: [    0.000000] BIOS-e820: [mem 0x00000000fed1c000-0x00000000fed1ffff] reserved
[STDERR  ] 2018-08-18T15:44:47.470050304Z: [    0.000000] BIOS-e820: [mem 0x00000000fffc0000-0x00000000ffffffff] reserved
[STDOUT  ] 2018-08-18T15:44:47.470098599Z: [    4.766713] ata2: SATA max UDMA/133 abar m4096@0xfebd2000 port 0xfebd2180 irq 24
[STDOUT  ] 2018-08-18T15:44:47.470118515Z: [    4.767261] ata3: SATA max UDMA/133 abar m4096@0xfebd2000 port 0xfebd2200 irq 24
[STDOUT  ] 2018-08-18T15:44:47.470132461Z: [    4.767848] ata4: SATA max UDMA/133 abar m4096@0xfebd2000 port 0xfebd2280 irq 24
[STDERR  ] 2018-08-18T15:44:47.470092643Z: [    0.000000] NX (Execute Disable) protection: active
[STDERR  ] 2018-08-18T15:44:47.470144618Z: [    0.000000] SMBIOS 2.8 present.
[STDERR  ] 2018-08-18T15:44:47.470203607Z: [    0.000000] DMI: QEMU Standard PC (Q35 + ICH9, 2009), BIOS 1.10.2-1 04/01/2014
[STDERR  ] 2018-08-18T15:44:47.470224256Z: [    0.000000] tsc: Fast TSC calibration using PIT
[STDOUT  ] 2018-08-18T15:44:47.470146352Z: [    4.768385] ata5: SATA max UDMA/133 abar m4096@0xfebd2000 port 0xfebd2300 irq 24
[STDOUT  ] 2018-08-18T15:44:47.470267877Z: [    4.768991] ata6: SATA max UDMA/133 abar m4096@0xfebd2000 port 0xfebd2380 irq 24
[STDOUT  ] 2018-08-18T15:44:47.470282383Z: [    4.778585] tun: Universal TUN/TAP device driver, 1.6
[STDOUT  ] 2018-08-18T15:44:47.470296055Z: [    4.788033] VMware vmxnet3 virtual NIC driver - version 1.4.a.0-k-NAPI
[STDOUT  ] 2018-08-18T15:44:47.470323528Z: [    4.789298] hv_vmbus: registering driver hv_netvsc
[STDOUT  ] 2018-08-18T15:44:47.470338720Z: [    4.789693] Fusion MPT base driver 3.04.20
[STDOUT  ] 2018-08-18T15:44:47.470352559Z: [    4.789974] Copyright (c) 1999-2008 LSI Corporation
[STDOUT  ] 2018-08-18T15:44:47.470367047Z: [    4.790753] Fusion MPT SPI Host driver 3.04.20
[STDERR  ] 2018-08-18T15:44:47.470243866Z: [    0.000000] e820: last_pfn = 0x3ffdf max_arch_pfn = 0x400000000
[STDERR  ] 2018-08-18T15:44:47.470401027Z: [    0.000000] x86/PAT: Configuration [0-7]: WB  WC  UC- UC  WB  WP  UC- WT  
[STDERR  ] 2018-08-18T15:44:47.470435645Z: [    0.000000] found SMP MP-table at [mem 0x000f6a90-0x000f6a9f] mapped at [ffffffffff200a90]
[STDERR  ] 2018-08-18T15:44:47.470456075Z: [    0.000000] RAMDISK: [mem 0x3e3d0000-0x3ffcffff]
[STDERR  ] 2018-08-18T15:44:47.470476608Z: [    0.000000] ACPI: Early table checksum verification disabled
[STDERR  ] 2018-08-18T15:44:47.470496306Z: [    0.000000] ACPI: RSDP 0x00000000000F68D0 000014 (v00 BOCHS )
[STDERR  ] 2018-08-18T15:44:47.470536090Z: [    0.000000] ACPI: RSDT 0x000000003FFE2404 000034 (v01 BOCHS  BXPCRSDT 00000001 BXPC 00000001)
[STDERR  ] 2018-08-18T15:44:47.470555326Z: [    0.000000] ACPI: FACP 0x000000003FFE22A4 000074 (v01 BOCHS  BXPCFACP 00000001 BXPC 00000001)
[STDERR  ] 2018-08-18T15:44:47.470575116Z: [    0.000000] ACPI: DSDT 0x000000003FFE0040 002264 (v01 BOCHS  BXPCDSDT 00000001 BXPC 00000001)
[STDERR  ] 2018-08-18T15:44:47.470595294Z: [    0.000000] ACPI: FACS 0x000000003FFE0000 000040
[STDERR  ] 2018-08-18T15:44:47.470615142Z: [    0.000000] ACPI: APIC 0x000000003FFE2318 000078 (v01 BOCHS  BXPCAPIC 00000001 BXPC 00000001)
[STDERR  ] 2018-08-18T15:44:47.470640060Z: [    0.000000] ACPI: HPET 0x000000003FFE2390 000038 (v01 BOCHS  BXPCHPET 00000001 BXPC 00000001)
[STDERR  ] 2018-08-18T15:44:47.470660500Z: [    0.000000] ACPI: MCFG 0x000000003FFE23C8 00003C (v01 BOCHS  BXPCMCFG 00000001 BXPC 00000001)
[STDERR  ] 2018-08-18T15:44:47.470680139Z: [    0.000000] Zone ranges:
[STDERR  ] 2018-08-18T15:44:47.470699596Z: [    0.000000]   DMA      [mem 0x0000000000001000-0x0000000000ffffff]
[STDERR  ] 2018-08-18T15:44:47.470718207Z: [    0.000000]   DMA32    [mem 0x0000000001000000-0x000000003ffdefff]
[STDERR  ] 2018-08-18T15:44:47.470737346Z: [    0.000000]   Normal   empty
[STDERR  ] 2018-08-18T15:44:47.470756597Z: [    0.000000]   Device   empty
[STDERR  ] 2018-08-18T15:44:47.470775685Z: [    0.000000] Movable zone start for each node
[STDERR  ] 2018-08-18T15:44:47.470795100Z: [    0.000000] Early memory node ranges
[STDERR  ] 2018-08-18T15:44:47.470814422Z: [    0.000000]   node   0: [mem 0x0000000000001000-0x000000000009efff]
[STDOUT  ] 2018-08-18T15:44:47.470381061Z: [    4.792342] i8042: PNP: PS/2 Controller [PNP0303:KBD,PNP0f13:MOU] at 0x60,0x64 irq 1,12
[STDERR  ] 2018-08-18T15:44:47.470836103Z: [    0.000000]   node   0: [mem 0x0000000000100000-0x000000003ffdefff]
[STDERR  ] 2018-08-18T15:44:47.470862284Z: [    0.000000] Initmem setup node 0 [mem 0x0000000000001000-0x000000003ffdefff]
[STDERR  ] 2018-08-18T15:44:47.470881497Z: [    0.000000] ACPI: PM-Timer IO Port: 0x608
[STDERR  ] 2018-08-18T15:44:47.470900491Z: [    0.000000] ACPI: LAPIC_NMI (acpi_id[0xff] dfl dfl lint[0x1])
[STDERR  ] 2018-08-18T15:44:47.470919312Z: [    0.000000] IOAPIC[0]: apic_id 0, version 32, address 0xfec00000, GSI 0-23
[STDERR  ] 2018-08-18T15:44:47.470938629Z: [    0.000000] ACPI: INT_SRC_OVR (bus 0 bus_irq 0 global_irq 2 dfl dfl)
[STDERR  ] 2018-08-18T15:44:47.470956865Z: [    0.000000] ACPI: INT_SRC_OVR (bus 0 bus_irq 5 global_irq 5 high level)
[STDERR  ] 2018-08-18T15:44:47.470979278Z: [    0.000000] ACPI: INT_SRC_OVR (bus 0 bus_irq 9 global_irq 9 high level)
[STDOUT  ] 2018-08-18T15:44:47.470845306Z: [    4.795961] serio: i8042 KBD port at 0x60,0x64 irq 1
[STDERR  ] 2018-08-18T15:44:47.471079759Z: [    0.000000] ACPI: INT_SRC_OVR (bus 0 bus_irq 10 global_irq 10 high level)
[STDOUT  ] 2018-08-18T15:44:47.471078632Z: [    4.796509] serio: i8042 AUX port at 0x60,0x64 irq 12
[STDOUT  ] 2018-08-18T15:44:47.471093822Z: [    4.798545] hv_vmbus: registering driver hyperv_keyboard
[STDERR  ] 2018-08-18T15:44:47.471101282Z: [    0.000000] ACPI: INT_SRC_OVR (bus 0 bus_irq 11 global_irq 11 high level)
[STDOUT  ] 2018-08-18T15:44:47.471114778Z: [    4.800667] mousedev: PS/2 mouse device common for all mice
[STDERR  ] 2018-08-18T15:44:47.471120109Z: [    0.000000] Using ACPI (MADT) for SMP configuration information
[STDERR  ] 2018-08-18T15:44:47.471141739Z: [    0.000000] ACPI: HPET id: 0x8086a201 base: 0xfed00000
[STDERR  ] 2018-08-18T15:44:47.471179729Z: [    0.000000] smpboot: Allowing 1 CPUs, 0 hotplug CPUs
[STDERR  ] 2018-08-18T15:44:47.471201198Z: [    0.000000] e820: [mem 0x40000000-0xafffffff] available for PCI devices
[STDERR  ] 2018-08-18T15:44:47.471221831Z: [    0.000000] Booting paravirtualized kernel on bare hardware
[STDERR  ] 2018-08-18T15:44:47.471244677Z: [    0.000000] clocksource: refined-jiffies: mask: 0xffffffff max_cycles: 0xffffffff, max_idle_ns: 19112604462750000 ns
[STDERR  ] 2018-08-18T15:44:47.471266019Z: [    0.000000] random: get_random_bytes called from start_kernel+0x92/0x4cb with crng_init=0
[STDERR  ] 2018-08-18T15:44:47.471291204Z: [    0.000000] setup_percpu: NR_CPUS:128 nr_cpumask_bits:128 nr_cpu_ids:1 nr_node_ids:1
[STDERR  ] 2018-08-18T15:44:47.471310309Z: [    0.000000] percpu: Embedded 44 pages/cpu @ffff8a927e000000 s143256 r8192 d28776 u2097152
[STDERR  ] 2018-08-18T15:44:47.471343698Z: [    0.000000] Built 1 zonelists, mobility grouping on.  Total pages: 257896
[STDERR  ] 2018-08-18T15:44:47.471377608Z: [    0.000000] Kernel command line: console=ttyS0 console=ttyAMA0
[STDERR  ] 2018-08-18T15:44:47.471399126Z: [    0.000000] PID hash table entries: 4096 (order: 3, 32768 bytes)
[STDERR  ] 2018-08-18T15:44:47.471419948Z: [    0.000000] Dentry cache hash table entries: 131072 (order: 8, 1048576 bytes)
[STDERR  ] 2018-08-18T15:44:47.471439543Z: [    0.000000] Inode-cache hash table entries: 65536 (order: 7, 524288 bytes)
[STDERR  ] 2018-08-18T15:44:47.471459449Z: [    0.000000] Memory: 976116K/1048052K available (12300K kernel code, 1465K rwdata, 2996K rodata, 1516K init, 632K bss, 71936K reserved, 0K cma-reserved)
[STDERR  ] 2018-08-18T15:44:47.471483601Z: [    0.000000] ftrace: allocating 41077 entries in 161 pages
[STDERR  ] 2018-08-18T15:44:47.471515718Z: [    0.000000] Hierarchical RCU implementation.
[STDERR  ] 2018-08-18T15:44:47.471535184Z: [    0.000000] 	RCU restricting CPUs from NR_CPUS=128 to nr_cpu_ids=1.
[STDERR  ] 2018-08-18T15:44:47.471567560Z: [    0.000000] RCU: Adjusting geometry for rcu_fanout_leaf=16, nr_cpu_ids=1
[STDERR  ] 2018-08-18T15:44:47.471586724Z: [    0.000000] NR_IRQS: 8448, nr_irqs: 256, preallocated irqs: 16
[STDERR  ] 2018-08-18T15:44:47.471606716Z: [    0.000000] Console: colour VGA+ 80x25
[STDERR  ] 2018-08-18T15:44:47.471646014Z: [    0.000000] console [ttyS0] enabled
[STDERR  ] 2018-08-18T15:44:47.471676038Z: [    0.000000] clocksource: hpet: mask: 0xffffffff max_cycles: 0xffffffff, max_idle_ns: 19112604467 ns
[STDERR  ] 2018-08-18T15:44:47.471706319Z: [    0.010000] tsc: Fast TSC calibration using PIT
[STDERR  ] 2018-08-18T15:44:47.471726551Z: [    0.010000] tsc: Detected 2599.717 MHz processor
[STDERR  ] 2018-08-18T15:44:47.471746194Z: [    0.010000] Calibrating delay loop (skipped), value calculated using timer frequency.. 5199.43 BogoMIPS (lpj=25997170)
[STDERR  ] 2018-08-18T15:44:47.471765558Z: [    0.010000] pid_max: default: 32768 minimum: 301
[STDERR  ] 2018-08-18T15:44:47.471784403Z: [    0.010000] ACPI: Core revision 20170728
[STDERR  ] 2018-08-18T15:44:47.471803319Z: [    0.048354] ACPI: 1 ACPI AML tables successfully acquired and loaded
[STDERR  ] 2018-08-18T15:44:47.471822738Z: [    0.050206] Security Framework initialized
[STDERR  ] 2018-08-18T15:44:47.471842361Z: [    0.050563] Yama: becoming mindful.
[STDERR  ] 2018-08-18T15:44:47.471862438Z: [    0.052259] Mount-cache hash table entries: 2048 (order: 2, 16384 bytes)
[STDERR  ] 2018-08-18T15:44:47.471884168Z: [    0.052721] Mountpoint-cache hash table entries: 2048 (order: 2, 16384 bytes)
[STDERR  ] 2018-08-18T15:44:47.471910981Z: [    0.066924] Last level iTLB entries: 4KB 0, 2MB 0, 4MB 0
[STDERR  ] 2018-08-18T15:44:47.471930956Z: [    0.067466] Last level dTLB entries: 4KB 0, 2MB 0, 4MB 0, 1GB 0
[STDERR  ] 2018-08-18T15:44:47.471950006Z: [    0.068146] Spectre V2 : Spectre mitigation: LFENCE not serializing, switching to generic retpoline
[STDERR  ] 2018-08-18T15:44:47.471969511Z: [    0.069024] Spectre V2 : Mitigation: Full generic retpoline
[STDOUT  ] 2018-08-18T15:44:47.471127880Z: [    4.804167] input: AT Translated Set 2 keyboard as /devices/platform/i8042/serio0/input/input1
[STDERR  ] 2018-08-18T15:44:47.471989883Z: [    0.069561] Spectre V2 : Spectre v2 / SpectreRSB mitigation: Filling RSB on context switch
[STDERR  ] 2018-08-18T15:44:47.472023949Z: [    0.070099] Speculative Store Bypass: Vulnerable
[STDERR  ] 2018-08-18T15:44:47.472050580Z: [    0.294965] Freeing SMP alternatives memory: 20K
[STDERR  ] 2018-08-18T15:44:47.472079186Z: [    0.311481] smpboot: Max logical packages: 1
[STDERR  ] 2018-08-18T15:44:47.472099328Z: [    0.315574] ..TIMER: vector=0x30 apic1=0 pin1=2 apic2=-1 pin2=-1
[STDERR  ] 2018-08-18T15:44:47.472119321Z: [    0.420000] smpboot: CPU0: AMD QEMU Virtual CPU version 2.5+ (family: 0x6, model: 0x6, stepping: 0x3)
[STDERR  ] 2018-08-18T15:44:47.472145663Z: [    0.420000] Performance Events: PMU not available due to virtualization, using software events only.
[STDERR  ] 2018-08-18T15:44:47.472173423Z: [    0.420000] Hierarchical SRCU implementation.
[STDERR  ] 2018-08-18T15:44:47.472193311Z: [    0.422894] NMI watchdog: Perf event create on CPU 0 failed with -2
[STDERR  ] 2018-08-18T15:44:47.472212598Z: [    0.423296] NMI watchdog: Perf NMI watchdog permanently disabled
[STDERR  ] 2018-08-18T15:44:47.472232206Z: [    0.426245] smp: Bringing up secondary CPUs ...
[STDERR  ] 2018-08-18T15:44:47.472262384Z: [    0.426577] smp: Brought up 1 node, 1 CPU
[STDERR  ] 2018-08-18T15:44:47.472282928Z: [    0.426887] smpboot: Total of 1 processors activated (5199.43 BogoMIPS)
[STDERR  ] 2018-08-18T15:44:47.472302318Z: [    0.439079] devtmpfs: initialized
[STDERR  ] 2018-08-18T15:44:47.472321366Z: [    0.443190] x86/mm: Memory block size: 128MB
[STDERR  ] 2018-08-18T15:44:47.472347790Z: [    0.448049] evm: security.ima
[STDERR  ] 2018-08-18T15:44:47.472368096Z: [    0.448293] evm: security.capability
[STDERR  ] 2018-08-18T15:44:47.472387209Z: [    0.451099] clocksource: jiffies: mask: 0xffffffff max_cycles: 0xffffffff, max_idle_ns: 19112604462750000 ns
[STDERR  ] 2018-08-18T15:44:47.472414036Z: [    0.451778] futex hash table entries: 256 (order: 2, 16384 bytes)
[STDERR  ] 2018-08-18T15:44:47.472434941Z: [    0.460291] NET: Registered protocol family 16
[STDERR  ] 2018-08-18T15:44:47.472464477Z: [    0.466040] cpuidle: using governor ladder
[STDERR  ] 2018-08-18T15:44:47.472483654Z: [    0.466485] cpuidle: using governor menu
[STDERR  ] 2018-08-18T15:44:47.472526055Z: [    0.467834] ACPI: bus type PCI registered
[STDERR  ] 2018-08-18T15:44:47.472545984Z: [    0.470197] PCI: MMCONFIG for domain 0000 [bus 00-ff] at [mem 0xb0000000-0xbfffffff] (base 0xb0000000)
[STDERR  ] 2018-08-18T15:44:47.472565466Z: [    0.470884] PCI: MMCONFIG at [mem 0xb0000000-0xbfffffff] reserved in E820
[STDERR  ] 2018-08-18T15:44:47.472584140Z: [    0.471730] PCI: Using configuration type 1 for base access
[STDERR  ] 2018-08-18T15:44:47.472602702Z: [    0.513825] HugeTLB registered 2.00 MiB page size, pre-allocated 0 pages
[STDERR  ] 2018-08-18T15:44:47.472621162Z: [    0.522605] ACPI: Added _OSI(Module Device)
[STDERR  ] 2018-08-18T15:44:47.472654017Z: [    0.522921] ACPI: Added _OSI(Processor Device)
[STDERR  ] 2018-08-18T15:44:47.472673090Z: [    0.523169] ACPI: Added _OSI(3.0 _SCP Extensions)
[STDERR  ] 2018-08-18T15:44:47.472693053Z: [    0.523439] ACPI: Added _OSI(Processor Aggregator Device)
[STDERR  ] 2018-08-18T15:44:47.472711886Z: [    0.578064] ACPI: Interpreter enabled
[STDERR  ] 2018-08-18T15:44:47.472730730Z: [    0.578772] ACPI: (supports S0 S5)
[STDERR  ] 2018-08-18T15:44:47.472749743Z: [    0.579084] ACPI: Using IOAPIC for interrupt routing
[STDERR  ] 2018-08-18T15:44:47.472769512Z: [    0.580955] PCI: Using host bridge windows from ACPI; if necessary, use "pci=nocrs" and report a bug
[STDERR  ] 2018-08-18T15:44:47.472800933Z: [    0.583552] ACPI: Enabled 2 GPEs in block 00 to 3F
[STDERR  ] 2018-08-18T15:44:47.472819970Z: [    0.633642] ACPI: PCI Root Bridge [PCI0] (domain 0000 [bus 00-ff])
[STDERR  ] 2018-08-18T15:44:47.472839370Z: [    0.634424] acpi PNP0A08:00: _OSC: OS supports [ExtendedConfig ASPM ClockPM Segments MSI]
[STDERR  ] 2018-08-18T15:44:47.472869615Z: [    0.638051] acpi PNP0A08:00: _OSC: OS now controls [PCIeHotplug PME PCIeCapability]
[STDERR  ] 2018-08-18T15:44:47.472892317Z: [    0.641237] PCI host bridge to bus 0000:00
[STDERR  ] 2018-08-18T15:44:47.472919374Z: [    0.641673] pci_bus 0000:00: root bus resource [io  0x0000-0x0cf7 window]
[STDOUT  ] 2018-08-18T15:44:47.471999643Z: [    4.806222] input: PC Speaker as /devices/platform/pcspkr/input/input2
[STDERR  ] 2018-08-18T15:44:47.472939306Z: [    0.642068] pci_bus 0000:00: root bus resource [io  0x0d00-0xffff window]
[STDOUT  ] 2018-08-18T15:44:47.472960040Z: [    4.809231] rtc_cmos 00:00: RTC can wake from S4
[STDOUT  ] 2018-08-18T15:44:47.472997493Z: [    4.812076] rtc_cmos 00:00: rtc core: registered rtc_cmos as rtc0
[STDOUT  ] 2018-08-18T15:44:47.473011209Z: [    4.813099] rtc_cmos 00:00: alarms up to one day, y3k, 114 bytes nvram, hpet irqs
[STDOUT  ] 2018-08-18T15:44:47.473024270Z: [    4.813718] i2c /dev entries driver
[STDOUT  ] 2018-08-18T15:44:47.473037331Z: [    4.815248] device-mapper: ioctl: 4.37.0-ioctl (2017-09-20) initialised: dm-devel@redhat.com
[STDOUT  ] 2018-08-18T15:44:47.473050982Z: [    4.818710] usbcore: registered new interface driver usbhid
[STDOUT  ] 2018-08-18T15:44:47.473065518Z: [    4.819118] usbhid: USB HID core driver
[STDOUT  ] 2018-08-18T15:44:47.473080730Z: [    4.819771] hv_utils: Registering HyperV Utility Driver
[STDOUT  ] 2018-08-18T15:44:47.473093439Z: [    4.820350] hv_vmbus: registering driver hv_util
[STDOUT  ] 2018-08-18T15:44:47.473106257Z: [    4.820636] hv_vmbus: registering driver hv_balloon
[STDOUT  ] 2018-08-18T15:44:47.473119983Z: [    4.821206] oprofile: using NMI interrupt.
[STDOUT  ] 2018-08-18T15:44:47.473132700Z: [    4.822090] GACT probability on
[STDOUT  ] 2018-08-18T15:44:47.473145657Z: [    4.822410] Mirror/redirect action on
[STDOUT  ] 2018-08-18T15:44:47.473158483Z: [    4.822861] Simple TC action Loaded
[STDOUT  ] 2018-08-18T15:44:47.473171392Z: [    4.823260] u32 classifier
[STDOUT  ] 2018-08-18T15:44:47.473184350Z: [    4.823424]     Performance counters on
[STDOUT  ] 2018-08-18T15:44:47.473196780Z: [    4.823661]     input device check on
[STDOUT  ] 2018-08-18T15:44:47.473211393Z: [    4.823874]     Actions configured
[STDOUT  ] 2018-08-18T15:44:47.473224757Z: [    4.824396] Netfilter messages via NETLINK v0.30.
[STDOUT  ] 2018-08-18T15:44:47.473241773Z: [    4.824851] nfnl_acct: registering with nfnetlink.
[STDOUT  ] 2018-08-18T15:44:47.473255388Z: [    4.826061] nf_conntrack version 0.5.0 (8192 buckets, 32768 max)
[STDOUT  ] 2018-08-18T15:44:47.473270162Z: [    4.827867] ctnetlink v0.93: registering with nfnetlink.
[STDOUT  ] 2018-08-18T15:44:47.473283677Z: [    4.830923] nf_tables: (c) 2007-2009 Patrick McHardy <kaber@trash.net>
[STDOUT  ] 2018-08-18T15:44:47.473298979Z: [    4.831603] nf_tables_compat: (c) 2012 Pablo Neira Ayuso <pablo@netfilter.org>
[STDOUT  ] 2018-08-18T15:44:47.473311388Z: [    4.833590] xt_time: kernel timezone is -0000
[STDOUT  ] 2018-08-18T15:44:47.473324247Z: [    4.834019] ip_set: protocol 6
[STDOUT  ] 2018-08-18T15:44:47.473338178Z: [    4.834564] IPVS: Registered protocols (TCP, UDP, SCTP, AH, ESP)
[STDOUT  ] 2018-08-18T15:44:47.473421879Z: [    4.835038] IPVS: Connection hash table configured (size=4096, memory=64Kbytes)
[STDOUT  ] 2018-08-18T15:44:47.473440089Z: [    4.838134] IPVS: ipvs loaded.
[STDOUT  ] 2018-08-18T15:44:47.473452229Z: [    4.838484] IPVS: [rr] scheduler registered.
[STDOUT  ] 2018-08-18T15:44:47.473464977Z: [    4.838828] IPVS: [wrr] scheduler registered.
[STDOUT  ] 2018-08-18T15:44:47.473477449Z: [    4.839206] IPVS: [lc] scheduler registered.
[STDOUT  ] 2018-08-18T15:44:47.473510864Z: [    4.839529] IPVS: [wlc] scheduler registered.
[STDOUT  ] 2018-08-18T15:44:47.473524759Z: [    4.839843] IPVS: [fo] scheduler registered.
[STDOUT  ] 2018-08-18T15:44:47.473538085Z: [    4.840539] IPVS: [ovf] scheduler registered.
[STDOUT  ] 2018-08-18T15:44:47.473558328Z: [    4.840943] IPVS: [lblc] scheduler registered.
[STDOUT  ] 2018-08-18T15:44:47.473571641Z: [    4.841334] IPVS: [lblcr] scheduler registered.
[STDOUT  ] 2018-08-18T15:44:47.473585027Z: [    4.841695] IPVS: [dh] scheduler registered.
[STDOUT  ] 2018-08-18T15:44:47.473597551Z: [    4.842001] IPVS: [sh] scheduler registered.
[STDOUT  ] 2018-08-18T15:44:47.473611652Z: [    4.842312] IPVS: [sed] scheduler registered.
[STDOUT  ] 2018-08-18T15:44:47.473625605Z: [    4.842649] IPVS: [nq] scheduler registered.
[STDOUT  ] 2018-08-18T15:44:47.473639125Z: [    4.843300] IPVS: ftp: loaded support on port[0] = 21
[STDOUT  ] 2018-08-18T15:44:47.473654192Z: [    4.844076] ipip: IPv4 and MPLS over IPv4 tunneling driver
[STDOUT  ] 2018-08-18T15:44:47.473674409Z: [    4.847170] gre: GRE over IPv4 demultiplexor driver
[STDOUT  ] 2018-08-18T15:44:47.473689820Z: [    4.849237] ip_tables: (C) 2000-2006 Netfilter Core Team
[STDOUT  ] 2018-08-18T15:44:47.473704715Z: [    4.852657] ipt_CLUSTERIP: ClusterIP Version 0.8 loaded successfully
[STDOUT  ] 2018-08-18T15:44:47.473719209Z: [    4.853195] arp_tables: arp_tables: (C) 2002 David S. Miller
[STDOUT  ] 2018-08-18T15:44:47.473735353Z: [    4.854951] NET: Registered protocol family 10
[STDOUT  ] 2018-08-18T15:44:47.473749759Z: [    4.862886] Segment Routing with IPv6
[STDERR  ] 2018-08-18T15:44:47.472967361Z: [    0.642449] pci_bus 0000:00: root bus resource [mem 0x000a0000-0x000bffff window]
[STDOUT  ] 2018-08-18T15:44:47.473764149Z: [    4.863637] ip6_tables: (C) 2000-2006 Netfilter Core Team
[STDERR  ] 2018-08-18T15:44:47.473776560Z: [    0.642866] pci_bus 0000:00: root bus resource [mem 0xc0000000-0xfebfffff window]
[STDOUT  ] 2018-08-18T15:44:47.473794075Z: [    4.869636] NET: Registered protocol family 17
[STDOUT  ] 2018-08-18T15:44:47.473825659Z: [    4.871063] Bridge firewalling registered
[STDOUT  ] 2018-08-18T15:44:47.473840144Z: [    4.871517] Ebtables v2.0 registered
[STDOUT  ] 2018-08-18T15:44:47.473866438Z: [    4.873045] 8021q: 802.1Q VLAN Support v1.8
[STDOUT  ] 2018-08-18T15:44:47.473880112Z: [    4.874150] 9pnet: Installing 9P2000 support
[STDERR  ] 2018-08-18T15:44:47.473893735Z: [    0.643375] pci_bus 0000:00: root bus resource [bus 00-ff]
[STDOUT  ] 2018-08-18T15:44:47.473897924Z: [    4.875330] Key type dns_resolver registered
[STDOUT  ] 2018-08-18T15:44:47.473911487Z: [    4.876914] sched_clock: Marking stable (4870190570, 0)->(4975304876, -105114306)
[STDOUT  ] 2018-08-18T15:44:47.473936251Z: [    4.879864] registered taskstats version 1
[STDOUT  ] 2018-08-18T15:44:47.473954625Z: [    5.058877] Key type big_key registered
[STDOUT  ] 2018-08-18T15:44:47.473974909Z: [    5.103850] ata3: SATA link up 1.5 Gbps (SStatus 113 SControl 300)
[STDOUT  ] 2018-08-18T15:44:47.473991845Z: [    5.107128] ata3.00: ATAPI: QEMU DVD-ROM, 2.5+, max UDMA/100
[STDOUT  ] 2018-08-18T15:44:47.474008125Z: [    5.107640] ata3.00: applying bridge limits
[STDOUT  ] 2018-08-18T15:44:47.474020696Z: [    5.109139] ata2: SATA link down (SStatus 0 SControl 300)
[STDOUT  ] 2018-08-18T15:44:47.474034360Z: [    5.110536] ata1: SATA link down (SStatus 0 SControl 300)
[STDOUT  ] 2018-08-18T15:44:47.474047809Z: [    5.111338] ata4: SATA link down (SStatus 0 SControl 300)
[STDOUT  ] 2018-08-18T15:44:47.474062317Z: [    5.111775] ata5: SATA link down (SStatus 0 SControl 300)
[STDOUT  ] 2018-08-18T15:44:47.474078199Z: [    5.114504] ata6: SATA link down (SStatus 0 SControl 300)
[STDOUT  ] 2018-08-18T15:44:47.474090547Z: [    5.121788] ata3.00: configured for UDMA/100
[STDOUT  ] 2018-08-18T15:44:47.474104387Z: [    5.141670] scsi 2:0:0:0: CD-ROM            QEMU     QEMU DVD-ROM     2.5+ PQ: 0 ANSI: 5
[STDOUT  ] 2018-08-18T15:44:47.474127416Z: [    5.153844] Key type trusted registered
[STDOUT  ] 2018-08-18T15:44:47.474141807Z: [    5.183070] sr 2:0:0:0: [sr0] scsi3-mmc drive: 4x/4x cd/rw xa/form2 tray
[STDERR  ] 2018-08-18T15:44:47.473915983Z: [    0.684847] pci 0000:00:1f.0: quirk: [io  0x0600-0x067f] claimed by ICH6 ACPI/GPIO/TCO
[STDOUT  ] 2018-08-18T15:44:47.474156240Z: [    5.183641] cdrom: Uniform CD-ROM driver Revision: 3.20
[STDERR  ] 2018-08-18T15:44:47.474155900Z: [    0.712941] ACPI: PCI Interrupt Link [LNKA] (IRQs 5 *10 11)
[STDOUT  ] 2018-08-18T15:44:47.474169935Z: [    5.192053] sr 2:0:0:0: Attached scsi generic sg0 type 5
[STDOUT  ] 2018-08-18T15:44:47.474184266Z: [    5.228342] Key type encrypted registered
[STDOUT  ] 2018-08-18T15:44:47.474204871Z: [    5.228968] ima: No TPM chip found, activating TPM-bypass! (rc=-19)
[STDOUT  ] 2018-08-18T15:44:47.474219687Z: [    5.229503] ima: Allocated hash algorithm: sha256
[STDOUT  ] 2018-08-18T15:44:47.474232358Z: [    5.232194] evm: HMAC attrs: 0x1
[STDOUT  ] 2018-08-18T15:44:47.474246453Z: [    5.235716] rtc_cmos 00:00: setting system clock to 2018-08-18 15:44:24 UTC (1534607064)
[STDERR  ] 2018-08-18T15:44:47.474176887Z: [    0.714483] ACPI: PCI Interrupt Link [LNKB] (IRQs 5 *10 11)
[STDOUT  ] 2018-08-18T15:44:47.474267265Z: [    5.375515] Freeing unused kernel memory: 1516K
[STDERR  ] 2018-08-18T15:44:47.474277893Z: [    0.715827] ACPI: PCI Interrupt Link [LNKC] (IRQs 5 10 *11)
[STDERR  ] 2018-08-18T15:44:47.474302549Z: [    0.717158] ACPI: PCI Interrupt Link [LNKD] (IRQs 5 10 *11)
[STDOUT  ] 2018-08-18T15:44:47.474285842Z: [    5.390739] Write protecting the kernel read-only data: 18432k
[STDOUT  ] 2018-08-18T15:44:47.474320843Z: [    5.403464] Freeing unused kernel memory: 2024K
[STDOUT  ] 2018-08-18T15:44:47.474341711Z: [    5.457140] Freeing unused kernel memory: 1100K
[STDOUT  ] 2018-08-18T15:44:47.474355023Z: [    5.520764] tsc: Refined TSC clocksource calibration: 2599.735 MHz
[STDOUT  ] 2018-08-18T15:44:47.474368667Z: [    5.521314] clocksource: tsc: mask: 0xffffffffffffffff max_cycles: 0x257941e59b5, max_idle_ns: 440795289243 ns
[STDOUT  ] 2018-08-18T15:44:47.474396543Z: [    6.534894] clocksource: Switched to clocksource tsc
[STDERR  ] 2018-08-18T15:44:47.474321718Z: [    0.718433] ACPI: PCI Interrupt Link [LNKE] (IRQs 5 *10 11)
[STDOUT  ] 2018-08-18T15:44:47.474411412Z: 
[STDOUT  ] 2018-08-18T15:44:47.474437355Z: Welcome to LinuxKit
[STDOUT  ] 2018-08-18T15:44:47.474451278Z: 
[STDOUT  ] 2018-08-18T15:44:47.474464836Z:                         ##         .
[STDOUT  ] 2018-08-18T15:44:47.474478758Z:                   ## ## ##        ==
[STDERR  ] 2018-08-18T15:44:47.474427025Z: [    0.719754] ACPI: PCI Interrupt Link [LNKF] (IRQs 5 *10 11)
[STDOUT  ] 2018-08-18T15:44:47.474491946Z:                ## ## ## ## ##    ===
[STDOUT  ] 2018-08-18T15:44:47.474521597Z:            /"""""""""""""""""\___/ ===
[STDOUT  ] 2018-08-18T15:44:47.474541195Z:           {                       /  ===-
[STDOUT  ] 2018-08-18T15:44:47.474564670Z:            \______ O           __/
[STDOUT  ] 2018-08-18T15:44:47.474576667Z:              \    \         __/
[STDOUT  ] 2018-08-18T15:44:47.474589628Z:               \____\_______/
[STDERR  ] 2018-08-18T15:44:47.474523912Z: [    0.721025] ACPI: PCI Interrupt Link [LNKG] (IRQs 5 10 *11)
[STDOUT  ] 2018-08-18T15:44:47.474603704Z: 
[STDOUT  ] 2018-08-18T15:44:47.474624397Z: [   14.731440] 8021q: adding VLAN 0 to HW filter on device eth0
[STDOUT  ] 2018-08-18T15:44:47.474638413Z: eth0: waiting for carrier
[STDOUT  ] 2018-08-18T15:44:47.474651572Z: eth0: carrier acquired
[STDOUT  ] 2018-08-18T15:44:47.474665951Z: DUID 00:04:0f:a0:30:18:ae:bd:45:b8:b9:97:5c:8d:90:ee:a4:53
[STDOUT  ] 2018-08-18T15:44:47.474680599Z: eth0: IAID 27:f9:b4:6f
[STDOUT  ] 2018-08-18T15:44:47.474700056Z: eth0: adding address fe80::d1d7:a83:9c7e:7c6e
[STDOUT  ] 2018-08-18T15:44:47.474715300Z: eth0: soliciting an IPv6 router
[STDOUT  ] 2018-08-18T15:44:47.474729901Z: eth0: soliciting a DHCP lease
[STDOUT  ] 2018-08-18T15:44:47.474743132Z: eth0: offered 10.0.2.15 from 10.0.2.2
[STDOUT  ] 2018-08-18T15:44:47.474755546Z: eth0: leased 10.0.2.15 for 86400 seconds
[STDOUT  ] 2018-08-18T15:44:47.474775428Z: eth0: adding route to 10.0.2.0/24
[STDOUT  ] 2018-08-18T15:44:47.474789277Z: eth0: adding default route via 10.0.2.2
[STDOUT  ] 2018-08-18T15:44:47.474802131Z: exiting due to oneshot
[STDOUT  ] 2018-08-18T15:44:47.474814223Z: dhcpcd exited
[STDOUT  ] 2018-08-18T15:44:47.474827078Z: dhcpcd test suite PASSED
[STDERR  ] 2018-08-18T15:44:47.474612291Z: [    0.722657] ACPI: PCI Interrupt Link [LNKH] (IRQs 5 10 *11)
[STDOUT  ] 2018-08-18T15:44:47.474839282Z: [   27.662711] ACPI: Preparing to enter system sleep state S5
[STDERR  ] 2018-08-18T15:44:47.474859352Z: [    0.723465] ACPI: PCI Interrupt Link [GSIA] (IRQs *16)
[STDOUT  ] 2018-08-18T15:44:47.474853195Z: [   27.663723] reboot: Power down
[STDERR  ] 2018-08-18T15:44:47.474882745Z: [    0.723969] ACPI: PCI Interrupt Link [GSIB] (IRQs *17)
[STDERR  ] 2018-08-18T15:44:47.474901963Z: [    0.724434] ACPI: PCI Interrupt Link [GSIC] (IRQs *18)
[STDERR  ] 2018-08-18T15:44:47.474921479Z: [    0.724927] ACPI: PCI Interrupt Link [GSID] (IRQs *19)
[STDERR  ] 2018-08-18T15:44:47.474946967Z: [    0.725392] ACPI: PCI Interrupt Link [GSIE] (IRQs *20)
[STDERR  ] 2018-08-18T15:44:47.474965407Z: [    0.725865] ACPI: PCI Interrupt Link [GSIF] (IRQs *21)
[STDERR  ] 2018-08-18T15:44:47.474984377Z: [    0.726331] ACPI: PCI Interrupt Link [GSIG] (IRQs *22)
[STDERR  ] 2018-08-18T15:44:47.475006004Z: [    0.726796] ACPI: PCI Interrupt Link [GSIH] (IRQs *23)
[STDERR  ] 2018-08-18T15:44:47.475026939Z: [    0.734172] SCSI subsystem initialized
[STDERR  ] 2018-08-18T15:44:47.475057560Z: [    0.736323] ACPI: bus type USB registered
[STDERR  ] 2018-08-18T15:44:47.475077441Z: [    0.737086] usbcore: registered new interface driver usbfs
[STDERR  ] 2018-08-18T15:44:47.475096530Z: [    0.737796] usbcore: registered new interface driver hub
[STDERR  ] 2018-08-18T15:44:47.475115230Z: [    0.740589] usbcore: registered new device driver usb
[STDERR  ] 2018-08-18T15:44:47.475135083Z: [    0.741434] pps_core: LinuxPPS API ver. 1 registered
[STDERR  ] 2018-08-18T15:44:47.475154868Z: [    0.741746] pps_core: Software ver. 5.3.6 - Copyright 2005-2007 Rodolfo Giometti <giometti@linux.it>
[STDERR  ] 2018-08-18T15:44:47.475174545Z: [    0.742337] PTP clock support registered
[STDERR  ] 2018-08-18T15:44:47.475192926Z: [    0.744261] PCI: Using ACPI for IRQ routing
[STDERR  ] 2018-08-18T15:44:47.475212005Z: [    0.759085] NetLabel: Initializing
[STDERR  ] 2018-08-18T15:44:47.475230604Z: [    0.759381] NetLabel:  domain hash size = 128
[STDERR  ] 2018-08-18T15:44:47.475250520Z: [    0.759696] NetLabel:  protocols = UNLABELED CIPSOv4 CALIPSO
[STDERR  ] 2018-08-18T15:44:47.475269319Z: [    0.761546] NetLabel:  unlabeled traffic allowed by default
[STDERR  ] 2018-08-18T15:44:47.475288091Z: [    0.762878] HPET: 3 timers in total, 0 timers will be used for per-cpu timer
[STDERR  ] 2018-08-18T15:44:47.475311825Z: [    0.763491] hpet0: at MMIO 0xfed00000, IRQs 2, 8, 0
[STDERR  ] 2018-08-18T15:44:47.475330580Z: [    0.763852] hpet0: 3 comparators, 64-bit 100.000000 MHz counter
[STDERR  ] 2018-08-18T15:44:47.475349628Z: [    0.771086] clocksource: Switched to clocksource hpet
[STDERR  ] 2018-08-18T15:44:47.475391701Z: [    0.996184] VFS: Disk quotas dquot_6.6.0
[STDERR  ] 2018-08-18T15:44:47.475411618Z: [    0.996837] VFS: Dquot-cache hash table entries: 512 (order 0, 4096 bytes)
[STDERR  ] 2018-08-18T15:44:47.475431138Z: [    0.999066] FS-Cache: Loaded
[STDERR  ] 2018-08-18T15:44:47.475450048Z: [    1.003710] CacheFiles: Loaded
[STDERR  ] 2018-08-18T15:44:47.475491045Z: [    1.004557] pnp: PnP ACPI init
[STDERR  ] 2018-08-18T15:44:47.475528753Z: [    1.012963] pnp: PnP ACPI: found 5 devices
[STDERR  ] 2018-08-18T15:44:47.475548007Z: [    1.047220] clocksource: acpi_pm: mask: 0xffffff max_cycles: 0xffffff, max_idle_ns: 2085701024 ns
[STDERR  ] 2018-08-18T15:44:47.475567794Z: [    1.049448] NET: Registered protocol family 2
[STDERR  ] 2018-08-18T15:44:47.475596945Z: [    1.055567] TCP established hash table entries: 8192 (order: 4, 65536 bytes)
[STDERR  ] 2018-08-18T15:44:47.475615378Z: [    1.056228] TCP bind hash table entries: 8192 (order: 5, 131072 bytes)
[STDERR  ] 2018-08-18T15:44:47.475634826Z: [    1.057244] TCP: Hash tables configured (established 8192 bind 8192)
[STDERR  ] 2018-08-18T15:44:47.475654017Z: [    1.059016] UDP hash table entries: 512 (order: 2, 16384 bytes)
[STDERR  ] 2018-08-18T15:44:47.475672595Z: [    1.059618] UDP-Lite hash table entries: 512 (order: 2, 16384 bytes)
[STDERR  ] 2018-08-18T15:44:47.475699541Z: [    1.061829] NET: Registered protocol family 1
[STDERR  ] 2018-08-18T15:44:47.475718951Z: [    1.062622] pci 0000:00:01.0: Video device with shadowed ROM at [mem 0x000c0000-0x000dffff]
[STDERR  ] 2018-08-18T15:44:47.475750621Z: [    1.067095] Trying to unpack rootfs image as initramfs...
[STDERR  ] 2018-08-18T15:44:47.475771113Z: [    4.443112] Freeing initrd memory: 28672K
[STDERR  ] 2018-08-18T15:44:47.475790204Z: [    4.463152] PCLMULQDQ-NI instructions are not detected.
[STDERR  ] 2018-08-18T15:44:47.475819582Z: [    4.464169] AVX or AES-NI instructions are not detected.
[STDERR  ] 2018-08-18T15:44:47.475844230Z: [    4.464564] CPU feature 'AVX registers' is not supported.
[STDERR  ] 2018-08-18T15:44:47.475863729Z: [    4.464910] CPU feature 'AVX registers' is not supported.
[STDERR  ] 2018-08-18T15:44:47.475889285Z: [    4.465241] CPU feature 'AVX registers' is not supported.
[STDERR  ] 2018-08-18T15:44:47.475909163Z: [    4.465590] CPU feature 'AVX registers' is not supported.
[STDERR  ] 2018-08-18T15:44:47.475928374Z: [    4.465919] AVX2 or AES-NI instructions are not detected.
[STDERR  ] 2018-08-18T15:44:47.475948580Z: [    4.466252] AVX2 instructions are not detected.
[STDERR  ] 2018-08-18T15:44:47.475967740Z: [    4.469708] audit: initializing netlink subsys (disabled)
[STDERR  ] 2018-08-18T15:44:47.475988250Z: [    4.475781] audit: type=2000 audit(1534607063.470:1): state=initialized audit_enabled=0 res=1
[STDERR  ] 2018-08-18T15:44:47.476008386Z: [    4.476797] workingset: timestamp_bits=46 max_order=18 bucket_order=0
[STDERR  ] 2018-08-18T15:44:47.476031606Z: [    4.482701] squashfs: version 4.0 (2009/01/31) Phillip Lougher
[STDERR  ] 2018-08-18T15:44:47.476066488Z: [    4.484550] FS-Cache: Netfs 'cifs' registered for caching
[STDERR  ] 2018-08-18T15:44:47.476086106Z: [    4.485287] fuse init (API version 7.26)
[STDERR  ] 2018-08-18T15:44:47.476105393Z: [    4.487163] SGI XFS with ACLs, security attributes, no debug enabled
[STDERR  ] 2018-08-18T15:44:47.476123816Z: [    4.490655] 9p: Installing v9fs 9p2000 file system support
[STDERR  ] 2018-08-18T15:44:47.476142693Z: [    4.491066] FS-Cache: Netfs '9p' registered for caching
[STDERR  ] 2018-08-18T15:44:47.476171111Z: [    4.521796] NET: Registered protocol family 38
[STDERR  ] 2018-08-18T15:44:47.476193092Z: [    4.522299] Key type asymmetric registered
[STDERR  ] 2018-08-18T15:44:47.476216281Z: [    4.522608] Asymmetric key parser 'x509' registered
[STDERR  ] 2018-08-18T15:44:47.476237141Z: [    4.523189] Block layer SCSI generic (bsg) driver version 0.4 loaded (major 247)
[STDERR  ] 2018-08-18T15:44:47.476256575Z: [    4.524315] io scheduler noop registered
[STDERR  ] 2018-08-18T15:44:47.476287744Z: [    4.524614] io scheduler deadline registered (default)
[STDERR  ] 2018-08-18T15:44:47.476307149Z: [    4.525245] io scheduler cfq registered
[STDERR  ] 2018-08-18T15:44:47.476326116Z: [    4.525504] io scheduler mq-deadline registered
[STDERR  ] 2018-08-18T15:44:47.476348935Z: [    4.525760] io scheduler kyber registered
[STDERR  ] 2018-08-18T15:44:47.476378305Z: [    4.528007] shpchp: Standard Hot Plug PCI Controller Driver version: 0.4
[STDERR  ] 2018-08-18T15:44:47.476397329Z: [    4.528650] hv_vmbus: registering driver hyperv_fb
[STDERR  ] 2018-08-18T15:44:47.476417361Z: [    4.531992] input: Power Button as /devices/LNXSYSTM:00/LNXPWRBN:00/input/input0
[STDERR  ] 2018-08-18T15:44:47.476447186Z: [    4.534230] ACPI: Power Button [PWRF]
[STDERR  ] 2018-08-18T15:44:47.476465582Z: [    4.546756] ACPI: PCI Interrupt Link [GSIG] enabled at IRQ 22
[STDERR  ] 2018-08-18T15:44:47.476485355Z: [    4.555746] ACPI: PCI Interrupt Link [GSIH] enabled at IRQ 23
[STDERR  ] 2018-08-18T15:44:47.476515124Z: [    4.559220] Serial: 8250/16550 driver, 4 ports, IRQ sharing disabled
[STDERR  ] 2018-08-18T15:44:47.476534724Z: [    4.586878] 00:04: ttyS0 at I/O 0x3f8 (irq = 4, base_baud = 115200) is a 16550A
[STDERR  ] 2018-08-18T15:44:47.476565619Z: [    4.594702] Non-volatile memory driver v1.3
[STDERR  ] 2018-08-18T15:44:47.476585209Z: [    4.599632] Hangcheck: starting hangcheck timer 0.9.1 (tick is 180 seconds, margin is 60 seconds).
[STDERR  ] 2018-08-18T15:44:47.476604981Z: [    4.611011] random: fast init done
[STDERR  ] 2018-08-18T15:44:47.476624393Z: [    4.612061] random: crng init done
[STDERR  ] 2018-08-18T15:44:47.476642438Z: [    4.652881] brd: module loaded
[STDERR  ] 2018-08-18T15:44:47.476662527Z: [    4.677270] loop: module loaded
[STDERR  ] 2018-08-18T15:44:47.476681403Z: [    4.726599] lpc_ich 0000:00:1f.0: I/O space for GPIO uninitialized
[STDERR  ] 2018-08-18T15:44:47.476701267Z: [    4.728267] VMware PVSCSI driver - version 1.0.7.0-k
[STDERR  ] 2018-08-18T15:44:47.476725838Z: [    4.728856] hv_vmbus: registering driver hv_storvsc
[STDERR  ] 2018-08-18T15:44:47.476744815Z: [    4.736337] ACPI: PCI Interrupt Link [GSIA] enabled at IRQ 16
[STDERR  ] 2018-08-18T15:44:47.476763839Z: [    4.741906] ahci 0000:00:1f.2: AHCI 0001.0000 32 slots 6 ports 1.5 Gbps 0x3f impl SATA mode
[STDERR  ] 2018-08-18T15:44:47.476783268Z: [    4.742660] ahci 0000:00:1f.2: flags: 64bit ncq only 
[STDERR  ] 2018-08-18T15:44:47.476809860Z: [    4.756351] scsi host0: ahci
[STDERR  ] 2018-08-18T15:44:47.476828422Z: [    4.758894] scsi host1: ahci
[STDERR  ] 2018-08-18T15:44:47.476857051Z: [    4.760707] scsi host2: ahci
[STDERR  ] 2018-08-18T15:44:47.476877063Z: [    4.762134] scsi host3: ahci
[STDERR  ] 2018-08-18T15:44:47.476896040Z: [    4.763534] scsi host4: ahci
[STDERR  ] 2018-08-18T15:44:47.476914390Z: [    4.764961] scsi host5: ahci
[STDERR  ] 2018-08-18T15:44:47.476933570Z: [    4.766074] ata1: SATA max UDMA/133 abar m4096@0xfebd2000 port 0xfebd2100 irq 24
[STDERR  ] 2018-08-18T15:44:47.476960021Z: [    4.766713] ata2: SATA max UDMA/133 abar m4096@0xfebd2000 port 0xfebd2180 irq 24
[STDERR  ] 2018-08-18T15:44:47.476989958Z: [    4.767261] ata3: SATA max UDMA/133 abar m4096@0xfebd2000 port 0xfebd2200 irq 24
[STDERR  ] 2018-08-18T15:44:47.477019152Z: [    4.767848] ata4: SATA max UDMA/133 abar m4096@0xfebd2000 port 0xfebd2280 irq 24
[STDERR  ] 2018-08-18T15:44:47.477037762Z: [    4.768385] ata5: SATA max UDMA/133 abar m4096@0xfebd2000 port 0xfebd2300 irq 24
[STDERR  ] 2018-08-18T15:44:47.477064720Z: [    4.768991] ata6: SATA max UDMA/133 abar m4096@0xfebd2000 port 0xfebd2380 irq 24
[STDERR  ] 2018-08-18T15:44:47.477083707Z: [    4.778585] tun: Universal TUN/TAP device driver, 1.6
[STDERR  ] 2018-08-18T15:44:47.477115032Z: [    4.788033] VMware vmxnet3 virtual NIC driver - version 1.4.a.0-k-NAPI
[STDERR  ] 2018-08-18T15:44:47.477135545Z: [    4.789298] hv_vmbus: registering driver hv_netvsc
[STDERR  ] 2018-08-18T15:44:47.477154711Z: [    4.789693] Fusion MPT base driver 3.04.20
[STDERR  ] 2018-08-18T15:44:47.477183239Z: [    4.789974] Copyright (c) 1999-2008 LSI Corporation
[STDERR  ] 2018-08-18T15:44:47.477202165Z: [    4.790753] Fusion MPT SPI Host driver 3.04.20
[STDERR  ] 2018-08-18T15:44:47.477220636Z: [    4.792342] i8042: PNP: PS/2 Controller [PNP0303:KBD,PNP0f13:MOU] at 0x60,0x64 irq 1,12
[STDERR  ] 2018-08-18T15:44:47.477247038Z: [    4.795961] serio: i8042 KBD port at 0x60,0x64 irq 1
[STDERR  ] 2018-08-18T15:44:47.477265660Z: [    4.796509] serio: i8042 AUX port at 0x60,0x64 irq 12
[STDERR  ] 2018-08-18T15:44:47.477284918Z: [    4.798545] hv_vmbus: registering driver hyperv_keyboard
[STDERR  ] 2018-08-18T15:44:47.477304050Z: [    4.800667] mousedev: PS/2 mouse device common for all mice
[STDERR  ] 2018-08-18T15:44:47.477331518Z: [    4.804167] input: AT Translated Set 2 keyboard as /devices/platform/i8042/serio0/input/input1
[STDERR  ] 2018-08-18T15:44:47.477373289Z: [    4.806222] input: PC Speaker as /devices/platform/pcspkr/input/input2
[STDERR  ] 2018-08-18T15:44:47.477398167Z: [    4.809231] rtc_cmos 00:00: RTC can wake from S4
[STDERR  ] 2018-08-18T15:44:47.477418087Z: [    4.812076] rtc_cmos 00:00: rtc core: registered rtc_cmos as rtc0
[STDERR  ] 2018-08-18T15:44:47.477447294Z: [    4.813099] rtc_cmos 00:00: alarms up to one day, y3k, 114 bytes nvram, hpet irqs
[STDERR  ] 2018-08-18T15:44:47.477465492Z: [    4.813718] i2c /dev entries driver
[STDERR  ] 2018-08-18T15:44:47.477486944Z: [    4.815248] device-mapper: ioctl: 4.37.0-ioctl (2017-09-20) initialised: dm-devel@redhat.com
[STDERR  ] 2018-08-18T15:44:47.477527548Z: [    4.818710] usbcore: registered new interface driver usbhid
[STDERR  ] 2018-08-18T15:44:47.477548519Z: [    4.819118] usbhid: USB HID core driver
[STDERR  ] 2018-08-18T15:44:47.477567658Z: [    4.819771] hv_utils: Registering HyperV Utility Driver
[STDERR  ] 2018-08-18T15:44:47.477586530Z: [    4.820350] hv_vmbus: registering driver hv_util
[STDERR  ] 2018-08-18T15:44:47.477605489Z: [    4.820636] hv_vmbus: registering driver hv_balloon
[STDERR  ] 2018-08-18T15:44:47.477629099Z: [    4.821206] oprofile: using NMI interrupt.
[STDERR  ] 2018-08-18T15:44:47.477659461Z: [    4.822090] GACT probability on
[STDERR  ] 2018-08-18T15:44:47.477687997Z: [    4.822410] Mirror/redirect action on
[STDERR  ] 2018-08-18T15:44:47.477707463Z: [    4.822861] Simple TC action Loaded
[STDERR  ] 2018-08-18T15:44:47.477727170Z: [    4.823260] u32 classifier
[STDERR  ] 2018-08-18T15:44:47.477746618Z: [    4.823424]     Performance counters on
[STDERR  ] 2018-08-18T15:44:47.477766753Z: [    4.823661]     input device check on
[STDERR  ] 2018-08-18T15:44:47.477786514Z: [    4.823874]     Actions configured
[STDERR  ] 2018-08-18T15:44:47.477805658Z: [    4.824396] Netfilter messages via NETLINK v0.30.
[STDERR  ] 2018-08-18T15:44:47.477825510Z: [    4.824851] nfnl_acct: registering with nfnetlink.
[STDERR  ] 2018-08-18T15:44:47.477845228Z: [    4.826061] nf_conntrack version 0.5.0 (8192 buckets, 32768 max)
[STDERR  ] 2018-08-18T15:44:47.477864128Z: [    4.827867] ctnetlink v0.93: registering with nfnetlink.
[STDERR  ] 2018-08-18T15:44:47.477882649Z: [    4.830923] nf_tables: (c) 2007-2009 Patrick McHardy <kaber@trash.net>
[STDERR  ] 2018-08-18T15:44:47.477910861Z: [    4.831603] nf_tables_compat: (c) 2012 Pablo Neira Ayuso <pablo@netfilter.org>
[STDERR  ] 2018-08-18T15:44:47.477930224Z: [    4.833590] xt_time: kernel timezone is -0000
[STDERR  ] 2018-08-18T15:44:47.477957344Z: [    4.834019] ip_set: protocol 6
[STDERR  ] 2018-08-18T15:44:47.477976032Z: [    4.834564] IPVS: Registered protocols (TCP, UDP, SCTP, AH, ESP)
[STDERR  ] 2018-08-18T15:44:47.477999178Z: [    4.835038] IPVS: Connection hash table configured (size=4096, memory=64Kbytes)
[STDERR  ] 2018-08-18T15:44:47.478023337Z: [    4.838134] IPVS: ipvs loaded.
[STDERR  ] 2018-08-18T15:44:47.478068118Z: [    4.838484] IPVS: [rr] scheduler registered.
[STDERR  ] 2018-08-18T15:44:47.478089995Z: [    4.838828] IPVS: [wrr] scheduler registered.
[STDERR  ] 2018-08-18T15:44:47.478108966Z: [    4.839206] IPVS: [lc] scheduler registered.
[STDERR  ] 2018-08-18T15:44:47.478139823Z: [    4.839529] IPVS: [wlc] scheduler registered.
[STDERR  ] 2018-08-18T15:44:47.478159335Z: [    4.839843] IPVS: [fo] scheduler registered.
[STDERR  ] 2018-08-18T15:44:47.478184329Z: [    4.840539] IPVS: [ovf] scheduler registered.
[STDERR  ] 2018-08-18T15:44:47.478203899Z: [    4.840943] IPVS: [lblc] scheduler registered.
[STDERR  ] 2018-08-18T15:44:47.478223684Z: [    4.841334] IPVS: [lblcr] scheduler registered.
[STDERR  ] 2018-08-18T15:44:47.478243417Z: [    4.841695] IPVS: [dh] scheduler registered.
[STDERR  ] 2018-08-18T15:44:47.478262634Z: [    4.842001] IPVS: [sh] scheduler registered.
[STDERR  ] 2018-08-18T15:44:47.478281724Z: [    4.842312] IPVS: [sed] scheduler registered.
[STDERR  ] 2018-08-18T15:44:47.478310072Z: [    4.842649] IPVS: [nq] scheduler registered.
[STDERR  ] 2018-08-18T15:44:47.478329996Z: [    4.843300] IPVS: ftp: loaded support on port[0] = 21
[STDERR  ] 2018-08-18T15:44:47.478349583Z: [    4.844076] ipip: IPv4 and MPLS over IPv4 tunneling driver
[STDERR  ] 2018-08-18T15:44:47.478368517Z: [    4.847170] gre: GRE over IPv4 demultiplexor driver
[STDERR  ] 2018-08-18T15:44:47.478387426Z: [    4.849237] ip_tables: (C) 2000-2006 Netfilter Core Team
[STDERR  ] 2018-08-18T15:44:47.478407023Z: [    4.852657] ipt_CLUSTERIP: ClusterIP Version 0.8 loaded successfully
[STDERR  ] 2018-08-18T15:44:47.478426984Z: [    4.853195] arp_tables: arp_tables: (C) 2002 David S. Miller
[STDERR  ] 2018-08-18T15:44:47.478456209Z: [    4.854951] NET: Registered protocol family 10
[STDERR  ] 2018-08-18T15:44:47.478475016Z: [    4.862886] Segment Routing with IPv6
[STDERR  ] 2018-08-18T15:44:47.478512305Z: [    4.863637] ip6_tables: (C) 2000-2006 Netfilter Core Team
[STDERR  ] 2018-08-18T15:44:47.478532109Z: [    4.869636] NET: Registered protocol family 17
[STDERR  ] 2018-08-18T15:44:47.478551433Z: [    4.871063] Bridge firewalling registered
[STDERR  ] 2018-08-18T15:44:47.478578932Z: [    4.871517] Ebtables v2.0 registered
[STDERR  ] 2018-08-18T15:44:47.478612980Z: [    4.873045] 8021q: 802.1Q VLAN Support v1.8
[STDERR  ] 2018-08-18T15:44:47.478637742Z: [    4.874150] 9pnet: Installing 9P2000 support
[STDERR  ] 2018-08-18T15:44:47.478657127Z: [    4.875330] Key type dns_resolver registered
[STDERR  ] 2018-08-18T15:44:47.478684331Z: [    4.876914] sched_clock: Marking stable (4870190570, 0)->(4975304876, -105114306)
[STDERR  ] 2018-08-18T15:44:47.478704440Z: [    4.879864] registered taskstats version 1
[STDERR  ] 2018-08-18T15:44:47.478723304Z: [    5.058877] Key type big_key registered
[STDERR  ] 2018-08-18T15:44:47.478742974Z: [    5.103850] ata3: SATA link up 1.5 Gbps (SStatus 113 SControl 300)
[STDERR  ] 2018-08-18T15:44:47.478763066Z: [    5.107128] ata3.00: ATAPI: QEMU DVD-ROM, 2.5+, max UDMA/100
[STDERR  ] 2018-08-18T15:44:47.478785916Z: [    5.107640] ata3.00: applying bridge limits
[STDERR  ] 2018-08-18T15:44:47.478815686Z: [    5.109139] ata2: SATA link down (SStatus 0 SControl 300)
[STDERR  ] 2018-08-18T15:44:47.478834265Z: [    5.110536] ata1: SATA link down (SStatus 0 SControl 300)
[STDERR  ] 2018-08-18T15:44:47.478855900Z: [    5.111338] ata4: SATA link down (SStatus 0 SControl 300)
[STDERR  ] 2018-08-18T15:44:47.478874581Z: [    5.111775] ata5: SATA link down (SStatus 0 SControl 300)
[STDERR  ] 2018-08-18T15:44:47.478905271Z: [    5.114504] ata6: SATA link down (SStatus 0 SControl 300)
[STDERR  ] 2018-08-18T15:44:47.478924258Z: [    5.121788] ata3.00: configured for UDMA/100
[STDERR  ] 2018-08-18T15:44:47.478943167Z: [    5.141670] scsi 2:0:0:0: CD-ROM            QEMU     QEMU DVD-ROM     2.5+ PQ: 0 ANSI: 5
[STDERR  ] 2018-08-18T15:44:47.478962672Z: [    5.153844] Key type trusted registered
[STDERR  ] 2018-08-18T15:44:47.478982996Z: [    5.183070] sr 2:0:0:0: [sr0] scsi3-mmc drive: 4x/4x cd/rw xa/form2 tray
[STDERR  ] 2018-08-18T15:44:47.479019227Z: [    5.183641] cdrom: Uniform CD-ROM driver Revision: 3.20
[STDERR  ] 2018-08-18T15:44:47.479038200Z: [    5.192053] sr 2:0:0:0: Attached scsi generic sg0 type 5
[STDERR  ] 2018-08-18T15:44:47.479064594Z: [    5.228342] Key type encrypted registered
[STDERR  ] 2018-08-18T15:44:47.479083969Z: [    5.228968] ima: No TPM chip found, activating TPM-bypass! (rc=-19)
[STDERR  ] 2018-08-18T15:44:47.479112519Z: [    5.229503] ima: Allocated hash algorithm: sha256
[STDERR  ] 2018-08-18T15:44:47.479131247Z: [    5.232194] evm: HMAC attrs: 0x1
[STDERR  ] 2018-08-18T15:44:47.479151352Z: [    5.235716] rtc_cmos 00:00: setting system clock to 2018-08-18 15:44:24 UTC (1534607064)
[STDERR  ] 2018-08-18T15:44:47.479173738Z: [    5.375515] Freeing unused kernel memory: 1516K
[STDERR  ] 2018-08-18T15:44:47.479192738Z: [    5.390739] Write protecting the kernel read-only data: 18432k
[STDERR  ] 2018-08-18T15:44:47.479211726Z: [    5.403464] Freeing unused kernel memory: 2024K
[STDERR  ] 2018-08-18T15:44:47.479236983Z: [    5.457140] Freeing unused kernel memory: 1100K
[STDERR  ] 2018-08-18T15:44:47.479256310Z: [    5.520764] tsc: Refined TSC clocksource calibration: 2599.735 MHz
[STDERR  ] 2018-08-18T15:44:47.479277696Z: [    5.521314] clocksource: tsc: mask: 0xffffffffffffffff max_cycles: 0x257941e59b5, max_idle_ns: 440795289243 ns
[STDERR  ] 2018-08-18T15:44:47.479297362Z: [    6.534894] clocksource: Switched to clocksource tsc
[STDERR  ] 2018-08-18T15:44:47.479316082Z: 
[STDERR  ] 2018-08-18T15:44:47.479343205Z: Welcome to LinuxKit
[STDERR  ] 2018-08-18T15:44:47.479361918Z: 
[STDERR  ] 2018-08-18T15:44:47.479379856Z:                         ##         .
[STDERR  ] 2018-08-18T15:44:47.479398824Z:                   ## ## ##        ==
[STDERR  ] 2018-08-18T15:44:47.479424798Z:                ## ## ## ## ##    ===
[STDERR  ] 2018-08-18T15:44:47.479443389Z:            /"""""""""""""""""\___/ ===
[STDERR  ] 2018-08-18T15:44:47.479474637Z:           {                       /  ===-
[STDERR  ] 2018-08-18T15:44:47.479493651Z:            \______ O           __/
[STDERR  ] 2018-08-18T15:44:47.479530254Z:              \    \         __/
[STDERR  ] 2018-08-18T15:44:47.479549949Z:               \____\_______/
[STDERR  ] 2018-08-18T15:44:47.479578703Z: 
[STDERR  ] 2018-08-18T15:44:47.479602897Z: [   14.731440] 8021q: adding VLAN 0 to HW filter on device eth0
[STDERR  ] 2018-08-18T15:44:47.479624176Z: eth0: waiting for carrier
[STDERR  ] 2018-08-18T15:44:47.479642902Z: eth0: carrier acquired
[STDERR  ] 2018-08-18T15:44:47.479662114Z: DUID 00:04:0f:a0:30:18:ae:bd:45:b8:b9:97:5c:8d:90:ee:a4:53
[STDERR  ] 2018-08-18T15:44:47.479692253Z: eth0: IAID 27:f9:b4:6f
[STDERR  ] 2018-08-18T15:44:47.479712922Z: eth0: adding address fe80::d1d7:a83:9c7e:7c6e
[STDERR  ] 2018-08-18T15:44:47.479732544Z: eth0: soliciting an IPv6 router
[STDERR  ] 2018-08-18T15:44:47.479751629Z: eth0: soliciting a DHCP lease
[STDERR  ] 2018-08-18T15:44:47.479779043Z: eth0: offered 10.0.2.15 from 10.0.2.2
[STDERR  ] 2018-08-18T15:44:47.479798631Z: eth0: leased 10.0.2.15 for 86400 seconds
[STDERR  ] 2018-08-18T15:44:47.479827565Z: eth0: adding route to 10.0.2.0/24
[STDERR  ] 2018-08-18T15:44:47.479846854Z: eth0: adding default route via 10.0.2.2
[STDERR  ] 2018-08-18T15:44:47.479865847Z: exiting due to oneshot
[STDERR  ] 2018-08-18T15:44:47.479885002Z: dhcpcd exited
[STDERR  ] 2018-08-18T15:44:47.479905036Z: dhcpcd test suite PASSED
[STDERR  ] 2018-08-18T15:44:47.479930922Z: [   27.662711] ACPI: Preparing to enter system sleep state S5
[STDERR  ] 2018-08-18T15:44:47.479950126Z: [   27.663723] reboot: Power down
[STDERR  ] 2018-08-18T15:44:47.479969583Z: + echo [    0.000000] Linux version 4.14.63-linuxkit (root@rlin01) (gcc version 6.4.0 (Alpine 6.4.0)) #1 SMP Fri Aug 17 17:27:47 UTC 2018
[STDERR  ] 2018-08-18T15:44:47.479990224Z: [    0.000000] Command line: console=ttyS0 console=ttyAMA0
[STDERR  ] 2018-08-18T15:44:47.480009434Z: [    0.000000] x86/fpu: x87 FPU will use FXSAVE
[STDERR  ] 2018-08-18T15:44:47.480035355Z: [    0.000000] e820: BIOS-provided physical RAM map:
[STDERR  ] 2018-08-18T15:44:47.480074229Z: [    0.000000] BIOS-e820: [mem 0x0000000000000000-0x000000000009fbff] usable
[STDERR  ] 2018-08-18T15:44:47.480093696Z: [    0.000000] BIOS-e820: [mem 0x000000000009fc00-0x000000000009ffff] reserved
[STDERR  ] 2018-08-18T15:44:47.480121321Z: [    0.000000] BIOS-e820: [mem 0x00000000000f0000-0x00000000000fffff] reserved
[STDERR  ] 2018-08-18T15:44:47.480140791Z: [    0.000000] BIOS-e820: [mem 0x0000000000100000-0x000000003ffdefff] usable
[STDERR  ] 2018-08-18T15:44:47.480160183Z: [    0.000000] BIOS-e820: [mem 0x000000003ffdf000-0x000000003fffffff] reserved
[STDERR  ] 2018-08-18T15:44:47.480179995Z: [    0.000000] BIOS-e820: [mem 0x00000000b0000000-0x00000000bfffffff] reserved
[STDERR  ] 2018-08-18T15:44:47.480207238Z: [    0.000000] BIOS-e820: [mem 0x00000000fed1c000-0x00000000fed1ffff] reserved
[STDERR  ] 2018-08-18T15:44:47.480226268Z: [    0.000000] BIOS-e820: [mem 0x00000000fffc0000-0x00000000ffffffff] reserved
[STDERR  ] 2018-08-18T15:44:47.480244863Z: [    0.000000] NX (Execute Disable) protection: active
[STDERR  ] 2018-08-18T15:44:47.480263832Z: [    0.000000] SMBIOS 2.8 present.
[STDERR  ] 2018-08-18T15:44:47.480283581Z: [    0.000000] DMI: QEMU Standard PC (Q35 + ICH9, 2009), BIOS 1.10.2-1 04/01/2014
[STDERR  ] 2018-08-18T15:44:47.480310321Z: [    0.000000] tsc: Fast TSC calibration using PIT
[STDERR  ] 2018-08-18T15:44:47.480340017Z: [    0.000000] e820: last_pfn = 0x3ffdf max_arch_pfn = 0x400000000
[STDERR  ] 2018-08-18T15:44:47.480359929Z: [    0.000000] x86/PAT: Configuration [0-7]: WB  WC  UC- UC  WB  WP  UC- WT  
[STDERR  ] 2018-08-18T15:44:47.480389343Z: [    0.000000] found SMP MP-table at [mem 0x000f6a90-0x000f6a9f] mapped at [ffffffffff200a90]
[STDERR  ] 2018-08-18T15:44:47.480409300Z: [    0.000000] RAMDISK: [mem 0x3e3d0000-0x3ffcffff]
[STDERR  ] 2018-08-18T15:44:47.480427965Z: [    0.000000] ACPI: Early table checksum verification disabled
[STDERR  ] 2018-08-18T15:44:47.480447102Z: [    0.000000] ACPI: RSDP 0x00000000000F68D0 000014 (v00 BOCHS )
[STDERR  ] 2018-08-18T15:44:47.480478799Z: [    0.000000] ACPI: RSDT 0x000000003FFE2404 000034 (v01 BOCHS  BXPCRSDT 00000001 BXPC 00000001)
[STDERR  ] 2018-08-18T15:44:47.480510353Z: [    0.000000] ACPI: FACP 0x000000003FFE22A4 000074 (v01 BOCHS  BXPCFACP 00000001 BXPC 00000001)
[STDERR  ] 2018-08-18T15:44:47.480538542Z: [    0.000000] ACPI: DSDT 0x000000003FFE0040 002264 (v01 BOCHS  BXPCDSDT 00000001 BXPC 00000001)
[STDERR  ] 2018-08-18T15:44:47.480557076Z: [    0.000000] ACPI: FACS 0x000000003FFE0000 000040
[STDERR  ] 2018-08-18T15:44:47.480576000Z: [    0.000000] ACPI: APIC 0x000000003FFE2318 000078 (v01 BOCHS  BXPCAPIC 00000001 BXPC 00000001)
[STDERR  ] 2018-08-18T15:44:47.480595363Z: [    0.000000] ACPI: HPET 0x000000003FFE2390 000038 (v01 BOCHS  BXPCHPET 00000001 BXPC 00000001)
[STDERR  ] 2018-08-18T15:44:47.480614002Z: [    0.000000] ACPI: MCFG 0x000000003FFE23C8 00003C (v01 BOCHS  BXPCMCFG 00000001 BXPC 00000001)
[STDERR  ] 2018-08-18T15:44:47.480642537Z: [    0.000000] Zone ranges:
[STDERR  ] 2018-08-18T15:44:47.480662966Z: [    0.000000]   DMA      [mem 0x0000000000001000-0x0000000000ffffff]
[STDERR  ] 2018-08-18T15:44:47.480684699Z: [    0.000000]   DMA32    [mem 0x0000000001000000-0x000000003ffdefff]
[STDERR  ] 2018-08-18T15:44:47.480703715Z: [    0.000000]   Normal   empty
[STDERR  ] 2018-08-18T15:44:47.480722568Z: [    0.000000]   Device   empty
[STDERR  ] 2018-08-18T15:44:47.480741614Z: [    0.000000] Movable zone start for each node
[STDERR  ] 2018-08-18T15:44:47.480772144Z: [    0.000000] Early memory node ranges
[STDERR  ] 2018-08-18T15:44:47.480790935Z: [    0.000000]   node   0: [mem 0x0000000000001000-0x000000000009efff]
[STDERR  ] 2018-08-18T15:44:47.480809978Z: [    0.000000]   node   0: [mem 0x0000000000100000-0x000000003ffdefff]
[STDERR  ] 2018-08-18T15:44:47.480837304Z: [    0.000000] Initmem setup node 0 [mem 0x0000000000001000-0x000000003ffdefff]
[STDERR  ] 2018-08-18T15:44:47.480856456Z: [    0.000000] ACPI: PM-Timer IO Port: 0x608
[STDERR  ] 2018-08-18T15:44:47.480882121Z: [    0.000000] ACPI: LAPIC_NMI (acpi_id[0xff] dfl dfl lint[0x1])
[STDERR  ] 2018-08-18T15:44:47.480902022Z: [    0.000000] IOAPIC[0]: apic_id 0, version 32, address 0xfec00000, GSI 0-23
[STDERR  ] 2018-08-18T15:44:47.480921749Z: [    0.000000] ACPI: INT_SRC_OVR (bus 0 bus_irq 0 global_irq 2 dfl dfl)
[STDERR  ] 2018-08-18T15:44:47.480940847Z: [    0.000000] ACPI: INT_SRC_OVR (bus 0 bus_irq 5 global_irq 5 high level)
[STDERR  ] 2018-08-18T15:44:47.480959847Z: [    0.000000] ACPI: INT_SRC_OVR (bus 0 bus_irq 9 global_irq 9 high level)
[STDERR  ] 2018-08-18T15:44:47.480981758Z: [    0.000000] ACPI: INT_SRC_OVR (bus 0 bus_irq 10 global_irq 10 high level)
[STDERR  ] 2018-08-18T15:44:47.481000599Z: [    0.000000] ACPI: INT_SRC_OVR (bus 0 bus_irq 11 global_irq 11 high level)
[STDERR  ] 2018-08-18T15:44:47.481022670Z: [    0.000000] Using ACPI (MADT) for SMP configuration information
[STDERR  ] 2018-08-18T15:44:47.481048268Z: [    0.000000] ACPI: HPET id: 0x8086a201 base: 0xfed00000
[STDERR  ] 2018-08-18T15:44:47.481068198Z: [    0.000000] smpboot: Allowing 1 CPUs, 0 hotplug CPUs
[STDERR  ] 2018-08-18T15:44:47.481086859Z: [    0.000000] e820: [mem 0x40000000-0xafffffff] available for PCI devices
[STDERR  ] 2018-08-18T15:44:47.481106601Z: [    0.000000] Booting paravirtualized kernel on bare hardware
[STDERR  ] 2018-08-18T15:44:47.481132446Z: [    0.000000] clocksource: refined-jiffies: mask: 0xffffffff max_cycles: 0xffffffff, max_idle_ns: 19112604462750000 ns
[STDERR  ] 2018-08-18T15:44:47.481151595Z: [    0.000000] random: get_random_bytes called from start_kernel+0x92/0x4cb with crng_init=0
[STDERR  ] 2018-08-18T15:44:47.481193818Z: [    0.000000] setup_percpu: NR_CPUS:128 nr_cpumask_bits:128 nr_cpu_ids:1 nr_node_ids:1
[STDERR  ] 2018-08-18T15:44:47.481212618Z: [    0.000000] percpu: Embedded 44 pages/cpu @ffff8a927e000000 s143256 r8192 d28776 u2097152
[STDERR  ] 2018-08-18T15:44:47.481245027Z: [    0.000000] Built 1 zonelists, mobility grouping on.  Total pages: 257896
[STDERR  ] 2018-08-18T15:44:47.481264557Z: [    0.000000] Kernel command line: console=ttyS0 console=ttyAMA0
[STDERR  ] 2018-08-18T15:44:47.481283301Z: [    0.000000] PID hash table entries: 4096 (order: 3, 32768 bytes)
[STDERR  ] 2018-08-18T15:44:47.481311538Z: [    0.000000] Dentry cache hash table entries: 131072 (order: 8, 1048576 bytes)
[STDERR  ] 2018-08-18T15:44:47.481337923Z: [    0.000000] Inode-cache hash table entries: 65536 (order: 7, 524288 bytes)
[STDERR  ] 2018-08-18T15:44:47.485442022Z: [    0.000000] Memory: 976116K/1048052K available (12300K kernel code, 1465K rwdata, 2996K rodata, 1516K init, 632K bss, 71936K reserved, 0K cma-reserved)
[STDERR  ] 2018-08-18T15:44:47.485469205Z: [    0.000000] ftrace: allocating 41077 entries in 161 pages
[STDERR  ] 2018-08-18T15:44:47.485488989Z: [    0.000000] Hierarchical RCU implementation.
[STDERR  ] 2018-08-18T15:44:47.485517610Z: [    0.000000] 	RCU restricting CPUs from NR_CPUS=128 to nr_cpu_ids=1.
[STDERR  ] 2018-08-18T15:44:47.485536727Z: [    0.000000] RCU: Adjusting geometry for rcu_fanout_leaf=16, nr_cpu_ids=1
[STDERR  ] 2018-08-18T15:44:47.485557120Z: [    0.000000] NR_IRQS: 8448, nr_irqs: 256, preallocated irqs: 16
[STDERR  ] 2018-08-18T15:44:47.485575279Z: [    0.000000] Console: colour VGA+ 80x25
[STDERR  ] 2018-08-18T15:44:47.485594117Z: [    0.000000] console [ttyS0] enabled
[STDERR  ] 2018-08-18T15:44:47.485612558Z: [    0.000000] clocksource: hpet: mask: 0xffffffff max_cycles: 0xffffffff, max_idle_ns: 19112604467 ns
[STDERR  ] 2018-08-18T15:44:47.485636522Z: [    0.010000] tsc: Fast TSC calibration using PIT
[STDERR  ] 2018-08-18T15:44:47.485654539Z: [    0.010000] tsc: Detected 2599.717 MHz processor
[STDERR  ] 2018-08-18T15:44:47.485688201Z: [    0.010000] Calibrating delay loop (skipped), value calculated using timer frequency.. 5199.43 BogoMIPS (lpj=25997170)
[STDERR  ] 2018-08-18T15:44:47.485709776Z: [    0.010000] pid_max: default: 32768 minimum: 301
[STDERR  ] 2018-08-18T15:44:47.485728383Z: [    0.010000] ACPI: Core revision 20170728
[STDERR  ] 2018-08-18T15:44:47.485756380Z: [    0.048354] ACPI: 1 ACPI AML tables successfully acquired and loaded
[STDERR  ] 2018-08-18T15:44:47.485773848Z: [    0.050206] Security Framework initialized
[STDERR  ] 2018-08-18T15:44:47.485793266Z: [    0.050563] Yama: becoming mindful.
[STDERR  ] 2018-08-18T15:44:47.485812454Z: [    0.052259] Mount-cache hash table entries: 2048 (order: 2, 16384 bytes)
[STDERR  ] 2018-08-18T15:44:47.485833402Z: [    0.052721] Mountpoint-cache hash table entries: 2048 (order: 2, 16384 bytes)
[STDERR  ] 2018-08-18T15:44:47.485858161Z: [    0.066924] Last level iTLB entries: 4KB 0, 2MB 0, 4MB 0
[STDERR  ] 2018-08-18T15:44:47.485878771Z: [    0.067466] Last level dTLB entries: 4KB 0, 2MB 0, 4MB 0, 1GB 0
[STDERR  ] 2018-08-18T15:44:47.485899784Z: [    0.068146] Spectre V2 : Spectre mitigation: LFENCE not serializing, switching to generic retpoline
[STDERR  ] 2018-08-18T15:44:47.485919779Z: [    0.069024] Spectre V2 : Mitigation: Full generic retpoline
[STDERR  ] 2018-08-18T15:44:47.485939225Z: [    0.069561] Spectre V2 : Spectre v2 / SpectreRSB mitigation: Filling RSB on context switch
[STDERR  ] 2018-08-18T15:44:47.485959783Z: [    0.070099] Speculative Store Bypass: Vulnerable
[STDERR  ] 2018-08-18T15:44:47.485979628Z: [    0.294965] Freeing SMP alternatives memory: 20K
[STDERR  ] 2018-08-18T15:44:47.485999143Z: [    0.311481] smpboot: Max logical packages: 1
[STDERR  ] 2018-08-18T15:44:47.486018300Z: [    0.315574] ..TIMER: vector=0x30 apic1=0 pin1=2 apic2=-1 pin2=-1
[STDERR  ] 2018-08-18T15:44:47.486037568Z: [    0.420000] smpboot: CPU0: AMD QEMU Virtual CPU version 2.5+ (family: 0x6, model: 0x6, stepping: 0x3)
[STDERR  ] 2018-08-18T15:44:47.486065479Z: [    0.420000] Performance Events: PMU not available due to virtualization, using software events only.
[STDERR  ] 2018-08-18T15:44:47.486085508Z: [    0.420000] Hierarchical SRCU implementation.
[STDERR  ] 2018-08-18T15:44:47.486109332Z: [    0.422894] NMI watchdog: Perf event create on CPU 0 failed with -2
[STDERR  ] 2018-08-18T15:44:47.486128839Z: [    0.423296] NMI watchdog: Perf NMI watchdog permanently disabled
[STDERR  ] 2018-08-18T15:44:47.486168086Z: [    0.426245] smp: Bringing up secondary CPUs ...
[STDERR  ] 2018-08-18T15:44:47.486189335Z: [    0.426577] smp: Brought up 1 node, 1 CPU
[STDERR  ] 2018-08-18T15:44:47.486206898Z: [    0.426887] smpboot: Total of 1 processors activated (5199.43 BogoMIPS)
[STDERR  ] 2018-08-18T15:44:47.486245988Z: [    0.439079] devtmpfs: initialized
[STDERR  ] 2018-08-18T15:44:47.486265159Z: [    0.443190] x86/mm: Memory block size: 128MB
[STDERR  ] 2018-08-18T15:44:47.486282710Z: [    0.448049] evm: security.ima
[STDERR  ] 2018-08-18T15:44:47.486299777Z: [    0.448293] evm: security.capability
[STDERR  ] 2018-08-18T15:44:47.486316974Z: [    0.451099] clocksource: jiffies: mask: 0xffffffff max_cycles: 0xffffffff, max_idle_ns: 19112604462750000 ns
[STDERR  ] 2018-08-18T15:44:47.486335148Z: [    0.451778] futex hash table entries: 256 (order: 2, 16384 bytes)
[STDERR  ] 2018-08-18T15:44:47.486353112Z: [    0.460291] NET: Registered protocol family 16
[STDERR  ] 2018-08-18T15:44:47.486370551Z: [    0.466040] cpuidle: using governor ladder
[STDERR  ] 2018-08-18T15:44:47.486398601Z: [    0.466485] cpuidle: using governor menu
[STDERR  ] 2018-08-18T15:44:47.486416265Z: [    0.467834] ACPI: bus type PCI registered
[STDERR  ] 2018-08-18T15:44:47.486433500Z: [    0.470197] PCI: MMCONFIG for domain 0000 [bus 00-ff] at [mem 0xb0000000-0xbfffffff] (base 0xb0000000)
[STDERR  ] 2018-08-18T15:44:47.486451285Z: [    0.470884] PCI: MMCONFIG at [mem 0xb0000000-0xbfffffff] reserved in E820
[STDERR  ] 2018-08-18T15:44:47.486468657Z: [    0.471730] PCI: Using configuration type 1 for base access
[STDERR  ] 2018-08-18T15:44:47.486513775Z: [    0.513825] HugeTLB registered 2.00 MiB page size, pre-allocated 0 pages
[STDERR  ] 2018-08-18T15:44:47.486531857Z: [    0.522605] ACPI: Added _OSI(Module Device)
[STDERR  ] 2018-08-18T15:44:47.486550710Z: [    0.522921] ACPI: Added _OSI(Processor Device)
[STDERR  ] 2018-08-18T15:44:47.486573837Z: [    0.523169] ACPI: Added _OSI(3.0 _SCP Extensions)
[STDERR  ] 2018-08-18T15:44:47.486591708Z: [    0.523439] ACPI: Added _OSI(Processor Aggregator Device)
[STDERR  ] 2018-08-18T15:44:47.486619129Z: [    0.578064] ACPI: Interpreter enabled
[STDERR  ] 2018-08-18T15:44:47.486637322Z: [    0.578772] ACPI: (supports S0 S5)
[STDERR  ] 2018-08-18T15:44:47.486654855Z: [    0.579084] ACPI: Using IOAPIC for interrupt routing
[STDERR  ] 2018-08-18T15:44:47.486672574Z: [    0.580955] PCI: Using host bridge windows from ACPI; if necessary, use "pci=nocrs" and report a bug
[STDERR  ] 2018-08-18T15:44:47.486690856Z: [    0.583552] ACPI: Enabled 2 GPEs in block 00 to 3F
[STDERR  ] 2018-08-18T15:44:47.486708788Z: [    0.633642] ACPI: PCI Root Bridge [PCI0] (domain 0000 [bus 00-ff])
[STDERR  ] 2018-08-18T15:44:47.486726472Z: [    0.634424] acpi PNP0A08:00: _OSC: OS supports [ExtendedConfig ASPM ClockPM Segments MSI]
[STDERR  ] 2018-08-18T15:44:47.486748010Z: [    0.638051] acpi PNP0A08:00: _OSC: OS now controls [PCIeHotplug PME PCIeCapability]
[STDERR  ] 2018-08-18T15:44:47.486765537Z: [    0.641237] PCI host bridge to bus 0000:00
[STDERR  ] 2018-08-18T15:44:47.486785554Z: [    0.641673] pci_bus 0000:00: root bus resource [io  0x0000-0x0cf7 window]
[STDERR  ] 2018-08-18T15:44:47.486802919Z: [    0.642068] pci_bus 0000:00: root bus resource [io  0x0d00-0xffff window]
[STDERR  ] 2018-08-18T15:44:47.486820395Z: [    0.642449] pci_bus 0000:00: root bus resource [mem 0x000a0000-0x000bffff window]
[STDERR  ] 2018-08-18T15:44:47.486837943Z: [    0.642866] pci_bus 0000:00: root bus resource [mem 0xc0000000-0xfebfffff window]
[STDERR  ] 2018-08-18T15:44:47.486855106Z: [    0.643375] pci_bus 0000:00: root bus resource [bus 00-ff]
[STDERR  ] 2018-08-18T15:44:47.486872630Z: [    0.684847] pci 0000:00:1f.0: quirk: [io  0x0600-0x067f] claimed by ICH6 ACPI/GPIO/TCO
[STDERR  ] 2018-08-18T15:44:47.486892582Z: [    0.712941] ACPI: PCI Interrupt Link [LNKA] (IRQs 5 *10 11)
[STDERR  ] 2018-08-18T15:44:47.486910452Z: [    0.714483] ACPI: PCI Interrupt Link [LNKB] (IRQs 5 *10 11)
[STDERR  ] 2018-08-18T15:44:47.486927859Z: [    0.715827] ACPI: PCI Interrupt Link [LNKC] (IRQs 5 10 *11)
[STDERR  ] 2018-08-18T15:44:47.486962895Z: [    0.717158] ACPI: PCI Interrupt Link [LNKD] (IRQs 5 10 *11)
[STDERR  ] 2018-08-18T15:44:47.486982540Z: [    0.718433] ACPI: PCI Interrupt Link [LNKE] (IRQs 5 *10 11)
[STDERR  ] 2018-08-18T15:44:47.487006170Z: [    0.719754] ACPI: PCI Interrupt Link [LNKF] (IRQs 5 *10 11)
[STDERR  ] 2018-08-18T15:44:47.487023539Z: [    0.721025] ACPI: PCI Interrupt Link [LNKG] (IRQs 5 10 *11)
[STDERR  ] 2018-08-18T15:44:47.487048668Z: [    0.722657] ACPI: PCI Interrupt Link [LNKH] (IRQs 5 10 *11)
[STDERR  ] 2018-08-18T15:44:47.487071258Z: [    0.723465] ACPI: PCI Interrupt Link [GSIA] (IRQs *16)
[STDERR  ] 2018-08-18T15:44:47.487089798Z: [    0.723969] ACPI: PCI Interrupt Link [GSIB] (IRQs *17)
[STDERR  ] 2018-08-18T15:44:47.487108639Z: [    0.724434] ACPI: PCI Interrupt Link [GSIC] (IRQs *18)
[STDERR  ] 2018-08-18T15:44:47.487134337Z: [    0.724927] ACPI: PCI Interrupt Link [GSID] (IRQs *19)
[STDERR  ] 2018-08-18T15:44:47.487153777Z: [    0.725392] ACPI: PCI Interrupt Link [GSIE] (IRQs *20)
[STDERR  ] 2018-08-18T15:44:47.487174308Z: [    0.725865] ACPI: PCI Interrupt Link [GSIF] (IRQs *21)
[STDERR  ] 2018-08-18T15:44:47.487193081Z: [    0.726331] ACPI: PCI Interrupt Link [GSIG] (IRQs *22)
[STDERR  ] 2018-08-18T15:44:47.487211303Z: [    0.726796] ACPI: PCI Interrupt Link [GSIH] (IRQs *23)
[STDERR  ] 2018-08-18T15:44:47.487230407Z: [    0.734172] SCSI subsystem initialized
[STDERR  ] 2018-08-18T15:44:47.487249274Z: [    0.736323] ACPI: bus type USB registered
[STDERR  ] 2018-08-18T15:44:47.487268365Z: [    0.737086] usbcore: registered new interface driver usbfs
[STDERR  ] 2018-08-18T15:44:47.487286993Z: [    0.737796] usbcore: registered new interface driver hub
[STDERR  ] 2018-08-18T15:44:47.487305846Z: [    0.740589] usbcore: registered new device driver usb
[STDERR  ] 2018-08-18T15:44:47.487324860Z: [    0.741434] pps_core: LinuxPPS API ver. 1 registered
[STDERR  ] 2018-08-18T15:44:47.487351049Z: [    0.741746] pps_core: Software ver. 5.3.6 - Copyright 2005-2007 Rodolfo Giometti <giometti@linux.it>
[STDERR  ] 2018-08-18T15:44:47.487370313Z: [    0.742337] PTP clock support registered
[STDERR  ] 2018-08-18T15:44:47.487389584Z: [    0.744261] PCI: Using ACPI for IRQ routing
[STDERR  ] 2018-08-18T15:44:47.487409610Z: [    0.759085] NetLabel: Initializing
[STDERR  ] 2018-08-18T15:44:47.487428731Z: [    0.759381] NetLabel:  domain hash size = 128
[STDERR  ] 2018-08-18T15:44:47.487447674Z: [    0.759696] NetLabel:  protocols = UNLABELED CIPSOv4 CALIPSO
[STDERR  ] 2018-08-18T15:44:47.487465986Z: [    0.761546] NetLabel:  unlabeled traffic allowed by default
[STDERR  ] 2018-08-18T15:44:47.487484536Z: [    0.762878] HPET: 3 timers in total, 0 timers will be used for per-cpu timer
[STDERR  ] 2018-08-18T15:44:47.487526509Z: [    0.763491] hpet0: at MMIO 0xfed00000, IRQs 2, 8, 0
[STDERR  ] 2018-08-18T15:44:47.487555046Z: [    0.763852] hpet0: 3 comparators, 64-bit 100.000000 MHz counter
[STDERR  ] 2018-08-18T15:44:47.487574330Z: [    0.771086] clocksource: Switched to clocksource hpet
[STDERR  ] 2018-08-18T15:44:47.487593536Z: [    0.996184] VFS: Disk quotas dquot_6.6.0
[STDERR  ] 2018-08-18T15:44:47.487613275Z: [    0.996837] VFS: Dquot-cache hash table entries: 512 (order 0, 4096 bytes)
[STDERR  ] 2018-08-18T15:44:47.487633205Z: [    0.999066] FS-Cache: Loaded
[STDERR  ] 2018-08-18T15:44:47.487663401Z: [    1.003710] CacheFiles: Loaded
[STDERR  ] 2018-08-18T15:44:47.487683194Z: [    1.004557] pnp: PnP ACPI init
[STDERR  ] 2018-08-18T15:44:47.487702420Z: [    1.012963] pnp: PnP ACPI: found 5 devices
[STDERR  ] 2018-08-18T15:44:47.487721449Z: [    1.047220] clocksource: acpi_pm: mask: 0xffffff max_cycles: 0xffffff, max_idle_ns: 2085701024 ns
[STDERR  ] 2018-08-18T15:44:47.487751530Z: [    1.049448] NET: Registered protocol family 2
[STDERR  ] 2018-08-18T15:44:47.487772901Z: [    1.055567] TCP established hash table entries: 8192 (order: 4, 65536 bytes)
[STDERR  ] 2018-08-18T15:44:47.487802232Z: [    1.056228] TCP bind hash table entries: 8192 (order: 5, 131072 bytes)
[STDERR  ] 2018-08-18T15:44:47.487819602Z: [    1.057244] TCP: Hash tables configured (established 8192 bind 8192)
[STDERR  ] 2018-08-18T15:44:47.487837099Z: [    1.059016] UDP hash table entries: 512 (order: 2, 16384 bytes)
[STDERR  ] 2018-08-18T15:44:47.487860706Z: [    1.059618] UDP-Lite hash table entries: 512 (order: 2, 16384 bytes)
[STDERR  ] 2018-08-18T15:44:47.487878058Z: [    1.061829] NET: Registered protocol family 1
[STDERR  ] 2018-08-18T15:44:47.487896963Z: [    1.062622] pci 0000:00:01.0: Video device with shadowed ROM at [mem 0x000c0000-0x000dffff]
[STDERR  ] 2018-08-18T15:44:47.487913623Z: [    1.067095] Trying to unpack rootfs image as initramfs...
[STDERR  ] 2018-08-18T15:44:47.487930909Z: [    4.443112] Freeing initrd memory: 28672K
[STDERR  ] 2018-08-18T15:44:47.487948901Z: [    4.463152] PCLMULQDQ-NI instructions are not detected.
[STDERR  ] 2018-08-18T15:44:47.487966010Z: [    4.464169] AVX or AES-NI instructions are not detected.
[STDERR  ] 2018-08-18T15:44:47.487984327Z: [    4.464564] CPU feature 'AVX registers' is not supported.
[STDERR  ] 2018-08-18T15:44:47.488002297Z: [    4.464910] CPU feature 'AVX registers' is not supported.
[STDERR  ] 2018-08-18T15:44:47.488019885Z: [    4.465241] CPU feature 'AVX registers' is not supported.
[STDERR  ] 2018-08-18T15:44:47.488040359Z: [    4.465590] CPU feature 'AVX registers' is not supported.
[STDERR  ] 2018-08-18T15:44:47.488065786Z: [    4.465919] AVX2 or AES-NI instructions are not detected.
[STDERR  ] 2018-08-18T15:44:47.488092894Z: [    4.466252] AVX2 instructions are not detected.
[STDERR  ] 2018-08-18T15:44:47.488110818Z: [    4.469708] audit: initializing netlink subsys (disabled)
[STDERR  ] 2018-08-18T15:44:47.488128441Z: [    4.475781] audit: type=2000 audit(1534607063.470:1): state=initialized audit_enabled=0 res=1
[STDERR  ] 2018-08-18T15:44:47.488146383Z: [    4.476797] workingset: timestamp_bits=46 max_order=18 bucket_order=0
[STDERR  ] 2018-08-18T15:44:47.488169520Z: [    4.482701] squashfs: version 4.0 (2009/01/31) Phillip Lougher
[STDERR  ] 2018-08-18T15:44:47.488186977Z: [    4.484550] FS-Cache: Netfs 'cifs' registered for caching
[STDERR  ] 2018-08-18T15:44:47.488204946Z: [    4.485287] fuse init (API version 7.26)
[STDERR  ] 2018-08-18T15:44:47.488222657Z: [    4.487163] SGI XFS with ACLs, security attributes, no debug enabled
[STDERR  ] 2018-08-18T15:44:47.488240040Z: [    4.490655] 9p: Installing v9fs 9p2000 file system support
[STDERR  ] 2018-08-18T15:44:47.488257472Z: [    4.491066] FS-Cache: Netfs '9p' registered for caching
[STDERR  ] 2018-08-18T15:44:47.488275453Z: [    4.521796] NET: Registered protocol family 38
[STDERR  ] 2018-08-18T15:44:47.488295830Z: [    4.522299] Key type asymmetric registered
[STDERR  ] 2018-08-18T15:44:47.488313530Z: [    4.522608] Asymmetric key parser 'x509' registered
[STDERR  ] 2018-08-18T15:44:47.488343968Z: [    4.523189] Block layer SCSI generic (bsg) driver version 0.4 loaded (major 247)
[STDERR  ] 2018-08-18T15:44:47.488364170Z: [    4.524315] io scheduler noop registered
[STDERR  ] 2018-08-18T15:44:47.488381052Z: [    4.524614] io scheduler deadline registered (default)
[STDERR  ] 2018-08-18T15:44:47.488399779Z: [    4.525245] io scheduler cfq registered
[STDERR  ] 2018-08-18T15:44:47.488419661Z: [    4.525504] io scheduler mq-deadline registered
[STDERR  ] 2018-08-18T15:44:47.488438964Z: [    4.525760] io scheduler kyber registered
[STDERR  ] 2018-08-18T15:44:47.488461579Z: [    4.528007] shpchp: Standard Hot Plug PCI Controller Driver version: 0.4
