[INFO    ] 2019-07-08T20:47:32.114786471Z: Running Test linuxkit.packages.extend.ext4 in /tmp/build/test/cases/040_packages/005_extend/000_ext4
[STDERR  ] 2019-07-08T20:47:32.114894433Z: [    1.990124] ctnetlink v0.93: registering with nfnetlink.
[STDERR  ] 2019-07-08T20:47:32.114914544Z: [    1.995133] nf_tables: (c) 2007-2009 Patrick McHardy <kaber@trash.net>
[STDERR  ] 2019-07-08T20:47:32.114928542Z: [    2.001291] nf_tables_compat: (c) 2012 Pablo Neira Ayuso <pablo@netfilter.org>
[STDERR  ] 2019-07-08T20:47:32.114945124Z: [    2.007998] xt_time: kernel timezone is -0000
[STDERR  ] 2019-07-08T20:47:32.114961332Z: [    2.012096] ip_set: protocol 6
[STDERR  ] 2019-07-08T20:47:32.114974670Z: [    2.015154] ipip: IPv4 and MPLS over IPv4 tunneling driver
[STDERR  ] 2019-07-08T20:47:32.114986246Z: [    2.020805] gre: GRE over IPv4 demultiplexor driver
[STDERR  ] 2019-07-08T20:47:32.115017958Z: [    2.025869] ip_tables: (C) 2000-2006 Netfilter Core Team
[STDERR  ] 2019-07-08T20:47:32.115031260Z: [    2.031135] arp_tables: arp_tables: (C) 2002 David S. Miller
[STDERR  ] 2019-07-08T20:47:32.115043627Z: [    2.036692] NET: Registered protocol family 10
[STDERR  ] 2019-07-08T20:47:32.115055531Z: [    2.041240] Segment Routing with IPv6
[STDERR  ] 2019-07-08T20:47:32.115068197Z: [    2.044995] ip6_tables: (C) 2000-2006 Netfilter Core Team
[STDERR  ] 2019-07-08T20:47:32.115080797Z: [    2.050710] NET: Registered protocol family 17
[STDERR  ] 2019-07-08T20:47:32.115093910Z: [    2.054899] Bridge firewalling registered
[STDERR  ] 2019-07-08T20:47:32.115106865Z: [    2.059039] 8021q: 802.1Q VLAN Support v1.8
[STDERR  ] 2019-07-08T20:47:32.115125341Z: [    2.062986] 9pnet: Installing 9P2000 support
[STDERR  ] 2019-07-08T20:47:32.115142847Z: [    2.067258] Key type dns_resolver registered
[STDERR  ] 2019-07-08T20:47:32.115155470Z: [    2.071449] registered taskstats version 1
[STDERR  ] 2019-07-08T20:47:32.115167792Z: [    2.083873] Key type big_key registered
[STDERR  ] 2019-07-08T20:47:32.115179080Z: [    2.091556] Key type trusted registered
[STDERR  ] 2019-07-08T20:47:32.115191773Z: [    2.098963] Key type encrypted registered
[STDERR  ] 2019-07-08T20:47:32.115203823Z: [    2.103091] ima: No TPM chip found, activating TPM-bypass! (rc=-19)
[STDERR  ] 2019-07-08T20:47:32.115220901Z: [    2.109067] ima: Allocated hash algorithm: sha256
[STDERR  ] 2019-07-08T20:47:32.115260291Z: [    2.113555] evm: HMAC attrs: 0x1
[STDERR  ] 2019-07-08T20:47:32.115272839Z: [    2.118935] rtc_cmos 00:00: setting system clock to 2019-07-08 20:47:15 UTC (1562618835)
[STDERR  ] 2019-07-08T20:47:32.115285779Z: [    2.126834] ata6: SATA link down (SStatus 0 SControl 300)
[STDERR  ] 2019-07-08T20:47:32.115298613Z: [    2.132596] ata5: SATA link down (SStatus 0 SControl 300)
[STDERR  ] 2019-07-08T20:47:32.115311442Z: [    2.138507] ata4: SATA link down (SStatus 0 SControl 300)
[STDERR  ] 2019-07-08T20:47:32.115329126Z: [    2.144319] ata3: SATA link up 1.5 Gbps (SStatus 113 SControl 300)
[STDERR  ] 2019-07-08T20:47:32.115349565Z: [    2.151059] ata2: SATA link down (SStatus 0 SControl 300)
[STDERR  ] 2019-07-08T20:47:32.115361909Z: [    2.157054] ata1: SATA link up 1.5 Gbps (SStatus 113 SControl 300)
[STDERR  ] 2019-07-08T20:47:32.115378578Z: [    2.164717] ata1.00: ATA-7: QEMU HARDDISK, 2.5+, max UDMA/100
[STDERR  ] 2019-07-08T20:47:32.115399985Z: [    2.170038] ata1.00: 65536 sectors, multi 16: LBA48 NCQ (depth 31/32)
[STDERR  ] 2019-07-08T20:47:32.115412818Z: [    2.176232] ata1.00: applying bridge limits
[STDERR  ] 2019-07-08T20:47:32.115428226Z: [    2.180411] ata3.00: ATAPI: QEMU DVD-ROM, 2.5+, max UDMA/100
[STDERR  ] 2019-07-08T20:47:32.115440634Z: [    2.185615] ata3.00: applying bridge limits
[STDERR  ] 2019-07-08T20:47:32.115452870Z: [    2.190287] ata3.00: configured for UDMA/100
[STDERR  ] 2019-07-08T20:47:32.115465540Z: [    2.195341] ata1.00: configured for UDMA/100
[STDERR  ] 2019-07-08T20:47:32.115478281Z: [    2.199572] scsi 0:0:0:0: Direct-Access     ATA      QEMU HARDDISK    2.5+ PQ: 0 ANSI: 5
[INFO    ] 2019-07-08T20:47:32.114984995Z: Running command: [/bin/sh -x /tmp/build/test/cases/040_packages/005_extend/000_ext4/test.sh]
[STDERR  ] 2019-07-08T20:47:32.115491402Z: [    2.207221] sd 0:0:0:0: [sda] 65536 512-byte logical blocks: (33.6 MB/32.0 MiB)
[STDERR  ] 2019-07-08T20:47:32.116686617Z: [    2.214090] sd 0:0:0:0: Attached scsi generic sg0 type 0
[STDERR  ] 2019-07-08T20:47:32.116728084Z: [    2.219202] sd 0:0:0:0: [sda] Write Protect is off
[STDERR  ] 2019-07-08T20:47:32.116753843Z: [    2.224207] scsi 2:0:0:0: CD-ROM            QEMU     QEMU DVD-ROM     2.5+ PQ: 0 ANSI: 5
[STDERR  ] 2019-07-08T20:47:32.116785444Z: [
[STDERR  ] 2019-07-08T20:47:32.124318745Z: + set -ex
[STDERR  ] 2019-07-08T20:47:32.124429478Z: + . /tmp/build/test/cases/_lib/lib.sh
[STDERR  ] 2019-07-08T20:47:32.124567302Z: + [ -f src/github.com/linuxkit/rtf/lib/lib.sh ]
[STDERR  ] 2019-07-08T20:47:32.124648367Z: + LINUXKIT_TMPDIR=/tmp/build/test/cases/_tmp
[STDERR  ] 2019-07-08T20:47:32.124720291Z: + [ -f /tmp/build/test/cases/_tmp/env.sh ]
[STDERR  ] 2019-07-08T20:47:32.124743105Z: + . /tmp/build/test/cases/_tmp/env.sh
[STDERR  ] 2019-07-08T20:47:32.124972897Z: + export LINUXKIT_EXAMPLES_DIR=/tmp/build/test/cases/../../examples
[STDERR  ] 2019-07-08T20:47:32.125064097Z: + RT_CANCEL=253
[STDERR  ] 2019-07-08T20:47:32.125077776Z: + NAME_CREATE=create-ext4
[STDERR  ] 2019-07-08T20:47:32.125092741Z: + NAME_EXTEND=extend-ext4
[STDERR  ] 2019-07-08T20:47:32.125108092Z: + DISK=disk.img
[STDERR  ] 2019-07-08T20:47:32.125120952Z: + trap clean_up EXIT
[STDERR  ] 2019-07-08T20:47:32.125134105Z: + linuxkit build -name create-ext4 -format kernel+initrd test-create.yml
[STDERR  ] 2019-07-08T20:47:32.201500025Z: Extract kernel image: linuxkit/kernel:4.19.51
[STDERR  ] 2019-07-08T20:47:34.356542441Z: Add init containers:
[STDERR  ] 2019-07-08T20:47:34.356619502Z: Process init image: linuxkit/init:1a0c6b624708b5a9e58b9a608a9ce3164e7b2908
[STDERR  ] 2019-07-08T20:47:35.567498991Z: Process init image: linuxkit/runc:c1f0db27e71d948f3134b31ce76276f843849b0a
[STDERR  ] 2019-07-08T20:47:36.739484615Z: Add onboot containers:
[STDERR  ] 2019-07-08T20:47:36.739600159Z:   Create OCI config for linuxkit/format:v0.7
[STDERR  ] 2019-07-08T20:47:39.611556191Z:   Create OCI config for linuxkit/mount:v0.7
[STDERR  ] 2019-07-08T20:47:41.997413602Z:   Create OCI config for alpine:3.9
[STDERR  ] 2019-07-08T20:47:43.186832545Z:   Create OCI config for linuxkit/poweroff:b498d30dd9660090565537fceb9e757618737a85
[STDERR  ] 2019-07-08T20:47:44.357703104Z: Create outputs:
[STDERR  ] 2019-07-08T20:47:51.770995683Z:   create-ext4-kernel create-ext4-initrd.img create-ext4-cmdline
[STDERR  ] 2019-07-08T20:47:51.851233408Z: + linuxkit run -disk file=disk.img,format=raw,size=256M create-ext4
[STDOUT  ] 2019-07-08T20:47:52.742799317Z: [    0.000000] Linux version 4.19.51-linuxkit (root@5e22f1a454b5) (gcc version 8.3.0 (Alpine 8.3.0)) #1 SMP Mon Jun 17 08:07:30 UTC 2019
[STDOUT  ] 2019-07-08T20:47:52.747665449Z: [    0.000000] Command line: console=ttyS0 console=ttyAMA0
[STDOUT  ] 2019-07-08T20:47:52.751651719Z: [    0.000000] x86/fpu: x87 FPU will use FXSAVE
[STDOUT  ] 2019-07-08T20:47:52.755567131Z: [    0.000000] BIOS-provided physical RAM map:
[STDOUT  ] 2019-07-08T20:47:52.762010012Z: [    0.000000] BIOS-e820: [mem 0x0000000000000000-0x000000000009fbff] usable
[STDOUT  ] 2019-07-08T20:47:52.768537707Z: [    0.000000] BIOS-e820: [mem 0x000000000009fc00-0x000000000009ffff] reserved
[STDOUT  ] 2019-07-08T20:47:52.775202603Z: [    0.000000] BIOS-e820: [mem 0x00000000000f0000-0x00000000000fffff] reserved
[STDOUT  ] 2019-07-08T20:47:52.781633026Z: [    0.000000] BIOS-e820: [mem 0x0000000000100000-0x000000003ffdefff] usable
[STDOUT  ] 2019-07-08T20:47:52.788149894Z: [    0.000000] BIOS-e820: [mem 0x000000003ffdf000-0x000000003fffffff] reserved
[STDOUT  ] 2019-07-08T20:47:52.794715277Z: [    0.000000] BIOS-e820: [mem 0x00000000b0000000-0x00000000bfffffff] reserved
[STDOUT  ] 2019-07-08T20:47:52.801376874Z: [    0.000000] BIOS-e820: [mem 0x00000000fed1c000-0x00000000fed1ffff] reserved
[STDOUT  ] 2019-07-08T20:47:52.807992980Z: [    0.000000] BIOS-e820: [mem 0x00000000feffc000-0x00000000feffffff] reserved
[STDOUT  ] 2019-07-08T20:47:52.814657949Z: [    0.000000] BIOS-e820: [mem 0x00000000fffc0000-0x00000000ffffffff] reserved
[STDOUT  ] 2019-07-08T20:47:52.819790969Z: [    0.000000] NX (Execute Disable) protection: active
[STDOUT  ] 2019-07-08T20:47:52.822452881Z: [    0.000000] SMBIOS 2.8 present.
[STDOUT  ] 2019-07-08T20:47:52.829332677Z: [    0.000000] DMI: QEMU Standard PC (Q35 + ICH9, 2009), BIOS 1.10.2-1 04/01/2014
[STDOUT  ] 2019-07-08T20:47:52.832760994Z: [    0.000000] Hypervisor detected: KVM
[STDOUT  ] 2019-07-08T20:47:52.837727243Z: [    0.000000] kvm-clock: Using msrs 4b564d01 and 4b564d00
[STDOUT  ] 2019-07-08T20:47:52.843124006Z: [    0.572803] kvm-clock: cpu 0, msr a81e001, primary cpu clock
[STDOUT  ] 2019-07-08T20:47:52.852977309Z: [    0.572804] clocksource: kvm-clock: mask: 0xffffffffffffffff max_cycles: 0x1cd42e4dffb, max_idle_ns: 881590591483 ns
[STDOUT  ] 2019-07-08T20:47:52.857378542Z: [    0.572816] tsc: Detected 2299.806 MHz processor
[STDOUT  ] 2019-07-08T20:47:52.862604642Z: [    0.576212] last_pfn = 0x3ffdf max_arch_pfn = 0x400000000
[STDOUT  ] 2019-07-08T20:47:52.866831203Z: [    0.576853] x86/PAT: PAT not supported by CPU.
[STDOUT  ] 2019-07-08T20:47:52.873384586Z: [    0.576910] x86/PAT: Configuration [0-7]: WB  WT  UC- UC  WB  WT  UC- UC  
[STDOUT  ] 2019-07-08T20:47:52.879020873Z: [    0.587585] found SMP MP-table at [mem 0x000f6a90-0x000f6a9f]
[STDOUT  ] 2019-07-08T20:47:52.883470371Z: [    0.587850] RAMDISK: [mem 0x3d6a2000-0x3ffcffff]
[STDOUT  ] 2019-07-08T20:47:52.888824278Z: [    0.588099] ACPI: Early table checksum verification disabled
[STDOUT  ] 2019-07-08T20:47:52.894268850Z: [    0.588247] ACPI: RSDP 0x00000000000F68D0 000014 (v00 BOCHS )
[STDOUT  ] 2019-07-08T20:47:52.902330476Z: [    0.588255] ACPI: RSDT 0x000000003FFE2404 000034 (v01 BOCHS  BXPCRSDT 00000001 BXPC 00000001)
[STDOUT  ] 2019-07-08T20:47:52.910345152Z: [    0.588273] ACPI: FACP 0x000000003FFE22A4 000074 (v01 BOCHS  BXPCFACP 00000001 BXPC 00000001)
[STDOUT  ] 2019-07-08T20:47:52.918387279Z: [    0.588280] ACPI: DSDT 0x000000003FFE0040 002264 (v01 BOCHS  BXPCDSDT 00000001 BXPC 00000001)
[STDOUT  ] 2019-07-08T20:47:52.922765525Z: [    0.588284] ACPI: FACS 0x000000003FFE0000 000040
[STDOUT  ] 2019-07-08T20:47:52.930811595Z: [    0.588288] ACPI: APIC 0x000000003FFE2318 000078 (v01 BOCHS  BXPCAPIC 00000001 BXPC 00000001)
[STDOUT  ] 2019-07-08T20:47:52.938916644Z: [    0.588292] ACPI: HPET 0x000000003FFE2390 000038 (v01 BOCHS  BXPCHPET 00000001 BXPC 00000001)
[STDOUT  ] 2019-07-08T20:47:52.946969979Z: [    0.588296] ACPI: MCFG 0x000000003FFE23C8 00003C (v01 BOCHS  BXPCMCFG 00000001 BXPC 00000001)
[STDOUT  ] 2019-07-08T20:47:52.949518569Z: [    0.589067] Zone ranges:
[STDOUT  ] 2019-07-08T20:47:52.955537630Z: [    0.589069]   DMA      [mem 0x0000000000001000-0x0000000000ffffff]
[STDOUT  ] 2019-07-08T20:47:52.961449271Z: [    0.589071]   DMA32    [mem 0x0000000001000000-0x000000003ffdefff]
[STDOUT  ] 2019-07-08T20:47:52.964239038Z: [    0.589073]   Normal   empty
[STDOUT  ] 2019-07-08T20:47:52.966995893Z: [    0.589074]   Device   empty
[STDOUT  ] 2019-07-08T20:47:52.971084183Z: [    0.589076] Movable zone start for each node
[STDOUT  ] 2019-07-08T20:47:52.974498455Z: [    0.589076] Early memory node ranges
[STDOUT  ] 2019-07-08T20:47:52.980566683Z: [    0.589078]   node   0: [mem 0x0000000000001000-0x000000000009efff]
[STDOUT  ] 2019-07-08T20:47:52.986540042Z: [    0.589079]   node   0: [mem 0x0000000000100000-0x000000003ffdefff]
[STDOUT  ] 2019-07-08T20:47:52.990732304Z: [    0.589583] Reserved but unavailable: 98 pages
[STDOUT  ] 2019-07-08T20:47:52.997768673Z: [    0.589585] Initmem setup node 0 [mem 0x0000000000001000-0x000000003ffdefff]
[STDOUT  ] 2019-07-08T20:47:53.001619487Z: [    0.601578] ACPI: PM-Timer IO Port: 0x608
[STDOUT  ] 2019-07-08T20:47:53.007155961Z: [    0.601628] ACPI: LAPIC_NMI (acpi_id[0xff] dfl dfl lint[0x1])
[STDOUT  ] 2019-07-08T20:47:53.013755041Z: [    0.601884] IOAPIC[0]: apic_id 0, version 17, address 0xfec00000, GSI 0-23
[STDOUT  ] 2019-07-08T20:47:53.019865680Z: [    0.601888] ACPI: INT_SRC_OVR (bus 0 bus_irq 0 global_irq 2 dfl dfl)
[STDOUT  ] 2019-07-08T20:47:53.026173388Z: [    0.601890] ACPI: INT_SRC_OVR (bus 0 bus_irq 5 global_irq 5 high level)
[STDOUT  ] 2019-07-08T20:47:53.032446477Z: [    0.601892] ACPI: INT_SRC_OVR (bus 0 bus_irq 9 global_irq 9 high level)
[STDOUT  ] 2019-07-08T20:47:53.039253997Z: [    0.601899] ACPI: INT_SRC_OVR (bus 0 bus_irq 10 global_irq 10 high level)
[STDOUT  ] 2019-07-08T20:47:53.045671053Z: [    0.601900] ACPI: INT_SRC_OVR (bus 0 bus_irq 11 global_irq 11 high level)
[STDOUT  ] 2019-07-08T20:47:53.051299620Z: [    0.601907] Using ACPI (MADT) for SMP configuration information
[STDOUT  ] 2019-07-08T20:47:53.056187498Z: [    0.601909] ACPI: HPET id: 0x8086a201 base: 0xfed00000
[STDOUT  ] 2019-07-08T20:47:53.060912619Z: [    0.601947] smpboot: Allowing 1 CPUs, 0 hotplug CPUs
[STDOUT  ] 2019-07-08T20:47:53.066905446Z: [    0.602062] [mem 0x40000000-0xafffffff] available for PCI devices
[STDOUT  ] 2019-07-08T20:47:53.071476864Z: [    0.602064] Booting paravirtualized kernel on KVM
[STDOUT  ] 2019-07-08T20:47:53.081420655Z: [    0.602066] clocksource: refined-jiffies: mask: 0xffffffff max_cycles: 0xffffffff, max_idle_ns: 1910969940391419 ns
[STDOUT  ] 2019-07-08T20:47:53.089067973Z: [    0.705545] random: get_random_bytes called from start_kernel+0x91/0x512 with crng_init=0
[STDOUT  ] 2019-07-08T20:47:53.096415294Z: [    0.705577] setup_percpu: NR_CPUS:128 nr_cpumask_bits:128 nr_cpu_ids:1 nr_node_ids:1
[STDOUT  ] 2019-07-08T20:47:53.102621924Z: [    0.706403] percpu: Embedded 45 pages/cpu s145112 r8192 d31016 u2097152
[STDOUT  ] 2019-07-08T20:47:53.106413535Z: [    0.706502] KVM setup async PF for cpu 0
[STDOUT  ] 2019-07-08T20:47:53.110682000Z: [    0.706556] kvm-stealtime: cpu 0, msr 3c215e80
[STDOUT  ] 2019-07-08T20:47:53.117058026Z: [    0.706579] Built 1 zonelists, mobility grouping on.  Total pages: 257896
[STDOUT  ] 2019-07-08T20:47:53.122653533Z: [    0.706582] Kernel command line: console=ttyS0 console=ttyAMA0
[STDOUT  ] 2019-07-08T20:47:53.129360223Z: [    0.706743] Dentry cache hash table entries: 131072 (order: 8, 1048576 bytes)
[STDOUT  ] 2019-07-08T20:47:53.135862439Z: [    0.706831] Inode-cache hash table entries: 65536 (order: 7, 524288 bytes)
[STDOUT  ] 2019-07-08T20:47:53.148811954Z: [    0.710558] Memory: 959556K/1048052K available (12300K kernel code, 1583K rwdata, 3012K rodata, 1588K init, 2020K bss, 88496K reserved, 0K cma-reserved)
[STDOUT  ] 2019-07-08T20:47:53.154227528Z: [    0.711266] Kernel/User page tables isolation: enabled
[STDOUT  ] 2019-07-08T20:47:53.159102918Z: [    0.711356] ftrace: allocating 43130 entries in 169 pages
[STDOUT  ] 2019-07-08T20:47:53.163777093Z: [    0.733107] rcu: Hierarchical RCU implementation.
[STDOUT  ] 2019-07-08T20:47:53.170151933Z: [    0.733110] rcu: 	RCU restricting CPUs from NR_CPUS=128 to nr_cpu_ids=1.
[STDOUT  ] 2019-07-08T20:47:53.176503008Z: [    0.733112] rcu: Adjusting geometry for rcu_fanout_leaf=16, nr_cpu_ids=1
[STDOUT  ] 2019-07-08T20:47:53.181984910Z: [    0.735816] NR_IRQS: 8448, nr_irqs: 256, preallocated irqs: 16
[STDOUT  ] 2019-07-08T20:47:53.185556270Z: [    0.762563] Console: colour VGA+ 80x25
[STDOUT  ] 2019-07-08T20:47:53.188907746Z: [    1.216778] console [ttyS0] enabled
[STDOUT  ] 2019-07-08T20:47:53.192669886Z: [    1.220139] ACPI: Core revision 20180810
[STDOUT  ] 2019-07-08T20:47:53.202055033Z: [    1.224751] clocksource: hpet: mask: 0xffffffff max_cycles: 0xffffffff, max_idle_ns: 19112604467 ns
[STDOUT  ] 2019-07-08T20:47:53.207403783Z: [    1.233881] APIC: Switch to symmetric I/O mode setup
[STDOUT  ] 2019-07-08T20:47:53.212915521Z: [    1.241211] x2apic enabled
[STDOUT  ] 2019-07-08T20:47:53.219895728Z: [    1.246345] Switched APIC routing to physical x2apic.
[STDOUT  ] 2019-07-08T20:47:53.235738312Z: [    1.261292] ..TIMER: vector=0x30 apic1=0 pin1=2 apic2=-1 pin2=-1
[STDOUT  ] 2019-07-08T20:47:53.245784688Z: [    1.267151] clocksource: tsc-early: mask: 0xffffffffffffffff max_cycles: 0x21267ddf018, max_idle_ns: 440795235154 ns
[STDOUT  ] 2019-07-08T20:47:53.253661409Z: [    1.277082] Calibrating delay loop (skipped) preset value.. 4599.61 BogoMIPS (lpj=2299806)
[STDOUT  ] 2019-07-08T20:47:53.258124582Z: [    1.278060] pid_max: default: 32768 minimum: 301
[STDOUT  ] 2019-07-08T20:47:53.262205502Z: [    1.279163] Security Framework initialized
[STDOUT  ] 2019-07-08T20:47:53.265624394Z: [    1.280059] Yama: becoming mindful.
[STDOUT  ] 2019-07-08T20:47:53.272110951Z: [    1.281114] Mount-cache hash table entries: 2048 (order: 2, 16384 bytes)
[STDOUT  ] 2019-07-08T20:47:53.278948548Z: [    1.282072] Mountpoint-cache hash table entries: 2048 (order: 2, 16384 bytes)
[STDOUT  ] 2019-07-08T20:47:53.294417824Z: [    1.285119] Last level iTLB entries: 4KB 0, 2MB 0, 4MB 0
[STDOUT  ] 2019-07-08T20:47:53.300618928Z: [    1.286193] Last level dTLB entries: 4KB 0, 2MB 0, 4MB 0, 1GB 0
[STDOUT  ] 2019-07-08T20:47:53.305863867Z: [    1.288058] Spectre V2 : Mitigation: Full generic retpoline
[STDOUT  ] 2019-07-08T20:47:53.313809102Z: [    1.289056] Spectre V2 : Spectre v2 / SpectreRSB mitigation: Filling RSB on context switch
[STDOUT  ] 2019-07-08T20:47:53.318253422Z: [    1.290056] Speculative Store Bypass: Vulnerable
[STDOUT  ] 2019-07-08T20:47:53.324457916Z: [    1.291074] MDS: Vulnerable: Clear CPU buffers attempted, no microcode
[STDOUT  ] 2019-07-08T20:47:53.337993810Z: [    1.302086] Freeing SMP alternatives memory: 20K
[STDOUT  ] 2019-07-08T20:47:53.450308237Z: [    1.305049] smpboot: CPU0: Intel QEMU Virtual CPU version 2.5+ (family: 0x6, model: 0x6, stepping: 0x3)
[STDOUT  ] 2019-07-08T20:47:53.469851547Z: [    1.305250] Performance Events: PMU not available due to virtualization, using software events only.
[STDOUT  ] 2019-07-08T20:47:53.475220759Z: [    1.307368] rcu: Hierarchical SRCU implementation.
[STDOUT  ] 2019-07-08T20:47:53.481214591Z: [    1.308240] NMI watchdog: Perf NMI watchdog permanently disabled
[STDOUT  ] 2019-07-08T20:47:53.486177032Z: [    1.310120] smp: Bringing up secondary CPUs ...
[STDOUT  ] 2019-07-08T20:47:53.489968368Z: [    1.311057] smp: Brought up 1 node, 1 CPU
[STDOUT  ] 2019-07-08T20:47:53.494066660Z: [    1.312056] smpboot: Max logical packages: 1
[STDOUT  ] 2019-07-08T20:47:53.500336212Z: [    1.313056] smpboot: Total of 1 processors activated (4599.61 BogoMIPS)
[STDOUT  ] 2019-07-08T20:47:53.504359133Z: [    1.315280] devtmpfs: initialized
[STDOUT  ] 2019-07-08T20:47:53.508588694Z: [    1.316138] x86/mm: Memory block size: 128MB
[STDOUT  ] 2019-07-08T20:47:53.518102334Z: [    1.318265] clocksource: jiffies: mask: 0xffffffff max_cycles: 0xffffffff, max_idle_ns: 1911260446275000 ns
[STDOUT  ] 2019-07-08T20:47:53.523802961Z: [    1.319067] futex hash table entries: 256 (order: 2, 16384 bytes)
[STDOUT  ] 2019-07-08T20:47:53.528328882Z: [    1.321305] NET: Registered protocol family 16
[STDOUT  ] 2019-07-08T20:47:53.533716881Z: [    1.322216] audit: initializing netlink subsys (disabled)
[STDOUT  ] 2019-07-08T20:47:53.537832244Z: [    1.324115] cpuidle: using governor ladder
[STDOUT  ] 2019-07-08T20:47:53.541765701Z: [    1.325058] cpuidle: using governor menu
[STDOUT  ] 2019-07-08T20:47:53.549984549Z: [    1.327062] audit: type=2000 audit(1562618872.768:1): state=initialized audit_enabled=0 res=1
[STDOUT  ] 2019-07-08T20:47:53.554137437Z: [    1.328248] ACPI: bus type PCI registered
[STDOUT  ] 2019-07-08T20:47:53.560372232Z: [    1.329064] acpiphp: ACPI Hot Plug PCI Controller Driver version: 0.5
[STDOUT  ] 2019-07-08T20:47:53.570330739Z: [    1.331110] PCI: MMCONFIG for domain 0000 [bus 00-ff] at [mem 0xb0000000-0xbfffffff] (base 0xb0000000)
[STDOUT  ] 2019-07-08T20:47:53.576690481Z: [    1.332064] PCI: MMCONFIG at [mem 0xb0000000-0xbfffffff] reserved in E820
[STDOUT  ] 2019-07-08T20:47:53.581983552Z: [    1.333114] PCI: Using configuration type 1 for base access
[STDOUT  ] 2019-07-08T20:47:53.590216670Z: [    1.336014] HugeTLB registered 2.00 MiB page size, pre-allocated 0 pages
[STDOUT  ] 2019-07-08T20:47:53.594437187Z: [    1.337226] cryptd: max_cpu_qlen set to 1000
[STDOUT  ] 2019-07-08T20:47:53.598683198Z: [    1.338242] ACPI: Added _OSI(Module Device)
[STDOUT  ] 2019-07-08T20:47:53.602979200Z: [    1.339074] ACPI: Added _OSI(Processor Device)
[STDOUT  ] 2019-07-08T20:47:53.607454257Z: [    1.340057] ACPI: Added _OSI(3.0 _SCP Extensions)
[STDOUT  ] 2019-07-08T20:47:53.612532441Z: [    1.341056] ACPI: Added _OSI(Processor Aggregator Device)
[STDOUT  ] 2019-07-08T20:47:53.616807019Z: [    1.342079] ACPI: Added _OSI(Linux-Dell-Video)
[STDOUT  ] 2019-07-08T20:47:53.621837927Z: [    1.343058] ACPI: Added _OSI(Linux-Lenovo-NV-HDMI-Audio)
[STDOUT  ] 2019-07-08T20:47:53.629068088Z: [    1.345332] ACPI: 1 ACPI AML tables successfully acquired and loaded
[STDOUT  ] 2019-07-08T20:47:53.635387586Z: [    1.348231] ACPI: Interpreter enabled
[STDOUT  ] 2019-07-08T20:47:53.638690941Z: [    1.349065] ACPI: (supports S0 S5)
[STDOUT  ] 2019-07-08T20:47:53.643522506Z: [    1.350056] ACPI: Using IOAPIC for interrupt routing
[STDOUT  ] 2019-07-08T20:47:53.652037125Z: [    1.351120] PCI: Using host bridge windows from ACPI; if necessary, use "pci=nocrs" and report a bug
[STDOUT  ] 2019-07-08T20:47:53.657032198Z: [    1.352317] ACPI: Enabled 2 GPEs in block 00 to 3F
[STDOUT  ] 2019-07-08T20:47:53.666416938Z: [    1.356744] ACPI: PCI Root Bridge [PCI0] (domain 0000 [bus 00-ff])
[STDOUT  ] 2019-07-08T20:47:53.674070158Z: [    1.357070] acpi PNP0A08:00: _OSC: OS supports [ExtendedConfig ASPM ClockPM Segments MSI]
[STDOUT  ] 2019-07-08T20:47:53.681056843Z: [    1.358205] acpi PNP0A08:00: _OSC: platform does not support [SHPCHotplug LTR]
[STDOUT  ] 2019-07-08T20:47:53.688433784Z: [    1.359176] acpi PNP0A08:00: _OSC: OS now controls [PCIeHotplug PME PCIeCapability]
[STDOUT  ] 2019-07-08T20:47:53.692808392Z: [    1.361057] PCI host bridge to bus 0000:00
[STDOUT  ] 2019-07-08T20:47:53.699369056Z: [    1.362060] pci_bus 0000:00: root bus resource [io  0x0000-0x0cf7 window]
[STDOUT  ] 2019-07-08T20:47:53.705658436Z: [    1.363063] pci_bus 0000:00: root bus resource [io  0x0d00-0xffff window]
[STDOUT  ] 2019-07-08T20:47:53.712719620Z: [    1.364060] pci_bus 0000:00: root bus resource [mem 0x000a0000-0x000bffff window]
[STDOUT  ] 2019-07-08T20:47:53.719850001Z: [    1.365062] pci_bus 0000:00: root bus resource [mem 0xc0000000-0xfebfffff window]
[STDOUT  ] 2019-07-08T20:47:53.725062239Z: [    1.366063] pci_bus 0000:00: root bus resource [bus 00-ff]
[STDOUT  ] 2019-07-08T20:47:53.809644635Z: [    1.437277] pci 0000:00:1f.0: quirk: [io  0x0600-0x067f] claimed by ICH6 ACPI/GPIO/TCO
[STDOUT  ] 2019-07-08T20:47:53.841658517Z: [    1.465539] ACPI: PCI Interrupt Link [LNKA] (IRQs 5 *10 11)
[STDOUT  ] 2019-07-08T20:47:53.847451424Z: [    1.467217] ACPI: PCI Interrupt Link [LNKB] (IRQs 5 *10 11)
[STDOUT  ] 2019-07-08T20:47:53.852999091Z: [    1.468386] ACPI: PCI Interrupt Link [LNKC] (IRQs 5 10 *11)
[STDOUT  ] 2019-07-08T20:47:53.858509393Z: [    1.469362] ACPI: PCI Interrupt Link [LNKD] (IRQs 5 10 *11)
[STDOUT  ] 2019-07-08T20:47:53.864053704Z: [    1.470357] ACPI: PCI Interrupt Link [LNKE] (IRQs 5 *10 11)
[STDOUT  ] 2019-07-08T20:47:53.869614333Z: [    1.471363] ACPI: PCI Interrupt Link [LNKF] (IRQs 5 *10 11)
[STDOUT  ] 2019-07-08T20:47:53.875245625Z: [    1.473147] ACPI: PCI Interrupt Link [LNKG] (IRQs 5 10 *11)
[STDOUT  ] 2019-07-08T20:47:53.880904665Z: [    1.474386] ACPI: PCI Interrupt Link [LNKH] (IRQs 5 10 *11)
[STDOUT  ] 2019-07-08T20:47:53.886057065Z: [    1.475219] ACPI: PCI Interrupt Link [GSIA] (IRQs *16)
[STDOUT  ] 2019-07-08T20:47:53.890971977Z: [    1.476084] ACPI: PCI Interrupt Link [GSIB] (IRQs *17)
[STDOUT  ] 2019-07-08T20:47:53.895873003Z: [    1.477079] ACPI: PCI Interrupt Link [GSIC] (IRQs *18)
[STDOUT  ] 2019-07-08T20:47:53.900847108Z: [    1.478079] ACPI: PCI Interrupt Link [GSID] (IRQs *19)
[STDOUT  ] 2019-07-08T20:47:53.905708125Z: [    1.479081] ACPI: PCI Interrupt Link [GSIE] (IRQs *20)
[STDOUT  ] 2019-07-08T20:47:53.910634251Z: [    1.480085] ACPI: PCI Interrupt Link [GSIF] (IRQs *21)
[STDOUT  ] 2019-07-08T20:47:53.915526037Z: [    1.481086] ACPI: PCI Interrupt Link [GSIG] (IRQs *22)
[STDOUT  ] 2019-07-08T20:47:53.920370956Z: [    1.482083] ACPI: PCI Interrupt Link [GSIH] (IRQs *23)
[STDOUT  ] 2019-07-08T20:47:53.924444675Z: [    1.484112] SCSI subsystem initialized
[STDOUT  ] 2019-07-08T20:47:53.928375823Z: [    1.485184] ACPI: bus type USB registered
[STDOUT  ] 2019-07-08T20:47:53.933581964Z: [    1.486112] usbcore: registered new interface driver usbfs
[STDOUT  ] 2019-07-08T20:47:53.938727241Z: [    1.487098] usbcore: registered new interface driver hub
[STDOUT  ] 2019-07-08T20:47:53.943570630Z: [    1.488097] usbcore: registered new device driver usb
[STDOUT  ] 2019-07-08T20:47:53.948251748Z: [    1.489090] pps_core: LinuxPPS API ver. 1 registered
[STDOUT  ] 2019-07-08T20:47:53.956951327Z: [    1.490056] pps_core: Software ver. 5.3.6 - Copyright 2005-2007 Rodolfo Giometti <giometti@linux.it>
[STDOUT  ] 2019-07-08T20:47:53.960676632Z: [    1.491076] PTP clock support registered
[STDOUT  ] 2019-07-08T20:47:53.964849048Z: [    1.493089] PCI: Using ACPI for IRQ routing
[STDOUT  ] 2019-07-08T20:47:54.424142433Z: [    1.946069] NetLabel: Initializing
[STDOUT  ] 2019-07-08T20:47:54.428311494Z: [    1.947056] NetLabel:  domain hash size = 128
[STDOUT  ] 2019-07-08T20:47:54.433569206Z: [    1.948057] NetLabel:  protocols = UNLABELED CIPSOv4 CALIPSO
[STDOUT  ] 2019-07-08T20:47:54.438851854Z: [    1.949093] NetLabel:  unlabeled traffic allowed by default
[STDOUT  ] 2019-07-08T20:47:54.445613237Z: [    1.950224] HPET: 3 timers in total, 0 timers will be used for per-cpu timer
[STDOUT  ] 2019-07-08T20:47:54.454824844Z: [    1.952186] hpet0: at MMIO 0xfed00000, IRQs 2, 8, 0
[STDOUT  ] 2019-07-08T20:47:54.460508586Z: [    1.953058] hpet0: 3 comparators, 64-bit 100.000000 MHz counter
[STDOUT  ] 2019-07-08T20:47:54.470583119Z: [    1.959096] clocksource: Switched to clocksource kvm-clock
[STDOUT  ] 2019-07-08T20:47:54.496692156Z: [    1.986500] VFS: Disk quotas dquot_6.6.0
[STDOUT  ] 2019-07-08T20:47:54.503182852Z: [    1.990415] VFS: Dquot-cache hash table entries: 512 (order 0, 4096 bytes)
[STDOUT  ] 2019-07-08T20:47:54.506115703Z: [    1.996979] FS-Cache: Loaded
[STDOUT  ] 2019-07-08T20:47:54.509200604Z: [    1.999890] CacheFiles: Loaded
[STDOUT  ] 2019-07-08T20:47:54.512182290Z: [    2.002902] pnp: PnP ACPI init
[STDOUT  ] 2019-07-08T20:47:54.517459411Z: [    2.007194] pnp: PnP ACPI: found 5 devices
[STDOUT  ] 2019-07-08T20:47:54.532077322Z: [    2.017429] clocksource: acpi_pm: mask: 0xffffff max_cycles: 0xffffff, max_idle_ns: 2085701024 ns
[STDOUT  ] 2019-07-08T20:47:54.536391570Z: [    2.025897] NET: Registered protocol family 2
[STDOUT  ] 2019-07-08T20:47:54.544707176Z: [    2.031022] tcp_listen_portaddr_hash hash table entries: 512 (order: 1, 8192 bytes)
[STDOUT  ] 2019-07-08T20:47:54.551352890Z: [    2.038429] TCP established hash table entries: 8192 (order: 4, 65536 bytes)
[STDOUT  ] 2019-07-08T20:47:54.557701092Z: [    2.045125] TCP bind hash table entries: 8192 (order: 5, 131072 bytes)
[STDOUT  ] 2019-07-08T20:47:54.563803328Z: [    2.051404] TCP: Hash tables configured (established 8192 bind 8192)
[STDOUT  ] 2019-07-08T20:47:54.569470860Z: [    2.057531] UDP hash table entries: 512 (order: 2, 16384 bytes)
[STDOUT  ] 2019-07-08T20:47:54.575473249Z: [    2.063168] UDP-Lite hash table entries: 512 (order: 2, 16384 bytes)
[STDOUT  ] 2019-07-08T20:47:54.579819655Z: [    2.069305] NET: Registered protocol family 1
[STDOUT  ] 2019-07-08T20:47:54.584081595Z: [    2.073516] NET: Registered protocol family 44
[STDOUT  ] 2019-07-08T20:47:54.592291424Z: [    2.078041] pci 0000:00:01.0: Video device with shadowed ROM at [mem 0x000c0000-0x000dffff]
[STDOUT  ] 2019-07-08T20:47:54.597899995Z: [    2.086490] Trying to unpack rootfs image as initramfs...
[STDOUT  ] 2019-07-08T20:47:55.411504552Z: [    2.901238] Freeing initrd memory: 42168K
[STDOUT  ] 2019-07-08T20:47:55.420934609Z: [    2.905316] clocksource: tsc: mask: 0xffffffffffffffff max_cycles: 0x21267ddf018, max_idle_ns: 440795235154 ns
[STDOUT  ] 2019-07-08T20:47:55.426696928Z: [    2.915416] PCLMULQDQ-NI instructions are not detected.
[STDOUT  ] 2019-07-08T20:47:55.431744646Z: [    2.920426] AVX or AES-NI instructions are not detected.
[STDOUT  ] 2019-07-08T20:47:55.436781034Z: [    2.925390] CPU feature 'AVX registers' is not supported.
[STDOUT  ] 2019-07-08T20:47:55.441817226Z: [    2.930441] CPU feature 'AVX registers' is not supported.
[STDOUT  ] 2019-07-08T20:47:55.446816832Z: [    2.935463] CPU feature 'AVX registers' is not supported.
[STDOUT  ] 2019-07-08T20:47:55.451831198Z: [    2.940438] CPU feature 'AVX registers' is not supported.
[STDOUT  ] 2019-07-08T20:47:55.456860703Z: [    2.945450] AVX2 or AES-NI instructions are not detected.
[STDOUT  ] 2019-07-08T20:47:55.461070279Z: [    2.950486] AVX2 instructions are not detected.
[STDOUT  ] 2019-07-08T20:47:55.468143766Z: [    2.955334] workingset: timestamp_bits=46 max_order=18 bucket_order=0
[STDOUT  ] 2019-07-08T20:47:55.474437263Z: [    2.962242] squashfs: version 4.0 (2009/01/31) Phillip Lougher
[STDOUT  ] 2019-07-08T20:47:55.479774769Z: [    2.968268] FS-Cache: Netfs 'cifs' registered for caching
[STDOUT  ] 2019-07-08T20:47:55.483524148Z: [    2.973565] fuse init (API version 7.27)
[STDOUT  ] 2019-07-08T20:47:55.489723873Z: [    2.977406] SGI XFS with ACLs, security attributes, no debug enabled
[STDOUT  ] 2019-07-08T20:47:55.495160714Z: [    2.983715] 9p: Installing v9fs 9p2000 file system support
[STDOUT  ] 2019-07-08T20:47:55.500165988Z: [    2.988906] FS-Cache: Netfs '9p' registered for caching
[STDOUT  ] 2019-07-08T20:47:55.505813864Z: [    2.995350] NET: Registered protocol family 38
[STDOUT  ] 2019-07-08T20:47:55.509704862Z: [    2.999572] Key type asymmetric registered
[STDOUT  ] 2019-07-08T20:47:55.514455636Z: [    3.003570] Asymmetric key parser 'x509' registered
[STDOUT  ] 2019-07-08T20:47:55.521357993Z: [    3.008210] Block layer SCSI generic (bsg) driver version 0.4 loaded (major 247)
[STDOUT  ] 2019-07-08T20:47:55.525247318Z: [    3.015231] io scheduler noop registered
[STDOUT  ] 2019-07-08T20:47:55.530000535Z: [    3.018982] io scheduler deadline registered (default)
[STDOUT  ] 2019-07-08T20:47:55.533716334Z: [    3.023795] io scheduler cfq registered
[STDOUT  ] 2019-07-08T20:47:55.538807525Z: [    3.027458] io scheduler mq-deadline registered (default)
[STDOUT  ] 2019-07-08T20:47:55.542664322Z: [    3.032536] io scheduler kyber registered
[STDOUT  ] 2019-07-08T20:47:55.549025488Z: [    3.036490] shpchp: Standard Hot Plug PCI Controller Driver version: 0.4
[STDOUT  ] 2019-07-08T20:47:55.553829933Z: [    3.042778] hv_vmbus: registering driver hyperv_fb
[STDOUT  ] 2019-07-08T20:47:55.560898331Z: [    3.047657] input: Power Button as /devices/LNXSYSTM:00/LNXPWRBN:00/input/input0
[STDOUT  ] 2019-07-08T20:47:55.564455439Z: [    3.054622] ACPI: Power Button [PWRF]
[STDOUT  ] 2019-07-08T20:47:55.570136640Z: [    3.058942] PCI Interrupt Link [GSIG] enabled at IRQ 22
[STDOUT  ] 2019-07-08T20:47:55.580778238Z: [    3.069611] PCI Interrupt Link [GSIH] enabled at IRQ 23
[STDOUT  ] 2019-07-08T20:47:55.592393240Z: [    3.080240] Serial: 8250/16550 driver, 4 ports, IRQ sharing disabled
[STDOUT  ] 2019-07-08T20:47:55.633656461Z: [    3.120575] 00:04: ttyS0 at I/O 0x3f8 (irq = 4, base_baud = 115200) is a 16550A
[STDOUT  ] 2019-07-08T20:47:55.638701546Z: [    3.128423] Non-volatile memory driver v1.3
[STDOUT  ] 2019-07-08T20:47:55.648710888Z: [    3.134132] Hangcheck: starting hangcheck timer 0.9.1 (tick is 180 seconds, margin is 60 seconds).
[STDOUT  ] 2019-07-08T20:47:55.652298260Z: [    3.142740] random: fast init done
[STDOUT  ] 2019-07-08T20:47:55.656546104Z: [    3.146984] random: crng init done
[STDOUT  ] 2019-07-08T20:47:55.661665245Z: [    3.152385] brd: module loaded
[STDOUT  ] 2019-07-08T20:47:55.667153910Z: [    3.157835] loop: module loaded
[STDOUT  ] 2019-07-08T20:47:55.676830690Z: [    3.164692] lpc_ich 0000:00:1f.0: I/O space for GPIO uninitialized
[STDOUT  ] 2019-07-08T20:47:55.681787024Z: [    3.170695] VMware PVSCSI driver - version 1.0.7.0-k
[STDOUT  ] 2019-07-08T20:47:55.686418465Z: [    3.175540] hv_vmbus: registering driver hv_storvsc
[STDOUT  ] 2019-07-08T20:47:55.691905800Z: [    3.180726] PCI Interrupt Link [GSIA] enabled at IRQ 16
[STDOUT  ] 2019-07-08T20:47:55.703421723Z: [    3.189226] ahci 0000:00:1f.2: AHCI 0001.0000 32 slots 6 ports 1.5 Gbps 0x3f impl SATA mode
[STDOUT  ] 2019-07-08T20:47:55.708156749Z: [    3.197147] ahci 0000:00:1f.2: flags: 64bit ncq only 
[STDOUT  ] 2019-07-08T20:47:55.714855758Z: [    3.205778] scsi host0: ahci
[STDOUT  ] 2019-07-08T20:47:55.717802357Z: [    3.208706] scsi host1: ahci
[STDOUT  ] 2019-07-08T20:47:55.720667436Z: [    3.211628] scsi host2: ahci
[STDOUT  ] 2019-07-08T20:47:55.723573095Z: [    3.214526] scsi host3: ahci
[STDOUT  ] 2019-07-08T20:47:55.726447482Z: [    3.217381] scsi host4: ahci
[STDOUT  ] 2019-07-08T20:47:55.729357060Z: [    3.220291] scsi host5: ahci
[STDOUT  ] 2019-07-08T20:47:55.736366877Z: [    3.223240] ata1: SATA max UDMA/133 abar m4096@0xfebd2000 port 0xfebd2100 irq 24
[STDOUT  ] 2019-07-08T20:47:55.743412159Z: [    3.230153] ata2: SATA max UDMA/133 abar m4096@0xfebd2000 port 0xfebd2180 irq 24
[STDOUT  ] 2019-07-08T20:47:55.750332890Z: [    3.237194] ata3: SATA max UDMA/133 abar m4096@0xfebd2000 port 0xfebd2200 irq 24
[STDOUT  ] 2019-07-08T20:47:55.757353049Z: [    3.244186] ata4: SATA max UDMA/133 abar m4096@0xfebd2000 port 0xfebd2280 irq 24
[STDOUT  ] 2019-07-08T20:47:55.764244562Z: [    3.251142] ata5: SATA max UDMA/133 abar m4096@0xfebd2000 port 0xfebd2300 irq 24
[STDOUT  ] 2019-07-08T20:47:55.771062201Z: [    3.257999] ata6: SATA max UDMA/133 abar m4096@0xfebd2000 port 0xfebd2380 irq 24
[STDOUT  ] 2019-07-08T20:47:55.778176107Z: [    3.267187] tun: Universal TUN/TAP device driver, 1.6
[STDOUT  ] 2019-07-08T20:47:55.789244150Z: [    3.276842] VMware vmxnet3 virtual NIC driver - version 1.4.16.0-k-NAPI
[STDOUT  ] 2019-07-08T20:47:55.793740456Z: [    3.282970] hv_vmbus: registering driver hv_netvsc
[STDOUT  ] 2019-07-08T20:47:55.797568119Z: [    3.287440] Fusion MPT base driver 3.04.20
[STDOUT  ] 2019-07-08T20:47:55.802099678Z: [    3.291281] Copyright (c) 1999-2008 LSI Corporation
[STDOUT  ] 2019-07-08T20:47:55.806237642Z: [    3.295811] Fusion MPT SPI Host driver 3.04.20
[STDOUT  ] 2019-07-08T20:47:55.813837160Z: [    3.300036] i8042: PNP: PS/2 Controller [PNP0303:KBD,PNP0f13:MOU] at 0x60,0x64 irq 1,12
[STDOUT  ] 2019-07-08T20:47:55.822337641Z: [    3.311354] serio: i8042 KBD port at 0x60,0x64 irq 1
[STDOUT  ] 2019-07-08T20:47:55.826986327Z: [    3.316044] serio: i8042 AUX port at 0x60,0x64 irq 12
[STDOUT  ] 2019-07-08T20:47:55.832015332Z: [    3.320812] hv_vmbus: registering driver hyperv_keyboard
[STDOUT  ] 2019-07-08T20:47:55.837347910Z: [    3.325839] mousedev: PS/2 mouse device common for all mice
[STDOUT  ] 2019-07-08T20:47:55.846720352Z: [    3.332492] input: AT Translated Set 2 keyboard as /devices/platform/i8042/serio0/input/input1
[STDOUT  ] 2019-07-08T20:47:55.853171439Z: [    3.340526] input: PC Speaker as /devices/platform/pcspkr/input/input2
[STDOUT  ] 2019-07-08T20:47:55.858661934Z: [    3.347995] rtc_cmos 00:00: RTC can wake from S4
[STDOUT  ] 2019-07-08T20:47:55.865611757Z: [    3.355124] rtc_cmos 00:00: registered as rtc0
[STDOUT  ] 2019-07-08T20:47:55.872715151Z: [    3.359369] rtc_cmos 00:00: alarms up to one day, y3k, 114 bytes nvram, hpet irqs
[STDOUT  ] 2019-07-08T20:47:55.876073052Z: [    3.366476] i2c /dev entries driver
[STDOUT  ] 2019-07-08T20:47:55.884222433Z: [    3.370208] device-mapper: ioctl: 4.39.0-ioctl (2018-04-03) initialised: dm-devel@redhat.com
[STDOUT  ] 2019-07-08T20:47:55.890036912Z: [    3.378618] usbcore: registered new interface driver usbhid
[STDOUT  ] 2019-07-08T20:47:55.893722487Z: [    3.383760] usbhid: USB HID core driver
[STDOUT  ] 2019-07-08T20:47:55.898720778Z: [    3.387510] hv_utils: Registering HyperV Utility Driver
[STDOUT  ] 2019-07-08T20:47:55.903020349Z: [    3.392410] hv_vmbus: registering driver hv_util
[STDOUT  ] 2019-07-08T20:47:55.907552962Z: [    3.396718] hv_vmbus: registering driver hv_balloon
[STDOUT  ] 2019-07-08T20:47:55.911428650Z: [    3.401268] oprofile: using NMI interrupt.
[STDOUT  ] 2019-07-08T20:47:55.914529769Z: [    3.405218] GACT probability on
[STDOUT  ] 2019-07-08T20:47:55.917991362Z: [    3.408230] Mirror/redirect action on
[STDOUT  ] 2019-07-08T20:47:55.921359798Z: [    3.411719] Simple TC action Loaded
[STDOUT  ] 2019-07-08T20:47:55.924082363Z: [    3.415125] u32 classifier
[STDOUT  ] 2019-07-08T20:47:55.927680656Z: [    3.417789]     Performance counters on
[STDOUT  ] 2019-07-08T20:47:55.931284423Z: [    3.421411]     input device check on
[STDOUT  ] 2019-07-08T20:47:55.934496412Z: [    3.425001]     Actions configured
[STDOUT  ] 2019-07-08T20:47:55.939106256Z: [    3.428658] xt_time: kernel timezone is -0000
[STDOUT  ] 2019-07-08T20:47:55.944607397Z: [    3.432845] IPVS: Registered protocols (TCP, UDP, SCTP, AH, ESP)
[STDOUT  ] 2019-07-08T20:47:55.951334138Z: [    3.438363] IPVS: Connection hash table configured (size=4096, memory=64Kbytes)
[STDOUT  ] 2019-07-08T20:47:55.954443765Z: [    3.445253] IPVS: ipvs loaded.
[STDOUT  ] 2019-07-08T20:47:55.958482641Z: [    3.448168] IPVS: [rr] scheduler registered.
[STDOUT  ] 2019-07-08T20:47:55.962710573Z: [    3.452204] IPVS: [wrr] scheduler registered.
[STDOUT  ] 2019-07-08T20:47:55.966628155Z: [    3.456286] IPVS: [lc] scheduler registered.
[STDOUT  ] 2019-07-08T20:47:55.970664079Z: [    3.460295] IPVS: [wlc] scheduler registered.
[STDOUT  ] 2019-07-08T20:47:55.974626872Z: [    3.464354] IPVS: [fo] scheduler registered.
[STDOUT  ] 2019-07-08T20:47:55.978911760Z: [    3.468553] IPVS: [ovf] scheduler registered.
[STDOUT  ] 2019-07-08T20:47:55.983166002Z: [    3.472662] IPVS: [lblc] scheduler registered.
[STDOUT  ] 2019-07-08T20:47:55.987803126Z: [    3.477242] IPVS: [lblcr] scheduler registered.
[STDOUT  ] 2019-07-08T20:47:55.991826231Z: [    3.481510] IPVS: [dh] scheduler registered.
[STDOUT  ] 2019-07-08T20:47:55.996096827Z: [    3.485771] IPVS: [sh] scheduler registered.
[STDOUT  ] 2019-07-08T20:47:56.000294629Z: [    3.489821] IPVS: [mh] scheduler registered.
[STDOUT  ] 2019-07-08T20:47:56.004698127Z: [    3.494293] IPVS: [sed] scheduler registered.
[STDOUT  ] 2019-07-08T20:47:56.008713815Z: [    3.498446] IPVS: [nq] scheduler registered.
[STDOUT  ] 2019-07-08T20:47:56.013792357Z: [    3.502703] IPVS: ftp: loaded support on port[0] = 21
[STDOUT  ] 2019-07-08T20:47:56.019350629Z: [    3.507906] ipip: IPv4 and MPLS over IPv4 tunneling driver
[STDOUT  ] 2019-07-08T20:47:56.024471394Z: [    3.513502] gre: GRE over IPv4 demultiplexor driver
[STDOUT  ] 2019-07-08T20:47:56.030797338Z: [    3.518625] ipt_CLUSTERIP: ClusterIP Version 0.8 loaded successfully
[STDOUT  ] 2019-07-08T20:47:56.035324720Z: [    3.524828] NET: Registered protocol family 10
[STDOUT  ] 2019-07-08T20:47:56.039288655Z: [    3.529504] Segment Routing with IPv6
[STDOUT  ] 2019-07-08T20:47:56.044128050Z: [    3.533608] NET: Registered protocol family 17
[STDOUT  ] 2019-07-08T20:47:56.047937039Z: [    3.537864] Bridge firewalling registered
[STDOUT  ] 2019-07-08T20:47:56.052117046Z: [    3.541912] 8021q: 802.1Q VLAN Support v1.8
[STDOUT  ] 2019-07-08T20:47:56.056203780Z: [    3.545879] 9pnet: Installing 9P2000 support
[STDOUT  ] 2019-07-08T20:47:56.060504829Z: [    3.550176] Key type dns_resolver registered
[STDOUT  ] 2019-07-08T20:47:56.064836238Z: [    3.554256] NET: Registered protocol family 40
[STDOUT  ] 2019-07-08T20:47:56.069137310Z: [    3.558997] registered taskstats version 1
[STDOUT  ] 2019-07-08T20:47:56.081877181Z: [    3.569752] ata1: SATA link up 1.5 Gbps (SStatus 113 SControl 300)
[STDOUT  ] 2019-07-08T20:47:56.088029781Z: [    3.576709] ata2: SATA link down (SStatus 0 SControl 300)
[STDOUT  ] 2019-07-08T20:47:56.093973798Z: [    3.582587] ata5: SATA link down (SStatus 0 SControl 300)
[STDOUT  ] 2019-07-08T20:47:56.099813803Z: [    3.588482] ata4: SATA link down (SStatus 0 SControl 300)
[STDOUT  ] 2019-07-08T20:47:56.106483386Z: [    3.594424] ata3: SATA link up 1.5 Gbps (SStatus 113 SControl 300)
[STDOUT  ] 2019-07-08T20:47:56.112493136Z: [    3.601168] ata6: SATA link down (SStatus 0 SControl 300)
[STDOUT  ] 2019-07-08T20:47:56.118579586Z: [    3.606906] ata1.00: ATA-7: QEMU HARDDISK, 2.5+, max UDMA/100
[STDOUT  ] 2019-07-08T20:47:56.124519170Z: [    3.612311] ata1.00: 524288 sectors, multi 16: LBA48 NCQ (depth 32)
[STDOUT  ] 2019-07-08T20:47:56.128565642Z: [    3.618151] ata1.00: applying bridge limits
[STDOUT  ] 2019-07-08T20:47:56.134150112Z: [    3.622603] ata3.00: ATAPI: QEMU DVD-ROM, 2.5+, max UDMA/100
[STDOUT  ] 2019-07-08T20:47:56.138139907Z: [    3.627871] ata3.00: applying bridge limits
[STDOUT  ] 2019-07-08T20:47:56.144655351Z: [    3.634322] ata3.00: configured for UDMA/100
[STDOUT  ] 2019-07-08T20:47:56.148694592Z: [    3.638763] Key type big_key registered
[STDOUT  ] 2019-07-08T20:47:56.153604901Z: [    3.643282] ata1.00: configured for UDMA/100
[STDOUT  ] 2019-07-08T20:47:56.161331020Z: [    3.647454] scsi 0:0:0:0: Direct-Access     ATA      QEMU HARDDISK    2.5+ PQ: 0 ANSI: 5
[STDOUT  ] 2019-07-08T20:47:56.168481359Z: [    3.657165] sd 0:0:0:0: Attached scsi generic sg0 type 0
[STDOUT  ] 2019-07-08T20:47:56.175255184Z: [    3.662278] sd 0:0:0:0: [sda] 524288 512-byte logical blocks: (268 MB/256 MiB)
[STDOUT  ] 2019-07-08T20:47:56.185186890Z: [    3.671436] scsi 2:0:0:0: CD-ROM            QEMU     QEMU DVD-ROM     2.5+ PQ: 0 ANSI: 5
[STDOUT  ] 2019-07-08T20:47:56.189708255Z: [    3.678953] sd 0:0:0:0: [sda] Write Protect is off
[STDOUT  ] 2019-07-08T20:47:56.193536796Z: [    3.683515] Key type trusted registered
[STDOUT  ] 2019-07-08T20:47:56.202658000Z: [    3.688164] sd 0:0:0:0: [sda] Write cache: enabled, read cache: enabled, doesn't support DPO or FUA
[STDOUT  ] 2019-07-08T20:47:56.210532415Z: [    3.699844] sd 0:0:0:0: [sda] Attached SCSI disk
[STDOUT  ] 2019-07-08T20:47:56.216258245Z: [    3.706132] Key type encrypted registered
[STDOUT  ] 2019-07-08T20:47:56.221449377Z: [    3.710007] ima: No TPM chip found, activating TPM-bypass!
[STDOUT  ] 2019-07-08T20:47:56.225876552Z: [    3.715159] ima: Allocated hash algorithm: sha256
[STDOUT  ] 2019-07-08T20:47:56.232947518Z: [    3.720412] sr 2:0:0:0: [sr0] scsi3-mmc drive: 4x/4x cd/rw xa/form2 tray
[STDOUT  ] 2019-07-08T20:47:56.237866642Z: [    3.726668] cdrom: Uniform CD-ROM driver Revision: 3.20
[STDOUT  ] 2019-07-08T20:47:56.242760319Z: [    3.731623] evm: Initialising EVM extended attributes:
[STDOUT  ] 2019-07-08T20:47:56.245614422Z: [    3.736449] evm: security.ima
[STDOUT  ] 2019-07-08T20:47:56.248975670Z: [    3.739293] evm: security.capability
[STDOUT  ] 2019-07-08T20:47:56.252073182Z: [    3.742669] evm: HMAC attrs: 0x1
[STDOUT  ] 2019-07-08T20:47:56.257837267Z: [    3.746415] sr 2:0:0:0: Attached scsi generic sg1 type 5
[STDOUT  ] 2019-07-08T20:47:56.266250282Z: [    3.752466] rtc_cmos 00:00: setting system clock to 2019-07-08 20:47:55 UTC (1562618875)
[STDOUT  ] 2019-07-08T20:47:56.273199913Z: [    3.760041] Unstable clock detected, switching default tracing clock to "global"
[STDOUT  ] 2019-07-08T20:47:56.278567683Z: [    3.760041] If you want to keep using the local clock, then add:
[STDOUT  ] 2019-07-08T20:47:56.281540038Z: [    3.760041]   "trace_clock=local"
[STDOUT  ] 2019-07-08T20:47:56.284872862Z: [    3.760041] on the kernel command line
[STDOUT  ] 2019-07-08T20:47:56.294072452Z: [    3.783020] Freeing unused kernel image memory: 1588K
[STDOUT  ] 2019-07-08T20:47:56.301015751Z: [    3.789157] Write protecting the kernel read-only data: 18432k
[STDOUT  ] 2019-07-08T20:47:56.308019250Z: [    3.796923] Freeing unused kernel image memory: 2028K
[STDOUT  ] 2019-07-08T20:47:56.313202584Z: [    3.802120] Freeing unused kernel image memory: 1084K
[STDOUT  ] 2019-07-08T20:47:56.316752171Z: [    3.806955] Run /init as init process
[STDOUT  ] 2019-07-08T20:47:56.943318639Z: 
[STDOUT  ] 2019-07-08T20:47:56.945580973Z: Welcome to LinuxKit
[STDOUT  ] 2019-07-08T20:47:56.945598013Z: 
[STDOUT  ] 2019-07-08T20:47:56.948045554Z:                         ##         .
[STDOUT  ] 2019-07-08T20:47:56.950443885Z:                   ## ## ##        ==
[STDOUT  ] 2019-07-08T20:47:56.953068949Z:                ## ## ## ## ##    ===
[STDOUT  ] 2019-07-08T20:47:56.955532461Z:            /"""""""""""""""""\___/ ===
[STDOUT  ] 2019-07-08T20:47:56.958286486Z:           {                       /  ===-
[STDOUT  ] 2019-07-08T20:47:56.960784235Z:            \______ O           __/
[STDOUT  ] 2019-07-08T20:47:56.962901962Z:              \    \         __/
[STDOUT  ] 2019-07-08T20:47:56.964854835Z:               \____\_______/
[STDOUT  ] 2019-07-08T20:47:56.965377048Z: 
[STDOUT  ] 2019-07-08T20:47:57.048884180Z: [    4.537709] IPVS: ftp: loaded support on port[0] = 21
[STDOUT  ] 2019-07-08T20:47:57.167147005Z: [    4.658877]  sda:
[STDOUT  ] 2019-07-08T20:47:57.175302659Z: [    4.667041]  sda:
[STDOUT  ] 2019-07-08T20:47:57.447068239Z: [    4.938423]  sda: sda1
[STDOUT  ] 2019-07-08T20:47:57.453250943Z: [    4.944660]  sda: sda1
[STDOUT  ] 2019-07-08T20:47:58.570331514Z: 2019/07/08 20:47:55 Creating partition on /dev/sda
[STDOUT  ] 2019-07-08T20:47:58.575319762Z: 2019/07/08 20:47:56 Partition /dev/sda1 successfully created!
[STDOUT  ] 2019-07-08T20:47:58.635573955Z: [    6.124209] IPVS: ftp: loaded support on port[0] = 21
[STDOUT  ] 2019-07-08T20:47:58.714030797Z: [    6.200605] EXT4-fs (sda1): mounted filesystem with ordered data mode. Opts: (null)
[STDOUT  ] 2019-07-08T20:48:09.010669981Z: [   16.499268] sd 0:0:0:0: [sda] Synchronizing SCSI cache
[STDOUT  ] 2019-07-08T20:48:09.015104440Z: [   16.504785] sd 0:0:0:0: [sda] Stopping disk
[STDOUT  ] 2019-07-08T20:48:09.021679951Z: [   16.510154] ACPI: Preparing to enter system sleep state S5
[STDOUT  ] 2019-07-08T20:48:09.025009006Z: [   16.515716] reboot: Power down
[STDERR  ] 2019-07-08T20:48:09.046137271Z: + [ -f disk.img ]
[STDERR  ] 2019-07-08T20:48:09.046213228Z: + dd if=/dev/zero bs=1048576 count=256
[STDERR  ] 2019-07-08T20:48:09.240908144Z: 256+0 records in
[STDERR  ] 2019-07-08T20:48:09.240970528Z: 256+0 records out
[STDERR  ] 2019-07-08T20:48:09.241056801Z: 268435456 bytes (268 MB, 256 MiB) copied, 0.174577 s, 1.5 GB/s
[STDERR  ] 2019-07-08T20:48:09.241442547Z: + linuxkit build -format kernel+initrd -name extend-ext4 test.yml
[STDERR  ] 2019-07-08T20:48:09.282485823Z: Extract kernel image: linuxkit/kernel:4.19.51
[STDERR  ] 2019-07-08T20:48:11.299894434Z: Add init containers:
[STDERR  ] 2019-07-08T20:48:11.299964680Z: Process init image: linuxkit/init:1a0c6b624708b5a9e58b9a608a9ce3164e7b2908
[STDERR  ] 2019-07-08T20:48:12.505111821Z: Process init image: linuxkit/runc:c1f0db27e71d948f3134b31ce76276f843849b0a
[STDERR  ] 2019-07-08T20:48:13.832172519Z: Add onboot containers:
[STDERR  ] 2019-07-08T20:48:13.832248499Z:   Create OCI config for linuxkit/extend:v0.7
[STDERR  ] 2019-07-08T20:48:16.120716540Z: Pull image: docker.io/linuxkit/extend:v0.7@sha256:b4819758fc64c32456df236db6176de92fec78c117f1e89d9a6156c1642d6427
[STDERR  ] 2019-07-08T20:48:22.986714998Z:   Create OCI config for linuxkit/mount:v0.7
[STDERR  ] 2019-07-08T20:48:24.381838676Z:   Create OCI config for alpine:3.9
[STDERR  ] 2019-07-08T20:48:25.551575736Z:   Create OCI config for linuxkit/poweroff:b498d30dd9660090565537fceb9e757618737a85
[STDERR  ] 2019-07-08T20:48:26.745720252Z: Add files:
[STDERR  ] 2019-07-08T20:48:26.745785049Z:   check.sh
[STDERR  ] 2019-07-08T20:48:26.772649102Z: Create outputs:
[STDERR  ] 2019-07-08T20:48:36.835311392Z:   extend-ext4-kernel extend-ext4-initrd.img extend-ext4-cmdline
[STDERR  ] 2019-07-08T20:48:36.930685719Z: + linuxkit run -disk file=disk.img extend-ext4
[STDERR  ] 2019-07-08T20:48:36.964009174Z: Using existing disk [disk.img] format 
[STDERR  ] 2019-07-08T20:48:36.984301914Z: WARNING: Image format was not specified for 'disk.img' and probing guessed raw.
[STDERR  ] 2019-07-08T20:48:36.984361864Z:          Automatically detecting the format is dangerous for raw images, write operations on block 0 will be restricted.
[STDERR  ] 2019-07-08T20:48:36.984377594Z:          Specify the 'raw' format explicitly to remove the restrictions.
[STDERR  ] 2019-07-08T20:48:55.191300518Z: + RESULT=[    0.000000] Linux version 4.19.51-linuxkit (root@5e22f1a454b5) (gcc version 8.3.0 (Alpine 8.3.0)) #1 SMP Mon Jun 17 08:07:30 UTC 2019
[STDERR  ] 2019-07-08T20:48:55.191387671Z: [    0.000000] Command line: console=ttyS0 console=ttyAMA0
[STDERR  ] 2019-07-08T20:48:55.191404660Z: [    0.000000] x86/fpu: x87 FPU will use FXSAVE
[STDERR  ] 2019-07-08T20:48:55.191418805Z: [    0.000000] BIOS-provided physical RAM map:
[STDERR  ] 2019-07-08T20:48:55.191460098Z: [    0.000000] BIOS-e820: [mem 0x0000000000000000-0x000000000009fbff] usable
[STDERR  ] 2019-07-08T20:48:55.191474259Z: [    0.000000] BIOS-e820: [mem 0x000000000009fc00-0x000000000009ffff] reserved
[STDERR  ] 2019-07-08T20:48:55.191489824Z: [    0.000000] BIOS-e820: [mem 0x00000000000f0000-0x00000000000fffff] reserved
[STDERR  ] 2019-07-08T20:48:55.191502726Z: [    0.000000] BIOS-e820: [mem 0x0000000000100000-0x000000003ffdefff] usable
[STDERR  ] 2019-07-08T20:48:55.191515679Z: [    0.000000] BIOS-e820: [mem 0x000000003ffdf000-0x000000003fffffff] reserved
[STDERR  ] 2019-07-08T20:48:55.191529037Z: [    0.000000] BIOS-e820: [mem 0x00000000b0000000-0x00000000bfffffff] reserved
[STDERR  ] 2019-07-08T20:48:55.191541856Z: [    0.000000] BIOS-e820: [mem 0x00000000fed1c000-0x00000000fed1ffff] reserved
[STDERR  ] 2019-07-08T20:48:55.191553523Z: [    0.000000] BIOS-e820: [mem 0x00000000feffc000-0x00000000feffffff] reserved
[STDERR  ] 2019-07-08T20:48:55.191565167Z: [    0.000000] BIOS-e820: [mem 0x00000000fffc0000-0x00000000ffffffff] reserved
[STDERR  ] 2019-07-08T20:48:55.191577832Z: [    0.000000] NX (Execute Disable) protection: active
[STDERR  ] 2019-07-08T20:48:55.191589554Z: [    0.000000] SMBIOS 2.8 present.
[STDERR  ] 2019-07-08T20:48:55.191602285Z: [    0.000000] DMI: QEMU Standard PC (Q35 + ICH9, 2009), BIOS 1.10.2-1 04/01/2014
[STDERR  ] 2019-07-08T20:48:55.191614119Z: [    0.000000] Hypervisor detected: KVM
[STDERR  ] 2019-07-08T20:48:55.191626645Z: [    0.000000] kvm-clock: Using msrs 4b564d01 and 4b564d00
[STDERR  ] 2019-07-08T20:48:55.191639242Z: [    0.573070] kvm-clock: cpu 0, msr 1e81e001, primary cpu clock
[STDERR  ] 2019-07-08T20:48:55.191652449Z: [    0.573071] clocksource: kvm-clock: mask: 0xffffffffffffffff max_cycles: 0x1cd42e4dffb, max_idle_ns: 881590591483 ns
[STDERR  ] 2019-07-08T20:48:55.191667922Z: [    0.573083] tsc: Detected 2299.806 MHz processor
[STDERR  ] 2019-07-08T20:48:55.191680652Z: [    0.576296] last_pfn = 0x3ffdf max_arch_pfn = 0x400000000
[STDERR  ] 2019-07-08T20:48:55.191694236Z: [    0.576951] x86/PAT: PAT not supported by CPU.
[STDERR  ] 2019-07-08T20:48:55.191719222Z: [    0.577011] x86/PAT: Configuration [0-7]: WB  WT  UC- UC  WB  WT  UC- UC  
[STDERR  ] 2019-07-08T20:48:55.191732620Z: [    0.587574] found SMP MP-table at [mem 0x000f6a90-0x000f6a9f]
[STDERR  ] 2019-07-08T20:48:55.191745296Z: [    0.587915] RAMDISK: [mem 0x3c4c1000-0x3ffcffff]
[STDERR  ] 2019-07-08T20:48:55.191758134Z: [    0.588129] ACPI: Early table checksum verification disabled
[STDERR  ] 2019-07-08T20:48:55.191771209Z: [    0.588261] ACPI: RSDP 0x00000000000F68D0 000014 (v00 BOCHS )
[STDERR  ] 2019-07-08T20:48:55.191784626Z: [    0.588270] ACPI: RSDT 0x000000003FFE2404 000034 (v01 BOCHS  BXPCRSDT 00000001 BXPC 00000001)
[STDERR  ] 2019-07-08T20:48:55.191802455Z: [    0.588285] ACPI: FACP 0x000000003FFE22A4 000074 (v01 BOCHS  BXPCFACP 00000001 BXPC 00000001)
[STDERR  ] 2019-07-08T20:48:55.191815055Z: [    0.588292] ACPI: DSDT 0x000000003FFE0040 002264 (v01 BOCHS  BXPCDSDT 00000001 BXPC 00000001)
[STDERR  ] 2019-07-08T20:48:55.191833037Z: [    0.588296] ACPI: FACS 0x000000003FFE0000 000040
[STDERR  ] 2019-07-08T20:48:55.191845315Z: [    0.588300] ACPI: APIC 0x000000003FFE2318 000078 (v01 BOCHS  BXPCAPIC 00000001 BXPC 00000001)
[STDERR  ] 2019-07-08T20:48:55.191857499Z: [    0.588304] ACPI: HPET 0x000000003FFE2390 000038 (v01 BOCHS  BXPCHPET 00000001 BXPC 00000001)
[STDERR  ] 2019-07-08T20:48:55.191870002Z: [    0.588308] ACPI: MCFG 0x000000003FFE23C8 00003C (v01 BOCHS  BXPCMCFG 00000001 BXPC 00000001)
[STDERR  ] 2019-07-08T20:48:55.191882429Z: [    0.589049] Zone ranges:
[STDERR  ] 2019-07-08T20:48:55.191896477Z: [    0.589052]   DMA      [mem 0x0000000000001000-0x0000000000ffffff]
[STDERR  ] 2019-07-08T20:48:55.191909748Z: [    0.589054]   DMA32    [mem 0x0000000001000000-0x000000003ffdefff]
[STDERR  ] 2019-07-08T20:48:55.191924857Z: [    0.589055]   Normal   empty
[STDERR  ] 2019-07-08T20:48:55.191936793Z: [    0.589057]   Device   empty
[STDERR  ] 2019-07-08T20:48:55.192020533Z: [    0.589058] Movable zone start for each node
[STDERR  ] 2019-07-08T20:48:55.192038556Z: [    0.589059] Early memory node ranges
[STDERR  ] 2019-07-08T20:48:55.192051545Z: [    0.589060]   node   0: [mem 0x0000000000001000-0x000000000009efff]
[STDERR  ] 2019-07-08T20:48:55.192063801Z: [    0.589062]   node   0: [mem 0x0000000000100000-0x000000003ffdefff]
[STDERR  ] 2019-07-08T20:48:55.192076766Z: [    0.589585] Reserved but unavailable: 98 pages
[STDERR  ] 2019-07-08T20:48:55.192089089Z: [    0.589588] Initmem setup node 0 [mem 0x0000000000001000-0x000000003ffdefff]
[STDERR  ] 2019-07-08T20:48:55.192101072Z: [    0.601101] ACPI: PM-Timer IO Port: 0x608
[STDERR  ] 2019-07-08T20:48:55.192113199Z: [    0.601151] ACPI: LAPIC_NMI (acpi_id[0xff] dfl dfl lint[0x1])
[STDERR  ] 2019-07-08T20:48:55.192127855Z: [    0.601412] IOAPIC[0]: apic_id 0, version 17, address 0xfec00000, GSI 0-23
[STDERR  ] 2019-07-08T20:48:55.192140419Z: [    0.601416] ACPI: INT_SRC_OVR (bus 0 bus_irq 0 global_irq 2 dfl dfl)
[STDERR  ] 2019-07-08T20:48:55.192153912Z: [    0.601418] ACPI: INT_SRC_OVR (bus 0 bus_irq 5 global_irq 5 high level)
[STDERR  ] 2019-07-08T20:48:55.192167885Z: [    0.601420] ACPI: INT_SRC_OVR (bus 0 bus_irq 9 global_irq 9 high level)
[STDERR  ] 2019-07-08T20:48:55.192181206Z: [    0.601426] ACPI: INT_SRC_OVR (bus 0 bus_irq 10 global_irq 10 high level)
[STDERR  ] 2019-07-08T20:48:55.192193534Z: [    0.601427] ACPI: INT_SRC_OVR (bus 0 bus_irq 11 global_irq 11 high level)
[STDERR  ] 2019-07-08T20:48:55.192205929Z: [    0.601434] Using ACPI (MADT) for SMP configuration information
[STDERR  ] 2019-07-08T20:48:55.192218736Z: [    0.601437] ACPI: HPET id: 0x8086a201 base: 0xfed00000
[STDERR  ] 2019-07-08T20:48:55.192231198Z: [    0.601476] smpboot: Allowing 1 CPUs, 0 hotplug CPUs
[STDERR  ] 2019-07-08T20:48:55.192242705Z: [    0.601613] [mem 0x40000000-0xafffffff] available for PCI devices
[STDERR  ] 2019-07-08T20:48:55.192258847Z: [    0.601615] Booting paravirtualized kernel on KVM
[STDERR  ] 2019-07-08T20:48:55.192271230Z: [    0.601618] clocksource: refined-jiffies: mask: 0xffffffff max_cycles: 0xffffffff, max_idle_ns: 1910969940391419 ns
[STDERR  ] 2019-07-08T20:48:55.192283812Z: [    0.704413] random: get_random_bytes called from start_kernel+0x91/0x512 with crng_init=0
[STDERR  ] 2019-07-08T20:48:55.192297677Z: [    0.704442] setup_percpu: NR_CPUS:128 nr_cpumask_bits:128 nr_cpu_ids:1 nr_node_ids:1
[STDERR  ] 2019-07-08T20:48:55.192310389Z: [    0.705257] percpu: Embedded 45 pages/cpu s145112 r8192 d31016 u2097152
[STDERR  ] 2019-07-08T20:48:55.192326217Z: [    0.705366] KVM setup async PF for cpu 0
[STDERR  ] 2019-07-08T20:48:55.192337655Z: [    0.705420] kvm-stealtime: cpu 0, msr 3b015e80
[STDERR  ] 2019-07-08T20:48:55.192348937Z: [    0.705450] Built 1 zonelists, mobility grouping on.  Total pages: 257896
[STDERR  ] 2019-07-08T20:48:55.192359855Z: [    0.705453] Kernel command line: console=ttyS0 console=ttyAMA0
[STDERR  ] 2019-07-08T20:48:55.192371617Z: [    0.705597] Dentry cache hash table entries: 131072 (order: 8, 1048576 bytes)
[STDERR  ] 2019-07-08T20:48:55.192390256Z: [    0.705675] Inode-cache hash table entries: 65536 (order: 7, 524288 bytes)
[STDERR  ] 2019-07-08T20:48:55.192403723Z: [    0.709334] Memory: 941372K/1048052K available (12300K kernel code, 1583K rwdata, 3012K rodata, 1588K init, 2020K bss, 106680K reserved, 0K cma-reserved)
[STDERR  ] 2019-07-08T20:48:55.192460981Z: [    0.710068] Kernel/User page tables isolation: enabled
[STDERR  ] 2019-07-08T20:48:55.192478840Z: [    0.710167] ftrace: allocating 43130 entries in 169 pages
[STDERR  ] 2019-07-08T20:48:55.192491043Z: [    0.731608] rcu: Hierarchical RCU implementation.
[STDERR  ] 2019-07-08T20:48:55.192504348Z: [    0.731612] rcu: 	RCU restricting CPUs from NR_CPUS=128 to nr_cpu_ids=1.
[STDERR  ] 2019-07-08T20:48:55.192517189Z: [    0.731614] rcu: Adjusting geometry for rcu_fanout_leaf=16, nr_cpu_ids=1
[STDERR  ] 2019-07-08T20:48:55.192529600Z: [    0.734512] NR_IRQS: 8448, nr_irqs: 256, preallocated irqs: 16
[STDERR  ] 2019-07-08T20:48:55.192547975Z: [    0.761245] Console: colour VGA+ 80x25
[STDERR  ] 2019-07-08T20:48:55.192569336Z: [    1.177379] console [ttyS0] enabled
[STDERR  ] 2019-07-08T20:48:55.192581744Z: [    1.180409] ACPI: Core revision 20180810
[STDERR  ] 2019-07-08T20:48:55.192604485Z: [    1.184701] clocksource: hpet: mask: 0xffffffff max_cycles: 0xffffffff, max_idle_ns: 19112604467 ns
[STDERR  ] 2019-07-08T20:48:55.192620182Z: [    1.192997] APIC: Switch to symmetric I/O mode setup
[STDERR  ] 2019-07-08T20:48:55.192637121Z: [    1.200068] x2apic enabled
[STDERR  ] 2019-07-08T20:48:55.192649259Z: [    1.204644] Switched APIC routing to physical x2apic.
[STDERR  ] 2019-07-08T20:48:55.192663312Z: [    1.219064] ..TIMER: vector=0x30 apic1=0 pin1=2 apic2=-1 pin2=-1
[STDERR  ] 2019-07-08T20:48:55.192675598Z: [    1.224287] clocksource: tsc-early: mask: 0xffffffffffffffff max_cycles: 0x21267ddf018, max_idle_ns: 440795235154 ns
[STDERR  ] 2019-07-08T20:48:55.192688515Z: [    1.233162] Calibrating delay loop (skipped) preset value.. 4599.61 BogoMIPS (lpj=2299806)
[STDERR  ] 2019-07-08T20:48:55.192713713Z: [    1.234143] pid_max: default: 32768 minimum: 301
[STDERR  ] 2019-07-08T20:48:55.192726039Z: [    1.235249] Security Framework initialized
[STDERR  ] 2019-07-08T20:48:55.192738355Z: [    1.236142] Yama: becoming mindful.
[STDERR  ] 2019-07-08T20:48:55.192755391Z: [    1.237188] Mount-cache hash table entries: 2048 (order: 2, 16384 bytes)
[STDERR  ] 2019-07-08T20:48:55.192767646Z: [    1.238147] Mountpoint-cache hash table entries: 2048 (order: 2, 16384 bytes)
[STDERR  ] 2019-07-08T20:48:55.192780070Z: [    1.242179] Last level iTLB entries: 4KB 0, 2MB 0, 4MB 0
[STDERR  ] 2019-07-08T20:48:55.192818047Z: [    1.244144] Last level dTLB entries: 4KB 0, 2MB 0, 4MB 0, 1GB 0
[STDERR  ] 2019-07-08T20:48:55.192831924Z: [    1.245143] Spectre V2 : Mitigation: Full generic retpoline
[STDERR  ] 2019-07-08T20:48:55.192849526Z: [    1.246140] Spectre V2 : Spectre v2 / SpectreRSB mitigation: Filling RSB on context switch
[STDERR  ] 2019-07-08T20:48:55.192870621Z: [    1.247140] Speculative Store Bypass: Vulnerable
[STDERR  ] 2019-07-08T20:48:55.192882983Z: [    1.248158] MDS: Vulnerable: Clear CPU buffers attempted, no microcode
[STDERR  ] 2019-07-08T20:48:55.192895521Z: [    1.258345] Freeing SMP alternatives memory: 20K
[STDERR  ] 2019-07-08T20:48:55.192908101Z: [    1.261133] APIC calibration not consistent with PM-Timer: 105ms instead of 100ms
[STDERR  ] 2019-07-08T20:48:55.192925395Z: [    1.261133] APIC delta adjusted to PM-Timer: 6250027 (6562866)
[STDERR  ] 2019-07-08T20:48:55.192937734Z: [    1.261444] smpboot: CPU0: Intel QEMU Virtual CPU version 2.5+ (family: 0x6, model: 0x6, stepping: 0x3)
[STDERR  ] 2019-07-08T20:48:55.192950687Z: [    1.263288] Performance Events: PMU not available due to virtualization, using software events only.
[STDERR  ] 2019-07-08T20:48:55.192967345Z: [    1.265435] rcu: Hierarchical SRCU implementation.
[STDERR  ] 2019-07-08T20:48:55.192979764Z: [    1.267253] NMI watchdog: Perf NMI watchdog permanently disabled
[STDERR  ] 2019-07-08T20:48:55.192996972Z: [    1.269217] smp: Bringing up secondary CPUs ...
[STDERR  ] 2019-07-08T20:48:55.193009841Z: [    1.271139] smp: Brought up 1 node, 1 CPU
[STDERR  ] 2019-07-08T20:48:55.193022370Z: [    1.272138] smpboot: Max logical packages: 1
[STDERR  ] 2019-07-08T20:48:55.193034867Z: [    1.273139] smpboot: Total of 1 processors activated (4599.61 BogoMIPS)
[STDERR  ] 2019-07-08T20:48:55.193053587Z: [    1.275427] devtmpfs: initialized
[STDERR  ] 2019-07-08T20:48:55.193066602Z: [    1.276217] x86/mm: Memory block size: 128MB
[STDERR  ] 2019-07-08T20:48:55.193078803Z: [    1.277529] clocksource: jiffies: mask: 0xffffffff max_cycles: 0xffffffff, max_idle_ns: 1911260446275000 ns
[STDERR  ] 2019-07-08T20:48:55.193091325Z: [    1.278149] futex hash table entries: 256 (order: 2, 16384 bytes)
[STDERR  ] 2019-07-08T20:48:55.193104383Z: [    1.280381] NET: Registered protocol family 16
[STDERR  ] 2019-07-08T20:48:55.193121502Z: [    1.281292] audit: initializing netlink subsys (disabled)
[STDERR  ] 2019-07-08T20:48:55.193141043Z: [    1.282273] cpuidle: using governor ladder
[STDERR  ] 2019-07-08T20:48:55.193159179Z: [    1.283140] cpuidle: using governor menu
[STDERR  ] 2019-07-08T20:48:55.193171138Z: [    1.285164] ACPI: bus type PCI registered
[STDERR  ] 2019-07-08T20:48:55.193187701Z: [    1.286138] acpiphp: ACPI Hot Plug PCI Controller Driver version: 0.5
[STDERR  ] 2019-07-08T20:48:55.193207051Z: [    1.287148] audit: type=2000 audit(1562618917.855:1): state=initialized audit_enabled=0 res=1
[STDERR  ] 2019-07-08T20:48:55.193218919Z: [    1.288613] PCI: MMCONFIG for domain 0000 [bus 00-ff] at [mem 0xb0000000-0xbfffffff] (base 0xb0000000)
[STDERR  ] 2019-07-08T20:48:55.193231390Z: [    1.289145] PCI: MMCONFIG at [mem 0xb0000000-0xbfffffff] reserved in E820
[STDERR  ] 2019-07-08T20:48:55.193244020Z: [    1.290188] PCI: Using configuration type 1 for base access
[STDERR  ] 2019-07-08T20:48:55.193258426Z: [    1.293864] HugeTLB registered 2.00 MiB page size, pre-allocated 0 pages
[STDERR  ] 2019-07-08T20:48:55.193271136Z: [    1.294308] cryptd: max_cpu_qlen set to 1000
[STDERR  ] 2019-07-08T20:48:55.193289304Z: [    1.295299] ACPI: Added _OSI(Module Device)
[STDERR  ] 2019-07-08T20:48:55.193301412Z: [    1.296150] ACPI: Added _OSI(Processor Device)
[STDERR  ] 2019-07-08T20:48:55.193313864Z: [    1.297138] ACPI: Added _OSI(3.0 _SCP Extensions)
[STDERR  ] 2019-07-08T20:48:55.193331006Z: [    1.298138] ACPI: Added _OSI(Processor Aggregator Device)
[STDERR  ] 2019-07-08T20:48:55.193343376Z: [    1.299154] ACPI: Added _OSI(Linux-Dell-Video)
[STDERR  ] 2019-07-08T20:48:55.193355878Z: [    1.300138] ACPI: Added _OSI(Linux-Lenovo-NV-HDMI-Audio)
[STDERR  ] 2019-07-08T20:48:55.193371551Z: [    1.303254] ACPI: 1 ACPI AML tables successfully acquired and loaded
[STDERR  ] 2019-07-08T20:48:55.193383534Z: [    1.307316] ACPI: Interpreter enabled
[STDERR  ] 2019-07-08T20:48:55.193395859Z: [    1.308146] ACPI: (supports S0 S5)
[STDERR  ] 2019-07-08T20:48:55.193408211Z: [    1.309138] ACPI: Using IOAPIC for interrupt routing
[STDERR  ] 2019-07-08T20:48:55.193424972Z: [    1.310186] PCI: Using host bridge windows from ACPI; if necessary, use "pci=nocrs" and report a bug
[STDERR  ] 2019-07-08T20:48:55.193437434Z: [    1.311356] ACPI: Enabled 2 GPEs in block 00 to 3F
[STDERR  ] 2019-07-08T20:48:55.193449871Z: [    1.316600] ACPI: PCI Root Bridge [PCI0] (domain 0000 [bus 00-ff])
[STDERR  ] 2019-07-08T20:48:55.193462224Z: [    1.317145] acpi PNP0A08:00: _OSC: OS supports [ExtendedConfig ASPM ClockPM Segments MSI]
[STDERR  ] 2019-07-08T20:48:55.193475429Z: [    1.318240] acpi PNP0A08:00: _OSC: platform does not support [SHPCHotplug LTR]
[STDERR  ] 2019-07-08T20:48:55.193493054Z: [    1.319219] acpi PNP0A08:00: _OSC: OS now controls [PCIeHotplug PME PCIeCapability]
[STDERR  ] 2019-07-08T20:48:55.193505548Z: [    1.320544] PCI host bridge to bus 0000:00
[STDERR  ] 2019-07-08T20:48:55.193518174Z: [    1.321141] pci_bus 0000:00: root bus resource [io  0x0000-0x0cf7 window]
[STDERR  ] 2019-07-08T20:48:55.193533784Z: [    1.322143] pci_bus 0000:00: root bus resource [io  0x0d00-0xffff window]
[STDERR  ] 2019-07-08T20:48:55.193549969Z: [    1.323140] pci_bus 0000:00: root bus resource [mem 0x000a0000-0x000bffff window]
[STDERR  ] 2019-07-08T20:48:55.193562352Z: [    1.324139] pci_bus 0000:00: root bus resource [mem 0xc0000000-0xfebfffff window]
[STDERR  ] 2019-07-08T20:48:55.193580356Z: [    1.325145] pci_bus 0000:00: root bus resource [bus 00-ff]
[STDERR  ] 2019-07-08T20:48:55.193592633Z: [    1.395475] pci 0000:00:1f.0: quirk: [io  0x0600-0x067f] claimed by ICH6 ACPI/GPIO/TCO
[STDERR  ] 2019-07-08T20:48:55.193605190Z: [    1.423217] ACPI: PCI Interrupt Link [LNKA] (IRQs 5 *10 11)
[STDERR  ] 2019-07-08T20:48:55.193617462Z: [    1.424437] ACPI: PCI Interrupt Link [LNKB] (IRQs 5 *10 11)
[STDERR  ] 2019-07-08T20:48:55.193629843Z: [    1.426341] ACPI: PCI Interrupt Link [LNKC] (IRQs 5 10 *11)
[STDERR  ] 2019-07-08T20:48:55.193650382Z: [    1.427444] ACPI: PCI Interrupt Link [LNKD] (IRQs 5 10 *11)
[STDERR  ] 2019-07-08T20:48:55.193666939Z: [    1.429228] ACPI: PCI Interrupt Link [LNKE] (IRQs 5 *10 11)
[STDERR  ] 2019-07-08T20:48:55.193682857Z: [    1.430434] ACPI: PCI Interrupt Link [LNKF] (IRQs 5 *10 11)
[STDERR  ] 2019-07-08T20:48:55.193694925Z: [    1.432229] ACPI: PCI Interrupt Link [LNKG] (IRQs 5 10 *11)
[STDERR  ] 2019-07-08T20:48:55.193718531Z: [    1.433434] ACPI: PCI Interrupt Link [LNKH] (IRQs 5 10 *11)
[STDERR  ] 2019-07-08T20:48:55.193730744Z: [    1.435148] ACPI: PCI Interrupt Link [GSIA] (IRQs *16)
[STDERR  ] 2019-07-08T20:48:55.193748380Z: [    1.436153] ACPI: PCI Interrupt Link [GSIB] (IRQs *17)
[STDERR  ] 2019-07-08T20:48:55.193760379Z: [    1.438148] ACPI: PCI Interrupt Link [GSIC] (IRQs *18)
[STDERR  ] 2019-07-08T20:48:55.193772621Z: [    1.439153] ACPI: PCI Interrupt Link [GSID] (IRQs *19)
[STDERR  ] 2019-07-08T20:48:55.193785747Z: [    1.440157] ACPI: PCI Interrupt Link [GSIE] (IRQs *20)
[STDERR  ] 2019-07-08T20:48:55.193806231Z: [    1.441153] ACPI: PCI Interrupt Link [GSIF] (IRQs *21)
[STDERR  ] 2019-07-08T20:48:55.193819335Z: [    1.442157] ACPI: PCI Interrupt Link [GSIG] (IRQs *22)
[STDERR  ] 2019-07-08T20:48:55.193831900Z: [    1.443158] ACPI: PCI Interrupt Link [GSIH] (IRQs *23)
[STDERR  ] 2019-07-08T20:48:55.193844298Z: [    1.445421] SCSI subsystem initialized
[STDERR  ] 2019-07-08T20:48:55.193861602Z: [    1.446258] ACPI: bus type USB registered
[STDERR  ] 2019-07-08T20:48:55.193873517Z: [    1.447169] usbcore: registered new interface driver usbfs
[STDERR  ] 2019-07-08T20:48:55.193884821Z: [    1.449155] usbcore: registered new interface driver hub
[STDERR  ] 2019-07-08T20:48:55.193895723Z: [    1.450168] usbcore: registered new device driver usb
[STDERR  ] 2019-07-08T20:48:55.193909199Z: [    1.451165] pps_core: LinuxPPS API ver. 1 registered
[STDERR  ] 2019-07-08T20:48:55.193921707Z: [    1.452138] pps_core: Software ver. 5.3.6 - Copyright 2005-2007 Rodolfo Giometti <giometti@linux.it>
[STDERR  ] 2019-07-08T20:48:55.193935102Z: [    1.453155] PTP clock support registered
[STDERR  ] 2019-07-08T20:48:55.193947423Z: [    1.454240] PCI: Using ACPI for IRQ routing
[STDERR  ] 2019-07-08T20:48:55.193960032Z: [    1.913694] NetLabel: Initializing
[STDERR  ] 2019-07-08T20:48:55.193972402Z: [    1.914139] NetLabel:  domain hash size = 128
[STDERR  ] 2019-07-08T20:48:55.193990905Z: [    1.915138] NetLabel:  protocols = UNLABELED CIPSOv4 CALIPSO
[STDERR  ] 2019-07-08T20:48:55.194004274Z: [    1.916179] NetLabel:  unlabeled traffic allowed by default
[STDERR  ] 2019-07-08T20:48:55.194017585Z: [    1.917305] HPET: 3 timers in total, 0 timers will be used for per-cpu timer
[STDERR  ] 2019-07-08T20:48:55.194035396Z: [    1.918251] hpet0: at MMIO 0xfed00000, IRQs 2, 8, 0
[STDERR  ] 2019-07-08T20:48:55.194053206Z: [    1.919141] hpet0: 3 comparators, 64-bit 100.000000 MHz counter
[STDERR  ] 2019-07-08T20:48:55.194069140Z: [    1.923182] clocksource: Switched to clocksource kvm-clock
[STDERR  ] 2019-07-08T20:48:55.194081591Z: [    1.949070] VFS: Disk quotas dquot_6.6.0
[STDERR  ] 2019-07-08T20:48:55.194094499Z: [    1.952901] VFS: Dquot-cache hash table entries: 512 (order 0, 4096 bytes)
[STDERR  ] 2019-07-08T20:48:55.194111949Z: [    1.959340] FS-Cache: Loaded
[STDERR  ] 2019-07-08T20:48:55.194124768Z: [    1.962255] CacheFiles: Loaded
[STDERR  ] 2019-07-08T20:48:55.194137355Z: [    1.964987] pnp: PnP ACPI init
[STDERR  ] 2019-07-08T20:48:55.194150936Z: [    1.968791] pnp: PnP ACPI: found 5 devices
[STDERR  ] 2019-07-08T20:48:55.194169832Z: [    1.978623] clocksource: acpi_pm: mask: 0xffffff max_cycles: 0xffffff, max_idle_ns: 2085701024 ns
[STDERR  ] 2019-07-08T20:48:55.194186854Z: [    1.987020] NET: Registered protocol family 2
[STDERR  ] 2019-07-08T20:48:55.194202954Z: [    1.991927] tcp_listen_portaddr_hash hash table entries: 512 (order: 1, 8192 bytes)
[STDERR  ] 2019-07-08T20:48:55.194215650Z: [    1.998532] TCP established hash table entries: 8192 (order: 4, 65536 bytes)
[STDERR  ] 2019-07-08T20:48:55.194227988Z: [    2.004443] TCP bind hash table entries: 8192 (order: 5, 131072 bytes)
[STDERR  ] 2019-07-08T20:48:55.194244288Z: [    2.010073] TCP: Hash tables configured (established 8192 bind 8192)
[STDERR  ] 2019-07-08T20:48:55.194261197Z: [    2.015461] UDP hash table entries: 512 (order: 2, 16384 bytes)
[STDERR  ] 2019-07-08T20:48:55.194273618Z: [    2.020408] UDP-Lite hash table entries: 512 (order: 2, 16384 bytes)
[STDERR  ] 2019-07-08T20:48:55.194286297Z: [    2.025818] NET: Registered protocol family 1
[STDERR  ] 2019-07-08T20:48:55.194302133Z: [    2.029521] NET: Registered protocol family 44
[STDERR  ] 2019-07-08T20:48:55.194314796Z: [    2.033502] pci 0000:00:01.0: Video device with shadowed ROM at [mem 0x000c0000-0x000dffff]
[STDERR  ] 2019-07-08T20:48:55.194328128Z: [    2.040840] Trying to unpack rootfs image as initramfs...
[STDERR  ] 2019-07-08T20:48:55.194341576Z: [    3.210584] Freeing initrd memory: 60476K
[STDERR  ] 2019-07-08T20:48:55.194354447Z: [    3.214764] clocksource: tsc: mask: 0xffffffffffffffff max_cycles: 0x21267ddf018, max_idle_ns: 440795235154 ns
[STDERR  ] 2019-07-08T20:48:55.194378452Z: [    3.225495] PCLMULQDQ-NI instructions are not detected.
[STDERR  ] 2019-07-08T20:48:55.194391558Z: [    3.230439] AVX or AES-NI instructions are not detected.
[STDERR  ] 2019-07-08T20:48:55.194407679Z: [    3.235356] CPU feature 'AVX registers' is not supported.
[STDERR  ] 2019-07-08T20:48:55.194453580Z: [    3.240344] CPU feature 'AVX registers' is not supported.
[STDERR  ] 2019-07-08T20:48:55.194471107Z: [    3.245341] CPU feature 'AVX registers' is not supported.
[STDERR  ] 2019-07-08T20:48:55.194483323Z: [    3.250312] CPU feature 'AVX registers' is not supported.
[STDERR  ] 2019-07-08T20:48:55.194495695Z: [    3.255284] AVX2 or AES-NI instructions are not detected.
[STDERR  ] 2019-07-08T20:48:55.194508081Z: [    3.260245] AVX2 instructions are not detected.
[STDERR  ] 2019-07-08T20:48:55.194520345Z: [    3.264957] workingset: timestamp_bits=46 max_order=18 bucket_order=0
[STDERR  ] 2019-07-08T20:48:55.194533014Z: [    3.271320] squashfs: version 4.0 (2009/01/31) Phillip Lougher
[STDERR  ] 2019-07-08T20:48:55.194545319Z: [    3.276754] FS-Cache: Netfs 'cifs' registered for caching
[STDERR  ] 2019-07-08T20:48:55.194557788Z: [    3.281753] fuse init (API version 7.27)
[STDERR  ] 2019-07-08T20:48:55.194570243Z: [    3.285483] SGI XFS with ACLs, security attributes, no debug enabled
[STDERR  ] 2019-07-08T20:48:55.194582670Z: [    3.291630] 9p: Installing v9fs 9p2000 file system support
[STDERR  ] 2019-07-08T20:48:55.194595438Z: [    3.296676] FS-Cache: Netfs '9p' registered for caching
[STDERR  ] 2019-07-08T20:48:55.194608155Z: [    3.302866] NET: Registered protocol family 38
[STDERR  ] 2019-07-08T20:48:55.194620702Z: [    3.307067] Key type asymmetric registered
[STDERR  ] 2019-07-08T20:48:55.194633540Z: [    3.310983] Asymmetric key parser 'x509' registered
[STDERR  ] 2019-07-08T20:48:55.194646400Z: [    3.315524] Block layer SCSI generic (bsg) driver version 0.4 loaded (major 247)
[STDERR  ] 2019-07-08T20:48:55.194658988Z: [    3.322372] io scheduler noop registered
[STDERR  ] 2019-07-08T20:48:55.194671235Z: [    3.325999] io scheduler deadline registered (default)
[STDERR  ] 2019-07-08T20:48:55.194689763Z: [    3.330781] io scheduler cfq registered
[STDERR  ] 2019-07-08T20:48:55.194709826Z: [    3.334348] io scheduler mq-deadline registered (default)
[STDERR  ] 2019-07-08T20:48:55.194726704Z: [    3.339325] io scheduler kyber registered
[STDERR  ] 2019-07-08T20:48:55.194745091Z: [    3.343215] shpchp: Standard Hot Plug PCI Controller Driver version: 0.4
[STDERR  ] 2019-07-08T20:48:55.194757735Z: [    3.349347] hv_vmbus: registering driver hyperv_fb
[STDERR  ] 2019-07-08T20:48:55.194770074Z: [    3.354016] input: Power Button as /devices/LNXSYSTM:00/LNXPWRBN:00/input/input0
[STDERR  ] 2019-07-08T20:48:55.194782698Z: [    3.360770] ACPI: Power Button [PWRF]
[STDERR  ] 2019-07-08T20:48:55.194795035Z: [    3.364902] PCI Interrupt Link [GSIG] enabled at IRQ 22
[STDERR  ] 2019-07-08T20:48:55.194807207Z: [    3.376240] PCI Interrupt Link [GSIH] enabled at IRQ 23
[STDERR  ] 2019-07-08T20:48:55.194819464Z: [    3.386939] Serial: 8250/16550 driver, 4 ports, IRQ sharing disabled
[STDERR  ] 2019-07-08T20:48:55.194838605Z: [    3.426905] 00:04: ttyS0 at I/O 0x3f8 (irq = 4, base_baud = 115200) is a 16550A
[STDERR  ] 2019-07-08T20:48:55.194851164Z: [    3.434509] Non-volatile memory driver v1.3
[STDERR  ] 2019-07-08T20:48:55.194864029Z: [    3.440044] Hangcheck: starting hangcheck timer 0.9.1 (tick is 180 seconds, margin is 60 seconds).
[STDERR  ] 2019-07-08T20:48:55.194880500Z: [    3.448474] random: fast init done
[STDERR  ] 2019-07-08T20:48:55.194893291Z: [    3.452613] random: crng init done
[STDERR  ] 2019-07-08T20:48:55.194905343Z: [    3.457033] brd: module loaded
[STDERR  ] 2019-07-08T20:48:55.194918488Z: [    3.462575] loop: module loaded
[STDERR  ] 2019-07-08T20:48:55.194931057Z: [    3.470547] lpc_ich 0000:00:1f.0: I/O space for GPIO uninitialized
[STDERR  ] 2019-07-08T20:48:55.194943670Z: [    3.476364] VMware PVSCSI driver - version 1.0.7.0-k
[STDERR  ] 2019-07-08T20:48:55.194955835Z: [    3.481118] hv_vmbus: registering driver hv_storvsc
[STDERR  ] 2019-07-08T20:48:55.194970663Z: [    3.486296] PCI Interrupt Link [GSIA] enabled at IRQ 16
[STDERR  ] 2019-07-08T20:48:55.194983570Z: [    3.494726] ahci 0000:00:1f.2: AHCI 0001.0000 32 slots 6 ports 1.5 Gbps 0x3f impl SATA mode
[STDERR  ] 2019-07-08T20:48:55.194996539Z: [    3.502373] ahci 0000:00:1f.2: flags: 64bit ncq only 
[STDERR  ] 2019-07-08T20:48:55.195009078Z: [    3.510912] scsi host0: ahci
[STDERR  ] 2019-07-08T20:48:55.195021581Z: [    3.513915] scsi host1: ahci
[STDERR  ] 2019-07-08T20:48:55.195039165Z: [    3.517134] scsi host2: ahci
[STDERR  ] 2019-07-08T20:48:55.195052525Z: [    3.519979] scsi host3: ahci
[STDERR  ] 2019-07-08T20:48:55.195065449Z: [    3.522829] scsi host4: ahci
[STDERR  ] 2019-07-08T20:48:55.195078544Z: [    3.525627] scsi host5: ahci
[STDERR  ] 2019-07-08T20:48:55.195090962Z: [    3.528488] ata1: SATA max UDMA/133 abar m4096@0xfebd2000 port 0xfebd2100 irq 24
[STDERR  ] 2019-07-08T20:48:55.195103554Z: [    3.535236] ata2: SATA max UDMA/133 abar m4096@0xfebd2000 port 0xfebd2180 irq 24
[STDERR  ] 2019-07-08T20:48:55.195115877Z: [    3.542051] ata3: SATA max UDMA/133 abar m4096@0xfebd2000 port 0xfebd2200 irq 24
[STDERR  ] 2019-07-08T20:48:55.195128395Z: [    3.549003] ata4: SATA max UDMA/133 abar m4096@0xfebd2000 port 0xfebd2280 irq 24
[STDERR  ] 2019-07-08T20:48:55.195140628Z: [    3.555830] ata5: SATA max UDMA/133 abar m4096@0xfebd2000 port 0xfebd2300 irq 24
[STDERR  ] 2019-07-08T20:48:55.195152447Z: [    3.562676] ata6: SATA max UDMA/133 abar m4096@0xfebd2000 port 0xfebd2380 irq 24
[STDERR  ] 2019-07-08T20:48:55.195165071Z: [    3.571800] tun: Universal TUN/TAP device driver, 1.6
[STDERR  ] 2019-07-08T20:48:55.195177190Z: [    3.581461] VMware vmxnet3 virtual NIC driver - version 1.4.16.0-k-NAPI
[STDERR  ] 2019-07-08T20:48:55.195189347Z: [    3.587601] hv_vmbus: registering driver hv_netvsc
[STDERR  ] 2019-07-08T20:48:55.195201753Z: [    3.592058] Fusion MPT base driver 3.04.20
[STDERR  ] 2019-07-08T20:48:55.195217785Z: [    3.595894] Copyright (c) 1999-2008 LSI Corporation
[STDERR  ] 2019-07-08T20:48:55.195234976Z: [    3.600432] Fusion MPT SPI Host driver 3.04.20
[STDERR  ] 2019-07-08T20:48:55.195247408Z: [    3.604622] i8042: PNP: PS/2 Controller [PNP0303:KBD,PNP0f13:MOU] at 0x60,0x64 irq 1,12
[STDERR  ] 2019-07-08T20:48:55.195300306Z: [    3.615830] serio: i8042 KBD port at 0x60,0x64 irq 1
[STDERR  ] 2019-07-08T20:48:55.195313726Z: [    3.620444] serio: i8042 AUX port at 0x60,0x64 irq 12
[STDERR  ] 2019-07-08T20:48:55.195351584Z: [    3.625275] hv_vmbus: registering driver hyperv_keyboard
[STDERR  ] 2019-07-08T20:48:55.195363919Z: [    3.630693] mousedev: PS/2 mouse device common for all mice
[STDERR  ] 2019-07-08T20:48:55.195377080Z: [    3.637259] input: AT Translated Set 2 keyboard as /devices/platform/i8042/serio0/input/input1
[STDERR  ] 2019-07-08T20:48:55.195390357Z: [    3.644637] input: PC Speaker as /devices/platform/pcspkr/input/input2
[STDERR  ] 2019-07-08T20:48:55.195404305Z: [    3.651208] rtc_cmos 00:00: RTC can wake from S4
[STDERR  ] 2019-07-08T20:48:55.195422132Z: [    3.657634] rtc_cmos 00:00: registered as rtc0
[STDERR  ] 2019-07-08T20:48:55.195435007Z: [    3.661473] rtc_cmos 00:00: alarms up to one day, y3k, 114 bytes nvram, hpet irqs
[STDERR  ] 2019-07-08T20:48:55.195450440Z: [    3.667690] i2c /dev entries driver
[STDERR  ] 2019-07-08T20:48:55.195463263Z: [    3.670922] device-mapper: ioctl: 4.39.0-ioctl (2018-04-03) initialised: dm-devel@redhat.com
[STDERR  ] 2019-07-08T20:48:55.195476267Z: [    3.678734] usbcore: registered new interface driver usbhid
[STDERR  ] 2019-07-08T20:48:55.195488604Z: [    3.683494] usbhid: USB HID core driver
[STDERR  ] 2019-07-08T20:48:55.195501398Z: [    3.686872] hv_utils: Registering HyperV Utility Driver
[STDERR  ] 2019-07-08T20:48:55.195514030Z: [    3.691327] hv_vmbus: registering driver hv_util
[STDERR  ] 2019-07-08T20:48:55.195526808Z: [    3.695244] hv_vmbus: registering driver hv_balloon
[STDERR  ] 2019-07-08T20:48:55.195539191Z: [    3.699484] oprofile: using NMI interrupt.
[STDERR  ] 2019-07-08T20:48:55.195551424Z: [    3.703049] GACT probability on
[STDERR  ] 2019-07-08T20:48:55.195564556Z: [    3.705707] Mirror/redirect action on
[STDERR  ] 2019-07-08T20:48:55.195580362Z: [    3.708906] Simple TC action Loaded
[STDERR  ] 2019-07-08T20:48:55.195592951Z: [    3.711963] u32 classifier
[STDERR  ] 2019-07-08T20:48:55.195605541Z: [    3.714350]     Performance counters on
[STDERR  ] 2019-07-08T20:48:55.195618144Z: [    3.717658]     input device check on
[STDERR  ] 2019-07-08T20:48:55.195630231Z: [    3.720820]     Actions configured
[STDERR  ] 2019-07-08T20:48:55.195642506Z: [    3.724045] xt_time: kernel timezone is -0000
[STDERR  ] 2019-07-08T20:48:55.195654907Z: [    3.727852] IPVS: Registered protocols (TCP, UDP, SCTP, AH, ESP)
[STDERR  ] 2019-07-08T20:48:55.195667665Z: [    3.733018] IPVS: Connection hash table configured (size=4096, memory=64Kbytes)
[STDERR  ] 2019-07-08T20:48:55.195680470Z: [    3.739493] IPVS: ipvs loaded.
[STDERR  ] 2019-07-08T20:48:55.195693553Z: [    3.742241] IPVS: [rr] scheduler registered.
[STDERR  ] 2019-07-08T20:48:55.195713259Z: [    3.745900] IPVS: [wrr] scheduler registered.
[STDERR  ] 2019-07-08T20:48:55.195726069Z: [    3.749642] IPVS: [lc] scheduler registered.
[STDERR  ] 2019-07-08T20:48:55.195738473Z: [    3.753307] IPVS: [wlc] scheduler registered.
[STDERR  ] 2019-07-08T20:48:55.195751087Z: [    3.756959] IPVS: [fo] scheduler registered.
[STDERR  ] 2019-07-08T20:48:55.195770364Z: [    3.760615] IPVS: [ovf] scheduler registered.
[STDERR  ] 2019-07-08T20:48:55.195786520Z: [    3.764359] IPVS: [lblc] scheduler registered.
[STDERR  ] 2019-07-08T20:48:55.195798648Z: [    3.768219] IPVS: [lblcr] scheduler registered.
[STDERR  ] 2019-07-08T20:48:55.195811536Z: [    3.772099] IPVS: [dh] scheduler registered.
[STDERR  ] 2019-07-08T20:48:55.195826958Z: [    3.775815] IPVS: [sh] scheduler registered.
[STDERR  ] 2019-07-08T20:48:55.195840044Z: [    3.779882] IPVS: [mh] scheduler registered.
[STDERR  ] 2019-07-08T20:48:55.195852743Z: [    3.783582] IPVS: [sed] scheduler registered.
[STDERR  ] 2019-07-08T20:48:55.195869989Z: [    3.787605] IPVS: [nq] scheduler registered.
[STDERR  ] 2019-07-08T20:48:55.195882515Z: [    3.791266] IPVS: ftp: loaded support on port[0] = 21
[STDERR  ] 2019-07-08T20:48:55.195895244Z: [    3.795836] ipip: IPv4 and MPLS over IPv4 tunneling driver
[STDERR  ] 2019-07-08T20:48:55.195908033Z: [    3.801110] gre: GRE over IPv4 demultiplexor driver
[STDERR  ] 2019-07-08T20:48:55.195920593Z: [    3.805431] ipt_CLUSTERIP: ClusterIP Version 0.8 loaded successfully
[STDERR  ] 2019-07-08T20:48:55.195932511Z: [    3.811236] NET: Registered protocol family 10
[STDERR  ] 2019-07-08T20:48:55.195944817Z: [    3.815504] Segment Routing with IPv6
[STDERR  ] 2019-07-08T20:48:55.195958137Z: [    3.827649] NET: Registered protocol family 17
[STDERR  ] 2019-07-08T20:48:55.195970399Z: [    3.831884] Bridge firewalling registered
[STDERR  ] 2019-07-08T20:48:55.195983336Z: [    3.835906] 8021q: 802.1Q VLAN Support v1.8
[STDERR  ] 2019-07-08T20:48:55.195995977Z: [    3.839880] 9pnet: Installing 9P2000 support
[STDERR  ] 2019-07-08T20:48:55.196012154Z: [    3.844105] Key type dns_resolver registered
[STDERR  ] 2019-07-08T20:48:55.196025284Z: [    3.848212] NET: Registered protocol family 40
[STDERR  ] 2019-07-08T20:48:55.196037798Z: [    3.852787] registered taskstats version 1
[STDERR  ] 2019-07-08T20:48:55.196050384Z: [    3.865020] Key type big_key registered
[STDERR  ] 2019-07-08T20:48:55.196065593Z: [    3.872570] Key type trusted registered
[STDERR  ] 2019-07-08T20:48:55.196083142Z: [    3.880035] Key type encrypted registered
[STDERR  ] 2019-07-08T20:48:55.196096310Z: [    3.884499] ata4: SATA link down (SStatus 0 SControl 300)
[STDERR  ] 2019-07-08T20:48:55.196109007Z: [    3.890367] ata3: SATA link up 1.5 Gbps (SStatus 113 SControl 300)
[STDERR  ] 2019-07-08T20:48:55.196121320Z: [    3.897037] ata2: SATA link down (SStatus 0 SControl 300)
[STDERR  ] 2019-07-08T20:48:55.196133829Z: [    3.902875] ata1: SATA link up 1.5 Gbps (SStatus 113 SControl 300)
[STDERR  ] 2019-07-08T20:48:55.196149132Z: [    3.909465] ata6: SATA link down (SStatus 0 SControl 300)
[STDERR  ] 2019-07-08T20:48:55.196164098Z: [    3.915296] ata5: SATA link down (SStatus 0 SControl 300)
[STDERR  ] 2019-07-08T20:48:55.196175925Z: [    3.920548] ima: No TPM chip found, activating TPM-bypass!
[STDERR  ] 2019-07-08T20:48:55.196188786Z: [    3.925853] ata1.00: ATA-7: QEMU HARDDISK, 2.5+, max UDMA/100
[STDERR  ] 2019-07-08T20:48:55.196201415Z: [    3.931302] ata1.00: 1048576 sectors, multi 16: LBA48 NCQ (depth 32)
[STDERR  ] 2019-07-08T20:48:55.196214053Z: [    3.937112] ata1.00: applying bridge limits
[STDERR  ] 2019-07-08T20:48:55.196226789Z: [    3.941604] ata3.00: ATAPI: QEMU DVD-ROM, 2.5+, max UDMA/100
[STDERR  ] 2019-07-08T20:48:55.196240045Z: [    3.946832] ata3.00: applying bridge limits
[STDERR  ] 2019-07-08T20:48:55.196253227Z: [    3.950991] ima: Allocated hash algorithm: sha256
[STDERR  ] 2019-07-08T20:48:55.196268743Z: [    3.955394] evm: Initialising EVM extended attributes:
[STDERR  ] 2019-07-08T20:48:55.196281365Z: [    3.960230] evm: security.ima
[STDERR  ] 2019-07-08T20:48:55.196294103Z: [    3.963045] evm: security.capability
[STDERR  ] 2019-07-08T20:48:55.196306609Z: [    3.966376] evm: HMAC attrs: 0x1
[STDERR  ] 2019-07-08T20:48:55.196320496Z: [    3.969687] ata3.00: configured for UDMA/100
[STDERR  ] 2019-07-08T20:48:55.196333505Z: [    3.974852] ata1.00: configured for UDMA/100
[STDERR  ] 2019-07-08T20:48:55.196345895Z: [    3.978981] scsi 0:0:0:0: Direct-Access     ATA      QEMU HARDDISK    2.5+ PQ: 0 ANSI: 5
[STDERR  ] 2019-07-08T20:48:55.196359138Z: [    3.987343] rtc_cmos 00:00: setting system clock to 2019-07-08 20:48:41 UTC (1562618921)
[STDERR  ] 2019-07-08T20:48:55.196371474Z: [    3.995096] sd 0:0:0:0: [sda] 1048576 512-byte logical blocks: (537 MB/512 MiB)
[STDERR  ] 2019-07-08T20:48:55.196384121Z: [    4.002316] sd 0:0:0:0: Attached scsi generic sg0 type 0
[STDERR  ] 2019-07-08T20:48:55.196396757Z: [    4.007303] sd 0:0:0:0: [sda] Write Protect is off
[STDERR  ] 2019-07-08T20:48:55.196409379Z: [    4.011824] Unstable clock detected, switching default tracing clock to "global"
[STDERR  ] 2019-07-08T20:48:55.196426410Z: [    4.011824] If you want to keep using the local clock, then add:
[STDERR  ] 2019-07-08T20:48:55.196439069Z: [    4.011824]   "trace_clock=local"
[STDERR  ] 2019-07-08T20:48:55.196451634Z: [    4.011824] on the kernel command line
[STDERR  ] 2019-07-08T20:48:55.196464283Z: [    4.030692] scsi 2:0:0:0: CD-ROM            QEMU     QEMU DVD-ROM     2.5+ PQ: 0 ANSI: 5
[STDERR  ] 2019-07-08T20:48:55.196477320Z: [    4.038259] sd 0:0:0:0: [sda] Write cache: enabled, read cache: enabled, doesn't support DPO or FUA
[STDERR  ] 2019-07-08T20:48:55.196490151Z: [    4.048498]  sda: sda1
[STDERR  ] 2019-07-08T20:48:55.196502437Z: [    4.050828] sd 0:0:0:0: [sda] Attached SCSI disk
[STDERR  ] 2019-07-08T20:48:55.196514664Z: [    4.062044] sr 2:0:0:0: [sr0] scsi3-mmc drive: 4x/4x cd/rw xa/form2 tray
[STDERR  ] 2019-07-08T20:48:55.196527148Z: [    4.068394] cdrom: Uniform CD-ROM driver Revision: 3.20
[STDERR  ] 2019-07-08T20:48:55.196543346Z: [    4.073734] sr 2:0:0:0: Attached scsi generic sg1 type 5
[STDERR  ] 2019-07-08T20:48:55.196556205Z: [    4.081683] Freeing unused kernel image memory: 1588K
[STDERR  ] 2019-07-08T20:48:55.196568938Z: [    4.088226] Write protecting the kernel read-only data: 18432k
[STDERR  ] 2019-07-08T20:48:55.196584435Z: [    4.095423] Freeing unused kernel image memory: 2028K
[STDERR  ] 2019-07-08T20:48:55.196597336Z: [    4.100513] Freeing unused kernel image memory: 1084K
[STDERR  ] 2019-07-08T20:48:55.196609630Z: [    4.105203] Run /init as init process
[STDERR  ] 2019-07-08T20:48:55.196621852Z: 
[STDERR  ] 2019-07-08T20:48:55.196635081Z: Welcome to LinuxKit
[STDERR  ] 2019-07-08T20:48:55.196648055Z: 
[STDERR  ] 2019-07-08T20:48:55.196660900Z:                         ##         .
[STDERR  ] 2019-07-08T20:48:55.196673397Z:                   ## ## ##        ==
[STDERR  ] 2019-07-08T20:48:55.196685927Z:                ## ## ## ## ##    ===
[STDERR  ] 2019-07-08T20:48:55.196704432Z:            /"""""""""""""""""\___/ ===
[STDERR  ] 2019-07-08T20:48:55.196717601Z:           {                       /  ===-
[STDERR  ] 2019-07-08T20:48:55.196733316Z:            \______ O           __/
[STDERR  ] 2019-07-08T20:48:55.196745912Z:              \    \         __/
[STDERR  ] 2019-07-08T20:48:55.196761590Z:               \____\_______/
[STDERR  ] 2019-07-08T20:48:55.196774872Z: 
[STDERR  ] 2019-07-08T20:48:55.196834540Z: [    5.103681] IPVS: ftp: loaded support on port[0] = 21
[STDERR  ] 2019-07-08T20:48:55.196855583Z: [    5.487680]  sda:
[STDERR  ] 2019-07-08T20:48:55.196868360Z: [    5.494669]  sda:
[STDERR  ] 2019-07-08T20:48:55.196881436Z: [    5.760113]  sda: sda1
[STDERR  ] 2019-07-08T20:48:55.196894282Z: [    6.018436]  sda: sda1
[STDERR  ] 2019-07-08T20:48:55.196925489Z: [    6.024893]  sda: sda1
[STDERR  ] 2019-07-08T20:48:55.196937595Z: 2019/07/08 20:48:44 Successfully resized /dev/sda
[STDERR  ] 2019-07-08T20:48:55.196949337Z: [    7.201360] IPVS: ftp: loaded support on port[0] = 21
[STDERR  ] 2019-07-08T20:48:55.196961161Z: [    7.271955] EXT4-fs (sda1): mounted filesystem with ordered data mode. Opts: (null)
[STDERR  ] 2019-07-08T20:48:55.196973748Z: extend test suite PASSED
[STDERR  ] 2019-07-08T20:48:55.197001293Z: + '[' -f /var/lib/docker/bar ]
[STDERR  ] 2019-07-08T20:48:55.197014174Z: + touch /var/lib/docker/foo
[STDERR  ] 2019-07-08T20:48:55.197026459Z: + grep -qE '[4-5][0-9]{2}\.[0-9]{1,}M'
[STDERR  ] 2019-07-08T20:48:55.197038866Z: + df -h
[STDERR  ] 2019-07-08T20:48:55.197050714Z: + printf 'extend test suite PASSED\n'
[STDERR  ] 2019-07-08T20:48:55.197063255Z: [   17.593376] sd 0:0:0:0: [sda] Synchronizing SCSI cache
[STDERR  ] 2019-07-08T20:48:55.197092603Z: [   17.598790] sd 0:0:0:0: [sda] Stopping disk
[STDERR  ] 2019-07-08T20:48:55.197106900Z: [   17.604048] ACPI: Preparing to enter system sleep state S5
[STDERR  ] 2019-07-08T20:48:55.197119058Z: [   17.609454] reboot: Power down
[STDERR  ] 2019-07-08T20:48:55.197133483Z: + echo [    0.000000] Linux version 4.19.51-linuxkit (root@5e22f1a454b5) (gcc version 8.3.0 (Alpine 8.3.0)) #1 SMP Mon Jun 17 08:07:30 UTC 2019
[STDERR  ] 2019-07-08T20:48:55.197167304Z: [    0.000000] Command line: console=ttyS0 console=ttyAMA0
[STDERR  ] 2019-07-08T20:48:55.197179639Z: [    0.000000] x86/fpu: x87 FPU will use FXSAVE
[STDERR  ] 2019-07-08T20:48:55.197191261Z: [    0.000000] BIOS-provided physical RAM map:
[STDERR  ] 2019-07-08T20:48:55.197205611Z: [    0.000000] BIOS-e820: [mem 0x0000000000000000-0x000000000009fbff] usable
[STDERR  ] 2019-07-08T20:48:55.197218493Z: [    0.000000] BIOS-e820: [mem 0x000000000009fc00-0x000000000009ffff] reserved
[STDERR  ] 2019-07-08T20:48:55.197289124Z: [    0.000000] BIOS-e820: [mem 0x00000000000f0000-0x00000000000fffff] reserved
[STDERR  ] 2019-07-08T20:48:55.197303967Z: [    0.000000] BIOS-e820: [mem 0x0000000000100000-0x000000003ffdefff] usable
[STDERR  ] 2019-07-08T20:48:55.197335654Z: [    0.000000] BIOS-e820: [mem 0x000000003ffdf000-0x000000003fffffff] reserved
[STDERR  ] 2019-07-08T20:48:55.197354072Z: [    0.000000] BIOS-e820: [mem 0x00000000b0000000-0x00000000bfffffff] reserved
[STDERR  ] 2019-07-08T20:48:55.197366374Z: [    0.000000] BIOS-e820: [mem 0x00000000fed1c000-0x00000000fed1ffff] reserved
[STDERR  ] 2019-07-08T20:48:55.197378850Z: [    0.000000] BIOS-e820: [mem 0x00000000feffc000-0x00000000feffffff] reserved
[STDERR  ] 2019-07-08T20:48:55.197407283Z: [    0.000000] BIOS-e820: [mem 0x00000000fffc0000-0x00000000ffffffff] reserved
[STDERR  ] 2019-07-08T20:48:55.197421352Z: [    0.000000] NX (Execute Disable) protection: active
[STDERR  ] 2019-07-08T20:48:55.197496419Z: [    0.000000] SMBIOS 2.8 present.
[STDERR  ] 2019-07-08T20:48:55.197509777Z: [    0.000000] DMI: QEMU Standard PC (Q35 + ICH9, 2009), BIOS 1.10.2-1 04/01/2014
[STDERR  ] 2019-07-08T20:48:55.197526523Z: [    0.000000] Hypervisor detected: KVM
[STDERR  ] 2019-07-08T20:48:55.197539571Z: [    0.000000] kvm-clock: Using msrs 4b564d01 and 4b564d00
[STDERR  ] 2019-07-08T20:48:55.197552289Z: [    0.573070] kvm-clock: cpu 0, msr 1e81e001, primary cpu clock
[STDERR  ] 2019-07-08T20:48:55.197580548Z: [    0.573071] clocksource: kvm-clock: mask: 0xffffffffffffffff max_cycles: 0x1cd42e4dffb, max_idle_ns: 881590591483 ns
[STDERR  ] 2019-07-08T20:48:55.197595298Z: [    0.573083] tsc: Detected 2299.806 MHz processor
[STDERR  ] 2019-07-08T20:48:55.197608226Z: [    0.576296] last_pfn = 0x3ffdf max_arch_pfn = 0x400000000
[STDERR  ] 2019-07-08T20:48:55.197620192Z: [    0.576951] x86/PAT: PAT not supported by CPU.
[STDERR  ] 2019-07-08T20:48:55.197631644Z: [    0.577011] x86/PAT: Configuration [0-7]: WB  WT  UC- UC  WB  WT  UC- UC  
[STDERR  ] 2019-07-08T20:48:55.197658870Z: [    0.587574] found SMP MP-table at [mem 0x000f6a90-0x000f6a9f]
[STDERR  ] 2019-07-08T20:48:55.197675530Z: [    0.587915] RAMDISK: [mem 0x3c4c1000-0x3ffcffff]
[STDERR  ] 2019-07-08T20:48:55.197688425Z: [    0.588129] ACPI: Early table checksum verification disabled
[STDERR  ] 2019-07-08T20:48:55.197707254Z: [    0.588261] ACPI: RSDP 0x00000000000F68D0 000014 (v00 BOCHS )
[STDERR  ] 2019-07-08T20:48:55.197733019Z: [    0.588270] ACPI: RSDT 0x000000003FFE2404 000034 (v01 BOCHS  BXPCRSDT 00000001 BXPC 00000001)
[STDERR  ] 2019-07-08T20:48:55.197745978Z: [    0.588285] ACPI: FACP 0x000000003FFE22A4 000074 (v01 BOCHS  BXPCFACP 00000001 BXPC 00000001)
[STDERR  ] 2019-07-08T20:48:55.197757820Z: [    0.588292] ACPI: DSDT 0x000000003FFE0040 002264 (v01 BOCHS  BXPCDSDT 00000001 BXPC 00000001)
[STDERR  ] 2019-07-08T20:48:55.197774309Z: [    0.588296] ACPI: FACS 0x000000003FFE0000 000040
[STDERR  ] 2019-07-08T20:48:55.197786174Z: [    0.588300] ACPI: APIC 0x000000003FFE2318 000078 (v01 BOCHS  BXPCAPIC 00000001 BXPC 00000001)
[STDERR  ] 2019-07-08T20:48:55.197797690Z: [    0.588304] ACPI: HPET 0x000000003FFE2390 000038 (v01 BOCHS  BXPCHPET 00000001 BXPC 00000001)
[STDERR  ] 2019-07-08T20:48:55.197823782Z: [    0.588308] ACPI: MCFG 0x000000003FFE23C8 00003C (v01 BOCHS  BXPCMCFG 00000001 BXPC 00000001)
[STDERR  ] 2019-07-08T20:48:55.197836026Z: [    0.589049] Zone ranges:
[STDERR  ] 2019-07-08T20:48:55.197848733Z: [    0.589052]   DMA      [mem 0x0000000000001000-0x0000000000ffffff]
[STDERR  ] 2019-07-08T20:48:55.197866496Z: [    0.589054]   DMA32    [mem 0x0000000001000000-0x000000003ffdefff]
[STDERR  ] 2019-07-08T20:48:55.197897782Z: [    0.589055]   Normal   empty
[STDERR  ] 2019-07-08T20:48:55.197911037Z: [    0.589057]   Device   empty
[STDERR  ] 2019-07-08T20:48:55.197923609Z: [    0.589058] Movable zone start for each node
[STDERR  ] 2019-07-08T20:48:55.197935980Z: [    0.589059] Early memory node ranges
[STDERR  ] 2019-07-08T20:48:55.197950835Z: [    0.589060]   node   0: [mem 0x0000000000001000-0x000000000009efff]
[STDERR  ] 2019-07-08T20:48:55.197977746Z: [    0.589062]   node   0: [mem 0x0000000000100000-0x000000003ffdefff]
[STDERR  ] 2019-07-08T20:48:55.197991256Z: [    0.589585] Reserved but unavailable: 98 pages
[STDERR  ] 2019-07-08T20:48:55.198003637Z: [    0.589588] Initmem setup node 0 [mem 0x0000000000001000-0x000000003ffdefff]
[STDERR  ] 2019-07-08T20:48:55.198022683Z: [    0.601101] ACPI: PM-Timer IO Port: 0x608
[STDERR  ] 2019-07-08T20:48:55.198034878Z: [    0.601151] ACPI: LAPIC_NMI (acpi_id[0xff] dfl dfl lint[0x1])
[STDERR  ] 2019-07-08T20:48:55.198064336Z: [    0.601412] IOAPIC[0]: apic_id 0, version 17, address 0xfec00000, GSI 0-23
[STDERR  ] 2019-07-08T20:48:55.198077379Z: [    0.601416] ACPI: INT_SRC_OVR (bus 0 bus_irq 0 global_irq 2 dfl dfl)
[STDERR  ] 2019-07-08T20:48:55.198106796Z: [    0.601418] ACPI: INT_SRC_OVR (bus 0 bus_irq 5 global_irq 5 high level)
[STDERR  ] 2019-07-08T20:48:55.198119261Z: [    0.601420] ACPI: INT_SRC_OVR (bus 0 bus_irq 9 global_irq 9 high level)
[STDERR  ] 2019-07-08T20:48:55.198147439Z: [    0.601426] ACPI: INT_SRC_OVR (bus 0 bus_irq 10 global_irq 10 high level)
[STDERR  ] 2019-07-08T20:48:55.198235532Z: [    0.601427] ACPI: INT_SRC_OVR (bus 0 bus_irq 11 global_irq 11 high level)
[STDERR  ] 2019-07-08T20:48:55.198285469Z: [    0.601434] Using ACPI (MADT) for SMP configuration information
[STDERR  ] 2019-07-08T20:48:55.198347592Z: [    0.601437] ACPI: HPET id: 0x8086a201 base: 0xfed00000
[STDERR  ] 2019-07-08T20:48:55.198408642Z: [    0.601476] smpboot: Allowing 1 CPUs, 0 hotplug CPUs
[STDERR  ] 2019-07-08T20:48:55.198457552Z: [    0.601613] [mem 0x40000000-0xafffffff] available for PCI devices
[STDERR  ] 2019-07-08T20:48:55.198520810Z: [    0.601615] Booting paravirtualized kernel on KVM
[STDERR  ] 2019-07-08T20:48:55.198583352Z: [    0.601618] clocksource: refined-jiffies: mask: 0xffffffff max_cycles: 0xffffffff, max_idle_ns: 1910969940391419 ns
[STDERR  ] 2019-07-08T20:48:55.198634166Z: [    0.704413] random: get_random_bytes called from start_kernel+0x91/0x512 with crng_init=0
[STDERR  ] 2019-07-08T20:48:55.198694952Z: [    0.704442] setup_percpu: NR_CPUS:128 nr_cpumask_bits:128 nr_cpu_ids:1 nr_node_ids:1
[STDERR  ] 2019-07-08T20:48:55.198763780Z: [    0.705257] percpu: Embedded 45 pages/cpu s145112 r8192 d31016 u2097152
[STDERR  ] 2019-07-08T20:48:55.198815457Z: [    0.705366] KVM setup async PF for cpu 0
[STDERR  ] 2019-07-08T20:48:55.198883052Z: [    0.705420] kvm-stealtime: cpu 0, msr 3b015e80
[STDERR  ] 2019-07-08T20:48:55.198941691Z: [    0.705450] Built 1 zonelists, mobility grouping on.  Total pages: 257896
[STDERR  ] 2019-07-08T20:48:55.198990476Z: [    0.705453] Kernel command line: console=ttyS0 console=ttyAMA0
[STDERR  ] 2019-07-08T20:48:55.199049615Z: [    0.705597] Dentry cache hash table entries: 131072 (order: 8, 1048576 bytes)
[STDERR  ] 2019-07-08T20:48:55.199112426Z: [    0.705675] Inode-cache hash table entries: 65536 (order: 7, 524288 bytes)
[STDERR  ] 2019-07-08T20:48:55.199161819Z: [    0.709334] Memory: 941372K/1048052K available (12300K kernel code, 1583K rwdata, 3012K rodata, 1588K init, 2020K bss, 106680K reserved, 0K cma-reserved)
[STDERR  ] 2019-07-08T20:48:55.199230003Z: [    0.710068] Kernel/User page tables isolation: enabled
[STDERR  ] 2019-07-08T20:48:55.199293541Z: [    0.710167] ftrace: allocating 43130 entries in 169 pages
[STDERR  ] 2019-07-08T20:48:55.199342261Z: [    0.731608] rcu: Hierarchical RCU implementation.
[STDERR  ] 2019-07-08T20:48:55.199414768Z: [    0.731612] rcu: 	RCU restricting CPUs from NR_CPUS=128 to nr_cpu_ids=1.
[STDERR  ] 2019-07-08T20:48:55.199479891Z: [    0.731614] rcu: Adjusting geometry for rcu_fanout_leaf=16, nr_cpu_ids=1
[STDERR  ] 2019-07-08T20:48:55.199527877Z: [    0.734512] NR_IRQS: 8448, nr_irqs: 256, preallocated irqs: 16
[STDERR  ] 2019-07-08T20:48:55.199592351Z: [    0.761245] Console: colour VGA+ 80x25
[STDERR  ] 2019-07-08T20:48:55.199655420Z: [    1.177379] console [ttyS0] enabled
[STDERR  ] 2019-07-08T20:48:55.199713317Z: [    1.180409] ACPI: Core revision 20180810
[STDERR  ] 2019-07-08T20:48:55.199774021Z: [    1.184701] clocksource: hpet: mask: 0xffffffff max_cycles: 0xffffffff, max_idle_ns: 19112604467 ns
[STDERR  ] 2019-07-08T20:48:55.199839384Z: [    1.192997] APIC: Switch to symmetric I/O mode setup
[STDERR  ] 2019-07-08T20:48:55.199909487Z: [    1.200068] x2apic enabled
[STDERR  ] 2019-07-08T20:48:55.199964579Z: [    1.204644] Switched APIC routing to physical x2apic.
[STDERR  ] 2019-07-08T20:48:55.200033506Z: [    1.219064] ..TIMER: vector=0x30 apic1=0 pin1=2 apic2=-1 pin2=-1
[STDERR  ] 2019-07-08T20:48:55.200081683Z: [    1.224287] clocksource: tsc-early: mask: 0xffffffffffffffff max_cycles: 0x21267ddf018, max_idle_ns: 440795235154 ns
[STDERR  ] 2019-07-08T20:48:55.200146248Z: [    1.233162] Calibrating delay loop (skipped) preset value.. 4599.61 BogoMIPS (lpj=2299806)
[STDERR  ] 2019-07-08T20:48:55.200216682Z: [    1.234143] pid_max: default: 32768 minimum: 301
[STDERR  ] 2019-07-08T20:48:55.200261156Z: [    1.235249] Security Framework initialized
[STDERR  ] 2019-07-08T20:48:55.200322550Z: [    1.236142] Yama: becoming mindful.
[STDERR  ] 2019-07-08T20:48:55.200390077Z: [    1.237188] Mount-cache hash table entries: 2048 (order: 2, 16384 bytes)
[STDERR  ] 2019-07-08T20:48:55.200444802Z: [    1.238147] Mountpoint-cache hash table entries: 2048 (order: 2, 16384 bytes)
[STDERR  ] 2019-07-08T20:48:55.200507592Z: [    1.242179] Last level iTLB entries: 4KB 0, 2MB 0, 4MB 0
[STDERR  ] 2019-07-08T20:48:55.200570343Z: [    1.244144] Last level dTLB entries: 4KB 0, 2MB 0, 4MB 0, 1GB 0
[STDERR  ] 2019-07-08T20:48:55.200615710Z: [    1.245143] Spectre V2 : Mitigation: Full generic retpoline
[STDERR  ] 2019-07-08T20:48:55.200674795Z: [    1.246140] Spectre V2 : Spectre v2 / SpectreRSB mitigation: Filling RSB on context switch
[STDERR  ] 2019-07-08T20:48:55.200730457Z: [    1.247140] Speculative Store Bypass: Vulnerable
[STDERR  ] 2019-07-08T20:48:55.200829442Z: [    1.248158] MDS: Vulnerable: Clear CPU buffers attempted, no microcode
