[INFO    ] 2018-04-05T20:50:42.255977215Z: Running Test linuxkit.kernel.kmod_4.15.x in /tmp/build/test/cases/020_kernel/017_kmod_4.15.x
[INFO    ] 2018-04-05T20:50:42.256128823Z: Running command: [/bin/sh -x /tmp/build/test/cases/020_kernel/017_kmod_4.15.x/test.sh]
[STDERR  ] 2018-04-05T20:50:42.256820098Z: + set -e
[STDERR  ] 2018-04-05T20:50:42.256888234Z: + . /tmp/build/test/cases/_lib/lib.sh
[STDERR  ] 2018-04-05T20:50:42.256905160Z: + [ -f src/github.com/linuxkit/rtf/lib/lib.sh ]
[STDERR  ] 2018-04-05T20:50:42.256920634Z: + LINUXKIT_TMPDIR=/tmp/build/test/cases/_tmp
[STDERR  ] 2018-04-05T20:50:42.256939712Z: + [ -f /tmp/build/test/cases/_tmp/env.sh ]
[STDERR  ] 2018-04-05T20:50:42.256953260Z: + . /tmp/build/test/cases/_tmp/env.sh
[STDERR  ] 2018-04-05T20:50:42.256969214Z: + export LINUXKIT_EXAMPLES_DIR=/tmp/build/test/cases/../../examples
[STDERR  ] 2018-04-05T20:50:42.256984785Z: + RT_CANCEL=253
[STDERR  ] 2018-04-05T20:50:42.256999952Z: + NAME=kmod
[STDERR  ] 2018-04-05T20:50:42.257019762Z: + IMAGE_NAME=kmod-test
[STDERR  ] 2018-04-05T20:50:42.257034874Z: + trap clean_up EXIT
[STDERR  ] 2018-04-05T20:50:42.257049179Z: + docker pull linuxkit/kernel:4.15.15
[STDOUT  ] 2018-04-05T20:50:43.850872471Z: 4.15.15: Pulling from linuxkit/kernel
[STDOUT  ] 2018-04-05T20:50:44.238498706Z: Digest: sha256:bb1771719aeca25f4afe1dc5eb23da62c592ac208021b5029c70c286bd75f3f3
[STDOUT  ] 2018-04-05T20:50:44.243498834Z: Status: Downloaded newer image for linuxkit/kernel:4.15.15
[STDERR  ] 2018-04-05T20:50:44.244564502Z: + docker build -t kmod-test .
[STDOUT  ] 2018-04-05T20:50:44.313821563Z: Sending build context to Docker daemon  8.704kB
[STDOUT  ] 2018-04-05T20:50:44.444913067Z: Step 1/12 : FROM linuxkit/kernel:4.15.15 AS ksrc
[STDOUT  ] 2018-04-05T20:50:44.444973902Z:  ---> fb64b5cc8d7b
[STDOUT  ] 2018-04-05T20:50:44.444986153Z: Step 2/12 : FROM linuxkit/alpine:f3cd219615428b2bd943411723eb28875275fae7 AS build
[STDOUT  ] 2018-04-05T20:50:44.445016358Z:  ---> 9577d6001cc2
[STDOUT  ] 2018-04-05T20:50:44.445029590Z: Step 3/12 : RUN apk add build-base libelf-dev
[STDOUT  ] 2018-04-05T20:50:44.445040248Z:  ---> Using cache
[STDOUT  ] 2018-04-05T20:50:44.445050525Z:  ---> 3beab7b93f83
[STDOUT  ] 2018-04-05T20:50:44.445061108Z: Step 4/12 : COPY --from=ksrc /kernel-dev.tar /
[STDOUT  ] 2018-04-05T20:50:45.916740170Z:  ---> cac4c66693bc
[STDOUT  ] 2018-04-05T20:50:45.939013352Z: Removing intermediate container 12ebb47ed451
[STDOUT  ] 2018-04-05T20:50:45.939077789Z: Step 5/12 : RUN tar xf kernel-dev.tar
[STDOUT  ] 2018-04-05T20:50:46.024231669Z:  ---> Running in ff4b1b70156c
[STDOUT  ] 2018-04-05T20:50:52.585178030Z:  ---> f76a77adb3e8
[STDOUT  ] 2018-04-05T20:50:53.006807699Z: Removing intermediate container ff4b1b70156c
[STDOUT  ] 2018-04-05T20:50:53.006879280Z: Step 6/12 : WORKDIR /kmod
[STDOUT  ] 2018-04-05T20:50:53.316984839Z:  ---> 31ef621edae7
[STDOUT  ] 2018-04-05T20:50:53.323490917Z: Removing intermediate container 2e2221a49e5d
[STDOUT  ] 2018-04-05T20:50:53.323555957Z: Step 7/12 : COPY ./src/* ./
[STDOUT  ] 2018-04-05T20:50:53.837000520Z:  ---> 2f084b2d5952
[STDOUT  ] 2018-04-05T20:50:53.843271358Z: Removing intermediate container 1a0d7e2d2068
[STDOUT  ] 2018-04-05T20:50:53.843327126Z: Step 8/12 : RUN make all
[STDOUT  ] 2018-04-05T20:50:53.927421931Z:  ---> Running in 83e456049b05
[STDOUT  ] 2018-04-05T20:50:54.263599950Z: make -C /usr/src/linux-headers-4.15.15-linuxkit M=/kmod modules
[STDOUT  ] 2018-04-05T20:50:54.264828767Z: make[1]: Entering directory '/usr/src/linux-headers-4.15.15-linuxkit'
[STDOUT  ] 2018-04-05T20:50:54.267857323Z: [91mgetconf: LFS_CFLAGS: unknown variable
[STDOUT  ] 2018-04-05T20:50:54.268082480Z: [0m[91mgetconf: LFS_LDFLAGS: unknown variable
[STDOUT  ] 2018-04-05T20:50:54.268503382Z: [0m[91mgetconf: LFS_LIBS: unknown variable
[STDOUT  ] 2018-04-05T20:50:55.375369025Z: [0m  CC [M]  /kmod/hello_world.o
[STDOUT  ] 2018-04-05T20:50:55.600635258Z:   Building modules, stage 2.
[STDOUT  ] 2018-04-05T20:50:55.611217617Z:   MODPOST 1 modules
[STDOUT  ] 2018-04-05T20:50:55.626101300Z:   CC      /kmod/hello_world.mod.o
[STDOUT  ] 2018-04-05T20:50:55.819242448Z:   LD [M]  /kmod/hello_world.ko
[STDOUT  ] 2018-04-05T20:50:55.822582374Z: make[1]: Leaving directory '/usr/src/linux-headers-4.15.15-linuxkit'
[STDOUT  ] 2018-04-05T20:50:56.332919789Z:  ---> 195baf6c743f
[STDOUT  ] 2018-04-05T20:50:56.340584043Z: Removing intermediate container 83e456049b05
[STDOUT  ] 2018-04-05T20:50:56.340647906Z: Step 9/12 : FROM alpine:3.7
[STDOUT  ] 2018-04-05T20:50:56.340968294Z:  ---> 3fd9065eaf02
[STDOUT  ] 2018-04-05T20:50:56.340995714Z: Step 10/12 : COPY --from=build /kmod/hello_world.ko /
[STDOUT  ] 2018-04-05T20:50:56.708706076Z:  ---> 51383d34aab3
[STDOUT  ] 2018-04-05T20:50:56.714559819Z: Removing intermediate container c067ac123908
[STDOUT  ] 2018-04-05T20:50:56.714604141Z: Step 11/12 : COPY check.sh /check.sh
[STDOUT  ] 2018-04-05T20:50:57.136965118Z:  ---> efe1b0ec6a71
[STDOUT  ] 2018-04-05T20:50:57.143981102Z: Removing intermediate container 1bfb18061c57
[STDOUT  ] 2018-04-05T20:50:57.144030890Z: Step 12/12 : ENTRYPOINT /bin/sh /check.sh
[STDOUT  ] 2018-04-05T20:50:57.218627608Z:  ---> Running in c8c1daad87e7
[STDOUT  ] 2018-04-05T20:50:57.377865020Z:  ---> 1ef9cf12105f
[STDOUT  ] 2018-04-05T20:50:57.384156041Z: Removing intermediate container c8c1daad87e7
[STDOUT  ] 2018-04-05T20:50:57.384197274Z: Successfully built 1ef9cf12105f
[STDOUT  ] 2018-04-05T20:50:57.388394916Z: Successfully tagged kmod-test:latest
[STDERR  ] 2018-04-05T20:50:57.422962058Z: + linuxkit build -format kernel+initrd -name kmod test.yml
[STDERR  ] 2018-04-05T20:50:57.450942065Z: Extract kernel image: linuxkit/kernel:4.15.15
[STDERR  ] 2018-04-05T20:50:59.125832767Z: Add init containers:
[STDERR  ] 2018-04-05T20:50:59.125905301Z: Process init image: linuxkit/init:v0.3
[STDERR  ] 2018-04-05T20:51:00.378709981Z: Process init image: linuxkit/runc:v0.3
[STDERR  ] 2018-04-05T20:51:01.582028393Z: Add onboot containers:
[STDERR  ] 2018-04-05T20:51:01.582117371Z:   Create OCI config for kmod-test
[STDERR  ] 2018-04-05T20:51:01.751391968Z:   Create OCI config for linuxkit/poweroff:5740687bf0a6a0480922c0f59b3a4ca77c866cae
[STDERR  ] 2018-04-05T20:51:02.962096755Z: Create outputs:
[STDERR  ] 2018-04-05T20:51:08.161177190Z:   kmod-kernel kmod-initrd.img kmod-cmdline
[STDERR  ] 2018-04-05T20:51:08.268983080Z: + linuxkit run kmod
[STDERR  ] 2018-04-05T20:51:08.292340165Z: Unable to find qemu-system-x86_64 within the $PATH. Using a container
[STDERR  ] 2018-04-05T20:51:17.456443104Z: + RESULT=[    0.000000] Linux version 4.15.15-linuxkit (root@1addec4162a6) (gcc version 6.4.0 (Alpine 6.4.0)) #1 SMP Sun Apr 1 17:00:39 UTC 2018
[STDERR  ] 2018-04-05T20:51:17.456524011Z: [    0.000000] Command line: console=ttyS0 console=ttyAMA0
[STDERR  ] 2018-04-05T20:51:17.456542454Z: [    0.000000] x86/fpu: x87 FPU will use FXSAVE
[STDERR  ] 2018-04-05T20:51:17.456556818Z: [    0.000000] e820: BIOS-provided physical RAM map:
[STDERR  ] 2018-04-05T20:51:17.456571598Z: [    0.000000] BIOS-e820: [mem 0x0000000000000000-0x000000000009fbff] usable
[STDERR  ] 2018-04-05T20:51:17.456587877Z: [    0.000000] BIOS-e820: [mem 0x000000000009fc00-0x000000000009ffff] reserved
[STDERR  ] 2018-04-05T20:51:17.456606807Z: [    0.000000] BIOS-e820: [mem 0x00000000000f0000-0x00000000000fffff] reserved
[STDERR  ] 2018-04-05T20:51:17.456622562Z: [    0.000000] BIOS-e820: [mem 0x0000000000100000-0x000000003ffdefff] usable
[STDERR  ] 2018-04-05T20:51:17.456637828Z: [    0.000000] BIOS-e820: [mem 0x000000003ffdf000-0x000000003fffffff] reserved
[STDERR  ] 2018-04-05T20:51:17.456652111Z: [    0.000000] BIOS-e820: [mem 0x00000000b0000000-0x00000000bfffffff] reserved
[STDERR  ] 2018-04-05T20:51:17.456666461Z: [    0.000000] BIOS-e820: [mem 0x00000000fed1c000-0x00000000fed1ffff] reserved
[STDERR  ] 2018-04-05T20:51:17.456679974Z: [    0.000000] BIOS-e820: [mem 0x00000000feffc000-0x00000000feffffff] reserved
[STDERR  ] 2018-04-05T20:51:17.456694171Z: [    0.000000] BIOS-e820: [mem 0x00000000fffc0000-0x00000000ffffffff] reserved
[STDERR  ] 2018-04-05T20:51:17.456707545Z: [    0.000000] NX (Execute Disable) protection: active
[STDERR  ] 2018-04-05T20:51:17.456721789Z: [    0.000000] random: fast init done
[STDERR  ] 2018-04-05T20:51:17.456752437Z: [    0.000000] SMBIOS 2.8 present.
[STDERR  ] 2018-04-05T20:51:17.456767032Z: [    0.000000] DMI: QEMU Standard PC (Q35 + ICH9, 2009), BIOS rel-1.10.2-0-g5f4c7b1-prebuilt.qemu-project.org 04/01/2014
[STDERR  ] 2018-04-05T20:51:17.456781385Z: [    0.000000] Hypervisor detected: KVM
[STDERR  ] 2018-04-05T20:51:17.456795238Z: [    0.000000] e820: last_pfn = 0x3ffdf max_arch_pfn = 0x400000000
[STDERR  ] 2018-04-05T20:51:17.456809542Z: [    0.000000] x86/PAT: PAT not supported by CPU.
[STDERR  ] 2018-04-05T20:51:17.456887758Z: [    0.000000] x86/PAT: Configuration [0-7]: WB  WT  UC- UC  WB  WT  UC- UC  
[STDERR  ] 2018-04-05T20:51:17.456903579Z: [    0.000000] found SMP MP-table at [mem 0x000f6aa0-0x000f6aaf] mapped at [        (ptrval)]
[STDERR  ] 2018-04-05T20:51:17.456918250Z: [    0.000000] RAMDISK: [mem 0x3e58e000-0x3ffcffff]
[STDERR  ] 2018-04-05T20:51:17.456932102Z: [    0.000000] ACPI: Early table checksum verification disabled
[STDERR  ] 2018-04-05T20:51:17.456946249Z: [    0.000000] ACPI: RSDP 0x00000000000F68B0 000014 (v00 BOCHS )
[STDERR  ] 2018-04-05T20:51:17.456961389Z: [    0.000000] ACPI: RSDT 0x000000003FFE20A8 000034 (v01 BOCHS  BXPCRSDT 00000001 BXPC 00000001)
[STDERR  ] 2018-04-05T20:51:17.456976509Z: [    0.000000] ACPI: FACP 0x000000003FFE1EC8 0000F4 (v03 BOCHS  BXPCFACP 00000001 BXPC 00000001)
[STDERR  ] 2018-04-05T20:51:17.456999452Z: [    0.000000] ACPI: DSDT 0x000000003FFE0040 001E88 (v01 BOCHS  BXPCDSDT 00000001 BXPC 00000001)
[STDERR  ] 2018-04-05T20:51:17.457015586Z: [    0.000000] ACPI: FACS 0x000000003FFE0000 000040
[STDERR  ] 2018-04-05T20:51:17.457030979Z: [    0.000000] ACPI: APIC 0x000000003FFE1FBC 000078 (v01 BOCHS  BXPCAPIC 00000001 BXPC 00000001)
[STDERR  ] 2018-04-05T20:51:17.457048968Z: [    0.000000] ACPI: HPET 0x000000003FFE2034 000038 (v01 BOCHS  BXPCHPET 00000001 BXPC 00000001)
[STDERR  ] 2018-04-05T20:51:17.457074493Z: [    0.000000] ACPI: MCFG 0x000000003FFE206C 00003C (v01 BOCHS  BXPCMCFG 00000001 BXPC 00000001)
[STDERR  ] 2018-04-05T20:51:17.457088579Z: [    0.000000] kvm-clock: cpu 0, msr 0:3ffdc001, primary cpu clock
[STDERR  ] 2018-04-05T20:51:17.457103939Z: [    0.000000] kvm-clock: Using msrs 4b564d01 and 4b564d00
[STDERR  ] 2018-04-05T20:51:17.457119259Z: [    0.000000] clocksource: kvm-clock: mask: 0xffffffffffffffff max_cycles: 0x1cd42e4dffb, max_idle_ns: 881590591483 ns
[STDERR  ] 2018-04-05T20:51:17.457133841Z: [    0.000000] Zone ranges:
[STDERR  ] 2018-04-05T20:51:17.457149964Z: [    0.000000]   DMA      [mem 0x0000000000001000-0x0000000000ffffff]
[STDERR  ] 2018-04-05T20:51:17.457163324Z: [    0.000000]   DMA32    [mem 0x0000000001000000-0x000000003ffdefff]
[STDERR  ] 2018-04-05T20:51:17.457179088Z: [    0.000000]   Normal   empty
[STDERR  ] 2018-04-05T20:51:17.457192203Z: [    0.000000]   Device   empty
[STDERR  ] 2018-04-05T20:51:17.457206044Z: [    0.000000] Movable zone start for each node
[STDERR  ] 2018-04-05T20:51:17.457220137Z: [    0.000000] Early memory node ranges
[STDERR  ] 2018-04-05T20:51:17.457234556Z: [    0.000000]   node   0: [mem 0x0000000000001000-0x000000000009efff]
[STDERR  ] 2018-04-05T20:51:17.457247801Z: [    0.000000]   node   0: [mem 0x0000000000100000-0x000000003ffdefff]
[STDERR  ] 2018-04-05T20:51:17.457264152Z: [    0.000000] Initmem setup node 0 [mem 0x0000000000001000-0x000000003ffdefff]
[STDERR  ] 2018-04-05T20:51:17.457277745Z: [    0.000000] Reserved but unavailable: 98 pages
[STDERR  ] 2018-04-05T20:51:17.457291698Z: [    0.000000] ACPI: PM-Timer IO Port: 0x608
[STDERR  ] 2018-04-05T20:51:17.457308897Z: [    0.000000] ACPI: LAPIC_NMI (acpi_id[0xff] dfl dfl lint[0x1])
[STDERR  ] 2018-04-05T20:51:17.457323092Z: [    0.000000] IOAPIC[0]: apic_id 0, version 17, address 0xfec00000, GSI 0-23
[STDERR  ] 2018-04-05T20:51:17.457336598Z: [    0.000000] ACPI: INT_SRC_OVR (bus 0 bus_irq 0 global_irq 2 dfl dfl)
[STDERR  ] 2018-04-05T20:51:17.457349754Z: [    0.000000] ACPI: INT_SRC_OVR (bus 0 bus_irq 5 global_irq 5 high level)
[STDERR  ] 2018-04-05T20:51:17.457378985Z: [    0.000000] ACPI: INT_SRC_OVR (bus 0 bus_irq 9 global_irq 9 high level)
[STDERR  ] 2018-04-05T20:51:17.457392298Z: [    0.000000] ACPI: INT_SRC_OVR (bus 0 bus_irq 10 global_irq 10 high level)
[STDERR  ] 2018-04-05T20:51:17.457405562Z: [    0.000000] ACPI: INT_SRC_OVR (bus 0 bus_irq 11 global_irq 11 high level)
[STDERR  ] 2018-04-05T20:51:17.457418831Z: [    0.000000] Using ACPI (MADT) for SMP configuration information
[STDERR  ] 2018-04-05T20:51:17.457432835Z: [    0.000000] ACPI: HPET id: 0x8086a201 base: 0xfed00000
[STDERR  ] 2018-04-05T20:51:17.457446777Z: [    0.000000] smpboot: Allowing 1 CPUs, 0 hotplug CPUs
[STDERR  ] 2018-04-05T20:51:17.457464153Z: [    0.000000] e820: [mem 0x40000000-0xafffffff] available for PCI devices
[STDERR  ] 2018-04-05T20:51:17.457477090Z: [    0.000000] Booting paravirtualized kernel on KVM
[STDERR  ] 2018-04-05T20:51:17.457493098Z: [    0.000000] clocksource: refined-jiffies: mask: 0xffffffff max_cycles: 0xffffffff, max_idle_ns: 19112604462750000 ns
[STDERR  ] 2018-04-05T20:51:17.457507352Z: [    0.000000] setup_percpu: NR_CPUS:128 nr_cpumask_bits:128 nr_cpu_ids:1 nr_node_ids:1
[STDERR  ] 2018-04-05T20:51:17.457520842Z: [    0.000000] percpu: Embedded 44 pages/cpu @        (ptrval) s142936 r8192 d29096 u2097152
[STDERR  ] 2018-04-05T20:51:17.457533563Z: [    0.000000] KVM setup async PF for cpu 0
[STDERR  ] 2018-04-05T20:51:17.457546512Z: [    0.000000] kvm-stealtime: cpu 0, msr 3e215f40
[STDERR  ] 2018-04-05T20:51:17.457559185Z: [    0.000000] Built 1 zonelists, mobility grouping on.  Total pages: 257896
[STDERR  ] 2018-04-05T20:51:17.457575176Z: [    0.000000] Kernel command line: console=ttyS0 console=ttyAMA0
[STDERR  ] 2018-04-05T20:51:17.457588522Z: [    0.000000] Dentry cache hash table entries: 131072 (order: 8, 1048576 bytes)
[STDERR  ] 2018-04-05T20:51:17.457601261Z: [    0.000000] Inode-cache hash table entries: 65536 (order: 7, 524288 bytes)
[STDERR  ] 2018-04-05T20:51:17.457621726Z: [    0.000000] Memory: 977884K/1048052K available (12300K kernel code, 1480K rwdata, 3012K rodata, 1516K init, 632K bss, 70168K reserved, 0K cma-reserved)
[STDERR  ] 2018-04-05T20:51:17.457636946Z: [    0.000000] Kernel/User page tables isolation: enabled
[STDERR  ] 2018-04-05T20:51:17.457651269Z: [    0.000000] ftrace: allocating 41309 entries in 162 pages
[STDERR  ] 2018-04-05T20:51:17.457664617Z: [    0.010000] Hierarchical RCU implementation.
[STDERR  ] 2018-04-05T20:51:17.457678004Z: [    0.010000] 	RCU restricting CPUs from NR_CPUS=128 to nr_cpu_ids=1.
[STDERR  ] 2018-04-05T20:51:17.457690713Z: [    0.010000] RCU: Adjusting geometry for rcu_fanout_leaf=16, nr_cpu_ids=1
[STDERR  ] 2018-04-05T20:51:17.457703571Z: [    0.010000] NR_IRQS: 8448, nr_irqs: 256, preallocated irqs: 16
[STDERR  ] 2018-04-05T20:51:17.457717251Z: [    0.010000] Console: colour VGA+ 80x25
[STDERR  ] 2018-04-05T20:51:17.457730099Z: [    0.010000] console [ttyS0] enabled
[STDERR  ] 2018-04-05T20:51:17.457744040Z: [    0.010000] ACPI: Core revision 20170831
[STDERR  ] 2018-04-05T20:51:17.457758223Z: [    0.010000] ACPI: 1 ACPI AML tables successfully acquired and loaded
[STDERR  ] 2018-04-05T20:51:17.457770980Z: [    0.010000] clocksource: hpet: mask: 0xffffffff max_cycles: 0xffffffff, max_idle_ns: 19112604467 ns
[STDERR  ] 2018-04-05T20:51:17.457782419Z: [    0.010050] APIC: Switch to symmetric I/O mode setup
[STDERR  ] 2018-04-05T20:51:17.457790093Z: [    0.016165] x2apic enabled
[STDERR  ] 2018-04-05T20:51:17.457797962Z: [    0.020022] Switched APIC routing to physical x2apic.
[STDERR  ] 2018-04-05T20:51:17.457805622Z: [    0.032415] ..TIMER: vector=0x30 apic1=0 pin1=2 apic2=-1 pin2=-1
[STDERR  ] 2018-04-05T20:51:17.457813369Z: [    0.038028] tsc: Detected 2300.000 MHz processor
[STDERR  ] 2018-04-05T20:51:17.457830291Z: [    0.040026] Calibrating delay loop (skipped) preset value.. 4600.00 BogoMIPS (lpj=23000000)
[STDERR  ] 2018-04-05T20:51:17.457839822Z: [    0.047428] pid_max: default: 32768 minimum: 301
[STDERR  ] 2018-04-05T20:51:17.457847334Z: [    0.050114] Security Framework initialized
[STDERR  ] 2018-04-05T20:51:17.457863291Z: [    0.053928] Yama: becoming mindful.
[STDERR  ] 2018-04-05T20:51:17.457871757Z: [    0.060063] Mount-cache hash table entries: 2048 (order: 2, 16384 bytes)
[STDERR  ] 2018-04-05T20:51:17.457879694Z: [    0.065977] Mountpoint-cache hash table entries: 2048 (order: 2, 16384 bytes)
[STDERR  ] 2018-04-05T20:51:17.457887335Z: [    0.070762] CPU: Physical Processor ID: 0
[STDERR  ] 2018-04-05T20:51:17.457895115Z: [    0.080050] Last level iTLB entries: 4KB 0, 2MB 0, 4MB 0
[STDERR  ] 2018-04-05T20:51:17.457902628Z: [    0.085056] Last level dTLB entries: 4KB 0, 2MB 0, 4MB 0, 1GB 0
[STDERR  ] 2018-04-05T20:51:17.457910317Z: [    0.090010] Spectre V2 : Vulnerable: Minimal generic ASM retpoline
[STDERR  ] 2018-04-05T20:51:17.457918051Z: [    0.104525] Freeing SMP alternatives memory: 20K
[STDERR  ] 2018-04-05T20:51:17.457925434Z: [    0.110000] smpboot: CPU0: Intel QEMU Virtual CPU version 2.5+ (family: 0x6, model: 0x6, stepping: 0x3)
[STDERR  ] 2018-04-05T20:51:17.457933371Z: [    0.110000] Performance Events: PMU not available due to virtualization, using software events only.
[STDERR  ] 2018-04-05T20:51:17.457941661Z: [    0.120385] Hierarchical SRCU implementation.
[STDERR  ] 2018-04-05T20:51:17.457951274Z: [    0.124461] NMI watchdog: Perf event create on CPU 0 failed with -2
[STDERR  ] 2018-04-05T20:51:17.457959160Z: [    0.130010] NMI watchdog: Perf NMI watchdog permanently disabled
[STDERR  ] 2018-04-05T20:51:17.457966827Z: [    0.140103] smp: Bringing up secondary CPUs ...
[STDERR  ] 2018-04-05T20:51:17.457974370Z: [    0.144183] smp: Brought up 1 node, 1 CPU
[STDERR  ] 2018-04-05T20:51:17.457982115Z: [    0.147817] smpboot: Max logical packages: 1
[STDERR  ] 2018-04-05T20:51:17.457995295Z: [    0.150010] smpboot: Total of 1 processors activated (4600.00 BogoMIPS)
[STDERR  ] 2018-04-05T20:51:17.458006128Z: [    0.156775] devtmpfs: initialized
[STDERR  ] 2018-04-05T20:51:17.458021420Z: [    0.160095] x86/mm: Memory block size: 128MB
[STDERR  ] 2018-04-05T20:51:17.458029340Z: [    0.164332] evm: security.ima
[STDERR  ] 2018-04-05T20:51:17.458037154Z: [    0.167130] evm: security.capability
[STDERR  ] 2018-04-05T20:51:17.458044723Z: [    0.170191] clocksource: jiffies: mask: 0xffffffff max_cycles: 0xffffffff, max_idle_ns: 19112604462750000 ns
[STDERR  ] 2018-04-05T20:51:17.458053670Z: [    0.180030] futex hash table entries: 256 (order: 2, 16384 bytes)
[STDERR  ] 2018-04-05T20:51:17.458064138Z: [    0.185741] NET: Registered protocol family 16
[STDERR  ] 2018-04-05T20:51:17.458071944Z: [    0.190190] audit: initializing netlink subsys (disabled)
[STDERR  ] 2018-04-05T20:51:17.458079454Z: [    0.195196] cpuidle: using governor ladder
[STDERR  ] 2018-04-05T20:51:17.458086892Z: [    0.200015] audit: type=2000 audit(1522961469.976:1): state=initialized audit_enabled=0 res=1
[STDERR  ] 2018-04-05T20:51:17.458094712Z: [    0.207669] cpuidle: using governor menu
[STDERR  ] 2018-04-05T20:51:17.458102221Z: [    0.210124] ACPI: bus type PCI registered
[STDERR  ] 2018-04-05T20:51:17.458109632Z: [    0.214259] PCI: MMCONFIG for domain 0000 [bus 00-ff] at [mem 0xb0000000-0xbfffffff] (base 0xb0000000)
[STDERR  ] 2018-04-05T20:51:17.458117698Z: [    0.220018] PCI: MMCONFIG at [mem 0xb0000000-0xbfffffff] reserved in E820
[STDERR  ] 2018-04-05T20:51:17.458125293Z: [    0.230032] PCI: Using configuration type 1 for base access
[STDERR  ] 2018-04-05T20:51:17.458132855Z: [    0.236668] HugeTLB registered 2.00 MiB page size, pre-allocated 0 pages
[STDERR  ] 2018-04-05T20:51:17.458140338Z: [    0.240326] ACPI: Added _OSI(Module Device)
[STDERR  ] 2018-04-05T20:51:17.458147819Z: [    0.244132] ACPI: Added _OSI(Processor Device)
[STDERR  ] 2018-04-05T20:51:17.458155326Z: [    0.250019] ACPI: Added _OSI(3.0 _SCP Extensions)
[STDERR  ] 2018-04-05T20:51:17.458162681Z: [    0.254239] ACPI: Added _OSI(Processor Aggregator Device)
[STDERR  ] 2018-04-05T20:51:17.458172538Z: [    0.264944] ACPI: Interpreter enabled
[STDERR  ] 2018-04-05T20:51:17.458180193Z: [    0.268318] ACPI: (supports S0 S5)
[STDERR  ] 2018-04-05T20:51:17.458192665Z: [    0.270049] ACPI: Using IOAPIC for interrupt routing
[STDERR  ] 2018-04-05T20:51:17.458200693Z: [    0.274872] PCI: Using host bridge windows from ACPI; if necessary, use "pci=nocrs" and report a bug
[STDERR  ] 2018-04-05T20:51:17.458209321Z: [    0.280259] ACPI: Enabled 1 GPEs in block 00 to 3F
[STDERR  ] 2018-04-05T20:51:17.458216812Z: [    0.292779] ACPI: PCI Root Bridge [PCI0] (domain 0000 [bus 00-ff])
[STDERR  ] 2018-04-05T20:51:17.458224199Z: [    0.300024] acpi PNP0A08:00: _OSC: OS supports [ExtendedConfig ASPM ClockPM Segments MSI]
[STDERR  ] 2018-04-05T20:51:17.458231781Z: [    0.307489] acpi PNP0A08:00: _OSC: OS now controls [PCIeHotplug PME PCIeCapability]
[STDERR  ] 2018-04-05T20:51:17.458239311Z: [    0.310107] PCI host bridge to bus 0000:00
[STDERR  ] 2018-04-05T20:51:17.458278288Z: [    0.313906] pci_bus 0000:00: root bus resource [io  0x0000-0x0cf7 window]
[STDERR  ] 2018-04-05T20:51:17.458295125Z: [    0.320015] pci_bus 0000:00: root bus resource [io  0x0d00-0xffff window]
[STDERR  ] 2018-04-05T20:51:17.458313997Z: [    0.330015] pci_bus 0000:00: root bus resource [mem 0x000a0000-0x000bffff window]
[STDERR  ] 2018-04-05T20:51:17.458327373Z: [    0.336775] pci_bus 0000:00: root bus resource [mem 0xc0000000-0xfebfffff window]
[STDERR  ] 2018-04-05T20:51:17.458340583Z: [    0.340018] pci_bus 0000:00: root bus resource [bus 00-ff]
[STDERR  ] 2018-04-05T20:51:17.458357783Z: [    0.473309] pci 0000:00:1f.0: quirk: [io  0x0600-0x067f] claimed by ICH6 ACPI/GPIO/TCO
[STDERR  ] 2018-04-05T20:51:17.458376957Z: [    0.533473] ACPI: PCI Interrupt Link [LNKA] (IRQs 5 *10 11)
[STDERR  ] 2018-04-05T20:51:17.458391507Z: [    0.540370] ACPI: PCI Interrupt Link [LNKB] (IRQs 5 *10 11)
[STDERR  ] 2018-04-05T20:51:17.458405383Z: [    0.545952] ACPI: PCI Interrupt Link [LNKC] (IRQs 5 10 *11)
[STDERR  ] 2018-04-05T20:51:17.458425267Z: [    0.550341] ACPI: PCI Interrupt Link [LNKD] (IRQs 5 10 *11)
[STDERR  ] 2018-04-05T20:51:17.458437873Z: [    0.555900] ACPI: PCI Interrupt Link [LNKE] (IRQs 5 *10 11)
[STDERR  ] 2018-04-05T20:51:17.458450739Z: [    0.560320] ACPI: PCI Interrupt Link [LNKF] (IRQs 5 *10 11)
[STDERR  ] 2018-04-05T20:51:17.458465723Z: [    0.565995] ACPI: PCI Interrupt Link [LNKG] (IRQs 5 10 *11)
[STDERR  ] 2018-04-05T20:51:17.458478996Z: [    0.570341] ACPI: PCI Interrupt Link [LNKH] (IRQs 5 10 *11)
[STDERR  ] 2018-04-05T20:51:17.458491445Z: [    0.580080] ACPI: PCI Interrupt Link [GSIA] (IRQs *16)
[STDERR  ] 2018-04-05T20:51:17.458504723Z: [    0.584851] ACPI: PCI Interrupt Link [GSIB] (IRQs *17)
[STDERR  ] 2018-04-05T20:51:17.458517135Z: [    0.589517] ACPI: PCI Interrupt Link [GSIC] (IRQs *18)
[STDERR  ] 2018-04-05T20:51:17.458529361Z: [    0.590038] ACPI: PCI Interrupt Link [GSID] (IRQs *19)
[STDERR  ] 2018-04-05T20:51:17.458542501Z: [    0.595079] ACPI: PCI Interrupt Link [GSIE] (IRQs *20)
[STDERR  ] 2018-04-05T20:51:17.458554893Z: [    0.600036] ACPI: PCI Interrupt Link [GSIF] (IRQs *21)
[STDERR  ] 2018-04-05T20:51:17.458567601Z: [    0.604702] ACPI: PCI Interrupt Link [GSIG] (IRQs *22)
[STDERR  ] 2018-04-05T20:51:17.458580510Z: [    0.610039] ACPI: PCI Interrupt Link [GSIH] (IRQs *23)
[STDERR  ] 2018-04-05T20:51:17.458593064Z: [    0.615107] SCSI subsystem initialized
[STDERR  ] 2018-04-05T20:51:17.458606041Z: [    0.620110] ACPI: bus type USB registered
[STDERR  ] 2018-04-05T20:51:17.458618463Z: [    0.623877] usbcore: registered new interface driver usbfs
[STDERR  ] 2018-04-05T20:51:17.458631001Z: [    0.630052] usbcore: registered new interface driver hub
[STDERR  ] 2018-04-05T20:51:17.458645958Z: [    0.634905] usbcore: registered new device driver usb
[STDERR  ] 2018-04-05T20:51:17.458661030Z: [    0.640054] pps_core: LinuxPPS API ver. 1 registered
[STDERR  ] 2018-04-05T20:51:17.458673153Z: [    0.644755] pps_core: Software ver. 5.3.6 - Copyright 2005-2007 Rodolfo Giometti <giometti@linux.it>
[STDERR  ] 2018-04-05T20:51:17.458688935Z: [    0.650030] PTP clock support registered
[STDERR  ] 2018-04-05T20:51:17.458701461Z: [    0.653847] PCI: Using ACPI for IRQ routing
[STDERR  ] 2018-04-05T20:51:17.458719771Z: [    0.993756] NetLabel: Initializing
[STDERR  ] 2018-04-05T20:51:17.458734074Z: [    0.997029] NetLabel:  domain hash size = 128
[STDERR  ] 2018-04-05T20:51:17.458747587Z: [    1.000007] NetLabel:  protocols = UNLABELED CIPSOv4 CALIPSO
[STDERR  ] 2018-04-05T20:51:17.458764727Z: [    1.005197] NetLabel:  unlabeled traffic allowed by default
[STDERR  ] 2018-04-05T20:51:17.458779094Z: [    1.010234] HPET: 3 timers in total, 0 timers will be used for per-cpu timer
[STDERR  ] 2018-04-05T20:51:17.458792622Z: [    1.016691] hpet0: at MMIO 0xfed00000, IRQs 2, 8, 0
[STDERR  ] 2018-04-05T20:51:17.458806342Z: [    1.020009] hpet0: 3 comparators, 64-bit 100.000000 MHz counter
[STDERR  ] 2018-04-05T20:51:17.458820491Z: [    1.033459] clocksource: Switched to clocksource kvm-clock
[STDERR  ] 2018-04-05T20:51:17.458842341Z: [    1.056493] VFS: Disk quotas dquot_6.6.0
[STDERR  ] 2018-04-05T20:51:17.458855444Z: [    1.060593] VFS: Dquot-cache hash table entries: 512 (order 0, 4096 bytes)
[STDERR  ] 2018-04-05T20:51:17.458872099Z: [    1.067112] FS-Cache: Loaded
[STDERR  ] 2018-04-05T20:51:17.458885089Z: [    1.069950] CacheFiles: Loaded
[STDERR  ] 2018-04-05T20:51:17.458898139Z: [    1.072846] pnp: PnP ACPI init
[STDERR  ] 2018-04-05T20:51:17.458911107Z: [    1.076733] pnp: PnP ACPI: found 5 devices
[STDERR  ] 2018-04-05T20:51:17.458924136Z: [    1.086564] clocksource: acpi_pm: mask: 0xffffff max_cycles: 0xffffff, max_idle_ns: 2085701024 ns
[STDERR  ] 2018-04-05T20:51:17.458937648Z: [    1.094815] NET: Registered protocol family 2
[STDERR  ] 2018-04-05T20:51:17.458950662Z: [    1.099022] TCP established hash table entries: 8192 (order: 4, 65536 bytes)
[STDERR  ] 2018-04-05T20:51:17.458963735Z: [    1.105618] TCP bind hash table entries: 8192 (order: 5, 131072 bytes)
[STDERR  ] 2018-04-05T20:51:17.458979212Z: [    1.111718] TCP: Hash tables configured (established 8192 bind 8192)
[STDERR  ] 2018-04-05T20:51:17.458999906Z: [    1.119351] UDP hash table entries: 512 (order: 2, 16384 bytes)
[STDERR  ] 2018-04-05T20:51:17.459014675Z: [    1.124875] UDP-Lite hash table entries: 512 (order: 2, 16384 bytes)
[STDERR  ] 2018-04-05T20:51:17.459028068Z: [    1.130821] NET: Registered protocol family 1
[STDERR  ] 2018-04-05T20:51:17.459041360Z: [    1.135244] pci 0000:00:01.0: Video device with shadowed ROM at [mem 0x000c0000-0x000dffff]
[STDERR  ] 2018-04-05T20:51:17.459054242Z: [    1.143114] Trying to unpack rootfs image as initramfs...
[STDERR  ] 2018-04-05T20:51:17.459070776Z: [    2.296718] Freeing initrd memory: 26888K
[STDERR  ] 2018-04-05T20:51:17.459084669Z: [    2.301835] PCLMULQDQ-NI instructions are not detected.
[STDERR  ] 2018-04-05T20:51:17.459099303Z: [    2.306679] AVX or AES-NI instructions are not detected.
[STDERR  ] 2018-04-05T20:51:17.459112695Z: [    2.311654] CPU feature 'AVX registers' is not supported.
[STDERR  ] 2018-04-05T20:51:17.459128299Z: [    2.316584] CPU feature 'AVX registers' is not supported.
[STDERR  ] 2018-04-05T20:51:17.459144477Z: [    2.321611] CPU feature 'AVX registers' is not supported.
[STDERR  ] 2018-04-05T20:51:17.459158657Z: [    2.326494] CPU feature 'AVX registers' is not supported.
[STDERR  ] 2018-04-05T20:51:17.459172091Z: [    2.331472] AVX2 or AES-NI instructions are not detected.
[STDERR  ] 2018-04-05T20:51:17.459185007Z: [    2.336280] AVX2 instructions are not detected.
[STDERR  ] 2018-04-05T20:51:17.459201870Z: [    2.341072] workingset: timestamp_bits=46 max_order=18 bucket_order=0
[STDERR  ] 2018-04-05T20:51:17.459214841Z: [    2.347129] squashfs: version 4.0 (2009/01/31) Phillip Lougher
[STDERR  ] 2018-04-05T20:51:17.459227466Z: [    2.352660] FS-Cache: Netfs 'cifs' registered for caching
[STDERR  ] 2018-04-05T20:51:17.459240311Z: [    2.358534] fuse init (API version 7.26)
[STDERR  ] 2018-04-05T20:51:17.459257553Z: [    2.362409] SGI XFS with ACLs, security attributes, no debug enabled
[STDERR  ] 2018-04-05T20:51:17.459270947Z: [    2.370200] 9p: Installing v9fs 9p2000 file system support
[STDERR  ] 2018-04-05T20:51:17.459283651Z: [    2.376275] FS-Cache: Netfs '9p' registered for caching
[STDERR  ] 2018-04-05T20:51:17.459303480Z: [    2.386676] NET: Registered protocol family 38
[STDERR  ] 2018-04-05T20:51:17.459316974Z: [    2.390855] Key type asymmetric registered
[STDERR  ] 2018-04-05T20:51:17.459329981Z: [    2.394706] Asymmetric key parser 'x509' registered
[STDERR  ] 2018-04-05T20:51:17.459343505Z: [    2.399166] Block layer SCSI generic (bsg) driver version 0.4 loaded (major 247)
[STDERR  ] 2018-04-05T20:51:17.459356974Z: [    2.406027] io scheduler noop registered
[STDERR  ] 2018-04-05T20:51:17.459371251Z: [    2.409601] io scheduler deadline registered (default)
[STDERR  ] 2018-04-05T20:51:17.459384808Z: [    2.414681] io scheduler cfq registered
[STDERR  ] 2018-04-05T20:51:17.459398679Z: [    2.418246] io scheduler mq-deadline registered (default)
[STDERR  ] 2018-04-05T20:51:17.459412330Z: [    2.423242] io scheduler kyber registered
[STDERR  ] 2018-04-05T20:51:17.459425679Z: [    2.427371] shpchp: Standard Hot Plug PCI Controller Driver version: 0.4
[STDERR  ] 2018-04-05T20:51:17.459438837Z: [    2.433577] hv_vmbus: registering driver hyperv_fb
[STDERR  ] 2018-04-05T20:51:17.459455751Z: [    2.438180] input: Power Button as /devices/LNXSYSTM:00/LNXPWRBN:00/input/input0
[STDERR  ] 2018-04-05T20:51:17.459469532Z: [    2.444909] ACPI: Power Button [PWRF]
[STDERR  ] 2018-04-05T20:51:17.459480439Z: [    2.449546] ACPI: PCI Interrupt Link [GSIG] enabled at IRQ 22
[STDERR  ] 2018-04-05T20:51:17.459488105Z: [    2.460480] ACPI: PCI Interrupt Link [GSIH] enabled at IRQ 23
[STDERR  ] 2018-04-05T20:51:17.459495852Z: [    2.471245] Serial: 8250/16550 driver, 4 ports, IRQ sharing disabled
[STDERR  ] 2018-04-05T20:51:17.459503658Z: [    2.509392] 00:04: ttyS0 at I/O 0x3f8 (irq = 4, base_baud = 115200) is a 16550A
[STDERR  ] 2018-04-05T20:51:17.459511237Z: [    2.517586] Non-volatile memory driver v1.3
[STDERR  ] 2018-04-05T20:51:17.459525019Z: [    2.523060] Hangcheck: starting hangcheck timer 0.9.1 (tick is 180 seconds, margin is 60 seconds).
[STDERR  ] 2018-04-05T20:51:17.459533194Z: [    2.531832] random: crng init done
[STDERR  ] 2018-04-05T20:51:17.459540931Z: [    2.545134] brd: module loaded
[STDERR  ] 2018-04-05T20:51:17.459551136Z: [    2.558643] loop: module loaded
[STDERR  ] 2018-04-05T20:51:17.459558812Z: [    2.571235] lpc_ich 0000:00:1f.0: I/O space for GPIO uninitialized
[STDERR  ] 2018-04-05T20:51:17.459566633Z: [    2.577208] VMware PVSCSI driver - version 1.0.7.0-k
[STDERR  ] 2018-04-05T20:51:17.459574236Z: [    2.581980] hv_vmbus: registering driver hv_storvsc
[STDERR  ] 2018-04-05T20:51:17.459581872Z: [    2.587090] ACPI: PCI Interrupt Link [GSIA] enabled at IRQ 16
[STDERR  ] 2018-04-05T20:51:17.459589556Z: [    2.595164] ahci 0000:00:1f.2: AHCI 0001.0000 32 slots 6 ports 1.5 Gbps 0x3f impl SATA mode
[STDERR  ] 2018-04-05T20:51:17.459597666Z: [    2.602940] ahci 0000:00:1f.2: flags: 64bit ncq only 
[STDERR  ] 2018-04-05T20:51:17.459605233Z: [    2.610645] scsi host0: ahci
[STDERR  ] 2018-04-05T20:51:17.459614656Z: [    2.613493] scsi host1: ahci
[STDERR  ] 2018-04-05T20:51:17.459624958Z: [    2.616313] scsi host2: ahci
[STDERR  ] 2018-04-05T20:51:17.459632791Z: [    2.619284] scsi host3: ahci
[STDERR  ] 2018-04-05T20:51:17.459640275Z: [    2.622177] scsi host4: ahci
[STDERR  ] 2018-04-05T20:51:17.459647751Z: [    2.625052] scsi host5: ahci
[STDERR  ] 2018-04-05T20:51:17.459655451Z: [    2.627893] ata1: SATA max UDMA/133 abar m4096@0xfebd2000 port 0xfebd2100 irq 24
[STDERR  ] 2018-04-05T20:51:17.459666783Z: [    2.634679] ata2: SATA max UDMA/133 abar m4096@0xfebd2000 port 0xfebd2180 irq 24
[STDERR  ] 2018-04-05T20:51:17.459674513Z: [    2.641572] ata3: SATA max UDMA/133 abar m4096@0xfebd2000 port 0xfebd2200 irq 24
[STDERR  ] 2018-04-05T20:51:17.459682228Z: [    2.648169] ata4: SATA max UDMA/133 abar m4096@0xfebd2000 port 0xfebd2280 irq 24
[STDERR  ] 2018-04-05T20:51:17.459689651Z: [    2.654965] ata5: SATA max UDMA/133 abar m4096@0xfebd2000 port 0xfebd2300 irq 24
[STDERR  ] 2018-04-05T20:51:17.459697253Z: [    2.661678] ata6: SATA max UDMA/133 abar m4096@0xfebd2000 port 0xfebd2380 irq 24
[STDERR  ] 2018-04-05T20:51:17.459707999Z: [    2.670276] tun: Universal TUN/TAP device driver, 1.6
[STDERR  ] 2018-04-05T20:51:17.459715913Z: [    2.679441] VMware vmxnet3 virtual NIC driver - version 1.4.a.0-k-NAPI
[STDERR  ] 2018-04-05T20:51:17.459723376Z: [    2.685833] hv_vmbus: registering driver hv_netvsc
[STDERR  ] 2018-04-05T20:51:17.459730908Z: [    2.690372] Fusion MPT base driver 3.04.20
[STDERR  ] 2018-04-05T20:51:17.459738403Z: [    2.694209] Copyright (c) 1999-2008 LSI Corporation
[STDERR  ] 2018-04-05T20:51:17.459746031Z: [    2.698736] Fusion MPT SPI Host driver 3.04.20
[STDERR  ] 2018-04-05T20:51:17.459753608Z: [    2.703096] i8042: PNP: PS/2 Controller [PNP0303:KBD,PNP0f13:MOU] at 0x60,0x64 irq 1,12
[STDERR  ] 2018-04-05T20:51:17.459761564Z: [    2.713388] serio: i8042 KBD port at 0x60,0x64 irq 1
[STDERR  ] 2018-04-05T20:51:17.459769206Z: [    2.717923] serio: i8042 AUX port at 0x60,0x64 irq 12
[STDERR  ] 2018-04-05T20:51:17.459776907Z: [    2.722733] hv_vmbus: registering driver hyperv_keyboard
[STDERR  ] 2018-04-05T20:51:17.459786699Z: [    2.727750] mousedev: PS/2 mouse device common for all mice
[STDERR  ] 2018-04-05T20:51:17.459794623Z: [    2.734155] input: AT Translated Set 2 keyboard as /devices/platform/i8042/serio0/input/input1
[STDERR  ] 2018-04-05T20:51:17.459802636Z: [    2.742064] input: PC Speaker as /devices/platform/pcspkr/input/input2
[STDERR  ] 2018-04-05T20:51:17.459810160Z: [    2.748904] rtc_cmos 00:00: RTC can wake from S4
[STDERR  ] 2018-04-05T20:51:17.459817696Z: [    2.754607] rtc_cmos 00:00: rtc core: registered rtc_cmos as rtc0
[STDERR  ] 2018-04-05T20:51:17.459833449Z: [    2.761026] rtc_cmos 00:00: alarms up to one day, y3k, 114 bytes nvram, hpet irqs
[STDERR  ] 2018-04-05T20:51:17.459841253Z: [    2.767842] i2c /dev entries driver
[STDERR  ] 2018-04-05T20:51:17.459855333Z: [    2.771330] device-mapper: ioctl: 4.37.0-ioctl (2017-09-20) initialised: dm-devel@redhat.com
[STDERR  ] 2018-04-05T20:51:17.459863620Z: [    2.779878] usbcore: registered new interface driver usbhid
[STDERR  ] 2018-04-05T20:51:17.459871580Z: [    2.785284] usbhid: USB HID core driver
[STDERR  ] 2018-04-05T20:51:17.459879946Z: [    2.788996] hv_utils: Registering HyperV Utility Driver
[STDERR  ] 2018-04-05T20:51:17.459887701Z: [    2.793986] hv_vmbus: registering driver hv_util
[STDERR  ] 2018-04-05T20:51:17.459895349Z: [    2.798153] hv_vmbus: registering driver hv_balloon
[STDERR  ] 2018-04-05T20:51:17.459903041Z: [    2.802611] oprofile: using NMI interrupt.
[STDERR  ] 2018-04-05T20:51:17.459910643Z: [    2.806379] GACT probability on
[STDERR  ] 2018-04-05T20:51:17.459918524Z: [    2.809257] Mirror/redirect action on
[STDERR  ] 2018-04-05T20:51:17.459928603Z: [    2.812669] Simple TC action Loaded
[STDERR  ] 2018-04-05T20:51:17.459938479Z: [    2.815857] u32 classifier
[STDERR  ] 2018-04-05T20:51:17.459946427Z: [    2.818367]     Performance counters on
[STDERR  ] 2018-04-05T20:51:17.459954299Z: [    2.821931]     input device check on
[STDERR  ] 2018-04-05T20:51:17.459961961Z: [    2.825255]     Actions configured
[STDERR  ] 2018-04-05T20:51:17.459969551Z: [    2.828407] Netfilter messages via NETLINK v0.30.
[STDERR  ] 2018-04-05T20:51:17.459977110Z: [    2.832729] nfnl_acct: registering with nfnetlink.
[STDERR  ] 2018-04-05T20:51:17.459985034Z: [    2.837210] nf_conntrack version 0.5.0 (8192 buckets, 32768 max)
[STDERR  ] 2018-04-05T20:51:17.459992655Z: [    2.842767] ctnetlink v0.93: registering with nfnetlink.
[STDERR  ] 2018-04-05T20:51:17.460000435Z: [    2.847625] nf_tables: (c) 2007-2009 Patrick McHardy <kaber@trash.net>
[STDERR  ] 2018-04-05T20:51:17.460007993Z: [    2.853598] nf_tables_compat: (c) 2012 Pablo Neira Ayuso <pablo@netfilter.org>
[STDERR  ] 2018-04-05T20:51:17.460018384Z: [    2.860391] xt_time: kernel timezone is -0000
[STDERR  ] 2018-04-05T20:51:17.460026150Z: [    2.864352] ip_set: protocol 6
[STDERR  ] 2018-04-05T20:51:17.460033953Z: [    2.867156] IPVS: Registered protocols (TCP, UDP, SCTP, AH, ESP)
[STDERR  ] 2018-04-05T20:51:17.460041497Z: [    2.872704] IPVS: Connection hash table configured (size=4096, memory=64Kbytes)
[STDERR  ] 2018-04-05T20:51:17.460053585Z: [    2.879339] IPVS: ipvs loaded.
[STDERR  ] 2018-04-05T20:51:17.460061654Z: [    2.882446] IPVS: [rr] scheduler registered.
[STDERR  ] 2018-04-05T20:51:17.460069234Z: [    2.886355] IPVS: [wrr] scheduler registered.
[STDERR  ] 2018-04-05T20:51:17.460076782Z: [    2.890758] IPVS: [lc] scheduler registered.
[STDERR  ] 2018-04-05T20:51:17.460086267Z: [    2.894748] IPVS: [wlc] scheduler registered.
[STDERR  ] 2018-04-05T20:51:17.460094184Z: [    2.899088] IPVS: [fo] scheduler registered.
[STDERR  ] 2018-04-05T20:51:17.460101813Z: [    2.903065] IPVS: [ovf] scheduler registered.
[STDERR  ] 2018-04-05T20:51:17.460109268Z: [    2.907408] IPVS: [lblc] scheduler registered.
[STDERR  ] 2018-04-05T20:51:17.460116715Z: [    2.911590] IPVS: [lblcr] scheduler registered.
[STDERR  ] 2018-04-05T20:51:17.460124257Z: [    2.916058] IPVS: [dh] scheduler registered.
[STDERR  ] 2018-04-05T20:51:17.460131668Z: [    2.919895] IPVS: [sh] scheduler registered.
[STDERR  ] 2018-04-05T20:51:17.460139231Z: [    2.924104] IPVS: [sed] scheduler registered.
[STDERR  ] 2018-04-05T20:51:17.460146858Z: [    2.928022] IPVS: [nq] scheduler registered.
[STDERR  ] 2018-04-05T20:51:17.460154402Z: [    2.932228] IPVS: ftp: loaded support on port[0] = 21
[STDERR  ] 2018-04-05T20:51:17.460161875Z: [    2.936827] ipip: IPv4 and MPLS over IPv4 tunneling driver
[STDERR  ] 2018-04-05T20:51:17.460169437Z: [    2.942224] gre: GRE over IPv4 demultiplexor driver
[STDERR  ] 2018-04-05T20:51:17.460178619Z: [    2.946662] ip_tables: (C) 2000-2006 Netfilter Core Team
[STDERR  ] 2018-04-05T20:51:17.460188592Z: [    2.951848] ipt_CLUSTERIP: ClusterIP Version 0.8 loaded successfully
[STDERR  ] 2018-04-05T20:51:17.460196296Z: [    2.957881] arp_tables: arp_tables: (C) 2002 David S. Miller
[STDERR  ] 2018-04-05T20:51:17.460210108Z: [    2.963367] NET: Registered protocol family 10
[STDERR  ] 2018-04-05T20:51:17.460218085Z: [    2.967789] Segment Routing with IPv6
[STDERR  ] 2018-04-05T20:51:17.460227974Z: [    2.971464] ip6_tables: (C) 2000-2006 Netfilter Core Team
[STDERR  ] 2018-04-05T20:51:17.460235826Z: [    2.976899] NET: Registered protocol family 17
[STDERR  ] 2018-04-05T20:51:17.460243318Z: [    2.981081] Bridge firewalling registered
[STDERR  ] 2018-04-05T20:51:17.460250762Z: [    2.985066] Ebtables v2.0 registered
[STDERR  ] 2018-04-05T20:51:17.460258278Z: [    2.988321] 8021q: 802.1Q VLAN Support v1.8
[STDERR  ] 2018-04-05T20:51:17.460267643Z: [    2.992713] ata2: SATA link down (SStatus 0 SControl 300)
[STDERR  ] 2018-04-05T20:51:17.460275071Z: [    2.998198] ata1: SATA link down (SStatus 0 SControl 300)
[STDERR  ] 2018-04-05T20:51:17.460282536Z: [    3.003842] ata6: SATA link down (SStatus 0 SControl 300)
[STDERR  ] 2018-04-05T20:51:17.460290054Z: [    3.009388] ata5: SATA link down (SStatus 0 SControl 300)
[STDERR  ] 2018-04-05T20:51:17.460297588Z: [    3.015190] ata4: SATA link down (SStatus 0 SControl 300)
[STDERR  ] 2018-04-05T20:51:17.460305005Z: [    3.020875] ata3: SATA link up 1.5 Gbps (SStatus 113 SControl 300)
[STDERR  ] 2018-04-05T20:51:17.460312505Z: [    3.026919] ata3.00: ATAPI: QEMU DVD-ROM, 2.5+, max UDMA/100
[STDERR  ] 2018-04-05T20:51:17.460320029Z: [    3.032117] ata3.00: applying bridge limits
[STDERR  ] 2018-04-05T20:51:17.460327359Z: [    3.036246] 9pnet: Installing 9P2000 support
[STDERR  ] 2018-04-05T20:51:17.460334619Z: [    3.040232] Key type dns_resolver registered
[STDERR  ] 2018-04-05T20:51:17.460341912Z: [    3.044676] registered taskstats version 1
[STDERR  ] 2018-04-05T20:51:17.460349169Z: [    3.048822] ata3.00: configured for UDMA/100
[STDERR  ] 2018-04-05T20:51:17.460356496Z: [    3.057357] scsi 2:0:0:0: CD-ROM            QEMU     QEMU DVD-ROM     2.5+ PQ: 0 ANSI: 5
[STDERR  ] 2018-04-05T20:51:17.460364201Z: [    3.069442] Key type big_key registered
[STDERR  ] 2018-04-05T20:51:17.460371728Z: [    3.076500] Key type trusted registered
[STDERR  ] 2018-04-05T20:51:17.460379032Z: [    3.083527] Key type encrypted registered
[STDERR  ] 2018-04-05T20:51:17.460389612Z: [    3.087648] ima: No TPM chip found, activating TPM-bypass! (rc=-19)
[STDERR  ] 2018-04-05T20:51:17.460397612Z: [    3.094308] sr 2:0:0:0: [sr0] scsi3-mmc drive: 4x/4x cd/rw xa/form2 tray
[STDERR  ] 2018-04-05T20:51:17.460405115Z: [    3.100633] cdrom: Uniform CD-ROM driver Revision: 3.20
[STDERR  ] 2018-04-05T20:51:17.460412413Z: [    3.105779] evm: HMAC attrs: 0x1
[STDERR  ] 2018-04-05T20:51:17.460419900Z: [    3.110664] sr 2:0:0:0: Attached scsi generic sg0 type 5
[STDERR  ] 2018-04-05T20:51:17.460427306Z: [    3.116423] rtc_cmos 00:00: setting system clock to 2018-04-05 20:51:12 UTC (1522961472)
[STDERR  ] 2018-04-05T20:51:17.460434932Z: [    3.128176] Freeing unused kernel memory: 1516K
[STDERR  ] 2018-04-05T20:51:17.460442300Z: [    3.132496] Write protecting the kernel read-only data: 18432k
[STDERR  ] 2018-04-05T20:51:17.460449819Z: [    3.139114] Freeing unused kernel memory: 2024K
[STDERR  ] 2018-04-05T20:51:17.460457340Z: [    3.146751] Freeing unused kernel memory: 1084K
[STDERR  ] 2018-04-05T20:51:17.460464679Z: 
[STDERR  ] 2018-04-05T20:51:17.460472216Z: Welcome to LinuxKit
[STDERR  ] 2018-04-05T20:51:17.460479729Z: 
[STDERR  ] 2018-04-05T20:51:17.460487049Z:                         ##         .
[STDERR  ] 2018-04-05T20:51:17.460494517Z:                   ## ## ##        ==
[STDERR  ] 2018-04-05T20:51:17.460501944Z:                ## ## ## ## ##    ===
[STDERR  ] 2018-04-05T20:51:17.460515947Z:            /"""""""""""""""""\___/ ===
[STDERR  ] 2018-04-05T20:51:17.460529452Z:           {                       /  ===-
[STDERR  ] 2018-04-05T20:51:17.460544832Z:            \______ O           __/
[STDERR  ] 2018-04-05T20:51:17.460557377Z:              \    \         __/
[STDERR  ] 2018-04-05T20:51:17.460569809Z:               \____\_______/
[STDERR  ] 2018-04-05T20:51:17.460588926Z: 
[STDERR  ] 2018-04-05T20:51:17.460599025Z: [    3.636258] hello_world: loading out-of-tree module taints kernel.
[STDERR  ] 2018-04-05T20:51:17.460607091Z: [    3.642945] Hello LinuxKit
[STDERR  ] 2018-04-05T20:51:17.460615227Z: [    3.649044] Goodbye LinuxKit.
[STDERR  ] 2018-04-05T20:51:17.460622834Z: Linux linuxkit-1aa9ea2183aa 4.15.15-linuxkit #1 SMP Sun Apr 1 17:00:39 UTC 2018 x86_64 Linux
[STDERR  ] 2018-04-05T20:51:17.460633334Z: filename:       hello_world.ko
[STDERR  ] 2018-04-05T20:51:17.460642988Z: author:         Rolf Neugebauer <rolf.neugebauer@docker.com>
[STDERR  ] 2018-04-05T20:51:17.460653134Z: description:    A simple Hello World kernel module for testing
[STDERR  ] 2018-04-05T20:51:17.460660737Z: license:        GPL
[STDERR  ] 2018-04-05T20:51:17.460668617Z: depends:        
[STDERR  ] 2018-04-05T20:51:17.460676256Z: vermagic:       4.15.15-linuxkit SMP mod_unload modversions RANDSTRUCT_PLUGIN_8a1054c1ea521edb1d979a7c9c1238be039a7927983290b4fb71358907640b35
[STDERR  ] 2018-04-05T20:51:17.460684937Z: Kernel module test suite PASSED
[STDERR  ] 2018-04-05T20:51:17.460692703Z: [    6.734649] ACPI: Preparing to enter system sleep state S5
[STDERR  ] 2018-04-05T20:51:17.460700368Z: [    6.740983] reboot: Power down
[STDERR  ] 2018-04-05T20:51:17.460707968Z: + grep -q Hello LinuxKit
[STDERR  ] 2018-04-05T20:51:17.460715723Z: + echo [    0.000000] Linux version 4.15.15-linuxkit (root@1addec4162a6) (gcc version 6.4.0 (Alpine 6.4.0)) #1 SMP Sun Apr 1 17:00:39 UTC 2018
[STDERR  ] 2018-04-05T20:51:17.460723370Z: [    0.000000] Command line: console=ttyS0 console=ttyAMA0
[STDERR  ] 2018-04-05T20:51:17.460731037Z: [    0.000000] x86/fpu: x87 FPU will use FXSAVE
[STDERR  ] 2018-04-05T20:51:17.460738384Z: [    0.000000] e820: BIOS-provided physical RAM map:
[STDERR  ] 2018-04-05T20:51:17.460745863Z: [    0.000000] BIOS-e820: [mem 0x0000000000000000-0x000000000009fbff] usable
[STDERR  ] 2018-04-05T20:51:17.460753828Z: [    0.000000] BIOS-e820: [mem 0x000000000009fc00-0x000000000009ffff] reserved
[STDERR  ] 2018-04-05T20:51:17.460761364Z: [    0.000000] BIOS-e820: [mem 0x00000000000f0000-0x00000000000fffff] reserved
[STDERR  ] 2018-04-05T20:51:17.460768876Z: [    0.000000] BIOS-e820: [mem 0x0000000000100000-0x000000003ffdefff] usable
[STDERR  ] 2018-04-05T20:51:17.460780314Z: [    0.000000] BIOS-e820: [mem 0x000000003ffdf000-0x000000003fffffff] reserved
[STDERR  ] 2018-04-05T20:51:17.460790170Z: [    0.000000] BIOS-e820: [mem 0x00000000b0000000-0x00000000bfffffff] reserved
[STDERR  ] 2018-04-05T20:51:17.460797667Z: [    0.000000] BIOS-e820: [mem 0x00000000fed1c000-0x00000000fed1ffff] reserved
[STDERR  ] 2018-04-05T20:51:17.460805203Z: [    0.000000] BIOS-e820: [mem 0x00000000feffc000-0x00000000feffffff] reserved
[STDERR  ] 2018-04-05T20:51:17.460812561Z: [    0.000000] BIOS-e820: [mem 0x00000000fffc0000-0x00000000ffffffff] reserved
[STDERR  ] 2018-04-05T20:51:17.460820262Z: [    0.000000] NX (Execute Disable) protection: active
[STDERR  ] 2018-04-05T20:51:17.460835321Z: [    0.000000] random: fast init done
[STDERR  ] 2018-04-05T20:51:17.460842977Z: [    0.000000] SMBIOS 2.8 present.
[STDERR  ] 2018-04-05T20:51:17.460852478Z: [    0.000000] DMI: QEMU Standard PC (Q35 + ICH9, 2009), BIOS rel-1.10.2-0-g5f4c7b1-prebuilt.qemu-project.org 04/01/2014
[STDERR  ] 2018-04-05T20:51:17.460864248Z: [    0.000000] Hypervisor detected: KVM
[STDERR  ] 2018-04-05T20:51:17.460872089Z: [    0.000000] e820: last_pfn = 0x3ffdf max_arch_pfn = 0x400000000
[STDERR  ] 2018-04-05T20:51:17.460879851Z: [    0.000000] x86/PAT: PAT not supported by CPU.
[STDERR  ] 2018-04-05T20:51:17.460887442Z: [    0.000000] x86/PAT: Configuration [0-7]: WB  WT  UC- UC  WB  WT  UC- UC  
[STDERR  ] 2018-04-05T20:51:17.460895231Z: [    0.000000] found SMP MP-table at [mem 0x000f6aa0-0x000f6aaf] mapped at [        (ptrval)]
[STDERR  ] 2018-04-05T20:51:17.460903186Z: [    0.000000] RAMDISK: [mem 0x3e58e000-0x3ffcffff]
[STDERR  ] 2018-04-05T20:51:17.460910741Z: [    0.000000] ACPI: Early table checksum verification disabled
[STDERR  ] 2018-04-05T20:51:17.460922445Z: [    0.000000] ACPI: RSDP 0x00000000000F68B0 000014 (v00 BOCHS )
[STDERR  ] 2018-04-05T20:51:17.460930484Z: [    0.000000] ACPI: RSDT 0x000000003FFE20A8 000034 (v01 BOCHS  BXPCRSDT 00000001 BXPC 00000001)
[STDERR  ] 2018-04-05T20:51:17.460938658Z: [    0.000000] ACPI: FACP 0x000000003FFE1EC8 0000F4 (v03 BOCHS  BXPCFACP 00000001 BXPC 00000001)
[STDERR  ] 2018-04-05T20:51:17.460946325Z: [    0.000000] ACPI: DSDT 0x000000003FFE0040 001E88 (v01 BOCHS  BXPCDSDT 00000001 BXPC 00000001)
[STDERR  ] 2018-04-05T20:51:17.460953835Z: [    0.000000] ACPI: FACS 0x000000003FFE0000 000040
[STDERR  ] 2018-04-05T20:51:17.460961435Z: [    0.000000] ACPI: APIC 0x000000003FFE1FBC 000078 (v01 BOCHS  BXPCAPIC 00000001 BXPC 00000001)
[STDERR  ] 2018-04-05T20:51:17.460969031Z: [    0.000000] ACPI: HPET 0x000000003FFE2034 000038 (v01 BOCHS  BXPCHPET 00000001 BXPC 00000001)
[STDERR  ] 2018-04-05T20:51:17.460976646Z: [    0.000000] ACPI: MCFG 0x000000003FFE206C 00003C (v01 BOCHS  BXPCMCFG 00000001 BXPC 00000001)
[STDERR  ] 2018-04-05T20:51:17.460984124Z: [    0.000000] kvm-clock: cpu 0, msr 0:3ffdc001, primary cpu clock
[STDERR  ] 2018-04-05T20:51:17.460991826Z: [    0.000000] kvm-clock: Using msrs 4b564d01 and 4b564d00
[STDERR  ] 2018-04-05T20:51:17.460999458Z: [    0.000000] clocksource: kvm-clock: mask: 0xffffffffffffffff max_cycles: 0x1cd42e4dffb, max_idle_ns: 881590591483 ns
[STDERR  ] 2018-04-05T20:51:17.461007731Z: [    0.000000] Zone ranges:
[STDERR  ] 2018-04-05T20:51:17.461015295Z: [    0.000000]   DMA      [mem 0x0000000000001000-0x0000000000ffffff]
[STDERR  ] 2018-04-05T20:51:17.461022945Z: [    0.000000]   DMA32    [mem 0x0000000001000000-0x000000003ffdefff]
[STDERR  ] 2018-04-05T20:51:17.461030355Z: [    0.000000]   Normal   empty
[STDERR  ] 2018-04-05T20:51:17.461037867Z: [    0.000000]   Device   empty
[STDERR  ] 2018-04-05T20:51:17.461045293Z: [    0.000000] Movable zone start for each node
[STDERR  ] 2018-04-05T20:51:17.461052725Z: [    0.000000] Early memory node ranges
[STDERR  ] 2018-04-05T20:51:17.461060196Z: [    0.000000]   node   0: [mem 0x0000000000001000-0x000000000009efff]
[STDERR  ] 2018-04-05T20:51:17.461067727Z: [    0.000000]   node   0: [mem 0x0000000000100000-0x000000003ffdefff]
[STDERR  ] 2018-04-05T20:51:17.461078429Z: [    0.000000] Initmem setup node 0 [mem 0x0000000000001000-0x000000003ffdefff]
[STDERR  ] 2018-04-05T20:51:17.461089882Z: [    0.000000] Reserved but unavailable: 98 pages
[STDERR  ] 2018-04-05T20:51:17.461097719Z: [    0.000000] ACPI: PM-Timer IO Port: 0x608
[STDERR  ] 2018-04-05T20:51:17.461105309Z: [    0.000000] ACPI: LAPIC_NMI (acpi_id[0xff] dfl dfl lint[0x1])
[STDERR  ] 2018-04-05T20:51:17.461115203Z: [    0.000000] IOAPIC[0]: apic_id 0, version 17, address 0xfec00000, GSI 0-23
[STDERR  ] 2018-04-05T20:51:17.461122989Z: [    0.000000] ACPI: INT_SRC_OVR (bus 0 bus_irq 0 global_irq 2 dfl dfl)
[STDERR  ] 2018-04-05T20:51:17.461130600Z: [    0.000000] ACPI: INT_SRC_OVR (bus 0 bus_irq 5 global_irq 5 high level)
[STDERR  ] 2018-04-05T20:51:17.461138086Z: [    0.000000] ACPI: INT_SRC_OVR (bus 0 bus_irq 9 global_irq 9 high level)
[STDERR  ] 2018-04-05T20:51:17.461146778Z: [    0.000000] ACPI: INT_SRC_OVR (bus 0 bus_irq 10 global_irq 10 high level)
[STDERR  ] 2018-04-05T20:51:17.461159599Z: [    0.000000] ACPI: INT_SRC_OVR (bus 0 bus_irq 11 global_irq 11 high level)
[STDERR  ] 2018-04-05T20:51:17.461176730Z: [    0.000000] Using ACPI (MADT) for SMP configuration information
[STDERR  ] 2018-04-05T20:51:17.461189965Z: [    0.000000] ACPI: HPET id: 0x8086a201 base: 0xfed00000
[STDERR  ] 2018-04-05T20:51:17.461202925Z: [    0.000000] smpboot: Allowing 1 CPUs, 0 hotplug CPUs
[STDERR  ] 2018-04-05T20:51:17.461210509Z: [    0.000000] e820: [mem 0x40000000-0xafffffff] available for PCI devices
[STDERR  ] 2018-04-05T20:51:17.461218213Z: [    0.000000] Booting paravirtualized kernel on KVM
[STDERR  ] 2018-04-05T20:51:17.461225979Z: [    0.000000] clocksource: refined-jiffies: mask: 0xffffffff max_cycles: 0xffffffff, max_idle_ns: 19112604462750000 ns
[STDERR  ] 2018-04-05T20:51:17.461236174Z: [    0.000000] setup_percpu: NR_CPUS:128 nr_cpumask_bits:128 nr_cpu_ids:1 nr_node_ids:1
[STDERR  ] 2018-04-05T20:51:17.461249490Z: [    0.000000] percpu: Embedded 44 pages/cpu @        (ptrval) s142936 r8192 d29096 u2097152
[STDERR  ] 2018-04-05T20:51:17.461259587Z: [    0.000000] KVM setup async PF for cpu 0
[STDERR  ] 2018-04-05T20:51:17.461269604Z: [    0.000000] kvm-stealtime: cpu 0, msr 3e215f40
[STDERR  ] 2018-04-05T20:51:17.461277387Z: [    0.000000] Built 1 zonelists, mobility grouping on.  Total pages: 257896
[STDERR  ] 2018-04-05T20:51:17.461285241Z: [    0.000000] Kernel command line: console=ttyS0 console=ttyAMA0
[STDERR  ] 2018-04-05T20:51:17.461295287Z: [    0.000000] Dentry cache hash table entries: 131072 (order: 8, 1048576 bytes)
[STDERR  ] 2018-04-05T20:51:17.461303046Z: [    0.000000] Inode-cache hash table entries: 65536 (order: 7, 524288 bytes)
[STDERR  ] 2018-04-05T20:51:17.461310859Z: [    0.000000] Memory: 977884K/1048052K available (12300K kernel code, 1480K rwdata, 3012K rodata, 1516K init, 632K bss, 70168K reserved, 0K cma-reserved)
[STDERR  ] 2018-04-05T20:51:17.461319103Z: [    0.000000] Kernel/User page tables isolation: enabled
[STDERR  ] 2018-04-05T20:51:17.461326567Z: [    0.000000] ftrace: allocating 41309 entries in 162 pages
[STDERR  ] 2018-04-05T20:51:17.461334113Z: [    0.010000] Hierarchical RCU implementation.
[STDERR  ] 2018-04-05T20:51:17.461343551Z: [    0.010000] 	RCU restricting CPUs from NR_CPUS=128 to nr_cpu_ids=1.
[STDERR  ] 2018-04-05T20:51:17.461353640Z: [    0.010000] RCU: Adjusting geometry for rcu_fanout_leaf=16, nr_cpu_ids=1
[STDERR  ] 2018-04-05T20:51:17.461361091Z: [    0.010000] NR_IRQS: 8448, nr_irqs: 256, preallocated irqs: 16
[STDERR  ] 2018-04-05T20:51:17.461371291Z: [    0.010000] Console: colour VGA+ 80x25
[STDERR  ] 2018-04-05T20:51:17.461378759Z: [    0.010000] console [ttyS0] enabled
[STDERR  ] 2018-04-05T20:51:17.461386328Z: [    0.010000] ACPI: Core revision 20170831
[STDERR  ] 2018-04-05T20:51:17.461393611Z: [    0.010000] ACPI: 1 ACPI AML tables successfully acquired and loaded
[STDERR  ] 2018-04-05T20:51:17.461401153Z: [    0.010000] clocksource: hpet: mask: 0xffffffff max_cycles: 0xffffffff, max_idle_ns: 19112604467 ns
[STDERR  ] 2018-04-05T20:51:17.461412907Z: [    0.010050] APIC: Switch to symmetric I/O mode setup
[STDERR  ] 2018-04-05T20:51:17.461421120Z: [    0.016165] x2apic enabled
[STDERR  ] 2018-04-05T20:51:17.461428847Z: [    0.020022] Switched APIC routing to physical x2apic.
[STDERR  ] 2018-04-05T20:51:17.461436368Z: [    0.032415] ..TIMER: vector=0x30 apic1=0 pin1=2 apic2=-1 pin2=-1
[STDERR  ] 2018-04-05T20:51:17.461444038Z: [    0.038028] tsc: Detected 2300.000 MHz processor
[STDERR  ] 2018-04-05T20:51:17.461451481Z: [    0.040026] Calibrating delay loop (skipped) preset value.. 4600.00 BogoMIPS (lpj=23000000)
[STDERR  ] 2018-04-05T20:51:17.461459401Z: [    0.047428] pid_max: default: 32768 minimum: 301
[STDERR  ] 2018-04-05T20:51:17.461467041Z: [    0.050114] Security Framework initialized
[STDERR  ] 2018-04-05T20:51:17.461476191Z: [    0.053928] Yama: becoming mindful.
[STDERR  ] 2018-04-05T20:51:17.461489920Z: [    0.060063] Mount-cache hash table entries: 2048 (order: 2, 16384 bytes)
[STDERR  ] 2018-04-05T20:51:17.461507057Z: [    0.065977] Mountpoint-cache hash table entries: 2048 (order: 2, 16384 bytes)
[STDERR  ] 2018-04-05T20:51:17.461515428Z: [    0.070762] CPU: Physical Processor ID: 0
[STDERR  ] 2018-04-05T20:51:17.461523115Z: [    0.080050] Last level iTLB entries: 4KB 0, 2MB 0, 4MB 0
[STDERR  ] 2018-04-05T20:51:17.461530882Z: [    0.085056] Last level dTLB entries: 4KB 0, 2MB 0, 4MB 0, 1GB 0
[STDERR  ] 2018-04-05T20:51:17.461538491Z: [    0.090010] Spectre V2 : Vulnerable: Minimal generic ASM retpoline
[STDERR  ] 2018-04-05T20:51:17.461546337Z: [    0.104525] Freeing SMP alternatives memory: 20K
[STDERR  ] 2018-04-05T20:51:17.461556125Z: [    0.110000] smpboot: CPU0: Intel QEMU Virtual CPU version 2.5+ (family: 0x6, model: 0x6, stepping: 0x3)
[STDERR  ] 2018-04-05T20:51:17.461569424Z: [    0.110000] Performance Events: PMU not available due to virtualization, using software events only.
[STDERR  ] 2018-04-05T20:51:17.461595047Z: [    0.120385] Hierarchical SRCU implementation.
[STDERR  ] 2018-04-05T20:51:17.461609491Z: [    0.124461] NMI watchdog: Perf event create on CPU 0 failed with -2
[STDERR  ] 2018-04-05T20:51:17.461622658Z: [    0.130010] NMI watchdog: Perf NMI watchdog permanently disabled
[STDERR  ] 2018-04-05T20:51:17.461639424Z: [    0.140103] smp: Bringing up secondary CPUs ...
[STDERR  ] 2018-04-05T20:51:17.461653258Z: [    0.144183] smp: Brought up 1 node, 1 CPU
[STDERR  ] 2018-04-05T20:51:17.461669955Z: [    0.147817] smpboot: Max logical packages: 1
[STDERR  ] 2018-04-05T20:51:17.461684238Z: [    0.150010] smpboot: Total of 1 processors activated (4600.00 BogoMIPS)
[STDERR  ] 2018-04-05T20:51:17.461697162Z: [    0.156775] devtmpfs: initialized
[STDERR  ] 2018-04-05T20:51:17.461710382Z: [    0.160095] x86/mm: Memory block size: 128MB
[STDERR  ] 2018-04-05T20:51:17.461718298Z: [    0.164332] evm: security.ima
[STDERR  ] 2018-04-05T20:51:17.461726009Z: [    0.167130] evm: security.capability
[STDERR  ] 2018-04-05T20:51:17.461733745Z: [    0.170191] clocksource: jiffies: mask: 0xffffffff max_cycles: 0xffffffff, max_idle_ns: 19112604462750000 ns
[STDERR  ] 2018-04-05T20:51:17.461742068Z: [    0.180030] futex hash table entries: 256 (order: 2, 16384 bytes)
[STDERR  ] 2018-04-05T20:51:17.461749835Z: [    0.185741] NET: Registered protocol family 16
[STDERR  ] 2018-04-05T20:51:17.461757299Z: [    0.190190] audit: initializing netlink subsys (disabled)
[STDERR  ] 2018-04-05T20:51:17.461764793Z: [    0.195196] cpuidle: using governor ladder
[STDERR  ] 2018-04-05T20:51:17.461772348Z: [    0.200015] audit: type=2000 audit(1522961469.976:1): state=initialized audit_enabled=0 res=1
[STDERR  ] 2018-04-05T20:51:17.461780053Z: [    0.207669] cpuidle: using governor menu
[STDERR  ] 2018-04-05T20:51:17.461787562Z: [    0.210124] ACPI: bus type PCI registered
[STDERR  ] 2018-04-05T20:51:17.461795073Z: [    0.214259] PCI: MMCONFIG for domain 0000 [bus 00-ff] at [mem 0xb0000000-0xbfffffff] (base 0xb0000000)
[STDERR  ] 2018-04-05T20:51:17.461802709Z: [    0.220018] PCI: MMCONFIG at [mem 0xb0000000-0xbfffffff] reserved in E820
[STDERR  ] 2018-04-05T20:51:17.461814929Z: [    0.230032] PCI: Using configuration type 1 for base access
[STDERR  ] 2018-04-05T20:51:17.461833423Z: [    0.236668] HugeTLB registered 2.00 MiB page size, pre-allocated 0 pages
[STDERR  ] 2018-04-05T20:51:17.461841753Z: [    0.240326] ACPI: Added _OSI(Module Device)
[STDERR  ] 2018-04-05T20:51:17.461849379Z: [    0.244132] ACPI: Added _OSI(Processor Device)
[STDERR  ] 2018-04-05T20:51:17.461856926Z: [    0.250019] ACPI: Added _OSI(3.0 _SCP Extensions)
[STDERR  ] 2018-04-05T20:51:17.461864419Z: [    0.254239] ACPI: Added _OSI(Processor Aggregator Device)
[STDERR  ] 2018-04-05T20:51:17.461871904Z: [    0.264944] ACPI: Interpreter enabled
[STDERR  ] 2018-04-05T20:51:17.461879374Z: [    0.268318] ACPI: (supports S0 S5)
[STDERR  ] 2018-04-05T20:51:17.461889497Z: [    0.270049] ACPI: Using IOAPIC for interrupt routing
[STDERR  ] 2018-04-05T20:51:17.461897140Z: [    0.274872] PCI: Using host bridge windows from ACPI; if necessary, use "pci=nocrs" and report a bug
[STDERR  ] 2018-04-05T20:51:17.461905187Z: [    0.280259] ACPI: Enabled 1 GPEs in block 00 to 3F
[STDERR  ] 2018-04-05T20:51:17.461912980Z: [    0.292779] ACPI: PCI Root Bridge [PCI0] (domain 0000 [bus 00-ff])
[STDERR  ] 2018-04-05T20:51:17.461922893Z: [    0.300024] acpi PNP0A08:00: _OSC: OS supports [ExtendedConfig ASPM ClockPM Segments MSI]
[STDERR  ] 2018-04-05T20:51:17.461930976Z: [    0.307489] acpi PNP0A08:00: _OSC: OS now controls [PCIeHotplug PME PCIeCapability]
[STDERR  ] 2018-04-05T20:51:17.461938769Z: [    0.310107] PCI host bridge to bus 0000:00
[STDERR  ] 2018-04-05T20:51:17.461946494Z: [    0.313906] pci_bus 0000:00: root bus resource [io  0x0000-0x0cf7 window]
[STDERR  ] 2018-04-05T20:51:17.461957222Z: [    0.320015] pci_bus 0000:00: root bus resource [io  0x0d00-0xffff window]
[STDERR  ] 2018-04-05T20:51:17.461972537Z: [    0.330015] pci_bus 0000:00: root bus resource [mem 0x000a0000-0x000bffff window]
[STDERR  ] 2018-04-05T20:51:17.461980407Z: [    0.336775] pci_bus 0000:00: root bus resource [mem 0xc0000000-0xfebfffff window]
[STDERR  ] 2018-04-05T20:51:17.461988089Z: [    0.340018] pci_bus 0000:00: root bus resource [bus 00-ff]
[STDERR  ] 2018-04-05T20:51:17.461997873Z: [    0.473309] pci 0000:00:1f.0: quirk: [io  0x0600-0x067f] claimed by ICH6 ACPI/GPIO/TCO
[STDERR  ] 2018-04-05T20:51:17.462011177Z: [    0.533473] ACPI: PCI Interrupt Link [LNKA] (IRQs 5 *10 11)
[STDERR  ] 2018-04-05T20:51:17.462020863Z: [    0.540370] ACPI: PCI Interrupt Link [LNKB] (IRQs 5 *10 11)
[STDERR  ] 2018-04-05T20:51:17.462034567Z: [    0.545952] ACPI: PCI Interrupt Link [LNKC] (IRQs 5 10 *11)
[STDERR  ] 2018-04-05T20:51:17.462049226Z: [    0.550341] ACPI: PCI Interrupt Link [LNKD] (IRQs 5 10 *11)
[STDERR  ] 2018-04-05T20:51:17.462057793Z: [    0.555900] ACPI: PCI Interrupt Link [LNKE] (IRQs 5 *10 11)
[STDERR  ] 2018-04-05T20:51:17.462068474Z: [    0.560320] ACPI: PCI Interrupt Link [LNKF] (IRQs 5 *10 11)
[STDERR  ] 2018-04-05T20:51:17.462076120Z: [    0.565995] ACPI: PCI Interrupt Link [LNKG] (IRQs 5 10 *11)
[STDERR  ] 2018-04-05T20:51:17.462083638Z: [    0.570341] ACPI: PCI Interrupt Link [LNKH] (IRQs 5 10 *11)
[STDERR  ] 2018-04-05T20:51:17.462090974Z: [    0.580080] ACPI: PCI Interrupt Link [GSIA] (IRQs *16)
[STDERR  ] 2018-04-05T20:51:17.462098512Z: [    0.584851] ACPI: PCI Interrupt Link [GSIB] (IRQs *17)
[STDERR  ] 2018-04-05T20:51:17.462105921Z: [    0.589517] ACPI: PCI Interrupt Link [GSIC] (IRQs *18)
[STDERR  ] 2018-04-05T20:51:17.462115147Z: [    0.590038] ACPI: PCI Interrupt Link [GSID] (IRQs *19)
[STDERR  ] 2018-04-05T20:51:17.462127443Z: [    0.595079] ACPI: PCI Interrupt Link [GSIE] (IRQs *20)
[STDERR  ] 2018-04-05T20:51:17.462140248Z: [    0.600036] ACPI: PCI Interrupt Link [GSIF] (IRQs *21)
[STDERR  ] 2018-04-05T20:51:17.462153143Z: [    0.604702] ACPI: PCI Interrupt Link [GSIG] (IRQs *22)
[STDERR  ] 2018-04-05T20:51:17.462166061Z: [    0.610039] ACPI: PCI Interrupt Link [GSIH] (IRQs *23)
[STDERR  ] 2018-04-05T20:51:17.462179517Z: [    0.615107] SCSI subsystem initialized
[STDERR  ] 2018-04-05T20:51:17.462198704Z: [    0.620110] ACPI: bus type USB registered
[STDERR  ] 2018-04-05T20:51:17.462213277Z: [    0.623877] usbcore: registered new interface driver usbfs
[STDERR  ] 2018-04-05T20:51:17.462233363Z: [    0.630052] usbcore: registered new interface driver hub
[STDERR  ] 2018-04-05T20:51:17.462882604Z: [    0.634905] usbcore: registered new device driver usb
[STDERR  ] 2018-04-05T20:51:17.462947851Z: [    0.640054] pps_core: LinuxPPS API ver. 1 registered
[STDERR  ] 2018-04-05T20:51:17.462985315Z: [    0.644755] pps_core: Software ver. 5.3.6 - Copyright 2005-2007 Rodolfo Giometti <giometti@linux.it>
[STDERR  ] 2018-04-05T20:51:17.463037522Z: [    0.650030] PTP clock support registered
[STDERR  ] 2018-04-05T20:51:17.463074194Z: [    0.653847] PCI: Using ACPI for IRQ routing
[STDERR  ] 2018-04-05T20:51:17.463121579Z: [    0.993756] NetLabel: Initializing
[STDERR  ] 2018-04-05T20:51:17.463154265Z: [    0.997029] NetLabel:  domain hash size = 128
[STDERR  ] 2018-04-05T20:51:17.463202813Z: [    1.000007] NetLabel:  protocols = UNLABELED CIPSOv4 CALIPSO
[STDERR  ] 2018-04-05T20:51:17.463236983Z: [    1.005197] NetLabel:  unlabeled traffic allowed by default
[STDERR  ] 2018-04-05T20:51:17.463279352Z: [    1.010234] HPET: 3 timers in total, 0 timers will be used for per-cpu timer
[STDERR  ] 2018-04-05T20:51:17.463315589Z: [    1.016691] hpet0: at MMIO 0xfed00000, IRQs 2, 8, 0
[STDERR  ] 2018-04-05T20:51:17.463361454Z: [    1.020009] hpet0: 3 comparators, 64-bit 100.000000 MHz counter
[STDERR  ] 2018-04-05T20:51:17.463394429Z: [    1.033459] clocksource: Switched to clocksource kvm-clock
[STDERR  ] 2018-04-05T20:51:17.463424264Z: [    1.056493] VFS: Disk quotas dquot_6.6.0
[STDERR  ] 2018-04-05T20:51:17.463471076Z: [    1.060593] VFS: Dquot-cache hash table entries: 512 (order 0, 4096 bytes)
[STDERR  ] 2018-04-05T20:51:17.463501284Z: [    1.067112] FS-Cache: Loaded
[STDERR  ] 2018-04-05T20:51:17.463559391Z: [    1.069950] CacheFiles: Loaded
[STDERR  ] 2018-04-05T20:51:17.463604038Z: [    1.072846] pnp: PnP ACPI init
[STDERR  ] 2018-04-05T20:51:17.463638255Z: [    1.076733] pnp: PnP ACPI: found 5 devices
[STDERR  ] 2018-04-05T20:51:17.463667941Z: [    1.086564] clocksource: acpi_pm: mask: 0xffffff max_cycles: 0xffffff, max_idle_ns: 2085701024 ns
[STDERR  ] 2018-04-05T20:51:17.463715874Z: [    1.094815] NET: Registered protocol family 2
[STDERR  ] 2018-04-05T20:51:17.463745915Z: [    1.099022] TCP established hash table entries: 8192 (order: 4, 65536 bytes)
[STDERR  ] 2018-04-05T20:51:17.463790556Z: [    1.105618] TCP bind hash table entries: 8192 (order: 5, 131072 bytes)
[STDERR  ] 2018-04-05T20:51:17.463830873Z: [    1.111718] TCP: Hash tables configured (established 8192 bind 8192)
[STDERR  ] 2018-04-05T20:51:17.463884028Z: [    1.119351] UDP hash table entries: 512 (order: 2, 16384 bytes)
[STDERR  ] 2018-04-05T20:51:17.463913308Z: [    1.124875] UDP-Lite hash table entries: 512 (order: 2, 16384 bytes)
[STDERR  ] 2018-04-05T20:51:17.463960099Z: [    1.130821] NET: Registered protocol family 1
[STDERR  ] 2018-04-05T20:51:17.463990558Z: [    1.135244] pci 0000:00:01.0: Video device with shadowed ROM at [mem 0x000c0000-0x000dffff]
[STDERR  ] 2018-04-05T20:51:17.464038652Z: [    1.143114] Trying to unpack rootfs image as initramfs...
[STDERR  ] 2018-04-05T20:51:17.464068903Z: [    2.296718] Freeing initrd memory: 26888K
[STDERR  ] 2018-04-05T20:51:17.464114194Z: [    2.301835] PCLMULQDQ-NI instructions are not detected.
[STDERR  ] 2018-04-05T20:51:17.464143746Z: [    2.306679] AVX or AES-NI instructions are not detected.
[STDERR  ] 2018-04-05T20:51:17.464196427Z: [    2.311654] CPU feature 'AVX registers' is not supported.
[STDERR  ] 2018-04-05T20:51:17.464228721Z: [    2.316584] CPU feature 'AVX registers' is not supported.
[STDERR  ] 2018-04-05T20:51:17.464275928Z: [    2.321611] CPU feature 'AVX registers' is not supported.
[STDERR  ] 2018-04-05T20:51:17.464310862Z: [    2.326494] CPU feature 'AVX registers' is not supported.
[STDERR  ] 2018-04-05T20:51:17.464357978Z: [    2.331472] AVX2 or AES-NI instructions are not detected.
[STDERR  ] 2018-04-05T20:51:17.464402938Z: [    2.336280] AVX2 instructions are not detected.
[STDERR  ] 2018-04-05T20:51:17.464448596Z: [    2.341072] workingset: timestamp_bits=46 max_order=18 bucket_order=0
[STDERR  ] 2018-04-05T20:51:17.464489449Z: [    2.347129] squashfs: version 4.0 (2009/01/31) Phillip Lougher
[STDERR  ] 2018-04-05T20:51:17.464550306Z: [    2.352660] FS-Cache: Netfs 'cifs' registered for caching
[STDERR  ] 2018-04-05T20:51:17.464602359Z: [    2.358534] fuse init (API version 7.26)
[STDERR  ] 2018-04-05T20:51:17.464639331Z: [    2.362409] SGI XFS with ACLs, security attributes, no debug enabled
[STDERR  ] 2018-04-05T20:51:17.464684613Z: [    2.370200] 9p: Installing v9fs 9p2000 file system support
[STDERR  ] 2018-04-05T20:51:17.464717720Z: [    2.376275] FS-Cache: Netfs '9p' registered for caching
[STDERR  ] 2018-04-05T20:51:17.464766462Z: [    2.386676] NET: Registered protocol family 38
[STDERR  ] 2018-04-05T20:51:17.464808567Z: [    2.390855] Key type asymmetric registered
[STDERR  ] 2018-04-05T20:51:17.464860224Z: [    2.394706] Asymmetric key parser 'x509' registered
[STDERR  ] 2018-04-05T20:51:17.464895638Z: [    2.399166] Block layer SCSI generic (bsg) driver version 0.4 loaded (major 247)
[STDERR  ] 2018-04-05T20:51:17.464943738Z: [    2.406027] io scheduler noop registered
[STDERR  ] 2018-04-05T20:51:17.464977023Z: [    2.409601] io scheduler deadline registered (default)
[STDERR  ] 2018-04-05T20:51:17.465017657Z: [    2.414681] io scheduler cfq registered
[STDERR  ] 2018-04-05T20:51:17.465054974Z: [    2.418246] io scheduler mq-deadline registered (default)
[STDERR  ] 2018-04-05T20:51:17.465107172Z: [    2.423242] io scheduler kyber registered
[STDERR  ] 2018-04-05T20:51:17.465142226Z: [    2.427371] shpchp: Standard Hot Plug PCI Controller Driver version: 0.4
[STDERR  ] 2018-04-05T20:51:17.465190337Z: [    2.433577] hv_vmbus: registering driver hyperv_fb
[STDERR  ] 2018-04-05T20:51:17.465232246Z: [    2.438180] input: Power Button as /devices/LNXSYSTM:00/LNXPWRBN:00/input/input0
[STDERR  ] 2018-04-05T20:51:17.465275252Z: [    2.444909] ACPI: Power Button [PWRF]
[STDERR  ] 2018-04-05T20:51:17.465307373Z: [    2.449546] ACPI: PCI Interrupt Link [GSIG] enabled at IRQ 22
[STDERR  ] 2018-04-05T20:51:17.465357825Z: [    2.460480] ACPI: PCI Interrupt Link [GSIH] enabled at IRQ 23
[STDERR  ] 2018-04-05T20:51:17.465392840Z: [    2.471245] Serial: 8250/16550 driver, 4 ports, IRQ sharing disabled
[STDERR  ] 2018-04-05T20:51:17.465438905Z: [    2.509392] 00:04: ttyS0 at I/O 0x3f8 (irq = 4, base_baud = 115200) is a 16550A
[STDERR  ] 2018-04-05T20:51:17.465473636Z: [    2.517586] Non-volatile memory driver v1.3
[STDERR  ] 2018-04-05T20:51:17.465521957Z: [    2.523060] Hangcheck: starting hangcheck timer 0.9.1 (tick is 180 seconds, margin is 60 seconds).
[STDERR  ] 2018-04-05T20:51:17.465561468Z: [    2.531832] random: crng init done
[STDERR  ] 2018-04-05T20:51:17.465609168Z: [    2.545134] brd: module loaded
[STDERR  ] 2018-04-05T20:51:17.465640959Z: [    2.558643] loop: module loaded
[STDERR  ] 2018-04-05T20:51:17.465687603Z: [    2.571235] lpc_ich 0000:00:1f.0: I/O space for GPIO uninitialized
[STDERR  ] 2018-04-05T20:51:17.465721222Z: [    2.577208] VMware PVSCSI driver - version 1.0.7.0-k
[STDERR  ] 2018-04-05T20:51:17.465766861Z: [    2.581980] hv_vmbus: registering driver hv_storvsc
[STDERR  ] 2018-04-05T20:51:17.465796051Z: [    2.587090] ACPI: PCI Interrupt Link [GSIA] enabled at IRQ 16
[STDERR  ] 2018-04-05T20:51:17.465851294Z: [    2.595164] ahci 0000:00:1f.2: AHCI 0001.0000 32 slots 6 ports 1.5 Gbps 0x3f impl SATA mode
[STDERR  ] 2018-04-05T20:51:17.465886595Z: [    2.602940] ahci 0000:00:1f.2: flags: 64bit ncq only 
[STDERR  ] 2018-04-05T20:51:17.465932952Z: [    2.610645] scsi host0: ahci
[STDERR  ] 2018-04-05T20:51:17.465967149Z: [    2.613493] scsi host1: ahci
[STDERR  ] 2018-04-05T20:51:17.466017870Z: [    2.616313] scsi host2: ahci
[STDERR  ] 2018-04-05T20:51:17.466051690Z: [    2.619284] scsi host3: ahci
[STDERR  ] 2018-04-05T20:51:17.466101646Z: [    2.622177] scsi host4: ahci
[STDERR  ] 2018-04-05T20:51:17.466137685Z: [    2.625052] scsi host5: ahci
[STDERR  ] 2018-04-05T20:51:17.466185620Z: [    2.627893] ata1: SATA max UDMA/133 abar m4096@0xfebd2000 port 0xfebd2100 irq 24
[STDERR  ] 2018-04-05T20:51:17.466219254Z: [    2.634679] ata2: SATA max UDMA/133 abar m4096@0xfebd2000 port 0xfebd2180 irq 24
[STDERR  ] 2018-04-05T20:51:17.466277816Z: [    2.641572] ata3: SATA max UDMA/133 abar m4096@0xfebd2000 port 0xfebd2200 irq 24
[STDERR  ] 2018-04-05T20:51:17.466317606Z: [    2.648169] ata4: SATA max UDMA/133 abar m4096@0xfebd2000 port 0xfebd2280 irq 24
[STDERR  ] 2018-04-05T20:51:17.466372620Z: [    2.654965] ata5: SATA max UDMA/133 abar m4096@0xfebd2000 port 0xfebd2300 irq 24
[STDERR  ] 2018-04-05T20:51:17.466406811Z: [    2.661678] ata6: SATA max UDMA/133 abar m4096@0xfebd2000 port 0xfebd2380 irq 24
[STDERR  ] 2018-04-05T20:51:17.466463545Z: [    2.670276] tun: Universal TUN/TAP device driver, 1.6
[STDERR  ] 2018-04-05T20:51:17.466499574Z: [    2.679441] VMware vmxnet3 virtual NIC driver - version 1.4.a.0-k-NAPI
[STDERR  ] 2018-04-05T20:51:17.466551457Z: [    2.685833] hv_vmbus: registering driver hv_netvsc
[STDERR  ] 2018-04-05T20:51:17.466585833Z: [    2.690372] Fusion MPT base driver 3.04.20
[STDERR  ] 2018-04-05T20:51:17.466632055Z: [    2.694209] Copyright (c) 1999-2008 LSI Corporation
[STDERR  ] 2018-04-05T20:51:17.466670689Z: [    2.698736] Fusion MPT SPI Host driver 3.04.20
[STDERR  ] 2018-04-05T20:51:17.466720278Z: [    2.703096] i8042: PNP: PS/2 Controller [PNP0303:KBD,PNP0f13:MOU] at 0x60,0x64 irq 1,12
[STDERR  ] 2018-04-05T20:51:17.466757881Z: [    2.713388] serio: i8042 KBD port at 0x60,0x64 irq 1
[STDERR  ] 2018-04-05T20:51:17.466807629Z: [    2.717923] serio: i8042 AUX port at 0x60,0x64 irq 12
[STDERR  ] 2018-04-05T20:51:17.466853874Z: [    2.722733] hv_vmbus: registering driver hyperv_keyboard
[STDERR  ] 2018-04-05T20:51:17.466914896Z: [    2.727750] mousedev: PS/2 mouse device common for all mice
[STDERR  ] 2018-04-05T20:51:17.466964579Z: [    2.734155] input: AT Translated Set 2 keyboard as /devices/platform/i8042/serio0/input/input1
[STDERR  ] 2018-04-05T20:51:17.467005379Z: [    2.742064] input: PC Speaker as /devices/platform/pcspkr/input/input2
[STDERR  ] 2018-04-05T20:51:17.467053314Z: [    2.748904] rtc_cmos 00:00: RTC can wake from S4
[STDERR  ] 2018-04-05T20:51:17.467089040Z: [    2.754607] rtc_cmos 00:00: rtc core: registered rtc_cmos as rtc0
[STDERR  ] 2018-04-05T20:51:17.467118590Z: [    2.761026] rtc_cmos 00:00: alarms up to one day, y3k, 114 bytes nvram, hpet irqs
[STDERR  ] 2018-04-05T20:51:17.467165926Z: [    2.767842] i2c /dev entries driver
[STDERR  ] 2018-04-05T20:51:17.467199238Z: [    2.771330] device-mapper: ioctl: 4.37.0-ioctl (2017-09-20) initialised: dm-devel@redhat.com
[STDERR  ] 2018-04-05T20:51:17.467235682Z: [    2.779878] usbcore: registered new interface driver usbhid
[STDERR  ] 2018-04-05T20:51:17.467270522Z: [    2.785284] usbhid: USB HID core driver
[STDERR  ] 2018-04-05T20:51:17.467324194Z: [    2.788996] hv_utils: Registering HyperV Utility Driver
[STDERR  ] 2018-04-05T20:51:17.467359936Z: [    2.793986] hv_vmbus: registering driver hv_util
[STDERR  ] 2018-04-05T20:51:17.467389264Z: [    2.798153] hv_vmbus: registering driver hv_balloon
[STDERR  ] 2018-04-05T20:51:17.467417618Z: [    2.802611] oprofile: using NMI interrupt.
[STDERR  ] 2018-04-05T20:51:17.467447649Z: [    2.806379] GACT probability on
[STDERR  ] 2018-04-05T20:51:17.467483219Z: [    2.809257] Mirror/redirect action on
[STDERR  ] 2018-04-05T20:51:17.467517189Z: [    2.812669] Simple TC action Loaded
[STDERR  ] 2018-04-05T20:51:17.467573399Z: [    2.815857] u32 classifier
[STDERR  ] 2018-04-05T20:51:17.467611677Z: [    2.818367]     Performance counters on
[STDERR  ] 2018-04-05T20:51:17.467650789Z: [    2.821931]     input device check on
[STDERR  ] 2018-04-05T20:51:17.467686864Z: [    2.825255]     Actions configured
[STDERR  ] 2018-04-05T20:51:17.467719987Z: [    2.828407] Netfilter messages via NETLINK v0.30.
[STDERR  ] 2018-04-05T20:51:17.467750918Z: [    2.832729] nfnl_acct: registering with nfnetlink.
[STDERR  ] 2018-04-05T20:51:17.467788493Z: [    2.837210] nf_conntrack version 0.5.0 (8192 buckets, 32768 max)
[STDERR  ] 2018-04-05T20:51:17.467830593Z: [    2.842767] ctnetlink v0.93: registering with nfnetlink.
[STDERR  ] 2018-04-05T20:51:17.467864406Z: [    2.847625] nf_tables: (c) 2007-2009 Patrick McHardy <kaber@trash.net>
[STDERR  ] 2018-04-05T20:51:17.467895901Z: [    2.853598] nf_tables_compat: (c) 2012 Pablo Neira Ayuso <pablo@netfilter.org>
[STDERR  ] 2018-04-05T20:51:17.467945798Z: [    2.860391] xt_time: kernel timezone is -0000
[STDERR  ] 2018-04-05T20:51:17.467977241Z: [    2.864352] ip_set: protocol 6
[STDERR  ] 2018-04-05T20:51:17.468014882Z: [    2.867156] IPVS: Registered protocols (TCP, UDP, SCTP, AH, ESP)
[STDERR  ] 2018-04-05T20:51:17.468049834Z: [    2.872704] IPVS: Connection hash table configured (size=4096, memory=64Kbytes)
[STDERR  ] 2018-04-05T20:51:17.468083593Z: [    2.879339] IPVS: ipvs loaded.
[STDERR  ] 2018-04-05T20:51:17.468116599Z: [    2.882446] IPVS: [rr] scheduler registered.
[STDERR  ] 2018-04-05T20:51:17.468148466Z: [    2.886355] IPVS: [wrr] scheduler registered.
[STDERR  ] 2018-04-05T20:51:17.468179192Z: [    2.890758] IPVS: [lc] scheduler registered.
[STDERR  ] 2018-04-05T20:51:17.468215872Z: [    2.894748] IPVS: [wlc] scheduler registered.
[STDERR  ] 2018-04-05T20:51:17.468249802Z: [    2.899088] IPVS: [fo] scheduler registered.
[STDERR  ] 2018-04-05T20:51:17.468288808Z: [    2.903065] IPVS: [ovf] scheduler registered.
[STDERR  ] 2018-04-05T20:51:17.468321613Z: [    2.907408] IPVS: [lblc] scheduler registered.
[STDERR  ] 2018-04-05T20:51:17.468356114Z: [    2.911590] IPVS: [lblcr] scheduler registered.
[STDERR  ] 2018-04-05T20:51:17.468390246Z: [    2.916058] IPVS: [dh] scheduler registered.
[STDERR  ] 2018-04-05T20:51:17.468420750Z: [    2.919895] IPVS: [sh] scheduler registered.
[STDERR  ] 2018-04-05T20:51:17.468466586Z: [    2.924104] IPVS: [sed] scheduler registered.
[STDERR  ] 2018-04-05T20:51:17.468499743Z: [    2.928022] IPVS: [nq] scheduler registered.
[STDERR  ] 2018-04-05T20:51:17.468532658Z: [    2.932228] IPVS: ftp: loaded support on port[0] = 21
[STDERR  ] 2018-04-05T20:51:17.468563613Z: [    2.936827] ipip: IPv4 and MPLS over IPv4 tunneling driver
[STDERR  ] 2018-04-05T20:51:17.468604515Z: [    2.942224] gre: GRE over IPv4 demultiplexor driver
[STDERR  ] 2018-04-05T20:51:17.468662368Z: [    2.946662] ip_tables: (C) 2000-2006 Netfilter Core Team
[STDERR  ] 2018-04-05T20:51:17.468696445Z: [    2.951848] ipt_CLUSTERIP: ClusterIP Version 0.8 loaded successfully
[STDERR  ] 2018-04-05T20:51:17.468730001Z: [    2.957881] arp_tables: arp_tables: (C) 2002 David S. Miller
[STDERR  ] 2018-04-05T20:51:17.468764826Z: [    2.963367] NET: Registered protocol family 10
[STDERR  ] 2018-04-05T20:51:17.468799723Z: [    2.967789] Segment Routing with IPv6
[STDERR  ] 2018-04-05T20:51:17.468842096Z: [    2.971464] ip6_tables: (C) 2000-2006 Netfilter Core Team
[STDERR  ] 2018-04-05T20:51:17.468876534Z: [    2.976899] NET: Registered protocol family 17
[STDERR  ] 2018-04-05T20:51:17.468910615Z: [    2.981081] Bridge firewalling registered
[STDERR  ] 2018-04-05T20:51:17.468949099Z: [    2.985066] Ebtables v2.0 registered
[STDERR  ] 2018-04-05T20:51:17.468982393Z: [    2.988321] 8021q: 802.1Q VLAN Support v1.8
[STDERR  ] 2018-04-05T20:51:17.469015747Z: [    2.992713] ata2: SATA link down (SStatus 0 SControl 300)
[STDERR  ] 2018-04-05T20:51:17.469048943Z: [    2.998198] ata1: SATA link down (SStatus 0 SControl 300)
[STDERR  ] 2018-04-05T20:51:17.469081715Z: [    3.003842] ata6: SATA link down (SStatus 0 SControl 300)
[STDERR  ] 2018-04-05T20:51:17.469112256Z: [    3.009388] ata5: SATA link down (SStatus 0 SControl 300)
[STDERR  ] 2018-04-05T20:51:17.469146377Z: [    3.015190] ata4: SATA link down (SStatus 0 SControl 300)
[STDERR  ] 2018-04-05T20:51:17.469184554Z: [    3.020875] ata3: SATA link up 1.5 Gbps (SStatus 113 SControl 300)
[STDERR  ] 2018-04-05T20:51:17.469221218Z: [    3.026919] ata3.00: ATAPI: QEMU DVD-ROM, 2.5+, max UDMA/100
[STDERR  ] 2018-04-05T20:51:17.469266227Z: [    3.032117] ata3.00: applying bridge limits
[STDERR  ] 2018-04-05T20:51:17.469304424Z: [    3.036246] 9pnet: Installing 9P2000 support
[STDERR  ] 2018-04-05T20:51:17.469339761Z: [    3.040232] Key type dns_resolver registered
[STDERR  ] 2018-04-05T20:51:17.469377859Z: [    3.044676] registered taskstats version 1
[STDERR  ] 2018-04-05T20:51:17.469414286Z: [    3.048822] ata3.00: configured for UDMA/100
[STDERR  ] 2018-04-05T20:51:17.469447274Z: [    3.057357] scsi 2:0:0:0: CD-ROM            QEMU     QEMU DVD-ROM     2.5+ PQ: 0 ANSI: 5
[STDERR  ] 2018-04-05T20:51:17.469484369Z: [    3.069442] Key type big_key registered
[STDERR  ] 2018-04-05T20:51:17.469518894Z: [    3.076500] Key type trusted registered
[STDERR  ] 2018-04-05T20:51:17.469560042Z: [    3.083527] Key type encrypted registered
[STDERR  ] 2018-04-05T20:51:17.469593256Z: [    3.087648] ima: No TPM chip found, activating TPM-bypass! (rc=-19)
[STDERR  ] 2018-04-05T20:51:17.469632925Z: [    3.094308] sr 2:0:0:0: [sr0] scsi3-mmc drive: 4x/4x cd/rw xa/form2 tray
[STDERR  ] 2018-04-05T20:51:17.469666718Z: [    3.100633] cdrom: Uniform CD-ROM driver Revision: 3.20
[STDERR  ] 2018-04-05T20:51:17.469701619Z: [    3.105779] evm: HMAC attrs: 0x1
[STDERR  ] 2018-04-05T20:51:17.469734630Z: [    3.110664] sr 2:0:0:0: Attached scsi generic sg0 type 5
[STDERR  ] 2018-04-05T20:51:17.469777312Z: [    3.116423] rtc_cmos 00:00: setting system clock to 2018-04-05 20:51:12 UTC (1522961472)
[STDERR  ] 2018-04-05T20:51:17.469814084Z: [    3.128176] Freeing unused kernel memory: 1516K
[STDERR  ] 2018-04-05T20:51:17.469860350Z: [    3.132496] Write protecting the kernel read-only data: 18432k
[STDERR  ] 2018-04-05T20:51:17.469895071Z: [    3.139114] Freeing unused kernel memory: 2024K
[STDERR  ] 2018-04-05T20:51:17.469928320Z: [    3.146751] Freeing unused kernel memory: 1084K
[STDERR  ] 2018-04-05T20:51:17.469982971Z: 
[STDERR  ] 2018-04-05T20:51:17.470020740Z: Welcome to LinuxKit
[STDERR  ] 2018-04-05T20:51:17.470052765Z: 
[STDERR  ] 2018-04-05T20:51:17.470085701Z:                         ##         .
[STDERR  ] 2018-04-05T20:51:17.470124031Z:                   ## ## ##        ==
[STDERR  ] 2018-04-05T20:51:17.470157695Z:                ## ## ## ## ##    ===
[STDERR  ] 2018-04-05T20:51:17.470195505Z:            /"""""""""""""""""\___/ ===
[STDERR  ] 2018-04-05T20:51:17.470229192Z:           {                       /  ===-
[STDERR  ] 2018-04-05T20:51:17.470273130Z:            \______ O           __/
[STDERR  ] 2018-04-05T20:51:17.470320183Z:              \    \         __/
[STDERR  ] 2018-04-05T20:51:17.470355416Z:               \____\_______/
[STDERR  ] 2018-04-05T20:51:17.470392801Z: 
[STDERR  ] 2018-04-05T20:51:17.470422252Z: [    3.636258] hello_world: loading out-of-tree module taints kernel.
[STDERR  ] 2018-04-05T20:51:17.470464171Z: [    3.642945] Hello LinuxKit
[STDERR  ] 2018-04-05T20:51:17.470497579Z: [    3.649044] Goodbye LinuxKit.
[STDERR  ] 2018-04-05T20:51:17.470525976Z: Linux linuxkit-1aa9ea2183aa 4.15.15-linuxkit #1 SMP Sun Apr 1 17:00:39 UTC 2018 x86_64 Linux
[STDERR  ] 2018-04-05T20:51:17.470563530Z: filename:       hello_world.ko
[STDERR  ] 2018-04-05T20:51:17.470597244Z: author:         Rolf Neugebauer <rolf.neugebauer@docker.com>
[STDERR  ] 2018-04-05T20:51:17.470630157Z: description:    A simple Hello World kernel module for testing
[STDERR  ] 2018-04-05T20:51:17.470666128Z: license:        GPL
[STDERR  ] 2018-04-05T20:51:17.470700263Z: depends:        
[STDERR  ] 2018-04-05T20:51:17.470732775Z: vermagic:       4.15.15-linuxkit SMP mod_unload modversions RANDSTRUCT_PLUGIN_8a1054c1ea521edb1d979a7c9c1238be039a7927983290b4fb71358907640b35
[STDERR  ] 2018-04-05T20:51:17.470767104Z: Kernel module test suite PASSED
[STDERR  ] 2018-04-05T20:51:17.470799958Z: [    6.734649] ACPI: Preparing to enter system sleep state S5
[STDERR  ] 2018-04-05T20:51:17.470848188Z: [    6.740983] reboot: Power down
[STDERR  ] 2018-04-05T20:51:17.470883879Z: + exit 0
[STDERR  ] 2018-04-05T20:51:17.470917541Z: + clean_up
[STDERR  ] 2018-04-05T20:51:17.470949291Z: + docker rmi kmod-test
[STDOUT  ] 2018-04-05T20:51:17.485249393Z: Untagged: kmod-test:latest
[STDOUT  ] 2018-04-05T20:51:17.485298851Z: Deleted: sha256:1ef9cf12105fb7a6af41683514af93e4124dd316f6d03a4a5fe9144737f6c4a8
[STDOUT  ] 2018-04-05T20:51:17.485310583Z: Deleted: sha256:efe1b0ec6a717f9e3b6f8909ca32b24c5a21c45533991607e75e8837838b1abf
[STDOUT  ] 2018-04-05T20:51:17.485341683Z: Deleted: sha256:9fa234bcc00727b129e2cf5da0814beb50f2a3648c1c2247b6d8ed12362dc251
[STDOUT  ] 2018-04-05T20:51:17.485357800Z: Deleted: sha256:51383d34aab39ca0a638b02c87da0758c71ac18d39186c3b7ddb0ba527c9f721
[STDOUT  ] 2018-04-05T20:51:17.485368773Z: Deleted: sha256:95ba7052993963d7c499f59bb45b65c56ca1c4f137344ef1af0767c7fc3d8666
[STDERR  ] 2018-04-05T20:51:17.486050257Z: + rm -rf kmod-cmdline kmod-initrd.img kmod-kernel kmod-state
[PASS    ] linuxkit.kernel.kmod_4.15.x 35.24s
