[INFO    ] 2018-10-30T01:44:39.170338940Z: Running Test linuxkit.packages.kmsg in /tmp/with_clonea25ef61/test/cases/040_packages/031_kmsg
[STDOUT  ] 2018-10-30T01:44:39.170425728Z: [34mINFO[0m[0000] loading plugin "io.containerd.differ.v1.walking"...  [34mtype[0m=io.containerd.differ.v1
[STDOUT  ] 2018-10-30T01:44:39.170495396Z: [34mINFO[0m[0000] loading plugin "io.containerd.gc.v1.scheduler"...  [34mtype[0m=io.containerd.gc.v1
[STDOUT  ] 2018-10-30T01:44:39.170517051Z: [34mINFO[0m[0000] loading plugin "io.containerd.service.v1.containers-service"...  [34mtype[0m=io.containerd.service.v1
[STDOUT  ] 2018-10-30T01:44:39.170541195Z: [34mINFO[0m[0000] loading plugin "io.containerd.service.v1.content-service"...  [34mtype[0m=io.containerd.service.v1
[STDOUT  ] 2018-10-30T01:44:39.170556898Z: [34mINFO[0m[0000] loading plugin "io.containerd.service.v1.diff-service"...  [34mtype[0m=io.containerd.service.v1
[INFO    ] 2018-10-30T01:44:39.170610604Z: Running command: [/bin/sh -x /tmp/with_clonea25ef61/test/cases/040_packages/031_kmsg/test.sh]
[STDOUT  ] 2018-10-30T01:44:39.170586161Z: [34mINFO[0m[0000] loading plugin "io.containerd.service.v1.images-service"...  [34mtype[0m=io.containerd.service.v1
[STDOUT  ] 2018-10-30T01:44:39.170653813Z: [34mINFO[0m[0000] loading plugin "io.containerd.service.v1.leases-service"...  [34mtype[0m=io.containerd.service.v1
[STDERR  ] 2018-10-30T01:44:39.170578203Z: [    0.641083] ACPI: Added _OSI(Processor Device)
[STDOUT  ] 2018-10-30T01:44:39.170785107Z: [34mINFO[0m[0000] loading plugin "io.containerd.service.v1.namespaces-service"...  [34mtype[0m=io.containerd.service.v1
[STDOUT  ] 2018-10-30T01:44:39.170811597Z: [34mINFO[0m[0000] loading plugin "io.containerd.service.v1.snapshots-service"...  [34mtype[0m=io.containerd.service.v1
[STDOUT  ] 2018-10-30T01:44:39.170858616Z: [34mINFO[0m[0000] loading plugin "io.containerd.monitor.v1.cgroups"...  [34mtype[0m=io.containerd.monitor.v1
[STDOUT  ] 2018-10-30T01:44:39.170877943Z: [34mINFO[0m[0000] loading plugin "io.containerd.runtime.v1.linux"...  [34mtype[0m=io.containerd.runtime.v1
[STDOUT  ] 2018-10-30T01:44:39.170897803Z: [34mINFO[0m[0000] loading plugin "io.containerd.service.v1.tasks-service"...  [34mtype[0m=io.containerd.service.v1
[STDOUT  ] 2018-10-30T01:44:39.170934826Z: [34mINFO[0m[0000] loading plugin "io.container
[STDERR  ] 2018-10-30T01:44:39.170769680Z: [    0.641563] ACPI: Added _OSI(3.0 _SCP Extensions)
[STDERR  ] 2018-10-30T01:44:39.170994670Z: [    0.642043] ACPI: Added _OSI(Processor Aggregator Device)
[STDERR  ] 2018-10-30T01:44:39.171018096Z: [    0.738468] ACPI: Interpreter enabled
[STDERR  ] 2018-10-30T01:44:39.171043599Z: [    0.739689] ACPI: (supports S0 S5)
[STDERR  ] 2018-10-30T01:44:39.171067777Z: [    0.740112] ACPI: Using IOAPIC for interrupt routing
[STDERR  ] 2018-10-30T01:44:39.171094137Z: [    0.742856] PCI: Using host bridge windows from ACPI; if necessary, use "pci=nocrs" and report a bug
[STDERR  ] 2018-10-30T01:44:39.171120484Z: [    0.748000] ACPI: Enabled 2 GPEs in block 00 to 3F
[STDERR  ] 2018-10-30T01:44:39.171148636Z: [    0.832334] ACPI: PCI Root Bridge [PCI0] (domain 0000 [bus 00-ff])
[STDERR  ] 2018-10-30T01:44:39.171182115Z: [    0.833556] acpi PNP0A08:00: _OSC: OS supports [ExtendedConfig ASPM ClockPM Segments MSI]
[STDERR  ] 2018-10-30T01:44:39.171212830Z: [    0.841402]
[STDERR  ] 2018-10-30T01:44:39.171915362Z: + set -e
[STDERR  ] 2018-10-30T01:44:39.171991190Z: + . /tmp/with_clonea25ef61/test/cases/_lib/lib.sh
[STDERR  ] 2018-10-30T01:44:39.172014815Z: + [ -f src/github.com/linuxkit/rtf/lib/lib.sh ]
[STDERR  ] 2018-10-30T01:44:39.172046025Z: + LINUXKIT_TMPDIR=/tmp/with_clonea25ef61/test/cases/_tmp
[STDERR  ] 2018-10-30T01:44:39.172159410Z: + [ -f /tmp/with_clonea25ef61/test/cases/_tmp/env.sh ]
[STDERR  ] 2018-10-30T01:44:39.172204081Z: + . /tmp/with_clonea25ef61/test/cases/_tmp/env.sh
[STDERR  ] 2018-10-30T01:44:39.172228408Z: + export LINUXKIT_EXAMPLES_DIR=/tmp/with_clonea25ef61/test/cases/../../examples
[STDERR  ] 2018-10-30T01:44:39.172299518Z: + RT_CANCEL=253
[STDERR  ] 2018-10-30T01:44:39.172350681Z: + NAME=kmsg
[STDERR  ] 2018-10-30T01:44:39.172376774Z: + trap clean_up EXIT
[STDERR  ] 2018-10-30T01:44:39.172400204Z: + linuxkit build -disable-content-trust -format kernel+initrd -name kmsg test.yml
[STDERR  ] 2018-10-30T01:44:39.218914744Z: Extract kernel image: linuxkit/kernel:4.14.78
[STDERR  ] 2018-10-30T01:44:42.203384665Z: Add init containers:
[STDERR  ] 2018-10-30T01:44:42.203497779Z: Process init image: linuxkit/init:6eb0158059b056a1567236280880cb87f03ff008
[STDERR  ] 2018-10-30T01:44:42.647426574Z: Process init image: linuxkit/runc:6cf26a0403376de3b5396cb676b88eea4f37aff8
[STDERR  ] 2018-10-30T01:44:42.935474301Z: Process init image: linuxkit/containerd:d955db7cd28dbd7be8a17d7063cc6b7f1bf91f0a
[STDERR  ] 2018-10-30T01:44:43.686776785Z: Process init image: linuxkit/ca-certificates:v0.6
[STDERR  ] 2018-10-30T01:44:43.911432509Z: Process init image: linuxkit/memlogd:v0.6
[STDERR  ] 2018-10-30T01:44:44.191420066Z: Add service containers:
[STDERR  ] 2018-10-30T01:44:44.191524850Z:   Create OCI config for linuxkit/kmsg:v0.6
[STDERR  ] 2018-10-30T01:44:44.390661694Z:   Create OCI config for linuxkit/logwrite:v0.6
[STDERR  ] 2018-10-30T01:44:44.639593111Z:   Create OCI config for alpine:3.8
[STDERR  ] 2018-10-30T01:44:44.919611891Z: Add files:
[STDERR  ] 2018-10-30T01:44:44.919712072Z:   check.sh
[STDERR  ] 2018-10-30T01:44:44.919744669Z: Create outputs:
[STDERR  ] 2018-10-30T01:44:54.091565123Z:   kmsg-kernel kmsg-initrd.img kmsg-cmdline
[STDERR  ] 2018-10-30T01:44:54.195744008Z: + linuxkit run kmsg
[STDERR  ] 2018-10-30T01:45:46.468951854Z: + RESULT=[    0.000000] Linux version 4.14.78-linuxkit (root@6498675588d7) (gcc version 6.4.0 (Alpine 6.4.0)) #1 SMP Sat Oct 27 12:23:29 UTC 2018
[STDERR  ] 2018-10-30T01:45:46.469139192Z: [    0.000000] Command line: console=ttyS0 console=ttyAMA0
[STDERR  ] 2018-10-30T01:45:46.469163168Z: [    0.000000] x86/fpu: x87 FPU will use FXSAVE
[STDERR  ] 2018-10-30T01:45:46.469201283Z: [    0.000000] e820: BIOS-provided physical RAM map:
[STDERR  ] 2018-10-30T01:45:46.469222659Z: [    0.000000] BIOS-e820: [mem 0x0000000000000000-0x000000000009fbff] usable
[STDERR  ] 2018-10-30T01:45:46.469243867Z: [    0.000000] BIOS-e820: [mem 0x000000000009fc00-0x000000000009ffff] reserved
[STDERR  ] 2018-10-30T01:45:46.469264429Z: [    0.000000] BIOS-e820: [mem 0x00000000000f0000-0x00000000000fffff] reserved
[STDERR  ] 2018-10-30T01:45:46.469284507Z: [    0.000000] BIOS-e820: [mem 0x0000000000100000-0x000000003ffdefff] usable
[STDERR  ] 2018-10-30T01:45:46.469304094Z: [    0.000000] BIOS-e820: [mem 0x000000003ffdf000-0x000000003fffffff] reserved
[STDERR  ] 2018-10-30T01:45:46.469323708Z: [    0.000000] BIOS-e820: [mem 0x00000000b0000000-0x00000000bfffffff] reserved
[STDERR  ] 2018-10-30T01:45:46.469343334Z: [    0.000000] BIOS-e820: [mem 0x00000000fed1c000-0x00000000fed1ffff] reserved
[STDERR  ] 2018-10-30T01:45:46.469362765Z: [    0.000000] BIOS-e820: [mem 0x00000000fffc0000-0x00000000ffffffff] reserved
[STDERR  ] 2018-10-30T01:45:46.469385421Z: [    0.000000] NX (Execute Disable) protection: active
[STDERR  ] 2018-10-30T01:45:46.469405276Z: [    0.000000] SMBIOS 2.8 present.
[STDERR  ] 2018-10-30T01:45:46.469425437Z: [    0.000000] DMI: QEMU Standard PC (Q35 + ICH9, 2009), BIOS rel-1.10.2-0-g5f4c7b1-prebuilt.qemu-project.org 04/01/2014
[STDERR  ] 2018-10-30T01:45:46.469457240Z: [    0.000000] tsc: Fast TSC calibration using PIT
[STDERR  ] 2018-10-30T01:45:46.469476942Z: [    0.000000] e820: last_pfn = 0x3ffdf max_arch_pfn = 0x400000000
[STDERR  ] 2018-10-30T01:45:46.469499343Z: [    0.000000] x86/PAT: Configuration [0-7]: WB  WC  UC- UC  WB  WP  UC- WT  
[STDERR  ] 2018-10-30T01:45:46.469534115Z: [    0.000000] found SMP MP-table at [mem 0x000f6aa0-0x000f6aaf] mapped at [ffffffffff200aa0]
[STDERR  ] 2018-10-30T01:45:46.469560450Z: [    0.000000] RAMDISK: [mem 0x3d1d7000-0x3ffcffff]
[STDERR  ] 2018-10-30T01:45:46.469584788Z: [    0.000000] ACPI: Early table checksum verification disabled
[STDERR  ] 2018-10-30T01:45:46.469621316Z: [    0.000000] ACPI: RSDP 0x00000000000F68C0 000014 (v00 BOCHS )
[STDERR  ] 2018-10-30T01:45:46.469663926Z: [    0.000000] ACPI: RSDT 0x000000003FFE2404 000034 (v01 BOCHS  BXPCRSDT 00000001 BXPC 00000001)
[STDERR  ] 2018-10-30T01:45:46.469684325Z: [    0.000000] ACPI: FACP 0x000000003FFE22A4 000074 (v01 BOCHS  BXPCFACP 00000001 BXPC 00000001)
[STDERR  ] 2018-10-30T01:45:46.469709004Z: [    0.000000] ACPI: DSDT 0x000000003FFE0040 002264 (v01 BOCHS  BXPCDSDT 00000001 BXPC 00000001)
[STDERR  ] 2018-10-30T01:45:46.469729528Z: [    0.000000] ACPI: FACS 0x000000003FFE0000 000040
[STDERR  ] 2018-10-30T01:45:46.469749001Z: [    0.000000] ACPI: APIC 0x000000003FFE2318 000078 (v01 BOCHS  BXPCAPIC 00000001 BXPC 00000001)
[STDERR  ] 2018-10-30T01:45:46.469768587Z: [    0.000000] ACPI: HPET 0x000000003FFE2390 000038 (v01 BOCHS  BXPCHPET 00000001 BXPC 00000001)
[STDERR  ] 2018-10-30T01:45:46.469788094Z: [    0.000000] ACPI: MCFG 0x000000003FFE23C8 00003C (v01 BOCHS  BXPCMCFG 00000001 BXPC 00000001)
[STDERR  ] 2018-10-30T01:45:46.469818450Z: [    0.000000] Zone ranges:
[STDERR  ] 2018-10-30T01:45:46.469848540Z: [    0.000000]   DMA      [mem 0x0000000000001000-0x0000000000ffffff]
[STDERR  ] 2018-10-30T01:45:46.469867695Z: [    0.000000]   DMA32    [mem 0x0000000001000000-0x000000003ffdefff]
[STDERR  ] 2018-10-30T01:45:46.469886171Z: [    0.000000]   Normal   empty
[STDERR  ] 2018-10-30T01:45:46.469905808Z: [    0.000000]   Device   empty
[STDERR  ] 2018-10-30T01:45:46.469924837Z: [    0.000000] Movable zone start for each node
[STDERR  ] 2018-10-30T01:45:46.469950343Z: [    0.000000] Early memory node ranges
[STDERR  ] 2018-10-30T01:45:46.469968831Z: [    0.000000]   node   0: [mem 0x0000000000001000-0x000000000009efff]
[STDERR  ] 2018-10-30T01:45:46.469998874Z: [    0.000000]   node   0: [mem 0x0000000000100000-0x000000003ffdefff]
[STDERR  ] 2018-10-30T01:45:46.470023756Z: [    0.000000] Initmem setup node 0 [mem 0x0000000000001000-0x000000003ffdefff]
[STDERR  ] 2018-10-30T01:45:46.470047387Z: [    0.000000] ACPI: PM-Timer IO Port: 0x608
[STDERR  ] 2018-10-30T01:45:46.470071236Z: [    0.000000] ACPI: LAPIC_NMI (acpi_id[0xff] dfl dfl lint[0x1])
[STDERR  ] 2018-10-30T01:45:46.470097394Z: [    0.000000] IOAPIC[0]: apic_id 0, version 32, address 0xfec00000, GSI 0-23
[STDERR  ] 2018-10-30T01:45:46.470125549Z: [    0.000000] ACPI: INT_SRC_OVR (bus 0 bus_irq 0 global_irq 2 dfl dfl)
[STDERR  ] 2018-10-30T01:45:46.470144244Z: [    0.000000] ACPI: INT_SRC_OVR (bus 0 bus_irq 5 global_irq 5 high level)
[STDERR  ] 2018-10-30T01:45:46.470162656Z: [    0.000000] ACPI: INT_SRC_OVR (bus 0 bus_irq 9 global_irq 9 high level)
[STDERR  ] 2018-10-30T01:45:46.470184308Z: [    0.000000] ACPI: INT_SRC_OVR (bus 0 bus_irq 10 global_irq 10 high level)
[STDERR  ] 2018-10-30T01:45:46.470203402Z: [    0.000000] ACPI: INT_SRC_OVR (bus 0 bus_irq 11 global_irq 11 high level)
[STDERR  ] 2018-10-30T01:45:46.470229606Z: [    0.000000] Using ACPI (MADT) for SMP configuration information
[STDERR  ] 2018-10-30T01:45:46.470284717Z: [    0.000000] ACPI: HPET id: 0x8086a201 base: 0xfed00000
[STDERR  ] 2018-10-30T01:45:46.470314383Z: [    0.000000] smpboot: Allowing 1 CPUs, 0 hotplug CPUs
[STDERR  ] 2018-10-30T01:45:46.470333420Z: [    0.000000] e820: [mem 0x40000000-0xafffffff] available for PCI devices
[STDERR  ] 2018-10-30T01:45:46.470351988Z: [    0.000000] Booting paravirtualized kernel on bare hardware
[STDERR  ] 2018-10-30T01:45:46.470370222Z: [    0.000000] clocksource: refined-jiffies: mask: 0xffffffff max_cycles: 0xffffffff, max_idle_ns: 1910969940391419 ns
[STDERR  ] 2018-10-30T01:45:46.470392663Z: [    0.000000] random: get_random_bytes called from start_kernel+0x92/0x4cb with crng_init=0
[STDERR  ] 2018-10-30T01:45:46.470414589Z: [    0.000000] setup_percpu: NR_CPUS:128 nr_cpumask_bits:128 nr_cpu_ids:1 nr_node_ids:1
[STDERR  ] 2018-10-30T01:45:46.470433144Z: [    0.000000] percpu: Embedded 45 pages/cpu @ffff95b6fce00000 s144280 r8192 d31848 u2097152
[STDERR  ] 2018-10-30T01:45:46.470451586Z: [    0.000000] Built 1 zonelists, mobility grouping on.  Total pages: 257896
[STDERR  ] 2018-10-30T01:45:46.470470682Z: [    0.000000] Kernel command line: console=ttyS0 console=ttyAMA0
[STDERR  ] 2018-10-30T01:45:46.470511639Z: [    0.000000] PID hash table entries: 4096 (order: 3, 32768 bytes)
[STDERR  ] 2018-10-30T01:45:46.470530391Z: [    0.000000] Dentry cache hash table entries: 131072 (order: 8, 1048576 bytes)
[STDERR  ] 2018-10-30T01:45:46.470549431Z: [    0.000000] Inode-cache hash table entries: 65536 (order: 7, 524288 bytes)
[STDERR  ] 2018-10-30T01:45:46.470568906Z: [    0.000000] Memory: 957808K/1048052K available (12300K kernel code, 1452K rwdata, 2964K rodata, 1512K init, 580K bss, 90244K reserved, 0K cma-reserved)
[STDERR  ] 2018-10-30T01:45:46.470589131Z: [    0.000000] ftrace: allocating 40644 entries in 159 pages
[STDERR  ] 2018-10-30T01:45:46.470618151Z: [    0.000000] Hierarchical RCU implementation.
[STDERR  ] 2018-10-30T01:45:46.470636959Z: [    0.000000] 	RCU restricting CPUs from NR_CPUS=128 to nr_cpu_ids=1.
[STDERR  ] 2018-10-30T01:45:46.470660285Z: [    0.000000] RCU: Adjusting geometry for rcu_fanout_leaf=16, nr_cpu_ids=1
[STDERR  ] 2018-10-30T01:45:46.470679442Z: [    0.000000] NR_IRQS: 8448, nr_irqs: 256, preallocated irqs: 16
[STDERR  ] 2018-10-30T01:45:46.470698315Z: [    0.000000] Console: colour VGA+ 80x25
[STDERR  ] 2018-10-30T01:45:46.470716579Z: [    0.000000] console [ttyS0] enabled
[STDERR  ] 2018-10-30T01:45:46.470734911Z: [    0.000000] clocksource: hpet: mask: 0xffffffff max_cycles: 0xffffffff, max_idle_ns: 19112604467 ns
[STDERR  ] 2018-10-30T01:45:46.470756598Z: [    0.003000] tsc: Fast TSC calibration using PIT
[STDERR  ] 2018-10-30T01:45:46.470775389Z: [    0.004000] tsc: Detected 2599.869 MHz processor
[STDERR  ] 2018-10-30T01:45:46.470794208Z: [    0.007304] Calibrating delay loop (skipped), value calculated using timer frequency.. 5199.73 BogoMIPS (lpj=2599869)
[STDERR  ] 2018-10-30T01:45:46.470813016Z: [    0.008127] pid_max: default: 32768 minimum: 301
[STDERR  ] 2018-10-30T01:45:46.470831750Z: [    0.009618] ACPI: Core revision 20170728
[STDERR  ] 2018-10-30T01:45:46.470851186Z: [    0.054241] ACPI: 1 ACPI AML tables successfully acquired and loaded
[STDERR  ] 2018-10-30T01:45:46.470873531Z: [    0.058903] Security Framework initialized
[STDERR  ] 2018-10-30T01:45:46.470899994Z: [    0.059165] Yama: becoming mindful.
[STDERR  ] 2018-10-30T01:45:46.470921139Z: [    0.062107] Mount-cache hash table entries: 2048 (order: 2, 16384 bytes)
[STDERR  ] 2018-10-30T01:45:46.470942759Z: [    0.062735] Mountpoint-cache hash table entries: 2048 (order: 2, 16384 bytes)
[STDERR  ] 2018-10-30T01:45:46.470967043Z: [    0.087114] Last level iTLB entries: 4KB 0, 2MB 0, 4MB 0
[STDERR  ] 2018-10-30T01:45:46.470991574Z: [    0.087905] Last level dTLB entries: 4KB 0, 2MB 0, 4MB 0, 1GB 0
[STDERR  ] 2018-10-30T01:45:46.471010894Z: [    0.089044] Spectre V2 : Spectre mitigation: LFENCE not serializing, switching to generic retpoline
[STDERR  ] 2018-10-30T01:45:46.471030330Z: [    0.090066] Spectre V2 : Mitigation: Full generic retpoline
[STDERR  ] 2018-10-30T01:45:46.471049244Z: [    0.090582] Spectre V2 : Spectre v2 / SpectreRSB mitigation: Filling RSB on context switch
[STDERR  ] 2018-10-30T01:45:46.471068025Z: [    0.091103] Speculative Store Bypass: Vulnerable
[STDERR  ] 2018-10-30T01:45:46.471086451Z: [    0.256391] random: fast init done
[STDERR  ] 2018-10-30T01:45:46.471104843Z: [    0.412390] Freeing SMP alternatives memory: 20K
[STDERR  ] 2018-10-30T01:45:46.471123441Z: [    0.433677] smpboot: Max logical packages: 1
[STDERR  ] 2018-10-30T01:45:46.471142548Z: [    0.440000] ..TIMER: vector=0x30 apic1=0 pin1=2 apic2=-1 pin2=-1
[STDERR  ] 2018-10-30T01:45:46.471160875Z: [    0.451000] smpboot: CPU0: AMD QEMU Virtual CPU version 2.5+ (family: 0x6, model: 0x6, stepping: 0x3)
[STDERR  ] 2018-10-30T01:45:46.471181937Z: [    0.457826] Performance Events: PMU not available due to virtualization, using software events only.
[STDERR  ] 2018-10-30T01:45:46.471200391Z: [    0.461693] Hierarchical SRCU implementation.
[STDERR  ] 2018-10-30T01:45:46.471218720Z: [    0.467479] NMI watchdog: Perf event create on CPU 0 failed with -2
[STDERR  ] 2018-10-30T01:45:46.471243966Z: [    0.468055] NMI watchdog: Perf NMI watchdog permanently disabled
[STDERR  ] 2018-10-30T01:45:46.471262679Z: [    0.473229] smp: Bringing up secondary CPUs ...
[STDERR  ] 2018-10-30T01:45:46.471280874Z: [    0.473725] smp: Brought up 1 node, 1 CPU
[STDERR  ] 2018-10-30T01:45:46.471307529Z: [    0.474163] smpboot: Total of 1 processors activated (5199.73 BogoMIPS)
[STDERR  ] 2018-10-30T01:45:46.471326249Z: [    0.490139] devtmpfs: initialized
[STDERR  ] 2018-10-30T01:45:46.471344913Z: [    0.495120] x86/mm: Memory block size: 128MB
[STDERR  ] 2018-10-30T01:45:46.471363557Z: [    0.502278] evm: security.ima
[STDERR  ] 2018-10-30T01:45:46.471382435Z: [    0.502612] evm: security.capability
[STDERR  ] 2018-10-30T01:45:46.471400849Z: [    0.506515] clocksource: jiffies: mask: 0xffffffff max_cycles: 0xffffffff, max_idle_ns: 1911260446275000 ns
[STDERR  ] 2018-10-30T01:45:46.471425356Z: [    0.507207] futex hash table entries: 256 (order: 2, 16384 bytes)
[STDERR  ] 2018-10-30T01:45:46.471453128Z: [    0.520876] NET: Registered protocol family 16
[STDERR  ] 2018-10-30T01:45:46.471472043Z: [    0.529299] cpuidle: using governor ladder
[STDERR  ] 2018-10-30T01:45:46.471491285Z: [    0.529862] cpuidle: using governor menu
[STDERR  ] 2018-10-30T01:45:46.471509940Z: [    0.531896] ACPI: bus type PCI registered
[STDERR  ] 2018-10-30T01:45:46.471528547Z: [    0.535374] PCI: MMCONFIG for domain 0000 [bus 00-ff] at [mem 0xb0000000-0xbfffffff] (base 0xb0000000)
[STDERR  ] 2018-10-30T01:45:46.471549556Z: [    0.536319] PCI: MMCONFIG at [mem 0xb0000000-0xbfffffff] reserved in E820
[STDERR  ] 2018-10-30T01:45:46.471568432Z: [    0.537705] PCI: Using configuration type 1 for base access
[STDERR  ] 2018-10-30T01:45:46.471587029Z: [    0.606453] HugeTLB registered 2.00 MiB page size, pre-allocated 0 pages
[STDERR  ] 2018-10-30T01:45:46.471617191Z: [    0.618251] ACPI: Added _OSI(Module Device)
[STDERR  ] 2018-10-30T01:45:46.471639522Z: [    0.618736] ACPI: Added _OSI(Processor Device)
[STDERR  ] 2018-10-30T01:45:46.471658343Z: [    0.619039] ACPI: Added _OSI(3.0 _SCP Extensions)
[STDERR  ] 2018-10-30T01:45:46.471676509Z: [    0.619516] ACPI: Added _OSI(Processor Aggregator Device)
[STDERR  ] 2018-10-30T01:45:46.471695137Z: [    0.710563] ACPI: Interpreter enabled
[STDERR  ] 2018-10-30T01:45:46.471713710Z: [    0.711668] ACPI: (supports S0 S5)
[STDERR  ] 2018-10-30T01:45:46.471731908Z: [    0.712128] ACPI: Using IOAPIC for interrupt routing
[STDERR  ] 2018-10-30T01:45:46.471750268Z: [    0.715110] PCI: Using host bridge windows from ACPI; if necessary, use "pci=nocrs" and report a bug
[STDERR  ] 2018-10-30T01:45:46.471771841Z: [    0.720660] ACPI: Enabled 2 GPEs in block 00 to 3F
[STDERR  ] 2018-10-30T01:45:46.471790436Z: [    0.803742] ACPI: PCI Root Bridge [PCI0] (domain 0000 [bus 00-ff])
[STDERR  ] 2018-10-30T01:45:46.471808885Z: [    0.805409] acpi PNP0A08:00: _OSC: OS supports [ExtendedConfig ASPM ClockPM Segments MSI]
[STDERR  ] 2018-10-30T01:45:46.471827427Z: [    0.811491] acpi PNP0A08:00: _OSC: OS now controls [PCIeHotplug PME PCIeCapability]
[STDERR  ] 2018-10-30T01:45:46.471845872Z: [    0.815863] PCI host bridge to bus 0000:00
[STDERR  ] 2018-10-30T01:45:46.471864426Z: [    0.816272] pci_bus 0000:00: root bus resource [io  0x0000-0x0cf7 window]
[STDERR  ] 2018-10-30T01:45:46.471883191Z: [    0.817076] pci_bus 0000:00: root bus resource [io  0x0d00-0xffff window]
[STDERR  ] 2018-10-30T01:45:46.471904574Z: [    0.818060] pci_bus 0000:00: root bus resource [mem 0x000a0000-0x000bffff window]
[STDERR  ] 2018-10-30T01:45:46.471923288Z: [    0.818746] pci_bus 0000:00: root bus resource [mem 0xc0000000-0xfebfffff window]
[STDERR  ] 2018-10-30T01:45:46.471941608Z: [    0.819196] pci_bus 0000:00: root bus resource [bus 00-ff]
[STDERR  ] 2018-10-30T01:45:46.471960123Z: [    0.880357] pci 0000:00:1f.0: quirk: [io  0x0600-0x067f] claimed by ICH6 ACPI/GPIO/TCO
[STDERR  ] 2018-10-30T01:45:46.471978537Z: [    0.930804] ACPI: PCI Interrupt Link [LNKA] (IRQs 5 *10 11)
[STDERR  ] 2018-10-30T01:45:46.472008900Z: [    0.933440] ACPI: PCI Interrupt Link [LNKB] (IRQs 5 *10 11)
[STDERR  ] 2018-10-30T01:45:46.472026797Z: [    0.935812] ACPI: PCI Interrupt Link [LNKC] (IRQs 5 10 *11)
[STDERR  ] 2018-10-30T01:45:46.472045176Z: [    0.938628] ACPI: PCI Interrupt Link [LNKD] (IRQs 5 10 *11)
[STDERR  ] 2018-10-30T01:45:46.472063862Z: [    0.940872] ACPI: PCI Interrupt Link [LNKE] (IRQs 5 *10 11)
[STDERR  ] 2018-10-30T01:45:46.472082261Z: [    0.943150] ACPI: PCI Interrupt Link [LNKF] (IRQs 5 *10 11)
[STDERR  ] 2018-10-30T01:45:46.472107741Z: [    0.945419] ACPI: PCI Interrupt Link [LNKG] (IRQs 5 10 *11)
[STDERR  ] 2018-10-30T01:45:46.472155022Z: [    0.947716] ACPI: PCI Interrupt Link [LNKH] (IRQs 5 10 *11)
[STDERR  ] 2018-10-30T01:45:46.472173575Z: [    0.949045] ACPI: PCI Interrupt Link [GSIA] (IRQs *16)
[STDERR  ] 2018-10-30T01:45:46.472192117Z: [    0.949883] ACPI: PCI Interrupt Link [GSIB] (IRQs *17)
[STDERR  ] 2018-10-30T01:45:46.472216345Z: [    0.950362] ACPI: PCI Interrupt Link [GSIC] (IRQs *18)
[STDERR  ] 2018-10-30T01:45:46.472234763Z: [    0.951365] ACPI: PCI Interrupt Link [GSID] (IRQs *19)
[STDERR  ] 2018-10-30T01:45:46.472252859Z: [    0.952359] ACPI: PCI Interrupt Link [GSIE] (IRQs *20)
[STDERR  ] 2018-10-30T01:45:46.472270688Z: [    0.953371] ACPI: PCI Interrupt Link [GSIF] (IRQs *21)
[STDERR  ] 2018-10-30T01:45:46.472288711Z: [    0.954356] ACPI: PCI Interrupt Link [GSIG] (IRQs *22)
[STDERR  ] 2018-10-30T01:45:46.472306747Z: [    0.955351] ACPI: PCI Interrupt Link [GSIH] (IRQs *23)
[STDERR  ] 2018-10-30T01:45:46.472324758Z: [    0.964845] SCSI subsystem initialized
[STDERR  ] 2018-10-30T01:45:46.472342923Z: [    0.968586] ACPI: bus type USB registered
[STDERR  ] 2018-10-30T01:45:46.472364329Z: [    0.970194] usbcore: registered new interface driver usbfs
[STDERR  ] 2018-10-30T01:45:46.472382466Z: [    0.971283] usbcore: registered new interface driver hub
[STDERR  ] 2018-10-30T01:45:46.472400799Z: [    0.972282] usbcore: registered new device driver usb
[STDERR  ] 2018-10-30T01:45:46.472422038Z: [    0.973000] pps_core: LinuxPPS API ver. 1 registered
[STDERR  ] 2018-10-30T01:45:46.472445577Z: [    0.973050] pps_core: Software ver. 5.3.6 - Copyright 2005-2007 Rodolfo Giometti <giometti@linux.it>
[STDERR  ] 2018-10-30T01:45:46.472464442Z: [    0.974215] PTP clock support registered
[STDERR  ] 2018-10-30T01:45:46.472482501Z: [    0.976883] PCI: Using ACPI for IRQ routing
[STDERR  ] 2018-10-30T01:45:46.472501671Z: [    1.001291] NetLabel: Initializing
[STDERR  ] 2018-10-30T01:45:46.472519714Z: [    1.001707] NetLabel:  domain hash size = 128
[STDERR  ] 2018-10-30T01:45:46.472545967Z: [    1.002046] NetLabel:  protocols = UNLABELED CIPSOv4 CALIPSO
[STDERR  ] 2018-10-30T01:45:46.472564508Z: [    1.005150] NetLabel:  unlabeled traffic allowed by default
[STDERR  ] 2018-10-30T01:45:46.472582625Z: [    1.007173] HPET: 3 timers in total, 0 timers will be used for per-cpu timer
[STDERR  ] 2018-10-30T01:45:46.472613571Z: [    1.008252] hpet0: at MMIO 0xfed00000, IRQs 2, 8, 0
[STDERR  ] 2018-10-30T01:45:46.472654692Z: [    1.009059] hpet0: 3 comparators, 64-bit 100.000000 MHz counter
[STDERR  ] 2018-10-30T01:45:46.472677693Z: [    1.019325] clocksource: Switched to clocksource hpet
[STDERR  ] 2018-10-30T01:45:46.472696260Z: [    1.394652] VFS: Disk quotas dquot_6.6.0
[STDERR  ] 2018-10-30T01:45:46.472714502Z: [    1.395983] VFS: Dquot-cache hash table entries: 512 (order 0, 4096 bytes)
[STDERR  ] 2018-10-30T01:45:46.472732945Z: [    1.401006] FS-Cache: Loaded
[STDERR  ] 2018-10-30T01:45:46.472761077Z: [    1.409666] CacheFiles: Loaded
[STDERR  ] 2018-10-30T01:45:46.472779408Z: [    1.412716] pnp: PnP ACPI init
[STDERR  ] 2018-10-30T01:45:46.472797765Z: [    1.429467] pnp: PnP ACPI: found 5 devices
[STDERR  ] 2018-10-30T01:45:46.472820035Z: [    1.481636] clocksource: acpi_pm: mask: 0xffffff max_cycles: 0xffffff, max_idle_ns: 2085701024 ns
[STDERR  ] 2018-10-30T01:45:46.472838588Z: [    1.486754] NET: Registered protocol family 2
[STDERR  ] 2018-10-30T01:45:46.472856785Z: [    1.497855] TCP established hash table entries: 8192 (order: 4, 65536 bytes)
[STDERR  ] 2018-10-30T01:45:46.472880762Z: [    1.499290] TCP bind hash table entries: 8192 (order: 5, 131072 bytes)
[STDERR  ] 2018-10-30T01:45:46.472899175Z: [    1.501338] TCP: Hash tables configured (established 8192 bind 8192)
[STDERR  ] 2018-10-30T01:45:46.472917624Z: [    1.504327] UDP hash table entries: 512 (order: 2, 16384 bytes)
[STDERR  ] 2018-10-30T01:45:46.472935680Z: [    1.505344] UDP-Lite hash table entries: 512 (order: 2, 16384 bytes)
[STDERR  ] 2018-10-30T01:45:46.472954047Z: [    1.508751] NET: Registered protocol family 1
[STDERR  ] 2018-10-30T01:45:46.472972532Z: [    1.510314] pci 0000:00:01.0: Video device with shadowed ROM at [mem 0x000c0000-0x000dffff]
[STDERR  ] 2018-10-30T01:45:46.472994878Z: [    1.519013] Trying to unpack rootfs image as initramfs...
[STDERR  ] 2018-10-30T01:45:46.473013303Z: [    8.982162] Freeing initrd memory: 47076K
[STDERR  ] 2018-10-30T01:45:46.473036691Z: [    9.018419] PCLMULQDQ-NI instructions are not detected.
[STDERR  ] 2018-10-30T01:45:46.473055304Z: [    9.020611] AVX or AES-NI instructions are not detected.
[STDERR  ] 2018-10-30T01:45:46.473078808Z: [    9.021797] CPU feature 'AVX registers' is not supported.
[STDERR  ] 2018-10-30T01:45:46.473097104Z: [    9.022891] CPU feature 'AVX registers' is not supported.
[STDERR  ] 2018-10-30T01:45:46.473118595Z: [    9.023663] CPU feature 'AVX registers' is not supported.
[STDERR  ] 2018-10-30T01:45:46.473139650Z: [    9.024397] CPU feature 'AVX registers' is not supported.
[STDERR  ] 2018-10-30T01:45:46.473157762Z: [    9.024966] AVX2 or AES-NI instructions are not detected.
[STDERR  ] 2018-10-30T01:45:46.473175805Z: [    9.025809] AVX2 instructions are not detected.
[STDERR  ] 2018-10-30T01:45:46.473198283Z: [    9.033312] audit: initializing netlink subsys (disabled)
[STDERR  ] 2018-10-30T01:45:46.473216888Z: [    9.039493] audit: type=2000 audit(1540863908.035:1): state=initialized audit_enabled=0 res=1
[STDERR  ] 2018-10-30T01:45:46.473235413Z: [    9.044887] workingset: timestamp_bits=46 max_order=18 bucket_order=0
[STDERR  ] 2018-10-30T01:45:46.473254011Z: [    9.053939] squashfs: version 4.0 (2009/01/31) Phillip Lougher
[STDERR  ] 2018-10-30T01:45:46.473272488Z: [    9.057379] FS-Cache: Netfs 'cifs' registered for caching
[STDERR  ] 2018-10-30T01:45:46.473290427Z: [    9.058660] fuse init (API version 7.26)
[STDERR  ] 2018-10-30T01:45:46.473314820Z: [    9.062094] SGI XFS with ACLs, security attributes, no debug enabled
[STDERR  ] 2018-10-30T01:45:46.473333184Z: [    9.068749] 9p: Installing v9fs 9p2000 file system support
[STDERR  ] 2018-10-30T01:45:46.473352214Z: [    9.069668] FS-Cache: Netfs '9p' registered for caching
[STDERR  ] 2018-10-30T01:45:46.473370616Z: [    9.123000] NET: Registered protocol family 38
[STDERR  ] 2018-10-30T01:45:46.473389105Z: [    9.124431] Key type asymmetric registered
[STDERR  ] 2018-10-30T01:45:46.473407230Z: [    9.124986] Asymmetric key parser 'x509' registered
[STDERR  ] 2018-10-30T01:45:46.473425540Z: [    9.126134] Block layer SCSI generic (bsg) driver version 0.4 loaded (major 247)
[STDERR  ] 2018-10-30T01:45:46.473444620Z: [    9.128464] io scheduler noop registered
[STDERR  ] 2018-10-30T01:45:46.473468365Z: [    9.128886] io scheduler deadline registered (default)
[STDERR  ] 2018-10-30T01:45:46.473486787Z: [    9.130037] io scheduler cfq registered
[STDERR  ] 2018-10-30T01:45:46.473505725Z: [    9.130674] io scheduler mq-deadline registered
[STDERR  ] 2018-10-30T01:45:46.473529579Z: [    9.131211] io scheduler kyber registered
[STDERR  ] 2018-10-30T01:45:46.473547549Z: [    9.135667] shpchp: Standard Hot Plug PCI Controller Driver version: 0.4
[STDERR  ] 2018-10-30T01:45:46.473570005Z: [    9.136801] hv_vmbus: registering driver hyperv_fb
[STDERR  ] 2018-10-30T01:45:46.473587888Z: [    9.141428] input: Power Button as /devices/LNXSYSTM:00/LNXPWRBN:00/input/input0
[STDERR  ] 2018-10-30T01:45:46.473619272Z: [    9.145040] ACPI: Power Button [PWRF]
[STDERR  ] 2018-10-30T01:45:46.473637555Z: [    9.171095] ACPI: PCI Interrupt Link [GSIG] enabled at IRQ 22
[STDERR  ] 2018-10-30T01:45:46.473670806Z: [    9.188815] ACPI: PCI Interrupt Link [GSIH] enabled at IRQ 23
[STDERR  ] 2018-10-30T01:45:46.473689273Z: [    9.197499] Serial: 8250/16550 driver, 4 ports, IRQ sharing disabled
[STDERR  ] 2018-10-30T01:45:46.473717350Z: [    9.225484] 00:04: ttyS0 at I/O 0x3f8 (irq = 4, base_baud = 115200) is a 16550A
[STDERR  ] 2018-10-30T01:45:46.473735465Z: [    9.239429] Non-volatile memory driver v1.3
[STDERR  ] 2018-10-30T01:45:46.473753736Z: [    9.249319] Hangcheck: starting hangcheck timer 0.9.1 (tick is 180 seconds, margin is 60 seconds).
[STDERR  ] 2018-10-30T01:45:46.473776353Z: [    9.259737] random: crng init done
[STDERR  ] 2018-10-30T01:45:46.473806019Z: [    9.342888] brd: module loaded
[STDERR  ] 2018-10-30T01:45:46.473824903Z: [    9.386249] loop: module loaded
[STDERR  ] 2018-10-30T01:45:46.473847883Z: [    9.461988] lpc_ich 0000:00:1f.0: I/O space for GPIO uninitialized
[STDERR  ] 2018-10-30T01:45:46.473875910Z: [    9.466344] VMware PVSCSI driver - version 1.0.7.0-k
[STDERR  ] 2018-10-30T01:45:46.473896656Z: [    9.467395] hv_vmbus: registering driver hv_storvsc
[STDERR  ] 2018-10-30T01:45:46.473914709Z: [    9.482783] ACPI: PCI Interrupt Link [GSIA] enabled at IRQ 16
[STDERR  ] 2018-10-30T01:45:46.473933017Z: [    9.491505] ahci 0000:00:1f.2: AHCI 0001.0000 32 slots 6 ports 1.5 Gbps 0x3f impl SATA mode
[STDERR  ] 2018-10-30T01:45:46.473958580Z: [    9.492547] ahci 0000:00:1f.2: flags: 64bit ncq only 
[STDERR  ] 2018-10-30T01:45:46.473976865Z: [    9.512356] scsi host0: ahci
[STDERR  ] 2018-10-30T01:45:46.474007409Z: [    9.516561] scsi host1: ahci
[STDERR  ] 2018-10-30T01:45:46.474026248Z: [    9.519001] scsi host2: ahci
[STDERR  ] 2018-10-30T01:45:46.474044958Z: [    9.521682] scsi host3: ahci
[STDERR  ] 2018-10-30T01:45:46.474084075Z: [    9.523990] scsi host4: ahci
[STDERR  ] 2018-10-30T01:45:46.474114662Z: [    9.526478] scsi host5: ahci
[STDERR  ] 2018-10-30T01:45:46.474133510Z: [    9.528459] ata1: SATA max UDMA/133 abar m4096@0xfebd2000 port 0xfebd2100 irq 24
[STDERR  ] 2018-10-30T01:45:46.474152037Z: [    9.529491] ata2: SATA max UDMA/133 abar m4096@0xfebd2000 port 0xfebd2180 irq 24
[STDERR  ] 2018-10-30T01:45:46.474170049Z: [    9.530246] ata3: SATA max UDMA/133 abar m4096@0xfebd2000 port 0xfebd2200 irq 24
[STDERR  ] 2018-10-30T01:45:46.474187926Z: [    9.531146] ata4: SATA max UDMA/133 abar m4096@0xfebd2000 port 0xfebd2280 irq 24
[STDERR  ] 2018-10-30T01:45:46.474206070Z: [    9.532005] ata5: SATA max UDMA/133 abar m4096@0xfebd2000 port 0xfebd2300 irq 24
[STDERR  ] 2018-10-30T01:45:46.474224240Z: [    9.533295] ata6: SATA max UDMA/133 abar m4096@0xfebd2000 port 0xfebd2380 irq 24
[STDERR  ] 2018-10-30T01:45:46.474265755Z: [    9.551634] tun: Universal TUN/TAP device driver, 1.6
[STDERR  ] 2018-10-30T01:45:46.474288493Z: [    9.564630] VMware vmxnet3 virtual NIC driver - version 1.4.a.0-k-NAPI
[STDERR  ] 2018-10-30T01:45:46.474306921Z: [    9.565889] hv_vmbus: registering driver hv_netvsc
[STDERR  ] 2018-10-30T01:45:46.474324751Z: [    9.566684] Fusion MPT base driver 3.04.20
[STDERR  ] 2018-10-30T01:45:46.474342774Z: [    9.567197] Copyright (c) 1999-2008 LSI Corporation
[STDERR  ] 2018-10-30T01:45:46.474360885Z: [    9.568046] Fusion MPT SPI Host driver 3.04.20
[STDERR  ] 2018-10-30T01:45:46.474382766Z: [    9.570917] i8042: PNP: PS/2 Controller [PNP0303:KBD,PNP0f13:MOU] at 0x60,0x64 irq 1,12
[STDERR  ] 2018-10-30T01:45:46.474401331Z: [    9.577280] serio: i8042 KBD port at 0x60,0x64 irq 1
[STDERR  ] 2018-10-30T01:45:46.474419243Z: [    9.578267] serio: i8042 AUX port at 0x60,0x64 irq 12
[STDERR  ] 2018-10-30T01:45:46.474437008Z: [    9.581711] hv_vmbus: registering driver hyperv_keyboard
[STDERR  ] 2018-10-30T01:45:46.474460231Z: [    9.584850] mousedev: PS/2 mouse device common for all mice
[STDERR  ] 2018-10-30T01:45:46.474485169Z: [    9.592630] input: PC Speaker as /devices/platform/pcspkr/input/input2
[STDERR  ] 2018-10-30T01:45:46.474508745Z: [    9.595578] input: AT Translated Set 2 keyboard as /devices/platform/i8042/serio0/input/input1
[STDERR  ] 2018-10-30T01:45:46.474532500Z: [    9.600664] rtc_cmos 00:00: RTC can wake from S4
[STDERR  ] 2018-10-30T01:45:46.474555175Z: [    9.606100] rtc_cmos 00:00: rtc core: registered rtc_cmos as rtc0
[STDERR  ] 2018-10-30T01:45:46.474577454Z: [    9.607707] rtc_cmos 00:00: alarms up to one day, y3k, 114 bytes nvram, hpet irqs
[STDERR  ] 2018-10-30T01:45:46.474600592Z: [    9.608820] i2c /dev entries driver
[STDERR  ] 2018-10-30T01:45:46.474626249Z: [    9.611839] device-mapper: ioctl: 4.37.0-ioctl (2017-09-20) initialised: dm-devel@redhat.com
[STDERR  ] 2018-10-30T01:45:46.474644454Z: [    9.618016] usbcore: registered new interface driver usbhid
[STDERR  ] 2018-10-30T01:45:46.474662742Z: [    9.618849] usbhid: USB HID core driver
[STDERR  ] 2018-10-30T01:45:46.474681190Z: [    9.619958] hv_utils: Registering HyperV Utility Driver
[STDERR  ] 2018-10-30T01:45:46.474707580Z: [    9.620666] hv_vmbus: registering driver hv_util
[STDERR  ] 2018-10-30T01:45:46.474737015Z: [    9.621110] hv_vmbus: registering driver hv_balloon
[STDERR  ] 2018-10-30T01:45:46.474755341Z: [    9.622014] oprofile: using NMI interrupt.
[STDERR  ] 2018-10-30T01:45:46.474773766Z: [    9.623965] GACT probability on
[STDERR  ] 2018-10-30T01:45:46.474794500Z: [    9.624670] Mirror/redirect action on
[STDERR  ] 2018-10-30T01:45:46.474817049Z: [    9.625590] Simple TC action Loaded
[STDERR  ] 2018-10-30T01:45:46.474839799Z: [    9.626664] u32 classifier
[STDERR  ] 2018-10-30T01:45:46.474863184Z: [    9.626952]     Performance counters on
[STDERR  ] 2018-10-30T01:45:46.474881245Z: [    9.627510]     input device check on
[STDERR  ] 2018-10-30T01:45:46.474904334Z: [    9.627904]     Actions configured
[STDERR  ] 2018-10-30T01:45:46.474930389Z: [    9.628981] Netfilter messages via NETLINK v0.30.
[STDERR  ] 2018-10-30T01:45:46.474954867Z: [    9.630271] nfnl_acct: registering with nfnetlink.
[STDERR  ] 2018-10-30T01:45:46.474973378Z: [    9.632095] nf_conntrack version 0.5.0 (8192 buckets, 32768 max)
[STDERR  ] 2018-10-30T01:45:46.474996460Z: [    9.635656] ctnetlink v0.93: registering with nfnetlink.
[STDERR  ] 2018-10-30T01:45:46.475014865Z: [    9.641028] nf_tables: (c) 2007-2009 Patrick McHardy <kaber@trash.net>
[STDERR  ] 2018-10-30T01:45:46.475037272Z: [    9.642723] nf_tables_compat: (c) 2012 Pablo Neira Ayuso <pablo@netfilter.org>
[STDERR  ] 2018-10-30T01:45:46.475055668Z: [    9.646587] xt_time: kernel timezone is -0000
[STDERR  ] 2018-10-30T01:45:46.475073770Z: [    9.647597] ip_set: protocol 6
[STDERR  ] 2018-10-30T01:45:46.475092068Z: [    9.648879] ipip: IPv4 and MPLS over IPv4 tunneling driver
[STDERR  ] 2018-10-30T01:45:46.475110274Z: [    9.654746] gre: GRE over IPv4 demultiplexor driver
[STDERR  ] 2018-10-30T01:45:46.475128459Z: [    9.659240] ip_tables: (C) 2000-2006 Netfilter Core Team
[STDERR  ] 2018-10-30T01:45:46.475146540Z: [    9.665942] arp_tables: arp_tables: (C) 2002 David S. Miller
[STDERR  ] 2018-10-30T01:45:46.475164574Z: [    9.668996] NET: Registered protocol family 10
[STDERR  ] 2018-10-30T01:45:46.475188111Z: [    9.682524] Segment Routing with IPv6
[STDERR  ] 2018-10-30T01:45:46.475206719Z: [    9.683804] ip6_tables: (C) 2000-2006 Netfilter Core Team
[STDERR  ] 2018-10-30T01:45:46.475231894Z: [    9.695869] NET: Registered protocol family 17
[STDERR  ] 2018-10-30T01:45:46.475254547Z: [    9.697486] Bridge firewalling registered
[STDERR  ] 2018-10-30T01:45:46.475275672Z: [    9.698273] 8021q: 802.1Q VLAN Support v1.8
[STDERR  ] 2018-10-30T01:45:46.475298578Z: [    9.700401] 9pnet: Installing 9P2000 support
[STDERR  ] 2018-10-30T01:45:46.475316508Z: [    9.702707] Key type dns_resolver registered
[STDERR  ] 2018-10-30T01:45:46.475334433Z: [    9.704745] sched_clock: Marking stable (9704145490, 0)->(9980071529, -275926039)
[STDERR  ] 2018-10-30T01:45:46.475357038Z: [    9.709697] registered taskstats version 1
[STDERR  ] 2018-10-30T01:45:46.475375384Z: [    9.853712] ata3: SATA link up 1.5 Gbps (SStatus 113 SControl 300)
[STDERR  ] 2018-10-30T01:45:46.475393585Z: [    9.857823] ata2: SATA link down (SStatus 0 SControl 300)
[STDERR  ] 2018-10-30T01:45:46.475417256Z: [    9.859716] ata1: SATA link down (SStatus 0 SControl 300)
[STDERR  ] 2018-10-30T01:45:46.475440391Z: [    9.860574] ata5: SATA link down (SStatus 0 SControl 300)
[STDERR  ] 2018-10-30T01:45:46.475463893Z: [    9.861409] ata4: SATA link down (SStatus 0 SControl 300)
[STDERR  ] 2018-10-30T01:45:46.475481672Z: [    9.862014] ata6: SATA link down (SStatus 0 SControl 300)
[STDERR  ] 2018-10-30T01:45:46.475505143Z: [    9.868060] ata3.00: ATAPI: QEMU DVD-ROM, 2.5+, max UDMA/100
[STDERR  ] 2018-10-30T01:45:46.475541588Z: [    9.868945] ata3.00: applying bridge limits
[STDERR  ] 2018-10-30T01:45:46.475564760Z: [    9.877401] ata3.00: configured for UDMA/100
[STDERR  ] 2018-10-30T01:45:46.475583455Z: [    9.905945] scsi 2:0:0:0: CD-ROM            QEMU     QEMU DVD-ROM     2.5+ PQ: 0 ANSI: 5
[STDERR  ] 2018-10-30T01:45:46.475616289Z: [    9.937348] sr 2:0:0:0: [sr0] scsi3-mmc drive: 4x/4x cd/rw xa/form2 tray
[STDERR  ] 2018-10-30T01:45:46.475641319Z: [    9.938509] cdrom: Uniform CD-ROM driver Revision: 3.20
[STDERR  ] 2018-10-30T01:45:46.475664405Z: [    9.953758] sr 2:0:0:0: Attached scsi generic sg0 type 5
[STDERR  ] 2018-10-30T01:45:46.475687306Z: [   10.016627] tsc: Refined TSC clocksource calibration: 2599.761 MHz
[STDERR  ] 2018-10-30T01:45:46.475705729Z: [   10.017777] clocksource: tsc: mask: 0xffffffffffffffff max_cycles: 0x25795a3d23f, max_idle_ns: 440795283713 ns
[STDERR  ] 2018-10-30T01:45:46.475724465Z: [   10.115307] Key type big_key registered
[STDERR  ] 2018-10-30T01:45:46.475742758Z: [   10.240914] Key type trusted registered
[STDERR  ] 2018-10-30T01:45:46.475774216Z: [   10.367505] Key type encrypted registered
[STDERR  ] 2018-10-30T01:45:46.475800679Z: [   10.368509] ima: No TPM chip found, activating TPM-bypass! (rc=-19)
[STDERR  ] 2018-10-30T01:45:46.475819119Z: [   10.369719] ima: Allocated hash algorithm: sha256
[STDERR  ] 2018-10-30T01:45:46.475837511Z: [   10.374297] evm: HMAC attrs: 0x1
[STDERR  ] 2018-10-30T01:45:46.475856187Z: [   10.380323] rtc_cmos 00:00: setting system clock to 2018-10-30 01:45:10 UTC (1540863910)
[STDERR  ] 2018-10-30T01:45:46.475875256Z: [   10.556721] Freeing unused kernel memory: 1512K
[STDERR  ] 2018-10-30T01:45:46.475893387Z: [   10.559258] Write protecting the kernel read-only data: 18432k
[STDERR  ] 2018-10-30T01:45:46.475912353Z: [   10.577945] Freeing unused kernel memory: 2024K
[STDERR  ] 2018-10-30T01:45:46.475935836Z: [   10.662247] Freeing unused kernel memory: 1132K
[STDERR  ] 2018-10-30T01:45:46.475954336Z: [   11.028862] clocksource: Switched to clocksource tsc
[STDERR  ] 2018-10-30T01:45:46.475972879Z: 
[STDERR  ] 2018-10-30T01:45:46.475996424Z: Welcome to LinuxKit
[STDERR  ] 2018-10-30T01:45:46.476014707Z: 
[STDERR  ] 2018-10-30T01:45:46.476033196Z:                         ##         .
[STDERR  ] 2018-10-30T01:45:46.476051363Z:                   ## ## ##        ==
[STDERR  ] 2018-10-30T01:45:46.476069665Z:                ## ## ## ## ##    ===
[STDERR  ] 2018-10-30T01:45:46.476088508Z:            /"""""""""""""""""\___/ ===
[STDERR  ] 2018-10-30T01:45:46.476110839Z:           {                       /  ===-
[STDERR  ] 2018-10-30T01:45:46.476128731Z:            \______ O           __/
[STDERR  ] 2018-10-30T01:45:46.476147268Z:              \    \         __/
[STDERR  ] 2018-10-30T01:45:46.476169764Z:               \____\_______/
[STDERR  ] 2018-10-30T01:45:46.476187924Z: 
[STDERR  ] 2018-10-30T01:45:46.476213797Z: [34mINFO[0m[0000] starting containerd                           [34mrevision[0m=9f2e07b1fc1342d1c48fe4d7bbb94cb6d1bf278b [34mversion[0m=v1.1.4
[STDERR  ] 2018-10-30T01:45:46.476237598Z: [34mINFO[0m[0000] loading plugin "io.containerd.content.v1.content"...  [34mtype[0m=io.containerd.content.v1
[STDERR  ] 2018-10-30T01:45:46.476256088Z: [34mINFO[0m[0000] loading plugin "io.containerd.snapshotter.v1.btrfs"...  [34mtype[0m=io.containerd.snapshotter.v1
[STDERR  ] 2018-10-30T01:45:46.476283505Z: [33mWARN[0m[0000] failed to load plugin io.containerd.snapshotter.v1.btrfs  [33merror[0m="path /var/lib/containerd/io.containerd.snapshotter.v1.btrfs must be a btrfs filesystem to be used with the btrfs snapshotter"
[STDERR  ] 2018-10-30T01:45:46.476308681Z: [34mINFO[0m[0000] loading plugin "io.containerd.snapshotter.v1.aufs"...  [34mtype[0m=io.containerd.snapshotter.v1
[STDERR  ] 2018-10-30T01:45:46.476327156Z: [33mWARN[0m[0000] failed to load plugin io.containerd.snapshotter.v1.aufs  [33merror[0m="modprobe aufs failed: "modprobe: module aufs not found in modules.dep\n": exit status 1"
[STDERR  ] 2018-10-30T01:45:46.476352791Z: [34mINFO[0m[0000] loading plugin "io.containerd.snapshotter.v1.native"...  [34mtype[0m=io.containerd.snapshotter.v1
[STDERR  ] 2018-10-30T01:45:46.476371712Z: [34mINFO[0m[0000] loading plugin "io.containerd.snapshotter.v1.overlayfs"...  [34mtype[0m=io.containerd.snapshotter.v1
[STDERR  ] 2018-10-30T01:45:46.476392957Z: [34mINFO[0m[0000] loading plugin "io.containerd.snapshotter.v1.zfs"...  [34mtype[0m=io.containerd.snapshotter.v1
[STDERR  ] 2018-10-30T01:45:46.476416114Z: [33mWARN[0m[0000] failed to load plugin io.containerd.snapshotter.v1.zfs  [33merror[0m="path /var/lib/containerd/io.containerd.snapshotter.v1.zfs must be a zfs filesystem to be used with the zfs snapshotter"
[STDERR  ] 2018-10-30T01:45:46.476434972Z: [34mINFO[0m[0000] loading plugin "io.containerd.metadata.v1.bolt"...  [34mtype[0m=io.containerd.metadata.v1
[STDERR  ] 2018-10-30T01:45:46.476453445Z: [33mWARN[0m[0000] could not use snapshotter zfs in metadata plugin  [33merror[0m="path /var/lib/containerd/io.containerd.snapshotter.v1.zfs must be a zfs filesystem to be used with the zfs snapshotter"
[STDERR  ] 2018-10-30T01:45:46.476471875Z: [33mWARN[0m[0000] could not use snapshotter btrfs in metadata plugin  [33merror[0m="path /var/lib/containerd/io.containerd.snapshotter.v1.btrfs must be a btrfs filesystem to be used with the btrfs snapshotter"
[STDERR  ] 2018-10-30T01:45:46.476490926Z: [33mWARN[0m[0000] could not use snapshotter aufs in metadata plugin  [33merror[0m="modprobe aufs failed: "modprobe: module aufs not found in modules.dep\n": exit status 1"
[STDERR  ] 2018-10-30T01:45:46.476509656Z: [34mINFO[0m[0000] loading plugin "io.containerd.differ.v1.walking"...  [34mtype[0m=io.containerd.differ.v1
[STDERR  ] 2018-10-30T01:45:46.476533385Z: [34mINFO[0m[0000] loading plugin "io.containerd.gc.v1.scheduler"...  [34mtype[0m=io.containerd.gc.v1
[STDERR  ] 2018-10-30T01:45:46.476559733Z: [34mINFO[0m[0000] loading plugin "io.containerd.service.v1.containers-service"...  [34mtype[0m=io.containerd.service.v1
[STDERR  ] 2018-10-30T01:45:46.476583666Z: [34mINFO[0m[0000] loading plugin "io.containerd.service.v1.content-service"...  [34mtype[0m=io.containerd.service.v1
[STDERR  ] 2018-10-30T01:45:46.476615825Z: [34mINFO[0m[0000] loading plugin "io.containerd.service.v1.diff-service"...  [34mtype[0m=io.containerd.service.v1
[STDERR  ] 2018-10-30T01:45:46.476634438Z: [34mINFO[0m[0000] loading plugin "io.containerd.service.v1.images-service"...  [34mtype[0m=io.containerd.service.v1
[STDERR  ] 2018-10-30T01:45:46.476653105Z: [34mINFO[0m[0000] loading plugin "io.containerd.service.v1.leases-service"...  [34mtype[0m=io.containerd.service.v1
[STDERR  ] 2018-10-30T01:45:46.476671364Z: [34mINFO[0m[0000] loading plugin "io.containerd.service.v1.namespaces-service"...  [34mtype[0m=io.containerd.service.v1
[STDERR  ] 2018-10-30T01:45:46.476689372Z: [34mINFO[0m[0000] loading plugin "io.containerd.service.v1.snapshots-service"...  [34mtype[0m=io.containerd.service.v1
[STDERR  ] 2018-10-30T01:45:46.476707787Z: [34mINFO[0m[0000] loading plugin "io.containerd.monitor.v1.cgroups"...  [34mtype[0m=io.containerd.monitor.v1
[STDERR  ] 2018-10-30T01:45:46.476725783Z: [34mINFO[0m[0000] loading plugin "io.containerd.runtime.v1.linux"...  [34mtype[0m=io.containerd.runtime.v1
[STDERR  ] 2018-10-30T01:45:46.476744217Z: [34mINFO[0m[0000] loading plugin "io.containerd.service.v1.tasks-service"...  [34mtype[0m=io.containerd.service.v1
[STDERR  ] 2018-10-30T01:45:46.476765543Z: [34mINFO[0m[0000] loading plugin "io.containerd.grpc.v1.containers"...  [34mtype[0m=io.containerd.grpc.v1
[STDERR  ] 2018-10-30T01:45:46.476789472Z: [34mINFO[0m[0000] loading plugin "io.containerd.grpc.v1.content"...  [34mtype[0m=io.containerd.grpc.v1
[STDERR  ] 2018-10-30T01:45:46.476810814Z: [34mINFO[0m[0000] loading plugin "io.containerd.grpc.v1.diff"...  [34mtype[0m=io.containerd.grpc.v1
[STDERR  ] 2018-10-30T01:45:46.476829683Z: [34mINFO[0m[0000] loading plugin "io.containerd.grpc.v1.events"...  [34mtype[0m=io.containerd.grpc.v1
[STDERR  ] 2018-10-30T01:45:46.476852771Z: [34mINFO[0m[0000] loading plugin "io.containerd.grpc.v1.healthcheck"...  [34mtype[0m=io.containerd.grpc.v1
[STDERR  ] 2018-10-30T01:45:46.476875662Z: [34mINFO[0m[0000] loading plugin "io.containerd.grpc.v1.images"...  [34mtype[0m=io.containerd.grpc.v1
[STDERR  ] 2018-10-30T01:45:46.476894254Z: [34mINFO[0m[0000] loading plugin "io.containerd.grpc.v1.leases"...  [34mtype[0m=io.containerd.grpc.v1
[STDERR  ] 2018-10-30T01:45:46.476921425Z: [34mINFO[0m[0000] loading plugin "io.containerd.grpc.v1.namespaces"...  [34mtype[0m=io.containerd.grpc.v1
[STDERR  ] 2018-10-30T01:45:46.476944653Z: [34mINFO[0m[0000] loading plugin "io.containerd.grpc.v1.snapshots"...  [34mtype[0m=io.containerd.grpc.v1
[STDERR  ] 2018-10-30T01:45:46.476963379Z: [34mINFO[0m[0000] loading plugin "io.containerd.grpc.v1.tasks"...  [34mtype[0m=io.containerd.grpc.v1
[STDERR  ] 2018-10-30T01:45:46.476981588Z: [34mINFO[0m[0000] loading plugin "io.containerd.grpc.v1.version"...  [34mtype[0m=io.containerd.grpc.v1
[STDERR  ] 2018-10-30T01:45:46.477006416Z: [34mINFO[0m[0000] loading plugin "io.containerd.grpc.v1.introspection"...  [34mtype[0m=io.containerd.grpc.v1
[STDERR  ] 2018-10-30T01:45:46.477024599Z: [34mINFO[0m[0000] serving...                                    [34maddress[0m="/run/containerd/debug.sock"
[STDERR  ] 2018-10-30T01:45:46.477045995Z: [34mINFO[0m[0000] serving...                                    [34maddress[0m="/run/containerd/containerd.sock"
[STDERR  ] 2018-10-30T01:45:46.477064230Z: [34mINFO[0m[0000] containerd successfully booted in 0.472778s  
[STDERR  ] 2018-10-30T01:45:46.477082977Z: [34mINFO[0m[0001] shim containerd-shim started                  [34maddress[0m="/containerd-shim/services.linuxkit/check-the-logs/shim.sock" [34mdebug[0m=false [34mpid[0m=280
[STDERR  ] 2018-10-30T01:45:46.477101240Z: [34mINFO[0m[0006] shim containerd-shim started                  [34maddress[0m="/containerd-shim/services.linuxkit/kmsg/shim.sock" [34mdebug[0m=false [34mpid[0m=322
[STDERR  ] 2018-10-30T01:45:46.477119921Z: [34mINFO[0m[0010] shim containerd-shim started                  [34maddress[0m="/containerd-shim/services.linuxkit/write-and-rotate-logs/shim.sock" [34mdebug[0m=false [34mpid[0m=375
[STDERR  ] 2018-10-30T01:45:46.477138419Z: kmsg test suite PASSED
[STDERR  ] 2018-10-30T01:45:46.477156559Z: [   46.239748] ACPI: Preparing to enter system sleep state S5
[STDERR  ] 2018-10-30T01:45:46.477175166Z: [   46.249942] reboot: Power down
[STDERR  ] 2018-10-30T01:45:46.477193864Z: + echo [    0.000000] Linux version 4.14.78-linuxkit (root@6498675588d7) (gcc version 6.4.0 (Alpine 6.4.0)) #1 SMP Sat Oct 27 12:23:29 UTC 2018
[STDERR  ] 2018-10-30T01:45:46.477213294Z: [    0.000000] Command line: console=ttyS0 console=ttyAMA0
[STDERR  ] 2018-10-30T01:45:46.477235253Z: [    0.000000] x86/fpu: x87 FPU will use FXSAVE
[STDERR  ] 2018-10-30T01:45:46.477253785Z: [    0.000000] e820: BIOS-provided physical RAM map:
[STDERR  ] 2018-10-30T01:45:46.477271876Z: [    0.000000] BIOS-e820: [mem 0x0000000000000000-0x000000000009fbff] usable
[STDERR  ] 2018-10-30T01:45:46.477292751Z: [    0.000000] BIOS-e820: [mem 0x000000000009fc00-0x000000000009ffff] reserved
[STDERR  ] 2018-10-30T01:45:46.477311094Z: [    0.000000] BIOS-e820: [mem 0x00000000000f0000-0x00000000000fffff] reserved
[STDERR  ] 2018-10-30T01:45:46.477335835Z: [    0.000000] BIOS-e820: [mem 0x0000000000100000-0x000000003ffdefff] usable
[STDERR  ] 2018-10-30T01:45:46.477360434Z: [    0.000000] BIOS-e820: [mem 0x000000003ffdf000-0x000000003fffffff] reserved
[STDERR  ] 2018-10-30T01:45:46.477378511Z: [    0.000000] BIOS-e820: [mem 0x00000000b0000000-0x00000000bfffffff] reserved
[STDERR  ] 2018-10-30T01:45:46.477397678Z: [    0.000000] BIOS-e820: [mem 0x00000000fed1c000-0x00000000fed1ffff] reserved
[STDERR  ] 2018-10-30T01:45:46.477416543Z: [    0.000000] BIOS-e820: [mem 0x00000000fffc0000-0x00000000ffffffff] reserved
[STDERR  ] 2018-10-30T01:45:46.477435004Z: [    0.000000] NX (Execute Disable) protection: active
[STDERR  ] 2018-10-30T01:45:46.477453126Z: [    0.000000] SMBIOS 2.8 present.
[STDERR  ] 2018-10-30T01:45:46.477471569Z: [    0.000000] DMI: QEMU Standard PC (Q35 + ICH9, 2009), BIOS rel-1.10.2-0-g5f4c7b1-prebuilt.qemu-project.org 04/01/2014
[STDERR  ] 2018-10-30T01:45:46.477496401Z: [    0.000000] tsc: Fast TSC calibration using PIT
[STDERR  ] 2018-10-30T01:45:46.477520444Z: [    0.000000] e820: last_pfn = 0x3ffdf max_arch_pfn = 0x400000000
[STDERR  ] 2018-10-30T01:45:46.477538476Z: [    0.000000] x86/PAT: Configuration [0-7]: WB  WC  UC- UC  WB  WP  UC- WT  
[STDERR  ] 2018-10-30T01:45:46.477561683Z: [    0.000000] found SMP MP-table at [mem 0x000f6aa0-0x000f6aaf] mapped at [ffffffffff200aa0]
[STDERR  ] 2018-10-30T01:45:46.477580088Z: [    0.000000] RAMDISK: [mem 0x3d1d7000-0x3ffcffff]
[STDERR  ] 2018-10-30T01:45:46.477598480Z: [    0.000000] ACPI: Early table checksum verification disabled
[STDERR  ] 2018-10-30T01:45:46.477624713Z: [    0.000000] ACPI: RSDP 0x00000000000F68C0 000014 (v00 BOCHS )
[STDERR  ] 2018-10-30T01:45:46.477644668Z: [    0.000000] ACPI: RSDT 0x000000003FFE2404 000034 (v01 BOCHS  BXPCRSDT 00000001 BXPC 00000001)
[STDERR  ] 2018-10-30T01:45:46.477665260Z: [    0.000000] ACPI: FACP 0x000000003FFE22A4 000074 (v01 BOCHS  BXPCFACP 00000001 BXPC 00000001)
[STDERR  ] 2018-10-30T01:45:46.477684361Z: [    0.000000] ACPI: DSDT 0x000000003FFE0040 002264 (v01 BOCHS  BXPCDSDT 00000001 BXPC 00000001)
[STDERR  ] 2018-10-30T01:45:46.477706810Z: [    0.000000] ACPI: FACS 0x000000003FFE0000 000040
[STDERR  ] 2018-10-30T01:45:46.477725390Z: [    0.000000] ACPI: APIC 0x000000003FFE2318 000078 (v01 BOCHS  BXPCAPIC 00000001 BXPC 00000001)
[STDERR  ] 2018-10-30T01:45:46.477743857Z: [    0.000000] ACPI: HPET 0x000000003FFE2390 000038 (v01 BOCHS  BXPCHPET 00000001 BXPC 00000001)
[STDERR  ] 2018-10-30T01:45:46.477768782Z: [    0.000000] ACPI: MCFG 0x000000003FFE23C8 00003C (v01 BOCHS  BXPCMCFG 00000001 BXPC 00000001)
[STDERR  ] 2018-10-30T01:45:46.477791746Z: [    0.000000] Zone ranges:
[STDERR  ] 2018-10-30T01:45:46.477812275Z: [    0.000000]   DMA      [mem 0x0000000000001000-0x0000000000ffffff]
[STDERR  ] 2018-10-30T01:45:46.477832156Z: [    0.000000]   DMA32    [mem 0x0000000001000000-0x000000003ffdefff]
[STDERR  ] 2018-10-30T01:45:46.477853633Z: [    0.000000]   Normal   empty
[STDERR  ] 2018-10-30T01:45:46.477872283Z: [    0.000000]   Device   empty
[STDERR  ] 2018-10-30T01:45:46.477890763Z: [    0.000000] Movable zone start for each node
[STDERR  ] 2018-10-30T01:45:46.477912233Z: [    0.000000] Early memory node ranges
[STDERR  ] 2018-10-30T01:45:46.477930789Z: [    0.000000]   node   0: [mem 0x0000000000001000-0x000000000009efff]
[STDERR  ] 2018-10-30T01:45:46.477952822Z: [    0.000000]   node   0: [mem 0x0000000000100000-0x000000003ffdefff]
[STDERR  ] 2018-10-30T01:45:46.477971208Z: [    0.000000] Initmem setup node 0 [mem 0x0000000000001000-0x000000003ffdefff]
[STDERR  ] 2018-10-30T01:45:46.477994064Z: [    0.000000] ACPI: PM-Timer IO Port: 0x608
[STDERR  ] 2018-10-30T01:45:46.478012538Z: [    0.000000] ACPI: LAPIC_NMI (acpi_id[0xff] dfl dfl lint[0x1])
[STDERR  ] 2018-10-30T01:45:46.478031035Z: [    0.000000] IOAPIC[0]: apic_id 0, version 32, address 0xfec00000, GSI 0-23
[STDERR  ] 2018-10-30T01:45:46.478049561Z: [    0.000000] ACPI: INT_SRC_OVR (bus 0 bus_irq 0 global_irq 2 dfl dfl)
[STDERR  ] 2018-10-30T01:45:46.478067937Z: [    0.000000] ACPI: INT_SRC_OVR (bus 0 bus_irq 5 global_irq 5 high level)
[STDERR  ] 2018-10-30T01:45:46.478086622Z: [    0.000000] ACPI: INT_SRC_OVR (bus 0 bus_irq 9 global_irq 9 high level)
[STDERR  ] 2018-10-30T01:45:46.478111501Z: [    0.000000] ACPI: INT_SRC_OVR (bus 0 bus_irq 10 global_irq 10 high level)
[STDERR  ] 2018-10-30T01:45:46.478130182Z: [    0.000000] ACPI: INT_SRC_OVR (bus 0 bus_irq 11 global_irq 11 high level)
[STDERR  ] 2018-10-30T01:45:46.478148939Z: [    0.000000] Using ACPI (MADT) for SMP configuration information
[STDERR  ] 2018-10-30T01:45:46.478167102Z: [    0.000000] ACPI: HPET id: 0x8086a201 base: 0xfed00000
[STDERR  ] 2018-10-30T01:45:46.478185508Z: [    0.000000] smpboot: Allowing 1 CPUs, 0 hotplug CPUs
[STDERR  ] 2018-10-30T01:45:46.478206860Z: [    0.000000] e820: [mem 0x40000000-0xafffffff] available for PCI devices
[STDERR  ] 2018-10-30T01:45:46.478225485Z: [    0.000000] Booting paravirtualized kernel on bare hardware
[STDERR  ] 2018-10-30T01:45:46.478261812Z: [    0.000000] clocksource: refined-jiffies: mask: 0xffffffff max_cycles: 0xffffffff, max_idle_ns: 1910969940391419 ns
[STDERR  ] 2018-10-30T01:45:46.478289833Z: [    0.000000] random: get_random_bytes called from start_kernel+0x92/0x4cb with crng_init=0
[STDERR  ] 2018-10-30T01:45:46.478308172Z: [    0.000000] setup_percpu: NR_CPUS:128 nr_cpumask_bits:128 nr_cpu_ids:1 nr_node_ids:1
[STDERR  ] 2018-10-30T01:45:46.478326184Z: [    0.000000] percpu: Embedded 45 pages/cpu @ffff95b6fce00000 s144280 r8192 d31848 u2097152
[STDERR  ] 2018-10-30T01:45:46.478344598Z: [    0.000000] Built 1 zonelists, mobility grouping on.  Total pages: 257896
[STDERR  ] 2018-10-30T01:45:46.478365685Z: [    0.000000] Kernel command line: console=ttyS0 console=ttyAMA0
[STDERR  ] 2018-10-30T01:45:46.478383836Z: [    0.000000] PID hash table entries: 4096 (order: 3, 32768 bytes)
[STDERR  ] 2018-10-30T01:45:46.478402108Z: [    0.000000] Dentry cache hash table entries: 131072 (order: 8, 1048576 bytes)
[STDERR  ] 2018-10-30T01:45:46.478420026Z: [    0.000000] Inode-cache hash table entries: 65536 (order: 7, 524288 bytes)
[STDERR  ] 2018-10-30T01:45:46.478444783Z: [    0.000000] Memory: 957808K/1048052K available (12300K kernel code, 1452K rwdata, 2964K rodata, 1512K init, 580K bss, 90244K reserved, 0K cma-reserved)
[STDERR  ] 2018-10-30T01:45:46.478463256Z: [    0.000000] ftrace: allocating 40644 entries in 159 pages
[STDERR  ] 2018-10-30T01:45:46.478481381Z: [    0.000000] Hierarchical RCU implementation.
[STDERR  ] 2018-10-30T01:45:46.478501679Z: [    0.000000] 	RCU restricting CPUs from NR_CPUS=128 to nr_cpu_ids=1.
[STDERR  ] 2018-10-30T01:45:46.478522574Z: [    0.000000] RCU: Adjusting geometry for rcu_fanout_leaf=16, nr_cpu_ids=1
[STDERR  ] 2018-10-30T01:45:46.478540623Z: [    0.000000] NR_IRQS: 8448, nr_irqs: 256, preallocated irqs: 16
[STDERR  ] 2018-10-30T01:45:46.478560859Z: [    0.000000] Console: colour VGA+ 80x25
[STDERR  ] 2018-10-30T01:45:46.478579629Z: [    0.000000] console [ttyS0] enabled
[STDERR  ] 2018-10-30T01:45:46.478598236Z: [    0.000000] clocksource: hpet: mask: 0xffffffff max_cycles: 0xffffffff, max_idle_ns: 19112604467 ns
[STDERR  ] 2018-10-30T01:45:46.478629797Z: [    0.003000] tsc: Fast TSC calibration using PIT
[STDERR  ] 2018-10-30T01:45:46.478648097Z: [    0.004000] tsc: Detected 2599.869 MHz processor
[STDERR  ] 2018-10-30T01:45:46.478666632Z: [    0.007304] Calibrating delay loop (skipped), value calculated using timer frequency.. 5199.73 BogoMIPS (lpj=2599869)
[STDERR  ] 2018-10-30T01:45:46.478685177Z: [    0.008127] pid_max: default: 32768 minimum: 301
[STDERR  ] 2018-10-30T01:45:46.478703208Z: [    0.009618] ACPI: Core revision 20170728
[STDERR  ] 2018-10-30T01:45:46.478721692Z: [    0.054241] ACPI: 1 ACPI AML tables successfully acquired and loaded
[STDERR  ] 2018-10-30T01:45:46.478739840Z: [    0.058903] Security Framework initialized
[STDERR  ] 2018-10-30T01:45:46.478758787Z: [    0.059165] Yama: becoming mindful.
[STDERR  ] 2018-10-30T01:45:46.478777248Z: [    0.062107] Mount-cache hash table entries: 2048 (order: 2, 16384 bytes)
[STDERR  ] 2018-10-30T01:45:46.478795753Z: [    0.062735] Mountpoint-cache hash table entries: 2048 (order: 2, 16384 bytes)
[STDERR  ] 2018-10-30T01:45:46.478825564Z: [    0.087114] Last level iTLB entries: 4KB 0, 2MB 0, 4MB 0
[STDERR  ] 2018-10-30T01:45:46.478844205Z: [    0.087905] Last level dTLB entries: 4KB 0, 2MB 0, 4MB 0, 1GB 0
[STDERR  ] 2018-10-30T01:45:46.478862530Z: [    0.089044] Spectre V2 : Spectre mitigation: LFENCE not serializing, switching to generic retpoline
[STDERR  ] 2018-10-30T01:45:46.478880839Z: [    0.090066] Spectre V2 : Mitigation: Full generic retpoline
[STDERR  ] 2018-10-30T01:45:46.478899501Z: [    0.090582] Spectre V2 : Spectre v2 / SpectreRSB mitigation: Filling RSB on context switch
[STDERR  ] 2018-10-30T01:45:46.478922479Z: [    0.091103] Speculative Store Bypass: Vulnerable
[STDERR  ] 2018-10-30T01:45:46.478944503Z: [    0.256391] random: fast init done
[STDERR  ] 2018-10-30T01:45:46.478966390Z: [    0.412390] Freeing SMP alternatives memory: 20K
[STDERR  ] 2018-10-30T01:45:46.478984695Z: [    0.433677] smpboot: Max logical packages: 1
[STDERR  ] 2018-10-30T01:45:46.479018302Z: [    0.440000] ..TIMER: vector=0x30 apic1=0 pin1=2 apic2=-1 pin2=-1
[STDERR  ] 2018-10-30T01:45:46.479036830Z: [    0.451000] smpboot: CPU0: AMD QEMU Virtual CPU version 2.5+ (family: 0x6, model: 0x6, stepping: 0x3)
[STDERR  ] 2018-10-30T01:45:46.479055249Z: [    0.457826] Performance Events: PMU not available due to virtualization, using software events only.
[STDERR  ] 2018-10-30T01:45:46.479077684Z: [    0.461693] Hierarchical SRCU implementation.
[STDERR  ] 2018-10-30T01:45:46.479096186Z: [    0.467479] NMI watchdog: Perf event create on CPU 0 failed with -2
[STDERR  ] 2018-10-30T01:45:46.479114467Z: [    0.468055] NMI watchdog: Perf NMI watchdog permanently disabled
[STDERR  ] 2018-10-30T01:45:46.479132976Z: [    0.473229] smp: Bringing up secondary CPUs ...
[STDERR  ] 2018-10-30T01:45:46.479155284Z: [    0.473725] smp: Brought up 1 node, 1 CPU
[STDERR  ] 2018-10-30T01:45:46.479173684Z: [    0.474163] smpboot: Total of 1 processors activated (5199.73 BogoMIPS)
[STDERR  ] 2018-10-30T01:45:46.479191492Z: [    0.490139] devtmpfs: initialized
[STDERR  ] 2018-10-30T01:45:46.479216288Z: [    0.495120] x86/mm: Memory block size: 128MB
[STDERR  ] 2018-10-30T01:45:46.479234556Z: [    0.502278] evm: security.ima
[STDERR  ] 2018-10-30T01:45:46.479252548Z: [    0.502612] evm: security.capability
[STDERR  ] 2018-10-30T01:45:46.479273111Z: [    0.506515] clocksource: jiffies: mask: 0xffffffff max_cycles: 0xffffffff, max_idle_ns: 1911260446275000 ns
[STDERR  ] 2018-10-30T01:45:46.479291478Z: [    0.507207] futex hash table entries: 256 (order: 2, 16384 bytes)
[STDERR  ] 2018-10-30T01:45:46.479314973Z: [    0.520876] NET: Registered protocol family 16
[STDERR  ] 2018-10-30T01:45:46.479333345Z: [    0.529299] cpuidle: using governor ladder
[STDERR  ] 2018-10-30T01:45:46.479351483Z: [    0.529862] cpuidle: using governor menu
[STDERR  ] 2018-10-30T01:45:46.479370033Z: [    0.531896] ACPI: bus type PCI registered
[STDERR  ] 2018-10-30T01:45:46.479388547Z: [    0.535374] PCI: MMCONFIG for domain 0000 [bus 00-ff] at [mem 0xb0000000-0xbfffffff] (base 0xb0000000)
[STDERR  ] 2018-10-30T01:45:46.479406587Z: [    0.536319] PCI: MMCONFIG at [mem 0xb0000000-0xbfffffff] reserved in E820
[STDERR  ] 2018-10-30T01:45:46.479432844Z: [    0.537705] PCI: Using configuration type 1 for base access
[STDERR  ] 2018-10-30T01:45:46.479451748Z: [    0.606453] HugeTLB registered 2.00 MiB page size, pre-allocated 0 pages
[STDERR  ] 2018-10-30T01:45:46.479469980Z: [    0.618251] ACPI: Added _OSI(Module Device)
[STDERR  ] 2018-10-30T01:45:46.479489041Z: [    0.618736] ACPI: Added _OSI(Processor Device)
[STDERR  ] 2018-10-30T01:45:46.479508252Z: [    0.619039] ACPI: Added _OSI(3.0 _SCP Extensions)
[STDERR  ] 2018-10-30T01:45:46.479530082Z: [    0.619516] ACPI: Added _OSI(Processor Aggregator Device)
[STDOUT  ] 2018-10-30T01:45:46.479575571Z: [    0.000000] Linux version 4.14.78-linuxkit (root@6498675588d7) (gcc version 6.4.0 (Alpine 6.4.0)) #1 SMP Sat Oct 27 12:23:29 UTC 2018
[STDOUT  ] 2018-10-30T01:45:46.479619779Z: [    0.000000] Command line: console=ttyS0 console=ttyAMA0
[STDOUT  ] 2018-10-30T01:45:46.479638775Z: [    0.000000] x86/fpu: x87 FPU will use FXSAVE
[STDOUT  ] 2018-10-30T01:45:46.479653136Z: [    0.000000] e820: BIOS-provided physical RAM map:
[STDERR  ] 2018-10-30T01:45:46.479553404Z: [    0.710563] ACPI: Interpreter enabled
[STDERR  ] 2018-10-30T01:45:46.479724694Z: [    0.711668] ACPI: (supports S0 S5)
[STDERR  ] 2018-10-30T01:45:46.479769202Z: [    0.712128] ACPI: Using IOAPIC for interrupt routing
[STDERR  ] 2018-10-30T01:45:46.479796633Z: [    0.715110] PCI: Using host bridge windows from ACPI; if necessary, use "pci=nocrs" and report a bug
[STDERR  ] 2018-10-30T01:45:46.479823341Z: [    0.720660] ACPI: Enabled 2 GPEs in block 00 to 3F
[STDERR  ] 2018-10-30T01:45:46.479851166Z: [    0.803742] ACPI: PCI Root Bridge [PCI0] (domain 0000 [bus 00-ff])
[STDERR  ] 2018-10-30T01:45:46.479891381Z: [    0.805409] acpi PNP0A08:00: _OSC: OS supports [ExtendedConfig ASPM ClockPM Segments MSI]
[STDERR  ] 2018-10-30T01:45:46.479930623Z: [    0.811491] acpi PNP0A08:00: _OSC: OS now controls [PCIeHotplug PME PCIeCapability]
[STDOUT  ] 2018-10-30T01:45:46.479668821Z: [    0.000000] BIOS-e820: [mem 0x0000000000000000-0x000000000009fbff] usable
[STDOUT  ] 2018-10-30T01:45:46.480065952Z: [    0.000000] BIOS-e820: [mem 0x000000000009fc00-0x000000000009ffff] reserved
[STDOUT  ] 2018-10-30T01:45:46.480097925Z: [    0.000000] BIOS-e820: [mem 0x00000000000f0000-0x00000000000fffff] reserved
[STDOUT  ] 2018-10-30T01:45:46.480112274Z: [    0.000000] BIOS-e820: [mem 0x0000000000100000-0x000000003ffdefff] usable
[STDOUT  ] 2018-10-30T01:45:46.480126503Z: [    0.000000] BIOS-e820: [mem 0x000000003ffdf000-0x000000003fffffff] reserved
[STDOUT  ] 2018-10-30T01:45:46.480140492Z: [    0.000000] BIOS-e820: [mem 0x00000000b0000000-0x00000000bfffffff] reserved
[STDOUT  ] 2018-10-30T01:45:46.480164441Z: [    0.000000] BIOS-e820: [mem 0x00000000fed1c000-0x00000000fed1ffff] reserved
[STDOUT  ] 2018-10-30T01:45:46.480181647Z: [    0.000000] BIOS-e820: [mem 0x00000000fffc0000-0x00000000ffffffff] reserved
[STDOUT  ] 2018-10-30T01:45:46.480195676Z: [    0.000000] NX (Execute Disable) protection: active
[STDOUT  ] 2018-10-30T01:45:46.480210617Z: [    0.000000] SMBIOS 2.8 present.
[STDOUT  ] 2018-10-30T01:45:46.480225077Z: [    0.000000] DMI: QEMU Standard PC (Q35 + ICH9, 2009), BIOS rel-1.10.2-0-g5f4c7b1-prebuilt.qemu-project.org 04/01/2014
[STDOUT  ] 2018-10-30T01:45:46.480239468Z: [    0.000000] tsc: Fast TSC calibration using PIT
[STDOUT  ] 2018-10-30T01:45:46.480253493Z: [    0.000000] e820: last_pfn = 0x3ffdf max_arch_pfn = 0x400000000
[STDOUT  ] 2018-10-30T01:45:46.480267602Z: [    0.000000] x86/PAT: Configuration [0-7]: WB  WC  UC- UC  WB  WP  UC- WT  
[STDOUT  ] 2018-10-30T01:45:46.480281201Z: [    0.000000] found SMP MP-table at [mem 0x000f6aa0-0x000f6aaf] mapped at [ffffffffff200aa0]
[STDOUT  ] 2018-10-30T01:45:46.480295059Z: [    0.000000] RAMDISK: [mem 0x3d1d7000-0x3ffcffff]
[STDOUT  ] 2018-10-30T01:45:46.480308540Z: [    0.000000] ACPI: Early table checksum verification disabled
[STDOUT  ] 2018-10-30T01:45:46.480322324Z: [    0.000000] ACPI: RSDP 0x00000000000F68C0 000014 (v00 BOCHS )
[STDOUT  ] 2018-10-30T01:45:46.480336177Z: [    0.000000] ACPI: RSDT 0x000000003FFE2404 000034 (v01 BOCHS  BXPCRSDT 00000001 BXPC 00000001)
[STDOUT  ] 2018-10-30T01:45:46.480349908Z: [    0.000000] ACPI: FACP 0x000000003FFE22A4 000074 (v01 BOCHS  BXPCFACP 00000001 BXPC 00000001)
[STDOUT  ] 2018-10-30T01:45:46.480368460Z: [    0.000000] ACPI: DSDT 0x000000003FFE0040 002264 (v01 BOCHS  BXPCDSDT 00000001 BXPC 00000001)
[STDOUT  ] 2018-10-30T01:45:46.480382119Z: [    0.000000] ACPI: FACS 0x000000003FFE0000 000040
[STDOUT  ] 2018-10-30T01:45:46.480396115Z: [    0.000000] ACPI: APIC 0x000000003FFE2318 000078 (v01 BOCHS  BXPCAPIC 00000001 BXPC 00000001)
[STDOUT  ] 2018-10-30T01:45:46.480409793Z: [    0.000000] ACPI: HPET 0x000000003FFE2390 000038 (v01 BOCHS  BXPCHPET 00000001 BXPC 00000001)
[STDOUT  ] 2018-10-30T01:45:46.480423461Z: [    0.000000] ACPI: MCFG 0x000000003FFE23C8 00003C (v01 BOCHS  BXPCMCFG 00000001 BXPC 00000001)
[STDOUT  ] 2018-10-30T01:45:46.480450792Z: [    0.000000] Zone ranges:
[STDOUT  ] 2018-10-30T01:45:46.480465042Z: [    0.000000]   DMA      [mem 0x0000000000001000-0x0000000000ffffff]
[STDOUT  ] 2018-10-30T01:45:46.480479140Z: [    0.000000]   DMA32    [mem 0x0000000001000000-0x000000003ffdefff]
[STDOUT  ] 2018-10-30T01:45:46.480497314Z: [    0.000000]   Normal   empty
[STDOUT  ] 2018-10-30T01:45:46.480515841Z: [    0.000000]   Device   empty
[STDOUT  ] 2018-10-30T01:45:46.480534438Z: [    0.000000] Movable zone start for each node
[STDOUT  ] 2018-10-30T01:45:46.480550427Z: [    0.000000] Early memory node ranges
[STDOUT  ] 2018-10-30T01:45:46.480564375Z: [    0.000000]   node   0: [mem 0x0000000000001000-0x000000000009efff]
[STDOUT  ] 2018-10-30T01:45:46.480578788Z: [    0.000000]   node   0: [mem 0x0000000000100000-0x000000003ffdefff]
[STDOUT  ] 2018-10-30T01:45:46.480622987Z: [    0.000000] Initmem setup node 0 [mem 0x0000000000001000-0x000000003ffdefff]
[STDOUT  ] 2018-10-30T01:45:46.480639274Z: [    0.000000] ACPI: PM-Timer IO Port: 0x608
[STDOUT  ] 2018-10-30T01:45:46.480653317Z: [    0.000000] ACPI: LAPIC_NMI (acpi_id[0xff] dfl dfl lint[0x1])
[STDOUT  ] 2018-10-30T01:45:46.480667616Z: [    0.000000] IOAPIC[0]: apic_id 0, version 32, address 0xfec00000, GSI 0-23
[STDOUT  ] 2018-10-30T01:45:46.480681342Z: [    0.000000] ACPI: INT_SRC_OVR (bus 0 bus_irq 0 global_irq 2 dfl dfl)
[STDOUT  ] 2018-10-30T01:45:46.480695020Z: [    0.000000] ACPI: INT_SRC_OVR (bus 0 bus_irq 5 global_irq 5 high level)
[STDOUT  ] 2018-10-30T01:45:46.480708670Z: [    0.000000] ACPI: INT_SRC_OVR (bus 0 bus_irq 9 global_irq 9 high level)
[STDOUT  ] 2018-10-30T01:45:46.480722570Z: [    0.000000] ACPI: INT_SRC_OVR (bus 0 bus_irq 10 global_irq 10 high level)
[STDOUT  ] 2018-10-30T01:45:46.480736127Z: [    0.000000] ACPI: INT_SRC_OVR (bus 0 bus_irq 11 global_irq 11 high level)
[STDOUT  ] 2018-10-30T01:45:46.480749899Z: [    0.000000] Using ACPI (MADT) for SMP configuration information
[STDOUT  ] 2018-10-30T01:45:46.480764401Z: [    0.000000] ACPI: HPET id: 0x8086a201 base: 0xfed00000
[STDOUT  ] 2018-10-30T01:45:46.480778118Z: [    0.000000] smpboot: Allowing 1 CPUs, 0 hotplug CPUs
[STDOUT  ] 2018-10-30T01:45:46.480791670Z: [    0.000000] e820: [mem 0x40000000-0xafffffff] available for PCI devices
[STDOUT  ] 2018-10-30T01:45:46.480805624Z: [    0.000000] Booting paravirtualized kernel on bare hardware
[STDOUT  ] 2018-10-30T01:45:46.480819577Z: [    0.000000] clocksource: refined-jiffies: mask: 0xffffffff max_cycles: 0xffffffff, max_idle_ns: 1910969940391419 ns
[STDOUT  ] 2018-10-30T01:45:46.480833630Z: [    0.000000] random: get_random_bytes called from start_kernel+0x92/0x4cb with crng_init=0
[STDOUT  ] 2018-10-30T01:45:46.480847479Z: [    0.000000] setup_percpu: NR_CPUS:128 nr_cpumask_bits:128 nr_cpu_ids:1 nr_node_ids:1
[STDOUT  ] 2018-10-30T01:45:46.480868359Z: [    0.000000] percpu: Embedded 45 pages/cpu @ffff95b6fce00000 s144280 r8192 d31848 u2097152
[STDOUT  ] 2018-10-30T01:45:46.480882248Z: [    0.000000] Built 1 zonelists, mobility grouping on.  Total pages: 257896
[STDOUT  ] 2018-10-30T01:45:46.480898948Z: [    0.000000] Kernel command line: console=ttyS0 console=ttyAMA0
[STDOUT  ] 2018-10-30T01:45:46.480912887Z: [    0.000000] PID hash table entries: 4096 (order: 3, 32768 bytes)
[STDOUT  ] 2018-10-30T01:45:46.480926485Z: [    0.000000] Dentry cache hash table entries: 131072 (order: 8, 1048576 bytes)
[STDOUT  ] 2018-10-30T01:45:46.480939933Z: [    0.000000] Inode-cache hash table entries: 65536 (order: 7, 524288 bytes)
[STDOUT  ] 2018-10-30T01:45:46.480954090Z: [    0.000000] Memory: 957808K/1048052K available (12300K kernel code, 1452K rwdata, 2964K rodata, 1512K init, 580K bss, 90244K reserved, 0K cma-reserved)
[STDOUT  ] 2018-10-30T01:45:46.480968694Z: [    0.000000] ftrace: allocating 40644 entries in 159 pages
[STDOUT  ] 2018-10-30T01:45:46.480989805Z: [    0.000000] Hierarchical RCU implementation.
[STDOUT  ] 2018-10-30T01:45:46.481004019Z: [    0.000000] 	RCU restricting CPUs from NR_CPUS=128 to nr_cpu_ids=1.
[STDOUT  ] 2018-10-30T01:45:46.481023301Z: [    0.000000] RCU: Adjusting geometry for rcu_fanout_leaf=16, nr_cpu_ids=1
[STDOUT  ] 2018-10-30T01:45:46.481037110Z: [    0.000000] NR_IRQS: 8448, nr_irqs: 256, preallocated irqs: 16
[STDOUT  ] 2018-10-30T01:45:46.481051324Z: [    0.000000] Console: colour VGA+ 80x25
[STDOUT  ] 2018-10-30T01:45:46.481065228Z: [    0.000000] console [ttyS0] enabled
[STDOUT  ] 2018-10-30T01:45:46.481078793Z: [    0.000000] clocksource: hpet: mask: 0xffffffff max_cycles: 0xffffffff, max_idle_ns: 19112604467 ns
[STDOUT  ] 2018-10-30T01:45:46.481092773Z: [    0.003000] tsc: Fast TSC calibration using PIT
[STDOUT  ] 2018-10-30T01:45:46.481106574Z: [    0.004000] tsc: Detected 2599.869 MHz processor
[STDOUT  ] 2018-10-30T01:45:46.481120484Z: [    0.007304] Calibrating delay loop (skipped), value calculated using timer frequency.. 5199.73 BogoMIPS (lpj=2599869)
[STDOUT  ] 2018-10-30T01:45:46.481139191Z: [    0.008127] pid_max: default: 32768 minimum: 301
[STDOUT  ] 2018-10-30T01:45:46.481153017Z: [    0.009618] ACPI: Core revision 20170728
[STDOUT  ] 2018-10-30T01:45:46.481166639Z: [    0.054241] ACPI: 1 ACPI AML tables successfully acquired and loaded
[STDOUT  ] 2018-10-30T01:45:46.481180241Z: [    0.058903] Security Framework initialized
[STDOUT  ] 2018-10-30T01:45:46.481194086Z: [    0.059165] Yama: becoming mindful.
[STDOUT  ] 2018-10-30T01:45:46.481207753Z: [    0.062107] Mount-cache hash table entries: 2048 (order: 2, 16384 bytes)
[STDOUT  ] 2018-10-30T01:45:46.481221499Z: [    0.062735] Mountpoint-cache hash table entries: 2048 (order: 2, 16384 bytes)
[STDOUT  ] 2018-10-30T01:45:46.481238553Z: [    0.087114] Last level iTLB entries: 4KB 0, 2MB 0, 4MB 0
[STDOUT  ] 2018-10-30T01:45:46.481260272Z: [    0.087905] Last level dTLB entries: 4KB 0, 2MB 0, 4MB 0, 1GB 0
[STDOUT  ] 2018-10-30T01:45:46.481274049Z: [    0.089044] Spectre V2 : Spectre mitigation: LFENCE not serializing, switching to generic retpoline
[STDOUT  ] 2018-10-30T01:45:46.481288111Z: [    0.090066] Spectre V2 : Mitigation: Full generic retpoline
[STDOUT  ] 2018-10-30T01:45:46.481301608Z: [    0.090582] Spectre V2 : Spectre v2 / SpectreRSB mitigation: Filling RSB on context switch
[STDOUT  ] 2018-10-30T01:45:46.481316459Z: [    0.091103] Speculative Store Bypass: Vulnerable
[STDOUT  ] 2018-10-30T01:45:46.481333454Z: [    0.256391] random: fast init done
[STDOUT  ] 2018-10-30T01:45:46.481347124Z: [    0.412390] Freeing SMP alternatives memory: 20K
[STDOUT  ] 2018-10-30T01:45:46.481361128Z: [    0.433677] smpboot: Max logical packages: 1
[STDOUT  ] 2018-10-30T01:45:46.481374699Z: [    0.440000] ..TIMER: vector=0x30 apic1=0 pin1=2 apic2=-1 pin2=-1
[STDOUT  ] 2018-10-30T01:45:46.481388927Z: [    0.451000] smpboot: CPU0: AMD QEMU Virtual CPU version 2.5+ (family: 0x6, model: 0x6, stepping: 0x3)
[STDOUT  ] 2018-10-30T01:45:46.481402642Z: [    0.457826] Performance Events: PMU not available due to virtualization, using software events only.
[STDOUT  ] 2018-10-30T01:45:46.481416650Z: [    0.461693] Hierarchical SRCU implementation.
[STDOUT  ] 2018-10-30T01:45:46.481430105Z: [    0.467479] NMI watchdog: Perf event create on CPU 0 failed with -2
[STDOUT  ] 2018-10-30T01:45:46.481451187Z: [    0.468055] NMI watchdog: Perf NMI watchdog permanently disabled
[STDOUT  ] 2018-10-30T01:45:46.481468417Z: [    0.473229] smp: Bringing up secondary CPUs ...
[STDOUT  ] 2018-10-30T01:45:46.481483889Z: [    0.473725] smp: Brought up 1 node, 1 CPU
[STDOUT  ] 2018-10-30T01:45:46.481501007Z: [    0.474163] smpboot: Total of 1 processors activated (5199.73 BogoMIPS)
[STDOUT  ] 2018-10-30T01:45:46.481514572Z: [    0.490139] devtmpfs: initialized
[STDOUT  ] 2018-10-30T01:45:46.481530310Z: [    0.495120] x86/mm: Memory block size: 128MB
[STDOUT  ] 2018-10-30T01:45:46.481544334Z: [    0.502278] evm: security.ima
[STDOUT  ] 2018-10-30T01:45:46.481557863Z: [    0.502612] evm: security.capability
[STDOUT  ] 2018-10-30T01:45:46.481575370Z: [    0.506515] clocksource: jiffies: mask: 0xffffffff max_cycles: 0xffffffff, max_idle_ns: 1911260446275000 ns
[STDOUT  ] 2018-10-30T01:45:46.481593373Z: [    0.507207] futex hash table entries: 256 (order: 2, 16384 bytes)
[STDOUT  ] 2018-10-30T01:45:46.481621591Z: [    0.520876] NET: Registered protocol family 16
[STDOUT  ] 2018-10-30T01:45:46.481637027Z: [    0.529299] cpuidle: using governor ladder
[STDOUT  ] 2018-10-30T01:45:46.481650653Z: [    0.529862] cpuidle: using governor menu
[STDOUT  ] 2018-10-30T01:45:46.481664209Z: [    0.531896] ACPI: bus type PCI registered
[STDOUT  ] 2018-10-30T01:45:46.481682520Z: [    0.535374] PCI: MMCONFIG for domain 0000 [bus 00-ff] at [mem 0xb0000000-0xbfffffff] (base 0xb0000000)
[STDOUT  ] 2018-10-30T01:45:46.481696191Z: [    0.536319] PCI: MMCONFIG at [mem 0xb0000000-0xbfffffff] reserved in E820
[STDOUT  ] 2018-10-30T01:45:46.481709797Z: [    0.537705] PCI: Using configuration type 1 for base access
[STDOUT  ] 2018-10-30T01:45:46.481731313Z: [    0.606453] HugeTLB registered 2.00 MiB page size, pre-allocated 0 pages
[STDOUT  ] 2018-10-30T01:45:46.481745310Z: [    0.618251] ACPI: Added _OSI(Module Device)
[STDOUT  ] 2018-10-30T01:45:46.481758847Z: [    0.618736] ACPI: Added _OSI(Processor Device)
[STDOUT  ] 2018-10-30T01:45:46.481772328Z: [    0.619039] ACPI: Added _OSI(3.0 _SCP Extensions)
[STDOUT  ] 2018-10-30T01:45:46.481785942Z: [    0.619516] ACPI: Added _OSI(Processor Aggregator Device)
[STDOUT  ] 2018-10-30T01:45:46.481808833Z: [    0.710563] ACPI: Interpreter enabled
[STDOUT  ] 2018-10-30T01:45:46.481823122Z: [    0.711668] ACPI: (supports S0 S5)
[STDOUT  ] 2018-10-30T01:45:46.481836751Z: [    0.712128] ACPI: Using IOAPIC for interrupt routing
[STDOUT  ] 2018-10-30T01:45:46.481850827Z: [    0.715110] PCI: Using host bridge windows from ACPI; if necessary, use "pci=nocrs" and report a bug
[STDOUT  ] 2018-10-30T01:45:46.481864804Z: [    0.720660] ACPI: Enabled 2 GPEs in block 00 to 3F
[STDOUT  ] 2018-10-30T01:45:46.481878579Z: [    0.803742] ACPI: PCI Root Bridge [PCI0] (domain 0000 [bus 00-ff])
[STDOUT  ] 2018-10-30T01:45:46.481892047Z: [    0.805409] acpi PNP0A08:00: _OSC: OS supports [ExtendedConfig ASPM ClockPM Segments MSI]
[STDOUT  ] 2018-10-30T01:45:46.481906240Z: [    0.811491] acpi PNP0A08:00: _OSC: OS now controls [PCIeHotplug PME PCIeCapability]
[STDOUT  ] 2018-10-30T01:45:46.481920141Z: [    0.815863] PCI host bridge to bus 0000:00
[STDOUT  ] 2018-10-30T01:45:46.481933953Z: [    0.816272] pci_bus 0000:00: root bus resource [io  0x0000-0x0cf7 window]
[STDOUT  ] 2018-10-30T01:45:46.481948025Z: [    0.817076] pci_bus 0000:00: root bus resource [io  0x0d00-0xffff window]
[STDOUT  ] 2018-10-30T01:45:46.481961936Z: [    0.818060] pci_bus 0000:00: root bus resource [mem 0x000a0000-0x000bffff window]
[STDOUT  ] 2018-10-30T01:45:46.481976053Z: [    0.818746] pci_bus 0000:00: root bus resource [mem 0xc0000000-0xfebfffff window]
[STDOUT  ] 2018-10-30T01:45:46.481995957Z: [    0.819196] pci_bus 0000:00: root bus resource [bus 00-ff]
[STDOUT  ] 2018-10-30T01:45:46.482009665Z: [    0.880357] pci 0000:00:1f.0: quirk: [io  0x0600-0x067f] claimed by ICH6 ACPI/GPIO/TCO
[STDOUT  ] 2018-10-30T01:45:46.482024399Z: [    0.930804] ACPI: PCI Interrupt Link [LNKA] (IRQs 5 *10 11)
[STDOUT  ] 2018-10-30T01:45:46.482038353Z: [    0.933440] ACPI: PCI Interrupt Link [LNKB] (IRQs 5 *10 11)
[STDOUT  ] 2018-10-30T01:45:46.482051948Z: [    0.935812] ACPI: PCI Interrupt Link [LNKC] (IRQs 5 10 *11)
[STDOUT  ] 2018-10-30T01:45:46.482072643Z: [    0.938628] ACPI: PCI Interrupt Link [LNKD] (IRQs 5 10 *11)
[STDOUT  ] 2018-10-30T01:45:46.482086309Z: [    0.940872] ACPI: PCI Interrupt Link [LNKE] (IRQs 5 *10 11)
[STDOUT  ] 2018-10-30T01:45:46.482100510Z: [    0.943150] ACPI: PCI Interrupt Link [LNKF] (IRQs 5 *10 11)
[STDOUT  ] 2018-10-30T01:45:46.482114225Z: [    0.945419] ACPI: PCI Interrupt Link [LNKG] (IRQs 5 10 *11)
[STDOUT  ] 2018-10-30T01:45:46.482136532Z: [    0.947716] ACPI: PCI Interrupt Link [LNKH] (IRQs 5 10 *11)
[STDOUT  ] 2018-10-30T01:45:46.482150314Z: [    0.949045] ACPI: PCI Interrupt Link [GSIA] (IRQs *16)
[STDOUT  ] 2018-10-30T01:45:46.482163987Z: [    0.949883] ACPI: PCI Interrupt Link [GSIB] (IRQs *17)
[STDOUT  ] 2018-10-30T01:45:46.482177484Z: [    0.950362] ACPI: PCI Interrupt Link [GSIC] (IRQs *18)
[STDOUT  ] 2018-10-30T01:45:46.482196583Z: [    0.951365] ACPI: PCI Interrupt Link [GSID] (IRQs *19)
[STDOUT  ] 2018-10-30T01:45:46.482210487Z: [    0.952359] ACPI: PCI Interrupt Link [GSIE] (IRQs *20)
[STDOUT  ] 2018-10-30T01:45:46.482223907Z: [    0.953371] ACPI: PCI Interrupt Link [GSIF] (IRQs *21)
[STDOUT  ] 2018-10-30T01:45:46.482238105Z: [    0.954356] ACPI: PCI Interrupt Link [GSIG] (IRQs *22)
[STDOUT  ] 2018-10-30T01:45:46.482328867Z: [    0.955351] ACPI: PCI Interrupt Link [GSIH] (IRQs *23)
[STDOUT  ] 2018-10-30T01:45:46.482343648Z: [    0.964845] SCSI subsystem initialized
[STDERR  ] 2018-10-30T01:45:46.479957159Z: [    0.815863] PCI host bridge to bus 0000:00
[STDERR  ] 2018-10-30T01:45:46.482405470Z: [    0.816272] pci_bus 0000:00: root bus resource [io  0x0000-0x0cf7 window]
[STDERR  ] 2018-10-30T01:45:46.482489599Z: [    0.817076] pci_bus 0000:00: root bus resource [io  0x0d00-0xffff window]
[STDOUT  ] 2018-10-30T01:45:46.482357544Z: [    0.968586] ACPI: bus type USB registered
[STDOUT  ] 2018-10-30T01:45:46.482583431Z: [    0.970194] usbcore: registered new interface driver usbfs
[STDERR  ] 2018-10-30T01:45:46.482516624Z: [    0.818060] pci_bus 0000:00: root bus resource [mem 0x000a0000-0x000bffff window]
[STDERR  ] 2018-10-30T01:45:46.482661866Z: [    0.818746] pci_bus 0000:00: root bus resource [mem 0xc0000000-0xfebfffff window]
[STDERR  ] 2018-10-30T01:45:46.482702566Z: [    0.819196] pci_bus 0000:00: root bus resource [bus 00-ff]
[STDERR  ] 2018-10-30T01:45:46.482729424Z: [    0.880357] pci 0000:00:1f.0: quirk: [io  0x0600-0x067f] claimed by ICH6 ACPI/GPIO/TCO
[STDERR  ] 2018-10-30T01:45:46.482749760Z: [    0.930804] ACPI: PCI Interrupt Link [LNKA] (IRQs 5 *10 11)
[STDERR  ] 2018-10-30T01:45:46.482768279Z: [    0.933440] ACPI: PCI Interrupt Link [LNKB] (IRQs 5 *10 11)
[STDERR  ] 2018-10-30T01:45:46.482786193Z: [    0.935812] ACPI: PCI Interrupt Link [LNKC] (IRQs 5 10 *11)
[STDERR  ] 2018-10-30T01:45:46.482804499Z: [    0.938628] ACPI: PCI Interrupt Link [LNKD] (IRQs 5 10 *11)
[STDERR  ] 2018-10-30T01:45:46.482822690Z: [    0.940872] ACPI: PCI Interrupt Link [LNKE] (IRQs 5 *10 11)
[STDERR  ] 2018-10-30T01:45:46.482848730Z: [    0.943150] ACPI: PCI Interrupt Link [LNKF] (IRQs 5 *10 11)
[STDERR  ] 2018-10-30T01:45:46.482871958Z: [    0.945419] ACPI: PCI Interrupt Link [LNKG] (IRQs 5 10 *11)
[STDERR  ] 2018-10-30T01:45:46.482889890Z: [    0.947716] ACPI: PCI Interrupt Link [LNKH] (IRQs 5 10 *11)
[STDERR  ] 2018-10-30T01:45:46.482907877Z: [    0.949045] ACPI: PCI Interrupt Link [GSIA] (IRQs *16)
[STDOUT  ] 2018-10-30T01:45:46.482632522Z: [    0.971283] usbcore: registered new interface driver hub
[STDOUT  ] 2018-10-30T01:45:46.482952962Z: [    0.972282] usbcore: registered new device driver usb
[STDOUT  ] 2018-10-30T01:45:46.482982599Z: [    0.973000] pps_core: LinuxPPS API ver. 1 registered
[STDOUT  ] 2018-10-30T01:45:46.482997401Z: [    0.973050] pps_core: Software ver. 5.3.6 - Copyright 2005-2007 Rodolfo Giometti <giometti@linux.it>
[STDOUT  ] 2018-10-30T01:45:46.483019825Z: [    0.974215] PTP clock support registered
[STDOUT  ] 2018-10-30T01:45:46.483034726Z: [    0.976883] PCI: Using ACPI for IRQ routing
[STDOUT  ] 2018-10-30T01:45:46.483049017Z: [    1.001291] NetLabel: Initializing
[STDOUT  ] 2018-10-30T01:45:46.483063582Z: [    1.001707] NetLabel:  domain hash size = 128
[STDOUT  ] 2018-10-30T01:45:46.483077810Z: [    1.002046] NetLabel:  protocols = UNLABELED CIPSOv4 CALIPSO
[STDOUT  ] 2018-10-30T01:45:46.483098098Z: [    1.005150] NetLabel:  unlabeled traffic allowed by default
[STDOUT  ] 2018-10-30T01:45:46.483113240Z: [    1.007173] HPET: 3 timers in total, 0 timers will be used for per-cpu timer
[STDOUT  ] 2018-10-30T01:45:46.483128541Z: [    1.008252] hpet0: at MMIO 0xfed00000, IRQs 2, 8, 0
[STDOUT  ] 2018-10-30T01:45:46.483148968Z: [    1.009059] hpet0: 3 comparators, 64-bit 100.000000 MHz counter
[STDOUT  ] 2018-10-30T01:45:46.483163975Z: [    1.019325] clocksource: Switched to clocksource hpet
[STDOUT  ] 2018-10-30T01:45:46.483178399Z: [    1.394652] VFS: Disk quotas dquot_6.6.0
[STDOUT  ] 2018-10-30T01:45:46.483206269Z: [    1.395983] VFS: Dquot-cache hash table entries: 512 (order 0, 4096 bytes)
[STDOUT  ] 2018-10-30T01:45:46.483224260Z: [    1.401006] FS-Cache: Loaded
[STDOUT  ] 2018-10-30T01:45:46.483242864Z: [    1.409666] CacheFiles: Loaded
[STDOUT  ] 2018-10-30T01:45:46.483265802Z: [    1.412716] pnp: PnP ACPI init
[STDOUT  ] 2018-10-30T01:45:46.483280293Z: [    1.429467] pnp: PnP ACPI: found 5 devices
[STDOUT  ] 2018-10-30T01:45:46.483294036Z: [    1.481636] clocksource: acpi_pm: mask: 0xffffff max_cycles: 0xffffff, max_idle_ns: 2085701024 ns
[STDOUT  ] 2018-10-30T01:45:46.483308752Z: [    1.486754] NET: Registered protocol family 2
[STDOUT  ] 2018-10-30T01:45:46.483322631Z: [    1.497855] TCP established hash table entries: 8192 (order: 4, 65536 bytes)
[STDOUT  ] 2018-10-30T01:45:46.483344668Z: [    1.499290] TCP bind hash table entries: 8192 (order: 5, 131072 bytes)
[STDOUT  ] 2018-10-30T01:45:46.483358930Z: [    1.501338] TCP: Hash tables configured (established 8192 bind 8192)
[STDOUT  ] 2018-10-30T01:45:46.483372617Z: [    1.504327] UDP hash table entries: 512 (order: 2, 16384 bytes)
[STDOUT  ] 2018-10-30T01:45:46.483404162Z: [    1.505344] UDP-Lite hash table entries: 512 (order: 2, 16384 bytes)
[STDOUT  ] 2018-10-30T01:45:46.483418832Z: [    1.508751] NET: Registered protocol family 1
[STDOUT  ] 2018-10-30T01:45:46.483433298Z: [    1.510314] pci 0000:00:01.0: Video device with shadowed ROM at [mem 0x000c0000-0x000dffff]
[STDOUT  ] 2018-10-30T01:45:46.483447590Z: [    1.519013] Trying to unpack rootfs image as initramfs...
[STDOUT  ] 2018-10-30T01:45:46.483501444Z: [    8.982162] Freeing initrd memory: 47076K
[STDOUT  ] 2018-10-30T01:45:46.483516964Z: [    9.018419] PCLMULQDQ-NI instructions are not detected.
[STDOUT  ] 2018-10-30T01:45:46.483530743Z: [    9.020611] AVX or AES-NI instructions are not detected.
[STDOUT  ] 2018-10-30T01:45:46.483544731Z: [    9.021797] CPU feature 'AVX registers' is not supported.
[STDOUT  ] 2018-10-30T01:45:46.483558327Z: [    9.022891] CPU feature 'AVX registers' is not supported.
[STDOUT  ] 2018-10-30T01:45:46.483571963Z: [    9.023663] CPU feature 'AVX registers' is not supported.
[STDOUT  ] 2018-10-30T01:45:46.483585536Z: [    9.024397] CPU feature 'AVX registers' is not supported.
[STDOUT  ] 2018-10-30T01:45:46.483599450Z: [    9.024966] AVX2 or AES-NI instructions are not detected.
[STDOUT  ] 2018-10-30T01:45:46.483622524Z: [    9.025809] AVX2 instructions are not detected.
[STDOUT  ] 2018-10-30T01:45:46.483636784Z: [    9.033312] audit: initializing netlink subsys (disabled)
[STDOUT  ] 2018-10-30T01:45:46.483650344Z: [    9.039493] audit: type=2000 audit(1540863908.035:1): state=initialized audit_enabled=0 res=1
[STDOUT  ] 2018-10-30T01:45:46.483673464Z: [    9.044887] workingset: timestamp_bits=46 max_order=18 bucket_order=0
[STDOUT  ] 2018-10-30T01:45:46.483687540Z: [    9.053939] squashfs: version 4.0 (2009/01/31) Phillip Lougher
[STDOUT  ] 2018-10-30T01:45:46.483701135Z: [    9.057379] FS-Cache: Netfs 'cifs' registered for caching
[STDOUT  ] 2018-10-30T01:45:46.483725035Z: [    9.058660] fuse init (API version 7.26)
[STDOUT  ] 2018-10-30T01:45:46.483738890Z: [    9.062094] SGI XFS with ACLs, security attributes, no debug enabled
[STDOUT  ] 2018-10-30T01:45:46.483762650Z: [    9.068749] 9p: Installing v9fs 9p2000 file system support
[STDOUT  ] 2018-10-30T01:45:46.483776158Z: [    9.069668] FS-Cache: Netfs '9p' registered for caching
[STDOUT  ] 2018-10-30T01:45:46.483790176Z: [    9.123000] NET: Registered protocol family 38
[STDOUT  ] 2018-10-30T01:45:46.483803813Z: [    9.124431] Key type asymmetric registered
[STDOUT  ] 2018-10-30T01:45:46.483817472Z: [    9.124986] Asymmetric key parser 'x509' registered
[STDOUT  ] 2018-10-30T01:45:46.483831925Z: [    9.126134] Block layer SCSI generic (bsg) driver version 0.4 loaded (major 247)
[STDOUT  ] 2018-10-30T01:45:46.483845388Z: [    9.128464] io scheduler noop registered
[STDOUT  ] 2018-10-30T01:45:46.483858668Z: [    9.128886] io scheduler deadline registered (default)
[STDOUT  ] 2018-10-30T01:45:46.483876730Z: [    9.130037] io scheduler cfq registered
[STDOUT  ] 2018-10-30T01:45:46.483890204Z: [    9.130674] io scheduler mq-deadline registered
[STDOUT  ] 2018-10-30T01:45:46.483903619Z: [    9.131211] io scheduler kyber registered
[STDOUT  ] 2018-10-30T01:45:46.483917268Z: [    9.135667] shpchp: Standard Hot Plug PCI Controller Driver version: 0.4
[STDOUT  ] 2018-10-30T01:45:46.483930944Z: [    9.136801] hv_vmbus: registering driver hyperv_fb
[STDOUT  ] 2018-10-30T01:45:46.483953552Z: [    9.141428] input: Power Button as /devices/LNXSYSTM:00/LNXPWRBN:00/input/input0
[STDOUT  ] 2018-10-30T01:45:46.483967275Z: [    9.145040] ACPI: Power Button [PWRF]
[STDOUT  ] 2018-10-30T01:45:46.483980880Z: [    9.171095] ACPI: PCI Interrupt Link [GSIG] enabled at IRQ 22
[STDOUT  ] 2018-10-30T01:45:46.483999758Z: [    9.188815] ACPI: PCI Interrupt Link [GSIH] enabled at IRQ 23
[STDOUT  ] 2018-10-30T01:45:46.484013537Z: [    9.197499] Serial: 8250/16550 driver, 4 ports, IRQ sharing disabled
[STDOUT  ] 2018-10-30T01:45:46.484026850Z: [    9.225484] 00:04: ttyS0 at I/O 0x3f8 (irq = 4, base_baud = 115200) is a 16550A
[STDOUT  ] 2018-10-30T01:45:46.484040484Z: [    9.239429] Non-volatile memory driver v1.3
[STDOUT  ] 2018-10-30T01:45:46.484067002Z: [    9.249319] Hangcheck: starting hangcheck timer 0.9.1 (tick is 180 seconds, margin is 60 seconds).
[STDOUT  ] 2018-10-30T01:45:46.484081927Z: [    9.259737] random: crng init done
[STDOUT  ] 2018-10-30T01:45:46.484104256Z: [    9.342888] brd: module loaded
[STDOUT  ] 2018-10-30T01:45:46.484118112Z: [    9.386249] loop: module loaded
[STDOUT  ] 2018-10-30T01:45:46.484131788Z: [    9.461988] lpc_ich 0000:00:1f.0: I/O space for GPIO uninitialized
[STDOUT  ] 2018-10-30T01:45:46.484145647Z: [    9.466344] VMware PVSCSI driver - version 1.0.7.0-k
[STDOUT  ] 2018-10-30T01:45:46.484159097Z: [    9.467395] hv_vmbus: registering driver hv_storvsc
[STDOUT  ] 2018-10-30T01:45:46.484178538Z: [    9.482783] ACPI: PCI Interrupt Link [GSIA] enabled at IRQ 16
[STDOUT  ] 2018-10-30T01:45:46.484192519Z: [    9.491505] ahci 0000:00:1f.2: AHCI 0001.0000 32 slots 6 ports 1.5 Gbps 0x3f impl SATA mode
[STDOUT  ] 2018-10-30T01:45:46.484206649Z: [    9.492547] ahci 0000:00:1f.2: flags: 64bit ncq only 
[STDOUT  ] 2018-10-30T01:45:46.484221394Z: [    9.512356] scsi host0: ahci
[STDOUT  ] 2018-10-30T01:45:46.484235536Z: [    9.516561] scsi host1: ahci
[STDOUT  ] 2018-10-30T01:45:46.484249461Z: [    9.519001] scsi host2: ahci
[STDOUT  ] 2018-10-30T01:45:46.484263910Z: [    9.521682] scsi host3: ahci
[STDOUT  ] 2018-10-30T01:45:46.484280284Z: [    9.523990] scsi host4: ahci
[STDOUT  ] 2018-10-30T01:45:46.484294570Z: [    9.526478] scsi host5: ahci
[STDOUT  ] 2018-10-30T01:45:46.484317275Z: [    9.528459] ata1: SATA max UDMA/133 abar m4096@0xfebd2000 port 0xfebd2100 irq 24
[STDOUT  ] 2018-10-30T01:45:46.484330870Z: [    9.529491] ata2: SATA max UDMA/133 abar m4096@0xfebd2000 port 0xfebd2180 irq 24
[STDOUT  ] 2018-10-30T01:45:46.484344722Z: [    9.530246] ata3: SATA max UDMA/133 abar m4096@0xfebd2000 port 0xfebd2200 irq 24
[STDOUT  ] 2018-10-30T01:45:46.484358313Z: [    9.531146] ata4: SATA max UDMA/133 abar m4096@0xfebd2000 port 0xfebd2280 irq 24
[STDOUT  ] 2018-10-30T01:45:46.484371811Z: [    9.532005] ata5: SATA max UDMA/133 abar m4096@0xfebd2000 port 0xfebd2300 irq 24
[STDOUT  ] 2018-10-30T01:45:46.484385490Z: [    9.533295] ata6: SATA max UDMA/133 abar m4096@0xfebd2000 port 0xfebd2380 irq 24
[STDOUT  ] 2018-10-30T01:45:46.484399288Z: [    9.551634] tun: Universal TUN/TAP device driver, 1.6
[STDOUT  ] 2018-10-30T01:45:46.484413027Z: [    9.564630] VMware vmxnet3 virtual NIC driver - version 1.4.a.0-k-NAPI
[STDOUT  ] 2018-10-30T01:45:46.484426890Z: [    9.565889] hv_vmbus: registering driver hv_netvsc
[STDOUT  ] 2018-10-30T01:45:46.484440330Z: [    9.566684] Fusion MPT base driver 3.04.20
[STDOUT  ] 2018-10-30T01:45:46.484454133Z: [    9.567197] Copyright (c) 1999-2008 LSI Corporation
[STDOUT  ] 2018-10-30T01:45:46.484471315Z: [    9.568046] Fusion MPT SPI Host driver 3.04.20
[STDOUT  ] 2018-10-30T01:45:46.484489677Z: [    9.570917] i8042: PNP: PS/2 Controller [PNP0303:KBD,PNP0f13:MOU] at 0x60,0x64 irq 1,12
[STDOUT  ] 2018-10-30T01:45:46.484503442Z: [    9.577280] serio: i8042 KBD port at 0x60,0x64 irq 1
[STDOUT  ] 2018-10-30T01:45:46.484517395Z: [    9.578267] serio: i8042 AUX port at 0x60,0x64 irq 12
[STDOUT  ] 2018-10-30T01:45:46.484563965Z: [    9.581711] hv_vmbus: registering driver hyperv_keyboard
[STDOUT  ] 2018-10-30T01:45:46.484580310Z: [    9.584850] mousedev: PS/2 mouse device common for all mice
[STDOUT  ] 2018-10-30T01:45:46.484594233Z: [    9.592630] input: PC Speaker as /devices/platform/pcspkr/input/input2
[STDOUT  ] 2018-10-30T01:45:46.484619189Z: [    9.595578] input: AT Translated Set 2 keyboard as /devices/platform/i8042/serio0/input/input1
[STDOUT  ] 2018-10-30T01:45:46.484637394Z: [    9.600664] rtc_cmos 00:00: RTC can wake from S4
[STDOUT  ] 2018-10-30T01:45:46.484651362Z: [    9.606100] rtc_cmos 00:00: rtc core: registered rtc_cmos as rtc0
[STDOUT  ] 2018-10-30T01:45:46.484665099Z: [    9.607707] rtc_cmos 00:00: alarms up to one day, y3k, 114 bytes nvram, hpet irqs
[STDOUT  ] 2018-10-30T01:45:46.484679353Z: [    9.608820] i2c /dev entries driver
[STDOUT  ] 2018-10-30T01:45:46.484693231Z: [    9.611839] device-mapper: ioctl: 4.37.0-ioctl (2017-09-20) initialised: dm-devel@redhat.com
[STDOUT  ] 2018-10-30T01:45:46.484707213Z: [    9.618016] usbcore: registered new interface driver usbhid
[STDOUT  ] 2018-10-30T01:45:46.484847610Z: [    9.618849] usbhid: USB HID core driver
[STDOUT  ] 2018-10-30T01:45:46.484861600Z: [    9.619958] hv_utils: Registering HyperV Utility Driver
[STDOUT  ] 2018-10-30T01:45:46.484875598Z: [    9.620666] hv_vmbus: registering driver hv_util
[STDOUT  ] 2018-10-30T01:45:46.484889062Z: [    9.621110] hv_vmbus: registering driver hv_balloon
[STDOUT  ] 2018-10-30T01:45:46.484903056Z: [    9.622014] oprofile: using NMI interrupt.
[STDOUT  ] 2018-10-30T01:45:46.484917243Z: [    9.623965] GACT probability on
[STDOUT  ] 2018-10-30T01:45:46.484931241Z: [    9.624670] Mirror/redirect action on
[STDOUT  ] 2018-10-30T01:45:46.484945611Z: [    9.625590] Simple TC action Loaded
[STDOUT  ] 2018-10-30T01:45:46.484959208Z: [    9.626664] u32 classifier
[STDOUT  ] 2018-10-30T01:45:46.484972828Z: [    9.626952]     Performance counters on
[STDOUT  ] 2018-10-30T01:45:46.484986407Z: [    9.627510]     input device check on
[STDOUT  ] 2018-10-30T01:45:46.485000213Z: [    9.627904]     Actions configured
[STDOUT  ] 2018-10-30T01:45:46.485014693Z: [    9.628981] Netfilter messages via NETLINK v0.30.
[STDOUT  ] 2018-10-30T01:45:46.485029004Z: [    9.630271] nfnl_acct: registering with nfnetlink.
[STDOUT  ] 2018-10-30T01:45:46.485043579Z: [    9.632095] nf_conntrack version 0.5.0 (8192 buckets, 32768 max)
[STDOUT  ] 2018-10-30T01:45:46.485057596Z: [    9.635656] ctnetlink v0.93: registering with nfnetlink.
[STDOUT  ] 2018-10-30T01:45:46.485081710Z: [    9.641028] nf_tables: (c) 2007-2009 Patrick McHardy <kaber@trash.net>
[STDOUT  ] 2018-10-30T01:45:46.485104557Z: [    9.642723] nf_tables_compat: (c) 2012 Pablo Neira Ayuso <pablo@netfilter.org>
[STDOUT  ] 2018-10-30T01:45:46.485118324Z: [    9.646587] xt_time: kernel timezone is -0000
[STDOUT  ] 2018-10-30T01:45:46.485132604Z: [    9.647597] ip_set: protocol 6
[STDOUT  ] 2018-10-30T01:45:46.485155224Z: [    9.648879] ipip: IPv4 and MPLS over IPv4 tunneling driver
[STDOUT  ] 2018-10-30T01:45:46.485168962Z: [    9.654746] gre: GRE over IPv4 demultiplexor driver
[STDOUT  ] 2018-10-30T01:45:46.485183070Z: [    9.659240] ip_tables: (C) 2000-2006 Netfilter Core Team
[STDOUT  ] 2018-10-30T01:45:46.485197026Z: [    9.665942] arp_tables: arp_tables: (C) 2002 David S. Miller
[STDOUT  ] 2018-10-30T01:45:46.485210820Z: [    9.668996] NET: Registered protocol family 10
[STDOUT  ] 2018-10-30T01:45:46.485226209Z: [    9.682524] Segment Routing with IPv6
[STDOUT  ] 2018-10-30T01:45:46.485240219Z: [    9.683804] ip6_tables: (C) 2000-2006 Netfilter Core Team
[STDOUT  ] 2018-10-30T01:45:46.485253639Z: [    9.695869] NET: Registered protocol family 17
[STDOUT  ] 2018-10-30T01:45:46.485274239Z: [    9.697486] Bridge firewalling registered
[STDOUT  ] 2018-10-30T01:45:46.485288594Z: [    9.698273] 8021q: 802.1Q VLAN Support v1.8
[STDOUT  ] 2018-10-30T01:45:46.485312510Z: [    9.700401] 9pnet: Installing 9P2000 support
[STDOUT  ] 2018-10-30T01:45:46.485326648Z: [    9.702707] Key type dns_resolver registered
[STDOUT  ] 2018-10-30T01:45:46.485340152Z: [    9.704745] sched_clock: Marking stable (9704145490, 0)->(9980071529, -275926039)
[STDOUT  ] 2018-10-30T01:45:46.485353931Z: [    9.709697] registered taskstats version 1
[STDOUT  ] 2018-10-30T01:45:46.485367639Z: [    9.853712] ata3: SATA link up 1.5 Gbps (SStatus 113 SControl 300)
[STDOUT  ] 2018-10-30T01:45:46.485381455Z: [    9.857823] ata2: SATA link down (SStatus 0 SControl 300)
[STDOUT  ] 2018-10-30T01:45:46.485399530Z: [    9.859716] ata1: SATA link down (SStatus 0 SControl 300)
[STDOUT  ] 2018-10-30T01:45:46.485413159Z: [    9.860574] ata5: SATA link down (SStatus 0 SControl 300)
[STDOUT  ] 2018-10-30T01:45:46.485426432Z: [    9.861409] ata4: SATA link down (SStatus 0 SControl 300)
[STDOUT  ] 2018-10-30T01:45:46.485453515Z: [    9.862014] ata6: SATA link down (SStatus 0 SControl 300)
[STDOUT  ] 2018-10-30T01:45:46.485467256Z: [    9.868060] ata3.00: ATAPI: QEMU DVD-ROM, 2.5+, max UDMA/100
[STDOUT  ] 2018-10-30T01:45:46.485481312Z: [    9.868945] ata3.00: applying bridge limits
[STDOUT  ] 2018-10-30T01:45:46.485495057Z: [    9.877401] ata3.00: configured for UDMA/100
[STDOUT  ] 2018-10-30T01:45:46.485508615Z: [    9.905945] scsi 2:0:0:0: CD-ROM            QEMU     QEMU DVD-ROM     2.5+ PQ: 0 ANSI: 5
[STDOUT  ] 2018-10-30T01:45:46.485522775Z: [    9.937348] sr 2:0:0:0: [sr0] scsi3-mmc drive: 4x/4x cd/rw xa/form2 tray
[STDOUT  ] 2018-10-30T01:45:46.485536921Z: [    9.938509] cdrom: Uniform CD-ROM driver Revision: 3.20
[STDOUT  ] 2018-10-30T01:45:46.485551297Z: [    9.953758] sr 2:0:0:0: Attached scsi generic sg0 type 5
[STDOUT  ] 2018-10-30T01:45:46.485565446Z: [   10.016627] tsc: Refined TSC clocksource calibration: 2599.761 MHz
[STDOUT  ] 2018-10-30T01:45:46.485579398Z: [   10.017777] clocksource: tsc: mask: 0xffffffffffffffff max_cycles: 0x25795a3d23f, max_idle_ns: 440795283713 ns
[STDOUT  ] 2018-10-30T01:45:46.485593358Z: [   10.115307] Key type big_key registered
[STDOUT  ] 2018-10-30T01:45:46.485618532Z: [   10.240914] Key type trusted registered
[STDOUT  ] 2018-10-30T01:45:46.485632942Z: [   10.367505] Key type encrypted registered
[STDOUT  ] 2018-10-30T01:45:46.485646844Z: [   10.368509] ima: No TPM chip found, activating TPM-bypass! (rc=-19)
[STDOUT  ] 2018-10-30T01:45:46.485660734Z: [   10.369719] ima: Allocated hash algorithm: sha256
[STDOUT  ] 2018-10-30T01:45:46.485674606Z: [   10.374297] evm: HMAC attrs: 0x1
[STDOUT  ] 2018-10-30T01:45:46.485688731Z: [   10.380323] rtc_cmos 00:00: setting system clock to 2018-10-30 01:45:10 UTC (1540863910)
[STDOUT  ] 2018-10-30T01:45:46.485707442Z: [   10.556721] Freeing unused kernel memory: 1512K
[STDOUT  ] 2018-10-30T01:45:46.485729087Z: [   10.559258] Write protecting the kernel read-only data: 18432k
[STDOUT  ] 2018-10-30T01:45:46.485743052Z: [   10.577945] Freeing unused kernel memory: 2024K
[STDOUT  ] 2018-10-30T01:45:46.485781347Z: [   10.662247] Freeing unused kernel memory: 1132K
[STDOUT  ] 2018-10-30T01:45:46.485796285Z: [   11.028862] clocksource: Switched to clocksource tsc
[STDOUT  ] 2018-10-30T01:45:46.485810043Z: 
[STDOUT  ] 2018-10-30T01:45:46.485824569Z: Welcome to LinuxKit
[STDOUT  ] 2018-10-30T01:45:46.485839155Z: 
[STDOUT  ] 2018-10-30T01:45:46.485853142Z:                         ##         .
[STDOUT  ] 2018-10-30T01:45:46.485867757Z:                   ## ## ##        ==
[STDOUT  ] 2018-10-30T01:45:46.485881555Z:                ## ## ## ## ##    ===
[STDOUT  ] 2018-10-30T01:45:46.485895377Z:            /"""""""""""""""""\___/ ===
[STDOUT  ] 2018-10-30T01:45:46.485909399Z:           {                       /  ===-
[STDOUT  ] 2018-10-30T01:45:46.485923412Z:            \______ O           __/
[STDOUT  ] 2018-10-30T01:45:46.485937515Z:              \    \         __/
[STDOUT  ] 2018-10-30T01:45:46.485957129Z:               \____\_______/
[STDOUT  ] 2018-10-30T01:45:46.485970783Z: 
[STDOUT  ] 2018-10-30T01:45:46.485984651Z: [34mINFO[0m[0000] starting containerd                           [34mrevision[0m=9f2e07b1fc1342d1c48fe4d7bbb94cb6d1bf278b [34mversion[0m=v1.1.4
[STDOUT  ] 2018-10-30T01:45:46.485999773Z: [34mINFO[0m[0000] loading plugin "io.containerd.content.v1.content"...  [34mtype[0m=io.containerd.content.v1
[STDOUT  ] 2018-10-30T01:45:46.486024763Z: [34mINFO[0m[0000] loading plugin "io.containerd.snapshotter.v1.btrfs"...  [34mtype[0m=io.containerd.snapshotter.v1
[STDOUT  ] 2018-10-30T01:45:46.486040376Z: [33mWARN[0m[0000] failed to load plugin io.containerd.snapshotter.v1.btrfs  [33merror[0m="path /var/lib/containerd/io.containerd.snapshotter.v1.btrfs must be a btrfs filesystem to be used with the btrfs snapshotter"
[STDOUT  ] 2018-10-30T01:45:46.486059422Z: [34mINFO[0m[0000] loading plugin "io.containerd.snapshotter.v1.aufs"...  [34mtype[0m=io.containerd.snapshotter.v1
[STDOUT  ] 2018-10-30T01:45:46.486073393Z: [33mWARN[0m[0000] failed to load plugin io.containerd.snapshotter.v1.aufs  [33merror[0m="modprobe aufs failed: "modprobe: module aufs not found in modules.dep\n": exit status 1"
[STDOUT  ] 2018-10-30T01:45:46.486088331Z: [34mINFO[0m[0000] loading plugin "io.containerd.snapshotter.v1.native"...  [34mtype[0m=io.containerd.snapshotter.v1
[STDOUT  ] 2018-10-30T01:45:46.486117243Z: [34mINFO[0m[0000] loading plugin "io.containerd.snapshotter.v1.overlayfs"...  [34mtype[0m=io.containerd.snapshotter.v1
