[INFO    ] 2017-11-15T17:26:19.361524449Z: Running Test linuxkit.kernel.config_4.14.x in /tmp/with_clone372b2295/test/cases/020_kernel/006_config_4.14.x
[INFO    ] 2017-11-15T17:26:19.361683144Z: Running command: [/bin/sh -x /tmp/with_clone372b2295/test/cases/020_kernel/006_config_4.14.x/test.sh]
[STDERR  ] 2017-11-15T17:26:19.361745447Z:   - "[34mdevicemapper[m":
[STDERR  ] 2017-11-15T17:26:19.361764716Z:     - [37mCONFIG_BLK_DEV_DM[m: [32menabled[m
[STDERR  ] 2017-11-15T17:26:19.36177717Z:     - [37mCONFIG_DM_THIN_PROVISIONING[m: [32menabled[m
[STDERR  ] 2017-11-15T17:26:19.361789133Z:   - "[34moverlay[m":
[STDERR  ] 2017-11-15T17:26:19.361801967Z:     - [37mCONFIG_OVERLAY_FS[m: [32menabled[m
[STDERR  ] 2017-11-15T17:26:19.361813934Z:   - "[34mzfs[m":
[STDERR  ] 2017-11-15T17:26:19.361826166Z:     - [1m/dev/zfs[m: [1;31mmissing[m
[STDERR  ] 2017-11-15T17:26:19.361838415Z:     - [1mzfs command[m: [1;31mmissing[m
[STDERR  ] 2017-11-15T17:26:19.361850397Z:     - [1mzpool command[m: [1;31mmissing[m
[STDERR  ] 2017-11-15T17:26:19.361862413Z: 
[STDERR  ] 2017-11-15T17:26:19.361874702Z: Limits:
[STDERR  ] 2017-11-15T17:26:19.361886523Z: [37m- /proc/sys/kernel/keys/root_maxkeys[m: [32m1000000[m
[STDERR  ] 2017-11-15T17:26:19.361902125Z: 
[STDERR  ] 2017-11-15T17:26:19.361914113Z: Kernel config test suite PASSED
[STDERR  ] 2017-11-15T17:26:19.361926374Z: [   64.568276] ACPI: Preparing to enter system sleep state S5
[STDERR  ] 2017-11-15T17:26:19.361938409Z: [   64.576250] reboot: Power down
[STDERR  ] 2017-11-15T17:26:19.361950793Z: + grep -q suite PASSED
[STDERR  ] 2017-11-15T17:26:19.361963242Z: + exit 0
[STDERR  ] 2017-11-15T17:26:19.361975306Z: + clean_up
[STDERR  ] 2017-11-15T17:26:19.361987425Z: + rm -rf kconfig-cmdline kconfig-initrd.img kconfig-kernel kconfig-state
[STDERR  ] 2017-11-15T17:26:19.362630925Z: + set -e
[STDERR  ] 2017-11-15T17:26:19.362739671Z: + . /tmp/with_clone372b2295/test/cases/_lib/lib.sh
[STDERR  ] 2017-11-15T17:26:19.362857872Z: + [ -f src/github.com/linuxkit/rtf/lib/lib.sh ]
[STDERR  ] 2017-11-15T17:26:19.362943067Z: + LINUXKIT_TMPDIR=/tmp/with_clone372b2295/test/cases/_tmp
[STDERR  ] 2017-11-15T17:26:19.363046953Z: + [ -f /tmp/with_clone372b2295/test/cases/_tmp/env.sh ]
[STDERR  ] 2017-11-15T17:26:19.363122696Z: + . /tmp/with_clone372b2295/test/cases/_tmp/env.sh
[STDERR  ] 2017-11-15T17:26:19.36320717Z: + export LINUXKIT_EXAMPLES_DIR=/tmp/with_clone372b2295/test/cases/../../examples
[STDERR  ] 2017-11-15T17:26:19.363281846Z: + export LINUXKIT_BLUEPRINTS_DIR=/tmp/with_clone372b2295/test/cases/../../blueprints
[STDERR  ] 2017-11-15T17:26:19.363342904Z: + RT_CANCEL=253
[STDERR  ] 2017-11-15T17:26:19.363402381Z: + NAME=kconfig
[STDERR  ] 2017-11-15T17:26:19.363486087Z: + trap clean_up EXIT
[STDERR  ] 2017-11-15T17:26:19.363612837Z: + moby build -format kernel+initrd -name kconfig test.yml
[STDERR  ] 2017-11-15T17:26:19.377890962Z: Extract kernel image: linuxkit/kernel:4.14
[STDERR  ] 2017-11-15T17:26:31.195439546Z: Add init containers:
[STDERR  ] 2017-11-15T17:26:31.195505397Z: Process init image: linuxkit/init:42a92119e1ca10380e0d33e26c0cbcf85b9b3558
[STDERR  ] 2017-11-15T17:26:34.776129294Z: Process init image: linuxkit/runc:1b0741d07949c0acc444cd6a04ee7f833443579d
[STDERR  ] 2017-11-15T17:26:36.957291794Z: Add onboot containers:
[STDERR  ] 2017-11-15T17:26:36.95739957Z:   Create OCI config for linuxkit/test-kernel-config:ff8fac1c318403aff3e2993dd9b130304e09f92e
[STDERR  ] 2017-11-15T17:26:38.178421143Z: time="2017-11-15T17:26:38Z" level=warning msg="certificate with CN Rolf Neugebauer is near expiry" 
[STDERR  ] 2017-11-15T17:26:38.181388757Z: time="2017-11-15T17:26:38Z" level=warning msg="certificate with CN Rolf Neugebauer is near expiry" 
[STDERR  ] 2017-11-15T17:26:38.993591721Z:   Create OCI config for linuxkit/poweroff:280bd01daa8776fbe1f4d912977f1886b8374834
[STDERR  ] 2017-11-15T17:26:39.93387138Z: time="2017-11-15T17:26:39Z" level=warning msg="certificate with CN Rolf Neugebauer is near expiry" 
[STDERR  ] 2017-11-15T17:26:39.935545873Z: time="2017-11-15T17:26:39Z" level=warning msg="certificate with CN Rolf Neugebauer is near expiry" 
[STDERR  ] 2017-11-15T17:26:40.396394585Z: Create outputs:
[STDERR  ] 2017-11-15T17:26:45.375837335Z:   kconfig-kernel kconfig-initrd.img kconfig-cmdline
[STDERR  ] 2017-11-15T17:26:45.57261347Z: + linuxkit run kconfig
[STDERR  ] 2017-11-15T17:27:50.268043239Z: + RESULT=[    0.000000] Linux version 4.14.0-linuxkit (root@a566eef80e8c) (gcc version 6.3.0 (Alpine 6.3.0)) #1 SMP Tue Nov 14 15:00:52 UTC 2017
[STDERR  ] 2017-11-15T17:27:50.268135682Z: [    0.000000] Command line: console=ttyS0
[STDERR  ] 2017-11-15T17:27:50.268152477Z: [    0.000000] x86/fpu: x87 FPU will use FXSAVE
[STDERR  ] 2017-11-15T17:27:50.26816683Z: [    0.000000] e820: BIOS-provided physical RAM map:
[STDERR  ] 2017-11-15T17:27:50.268180935Z: [    0.000000] BIOS-e820: [mem 0x0000000000000000-0x000000000009fbff] usable
[STDERR  ] 2017-11-15T17:27:50.26819644Z: [    0.000000] BIOS-e820: [mem 0x000000000009fc00-0x000000000009ffff] reserved
[STDERR  ] 2017-11-15T17:27:50.268210489Z: [    0.000000] BIOS-e820: [mem 0x00000000000f0000-0x00000000000fffff] reserved
[STDERR  ] 2017-11-15T17:27:50.268224826Z: [    0.000000] BIOS-e820: [mem 0x0000000000100000-0x000000003ffdefff] usable
[STDERR  ] 2017-11-15T17:27:50.268239567Z: [    0.000000] BIOS-e820: [mem 0x000000003ffdf000-0x000000003fffffff] reserved
[STDERR  ] 2017-11-15T17:27:50.268254121Z: [    0.000000] BIOS-e820: [mem 0x00000000b0000000-0x00000000bfffffff] reserved
[STDERR  ] 2017-11-15T17:27:50.26826832Z: [    0.000000] BIOS-e820: [mem 0x00000000fed1c000-0x00000000fed1ffff] reserved
[STDERR  ] 2017-11-15T17:27:50.268281907Z: [    0.000000] BIOS-e820: [mem 0x00000000fffc0000-0x00000000ffffffff] reserved
[STDERR  ] 2017-11-15T17:27:50.268296024Z: [    0.000000] NX (Execute Disable) protection: active
[STDERR  ] 2017-11-15T17:27:50.268310831Z: [    0.000000] random: fast init done
[STDERR  ] 2017-11-15T17:27:50.268324253Z: [    0.000000] SMBIOS 2.8 present.
[STDERR  ] 2017-11-15T17:27:50.268337202Z: [    0.000000] DMI: QEMU Standard PC (Q35 + ICH9, 2009), BIOS rel-1.10.2-0-g5f4c7b1-prebuilt.qemu-project.org 04/01/2014
[STDERR  ] 2017-11-15T17:27:50.268353992Z: [    0.000000] tsc: Fast TSC calibration using PIT
[STDERR  ] 2017-11-15T17:27:50.26836835Z: [    0.000000] e820: last_pfn = 0x3ffdf max_arch_pfn = 0x400000000
[STDERR  ] 2017-11-15T17:27:50.268381677Z: [    0.000000] x86/PAT: Configuration [0-7]: WB  WC  UC- UC  WB  WP  UC- WT  
[STDERR  ] 2017-11-15T17:27:50.268395717Z: [    0.000000] found SMP MP-table at [mem 0x000f6aa0-0x000f6aaf] mapped at [ffffffffff200aa0]
[STDERR  ] 2017-11-15T17:27:50.268410346Z: [    0.000000] RAMDISK: [mem 0x3e6da000-0x3ffcffff]
[STDERR  ] 2017-11-15T17:27:50.268423315Z: [    0.000000] ACPI: Early table checksum verification disabled
[STDERR  ] 2017-11-15T17:27:50.268437393Z: [    0.000000] ACPI: RSDP 0x00000000000F68C0 000014 (v00 BOCHS )
[STDERR  ] 2017-11-15T17:27:50.268452042Z: [    0.000000] ACPI: RSDT 0x000000003FFE2404 000034 (v01 BOCHS  BXPCRSDT 00000001 BXPC 00000001)
[STDERR  ] 2017-11-15T17:27:50.268466283Z: [    0.000000] ACPI: FACP 0x000000003FFE22A4 000074 (v01 BOCHS  BXPCFACP 00000001 BXPC 00000001)
[STDERR  ] 2017-11-15T17:27:50.26848103Z: [    0.000000] ACPI: DSDT 0x000000003FFE0040 002264 (v01 BOCHS  BXPCDSDT 00000001 BXPC 00000001)
[STDERR  ] 2017-11-15T17:27:50.268495078Z: [    0.000000] ACPI: FACS 0x000000003FFE0000 000040
[STDERR  ] 2017-11-15T17:27:50.268509705Z: [    0.000000] ACPI: APIC 0x000000003FFE2318 000078 (v01 BOCHS  BXPCAPIC 00000001 BXPC 00000001)
[STDERR  ] 2017-11-15T17:27:50.268524518Z: [    0.000000] ACPI: HPET 0x000000003FFE2390 000038 (v01 BOCHS  BXPCHPET 00000001 BXPC 00000001)
[STDERR  ] 2017-11-15T17:27:50.268539123Z: [    0.000000] ACPI: MCFG 0x000000003FFE23C8 00003C (v01 BOCHS  BXPCMCFG 00000001 BXPC 00000001)
[STDERR  ] 2017-11-15T17:27:50.268553734Z: [    0.000000] Zone ranges:
[STDERR  ] 2017-11-15T17:27:50.268567741Z: [    0.000000]   DMA      [mem 0x0000000000001000-0x0000000000ffffff]
[STDERR  ] 2017-11-15T17:27:50.268581212Z: [    0.000000]   DMA32    [mem 0x0000000001000000-0x000000003ffdefff]
[STDERR  ] 2017-11-15T17:27:50.26861076Z: [    0.000000]   Normal   empty
[STDERR  ] 2017-11-15T17:27:50.268624381Z: [    0.000000]   Device   empty
[STDERR  ] 2017-11-15T17:27:50.26863677Z: [    0.000000] Movable zone start for each node
[STDERR  ] 2017-11-15T17:27:50.268649767Z: [    0.000000] Early memory node ranges
[STDERR  ] 2017-11-15T17:27:50.268667209Z: [    0.000000]   node   0: [mem 0x0000000000001000-0x000000000009efff]
[STDERR  ] 2017-11-15T17:27:50.268680008Z: [    0.000000]   node   0: [mem 0x0000000000100000-0x000000003ffdefff]
[STDERR  ] 2017-11-15T17:27:50.268693347Z: [    0.000000] Initmem setup node 0 [mem 0x0000000000001000-0x000000003ffdefff]
[STDERR  ] 2017-11-15T17:27:50.268705774Z: [    0.000000] ACPI: PM-Timer IO Port: 0x608
[STDERR  ] 2017-11-15T17:27:50.268718123Z: [    0.000000] ACPI: LAPIC_NMI (acpi_id[0xff] dfl dfl lint[0x1])
[STDERR  ] 2017-11-15T17:27:50.268731383Z: [    0.000000] IOAPIC[0]: apic_id 0, version 32, address 0xfec00000, GSI 0-23
[STDERR  ] 2017-11-15T17:27:50.26874346Z: [    0.000000] ACPI: INT_SRC_OVR (bus 0 bus_irq 0 global_irq 2 dfl dfl)
[STDERR  ] 2017-11-15T17:27:50.268756801Z: [    0.000000] ACPI: INT_SRC_OVR (bus 0 bus_irq 5 global_irq 5 high level)
[STDERR  ] 2017-11-15T17:27:50.268768979Z: [    0.000000] ACPI: INT_SRC_OVR (bus 0 bus_irq 9 global_irq 9 high level)
[STDERR  ] 2017-11-15T17:27:50.268781175Z: [    0.000000] ACPI: INT_SRC_OVR (bus 0 bus_irq 10 global_irq 10 high level)
[STDERR  ] 2017-11-15T17:27:50.268793786Z: [    0.000000] ACPI: INT_SRC_OVR (bus 0 bus_irq 11 global_irq 11 high level)
[STDERR  ] 2017-11-15T17:27:50.268806322Z: [    0.000000] Using ACPI (MADT) for SMP configuration information
[STDERR  ] 2017-11-15T17:27:50.268818744Z: [    0.000000] ACPI: HPET id: 0x8086a201 base: 0xfed00000
[STDERR  ] 2017-11-15T17:27:50.268830978Z: [    0.000000] smpboot: Allowing 1 CPUs, 0 hotplug CPUs
[STDERR  ] 2017-11-15T17:27:50.268843573Z: [    0.000000] e820: [mem 0x40000000-0xafffffff] available for PCI devices
[STDERR  ] 2017-11-15T17:27:50.26885626Z: [    0.000000] Booting paravirtualized kernel on bare hardware
[STDERR  ] 2017-11-15T17:27:50.268869185Z: [    0.000000] clocksource: refined-jiffies: mask: 0xffffffff max_cycles: 0xffffffff, max_idle_ns: 19112604462750000 ns
[STDERR  ] 2017-11-15T17:27:50.268881576Z: [    0.000000] setup_percpu: NR_CPUS:128 nr_cpumask_bits:128 nr_cpu_ids:1 nr_node_ids:1
[STDERR  ] 2017-11-15T17:27:50.26889492Z: [    0.000000] percpu: Embedded 38 pages/cpu @ffff8895be400000 s115992 r8192 d31464 u2097152
[STDERR  ] 2017-11-15T17:27:50.26890802Z: [    0.000000] Built 1 zonelists, mobility grouping on.  Total pages: 257896
[STDERR  ] 2017-11-15T17:27:50.268920919Z: [    0.000000] Kernel command line: console=ttyS0
[STDERR  ] 2017-11-15T17:27:50.268933824Z: [    0.000000] PID hash table entries: 4096 (order: 3, 32768 bytes)
[STDERR  ] 2017-11-15T17:27:50.268947445Z: [    0.000000] Dentry cache hash table entries: 131072 (order: 8, 1048576 bytes)
[STDERR  ] 2017-11-15T17:27:50.268960223Z: [    0.000000] Inode-cache hash table entries: 65536 (order: 7, 524288 bytes)
[STDERR  ] 2017-11-15T17:27:50.268975433Z: [    0.000000] Memory: 983548K/1048052K available (8624K kernel code, 1437K rwdata, 2916K rodata, 1456K init, 660K bss, 64504K reserved, 0K cma-reserved)
[STDERR  ] 2017-11-15T17:27:50.26899339Z: [    0.000000] ftrace: allocating 40585 entries in 159 pages
[STDERR  ] 2017-11-15T17:27:50.269005969Z: [    0.000000] Hierarchical RCU implementation.
[STDERR  ] 2017-11-15T17:27:50.269018612Z: [    0.000000] 	RCU restricting CPUs from NR_CPUS=128 to nr_cpu_ids=1.
[STDERR  ] 2017-11-15T17:27:50.269030603Z: [    0.000000] RCU: Adjusting geometry for rcu_fanout_leaf=16, nr_cpu_ids=1
[STDERR  ] 2017-11-15T17:27:50.269043285Z: [    0.000000] NR_IRQS: 8448, nr_irqs: 256, preallocated irqs: 16
[STDERR  ] 2017-11-15T17:27:50.269055562Z: [    0.000000] Console: colour VGA+ 80x25
[STDERR  ] 2017-11-15T17:27:50.269068697Z: [    0.000000] console [ttyS0] enabled
[STDERR  ] 2017-11-15T17:27:50.269087159Z: [    0.000000] clocksource: hpet: mask: 0xffffffff max_cycles: 0xffffffff, max_idle_ns: 19112604467 ns
[STDERR  ] 2017-11-15T17:27:50.269103592Z: [    0.010000] tsc: Fast TSC calibration using PIT
[STDERR  ] 2017-11-15T17:27:50.269116878Z: [    0.020000] tsc: Detected 2300.216 MHz processor
[STDERR  ] 2017-11-15T17:27:50.269129321Z: [    0.020000] Calibrating delay loop (skipped), value calculated using timer frequency.. 4600.43 BogoMIPS (lpj=23002160)
[STDERR  ] 2017-11-15T17:27:50.269141542Z: [    0.020000] pid_max: default: 32768 minimum: 301
[STDERR  ] 2017-11-15T17:27:50.269153798Z: [    0.020000] ACPI: Core revision 20170728
[STDERR  ] 2017-11-15T17:27:50.269165873Z: [    0.064842] ACPI: 1 ACPI AML tables successfully acquired and loaded
[STDERR  ] 2017-11-15T17:27:50.26917854Z: [    0.068461] Security Framework initialized
[STDERR  ] 2017-11-15T17:27:50.269190705Z: [    0.068842] Yama: becoming mindful.
[STDERR  ] 2017-11-15T17:27:50.269203163Z: [    0.070785] Mount-cache hash table entries: 2048 (order: 2, 16384 bytes)
[STDERR  ] 2017-11-15T17:27:50.269216888Z: [    0.071272] Mountpoint-cache hash table entries: 2048 (order: 2, 16384 bytes)
[STDERR  ] 2017-11-15T17:27:50.26922941Z: [    0.087896] Last level iTLB entries: 4KB 0, 2MB 0, 4MB 0
[STDERR  ] 2017-11-15T17:27:50.269242083Z: [    0.088272] Last level dTLB entries: 4KB 0, 2MB 0, 4MB 0, 1GB 0
[STDERR  ] 2017-11-15T17:27:50.269254828Z: [    0.385707] Freeing SMP alternatives memory: 24K
[STDERR  ] 2017-11-15T17:27:50.269267224Z: [    0.403970] smpboot: Max logical packages: 1
[STDERR  ] 2017-11-15T17:27:50.269280362Z: [    0.408985] ..TIMER: vector=0x30 apic1=0 pin1=2 apic2=-1 pin2=-1
[STDERR  ] 2017-11-15T17:27:50.269292447Z: [    0.520000] smpboot: CPU0: AMD QEMU Virtual CPU version 2.5+ (family: 0x6, model: 0x6, stepping: 0x3)
[STDERR  ] 2017-11-15T17:27:50.269304766Z: [    0.520000] Performance Events: PMU not available due to virtualization, using software events only.
[STDERR  ] 2017-11-15T17:27:50.269317117Z: [    0.520000] Hierarchical SRCU implementation.
[STDERR  ] 2017-11-15T17:27:50.269330247Z: [    0.525751] NMI watchdog: Perf event create on CPU 0 failed with -2
[STDERR  ] 2017-11-15T17:27:50.269342666Z: [    0.526198] NMI watchdog: Perf NMI watchdog permanently disabled
[STDERR  ] 2017-11-15T17:27:50.269359075Z: [    0.529600] smp: Bringing up secondary CPUs ...
[STDERR  ] 2017-11-15T17:27:50.269371733Z: [    0.530092] smp: Brought up 1 node, 1 CPU
[STDERR  ] 2017-11-15T17:27:50.269384051Z: [    0.530413] smpboot: Total of 1 processors activated (4600.43 BogoMIPS)
[STDERR  ] 2017-11-15T17:27:50.269396964Z: [    0.544785] devtmpfs: initialized
[STDERR  ] 2017-11-15T17:27:50.269409618Z: [    0.550956] x86/mm: Memory block size: 128MB
[STDERR  ] 2017-11-15T17:27:50.269426079Z: [    0.560124] clocksource: jiffies: mask: 0xffffffff max_cycles: 0xffffffff, max_idle_ns: 19112604462750000 ns
[STDERR  ] 2017-11-15T17:27:50.269438975Z: [    0.560843] futex hash table entries: 256 (order: 2, 16384 bytes)
[STDERR  ] 2017-11-15T17:27:50.269452384Z: [    0.571683] NET: Registered protocol family 16
[STDERR  ] 2017-11-15T17:27:50.269464879Z: [    0.578131] cpuidle: using governor ladder
[STDERR  ] 2017-11-15T17:27:50.269477327Z: [    0.578542] cpuidle: using governor menu
[STDERR  ] 2017-11-15T17:27:50.269489246Z: [    0.579884] ACPI: bus type PCI registered
[STDERR  ] 2017-11-15T17:27:50.269501636Z: [    0.583601] PCI: MMCONFIG for domain 0000 [bus 00-ff] at [mem 0xb0000000-0xbfffffff] (base 0xb0000000)
[STDERR  ] 2017-11-15T17:27:50.269513948Z: [    0.585200] PCI: MMCONFIG at [mem 0xb0000000-0xbfffffff] reserved in E820
[STDERR  ] 2017-11-15T17:27:50.269529905Z: [    0.587459] PCI: Using configuration type 1 for base access
[STDERR  ] 2017-11-15T17:27:50.26954234Z: [    0.659696] HugeTLB registered 2.00 MiB page size, pre-allocated 0 pages
[STDERR  ] 2017-11-15T17:27:50.269554936Z: [    0.678268] ACPI: Added _OSI(Module Device)
[STDERR  ] 2017-11-15T17:27:50.269566902Z: [    0.678841] ACPI: Added _OSI(Processor Device)
[STDERR  ] 2017-11-15T17:27:50.269583376Z: [    0.679353] ACPI: Added _OSI(3.0 _SCP Extensions)
[STDERR  ] 2017-11-15T17:27:50.269599456Z: [    0.680190] ACPI: Added _OSI(Processor Aggregator Device)
[STDERR  ] 2017-11-15T17:27:50.26961215Z: [    0.817301] ACPI: Interpreter enabled
[STDERR  ] 2017-11-15T17:27:50.269624412Z: [    0.818491] ACPI: (supports S0 S5)
[STDERR  ] 2017-11-15T17:27:50.269636667Z: [    0.818932] ACPI: Using IOAPIC for interrupt routing
[STDERR  ] 2017-11-15T17:27:50.269649171Z: [    0.821295] PCI: Using host bridge windows from ACPI; if necessary, use "pci=nocrs" and report a bug
[STDERR  ] 2017-11-15T17:27:50.269661227Z: [    0.825120] ACPI: Enabled 2 GPEs in block 00 to 3F
[STDERR  ] 2017-11-15T17:27:50.269673402Z: [    0.899855] ACPI: PCI Root Bridge [PCI0] (domain 0000 [bus 00-ff])
[STDERR  ] 2017-11-15T17:27:50.269685764Z: [    0.900515] acpi PNP0A08:00: _OSC: OS supports [ExtendedConfig ASPM ClockPM Segments MSI]
[STDERR  ] 2017-11-15T17:27:50.269698509Z: [    0.905198] acpi PNP0A08:00: _OSC: OS now controls [PCIeHotplug PME PCIeCapability]
[STDERR  ] 2017-11-15T17:27:50.26971072Z: [    0.908577] PCI host bridge to bus 0000:00
[STDERR  ] 2017-11-15T17:27:50.269723047Z: [    0.909053] pci_bus 0000:00: root bus resource [io  0x0000-0x0cf7 window]
[STDERR  ] 2017-11-15T17:27:50.269735012Z: [    0.909501] pci_bus 0000:00: root bus resource [io  0x0d00-0xffff window]
[STDERR  ] 2017-11-15T17:27:50.269746737Z: [    0.910055] pci_bus 0000:00: root bus resource [mem 0x000a0000-0x000bffff window]
[STDERR  ] 2017-11-15T17:27:50.269758476Z: [    0.910529] pci_bus 0000:00: root bus resource [mem 0xc0000000-0xfebfffff window]
[STDERR  ] 2017-11-15T17:27:50.269770344Z: [    0.911103] pci_bus 0000:00: root bus resource [bus 00-ff]
[STDERR  ] 2017-11-15T17:27:50.269782168Z: [    1.014802] pci 0000:00:1f.0: quirk: [io  0x0600-0x067f] claimed by ICH6 ACPI/GPIO/TCO
[STDERR  ] 2017-11-15T17:27:50.269794433Z: [    1.073172] ACPI: PCI Interrupt Link [LNKA] (IRQs 5 *10 11)
[STDERR  ] 2017-11-15T17:27:50.269806931Z: [    1.075104] ACPI: PCI Interrupt Link [LNKB] (IRQs 5 *10 11)
[STDERR  ] 2017-11-15T17:27:50.269819219Z: [    1.077125] ACPI: PCI Interrupt Link [LNKC] (IRQs 5 10 *11)
[STDERR  ] 2017-11-15T17:27:50.269831279Z: [    1.078909] ACPI: PCI Interrupt Link [LNKD] (IRQs 5 10 *11)
[STDERR  ] 2017-11-15T17:27:50.269843769Z: [    1.080854] ACPI: PCI Interrupt Link [LNKE] (IRQs 5 *10 11)
[STDERR  ] 2017-11-15T17:27:50.269856006Z: [    1.082632] ACPI: PCI Interrupt Link [LNKF] (IRQs 5 *10 11)
[STDERR  ] 2017-11-15T17:27:50.269867726Z: [    1.084400] ACPI: PCI Interrupt Link [LNKG] (IRQs 5 10 *11)
[STDERR  ] 2017-11-15T17:27:50.269879205Z: [    1.086226] ACPI: PCI Interrupt Link [LNKH] (IRQs 5 10 *11)
[STDERR  ] 2017-11-15T17:27:50.269890764Z: [    1.087070] ACPI: PCI Interrupt Link [GSIA] (IRQs *16)
[STDERR  ] 2017-11-15T17:27:50.269903154Z: [    1.087722] ACPI: PCI Interrupt Link [GSIB] (IRQs *17)
[STDERR  ] 2017-11-15T17:27:50.269915338Z: [    1.088364] ACPI: PCI Interrupt Link [GSIC] (IRQs *18)
[STDERR  ] 2017-11-15T17:27:50.269927304Z: [    1.089013] ACPI: PCI Interrupt Link [GSID] (IRQs *19)
[STDERR  ] 2017-11-15T17:27:50.269938912Z: [    1.089657] ACPI: PCI Interrupt Link [GSIE] (IRQs *20)
[STDERR  ] 2017-11-15T17:27:50.269950907Z: [    1.090337] ACPI: PCI Interrupt Link [GSIF] (IRQs *21)
[STDERR  ] 2017-11-15T17:27:50.269962367Z: [    1.090981] ACPI: PCI Interrupt Link [GSIG] (IRQs *22)
[STDERR  ] 2017-11-15T17:27:50.269974861Z: [    1.091590] ACPI: PCI Interrupt Link [GSIH] (IRQs *23)
[STDERR  ] 2017-11-15T17:27:50.269986557Z: [    1.098797] SCSI subsystem initialized
[STDERR  ] 2017-11-15T17:27:50.269998329Z: [    1.101589] ACPI: bus type USB registered
[STDERR  ] 2017-11-15T17:27:50.270010831Z: [    1.102517] usbcore: registered new interface driver usbfs
[STDERR  ] 2017-11-15T17:27:50.270022941Z: [    1.103260] usbcore: registered new interface driver hub
[STDERR  ] 2017-11-15T17:27:50.270034522Z: [    1.104034] usbcore: registered new device driver usb
[STDERR  ] 2017-11-15T17:27:50.270045924Z: [    1.104941] pps_core: LinuxPPS API ver. 1 registered
[STDERR  ] 2017-11-15T17:27:50.270066153Z: [    1.105272] pps_core: Software ver. 5.3.6 - Copyright 2005-2007 Rodolfo Giometti <giometti@linux.it>
[STDERR  ] 2017-11-15T17:27:50.27007794Z: [    1.105960] PTP clock support registered
[STDERR  ] 2017-11-15T17:27:50.270090011Z: [    1.108416] PCI: Using ACPI for IRQ routing
[STDERR  ] 2017-11-15T17:27:50.270101548Z: [    1.126497] NetLabel: Initializing
[STDERR  ] 2017-11-15T17:27:50.270112617Z: [    1.126754] NetLabel:  domain hash size = 128
[STDERR  ] 2017-11-15T17:27:50.270124241Z: [    1.127038] NetLabel:  protocols = UNLABELED CIPSOv4 CALIPSO
[STDERR  ] 2017-11-15T17:27:50.270136497Z: [    1.129237] NetLabel:  unlabeled traffic allowed by default
[STDERR  ] 2017-11-15T17:27:50.270148843Z: [    1.130274] HPET: 3 timers in total, 0 timers will be used for per-cpu timer
[STDERR  ] 2017-11-15T17:27:50.270160441Z: [    1.130978] hpet0: at MMIO 0xfed00000, IRQs 2, 8, 0
[STDERR  ] 2017-11-15T17:27:50.270172777Z: [    1.131391] hpet0: 3 comparators, 64-bit 100.000000 MHz counter
[STDERR  ] 2017-11-15T17:27:50.270184738Z: [    1.136407] clocksource: Switched to clocksource hpet
[STDERR  ] 2017-11-15T17:27:50.270197055Z: [    1.522990] VFS: Disk quotas dquot_6.6.0
[STDERR  ] 2017-11-15T17:27:50.270212042Z: [    1.523652] VFS: Dquot-cache hash table entries: 512 (order 0, 4096 bytes)
[STDERR  ] 2017-11-15T17:27:50.270224593Z: [    1.526109] FS-Cache: Loaded
[STDERR  ] 2017-11-15T17:27:50.270236852Z: [    1.531096] CacheFiles: Loaded
[STDERR  ] 2017-11-15T17:27:50.270248629Z: [    1.532047] pnp: PnP ACPI init
[STDERR  ] 2017-11-15T17:27:50.270261379Z: [    1.542749] pnp: PnP ACPI: found 5 devices
[STDERR  ] 2017-11-15T17:27:50.270274322Z: [    1.582240] clocksource: acpi_pm: mask: 0xffffff max_cycles: 0xffffff, max_idle_ns: 2085701024 ns
[STDERR  ] 2017-11-15T17:27:50.270287739Z: [    1.584668] NET: Registered protocol family 2
[STDERR  ] 2017-11-15T17:27:50.270300504Z: [    1.591458] TCP established hash table entries: 8192 (order: 4, 65536 bytes)
[STDERR  ] 2017-11-15T17:27:50.270314344Z: [    1.592110] TCP bind hash table entries: 8192 (order: 5, 131072 bytes)
[STDERR  ] 2017-11-15T17:27:50.270330566Z: [    1.593157] TCP: Hash tables configured (established 8192 bind 8192)
[STDERR  ] 2017-11-15T17:27:50.270343393Z: [    1.595162] UDP hash table entries: 512 (order: 2, 16384 bytes)
[STDERR  ] 2017-11-15T17:27:50.270356022Z: [    1.595727] UDP-Lite hash table entries: 512 (order: 2, 16384 bytes)
[STDERR  ] 2017-11-15T17:27:50.270368683Z: [    1.597892] NET: Registered protocol family 1
[STDERR  ] 2017-11-15T17:27:50.270381143Z: [    1.598732] pci 0000:00:01.0: Video device with shadowed ROM at [mem 0x000c0000-0x000dffff]
[STDERR  ] 2017-11-15T17:27:50.270394167Z: [    1.604715] Trying to unpack rootfs image as initramfs...
[STDERR  ] 2017-11-15T17:27:50.270406942Z: [    8.354182] Freeing initrd memory: 25560K
[STDERR  ] 2017-11-15T17:27:50.270419458Z: [    8.397449] PCLMULQDQ-NI instructions are not detected.
[STDERR  ] 2017-11-15T17:27:50.270432161Z: [    8.399320] AVX or AES-NI instructions are not detected.
[STDERR  ] 2017-11-15T17:27:50.270445013Z: [    8.400028] CPU feature 'AVX registers' is not supported.
[STDERR  ] 2017-11-15T17:27:50.270457888Z: [    8.402049] CPU feature 'AVX registers' is not supported.
[STDERR  ] 2017-11-15T17:27:50.270470177Z: [    8.402685] CPU feature 'AVX registers' is not supported.
[STDERR  ] 2017-11-15T17:27:50.270482398Z: [    8.403310] CPU feature 'AVX registers' is not supported.
[STDERR  ] 2017-11-15T17:27:50.270494405Z: [    8.403941] AVX2 or AES-NI instructions are not detected.
[STDERR  ] 2017-11-15T17:27:50.270506569Z: [    8.404548] AVX2 instructions are not detected.
[STDERR  ] 2017-11-15T17:27:50.270518978Z: [    8.413622] audit: initializing netlink subsys (disabled)
[STDERR  ] 2017-11-15T17:27:50.270531251Z: [    8.422544] audit: type=2000 audit(1510766818.410:1): state=initialized audit_enabled=0 res=1
[STDERR  ] 2017-11-15T17:27:50.270544336Z: [    8.427045] workingset: timestamp_bits=46 max_order=18 bucket_order=0
[STDERR  ] 2017-11-15T17:27:50.270566079Z: [    8.435655] squashfs: version 4.0 (2009/01/31) Phillip Lougher
[STDERR  ] 2017-11-15T17:27:50.270579036Z: [    8.439266] FS-Cache: Netfs 'cifs' registered for caching
[STDERR  ] 2017-11-15T17:27:50.270592328Z: [    8.441157] fuse init (API version 7.26)
[STDERR  ] 2017-11-15T17:27:50.270606007Z: [    8.444376] SGI XFS with ACLs, security attributes, no debug enabled
[STDERR  ] 2017-11-15T17:27:50.270618831Z: [    8.450631] 9p: Installing v9fs 9p2000 file system support
[STDERR  ] 2017-11-15T17:27:50.270631614Z: [    8.451399] FS-Cache: Netfs '9p' registered for caching
[STDERR  ] 2017-11-15T17:27:50.270643956Z: [    8.516145] NET: Registered protocol family 38
[STDERR  ] 2017-11-15T17:27:50.270656402Z: [    8.517062] Key type asymmetric registered
[STDERR  ] 2017-11-15T17:27:50.270668969Z: [    8.517612] Asymmetric key parser 'x509' registered
[STDERR  ] 2017-11-15T17:27:50.270681035Z: [    8.518620] Block layer SCSI generic (bsg) driver version 0.4 loaded (major 248)
[STDERR  ] 2017-11-15T17:27:50.270693873Z: [    8.521805] io scheduler noop registered
[STDERR  ] 2017-11-15T17:27:50.270706817Z: [    8.522318] io scheduler deadline registered (default)
[STDERR  ] 2017-11-15T17:27:50.270719412Z: [    8.523470] io scheduler cfq registered
[STDERR  ] 2017-11-15T17:27:50.270731849Z: [    8.523928] io scheduler mq-deadline registered
[STDERR  ] 2017-11-15T17:27:50.270744319Z: [    8.524418] io scheduler kyber registered
[STDERR  ] 2017-11-15T17:27:50.270756645Z: [    8.528828] shpchp: Standard Hot Plug PCI Controller Driver version: 0.4
[STDERR  ] 2017-11-15T17:27:50.270769311Z: [    8.529987] hv_vmbus: registering driver hyperv_fb
[STDERR  ] 2017-11-15T17:27:50.270781746Z: [    8.536040] input: Power Button as /devices/LNXSYSTM:00/LNXPWRBN:00/input/input0
[STDERR  ] 2017-11-15T17:27:50.270794625Z: [    8.540983] ACPI: Power Button [PWRF]
[STDERR  ] 2017-11-15T17:27:50.270806643Z: [    8.568498] ACPI: PCI Interrupt Link [GSIG] enabled at IRQ 22
[STDERR  ] 2017-11-15T17:27:50.270818678Z: [    8.588616] ACPI: PCI Interrupt Link [GSIH] enabled at IRQ 23
[STDERR  ] 2017-11-15T17:27:50.270831212Z: [    8.596675] Serial: 8250/16550 driver, 4 ports, IRQ sharing disabled
[STDERR  ] 2017-11-15T17:27:50.270843992Z: [    8.630486] 00:04: ttyS0 at I/O 0x3f8 (irq = 4, base_baud = 115200) is a 16550A
[STDERR  ] 2017-11-15T17:27:50.270856285Z: [    8.644464] Non-volatile memory driver v1.3
[STDERR  ] 2017-11-15T17:27:50.270871899Z: [    8.653995] Hangcheck: starting hangcheck timer 0.9.1 (tick is 180 seconds, margin is 60 seconds).
[STDERR  ] 2017-11-15T17:27:50.27088397Z: [    8.660929] random: crng init done
[STDERR  ] 2017-11-15T17:27:50.27089622Z: [    8.755404] brd: module loaded
[STDERR  ] 2017-11-15T17:27:50.270908316Z: [    8.804895] loop: module loaded
[STDERR  ] 2017-11-15T17:27:50.270920399Z: [    8.895935] lpc_ich 0000:00:1f.0: I/O space for GPIO uninitialized
[STDERR  ] 2017-11-15T17:27:50.270932444Z: [    8.899079] VMware PVSCSI driver - version 1.0.7.0-k
[STDERR  ] 2017-11-15T17:27:50.270944525Z: [    8.900053] hv_vmbus: registering driver hv_storvsc
[STDERR  ] 2017-11-15T17:27:50.270957166Z: [    8.917120] ACPI: PCI Interrupt Link [GSIA] enabled at IRQ 16
[STDERR  ] 2017-11-15T17:27:50.270969675Z: [    8.927242] ahci 0000:00:1f.2: AHCI 0001.0000 32 slots 6 ports 1.5 Gbps 0x3f impl SATA mode
[STDERR  ] 2017-11-15T17:27:50.27098256Z: [    8.928290] ahci 0000:00:1f.2: flags: 64bit ncq only 
[STDERR  ] 2017-11-15T17:27:50.270994567Z: [    8.954953] scsi host0: ahci
[STDERR  ] 2017-11-15T17:27:50.271006554Z: [    8.959807] scsi host1: ahci
[STDERR  ] 2017-11-15T17:27:50.271018657Z: [    8.962889] scsi host2: ahci
[STDERR  ] 2017-11-15T17:27:50.271031143Z: [    8.965777] scsi host3: ahci
[STDERR  ] 2017-11-15T17:27:50.271043194Z: [    8.969462] scsi host4: ahci
[STDERR  ] 2017-11-15T17:27:50.271055016Z: [    8.972670] scsi host5: ahci
[STDERR  ] 2017-11-15T17:27:50.271066878Z: [    8.974779] ata1: SATA max UDMA/133 abar m4096@0xfebd2000 port 0xfebd2100 irq 24
[STDERR  ] 2017-11-15T17:27:50.271086576Z: [    8.975621] ata2: SATA max UDMA/133 abar m4096@0xfebd2000 port 0xfebd2180 irq 24
[STDERR  ] 2017-11-15T17:27:50.271103594Z: [    8.976370] ata3: SATA max UDMA/133 abar m4096@0xfebd2000 port 0xfebd2200 irq 24
[STDERR  ] 2017-11-15T17:27:50.271116479Z: [    8.977121] ata4: SATA max UDMA/133 abar m4096@0xfebd2000 port 0xfebd2280 irq 24
[STDERR  ] 2017-11-15T17:27:50.271129812Z: [    8.977860] ata5: SATA max UDMA/133 abar m4096@0xfebd2000 port 0xfebd2300 irq 24
[STDERR  ] 2017-11-15T17:27:50.271142554Z: [    8.978596] ata6: SATA max UDMA/133 abar m4096@0xfebd2000 port 0xfebd2380 irq 24
[STDERR  ] 2017-11-15T17:27:50.271157511Z: [    8.999059] tun: Universal TUN/TAP device driver, 1.6
[STDERR  ] 2017-11-15T17:27:50.271169756Z: [    9.013910] VMware vmxnet3 virtual NIC driver - version 1.4.a.0-k-NAPI
[STDERR  ] 2017-11-15T17:27:50.271181851Z: [    9.015115] hv_vmbus: registering driver hv_netvsc
[STDERR  ] 2017-11-15T17:27:50.271193867Z: [    9.015662] Fusion MPT base driver 3.04.20
[STDERR  ] 2017-11-15T17:27:50.271206106Z: [    9.016098] Copyright (c) 1999-2008 LSI Corporation
[STDERR  ] 2017-11-15T17:27:50.271218193Z: [    9.016889] Fusion MPT SPI Host driver 3.04.20
[STDERR  ] 2017-11-15T17:27:50.271230392Z: [    9.019925] i8042: PNP: PS/2 Controller [PNP0303:KBD,PNP0f13:MOU] at 0x60,0x64 irq 1,12
[STDERR  ] 2017-11-15T17:27:50.271242972Z: [    9.027154] serio: i8042 KBD port at 0x60,0x64 irq 1
[STDERR  ] 2017-11-15T17:27:50.271255325Z: [    9.028146] serio: i8042 AUX port at 0x60,0x64 irq 12
[STDERR  ] 2017-11-15T17:27:50.271267768Z: [    9.032612] hv_vmbus: registering driver hyperv_keyboard
[STDERR  ] 2017-11-15T17:27:50.271279832Z: [    9.035663] mousedev: PS/2 mouse device common for all mice
[STDERR  ] 2017-11-15T17:27:50.271294134Z: [    9.042863] input: AT Translated Set 2 keyboard as /devices/platform/i8042/serio0/input/input1
[STDERR  ] 2017-11-15T17:27:50.271306632Z: [    9.046469] input: PC Speaker as /devices/platform/pcspkr/input/input2
[STDERR  ] 2017-11-15T17:27:50.271319528Z: [    9.052450] rtc_cmos 00:00: RTC can wake from S4
[STDERR  ] 2017-11-15T17:27:50.271331676Z: [    9.056999] rtc_cmos 00:00: rtc core: registered rtc_cmos as rtc0
[STDERR  ] 2017-11-15T17:27:50.271343496Z: [    9.058810] rtc_cmos 00:00: alarms up to one day, y3k, 114 bytes nvram, hpet irqs
[STDERR  ] 2017-11-15T17:27:50.271355563Z: [    9.059949] i2c /dev entries driver
[STDERR  ] 2017-11-15T17:27:50.271367663Z: [    9.063723] device-mapper: ioctl: 4.37.0-ioctl (2017-09-20) initialised: dm-devel@redhat.com
[STDERR  ] 2017-11-15T17:27:50.271380094Z: [    9.071415] usbcore: registered new interface driver usbhid
[STDERR  ] 2017-11-15T17:27:50.271392033Z: [    9.072169] usbhid: USB HID core driver
[STDERR  ] 2017-11-15T17:27:50.271403971Z: [    9.073275] hv_utils: Registering HyperV Utility Driver
[STDERR  ] 2017-11-15T17:27:50.271415736Z: [    9.073824] hv_vmbus: registering driver hv_util
[STDERR  ] 2017-11-15T17:27:50.271427514Z: [    9.074655] hv_vmbus: registering driver hv_balloon
[STDERR  ] 2017-11-15T17:27:50.271440138Z: [    9.075421] oprofile: using NMI interrupt.
[STDERR  ] 2017-11-15T17:27:50.271452311Z: [    9.077164] GACT probability on
[STDERR  ] 2017-11-15T17:27:50.271464235Z: [    9.077754] Mirror/redirect action on
[STDERR  ] 2017-11-15T17:27:50.271476314Z: [    9.078662] Simple TC action Loaded
[STDERR  ] 2017-11-15T17:27:50.271488692Z: [    9.079436] u32 classifier
[STDERR  ] 2017-11-15T17:27:50.271500982Z: [    9.079769]     Performance counters on
[STDERR  ] 2017-11-15T17:27:50.271512965Z: [    9.080445]     input device check on
[STDERR  ] 2017-11-15T17:27:50.27152476Z: [    9.080842]     Actions configured
[STDERR  ] 2017-11-15T17:27:50.27153691Z: [    9.082009] Netfilter messages via NETLINK v0.30.
[STDERR  ] 2017-11-15T17:27:50.271548857Z: [    9.082765] nfnl_acct: registering with nfnetlink.
[STDERR  ] 2017-11-15T17:27:50.271560751Z: [    9.084651] nf_conntrack version 0.5.0 (8192 buckets, 32768 max)
[STDERR  ] 2017-11-15T17:27:50.271572555Z: [    9.088182] ctnetlink v0.93: registering with nfnetlink.
[STDERR  ] 2017-11-15T17:27:50.27159453Z: [    9.093592] nf_tables: (c) 2007-2009 Patrick McHardy <kaber@trash.net>
[STDERR  ] 2017-11-15T17:27:50.271610343Z: [    9.094898] nf_tables_compat: (c) 2012 Pablo Neira Ayuso <pablo@netfilter.org>
[STDERR  ] 2017-11-15T17:27:50.271622914Z: [    9.098687] xt_time: kernel timezone is -0000
[STDERR  ] 2017-11-15T17:27:50.271634701Z: [    9.099488] ip_set: protocol 6
[STDERR  ] 2017-11-15T17:27:50.271646532Z: [    9.101141] IPVS: Registered protocols (TCP, UDP, SCTP, AH, ESP)
[STDERR  ] 2017-11-15T17:27:50.271658759Z: [    9.102037] IPVS: Connection hash table configured (size=4096, memory=64Kbytes)
[STDERR  ] 2017-11-15T17:27:50.271671402Z: [    9.108301] IPVS: ipvs loaded.
[STDERR  ] 2017-11-15T17:27:50.271683369Z: [    9.108848] IPVS: [rr] scheduler registered.
[STDERR  ] 2017-11-15T17:27:50.271694995Z: [    9.109352] IPVS: [wrr] scheduler registered.
[STDERR  ] 2017-11-15T17:27:50.271706602Z: [    9.109873] IPVS: [lc] scheduler registered.
[STDERR  ] 2017-11-15T17:27:50.271718417Z: [    9.110883] IPVS: [wlc] scheduler registered.
[STDERR  ] 2017-11-15T17:27:50.271730266Z: [    9.111358] IPVS: [fo] scheduler registered.
[STDERR  ] 2017-11-15T17:27:50.271742343Z: [    9.111807] IPVS: [ovf] scheduler registered.
[STDERR  ] 2017-11-15T17:27:50.271754551Z: [    9.112472] IPVS: [lblc] scheduler registered.
[STDERR  ] 2017-11-15T17:27:50.271766606Z: [    9.113091] IPVS: [lblcr] scheduler registered.
[STDERR  ] 2017-11-15T17:27:50.271778941Z: [    9.113601] IPVS: [dh] scheduler registered.
[STDERR  ] 2017-11-15T17:27:50.271790878Z: [    9.114051] IPVS: [sh] scheduler registered.
[STDERR  ] 2017-11-15T17:27:50.271802949Z: [    9.114506] IPVS: [sed] scheduler registered.
[STDERR  ] 2017-11-15T17:27:50.271814877Z: [    9.114962] IPVS: [nq] scheduler registered.
[STDERR  ] 2017-11-15T17:27:50.271826798Z: [    9.116081] IPVS: ftp: loaded support on port[0] = 21
[STDERR  ] 2017-11-15T17:27:50.271838292Z: [    9.117434] ipip: IPv4 and MPLS over IPv4 tunneling driver
[STDERR  ] 2017-11-15T17:27:50.271849576Z: [    9.123915] gre: GRE over IPv4 demultiplexor driver
[STDERR  ] 2017-11-15T17:27:50.271861642Z: [    9.128055] ip_tables: (C) 2000-2006 Netfilter Core Team
[STDERR  ] 2017-11-15T17:27:50.271873983Z: [    9.134112] ipt_CLUSTERIP: ClusterIP Version 0.8 loaded successfully
[STDERR  ] 2017-11-15T17:27:50.271886596Z: [    9.135015] arp_tables: arp_tables: (C) 2002 David S. Miller
[STDERR  ] 2017-11-15T17:27:50.271899081Z: [    9.138464] NET: Registered protocol family 10
[STDERR  ] 2017-11-15T17:27:50.271911612Z: [    9.153819] Segment Routing with IPv6
[STDERR  ] 2017-11-15T17:27:50.271923627Z: [    9.155168] ip6_tables: (C) 2000-2006 Netfilter Core Team
[STDERR  ] 2017-11-15T17:27:50.271935782Z: [    9.167228] NET: Registered protocol family 17
[STDERR  ] 2017-11-15T17:27:50.271955897Z: [    9.168824] Bridge firewalling registered
[STDERR  ] 2017-11-15T17:27:50.271968826Z: [    9.169597] Ebtables v2.0 registered
[STDERR  ] 2017-11-15T17:27:50.271980501Z: [    9.173230] 8021q: 802.1Q VLAN Support v1.8
[STDERR  ] 2017-11-15T17:27:50.271992016Z: [    9.175494] 9pnet: Installing 9P2000 support
[STDERR  ] 2017-11-15T17:27:50.272003687Z: [    9.177757] Key type dns_resolver registered
[STDERR  ] 2017-11-15T17:27:50.272019011Z: [    9.179594] sched_clock: Marking stable (9170224960, 0)->(9272142809, -101917849)
[STDERR  ] 2017-11-15T17:27:50.272031328Z: [    9.185266] registered taskstats version 1
[STDERR  ] 2017-11-15T17:27:50.272042948Z: [    9.316705] ata3: SATA link up 1.5 Gbps (SStatus 113 SControl 300)
[STDERR  ] 2017-11-15T17:27:50.272055553Z: [    9.321878] ata2: SATA link down (SStatus 0 SControl 300)
[STDERR  ] 2017-11-15T17:27:50.272068003Z: [    9.324338] ata1: SATA link down (SStatus 0 SControl 300)
[STDERR  ] 2017-11-15T17:27:50.272080111Z: [    9.325080] ata6: SATA link down (SStatus 0 SControl 300)
[STDERR  ] 2017-11-15T17:27:50.27209225Z: [    9.326261] ata4: SATA link down (SStatus 0 SControl 300)
[STDERR  ] 2017-11-15T17:27:50.27210771Z: [    9.327020] ata5: SATA link down (SStatus 0 SControl 300)
[STDERR  ] 2017-11-15T17:27:50.272131103Z: [    9.343103] ata3.00: ATAPI: QEMU DVD-ROM, 2.5+, max UDMA/100
[STDERR  ] 2017-11-15T17:27:50.272144408Z: [    9.343883] ata3.00: applying bridge limits
[STDERR  ] 2017-11-15T17:27:50.272157362Z: [    9.346649] ata3.00: configured for UDMA/100
[STDERR  ] 2017-11-15T17:27:50.272169422Z: [    9.362548] tsc: Refined TSC clocksource calibration: 2300.038 MHz
[STDERR  ] 2017-11-15T17:27:50.272181966Z: [    9.363411] clocksource: tsc: mask: 0xffffffffffffffff max_cycles: 0x212759179c6, max_idle_ns: 440795240051 ns
[STDERR  ] 2017-11-15T17:27:50.272193926Z: [    9.383771] scsi 2:0:0:0: CD-ROM            QEMU     QEMU DVD-ROM     2.5+ PQ: 0 ANSI: 5
[STDERR  ] 2017-11-15T17:27:50.272206332Z: [    9.425517] sr 2:0:0:0: [sr0] scsi3-mmc drive: 4x/4x cd/rw xa/form2 tray
[STDERR  ] 2017-11-15T17:27:50.272220037Z: [    9.426510] cdrom: Uniform CD-ROM driver Revision: 3.20
[STDERR  ] 2017-11-15T17:27:50.272231785Z: [    9.449449] sr 2:0:0:0: Attached scsi generic sg0 type 5
[STDERR  ] 2017-11-15T17:27:50.27224373Z: [    9.559263] Key type big_key registered
[STDERR  ] 2017-11-15T17:27:50.272255888Z: [    9.659949] Key type encrypted registered
[STDERR  ] 2017-11-15T17:27:50.272268022Z: [    9.667363] rtc_cmos 00:00: setting system clock to 2017-11-15 17:26:59 UTC (1510766819)
[STDERR  ] 2017-11-15T17:27:50.272281322Z: [    9.941512] Freeing unused kernel memory: 1456K
[STDERR  ] 2017-11-15T17:27:50.272293598Z: [    9.942167] Write protecting the kernel read-only data: 14336k
[STDERR  ] 2017-11-15T17:27:50.272306013Z: [    9.966886] Freeing unused kernel memory: 1604K
[STDERR  ] 2017-11-15T17:27:50.272317769Z: [   10.297710] Freeing unused kernel memory: 1180K
[STDERR  ] 2017-11-15T17:27:50.272329508Z: [   10.380513] clocksource: Switched to clocksource tsc
[STDERR  ] 2017-11-15T17:27:50.272340857Z: 
[STDERR  ] 2017-11-15T17:27:50.272352339Z: Welcome to LinuxKit
[STDERR  ] 2017-11-15T17:27:50.272363466Z: 
[STDERR  ] 2017-11-15T17:27:50.272374636Z:                         ##         .
[STDERR  ] 2017-11-15T17:27:50.272385509Z:                   ## ## ##        ==
[STDERR  ] 2017-11-15T17:27:50.272396499Z:                ## ## ## ## ##    ===
[STDERR  ] 2017-11-15T17:27:50.272408077Z:            /"""""""""""""""""\___/ ===
[STDERR  ] 2017-11-15T17:27:50.272420018Z:           {                       /  ===-
[STDERR  ] 2017-11-15T17:27:50.272436615Z:            \______ O           __/
[STDERR  ] 2017-11-15T17:27:50.272451182Z:              \    \         __/
[STDERR  ] 2017-11-15T17:27:50.272464571Z:               \____\_______/
[STDERR  ] 2017-11-15T17:27:50.272480011Z: 
[STDERR  ] 2017-11-15T17:27:50.272493331Z: starting kernel config sanity test with /proc/config.gz
[STDERR  ] 2017-11-15T17:27:50.27250588Z: [   33.203108] RPC: Registered named UNIX socket transport module.
[STDERR  ] 2017-11-15T17:27:50.272517688Z: [   33.203473] RPC: Registered udp transport module.
[STDERR  ] 2017-11-15T17:27:50.272532197Z: [   33.203698] RPC: Registered tcp transport module.
[STDERR  ] 2017-11-15T17:27:50.272544171Z: [   33.203923] RPC: Registered tcp NFSv4.1 backchannel transport module.
[STDERR  ] 2017-11-15T17:27:50.272558464Z: [   33.377245] FS-Cache: Netfs 'nfs' registered for caching
[STDERR  ] 2017-11-15T17:27:50.272571086Z: [   33.602794] Installing knfsd (copyright (C) 1996 okir@monad.swb.de).
[STDERR  ] 2017-11-15T17:27:50.272584365Z: [   33.687406] ntfs: driver 2.1.32 [Flags: R/O MODULE].
[STDERR  ] 2017-11-15T17:27:50.272598423Z: kernel config test succeeded!
[STDERR  ] 2017-11-15T17:27:50.272611935Z: [37minfo: reading kernel config from /proc/config.gz ...[m
[STDERR  ] 2017-11-15T17:27:50.272625512Z: 
[STDERR  ] 2017-11-15T17:27:50.272637362Z: Generally Necessary:
[STDERR  ] 2017-11-15T17:27:50.272651146Z: - [37mcgroup hierarchy[m: [32mproperly mounted[m [/sys/fs/cgroup]
[STDERR  ] 2017-11-15T17:27:50.272664576Z: - [37mCONFIG_NAMESPACES[m: [32menabled[m
[STDERR  ] 2017-11-15T17:27:50.27267812Z: - [37mCONFIG_NET_NS[m: [32menabled[m
[STDERR  ] 2017-11-15T17:27:50.27269784Z: - [37mCONFIG_PID_NS[m: [32menabled[m
[STDERR  ] 2017-11-15T17:27:50.272715071Z: - [37mCONFIG_IPC_NS[m: [32menabled[m
[STDERR  ] 2017-11-15T17:27:50.272729857Z: - [37mCONFIG_UTS_NS[m: [32menabled[m
[STDERR  ] 2017-11-15T17:27:50.272741992Z: - [37mCONFIG_CGROUPS[m: [32menabled[m
[STDERR  ] 2017-11-15T17:27:50.272755992Z: - [37mCONFIG_CGROUP_CPUACCT[m: [32menabled[m
[STDERR  ] 2017-11-15T17:27:50.272767914Z: - [37mCONFIG_CGROUP_DEVICE[m: [32menabled[m
[STDERR  ] 2017-11-15T17:27:50.272780919Z: - [37mCONFIG_CGROUP_FREEZER[m: [32menabled[m
[STDERR  ] 2017-11-15T17:27:50.272798871Z: - [37mCONFIG_CGROUP_SCHED[m: [32menabled[m
[STDERR  ] 2017-11-15T17:27:50.272816085Z: - [37mCONFIG_CPUSETS[m: [32menabled[m
[STDERR  ] 2017-11-15T17:27:50.272827586Z: - [37mCONFIG_MEMCG[m: [32menabled[m
[STDERR  ] 2017-11-15T17:27:50.272840503Z: - [37mCONFIG_KEYS[m: [32menabled[m
[STDERR  ] 2017-11-15T17:27:50.272854168Z: - [37mCONFIG_VETH[m: [32menabled[m
[STDERR  ] 2017-11-15T17:27:50.27286717Z: - [37mCONFIG_BRIDGE[m: [32menabled[m
[STDERR  ] 2017-11-15T17:27:50.272880913Z: - [37mCONFIG_BRIDGE_NETFILTER[m: [32menabled[m
[STDERR  ] 2017-11-15T17:27:50.272892982Z: - [37mCONFIG_NF_NAT_IPV4[m: [32menabled[m
[STDERR  ] 2017-11-15T17:27:50.272906966Z: - [37mCONFIG_IP_NF_FILTER[m: [32menabled[m
[STDERR  ] 2017-11-15T17:27:50.272918972Z: - [37mCONFIG_IP_NF_TARGET_MASQUERADE[m: [32menabled[m
[STDERR  ] 2017-11-15T17:27:50.272933489Z: - [37mCONFIG_NETFILTER_XT_MATCH_ADDRTYPE[m: [32menabled[m
[STDERR  ] 2017-11-15T17:27:50.272945239Z: - [37mCONFIG_NETFILTER_XT_MATCH_CONNTRACK[m: [32menabled[m
[STDERR  ] 2017-11-15T17:27:50.272959324Z: - [37mCONFIG_NETFILTER_XT_MATCH_IPVS[m: [32menabled[m
[STDERR  ] 2017-11-15T17:27:50.272971229Z: - [37mCONFIG_IP_NF_NAT[m: [32menabled[m
[STDERR  ] 2017-11-15T17:27:50.272985822Z: - [37mCONFIG_NF_NAT[m: [32menabled[m
[STDERR  ] 2017-11-15T17:27:50.272997828Z: - [37mCONFIG_NF_NAT_NEEDED[m: [32menabled[m
[STDERR  ] 2017-11-15T17:27:50.273011549Z: - [37mCONFIG_POSIX_MQUEUE[m: [32menabled[m
[STDERR  ] 2017-11-15T17:27:50.273024144Z: 
[STDERR  ] 2017-11-15T17:27:50.273043367Z: Optional Features:
[STDERR  ] 2017-11-15T17:27:50.273055937Z: - [37mCONFIG_USER_NS[m: [32menabled[m
[STDERR  ] 2017-11-15T17:27:50.27307028Z: - [37mCONFIG_SECCOMP[m: [32menabled[m
[STDERR  ] 2017-11-15T17:27:50.273083021Z: - [37mCONFIG_CGROUP_PIDS[m: [32menabled[m
[STDERR  ] 2017-11-15T17:27:50.273097384Z: - [37mCONFIG_MEMCG_SWAP[m: [32menabled[m
[STDERR  ] 2017-11-15T17:27:50.273110172Z: - [37mCONFIG_MEMCG_SWAP_ENABLED[m: [32menabled[m
[STDERR  ] 2017-11-15T17:27:50.273124555Z:     [1;30m(cgroup swap accounting is currently enabled)[m
[STDERR  ] 2017-11-15T17:27:50.27313717Z: - [1mCONFIG_LEGACY_VSYSCALL_NONE[m: [1;31menabled[m
[STDERR  ] 2017-11-15T17:27:50.273150616Z:     [1;30m(containers using eglibc <= 2.13 will not work. Switch to[m
[STDERR  ] 2017-11-15T17:27:50.273164576Z:     [1;30m "CONFIG_VSYSCALL_[NATIVE|EMULATE]" or use "vsyscall=[native|emulate]"[m
[STDERR  ] 2017-11-15T17:27:50.273178166Z:     [1;30m on kernel command line. Note that this will disable ASLR for the,[m
[STDERR  ] 2017-11-15T17:27:50.27319177Z:     [1;30m VDSO which may assist in exploiting security vulnerabilities.)[m
[STDERR  ] 2017-11-15T17:27:50.273204532Z: - [37mCONFIG_BLK_CGROUP[m: [32menabled[m
[STDERR  ] 2017-11-15T17:27:50.273218849Z: - [37mCONFIG_BLK_DEV_THROTTLING[m: [32menabled[m
[STDERR  ] 2017-11-15T17:27:50.273231813Z: - [37mCONFIG_IOSCHED_CFQ[m: [32menabled[m
[STDERR  ] 2017-11-15T17:27:50.273249389Z: - [37mCONFIG_CFQ_GROUP_IOSCHED[m: [32menabled[m
[STDERR  ] 2017-11-15T17:27:50.273262544Z: - [37mCONFIG_CGROUP_PERF[m: [32menabled[m
[STDERR  ] 2017-11-15T17:27:50.273276149Z: - [37mCONFIG_CGROUP_HUGETLB[m: [32menabled[m
[STDERR  ] 2017-11-15T17:27:50.273289514Z: - [37mCONFIG_NET_CLS_CGROUP[m: [32menabled[m
[STDERR  ] 2017-11-15T17:27:50.273302968Z: - [37mCONFIG_CGROUP_NET_PRIO[m: [32menabled[m
[STDERR  ] 2017-11-15T17:27:50.273324941Z: - [37mCONFIG_CFS_BANDWIDTH[m: [32menabled[m
[STDERR  ] 2017-11-15T17:27:50.273337946Z: - [37mCONFIG_FAIR_GROUP_SCHED[m: [32menabled[m
[STDERR  ] 2017-11-15T17:27:50.27335232Z: - [37mCONFIG_RT_GROUP_SCHED[m: [32menabled[m
[STDERR  ] 2017-11-15T17:27:50.273365239Z: - [37mCONFIG_IP_VS[m: [32menabled[m
[STDERR  ] 2017-11-15T17:27:50.273379705Z: - [37mCONFIG_IP_VS_NFCT[m: [32menabled[m
[STDERR  ] 2017-11-15T17:27:50.27339231Z: - [37mCONFIG_IP_VS_RR[m: [32menabled[m
[STDERR  ] 2017-11-15T17:27:50.273405215Z: - [37mCONFIG_EXT4_FS[m: [32menabled[m
[STDERR  ] 2017-11-15T17:27:50.273418607Z: - [37mCONFIG_EXT4_FS_POSIX_ACL[m: [32menabled[m
[STDERR  ] 2017-11-15T17:27:50.273431708Z: - [37mCONFIG_EXT4_FS_SECURITY[m: [32menabled[m
[STDERR  ] 2017-11-15T17:27:50.273445025Z: - Network Drivers:
[STDERR  ] 2017-11-15T17:27:50.273457507Z:   - "[34moverlay[m":
[STDERR  ] 2017-11-15T17:27:50.27347242Z:     - [37mCONFIG_VXLAN[m: [32menabled[m
[STDERR  ] 2017-11-15T17:27:50.273485253Z:       Optional (for encrypted networks):
[STDERR  ] 2017-11-15T17:27:50.273498579Z:       - [37mCONFIG_CRYPTO[m: [32menabled[m
[STDERR  ] 2017-11-15T17:27:50.273511014Z:       - [37mCONFIG_CRYPTO_AEAD[m: [32menabled[m
[STDERR  ] 2017-11-15T17:27:50.273526052Z:       - [37mCONFIG_CRYPTO_GCM[m: [32menabled[m
[STDERR  ] 2017-11-15T17:27:50.273537959Z:       - [37mCONFIG_CRYPTO_SEQIV[m: [32menabled[m
[STDERR  ] 2017-11-15T17:27:50.27355313Z:       - [37mCONFIG_CRYPTO_GHASH[m: [32menabled[m
[STDERR  ] 2017-11-15T17:27:50.273568546Z:       - [37mCONFIG_XFRM[m: [32menabled[m
[STDERR  ] 2017-11-15T17:27:50.273582258Z:       - [37mCONFIG_XFRM_USER[m: [32menabled (as module)[m
[STDERR  ] 2017-11-15T17:27:50.27359783Z:       - [37mCONFIG_XFRM_ALGO[m: [32menabled (as module)[m
[STDERR  ] 2017-11-15T17:27:50.273611859Z:       - [37mCONFIG_INET_ESP[m: [32menabled (as module)[m
[STDERR  ] 2017-11-15T17:27:50.273624769Z:       - [37mCONFIG_INET_XFRM_MODE_TRANSPORT[m: [32menabled (as module)[m
[STDERR  ] 2017-11-15T17:27:50.273639664Z:   - "[34mipvlan[m":
[STDERR  ] 2017-11-15T17:27:50.27365203Z:     - [37mCONFIG_IPVLAN[m: [32menabled[m
[STDERR  ] 2017-11-15T17:27:50.273666994Z:   - "[34mmacvlan[m":
[STDERR  ] 2017-11-15T17:27:50.273679738Z:     - [37mCONFIG_MACVLAN[m: [32menabled[m
[STDERR  ] 2017-11-15T17:27:50.273697303Z:     - [37mCONFIG_DUMMY[m: [32menabled (as module)[m
[STDERR  ] 2017-11-15T17:27:50.2737097Z:   - "[34mftp,tftp client in container[m":
[STDERR  ] 2017-11-15T17:27:50.273723985Z:     - [37mCONFIG_NF_NAT_FTP[m: [32menabled[m
[STDERR  ] 2017-11-15T17:27:50.273737019Z:     - [37mCONFIG_NF_CONNTRACK_FTP[m: [32menabled[m
[STDERR  ] 2017-11-15T17:27:50.273750451Z:     - [37mCONFIG_NF_NAT_TFTP[m: [32menabled[m
[STDERR  ] 2017-11-15T17:27:50.273762866Z:     - [37mCONFIG_NF_CONNTRACK_TFTP[m: [32menabled[m
[STDERR  ] 2017-11-15T17:27:50.273777427Z: - Storage Drivers:
[STDERR  ] 2017-11-15T17:27:50.273789485Z:   - "[34maufs[m":
[STDERR  ] 2017-11-15T17:27:50.273804683Z:     - [1mCONFIG_AUFS_FS[m: [1;31mmissing[m
[STDERR  ] 2017-11-15T17:27:50.273816644Z:   - "[34mbtrfs[m":
[STDERR  ] 2017-11-15T17:27:50.273832418Z:     - [37mCONFIG_BTRFS_FS[m: [32menabled (as module)[m
[STDERR  ] 2017-11-15T17:27:50.27384424Z:     - [37mCONFIG_BTRFS_FS_POSIX_ACL[m: [32menabled[m
[STDERR  ] 2017-11-15T17:27:50.273859365Z:   - "[34mdevicemapper[m":
[STDERR  ] 2017-11-15T17:27:50.273872347Z:     - [37mCONFIG_BLK_DEV_DM[m: [32menabled[m
[STDERR  ] 2017-11-15T17:27:50.273887716Z:     - [37mCONFIG_DM_THIN_PROVISIONING[m: [32menabled[m
[STDERR  ] 2017-11-15T17:27:50.273899597Z:   - "[34moverlay[m":
[STDERR  ] 2017-11-15T17:27:50.273915538Z:     - [37mCONFIG_OVERLAY_FS[m: [32menabled[m
[STDERR  ] 2017-11-15T17:27:50.273927393Z:   - "[34mzfs[m":
[STDERR  ] 2017-11-15T17:27:50.273941377Z:     - [1m/dev/zfs[m: [1;31mmissing[m
[STDERR  ] 2017-11-15T17:27:50.273953189Z:     - [1mzfs command[m: [1;31mmissing[m
[STDERR  ] 2017-11-15T17:27:50.273976018Z:     - [1mzpool command[m: [1;31mmissing[m
[STDERR  ] 2017-11-15T17:27:50.273989329Z: 
[STDERR  ] 2017-11-15T17:27:50.274002846Z: Limits:
[STDERR  ] 2017-11-15T17:27:50.274015807Z: [37m- /proc/sys/kernel/keys/root_maxkeys[m: [32m1000000[m
[STDERR  ] 2017-11-15T17:27:50.274030007Z: 
[STDERR  ] 2017-11-15T17:27:50.274042706Z: Kernel config test suite PASSED
[STDERR  ] 2017-11-15T17:27:50.274057411Z: [   59.151262] ACPI: Preparing to enter system sleep state S5
[STDERR  ] 2017-11-15T17:27:50.274070088Z: [   59.158106] reboot: Power down
[STDERR  ] 2017-11-15T17:27:50.274086876Z: + grep -q suite PASSED
[STDERR  ] 2017-11-15T17:27:50.274101307Z: + echo [    0.000000] Linux version 4.14.0-linuxkit (root@a566eef80e8c) (gcc version 6.3.0 (Alpine 6.3.0)) #1 SMP Tue Nov 14 15:00:52 UTC 2017
[STDERR  ] 2017-11-15T17:27:50.274116142Z: [    0.000000] Command line: console=ttyS0
[STDERR  ] 2017-11-15T17:27:50.274129792Z: [    0.000000] x86/fpu: x87 FPU will use FXSAVE
[STDERR  ] 2017-11-15T17:27:50.274143636Z: [    0.000000] e820: BIOS-provided physical RAM map:
[STDERR  ] 2017-11-15T17:27:50.27415668Z: [    0.000000] BIOS-e820: [mem 0x0000000000000000-0x000000000009fbff] usable
[STDERR  ] 2017-11-15T17:27:50.274171672Z: [    0.000000] BIOS-e820: [mem 0x000000000009fc00-0x000000000009ffff] reserved
[STDERR  ] 2017-11-15T17:27:50.27418561Z: [    0.000000] BIOS-e820: [mem 0x00000000000f0000-0x00000000000fffff] reserved
[STDERR  ] 2017-11-15T17:27:50.274201902Z: [    0.000000] BIOS-e820: [mem 0x0000000000100000-0x000000003ffdefff] usable
[STDERR  ] 2017-11-15T17:27:50.274218979Z: [    0.000000] BIOS-e820: [mem 0x000000003ffdf000-0x000000003fffffff] reserved
[STDERR  ] 2017-11-15T17:27:50.27423131Z: [    0.000000] BIOS-e820: [mem 0x00000000b0000000-0x00000000bfffffff] reserved
[STDERR  ] 2017-11-15T17:27:50.274246557Z: [    0.000000] BIOS-e820: [mem 0x00000000fed1c000-0x00000000fed1ffff] reserved
[STDERR  ] 2017-11-15T17:27:50.274259457Z: [    0.000000] BIOS-e820: [mem 0x00000000fffc0000-0x00000000ffffffff] reserved
[STDERR  ] 2017-11-15T17:27:50.274274389Z: [    0.000000] NX (Execute Disable) protection: active
[STDERR  ] 2017-11-15T17:27:50.274286604Z: [    0.000000] random: fast init done
[STDERR  ] 2017-11-15T17:27:50.274301338Z: [    0.000000] SMBIOS 2.8 present.
[STDERR  ] 2017-11-15T17:27:50.274313766Z: [    0.000000] DMI: QEMU Standard PC (Q35 + ICH9, 2009), BIOS rel-1.10.2-0-g5f4c7b1-prebuilt.qemu-project.org 04/01/2014
[STDERR  ] 2017-11-15T17:27:50.274328536Z: [    0.000000] tsc: Fast TSC calibration using PIT
[STDERR  ] 2017-11-15T17:27:50.274340277Z: [    0.000000] e820: last_pfn = 0x3ffdf max_arch_pfn = 0x400000000
[STDERR  ] 2017-11-15T17:27:50.274354519Z: [    0.000000] x86/PAT: Configuration [0-7]: WB  WC  UC- UC  WB  WP  UC- WT  
[STDERR  ] 2017-11-15T17:27:50.274367175Z: [    0.000000] found SMP MP-table at [mem 0x000f6aa0-0x000f6aaf] mapped at [ffffffffff200aa0]
[STDERR  ] 2017-11-15T17:27:50.274381011Z: [    0.000000] RAMDISK: [mem 0x3e6da000-0x3ffcffff]
[STDERR  ] 2017-11-15T17:27:50.274394653Z: [    0.000000] ACPI: Early table checksum verification disabled
[STDERR  ] 2017-11-15T17:27:50.274408432Z: [    0.000000] ACPI: RSDP 0x00000000000F68C0 000014 (v00 BOCHS )
[STDERR  ] 2017-11-15T17:27:50.274422101Z: [    0.000000] ACPI: RSDT 0x000000003FFE2404 000034 (v01 BOCHS  BXPCRSDT 00000001 BXPC 00000001)
[STDERR  ] 2017-11-15T17:27:50.274435977Z: [    0.000000] ACPI: FACP 0x000000003FFE22A4 000074 (v01 BOCHS  BXPCFACP 00000001 BXPC 00000001)
[STDERR  ] 2017-11-15T17:27:50.274449943Z: [    0.000000] ACPI: DSDT 0x000000003FFE0040 002264 (v01 BOCHS  BXPCDSDT 00000001 BXPC 00000001)
[STDERR  ] 2017-11-15T17:27:50.274465828Z: [    0.000000] ACPI: FACS 0x000000003FFE0000 000040
[STDERR  ] 2017-11-15T17:27:50.274477773Z: [    0.000000] ACPI: APIC 0x000000003FFE2318 000078 (v01 BOCHS  BXPCAPIC 00000001 BXPC 00000001)
[STDERR  ] 2017-11-15T17:27:50.27449263Z: [    0.000000] ACPI: HPET 0x000000003FFE2390 000038 (v01 BOCHS  BXPCHPET 00000001 BXPC 00000001)
[STDERR  ] 2017-11-15T17:27:50.274514461Z: [    0.000000] ACPI: MCFG 0x000000003FFE23C8 00003C (v01 BOCHS  BXPCMCFG 00000001 BXPC 00000001)
[STDERR  ] 2017-11-15T17:27:50.274530508Z: [    0.000000] Zone ranges:
[STDERR  ] 2017-11-15T17:27:50.27454447Z: [    0.000000]   DMA      [mem 0x0000000000001000-0x0000000000ffffff]
[STDERR  ] 2017-11-15T17:27:50.274558144Z: [    0.000000]   DMA32    [mem 0x0000000001000000-0x000000003ffdefff]
[STDERR  ] 2017-11-15T17:27:50.274571639Z: [    0.000000]   Normal   empty
[STDERR  ] 2017-11-15T17:27:50.274586223Z: [    0.000000]   Device   empty
[STDERR  ] 2017-11-15T17:27:50.274603304Z: [    0.000000] Movable zone start for each node
[STDERR  ] 2017-11-15T17:27:50.274619566Z: [    0.000000] Early memory node ranges
[STDERR  ] 2017-11-15T17:27:50.27463345Z: [    0.000000]   node   0: [mem 0x0000000000001000-0x000000000009efff]
[STDERR  ] 2017-11-15T17:27:50.27464741Z: [    0.000000]   node   0: [mem 0x0000000000100000-0x000000003ffdefff]
[STDERR  ] 2017-11-15T17:27:50.274660601Z: [    0.000000] Initmem setup node 0 [mem 0x0000000000001000-0x000000003ffdefff]
[STDERR  ] 2017-11-15T17:27:50.274674384Z: [    0.000000] ACPI: PM-Timer IO Port: 0x608
[STDERR  ] 2017-11-15T17:27:50.274687092Z: [    0.000000] ACPI: LAPIC_NMI (acpi_id[0xff] dfl dfl lint[0x1])
[STDERR  ] 2017-11-15T17:27:50.274701489Z: [    0.000000] IOAPIC[0]: apic_id 0, version 32, address 0xfec00000, GSI 0-23
[STDERR  ] 2017-11-15T17:27:50.274716329Z: [    0.000000] ACPI: INT_SRC_OVR (bus 0 bus_irq 0 global_irq 2 dfl dfl)
[STDERR  ] 2017-11-15T17:27:50.274730383Z: [    0.000000] ACPI: INT_SRC_OVR (bus 0 bus_irq 5 global_irq 5 high level)
[STDERR  ] 2017-11-15T17:27:50.274744312Z: [    0.000000] ACPI: INT_SRC_OVR (bus 0 bus_irq 9 global_irq 9 high level)
[STDERR  ] 2017-11-15T17:27:50.274758566Z: [    0.000000] ACPI: INT_SRC_OVR (bus 0 bus_irq 10 global_irq 10 high level)
[STDERR  ] 2017-11-15T17:27:50.27477279Z: [    0.000000] ACPI: INT_SRC_OVR (bus 0 bus_irq 11 global_irq 11 high level)
[STDERR  ] 2017-11-15T17:27:50.27478671Z: [    0.000000] Using ACPI (MADT) for SMP configuration information
[STDERR  ] 2017-11-15T17:27:50.274799821Z: [    0.000000] ACPI: HPET id: 0x8086a201 base: 0xfed00000
[STDERR  ] 2017-11-15T17:27:50.274815431Z: [    0.000000] smpboot: Allowing 1 CPUs, 0 hotplug CPUs
[STDERR  ] 2017-11-15T17:27:50.274829835Z: [    0.000000] e820: [mem 0x40000000-0xafffffff] available for PCI devices
[STDERR  ] 2017-11-15T17:27:50.274842858Z: [    0.000000] Booting paravirtualized kernel on bare hardware
[STDERR  ] 2017-11-15T17:27:50.274856517Z: [    0.000000] clocksource: refined-jiffies: mask: 0xffffffff max_cycles: 0xffffffff, max_idle_ns: 19112604462750000 ns
[STDERR  ] 2017-11-15T17:27:50.274869689Z: [    0.000000] setup_percpu: NR_CPUS:128 nr_cpumask_bits:128 nr_cpu_ids:1 nr_node_ids:1
[STDERR  ] 2017-11-15T17:27:50.274883437Z: [    0.000000] percpu: Embedded 38 pages/cpu @ffff8895be400000 s115992 r8192 d31464 u2097152
[STDERR  ] 2017-11-15T17:27:50.274898605Z: [    0.000000] Built 1 zonelists, mobility grouping on.  Total pages: 257896
[STDERR  ] 2017-11-15T17:27:50.274913397Z: [    0.000000] Kernel command line: console=ttyS0
[STDERR  ] 2017-11-15T17:27:50.274926124Z: [    0.000000] PID hash table entries: 4096 (order: 3, 32768 bytes)
[STDERR  ] 2017-11-15T17:27:50.274939833Z: [    0.000000] Dentry cache hash table entries: 131072 (order: 8, 1048576 bytes)
[STDERR  ] 2017-11-15T17:27:50.274953781Z: [    0.000000] Inode-cache hash table entries: 65536 (order: 7, 524288 bytes)
[STDERR  ] 2017-11-15T17:27:50.274968189Z: [    0.000000] Memory: 983548K/1048052K available (8624K kernel code, 1437K rwdata, 2916K rodata, 1456K init, 660K bss, 64504K reserved, 0K cma-reserved)
[STDERR  ] 2017-11-15T17:27:50.274984574Z: [    0.000000] ftrace: allocating 40585 entries in 159 pages
[STDERR  ] 2017-11-15T17:27:50.27499993Z: [    0.000000] Hierarchical RCU implementation.
[STDERR  ] 2017-11-15T17:27:50.275011601Z: [    0.000000] 	RCU restricting CPUs from NR_CPUS=128 to nr_cpu_ids=1.
[STDERR  ] 2017-11-15T17:27:50.275031606Z: [    0.000000] RCU: Adjusting geometry for rcu_fanout_leaf=16, nr_cpu_ids=1
[STDERR  ] 2017-11-15T17:27:50.275051308Z: [    0.000000] NR_IRQS: 8448, nr_irqs: 256, preallocated irqs: 16
[STDERR  ] 2017-11-15T17:27:50.275065285Z: [    0.000000] Console: colour VGA+ 80x25
[STDERR  ] 2017-11-15T17:27:50.275078639Z: [    0.000000] console [ttyS0] enabled
[STDERR  ] 2017-11-15T17:27:50.275092108Z: [    0.000000] clocksource: hpet: mask: 0xffffffff max_cycles: 0xffffffff, max_idle_ns: 19112604467 ns
[STDERR  ] 2017-11-15T17:27:50.275106337Z: [    0.010000] tsc: Fast TSC calibration using PIT
[STDERR  ] 2017-11-15T17:27:50.275119298Z: [    0.020000] tsc: Detected 2300.216 MHz processor
[STDERR  ] 2017-11-15T17:27:50.275131892Z: [    0.020000] Calibrating delay loop (skipped), value calculated using timer frequency.. 4600.43 BogoMIPS (lpj=23002160)
[STDERR  ] 2017-11-15T17:27:50.275146236Z: [    0.020000] pid_max: default: 32768 minimum: 301
[STDERR  ] 2017-11-15T17:27:50.275159188Z: [    0.020000] ACPI: Core revision 20170728
[STDERR  ] 2017-11-15T17:27:50.275172679Z: [    0.064842] ACPI: 1 ACPI AML tables successfully acquired and loaded
[STDERR  ] 2017-11-15T17:27:50.275185898Z: [    0.068461] Security Framework initialized
[STDERR  ] 2017-11-15T17:27:50.275199698Z: [    0.068842] Yama: becoming mindful.
[STDERR  ] 2017-11-15T17:27:50.275211612Z: [    0.070785] Mount-cache hash table entries: 2048 (order: 2, 16384 bytes)
[STDERR  ] 2017-11-15T17:27:50.275226217Z: [    0.071272] Mountpoint-cache hash table entries: 2048 (order: 2, 16384 bytes)
[STDERR  ] 2017-11-15T17:27:50.275239303Z: [    0.087896] Last level iTLB entries: 4KB 0, 2MB 0, 4MB 0
[STDERR  ] 2017-11-15T17:27:50.275253915Z: [    0.088272] Last level dTLB entries: 4KB 0, 2MB 0, 4MB 0, 1GB 0
[STDERR  ] 2017-11-15T17:27:50.275266259Z: [    0.385707] Freeing SMP alternatives memory: 24K
[STDERR  ] 2017-11-15T17:27:50.275281186Z: [    0.403970] smpboot: Max logical packages: 1
[STDERR  ] 2017-11-15T17:27:50.275293986Z: [    0.408985] ..TIMER: vector=0x30 apic1=0 pin1=2 apic2=-1 pin2=-1
[STDERR  ] 2017-11-15T17:27:50.275307611Z: [    0.520000] smpboot: CPU0: AMD QEMU Virtual CPU version 2.5+ (family: 0x6, model: 0x6, stepping: 0x3)
[STDERR  ] 2017-11-15T17:27:50.275319789Z: [    0.520000] Performance Events: PMU not available due to virtualization, using software events only.
[STDERR  ] 2017-11-15T17:27:50.275334453Z: [    0.520000] Hierarchical SRCU implementation.
[STDERR  ] 2017-11-15T17:27:50.275346725Z: [    0.525751] NMI watchdog: Perf event create on CPU 0 failed with -2
[STDERR  ] 2017-11-15T17:27:50.275361121Z: [    0.526198] NMI watchdog: Perf NMI watchdog permanently disabled
[STDERR  ] 2017-11-15T17:27:50.275373469Z: [    0.529600] smp: Bringing up secondary CPUs ...
[STDERR  ] 2017-11-15T17:27:50.275388149Z: [    0.530092] smp: Brought up 1 node, 1 CPU
[STDERR  ] 2017-11-15T17:27:50.275399933Z: [    0.530413] smpboot: Total of 1 processors activated (4600.43 BogoMIPS)
[STDERR  ] 2017-11-15T17:27:50.275415345Z: [    0.544785] devtmpfs: initialized
[STDERR  ] 2017-11-15T17:27:50.275428621Z: [    0.550956] x86/mm: Memory block size: 128MB
[STDERR  ] 2017-11-15T17:27:50.275443054Z: [    0.560124] clocksource: jiffies: mask: 0xffffffff max_cycles: 0xffffffff, max_idle_ns: 19112604462750000 ns
[STDERR  ] 2017-11-15T17:27:50.275458173Z: [    0.560843] futex hash table entries: 256 (order: 2, 16384 bytes)
[STDERR  ] 2017-11-15T17:27:50.275472845Z: [    0.571683] NET: Registered protocol family 16
[STDERR  ] 2017-11-15T17:27:50.275485075Z: [    0.578131] cpuidle: using governor ladder
[STDERR  ] 2017-11-15T17:27:50.275506282Z: [    0.578542] cpuidle: using governor menu
[STDERR  ] 2017-11-15T17:27:50.275519325Z: [    0.579884] ACPI: bus type PCI registered
[STDERR  ] 2017-11-15T17:27:50.275533169Z: [    0.583601] PCI: MMCONFIG for domain 0000 [bus 00-ff] at [mem 0xb0000000-0xbfffffff] (base 0xb0000000)
[STDERR  ] 2017-11-15T17:27:50.275545503Z: [    0.585200] PCI: MMCONFIG at [mem 0xb0000000-0xbfffffff] reserved in E820
[STDERR  ] 2017-11-15T17:27:50.275565435Z: [    0.587459] PCI: Using configuration type 1 for base access
[STDERR  ] 2017-11-15T17:27:50.27558654Z: [    0.659696] HugeTLB registered 2.00 MiB page size, pre-allocated 0 pages
[STDERR  ] 2017-11-15T17:27:50.275599441Z: [    0.678268] ACPI: Added _OSI(Module Device)
[STDERR  ] 2017-11-15T17:27:50.275613968Z: [    0.678841] ACPI: Added _OSI(Processor Device)
[STDERR  ] 2017-11-15T17:27:50.27562592Z: [    0.679353] ACPI: Added _OSI(3.0 _SCP Extensions)
[STDERR  ] 2017-11-15T17:27:50.275639839Z: [    0.680190] ACPI: Added _OSI(Processor Aggregator Device)
[STDERR  ] 2017-11-15T17:27:50.275652547Z: [    0.817301] ACPI: Interpreter enabled
[STDERR  ] 2017-11-15T17:27:50.27566656Z: [    0.818491] ACPI: (supports S0 S5)
[STDERR  ] 2017-11-15T17:27:50.275680209Z: [    0.818932] ACPI: Using IOAPIC for interrupt routing
[STDERR  ] 2017-11-15T17:27:50.275693918Z: [    0.821295] PCI: Using host bridge windows from ACPI; if necessary, use "pci=nocrs" and report a bug
[STDERR  ] 2017-11-15T17:27:50.275707596Z: [    0.825120] ACPI: Enabled 2 GPEs in block 00 to 3F
[STDERR  ] 2017-11-15T17:27:50.27572108Z: [    0.899855] ACPI: PCI Root Bridge [PCI0] (domain 0000 [bus 00-ff])
[STDERR  ] 2017-11-15T17:27:50.275734264Z: [    0.900515] acpi PNP0A08:00: _OSC: OS supports [ExtendedConfig ASPM ClockPM Segments MSI]
[STDERR  ] 2017-11-15T17:27:50.275748113Z: [    0.905198] acpi PNP0A08:00: _OSC: OS now controls [PCIeHotplug PME PCIeCapability]
[STDERR  ] 2017-11-15T17:27:50.275762984Z: [    0.908577] PCI host bridge to bus 0000:00
[STDERR  ] 2017-11-15T17:27:50.27577597Z: [    0.909053] pci_bus 0000:00: root bus resource [io  0x0000-0x0cf7 window]
[STDERR  ] 2017-11-15T17:27:50.275790463Z: [    0.909501] pci_bus 0000:00: root bus resource [io  0x0d00-0xffff window]
[STDERR  ] 2017-11-15T17:27:50.275803052Z: [    0.910055] pci_bus 0000:00: root bus resource [mem 0x000a0000-0x000bffff window]
[STDERR  ] 2017-11-15T17:27:50.275817357Z: [    0.910529] pci_bus 0000:00: root bus resource [mem 0xc0000000-0xfebfffff window]
[STDERR  ] 2017-11-15T17:27:50.275830167Z: [    0.911103] pci_bus 0000:00: root bus resource [bus 00-ff]
[STDERR  ] 2017-11-15T17:27:50.275847283Z: [    1.014802] pci 0000:00:1f.0: quirk: [io  0x0600-0x067f] claimed by ICH6 ACPI/GPIO/TCO
[STDERR  ] 2017-11-15T17:27:50.275861385Z: [    1.073172] ACPI: PCI Interrupt Link [LNKA] (IRQs 5 *10 11)
[STDERR  ] 2017-11-15T17:27:50.275877728Z: [    1.075104] ACPI: PCI Interrupt Link [LNKB] (IRQs 5 *10 11)
[STDERR  ] 2017-11-15T17:27:50.275896699Z: [    1.077125] ACPI: PCI Interrupt Link [LNKC] (IRQs 5 10 *11)
[STDERR  ] 2017-11-15T17:27:50.275908863Z: [    1.078909] ACPI: PCI Interrupt Link [LNKD] (IRQs 5 10 *11)
[STDERR  ] 2017-11-15T17:27:50.275923816Z: [    1.080854] ACPI: PCI Interrupt Link [LNKE] (IRQs 5 *10 11)
[STDERR  ] 2017-11-15T17:27:50.275935504Z: [    1.082632] ACPI: PCI Interrupt Link [LNKF] (IRQs 5 *10 11)
[STDERR  ] 2017-11-15T17:27:50.275949196Z: [    1.084400] ACPI: PCI Interrupt Link [LNKG] (IRQs 5 10 *11)
[STDERR  ] 2017-11-15T17:27:50.275961834Z: [    1.086226] ACPI: PCI Interrupt Link [LNKH] (IRQs 5 10 *11)
[STDERR  ] 2017-11-15T17:27:50.275975672Z: [    1.087070] ACPI: PCI Interrupt Link [GSIA] (IRQs *16)
[STDERR  ] 2017-11-15T17:27:50.275988457Z: [    1.087722] ACPI: PCI Interrupt Link [GSIB] (IRQs *17)
[STDERR  ] 2017-11-15T17:27:50.276001973Z: [    1.088364] ACPI: PCI Interrupt Link [GSIC] (IRQs *18)
[STDERR  ] 2017-11-15T17:27:50.276015149Z: [    1.089013] ACPI: PCI Interrupt Link [GSID] (IRQs *19)
[STDERR  ] 2017-11-15T17:27:50.276028803Z: [    1.089657] ACPI: PCI Interrupt Link [GSIE] (IRQs *20)
[STDERR  ] 2017-11-15T17:27:50.276041475Z: [    1.090337] ACPI: PCI Interrupt Link [GSIF] (IRQs *21)
[STDERR  ] 2017-11-15T17:27:50.276053591Z: [    1.090981] ACPI: PCI Interrupt Link [GSIG] (IRQs *22)
[STDERR  ] 2017-11-15T17:27:50.276067709Z: [    1.091590] ACPI: PCI Interrupt Link [GSIH] (IRQs *23)
[STDERR  ] 2017-11-15T17:27:50.276080553Z: [    1.098797] SCSI subsystem initialized
[STDERR  ] 2017-11-15T17:27:50.27609447Z: [    1.101589] ACPI: bus type USB registered
[STDERR  ] 2017-11-15T17:27:50.276117838Z: [    1.102517] usbcore: registered new interface driver usbfs
[STDERR  ] 2017-11-15T17:27:50.276129569Z: [    1.103260] usbcore: registered new interface driver hub
[STDERR  ] 2017-11-15T17:27:50.27614378Z: [    1.104034] usbcore: registered new device driver usb
[STDERR  ] 2017-11-15T17:27:50.276158416Z: [    1.104941] pps_core: LinuxPPS API ver. 1 registered
[STDERR  ] 2017-11-15T17:27:50.276172724Z: [    1.105272] pps_core: Software ver. 5.3.6 - Copyright 2005-2007 Rodolfo Giometti <giometti@linux.it>
[STDERR  ] 2017-11-15T17:27:50.27618511Z: [    1.105960] PTP clock support registered
[STDERR  ] 2017-11-15T17:27:50.276200107Z: [    1.108416] PCI: Using ACPI for IRQ routing
[STDERR  ] 2017-11-15T17:27:50.276212256Z: [    1.126497] NetLabel: Initializing
[STDERR  ] 2017-11-15T17:27:50.276227469Z: [    1.126754] NetLabel:  domain hash size = 128
[STDERR  ] 2017-11-15T17:27:50.27623961Z: [    1.127038] NetLabel:  protocols = UNLABELED CIPSOv4 CALIPSO
[STDERR  ] 2017-11-15T17:27:50.276255046Z: [    1.129237] NetLabel:  unlabeled traffic allowed by default
[STDERR  ] 2017-11-15T17:27:50.276267284Z: [    1.130274] HPET: 3 timers in total, 0 timers will be used for per-cpu timer
[STDERR  ] 2017-11-15T17:27:50.276281722Z: [    1.130978] hpet0: at MMIO 0xfed00000, IRQs 2, 8, 0
[STDERR  ] 2017-11-15T17:27:50.276294202Z: [    1.131391] hpet0: 3 comparators, 64-bit 100.000000 MHz counter
[STDERR  ] 2017-11-15T17:27:50.276308705Z: [    1.136407] clocksource: Switched to clocksource hpet
[STDERR  ] 2017-11-15T17:27:50.276320764Z: [    1.522990] VFS: Disk quotas dquot_6.6.0
[STDERR  ] 2017-11-15T17:27:50.276335488Z: [    1.523652] VFS: Dquot-cache hash table entries: 512 (order 0, 4096 bytes)
[STDERR  ] 2017-11-15T17:27:50.276349169Z: [    1.526109] FS-Cache: Loaded
[STDERR  ] 2017-11-15T17:27:50.27636446Z: [    1.531096] CacheFiles: Loaded
[STDERR  ] 2017-11-15T17:27:50.276377136Z: [    1.532047] pnp: PnP ACPI init
[STDERR  ] 2017-11-15T17:27:50.276392453Z: [    1.542749] pnp: PnP ACPI: found 5 devices
[STDERR  ] 2017-11-15T17:27:50.276406779Z: [    1.582240] clocksource: acpi_pm: mask: 0xffffff max_cycles: 0xffffff, max_idle_ns: 2085701024 ns
[STDERR  ] 2017-11-15T17:27:50.276422821Z: [    1.584668] NET: Registered protocol family 2
[STDERR  ] 2017-11-15T17:27:50.276434843Z: [    1.591458] TCP established hash table entries: 8192 (order: 4, 65536 bytes)
[STDERR  ] 2017-11-15T17:27:50.276450325Z: [    1.592110] TCP bind hash table entries: 8192 (order: 5, 131072 bytes)
[STDERR  ] 2017-11-15T17:27:50.276463035Z: [    1.593157] TCP: Hash tables configured (established 8192 bind 8192)
[STDERR  ] 2017-11-15T17:27:50.276477451Z: [    1.595162] UDP hash table entries: 512 (order: 2, 16384 bytes)
[STDERR  ] 2017-11-15T17:27:50.276489907Z: [    1.595727] UDP-Lite hash table entries: 512 (order: 2, 16384 bytes)
[STDERR  ] 2017-11-15T17:27:50.276504949Z: [    1.597892] NET: Registered protocol family 1
[STDERR  ] 2017-11-15T17:27:50.27651693Z: [    1.598732] pci 0000:00:01.0: Video device with shadowed ROM at [mem 0x000c0000-0x000dffff]
[STDERR  ] 2017-11-15T17:27:50.276533Z: [    1.604715] Trying to unpack rootfs image as initramfs...
[STDERR  ] 2017-11-15T17:27:50.276545016Z: [    8.354182] Freeing initrd memory: 25560K
[STDERR  ] 2017-11-15T17:27:50.276559968Z: [    8.397449] PCLMULQDQ-NI instructions are not detected.
[STDERR  ] 2017-11-15T17:27:50.276571721Z: [    8.399320] AVX or AES-NI instructions are not detected.
[STDERR  ] 2017-11-15T17:27:50.276586029Z: [    8.400028] CPU feature 'AVX registers' is not supported.
[STDERR  ] 2017-11-15T17:27:50.276598141Z: [    8.402049] CPU feature 'AVX registers' is not supported.
[STDERR  ] 2017-11-15T17:27:50.276612868Z: [    8.402685] CPU feature 'AVX registers' is not supported.
[STDERR  ] 2017-11-15T17:27:50.276624785Z: [    8.403310] CPU feature 'AVX registers' is not supported.
[STDERR  ] 2017-11-15T17:27:50.276639674Z: [    8.403941] AVX2 or AES-NI instructions are not detected.
[STDERR  ] 2017-11-15T17:27:50.27665193Z: [    8.404548] AVX2 instructions are not detected.
[STDERR  ] 2017-11-15T17:27:50.276675049Z: [    8.413622] audit: initializing netlink subsys (disabled)
[STDERR  ] 2017-11-15T17:27:50.276689302Z: [    8.422544] audit: type=2000 audit(1510766818.410:1): state=initialized audit_enabled=0 res=1
[STDERR  ] 2017-11-15T17:27:50.276703685Z: [    8.427045] workingset: timestamp_bits=46 max_order=18 bucket_order=0
[STDERR  ] 2017-11-15T17:27:50.276717627Z: [    8.435655] squashfs: version 4.0 (2009/01/31) Phillip Lougher
[STDERR  ] 2017-11-15T17:27:50.276731327Z: [    8.439266] FS-Cache: Netfs 'cifs' registered for caching
[STDERR  ] 2017-11-15T17:27:50.276749436Z: [    8.441157] fuse init (API version 7.26)
[STDERR  ] 2017-11-15T17:27:50.276764225Z: [    8.444376] SGI XFS with ACLs, security attributes, no debug enabled
[STDERR  ] 2017-11-15T17:27:50.276783514Z: [    8.450631] 9p: Installing v9fs 9p2000 file system support
[STDERR  ] 2017-11-15T17:27:50.276796031Z: [    8.451399] FS-Cache: Netfs '9p' registered for caching
[STDERR  ] 2017-11-15T17:27:50.276810419Z: [    8.516145] NET: Registered protocol family 38
[STDERR  ] 2017-11-15T17:27:50.27682234Z: [    8.517062] Key type asymmetric registered
[STDERR  ] 2017-11-15T17:27:50.276837582Z: [    8.517612] Asymmetric key parser 'x509' registered
[STDERR  ] 2017-11-15T17:27:50.276849746Z: [    8.518620] Block layer SCSI generic (bsg) driver version 0.4 loaded (major 248)
[STDERR  ] 2017-11-15T17:27:50.27686503Z: [    8.521805] io scheduler noop registered
[STDERR  ] 2017-11-15T17:27:50.276877192Z: [    8.522318] io scheduler deadline registered (default)
[STDERR  ] 2017-11-15T17:27:50.276891503Z: [    8.523470] io scheduler cfq registered
[STDERR  ] 2017-11-15T17:27:50.276903631Z: [    8.523928] io scheduler mq-deadline registered
[STDERR  ] 2017-11-15T17:27:50.276918347Z: [    8.524418] io scheduler kyber registered
[STDERR  ] 2017-11-15T17:27:50.276930712Z: [    8.528828] shpchp: Standard Hot Plug PCI Controller Driver version: 0.4
[STDERR  ] 2017-11-15T17:27:50.276946219Z: [    8.529987] hv_vmbus: registering driver hyperv_fb
[STDERR  ] 2017-11-15T17:27:50.276957908Z: [    8.536040] input: Power Button as /devices/LNXSYSTM:00/LNXPWRBN:00/input/input0
[STDERR  ] 2017-11-15T17:27:50.276973334Z: [    8.540983] ACPI: Power Button [PWRF]
[STDERR  ] 2017-11-15T17:27:50.276985552Z: [    8.568498] ACPI: PCI Interrupt Link [GSIG] enabled at IRQ 22
[STDERR  ] 2017-11-15T17:27:50.276999909Z: [    8.588616] ACPI: PCI Interrupt Link [GSIH] enabled at IRQ 23
[STDERR  ] 2017-11-15T17:27:50.277012213Z: [    8.596675] Serial: 8250/16550 driver, 4 ports, IRQ sharing disabled
[STDERR  ] 2017-11-15T17:27:50.277026692Z: [    8.630486] 00:04: ttyS0 at I/O 0x3f8 (irq = 4, base_baud = 115200) is a 16550A
[STDERR  ] 2017-11-15T17:27:50.277039749Z: [    8.644464] Non-volatile memory driver v1.3
[STDERR  ] 2017-11-15T17:27:50.27705436Z: [    8.653995] Hangcheck: starting hangcheck timer 0.9.1 (tick is 180 seconds, margin is 60 seconds).
[STDERR  ] 2017-11-15T17:27:50.277067146Z: [    8.660929] random: crng init done
[STDERR  ] 2017-11-15T17:27:50.277080984Z: [    8.755404] brd: module loaded
[STDERR  ] 2017-11-15T17:27:50.277094802Z: [    8.804895] loop: module loaded
[STDERR  ] 2017-11-15T17:27:50.27710905Z: [    8.895935] lpc_ich 0000:00:1f.0: I/O space for GPIO uninitialized
[STDERR  ] 2017-11-15T17:27:50.277121488Z: [    8.899079] VMware PVSCSI driver - version 1.0.7.0-k
[STDERR  ] 2017-11-15T17:27:50.277135462Z: [    8.900053] hv_vmbus: registering driver hv_storvsc
[STDERR  ] 2017-11-15T17:27:50.277149016Z: [    8.917120] ACPI: PCI Interrupt Link [GSIA] enabled at IRQ 16
[STDERR  ] 2017-11-15T17:27:50.277162818Z: [    8.927242] ahci 0000:00:1f.2: AHCI 0001.0000 32 slots 6 ports 1.5 Gbps 0x3f impl SATA mode
[STDERR  ] 2017-11-15T17:27:50.277177119Z: [    8.928290] ahci 0000:00:1f.2: flags: 64bit ncq only 
[STDERR  ] 2017-11-15T17:27:50.27719185Z: [    8.954953] scsi host0: ahci
[STDERR  ] 2017-11-15T17:27:50.277204706Z: [    8.959807] scsi host1: ahci
[STDERR  ] 2017-11-15T17:27:50.277219792Z: [    8.962889] scsi host2: ahci
[STDERR  ] 2017-11-15T17:27:50.277243398Z: [    8.965777] scsi host3: ahci
[STDERR  ] 2017-11-15T17:27:50.277256542Z: [    8.969462] scsi host4: ahci
[STDERR  ] 2017-11-15T17:27:50.277272177Z: [    8.972670] scsi host5: ahci
[STDERR  ] 2017-11-15T17:27:50.277285364Z: [    8.974779] ata1: SATA max UDMA/133 abar m4096@0xfebd2000 port 0xfebd2100 irq 24
[STDERR  ] 2017-11-15T17:27:50.277299988Z: [    8.975621] ata2: SATA max UDMA/133 abar m4096@0xfebd2000 port 0xfebd2180 irq 24
[STDERR  ] 2017-11-15T17:27:50.277315364Z: [    8.976370] ata3: SATA max UDMA/133 abar m4096@0xfebd2000 port 0xfebd2200 irq 24
[STDERR  ] 2017-11-15T17:27:50.277331626Z: [    8.977121] ata4: SATA max UDMA/133 abar m4096@0xfebd2000 port 0xfebd2280 irq 24
[STDERR  ] 2017-11-15T17:27:50.277344049Z: [    8.977860] ata5: SATA max UDMA/133 abar m4096@0xfebd2000 port 0xfebd2300 irq 24
[STDERR  ] 2017-11-15T17:27:50.277764312Z: [    8.978596] ata6: SATA max UDMA/133 abar m4096@0xfebd2000 port 0xfebd2380 irq 24
[STDERR  ] 2017-11-15T17:27:50.277812738Z: [    8.999059] tun: Universal TUN/TAP device driver, 1.6
[STDERR  ] 2017-11-15T17:27:50.277826442Z: [    9.013910] VMware vmxnet3 virtual NIC driver - version 1.4.a.0-k-NAPI
[STDERR  ] 2017-11-15T17:27:50.27783946Z: [    9.015115] hv_vmbus: registering driver hv_netvsc
[STDERR  ] 2017-11-15T17:27:50.277853486Z: [    9.015662] Fusion MPT base driver 3.04.20
[STDERR  ] 2017-11-15T17:27:50.277865667Z: [    9.016098] Copyright (c) 1999-2008 LSI Corporation
[STDERR  ] 2017-11-15T17:27:50.277879279Z: [    9.016889] Fusion MPT SPI Host driver 3.04.20
[STDERR  ] 2017-11-15T17:27:50.277891641Z: [    9.019925] i8042: PNP: PS/2 Controller [PNP0303:KBD,PNP0f13:MOU] at 0x60,0x64 irq 1,12
[STDERR  ] 2017-11-15T17:27:50.27790742Z: [    9.027154] serio: i8042 KBD port at 0x60,0x64 irq 1
[STDERR  ] 2017-11-15T17:27:50.277919305Z: [    9.028146] serio: i8042 AUX port at 0x60,0x64 irq 12
[STDERR  ] 2017-11-15T17:27:50.277961747Z: [    9.032612] hv_vmbus: registering driver hyperv_keyboard
[STDERR  ] 2017-11-15T17:27:50.277974199Z: [    9.035663] mousedev: PS/2 mouse device common for all mice
[STDERR  ] 2017-11-15T17:27:50.277993923Z: [    9.042863] input: AT Translated Set 2 keyboard as /devices/platform/i8042/serio0/input/input1
[STDERR  ] 2017-11-15T17:27:50.278008883Z: [    9.046469] input: PC Speaker as /devices/platform/pcspkr/input/input2
[STDERR  ] 2017-11-15T17:27:50.278022476Z: [    9.052450] rtc_cmos 00:00: RTC can wake from S4
[STDERR  ] 2017-11-15T17:27:50.278035477Z: [    9.056999] rtc_cmos 00:00: rtc core: registered rtc_cmos as rtc0
[STDERR  ] 2017-11-15T17:27:50.278050144Z: [    9.058810] rtc_cmos 00:00: alarms up to one day, y3k, 114 bytes nvram, hpet irqs
[STDERR  ] 2017-11-15T17:27:50.278065167Z: [    9.059949] i2c /dev entries driver
[STDERR  ] 2017-11-15T17:27:50.278078281Z: [    9.063723] device-mapper: ioctl: 4.37.0-ioctl (2017-09-20) initialised: dm-devel@redhat.com
[STDERR  ] 2017-11-15T17:27:50.278091736Z: [    9.071415] usbcore: registered new interface driver usbhid
[STDERR  ] 2017-11-15T17:27:50.278134491Z: [    9.072169] usbhid: USB HID core driver
[STDERR  ] 2017-11-15T17:27:50.278148008Z: [    9.073275] hv_utils: Registering HyperV Utility Driver
[STDERR  ] 2017-11-15T17:27:50.278161769Z: [    9.073824] hv_vmbus: registering driver hv_util
[STDERR  ] 2017-11-15T17:27:50.278174365Z: [    9.074655] hv_vmbus: registering driver hv_balloon
[STDERR  ] 2017-11-15T17:27:50.278187886Z: [    9.075421] oprofile: using NMI interrupt.
[STDERR  ] 2017-11-15T17:27:50.278199879Z: [    9.077164] GACT probability on
[STDERR  ] 2017-11-15T17:27:50.278220676Z: [    9.077754] Mirror/redirect action on
[STDERR  ] 2017-11-15T17:27:50.278239863Z: [    9.078662] Simple TC action Loaded
[STDERR  ] 2017-11-15T17:27:50.278252087Z: [    9.079436] u32 classifier
[STDERR  ] 2017-11-15T17:27:50.278289567Z: [    9.079769]     Performance counters on
[STDERR  ] 2017-11-15T17:27:50.278304299Z: [    9.080445]     input device check on
[STDERR  ] 2017-11-15T17:27:50.278317584Z: [    9.080842]     Actions configured
[STDERR  ] 2017-11-15T17:27:50.278337646Z: [    9.082009] Netfilter messages via NETLINK v0.30.
[STDERR  ] 2017-11-15T17:27:50.278356265Z: [    9.082765] nfnl_acct: registering with nfnetlink.
[STDERR  ] 2017-11-15T17:27:50.278369507Z: [    9.084651] nf_conntrack version 0.5.0 (8192 buckets, 32768 max)
[STDERR  ] 2017-11-15T17:27:50.278384431Z: [    9.088182] ctnetlink v0.93: registering with nfnetlink.
[STDERR  ] 2017-11-15T17:27:50.278397218Z: [    9.093592] nf_tables: (c) 2007-2009 Patrick McHardy <kaber@trash.net>
[STDERR  ] 2017-11-15T17:27:50.27841188Z: [    9.094898] nf_tables_compat: (c) 2012 Pablo Neira Ayuso <pablo@netfilter.org>
[STDERR  ] 2017-11-15T17:27:50.278425581Z: [    9.098687] xt_time: kernel timezone is -0000
[STDERR  ] 2017-11-15T17:27:50.278460516Z: [    9.099488] ip_set: protocol 6
[STDERR  ] 2017-11-15T17:27:50.278473507Z: [    9.101141] IPVS: Registered protocols (TCP, UDP, SCTP, AH, ESP)
[STDERR  ] 2017-11-15T17:27:50.278487315Z: [    9.102037] IPVS: Connection hash table configured (size=4096, memory=64Kbytes)
[STDERR  ] 2017-11-15T17:27:50.2785004Z: [    9.108301] IPVS: ipvs loaded.
[STDERR  ] 2017-11-15T17:27:50.278515657Z: [    9.108848] IPVS: [rr] scheduler registered.
[STDERR  ] 2017-11-15T17:27:50.278528288Z: [    9.109352] IPVS: [wrr] scheduler registered.
[STDERR  ] 2017-11-15T17:27:50.278542797Z: [    9.109873] IPVS: [lc] scheduler registered.
[STDERR  ] 2017-11-15T17:27:50.278554863Z: [    9.110883] IPVS: [wlc] scheduler registered.
[STDERR  ] 2017-11-15T17:27:50.278567875Z: [    9.111358] IPVS: [fo] scheduler registered.
[STDERR  ] 2017-11-15T17:27:50.278581381Z: [    9.111807] IPVS: [ovf] scheduler registered.
[STDERR  ] 2017-11-15T17:27:50.278604864Z: [    9.112472] IPVS: [lblc] scheduler registered.
[STDERR  ] 2017-11-15T17:27:50.278628307Z: [    9.113091] IPVS: [lblcr] scheduler registered.
[STDERR  ] 2017-11-15T17:27:50.278640715Z: [    9.113601] IPVS: [dh] scheduler registered.
[STDERR  ] 2017-11-15T17:27:50.278655713Z: [    9.114051] IPVS: [sh] scheduler registered.
[STDERR  ] 2017-11-15T17:27:50.278667594Z: [    9.114506] IPVS: [sed] scheduler registered.
[STDERR  ] 2017-11-15T17:27:50.278681283Z: [    9.114962] IPVS: [nq] scheduler registered.
[STDERR  ] 2017-11-15T17:27:50.278694109Z: [    9.116081] IPVS: ftp: loaded support on port[0] = 21
[STDERR  ] 2017-11-15T17:27:50.278706975Z: [    9.117434] ipip: IPv4 and MPLS over IPv4 tunneling driver
[STDERR  ] 2017-11-15T17:27:50.278720207Z: [    9.123915] gre: GRE over IPv4 demultiplexor driver
[STDERR  ] 2017-11-15T17:27:50.278733711Z: [    9.128055] ip_tables: (C) 2000-2006 Netfilter Core Team
[STDERR  ] 2017-11-15T17:27:50.278747256Z: [    9.134112] ipt_CLUSTERIP: ClusterIP Version 0.8 loaded successfully
[STDERR  ] 2017-11-15T17:27:50.27877935Z: [    9.135015] arp_tables: arp_tables: (C) 2002 David S. Miller
[STDERR  ] 2017-11-15T17:27:50.278799915Z: [    9.138464] NET: Registered protocol family 10
[STDERR  ] 2017-11-15T17:27:50.278812034Z: [    9.153819] Segment Routing with IPv6
[STDERR  ] 2017-11-15T17:27:50.278826783Z: [    9.155168] ip6_tables: (C) 2000-2006 Netfilter Core Team
[STDERR  ] 2017-11-15T17:27:50.278838852Z: [    9.167228] NET: Registered protocol family 17
[STDERR  ] 2017-11-15T17:27:50.278857459Z: [    9.168824] Bridge firewalling registered
[STDERR  ] 2017-11-15T17:27:50.278869363Z: [    9.169597] Ebtables v2.0 registered
[STDERR  ] 2017-11-15T17:27:50.278883102Z: [    9.173230] 8021q: 802.1Q VLAN Support v1.8
[STDERR  ] 2017-11-15T17:27:50.27889534Z: [    9.175494] 9pnet: Installing 9P2000 support
[STDERR  ] 2017-11-15T17:27:50.278910729Z: [    9.177757] Key type dns_resolver registered
[STDERR  ] 2017-11-15T17:27:50.278922871Z: [    9.179594] sched_clock: Marking stable (9170224960, 0)->(9272142809, -101917849)
[STDERR  ] 2017-11-15T17:27:50.278958247Z: [    9.185266] registered taskstats version 1
[STDERR  ] 2017-11-15T17:27:50.278972435Z: [    9.316705] ata3: SATA link up 1.5 Gbps (SStatus 113 SControl 300)
[STDERR  ] 2017-11-15T17:27:50.278986684Z: [    9.321878] ata2: SATA link down (SStatus 0 SControl 300)
[STDERR  ] 2017-11-15T17:27:50.279009759Z: [    9.324338] ata1: SATA link down (SStatus 0 SControl 300)
[STDERR  ] 2017-11-15T17:27:50.279024404Z: [    9.325080] ata6: SATA link down (SStatus 0 SControl 300)
[STDERR  ] 2017-11-15T17:27:50.27903641Z: [    9.326261] ata4: SATA link down (SStatus 0 SControl 300)
[STDERR  ] 2017-11-15T17:27:50.279054136Z: [    9.327020] ata5: SATA link down (SStatus 0 SControl 300)
[STDERR  ] 2017-11-15T17:27:50.279067041Z: [    9.343103] ata3.00: ATAPI: QEMU DVD-ROM, 2.5+, max UDMA/100
[STDERR  ] 2017-11-15T17:27:50.279080835Z: [    9.343883] ata3.00: applying bridge limits
[STDERR  ] 2017-11-15T17:27:50.279116067Z: [    9.346649] ata3.00: configured for UDMA/100
[STDERR  ] 2017-11-15T17:27:50.279131507Z: [    9.362548] tsc: Refined TSC clocksource calibration: 2300.038 MHz
[STDERR  ] 2017-11-15T17:27:50.279144332Z: [    9.363411] clocksource: tsc: mask: 0xffffffffffffffff max_cycles: 0x212759179c6, max_idle_ns: 440795240051 ns
[STDERR  ] 2017-11-15T17:27:50.279160084Z: [    9.383771] scsi 2:0:0:0: CD-ROM            QEMU     QEMU DVD-ROM     2.5+ PQ: 0 ANSI: 5
[STDERR  ] 2017-11-15T17:27:50.279172548Z: [    9.425517] sr 2:0:0:0: [sr0] scsi3-mmc drive: 4x/4x cd/rw xa/form2 tray
[STDERR  ] 2017-11-15T17:27:50.279188083Z: [    9.426510] cdrom: Uniform CD-ROM driver Revision: 3.20
[STDERR  ] 2017-11-15T17:27:50.279200362Z: [    9.449449] sr 2:0:0:0: Attached scsi generic sg0 type 5
[STDERR  ] 2017-11-15T17:27:50.279215074Z: [    9.559263] Key type big_key registered
[STDERR  ] 2017-11-15T17:27:50.279227309Z: [    9.659949] Key type encrypted registered
[STDERR  ] 2017-11-15T17:27:50.279242256Z: [    9.667363] rtc_cmos 00:00: setting system clock to 2017-11-15 17:26:59 UTC (1510766819)
[STDERR  ] 2017-11-15T17:27:50.279254702Z: [    9.941512] Freeing unused kernel memory: 1456K
[STDERR  ] 2017-11-15T17:27:50.279288319Z: [    9.942167] Write protecting the kernel read-only data: 14336k
[STDERR  ] 2017-11-15T17:27:50.279301904Z: [    9.966886] Freeing unused kernel memory: 1604K
[STDERR  ] 2017-11-15T17:27:50.27931477Z: [   10.297710] Freeing unused kernel memory: 1180K
[STDERR  ] 2017-11-15T17:27:50.279331223Z: [   10.380513] clocksource: Switched to clocksource tsc
[STDERR  ] 2017-11-15T17:27:50.279345513Z: 
[STDERR  ] 2017-11-15T17:27:50.279359133Z: Welcome to LinuxKit
[STDERR  ] 2017-11-15T17:27:50.279372458Z: 
[STDERR  ] 2017-11-15T17:27:50.279386137Z:                         ##         .
[STDERR  ] 2017-11-15T17:27:50.279399465Z:                   ## ## ##        ==
[STDERR  ] 2017-11-15T17:27:50.279435509Z:                ## ## ## ## ##    ===
[STDERR  ] 2017-11-15T17:27:50.279451863Z:            /"""""""""""""""""\___/ ===
[STDERR  ] 2017-11-15T17:27:50.279467619Z:           {                       /  ===-
[STDERR  ] 2017-11-15T17:27:50.279479671Z:            \______ O           __/
[STDERR  ] 2017-11-15T17:27:50.279495455Z:              \    \         __/
[STDERR  ] 2017-11-15T17:27:50.279508193Z:               \____\_______/
[STDERR  ] 2017-11-15T17:27:50.279523256Z: 
[STDERR  ] 2017-11-15T17:27:50.279535416Z: starting kernel config sanity test with /proc/config.gz
[STDERR  ] 2017-11-15T17:27:50.279551326Z: [   33.203108] RPC: Registered named UNIX socket transport module.
[STDERR  ] 2017-11-15T17:27:50.279563202Z: [   33.203473] RPC: Registered udp transport module.
[STDERR  ] 2017-11-15T17:27:50.279597974Z: [   33.203698] RPC: Registered tcp transport module.
[STDERR  ] 2017-11-15T17:27:50.279612003Z: [   33.203923] RPC: Registered tcp NFSv4.1 backchannel transport module.
[STDERR  ] 2017-11-15T17:27:50.279626529Z: [   33.377245] FS-Cache: Netfs 'nfs' registered for caching
[STDERR  ] 2017-11-15T17:27:50.279640117Z: [   33.602794] Installing knfsd (copyright (C) 1996 okir@monad.swb.de).
[STDERR  ] 2017-11-15T17:27:50.279653515Z: [   33.687406] ntfs: driver 2.1.32 [Flags: R/O MODULE].
[STDERR  ] 2017-11-15T17:27:50.279667339Z: kernel config test succeeded!
[STDERR  ] 2017-11-15T17:27:50.279681318Z: [37minfo: reading kernel config from /proc/config.gz ...[m
[STDERR  ] 2017-11-15T17:27:50.279700795Z: 
[STDERR  ] 2017-11-15T17:27:50.279720488Z: Generally Necessary:
[STDERR  ] 2017-11-15T17:27:50.27973336Z: - [37mcgroup hierarchy[m: [32mproperly mounted[m [/sys/fs/cgroup]
[STDERR  ] 2017-11-15T17:27:50.279770474Z: - [37mCONFIG_NAMESPACES[m: [32menabled[m
[STDERR  ] 2017-11-15T17:27:50.279783589Z: - [37mCONFIG_NET_NS[m: [32menabled[m
[STDERR  ] 2017-11-15T17:27:50.279797598Z: - [37mCONFIG_PID_NS[m: [32menabled[m
[STDERR  ] 2017-11-15T17:27:50.279812992Z: - [37mCONFIG_IPC_NS[m: [32menabled[m
[STDERR  ] 2017-11-15T17:27:50.279827269Z: - [37mCONFIG_UTS_NS[m: [32menabled[m
[STDERR  ] 2017-11-15T17:27:50.279839681Z: - [37mCONFIG_CGROUPS[m: [32menabled[m
[STDERR  ] 2017-11-15T17:27:50.279858627Z: - [37mCONFIG_CGROUP_CPUACCT[m: [32menabled[m
[STDERR  ] 2017-11-15T17:27:50.279870617Z: - [37mCONFIG_CGROUP_DEVICE[m: [32menabled[m
[STDERR  ] 2017-11-15T17:27:50.279885303Z: - [37mCONFIG_CGROUP_FREEZER[m: [32menabled[m
[STDERR  ] 2017-11-15T17:27:50.279897132Z: - [37mCONFIG_CGROUP_SCHED[m: [32menabled[m
[STDERR  ] 2017-11-15T17:27:50.279934124Z: - [37mCONFIG_CPUSETS[m: [32menabled[m
[STDERR  ] 2017-11-15T17:27:50.279946489Z: - [37mCONFIG_MEMCG[m: [32menabled[m
[STDERR  ] 2017-11-15T17:27:50.279958369Z: - [37mCONFIG_KEYS[m: [32menabled[m
[STDERR  ] 2017-11-15T17:27:50.279971949Z: - [37mCONFIG_VETH[m: [32menabled[m
[STDERR  ] 2017-11-15T17:27:50.279984666Z: - [37mCONFIG_BRIDGE[m: [32menabled[m
[STDERR  ] 2017-11-15T17:27:50.279999063Z: - [37mCONFIG_BRIDGE_NETFILTER[m: [32menabled[m
[STDERR  ] 2017-11-15T17:27:50.280011378Z: - [37mCONFIG_NF_NAT_IPV4[m: [32menabled[m
[STDERR  ] 2017-11-15T17:27:50.280025915Z: - [37mCONFIG_IP_NF_FILTER[m: [32menabled[m
[STDERR  ] 2017-11-15T17:27:50.28003834Z: - [37mCONFIG_IP_NF_TARGET_MASQUERADE[m: [32menabled[m
[STDERR  ] 2017-11-15T17:27:50.280052854Z: - [37mCONFIG_NETFILTER_XT_MATCH_ADDRTYPE[m: [32menabled[m
[STDERR  ] 2017-11-15T17:27:50.280065276Z: - [37mCONFIG_NETFILTER_XT_MATCH_CONNTRACK[m: [32menabled[m
[STDERR  ] 2017-11-15T17:27:50.280098541Z: - [37mCONFIG_NETFILTER_XT_MATCH_IPVS[m: [32menabled[m
[STDERR  ] 2017-11-15T17:27:50.28011311Z: - [37mCONFIG_IP_NF_NAT[m: [32menabled[m
[STDERR  ] 2017-11-15T17:27:50.280126585Z: - [37mCONFIG_NF_NAT[m: [32menabled[m
[STDERR  ] 2017-11-15T17:27:50.280140399Z: - [37mCONFIG_NF_NAT_NEEDED[m: [32menabled[m
[STDERR  ] 2017-11-15T17:27:50.280157378Z: - [37mCONFIG_POSIX_MQUEUE[m: [32menabled[m
[STDERR  ] 2017-11-15T17:27:50.280170171Z: 
[STDERR  ] 2017-11-15T17:27:50.280184813Z: Optional Features:
[STDERR  ] 2017-11-15T17:27:50.280197821Z: - [37mCONFIG_USER_NS[m: [32menabled[m
[STDERR  ] 2017-11-15T17:27:50.280211095Z: - [37mCONFIG_SECCOMP[m: [32menabled[m
[STDERR  ] 2017-11-15T17:27:50.280227457Z: - [37mCONFIG_CGROUP_PIDS[m: [32menabled[m
[STDERR  ] 2017-11-15T17:27:50.280262434Z: - [37mCONFIG_MEMCG_SWAP[m: [32menabled[m
[STDERR  ] 2017-11-15T17:27:50.280276586Z: - [37mCONFIG_MEMCG_SWAP_ENABLED[m: [32menabled[m
[STDERR  ] 2017-11-15T17:27:50.280288952Z:     [1;30m(cgroup swap accounting is currently enabled)[m
[STDERR  ] 2017-11-15T17:27:50.280303048Z: - [1mCONFIG_LEGACY_VSYSCALL_NONE[m: [1;31menabled[m
[STDERR  ] 2017-11-15T17:27:50.280318985Z:     [1;30m(containers using eglibc <= 2.13 will not work. Switch to[m
[STDERR  ] 2017-11-15T17:27:50.280333654Z:     [1;30m "CONFIG_VSYSCALL_[NATIVE|EMULATE]" or use "vsyscall=[native|emulate]"[m
[STDERR  ] 2017-11-15T17:27:50.280346544Z:     [1;30m on kernel command line. Note that this will disable ASLR for the,[m
[STDERR  ] 2017-11-15T17:27:50.28036057Z:     [1;30m VDSO which may assist in exploiting security vulnerabilities.)[m
[STDERR  ] 2017-11-15T17:27:50.280373763Z: - [37mCONFIG_BLK_CGROUP[m: [32menabled[m
[STDERR  ] 2017-11-15T17:27:50.280388391Z: - [37mCONFIG_BLK_DEV_THROTTLING[m: [32menabled[m
[STDERR  ] 2017-11-15T17:27:50.280421653Z: - [37mCONFIG_IOSCHED_CFQ[m: [32menabled[m
[STDERR  ] 2017-11-15T17:27:50.280437307Z: - [37mCONFIG_CFQ_GROUP_IOSCHED[m: [32menabled[m
[STDERR  ] 2017-11-15T17:27:50.280463349Z: - [37mCONFIG_CGROUP_PERF[m: [32menabled[m
[STDERR  ] 2017-11-15T17:27:50.280476096Z: - [37mCONFIG_CGROUP_HUGETLB[m: [32menabled[m
[STDERR  ] 2017-11-15T17:27:50.280489514Z: - [37mCONFIG_NET_CLS_CGROUP[m: [32menabled[m
[STDERR  ] 2017-11-15T17:27:50.280502497Z: - [37mCONFIG_CGROUP_NET_PRIO[m: [32menabled[m
[STDERR  ] 2017-11-15T17:27:50.28051534Z: - [37mCONFIG_CFS_BANDWIDTH[m: [32menabled[m
[STDERR  ] 2017-11-15T17:27:50.280529738Z: - [37mCONFIG_FAIR_GROUP_SCHED[m: [32menabled[m
[STDERR  ] 2017-11-15T17:27:50.280543665Z: - [37mCONFIG_RT_GROUP_SCHED[m: [32menabled[m
[STDERR  ] 2017-11-15T17:27:50.280557502Z: - [37mCONFIG_IP_VS[m: [32menabled[m
[STDERR  ] 2017-11-15T17:27:50.280591521Z: - [37mCONFIG_IP_VS_NFCT[m: [32menabled[m
[STDERR  ] 2017-11-15T17:27:50.280606069Z: - [37mCONFIG_IP_VS_RR[m: [32menabled[m
[STDERR  ] 2017-11-15T17:27:50.280618403Z: - [37mCONFIG_EXT4_FS[m: [32menabled[m
[STDERR  ] 2017-11-15T17:27:50.28063304Z: - [37mCONFIG_EXT4_FS_POSIX_ACL[m: [32menabled[m
[STDERR  ] 2017-11-15T17:27:50.280645069Z: - [37mCONFIG_EXT4_FS_SECURITY[m: [32menabled[m
[STDERR  ] 2017-11-15T17:27:50.280660436Z: - Network Drivers:
[STDERR  ] 2017-11-15T17:27:50.280672649Z:   - "[34moverlay[m":
[STDERR  ] 2017-11-15T17:27:50.280688138Z:     - [37mCONFIG_VXLAN[m: [32menabled[m
[STDERR  ] 2017-11-15T17:27:50.280703777Z:       Optional (for encrypted networks):
[STDERR  ] 2017-11-15T17:27:50.280719065Z:       - [37mCONFIG_CRYPTO[m: [32menabled[m
[STDERR  ] 2017-11-15T17:27:50.280751965Z:       - [37mCONFIG_CRYPTO_AEAD[m: [32menabled[m
[STDERR  ] 2017-11-15T17:27:50.280767429Z:       - [37mCONFIG_CRYPTO_GCM[m: [32menabled[m
[STDERR  ] 2017-11-15T17:27:50.280781068Z:       - [37mCONFIG_CRYPTO_SEQIV[m: [32menabled[m
[STDERR  ] 2017-11-15T17:27:50.280793947Z:       - [37mCONFIG_CRYPTO_GHASH[m: [32menabled[m
[STDERR  ] 2017-11-15T17:27:50.280807322Z:       - [37mCONFIG_XFRM[m: [32menabled[m
[STDERR  ] 2017-11-15T17:27:50.280826393Z:       - [37mCONFIG_XFRM_USER[m: [32menabled (as module)[m
[STDERR  ] 2017-11-15T17:27:50.280840028Z:       - [37mCONFIG_XFRM_ALGO[m: [32menabled (as module)[m
[STDERR  ] 2017-11-15T17:27:50.280853Z:       - [37mCONFIG_INET_ESP[m: [32menabled (as module)[m
[STDERR  ] 2017-11-15T17:27:50.280866636Z:       - [37mCONFIG_INET_XFRM_MODE_TRANSPORT[m: [32menabled (as module)[m
[STDERR  ] 2017-11-15T17:27:50.280880604Z:   - "[34mipvlan[m":
[STDERR  ] 2017-11-15T17:27:50.280919359Z:     - [37mCONFIG_IPVLAN[m: [32menabled[m
[STDERR  ] 2017-11-15T17:27:50.280933097Z:   - "[34mmacvlan[m":
[STDERR  ] 2017-11-15T17:27:50.280947812Z:     - [37mCONFIG_MACVLAN[m: [32menabled[m
[STDERR  ] 2017-11-15T17:27:50.280959662Z:     - [37mCONFIG_DUMMY[m: [32menabled (as module)[m
[STDERR  ] 2017-11-15T17:27:50.280973404Z:   - "[34mftp,tftp client in container[m":
[STDERR  ] 2017-11-15T17:27:50.280985543Z:     - [37mCONFIG_NF_NAT_FTP[m: [32menabled[m
[STDERR  ] 2017-11-15T17:27:50.281000991Z:     - [37mCONFIG_NF_CONNTRACK_FTP[m: [32menabled[m
[STDERR  ] 2017-11-15T17:27:50.281013237Z:     - [37mCONFIG_NF_NAT_TFTP[m: [32menabled[m
[STDERR  ] 2017-11-15T17:27:50.281028223Z:     - [37mCONFIG_NF_CONNTRACK_TFTP[m: [32menabled[m
[STDERR  ] 2017-11-15T17:27:50.281040076Z: - Storage Drivers:
[STDERR  ] 2017-11-15T17:27:50.281054779Z:   - "[34maufs[m":
[STDERR  ] 2017-11-15T17:27:50.281088568Z:     - [1mCONFIG_AUFS_FS[m: [1;31mmissing[m
[STDERR  ] 2017-11-15T17:27:50.281100623Z:   - "[34mbtrfs[m":
[STDERR  ] 2017-11-15T17:27:50.281114495Z:     - [37mCONFIG_BTRFS_FS[m: [32menabled (as module)[m
[STDERR  ] 2017-11-15T17:27:50.281126811Z:     - [37mCONFIG_BTRFS_FS_POSIX_ACL[m: [32menabled[m
[STDERR  ] 2017-11-15T17:27:50.281141379Z:   - "[34mdevicemapper[m":
[STDERR  ] 2017-11-15T17:27:50.281154977Z:     - [37mCONFIG_BLK_DEV_DM[m: [32menabled[m
[STDERR  ] 2017-11-15T17:27:50.281169145Z:     - [37mCONFIG_DM_THIN_PROVISIONING[m: [32menabled[m
[STDERR  ] 2017-11-15T17:27:50.281193683Z:   - "[34moverlay[m":
[STDERR  ] 2017-11-15T17:27:50.281207078Z:     - [37mCONFIG_OVERLAY_FS[m: [32menabled[m
[STDERR  ] 2017-11-15T17:27:50.281318682Z:   - "[34mzfs[m":
[STDERR  ] 2017-11-15T17:27:50.281337661Z:     - [1m/dev/zfs[m: [1;31mmissing[m
[STDERR  ] 2017-11-15T17:27:50.281351445Z:     - [1mzfs command[m: [1;31mmissing[m
[STDERR  ] 2017-11-15T17:27:50.281364314Z:     - [1mzpool command[m: [1;31mmissing[m
[STDERR  ] 2017-11-15T17:27:50.281378957Z: 
[STDERR  ] 2017-11-15T17:27:50.281391712Z: Limits:
[STDERR  ] 2017-11-15T17:27:50.281469429Z: [37m- /proc/sys/kernel/keys/root_maxkeys[m: [32m1000000[m
[STDERR  ] 2017-11-15T17:27:50.281489999Z: 
[STDERR  ] 2017-11-15T17:27:50.281502233Z: Kernel config test suite PASSED
[STDERR  ] 2017-11-15T17:27:50.281517629Z: [   59.151262] ACPI: Preparing to enter system sleep state S5
[STDERR  ] 2017-11-15T17:27:50.281530333Z: [   59.158106] reboot: Power down
[STDERR  ] 2017-11-15T17:27:50.281543957Z: + exit 0
[STDERR  ] 2017-11-15T17:27:50.281557585Z: + clean_up
[STDERR  ] 2017-11-15T17:27:50.28157063Z: + rm -rf kconfig-cmdline kconfig-initrd.img kconfig-kernel kconfig-state
[PASS    ] linuxkit.kernel.config_4.14.x 90.93s
